- 04:00:26 [INFO] Starting target session
- 04:00:26 [INFO] Connected to dra7xx-evm via serial 
- 04:00:26 [INFO] Host: #check prompt
- 04:00:28 [ERROR] On command: #check prompt waiting for #check prompt.+?(?-mix:((?-mix:login:)|[Pp]assword)) >>> error: execution expired
- 04:00:28 [INFO] Target: 
#check prompt
root@dra7xx-evm:/test# 
- 04:00:28 [INFO] Host: #check prompt
- 04:00:28 [INFO] Target: 
#check prompt
root@dra7xx-evm:/test# 
- 04:00:28 [INFO] Host: sync;poweroff
- 04:00:38 [INFO] Target: 
sync;poweroff
Broadcast message from root@dra7xx-evm (ttyO0) (Tue Oct  7 14:59:36 2014):
The system is going down for system halt NOW!
INIT: S[ 1673.957916] PRM: I/O chain clock line assertion timed out
[ 1674.959991] PRM: I/O chain clock line assertion timed out
Stopping Dropbear SSH server: stopped /usr/sbin/dropbear (pid 646)
dropbear.
Stopping telnet daemon.
Stopping system message bus: dbus.
hwclock: can't open '/dev/misc/rtc': No such file or directory
Error opening /dev/fb0: No such file or directory
Stopping syslogd/klogd: stopped syslogd (pid 681)
stopped klogd (pid 683)
done
Stopping thttpd.
Stopping Weston
stopping statd: done
ALSA: Storing mixer settings...
/usr/sbin/alsactl: save_state:1590: No soundcards found...
Stopping rpcbind daemon...
done.
Stopping Lighttpd Web Server: stopped /usr/sbin/lighttpd (pid 694)
lighttpd.
Deconfiguring network interfaces... ifdown: interface eth0 not configured
done.
Stopping Matrix GUI applicationstart-stop-daemon: warning: killing process 700: No such process
***************************************************************
***************************************************************
NOTICE: This file system contains the followin GPLv3 packages:
	binutils
	elfutils
	gdbserver
	libdw1
	libelf1
	parted
If you do not wish to distribute GPLv3 components please remove
the above packages prior to distribution.  This can be done using
the opkg remove command.  i.e.:
    opkg remove <package>
Where <package> is the name printed in the list above
NOTE: If the package is a dependency of another package you
      will be notified of the dependent packages.  You should
      use the --force-removal-of-dependent-packages option to
      also remove the dependent packages as well
***************************************************************
***************************************************************
Sending all processes the TERM signal...
Sending all processes the KILL signal...
Unmounting remote filesystems...
Deactivating swap...
Unmounting local filesystems...
[ 1681.075286] EXT4-fs (mmcblk1p2): re-mounted. Opts: data=ordered
[ 1683.342468] reboot: System halted
- 04:00:38 [INFO] Disconnected serial from dra7xx-evm
- 04:01:00 [INFO] Connected to dra7xx-evm via serial 
- 04:01:00 [INFO] Host: 
- 04:01:00 [ERROR] On command:  waiting for (?-mix:U-Boot#) >>> error: execution expired
- 04:01:00 [INFO] Target: 
U-Boot 2014.07-00076-g8f725ef (Oct 09 2014 - 11:19:18), Build: jenkins-system_test_testing_kernel-500
CPU  : DRA752 ES1.1
Board: DRA7xx
I2C:   ready
DRAM:  1.5 GiB
NAND:  256 MiB
MMC:   OMAP SD/MMC: 0, OMAP SD/MMC: 1
- 04:01:00 [INFO] Host: 
- 04:01:01 [INFO] Target: 
SATA link 0 timeout.
AHCI 0001.0300 32 slots 1 ports 3 Gbps 0x1 impl SATA mode
flags: 64bit ncq stag pm led clo only pmp pio slum part ccc apst 
scanning bus for devices...
Found 0 device(s).
SCSI:  Net:   cpsw
Hit any key to stop autoboot:  3  0 
U-Boot# 
- 04:01:01 [INFO] Host: 
- 04:01:01 [INFO] Target: 
U-Boot# 
- 04:01:01 [INFO] Host: version
- 04:01:02 [INFO] Target: 
version
U-Boot 2014.07-00076-g8f725ef (Oct 09 2014 - 11:19:18)
arm-linux-gnueabihf-gcc (crosstool-NG linaro-1.13.1-4.7-2013.03-20130313 - Linaro GCC 2013.03) 4.7.3 20130226 (prerelease)
GNU ld (crosstool-NG linaro-1.13.1-4.7-2013.03-20130313 - Linaro GCC 2013.03) 2.23.1
U-Boot# 
- 04:01:02 [INFO] Host: setenv bootargs 'console=ttyO0,115200n8 earlyprintk rootwait '
- 04:01:02 [INFO] Target: 
setenv bootargs 'console=ttyO0,115200n8 earlyprintk rootwait '
U-Boot# 
- 04:01:02 [INFO] Host: setenv bootcmd  ''
- 04:01:03 [INFO] Target: 
setenv bootcmd  ''
U-Boot# 
- 04:01:03 [INFO] Host: setenv autoload 'no'
- 04:01:03 [INFO] Target: 
setenv autoload 'no'
U-Boot# 
- 04:01:03 [INFO] Host: setenv serverip '192.168.0.1'
- 04:01:04 [INFO] Target: 
setenv serverip '192.168.0.1'
U-Boot# 
- 04:01:04 [INFO] Host: printenv
- 04:01:04 [INFO] Target: 
printenv
arch=arm
autoload=no
baudrate=115200
board=dra7xx
board_name=dra7xx
bootargs=console=ttyO0,115200n8 earlyprintk rootwait 
bootcmd=
bootdelay=3
bootdir=/boot
bootfile=zImage
bootm_size=0x10000000
bootpart=0:2
bootscript=echo Running bootscript from mmc${mmcdev} ...; source ${loadaddr}
console=ttyO0,115200n8
cpu=armv7
dfu_alt_info_emmc=MLO raw 0x100 0x100 mmcpart 0;u-boot.img raw 0x300 0x1000 mmcpart 0
dfu_alt_info_mmc=boot part 0 1;rootfs part 0 2;MLO fat 0 1;spl-os-args fat 0 1;spl-os-image fat 0 1;u-boot.img fat 0 1;uEnv.txt fat 0 1
dfu_alt_info_ram=kernel ram 0x80200000 0x4000000;fdt ram 0x80f80000 0x80000;ramdisk ram 0x81000000 0x4000000
dfu_bufsiz=0x10000
eth1addr=7c:66:9d:eb:fd:0f
ethact=cpsw
ethaddr=7c:66:9d:eb:fd:0e
fdt_addr_r=0x88000000
fdtaddr=0x88000000
fdtfile=undefined
findfdt=if test $board_name = omap5_uevm; then setenv fdtfile omap5-uevm.dtb; fi; if test $board_name = dra7xx; then setenv fdtfile dra7-evm.dtb; fi;if test $board_name = dra72x; then setenv fdtfile dra72-evm.dtb; fi;if test $fdtfile = undefined; then echo WARNING: Could not determine device tree to use; fi; 
importbootenv=echo Importing environment from mmc${mmcdev} ...; env import -t ${loadaddr} ${filesize}
kernel_addr_r=0x82000000
loadaddr=0x82000000
loadbootenv=fatload mmc ${mmcdev} ${loadaddr} uEnv.txt
loadbootscript=fatload mmc ${mmcdev} ${loadaddr} boot.scr
loadfdt=load mmc ${bootpart} ${fdtaddr} ${bootdir}/${fdtfile};
loadimage=load mmc ${bootpart} ${loadaddr} ${bootdir}/${bootfile}
mmcargs=setenv bootargs console=${console} ${optargs} vram=${vram} root=${mmcroot} rootfstype=${mmcrootfstype}
mmcboot=mmc dev ${mmcdev}; if mmc rescan; then echo SD/MMC found on device ${mmcdev};if run loadbootenv; then echo Loaded environment from ${bootenv};run importbootenv;fi;if test -n $uenvcmd; then echo Running uenvcmd ...;run uenvcmd;fi;if run loadimage; then run loadfdt; echo Booting from mmc${mmcdev} ...; run mmcargs; bootz ${loadaddr} - ${fdtaddr}; fi;fi;
mmcdev=0
mmcroot=/dev/mmcblk1p2 rw
mmcrootfstype=ext4 rootwait
mtdids=nand0=nand.0
mtdparts=mtdparts=nand.0:128k(NAND.SPL),128k(NAND.SPL.backup1),128k(NAND.SPL.backup2),128k(NAND.SPL.backup3),256k(NAND.u-boot-spl-os),1m(NAND.u-boot),128k(NAND.u-boot-env),128k(NAND.u-boot-env.backup1),8m(NAND.kernel),-(NAND.file-system)
nandargs=setenv bootargs console=${console} ${optargs} root=${nandroot} rootfstype=${nandrootfstype}
nandboot=echo Booting from nand ...; run nandargs; nand read ${fdtaddr} NAND.u-boot-spl-os; nand read ${loadaddr} NAND.kernel; bootz ${loadaddr} - ${fdtaddr}
nandroot=ubi0:rootfs rw ubi.mtd=NAND.file-system,4096
nandrootfstype=ubifs rootwait=1
optargs=video=HDMI-A-1:D
partitions=uuid_disk=${uuid_gpt_disk};name=rootfs,start=2MiB,size=-,uuid=${uuid_gpt_rootfs}
ramdisk_addr_r=0x88080000
rdaddr=0x88080000
scsidevs=0
serverip=192.168.0.1
soc=omap5
stderr=serial
stdin=serial
stdout=serial
usbtty=cdc_acm
vendor=ti
ver=U-Boot 2014.07-00076-g8f725ef (Oct 09 2014 - 11:19:18)
vram=16M
Environment size: 3084/131067 bytes
U-Boot# 
- 04:01:04 [INFO] Host: printenv
- 04:01:05 [INFO] Target: 
printenv
arch=arm
autoload=no
baudrate=115200
board=dra7xx
board_name=dra7xx
bootargs=console=ttyO0,115200n8 earlyprintk rootwait 
bootcmd=
bootdelay=3
bootdir=/boot
bootfile=zImage
bootm_size=0x10000000
bootpart=0:2
bootscript=echo Running bootscript from mmc${mmcdev} ...; source ${loadaddr}
console=ttyO0,115200n8
cpu=armv7
dfu_alt_info_emmc=MLO raw 0x100 0x100 mmcpart 0;u-boot.img raw 0x300 0x1000 mmcpart 0
dfu_alt_info_mmc=boot part 0 1;rootfs part 0 2;MLO fat 0 1;spl-os-args fat 0 1;spl-os-image fat 0 1;u-boot.img fat 0 1;uEnv.txt fat 0 1
dfu_alt_info_ram=kernel ram 0x80200000 0x4000000;fdt ram 0x80f80000 0x80000;ramdisk ram 0x81000000 0x4000000
dfu_bufsiz=0x10000
eth1addr=7c:66:9d:eb:fd:0f
ethact=cpsw
ethaddr=7c:66:9d:eb:fd:0e
fdt_addr_r=0x88000000
fdtaddr=0x88000000
fdtfile=undefined
findfdt=if test $board_name = omap5_uevm; then setenv fdtfile omap5-uevm.dtb; fi; if test $board_name = dra7xx; then setenv fdtfile dra7-evm.dtb; fi;if test $board_name = dra72x; then setenv fdtfile dra72-evm.dtb; fi;if test $fdtfile = undefined; then echo WARNING: Could not determine device tree to use; fi; 
importbootenv=echo Importing environment from mmc${mmcdev} ...; env import -t ${loadaddr} ${filesize}
kernel_addr_r=0x82000000
loadaddr=0x82000000
loadbootenv=fatload mmc ${mmcdev} ${loadaddr} uEnv.txt
loadbootscript=fatload mmc ${mmcdev} ${loadaddr} boot.scr
loadfdt=load mmc ${bootpart} ${fdtaddr} ${bootdir}/${fdtfile};
loadimage=load mmc ${bootpart} ${loadaddr} ${bootdir}/${bootfile}
mmcargs=setenv bootargs console=${console} ${optargs} vram=${vram} root=${mmcroot} rootfstype=${mmcrootfstype}
mmcboot=mmc dev ${mmcdev}; if mmc rescan; then echo SD/MMC found on device ${mmcdev};if run loadbootenv; then echo Loaded environment from ${bootenv};run importbootenv;fi;if test -n $uenvcmd; then echo Running uenvcmd ...;run uenvcmd;fi;if run loadimage; then run loadfdt; echo Booting from mmc${mmcdev} ...; run mmcargs; bootz ${loadaddr} - ${fdtaddr}; fi;fi;
mmcdev=0
mmcroot=/dev/mmcblk1p2 rw
mmcrootfstype=ext4 rootwait
mtdids=nand0=nand.0
mtdparts=mtdparts=nand.0:128k(NAND.SPL),128k(NAND.SPL.backup1),128k(NAND.SPL.backup2),128k(NAND.SPL.backup3),256k(NAND.u-boot-spl-os),1m(NAND.u-boot),128k(NAND.u-boot-env),128k(NAND.u-boot-env.backup1),8m(NAND.kernel),-(NAND.file-system)
nandargs=setenv bootargs console=${console} ${optargs} root=${nandroot} rootfstype=${nandrootfstype}
nandboot=echo Booting from nand ...; run nandargs; nand read ${fdtaddr} NAND.u-boot-spl-os; nand read ${loadaddr} NAND.kernel; bootz ${loadaddr} - ${fdtaddr}
nandroot=ubi0:rootfs rw ubi.mtd=NAND.file-system,4096
nandrootfstype=ubifs rootwait=1
optargs=video=HDMI-A-1:D
partitions=uuid_disk=${uuid_gpt_disk};name=rootfs,start=2MiB,size=-,uuid=${uuid_gpt_rootfs}
ramdisk_addr_r=0x88080000
rdaddr=0x88080000
scsidevs=0
serverip=192.168.0.1
soc=omap5
stderr=serial
stdin=serial
stdout=serial
usbtty=cdc_acm
vendor=ti
ver=U-Boot 2014.07-00076-g8f725ef (Oct 09 2014 - 11:19:18)
vram=16M
Environment size: 3084/131067 bytes
U-Boot# 
- 04:01:05 [INFO] Host: setenv bootargs ''${bootargs}' ip=dhcp '
- 04:01:05 [INFO] Target: 
setenv bootargs ''${bootargs}' ip=dhcp '
U-Boot# 
- 04:01:05 [INFO] Host: setenv serverip '192.168.0.1'
- 04:01:06 [INFO] Target: 
setenv serverip '192.168.0.1'
U-Boot# 
- 04:01:06 [INFO] Host: setenv ipaddr dhcp
- 04:01:06 [INFO] Target: 
setenv ipaddr dhcp
U-Boot# 
- 04:01:06 [INFO] Host: setenv autoload 'no'
- 04:01:07 [INFO] Target: 
setenv autoload 'no'
U-Boot# 
- 04:01:07 [INFO] Host: dhcp
- 04:01:08 [INFO] Target: 
dhcp
link up on port 0, speed 1000, full duplex
BOOTP broadcast 1
DHCP client bound to address 192.168.0.232
U-Boot# 
- 04:01:08 [INFO] Host: setenv serverip '192.168.0.1'
- 04:01:09 [INFO] Target: 
setenv serverip '192.168.0.1'
U-Boot# 
- 04:01:09 [INFO] Host: tftp ${loadaddr} 192.168.0.1:vatf_dra7xx-evm1/7ea438ac6c56ec8410f37d205410bfee
- 04:01:09 [INFO] Target: 
tftp ${loadaddr} 192.168.0.1:vatf_dra7xx-evm1/7ea438ac6c56ec8410f37d205410bfee
link up on port 0, speed 1000, full duplex
Using cpsw device
TFTP from server 192.168.0.1; our IP address is 192.168.0.232
Filename 'vatf_dra7xx-evm1/7ea438ac6c56ec8410f37d205410bfee'.
Load address: 0x82000000
Loading: *#################################################################
	 #################################################################
	 #################################################################
	 #################################################################
	 #################################################################
	 ####################################
	 11 MiB/s
done
Bytes transferred = 5294528 (50c9c0 hex)
U-Boot# 
- 04:01:09 [INFO] Host: tftp ${fdt_addr_r} 192.168.0.1:vatf_dra7xx-evm1/7d67740e0ab121ac4d9c3542f3735e19
- 04:01:10 [INFO] Target: 
tftp ${fdt_addr_r} 192.168.0.1:vatf_dra7xx-evm1/7d67740e0ab121ac4d9c3542f3735e19
link up on port 0, speed 1000, full duplex
Using cpsw device
TFTP from server 192.168.0.1; our IP address is 192.168.0.232
Filename 'vatf_dra7xx-evm1/7d67740e0ab121ac4d9c3542f3735e19'.
Load address: 0x88000000
Loading: *#####
	 9.1 MiB/s
done
Bytes transferred = 66431 (1037f hex)
U-Boot# 
- 04:01:10 [INFO] Host: ls mmc 0:1
- 04:01:10 [INFO] Target: 
ls mmc 0:1
    73648   mlo 
   433144   u-boot.img 
2 file(s), 0 dir(s)
U-Boot# 
- 04:01:10 [INFO] Host: ls mmc 0:2
- 04:01:11 [INFO] Target: 
ls mmc 0:2
<DIR>       4096 .
<DIR>       4096 ..
<DIR>      16384 lost+found
<DIR>       4096 bin
<DIR>       4096 boot
<DIR>       4096 dev
<DIR>       4096 etc
<DIR>       4096 home
<DIR>       4096 lib
<DIR>       4096 media
<DIR>       4096 mnt
<DIR>       4096 opt
<DIR>       4096 proc
<DIR>       4096 run
<DIR>       4096 sbin
<DIR>       4096 srv
<DIR>       4096 sys
<DIR>       4096 test
<SYM>          8 tmp
<DIR>       4096 usr
<DIR>       4096 var
<DIR>       4096 www
U-Boot# 
- 04:01:11 [INFO] Host: part uuid mmc 0:2
- 04:01:11 [INFO] Target: 
part uuid mmc 0:2
00000000-02
U-Boot# 
- 04:01:11 [INFO] Host: printenv
- 04:01:12 [INFO] Target: 
printenv
arch=arm
autoload=no
baudrate=115200
board=dra7xx
board_name=dra7xx
bootargs=console=ttyO0,115200n8 earlyprintk rootwait  ip=dhcp 
bootcmd=
bootdelay=3
bootdir=/boot
bootfile=zImage
bootm_size=0x10000000
bootpart=0:2
bootscript=echo Running bootscript from mmc${mmcdev} ...; source ${loadaddr}
console=ttyO0,115200n8
cpu=armv7
dfu_alt_info_emmc=MLO raw 0x100 0x100 mmcpart 0;u-boot.img raw 0x300 0x1000 mmcpart 0
dfu_alt_info_mmc=boot part 0 1;rootfs part 0 2;MLO fat 0 1;spl-os-args fat 0 1;spl-os-image fat 0 1;u-boot.img fat 0 1;uEnv.txt fat 0 1
dfu_alt_info_ram=kernel ram 0x80200000 0x4000000;fdt ram 0x80f80000 0x80000;ramdisk ram 0x81000000 0x4000000
dfu_bufsiz=0x10000
dnsip=192.0.2.2
dnsip2=192.0.2.3
eth1addr=7c:66:9d:eb:fd:0f
ethact=cpsw
ethaddr=7c:66:9d:eb:fd:0e
fdt_addr_r=0x88000000
fdtaddr=0x88000000
fdtfile=undefined
fileaddr=88000000
filesize=1037f
findfdt=if test $board_name = omap5_uevm; then setenv fdtfile omap5-uevm.dtb; fi; if test $board_name = dra7xx; then setenv fdtfile dra7-evm.dtb; fi;if test $board_name = dra72x; then setenv fdtfile dra72-evm.dtb; fi;if test $fdtfile = undefined; then echo WARNING: Could not determine device tree to use; fi; 
gatewayip=192.168.0.1
importbootenv=echo Importing environment from mmc${mmcdev} ...; env import -t ${loadaddr} ${filesize}
ipaddr=192.168.0.232
kernel_addr_r=0x82000000
loadaddr=0x82000000
loadbootenv=fatload mmc ${mmcdev} ${loadaddr} uEnv.txt
loadbootscript=fatload mmc ${mmcdev} ${loadaddr} boot.scr
loadfdt=load mmc ${bootpart} ${fdtaddr} ${bootdir}/${fdtfile};
loadimage=load mmc ${bootpart} ${loadaddr} ${bootdir}/${bootfile}
mmcargs=setenv bootargs console=${console} ${optargs} vram=${vram} root=${mmcroot} rootfstype=${mmcrootfstype}
mmcboot=mmc dev ${mmcdev}; if mmc rescan; then echo SD/MMC found on device ${mmcdev};if run loadbootenv; then echo Loaded environment from ${bootenv};run importbootenv;fi;if test -n $uenvcmd; then echo Running uenvcmd ...;run uenvcmd;fi;if run loadimage; then run loadfdt; echo Booting from mmc${mmcdev} ...; run mmcargs; bootz ${loadaddr} - ${fdtaddr}; fi;fi;
mmcdev=0
mmcroot=/dev/mmcblk1p2 rw
mmcrootfstype=ext4 rootwait
mtdids=nand0=nand.0
mtdparts=mtdparts=nand.0:128k(NAND.SPL),128k(NAND.SPL.backup1),128k(NAND.SPL.backup2),128k(NAND.SPL.backup3),256k(NAND.u-boot-spl-os),1m(NAND.u-boot),128k(NAND.u-boot-env),128k(NAND.u-boot-env.backup1),8m(NAND.kernel),-(NAND.file-system)
nandargs=setenv bootargs console=${console} ${optargs} root=${nandroot} rootfstype=${nandrootfstype}
nandboot=echo Booting from nand ...; run nandargs; nand read ${fdtaddr} NAND.u-boot-spl-os; nand read ${loadaddr} NAND.kernel; bootz ${loadaddr} - ${fdtaddr}
nandroot=ubi0:rootfs rw ubi.mtd=NAND.file-system,4096
nandrootfstype=ubifs rootwait=1
netmask=255.255.255.0
optargs=video=HDMI-A-1:D
partitions=uuid_disk=${uuid_gpt_disk};name=rootfs,start=2MiB,size=-,uuid=${uuid_gpt_rootfs}
ramdisk_addr_r=0x88080000
rdaddr=0x88080000
scsidevs=0
serverip=192.168.0.1
soc=omap5
stderr=serial
stdin=serial
stdout=serial
usbtty=cdc_acm
vendor=ti
ver=U-Boot 2014.07-00076-g8f725ef (Oct 09 2014 - 11:19:18)
vram=16M
Environment size: 3238/131067 bytes
U-Boot# 
- 04:01:12 [INFO] Host: setenv bootargs ''${bootargs}' root=PARTUUID=00000000-02 rw rootfstype=ext4 rootwait '
- 04:01:12 [INFO] Target: 
setenv bootargs ''${bootargs}' root=PARTUUID=00000000-02 rw rootfstype=ext4 rootwait '
U-Boot# 
- 04:01:12 [INFO] Host: printenv
- 04:01:13 [INFO] Target: 
printenv
arch=arm
autoload=no
baudrate=115200
board=dra7xx
board_name=dra7xx
bootargs=console=ttyO0,115200n8 earlyprintk rootwait  ip=dhcp  root=PARTUUID=00000000-02 rw rootfstype=ext4 rootwait 
bootcmd=
bootdelay=3
bootdir=/boot
bootfile=zImage
bootm_size=0x10000000
bootpart=0:2
bootscript=echo Running bootscript from mmc${mmcdev} ...; source ${loadaddr}
console=ttyO0,115200n8
cpu=armv7
dfu_alt_info_emmc=MLO raw 0x100 0x100 mmcpart 0;u-boot.img raw 0x300 0x1000 mmcpart 0
dfu_alt_info_mmc=boot part 0 1;rootfs part 0 2;MLO fat 0 1;spl-os-args fat 0 1;spl-os-image fat 0 1;u-boot.img fat 0 1;uEnv.txt fat 0 1
dfu_alt_info_ram=kernel ram 0x80200000 0x4000000;fdt ram 0x80f80000 0x80000;ramdisk ram 0x81000000 0x4000000
dfu_bufsiz=0x10000
dnsip=192.0.2.2
dnsip2=192.0.2.3
eth1addr=7c:66:9d:eb:fd:0f
ethact=cpsw
ethaddr=7c:66:9d:eb:fd:0e
fdt_addr_r=0x88000000
fdtaddr=0x88000000
fdtfile=undefined
fileaddr=88000000
filesize=1037f
findfdt=if test $board_name = omap5_uevm; then setenv fdtfile omap5-uevm.dtb; fi; if test $board_name = dra7xx; then setenv fdtfile dra7-evm.dtb; fi;if test $board_name = dra72x; then setenv fdtfile dra72-evm.dtb; fi;if test $fdtfile = undefined; then echo WARNING: Could not determine device tree to use; fi; 
gatewayip=192.168.0.1
importbootenv=echo Importing environment from mmc${mmcdev} ...; env import -t ${loadaddr} ${filesize}
ipaddr=192.168.0.232
kernel_addr_r=0x82000000
loadaddr=0x82000000
loadbootenv=fatload mmc ${mmcdev} ${loadaddr} uEnv.txt
loadbootscript=fatload mmc ${mmcdev} ${loadaddr} boot.scr
loadfdt=load mmc ${bootpart} ${fdtaddr} ${bootdir}/${fdtfile};
loadimage=load mmc ${bootpart} ${loadaddr} ${bootdir}/${bootfile}
mmcargs=setenv bootargs console=${console} ${optargs} vram=${vram} root=${mmcroot} rootfstype=${mmcrootfstype}
mmcboot=mmc dev ${mmcdev}; if mmc rescan; then echo SD/MMC found on device ${mmcdev};if run loadbootenv; then echo Loaded environment from ${bootenv};run importbootenv;fi;if test -n $uenvcmd; then echo Running uenvcmd ...;run uenvcmd;fi;if run loadimage; then run loadfdt; echo Booting from mmc${mmcdev} ...; run mmcargs; bootz ${loadaddr} - ${fdtaddr}; fi;fi;
mmcdev=0
mmcroot=/dev/mmcblk1p2 rw
mmcrootfstype=ext4 rootwait
mtdids=nand0=nand.0
mtdparts=mtdparts=nand.0:128k(NAND.SPL),128k(NAND.SPL.backup1),128k(NAND.SPL.backup2),128k(NAND.SPL.backup3),256k(NAND.u-boot-spl-os),1m(NAND.u-boot),128k(NAND.u-boot-env),128k(NAND.u-boot-env.backup1),8m(NAND.kernel),-(NAND.file-system)
nandargs=setenv bootargs console=${console} ${optargs} root=${nandroot} rootfstype=${nandrootfstype}
nandboot=echo Booting from nand ...; run nandargs; nand read ${fdtaddr} NAND.u-boot-spl-os; nand read ${loadaddr} NAND.kernel; bootz ${loadaddr} - ${fdtaddr}
nandroot=ubi0:rootfs rw ubi.mtd=NAND.file-system,4096
nandrootfstype=ubifs rootwait=1
netmask=255.255.255.0
optargs=video=HDMI-A-1:D
partitions=uuid_disk=${uuid_gpt_disk};name=rootfs,start=2MiB,size=-,uuid=${uuid_gpt_rootfs}
ramdisk_addr_r=0x88080000
rdaddr=0x88080000
scsidevs=0
serverip=192.168.0.1
soc=omap5
stderr=serial
stdin=serial
stdout=serial
usbtty=cdc_acm
vendor=ti
ver=U-Boot 2014.07-00076-g8f725ef (Oct 09 2014 - 11:19:18)
vram=16M
Environment size: 3293/131067 bytes
U-Boot# 
- 04:01:13 [INFO] Host: setenv bootcmd ''${bootcmd}' if iminfo ${loadaddr}; then bootm ${loadaddr} - ${fdt_addr_r}; else bootz ${loadaddr} - ${fdt_addr_r}; bootm ${loadaddr} - ${fdt_addr_r}; fi'
- 04:01:13 [INFO] Target: 
setenv bootcmd ''${bootcmd}' if iminfo ${loadaddr}; then bootm ${loadaddr} - ${fdt_addr_r}; else bootz ${loadaddr} - ${fdt_addr_r}; bootm ${loadaddr} - ${fdt_addr_r}; fi'
U-Boot# 
- 04:01:13 [INFO] Host: bdinfo
- 04:01:14 [INFO] Target: 
bdinfo
arch_number = 0x00000000
boot_params = 0x80000100
DRAM bank   = 0x00000000
-> start    = 0x80000000
-> size     = 0x60000000
eth0name    = cpsw
ethaddr     = 7c:66:9d:eb:fd:0e
current eth = cpsw
ip_addr     = 192.168.0.232
baudrate    = 115200 bps
TLB addr    = 0xDFFF0000
relocaddr   = 0xDF744000
reloc off   = 0x5EF44000
irq_sp      = 0xDE723EE0
sp start    = 0xDE723ED0
U-Boot# 
- 04:01:14 [INFO] Host: boot
- 04:01:36 [INFO] Target: 
boot
## Checking Image at 82000000 ...
Unknown image format!
Kernel image @ 0x82000000 [ 0x000000 - 0x50c9c0 ]
## Flattened Device Tree blob at 88000000
   Booting using the fdt blob at 0x88000000
   Loading Device Tree to 8ffec000, end 8ffff37e ... OK
Starting kernel ...
[    0.000000] Booting Linux on physical CPU 0x0
[    0.000000] Linux version 3.18.0-rc2-00002-gcbe5840 (nmenon@kahuna) (gcc version 4.6.3 (Ubuntu/Linaro 4.6.3-1ubuntu5) ) #1 SMP Mon Oct 27 02:56:12 CDT 2014
[    0.000000] CPU: ARMv7 Processor [412fc0f2] revision 2 (ARMv7), cr=30c5387d
[    0.000000] CPU: PIPT / VIPT nonaliasing data cache, PIPT instruction cache
[    0.000000] Machine model: TI DRA742
[    0.000000] cma: Reserved 64 MiB at db800000
[    0.000000] Forcing write-allocate cache policy for SMP
[    0.000000] Memory policy: Data cache writealloc
[    0.000000] DRA752 ES1.1
[    0.000000] PERCPU: Embedded 10 pages/cpu @eeba5000 s8512 r8192 d24256 u40960
[    0.000000] Built 1 zonelists in Zone order, mobility grouping on.  Total pages: 391184
[    0.000000] Kernel command line: console=ttyO0,115200n8 earlyprintk rootwait  ip=dhcp  root=PARTUUID=00000000-02 rw rootfstype=ext4 rootwait 
[    0.000000] PID hash table entries: 4096 (order: 2, 16384 bytes)
[    0.000000] Dentry cache hash table entries: 131072 (order: 7, 524288 bytes)
[    0.000000] Inode-cache hash table entries: 65536 (order: 6, 262144 bytes)
[    0.000000] Memory: 1480104K/1570816K available (6900K kernel code, 935K rwdata, 2776K rodata, 728K init, 312K bss, 90712K reserved, 727040K highmem)
[    0.000000] Virtual kernel memory layout:
[    0.000000]     vector  : 0xffff0000 - 0xffff1000   (   4 kB)
[    0.000000]     fixmap  : 0xffc00000 - 0xffe00000   (2048 kB)
[    0.000000]     vmalloc : 0xf0000000 - 0xff000000   ( 240 MB)
[    0.000000]     lowmem  : 0xc0000000 - 0xef800000   ( 760 MB)
[    0.000000]     pkmap   : 0xbfe00000 - 0xc0000000   (   2 MB)
[    0.000000]     modules : 0xbf000000 - 0xbfe00000   (  14 MB)
[    0.000000]       .text : 0xc0208000 - 0xc0b7b458   (9678 kB)
[    0.000000]       .init : 0xc0b7c000 - 0xc0c32000   ( 728 kB)
[    0.000000]       .data : 0xc0c32000 - 0xc0d1be80   ( 936 kB)
[    0.000000]        .bss : 0xc0d1be80 - 0xc0d69f60   ( 313 kB)
[    0.000000] SLUB: HWalign=64, Order=0-3, MinObjects=0, CPUs=2, Nodes=1
[    0.000000] Hierarchical RCU implementation.
[    0.000000] 	RCU restricting CPUs from NR_CPUS=8 to nr_cpu_ids=2.
[    0.000000] RCU: Adjusting geometry for rcu_fanout_leaf=16, nr_cpu_ids=2
[    0.000000] NR_IRQS:16 nr_irqs:16 16
[    0.000000] omap3_noncore_dpll_set_rate: dpll_gpu_ck: final rate 22574257 does not match desired rate 22579200
[    0.000000] OMAP clockevent source: timer1 at 32768 Hz
[    0.000000] sched_clock: 32 bits at 32kHz, resolution 30517ns, wraps every 65536000000000ns
[    0.000030] OMAP clocksource: 32k_counter at 32768 Hz
[    0.004394] Console: colour dummy device 80x30
[    0.004425] Calibrating delay loop... 1992.29 BogoMIPS (lpj=4980736)
[    0.020294] pid_max: default: 32768 minimum: 301
[    0.020416] Mount-cache hash table entries: 2048 (order: 1, 8192 bytes)
[    0.020416] Mountpoint-cache hash table entries: 2048 (order: 1, 8192 bytes)
[    0.020812] CPU: Testing write buffer coherency: ok
[    0.020965] /cpus/cpu@0 missing clock-frequency property
[    0.020996] /cpus/cpu@1 missing clock-frequency property
[    0.020996] CPU0: thread -1, cpu 0, socket 0, mpidr 80000000
[    0.021057] Setting up static identity map for 0x808860d8 - 0x80886170
[    0.023345] CPU1: Booted secondary processor
[    0.040313] CPU1: thread -1, cpu 1, socket 0, mpidr 80000001
[    0.040374] Brought up 2 CPUs
[    0.040374] SMP: Total of 2 processors activated.
[    0.040405] CPU: All CPU(s) started in SVC mode.
[    0.040740] devtmpfs: initialized
[    0.041381] VFP support v0.3: implementor 41 architecture 4 part 30 variant f rev 0
[    0.041412] omap_hwmod: l3_main_2 using broken dt data from ocp
[    0.047851] ------------[ cut here ]------------
[    0.047851] WARNING: CPU: 0 PID: 1 at arch/arm/mach-omap2/omap_hwmod.c:2542 _init+0x1c4/0x3dc()
[    0.047851] omap_hwmod: gmac: doesn't have mpu register target base
[    0.047851] Modules linked in:
[    0.047882] CPU: 0 PID: 1 Comm: swapper/0 Not tainted 3.18.0-rc2-00002-gcbe5840 #1
[    0.047912] [<c0215b44>] (unwind_backtrace) from [<c021145c>] (show_stack+0x10/0x14)
[    0.047912] [<c021145c>] (show_stack) from [<c088142c>] (dump_stack+0x70/0x8c)
[    0.047943] [<c088142c>] (dump_stack) from [<c02485a8>] (warn_slowpath_common+0x64/0x84)
[    0.047943] [<c02485a8>] (warn_slowpath_common) from [<c024865c>] (warn_slowpath_fmt+0x30/0x40)
[    0.047943] [<c024865c>] (warn_slowpath_fmt) from [<c0b98ce4>] (_init+0x1c4/0x3dc)
[    0.047973] [<c0b98ce4>] (_init) from [<c022f6f8>] (omap_hwmod_for_each+0x34/0x5c)
[    0.047973] [<c022f6f8>] (omap_hwmod_for_each) from [<c0b99398>] (__omap_hwmod_setup_all+0x24/0x40)
[    0.048004] [<c0b99398>] (__omap_hwmod_setup_all) from [<c0208ce4>] (do_one_initcall+0x80/0x1c4)
[    0.048004] [<c0208ce4>] (do_one_initcall) from [<c0b7cd44>] (kernel_init_freeable+0x100/0x1cc)
[    0.048034] [<c0b7cd44>] (kernel_init_freeable) from [<c087cb54>] (kernel_init+0x8/0xe4)
[    0.048034] [<c087cb54>] (kernel_init) from [<c020e7b8>] (ret_from_fork+0x14/0x3c)
[    0.048034] ---[ end trace f53349b7f48b28a5 ]---
[    0.069061] ------------[ cut here ]------------
[    0.069061] WARNING: CPU: 0 PID: 1 at arch/arm/mach-omap2/omap_hwmod.c:2542 _init+0x1c4/0x3dc()
[    0.069091] omap_hwmod: rtcss: doesn't have mpu register target base
[    0.069091] Modules linked in:
[    0.069091] CPU: 0 PID: 1 Comm: swapper/0 Tainted: G        W      3.18.0-rc2-00002-gcbe5840 #1
[    0.069122] [<c0215b44>] (unwind_backtrace) from [<c021145c>] (show_stack+0x10/0x14)
[    0.069122] [<c021145c>] (show_stack) from [<c088142c>] (dump_stack+0x70/0x8c)
[    0.069122] [<c088142c>] (dump_stack) from [<c02485a8>] (warn_slowpath_common+0x64/0x84)
[    0.069152] [<c02485a8>] (warn_slowpath_common) from [<c024865c>] (warn_slowpath_fmt+0x30/0x40)
[    0.069152] [<c024865c>] (warn_slowpath_fmt) from [<c0b98ce4>] (_init+0x1c4/0x3dc)
[    0.069152] [<c0b98ce4>] (_init) from [<c022f6f8>] (omap_hwmod_for_each+0x34/0x5c)
[    0.069183] [<c022f6f8>] (omap_hwmod_for_each) from [<c0b99398>] (__omap_hwmod_setup_all+0x24/0x40)
[    0.069183] [<c0b99398>] (__omap_hwmod_setup_all) from [<c0208ce4>] (do_one_initcall+0x80/0x1c4)
[    0.069213] [<c0208ce4>] (do_one_initcall) from [<c0b7cd44>] (kernel_init_freeable+0x100/0x1cc)
[    0.069213] [<c0b7cd44>] (kernel_init_freeable) from [<c087cb54>] (kernel_init+0x8/0xe4)
[    0.069213] [<c087cb54>] (kernel_init) from [<c020e7b8>] (ret_from_fork+0x14/0x3c)
[    0.069244] ---[ end trace f53349b7f48b28a6 ]---
[    0.090209] omap_hwmod: dss_core: _wait_target_disable failed
[    0.090240] omap_hwmod: dss_core: cannot be enabled for reset (3)
[    0.092864] omap_hwmod: dss_dispc: cannot be enabled for reset (3)
[    0.095489] omap_hwmod: dss_hdmi: cannot be enabled for reset (3)
[    0.167327] omap_hwmod: pcie1: _wait_target_disable failed
[    0.173858] omap_hwmod: pcie2: _wait_target_disable failed
[    0.176086] pinctrl core: initialized pinctrl subsystem
[    0.176422] regulator-dummy: no parameters
[    0.191314] NET: Registered protocol family 16
[    0.192810] DMA: preallocated 256 KiB pool for atomic coherent allocations
[    0.205535] cpuidle: using governor ladder
[    0.220550] cpuidle: using governor menu
[    0.223907] OMAP GPIO hardware version 0.1
[    0.227264] irq: no irq domain found for /ocp/pinmux@4a003400 !
[    0.230285] platform 4e000000.dmm: Cannot lookup hwmod 'dmm'
[    0.234649] omap-gpmc 50000000.gpmc: could not find pctldev for node /ocp/pinmux@4a003400/nand_flash_x16, deferring probe
[    0.234649] platform 50000000.gpmc: Driver omap-gpmc requests probe deferral
[    0.235778] No ATAGs?
[    0.235809] hw-breakpoint: found 5 (+1 reserved) breakpoint and 4 watchpoint registers.
[    0.235809] hw-breakpoint: maximum watchpoint size is 8 bytes.
[    0.235961] EXYNOS: PMU not supported
[    0.237060] OMAP DMA hardware revision 0.0
[    0.238647] Serial: AMBA PL011 UART driver
[    0.258575] edma-dma-engine edma-dma-engine.0: Can't allocate PaRAM dummy slot
[    0.258605] edma-dma-engine: probe of edma-dma-engine.0 failed with error -22
[    0.267089] omap-dma-engine 4a056000.dma-controller: OMAP DMA engine driver
[    0.267425] mmc2_3v3: 3300 mV 
[    0.267669] vtt_fixed: 1350 mV 
[    0.269500] vgaarb: loaded
[    0.269989] SCSI subsystem initialized
[    0.270324] usbcore: registered new interface driver usbfs
[    0.270355] usbcore: registered new interface driver hub
[    0.270416] usbcore: registered new device driver usb
[    0.270935] omap_i2c 48070000.i2c: could not find pctldev for node /ocp/pinmux@4a003400/pinmux_i2c1_pins, deferring probe
[    0.270935] platform 48070000.i2c: Driver omap_i2c requests probe deferral
[    0.270965] omap_i2c 48072000.i2c: could not find pctldev for node /ocp/pinmux@4a003400/pinmux_i2c2_pins, deferring probe
[    0.270965] platform 48072000.i2c: Driver omap_i2c requests probe deferral
[    0.270996] omap_i2c 48060000.i2c: could not find pctldev for node /ocp/pinmux@4a003400/pinmux_i2c3_pins, deferring probe
[    0.270996] platform 48060000.i2c: Driver omap_i2c requests probe deferral
[    0.271209] Linux video capture interface: v2.00
[    0.271270] pps_core: LinuxPPS API ver. 1 registered
[    0.271270] pps_core: Software ver. 5.3.6 - Copyright 2005-2007 Rodolfo Giometti <giometti@linux.it>
[    0.271301] PTP clock support registered
[    0.271453] EDAC MC: Ver: 3.0.0
[    0.272064] Advanced Linux Sound Architecture Driver Initialized.
[    0.272827] Switched to clocksource 32k_counter
[    0.280670] NET: Registered protocol family 2
[    0.281066] TCP established hash table entries: 8192 (order: 3, 32768 bytes)
[    0.281127] TCP bind hash table entries: 8192 (order: 4, 65536 bytes)
[    0.281249] TCP: Hash tables configured (established 8192 bind 8192)
[    0.281311] TCP: reno registered
[    0.281311] UDP hash table entries: 512 (order: 2, 16384 bytes)
[    0.281341] UDP-Lite hash table entries: 512 (order: 2, 16384 bytes)
[    0.281463] NET: Registered protocol family 1
[    0.281646] RPC: Registered named UNIX socket transport module.
[    0.281646] RPC: Registered udp transport module.
[    0.281677] RPC: Registered tcp transport module.
[    0.281677] RPC: Registered tcp NFSv4.1 backchannel transport module.
[    0.282348] hw perfevents: enabled with armv7_cortex_a15 PMU driver, 7 counters available
[    0.283721] futex hash table entries: 512 (order: 3, 32768 bytes)
[    0.292755] squashfs: version 4.0 (2009/01/31) Phillip Lougher
[    0.293334] NFS: Registering the id_resolver key type
[    0.293334] Key type id_resolver registered
[    0.293365] Key type id_legacy registered
[    0.293395] msgmni has been set to 1470
[    0.293731] bounce: pool size: 64 pages
[    0.293884] Block layer SCSI generic (bsg) driver version 0.4 loaded (major 249)
[    0.293884] io scheduler noop registered
[    0.293914] io scheduler deadline registered
[    0.294036] io scheduler cfq registered (default)
[    0.296295] platform 4a084000.phy: Driver omap-usb2 requests probe deferral
[    0.296386] platform 4a085000.phy: Driver omap-usb2 requests probe deferral
[    0.298431] pinctrl-single 4a003400.pinmux: 281 pins at pa fc003400 size 1124
[    0.344726] Serial: 8250/16550 driver, 4 ports, IRQ sharing disabled
[    0.346130] Serial: IMX driver
[    0.346527] msm_serial: driver initialized
[    0.347076] omap_uart 4806a000.serial: ttyO0 at MMIO 0x4806a000 (irq = 295, base_baud = 3000000) is a OMAP UART0
[    1.407379] console [ttyO0] enabled
[    1.411376] omap_uart 4806c000.serial: no wakeirq for uart0
[    1.417297] omap_uart 4806c000.serial: ttyO1 at MMIO 0x4806c000 (irq = 296, base_baud = 3000000) is a OMAP UART1
[    1.428253] omap_uart 48020000.serial: no wakeirq for uart0
[    1.434173] omap_uart 48020000.serial: ttyO2 at MMIO 0x48020000 (irq = 297, base_baud = 3000000) is a OMAP UART2
[    1.445129] STMicroelectronics ASC driver initialized
[    1.451110] serial: Freescale lpuart driver
[    1.455657] [drm] Initialized drm 1.1.0 20060810
[    1.464996] loop: module loaded
[    1.469390] ahci 4a140000.sata: SSS flag set, parallel bus scan disabled
[    1.476440] ahci 4a140000.sata: AHCI 0001.0300 32 slots 1 ports 3 Gbps 0x1 impl platform mode
[    1.485412] ahci 4a140000.sata: flags: 64bit ncq sntf stag pm led clo only pmp pio slum part ccc apst 
[    1.495971] scsi host0: ahci_platform
[    1.500061] ata1: SATA max UDMA/133 mmio [mem 0x4a140000-0x4a1410ff] port 0x100 irq 318
[    1.511688] CAN device driver interface
[    1.516479] igb: Intel(R) Gigabit Ethernet Network Driver - version 5.2.15-k
[    1.523895] igb: Copyright (c) 2007-2014 Intel Corporation.
[    1.531036] pegasus: v0.9.3 (2013/04/25), Pegasus/Pegasus II USB Ethernet driver
[    1.538818] usbcore: registered new interface driver pegasus
[    1.544799] usbcore: registered new interface driver asix
[    1.550506] usbcore: registered new interface driver ax88179_178a
[    1.556915] usbcore: registered new interface driver cdc_ether
[    1.563110] usbcore: registered new interface driver smsc75xx
[    1.569183] usbcore: registered new interface driver smsc95xx
[    1.575256] usbcore: registered new interface driver net1080
[    1.581207] usbcore: registered new interface driver cdc_subset
[    1.587463] usbcore: registered new interface driver zaurus
[    1.593383] usbcore: registered new interface driver cdc_ncm
[    1.599548] ehci_hcd: USB 2.0 'Enhanced' Host Controller (EHCI) Driver
[    1.606384] ehci-pci: EHCI PCI platform driver
[    1.611083] ehci-platform: EHCI generic platform driver
[    1.616699] ehci-omap: OMAP-EHCI Host Controller driver
[    1.622314] ehci-orion: EHCI orion driver
[    1.626617] SPEAr-ehci: EHCI SPEAr driver
[    1.630920] tegra-ehci: Tegra EHCI driver
[    1.635253] ohci_hcd: USB 1.1 'Open' Host Controller (OHCI) Driver
[    1.641754] ohci-pci: OHCI PCI platform driver
[    1.646453] ohci-platform: OHCI generic platform driver
[    1.652038] ohci-omap3: OHCI OMAP3 driver
[    1.656372] SPEAr-ohci: OHCI SPEAr driver
[    1.660980] usbcore: registered new interface driver usb-storage
[    1.668487] mousedev: PS/2 mouse device common for all mice
[    1.676605] i2c /dev entries driver
[    1.681396] usbcore: registered new interface driver uvcvideo
[    1.687408] USB Video Class driver (1.1.1)
[    1.691711] gspca_main: v2.14.0 registered
[    1.698883] sdhci: Secure Digital Host Controller Interface driver
[    1.705383] sdhci: Copyright(c) Pierre Ossman
[    1.710784] omap_hsmmc 4809c000.mmc: unable to get vmmc regulator -517
[    1.717681] platform 4809c000.mmc: Driver omap_hsmmc requests probe deferral
[    1.758087] Synopsys Designware Multimedia Card Interface Driver
[    1.765136] sdhci-pltfm: SDHCI platform and OF driver helper
[    1.772186] ledtrig-cpu: registered to indicate activity on CPUs
[    1.778656] usbcore: registered new interface driver usbhid
[    1.784545] usbhid: USB HID core driver
[    1.792877] TCP: cubic registered
[    1.796356] NET: Registered protocol family 17
[    1.801055] can: controller area network core (rev 20120528 abi 9)
[    1.807556] NET: Registered protocol family 29
[    1.812225] can: raw protocol (rev 20120528)
[    1.816711] can: broadcast manager protocol (rev 20120528 t)
[    1.822662] can: netlink gateway (rev 20130117) max_hops=1
[    1.828735] Key type dns_resolver registered
[    1.833343] omap_voltage_late_init: Voltage driver support not added
[    1.840332] Power Management for TI OMAP4+ devices.
[    1.845703] ThumbEE CPU extension supported.
[    1.850219] mmc0: BKOPS_EN bit is not set
[    1.850219] Registering SWP/SWPB emulation handler
[    1.859832] omap-gpmc 50000000.gpmc: GPMC revision 6.0
[    1.866546] palmas 0-0058: IRQ missing: skipping irq request
[    1.867919] mmc0: new high speed MMC card at address 0001
[    1.872894] mmcblk0: mmc0:0001 MMC08G 7.25 GiB 
[    1.873016] mmcblk0boot0: mmc0:0001 MMC08G partition 1 8.00 MiB
[    1.873107] mmcblk0boot1: mmc0:0001 MMC08G partition 2 8.00 MiB
[    1.873840]  mmcblk0: p1
[    1.887847] ata1: SATA link down (SStatus 0 SControl 300)
[    1.904052] palmas 0-0058: Muxing GPIO 2e, PWM 0, LED 0
[    1.911468] smps123: 850 <--> 1250 mV at 990 mV 
[    1.917785] smps45: 850 <--> 1150 mV at 960 mV 
[    1.924102] smps6: 850 <--> 1650 mV at 980 mV 
[    1.930175] smps7: 850 <--> 1030 mV at 990 mV 
[    1.936370] smps8: 850 <--> 1250 mV at 950 mV 
[    1.942413] smps9: 1800 mV 
[    1.946624] ldo1: 1800 <--> 3300 mV at 3000 mV 
[    1.952911] ldo2: 3300 mV 
[    1.957305] ldo3: 1800 mV 
[    1.960906] LDO4: at 1800 mV 
[    1.964477] LDO5: no parameters
[    1.968200] LDO6: no parameters
[    1.971923] LDO7: no parameters
[    1.975708] LDO8: no parameters
[    1.980285] ldo9: 1050 mV 
[    1.984649] ldoln: 1800 mV 
[    1.989105] ldousb: 3300 mV 
[    1.992706] REGEN1: no parameters
[    1.996307] REGEN2: no parameters
[    1.999908] REGEN3: no parameters
[    2.003509] SYSEN1: no parameters
[    2.007110] SYSEN2: no parameters
[    2.010681] omap_i2c 48070000.i2c: bus 0 rev0.12 at 400 kHz
[    2.017150] omap_i2c 48072000.i2c: bus 1 rev0.12 at 400 kHz
[    2.023559] omap_i2c 48060000.i2c: bus 2 rev0.12 at 400 kHz
[    2.063171] drivers/rtc/hctosys.c: unable to open rtc device (rtc0)
[    2.142822] mmc1: host does not support reading read-only switch, assuming write-enable
[    2.156402] mmc1: new high speed SDHC card at address e624
[    2.162475] mmcblk1: mmc1:e624 SU04G 3.69 GiB 
[    2.169830]  mmcblk1: p1 p2 p3
[   14.138122] ldousb: disabling
[   14.141693] ldo9: disabling
[   14.145111] ldo2: disabling
[   14.148498] smps8: disabling
[   14.151977] smps6: disabling
[   14.155487] smps45: disabling
[   14.159057] ALSA device list:
[   14.162200]   No soundcards found.
[   14.166351] PRM: I/O chain clock line assertion timed out
[   14.206909] EXT4-fs (mmcblk1p2): warning: maximal mount count reached, running e2fsck is recommended
[   14.228881] EXT4-fs (mmcblk1p2): mounted filesystem with ordered data mode. Opts: (null)
[   14.237426] VFS: Mounted root (ext4 filesystem) on device 179:50.
[   14.248413] devtmpfs: mounted
[   14.251953] Freeing unused kernel memory: 728K (c0b7c000 - c0c32000)
[   14.445953] PRM: I/O chain clock line assertion timed out
[   14.452209] PRM: I/O chain clock line assertion timed out
[   14.458251] PRM: I/O chain clock line assertion timed out
[   14.472625] PRM: I/O chain clock line assertion timed out
INIT: [   14.488037] PRM: I/O chain clock line assertion timed out
[   14.494232] PRM: I/O chain clock line assertion timed out
version 2.88 booting[   14.508056] PRM: I/O chain clock line assertion timed out
[   14.514221] PRM: I/O chain clock line assertion timed out
[   14.528015] PRM: I/O chain clock line assertion timed out
[   14.535766] PRM: I/O chain clock line assertion timed out
Error opening /dev/fb0: No such file or directory
Starting udev
[   14.922027] udevd[84]: starting version 182
[   16.307220] FAT-fs (mmcblk1p1): codepage cp437 not found
[   16.348541] EXT4-fs (mmcblk1p3): warning: maximal mount count reached, running e2fsck is recommended
[   16.372558] EXT4-fs (mmcblk1p3): mounted filesystem with ordered data mode. Opts: (null)
[   16.386322] FAT-fs (mmcblk1p1): codepage cp437 not found
[   16.463958] FAT-fs (mmcblk1p1): codepage cp437 not found
[   16.481475] FAT-fs (mmcblk1p1): codepage cp437 not found
depmod: ERROR: could not open directory /lib/modules/3.18.0-rc2-00002-gcbe5840: No such file or directory
depmod: WARNING: -e needs -E or -F
depmod: ERROR: could not open directory /lib/modules/3.18.0-rc2-00002-gcbe5840: No such file or directory
depmod: FATAL: could not search modules: No such file or directory
[   16.544616] EXT4-fs (mmcblk1p2): re-mounted. Opts: data=ordered
Starting Bootlog daemon: bootlogd.
[   16.616027] random: dd urandom read with 83 bits of entropy available
Populating dev cache
ALSA: Restoring mixer settings...
/usr/sbin/alsactl: load_state:1729: No soundcards found...
hwclock: can't open '/dev/misc/rtc': No such file or directory
Tue Oct  7 14:59:00 UTC 2014
hwclock: can't open '/dev/misc/rtc': No such file or directory
INIT: Entering runlevel: 5
Configuring network interfaces... ifconfig: SIOCGIFFLAGS: No such device
done.
Starting system message bus: dbus.
Starting Dropbear SSH server: dropbear.
Starting telnet daemon.
Starting rpcbind daemon...rpcbind: cannot create socket for udp6
rpcbind: cannot create socket for tcp6
done.
creating NFS state directory: done
starting statd: done
hwclock: can't open '/dev/misc/rtc': No such file or directory
Starting syslogd/klogd: done
Starting thttpd.
Starting Lighttpd Web Server: lighttpd.
2014-10-07 14:59:00: (/scratch/jenkins/coresdk-nightly-build/build-CORTEX_1/arago-tmp-external-linaro-toolchain/work/cortexa15t2hf-vfp-neon-oe-linux-gnueabi/lighttpd/1.4.33-r1/lighttpd-1.4.33/src/log.c.166) server started 
Starting Matrix GUI application.
[   18.109832] random: nonblocking pool is initialized
***************************************************************
***************************************************************
NOTICE: This file system contains the followin GPLv3 packages:
	binutils
	elfutils
	gdbserver
	libdw1
	libelf1
	parted
If you do not wish to distribute GPLv3 components please remove
the above packages prior to distribution.  This can be done using
the opkg remove command.  i.e.:
    opkg remove <package>
Where <package> is the name printed in the list above
NOTE: If the package is a dependency of another package you
      will be notified of the dependent packages.  You should
      use the --force-removal-of-dependent-packages option to
      also remove the dependent packages as well
***************************************************************
***************************************************************
Stopping Bootlog daemon: bootlogd.
[   21.303070] PRM: I/O chain clock line assertion timed out
[   21.310089] PRM: I/O chain clock line assertion timed out
[   21.318176] PRM: I/O chain clock line assertion timed out
[   21.324554] PRM: I/O chain clock line assertion timed out
 _____                    _____           _         _   
|  _  |___ ___ ___ ___   |  _  |___ ___  |_|___ ___| |_ 
|     |  _| .'| . | . |  |   __|  _| . | | | -_|  _|  _|
|__|__|_| |__,|_  |___|  |__|  |_| |___|_| |___|___|_|  
              |___|                    |___|            
Arago Project http://arago-project.org dra7xx-evm /dev/ttyO0
Arago 2014.08 dra7xx-evm /dev/ttyO0
dra7xx-evm login: 
- 04:01:36 [INFO] Host: root
- 04:01:36 [INFO] Target: 
root
root@dra7xx-evm:~# 
- 04:01:36 [INFO] Host: uname -a
- 04:01:37 [INFO] Target: 
uname -a
Linux dra7xx-evm 3.18.0-rc2-00002-gcbe5840 #1 SMP Mon Oct 27 02:56:12 CDT 2014 armv7l GNU/Linux
root@dra7xx-evm:~# 
- 04:01:37 [INFO] Host: cat /proc/cmdline
- 04:01:37 [INFO] Target: 
cat /proc/cmdline
console=ttyO0,115200n8 earlyprintk rootwait  ip=dhcp  root=PARTUUID=00000000-02 rw rootfstype=ext4 rootwait 
root@dra7xx-evm:~# 
- 04:01:37 [INFO] Host: uname -a
- 04:01:38 [INFO] Target: 
uname -a
Linux dra7xx-evm 3.18.0-rc2-00002-gcbe5840 #1 SMP Mon Oct 27 02:56:12 CDT 2014 armv7l GNU/Linux
root@dra7xx-evm:~# 
- 04:01:38 [INFO] Host: cat /proc/mtd
- 04:01:38 [INFO] Target: 
cat /proc/mtd
dev:    size   erasesize  name
root@dra7xx-evm:~# 
- 04:01:42 [INFO] Host: export IPERFHOST=192.168.0.1
- 04:01:43 [INFO] Target: 
export IPERFHOST=192.168.0.1
root@dra7xx-evm:~# 
- 04:01:43 [INFO] Host: export NFS_SERVER=192.168.0.1
- 04:01:43 [INFO] Target: 
export NFS_SERVER=192.168.0.1
root@dra7xx-evm:~# 
- 04:01:43 [INFO] Host: export NFS_ROOT_PATH=/home/tigtfarm07/NFS_exports/dra7xx-evm1
- 04:01:44 [INFO] Target: 
export NFS_ROOT_PATH=/home/tigtfarm07/NFS_exports/dra7xx-evm1 
[Aroot@dra7xx-evm:~# export NFS_ROOT_PATH=/home/tigtfarm07/NFS_exports/dra7xx-evm[K1
root@dra7xx-evm:~# 
- 04:01:44 [INFO] Host: mkdir -p -m 777 /test
- 04:01:44 [INFO] Target: 
mkdir -p -m 777 /test
root@dra7xx-evm:~# 
- 04:01:44 [INFO] Host: cd /test
- 04:01:45 [INFO] Target: 
cd /test
root@dra7xx-evm:/test# 
- 04:01:45 [INFO] Host: cat > test.sh << EOF
- 04:01:45 [INFO] Target: 
cat > test.sh << EOF
- 04:01:45 [INFO] Host: failtest() {
- 04:01:46 [INFO] Target: 
failtest() {
- 04:01:46 [INFO] Host:   echo 1 >&3
- 04:01:46 [INFO] Target: 
  echo 1 >&3
- 04:01:46 [INFO] Host: }
- 04:01:47 [INFO] Target: 
- 04:01:47 [INFO] Host: timeout=600
- 04:01:47 [INFO] Target: 
timeout=600
- 04:01:47 [INFO] Host: 
- 04:01:48 [INFO] Target: 
- 04:01:48 [INFO] Host: # Start of user's script logic
- 04:01:48 [INFO] Target: 
# Start of user's script logic
- 04:01:48 [INFO] Host: 
- 04:01:49 [INFO] Target: 
- 04:01:49 [INFO] Host: 
- 04:01:49 [INFO] Target: 
- 04:01:49 [INFO] Host: mount -t proc proc /proc 2>/dev/null;
- 04:01:50 [INFO] Target: 
mount -t proc proc /proc 2>/dev/null;
- 04:01:50 [INFO] Host: 
- 04:01:50 [INFO] Target: 
- 04:01:50 [INFO] Host: mount -t sysfs sys /sys 2>/dev/null;
- 04:01:51 [INFO] Target: 
mount -t sysfs sys /sys 2>/dev/null;
- 04:01:51 [INFO] Host: 
- 04:01:51 [INFO] Target: 
- 04:01:51 [INFO] Host: mount -t debugfs none /sys/kernel/debug 2>/dev/null;
- 04:01:52 [INFO] Target: 
mount -t debugfs none /sys/kernel/debug 2>/dev/null;
- 04:01:52 [INFO] Host: 
- 04:01:52 [INFO] Target: 
- 04:01:52 [INFO] Host: echo 'cpuinfo:';cat /proc/cpuinfo; echo '=======';
- 04:01:53 [INFO] Target: 
echo 'cpuinfo:';cat /proc/cpuinfo; echo '=======';
- 04:01:53 [INFO] Host: 
- 04:01:53 [INFO] Target: 
- 04:01:53 [INFO] Host: echo 'soc info:';head /sys/devices/soc0/* 2>/dev/null; echo '=======';
- 04:01:54 [INFO] Target: 
echo 'soc info:';head /sys/devices/soc0/* 2>/dev/null; echo '=======';
- 04:01:54 [INFO] Host: 
- 04:01:54 [INFO] Target: 
- 04:01:54 [INFO] Host: echo 'DT Model info'; head /proc/device-tree/name /proc/device-tree/model /proc/device-tree/compatible 2>/dev/null;echo; echo '=======';
- 04:01:55 [INFO] Target: 
echo 'DT Model info'; head /proc/device-tree/name /proc/device-tree/model /pro 
c/device-tree/compatible 2>/dev/null;echo; echo '=======';
- 04:01:55 [INFO] Host: 
- 04:01:55 [INFO] Target: 
- 04:01:55 [INFO] Host: echo 'interrupts:';cat /proc/interrupts; echo '=======';
- 04:01:56 [INFO] Target: 
echo 'interrupts:';cat /proc/interrupts; echo '=======';
- 04:01:56 [INFO] Host: 
- 04:01:56 [INFO] Target: 
- 04:01:56 [INFO] Host: echo 'Clk_summary:';cat /sys/kernel/debug/clk/clk_summary; echo '=======';
- 04:01:57 [INFO] Target: 
echo 'Clk_summary:';cat /sys/kernel/debug/clk/clk_summary; echo '=======';
- 04:01:57 [INFO] Host: 
- 04:01:57 [INFO] Target: 
- 04:01:57 [INFO] Host: echo 'Orphan Clks:';ls /sys/kernel/debug/clk/orphans/; echo '=======';
- 04:01:58 [INFO] Target: 
echo 'Orphan Clks:';ls /sys/kernel/debug/clk/orphans/; echo '=======';
- 04:01:58 [INFO] Host: 
- 04:01:58 [INFO] Target: 
- 04:01:58 [INFO] Host: echo "Available frequencies"; cat /sys/devices/system/cpu/cpu0/cpufreq/scaling_available_frequencies 2>/dev/null;echo '=======';
- 04:01:59 [INFO] Target: 
echo "Available frequencies"; cat /sys/devices/system/cpu/cpu0/cpufreq/scaling 
_available_frequencies 2>/dev/null;echo '=======';
- 04:01:59 [INFO] Host: 
- 04:01:59 [INFO] Target: 
- 04:01:59 [INFO] Host: echo 'H''ello World' 'B''oard Booted';
- 04:02:00 [INFO] Target: 
echo 'H''ello World' 'B''oard Booted';
- 04:02:00 [INFO] Host: 
- 04:02:00 [INFO] Target: 
- 04:02:00 [INFO] Host: EOF
- 04:02:01 [INFO] Target: 
root@dra7xx-evm:/test# 
- 04:02:01 [INFO] Host: cd /test
- 04:02:01 [INFO] Target: 
cd /test
root@dra7xx-evm:/test# 
- 04:02:01 [INFO] Host: chmod +x test.sh
- 04:02:02 [INFO] Target: 
chmod +x test.sh
root@dra7xx-evm:/test# 
- 04:02:02 [INFO] Host: ./test.sh 2> stderr.log > stdout.log 3> result.log
- 04:02:02 [INFO] Target: 
./test.sh 2> stderr.log > stdout.log 3> result.log
root@dra7xx-evm:/test# 
- 04:02:02 [INFO] Host: echo $?
- 04:02:03 [INFO] Target: 
echo $?
root@dra7xx-evm:/test# 
- 04:02:03 [INFO] Host: cd /test
- 04:02:03 [INFO] Target: 
cd /test
root@dra7xx-evm:/test# 
- 04:02:03 [INFO] Host: cat stdout.log
- 04:02:06 [INFO] Target: 
cat stdout.log
cpuinfo:
processor	: 0
model name	: ARMv7 Processor rev 2 (v7l)
Features	: half thumb fastmult vfp edsp thumbee neon vfpv3 tls vfpv4 idiva idivt vfpd32 lpae evtstrm 
CPU implementer	: 0x41
CPU architecture: 7
CPU variant	: 0x2
CPU part	: 0xc0f
CPU revision	: 2
processor	: 1
model name	: ARMv7 Processor rev 2 (v7l)
Features	: half thumb fastmult vfp edsp thumbee neon vfpv3 tls vfpv4 idiva idivt vfpd32 lpae evtstrm 
CPU implementer	: 0x41
CPU architecture: 7
CPU variant	: 0x2
CPU part	: 0xc0f
CPU revision	: 2
Hardware	: Generic DRA74X (Flattened Device Tree)
Revision	: 0000
Serial		: 0000000000000000
=======
soc info:
==> /sys/devices/soc0/family <==
DRA7
==> /sys/devices/soc0/machine <==
DRA752
==> /sys/devices/soc0/power <==
==> /sys/devices/soc0/revision <==
ES1.1
==> /sys/devices/soc0/subsystem <==
==> /sys/devices/soc0/type <==
==> /sys/devices/soc0/uevent <==
=======
DT Model info
==> /proc/device-tree/name <==
==> /proc/device-tree/model <==
TI DRA742
==> /proc/device-tree/compatible <==
ti,dra7-evmti,dra742ti,dra74ti,dra7
=======
interrupts:
           CPU0       CPU1       
 16:          0          0       GIC 191  gp_timer
 19:       2288       1837       GIC  27  arch_timer
 22:          0          0       GIC 190  l3-dbg-irq
 23:          0          0       GIC  42  l3-app-irq
 28:       5946          0       GIC 185  omap-dma-engine
295:       4939          0       GIC 174  OMAP UART0
310:        358          0       GIC 154  48070000.i2c
311:          0          0       GIC 153  48072000.i2c
312:          0          0       GIC 152  48060000.i2c
313:      10678          0       GIC 151  mmc1
314:        750          0       GIC 150  mmc0
318:          0          0       GIC 146  ahci
322:          0          0       GIC 142  gpmc
334:          0          0      PRCM  pinctrl
389:          0          0   pinctrl 992  OMAP UART0
IPI0:          0          1  CPU wakeup interrupts
IPI1:          0          0  Timer broadcast interrupts
IPI2:       1929       1871  Rescheduling interrupts
IPI3:          0          0  Function call interrupts
IPI4:        513         37  Single function call interrupts
IPI5:          0          0  CPU stop interrupts
IPI6:          0          0  IRQ work interrupts
IPI7:          0          0  completion interrupts
Err:          0
=======
Clk_summary:
   clock                         enable_cnt  prepare_cnt        rate   accuracy   phase
----------------------------------------------------------------------------------------
 dummy_ck                                 0            0           0          0 0  
 video2_m2_clkin_ck                       0            0           0          0 0  
    video2_dclk_div                       0            0           0          0 0  
 video2_clkin_ck                          0            0           0          0 0  
    video2_div_clk                        0            0           0          0 0  
    video2_clk2_div                       0            0           0          0 0  
 video1_m2_clkin_ck                       0            0           0          0 0  
    video1_dclk_div                       0            0           0          0 0  
 video1_clkin_ck                          0            0           0          0 0  
    video1_div_clk                        0            0           0          0 0  
    video1_clk2_div                       0            0           0          0 0  
 usb_otg_clkin_ck                         0            0           0          0 0  
    usb_otg_dclk_div                      0            0           0          0 0  
 sys_clkin2                               0            0    22579200          0 0  
    abe_dpll_sys_clk_mux                  0            0    22579200          0 0  
       abe_dpll_clk_mux                   0            0    22579200          0 0  
          dpll_abe_ck                     0            0   180633600          0 0  
             dpll_abe_m2_ck               0            0   180633600          0 0  
                per_abe_x1_gfclk2_div           0            0   180633600          0 0  
                   mcasp8_aux_gfclk_mux           0            0   180633600          0 0  
                   mcasp7_aux_gfclk_mux           0            0   180633600          0 0  
                   mcasp6_aux_gfclk_mux           0            0   180633600          0 0  
                   mcasp5_aux_gfclk_mux           0            0   180633600          0 0  
                   mcasp4_aux_gfclk_mux           0            0   180633600          0 0  
                   mcasp3_aux_gfclk_mux           0            0   180633600          0 0  
                   mcasp2_aux_gfclk_mux           0            0   180633600          0 0  
                   mcasp1_aux_gfclk_mux           0            0   180633600          0 0  
                per_abe_x1_dclk_div           0            0   180633600          0 0  
             dpll_abe_x2_ck               0            0   361267200          0 0  
                dpll_abe_m3x2_ck           0            0   180633600          0 0  
                   usb_dpll_hs_clk_div           0            0    60211200          0 0  
                   per_dpll_hs_clk_div           0            0    90316800          0 0  
                dpll_abe_m2x2_ck           0            0   361267200          0 0  
                   abe_lp_clk_div           0            0    22579200          0 0  
                   abe_24m_fclk           0            0    45158400          0 0  
                      mcasp8_ahclk_mux           0            0    45158400          0 0  
                      mcasp7_ahclkx_mux           0            0    45158400          0 0  
                      mcasp6_ahclkx_mux           0            0    45158400          0 0  
                      mcasp5_ahclkx_mux           0            0    45158400          0 0  
                      mcasp4_ahclkx_mux           0            0    45158400          0 0  
                      mcasp3_ahclkx_mux           0            0    45158400          0 0  
                      mcasp2_ahclkx_mux           0            0    45158400          0 0  
                      mcasp2_ahclkr_mux           0            0    45158400          0 0  
                      mcasp1_ahclkx_mux           0            0    45158400          0 0  
                      mcasp1_ahclkr_mux           0            0    45158400          0 0  
                   ipu1_gfclk_mux           0            0   361267200          0 0  
                   abe_clk                0            0   361267200          0 0  
                      aess_fclk           0            0   361267200          0 0  
                         abe_giclk_div           0            0   361267200          0 0  
       abe_dpll_bypass_clk_mux            0            0    22579200          0 0  
    sys_clk2_dclk_div                     0            0    22579200          0 0  
 virt_38400000_ck                         0            0    38400000          0 0  
 virt_27000000_ck                         0            0    27000000          0 0  
 virt_26000000_ck                         0            0    26000000          0 0  
 virt_20000000_ck                         1            1    20000000          0 0  
    sys_clkin1                            7           14    20000000          0 0  
       dpll_gpu_ck                        0            0    22574257          0 0  
          dpll_gpu_m2_ck                  0            0    22574257          0 0  
             gpu_dclk                     0            0    22574257          0 0  
       wkupaon_iclk_mux                   8           11    20000000          0 0  
          l3instr_ts_gclk_div             0            0      625000          0 0  
       sata_ref_clk                       1            1    20000000          0 0  
       dpll_usb_ck                        1            1   960000000          0 0  
          dpll_usb_clkdcoldo              1            1   960000000          0 0  
             l3init_960m_gfclk            1            2   960000000          0 0  
                usb_otg_ss2_refclk960m           0            2   960000000          0 0  
                usb_otg_ss1_refclk960m           1            3   960000000          0 0  
          dpll_usb_m2_ck                  0            0   480000000          0 0  
             l3init_480m_dclk_div           0            0   480000000          0 0  
             l3init_60m_fclk              0            0    60000000          0 0  
       dpll_per_ck                        1            1   384000000          0 0  
          dpll_per_x2_ck                  1            3   768000000          0 0  
             dpll_per_m2x2_ck             1            5   192000000          0 0  
                mmc2_fclk_mux             0            1   192000000          0 0  
                   mmc2_fclk_div           0            1    96000000          0 0  
                mmc1_fclk_mux             0            1   192000000          0 0  
                   mmc1_fclk_div           0            1    96000000          0 0  
                func_96m_fclk             0            5    96000000          0 0  
                func_48m_fclk             4           14    48000000          0 0  
                   uart6_gfclk_mux           0            1    48000000          0 0  
                   uart10_gfclk_mux           0            0    48000000          0 0  
                   uart9_gfclk_mux           0            0    48000000          0 0  
                   uart8_gfclk_mux           0            0    48000000          0 0  
                   uart7_gfclk_mux           0            0    48000000          0 0  
                   uart5_gfclk_mux           0            1    48000000          0 0  
                   uart4_gfclk_mux           0            1    48000000          0 0  
                   uart3_gfclk_mux           1            1    48000000          0 0  
                   uart2_gfclk_mux           1            1    48000000          0 0  
                   uart1_gfclk_mux           1            1    48000000          0 0  
                   mmc4_gfclk_mux           0            1    48000000          0 0  
                      mmc4_gfclk_div           0            1    48000000          0 0  
                   mmc3_gfclk_mux           0            1    48000000          0 0  
                      mmc3_gfclk_div           0            1    48000000          0 0  
                   dss_48mhz_clk           0            2    48000000          0 0  
                func_12m_fclk             0            1    12000000          0 0  
             dpll_per_h14x2_ck            0            0   384000000          0 0  
             dpll_per_h13x2_ck            0            1   192000000          0 0  
                qspi_gfclk_mux            0            1   192000000          0 0  
                   qspi_gfclk_div           0            1   192000000          0 0  
             dpll_per_h12x2_ck            0            1   192000000          0 0  
                dss_dss_clk               0            3   192000000          0 0  
             dpll_per_h11x2_ck            0            0   256000000          0 0  
                func_128m_clk             0            0   128000000          0 0  
          dpll_per_m2_ck                  0            0    96000000          0 0  
             func_24m_clk                 0            0    24000000          0 0  
             func_96m_aon_dclk_div           0            0    96000000          0 0  
       dpll_pcie_ref_ck                   1            1  1500000000          0 0  
          dpll_pcie_ref_m2_ck             0            0  1500000000          0 0  
             pcie2_dclk_div               0            0  1500000000          0 0  
          dpll_pcie_ref_m2ldo_ck           1            1   100000000          0 0  
             apll_pcie_in_clk_mux           1            1   100000000          0 0  
                apll_pcie_ck              2            2   100000000          0 0  
                   apll_pcie_m2_ck           0            0   100000000          0 0  
                      pcie_dclk_div           0            0   100000000          0 0  
                   apll_pcie_clkvcoldo_div           0            0   100000000          0 0  
                   apll_pcie_clkvcoldo           0            0   100000000          0 0  
                   optfclk_pciephy2_clk           0            0   100000000          0 0  
                   optfclk_pciephy1_clk           1            1   100000000          0 0  
                   optfclk_pciephy_div           1            1   100000000          0 0  
                      optfclk_pciephy2_div_clk           0            0   100000000          0 0  
                      optfclk_pciephy1_div_clk           1            1   100000000          0 0  
       dpll_gmac_ck                       0            1  1000000000          0 0  
          dpll_gmac_x2_ck                 0            0  2000000000          0 0  
             dpll_gmac_m3x2_ck            0            0   200000000          0 0  
             dpll_gmac_h13x2_ck           0            0   200000000          0 0  
             dpll_gmac_h12x2_ck           0            0   250000000          0 0  
             dpll_gmac_h11x2_ck           0            0    50000000          0 0  
                gmii_m_clk_div            0            0    25000000          0 0  
          dpll_gmac_m2_ck                 0            0   250000000          0 0  
             gmac_250m_dclk_div           0            0   250000000          0 0  
             gmac_gmii_ref_clk_div           0            0   125000000          0 0  
       dpll_ddr_ck                        0            0  1064000000          0 0  
          dpll_ddr_x2_ck                  0            0  2128000000          0 0  
             dpll_ddr_h11x2_ck            0            0   266000000          0 0  
          dpll_ddr_m2_ck                  0            0   532000000          0 0  
             emif_phy_dclk_div            0            0   532000000          0 0  
       dpll_mpu_ck                        1            1  1000000000          0 0  
          dpll_mpu_m2_ck                  1            1  1000000000          0 0  
             mpu_dclk_div                 0            0  1000000000          0 0  
       dpll_core_ck                       1            1  1064000000          0 0  
          dpll_core_m2_ck                 0            0   532000000          0 0  
             core_dpll_out_dclk_div           0            0   532000000          0 0  
          dpll_core_x2_ck                 2            3  2128000000          0 0  
             dpll_core_h24x2_ck           0            1   354666667          0 0  
             dpll_core_h23x2_ck           0            0   532000000          0 0  
             dpll_core_h22x2_ck           0            0   425600000          0 0  
             dpll_core_h14x2_ck           0            0   425600000          0 0  
                gpu_hyd_gclk_mux           0            0   425600000          0 0  
                gpu_core_gclk_mux           0            0   425600000          0 0  
             dpll_core_h13x2_ck           4            8    34322581          0 0  
             dpll_core_h12x2_ck           1            1   532000000          0 0  
                l3_iclk_div              81           93   266000000          0 0  
                   vip3_gclk_mux           0            0   266000000          0 0  
                   vip2_gclk_mux           0            0   266000000          0 0  
                   vip1_gclk_mux           0            0   266000000          0 0  
                   gmac_rft_clk_mux           0            0   266000000          0 0  
                   atl_gfclk_mux           0            1   266000000          0 0  
                      atl_clkin3_ck           0            0   266000000          0 0  
                      atl_clkin2_ck           0            0   266000000          0 0  
                      atl_clkin1_ck           0            0   266000000          0 0  
                      atl_clkin0_ck           0            0   266000000          0 0  
                   l4_root_clk_div          11           14   133000000          0 0  
                eve_dpll_hs_clk_div           0            0   532000000          0 0  
                   dpll_eve_ck            0            0   532000000          0 0  
                      dpll_eve_m2_ck           0            0   532000000          0 0  
                         eve_clk           0            0   532000000          0 0  
                         eve_dclk_div           0            0   532000000          0 0  
                iva_dpll_hs_clk_div           0            0   532000000          0 0  
                   dpll_iva_ck            0            0   532000000          0 0  
                      dpll_iva_m2_ck           0            0   532000000          0 0  
                         iva_dclk           0            0   532000000          0 0  
                dsp_dpll_hs_clk_div           0            0   532000000          0 0  
                   dpll_dsp_ck            0            0   532000000          0 0  
                      dpll_dsp_x2_ck           0            0   532000000          0 0  
                         dpll_dsp_m3x2_ck           0            0   532000000          0 0  
                      dpll_dsp_m2_ck           0            0   532000000          0 0  
                         dsp_gclk_div           0            0   532000000          0 0  
                mpu_dpll_hs_clk_div           0            0   532000000          0 0  
       dcan1_sys_clk_mux                  0            1    20000000          0 0  
       video2_dpll_clk_mux                0            1    20000000          0 0  
          dss_video2_clk                  0            1    20000000          0 0  
       video1_dpll_clk_mux                0            1    20000000          0 0  
          dss_video1_clk                  0            1    20000000          0 0  
       timer_sys_clk_div                  0           10    20000000          0 0  
          timer9_gfclk_mux                0            1    20000000          0 0  
          timer4_gfclk_mux                0            1    20000000          0 0  
          timer3_gfclk_mux                0            1    20000000          0 0  
          timer2_gfclk_mux                0            1    20000000          0 0  
          timer16_gfclk_mux               0            0    20000000          0 0  
          timer15_gfclk_mux               0            0    20000000          0 0  
          timer14_gfclk_mux               0            0    20000000          0 0  
          timer13_gfclk_mux               0            0    20000000          0 0  
          timer11_gfclk_mux               0            1    20000000          0 0  
          timer10_gfclk_mux               0            1    20000000          0 0  
          timer8_gfclk_mux                0            1    20000000          0 0  
          timer7_gfclk_mux                0            1    20000000          0 0  
          timer6_gfclk_mux                0            1    20000000          0 0  
          timer5_gfclk_mux                0            1    20000000          0 0  
       hdmi_dpll_clk_mux                  0            1    20000000          0 0  
          dss_hdmi_clk                    0            2    20000000          0 0  
       custefuse_sys_gfclk_div            0            0    10000000          0 0  
       emu_dclk_div                       0            0    20000000          0 0  
       sata_dclk_div                      0            0    20000000          0 0  
       sys_clk1_dclk_div                  0            0    20000000          0 0  
          clkoutmux2_clk_mux              0            0    20000000          0 0  
          clkoutmux1_clk_mux              0            0    20000000          0 0  
          clkoutmux0_clk_mux              0            0    20000000          0 0  
       adc_gfclk_mux                      0            0    20000000          0 0  
       abe_sys_clk_div                    0            0    20000000          0 0  
 virt_19200000_ck                         0            0    19200000          0 0  
 virt_16800000_ck                         0            0    16800000          0 0  
 virt_13000000_ck                         0            0    13000000          0 0  
 virt_12000000_ck                         0            0    12000000          0 0  
 sys_32k_ck                               3           19       32768          0 0  
    timer1_gfclk_mux                      1            1       32768          0 0  
    gpio1_dbclk                           0            1       32768          0 0  
    atl_dpll_clk_mux                      0            0       32768          0 0  
    usb_phy3_always_on_clk32k             1            1       32768          0 0  
    usb_phy2_always_on_clk32k             0            1       32768          0 0  
    usb_phy1_always_on_clk32k             0            1       32768          0 0  
    mmc4_clk32k                           0            1       32768          0 0  
    mmc3_clk32k                           0            1       32768          0 0  
    mmc2_clk32k                           0            1       32768          0 0  
    mmc1_clk32k                           0            1       32768          0 0  
    gpio8_dbclk                           0            1       32768          0 0  
    gpio7_dbclk                           0            1       32768          0 0  
    gpio6_dbclk                           0            1       32768          0 0  
    gpio5_dbclk                           0            1       32768          0 0  
    gpio4_dbclk                           0            1       32768          0 0  
    gpio3_dbclk                           0            1       32768          0 0  
    gpio2_dbclk                           0            1       32768          0 0  
    dss_32khz_clk                         0            1       32768          0 0  
    optfclk_pciephy2_32khz                0            0       32768          0 0  
    optfclk_pciephy1_32khz                1            1       32768          0 0  
 secure_32k_clk_src_ck                    0            0       32768          0 0  
    secure_32k_dclk_div                   0            0       32768          0 0  
 sdvenc_clkin_ck                          0            0           0          0 0  
 rmii_clk_ck                              0            0           0          0 0  
 ref_clkin3_ck                            0            0           0          0 0  
 ref_clkin2_ck                            0            0           0          0 0  
 ref_clkin1_ck                            0            0           0          0 0  
 ref_clkin0_ck                            0            0           0          0 0  
 pciesref_acs_clk_ck                      0            0   100000000          0 0  
 mlbp_clkin_ck                            0            0           0          0 0  
    mlbp_clk                              0            0           0          0 0  
 mlb_clkin_ck                             0            0           0          0 0  
    mlb_clk                               0            0           0          0 0  
 hdmi_clkin_ck                            0            0           0          0 0  
    hdmi_div_clk                          0            0           0          0 0  
    hdmi_clk2_div                         0            0           0          0 0  
    hdmi_dclk_div                         0            0           0          0 0  
=======
Orphan Clks:
=======
Available frequencies
=======
Hello World Board Booted
root@dra7xx-evm:/test# 
- 04:02:06 [INFO] Host: cat stderr.log
- 04:02:06 [INFO] Target: 
cat stderr.log
ls: /sys/kernel/debug/clk/orphans/: No such file or directory
root@dra7xx-evm:/test# 
- 04:02:06 [INFO] Host: cat result.log
- 04:02:08 [ERROR] On command: cat result.log waiting for cat result.log.+?(?m-ix:^1[\0\n\r]+) >>> error: execution expired
- 04:02:08 [INFO] Target: 
cat result.log
root@dra7xx-evm:/test# 
- 04:02:08 [INFO] Host: cd /test
- 04:02:09 [INFO] Target: 
cd /test
root@dra7xx-evm:/test# 
