spawn ttyNM_J6Eco
picocom v1.4

port is        : /dev/ttyNM_J6Eco
flowcontrol    : none
baudrate is    : 115200
parity is      : none
databits are   : 8
escape is      : C-a
noinit is      : yes
noreset is     : yes
nolock is      : yes
send_cmd is    : ascii_xfr -s -v -l10
receive_cmd is : rz -vv

Terminal ready

U-Boot SPL 2013.10-00204-g6d29e34 (May 30 2014 - 12:05:04)
DRA722 ES1.0

 DRA iterations=20SPL: Please implement spl_start_uboot() for your board
SPL: Direct Linux boot not active!
reading u-boot.img
reading u-boot.img


U-Boot 2013.10-00204-g6d29e34 (May 30 2014 - 12:05:04)

CPU  : DRA722 ES1.0
Board: DRA7xx
I2C:   ready
DRAM:  1 GiB
NAND:  0 MiB
MMC:   OMAP SD/MMC: 0, OMAP SD/MMC: 1
*** Error - No Valid Environment Area found
*** Warning - bad CRC, using default environment

SATA link 0 timeout.
AHCI 0001.0300 32 slots 1 ports 3 Gbps 0x1 impl SATA mode
flags: 64bit ncq stag pm led clo only pmp pio slum part ccc apst 
scanning bus for devices...
Found 0 device(s).
Net:   <ethaddr> not set. Validating first E-fuse MAC
cpsw
Hit any key to stop autoboot:  3  2  1  0 
(Re)start USB...
USB0:   Register 2000140 NbrPorts 2
Starting the controller
USB XHCI 1.00
scanning bus 0 for devices... 1 USB Device(s) found
       scanning usb for storage devices... 0 Storage Device(s) found

USB device 0: unknown device
mmc0 is current device
Scanning mmc 0...
** File not found /boot/zImage **
mmc0 is current device
SD/MMC found on device 0
reading uEnv.txt
790 bytes read in 6 ms (127.9 KiB/s)
Loaded environment from
Importing environment from mmc0 ...
Running uenvcmd ...
network start
++1
link up on port 1, speed 100, full duplex
BOOTP broadcast 1
DHCP client bound to address 128.247.91.144
Using cpsw device
TFTP from server 128.247.91.123; our IP address is 128.247.91.144
Filename '/tftpboot/kernel/dra72-evm.dtb'.
Load address: 0x80f80000
Loading: *###########
	 774.4 KiB/s
done
Bytes transferred = 53176 (cfb8 hex)
++2
++3
link up on port 1, speed 100, full duplex
BOOTP broadcast 1
DHCP client bound to address 128.247.91.144
Using cpsw device
TFTP from server 128.247.91.123; our IP address is 128.247.91.144
Filename '/tftpboot/kernel/zImage'.
Load address: 0x80200000
Loading: *#################################################################
	 #################################################################
	 #################################################################
	 #################################################################
	 #################################################################
	 #################################################################
	 #################################################################
	 #################################################################
	 #################################################################
	 #################################################################
	 #################################################################
	 #################################################################
	 #################################################################
	 #################################################################
	 ########################################################
	 799.8 KiB/s
done
Bytes transferred = 4944688 (4b7330 hex)
++4
network stop
reading /ramdisk.gz
3543639 bytes read in 201 ms (16.8 MiB/s)
Kernel image @ 0x80200000 [ 0x000000 - 0x4b7330 ]
## Flattened Device Tree blob at 80f80000
   Booting using the fdt blob at 0x80f80000
   Loading Device Tree to 9fff0000, end 9fffffb7 ... OK

Starting kernel ...


Skipping tty reset...
Thanks for using picocom
Kernel hung.. retry! 1 Wed Jun 25 06:22:16 CDT 2014
GIVEN UP RETRIES
