- 12:54:30 [INFO] Starting target session
- 12:54:31 [INFO] Connected to k2e-evm via serial 
- 12:54:31 [INFO] Host: #check prompt
- 12:54:34 [ERROR] On command: #check prompt waiting for #check prompt.+?(?-mix:((?-mix:login:)|[Pp]assword)) >>> error: execution expired
- 12:54:34 [INFO] Target: 
#check prompt
- 12:54:34 [INFO] Host: #check prompt
- 12:54:36 [ERROR] On command: #check prompt waiting for #check prompt.+?(?-mix:root@.+[@:#]+) >>> error: execution expired
- 12:54:36 [INFO] Target: 
#check prompt
- 12:54:36 [INFO] Host: #check prompt
- 12:54:38 [ERROR] On command: #check prompt waiting for #check prompt.+?(?-mix:root@.+[@:#]+) >>> error: execution expired
- 12:54:38 [INFO] Target: 
#check prompt
- 12:54:38 [INFO] Host: #check prompt
- 12:54:40 [ERROR] On command: #check prompt waiting for #check prompt.+?(?-mix:root@.+[@:#]+) >>> error: execution expired
- 12:54:40 [INFO] Target: 
#check prompt
- 12:54:40 [INFO] Disconnected serial from k2e-evm
- 12:54:41 [INFO] Connected to k2e-evm via serial 
- 12:54:41 [INFO] Host: 
- 12:54:47 [INFO] Target: 
U-Boot SPL 2015.07 (Dec 10 2015 - 05:03:10)
U-Boot 2015.07 (Dec 10 2015 - 05:03:10 -0500)
CPU: 66AK2Ex SR1.0
I2C:   ready
DRAM:  DDR3A Speed will be configured for 1600 Operation.
Detected SO-DIMM [18KSF51272HZ-1G6K2]
DDR3 speed 1600
DRAM: 4 GiB
Clear entire DDR3 memory to enable ECC
2 GiB
NAND:  512 MiB
Net:   Phy 2 not found
Phy 3 not found
Phy 4 not found
Phy 5 not found
Phy 6 not found
Phy 7 not found
K2E_EMAC0
Warning: K2E_EMAC0 using MAC address from net device
, K2E_EMAC1
Error: K2E_EMAC1 address not set.
, K2E_EMAC2
Error: K2E_EMAC2 address not set.
, K2E_EMAC3
Error: K2E_EMAC3 address not set.
, K2E_EMAC4
Error: K2E_EMAC4 address not set.
, K2E_EMAC5
Error: K2E_EMAC5 address not set.
, K2E_EMAC6
Error: K2E_EMAC6 address not set.
, K2E_EMAC7
Error: K2E_EMAC7 address not set.
Hit any key to stop autoboot:  1  0 
U-Boot# 
U-Boot# 
U-Boot# 
U-Boot# 
U-Boot# 
U-Boot# 
U-Boot# 
U-Boot# 
U-Boot# 
U-Boot# 
U-Boot# 
U-Boot# 
U-Boot# 
U-Boot# 
U-Boot# 
U-Boot# 
U-Boot# 
- 12:54:47 [INFO] Host: 
- 12:54:47 [INFO] Target: 
U-Boot# 
- 12:54:47 [INFO] Host: version
- 12:54:47 [INFO] Target: 
version
U-Boot 2015.07 (Dec 10 2015 - 05:03:10 -0500)
arm-linux-gnueabihf-gcc (Linaro GCC 4.9-2015.05) 4.9.3 20150413 (prerelease)
GNU ld (GNU Binutils) Linaro 2014.11-3-git 2.24.0.20141017
U-Boot# 
- 12:54:47 [INFO] Host: setenv bootargs 'console=ttyS0,115200n8 earlyprintk rootwait '
- 12:54:47 [INFO] Target: 
setenv bootargs 'console=ttyS0,115200n8 earlyprintk rootwait '
U-Boot# 
- 12:54:47 [INFO] Host: setenv bootcmd  ''
- 12:54:47 [INFO] Target: 
setenv bootcmd  ''
U-Boot# 
- 12:54:47 [INFO] Host: setenv autoload 'no'
- 12:54:47 [INFO] Target: 
setenv autoload 'no'
U-Boot# 
- 12:54:47 [INFO] Host: setenv serverip '192.168.0.1'
- 12:54:47 [INFO] Target: 
setenv serverip '192.168.0.1'
U-Boot# 
- 12:54:47 [INFO] Host: printenv
- 12:54:48 [INFO] Target: 
printenv
addr_mon=0x0c140000
addr_secdb_key=0xc000000
addr_ubi=0x82000000
arch=arm
args_all=setenv bootargs console=ttyS0,115200n8 rootwait=1
args_net=setenv bootargs ${bootargs} rootfstype=nfs root=/dev/nfs rw nfsroot=${serverip}:${nfs_root},${nfs_options} ip=dhcp
args_ramfs=setenv bootargs ${bootargs} rdinit=/sbin/init rw root=/dev/ram0 initrd=0x808080000,80M
args_ubi=setenv bootargs ${bootargs} rootfstype=ubifs root=ubi0:rootfs rootflags=sync rw ubi.mtd=ubifs,2048
autoload=no
baudrate=115200
board=ks2_evm
board_name=ks2_evm
boot=ubi
bootargs=console=ttyS0,115200n8 earlyprintk rootwait 
bootcmd=
bootdelay=1
bootm_size=0x10000000
burn_ubi=nand erase.part ubifs; nand write ${addr_ubi} ubifs ${filesize}
burn_uboot_nand=nand erase 0 0x100000; nand write ${loadaddr} 0 ${filesize}
burn_uboot_spi=sf probe; sf erase 0 0x100000; sf write ${loadaddr} 0 ${filesize}
cpu=armv7
ethact=K2E_EMAC0
ethaddr=08:00:28:32:b1:0d
fdt_addr_r=0x88000000
fdtaddr=0x88000000
get_fdt_net=dhcp ${fdtaddr} ${tftp_root}/${name_fdt}
get_fdt_ramfs=dhcp ${fdtaddr} ${tftp_root}/${name_fdt}
get_fdt_ubi=ubifsload ${fdtaddr} ${name_fdt}
get_fs_ramfs=dhcp ${rdaddr} ${tftp_root}/${name_fs}
get_kern_net=dhcp ${loadaddr} ${tftp_root}/${name_kern}
get_kern_ramfs=dhcp ${loadaddr} ${tftp_root}/${name_kern}
get_kern_ubi=ubifsload ${loadaddr} ${name_kern}
get_mon_net=dhcp ${addr_mon} ${tftp_root}/${name_mon}
get_mon_ramfs=dhcp ${addr_mon} ${tftp_root}/${name_mon}
get_mon_ubi=ubifsload ${addr_mon} ${name_mon}
get_ubi_net=dhcp ${addr_ubi} ${tftp_root}/${name_ubi}
get_uboot_net=dhcp ${loadaddr} ${tftp_root}/${name_uboot}
init_net=run args_all args_net
init_ramfs=run args_all args_ramfs get_fs_ramfs
init_ubi=run args_all args_ubi; ubi part ubifs; ubifsmount ubi:boot;ubifsload ${addr_secdb_key} securedb.key.bin;
kernel_addr_r=0x82000000
loadaddr=0x82000000
mem_lpae=1
mem_reserve=512M
mtdparts=mtdparts=davinci_nand.0:1024k(bootloader)ro,512k(params)ro,-(ubifs)
name_fdt=k2e-evm.dtb
name_fs=arago-console-image-k2e-evm.cpio.gz
name_kern=zImage
name_mon=skern-k2e.bin
name_ubi=k2e-evm-ubifs.ubi
name_uboot=u-boot-spi-k2e-evm.gph
nfs_options=v3,tcp,rsize=4096,wsize=4096
nfs_root=/export
no_post=1
ramdisk_addr_r=0x88080000
rdaddr=0x88080000
run_kern=bootz ${loadaddr} - ${fdtaddr}
run_mon=mon_install ${addr_mon}
serverip=192.168.0.1
soc=keystone
stderr=serial
stdin=serial
stdout=serial
tftp_root=/
vendor=ti
ver=U-Boot 2015.07 (Dec 10 2015 - 05:03:10 -0500)
Environment size: 2562/262140 bytes
U-Boot# 
- 12:54:48 [INFO] Host: setenv _initramfs -
- 12:54:48 [INFO] Target: 
setenv _initramfs -
U-Boot# 
- 12:54:48 [INFO] Host: printenv
- 12:54:48 [INFO] Target: 
printenv
_initramfs=-
addr_mon=0x0c140000
addr_secdb_key=0xc000000
addr_ubi=0x82000000
arch=arm
args_all=setenv bootargs console=ttyS0,115200n8 rootwait=1
args_net=setenv bootargs ${bootargs} rootfstype=nfs root=/dev/nfs rw nfsroot=${serverip}:${nfs_root},${nfs_options} ip=dhcp
args_ramfs=setenv bootargs ${bootargs} rdinit=/sbin/init rw root=/dev/ram0 initrd=0x808080000,80M
args_ubi=setenv bootargs ${bootargs} rootfstype=ubifs root=ubi0:rootfs rootflags=sync rw ubi.mtd=ubifs,2048
autoload=no
baudrate=115200
board=ks2_evm
board_name=ks2_evm
boot=ubi
bootargs=console=ttyS0,115200n8 earlyprintk rootwait 
bootcmd=
bootdelay=1
bootm_size=0x10000000
burn_ubi=nand erase.part ubifs; nand write ${addr_ubi} ubifs ${filesize}
burn_uboot_nand=nand erase 0 0x100000; nand write ${loadaddr} 0 ${filesize}
burn_uboot_spi=sf probe; sf erase 0 0x100000; sf write ${loadaddr} 0 ${filesize}
cpu=armv7
ethact=K2E_EMAC0
ethaddr=08:00:28:32:b1:0d
fdt_addr_r=0x88000000
fdtaddr=0x88000000
get_fdt_net=dhcp ${fdtaddr} ${tftp_root}/${name_fdt}
get_fdt_ramfs=dhcp ${fdtaddr} ${tftp_root}/${name_fdt}
get_fdt_ubi=ubifsload ${fdtaddr} ${name_fdt}
get_fs_ramfs=dhcp ${rdaddr} ${tftp_root}/${name_fs}
get_kern_net=dhcp ${loadaddr} ${tftp_root}/${name_kern}
get_kern_ramfs=dhcp ${loadaddr} ${tftp_root}/${name_kern}
get_kern_ubi=ubifsload ${loadaddr} ${name_kern}
get_mon_net=dhcp ${addr_mon} ${tftp_root}/${name_mon}
get_mon_ramfs=dhcp ${addr_mon} ${tftp_root}/${name_mon}
get_mon_ubi=ubifsload ${addr_mon} ${name_mon}
get_ubi_net=dhcp ${addr_ubi} ${tftp_root}/${name_ubi}
get_uboot_net=dhcp ${loadaddr} ${tftp_root}/${name_uboot}
init_net=run args_all args_net
init_ramfs=run args_all args_ramfs get_fs_ramfs
init_ubi=run args_all args_ubi; ubi part ubifs; ubifsmount ubi:boot;ubifsload ${addr_secdb_key} securedb.key.bin;
kernel_addr_r=0x82000000
loadaddr=0x82000000
mem_lpae=1
mem_reserve=512M
mtdparts=mtdparts=davinci_nand.0:1024k(bootloader)ro,512k(params)ro,-(ubifs)
name_fdt=k2e-evm.dtb
name_fs=arago-console-image-k2e-evm.cpio.gz
name_kern=zImage
name_mon=skern-k2e.bin
name_ubi=k2e-evm-ubifs.ubi
name_uboot=u-boot-spi-k2e-evm.gph
nfs_options=v3,tcp,rsize=4096,wsize=4096
nfs_root=/export
no_post=1
ramdisk_addr_r=0x88080000
rdaddr=0x88080000
run_kern=bootz ${loadaddr} - ${fdtaddr}
run_mon=mon_install ${addr_mon}
serverip=192.168.0.1
soc=keystone
stderr=serial
stdin=serial
stdout=serial
tftp_root=/
vendor=ti
ver=U-Boot 2015.07 (Dec 10 2015 - 05:03:10 -0500)
Environment size: 2577/262140 bytes
U-Boot# 
- 12:54:48 [INFO] Host: setenv bootargs ''${bootargs}' ip=:::::eth0:dhcp '
- 12:54:48 [INFO] Target: 
setenv bootargs ''${bootargs}' ip=:::::eth0:dhcp '
U-Boot# 
- 12:54:48 [INFO] Host: setenv serverip '192.168.0.1'
- 12:54:48 [INFO] Target: 
setenv serverip '192.168.0.1'
U-Boot# 
- 12:54:48 [INFO] Host: setenv autoload 'no'
- 12:54:48 [INFO] Target: 
setenv autoload 'no'
U-Boot# 
- 12:54:48 [INFO] Host: dhcp
- 12:54:52 [INFO] Target: 
dhcp
K2E_EMAC0 Waiting for SGMII auto negotiation to complete.. done
K2E_EMAC0 Waiting for PHY auto negotiation to complete. done
BOOTP broadcast 1
BOOTP broadcast 2
BOOTP broadcast 3
DHCP client bound to address 192.168.0.129 (1255 ms)
U-Boot# 
- 12:54:52 [INFO] Host: tftp ${loadaddr} 192.168.0.1:vatf_k2e-evm/30674f424adb3f49bed538cecadc465e
- 12:54:55 [INFO] Target: 
tftp ${loadaddr} 192.168.0.1:vatf_k2e-evm/30674f424adb3f49bed538cecadc465e
K2E_EMAC0 Waiting for SGMII auto negotiation to complete. done
Using K2E_EMAC0 device
TFTP from server 192.168.0.1; our IP address is 192.168.0.129
Filename 'vatf_k2e-evm/30674f424adb3f49bed538cecadc465e'.
Load address: 0x82000000
Loading: *#################################################################
	 #################################################################
	 #################################################################
	 #################################################################
	 #################################################################
	 #################################################################
	 #################################################################
	 ###
	 2.9 MiB/s
done
Bytes transferred = 6717880 (6681b8 hex)
U-Boot# 
- 12:54:55 [INFO] Host: tftp ${fdtaddr} 192.168.0.1:vatf_k2e-evm/48e82ac420404a83c5835d01e84a1af2
- 12:54:56 [INFO] Target: 
tftp ${fdtaddr} 192.168.0.1:vatf_k2e-evm/48e82ac420404a83c5835d01e84a1af2
K2E_EMAC0 Waiting for SGMII auto negotiation to complete. done
Using K2E_EMAC0 device
TFTP from server 192.168.0.1; our IP address is 192.168.0.129
Filename 'vatf_k2e-evm/48e82ac420404a83c5835d01e84a1af2'.
Load address: 0x88000000
Loading: *##
	 2.4 MiB/s
done
Bytes transferred = 22361 (5759 hex)
U-Boot# 
- 12:54:56 [INFO] Host: tftp ${addr_mon} 192.168.0.1:vatf_k2e-evm/8dd84e09dc00e0511080f2ef0f01c680
- 12:54:57 [INFO] Target: 
tftp ${addr_mon} 192.168.0.1:vatf_k2e-evm/8dd84e09dc00e0511080f2ef0f01c680
K2E_EMAC0 Waiting for SGMII auto negotiation to complete. done
Using K2E_EMAC0 device
TFTP from server 192.168.0.1; our IP address is 192.168.0.129
Filename 'vatf_k2e-evm/8dd84e09dc00e0511080f2ef0f01c680'.
Load address: 0xc140000
Loading: *####
	 2.5 MiB/s
done
Bytes transferred = 45056 (b000 hex)
U-Boot# 
- 12:54:57 [INFO] Host: printenv
- 12:54:58 [INFO] Target: 
printenv
_initramfs=-
addr_mon=0x0c140000
addr_secdb_key=0xc000000
addr_ubi=0x82000000
arch=arm
args_all=setenv bootargs console=ttyS0,115200n8 rootwait=1
args_net=setenv bootargs ${bootargs} rootfstype=nfs root=/dev/nfs rw nfsroot=${serverip}:${nfs_root},${nfs_options} ip=dhcp
args_ramfs=setenv bootargs ${bootargs} rdinit=/sbin/init rw root=/dev/ram0 initrd=0x808080000,80M
args_ubi=setenv bootargs ${bootargs} rootfstype=ubifs root=ubi0:rootfs rootflags=sync rw ubi.mtd=ubifs,2048
autoload=no
baudrate=115200
board=ks2_evm
board_name=ks2_evm
boot=ubi
bootargs=console=ttyS0,115200n8 earlyprintk rootwait  ip=:::::eth0:dhcp 
bootcmd=
bootdelay=1
bootm_size=0x10000000
burn_ubi=nand erase.part ubifs; nand write ${addr_ubi} ubifs ${filesize}
burn_uboot_nand=nand erase 0 0x100000; nand write ${loadaddr} 0 ${filesize}
burn_uboot_spi=sf probe; sf erase 0 0x100000; sf write ${loadaddr} 0 ${filesize}
cpu=armv7
dnsip=192.0.2.2
dnsip2=192.0.2.3
ethact=K2E_EMAC0
ethaddr=08:00:28:32:b1:0d
fdt_addr_r=0x88000000
fdtaddr=0x88000000
fileaddr=c140000
filesize=b000
get_fdt_net=dhcp ${fdtaddr} ${tftp_root}/${name_fdt}
get_fdt_ramfs=dhcp ${fdtaddr} ${tftp_root}/${name_fdt}
get_fdt_ubi=ubifsload ${fdtaddr} ${name_fdt}
get_fs_ramfs=dhcp ${rdaddr} ${tftp_root}/${name_fs}
get_kern_net=dhcp ${loadaddr} ${tftp_root}/${name_kern}
get_kern_ramfs=dhcp ${loadaddr} ${tftp_root}/${name_kern}
get_kern_ubi=ubifsload ${loadaddr} ${name_kern}
get_mon_net=dhcp ${addr_mon} ${tftp_root}/${name_mon}
get_mon_ramfs=dhcp ${addr_mon} ${tftp_root}/${name_mon}
get_mon_ubi=ubifsload ${addr_mon} ${name_mon}
get_ubi_net=dhcp ${addr_ubi} ${tftp_root}/${name_ubi}
get_uboot_net=dhcp ${loadaddr} ${tftp_root}/${name_uboot}
init_net=run args_all args_net
init_ramfs=run args_all args_ramfs get_fs_ramfs
init_ubi=run args_all args_ubi; ubi part ubifs; ubifsmount ubi:boot;ubifsload ${addr_secdb_key} securedb.key.bin;
ipaddr=192.168.0.129
kernel_addr_r=0x82000000
loadaddr=0x82000000
mem_lpae=1
mem_reserve=512M
mtdparts=mtdparts=davinci_nand.0:1024k(bootloader)ro,512k(params)ro,-(ubifs)
name_fdt=k2e-evm.dtb
name_fs=arago-console-image-k2e-evm.cpio.gz
name_kern=zImage
name_mon=skern-k2e.bin
name_ubi=k2e-evm-ubifs.ubi
name_uboot=u-boot-spi-k2e-evm.gph
netmask=255.255.255.0
nfs_options=v3,tcp,rsize=4096,wsize=4096
nfs_root=/export
no_post=1
ramdisk_addr_r=0x88080000
rdaddr=0x88080000
run_kern=bootz ${loadaddr} - ${fdtaddr}
run_mon=mon_install ${addr_mon}
serverip=192.168.0.1
soc=keystone
stderr=serial
stdin=serial
stdout=serial
tftp_root=/
vendor=ti
ver=U-Boot 2015.07 (Dec 10 2015 - 05:03:10 -0500)
Environment size: 2715/262140 bytes
U-Boot# 
- 12:54:58 [INFO] Host: setenv bootcmd ''${bootcmd}' mon_install ${addr_mon};'
- 12:54:58 [INFO] Target: 
setenv bootcmd ''${bootcmd}' mon_install ${addr_mon};'
U-Boot# 
- 12:54:58 [INFO] Host: printenv
- 12:54:58 [INFO] Target: 
printenv
_initramfs=-
addr_mon=0x0c140000
addr_secdb_key=0xc000000
addr_ubi=0x82000000
arch=arm
args_all=setenv bootargs console=ttyS0,115200n8 rootwait=1
args_net=setenv bootargs ${bootargs} rootfstype=nfs root=/dev/nfs rw nfsroot=${serverip}:${nfs_root},${nfs_options} ip=dhcp
args_ramfs=setenv bootargs ${bootargs} rdinit=/sbin/init rw root=/dev/ram0 initrd=0x808080000,80M
args_ubi=setenv bootargs ${bootargs} rootfstype=ubifs root=ubi0:rootfs rootflags=sync rw ubi.mtd=ubifs,2048
autoload=no
baudrate=115200
board=ks2_evm
board_name=ks2_evm
boot=ubi
bootargs=console=ttyS0,115200n8 earlyprintk rootwait  ip=:::::eth0:dhcp 
bootcmd= mon_install ${addr_mon};
bootdelay=1
bootm_size=0x10000000
burn_ubi=nand erase.part ubifs; nand write ${addr_ubi} ubifs ${filesize}
burn_uboot_nand=nand erase 0 0x100000; nand write ${loadaddr} 0 ${filesize}
burn_uboot_spi=sf probe; sf erase 0 0x100000; sf write ${loadaddr} 0 ${filesize}
cpu=armv7
dnsip=192.0.2.2
dnsip2=192.0.2.3
ethact=K2E_EMAC0
ethaddr=08:00:28:32:b1:0d
fdt_addr_r=0x88000000
fdtaddr=0x88000000
fileaddr=c140000
filesize=b000
get_fdt_net=dhcp ${fdtaddr} ${tftp_root}/${name_fdt}
get_fdt_ramfs=dhcp ${fdtaddr} ${tftp_root}/${name_fdt}
get_fdt_ubi=ubifsload ${fdtaddr} ${name_fdt}
get_fs_ramfs=dhcp ${rdaddr} ${tftp_root}/${name_fs}
get_kern_net=dhcp ${loadaddr} ${tftp_root}/${name_kern}
get_kern_ramfs=dhcp ${loadaddr} ${tftp_root}/${name_kern}
get_kern_ubi=ubifsload ${loadaddr} ${name_kern}
get_mon_net=dhcp ${addr_mon} ${tftp_root}/${name_mon}
get_mon_ramfs=dhcp ${addr_mon} ${tftp_root}/${name_mon}
get_mon_ubi=ubifsload ${addr_mon} ${name_mon}
get_ubi_net=dhcp ${addr_ubi} ${tftp_root}/${name_ubi}
get_uboot_net=dhcp ${loadaddr} ${tftp_root}/${name_uboot}
init_net=run args_all args_net
init_ramfs=run args_all args_ramfs get_fs_ramfs
init_ubi=run args_all args_ubi; ubi part ubifs; ubifsmount ubi:boot;ubifsload ${addr_secdb_key} securedb.key.bin;
ipaddr=192.168.0.129
kernel_addr_r=0x82000000
loadaddr=0x82000000
mem_lpae=1
mem_reserve=512M
mtdparts=mtdparts=davinci_nand.0:1024k(bootloader)ro,512k(params)ro,-(ubifs)
name_fdt=k2e-evm.dtb
name_fs=arago-console-image-k2e-evm.cpio.gz
name_kern=zImage
name_mon=skern-k2e.bin
name_ubi=k2e-evm-ubifs.ubi
name_uboot=u-boot-spi-k2e-evm.gph
netmask=255.255.255.0
nfs_options=v3,tcp,rsize=4096,wsize=4096
nfs_root=/export
no_post=1
ramdisk_addr_r=0x88080000
rdaddr=0x88080000
run_kern=bootz ${loadaddr} - ${fdtaddr}
run_mon=mon_install ${addr_mon}
serverip=192.168.0.1
soc=keystone
stderr=serial
stdin=serial
stdout=serial
tftp_root=/
vendor=ti
ver=U-Boot 2015.07 (Dec 10 2015 - 05:03:10 -0500)
Environment size: 2740/262140 bytes
U-Boot# 
- 12:54:58 [INFO] Host: setenv bootargs ''${bootargs}' root=/dev/nfs rw nfsroot=192.168.0.1:/home/tigtfarm11/NFS_exports/linux/k2e-evm/autofs/e3031cf764f43c16840a1d9705a65ad1,nolock,v3,tcp,rsize=4096,wsize=4096 '
- 12:54:58 [INFO] Target: 
setenv bootargs ''${bootargs}' root=/dev/nfs rw nfsroot=192.168.0.1:/home/tigtfarm11/NFS_exports/linux/k2e-evm/autofs/e3031cf764f43c16840a1d9705a65ad1,nolock,v3,tcp,rsize=4096,wsize=4096 '
U-Boot# 
- 12:54:58 [INFO] Host: printenv
- 12:54:59 [INFO] Target: 
printenv
_initramfs=-
addr_mon=0x0c140000
addr_secdb_key=0xc000000
addr_ubi=0x82000000
arch=arm
args_all=setenv bootargs console=ttyS0,115200n8 rootwait=1
args_net=setenv bootargs ${bootargs} rootfstype=nfs root=/dev/nfs rw nfsroot=${serverip}:${nfs_root},${nfs_options} ip=dhcp
args_ramfs=setenv bootargs ${bootargs} rdinit=/sbin/init rw root=/dev/ram0 initrd=0x808080000,80M
args_ubi=setenv bootargs ${bootargs} rootfstype=ubifs root=ubi0:rootfs rootflags=sync rw ubi.mtd=ubifs,2048
autoload=no
baudrate=115200
board=ks2_evm
board_name=ks2_evm
boot=ubi
bootargs=console=ttyS0,115200n8 earlyprintk rootwait  ip=:::::eth0:dhcp  root=/dev/nfs rw nfsroot=192.168.0.1:/home/tigtfarm11/NFS_exports/linux/k2e-evm/autofs/e3031cf764f43c16840a1d9705a65ad1,nolock,v3,tcp,rsize=4096,wsize=4096 
bootcmd= mon_install ${addr_mon};
bootdelay=1
bootm_size=0x10000000
burn_ubi=nand erase.part ubifs; nand write ${addr_ubi} ubifs ${filesize}
burn_uboot_nand=nand erase 0 0x100000; nand write ${loadaddr} 0 ${filesize}
burn_uboot_spi=sf probe; sf erase 0 0x100000; sf write ${loadaddr} 0 ${filesize}
cpu=armv7
dnsip=192.0.2.2
dnsip2=192.0.2.3
ethact=K2E_EMAC0
ethaddr=08:00:28:32:b1:0d
fdt_addr_r=0x88000000
fdtaddr=0x88000000
fileaddr=c140000
filesize=b000
get_fdt_net=dhcp ${fdtaddr} ${tftp_root}/${name_fdt}
get_fdt_ramfs=dhcp ${fdtaddr} ${tftp_root}/${name_fdt}
get_fdt_ubi=ubifsload ${fdtaddr} ${name_fdt}
get_fs_ramfs=dhcp ${rdaddr} ${tftp_root}/${name_fs}
get_kern_net=dhcp ${loadaddr} ${tftp_root}/${name_kern}
get_kern_ramfs=dhcp ${loadaddr} ${tftp_root}/${name_kern}
get_kern_ubi=ubifsload ${loadaddr} ${name_kern}
get_mon_net=dhcp ${addr_mon} ${tftp_root}/${name_mon}
get_mon_ramfs=dhcp ${addr_mon} ${tftp_root}/${name_mon}
get_mon_ubi=ubifsload ${addr_mon} ${name_mon}
get_ubi_net=dhcp ${addr_ubi} ${tftp_root}/${name_ubi}
get_uboot_net=dhcp ${loadaddr} ${tftp_root}/${name_uboot}
init_net=run args_all args_net
init_ramfs=run args_all args_ramfs get_fs_ramfs
init_ubi=run args_all args_ubi; ubi part ubifs; ubifsmount ubi:boot;ubifsload ${addr_secdb_key} securedb.key.bin;
ipaddr=192.168.0.129
kernel_addr_r=0x82000000
loadaddr=0x82000000
mem_lpae=1
mem_reserve=512M
mtdparts=mtdparts=davinci_nand.0:1024k(bootloader)ro,512k(params)ro,-(ubifs)
name_fdt=k2e-evm.dtb
name_fs=arago-console-image-k2e-evm.cpio.gz
name_kern=zImage
name_mon=skern-k2e.bin
name_ubi=k2e-evm-ubifs.ubi
name_uboot=u-boot-spi-k2e-evm.gph
netmask=255.255.255.0
nfs_options=v3,tcp,rsize=4096,wsize=4096
nfs_root=/export
no_post=1
ramdisk_addr_r=0x88080000
rdaddr=0x88080000
run_kern=bootz ${loadaddr} - ${fdtaddr}
run_mon=mon_install ${addr_mon}
serverip=192.168.0.1
soc=keystone
stderr=serial
stdin=serial
stdout=serial
tftp_root=/
vendor=ti
ver=U-Boot 2015.07 (Dec 10 2015 - 05:03:10 -0500)
Environment size: 2897/262140 bytes
U-Boot# 
- 12:54:59 [INFO] Host: setenv bootcmd ''${bootcmd}' if iminfo ${loadaddr}; then bootm ${loadaddr} ${_initramfs} ${fdtaddr}; else bootz ${loadaddr} ${_initramfs} ${fdtaddr}; bootm ${loadaddr} ${_initramfs} ${fdtaddr}; fi'
- 12:54:59 [INFO] Target: 
setenv bootcmd ''${bootcmd}' if iminfo ${loadaddr}; then bootm ${loadaddr} ${_initramfs} ${fdtaddr}; else bootz ${loadaddr} ${_initramfs} ${fdtaddr}; bootm ${loadaddr} ${_initramfs} ${fdtaddr}; fi'
U-Boot# 
- 12:54:59 [INFO] Host: version
- 12:54:59 [INFO] Target: 
version
U-Boot 2015.07 (Dec 10 2015 - 05:03:10 -0500)
arm-linux-gnueabihf-gcc (Linaro GCC 4.9-2015.05) 4.9.3 20150413 (prerelease)
GNU ld (GNU Binutils) Linaro 2014.11-3-git 2.24.0.20141017
U-Boot# 
- 12:54:59 [INFO] Host: bdinfo
- 12:54:59 [INFO] Target: 
bdinfo
arch_number = 0x00000000
boot_params = 0x80000100
DRAM bank   = 0x00000000
-> start    = 0x80000000
-> size     = 0x80000000
DRAM bank   = 0x00000001
-> start    = 0x00000000
-> size     = 0x00000000
eth0name    = K2E_EMAC0
ethaddr     = 08:00:28:32:b1:0d
eth1name    = K2E_EMAC1
eth1addr    = (not set)
eth2name    = K2E_EMAC2
eth2addr    = (not set)
eth3name    = K2E_EMAC3
eth3addr    = (not set)
eth4name    = K2E_EMAC4
eth4addr    = (not set)
eth5name    = K2E_EMAC5
eth5addr    = (not set)
eth6name    = K2E_EMAC6
eth6addr    = (not set)
eth7name    = K2E_EMAC7
eth7addr    = (not set)
current eth = K2E_EMAC0
ip_addr     = 192.168.0.129
baudrate    = 115200 bps
TLB addr    = 0xFFFF0000
relocaddr   = 0xFFF3F000
reloc off   = 0xF3F3F000
irq_sp      = 0xFEEFEEF0
sp start    = 0xFEEFEEE0
U-Boot# 
- 12:54:59 [INFO] Host: mmc rescan; echo $?
- 12:55:09 [ERROR] On command: mmc rescan; echo $? waiting for (?m-ix:0[\0\n\r]+) >>> error: execution expired
- 12:55:09 [INFO] Target: 
mmc rescan; echo $?
Unknown command 'mmc' - try 'help'
U-Boot# 
- 12:55:09 [INFO] Host: boot
- 12:58:39 [ERROR] On command: boot waiting for boot.+?(?-mix:login:) >>> error: execution expired
- 12:58:39 [INFO] Target: 
boot
K2_BM_15.07-39-g035329caed63 SoC:k2e built:16:02:41, Dec 16 2015
## installed monitor, freq [208333333], status 0
## Checking Image at 82000000 ...
Unknown image format!
Kernel image @ 0x82000000 [ 0x000000 - 0x6681b8 ]
## Flattened Device Tree blob at 88000000
   Booting using the fdt blob at 0x88000000
   Loading Device Tree to 8fff7000, end 8ffff758 ... OK
Starting kernel ...
[    0.000000] Booting Linux on physical CPU 0x0
[    0.000000] Linux version 4.4.0-next-20160121-00002-g2ff5cab8bdfd (nmenon@horus) (gcc version 4.9.3 20150413 (prerelease) (Linaro GCC 4.9-2015.05) ) #1 SMP Thu Jan 21 02:25:21 CST 2016
[    0.000000] CPU: ARMv7 Processor [412fc0f4] revision 4 (ARMv7), cr=30c5387d
[    0.000000] CPU: div instructions available: patching division code
[    0.000000] CPU: PIPT / VIPT nonaliasing data cache, PIPT instruction cache
[    0.000000] Machine model: Texas Instruments Keystone 2 Edison EVM
[    0.000000] Switching physical address space to 0x800000000
[    0.000000] cma: Reserved 64 MiB at 0x000000085c000000
[    0.000000] Forcing write-allocate cache policy for SMP
[    0.000000] Memory policy: Data cache writealloc
[    0.000000] PERCPU: Embedded 13 pages/cpu @edfa3000 s22912 r8192 d22144 u53248
[    0.000000] Built 1 zonelists in Zone order, mobility grouping on.  Total pages: 915968
[    0.000000] Kernel command line: console=ttyS0,115200n8 earlyprintk rootwait  ip=:::::eth0:dhcp  root=/dev/nfs rw nfsroot=192.168.0.1:/home/tigtfarm11/NFS_exports/linux/k2e-evm/autofs/e3031cf764f43c16840a1d9705a65ad1,nolock,v3,tcp,rsize=4096,wsize=4096 
[    0.000000] PID hash table entries: 4096 (order: 2, 16384 bytes)
[    0.000000] Dentry cache hash table entries: 131072 (order: 7, 524288 bytes)
[    0.000000] Inode-cache hash table entries: 65536 (order: 6, 262144 bytes)
[    0.000000] Memory: 3559452K/3670016K available (8564K kernel code, 1052K rwdata, 4108K rodata, 1072K init, 349K bss, 45028K reserved, 65536K cma-reserved, 2818048K highmem)
[    0.000000] Virtual kernel memory layout:
[    0.000000]     vector  : 0xffff0000 - 0xffff1000   (   4 kB)
[    0.000000]     fixmap  : 0xffc00000 - 0xfff00000   (3072 kB)
[    0.000000]     vmalloc : 0xf0800000 - 0xff800000   ( 240 MB)
[    0.000000]     lowmem  : 0xc0000000 - 0xf0000000   ( 768 MB)
[    0.000000]     pkmap   : 0xbfe00000 - 0xc0000000   (   2 MB)
[    0.000000]     modules : 0xbf000000 - 0xbfe00000   (  14 MB)
[    0.000000]       .text : 0xc0208000 - 0xc0e6906c   (12677 kB)
[    0.000000]       .init : 0xc0e6a000 - 0xc0f76000   (1072 kB)
[    0.000000]       .data : 0xc0f76000 - 0xc107d1c0   (1053 kB)
[    0.000000]        .bss : 0xc1080000 - 0xc10d76e0   ( 350 kB)
[    0.000000] SLUB: HWalign=64, Order=0-3, MinObjects=0, CPUs=4, Nodes=1
[    0.000000] Hierarchical RCU implementation.
[    0.000000] 	Build-time adjustment of leaf fanout to 32.
[    0.000000] 	RCU restricting CPUs from NR_CPUS=16 to nr_cpu_ids=4.
[    0.000000] RCU: Adjusting geometry for rcu_fanout_leaf=32, nr_cpu_ids=4
[    0.000000] NR_IRQS:16 nr_irqs:16 16
[    0.000000] Architected cp15 timer(s) running at 208.33MHz (virt).
[    0.000000] clocksource: arch_sys_counter: mask: 0xffffffffffffff max_cycles: 0x300c4cdf1c, max_idle_ns: 440795202901 ns
[    0.000003] sched_clock: 56 bits at 208MHz, resolution 4ns, wraps every 4398046511101ns
[    0.000011] Switching to timer-based delay loop, resolution 4ns
[    0.000799] keystone timer clock @208333333 Hz
[    0.001273] Console: colour dummy device 80x30
[    0.001291] Calibrating delay loop (skipped), value calculated using timer frequency.. 416.66 BogoMIPS (lpj=1041666)
[    0.001300] pid_max: default: 32768 minimum: 301
[    0.001361] Mount-cache hash table entries: 2048 (order: 1, 8192 bytes)
[    0.001368] Mountpoint-cache hash table entries: 2048 (order: 1, 8192 bytes)
[    0.001774] CPU: Testing write buffer coherency: ok
[    0.001916] /cpus/cpu@0 missing clock-frequency property
[    0.001930] /cpus/cpu@1 missing clock-frequency property
[    0.001943] /cpus/cpu@2 missing clock-frequency property
[    0.001958] /cpus/cpu@3 missing clock-frequency property
[    0.001965] CPU0: thread -1, cpu 0, socket 0, mpidr 80000000
[    0.001997] Setting up static identity map for 0x80209000 - 0x80209170
[    0.008287] CPU1: thread -1, cpu 1, socket 0, mpidr 80000001
[    0.013299] CPU2: thread -1, cpu 2, socket 0, mpidr 80000002
[    0.018305] CPU3: thread -1, cpu 3, socket 0, mpidr 80000003
[    0.018381] Brought up 4 CPUs
[    0.018395] SMP: Total of 4 processors activated (1666.66 BogoMIPS).
[    0.018400] CPU: All CPU(s) started in SVC mode.
[    0.018702] devtmpfs: initialized
[    0.022542] VFP support v0.3: implementor 41 architecture 4 part 30 variant f rev 0
[    0.022842] clocksource: jiffies: mask: 0xffffffff max_cycles: 0xffffffff, max_idle_ns: 9556302231375000 ns
[    0.024033] pinctrl core: initialized pinctrl subsystem
[    0.024921] NET: Registered protocol family 16
[    0.026230] DMA: preallocated 256 KiB pool for atomic coherent allocations
[    0.040031] cpuidle: using governor menu
[    0.045136] No ATAGs?
[    0.045157] hw-breakpoint: found 5 (+1 reserved) breakpoint and 4 watchpoint registers.
[    0.045163] hw-breakpoint: maximum watchpoint size is 8 bytes.
[    0.047275] Serial: AMBA PL011 UART driver
[    0.068277] vgaarb: loaded
[    0.068829] SCSI subsystem initialized
[    0.069107] usbcore: registered new interface driver usbfs
[    0.069147] usbcore: registered new interface driver hub
[    0.069192] usbcore: registered new device driver usb
[    0.070424] pps_core: LinuxPPS API ver. 1 registered
[    0.070429] pps_core: Software ver. 5.3.6 - Copyright 2005-2007 Rodolfo Giometti <giometti@linux.it>
[    0.070447] PTP clock support registered
[    0.070548] EDAC MC: Ver: 3.0.0
[    0.071790] clocksource: Switched to clocksource arch_sys_counter
[    0.077964] NET: Registered protocol family 2
[    0.078260] TCP established hash table entries: 8192 (order: 3, 32768 bytes)
[    0.078308] TCP bind hash table entries: 8192 (order: 4, 65536 bytes)
[    0.078407] TCP: Hash tables configured (established 8192 bind 8192)
[    0.078436] UDP hash table entries: 512 (order: 2, 16384 bytes)
[    0.078460] UDP-Lite hash table entries: 512 (order: 2, 16384 bytes)
[    0.078559] NET: Registered protocol family 1
[    0.078704] RPC: Registered named UNIX socket transport module.
[    0.078710] RPC: Registered udp transport module.
[    0.078714] RPC: Registered tcp transport module.
[    0.078719] RPC: Registered tcp NFSv4.1 backchannel transport module.
[    0.079057] hw perfevents: enabled with armv7_cortex_a15 PMU driver, 7 counters available
[    0.079508] platform alarmtimer: set dma_pfn_offset00780000
[    0.079884] futex hash table entries: 1024 (order: 4, 65536 bytes)
[    0.087156] squashfs: version 4.0 (2009/01/31) Phillip Lougher
[    0.087690] NFS: Registering the id_resolver key type
[    0.087707] Key type id_resolver registered
[    0.087712] Key type id_legacy registered
[    0.087754] ntfs: driver 2.1.32 [Flags: R/O].
[    0.088578] bounce: pool size: 64 pages
[    0.088705] Block layer SCSI generic (bsg) driver version 0.4 loaded (major 249)
[    0.088715] io scheduler noop registered
[    0.088724] io scheduler deadline registered
[    0.088746] io scheduler cfq registered (default)
[    0.088855] keystone_irq soc:keystone_irq@26202a0: irqchip registered, nr_irqs 28
[    0.133071] Serial: 8250/16550 driver, 4 ports, IRQ sharing disabled
[    0.133129] platform serial8250: set dma_pfn_offset00780000
[    0.134661] console [ttyS0] disabled
[    0.134685] 2530c00.serial: ttyS0 at MMIO 0x2530c00 (irq = 26, base_baud = 13020833) is a 16550A
[    0.779377] console [ttyS0] enabled
[    0.783413] 2531000.serial: ttyS1 at MMIO 0x2531000 (irq = 27, base_baud = 13020833) is a 16550A
[    0.792545] SuperH (H)SCI(F) driver initialized
[    0.797471] msm_serial: driver initialized
[    0.801643] STMicroelectronics ASC driver initialized
[    0.807468] [drm] Initialized drm 1.1.0 20060810
[    0.819482] brd: module loaded
[    0.826190] loop: module loaded
[    0.829609] at24 0-0050: 131072 byte 24c1024 EEPROM, writable, 1 bytes/write
[    0.839208] m25p80 spi32766.0: n25q128a11 (16384 Kbytes)
[    0.844539] 2 ofpart partitions found on MTD device spi32766.0
[    0.850368] Creating 2 MTD partitions on "spi32766.0":
[    0.855504] 0x000000000000-0x000000080000 : "u-boot-spl"
[    0.861416] 0x000000080000-0x000001000000 : "misc"
[    0.866843] spi_davinci 21000400.spi: Controller at 0xf0972400
[    0.873066] spi_davinci 21000600.spi: Controller at 0xf0974600
[    0.879282] spi_davinci 21000800.spi: Controller at 0xf0976800
[    0.886742] platform Fixed MDIO bus.0: set dma_pfn_offset00780000
[    0.893078] libphy: Fixed MDIO Bus: probed
[    0.897568] CAN device driver interface
[    0.902173] igb: Intel(R) Gigabit Ethernet Network Driver - version 5.3.0-k
[    0.909132] igb: Copyright (c) 2007-2014 Intel Corporation.
[    0.951804] davinci_mdio 24200f00.mdio: davinci mdio revision 1.7
[    0.957898] libphy: 24200f00.mdio: probed
[    0.962493] davinci_mdio 24200f00.mdio: phy[0]: device 24200f00.mdio:00, driver Marvell 88E1510
[    0.971193] davinci_mdio 24200f00.mdio: phy[1]: device 24200f00.mdio:01, driver Marvell 88E1510
[    0.980165] pegasus: v0.9.3 (2013/04/25), Pegasus/Pegasus II USB Ethernet driver
[    0.987587] usbcore: registered new interface driver pegasus
[    0.993283] usbcore: registered new interface driver asix
[    0.998710] usbcore: registered new interface driver ax88179_178a
[    1.004833] usbcore: registered new interface driver cdc_ether
[    1.010704] usbcore: registered new interface driver smsc75xx
[    1.016492] usbcore: registered new interface driver smsc95xx
[    1.022266] usbcore: registered new interface driver net1080
[    1.027951] usbcore: registered new interface driver cdc_subset
[    1.033895] usbcore: registered new interface driver zaurus
[    1.039514] usbcore: registered new interface driver cdc_ncm
[    1.045400] 2620738.usb_phy supply vcc not found, using dummy regulator
[    1.052081] 2620750.usb_phy supply vcc not found, using dummy regulator
[    1.260071] platform xhci-hcd.0.auto: set dma_pfn_offset00780000
[    1.467888] platform xhci-hcd.1.auto: set dma_pfn_offset00780000
[    1.474947] ehci_hcd: USB 2.0 'Enhanced' Host Controller (EHCI) Driver
[    1.481482] ehci-pci: EHCI PCI platform driver
[    1.485959] ehci-platform: EHCI generic platform driver
[    1.491269] ehci-omap: OMAP-EHCI Host Controller driver
[    1.496562] ehci-orion: EHCI orion driver
[    1.500639] SPEAr-ehci: EHCI SPEAr driver
[    1.504718] ehci-st: EHCI STMicroelectronics driver
[    1.509664] ehci-exynos: EHCI EXYNOS driver
[    1.513922] ehci-atmel: EHCI Atmel driver
[    1.517998] tegra-ehci: Tegra EHCI driver
[    1.522086] ohci_hcd: USB 1.1 'Open' Host Controller (OHCI) Driver
[    1.528275] ohci-pci: OHCI PCI platform driver
[    1.532751] ohci-platform: OHCI generic platform driver
[    1.538048] ohci-omap3: OHCI OMAP3 driver
[    1.542127] SPEAr-ohci: OHCI SPEAr driver
[    1.546197] ohci-st: OHCI STMicroelectronics driver
[    1.551144] ohci-atmel: OHCI Atmel driver
[    1.555453] usbcore: registered new interface driver usb-storage
[    1.562231] mousedev: PS/2 mouse device common for all mice
[    1.569581] i2c /dev entries driver
[    1.577872] sdhci: Secure Digital Host Controller Interface driver
[    1.584050] sdhci: Copyright(c) Pierre Ossman
[    1.589060] Synopsys Designware Multimedia Card Interface Driver
[    1.595534] sdhci-pltfm: SDHCI platform and OF driver helper
[    1.602159] ledtrig-cpu: registered to indicate activity on CPUs
[    1.608352] usbcore: registered new interface driver usbhid
[    1.613920] usbhid: USB HID core driver
[    1.620204] nand: device found, Manufacturer ID: 0x2c, Chip ID: 0xac
[    1.626555] nand: Micron MT29F4G08ABBDAH4
[    1.630562] nand: 512 MiB, SLC, erase size: 128 KiB, page size: 2048, OOB size: 64
[    1.638416] Bad block table found at page 262080, version 0x01
[    1.644753] Bad block table found at page 262016, version 0x01
[    1.650894] 3 ofpart partitions found on MTD device 30000000.nand
[    1.656987] Creating 3 MTD partitions on "30000000.nand":
[    1.662384] 0x000000000000-0x000000100000 : "u-boot"
[    1.667990] 0x000000100000-0x000000180000 : "params"
[    1.673549] 0x000000180000-0x000020000000 : "ubifs"
[    1.679231] davinci_nand 30000000.nand: controller rev. 2.5
[    1.685953] NET: Registered protocol family 10
[    1.690824] sit: IPv6 over IPv4 tunneling driver
[    1.695838] NET: Registered protocol family 17
[    1.700295] can: controller area network core (rev 20120528 abi 9)
[    1.706517] NET: Registered protocol family 29
[    1.710968] can: raw protocol (rev 20120528)
[    1.715240] can: broadcast manager protocol (rev 20120528 t)
[    1.720905] can: netlink gateway (rev 20130117) max_hops=1
[    1.726612] Key type dns_resolver registered
[    1.730993] ThumbEE CPU extension supported.
[    1.735275] Registering SWP/SWPB emulation handler
[    1.741079] hctosys: unable to open rtc device (rtc0)
- 12:58:39 [INFO] Boot attempt 1/1 failed
- 12:58:39 [INFO] Collecting kernel traces via sysrq...
- 12:58:49 [INFO] [  208.848992] sysrq: SysRq : Show State
[  208.852651]   task                PC stack   pid father
[  208.857867] swapper/0       D c0a24c68     0     1      0 0x00000000
[  208.864237] [<c0a24c68>] (__schedule) from [<c0a25054>] (schedule+0x44/0x9c)
[  208.871281] [<c0a25054>] (schedule) from [<c0a278c8>] (schedule_timeout+0x11c/0x1a8)
[  208.879019] [<c0a278c8>] (schedule_timeout) from [<c029b1a4>] (msleep+0x2c/0x38)
[  208.886409] [<c029b1a4>] (msleep) from [<c0e6b428>] (mount_root+0x88/0x124)
[  208.893364] [<c0e6b428>] (mount_root) from [<c0e6b654>] (prepare_namespace+0x190/0x1d4)
[  208.901358] [<c0e6b654>] (prepare_namespace) from [<c0e6aeb0>] (kernel_init_freeable+0x1e8/0x1f8)
[  208.910221] [<c0e6aeb0>] (kernel_init_freeable) from [<c0a23684>] (kernel_init+0xc/0xec)
[  208.918306] [<c0a23684>] (kernel_init) from [<c0210be8>] (ret_from_fork+0x14/0x2c)
[  208.925863] kthreadd        S c0a24c68     0     2      0 0x00000000
[  208.932220] [<c0a24c68>] (__schedule) from [<c0a25054>] (schedule+0x44/0x9c)
[  208.939266] [<c0a25054>] (schedule) from [<c02649d4>] (kthreadd+0x180/0x184)
[  208.946308] [<c02649d4>] (kthreadd) from [<c0210be8>] (ret_from_fork+0x14/0x2c)
[  208.953606] ksoftirqd/0     S c0a24c68     0     3      2 0x00000000
[  208.959961] [<c0a24c68>] (__schedule) from [<c0a25054>] (schedule+0x44/0x9c)
[  208.967005] [<c0a25054>] (schedule) from [<c0267130>] (smpboot_thread_fn+0xc8/0x194)
[  208.974741] [<c0267130>] (smpboot_thread_fn) from [<c02641f0>] (kthread+0xdc/0xf4)
[  208.982302] [<c02641f0>] (kthread) from [<c0210be8>] (ret_from_fork+0x14/0x2c)
[  208.989512] kworker/0:0     S c0a24c68     0     4      2 0x00000000
[  208.995872] [<c0a24c68>] (__schedule) from [<c0a25054>] (schedule+0x44/0x9c)
[  209.002914] [<c0a25054>] (schedule) from [<c025efe4>] (worker_thread+0xd8/0x518)
[  209.010303] [<c025efe4>] (worker_thread) from [<c02641f0>] (kthread+0xdc/0xf4)
[  209.017518] [<c02641f0>] (kthread) from [<c0210be8>] (ret_from_fork+0x14/0x2c)
[  209.024728] kworker/0:0H    S c0a24c68     0     5      2 0x00000000
[  209.031086] [<c0a24c68>] (__schedule) from [<c0a25054>] (schedule+0x44/0x9c)
[  209.038127] [<c0a25054>] (schedule) from [<c025efe4>] (worker_thread+0xd8/0x518)
[  209.045515] [<c025efe4>] (worker_thread) from [<c02641f0>] (kthread+0xdc/0xf4)
[  209.052730] [<c02641f0>] (kthread) from [<c0210be8>] (ret_from_fork+0x14/0x2c)
[  209.059940] kworker/u8:0    S c0a24c68     0     6      2 0x00000000
[  209.066297] [<c0a24c68>] (__schedule) from [<c0a25054>] (schedule+0x44/0x9c)
[  209.073339] [<c0a25054>] (schedule) from [<c025efe4>] (worker_thread+0xd8/0x518)
[  209.080727] [<c025efe4>] (worker_thread) from [<c02641f0>] (kthread+0xdc/0xf4)
[  209.087942] [<c02641f0>] (kthread) from [<c0210be8>] (ret_from_fork+0x14/0x2c)
[  209.095152] rcu_sched       S c0a24c68     0     7      2 0x00000000
[  209.101508] [<c0a24c68>] (__schedule) from [<c0a25054>] (schedule+0x44/0x9c)
[  209.108549] [<c0a25054>] (schedule) from [<c0a278c8>] (schedule_timeout+0x11c/0x1a8)
[  209.116283] [<c0a278c8>] (schedule_timeout) from [<c02981ac>] (rcu_gp_kthread+0x498/0x938)
[  209.124540] [<c02981ac>] (rcu_gp_kthread) from [<c02641f0>] (kthread+0xdc/0xf4)
[  209.131840] [<c02641f0>] (kthread) from [<c0210be8>] (ret_from_fork+0x14/0x2c)
[  209.139050] rcu_bh          S c0a24c68     0     8      2 0x00000000
[  209.145406] [<c0a24c68>] (__schedule) from [<c0a25054>] (schedule+0x44/0x9c)
[  209.152447] [<c0a25054>] (schedule) from [<c0297dac>] (rcu_gp_kthread+0x98/0x938)
[  209.159921] [<c0297dac>] (rcu_gp_kthread) from [<c02641f0>] (kthread+0xdc/0xf4)
[  209.167222] [<c02641f0>] (kthread) from [<c0210be8>] (ret_from_fork+0x14/0x2c)
[  209.174431] migration/0     S c0a24c68     0     9      2 0x00000000
[  209.180788] [<c0a24c68>] (__schedule) from [<c0a25054>] (schedule+0x44/0x9c)
[  209.187829] [<c0a25054>] (schedule) from [<c0267130>] (smpboot_thread_fn+0xc8/0x194)
[  209.195564] [<c0267130>] (smpboot_thread_fn) from [<c02641f0>] (kthread+0xdc/0xf4)
[  209.203125] [<c02641f0>] (kthread) from [<c0210be8>] (ret_from_fork+0x14/0x2c)
[  209.210335] watchdog/0      S c0a24c68     0    10      2 0x00000000
[  209.216691] [<c0a24c68>] (__schedule) from [<c0a25054>] (schedule+0x44/0x9c)
[  209.223733] [<c0a25054>] (schedule) from [<c0267130>] (smpboot_thread_fn+0xc8/0x194)
[  209.231469] [<c0267130>] (smpboot_thread_fn) from [<c02641f0>] (kthread+0xdc/0xf4)
[  209.239029] [<c02641f0>] (kthread) from [<c0210be8>] (ret_from_fork+0x14/0x2c)
[  209.246239] watchdog/1      S c0a24c68     0    11      2 0x00000000
[  209.252595] [<c0a24c68>] (__schedule) from [<c0a25054>] (schedule+0x44/0x9c)
[  209.259636] [<c0a25054>] (schedule) from [<c0267130>] (smpboot_thread_fn+0xc8/0x194)
[  209.267371] [<c0267130>] (smpboot_thread_fn) from [<c02641f0>] (kthread+0xdc/0xf4)
[  209.274933] [<c02641f0>] (kthread) from [<c0210be8>] (ret_from_fork+0x14/0x2c)
[  209.282143] migration/1     S c0a24c68     0    12      2 0x00000000
[  209.288498] [<c0a24c68>] (__schedule) from [<c0a25054>] (schedule+0x44/0x9c)
[  209.295539] [<c0a25054>] (schedule) from [<c0267130>] (smpboot_thread_fn+0xc8/0x194)
[  209.303274] [<c0267130>] (smpboot_thread_fn) from [<c02641f0>] (kthread+0xdc/0xf4)
[  209.310836] [<c02641f0>] (kthread) from [<c0210be8>] (ret_from_fork+0x14/0x2c)
[  209.318045] ksoftirqd/1     S c0a24c68     0    13      2 0x00000000
[  209.324400] [<c0a24c68>] (__schedule) from [<c0a25054>] (schedule+0x44/0x9c)
[  209.331441] [<c0a25054>] (schedule) from [<c0267130>] (smpboot_thread_fn+0xc8/0x194)
[  209.339176] [<c0267130>] (smpboot_thread_fn) from [<c02641f0>] (kthread+0xdc/0xf4)
[  209.346738] [<c02641f0>] (kthread) from [<c0210be8>] (ret_from_fork+0x14/0x2c)
[  209.353948] kworker/1:0     S c0a24c68     0    14      2 0x00000000
[  209.360305] [<c0a24c68>] (__schedule) from [<c0a25054>] (schedule+0x44/0x9c)
[  209.367346] [<c0a25054>] (schedule) from [<c025efe4>] (worker_thread+0xd8/0x518)
[  209.374734] [<c025efe4>] (worker_thread) from [<c02641f0>] (kthread+0xdc/0xf4)
[  209.381949] [<c02641f0>] (kthread) from [<c0210be8>] (ret_from_fork+0x14/0x2c)
[  209.389159] kworker/1:0H    S c0a24c68     0    15      2 0x00000000
[  209.395517] [<c0a24c68>] (__schedule) from [<c0a25054>] (schedule+0x44/0x9c)
[  209.402558] [<c0a25054>] (schedule) from [<c025efe4>] (worker_thread+0xd8/0x518)
[  209.409946] [<c025efe4>] (worker_thread) from [<c02641f0>] (kthread+0xdc/0xf4)
[  209.417160] [<c02641f0>] (kthread) from [<c0210be8>] (ret_from_fork+0x14/0x2c)
[  209.424370] watchdog/2      S c0a24c68     0    16      2 0x00000000
[  209.430725] [<c0a24c68>] (__schedule) from [<c0a25054>] (schedule+0x44/0x9c)
[  209.437766] [<c0a25054>] (schedule) from [<c0267130>] (smpboot_thread_fn+0xc8/0x194)
[  209.445501] [<c0267130>] (smpboot_thread_fn) from [<c02641f0>] (kthread+0xdc/0xf4)
[  209.453062] [<c02641f0>] (kthread) from [<c0210be8>] (ret_from_fork+0x14/0x2c)
[  209.460272] migration/2     S c0a24c68     0    17      2 0x00000000
[  209.466626] [<c0a24c68>] (__schedule) from [<c0a25054>] (schedule+0x44/0x9c)
[  209.473668] [<c0a25054>] (schedule) from [<c0267130>] (smpboot_thread_fn+0xc8/0x194)
[  209.481402] [<c0267130>] (smpboot_thread_fn) from [<c02641f0>] (kthread+0xdc/0xf4)
[  209.488963] [<c02641f0>] (kthread) from [<c0210be8>] (ret_from_fork+0x14/0x2c)
[  209.496173] ksoftirqd/2     S c0a24c68     0    18      2 0x00000000
[  209.502528] [<c0a24c68>] (__schedule) from [<c0a25054>] (schedule+0x44/0x9c)
[  209.509569] [<c0a25054>] (schedule) from [<c0267130>] (smpboot_thread_fn+0xc8/0x194)
[  209.517304] [<c0267130>] (smpboot_thread_fn) from [<c02641f0>] (kthread+0xdc/0xf4)
[  209.524865] [<c02641f0>] (kthread) from [<c0210be8>] (ret_from_fork+0x14/0x2c)
[  209.532074] kworker/2:0     S c0a24c68     0    19      2 0x00000000
[  209.538431] [<c0a24c68>] (__schedule) from [<c0a25054>] (schedule+0x44/0x9c)
[  209.545472] [<c0a25054>] (schedule) from [<c025efe4>] (worker_thread+0xd8/0x518)
[  209.552859] [<c025efe4>] (worker_thread) from [<c02641f0>] (kthread+0xdc/0xf4)
[  209.560073] [<c02641f0>] (kthread) from [<c0210be8>] (ret_from_fork+0x14/0x2c)
[  209.567284] kworker/2:0H    S c0a24c68     0    20      2 0x00000000
[  209.573640] [<c0a24c68>] (__schedule) from [<c0a25054>] (schedule+0x44/0x9c)
[  209.580681] [<c0a25054>] (schedule) from [<c025efe4>] (worker_thread+0xd8/0x518)
[  209.588068] [<c025efe4>] (worker_thread) from [<c02641f0>] (kthread+0xdc/0xf4)
[  209.595283] [<c02641f0>] (kthread) from [<c0210be8>] (ret_from_fork+0x14/0x2c)
[  209.602493] watchdog/3      S c0a24c68     0    21      2 0x00000000
[  209.608849] [<c0a24c68>] (__schedule) from [<c0a25054>] (schedule+0x44/0x9c)
[  209.615890] [<c0a25054>] (schedule) from [<c0267130>] (smpboot_thread_fn+0xc8/0x194)
[  209.623625] [<c0267130>] (smpboot_thread_fn) from [<c02641f0>] (kthread+0xdc/0xf4)
[  209.631187] [<c02641f0>] (kthread) from [<c0210be8>] (ret_from_fork+0x14/0x2c)
[  209.638397] migration/3     S c0a24c68     0    22      2 0x00000000
[  209.644753] [<c0a24c68>] (__schedule) from [<c0a25054>] (schedule+0x44/0x9c)
[  209.651795] [<c0a25054>] (schedule) from [<c0267130>] (smpboot_thread_fn+0xc8/0x194)
[  209.659529] [<c0267130>] (smpboot_thread_fn) from [<c02641f0>] (kthread+0xdc/0xf4)
[  209.667090] [<c02641f0>] (kthread) from [<c0210be8>] (ret_from_fork+0x14/0x2c)
[  209.674300] ksoftirqd/3     S c0a24c68     0    23      2 0x00000000
[  209.680656] [<c0a24c68>] (__schedule) from [<c0a25054>] (schedule+0x44/0x9c)
[  209.687697] [<c0a25054>] (schedule) from [<c0267130>] (smpboot_thread_fn+0xc8/0x194)
[  209.695432] [<c0267130>] (smpboot_thread_fn) from [<c02641f0>] (kthread+0xdc/0xf4)
[  209.702993] [<c02641f0>] (kthread) from [<c0210be8>] (ret_from_fork+0x14/0x2c)
[  209.710202] kworker/3:0     S c0a24c68     0    24      2 0x00000000
[  209.716559] [<c0a24c68>] (__schedule) from [<c0a25054>] (schedule+0x44/0x9c)
[  209.723601] [<c0a25054>] (schedule) from [<c025efe4>] (worker_thread+0xd8/0x518)
[  209.730989] [<c025efe4>] (worker_thread) from [<c02641f0>] (kthread+0xdc/0xf4)
[  209.738204] [<c02641f0>] (kthread) from [<c0210be8>] (ret_from_fork+0x14/0x2c)
[  209.745413] kworker/3:0H    S c0a24c68     0    25      2 0x00000000
[  209.751771] [<c0a24c68>] (__schedule) from [<c0a25054>] (schedule+0x44/0x9c)
[  209.758812] [<c0a25054>] (schedule) from [<c025efe4>] (worker_thread+0xd8/0x518)
[  209.766199] [<c025efe4>] (worker_thread) from [<c02641f0>] (kthread+0xdc/0xf4)
[  209.773414] [<c02641f0>] (kthread) from [<c0210be8>] (ret_from_fork+0x14/0x2c)
[  209.780623] kdevtmpfs       S c0a24c68     0    26      2 0x00000000
[  209.786978] [<c0a24c68>] (__schedule) from [<c0a25054>] (schedule+0x44/0x9c)
[  209.794021] [<c0a25054>] (schedule) from [<c066f5ac>] (devtmpfsd+0x314/0x320)
[  209.801149] [<c066f5ac>] (devtmpfsd) from [<c02641f0>] (kthread+0xdc/0xf4)
[  209.808016] [<c02641f0>] (kthread) from [<c0210be8>] (ret_from_fork+0x14/0x2c)
[  209.815226] perf            S c0a24c68     0    27      2 0x00000000
[  209.821584] [<c0a24c68>] (__schedule) from [<c0a25054>] (schedule+0x44/0x9c)
[  209.828625] [<c0a25054>] (schedule) from [<c025f720>] (rescuer_thread+0x2fc/0x364)
[  209.836187] [<c025f720>] (rescuer_thread) from [<c02641f0>] (kthread+0xdc/0xf4)
[  209.843489] [<c02641f0>] (kthread) from [<c0210be8>] (ret_from_fork+0x14/0x2c)
[  209.850699] khungtaskd      S c0a24c68     0    28      2 0x00000000
[  209.857054] [<c0a24c68>] (__schedule) from [<c0a25054>] (schedule+0x44/0x9c)
[  209.864094] [<c0a25054>] (schedule) from [<c0a278c8>] (schedule_timeout+0x11c/0x1a8)
[  209.871830] [<c0a278c8>] (schedule_timeout) from [<c02bc64c>] (watchdog+0xb4/0x33c)
[  209.879479] [<c02bc64c>] (watchdog) from [<c02641f0>] (kthread+0xdc/0xf4)
[  209.886259] [<c02641f0>] (kthread) from [<c0210be8>] (ret_from_fork+0x14/0x2c)
[  209.893469] oom_reaper      S c0a24c68     0    29      2 0x00000000
[  209.899825] [<c0a24c68>] (__schedule) from [<c0a25054>] (schedule+0x44/0x9c)
[  209.906867] [<c0a25054>] (schedule) from [<c02d1e88>] (oom_reaper+0xe0/0x11c)
[  209.913995] [<c02d1e88>] (oom_reaper) from [<c02641f0>] (kthread+0xdc/0xf4)
[  209.920949] [<c02641f0>] (kthread) from [<c0210be8>] (ret_from_fork+0x14/0x2c)
[  209.928160] writeback       S c0a24c68     0    30      2 0x00000000
[  209.934516] [<c0a24c68>] (__schedule) from [<c0a25054>] (schedule+0x44/0x9c)
[  209.941557] [<c0a25054>] (schedule) from [<c025f720>] (rescuer_thread+0x2fc/0x364)
[  209.949118] [<c025f720>] (rescuer_thread) from [<c02641f0>] (kthread+0xdc/0xf4)
[  209.956420] [<c02641f0>] (kthread) from [<c0210be8>] (ret_from_fork+0x14/0x2c)
[  209.963630] crypto          S c0a24c68     0    31      2 0x00000000
[  209.969988] [<c0a24c68>] (__schedule) from [<c0a25054>] (schedule+0x44/0x9c)
[  209.977029] [<c0a25054>] (schedule) from [<c025f720>] (rescuer_thread+0x2fc/0x364)
[  209.984591] [<c025f720>] (rescuer_thread) from [<c02641f0>] (kthread+0xdc/0xf4)
[  209.991893] [<c02641f0>] (kthread) from [<c0210be8>] (ret_from_fork+0x14/0x2c)
[  209.999103] bioset          S c0a24c68     0    32      2 0x00000000
[  210.005460] [<c0a24c68>] (__schedule) from [<c0a25054>] (schedule+0x44/0x9c)
[  210.012501] [<c0a25054>] (schedule) from [<c025f720>] (rescuer_thread+0x2fc/0x364)
[  210.020061] [<c025f720>] (rescuer_thread) from [<c02641f0>] (kthread+0xdc/0xf4)
[  210.027363] [<c02641f0>] (kthread) from [<c0210be8>] (ret_from_fork+0x14/0x2c)
[  210.034573] kblockd         S c0a24c68     0    33      2 0x00000000
[  210.040931] [<c0a24c68>] (__schedule) from [<c0a25054>] (schedule+0x44/0x9c)
[  210.047972] [<c0a25054>] (schedule) from [<c025f720>] (rescuer_thread+0x2fc/0x364)
[  210.055533] [<c025f720>] (rescuer_thread) from [<c02641f0>] (kthread+0xdc/0xf4)
[  210.062834] [<c02641f0>] (kthread) from [<c0210be8>] (ret_from_fork+0x14/0x2c)
[  210.070044] ata_sff         S c0a24c68     0    34      2 0x00000000
[  210.076401] [<c0a24c68>] (__schedule) from [<c0a25054>] (schedule+0x44/0x9c)
[  210.083442] [<c0a25054>] (schedule) from [<c025f720>] (rescuer_thread+0x2fc/0x364)
[  210.091003] [<c025f720>] (rescuer_thread) from [<c02641f0>] (kthread+0xdc/0xf4)
[  210.098305] [<c02641f0>] (kthread) from [<c0210be8>] (ret_from_fork+0x14/0x2c)
[  210.105515] edac-poller     S c0a24c68     0    35      2 0x00000000
[  210.111872] [<c0a24c68>] (__schedule) from [<c0a25054>] (schedule+0x44/0x9c)
[  210.118913] [<c0a25054>] (schedule) from [<c025f720>] (rescuer_thread+0x2fc/0x364)
[  210.126473] [<c025f720>] (rescuer_thread) from [<c02641f0>] (kthread+0xdc/0xf4)
[  210.133775] [<c02641f0>] (kthread) from [<c0210be8>] (ret_from_fork+0x14/0x2c)
[  210.140985] devfreq_wq      S c0a24c68     0    36      2 0x00000000
[  210.147342] [<c0a24c68>] (__schedule) from [<c0a25054>] (schedule+0x44/0x9c)
[  210.154383] [<c0a25054>] (schedule) from [<c025f720>] (rescuer_thread+0x2fc/0x364)
[  210.161943] [<c025f720>] (rescuer_thread) from [<c02641f0>] (kthread+0xdc/0xf4)
[  210.169245] [<c02641f0>] (kthread) from [<c0210be8>] (ret_from_fork+0x14/0x2c)
[  210.176455] rpciod          S c0a24c68     0    37      2 0x00000000
[  210.182813] [<c0a24c68>] (__schedule) from [<c0a25054>] (schedule+0x44/0x9c)
[  210.189854] [<c0a25054>] (schedule) from [<c025f720>] (rescuer_thread+0x2fc/0x364)
[  210.197414] [<c025f720>] (rescuer_thread) from [<c02641f0>] (kthread+0xdc/0xf4)
[  210.204716] [<c02641f0>] (kthread) from [<c0210be8>] (ret_from_fork+0x14/0x2c)
[  210.211926] kworker/0:1     S c0a24c68     0    38      2 0x00000000
[  210.218282] [<c0a24c68>] (__schedule) from [<c0a25054>] (schedule+0x44/0x9c)
[  210.225324] [<c0a25054>] (schedule) from [<c025efe4>] (worker_thread+0xd8/0x518)
[  210.232711] [<c025efe4>] (worker_thread) from [<c02641f0>] (kthread+0xdc/0xf4)
[  210.239926] [<c02641f0>] (kthread) from [<c0210be8>] (ret_from_fork+0x14/0x2c)
[  210.247136] kswapd0         S c0a24c68     0    39      2 0x00000000
[  210.253490] [<c0a24c68>] (__schedule) from [<c0a25054>] (schedule+0x44/0x9c)
[  210.260532] [<c0a25054>] (schedule) from [<c02e1cac>] (kswapd+0x8dc/0x8ec)
[  210.267399] [<c02e1cac>] (kswapd) from [<c02641f0>] (kthread+0xdc/0xf4)
[  210.274005] [<c02641f0>] (kthread) from [<c0210be8>] (ret_from_fork+0x14/0x2c)
[  210.281215] vmstat          S c0a24c68     0    40      2 0x00000000
[  210.287573] [<c0a24c68>] (__schedule) from [<c0a25054>] (schedule+0x44/0x9c)
[  210.294614] [<c0a25054>] (schedule) from [<c025f720>] (rescuer_thread+0x2fc/0x364)
[  210.302174] [<c025f720>] (rescuer_thread) from [<c02641f0>] (kthread+0xdc/0xf4)
[  210.309476] [<c02641f0>] (kthread) from [<c0210be8>] (ret_from_fork+0x14/0x2c)
[  210.316685] nfsiod          S c0a24c68     0    41      2 0x00000000
[  210.323042] [<c0a24c68>] (__schedule) from [<c0a25054>] (schedule+0x44/0x9c)
[  210.330083] [<c0a25054>] (schedule) from [<c025f720>] (rescuer_thread+0x2fc/0x364)
[  210.337645] [<c025f720>] (rescuer_thread) from [<c02641f0>] (kthread+0xdc/0xf4)
[  210.344947] [<c02641f0>] (kthread) from [<c0210be8>] (ret_from_fork+0x14/0x2c)
[  210.352157] bioset          S c0a24c68     0    50      2 0x00000000
[  210.358513] [<c0a24c68>] (__schedule) from [<c0a25054>] (schedule+0x44/0x9c)
[  210.365555] [<c0a25054>] (schedule) from [<c025f720>] (rescuer_thread+0x2fc/0x364)
[  210.373115] [<c025f720>] (rescuer_thread) from [<c02641f0>] (kthread+0xdc/0xf4)
[  210.380416] [<c02641f0>] (kthread) from [<c0210be8>] (ret_from_fork+0x14/0x2c)
[  210.387626] bioset          S c0a24c68     0    51      2 0x00000000
[  210.393983] [<c0a24c68>] (__schedule) from [<c0a25054>] (schedule+0x44/0x9c)
[  210.401024] [<c0a25054>] (schedule) from [<c025f720>] (rescuer_thread+0x2fc/0x364)
[  210.408584] [<c025f720>] (rescuer_thread) from [<c02641f0>] (kthread+0xdc/0xf4)
[  210.415886] [<c02641f0>] (kthread) from [<c0210be8>] (ret_from_fork+0x14/0x2c)
[  210.423096] bioset          S c0a24c68     0    52      2 0x00000000
[  210.429453] [<c0a24c68>] (__schedule) from [<c0a25054>] (schedule+0x44/0x9c)
[  210.436494] [<c0a25054>] (schedule) from [<c025f720>] (rescuer_thread+0x2fc/0x364)
[  210.444054] [<c025f720>] (rescuer_thread) from [<c02641f0>] (kthread+0xdc/0xf4)
[  210.451355] [<c02641f0>] (kthread) from [<c0210be8>] (ret_from_fork+0x14/0x2c)
[  210.458565] bioset          S c0a24c68     0    53      2 0x00000000
[  210.464922] [<c0a24c68>] (__schedule) from [<c0a25054>] (schedule+0x44/0x9c)
[  210.471963] [<c0a25054>] (schedule) from [<c025f720>] (rescuer_thread+0x2fc/0x364)
[  210.479525] [<c025f720>] (rescuer_thread) from [<c02641f0>] (kthread+0xdc/0xf4)
[  210.486826] [<c02641f0>] (kthread) from [<c0210be8>] (ret_from_fork+0x14/0x2c)
[  210.494036] bioset          S c0a24c68     0    54      2 0x00000000
[  210.500393] [<c0a24c68>] (__schedule) from [<c0a25054>] (schedule+0x44/0x9c)
[  210.507434] [<c0a25054>] (schedule) from [<c025f720>] (rescuer_thread+0x2fc/0x364)
[  210.514994] [<c025f720>] (rescuer_thread) from [<c02641f0>] (kthread+0xdc/0xf4)
[  210.522296] [<c02641f0>] (kthread) from [<c0210be8>] (ret_from_fork+0x14/0x2c)
[  210.529506] bioset          S c0a24c68     0    55      2 0x00000000
[  210.535864] [<c0a24c68>] (__schedule) from [<c0a25054>] (schedule+0x44/0x9c)
[  210.542905] [<c0a25054>] (schedule) from [<c025f720>] (rescuer_thread+0x2fc/0x364)
[  210.550466] [<c025f720>] (rescuer_thread) from [<c02641f0>] (kthread+0xdc/0xf4)
[  210.557767] [<c02641f0>] (kthread) from [<c0210be8>] (ret_from_fork+0x14/0x2c)
[  210.564976] bioset          S c0a24c68     0    56      2 0x00000000
[  210.571334] [<c0a24c68>] (__schedule) from [<c0a25054>] (schedule+0x44/0x9c)
[  210.578375] [<c0a25054>] (schedule) from [<c025f720>] (rescuer_thread+0x2fc/0x364)
[  210.585936] [<c025f720>] (rescuer_thread) from [<c02641f0>] (kthread+0xdc/0xf4)
[  210.593236] [<c02641f0>] (kthread) from [<c0210be8>] (ret_from_fork+0x14/0x2c)
[  210.600446] bioset          S c0a24c68     0    57      2 0x00000000
[  210.606803] [<c0a24c68>] (__schedule) from [<c0a25054>] (schedule+0x44/0x9c)
[  210.613844] [<c0a25054>] (schedule) from [<c025f720>] (rescuer_thread+0x2fc/0x364)
[  210.621405] [<c025f720>] (rescuer_thread) from [<c02641f0>] (kthread+0xdc/0xf4)
[  210.628705] [<c02641f0>] (kthread) from [<c0210be8>] (ret_from_fork+0x14/0x2c)
[  210.635915] bioset          S c0a24c68     0    58      2 0x00000000
[  210.642273] [<c0a24c68>] (__schedule) from [<c0a25054>] (schedule+0x44/0x9c)
[  210.649314] [<c0a25054>] (schedule) from [<c025f720>] (rescuer_thread+0x2fc/0x364)
[  210.656875] [<c025f720>] (rescuer_thread) from [<c02641f0>] (kthread+0xdc/0xf4)
[  210.664176] [<c02641f0>] (kthread) from [<c0210be8>] (ret_from_fork+0x14/0x2c)
[  210.671386] bioset          S c0a24c68     0    59      2 0x00000000
[  210.677743] [<c0a24c68>] (__schedule) from [<c0a25054>] (schedule+0x44/0x9c)
[  210.684784] [<c0a25054>] (schedule) from [<c025f720>] (rescuer_thread+0x2fc/0x364)
[  210.692346] [<c025f720>] (rescuer_thread) from [<c02641f0>] (kthread+0xdc/0xf4)
[  210.699647] [<c02641f0>] (kthread) from [<c0210be8>] (ret_from_fork+0x14/0x2c)
[  210.706856] bioset          S c0a24c68     0    60      2 0x00000000
[  210.713214] [<c0a24c68>] (__schedule) from [<c0a25054>] (schedule+0x44/0x9c)
[  210.720255] [<c0a25054>] (schedule) from [<c025f720>] (rescuer_thread+0x2fc/0x364)
[  210.727815] [<c025f720>] (rescuer_thread) from [<c02641f0>] (kthread+0xdc/0xf4)
[  210.735117] [<c02641f0>] (kthread) from [<c0210be8>] (ret_from_fork+0x14/0x2c)
[  210.742326] bioset          S c0a24c68     0    61      2 0x00000000
[  210.748683] [<c0a24c68>] (__schedule) from [<c0a25054>] (schedule+0x44/0x9c)
[  210.755724] [<c0a25054>] (schedule) from [<c025f720>] (rescuer_thread+0x2fc/0x364)
[  210.763286] [<c025f720>] (rescuer_thread) from [<c02641f0>] (kthread+0xdc/0xf4)
[  210.770587] [<c02641f0>] (kthread) from [<c0210be8>] (ret_from_fork+0x14/0x2c)
[  210.777796] bioset          S c0a24c68     0    62      2 0x00000000
[  210.784152] [<c0a24c68>] (__schedule) from [<c0a25054>] (schedule+0x44/0x9c)
[  210.791193] [<c0a25054>] (schedule) from [<c025f720>] (rescuer_thread+0x2fc/0x364)
[  210.798754] [<c025f720>] (rescuer_thread) from [<c02641f0>] (kthread+0xdc/0xf4)
[  210.806056] [<c02641f0>] (kthread) from [<c0210be8>] (ret_from_fork+0x14/0x2c)
[  210.813266] bioset          S c0a24c68     0    63      2 0x00000000
[  210.819623] [<c0a24c68>] (__schedule) from [<c0a25054>] (schedule+0x44/0x9c)
[  210.826664] [<c0a25054>] (schedule) from [<c025f720>] (rescuer_thread+0x2fc/0x364)
[  210.834224] [<c025f720>] (rescuer_thread) from [<c02641f0>] (kthread+0xdc/0xf4)
[  210.841526] [<c02641f0>] (kthread) from [<c0210be8>] (ret_from_fork+0x14/0x2c)
[  210.848736] bioset          S c0a24c68     0    64      2 0x00000000
[  210.855094] [<c0a24c68>] (__schedule) from [<c0a25054>] (schedule+0x44/0x9c)
[  210.862135] [<c0a25054>] (schedule) from [<c025f720>] (rescuer_thread+0x2fc/0x364)
[  210.869697] [<c025f720>] (rescuer_thread) from [<c02641f0>] (kthread+0xdc/0xf4)
[  210.876998] [<c02641f0>] (kthread) from [<c0210be8>] (ret_from_fork+0x14/0x2c)
[  210.884208] bioset          S c0a24c68     0    65      2 0x00000000
[  210.890565] [<c0a24c68>] (__schedule) from [<c0a25054>] (schedule+0x44/0x9c)
[  210.897606] [<c0a25054>] (schedule) from [<c025f720>] (rescuer_thread+0x2fc/0x364)
[  210.905166] [<c025f720>] (rescuer_thread) from [<c02641f0>] (kthread+0xdc/0xf4)
[  210.912468] [<c02641f0>] (kthread) from [<c0210be8>] (ret_from_fork+0x14/0x2c)
[  210.919677] bioset          S c0a24c68     0    66      2 0x00000000
[  210.926034] [<c0a24c68>] (__schedule) from [<c0a25054>] (schedule+0x44/0x9c)
[  210.933075] [<c0a25054>] (schedule) from [<c025f720>] (rescuer_thread+0x2fc/0x364)
[  210.940637] [<c025f720>] (rescuer_thread) from [<c02641f0>] (kthread+0xdc/0xf4)
[  210.947938] [<c02641f0>] (kthread) from [<c0210be8>] (ret_from_fork+0x14/0x2c)
[  210.955148] bioset          S c0a24c68     0    67      2 0x00000000
[  210.961505] [<c0a24c68>] (__schedule) from [<c0a25054>] (schedule+0x44/0x9c)
[  210.968546] [<c0a25054>] (schedule) from [<c025f720>] (rescuer_thread+0x2fc/0x364)
[  210.976108] [<c025f720>] (rescuer_thread) from [<c02641f0>] (kthread+0xdc/0xf4)
[  210.983408] [<c02641f0>] (kthread) from [<c0210be8>] (ret_from_fork+0x14/0x2c)
[  210.990618] bioset          S c0a24c68     0    68      2 0x00000000
[  210.996975] [<c0a24c68>] (__schedule) from [<c0a25054>] (schedule+0x44/0x9c)
[  211.004016] [<c0a25054>] (schedule) from [<c025f720>] (rescuer_thread+0x2fc/0x364)
[  211.011576] [<c025f720>] (rescuer_thread) from [<c02641f0>] (kthread+0xdc/0xf4)
[  211.018878] [<c02641f0>] (kthread) from [<c0210be8>] (ret_from_fork+0x14/0x2c)
[  211.026088] bioset          S c0a24c68     0    69      2 0x00000000
[  211.032445] [<c0a24c68>] (__schedule) from [<c0a25054>] (schedule+0x44/0x9c)
[  211.039486] [<c0a25054>] (schedule) from [<c025f720>] (rescuer_thread+0x2fc/0x364)
[  211.047046] [<c025f720>] (rescuer_thread) from [<c02641f0>] (kthread+0xdc/0xf4)
[  211.054348] [<c02641f0>] (kthread) from [<c0210be8>] (ret_from_fork+0x14/0x2c)
[  211.061558] bioset          S c0a24c68     0    70      2 0x00000000
[  211.067915] [<c0a24c68>] (__schedule) from [<c0a25054>] (schedule+0x44/0x9c)
[  211.074956] [<c0a25054>] (schedule) from [<c025f720>] (rescuer_thread+0x2fc/0x364)
[  211.082516] [<c025f720>] (rescuer_thread) from [<c02641f0>] (kthread+0xdc/0xf4)
[  211.089818] [<c02641f0>] (kthread) from [<c0210be8>] (ret_from_fork+0x14/0x2c)
[  211.097028] bioset          S c0a24c68     0    71      2 0x00000000
[  211.103385] [<c0a24c68>] (__schedule) from [<c0a25054>] (schedule+0x44/0x9c)
[  211.110426] [<c0a25054>] (schedule) from [<c025f720>] (rescuer_thread+0x2fc/0x364)
[  211.117986] [<c025f720>] (rescuer_thread) from [<c02641f0>] (kthread+0xdc/0xf4)
[  211.125288] [<c02641f0>] (kthread) from [<c0210be8>] (ret_from_fork+0x14/0x2c)
[  211.132497] bioset          S c0a24c68     0    72      2 0x00000000
[  211.138853] [<c0a24c68>] (__schedule) from [<c0a25054>] (schedule+0x44/0x9c)
[  211.145895] [<c0a25054>] (schedule) from [<c025f720>] (rescuer_thread+0x2fc/0x364)
[  211.153455] [<c025f720>] (rescuer_thread) from [<c02641f0>] (kthread+0xdc/0xf4)
[  211.160756] [<c02641f0>] (kthread) from [<c0210be8>] (ret_from_fork+0x14/0x2c)
[  211.167966] bioset          S c0a24c68     0    73      2 0x00000000
[  211.174323] [<c0a24c68>] (__schedule) from [<c0a25054>] (schedule+0x44/0x9c)
[  211.181364] [<c0a25054>] (schedule) from [<c025f720>] (rescuer_thread+0x2fc/0x364)
[  211.188924] [<c025f720>] (rescuer_thread) from [<c02641f0>] (kthread+0xdc/0xf4)
[  211.196226] [<c02641f0>] (kthread) from [<c0210be8>] (ret_from_fork+0x14/0x2c)
[  211.203436] irq/31-21000400 S c0a24c68     0    74      2 0x00000000
[  211.209790] [<c0a24c68>] (__schedule) from [<c0a25054>] (schedule+0x44/0x9c)
[  211.216833] [<c0a25054>] (schedule) from [<c028ce30>] (irq_thread+0xb8/0x1ec)
[  211.223960] [<c028ce30>] (irq_thread) from [<c02641f0>] (kthread+0xdc/0xf4)
[  211.230914] [<c02641f0>] (kthread) from [<c0210be8>] (ret_from_fork+0x14/0x2c)
[  211.238124] spi32766        S c0a24c68     0    75      2 0x00000000
[  211.244479] [<c0a24c68>] (__schedule) from [<c0a25054>] (schedule+0x44/0x9c)
[  211.251520] [<c0a25054>] (schedule) from [<c0264314>] (kthread_worker_fn+0x10c/0x19c)
[  211.259342] [<c0264314>] (kthread_worker_fn) from [<c02641f0>] (kthread+0xdc/0xf4)
[  211.266903] [<c02641f0>] (kthread) from [<c0210be8>] (ret_from_fork+0x14/0x2c)
[  211.274113] bioset          S c0a24c68     0    76      2 0x00000000
[  211.280470] [<c0a24c68>] (__schedule) from [<c0a25054>] (schedule+0x44/0x9c)
[  211.287511] [<c0a25054>] (schedule) from [<c025f720>] (rescuer_thread+0x2fc/0x364)
[  211.295073] [<c025f720>] (rescuer_thread) from [<c02641f0>] (kthread+0xdc/0xf4)
[  211.302374] [<c02641f0>] (kthread) from [<c0210be8>] (ret_from_fork+0x14/0x2c)
[  211.309584] bioset          S c0a24c68     0    77      2 0x00000000
[  211.315942] [<c0a24c68>] (__schedule) from [<c0a25054>] (schedule+0x44/0x9c)
[  211.322984] [<c0a25054>] (schedule) from [<c025f720>] (rescuer_thread+0x2fc/0x364)
[  211.330545] [<c025f720>] (rescuer_thread) from [<c02641f0>] (kthread+0xdc/0xf4)
[  211.337847] [<c02641f0>] (kthread) from [<c0210be8>] (ret_from_fork+0x14/0x2c)
[  211.345057] irq/32-21000600 S c0a24c68     0    78      2 0x00000000
[  211.351413] [<c0a24c68>] (__schedule) from [<c0a25054>] (schedule+0x44/0x9c)
[  211.358453] [<c0a25054>] (schedule) from [<c028ce30>] (irq_thread+0xb8/0x1ec)
[  211.365580] [<c028ce30>] (irq_thread) from [<c02641f0>] (kthread+0xdc/0xf4)
[  211.372534] [<c02641f0>] (kthread) from [<c0210be8>] (ret_from_fork+0x14/0x2c)
[  211.379744] spi32765        S c0a24c68     0    79      2 0x00000000
[  211.386099] [<c0a24c68>] (__schedule) from [<c0a25054>] (schedule+0x44/0x9c)
[  211.393140] [<c0a25054>] (schedule) from [<c0264314>] (kthread_worker_fn+0x10c/0x19c)
[  211.400962] [<c0264314>] (kthread_worker_fn) from [<c02641f0>] (kthread+0xdc/0xf4)
[  211.408523] [<c02641f0>] (kthread) from [<c0210be8>] (ret_from_fork+0x14/0x2c)
[  211.415732] irq/33-21000800 S c0a24c68     0    80      2 0x00000000
[  211.422087] [<c0a24c68>] (__schedule) from [<c0a25054>] (schedule+0x44/0x9c)
[  211.429127] [<c0a25054>] (schedule) from [<c028ce30>] (irq_thread+0xb8/0x1ec)
[  211.436254] [<c028ce30>] (irq_thread) from [<c02641f0>] (kthread+0xdc/0xf4)
[  211.443208] [<c02641f0>] (kthread) from [<c0210be8>] (ret_from_fork+0x14/0x2c)
[  211.450418] spi32764        S c0a24c68     0    81      2 0x00000000
[  211.456774] [<c0a24c68>] (__schedule) from [<c0a25054>] (schedule+0x44/0x9c)
[  211.463816] [<c0a25054>] (schedule) from [<c0264314>] (kthread_worker_fn+0x10c/0x19c)
[  211.471638] [<c0264314>] (kthread_worker_fn) from [<c02641f0>] (kthread+0xdc/0xf4)
[  211.479198] [<c02641f0>] (kthread) from [<c0210be8>] (ret_from_fork+0x14/0x2c)
[  211.486408] kworker/u8:1    S c0a24c68     0    82      2 0x00000000
[  211.492765] [<c0a24c68>] (__schedule) from [<c0a25054>] (schedule+0x44/0x9c)
[  211.499806] [<c0a25054>] (schedule) from [<c025efe4>] (worker_thread+0xd8/0x518)
[  211.507193] [<c025efe4>] (worker_thread) from [<c02641f0>] (kthread+0xdc/0xf4)
[  211.514406] [<c02641f0>] (kthread) from [<c0210be8>] (ret_from_fork+0x14/0x2c)
[  211.521616] kworker/2:1     S c0a24c68     0    85      2 0x00000000
[  211.527972] [<c0a24c68>] (__schedule) from [<c0a25054>] (schedule+0x44/0x9c)
[  211.535013] [<c0a25054>] (schedule) from [<c025efe4>] (worker_thread+0xd8/0x518)
[  211.542400] [<c025efe4>] (worker_thread) from [<c02641f0>] (kthread+0xdc/0xf4)
[  211.549614] [<c02641f0>] (kthread) from [<c0210be8>] (ret_from_fork+0x14/0x2c)
[  211.556824] kworker/3:1     S c0a24c68     0    86      2 0x00000000
[  211.563183] [<c0a24c68>] (__schedule) from [<c0a25054>] (schedule+0x44/0x9c)
[  211.570224] [<c0a25054>] (schedule) from [<c025efe4>] (worker_thread+0xd8/0x518)
[  211.577612] [<c025efe4>] (worker_thread) from [<c02641f0>] (kthread+0xdc/0xf4)
[  211.584827] [<c02641f0>] (kthread) from [<c0210be8>] (ret_from_fork+0x14/0x2c)
[  211.592036] kworker/1:1     S c0a24c68     0    87      2 0x00000000
[  211.598393] [<c0a24c68>] (__schedule) from [<c0a25054>] (schedule+0x44/0x9c)
[  211.605434] [<c0a25054>] (schedule) from [<c025efe4>] (worker_thread+0xd8/0x518)
[  211.612821] [<c025efe4>] (worker_thread) from [<c02641f0>] (kthread+0xdc/0xf4)
[  211.620035] [<c02641f0>] (kthread) from [<c0210be8>] (ret_from_fork+0x14/0x2c)
[  211.627244] kpsmoused       S c0a24c68     0    88      2 0x00000000
[  211.633602] [<c0a24c68>] (__schedule) from [<c0a25054>] (schedule+0x44/0x9c)
[  211.640643] [<c0a25054>] (schedule) from [<c025f720>] (rescuer_thread+0x2fc/0x364)
[  211.648204] [<c025f720>] (rescuer_thread) from [<c02641f0>] (kthread+0xdc/0xf4)
[  211.655505] [<c02641f0>] (kthread) from [<c0210be8>] (ret_from_fork+0x14/0x2c)
[  211.662715] bioset          S c0a24c68     0    89      2 0x00000000
[  211.669072] [<c0a24c68>] (__schedule) from [<c0a25054>] (schedule+0x44/0x9c)
[  211.676113] [<c0a25054>] (schedule) from [<c025f720>] (rescuer_thread+0x2fc/0x364)
[  211.683674] [<c025f720>] (rescuer_thread) from [<c02641f0>] (kthread+0xdc/0xf4)
[  211.690975] [<c02641f0>] (kthread) from [<c0210be8>] (ret_from_fork+0x14/0x2c)
[  211.698185] bioset          S c0a24c68     0    90      2 0x00000000
[  211.704543] [<c0a24c68>] (__schedule) from [<c0a25054>] (schedule+0x44/0x9c)
[  211.711583] [<c0a25054>] (schedule) from [<c025f720>] (rescuer_thread+0x2fc/0x364)
[  211.719144] [<c025f720>] (rescuer_thread) from [<c02641f0>] (kthread+0xdc/0xf4)
[  211.726445] [<c02641f0>] (kthread) from [<c0210be8>] (ret_from_fork+0x14/0x2c)
[  211.733655] bioset          S c0a24c68     0    91      2 0x00000000
[  211.740011] [<c0a24c68>] (__schedule) from [<c0a25054>] (schedule+0x44/0x9c)
[  211.747052] [<c0a25054>] (schedule) from [<c025f720>] (rescuer_thread+0x2fc/0x364)
[  211.754613] [<c025f720>] (rescuer_thread) from [<c02641f0>] (kthread+0xdc/0xf4)
[  211.761914] [<c02641f0>] (kthread) from [<c0210be8>] (ret_from_fork+0x14/0x2c)
[  211.769123] ipv6_addrconf   S c0a24c68     0    92      2 0x00000000
[  211.775480] [<c0a24c68>] (__schedule) from [<c0a25054>] (schedule+0x44/0x9c)
[  211.782521] [<c0a25054>] (schedule) from [<c025f720>] (rescuer_thread+0x2fc/0x364)
[  211.790082] [<c025f720>] (rescuer_thread) from [<c02641f0>] (kthread+0xdc/0xf4)
[  211.797383] [<c02641f0>] (kthread) from [<c0210be8>] (ret_from_fork+0x14/0x2c)
[  211.804592] deferwq         S c0a24c68     0    93      2 0x00000000
[  211.810948] [<c0a24c68>] (__schedule) from [<c0a25054>] (schedule+0x44/0x9c)
[  211.817989] [<c0a25054>] (schedule) from [<c025f720>] (rescuer_thread+0x2fc/0x364)
[  211.825550] [<c025f720>] (rescuer_thread) from [<c02641f0>] (kthread+0xdc/0xf4)
[  211.832851] [<c02641f0>] (kthread) from [<c0210be8>] (ret_from_fork+0x14/0x2c)
[  211.840061] kworker/0:1H    S c0a24c68     0    94      2 0x00000000
[  211.846419] [<c0a24c68>] (__schedule) from [<c0a25054>] (schedule+0x44/0x9c)
[  211.853459] [<c0a25054>] (schedule) from [<c025efe4>] (worker_thread+0xd8/0x518)
[  211.860846] [<c025efe4>] (worker_thread) from [<c02641f0>] (kthread+0xdc/0xf4)
[  211.868061] [<c02641f0>] (kthread) from [<c0210be8>] (ret_from_fork+0x14/0x2c)
[  211.875270] kworker/0:2H    S c0a24c68     0    95      2 0x00000000
[  211.881628] [<c0a24c68>] (__schedule) from [<c0a25054>] (schedule+0x44/0x9c)
[  211.888668] [<c0a25054>] (schedule) from [<c025efe4>] (worker_thread+0xd8/0x518)
[  211.896056] [<c025efe4>] (worker_thread) from [<c02641f0>] (kthread+0xdc/0xf4)
[  211.903270] [<c02641f0>] (kthread) from [<c0210be8>] (ret_from_fork+0x14/0x2c)
[  211.910482] Sched Debug Version: v0.11, 4.4.0-next-20160121-00002-g2ff5cab8bdfd #1
[  211.918040] ktime                                   : 211908.696561
[  211.924296] sched_clk                               : 211910.479440
[  211.930551] cpu_clk                                 : 211910.479651
[  211.936806] jiffies                                 : 4294949297
[  211.942800] 
[  211.944281] sysctl_sched
[  211.946804]   .sysctl_sched_latency                    : 18.000000
[  211.952972]   .sysctl_sched_min_granularity            : 2.250000
[  211.959053]   .sysctl_sched_wakeup_granularity         : 3.000000
[  211.965134]   .sysctl_sched_child_runs_first           : 0
[  211.970608]   .sysctl_sched_features                   : 44859
[  211.976429]   .sysctl_sched_tunable_scaling            : 1 (logaritmic)
[  211.983030] 
[  211.984511] cpu#0
[  211.986426]   .nr_running                    : 0
[  211.991031]   .load                          : 0
[  211.995637]   .nr_switches                   : 25517
[  212.000589]   .nr_load_updates               : 36435
[  212.005542]   .nr_uninterruptible            : -1
[  212.010235]   .next_balance                  : 4294.949067
[  212.015709]   .curr->pid                     : 0
[  212.020315]   .clock                         : 208846.788085
[  212.025963]   .clock_task                    : 208846.788085
[  212.031610]   .cpu_load[0]                   : 0
[  212.036216]   .cpu_load[1]                   : 5478
[  212.041082]   .cpu_load[2]                   : 27799
[  212.046034]   .cpu_load[3]                   : 51544
[  212.050986]   .cpu_load[4]                   : 67951
[  212.055939] 
[  212.055939] cfs_rq[0]:
[  212.059765]   .exec_clock                    : 0.000000
[  212.064979]   .MIN_vruntime                  : 0.000001
[  212.070193]   .min_vruntime                  : 3858.519008
[  212.075667]   .max_vruntime                  : 0.000001
[  212.080880]   .spread                        : 0.000000
[  212.086094]   .spread0                       : 0.000000
[  212.091307]   .nr_spread_over                : 0
[  212.095912]   .nr_running                    : 0
[  212.100517]   .load                          : 0
[  212.105124]   .load_avg                      : 64773
[  212.110076]   .runnable_load_avg             : 0
[  212.114682]   .util_avg                      : 744
[  212.119462]   .removed_load_avg              : 0
[  212.124068]   .removed_util_avg              : 0
[  212.128673] 
[  212.128673] rt_rq[0]:
[  212.132413]   .rt_nr_running                 : 0
[  212.137018]   .rt_throttled                  : 0
[  212.141624]   .rt_time                       : 0.009595
[  212.146838]   .rt_runtime                    : 950.000000
[  212.152224] 
[  212.152224] dl_rq[0]:
[  212.155962]   .dl_nr_running                 : 0
[  212.160569] 
[  212.160569] runnable tasks:
[  212.160569]             task   PID         tree-key  switches  prio     wait-time             sum-exec        sum-sleep
[  212.160569] ----------------------------------------------------------------------------------------------------------
[  212.186267]        swapper/0     1      3849.543060       788   120         0.000000      1661.757673         0.000000
[  212.196964]         kthreadd     2      2481.002078        89   120         0.000000         1.581651         0.000000
[  212.207660]      ksoftirqd/0     3      3855.590670     11683   120         0.000000      2049.934579         0.000000
[  212.218355]      kworker/0:0     4       110.425305        11   120         0.000000         1.644144         0.000000
[  212.229049]     kworker/0:0H     5      3858.519008     11781   100         0.000000    177943.596116         0.000000
[  212.239742]     kworker/u8:0     6      3846.857198        17   120         0.000000         0.696916         0.000000
[  212.250437]           rcu_bh     8        16.116893         2   120         0.000000         0.005228         0.000000
[  212.261130]      migration/0     9         0.000000         6     0         0.000000         0.430525         0.000000
[  212.271824]       watchdog/0    10         0.000000        55     0         0.000000         1.231117         0.000000
[  212.282518]      kworker/0:1    38      3845.944549       283   120         0.000000         9.627722         0.000000
[  212.293212]           bioset    53       868.163785         2   100         0.000000         0.013070         0.000000
[  212.303908]           bioset    58       877.173499         2   100         0.000000         0.012092         0.000000
[  212.314601]           bioset    62       886.182906         2   100         0.000000         0.011990         0.000000
[  212.325296]           bioset    66       895.192911         2   100         0.000000         0.012226         0.000000
[  212.335991]           bioset    67       904.202411         2   100         0.000000         0.011741         0.000000
[  212.346685]           bioset    70       913.211742         2   100         0.000000         0.011496         0.000000
[  212.357380]  irq/31-21000400    74         0.000000         2    49         0.000000         0.297754         0.000000
[  212.368076]  irq/33-21000800    80         0.000000         2    49         0.000000         0.283239         0.000000
[  212.378769]     kworker/u8:1    82      1020.779985         2   120         0.000000         0.008213         0.000000
[  212.389464]           bioset    89      1733.849024         2   100         0.000000         0.013488         0.000000
[  212.400157]     kworker/0:1H    94      2480.982730         4   100         0.000000         0.050401         0.000000
[  212.410852]     kworker/0:2H    95      2489.982352         2   100         0.000000         0.013781         0.000000
[  212.421547] 
[  212.423028] cpu#1
[  212.424943]   .nr_running                    : 0
[  212.429549]   .load                          : 0
[  212.434155]   .nr_switches                   : 1656
[  212.439021]   .nr_load_updates               : 110
[  212.443799]   .nr_uninterruptible            : 2
[  212.448406]   .next_balance                  : 4294.949108
[  212.453879]   .curr->pid                     : 0
[  212.458485]   .clock                         : 212006.796484
[  212.464133]   .clock_task                    : 212006.796484
[  212.469780]   .cpu_load[0]                   : 0
[  212.474386]   .cpu_load[1]                   : 0
[  212.478991]   .cpu_load[2]                   : 0
[  212.483596]   .cpu_load[3]                   : 0
[  212.488201]   .cpu_load[4]                   : 0
[  212.492806] 
[  212.492806] cfs_rq[1]:
[  212.496631]   .exec_clock                    : 0.000000
[  212.501844]   .MIN_vruntime                  : 0.000001
[  212.507058]   .min_vruntime                  : 128.623691
[  212.512445]   .max_vruntime                  : 0.000001
[  212.517658]   .spread                        : 0.000000
[  212.522871]   .spread0                       : -3729.895317
[  212.528432]   .nr_spread_over                : 0
[  212.533038]   .nr_running                    : 0
[  212.537644]   .load                          : 0
[  212.542250]   .load_avg                      : 0
[  212.546856]   .runnable_load_avg             : 0
[  212.551462]   .util_avg                      : 0
[  212.556068]   .removed_load_avg              : 0
[  212.560674]   .removed_util_avg              : 0
[  212.565280] 
[  212.565280] rt_rq[1]:
[  212.569018]   .rt_nr_running                 : 0
[  212.573624]   .rt_throttled                  : 0
[  212.578230]   .rt_time                       : 0.015668
[  212.583443]   .rt_runtime                    : 950.000000
[  212.588830] 
[  212.588830] dl_rq[1]:
[  212.592568]   .dl_nr_running                 : 0
[  212.597173] 
[  212.597173] runnable tasks:
[  212.597173]             task   PID         tree-key  switches  prio     wait-time             sum-exec        sum-sleep
[  212.597173] ----------------------------------------------------------------------------------------------------------
[  212.622871]       watchdog/1    11        -5.990333        56     0         0.000000         0.443431         0.000000
[  212.633565]      migration/1    12         0.000000         4     0         0.000000         0.034276         0.000000
[  212.644260]      ksoftirqd/1    13        -6.048113         3   120         0.000000         0.011482         0.000000
[  212.654953]      kworker/1:0    14        98.569938        46   120         0.000000         0.319059         0.000000
[  212.665647]     kworker/1:0H    15        17.078524         5   100         0.000000         0.023157         0.000000
[  212.676340]        kdevtmpfs    26       104.705778       655   120         0.000000        10.362111         0.000000
[  212.687034]       oom_reaper    29         0.000000         2     0         0.000000         0.013267         0.000000
[  212.697728]           bioset    32        26.078361         2   100         0.000000         0.012633         0.000000
[  212.708423]           bioset    52        35.464475         2   100         0.000000         0.014098         0.000000
[  212.719117]           bioset    54        44.474245         2   100         0.000000         0.012149         0.000000
[  212.729811]           bioset    57        53.483740         2   100         0.000000         0.011684         0.000000
[  212.740505]           bioset    61        62.493375         2   100         0.000000         0.011842         0.000000
[  212.751200]           bioset    65        71.502805         2   100         0.000000         0.011846         0.000000
[  212.761893]           bioset    71        80.511878         2   100         0.000000         0.011261         0.000000
[  212.772587]         spi32766    75        89.530093         3   120         0.000000         0.018220         0.000000
[  212.783281]         spi32765    79        98.540845         2   120         0.000000         0.010757         0.000000
[  212.793976]      kworker/1:1    87       107.626735        11   120         0.000000         0.084345         0.000000
[  212.804671]           bioset    91       113.601886         2   100         0.000000         0.016805         0.000000
[  212.815365] 
[  212.816846] cpu#2
[  212.818762]   .nr_running                    : 0
[  212.823367]   .load                          : 0
[  212.827974]   .nr_switches                   : 93560
[  212.832926]   .nr_load_updates               : 37044
[  212.837878]   .nr_uninterruptible            : -1
[  212.842572]   .next_balance                  : 4294.949778
[  212.848045]   .curr->pid                     : 0
[  212.852652]   .clock                         : 212851.785037
[  212.858299]   .clock_task                    : 212856.784938
[  212.863947]   .cpu_load[0]                   : 0
[  212.868552]   .cpu_load[1]                   : 0
[  212.873158]   .cpu_load[2]                   : 0
[  212.877764]   .cpu_load[3]                   : 0
[  212.882370]   .cpu_load[4]                   : 0
[  212.886975] 
[  212.886975] cfs_rq[2]:
[  212.890800]   .exec_clock                    : 0.000000
[  212.896014]   .MIN_vruntime                  : 0.000001
[  212.901227]   .min_vruntime                  : 542.652432
[  212.906614]   .max_vruntime                  : 0.000001
[  212.911827]   .spread                        : 0.000000
[  212.917041]   .spread0                       : -3315.866576
[  212.922601]   .nr_spread_over                : 0
[  212.927207]   .nr_running                    : 0
[  212.931813]   .load                          : 0
[  212.936419]   .load_avg                      : 0
[  212.941025]   .runnable_load_avg             : 0
[  212.945631]   .util_avg                      : 0
[  212.950237]   .removed_load_avg              : 0
[  212.954843]   .removed_util_avg              : 0
[  212.959448] 
[  212.959448] rt_rq[2]:
[  212.963186]   .rt_nr_running                 : 0
[  212.967792]   .rt_throttled                  : 0
[  212.972399]   .rt_time                       : 0.011313
[  212.977612]   .rt_runtime                    : 950.000000
[  212.982998] 
[  212.982998] dl_rq[2]:
[  212.986736]   .dl_nr_running                 : 0
[  212.991343] 
[  212.991343] runnable tasks:
[  212.991343]             task   PID         tree-key  switches  prio     wait-time             sum-exec        sum-sleep
[  212.991343] ----------------------------------------------------------------------------------------------------------
[  213.017040]        rcu_sched     7       542.652432     46659   120         0.000000       394.861805         0.000000
[  213.027737]       watchdog/2    16        -5.991144        56     0         0.000000         0.318473         0.000000
[  213.038431]      migration/2    17         0.000000         4     0         0.000000         0.034590         0.000000
[  213.049126]      ksoftirqd/2    18        -7.043311         3   120         0.000000         0.010117         0.000000
[  213.059820]      kworker/2:0    19       140.278591        44   120         0.000000         0.234501         0.000000
[  213.070515]     kworker/2:0H    20        25.995448         5   100         0.000000         0.021269         0.000000
[  213.081210]             perf    27         7.963122         2   100         0.000000         0.014131         0.000000
[  213.091902]        writeback    30        16.974769         2   100         0.000000         0.013622         0.000000
[  213.102594]          kblockd    33        25.984943         2   100         0.000000         0.012268         0.000000
[  213.113287]      edac-poller    35        34.995360         2   100         0.000000         0.012307         0.000000
[  213.123981]           rpciod    37        44.010757         2   100         0.000000         0.017500         0.000000
[  213.134675]          kswapd0    39        71.100933         3   120         0.000000         0.026886         0.000000
[  213.145368]           nfsiod    41        62.041802         2   100         0.000000         0.012826         0.000000
[  213.156060]           bioset    50        89.105938         2   100         0.000000         0.013709         0.000000
[  213.166754]           bioset    55        98.116293         2   100         0.000000         0.012263         0.000000
[  213.177447]           bioset    59       107.126471         2   100         0.000000         0.012072         0.000000
[  213.188140]           bioset    63       116.136524         2   100         0.000000         0.011943         0.000000
[  213.198834]           bioset    68       125.147200         2   100         0.000000         0.012642         0.000000
[  213.209528]           bioset    73       134.157374         2   100         0.000000         0.012221         0.000000
[  213.220222]           bioset    76       143.167779         2   100         0.000000         0.012442         0.000000
[  213.230917]         spi32764    81       143.176213         2   120         0.000000         0.016714         0.000000
[  213.241611]      kworker/2:1    85       149.327424        12   120         0.000000         0.098059         0.000000
[  213.252304]        kpsmoused    88       149.239039         2   100         0.000000         0.013301         0.000000
[  213.262998]          deferwq    93       158.294735         2   100         0.000000         0.014449         0.000000
[  213.273691] 
[  213.275171] cpu#3
[  213.277087]   .nr_running                    : 0
[  213.281692]   .load                          : 0
[  213.286298]   .nr_switches                   : 293
[  213.291077]   .nr_load_updates               : 33976
[  213.296029]   .nr_uninterruptible            : 1
[  213.300635]   .next_balance                  : 4294.949376
[  213.306109]   .curr->pid                     : 0
[  213.310715]   .clock                         : 212016.796675
[  213.316363]   .clock_task                    : 212016.796675
[  213.322010]   .cpu_load[0]                   : 0
[  213.326616]   .cpu_load[1]                   : 0
[  213.331222]   .cpu_load[2]                   : 0
[  213.335828]   .cpu_load[3]                   : 0
[  213.340433]   .cpu_load[4]                   : 0
[  213.345039] 
[  213.345039] cfs_rq[3]:
[  213.348864]   .exec_clock                    : 0.000000
[  213.354078]   .MIN_vruntime                  : 0.000001
[  213.359292]   .min_vruntime                  : 164.257109
[  213.364679]   .max_vruntime                  : 0.000001
[  213.369892]   .spread                        : 0.000000
[  213.375105]   .spread0                       : -3694.261899
[  213.380666]   .nr_spread_over                : 0
[  213.385271]   .nr_running                    : 0
[  213.389877]   .load                          : 0
[  213.394482]   .load_avg                      : 0
[  213.399088]   .runnable_load_avg             : 0
[  213.403694]   .util_avg                      : 0
[  213.408300]   .removed_load_avg              : 0
[  213.412905]   .removed_util_avg              : 0
[  213.417511] 
[  213.417511] rt_rq[3]:
[  213.421249]   .rt_nr_running                 : 0
[  213.425855]   .rt_throttled                  : 0
[  213.430461]   .rt_time                       : 0.016378
[  213.435674]   .rt_runtime                    : 950.000000
[  213.441061] 
[  213.441061] dl_rq[3]:
[  213.444799]   .dl_nr_running                 : 0
[  213.449404] 
[  213.449404] runnable tasks:
[  213.449404]             task   PID         tree-key  switches  prio     wait-time             sum-exec        sum-sleep
[  213.449404] ----------------------------------------------------------------------------------------------------------
[  213.475102]       watchdog/3    21        -8.991101        56     0         0.000000         0.444197         0.000000
[  213.485798]      migration/3    22         0.000000         4     0         0.000000         0.031081         0.000000
[  213.496492]      ksoftirqd/3    23       -10.042120         3   120         0.000000         0.010901         0.000000
[  213.507184]      kworker/3:0    24       143.224993        44   120         0.000000         0.287732         0.000000
[  213.517876]     kworker/3:0H    25        25.996778         5   100         0.000000         0.021584         0.000000
[  213.528571]       khungtaskd    28       155.278118         3   120         0.000000         0.034775         0.000000
[  213.539266]           crypto    31        16.975775         2   100         0.000000         0.012942         0.000000
[  213.549961]          ata_sff    34        25.986492         2   100         0.000000         0.012682         0.000000
[  213.560654]       devfreq_wq    36        34.996686         2   100         0.000000         0.012211         0.000000
[  213.571347]           vmstat    40        53.016105         2   100         0.000000         0.012518         0.000000
[  213.582040]           bioset    51        89.112020         2   100         0.000000         0.015547         0.000000
[  213.592732]           bioset    56        98.124658         2   100         0.000000         0.014850         0.000000
[  213.603425]           bioset    60       107.137030         2   100         0.000000         0.014674         0.000000
[  213.614118]           bioset    64       116.149469         2   100         0.000000         0.014779         0.000000
[  213.624812]           bioset    69       125.162318         2   100         0.000000         0.014900         0.000000
[  213.635505]           bioset    72       134.174518         2   100         0.000000         0.014328         0.000000
[  213.646197]           bioset    77       134.177555         2   100         0.000000         0.013045         0.000000
[  213.656890]  irq/32-21000600    78         0.000000         2    49         0.000000         0.019916         0.000000
[  213.667584]      kworker/3:1    86       155.274557        11   120         0.000000         0.088562         0.000000
[  213.678278]           bioset    90       158.242212         2   100         0.000000         0.017145         0.000000
[  213.688972]    ipv6_addrconf    92       164.257109         2   100         0.000000         0.018796         0.000000
[  213.699664] 
[  213.701145] Showing busy workqueues and worker pools:
- 12:58:59 [INFO] [  219.120805] sysrq: SysRq : Show backtrace of all active CPUs
[  219.126459] Sending NMI to all CPUs:
[  219.130025] NMI backtrace for cpu 0
[  219.133506] CPU: 0 PID: 0 Comm: swapper/0 Not tainted 4.4.0-next-20160121-00002-g2ff5cab8bdfd #1
[  219.142278] Hardware name: Keystone
[  219.145765] [<c0218920>] (unwind_backtrace) from [<c0213ff0>] (show_stack+0x10/0x14)
[  219.153501] [<c0213ff0>] (show_stack) from [<c0491250>] (dump_stack+0x8c/0x9c)
[  219.160718] [<c0491250>] (dump_stack) from [<c0494bac>] (nmi_cpu_backtrace+0x88/0x8c)
[  219.168540] [<c0494bac>] (nmi_cpu_backtrace) from [<c021679c>] (raise_nmi+0x6c/0x70)
[  219.176274] [<c021679c>] (raise_nmi) from [<c0494b10>] (nmi_trigger_all_cpu_backtrace+0xf4/0x108)
[  219.185139] [<c0494b10>] (nmi_trigger_all_cpu_backtrace) from [<c05a9ab8>] (__handle_sysrq+0xa8/0x16c)
[  219.194438] [<c05a9ab8>] (__handle_sysrq) from [<c05bdccc>] (serial8250_rx_chars+0x1bc/0x214)
[  219.202956] [<c05bdccc>] (serial8250_rx_chars) from [<c05bf32c>] (serial8250_handle_irq.part.8+0xb4/0xc8)
[  219.212514] [<c05bf32c>] (serial8250_handle_irq.part.8) from [<c05bf3a8>] (serial8250_default_handle_irq+0x54/0x7c)
[  219.222939] [<c05bf3a8>] (serial8250_default_handle_irq) from [<c05bc8cc>] (serial8250_interrupt+0x3c/0xc0)
[  219.232670] [<c05bc8cc>] (serial8250_interrupt) from [<c028bb94>] (handle_irq_event_percpu+0x88/0x140)
[  219.241965] [<c028bb94>] (handle_irq_event_percpu) from [<c028bc90>] (handle_irq_event+0x44/0x68)
[  219.250827] [<c028bc90>] (handle_irq_event) from [<c028edfc>] (handle_fasteoi_irq+0xb4/0x194)
[  219.259344] [<c028edfc>] (handle_fasteoi_irq) from [<c028b278>] (generic_handle_irq+0x24/0x34)
[  219.267947] [<c028b278>] (generic_handle_irq) from [<c028b528>] (__handle_domain_irq+0x5c/0xb4)
[  219.276636] [<c028b528>] (__handle_domain_irq) from [<c020a6d0>] (gic_handle_irq+0x54/0x94)
[  219.284976] [<c020a6d0>] (gic_handle_irq) from [<c0214ac0>] (__irq_svc+0x40/0x54)
[  219.292447] Exception stack(0xc0f77f40 to 0xc0f77f88)
[  219.297490] 7f40: 00000001 00000000 00000000 c02237a0 c0f76000 c0f784ac 00000000 00000000
[  219.305657] 7f60: c0f6f364 c0f73570 c0f77f98 c0f7850c 00000000 c0f77f90 c0211608 c021160c
[  219.313821] 7f80: 60000013 ffffffff
[  219.317304] [<c0214ac0>] (__irq_svc) from [<c021160c>] (arch_cpu_idle+0x38/0x3c)
[  219.324693] [<c021160c>] (arch_cpu_idle) from [<c027fcc8>] (cpu_startup_entry+0x1e4/0x240)
[  219.332948] [<c027fcc8>] (cpu_startup_entry) from [<c0e6acbc>] (start_kernel+0x3ec/0x3f8)
[  219.341116] [<c0e6acbc>] (start_kernel) from [<80208090>] (0x80208090)
[  219.347734] NMI backtrace for cpu 2
[  219.351214] CPU: 2 PID: 0 Comm: swapper/2 Not tainted 4.4.0-next-20160121-00002-g2ff5cab8bdfd #1
[  219.359987] Hardware name: Keystone
[  219.363464] task: ed05b9c0 ti: ed08a000 task.ti: ed08a000
[  219.368852] PC is at arch_cpu_idle+0x38/0x3c
[  219.373110] LR is at arch_cpu_idle+0x34/0x3c
[  219.377369] pc : [<c021160c>]    lr : [<c0211608>]    psr: 60000013
[  219.383622] sp : ed08bfd8  ip : 00000000  fp : c0f7850c
[  219.388836] r10: ed08bfe0  r9 : c0f73570  r8 : c0f6f364
[  219.394050] r7 : 00000000  r6 : 00000000  r5 : c0f784ac  r4 : ed08a000
[  219.400564] r3 : c02237a0  r2 : 00000000  r1 : 00000000  r0 : 00000001
[  219.407079] Flags: nZCv  IRQs on  FIQs on  Mode SVC_32  ISA ARM  Segment kernel
[  219.414374] Control: 30c5387d  Table: 00203000  DAC: 55555555
[  219.420108] CPU: 2 PID: 0 Comm: swapper/2 Not tainted 4.4.0-next-20160121-00002-g2ff5cab8bdfd #1
[  219.428880] Hardware name: Keystone
[  219.432357] [<c0218920>] (unwind_backtrace) from [<c0213ff0>] (show_stack+0x10/0x14)
[  219.440087] [<c0213ff0>] (show_stack) from [<c0491250>] (dump_stack+0x8c/0x9c)
[  219.447295] [<c0491250>] (dump_stack) from [<c0494b90>] (nmi_cpu_backtrace+0x6c/0x8c)
[  219.455112] [<c0494b90>] (nmi_cpu_backtrace) from [<c0217004>] (handle_IPI+0xac/0x194)
[  219.463016] [<c0217004>] (handle_IPI) from [<c020a70c>] (gic_handle_irq+0x90/0x94)
[  219.470572] [<c020a70c>] (gic_handle_irq) from [<c0214ac0>] (__irq_svc+0x40/0x54)
[  219.478041] Exception stack(0xed08bf88 to 0xed08bfd0)
[  219.483081] bf80:                   00000001 00000000 00000000 c02237a0 ed08a000 c0f784ac
[  219.491244] bfa0: 00000000 00000000 c0f6f364 c0f73570 ed08bfe0 c0f7850c 00000000 ed08bfd8
[  219.499407] bfc0: c0211608 c021160c 60000013 ffffffff
[  219.504447] [<c0214ac0>] (__irq_svc) from [<c021160c>] (arch_cpu_idle+0x38/0x3c)
[  219.511830] [<c021160c>] (arch_cpu_idle) from [<c027fcc8>] (cpu_startup_entry+0x1e4/0x240)
[  219.520080] [<c027fcc8>] (cpu_startup_entry) from [<8020ab0c>] (0x8020ab0c)
[  219.527030] NMI backtrace for cpu 1
[  219.530509] CPU: 1 PID: 0 Comm: swapper/1 Not tainted 4.4.0-next-20160121-00002-g2ff5cab8bdfd #1
[  219.539282] Hardware name: Keystone
[  219.542759] task: ed05b480 ti: ed088000 task.ti: ed088000
[  219.548146] PC is at arch_cpu_idle+0x38/0x3c
[  219.552405] LR is at arch_cpu_idle+0x34/0x3c
[  219.556664] pc : [<c021160c>]    lr : [<c0211608>]    psr: 60000013
[  219.562918] sp : ed089fd8  ip : 00000000  fp : c0f7850c
[  219.568130] r10: ed089fe0  r9 : c0f73570  r8 : c0f6f364
[  219.573342] r7 : 00000000  r6 : 00000000  r5 : c0f784ac  r4 : ed088000
[  219.579857] r3 : c02237a0  r2 : 00000000  r1 : 00000000  r0 : 00000001
[  219.586371] Flags: nZCv  IRQs on  FIQs on  Mode SVC_32  ISA ARM  Segment kernel
[  219.593666] Control: 30c5387d  Table: 00203000  DAC: 55555555
[  219.599400] CPU: 1 PID: 0 Comm: swapper/1 Not tainted 4.4.0-next-20160121-00002-g2ff5cab8bdfd #1
[  219.608172] Hardware name: Keystone
[  219.611648] [<c0218920>] (unwind_backtrace) from [<c0213ff0>] (show_stack+0x10/0x14)
[  219.619378] [<c0213ff0>] (show_stack) from [<c0491250>] (dump_stack+0x8c/0x9c)
[  219.626587] [<c0491250>] (dump_stack) from [<c0494b90>] (nmi_cpu_backtrace+0x6c/0x8c)
[  219.634404] [<c0494b90>] (nmi_cpu_backtrace) from [<c0217004>] (handle_IPI+0xac/0x194)
[  219.642307] [<c0217004>] (handle_IPI) from [<c020a70c>] (gic_handle_irq+0x90/0x94)
[  219.649863] [<c020a70c>] (gic_handle_irq) from [<c0214ac0>] (__irq_svc+0x40/0x54)
[  219.657332] Exception stack(0xed089f88 to 0xed089fd0)
[  219.662372] 9f80:                   00000001 00000000 00000000 c02237a0 ed088000 c0f784ac
[  219.670535] 9fa0: 00000000 00000000 c0f6f364 c0f73570 ed089fe0 c0f7850c 00000000 ed089fd8
[  219.678698] 9fc0: c0211608 c021160c 60000013 ffffffff
[  219.683738] [<c0214ac0>] (__irq_svc) from [<c021160c>] (arch_cpu_idle+0x38/0x3c)
[  219.691120] [<c021160c>] (arch_cpu_idle) from [<c027fcc8>] (cpu_startup_entry+0x1e4/0x240)
[  219.699370] [<c027fcc8>] (cpu_startup_entry) from [<8020ab0c>] (0x8020ab0c)
[  219.706320] NMI backtrace for cpu 3
[  219.709799] CPU: 3 PID: 0 Comm: swapper/3 Not tainted 4.4.0-next-20160121-00002-g2ff5cab8bdfd #1
[  219.718572] Hardware name: Keystone
[  219.722049] task: ed05bf00 ti: ed08c000 task.ti: ed08c000
[  219.727437] PC is at arch_cpu_idle+0x38/0x3c
[  219.731695] LR is at arch_cpu_idle+0x34/0x3c
[  219.735953] pc : [<c021160c>]    lr : [<c0211608>]    psr: 60000013
[  219.742207] sp : ed08dfd8  ip : 00000000  fp : c0f7850c
[  219.747421] r10: ed08dfe0  r9 : c0f73570  r8 : c0f6f364
[  219.752635] r7 : 00000000  r6 : 00000000  r5 : c0f784ac  r4 : ed08c000
[  219.759149] r3 : c02237a0  r2 : 00000000  r1 : 00000000  r0 : 00000001
[  219.765664] Flags: nZCv  IRQs on  FIQs on  Mode SVC_32  ISA ARM  Segment kernel
[  219.772959] Control: 30c5387d  Table: 00203000  DAC: 55555555
[  219.778693] CPU: 3 PID: 0 Comm: swapper/3 Not tainted 4.4.0-next-20160121-00002-g2ff5cab8bdfd #1
[  219.787465] Hardware name: Keystone
[  219.790942] [<c0218920>] (unwind_backtrace) from [<c0213ff0>] (show_stack+0x10/0x14)
[  219.798671] [<c0213ff0>] (show_stack) from [<c0491250>] (dump_stack+0x8c/0x9c)
[  219.805880] [<c0491250>] (dump_stack) from [<c0494b90>] (nmi_cpu_backtrace+0x6c/0x8c)
[  219.813697] [<c0494b90>] (nmi_cpu_backtrace) from [<c0217004>] (handle_IPI+0xac/0x194)
[  219.821600] [<c0217004>] (handle_IPI) from [<c020a70c>] (gic_handle_irq+0x90/0x94)
[  219.829156] [<c020a70c>] (gic_handle_irq) from [<c0214ac0>] (__irq_svc+0x40/0x54)
[  219.836625] Exception stack(0xed08df88 to 0xed08dfd0)
[  219.841665] df80:                   00000001 00000000 00000000 c02237a0 ed08c000 c0f784ac
[  219.849828] dfa0: 00000000 00000000 c0f6f364 c0f73570 ed08dfe0 c0f7850c 00000000 ed08dfd8
[  219.857991] dfc0: c0211608 c021160c 60000013 ffffffff
[  219.863031] [<c0214ac0>] (__irq_svc) from [<c021160c>] (arch_cpu_idle+0x38/0x3c)
[  219.870413] [<c021160c>] (arch_cpu_idle) from [<c027fcc8>] (cpu_startup_entry+0x1e4/0x240)
[  219.878663] [<c027fcc8>] (cpu_startup_entry) from [<8020ab0c>] (0x8020ab0c)
- 12:59:10 [INFO] [  229.376406] sysrq: SysRq : Show Blocked State
[  229.380759]   task                PC stack   pid father
[  229.385974] swapper/0       D c0a24c68     0     1      0 0x00000000
[  229.392333] [<c0a24c68>] (__schedule) from [<c0a25054>] (schedule+0x44/0x9c)
[  229.399379] [<c0a25054>] (schedule) from [<c0a03a20>] (rpc_wait_bit_killable+0x28/0xdc)
[  229.407376] [<c0a03a20>] (rpc_wait_bit_killable) from [<c0a254c0>] (__wait_on_bit+0x84/0xc4)
[  229.415806] [<c0a254c0>] (__wait_on_bit) from [<c0a2556c>] (out_of_line_wait_on_bit+0x6c/0x74)
[  229.424410] [<c0a2556c>] (out_of_line_wait_on_bit) from [<c0a045d4>] (__rpc_execute+0x1c4/0x29c)
[  229.433187] [<c0a045d4>] (__rpc_execute) from [<c09fe830>] (rpc_run_task+0xa4/0xac)
[  229.440834] [<c09fe830>] (rpc_run_task) from [<c09fe878>] (rpc_call_sync+0x40/0xbc)
[  229.448481] [<c09fe878>] (rpc_call_sync) from [<c09fe948>] (rpc_ping+0x54/0x70)
[  229.455780] [<c09fe948>] (rpc_ping) from [<c09fea14>] (rpc_create_xprt+0xb0/0xc8)
[  229.463254] [<c09fea14>] (rpc_create_xprt) from [<c09fead8>] (rpc_create+0xac/0x13c)
[  229.470988] [<c09fead8>] (rpc_create) from [<c03e6cb8>] (nfs_mount+0xb8/0x150)
