- 13:09:02 [INFO] Starting target session
- 13:09:03 [INFO] Connected to k2e-evm via serial 
- 13:09:03 [INFO] Host: #check prompt
- 13:09:06 [ERROR] On command: #check prompt waiting for #check prompt.+?(?-mix:((?-mix:login:)|[Pp]assword)) >>> error: execution expired
- 13:09:06 [INFO] Target: 
#check prompt
root@k2hk-evm:/test# 
- 13:09:06 [INFO] Host: #check prompt
- 13:09:06 [INFO] Target: 
#check prompt
root@k2hk-evm:/test# 
- 13:09:06 [INFO] Host: sync;poweroff
- 13:09:16 [INFO] Target: 
sync;poweroff
Broadcast message from root@k2hk-evm (ttyS0) (Thu Aug 20 09:49:00 2015):
The system is going down for system halt NOW!
INIT: Switching to runlevel: 0
INIT: Sending processes the TERM sigStopping telnet daemon.
Stopping system message bus: dbus.
Error opening /dev/fb0: No such file or directory
Stopping syslogd/klogd: stopped syslogd (pid 1543)
stopped klogd (pid 1546)
done
Stopping thttpd.
stopping statd: done
Stopping rpcbind daemon...
done.
NOT deconfiguring network interfaces: / is an NFS mount
Disabling thermal zones...
/etc/rc0.d/K98thermal-zone-init: line 13: /sys/class/thermal/thermal_zone*/mode: No such file or directory
Sending all processes the TERM signal...
Sending all processes the KILL signal...
Unmounting remote filesystems...
Deactivating swap...
Unmounting local filesystems...
[ 1252.613498] reboot: System halted
- 13:09:16 [INFO] Disconnected serial from k2e-evm
- 13:09:17 [INFO] Connected to k2e-evm via serial 
- 13:09:17 [INFO] Host: 
- 13:09:22 [INFO] Target: 
U-Boot SPL 2015.07 (Dec 10 2015 - 05:03:10)
U-Boot 2015.07 (Dec 10 2015 - 05:03:10 -0500)
CPU: 66AK2Ex SR1.0
I2C:   ready
DRAM:  DDR3A Speed will be configured for 1600 Operation.
Detected SO-DIMM [18KSF51272HZ-1G6K2]
DDR3 speed 1600
DRAM: 4 GiB
Clear entire DDR3 memory to enable ECC
2 GiB
NAND:  512 MiB
Net:   Phy 2 not found
Phy 3 not found
Phy 4 not found
Phy 5 not found
Phy 6 not found
Phy 7 not found
K2E_EMAC0
Warning: K2E_EMAC0 using MAC address from net device
, K2E_EMAC1
Error: K2E_EMAC1 address not set.
, K2E_EMAC2
Error: K2E_EMAC2 address not set.
, K2E_EMAC3
Error: K2E_EMAC3 address not set.
, K2E_EMAC4
Error: K2E_EMAC4 address not set.
, K2E_EMAC5
Error: K2E_EMAC5 address not set.
, K2E_EMAC6
Error: K2E_EMAC6 address not set.
, K2E_EMAC7
Error: K2E_EMAC7 address not set.
Hit any key to stop autoboot:  1  0 
U-Boot# 
U-Boot# 
U-Boot# 
U-Boot# 
U-Boot# 
U-Boot# 
U-Boot# 
U-Boot# 
U-Boot# 
U-Boot# 
U-Boot# 
U-Boot# 
U-Boot# 
U-Boot# 
U-Boot# 
U-Boot# 
- 13:09:22 [INFO] Host: 
- 13:09:23 [INFO] Target: 
U-Boot# 
- 13:09:23 [INFO] Host: version
- 13:09:23 [INFO] Target: 
version
U-Boot 2015.07 (Dec 10 2015 - 05:03:10 -0500)
arm-linux-gnueabihf-gcc (Linaro GCC 4.9-2015.05) 4.9.3 20150413 (prerelease)
GNU ld (GNU Binutils) Linaro 2014.11-3-git 2.24.0.20141017
U-Boot# 
- 13:09:23 [INFO] Host: setenv bootargs 'console=ttyS0,115200n8 earlyprintk rootwait '
- 13:09:23 [INFO] Target: 
setenv bootargs 'console=ttyS0,115200n8 earlyprintk rootwait '
U-Boot# 
- 13:09:23 [INFO] Host: setenv bootcmd  ''
- 13:09:23 [INFO] Target: 
setenv bootcmd  ''
U-Boot# 
- 13:09:23 [INFO] Host: setenv autoload 'no'
- 13:09:23 [INFO] Target: 
setenv autoload 'no'
U-Boot# 
- 13:09:23 [INFO] Host: setenv serverip '192.168.0.1'
- 13:09:23 [INFO] Target: 
setenv serverip '192.168.0.1'
U-Boot# 
- 13:09:23 [INFO] Host: printenv
- 13:09:23 [INFO] Target: 
printenv
addr_mon=0x0c140000
addr_secdb_key=0xc000000
addr_ubi=0x82000000
arch=arm
args_all=setenv bootargs console=ttyS0,115200n8 rootwait=1
args_net=setenv bootargs ${bootargs} rootfstype=nfs root=/dev/nfs rw nfsroot=${serverip}:${nfs_root},${nfs_options} ip=dhcp
args_ramfs=setenv bootargs ${bootargs} rdinit=/sbin/init rw root=/dev/ram0 initrd=0x808080000,80M
args_ubi=setenv bootargs ${bootargs} rootfstype=ubifs root=ubi0:rootfs rootflags=sync rw ubi.mtd=ubifs,2048
autoload=no
baudrate=115200
board=ks2_evm
board_name=ks2_evm
boot=ubi
bootargs=console=ttyS0,115200n8 earlyprintk rootwait 
bootcmd=
bootdelay=1
bootm_size=0x10000000
burn_ubi=nand erase.part ubifs; nand write ${addr_ubi} ubifs ${filesize}
burn_uboot_nand=nand erase 0 0x100000; nand write ${loadaddr} 0 ${filesize}
burn_uboot_spi=sf probe; sf erase 0 0x100000; sf write ${loadaddr} 0 ${filesize}
cpu=armv7
ethact=K2E_EMAC0
ethaddr=08:00:28:32:b1:0d
fdt_addr_r=0x88000000
fdtaddr=0x88000000
get_fdt_net=dhcp ${fdtaddr} ${tftp_root}/${name_fdt}
get_fdt_ramfs=dhcp ${fdtaddr} ${tftp_root}/${name_fdt}
get_fdt_ubi=ubifsload ${fdtaddr} ${name_fdt}
get_fs_ramfs=dhcp ${rdaddr} ${tftp_root}/${name_fs}
get_kern_net=dhcp ${loadaddr} ${tftp_root}/${name_kern}
get_kern_ramfs=dhcp ${loadaddr} ${tftp_root}/${name_kern}
get_kern_ubi=ubifsload ${loadaddr} ${name_kern}
get_mon_net=dhcp ${addr_mon} ${tftp_root}/${name_mon}
get_mon_ramfs=dhcp ${addr_mon} ${tftp_root}/${name_mon}
get_mon_ubi=ubifsload ${addr_mon} ${name_mon}
get_ubi_net=dhcp ${addr_ubi} ${tftp_root}/${name_ubi}
get_uboot_net=dhcp ${loadaddr} ${tftp_root}/${name_uboot}
init_net=run args_all args_net
init_ramfs=run args_all args_ramfs get_fs_ramfs
init_ubi=run args_all args_ubi; ubi part ubifs; ubifsmount ubi:boot;ubifsload ${addr_secdb_key} securedb.key.bin;
kernel_addr_r=0x82000000
loadaddr=0x82000000
mem_lpae=1
mem_reserve=512M
mtdparts=mtdparts=davinci_nand.0:1024k(bootloader)ro,512k(params)ro,-(ubifs)
name_fdt=k2e-evm.dtb
name_fs=arago-console-image-k2e-evm.cpio.gz
name_kern=zImage
name_mon=skern-k2e.bin
name_ubi=k2e-evm-ubifs.ubi
name_uboot=u-boot-spi-k2e-evm.gph
nfs_options=v3,tcp,rsize=4096,wsize=4096
nfs_root=/export
no_post=1
ramdisk_addr_r=0x88080000
rdaddr=0x88080000
run_kern=bootz ${loadaddr} - ${fdtaddr}
run_mon=mon_install ${addr_mon}
serverip=192.168.0.1
soc=keystone
stderr=serial
stdin=serial
stdout=serial
tftp_root=/
vendor=ti
ver=U-Boot 2015.07 (Dec 10 2015 - 05:03:10 -0500)
Environment size: 2562/262140 bytes
U-Boot# 
- 13:09:23 [INFO] Host: setenv _initramfs -
- 13:09:23 [INFO] Target: 
setenv _initramfs -
U-Boot# 
- 13:09:23 [INFO] Host: printenv
- 13:09:24 [INFO] Target: 
printenv
_initramfs=-
addr_mon=0x0c140000
addr_secdb_key=0xc000000
addr_ubi=0x82000000
arch=arm
args_all=setenv bootargs console=ttyS0,115200n8 rootwait=1
args_net=setenv bootargs ${bootargs} rootfstype=nfs root=/dev/nfs rw nfsroot=${serverip}:${nfs_root},${nfs_options} ip=dhcp
args_ramfs=setenv bootargs ${bootargs} rdinit=/sbin/init rw root=/dev/ram0 initrd=0x808080000,80M
args_ubi=setenv bootargs ${bootargs} rootfstype=ubifs root=ubi0:rootfs rootflags=sync rw ubi.mtd=ubifs,2048
autoload=no
baudrate=115200
board=ks2_evm
board_name=ks2_evm
boot=ubi
bootargs=console=ttyS0,115200n8 earlyprintk rootwait 
bootcmd=
bootdelay=1
bootm_size=0x10000000
burn_ubi=nand erase.part ubifs; nand write ${addr_ubi} ubifs ${filesize}
burn_uboot_nand=nand erase 0 0x100000; nand write ${loadaddr} 0 ${filesize}
burn_uboot_spi=sf probe; sf erase 0 0x100000; sf write ${loadaddr} 0 ${filesize}
cpu=armv7
ethact=K2E_EMAC0
ethaddr=08:00:28:32:b1:0d
fdt_addr_r=0x88000000
fdtaddr=0x88000000
get_fdt_net=dhcp ${fdtaddr} ${tftp_root}/${name_fdt}
get_fdt_ramfs=dhcp ${fdtaddr} ${tftp_root}/${name_fdt}
get_fdt_ubi=ubifsload ${fdtaddr} ${name_fdt}
get_fs_ramfs=dhcp ${rdaddr} ${tftp_root}/${name_fs}
get_kern_net=dhcp ${loadaddr} ${tftp_root}/${name_kern}
get_kern_ramfs=dhcp ${loadaddr} ${tftp_root}/${name_kern}
get_kern_ubi=ubifsload ${loadaddr} ${name_kern}
get_mon_net=dhcp ${addr_mon} ${tftp_root}/${name_mon}
get_mon_ramfs=dhcp ${addr_mon} ${tftp_root}/${name_mon}
get_mon_ubi=ubifsload ${addr_mon} ${name_mon}
get_ubi_net=dhcp ${addr_ubi} ${tftp_root}/${name_ubi}
get_uboot_net=dhcp ${loadaddr} ${tftp_root}/${name_uboot}
init_net=run args_all args_net
init_ramfs=run args_all args_ramfs get_fs_ramfs
init_ubi=run args_all args_ubi; ubi part ubifs; ubifsmount ubi:boot;ubifsload ${addr_secdb_key} securedb.key.bin;
kernel_addr_r=0x82000000
loadaddr=0x82000000
mem_lpae=1
mem_reserve=512M
mtdparts=mtdparts=davinci_nand.0:1024k(bootloader)ro,512k(params)ro,-(ubifs)
name_fdt=k2e-evm.dtb
name_fs=arago-console-image-k2e-evm.cpio.gz
name_kern=zImage
name_mon=skern-k2e.bin
name_ubi=k2e-evm-ubifs.ubi
name_uboot=u-boot-spi-k2e-evm.gph
nfs_options=v3,tcp,rsize=4096,wsize=4096
nfs_root=/export
no_post=1
ramdisk_addr_r=0x88080000
rdaddr=0x88080000
run_kern=bootz ${loadaddr} - ${fdtaddr}
run_mon=mon_install ${addr_mon}
serverip=192.168.0.1
soc=keystone
stderr=serial
stdin=serial
stdout=serial
tftp_root=/
vendor=ti
ver=U-Boot 2015.07 (Dec 10 2015 - 05:03:10 -0500)
Environment size: 2577/262140 bytes
U-Boot# 
- 13:09:24 [INFO] Host: setenv bootargs ''${bootargs}' ip=:::::eth0:dhcp '
- 13:09:24 [INFO] Target: 
setenv bootargs ''${bootargs}' ip=:::::eth0:dhcp '
U-Boot# 
- 13:09:24 [INFO] Host: setenv serverip '192.168.0.1'
- 13:09:24 [INFO] Target: 
setenv serverip '192.168.0.1'
U-Boot# 
- 13:09:24 [INFO] Host: setenv autoload 'no'
- 13:09:24 [INFO] Target: 
setenv autoload 'no'
U-Boot# 
- 13:09:24 [INFO] Host: dhcp
- 13:09:27 [INFO] Target: 
dhcp
K2E_EMAC0 Waiting for SGMII auto negotiation to complete.. done
K2E_EMAC0 Waiting for PHY auto negotiation to complete. done
BOOTP broadcast 1
BOOTP broadcast 2
BOOTP broadcast 3
DHCP client bound to address 192.168.0.59 (1254 ms)
U-Boot# 
- 13:09:27 [INFO] Host: tftp ${loadaddr} 192.168.0.1:vatf_k2e-evm/d07aeef29274feaae1893258cd879e3b
- 13:09:31 [INFO] Target: 
tftp ${loadaddr} 192.168.0.1:vatf_k2e-evm/d07aeef29274feaae1893258cd879e3b
K2E_EMAC0 Waiting for SGMII auto negotiation to complete. done
Using K2E_EMAC0 device
TFTP from server 192.168.0.1; our IP address is 192.168.0.59
Filename 'vatf_k2e-evm/d07aeef29274feaae1893258cd879e3b'.
Load address: 0x82000000
Loading: *#################################################################
	 #################################################################
	 #################################################################
	 #################################################################
	 #################################################################
	 #################################################################
	 #################################################################
	 ###
	 2.8 MiB/s
done
Bytes transferred = 6718376 (6683a8 hex)
U-Boot# 
- 13:09:31 [INFO] Host: tftp ${fdtaddr} 192.168.0.1:vatf_k2e-evm/48e82ac420404a83c5835d01e84a1af2
- 13:09:32 [INFO] Target: 
tftp ${fdtaddr} 192.168.0.1:vatf_k2e-evm/48e82ac420404a83c5835d01e84a1af2
K2E_EMAC0 Waiting for SGMII auto negotiation to complete. done
Using K2E_EMAC0 device
TFTP from server 192.168.0.1; our IP address is 192.168.0.59
Filename 'vatf_k2e-evm/48e82ac420404a83c5835d01e84a1af2'.
Load address: 0x88000000
Loading: *##
	 2.4 MiB/s
done
Bytes transferred = 22361 (5759 hex)
U-Boot# 
- 13:09:32 [INFO] Host: tftp ${addr_mon} 192.168.0.1:vatf_k2e-evm/8dd84e09dc00e0511080f2ef0f01c680
- 13:09:33 [INFO] Target: 
tftp ${addr_mon} 192.168.0.1:vatf_k2e-evm/8dd84e09dc00e0511080f2ef0f01c680
K2E_EMAC0 Waiting for SGMII auto negotiation to complete. done
Using K2E_EMAC0 device
TFTP from server 192.168.0.1; our IP address is 192.168.0.59
Filename 'vatf_k2e-evm/8dd84e09dc00e0511080f2ef0f01c680'.
Load address: 0xc140000
Loading: *####
	 2.7 MiB/s
done
Bytes transferred = 45056 (b000 hex)
U-Boot# 
- 13:09:33 [INFO] Host: printenv
- 13:09:34 [INFO] Target: 
printenv
_initramfs=-
addr_mon=0x0c140000
addr_secdb_key=0xc000000
addr_ubi=0x82000000
arch=arm
args_all=setenv bootargs console=ttyS0,115200n8 rootwait=1
args_net=setenv bootargs ${bootargs} rootfstype=nfs root=/dev/nfs rw nfsroot=${serverip}:${nfs_root},${nfs_options} ip=dhcp
args_ramfs=setenv bootargs ${bootargs} rdinit=/sbin/init rw root=/dev/ram0 initrd=0x808080000,80M
args_ubi=setenv bootargs ${bootargs} rootfstype=ubifs root=ubi0:rootfs rootflags=sync rw ubi.mtd=ubifs,2048
autoload=no
baudrate=115200
board=ks2_evm
board_name=ks2_evm
boot=ubi
bootargs=console=ttyS0,115200n8 earlyprintk rootwait  ip=:::::eth0:dhcp 
bootcmd=
bootdelay=1
bootm_size=0x10000000
burn_ubi=nand erase.part ubifs; nand write ${addr_ubi} ubifs ${filesize}
burn_uboot_nand=nand erase 0 0x100000; nand write ${loadaddr} 0 ${filesize}
burn_uboot_spi=sf probe; sf erase 0 0x100000; sf write ${loadaddr} 0 ${filesize}
cpu=armv7
dnsip=192.0.2.2
dnsip2=192.0.2.3
ethact=K2E_EMAC0
ethaddr=08:00:28:32:b1:0d
fdt_addr_r=0x88000000
fdtaddr=0x88000000
fileaddr=c140000
filesize=b000
get_fdt_net=dhcp ${fdtaddr} ${tftp_root}/${name_fdt}
get_fdt_ramfs=dhcp ${fdtaddr} ${tftp_root}/${name_fdt}
get_fdt_ubi=ubifsload ${fdtaddr} ${name_fdt}
get_fs_ramfs=dhcp ${rdaddr} ${tftp_root}/${name_fs}
get_kern_net=dhcp ${loadaddr} ${tftp_root}/${name_kern}
get_kern_ramfs=dhcp ${loadaddr} ${tftp_root}/${name_kern}
get_kern_ubi=ubifsload ${loadaddr} ${name_kern}
get_mon_net=dhcp ${addr_mon} ${tftp_root}/${name_mon}
get_mon_ramfs=dhcp ${addr_mon} ${tftp_root}/${name_mon}
get_mon_ubi=ubifsload ${addr_mon} ${name_mon}
get_ubi_net=dhcp ${addr_ubi} ${tftp_root}/${name_ubi}
get_uboot_net=dhcp ${loadaddr} ${tftp_root}/${name_uboot}
init_net=run args_all args_net
init_ramfs=run args_all args_ramfs get_fs_ramfs
init_ubi=run args_all args_ubi; ubi part ubifs; ubifsmount ubi:boot;ubifsload ${addr_secdb_key} securedb.key.bin;
ipaddr=192.168.0.59
kernel_addr_r=0x82000000
loadaddr=0x82000000
mem_lpae=1
mem_reserve=512M
mtdparts=mtdparts=davinci_nand.0:1024k(bootloader)ro,512k(params)ro,-(ubifs)
name_fdt=k2e-evm.dtb
name_fs=arago-console-image-k2e-evm.cpio.gz
name_kern=zImage
name_mon=skern-k2e.bin
name_ubi=k2e-evm-ubifs.ubi
name_uboot=u-boot-spi-k2e-evm.gph
netmask=255.255.255.0
nfs_options=v3,tcp,rsize=4096,wsize=4096
nfs_root=/export
no_post=1
ramdisk_addr_r=0x88080000
rdaddr=0x88080000
run_kern=bootz ${loadaddr} - ${fdtaddr}
run_mon=mon_install ${addr_mon}
serverip=192.168.0.1
soc=keystone
stderr=serial
stdin=serial
stdout=serial
tftp_root=/
vendor=ti
ver=U-Boot 2015.07 (Dec 10 2015 - 05:03:10 -0500)
Environment size: 2714/262140 bytes
U-Boot# 
- 13:09:34 [INFO] Host: setenv bootcmd ''${bootcmd}' mon_install ${addr_mon};'
- 13:09:34 [INFO] Target: 
setenv bootcmd ''${bootcmd}' mon_install ${addr_mon};'
U-Boot# 
- 13:09:34 [INFO] Host: printenv
- 13:09:34 [INFO] Target: 
printenv
_initramfs=-
addr_mon=0x0c140000
addr_secdb_key=0xc000000
addr_ubi=0x82000000
arch=arm
args_all=setenv bootargs console=ttyS0,115200n8 rootwait=1
args_net=setenv bootargs ${bootargs} rootfstype=nfs root=/dev/nfs rw nfsroot=${serverip}:${nfs_root},${nfs_options} ip=dhcp
args_ramfs=setenv bootargs ${bootargs} rdinit=/sbin/init rw root=/dev/ram0 initrd=0x808080000,80M
args_ubi=setenv bootargs ${bootargs} rootfstype=ubifs root=ubi0:rootfs rootflags=sync rw ubi.mtd=ubifs,2048
autoload=no
baudrate=115200
board=ks2_evm
board_name=ks2_evm
boot=ubi
bootargs=console=ttyS0,115200n8 earlyprintk rootwait  ip=:::::eth0:dhcp 
bootcmd= mon_install ${addr_mon};
bootdelay=1
bootm_size=0x10000000
burn_ubi=nand erase.part ubifs; nand write ${addr_ubi} ubifs ${filesize}
burn_uboot_nand=nand erase 0 0x100000; nand write ${loadaddr} 0 ${filesize}
burn_uboot_spi=sf probe; sf erase 0 0x100000; sf write ${loadaddr} 0 ${filesize}
cpu=armv7
dnsip=192.0.2.2
dnsip2=192.0.2.3
ethact=K2E_EMAC0
ethaddr=08:00:28:32:b1:0d
fdt_addr_r=0x88000000
fdtaddr=0x88000000
fileaddr=c140000
filesize=b000
get_fdt_net=dhcp ${fdtaddr} ${tftp_root}/${name_fdt}
get_fdt_ramfs=dhcp ${fdtaddr} ${tftp_root}/${name_fdt}
get_fdt_ubi=ubifsload ${fdtaddr} ${name_fdt}
get_fs_ramfs=dhcp ${rdaddr} ${tftp_root}/${name_fs}
get_kern_net=dhcp ${loadaddr} ${tftp_root}/${name_kern}
get_kern_ramfs=dhcp ${loadaddr} ${tftp_root}/${name_kern}
get_kern_ubi=ubifsload ${loadaddr} ${name_kern}
get_mon_net=dhcp ${addr_mon} ${tftp_root}/${name_mon}
get_mon_ramfs=dhcp ${addr_mon} ${tftp_root}/${name_mon}
get_mon_ubi=ubifsload ${addr_mon} ${name_mon}
get_ubi_net=dhcp ${addr_ubi} ${tftp_root}/${name_ubi}
get_uboot_net=dhcp ${loadaddr} ${tftp_root}/${name_uboot}
init_net=run args_all args_net
init_ramfs=run args_all args_ramfs get_fs_ramfs
init_ubi=run args_all args_ubi; ubi part ubifs; ubifsmount ubi:boot;ubifsload ${addr_secdb_key} securedb.key.bin;
ipaddr=192.168.0.59
kernel_addr_r=0x82000000
loadaddr=0x82000000
mem_lpae=1
mem_reserve=512M
mtdparts=mtdparts=davinci_nand.0:1024k(bootloader)ro,512k(params)ro,-(ubifs)
name_fdt=k2e-evm.dtb
name_fs=arago-console-image-k2e-evm.cpio.gz
name_kern=zImage
name_mon=skern-k2e.bin
name_ubi=k2e-evm-ubifs.ubi
name_uboot=u-boot-spi-k2e-evm.gph
netmask=255.255.255.0
nfs_options=v3,tcp,rsize=4096,wsize=4096
nfs_root=/export
no_post=1
ramdisk_addr_r=0x88080000
rdaddr=0x88080000
run_kern=bootz ${loadaddr} - ${fdtaddr}
run_mon=mon_install ${addr_mon}
serverip=192.168.0.1
soc=keystone
stderr=serial
stdin=serial
stdout=serial
tftp_root=/
vendor=ti
ver=U-Boot 2015.07 (Dec 10 2015 - 05:03:10 -0500)
Environment size: 2739/262140 bytes
U-Boot# 
- 13:09:34 [INFO] Host: setenv bootargs ''${bootargs}' root=/dev/nfs rw nfsroot=192.168.0.1:/home/tigtfarm11/NFS_exports/linux/k2e-evm/autofs/9bf3aa18879feeeed9bd9f89760a819a,nolock,v3,tcp,rsize=4096,wsize=4096 '
- 13:09:34 [INFO] Target: 
setenv bootargs ''${bootargs}' root=/dev/nfs rw nfsroot=192.168.0.1:/home/tigtfarm11/NFS_exports/linux/k2e-evm/autofs/9bf3aa18879feeeed9bd9f89760a819a,nolock,v3,tcp,rsize=4096,wsize=4096 '
U-Boot# 
- 13:09:34 [INFO] Host: printenv
- 13:09:34 [INFO] Target: 
printenv
_initramfs=-
addr_mon=0x0c140000
addr_secdb_key=0xc000000
addr_ubi=0x82000000
arch=arm
args_all=setenv bootargs console=ttyS0,115200n8 rootwait=1
args_net=setenv bootargs ${bootargs} rootfstype=nfs root=/dev/nfs rw nfsroot=${serverip}:${nfs_root},${nfs_options} ip=dhcp
args_ramfs=setenv bootargs ${bootargs} rdinit=/sbin/init rw root=/dev/ram0 initrd=0x808080000,80M
args_ubi=setenv bootargs ${bootargs} rootfstype=ubifs root=ubi0:rootfs rootflags=sync rw ubi.mtd=ubifs,2048
autoload=no
baudrate=115200
board=ks2_evm
board_name=ks2_evm
boot=ubi
bootargs=console=ttyS0,115200n8 earlyprintk rootwait  ip=:::::eth0:dhcp  root=/dev/nfs rw nfsroot=192.168.0.1:/home/tigtfarm11/NFS_exports/linux/k2e-evm/autofs/9bf3aa18879feeeed9bd9f89760a819a,nolock,v3,tcp,rsize=4096,wsize=4096 
bootcmd= mon_install ${addr_mon};
bootdelay=1
bootm_size=0x10000000
burn_ubi=nand erase.part ubifs; nand write ${addr_ubi} ubifs ${filesize}
burn_uboot_nand=nand erase 0 0x100000; nand write ${loadaddr} 0 ${filesize}
burn_uboot_spi=sf probe; sf erase 0 0x100000; sf write ${loadaddr} 0 ${filesize}
cpu=armv7
dnsip=192.0.2.2
dnsip2=192.0.2.3
ethact=K2E_EMAC0
ethaddr=08:00:28:32:b1:0d
fdt_addr_r=0x88000000
fdtaddr=0x88000000
fileaddr=c140000
filesize=b000
get_fdt_net=dhcp ${fdtaddr} ${tftp_root}/${name_fdt}
get_fdt_ramfs=dhcp ${fdtaddr} ${tftp_root}/${name_fdt}
get_fdt_ubi=ubifsload ${fdtaddr} ${name_fdt}
get_fs_ramfs=dhcp ${rdaddr} ${tftp_root}/${name_fs}
get_kern_net=dhcp ${loadaddr} ${tftp_root}/${name_kern}
get_kern_ramfs=dhcp ${loadaddr} ${tftp_root}/${name_kern}
get_kern_ubi=ubifsload ${loadaddr} ${name_kern}
get_mon_net=dhcp ${addr_mon} ${tftp_root}/${name_mon}
get_mon_ramfs=dhcp ${addr_mon} ${tftp_root}/${name_mon}
get_mon_ubi=ubifsload ${addr_mon} ${name_mon}
get_ubi_net=dhcp ${addr_ubi} ${tftp_root}/${name_ubi}
get_uboot_net=dhcp ${loadaddr} ${tftp_root}/${name_uboot}
init_net=run args_all args_net
init_ramfs=run args_all args_ramfs get_fs_ramfs
init_ubi=run args_all args_ubi; ubi part ubifs; ubifsmount ubi:boot;ubifsload ${addr_secdb_key} securedb.key.bin;
ipaddr=192.168.0.59
kernel_addr_r=0x82000000
loadaddr=0x82000000
mem_lpae=1
mem_reserve=512M
mtdparts=mtdparts=davinci_nand.0:1024k(bootloader)ro,512k(params)ro,-(ubifs)
name_fdt=k2e-evm.dtb
name_fs=arago-console-image-k2e-evm.cpio.gz
name_kern=zImage
name_mon=skern-k2e.bin
name_ubi=k2e-evm-ubifs.ubi
name_uboot=u-boot-spi-k2e-evm.gph
netmask=255.255.255.0
nfs_options=v3,tcp,rsize=4096,wsize=4096
nfs_root=/export
no_post=1
ramdisk_addr_r=0x88080000
rdaddr=0x88080000
run_kern=bootz ${loadaddr} - ${fdtaddr}
run_mon=mon_install ${addr_mon}
serverip=192.168.0.1
soc=keystone
stderr=serial
stdin=serial
stdout=serial
tftp_root=/
vendor=ti
ver=U-Boot 2015.07 (Dec 10 2015 - 05:03:10 -0500)
Environment size: 2896/262140 bytes
U-Boot# 
- 13:09:34 [INFO] Host: setenv bootcmd ''${bootcmd}' if iminfo ${loadaddr}; then bootm ${loadaddr} ${_initramfs} ${fdtaddr}; else bootz ${loadaddr} ${_initramfs} ${fdtaddr}; bootm ${loadaddr} ${_initramfs} ${fdtaddr}; fi'
- 13:09:34 [INFO] Target: 
setenv bootcmd ''${bootcmd}' if iminfo ${loadaddr}; then bootm ${loadaddr} ${_initramfs} ${fdtaddr}; else bootz ${loadaddr} ${_initramfs} ${fdtaddr}; bootm ${loadaddr} ${_initramfs} ${fdtaddr}; fi'
U-Boot# 
- 13:09:34 [INFO] Host: version
- 13:09:35 [INFO] Target: 
version
U-Boot 2015.07 (Dec 10 2015 - 05:03:10 -0500)
arm-linux-gnueabihf-gcc (Linaro GCC 4.9-2015.05) 4.9.3 20150413 (prerelease)
GNU ld (GNU Binutils) Linaro 2014.11-3-git 2.24.0.20141017
U-Boot# 
- 13:09:35 [INFO] Host: bdinfo
- 13:09:35 [INFO] Target: 
bdinfo
arch_number = 0x00000000
boot_params = 0x80000100
DRAM bank   = 0x00000000
-> start    = 0x80000000
-> size     = 0x80000000
DRAM bank   = 0x00000001
-> start    = 0x00000000
-> size     = 0x00000000
eth0name    = K2E_EMAC0
ethaddr     = 08:00:28:32:b1:0d
eth1name    = K2E_EMAC1
eth1addr    = (not set)
eth2name    = K2E_EMAC2
eth2addr    = (not set)
eth3name    = K2E_EMAC3
eth3addr    = (not set)
eth4name    = K2E_EMAC4
eth4addr    = (not set)
eth5name    = K2E_EMAC5
eth5addr    = (not set)
eth6name    = K2E_EMAC6
eth6addr    = (not set)
eth7name    = K2E_EMAC7
eth7addr    = (not set)
current eth = K2E_EMAC0
ip_addr     = 192.168.0.59
baudrate    = 115200 bps
TLB addr    = 0xFFFF0000
relocaddr   = 0xFFF3F000
reloc off   = 0xF3F3F000
irq_sp      = 0xFEEFEEF0
sp start    = 0xFEEFEEE0
U-Boot# 
- 13:09:35 [INFO] Host: mmc rescan; echo $?
- 13:09:45 [ERROR] On command: mmc rescan; echo $? waiting for (?m-ix:0[\0\n\r]+) >>> error: execution expired
- 13:09:45 [INFO] Target: 
mmc rescan; echo $?
Unknown command 'mmc' - try 'help'
U-Boot# 
- 13:09:45 [INFO] Host: boot
- 13:13:15 [ERROR] On command: boot waiting for boot.+?(?-mix:login:) >>> error: execution expired
- 13:13:15 [INFO] Target: 
boot
K2_BM_15.07-39-g035329caed63 SoC:k2e built:16:02:41, Dec 16 2015
## installed monitor, freq [208333333], status 0
## Checking Image at 82000000 ...
Unknown image format!
Kernel image @ 0x82000000 [ 0x000000 - 0x6683a8 ]
## Flattened Device Tree blob at 88000000
   Booting using the fdt blob at 0x88000000
   Loading Device Tree to 8fff7000, end 8ffff758 ... OK
Starting kernel ...
[    0.000000] Booting Linux on physical CPU 0x0
[    0.000000] Linux version 4.4.0-next-20160115-00002-g68f441d0b2cd (nmenon@horus) (gcc version 4.9.3 20150413 (prerelease) (Linaro GCC 4.9-2015.05) ) #1 SMP Fri Jan 15 04:01:26 CST 2016
[    0.000000] CPU: ARMv7 Processor [412fc0f4] revision 4 (ARMv7), cr=30c5387d
[    0.000000] CPU: div instructions available: patching division code
[    0.000000] CPU: PIPT / VIPT nonaliasing data cache, PIPT instruction cache
[    0.000000] Machine model: Texas Instruments Keystone 2 Edison EVM
[    0.000000] Switching physical address space to 0x800000000
[    0.000000] cma: Reserved 64 MiB at 0x000000085c000000
[    0.000000] Forcing write-allocate cache policy for SMP
[    0.000000] Memory policy: Data cache writealloc
[    0.000000] PERCPU: Embedded 13 pages/cpu @edfa3000 s23168 r8192 d21888 u53248
[    0.000000] Built 1 zonelists in Zone order, mobility grouping on.  Total pages: 915968
[    0.000000] Kernel command line: console=ttyS0,115200n8 earlyprintk rootwait  ip=:::::eth0:dhcp  root=/dev/nfs rw nfsroot=192.168.0.1:/home/tigtfarm11/NFS_exports/linux/k2e-evm/autofs/9bf3aa18879feeeed9bd9f89760a819a,nolock,v3,tcp,rsize=4096,wsize=4096 
[    0.000000] PID hash table entries: 4096 (order: 2, 16384 bytes)
[    0.000000] Dentry cache hash table entries: 131072 (order: 7, 524288 bytes)
[    0.000000] Inode-cache hash table entries: 65536 (order: 6, 262144 bytes)
[    0.000000] Memory: 3559460K/3670016K available (8564K kernel code, 1052K rwdata, 4104K rodata, 1068K init, 349K bss, 45020K reserved, 65536K cma-reserved, 2818048K highmem)
[    0.000000] Virtual kernel memory layout:
[    0.000000]     vector  : 0xffff0000 - 0xffff1000   (   4 kB)
[    0.000000]     fixmap  : 0xffc00000 - 0xfff00000   (3072 kB)
[    0.000000]     vmalloc : 0xf0800000 - 0xff800000   ( 240 MB)
[    0.000000]     lowmem  : 0xc0000000 - 0xf0000000   ( 768 MB)
[    0.000000]     pkmap   : 0xbfe00000 - 0xc0000000   (   2 MB)
[    0.000000]     modules : 0xbf000000 - 0xbfe00000   (  14 MB)
[    0.000000]       .text : 0xc0208000 - 0xc0e6809c   (12673 kB)
[    0.000000]       .init : 0xc0e69000 - 0xc0f74000   (1068 kB)
[    0.000000]       .data : 0xc0f74000 - 0xc107b1c0   (1053 kB)
[    0.000000]        .bss : 0xc107e000 - 0xc10d56e0   ( 350 kB)
[    0.000000] SLUB: HWalign=64, Order=0-3, MinObjects=0, CPUs=4, Nodes=1
[    0.000000] Hierarchical RCU implementation.
[    0.000000] 	Build-time adjustment of leaf fanout to 32.
[    0.000000] 	RCU restricting CPUs from NR_CPUS=16 to nr_cpu_ids=4.
[    0.000000] RCU: Adjusting geometry for rcu_fanout_leaf=32, nr_cpu_ids=4
[    0.000000] NR_IRQS:16 nr_irqs:16 16
[    0.000000] Architected cp15 timer(s) running at 208.33MHz (virt).
[    0.000000] clocksource: arch_sys_counter: mask: 0xffffffffffffff max_cycles: 0x300c4cdf1c, max_idle_ns: 440795202901 ns
[    0.000004] sched_clock: 56 bits at 208MHz, resolution 4ns, wraps every 4398046511101ns
[    0.000012] Switching to timer-based delay loop, resolution 4ns
[    0.000802] keystone timer clock @208333333 Hz
[    0.001273] Console: colour dummy device 80x30
[    0.001292] Calibrating delay loop (skipped), value calculated using timer frequency.. 416.66 BogoMIPS (lpj=1041666)
[    0.001301] pid_max: default: 32768 minimum: 301
[    0.001364] Mount-cache hash table entries: 2048 (order: 1, 8192 bytes)
[    0.001370] Mountpoint-cache hash table entries: 2048 (order: 1, 8192 bytes)
[    0.001776] CPU: Testing write buffer coherency: ok
[    0.001919] /cpus/cpu@0 missing clock-frequency property
[    0.001934] /cpus/cpu@1 missing clock-frequency property
[    0.001948] /cpus/cpu@2 missing clock-frequency property
[    0.001963] /cpus/cpu@3 missing clock-frequency property
[    0.001970] CPU0: thread -1, cpu 0, socket 0, mpidr 80000000
[    0.002003] Setting up static identity map for 0x80209000 - 0x80209170
[    0.008288] CPU1: thread -1, cpu 1, socket 0, mpidr 80000001
[    0.013298] CPU2: thread -1, cpu 2, socket 0, mpidr 80000002
[    0.018307] CPU3: thread -1, cpu 3, socket 0, mpidr 80000003
[    0.018387] Brought up 4 CPUs
[    0.018400] SMP: Total of 4 processors activated (1666.66 BogoMIPS).
[    0.018405] CPU: All CPU(s) started in SVC mode.
[    0.018704] devtmpfs: initialized
[    0.022609] VFP support v0.3: implementor 41 architecture 4 part 30 variant f rev 0
[    0.022906] clocksource: jiffies: mask: 0xffffffff max_cycles: 0xffffffff, max_idle_ns: 9556302231375000 ns
[    0.024096] pinctrl core: initialized pinctrl subsystem
[    0.024984] NET: Registered protocol family 16
[    0.026283] DMA: preallocated 256 KiB pool for atomic coherent allocations
[    0.040032] cpuidle: using governor ladder
[    0.055044] cpuidle: using governor menu
[    0.060200] No ATAGs?
[    0.060221] hw-breakpoint: found 5 (+1 reserved) breakpoint and 4 watchpoint registers.
[    0.060227] hw-breakpoint: maximum watchpoint size is 8 bytes.
[    0.062358] Serial: AMBA PL011 UART driver
[    0.083328] vgaarb: loaded
[    0.083883] SCSI subsystem initialized
[    0.084165] usbcore: registered new interface driver usbfs
[    0.084204] usbcore: registered new interface driver hub
[    0.084249] usbcore: registered new device driver usb
[    0.085476] pps_core: LinuxPPS API ver. 1 registered
[    0.085481] pps_core: Software ver. 5.3.6 - Copyright 2005-2007 Rodolfo Giometti <giometti@linux.it>
[    0.085498] PTP clock support registered
[    0.085598] EDAC MC: Ver: 3.0.0
[    0.086842] clocksource: Switched to clocksource arch_sys_counter
[    0.093163] NET: Registered protocol family 2
[    0.093455] TCP established hash table entries: 8192 (order: 3, 32768 bytes)
[    0.093503] TCP bind hash table entries: 8192 (order: 4, 65536 bytes)
[    0.093602] TCP: Hash tables configured (established 8192 bind 8192)
[    0.093630] UDP hash table entries: 512 (order: 2, 16384 bytes)
[    0.093655] UDP-Lite hash table entries: 512 (order: 2, 16384 bytes)
[    0.093751] NET: Registered protocol family 1
[    0.093896] RPC: Registered named UNIX socket transport module.
[    0.093902] RPC: Registered udp transport module.
[    0.093906] RPC: Registered tcp transport module.
[    0.093911] RPC: Registered tcp NFSv4.1 backchannel transport module.
[    0.094253] hw perfevents: enabled with armv7_cortex_a15 PMU driver, 7 counters available
[    0.094702] platform alarmtimer: set dma_pfn_offset00780000
[    0.095079] futex hash table entries: 1024 (order: 4, 65536 bytes)
[    0.102471] squashfs: version 4.0 (2009/01/31) Phillip Lougher
[    0.103007] NFS: Registering the id_resolver key type
[    0.103028] Key type id_resolver registered
[    0.103033] Key type id_legacy registered
[    0.103075] ntfs: driver 2.1.32 [Flags: R/O].
[    0.103911] bounce: pool size: 64 pages
[    0.104040] Block layer SCSI generic (bsg) driver version 0.4 loaded (major 249)
[    0.104051] io scheduler noop registered
[    0.104059] io scheduler deadline registered
[    0.104082] io scheduler cfq registered (default)
[    0.104191] keystone_irq soc:keystone_irq@26202a0: irqchip registered, nr_irqs 28
[    0.149031] Serial: 8250/16550 driver, 4 ports, IRQ sharing disabled
[    0.149089] platform serial8250: set dma_pfn_offset00780000
[    0.150635] console [ttyS0] disabled
[    0.150658] 2530c00.serial: ttyS0 at MMIO 0x2530c00 (irq = 26, base_baud = 13020833) is a 16550A
[    0.799486] console [ttyS0] enabled
[    0.803527] 2531000.serial: ttyS1 at MMIO 0x2531000 (irq = 27, base_baud = 13020833) is a 16550A
[    0.812661] SuperH (H)SCI(F) driver initialized
[    0.817587] msm_serial: driver initialized
[    0.821759] STMicroelectronics ASC driver initialized
[    0.827581] [drm] Initialized drm 1.1.0 20060810
[    0.839629] brd: module loaded
[    0.846355] loop: module loaded
[    0.849773] at24 0-0050: 131072 byte 24c1024 EEPROM, writable, 1 bytes/write
[    0.859369] m25p80 spi32766.0: n25q128a11 (16384 Kbytes)
[    0.864700] 2 ofpart partitions found on MTD device spi32766.0
[    0.870529] Creating 2 MTD partitions on "spi32766.0":
[    0.875667] 0x000000000000-0x000000080000 : "u-boot-spl"
[    0.881591] 0x000000080000-0x000001000000 : "misc"
[    0.887033] spi_davinci 21000400.spi: Controller at 0xf0972400
[    0.893261] spi_davinci 21000600.spi: Controller at 0xf0974600
[    0.899483] spi_davinci 21000800.spi: Controller at 0xf0976800
[    0.906956] platform Fixed MDIO bus.0: set dma_pfn_offset00780000
[    0.913292] libphy: Fixed MDIO Bus: probed
[    0.917780] CAN device driver interface
[    0.922377] igb: Intel(R) Gigabit Ethernet Network Driver - version 5.3.0-k
[    0.929341] igb: Copyright (c) 2007-2014 Intel Corporation.
[    0.971855] davinci_mdio 24200f00.mdio: davinci mdio revision 1.7
[    0.977949] libphy: 24200f00.mdio: probed
[    0.982558] davinci_mdio 24200f00.mdio: phy[0]: device 24200f00.mdio:00, driver Marvell 88E1510
[    0.991259] davinci_mdio 24200f00.mdio: phy[1]: device 24200f00.mdio:01, driver Marvell 88E1510
[    1.000230] pegasus: v0.9.3 (2013/04/25), Pegasus/Pegasus II USB Ethernet driver
[    1.007657] usbcore: registered new interface driver pegasus
[    1.013353] usbcore: registered new interface driver asix
[    1.018780] usbcore: registered new interface driver ax88179_178a
[    1.024899] usbcore: registered new interface driver cdc_ether
[    1.030769] usbcore: registered new interface driver smsc75xx
[    1.036557] usbcore: registered new interface driver smsc95xx
[    1.042331] usbcore: registered new interface driver net1080
[    1.048017] usbcore: registered new interface driver cdc_subset
[    1.053961] usbcore: registered new interface driver zaurus
[    1.059580] usbcore: registered new interface driver cdc_ncm
[    1.065467] 2620738.usb_phy supply vcc not found, using dummy regulator
[    1.072149] 2620750.usb_phy supply vcc not found, using dummy regulator
[    1.280146] platform xhci-hcd.0.auto: set dma_pfn_offset00780000
[    1.487982] platform xhci-hcd.1.auto: set dma_pfn_offset00780000
[    1.495055] ehci_hcd: USB 2.0 'Enhanced' Host Controller (EHCI) Driver
[    1.501594] ehci-pci: EHCI PCI platform driver
[    1.506071] ehci-platform: EHCI generic platform driver
[    1.511381] ehci-omap: OMAP-EHCI Host Controller driver
[    1.516675] ehci-orion: EHCI orion driver
[    1.520755] SPEAr-ehci: EHCI SPEAr driver
[    1.524836] ehci-st: EHCI STMicroelectronics driver
[    1.529784] ehci-exynos: EHCI EXYNOS driver
[    1.534040] ehci-atmel: EHCI Atmel driver
[    1.538116] tegra-ehci: Tegra EHCI driver
[    1.542206] ohci_hcd: USB 1.1 'Open' Host Controller (OHCI) Driver
[    1.548395] ohci-pci: OHCI PCI platform driver
[    1.552870] ohci-platform: OHCI generic platform driver
[    1.558169] ohci-omap3: OHCI OMAP3 driver
[    1.562249] SPEAr-ohci: OHCI SPEAr driver
[    1.566319] ohci-st: OHCI STMicroelectronics driver
[    1.571267] ohci-atmel: OHCI Atmel driver
[    1.575578] usbcore: registered new interface driver usb-storage
[    1.582350] mousedev: PS/2 mouse device common for all mice
[    1.589669] i2c /dev entries driver
[    1.597912] sdhci: Secure Digital Host Controller Interface driver
[    1.604090] sdhci: Copyright(c) Pierre Ossman
[    1.609114] Synopsys Designware Multimedia Card Interface Driver
[    1.615588] sdhci-pltfm: SDHCI platform and OF driver helper
[    1.622212] ledtrig-cpu: registered to indicate activity on CPUs
[    1.628409] usbcore: registered new interface driver usbhid
[    1.633982] usbhid: USB HID core driver
[    1.640260] nand: device found, Manufacturer ID: 0x2c, Chip ID: 0xac
[    1.646615] nand: Micron MT29F4G08ABBDAH4
[    1.650625] nand: 512 MiB, SLC, erase size: 128 KiB, page size: 2048, OOB size: 64
[    1.658482] Bad block table found at page 262080, version 0x01
[    1.664823] Bad block table found at page 262016, version 0x01
[    1.670964] 3 ofpart partitions found on MTD device 30000000.nand
[    1.677056] Creating 3 MTD partitions on "30000000.nand":
[    1.682455] 0x000000000000-0x000000100000 : "u-boot"
[    1.688066] 0x000000100000-0x000000180000 : "params"
[    1.693632] 0x000000180000-0x000020000000 : "ubifs"
[    1.699316] davinci_nand 30000000.nand: controller rev. 2.5
[    1.706051] NET: Registered protocol family 10
[    1.710911] sit: IPv6 over IPv4 tunneling driver
[    1.715928] NET: Registered protocol family 17
[    1.720385] can: controller area network core (rev 20120528 abi 9)
[    1.726608] NET: Registered protocol family 29
[    1.731057] can: raw protocol (rev 20120528)
[    1.735332] can: broadcast manager protocol (rev 20120528 t)
[    1.740998] can: netlink gateway (rev 20130117) max_hops=1
[    1.746711] Key type dns_resolver registered
[    1.751099] ThumbEE CPU extension supported.
[    1.755380] Registering SWP/SWPB emulation handler
[    1.761193] hctosys: unable to open rtc device (rtc0)
- 13:13:15 [INFO] Boot attempt 1/1 failed
- 13:13:15 [INFO] Collecting kernel traces via sysrq...
- 13:13:25 [INFO] [  208.848864] sysrq: SysRq : Show State
[  208.852524]   task                PC stack   pid father
[  208.857739] swapper/0       D c0a24ba0     0     1      0 0x00000000
[  208.864108] [<c0a24ba0>] (__schedule) from [<c0a24f8c>] (schedule+0x44/0x9c)
[  208.871152] [<c0a24f8c>] (schedule) from [<c0a27800>] (schedule_timeout+0x11c/0x1a8)
[  208.878890] [<c0a27800>] (schedule_timeout) from [<c029b1a4>] (msleep+0x2c/0x38)
[  208.886281] [<c029b1a4>] (msleep) from [<c0e6a428>] (mount_root+0x88/0x124)
[  208.893236] [<c0e6a428>] (mount_root) from [<c0e6a654>] (prepare_namespace+0x190/0x1d4)
[  208.901232] [<c0e6a654>] (prepare_namespace) from [<c0e69eb0>] (kernel_init_freeable+0x1e8/0x1f8)
[  208.910095] [<c0e69eb0>] (kernel_init_freeable) from [<c0a235b8>] (kernel_init+0xc/0xec)
[  208.918182] [<c0a235b8>] (kernel_init) from [<c0210be8>] (ret_from_fork+0x14/0x2c)
[  208.925740] kthreadd        S c0a24ba0     0     2      0 0x00000000
[  208.932097] [<c0a24ba0>] (__schedule) from [<c0a24f8c>] (schedule+0x44/0x9c)
[  208.939142] [<c0a24f8c>] (schedule) from [<c02649d4>] (kthreadd+0x180/0x184)
[  208.946185] [<c02649d4>] (kthreadd) from [<c0210be8>] (ret_from_fork+0x14/0x2c)
[  208.953483] ksoftirqd/0     S c0a24ba0     0     3      2 0x00000000
[  208.959839] [<c0a24ba0>] (__schedule) from [<c0a24f8c>] (schedule+0x44/0x9c)
[  208.966885] [<c0a24f8c>] (schedule) from [<c0267130>] (smpboot_thread_fn+0xc8/0x194)
[  208.974621] [<c0267130>] (smpboot_thread_fn) from [<c02641f0>] (kthread+0xdc/0xf4)
[  208.982184] [<c02641f0>] (kthread) from [<c0210be8>] (ret_from_fork+0x14/0x2c)
[  208.989394] kworker/0:0     S c0a24ba0     0     4      2 0x00000000
[  208.995755] [<c0a24ba0>] (__schedule) from [<c0a24f8c>] (schedule+0x44/0x9c)
[  209.002797] [<c0a24f8c>] (schedule) from [<c025efe4>] (worker_thread+0xd8/0x518)
[  209.010186] [<c025efe4>] (worker_thread) from [<c02641f0>] (kthread+0xdc/0xf4)
[  209.017401] [<c02641f0>] (kthread) from [<c0210be8>] (ret_from_fork+0x14/0x2c)
[  209.024611] kworker/0:0H    S c0a24ba0     0     5      2 0x00000000
[  209.030969] [<c0a24ba0>] (__schedule) from [<c0a24f8c>] (schedule+0x44/0x9c)
[  209.038010] [<c0a24f8c>] (schedule) from [<c025efe4>] (worker_thread+0xd8/0x518)
[  209.045398] [<c025efe4>] (worker_thread) from [<c02641f0>] (kthread+0xdc/0xf4)
[  209.052613] [<c02641f0>] (kthread) from [<c0210be8>] (ret_from_fork+0x14/0x2c)
[  209.059824] kworker/u8:0    S c0a24ba0     0     6      2 0x00000000
[  209.066181] [<c0a24ba0>] (__schedule) from [<c0a24f8c>] (schedule+0x44/0x9c)
[  209.073222] [<c0a24f8c>] (schedule) from [<c025efe4>] (worker_thread+0xd8/0x518)
[  209.080609] [<c025efe4>] (worker_thread) from [<c02641f0>] (kthread+0xdc/0xf4)
[  209.087824] [<c02641f0>] (kthread) from [<c0210be8>] (ret_from_fork+0x14/0x2c)
[  209.095034] rcu_sched       S c0a24ba0     0     7      2 0x00000000
[  209.101390] [<c0a24ba0>] (__schedule) from [<c0a24f8c>] (schedule+0x44/0x9c)
[  209.108430] [<c0a24f8c>] (schedule) from [<c0a27800>] (schedule_timeout+0x11c/0x1a8)
[  209.116164] [<c0a27800>] (schedule_timeout) from [<c02981ac>] (rcu_gp_kthread+0x498/0x938)
[  209.124421] [<c02981ac>] (rcu_gp_kthread) from [<c02641f0>] (kthread+0xdc/0xf4)
[  209.131723] [<c02641f0>] (kthread) from [<c0210be8>] (ret_from_fork+0x14/0x2c)
[  209.138931] rcu_bh          S c0a24ba0     0     8      2 0x00000000
[  209.145287] [<c0a24ba0>] (__schedule) from [<c0a24f8c>] (schedule+0x44/0x9c)
[  209.152328] [<c0a24f8c>] (schedule) from [<c0297dac>] (rcu_gp_kthread+0x98/0x938)
[  209.159803] [<c0297dac>] (rcu_gp_kthread) from [<c02641f0>] (kthread+0xdc/0xf4)
[  209.167105] [<c02641f0>] (kthread) from [<c0210be8>] (ret_from_fork+0x14/0x2c)
[  209.174315] migration/0     S c0a24ba0     0     9      2 0x00000000
[  209.180671] [<c0a24ba0>] (__schedule) from [<c0a24f8c>] (schedule+0x44/0x9c)
[  209.187713] [<c0a24f8c>] (schedule) from [<c0267130>] (smpboot_thread_fn+0xc8/0x194)
[  209.195448] [<c0267130>] (smpboot_thread_fn) from [<c02641f0>] (kthread+0xdc/0xf4)
[  209.203010] [<c02641f0>] (kthread) from [<c0210be8>] (ret_from_fork+0x14/0x2c)
[  209.210220] watchdog/0      S c0a24ba0     0    10      2 0x00000000
[  209.216575] [<c0a24ba0>] (__schedule) from [<c0a24f8c>] (schedule+0x44/0x9c)
[  209.223616] [<c0a24f8c>] (schedule) from [<c0267130>] (smpboot_thread_fn+0xc8/0x194)
[  209.231351] [<c0267130>] (smpboot_thread_fn) from [<c02641f0>] (kthread+0xdc/0xf4)
[  209.238913] [<c02641f0>] (kthread) from [<c0210be8>] (ret_from_fork+0x14/0x2c)
[  209.246123] watchdog/1      S c0a24ba0     0    11      2 0x00000000
[  209.252478] [<c0a24ba0>] (__schedule) from [<c0a24f8c>] (schedule+0x44/0x9c)
[  209.259519] [<c0a24f8c>] (schedule) from [<c0267130>] (smpboot_thread_fn+0xc8/0x194)
[  209.267254] [<c0267130>] (smpboot_thread_fn) from [<c02641f0>] (kthread+0xdc/0xf4)
[  209.274817] [<c02641f0>] (kthread) from [<c0210be8>] (ret_from_fork+0x14/0x2c)
[  209.282027] migration/1     S c0a24ba0     0    12      2 0x00000000
[  209.288382] [<c0a24ba0>] (__schedule) from [<c0a24f8c>] (schedule+0x44/0x9c)
[  209.295423] [<c0a24f8c>] (schedule) from [<c0267130>] (smpboot_thread_fn+0xc8/0x194)
[  209.303158] [<c0267130>] (smpboot_thread_fn) from [<c02641f0>] (kthread+0xdc/0xf4)
[  209.310719] [<c02641f0>] (kthread) from [<c0210be8>] (ret_from_fork+0x14/0x2c)
[  209.317929] ksoftirqd/1     S c0a24ba0     0    13      2 0x00000000
[  209.324284] [<c0a24ba0>] (__schedule) from [<c0a24f8c>] (schedule+0x44/0x9c)
[  209.331326] [<c0a24f8c>] (schedule) from [<c0267130>] (smpboot_thread_fn+0xc8/0x194)
[  209.339061] [<c0267130>] (smpboot_thread_fn) from [<c02641f0>] (kthread+0xdc/0xf4)
[  209.346623] [<c02641f0>] (kthread) from [<c0210be8>] (ret_from_fork+0x14/0x2c)
[  209.353832] kworker/1:0     S c0a24ba0     0    14      2 0x00000000
[  209.360189] [<c0a24ba0>] (__schedule) from [<c0a24f8c>] (schedule+0x44/0x9c)
[  209.367230] [<c0a24f8c>] (schedule) from [<c025efe4>] (worker_thread+0xd8/0x518)
[  209.374617] [<c025efe4>] (worker_thread) from [<c02641f0>] (kthread+0xdc/0xf4)
[  209.381832] [<c02641f0>] (kthread) from [<c0210be8>] (ret_from_fork+0x14/0x2c)
[  209.389042] kworker/1:0H    S c0a24ba0     0    15      2 0x00000000
[  209.395399] [<c0a24ba0>] (__schedule) from [<c0a24f8c>] (schedule+0x44/0x9c)
[  209.402441] [<c0a24f8c>] (schedule) from [<c025efe4>] (worker_thread+0xd8/0x518)
[  209.409828] [<c025efe4>] (worker_thread) from [<c02641f0>] (kthread+0xdc/0xf4)
[  209.417043] [<c02641f0>] (kthread) from [<c0210be8>] (ret_from_fork+0x14/0x2c)
[  209.424253] watchdog/2      S c0a24ba0     0    16      2 0x00000000
[  209.430608] [<c0a24ba0>] (__schedule) from [<c0a24f8c>] (schedule+0x44/0x9c)
[  209.437650] [<c0a24f8c>] (schedule) from [<c0267130>] (smpboot_thread_fn+0xc8/0x194)
[  209.445385] [<c0267130>] (smpboot_thread_fn) from [<c02641f0>] (kthread+0xdc/0xf4)
[  209.452946] [<c02641f0>] (kthread) from [<c0210be8>] (ret_from_fork+0x14/0x2c)
[  209.460156] migration/2     S c0a24ba0     0    17      2 0x00000000
[  209.466511] [<c0a24ba0>] (__schedule) from [<c0a24f8c>] (schedule+0x44/0x9c)
[  209.473552] [<c0a24f8c>] (schedule) from [<c0267130>] (smpboot_thread_fn+0xc8/0x194)
[  209.481287] [<c0267130>] (smpboot_thread_fn) from [<c02641f0>] (kthread+0xdc/0xf4)
[  209.488849] [<c02641f0>] (kthread) from [<c0210be8>] (ret_from_fork+0x14/0x2c)
[  209.496059] ksoftirqd/2     S c0a24ba0     0    18      2 0x00000000
[  209.502414] [<c0a24ba0>] (__schedule) from [<c0a24f8c>] (schedule+0x44/0x9c)
[  209.509455] [<c0a24f8c>] (schedule) from [<c0267130>] (smpboot_thread_fn+0xc8/0x194)
[  209.517190] [<c0267130>] (smpboot_thread_fn) from [<c02641f0>] (kthread+0xdc/0xf4)
[  209.524751] [<c02641f0>] (kthread) from [<c0210be8>] (ret_from_fork+0x14/0x2c)
[  209.531961] kworker/2:0     S c0a24ba0     0    19      2 0x00000000
[  209.538318] [<c0a24ba0>] (__schedule) from [<c0a24f8c>] (schedule+0x44/0x9c)
[  209.545359] [<c0a24f8c>] (schedule) from [<c025efe4>] (worker_thread+0xd8/0x518)
[  209.552748] [<c025efe4>] (worker_thread) from [<c02641f0>] (kthread+0xdc/0xf4)
[  209.559961] [<c02641f0>] (kthread) from [<c0210be8>] (ret_from_fork+0x14/0x2c)
[  209.567172] kworker/2:0H    S c0a24ba0     0    20      2 0x00000000
[  209.573529] [<c0a24ba0>] (__schedule) from [<c0a24f8c>] (schedule+0x44/0x9c)
[  209.580570] [<c0a24f8c>] (schedule) from [<c025efe4>] (worker_thread+0xd8/0x518)
[  209.587958] [<c025efe4>] (worker_thread) from [<c02641f0>] (kthread+0xdc/0xf4)
[  209.595172] [<c02641f0>] (kthread) from [<c0210be8>] (ret_from_fork+0x14/0x2c)
[  209.602382] watchdog/3      S c0a24ba0     0    21      2 0x00000000
[  209.608737] [<c0a24ba0>] (__schedule) from [<c0a24f8c>] (schedule+0x44/0x9c)
[  209.615779] [<c0a24f8c>] (schedule) from [<c0267130>] (smpboot_thread_fn+0xc8/0x194)
[  209.623514] [<c0267130>] (smpboot_thread_fn) from [<c02641f0>] (kthread+0xdc/0xf4)
[  209.631075] [<c02641f0>] (kthread) from [<c0210be8>] (ret_from_fork+0x14/0x2c)
[  209.638285] migration/3     S c0a24ba0     0    22      2 0x00000000
[  209.644640] [<c0a24ba0>] (__schedule) from [<c0a24f8c>] (schedule+0x44/0x9c)
[  209.651681] [<c0a24f8c>] (schedule) from [<c0267130>] (smpboot_thread_fn+0xc8/0x194)
[  209.659416] [<c0267130>] (smpboot_thread_fn) from [<c02641f0>] (kthread+0xdc/0xf4)
[  209.666979] [<c02641f0>] (kthread) from [<c0210be8>] (ret_from_fork+0x14/0x2c)
[  209.674189] ksoftirqd/3     S c0a24ba0     0    23      2 0x00000000
[  209.680544] [<c0a24ba0>] (__schedule) from [<c0a24f8c>] (schedule+0x44/0x9c)
[  209.687585] [<c0a24f8c>] (schedule) from [<c0267130>] (smpboot_thread_fn+0xc8/0x194)
[  209.695321] [<c0267130>] (smpboot_thread_fn) from [<c02641f0>] (kthread+0xdc/0xf4)
[  209.702882] [<c02641f0>] (kthread) from [<c0210be8>] (ret_from_fork+0x14/0x2c)
[  209.710092] kworker/3:0     S c0a24ba0     0    24      2 0x00000000
[  209.716449] [<c0a24ba0>] (__schedule) from [<c0a24f8c>] (schedule+0x44/0x9c)
[  209.723490] [<c0a24f8c>] (schedule) from [<c025efe4>] (worker_thread+0xd8/0x518)
[  209.730878] [<c025efe4>] (worker_thread) from [<c02641f0>] (kthread+0xdc/0xf4)
[  209.738093] [<c02641f0>] (kthread) from [<c0210be8>] (ret_from_fork+0x14/0x2c)
[  209.745303] kworker/3:0H    S c0a24ba0     0    25      2 0x00000000
[  209.751661] [<c0a24ba0>] (__schedule) from [<c0a24f8c>] (schedule+0x44/0x9c)
[  209.758702] [<c0a24f8c>] (schedule) from [<c025efe4>] (worker_thread+0xd8/0x518)
[  209.766090] [<c025efe4>] (worker_thread) from [<c02641f0>] (kthread+0xdc/0xf4)
[  209.773305] [<c02641f0>] (kthread) from [<c0210be8>] (ret_from_fork+0x14/0x2c)
[  209.780515] kdevtmpfs       S c0a24ba0     0    26      2 0x00000000
[  209.786871] [<c0a24ba0>] (__schedule) from [<c0a24f8c>] (schedule+0x44/0x9c)
[  209.793913] [<c0a24f8c>] (schedule) from [<c066f630>] (devtmpfsd+0x314/0x320)
[  209.801043] [<c066f630>] (devtmpfsd) from [<c02641f0>] (kthread+0xdc/0xf4)
[  209.807910] [<c02641f0>] (kthread) from [<c0210be8>] (ret_from_fork+0x14/0x2c)
[  209.815120] perf            S c0a24ba0     0    27      2 0x00000000
[  209.821477] [<c0a24ba0>] (__schedule) from [<c0a24f8c>] (schedule+0x44/0x9c)
[  209.828518] [<c0a24f8c>] (schedule) from [<c025f720>] (rescuer_thread+0x2fc/0x364)
[  209.836079] [<c025f720>] (rescuer_thread) from [<c02641f0>] (kthread+0xdc/0xf4)
[  209.843380] [<c02641f0>] (kthread) from [<c0210be8>] (ret_from_fork+0x14/0x2c)
[  209.850590] khungtaskd      S c0a24ba0     0    28      2 0x00000000
[  209.856946] [<c0a24ba0>] (__schedule) from [<c0a24f8c>] (schedule+0x44/0x9c)
[  209.863987] [<c0a24f8c>] (schedule) from [<c0a27800>] (schedule_timeout+0x11c/0x1a8)
[  209.871724] [<c0a27800>] (schedule_timeout) from [<c02bc648>] (watchdog+0xb4/0x33c)
[  209.879373] [<c02bc648>] (watchdog) from [<c02641f0>] (kthread+0xdc/0xf4)
[  209.886153] [<c02641f0>] (kthread) from [<c0210be8>] (ret_from_fork+0x14/0x2c)
[  209.893363] oom_reaper      S c0a24ba0     0    29      2 0x00000000
[  209.899719] [<c0a24ba0>] (__schedule) from [<c0a24f8c>] (schedule+0x44/0x9c)
[  209.906761] [<c0a24f8c>] (schedule) from [<c02d1e80>] (oom_reaper+0xe0/0x11c)
[  209.913889] [<c02d1e80>] (oom_reaper) from [<c02641f0>] (kthread+0xdc/0xf4)
[  209.920843] [<c02641f0>] (kthread) from [<c0210be8>] (ret_from_fork+0x14/0x2c)
[  209.928053] writeback       S c0a24ba0     0    30      2 0x00000000
[  209.934410] [<c0a24ba0>] (__schedule) from [<c0a24f8c>] (schedule+0x44/0x9c)
[  209.941451] [<c0a24f8c>] (schedule) from [<c025f720>] (rescuer_thread+0x2fc/0x364)
[  209.949011] [<c025f720>] (rescuer_thread) from [<c02641f0>] (kthread+0xdc/0xf4)
[  209.956313] [<c02641f0>] (kthread) from [<c0210be8>] (ret_from_fork+0x14/0x2c)
[  209.963523] crypto          S c0a24ba0     0    31      2 0x00000000
[  209.969880] [<c0a24ba0>] (__schedule) from [<c0a24f8c>] (schedule+0x44/0x9c)
[  209.976921] [<c0a24f8c>] (schedule) from [<c025f720>] (rescuer_thread+0x2fc/0x364)
[  209.984482] [<c025f720>] (rescuer_thread) from [<c02641f0>] (kthread+0xdc/0xf4)
[  209.991784] [<c02641f0>] (kthread) from [<c0210be8>] (ret_from_fork+0x14/0x2c)
[  209.998994] bioset          S c0a24ba0     0    32      2 0x00000000
[  210.005351] [<c0a24ba0>] (__schedule) from [<c0a24f8c>] (schedule+0x44/0x9c)
[  210.012392] [<c0a24f8c>] (schedule) from [<c025f720>] (rescuer_thread+0x2fc/0x364)
[  210.019954] [<c025f720>] (rescuer_thread) from [<c02641f0>] (kthread+0xdc/0xf4)
[  210.027256] [<c02641f0>] (kthread) from [<c0210be8>] (ret_from_fork+0x14/0x2c)
[  210.034466] kblockd         S c0a24ba0     0    33      2 0x00000000
[  210.040823] [<c0a24ba0>] (__schedule) from [<c0a24f8c>] (schedule+0x44/0x9c)
[  210.047864] [<c0a24f8c>] (schedule) from [<c025f720>] (rescuer_thread+0x2fc/0x364)
[  210.055426] [<c025f720>] (rescuer_thread) from [<c02641f0>] (kthread+0xdc/0xf4)
[  210.062728] [<c02641f0>] (kthread) from [<c0210be8>] (ret_from_fork+0x14/0x2c)
[  210.069938] ata_sff         S c0a24ba0     0    34      2 0x00000000
[  210.076295] [<c0a24ba0>] (__schedule) from [<c0a24f8c>] (schedule+0x44/0x9c)
[  210.083336] [<c0a24f8c>] (schedule) from [<c025f720>] (rescuer_thread+0x2fc/0x364)
[  210.090897] [<c025f720>] (rescuer_thread) from [<c02641f0>] (kthread+0xdc/0xf4)
[  210.098198] [<c02641f0>] (kthread) from [<c0210be8>] (ret_from_fork+0x14/0x2c)
[  210.105408] edac-poller     S c0a24ba0     0    35      2 0x00000000
[  210.111765] [<c0a24ba0>] (__schedule) from [<c0a24f8c>] (schedule+0x44/0x9c)
[  210.118806] [<c0a24f8c>] (schedule) from [<c025f720>] (rescuer_thread+0x2fc/0x364)
[  210.126366] [<c025f720>] (rescuer_thread) from [<c02641f0>] (kthread+0xdc/0xf4)
[  210.133668] [<c02641f0>] (kthread) from [<c0210be8>] (ret_from_fork+0x14/0x2c)
[  210.140878] devfreq_wq      S c0a24ba0     0    36      2 0x00000000
[  210.147235] [<c0a24ba0>] (__schedule) from [<c0a24f8c>] (schedule+0x44/0x9c)
[  210.154277] [<c0a24f8c>] (schedule) from [<c025f720>] (rescuer_thread+0x2fc/0x364)
[  210.161837] [<c025f720>] (rescuer_thread) from [<c02641f0>] (kthread+0xdc/0xf4)
[  210.169139] [<c02641f0>] (kthread) from [<c0210be8>] (ret_from_fork+0x14/0x2c)
[  210.176349] rpciod          S c0a24ba0     0    37      2 0x00000000
[  210.182706] [<c0a24ba0>] (__schedule) from [<c0a24f8c>] (schedule+0x44/0x9c)
[  210.189747] [<c0a24f8c>] (schedule) from [<c025f720>] (rescuer_thread+0x2fc/0x364)
[  210.197307] [<c025f720>] (rescuer_thread) from [<c02641f0>] (kthread+0xdc/0xf4)
[  210.204609] [<c02641f0>] (kthread) from [<c0210be8>] (ret_from_fork+0x14/0x2c)
[  210.211819] kworker/0:1     S c0a24ba0     0    38      2 0x00000000
[  210.218175] [<c0a24ba0>] (__schedule) from [<c0a24f8c>] (schedule+0x44/0x9c)
[  210.225216] [<c0a24f8c>] (schedule) from [<c025efe4>] (worker_thread+0xd8/0x518)
[  210.232603] [<c025efe4>] (worker_thread) from [<c02641f0>] (kthread+0xdc/0xf4)
[  210.239818] [<c02641f0>] (kthread) from [<c0210be8>] (ret_from_fork+0x14/0x2c)
[  210.247026] kswapd0         S c0a24ba0     0    39      2 0x00000000
[  210.253381] [<c0a24ba0>] (__schedule) from [<c0a24f8c>] (schedule+0x44/0x9c)
[  210.260422] [<c0a24f8c>] (schedule) from [<c02e1ca4>] (kswapd+0x8dc/0x8ec)
[  210.267289] [<c02e1ca4>] (kswapd) from [<c02641f0>] (kthread+0xdc/0xf4)
[  210.273895] [<c02641f0>] (kthread) from [<c0210be8>] (ret_from_fork+0x14/0x2c)
[  210.281105] vmstat          S c0a24ba0     0    40      2 0x00000000
[  210.287462] [<c0a24ba0>] (__schedule) from [<c0a24f8c>] (schedule+0x44/0x9c)
[  210.294503] [<c0a24f8c>] (schedule) from [<c025f720>] (rescuer_thread+0x2fc/0x364)
[  210.302064] [<c025f720>] (rescuer_thread) from [<c02641f0>] (kthread+0xdc/0xf4)
[  210.309365] [<c02641f0>] (kthread) from [<c0210be8>] (ret_from_fork+0x14/0x2c)
[  210.316575] nfsiod          S c0a24ba0     0    41      2 0x00000000
[  210.322932] [<c0a24ba0>] (__schedule) from [<c0a24f8c>] (schedule+0x44/0x9c)
[  210.329973] [<c0a24f8c>] (schedule) from [<c025f720>] (rescuer_thread+0x2fc/0x364)
[  210.337534] [<c025f720>] (rescuer_thread) from [<c02641f0>] (kthread+0xdc/0xf4)
[  210.344835] [<c02641f0>] (kthread) from [<c0210be8>] (ret_from_fork+0x14/0x2c)
[  210.352045] bioset          S c0a24ba0     0    50      2 0x00000000
[  210.358403] [<c0a24ba0>] (__schedule) from [<c0a24f8c>] (schedule+0x44/0x9c)
[  210.365444] [<c0a24f8c>] (schedule) from [<c025f720>] (rescuer_thread+0x2fc/0x364)
[  210.373006] [<c025f720>] (rescuer_thread) from [<c02641f0>] (kthread+0xdc/0xf4)
[  210.380308] [<c02641f0>] (kthread) from [<c0210be8>] (ret_from_fork+0x14/0x2c)
[  210.387518] bioset          S c0a24ba0     0    51      2 0x00000000
[  210.393874] [<c0a24ba0>] (__schedule) from [<c0a24f8c>] (schedule+0x44/0x9c)
[  210.400916] [<c0a24f8c>] (schedule) from [<c025f720>] (rescuer_thread+0x2fc/0x364)
[  210.408476] [<c025f720>] (rescuer_thread) from [<c02641f0>] (kthread+0xdc/0xf4)
[  210.415778] [<c02641f0>] (kthread) from [<c0210be8>] (ret_from_fork+0x14/0x2c)
[  210.422988] bioset          S c0a24ba0     0    52      2 0x00000000
[  210.429346] [<c0a24ba0>] (__schedule) from [<c0a24f8c>] (schedule+0x44/0x9c)
[  210.436387] [<c0a24f8c>] (schedule) from [<c025f720>] (rescuer_thread+0x2fc/0x364)
[  210.443948] [<c025f720>] (rescuer_thread) from [<c02641f0>] (kthread+0xdc/0xf4)
[  210.451249] [<c02641f0>] (kthread) from [<c0210be8>] (ret_from_fork+0x14/0x2c)
[  210.458459] bioset          S c0a24ba0     0    53      2 0x00000000
[  210.464816] [<c0a24ba0>] (__schedule) from [<c0a24f8c>] (schedule+0x44/0x9c)
[  210.471857] [<c0a24f8c>] (schedule) from [<c025f720>] (rescuer_thread+0x2fc/0x364)
[  210.479418] [<c025f720>] (rescuer_thread) from [<c02641f0>] (kthread+0xdc/0xf4)
[  210.486719] [<c02641f0>] (kthread) from [<c0210be8>] (ret_from_fork+0x14/0x2c)
[  210.493928] bioset          S c0a24ba0     0    54      2 0x00000000
[  210.500286] [<c0a24ba0>] (__schedule) from [<c0a24f8c>] (schedule+0x44/0x9c)
[  210.507327] [<c0a24f8c>] (schedule) from [<c025f720>] (rescuer_thread+0x2fc/0x364)
[  210.514887] [<c025f720>] (rescuer_thread) from [<c02641f0>] (kthread+0xdc/0xf4)
[  210.522188] [<c02641f0>] (kthread) from [<c0210be8>] (ret_from_fork+0x14/0x2c)
[  210.529398] bioset          S c0a24ba0     0    55      2 0x00000000
[  210.535754] [<c0a24ba0>] (__schedule) from [<c0a24f8c>] (schedule+0x44/0x9c)
[  210.542796] [<c0a24f8c>] (schedule) from [<c025f720>] (rescuer_thread+0x2fc/0x364)
[  210.550356] [<c025f720>] (rescuer_thread) from [<c02641f0>] (kthread+0xdc/0xf4)
[  210.557658] [<c02641f0>] (kthread) from [<c0210be8>] (ret_from_fork+0x14/0x2c)
[  210.564868] bioset          S c0a24ba0     0    56      2 0x00000000
[  210.571224] [<c0a24ba0>] (__schedule) from [<c0a24f8c>] (schedule+0x44/0x9c)
[  210.578266] [<c0a24f8c>] (schedule) from [<c025f720>] (rescuer_thread+0x2fc/0x364)
[  210.585826] [<c025f720>] (rescuer_thread) from [<c02641f0>] (kthread+0xdc/0xf4)
[  210.593128] [<c02641f0>] (kthread) from [<c0210be8>] (ret_from_fork+0x14/0x2c)
[  210.600338] bioset          S c0a24ba0     0    57      2 0x00000000
[  210.606696] [<c0a24ba0>] (__schedule) from [<c0a24f8c>] (schedule+0x44/0x9c)
[  210.613736] [<c0a24f8c>] (schedule) from [<c025f720>] (rescuer_thread+0x2fc/0x364)
[  210.621297] [<c025f720>] (rescuer_thread) from [<c02641f0>] (kthread+0xdc/0xf4)
[  210.628598] [<c02641f0>] (kthread) from [<c0210be8>] (ret_from_fork+0x14/0x2c)
[  210.635808] bioset          S c0a24ba0     0    58      2 0x00000000
[  210.642165] [<c0a24ba0>] (__schedule) from [<c0a24f8c>] (schedule+0x44/0x9c)
[  210.649206] [<c0a24f8c>] (schedule) from [<c025f720>] (rescuer_thread+0x2fc/0x364)
[  210.656768] [<c025f720>] (rescuer_thread) from [<c02641f0>] (kthread+0xdc/0xf4)
[  210.664068] [<c02641f0>] (kthread) from [<c0210be8>] (ret_from_fork+0x14/0x2c)
[  210.671278] bioset          S c0a24ba0     0    59      2 0x00000000
[  210.677635] [<c0a24ba0>] (__schedule) from [<c0a24f8c>] (schedule+0x44/0x9c)
[  210.684676] [<c0a24f8c>] (schedule) from [<c025f720>] (rescuer_thread+0x2fc/0x364)
[  210.692237] [<c025f720>] (rescuer_thread) from [<c02641f0>] (kthread+0xdc/0xf4)
[  210.699539] [<c02641f0>] (kthread) from [<c0210be8>] (ret_from_fork+0x14/0x2c)
[  210.706748] bioset          S c0a24ba0     0    60      2 0x00000000
[  210.713105] [<c0a24ba0>] (__schedule) from [<c0a24f8c>] (schedule+0x44/0x9c)
[  210.720146] [<c0a24f8c>] (schedule) from [<c025f720>] (rescuer_thread+0x2fc/0x364)
[  210.727707] [<c025f720>] (rescuer_thread) from [<c02641f0>] (kthread+0xdc/0xf4)
[  210.735008] [<c02641f0>] (kthread) from [<c0210be8>] (ret_from_fork+0x14/0x2c)
[  210.742218] bioset          S c0a24ba0     0    61      2 0x00000000
[  210.748575] [<c0a24ba0>] (__schedule) from [<c0a24f8c>] (schedule+0x44/0x9c)
[  210.755616] [<c0a24f8c>] (schedule) from [<c025f720>] (rescuer_thread+0x2fc/0x364)
[  210.763178] [<c025f720>] (rescuer_thread) from [<c02641f0>] (kthread+0xdc/0xf4)
[  210.770480] [<c02641f0>] (kthread) from [<c0210be8>] (ret_from_fork+0x14/0x2c)
[  210.777690] bioset          S c0a24ba0     0    62      2 0x00000000
[  210.784047] [<c0a24ba0>] (__schedule) from [<c0a24f8c>] (schedule+0x44/0x9c)
[  210.791088] [<c0a24f8c>] (schedule) from [<c025f720>] (rescuer_thread+0x2fc/0x364)
[  210.798648] [<c025f720>] (rescuer_thread) from [<c02641f0>] (kthread+0xdc/0xf4)
[  210.805950] [<c02641f0>] (kthread) from [<c0210be8>] (ret_from_fork+0x14/0x2c)
[  210.813160] bioset          S c0a24ba0     0    63      2 0x00000000
[  210.819517] [<c0a24ba0>] (__schedule) from [<c0a24f8c>] (schedule+0x44/0x9c)
[  210.826558] [<c0a24f8c>] (schedule) from [<c025f720>] (rescuer_thread+0x2fc/0x364)
[  210.834119] [<c025f720>] (rescuer_thread) from [<c02641f0>] (kthread+0xdc/0xf4)
[  210.841420] [<c02641f0>] (kthread) from [<c0210be8>] (ret_from_fork+0x14/0x2c)
[  210.848630] bioset          S c0a24ba0     0    64      2 0x00000000
[  210.854987] [<c0a24ba0>] (__schedule) from [<c0a24f8c>] (schedule+0x44/0x9c)
[  210.862028] [<c0a24f8c>] (schedule) from [<c025f720>] (rescuer_thread+0x2fc/0x364)
[  210.869588] [<c025f720>] (rescuer_thread) from [<c02641f0>] (kthread+0xdc/0xf4)
[  210.876890] [<c02641f0>] (kthread) from [<c0210be8>] (ret_from_fork+0x14/0x2c)
[  210.884100] bioset          S c0a24ba0     0    65      2 0x00000000
[  210.890456] [<c0a24ba0>] (__schedule) from [<c0a24f8c>] (schedule+0x44/0x9c)
[  210.897498] [<c0a24f8c>] (schedule) from [<c025f720>] (rescuer_thread+0x2fc/0x364)
[  210.905058] [<c025f720>] (rescuer_thread) from [<c02641f0>] (kthread+0xdc/0xf4)
[  210.912360] [<c02641f0>] (kthread) from [<c0210be8>] (ret_from_fork+0x14/0x2c)
[  210.919570] bioset          S c0a24ba0     0    66      2 0x00000000
[  210.925928] [<c0a24ba0>] (__schedule) from [<c0a24f8c>] (schedule+0x44/0x9c)
[  210.932969] [<c0a24f8c>] (schedule) from [<c025f720>] (rescuer_thread+0x2fc/0x364)
[  210.940530] [<c025f720>] (rescuer_thread) from [<c02641f0>] (kthread+0xdc/0xf4)
[  210.947831] [<c02641f0>] (kthread) from [<c0210be8>] (ret_from_fork+0x14/0x2c)
[  210.955041] bioset          S c0a24ba0     0    67      2 0x00000000
[  210.961398] [<c0a24ba0>] (__schedule) from [<c0a24f8c>] (schedule+0x44/0x9c)
[  210.968439] [<c0a24f8c>] (schedule) from [<c025f720>] (rescuer_thread+0x2fc/0x364)
[  210.975999] [<c025f720>] (rescuer_thread) from [<c02641f0>] (kthread+0xdc/0xf4)
[  210.983301] [<c02641f0>] (kthread) from [<c0210be8>] (ret_from_fork+0x14/0x2c)
[  210.990511] bioset          S c0a24ba0     0    68      2 0x00000000
[  210.996868] [<c0a24ba0>] (__schedule) from [<c0a24f8c>] (schedule+0x44/0x9c)
[  211.003909] [<c0a24f8c>] (schedule) from [<c025f720>] (rescuer_thread+0x2fc/0x364)
[  211.011470] [<c025f720>] (rescuer_thread) from [<c02641f0>] (kthread+0xdc/0xf4)
[  211.018771] [<c02641f0>] (kthread) from [<c0210be8>] (ret_from_fork+0x14/0x2c)
[  211.025981] bioset          S c0a24ba0     0    69      2 0x00000000
[  211.032338] [<c0a24ba0>] (__schedule) from [<c0a24f8c>] (schedule+0x44/0x9c)
[  211.039379] [<c0a24f8c>] (schedule) from [<c025f720>] (rescuer_thread+0x2fc/0x364)
[  211.046940] [<c025f720>] (rescuer_thread) from [<c02641f0>] (kthread+0xdc/0xf4)
[  211.054242] [<c02641f0>] (kthread) from [<c0210be8>] (ret_from_fork+0x14/0x2c)
[  211.061452] bioset          S c0a24ba0     0    70      2 0x00000000
[  211.067809] [<c0a24ba0>] (__schedule) from [<c0a24f8c>] (schedule+0x44/0x9c)
[  211.074850] [<c0a24f8c>] (schedule) from [<c025f720>] (rescuer_thread+0x2fc/0x364)
[  211.082410] [<c025f720>] (rescuer_thread) from [<c02641f0>] (kthread+0xdc/0xf4)
[  211.089712] [<c02641f0>] (kthread) from [<c0210be8>] (ret_from_fork+0x14/0x2c)
[  211.096922] bioset          S c0a24ba0     0    71      2 0x00000000
[  211.103279] [<c0a24ba0>] (__schedule) from [<c0a24f8c>] (schedule+0x44/0x9c)
[  211.110320] [<c0a24f8c>] (schedule) from [<c025f720>] (rescuer_thread+0x2fc/0x364)
[  211.117880] [<c025f720>] (rescuer_thread) from [<c02641f0>] (kthread+0xdc/0xf4)
[  211.125182] [<c02641f0>] (kthread) from [<c0210be8>] (ret_from_fork+0x14/0x2c)
[  211.132392] bioset          S c0a24ba0     0    72      2 0x00000000
[  211.138748] [<c0a24ba0>] (__schedule) from [<c0a24f8c>] (schedule+0x44/0x9c)
[  211.145790] [<c0a24f8c>] (schedule) from [<c025f720>] (rescuer_thread+0x2fc/0x364)
[  211.153350] [<c025f720>] (rescuer_thread) from [<c02641f0>] (kthread+0xdc/0xf4)
[  211.160652] [<c02641f0>] (kthread) from [<c0210be8>] (ret_from_fork+0x14/0x2c)
[  211.167862] bioset          S c0a24ba0     0    73      2 0x00000000
[  211.174218] [<c0a24ba0>] (__schedule) from [<c0a24f8c>] (schedule+0x44/0x9c)
[  211.181259] [<c0a24f8c>] (schedule) from [<c025f720>] (rescuer_thread+0x2fc/0x364)
[  211.188820] [<c025f720>] (rescuer_thread) from [<c02641f0>] (kthread+0xdc/0xf4)
[  211.196122] [<c02641f0>] (kthread) from [<c0210be8>] (ret_from_fork+0x14/0x2c)
[  211.203332] irq/31-21000400 S c0a24ba0     0    74      2 0x00000000
[  211.209686] [<c0a24ba0>] (__schedule) from [<c0a24f8c>] (schedule+0x44/0x9c)
[  211.216728] [<c0a24f8c>] (schedule) from [<c028ce40>] (irq_thread+0xb8/0x1ec)
[  211.223856] [<c028ce40>] (irq_thread) from [<c02641f0>] (kthread+0xdc/0xf4)
[  211.230810] [<c02641f0>] (kthread) from [<c0210be8>] (ret_from_fork+0x14/0x2c)
[  211.238020] spi32766        S c0a24ba0     0    75      2 0x00000000
[  211.244376] [<c0a24ba0>] (__schedule) from [<c0a24f8c>] (schedule+0x44/0x9c)
[  211.251418] [<c0a24f8c>] (schedule) from [<c0264314>] (kthread_worker_fn+0x10c/0x19c)
[  211.259240] [<c0264314>] (kthread_worker_fn) from [<c02641f0>] (kthread+0xdc/0xf4)
[  211.266801] [<c02641f0>] (kthread) from [<c0210be8>] (ret_from_fork+0x14/0x2c)
[  211.274011] bioset          S c0a24ba0     0    76      2 0x00000000
[  211.280367] [<c0a24ba0>] (__schedule) from [<c0a24f8c>] (schedule+0x44/0x9c)
[  211.287408] [<c0a24f8c>] (schedule) from [<c025f720>] (rescuer_thread+0x2fc/0x364)
[  211.294970] [<c025f720>] (rescuer_thread) from [<c02641f0>] (kthread+0xdc/0xf4)
[  211.302272] [<c02641f0>] (kthread) from [<c0210be8>] (ret_from_fork+0x14/0x2c)
[  211.309482] bioset          S c0a24ba0     0    77      2 0x00000000
[  211.315838] [<c0a24ba0>] (__schedule) from [<c0a24f8c>] (schedule+0x44/0x9c)
[  211.322879] [<c0a24f8c>] (schedule) from [<c025f720>] (rescuer_thread+0x2fc/0x364)
[  211.330441] [<c025f720>] (rescuer_thread) from [<c02641f0>] (kthread+0xdc/0xf4)
[  211.337743] [<c02641f0>] (kthread) from [<c0210be8>] (ret_from_fork+0x14/0x2c)
[  211.344953] irq/32-21000600 S c0a24ba0     0    78      2 0x00000000
[  211.351308] [<c0a24ba0>] (__schedule) from [<c0a24f8c>] (schedule+0x44/0x9c)
[  211.358348] [<c0a24f8c>] (schedule) from [<c028ce40>] (irq_thread+0xb8/0x1ec)
[  211.365475] [<c028ce40>] (irq_thread) from [<c02641f0>] (kthread+0xdc/0xf4)
[  211.372429] [<c02641f0>] (kthread) from [<c0210be8>] (ret_from_fork+0x14/0x2c)
[  211.379639] spi32765        S c0a24ba0     0    79      2 0x00000000
[  211.385995] [<c0a24ba0>] (__schedule) from [<c0a24f8c>] (schedule+0x44/0x9c)
[  211.393037] [<c0a24f8c>] (schedule) from [<c0264314>] (kthread_worker_fn+0x10c/0x19c)
[  211.400859] [<c0264314>] (kthread_worker_fn) from [<c02641f0>] (kthread+0xdc/0xf4)
[  211.408420] [<c02641f0>] (kthread) from [<c0210be8>] (ret_from_fork+0x14/0x2c)
[  211.415630] irq/33-21000800 S c0a24ba0     0    80      2 0x00000000
[  211.421985] [<c0a24ba0>] (__schedule) from [<c0a24f8c>] (schedule+0x44/0x9c)
[  211.429025] [<c0a24f8c>] (schedule) from [<c028ce40>] (irq_thread+0xb8/0x1ec)
[  211.436152] [<c028ce40>] (irq_thread) from [<c02641f0>] (kthread+0xdc/0xf4)
[  211.443106] [<c02641f0>] (kthread) from [<c0210be8>] (ret_from_fork+0x14/0x2c)
[  211.450316] spi32764        S c0a24ba0     0    81      2 0x00000000
[  211.456671] [<c0a24ba0>] (__schedule) from [<c0a24f8c>] (schedule+0x44/0x9c)
[  211.463713] [<c0a24f8c>] (schedule) from [<c0264314>] (kthread_worker_fn+0x10c/0x19c)
[  211.471535] [<c0264314>] (kthread_worker_fn) from [<c02641f0>] (kthread+0xdc/0xf4)
[  211.479096] [<c02641f0>] (kthread) from [<c0210be8>] (ret_from_fork+0x14/0x2c)
[  211.486306] kworker/u8:1    S c0a24ba0     0    82      2 0x00000000
[  211.492662] [<c0a24ba0>] (__schedule) from [<c0a24f8c>] (schedule+0x44/0x9c)
[  211.499703] [<c0a24f8c>] (schedule) from [<c025efe4>] (worker_thread+0xd8/0x518)
[  211.507090] [<c025efe4>] (worker_thread) from [<c02641f0>] (kthread+0xdc/0xf4)
[  211.514305] [<c02641f0>] (kthread) from [<c0210be8>] (ret_from_fork+0x14/0x2c)
[  211.521515] kworker/2:1     S c0a24ba0     0    85      2 0x00000000
[  211.527871] [<c0a24ba0>] (__schedule) from [<c0a24f8c>] (schedule+0x44/0x9c)
[  211.534912] [<c0a24f8c>] (schedule) from [<c025efe4>] (worker_thread+0xd8/0x518)
[  211.542300] [<c025efe4>] (worker_thread) from [<c02641f0>] (kthread+0xdc/0xf4)
[  211.549515] [<c02641f0>] (kthread) from [<c0210be8>] (ret_from_fork+0x14/0x2c)
[  211.556725] kworker/3:1     S c0a24ba0     0    86      2 0x00000000
[  211.563081] [<c0a24ba0>] (__schedule) from [<c0a24f8c>] (schedule+0x44/0x9c)
[  211.570122] [<c0a24f8c>] (schedule) from [<c025efe4>] (worker_thread+0xd8/0x518)
[  211.577510] [<c025efe4>] (worker_thread) from [<c02641f0>] (kthread+0xdc/0xf4)
[  211.584725] [<c02641f0>] (kthread) from [<c0210be8>] (ret_from_fork+0x14/0x2c)
[  211.591935] kworker/1:1     S c0a24ba0     0    87      2 0x00000000
[  211.598291] [<c0a24ba0>] (__schedule) from [<c0a24f8c>] (schedule+0x44/0x9c)
[  211.605333] [<c0a24f8c>] (schedule) from [<c025efe4>] (worker_thread+0xd8/0x518)
[  211.612720] [<c025efe4>] (worker_thread) from [<c02641f0>] (kthread+0xdc/0xf4)
[  211.619935] [<c02641f0>] (kthread) from [<c0210be8>] (ret_from_fork+0x14/0x2c)
[  211.627145] kpsmoused       S c0a24ba0     0    88      2 0x00000000
[  211.633502] [<c0a24ba0>] (__schedule) from [<c0a24f8c>] (schedule+0x44/0x9c)
[  211.640543] [<c0a24f8c>] (schedule) from [<c025f720>] (rescuer_thread+0x2fc/0x364)
[  211.648104] [<c025f720>] (rescuer_thread) from [<c02641f0>] (kthread+0xdc/0xf4)
[  211.655405] [<c02641f0>] (kthread) from [<c0210be8>] (ret_from_fork+0x14/0x2c)
[  211.662615] bioset          S c0a24ba0     0    89      2 0x00000000
[  211.668972] [<c0a24ba0>] (__schedule) from [<c0a24f8c>] (schedule+0x44/0x9c)
[  211.676013] [<c0a24f8c>] (schedule) from [<c025f720>] (rescuer_thread+0x2fc/0x364)
[  211.683573] [<c025f720>] (rescuer_thread) from [<c02641f0>] (kthread+0xdc/0xf4)
[  211.690875] [<c02641f0>] (kthread) from [<c0210be8>] (ret_from_fork+0x14/0x2c)
[  211.698084] bioset          S c0a24ba0     0    90      2 0x00000000
[  211.704440] [<c0a24ba0>] (__schedule) from [<c0a24f8c>] (schedule+0x44/0x9c)
[  211.711482] [<c0a24f8c>] (schedule) from [<c025f720>] (rescuer_thread+0x2fc/0x364)
[  211.719044] [<c025f720>] (rescuer_thread) from [<c02641f0>] (kthread+0xdc/0xf4)
[  211.726345] [<c02641f0>] (kthread) from [<c0210be8>] (ret_from_fork+0x14/0x2c)
[  211.733556] bioset          S c0a24ba0     0    91      2 0x00000000
[  211.739914] [<c0a24ba0>] (__schedule) from [<c0a24f8c>] (schedule+0x44/0x9c)
[  211.746955] [<c0a24f8c>] (schedule) from [<c025f720>] (rescuer_thread+0x2fc/0x364)
[  211.754515] [<c025f720>] (rescuer_thread) from [<c02641f0>] (kthread+0xdc/0xf4)
[  211.761817] [<c02641f0>] (kthread) from [<c0210be8>] (ret_from_fork+0x14/0x2c)
[  211.769025] ipv6_addrconf   S c0a24ba0     0    92      2 0x00000000
[  211.775383] [<c0a24ba0>] (__schedule) from [<c0a24f8c>] (schedule+0x44/0x9c)
[  211.782424] [<c0a24f8c>] (schedule) from [<c025f720>] (rescuer_thread+0x2fc/0x364)
[  211.789985] [<c025f720>] (rescuer_thread) from [<c02641f0>] (kthread+0xdc/0xf4)
[  211.797286] [<c02641f0>] (kthread) from [<c0210be8>] (ret_from_fork+0x14/0x2c)
[  211.804496] deferwq         S c0a24ba0     0    93      2 0x00000000
[  211.810854] [<c0a24ba0>] (__schedule) from [<c0a24f8c>] (schedule+0x44/0x9c)
[  211.817895] [<c0a24f8c>] (schedule) from [<c025f720>] (rescuer_thread+0x2fc/0x364)
[  211.825457] [<c025f720>] (rescuer_thread) from [<c02641f0>] (kthread+0xdc/0xf4)
[  211.832758] [<c02641f0>] (kthread) from [<c0210be8>] (ret_from_fork+0x14/0x2c)
[  211.839968] kworker/0:1H    S c0a24ba0     0    94      2 0x00000000
[  211.846325] [<c0a24ba0>] (__schedule) from [<c0a24f8c>] (schedule+0x44/0x9c)
[  211.853366] [<c0a24f8c>] (schedule) from [<c025efe4>] (worker_thread+0xd8/0x518)
[  211.860754] [<c025efe4>] (worker_thread) from [<c02641f0>] (kthread+0xdc/0xf4)
[  211.867969] [<c02641f0>] (kthread) from [<c0210be8>] (ret_from_fork+0x14/0x2c)
[  211.875179] kworker/0:2H    S c0a24ba0     0    95      2 0x00000000
[  211.881535] [<c0a24ba0>] (__schedule) from [<c0a24f8c>] (schedule+0x44/0x9c)
[  211.888576] [<c0a24f8c>] (schedule) from [<c025efe4>] (worker_thread+0xd8/0x518)
[  211.895963] [<c025efe4>] (worker_thread) from [<c02641f0>] (kthread+0xdc/0xf4)
[  211.903178] [<c02641f0>] (kthread) from [<c0210be8>] (ret_from_fork+0x14/0x2c)
[  211.910390] Sched Debug Version: v0.11, 4.4.0-next-20160115-00002-g68f441d0b2cd #1
[  211.917948] ktime                                   : 211908.553559
[  211.924204] sched_clk                               : 211910.388322
[  211.930460] cpu_clk                                 : 211910.388644
[  211.936715] jiffies                                 : 4294949300
[  211.942709] 
[  211.944191] sysctl_sched
[  211.946715]   .sysctl_sched_latency                    : 18.000000
[  211.952883]   .sysctl_sched_min_granularity            : 2.250000
[  211.958965]   .sysctl_sched_wakeup_granularity         : 3.000000
[  211.965047]   .sysctl_sched_child_runs_first           : 0
[  211.970521]   .sysctl_sched_features                   : 44859
[  211.976342]   .sysctl_sched_tunable_scaling            : 1 (logaritmic)
[  211.982943] 
[  211.984423] cpu#0
[  211.986339]   .nr_running                    : 0
[  211.990945]   .load                          : 0
[  211.995550]   .nr_switches                   : 25377
[  212.000503]   .nr_load_updates               : 36438
[  212.005455]   .nr_uninterruptible            : -1
[  212.010148]   .next_balance                  : 4294.949028
[  212.015621]   .curr->pid                     : 0
[  212.020226]   .clock                         : 208847.377127
[  212.025873]   .clock_task                    : 208847.377127
[  212.031520]   .cpu_load[0]                   : 87813
[  212.036472]   .cpu_load[1]                   : 88093
[  212.041425]   .cpu_load[2]                   : 88127
[  212.046378]   .cpu_load[3]                   : 88084
[  212.051330]   .cpu_load[4]                   : 88047
[  212.056283] 
[  212.056283] cfs_rq[0]:
[  212.060109]   .exec_clock                    : 0.000000
[  212.065323]   .MIN_vruntime                  : 0.000001
[  212.070536]   .min_vruntime                  : 3854.072052
[  212.076010]   .max_vruntime                  : 0.000001
[  212.081223]   .spread                        : 0.000000
[  212.086437]   .spread0                       : 0.000000
[  212.091650]   .nr_spread_over                : 0
[  212.096254]   .nr_running                    : 0
[  212.100860]   .load                          : 0
[  212.105467]   .load_avg                      : 88201
[  212.110419]   .runnable_load_avg             : 685
[  212.115197]   .util_avg                      : 1013
[  212.120063]   .removed_load_avg              : 0
[  212.124669]   .removed_util_avg              : 0
[  212.129275] 
[  212.129275] rt_rq[0]:
[  212.133014]   .rt_nr_running                 : 0
[  212.137618]   .rt_throttled                  : 0
[  212.142224]   .rt_time                       : 0.069303
[  212.147438]   .rt_runtime                    : 950.000000
[  212.152824] 
[  212.152824] dl_rq[0]:
[  212.156562]   .dl_nr_running                 : 0
[  212.161169] 
[  212.161169] runnable tasks:
[  212.161169]             task   PID         tree-key  switches  prio     wait-time             sum-exec        sum-sleep
[  212.161169] ----------------------------------------------------------------------------------------------------------
[  212.186867]        swapper/0     1      3845.095745       789   120         0.000000      1666.643483         0.000000
[  212.197564]         kthreadd     2      2476.491538        89   120         0.000000         1.566334         0.000000
[  212.208260]      ksoftirqd/0     3      3851.080492     11615   120         0.000000      2049.874745         0.000000
[  212.218954]      kworker/0:0     4       110.745678        11   120         0.000000         1.646982         0.000000
[  212.229649]     kworker/0:0H     5      3854.072052     11708   100         0.000000    177943.943386         0.000000
[  212.240344]     kworker/u8:0     6      3842.172019        17   120         0.000000         0.689413         0.000000
[  212.251039]           rcu_bh     8        16.123143         2   120         0.000000         0.005021         0.000000
[  212.261734]      migration/0     9         0.000000         6     0         0.000000         0.500497         0.000000
[  212.272429]       watchdog/0    10         0.000000        55     0         0.000000         1.265875         0.000000
[  212.283125]      kworker/0:1    38      3841.323944       273   120         0.000000        10.030807         0.000000
[  212.293821]           nfsiod    41       128.032149         2   100         0.000000         0.012772         0.000000
[  212.304516]           bioset    53       875.890520         2   100         0.000000         0.012668         0.000000
[  212.315210]           bioset    57       884.900142         2   100         0.000000         0.012034         0.000000
[  212.325904]           bioset    63       893.909269         2   100         0.000000         0.011514         0.000000
[  212.336599]           bioset    67       902.919241         2   100         0.000000         0.012403         0.000000
[  212.347294]           bioset    70       911.929566         2   100         0.000000         0.012542         0.000000
[  212.357989]           bioset    77       951.480898         2   100         0.000000         0.012269         0.000000
[  212.368683]  irq/32-21000600    78         0.000000         2    49         0.000000         0.285634         0.000000
[  212.379378]  irq/33-21000800    80         0.000000         2    49         0.000000         0.284183         0.000000
[  212.390072]     kworker/u8:1    82      1016.345847         2   120         0.000000         0.007564         0.000000
[  212.400767]           bioset    89      1729.332793         2   100         0.000000         0.014017         0.000000
[  212.411461]          deferwq    93      1801.610477         2   100         0.000000         0.012134         0.000000
[  212.422155]     kworker/0:1H    94      2476.471669         4   100         0.000000         0.051620         0.000000
[  212.432848]     kworker/0:2H    95      3845.067053         4   100         0.000000         0.045509         0.000000
[  212.443543] 
[  212.445025] cpu#1
[  212.446940]   .nr_running                    : 0
[  212.451546]   .load                          : 0
[  212.456152]   .nr_switches                   : 1656
[  212.461017]   .nr_load_updates               : 126
[  212.465796]   .nr_uninterruptible            : 1
[  212.470402]   .next_balance                  : 4294.949107
[  212.475876]   .curr->pid                     : 0
[  212.480482]   .clock                         : 212006.848919
[  212.486130]   .clock_task                    : 212006.848919
[  212.491777]   .cpu_load[0]                   : 0
[  212.496383]   .cpu_load[1]                   : 0
[  212.500989]   .cpu_load[2]                   : 0
[  212.505595]   .cpu_load[3]                   : 0
[  212.510200]   .cpu_load[4]                   : 0
[  212.514806] 
[  212.514806] cfs_rq[1]:
[  212.518632]   .exec_clock                    : 0.000000
[  212.523845]   .MIN_vruntime                  : 0.000001
[  212.529058]   .min_vruntime                  : 128.862839
[  212.534445]   .max_vruntime                  : 0.000001
[  212.539658]   .spread                        : 0.000000
[  212.544871]   .spread0                       : -3725.209213
[  212.550432]   .nr_spread_over                : 0
[  212.555038]   .nr_running                    : 0
[  212.559642]   .load                          : 0
[  212.564248]   .load_avg                      : 0
[  212.568854]   .runnable_load_avg             : 0
[  212.573460]   .util_avg                      : 0
[  212.578066]   .removed_load_avg              : 0
[  212.582672]   .removed_util_avg              : 0
[  212.587278] 
[  212.587278] rt_rq[1]:
[  212.591016]   .rt_nr_running                 : 0
[  212.595622]   .rt_throttled                  : 0
[  212.600227]   .rt_time                       : 0.016094
[  212.605440]   .rt_runtime                    : 950.000000
[  212.610826] 
[  212.610826] dl_rq[1]:
[  212.614564]   .dl_nr_running                 : 0
[  212.619170] 
[  212.619170] runnable tasks:
[  212.619170]             task   PID         tree-key  switches  prio     wait-time             sum-exec        sum-sleep
[  212.619170] ----------------------------------------------------------------------------------------------------------
[  212.644868]       watchdog/1    11        -5.989805        56     0         0.000000         0.453714         0.000000
[  212.655564]      migration/1    12         0.000000         4     0         0.000000         0.035011         0.000000
[  212.666258]      ksoftirqd/1    13        -6.048339         3   120         0.000000         0.010310         0.000000
[  212.676954]      kworker/1:0    14       107.822080        46   120         0.000000         0.312567         0.000000
[  212.687648]     kworker/1:0H    15        17.080389         5   100         0.000000         0.023250         0.000000
[  212.698344]        kdevtmpfs    26       113.956998       655   120         0.000000        10.627273         0.000000
[  212.709038]       oom_reaper    29         0.000000         2     0         0.000000         0.013254         0.000000
[  212.719730]           bioset    32        26.080223         2   100         0.000000         0.013339         0.000000
[  212.730426]           bioset    52        35.716077         2   100         0.000000         0.012585         0.000000
[  212.741119]           bioset    54        44.726067         2   100         0.000000         0.012316         0.000000
[  212.751814]           bioset    58        53.735831         2   100         0.000000         0.012005         0.000000
[  212.762509]           bioset    61        62.745933         2   100         0.000000         0.012922         0.000000
[  212.773204]           bioset    62        71.755505         2   100         0.000000         0.011789         0.000000
[  212.783898]           bioset    66        80.765909         2   100         0.000000         0.012673         0.000000
[  212.794591]           bioset    71        89.776287         2   100         0.000000         0.012514         0.000000
[  212.805284]  irq/31-21000400    74         0.000000         2    49         0.000000         0.017688         0.000000
[  212.815978]         spi32764    81       107.792099         2   120         0.000000         0.010959         0.000000
[  212.826672]      kworker/1:1    87       116.879513        11   120         0.000000         0.085033         0.000000
[  212.837366]           bioset    91       122.852737         2   100         0.000000         0.016560         0.000000
[  212.848060] 
[  212.849542] cpu#2
[  212.851457]   .nr_running                    : 0
[  212.856063]   .load                          : 0
[  212.860669]   .nr_switches                   : 93532
[  212.865621]   .nr_load_updates               : 37065
[  212.870573]   .nr_uninterruptible            : 0
[  212.875180]   .next_balance                  : 4294.949778
[  212.880653]   .curr->pid                     : 0
[  212.885260]   .clock                         : 212881.836817
[  212.890908]   .clock_task                    : 212886.836919
[  212.896555]   .cpu_load[0]                   : 0
[  212.901161]   .cpu_load[1]                   : 0
[  212.905767]   .cpu_load[2]                   : 0
[  212.910372]   .cpu_load[3]                   : 0
[  212.914978]   .cpu_load[4]                   : 0
[  212.919584] 
[  212.919584] cfs_rq[2]:
[  212.923409]   .exec_clock                    : 0.000000
[  212.928622]   .MIN_vruntime                  : 0.000001
[  212.933836]   .min_vruntime                  : 526.671520
[  212.939223]   .max_vruntime                  : 0.000001
[  212.944436]   .spread                        : 0.000000
[  212.949649]   .spread0                       : -3327.400532
[  212.955209]   .nr_spread_over                : 0
[  212.959815]   .nr_running                    : 0
[  212.964422]   .load                          : 0
[  212.969026]   .load_avg                      : 0
[  212.973631]   .runnable_load_avg             : 0
[  212.978237]   .util_avg                      : 0
[  212.982842]   .removed_load_avg              : 0
[  212.987449]   .removed_util_avg              : 0
[  212.992055] 
[  212.992055] rt_rq[2]:
[  212.995794]   .rt_nr_running                 : 0
[  213.000400]   .rt_throttled                  : 0
[  213.005006]   .rt_time                       : 0.008534
[  213.010219]   .rt_runtime                    : 950.000000
[  213.015606] 
[  213.015606] dl_rq[2]:
[  213.019344]   .dl_nr_running                 : 0
[  213.023950] 
[  213.023950] runnable tasks:
[  213.023950]             task   PID         tree-key  switches  prio     wait-time             sum-exec        sum-sleep
[  213.023950] ----------------------------------------------------------------------------------------------------------
[  213.049648]        rcu_sched     7       526.671520     46650   120         0.000000       392.991885         0.000000
[  213.060342]       watchdog/2    16        -5.991129        56     0         0.000000         0.306004         0.000000
[  213.071036]      migration/2    17         0.000000         4     0         0.000000         0.034987         0.000000
[  213.081729]      ksoftirqd/2    18        -7.042355         3   120         0.000000         0.010853         0.000000
[  213.092422]      kworker/2:0    19       134.247725        44   120         0.000000         0.241047         0.000000
[  213.103115]     kworker/2:0H    20        35.007679         5   100         0.000000         0.021030         0.000000
[  213.113809]             perf    27         7.963627         2   100         0.000000         0.014679         0.000000
[  213.124503]        writeback    30        16.975409         2   100         0.000000         0.013767         0.000000
[  213.135196]          kblockd    33        25.986106         2   100         0.000000         0.012777         0.000000
[  213.145890]      edac-poller    35        34.997139         2   100         0.000000         0.012941         0.000000
[  213.156583]       devfreq_wq    36        44.007596         2   100         0.000000         0.012451         0.000000
[  213.167276]           bioset    50        89.104772         2   100         0.000000         0.014597         0.000000
[  213.177971]           bioset    55        98.115307         2   100         0.000000         0.012562         0.000000
[  213.188665]           bioset    59       107.126359         2   100         0.000000         0.012999         0.000000
[  213.199360]           bioset    64       116.136570         2   100         0.000000         0.012163         0.000000
[  213.210054]           bioset    68       125.146972         2   100         0.000000         0.012495         0.000000
[  213.220748]           bioset    72       134.157577         2   100         0.000000         0.012533         0.000000
[  213.231442]         spi32766    75       134.161767         2   120         0.000000         0.011294         0.000000
[  213.242137]           bioset    76       143.173143         2   100         0.000000         0.013483         0.000000
[  213.252832]      kworker/2:1    85       143.280024        14   120         0.000000         0.119659         0.000000
[  213.263525]        kpsmoused    88       143.182379         2   100         0.000000         0.013633         0.000000
[  213.274219] 
[  213.275700] cpu#3
[  213.277615]   .nr_running                    : 0
[  213.282221]   .load                          : 0
[  213.286827]   .nr_switches                   : 294
[  213.291605]   .nr_load_updates               : 34749
[  213.296558]   .nr_uninterruptible            : 1
[  213.301164]   .next_balance                  : 4294.949379
[  213.306637]   .curr->pid                     : 0
[  213.311244]   .clock                         : 212016.848837
[  213.316890]   .clock_task                    : 212016.848837
[  213.322537]   .cpu_load[0]                   : 0
[  213.327143]   .cpu_load[1]                   : 0
[  213.331749]   .cpu_load[2]                   : 0
[  213.336355]   .cpu_load[3]                   : 0
[  213.340960]   .cpu_load[4]                   : 0
[  213.345566] 
[  213.345566] cfs_rq[3]:
[  213.349391]   .exec_clock                    : 0.000000
[  213.354605]   .MIN_vruntime                  : 0.000001
[  213.359818]   .min_vruntime                  : 164.310986
[  213.365205]   .max_vruntime                  : 0.000001
[  213.370418]   .spread                        : 0.000000
[  213.375631]   .spread0                       : -3689.761066
[  213.381191]   .nr_spread_over                : 0
[  213.385797]   .nr_running                    : 0
[  213.390402]   .load                          : 0
[  213.395008]   .load_avg                      : 0
[  213.399613]   .runnable_load_avg             : 0
[  213.404219]   .util_avg                      : 0
[  213.408824]   .removed_load_avg              : 0
[  213.413430]   .removed_util_avg              : 0
[  213.418036] 
[  213.418036] rt_rq[3]:
[  213.421775]   .rt_nr_running                 : 0
[  213.426381]   .rt_throttled                  : 0
[  213.430987]   .rt_time                       : 0.016723
[  213.436200]   .rt_runtime                    : 950.000000
[  213.441586] 
[  213.441586] dl_rq[3]:
[  213.445324]   .dl_nr_running                 : 0
[  213.449930] 
[  213.449930] runnable tasks:
[  213.449930]             task   PID         tree-key  switches  prio     wait-time             sum-exec        sum-sleep
[  213.449930] ----------------------------------------------------------------------------------------------------------
[  213.475629]       watchdog/3    21        -8.990621        56     0         0.000000         0.450718         0.000000
[  213.486323]      migration/3    22         0.000000         4     0         0.000000         0.032760         0.000000
[  213.497017]      ksoftirqd/3    23       -10.042984         3   120         0.000000         0.010046         0.000000
[  213.507712]      kworker/3:0    24       140.272199        44   120         0.000000         0.281604         0.000000
[  213.518404]     kworker/3:0H    25        16.986623         5   100         0.000000         0.021316         0.000000
[  213.529098]       khungtaskd    28       155.331352         3   120         0.000000         0.033427         0.000000
[  213.539792]           crypto    31        16.975537         2   100         0.000000         0.013397         0.000000
[  213.550487]          ata_sff    34        25.986533         2   100         0.000000         0.013028         0.000000
[  213.561181]           rpciod    37        35.001757         2   100         0.000000         0.017361         0.000000
[  213.571874]          kswapd0    39        62.099901         3   120         0.000000         0.031714         0.000000
[  213.582568]           vmstat    40        53.033003         2   100         0.000000         0.012845         0.000000
[  213.593260]           bioset    51        80.102472         2   100         0.000000         0.016330         0.000000
[  213.603954]           bioset    56        89.115230         2   100         0.000000         0.014875         0.000000
[  213.614646]           bioset    60        98.127736         2   100         0.000000         0.014679         0.000000
[  213.625342]           bioset    65       107.142150         2   100         0.000000         0.016526         0.000000
[  213.636036]           bioset    69       116.155402         2   100         0.000000         0.015412         0.000000
[  213.646729]           bioset    73       125.168780         2   100         0.000000         0.015519         0.000000
[  213.657424]         spi32765    79       134.183194         2   120         0.000000         0.014419         0.000000
[  213.668116]      kworker/3:1    86       149.326716        11   120         0.000000         0.087940         0.000000
[  213.678810]           bioset    90       155.289785         2   100         0.000000         0.017678         0.000000
[  213.689504]    ipv6_addrconf    92       155.300541         2   100         0.000000         0.023668         0.000000
[  213.700197] 
[  213.701678] Showing busy workqueues and worker pools:
- 13:13:35 [INFO] [  219.108590] sysrq: SysRq : Show backtrace of all active CPUs
[  219.114244] Sending NMI to all CPUs:
[  219.117809] NMI backtrace for cpu 0
[  219.121290] CPU: 0 PID: 0 Comm: swapper/0 Not tainted 4.4.0-next-20160115-00002-g68f441d0b2cd #1
[  219.130063] Hardware name: Keystone
[  219.133550] [<c0218920>] (unwind_backtrace) from [<c0213ff0>] (show_stack+0x10/0x14)
[  219.141288] [<c0213ff0>] (show_stack) from [<c04912b0>] (dump_stack+0x8c/0x9c)
[  219.148504] [<c04912b0>] (dump_stack) from [<c0494c0c>] (nmi_cpu_backtrace+0x88/0x8c)
[  219.156327] [<c0494c0c>] (nmi_cpu_backtrace) from [<c021679c>] (raise_nmi+0x6c/0x70)
[  219.164062] [<c021679c>] (raise_nmi) from [<c0494b70>] (nmi_trigger_all_cpu_backtrace+0xf4/0x108)
[  219.172926] [<c0494b70>] (nmi_trigger_all_cpu_backtrace) from [<c05a9b28>] (__handle_sysrq+0xa8/0x16c)
[  219.182225] [<c05a9b28>] (__handle_sysrq) from [<c05bdd3c>] (serial8250_rx_chars+0x1bc/0x214)
[  219.190743] [<c05bdd3c>] (serial8250_rx_chars) from [<c05bf39c>] (serial8250_handle_irq.part.8+0xb4/0xc8)
[  219.200302] [<c05bf39c>] (serial8250_handle_irq.part.8) from [<c05bf418>] (serial8250_default_handle_irq+0x54/0x7c)
[  219.210728] [<c05bf418>] (serial8250_default_handle_irq) from [<c05bc93c>] (serial8250_interrupt+0x3c/0xc0)
[  219.220459] [<c05bc93c>] (serial8250_interrupt) from [<c028bba4>] (handle_irq_event_percpu+0x78/0x130)
[  219.229754] [<c028bba4>] (handle_irq_event_percpu) from [<c028bca0>] (handle_irq_event+0x44/0x68)
[  219.238617] [<c028bca0>] (handle_irq_event) from [<c028ee0c>] (handle_fasteoi_irq+0xb4/0x194)
[  219.247135] [<c028ee0c>] (handle_fasteoi_irq) from [<c028b298>] (generic_handle_irq+0x24/0x34)
[  219.255738] [<c028b298>] (generic_handle_irq) from [<c028b548>] (__handle_domain_irq+0x5c/0xb4)
[  219.264426] [<c028b548>] (__handle_domain_irq) from [<c020a6d0>] (gic_handle_irq+0x54/0x94)
[  219.272767] [<c020a6d0>] (gic_handle_irq) from [<c0214ac0>] (__irq_svc+0x40/0x54)
[  219.280237] Exception stack(0xc0f75f40 to 0xc0f75f88)
[  219.285279] 5f40: 00000001 00000000 00000000 c02237a0 c0f74000 c0f764ac 00000000 00000000
[  219.293446] 5f60: c0f6e364 c0f72570 c0f75f98 c0f7650c 00000000 c0f75f90 c0211608 c021160c
[  219.301611] 5f80: 60000013 ffffffff
[  219.305094] [<c0214ac0>] (__irq_svc) from [<c021160c>] (arch_cpu_idle+0x38/0x3c)
[  219.312482] [<c021160c>] (arch_cpu_idle) from [<c027fce8>] (cpu_startup_entry+0x1e4/0x240)
[  219.320739] [<c027fce8>] (cpu_startup_entry) from [<c0e69cbc>] (start_kernel+0x3ec/0x3f8)
[  219.328906] [<c0e69cbc>] (start_kernel) from [<80208090>] (0x80208090)
[  219.335524] NMI backtrace for cpu 1
[  219.339005] CPU: 1 PID: 0 Comm: swapper/1 Not tainted 4.4.0-next-20160115-00002-g68f441d0b2cd #1
[  219.347777] Hardware name: Keystone
[  219.351255] task: ed05b480 ti: ed088000 task.ti: ed088000
[  219.356641] PC is at arch_cpu_idle+0x38/0x3c
[  219.360899] LR is at arch_cpu_idle+0x34/0x3c
[  219.365158] pc : [<c021160c>]    lr : [<c0211608>]    psr: 60000013
[  219.371413] sp : ed089fd8  ip : 00000000  fp : c0f7650c
[  219.376626] r10: ed089fe0  r9 : c0f72570  r8 : c0f6e364
[  219.381840] r7 : 00000000  r6 : 00000000  r5 : c0f764ac  r4 : ed088000
[  219.388354] r3 : c02237a0  r2 : 00000000  r1 : 00000000  r0 : 00000001
[  219.394868] Flags: nZCv  IRQs on  FIQs on  Mode SVC_32  ISA ARM  Segment kernel
[  219.402164] Control: 30c5387d  Table: 00203000  DAC: 55555555
[  219.407898] CPU: 1 PID: 0 Comm: swapper/1 Not tainted 4.4.0-next-20160115-00002-g68f441d0b2cd #1
[  219.416669] Hardware name: Keystone
[  219.420146] [<c0218920>] (unwind_backtrace) from [<c0213ff0>] (show_stack+0x10/0x14)
[  219.427876] [<c0213ff0>] (show_stack) from [<c04912b0>] (dump_stack+0x8c/0x9c)
[  219.435085] [<c04912b0>] (dump_stack) from [<c0494bf0>] (nmi_cpu_backtrace+0x6c/0x8c)
[  219.442902] [<c0494bf0>] (nmi_cpu_backtrace) from [<c0217004>] (handle_IPI+0xac/0x194)
[  219.450806] [<c0217004>] (handle_IPI) from [<c020a70c>] (gic_handle_irq+0x90/0x94)
[  219.458362] [<c020a70c>] (gic_handle_irq) from [<c0214ac0>] (__irq_svc+0x40/0x54)
[  219.465831] Exception stack(0xed089f88 to 0xed089fd0)
[  219.470871] 9f80:                   00000001 00000000 00000000 c02237a0 ed088000 c0f764ac
[  219.479034] 9fa0: 00000000 00000000 c0f6e364 c0f72570 ed089fe0 c0f7650c 00000000 ed089fd8
[  219.487197] 9fc0: c0211608 c021160c 60000013 ffffffff
[  219.492236] [<c0214ac0>] (__irq_svc) from [<c021160c>] (arch_cpu_idle+0x38/0x3c)
[  219.499619] [<c021160c>] (arch_cpu_idle) from [<c027fce8>] (cpu_startup_entry+0x1e4/0x240)
[  219.507868] [<c027fce8>] (cpu_startup_entry) from [<8020ab0c>] (0x8020ab0c)
[  219.514819] NMI backtrace for cpu 2
[  219.518298] CPU: 2 PID: 0 Comm: swapper/2 Not tainted 4.4.0-next-20160115-00002-g68f441d0b2cd #1
[  219.527071] Hardware name: Keystone
[  219.530549] task: ed05b9c0 ti: ed08a000 task.ti: ed08a000
[  219.535937] PC is at arch_cpu_idle+0x38/0x3c
[  219.540196] LR is at arch_cpu_idle+0x34/0x3c
[  219.544453] pc : [<c021160c>]    lr : [<c0211608>]    psr: 60000013
[  219.550707] sp : ed08bfd8  ip : edfbff3c  fp : c0f7650c
[  219.555921] r10: ed08bfe0  r9 : c0f72570  r8 : c0f6e364
[  219.561134] r7 : 00000000  r6 : 00000000  r5 : c0f764ac  r4 : ed08a000
[  219.567649] r3 : c02237a0  r2 : 00000000  r1 : 00000000  r0 : 00000001
[  219.574164] Flags: nZCv  IRQs on  FIQs on  Mode SVC_32  ISA ARM  Segment kernel
[  219.581459] Control: 30c5387d  Table: 00203000  DAC: 55555555
[  219.587193] CPU: 2 PID: 0 Comm: swapper/2 Not tainted 4.4.0-next-20160115-00002-g68f441d0b2cd #1
[  219.595965] Hardware name: Keystone
[  219.599442] [<c0218920>] (unwind_backtrace) from [<c0213ff0>] (show_stack+0x10/0x14)
[  219.607172] [<c0213ff0>] (show_stack) from [<c04912b0>] (dump_stack+0x8c/0x9c)
[  219.614380] [<c04912b0>] (dump_stack) from [<c0494bf0>] (nmi_cpu_backtrace+0x6c/0x8c)
[  219.622197] [<c0494bf0>] (nmi_cpu_backtrace) from [<c0217004>] (handle_IPI+0xac/0x194)
[  219.630101] [<c0217004>] (handle_IPI) from [<c020a70c>] (gic_handle_irq+0x90/0x94)
[  219.637657] [<c020a70c>] (gic_handle_irq) from [<c0214ac0>] (__irq_svc+0x40/0x54)
[  219.645126] Exception stack(0xed08bf88 to 0xed08bfd0)
[  219.650164] bf80:                   00000001 00000000 00000000 c02237a0 ed08a000 c0f764ac
[  219.658328] bfa0: 00000000 00000000 c0f6e364 c0f72570 ed08bfe0 c0f7650c edfbff3c ed08bfd8
[  219.666491] bfc0: c0211608 c021160c 60000013 ffffffff
[  219.671530] [<c0214ac0>] (__irq_svc) from [<c021160c>] (arch_cpu_idle+0x38/0x3c)
[  219.678913] [<c021160c>] (arch_cpu_idle) from [<c027fce8>] (cpu_startup_entry+0x1e4/0x240)
[  219.687163] [<c027fce8>] (cpu_startup_entry) from [<8020ab0c>] (0x8020ab0c)
[  219.694113] NMI backtrace for cpu 3
[  219.697594] CPU: 3 PID: 0 Comm: swapper/3 Not tainted 4.4.0-next-20160115-00002-g68f441d0b2cd #1
[  219.706366] Hardware name: Keystone
[  219.709844] task: ed05bf00 ti: ed08c000 task.ti: ed08c000
[  219.715230] PC is at arch_cpu_idle+0x38/0x3c
[  219.719488] LR is at arch_cpu_idle+0x34/0x3c
[  219.723746] pc : [<c021160c>]    lr : [<c0211608>]    psr: 60000013
[  219.730001] sp : ed08dfd8  ip : 00000000  fp : c0f7650c
[  219.735215] r10: ed08dfe0  r9 : c0f72570  r8 : c0f6e364
[  219.740428] r7 : 00000000  r6 : 00000000  r5 : c0f764ac  r4 : ed08c000
[  219.746943] r3 : c02237a0  r2 : 00000000  r1 : 00000000  r0 : 00000001
[  219.753457] Flags: nZCv  IRQs on  FIQs on  Mode SVC_32  ISA ARM  Segment kernel
[  219.760753] Control: 30c5387d  Table: 00203000  DAC: 55555555
[  219.766486] CPU: 3 PID: 0 Comm: swapper/3 Not tainted 4.4.0-next-20160115-00002-g68f441d0b2cd #1
[  219.775258] Hardware name: Keystone
[  219.778735] [<c0218920>] (unwind_backtrace) from [<c0213ff0>] (show_stack+0x10/0x14)
[  219.786465] [<c0213ff0>] (show_stack) from [<c04912b0>] (dump_stack+0x8c/0x9c)
[  219.793673] [<c04912b0>] (dump_stack) from [<c0494bf0>] (nmi_cpu_backtrace+0x6c/0x8c)
[  219.801490] [<c0494bf0>] (nmi_cpu_backtrace) from [<c0217004>] (handle_IPI+0xac/0x194)
[  219.809394] [<c0217004>] (handle_IPI) from [<c020a70c>] (gic_handle_irq+0x90/0x94)
[  219.816950] [<c020a70c>] (gic_handle_irq) from [<c0214ac0>] (__irq_svc+0x40/0x54)
[  219.824419] Exception stack(0xed08df88 to 0xed08dfd0)
[  219.829459] df80:                   00000001 00000000 00000000 c02237a0 ed08c000 c0f764ac
[  219.837622] dfa0: 00000000 00000000 c0f6e364 c0f72570 ed08dfe0 c0f7650c 00000000 ed08dfd8
[  219.845785] dfc0: c0211608 c021160c 60000013 ffffffff
[  219.850823] [<c0214ac0>] (__irq_svc) from [<c021160c>] (arch_cpu_idle+0x38/0x3c)
[  219.858205] [<c021160c>] (arch_cpu_idle) from [<c027fce8>] (cpu_startup_entry+0x1e4/0x240)
[  219.866455] [<c027fce8>] (cpu_startup_entry) from [<8020ab0c>] (0x8020ab0c)
- 13:13:45 [INFO] [  229.364408] sysrq: SysRq : Show Blocked State
[  229.368759]   task                PC stack   pid father
[  229.373974] swapper/0       D c0a24ba0     0     1      0 0x00000000
[  229.380333] [<c0a24ba0>] (__schedule) from [<c0a24f8c>] (schedule+0x44/0x9c)
[  229.387380] [<c0a24f8c>] (schedule) from [<c0a03954>] (rpc_wait_bit_killable+0x28/0xdc)
[  229.395377] [<c0a03954>] (rpc_wait_bit_killable) from [<c0a253f8>] (__wait_on_bit+0x84/0xc4)
[  229.403808] [<c0a253f8>] (__wait_on_bit) from [<c0a254a4>] (out_of_line_wait_on_bit+0x6c/0x74)
[  229.412413] [<c0a254a4>] (out_of_line_wait_on_bit) from [<c0a04508>] (__rpc_execute+0x1c4/0x29c)
[  229.421191] [<c0a04508>] (__rpc_execute) from [<c09fe764>] (rpc_run_task+0xa4/0xac)
