- 03:22:06 [INFO] Starting target session
- 03:22:07 [INFO] Connected to k2e-evm via serial 
- 03:22:07 [INFO] Host: #check prompt
- 03:22:10 [ERROR] On command: #check prompt waiting for #check prompt.+?(?-mix:((?-mix:login:)|[Pp]assword)) >>> error: execution expired
- 03:22:10 [INFO] Target: 
- 03:22:10 [INFO] Host: #check prompt
- 03:22:12 [ERROR] On command: #check prompt waiting for #check prompt.+?(?-mix:root@.+[@:#]+) >>> error: execution expired
- 03:22:12 [INFO] Target: 
- 03:22:12 [INFO] Host: #check prompt
- 03:22:14 [ERROR] On command: #check prompt waiting for #check prompt.+?(?-mix:root@.+[@:#]+) >>> error: execution expired
- 03:22:14 [INFO] Target: 
- 03:22:14 [INFO] Host: #check prompt
- 03:22:16 [ERROR] On command: #check prompt waiting for #check prompt.+?(?-mix:root@.+[@:#]+) >>> error: execution expired
- 03:22:16 [INFO] Target: 
- 03:22:16 [INFO] Disconnected serial from k2e-evm
- 03:22:17 [INFO] Connected to k2e-evm via serial 
- 03:22:17 [INFO] Host: 
- 03:22:23 [INFO] Target: 
U-Boot SPL 2015.07 (Dec 10 2015 - 05:03:10)
U-Boot 2015.07 (Dec 10 2015 - 05:03:10 -0500)
CPU: 66AK2Ex SR1.0
I2C:   ready
DRAM:  DDR3A Speed will be configured for 1600 Operation.
Detected SO-DIMM [18KSF51272HZ-1G6K2]
DDR3 speed 1600
DRAM: 4 GiB
Clear entire DDR3 memory to enable ECC
2 GiB
NAND:  512 MiB
Net:   Phy 2 not found
Phy 3 not found
Phy 4 not found
Phy 5 not found
Phy 6 not found
Phy 7 not found
K2E_EMAC0
Warning: K2E_EMAC0 using MAC address from net device
, K2E_EMAC1
Error: K2E_EMAC1 address not set.
, K2E_EMAC2
Error: K2E_EMAC2 address not set.
, K2E_EMAC3
Error: K2E_EMAC3 address not set.
, K2E_EMAC4
Error: K2E_EMAC4 address not set.
, K2E_EMAC5
Error: K2E_EMAC5 address not set.
, K2E_EMAC6
Error: K2E_EMAC6 address not set.
, K2E_EMAC7
Error: K2E_EMAC7 address not set.
Hit any key to stop autoboot:  1  0 
U-Boot# 
U-Boot# 
U-Boot# 
U-Boot# 
U-Boot# 
U-Boot# 
U-Boot# 
U-Boot# 
U-Boot# 
U-Boot# 
U-Boot# 
U-Boot# 
U-Boot# 
U-Boot# 
U-Boot# 
U-Boot# 
U-Boot# 
U-Boot# 
U-Boot# 
- 03:22:23 [INFO] Host: 
- 03:22:23 [INFO] Target: 
U-Boot# 
U-Boot# 
- 03:22:23 [INFO] Host: version
- 03:22:23 [INFO] Target: 
version
U-Boot 2015.07 (Dec 10 2015 - 05:03:10 -0500)
arm-linux-gnueabihf-gcc (Linaro GCC 4.9-2015.05) 4.9.3 20150413 (prerelease)
GNU ld (GNU Binutils) Linaro 2014.11-3-git 2.24.0.20141017
U-Boot# 
- 03:22:23 [INFO] Host: setenv bootargs 'console=ttyS0,115200n8 earlyprintk rootwait '
- 03:22:23 [INFO] Target: 
setenv bootargs 'console=ttyS0,115200n8 earlyprintk rootwait '
U-Boot# 
- 03:22:23 [INFO] Host: setenv bootcmd  ''
- 03:22:23 [INFO] Target: 
setenv bootcmd  ''
U-Boot# 
- 03:22:23 [INFO] Host: setenv autoload 'no'
- 03:22:23 [INFO] Target: 
setenv autoload 'no'
U-Boot# 
- 03:22:23 [INFO] Host: setenv serverip '192.168.0.1'
- 03:22:23 [INFO] Target: 
setenv serverip '192.168.0.1'
U-Boot# 
- 03:22:23 [INFO] Host: printenv
- 03:22:24 [INFO] Target: 
printenv
addr_mon=0x0c140000
addr_secdb_key=0xc000000
addr_ubi=0x82000000
arch=arm
args_all=setenv bootargs console=ttyS0,115200n8 rootwait=1
args_net=setenv bootargs ${bootargs} rootfstype=nfs root=/dev/nfs rw nfsroot=${serverip}:${nfs_root},${nfs_options} ip=dhcp
args_ramfs=setenv bootargs ${bootargs} rdinit=/sbin/init rw root=/dev/ram0 initrd=0x808080000,80M
args_ubi=setenv bootargs ${bootargs} rootfstype=ubifs root=ubi0:rootfs rootflags=sync rw ubi.mtd=ubifs,2048
autoload=no
baudrate=115200
board=ks2_evm
board_name=ks2_evm
boot=ubi
bootargs=console=ttyS0,115200n8 earlyprintk rootwait 
bootcmd=
bootdelay=1
bootm_size=0x10000000
burn_ubi=nand erase.part ubifs; nand write ${addr_ubi} ubifs ${filesize}
burn_uboot_nand=nand erase 0 0x100000; nand write ${loadaddr} 0 ${filesize}
burn_uboot_spi=sf probe; sf erase 0 0x100000; sf write ${loadaddr} 0 ${filesize}
cpu=armv7
ethact=K2E_EMAC0
ethaddr=08:00:28:32:b1:0d
fdt_addr_r=0x88000000
fdtaddr=0x88000000
get_fdt_net=dhcp ${fdtaddr} ${tftp_root}/${name_fdt}
get_fdt_ramfs=dhcp ${fdtaddr} ${tftp_root}/${name_fdt}
get_fdt_ubi=ubifsload ${fdtaddr} ${name_fdt}
get_fs_ramfs=dhcp ${rdaddr} ${tftp_root}/${name_fs}
get_kern_net=dhcp ${loadaddr} ${tftp_root}/${name_kern}
get_kern_ramfs=dhcp ${loadaddr} ${tftp_root}/${name_kern}
get_kern_ubi=ubifsload ${loadaddr} ${name_kern}
get_mon_net=dhcp ${addr_mon} ${tftp_root}/${name_mon}
get_mon_ramfs=dhcp ${addr_mon} ${tftp_root}/${name_mon}
get_mon_ubi=ubifsload ${addr_mon} ${name_mon}
get_ubi_net=dhcp ${addr_ubi} ${tftp_root}/${name_ubi}
get_uboot_net=dhcp ${loadaddr} ${tftp_root}/${name_uboot}
init_net=run args_all args_net
init_ramfs=run args_all args_ramfs get_fs_ramfs
init_ubi=run args_all args_ubi; ubi part ubifs; ubifsmount ubi:boot;ubifsload ${addr_secdb_key} securedb.key.bin;
kernel_addr_r=0x82000000
loadaddr=0x82000000
mem_lpae=1
mem_reserve=512M
mtdparts=mtdparts=davinci_nand.0:1024k(bootloader)ro,512k(params)ro,-(ubifs)
name_fdt=k2e-evm.dtb
name_fs=arago-console-image-k2e-evm.cpio.gz
name_kern=zImage
name_mon=skern-k2e.bin
name_ubi=k2e-evm-ubifs.ubi
name_uboot=u-boot-spi-k2e-evm.gph
nfs_options=v3,tcp,rsize=4096,wsize=4096
nfs_root=/export
no_post=1
ramdisk_addr_r=0x88080000
rdaddr=0x88080000
run_kern=bootz ${loadaddr} - ${fdtaddr}
run_mon=mon_install ${addr_mon}
serverip=192.168.0.1
soc=keystone
stderr=serial
stdin=serial
stdout=serial
tftp_root=/
vendor=ti
ver=U-Boot 2015.07 (Dec 10 2015 - 05:03:10 -0500)
Environment size: 2562/262140 bytes
U-Boot# 
- 03:22:24 [INFO] Host: printenv
- 03:22:24 [INFO] Target: 
printenv
addr_mon=0x0c140000
addr_secdb_key=0xc000000
addr_ubi=0x82000000
arch=arm
args_all=setenv bootargs console=ttyS0,115200n8 rootwait=1
args_net=setenv bootargs ${bootargs} rootfstype=nfs root=/dev/nfs rw nfsroot=${serverip}:${nfs_root},${nfs_options} ip=dhcp
args_ramfs=setenv bootargs ${bootargs} rdinit=/sbin/init rw root=/dev/ram0 initrd=0x808080000,80M
args_ubi=setenv bootargs ${bootargs} rootfstype=ubifs root=ubi0:rootfs rootflags=sync rw ubi.mtd=ubifs,2048
autoload=no
baudrate=115200
board=ks2_evm
board_name=ks2_evm
boot=ubi
bootargs=console=ttyS0,115200n8 earlyprintk rootwait 
bootcmd=
bootdelay=1
bootm_size=0x10000000
burn_ubi=nand erase.part ubifs; nand write ${addr_ubi} ubifs ${filesize}
burn_uboot_nand=nand erase 0 0x100000; nand write ${loadaddr} 0 ${filesize}
burn_uboot_spi=sf probe; sf erase 0 0x100000; sf write ${loadaddr} 0 ${filesize}
cpu=armv7
ethact=K2E_EMAC0
ethaddr=08:00:28:32:b1:0d
fdt_addr_r=0x88000000
fdtaddr=0x88000000
get_fdt_net=dhcp ${fdtaddr} ${tftp_root}/${name_fdt}
get_fdt_ramfs=dhcp ${fdtaddr} ${tftp_root}/${name_fdt}
get_fdt_ubi=ubifsload ${fdtaddr} ${name_fdt}
get_fs_ramfs=dhcp ${rdaddr} ${tftp_root}/${name_fs}
get_kern_net=dhcp ${loadaddr} ${tftp_root}/${name_kern}
get_kern_ramfs=dhcp ${loadaddr} ${tftp_root}/${name_kern}
get_kern_ubi=ubifsload ${loadaddr} ${name_kern}
get_mon_net=dhcp ${addr_mon} ${tftp_root}/${name_mon}
get_mon_ramfs=dhcp ${addr_mon} ${tftp_root}/${name_mon}
get_mon_ubi=ubifsload ${addr_mon} ${name_mon}
get_ubi_net=dhcp ${addr_ubi} ${tftp_root}/${name_ubi}
get_uboot_net=dhcp ${loadaddr} ${tftp_root}/${name_uboot}
init_net=run args_all args_net
init_ramfs=run args_all args_ramfs get_fs_ramfs
init_ubi=run args_all args_ubi; ubi part ubifs; ubifsmount ubi:boot;ubifsload ${addr_secdb_key} securedb.key.bin;
kernel_addr_r=0x82000000
loadaddr=0x82000000
mem_lpae=1
mem_reserve=512M
mtdparts=mtdparts=davinci_nand.0:1024k(bootloader)ro,512k(params)ro,-(ubifs)
name_fdt=k2e-evm.dtb
name_fs=arago-console-image-k2e-evm.cpio.gz
name_kern=zImage
name_mon=skern-k2e.bin
name_ubi=k2e-evm-ubifs.ubi
name_uboot=u-boot-spi-k2e-evm.gph
nfs_options=v3,tcp,rsize=4096,wsize=4096
nfs_root=/export
no_post=1
ramdisk_addr_r=0x88080000
rdaddr=0x88080000
run_kern=bootz ${loadaddr} - ${fdtaddr}
run_mon=mon_install ${addr_mon}
serverip=192.168.0.1
soc=keystone
stderr=serial
stdin=serial
stdout=serial
tftp_root=/
vendor=ti
ver=U-Boot 2015.07 (Dec 10 2015 - 05:03:10 -0500)
Environment size: 2562/262140 bytes
U-Boot# 
- 03:22:24 [INFO] Host: setenv bootargs ''${bootargs}' ip=:::::eth0:dhcp '
- 03:22:24 [INFO] Target: 
setenv bootargs ''${bootargs}' ip=:::::eth0:dhcp '
U-Boot# 
- 03:22:24 [INFO] Host: setenv serverip '192.168.0.1'
- 03:22:24 [INFO] Target: 
setenv serverip '192.168.0.1'
U-Boot# 
- 03:22:24 [INFO] Host: setenv autoload 'no'
- 03:22:24 [INFO] Target: 
setenv autoload 'no'
U-Boot# 
- 03:22:24 [INFO] Host: dhcp
- 03:22:27 [INFO] Target: 
dhcp
K2E_EMAC0 Waiting for SGMII auto negotiation to complete.. done
K2E_EMAC0 Waiting for PHY auto negotiation to complete. done
BOOTP broadcast 1
BOOTP broadcast 2
BOOTP broadcast 3
DHCP client bound to address 192.168.0.236 (1334 ms)
U-Boot# 
- 03:22:27 [INFO] Host: tftp ${loadaddr} 192.168.0.1:vatf_k2e-evm/6cc5750a0bfcb3f6827b4243f6d2449e
- 03:22:31 [INFO] Target: 
tftp ${loadaddr} 192.168.0.1:vatf_k2e-evm/6cc5750a0bfcb3f6827b4243f6d2449e
K2E_EMAC0 Waiting for SGMII auto negotiation to complete. done
Using K2E_EMAC0 device
TFTP from server 192.168.0.1; our IP address is 192.168.0.236
Filename 'vatf_k2e-evm/6cc5750a0bfcb3f6827b4243f6d2449e'.
Load address: 0x82000000
Loading: *#################################################################
	 #################################################################
	 #################################################################
	 #################################################################
	 #################################################################
	 #################################################################
	 #####################################################
	 2.9 MiB/s
done
Bytes transferred = 6502424 (633818 hex)
U-Boot# 
- 03:22:31 [INFO] Host: tftp ${fdt_addr_r} 192.168.0.1:vatf_k2e-evm/48e82ac420404a83c5835d01e84a1af2
- 03:22:32 [INFO] Target: 
tftp ${fdt_addr_r} 192.168.0.1:vatf_k2e-evm/48e82ac420404a83c5835d01e84a1af2
K2E_EMAC0 Waiting for SGMII auto negotiation to complete. done
Using K2E_EMAC0 device
TFTP from server 192.168.0.1; our IP address is 192.168.0.236
Filename 'vatf_k2e-evm/48e82ac420404a83c5835d01e84a1af2'.
Load address: 0x88000000
Loading: *##
	 2.4 MiB/s
done
Bytes transferred = 22361 (5759 hex)
U-Boot# 
- 03:22:32 [INFO] Host: tftp ${addr_mon} 192.168.0.1:vatf_k2e-evm/8dd84e09dc00e0511080f2ef0f01c680
- 03:22:33 [INFO] Target: 
tftp ${addr_mon} 192.168.0.1:vatf_k2e-evm/8dd84e09dc00e0511080f2ef0f01c680
K2E_EMAC0 Waiting for SGMII auto negotiation to complete. done
Using K2E_EMAC0 device
TFTP from server 192.168.0.1; our IP address is 192.168.0.236
Filename 'vatf_k2e-evm/8dd84e09dc00e0511080f2ef0f01c680'.
Load address: 0xc140000
Loading: *####
	 2.7 MiB/s
done
Bytes transferred = 45056 (b000 hex)
U-Boot# 
- 03:22:33 [INFO] Host: printenv
- 03:22:33 [INFO] Target: 
printenv
addr_mon=0x0c140000
addr_secdb_key=0xc000000
addr_ubi=0x82000000
arch=arm
args_all=setenv bootargs console=ttyS0,115200n8 rootwait=1
args_net=setenv bootargs ${bootargs} rootfstype=nfs root=/dev/nfs rw nfsroot=${serverip}:${nfs_root},${nfs_options} ip=dhcp
args_ramfs=setenv bootargs ${bootargs} rdinit=/sbin/init rw root=/dev/ram0 initrd=0x808080000,80M
args_ubi=setenv bootargs ${bootargs} rootfstype=ubifs root=ubi0:rootfs rootflags=sync rw ubi.mtd=ubifs,2048
autoload=no
baudrate=115200
board=ks2_evm
board_name=ks2_evm
boot=ubi
bootargs=console=ttyS0,115200n8 earlyprintk rootwait  ip=:::::eth0:dhcp 
bootcmd=
bootdelay=1
bootm_size=0x10000000
burn_ubi=nand erase.part ubifs; nand write ${addr_ubi} ubifs ${filesize}
burn_uboot_nand=nand erase 0 0x100000; nand write ${loadaddr} 0 ${filesize}
burn_uboot_spi=sf probe; sf erase 0 0x100000; sf write ${loadaddr} 0 ${filesize}
cpu=armv7
dnsip=192.0.2.2
dnsip2=192.0.2.3
ethact=K2E_EMAC0
ethaddr=08:00:28:32:b1:0d
fdt_addr_r=0x88000000
fdtaddr=0x88000000
fileaddr=c140000
filesize=b000
get_fdt_net=dhcp ${fdtaddr} ${tftp_root}/${name_fdt}
get_fdt_ramfs=dhcp ${fdtaddr} ${tftp_root}/${name_fdt}
get_fdt_ubi=ubifsload ${fdtaddr} ${name_fdt}
get_fs_ramfs=dhcp ${rdaddr} ${tftp_root}/${name_fs}
get_kern_net=dhcp ${loadaddr} ${tftp_root}/${name_kern}
get_kern_ramfs=dhcp ${loadaddr} ${tftp_root}/${name_kern}
get_kern_ubi=ubifsload ${loadaddr} ${name_kern}
get_mon_net=dhcp ${addr_mon} ${tftp_root}/${name_mon}
get_mon_ramfs=dhcp ${addr_mon} ${tftp_root}/${name_mon}
get_mon_ubi=ubifsload ${addr_mon} ${name_mon}
get_ubi_net=dhcp ${addr_ubi} ${tftp_root}/${name_ubi}
get_uboot_net=dhcp ${loadaddr} ${tftp_root}/${name_uboot}
init_net=run args_all args_net
init_ramfs=run args_all args_ramfs get_fs_ramfs
init_ubi=run args_all args_ubi; ubi part ubifs; ubifsmount ubi:boot;ubifsload ${addr_secdb_key} securedb.key.bin;
ipaddr=192.168.0.236
kernel_addr_r=0x82000000
loadaddr=0x82000000
mem_lpae=1
mem_reserve=512M
mtdparts=mtdparts=davinci_nand.0:1024k(bootloader)ro,512k(params)ro,-(ubifs)
name_fdt=k2e-evm.dtb
name_fs=arago-console-image-k2e-evm.cpio.gz
name_kern=zImage
name_mon=skern-k2e.bin
name_ubi=k2e-evm-ubifs.ubi
name_uboot=u-boot-spi-k2e-evm.gph
netmask=255.255.255.0
nfs_options=v3,tcp,rsize=4096,wsize=4096
nfs_root=/export
no_post=1
ramdisk_addr_r=0x88080000
rdaddr=0x88080000
run_kern=bootz ${loadaddr} - ${fdtaddr}
run_mon=mon_install ${addr_mon}
serverip=192.168.0.1
soc=keystone
stderr=serial
stdin=serial
stdout=serial
tftp_root=/
vendor=ti
ver=U-Boot 2015.07 (Dec 10 2015 - 05:03:10 -0500)
Environment size: 2700/262140 bytes
U-Boot# 
- 03:22:33 [INFO] Host: setenv bootcmd ''${bootcmd}' mon_install ${addr_mon};'
- 03:22:33 [INFO] Target: 
setenv bootcmd ''${bootcmd}' mon_install ${addr_mon};'
U-Boot# 
- 03:22:33 [INFO] Host: printenv
- 03:22:34 [INFO] Target: 
printenv
addr_mon=0x0c140000
addr_secdb_key=0xc000000
addr_ubi=0x82000000
arch=arm
args_all=setenv bootargs console=ttyS0,115200n8 rootwait=1
args_net=setenv bootargs ${bootargs} rootfstype=nfs root=/dev/nfs rw nfsroot=${serverip}:${nfs_root},${nfs_options} ip=dhcp
args_ramfs=setenv bootargs ${bootargs} rdinit=/sbin/init rw root=/dev/ram0 initrd=0x808080000,80M
args_ubi=setenv bootargs ${bootargs} rootfstype=ubifs root=ubi0:rootfs rootflags=sync rw ubi.mtd=ubifs,2048
autoload=no
baudrate=115200
board=ks2_evm
board_name=ks2_evm
boot=ubi
bootargs=console=ttyS0,115200n8 earlyprintk rootwait  ip=:::::eth0:dhcp 
bootcmd= mon_install ${addr_mon};
bootdelay=1
bootm_size=0x10000000
burn_ubi=nand erase.part ubifs; nand write ${addr_ubi} ubifs ${filesize}
burn_uboot_nand=nand erase 0 0x100000; nand write ${loadaddr} 0 ${filesize}
burn_uboot_spi=sf probe; sf erase 0 0x100000; sf write ${loadaddr} 0 ${filesize}
cpu=armv7
dnsip=192.0.2.2
dnsip2=192.0.2.3
ethact=K2E_EMAC0
ethaddr=08:00:28:32:b1:0d
fdt_addr_r=0x88000000
fdtaddr=0x88000000
fileaddr=c140000
filesize=b000
get_fdt_net=dhcp ${fdtaddr} ${tftp_root}/${name_fdt}
get_fdt_ramfs=dhcp ${fdtaddr} ${tftp_root}/${name_fdt}
get_fdt_ubi=ubifsload ${fdtaddr} ${name_fdt}
get_fs_ramfs=dhcp ${rdaddr} ${tftp_root}/${name_fs}
get_kern_net=dhcp ${loadaddr} ${tftp_root}/${name_kern}
get_kern_ramfs=dhcp ${loadaddr} ${tftp_root}/${name_kern}
get_kern_ubi=ubifsload ${loadaddr} ${name_kern}
get_mon_net=dhcp ${addr_mon} ${tftp_root}/${name_mon}
get_mon_ramfs=dhcp ${addr_mon} ${tftp_root}/${name_mon}
get_mon_ubi=ubifsload ${addr_mon} ${name_mon}
get_ubi_net=dhcp ${addr_ubi} ${tftp_root}/${name_ubi}
get_uboot_net=dhcp ${loadaddr} ${tftp_root}/${name_uboot}
init_net=run args_all args_net
init_ramfs=run args_all args_ramfs get_fs_ramfs
init_ubi=run args_all args_ubi; ubi part ubifs; ubifsmount ubi:boot;ubifsload ${addr_secdb_key} securedb.key.bin;
ipaddr=192.168.0.236
kernel_addr_r=0x82000000
loadaddr=0x82000000
mem_lpae=1
mem_reserve=512M
mtdparts=mtdparts=davinci_nand.0:1024k(bootloader)ro,512k(params)ro,-(ubifs)
name_fdt=k2e-evm.dtb
name_fs=arago-console-image-k2e-evm.cpio.gz
name_kern=zImage
name_mon=skern-k2e.bin
name_ubi=k2e-evm-ubifs.ubi
name_uboot=u-boot-spi-k2e-evm.gph
netmask=255.255.255.0
nfs_options=v3,tcp,rsize=4096,wsize=4096
nfs_root=/export
no_post=1
ramdisk_addr_r=0x88080000
rdaddr=0x88080000
run_kern=bootz ${loadaddr} - ${fdtaddr}
run_mon=mon_install ${addr_mon}
serverip=192.168.0.1
soc=keystone
stderr=serial
stdin=serial
stdout=serial
tftp_root=/
vendor=ti
ver=U-Boot 2015.07 (Dec 10 2015 - 05:03:10 -0500)
Environment size: 2725/262140 bytes
U-Boot# 
- 03:22:34 [INFO] Host: setenv bootargs ''${bootargs}' root=/dev/nfs rw nfsroot=192.168.0.1:/home/tigtfarm10/NFS_exports/linux/k2e-evm/autofs/3d90047c142ce88d8be260ab9ec1b737,nolock,v3,tcp,rsize=4096,wsize=4096 '
- 03:22:34 [INFO] Target: 
setenv bootargs ''${bootargs}' root=/dev/nfs rw nfsroot=192.168.0.1:/home/tigtfarm10/NFS_exports/linux/k2e-evm/autofs/3d90047c142ce88d8be260ab9ec1b737,nolock,v3,tcp,rsize=4096,wsize=4096 '
U-Boot# 
- 03:22:34 [INFO] Host: printenv
- 03:22:34 [INFO] Target: 
printenv
addr_mon=0x0c140000
addr_secdb_key=0xc000000
addr_ubi=0x82000000
arch=arm
args_all=setenv bootargs console=ttyS0,115200n8 rootwait=1
args_net=setenv bootargs ${bootargs} rootfstype=nfs root=/dev/nfs rw nfsroot=${serverip}:${nfs_root},${nfs_options} ip=dhcp
args_ramfs=setenv bootargs ${bootargs} rdinit=/sbin/init rw root=/dev/ram0 initrd=0x808080000,80M
args_ubi=setenv bootargs ${bootargs} rootfstype=ubifs root=ubi0:rootfs rootflags=sync rw ubi.mtd=ubifs,2048
autoload=no
baudrate=115200
board=ks2_evm
board_name=ks2_evm
boot=ubi
bootargs=console=ttyS0,115200n8 earlyprintk rootwait  ip=:::::eth0:dhcp  root=/dev/nfs rw nfsroot=192.168.0.1:/home/tigtfarm10/NFS_exports/linux/k2e-evm/autofs/3d90047c142ce88d8be260ab9ec1b737,nolock,v3,tcp,rsize=4096,wsize=4096 
bootcmd= mon_install ${addr_mon};
bootdelay=1
bootm_size=0x10000000
burn_ubi=nand erase.part ubifs; nand write ${addr_ubi} ubifs ${filesize}
burn_uboot_nand=nand erase 0 0x100000; nand write ${loadaddr} 0 ${filesize}
burn_uboot_spi=sf probe; sf erase 0 0x100000; sf write ${loadaddr} 0 ${filesize}
cpu=armv7
dnsip=192.0.2.2
dnsip2=192.0.2.3
ethact=K2E_EMAC0
ethaddr=08:00:28:32:b1:0d
fdt_addr_r=0x88000000
fdtaddr=0x88000000
fileaddr=c140000
filesize=b000
get_fdt_net=dhcp ${fdtaddr} ${tftp_root}/${name_fdt}
get_fdt_ramfs=dhcp ${fdtaddr} ${tftp_root}/${name_fdt}
get_fdt_ubi=ubifsload ${fdtaddr} ${name_fdt}
get_fs_ramfs=dhcp ${rdaddr} ${tftp_root}/${name_fs}
get_kern_net=dhcp ${loadaddr} ${tftp_root}/${name_kern}
get_kern_ramfs=dhcp ${loadaddr} ${tftp_root}/${name_kern}
get_kern_ubi=ubifsload ${loadaddr} ${name_kern}
get_mon_net=dhcp ${addr_mon} ${tftp_root}/${name_mon}
get_mon_ramfs=dhcp ${addr_mon} ${tftp_root}/${name_mon}
get_mon_ubi=ubifsload ${addr_mon} ${name_mon}
get_ubi_net=dhcp ${addr_ubi} ${tftp_root}/${name_ubi}
get_uboot_net=dhcp ${loadaddr} ${tftp_root}/${name_uboot}
init_net=run args_all args_net
init_ramfs=run args_all args_ramfs get_fs_ramfs
init_ubi=run args_all args_ubi; ubi part ubifs; ubifsmount ubi:boot;ubifsload ${addr_secdb_key} securedb.key.bin;
ipaddr=192.168.0.236
kernel_addr_r=0x82000000
loadaddr=0x82000000
mem_lpae=1
mem_reserve=512M
mtdparts=mtdparts=davinci_nand.0:1024k(bootloader)ro,512k(params)ro,-(ubifs)
name_fdt=k2e-evm.dtb
name_fs=arago-console-image-k2e-evm.cpio.gz
name_kern=zImage
name_mon=skern-k2e.bin
name_ubi=k2e-evm-ubifs.ubi
name_uboot=u-boot-spi-k2e-evm.gph
netmask=255.255.255.0
nfs_options=v3,tcp,rsize=4096,wsize=4096
nfs_root=/export
no_post=1
ramdisk_addr_r=0x88080000
rdaddr=0x88080000
run_kern=bootz ${loadaddr} - ${fdtaddr}
run_mon=mon_install ${addr_mon}
serverip=192.168.0.1
soc=keystone
stderr=serial
stdin=serial
stdout=serial
tftp_root=/
vendor=ti
ver=U-Boot 2015.07 (Dec 10 2015 - 05:03:10 -0500)
Environment size: 2882/262140 bytes
U-Boot# 
- 03:22:34 [INFO] Host: setenv bootcmd ''${bootcmd}' if iminfo ${loadaddr}; then bootm ${loadaddr} - ${fdt_addr_r}; else bootz ${loadaddr} - ${fdt_addr_r}; bootm ${loadaddr} - ${fdt_addr_r}; fi'
- 03:22:34 [INFO] Target: 
setenv bootcmd ''${bootcmd}' if iminfo ${loadaddr}; then bootm ${loadaddr} - ${fdt_addr_r}; else bootz ${loadaddr} - ${fdt_addr_r}; bootm ${loadaddr} - ${fdt_addr_r}; fi'
U-Boot# 
- 03:22:34 [INFO] Host: version
- 03:22:34 [INFO] Target: 
version
U-Boot 2015.07 (Dec 10 2015 - 05:03:10 -0500)
arm-linux-gnueabihf-gcc (Linaro GCC 4.9-2015.05) 4.9.3 20150413 (prerelease)
GNU ld (GNU Binutils) Linaro 2014.11-3-git 2.24.0.20141017
U-Boot# 
- 03:22:34 [INFO] Host: bdinfo
- 03:22:35 [INFO] Target: 
bdinfo
arch_number = 0x00000000
boot_params = 0x80000100
DRAM bank   = 0x00000000
-> start    = 0x80000000
-> size     = 0x80000000
DRAM bank   = 0x00000001
-> start    = 0x00000000
-> size     = 0x00000000
eth0name    = K2E_EMAC0
ethaddr     = 08:00:28:32:b1:0d
eth1name    = K2E_EMAC1
eth1addr    = (not set)
eth2name    = K2E_EMAC2
eth2addr    = (not set)
eth3name    = K2E_EMAC3
eth3addr    = (not set)
eth4name    = K2E_EMAC4
eth4addr    = (not set)
eth5name    = K2E_EMAC5
eth5addr    = (not set)
eth6name    = K2E_EMAC6
eth6addr    = (not set)
eth7name    = K2E_EMAC7
eth7addr    = (not set)
current eth = K2E_EMAC0
ip_addr     = 192.168.0.236
baudrate    = 115200 bps
TLB addr    = 0xFFFF0000
relocaddr   = 0xFFF3F000
reloc off   = 0xF3F3F000
irq_sp      = 0xFEEFEEF0
sp start    = 0xFEEFEEE0
U-Boot# 
- 03:22:35 [INFO] Host: mmc rescan; echo $?
- 03:22:45 [ERROR] On command: mmc rescan; echo $? waiting for (?m-ix:0[\0\n\r]+) >>> error: execution expired
- 03:22:45 [INFO] Target: 
mmc rescan; echo $?
Unknown command 'mmc' - try 'help'
U-Boot# 
- 03:22:45 [INFO] Host: boot
- 03:26:15 [ERROR] On command: boot waiting for boot.+?(?-mix:login:) >>> error: execution expired
- 03:26:15 [INFO] Target: 
boot
K2_BM_15.07-39-g035329caed63 SoC:k2e built:16:02:41, Dec 16 2015
## installed monitor, freq [208333333], status 0
## Checking Image at 82000000 ...
Unknown image format!
Kernel image @ 0x82000000 [ 0x000000 - 0x633818 ]
## Flattened Device Tree blob at 88000000
   Booting using the fdt blob at 0x88000000
   Loading Device Tree to 8fff7000, end 8ffff758 ... OK
Starting kernel ...
[    0.000000] Booting Linux on physical CPU 0x0
[    0.000000] Linux version 4.4.0-rc7-00002-gc7244cc5ddbb (nmenon@horus) (gcc version 4.9.3 20150413 (prerelease) (Linaro GCC 4.9-2015.05) ) #1 SMP Mon Dec 28 02:15:49 CST 2015
[    0.000000] CPU: ARMv7 Processor [412fc0f4] revision 4 (ARMv7), cr=30c5387d
[    0.000000] CPU: PIPT / VIPT nonaliasing data cache, PIPT instruction cache
[    0.000000] Machine model: Texas Instruments Keystone 2 Edison EVM
[    0.000000] Switching physical address space to 0x800000000
[    0.000000] cma: Reserved 64 MiB at 0x000000085c000000
[    0.000000] Forcing write-allocate cache policy for SMP
[    0.000000] Memory policy: Data cache writealloc
[    0.000000] PERCPU: Embedded 12 pages/cpu @edfa7000 s19136 r8192 d21824 u49152
[    0.000000] Built 1 zonelists in Zone order, mobility grouping on.  Total pages: 915968
[    0.000000] Kernel command line: console=ttyS0,115200n8 earlyprintk rootwait  ip=:::::eth0:dhcp  root=/dev/nfs rw nfsroot=192.168.0.1:/home/tigtfarm10/NFS_exports/linux/k2e-evm/autofs/3d90047c142ce88d8be260ab9ec1b737,nolock,v3,tcp,rsize=4096,wsize=4096 
[    0.000000] PID hash table entries: 4096 (order: 2, 16384 bytes)
[    0.000000] Dentry cache hash table entries: 131072 (order: 7, 524288 bytes)
[    0.000000] Inode-cache hash table entries: 65536 (order: 6, 262144 bytes)
[    0.000000] Memory: 3560104K/3670016K available (8305K kernel code, 982K rwdata, 3820K rodata, 1060K init, 345K bss, 44376K reserved, 65536K cma-reserved, 2818048K highmem)
[    0.000000] Virtual kernel memory layout:
[    0.000000]     vector  : 0xffff0000 - 0xffff1000   (   4 kB)
[    0.000000]     fixmap  : 0xffc00000 - 0xfff00000   (3072 kB)
[    0.000000]     vmalloc : 0xf0800000 - 0xff800000   ( 240 MB)
[    0.000000]     lowmem  : 0xc0000000 - 0xf0000000   ( 768 MB)
[    0.000000]     pkmap   : 0xbfe00000 - 0xc0000000   (   2 MB)
[    0.000000]     modules : 0xbf000000 - 0xbfe00000   (  14 MB)
[    0.000000]       .text : 0xc0208000 - 0xc0de0588   (12130 kB)
[    0.000000]       .init : 0xc0de1000 - 0xc0eea000   (1060 kB)
[    0.000000]       .data : 0xc0eea000 - 0xc0fdf9e0   ( 983 kB)
[    0.000000]        .bss : 0xc0fe2000 - 0xc1038528   ( 346 kB)
[    0.000000] SLUB: HWalign=64, Order=0-3, MinObjects=0, CPUs=4, Nodes=1
[    0.000000] Hierarchical RCU implementation.
[    0.000000] 	Build-time adjustment of leaf fanout to 32.
[    0.000000] 	RCU restricting CPUs from NR_CPUS=16 to nr_cpu_ids=4.
[    0.000000] RCU: Adjusting geometry for rcu_fanout_leaf=32, nr_cpu_ids=4
[    0.000000] NR_IRQS:16 nr_irqs:16 16
[    0.000000] Architected cp15 timer(s) running at 208.33MHz (virt).
[    0.000000] clocksource: arch_sys_counter: mask: 0xffffffffffffff max_cycles: 0x300c4cdf1c, max_idle_ns: 440795202901 ns
[    0.000003] sched_clock: 56 bits at 208MHz, resolution 4ns, wraps every 4398046511101ns
[    0.000011] Switching to timer-based delay loop, resolution 4ns
[    0.000776] keystone timer clock @208333333 Hz
[    0.001229] Console: colour dummy device 80x30
[    0.001247] Calibrating delay loop (skipped), value calculated using timer frequency.. 416.66 BogoMIPS (lpj=1041666)
[    0.001256] pid_max: default: 32768 minimum: 301
[    0.001320] Mount-cache hash table entries: 2048 (order: 1, 8192 bytes)
[    0.001327] Mountpoint-cache hash table entries: 2048 (order: 1, 8192 bytes)
[    0.001735] CPU: Testing write buffer coherency: ok
[    0.001881] /cpus/cpu@0 missing clock-frequency property
[    0.001895] /cpus/cpu@1 missing clock-frequency property
[    0.001909] /cpus/cpu@2 missing clock-frequency property
[    0.001925] /cpus/cpu@3 missing clock-frequency property
[    0.001932] CPU0: thread -1, cpu 0, socket 0, mpidr 80000000
[    0.001961] Setting up static identity map for 0x80209000 - 0x80209170
[    0.008239] CPU1: thread -1, cpu 1, socket 0, mpidr 80000001
[    0.013251] CPU2: thread -1, cpu 2, socket 0, mpidr 80000002
[    0.018258] CPU3: thread -1, cpu 3, socket 0, mpidr 80000003
[    0.018337] Brought up 4 CPUs
[    0.018351] SMP: Total of 4 processors activated (1666.66 BogoMIPS).
[    0.018355] CPU: All CPU(s) started in SVC mode.
[    0.018660] devtmpfs: initialized
[    0.022464] VFP support v0.3: implementor 41 architecture 4 part 30 variant f rev 0
[    0.022783] clocksource: jiffies: mask: 0xffffffff max_cycles: 0xffffffff, max_idle_ns: 9556302231375000 ns
[    0.023918] pinctrl core: initialized pinctrl subsystem
[    0.024757] NET: Registered protocol family 16
[    0.026066] DMA: preallocated 256 KiB pool for atomic coherent allocations
[    0.040034] cpuidle: using governor ladder
[    0.055045] cpuidle: using governor menu
[    0.060105] No ATAGs?
[    0.060126] hw-breakpoint: found 5 (+1 reserved) breakpoint and 4 watchpoint registers.
[    0.060132] hw-breakpoint: maximum watchpoint size is 8 bytes.
[    0.061937] Serial: AMBA PL011 UART driver
[    0.083204] vgaarb: loaded
[    0.083677] SCSI subsystem initialized
[    0.083949] usbcore: registered new interface driver usbfs
[    0.083991] usbcore: registered new interface driver hub
[    0.084032] usbcore: registered new device driver usb
[    0.085229] pps_core: LinuxPPS API ver. 1 registered
[    0.085234] pps_core: Software ver. 5.3.6 - Copyright 2005-2007 Rodolfo Giometti <giometti@linux.it>
[    0.085250] PTP clock support registered
[    0.085342] EDAC MC: Ver: 3.0.0
[    0.086569] clocksource: Switched to clocksource arch_sys_counter
[    0.092808] NET: Registered protocol family 2
[    0.093104] TCP established hash table entries: 8192 (order: 3, 32768 bytes)
[    0.093153] TCP bind hash table entries: 8192 (order: 4, 65536 bytes)
[    0.093252] TCP: Hash tables configured (established 8192 bind 8192)
[    0.093281] UDP hash table entries: 512 (order: 2, 16384 bytes)
[    0.093307] UDP-Lite hash table entries: 512 (order: 2, 16384 bytes)
[    0.093405] NET: Registered protocol family 1
[    0.093557] RPC: Registered named UNIX socket transport module.
[    0.093563] RPC: Registered udp transport module.
[    0.093567] RPC: Registered tcp transport module.
[    0.093571] RPC: Registered tcp NFSv4.1 backchannel transport module.
[    0.093897] hw perfevents: enabled with armv7_cortex_a15 PMU driver, 7 counters available
[    0.094345] platform alarmtimer: set dma_pfn_offset00780000
[    0.094706] futex hash table entries: 1024 (order: 4, 65536 bytes)
[    0.101870] squashfs: version 4.0 (2009/01/31) Phillip Lougher
[    0.102416] NFS: Registering the id_resolver key type
[    0.102433] Key type id_resolver registered
[    0.102438] Key type id_legacy registered
[    0.102480] ntfs: driver 2.1.32 [Flags: R/O].
[    0.103273] bounce: pool size: 64 pages
[    0.103397] Block layer SCSI generic (bsg) driver version 0.4 loaded (major 249)
[    0.103407] io scheduler noop registered
[    0.103415] io scheduler deadline registered
[    0.103436] io scheduler cfq registered (default)
[    0.103541] keystone_irq soc:keystone_irq@26202a0: irqchip registered, nr_irqs 28
[    0.146545] Serial: 8250/16550 driver, 4 ports, IRQ sharing disabled
[    0.146622] platform serial8250: set dma_pfn_offset00780000
[    0.147774] SuperH (H)SCI(F) driver initialized
[    0.148166] msm_serial: driver initialized
[    0.148630] console [ttyS0] disabled
[    0.148653] 2530c00.serial: ttyS0 at MMIO 0x2530c00 (irq = 26, base_baud = 13020833) is a 16550A
[    0.798718] console [ttyS0] enabled
[    0.802751] 2531000.serial: ttyS1 at MMIO 0x2531000 (irq = 27, base_baud = 13020833) is a 16550A
[    0.811873] STMicroelectronics ASC driver initialized
[    0.817634] [drm] Initialized drm 1.1.0 20060810
[    0.827154] loop: module loaded
[    0.830503] at24 0-0050: 131072 byte 24c1024 EEPROM, writable, 1 bytes/write
[    0.839915] m25p80 spi32766.0: n25q128a11 (16384 Kbytes)
[    0.845243] 2 ofpart partitions found on MTD device spi32766.0
[    0.851074] Creating 2 MTD partitions on "spi32766.0":
[    0.856212] 0x000000000000-0x000000080000 : "u-boot-spl"
[    0.862171] 0x000000080000-0x000001000000 : "misc"
[    0.867564] spi_davinci 21000400.spi: Controller at 0xf08e2400
[    0.873790] spi_davinci 21000600.spi: Controller at 0xf08e4600
[    0.880010] spi_davinci 21000800.spi: Controller at 0xf08e6800
[    0.887258] platform Fixed MDIO bus.0: set dma_pfn_offset00780000
[    0.893579] libphy: Fixed MDIO Bus: probed
[    0.898037] CAN device driver interface
[    0.902430] igb: Intel(R) Gigabit Ethernet Network Driver - version 5.3.0-k
[    0.909390] igb: Copyright (c) 2007-2014 Intel Corporation.
[    0.951583] davinci_mdio 24200f00.mdio: davinci mdio revision 1.7
[    0.957677] libphy: 24200f00.mdio: probed
[    0.962278] davinci_mdio 24200f00.mdio: phy[0]: device 24200f00.mdio:00, driver Marvell 88E1510
[    0.970979] davinci_mdio 24200f00.mdio: phy[1]: device 24200f00.mdio:01, driver Marvell 88E1510
[    0.979944] pegasus: v0.9.3 (2013/04/25), Pegasus/Pegasus II USB Ethernet driver
[    0.987365] usbcore: registered new interface driver pegasus
[    0.993067] usbcore: registered new interface driver asix
[    0.998495] usbcore: registered new interface driver ax88179_178a
[    1.004617] usbcore: registered new interface driver cdc_ether
[    1.010487] usbcore: registered new interface driver smsc75xx
[    1.016270] usbcore: registered new interface driver smsc95xx
[    1.022044] usbcore: registered new interface driver net1080
[    1.027730] usbcore: registered new interface driver cdc_subset
[    1.033679] usbcore: registered new interface driver zaurus
[    1.039298] usbcore: registered new interface driver cdc_ncm
[    1.045188] 2620738.usb_phy supply vcc not found, using dummy regulator
[    1.051871] 2620750.usb_phy supply vcc not found, using dummy regulator
[    1.259828] platform xhci-hcd.0.auto: set dma_pfn_offset00780000
[    1.467636] platform xhci-hcd.1.auto: set dma_pfn_offset00780000
[    1.474714] ehci_hcd: USB 2.0 'Enhanced' Host Controller (EHCI) Driver
[    1.481254] ehci-pci: EHCI PCI platform driver
[    1.485732] ehci-platform: EHCI generic platform driver
[    1.491048] ehci-omap: OMAP-EHCI Host Controller driver
[    1.496343] ehci-orion: EHCI orion driver
[    1.500422] SPEAr-ehci: EHCI SPEAr driver
[    1.504502] ehci-st: EHCI STMicroelectronics driver
[    1.509449] ehci-exynos: EHCI EXYNOS driver
[    1.513706] ehci-atmel: EHCI Atmel driver
[    1.517784] tegra-ehci: Tegra EHCI driver
[    1.521871] ohci_hcd: USB 1.1 'Open' Host Controller (OHCI) Driver
[    1.528062] ohci-pci: OHCI PCI platform driver
[    1.532539] ohci-platform: OHCI generic platform driver
[    1.537840] ohci-omap3: OHCI OMAP3 driver
[    1.541920] SPEAr-ohci: OHCI SPEAr driver
[    1.545989] ohci-st: OHCI STMicroelectronics driver
[    1.550942] ohci-atmel: OHCI Atmel driver
[    1.555157] xhci-hcd xhci-hcd.0.auto: xHCI Host Controller
[    1.560658] xhci-hcd xhci-hcd.0.auto: new USB bus registered, assigned bus number 1
[    1.568605] xhci-hcd xhci-hcd.0.auto: hcc params 0x0298f06d hci version 0x100 quirks 0x00010010
[    1.577316] xhci-hcd xhci-hcd.0.auto: irq 34, io mem 0x02690000
[    1.583756] hub 1-0:1.0: USB hub found
[    1.587536] hub 1-0:1.0: 1 port detected
[    1.591684] xhci-hcd xhci-hcd.0.auto: xHCI Host Controller
[    1.597178] xhci-hcd xhci-hcd.0.auto: new USB bus registered, assigned bus number 2
[    1.604885] usb usb2: We don't know the algorithms for LPM for this host, disabling LPM.
[    1.613405] hub 2-0:1.0: USB hub found
[    1.617178] hub 2-0:1.0: 1 port detected
[    1.621342] xhci-hcd xhci-hcd.1.auto: xHCI Host Controller
[    1.626844] xhci-hcd xhci-hcd.1.auto: new USB bus registered, assigned bus number 3
[    1.634702] xhci-hcd xhci-hcd.1.auto: hcc params 0x0298f06d hci version 0x100 quirks 0x00010010
[    1.643409] xhci-hcd xhci-hcd.1.auto: irq 68, io mem 0x25010000
[    1.649765] hub 3-0:1.0: USB hub found
[    1.653540] hub 3-0:1.0: 1 port detected
[    1.657685] xhci-hcd xhci-hcd.1.auto: xHCI Host Controller
[    1.663183] xhci-hcd xhci-hcd.1.auto: new USB bus registered, assigned bus number 4
[    1.670891] usb usb4: We don't know the algorithms for LPM for this host, disabling LPM.
[    1.679416] hub 4-0:1.0: USB hub found
[    1.683191] hub 4-0:1.0: 1 port detected
[    1.687484] usbcore: registered new interface driver usb-storage
[    1.694223] mousedev: PS/2 mouse device common for all mice
[    1.701756] i2c /dev entries driver
[    1.709452] sdhci: Secure Digital Host Controller Interface driver
[    1.715635] sdhci: Copyright(c) Pierre Ossman
[    1.720665] Synopsys Designware Multimedia Card Interface Driver
[    1.727157] sdhci-pltfm: SDHCI platform and OF driver helper
[    1.733715] ledtrig-cpu: registered to indicate activity on CPUs
[    1.739863] usbcore: registered new interface driver usbhid
[    1.745435] usbhid: USB HID core driver
[    1.751661] nand: device found, Manufacturer ID: 0x2c, Chip ID: 0xac
[    1.758014] nand: Micron MT29F4G08ABBDAH4
[    1.762024] nand: 512 MiB, SLC, erase size: 128 KiB, page size: 2048, OOB size: 64
[    1.769878] Bad block table found at page 262080, version 0x01
[    1.776217] Bad block table found at page 262016, version 0x01
[    1.782360] 3 ofpart partitions found on MTD device MT29F4G08ABBDAH4
[    1.788708] Creating 3 MTD partitions on "MT29F4G08ABBDAH4":
[    1.794367] 0x000000000000-0x000000100000 : "u-boot"
[    1.799968] 0x000000100000-0x000000180000 : "params"
[    1.805528] 0x000000180000-0x000020000000 : "ubifs"
[    1.811232] davinci_nand 30000000.nand: controller rev. 2.5
[    1.817871] NET: Registered protocol family 10
[    1.822741] sit: IPv6 over IPv4 tunneling driver
[    1.827753] NET: Registered protocol family 17
[    1.832210] can: controller area network core (rev 20120528 abi 9)
[    1.838433] NET: Registered protocol family 29
[    1.842884] can: raw protocol (rev 20120528)
[    1.847159] can: broadcast manager protocol (rev 20120528 t)
[    1.852826] can: netlink gateway (rev 20130117) max_hops=1
[    1.858529] Key type dns_resolver registered
[    1.862906] ThumbEE CPU extension supported.
[    1.867185] Registering SWP/SWPB emulation handler
[    1.872966] hctosys: unable to open rtc device (rtc0)
- 03:26:15 [INFO] Boot attempt 1/1 failed
- 03:26:15 [INFO] Disconnected serial from k2e-evm
URL:gtsystest.telogy.design.ti.com/vatf/tigtfarm10/tigtfarm10_vatf@k2e-evm/tigtfarm1012_28_2015_03_22_06/files/session_iteration_1/test_1
