- 18:00:08 [INFO] Starting target session
- 18:00:10 [INFO] Connected to k2g-evm via serial 
- 18:00:10 [INFO] Host: #check prompt
- 18:00:13 [ERROR] On command: #check prompt waiting for #check prompt.+?(?-mix:((?-mix:login:)|[Pp]assword)) >>> error: execution expired
- 18:00:13 [INFO] Target: 
#check prompt
root@k2g-evm:/test# 
- 18:00:13 [INFO] Host: #check prompt
- 18:00:14 [INFO] Target: 
#check prompt
root@k2g-evm:/test# 
- 18:00:14 [INFO] Host: sync;poweroff
- 18:00:22 [INFO] Target: 
sync;poweroff
Broadcast message from root@k2g-evm (ttyS0) (Thu Mar 24 12:08:34 2016):
The system is go
INIT: SendingStopping telnet daemon.
Stopping system message bus: dbus.
Stopping syslogd/klogd: stopped syslogd (pid 2199)
stopped klogd (pid 2202)
done
Stopping thttpd.
stopping statd: done
ALSA: Storing mixer settings...
Stopping rpcbind daemon...
done.
NOT deconfiguring network interfaces: / is an NFS mount
Disabling thermal zones...
/etc/rc0.d/K98thermal-zone-init: line 13: /sys/class/thermal/thermal_zone*/mode: No such file or directory
Sending all processes the TERM signal...
Sending all processes the KILL signal...
Unmounting remote filesystems...
Deactivating swap...
Unmounting local filesystems...
[18580.107298] reboot: System halted
- 18:00:22 [INFO] Disconnected serial from k2g-evm
- 18:00:23 [INFO] Connected to k2g-evm via serial 
- 18:00:23 [INFO] Host: 
- 18:00:25 [INFO] Target: 
U-Boot 2015.07 (Apr 14 2016 - 06:06:49 -0400)
CPU: 66AK2Gx SR1.0
I2C:   ready
DRAM:  2 GiB
NAND:  256 MiB
MMC:   OMAP SD/MMC: 0, OMAP SD/MMC: 1
reading uboot.env
Net:   K2G_EMAC
Warning: K2G_EMAC using MAC address from net device
Hit any key to stop autoboot:  1  0 
U-Boot# 
U-Boot# 
U-Boot# 
U-Boot# 
U-Boot# 
U-Boot# 
U-Boot# 
- 18:00:26 [INFO] Host: 
- 18:00:26 [INFO] Target: 
U-Boot# 
U-Boot# 
- 18:00:26 [INFO] Host: version
- 18:00:26 [INFO] Target: 
version
U-Boot 2015.07 (Apr 14 2016 - 06:06:49 -0400)
arm-linux-gnueabihf-gcc (Linaro GCC 5.3-2016.02) 5.3.1 20160113
GNU ld (GNU Binutils) 2.25.0 Linaro 2015_10
U-Boot# 
- 18:00:26 [INFO] Host: setenv bootargs 'console=ttyS0,115200n8 earlyprintk=serial,ttyS0,115200n8 rootwait '
- 18:00:26 [INFO] Target: 
setenv bootargs 'console=ttyS0,115200n8 earlyprintk=serial,ttyS0,115200n8 rootwait '
U-Boot# 
- 18:00:26 [INFO] Host: setenv bootcmd  ''
- 18:00:26 [INFO] Target: 
setenv bootcmd  ''
U-Boot# 
- 18:00:26 [INFO] Host: setenv autoload 'no'
- 18:00:26 [INFO] Target: 
setenv autoload 'no'
U-Boot# 
- 18:00:26 [INFO] Host: setenv serverip '192.168.0.1'
- 18:00:26 [INFO] Target: 
setenv serverip '192.168.0.1'
U-Boot# 
- 18:00:26 [INFO] Host: setenv _initramfs -
- 18:00:26 [INFO] Target: 
setenv _initramfs -
U-Boot# 
- 18:00:26 [INFO] Host: printenv
- 18:00:27 [INFO] Target: 
printenv
_initramfs=-
addr_mon=0x0c040000
addr_secdb_key=0xc000000
addr_ubi=0x82000000
arch=arm
args_all=setenv bootargs console=ttyS0,115200n8 rootwait=1
args_mmc=run finduuid;setenv bootargs console=${console} ${optargs} root=PARTUUID=${uuid} rw rootfstype=${mmcrootfstype}
args_net=setenv bootargs ${bootargs} rootfstype=nfs root=/dev/nfs rw nfsroot=${serverip}:${nfs_root},${nfs_options} ip=dhcp
args_ramfs=setenv bootargs ${bootargs} rdinit=/sbin/init rw root=/dev/ram0 initrd=0x808080000,80M
args_ubi=setenv bootargs ${bootargs} rootfstype=ubifs root=ubi0:rootfs rootflags=sync rw ubi.mtd=ubifs,2048
autoload=no
baudrate=115200
board=ks2_evm
board_name=ks2_evm
boot=mmc
bootargs=console=ttyS0,115200n8 earlyprintk=serial,ttyS0,115200n8 rootwait 
bootcmd=
bootdelay=1
bootdir=/boot
bootenvfile=uEnv.txt
bootm_size=0x10000000
bootpart=0:2
bootscript=echo Running bootscript from mmc${mmcdev} ...; source ${loadaddr}
burn_ubi=nand erase.part ubifs; nand write ${addr_ubi} ubifs ${filesize}
burn_uboot_nand=nand erase 0 0x100000; nand write ${loadaddr} 0 ${filesize}
burn_uboot_spi=sf probe; sf erase 0 0x80000; sf write ${loadaddr} 0 ${filesize}
console=ttyS0,115200n8
cpu=armv7
dev_pmmc=0
envboot=mmc dev ${mmcdev}; if mmc rescan; then echo SD/MMC found on device ${mmcdev};if run loadbootscript; then run bootscript;else if run loadbootenv; then echo Loaded env from ${bootenvfile};run importbootenv;fi;if test -n $uenvcmd; then echo Running uenvcmd ...;run uenvcmd;fi;fi;fi;
ethact=K2G_EMAC
ethaddr=50:72:24:d6:39:db
fdt_addr_r=0x88000000
fdtaddr=0x88000000
finduuid=part uuid mmc 0:2 uuid
get_fdt_mmc=load mmc ${bootpart} ${fdtaddr} ${bootdir}/${name_fdt}
get_fdt_net=dhcp ${fdtaddr} ${tftp_root}/${name_fdt}
get_fdt_ramfs=dhcp ${fdtaddr} ${tftp_root}/${name_fdt}
get_fdt_ubi=ubifsload ${fdtaddr} ${bootdir}/${name_fdt}
get_fs_ramfs=dhcp ${rdaddr} ${tftp_root}/${name_fs}
get_kern_mmc=load mmc ${bootpart} ${loadaddr} ${bootdir}/${name_kern}
get_kern_net=dhcp ${loadaddr} ${tftp_root}/${name_kern}
get_kern_ramfs=dhcp ${loadaddr} ${tftp_root}/${name_kern}
get_kern_ubi=ubifsload ${loadaddr} ${bootdir}/${name_kern}
get_mon_mmc=load mmc ${bootpart} ${addr_mon} ${bootdir}/${name_mon}
get_mon_net=dhcp ${addr_mon} ${tftp_root}/${name_mon}
get_mon_ramfs=dhcp ${addr_mon} ${tftp_root}/${name_mon}
get_mon_ubi=ubifsload ${addr_mon} ${bootdir}/${name_mon}
get_pmmc_mmc=load mmc ${bootpart} ${loadaddr} ${bootdir}/${name_pmmc}
get_pmmc_net=dhcp ${loadaddr} ${tftp_root}/${name_pmmc}
get_pmmc_ramfs=run get_pmmc_net
get_pmmc_ubi=ubifsload ${loadaddr} ${bootdir}/${name_pmmc}
get_ubi_net=dhcp ${addr_ubi} ${tftp_root}/${name_ubi}
get_uboot_net=dhcp ${loadaddr} ${tftp_root}/${name_uboot}
importbootenv=echo Importing environment from mmc${mmcdev} ...; env import -t ${loadaddr} ${filesize}
init_mmc=run args_all args_mmc
init_net=run args_all args_net
init_ramfs=run args_all args_ramfs get_fs_ramfs
init_ubi=run args_all args_ubi; ubi part ubifs; ubifsmount ubi:rootfs;
kernel_addr_r=0x82000000
loadaddr=0x82000000
loadbootenv=fatload mmc ${mmcdev} ${loadaddr} ${bootenvfile}
loadbootscript=load mmc ${mmcdev} ${loadaddr} boot.scr
mem_lpae=1
mem_reserve=512M
mmcdev=0
mmcrootfstype=ext4 rootwait
mtdparts=mtdparts=davinci_nand.0:1024k(bootloader)ro,512k(params)ro,-(ubifs)
name_fdt=keystone-k2g-evm.dtb
name_kern=zImage
name_mon=skern-k2g.bin
name_ubi=k2g-evm-ubifs.ubi
name_uboot=u-boot-spi-k2g-evm.gph
nfs_options=v3,tcp,rsize=4096,wsize=4096
nfs_root=/export
no_post=1
ramdisk_addr_r=0x88080000
rd_spec=-
rdaddr=0x88080000
run_kern=bootz ${loadaddr} ${rd_spec} ${fdtaddr}
run_mon=mon_install ${addr_mon}
run_pmmc=rproc init; rproc list; rproc load ${dev_pmmc} ${loadaddr} 0x${filesize}; rproc start ${dev_pmmc}
serverip=192.168.0.1
set_name_pmmc=setenv name_pmmc ti-sci-firmware-${soc_variant}.bin
soc=keystone
soc_variant=k2g
stderr=serial
stdin=serial
stdout=serial
tftp_root=/
vendor=ti
ver=U-Boot 2015.07 (Apr 14 2016 - 06:06:49 -0400)
Environment size: 4118/262140 bytes
U-Boot# 
- 18:00:27 [INFO] Host: printenv
- 18:00:27 [INFO] Target: 
printenv
_initramfs=-
addr_mon=0x0c040000
addr_secdb_key=0xc000000
addr_ubi=0x82000000
arch=arm
args_all=setenv bootargs console=ttyS0,115200n8 rootwait=1
args_mmc=run finduuid;setenv bootargs console=${console} ${optargs} root=PARTUUID=${uuid} rw rootfstype=${mmcrootfstype}
args_net=setenv bootargs ${bootargs} rootfstype=nfs root=/dev/nfs rw nfsroot=${serverip}:${nfs_root},${nfs_options} ip=dhcp
args_ramfs=setenv bootargs ${bootargs} rdinit=/sbin/init rw root=/dev/ram0 initrd=0x808080000,80M
args_ubi=setenv bootargs ${bootargs} rootfstype=ubifs root=ubi0:rootfs rootflags=sync rw ubi.mtd=ubifs,2048
autoload=no
baudrate=115200
board=ks2_evm
board_name=ks2_evm
boot=mmc
bootargs=console=ttyS0,115200n8 earlyprintk=serial,ttyS0,115200n8 rootwait 
bootcmd=
bootdelay=1
bootdir=/boot
bootenvfile=uEnv.txt
bootm_size=0x10000000
bootpart=0:2
bootscript=echo Running bootscript from mmc${mmcdev} ...; source ${loadaddr}
burn_ubi=nand erase.part ubifs; nand write ${addr_ubi} ubifs ${filesize}
burn_uboot_nand=nand erase 0 0x100000; nand write ${loadaddr} 0 ${filesize}
burn_uboot_spi=sf probe; sf erase 0 0x80000; sf write ${loadaddr} 0 ${filesize}
console=ttyS0,115200n8
cpu=armv7
dev_pmmc=0
envboot=mmc dev ${mmcdev}; if mmc rescan; then echo SD/MMC found on device ${mmcdev};if run loadbootscript; then run bootscript;else if run loadbootenv; then echo Loaded env from ${bootenvfile};run importbootenv;fi;if test -n $uenvcmd; then echo Running uenvcmd ...;run uenvcmd;fi;fi;fi;
ethact=K2G_EMAC
ethaddr=50:72:24:d6:39:db
fdt_addr_r=0x88000000
fdtaddr=0x88000000
finduuid=part uuid mmc 0:2 uuid
get_fdt_mmc=load mmc ${bootpart} ${fdtaddr} ${bootdir}/${name_fdt}
get_fdt_net=dhcp ${fdtaddr} ${tftp_root}/${name_fdt}
get_fdt_ramfs=dhcp ${fdtaddr} ${tftp_root}/${name_fdt}
get_fdt_ubi=ubifsload ${fdtaddr} ${bootdir}/${name_fdt}
get_fs_ramfs=dhcp ${rdaddr} ${tftp_root}/${name_fs}
get_kern_mmc=load mmc ${bootpart} ${loadaddr} ${bootdir}/${name_kern}
get_kern_net=dhcp ${loadaddr} ${tftp_root}/${name_kern}
get_kern_ramfs=dhcp ${loadaddr} ${tftp_root}/${name_kern}
get_kern_ubi=ubifsload ${loadaddr} ${bootdir}/${name_kern}
get_mon_mmc=load mmc ${bootpart} ${addr_mon} ${bootdir}/${name_mon}
get_mon_net=dhcp ${addr_mon} ${tftp_root}/${name_mon}
get_mon_ramfs=dhcp ${addr_mon} ${tftp_root}/${name_mon}
get_mon_ubi=ubifsload ${addr_mon} ${bootdir}/${name_mon}
get_pmmc_mmc=load mmc ${bootpart} ${loadaddr} ${bootdir}/${name_pmmc}
get_pmmc_net=dhcp ${loadaddr} ${tftp_root}/${name_pmmc}
get_pmmc_ramfs=run get_pmmc_net
get_pmmc_ubi=ubifsload ${loadaddr} ${bootdir}/${name_pmmc}
get_ubi_net=dhcp ${addr_ubi} ${tftp_root}/${name_ubi}
get_uboot_net=dhcp ${loadaddr} ${tftp_root}/${name_uboot}
importbootenv=echo Importing environment from mmc${mmcdev} ...; env import -t ${loadaddr} ${filesize}
init_mmc=run args_all args_mmc
init_net=run args_all args_net
init_ramfs=run args_all args_ramfs get_fs_ramfs
init_ubi=run args_all args_ubi; ubi part ubifs; ubifsmount ubi:rootfs;
kernel_addr_r=0x82000000
loadaddr=0x82000000
loadbootenv=fatload mmc ${mmcdev} ${loadaddr} ${bootenvfile}
loadbootscript=load mmc ${mmcdev} ${loadaddr} boot.scr
mem_lpae=1
mem_reserve=512M
mmcdev=0
mmcrootfstype=ext4 rootwait
mtdparts=mtdparts=davinci_nand.0:1024k(bootloader)ro,512k(params)ro,-(ubifs)
name_fdt=keystone-k2g-evm.dtb
name_kern=zImage
name_mon=skern-k2g.bin
name_ubi=k2g-evm-ubifs.ubi
name_uboot=u-boot-spi-k2g-evm.gph
nfs_options=v3,tcp,rsize=4096,wsize=4096
nfs_root=/export
no_post=1
ramdisk_addr_r=0x88080000
rd_spec=-
rdaddr=0x88080000
run_kern=bootz ${loadaddr} ${rd_spec} ${fdtaddr}
run_mon=mon_install ${addr_mon}
run_pmmc=rproc init; rproc list; rproc load ${dev_pmmc} ${loadaddr} 0x${filesize}; rproc start ${dev_pmmc}
serverip=192.168.0.1
set_name_pmmc=setenv name_pmmc ti-sci-firmware-${soc_variant}.bin
soc=keystone
soc_variant=k2g
stderr=serial
stdin=serial
stdout=serial
tftp_root=/
vendor=ti
ver=U-Boot 2015.07 (Apr 14 2016 - 06:06:49 -0400)
Environment size: 4118/262140 bytes
U-Boot# 
- 18:00:27 [INFO] Host: setenv bootargs ''${bootargs}' ip=:::::eth0:dhcp '
- 18:00:27 [INFO] Target: 
setenv bootargs ''${bootargs}' ip=:::::eth0:dhcp '
U-Boot# 
- 18:00:27 [INFO] Host: setenv serverip '192.168.0.1'
- 18:00:27 [INFO] Target: 
setenv serverip '192.168.0.1'
U-Boot# 
- 18:00:27 [INFO] Host: setenv autoload 'no'
- 18:00:27 [INFO] Target: 
setenv autoload 'no'
U-Boot# 
- 18:00:27 [INFO] Host: dhcp
- 18:00:33 [INFO] Target: 
dhcp
. done
K2G_EMAC Waiting for PHY auto negotiation to complete......... done
BOOTP broadcast 1
BOOTP broadcast 2
BOOTP broadcast 3
DHCP client bound to address 192.168.0.104 (1065 ms)
U-Boot# 
- 18:00:33 [INFO] Host: tftp ${loadaddr} 192.168.0.1:vatf_k2g-evm/bb70e5375d69ab47162e92b0ef00d896
- 18:00:34 [INFO] Target: 
tftp ${loadaddr} 192.168.0.1:vatf_k2g-evm/bb70e5375d69ab47162e92b0ef00d896
. done
Using K2G_EMAC device
TFTP from server 192.168.0.1; our IP address is 192.168.0.104
Filename 'vatf_k2g-evm/bb70e5375d69ab47162e92b0ef00d896'.
Load address: 0x82000000
Loading: *#########
	 1.9 MiB/s
done
Bytes transferred = 131136 (20040 hex)
U-Boot# 
- 18:00:34 [INFO] Host: run run_pmmc
- 18:00:34 [INFO] Target: 
run run_pmmc
0 - Name:'PMMC' type:'internal memory mapped' supports: load start 
Load Remote Processor 0 with data@addr=0x82000000 131136 bytes: Success!
U-Boot# 
- 18:00:34 [INFO] Host: tftp ${loadaddr} 192.168.0.1:vatf_k2g-evm/007b016cb75b27ff292d6db7bbeea436
- 18:00:38 [INFO] Target: 
tftp ${loadaddr} 192.168.0.1:vatf_k2g-evm/007b016cb75b27ff292d6db7bbeea436
. done
Using K2G_EMAC device
TFTP from server 192.168.0.1; our IP address is 192.168.0.104
Filename 'vatf_k2g-evm/007b016cb75b27ff292d6db7bbeea436'.
Load address: 0x82000000
Loading: *#################################################################
	 #################################################################
	 #################################################################
	 #################################################################
	 #################################################################
	 #################################################################
	 #################################################################
	 #######################
	 1.9 MiB/s
done
Bytes transferred = 7015040 (6b0a80 hex)
U-Boot# 
- 18:00:38 [INFO] Host: tftp ${fdt_addr_r} 192.168.0.1:vatf_k2g-evm/3b60a4eb805b087c7e49c4fc129fcc27
- 18:00:38 [INFO] Target: 
tftp ${fdt_addr_r} 192.168.0.1:vatf_k2g-evm/3b60a4eb805b087c7e49c4fc129fcc27
. done
Using K2G_EMAC device
TFTP from server 192.168.0.1; our IP address is 192.168.0.104
Filename 'vatf_k2g-evm/3b60a4eb805b087c7e49c4fc129fcc27'.
Load address: 0x88000000
Loading: *#
	 692.4 KiB/s
done
Bytes transferred = 1418 (58a hex)
U-Boot# 
- 18:00:38 [INFO] Host: tftp ${addr_mon} 192.168.0.1:vatf_k2g-evm/49e117557e8dd8d2a8cad2826a5b4b59
- 18:00:39 [INFO] Target: 
tftp ${addr_mon} 192.168.0.1:vatf_k2g-evm/49e117557e8dd8d2a8cad2826a5b4b59
. done
Using K2G_EMAC device
TFTP from server 192.168.0.1; our IP address is 192.168.0.104
Filename 'vatf_k2g-evm/49e117557e8dd8d2a8cad2826a5b4b59'.
Load address: 0xc040000
Loading: *####
	 1.9 MiB/s
done
Bytes transferred = 45056 (b000 hex)
U-Boot# 
- 18:00:39 [INFO] Host: printenv
- 18:00:39 [INFO] Target: 
printenv
_initramfs=-
addr_mon=0x0c040000
addr_secdb_key=0xc000000
addr_ubi=0x82000000
arch=arm
args_all=setenv bootargs console=ttyS0,115200n8 rootwait=1
args_mmc=run finduuid;setenv bootargs console=${console} ${optargs} root=PARTUUID=${uuid} rw rootfstype=${mmcrootfstype}
args_net=setenv bootargs ${bootargs} rootfstype=nfs root=/dev/nfs rw nfsroot=${serverip}:${nfs_root},${nfs_options} ip=dhcp
args_ramfs=setenv bootargs ${bootargs} rdinit=/sbin/init rw root=/dev/ram0 initrd=0x808080000,80M
args_ubi=setenv bootargs ${bootargs} rootfstype=ubifs root=ubi0:rootfs rootflags=sync rw ubi.mtd=ubifs,2048
autoload=no
baudrate=115200
board=ks2_evm
board_name=ks2_evm
boot=mmc
bootargs=console=ttyS0,115200n8 earlyprintk=serial,ttyS0,115200n8 rootwait  ip=:::::eth0:dhcp 
bootcmd=
bootdelay=1
bootdir=/boot
bootenvfile=uEnv.txt
bootm_size=0x10000000
bootpart=0:2
bootscript=echo Running bootscript from mmc${mmcdev} ...; source ${loadaddr}
burn_ubi=nand erase.part ubifs; nand write ${addr_ubi} ubifs ${filesize}
burn_uboot_nand=nand erase 0 0x100000; nand write ${loadaddr} 0 ${filesize}
burn_uboot_spi=sf probe; sf erase 0 0x80000; sf write ${loadaddr} 0 ${filesize}
console=ttyS0,115200n8
cpu=armv7
dev_pmmc=0
dnsip=192.0.2.2
dnsip2=192.0.2.3
envboot=mmc dev ${mmcdev}; if mmc rescan; then echo SD/MMC found on device ${mmcdev};if run loadbootscript; then run bootscript;else if run loadbootenv; then echo Loaded env from ${bootenvfile};run importbootenv;fi;if test -n $uenvcmd; then echo Running uenvcmd ...;run uenvcmd;fi;fi;fi;
ethact=K2G_EMAC
ethaddr=50:72:24:d6:39:db
fdt_addr_r=0x88000000
fdtaddr=0x88000000
fileaddr=c040000
filesize=b000
finduuid=part uuid mmc 0:2 uuid
get_fdt_mmc=load mmc ${bootpart} ${fdtaddr} ${bootdir}/${name_fdt}
get_fdt_net=dhcp ${fdtaddr} ${tftp_root}/${name_fdt}
get_fdt_ramfs=dhcp ${fdtaddr} ${tftp_root}/${name_fdt}
get_fdt_ubi=ubifsload ${fdtaddr} ${bootdir}/${name_fdt}
get_fs_ramfs=dhcp ${rdaddr} ${tftp_root}/${name_fs}
get_kern_mmc=load mmc ${bootpart} ${loadaddr} ${bootdir}/${name_kern}
get_kern_net=dhcp ${loadaddr} ${tftp_root}/${name_kern}
get_kern_ramfs=dhcp ${loadaddr} ${tftp_root}/${name_kern}
get_kern_ubi=ubifsload ${loadaddr} ${bootdir}/${name_kern}
get_mon_mmc=load mmc ${bootpart} ${addr_mon} ${bootdir}/${name_mon}
get_mon_net=dhcp ${addr_mon} ${tftp_root}/${name_mon}
get_mon_ramfs=dhcp ${addr_mon} ${tftp_root}/${name_mon}
get_mon_ubi=ubifsload ${addr_mon} ${bootdir}/${name_mon}
get_pmmc_mmc=load mmc ${bootpart} ${loadaddr} ${bootdir}/${name_pmmc}
get_pmmc_net=dhcp ${loadaddr} ${tftp_root}/${name_pmmc}
get_pmmc_ramfs=run get_pmmc_net
get_pmmc_ubi=ubifsload ${loadaddr} ${bootdir}/${name_pmmc}
get_ubi_net=dhcp ${addr_ubi} ${tftp_root}/${name_ubi}
get_uboot_net=dhcp ${loadaddr} ${tftp_root}/${name_uboot}
importbootenv=echo Importing environment from mmc${mmcdev} ...; env import -t ${loadaddr} ${filesize}
init_mmc=run args_all args_mmc
init_net=run args_all args_net
init_ramfs=run args_all args_ramfs get_fs_ramfs
init_ubi=run args_all args_ubi; ubi part ubifs; ubifsmount ubi:rootfs;
ipaddr=192.168.0.104
kernel_addr_r=0x82000000
loadaddr=0x82000000
loadbootenv=fatload mmc ${mmcdev} ${loadaddr} ${bootenvfile}
loadbootscript=load mmc ${mmcdev} ${loadaddr} boot.scr
mem_lpae=1
mem_reserve=512M
mmcdev=0
mmcrootfstype=ext4 rootwait
mtdparts=mtdparts=davinci_nand.0:1024k(bootloader)ro,512k(params)ro,-(ubifs)
name_fdt=keystone-k2g-evm.dtb
name_kern=zImage
name_mon=skern-k2g.bin
name_ubi=k2g-evm-ubifs.ubi
name_uboot=u-boot-spi-k2g-evm.gph
netmask=255.255.255.0
nfs_options=v3,tcp,rsize=4096,wsize=4096
nfs_root=/export
no_post=1
ramdisk_addr_r=0x88080000
rd_spec=-
rdaddr=0x88080000
run_kern=bootz ${loadaddr} ${rd_spec} ${fdtaddr}
run_mon=mon_install ${addr_mon}
run_pmmc=rproc init; rproc list; rproc load ${dev_pmmc} ${loadaddr} 0x${filesize}; rproc start ${dev_pmmc}
serverip=192.168.0.1
set_name_pmmc=setenv name_pmmc ti-sci-firmware-${soc_variant}.bin
soc=keystone
soc_variant=k2g
stderr=serial
stdin=serial
stdout=serial
tftp_root=/
vendor=ti
ver=U-Boot 2015.07 (Apr 14 2016 - 06:06:49 -0400)
Environment size: 4256/262140 bytes
U-Boot# 
- 18:00:39 [INFO] Host: setenv bootcmd ''${bootcmd}' mon_install ${addr_mon};'
- 18:00:39 [INFO] Target: 
setenv bootcmd ''${bootcmd}' mon_install ${addr_mon};'
U-Boot# 
- 18:00:39 [INFO] Host: printenv
- 18:00:40 [INFO] Target: 
printenv
_initramfs=-
addr_mon=0x0c040000
addr_secdb_key=0xc000000
addr_ubi=0x82000000
arch=arm
args_all=setenv bootargs console=ttyS0,115200n8 rootwait=1
args_mmc=run finduuid;setenv bootargs console=${console} ${optargs} root=PARTUUID=${uuid} rw rootfstype=${mmcrootfstype}
args_net=setenv bootargs ${bootargs} rootfstype=nfs root=/dev/nfs rw nfsroot=${serverip}:${nfs_root},${nfs_options} ip=dhcp
args_ramfs=setenv bootargs ${bootargs} rdinit=/sbin/init rw root=/dev/ram0 initrd=0x808080000,80M
args_ubi=setenv bootargs ${bootargs} rootfstype=ubifs root=ubi0:rootfs rootflags=sync rw ubi.mtd=ubifs,2048
autoload=no
baudrate=115200
board=ks2_evm
board_name=ks2_evm
boot=mmc
bootargs=console=ttyS0,115200n8 earlyprintk=serial,ttyS0,115200n8 rootwait  ip=:::::eth0:dhcp 
bootcmd= mon_install ${addr_mon};
bootdelay=1
bootdir=/boot
bootenvfile=uEnv.txt
bootm_size=0x10000000
bootpart=0:2
bootscript=echo Running bootscript from mmc${mmcdev} ...; source ${loadaddr}
burn_ubi=nand erase.part ubifs; nand write ${addr_ubi} ubifs ${filesize}
burn_uboot_nand=nand erase 0 0x100000; nand write ${loadaddr} 0 ${filesize}
burn_uboot_spi=sf probe; sf erase 0 0x80000; sf write ${loadaddr} 0 ${filesize}
console=ttyS0,115200n8
cpu=armv7
dev_pmmc=0
dnsip=192.0.2.2
dnsip2=192.0.2.3
envboot=mmc dev ${mmcdev}; if mmc rescan; then echo SD/MMC found on device ${mmcdev};if run loadbootscript; then run bootscript;else if run loadbootenv; then echo Loaded env from ${bootenvfile};run importbootenv;fi;if test -n $uenvcmd; then echo Running uenvcmd ...;run uenvcmd;fi;fi;fi;
ethact=K2G_EMAC
ethaddr=50:72:24:d6:39:db
fdt_addr_r=0x88000000
fdtaddr=0x88000000
fileaddr=c040000
filesize=b000
finduuid=part uuid mmc 0:2 uuid
get_fdt_mmc=load mmc ${bootpart} ${fdtaddr} ${bootdir}/${name_fdt}
get_fdt_net=dhcp ${fdtaddr} ${tftp_root}/${name_fdt}
get_fdt_ramfs=dhcp ${fdtaddr} ${tftp_root}/${name_fdt}
get_fdt_ubi=ubifsload ${fdtaddr} ${bootdir}/${name_fdt}
get_fs_ramfs=dhcp ${rdaddr} ${tftp_root}/${name_fs}
get_kern_mmc=load mmc ${bootpart} ${loadaddr} ${bootdir}/${name_kern}
get_kern_net=dhcp ${loadaddr} ${tftp_root}/${name_kern}
get_kern_ramfs=dhcp ${loadaddr} ${tftp_root}/${name_kern}
get_kern_ubi=ubifsload ${loadaddr} ${bootdir}/${name_kern}
get_mon_mmc=load mmc ${bootpart} ${addr_mon} ${bootdir}/${name_mon}
get_mon_net=dhcp ${addr_mon} ${tftp_root}/${name_mon}
get_mon_ramfs=dhcp ${addr_mon} ${tftp_root}/${name_mon}
get_mon_ubi=ubifsload ${addr_mon} ${bootdir}/${name_mon}
get_pmmc_mmc=load mmc ${bootpart} ${loadaddr} ${bootdir}/${name_pmmc}
get_pmmc_net=dhcp ${loadaddr} ${tftp_root}/${name_pmmc}
get_pmmc_ramfs=run get_pmmc_net
get_pmmc_ubi=ubifsload ${loadaddr} ${bootdir}/${name_pmmc}
get_ubi_net=dhcp ${addr_ubi} ${tftp_root}/${name_ubi}
get_uboot_net=dhcp ${loadaddr} ${tftp_root}/${name_uboot}
importbootenv=echo Importing environment from mmc${mmcdev} ...; env import -t ${loadaddr} ${filesize}
init_mmc=run args_all args_mmc
init_net=run args_all args_net
init_ramfs=run args_all args_ramfs get_fs_ramfs
init_ubi=run args_all args_ubi; ubi part ubifs; ubifsmount ubi:rootfs;
ipaddr=192.168.0.104
kernel_addr_r=0x82000000
loadaddr=0x82000000
loadbootenv=fatload mmc ${mmcdev} ${loadaddr} ${bootenvfile}
loadbootscript=load mmc ${mmcdev} ${loadaddr} boot.scr
mem_lpae=1
mem_reserve=512M
mmcdev=0
mmcrootfstype=ext4 rootwait
mtdparts=mtdparts=davinci_nand.0:1024k(bootloader)ro,512k(params)ro,-(ubifs)
name_fdt=keystone-k2g-evm.dtb
name_kern=zImage
name_mon=skern-k2g.bin
name_ubi=k2g-evm-ubifs.ubi
name_uboot=u-boot-spi-k2g-evm.gph
netmask=255.255.255.0
nfs_options=v3,tcp,rsize=4096,wsize=4096
nfs_root=/export
no_post=1
ramdisk_addr_r=0x88080000
rd_spec=-
rdaddr=0x88080000
run_kern=bootz ${loadaddr} ${rd_spec} ${fdtaddr}
run_mon=mon_install ${addr_mon}
run_pmmc=rproc init; rproc list; rproc load ${dev_pmmc} ${loadaddr} 0x${filesize}; rproc start ${dev_pmmc}
serverip=192.168.0.1
set_name_pmmc=setenv name_pmmc ti-sci-firmware-${soc_variant}.bin
soc=keystone
soc_variant=k2g
stderr=serial
stdin=serial
stdout=serial
tftp_root=/
vendor=ti
ver=U-Boot 2015.07 (Apr 14 2016 - 06:06:49 -0400)
Environment size: 4281/262140 bytes
U-Boot# 
- 18:00:40 [INFO] Host: setenv bootargs ''${bootargs}' root=/dev/nfs rw nfsroot=192.168.0.1:/home/tigtfarm14/NFS_exports/linux/k2g-evm/autofs/fd0ef5e862bfb023252777293f503c36,nolock,v3,tcp,rsize=4096,wsize=4096 '
- 18:00:40 [INFO] Target: 
setenv bootargs ''${bootargs}' root=/dev/nfs rw nfsroot=192.168.0.1:/home/tigtfarm14/NFS_exports/linux/k2g-evm/autofs/fd0ef5e862bfb023252777293f503c36,nolock,v3,tcp,rsize=4096,wsize=4096 '
U-Boot# 
- 18:00:40 [INFO] Host: printenv
- 18:00:40 [INFO] Target: 
printenv
_initramfs=-
addr_mon=0x0c040000
addr_secdb_key=0xc000000
addr_ubi=0x82000000
arch=arm
args_all=setenv bootargs console=ttyS0,115200n8 rootwait=1
args_mmc=run finduuid;setenv bootargs console=${console} ${optargs} root=PARTUUID=${uuid} rw rootfstype=${mmcrootfstype}
args_net=setenv bootargs ${bootargs} rootfstype=nfs root=/dev/nfs rw nfsroot=${serverip}:${nfs_root},${nfs_options} ip=dhcp
args_ramfs=setenv bootargs ${bootargs} rdinit=/sbin/init rw root=/dev/ram0 initrd=0x808080000,80M
args_ubi=setenv bootargs ${bootargs} rootfstype=ubifs root=ubi0:rootfs rootflags=sync rw ubi.mtd=ubifs,2048
autoload=no
baudrate=115200
board=ks2_evm
board_name=ks2_evm
boot=mmc
bootargs=console=ttyS0,115200n8 earlyprintk=serial,ttyS0,115200n8 rootwait  ip=:::::eth0:dhcp  root=/dev/nfs rw nfsroot=192.168.0.1:/home/tigtfarm14/NFS_exports/linux/k2g-evm/autofs/fd0ef5e862bfb023252777293f503c36,nolock,v3,tcp,rsize=4096,wsize=4096 
bootcmd= mon_install ${addr_mon};
bootdelay=1
bootdir=/boot
bootenvfile=uEnv.txt
bootm_size=0x10000000
bootpart=0:2
bootscript=echo Running bootscript from mmc${mmcdev} ...; source ${loadaddr}
burn_ubi=nand erase.part ubifs; nand write ${addr_ubi} ubifs ${filesize}
burn_uboot_nand=nand erase 0 0x100000; nand write ${loadaddr} 0 ${filesize}
burn_uboot_spi=sf probe; sf erase 0 0x80000; sf write ${loadaddr} 0 ${filesize}
console=ttyS0,115200n8
cpu=armv7
dev_pmmc=0
dnsip=192.0.2.2
dnsip2=192.0.2.3
envboot=mmc dev ${mmcdev}; if mmc rescan; then echo SD/MMC found on device ${mmcdev};if run loadbootscript; then run bootscript;else if run loadbootenv; then echo Loaded env from ${bootenvfile};run importbootenv;fi;if test -n $uenvcmd; then echo Running uenvcmd ...;run uenvcmd;fi;fi;fi;
ethact=K2G_EMAC
ethaddr=50:72:24:d6:39:db
fdt_addr_r=0x88000000
fdtaddr=0x88000000
fileaddr=c040000
filesize=b000
finduuid=part uuid mmc 0:2 uuid
get_fdt_mmc=load mmc ${bootpart} ${fdtaddr} ${bootdir}/${name_fdt}
get_fdt_net=dhcp ${fdtaddr} ${tftp_root}/${name_fdt}
get_fdt_ramfs=dhcp ${fdtaddr} ${tftp_root}/${name_fdt}
get_fdt_ubi=ubifsload ${fdtaddr} ${bootdir}/${name_fdt}
get_fs_ramfs=dhcp ${rdaddr} ${tftp_root}/${name_fs}
get_kern_mmc=load mmc ${bootpart} ${loadaddr} ${bootdir}/${name_kern}
get_kern_net=dhcp ${loadaddr} ${tftp_root}/${name_kern}
get_kern_ramfs=dhcp ${loadaddr} ${tftp_root}/${name_kern}
get_kern_ubi=ubifsload ${loadaddr} ${bootdir}/${name_kern}
get_mon_mmc=load mmc ${bootpart} ${addr_mon} ${bootdir}/${name_mon}
get_mon_net=dhcp ${addr_mon} ${tftp_root}/${name_mon}
get_mon_ramfs=dhcp ${addr_mon} ${tftp_root}/${name_mon}
get_mon_ubi=ubifsload ${addr_mon} ${bootdir}/${name_mon}
get_pmmc_mmc=load mmc ${bootpart} ${loadaddr} ${bootdir}/${name_pmmc}
get_pmmc_net=dhcp ${loadaddr} ${tftp_root}/${name_pmmc}
get_pmmc_ramfs=run get_pmmc_net
get_pmmc_ubi=ubifsload ${loadaddr} ${bootdir}/${name_pmmc}
get_ubi_net=dhcp ${addr_ubi} ${tftp_root}/${name_ubi}
get_uboot_net=dhcp ${loadaddr} ${tftp_root}/${name_uboot}
importbootenv=echo Importing environment from mmc${mmcdev} ...; env import -t ${loadaddr} ${filesize}
init_mmc=run args_all args_mmc
init_net=run args_all args_net
init_ramfs=run args_all args_ramfs get_fs_ramfs
init_ubi=run args_all args_ubi; ubi part ubifs; ubifsmount ubi:rootfs;
ipaddr=192.168.0.104
kernel_addr_r=0x82000000
loadaddr=0x82000000
loadbootenv=fatload mmc ${mmcdev} ${loadaddr} ${bootenvfile}
loadbootscript=load mmc ${mmcdev} ${loadaddr} boot.scr
mem_lpae=1
mem_reserve=512M
mmcdev=0
mmcrootfstype=ext4 rootwait
mtdparts=mtdparts=davinci_nand.0:1024k(bootloader)ro,512k(params)ro,-(ubifs)
name_fdt=keystone-k2g-evm.dtb
name_kern=zImage
name_mon=skern-k2g.bin
name_ubi=k2g-evm-ubifs.ubi
name_uboot=u-boot-spi-k2g-evm.gph
netmask=255.255.255.0
nfs_options=v3,tcp,rsize=4096,wsize=4096
nfs_root=/export
no_post=1
ramdisk_addr_r=0x88080000
rd_spec=-
rdaddr=0x88080000
run_kern=bootz ${loadaddr} ${rd_spec} ${fdtaddr}
run_mon=mon_install ${addr_mon}
run_pmmc=rproc init; rproc list; rproc load ${dev_pmmc} ${loadaddr} 0x${filesize}; rproc start ${dev_pmmc}
serverip=192.168.0.1
set_name_pmmc=setenv name_pmmc ti-sci-firmware-${soc_variant}.bin
soc=keystone
soc_variant=k2g
stderr=serial
stdin=serial
stdout=serial
tftp_root=/
vendor=ti
ver=U-Boot 2015.07 (Apr 14 2016 - 06:06:49 -0400)
Environment size: 4438/262140 bytes
U-Boot# 
- 18:00:40 [INFO] Host: setenv bootcmd ''${bootcmd}' if iminfo ${loadaddr}; then bootm ${loadaddr} ${_initramfs} ${fdt_addr_r}; else bootz ${loadaddr} ${_initramfs} ${fdt_addr_r}; bootm ${loadaddr} ${_initramfs} ${fdt_addr_r}; fi'
- 18:00:40 [INFO] Target: 
setenv bootcmd ''${bootcmd}' if iminfo ${loadaddr}; then bootm ${loadaddr} ${_initramfs} ${fdt_addr_r}; else bootz ${loadaddr} ${_initramfs} ${fdt_addr_r}; bootm ${loadaddr} ${_initramfs} ${fdt_addr_r}; fi'
U-Boot# 
- 18:00:40 [INFO] Host: version
- 18:00:40 [INFO] Target: 
version
U-Boot 2015.07 (Apr 14 2016 - 06:06:49 -0400)
arm-linux-gnueabihf-gcc (Linaro GCC 5.3-2016.02) 5.3.1 20160113
GNU ld (GNU Binutils) 2.25.0 Linaro 2015_10
U-Boot# 
- 18:00:40 [INFO] Host: bdinfo
- 18:00:41 [INFO] Target: 
bdinfo
arch_number = 0x00000000
boot_params = 0x80000100
DRAM bank   = 0x00000000
-> start    = 0x80000000
-> size     = 0x80000000
DRAM bank   = 0x00000001
-> start    = 0x00000000
-> size     = 0x00000000
eth0name    = K2G_EMAC
ethaddr     = 50:72:24:d6:39:db
current eth = K2G_EMAC
ip_addr     = 192.168.0.104
baudrate    = 115200 bps
TLB addr    = 0xFFFF0000
relocaddr   = 0xFFF3A000
reloc off   = 0xF3F3A000
irq_sp      = 0xFEEF9ED0
sp start    = 0xFEEF9EC0
U-Boot# 
- 18:00:41 [INFO] Host: mmc rescan; echo $?
- 18:00:41 [INFO] Target: 
mmc rescan; echo $?
U-Boot# 
- 18:00:41 [INFO] Host: fatwrite mmc ${mmcdev}:1 ${loadaddr} ws-calibrate.rules 4
- 18:00:41 [INFO] Target: 
fatwrite mmc ${mmcdev}:1 ${loadaddr} ws-calibrate.rules 4
writing ws-calibrate.rules
4 bytes written
U-Boot# 
- 18:00:41 [INFO] Host: boot
- 18:04:11 [ERROR] On command: boot waiting for boot.+?(?-mix:login:) >>> error: execution expired
- 18:04:11 [INFO] Target: 
boot
K2_BM_15.07-39-g035329caed63 SoC:k2g built:16:02:41, Dec 16 2015
## installed monitor, freq [24000000], status 0
## Checking Image at 82000000 ...
Unknown image format!
Kernel image @ 0x82000000 [ 0x000000 - 0x6b0a80 ]
## Flattened Device Tree blob at 88000000
   Booting using the fdt blob at 0x88000000
   Loading Device Tree to 8fffc000, end 8ffff589 ... OK
Starting kernel ...
[    0.000000] Booting Linux on physical CPU 0x0
[    0.000000] Linux version 4.6.0-rc6-next-20160504-00002-g1bd946ac5a49 (nmenon@horus) (gcc version 4.9.3 20150413 (prerelease) (Linaro GCC 4.9-2015.05) ) #1 SMP Wed May 4 08:47:25 CDT 2016
[    0.000000] CPU: ARMv7 Processor [412fc0f4] revision 4 (ARMv7), cr=30c5387d
[    0.000000] CPU: div instructions available: patching division code
[    0.000000] CPU: PIPT / VIPT nonaliasing data cache, PIPT instruction cache
[    0.000000] Machine model: Texas Instruments K2G General Purpose EVM
[    0.000000] Switching physical address space to 0x800000000
[    0.000000] cma: Reserved 64 MiB at 0x000000085c000000
[    0.000000] Forcing write-allocate cache policy for SMP
[    0.000000] Memory policy: Data cache writealloc
[    0.000000] percpu: Embedded 13 pages/cpu @ef3e3000 s23744 r8192 d21312 u53248
[    0.000000] Built 1 zonelists in Zone order, mobility grouping on.  Total pages: 391680
[    0.000000] Kernel command line: console=ttyS0,115200n8 earlyprintk=serial,ttyS0,115200n8 rootwait  ip=:::::eth0:dhcp  root=/dev/nfs rw nfsroot=192.168.0.1:/home/tigtfarm14/NFS_exports/linux/k2g-evm/autofs/fd0ef5e862bfb023252777293f503c36,nolock,v3,tcp,rsize=4096,wsize=4096 
[    0.000000] PID hash table entries: 4096 (order: 2, 16384 bytes)
[    0.000000] Dentry cache hash table entries: 131072 (order: 7, 524288 bytes)
[    0.000000] Inode-cache hash table entries: 65536 (order: 6, 262144 bytes)
[    0.000000] Memory: 1474264K/1572864K available (10494K kernel code, 1068K rwdata, 4272K rodata, 2048K init, 347K bss, 33064K reserved, 65536K cma-reserved, 720896K highmem)
[    0.000000] Virtual kernel memory layout:
[    0.000000]     vector  : 0xffff0000 - 0xffff1000   (   4 kB)
[    0.000000]     fixmap  : 0xffc00000 - 0xfff00000   (3072 kB)
[    0.000000]     vmalloc : 0xf0800000 - 0xff800000   ( 240 MB)
[    0.000000]     lowmem  : 0xc0000000 - 0xf0000000   ( 768 MB)
[    0.000000]     pkmap   : 0xbfe00000 - 0xc0000000   (   2 MB)
[    0.000000]     modules : 0xbf000000 - 0xbfe00000   (  14 MB)
[    0.000000]       .text : 0xc0208000 - 0xc126b9a4   (16783 kB)
[    0.000000]       .init : 0xc1400000 - 0xc1600000   (2048 kB)
[    0.000000]       .data : 0xc1600000 - 0xc170b360   (1069 kB)
[    0.000000]        .bss : 0xc170d000 - 0xc1763dd8   ( 348 kB)
[    0.000000] SLUB: HWalign=64, Order=0-3, MinObjects=0, CPUs=1, Nodes=1
[    0.000000] Hierarchical RCU implementation.
[    0.000000] 	Build-time adjustment of leaf fanout to 32.
[    0.000000] 	RCU restricting CPUs from NR_CPUS=16 to nr_cpu_ids=1.
[    0.000000] RCU: Adjusting geometry for rcu_fanout_leaf=32, nr_cpu_ids=1
[    0.000000] NR_IRQS:16 nr_irqs:16 16
[    0.000000] Architected cp15 timer(s) running at 24.00MHz (virt).
[    0.000000] clocksource: arch_sys_counter: mask: 0xffffffffffffff max_cycles: 0x588fe9dc0, max_idle_ns: 440795202592 ns
[    0.000006] sched_clock: 56 bits at 24MHz, resolution 41ns, wraps every 4398046511097ns
[    0.000022] Switching to timer-based delay loop, resolution 41ns
[    0.000209] Console: colour dummy device 80x30
[    0.000242] Calibrating delay loop (skipped), value calculated using timer frequency.. 48.00 BogoMIPS (lpj=120000)
[    0.000259] pid_max: default: 32768 minimum: 301
[    0.000369] Mount-cache hash table entries: 2048 (order: 1, 8192 bytes)
[    0.000383] Mountpoint-cache hash table entries: 2048 (order: 1, 8192 bytes)
[    0.001152] CPU: Testing write buffer coherency: ok
[    0.001401] /cpus/cpu@0 missing clock-frequency property
[    0.001421] CPU0: thread -1, cpu 0, socket 0, mpidr 80000000
[    0.001442] Setting up static identity map for 0x80400000 - 0x80400170
[    0.002657] Brought up 1 CPUs
[    0.002671] SMP: Total of 1 processors activated (48.00 BogoMIPS).
[    0.002682] CPU: All CPU(s) started in SVC mode.
[    0.003123] devtmpfs: initialized
[    0.004462] VFP support v0.3: implementor 41 architecture 4 part 30 variant f rev 0
[    0.004745] clocksource: jiffies: mask: 0xffffffff max_cycles: 0xffffffff, max_idle_ns: 9556302231375000 ns
[    0.006536] pinctrl core: initialized pinctrl subsystem
[    0.008102] NET: Registered protocol family 16
[    0.010716] DMA: preallocated 256 KiB pool for atomic coherent allocations
[    0.012082] cpuidle: using governor menu
[    0.014088] No ATAGs?
[    0.014113] hw-breakpoint: found 5 (+1 reserved) breakpoint and 4 watchpoint registers.
[    0.014125] hw-breakpoint: maximum watchpoint size is 8 bytes.
[    0.016051] Serial: AMBA PL011 UART driver
[    0.031296] vgaarb: loaded
[    0.032119] SCSI subsystem initialized
[    0.032649] usbcore: registered new interface driver usbfs
[    0.032729] usbcore: registered new interface driver hub
[    0.032798] usbcore: registered new device driver usb
[    0.033469] pps_core: LinuxPPS API ver. 1 registered
[    0.033479] pps_core: Software ver. 5.3.6 - Copyright 2005-2007 Rodolfo Giometti <giometti@linux.it>
[    0.033510] PTP clock support registered
[    0.033621] EDAC MC: Ver: 3.0.0
[    0.036030] clocksource: Switched to clocksource arch_sys_counter
[    0.047382] NET: Registered protocol family 2
[    0.048015] TCP established hash table entries: 8192 (order: 3, 32768 bytes)
[    0.048117] TCP bind hash table entries: 8192 (order: 4, 65536 bytes)
[    0.048325] TCP: Hash tables configured (established 8192 bind 8192)
[    0.048415] UDP hash table entries: 512 (order: 2, 16384 bytes)
[    0.048467] UDP-Lite hash table entries: 512 (order: 2, 16384 bytes)
[    0.048662] NET: Registered protocol family 1
[    0.049064] RPC: Registered named UNIX socket transport module.
[    0.049078] RPC: Registered udp transport module.
[    0.049087] RPC: Registered tcp transport module.
[    0.049096] RPC: Registered tcp NFSv4.1 backchannel transport module.
[    0.049823] hw perfevents: enabled with armv7_cortex_a15 PMU driver, 7 counters available
[    0.050469] platform alarmtimer: set dma_pfn_offset00780000
[    0.051083] futex hash table entries: 256 (order: 2, 16384 bytes)
[    0.052013] workingset: timestamp_bits=28 max_order=19 bucket_order=0
[    0.066069] squashfs: version 4.0 (2009/01/31) Phillip Lougher
[    0.067160] NFS: Registering the id_resolver key type
[    0.067200] Key type id_resolver registered
[    0.067211] Key type id_legacy registered
[    0.067265] ntfs: driver 2.1.32 [Flags: R/O].
[    0.068833] bounce: pool size: 64 pages
[    0.069104] Block layer SCSI generic (bsg) driver version 0.4 loaded (major 248)
[    0.069118] io scheduler noop registered
[    0.069129] io scheduler deadline registered
[    0.069167] io scheduler cfq registered (default)
[    0.145612] Serial: 8250/16550 driver, 4 ports, IRQ sharing disabled
[    0.145745] platform serial8250: set dma_pfn_offset00780000
[    0.148793] console [ttyS0] disabled
[    0.148853] 2530c00.serial: ttyS0 at MMIO 0x2530c00 (irq = 22, base_baud = 12500000) is a 16550A
[    0.786553] console [ttyS0] enabled
[    0.790684] SuperH (H)SCI(F) driver initialized
[    0.795897] msm_serial: driver initialized
[    0.800297] STMicroelectronics ASC driver initialized
[    0.807322] [drm] Initialized drm 1.1.0 20060810
[    0.826270] brd: module loaded
[    0.836370] loop: module loaded
[    0.844929] platform Fixed MDIO bus.0: set dma_pfn_offset00780000
[    0.851972] libphy: Fixed MDIO Bus: probed
[    0.857012] CAN device driver interface
[    0.861856] igb: Intel(R) Gigabit Ethernet Network Driver - version 5.3.0-k
[    0.869161] igb: Copyright (c) 2007-2014 Intel Corporation.
[    0.876596] pegasus: v0.9.3 (2013/04/25), Pegasus/Pegasus II USB Ethernet driver
[    0.884430] usbcore: registered new interface driver pegasus
[    0.890440] usbcore: registered new interface driver asix
[    0.896164] usbcore: registered new interface driver ax88179_178a
[    0.902605] usbcore: registered new interface driver cdc_ether
[    0.908795] usbcore: registered new interface driver smsc75xx
[    0.914899] usbcore: registered new interface driver smsc95xx
[    0.920982] usbcore: registered new interface driver net1080
[    0.926977] usbcore: registered new interface driver cdc_subset
[    0.933234] usbcore: registered new interface driver zaurus
[    0.939167] usbcore: registered new interface driver cdc_ncm
[    0.946168] ehci_hcd: USB 2.0 'Enhanced' Host Controller (EHCI) Driver
[    0.953018] ehci-pci: EHCI PCI platform driver
[    0.957735] ehci-platform: EHCI generic platform driver
[    0.963305] ehci-omap: OMAP-EHCI Host Controller driver
[    0.968865] ehci-orion: EHCI orion driver
[    0.973150] SPEAr-ehci: EHCI SPEAr driver
[    0.977438] ehci-st: EHCI STMicroelectronics driver
[    0.982632] ehci-exynos: EHCI EXYNOS driver
[    0.987100] ehci-atmel: EHCI Atmel driver
[    0.991381] tegra-ehci: Tegra EHCI driver
[    0.995651] ohci_hcd: USB 1.1 'Open' Host Controller (OHCI) Driver
[    1.002157] ohci-pci: OHCI PCI platform driver
[    1.006880] ohci-platform: OHCI generic platform driver
[    1.012443] ohci-omap3: OHCI OMAP3 driver
[    1.016728] SPEAr-ohci: OHCI SPEAr driver
[    1.021014] ohci-st: OHCI STMicroelectronics driver
[    1.026214] ohci-atmel: OHCI Atmel driver
[    1.030764] usbcore: registered new interface driver usb-storage
[    1.038158] mousedev: PS/2 mouse device common for all mice
[    1.046426] i2c /dev entries driver
[    1.055565] sdhci: Secure Digital Host Controller Interface driver
[    1.062070] sdhci: Copyright(c) Pierre Ossman
[    1.067346] Synopsys Designware Multimedia Card Interface Driver
[    1.074149] sdhci-pltfm: SDHCI platform and OF driver helper
[    1.081161] ledtrig-cpu: registered to indicate activity on CPUs
[    1.087867] usbcore: registered new interface driver usbhid
[    1.093718] usbhid: USB HID core driver
[    1.101808] NET: Registered protocol family 10
[    1.107366] sit: IPv6 over IPv4 tunneling driver
[    1.113041] NET: Registered protocol family 17
[    1.117730] can: controller area network core (rev 20120528 abi 9)
[    1.124295] NET: Registered protocol family 29
[    1.128963] can: raw protocol (rev 20120528)
[    1.133444] can: broadcast manager protocol (rev 20120528 t)
[    1.139386] can: netlink gateway (rev 20130117) max_hops=1
[    1.145589] Key type dns_resolver registered
[    1.150292] ThumbEE CPU extension supported.
[    1.154788] Registering SWP/SWPB emulation handler
[    1.161726] hctosys: unable to open rtc device (rtc0)
- 18:04:11 [INFO] Boot attempt 1/1 failed
- 18:04:11 [INFO] Collecting kernel traces via sysrq...
- 18:04:21 [INFO] [  208.856905] sysrq: SysRq : Show State
[  208.860749]   task                PC stack   pid father
[  208.866216] swapper/0       D c0c79dd8     0     1      0 0x00000000
[  208.872904] [<c0c79dd8>] (__schedule) from [<c0c7a1b0>] (schedule+0x44/0x9c)
[  208.880288] [<c0c7a1b0>] (schedule) from [<c0c7cc44>] (schedule_timeout+0x11c/0x1a8)
[  208.888401] [<c0c7cc44>] (schedule_timeout) from [<c04944e4>] (msleep+0x2c/0x38)
[  208.896151] [<c04944e4>] (msleep) from [<c14013e0>] (mount_root+0x88/0x124)
[  208.903442] [<c14013e0>] (mount_root) from [<c140160c>] (prepare_namespace+0x190/0x1d4)
[  208.911822] [<c140160c>] (prepare_namespace) from [<c1400e68>] (kernel_init_freeable+0x1ec/0x1fc)
[  208.921113] [<c1400e68>] (kernel_init_freeable) from [<c0c7863c>] (kernel_init+0x8/0x114)
[  208.929679] [<c0c7863c>] (kernel_init) from [<c0407d28>] (ret_from_fork+0x14/0x2c)
[  208.937597] kthreadd        S c0c79dd8     0     2      0 0x00000000
[  208.944269] [<c0c79dd8>] (__schedule) from [<c0c7a1b0>] (schedule+0x44/0x9c)
[  208.951649] [<c0c7a1b0>] (schedule) from [<c045c7a4>] (kthreadd+0x180/0x184)
[  208.959027] [<c045c7a4>] (kthreadd) from [<c0407d28>] (ret_from_fork+0x14/0x2c)
[  208.966671] ksoftirqd/0     S c0c79dd8     0     3      2 0x00000000
[  208.973341] [<c0c79dd8>] (__schedule) from [<c0c7a1b0>] (schedule+0x44/0x9c)
[  208.980722] [<c0c7a1b0>] (schedule) from [<c045ef90>] (smpboot_thread_fn+0xc8/0x194)
[  208.988831] [<c045ef90>] (smpboot_thread_fn) from [<c045bfc0>] (kthread+0xdc/0xf4)
[  208.996758] [<c045bfc0>] (kthread) from [<c0407d28>] (ret_from_fork+0x14/0x2c)
[  209.004311] kworker/0:0     S c0c79dd8     0     4      2 0x00000000
[  209.010988] [<c0c79dd8>] (__schedule) from [<c0c7a1b0>] (schedule+0x44/0x9c)
[  209.018366] [<c0c7a1b0>] (schedule) from [<c0456dc4>] (worker_thread+0xd8/0x510)
[  209.026109] [<c0456dc4>] (worker_thread) from [<c045bfc0>] (kthread+0xdc/0xf4)
[  209.033671] [<c045bfc0>] (kthread) from [<c0407d28>] (ret_from_fork+0x14/0x2c)
[  209.041223] kworker/0:0H    S c0c79dd8     0     5      2 0x00000000
[  209.047896] [<c0c79dd8>] (__schedule) from [<c0c7a1b0>] (schedule+0x44/0x9c)
[  209.055274] [<c0c7a1b0>] (schedule) from [<c0456dc4>] (worker_thread+0xd8/0x510)
[  209.063016] [<c0456dc4>] (worker_thread) from [<c045bfc0>] (kthread+0xdc/0xf4)
[  209.070577] [<c045bfc0>] (kthread) from [<c0407d28>] (ret_from_fork+0x14/0x2c)
[  209.078130] kworker/u2:0    S c0c79dd8     0     6      2 0x00000000
[  209.084801] [<c0c79dd8>] (__schedule) from [<c0c7a1b0>] (schedule+0x44/0x9c)
[  209.092179] [<c0c7a1b0>] (schedule) from [<c0456dc4>] (worker_thread+0xd8/0x510)
[  209.099922] [<c0456dc4>] (worker_thread) from [<c045bfc0>] (kthread+0xdc/0xf4)
[  209.107484] [<c045bfc0>] (kthread) from [<c0407d28>] (ret_from_fork+0x14/0x2c)
[  209.115036] rcu_sched       S c0c79dd8     0     7      2 0x00000000
[  209.121701] [<c0c79dd8>] (__schedule) from [<c0c7a1b0>] (schedule+0x44/0x9c)
[  209.129080] [<c0c7a1b0>] (schedule) from [<c0491040>] (rcu_gp_kthread+0x94/0x950)
[  209.136917] [<c0491040>] (rcu_gp_kthread) from [<c045bfc0>] (kthread+0xdc/0xf4)
[  209.144570] [<c045bfc0>] (kthread) from [<c0407d28>] (ret_from_fork+0x14/0x2c)
[  209.152122] rcu_bh          S c0c79dd8     0     8      2 0x00000000
[  209.158790] [<c0c79dd8>] (__schedule) from [<c0c7a1b0>] (schedule+0x44/0x9c)
[  209.166168] [<c0c7a1b0>] (schedule) from [<c0491040>] (rcu_gp_kthread+0x94/0x950)
[  209.174003] [<c0491040>] (rcu_gp_kthread) from [<c045bfc0>] (kthread+0xdc/0xf4)
[  209.181656] [<c045bfc0>] (kthread) from [<c0407d28>] (ret_from_fork+0x14/0x2c)
[  209.189208] migration/0     S c0c79dd8     0     9      2 0x00000000
[  209.195874] [<c0c79dd8>] (__schedule) from [<c0c7a1b0>] (schedule+0x44/0x9c)
[  209.203253] [<c0c7a1b0>] (schedule) from [<c045ef90>] (smpboot_thread_fn+0xc8/0x194)
[  209.211361] [<c045ef90>] (smpboot_thread_fn) from [<c045bfc0>] (kthread+0xdc/0xf4)
[  209.219286] [<c045bfc0>] (kthread) from [<c0407d28>] (ret_from_fork+0x14/0x2c)
[  209.226838] watchdog/0      S c0c79dd8     0    10      2 0x00000000
[  209.233505] [<c0c79dd8>] (__schedule) from [<c0c7a1b0>] (schedule+0x44/0x9c)
[  209.240883] [<c0c7a1b0>] (schedule) from [<c045ef90>] (smpboot_thread_fn+0xc8/0x194)
[  209.248991] [<c045ef90>] (smpboot_thread_fn) from [<c045bfc0>] (kthread+0xdc/0xf4)
[  209.256916] [<c045bfc0>] (kthread) from [<c0407d28>] (ret_from_fork+0x14/0x2c)
[  209.264468] cpuhp/0         S c0c79dd8     0    11      2 0x00000000
[  209.271135] [<c0c79dd8>] (__schedule) from [<c0c7a1b0>] (schedule+0x44/0x9c)
[  209.278513] [<c0c7a1b0>] (schedule) from [<c045ef90>] (smpboot_thread_fn+0xc8/0x194)
[  209.286620] [<c045ef90>] (smpboot_thread_fn) from [<c045bfc0>] (kthread+0xdc/0xf4)
[  209.294545] [<c045bfc0>] (kthread) from [<c0407d28>] (ret_from_fork+0x14/0x2c)
[  209.302097] kdevtmpfs       S c0c79dd8     0    12      2 0x00000000
[  209.308764] [<c0c79dd8>] (__schedule) from [<c0c7a1b0>] (schedule+0x44/0x9c)
[  209.316146] [<c0c7a1b0>] (schedule) from [<c088e870>] (devtmpfsd+0x314/0x320)
[  209.323618] [<c088e870>] (devtmpfsd) from [<c045bfc0>] (kthread+0xdc/0xf4)
[  209.330816] [<c045bfc0>] (kthread) from [<c0407d28>] (ret_from_fork+0x14/0x2c)
[  209.338368] khungtaskd      S c0c79dd8     0    13      2 0x00000000
[  209.345034] [<c0c79dd8>] (__schedule) from [<c0c7a1b0>] (schedule+0x44/0x9c)
[  209.352412] [<c0c7a1b0>] (schedule) from [<c0c7cc44>] (schedule_timeout+0x11c/0x1a8)
[  209.360521] [<c0c7cc44>] (schedule_timeout) from [<c04b71e8>] (watchdog+0xb4/0x33c)
[  209.368538] [<c04b71e8>] (watchdog) from [<c045bfc0>] (kthread+0xdc/0xf4)
[  209.375646] [<c045bfc0>] (kthread) from [<c0407d28>] (ret_from_fork+0x14/0x2c)
[  209.383197] oom_reaper      S c0c79dd8     0    14      2 0x00000000
[  209.389863] [<c0c79dd8>] (__schedule) from [<c0c7a1b0>] (schedule+0x44/0x9c)
[  209.397244] [<c0c7a1b0>] (schedule) from [<c04cddf4>] (oom_reaper+0xb4/0x174)
[  209.404715] [<c04cddf4>] (oom_reaper) from [<c045bfc0>] (kthread+0xdc/0xf4)
[  209.412004] [<c045bfc0>] (kthread) from [<c0407d28>] (ret_from_fork+0x14/0x2c)
[  209.419556] writeback       S c0c79dd8     0    15      2 0x00000000
[  209.426226] [<c0c79dd8>] (__schedule) from [<c0c7a1b0>] (schedule+0x44/0x9c)
[  209.433604] [<c0c7a1b0>] (schedule) from [<c04574f8>] (rescuer_thread+0x2fc/0x364)
[  209.441529] [<c04574f8>] (rescuer_thread) from [<c045bfc0>] (kthread+0xdc/0xf4)
[  209.449181] [<c045bfc0>] (kthread) from [<c0407d28>] (ret_from_fork+0x14/0x2c)
[  209.456733] kcompactd0      S c0c79dd8     0    16      2 0x00000000
[  209.463399] [<c0c79dd8>] (__schedule) from [<c0c7a1b0>] (schedule+0x44/0x9c)
[  209.470778] [<c0c7a1b0>] (schedule) from [<c04eabcc>] (kcompactd+0x1d0/0x2d4)
[  209.478250] [<c04eabcc>] (kcompactd) from [<c045bfc0>] (kthread+0xdc/0xf4)
[  209.485449] [<c045bfc0>] (kthread) from [<c0407d28>] (ret_from_fork+0x14/0x2c)
[  209.493002] crypto          S c0c79dd8     0    17      2 0x00000000
[  209.499674] [<c0c79dd8>] (__schedule) from [<c0c7a1b0>] (schedule+0x44/0x9c)
[  209.507051] [<c0c7a1b0>] (schedule) from [<c04574f8>] (rescuer_thread+0x2fc/0x364)
[  209.514975] [<c04574f8>] (rescuer_thread) from [<c045bfc0>] (kthread+0xdc/0xf4)
[  209.522628] [<c045bfc0>] (kthread) from [<c0407d28>] (ret_from_fork+0x14/0x2c)
[  209.530180] bioset          S c0c79dd8     0    18      2 0x00000000
[  209.536849] [<c0c79dd8>] (__schedule) from [<c0c7a1b0>] (schedule+0x44/0x9c)
[  209.544227] [<c0c7a1b0>] (schedule) from [<c04574f8>] (rescuer_thread+0x2fc/0x364)
[  209.552151] [<c04574f8>] (rescuer_thread) from [<c045bfc0>] (kthread+0xdc/0xf4)
[  209.559803] [<c045bfc0>] (kthread) from [<c0407d28>] (ret_from_fork+0x14/0x2c)
[  209.567355] kblockd         S c0c79dd8     0    19      2 0x00000000
[  209.574027] [<c0c79dd8>] (__schedule) from [<c0c7a1b0>] (schedule+0x44/0x9c)
[  209.581406] [<c0c7a1b0>] (schedule) from [<c04574f8>] (rescuer_thread+0x2fc/0x364)
[  209.589330] [<c04574f8>] (rescuer_thread) from [<c045bfc0>] (kthread+0xdc/0xf4)
[  209.596982] [<c045bfc0>] (kthread) from [<c0407d28>] (ret_from_fork+0x14/0x2c)
[  209.604534] ata_sff         S c0c79dd8     0    20      2 0x00000000
[  209.611204] [<c0c79dd8>] (__schedule) from [<c0c7a1b0>] (schedule+0x44/0x9c)
[  209.618583] [<c0c7a1b0>] (schedule) from [<c04574f8>] (rescuer_thread+0x2fc/0x364)
[  209.626507] [<c04574f8>] (rescuer_thread) from [<c045bfc0>] (kthread+0xdc/0xf4)
[  209.634160] [<c045bfc0>] (kthread) from [<c0407d28>] (ret_from_fork+0x14/0x2c)
[  209.641712] edac-poller     S c0c79dd8     0    21      2 0x00000000
[  209.648381] [<c0c79dd8>] (__schedule) from [<c0c7a1b0>] (schedule+0x44/0x9c)
[  209.655759] [<c0c7a1b0>] (schedule) from [<c04574f8>] (rescuer_thread+0x2fc/0x364)
[  209.663682] [<c04574f8>] (rescuer_thread) from [<c045bfc0>] (kthread+0xdc/0xf4)
[  209.671335] [<c045bfc0>] (kthread) from [<c0407d28>] (ret_from_fork+0x14/0x2c)
[  209.678887] devfreq_wq      S c0c79dd8     0    22      2 0x00000000
[  209.685557] [<c0c79dd8>] (__schedule) from [<c0c7a1b0>] (schedule+0x44/0x9c)
[  209.692935] [<c0c7a1b0>] (schedule) from [<c04574f8>] (rescuer_thread+0x2fc/0x364)
[  209.700860] [<c04574f8>] (rescuer_thread) from [<c045bfc0>] (kthread+0xdc/0xf4)
[  209.708512] [<c045bfc0>] (kthread) from [<c0407d28>] (ret_from_fork+0x14/0x2c)
[  209.716063] watchdogd       S c0c79dd8     0    23      2 0x00000000
[  209.722733] [<c0c79dd8>] (__schedule) from [<c0c7a1b0>] (schedule+0x44/0x9c)
[  209.730110] [<c0c7a1b0>] (schedule) from [<c04574f8>] (rescuer_thread+0x2fc/0x364)
[  209.738034] [<c04574f8>] (rescuer_thread) from [<c045bfc0>] (kthread+0xdc/0xf4)
[  209.745686] [<c045bfc0>] (kthread) from [<c0407d28>] (ret_from_fork+0x14/0x2c)
[  209.753239] rpciod          S c0c79dd8     0    24      2 0x00000000
[  209.759907] [<c0c79dd8>] (__schedule) from [<c0c7a1b0>] (schedule+0x44/0x9c)
[  209.767285] [<c0c7a1b0>] (schedule) from [<c04574f8>] (rescuer_thread+0x2fc/0x364)
[  209.775209] [<c04574f8>] (rescuer_thread) from [<c045bfc0>] (kthread+0xdc/0xf4)
[  209.782862] [<c045bfc0>] (kthread) from [<c0407d28>] (ret_from_fork+0x14/0x2c)
[  209.790414] kworker/0:1     S c0c79dd8     0    25      2 0x00000000
[  209.797084] [<c0c79dd8>] (__schedule) from [<c0c7a1b0>] (schedule+0x44/0x9c)
[  209.804462] [<c0c7a1b0>] (schedule) from [<c0456dc4>] (worker_thread+0xd8/0x510)
[  209.812205] [<c0456dc4>] (worker_thread) from [<c045bfc0>] (kthread+0xdc/0xf4)
[  209.819766] [<c045bfc0>] (kthread) from [<c0407d28>] (ret_from_fork+0x14/0x2c)
[  209.827317] kswapd0         S c0c79dd8     0    26      2 0x00000000
[  209.833983] [<c0c79dd8>] (__schedule) from [<c0c7a1b0>] (schedule+0x44/0x9c)
[  209.841363] [<c0c7a1b0>] (schedule) from [<c04de0c0>] (kswapd+0x7b0/0x7e4)
[  209.848561] [<c04de0c0>] (kswapd) from [<c045bfc0>] (kthread+0xdc/0xf4)
[  209.855487] [<c045bfc0>] (kthread) from [<c0407d28>] (ret_from_fork+0x14/0x2c)
[  209.863039] vmstat          S c0c79dd8     0    27      2 0x00000000
[  209.869710] [<c0c79dd8>] (__schedule) from [<c0c7a1b0>] (schedule+0x44/0x9c)
[  209.877089] [<c0c7a1b0>] (schedule) from [<c04574f8>] (rescuer_thread+0x2fc/0x364)
[  209.885013] [<c04574f8>] (rescuer_thread) from [<c045bfc0>] (kthread+0xdc/0xf4)
[  209.892665] [<c045bfc0>] (kthread) from [<c0407d28>] (ret_from_fork+0x14/0x2c)
[  209.900217] nfsiod          S c0c79dd8     0    28      2 0x00000000
[  209.906886] [<c0c79dd8>] (__schedule) from [<c0c7a1b0>] (schedule+0x44/0x9c)
[  209.914264] [<c0c7a1b0>] (schedule) from [<c04574f8>] (rescuer_thread+0x2fc/0x364)
[  209.922189] [<c04574f8>] (rescuer_thread) from [<c045bfc0>] (kthread+0xdc/0xf4)
[  209.929841] [<c045bfc0>] (kthread) from [<c0407d28>] (ret_from_fork+0x14/0x2c)
[  209.937392] bioset          S c0c79dd8     0    37      2 0x00000000
[  209.944064] [<c0c79dd8>] (__schedule) from [<c0c7a1b0>] (schedule+0x44/0x9c)
[  209.951441] [<c0c7a1b0>] (schedule) from [<c04574f8>] (rescuer_thread+0x2fc/0x364)
[  209.959364] [<c04574f8>] (rescuer_thread) from [<c045bfc0>] (kthread+0xdc/0xf4)
[  209.967016] [<c045bfc0>] (kthread) from [<c0407d28>] (ret_from_fork+0x14/0x2c)
[  209.974568] bioset          S c0c79dd8     0    38      2 0x00000000
[  209.981238] [<c0c79dd8>] (__schedule) from [<c0c7a1b0>] (schedule+0x44/0x9c)
[  209.988616] [<c0c7a1b0>] (schedule) from [<c04574f8>] (rescuer_thread+0x2fc/0x364)
[  209.996541] [<c04574f8>] (rescuer_thread) from [<c045bfc0>] (kthread+0xdc/0xf4)
[  210.004193] [<c045bfc0>] (kthread) from [<c0407d28>] (ret_from_fork+0x14/0x2c)
[  210.011745] bioset          S c0c79dd8     0    39      2 0x00000000
[  210.018417] [<c0c79dd8>] (__schedule) from [<c0c7a1b0>] (schedule+0x44/0x9c)
[  210.025795] [<c0c7a1b0>] (schedule) from [<c04574f8>] (rescuer_thread+0x2fc/0x364)
[  210.033718] [<c04574f8>] (rescuer_thread) from [<c045bfc0>] (kthread+0xdc/0xf4)
[  210.041371] [<c045bfc0>] (kthread) from [<c0407d28>] (ret_from_fork+0x14/0x2c)
[  210.048922] bioset          S c0c79dd8     0    40      2 0x00000000
[  210.055592] [<c0c79dd8>] (__schedule) from [<c0c7a1b0>] (schedule+0x44/0x9c)
[  210.062969] [<c0c7a1b0>] (schedule) from [<c04574f8>] (rescuer_thread+0x2fc/0x364)
[  210.070893] [<c04574f8>] (rescuer_thread) from [<c045bfc0>] (kthread+0xdc/0xf4)
[  210.078546] [<c045bfc0>] (kthread) from [<c0407d28>] (ret_from_fork+0x14/0x2c)
[  210.086098] bioset          S c0c79dd8     0    41      2 0x00000000
[  210.092766] [<c0c79dd8>] (__schedule) from [<c0c7a1b0>] (schedule+0x44/0x9c)
[  210.100144] [<c0c7a1b0>] (schedule) from [<c04574f8>] (rescuer_thread+0x2fc/0x364)
[  210.108068] [<c04574f8>] (rescuer_thread) from [<c045bfc0>] (kthread+0xdc/0xf4)
[  210.115721] [<c045bfc0>] (kthread) from [<c0407d28>] (ret_from_fork+0x14/0x2c)
[  210.123273] bioset          S c0c79dd8     0    42      2 0x00000000
[  210.129944] [<c0c79dd8>] (__schedule) from [<c0c7a1b0>] (schedule+0x44/0x9c)
[  210.137322] [<c0c7a1b0>] (schedule) from [<c04574f8>] (rescuer_thread+0x2fc/0x364)
[  210.145245] [<c04574f8>] (rescuer_thread) from [<c045bfc0>] (kthread+0xdc/0xf4)
[  210.152897] [<c045bfc0>] (kthread) from [<c0407d28>] (ret_from_fork+0x14/0x2c)
[  210.160449] bioset          S c0c79dd8     0    43      2 0x00000000
[  210.167119] [<c0c79dd8>] (__schedule) from [<c0c7a1b0>] (schedule+0x44/0x9c)
[  210.174496] [<c0c7a1b0>] (schedule) from [<c04574f8>] (rescuer_thread+0x2fc/0x364)
[  210.182420] [<c04574f8>] (rescuer_thread) from [<c045bfc0>] (kthread+0xdc/0xf4)
[  210.190073] [<c045bfc0>] (kthread) from [<c0407d28>] (ret_from_fork+0x14/0x2c)
[  210.197626] bioset          S c0c79dd8     0    44      2 0x00000000
[  210.204295] [<c0c79dd8>] (__schedule) from [<c0c7a1b0>] (schedule+0x44/0x9c)
[  210.211674] [<c0c7a1b0>] (schedule) from [<c04574f8>] (rescuer_thread+0x2fc/0x364)
[  210.219597] [<c04574f8>] (rescuer_thread) from [<c045bfc0>] (kthread+0xdc/0xf4)
[  210.227248] [<c045bfc0>] (kthread) from [<c0407d28>] (ret_from_fork+0x14/0x2c)
[  210.234800] bioset          S c0c79dd8     0    45      2 0x00000000
[  210.241472] [<c0c79dd8>] (__schedule) from [<c0c7a1b0>] (schedule+0x44/0x9c)
[  210.248851] [<c0c7a1b0>] (schedule) from [<c04574f8>] (rescuer_thread+0x2fc/0x364)
[  210.256774] [<c04574f8>] (rescuer_thread) from [<c045bfc0>] (kthread+0xdc/0xf4)
[  210.264427] [<c045bfc0>] (kthread) from [<c0407d28>] (ret_from_fork+0x14/0x2c)
[  210.271978] bioset          S c0c79dd8     0    46      2 0x00000000
[  210.278648] [<c0c79dd8>] (__schedule) from [<c0c7a1b0>] (schedule+0x44/0x9c)
[  210.286026] [<c0c7a1b0>] (schedule) from [<c04574f8>] (rescuer_thread+0x2fc/0x364)
[  210.293949] [<c04574f8>] (rescuer_thread) from [<c045bfc0>] (kthread+0xdc/0xf4)
[  210.301603] [<c045bfc0>] (kthread) from [<c0407d28>] (ret_from_fork+0x14/0x2c)
[  210.309154] bioset          S c0c79dd8     0    47      2 0x00000000
[  210.315823] [<c0c79dd8>] (__schedule) from [<c0c7a1b0>] (schedule+0x44/0x9c)
[  210.323201] [<c0c7a1b0>] (schedule) from [<c04574f8>] (rescuer_thread+0x2fc/0x364)
[  210.331124] [<c04574f8>] (rescuer_thread) from [<c045bfc0>] (kthread+0xdc/0xf4)
[  210.338776] [<c045bfc0>] (kthread) from [<c0407d28>] (ret_from_fork+0x14/0x2c)
[  210.346329] bioset          S c0c79dd8     0    48      2 0x00000000
[  210.352998] [<c0c79dd8>] (__schedule) from [<c0c7a1b0>] (schedule+0x44/0x9c)
[  210.360377] [<c0c7a1b0>] (schedule) from [<c04574f8>] (rescuer_thread+0x2fc/0x364)
[  210.368299] [<c04574f8>] (rescuer_thread) from [<c045bfc0>] (kthread+0xdc/0xf4)
[  210.375952] [<c045bfc0>] (kthread) from [<c0407d28>] (ret_from_fork+0x14/0x2c)
[  210.383505] bioset          S c0c79dd8     0    49      2 0x00000000
[  210.390174] [<c0c79dd8>] (__schedule) from [<c0c7a1b0>] (schedule+0x44/0x9c)
[  210.397552] [<c0c7a1b0>] (schedule) from [<c04574f8>] (rescuer_thread+0x2fc/0x364)
[  210.405475] [<c04574f8>] (rescuer_thread) from [<c045bfc0>] (kthread+0xdc/0xf4)
[  210.413128] [<c045bfc0>] (kthread) from [<c0407d28>] (ret_from_fork+0x14/0x2c)
[  210.420680] bioset          S c0c79dd8     0    50      2 0x00000000
[  210.427349] [<c0c79dd8>] (__schedule) from [<c0c7a1b0>] (schedule+0x44/0x9c)
[  210.434727] [<c0c7a1b0>] (schedule) from [<c04574f8>] (rescuer_thread+0x2fc/0x364)
[  210.442651] [<c04574f8>] (rescuer_thread) from [<c045bfc0>] (kthread+0xdc/0xf4)
[  210.450304] [<c045bfc0>] (kthread) from [<c0407d28>] (ret_from_fork+0x14/0x2c)
[  210.457856] bioset          S c0c79dd8     0    51      2 0x00000000
[  210.464525] [<c0c79dd8>] (__schedule) from [<c0c7a1b0>] (schedule+0x44/0x9c)
[  210.471902] [<c0c7a1b0>] (schedule) from [<c04574f8>] (rescuer_thread+0x2fc/0x364)
[  210.479826] [<c04574f8>] (rescuer_thread) from [<c045bfc0>] (kthread+0xdc/0xf4)
[  210.487478] [<c045bfc0>] (kthread) from [<c0407d28>] (ret_from_fork+0x14/0x2c)
[  210.495031] bioset          S c0c79dd8     0    52      2 0x00000000
[  210.501702] [<c0c79dd8>] (__schedule) from [<c0c7a1b0>] (schedule+0x44/0x9c)
[  210.509079] [<c0c7a1b0>] (schedule) from [<c04574f8>] (rescuer_thread+0x2fc/0x364)
[  210.517003] [<c04574f8>] (rescuer_thread) from [<c045bfc0>] (kthread+0xdc/0xf4)
[  210.524655] [<c045bfc0>] (kthread) from [<c0407d28>] (ret_from_fork+0x14/0x2c)
[  210.532206] bioset          S c0c79dd8     0    53      2 0x00000000
[  210.538875] [<c0c79dd8>] (__schedule) from [<c0c7a1b0>] (schedule+0x44/0x9c)
[  210.546253] [<c0c7a1b0>] (schedule) from [<c04574f8>] (rescuer_thread+0x2fc/0x364)
[  210.554176] [<c04574f8>] (rescuer_thread) from [<c045bfc0>] (kthread+0xdc/0xf4)
[  210.561828] [<c045bfc0>] (kthread) from [<c0407d28>] (ret_from_fork+0x14/0x2c)
[  210.569380] bioset          S c0c79dd8     0    54      2 0x00000000
[  210.576050] [<c0c79dd8>] (__schedule) from [<c0c7a1b0>] (schedule+0x44/0x9c)
[  210.583427] [<c0c7a1b0>] (schedule) from [<c04574f8>] (rescuer_thread+0x2fc/0x364)
[  210.591350] [<c04574f8>] (rescuer_thread) from [<c045bfc0>] (kthread+0xdc/0xf4)
[  210.599003] [<c045bfc0>] (kthread) from [<c0407d28>] (ret_from_fork+0x14/0x2c)
[  210.606554] bioset          S c0c79dd8     0    55      2 0x00000000
[  210.613224] [<c0c79dd8>] (__schedule) from [<c0c7a1b0>] (schedule+0x44/0x9c)
[  210.620602] [<c0c7a1b0>] (schedule) from [<c04574f8>] (rescuer_thread+0x2fc/0x364)
[  210.628525] [<c04574f8>] (rescuer_thread) from [<c045bfc0>] (kthread+0xdc/0xf4)
[  210.636178] [<c045bfc0>] (kthread) from [<c0407d28>] (ret_from_fork+0x14/0x2c)
[  210.643729] bioset          S c0c79dd8     0    56      2 0x00000000
[  210.650400] [<c0c79dd8>] (__schedule) from [<c0c7a1b0>] (schedule+0x44/0x9c)
[  210.657778] [<c0c7a1b0>] (schedule) from [<c04574f8>] (rescuer_thread+0x2fc/0x364)
[  210.665701] [<c04574f8>] (rescuer_thread) from [<c045bfc0>] (kthread+0xdc/0xf4)
[  210.673352] [<c045bfc0>] (kthread) from [<c0407d28>] (ret_from_fork+0x14/0x2c)
[  210.680904] bioset          S c0c79dd8     0    57      2 0x00000000
[  210.687572] [<c0c79dd8>] (__schedule) from [<c0c7a1b0>] (schedule+0x44/0x9c)
[  210.694950] [<c0c7a1b0>] (schedule) from [<c04574f8>] (rescuer_thread+0x2fc/0x364)
[  210.702873] [<c04574f8>] (rescuer_thread) from [<c045bfc0>] (kthread+0xdc/0xf4)
[  210.710525] [<c045bfc0>] (kthread) from [<c0407d28>] (ret_from_fork+0x14/0x2c)
[  210.718077] bioset          S c0c79dd8     0    58      2 0x00000000
[  210.724746] [<c0c79dd8>] (__schedule) from [<c0c7a1b0>] (schedule+0x44/0x9c)
[  210.732123] [<c0c7a1b0>] (schedule) from [<c04574f8>] (rescuer_thread+0x2fc/0x364)
[  210.740046] [<c04574f8>] (rescuer_thread) from [<c045bfc0>] (kthread+0xdc/0xf4)
[  210.747699] [<c045bfc0>] (kthread) from [<c0407d28>] (ret_from_fork+0x14/0x2c)
[  210.755252] bioset          S c0c79dd8     0    59      2 0x00000000
[  210.761922] [<c0c79dd8>] (__schedule) from [<c0c7a1b0>] (schedule+0x44/0x9c)
[  210.769300] [<c0c7a1b0>] (schedule) from [<c04574f8>] (rescuer_thread+0x2fc/0x364)
[  210.777224] [<c04574f8>] (rescuer_thread) from [<c045bfc0>] (kthread+0xdc/0xf4)
[  210.784877] [<c045bfc0>] (kthread) from [<c0407d28>] (ret_from_fork+0x14/0x2c)
[  210.792429] bioset          S c0c79dd8     0    60      2 0x00000000
[  210.799099] [<c0c79dd8>] (__schedule) from [<c0c7a1b0>] (schedule+0x44/0x9c)
[  210.806477] [<c0c7a1b0>] (schedule) from [<c04574f8>] (rescuer_thread+0x2fc/0x364)
[  210.814401] [<c04574f8>] (rescuer_thread) from [<c045bfc0>] (kthread+0xdc/0xf4)
[  210.822053] [<c045bfc0>] (kthread) from [<c0407d28>] (ret_from_fork+0x14/0x2c)
[  210.829605] kpsmoused       S c0c79dd8     0    61      2 0x00000000
[  210.836274] [<c0c79dd8>] (__schedule) from [<c0c7a1b0>] (schedule+0x44/0x9c)
[  210.843653] [<c0c7a1b0>] (schedule) from [<c04574f8>] (rescuer_thread+0x2fc/0x364)
[  210.851578] [<c04574f8>] (rescuer_thread) from [<c045bfc0>] (kthread+0xdc/0xf4)
[  210.859230] [<c045bfc0>] (kthread) from [<c0407d28>] (ret_from_fork+0x14/0x2c)
[  210.866782] kworker/u2:1    S c0c79dd8     0    62      2 0x00000000
[  210.873453] [<c0c79dd8>] (__schedule) from [<c0c7a1b0>] (schedule+0x44/0x9c)
[  210.880831] [<c0c7a1b0>] (schedule) from [<c0456dc4>] (worker_thread+0xd8/0x510)
[  210.888575] [<c0456dc4>] (worker_thread) from [<c045bfc0>] (kthread+0xdc/0xf4)
[  210.896138] [<c045bfc0>] (kthread) from [<c0407d28>] (ret_from_fork+0x14/0x2c)
[  210.903691] ipv6_addrconf   S c0c79dd8     0    63      2 0x00000000
[  210.910362] [<c0c79dd8>] (__schedule) from [<c0c7a1b0>] (schedule+0x44/0x9c)
[  210.917740] [<c0c7a1b0>] (schedule) from [<c04574f8>] (rescuer_thread+0x2fc/0x364)
[  210.925663] [<c04574f8>] (rescuer_thread) from [<c045bfc0>] (kthread+0xdc/0xf4)
[  210.933317] [<c045bfc0>] (kthread) from [<c0407d28>] (ret_from_fork+0x14/0x2c)
[  210.940869] deferwq         S c0c79dd8     0    64      2 0x00000000
[  210.947541] [<c0c79dd8>] (__schedule) from [<c0c7a1b0>] (schedule+0x44/0x9c)
[  210.954919] [<c0c7a1b0>] (schedule) from [<c04574f8>] (rescuer_thread+0x2fc/0x364)
[  210.962843] [<c04574f8>] (rescuer_thread) from [<c045bfc0>] (kthread+0xdc/0xf4)
[  210.970495] [<c045bfc0>] (kthread) from [<c0407d28>] (ret_from_fork+0x14/0x2c)
[  210.978047] kworker/0:1H    S c0c79dd8     0    65      2 0x00000000
[  210.984717] [<c0c79dd8>] (__schedule) from [<c0c7a1b0>] (schedule+0x44/0x9c)
[  210.992095] [<c0c7a1b0>] (schedule) from [<c0456dc4>] (worker_thread+0xd8/0x510)
[  210.999838] [<c0456dc4>] (worker_thread) from [<c045bfc0>] (kthread+0xdc/0xf4)
[  211.007399] [<c045bfc0>] (kthread) from [<c0407d28>] (ret_from_fork+0x14/0x2c)
[  211.014951] kworker/0:2H    S c0c79dd8     0    66      2 0x00000000
[  211.021620] [<c0c79dd8>] (__schedule) from [<c0c7a1b0>] (schedule+0x44/0x9c)
[  211.028997] [<c0c7a1b0>] (schedule) from [<c0456dc4>] (worker_thread+0xd8/0x510)
[  211.036738] [<c0456dc4>] (worker_thread) from [<c045bfc0>] (kthread+0xdc/0xf4)
[  211.044300] [<c045bfc0>] (kthread) from [<c0407d28>] (ret_from_fork+0x14/0x2c)
[  211.051857] Sched Debug Version: v0.11, 4.6.0-rc6-next-20160504-00002-g1bd946ac5a49 #1
[  211.060138] ktime                                   : 211050.864308
[  211.066693] sched_clk                               : 211051.852694
[  211.073246] cpu_clk                                 : 211051.853110
[  211.079799] jiffies                                 : 4294949067
[  211.086078] 
[  211.087632] sysctl_sched
[  211.090279]   .sysctl_sched_latency                    : 6.000000
[  211.096650]   .sysctl_sched_min_granularity            : 0.750000
[  211.103022]   .sysctl_sched_wakeup_granularity         : 1.000000
[  211.109393]   .sysctl_sched_child_runs_first           : 0
[  211.115128]   .sysctl_sched_features                   : 44859
[  211.121227]   .sysctl_sched_tunable_scaling            : 1 (logaritmic)
[  211.128141] 
[  211.129696] cpu#0
[  211.131707]   .nr_running                    : 0
[  211.136532]   .load                          : 0
[  211.141357]   .nr_switches                   : 111879
[  211.146637]   .nr_load_updates               : 41771
[  211.151827]   .nr_uninterruptible            : 1
[  211.156654]   .next_balance                  : 4294.907296
[  211.162388]   .curr->pid                     : 0
[  211.167215]   .clock                         : 208855.996535
[  211.173131]   .clock_task                    : 208855.996535
[  211.179047]   .cpu_load[0]                   : 0
[  211.183872]   .cpu_load[1]                   : 0
[  211.188697]   .cpu_load[2]                   : 0
[  211.193522]   .cpu_load[3]                   : 0
[  211.198347]   .cpu_load[4]                   : 22
[  211.203265] 
[  211.203265] cfs_rq[0]:
[  211.207276]   .exec_clock                    : 0.000000
[  211.212740]   .MIN_vruntime                  : 0.000001
[  211.218203]   .min_vruntime                  : 3325.530285
[  211.223938]   .max_vruntime                  : 0.000001
[  211.229400]   .spread                        : 0.000000
[  211.234861]   .spread0                       : 0.000000
[  211.240323]   .nr_spread_over                : 0
[  211.245149]   .nr_running                    : 0
[  211.249974]   .load                          : 0
[  211.254800]   .load_avg                      : 47
[  211.259716]   .runnable_load_avg             : 0
[  211.264541]   .util_avg                      : 0
[  211.269367]   .removed_load_avg              : 0
[  211.274192]   .removed_util_avg              : 0
[  211.279018] 
[  211.279018] rt_rq[0]:
[  211.282937]   .rt_nr_running                 : 0
[  211.287762]   .rt_throttled                  : 0
[  211.292588]   .rt_time                       : 0.000000
[  211.298051]   .rt_runtime                    : 950.000000
[  211.303696] 
[  211.303696] dl_rq[0]:
[  211.307614]   .dl_nr_running                 : 0
[  211.312441]   .dl_bw->bw                     : 996147
[  211.317721]   .dl_bw->total_bw               : 0
[  211.322547] 
[  211.322547] runnable tasks:
[  211.322547]             task   PID         tree-key  switches  prio     wait-time             sum-exec        sum-sleep
[  211.322547] ----------------------------------------------------------------------------------------------------------
[  211.349452]        swapper/0     1      3322.584679       732   120         0.000000      1142.708546         0.000000
[  211.360665]         kthreadd     2      1967.516202        63   120         0.000000         2.295453         0.000000
[  211.371875]      ksoftirqd/0     3      3325.641643     24354   120         0.000000      2031.794858         0.000000
[  211.383085]      kworker/0:0     4        88.213007        11   120         0.000000         2.946624         0.000000
[  211.394294]     kworker/0:0H     5      1970.473549     11556   100         0.000000     58645.164586         0.000000
[  211.405502]     kworker/u2:0     6      1163.346159         9   120         0.000000         0.114960         0.000000
[  211.416712]        rcu_sched     7      3324.573778     50802   120         0.000000      2024.763526         0.000000
[  211.427920]           rcu_bh     8        16.474556         2   120         0.000000         0.012001         0.000000
[  211.439127]      migration/0     9         0.001833         4     0         0.000000         0.058124         0.000000
[  211.450335]       watchdog/0    10         0.000000        55     0         0.000000         1.872753         0.000000
[  211.461542]          cpuhp/0    11        23.887759         3   120         0.000000         0.028000         0.000000
[  211.472754]        kdevtmpfs    12      1284.142415       636   120         0.000000        17.194409         0.000000
[  211.483961]       khungtaskd    13      2440.777787         3   120         0.000000         0.099042         0.000000
[  211.495168]       oom_reaper    14        53.030713         2   120         0.000000         0.015375         0.000000
[  211.506379]        writeback    15        55.061657         2   100         0.000000         0.020667         0.000000
[  211.517588]       kcompactd0    16        57.236972         2   120         0.000000         0.019459         0.000000
[  211.528797]           crypto    17        59.256601         2   100         0.000000         0.016041         0.000000
[  211.540006]           bioset    18        61.331928         2   100         0.000000         0.017501         0.000000
[  211.551215]          kblockd    19        63.396221         2   100         0.000000         0.018833         0.000000
[  211.562423]          ata_sff    20        69.987559         2   100         0.000000         0.021958         0.000000
[  211.573633]      edac-poller    21        73.605397         2   100         0.000000         0.018125         0.000000
[  211.584841]       devfreq_wq    22        76.057988         2   100         0.000000         0.022251         0.000000
[  211.596047]        watchdogd    23        80.215347         2   100         0.000000         0.022625         0.000000
[  211.607255]           rpciod    24        92.160039         2   100         0.000000         0.022542         0.000000
[  211.618464]      kworker/0:1    25      3322.549035       280   120         0.000000        11.709203         0.000000
[  211.629674]          kswapd0    26       211.897718         3   120         0.000000         0.045249         0.000000
[  211.640883]           vmstat    27        98.252288         2   100         0.000000         0.021584         0.000000
[  211.652093]           nfsiod    28       114.803883         2   100         0.000000         0.023541         0.000000
[  211.663301]           bioset    37       882.807952         2   100         0.000000         0.022792         0.000000
[  211.674509]           bioset    38       884.888020         2   100         0.000000         0.019208         0.000000
[  211.685717]           bioset    39       886.951894         2   100         0.000000         0.016916         0.000000
[  211.696925]           bioset    40       889.010173         2   100         0.000000         0.016875         0.000000
[  211.708134]           bioset    41       891.071503         2   100         0.000000         0.016000         0.000000
[  211.719341]           bioset    42       893.132715         2   100         0.000000         0.016333         0.000000
[  211.730551]           bioset    43       895.187536         2   100         0.000000         0.016042         0.000000
[  211.741759]           bioset    44       897.246528         2   100         0.000000         0.015917         0.000000
[  211.752966]           bioset    45       899.299699         2   100         0.000000         0.016750         0.000000
[  211.764176]           bioset    46       901.360857         2   100         0.000000         0.017791         0.000000
[  211.775385]           bioset    47       903.421520         2   100         0.000000         0.015875         0.000000
[  211.786594]           bioset    48       905.480141         2   100         0.000000         0.016291         0.000000
[  211.797800]           bioset    49       907.533854         2   100         0.000000         0.016125         0.000000
[  211.809008]           bioset    50       909.597889         2   100         0.000000         0.017000         0.000000
[  211.820215]           bioset    51       911.664470         2   100         0.000000         0.015459         0.000000
[  211.831424]           bioset    52       913.720354         2   100         0.000000         0.020333         0.000000
[  211.842631]           bioset    53       930.056196         2   100         0.000000         0.021834         0.000000
[  211.853841]           bioset    54       933.804476         2   100         0.000000         0.019167         0.000000
[  211.865047]           bioset    55       937.600980         2   100         0.000000         0.019542         0.000000
[  211.876255]           bioset    56       941.343891         2   100         0.000000         0.018667         0.000000
[  211.887464]           bioset    57       945.060053         2   100         0.000000         0.019125         0.000000
[  211.898672]           bioset    58       948.766550         2   100         0.000000         0.018583         0.000000
[  211.909878]           bioset    59       952.458131         2   100         0.000000         0.018793         0.000000
[  211.921085]           bioset    60       956.212092         2   100         0.000000         0.069917         0.000000
[  211.932294]        kpsmoused    61      1167.297688         2   100         0.000000         0.018708         0.000000
[  211.943502]     kworker/u2:1    62      3322.551952         5   120         0.000000         0.068918         0.000000
[  211.954711]    ipv6_addrconf    63      1230.046700         2   100         0.000000         0.024084         0.000000
[  211.965921]          deferwq    64      1286.962216         2   100         0.000000         0.020375         0.000000
[  211.977131]     kworker/0:1H    65      1969.479967         4   100         0.000000         0.096500         0.000000
[  211.988341]     kworker/0:2H    66      3325.530285     23200   100         0.000000    117286.067051         0.000000
[  211.999552] 
[  212.001109] Showing busy workqueues and worker pools:
- 18:04:31 [INFO] [  219.116948] sysrq: SysRq : Show backtrace of all active CPUs
[  219.122880] Sending NMI to all CPUs:
[  219.126617] NMI backtrace for cpu 0
[  219.130269] CPU: 0 PID: 0 Comm: swapper/0 Not tainted 4.6.0-rc6-next-20160504-00002-g1bd946ac5a49 #1
[  219.139820] Hardware name: Keystone
[  219.143482] [<c040fa78>] (unwind_backtrace) from [<c040b144>] (show_stack+0x10/0x14)
[  219.151593] [<c040b144>] (show_stack) from [<c068d574>] (dump_stack+0x98/0xac)
[  219.159159] [<c068d574>] (dump_stack) from [<c0690ed4>] (nmi_cpu_backtrace+0x88/0x8c)
[  219.167356] [<c0690ed4>] (nmi_cpu_backtrace) from [<c040d8dc>] (raise_nmi+0x6c/0x70)
[  219.175460] [<c040d8dc>] (raise_nmi) from [<c0690e38>] (nmi_trigger_all_cpu_backtrace+0xf4/0x108)
[  219.184751] [<c0690e38>] (nmi_trigger_all_cpu_backtrace) from [<c07b84dc>] (__handle_sysrq+0xa8/0x16c)
[  219.194496] [<c07b84dc>] (__handle_sysrq) from [<c07ccfbc>] (serial8250_rx_chars+0x19c/0x1f4)
[  219.203421] [<c07ccfbc>] (serial8250_rx_chars) from [<c07ce7b0>] (serial8250_handle_irq.part.9+0x64/0xc8)
[  219.213435] [<c07ce7b0>] (serial8250_handle_irq.part.9) from [<c07ce87c>] (serial8250_default_handle_irq+0x54/0x7c)
[  219.224358] [<c07ce87c>] (serial8250_default_handle_irq) from [<c07cbb90>] (serial8250_interrupt+0x3c/0xc0)
[  219.234554] [<c07cbb90>] (serial8250_interrupt) from [<c0484c48>] (handle_irq_event_percpu+0x88/0x140)
[  219.244294] [<c0484c48>] (handle_irq_event_percpu) from [<c0484d44>] (handle_irq_event+0x44/0x68)
[  219.253581] [<c0484d44>] (handle_irq_event) from [<c0487f10>] (handle_fasteoi_irq+0xb4/0x194)
[  219.262504] [<c0487f10>] (handle_fasteoi_irq) from [<c04842b4>] (generic_handle_irq+0x24/0x34)
[  219.271514] [<c04842b4>] (generic_handle_irq) from [<c0484564>] (__handle_domain_irq+0x5c/0xb4)
[  219.280617] [<c0484564>] (__handle_domain_irq) from [<c040172c>] (gic_handle_irq+0x54/0x94)
[  219.289356] [<c040172c>] (gic_handle_irq) from [<c040bc00>] (__irq_svc+0x40/0x54)
[  219.297181] Exception stack(0xc1601f40 to 0xc1601f88)
[  219.302466] 1f40: 00000001 00000000 00000000 c041ae60 c1600000 c16024ac 00000000 00000000
[  219.311021] 1f60: c15175c0 c1602514 c160250c c1601f98 00000000 c1601f90 c0408748 c040874c
[  219.319573] 1f80: 60000013 ffffffff
[  219.323230] [<c040bc00>] (__irq_svc) from [<c040874c>] (arch_cpu_idle+0x38/0x3c)
[  219.330974] [<c040874c>] (arch_cpu_idle) from [<c0478028>] (cpu_startup_entry+0x1c0/0x224)
[  219.339627] [<c0478028>] (cpu_startup_entry) from [<c1400c70>] (start_kernel+0x394/0x3a0)
[  219.348186] [<c1400c70>] (start_kernel) from [<80208090>] (0x80208090)
- 18:04:42 [INFO] [  229.373168] sysrq: SysRq : Show Blocked State
[  229.377737]   task                PC stack   pid father
[  229.383202] swapper/0       D c0c79dd8     0     1      0 0x00000000
[  229.389881] [<c0c79dd8>] (__schedule) from [<c0c7a1b0>] (schedule+0x44/0x9c)
[  229.397263] [<c0c7a1b0>] (schedule) from [<c0c58220>] (rpc_wait_bit_killable+0x28/0xdc)
[  229.405641] [<c0c58220>] (rpc_wait_bit_killable) from [<c0c7a61c>] (__wait_on_bit+0x84/0xc4)
[  229.414472] [<c0c7a61c>] (__wait_on_bit) from [<c0c7a6c8>] (out_of_line_wait_on_bit+0x6c/0x74)
[  229.423485] [<c0c7a6c8>] (out_of_line_wait_on_bit) from [<c0c58dd4>] (__rpc_execute+0x1c4/0x29c)
[  229.432684] [<c0c58dd4>] (__rpc_execute) from [<c0c52ec0>] (rpc_run_task+0x14c/0x164)
[  229.440880] [<c0c52ec0>] (rpc_run_task) from [<c0c52f1c>] (rpc_call_sync+0x44/0xc0)
[  229.448895] [<c0c52f1c>] (rpc_call_sync) from [<c0c52fec>] (rpc_ping+0x54/0x70)
[  229.456547] [<c0c52fec>] (rpc_ping) from [<c0c530e4>] (rpc_create_xprt+0xdc/0xf4)
[  229.464380] [<c0c530e4>] (rpc_create_xprt) from [<c0c531a8>] (rpc_create+0xac/0x13c)
[  229.472489] [<c0c531a8>] (rpc_create) from [<c05e51ac>] (nfs_mount+0xb8/0x150)
[  229.480059] [<c05e51ac>] (nfs_mount) from [<c05dcd20>] (nfs_request_mount.constprop.1+0xdc/0x100)
[  229.489349] [<c05dcd20>] (nfs_request_mount.constprop.1) from [<c05dcd88>] (nfs_try_mount+0x44/0x1f4)
[  229.499000] [<c05dcd88>] (nfs_try_mount) from [<c05dc64c>] (nfs_fs_mount+0x290/0x888)
[  229.507199] [<c05dc64c>] (nfs_fs_mount) from [<c05170bc>] (mount_fs+0x14/0xa4)
[  229.514761] [<c05170bc>] (mount_fs) from [<c0530800>] (vfs_kern_mount+0x4c/0x104)
[  229.522596] [<c0530800>] (vfs_kern_mount) from [<c053369c>] (do_mount+0x1a8/0xc6c)
[  229.530521] [<c053369c>] (do_mount) from [<c05344ac>] (SyS_mount+0x74/0x9c)
[  229.537812] [<c05344ac>] (SyS_mount) from [<c14013c4>] (mount_root+0x6c/0x124)
[  229.545373] [<c14013c4>] (mount_root) from [<c140160c>] (prepare_namespace+0x190/0x1d4)
[  229.553752] [<c140160c>] (prepare_namespace) from [<c1400e68>] (kernel_init_freeable+0x1ec/0x1fc)
[  229.563043] [<c1400e68>] (kernel_init_freeable) from [<c0c7863c>] (kernel_init+0x8/0x114)
[  229.571606] [<c0c7863c>] (kernel_init) from [<c0407d28>] (ret_from_fork+0x14/0x2c)
- 18:04:42 [INFO] Disconnected serial from k2g-evm
URL:gtsystest.telogy.design.ti.com/vatf/tigtfarm14/tigtfarm14_vatf@k2g-evm/tigtfarm1405_04_2016_18_00_08/files/session_iteration_1/test_1
