- 13:45:47 [INFO] Starting target session
- 13:45:47 [INFO] Connected to k2hk-evm via serial 
- 13:45:47 [INFO] Host: #check prompt
- 13:45:50 [ERROR] On command: #check prompt waiting for #check prompt.+?(?-mix:((?-mix:login:)|[Pp]assword)) >>> error: execution expired
- 13:45:50 [INFO] Target: 
#check prompt
root@k2hk-evm:/test# 
- 13:45:50 [INFO] Host: #check prompt
- 13:45:50 [INFO] Target: 
#check prompt
root@k2hk-evm:/test# 
- 13:45:50 [INFO] Host: sync;poweroff
- 13:45:59 [INFO] Target: 
sync;poweroff
Broadcast message from root@k2hk-evm (ttyS0) (Sat Aug 22 02:47
INIT: SenStopping telnet daemon.
Stopping system message bus: dbus.
Error opening /dev/fb0: No such file or directory
Stopping syslogd/klogd: stopped syslogd (pid 1531)
stopped klogd (pid 1534)
done
Stopping thttpd.
stopping statd: done
Stopping rpcbind daemon...
done.
NOT deconfiguring network interfaces: / is an NFS mount
Disabling thermal zones...
/etc/rc0.d/K98thermal-zone-init: line 13: /sys/class/thermal/thermal_zone*/mode: No such file or directory
Sending all processes the TERM signal...
Sending all processes the KILL signal...
Unmounting remote filesystems...
Deactivating swap...
Unmounting local filesystems...
[ 3486.704671] sd 0:0:0:0: [sda] Synchronizing SCSI cache
[ 3486.711828] reboot: System halted
- 13:45:59 [INFO] Disconnected serial from k2hk-evm
- 13:46:00 [INFO] Connected to k2hk-evm via serial 
- 13:46:00 [INFO] Host: 
- 13:46:05 [INFO] Target: 
U-Boot SPL 2015.07 (Dec 10 2015 - 04:12:00)
U-Boot 2015.07 (Dec 10 2015 - 04:12:00 -0500)
CPU: 66AK2Hx SR1.1
I2C:   ready
DRAM:  DDR3A Speed will be configured for 1333 Operation.
Detected SO-DIMM [SQR-SD3T-2G1333SED]
DDR3 speed 1333
DRAM: 2 GiB (includes reported below)
2 GiB
NAND:  512 MiB
NAND read from offset 100000 failed -74
*** Warning - readenv() failed, using default environment
Net:   Phy 2 not found
Phy 3 not found
K2HK_EMAC
Warning: K2HK_EMAC using MAC address from net device
, K2HK_EMAC1
Error: K2HK_EMAC1 address not set.
, K2HK_EMAC2
Error: K2HK_EMAC2 address not set.
, K2HK_EMAC3
Error: K2HK_EMAC3 address not set.
Hit any key to stop autoboot:  1  0 
U-Boot# 
U-Boot# 
U-Boot# 
U-Boot# 
U-Boot# 
U-Boot# 
U-Boot# 
U-Boot# 
U-Boot# 
U-Boot# 
- 13:46:05 [INFO] Host: 
- 13:46:05 [INFO] Target: 
U-Boot# 
- 13:46:05 [INFO] Host: version
- 13:46:05 [INFO] Target: 
version
U-Boot 2015.07 (Dec 10 2015 - 04:12:00 -0500)
arm-linux-gnueabihf-gcc (Linaro GCC 4.9-2015.05) 4.9.3 20150413 (prerelease)
GNU ld (GNU Binutils) Linaro 2014.11-3-git 2.24.0.20141017
U-Boot# 
- 13:46:05 [INFO] Host: setenv bootargs 'console=ttyS0,115200n8 earlyprintk rootwait '
- 13:46:06 [INFO] Target: 
setenv bootargs 'console=ttyS0,115200n8 earlyprintk rootwait '
U-Boot# 
- 13:46:06 [INFO] Host: setenv bootcmd  ''
- 13:46:06 [INFO] Target: 
setenv bootcmd  ''
U-Boot# 
- 13:46:06 [INFO] Host: setenv autoload 'no'
- 13:46:06 [INFO] Target: 
setenv autoload 'no'
U-Boot# 
- 13:46:06 [INFO] Host: setenv serverip '192.168.0.1'
- 13:46:06 [INFO] Target: 
setenv serverip '192.168.0.1'
U-Boot# 
- 13:46:06 [INFO] Host: printenv
- 13:46:06 [INFO] Target: 
printenv
addr_mon=0x0c5f0000
addr_secdb_key=0xc000000
addr_ubi=0x82000000
arch=arm
args_all=setenv bootargs console=ttyS0,115200n8 rootwait=1
args_net=setenv bootargs ${bootargs} rootfstype=nfs root=/dev/nfs rw nfsroot=${serverip}:${nfs_root},${nfs_options} ip=dhcp
args_ramfs=setenv bootargs ${bootargs} rdinit=/sbin/init rw root=/dev/ram0 initrd=0x808080000,80M
args_ubi=setenv bootargs ${bootargs} rootfstype=ubifs root=ubi0:rootfs rootflags=sync rw ubi.mtd=ubifs,2048
autoload=no
baudrate=115200
board=ks2_evm
board_name=ks2_evm
boot=ubi
bootargs=console=ttyS0,115200n8 earlyprintk rootwait 
bootcmd=
bootdelay=1
bootdir=/boot
bootm_size=0x10000000
burn_ubi=nand erase.part ubifs; nand write ${addr_ubi} ubifs ${filesize}
burn_uboot_nand=nand erase 0 0x100000; nand write ${loadaddr} 0 ${filesize}
burn_uboot_spi=sf probe; sf erase 0 0x80000; sf write ${loadaddr} 0 ${filesize}
cpu=armv7
ethact=K2HK_EMAC
ethaddr=c4:ed:ba:a6:7d:4c
fdt_addr_r=0x88000000
fdtaddr=0x88000000
get_fdt_net=dhcp ${fdtaddr} ${tftp_root}/${name_fdt}
get_fdt_ramfs=dhcp ${fdtaddr} ${tftp_root}/${name_fdt}
get_fdt_ubi=ubifsload ${fdtaddr} ${bootdir}/${name_fdt}
get_fs_ramfs=dhcp ${rdaddr} ${tftp_root}/${name_fs}
get_kern_net=dhcp ${loadaddr} ${tftp_root}/${name_kern}
get_kern_ramfs=dhcp ${loadaddr} ${tftp_root}/${name_kern}
get_kern_ubi=ubifsload ${loadaddr} ${bootdir}/${name_kern}
get_mon_net=dhcp ${addr_mon} ${tftp_root}/${name_mon}
get_mon_ramfs=dhcp ${addr_mon} ${tftp_root}/${name_mon}
get_mon_ubi=ubifsload ${addr_mon} ${bootdir}/${name_mon}
get_ubi_net=dhcp ${addr_ubi} ${tftp_root}/${name_ubi}
get_uboot_net=dhcp ${loadaddr} ${tftp_root}/${name_uboot}
init_fw_rd_net=dhcp ${rdaddr} ${tftp_root}/${name_fw_rd}; run set_rd_spec
init_fw_rd_ramfs=setenv rd_spec -
init_fw_rd_ubi=ubifsload ${rdaddr} ${bootdir}/${name_fw_rd}; run set_rd_spec
init_net=run args_all args_net
init_ramfs=run args_all args_ramfs get_fs_ramfs
init_ubi=run args_all args_ubi; ubi part ubifs; ubifsmount ubi:rootfs;
kernel_addr_r=0x82000000
loadaddr=0x82000000
mem_lpae=1
mem_reserve=512M
mtdparts=mtdparts=davinci_nand.0:1024k(bootloader)ro,512k(params)ro,-(ubifs)
name_fdt=k2hk-evm.dtb
name_fs=arago-console-image-k2hk-evm.cpio.gz
name_fw_rd=k2-fw-initrd.cpio.gz
name_kern=zImage
name_mon=skern-k2hk.bin
name_ubi=k2hk-evm-ubifs.ubi
name_uboot=u-boot-spi-k2hk-evm.gph
nfs_options=v3,tcp,rsize=4096,wsize=4096
nfs_root=/export
no_post=1
ramdisk_addr_r=0x88080000
rdaddr=0x88080000
run_kern=bootz ${loadaddr} ${rd_spec} ${fdtaddr}
run_mon=mon_install ${addr_mon}
serverip=192.168.0.1
set_rd_spec=setenv rd_spec ${rdaddr}:${filesize}
soc=keystone
stderr=serial
stdin=serial
stdout=serial
tftp_root=/
vendor=ti
ver=U-Boot 2015.07 (Dec 10 2015 - 04:12:00 -0500)
Environment size: 2857/262140 bytes
U-Boot# 
- 13:46:06 [INFO] Host: setenv _initramfs -
- 13:46:06 [INFO] Target: 
setenv _initramfs -
U-Boot# 
- 13:46:06 [INFO] Host: printenv
- 13:46:07 [INFO] Target: 
printenv
_initramfs=-
addr_mon=0x0c5f0000
addr_secdb_key=0xc000000
addr_ubi=0x82000000
arch=arm
args_all=setenv bootargs console=ttyS0,115200n8 rootwait=1
args_net=setenv bootargs ${bootargs} rootfstype=nfs root=/dev/nfs rw nfsroot=${serverip}:${nfs_root},${nfs_options} ip=dhcp
args_ramfs=setenv bootargs ${bootargs} rdinit=/sbin/init rw root=/dev/ram0 initrd=0x808080000,80M
args_ubi=setenv bootargs ${bootargs} rootfstype=ubifs root=ubi0:rootfs rootflags=sync rw ubi.mtd=ubifs,2048
autoload=no
baudrate=115200
board=ks2_evm
board_name=ks2_evm
boot=ubi
bootargs=console=ttyS0,115200n8 earlyprintk rootwait 
bootcmd=
bootdelay=1
bootdir=/boot
bootm_size=0x10000000
burn_ubi=nand erase.part ubifs; nand write ${addr_ubi} ubifs ${filesize}
burn_uboot_nand=nand erase 0 0x100000; nand write ${loadaddr} 0 ${filesize}
burn_uboot_spi=sf probe; sf erase 0 0x80000; sf write ${loadaddr} 0 ${filesize}
cpu=armv7
ethact=K2HK_EMAC
ethaddr=c4:ed:ba:a6:7d:4c
fdt_addr_r=0x88000000
fdtaddr=0x88000000
get_fdt_net=dhcp ${fdtaddr} ${tftp_root}/${name_fdt}
get_fdt_ramfs=dhcp ${fdtaddr} ${tftp_root}/${name_fdt}
get_fdt_ubi=ubifsload ${fdtaddr} ${bootdir}/${name_fdt}
get_fs_ramfs=dhcp ${rdaddr} ${tftp_root}/${name_fs}
get_kern_net=dhcp ${loadaddr} ${tftp_root}/${name_kern}
get_kern_ramfs=dhcp ${loadaddr} ${tftp_root}/${name_kern}
get_kern_ubi=ubifsload ${loadaddr} ${bootdir}/${name_kern}
get_mon_net=dhcp ${addr_mon} ${tftp_root}/${name_mon}
get_mon_ramfs=dhcp ${addr_mon} ${tftp_root}/${name_mon}
get_mon_ubi=ubifsload ${addr_mon} ${bootdir}/${name_mon}
get_ubi_net=dhcp ${addr_ubi} ${tftp_root}/${name_ubi}
get_uboot_net=dhcp ${loadaddr} ${tftp_root}/${name_uboot}
init_fw_rd_net=dhcp ${rdaddr} ${tftp_root}/${name_fw_rd}; run set_rd_spec
init_fw_rd_ramfs=setenv rd_spec -
init_fw_rd_ubi=ubifsload ${rdaddr} ${bootdir}/${name_fw_rd}; run set_rd_spec
init_net=run args_all args_net
init_ramfs=run args_all args_ramfs get_fs_ramfs
init_ubi=run args_all args_ubi; ubi part ubifs; ubifsmount ubi:rootfs;
kernel_addr_r=0x82000000
loadaddr=0x82000000
mem_lpae=1
mem_reserve=512M
mtdparts=mtdparts=davinci_nand.0:1024k(bootloader)ro,512k(params)ro,-(ubifs)
name_fdt=k2hk-evm.dtb
name_fs=arago-console-image-k2hk-evm.cpio.gz
name_fw_rd=k2-fw-initrd.cpio.gz
name_kern=zImage
name_mon=skern-k2hk.bin
name_ubi=k2hk-evm-ubifs.ubi
name_uboot=u-boot-spi-k2hk-evm.gph
nfs_options=v3,tcp,rsize=4096,wsize=4096
nfs_root=/export
no_post=1
ramdisk_addr_r=0x88080000
rdaddr=0x88080000
run_kern=bootz ${loadaddr} ${rd_spec} ${fdtaddr}
run_mon=mon_install ${addr_mon}
serverip=192.168.0.1
set_rd_spec=setenv rd_spec ${rdaddr}:${filesize}
soc=keystone
stderr=serial
stdin=serial
stdout=serial
tftp_root=/
vendor=ti
ver=U-Boot 2015.07 (Dec 10 2015 - 04:12:00 -0500)
Environment size: 2872/262140 bytes
U-Boot# 
- 13:46:07 [INFO] Host: setenv bootargs ''${bootargs}' ip=:::::eth0:dhcp '
- 13:46:07 [INFO] Target: 
setenv bootargs ''${bootargs}' ip=:::::eth0:dhcp '
U-Boot# 
- 13:46:07 [INFO] Host: setenv serverip '192.168.0.1'
- 13:46:07 [INFO] Target: 
setenv serverip '192.168.0.1'
U-Boot# 
- 13:46:07 [INFO] Host: setenv autoload 'no'
- 13:46:07 [INFO] Target: 
setenv autoload 'no'
U-Boot# 
- 13:46:07 [INFO] Host: dhcp
- 13:46:09 [INFO] Target: 
dhcp
K2HK_EMAC Waiting for SGMII auto negotiation to complete. done
K2HK_EMAC Waiting for PHY auto negotiation to complete.. done
BOOTP broadcast 1
BOOTP broadcast 2
BOOTP broadcast 3
DHCP client bound to address 192.168.0.227 (1286 ms)
U-Boot# 
- 13:46:09 [INFO] Host: tftp ${loadaddr} 192.168.0.1:vatf_k2hk-evm/12ff57ed41b066103e662b2c14e71235
- 13:46:12 [INFO] Target: 
tftp ${loadaddr} 192.168.0.1:vatf_k2hk-evm/12ff57ed41b066103e662b2c14e71235
K2HK_EMAC Waiting for SGMII auto negotiation to complete. done
Using K2HK_EMAC device
TFTP from server 192.168.0.1; our IP address is 192.168.0.227
Filename 'vatf_k2hk-evm/12ff57ed41b066103e662b2c14e71235'.
Load address: 0x82000000
Loading: *#################################################################
	 #################################################################
	 #################################################################
	 #################################################################
	 #################################################################
	 #################################################################
	 #################################################################
	 #####
	 2.6 MiB/s
done
Bytes transferred = 6747776 (66f680 hex)
U-Boot# 
- 13:46:12 [INFO] Host: tftp ${fdtaddr} 192.168.0.1:vatf_k2hk-evm/9ade60b2cd137ec9198cbf23b9b2008d
- 13:46:13 [INFO] Target: 
tftp ${fdtaddr} 192.168.0.1:vatf_k2hk-evm/9ade60b2cd137ec9198cbf23b9b2008d
K2HK_EMAC Waiting for SGMII auto negotiation to complete. done
Using K2HK_EMAC device
TFTP from server 192.168.0.1; our IP address is 192.168.0.227
Filename 'vatf_k2hk-evm/9ade60b2cd137ec9198cbf23b9b2008d'.
Load address: 0x88000000
Loading: *##
	 2.3 MiB/s
done
Bytes transferred = 28723 (7033 hex)
U-Boot# 
- 13:46:13 [INFO] Host: tftp ${addr_mon} 192.168.0.1:vatf_k2hk-evm/945c4fa713c56a0128dbbcd5e829c86b
- 13:46:13 [INFO] Target: 
tftp ${addr_mon} 192.168.0.1:vatf_k2hk-evm/945c4fa713c56a0128dbbcd5e829c86b
K2HK_EMAC Waiting for SGMII auto negotiation to complete. done
Using K2HK_EMAC device
TFTP from server 192.168.0.1; our IP address is 192.168.0.227
Filename 'vatf_k2hk-evm/945c4fa713c56a0128dbbcd5e829c86b'.
Load address: 0xc5f0000
Loading: *####
	 2.4 MiB/s
done
Bytes transferred = 45056 (b000 hex)
U-Boot# 
- 13:46:13 [INFO] Host: printenv
- 13:46:14 [INFO] Target: 
printenv
_initramfs=-
addr_mon=0x0c5f0000
addr_secdb_key=0xc000000
addr_ubi=0x82000000
arch=arm
args_all=setenv bootargs console=ttyS0,115200n8 rootwait=1
args_net=setenv bootargs ${bootargs} rootfstype=nfs root=/dev/nfs rw nfsroot=${serverip}:${nfs_root},${nfs_options} ip=dhcp
args_ramfs=setenv bootargs ${bootargs} rdinit=/sbin/init rw root=/dev/ram0 initrd=0x808080000,80M
args_ubi=setenv bootargs ${bootargs} rootfstype=ubifs root=ubi0:rootfs rootflags=sync rw ubi.mtd=ubifs,2048
autoload=no
baudrate=115200
board=ks2_evm
board_name=ks2_evm
boot=ubi
bootargs=console=ttyS0,115200n8 earlyprintk rootwait  ip=:::::eth0:dhcp 
bootcmd=
bootdelay=1
bootdir=/boot
bootm_size=0x10000000
burn_ubi=nand erase.part ubifs; nand write ${addr_ubi} ubifs ${filesize}
burn_uboot_nand=nand erase 0 0x100000; nand write ${loadaddr} 0 ${filesize}
burn_uboot_spi=sf probe; sf erase 0 0x80000; sf write ${loadaddr} 0 ${filesize}
cpu=armv7
dnsip=192.0.2.2
dnsip2=192.0.2.3
ethact=K2HK_EMAC
ethaddr=c4:ed:ba:a6:7d:4c
fdt_addr_r=0x88000000
fdtaddr=0x88000000
fileaddr=c5f0000
filesize=b000
get_fdt_net=dhcp ${fdtaddr} ${tftp_root}/${name_fdt}
get_fdt_ramfs=dhcp ${fdtaddr} ${tftp_root}/${name_fdt}
get_fdt_ubi=ubifsload ${fdtaddr} ${bootdir}/${name_fdt}
get_fs_ramfs=dhcp ${rdaddr} ${tftp_root}/${name_fs}
get_kern_net=dhcp ${loadaddr} ${tftp_root}/${name_kern}
get_kern_ramfs=dhcp ${loadaddr} ${tftp_root}/${name_kern}
get_kern_ubi=ubifsload ${loadaddr} ${bootdir}/${name_kern}
get_mon_net=dhcp ${addr_mon} ${tftp_root}/${name_mon}
get_mon_ramfs=dhcp ${addr_mon} ${tftp_root}/${name_mon}
get_mon_ubi=ubifsload ${addr_mon} ${bootdir}/${name_mon}
get_ubi_net=dhcp ${addr_ubi} ${tftp_root}/${name_ubi}
get_uboot_net=dhcp ${loadaddr} ${tftp_root}/${name_uboot}
init_fw_rd_net=dhcp ${rdaddr} ${tftp_root}/${name_fw_rd}; run set_rd_spec
init_fw_rd_ramfs=setenv rd_spec -
init_fw_rd_ubi=ubifsload ${rdaddr} ${bootdir}/${name_fw_rd}; run set_rd_spec
init_net=run args_all args_net
init_ramfs=run args_all args_ramfs get_fs_ramfs
init_ubi=run args_all args_ubi; ubi part ubifs; ubifsmount ubi:rootfs;
ipaddr=192.168.0.227
kernel_addr_r=0x82000000
loadaddr=0x82000000
mem_lpae=1
mem_reserve=512M
mtdparts=mtdparts=davinci_nand.0:1024k(bootloader)ro,512k(params)ro,-(ubifs)
name_fdt=k2hk-evm.dtb
name_fs=arago-console-image-k2hk-evm.cpio.gz
name_fw_rd=k2-fw-initrd.cpio.gz
name_kern=zImage
name_mon=skern-k2hk.bin
name_ubi=k2hk-evm-ubifs.ubi
name_uboot=u-boot-spi-k2hk-evm.gph
netmask=255.255.255.0
nfs_options=v3,tcp,rsize=4096,wsize=4096
nfs_root=/export
no_post=1
ramdisk_addr_r=0x88080000
rdaddr=0x88080000
run_kern=bootz ${loadaddr} ${rd_spec} ${fdtaddr}
run_mon=mon_install ${addr_mon}
serverip=192.168.0.1
set_rd_spec=setenv rd_spec ${rdaddr}:${filesize}
soc=keystone
stderr=serial
stdin=serial
stdout=serial
tftp_root=/
vendor=ti
ver=U-Boot 2015.07 (Dec 10 2015 - 04:12:00 -0500)
Environment size: 3010/262140 bytes
U-Boot# 
- 13:46:14 [INFO] Host: setenv bootcmd ''${bootcmd}' mon_install ${addr_mon};'
- 13:46:14 [INFO] Target: 
setenv bootcmd ''${bootcmd}' mon_install ${addr_mon};'
U-Boot# 
- 13:46:14 [INFO] Host: printenv
- 13:46:14 [INFO] Target: 
printenv
_initramfs=-
addr_mon=0x0c5f0000
addr_secdb_key=0xc000000
addr_ubi=0x82000000
arch=arm
args_all=setenv bootargs console=ttyS0,115200n8 rootwait=1
args_net=setenv bootargs ${bootargs} rootfstype=nfs root=/dev/nfs rw nfsroot=${serverip}:${nfs_root},${nfs_options} ip=dhcp
args_ramfs=setenv bootargs ${bootargs} rdinit=/sbin/init rw root=/dev/ram0 initrd=0x808080000,80M
args_ubi=setenv bootargs ${bootargs} rootfstype=ubifs root=ubi0:rootfs rootflags=sync rw ubi.mtd=ubifs,2048
autoload=no
baudrate=115200
board=ks2_evm
board_name=ks2_evm
boot=ubi
bootargs=console=ttyS0,115200n8 earlyprintk rootwait  ip=:::::eth0:dhcp 
bootcmd= mon_install ${addr_mon};
bootdelay=1
bootdir=/boot
bootm_size=0x10000000
burn_ubi=nand erase.part ubifs; nand write ${addr_ubi} ubifs ${filesize}
burn_uboot_nand=nand erase 0 0x100000; nand write ${loadaddr} 0 ${filesize}
burn_uboot_spi=sf probe; sf erase 0 0x80000; sf write ${loadaddr} 0 ${filesize}
cpu=armv7
dnsip=192.0.2.2
dnsip2=192.0.2.3
ethact=K2HK_EMAC
ethaddr=c4:ed:ba:a6:7d:4c
fdt_addr_r=0x88000000
fdtaddr=0x88000000
fileaddr=c5f0000
filesize=b000
get_fdt_net=dhcp ${fdtaddr} ${tftp_root}/${name_fdt}
get_fdt_ramfs=dhcp ${fdtaddr} ${tftp_root}/${name_fdt}
get_fdt_ubi=ubifsload ${fdtaddr} ${bootdir}/${name_fdt}
get_fs_ramfs=dhcp ${rdaddr} ${tftp_root}/${name_fs}
get_kern_net=dhcp ${loadaddr} ${tftp_root}/${name_kern}
get_kern_ramfs=dhcp ${loadaddr} ${tftp_root}/${name_kern}
get_kern_ubi=ubifsload ${loadaddr} ${bootdir}/${name_kern}
get_mon_net=dhcp ${addr_mon} ${tftp_root}/${name_mon}
get_mon_ramfs=dhcp ${addr_mon} ${tftp_root}/${name_mon}
get_mon_ubi=ubifsload ${addr_mon} ${bootdir}/${name_mon}
get_ubi_net=dhcp ${addr_ubi} ${tftp_root}/${name_ubi}
get_uboot_net=dhcp ${loadaddr} ${tftp_root}/${name_uboot}
init_fw_rd_net=dhcp ${rdaddr} ${tftp_root}/${name_fw_rd}; run set_rd_spec
init_fw_rd_ramfs=setenv rd_spec -
init_fw_rd_ubi=ubifsload ${rdaddr} ${bootdir}/${name_fw_rd}; run set_rd_spec
init_net=run args_all args_net
init_ramfs=run args_all args_ramfs get_fs_ramfs
init_ubi=run args_all args_ubi; ubi part ubifs; ubifsmount ubi:rootfs;
ipaddr=192.168.0.227
kernel_addr_r=0x82000000
loadaddr=0x82000000
mem_lpae=1
mem_reserve=512M
mtdparts=mtdparts=davinci_nand.0:1024k(bootloader)ro,512k(params)ro,-(ubifs)
name_fdt=k2hk-evm.dtb
name_fs=arago-console-image-k2hk-evm.cpio.gz
name_fw_rd=k2-fw-initrd.cpio.gz
name_kern=zImage
name_mon=skern-k2hk.bin
name_ubi=k2hk-evm-ubifs.ubi
name_uboot=u-boot-spi-k2hk-evm.gph
netmask=255.255.255.0
nfs_options=v3,tcp,rsize=4096,wsize=4096
nfs_root=/export
no_post=1
ramdisk_addr_r=0x88080000
rdaddr=0x88080000
run_kern=bootz ${loadaddr} ${rd_spec} ${fdtaddr}
run_mon=mon_install ${addr_mon}
serverip=192.168.0.1
set_rd_spec=setenv rd_spec ${rdaddr}:${filesize}
soc=keystone
stderr=serial
stdin=serial
stdout=serial
tftp_root=/
vendor=ti
ver=U-Boot 2015.07 (Dec 10 2015 - 04:12:00 -0500)
Environment size: 3035/262140 bytes
U-Boot# 
- 13:46:14 [INFO] Host: setenv bootargs ''${bootargs}' root=/dev/nfs rw nfsroot=192.168.0.1:/home/tigtfarm11/NFS_exports/linux/k2hk-evm/autofs/43cc5fd6085a5616139a3eee4dd59491,nolock,v3,tcp,rsize=4096,wsize=4096 '
- 13:46:14 [INFO] Target: 
setenv bootargs ''${bootargs}' root=/dev/nfs rw nfsroot=192.168.0.1:/home/tigtfarm11/NFS_exports/linux/k2hk-evm/autofs/43cc5fd6085a5616139a3eee4dd59491,nolock,v3,tcp,rsize=4096,wsize=4096 '
U-Boot# 
- 13:46:14 [INFO] Host: printenv
- 13:46:14 [INFO] Target: 
printenv
_initramfs=-
addr_mon=0x0c5f0000
addr_secdb_key=0xc000000
addr_ubi=0x82000000
arch=arm
args_all=setenv bootargs console=ttyS0,115200n8 rootwait=1
args_net=setenv bootargs ${bootargs} rootfstype=nfs root=/dev/nfs rw nfsroot=${serverip}:${nfs_root},${nfs_options} ip=dhcp
args_ramfs=setenv bootargs ${bootargs} rdinit=/sbin/init rw root=/dev/ram0 initrd=0x808080000,80M
args_ubi=setenv bootargs ${bootargs} rootfstype=ubifs root=ubi0:rootfs rootflags=sync rw ubi.mtd=ubifs,2048
autoload=no
baudrate=115200
board=ks2_evm
board_name=ks2_evm
boot=ubi
bootargs=console=ttyS0,115200n8 earlyprintk rootwait  ip=:::::eth0:dhcp  root=/dev/nfs rw nfsroot=192.168.0.1:/home/tigtfarm11/NFS_exports/linux/k2hk-evm/autofs/43cc5fd6085a5616139a3eee4dd59491,nolock,v3,tcp,rsize=4096,wsize=4096 
bootcmd= mon_install ${addr_mon};
bootdelay=1
bootdir=/boot
bootm_size=0x10000000
burn_ubi=nand erase.part ubifs; nand write ${addr_ubi} ubifs ${filesize}
burn_uboot_nand=nand erase 0 0x100000; nand write ${loadaddr} 0 ${filesize}
burn_uboot_spi=sf probe; sf erase 0 0x80000; sf write ${loadaddr} 0 ${filesize}
cpu=armv7
dnsip=192.0.2.2
dnsip2=192.0.2.3
ethact=K2HK_EMAC
ethaddr=c4:ed:ba:a6:7d:4c
fdt_addr_r=0x88000000
fdtaddr=0x88000000
fileaddr=c5f0000
filesize=b000
get_fdt_net=dhcp ${fdtaddr} ${tftp_root}/${name_fdt}
get_fdt_ramfs=dhcp ${fdtaddr} ${tftp_root}/${name_fdt}
get_fdt_ubi=ubifsload ${fdtaddr} ${bootdir}/${name_fdt}
get_fs_ramfs=dhcp ${rdaddr} ${tftp_root}/${name_fs}
get_kern_net=dhcp ${loadaddr} ${tftp_root}/${name_kern}
get_kern_ramfs=dhcp ${loadaddr} ${tftp_root}/${name_kern}
get_kern_ubi=ubifsload ${loadaddr} ${bootdir}/${name_kern}
get_mon_net=dhcp ${addr_mon} ${tftp_root}/${name_mon}
get_mon_ramfs=dhcp ${addr_mon} ${tftp_root}/${name_mon}
get_mon_ubi=ubifsload ${addr_mon} ${bootdir}/${name_mon}
get_ubi_net=dhcp ${addr_ubi} ${tftp_root}/${name_ubi}
get_uboot_net=dhcp ${loadaddr} ${tftp_root}/${name_uboot}
init_fw_rd_net=dhcp ${rdaddr} ${tftp_root}/${name_fw_rd}; run set_rd_spec
init_fw_rd_ramfs=setenv rd_spec -
init_fw_rd_ubi=ubifsload ${rdaddr} ${bootdir}/${name_fw_rd}; run set_rd_spec
init_net=run args_all args_net
init_ramfs=run args_all args_ramfs get_fs_ramfs
init_ubi=run args_all args_ubi; ubi part ubifs; ubifsmount ubi:rootfs;
ipaddr=192.168.0.227
kernel_addr_r=0x82000000
loadaddr=0x82000000
mem_lpae=1
mem_reserve=512M
mtdparts=mtdparts=davinci_nand.0:1024k(bootloader)ro,512k(params)ro,-(ubifs)
name_fdt=k2hk-evm.dtb
name_fs=arago-console-image-k2hk-evm.cpio.gz
name_fw_rd=k2-fw-initrd.cpio.gz
name_kern=zImage
name_mon=skern-k2hk.bin
name_ubi=k2hk-evm-ubifs.ubi
name_uboot=u-boot-spi-k2hk-evm.gph
netmask=255.255.255.0
nfs_options=v3,tcp,rsize=4096,wsize=4096
nfs_root=/export
no_post=1
ramdisk_addr_r=0x88080000
rdaddr=0x88080000
run_kern=bootz ${loadaddr} ${rd_spec} ${fdtaddr}
run_mon=mon_install ${addr_mon}
serverip=192.168.0.1
set_rd_spec=setenv rd_spec ${rdaddr}:${filesize}
soc=keystone
stderr=serial
stdin=serial
stdout=serial
tftp_root=/
vendor=ti
ver=U-Boot 2015.07 (Dec 10 2015 - 04:12:00 -0500)
Environment size: 3193/262140 bytes
U-Boot# 
- 13:46:14 [INFO] Host: setenv bootcmd ''${bootcmd}' if iminfo ${loadaddr}; then bootm ${loadaddr} ${_initramfs} ${fdtaddr}; else bootz ${loadaddr} ${_initramfs} ${fdtaddr}; bootm ${loadaddr} ${_initramfs} ${fdtaddr}; fi'
- 13:46:14 [INFO] Target: 
setenv bootcmd ''${bootcmd}' if iminfo ${loadaddr}; then bootm ${loadaddr} ${_initramfs} ${fdtaddr}; else bootz ${loadaddr} ${_initramfs} ${fdtaddr}; bootm ${loadaddr} ${_initramfs} ${fdtaddr}; fi'
U-Boot# 
- 13:46:14 [INFO] Host: version
- 13:46:15 [INFO] Target: 
version
U-Boot 2015.07 (Dec 10 2015 - 04:12:00 -0500)
arm-linux-gnueabihf-gcc (Linaro GCC 4.9-2015.05) 4.9.3 20150413 (prerelease)
GNU ld (GNU Binutils) Linaro 2014.11-3-git 2.24.0.20141017
U-Boot# 
- 13:46:15 [INFO] Host: bdinfo
- 13:46:15 [INFO] Target: 
bdinfo
arch_number = 0x00000000
boot_params = 0x80000100
DRAM bank   = 0x00000000
-> start    = 0x80000000
-> size     = 0x80000000
DRAM bank   = 0x00000001
-> start    = 0x00000000
-> size     = 0x00000000
eth0name    = K2HK_EMAC
ethaddr     = c4:ed:ba:a6:7d:4c
eth1name    = K2HK_EMAC1
eth1addr    = (not set)
eth2name    = K2HK_EMAC2
eth2addr    = (not set)
eth3name    = K2HK_EMAC3
eth3addr    = (not set)
current eth = K2HK_EMAC
ip_addr     = 192.168.0.227
baudrate    = 115200 bps
TLB addr    = 0xFFFF0000
relocaddr   = 0xFFF3F000
reloc off   = 0xF3F3F000
irq_sp      = 0xFEEFEEF0
sp start    = 0xFEEFEEE0
U-Boot# 
- 13:46:15 [INFO] Host: mmc rescan; echo $?
- 13:46:25 [ERROR] On command: mmc rescan; echo $? waiting for (?m-ix:0[\0\n\r]+) >>> error: execution expired
- 13:46:25 [INFO] Target: 
mmc rescan; echo $?
Unknown command 'mmc' - try 'help'
U-Boot# 
- 13:46:25 [INFO] Host: boot
- 13:49:55 [ERROR] On command: boot waiting for boot.+?(?-mix:login:) >>> error: execution expired
- 13:49:55 [INFO] Target: 
boot
K2_BM_15.07-39-g035329caed63 SoC:k2hk built:16:02:41, Dec 16 2015
## installed monitor, freq [200000000], status 0
## Checking Image at 82000000 ...
Unknown image format!
Kernel image @ 0x82000000 [ 0x000000 - 0x66f680 ]
## Flattened Device Tree blob at 88000000
   Booting using the fdt blob at 0x88000000
   Loading Device Tree to 8fff5000, end 8ffff032 ... OK
Starting kernel ...
[    0.000000] Booting Linux on physical CPU 0x0
[    0.000000] Linux version 4.5.0-rc2-next-20160208-00002-g586a4d303d64 (nmenon@horus) (gcc version 4.9.3 20150413 (prerelease) (Linaro GCC 4.9-2015.05) ) #1 SMP Mon Feb 8 04:37:03 CST 2016
[    0.000000] CPU: ARMv7 Processor [412fc0f4] revision 4 (ARMv7), cr=30c5387d
[    0.000000] CPU: div instructions available: patching division code
[    0.000000] CPU: PIPT / VIPT nonaliasing data cache, PIPT instruction cache
[    0.000000] Machine model: Texas Instruments Keystone 2 Kepler/Hawking EVM
[    0.000000] Switching physical address space to 0x800000000
[    0.000000] cma: Reserved 64 MiB at 0x000000085c000000
[    0.000000] Forcing write-allocate cache policy for SMP
[    0.000000] Memory policy: Data cache writealloc
[    0.000000] PERCPU: Embedded 13 pages/cpu @ef3a7000 s22976 r8192 d22080 u53248
[    0.000000] Built 1 zonelists in Zone order, mobility grouping on.  Total pages: 391680
[    0.000000] Kernel command line: console=ttyS0,115200n8 earlyprintk rootwait  ip=:::::eth0:dhcp  root=/dev/nfs rw nfsroot=192.168.0.1:/home/tigtfarm11/NFS_exports/linux/k2hk-evm/autofs/43cc5fd6085a5616139a3eee4dd59491,nolock,v3,tcp,rsize=4096,wsize=4096 
[    0.000000] PID hash table entries: 4096 (order: 2, 16384 bytes)
[    0.000000] Dentry cache hash table entries: 131072 (order: 7, 524288 bytes)
[    0.000000] Inode-cache hash table entries: 65536 (order: 6, 262144 bytes)
[    0.000000] Memory: 1478596K/1572864K available (8580K kernel code, 1055K rwdata, 4140K rodata, 1120K init, 349K bss, 28732K reserved, 65536K cma-reserved, 720896K highmem)
[    0.000000] Virtual kernel memory layout:
[    0.000000]     vector  : 0xffff0000 - 0xffff1000   (   4 kB)
[    0.000000]     fixmap  : 0xffc00000 - 0xfff00000   (3072 kB)
[    0.000000]     vmalloc : 0xf0800000 - 0xff800000   ( 240 MB)
[    0.000000]     lowmem  : 0xc0000000 - 0xf0000000   ( 768 MB)
[    0.000000]     pkmap   : 0xbfe00000 - 0xc0000000   (   2 MB)
[    0.000000]     modules : 0xbf000000 - 0xbfe00000   (  14 MB)
[    0.000000]       .text : 0xc0208000 - 0xc0e751bc   (12725 kB)
[    0.000000]       .init : 0xc0e76000 - 0xc0f8e000   (1120 kB)
[    0.000000]       .data : 0xc0f8e000 - 0xc1095c40   (1056 kB)
[    0.000000]        .bss : 0xc1098000 - 0xc10ef760   ( 350 kB)
[    0.000000] SLUB: HWalign=64, Order=0-3, MinObjects=0, CPUs=4, Nodes=1
[    0.000000] Hierarchical RCU implementation.
[    0.000000] 	Build-time adjustment of leaf fanout to 32.
[    0.000000] 	RCU restricting CPUs from NR_CPUS=16 to nr_cpu_ids=4.
[    0.000000] RCU: Adjusting geometry for rcu_fanout_leaf=32, nr_cpu_ids=4
[    0.000000] NR_IRQS:16 nr_irqs:16 16
[    0.000000] Architected cp15 timer(s) running at 200.00MHz (virt).
[    0.000000] clocksource: arch_sys_counter: mask: 0xffffffffffffff max_cycles: 0x2e2049d3e8, max_idle_ns: 440795210634 ns
[    0.000003] sched_clock: 56 bits at 200MHz, resolution 5ns, wraps every 4398046511102ns
[    0.000011] Switching to timer-based delay loop, resolution 5ns
[    0.001248] keystone timer clock @200000000 Hz
[    0.001760] Console: colour dummy device 80x30
[    0.001780] Calibrating delay loop (skipped), value calculated using timer frequency.. 400.00 BogoMIPS (lpj=1000000)
[    0.001790] pid_max: default: 32768 minimum: 301
[    0.001857] Mount-cache hash table entries: 2048 (order: 1, 8192 bytes)
[    0.001863] Mountpoint-cache hash table entries: 2048 (order: 1, 8192 bytes)
[    0.002311] CPU: Testing write buffer coherency: ok
[    0.002478] /cpus/cpu@0 missing clock-frequency property
[    0.002495] /cpus/cpu@1 missing clock-frequency property
[    0.002511] /cpus/cpu@2 missing clock-frequency property
[    0.002528] /cpus/cpu@3 missing clock-frequency property
[    0.002535] CPU0: thread -1, cpu 0, socket 0, mpidr 80000000
[    0.002566] Setting up static identity map for 0x80209000 - 0x80209170
[    0.010761] CPU1: thread -1, cpu 1, socket 0, mpidr 80000001
[    0.017331] CPU2: thread -1, cpu 2, socket 0, mpidr 80000002
[    0.023911] CPU3: thread -1, cpu 3, socket 0, mpidr 80000003
[    0.024000] Brought up 4 CPUs
[    0.024015] SMP: Total of 4 processors activated (1600.00 BogoMIPS).
[    0.024020] CPU: All CPU(s) started in SVC mode.
[    0.024340] devtmpfs: initialized
[    0.029589] VFP support v0.3: implementor 41 architecture 4 part 30 variant f rev 0
[    0.029953] clocksource: jiffies: mask: 0xffffffff max_cycles: 0xffffffff, max_idle_ns: 9556302231375000 ns
[    0.031041] pinctrl core: initialized pinctrl subsystem
[    0.032009] NET: Registered protocol family 16
[    0.033357] DMA: preallocated 256 KiB pool for atomic coherent allocations
[    0.045052] cpuidle: using governor menu
[    0.051100] No ATAGs?
[    0.051120] hw-breakpoint: found 5 (+1 reserved) breakpoint and 4 watchpoint registers.
[    0.051126] hw-breakpoint: maximum watchpoint size is 8 bytes.
[    0.053597] Serial: AMBA PL011 UART driver
[    0.078721] vgaarb: loaded
[    0.079257] SCSI subsystem initialized
[    0.079545] usbcore: registered new interface driver usbfs
[    0.079585] usbcore: registered new interface driver hub
[    0.079631] usbcore: registered new device driver usb
[    0.080954] pps_core: LinuxPPS API ver. 1 registered
[    0.080960] pps_core: Software ver. 5.3.6 - Copyright 2005-2007 Rodolfo Giometti <giometti@linux.it>
[    0.080976] PTP clock support registered
[    0.081082] EDAC MC: Ver: 3.0.0
[    0.082429] clocksource: Switched to clocksource arch_sys_counter
[    0.088948] NET: Registered protocol family 2
[    0.089260] TCP established hash table entries: 8192 (order: 3, 32768 bytes)
[    0.089310] TCP bind hash table entries: 8192 (order: 4, 65536 bytes)
[    0.089413] TCP: Hash tables configured (established 8192 bind 8192)
[    0.089445] UDP hash table entries: 512 (order: 2, 16384 bytes)
[    0.089469] UDP-Lite hash table entries: 512 (order: 2, 16384 bytes)
[    0.089572] NET: Registered protocol family 1
[    0.089727] RPC: Registered named UNIX socket transport module.
[    0.089732] RPC: Registered udp transport module.
[    0.089737] RPC: Registered tcp transport module.
[    0.089741] RPC: Registered tcp NFSv4.1 backchannel transport module.
[    0.090095] hw perfevents: enabled with armv7_cortex_a15 PMU driver, 7 counters available
[    0.090622] platform alarmtimer: set dma_pfn_offset00780000
[    0.091017] futex hash table entries: 1024 (order: 4, 65536 bytes)
[    0.091508] workingset: timestamp_bits=28 max_order=19 bucket_order=0
[    0.098706] squashfs: version 4.0 (2009/01/31) Phillip Lougher
[    0.099255] NFS: Registering the id_resolver key type
[    0.099273] Key type id_resolver registered
[    0.099278] Key type id_legacy registered
[    0.099332] ntfs: driver 2.1.32 [Flags: R/O].
[    0.100175] bounce: pool size: 64 pages
[    0.100304] Block layer SCSI generic (bsg) driver version 0.4 loaded (major 249)
[    0.100314] io scheduler noop registered
[    0.100322] io scheduler deadline registered
[    0.100343] io scheduler cfq registered (default)
[    0.100451] keystone_irq soc:keystone_irq@26202a0: irqchip registered, nr_irqs 28
[    0.148542] Serial: 8250/16550 driver, 4 ports, IRQ sharing disabled
[    0.148603] platform serial8250: set dma_pfn_offset00780000
[    0.150248] console [ttyS0] disabled
[    0.150273] 2530c00.serial: ttyS0 at MMIO 0x2530c00 (irq = 26, base_baud = 12500000) is a 16550A
[    0.805514] console [ttyS0] enabled
[    0.809600] 2531000.serial: ttyS1 at MMIO 0x2531000 (irq = 27, base_baud = 12500000) is a 16550A
[    0.818818] SuperH (H)SCI(F) driver initialized
[    0.823839] msm_serial: driver initialized
[    0.828058] STMicroelectronics ASC driver initialized
[    0.834007] [drm] Initialized drm 1.1.0 20060810
[    0.846611] brd: module loaded
[    0.853610] loop: module loaded
[    0.857029] at24 0-0050: 131072 byte 24c1024 EEPROM, writable, 1 bytes/write
[    0.866859] m25p80 spi32766.0: n25q128a11 (16384 Kbytes)
[    0.872221] 2 ofpart partitions found on MTD device spi32766.0
[    0.878079] Creating 2 MTD partitions on "spi32766.0":
[    0.883240] 0x000000000000-0x000000080000 : "u-boot-spl"
[    0.889254] 0x000000080000-0x000001000000 : "misc"
[    0.894736] spi_davinci 21000400.spi: Controller at 0xf09fa400
[    0.901016] spi_davinci 21000600.spi: Controller at 0xf09fc600
[    0.907300] spi_davinci 21000800.spi: Controller at 0xf09fe800
[    0.914909] platform Fixed MDIO bus.0: set dma_pfn_offset00780000
[    0.921292] libphy: Fixed MDIO Bus: probed
[    0.925834] CAN device driver interface
[    0.930591] igb: Intel(R) Gigabit Ethernet Network Driver - version 5.3.0-k
[    0.937590] igb: Copyright (c) 2007-2014 Intel Corporation.
[    0.982439] davinci_mdio 2090300.mdio: davinci mdio revision 1.5
[    0.988476] libphy: 2090300.mdio: probed
[    0.993040] davinci_mdio 2090300.mdio: phy[0]: device 2090300.mdio:00, driver Marvell 88E1111
[    1.001609] davinci_mdio 2090300.mdio: phy[1]: device 2090300.mdio:01, driver Marvell 88E1111
[    1.010492] pegasus: v0.9.3 (2013/04/25), Pegasus/Pegasus II USB Ethernet driver
[    1.017955] usbcore: registered new interface driver pegasus
[    1.023685] usbcore: registered new interface driver asix
[    1.029139] usbcore: registered new interface driver ax88179_178a
[    1.035290] usbcore: registered new interface driver cdc_ether
[    1.041191] usbcore: registered new interface driver smsc75xx
[    1.047007] usbcore: registered new interface driver smsc95xx
[    1.052811] usbcore: registered new interface driver net1080
[    1.058527] usbcore: registered new interface driver cdc_subset
[    1.064503] usbcore: registered new interface driver zaurus
[    1.070159] usbcore: registered new interface driver cdc_ncm
[    1.076112] 2620738.usb_phy supply vcc not found, using dummy regulator
[    1.284303] platform xhci-hcd.0.auto: set dma_pfn_offset00780000
[    1.291510] ehci_hcd: USB 2.0 'Enhanced' Host Controller (EHCI) Driver
[    1.298090] ehci-pci: EHCI PCI platform driver
[    1.302592] ehci-platform: EHCI generic platform driver
[    1.307945] ehci-omap: OMAP-EHCI Host Controller driver
[    1.313274] ehci-orion: EHCI orion driver
[    1.317370] SPEAr-ehci: EHCI SPEAr driver
[    1.321480] ehci-st: EHCI STMicroelectronics driver
[    1.326467] ehci-exynos: EHCI EXYNOS driver
[    1.330758] ehci-atmel: EHCI Atmel driver
[    1.334864] tegra-ehci: Tegra EHCI driver
[    1.338979] ohci_hcd: USB 1.1 'Open' Host Controller (OHCI) Driver
[    1.345202] ohci-pci: OHCI PCI platform driver
[    1.349705] ohci-platform: OHCI generic platform driver
[    1.355041] ohci-omap3: OHCI OMAP3 driver
[    1.359155] SPEAr-ohci: OHCI SPEAr driver
[    1.363267] ohci-st: OHCI STMicroelectronics driver
[    1.368248] ohci-atmel: OHCI Atmel driver
[    1.372598] usbcore: registered new interface driver usb-storage
[    1.379470] mousedev: PS/2 mouse device common for all mice
[    1.387001] i2c /dev entries driver
[    1.395759] sdhci: Secure Digital Host Controller Interface driver
[    1.401972] sdhci: Copyright(c) Pierre Ossman
[    1.407098] Synopsys Designware Multimedia Card Interface Driver
[    1.413667] sdhci-pltfm: SDHCI platform and OF driver helper
[    1.420743] ledtrig-cpu: registered to indicate activity on CPUs
[    1.426999] usbcore: registered new interface driver usbhid
[    1.432599] usbhid: USB HID core driver
[    1.439187] nand: device found, Manufacturer ID: 0x2c, Chip ID: 0xac
[    1.445578] nand: Micron MT29F4G08ABBDAHC
[    1.449612] nand: 512 MiB, SLC, erase size: 128 KiB, page size: 2048, OOB size: 64
[    1.457525] Bad block table found at page 262080, version 0x01
[    1.463909] Bad block table found at page 262016, version 0x01
[    1.470090] 3 ofpart partitions found on MTD device 30000000.nand
[    1.476211] Creating 3 MTD partitions on "30000000.nand":
[    1.481634] 0x000000000000-0x000000100000 : "u-boot"
[    1.487319] 0x000000100000-0x000000180000 : "params"
[    1.492969] 0x000000180000-0x000020000000 : "ubifs"
[    1.498734] davinci_nand 30000000.nand: controller rev. 2.5
[    1.505571] NET: Registered protocol family 10
[    1.510496] sit: IPv6 over IPv4 tunneling driver
[    1.515554] NET: Registered protocol family 17
[    1.520037] can: controller area network core (rev 20120528 abi 9)
[    1.526288] NET: Registered protocol family 29
[    1.530762] can: raw protocol (rev 20120528)
[    1.535063] can: broadcast manager protocol (rev 20120528 t)
[    1.540759] can: netlink gateway (rev 20130117) max_hops=1
[    1.546497] Key type dns_resolver registered
[    1.550910] ThumbEE CPU extension supported.
[    1.555210] Registering SWP/SWPB emulation handler
[    1.561123] hctosys: unable to open rtc device (rtc0)
- 13:49:55 [INFO] Boot attempt 1/1 failed
- 13:49:55 [INFO] Collecting kernel traces via sysrq...
- 13:50:05 [INFO] [  209.187079] sysrq: SysRq : Show State
[  209.190756]   task                PC stack   pid father
[  209.195996] swapper/0       D c0a29370     0     1      0 0x00000000
[  209.202392] [<c0a29370>] (__schedule) from [<c0a2975c>] (schedule+0x44/0x9c)
[  209.209470] [<c0a2975c>] (schedule) from [<c0a2bfc8>] (schedule_timeout+0x11c/0x1a8)
[  209.217247] [<c0a2bfc8>] (schedule_timeout) from [<c029b358>] (msleep+0x2c/0x38)
[  209.224673] [<c029b358>] (msleep) from [<c0e7742c>] (mount_root+0x88/0x124)
[  209.231660] [<c0e7742c>] (mount_root) from [<c0e77658>] (prepare_namespace+0x190/0x1d4)
[  209.239697] [<c0e77658>] (prepare_namespace) from [<c0e76eb4>] (kernel_init_freeable+0x1ec/0x1fc)
[  209.248607] [<c0e76eb4>] (kernel_init_freeable) from [<c0a27d84>] (kernel_init+0xc/0xec)
[  209.256730] [<c0a27d84>] (kernel_init) from [<c0210be8>] (ret_from_fork+0x14/0x2c)
[  209.264324] kthreadd        S c0a29370     0     2      0 0x00000000
[  209.270710] [<c0a29370>] (__schedule) from [<c0a2975c>] (schedule+0x44/0x9c)
[  209.277786] [<c0a2975c>] (schedule) from [<c0264a18>] (kthreadd+0x180/0x184)
[  209.284863] [<c0264a18>] (kthreadd) from [<c0210be8>] (ret_from_fork+0x14/0x2c)
[  209.292194] ksoftirqd/0     S c0a29370     0     3      2 0x00000000
[  209.298579] [<c0a29370>] (__schedule) from [<c0a2975c>] (schedule+0x44/0x9c)
[  209.305655] [<c0a2975c>] (schedule) from [<c0267174>] (smpboot_thread_fn+0xc8/0x194)
[  209.313428] [<c0267174>] (smpboot_thread_fn) from [<c0264234>] (kthread+0xdc/0xf4)
[  209.321026] [<c0264234>] (kthread) from [<c0210be8>] (ret_from_fork+0x14/0x2c)
[  209.328271] kworker/0:0     S c0a29370     0     4      2 0x00000000
[  209.334661] [<c0a29370>] (__schedule) from [<c0a2975c>] (schedule+0x44/0x9c)
[  209.341735] [<c0a2975c>] (schedule) from [<c025f028>] (worker_thread+0xd8/0x518)
[  209.349159] [<c025f028>] (worker_thread) from [<c0264234>] (kthread+0xdc/0xf4)
[  209.356409] [<c0264234>] (kthread) from [<c0210be8>] (ret_from_fork+0x14/0x2c)
[  209.363654] kworker/0:0H    S c0a29370     0     5      2 0x00000000
[  209.370041] [<c0a29370>] (__schedule) from [<c0a2975c>] (schedule+0x44/0x9c)
[  209.377114] [<c0a2975c>] (schedule) from [<c025f028>] (worker_thread+0xd8/0x518)
[  209.384536] [<c025f028>] (worker_thread) from [<c0264234>] (kthread+0xdc/0xf4)
[  209.391785] [<c0264234>] (kthread) from [<c0210be8>] (ret_from_fork+0x14/0x2c)
[  209.399029] kworker/u8:0    S c0a29370     0     6      2 0x00000000
[  209.405417] [<c0a29370>] (__schedule) from [<c0a2975c>] (schedule+0x44/0x9c)
[  209.412490] [<c0a2975c>] (schedule) from [<c025f028>] (worker_thread+0xd8/0x518)
[  209.419914] [<c025f028>] (worker_thread) from [<c0264234>] (kthread+0xdc/0xf4)
[  209.427163] [<c0264234>] (kthread) from [<c0210be8>] (ret_from_fork+0x14/0x2c)
[  209.434407] rcu_sched       S c0a29370     0     7      2 0x00000000
[  209.440792] [<c0a29370>] (__schedule) from [<c0a2975c>] (schedule+0x44/0x9c)
[  209.447866] [<c0a2975c>] (schedule) from [<c0297ef8>] (rcu_gp_kthread+0x98/0x960)
[  209.455378] [<c0297ef8>] (rcu_gp_kthread) from [<c0264234>] (kthread+0xdc/0xf4)
[  209.462714] [<c0264234>] (kthread) from [<c0210be8>] (ret_from_fork+0x14/0x2c)
[  209.469958] rcu_bh          S c0a29370     0     8      2 0x00000000
[  209.476344] [<c0a29370>] (__schedule) from [<c0a2975c>] (schedule+0x44/0x9c)
[  209.483417] [<c0a2975c>] (schedule) from [<c0297ef8>] (rcu_gp_kthread+0x98/0x960)
[  209.490928] [<c0297ef8>] (rcu_gp_kthread) from [<c0264234>] (kthread+0xdc/0xf4)
[  209.498264] [<c0264234>] (kthread) from [<c0210be8>] (ret_from_fork+0x14/0x2c)
[  209.505509] migration/0     S c0a29370     0     9      2 0x00000000
[  209.511895] [<c0a29370>] (__schedule) from [<c0a2975c>] (schedule+0x44/0x9c)
[  209.518969] [<c0a2975c>] (schedule) from [<c0267174>] (smpboot_thread_fn+0xc8/0x194)
[  209.526742] [<c0267174>] (smpboot_thread_fn) from [<c0264234>] (kthread+0xdc/0xf4)
[  209.534340] [<c0264234>] (kthread) from [<c0210be8>] (ret_from_fork+0x14/0x2c)
[  209.541585] watchdog/0      S c0a29370     0    10      2 0x00000000
[  209.547970] [<c0a29370>] (__schedule) from [<c0a2975c>] (schedule+0x44/0x9c)
[  209.555044] [<c0a2975c>] (schedule) from [<c0267174>] (smpboot_thread_fn+0xc8/0x194)
[  209.562816] [<c0267174>] (smpboot_thread_fn) from [<c0264234>] (kthread+0xdc/0xf4)
[  209.570415] [<c0264234>] (kthread) from [<c0210be8>] (ret_from_fork+0x14/0x2c)
[  209.577659] watchdog/1      S c0a29370     0    11      2 0x00000000
[  209.584044] [<c0a29370>] (__schedule) from [<c0a2975c>] (schedule+0x44/0x9c)
[  209.591118] [<c0a2975c>] (schedule) from [<c0267174>] (smpboot_thread_fn+0xc8/0x194)
[  209.598890] [<c0267174>] (smpboot_thread_fn) from [<c0264234>] (kthread+0xdc/0xf4)
[  209.606489] [<c0264234>] (kthread) from [<c0210be8>] (ret_from_fork+0x14/0x2c)
[  209.613733] migration/1     S c0a29370     0    12      2 0x00000000
[  209.620118] [<c0a29370>] (__schedule) from [<c0a2975c>] (schedule+0x44/0x9c)
[  209.627192] [<c0a2975c>] (schedule) from [<c0267174>] (smpboot_thread_fn+0xc8/0x194)
[  209.634964] [<c0267174>] (smpboot_thread_fn) from [<c0264234>] (kthread+0xdc/0xf4)
[  209.642562] [<c0264234>] (kthread) from [<c0210be8>] (ret_from_fork+0x14/0x2c)
[  209.649807] ksoftirqd/1     S c0a29370     0    13      2 0x00000000
[  209.656192] [<c0a29370>] (__schedule) from [<c0a2975c>] (schedule+0x44/0x9c)
[  209.663267] [<c0a2975c>] (schedule) from [<c0267174>] (smpboot_thread_fn+0xc8/0x194)
[  209.671038] [<c0267174>] (smpboot_thread_fn) from [<c0264234>] (kthread+0xdc/0xf4)
[  209.678636] [<c0264234>] (kthread) from [<c0210be8>] (ret_from_fork+0x14/0x2c)
[  209.685881] kworker/1:0     S c0a29370     0    14      2 0x00000000
[  209.692268] [<c0a29370>] (__schedule) from [<c0a2975c>] (schedule+0x44/0x9c)
[  209.699340] [<c0a2975c>] (schedule) from [<c025f028>] (worker_thread+0xd8/0x518)
[  209.706764] [<c025f028>] (worker_thread) from [<c0264234>] (kthread+0xdc/0xf4)
[  209.714014] [<c0264234>] (kthread) from [<c0210be8>] (ret_from_fork+0x14/0x2c)
[  209.721258] kworker/1:0H    S c0a29370     0    15      2 0x00000000
[  209.727645] [<c0a29370>] (__schedule) from [<c0a2975c>] (schedule+0x44/0x9c)
[  209.734718] [<c0a2975c>] (schedule) from [<c025f028>] (worker_thread+0xd8/0x518)
[  209.742141] [<c025f028>] (worker_thread) from [<c0264234>] (kthread+0xdc/0xf4)
[  209.749390] [<c0264234>] (kthread) from [<c0210be8>] (ret_from_fork+0x14/0x2c)
[  209.756635] watchdog/2      S c0a29370     0    16      2 0x00000000
[  209.763020] [<c0a29370>] (__schedule) from [<c0a2975c>] (schedule+0x44/0x9c)
[  209.770094] [<c0a2975c>] (schedule) from [<c0267174>] (smpboot_thread_fn+0xc8/0x194)
[  209.777866] [<c0267174>] (smpboot_thread_fn) from [<c0264234>] (kthread+0xdc/0xf4)
[  209.785464] [<c0264234>] (kthread) from [<c0210be8>] (ret_from_fork+0x14/0x2c)
[  209.792708] migration/2     S c0a29370     0    17      2 0x00000000
[  209.799093] [<c0a29370>] (__schedule) from [<c0a2975c>] (schedule+0x44/0x9c)
[  209.806167] [<c0a2975c>] (schedule) from [<c0267174>] (smpboot_thread_fn+0xc8/0x194)
[  209.813939] [<c0267174>] (smpboot_thread_fn) from [<c0264234>] (kthread+0xdc/0xf4)
[  209.821537] [<c0264234>] (kthread) from [<c0210be8>] (ret_from_fork+0x14/0x2c)
[  209.828782] ksoftirqd/2     S c0a29370     0    18      2 0x00000000
[  209.835167] [<c0a29370>] (__schedule) from [<c0a2975c>] (schedule+0x44/0x9c)
[  209.842241] [<c0a2975c>] (schedule) from [<c0267174>] (smpboot_thread_fn+0xc8/0x194)
[  209.850013] [<c0267174>] (smpboot_thread_fn) from [<c0264234>] (kthread+0xdc/0xf4)
[  209.857612] [<c0264234>] (kthread) from [<c0210be8>] (ret_from_fork+0x14/0x2c)
[  209.864857] kworker/2:0     S c0a29370     0    19      2 0x00000000
[  209.871244] [<c0a29370>] (__schedule) from [<c0a2975c>] (schedule+0x44/0x9c)
[  209.878318] [<c0a2975c>] (schedule) from [<c025f028>] (worker_thread+0xd8/0x518)
[  209.885741] [<c025f028>] (worker_thread) from [<c0264234>] (kthread+0xdc/0xf4)
[  209.892990] [<c0264234>] (kthread) from [<c0210be8>] (ret_from_fork+0x14/0x2c)
[  209.900235] kworker/2:0H    S c0a29370     0    20      2 0x00000000
[  209.906622] [<c0a29370>] (__schedule) from [<c0a2975c>] (schedule+0x44/0x9c)
[  209.913695] [<c0a2975c>] (schedule) from [<c025f028>] (worker_thread+0xd8/0x518)
[  209.921118] [<c025f028>] (worker_thread) from [<c0264234>] (kthread+0xdc/0xf4)
[  209.928367] [<c0264234>] (kthread) from [<c0210be8>] (ret_from_fork+0x14/0x2c)
[  209.935610] watchdog/3      S c0a29370     0    21      2 0x00000000
[  209.941995] [<c0a29370>] (__schedule) from [<c0a2975c>] (schedule+0x44/0x9c)
[  209.949069] [<c0a2975c>] (schedule) from [<c0267174>] (smpboot_thread_fn+0xc8/0x194)
[  209.956842] [<c0267174>] (smpboot_thread_fn) from [<c0264234>] (kthread+0xdc/0xf4)
[  209.964440] [<c0264234>] (kthread) from [<c0210be8>] (ret_from_fork+0x14/0x2c)
[  209.971684] migration/3     S c0a29370     0    22      2 0x00000000
[  209.978069] [<c0a29370>] (__schedule) from [<c0a2975c>] (schedule+0x44/0x9c)
[  209.985143] [<c0a2975c>] (schedule) from [<c0267174>] (smpboot_thread_fn+0xc8/0x194)
[  209.992915] [<c0267174>] (smpboot_thread_fn) from [<c0264234>] (kthread+0xdc/0xf4)
[  210.000513] [<c0264234>] (kthread) from [<c0210be8>] (ret_from_fork+0x14/0x2c)
[  210.007757] ksoftirqd/3     S c0a29370     0    23      2 0x00000000
[  210.014141] [<c0a29370>] (__schedule) from [<c0a2975c>] (schedule+0x44/0x9c)
[  210.021215] [<c0a2975c>] (schedule) from [<c0267174>] (smpboot_thread_fn+0xc8/0x194)
[  210.028988] [<c0267174>] (smpboot_thread_fn) from [<c0264234>] (kthread+0xdc/0xf4)
[  210.036586] [<c0264234>] (kthread) from [<c0210be8>] (ret_from_fork+0x14/0x2c)
[  210.043830] kworker/3:0     S c0a29370     0    24      2 0x00000000
[  210.050217] [<c0a29370>] (__schedule) from [<c0a2975c>] (schedule+0x44/0x9c)
[  210.057291] [<c0a2975c>] (schedule) from [<c025f028>] (worker_thread+0xd8/0x518)
[  210.064714] [<c025f028>] (worker_thread) from [<c0264234>] (kthread+0xdc/0xf4)
[  210.071964] [<c0264234>] (kthread) from [<c0210be8>] (ret_from_fork+0x14/0x2c)
[  210.079208] kworker/3:0H    S c0a29370     0    25      2 0x00000000
[  210.085595] [<c0a29370>] (__schedule) from [<c0a2975c>] (schedule+0x44/0x9c)
[  210.092669] [<c0a2975c>] (schedule) from [<c025f028>] (worker_thread+0xd8/0x518)
[  210.100092] [<c025f028>] (worker_thread) from [<c0264234>] (kthread+0xdc/0xf4)
[  210.107341] [<c0264234>] (kthread) from [<c0210be8>] (ret_from_fork+0x14/0x2c)
[  210.114586] kdevtmpfs       S c0a29370     0    26      2 0x00000000
[  210.120970] [<c0a29370>] (__schedule) from [<c0a2975c>] (schedule+0x44/0x9c)
[  210.128047] [<c0a2975c>] (schedule) from [<c0671d54>] (devtmpfsd+0x314/0x320)
[  210.135210] [<c0671d54>] (devtmpfsd) from [<c0264234>] (kthread+0xdc/0xf4)
[  210.142111] [<c0264234>] (kthread) from [<c0210be8>] (ret_from_fork+0x14/0x2c)
[  210.149355] khungtaskd      S c0a29370     0    27      2 0x00000000
[  210.155740] [<c0a29370>] (__schedule) from [<c0a2975c>] (schedule+0x44/0x9c)
[  210.162813] [<c0a2975c>] (schedule) from [<c0a2bfc8>] (schedule_timeout+0x11c/0x1a8)
[  210.170587] [<c0a2bfc8>] (schedule_timeout) from [<c02bc858>] (watchdog+0xb4/0x33c)
[  210.178273] [<c02bc858>] (watchdog) from [<c0264234>] (kthread+0xdc/0xf4)
[  210.185087] [<c0264234>] (kthread) from [<c0210be8>] (ret_from_fork+0x14/0x2c)
[  210.192332] oom_reaper      S c0a29370     0    28      2 0x00000000
[  210.198716] [<c0a29370>] (__schedule) from [<c0a2975c>] (schedule+0x44/0x9c)
[  210.205791] [<c0a2975c>] (schedule) from [<c02d2298>] (oom_reaper+0xf0/0x1a0)
[  210.212953] [<c02d2298>] (oom_reaper) from [<c0264234>] (kthread+0xdc/0xf4)
[  210.219940] [<c0264234>] (kthread) from [<c0210be8>] (ret_from_fork+0x14/0x2c)
[  210.227185] writeback       S c0a29370     0    29      2 0x00000000
[  210.233572] [<c0a29370>] (__schedule) from [<c0a2975c>] (schedule+0x44/0x9c)
[  210.240645] [<c0a2975c>] (schedule) from [<c025f764>] (rescuer_thread+0x2fc/0x364)
[  210.248242] [<c025f764>] (rescuer_thread) from [<c0264234>] (kthread+0xdc/0xf4)
[  210.255578] [<c0264234>] (kthread) from [<c0210be8>] (ret_from_fork+0x14/0x2c)
[  210.262823] crypto          S c0a29370     0    30      2 0x00000000
[  210.269210] [<c0a29370>] (__schedule) from [<c0a2975c>] (schedule+0x44/0x9c)
[  210.276282] [<c0a2975c>] (schedule) from [<c025f764>] (rescuer_thread+0x2fc/0x364)
[  210.283880] [<c025f764>] (rescuer_thread) from [<c0264234>] (kthread+0xdc/0xf4)
[  210.291215] [<c0264234>] (kthread) from [<c0210be8>] (ret_from_fork+0x14/0x2c)
[  210.298460] bioset          S c0a29370     0    31      2 0x00000000
[  210.304847] [<c0a29370>] (__schedule) from [<c0a2975c>] (schedule+0x44/0x9c)
[  210.311920] [<c0a2975c>] (schedule) from [<c025f764>] (rescuer_thread+0x2fc/0x364)
[  210.319518] [<c025f764>] (rescuer_thread) from [<c0264234>] (kthread+0xdc/0xf4)
[  210.326853] [<c0264234>] (kthread) from [<c0210be8>] (ret_from_fork+0x14/0x2c)
[  210.334098] kblockd         S c0a29370     0    32      2 0x00000000
[  210.340484] [<c0a29370>] (__schedule) from [<c0a2975c>] (schedule+0x44/0x9c)
[  210.347558] [<c0a2975c>] (schedule) from [<c025f764>] (rescuer_thread+0x2fc/0x364)
[  210.355155] [<c025f764>] (rescuer_thread) from [<c0264234>] (kthread+0xdc/0xf4)
[  210.362491] [<c0264234>] (kthread) from [<c0210be8>] (ret_from_fork+0x14/0x2c)
[  210.369735] ata_sff         S c0a29370     0    33      2 0x00000000
[  210.376122] [<c0a29370>] (__schedule) from [<c0a2975c>] (schedule+0x44/0x9c)
[  210.383196] [<c0a2975c>] (schedule) from [<c025f764>] (rescuer_thread+0x2fc/0x364)
[  210.390794] [<c025f764>] (rescuer_thread) from [<c0264234>] (kthread+0xdc/0xf4)
[  210.398131] [<c0264234>] (kthread) from [<c0210be8>] (ret_from_fork+0x14/0x2c)
[  210.405375] edac-poller     S c0a29370     0    34      2 0x00000000
[  210.411762] [<c0a29370>] (__schedule) from [<c0a2975c>] (schedule+0x44/0x9c)
[  210.418836] [<c0a2975c>] (schedule) from [<c025f764>] (rescuer_thread+0x2fc/0x364)
[  210.426433] [<c025f764>] (rescuer_thread) from [<c0264234>] (kthread+0xdc/0xf4)
[  210.433769] [<c0264234>] (kthread) from [<c0210be8>] (ret_from_fork+0x14/0x2c)
[  210.441013] devfreq_wq      S c0a29370     0    35      2 0x00000000
[  210.447399] [<c0a29370>] (__schedule) from [<c0a2975c>] (schedule+0x44/0x9c)
[  210.454473] [<c0a2975c>] (schedule) from [<c025f764>] (rescuer_thread+0x2fc/0x364)
[  210.462071] [<c025f764>] (rescuer_thread) from [<c0264234>] (kthread+0xdc/0xf4)
[  210.469406] [<c0264234>] (kthread) from [<c0210be8>] (ret_from_fork+0x14/0x2c)
[  210.476651] rpciod          S c0a29370     0    36      2 0x00000000
[  210.483038] [<c0a29370>] (__schedule) from [<c0a2975c>] (schedule+0x44/0x9c)
[  210.490110] [<c0a2975c>] (schedule) from [<c025f764>] (rescuer_thread+0x2fc/0x364)
[  210.497708] [<c025f764>] (rescuer_thread) from [<c0264234>] (kthread+0xdc/0xf4)
[  210.505044] [<c0264234>] (kthread) from [<c0210be8>] (ret_from_fork+0x14/0x2c)
[  210.512289] kworker/0:1     S c0a29370     0    37      2 0x00000000
[  210.518676] [<c0a29370>] (__schedule) from [<c0a2975c>] (schedule+0x44/0x9c)
[  210.525748] [<c0a2975c>] (schedule) from [<c025f028>] (worker_thread+0xd8/0x518)
[  210.533171] [<c025f028>] (worker_thread) from [<c0264234>] (kthread+0xdc/0xf4)
[  210.540420] [<c0264234>] (kthread) from [<c0210be8>] (ret_from_fork+0x14/0x2c)
[  210.547663] kswapd0         S c0a29370     0    38      2 0x00000000
[  210.554049] [<c0a29370>] (__schedule) from [<c0a2975c>] (schedule+0x44/0x9c)
[  210.561123] [<c0a2975c>] (schedule) from [<c02e2470>] (kswapd+0x884/0x8b8)
[  210.568023] [<c02e2470>] (kswapd) from [<c0264234>] (kthread+0xdc/0xf4)
[  210.574662] [<c0264234>] (kthread) from [<c0210be8>] (ret_from_fork+0x14/0x2c)
[  210.581906] vmstat          S c0a29370     0    39      2 0x00000000
[  210.588293] [<c0a29370>] (__schedule) from [<c0a2975c>] (schedule+0x44/0x9c)
[  210.595367] [<c0a2975c>] (schedule) from [<c025f764>] (rescuer_thread+0x2fc/0x364)
[  210.602964] [<c025f764>] (rescuer_thread) from [<c0264234>] (kthread+0xdc/0xf4)
[  210.610301] [<c0264234>] (kthread) from [<c0210be8>] (ret_from_fork+0x14/0x2c)
[  210.617544] nfsiod          S c0a29370     0    40      2 0x00000000
[  210.623931] [<c0a29370>] (__schedule) from [<c0a2975c>] (schedule+0x44/0x9c)
[  210.631004] [<c0a2975c>] (schedule) from [<c025f764>] (rescuer_thread+0x2fc/0x364)
[  210.638601] [<c025f764>] (rescuer_thread) from [<c0264234>] (kthread+0xdc/0xf4)
[  210.645938] [<c0264234>] (kthread) from [<c0210be8>] (ret_from_fork+0x14/0x2c)
[  210.653183] bioset          S c0a29370     0    49      2 0x00000000
[  210.659570] [<c0a29370>] (__schedule) from [<c0a2975c>] (schedule+0x44/0x9c)
[  210.666643] [<c0a2975c>] (schedule) from [<c025f764>] (rescuer_thread+0x2fc/0x364)
[  210.674241] [<c025f764>] (rescuer_thread) from [<c0264234>] (kthread+0xdc/0xf4)
[  210.681577] [<c0264234>] (kthread) from [<c0210be8>] (ret_from_fork+0x14/0x2c)
[  210.688821] bioset          S c0a29370     0    50      2 0x00000000
[  210.695210] [<c0a29370>] (__schedule) from [<c0a2975c>] (schedule+0x44/0x9c)
[  210.702282] [<c0a2975c>] (schedule) from [<c025f764>] (rescuer_thread+0x2fc/0x364)
[  210.709880] [<c025f764>] (rescuer_thread) from [<c0264234>] (kthread+0xdc/0xf4)
[  210.717217] [<c0264234>] (kthread) from [<c0210be8>] (ret_from_fork+0x14/0x2c)
[  210.724461] bioset          S c0a29370     0    51      2 0x00000000
[  210.730848] [<c0a29370>] (__schedule) from [<c0a2975c>] (schedule+0x44/0x9c)
[  210.737921] [<c0a2975c>] (schedule) from [<c025f764>] (rescuer_thread+0x2fc/0x364)
[  210.745518] [<c025f764>] (rescuer_thread) from [<c0264234>] (kthread+0xdc/0xf4)
[  210.752854] [<c0264234>] (kthread) from [<c0210be8>] (ret_from_fork+0x14/0x2c)
[  210.760098] bioset          S c0a29370     0    52      2 0x00000000
[  210.766485] [<c0a29370>] (__schedule) from [<c0a2975c>] (schedule+0x44/0x9c)
[  210.773557] [<c0a2975c>] (schedule) from [<c025f764>] (rescuer_thread+0x2fc/0x364)
[  210.781154] [<c025f764>] (rescuer_thread) from [<c0264234>] (kthread+0xdc/0xf4)
[  210.788490] [<c0264234>] (kthread) from [<c0210be8>] (ret_from_fork+0x14/0x2c)
[  210.795735] bioset          S c0a29370     0    53      2 0x00000000
[  210.802122] [<c0a29370>] (__schedule) from [<c0a2975c>] (schedule+0x44/0x9c)
[  210.809196] [<c0a2975c>] (schedule) from [<c025f764>] (rescuer_thread+0x2fc/0x364)
[  210.816793] [<c025f764>] (rescuer_thread) from [<c0264234>] (kthread+0xdc/0xf4)
[  210.824129] [<c0264234>] (kthread) from [<c0210be8>] (ret_from_fork+0x14/0x2c)
[  210.831374] bioset          S c0a29370     0    54      2 0x00000000
[  210.837760] [<c0a29370>] (__schedule) from [<c0a2975c>] (schedule+0x44/0x9c)
[  210.844833] [<c0a2975c>] (schedule) from [<c025f764>] (rescuer_thread+0x2fc/0x364)
[  210.852430] [<c025f764>] (rescuer_thread) from [<c0264234>] (kthread+0xdc/0xf4)
[  210.859766] [<c0264234>] (kthread) from [<c0210be8>] (ret_from_fork+0x14/0x2c)
[  210.867011] bioset          S c0a29370     0    55      2 0x00000000
[  210.873398] [<c0a29370>] (__schedule) from [<c0a2975c>] (schedule+0x44/0x9c)
[  210.880472] [<c0a2975c>] (schedule) from [<c025f764>] (rescuer_thread+0x2fc/0x364)
[  210.888069] [<c025f764>] (rescuer_thread) from [<c0264234>] (kthread+0xdc/0xf4)
[  210.895406] [<c0264234>] (kthread) from [<c0210be8>] (ret_from_fork+0x14/0x2c)
[  210.902650] bioset          S c0a29370     0    56      2 0x00000000
[  210.909037] [<c0a29370>] (__schedule) from [<c0a2975c>] (schedule+0x44/0x9c)
[  210.916111] [<c0a2975c>] (schedule) from [<c025f764>] (rescuer_thread+0x2fc/0x364)
[  210.923708] [<c025f764>] (rescuer_thread) from [<c0264234>] (kthread+0xdc/0xf4)
[  210.931044] [<c0264234>] (kthread) from [<c0210be8>] (ret_from_fork+0x14/0x2c)
[  210.938288] bioset          S c0a29370     0    57      2 0x00000000
[  210.944676] [<c0a29370>] (__schedule) from [<c0a2975c>] (schedule+0x44/0x9c)
[  210.951748] [<c0a2975c>] (schedule) from [<c025f764>] (rescuer_thread+0x2fc/0x364)
[  210.959345] [<c025f764>] (rescuer_thread) from [<c0264234>] (kthread+0xdc/0xf4)
[  210.966681] [<c0264234>] (kthread) from [<c0210be8>] (ret_from_fork+0x14/0x2c)
[  210.973926] bioset          S c0a29370     0    58      2 0x00000000
[  210.980313] [<c0a29370>] (__schedule) from [<c0a2975c>] (schedule+0x44/0x9c)
[  210.987386] [<c0a2975c>] (schedule) from [<c025f764>] (rescuer_thread+0x2fc/0x364)
[  210.994984] [<c025f764>] (rescuer_thread) from [<c0264234>] (kthread+0xdc/0xf4)
[  211.002320] [<c0264234>] (kthread) from [<c0210be8>] (ret_from_fork+0x14/0x2c)
[  211.009565] bioset          S c0a29370     0    59      2 0x00000000
[  211.015952] [<c0a29370>] (__schedule) from [<c0a2975c>] (schedule+0x44/0x9c)
[  211.023025] [<c0a2975c>] (schedule) from [<c025f764>] (rescuer_thread+0x2fc/0x364)
[  211.030622] [<c025f764>] (rescuer_thread) from [<c0264234>] (kthread+0xdc/0xf4)
[  211.037959] [<c0264234>] (kthread) from [<c0210be8>] (ret_from_fork+0x14/0x2c)
[  211.045204] bioset          S c0a29370     0    60      2 0x00000000
[  211.051591] [<c0a29370>] (__schedule) from [<c0a2975c>] (schedule+0x44/0x9c)
[  211.058665] [<c0a2975c>] (schedule) from [<c025f764>] (rescuer_thread+0x2fc/0x364)
[  211.066263] [<c025f764>] (rescuer_thread) from [<c0264234>] (kthread+0xdc/0xf4)
[  211.073600] [<c0264234>] (kthread) from [<c0210be8>] (ret_from_fork+0x14/0x2c)
[  211.080843] bioset          S c0a29370     0    61      2 0x00000000
[  211.087230] [<c0a29370>] (__schedule) from [<c0a2975c>] (schedule+0x44/0x9c)
[  211.094304] [<c0a2975c>] (schedule) from [<c025f764>] (rescuer_thread+0x2fc/0x364)
[  211.101901] [<c025f764>] (rescuer_thread) from [<c0264234>] (kthread+0xdc/0xf4)
[  211.109237] [<c0264234>] (kthread) from [<c0210be8>] (ret_from_fork+0x14/0x2c)
[  211.116482] bioset          S c0a29370     0    62      2 0x00000000
[  211.122869] [<c0a29370>] (__schedule) from [<c0a2975c>] (schedule+0x44/0x9c)
[  211.129942] [<c0a2975c>] (schedule) from [<c025f764>] (rescuer_thread+0x2fc/0x364)
[  211.137539] [<c025f764>] (rescuer_thread) from [<c0264234>] (kthread+0xdc/0xf4)
[  211.144876] [<c0264234>] (kthread) from [<c0210be8>] (ret_from_fork+0x14/0x2c)
[  211.152120] bioset          S c0a29370     0    63      2 0x00000000
[  211.158507] [<c0a29370>] (__schedule) from [<c0a2975c>] (schedule+0x44/0x9c)
[  211.165580] [<c0a2975c>] (schedule) from [<c025f764>] (rescuer_thread+0x2fc/0x364)
[  211.173178] [<c025f764>] (rescuer_thread) from [<c0264234>] (kthread+0xdc/0xf4)
[  211.180514] [<c0264234>] (kthread) from [<c0210be8>] (ret_from_fork+0x14/0x2c)
[  211.187759] bioset          S c0a29370     0    64      2 0x00000000
[  211.194146] [<c0a29370>] (__schedule) from [<c0a2975c>] (schedule+0x44/0x9c)
[  211.201219] [<c0a2975c>] (schedule) from [<c025f764>] (rescuer_thread+0x2fc/0x364)
[  211.208816] [<c025f764>] (rescuer_thread) from [<c0264234>] (kthread+0xdc/0xf4)
[  211.216153] [<c0264234>] (kthread) from [<c0210be8>] (ret_from_fork+0x14/0x2c)
[  211.223398] bioset          S c0a29370     0    65      2 0x00000000
[  211.229784] [<c0a29370>] (__schedule) from [<c0a2975c>] (schedule+0x44/0x9c)
[  211.236857] [<c0a2975c>] (schedule) from [<c025f764>] (rescuer_thread+0x2fc/0x364)
[  211.244454] [<c025f764>] (rescuer_thread) from [<c0264234>] (kthread+0xdc/0xf4)
[  211.251790] [<c0264234>] (kthread) from [<c0210be8>] (ret_from_fork+0x14/0x2c)
[  211.259034] bioset          S c0a29370     0    66      2 0x00000000
[  211.265421] [<c0a29370>] (__schedule) from [<c0a2975c>] (schedule+0x44/0x9c)
[  211.272494] [<c0a2975c>] (schedule) from [<c025f764>] (rescuer_thread+0x2fc/0x364)
[  211.280091] [<c025f764>] (rescuer_thread) from [<c0264234>] (kthread+0xdc/0xf4)
[  211.287427] [<c0264234>] (kthread) from [<c0210be8>] (ret_from_fork+0x14/0x2c)
[  211.294670] bioset          S c0a29370     0    67      2 0x00000000
[  211.301057] [<c0a29370>] (__schedule) from [<c0a2975c>] (schedule+0x44/0x9c)
[  211.308130] [<c0a2975c>] (schedule) from [<c025f764>] (rescuer_thread+0x2fc/0x364)
[  211.315727] [<c025f764>] (rescuer_thread) from [<c0264234>] (kthread+0xdc/0xf4)
[  211.323063] [<c0264234>] (kthread) from [<c0210be8>] (ret_from_fork+0x14/0x2c)
[  211.330307] bioset          S c0a29370     0    68      2 0x00000000
[  211.336694] [<c0a29370>] (__schedule) from [<c0a2975c>] (schedule+0x44/0x9c)
[  211.343767] [<c0a2975c>] (schedule) from [<c025f764>] (rescuer_thread+0x2fc/0x364)
[  211.351364] [<c025f764>] (rescuer_thread) from [<c0264234>] (kthread+0xdc/0xf4)
[  211.358700] [<c0264234>] (kthread) from [<c0210be8>] (ret_from_fork+0x14/0x2c)
[  211.365945] bioset          S c0a29370     0    69      2 0x00000000
[  211.372331] [<c0a29370>] (__schedule) from [<c0a2975c>] (schedule+0x44/0x9c)
[  211.379404] [<c0a2975c>] (schedule) from [<c025f764>] (rescuer_thread+0x2fc/0x364)
[  211.387001] [<c025f764>] (rescuer_thread) from [<c0264234>] (kthread+0xdc/0xf4)
[  211.394338] [<c0264234>] (kthread) from [<c0210be8>] (ret_from_fork+0x14/0x2c)
[  211.401582] bioset          S c0a29370     0    70      2 0x00000000
[  211.407969] [<c0a29370>] (__schedule) from [<c0a2975c>] (schedule+0x44/0x9c)
[  211.415043] [<c0a2975c>] (schedule) from [<c025f764>] (rescuer_thread+0x2fc/0x364)
[  211.422640] [<c025f764>] (rescuer_thread) from [<c0264234>] (kthread+0xdc/0xf4)
[  211.429976] [<c0264234>] (kthread) from [<c0210be8>] (ret_from_fork+0x14/0x2c)
[  211.437220] bioset          S c0a29370     0    71      2 0x00000000
[  211.443608] [<c0a29370>] (__schedule) from [<c0a2975c>] (schedule+0x44/0x9c)
[  211.450681] [<c0a2975c>] (schedule) from [<c025f764>] (rescuer_thread+0x2fc/0x364)
[  211.458278] [<c025f764>] (rescuer_thread) from [<c0264234>] (kthread+0xdc/0xf4)
[  211.465614] [<c0264234>] (kthread) from [<c0210be8>] (ret_from_fork+0x14/0x2c)
[  211.472859] bioset          S c0a29370     0    72      2 0x00000000
[  211.479246] [<c0a29370>] (__schedule) from [<c0a2975c>] (schedule+0x44/0x9c)
[  211.486320] [<c0a2975c>] (schedule) from [<c025f764>] (rescuer_thread+0x2fc/0x364)
[  211.493917] [<c025f764>] (rescuer_thread) from [<c0264234>] (kthread+0xdc/0xf4)
[  211.501252] [<c0264234>] (kthread) from [<c0210be8>] (ret_from_fork+0x14/0x2c)
[  211.508497] irq/31-21000400 S c0a29370     0    73      2 0x00000000
[  211.514881] [<c0a29370>] (__schedule) from [<c0a2975c>] (schedule+0x44/0x9c)
[  211.521955] [<c0a2975c>] (schedule) from [<c028cf4c>] (irq_thread+0xb8/0x1ec)
[  211.529117] [<c028cf4c>] (irq_thread) from [<c0264234>] (kthread+0xdc/0xf4)
[  211.536104] [<c0264234>] (kthread) from [<c0210be8>] (ret_from_fork+0x14/0x2c)
[  211.543349] spi32766        S c0a29370     0    74      2 0x00000000
[  211.549733] [<c0a29370>] (__schedule) from [<c0a2975c>] (schedule+0x44/0x9c)
[  211.556807] [<c0a2975c>] (schedule) from [<c0264358>] (kthread_worker_fn+0x10c/0x19c)
[  211.564667] [<c0264358>] (kthread_worker_fn) from [<c0264234>] (kthread+0xdc/0xf4)
[  211.572265] [<c0264234>] (kthread) from [<c0210be8>] (ret_from_fork+0x14/0x2c)
[  211.579510] bioset          S c0a29370     0    75      2 0x00000000
[  211.585897] [<c0a29370>] (__schedule) from [<c0a2975c>] (schedule+0x44/0x9c)
[  211.592969] [<c0a2975c>] (schedule) from [<c025f764>] (rescuer_thread+0x2fc/0x364)
[  211.600566] [<c025f764>] (rescuer_thread) from [<c0264234>] (kthread+0xdc/0xf4)
[  211.607902] [<c0264234>] (kthread) from [<c0210be8>] (ret_from_fork+0x14/0x2c)
[  211.615146] bioset          S c0a29370     0    76      2 0x00000000
[  211.621533] [<c0a29370>] (__schedule) from [<c0a2975c>] (schedule+0x44/0x9c)
[  211.628605] [<c0a2975c>] (schedule) from [<c025f764>] (rescuer_thread+0x2fc/0x364)
[  211.636202] [<c025f764>] (rescuer_thread) from [<c0264234>] (kthread+0xdc/0xf4)
[  211.643538] [<c0264234>] (kthread) from [<c0210be8>] (ret_from_fork+0x14/0x2c)
[  211.650782] irq/32-21000600 S c0a29370     0    77      2 0x00000000
[  211.657166] [<c0a29370>] (__schedule) from [<c0a2975c>] (schedule+0x44/0x9c)
[  211.664239] [<c0a2975c>] (schedule) from [<c028cf4c>] (irq_thread+0xb8/0x1ec)
[  211.671400] [<c028cf4c>] (irq_thread) from [<c0264234>] (kthread+0xdc/0xf4)
[  211.678388] [<c0264234>] (kthread) from [<c0210be8>] (ret_from_fork+0x14/0x2c)
[  211.685632] spi32765        S c0a29370     0    78      2 0x00000000
[  211.692017] [<c0a29370>] (__schedule) from [<c0a2975c>] (schedule+0x44/0x9c)
[  211.699091] [<c0a2975c>] (schedule) from [<c0264358>] (kthread_worker_fn+0x10c/0x19c)
[  211.706951] [<c0264358>] (kthread_worker_fn) from [<c0264234>] (kthread+0xdc/0xf4)
[  211.714549] [<c0264234>] (kthread) from [<c0210be8>] (ret_from_fork+0x14/0x2c)
[  211.721793] irq/33-21000800 S c0a29370     0    79      2 0x00000000
[  211.728178] [<c0a29370>] (__schedule) from [<c0a2975c>] (schedule+0x44/0x9c)
[  211.735251] [<c0a2975c>] (schedule) from [<c028cf4c>] (irq_thread+0xb8/0x1ec)
[  211.742412] [<c028cf4c>] (irq_thread) from [<c0264234>] (kthread+0xdc/0xf4)
[  211.749400] [<c0264234>] (kthread) from [<c0210be8>] (ret_from_fork+0x14/0x2c)
[  211.756644] spi32764        S c0a29370     0    80      2 0x00000000
[  211.763028] [<c0a29370>] (__schedule) from [<c0a2975c>] (schedule+0x44/0x9c)
[  211.770103] [<c0a2975c>] (schedule) from [<c0264358>] (kthread_worker_fn+0x10c/0x19c)
[  211.777962] [<c0264358>] (kthread_worker_fn) from [<c0264234>] (kthread+0xdc/0xf4)
[  211.785560] [<c0264234>] (kthread) from [<c0210be8>] (ret_from_fork+0x14/0x2c)
[  211.792805] kworker/u8:1    S c0a29370     0    81      2 0x00000000
[  211.799192] [<c0a29370>] (__schedule) from [<c0a2975c>] (schedule+0x44/0x9c)
[  211.806264] [<c0a2975c>] (schedule) from [<c025f028>] (worker_thread+0xd8/0x518)
[  211.813688] [<c025f028>] (worker_thread) from [<c0264234>] (kthread+0xdc/0xf4)
[  211.820938] [<c0264234>] (kthread) from [<c0210be8>] (ret_from_fork+0x14/0x2c)
[  211.828182] kpsmoused       S c0a29370     0    84      2 0x00000000
[  211.834569] [<c0a29370>] (__schedule) from [<c0a2975c>] (schedule+0x44/0x9c)
[  211.841642] [<c0a2975c>] (schedule) from [<c025f764>] (rescuer_thread+0x2fc/0x364)
[  211.849240] [<c025f764>] (rescuer_thread) from [<c0264234>] (kthread+0xdc/0xf4)
[  211.856577] [<c0264234>] (kthread) from [<c0210be8>] (ret_from_fork+0x14/0x2c)
[  211.863821] bioset          S c0a29370     0    85      2 0x00000000
[  211.870208] [<c0a29370>] (__schedule) from [<c0a2975c>] (schedule+0x44/0x9c)
[  211.877281] [<c0a2975c>] (schedule) from [<c025f764>] (rescuer_thread+0x2fc/0x364)
[  211.884878] [<c025f764>] (rescuer_thread) from [<c0264234>] (kthread+0xdc/0xf4)
[  211.892214] [<c0264234>] (kthread) from [<c0210be8>] (ret_from_fork+0x14/0x2c)
[  211.899458] bioset          S c0a29370     0    86      2 0x00000000
[  211.905845] [<c0a29370>] (__schedule) from [<c0a2975c>] (schedule+0x44/0x9c)
[  211.912919] [<c0a2975c>] (schedule) from [<c025f764>] (rescuer_thread+0x2fc/0x364)
[  211.920516] [<c025f764>] (rescuer_thread) from [<c0264234>] (kthread+0xdc/0xf4)
[  211.927852] [<c0264234>] (kthread) from [<c0210be8>] (ret_from_fork+0x14/0x2c)
[  211.935097] bioset          S c0a29370     0    87      2 0x00000000
[  211.941483] [<c0a29370>] (__schedule) from [<c0a2975c>] (schedule+0x44/0x9c)
[  211.948557] [<c0a2975c>] (schedule) from [<c025f764>] (rescuer_thread+0x2fc/0x364)
[  211.956154] [<c025f764>] (rescuer_thread) from [<c0264234>] (kthread+0xdc/0xf4)
[  211.963491] [<c0264234>] (kthread) from [<c0210be8>] (ret_from_fork+0x14/0x2c)
[  211.970735] ipv6_addrconf   S c0a29370     0    88      2 0x00000000
[  211.977122] [<c0a29370>] (__schedule) from [<c0a2975c>] (schedule+0x44/0x9c)
[  211.984194] [<c0a2975c>] (schedule) from [<c025f764>] (rescuer_thread+0x2fc/0x364)
[  211.991792] [<c025f764>] (rescuer_thread) from [<c0264234>] (kthread+0xdc/0xf4)
[  211.999128] [<c0264234>] (kthread) from [<c0210be8>] (ret_from_fork+0x14/0x2c)
[  212.006373] kworker/1:1     S c0a29370     0    89      2 0x00000000
[  212.012759] [<c0a29370>] (__schedule) from [<c0a2975c>] (schedule+0x44/0x9c)
[  212.019832] [<c0a2975c>] (schedule) from [<c025f028>] (worker_thread+0xd8/0x518)
[  212.027254] [<c025f028>] (worker_thread) from [<c0264234>] (kthread+0xdc/0xf4)
[  212.034504] [<c0264234>] (kthread) from [<c0210be8>] (ret_from_fork+0x14/0x2c)
[  212.041747] kworker/2:1     S c0a29370     0    90      2 0x00000000
[  212.048134] [<c0a29370>] (__schedule) from [<c0a2975c>] (schedule+0x44/0x9c)
[  212.055207] [<c0a2975c>] (schedule) from [<c025f028>] (worker_thread+0xd8/0x518)
[  212.062630] [<c025f028>] (worker_thread) from [<c0264234>] (kthread+0xdc/0xf4)
[  212.069880] [<c0264234>] (kthread) from [<c0210be8>] (ret_from_fork+0x14/0x2c)
[  212.077124] kworker/3:1     S c0a29370     0    91      2 0x00000000
[  212.083511] [<c0a29370>] (__schedule) from [<c0a2975c>] (schedule+0x44/0x9c)
[  212.090583] [<c0a2975c>] (schedule) from [<c025f028>] (worker_thread+0xd8/0x518)
[  212.098007] [<c025f028>] (worker_thread) from [<c0264234>] (kthread+0xdc/0xf4)
[  212.105255] [<c0264234>] (kthread) from [<c0210be8>] (ret_from_fork+0x14/0x2c)
[  212.112499] deferwq         S c0a29370     0    92      2 0x00000000
[  212.118886] [<c0a29370>] (__schedule) from [<c0a2975c>] (schedule+0x44/0x9c)
[  212.125959] [<c0a2975c>] (schedule) from [<c025f764>] (rescuer_thread+0x2fc/0x364)
[  212.133556] [<c025f764>] (rescuer_thread) from [<c0264234>] (kthread+0xdc/0xf4)
[  212.140893] [<c0264234>] (kthread) from [<c0210be8>] (ret_from_fork+0x14/0x2c)
[  212.148136] kworker/0:1H    S c0a29370     0    93      2 0x00000000
[  212.154522] [<c0a29370>] (__schedule) from [<c0a2975c>] (schedule+0x44/0x9c)
[  212.161595] [<c0a2975c>] (schedule) from [<c025f028>] (worker_thread+0xd8/0x518)
[  212.169018] [<c025f028>] (worker_thread) from [<c0264234>] (kthread+0xdc/0xf4)
[  212.176268] [<c0264234>] (kthread) from [<c0210be8>] (ret_from_fork+0x14/0x2c)
[  212.183512] kworker/0:2H    S c0a29370     0    94      2 0x00000000
[  212.189898] [<c0a29370>] (__schedule) from [<c0a2975c>] (schedule+0x44/0x9c)
[  212.196972] [<c0a2975c>] (schedule) from [<c025f028>] (worker_thread+0xd8/0x518)
[  212.204395] [<c025f028>] (worker_thread) from [<c0264234>] (kthread+0xdc/0xf4)
[  212.211645] [<c0264234>] (kthread) from [<c0210be8>] (ret_from_fork+0x14/0x2c)
[  212.218891] Sched Debug Version: v0.11, 4.5.0-rc2-next-20160208-00002-g586a4d303d64 #1
[  212.226835] ktime                                   : 212216.477725
[  212.233120] sched_clk                               : 212218.889025
[  212.239405] cpu_clk                                 : 212218.889270
[  212.245690] jiffies                                 : 4294949701
[  212.251713] 
[  212.253201] sysctl_sched
[  212.255737]   .sysctl_sched_latency                    : 18.000000
[  212.261934]   .sysctl_sched_min_granularity            : 2.250000
[  212.268045]   .sysctl_sched_wakeup_granularity         : 3.000000
[  212.274155]   .sysctl_sched_child_runs_first           : 0
[  212.279655]   .sysctl_sched_features                   : 44859
[  212.285504]   .sysctl_sched_tunable_scaling            : 1 (logaritmic)
[  212.292138] 
[  212.293626] cpu#0
[  212.295551]   .nr_running                    : 0
[  212.300179]   .load                          : 0
[  212.304806]   .nr_switches                   : 26619
[  212.309783]   .nr_load_updates               : 36398
[  212.314761]   .nr_uninterruptible            : -2
[  212.319477]   .next_balance                  : 4294.949099
[  212.324977]   .curr->pid                     : 0
[  212.329605]   .clock                         : 209002.426765
[  212.335279]   .clock_task                    : 209002.426765
[  212.340953]   .cpu_load[0]                   : 0
[  212.345581]   .cpu_load[1]                   : 0
[  212.350208]   .cpu_load[2]                   : 3
[  212.354836]   .cpu_load[3]                   : 909
[  212.359639]   .cpu_load[4]                   : 9584
[  212.364530] 
[  212.364530] cfs_rq[0]:
[  212.368374]   .exec_clock                    : 0.000000
[  212.373614]   .MIN_vruntime                  : 0.000001
[  212.378852]   .min_vruntime                  : 3658.956146
[  212.384352]   .max_vruntime                  : 0.000001
[  212.389592]   .spread                        : 0.000000
[  212.394830]   .spread0                       : 0.000000
[  212.400069]   .nr_spread_over                : 0
[  212.404697]   .nr_running                    : 0
[  212.409324]   .load                          : 0
[  212.413952]   .load_avg                      : 58
[  212.418667]   .runnable_load_avg             : 0
[  212.423294]   .util_avg                      : 0
[  212.427921]   .removed_load_avg              : 0
[  212.432548]   .removed_util_avg              : 0
[  212.437176] 
[  212.437176] rt_rq[0]:
[  212.440933]   .rt_nr_running                 : 0
[  212.445560]   .rt_throttled                  : 0
[  212.450188]   .rt_time                       : 0.000000
[  212.455427]   .rt_runtime                    : 950.000000
[  212.460839] 
[  212.460839] dl_rq[0]:
[  212.464596]   .dl_nr_running                 : 0
[  212.469224] 
[  212.469224] runnable tasks:
[  212.469224]             task   PID         tree-key  switches  prio     wait-time             sum-exec        sum-sleep
[  212.469224] ----------------------------------------------------------------------------------------------------------
[  212.495045]        swapper/0     1      3649.981382       787   120         0.000000      1471.328055         0.000000
[  212.505792]      ksoftirqd/0     3      3656.025394     12240   120         0.000000      2049.925740         0.000000
[  212.516538]      kworker/0:0     4       113.285265        11   120         0.000000         3.629335         0.000000
[  212.527284]     kworker/0:0H     5      3658.956146     12333   100         0.000000    177942.839875         0.000000
[  212.538030]     kworker/u8:0     6      3649.969981        16   120         0.000000         0.731860         0.000000
[  212.548776]           rcu_bh     8        16.302003         2   120         0.000000         0.004920         0.000000
[  212.559520]      migration/0     9         0.000000         7     0         0.000000         0.954800         0.000000
[  212.570264]       watchdog/0    10         0.000000        55     0         0.000000         1.149960         0.000000
[  212.581011]      kworker/0:1    37      3648.525069       283   120         0.000000        11.456210         0.000000
[  212.591758]           bioset    52       885.105775         2   100         0.000000         0.014720         0.000000
[  212.602501]           bioset    56       894.115765         2   100         0.000000         0.012700         0.000000
[  212.613248]           bioset    63       903.125604         2   100         0.000000         0.012405         0.000000
[  212.623995]           bioset    70       913.546244         2   100         0.000000         0.012705         0.000000
[  212.634741]           bioset    71       922.556422         2   100         0.000000         0.012710         0.000000
[  212.645485]  irq/31-21000400    73         0.000000         2    49         0.000000         0.315845         0.000000
[  212.656230]  irq/32-21000600    77         0.000000         2    49         0.000000         0.303880         0.000000
[  212.666976]     kworker/u8:1    81      1029.906714         2   120         0.000000         0.008070         0.000000
[  212.677722]          deferwq    92      1604.584668         2   100         0.000000         0.013730         0.000000
[  212.688467]     kworker/0:1H    93      2281.417536         4   100         0.000000         0.048255         0.000000
[  212.699213]     kworker/0:2H    94      2290.417126         2   100         0.000000         0.013635         0.000000
[  212.709958] 
[  212.711446] cpu#1
[  212.713371]   .nr_running                    : 0
[  212.717999]   .load                          : 0
[  212.722626]   .nr_switches                   : 1655
[  212.727516]   .nr_load_updates               : 129
[  212.732317]   .nr_uninterruptible            : -1
[  212.737033]   .next_balance                  : 4294.949057
[  212.742533]   .curr->pid                     : 0
[  212.747161]   .clock                         : 212012.427435
[  212.752835]   .clock_task                    : 212012.427435
[  212.758509]   .cpu_load[0]                   : 0
[  212.763136]   .cpu_load[1]                   : 0
[  212.767764]   .cpu_load[2]                   : 0
[  212.772392]   .cpu_load[3]                   : 0
[  212.777019]   .cpu_load[4]                   : 0
[  212.781646] 
[  212.781646] cfs_rq[1]:
[  212.785490]   .exec_clock                    : 0.000000
[  212.790730]   .MIN_vruntime                  : 0.000001
[  212.795969]   .min_vruntime                  : 120.255791
[  212.801382]   .max_vruntime                  : 0.000001
[  212.806620]   .spread                        : 0.000000
[  212.811859]   .spread0                       : -3538.700355
[  212.817445]   .nr_spread_over                : 0
[  212.822072]   .nr_running                    : 0
[  212.826699]   .load                          : 0
[  212.831327]   .load_avg                      : 0
[  212.835954]   .runnable_load_avg             : 0
[  212.840582]   .util_avg                      : 0
[  212.845209]   .removed_load_avg              : 0
[  212.849837]   .removed_util_avg              : 0
[  212.854464] 
[  212.854464] rt_rq[1]:
[  212.858220]   .rt_nr_running                 : 0
[  212.862847]   .rt_throttled                  : 0
[  212.867474]   .rt_time                       : 0.008890
[  212.872712]   .rt_runtime                    : 950.000000
[  212.878124] 
[  212.878124] dl_rq[1]:
[  212.881880]   .dl_nr_running                 : 0
[  212.886508] 
[  212.886508] runnable tasks:
[  212.886508]             task   PID         tree-key  switches  prio     wait-time             sum-exec        sum-sleep
[  212.886508] ----------------------------------------------------------------------------------------------------------
[  212.912329]       watchdog/1    11        -5.989825        56     0         0.000000         0.422685         0.000000
[  212.923075]      migration/1    12         0.000000         4     0         0.000000         0.037740         0.000000
[  212.933822]      ksoftirqd/1    13        -6.048720         3   120         0.000000         0.011065         0.000000
[  212.944569]      kworker/1:0    14       111.324131        54   120         0.000000         0.407205         0.000000
[  212.955313]     kworker/1:0H    15        17.089297         5   100         0.000000         0.024185         0.000000
[  212.966059]        kdevtmpfs    26       111.367206       655   120         0.000000        11.045800         0.000000
[  212.976806]        writeback    29        17.078829         2   100         0.000000         0.015595         0.000000
[  212.987549]          kblockd    32        26.089221         2   100         0.000000         0.012775         0.000000
[  212.998294]           bioset    51        36.100739         2   100         0.000000         0.013740         0.000000
[  213.009039]           bioset    53        45.111734         2   100         0.000000         0.013620         0.000000
[  213.019786]           bioset    57        54.121615         2   100         0.000000         0.012160         0.000000
[  213.030531]           bioset    60        63.131295         2   100         0.000000         0.011935         0.000000
[  213.041277]           bioset    64        72.141210         2   100         0.000000         0.012130         0.000000
[  213.052022]           bioset    67        81.151126         2   100         0.000000         0.012275         0.000000
[  213.062765]           bioset    72        90.160763         2   100         0.000000         0.012030         0.000000
[  213.073510]           bioset    76        99.172410         2   100         0.000000         0.014000         0.000000
[  213.084254]        kpsmoused    84       114.233166         2   100         0.000000         0.017265         0.000000
[  213.094997]           bioset    87       120.248071         2   100         0.000000         0.017280         0.000000
[  213.105740]      kworker/1:1    89       120.255791         3   120         0.000000         0.021235         0.000000
[  213.116486] 
[  213.117974] cpu#2
[  213.119899]   .nr_running                    : 0
[  213.124526]   .load                          : 0
[  213.129154]   .nr_switches                   : 93153
[  213.134130]   .nr_load_updates               : 39018
[  213.139107]   .nr_uninterruptible            : 2
[  213.143734]   .next_balance                  : 4294.949378
[  213.149234]   .curr->pid                     : 0
[  213.153861]   .clock                         : 212017.426345
[  213.159536]   .clock_task                    : 212017.426345
[  213.165209]   .cpu_load[0]                   : 0
[  213.169837]   .cpu_load[1]                   : 0
[  213.174464]   .cpu_load[2]                   : 0
[  213.179091]   .cpu_load[3]                   : 0
[  213.183719]   .cpu_load[4]                   : 0
[  213.188346] 
[  213.188346] cfs_rq[2]:
[  213.192190]   .exec_clock                    : 0.000000
[  213.197428]   .MIN_vruntime                  : 0.000001
[  213.202666]   .min_vruntime                  : 579.586848
[  213.208078]   .max_vruntime                  : 0.000001
[  213.213317]   .spread                        : 0.000000
[  213.218556]   .spread0                       : -3079.369298
[  213.224142]   .nr_spread_over                : 0
[  213.228769]   .nr_running                    : 0
[  213.233397]   .load                          : 0
[  213.238024]   .load_avg                      : 0
[  213.242651]   .runnable_load_avg             : 0
[  213.247278]   .util_avg                      : 0
[  213.251906]   .removed_load_avg              : 0
[  213.256533]   .removed_util_avg              : 0
[  213.261160] 
[  213.261160] rt_rq[2]:
[  213.264916]   .rt_nr_running                 : 0
[  213.269543]   .rt_throttled                  : 0
[  213.274170]   .rt_time                       : 0.000000
[  213.279408]   .rt_runtime                    : 950.000000
[  213.284820] 
[  213.284820] dl_rq[2]:
[  213.288576]   .dl_nr_running                 : 0
[  213.293204] 
[  213.293204] runnable tasks:
[  213.293204]             task   PID         tree-key  switches  prio     wait-time             sum-exec        sum-sleep
[  213.293204] ----------------------------------------------------------------------------------------------------------
[  213.319025]         kthreadd     2       295.221008        88   120         0.000000         1.671845         0.000000
[  213.329769]        rcu_sched     7       579.586848     46450   120         0.000000       413.704100         0.000000
[  213.340514]       watchdog/2    16        -5.989545        56     0         0.000000         0.331835         0.000000
[  213.351259]      migration/2    17         0.000000         4     0         0.000000         0.037900         0.000000
[  213.362004]      ksoftirqd/2    18        -7.042921         3   120         0.000000         0.010525         0.000000
[  213.372749]      kworker/2:0    19       152.245320        52   120         0.000000         0.312595         0.000000
[  213.383493]     kworker/2:0H    20        16.988669         5   100         0.000000         0.024850         0.000000
[  213.394238]       khungtaskd    27       390.448143         3   120         0.000000         0.036530         0.000000
[  213.404983]           crypto    30        16.977272         2   100         0.000000         0.013990         0.000000
[  213.415726]          ata_sff    33        25.988580         2   100         0.000000         0.013355         0.000000
[  213.426474]           rpciod    36        35.004620         2   100         0.000000         0.018720         0.000000
[  213.437220]          kswapd0    38        62.101863         3   120         0.000000         0.031175         0.000000
[  213.447965]           nfsiod    40        53.038573         2   100         0.000000         0.013890         0.000000
[  213.458708]           bioset    49        80.105573         2   100         0.000000         0.014930         0.000000
[  213.469453]           bioset    54        89.116440         2   100         0.000000         0.012820         0.000000
[  213.480198]           bioset    58        98.127362         2   100         0.000000         0.012865         0.000000
[  213.490944]           bioset    61       107.137999         2   100         0.000000         0.012585         0.000000
[  213.501690]           bioset    65       116.149277         2   100         0.000000         0.013340         0.000000
[  213.512433]           bioset    68       125.160274         2   100         0.000000         0.012985         0.000000
[  213.523179]           bioset    75       134.171826         2   100         0.000000         0.013550         0.000000
[  213.533923]         spi32765    78       134.180041         2   120         0.000000         0.016640         0.000000
[  213.544669]         spi32764    80       143.196746         2   120         0.000000         0.016710         0.000000
[  213.555415]           bioset    86       152.208115         2   100         0.000000         0.014860         0.000000
[  213.566160]    ipv6_addrconf    88       152.219240         2   100         0.000000         0.022525         0.000000
[  213.576905]      kworker/2:1    90       295.284198         8   120         0.000000         0.110910         0.000000
[  213.587649] 
[  213.589138] cpu#3
[  213.591062]   .nr_running                    : 0
[  213.595690]   .load                          : 0
[  213.600317]   .nr_switches                   : 292
[  213.605119]   .nr_load_updates               : 550
[  213.609920]   .nr_uninterruptible            : 2
[  213.614548]   .next_balance                  : 4294.949057
[  213.620047]   .curr->pid                     : 0
[  213.624675]   .clock                         : 212022.423965
[  213.630350]   .clock_task                    : 212022.423965
[  213.636024]   .cpu_load[0]                   : 0
[  213.640651]   .cpu_load[1]                   : 0
[  213.645278]   .cpu_load[2]                   : 0
[  213.649905]   .cpu_load[3]                   : 0
[  213.654532]   .cpu_load[4]                   : 0
[  213.659160] 
[  213.659160] cfs_rq[3]:
[  213.663003]   .exec_clock                    : 0.000000
[  213.668241]   .MIN_vruntime                  : 0.000001
[  213.673479]   .min_vruntime                  : 179.259070
[  213.678892]   .max_vruntime                  : 0.000001
[  213.684130]   .spread                        : 0.000000
[  213.689368]   .spread0                       : -3479.697076
[  213.694956]   .nr_spread_over                : 0
[  213.699583]   .nr_running                    : 0
[  213.704210]   .load                          : 0
[  213.708837]   .load_avg                      : 0
[  213.713465]   .runnable_load_avg             : 0
[  213.718092]   .util_avg                      : 0
[  213.722719]   .removed_load_avg              : 0
[  213.727347]   .removed_util_avg              : 0
[  213.731974] 
[  213.731974] rt_rq[3]:
[  213.735730]   .rt_nr_running                 : 0
[  213.740358]   .rt_throttled                  : 0
[  213.744985]   .rt_time                       : 0.000000
[  213.750224]   .rt_runtime                    : 950.000000
[  213.755637] 
[  213.755637] dl_rq[3]:
[  213.759393]   .dl_nr_running                 : 0
[  213.764021] 
[  213.764021] runnable tasks:
[  213.764021]             task   PID         tree-key  switches  prio     wait-time             sum-exec        sum-sleep
[  213.764021] ----------------------------------------------------------------------------------------------------------
[  213.789841]       watchdog/3    21        -8.988485        56     0         0.000000         0.423640         0.000000
[  213.800587]      migration/3    22         0.000000         4     0         0.000000         0.034735         0.000000
[  213.811332]      ksoftirqd/3    23       -10.042226         3   120         0.000000         0.010970         0.000000
[  213.822077]      kworker/3:0    24       161.272320        52   120         0.000000         0.357245         0.000000
[  213.832821]     kworker/3:0H    25        25.998633         5   100         0.000000         0.023835         0.000000
[  213.843566]       oom_reaper    28         7.964719         2   120         0.000000         0.013260         0.000000
[  213.854310]           bioset    31        16.976108         2   100         0.000000         0.013530         0.000000
[  213.865055]      edac-poller    34        25.987741         2   100         0.000000         0.014100         0.000000
[  213.875799]       devfreq_wq    35        34.998546         2   100         0.000000         0.013015         0.000000
[  213.886543]           vmstat    39        53.017974         2   100         0.000000         0.012730         0.000000
[  213.897289]           bioset    50        89.116281         2   100         0.000000         0.017945         0.000000
[  213.908033]           bioset    55        98.129782         2   100         0.000000         0.015815         0.000000
[  213.918777]           bioset    59       107.143145         2   100         0.000000         0.015860         0.000000
[  213.929522]           bioset    62       116.156512         2   100         0.000000         0.015745         0.000000
[  213.940267]           bioset    66       125.169655         2   100         0.000000         0.015210         0.000000
[  213.951013]           bioset    69       134.182970         2   100         0.000000         0.015535         0.000000
[  213.961758]         spi32766    74       143.207495         3   120         0.000000         0.024530         0.000000
[  213.972503]  irq/33-21000800    79         0.000000         2    49         0.000000         0.018715         0.000000
[  213.983247]           bioset    85       161.231380         2   100         0.000000         0.017125         0.000000
[  213.993992]      kworker/3:1    91       170.248575         2   120         0.000000         0.009860         0.000000
[  214.004738] 
[  214.006227] Showing busy workqueues and worker pools:
- 13:50:15 [INFO] [  219.462962] sysrq: SysRq : Show backtrace of all active CPUs
[  219.468645] Sending NMI to all CPUs:
[  219.472228] NMI backtrace for cpu 0
[  219.475726] CPU: 0 PID: 0 Comm: swapper/0 Not tainted 4.5.0-rc2-next-20160208-00002-g586a4d303d64 #1
[  219.484889] Hardware name: Keystone
[  219.488395] [<c0218920>] (unwind_backtrace) from [<c0213fe8>] (show_stack+0x10/0x14)
[  219.496169] [<c0213fe8>] (show_stack) from [<c0491d24>] (dump_stack+0x98/0xac)
[  219.503421] [<c0491d24>] (dump_stack) from [<c0495684>] (nmi_cpu_backtrace+0x88/0x8c)
[  219.511281] [<c0495684>] (nmi_cpu_backtrace) from [<c021679c>] (raise_nmi+0x6c/0x70)
[  219.519054] [<c021679c>] (raise_nmi) from [<c04955e8>] (nmi_trigger_all_cpu_backtrace+0xf4/0x108)
[  219.527961] [<c04955e8>] (nmi_trigger_all_cpu_backtrace) from [<c05ab61c>] (__handle_sysrq+0xa8/0x16c)
[  219.537306] [<c05ab61c>] (__handle_sysrq) from [<c05bf69c>] (serial8250_rx_chars+0x19c/0x1f4)
[  219.545864] [<c05bf69c>] (serial8250_rx_chars) from [<c05c0e80>] (serial8250_handle_irq.part.10+0xb4/0xc8)
[  219.555556] [<c05c0e80>] (serial8250_handle_irq.part.10) from [<c05c0efc>] (serial8250_default_handle_irq+0x54/0x7c)
[  219.566120] [<c05c0efc>] (serial8250_default_handle_irq) from [<c05be320>] (serial8250_interrupt+0x3c/0xc0)
[  219.575900] [<c05be320>] (serial8250_interrupt) from [<c028bcb0>] (handle_irq_event_percpu+0x88/0x140)
[  219.585244] [<c028bcb0>] (handle_irq_event_percpu) from [<c028bdac>] (handle_irq_event+0x44/0x68)
[  219.594150] [<c028bdac>] (handle_irq_event) from [<c028ef38>] (handle_fasteoi_irq+0xb4/0x194)
[  219.602707] [<c028ef38>] (handle_fasteoi_irq) from [<c028b394>] (generic_handle_irq+0x24/0x34)
[  219.611352] [<c028b394>] (generic_handle_irq) from [<c028b644>] (__handle_domain_irq+0x5c/0xb4)
[  219.620084] [<c028b644>] (__handle_domain_irq) from [<c020a6d0>] (gic_handle_irq+0x54/0x94)
[  219.628466] [<c020a6d0>] (gic_handle_irq) from [<c0214ac0>] (__irq_svc+0x40/0x54)
[  219.635973] Exception stack(0xc0f8ff40 to 0xc0f8ff88)
[  219.641040] ff40: 00000001 00000000 00000000 c02237a0 c0f8e000 c0f904ac 00000000 00000000
[  219.649246] ff60: c0f87364 c0f8b5b0 c0f8ff98 c0f9050c 00000000 c0f8ff90 c0211608 c021160c
[  219.657449] ff80: 60000013 ffffffff
[  219.660950] [<c0214ac0>] (__irq_svc) from [<c021160c>] (arch_cpu_idle+0x38/0x3c)
[  219.668373] [<c021160c>] (arch_cpu_idle) from [<c027fd78>] (cpu_startup_entry+0x1e4/0x240)
[  219.676669] [<c027fd78>] (cpu_startup_entry) from [<c0e76cbc>] (start_kernel+0x3ec/0x3f8)
[  219.684877] [<c0e76cbc>] (start_kernel) from [<80208090>] (0x80208090)
[  219.691531] NMI backtrace for cpu 3
[  219.695028] CPU: 3 PID: 0 Comm: swapper/3 Not tainted 4.5.0-rc2-next-20160208-00002-g586a4d303d64 #1
[  219.704190] Hardware name: Keystone
[  219.707684] task: ee863f00 ti: ee894000 task.ti: ee894000
[  219.713097] PC is at arch_cpu_idle+0x38/0x3c
[  219.717376] LR is at arch_cpu_idle+0x34/0x3c
[  219.721654] pc : [<c021160c>]    lr : [<c0211608>]    psr: 60000013
[  219.727938] sp : ee895fd8  ip : 00000000  fp : c0f9050c
[  219.733176] r10: ee895fe0  r9 : c0f8b5b0  r8 : c0f87364
[  219.738414] r7 : 00000000  r6 : 00000000  r5 : c0f904ac  r4 : ee894000
[  219.744960] r3 : c02237a0  r2 : 00000000  r1 : 00000000  r0 : 00000001
[  219.751506] Flags: nZCv  IRQs on  FIQs on  Mode SVC_32  ISA ARM  Segment kernel
[  219.758836] Control: 30c5387d  Table: 00203000  DAC: 55555555
[  219.764598] CPU: 3 PID: 0 Comm: swapper/3 Not tainted 4.5.0-rc2-next-20160208-00002-g586a4d303d64 #1
[  219.773760] Hardware name: Keystone
[  219.777254] [<c0218920>] (unwind_backtrace) from [<c0213fe8>] (show_stack+0x10/0x14)
[  219.785021] [<c0213fe8>] (show_stack) from [<c0491d24>] (dump_stack+0x98/0xac)
[  219.792264] [<c0491d24>] (dump_stack) from [<c0495668>] (nmi_cpu_backtrace+0x6c/0x8c)
[  219.800119] [<c0495668>] (nmi_cpu_backtrace) from [<c0217004>] (handle_IPI+0xac/0x194)
[  219.808060] [<c0217004>] (handle_IPI) from [<c020a70c>] (gic_handle_irq+0x90/0x94)
[  219.815653] [<c020a70c>] (gic_handle_irq) from [<c0214ac0>] (__irq_svc+0x40/0x54)
[  219.823158] Exception stack(0xee895f88 to 0xee895fd0)
[  219.828222] 5f80:                   00000001 00000000 00000000 c02237a0 ee894000 c0f904ac
[  219.836425] 5fa0: 00000000 00000000 c0f87364 c0f8b5b0 ee895fe0 c0f9050c 00000000 ee895fd8
[  219.844627] 5fc0: c0211608 c021160c 60000013 ffffffff
[  219.849692] [<c0214ac0>] (__irq_svc) from [<c021160c>] (arch_cpu_idle+0x38/0x3c)
[  219.857110] [<c021160c>] (arch_cpu_idle) from [<c027fd78>] (cpu_startup_entry+0x1e4/0x240)
[  219.865400] [<c027fd78>] (cpu_startup_entry) from [<8020ab0c>] (0x8020ab0c)
[  219.872383] NMI backtrace for cpu 2
[  219.875879] CPU: 2 PID: 0 Comm: swapper/2 Not tainted 4.5.0-rc2-next-20160208-00002-g586a4d303d64 #1
[  219.885041] Hardware name: Keystone
[  219.888536] task: ee8639c0 ti: ee892000 task.ti: ee892000
[  219.893948] PC is at arch_cpu_idle+0x38/0x3c
[  219.898227] LR is at arch_cpu_idle+0x34/0x3c
[  219.902506] pc : [<c021160c>]    lr : [<c0211608>]    psr: 60000013
[  219.908790] sp : ee893fd8  ip : 00000000  fp : c0f9050c
[  219.914027] r10: ee893fe0  r9 : c0f8b5b0  r8 : c0f87364
[  219.919266] r7 : 00000000  r6 : 00000000  r5 : c0f904ac  r4 : ee892000
[  219.925812] r3 : c02237a0  r2 : 00000000  r1 : 00000000  r0 : 00000001
[  219.932358] Flags: nZCv  IRQs on  FIQs on  Mode SVC_32  ISA ARM  Segment kernel
[  219.939689] Control: 30c5387d  Table: 00203000  DAC: 55555555
[  219.945450] CPU: 2 PID: 0 Comm: swapper/2 Not tainted 4.5.0-rc2-next-20160208-00002-g586a4d303d64 #1
[  219.954612] Hardware name: Keystone
[  219.958106] [<c0218920>] (unwind_backtrace) from [<c0213fe8>] (show_stack+0x10/0x14)
[  219.965872] [<c0213fe8>] (show_stack) from [<c0491d24>] (dump_stack+0x98/0xac)
[  219.973116] [<c0491d24>] (dump_stack) from [<c0495668>] (nmi_cpu_backtrace+0x6c/0x8c)
[  219.980970] [<c0495668>] (nmi_cpu_backtrace) from [<c0217004>] (handle_IPI+0xac/0x194)
[  219.988911] [<c0217004>] (handle_IPI) from [<c020a70c>] (gic_handle_irq+0x90/0x94)
[  219.996504] [<c020a70c>] (gic_handle_irq) from [<c0214ac0>] (__irq_svc+0x40/0x54)
[  220.004008] Exception stack(0xee893f88 to 0xee893fd0)
[  220.009072] 3f80:                   00000001 00000000 00000000 c02237a0 ee892000 c0f904ac
[  220.017274] 3fa0: 00000000 00000000 c0f87364 c0f8b5b0 ee893fe0 c0f9050c 00000000 ee893fd8
[  220.025478] 3fc0: c0211608 c021160c 60000013 ffffffff
[  220.030541] [<c0214ac0>] (__irq_svc) from [<c021160c>] (arch_cpu_idle+0x38/0x3c)
[  220.037960] [<c021160c>] (arch_cpu_idle) from [<c027fd78>] (cpu_startup_entry+0x1e4/0x240)
[  220.046250] [<c027fd78>] (cpu_startup_entry) from [<8020ab0c>] (0x8020ab0c)
[  220.053233] NMI backtrace for cpu 1
[  220.056730] CPU: 1 PID: 0 Comm: swapper/1 Not tainted 4.5.0-rc2-next-20160208-00002-g586a4d303d64 #1
[  220.065893] Hardware name: Keystone
[  220.069388] task: ee863480 ti: ee890000 task.ti: ee890000
[  220.074800] PC is at arch_cpu_idle+0x38/0x3c
[  220.079078] LR is at arch_cpu_idle+0x34/0x3c
[  220.083358] pc : [<c021160c>]    lr : [<c0211608>]    psr: 60000013
[  220.089642] sp : ee891fd8  ip : 00000000  fp : c0f9050c
[  220.094880] r10: ee891fe0  r9 : c0f8b5b0  r8 : c0f87364
[  220.100118] r7 : 00000000  r6 : 00000000  r5 : c0f904ac  r4 : ee890000
[  220.106665] r3 : c02237a0  r2 : 00000000  r1 : 00000000  r0 : 00000001
[  220.113210] Flags: nZCv  IRQs on  FIQs on  Mode SVC_32  ISA ARM  Segment kernel
[  220.120541] Control: 30c5387d  Table: 00203000  DAC: 55555555
[  220.126303] CPU: 1 PID: 0 Comm: swapper/1 Not tainted 4.5.0-rc2-next-20160208-00002-g586a4d303d64 #1
[  220.135465] Hardware name: Keystone
[  220.138959] [<c0218920>] (unwind_backtrace) from [<c0213fe8>] (show_stack+0x10/0x14)
[  220.146726] [<c0213fe8>] (show_stack) from [<c0491d24>] (dump_stack+0x98/0xac)
[  220.153969] [<c0491d24>] (dump_stack) from [<c0495668>] (nmi_cpu_backtrace+0x6c/0x8c)
[  220.161824] [<c0495668>] (nmi_cpu_backtrace) from [<c0217004>] (handle_IPI+0xac/0x194)
[  220.169765] [<c0217004>] (handle_IPI) from [<c020a70c>] (gic_handle_irq+0x90/0x94)
[  220.177358] [<c020a70c>] (gic_handle_irq) from [<c0214ac0>] (__irq_svc+0x40/0x54)
[  220.184862] Exception stack(0xee891f88 to 0xee891fd0)
[  220.189926] 1f80:                   00000001 00000000 00000000 c02237a0 ee890000 c0f904ac
[  220.198129] 1fa0: 00000000 00000000 c0f87364 c0f8b5b0 ee891fe0 c0f9050c 00000000 ee891fd8
[  220.206331] 1fc0: c0211608 c021160c 60000013 ffffffff
[  220.211395] [<c0214ac0>] (__irq_svc) from [<c021160c>] (arch_cpu_idle+0x38/0x3c)
[  220.218813] [<c021160c>] (arch_cpu_idle) from [<c027fd78>] (cpu_startup_entry+0x1e4/0x240)
[  220.227103] [<c027fd78>] (cpu_startup_entry) from [<8020ab0c>] (0x8020ab0c)
- 13:50:25 [INFO] [  229.718817] sysrq: SysRq : Show Blocked State
[  229.723191]   task                PC stack   pid father
[  229.728431] swapper/0       D c0a29370     0     1      0 0x00000000
[  229.734821] [<c0a29370>] (__schedule) from [<c0a2975c>] (schedule+0x44/0x9c)
[  229.741903] [<c0a2975c>] (schedule) from [<c0a08100>] (rpc_wait_bit_killable+0x28/0xdc)
[  229.749937] [<c0a08100>] (rpc_wait_bit_killable) from [<c0a29bc8>] (__wait_on_bit+0x84/0xc4)
