- 17:40:00 [INFO] Starting target session
- 17:40:01 [INFO] Connected to k2l-evm via serial 
- 17:40:01 [INFO] Host: #check prompt
- 17:40:04 [ERROR] On command: #check prompt waiting for #check prompt.+?(?-mix:((?-mix:login:)|[Pp]assword)) >>> error: execution expired
- 17:40:04 [INFO] Target: 
#check prompt
root@k2l-evm:~# 
- 17:40:04 [INFO] Host: #check prompt
- 17:40:04 [INFO] Target: 
#check prompt
root@k2l-evm:~# 
- 17:40:04 [INFO] Host: sync;poweroff
- 17:40:13 [INFO] Target: 
sync;poweroff
Broadcast message from root@k2l-evm (ttyS0) (Thu Mar 24 11:41:09 2016):
INITStopping Dropbear SSH server: stopped /usr/sbin/dropbear (pid 792)
dropbear.
Stopping mpmsrv daemon.
platform: k2l-evm
Stopping softhsm daemon
 SoC I2C bus number: 2
 External power controller I2C slave address: 9
 Error opening SRSS device /dev/srss.
Stopping telnet daemon.
Stopping tiipclad daemon.
Stopping system message bus: dbus.
Stopping thttpd.
stopping statd: done
Stopping random number generator daemon.
Stopping rpcbind daemon...
done.
Stopping Lighttpd Web Server: stopped /usr/sbin/lighttpd (pid 833)
lighttpd.
NOT deconfiguring network interfaces: / is an NFS mount
* stopping FTP Server: vsftpd... stopped /usr/sbin/vsftpd (pid 841)
done.
Disabling thermal zones...
/etc/rc0.d/K98thermal-zone-init: line 13: /sys/class/thermal/thermal_zone*/mode: No such file or directory
***************************************************************
***************************************************************
NOTICE: This file system contains the following GPLv3 packages:
	autoconf
	binutils
	cpp-symlinks
	cpp
	g++-symlinks
	g++
	gawk
	gcc-symlinks
	gcc
	gdb
	gdbc6x
	gdbserver
	libgmp10
	libmpc3
	libmpfr4
	make
If you do not wish to distribute GPLv3 components please remove
the above packages prior to distribution.  This can be done using
the opkg remove command.  i.e.:
    opkg remove <package>
Where <package> is the name printed in the list above
NOTE: If the package is a dependency of another package you
      will be notified of the dependent packages.  You should
      use the --force-removal-of-dependent-packages option to
      also remove the dependent packages as well
***************************************************************
***************************************************************
Sending all processes the TERM signal...
Sending all processes the KILL signal...
Unmounting remote filesystems...
Deactivating swap...
Unmounting local filesystems...
[ 2147.961143] reboot: System halted
- 17:40:13 [INFO] Disconnected serial from k2l-evm
- 17:40:14 [INFO] Connected to k2l-evm via serial 
- 17:40:14 [INFO] Host: 
- 17:40:21 [INFO] Target: 
U-Boot SPL 2015.07 (Apr 14 2016 - 06:43:57)
U-Boot 2015.07 (Apr 14 2016 - 06:43:57 -0400)
CPU: 66AK2Lx SR1.0
I2C:   ready
DRAM:  DRAM: 2 GiB
Clear entire DDR3 memory to enable ECC
2 GiB
NAND:  2048 MiB
Net:   Phy 2 not found
Phy 3 not found
K2L_EMAC
Warning: K2L_EMAC using MAC address from net device
, K2L_EMAC1
Error: K2L_EMAC1 address not set.
, K2L_EMAC2
Error: K2L_EMAC2 address not set.
, K2L_EMAC3
Error: K2L_EMAC3 address not set.
Hit any key to stop autoboot:  1  0 
U-Boot# 
U-Boot# 
U-Boot# 
U-Boot# 
U-Boot# 
U-Boot# 
U-Boot# 
U-Boot# 
U-Boot# 
U-Boot# 
U-Boot# 
U-Boot# 
U-Boot# 
U-Boot# 
U-Boot# 
U-Boot# 
U-Boot# 
U-Boot# 
U-Boot# 
U-Boot# 
U-Boot# 
U-Boot# 
U-Boot# 
U-Boot# 
U-Boot# 
U-Boot# 
U-Boot# 
U-Boot# 
U-Boot# 
U-Boot# 
U-Boot# 
U-Boot# 
U-Boot# 
- 17:40:22 [INFO] Host: 
- 17:40:22 [INFO] Target: 
U-Boot# 
- 17:40:22 [INFO] Host: version
- 17:40:22 [INFO] Target: 
version
U-Boot 2015.07 (Apr 14 2016 - 06:43:57 -0400)
arm-linux-gnueabihf-gcc (Linaro GCC 5.3-2016.02) 5.3.1 20160113
GNU ld (GNU Binutils) 2.25.0 Linaro 2015_10
U-Boot# 
- 17:40:22 [INFO] Host: setenv bootargs 'console=ttyS0,115200n8 earlyprintk=serial,ttyS0,115200n8 rootwait '
- 17:40:22 [INFO] Target: 
setenv bootargs 'console=ttyS0,115200n8 earlyprintk=serial,ttyS0,115200n8 rootwait '
U-Boot# 
- 17:40:22 [INFO] Host: setenv bootcmd  ''
- 17:40:22 [INFO] Target: 
setenv bootcmd  ''
U-Boot# 
- 17:40:22 [INFO] Host: setenv autoload 'no'
- 17:40:22 [INFO] Target: 
setenv autoload 'no'
U-Boot# 
- 17:40:22 [INFO] Host: setenv serverip '192.168.0.1'
- 17:40:22 [INFO] Target: 
setenv serverip '192.168.0.1'
U-Boot# 
- 17:40:22 [INFO] Host: setenv _initramfs -
- 17:40:22 [INFO] Target: 
setenv _initramfs -
U-Boot# 
- 17:40:22 [INFO] Host: printenv
- 17:40:23 [INFO] Target: 
printenv
_initramfs=-
addr_mon=0x0c140000
addr_secdb_key=0xc000000
addr_ubi=0x82000000
arch=arm
args_all=setenv bootargs console=ttyS0,115200n8 rootwait=1
args_net=setenv bootargs ${bootargs} rootfstype=nfs root=/dev/nfs rw nfsroot=${serverip}:${nfs_root},${nfs_options} ip=dhcp
args_ramfs=setenv bootargs ${bootargs} rdinit=/sbin/init rw root=/dev/ram0 initrd=0x808080000,80M
args_ubi=setenv bootargs ${bootargs} rootfstype=ubifs root=ubi0:rootfs rootflags=sync rw ubi.mtd=ubifs,4096
autoload=no
baudrate=115200
board=ks2_evm
board_name=ks2_evm
boot=ubi
bootargs=console=ttyS0,115200n8 earlyprintk=serial,ttyS0,115200n8 rootwait 
bootcmd=
bootdelay=1
bootdir=/boot
bootm_size=0x10000000
burn_ubi=nand erase.part ubifs; nand write ${addr_ubi} ubifs ${filesize}
burn_uboot_nand=nand erase 0 0x100000; nand write ${loadaddr} 0 ${filesize}
burn_uboot_spi=sf probe; sf erase 0 0x80000; sf write ${loadaddr} 0 ${filesize}
cpu=armv7
ethact=K2L_EMAC
ethaddr=b4:99:4c:91:2a:fa
fdt_addr_r=0x88000000
fdtaddr=0x88000000
get_fdt_net=dhcp ${fdtaddr} ${tftp_root}/${name_fdt}
get_fdt_ramfs=dhcp ${fdtaddr} ${tftp_root}/${name_fdt}
get_fdt_ubi=ubifsload ${fdtaddr} ${bootdir}/${name_fdt}
get_fs_ramfs=dhcp ${rdaddr} ${tftp_root}/${name_fs}
get_kern_net=dhcp ${loadaddr} ${tftp_root}/${name_kern}
get_kern_ramfs=dhcp ${loadaddr} ${tftp_root}/${name_kern}
get_kern_ubi=ubifsload ${loadaddr} ${bootdir}/${name_kern}
get_mon_net=dhcp ${addr_mon} ${tftp_root}/${name_mon}
get_mon_ramfs=dhcp ${addr_mon} ${tftp_root}/${name_mon}
get_mon_ubi=ubifsload ${addr_mon} ${bootdir}/${name_mon}
get_ubi_net=dhcp ${addr_ubi} ${tftp_root}/${name_ubi}
get_uboot_net=dhcp ${loadaddr} ${tftp_root}/${name_uboot}
init_fw_rd_net=dhcp ${rdaddr} ${tftp_root}/${name_fw_rd}; run set_rd_spec
init_fw_rd_ramfs=setenv rd_spec -
init_fw_rd_ubi=ubifsload ${rdaddr} ${bootdir}/${name_fw_rd}; run set_rd_spec
init_net=run args_all args_net
init_ramfs=run args_all args_ramfs get_fs_ramfs
init_ubi=run args_all args_ubi; ubi part ubifs; ubifsmount ubi:rootfs;
kernel_addr_r=0x82000000
loadaddr=0x82000000
mem_lpae=1
mem_reserve=512M
mtdparts=mtdparts=davinci_nand.0:1024k(bootloader)ro,512k(params)ro,-(ubifs)
name_fdt=keystone-k2l-evm.dtb
name_fs=arago-console-image-k2l-evm.cpio.gz
name_fw_rd=k2-fw-initrd.cpio.gz
name_kern=zImage
name_mon=skern-k2l.bin
name_ubi=k2l-evm-ubifs.ubi
name_uboot=u-boot-spi-k2l-evm.gph
nfs_options=v3,tcp,rsize=4096,wsize=4096
nfs_root=/export
no_post=1
ramdisk_addr_r=0x88080000
rdaddr=0x88080000
run_kern=bootz ${loadaddr} ${rd_spec} ${fdtaddr}
run_mon=mon_install ${addr_mon}
serverip=192.168.0.1
set_rd_spec=setenv rd_spec ${rdaddr}:${filesize}
soc=keystone
stderr=serial
stdin=serial
stdout=serial
tftp_root=/
vendor=ti
ver=U-Boot 2015.07 (Apr 14 2016 - 06:43:57 -0400)
Environment size: 2897/262140 bytes
U-Boot# 
- 17:40:23 [INFO] Host: printenv
- 17:40:23 [INFO] Target: 
printenv
_initramfs=-
addr_mon=0x0c140000
addr_secdb_key=0xc000000
addr_ubi=0x82000000
arch=arm
args_all=setenv bootargs console=ttyS0,115200n8 rootwait=1
args_net=setenv bootargs ${bootargs} rootfstype=nfs root=/dev/nfs rw nfsroot=${serverip}:${nfs_root},${nfs_options} ip=dhcp
args_ramfs=setenv bootargs ${bootargs} rdinit=/sbin/init rw root=/dev/ram0 initrd=0x808080000,80M
args_ubi=setenv bootargs ${bootargs} rootfstype=ubifs root=ubi0:rootfs rootflags=sync rw ubi.mtd=ubifs,4096
autoload=no
baudrate=115200
board=ks2_evm
board_name=ks2_evm
boot=ubi
bootargs=console=ttyS0,115200n8 earlyprintk=serial,ttyS0,115200n8 rootwait 
bootcmd=
bootdelay=1
bootdir=/boot
bootm_size=0x10000000
burn_ubi=nand erase.part ubifs; nand write ${addr_ubi} ubifs ${filesize}
burn_uboot_nand=nand erase 0 0x100000; nand write ${loadaddr} 0 ${filesize}
burn_uboot_spi=sf probe; sf erase 0 0x80000; sf write ${loadaddr} 0 ${filesize}
cpu=armv7
ethact=K2L_EMAC
ethaddr=b4:99:4c:91:2a:fa
fdt_addr_r=0x88000000
fdtaddr=0x88000000
get_fdt_net=dhcp ${fdtaddr} ${tftp_root}/${name_fdt}
get_fdt_ramfs=dhcp ${fdtaddr} ${tftp_root}/${name_fdt}
get_fdt_ubi=ubifsload ${fdtaddr} ${bootdir}/${name_fdt}
get_fs_ramfs=dhcp ${rdaddr} ${tftp_root}/${name_fs}
get_kern_net=dhcp ${loadaddr} ${tftp_root}/${name_kern}
get_kern_ramfs=dhcp ${loadaddr} ${tftp_root}/${name_kern}
get_kern_ubi=ubifsload ${loadaddr} ${bootdir}/${name_kern}
get_mon_net=dhcp ${addr_mon} ${tftp_root}/${name_mon}
get_mon_ramfs=dhcp ${addr_mon} ${tftp_root}/${name_mon}
get_mon_ubi=ubifsload ${addr_mon} ${bootdir}/${name_mon}
get_ubi_net=dhcp ${addr_ubi} ${tftp_root}/${name_ubi}
get_uboot_net=dhcp ${loadaddr} ${tftp_root}/${name_uboot}
init_fw_rd_net=dhcp ${rdaddr} ${tftp_root}/${name_fw_rd}; run set_rd_spec
init_fw_rd_ramfs=setenv rd_spec -
init_fw_rd_ubi=ubifsload ${rdaddr} ${bootdir}/${name_fw_rd}; run set_rd_spec
init_net=run args_all args_net
init_ramfs=run args_all args_ramfs get_fs_ramfs
init_ubi=run args_all args_ubi; ubi part ubifs; ubifsmount ubi:rootfs;
kernel_addr_r=0x82000000
loadaddr=0x82000000
mem_lpae=1
mem_reserve=512M
mtdparts=mtdparts=davinci_nand.0:1024k(bootloader)ro,512k(params)ro,-(ubifs)
name_fdt=keystone-k2l-evm.dtb
name_fs=arago-console-image-k2l-evm.cpio.gz
name_fw_rd=k2-fw-initrd.cpio.gz
name_kern=zImage
name_mon=skern-k2l.bin
name_ubi=k2l-evm-ubifs.ubi
name_uboot=u-boot-spi-k2l-evm.gph
nfs_options=v3,tcp,rsize=4096,wsize=4096
nfs_root=/export
no_post=1
ramdisk_addr_r=0x88080000
rdaddr=0x88080000
run_kern=bootz ${loadaddr} ${rd_spec} ${fdtaddr}
run_mon=mon_install ${addr_mon}
serverip=192.168.0.1
set_rd_spec=setenv rd_spec ${rdaddr}:${filesize}
soc=keystone
stderr=serial
stdin=serial
stdout=serial
tftp_root=/
vendor=ti
ver=U-Boot 2015.07 (Apr 14 2016 - 06:43:57 -0400)
Environment size: 2897/262140 bytes
U-Boot# 
- 17:40:23 [INFO] Host: setenv bootargs ''${bootargs}' ip=:::::eth0:dhcp '
- 17:40:23 [INFO] Target: 
setenv bootargs ''${bootargs}' ip=:::::eth0:dhcp '
U-Boot# 
- 17:40:23 [INFO] Host: setenv serverip '192.168.0.1'
- 17:40:23 [INFO] Target: 
setenv serverip '192.168.0.1'
U-Boot# 
- 17:40:23 [INFO] Host: setenv autoload 'no'
- 17:40:23 [INFO] Target: 
setenv autoload 'no'
U-Boot# 
- 17:40:23 [INFO] Host: dhcp
- 17:40:26 [INFO] Target: 
dhcp
K2L_EMAC Waiting for SGMII auto negotiation to complete. done
BOOTP broadcast 1
BOOTP broadcast 2
BOOTP broadcast 3
DHCP client bound to address 192.168.0.218 (1003 ms)
U-Boot# 
- 17:40:26 [INFO] Host: tftp ${loadaddr} 192.168.0.1:vatf_k2l-evm/847ec90a3206a76085038cd6737f6b3a
- 17:40:29 [INFO] Target: 
tftp ${loadaddr} 192.168.0.1:vatf_k2l-evm/847ec90a3206a76085038cd6737f6b3a
K2L_EMAC Waiting for SGMII auto negotiation to complete. done
Using K2L_EMAC device
TFTP from server 192.168.0.1; our IP address is 192.168.0.218
Filename 'vatf_k2l-evm/847ec90a3206a76085038cd6737f6b3a'.
Load address: 0x82000000
Loading: *#################################################################
	 #################################################################
	 #################################################################
	 #################################################################
	 #################################################################
	 #################################################################
	 #################################################################
	 #########################
	 2.6 MiB/s
done
Bytes transferred = 7032944 (6b5070 hex)
U-Boot# 
- 17:40:29 [INFO] Host: tftp ${fdt_addr_r} 192.168.0.1:vatf_k2l-evm/9c53dbdfe3dfb0844eaedf25e8606639
- 17:40:31 [INFO] Target: 
tftp ${fdt_addr_r} 192.168.0.1:vatf_k2l-evm/9c53dbdfe3dfb0844eaedf25e8606639
K2L_EMAC Waiting for SGMII auto negotiation to complete. done
Using K2L_EMAC device
TFTP from server 192.168.0.1; our IP address is 192.168.0.218
Filename 'vatf_k2l-evm/9c53dbdfe3dfb0844eaedf25e8606639'.
Load address: 0x88000000
Loading: *##
	 2.2 MiB/s
done
Bytes transferred = 24828 (60fc hex)
U-Boot# 
- 17:40:31 [INFO] Host: tftp ${addr_mon} 192.168.0.1:vatf_k2l-evm/c5faba4e35639f0365e84be09a6f1b33
- 17:40:32 [INFO] Target: 
tftp ${addr_mon} 192.168.0.1:vatf_k2l-evm/c5faba4e35639f0365e84be09a6f1b33
K2L_EMAC Waiting for SGMII auto negotiation to complete. done
Using K2L_EMAC device
TFTP from server 192.168.0.1; our IP address is 192.168.0.218
Filename 'vatf_k2l-evm/c5faba4e35639f0365e84be09a6f1b33'.
Load address: 0xc140000
Loading: *####
	 2.7 MiB/s
done
Bytes transferred = 45056 (b000 hex)
U-Boot# 
- 17:40:32 [INFO] Host: printenv
- 17:40:32 [INFO] Target: 
printenv
_initramfs=-
addr_mon=0x0c140000
addr_secdb_key=0xc000000
addr_ubi=0x82000000
arch=arm
args_all=setenv bootargs console=ttyS0,115200n8 rootwait=1
args_net=setenv bootargs ${bootargs} rootfstype=nfs root=/dev/nfs rw nfsroot=${serverip}:${nfs_root},${nfs_options} ip=dhcp
args_ramfs=setenv bootargs ${bootargs} rdinit=/sbin/init rw root=/dev/ram0 initrd=0x808080000,80M
args_ubi=setenv bootargs ${bootargs} rootfstype=ubifs root=ubi0:rootfs rootflags=sync rw ubi.mtd=ubifs,4096
autoload=no
baudrate=115200
board=ks2_evm
board_name=ks2_evm
boot=ubi
bootargs=console=ttyS0,115200n8 earlyprintk=serial,ttyS0,115200n8 rootwait  ip=:::::eth0:dhcp 
bootcmd=
bootdelay=1
bootdir=/boot
bootm_size=0x10000000
burn_ubi=nand erase.part ubifs; nand write ${addr_ubi} ubifs ${filesize}
burn_uboot_nand=nand erase 0 0x100000; nand write ${loadaddr} 0 ${filesize}
burn_uboot_spi=sf probe; sf erase 0 0x80000; sf write ${loadaddr} 0 ${filesize}
cpu=armv7
dnsip=192.0.2.2
dnsip2=192.0.2.3
ethact=K2L_EMAC
ethaddr=b4:99:4c:91:2a:fa
fdt_addr_r=0x88000000
fdtaddr=0x88000000
fileaddr=c140000
filesize=b000
get_fdt_net=dhcp ${fdtaddr} ${tftp_root}/${name_fdt}
get_fdt_ramfs=dhcp ${fdtaddr} ${tftp_root}/${name_fdt}
get_fdt_ubi=ubifsload ${fdtaddr} ${bootdir}/${name_fdt}
get_fs_ramfs=dhcp ${rdaddr} ${tftp_root}/${name_fs}
get_kern_net=dhcp ${loadaddr} ${tftp_root}/${name_kern}
get_kern_ramfs=dhcp ${loadaddr} ${tftp_root}/${name_kern}
get_kern_ubi=ubifsload ${loadaddr} ${bootdir}/${name_kern}
get_mon_net=dhcp ${addr_mon} ${tftp_root}/${name_mon}
get_mon_ramfs=dhcp ${addr_mon} ${tftp_root}/${name_mon}
get_mon_ubi=ubifsload ${addr_mon} ${bootdir}/${name_mon}
get_ubi_net=dhcp ${addr_ubi} ${tftp_root}/${name_ubi}
get_uboot_net=dhcp ${loadaddr} ${tftp_root}/${name_uboot}
init_fw_rd_net=dhcp ${rdaddr} ${tftp_root}/${name_fw_rd}; run set_rd_spec
init_fw_rd_ramfs=setenv rd_spec -
init_fw_rd_ubi=ubifsload ${rdaddr} ${bootdir}/${name_fw_rd}; run set_rd_spec
init_net=run args_all args_net
init_ramfs=run args_all args_ramfs get_fs_ramfs
init_ubi=run args_all args_ubi; ubi part ubifs; ubifsmount ubi:rootfs;
ipaddr=192.168.0.218
kernel_addr_r=0x82000000
loadaddr=0x82000000
mem_lpae=1
mem_reserve=512M
mtdparts=mtdparts=davinci_nand.0:1024k(bootloader)ro,512k(params)ro,-(ubifs)
name_fdt=keystone-k2l-evm.dtb
name_fs=arago-console-image-k2l-evm.cpio.gz
name_fw_rd=k2-fw-initrd.cpio.gz
name_kern=zImage
name_mon=skern-k2l.bin
name_ubi=k2l-evm-ubifs.ubi
name_uboot=u-boot-spi-k2l-evm.gph
netmask=255.255.255.0
nfs_options=v3,tcp,rsize=4096,wsize=4096
nfs_root=/export
no_post=1
ramdisk_addr_r=0x88080000
rdaddr=0x88080000
run_kern=bootz ${loadaddr} ${rd_spec} ${fdtaddr}
run_mon=mon_install ${addr_mon}
serverip=192.168.0.1
set_rd_spec=setenv rd_spec ${rdaddr}:${filesize}
soc=keystone
stderr=serial
stdin=serial
stdout=serial
tftp_root=/
vendor=ti
ver=U-Boot 2015.07 (Apr 14 2016 - 06:43:57 -0400)
Environment size: 3035/262140 bytes
U-Boot# 
- 17:40:32 [INFO] Host: setenv bootcmd ''${bootcmd}' mon_install ${addr_mon};'
- 17:40:32 [INFO] Target: 
setenv bootcmd ''${bootcmd}' mon_install ${addr_mon};'
U-Boot# 
- 17:40:32 [INFO] Host: printenv
- 17:40:32 [INFO] Target: 
printenv
_initramfs=-
addr_mon=0x0c140000
addr_secdb_key=0xc000000
addr_ubi=0x82000000
arch=arm
args_all=setenv bootargs console=ttyS0,115200n8 rootwait=1
args_net=setenv bootargs ${bootargs} rootfstype=nfs root=/dev/nfs rw nfsroot=${serverip}:${nfs_root},${nfs_options} ip=dhcp
args_ramfs=setenv bootargs ${bootargs} rdinit=/sbin/init rw root=/dev/ram0 initrd=0x808080000,80M
args_ubi=setenv bootargs ${bootargs} rootfstype=ubifs root=ubi0:rootfs rootflags=sync rw ubi.mtd=ubifs,4096
autoload=no
baudrate=115200
board=ks2_evm
board_name=ks2_evm
boot=ubi
bootargs=console=ttyS0,115200n8 earlyprintk=serial,ttyS0,115200n8 rootwait  ip=:::::eth0:dhcp 
bootcmd= mon_install ${addr_mon};
bootdelay=1
bootdir=/boot
bootm_size=0x10000000
burn_ubi=nand erase.part ubifs; nand write ${addr_ubi} ubifs ${filesize}
burn_uboot_nand=nand erase 0 0x100000; nand write ${loadaddr} 0 ${filesize}
burn_uboot_spi=sf probe; sf erase 0 0x80000; sf write ${loadaddr} 0 ${filesize}
cpu=armv7
dnsip=192.0.2.2
dnsip2=192.0.2.3
ethact=K2L_EMAC
ethaddr=b4:99:4c:91:2a:fa
fdt_addr_r=0x88000000
fdtaddr=0x88000000
fileaddr=c140000
filesize=b000
get_fdt_net=dhcp ${fdtaddr} ${tftp_root}/${name_fdt}
get_fdt_ramfs=dhcp ${fdtaddr} ${tftp_root}/${name_fdt}
get_fdt_ubi=ubifsload ${fdtaddr} ${bootdir}/${name_fdt}
get_fs_ramfs=dhcp ${rdaddr} ${tftp_root}/${name_fs}
get_kern_net=dhcp ${loadaddr} ${tftp_root}/${name_kern}
get_kern_ramfs=dhcp ${loadaddr} ${tftp_root}/${name_kern}
get_kern_ubi=ubifsload ${loadaddr} ${bootdir}/${name_kern}
get_mon_net=dhcp ${addr_mon} ${tftp_root}/${name_mon}
get_mon_ramfs=dhcp ${addr_mon} ${tftp_root}/${name_mon}
get_mon_ubi=ubifsload ${addr_mon} ${bootdir}/${name_mon}
get_ubi_net=dhcp ${addr_ubi} ${tftp_root}/${name_ubi}
get_uboot_net=dhcp ${loadaddr} ${tftp_root}/${name_uboot}
init_fw_rd_net=dhcp ${rdaddr} ${tftp_root}/${name_fw_rd}; run set_rd_spec
init_fw_rd_ramfs=setenv rd_spec -
init_fw_rd_ubi=ubifsload ${rdaddr} ${bootdir}/${name_fw_rd}; run set_rd_spec
init_net=run args_all args_net
init_ramfs=run args_all args_ramfs get_fs_ramfs
init_ubi=run args_all args_ubi; ubi part ubifs; ubifsmount ubi:rootfs;
ipaddr=192.168.0.218
kernel_addr_r=0x82000000
loadaddr=0x82000000
mem_lpae=1
mem_reserve=512M
mtdparts=mtdparts=davinci_nand.0:1024k(bootloader)ro,512k(params)ro,-(ubifs)
name_fdt=keystone-k2l-evm.dtb
name_fs=arago-console-image-k2l-evm.cpio.gz
name_fw_rd=k2-fw-initrd.cpio.gz
name_kern=zImage
name_mon=skern-k2l.bin
name_ubi=k2l-evm-ubifs.ubi
name_uboot=u-boot-spi-k2l-evm.gph
netmask=255.255.255.0
nfs_options=v3,tcp,rsize=4096,wsize=4096
nfs_root=/export
no_post=1
ramdisk_addr_r=0x88080000
rdaddr=0x88080000
run_kern=bootz ${loadaddr} ${rd_spec} ${fdtaddr}
run_mon=mon_install ${addr_mon}
serverip=192.168.0.1
set_rd_spec=setenv rd_spec ${rdaddr}:${filesize}
soc=keystone
stderr=serial
stdin=serial
stdout=serial
tftp_root=/
vendor=ti
ver=U-Boot 2015.07 (Apr 14 2016 - 06:43:57 -0400)
Environment size: 3060/262140 bytes
U-Boot# 
- 17:40:32 [INFO] Host: setenv bootargs ''${bootargs}' root=/dev/nfs rw nfsroot=192.168.0.1:/home/tigtfarm11/NFS_exports/linux/k2l-evm/autofs/9b62fb1f75e6fabe93445c0d14e9a9a1,nolock,v3,tcp,rsize=4096,wsize=4096 '
- 17:40:33 [INFO] Target: 
setenv bootargs ''${bootargs}' root=/dev/nfs rw nfsroot=192.168.0.1:/home/tigtfarm11/NFS_exports/linux/k2l-evm/autofs/9b62fb1f75e6fabe93445c0d14e9a9a1,nolock,v3,tcp,rsize=4096,wsize=4096 '
U-Boot# 
- 17:40:33 [INFO] Host: printenv
- 17:40:33 [INFO] Target: 
printenv
_initramfs=-
addr_mon=0x0c140000
addr_secdb_key=0xc000000
addr_ubi=0x82000000
arch=arm
args_all=setenv bootargs console=ttyS0,115200n8 rootwait=1
args_net=setenv bootargs ${bootargs} rootfstype=nfs root=/dev/nfs rw nfsroot=${serverip}:${nfs_root},${nfs_options} ip=dhcp
args_ramfs=setenv bootargs ${bootargs} rdinit=/sbin/init rw root=/dev/ram0 initrd=0x808080000,80M
args_ubi=setenv bootargs ${bootargs} rootfstype=ubifs root=ubi0:rootfs rootflags=sync rw ubi.mtd=ubifs,4096
autoload=no
baudrate=115200
board=ks2_evm
board_name=ks2_evm
boot=ubi
bootargs=console=ttyS0,115200n8 earlyprintk=serial,ttyS0,115200n8 rootwait  ip=:::::eth0:dhcp  root=/dev/nfs rw nfsroot=192.168.0.1:/home/tigtfarm11/NFS_exports/linux/k2l-evm/autofs/9b62fb1f75e6fabe93445c0d14e9a9a1,nolock,v3,tcp,rsize=4096,wsize=4096 
bootcmd= mon_install ${addr_mon};
bootdelay=1
bootdir=/boot
bootm_size=0x10000000
burn_ubi=nand erase.part ubifs; nand write ${addr_ubi} ubifs ${filesize}
burn_uboot_nand=nand erase 0 0x100000; nand write ${loadaddr} 0 ${filesize}
burn_uboot_spi=sf probe; sf erase 0 0x80000; sf write ${loadaddr} 0 ${filesize}
cpu=armv7
dnsip=192.0.2.2
dnsip2=192.0.2.3
ethact=K2L_EMAC
ethaddr=b4:99:4c:91:2a:fa
fdt_addr_r=0x88000000
fdtaddr=0x88000000
fileaddr=c140000
filesize=b000
get_fdt_net=dhcp ${fdtaddr} ${tftp_root}/${name_fdt}
get_fdt_ramfs=dhcp ${fdtaddr} ${tftp_root}/${name_fdt}
get_fdt_ubi=ubifsload ${fdtaddr} ${bootdir}/${name_fdt}
get_fs_ramfs=dhcp ${rdaddr} ${tftp_root}/${name_fs}
get_kern_net=dhcp ${loadaddr} ${tftp_root}/${name_kern}
get_kern_ramfs=dhcp ${loadaddr} ${tftp_root}/${name_kern}
get_kern_ubi=ubifsload ${loadaddr} ${bootdir}/${name_kern}
get_mon_net=dhcp ${addr_mon} ${tftp_root}/${name_mon}
get_mon_ramfs=dhcp ${addr_mon} ${tftp_root}/${name_mon}
get_mon_ubi=ubifsload ${addr_mon} ${bootdir}/${name_mon}
get_ubi_net=dhcp ${addr_ubi} ${tftp_root}/${name_ubi}
get_uboot_net=dhcp ${loadaddr} ${tftp_root}/${name_uboot}
init_fw_rd_net=dhcp ${rdaddr} ${tftp_root}/${name_fw_rd}; run set_rd_spec
init_fw_rd_ramfs=setenv rd_spec -
init_fw_rd_ubi=ubifsload ${rdaddr} ${bootdir}/${name_fw_rd}; run set_rd_spec
init_net=run args_all args_net
init_ramfs=run args_all args_ramfs get_fs_ramfs
init_ubi=run args_all args_ubi; ubi part ubifs; ubifsmount ubi:rootfs;
ipaddr=192.168.0.218
kernel_addr_r=0x82000000
loadaddr=0x82000000
mem_lpae=1
mem_reserve=512M
mtdparts=mtdparts=davinci_nand.0:1024k(bootloader)ro,512k(params)ro,-(ubifs)
name_fdt=keystone-k2l-evm.dtb
name_fs=arago-console-image-k2l-evm.cpio.gz
name_fw_rd=k2-fw-initrd.cpio.gz
name_kern=zImage
name_mon=skern-k2l.bin
name_ubi=k2l-evm-ubifs.ubi
name_uboot=u-boot-spi-k2l-evm.gph
netmask=255.255.255.0
nfs_options=v3,tcp,rsize=4096,wsize=4096
nfs_root=/export
no_post=1
ramdisk_addr_r=0x88080000
rdaddr=0x88080000
run_kern=bootz ${loadaddr} ${rd_spec} ${fdtaddr}
run_mon=mon_install ${addr_mon}
serverip=192.168.0.1
set_rd_spec=setenv rd_spec ${rdaddr}:${filesize}
soc=keystone
stderr=serial
stdin=serial
stdout=serial
tftp_root=/
vendor=ti
ver=U-Boot 2015.07 (Apr 14 2016 - 06:43:57 -0400)
Environment size: 3217/262140 bytes
U-Boot# 
- 17:40:33 [INFO] Host: setenv bootcmd ''${bootcmd}' if iminfo ${loadaddr}; then bootm ${loadaddr} ${_initramfs} ${fdt_addr_r}; else bootz ${loadaddr} ${_initramfs} ${fdt_addr_r}; bootm ${loadaddr} ${_initramfs} ${fdt_addr_r}; fi'
- 17:40:33 [INFO] Target: 
setenv bootcmd ''${bootcmd}' if iminfo ${loadaddr}; then bootm ${loadaddr} ${_initramfs} ${fdt_addr_r}; else bootz ${loadaddr} ${_initramfs} ${fdt_addr_r}; bootm ${loadaddr} ${_initramfs} ${fdt_addr_r}; fi'
U-Boot# 
- 17:40:33 [INFO] Host: version
- 17:40:33 [INFO] Target: 
version
U-Boot 2015.07 (Apr 14 2016 - 06:43:57 -0400)
arm-linux-gnueabihf-gcc (Linaro GCC 5.3-2016.02) 5.3.1 20160113
GNU ld (GNU Binutils) 2.25.0 Linaro 2015_10
U-Boot# 
- 17:40:33 [INFO] Host: bdinfo
- 17:40:33 [INFO] Target: 
bdinfo
arch_number = 0x00000000
boot_params = 0x80000100
DRAM bank   = 0x00000000
-> start    = 0x80000000
-> size     = 0x80000000
DRAM bank   = 0x00000001
-> start    = 0x00000000
-> size     = 0x00000000
eth0name    = K2L_EMAC
ethaddr     = b4:99:4c:91:2a:fa
eth1name    = K2L_EMAC1
eth1addr    = (not set)
eth2name    = K2L_EMAC2
eth2addr    = (not set)
eth3name    = K2L_EMAC3
eth3addr    = (not set)
current eth = K2L_EMAC
ip_addr     = 192.168.0.218
baudrate    = 115200 bps
TLB addr    = 0xFFFF0000
relocaddr   = 0xFFF3F000
reloc off   = 0xF3F3F000
irq_sp      = 0xFEEFEEF0
sp start    = 0xFEEFEEE0
U-Boot# 
- 17:40:33 [INFO] Host: mmc rescan; echo $?
- 17:40:43 [ERROR] On command: mmc rescan; echo $? waiting for (?m-ix:0[\0\n\r]+) >>> error: execution expired
- 17:40:43 [INFO] Target: 
mmc rescan; echo $?
Unknown command 'mmc' - try 'help'
U-Boot# 
- 17:40:43 [INFO] Host: boot
- 17:44:13 [ERROR] On command: boot waiting for boot.+?(?-mix:login:) >>> error: execution expired
- 17:44:13 [INFO] Target: 
boot
K2_BM_15.07-39-g035329caed63 SoC:k2l built:16:02:41, Dec 16 2015
## installed monitor, freq [199680000], status 0
## Checking Image at 82000000 ...
Unknown image format!
Kernel image @ 0x82000000 [ 0x000000 - 0x6b5070 ]
## Flattened Device Tree blob at 88000000
   Booting using the fdt blob at 0x88000000
   Loading Device Tree to 8fff6000, end 8ffff0fb ... OK
Starting kernel ...
[    0.000000] Booting Linux on physical CPU 0x0
[    0.000000] Linux version 4.6.0-rc7-next-20160512-00002-g3d88236f8c47 (nmenon@horus) (gcc version 4.9.3 20150413 (prerelease) (Linaro GCC 4.9-2015.05) ) #1 SMP Thu May 12 08:29:53 CDT 2016
[    0.000000] CPU: ARMv7 Processor [412fc0f4] revision 4 (ARMv7), cr=30c5387d
[    0.000000] CPU: div instructions available: patching division code
[    0.000000] CPU: PIPT / VIPT nonaliasing data cache, PIPT instruction cache
[    0.000000] Machine model: Texas Instruments Keystone 2 Lamarr EVM
[    0.000000] Switching physical address space to 0x800000000
[    0.000000] cma: Reserved 64 MiB at 0x000000085c000000
[    0.000000] Forcing write-allocate cache policy for SMP
[    0.000000] Memory policy: Data cache writealloc
[    0.000000] psci: probing for conduit method from DT.
[    0.000000] psci: Using PSCI v0.1 Function IDs from DT
[    0.000000] percpu: Embedded 13 pages/cpu @ef3c4000 s23744 r8192 d21312 u53248
[    0.000000] Built 1 zonelists in Zone order, mobility grouping on.  Total pages: 391680
[    0.000000] Kernel command line: console=ttyS0,115200n8 earlyprintk=serial,ttyS0,115200n8 rootwait  ip=:::::eth0:dhcp  root=/dev/nfs rw nfsroot=192.168.0.1:/home/tigtfarm11/NFS_exports/linux/k2l-evm/autofs/9b62fb1f75e6fabe93445c0d14e9a9a1,nolock,v3,tcp,rsize=4096,wsize=4096 
[    0.000000] PID hash table entries: 4096 (order: 2, 16384 bytes)
[    0.000000] Dentry cache hash table entries: 131072 (order: 7, 524288 bytes)
[    0.000000] Inode-cache hash table entries: 65536 (order: 6, 262144 bytes)
[    0.000000] Memory: 1474112K/1572864K available (10494K kernel code, 1079K rwdata, 4296K rodata, 2048K init, 347K bss, 33216K reserved, 65536K cma-reserved, 720896K highmem)
[    0.000000] Virtual kernel memory layout:
[    0.000000]     vector  : 0xffff0000 - 0xffff1000   (   4 kB)
[    0.000000]     fixmap  : 0xffc00000 - 0xfff00000   (3072 kB)
[    0.000000]     vmalloc : 0xf0800000 - 0xff800000   ( 240 MB)
[    0.000000]     lowmem  : 0xc0000000 - 0xf0000000   ( 768 MB)
[    0.000000]     pkmap   : 0xbfe00000 - 0xc0000000   (   2 MB)
[    0.000000]     modules : 0xbf000000 - 0xbfe00000   (  14 MB)
[    0.000000]       .text : 0xc0208000 - 0xc1271bcc   (16807 kB)
[    0.000000]       .init : 0xc1400000 - 0xc1600000   (2048 kB)
[    0.000000]       .data : 0xc1600000 - 0xc170dde0   (1080 kB)
[    0.000000]        .bss : 0xc170f000 - 0xc1765ee0   ( 348 kB)
[    0.000000] SLUB: HWalign=64, Order=0-3, MinObjects=0, CPUs=2, Nodes=1
[    0.000000] Hierarchical RCU implementation.
[    0.000000] 	Build-time adjustment of leaf fanout to 32.
[    0.000000] 	RCU restricting CPUs from NR_CPUS=16 to nr_cpu_ids=2.
[    0.000000] RCU: Adjusting geometry for rcu_fanout_leaf=32, nr_cpu_ids=2
[    0.000000] NR_IRQS:16 nr_irqs:16 16
[    0.000000] of_psc_clk_init: error registering clk clkpcie1
[    0.000000] Architected cp15 timer(s) running at 199.68MHz (virt).
[    0.000000] clocksource: arch_sys_counter: mask: 0xffffffffffffff max_cycles: 0x2e0d652267, max_idle_ns: 440795206693 ns
[    0.000003] sched_clock: 56 bits at 199MHz, resolution 5ns, wraps every 4398046511101ns
[    0.000011] Switching to timer-based delay loop, resolution 5ns
[    0.001053] keystone timer clock @199680000 Hz
[    0.001504] Console: colour dummy device 80x30
[    0.001522] Calibrating delay loop (skipped), value calculated using timer frequency.. 399.36 BogoMIPS (lpj=998400)
[    0.001532] pid_max: default: 32768 minimum: 301
[    0.001589] Mount-cache hash table entries: 2048 (order: 1, 8192 bytes)
[    0.001596] Mountpoint-cache hash table entries: 2048 (order: 1, 8192 bytes)
[    0.002015] CPU: Testing write buffer coherency: ok
[    0.002169] /cpus/cpu@0 missing clock-frequency property
[    0.002184] /cpus/cpu@1 missing clock-frequency property
[    0.002192] CPU0: thread -1, cpu 0, socket 0, mpidr 80000000
[    0.002203] Setting up static identity map for 0x80400000 - 0x80400170
[    0.005327] CPU1: thread -1, cpu 1, socket 0, mpidr 80000001
[    0.005414] Brought up 2 CPUs
[    0.005426] SMP: Total of 2 processors activated (798.72 BogoMIPS).
[    0.005432] CPU: All CPU(s) started in SVC mode.
[    0.005749] devtmpfs: initialized
[    0.010187] VFP support v0.3: implementor 41 architecture 4 part 30 variant f rev 0
[    0.010444] clocksource: jiffies: mask: 0xffffffff max_cycles: 0xffffffff, max_idle_ns: 9556302231375000 ns
[    0.011315] pinctrl core: initialized pinctrl subsystem
[    0.012255] NET: Registered protocol family 16
[    0.013526] DMA: preallocated 256 KiB pool for atomic coherent allocations
[    0.025004] cpuidle: using governor menu
[    0.031203] No ATAGs?
[    0.031221] hw-breakpoint: found 5 (+1 reserved) breakpoint and 4 watchpoint registers.
[    0.031227] hw-breakpoint: maximum watchpoint size is 8 bytes.
[    0.033459] Serial: AMBA PL011 UART driver
[    0.053297] vgaarb: loaded
[    0.053768] SCSI subsystem initialized
[    0.054033] usbcore: registered new interface driver usbfs
[    0.054076] usbcore: registered new interface driver hub
[    0.054110] usbcore: registered new device driver usb
[    0.055393] pps_core: LinuxPPS API ver. 1 registered
[    0.055399] pps_core: Software ver. 5.3.6 - Copyright 2005-2007 Rodolfo Giometti <giometti@linux.it>
[    0.055412] PTP clock support registered
[    0.055500] EDAC MC: Ver: 3.0.0
[    0.056841] clocksource: Switched to clocksource arch_sys_counter
[    0.063149] NET: Registered protocol family 2
[    0.063473] TCP established hash table entries: 8192 (order: 3, 32768 bytes)
[    0.063524] TCP bind hash table entries: 8192 (order: 4, 65536 bytes)
[    0.063628] TCP: Hash tables configured (established 8192 bind 8192)
[    0.063665] UDP hash table entries: 512 (order: 2, 16384 bytes)
[    0.063691] UDP-Lite hash table entries: 512 (order: 2, 16384 bytes)
[    0.063784] NET: Registered protocol family 1
[    0.063968] RPC: Registered named UNIX socket transport module.
[    0.063974] RPC: Registered udp transport module.
[    0.063979] RPC: Registered tcp transport module.
[    0.063984] RPC: Registered tcp NFSv4.1 backchannel transport module.
[    0.064391] hw perfevents: enabled with armv7_cortex_a15 PMU driver, 7 counters available
[    0.064861] platform alarmtimer: set dma_pfn_offset00780000
[    0.065176] futex hash table entries: 512 (order: 3, 32768 bytes)
[    0.065662] workingset: timestamp_bits=28 max_order=19 bucket_order=0
[    0.072855] squashfs: version 4.0 (2009/01/31) Phillip Lougher
[    0.073435] NFS: Registering the id_resolver key type
[    0.073465] Key type id_resolver registered
[    0.073471] Key type id_legacy registered
[    0.073498] ntfs: driver 2.1.32 [Flags: R/O].
[    0.074325] bounce: pool size: 64 pages
[    0.074458] Block layer SCSI generic (bsg) driver version 0.4 loaded (major 248)
[    0.074464] io scheduler noop registered
[    0.074469] io scheduler deadline registered
[    0.074488] io scheduler cfq registered (default)
[    0.074661] keystone_irq soc:keystone_irq@26202a0: irqchip registered, nr_irqs 28
[    0.120390] Serial: 8250/16550 driver, 4 ports, IRQ sharing disabled
[    0.120460] platform serial8250: set dma_pfn_offset00780000
[    0.122244] console [ttyS0] disabled
[    0.122278] 2530c00.serial: ttyS0 at MMIO 0x2530c00 (irq = 26, base_baud = 12480000) is a 16550A
[    0.767537] console [ttyS0] enabled
[    0.771628] 2531000.serial: ttyS1 at MMIO 0x2531000 (irq = 27, base_baud = 12480000) is a 16550A
[    0.781005] 2348400.serial: ttyS2 at MMIO 0x2348400 (irq = 67, base_baud = 12480000) is a 16550A
[    0.790325] 2348800.serial: ttyS3 at MMIO 0x2348800 (irq = 68, base_baud = 12480000) is a 16550A
[    0.799404] SuperH (H)SCI(F) driver initialized
[    0.804337] msm_serial: driver initialized
[    0.808512] STMicroelectronics ASC driver initialized
[    0.814955] [drm] Initialized drm 1.1.0 20060810
[    0.827784] brd: module loaded
[    0.834406] loop: module loaded
[    0.837882] at24 0-0050: 131072 byte 24c1024 EEPROM, writable, 1 bytes/write
[    0.847298] spi_davinci 21000400.spi: DMA is not supported (-19)
[    0.853834] m25p80 spi0.0: n25q128a11 (16384 Kbytes)
[    0.858814] 2 ofpart partitions found on MTD device spi0.0
[    0.864283] Creating 2 MTD partitions on "spi0.0":
[    0.869062] 0x000000000000-0x000000080000 : "u-boot-spl"
[    0.875015] 0x000000080000-0x000001000000 : "misc"
[    0.880434] spi_davinci 21000400.spi: Controller at 0xf09c0400
[    0.886396] spi_davinci 21000600.spi: DMA is not supported (-19)
[    0.892694] spi_davinci 21000600.spi: Controller at 0xf09c2600
[    0.900183] platform Fixed MDIO bus.0: set dma_pfn_offset00780000
[    0.906580] libphy: Fixed MDIO Bus: probed
[    0.911066] CAN device driver interface
[    0.915685] igb: Intel(R) Gigabit Ethernet Network Driver - version 5.3.0-k
[    0.922627] igb: Copyright (c) 2007-2014 Intel Corporation.
[    0.966858] davinci_mdio 26200f00.mdio: davinci mdio revision 1.7
[    0.972938] libphy: 26200f00.mdio: probed
[    0.977566] davinci_mdio 26200f00.mdio: phy[0]: device 26200f00.mdio:00, driver Marvell 88E1510
[    0.986242] davinci_mdio 26200f00.mdio: phy[1]: device 26200f00.mdio:01, driver Marvell 88E1510
[    0.995206] pegasus: v0.9.3 (2013/04/25), Pegasus/Pegasus II USB Ethernet driver
[    1.002616] usbcore: registered new interface driver pegasus
[    1.008294] usbcore: registered new interface driver asix
[    1.013701] usbcore: registered new interface driver ax88179_178a
[    1.019802] usbcore: registered new interface driver cdc_ether
[    1.025657] usbcore: registered new interface driver smsc75xx
[    1.031422] usbcore: registered new interface driver smsc95xx
[    1.037176] usbcore: registered new interface driver net1080
[    1.042842] usbcore: registered new interface driver cdc_subset
[    1.048768] usbcore: registered new interface driver zaurus
[    1.054366] usbcore: registered new interface driver cdc_ncm
[    1.060259] 2620738.usb_phy supply vcc not found, using dummy regulator
[    1.068312] platform xhci-hcd.0.auto: set dma_pfn_offset00780000
[    1.076756] ehci_hcd: USB 2.0 'Enhanced' Host Controller (EHCI) Driver
[    1.083273] ehci-pci: EHCI PCI platform driver
[    1.087734] ehci-platform: EHCI generic platform driver
[    1.093037] ehci-omap: OMAP-EHCI Host Controller driver
[    1.098319] ehci-orion: EHCI orion driver
[    1.102384] SPEAr-ehci: EHCI SPEAr driver
[    1.106446] ehci-st: EHCI STMicroelectronics driver
[    1.111377] ehci-exynos: EHCI EXYNOS driver
[    1.115620] ehci-atmel: EHCI Atmel driver
[    1.119682] tegra-ehci: Tegra EHCI driver
[    1.123756] ohci_hcd: USB 1.1 'Open' Host Controller (OHCI) Driver
[    1.129924] ohci-pci: OHCI PCI platform driver
[    1.134383] ohci-platform: OHCI generic platform driver
[    1.139669] ohci-omap3: OHCI OMAP3 driver
[    1.143736] SPEAr-ohci: OHCI SPEAr driver
[    1.147802] ohci-st: OHCI STMicroelectronics driver
[    1.152732] ohci-atmel: OHCI Atmel driver
[    1.156965] xhci-hcd xhci-hcd.0.auto: xHCI Host Controller
[    1.162449] xhci-hcd xhci-hcd.0.auto: new USB bus registered, assigned bus number 1
[    1.170318] xhci-hcd xhci-hcd.0.auto: hcc params 0x0298f06d hci version 0x100 quirks 0x00010010
[    1.179015] xhci-hcd xhci-hcd.0.auto: irq 33, io mem 0x02690000
[    1.185459] hub 1-0:1.0: USB hub found
[    1.189232] hub 1-0:1.0: 1 port detected
[    1.193449] xhci-hcd xhci-hcd.0.auto: xHCI Host Controller
[    1.198935] xhci-hcd xhci-hcd.0.auto: new USB bus registered, assigned bus number 2
[    1.206647] usb usb2: We don't know the algorithms for LPM for this host, disabling LPM.
[    1.215188] hub 2-0:1.0: USB hub found
[    1.218954] hub 2-0:1.0: 1 port detected
[    1.223298] usbcore: registered new interface driver usb-storage
[    1.230096] mousedev: PS/2 mouse device common for all mice
[    1.237456] i2c /dev entries driver
[    1.246541] sdhci: Secure Digital Host Controller Interface driver
[    1.252710] sdhci: Copyright(c) Pierre Ossman
[    1.257732] Synopsys Designware Multimedia Card Interface Driver
[    1.264197] sdhci-pltfm: SDHCI platform and OF driver helper
[    1.270802] ledtrig-cpu: registered to indicate activity on CPUs
[    1.277073] usbcore: registered new interface driver usbhid
[    1.282630] usbhid: USB HID core driver
[    1.289469] nand: device found, Manufacturer ID: 0x2c, Chip ID: 0xa5
[    1.295828] nand: Micron MT29F16G08ADBCAH4
[    1.299920] nand: 2048 MiB, SLC, erase size: 256 KiB, page size: 4096, OOB size: 224
[    1.307648] nand: WARNING: 30000000.nand: the ECC used on your system is too weak compared to the one required by the NAND chip
[    1.319674] Bad block table found at page 524224, version 0x01
[    1.326531] Bad block table found at page 524160, version 0x01
[    1.332967] 3 ofpart partitions found on MTD device 30000000.nand
[    1.339044] Creating 3 MTD partitions on "30000000.nand":
[    1.344428] 0x000000000000-0x000000100000 : "u-boot"
[    1.350126] 0x000000100000-0x000000180000 : "params"
[    1.355733] 0x000000180000-0x000080000000 : "ubifs"
[    1.366979] davinci_nand 30000000.nand: controller rev. 2.5
[    1.373810] NET: Registered protocol family 10
[    1.378673] sit: IPv6 over IPv4 tunneling driver
[    1.383696] NET: Registered protocol family 17
[    1.388140] can: controller area network core (rev 20120528 abi 9)
[    1.394344] NET: Registered protocol family 29
[    1.398777] can: raw protocol (rev 20120528)
[    1.403036] can: broadcast manager protocol (rev 20120528 t)
[    1.408686] can: netlink gateway (rev 20130117) max_hops=1
[    1.414410] Key type dns_resolver registered
[    1.418788] ThumbEE CPU extension supported.
[    1.423054] Registering SWP/SWPB emulation handler
[    1.428854] hctosys: unable to open rtc device (rtc0)
- 17:44:13 [INFO] Boot attempt 1/1 failed
- 17:44:13 [INFO] Collecting kernel traces via sysrq...
- 17:44:23 [INFO] [  209.498395] sysrq: SysRq : Show State
[  209.502046]   task                PC stack   pid father
[  209.507247] swapper/0       D c0c7c530     0     1      0 0x00000000
[  209.513598] [<c0c7c530>] (__schedule) from [<c0c7c908>] (schedule+0x44/0x9c)
[  209.520622] [<c0c7c908>] (schedule) from [<c0c7f39c>] (schedule_timeout+0x11c/0x1a8)
[  209.528341] [<c0c7f39c>] (schedule_timeout) from [<c04940c0>] (msleep+0x2c/0x38)
[  209.535712] [<c04940c0>] (msleep) from [<c14013e0>] (mount_root+0x88/0x124)
[  209.542646] [<c14013e0>] (mount_root) from [<c140160c>] (prepare_namespace+0x190/0x1d4)
[  209.550619] [<c140160c>] (prepare_namespace) from [<c1400e68>] (kernel_init_freeable+0x1ec/0x1fc)
[  209.559457] [<c1400e68>] (kernel_init_freeable) from [<c0c7ad90>] (kernel_init+0x8/0x114)
[  209.567604] [<c0c7ad90>] (kernel_init) from [<c0407d28>] (ret_from_fork+0x14/0x2c)
[  209.575141] kthreadd        S c0c7c530     0     2      0 0x00000000
[  209.581479] [<c0c7c530>] (__schedule) from [<c0c7c908>] (schedule+0x44/0x9c)
[  209.588500] [<c0c7c908>] (schedule) from [<c045c7bc>] (kthreadd+0x180/0x184)
[  209.595520] [<c045c7bc>] (kthreadd) from [<c0407d28>] (ret_from_fork+0x14/0x2c)
[  209.602796] ksoftirqd/0     S c0c7c530     0     3      2 0x00000000
[  209.609134] [<c0c7c530>] (__schedule) from [<c0c7c908>] (schedule+0x44/0x9c)
[  209.616158] [<c0c7c908>] (schedule) from [<c045efa8>] (smpboot_thread_fn+0xc8/0x194)
[  209.623874] [<c045efa8>] (smpboot_thread_fn) from [<c045bfd8>] (kthread+0xdc/0xf4)
[  209.631414] [<c045bfd8>] (kthread) from [<c0407d28>] (ret_from_fork+0x14/0x2c)
[  209.638603] kworker/0:0     S c0c7c530     0     4      2 0x00000000
[  209.644946] [<c0c7c530>] (__schedule) from [<c0c7c908>] (schedule+0x44/0x9c)
[  209.651967] [<c0c7c908>] (schedule) from [<c0456ddc>] (worker_thread+0xd8/0x510)
[  209.659333] [<c0456ddc>] (worker_thread) from [<c045bfd8>] (kthread+0xdc/0xf4)
[  209.666528] [<c045bfd8>] (kthread) from [<c0407d28>] (ret_from_fork+0x14/0x2c)
[  209.673717] kworker/0:0H    S c0c7c530     0     5      2 0x00000000
[  209.680056] [<c0c7c530>] (__schedule) from [<c0c7c908>] (schedule+0x44/0x9c)
[  209.687077] [<c0c7c908>] (schedule) from [<c0456ddc>] (worker_thread+0xd8/0x510)
[  209.694444] [<c0456ddc>] (worker_thread) from [<c045bfd8>] (kthread+0xdc/0xf4)
[  209.701639] [<c045bfd8>] (kthread) from [<c0407d28>] (ret_from_fork+0x14/0x2c)
[  209.708829] kworker/u4:0    S c0c7c530     0     6      2 0x00000000
[  209.715168] [<c0c7c530>] (__schedule) from [<c0c7c908>] (schedule+0x44/0x9c)
[  209.722189] [<c0c7c908>] (schedule) from [<c0456ddc>] (worker_thread+0xd8/0x510)
[  209.729556] [<c0456ddc>] (worker_thread) from [<c045bfd8>] (kthread+0xdc/0xf4)
[  209.736749] [<c045bfd8>] (kthread) from [<c0407d28>] (ret_from_fork+0x14/0x2c)
[  209.743938] rcu_sched       S c0c7c530     0     7      2 0x00000000
[  209.750275] [<c0c7c530>] (__schedule) from [<c0c7c908>] (schedule+0x44/0x9c)
[  209.757296] [<c0c7c908>] (schedule) from [<c0490b30>] (rcu_gp_kthread+0x94/0x950)
[  209.764750] [<c0490b30>] (rcu_gp_kthread) from [<c045bfd8>] (kthread+0xdc/0xf4)
[  209.772031] [<c045bfd8>] (kthread) from [<c0407d28>] (ret_from_fork+0x14/0x2c)
[  209.779221] rcu_bh          S c0c7c530     0     8      2 0x00000000
[  209.785558] [<c0c7c530>] (__schedule) from [<c0c7c908>] (schedule+0x44/0x9c)
[  209.792579] [<c0c7c908>] (schedule) from [<c0490b30>] (rcu_gp_kthread+0x94/0x950)
[  209.800033] [<c0490b30>] (rcu_gp_kthread) from [<c045bfd8>] (kthread+0xdc/0xf4)
[  209.807313] [<c045bfd8>] (kthread) from [<c0407d28>] (ret_from_fork+0x14/0x2c)
[  209.814503] migration/0     S c0c7c530     0     9      2 0x00000000
[  209.820840] [<c0c7c530>] (__schedule) from [<c0c7c908>] (schedule+0x44/0x9c)
[  209.827861] [<c0c7c908>] (schedule) from [<c045efa8>] (smpboot_thread_fn+0xc8/0x194)
[  209.835575] [<c045efa8>] (smpboot_thread_fn) from [<c045bfd8>] (kthread+0xdc/0xf4)
[  209.843116] [<c045bfd8>] (kthread) from [<c0407d28>] (ret_from_fork+0x14/0x2c)
[  209.850305] watchdog/0      S c0c7c530     0    10      2 0x00000000
[  209.856643] [<c0c7c530>] (__schedule) from [<c0c7c908>] (schedule+0x44/0x9c)
[  209.863665] [<c0c7c908>] (schedule) from [<c045efa8>] (smpboot_thread_fn+0xc8/0x194)
[  209.871379] [<c045efa8>] (smpboot_thread_fn) from [<c045bfd8>] (kthread+0xdc/0xf4)
[  209.878920] [<c045bfd8>] (kthread) from [<c0407d28>] (ret_from_fork+0x14/0x2c)
[  209.886109] cpuhp/0         S c0c7c530     0    11      2 0x00000000
[  209.892447] [<c0c7c530>] (__schedule) from [<c0c7c908>] (schedule+0x44/0x9c)
[  209.899468] [<c0c7c908>] (schedule) from [<c045efa8>] (smpboot_thread_fn+0xc8/0x194)
[  209.907181] [<c045efa8>] (smpboot_thread_fn) from [<c045bfd8>] (kthread+0xdc/0xf4)
[  209.914721] [<c045bfd8>] (kthread) from [<c0407d28>] (ret_from_fork+0x14/0x2c)
[  209.921910] cpuhp/1         S c0c7c530     0    12      2 0x00000000
[  209.928247] [<c0c7c530>] (__schedule) from [<c0c7c908>] (schedule+0x44/0x9c)
[  209.935268] [<c0c7c908>] (schedule) from [<c045efa8>] (smpboot_thread_fn+0xc8/0x194)
[  209.942981] [<c045efa8>] (smpboot_thread_fn) from [<c045bfd8>] (kthread+0xdc/0xf4)
[  209.950521] [<c045bfd8>] (kthread) from [<c0407d28>] (ret_from_fork+0x14/0x2c)
[  209.957710] watchdog/1      S c0c7c530     0    13      2 0x00000000
[  209.964048] [<c0c7c530>] (__schedule) from [<c0c7c908>] (schedule+0x44/0x9c)
[  209.971069] [<c0c7c908>] (schedule) from [<c045efa8>] (smpboot_thread_fn+0xc8/0x194)
[  209.978783] [<c045efa8>] (smpboot_thread_fn) from [<c045bfd8>] (kthread+0xdc/0xf4)
[  209.986322] [<c045bfd8>] (kthread) from [<c0407d28>] (ret_from_fork+0x14/0x2c)
[  209.993511] migration/1     S c0c7c530     0    14      2 0x00000000
[  209.999849] [<c0c7c530>] (__schedule) from [<c0c7c908>] (schedule+0x44/0x9c)
[  210.006870] [<c0c7c908>] (schedule) from [<c045efa8>] (smpboot_thread_fn+0xc8/0x194)
[  210.014584] [<c045efa8>] (smpboot_thread_fn) from [<c045bfd8>] (kthread+0xdc/0xf4)
[  210.022124] [<c045bfd8>] (kthread) from [<c0407d28>] (ret_from_fork+0x14/0x2c)
[  210.029314] ksoftirqd/1     S c0c7c530     0    15      2 0x00000000
[  210.035651] [<c0c7c530>] (__schedule) from [<c0c7c908>] (schedule+0x44/0x9c)
[  210.042673] [<c0c7c908>] (schedule) from [<c045efa8>] (smpboot_thread_fn+0xc8/0x194)
[  210.050387] [<c045efa8>] (smpboot_thread_fn) from [<c045bfd8>] (kthread+0xdc/0xf4)
[  210.057926] [<c045bfd8>] (kthread) from [<c0407d28>] (ret_from_fork+0x14/0x2c)
[  210.065116] kworker/1:0     S c0c7c530     0    16      2 0x00000000
[  210.071456] [<c0c7c530>] (__schedule) from [<c0c7c908>] (schedule+0x44/0x9c)
[  210.078477] [<c0c7c908>] (schedule) from [<c0456ddc>] (worker_thread+0xd8/0x510)
[  210.085844] [<c0456ddc>] (worker_thread) from [<c045bfd8>] (kthread+0xdc/0xf4)
[  210.093037] [<c045bfd8>] (kthread) from [<c0407d28>] (ret_from_fork+0x14/0x2c)
[  210.100226] kworker/1:0H    S c0c7c530     0    17      2 0x00000000
[  210.106567] [<c0c7c530>] (__schedule) from [<c0c7c908>] (schedule+0x44/0x9c)
[  210.113587] [<c0c7c908>] (schedule) from [<c0456ddc>] (worker_thread+0xd8/0x510)
[  210.120954] [<c0456ddc>] (worker_thread) from [<c045bfd8>] (kthread+0xdc/0xf4)
[  210.128149] [<c045bfd8>] (kthread) from [<c0407d28>] (ret_from_fork+0x14/0x2c)
[  210.135338] kdevtmpfs       S c0c7c530     0    18      2 0x00000000
[  210.141674] [<c0c7c530>] (__schedule) from [<c0c7c908>] (schedule+0x44/0x9c)
[  210.148697] [<c0c7c908>] (schedule) from [<c088e7e4>] (devtmpfsd+0x314/0x320)
[  210.155806] [<c088e7e4>] (devtmpfsd) from [<c045bfd8>] (kthread+0xdc/0xf4)
[  210.162654] [<c045bfd8>] (kthread) from [<c0407d28>] (ret_from_fork+0x14/0x2c)
[  210.169844] khungtaskd      S c0c7c530     0    19      2 0x00000000
[  210.176180] [<c0c7c530>] (__schedule) from [<c0c7c908>] (schedule+0x44/0x9c)
[  210.183201] [<c0c7c908>] (schedule) from [<c0c7f39c>] (schedule_timeout+0x11c/0x1a8)
[  210.190921] [<c0c7f39c>] (schedule_timeout) from [<c04b6ee4>] (watchdog+0xb4/0x33c)
[  210.198550] [<c04b6ee4>] (watchdog) from [<c045bfd8>] (kthread+0xdc/0xf4)
[  210.205311] [<c045bfd8>] (kthread) from [<c0407d28>] (ret_from_fork+0x14/0x2c)
[  210.212500] oom_reaper      S c0c7c530     0    20      2 0x00000000
[  210.218838] [<c0c7c530>] (__schedule) from [<c0c7c908>] (schedule+0x44/0x9c)
[  210.225863] [<c0c7c908>] (schedule) from [<c04ce5fc>] (oom_reaper+0xb4/0x174)
[  210.232971] [<c04ce5fc>] (oom_reaper) from [<c045bfd8>] (kthread+0xdc/0xf4)
[  210.239906] [<c045bfd8>] (kthread) from [<c0407d28>] (ret_from_fork+0x14/0x2c)
[  210.247096] writeback       S c0c7c530     0    21      2 0x00000000
[  210.253435] [<c0c7c530>] (__schedule) from [<c0c7c908>] (schedule+0x44/0x9c)
[  210.260456] [<c0c7c908>] (schedule) from [<c0457510>] (rescuer_thread+0x2fc/0x364)
[  210.267996] [<c0457510>] (rescuer_thread) from [<c045bfd8>] (kthread+0xdc/0xf4)
[  210.275276] [<c045bfd8>] (kthread) from [<c0407d28>] (ret_from_fork+0x14/0x2c)
[  210.282466] kcompactd0      S c0c7c530     0    22      2 0x00000000
[  210.288803] [<c0c7c530>] (__schedule) from [<c0c7c908>] (schedule+0x44/0x9c)
[  210.295824] [<c0c7c908>] (schedule) from [<c04eb438>] (kcompactd+0x2dc/0x318)
[  210.302933] [<c04eb438>] (kcompactd) from [<c045bfd8>] (kthread+0xdc/0xf4)
[  210.309782] [<c045bfd8>] (kthread) from [<c0407d28>] (ret_from_fork+0x14/0x2c)
[  210.316970] crypto          S c0c7c530     0    23      2 0x00000000
[  210.323309] [<c0c7c530>] (__schedule) from [<c0c7c908>] (schedule+0x44/0x9c)
[  210.330330] [<c0c7c908>] (schedule) from [<c0457510>] (rescuer_thread+0x2fc/0x364)
[  210.337870] [<c0457510>] (rescuer_thread) from [<c045bfd8>] (kthread+0xdc/0xf4)
[  210.345151] [<c045bfd8>] (kthread) from [<c0407d28>] (ret_from_fork+0x14/0x2c)
[  210.352340] bioset          S c0c7c530     0    24      2 0x00000000
[  210.358680] [<c0c7c530>] (__schedule) from [<c0c7c908>] (schedule+0x44/0x9c)
[  210.365701] [<c0c7c908>] (schedule) from [<c0457510>] (rescuer_thread+0x2fc/0x364)
[  210.373241] [<c0457510>] (rescuer_thread) from [<c045bfd8>] (kthread+0xdc/0xf4)
[  210.380522] [<c045bfd8>] (kthread) from [<c0407d28>] (ret_from_fork+0x14/0x2c)
[  210.387711] kblockd         S c0c7c530     0    25      2 0x00000000
[  210.394052] [<c0c7c530>] (__schedule) from [<c0c7c908>] (schedule+0x44/0x9c)
[  210.401073] [<c0c7c908>] (schedule) from [<c0457510>] (rescuer_thread+0x2fc/0x364)
[  210.408613] [<c0457510>] (rescuer_thread) from [<c045bfd8>] (kthread+0xdc/0xf4)
[  210.415893] [<c045bfd8>] (kthread) from [<c0407d28>] (ret_from_fork+0x14/0x2c)
[  210.423083] ata_sff         S c0c7c530     0    26      2 0x00000000
[  210.429422] [<c0c7c530>] (__schedule) from [<c0c7c908>] (schedule+0x44/0x9c)
[  210.436443] [<c0c7c908>] (schedule) from [<c0457510>] (rescuer_thread+0x2fc/0x364)
[  210.443983] [<c0457510>] (rescuer_thread) from [<c045bfd8>] (kthread+0xdc/0xf4)
[  210.451264] [<c045bfd8>] (kthread) from [<c0407d28>] (ret_from_fork+0x14/0x2c)
[  210.458453] edac-poller     S c0c7c530     0    27      2 0x00000000
[  210.464793] [<c0c7c530>] (__schedule) from [<c0c7c908>] (schedule+0x44/0x9c)
[  210.471813] [<c0c7c908>] (schedule) from [<c0457510>] (rescuer_thread+0x2fc/0x364)
[  210.479353] [<c0457510>] (rescuer_thread) from [<c045bfd8>] (kthread+0xdc/0xf4)
[  210.486634] [<c045bfd8>] (kthread) from [<c0407d28>] (ret_from_fork+0x14/0x2c)
[  210.493823] devfreq_wq      S c0c7c530     0    28      2 0x00000000
[  210.500162] [<c0c7c530>] (__schedule) from [<c0c7c908>] (schedule+0x44/0x9c)
[  210.507182] [<c0c7c908>] (schedule) from [<c0457510>] (rescuer_thread+0x2fc/0x364)
[  210.514721] [<c0457510>] (rescuer_thread) from [<c045bfd8>] (kthread+0xdc/0xf4)
[  210.522002] [<c045bfd8>] (kthread) from [<c0407d28>] (ret_from_fork+0x14/0x2c)
[  210.529191] watchdogd       S c0c7c530     0    29      2 0x00000000
[  210.535531] [<c0c7c530>] (__schedule) from [<c0c7c908>] (schedule+0x44/0x9c)
[  210.542552] [<c0c7c908>] (schedule) from [<c0457510>] (rescuer_thread+0x2fc/0x364)
[  210.550091] [<c0457510>] (rescuer_thread) from [<c045bfd8>] (kthread+0xdc/0xf4)
[  210.557372] [<c045bfd8>] (kthread) from [<c0407d28>] (ret_from_fork+0x14/0x2c)
[  210.564561] rpciod          S c0c7c530     0    30      2 0x00000000
[  210.570900] [<c0c7c530>] (__schedule) from [<c0c7c908>] (schedule+0x44/0x9c)
[  210.577921] [<c0c7c908>] (schedule) from [<c0457510>] (rescuer_thread+0x2fc/0x364)
[  210.585461] [<c0457510>] (rescuer_thread) from [<c045bfd8>] (kthread+0xdc/0xf4)
[  210.592742] [<c045bfd8>] (kthread) from [<c0407d28>] (ret_from_fork+0x14/0x2c)
[  210.599932] kworker/0:1     S c0c7c530     0    31      2 0x00000000
[  210.606270] [<c0c7c530>] (__schedule) from [<c0c7c908>] (schedule+0x44/0x9c)
[  210.613290] [<c0c7c908>] (schedule) from [<c0456ddc>] (worker_thread+0xd8/0x510)
[  210.620656] [<c0456ddc>] (worker_thread) from [<c045bfd8>] (kthread+0xdc/0xf4)
[  210.627850] [<c045bfd8>] (kthread) from [<c0407d28>] (ret_from_fork+0x14/0x2c)
[  210.635040] kswapd0         S c0c7c530     0    32      2 0x00000000
[  210.641378] [<c0c7c530>] (__schedule) from [<c0c7c908>] (schedule+0x44/0x9c)
[  210.648400] [<c0c7c908>] (schedule) from [<c04de8c0>] (kswapd+0x7b0/0x7e4)
[  210.655248] [<c04de8c0>] (kswapd) from [<c045bfd8>] (kthread+0xdc/0xf4)
[  210.661837] [<c045bfd8>] (kthread) from [<c0407d28>] (ret_from_fork+0x14/0x2c)
[  210.669027] vmstat          S c0c7c530     0    33      2 0x00000000
[  210.675366] [<c0c7c530>] (__schedule) from [<c0c7c908>] (schedule+0x44/0x9c)
[  210.682387] [<c0c7c908>] (schedule) from [<c0457510>] (rescuer_thread+0x2fc/0x364)
[  210.689926] [<c0457510>] (rescuer_thread) from [<c045bfd8>] (kthread+0xdc/0xf4)
[  210.697206] [<c045bfd8>] (kthread) from [<c0407d28>] (ret_from_fork+0x14/0x2c)
[  210.704396] nfsiod          S c0c7c530     0    34      2 0x00000000
[  210.710736] [<c0c7c530>] (__schedule) from [<c0c7c908>] (schedule+0x44/0x9c)
[  210.717757] [<c0c7c908>] (schedule) from [<c0457510>] (rescuer_thread+0x2fc/0x364)
[  210.725296] [<c0457510>] (rescuer_thread) from [<c045bfd8>] (kthread+0xdc/0xf4)
[  210.732577] [<c045bfd8>] (kthread) from [<c0407d28>] (ret_from_fork+0x14/0x2c)
[  210.739766] bioset          S c0c7c530     0    43      2 0x00000000
[  210.746105] [<c0c7c530>] (__schedule) from [<c0c7c908>] (schedule+0x44/0x9c)
[  210.753126] [<c0c7c908>] (schedule) from [<c0457510>] (rescuer_thread+0x2fc/0x364)
[  210.760665] [<c0457510>] (rescuer_thread) from [<c045bfd8>] (kthread+0xdc/0xf4)
[  210.767946] [<c045bfd8>] (kthread) from [<c0407d28>] (ret_from_fork+0x14/0x2c)
[  210.775135] bioset          S c0c7c530     0    44      2 0x00000000
[  210.781474] [<c0c7c530>] (__schedule) from [<c0c7c908>] (schedule+0x44/0x9c)
[  210.788495] [<c0c7c908>] (schedule) from [<c0457510>] (rescuer_thread+0x2fc/0x364)
[  210.796035] [<c0457510>] (rescuer_thread) from [<c045bfd8>] (kthread+0xdc/0xf4)
[  210.803315] [<c045bfd8>] (kthread) from [<c0407d28>] (ret_from_fork+0x14/0x2c)
[  210.810504] bioset          S c0c7c530     0    45      2 0x00000000
[  210.816844] [<c0c7c530>] (__schedule) from [<c0c7c908>] (schedule+0x44/0x9c)
[  210.823864] [<c0c7c908>] (schedule) from [<c0457510>] (rescuer_thread+0x2fc/0x364)
[  210.831404] [<c0457510>] (rescuer_thread) from [<c045bfd8>] (kthread+0xdc/0xf4)
[  210.838684] [<c045bfd8>] (kthread) from [<c0407d28>] (ret_from_fork+0x14/0x2c)
[  210.845873] bioset          S c0c7c530     0    46      2 0x00000000
[  210.852214] [<c0c7c530>] (__schedule) from [<c0c7c908>] (schedule+0x44/0x9c)
[  210.859235] [<c0c7c908>] (schedule) from [<c0457510>] (rescuer_thread+0x2fc/0x364)
[  210.866775] [<c0457510>] (rescuer_thread) from [<c045bfd8>] (kthread+0xdc/0xf4)
[  210.874055] [<c045bfd8>] (kthread) from [<c0407d28>] (ret_from_fork+0x14/0x2c)
[  210.881244] bioset          S c0c7c530     0    47      2 0x00000000
[  210.887583] [<c0c7c530>] (__schedule) from [<c0c7c908>] (schedule+0x44/0x9c)
[  210.894604] [<c0c7c908>] (schedule) from [<c0457510>] (rescuer_thread+0x2fc/0x364)
[  210.902144] [<c0457510>] (rescuer_thread) from [<c045bfd8>] (kthread+0xdc/0xf4)
[  210.909426] [<c045bfd8>] (kthread) from [<c0407d28>] (ret_from_fork+0x14/0x2c)
[  210.916615] bioset          S c0c7c530     0    48      2 0x00000000
[  210.922954] [<c0c7c530>] (__schedule) from [<c0c7c908>] (schedule+0x44/0x9c)
[  210.929975] [<c0c7c908>] (schedule) from [<c0457510>] (rescuer_thread+0x2fc/0x364)
[  210.937514] [<c0457510>] (rescuer_thread) from [<c045bfd8>] (kthread+0xdc/0xf4)
[  210.944795] [<c045bfd8>] (kthread) from [<c0407d28>] (ret_from_fork+0x14/0x2c)
[  210.951984] bioset          S c0c7c530     0    49      2 0x00000000
[  210.958323] [<c0c7c530>] (__schedule) from [<c0c7c908>] (schedule+0x44/0x9c)
[  210.965344] [<c0c7c908>] (schedule) from [<c0457510>] (rescuer_thread+0x2fc/0x364)
[  210.972883] [<c0457510>] (rescuer_thread) from [<c045bfd8>] (kthread+0xdc/0xf4)
[  210.980164] [<c045bfd8>] (kthread) from [<c0407d28>] (ret_from_fork+0x14/0x2c)
[  210.987353] bioset          S c0c7c530     0    50      2 0x00000000
[  210.993691] [<c0c7c530>] (__schedule) from [<c0c7c908>] (schedule+0x44/0x9c)
[  211.000712] [<c0c7c908>] (schedule) from [<c0457510>] (rescuer_thread+0x2fc/0x364)
[  211.008252] [<c0457510>] (rescuer_thread) from [<c045bfd8>] (kthread+0xdc/0xf4)
[  211.015533] [<c045bfd8>] (kthread) from [<c0407d28>] (ret_from_fork+0x14/0x2c)
[  211.022722] bioset          S c0c7c530     0    51      2 0x00000000
[  211.029063] [<c0c7c530>] (__schedule) from [<c0c7c908>] (schedule+0x44/0x9c)
[  211.036083] [<c0c7c908>] (schedule) from [<c0457510>] (rescuer_thread+0x2fc/0x364)
[  211.043623] [<c0457510>] (rescuer_thread) from [<c045bfd8>] (kthread+0xdc/0xf4)
[  211.050904] [<c045bfd8>] (kthread) from [<c0407d28>] (ret_from_fork+0x14/0x2c)
[  211.058093] bioset          S c0c7c530     0    52      2 0x00000000
[  211.064434] [<c0c7c530>] (__schedule) from [<c0c7c908>] (schedule+0x44/0x9c)
[  211.071454] [<c0c7c908>] (schedule) from [<c0457510>] (rescuer_thread+0x2fc/0x364)
[  211.078994] [<c0457510>] (rescuer_thread) from [<c045bfd8>] (kthread+0xdc/0xf4)
[  211.086274] [<c045bfd8>] (kthread) from [<c0407d28>] (ret_from_fork+0x14/0x2c)
[  211.093464] bioset          S c0c7c530     0    53      2 0x00000000
[  211.099804] [<c0c7c530>] (__schedule) from [<c0c7c908>] (schedule+0x44/0x9c)
[  211.106824] [<c0c7c908>] (schedule) from [<c0457510>] (rescuer_thread+0x2fc/0x364)
[  211.114364] [<c0457510>] (rescuer_thread) from [<c045bfd8>] (kthread+0xdc/0xf4)
[  211.121645] [<c045bfd8>] (kthread) from [<c0407d28>] (ret_from_fork+0x14/0x2c)
[  211.128834] bioset          S c0c7c530     0    54      2 0x00000000
[  211.135175] [<c0c7c530>] (__schedule) from [<c0c7c908>] (schedule+0x44/0x9c)
[  211.142196] [<c0c7c908>] (schedule) from [<c0457510>] (rescuer_thread+0x2fc/0x364)
[  211.149735] [<c0457510>] (rescuer_thread) from [<c045bfd8>] (kthread+0xdc/0xf4)
[  211.157016] [<c045bfd8>] (kthread) from [<c0407d28>] (ret_from_fork+0x14/0x2c)
[  211.164206] bioset          S c0c7c530     0    55      2 0x00000000
[  211.170544] [<c0c7c530>] (__schedule) from [<c0c7c908>] (schedule+0x44/0x9c)
[  211.177566] [<c0c7c908>] (schedule) from [<c0457510>] (rescuer_thread+0x2fc/0x364)
[  211.185105] [<c0457510>] (rescuer_thread) from [<c045bfd8>] (kthread+0xdc/0xf4)
[  211.192386] [<c045bfd8>] (kthread) from [<c0407d28>] (ret_from_fork+0x14/0x2c)
[  211.199575] bioset          S c0c7c530     0    56      2 0x00000000
[  211.205915] [<c0c7c530>] (__schedule) from [<c0c7c908>] (schedule+0x44/0x9c)
[  211.212936] [<c0c7c908>] (schedule) from [<c0457510>] (rescuer_thread+0x2fc/0x364)
[  211.220475] [<c0457510>] (rescuer_thread) from [<c045bfd8>] (kthread+0xdc/0xf4)
[  211.227756] [<c045bfd8>] (kthread) from [<c0407d28>] (ret_from_fork+0x14/0x2c)
[  211.234946] bioset          S c0c7c530     0    57      2 0x00000000
[  211.241285] [<c0c7c530>] (__schedule) from [<c0c7c908>] (schedule+0x44/0x9c)
[  211.248306] [<c0c7c908>] (schedule) from [<c0457510>] (rescuer_thread+0x2fc/0x364)
[  211.255846] [<c0457510>] (rescuer_thread) from [<c045bfd8>] (kthread+0xdc/0xf4)
[  211.263127] [<c045bfd8>] (kthread) from [<c0407d28>] (ret_from_fork+0x14/0x2c)
[  211.270316] bioset          S c0c7c530     0    58      2 0x00000000
[  211.276655] [<c0c7c530>] (__schedule) from [<c0c7c908>] (schedule+0x44/0x9c)
[  211.283675] [<c0c7c908>] (schedule) from [<c0457510>] (rescuer_thread+0x2fc/0x364)
[  211.291216] [<c0457510>] (rescuer_thread) from [<c045bfd8>] (kthread+0xdc/0xf4)
[  211.298497] [<c045bfd8>] (kthread) from [<c0407d28>] (ret_from_fork+0x14/0x2c)
[  211.305686] bioset          S c0c7c530     0    59      2 0x00000000
[  211.312027] [<c0c7c530>] (__schedule) from [<c0c7c908>] (schedule+0x44/0x9c)
[  211.319048] [<c0c7c908>] (schedule) from [<c0457510>] (rescuer_thread+0x2fc/0x364)
[  211.326588] [<c0457510>] (rescuer_thread) from [<c045bfd8>] (kthread+0xdc/0xf4)
[  211.333868] [<c045bfd8>] (kthread) from [<c0407d28>] (ret_from_fork+0x14/0x2c)
[  211.341057] bioset          S c0c7c530     0    60      2 0x00000000
[  211.347396] [<c0c7c530>] (__schedule) from [<c0c7c908>] (schedule+0x44/0x9c)
[  211.354416] [<c0c7c908>] (schedule) from [<c0457510>] (rescuer_thread+0x2fc/0x364)
[  211.361956] [<c0457510>] (rescuer_thread) from [<c045bfd8>] (kthread+0xdc/0xf4)
[  211.369236] [<c045bfd8>] (kthread) from [<c0407d28>] (ret_from_fork+0x14/0x2c)
[  211.376426] bioset          S c0c7c530     0    61      2 0x00000000
[  211.382766] [<c0c7c530>] (__schedule) from [<c0c7c908>] (schedule+0x44/0x9c)
[  211.389786] [<c0c7c908>] (schedule) from [<c0457510>] (rescuer_thread+0x2fc/0x364)
[  211.397326] [<c0457510>] (rescuer_thread) from [<c045bfd8>] (kthread+0xdc/0xf4)
[  211.404607] [<c045bfd8>] (kthread) from [<c0407d28>] (ret_from_fork+0x14/0x2c)
[  211.411796] bioset          S c0c7c530     0    62      2 0x00000000
[  211.418135] [<c0c7c530>] (__schedule) from [<c0c7c908>] (schedule+0x44/0x9c)
[  211.425156] [<c0c7c908>] (schedule) from [<c0457510>] (rescuer_thread+0x2fc/0x364)
[  211.432696] [<c0457510>] (rescuer_thread) from [<c045bfd8>] (kthread+0xdc/0xf4)
[  211.439977] [<c045bfd8>] (kthread) from [<c0407d28>] (ret_from_fork+0x14/0x2c)
[  211.447166] bioset          S c0c7c530     0    63      2 0x00000000
[  211.453507] [<c0c7c530>] (__schedule) from [<c0c7c908>] (schedule+0x44/0x9c)
[  211.460527] [<c0c7c908>] (schedule) from [<c0457510>] (rescuer_thread+0x2fc/0x364)
[  211.468067] [<c0457510>] (rescuer_thread) from [<c045bfd8>] (kthread+0xdc/0xf4)
[  211.475348] [<c045bfd8>] (kthread) from [<c0407d28>] (ret_from_fork+0x14/0x2c)
[  211.482538] bioset          S c0c7c530     0    64      2 0x00000000
[  211.488878] [<c0c7c530>] (__schedule) from [<c0c7c908>] (schedule+0x44/0x9c)
[  211.495899] [<c0c7c908>] (schedule) from [<c0457510>] (rescuer_thread+0x2fc/0x364)
[  211.503438] [<c0457510>] (rescuer_thread) from [<c045bfd8>] (kthread+0xdc/0xf4)
[  211.510719] [<c045bfd8>] (kthread) from [<c0407d28>] (ret_from_fork+0x14/0x2c)
[  211.517908] bioset          S c0c7c530     0    65      2 0x00000000
[  211.524246] [<c0c7c530>] (__schedule) from [<c0c7c908>] (schedule+0x44/0x9c)
[  211.531267] [<c0c7c908>] (schedule) from [<c0457510>] (rescuer_thread+0x2fc/0x364)
[  211.538807] [<c0457510>] (rescuer_thread) from [<c045bfd8>] (kthread+0xdc/0xf4)
[  211.546087] [<c045bfd8>] (kthread) from [<c0407d28>] (ret_from_fork+0x14/0x2c)
[  211.553277] bioset          S c0c7c530     0    66      2 0x00000000
[  211.559617] [<c0c7c530>] (__schedule) from [<c0c7c908>] (schedule+0x44/0x9c)
[  211.566639] [<c0c7c908>] (schedule) from [<c0457510>] (rescuer_thread+0x2fc/0x364)
[  211.574179] [<c0457510>] (rescuer_thread) from [<c045bfd8>] (kthread+0xdc/0xf4)
[  211.581460] [<c045bfd8>] (kthread) from [<c0407d28>] (ret_from_fork+0x14/0x2c)
[  211.588650] irq/31-21000400 S c0c7c530     0    67      2 0x00000000
[  211.594987] [<c0c7c530>] (__schedule) from [<c0c7c908>] (schedule+0x44/0x9c)
[  211.602009] [<c0c7c908>] (schedule) from [<c04859c8>] (irq_thread+0xb8/0x1ec)
[  211.609117] [<c04859c8>] (irq_thread) from [<c045bfd8>] (kthread+0xdc/0xf4)
[  211.616052] [<c045bfd8>] (kthread) from [<c0407d28>] (ret_from_fork+0x14/0x2c)
[  211.623242] spi0            S c0c7c530     0    68      2 0x00000000
[  211.629578] [<c0c7c530>] (__schedule) from [<c0c7c908>] (schedule+0x44/0x9c)
[  211.636600] [<c0c7c908>] (schedule) from [<c045c0fc>] (kthread_worker_fn+0x10c/0x19c)
[  211.644400] [<c045c0fc>] (kthread_worker_fn) from [<c045bfd8>] (kthread+0xdc/0xf4)
[  211.651940] [<c045bfd8>] (kthread) from [<c0407d28>] (ret_from_fork+0x14/0x2c)
[  211.659129] bioset          S c0c7c530     0    69      2 0x00000000
[  211.665468] [<c0c7c530>] (__schedule) from [<c0c7c908>] (schedule+0x44/0x9c)
[  211.672489] [<c0c7c908>] (schedule) from [<c0457510>] (rescuer_thread+0x2fc/0x364)
[  211.680028] [<c0457510>] (rescuer_thread) from [<c045bfd8>] (kthread+0xdc/0xf4)
[  211.687309] [<c045bfd8>] (kthread) from [<c0407d28>] (ret_from_fork+0x14/0x2c)
[  211.694498] bioset          S c0c7c530     0    70      2 0x00000000
[  211.700838] [<c0c7c530>] (__schedule) from [<c0c7c908>] (schedule+0x44/0x9c)
[  211.707859] [<c0c7c908>] (schedule) from [<c0457510>] (rescuer_thread+0x2fc/0x364)
[  211.715398] [<c0457510>] (rescuer_thread) from [<c045bfd8>] (kthread+0xdc/0xf4)
[  211.722679] [<c045bfd8>] (kthread) from [<c0407d28>] (ret_from_fork+0x14/0x2c)
[  211.729868] irq/32-21000600 S c0c7c530     0    71      2 0x00000000
[  211.736205] [<c0c7c530>] (__schedule) from [<c0c7c908>] (schedule+0x44/0x9c)
[  211.743225] [<c0c7c908>] (schedule) from [<c04859c8>] (irq_thread+0xb8/0x1ec)
[  211.750332] [<c04859c8>] (irq_thread) from [<c045bfd8>] (kthread+0xdc/0xf4)
[  211.757266] [<c045bfd8>] (kthread) from [<c0407d28>] (ret_from_fork+0x14/0x2c)
[  211.764455] spi1            S c0c7c530     0    72      2 0x00000000
[  211.770792] [<c0c7c530>] (__schedule) from [<c0c7c908>] (schedule+0x44/0x9c)
[  211.777814] [<c0c7c908>] (schedule) from [<c045c0fc>] (kthread_worker_fn+0x10c/0x19c)
[  211.785613] [<c045c0fc>] (kthread_worker_fn) from [<c045bfd8>] (kthread+0xdc/0xf4)
[  211.793153] [<c045bfd8>] (kthread) from [<c0407d28>] (ret_from_fork+0x14/0x2c)
[  211.800343] kworker/u4:1    S c0c7c530     0    73      2 0x00000000
[  211.806682] [<c0c7c530>] (__schedule) from [<c0c7c908>] (schedule+0x44/0x9c)
[  211.813702] [<c0c7c908>] (schedule) from [<c0456ddc>] (worker_thread+0xd8/0x510)
[  211.821069] [<c0456ddc>] (worker_thread) from [<c045bfd8>] (kthread+0xdc/0xf4)
[  211.828263] [<c045bfd8>] (kthread) from [<c0407d28>] (ret_from_fork+0x14/0x2c)
[  211.835453] kworker/1:1     S c0c7c530     0    76      2 0x00000000
[  211.841791] [<c0c7c530>] (__schedule) from [<c0c7c908>] (schedule+0x44/0x9c)
[  211.848812] [<c0c7c908>] (schedule) from [<c0456ddc>] (worker_thread+0xd8/0x510)
[  211.856179] [<c0456ddc>] (worker_thread) from [<c045bfd8>] (kthread+0xdc/0xf4)
[  211.863373] [<c045bfd8>] (kthread) from [<c0407d28>] (ret_from_fork+0x14/0x2c)
[  211.870563] kpsmoused       S c0c7c530     0    77      2 0x00000000
[  211.876902] [<c0c7c530>] (__schedule) from [<c0c7c908>] (schedule+0x44/0x9c)
[  211.883923] [<c0c7c908>] (schedule) from [<c0457510>] (rescuer_thread+0x2fc/0x364)
[  211.891463] [<c0457510>] (rescuer_thread) from [<c045bfd8>] (kthread+0xdc/0xf4)
[  211.898743] [<c045bfd8>] (kthread) from [<c0407d28>] (ret_from_fork+0x14/0x2c)
[  211.905933] bioset          S c0c7c530     0    78      2 0x00000000
[  211.912272] [<c0c7c530>] (__schedule) from [<c0c7c908>] (schedule+0x44/0x9c)
[  211.919292] [<c0c7c908>] (schedule) from [<c0457510>] (rescuer_thread+0x2fc/0x364)
[  211.926832] [<c0457510>] (rescuer_thread) from [<c045bfd8>] (kthread+0xdc/0xf4)
[  211.934112] [<c045bfd8>] (kthread) from [<c0407d28>] (ret_from_fork+0x14/0x2c)
[  211.941302] bioset          S c0c7c530     0    79      2 0x00000000
[  211.947642] [<c0c7c530>] (__schedule) from [<c0c7c908>] (schedule+0x44/0x9c)
[  211.954662] [<c0c7c908>] (schedule) from [<c0457510>] (rescuer_thread+0x2fc/0x364)
[  211.962202] [<c0457510>] (rescuer_thread) from [<c045bfd8>] (kthread+0xdc/0xf4)
[  211.969482] [<c045bfd8>] (kthread) from [<c0407d28>] (ret_from_fork+0x14/0x2c)
[  211.976672] bioset          S c0c7c530     0    80      2 0x00000000
[  211.983011] [<c0c7c530>] (__schedule) from [<c0c7c908>] (schedule+0x44/0x9c)
[  211.990032] [<c0c7c908>] (schedule) from [<c0457510>] (rescuer_thread+0x2fc/0x364)
[  211.997572] [<c0457510>] (rescuer_thread) from [<c045bfd8>] (kthread+0xdc/0xf4)
[  212.004853] [<c045bfd8>] (kthread) from [<c0407d28>] (ret_from_fork+0x14/0x2c)
[  212.012041] ipv6_addrconf   S c0c7c530     0    81      2 0x00000000
[  212.018382] [<c0c7c530>] (__schedule) from [<c0c7c908>] (schedule+0x44/0x9c)
[  212.025403] [<c0c7c908>] (schedule) from [<c0457510>] (rescuer_thread+0x2fc/0x364)
[  212.032942] [<c0457510>] (rescuer_thread) from [<c045bfd8>] (kthread+0xdc/0xf4)
[  212.040222] [<c045bfd8>] (kthread) from [<c0407d28>] (ret_from_fork+0x14/0x2c)
[  212.047411] deferwq         S c0c7c530     0    82      2 0x00000000
[  212.053751] [<c0c7c530>] (__schedule) from [<c0c7c908>] (schedule+0x44/0x9c)
[  212.060771] [<c0c7c908>] (schedule) from [<c0457510>] (rescuer_thread+0x2fc/0x364)
[  212.068311] [<c0457510>] (rescuer_thread) from [<c045bfd8>] (kthread+0xdc/0xf4)
[  212.075592] [<c045bfd8>] (kthread) from [<c0407d28>] (ret_from_fork+0x14/0x2c)
[  212.082781] kworker/0:1H    S c0c7c530     0    83      2 0x00000000
[  212.089120] [<c0c7c530>] (__schedule) from [<c0c7c908>] (schedule+0x44/0x9c)
[  212.096141] [<c0c7c908>] (schedule) from [<c0456ddc>] (worker_thread+0xd8/0x510)
[  212.103508] [<c0456ddc>] (worker_thread) from [<c045bfd8>] (kthread+0xdc/0xf4)
[  212.110702] [<c045bfd8>] (kthread) from [<c0407d28>] (ret_from_fork+0x14/0x2c)
[  212.117891] kworker/0:2H    S c0c7c530     0    84      2 0x00000000
[  212.124231] [<c0c7c530>] (__schedule) from [<c0c7c908>] (schedule+0x44/0x9c)
[  212.131251] [<c0c7c908>] (schedule) from [<c0456ddc>] (worker_thread+0xd8/0x510)
[  212.138617] [<c0456ddc>] (worker_thread) from [<c045bfd8>] (kthread+0xdc/0xf4)
[  212.145811] [<c045bfd8>] (kthread) from [<c0407d28>] (ret_from_fork+0x14/0x2c)
[  212.153003] Sched Debug Version: v0.11, 4.6.0-rc7-next-20160512-00002-g3d88236f8c47 #1
[  212.160887] ktime                                   : 212151.179524
[  212.167124] sched_clk                               : 212153.000937
[  212.173362] cpu_clk                                 : 212153.001088
[  212.179599] jiffies                                 : 4294949697
[  212.185575] 
[  212.187052] sysctl_sched
[  212.189569]   .sysctl_sched_latency                    : 12.000000
[  212.195720]   .sysctl_sched_min_granularity            : 1.500000
[  212.201784]   .sysctl_sched_wakeup_granularity         : 2.000000
[  212.207848]   .sysctl_sched_child_runs_first           : 0
[  212.213307]   .sysctl_sched_features                   : 44859
[  212.219112]   .sysctl_sched_tunable_scaling            : 1 (logaritmic)
[  212.225695] 
[  212.227172] cpu#0
[  212.229082]   .nr_running                    : 0
[  212.233676]   .load                          : 0
[  212.238269]   .nr_switches                   : 28797
[  212.243208]   .nr_load_updates               : 36375
[  212.248147]   .nr_uninterruptible            : -1
[  212.252827]   .next_balance                  : 4294.949193
[  212.258286]   .curr->pid                     : 0
[  212.262879]   .clock                         : 209481.832394
[  212.268510]   .clock_task                    : 209481.832394
[  212.274141]   .cpu_load[0]                   : 0
[  212.278733]   .cpu_load[1]                   : 0
[  212.283326]   .cpu_load[2]                   : 0
[  212.287919]   .cpu_load[3]                   : 0
[  212.292511]   .cpu_load[4]                   : 0
[  212.297104]   .avg_idle                      : 1000000
[  212.302216]   .max_idle_balance_cost         : 500000
[  212.307242] 
[  212.307242] cfs_rq[0]:
[  212.311056]   .exec_clock                    : 0.000000
[  212.316255]   .MIN_vruntime                  : 0.000001
[  212.321454]   .min_vruntime                  : 3301.286045
[  212.326912]   .max_vruntime                  : 0.000001
[  212.332112]   .spread                        : 0.000000
[  212.337310]   .spread0                       : 0.000000
[  212.342509]   .nr_spread_over                : 0
[  212.347101]   .nr_running                    : 0
[  212.351694]   .load                          : 0
[  212.356287]   .load_avg                      : 0
[  212.360880]   .runnable_load_avg             : 0
[  212.365472]   .util_avg                      : 0
[  212.370065]   .removed_load_avg              : 0
[  212.374658]   .removed_util_avg              : 0
[  212.379251] 
[  212.379251] rt_rq[0]:
[  212.382979]   .rt_nr_running                 : 0
[  212.387572]   .rt_throttled                  : 0
[  212.392165]   .rt_time                       : 0.000000
[  212.397364]   .rt_runtime                    : 950.000000
[  212.402735] 
[  212.402735] dl_rq[0]:
[  212.406463]   .dl_nr_running                 : 0
[  212.411057]   .dl_bw->bw                     : 996147
[  212.416082]   .dl_bw->total_bw               : 0
[  212.420676] 
[  212.420676] runnable tasks:
[  212.420676]             task   PID         tree-key  switches  prio     wait-time             sum-exec        sum-sleep
[  212.420676] ----------------------------------------------------------------------------------------------------------
[  212.446302]        swapper/0     1      3295.313040       819   120         0.000000      1355.039532         0.000000
[  212.456967]         kthreadd     2      2611.049236        80   120         0.000000         1.606376         0.000000
[  212.467633]      ksoftirqd/0     3      3299.489040     13260   120         0.000000      2051.036305         0.000000
[  212.478298]      kworker/0:0     4        63.818981        11   120         0.000000         1.754208         0.000000
[  212.488963]     kworker/0:0H     5      3301.286045     13387   100         0.000000    177941.587870         0.000000
[  212.499628]     kworker/u4:0     6      3295.295470        17   120         0.000000         0.727809         0.000000
[  212.510292]           rcu_bh     8        16.094151         2   120         0.000000         0.004648         0.000000
[  212.520958]      migration/0     9         0.000000         6     0         0.000000         0.197531         0.000000
[  212.531621]       watchdog/0    10         0.000000        55     0         0.000000         0.993704         0.000000
[  212.542285]          cpuhp/0    11        23.111118         3   120         0.000000         0.009500         0.000000
[  212.552954]      kworker/0:1    31      3295.296637       287   120         0.000000        14.739900         0.000000
[  212.563618]           bioset    44       824.738976         2   100         0.000000         0.009105         0.000000
[  212.574283]           bioset    46       830.744512         2   100         0.000000         0.008259         0.000000
[  212.584948]           bioset    48       836.751106         2   100         0.000000         0.008964         0.000000
[  212.595612]           bioset    50       842.757264         2   100         0.000000         0.008359         0.000000
[  212.606277]           bioset    52       848.762570         2   100         0.000000         0.008414         0.000000
[  212.616941]           bioset    54       854.767697         2   100         0.000000         0.007492         0.000000
[  212.627605]           bioset    56       860.773717         2   100         0.000000         0.008489         0.000000
[  212.638269]           bioset    58       866.781106         2   100         0.000000         0.010161         0.000000
[  212.648933]           bioset    60       875.401848         2   100         0.000000         0.010145         0.000000
[  212.659598]           bioset    61       881.408533         2   100         0.000000         0.009961         0.000000
[  212.670262]           bioset    63       887.414778         2   100         0.000000         0.008869         0.000000
[  212.680927]           bioset    65       893.421100         2   100         0.000000         0.008960         0.000000
[  212.691591]           bioset    66       899.427175         2   100         0.000000         0.008514         0.000000
[  212.702255]           bioset    69       939.847548         2   100         0.000000         0.009460         0.000000
[  212.712919]  irq/32-21000600    71         0.000000         2    49         0.000000         0.013552         0.000000
[  212.723583]     kworker/u4:1    73      1004.508909         2   120         0.000000         0.007047         0.000000
[  212.734247]        kpsmoused    77      1106.374925         2   100         0.000000         0.014084         0.000000
[  212.744911]           bioset    78      1166.153303         2   100         0.000000         0.009795         0.000000
[  212.755576]     kworker/0:1H    83      2611.022505         4   100         0.000000         0.056020         0.000000
[  212.766241]     kworker/0:2H    84      3295.285226         3   100         0.000000         0.028154         0.000000
[  212.776907] 
[  212.778385] cpu#1
[  212.780295]   .nr_running                    : 0
[  212.784888]   .load                          : 0
[  212.789481]   .nr_switches                   : 93727
[  212.794420]   .nr_load_updates               : 36163
[  212.799360]   .nr_uninterruptible            : 2
[  212.803953]   .next_balance                  : 4294.949295
[  212.809411]   .curr->pid                     : 0
[  212.814004]   .clock                         : 212006.842290
[  212.819635]   .clock_task                    : 212006.842290
[  212.825267]   .cpu_load[0]                   : 0
[  212.829859]   .cpu_load[1]                   : 0
[  212.834451]   .cpu_load[2]                   : 0
[  212.839044]   .cpu_load[3]                   : 0
[  212.843636]   .cpu_load[4]                   : 0
[  212.848229]   .avg_idle                      : 1000000
[  212.853340]   .max_idle_balance_cost         : 500000
[  212.858366] 
[  212.858366] cfs_rq[1]:
[  212.862181]   .exec_clock                    : 0.000000
[  212.867380]   .MIN_vruntime                  : 0.000001
[  212.872578]   .min_vruntime                  : 843.916648
[  212.877949]   .max_vruntime                  : 0.000001
[  212.883148]   .spread                        : 0.000000
[  212.888347]   .spread0                       : -2457.369397
[  212.893892]   .nr_spread_over                : 0
[  212.898484]   .nr_running                    : 0
[  212.903077]   .load                          : 0
[  212.907670]   .load_avg                      : 0
[  212.912263]   .runnable_load_avg             : 0
[  212.916855]   .util_avg                      : 0
[  212.921447]   .removed_load_avg              : 0
[  212.926040]   .removed_util_avg              : 0
[  212.930632] 
[  212.930632] rt_rq[1]:
[  212.934360]   .rt_nr_running                 : 0
[  212.938953]   .rt_throttled                  : 0
[  212.943546]   .rt_time                       : 0.004928
[  212.948744]   .rt_runtime                    : 950.000000
[  212.954115] 
[  212.954115] dl_rq[1]:
[  212.957843]   .dl_nr_running                 : 0
[  212.962437]   .dl_bw->bw                     : 996147
[  212.967462]   .dl_bw->total_bw               : 0
[  212.972055] 
[  212.972055] runnable tasks:
[  212.972055]             task   PID         tree-key  switches  prio     wait-time             sum-exec        sum-sleep
[  212.972055] ----------------------------------------------------------------------------------------------------------
[  212.997681]        rcu_sched     7       843.916648     46041   120         0.000000       405.256300         0.000000
[  213.008346]          cpuhp/1    12        -3.999312         3   120         0.000000         0.053891         0.000000
[  213.019012]       watchdog/1    13        -2.992283        56     0         0.000000         0.320462         0.000000
[  213.029675]      migration/1    14         0.000000         5     0         0.000000         0.051833         0.000000
[  213.040339]      ksoftirqd/1    15       421.327114        36   120         0.000000         0.273204         0.000000
[  213.051003]      kworker/1:0    16       319.141903        43   120         0.000000         0.253885         0.000000
[  213.061667]     kworker/1:0H    17        65.234621         6   100         0.000000         0.028765         0.000000
[  213.072331]        kdevtmpfs    18       439.366267       667   120         0.000000         9.836751         0.000000
[  213.082995]       khungtaskd    19       664.149767         3   120         0.000000         0.038166         0.000000
[  213.093658]       oom_reaper    20        17.123819         2   120         0.000000         0.013842         0.000000
[  213.104323]        writeback    21        23.135271         2   100         0.000000         0.014733         0.000000
[  213.114986]       kcompactd0    22        29.152982         2   120         0.000000         0.017714         0.000000
[  213.125649]           crypto    23        35.164885         2   100         0.000000         0.014443         0.000000
[  213.136313]           bioset    24        41.175967         2   100         0.000000         0.013943         0.000000
[  213.146977]          kblockd    25        47.186633         2   100         0.000000         0.012536         0.000000
[  213.157642]          ata_sff    26        53.198250         2   100         0.000000         0.013977         0.000000
[  213.168305]      edac-poller    27        59.212557         2   100         0.000000         0.016336         0.000000
[  213.178970]       devfreq_wq    28        65.223484         2   100         0.000000         0.013392         0.000000
[  213.189632]        watchdogd    29        71.234509         2   100         0.000000         0.012945         0.000000
[  213.200295]           rpciod    30        77.261270         2   100         0.000000         0.020196         0.000000
[  213.210959]          kswapd0    32       120.805209         3   120         0.000000         0.040821         0.000000
[  213.221623]           vmstat    33        91.294279         2   100         0.000000         0.014193         0.000000
[  213.232287]           nfsiod    34        95.312770         2   100         0.000000         0.020823         0.000000
[  213.242950]           bioset    43       132.953473         2   100         0.000000         0.022430         0.000000
[  213.253614]           bioset    45       136.969154         2   100         0.000000         0.018119         0.000000
[  213.264278]           bioset    47       140.983820         2   100         0.000000         0.016772         0.000000
[  213.274944]           bioset    49       144.997402         2   100         0.000000         0.015584         0.000000
[  213.285610]           bioset    51       149.011181         2   100         0.000000         0.015881         0.000000
[  213.296273]           bioset    53       153.026056         2   100         0.000000         0.016862         0.000000
[  213.306937]           bioset    55       157.040059         2   100         0.000000         0.015941         0.000000
[  213.317602]           bioset    57       161.054263         2   100         0.000000         0.016266         0.000000
[  213.328266]           bioset    59       167.066534         2   100         0.000000         0.014488         0.000000
[  213.338931]           bioset    62       173.077790         2   100         0.000000         0.013156         0.000000
[  213.349595]           bioset    64       179.088885         2   100         0.000000         0.013020         0.000000
[  213.360259]  irq/31-21000400    67         0.000000         2    49         0.000000         0.022906         0.000000
[  213.370923]             spi0    68       185.106090         2   120         0.000000         0.011974         0.000000
[  213.381590]           bioset    70       191.120709         2   100         0.000000         0.016797         0.000000
[  213.392254]             spi1    72       197.135280         2   120         0.000000         0.014574         0.000000
[  213.402920]      kworker/1:1    76       439.383345        22   120         0.000000         0.272596         0.000000
[  213.413585]           bioset    79       433.305285         2   100         0.000000         0.018019         0.000000
[  213.424247]           bioset    80       439.320426         2   100         0.000000         0.017327         0.000000
[  213.434911]    ipv6_addrconf    81       439.329663         2   100         0.000000         0.016087         0.000000
[  213.445575]          deferwq    82       445.348854         2   100         0.000000         0.021749         0.000000
[  213.456239] 
[  213.457718] Showing busy workqueues and worker pools:
- 17:44:34 [INFO] [  219.770214] sysrq: SysRq : Show backtrace of all active CPUs
[  219.775853] Sending NMI to all CPUs:
[  219.779410] NMI backtrace for cpu 0
[  219.782881] CPU: 0 PID: 0 Comm: swapper/0 Not tainted 4.6.0-rc7-next-20160512-00002-g3d88236f8c47 #1
[  219.791974] Hardware name: Keystone
[  219.795451] [<c040faa8>] (unwind_backtrace) from [<c040b154>] (show_stack+0x10/0x14)
[  219.803167] [<c040b154>] (show_stack) from [<c068ded4>] (dump_stack+0x98/0xac)
[  219.810362] [<c068ded4>] (dump_stack) from [<c0691834>] (nmi_cpu_backtrace+0x88/0x8c)
[  219.818162] [<c0691834>] (nmi_cpu_backtrace) from [<c040d91c>] (raise_nmi+0x6c/0x70)
[  219.825873] [<c040d91c>] (raise_nmi) from [<c0691798>] (nmi_trigger_all_cpu_backtrace+0xf4/0x108)
[  219.834711] [<c0691798>] (nmi_trigger_all_cpu_backtrace) from [<c07b9644>] (__handle_sysrq+0xa8/0x16c)
[  219.843983] [<c07b9644>] (__handle_sysrq) from [<c07ce124>] (serial8250_rx_chars+0x19c/0x1f4)
[  219.852476] [<c07ce124>] (serial8250_rx_chars) from [<c07cf918>] (serial8250_handle_irq.part.9+0x64/0xc8)
[  219.862007] [<c07cf918>] (serial8250_handle_irq.part.9) from [<c07cf9e4>] (serial8250_default_handle_irq+0x54/0x7c)
[  219.872402] [<c07cf9e4>] (serial8250_default_handle_irq) from [<c07cccf8>] (serial8250_interrupt+0x3c/0xc0)
[  219.882106] [<c07cccf8>] (serial8250_interrupt) from [<c048472c>] (handle_irq_event_percpu+0x88/0x140)
[  219.891375] [<c048472c>] (handle_irq_event_percpu) from [<c0484828>] (handle_irq_event+0x44/0x68)
[  219.900213] [<c0484828>] (handle_irq_event) from [<c0487a00>] (handle_fasteoi_irq+0xb4/0x194)
[  219.908704] [<c0487a00>] (handle_fasteoi_irq) from [<c0483d98>] (generic_handle_irq+0x24/0x34)
[  219.917281] [<c0483d98>] (generic_handle_irq) from [<c0484048>] (__handle_domain_irq+0x5c/0xb4)
[  219.925945] [<c0484048>] (__handle_domain_irq) from [<c040172c>] (gic_handle_irq+0x54/0x98)
[  219.934261] [<c040172c>] (gic_handle_irq) from [<c040bc40>] (__irq_svc+0x40/0x54)
[  219.941710] Exception stack(0xc1601f40 to 0xc1601f88)
[  219.946739] 1f40: 00000001 00000000 00000000 c041aea0 c1600000 c16024ac 00000000 00000000
[  219.954883] 1f60: c15175c0 c1602518 c1602510 c1601f98 00000000 c1601f90 c0408748 c040874c
[  219.963024] 1f80: 60000013 ffffffff
[  219.966498] [<c040bc40>] (__irq_svc) from [<c040874c>] (arch_cpu_idle+0x38/0x3c)
[  219.973867] [<c040874c>] (arch_cpu_idle) from [<c0477a98>] (cpu_startup_entry+0x1c0/0x224)
[  219.982100] [<c0477a98>] (cpu_startup_entry) from [<c1400c70>] (start_kernel+0x394/0x3a0)
[  219.990244] [<c1400c70>] (start_kernel) from [<80208090>] (0x80208090)
[  219.996853] NMI backtrace for cpu 1
[  220.000323] CPU: 1 PID: 0 Comm: swapper/1 Not tainted 4.6.0-rc7-next-20160512-00002-g3d88236f8c47 #1
[  220.009417] Hardware name: Keystone
[  220.012885] task: ee86b480 ti: ee888000 task.ti: ee888000
[  220.018257] PC is at arch_cpu_idle+0x38/0x3c
[  220.022504] LR is at arch_cpu_idle+0x34/0x3c
[  220.026750] pc : [<c040874c>]    lr : [<c0408748>]    psr: 60000013
[  220.032988] sp : ee889fd8  ip : 00000000  fp : ee889fe0
[  220.038187] r10: c1602510  r9 : c1602518  r8 : c15175c0
[  220.043385] r7 : 00000000  r6 : 00000000  r5 : c16024ac  r4 : ee888000
[  220.049881] r3 : c041aea0  r2 : 00000000  r1 : 00000000  r0 : 00000001
[  220.056377] Flags: nZCv  IRQs on  FIQs on  Mode SVC_32  ISA ARM  Segment kernel
[  220.063653] Control: 30c5387d  Table: 00203000  DAC: 55555555
[  220.069371] CPU: 1 PID: 0 Comm: swapper/1 Not tainted 4.6.0-rc7-next-20160512-00002-g3d88236f8c47 #1
[  220.078463] Hardware name: Keystone
[  220.081931] [<c040faa8>] (unwind_backtrace) from [<c040b154>] (show_stack+0x10/0x14)
[  220.089639] [<c040b154>] (show_stack) from [<c068ded4>] (dump_stack+0x98/0xac)
[  220.096828] [<c068ded4>] (dump_stack) from [<c0691818>] (nmi_cpu_backtrace+0x6c/0x8c)
[  220.104623] [<c0691818>] (nmi_cpu_backtrace) from [<c040e174>] (handle_IPI+0xac/0x194)
[  220.112503] [<c040e174>] (handle_IPI) from [<c040176c>] (gic_handle_irq+0x94/0x98)
[  220.120037] [<c040176c>] (gic_handle_irq) from [<c040bc40>] (__irq_svc+0x40/0x54)
[  220.127486] Exception stack(0xee889f88 to 0xee889fd0)
[  220.132511] 9f80:                   00000001 00000000 00000000 c041aea0 ee888000 c16024ac
[  220.140652] 9fa0: 00000000 00000000 c15175c0 c1602518 c1602510 ee889fe0 00000000 ee889fd8
[  220.148793] 9fc0: c0408748 c040874c 60000013 ffffffff
[  220.153817] [<c040bc40>] (__irq_svc) from [<c040874c>] (arch_cpu_idle+0x38/0x3c)
[  220.161179] [<c040874c>] (arch_cpu_idle) from [<c0477a98>] (cpu_startup_entry+0x1c0/0x224)
[  220.169406] [<c0477a98>] (cpu_startup_entry) from [<80401c2c>] (0x80401c2c)
- 17:44:44 [INFO] [  230.026014] sysrq: SysRq : Show Blocked State
[  230.030355]   task                PC stack   pid father
[  230.035554] swapper/0       D c0c7c530     0     1      0 0x00000000
[  230.041897] [<c0c7c530>] (__schedule) from [<c0c7c908>] (schedule+0x44/0x9c)
[  230.048921] [<c0c7c908>] (schedule) from [<c0c5a974>] (rpc_wait_bit_killable+0x28/0xdc)
[  230.056895] [<c0c5a974>] (rpc_wait_bit_killable) from [<c0c7cd74>] (__wait_on_bit+0x84/0xc4)
[  230.065301] [<c0c7cd74>] (__wait_on_bit) from [<c0c7ce20>] (out_of_line_wait_on_bit+0x6c/0x74)
[  230.073880] [<c0c7ce20>] (out_of_line_wait_on_bit) from [<c0c5b528>] (__rpc_execute+0x1c4/0x29c)
[  230.082634] [<c0c5b528>] (__rpc_execute) from [<c0c55614>] (rpc_run_task+0x14c/0x164)
[  230.090434] [<c0c55614>] (rpc_run_task) from [<c0c55670>] (rpc_call_sync+0x44/0xc0)
[  230.098061] [<c0c55670>] (rpc_call_sync) from [<c0c55740>] (rpc_ping+0x54/0x70)
[  230.105343] [<c0c55740>] (rpc_ping) from [<c0c55838>] (rpc_create_xprt+0xdc/0xf4)
[  230.112797] [<c0c55838>] (rpc_create_xprt) from [<c0c558fc>] (rpc_create+0xac/0x13c)
[  230.120512] [<c0c558fc>] (rpc_create) from [<c05e5b30>] (nfs_mount+0xb8/0x150)
[  230.127708] [<c05e5b30>] (nfs_mount) from [<c05dd6a4>] (nfs_request_mount.constprop.1+0xdc/0x100)
[  230.136547] [<c05dd6a4>] (nfs_request_mount.constprop.1) from [<c05dd70c>] (nfs_try_mount+0x44/0x1f4)
[  230.145732] [<c05dd70c>] (nfs_try_mount) from [<c05dcfd0>] (nfs_fs_mount+0x290/0x888)
[  230.153533] [<c05dcfd0>] (nfs_fs_mount) from [<c051789c>] (mount_fs+0x14/0xa4)
[  230.160728] [<c051789c>] (mount_fs) from [<c0531114>] (vfs_kern_mount+0x4c/0x104)
[  230.168182] [<c0531114>] (vfs_kern_mount) from [<c0533fb0>] (do_mount+0x1a8/0xc6c)
[  230.175723] [<c0533fb0>] (do_mount) from [<c0534dc0>] (SyS_mount+0x74/0x9c)
[  230.182657] [<c0534dc0>] (SyS_mount) from [<c14013c4>] (mount_root+0x6c/0x124)
[  230.189850] [<c14013c4>] (mount_root) from [<c140160c>] (prepare_namespace+0x190/0x1d4)
[  230.197822] [<c140160c>] (prepare_namespace) from [<c1400e68>] (kernel_init_freeable+0x1ec/0x1fc)
[  230.206660] [<c1400e68>] (kernel_init_freeable) from [<c0c7ad90>] (kernel_init+0x8/0x114)
[  230.214806] [<c0c7ad90>] (kernel_init) from [<c0407d28>] (ret_from_fork+0x14/0x2c)
- 17:44:44 [INFO] Disconnected serial from k2l-evm
URL:gtsystest.telogy.design.ti.com/vatf/tigtfarm11/tigtfarm11_vatf@k2l-evm/tigtfarm1105_12_2016_17_40_00/files/session_iteration_1/test_1
