- 03:02:09 [INFO] Starting target session
- 03:02:09 [INFO] Connected to omap5-evm via serial 
- 03:02:09 [INFO] Host: #check prompt
- 03:02:12 [ERROR] On command: #check prompt waiting for #check prompt.+?(?-mix:((?-mix:login:)|[Pp]assword)) >>> error: execution expired
- 03:02:12 [INFO] Target: 
#check prompt
root@omap5-evm:/test# 
- 03:02:12 [INFO] Host: #check prompt
- 03:02:13 [INFO] Target: 
#check prompt
root@omap5-evm:/test# 
- 03:02:13 [INFO] Host: sync;poweroff
- 03:02:27 [INFO] Target: 
sync;poweroff
Broadcast message from root@omap5-evm (ttyS2) (Fri Apr  8 04:01:49 2016):
The system is going down for system halt NOW!
INIT: 
INIT: Sending processes the TERM signal
hwclock: can't open '/dev/misc/rtc': No such file or directory
Stopping syslogd/klogd: stopped syslogd (pid 266)
stopped klogd (pid 268)
done
Deconfiguring network interfaces... ifdown: interface eth0 not configured
done.
Sending all processes the TERM signal...
Sending all processes the KILL signal...
Unmounting remote filesystems...
[ 2032.062735] random: dd: uninitialized urandom read (512 bytes read, 80 bits of entropy available)
Deactivating swap...
Unmounting local filesystems...
[ 2034.177659] EXT4-fs (mmcblk1p2): re-mounted. Opts: data=ordered
[ 2036.415335] reboot: Power down
- 03:02:27 [INFO] Disconnected serial from omap5-evm
- 03:02:32 [INFO] Connected to omap5-evm via serial 
- 03:02:32 [INFO] Host: 
- 03:02:33 [INFO] Target: 
SATA link 0 timeout.
AHCI 0001.0300 32 slots 1 ports 3 Gbps 0x1 impl SATA mode
flags: 64bit ncq stag pm led clo only pmp pio slum part ccc apst 
scanning bus for devices...
Found 0 device(s).
Net:   No ethernet found.
Hit any key to stop autoboot:  2  0
=>  
=>  
=>  
=>  
- 03:02:33 [INFO] Host: 
- 03:02:33 [INFO] Target: 
- 03:02:33 [INFO] Host: version
- 03:02:33 [INFO] Target: 
version
U-Boot 2016.09-rc2-00020-g46fe9eb (Aug 25 2016 - 09:03:55 -0400)
arm-linux-gnueabihf-gcc (Linaro GCC 5.3-2016.02) 5.3.1 20160113
GNU ld (GNU Binutils) 2.25.0 Linaro 2015_10
- 03:02:33 [INFO] Host: setenv bootargs 'console=ttyO2,115200n8 earlyprintk=serial,ttyO2,115200n8 rootwait '
- 03:02:33 [INFO] Target: 
setenv bootargs 'console=ttyO2,115200n8 earlyprintk=serial,ttyO2,115200n8 rootwait '
- 03:02:33 [INFO] Host: setenv bootcmd  ''
- 03:02:33 [INFO] Target: 
setenv bootcmd  ''
- 03:02:33 [INFO] Host: setenv autoload 'no'
- 03:02:33 [INFO] Target: 
setenv autoload 'no'
- 03:02:33 [INFO] Host: setenv serverip '192.168.0.1'
- 03:02:33 [INFO] Target: 
setenv serverip '192.168.0.1'
- 03:02:33 [INFO] Host: setenv _initramfs -
- 03:02:34 [INFO] Target: 
setenv _initramfs -
- 03:02:34 [INFO] Host: printenv
- 03:02:34 [INFO] Target: 
printenv
_initramfs=-
arch=arm
args_mmc=run finduuid;setenv bootargs console=${console} ${optargs} root=PARTUUID=${uuid} rw rootfstype=${mmcrootfstype}
autoload=no
baudrate=115200
board=omap5_uevm
board_name=omap5_uevm
bootargs=console=ttyO2,115200n8 earlyprintk=serial,ttyO2,115200n8 rootwait 
bootcmd=
bootdelay=2
bootdir=/boot
bootenvfile=uEnv.txt
bootfile=zImage
bootm_size=0x10000000
bootpart=0:2
bootscript=echo Running bootscript from mmc${mmcdev} ...; source ${loadaddr}
console=ttyO2,115200n8
cpu=armv7
dfu_alt_info_emmc=rawemmc raw 0 3751936;boot part 1 1;rootfs part 1 2;MLO fat 1 1;MLO.raw raw 0x100 0x100;u-boot.img.raw raw 0x300 0x400;spl-os-args.raw raw 0x80 0x80;spl-os-image.raw raw 0x900 0x2000;spl-os-args fat 1 1;spl-os-image fat 1 1;u-boot.img fat 1 1;uEnv.txt fat 1 1
dfu_alt_info_mmc=boot part 0 1;rootfs part 0 2;MLO fat 0 1;MLO.raw raw 0x100 0x100;u-boot.img.raw raw 0x300 0x400;spl-os-args.raw raw 0x80 0x80;spl-os-image.raw raw 0x900 0x2000;spl-os-args fat 0 1;spl-os-image fat 0 1;u-boot.img fat 0 1;uEnv.txt fat 0 1
dfu_alt_info_ram=kernel ram 0x80200000 0x4000000;fdt ram 0x80f80000 0x80000;ramdisk ram 0x81000000 0x4000000
dfu_bufsiz=0x10000
dofastboot=0
envboot=mmc dev ${mmcdev}; if mmc rescan; then echo SD/MMC found on device ${mmcdev};if run loadbootscript; then run bootscript;else if run loadbootenv; then echo Loaded env from ${bootenvfile};run importbootenv;fi;if test -n $uenvcmd; then echo Running uenvcmd ...;run uenvcmd;fi;fi;fi;
fdt_addr_r=0x88000000
fdtaddr=0x88000000
fdtfile=undefined
findfdt=if test $board_name = omap5_uevm; then setenv fdtfile omap5-uevm.dtb; fi; if test $board_name = dra7xx; then setenv fdtfile dra7-evm.dtb; fi;if test $board_name = dra72x-revc; then setenv fdtfile dra72-evm-revc.dtb; fi;if test $board_name = dra72x; then setenv fdtfile dra72-evm.dtb; fi;if test $board_name = beagle_x15; then setenv fdtfile am57xx-beagle-x15.dtb; fi;if test $board_name = beagle_x15_revb1; then setenv fdtfile am57xx-beagle-x15-revb1.dtb; fi;if test $board_name = am57xx_evm; then setenv fdtfile am57xx-evm.dtb; fi;if test $board_name = am57xx_evm_reva3; then setenv fdtfile am57xx-evm-reva3.dtb; fi;if test $board_name = am572x_idk; then setenv fdtfile am572x-idk.dtb; fi;if test $board_name = am571x_idk; then setenv fdtfile am571x-idk.dtb; fi;if test $fdtfile = undefined; then echo WARNING: Could not determine device tree to use; fi; 
finduuid=part uuid mmc 0:2 uuid
importbootenv=echo Importing environment from mmc${mmcdev} ...; env import -t ${loadaddr} ${filesize}
kernel_addr_r=0x82000000
loadaddr=0x82000000
loadbootenv=fatload mmc ${mmcdev} ${loadaddr} ${bootenvfile}
loadbootscript=fatload mmc ${mmcdev} ${loadaddr} boot.scr
loadfdt=load mmc ${bootpart} ${fdtaddr} ${bootdir}/${fdtfile};
loadimage=load mmc ${bootpart} ${loadaddr} ${bootdir}/${bootfile}
mmcboot=mmc dev ${mmcdev}; if mmc rescan; then echo SD/MMC found on device ${mmcdev};if run loadimage; then run loadfdt; echo Booting from mmc${mmcdev} ...; run args_mmc; bootz ${loadaddr} - ${fdtaddr}; fi;fi;
mmcdev=0
mmcrootfstype=ext4 rootwait
netargs=setenv bootargs console=${console} ${optargs} root=/dev/nfs nfsroot=${serverip}:${rootpath},${nfsopts} rw ip=dhcp
netboot=echo Booting from network ...; setenv autoload no; dhcp; run netloadimage; run netloadfdt; run netargs; bootz ${loadaddr} - ${fdtaddr}
netloadfdt=tftp ${fdtaddr} ${fdtfile}
netloadimage=tftp ${loadaddr} ${bootfile}
nfsopts=nolock
partitions=uuid_disk=${uuid_gpt_disk};name=rootfs,start=2MiB,size=-,uuid=${uuid_gpt_rootfs}
pxefile_addr_r=0x80100000
ramdisk_addr_r=0x88080000
rdaddr=0x88080000
rootpath=/export/rootfs
scriptaddr=0x80000000
scsidevs=0
serverip=192.168.0.1
soc=omap5
static_ip=${ipaddr}:${serverip}:${gatewayip}:${netmask}:${hostname}::off
stderr=serial
stdin=serial
stdout=serial
usbethaddr=02:21:03:74:17:10
usbtty=cdc_acm
vendor=ti
ver=U-Boot 2016.09-rc2-00020-g46fe9eb (Aug 25 2016 - 09:03:55 -0400)
vram=16M
Environment size: 4044/131067 bytes
- 03:02:34 [INFO] Host: usb start
- 03:02:36 [INFO] Target: 
usb start
starting USB...
USB0:   USB EHCI 1.00
scanning bus 0 for devices... 2 USB Device(s) found
       scanning usb for storage devices... 0 Storage Device(s) found
       scanning usb for ethernet devices... 1 Ethernet Device(s) found
- 03:02:36 [INFO] Host: printenv
- 03:02:37 [INFO] Target: 
printenv
_initramfs=-
arch=arm
args_mmc=run finduuid;setenv bootargs console=${console} ${optargs} root=PARTUUID=${uuid} rw rootfstype=${mmcrootfstype}
autoload=no
baudrate=115200
board=omap5_uevm
board_name=omap5_uevm
bootargs=console=ttyO2,115200n8 earlyprintk=serial,ttyO2,115200n8 rootwait 
bootcmd=
bootdelay=2
bootdir=/boot
bootenvfile=uEnv.txt
bootfile=zImage
bootm_size=0x10000000
bootpart=0:2
bootscript=echo Running bootscript from mmc${mmcdev} ...; source ${loadaddr}
console=ttyO2,115200n8
cpu=armv7
dfu_alt_info_emmc=rawemmc raw 0 3751936;boot part 1 1;rootfs part 1 2;MLO fat 1 1;MLO.raw raw 0x100 0x100;u-boot.img.raw raw 0x300 0x400;spl-os-args.raw raw 0x80 0x80;spl-os-image.raw raw 0x900 0x2000;spl-os-args fat 1 1;spl-os-image fat 1 1;u-boot.img fat 1 1;uEnv.txt fat 1 1
dfu_alt_info_mmc=boot part 0 1;rootfs part 0 2;MLO fat 0 1;MLO.raw raw 0x100 0x100;u-boot.img.raw raw 0x300 0x400;spl-os-args.raw raw 0x80 0x80;spl-os-image.raw raw 0x900 0x2000;spl-os-args fat 0 1;spl-os-image fat 0 1;u-boot.img fat 0 1;uEnv.txt fat 0 1
dfu_alt_info_ram=kernel ram 0x80200000 0x4000000;fdt ram 0x80f80000 0x80000;ramdisk ram 0x81000000 0x4000000
dfu_bufsiz=0x10000
dofastboot=0
envboot=mmc dev ${mmcdev}; if mmc rescan; then echo SD/MMC found on device ${mmcdev};if run loadbootscript; then run bootscript;else if run loadbootenv; then echo Loaded env from ${bootenvfile};run importbootenv;fi;if test -n $uenvcmd; then echo Running uenvcmd ...;run uenvcmd;fi;fi;fi;
ethact=sms0
fdt_addr_r=0x88000000
fdtaddr=0x88000000
fdtfile=undefined
findfdt=if test $board_name = omap5_uevm; then setenv fdtfile omap5-uevm.dtb; fi; if test $board_name = dra7xx; then setenv fdtfile dra7-evm.dtb; fi;if test $board_name = dra72x-revc; then setenv fdtfile dra72-evm-revc.dtb; fi;if test $board_name = dra72x; then setenv fdtfile dra72-evm.dtb; fi;if test $board_name = beagle_x15; then setenv fdtfile am57xx-beagle-x15.dtb; fi;if test $board_name = beagle_x15_revb1; then setenv fdtfile am57xx-beagle-x15-revb1.dtb; fi;if test $board_name = am57xx_evm; then setenv fdtfile am57xx-evm.dtb; fi;if test $board_name = am57xx_evm_reva3; then setenv fdtfile am57xx-evm-reva3.dtb; fi;if test $board_name = am572x_idk; then setenv fdtfile am572x-idk.dtb; fi;if test $board_name = am571x_idk; then setenv fdtfile am571x-idk.dtb; fi;if test $fdtfile = undefined; then echo WARNING: Could not determine device tree to use; fi; 
finduuid=part uuid mmc 0:2 uuid
importbootenv=echo Importing environment from mmc${mmcdev} ...; env import -t ${loadaddr} ${filesize}
kernel_addr_r=0x82000000
loadaddr=0x82000000
loadbootenv=fatload mmc ${mmcdev} ${loadaddr} ${bootenvfile}
loadbootscript=fatload mmc ${mmcdev} ${loadaddr} boot.scr
loadfdt=load mmc ${bootpart} ${fdtaddr} ${bootdir}/${fdtfile};
loadimage=load mmc ${bootpart} ${loadaddr} ${bootdir}/${bootfile}
mmcboot=mmc dev ${mmcdev}; if mmc rescan; then echo SD/MMC found on device ${mmcdev};if run loadimage; then run loadfdt; echo Booting from mmc${mmcdev} ...; run args_mmc; bootz ${loadaddr} - ${fdtaddr}; fi;fi;
mmcdev=0
mmcrootfstype=ext4 rootwait
netargs=setenv bootargs console=${console} ${optargs} root=/dev/nfs nfsroot=${serverip}:${rootpath},${nfsopts} rw ip=dhcp
netboot=echo Booting from network ...; setenv autoload no; dhcp; run netloadimage; run netloadfdt; run netargs; bootz ${loadaddr} - ${fdtaddr}
netloadfdt=tftp ${fdtaddr} ${fdtfile}
netloadimage=tftp ${loadaddr} ${bootfile}
nfsopts=nolock
partitions=uuid_disk=${uuid_gpt_disk};name=rootfs,start=2MiB,size=-,uuid=${uuid_gpt_rootfs}
pxefile_addr_r=0x80100000
ramdisk_addr_r=0x88080000
rdaddr=0x88080000
rootpath=/export/rootfs
scriptaddr=0x80000000
scsidevs=0
serverip=192.168.0.1
soc=omap5
static_ip=${ipaddr}:${serverip}:${gatewayip}:${netmask}:${hostname}::off
stderr=serial
stdin=serial
stdout=serial
usbethaddr=02:21:03:74:17:10
usbtty=cdc_acm
vendor=ti
ver=U-Boot 2016.09-rc2-00020-g46fe9eb (Aug 25 2016 - 09:03:55 -0400)
vram=16M
Environment size: 4058/131067 bytes
- 03:02:37 [INFO] Host: setenv bootargs ''${bootargs}' ip=:::::eth0:dhcp '
- 03:02:37 [INFO] Target: 
setenv bootargs ''${bootargs}' ip=:::::eth0:dhcp '
- 03:02:37 [INFO] Host: setenv serverip '192.168.0.1'
- 03:02:37 [INFO] Target: 
setenv serverip '192.168.0.1'
- 03:02:37 [INFO] Host: setenv autoload 'no'
- 03:02:37 [INFO] Target: 
setenv autoload 'no'
- 03:02:37 [INFO] Host: dhcp
- 03:02:40 [INFO] Target: 
dhcp
Waiting for Ethernet connection... done.
BOOTP broadcast 1
BOOTP broadcast 2
BOOTP broadcast 3
DHCP client bound to address 192.168.0.71 (1042 ms)
- 03:02:40 [INFO] Host: tftp ${loadaddr} 192.168.0.1:vatf_omap5-evm/5a5e76455a1fedd7bf9ac273e18eeb30
- 03:02:44 [INFO] Target: 
tftp ${loadaddr} 192.168.0.1:vatf_omap5-evm/5a5e76455a1fedd7bf9ac273e18eeb30
Waiting for Ethernet connection... done.
Using sms0 device
TFTP from server 192.168.0.1; our IP address is 192.168.0.71
Filename 'vatf_omap5-evm/5a5e76455a1fedd7bf9ac273e18eeb30'.
Load address: 0x82000000
Loading: *#################################################################
	 #################################################################
	 #################################################################
	 #################################################################
	 #################################################################
	 #################################################################
	 #################################################################
	 ############################
	 2.7 MiB/s
done
Bytes transferred = 7080040 (6c0868 hex)
CACHE: Misaligned operation at range [82000000, 826c0868]
- 03:02:44 [INFO] Host: tftp ${fdt_addr_r} 192.168.0.1:vatf_omap5-evm/a8db2c3e2c225339f483b5f3998db0d9
- 03:02:46 [INFO] Target: 
tftp ${fdt_addr_r} 192.168.0.1:vatf_omap5-evm/a8db2c3e2c225339f483b5f3998db0d9
Waiting for Ethernet connection... done.
Using sms0 device
TFTP from server 192.168.0.1; our IP address is 192.168.0.71
Filename 'vatf_omap5-evm/a8db2c3e2c225339f483b5f3998db0d9'.
Load address: 0x88000000
Loading: *####
	 2.2 MiB/s
done
Bytes transferred = 55300 (d804 hex)
CACHE: Misaligned operation at range [88000000, 8800d804]
- 03:02:46 [INFO] Host: ls mmc 0:1
- 03:02:46 [INFO] Target: 
ls mmc 0:1
    65764   mlo 
   329576   u-boot.img 
        4   ws-calibrate.rules 
3 file(s), 0 dir(s)
- 03:02:46 [INFO] Host: ls mmc 0:2
- 03:02:47 [INFO] Target: 
ls mmc 0:2
<DIR>       4096 .
<DIR>       4096 ..
<DIR>      16384 lost+found
<DIR>       4096 home
<DIR>       4096 media
<DIR>       4096 var
<DIR>       4096 sys
<DIR>       4096 boot
<DIR>       4096 dev
<DIR>       4096 usr
<DIR>       4096 bin
<DIR>       4096 mnt
<DIR>       4096 etc
<DIR>       4096 sbin
<SYM>          8 tmp
<DIR>       4096 proc
<DIR>       4096 run
<DIR>       4096 lib
<DIR>       4096 test
- 03:02:47 [INFO] Host: part uuid mmc 0:2
- 03:02:47 [INFO] Target: 
part uuid mmc 0:2
00000000-02
- 03:02:47 [INFO] Host: printenv
- 03:02:47 [INFO] Target: 
printenv
_initramfs=-
arch=arm
args_mmc=run finduuid;setenv bootargs console=${console} ${optargs} root=PARTUUID=${uuid} rw rootfstype=${mmcrootfstype}
autoload=no
baudrate=115200
board=omap5_uevm
board_name=omap5_uevm
bootargs=console=ttyO2,115200n8 earlyprintk=serial,ttyO2,115200n8 rootwait  ip=:::::eth0:dhcp 
bootcmd=
bootdelay=2
bootdir=/boot
bootenvfile=uEnv.txt
bootfile=zImage
bootm_size=0x10000000
bootpart=0:2
bootscript=echo Running bootscript from mmc${mmcdev} ...; source ${loadaddr}
console=ttyO2,115200n8
cpu=armv7
dfu_alt_info_emmc=rawemmc raw 0 3751936;boot part 1 1;rootfs part 1 2;MLO fat 1 1;MLO.raw raw 0x100 0x100;u-boot.img.raw raw 0x300 0x400;spl-os-args.raw raw 0x80 0x80;spl-os-image.raw raw 0x900 0x2000;spl-os-args fat 1 1;spl-os-image fat 1 1;u-boot.img fat 1 1;uEnv.txt fat 1 1
dfu_alt_info_mmc=boot part 0 1;rootfs part 0 2;MLO fat 0 1;MLO.raw raw 0x100 0x100;u-boot.img.raw raw 0x300 0x400;spl-os-args.raw raw 0x80 0x80;spl-os-image.raw raw 0x900 0x2000;spl-os-args fat 0 1;spl-os-image fat 0 1;u-boot.img fat 0 1;uEnv.txt fat 0 1
dfu_alt_info_ram=kernel ram 0x80200000 0x4000000;fdt ram 0x80f80000 0x80000;ramdisk ram 0x81000000 0x4000000
dfu_bufsiz=0x10000
dnsip=192.0.2.2
dofastboot=0
envboot=mmc dev ${mmcdev}; if mmc rescan; then echo SD/MMC found on device ${mmcdev};if run loadbootscript; then run bootscript;else if run loadbootenv; then echo Loaded env from ${bootenvfile};run importbootenv;fi;if test -n $uenvcmd; then echo Running uenvcmd ...;run uenvcmd;fi;fi;fi;
ethact=sms0
fdt_addr_r=0x88000000
fdtaddr=0x88000000
fdtfile=undefined
fileaddr=88000000
filesize=d804
findfdt=if test $board_name = omap5_uevm; then setenv fdtfile omap5-uevm.dtb; fi; if test $board_name = dra7xx; then setenv fdtfile dra7-evm.dtb; fi;if test $board_name = dra72x-revc; then setenv fdtfile dra72-evm-revc.dtb; fi;if test $board_name = dra72x; then setenv fdtfile dra72-evm.dtb; fi;if test $board_name = beagle_x15; then setenv fdtfile am57xx-beagle-x15.dtb; fi;if test $board_name = beagle_x15_revb1; then setenv fdtfile am57xx-beagle-x15-revb1.dtb; fi;if test $board_name = am57xx_evm; then setenv fdtfile am57xx-evm.dtb; fi;if test $board_name = am57xx_evm_reva3; then setenv fdtfile am57xx-evm-reva3.dtb; fi;if test $board_name = am572x_idk; then setenv fdtfile am572x-idk.dtb; fi;if test $board_name = am571x_idk; then setenv fdtfile am571x-idk.dtb; fi;if test $fdtfile = undefined; then echo WARNING: Could not determine device tree to use; fi; 
finduuid=part uuid mmc 0:2 uuid
gatewayip=192.168.0.1
importbootenv=echo Importing environment from mmc${mmcdev} ...; env import -t ${loadaddr} ${filesize}
ipaddr=192.168.0.71
kernel_addr_r=0x82000000
loadaddr=0x82000000
loadbootenv=fatload mmc ${mmcdev} ${loadaddr} ${bootenvfile}
loadbootscript=fatload mmc ${mmcdev} ${loadaddr} boot.scr
loadfdt=load mmc ${bootpart} ${fdtaddr} ${bootdir}/${fdtfile};
loadimage=load mmc ${bootpart} ${loadaddr} ${bootdir}/${bootfile}
mmcboot=mmc dev ${mmcdev}; if mmc rescan; then echo SD/MMC found on device ${mmcdev};if run loadimage; then run loadfdt; echo Booting from mmc${mmcdev} ...; run args_mmc; bootz ${loadaddr} - ${fdtaddr}; fi;fi;
mmcdev=0
mmcrootfstype=ext4 rootwait
netargs=setenv bootargs console=${console} ${optargs} root=/dev/nfs nfsroot=${serverip}:${rootpath},${nfsopts} rw ip=dhcp
netboot=echo Booting from network ...; setenv autoload no; dhcp; run netloadimage; run netloadfdt; run netargs; bootz ${loadaddr} - ${fdtaddr}
netloadfdt=tftp ${fdtaddr} ${fdtfile}
netloadimage=tftp ${loadaddr} ${bootfile}
netmask=255.255.255.0
nfsopts=nolock
partitions=uuid_disk=${uuid_gpt_disk};name=rootfs,start=2MiB,size=-,uuid=${uuid_gpt_rootfs}
pxefile_addr_r=0x80100000
ramdisk_addr_r=0x88080000
rdaddr=0x88080000
rootpath=/export/rootfs
scriptaddr=0x80000000
scsidevs=0
serverip=192.168.0.1
soc=omap5
static_ip=${ipaddr}:${serverip}:${gatewayip}:${netmask}:${hostname}::off
stderr=serial
stdin=serial
stdout=serial
usbethaddr=02:21:03:74:17:10
usbtty=cdc_acm
vendor=ti
ver=U-Boot 2016.09-rc2-00020-g46fe9eb (Aug 25 2016 - 09:03:55 -0400)
vram=16M
Environment size: 4201/131067 bytes
- 03:02:47 [INFO] Host: setenv bootargs ''${bootargs}' root=PARTUUID=00000000-02 rw rootfstype=ext4 rootwait '
- 03:02:47 [INFO] Target: 
setenv bootargs ''${bootargs}' root=PARTUUID=00000000-02 rw rootfstype=ext4 rootwait '
- 03:02:47 [INFO] Host: printenv
- 03:02:48 [INFO] Target: 
printenv
_initramfs=-
arch=arm
args_mmc=run finduuid;setenv bootargs console=${console} ${optargs} root=PARTUUID=${uuid} rw rootfstype=${mmcrootfstype}
autoload=no
baudrate=115200
board=omap5_uevm
board_name=omap5_uevm
bootargs=console=ttyO2,115200n8 earlyprintk=serial,ttyO2,115200n8 rootwait  ip=:::::eth0:dhcp  root=PARTUUID=00000000-02 rw rootfstype=ext4 rootwait 
bootcmd=
bootdelay=2
bootdir=/boot
bootenvfile=uEnv.txt
bootfile=zImage
bootm_size=0x10000000
bootpart=0:2
bootscript=echo Running bootscript from mmc${mmcdev} ...; source ${loadaddr}
console=ttyO2,115200n8
cpu=armv7
dfu_alt_info_emmc=rawemmc raw 0 3751936;boot part 1 1;rootfs part 1 2;MLO fat 1 1;MLO.raw raw 0x100 0x100;u-boot.img.raw raw 0x300 0x400;spl-os-args.raw raw 0x80 0x80;spl-os-image.raw raw 0x900 0x2000;spl-os-args fat 1 1;spl-os-image fat 1 1;u-boot.img fat 1 1;uEnv.txt fat 1 1
dfu_alt_info_mmc=boot part 0 1;rootfs part 0 2;MLO fat 0 1;MLO.raw raw 0x100 0x100;u-boot.img.raw raw 0x300 0x400;spl-os-args.raw raw 0x80 0x80;spl-os-image.raw raw 0x900 0x2000;spl-os-args fat 0 1;spl-os-image fat 0 1;u-boot.img fat 0 1;uEnv.txt fat 0 1
dfu_alt_info_ram=kernel ram 0x80200000 0x4000000;fdt ram 0x80f80000 0x80000;ramdisk ram 0x81000000 0x4000000
dfu_bufsiz=0x10000
dnsip=192.0.2.2
dofastboot=0
envboot=mmc dev ${mmcdev}; if mmc rescan; then echo SD/MMC found on device ${mmcdev};if run loadbootscript; then run bootscript;else if run loadbootenv; then echo Loaded env from ${bootenvfile};run importbootenv;fi;if test -n $uenvcmd; then echo Running uenvcmd ...;run uenvcmd;fi;fi;fi;
ethact=sms0
fdt_addr_r=0x88000000
fdtaddr=0x88000000
fdtfile=undefined
fileaddr=88000000
filesize=d804
findfdt=if test $board_name = omap5_uevm; then setenv fdtfile omap5-uevm.dtb; fi; if test $board_name = dra7xx; then setenv fdtfile dra7-evm.dtb; fi;if test $board_name = dra72x-revc; then setenv fdtfile dra72-evm-revc.dtb; fi;if test $board_name = dra72x; then setenv fdtfile dra72-evm.dtb; fi;if test $board_name = beagle_x15; then setenv fdtfile am57xx-beagle-x15.dtb; fi;if test $board_name = beagle_x15_revb1; then setenv fdtfile am57xx-beagle-x15-revb1.dtb; fi;if test $board_name = am57xx_evm; then setenv fdtfile am57xx-evm.dtb; fi;if test $board_name = am57xx_evm_reva3; then setenv fdtfile am57xx-evm-reva3.dtb; fi;if test $board_name = am572x_idk; then setenv fdtfile am572x-idk.dtb; fi;if test $board_name = am571x_idk; then setenv fdtfile am571x-idk.dtb; fi;if test $fdtfile = undefined; then echo WARNING: Could not determine device tree to use; fi; 
finduuid=part uuid mmc 0:2 uuid
gatewayip=192.168.0.1
importbootenv=echo Importing environment from mmc${mmcdev} ...; env import -t ${loadaddr} ${filesize}
ipaddr=192.168.0.71
kernel_addr_r=0x82000000
loadaddr=0x82000000
loadbootenv=fatload mmc ${mmcdev} ${loadaddr} ${bootenvfile}
loadbootscript=fatload mmc ${mmcdev} ${loadaddr} boot.scr
loadfdt=load mmc ${bootpart} ${fdtaddr} ${bootdir}/${fdtfile};
loadimage=load mmc ${bootpart} ${loadaddr} ${bootdir}/${bootfile}
mmcboot=mmc dev ${mmcdev}; if mmc rescan; then echo SD/MMC found on device ${mmcdev};if run loadimage; then run loadfdt; echo Booting from mmc${mmcdev} ...; run args_mmc; bootz ${loadaddr} - ${fdtaddr}; fi;fi;
mmcdev=0
mmcrootfstype=ext4 rootwait
netargs=setenv bootargs console=${console} ${optargs} root=/dev/nfs nfsroot=${serverip}:${rootpath},${nfsopts} rw ip=dhcp
netboot=echo Booting from network ...; setenv autoload no; dhcp; run netloadimage; run netloadfdt; run netargs; bootz ${loadaddr} - ${fdtaddr}
netloadfdt=tftp ${fdtaddr} ${fdtfile}
netloadimage=tftp ${loadaddr} ${bootfile}
netmask=255.255.255.0
nfsopts=nolock
partitions=uuid_disk=${uuid_gpt_disk};name=rootfs,start=2MiB,size=-,uuid=${uuid_gpt_rootfs}
pxefile_addr_r=0x80100000
ramdisk_addr_r=0x88080000
rdaddr=0x88080000
rootpath=/export/rootfs
scriptaddr=0x80000000
scsidevs=0
serverip=192.168.0.1
soc=omap5
static_ip=${ipaddr}:${serverip}:${gatewayip}:${netmask}:${hostname}::off
stderr=serial
stdin=serial
stdout=serial
usbethaddr=02:21:03:74:17:10
usbtty=cdc_acm
vendor=ti
ver=U-Boot 2016.09-rc2-00020-g46fe9eb (Aug 25 2016 - 09:03:55 -0400)
vram=16M
Environment size: 4256/131067 bytes
- 03:02:48 [INFO] Host: setenv bootcmd ''${bootcmd}' if iminfo ${loadaddr}; then bootm ${loadaddr} ${_initramfs} ${fdt_addr_r}; else bootz ${loadaddr} ${_initramfs} ${fdt_addr_r}; bootm ${loadaddr} ${_initramfs} ${fdt_addr_r}; fi'
- 03:02:48 [INFO] Target: 
setenv bootcmd ''${bootcmd}' if iminfo ${loadaddr}; then bootm ${loadaddr} ${_initramfs} ${fdt_addr_r}; else bootz ${loadaddr} ${_initramfs} ${fdt_addr_r}; bootm ${loadaddr} ${_initramfs} ${fdt_addr_r}; fi'
- 03:02:48 [INFO] Host: version
- 03:02:48 [INFO] Target: 
version
U-Boot 2016.09-rc2-00020-g46fe9eb (Aug 25 2016 - 09:03:55 -0400)
arm-linux-gnueabihf-gcc (Linaro GCC 5.3-2016.02) 5.3.1 20160113
GNU ld (GNU Binutils) 2.25.0 Linaro 2015_10
- 03:02:48 [INFO] Host: bdinfo
- 03:02:48 [INFO] Target: 
bdinfo
arch_number = 0x00000EC1
boot_params = 0x80000100
DRAM bank   = 0x00000000
-> start    = 0x80000000
-> size     = 0x7F000000
eth0name    = sms0
ethaddr     = (not set)
current eth = sms0
ip_addr     = 192.168.0.71
baudrate    = 115200 bps
TLB addr    = 0xFEFF0000
relocaddr   = 0xFEF5C000
reloc off   = 0x7E75C000
irq_sp      = 0xFDF3BEE0
sp start    = 0xFDF3BED0
- 03:02:48 [INFO] Host: mmc rescan; echo $?
- 03:02:48 [INFO] Target: 
mmc rescan; echo $?
- 03:02:48 [INFO] Host: fatwrite mmc ${mmcdev}:1 ${loadaddr} ws-calibrate.rules 4
- 03:02:48 [INFO] Target: 
fatwrite mmc ${mmcdev}:1 ${loadaddr} ws-calibrate.rules 4
writing ws-calibrate.rules
4 bytes written
- 03:02:48 [INFO] Host: boot
- 03:06:18 [ERROR] On command: boot waiting for boot.+?(?-mix:login:) >>> error: execution expired
- 03:06:18 [INFO] Target: 
boot
## Checking Image at 82000000 ...
Unknown image format!
## Flattened Device Tree blob at 88000000
   Booting using the fdt blob at 0x88000000
   Loading Device Tree to 8ffef000, end 8ffff803 ... OK
Starting kernel ...
[    0.000000] Booting Linux on physical CPU 0x0
[    0.000000] Linux version 4.9.0-rc1-next-20161021-00002-g1a6386eea130 (nmenon@horus) (gcc version 4.9.3 20150413 (prerelease) (Linaro GCC 4.9-2015.05) ) #3 SMP Fri Oct 21 01:56:06 CDT 2016
[    0.000000] CPU: ARMv7 Processor [412fc0f2] revision 2 (ARMv7), cr=30c5387d
[    0.000000] CPU: div instructions available: patching division code
[    0.000000] CPU: PIPT / VIPT nonaliasing data cache, PIPT instruction cache
[    0.000000] OF: fdt:Machine model: TI OMAP5 uEVM board
[    0.000000] efi: Getting EFI parameters from FDT:
[    0.000000] efi: UEFI not found.
[    0.000000] cma: Reserved 64 MiB at 0x00000000fa800000
[    0.000000] Memory policy: Data cache writealloc
[    0.000000] OMAP4: Map 0x00000000fed00000 to fe600000 for dram barrier
[    0.000000] OMAP5432 ES2.0
[    0.000000] percpu: Embedded 14 pages/cpu @eefc2000 s26624 r8192 d22528 u57344
[    0.000000] Built 1 zonelists in Zone order, mobility grouping on.  Total pages: 517888
[    0.000000] Kernel command line: console=ttyO2,115200n8 earlyprintk=serial,ttyO2,115200n8 rootwait  ip=:::::eth0:dhcp  root=PARTUUID=00000000-02 rw rootfstype=ext4 rootwait 
[    0.000000] PID hash table entries: 4096 (order: 2, 16384 bytes)
[    0.000000] Dentry cache hash table entries: 131072 (order: 7, 524288 bytes)
[    0.000000] Inode-cache hash table entries: 65536 (order: 6, 262144 bytes)
[    0.000000] Memory: 1974760K/2077696K available (10240K kernel code, 1124K rwdata, 3876K rodata, 2048K init, 348K bss, 37400K reserved, 65536K cma-reserved, 1225728K highmem)
[    0.000000] Virtual kernel memory layout:
[    0.000000]     vector  : 0xffff0000 - 0xffff1000   (   4 kB)
[    0.000000]     fixmap  : 0xffc00000 - 0xfff00000   (3072 kB)
[    0.000000]     vmalloc : 0xf0800000 - 0xff800000   ( 240 MB)
[    0.000000]     lowmem  : 0xc0000000 - 0xf0000000   ( 768 MB)
[    0.000000]     pkmap   : 0xbfe00000 - 0xc0000000   (   2 MB)
[    0.000000]     modules : 0xbf000000 - 0xbfe00000   (  14 MB)
[    0.000000]       .text : 0xc0208000 - 0xc0e00000   (12256 kB)
[    0.000000]       .init : 0xc1400000 - 0xc1600000   (2048 kB)
[    0.000000]       .data : 0xc1600000 - 0xc1719160   (1125 kB)
[    0.000000]        .bss : 0xc171b000 - 0xc1772188   ( 349 kB)
[    0.000000] SLUB: HWalign=64, Order=0-3, MinObjects=0, CPUs=2, Nodes=1
[    0.000000] Hierarchical RCU implementation.
[    0.000000] 	Build-time adjustment of leaf fanout to 32.
[    0.000000] 	RCU restricting CPUs from NR_CPUS=16 to nr_cpu_ids=2.
[    0.000000] RCU: Adjusting geometry for rcu_fanout_leaf=32, nr_cpu_ids=2
[    0.000000] NR_IRQS:16 nr_irqs:16 16
[    0.000000] OMAP clockevent source: timer1 at 32768 Hz
[    0.000000] arm_arch_timer: Architected cp15 timer(s) running at 6.14MHz (virt).
[    0.000000] clocksource: arch_sys_counter: mask: 0xffffffffffffff max_cycles: 0x16ac02862, max_idle_ns: 440795202218 ns
[    0.000004] sched_clock: 56 bits at 6MHz, resolution 162ns, wraps every 4398046511085ns
[    0.000014] Switching to timer-based delay loop, resolution 162ns
[    0.002121] clocksource: 32k_counter: mask: 0xffffffff max_cycles: 0xffffffff, max_idle_ns: 58327039986419 ns
[    0.002128] OMAP clocksource: 32k_counter at 32768 Hz
[    0.004088] Console: colour dummy device 80x30
[    0.004110] Calibrating delay loop (skipped), value calculated using timer frequency.. 12.28 BogoMIPS (lpj=30720)
[    0.004121] pid_max: default: 32768 minimum: 301
[    0.004198] Mount-cache hash table entries: 2048 (order: 1, 8192 bytes)
[    0.004207] Mountpoint-cache hash table entries: 2048 (order: 1, 8192 bytes)
[    0.004683] CPU: Testing write buffer coherency: ok
[    0.004834] /cpus/cpu@0 missing clock-frequency property
[    0.004846] /cpus/cpu@1 missing clock-frequency property
[    0.004856] CPU0: thread -1, cpu 0, socket 0, mpidr 80000000
[    0.005054] Setting up static identity map for 0x80400000 - 0x80400170
[    0.008105] EFI services will not be available.
[    0.008763] CPU1: thread -1, cpu 1, socket 0, mpidr 80000001
[    0.008839] Brought up 2 CPUs
[    0.008850] SMP: Total of 2 processors activated (24.57 BogoMIPS).
[    0.008856] CPU: All CPU(s) started in SVC mode.
[    0.009204] devtmpfs: initialized
[    0.022728] VFP support v0.3: implementor 41 architecture 4 part 30 variant f rev 0
[    0.023044] clocksource: jiffies: mask: 0xffffffff max_cycles: 0xffffffff, max_idle_ns: 9556302231375000 ns
[    0.024048] pinctrl core: initialized pinctrl subsystem
[    0.025311] NET: Registered protocol family 16
[    0.026737] DMA: preallocated 256 KiB pool for atomic coherent allocations
[    0.027569] omap_hwmod: l3_main_3 using broken dt data from ocp
[    0.028094] omap_hwmod: l3_main_2 using broken dt data from ocp
[    0.110061] cpuidle: using governor menu
[    0.116515] OMAP GPIO hardware version 0.1
[    0.126692] GPIO line 234 (gpio8_234/msecure) hogged as output/high
[    0.128169] platform 50000000.gpmc: Cannot lookup hwmod 'gpmc'
[    0.128308] omap-gpmc 50000000.gpmc: _od_fail_runtime_resume: FIXME: missing hwmod/omap_dev info
[    0.128319] omap-gpmc 50000000.gpmc: GPMC revision 6.0
[    0.131356] irq: no irq domain found for /ocp/l4@4a000000/scm@2800/pinmux@40 !
[    0.132787] irq: no irq domain found for /ocp/l4@4a000000/scm@2800/pinmux@40 !
[    0.142971] No ATAGs?
[    0.142991] hw-breakpoint: found 5 (+1 reserved) breakpoint and 4 watchpoint registers.
[    0.142998] hw-breakpoint: maximum watchpoint size is 8 bytes.
[    0.143892] OMAP DMA hardware revision 0.0
[    0.148625] Serial: AMBA PL011 UART driver
[    0.179399] omap-dma-engine 4a056000.dma-controller: OMAP DMA engine driver (LinkedList1/2/3 supported)
[    0.181256] vsys_cobra: supplied by vmain
[    0.181757] reg-fixed-voltage fixedregulator-mmcsdio: could not find pctldev for node /ocp/l4@4a000000/scm@2800/pinmux@40/pinmux_wlan_pins, deferring probe
[    0.184640] vgaarb: loaded
[    0.185290] SCSI subsystem initialized
[    0.185585] usbcore: registered new interface driver usbfs
[    0.185631] usbcore: registered new interface driver hub
[    0.185672] usbcore: registered new device driver usb
[    0.186200] omap_i2c 48070000.i2c: could not find pctldev for node /ocp/l4@4a000000/scm@2800/pinmux@40/pinmux_i2c1_pins, deferring probe
[    0.186489] omap_i2c 48072000.i2c: bus 1 rev0.12 at 100 kHz
[    0.186748] omap_i2c 48060000.i2c: bus 2 rev0.12 at 100 kHz
[    0.186999] omap_i2c 4807a000.i2c: bus 3 rev0.12 at 100 kHz
[    0.187032] omap_i2c 4807c000.i2c: could not find pctldev for node /ocp/l4@4a000000/scm@2800/pinmux@40/pinmux_i2c5_pins, deferring probe
[    0.187891] pps_core: LinuxPPS API ver. 1 registered
[    0.187897] pps_core: Software ver. 5.3.6 - Copyright 2005-2007 Rodolfo Giometti <giometti@linux.it>
[    0.187913] PTP clock support registered
[    0.188084] EDAC MC: Ver: 3.0.0
[    0.190009] clocksource: Switched to clocksource arch_sys_counter
[    0.197301] NET: Registered protocol family 2
[    0.197667] TCP established hash table entries: 8192 (order: 3, 32768 bytes)
[    0.197727] TCP bind hash table entries: 8192 (order: 4, 65536 bytes)
[    0.197850] TCP: Hash tables configured (established 8192 bind 8192)
[    0.197890] UDP hash table entries: 512 (order: 2, 16384 bytes)
[    0.197919] UDP-Lite hash table entries: 512 (order: 2, 16384 bytes)
[    0.198027] NET: Registered protocol family 1
[    0.198245] RPC: Registered named UNIX socket transport module.
[    0.198252] RPC: Registered udp transport module.
[    0.198258] RPC: Registered tcp transport module.
[    0.198263] RPC: Registered tcp NFSv4.1 backchannel transport module.
[    0.235929] hw perfevents: enabled with armv7_cortex_a15 PMU driver, 7 counters available
[    0.237509] futex hash table entries: 512 (order: 3, 32768 bytes)
[    0.238033] workingset: timestamp_bits=30 max_order=19 bucket_order=0
[    0.245985] squashfs: version 4.0 (2009/01/31) Phillip Lougher
[    0.246591] NFS: Registering the id_resolver key type
[    0.246614] Key type id_resolver registered
[    0.246620] Key type id_legacy registered
[    0.246652] ntfs: driver 2.1.32 [Flags: R/O].
[    0.247580] bounce: pool size: 64 pages
[    0.247730] Block layer SCSI generic (bsg) driver version 0.4 loaded (major 248)
[    0.247738] io scheduler noop registered
[    0.247745] io scheduler deadline registered
[    0.247879] io scheduler cfq registered (default)
[    0.251958] ti-pipe3 4a096000.phy: can't get syscon-pllreset, sata dpll won't idle
[    0.253770] libphy: mdio_driver_register: phy-bcm-ns2-pci
[    0.255149] pinctrl-single 4a002840.pinmux: 219 pins at pa fc002840 size 438
[    0.255344] pinctrl-single 4ae0c840.pinmux: 30 pins at pa fce0c840 size 60
[    0.317355] Serial: 8250/16550 driver, 4 ports, IRQ sharing disabled
[    0.319808] SuperH (H)SCI(F) driver initialized
[    0.320831] msm_serial: driver initialized
[    0.321034] omap_uart 4806a000.serial: no wakeirq for uart0
[    0.321116] 4806a000.serial: ttyO0 at MMIO 0x4806a000 (irq = 304, base_baud = 3000000) is a OMAP UART0
[    0.321373] omap_uart 4806c000.serial: no wakeirq for uart1
[    0.321438] 4806c000.serial: ttyO1 at MMIO 0x4806c000 (irq = 305, base_baud = 3000000) is a OMAP UART1
[    0.321789] 48020000.serial: ttyO2 at MMIO 0x48020000 (irq = 306, base_baud = 3000000) is a OMAP UART2
[    1.182673] console [ttyO2] enabled
[    1.186574] omap_uart 4806e000.serial: no wakeirq for uart3
[    1.192479] 4806e000.serial: ttyO3 at MMIO 0x4806e000 (irq = 307, base_baud = 3000000) is a OMAP UART3
[    1.202501] omap_uart 48066000.serial: no wakeirq for uart4
[    1.208400] 48066000.serial: ttyO4 at MMIO 0x48066000 (irq = 308, base_baud = 3000000) is a OMAP UART4
[    1.218381] omap_uart 48068000.serial: no wakeirq for uart5
[    1.224300] 48068000.serial: ttyO5 at MMIO 0x48068000 (irq = 309, base_baud = 3000000) is a OMAP UART5
[    1.234339] STMicroelectronics ASC driver initialized
[    1.242815] [drm] Initialized
[    1.258000] brd: module loaded
[    1.265222] loop: module loaded
[    1.270173] ahci 4a140000.sata: SSS flag set, parallel bus scan disabled
[    1.277213] ahci 4a140000.sata: AHCI 0001.0300 32 slots 1 ports 3 Gbps 0x1 impl platform mode
[    1.286150] ahci 4a140000.sata: flags: 64bit ncq sntf stag pm led clo only pmp pio slum part ccc apst 
[    1.296622] scsi host0: ahci
[    1.299864] ata1: SATA max UDMA/133 mmio [mem 0x4a140000-0x4a1410ff] port 0x100 irq 336
[    1.316159] libphy: Fixed MDIO Bus: probed
[    1.321296] CAN device driver interface
[    1.327407] e1000e: Intel(R) PRO/1000 Network Driver - 3.2.6-k
[    1.333517] e1000e: Copyright(c) 1999 - 2015 Intel Corporation.
[    1.339765] igb: Intel(R) Gigabit Ethernet Network Driver - version 5.4.0-k
[    1.347065] igb: Copyright (c) 2007-2014 Intel Corporation.
[    1.356325] pegasus: v0.9.3 (2013/04/25), Pegasus/Pegasus II USB Ethernet driver
[    1.364115] usbcore: registered new interface driver pegasus
[    1.370093] usbcore: registered new interface driver asix
[    1.375774] usbcore: registered new interface driver ax88179_178a
[    1.382191] usbcore: registered new interface driver cdc_ether
[    1.388344] usbcore: registered new interface driver smsc75xx
[    1.394406] usbcore: registered new interface driver smsc95xx
[    1.400457] usbcore: registered new interface driver net1080
[    1.406422] usbcore: registered new interface driver cdc_subset
[    1.412654] usbcore: registered new interface driver zaurus
[    1.418537] usbcore: registered new interface driver cdc_ncm
[    1.425136] omap-dwc3 4a020000.omap_dwc3: vbus init failed
[    1.432136] ehci_hcd: USB 2.0 'Enhanced' Host Controller (EHCI) Driver
[    1.438989] ehci-pci: EHCI PCI platform driver
[    1.443673] ehci-platform: EHCI generic platform driver
[    1.449357] ehci-orion: EHCI orion driver
[    1.453697] SPEAr-ehci: EHCI SPEAr driver
[    1.458044] ehci-st: EHCI STMicroelectronics driver
[    1.463294] ehci-exynos: EHCI EXYNOS driver
[    1.467840] ehci-atmel: EHCI Atmel driver
[    1.472177] tegra-ehci: Tegra EHCI driver
[    1.476541] ohci_hcd: USB 1.1 'Open' Host Controller (OHCI) Driver
[    1.483020] ohci-pci: OHCI PCI platform driver
[    1.487716] ohci-platform: OHCI generic platform driver
[    1.493352] ohci-omap3: OHCI OMAP3 driver
[    1.509743] ohci-omap3 4a064800.ohci: OHCI Host Controller
[    1.515513] ohci-omap3 4a064800.ohci: new USB bus registered, assigned bus number 1
[    1.523652] ohci-omap3 4a064800.ohci: irq 403, io mem 0x4a064800
[    1.610630] hub 1-0:1.0: USB hub found
[    1.614576] hub 1-0:1.0: 3 ports detected
[    1.619184] SPEAr-ohci: OHCI SPEAr driver
[    1.623557] ohci-st: OHCI STMicroelectronics driver
[    1.626257] ata1: SATA link down (SStatus 0 SControl 300)
[    1.634469] ohci-atmel: OHCI Atmel driver
[    1.639382] usbcore: registered new interface driver usb-storage
[    1.647136] mousedev: PS/2 mouse device common for all mice
[    1.655971] i2c /dev entries driver
[    1.671905] sdhci: Secure Digital Host Controller Interface driver
[    1.678385] sdhci: Copyright(c) Pierre Ossman
[    1.741000] Synopsys Designware Multimedia Card Interface Driver
[    1.748403] sdhci-pltfm: SDHCI platform and OF driver helper
[    1.756884] ledtrig-cpu: registered to indicate activity on CPUs
[    1.763465] usbcore: registered new interface driver usbhid
[    1.769313] usbhid: USB HID core driver
[    1.776351] NET: Registered protocol family 10
[    1.781636] sit: IPv6, IPv4 and MPLS over IPv4 tunneling driver
[    1.788331] NET: Registered protocol family 17
[    1.792997] can: controller area network core (rev 20120528 abi 9)
[    1.799521] NET: Registered protocol family 29
[    1.804184] can: raw protocol (rev 20120528)
[    1.808660] can: broadcast manager protocol (rev 20160617 t)
[    1.814593] can: netlink gateway (rev 20130117) max_hops=1
[    1.820641] Key type dns_resolver registered
[    1.825284] omap_vc_init_channel: No PMIC info for vdd_core
[    1.831130] omap_vp_init: No PMIC info for vdd_core
[    1.836241] omap_vc_init_channel: No PMIC info for vdd_mm
[    1.841903] omap_vp_init: No PMIC info for vdd_mm
[    1.846839] omap_vc_init_channel: No PMIC info for vdd_mpu
[    1.852585] omap_vp_init: No PMIC info for vdd_mpu
[    1.857696] Power Management for TI OMAP4+ devices.
[    1.862975] ThumbEE CPU extension supported.
[    1.867475] Registering SWP/SWPB emulation handler
[    1.880320] palmas 0-0048: Irq flag is 0x00000000
[    1.901971] palmas 0-0048: Muxing GPIO 3, PWM 0, LED 0
[    1.913455] palmas-rtc 48070000.i2c:palmas@48:rtc: rtc core: registered 48070000.i2c:palmas as rtc0
[    1.929046] SMPS6: supplied by vsys_cobra
[    1.933580] smps6: Bringing 1350000uV into 1200000-1200000uV
[    1.941218] mmc0: new high speed MMC card at address 0001
[    1.941401] SMPS7: supplied by vsys_cobra
[    1.941994] random: fast init done
[    1.942201] vdds_1v8_main: supplied by smps7
[    1.943114] SMPS8: supplied by vsys_cobra
[    1.944709] SMPS9: supplied by vsys_cobra
[    1.945052] smps9: Bringing 0uV into 2100000-2100000uV
[    1.948028] LDO1: supplied by vsys_cobra
[    1.948351] ldo1: Bringing 0uV into 1800000-1800000uV
[    1.949036] ldo1: ramp_delay not set
[    1.949662] LDO2: supplied by vsys_cobra
[    1.949986] ldo2: Bringing 0uV into 2800000-2800000uV
[    1.950677] ldo2: ramp_delay not set
[    1.951303] LDO3: supplied by vdds_1v8_main
[    1.953013] LDO4: supplied by vdds_1v8_main
[    1.953345] ldo4: Bringing 0uV into 1800000-1800000uV
[    1.954035] ldo4: ramp_delay not set
[    1.954660] LDO5: supplied by vsys_cobra
[    1.956383] LDO6: supplied by vdds_1v8_main
[    1.959601] LDO7: supplied by vsys_cobra
[    1.959926] ldo7: Bringing 0uV into 2000000-2000000uV
[    1.960627] ldo7: ramp_delay not set
[    1.961268] LDO8: supplied by vsys_cobra
[    1.962984] LDO9: supplied by vmmcsd_fixed
[    1.965172] LDOLN: supplied by vsys_cobra
[    1.966896] LDOUSB: supplied by vsys_cobra
[    1.971572] omap_i2c 48070000.i2c: bus 0 rev0.12 at 400 kHz
[    1.972471] 4-0022 supply vcc not found, using dummy regulator
[    1.980846] omap_i2c 4807c000.i2c: bus 4 rev0.12 at 400 kHz
[    1.981874] ------------[ cut here ]------------
[    1.981888] WARNING: CPU: 0 PID: 86 at drivers/bus/omap_l3_noc.c:147 l3_interrupt_handler+0x23c/0x340
[    1.981892] 44000000.ocp:L3 Custom Error: MASTER MPU TARGET L4CFG (Read): Data Access in User mode during Functional access
[    1.981897] Modules linked in:
[    1.981904] CPU: 0 PID: 86 Comm: irq/333-dwc3-om Not tainted 4.9.0-rc1-next-20161021-00002-g1a6386eea130 #3
[    1.981908] Hardware name: Generic OMAP5 (Flattened Device Tree)
[    1.981925] [<c040fb60>] (unwind_backtrace) from [<c040b150>] (show_stack+0x10/0x14)
[    1.981935] [<c040b150>] (show_stack) from [<c069a09c>] (dump_stack+0x98/0xac)
[    1.981947] [<c069a09c>] (dump_stack) from [<c0442d2c>] (__warn+0xe8/0x100)
[    1.981956] [<c0442d2c>] (__warn) from [<c0442d7c>] (warn_slowpath_fmt+0x38/0x48)
[    1.981965] [<c0442d7c>] (warn_slowpath_fmt) from [<c06cd624>] (l3_interrupt_handler+0x23c/0x340)
[    1.981976] [<c06cd624>] (l3_interrupt_handler) from [<c04891e0>] (__handle_irq_event_percpu+0x88/0x118)
[    1.981984] [<c04891e0>] (__handle_irq_event_percpu) from [<c048928c>] (handle_irq_event_percpu+0x1c/0x58)
[    1.981992] [<c048928c>] (handle_irq_event_percpu) from [<c048930c>] (handle_irq_event+0x44/0x68)
[    1.982000] [<c048930c>] (handle_irq_event) from [<c048c6cc>] (handle_fasteoi_irq+0xb4/0x194)
[    1.982008] [<c048c6cc>] (handle_fasteoi_irq) from [<c0488540>] (generic_handle_irq+0x24/0x34)
[    1.982015] [<c0488540>] (generic_handle_irq) from [<c0488a58>] (__handle_domain_irq+0x5c/0xb4)
[    1.982023] [<c0488a58>] (__handle_domain_irq) from [<c040170c>] (gic_handle_irq+0x54/0x98)
[    1.982029] [<c040170c>] (gic_handle_irq) from [<c040bc78>] (__irq_svc+0x58/0x74)
[    1.982032] Exception stack(0xee761ec8 to 0xee761f10)
[    1.982037] 1ec0:                   0000014d ee74a190 fc020000 fc020034 ee74a190 ee7489e4
[    1.982043] 1ee0: ee1ebc00 00000000 c048a218 c163774d 00000000 00000000 00000000 ee761f18
[    1.982046] 1f00: c048a234 c0a85338 60000013 ffffffff
[    1.982056] [<c040bc78>] (__irq_svc) from [<c0a85338>] (dwc3_omap_interrupt_thread+0x20/0x80)
[    1.982065] [<c0a85338>] (dwc3_omap_interrupt_thread) from [<c048a234>] (irq_thread_fn+0x1c/0x34)
[    1.982072] [<c048a234>] (irq_thread_fn) from [<c048a544>] (irq_thread+0x13c/0x1ec)
[    1.982080] [<c048a544>] (irq_thread) from [<c045d8d8>] (kthread+0xdc/0xf4)
[    1.982088] [<c045d8d8>] (kthread) from [<c0407ce8>] (ret_from_fork+0x14/0x2c)
[    1.982091] ---[ end trace c6d21cd64c5d4cf2 ]---
[    1.982098] Unhandled fault: asynchronous external abort (0x1211) at 0x00000000
[    1.982101] pgd = c0203000
[    1.982108] [00000000] *pgd=80000080204003, *pmd=00000000
[    1.982114] Internal error: : 1211 [#1] SMP ARM
[    1.982119] Modules linked in:
[    1.982124] CPU: 0 PID: 86 Comm: irq/333-dwc3-om Tainted: G        W       4.9.0-rc1-next-20161021-00002-g1a6386eea130 #3
[    1.982126] Hardware name: Generic OMAP5 (Flattened Device Tree)
[    1.982129] task: ee69e4c0 task.stack: ee760000
[    1.982134] PC is at dwc3_omap_interrupt_thread+0x20/0x80
[    1.982138] LR is at irq_thread_fn+0x1c/0x34
[    1.982143] pc : [<c0a85338>]    lr : [<c048a234>]    psr: 60000013
[    1.982143] sp : ee761f18  ip : 00000000  fp : 00000000
[    1.982145] r10: 00000000  r9 : c163774d  r8 : c048a218
[    1.982149] r7 : 00000000  r6 : ee1ebc00  r5 : ee7489e4  r4 : ee74a190
[    1.982152] r3 : fc020034  r2 : fc020000  r1 : ee74a190  r0 : 0000014d
[    1.982157] Flags: nZCv  IRQs on  FIQs on  Mode SVC_32  ISA ARM  Segment user
[    1.982160] Control: 30c5387d  Table: 80203000  DAC: fffffffd
[    1.982163] Process irq/333-dwc3-om (pid: 86, stack limit = 0xee760220)
[    1.982166] Stack: (0xee761f18 to 0xee762000)
[    1.982171] 1f00:                                                       ee7489c0 ee7489e4
[    1.982176] 1f20: ee1ebc00 ee7489c0 c048a218 c048a234 ee760000 ee7489e4 ee1ebc00 c048a544
[    1.982180] 1f40: 00000000 c048a34c 00000000 ee748a00 ee7489c0 c048a408 00000000 00000000
[    1.982185] 1f60: 00000000 c045d8d8 88760b94 00000000 00000001 ee7489c0 00000000 00000000
[    1.982189] 1f80: ee761f80 ee761f80 00000000 00000000 ee761f90 ee761f90 ee761fac ee748a00
[    1.982194] 1fa0: c045d7fc 00000000 00000000 c0407ce8 00000000 00000000 00000000 00000000
[    1.982198] 1fc0: 00000000 00000000 00000000 00000000 00000000 00000000 00000000 00000000
[    1.982203] 1fe0: 00000000 00000000 00000000 00000000 00000013 00000000 00000000 00000000
[    1.982211] [<c0a85338>] (dwc3_omap_interrupt_thread) from [<c048a234>] (irq_thread_fn+0x1c/0x34)
[    1.982220] [<c048a234>] (irq_thread_fn) from [<c048a544>] (irq_thread+0x13c/0x1ec)
[    1.982226] [<c048a544>] (irq_thread) from [<c045d8d8>] (kthread+0xdc/0xf4)
[    1.982233] [<c045d8d8>] (kthread) from [<c0407ce8>] (ret_from_fork+0x14/0x2c)
[    1.982239] Code: e2833034 e0823003 e5937000 f57ff04f (e5916014) 
[    1.982244] ---[ end trace c6d21cd64c5d4cf3 ]---
[    1.982261] Unable to handle kernel paging request at virtual address ffffffec
[    1.982263] pgd = c0203000
[    1.982271] [ffffffec] *pgd=80000080207003, *pmd=afffd003, *pte=00000000
[    1.982275] Internal error: Oops: 207 [#2] SMP ARM
[    1.982278] Modules linked in:
[    1.982284] CPU: 0 PID: 86 Comm: irq/333-dwc3-om Tainted: G      D W       4.9.0-rc1-next-20161021-00002-g1a6386eea130 #3
[    1.982286] Hardware name: Generic OMAP5 (Flattened Device Tree)
[    1.982289] task: ee69e4c0 task.stack: ee760000
[    1.982293] PC is at kthread_data+0x4/0xc
[    1.982298] LR is at irq_thread_dtor+0x28/0xbc
[    1.982302] pc : [<c045e290>]    lr : [<c048a374>]    psr: 20000193
[    1.982302] sp : ee761d50  ip : ee761f84  fp : c0a8533a
[    1.982305] r10: 00000001  r9 : c0a8533c  r8 : ee761d78
[    1.982308] r7 : ee69e4c0  r6 : 00000000  r5 : c171e1a8  r4 : ee69e4c0
[    1.982311] r3 : 00000000  r2 : ee761f40  r1 : 00000009  r0 : ee69e4c0
[    1.982314] Flags: nzCv  IRQs off  FIQs on  Mode SVC_32  ISA ARM  Segment user
[    1.982317] Control: 30c5387d  Table: 80203000  DAC: fffffffd
[    1.982320] Process irq/333-dwc3-om (pid: 86, stack limit = 0xee760220)
[    1.982322] Stack: (0xee761d50 to 0xee762000)
[    1.982326] 1d40:                                     ee69e8a4 c171e1a8 00000000 c045c0ec
[    1.982331] 1d60: ee69e4c0 00000000 00000001 0000000b ee761d78 c0445554 c1067774 c04cfbc8
[    1.982335] 1d80: c0a8533c c171b604 c16076f8 ee761ec8 60000193 0000000b c0a8533c 00000001
[    1.982340] 1da0: c0a8533a c040b57c ee760220 0000000b 60000193 00000000 bf000000 00000008
[    1.982344] 1dc0: c10676f0 c10676f8 65000193 33333832 20343330 32383065 33303033 39356520
[    1.982348] 1de0: 30303733 35662030 30666637 28206634 31393565 34313036 c1002029 ee761e1c
[    1.982353] 1e00: c1069594 c16080e4 00001211 00000007 00000000 ee761ec8 ee760000 00000000
[    1.982357] 1e20: 00000000 c04012d8 00000000 072e2a22 00000007 00000000 00000000 00000000
[    1.982362] 1e40: ee00c400 fa213000 00000000 c04892bc 2daaa000 00000004 eefc7d80 ee179f00
[    1.982367] 1e60: ee179f60 c048930c ee179f00 c160ab90 ee179f00 c048c76c c151bfc4 00000018
[    1.982371] 1e80: 00000000 00000000 c151bfc4 00000018 c1602840 c163e488 fa21200c ee761ec8
[    1.982376] 1ea0: fa212000 c040170c c0a85338 60000013 c0a85338 60000013 ffffffff ee761efc
[    1.982381] 1ec0: c048a218 c040bbf0 0000014d ee74a190 fc020000 fc020034 ee74a190 ee7489e4
[    1.982385] 1ee0: ee1ebc00 00000000 c048a218 c163774d 00000000 00000000 00000000 ee761f18
[    1.982389] 1f00: c048a234 c0a85338 60000013 ffffffff 00000000 00000000 ee7489c0 ee7489e4
[    1.982394] 1f20: ee1ebc00 ee7489c0 c048a218 c048a234 ee760000 ee7489e4 ee1ebc00 c048a544
[    1.982398] 1f40: 00000000 c048a34c 00000000 ee748a00 ee7489c0 c048a408 00000000 00000000
[    1.982402] 1f60: 00000000 c045d8d8 88760b94 00000000 00000001 ee7489c0 00000000 00000000
[    1.982408] 1f80: ee761f80 ee761f80 00000001 00010001 ee761f90 ee761f90 ee761fac ee748a00
[    1.982412] 1fa0: c045d7fc 00000000 00000000 c0407ce8 00000000 00000000 00000000 00000000
[    1.982416] 1fc0: 00000000 00000000 00000000 00000000 00000000 00000000 00000000 00000000
[    1.982421] 1fe0: 00000000 00000000 00000000 00000000 00000013 00000000 00000000 00000000
[    1.982428] [<c045e290>] (kthread_data) from [<c048a374>] (irq_thread_dtor+0x28/0xbc)
[    1.982438] [<c048a374>] (irq_thread_dtor) from [<c045c0ec>] (task_work_run+0xb8/0xe8)
[    1.982448] [<c045c0ec>] (task_work_run) from [<c0445554>] (do_exit+0x31c/0xa2c)
[    1.982456] [<c0445554>] (do_exit) from [<c040b57c>] (die+0x428/0x434)
[    1.982461] [<c040b57c>] (die) from [<c04012d8>] (do_DataAbort+0xac/0xb0)
[    1.982467] [<c04012d8>] (do_DataAbort) from [<c040bbf0>] (__dabt_svc+0x50/0x80)
[    1.982470] Exception stack(0xee761ec8 to 0xee761f10)
[    1.982475] 1ec0:                   0000014d ee74a190 fc020000 fc020034 ee74a190 ee7489e4
[    1.982479] 1ee0: ee1ebc00 00000000 c048a218 c163774d 00000000 00000000 00000000 ee761f18
[    1.982482] 1f00: c048a234 c0a85338 60000013 ffffffff
[    1.982490] [<c040bbf0>] (__dabt_svc) from [<c0a85338>] (dwc3_omap_interrupt_thread+0x20/0x80)
[    1.982498] [<c0a85338>] (dwc3_omap_interrupt_thread) from [<c048a234>] (irq_thread_fn+0x1c/0x34)
[    1.982505] [<c048a234>] (irq_thread_fn) from [<c048a544>] (irq_thread+0x13c/0x1ec)
[    1.982511] [<c048a544>] (irq_thread) from [<c045d8d8>] (kthread+0xdc/0xf4)
[    1.982518] [<c045d8d8>] (kthread) from [<c0407ce8>] (ret_from_fork+0x14/0x2c)
[    1.982522] Code: e34c0107 ebff92d2 eafffff2 e59032f8 (e5130014) 
[    1.982526] ---[ end trace c6d21cd64c5d4cf4 ]---
[    1.982527] Fixing recursive fault but reboot is needed!
[    2.966322] mmcblk0: mmc0:0001 SEM04G 3.69 GiB 
[    2.971242] mmcblk0boot0: mmc0:0001 SEM04G partition 1 2.00 MiB
[    2.977618] mmcblk0boot1: mmc0:0001 SEM04G partition 2 2.00 MiB
[    2.984640]  mmcblk0: p1 p2
- 03:06:18 [INFO] Boot attempt 1/1 failed
- 03:06:18 [INFO] Collecting kernel traces via sysrq...
- 03:06:28 [INFO] 
- 03:06:39 [INFO] 
- 03:06:49 [INFO] 
- 03:06:49 [INFO] Disconnected serial from omap5-evm
URL:gtsystest.telogy.design.ti.com/vatf/tigtfarm08/tigtfarm08_vatf@omap5-evm/tigtfarm0810_21_2016_03_02_09/files/session_iteration_1/test_1
