- 07:24:07 [INFO] Starting target session
- 07:24:07 [INFO] Connected to omap5-evm via serial 
- 07:24:07 [INFO] Host: #check prompt
- 07:24:10 [ERROR] On command: #check prompt waiting for #check prompt.+?(?-mix:((?-mix:login:)|[Pp]assword)) >>> error: execution expired
- 07:24:10 [INFO] Target: 
#check prompt
root@omap5-evm:/test# 
- 07:24:10 [INFO] Host: #check prompt
- 07:24:10 [INFO] Target: 
#check prompt
root@omap5-evm:/test# 
- 07:24:10 [INFO] Host: sync;poweroff
- 07:24:24 [INFO] Target: 
sync;poweroff
Broadcast message from root@omap5-evm The system is going down for system halt NOW!
INIT: Sending processes the TERM signal
INIT: SenStopping syslogd/klogd: stopped syslogd (pid 1511)
stopped klogd (pid 1515)
done
Deconfiguring network interfaces... done.
Sending all processes the TERM signal...
Sending all processes the KILL signal...
Unmounting remote filesystems...
Deactivating swap...
Unmounting local filesystems...
[ 1825.989031] reboot: System halted
- 07:24:24 [INFO] Disconnected serial from omap5-evm
- 07:24:30 [INFO] Connected to omap5-evm via serial 
- 07:24:30 [INFO] Host: 
- 07:24:30 [INFO] Target: 
SATA link 0 timeout.
AHCI 0001.0300 32 slots 1 ports 3 Gbps 0x1 impl SATA mode
flags: 64bit ncq stag pm led clo only pmp pio slum part ccc apst 
scanning bus for devices...
Found 0 device(s).
SCSI:  Net:   No ethernet found.
Hit any key to stop autoboot:  1  0 
U-Boot# 
- 07:24:30 [INFO] Host: 
- 07:24:31 [INFO] Target: 
U-Boot# 
- 07:24:31 [INFO] Host: version
- 07:24:31 [INFO] Target: 
version
U-Boot 2014.07-00071-gaca0808 (Oct 02 2014 - 11:23:17)
arm-linux-gnueabihf-gcc (crosstool-NG linaro-1.13.1-4.7-2013.03-20130313 - Linaro GCC 2013.03) 4.7.3 20130226 (prerelease)
GNU ld (crosstool-NG linaro-1.13.1-4.7-2013.03-20130313 - Linaro GCC 2013.03) 2.23.1
U-Boot# 
- 07:24:31 [INFO] Host: setenv bootargs 'console=ttyO2,115200n8 earlyprintk rootwait '
- 07:24:32 [INFO] Target: 
setenv bootargs 'console=ttyO2,115200n8 earlyprintk rootwait '
U-Boot# 
- 07:24:32 [INFO] Host: setenv bootcmd  ''
- 07:24:32 [INFO] Target: 
setenv bootcmd  ''
U-Boot# 
- 07:24:32 [INFO] Host: setenv autoload 'no'
- 07:24:33 [INFO] Target: 
setenv autoload 'no'
U-Boot# 
- 07:24:33 [INFO] Host: setenv serverip '192.168.0.1'
- 07:24:33 [INFO] Target: 
setenv serverip '192.168.0.1'
U-Boot# 
- 07:24:33 [INFO] Host: printenv
- 07:24:34 [INFO] Target: 
printenv
arch=arm
autoload=no
baudrate=115200
board=omap5_uevm
board_name=omap5_uevm
bootargs=console=ttyO2,115200n8 earlyprintk rootwait 
bootcmd=
bootdelay=1
bootdir=/boot
bootfile=zImage
bootm_size=0x10000000
bootpart=0:2
bootscript=echo Running bootscript from mmc${mmcdev} ...; source ${loadaddr}
console=ttyO2,115200n8
cpu=armv7
fdt_addr_r=0x88000000
fdtaddr=0x88000000
fdtfile=undefined
findfdt=if test $board_name = omap5_uevm; then setenv fdtfile omap5-uevm.dtb; fi; if test $board_name = dra7xx; then setenv fdtfile dra7-evm.dtb; fi;if test $board_name = dra72x; then setenv fdtfile dra72-evm.dtb; fi;if test $fdtfile = undefined; then echo WARNING: Could not determine device tree to use; fi; 
importbootenv=echo Importing environment from mmc${mmcdev} ...; env import -t ${loadaddr} ${filesize}
kernel_addr_r=0x82000000
loadaddr=0x82000000
loadbootenv=fatload mmc ${mmcdev} ${loadaddr} uEnv.txt
loadbootscript=fatload mmc ${mmcdev} ${loadaddr} boot.scr
loadfdt=load mmc ${bootpart} ${fdtaddr} ${bootdir}/${fdtfile};
loadimage=load mmc ${bootpart} ${loadaddr} ${bootdir}/${bootfile}
mmcargs=setenv bootargs console=${console} ${optargs} vram=${vram} root=${mmcroot} rootfstype=${mmcrootfstype}
mmcboot=mmc dev ${mmcdev}; if mmc rescan; then echo SD/MMC found on device ${mmcdev};if run loadbootenv; then echo Loaded environment from ${bootenv};run importbootenv;fi;if test -n $uenvcmd; then echo Running uenvcmd ...;run uenvcmd;fi;if run loadimage; then run loadfdt; echo Booting from mmc${mmcdev} ...; run mmcargs; bootz ${loadaddr} - ${fdtaddr}; fi;fi;
mmcdev=0
mmcroot=/dev/mmcblk1p2 rw
mmcrootfstype=ext4 rootwait
partitions=uuid_disk=${uuid_gpt_disk};name=rootfs,start=2MiB,size=-,uuid=${uuid_gpt_rootfs}
ramdisk_addr_r=0x88080000
rdaddr=0x88080000
scsidevs=0
serverip=192.168.0.1
soc=omap5
stderr=serial
stdin=serial
stdout=serial
usbethaddr=02:21:03:ff:09:60
usbtty=cdc_acm
vendor=ti
ver=U-Boot 2014.07-00071-gaca0808 (Oct 02 2014 - 11:23:17)
vram=16M
Environment size: 2052/131067 bytes
U-Boot# 
- 07:24:34 [INFO] Host: usb start
- 07:24:38 [INFO] Target: 
usb start
(Re)start USB...
USB0:   USB EHCI 1.00
scanning bus 0 for devices... 3 USB Device(s) found
       scanning usb for storage devices... 0 Storage Device(s) found
       scanning usb for ethernet devices... 1 Ethernet Device(s) found
U-Boot# 
- 07:24:38 [INFO] Host: printenv
- 07:24:38 [INFO] Target: 
printenv
arch=arm
autoload=no
baudrate=115200
board=omap5_uevm
board_name=omap5_uevm
bootargs=console=ttyO2,115200n8 earlyprintk rootwait 
bootcmd=
bootdelay=1
bootdir=/boot
bootfile=zImage
bootm_size=0x10000000
bootpart=0:2
bootscript=echo Running bootscript from mmc${mmcdev} ...; source ${loadaddr}
console=ttyO2,115200n8
cpu=armv7
ethact=sms0
fdt_addr_r=0x88000000
fdtaddr=0x88000000
fdtfile=undefined
findfdt=if test $board_name = omap5_uevm; then setenv fdtfile omap5-uevm.dtb; fi; if test $board_name = dra7xx; then setenv fdtfile dra7-evm.dtb; fi;if test $board_name = dra72x; then setenv fdtfile dra72-evm.dtb; fi;if test $fdtfile = undefined; then echo WARNING: Could not determine device tree to use; fi; 
importbootenv=echo Importing environment from mmc${mmcdev} ...; env import -t ${loadaddr} ${filesize}
kernel_addr_r=0x82000000
loadaddr=0x82000000
loadbootenv=fatload mmc ${mmcdev} ${loadaddr} uEnv.txt
loadbootscript=fatload mmc ${mmcdev} ${loadaddr} boot.scr
loadfdt=load mmc ${bootpart} ${fdtaddr} ${bootdir}/${fdtfile};
loadimage=load mmc ${bootpart} ${loadaddr} ${bootdir}/${bootfile}
mmcargs=setenv bootargs console=${console} ${optargs} vram=${vram} root=${mmcroot} rootfstype=${mmcrootfstype}
mmcboot=mmc dev ${mmcdev}; if mmc rescan; then echo SD/MMC found on device ${mmcdev};if run loadbootenv; then echo Loaded environment from ${bootenv};run importbootenv;fi;if test -n $uenvcmd; then echo Running uenvcmd ...;run uenvcmd;fi;if run loadimage; then run loadfdt; echo Booting from mmc${mmcdev} ...; run mmcargs; bootz ${loadaddr} - ${fdtaddr}; fi;fi;
mmcdev=0
mmcroot=/dev/mmcblk1p2 rw
mmcrootfstype=ext4 rootwait
partitions=uuid_disk=${uuid_gpt_disk};name=rootfs,start=2MiB,size=-,uuid=${uuid_gpt_rootfs}
ramdisk_addr_r=0x88080000
rdaddr=0x88080000
scsidevs=0
serverip=192.168.0.1
soc=omap5
stderr=serial
stdin=serial
stdout=serial
usbethaddr=02:21:03:ff:09:60
usbtty=cdc_acm
vendor=ti
ver=U-Boot 2014.07-00071-gaca0808 (Oct 02 2014 - 11:23:17)
vram=16M
Environment size: 2066/131067 bytes
U-Boot# 
- 07:24:38 [INFO] Host: setenv bootargs ''${bootargs}' ip=dhcp '
- 07:24:39 [INFO] Target: 
setenv bootargs ''${bootargs}' ip=dhcp '
U-Boot# 
- 07:24:39 [INFO] Host: setenv serverip '192.168.0.1'
- 07:24:39 [INFO] Target: 
setenv serverip '192.168.0.1'
U-Boot# 
- 07:24:39 [INFO] Host: setenv ipaddr dhcp
- 07:24:40 [INFO] Target: 
setenv ipaddr dhcp
U-Boot# 
- 07:24:40 [INFO] Host: setenv autoload 'no'
- 07:24:40 [INFO] Target: 
setenv autoload 'no'
U-Boot# 
- 07:24:40 [INFO] Host: dhcp
- 07:24:43 [INFO] Target: 
dhcp
Waiting for Ethernet connection... done.
BOOTP broadcast 1
DHCP client bound to address 192.168.0.71
U-Boot# 
- 07:24:43 [INFO] Host: setenv serverip '192.168.0.1'
- 07:24:44 [INFO] Target: 
setenv serverip '192.168.0.1'
U-Boot# 
- 07:24:44 [INFO] Host: tftp ${loadaddr} 192.168.0.1:vatf_omap5-evm/6e94c9c7a86c6752df71acca64d5e1c7
- 07:24:48 [INFO] Target: 
tftp ${loadaddr} 192.168.0.1:vatf_omap5-evm/6e94c9c7a86c6752df71acca64d5e1c7
Waiting for Ethernet connection... done.
Using sms0 device
TFTP from server 192.168.0.1; our IP address is 192.168.0.71
Filename 'vatf_omap5-evm/6e94c9c7a86c6752df71acca64d5e1c7'.
Load address: 0x82000000
Loading: *#################################################################
	 #################################################################
	 #################################################################
	 #################################################################
	 #################################################################
	 #################################################################
	 ################################
	 2.8 MiB/s
done
Bytes transferred = 6193608 (5e81c8 hex)
U-Boot# 
- 07:24:48 [INFO] Host: tftp ${fdt_addr_r} 192.168.0.1:vatf_omap5-evm/958e1739ce3e73f64e011b6d7e79481e
- 07:24:50 [INFO] Target: 
tftp ${fdt_addr_r} 192.168.0.1:vatf_omap5-evm/958e1739ce3e73f64e011b6d7e79481e
Waiting for Ethernet connection... done.
Using sms0 device
TFTP from server 192.168.0.1; our IP address is 192.168.0.71
Filename 'vatf_omap5-evm/958e1739ce3e73f64e011b6d7e79481e'.
Load address: 0x88000000
Loading: *####
	 2.6 MiB/s
done
Bytes transferred = 51648 (c9c0 hex)
U-Boot# 
- 07:24:50 [INFO] Host: ls mmc 0:1
- 07:24:50 [INFO] Target: 
ls mmc 0:1
    62048   mlo 
   304288   u-boot.img 
  1867895   u-boot 
            old_uboot/
   304240   u-boot.bin 
   704856   u-boot-spl 
    61536   u-boot-spl.bin 
      259   uboot_build.txt 
        4   ws-calibrate.rules 
        0   pointercal 
9 file(s), 1 dir(s)
U-Boot# 
- 07:24:50 [INFO] Host: ls mmc 0:2
- 07:24:51 [INFO] Target: 
ls mmc 0:2
<DIR>       4096 .
<DIR>       4096 ..
<DIR>       4096 bin
<DIR>       4096 boot
<DIR>       4096 dev
<DIR>       4096 etc
<DIR>       4096 home
<DIR>       4096 lib
<DIR>       4096 media
<DIR>       4096 mnt
<DIR>       4096 opt
<DIR>       4096 proc
<SYM>          8 run
<DIR>       4096 sbin
<DIR>       4096 srv
<DIR>       4096 sys
<SYM>          8 tmp
<DIR>       4096 usr
<DIR>       4096 var
<DIR>       4096 www
<DIR>       4096 Settings
<DIR>       4096 test
U-Boot# 
- 07:24:51 [INFO] Host: part uuid mmc 0:2
- 07:24:51 [INFO] Target: 
part uuid mmc 0:2
00000000-02
U-Boot# 
- 07:24:51 [INFO] Host: printenv
- 07:24:52 [INFO] Target: 
printenv
arch=arm
autoload=no
baudrate=115200
board=omap5_uevm
board_name=omap5_uevm
bootargs=console=ttyO2,115200n8 earlyprintk rootwait  ip=dhcp 
bootcmd=
bootdelay=1
bootdir=/boot
bootfile=zImage
bootm_size=0x10000000
bootpart=0:2
bootscript=echo Running bootscript from mmc${mmcdev} ...; source ${loadaddr}
console=ttyO2,115200n8
cpu=armv7
dnsip=192.0.2.2
ethact=sms0
fdt_addr_r=0x88000000
fdtaddr=0x88000000
fdtfile=undefined
fileaddr=88000000
filesize=c9c0
findfdt=if test $board_name = omap5_uevm; then setenv fdtfile omap5-uevm.dtb; fi; if test $board_name = dra7xx; then setenv fdtfile dra7-evm.dtb; fi;if test $board_name = dra72x; then setenv fdtfile dra72-evm.dtb; fi;if test $fdtfile = undefined; then echo WARNING: Could not determine device tree to use; fi; 
gatewayip=192.168.0.1
importbootenv=echo Importing environment from mmc${mmcdev} ...; env import -t ${loadaddr} ${filesize}
ipaddr=192.168.0.71
kernel_addr_r=0x82000000
loadaddr=0x82000000
loadbootenv=fatload mmc ${mmcdev} ${loadaddr} uEnv.txt
loadbootscript=fatload mmc ${mmcdev} ${loadaddr} boot.scr
loadfdt=load mmc ${bootpart} ${fdtaddr} ${bootdir}/${fdtfile};
loadimage=load mmc ${bootpart} ${loadaddr} ${bootdir}/${bootfile}
mmcargs=setenv bootargs console=${console} ${optargs} vram=${vram} root=${mmcroot} rootfstype=${mmcrootfstype}
mmcboot=mmc dev ${mmcdev}; if mmc rescan; then echo SD/MMC found on device ${mmcdev};if run loadbootenv; then echo Loaded environment from ${bootenv};run importbootenv;fi;if test -n $uenvcmd; then echo Running uenvcmd ...;run uenvcmd;fi;if run loadimage; then run loadfdt; echo Booting from mmc${mmcdev} ...; run mmcargs; bootz ${loadaddr} - ${fdtaddr}; fi;fi;
mmcdev=0
mmcroot=/dev/mmcblk1p2 rw
mmcrootfstype=ext4 rootwait
netmask=255.255.255.0
partitions=uuid_disk=${uuid_gpt_disk};name=rootfs,start=2MiB,size=-,uuid=${uuid_gpt_rootfs}
ramdisk_addr_r=0x88080000
rdaddr=0x88080000
scsidevs=0
serverip=192.168.0.1
soc=omap5
stderr=serial
stdin=serial
stdout=serial
usbethaddr=02:21:03:ff:09:60
usbtty=cdc_acm
vendor=ti
ver=U-Boot 2014.07-00071-gaca0808 (Oct 02 2014 - 11:23:17)
vram=16M
Environment size: 2199/131067 bytes
U-Boot# 
- 07:24:52 [INFO] Host: setenv bootargs ''${bootargs}' root=PARTUUID=00000000-02 rw rootfstype=ext4 rootwait '
- 07:24:52 [INFO] Target: 
setenv bootargs ''${bootargs}' root=PARTUUID=00000000-02 rw rootfstype=ext4 rootwait '
U-Boot# 
- 07:24:52 [INFO] Host: printenv
- 07:24:53 [INFO] Target: 
printenv
arch=arm
autoload=no
baudrate=115200
board=omap5_uevm
board_name=omap5_uevm
bootargs=console=ttyO2,115200n8 earlyprintk rootwait  ip=dhcp  root=PARTUUID=00000000-02 rw rootfstype=ext4 rootwait 
bootcmd=
bootdelay=1
bootdir=/boot
bootfile=zImage
bootm_size=0x10000000
bootpart=0:2
bootscript=echo Running bootscript from mmc${mmcdev} ...; source ${loadaddr}
console=ttyO2,115200n8
cpu=armv7
dnsip=192.0.2.2
ethact=sms0
fdt_addr_r=0x88000000
fdtaddr=0x88000000
fdtfile=undefined
fileaddr=88000000
filesize=c9c0
findfdt=if test $board_name = omap5_uevm; then setenv fdtfile omap5-uevm.dtb; fi; if test $board_name = dra7xx; then setenv fdtfile dra7-evm.dtb; fi;if test $board_name = dra72x; then setenv fdtfile dra72-evm.dtb; fi;if test $fdtfile = undefined; then echo WARNING: Could not determine device tree to use; fi; 
gatewayip=192.168.0.1
importbootenv=echo Importing environment from mmc${mmcdev} ...; env import -t ${loadaddr} ${filesize}
ipaddr=192.168.0.71
kernel_addr_r=0x82000000
loadaddr=0x82000000
loadbootenv=fatload mmc ${mmcdev} ${loadaddr} uEnv.txt
loadbootscript=fatload mmc ${mmcdev} ${loadaddr} boot.scr
loadfdt=load mmc ${bootpart} ${fdtaddr} ${bootdir}/${fdtfile};
loadimage=load mmc ${bootpart} ${loadaddr} ${bootdir}/${bootfile}
mmcargs=setenv bootargs console=${console} ${optargs} vram=${vram} root=${mmcroot} rootfstype=${mmcrootfstype}
mmcboot=mmc dev ${mmcdev}; if mmc rescan; then echo SD/MMC found on device ${mmcdev};if run loadbootenv; then echo Loaded environment from ${bootenv};run importbootenv;fi;if test -n $uenvcmd; then echo Running uenvcmd ...;run uenvcmd;fi;if run loadimage; then run loadfdt; echo Booting from mmc${mmcdev} ...; run mmcargs; bootz ${loadaddr} - ${fdtaddr}; fi;fi;
mmcdev=0
mmcroot=/dev/mmcblk1p2 rw
mmcrootfstype=ext4 rootwait
netmask=255.255.255.0
partitions=uuid_disk=${uuid_gpt_disk};name=rootfs,start=2MiB,size=-,uuid=${uuid_gpt_rootfs}
ramdisk_addr_r=0x88080000
rdaddr=0x88080000
scsidevs=0
serverip=192.168.0.1
soc=omap5
stderr=serial
stdin=serial
stdout=serial
usbethaddr=02:21:03:ff:09:60
usbtty=cdc_acm
vendor=ti
ver=U-Boot 2014.07-00071-gaca0808 (Oct 02 2014 - 11:23:17)
vram=16M
Environment size: 2254/131067 bytes
U-Boot# 
- 07:24:53 [INFO] Host: setenv bootcmd ''${bootcmd}' if iminfo ${loadaddr}; then bootm ${loadaddr} - ${fdt_addr_r}; else bootz ${loadaddr} - ${fdt_addr_r}; bootm ${loadaddr} - ${fdt_addr_r}; fi'
- 07:24:53 [INFO] Target: 
setenv bootcmd ''${bootcmd}' if iminfo ${loadaddr}; then bootm ${loadaddr} - ${fdt_addr_r}; else bootz ${loadaddr} - ${fdt_addr_r}; bootm ${loadaddr} - ${fdt_addr_r}; fi'
U-Boot# 
- 07:24:53 [INFO] Host: bdinfo
- 07:24:54 [INFO] Target: 
bdinfo
arch_number = 0x00000EC1
boot_params = 0x80000100
DRAM bank   = 0x00000000
-> start    = 0x80000000
-> size     = 0x7F000000
eth0name    = sms0
ethaddr     = (not set)
current eth = sms0
ip_addr     = 192.168.0.71
baudrate    = 115200 bps
TLB addr    = 0xFEFF0000
relocaddr   = 0xFEF61000
reloc off   = 0x7E761000
irq_sp      = 0xFDF40EE0
sp start    = 0xFDF40ED0
U-Boot# 
- 07:24:54 [INFO] Host: mmc rescan
- 07:24:54 [INFO] Target: 
mmc rescan
U-Boot# 
- 07:24:54 [INFO] Host: fatwrite mmc ${mmcdev}:1 ${loadaddr} ws-calibrate.rules 4
- 07:24:55 [INFO] Target: 
fatwrite mmc ${mmcdev}:1 ${loadaddr} ws-calibrate.rules 4
writing ws-calibrate.rules
4 bytes written
U-Boot# 
- 07:24:55 [INFO] Host: boot
- 07:25:06 [INFO] Target: 
boot
## Checking Image at 82000000 ...
Unknown image format!
Kernel image @ 0x82000000 [ 0x000000 - 0x5e81c8 ]
## Flattened Device Tree blob at 88000000
   Booting using the fdt blob at 0x88000000
   Loading Device Tree to 8fff0000, end 8ffff9bf ... OK
Starting kernel ...
[    0.000000] Booting Linux on physical CPU 0x0
[    0.000000] Linux version 4.0.0-rc6-next-20150402-00002-g638e254d65f5 (nmenon@kahuna) (gcc version 4.6.3 (Ubuntu/Linaro 4.6.3-1ubuntu5) ) #1 SMP Mon Apr 6 06:23:24 CDT 2015
[    0.000000] CPU: ARMv7 Processor [412fc0f2] revision 2 (ARMv7), cr=30c5387d
[    0.000000] CPU: PIPT / VIPT nonaliasing data cache, PIPT instruction cache
[    0.000000] Machine model: TI OMAP5 uEVM board
[    0.000000] earlycon: no match for ttyO2,115200n8
[    0.000000] cma: Reserved 64 MiB at 0x00000000fa800000
[    0.000000] Forcing write-allocate cache policy for SMP
[    0.000000] Memory policy: Data cache writealloc
[    0.000000] OMAP5432 ES2.0
[    0.000000] PERCPU: Embedded 11 pages/cpu @ee7cb000 s12736 r8192 d24128 u45056
[    0.000000] Built 1 zonelists in Zone order, mobility grouping on.  Total pages: 518160
[    0.000000] Kernel command line: console=ttyO2,115200n8 earlyprintk rootwait  ip=dhcp  root=PARTUUID=00000000-02 rw rootfstype=ext4 rootwait 
[    0.000000] PID hash table entries: 4096 (order: 2, 16384 bytes)
[    0.000000] Dentry cache hash table entries: 131072 (order: 7, 524288 bytes)
[    0.000000] Inode-cache hash table entries: 65536 (order: 6, 262144 bytes)
[    0.000000] Memory: 1982032K/2078720K available (8000K kernel code, 1024K rwdata, 3528K rodata, 816K init, 321K bss, 31152K reserved, 65536K cma-reserved, 1234944K highmem)
[    0.000000] Virtual kernel memory layout:
[    0.000000]     vector  : 0xffff0000 - 0xffff1000   (   4 kB)
[    0.000000]     fixmap  : 0xffc00000 - 0xfff00000   (3072 kB)
[    0.000000]     vmalloc : 0xf0000000 - 0xff000000   ( 240 MB)
[    0.000000]     lowmem  : 0xc0000000 - 0xef800000   ( 760 MB)
[    0.000000]     pkmap   : 0xbfe00000 - 0xc0000000   (   2 MB)
[    0.000000]     modules : 0xbf000000 - 0xbfe00000   (  14 MB)
[    0.000000]       .text : 0xc0208000 - 0xc0d4b1cc   (11533 kB)
[    0.000000]       .init : 0xc0d4c000 - 0xc0e18000   ( 816 kB)
[    0.000000]       .data : 0xc0e18000 - 0xc0f18280   (1025 kB)
[    0.000000]        .bss : 0xc0f1b000 - 0xc0f6b420   ( 322 kB)
[    0.000000] SLUB: HWalign=64, Order=0-3, MinObjects=0, CPUs=2, Nodes=1
[    0.000000] Hierarchical RCU implementation.
[    0.000000] 	Additional per-CPU info printed with stalls.
[    0.000000] 	RCU restricting CPUs from NR_CPUS=16 to nr_cpu_ids=2.
[    0.000000] RCU: Adjusting geometry for rcu_fanout_leaf=16, nr_cpu_ids=2
[    0.000000] NR_IRQS:16 nr_irqs:16 16
[    0.000000] OMAP clockevent source: timer1 at 32768 Hz
[    0.000000] clocksource 32k_counter: mask: 0xffffffff max_cycles: 0xffffffff, max_idle_ns: 58327039986419 ns
[    0.000000] sched_clock: 32 bits at 32kHz, resolution 30517ns, wraps every 65535999984741ns
[    0.000000] OMAP clocksource: 32k_counter at 32768 Hz
[    0.000396] Architected cp15 timer(s) running at 6.14MHz (virt).
[    0.000427] clocksource arch_sys_counter: mask: 0xffffffffffffff max_cycles: 0x16ac02862, max_idle_ns: 440795202218 ns
[    0.000431] sched_clock: 56 bits at 6MHz, resolution 162ns, wraps every 4398046511085ns
[    0.000441] Switching to timer-based delay loop, resolution 162ns
[    0.003740] Console: colour dummy device 80x30
[    0.003757] Calibrating delay loop (skipped), value calculated using timer frequency.. 12.28 BogoMIPS (lpj=30720)
[    0.003769] pid_max: default: 32768 minimum: 301
[    0.003850] Mount-cache hash table entries: 2048 (order: 1, 8192 bytes)
[    0.003859] Mountpoint-cache hash table entries: 2048 (order: 1, 8192 bytes)
[    0.004304] CPU: Testing write buffer coherency: ok
[    0.004458] /cpus/cpu@0 missing clock-frequency property
[    0.004469] /cpus/cpu@1 missing clock-frequency property
[    0.004479] CPU0: thread -1, cpu 0, socket 0, mpidr 80000000
[    0.004509] Setting up static identity map for 0x80209000 - 0x80209098
[    0.006973] CPU1: thread -1, cpu 1, socket 0, mpidr 80000001
[    0.007027] Brought up 2 CPUs
[    0.007039] SMP: Total of 2 processors activated (24.57 BogoMIPS).
[    0.007045] CPU: All CPU(s) started in SVC mode.
[    0.007375] devtmpfs: initialized
[    0.007999] VFP support v0.3: implementor 41 architecture 4 part 30 variant f rev 0
[    0.008486] omap_hwmod: l3_main_3 using broken dt data from ocp
[    0.008921] omap_hwmod: l3_main_2 using broken dt data from ocp
[    0.072410] clocksource jiffies: mask: 0xffffffff max_cycles: 0xffffffff, max_idle_ns: 9556302231375000 ns
[    0.073676] pinctrl core: initialized pinctrl subsystem
[    0.086791] NET: Registered protocol family 16
[    0.088299] DMA: preallocated 256 KiB pool for atomic coherent allocations
[    0.100498] cpuidle: using governor ladder
[    0.115513] cpuidle: using governor menu
[    0.120030] OMAP GPIO hardware version 0.1
[    0.123545] platform 50000000.gpmc: Cannot lookup hwmod 'gpmc'
[    0.123668] omap-gpmc 50000000.gpmc: _od_fail_runtime_resume: FIXME: missing hwmod/omap_dev info
[    0.123679] omap-gpmc 50000000.gpmc: GPMC revision 6.0
[    0.136109] No ATAGs?
[    0.136133] hw-breakpoint: found 5 (+1 reserved) breakpoint and 4 watchpoint registers.
[    0.136140] hw-breakpoint: maximum watchpoint size is 8 bytes.
[    0.137448] OMAP DMA hardware revision 0.0
[    0.140090] Serial: AMBA PL011 UART driver
[    0.171943] omap-dma-engine 4a056000.dma-controller: OMAP DMA engine driver
[    0.175046] vgaarb: loaded
[    0.175580] SCSI subsystem initialized
[    0.175952] usbcore: registered new interface driver usbfs
[    0.175999] usbcore: registered new interface driver hub
[    0.176040] usbcore: registered new device driver usb
[    0.176338] hsusb2_phy supply vcc not found, using dummy regulator
[    0.176436] hsusb3_phy supply vcc not found, using dummy regulator
[    0.176970] omap_i2c 48070000.i2c: could not find pctldev for node /ocp/l4@4a000000/scm@2800/pinmux@40/pinmux_i2c1_pins, deferring probe
[    0.177246] omap_i2c 48072000.i2c: bus 1 rev0.12 at 100 kHz
[    0.177494] omap_i2c 48060000.i2c: bus 2 rev0.12 at 100 kHz
[    0.177745] omap_i2c 4807a000.i2c: bus 3 rev0.12 at 100 kHz
[    0.177775] omap_i2c 4807c000.i2c: could not find pctldev for node /ocp/l4@4a000000/scm@2800/pinmux@40/pinmux_i2c5_pins, deferring probe
[    0.178569] media: Linux media interface: v0.10
[    0.178613] Linux video capture interface: v2.00
[    0.178646] pps_core: LinuxPPS API ver. 1 registered
[    0.178651] pps_core: Software ver. 5.3.6 - Copyright 2005-2007 Rodolfo Giometti <giometti@linux.it>
[    0.178671] PTP clock support registered
[    0.178880] EDAC MC: Ver: 3.0.0
[    0.179991] Advanced Linux Sound Architecture Driver Initialized.
[    0.180789] Switched to clocksource arch_sys_counter
[    0.188247] NET: Registered protocol family 2
[    0.188667] TCP established hash table entries: 8192 (order: 3, 32768 bytes)
[    0.188728] TCP bind hash table entries: 8192 (order: 4, 65536 bytes)
[    0.188858] TCP: Hash tables configured (established 8192 bind 8192)
[    0.188902] UDP hash table entries: 512 (order: 2, 16384 bytes)
[    0.188932] UDP-Lite hash table entries: 512 (order: 2, 16384 bytes)
[    0.189051] NET: Registered protocol family 1
[    0.189222] RPC: Registered named UNIX socket transport module.
[    0.189229] RPC: Registered udp transport module.
[    0.189235] RPC: Registered tcp transport module.
[    0.189240] RPC: Registered tcp NFSv4.1 backchannel transport module.
[    0.214741] CPU PMU: Failed to parse <no-node>/interrupt-affinity[0]
[    0.214771] hw perfevents: enabled with armv7_cortex_a15 PMU driver, 7 counters available
[    0.216547] futex hash table entries: 512 (order: 3, 32768 bytes)
[    0.225622] squashfs: version 4.0 (2009/01/31) Phillip Lougher
[    0.226316] NFS: Registering the id_resolver key type
[    0.226343] Key type id_resolver registered
[    0.226349] Key type id_legacy registered
[    0.226405] ntfs: driver 2.1.32 [Flags: R/O].
[    0.227250] bounce: pool size: 64 pages
[    0.227411] Block layer SCSI generic (bsg) driver version 0.4 loaded (major 248)
[    0.227426] io scheduler noop registered
[    0.227438] io scheduler deadline registered
[    0.227589] io scheduler cfq registered (default)
[    0.233279] pinctrl-single 4a002840.pinmux: 219 pins at pa fc002840 size 438
[    0.233463] pinctrl-single 4ae0c840.pinmux: 28 pins at pa fce0c840 size 56
[    0.282975] Serial: 8250/16550 driver, 4 ports, IRQ sharing disabled
[    0.284831] SuperH (H)SCI(F) driver initialized
[    0.285532] msm_serial: driver initialized
[    0.286151] omap_uart 4806a000.serial: no wakeirq for uart0
[    0.286232] 4806a000.serial: ttyO0 at MMIO 0x4806a000 (irq = 306, base_baud = 3000000) is a OMAP UART0
[    0.286481] omap_uart 4806c000.serial: no wakeirq for uart1
[    0.286547] 4806c000.serial: ttyO1 at MMIO 0x4806c000 (irq = 307, base_baud = 3000000) is a OMAP UART1
[    0.286802] omap_uart 48020000.serial: no wakeirq for uart2
[    0.286869] 48020000.serial: ttyO2 at MMIO 0x48020000 (irq = 308, base_baud = 3000000) is a OMAP UART2
[    1.113657] console [ttyO2] enabled
[    1.117573] omap_uart 4806e000.serial: no wakeirq for uart3
[    1.123484] 4806e000.serial: ttyO3 at MMIO 0x4806e000 (irq = 309, base_baud = 3000000) is a OMAP UART3
[    1.133493] omap_uart 48066000.serial: no wakeirq for uart4
[    1.139393] 48066000.serial: ttyO4 at MMIO 0x48066000 (irq = 310, base_baud = 3000000) is a OMAP UART4
[    1.149368] omap_uart 48068000.serial: no wakeirq for uart5
[    1.155265] 48068000.serial: ttyO5 at MMIO 0x48068000 (irq = 311, base_baud = 3000000) is a OMAP UART5
[    1.165295] STMicroelectronics ASC driver initialized
[    1.172035] [drm] Initialized drm 1.1.0 20060810
[    1.182980] loop: module loaded
[    1.187647] ahci 4a140000.sata: SSS flag set, parallel bus scan disabled
[    1.194676] ahci 4a140000.sata: AHCI 0001.0300 32 slots 1 ports 3 Gbps 0x1 impl platform mode
[    1.203603] ahci 4a140000.sata: flags: 64bit ncq sntf stag pm led clo only pmp pio slum part ccc apst 
[    1.214055] scsi host0: ahci
[    1.217300] ata1: SATA max UDMA/133 mmio [mem 0x4a140000-0x4a1410ff] port 0x100 irq 338
[    1.231296] CAN device driver interface
[    1.236495] igb: Intel(R) Gigabit Ethernet Network Driver - version 5.2.15-k
[    1.243874] igb: Copyright (c) 2007-2014 Intel Corporation.
[    1.251760] pegasus: v0.9.3 (2013/04/25), Pegasus/Pegasus II USB Ethernet driver
[    1.259534] usbcore: registered new interface driver pegasus
[    1.265506] usbcore: registered new interface driver asix
[    1.271201] usbcore: registered new interface driver ax88179_178a
[    1.277616] usbcore: registered new interface driver cdc_ether
[    1.283780] usbcore: registered new interface driver smsc75xx
[    1.289856] usbcore: registered new interface driver smsc95xx
[    1.295914] usbcore: registered new interface driver net1080
[    1.301877] usbcore: registered new interface driver cdc_subset
[    1.308109] usbcore: registered new interface driver zaurus
[    1.314004] usbcore: registered new interface driver cdc_ncm
[    1.321446] ehci_hcd: USB 2.0 'Enhanced' Host Controller (EHCI) Driver
[    1.328278] ehci-pci: EHCI PCI platform driver
[    1.332966] ehci-platform: EHCI generic platform driver
[    1.338637] ehci-omap: OMAP-EHCI Host Controller driver
[    1.356181] ehci-omap 4a064c00.ehci: EHCI Host Controller
[    1.361851] ehci-omap 4a064c00.ehci: new USB bus registered, assigned bus number 1
[    1.369921] ehci-omap 4a064c00.ehci: irq 406, io mem 0x4a064c00
[    1.385804] ehci-omap 4a064c00.ehci: USB 2.0 started, EHCI 1.00
[    1.392609] hub 1-0:1.0: USB hub found
[    1.396572] hub 1-0:1.0: 3 ports detected
[    1.441227] ehci-orion: EHCI orion driver
[    1.445565] SPEAr-ehci: EHCI SPEAr driver
[    1.449914] ehci-st: EHCI STMicroelectronics driver
[    1.455154] ehci-exynos: EHCI EXYNOS driver
[    1.459695] tegra-ehci: Tegra EHCI driver
[    1.464051] ohci_hcd: USB 1.1 'Open' Host Controller (OHCI) Driver
[    1.470532] ohci-pci: OHCI PCI platform driver
[    1.475217] ohci-platform: OHCI generic platform driver
[    1.480854] ohci-omap3: OHCI OMAP3 driver
[    1.485196] ohci-omap3 4a064800.ohci: OHCI Host Controller
[    1.490947] ohci-omap3 4a064800.ohci: new USB bus registered, assigned bus number 2
[    1.499048] ohci-omap3 4a064800.ohci: irq 405, io mem 0x4a064800
[    1.550807] ata1: SATA link down (SStatus 0 SControl 300)
[    1.576358] hub 2-0:1.0: USB hub found
[    1.580295] hub 2-0:1.0: 3 ports detected
[    1.584905] SPEAr-ohci: OHCI SPEAr driver
[    1.589254] ohci-st: OHCI STMicroelectronics driver
[    1.594579] usbcore: registered new interface driver usb-storage
[    1.602240] mousedev: PS/2 mouse device common for all mice
[    1.611358] i2c /dev entries driver
[    1.617275] usbcore: registered new interface driver uvcvideo
[    1.623290] USB Video Class driver (1.1.1)
[    1.627585] gspca_main: v2.14.0 registered
[    1.635733] Driver 'mmcblk' needs updating - please use bus_type methods
[    1.642805] sdhci: Secure Digital Host Controller Interface driver
[    1.649270] sdhci: Copyright(c) Pierre Ossman
[    1.654816] omap_hsmmc 4809c000.mmc: unable to get vmmc regulator -517
[    1.691011] 480ad000.mmc supply vmmc not found, using dummy regulator
[    1.697914] omap_hsmmc 480ad000.mmc: could not set regulator OCR (-22)
[    1.715826] usb 1-3: new high-speed USB device number 2 using ehci-omap
[    1.736462] Synopsys Designware Multimedia Card Interface Driver
[    1.743801] sdhci-pltfm: SDHCI platform and OF driver helper
[    1.751625] ledtrig-cpu: registered to indicate activity on CPUs
[    1.758091] usbcore: registered new interface driver usbhid
[    1.763938] usbhid: USB HID core driver
[    1.767973] mmc0: MAN_BKOPS_EN bit is not set
[    1.771432] usbcore: registered new interface driver snd-usb-audio
[    1.774150] NET: Registered protocol family 17
[    1.774169] can: controller area network core (rev 20120528 abi 9)
[    1.774228] NET: Registered protocol family 29
[    1.774238] can: raw protocol (rev 20120528)
[    1.774248] can: broadcast manager protocol (rev 20120528 t)
[    1.774262] can: netlink gateway (rev 20130117) max_hops=1
[    1.774588] Key type dns_resolver registered
[    1.774743] omap_vc_init_channel: No PMIC info for vdd_core
[    1.774746] omap_vp_init: No PMIC info for vdd_core
[    1.774751] omap_vc_init_channel: No PMIC info for vdd_mm
[    1.774753] omap_vp_init: No PMIC info for vdd_mm
[    1.774758] omap_vc_init_channel: No PMIC info for vdd_mpu
[    1.774760] omap_vp_init: No PMIC info for vdd_mpu
[    1.775231] Power Management for TI OMAP4+ devices.
[    1.775389] ThumbEE CPU extension supported.
[    1.775402] Registering SWP/SWPB emulation handler
[    1.781793] palmas 0-0048: Irq flag is 0x00000000
[    1.853660] smsc95xx v1.0.4
[    1.871027] palmas 0-0048: Muxing GPIO 2, PWM 0, LED 0
[    1.878876] mmc0: new high speed MMC card at address 0001
[    1.884818] mmcblk0: mmc0:0001 SEM04G 3.68 GiB 
[    1.889681] mmcblk0boot0: mmc0:0001 SEM04G partition 1 2.00 MiB
[    1.895986] mmcblk0boot1: mmc0:0001 SEM04G partition 2 2.00 MiB
[    1.903060]  mmcblk0: p1
[    1.911542] smsc95xx 1-3:1.0 eth0: register 'smsc95xx' at usb-4a064c00.ehci-3, smsc95xx USB 2.0 Ethernet, a2:d2:7c:01:c5:d8
[    1.943532] omap_i2c 48070000.i2c: bus 0 rev0.12 at 400 kHz
[    1.966473] omap_i2c 4807c000.i2c: bus 4 rev0.12 at 400 kHz
[    2.011202] rtc_hctosys: unable to open rtc device (rtc0)
[    2.075539] mmc2: host does not support reading read-only switch, assuming write-enable
[    2.088958] mmc2: new high speed SDHC card at address e624
[    2.094884] mmcblk1: mmc2:e624 SU04G 3.69 GiB 
[    2.102033]  mmcblk1: p1 p2 p3
[    2.160807] usb 1-2: new high-speed USB device number 3 using ehci-omap
[    2.296718] hub 1-2:1.0: USB hub found
[    2.300719] hub 1-2:1.0: 3 ports detected
[    3.579893] smsc95xx 1-3:1.0 eth0: link up, 100Mbps, full-duplex, lpa 0xC5E1
[    3.600810] Sending DHCP requests ., OK
[    4.685796] IP-Config: Got DHCP answer from 192.168.0.1, my address is 192.168.0.81
[    4.693916] IP-Config: Complete:
[    4.697319]      device=eth0, hwaddr=a2:d2:7c:01:c5:d8, ipaddr=192.168.0.81, mask=255.255.255.0, gw=192.168.0.1
[    4.707909]      host=192.168.0.81, domain=tim.com, nis-domain=(none)
[    4.714676]      bootserver=192.168.0.1, rootserver=192.168.0.1, rootpath=
[    4.721712]      nameserver0=192.0.2.2, nameserver1=192.0.2.3
[    4.728217] ldo8: disabling
[    4.731847] ldo3: disabling
[    4.735732] ALSA device list:
[    4.738849]   No soundcards found.
[    4.761771] EXT4-fs (mmcblk1p2): mounted filesystem with ordered data mode. Opts: (null)
[    4.770291] VFS: Mounted root (ext4 filesystem) on device 179:50.
[    4.784252] devtmpfs: mounted
[    4.787819] Freeing unused kernel memory: 816K (c0d4c000 - c0e18000)
INIT: version 2.88 booting
Error opening /dev/fb0: No such file or directory
Starting udev
[    5.166016] udevd[90]: starting version 182
[    6.159266] EXT4-fs (mmcblk0p1): warning: mounting unchecked fs, running e2fsck is recommended
[    6.170131] EXT4-fs (mmcblk0p1): mounted filesystem without journal. Opts: (null)
[    6.258135] FAT-fs (mmcblk1p1): Volume was not properly unmounted. Some data may be corrupt. Please run fsck.
[    6.316681] EXT4-fs (mmcblk1p3): mounted filesystem with ordered data mode. Opts: (null)
Starting Bootlog daemon: bootlogd.
[    6.389830] EXT4-fs (mmcblk1p2): re-mounted. Opts: data=ordered
[    6.419899] random: dd urandom read with 71 bits of entropy available
ALSA: Restoring mixer settings...
Configuring network interfaces... /usr/sbin/alsactl: load_state:1696: No soundcards found...
udhcpc (v1.20.2) started
Sending discover...
Sending select for 192.168.0.81...
Lease of 192.168.0.81 obtained, lease time 600
/etc/udhcpc.d/50default: Adding DNS 192.0.2.2
/etc/udhcpc.d/50default: Adding DNS 192.0.2.3
done.
hwclock: can't open '/dev/misc/rtc': No such file or directory
Fri Dec 12 19:25:00 UTC 2014
hwclock: can't open '/dev/misc/rtc': No such file or directory
INIT: Entering runlevel: 5
Starting system message bus: dbus.
Starting Dropbear SSH server: dropbear.
Starting telnet daemon.
hwclock: can't open '/dev/misc/rtc': No such file or directory
Starting syslogd/klogd: done
Starting thttpd.
Starting Lighttpd Web Server: 2014-12-12 19:25:00: (log.c.166) server started 
lighttpd.
Starting Matrix GUI application.
[    8.628354] random: nonblocking pool is initialized
***************************************************************
***************************************************************
NOTICE: This file system contains the followin GPLv3 packages:
	binutils-symlinks
	binutils
	gdbserver
	parted
If you do not wish to distribute GPLv3 components please remove
the above packages prior to distribution.  This can be done using
the opkg remove command.  i.e.:
    opkg remove <package>
Where <package> is the name printed in the list above
NOTE: If the package is a dependency of another package you
      will be notified of the dependent packages.  You should
      use the --force-removal-of-dependent-packages option to
      also remove the dependent packages as well
***************************************************************
***************************************************************
Stopping Bootlog daemon: bootlogd.
 _____                    _____           _         _   
|  _  |___ ___ ___ ___   |  _  |___ ___  |_|___ ___| |_ 
|     |  _| .'| . | . |  |   __|  _| . | | | -_|  _|  _|
|__|__|_| |__,|_  |___|  |__|  |_| |___|_| |___|___|_|  
              |___|                    |___|            
Arago Project http://arago-project.org omap5-evm ttyO2
Arago 2013.12 omap5-evm ttyO2
omap5-evm login: 
- 07:25:06 [INFO] Host: root
- 07:25:06 [INFO] Target: 
root
root@omap5-evm:~# 
- 07:25:06 [INFO] Host: uname -a
- 07:25:07 [INFO] Target: 
uname -a
Linux omap5-evm 4.0.0-rc6-next-20150402-00002-g638e254d65f5 #1 SMP Mon Apr 6 06:23:24 CDT 2015 armv7l GNU/Linux
root@omap5-evm:~# 
- 07:25:07 [INFO] Host: cat /proc/cmdline
- 07:25:07 [INFO] Target: 
cat /proc/cmdline
console=ttyO2,115200n8 earlyprintk rootwait  ip=dhcp  root=PARTUUID=00000000-02 rw rootfstype=ext4 rootwait 
root@omap5-evm:~# 
- 07:25:07 [INFO] Host: uname -a
- 07:25:08 [INFO] Target: 
uname -a
Linux omap5-evm 4.0.0-rc6-next-20150402-00002-g638e254d65f5 #1 SMP Mon Apr 6 06:23:24 CDT 2015 armv7l GNU/Linux
root@omap5-evm:~# 
- 07:25:08 [INFO] Host: cat /proc/mtd
- 07:25:08 [INFO] Target: 
cat /proc/mtd
dev:    size   erasesize  name
root@omap5-evm:~# 
- 07:25:16 [INFO] Host: export IPERFHOST=192.168.0.1
- 07:25:17 [INFO] Target: 
export IPERFHOST=192.168.0.1
root@omap5-evm:~# 
- 07:25:17 [INFO] Host: export NFS_SERVER=192.168.0.1
- 07:25:17 [INFO] Target: 
export NFS_SERVER=192.168.0.1
root@omap5-evm:~# 
- 07:25:17 [INFO] Host: export NFS_ROOT_PATH=/home/tigtfarm06/NFS_exports/linux/omap5-evm
- 07:25:18 [INFO] Target: 
export NFS_ROOT_PATH=/home/tigtfarm06/NFS_exports/linux/omap5- 
root@omap5-evm:~# 
- 07:25:18 [INFO] Host: mkdir -p -m 777 /test
- 07:25:18 [INFO] Target: 
mkdir -p -m 777 /test
root@omap5-evm:~# 
- 07:25:18 [INFO] Host: cd /test
- 07:25:19 [INFO] Target: 
cd /test
root@omap5-evm:/test# 
- 07:25:19 [INFO] Host: cat > test.sh << EOF
- 07:25:19 [INFO] Target: 
cat > test.sh << EOF
- 07:25:19 [INFO] Host: failtest() {
- 07:25:20 [INFO] Target: 
failtest() {
- 07:25:20 [INFO] Host:   echo 1 >&3
- 07:25:20 [INFO] Target: 
  echo 1 >&3
- 07:25:20 [INFO] Host: }
- 07:25:21 [INFO] Target: 
- 07:25:21 [INFO] Host: timeout=600
- 07:25:21 [INFO] Target: 
timeout=600
- 07:25:21 [INFO] Host: 
- 07:25:22 [INFO] Target: 
- 07:25:22 [INFO] Host: # Start of user's script logic
- 07:25:22 [INFO] Target: 
# Start of user's script logic
- 07:25:22 [INFO] Host: 
- 07:25:23 [INFO] Target: 
- 07:25:23 [INFO] Host: 
- 07:25:23 [INFO] Target: 
- 07:25:23 [INFO] Host: mount -t proc proc /proc 2>/dev/null;
- 07:25:24 [INFO] Target: 
mount -t proc proc /proc 2>/dev/null;
- 07:25:24 [INFO] Host: 
- 07:25:24 [INFO] Target: 
- 07:25:24 [INFO] Host: mount -t sysfs sys /sys 2>/dev/null;
- 07:25:25 [INFO] Target: 
mount -t sysfs sys /sys 2>/dev/null;
- 07:25:25 [INFO] Host: 
- 07:25:25 [INFO] Target: 
- 07:25:25 [INFO] Host: mount -t debugfs none /sys/kernel/debug 2>/dev/null;
- 07:25:26 [INFO] Target: 
mount -t debugfs none /sys/kernel/debug 2>/dev/null;
- 07:25:26 [INFO] Host: 
- 07:25:26 [INFO] Target: 
- 07:25:26 [INFO] Host: echo 'cpuinfo:';cat /proc/cpuinfo; echo '=======';
- 07:25:27 [INFO] Target: 
echo 'cpuinfo:';cat /proc/cpuinfo; echo '=======';
- 07:25:27 [INFO] Host: 
- 07:25:27 [INFO] Target: 
- 07:25:27 [INFO] Host: echo 'soc info:';head /sys/devices/soc0/* 2>/dev/null; echo '=======';
- 07:25:28 [INFO] Target: 
echo 'soc info:';head /sys/devices/soc0/* 2>/dev/null; echo '=======';
- 07:25:28 [INFO] Host: 
- 07:25:28 [INFO] Target: 
- 07:25:28 [INFO] Host: echo 'DT Model info'; head /proc/device-tree/name /proc/device-tree/model /proc/device-tree/compatible 2>/dev/null;echo; echo '=======';
- 07:25:29 [INFO] Target: 
echo 'DT Model info'; head /proc/device-tree/name /proc/device-tree/model /pro 
c/device-tree/compatible 2>/dev/null;echo; echo '=======';
- 07:25:29 [INFO] Host: 
- 07:25:29 [INFO] Target: 
- 07:25:29 [INFO] Host: echo 'interrupts:';cat /proc/interrupts; echo '=======';
- 07:25:30 [INFO] Target: 
echo 'interrupts:';cat /proc/interrupts; echo '=======';
- 07:25:30 [INFO] Host: 
- 07:25:30 [INFO] Target: 
- 07:25:30 [INFO] Host: echo 'Clk_summary:';cat /sys/kernel/debug/clk/clk_summary; echo '=======';
- 07:25:31 [INFO] Target: 
echo 'Clk_summary:';cat /sys/kernel/debug/clk/clk_summary; echo '=======';
- 07:25:31 [INFO] Host: 
- 07:25:31 [INFO] Target: 
- 07:25:31 [INFO] Host: echo 'Orphan Clks:';ls /sys/kernel/debug/clk/orphans/; echo '=======';
- 07:25:32 [INFO] Target: 
echo 'Orphan Clks:';ls /sys/kernel/debug/clk/orphans/; echo '=======';
- 07:25:32 [INFO] Host: 
- 07:25:32 [INFO] Target: 
- 07:25:32 [INFO] Host: echo "Available frequencies"; cat /sys/devices/system/cpu/cpu0/cpufreq/scaling_available_frequencies 2>/dev/null;echo '=======';
- 07:25:33 [INFO] Target: 
echo "Available frequencies"; cat /sys/devices/system/cpu/cpu0/cpufreq/scaling 
_available_frequencies 2>/dev/null;echo '=======';
- 07:25:33 [INFO] Host: 
- 07:25:33 [INFO] Target: 
- 07:25:33 [INFO] Host: echo 'H''ello World' 'B''oard Booted';
- 07:25:34 [INFO] Target: 
echo 'H''ello World' 'B''oard Booted';
- 07:25:34 [INFO] Host: 
- 07:25:34 [INFO] Target: 
- 07:25:34 [INFO] Host: EOF
- 07:25:35 [INFO] Target: 
root@omap5-evm:/test# 
- 07:25:35 [INFO] Host: cd /test
- 07:25:35 [INFO] Target: 
cd /test
root@omap5-evm:/test# 
- 07:25:35 [INFO] Host: chmod +x test.sh
- 07:25:36 [INFO] Target: 
chmod +x test.sh
root@omap5-evm:/test# 
- 07:25:36 [INFO] Host: ./test.sh 2> stderr.log > stdout.log 3> result.log
- 07:25:36 [INFO] Target: 
./test.sh 2> stderr.log > stdout.log 3> result.log
root@omap5-evm:/test# 
- 07:25:36 [INFO] Host: echo $?
- 07:25:37 [INFO] Target: 
echo $?
root@omap5-evm:/test# 
- 07:25:37 [INFO] Host: cd /test
- 07:25:37 [INFO] Target: 
cd /test
root@omap5-evm:/test# 
- 07:25:37 [INFO] Host: cat stdout.log
- 07:25:39 [INFO] Target: 
cat stdout.log
cpuinfo:
processor	: 0
model name	: ARMv7 Processor rev 2 (v7l)
BogoMIPS	: 12.28
Features	: half thumb fastmult vfp edsp thumbee neon vfpv3 tls vfpv4 idiva idivt vfpd32 lpae evtstrm 
CPU implementer	: 0x41
CPU architecture: 7
CPU variant	: 0x2
CPU part	: 0xc0f
CPU revision	: 2
processor	: 1
model name	: ARMv7 Processor rev 2 (v7l)
BogoMIPS	: 12.28
Features	: half thumb fastmult vfp edsp thumbee neon vfpv3 tls vfpv4 idiva idivt vfpd32 lpae evtstrm 
CPU implementer	: 0x41
CPU architecture: 7
CPU variant	: 0x2
CPU part	: 0xc0f
CPU revision	: 2
Hardware	: Generic OMAP5 (Flattened Device Tree)
Revision	: 0000
Serial		: 0000000000000000
=======
soc info:
==> /sys/devices/soc0/family <==
OMAP5
==> /sys/devices/soc0/machine <==
OMAP5432
==> /sys/devices/soc0/power <==
==> /sys/devices/soc0/revision <==
ES2.0
==> /sys/devices/soc0/subsystem <==
==> /sys/devices/soc0/type <==
==> /sys/devices/soc0/uevent <==
=======
DT Model info
==> /proc/device-tree/name <==
==> /proc/device-tree/model <==
TI OMAP5 uEVM board
==> /proc/device-tree/compatible <==
ti,omap5-uevmti,omap5
=======
interrupts:
           CPU0       CPU1       
 16:          0          0     WUGEN  37  gp_timer
 19:       1971       1908       GIC  27  arch_timer
 23:          0          0     WUGEN   9  l3-dbg-irq
 24:          0          0     WUGEN  10  l3-app-irq
 26:          0          0     WUGEN  12  DMA
 27:       3301          0     WUGEN  13  omap-dma-engine
294:          0          0     WUGEN  20  gpmc
297:        582          0     WUGEN  56  48070000.i2c
298:          0          0     WUGEN  57  48072000.i2c
299:          0          0     WUGEN  61  48060000.i2c
300:          0          0     WUGEN  62  4807a000.i2c
301:          8          0     WUGEN  60  4807c000.i2c
308:       4920          0     WUGEN  74  OMAP UART2
312:       4898          0     WUGEN  83  mmc2
313:        789          0     WUGEN  86  mmc0
314:         13          0     WUGEN  94  mmc1
338:          0          0     WUGEN  54  4a140000.sata
350:          0          0      PRCM  pinctrl, pinctrl
405:          1          0     WUGEN  76  ohci_hcd:usb2
406:        273          0     WUGEN  77  ehci_hcd:usb1
407:          1          0     WUGEN   7  palmas
IPI0:          0          1  CPU wakeup interrupts
IPI1:          0          0  Timer broadcast interrupts
IPI2:       1644       3223  Rescheduling interrupts
IPI3:          0          0  Function call interrupts
IPI4:         37         24  Single function call interrupts
IPI5:          0          0  CPU stop interrupts
IPI6:          0          0  IRQ work interrupts
IPI7:          0          0  completion interrupts
Err:          0
=======
Clk_summary:
   clock                         enable_cnt  prepare_cnt        rate   accuracy   phase
----------------------------------------------------------------------------------------
 dummy_ck                                 0            0           0          0 0  
 xclk60mhsp2_ck                           0            0    60000000          0 0  
 xclk60mhsp1_ck                           0            0    60000000          0 0  
 virt_38400000_ck                         0            0    38400000          0 0  
 virt_27000000_ck                         0            0    27000000          0 0  
 virt_26000000_ck                         0            0    26000000          0 0  
 virt_19200000_ck                         1            1    19200000          0 0  
    sys_clkin                             7           15    19200000          0 0  
       auxclk4_src_ck                     0            0    19200000          0 0  
          auxclk4_ck                      0            0     9600000          0 0  
       auxclk3_src_ck                     0            0    19200000          0 0  
          auxclk3_ck                      0            0    19200000          0 0  
             auxclkreq3_ck                0            0    19200000          0 0  
       auxclk2_src_ck                     0            0    19200000          0 0  
          auxclk2_ck                      0            0    19200000          0 0  
             auxclkreq2_ck                0            0    19200000          0 0  
       auxclk1_src_ck                     1            1    19200000          0 0  
          auxclk1_ck                      1            1    19200000          0 0  
             auxclkreq1_ck                0            0    19200000          0 0  
       auxclk0_src_ck                     0            0    19200000          0 0  
          auxclk0_ck                      0            0    19200000          0 0  
             auxclkreq0_ck                0            0    19200000          0 0  
       wkupaon_iclk_mux                   7            8    19200000          0 0  
          l3instr_ts_gclk_div             0            0    19200000          0 0  
       timer9_gfclk_mux                   0            1    19200000          0 0  
       timer4_gfclk_mux                   0            1    19200000          0 0  
       timer3_gfclk_mux                   0            1    19200000          0 0  
       timer2_gfclk_mux                   0            1    19200000          0 0  
       timer11_gfclk_mux                  0            1    19200000          0 0  
       timer10_gfclk_mux                  0            1    19200000          0 0  
       sata_ref_clk                       2            2    19200000          0 0  
       dpll_usb_ck                        2            2   960000000          0 0  
          dpll_usb_m2_ck                  3            3   480000000          0 0  
             usb_host_hs_hsic480m_p3_clk           1            1   480000000          0 0  
             usb_host_hs_hsic480m_p2_clk           1            1   480000000          0 0  
             usb_host_hs_hsic480m_p1_clk           0            0   480000000          0 0  
             l3init_60m_fclk              7            7    60000000          0 0  
                usb_tll_hs_usb_ch2_clk           1            1    60000000          0 0  
                usb_tll_hs_usb_ch1_clk           1            1    60000000          0 0  
                usb_tll_hs_usb_ch0_clk           0            0    60000000          0 0  
                usb_host_hs_utmi_p3_clk           1            1    60000000          0 0  
                utmi_p2_gfclk             1            1    60000000          0 0  
                   usb_host_hs_utmi_p2_clk           1            1    60000000          0 0  
                utmi_p1_gfclk             0            0    60000000          0 0  
                   usb_host_hs_utmi_p1_clk           0            0    60000000          0 0  
                usb_host_hs_hsic60m_p3_clk           1            1    60000000          0 0  
                usb_host_hs_hsic60m_p2_clk           1            1    60000000          0 0  
                usb_host_hs_hsic60m_p1_clk           0            0    60000000          0 0  
          dpll_usb_clkdcoldo              1            1   960000000          0 0  
             usb_otg_ss_refclk960m           1            3   960000000          0 0  
       dpll_usb_byp_mux                   0            0    19200000          0 0  
       dpll_unipro2_ck                    0            0    19200000          0 0  
          dpll_unipro2_m2_ck              0            0    19200000          0 0  
          dpll_unipro2_clkdcoldo           0            0    19200000          0 0  
       dpll_unipro1_ck                    0            0    19200000          0 0  
          dpll_unipro1_m2_ck              0            0    19200000          0 0  
             lli_txphy_ls_clk             0            0    19200000          0 0  
          dpll_unipro1_clkdcoldo           0            0    19200000          0 0  
             lli_txphy_clk                0            0    19200000          0 0  
       dpll_per_ck                        1            1   384000000          0 0  
          dpll_per_m2_ck                  0            0    96000000          0 0  
             func_24m_clk                 0            0    24000000          0 0  
          dpll_per_x2_ck                  1            2   768000000          0 0  
             dpll_per_m3x2_ck             0            0   256000000          0 0  
             dpll_per_m2x2_ck             1            4   192000000          0 0  
                mmc2_fclk_mux             0            1   192000000          0 0  
                   mmc2_fclk              0            1    96000000          0 0  
                mmc1_fclk_mux             0            1   192000000          0 0  
                   mmc1_fclk              0            1    96000000          0 0  
                hsi_fclk                  0            0   192000000          0 0  
                func_96m_fclk             0            6    96000000          0 0  
                   iss_ctrlclk            0            0    96000000          0 0  
                func_48m_fclk             7           14    48000000          0 0  
                   dss_48mhz_clk           0            2    48000000          0 0  
                func_12m_fclk             0            0    12000000          0 0  
             dpll_per_h14x2_ck            0            0   384000000          0 0  
             dpll_per_h12x2_ck            0            1   192000000          0 0  
                dss_dss_clk               0            4   192000000          0 0  
             dpll_per_h11x2_ck            0            0   256000000          0 0  
                fdif_fclk                 0            0   256000000          0 0  
                func_128m_clk             0            0   128000000          0 0  
       dpll_per_byp_mux                   0            0    19200000          0 0  
       dpll_mpu_ck                        1            1  1000000000          0 0  
          dpll_mpu_m2_ck                  1            1  1000000000          0 0  
       dpll_iva_byp_mux                   0            1    19200000          0 0  
          dpll_iva_ck                     0            1    19200000          0 0  
             dpll_iva_x2_ck               0            1    19200000          0 0  
                dpll_iva_h12x2_ck           0            0    19200000          0 0  
                dpll_iva_h11x2_ck           0            1    19200000          0 0  
       dpll_core_ck                       1            1  1063680000          0 0  
          dpll_core_m2_ck                 0            0   531840000          0 0  
          dpll_core_x2_ck                 3            4  2127360000          0 0  
             dpll_core_m3x2_ck            0            0   425472000          0 0  
             dpll_core_h24x2_ck           0            0   354560000          0 0  
             dpll_core_h23x2_ck           0            0   303908572          0 0  
             dpll_core_h22x2_ck           0            1   425472000          0 0  
             dpll_core_h14x2_ck           0            0    33767620          0 0  
                gpu_hyd_gclk_mux           0            0    33767620          0 0  
                gpu_core_gclk_mux           0            0    33767620          0 0  
             dpll_core_h13x2_ck           1            2    34312259          0 0  
             dpll_core_h12x2_ck           1            1   531840000          0 0  
                l3_iclk_div              23           25   265920000          0 0  
                   l4_root_clk_div          45           50   132960000          0 0  
                   gpu_l3_iclk            0            0   265920000          0 0  
                mpu_dpll_hs_clk_div           0            0   531840000          0 0  
                iva_dpll_hs_clk_div           0            0   531840000          0 0  
             dpll_core_h11x2_ck           4            4   265920000          0 0  
             dpll_core_h21x2_ck           0            0   354560000          0 0  
                c2c_fclk                  0            0   354560000          0 0  
                   c2c_iclk               0            0   177280000          0 0  
       dpll_core_byp_mux                  0            0    19200000          0 0  
       dss_syc_gfclk_div                  0            5    19200000          0 0  
          dss_sys_clk                     0            5    19200000          0 0  
          timer8_gfclk_mux                0            1    19200000          0 0  
          timer7_gfclk_mux                0            1    19200000          0 0  
          timer6_gfclk_mux                0            1    19200000          0 0  
          timer5_gfclk_mux                0            1    19200000          0 0  
       custefuse_sys_gfclk_div            0            0     9600000          0 0  
       abe_dpll_bypass_clk_mux            0            0    19200000          0 0  
 virt_16800000_ck                         0            0    16800000          0 0  
 virt_13000000_ck                         0            0    13000000          0 0  
 virt_12000000_ck                         0            0    12000000          0 0  
 sys_32k_ck                               3           15       32768          0 0  
    timer1_gfclk_mux                      1            1       32768          0 0  
    gpio1_dbclk                           0            1       32768          0 0  
    abe_dpll_clk_mux                      1            1       32768          0 0  
       dpll_abe_ck                        1            1    98304000          0 0  
          dpll_abe_x2_ck                  1            1   196608000          0 0  
             dpll_abe_m3x2_ck             0            0    98304000          0 0  
                usb_dpll_hs_clk_div           0            0    32768000          0 0  
                per_dpll_hs_clk_div           0            0    49152000          0 0  
             dpll_abe_m2x2_ck             1            2   196608000          0 0  
                abe_lp_clk_div            0            0    12288000          0 0  
                abe_clk                   1            1   196608000          0 0  
                   aess_fclk              1            1   196608000          0 0  
                      abe_iclk           11           11    98304000          0 0  
                abe_24m_fclk              0            4    24576000          0 0  
                   mcbsp3_sync_mux_ck           0            2    24576000          0 0  
                      mcbsp3_gfclk           0            1    24576000          0 0  
                   mcbsp2_sync_mux_ck           0            2    24576000          0 0  
                      mcbsp2_gfclk           0            1    24576000          0 0  
                   mcbsp1_sync_mux_ck           0            2    24576000          0 0  
                      mcbsp1_gfclk           0            1    24576000          0 0  
                   mcasp_sync_mux_ck           0            0    24576000          0 0  
                      mcasp_gfclk           0            0    24576000          0 0  
                   dmic_sync_mux_ck           0            1    24576000          0 0  
                      dmic_gfclk           0            1    24576000          0 0  
    usb_phy_cm_clk32k                     1            2       32768          0 0  
    mmc1_32khz_clk                        0            1       32768          0 0  
    gpio8_dbclk                           0            1       32768          0 0  
    gpio7_dbclk                           0            1       32768          0 0  
    gpio6_dbclk                           0            1       32768          0 0  
    gpio5_dbclk                           0            1       32768          0 0  
    gpio4_dbclk                           0            1       32768          0 0  
    gpio3_dbclk                           0            1       32768          0 0  
    gpio2_dbclk                           0            1       32768          0 0  
    dss_32khz_clk                         0            1       32768          0 0  
 slimbus_src_clk                          0            0    12000000          0 0  
    slimbus_clk                           0            0    12000000          0 0  
       slimbus1_slimbus_clk               0            0    12000000          0 0  
 secure_32k_clk_src_ck                    0            0       32768          0 0  
 pad_clks_src_ck                          0            1    12000000          0 0  
    pad_clks_ck                           0            4    12000000          0 0  
=======
Orphan Clks:
=======
Available frequencies
1000000 1500000 
=======
Hello World Board Booted
root@omap5-evm:/test# 
- 07:25:39 [INFO] Host: cat stderr.log
- 07:25:40 [INFO] Target: 
cat stderr.log
ls: /sys/kernel/debug/clk/orphans/: No such file or directory
root@omap5-evm:/test# 
- 07:25:40 [INFO] Host: cat result.log
- 07:25:42 [ERROR] On command: cat result.log waiting for cat result.log.+?(?m-ix:^1[\0\n\r]+) >>> error: execution expired
- 07:25:42 [INFO] Target: 
cat result.log
root@omap5-evm:/test# 
- 07:25:42 [INFO] Host: cd /test
- 07:25:42 [INFO] Target: 
cd /test
root@omap5-evm:/test# 
URL:gtsystest.telogy.design.ti.com/vatf/tigtfarm06/tigtfarm06_vatf@omap5-evm/tigtfarm0604_06_2015_07_24_07/files/session_iteration_1/test_1
