- 11:01:00 [INFO] Starting target session
- 11:01:01 [INFO] Connected to omap5-evm via serial 
- 11:01:01 [INFO] Host: #check prompt
- 11:01:04 [ERROR] On command: #check prompt waiting for #check prompt.+?(?-mix:((?-mix:login:)|[Pp]assword)) >>> error: execution expired
- 11:01:04 [INFO] Target: 
- 11:01:04 [INFO] Host: #check prompt
- 11:01:06 [ERROR] On command: #check prompt waiting for #check prompt.+?(?-mix:root@.+[@:#]+) >>> error: execution expired
- 11:01:06 [INFO] Target: 
- 11:01:06 [INFO] Host: #check prompt
- 11:01:08 [ERROR] On command: #check prompt waiting for #check prompt.+?(?-mix:root@.+[@:#]+) >>> error: execution expired
- 11:01:08 [INFO] Target: 
- 11:01:08 [INFO] Host: #check prompt
- 11:01:10 [ERROR] On command: #check prompt waiting for #check prompt.+?(?-mix:root@.+[@:#]+) >>> error: execution expired
- 11:01:10 [INFO] Target: 
- 11:01:10 [INFO] Disconnected serial from omap5-evm
- 11:01:15 [INFO] Connected to omap5-evm via serial 
- 11:01:15 [INFO] Host: 
- 11:01:15 [INFO] Target: 
SATA link 0 timeout.
AHCI 0001.0300 32 slots 1 ports 3 Gbps 0x1 impl SATA mode
flags: 64bit ncq stag pm led clo only pmp pio slum part ccc apst 
scanning bus for devices...
Found 0 device(s).
Net:   No ethernet found.
Hit any key to stop autoboot:  2  0
=>  
=>  
=>  
=>  
- 11:01:15 [INFO] Host: 
- 11:01:15 [INFO] Target: 
=>  
- 11:01:15 [INFO] Host: version
- 11:01:16 [INFO] Target: 
version
U-Boot 2016.09-rc2-00020-g46fe9eb (Aug 25 2016 - 09:03:55 -0400)
arm-linux-gnueabihf-gcc (Linaro GCC 5.3-2016.02) 5.3.1 20160113
GNU ld (GNU Binutils) 2.25.0 Linaro 2015_10
- 11:01:16 [INFO] Host: setenv bootargs 'console=ttyO2,115200n8 earlyprintk=serial,ttyO2,115200n8 rootwait '
- 11:01:16 [INFO] Target: 
setenv bootargs 'console=ttyO2,115200n8 earlyprintk=serial,ttyO2,115200n8 rootwait '
- 11:01:16 [INFO] Host: setenv bootcmd  ''
- 11:01:16 [INFO] Target: 
setenv bootcmd  ''
- 11:01:16 [INFO] Host: setenv autoload 'no'
- 11:01:16 [INFO] Target: 
setenv autoload 'no'
- 11:01:16 [INFO] Host: setenv serverip '192.168.0.1'
- 11:01:16 [INFO] Target: 
setenv serverip '192.168.0.1'
- 11:01:16 [INFO] Host: setenv _initramfs -
- 11:01:16 [INFO] Target: 
setenv _initramfs -
- 11:01:16 [INFO] Host: printenv
- 11:01:17 [INFO] Target: 
printenv
_initramfs=-
arch=arm
args_mmc=run finduuid;setenv bootargs console=${console} ${optargs} root=PARTUUID=${uuid} rw rootfstype=${mmcrootfstype}
autoload=no
baudrate=115200
board=omap5_uevm
board_name=omap5_uevm
bootargs=console=ttyO2,115200n8 earlyprintk=serial,ttyO2,115200n8 rootwait 
bootcmd=
bootdelay=2
bootdir=/boot
bootenvfile=uEnv.txt
bootfile=zImage
bootm_size=0x10000000
bootpart=0:2
bootscript=echo Running bootscript from mmc${mmcdev} ...; source ${loadaddr}
console=ttyO2,115200n8
cpu=armv7
dfu_alt_info_emmc=rawemmc raw 0 3751936;boot part 1 1;rootfs part 1 2;MLO fat 1 1;MLO.raw raw 0x100 0x100;u-boot.img.raw raw 0x300 0x400;spl-os-args.raw raw 0x80 0x80;spl-os-image.raw raw 0x900 0x2000;spl-os-args fat 1 1;spl-os-image fat 1 1;u-boot.img fat 1 1;uEnv.txt fat 1 1
dfu_alt_info_mmc=boot part 0 1;rootfs part 0 2;MLO fat 0 1;MLO.raw raw 0x100 0x100;u-boot.img.raw raw 0x300 0x400;spl-os-args.raw raw 0x80 0x80;spl-os-image.raw raw 0x900 0x2000;spl-os-args fat 0 1;spl-os-image fat 0 1;u-boot.img fat 0 1;uEnv.txt fat 0 1
dfu_alt_info_ram=kernel ram 0x80200000 0x4000000;fdt ram 0x80f80000 0x80000;ramdisk ram 0x81000000 0x4000000
dfu_bufsiz=0x10000
dofastboot=0
envboot=mmc dev ${mmcdev}; if mmc rescan; then echo SD/MMC found on device ${mmcdev};if run loadbootscript; then run bootscript;else if run loadbootenv; then echo Loaded env from ${bootenvfile};run importbootenv;fi;if test -n $uenvcmd; then echo Running uenvcmd ...;run uenvcmd;fi;fi;fi;
fdt_addr_r=0x88000000
fdtaddr=0x88000000
fdtfile=undefined
findfdt=if test $board_name = omap5_uevm; then setenv fdtfile omap5-uevm.dtb; fi; if test $board_name = dra7xx; then setenv fdtfile dra7-evm.dtb; fi;if test $board_name = dra72x-revc; then setenv fdtfile dra72-evm-revc.dtb; fi;if test $board_name = dra72x; then setenv fdtfile dra72-evm.dtb; fi;if test $board_name = beagle_x15; then setenv fdtfile am57xx-beagle-x15.dtb; fi;if test $board_name = beagle_x15_revb1; then setenv fdtfile am57xx-beagle-x15-revb1.dtb; fi;if test $board_name = am57xx_evm; then setenv fdtfile am57xx-evm.dtb; fi;if test $board_name = am57xx_evm_reva3; then setenv fdtfile am57xx-evm-reva3.dtb; fi;if test $board_name = am572x_idk; then setenv fdtfile am572x-idk.dtb; fi;if test $board_name = am571x_idk; then setenv fdtfile am571x-idk.dtb; fi;if test $fdtfile = undefined; then echo WARNING: Could not determine device tree to use; fi; 
finduuid=part uuid mmc 0:2 uuid
importbootenv=echo Importing environment from mmc${mmcdev} ...; env import -t ${loadaddr} ${filesize}
kernel_addr_r=0x82000000
loadaddr=0x82000000
loadbootenv=fatload mmc ${mmcdev} ${loadaddr} ${bootenvfile}
loadbootscript=fatload mmc ${mmcdev} ${loadaddr} boot.scr
loadfdt=load mmc ${bootpart} ${fdtaddr} ${bootdir}/${fdtfile};
loadimage=load mmc ${bootpart} ${loadaddr} ${bootdir}/${bootfile}
mmcboot=mmc dev ${mmcdev}; if mmc rescan; then echo SD/MMC found on device ${mmcdev};if run loadimage; then run loadfdt; echo Booting from mmc${mmcdev} ...; run args_mmc; bootz ${loadaddr} - ${fdtaddr}; fi;fi;
mmcdev=0
mmcrootfstype=ext4 rootwait
netargs=setenv bootargs console=${console} ${optargs} root=/dev/nfs nfsroot=${serverip}:${rootpath},${nfsopts} rw ip=dhcp
netboot=echo Booting from network ...; setenv autoload no; dhcp; run netloadimage; run netloadfdt; run netargs; bootz ${loadaddr} - ${fdtaddr}
netloadfdt=tftp ${fdtaddr} ${fdtfile}
netloadimage=tftp ${loadaddr} ${bootfile}
nfsopts=nolock
partitions=uuid_disk=${uuid_gpt_disk};name=rootfs,start=2MiB,size=-,uuid=${uuid_gpt_rootfs}
pxefile_addr_r=0x80100000
ramdisk_addr_r=0x88080000
rdaddr=0x88080000
rootpath=/export/rootfs
scriptaddr=0x80000000
scsidevs=0
serverip=192.168.0.1
soc=omap5
static_ip=${ipaddr}:${serverip}:${gatewayip}:${netmask}:${hostname}::off
stderr=serial
stdin=serial
stdout=serial
usbethaddr=02:21:03:74:17:10
usbtty=cdc_acm
vendor=ti
ver=U-Boot 2016.09-rc2-00020-g46fe9eb (Aug 25 2016 - 09:03:55 -0400)
vram=16M
Environment size: 4044/131067 bytes
- 11:01:17 [INFO] Host: usb start
- 11:01:19 [INFO] Target: 
usb start
starting USB...
USB0:   USB EHCI 1.00
scanning bus 0 for devices... 2 USB Device(s) found
       scanning usb for storage devices... 0 Storage Device(s) found
       scanning usb for ethernet devices... 1 Ethernet Device(s) found
- 11:01:19 [INFO] Host: printenv
- 11:01:19 [INFO] Target: 
printenv
_initramfs=-
arch=arm
args_mmc=run finduuid;setenv bootargs console=${console} ${optargs} root=PARTUUID=${uuid} rw rootfstype=${mmcrootfstype}
autoload=no
baudrate=115200
board=omap5_uevm
board_name=omap5_uevm
bootargs=console=ttyO2,115200n8 earlyprintk=serial,ttyO2,115200n8 rootwait 
bootcmd=
bootdelay=2
bootdir=/boot
bootenvfile=uEnv.txt
bootfile=zImage
bootm_size=0x10000000
bootpart=0:2
bootscript=echo Running bootscript from mmc${mmcdev} ...; source ${loadaddr}
console=ttyO2,115200n8
cpu=armv7
dfu_alt_info_emmc=rawemmc raw 0 3751936;boot part 1 1;rootfs part 1 2;MLO fat 1 1;MLO.raw raw 0x100 0x100;u-boot.img.raw raw 0x300 0x400;spl-os-args.raw raw 0x80 0x80;spl-os-image.raw raw 0x900 0x2000;spl-os-args fat 1 1;spl-os-image fat 1 1;u-boot.img fat 1 1;uEnv.txt fat 1 1
dfu_alt_info_mmc=boot part 0 1;rootfs part 0 2;MLO fat 0 1;MLO.raw raw 0x100 0x100;u-boot.img.raw raw 0x300 0x400;spl-os-args.raw raw 0x80 0x80;spl-os-image.raw raw 0x900 0x2000;spl-os-args fat 0 1;spl-os-image fat 0 1;u-boot.img fat 0 1;uEnv.txt fat 0 1
dfu_alt_info_ram=kernel ram 0x80200000 0x4000000;fdt ram 0x80f80000 0x80000;ramdisk ram 0x81000000 0x4000000
dfu_bufsiz=0x10000
dofastboot=0
envboot=mmc dev ${mmcdev}; if mmc rescan; then echo SD/MMC found on device ${mmcdev};if run loadbootscript; then run bootscript;else if run loadbootenv; then echo Loaded env from ${bootenvfile};run importbootenv;fi;if test -n $uenvcmd; then echo Running uenvcmd ...;run uenvcmd;fi;fi;fi;
ethact=sms0
fdt_addr_r=0x88000000
fdtaddr=0x88000000
fdtfile=undefined
findfdt=if test $board_name = omap5_uevm; then setenv fdtfile omap5-uevm.dtb; fi; if test $board_name = dra7xx; then setenv fdtfile dra7-evm.dtb; fi;if test $board_name = dra72x-revc; then setenv fdtfile dra72-evm-revc.dtb; fi;if test $board_name = dra72x; then setenv fdtfile dra72-evm.dtb; fi;if test $board_name = beagle_x15; then setenv fdtfile am57xx-beagle-x15.dtb; fi;if test $board_name = beagle_x15_revb1; then setenv fdtfile am57xx-beagle-x15-revb1.dtb; fi;if test $board_name = am57xx_evm; then setenv fdtfile am57xx-evm.dtb; fi;if test $board_name = am57xx_evm_reva3; then setenv fdtfile am57xx-evm-reva3.dtb; fi;if test $board_name = am572x_idk; then setenv fdtfile am572x-idk.dtb; fi;if test $board_name = am571x_idk; then setenv fdtfile am571x-idk.dtb; fi;if test $fdtfile = undefined; then echo WARNING: Could not determine device tree to use; fi; 
finduuid=part uuid mmc 0:2 uuid
importbootenv=echo Importing environment from mmc${mmcdev} ...; env import -t ${loadaddr} ${filesize}
kernel_addr_r=0x82000000
loadaddr=0x82000000
loadbootenv=fatload mmc ${mmcdev} ${loadaddr} ${bootenvfile}
loadbootscript=fatload mmc ${mmcdev} ${loadaddr} boot.scr
loadfdt=load mmc ${bootpart} ${fdtaddr} ${bootdir}/${fdtfile};
loadimage=load mmc ${bootpart} ${loadaddr} ${bootdir}/${bootfile}
mmcboot=mmc dev ${mmcdev}; if mmc rescan; then echo SD/MMC found on device ${mmcdev};if run loadimage; then run loadfdt; echo Booting from mmc${mmcdev} ...; run args_mmc; bootz ${loadaddr} - ${fdtaddr}; fi;fi;
mmcdev=0
mmcrootfstype=ext4 rootwait
netargs=setenv bootargs console=${console} ${optargs} root=/dev/nfs nfsroot=${serverip}:${rootpath},${nfsopts} rw ip=dhcp
netboot=echo Booting from network ...; setenv autoload no; dhcp; run netloadimage; run netloadfdt; run netargs; bootz ${loadaddr} - ${fdtaddr}
netloadfdt=tftp ${fdtaddr} ${fdtfile}
netloadimage=tftp ${loadaddr} ${bootfile}
nfsopts=nolock
partitions=uuid_disk=${uuid_gpt_disk};name=rootfs,start=2MiB,size=-,uuid=${uuid_gpt_rootfs}
pxefile_addr_r=0x80100000
ramdisk_addr_r=0x88080000
rdaddr=0x88080000
rootpath=/export/rootfs
scriptaddr=0x80000000
scsidevs=0
serverip=192.168.0.1
soc=omap5
static_ip=${ipaddr}:${serverip}:${gatewayip}:${netmask}:${hostname}::off
stderr=serial
stdin=serial
stdout=serial
usbethaddr=02:21:03:74:17:10
usbtty=cdc_acm
vendor=ti
ver=U-Boot 2016.09-rc2-00020-g46fe9eb (Aug 25 2016 - 09:03:55 -0400)
vram=16M
Environment size: 4058/131067 bytes
- 11:01:19 [INFO] Host: setenv bootargs ''${bootargs}' ip=:::::eth0:dhcp '
- 11:01:19 [INFO] Target: 
setenv bootargs ''${bootargs}' ip=:::::eth0:dhcp '
- 11:01:19 [INFO] Host: setenv serverip '192.168.0.1'
- 11:01:19 [INFO] Target: 
setenv serverip '192.168.0.1'
- 11:01:19 [INFO] Host: setenv autoload 'no'
- 11:01:20 [INFO] Target: 
setenv autoload 'no'
- 11:01:20 [INFO] Host: dhcp
- 11:01:22 [INFO] Target: 
dhcp
Waiting for Ethernet connection... done.
BOOTP broadcast 1
BOOTP broadcast 2
BOOTP broadcast 3
DHCP client bound to address 192.168.0.71 (1038 ms)
- 11:01:22 [INFO] Host: tftp ${loadaddr} 192.168.0.1:vatf_omap5-evm/b0f1ed936545a3b79fd3e8402cd595f9
- 11:01:27 [INFO] Target: 
tftp ${loadaddr} 192.168.0.1:vatf_omap5-evm/b0f1ed936545a3b79fd3e8402cd595f9
Waiting for Ethernet connection... done.
Using sms0 device
TFTP from server 192.168.0.1; our IP address is 192.168.0.71
Filename 'vatf_omap5-evm/b0f1ed936545a3b79fd3e8402cd595f9'.
Load address: 0x82000000
Loading: *#################################################################
	 #################################################################
	 #################################################################
	 #################################################################
	 #################################################################
	 #################################################################
	 #################################################################
	 ####################
	 2.6 MiB/s
done
Bytes transferred = 6961440 (6a3920 hex)
CACHE: Misaligned operation at range [82000000, 826a3920]
- 11:01:27 [INFO] Host: tftp ${fdt_addr_r} 192.168.0.1:vatf_omap5-evm/a8db2c3e2c225339f483b5f3998db0d9
- 11:01:29 [INFO] Target: 
tftp ${fdt_addr_r} 192.168.0.1:vatf_omap5-evm/a8db2c3e2c225339f483b5f3998db0d9
Waiting for Ethernet connection... done.
Using sms0 device
TFTP from server 192.168.0.1; our IP address is 192.168.0.71
Filename 'vatf_omap5-evm/a8db2c3e2c225339f483b5f3998db0d9'.
Load address: 0x88000000
Loading: *####
	 2.2 MiB/s
done
Bytes transferred = 55300 (d804 hex)
CACHE: Misaligned operation at range [88000000, 8800d804]
- 11:01:29 [INFO] Host: ls mmc 0:1
- 11:01:29 [INFO] Target: 
ls mmc 0:1
    65764   mlo 
   329576   u-boot.img 
        4   ws-calibrate.rules 
3 file(s), 0 dir(s)
- 11:01:29 [INFO] Host: ls mmc 0:2
- 11:01:29 [INFO] Target: 
ls mmc 0:2
<DIR>       4096 .
<DIR>       4096 ..
<DIR>      16384 lost+found
<DIR>       4096 home
<DIR>       4096 media
<DIR>       4096 var
<DIR>       4096 sys
<DIR>       4096 boot
<DIR>       4096 dev
<DIR>       4096 usr
<DIR>       4096 bin
<DIR>       4096 mnt
<DIR>       4096 etc
<DIR>       4096 sbin
<SYM>          8 tmp
<DIR>       4096 proc
<DIR>       4096 run
<DIR>       4096 lib
<DIR>       4096 test
- 11:01:29 [INFO] Host: part uuid mmc 0:2
- 11:01:29 [INFO] Target: 
part uuid mmc 0:2
00000000-02
- 11:01:29 [INFO] Host: printenv
- 11:01:29 [INFO] Target: 
printenv
_initramfs=-
arch=arm
args_mmc=run finduuid;setenv bootargs console=${console} ${optargs} root=PARTUUID=${uuid} rw rootfstype=${mmcrootfstype}
autoload=no
baudrate=115200
board=omap5_uevm
board_name=omap5_uevm
bootargs=console=ttyO2,115200n8 earlyprintk=serial,ttyO2,115200n8 rootwait  ip=:::::eth0:dhcp 
bootcmd=
bootdelay=2
bootdir=/boot
bootenvfile=uEnv.txt
bootfile=zImage
bootm_size=0x10000000
bootpart=0:2
bootscript=echo Running bootscript from mmc${mmcdev} ...; source ${loadaddr}
console=ttyO2,115200n8
cpu=armv7
dfu_alt_info_emmc=rawemmc raw 0 3751936;boot part 1 1;rootfs part 1 2;MLO fat 1 1;MLO.raw raw 0x100 0x100;u-boot.img.raw raw 0x300 0x400;spl-os-args.raw raw 0x80 0x80;spl-os-image.raw raw 0x900 0x2000;spl-os-args fat 1 1;spl-os-image fat 1 1;u-boot.img fat 1 1;uEnv.txt fat 1 1
dfu_alt_info_mmc=boot part 0 1;rootfs part 0 2;MLO fat 0 1;MLO.raw raw 0x100 0x100;u-boot.img.raw raw 0x300 0x400;spl-os-args.raw raw 0x80 0x80;spl-os-image.raw raw 0x900 0x2000;spl-os-args fat 0 1;spl-os-image fat 0 1;u-boot.img fat 0 1;uEnv.txt fat 0 1
dfu_alt_info_ram=kernel ram 0x80200000 0x4000000;fdt ram 0x80f80000 0x80000;ramdisk ram 0x81000000 0x4000000
dfu_bufsiz=0x10000
dnsip=192.0.2.2
dofastboot=0
envboot=mmc dev ${mmcdev}; if mmc rescan; then echo SD/MMC found on device ${mmcdev};if run loadbootscript; then run bootscript;else if run loadbootenv; then echo Loaded env from ${bootenvfile};run importbootenv;fi;if test -n $uenvcmd; then echo Running uenvcmd ...;run uenvcmd;fi;fi;fi;
ethact=sms0
fdt_addr_r=0x88000000
fdtaddr=0x88000000
fdtfile=undefined
fileaddr=88000000
filesize=d804
findfdt=if test $board_name = omap5_uevm; then setenv fdtfile omap5-uevm.dtb; fi; if test $board_name = dra7xx; then setenv fdtfile dra7-evm.dtb; fi;if test $board_name = dra72x-revc; then setenv fdtfile dra72-evm-revc.dtb; fi;if test $board_name = dra72x; then setenv fdtfile dra72-evm.dtb; fi;if test $board_name = beagle_x15; then setenv fdtfile am57xx-beagle-x15.dtb; fi;if test $board_name = beagle_x15_revb1; then setenv fdtfile am57xx-beagle-x15-revb1.dtb; fi;if test $board_name = am57xx_evm; then setenv fdtfile am57xx-evm.dtb; fi;if test $board_name = am57xx_evm_reva3; then setenv fdtfile am57xx-evm-reva3.dtb; fi;if test $board_name = am572x_idk; then setenv fdtfile am572x-idk.dtb; fi;if test $board_name = am571x_idk; then setenv fdtfile am571x-idk.dtb; fi;if test $fdtfile = undefined; then echo WARNING: Could not determine device tree to use; fi; 
finduuid=part uuid mmc 0:2 uuid
gatewayip=192.168.0.1
importbootenv=echo Importing environment from mmc${mmcdev} ...; env import -t ${loadaddr} ${filesize}
ipaddr=192.168.0.71
kernel_addr_r=0x82000000
loadaddr=0x82000000
loadbootenv=fatload mmc ${mmcdev} ${loadaddr} ${bootenvfile}
loadbootscript=fatload mmc ${mmcdev} ${loadaddr} boot.scr
loadfdt=load mmc ${bootpart} ${fdtaddr} ${bootdir}/${fdtfile};
loadimage=load mmc ${bootpart} ${loadaddr} ${bootdir}/${bootfile}
mmcboot=mmc dev ${mmcdev}; if mmc rescan; then echo SD/MMC found on device ${mmcdev};if run loadimage; then run loadfdt; echo Booting from mmc${mmcdev} ...; run args_mmc; bootz ${loadaddr} - ${fdtaddr}; fi;fi;
mmcdev=0
mmcrootfstype=ext4 rootwait
netargs=setenv bootargs console=${console} ${optargs} root=/dev/nfs nfsroot=${serverip}:${rootpath},${nfsopts} rw ip=dhcp
netboot=echo Booting from network ...; setenv autoload no; dhcp; run netloadimage; run netloadfdt; run netargs; bootz ${loadaddr} - ${fdtaddr}
netloadfdt=tftp ${fdtaddr} ${fdtfile}
netloadimage=tftp ${loadaddr} ${bootfile}
netmask=255.255.255.0
nfsopts=nolock
partitions=uuid_disk=${uuid_gpt_disk};name=rootfs,start=2MiB,size=-,uuid=${uuid_gpt_rootfs}
pxefile_addr_r=0x80100000
ramdisk_addr_r=0x88080000
rdaddr=0x88080000
rootpath=/export/rootfs
scriptaddr=0x80000000
scsidevs=0
serverip=192.168.0.1
soc=omap5
static_ip=${ipaddr}:${serverip}:${gatewayip}:${netmask}:${hostname}::off
stderr=serial
stdin=serial
stdout=serial
usbethaddr=02:21:03:74:17:10
usbtty=cdc_acm
vendor=ti
ver=U-Boot 2016.09-rc2-00020-g46fe9eb (Aug 25 2016 - 09:03:55 -0400)
vram=16M
Environment size: 4201/131067 bytes
- 11:01:29 [INFO] Host: setenv bootargs ''${bootargs}' root=PARTUUID=00000000-02 rw rootfstype=ext4 rootwait '
- 11:01:30 [INFO] Target: 
setenv bootargs ''${bootargs}' root=PARTUUID=00000000-02 rw rootfstype=ext4 rootwait '
- 11:01:30 [INFO] Host: printenv
- 11:01:30 [INFO] Target: 
printenv
_initramfs=-
arch=arm
args_mmc=run finduuid;setenv bootargs console=${console} ${optargs} root=PARTUUID=${uuid} rw rootfstype=${mmcrootfstype}
autoload=no
baudrate=115200
board=omap5_uevm
board_name=omap5_uevm
bootargs=console=ttyO2,115200n8 earlyprintk=serial,ttyO2,115200n8 rootwait  ip=:::::eth0:dhcp  root=PARTUUID=00000000-02 rw rootfstype=ext4 rootwait 
bootcmd=
bootdelay=2
bootdir=/boot
bootenvfile=uEnv.txt
bootfile=zImage
bootm_size=0x10000000
bootpart=0:2
bootscript=echo Running bootscript from mmc${mmcdev} ...; source ${loadaddr}
console=ttyO2,115200n8
cpu=armv7
dfu_alt_info_emmc=rawemmc raw 0 3751936;boot part 1 1;rootfs part 1 2;MLO fat 1 1;MLO.raw raw 0x100 0x100;u-boot.img.raw raw 0x300 0x400;spl-os-args.raw raw 0x80 0x80;spl-os-image.raw raw 0x900 0x2000;spl-os-args fat 1 1;spl-os-image fat 1 1;u-boot.img fat 1 1;uEnv.txt fat 1 1
dfu_alt_info_mmc=boot part 0 1;rootfs part 0 2;MLO fat 0 1;MLO.raw raw 0x100 0x100;u-boot.img.raw raw 0x300 0x400;spl-os-args.raw raw 0x80 0x80;spl-os-image.raw raw 0x900 0x2000;spl-os-args fat 0 1;spl-os-image fat 0 1;u-boot.img fat 0 1;uEnv.txt fat 0 1
dfu_alt_info_ram=kernel ram 0x80200000 0x4000000;fdt ram 0x80f80000 0x80000;ramdisk ram 0x81000000 0x4000000
dfu_bufsiz=0x10000
dnsip=192.0.2.2
dofastboot=0
envboot=mmc dev ${mmcdev}; if mmc rescan; then echo SD/MMC found on device ${mmcdev};if run loadbootscript; then run bootscript;else if run loadbootenv; then echo Loaded env from ${bootenvfile};run importbootenv;fi;if test -n $uenvcmd; then echo Running uenvcmd ...;run uenvcmd;fi;fi;fi;
ethact=sms0
fdt_addr_r=0x88000000
fdtaddr=0x88000000
fdtfile=undefined
fileaddr=88000000
filesize=d804
findfdt=if test $board_name = omap5_uevm; then setenv fdtfile omap5-uevm.dtb; fi; if test $board_name = dra7xx; then setenv fdtfile dra7-evm.dtb; fi;if test $board_name = dra72x-revc; then setenv fdtfile dra72-evm-revc.dtb; fi;if test $board_name = dra72x; then setenv fdtfile dra72-evm.dtb; fi;if test $board_name = beagle_x15; then setenv fdtfile am57xx-beagle-x15.dtb; fi;if test $board_name = beagle_x15_revb1; then setenv fdtfile am57xx-beagle-x15-revb1.dtb; fi;if test $board_name = am57xx_evm; then setenv fdtfile am57xx-evm.dtb; fi;if test $board_name = am57xx_evm_reva3; then setenv fdtfile am57xx-evm-reva3.dtb; fi;if test $board_name = am572x_idk; then setenv fdtfile am572x-idk.dtb; fi;if test $board_name = am571x_idk; then setenv fdtfile am571x-idk.dtb; fi;if test $fdtfile = undefined; then echo WARNING: Could not determine device tree to use; fi; 
finduuid=part uuid mmc 0:2 uuid
gatewayip=192.168.0.1
importbootenv=echo Importing environment from mmc${mmcdev} ...; env import -t ${loadaddr} ${filesize}
ipaddr=192.168.0.71
kernel_addr_r=0x82000000
loadaddr=0x82000000
loadbootenv=fatload mmc ${mmcdev} ${loadaddr} ${bootenvfile}
loadbootscript=fatload mmc ${mmcdev} ${loadaddr} boot.scr
loadfdt=load mmc ${bootpart} ${fdtaddr} ${bootdir}/${fdtfile};
loadimage=load mmc ${bootpart} ${loadaddr} ${bootdir}/${bootfile}
mmcboot=mmc dev ${mmcdev}; if mmc rescan; then echo SD/MMC found on device ${mmcdev};if run loadimage; then run loadfdt; echo Booting from mmc${mmcdev} ...; run args_mmc; bootz ${loadaddr} - ${fdtaddr}; fi;fi;
mmcdev=0
mmcrootfstype=ext4 rootwait
netargs=setenv bootargs console=${console} ${optargs} root=/dev/nfs nfsroot=${serverip}:${rootpath},${nfsopts} rw ip=dhcp
netboot=echo Booting from network ...; setenv autoload no; dhcp; run netloadimage; run netloadfdt; run netargs; bootz ${loadaddr} - ${fdtaddr}
netloadfdt=tftp ${fdtaddr} ${fdtfile}
netloadimage=tftp ${loadaddr} ${bootfile}
netmask=255.255.255.0
nfsopts=nolock
partitions=uuid_disk=${uuid_gpt_disk};name=rootfs,start=2MiB,size=-,uuid=${uuid_gpt_rootfs}
pxefile_addr_r=0x80100000
ramdisk_addr_r=0x88080000
rdaddr=0x88080000
rootpath=/export/rootfs
scriptaddr=0x80000000
scsidevs=0
serverip=192.168.0.1
soc=omap5
static_ip=${ipaddr}:${serverip}:${gatewayip}:${netmask}:${hostname}::off
stderr=serial
stdin=serial
stdout=serial
usbethaddr=02:21:03:74:17:10
usbtty=cdc_acm
vendor=ti
ver=U-Boot 2016.09-rc2-00020-g46fe9eb (Aug 25 2016 - 09:03:55 -0400)
vram=16M
Environment size: 4256/131067 bytes
- 11:01:30 [INFO] Host: setenv bootcmd ''${bootcmd}' if iminfo ${loadaddr}; then bootm ${loadaddr} ${_initramfs} ${fdt_addr_r}; else bootz ${loadaddr} ${_initramfs} ${fdt_addr_r}; bootm ${loadaddr} ${_initramfs} ${fdt_addr_r}; fi'
- 11:01:30 [INFO] Target: 
setenv bootcmd ''${bootcmd}' if iminfo ${loadaddr}; then bootm ${loadaddr} ${_initramfs} ${fdt_addr_r}; else bootz ${loadaddr} ${_initramfs} ${fdt_addr_r}; bootm ${loadaddr} ${_initramfs} ${fdt_addr_r}; fi'
- 11:01:30 [INFO] Host: version
- 11:01:30 [INFO] Target: 
version
U-Boot 2016.09-rc2-00020-g46fe9eb (Aug 25 2016 - 09:03:55 -0400)
arm-linux-gnueabihf-gcc (Linaro GCC 5.3-2016.02) 5.3.1 20160113
GNU ld (GNU Binutils) 2.25.0 Linaro 2015_10
- 11:01:30 [INFO] Host: bdinfo
- 11:01:30 [INFO] Target: 
bdinfo
arch_number = 0x00000EC1
boot_params = 0x80000100
DRAM bank   = 0x00000000
-> start    = 0x80000000
-> size     = 0x7F000000
eth0name    = sms0
ethaddr     = (not set)
current eth = sms0
ip_addr     = 192.168.0.71
baudrate    = 115200 bps
TLB addr    = 0xFEFF0000
relocaddr   = 0xFEF5C000
reloc off   = 0x7E75C000
irq_sp      = 0xFDF3BEE0
sp start    = 0xFDF3BED0
- 11:01:30 [INFO] Host: mmc rescan; echo $?
- 11:01:30 [INFO] Target: 
mmc rescan; echo $?
- 11:01:30 [INFO] Host: fatwrite mmc ${mmcdev}:1 ${loadaddr} ws-calibrate.rules 4
- 11:01:30 [INFO] Target: 
fatwrite mmc ${mmcdev}:1 ${loadaddr} ws-calibrate.rules 4
writing ws-calibrate.rules
4 bytes written
- 11:01:30 [INFO] Host: boot
- 11:05:00 [ERROR] On command: boot waiting for boot.+?(?-mix:login:) >>> error: execution expired
- 11:05:00 [INFO] Target: 
boot
## Checking Image at 82000000 ...
Unknown image format!
## Flattened Device Tree blob at 88000000
   Booting using the fdt blob at 0x88000000
   Loading Device Tree to 8ffef000, end 8ffff803 ... OK
Starting kernel ...
[    0.000000] Booting Linux on physical CPU 0x0
[    0.000000] Linux version 4.8.0-rc6-next-20160915-00002-gf396e0658e5f (nmenon@horus) (gcc version 4.9.3 20150413 (prerelease) (Linaro GCC 4.9-2015.05) ) #3 SMP Thu Sep 15 10:00:19 CDT 2016
[    0.000000] CPU: ARMv7 Processor [412fc0f2] revision 2 (ARMv7), cr=30c5387d
[    0.000000] CPU: div instructions available: patching division code
[    0.000000] CPU: PIPT / VIPT nonaliasing data cache, PIPT instruction cache
[    0.000000] OF: fdt:Machine model: TI OMAP5 uEVM board
[    0.000000] cma: Reserved 64 MiB at 0x00000000fa800000
[    0.000000] Memory policy: Data cache writealloc
[    0.000000] OMAP4: Map 0x00000000fed00000 to fe600000 for dram barrier
[    0.000000] OMAP5432 ES2.0
[    0.000000] percpu: Embedded 14 pages/cpu @eefc2000 s26624 r8192 d22528 u57344
[    0.000000] Built 1 zonelists in Zone order, mobility grouping on.  Total pages: 517888
[    0.000000] Kernel command line: console=ttyO2,115200n8 earlyprintk=serial,ttyO2,115200n8 rootwait  ip=:::::eth0:dhcp  root=PARTUUID=00000000-02 rw rootfstype=ext4 rootwait 
[    0.000000] PID hash table entries: 4096 (order: 2, 16384 bytes)
[    0.000000] Dentry cache hash table entries: 131072 (order: 7, 524288 bytes)
[    0.000000] Inode-cache hash table entries: 65536 (order: 6, 262144 bytes)
[    0.000000] Memory: 1974772K/2077696K available (10240K kernel code, 1119K rwdata, 3836K rodata, 2048K init, 347K bss, 37388K reserved, 65536K cma-reserved, 1225728K highmem)
[    0.000000] Virtual kernel memory layout:
[    0.000000]     vector  : 0xffff0000 - 0xffff1000   (   4 kB)
[    0.000000]     fixmap  : 0xffc00000 - 0xfff00000   (3072 kB)
[    0.000000]     vmalloc : 0xf0800000 - 0xff800000   ( 240 MB)
[    0.000000]     lowmem  : 0xc0000000 - 0xf0000000   ( 768 MB)
[    0.000000]     pkmap   : 0xbfe00000 - 0xc0000000   (   2 MB)
[    0.000000]     modules : 0xbf000000 - 0xbfe00000   (  14 MB)
[    0.000000]       .text : 0xc0208000 - 0xc0e00000   (12256 kB)
[    0.000000]       .init : 0xc1400000 - 0xc1600000   (2048 kB)
[    0.000000]       .data : 0xc1600000 - 0xc1717c00   (1119 kB)
[    0.000000]        .bss : 0xc1719000 - 0xc176fcc8   ( 348 kB)
[    0.000000] SLUB: HWalign=64, Order=0-3, MinObjects=0, CPUs=2, Nodes=1
[    0.000000] Hierarchical RCU implementation.
[    0.000000] 	Build-time adjustment of leaf fanout to 32.
[    0.000000] 	RCU restricting CPUs from NR_CPUS=16 to nr_cpu_ids=2.
[    0.000000] RCU: Adjusting geometry for rcu_fanout_leaf=32, nr_cpu_ids=2
[    0.000000] NR_IRQS:16 nr_irqs:16 16
[    0.000000] OMAP clockevent source: timer1 at 32768 Hz
[    0.000000] arm_arch_timer: Architected cp15 timer(s) running at 6.14MHz (virt).
[    0.000000] clocksource: arch_sys_counter: mask: 0xffffffffffffff max_cycles: 0x16ac02862, max_idle_ns: 440795202218 ns
[    0.000004] sched_clock: 56 bits at 6MHz, resolution 162ns, wraps every 4398046511085ns
[    0.000013] Switching to timer-based delay loop, resolution 162ns
[    0.002144] clocksource: 32k_counter: mask: 0xffffffff max_cycles: 0xffffffff, max_idle_ns: 58327039986419 ns
[    0.002151] OMAP clocksource: 32k_counter at 32768 Hz
[    0.004067] Console: colour dummy device 80x30
[    0.004087] Calibrating delay loop (skipped), value calculated using timer frequency.. 12.28 BogoMIPS (lpj=30720)
[    0.004099] pid_max: default: 32768 minimum: 301
[    0.004170] Mount-cache hash table entries: 2048 (order: 1, 8192 bytes)
[    0.004179] Mountpoint-cache hash table entries: 2048 (order: 1, 8192 bytes)
[    0.004659] CPU: Testing write buffer coherency: ok
[    0.004808] /cpus/cpu@0 missing clock-frequency property
[    0.004820] /cpus/cpu@1 missing clock-frequency property
[    0.004830] CPU0: thread -1, cpu 0, socket 0, mpidr 80000000
[    0.004845] Setting up static identity map for 0x80400000 - 0x80400170
[    0.008670] CPU1: thread -1, cpu 1, socket 0, mpidr 80000001
[    0.008745] Brought up 2 CPUs
[    0.008756] SMP: Total of 2 processors activated (24.57 BogoMIPS).
[    0.008761] CPU: All CPU(s) started in SVC mode.
[    0.008795] span: 0-1 (max cpu_capacity = 1024)
[    0.009114] devtmpfs: initialized
[    0.022484] VFP support v0.3: implementor 41 architecture 4 part 30 variant f rev 0
[    0.022803] clocksource: jiffies: mask: 0xffffffff max_cycles: 0xffffffff, max_idle_ns: 9556302231375000 ns
[    0.023816] pinctrl core: initialized pinctrl subsystem
[    0.025086] NET: Registered protocol family 16
[    0.026508] DMA: preallocated 256 KiB pool for atomic coherent allocations
[    0.027349] omap_hwmod: l3_main_3 using broken dt data from ocp
[    0.027875] omap_hwmod: l3_main_2 using broken dt data from ocp
[    0.105050] cpuidle: using governor menu
[    0.111501] OMAP GPIO hardware version 0.1
[    0.121659] GPIO line 234 (gpio8_234/msecure) hogged as output/high
[    0.123137] platform 50000000.gpmc: Cannot lookup hwmod 'gpmc'
[    0.123273] omap-gpmc 50000000.gpmc: _od_fail_runtime_resume: FIXME: missing hwmod/omap_dev info
[    0.123284] omap-gpmc 50000000.gpmc: GPMC revision 6.0
[    0.126373] irq: no irq domain found for /ocp/l4@4a000000/scm@2800/pinmux@40 !
[    0.127821] irq: no irq domain found for /ocp/l4@4a000000/scm@2800/pinmux@40 !
[    0.138145] No ATAGs?
[    0.138165] hw-breakpoint: found 5 (+1 reserved) breakpoint and 4 watchpoint registers.
[    0.138172] hw-breakpoint: maximum watchpoint size is 8 bytes.
[    0.139069] OMAP DMA hardware revision 0.0
[    0.143937] Serial: AMBA PL011 UART driver
[    0.179449] omap-dma-engine 4a056000.dma-controller: OMAP DMA engine driver (LinkedList1/2/3 supported)
[    0.181303] vsys_cobra: supplied by vmain
[    0.181813] reg-fixed-voltage fixedregulator-mmcsdio: could not find pctldev for node /ocp/l4@4a000000/scm@2800/pinmux@40/pinmux_wlan_pins, deferring probe
[    0.184684] vgaarb: loaded
[    0.185337] SCSI subsystem initialized
[    0.185635] usbcore: registered new interface driver usbfs
[    0.185682] usbcore: registered new interface driver hub
[    0.185721] usbcore: registered new device driver usb
[    0.186249] omap_i2c 48070000.i2c: could not find pctldev for node /ocp/l4@4a000000/scm@2800/pinmux@40/pinmux_i2c1_pins, deferring probe
[    0.186539] omap_i2c 48072000.i2c: bus 1 rev0.12 at 100 kHz
[    0.186798] omap_i2c 48060000.i2c: bus 2 rev0.12 at 100 kHz
[    0.187050] omap_i2c 4807a000.i2c: bus 3 rev0.12 at 100 kHz
[    0.187082] omap_i2c 4807c000.i2c: could not find pctldev for node /ocp/l4@4a000000/scm@2800/pinmux@40/pinmux_i2c5_pins, deferring probe
[    0.187952] pps_core: LinuxPPS API ver. 1 registered
[    0.187959] pps_core: Software ver. 5.3.6 - Copyright 2005-2007 Rodolfo Giometti <giometti@linux.it>
[    0.187975] PTP clock support registered
[    0.188147] EDAC MC: Ver: 3.0.0
[    0.190094] clocksource: Switched to clocksource arch_sys_counter
[    0.197481] NET: Registered protocol family 2
[    0.197843] TCP established hash table entries: 8192 (order: 3, 32768 bytes)
[    0.197904] TCP bind hash table entries: 8192 (order: 4, 65536 bytes)
[    0.198028] TCP: Hash tables configured (established 8192 bind 8192)
[    0.198069] UDP hash table entries: 512 (order: 2, 16384 bytes)
[    0.198098] UDP-Lite hash table entries: 512 (order: 2, 16384 bytes)
[    0.198206] NET: Registered protocol family 1
[    0.198417] RPC: Registered named UNIX socket transport module.
[    0.198424] RPC: Registered udp transport module.
[    0.198429] RPC: Registered tcp transport module.
[    0.198434] RPC: Registered tcp NFSv4.1 backchannel transport module.
[    0.231825] hw perfevents: enabled with armv7_cortex_a15 PMU driver, 7 counters available
[    0.233432] futex hash table entries: 512 (order: 3, 32768 bytes)
[    0.233974] workingset: timestamp_bits=30 max_order=19 bucket_order=0
[    0.241911] squashfs: version 4.0 (2009/01/31) Phillip Lougher
[    0.242516] NFS: Registering the id_resolver key type
[    0.242540] Key type id_resolver registered
[    0.242547] Key type id_legacy registered
[    0.242578] ntfs: driver 2.1.32 [Flags: R/O].
[    0.243503] bounce: pool size: 64 pages
[    0.243655] Block layer SCSI generic (bsg) driver version 0.4 loaded (major 248)
[    0.243663] io scheduler noop registered
[    0.243669] io scheduler deadline registered
[    0.243804] io scheduler cfq registered (default)
[    0.247920] ti-pipe3 4a096000.phy: can't get syscon-pllreset, sata dpll won't idle
[    0.249725] libphy: mdio_driver_register: phy-bcm-ns2-pci
[    0.251115] pinctrl-single 4a002840.pinmux: 219 pins at pa fc002840 size 438
[    0.251303] pinctrl-single 4ae0c840.pinmux: 30 pins at pa fce0c840 size 60
[    0.310822] Serial: 8250/16550 driver, 4 ports, IRQ sharing disabled
[    0.313266] SuperH (H)SCI(F) driver initialized
[    0.314251] msm_serial: driver initialized
[    0.314454] omap_uart 4806a000.serial: no wakeirq for uart0
[    0.314540] 4806a000.serial: ttyO0 at MMIO 0x4806a000 (irq = 304, base_baud = 3000000) is a OMAP UART0
[    0.314805] omap_uart 4806c000.serial: no wakeirq for uart1
[    0.314874] 4806c000.serial: ttyO1 at MMIO 0x4806c000 (irq = 305, base_baud = 3000000) is a OMAP UART1
[    0.315259] 48020000.serial: ttyO2 at MMIO 0x48020000 (irq = 306, base_baud = 3000000) is a OMAP UART2
[    1.165279] console [ttyO2] enabled
[    1.169155] omap_uart 4806e000.serial: no wakeirq for uart3
[    1.175046] 4806e000.serial: ttyO3 at MMIO 0x4806e000 (irq = 307, base_baud = 3000000) is a OMAP UART3
[    1.185034] omap_uart 48066000.serial: no wakeirq for uart4
[    1.190918] 48066000.serial: ttyO4 at MMIO 0x48066000 (irq = 308, base_baud = 3000000) is a OMAP UART4
[    1.200873] omap_uart 48068000.serial: no wakeirq for uart5
[    1.206762] 48068000.serial: ttyO5 at MMIO 0x48068000 (irq = 309, base_baud = 3000000) is a OMAP UART5
[    1.216771] STMicroelectronics ASC driver initialized
[    1.225197] [drm] Initialized drm 1.1.0 20060810
[    1.242008] brd: module loaded
[    1.249191] loop: module loaded
[    1.254132] ahci 4a140000.sata: SSS flag set, parallel bus scan disabled
[    1.261160] ahci 4a140000.sata: AHCI 0001.0300 32 slots 1 ports 3 Gbps 0x1 impl platform mode
[    1.270073] ahci 4a140000.sata: flags: 64bit ncq sntf stag pm led clo only pmp pio slum part ccc apst 
[    1.280558] scsi host0: ahci
[    1.283790] ata1: SATA max UDMA/133 mmio [mem 0x4a140000-0x4a1410ff] port 0x100 irq 336
[    1.299843] libphy: Fixed MDIO Bus: probed
[    1.304989] CAN device driver interface
[    1.311093] igb: Intel(R) Gigabit Ethernet Network Driver - version 5.3.0-k
[    1.318366] igb: Copyright (c) 2007-2014 Intel Corporation.
[    1.327563] pegasus: v0.9.3 (2013/04/25), Pegasus/Pegasus II USB Ethernet driver
[    1.335330] usbcore: registered new interface driver pegasus
[    1.341282] usbcore: registered new interface driver asix
[    1.346954] usbcore: registered new interface driver ax88179_178a
[    1.353349] usbcore: registered new interface driver cdc_ether
[    1.359488] usbcore: registered new interface driver smsc75xx
[    1.365543] usbcore: registered new interface driver smsc95xx
[    1.371578] usbcore: registered new interface driver net1080
[    1.377523] usbcore: registered new interface driver cdc_subset
[    1.383734] usbcore: registered new interface driver zaurus
[    1.389604] usbcore: registered new interface driver cdc_ncm
[    1.396157] omap-dwc3 4a020000.omap_dwc3: vbus init failed
[    1.403144] ehci_hcd: USB 2.0 'Enhanced' Host Controller (EHCI) Driver
[    1.409977] ehci-pci: EHCI PCI platform driver
[    1.414653] ehci-platform: EHCI generic platform driver
[    1.420321] ehci-orion: EHCI orion driver
[    1.424642] SPEAr-ehci: EHCI SPEAr driver
[    1.428976] ehci-st: EHCI STMicroelectronics driver
[    1.434215] ehci-exynos: EHCI EXYNOS driver
[    1.438749] ehci-atmel: EHCI Atmel driver
[    1.443083] tegra-ehci: Tegra EHCI driver
[    1.447436] ohci_hcd: USB 1.1 'Open' Host Controller (OHCI) Driver
[    1.453902] ohci-pci: OHCI PCI platform driver
[    1.458576] ohci-platform: OHCI generic platform driver
[    1.464197] ohci-omap3: OHCI OMAP3 driver
[    1.479134] ohci-omap3 4a064800.ohci: OHCI Host Controller
[    1.484890] ohci-omap3 4a064800.ohci: new USB bus registered, assigned bus number 1
[    1.493008] ohci-omap3 4a064800.ohci: irq 403, io mem 0x4a064800
[    1.574780] hub 1-0:1.0: USB hub found
[    1.578734] hub 1-0:1.0: 3 ports detected
[    1.583341] SPEAr-ohci: OHCI SPEAr driver
[    1.587698] ohci-st: OHCI STMicroelectronics driver
[    1.592938] ohci-atmel: OHCI Atmel driver
[    1.597838] usbcore: registered new interface driver usb-storage
[    1.605561] mousedev: PS/2 mouse device common for all mice
[    1.614337] i2c /dev entries driver
[    1.618090] ata1: SATA link down (SStatus 0 SControl 300)
[    1.636082] sdhci: Secure Digital Host Controller Interface driver
[    1.642541] sdhci: Copyright(c) Pierre Ossman
[    1.706070] Synopsys Designware Multimedia Card Interface Driver
[    1.713445] sdhci-pltfm: SDHCI platform and OF driver helper
[    1.721834] ledtrig-cpu: registered to indicate activity on CPUs
[    1.728394] usbcore: registered new interface driver usbhid
[    1.734222] usbhid: USB HID core driver
[    1.744186] NET: Registered protocol family 10
[    1.749430] sit: IPv6, IPv4 and MPLS over IPv4 tunneling driver
[    1.756108] NET: Registered protocol family 17
[    1.760770] can: controller area network core (rev 20120528 abi 9)
[    1.767266] NET: Registered protocol family 29
[    1.771913] can: raw protocol (rev 20120528)
[    1.776371] can: broadcast manager protocol (rev 20160617 t)
[    1.782284] can: netlink gateway (rev 20130117) max_hops=1
[    1.788310] Key type dns_resolver registered
[    1.792933] omap_vc_init_channel: No PMIC info for vdd_core
[    1.798759] omap_vp_init: No PMIC info for vdd_core
[    1.803855] omap_vc_init_channel: No PMIC info for vdd_mm
[    1.809493] omap_vp_init: No PMIC info for vdd_mm
[    1.814413] omap_vc_init_channel: No PMIC info for vdd_mpu
[    1.820145] omap_vp_init: No PMIC info for vdd_mpu
[    1.825234] Power Management for TI OMAP4+ devices.
[    1.830502] ThumbEE CPU extension supported.
[    1.834981] Registering SWP/SWPB emulation handler
[    1.842171] palmas 0-0048: Irq flag is 0x00000000
[    1.862064] palmas 0-0048: Muxing GPIO 3, PWM 0, LED 0
[    1.873540] palmas-rtc 48070000.i2c:palmas@48:rtc: rtc core: registered 48070000.i2c:palmas as rtc0
[    1.889093] SMPS6: supplied by vsys_cobra
[    1.893617] smps6: Bringing 1350000uV into 1200000-1200000uV
[    1.901260] SMPS7: supplied by vsys_cobra
[    1.906200] vdds_1v8_main: supplied by smps7
[    1.911264] random: fast init done
[    1.915122] SMPS8: supplied by vsys_cobra
[    1.920676] mmc0: new high speed MMC card at address 0001
[    1.920923] SMPS9: supplied by vsys_cobra
[    1.921254] smps9: Bringing 0uV into 2100000-2100000uV
[    1.924095] LDO1: supplied by vsys_cobra
[    1.924431] ldo1: Bringing 0uV into 1800000-1800000uV
[    1.925608] LDO2: supplied by vsys_cobra
[    1.925933] ldo2: Bringing 0uV into 2800000-2800000uV
[    1.927098] LDO3: supplied by vdds_1v8_main
[    1.928811] LDO4: supplied by vdds_1v8_main
[    1.929145] ldo4: Bringing 0uV into 1800000-1800000uV
[    1.930334] LDO5: supplied by vsys_cobra
[    1.932055] LDO6: supplied by vdds_1v8_main
[    1.935308] LDO7: supplied by vsys_cobra
[    1.935637] ldo7: Bringing 0uV into 2000000-2000000uV
[    1.936822] LDO8: supplied by vsys_cobra
[    1.938552] LDO9: supplied by vmmcsd_fixed
[    1.940753] LDOLN: supplied by vsys_cobra
[    1.942487] LDOUSB: supplied by vsys_cobra
[    1.947166] omap_i2c 48070000.i2c: bus 0 rev0.12 at 400 kHz
[    1.948055] 4-0022 supply vcc not found, using dummy regulator
[    1.960923] omap_i2c 4807c000.i2c: bus 4 rev0.12 at 400 kHz
[    1.961913] ------------[ cut here ]------------
[    1.961927] WARNING: CPU: 0 PID: 87 at drivers/bus/omap_l3_noc.c:147 l3_interrupt_handler+0x23c/0x340
[    1.961931] 44000000.ocp:L3 Custom Error: MASTER MPU TARGET L4CFG (Read): Data Access in User mode during Functional access
[    1.961936] Modules linked in:
[    1.961943] CPU: 0 PID: 87 Comm: irq/333-dwc3-om Not tainted 4.8.0-rc6-next-20160915-00002-gf396e0658e5f #3
[    1.961946] Hardware name: Generic OMAP5 (Flattened Device Tree)
[    1.961963] [<c040fb20>] (unwind_backtrace) from [<c040b120>] (show_stack+0x10/0x14)
[    1.961972] [<c040b120>] (show_stack) from [<c06986bc>] (dump_stack+0x98/0xac)
[    1.961983] [<c06986bc>] (dump_stack) from [<c0442d4c>] (__warn+0xe8/0x100)
[    1.961992] [<c0442d4c>] (__warn) from [<c0442d9c>] (warn_slowpath_fmt+0x38/0x48)
[    1.962001] [<c0442d9c>] (warn_slowpath_fmt) from [<c06ca47c>] (l3_interrupt_handler+0x23c/0x340)
[    1.962011] [<c06ca47c>] (l3_interrupt_handler) from [<c0488b4c>] (__handle_irq_event_percpu+0x88/0x118)
[    1.962020] [<c0488b4c>] (__handle_irq_event_percpu) from [<c0488bf8>] (handle_irq_event_percpu+0x1c/0x58)
[    1.962028] [<c0488bf8>] (handle_irq_event_percpu) from [<c0488c78>] (handle_irq_event+0x44/0x68)
[    1.962037] [<c0488c78>] (handle_irq_event) from [<c048c03c>] (handle_fasteoi_irq+0xb4/0x194)
[    1.962046] [<c048c03c>] (handle_fasteoi_irq) from [<c0487eac>] (generic_handle_irq+0x24/0x34)
[    1.962052] [<c0487eac>] (generic_handle_irq) from [<c04883c4>] (__handle_domain_irq+0x5c/0xb4)
[    1.962060] [<c04883c4>] (__handle_domain_irq) from [<c040170c>] (gic_handle_irq+0x54/0x98)
[    1.962066] [<c040170c>] (gic_handle_irq) from [<c040bc38>] (__irq_svc+0x58/0x74)
[    1.962069] Exception stack(0xee765ec8 to 0xee765f10)
[    1.962075] 5ec0:                   0000014d ee74b290 fc020000 fc020034 ee74b290 ee74a9e4
[    1.962080] 5ee0: ee1edc00 00000000 c0489b88 c1637186 00000000 00000000 00000000 ee765f18
[    1.962083] 5f00: c0489ba4 c0a2da70 60000013 ffffffff
[    1.962096] [<c040bc38>] (__irq_svc) from [<c0a2da70>] (dwc3_omap_interrupt_thread+0x20/0x80)
[    1.962105] [<c0a2da70>] (dwc3_omap_interrupt_thread) from [<c0489ba4>] (irq_thread_fn+0x1c/0x34)
[    1.962113] [<c0489ba4>] (irq_thread_fn) from [<c0489eb4>] (irq_thread+0x13c/0x1ec)
[    1.962121] [<c0489eb4>] (irq_thread) from [<c045d7b4>] (kthread+0xdc/0xf4)
[    1.962130] [<c045d7b4>] (kthread) from [<c0407ce8>] (ret_from_fork+0x14/0x2c)
[    1.962134] ---[ end trace 5d60cfe4f9cacd55 ]---
[    1.962141] Unhandled fault: asynchronous external abort (0x1211) at 0x00000000
[    1.962143] pgd = c0203000
[    1.962150] [00000000] *pgd=80000080204003, *pmd=00000000
[    1.962156] Internal error: : 1211 [#1] SMP ARM
[    1.962160] Modules linked in:
[    1.962165] CPU: 0 PID: 87 Comm: irq/333-dwc3-om Tainted: G        W       4.8.0-rc6-next-20160915-00002-gf396e0658e5f #3
[    1.962167] Hardware name: Generic OMAP5 (Flattened Device Tree)
[    1.962171] task: ee6aef40 task.stack: ee764000
[    1.962176] PC is at dwc3_omap_interrupt_thread+0x20/0x80
[    1.962181] LR is at irq_thread_fn+0x1c/0x34
[    1.962186] pc : [<c0a2da70>]    lr : [<c0489ba4>]    psr: 60000013
[    1.962186] sp : ee765f18  ip : 00000000  fp : 00000000
[    1.962190] r10: 00000000  r9 : c1637186  r8 : c0489b88
[    1.962193] r7 : 00000000  r6 : ee1edc00  r5 : ee74a9e4  r4 : ee74b290
[    1.962197] r3 : fc020034  r2 : fc020000  r1 : ee74b290  r0 : 0000014d
[    1.962201] Flags: nZCv  IRQs on  FIQs on  Mode SVC_32  ISA ARM  Segment user
[    1.962205] Control: 30c5387d  Table: 80203000  DAC: fffffffd
[    1.962208] Process irq/333-dwc3-om (pid: 87, stack limit = 0xee764220)
[    1.962211] Stack: (0xee765f18 to 0xee766000)
[    1.962215] 5f00:                                                       ee74a9c0 ee74a9e4
[    1.962220] 5f20: ee1edc00 ee74a9c0 c0489b88 c0489ba4 ee764000 ee74a9e4 ee1edc00 c0489eb4
[    1.962225] 5f40: 00000000 c0489cbc 00000000 ee74aa00 ee74a9c0 c0489d78 00000000 00000000
[    1.962229] 5f60: 00000000 c045d7b4 00000000 00000000 00000001 ee74a9c0 00000000 00000000
[    1.962234] 5f80: ee765f80 ee765f80 00000000 00000000 ee765f90 ee765f90 ee765fac ee74aa00
[    1.962239] 5fa0: c045d6d8 00000000 00000000 c0407ce8 00000000 00000000 00000000 00000000
[    1.962242] 5fc0: 00000000 00000000 00000000 00000000 00000000 00000000 00000000 00000000
[    1.962247] 5fe0: 00000000 00000000 00000000 00000000 00000013 00000000 00282020 08120d28
[    1.962256] [<c0a2da70>] (dwc3_omap_interrupt_thread) from [<c0489ba4>] (irq_thread_fn+0x1c/0x34)
[    1.962265] [<c0489ba4>] (irq_thread_fn) from [<c0489eb4>] (irq_thread+0x13c/0x1ec)
[    1.962271] [<c0489eb4>] (irq_thread) from [<c045d7b4>] (kthread+0xdc/0xf4)
[    1.962278] [<c045d7b4>] (kthread) from [<c0407ce8>] (ret_from_fork+0x14/0x2c)
[    1.962284] Code: e2833034 e0823003 e5937000 f57ff04f (e5916014) 
[    1.962290] ---[ end trace 5d60cfe4f9cacd56 ]---
[    1.962306] Unable to handle kernel paging request at virtual address ffffffec
[    1.962308] pgd = c0203000
[    1.962316] [ffffffec] *pgd=80000080207003, *pmd=afffd003, *pte=00000000
[    1.962320] Internal error: Oops: 207 [#2] SMP ARM
[    1.962324] Modules linked in:
[    1.962329] CPU: 0 PID: 87 Comm: irq/333-dwc3-om Tainted: G      D W       4.8.0-rc6-next-20160915-00002-gf396e0658e5f #3
[    1.962332] Hardware name: Generic OMAP5 (Flattened Device Tree)
[    1.962335] task: ee6aef40 task.stack: ee764000
[    1.962339] PC is at kthread_data+0x4/0xc
[    1.962344] LR is at irq_thread_dtor+0x28/0xbc
[    1.962349] pc : [<c045e154>]    lr : [<c0489ce4>]    psr: 20000193
[    1.962349] sp : ee765d50  ip : ee765f84  fp : c0a2da72
[    1.962352] r10: ee6af340  r9 : c0a2da74  r8 : ee765d78
[    1.962354] r7 : ee6aef40  r6 : 00000000  r5 : c171c1e8  r4 : ee6aef40
[    1.962357] r3 : 00000000  r2 : ee765f40  r1 : 00000009  r0 : ee6aef40
[    1.962361] Flags: nzCv  IRQs off  FIQs on  Mode SVC_32  ISA ARM  Segment user
[    1.962364] Control: 30c5387d  Table: 80203000  DAC: fffffffd
[    1.962367] Process irq/333-dwc3-om (pid: 87, stack limit = 0xee764220)
[    1.962370] Stack: (0xee765d50 to 0xee766000)
[    1.962374] 5d40:                                     ee6af324 c171c1e8 00000000 c045bfd4
[    1.962379] 5d60: ee6aef40 00000000 0000000b 00000001 ee765d78 c0445550 c1062a40 c04cf17c
[    1.962383] 5d80: 0000022a c1719604 c1607638 ee765ec8 60000193 0000000b c0a2da74 00000001
[    1.962387] 5da0: c0a2da72 c040b54c ee764220 0000000b 00000000 00000000 bf000000 00000008
[    1.962392] 5dc0: c10629bc c10629c4 65000000 33333832 20343330 32383065 33303033 39356520
[    1.962396] 5de0: 30303733 35662030 30666637 28206634 31393565 34313036 c1002029 ee765e1c
[    1.962401] 5e00: c1064870 c1607ffc 00001211 00000007 00000000 ee765ec8 ee764000 00000000
[    1.962406] 5e20: 00000000 c04012d8 00000000 071494d8 00000007 00000000 00000000 00000000
[    1.962410] 5e40: ee008000 fa213000 00000000 c0488c28 2daad000 00000004 eefc7d80 ee179f00
[    1.962415] 5e60: ee179f60 c0488c78 ee179f00 c160aa48 ee179f00 c048c0dc c1518fc0 00000018
[    1.962420] 5e80: 00000000 00000000 c1518fc0 00000018 c1602840 c163df08 fa21200c ee765ec8
[    1.962425] 5ea0: fa212000 c040170c c0a2da70 60000013 c0a2da70 60000013 ffffffff ee765efc
[    1.962429] 5ec0: c0489b88 c040bbb0 0000014d ee74b290 fc020000 fc020034 ee74b290 ee74a9e4
[    1.962434] 5ee0: ee1edc00 00000000 c0489b88 c1637186 00000000 00000000 00000000 ee765f18
[    1.962439] 5f00: c0489ba4 c0a2da70 60000013 ffffffff 00000000 00000000 ee74a9c0 ee74a9e4
[    1.962443] 5f20: ee1edc00 ee74a9c0 c0489b88 c0489ba4 ee764000 ee74a9e4 ee1edc00 c0489eb4
[    1.962448] 5f40: 00000000 c0489cbc 00000000 ee74aa00 ee74a9c0 c0489d78 00000000 00000000
[    1.962452] 5f60: 00000000 c045d7b4 00000000 00000000 00000001 ee74a9c0 00000000 00000000
[    1.962457] 5f80: ee765f80 ee765f80 00000001 00010001 ee765f90 ee765f90 ee765fac ee74aa00
[    1.962461] 5fa0: c045d6d8 00000000 00000000 c0407ce8 00000000 00000000 00000000 00000000
[    1.962465] 5fc0: 00000000 00000000 00000000 00000000 00000000 00000000 00000000 00000000
[    1.962470] 5fe0: 00000000 00000000 00000000 00000000 00000013 00000000 00282020 08120d28
[    1.962477] [<c045e154>] (kthread_data) from [<c0489ce4>] (irq_thread_dtor+0x28/0xbc)
[    1.962488] [<c0489ce4>] (irq_thread_dtor) from [<c045bfd4>] (task_work_run+0xb8/0xe8)
[    1.962499] [<c045bfd4>] (task_work_run) from [<c0445550>] (do_exit+0x31c/0xa80)
[    1.962507] [<c0445550>] (do_exit) from [<c040b54c>] (die+0x428/0x434)
[    1.962513] [<c040b54c>] (die) from [<c04012d8>] (do_DataAbort+0xac/0xb0)
[    1.962519] [<c04012d8>] (do_DataAbort) from [<c040bbb0>] (__dabt_svc+0x50/0x80)
[    1.962522] Exception stack(0xee765ec8 to 0xee765f10)
[    1.962527] 5ec0:                   0000014d ee74b290 fc020000 fc020034 ee74b290 ee74a9e4
[    1.962532] 5ee0: ee1edc00 00000000 c0489b88 c1637186 00000000 00000000 00000000 ee765f18
[    1.962535] 5f00: c0489ba4 c0a2da70 60000013 ffffffff
[    1.962543] [<c040bbb0>] (__dabt_svc) from [<c0a2da70>] (dwc3_omap_interrupt_thread+0x20/0x80)
[    1.962551] [<c0a2da70>] (dwc3_omap_interrupt_thread) from [<c0489ba4>] (irq_thread_fn+0x1c/0x34)
[    1.962558] [<c0489ba4>] (irq_thread_fn) from [<c0489eb4>] (irq_thread+0x13c/0x1ec)
[    1.962564] [<c0489eb4>] (irq_thread) from [<c045d7b4>] (kthread+0xdc/0xf4)
[    1.962571] [<c045d7b4>] (kthread) from [<c0407ce8>] (ret_from_fork+0x14/0x2c)
[    1.962576] Code: e34c0107 ebff9329 eafffff2 e59032f8 (e5130014) 
[    1.962579] ---[ end trace 5d60cfe4f9cacd57 ]---
[    1.962582] Fixing recursive fault but reboot is needed!
[    2.912641] mmcblk0: mmc0:0001 SEM04G 3.69 GiB 
[    2.917564] mmcblk0boot0: mmc0:0001 SEM04G partition 1 2.00 MiB
[    2.923929] mmcblk0boot1: mmc0:0001 SEM04G partition 2 2.00 MiB
[    2.930941]  mmcblk0: p1 p2
- 11:05:00 [INFO] Boot attempt 1/1 failed
- 11:05:00 [INFO] Collecting kernel traces via sysrq...
- 11:05:11 [INFO] 
- 11:05:21 [INFO] 
- 11:05:31 [INFO] 
- 11:05:31 [INFO] Disconnected serial from omap5-evm
URL:gtsystest.telogy.design.ti.com/vatf/tigtfarm08/tigtfarm08_vatf@omap5-evm/tigtfarm0809_15_2016_11_01_00/files/session_iteration_1/test_1
