- 03:40:34 [INFO] Starting target session
- 03:40:34 [INFO] Connected to omap5-evm via serial 
- 03:40:34 [INFO] Host: #check prompt
- 03:40:37 [ERROR] On command: #check prompt waiting for #check prompt.+?(?-mix:((?-mix:login:)|[Pp]assword)) >>> error: execution expired
- 03:40:37 [INFO] Target: 
- 03:40:37 [INFO] Host: #check prompt
- 03:40:39 [ERROR] On command: #check prompt waiting for #check prompt.+?(?-mix:root@.+[@:#]+) >>> error: execution expired
- 03:40:39 [INFO] Target: 
- 03:40:39 [INFO] Host: #check prompt
- 03:40:41 [ERROR] On command: #check prompt waiting for #check prompt.+?(?-mix:root@.+[@:#]+) >>> error: execution expired
- 03:40:41 [INFO] Target: 
- 03:40:41 [INFO] Host: #check prompt
- 03:40:43 [ERROR] On command: #check prompt waiting for #check prompt.+?(?-mix:root@.+[@:#]+) >>> error: execution expired
- 03:40:43 [INFO] Target: 
- 03:40:43 [INFO] Disconnected serial from omap5-evm
- 03:40:48 [INFO] Connected to omap5-evm via serial 
- 03:40:48 [INFO] Host: 
- 03:40:49 [INFO] Target: 
SATA link 0 timeout.
AHCI 0001.0300 32 slots 1 ports 3 Gbps 0x1 impl SATA mode
flags: 64bit ncq stag pm led clo only pmp pio slum part ccc apst 
scanning bus for devices...
Found 0 device(s).
Net:   No ethernet found.
Hit any key to stop autoboot:  2  0
=>  
=>  
=>  
- 03:40:49 [INFO] Host: 
- 03:40:49 [INFO] Target: 
=>  
- 03:40:49 [INFO] Host: version
- 03:40:49 [INFO] Target: 
version
U-Boot 2016.09-rc2-00020-g46fe9eb (Aug 25 2016 - 09:03:55 -0400)
arm-linux-gnueabihf-gcc (Linaro GCC 5.3-2016.02) 5.3.1 20160113
GNU ld (GNU Binutils) 2.25.0 Linaro 2015_10
- 03:40:49 [INFO] Host: setenv bootargs 'console=ttyO2,115200n8 earlyprintk=serial,ttyO2,115200n8 rootwait '
- 03:40:49 [INFO] Target: 
setenv bootargs 'console=ttyO2,115200n8 earlyprintk=serial,ttyO2,115200n8 rootwait '
- 03:40:49 [INFO] Host: setenv bootcmd  ''
- 03:40:49 [INFO] Target: 
setenv bootcmd  ''
- 03:40:49 [INFO] Host: setenv autoload 'no'
- 03:40:49 [INFO] Target: 
setenv autoload 'no'
- 03:40:49 [INFO] Host: setenv serverip '192.168.0.1'
- 03:40:49 [INFO] Target: 
setenv serverip '192.168.0.1'
- 03:40:49 [INFO] Host: setenv _initramfs -
- 03:40:49 [INFO] Target: 
setenv _initramfs -
- 03:40:49 [INFO] Host: printenv
- 03:40:50 [INFO] Target: 
printenv
_initramfs=-
arch=arm
args_mmc=run finduuid;setenv bootargs console=${console} ${optargs} root=PARTUUID=${uuid} rw rootfstype=${mmcrootfstype}
autoload=no
baudrate=115200
board=omap5_uevm
board_name=omap5_uevm
bootargs=console=ttyO2,115200n8 earlyprintk=serial,ttyO2,115200n8 rootwait 
bootcmd=
bootdelay=2
bootdir=/boot
bootenvfile=uEnv.txt
bootfile=zImage
bootm_size=0x10000000
bootpart=0:2
bootscript=echo Running bootscript from mmc${mmcdev} ...; source ${loadaddr}
console=ttyO2,115200n8
cpu=armv7
dfu_alt_info_emmc=rawemmc raw 0 3751936;boot part 1 1;rootfs part 1 2;MLO fat 1 1;MLO.raw raw 0x100 0x100;u-boot.img.raw raw 0x300 0x400;spl-os-args.raw raw 0x80 0x80;spl-os-image.raw raw 0x900 0x2000;spl-os-args fat 1 1;spl-os-image fat 1 1;u-boot.img fat 1 1;uEnv.txt fat 1 1
dfu_alt_info_mmc=boot part 0 1;rootfs part 0 2;MLO fat 0 1;MLO.raw raw 0x100 0x100;u-boot.img.raw raw 0x300 0x400;spl-os-args.raw raw 0x80 0x80;spl-os-image.raw raw 0x900 0x2000;spl-os-args fat 0 1;spl-os-image fat 0 1;u-boot.img fat 0 1;uEnv.txt fat 0 1
dfu_alt_info_ram=kernel ram 0x80200000 0x4000000;fdt ram 0x80f80000 0x80000;ramdisk ram 0x81000000 0x4000000
dfu_bufsiz=0x10000
dofastboot=0
envboot=mmc dev ${mmcdev}; if mmc rescan; then echo SD/MMC found on device ${mmcdev};if run loadbootscript; then run bootscript;else if run loadbootenv; then echo Loaded env from ${bootenvfile};run importbootenv;fi;if test -n $uenvcmd; then echo Running uenvcmd ...;run uenvcmd;fi;fi;fi;
fdt_addr_r=0x88000000
fdtaddr=0x88000000
fdtfile=undefined
findfdt=if test $board_name = omap5_uevm; then setenv fdtfile omap5-uevm.dtb; fi; if test $board_name = dra7xx; then setenv fdtfile dra7-evm.dtb; fi;if test $board_name = dra72x-revc; then setenv fdtfile dra72-evm-revc.dtb; fi;if test $board_name = dra72x; then setenv fdtfile dra72-evm.dtb; fi;if test $board_name = beagle_x15; then setenv fdtfile am57xx-beagle-x15.dtb; fi;if test $board_name = beagle_x15_revb1; then setenv fdtfile am57xx-beagle-x15-revb1.dtb; fi;if test $board_name = am57xx_evm; then setenv fdtfile am57xx-evm.dtb; fi;if test $board_name = am57xx_evm_reva3; then setenv fdtfile am57xx-evm-reva3.dtb; fi;if test $board_name = am572x_idk; then setenv fdtfile am572x-idk.dtb; fi;if test $board_name = am571x_idk; then setenv fdtfile am571x-idk.dtb; fi;if test $fdtfile = undefined; then echo WARNING: Could not determine device tree to use; fi; 
finduuid=part uuid mmc 0:2 uuid
importbootenv=echo Importing environment from mmc${mmcdev} ...; env import -t ${loadaddr} ${filesize}
kernel_addr_r=0x82000000
loadaddr=0x82000000
loadbootenv=fatload mmc ${mmcdev} ${loadaddr} ${bootenvfile}
loadbootscript=fatload mmc ${mmcdev} ${loadaddr} boot.scr
loadfdt=load mmc ${bootpart} ${fdtaddr} ${bootdir}/${fdtfile};
loadimage=load mmc ${bootpart} ${loadaddr} ${bootdir}/${bootfile}
mmcboot=mmc dev ${mmcdev}; if mmc rescan; then echo SD/MMC found on device ${mmcdev};if run loadimage; then run loadfdt; echo Booting from mmc${mmcdev} ...; run args_mmc; bootz ${loadaddr} - ${fdtaddr}; fi;fi;
mmcdev=0
mmcrootfstype=ext4 rootwait
netargs=setenv bootargs console=${console} ${optargs} root=/dev/nfs nfsroot=${serverip}:${rootpath},${nfsopts} rw ip=dhcp
netboot=echo Booting from network ...; setenv autoload no; dhcp; run netloadimage; run netloadfdt; run netargs; bootz ${loadaddr} - ${fdtaddr}
netloadfdt=tftp ${fdtaddr} ${fdtfile}
netloadimage=tftp ${loadaddr} ${bootfile}
nfsopts=nolock
partitions=uuid_disk=${uuid_gpt_disk};name=rootfs,start=2MiB,size=-,uuid=${uuid_gpt_rootfs}
pxefile_addr_r=0x80100000
ramdisk_addr_r=0x88080000
rdaddr=0x88080000
rootpath=/export/rootfs
scriptaddr=0x80000000
scsidevs=0
serverip=192.168.0.1
soc=omap5
static_ip=${ipaddr}:${serverip}:${gatewayip}:${netmask}:${hostname}::off
stderr=serial
stdin=serial
stdout=serial
usbethaddr=02:21:03:74:17:10
usbtty=cdc_acm
vendor=ti
ver=U-Boot 2016.09-rc2-00020-g46fe9eb (Aug 25 2016 - 09:03:55 -0400)
vram=16M
Environment size: 4044/131067 bytes
- 03:40:50 [INFO] Host: usb start
- 03:40:52 [INFO] Target: 
usb start
starting USB...
USB0:   USB EHCI 1.00
scanning bus 0 for devices... 2 USB Device(s) found
       scanning usb for storage devices... 0 Storage Device(s) found
       scanning usb for ethernet devices... 1 Ethernet Device(s) found
- 03:40:52 [INFO] Host: printenv
- 03:40:53 [INFO] Target: 
printenv
_initramfs=-
arch=arm
args_mmc=run finduuid;setenv bootargs console=${console} ${optargs} root=PARTUUID=${uuid} rw rootfstype=${mmcrootfstype}
autoload=no
baudrate=115200
board=omap5_uevm
board_name=omap5_uevm
bootargs=console=ttyO2,115200n8 earlyprintk=serial,ttyO2,115200n8 rootwait 
bootcmd=
bootdelay=2
bootdir=/boot
bootenvfile=uEnv.txt
bootfile=zImage
bootm_size=0x10000000
bootpart=0:2
bootscript=echo Running bootscript from mmc${mmcdev} ...; source ${loadaddr}
console=ttyO2,115200n8
cpu=armv7
dfu_alt_info_emmc=rawemmc raw 0 3751936;boot part 1 1;rootfs part 1 2;MLO fat 1 1;MLO.raw raw 0x100 0x100;u-boot.img.raw raw 0x300 0x400;spl-os-args.raw raw 0x80 0x80;spl-os-image.raw raw 0x900 0x2000;spl-os-args fat 1 1;spl-os-image fat 1 1;u-boot.img fat 1 1;uEnv.txt fat 1 1
dfu_alt_info_mmc=boot part 0 1;rootfs part 0 2;MLO fat 0 1;MLO.raw raw 0x100 0x100;u-boot.img.raw raw 0x300 0x400;spl-os-args.raw raw 0x80 0x80;spl-os-image.raw raw 0x900 0x2000;spl-os-args fat 0 1;spl-os-image fat 0 1;u-boot.img fat 0 1;uEnv.txt fat 0 1
dfu_alt_info_ram=kernel ram 0x80200000 0x4000000;fdt ram 0x80f80000 0x80000;ramdisk ram 0x81000000 0x4000000
dfu_bufsiz=0x10000
dofastboot=0
envboot=mmc dev ${mmcdev}; if mmc rescan; then echo SD/MMC found on device ${mmcdev};if run loadbootscript; then run bootscript;else if run loadbootenv; then echo Loaded env from ${bootenvfile};run importbootenv;fi;if test -n $uenvcmd; then echo Running uenvcmd ...;run uenvcmd;fi;fi;fi;
ethact=sms0
fdt_addr_r=0x88000000
fdtaddr=0x88000000
fdtfile=undefined
findfdt=if test $board_name = omap5_uevm; then setenv fdtfile omap5-uevm.dtb; fi; if test $board_name = dra7xx; then setenv fdtfile dra7-evm.dtb; fi;if test $board_name = dra72x-revc; then setenv fdtfile dra72-evm-revc.dtb; fi;if test $board_name = dra72x; then setenv fdtfile dra72-evm.dtb; fi;if test $board_name = beagle_x15; then setenv fdtfile am57xx-beagle-x15.dtb; fi;if test $board_name = beagle_x15_revb1; then setenv fdtfile am57xx-beagle-x15-revb1.dtb; fi;if test $board_name = am57xx_evm; then setenv fdtfile am57xx-evm.dtb; fi;if test $board_name = am57xx_evm_reva3; then setenv fdtfile am57xx-evm-reva3.dtb; fi;if test $board_name = am572x_idk; then setenv fdtfile am572x-idk.dtb; fi;if test $board_name = am571x_idk; then setenv fdtfile am571x-idk.dtb; fi;if test $fdtfile = undefined; then echo WARNING: Could not determine device tree to use; fi; 
finduuid=part uuid mmc 0:2 uuid
importbootenv=echo Importing environment from mmc${mmcdev} ...; env import -t ${loadaddr} ${filesize}
kernel_addr_r=0x82000000
loadaddr=0x82000000
loadbootenv=fatload mmc ${mmcdev} ${loadaddr} ${bootenvfile}
loadbootscript=fatload mmc ${mmcdev} ${loadaddr} boot.scr
loadfdt=load mmc ${bootpart} ${fdtaddr} ${bootdir}/${fdtfile};
loadimage=load mmc ${bootpart} ${loadaddr} ${bootdir}/${bootfile}
mmcboot=mmc dev ${mmcdev}; if mmc rescan; then echo SD/MMC found on device ${mmcdev};if run loadimage; then run loadfdt; echo Booting from mmc${mmcdev} ...; run args_mmc; bootz ${loadaddr} - ${fdtaddr}; fi;fi;
mmcdev=0
mmcrootfstype=ext4 rootwait
netargs=setenv bootargs console=${console} ${optargs} root=/dev/nfs nfsroot=${serverip}:${rootpath},${nfsopts} rw ip=dhcp
netboot=echo Booting from network ...; setenv autoload no; dhcp; run netloadimage; run netloadfdt; run netargs; bootz ${loadaddr} - ${fdtaddr}
netloadfdt=tftp ${fdtaddr} ${fdtfile}
netloadimage=tftp ${loadaddr} ${bootfile}
nfsopts=nolock
partitions=uuid_disk=${uuid_gpt_disk};name=rootfs,start=2MiB,size=-,uuid=${uuid_gpt_rootfs}
pxefile_addr_r=0x80100000
ramdisk_addr_r=0x88080000
rdaddr=0x88080000
rootpath=/export/rootfs
scriptaddr=0x80000000
scsidevs=0
serverip=192.168.0.1
soc=omap5
static_ip=${ipaddr}:${serverip}:${gatewayip}:${netmask}:${hostname}::off
stderr=serial
stdin=serial
stdout=serial
usbethaddr=02:21:03:74:17:10
usbtty=cdc_acm
vendor=ti
ver=U-Boot 2016.09-rc2-00020-g46fe9eb (Aug 25 2016 - 09:03:55 -0400)
vram=16M
Environment size: 4058/131067 bytes
- 03:40:53 [INFO] Host: setenv bootargs ''${bootargs}' ip=:::::eth0:dhcp '
- 03:40:53 [INFO] Target: 
setenv bootargs ''${bootargs}' ip=:::::eth0:dhcp '
- 03:40:53 [INFO] Host: setenv serverip '192.168.0.1'
- 03:40:53 [INFO] Target: 
setenv serverip '192.168.0.1'
- 03:40:53 [INFO] Host: setenv autoload 'no'
- 03:40:53 [INFO] Target: 
setenv autoload 'no'
- 03:40:53 [INFO] Host: dhcp
- 03:40:56 [INFO] Target: 
dhcp
Waiting for Ethernet connection... done.
BOOTP broadcast 1
BOOTP broadcast 2
BOOTP broadcast 3
DHCP client bound to address 192.168.0.71 (1036 ms)
- 03:40:56 [INFO] Host: tftp ${loadaddr} 192.168.0.1:vatf_omap5-evm/82cd06d1dc16de4e41e1a7aa477483d9
- 03:41:00 [INFO] Target: 
tftp ${loadaddr} 192.168.0.1:vatf_omap5-evm/82cd06d1dc16de4e41e1a7aa477483d9
Waiting for Ethernet connection... done.
Using sms0 device
TFTP from server 192.168.0.1; our IP address is 192.168.0.71
Filename 'vatf_omap5-evm/82cd06d1dc16de4e41e1a7aa477483d9'.
Load address: 0x82000000
Loading: *#################################################################
	 #################################################################
	 #################################################################
	 #################################################################
	 #################################################################
	 #################################################################
	 #################################################################
	 ###############
	 2.4 MiB/s
done
Bytes transferred = 6891320 (692738 hex)
CACHE: Misaligned operation at range [82000000, 82692738]
- 03:41:00 [INFO] Host: tftp ${fdt_addr_r} 192.168.0.1:vatf_omap5-evm/d65169145663a552c8d811c7ed3e374d
- 03:41:02 [INFO] Target: 
tftp ${fdt_addr_r} 192.168.0.1:vatf_omap5-evm/d65169145663a552c8d811c7ed3e374d
Waiting for Ethernet connection... done.
Using sms0 device
TFTP from server 192.168.0.1; our IP address is 192.168.0.71
Filename 'vatf_omap5-evm/d65169145663a552c8d811c7ed3e374d'.
Load address: 0x88000000
Loading: *####
	 2.5 MiB/s
done
Bytes transferred = 54995 (d6d3 hex)
CACHE: Misaligned operation at range [88000000, 8800d6d3]
- 03:41:02 [INFO] Host: ls mmc 0:1
- 03:41:02 [INFO] Target: 
ls mmc 0:1
    65764   mlo 
   329576   u-boot.img 
        4   ws-calibrate.rules 
3 file(s), 0 dir(s)
- 03:41:02 [INFO] Host: ls mmc 0:2
- 03:41:02 [INFO] Target: 
ls mmc 0:2
<DIR>       4096 .
<DIR>       4096 ..
<DIR>      16384 lost+found
<DIR>       4096 home
<DIR>       4096 media
<DIR>       4096 var
<DIR>       4096 sys
<DIR>       4096 boot
<DIR>       4096 dev
<DIR>       4096 usr
<DIR>       4096 bin
<DIR>       4096 mnt
<DIR>       4096 etc
<DIR>       4096 sbin
<SYM>          8 tmp
<DIR>       4096 proc
<DIR>       4096 run
<DIR>       4096 lib
<DIR>       4096 test
- 03:41:02 [INFO] Host: part uuid mmc 0:2
- 03:41:02 [INFO] Target: 
part uuid mmc 0:2
00000000-02
- 03:41:02 [INFO] Host: printenv
- 03:41:03 [INFO] Target: 
printenv
_initramfs=-
arch=arm
args_mmc=run finduuid;setenv bootargs console=${console} ${optargs} root=PARTUUID=${uuid} rw rootfstype=${mmcrootfstype}
autoload=no
baudrate=115200
board=omap5_uevm
board_name=omap5_uevm
bootargs=console=ttyO2,115200n8 earlyprintk=serial,ttyO2,115200n8 rootwait  ip=:::::eth0:dhcp 
bootcmd=
bootdelay=2
bootdir=/boot
bootenvfile=uEnv.txt
bootfile=zImage
bootm_size=0x10000000
bootpart=0:2
bootscript=echo Running bootscript from mmc${mmcdev} ...; source ${loadaddr}
console=ttyO2,115200n8
cpu=armv7
dfu_alt_info_emmc=rawemmc raw 0 3751936;boot part 1 1;rootfs part 1 2;MLO fat 1 1;MLO.raw raw 0x100 0x100;u-boot.img.raw raw 0x300 0x400;spl-os-args.raw raw 0x80 0x80;spl-os-image.raw raw 0x900 0x2000;spl-os-args fat 1 1;spl-os-image fat 1 1;u-boot.img fat 1 1;uEnv.txt fat 1 1
dfu_alt_info_mmc=boot part 0 1;rootfs part 0 2;MLO fat 0 1;MLO.raw raw 0x100 0x100;u-boot.img.raw raw 0x300 0x400;spl-os-args.raw raw 0x80 0x80;spl-os-image.raw raw 0x900 0x2000;spl-os-args fat 0 1;spl-os-image fat 0 1;u-boot.img fat 0 1;uEnv.txt fat 0 1
dfu_alt_info_ram=kernel ram 0x80200000 0x4000000;fdt ram 0x80f80000 0x80000;ramdisk ram 0x81000000 0x4000000
dfu_bufsiz=0x10000
dnsip=192.0.2.2
dofastboot=0
envboot=mmc dev ${mmcdev}; if mmc rescan; then echo SD/MMC found on device ${mmcdev};if run loadbootscript; then run bootscript;else if run loadbootenv; then echo Loaded env from ${bootenvfile};run importbootenv;fi;if test -n $uenvcmd; then echo Running uenvcmd ...;run uenvcmd;fi;fi;fi;
ethact=sms0
fdt_addr_r=0x88000000
fdtaddr=0x88000000
fdtfile=undefined
fileaddr=88000000
filesize=d6d3
findfdt=if test $board_name = omap5_uevm; then setenv fdtfile omap5-uevm.dtb; fi; if test $board_name = dra7xx; then setenv fdtfile dra7-evm.dtb; fi;if test $board_name = dra72x-revc; then setenv fdtfile dra72-evm-revc.dtb; fi;if test $board_name = dra72x; then setenv fdtfile dra72-evm.dtb; fi;if test $board_name = beagle_x15; then setenv fdtfile am57xx-beagle-x15.dtb; fi;if test $board_name = beagle_x15_revb1; then setenv fdtfile am57xx-beagle-x15-revb1.dtb; fi;if test $board_name = am57xx_evm; then setenv fdtfile am57xx-evm.dtb; fi;if test $board_name = am57xx_evm_reva3; then setenv fdtfile am57xx-evm-reva3.dtb; fi;if test $board_name = am572x_idk; then setenv fdtfile am572x-idk.dtb; fi;if test $board_name = am571x_idk; then setenv fdtfile am571x-idk.dtb; fi;if test $fdtfile = undefined; then echo WARNING: Could not determine device tree to use; fi; 
finduuid=part uuid mmc 0:2 uuid
gatewayip=192.168.0.1
importbootenv=echo Importing environment from mmc${mmcdev} ...; env import -t ${loadaddr} ${filesize}
ipaddr=192.168.0.71
kernel_addr_r=0x82000000
loadaddr=0x82000000
loadbootenv=fatload mmc ${mmcdev} ${loadaddr} ${bootenvfile}
loadbootscript=fatload mmc ${mmcdev} ${loadaddr} boot.scr
loadfdt=load mmc ${bootpart} ${fdtaddr} ${bootdir}/${fdtfile};
loadimage=load mmc ${bootpart} ${loadaddr} ${bootdir}/${bootfile}
mmcboot=mmc dev ${mmcdev}; if mmc rescan; then echo SD/MMC found on device ${mmcdev};if run loadimage; then run loadfdt; echo Booting from mmc${mmcdev} ...; run args_mmc; bootz ${loadaddr} - ${fdtaddr}; fi;fi;
mmcdev=0
mmcrootfstype=ext4 rootwait
netargs=setenv bootargs console=${console} ${optargs} root=/dev/nfs nfsroot=${serverip}:${rootpath},${nfsopts} rw ip=dhcp
netboot=echo Booting from network ...; setenv autoload no; dhcp; run netloadimage; run netloadfdt; run netargs; bootz ${loadaddr} - ${fdtaddr}
netloadfdt=tftp ${fdtaddr} ${fdtfile}
netloadimage=tftp ${loadaddr} ${bootfile}
netmask=255.255.255.0
nfsopts=nolock
partitions=uuid_disk=${uuid_gpt_disk};name=rootfs,start=2MiB,size=-,uuid=${uuid_gpt_rootfs}
pxefile_addr_r=0x80100000
ramdisk_addr_r=0x88080000
rdaddr=0x88080000
rootpath=/export/rootfs
scriptaddr=0x80000000
scsidevs=0
serverip=192.168.0.1
soc=omap5
static_ip=${ipaddr}:${serverip}:${gatewayip}:${netmask}:${hostname}::off
stderr=serial
stdin=serial
stdout=serial
usbethaddr=02:21:03:74:17:10
usbtty=cdc_acm
vendor=ti
ver=U-Boot 2016.09-rc2-00020-g46fe9eb (Aug 25 2016 - 09:03:55 -0400)
vram=16M
Environment size: 4201/131067 bytes
- 03:41:03 [INFO] Host: setenv bootargs ''${bootargs}' root=PARTUUID=00000000-02 rw rootfstype=ext4 rootwait '
- 03:41:03 [INFO] Target: 
setenv bootargs ''${bootargs}' root=PARTUUID=00000000-02 rw rootfstype=ext4 rootwait '
- 03:41:03 [INFO] Host: printenv
- 03:41:03 [INFO] Target: 
printenv
_initramfs=-
arch=arm
args_mmc=run finduuid;setenv bootargs console=${console} ${optargs} root=PARTUUID=${uuid} rw rootfstype=${mmcrootfstype}
autoload=no
baudrate=115200
board=omap5_uevm
board_name=omap5_uevm
bootargs=console=ttyO2,115200n8 earlyprintk=serial,ttyO2,115200n8 rootwait  ip=:::::eth0:dhcp  root=PARTUUID=00000000-02 rw rootfstype=ext4 rootwait 
bootcmd=
bootdelay=2
bootdir=/boot
bootenvfile=uEnv.txt
bootfile=zImage
bootm_size=0x10000000
bootpart=0:2
bootscript=echo Running bootscript from mmc${mmcdev} ...; source ${loadaddr}
console=ttyO2,115200n8
cpu=armv7
dfu_alt_info_emmc=rawemmc raw 0 3751936;boot part 1 1;rootfs part 1 2;MLO fat 1 1;MLO.raw raw 0x100 0x100;u-boot.img.raw raw 0x300 0x400;spl-os-args.raw raw 0x80 0x80;spl-os-image.raw raw 0x900 0x2000;spl-os-args fat 1 1;spl-os-image fat 1 1;u-boot.img fat 1 1;uEnv.txt fat 1 1
dfu_alt_info_mmc=boot part 0 1;rootfs part 0 2;MLO fat 0 1;MLO.raw raw 0x100 0x100;u-boot.img.raw raw 0x300 0x400;spl-os-args.raw raw 0x80 0x80;spl-os-image.raw raw 0x900 0x2000;spl-os-args fat 0 1;spl-os-image fat 0 1;u-boot.img fat 0 1;uEnv.txt fat 0 1
dfu_alt_info_ram=kernel ram 0x80200000 0x4000000;fdt ram 0x80f80000 0x80000;ramdisk ram 0x81000000 0x4000000
dfu_bufsiz=0x10000
dnsip=192.0.2.2
dofastboot=0
envboot=mmc dev ${mmcdev}; if mmc rescan; then echo SD/MMC found on device ${mmcdev};if run loadbootscript; then run bootscript;else if run loadbootenv; then echo Loaded env from ${bootenvfile};run importbootenv;fi;if test -n $uenvcmd; then echo Running uenvcmd ...;run uenvcmd;fi;fi;fi;
ethact=sms0
fdt_addr_r=0x88000000
fdtaddr=0x88000000
fdtfile=undefined
fileaddr=88000000
filesize=d6d3
findfdt=if test $board_name = omap5_uevm; then setenv fdtfile omap5-uevm.dtb; fi; if test $board_name = dra7xx; then setenv fdtfile dra7-evm.dtb; fi;if test $board_name = dra72x-revc; then setenv fdtfile dra72-evm-revc.dtb; fi;if test $board_name = dra72x; then setenv fdtfile dra72-evm.dtb; fi;if test $board_name = beagle_x15; then setenv fdtfile am57xx-beagle-x15.dtb; fi;if test $board_name = beagle_x15_revb1; then setenv fdtfile am57xx-beagle-x15-revb1.dtb; fi;if test $board_name = am57xx_evm; then setenv fdtfile am57xx-evm.dtb; fi;if test $board_name = am57xx_evm_reva3; then setenv fdtfile am57xx-evm-reva3.dtb; fi;if test $board_name = am572x_idk; then setenv fdtfile am572x-idk.dtb; fi;if test $board_name = am571x_idk; then setenv fdtfile am571x-idk.dtb; fi;if test $fdtfile = undefined; then echo WARNING: Could not determine device tree to use; fi; 
finduuid=part uuid mmc 0:2 uuid
gatewayip=192.168.0.1
importbootenv=echo Importing environment from mmc${mmcdev} ...; env import -t ${loadaddr} ${filesize}
ipaddr=192.168.0.71
kernel_addr_r=0x82000000
loadaddr=0x82000000
loadbootenv=fatload mmc ${mmcdev} ${loadaddr} ${bootenvfile}
loadbootscript=fatload mmc ${mmcdev} ${loadaddr} boot.scr
loadfdt=load mmc ${bootpart} ${fdtaddr} ${bootdir}/${fdtfile};
loadimage=load mmc ${bootpart} ${loadaddr} ${bootdir}/${bootfile}
mmcboot=mmc dev ${mmcdev}; if mmc rescan; then echo SD/MMC found on device ${mmcdev};if run loadimage; then run loadfdt; echo Booting from mmc${mmcdev} ...; run args_mmc; bootz ${loadaddr} - ${fdtaddr}; fi;fi;
mmcdev=0
mmcrootfstype=ext4 rootwait
netargs=setenv bootargs console=${console} ${optargs} root=/dev/nfs nfsroot=${serverip}:${rootpath},${nfsopts} rw ip=dhcp
netboot=echo Booting from network ...; setenv autoload no; dhcp; run netloadimage; run netloadfdt; run netargs; bootz ${loadaddr} - ${fdtaddr}
netloadfdt=tftp ${fdtaddr} ${fdtfile}
netloadimage=tftp ${loadaddr} ${bootfile}
netmask=255.255.255.0
nfsopts=nolock
partitions=uuid_disk=${uuid_gpt_disk};name=rootfs,start=2MiB,size=-,uuid=${uuid_gpt_rootfs}
pxefile_addr_r=0x80100000
ramdisk_addr_r=0x88080000
rdaddr=0x88080000
rootpath=/export/rootfs
scriptaddr=0x80000000
scsidevs=0
serverip=192.168.0.1
soc=omap5
static_ip=${ipaddr}:${serverip}:${gatewayip}:${netmask}:${hostname}::off
stderr=serial
stdin=serial
stdout=serial
usbethaddr=02:21:03:74:17:10
usbtty=cdc_acm
vendor=ti
ver=U-Boot 2016.09-rc2-00020-g46fe9eb (Aug 25 2016 - 09:03:55 -0400)
vram=16M
Environment size: 4256/131067 bytes
- 03:41:03 [INFO] Host: setenv bootcmd ''${bootcmd}' if iminfo ${loadaddr}; then bootm ${loadaddr} ${_initramfs} ${fdt_addr_r}; else bootz ${loadaddr} ${_initramfs} ${fdt_addr_r}; bootm ${loadaddr} ${_initramfs} ${fdt_addr_r}; fi'
- 03:41:03 [INFO] Target: 
setenv bootcmd ''${bootcmd}' if iminfo ${loadaddr}; then bootm ${loadaddr} ${_initramfs} ${fdt_addr_r}; else bootz ${loadaddr} ${_initramfs} ${fdt_addr_r}; bootm ${loadaddr} ${_initramfs} ${fdt_addr_r}; fi'
- 03:41:03 [INFO] Host: version
- 03:41:04 [INFO] Target: 
version
U-Boot 2016.09-rc2-00020-g46fe9eb (Aug 25 2016 - 09:03:55 -0400)
arm-linux-gnueabihf-gcc (Linaro GCC 5.3-2016.02) 5.3.1 20160113
GNU ld (GNU Binutils) 2.25.0 Linaro 2015_10
- 03:41:04 [INFO] Host: bdinfo
- 03:41:04 [INFO] Target: 
bdinfo
arch_number = 0x00000EC1
boot_params = 0x80000100
DRAM bank   = 0x00000000
-> start    = 0x80000000
-> size     = 0x7F000000
eth0name    = sms0
ethaddr     = (not set)
current eth = sms0
ip_addr     = 192.168.0.71
baudrate    = 115200 bps
TLB addr    = 0xFEFF0000
relocaddr   = 0xFEF5C000
reloc off   = 0x7E75C000
irq_sp      = 0xFDF3BEE0
sp start    = 0xFDF3BED0
- 03:41:04 [INFO] Host: mmc rescan; echo $?
- 03:41:04 [INFO] Target: 
mmc rescan; echo $?
- 03:41:04 [INFO] Host: fatwrite mmc ${mmcdev}:1 ${loadaddr} ws-calibrate.rules 4
- 03:41:04 [INFO] Target: 
fatwrite mmc ${mmcdev}:1 ${loadaddr} ws-calibrate.rules 4
writing ws-calibrate.rules
4 bytes written
- 03:41:04 [INFO] Host: boot
- 03:44:34 [ERROR] On command: boot waiting for boot.+?(?-mix:login:) >>> error: execution expired
- 03:44:34 [INFO] Target: 
boot
## Checking Image at 82000000 ...
Unknown image format!
## Flattened Device Tree blob at 88000000
   Booting using the fdt blob at 0x88000000
   Loading Device Tree to 8ffef000, end 8ffff6d2 ... OK
Starting kernel ...
[    0.000000] Booting Linux on physical CPU 0x0
[    0.000000] Linux version 4.8.0-rc7-00002-gef27d4e82101 (nmenon@horus) (gcc version 4.9.3 20150413 (prerelease) (Linaro GCC 4.9-2015.05) ) #1 SMP Mon Sep 19 02:39:54 CDT 2016
[    0.000000] CPU: ARMv7 Processor [412fc0f2] revision 2 (ARMv7), cr=30c5387d
[    0.000000] CPU: div instructions available: patching division code
[    0.000000] CPU: PIPT / VIPT nonaliasing data cache, PIPT instruction cache
[    0.000000] OF: fdt:Machine model: TI OMAP5 uEVM board
[    0.000000] cma: Reserved 64 MiB at 0x00000000fa800000
[    0.000000] Memory policy: Data cache writealloc
[    0.000000] OMAP4: Map 0x00000000fed00000 to fe600000 for dram barrier
[    0.000000] OMAP5432 ES2.0
[    0.000000] percpu: Embedded 14 pages/cpu @eefc2000 s25984 r8192 d23168 u57344
[    0.000000] Built 1 zonelists in Zone order, mobility grouping on.  Total pages: 517888
[    0.000000] Kernel command line: console=ttyO2,115200n8 earlyprintk=serial,ttyO2,115200n8 rootwait  ip=:::::eth0:dhcp  root=PARTUUID=00000000-02 rw rootfstype=ext4 rootwait 
[    0.000000] PID hash table entries: 4096 (order: 2, 16384 bytes)
[    0.000000] Dentry cache hash table entries: 131072 (order: 7, 524288 bytes)
[    0.000000] Inode-cache hash table entries: 65536 (order: 6, 262144 bytes)
[    0.000000] Memory: 1976848K/2077696K available (10240K kernel code, 1088K rwdata, 3768K rodata, 2048K init, 347K bss, 35312K reserved, 65536K cma-reserved, 1225728K highmem)
[    0.000000] Virtual kernel memory layout:
[    0.000000]     vector  : 0xffff0000 - 0xffff1000   (   4 kB)
[    0.000000]     fixmap  : 0xffc00000 - 0xfff00000   (3072 kB)
[    0.000000]     vmalloc : 0xf0800000 - 0xff800000   ( 240 MB)
[    0.000000]     lowmem  : 0xc0000000 - 0xf0000000   ( 768 MB)
[    0.000000]     pkmap   : 0xbfe00000 - 0xc0000000   (   2 MB)
[    0.000000]     modules : 0xbf000000 - 0xbfe00000   (  14 MB)
[    0.000000]       .text : 0xc0208000 - 0xc0e00000   (12256 kB)
[    0.000000]       .init : 0xc1200000 - 0xc1400000   (2048 kB)
[    0.000000]       .data : 0xc1400000 - 0xc1510140   (1089 kB)
[    0.000000]        .bss : 0xc1512000 - 0xc1568f08   ( 348 kB)
[    0.000000] SLUB: HWalign=64, Order=0-3, MinObjects=0, CPUs=2, Nodes=1
[    0.000000] Hierarchical RCU implementation.
[    0.000000] 	Build-time adjustment of leaf fanout to 32.
[    0.000000] 	RCU restricting CPUs from NR_CPUS=16 to nr_cpu_ids=2.
[    0.000000] RCU: Adjusting geometry for rcu_fanout_leaf=32, nr_cpu_ids=2
[    0.000000] NR_IRQS:16 nr_irqs:16 16
[    0.000000] OMAP clockevent source: timer1 at 32768 Hz
[    0.000000] arm_arch_timer: Architected cp15 timer(s) running at 6.14MHz (virt).
[    0.000000] clocksource: arch_sys_counter: mask: 0xffffffffffffff max_cycles: 0x16ac02862, max_idle_ns: 440795202218 ns
[    0.000003] sched_clock: 56 bits at 6MHz, resolution 162ns, wraps every 4398046511085ns
[    0.000014] Switching to timer-based delay loop, resolution 162ns
[    0.002123] clocksource: 32k_counter: mask: 0xffffffff max_cycles: 0xffffffff, max_idle_ns: 58327039986419 ns
[    0.002130] OMAP clocksource: 32k_counter at 32768 Hz
[    0.004073] Console: colour dummy device 80x30
[    0.004092] Calibrating delay loop (skipped), value calculated using timer frequency.. 12.28 BogoMIPS (lpj=30720)
[    0.004103] pid_max: default: 32768 minimum: 301
[    0.004175] Mount-cache hash table entries: 2048 (order: 1, 8192 bytes)
[    0.004183] Mountpoint-cache hash table entries: 2048 (order: 1, 8192 bytes)
[    0.004665] CPU: Testing write buffer coherency: ok
[    0.004815] /cpus/cpu@0 missing clock-frequency property
[    0.004828] /cpus/cpu@1 missing clock-frequency property
[    0.004838] CPU0: thread -1, cpu 0, socket 0, mpidr 80000000
[    0.004852] Setting up static identity map for 0x80400000 - 0x80400170
[    0.008651] CPU1: thread -1, cpu 1, socket 0, mpidr 80000001
[    0.008727] Brought up 2 CPUs
[    0.008738] SMP: Total of 2 processors activated (24.57 BogoMIPS).
[    0.008744] CPU: All CPU(s) started in SVC mode.
[    0.009082] devtmpfs: initialized
[    0.022351] VFP support v0.3: implementor 41 architecture 4 part 30 variant f rev 0
[    0.022665] clocksource: jiffies: mask: 0xffffffff max_cycles: 0xffffffff, max_idle_ns: 9556302231375000 ns
[    0.023685] pinctrl core: initialized pinctrl subsystem
[    0.024947] NET: Registered protocol family 16
[    0.026365] DMA: preallocated 256 KiB pool for atomic coherent allocations
[    0.027200] omap_hwmod: l3_main_3 using broken dt data from ocp
[    0.027724] omap_hwmod: l3_main_2 using broken dt data from ocp
[    0.105062] cpuidle: using governor menu
[    0.110420] OMAP GPIO hardware version 0.1
[    0.115630] GPIO line 234 (gpio8_234/msecure) hogged as output/high
[    0.116269] platform 50000000.gpmc: Cannot lookup hwmod 'gpmc'
[    0.116402] omap-gpmc 50000000.gpmc: _od_fail_runtime_resume: FIXME: missing hwmod/omap_dev info
[    0.116413] omap-gpmc 50000000.gpmc: GPMC revision 6.0
[    0.119159] irq: no irq domain found for /ocp/l4@4a000000/scm@2800/pinmux@40 !
[    0.120447] irq: no irq domain found for /ocp/l4@4a000000/scm@2800/pinmux@40 !
[    0.129927] No ATAGs?
[    0.129946] hw-breakpoint: found 5 (+1 reserved) breakpoint and 4 watchpoint registers.
[    0.129954] hw-breakpoint: maximum watchpoint size is 8 bytes.
[    0.130840] OMAP DMA hardware revision 0.0
[    0.135733] Serial: AMBA PL011 UART driver
[    0.163259] omap-dma-engine 4a056000.dma-controller: OMAP DMA engine driver
[    0.165087] vsys_cobra: supplied by vmain
[    0.165582] reg-fixed-voltage fixedregulator-mmcsdio: could not find pctldev for node /ocp/l4@4a000000/scm@2800/pinmux@40/pinmux_wlan_pins, deferring probe
[    0.168414] vgaarb: loaded
[    0.169042] SCSI subsystem initialized
[    0.169327] usbcore: registered new interface driver usbfs
[    0.169375] usbcore: registered new interface driver hub
[    0.169414] usbcore: registered new device driver usb
[    0.169931] omap_i2c 48070000.i2c: could not find pctldev for node /ocp/l4@4a000000/scm@2800/pinmux@40/pinmux_i2c1_pins, deferring probe
[    0.170218] omap_i2c 48072000.i2c: bus 1 rev0.12 at 100 kHz
[    0.170470] omap_i2c 48060000.i2c: bus 2 rev0.12 at 100 kHz
[    0.170718] omap_i2c 4807a000.i2c: bus 3 rev0.12 at 100 kHz
[    0.170749] omap_i2c 4807c000.i2c: could not find pctldev for node /ocp/l4@4a000000/scm@2800/pinmux@40/pinmux_i2c5_pins, deferring probe
[    0.171597] pps_core: LinuxPPS API ver. 1 registered
[    0.171603] pps_core: Software ver. 5.3.6 - Copyright 2005-2007 Rodolfo Giometti <giometti@linux.it>
[    0.171621] PTP clock support registered
[    0.171793] EDAC MC: Ver: 3.0.0
[    0.173683] clocksource: Switched to clocksource arch_sys_counter
[    0.180851] NET: Registered protocol family 2
[    0.181208] TCP established hash table entries: 8192 (order: 3, 32768 bytes)
[    0.181268] TCP bind hash table entries: 8192 (order: 4, 65536 bytes)
[    0.181392] TCP: Hash tables configured (established 8192 bind 8192)
[    0.181431] UDP hash table entries: 512 (order: 2, 16384 bytes)
[    0.181460] UDP-Lite hash table entries: 512 (order: 2, 16384 bytes)
[    0.181562] NET: Registered protocol family 1
[    0.181791] RPC: Registered named UNIX socket transport module.
[    0.181797] RPC: Registered udp transport module.
[    0.181802] RPC: Registered tcp transport module.
[    0.181808] RPC: Registered tcp NFSv4.1 backchannel transport module.
[    0.214969] hw perfevents: enabled with armv7_cortex_a15 PMU driver, 7 counters available
[    0.216586] futex hash table entries: 512 (order: 3, 32768 bytes)
[    0.217126] workingset: timestamp_bits=30 max_order=19 bucket_order=0
[    0.225133] squashfs: version 4.0 (2009/01/31) Phillip Lougher
[    0.225732] NFS: Registering the id_resolver key type
[    0.225749] Key type id_resolver registered
[    0.225755] Key type id_legacy registered
[    0.225788] ntfs: driver 2.1.32 [Flags: R/O].
[    0.226725] bounce: pool size: 64 pages
[    0.226874] Block layer SCSI generic (bsg) driver version 0.4 loaded (major 248)
[    0.226882] io scheduler noop registered
[    0.226888] io scheduler deadline registered
[    0.227025] io scheduler cfq registered (default)
[    0.231076] ti-pipe3 4a096000.phy: can't get syscon-pllreset, sata dpll won't idle
[    0.232862] libphy: mdio_driver_register: phy-bcm-ns2-pci
[    0.234098] pinctrl-single 4a002840.pinmux: 219 pins at pa fc002840 size 438
[    0.234284] pinctrl-single 4ae0c840.pinmux: 30 pins at pa fce0c840 size 60
[    0.292262] Serial: 8250/16550 driver, 4 ports, IRQ sharing disabled
[    0.294692] SuperH (H)SCI(F) driver initialized
[    0.295652] msm_serial: driver initialized
[    0.295848] omap_uart 4806a000.serial: no wakeirq for uart0
[    0.295933] 4806a000.serial: ttyO0 at MMIO 0x4806a000 (irq = 304, base_baud = 3000000) is a OMAP UART0
[    0.296199] omap_uart 4806c000.serial: no wakeirq for uart1
[    0.296267] 4806c000.serial: ttyO1 at MMIO 0x4806c000 (irq = 305, base_baud = 3000000) is a OMAP UART1
[    0.296602] 48020000.serial: ttyO2 at MMIO 0x48020000 (irq = 306, base_baud = 3000000) is a OMAP UART2
[    1.138189] console [ttyO2] enabled
[    1.142083] omap_uart 4806e000.serial: no wakeirq for uart3
[    1.147968] 4806e000.serial: ttyO3 at MMIO 0x4806e000 (irq = 307, base_baud = 3000000) is a OMAP UART3
[    1.157953] omap_uart 48066000.serial: no wakeirq for uart4
[    1.163846] 48066000.serial: ttyO4 at MMIO 0x48066000 (irq = 308, base_baud = 3000000) is a OMAP UART4
[    1.173829] omap_uart 48068000.serial: no wakeirq for uart5
[    1.179718] 48068000.serial: ttyO5 at MMIO 0x48068000 (irq = 309, base_baud = 3000000) is a OMAP UART5
[    1.189732] STMicroelectronics ASC driver initialized
[    1.198149] [drm] Initialized drm 1.1.0 20060810
[    1.214841] brd: module loaded
[    1.221969] loop: module loaded
[    1.226889] ahci 4a140000.sata: SSS flag set, parallel bus scan disabled
[    1.233921] ahci 4a140000.sata: AHCI 0001.0300 32 slots 1 ports 3 Gbps 0x1 impl platform mode
[    1.242836] ahci 4a140000.sata: flags: 64bit ncq sntf stag pm led clo only pmp pio slum part ccc apst 
[    1.253288] scsi host0: ahci
[    1.256527] ata1: SATA max UDMA/133 mmio [mem 0x4a140000-0x4a1410ff] port 0x100 irq 336
[    1.272401] libphy: Fixed MDIO Bus: probed
[    1.277364] CAN device driver interface
[    1.283419] igb: Intel(R) Gigabit Ethernet Network Driver - version 5.3.0-k
[    1.290693] igb: Copyright (c) 2007-2014 Intel Corporation.
[    1.299659] pegasus: v0.9.3 (2013/04/25), Pegasus/Pegasus II USB Ethernet driver
[    1.307428] usbcore: registered new interface driver pegasus
[    1.313389] usbcore: registered new interface driver asix
[    1.319063] usbcore: registered new interface driver ax88179_178a
[    1.325463] usbcore: registered new interface driver cdc_ether
[    1.331603] usbcore: registered new interface driver smsc75xx
[    1.337652] usbcore: registered new interface driver smsc95xx
[    1.343705] usbcore: registered new interface driver net1080
[    1.349642] usbcore: registered new interface driver cdc_subset
[    1.355858] usbcore: registered new interface driver zaurus
[    1.361728] usbcore: registered new interface driver cdc_ncm
[    1.368276] omap-dwc3 4a020000.omap_dwc3: vbus init failed
[    1.375181] ehci_hcd: USB 2.0 'Enhanced' Host Controller (EHCI) Driver
[    1.382012] ehci-pci: EHCI PCI platform driver
[    1.386691] ehci-platform: EHCI generic platform driver
[    1.392355] ehci-orion: EHCI orion driver
[    1.396694] SPEAr-ehci: EHCI SPEAr driver
[    1.401031] ehci-st: EHCI STMicroelectronics driver
[    1.406269] ehci-exynos: EHCI EXYNOS driver
[    1.410797] ehci-atmel: EHCI Atmel driver
[    1.415122] tegra-ehci: Tegra EHCI driver
[    1.419473] ohci_hcd: USB 1.1 'Open' Host Controller (OHCI) Driver
[    1.425939] ohci-pci: OHCI PCI platform driver
[    1.430615] ohci-platform: OHCI generic platform driver
[    1.436237] ohci-omap3: OHCI OMAP3 driver
[    1.451109] ohci-omap3 4a064800.ohci: OHCI Host Controller
[    1.456857] ohci-omap3 4a064800.ohci: new USB bus registered, assigned bus number 1
[    1.464976] ohci-omap3 4a064800.ohci: irq 403, io mem 0x4a064800
[    1.548371] hub 1-0:1.0: USB hub found
[    1.552332] hub 1-0:1.0: 3 ports detected
[    1.556933] SPEAr-ohci: OHCI SPEAr driver
[    1.561283] ohci-st: OHCI STMicroelectronics driver
[    1.566522] ohci-atmel: OHCI Atmel driver
[    1.571417] usbcore: registered new interface driver usb-storage
[    1.579124] mousedev: PS/2 mouse device common for all mice
[    1.588006] i2c /dev entries driver
[    1.591786] ata1: SATA link down (SStatus 0 SControl 300)
[    1.609581] sdhci: Secure Digital Host Controller Interface driver
[    1.616041] sdhci: Copyright(c) Pierre Ossman
[    1.679661] Synopsys Designware Multimedia Card Interface Driver
[    1.687000] sdhci-pltfm: SDHCI platform and OF driver helper
[    1.695358] ledtrig-cpu: registered to indicate activity on CPUs
[    1.701911] usbcore: registered new interface driver usbhid
[    1.707729] usbhid: USB HID core driver
[    1.717298] NET: Registered protocol family 10
[    1.722537] sit: IPv6, IPv4 and MPLS over IPv4 tunneling driver
[    1.729196] NET: Registered protocol family 17
[    1.733853] can: controller area network core (rev 20120528 abi 9)
[    1.740359] NET: Registered protocol family 29
[    1.745012] can: raw protocol (rev 20120528)
[    1.749474] can: broadcast manager protocol (rev 20160617 t)
[    1.755396] can: netlink gateway (rev 20130117) max_hops=1
[    1.761419] Key type dns_resolver registered
[    1.766044] omap_vc_init_channel: No PMIC info for vdd_core
[    1.771872] omap_vp_init: No PMIC info for vdd_core
[    1.776969] omap_vc_init_channel: No PMIC info for vdd_mm
[    1.782601] omap_vp_init: No PMIC info for vdd_mm
[    1.787518] omap_vc_init_channel: No PMIC info for vdd_mpu
[    1.793246] omap_vp_init: No PMIC info for vdd_mpu
[    1.798339] Power Management for TI OMAP4+ devices.
[    1.803597] ThumbEE CPU extension supported.
[    1.808089] Registering SWP/SWPB emulation handler
[    1.815283] palmas 0-0048: Irq flag is 0x00000000
[    1.835755] palmas 0-0048: Muxing GPIO 2, PWM 0, LED 0
[    1.846690] palmas-rtc 48070000.i2c:palmas@48:rtc: rtc core: registered 48070000.i2c:palmas as rtc0
[    1.862144] SMPS6: supplied by vsys_cobra
[    1.866676] smps6: Bringing 1350000uV into 1200000-1200000uV
[    1.874362] SMPS7: supplied by vsys_cobra
[    1.879303] vdds_1v8_main: supplied by smps7
[    1.884584] random: fast init done
[    1.888200] SMPS8: supplied by vsys_cobra
[    1.893773] mmc0: new high speed MMC card at address 0001
[    1.894036] SMPS9: supplied by vsys_cobra
[    1.894367] smps9: Bringing 0uV into 2100000-2100000uV
[    1.897218] LDO1: supplied by vsys_cobra
[    1.897555] ldo1: Bringing 0uV into 1800000-1800000uV
[    1.898732] LDO2: supplied by vsys_cobra
[    1.899059] ldo2: Bringing 0uV into 2800000-2800000uV
[    1.900240] LDO3: supplied by vdds_1v8_main
[    1.901959] LDO4: supplied by vdds_1v8_main
[    1.902293] ldo4: Bringing 0uV into 1800000-1800000uV
[    1.903468] LDO5: supplied by vsys_cobra
[    1.905199] LDO6: supplied by vdds_1v8_main
[    1.908432] LDO7: supplied by vsys_cobra
[    1.908769] ldo7: Bringing 0uV into 2000000-2000000uV
[    1.909957] LDO8: supplied by vsys_cobra
[    1.911685] LDO9: supplied by vmmcsd_fixed
[    1.913895] LDOLN: supplied by vsys_cobra
[    1.915624] LDOUSB: supplied by vsys_cobra
[    1.920223] omap_i2c 48070000.i2c: bus 0 rev0.12 at 400 kHz
[    1.929520] omap_i2c 4807c000.i2c: bus 4 rev0.12 at 400 kHz
[    1.930499] ------------[ cut here ]------------
[    1.930511] WARNING: CPU: 0 PID: 88 at drivers/bus/omap_l3_noc.c:147 l3_interrupt_handler+0x23c/0x340
[    1.930516] 44000000.ocp:L3 Custom Error: MASTER MPU TARGET L4CFG (Read): Data Access in User mode during Functional access
[    1.930521] Modules linked in:
[    1.930528] CPU: 0 PID: 88 Comm: irq/333-dwc3-om Not tainted 4.8.0-rc7-00002-gef27d4e82101 #1
[    1.930531] Hardware name: Generic OMAP5 (Flattened Device Tree)
[    1.930551] [<c040fb70>] (unwind_backtrace) from [<c040b138>] (show_stack+0x10/0x14)
[    1.930559] [<c040b138>] (show_stack) from [<c06952bc>] (dump_stack+0x98/0xac)
[    1.930572] [<c06952bc>] (dump_stack) from [<c0442b08>] (__warn+0xe8/0x100)
[    1.930581] [<c0442b08>] (__warn) from [<c0442b58>] (warn_slowpath_fmt+0x38/0x48)
[    1.930589] [<c0442b58>] (warn_slowpath_fmt) from [<c06c6eb8>] (l3_interrupt_handler+0x23c/0x340)
[    1.930598] [<c06c6eb8>] (l3_interrupt_handler) from [<c0486eec>] (__handle_irq_event_percpu+0x88/0x118)
[    1.930607] [<c0486eec>] (__handle_irq_event_percpu) from [<c0486f98>] (handle_irq_event_percpu+0x1c/0x58)
[    1.930614] [<c0486f98>] (handle_irq_event_percpu) from [<c0487018>] (handle_irq_event+0x44/0x68)
[    1.930622] [<c0487018>] (handle_irq_event) from [<c048a3d8>] (handle_fasteoi_irq+0xb4/0x194)
[    1.930630] [<c048a3d8>] (handle_fasteoi_irq) from [<c0486538>] (generic_handle_irq+0x24/0x34)
[    1.930637] [<c0486538>] (generic_handle_irq) from [<c0486808>] (__handle_domain_irq+0x5c/0xb4)
[    1.930643] [<c0486808>] (__handle_domain_irq) from [<c040170c>] (gic_handle_irq+0x54/0x98)
[    1.930649] [<c040170c>] (gic_handle_irq) from [<c040bc38>] (__irq_svc+0x58/0x74)
[    1.930652] Exception stack(0xee6fdec8 to 0xee6fdf10)
[    1.930658] dec0:                   0000014d ee6dd190 fc020000 fc020034 ee6dd190 ee6cfaa4
[    1.930663] dee0: ee1bed80 00000000 c0487f28 c150fecc 00000000 00000000 00000000 ee6fdf18
[    1.930667] df00: c0487f44 c0a1d978 60000013 ffffffff
[    1.930678] [<c040bc38>] (__irq_svc) from [<c0a1d978>] (dwc3_omap_interrupt_thread+0x20/0x80)
[    1.930687] [<c0a1d978>] (dwc3_omap_interrupt_thread) from [<c0487f44>] (irq_thread_fn+0x1c/0x34)
[    1.930694] [<c0487f44>] (irq_thread_fn) from [<c0488254>] (irq_thread+0x13c/0x1ec)
[    1.930701] [<c0488254>] (irq_thread) from [<c045d074>] (kthread+0xdc/0xf4)
[    1.930708] [<c045d074>] (kthread) from [<c0407d28>] (ret_from_fork+0x14/0x2c)
[    1.930712] ---[ end trace f3c12fee53c7309d ]---
[    1.930719] Unhandled fault: asynchronous external abort (0x1211) at 0x00000000
[    1.930722] pgd = c0203000
[    1.930729] [00000000] *pgd=80000080204003, *pmd=00000000
[    1.930736] Internal error: : 1211 [#1] SMP ARM
[    1.930740] Modules linked in:
[    1.930746] CPU: 0 PID: 88 Comm: irq/333-dwc3-om Tainted: G        W       4.8.0-rc7-00002-gef27d4e82101 #1
[    1.930748] Hardware name: Generic OMAP5 (Flattened Device Tree)
[    1.930751] task: ee6c4fc0 task.stack: ee6fc000
[    1.930757] PC is at dwc3_omap_interrupt_thread+0x20/0x80
[    1.930761] LR is at irq_thread_fn+0x1c/0x34
[    1.930766] pc : [<c0a1d978>]    lr : [<c0487f44>]    psr: 60000013
[    1.930766] sp : ee6fdf18  ip : 00000000  fp : 00000000
[    1.930769] r10: 00000000  r9 : c150fecc  r8 : c0487f28
[    1.930772] r7 : 00000000  r6 : ee1bed80  r5 : ee6cfaa4  r4 : ee6dd190
[    1.930776] r3 : fc020034  r2 : fc020000  r1 : ee6dd190  r0 : 0000014d
[    1.930780] Flags: nZCv  IRQs on  FIQs on  Mode SVC_32  ISA ARM  Segment user
[    1.930783] Control: 30c5387d  Table: 80203000  DAC: fffffffd
[    1.930787] Process irq/333-dwc3-om (pid: 88, stack limit = 0xee6fc220)
[    1.930790] Stack: (0xee6fdf18 to 0xee6fe000)
[    1.930794] df00:                                                       ee6cfa80 ee6cfaa4
[    1.930798] df20: ee1bed80 ee6cfa80 c0487f28 c0487f44 ee6fc000 ee6cfaa4 ee1bed80 c0488254
[    1.930803] df40: 00000000 c048805c 00000000 ee6cfac0 ee6cfa80 c0488118 00000000 00000000
[    1.930807] df60: 00000000 c045d074 00000000 00000000 00000001 ee6cfa80 00000000 00000000
[    1.930812] df80: ee6fdf80 ee6fdf80 00000000 00000000 ee6fdf90 ee6fdf90 ee6fdfac ee6cfac0
[    1.930817] dfa0: c045cf98 00000000 00000000 c0407d28 00000000 00000000 00000000 00000000
[    1.930820] dfc0: 00000000 00000000 00000000 00000000 00000000 00000000 00000000 00000000
[    1.930825] dfe0: 00000000 00000000 00000000 00000000 00000013 00000000 00000000 00000000
[    1.930833] [<c0a1d978>] (dwc3_omap_interrupt_thread) from [<c0487f44>] (irq_thread_fn+0x1c/0x34)
[    1.930840] [<c0487f44>] (irq_thread_fn) from [<c0488254>] (irq_thread+0x13c/0x1ec)
[    1.930846] [<c0488254>] (irq_thread) from [<c045d074>] (kthread+0xdc/0xf4)
[    1.930853] [<c045d074>] (kthread) from [<c0407d28>] (ret_from_fork+0x14/0x2c)
[    1.930858] Code: e2833034 e0823003 e5937000 f57ff04f (e5916014) 
[    1.930864] ---[ end trace f3c12fee53c7309e ]---
[    1.930880] Unable to handle kernel paging request at virtual address ffffffec
[    1.930882] pgd = c0203000
[    1.930890] [ffffffec] *pgd=80000080207003, *pmd=afffd003, *pte=00000000
[    1.930894] Internal error: Oops: 207 [#2] SMP ARM
[    1.930898] Modules linked in:
[    1.930903] CPU: 0 PID: 88 Comm: irq/333-dwc3-om Tainted: G      D W       4.8.0-rc7-00002-gef27d4e82101 #1
[    1.930905] Hardware name: Generic OMAP5 (Flattened Device Tree)
[    1.930908] task: ee6c4fc0 task.stack: ee6fc000
[    1.930913] PC is at kthread_data+0x4/0xc
[    1.930918] LR is at irq_thread_dtor+0x28/0xbc
[    1.930922] pc : [<c045d640>]    lr : [<c0488084>]    psr: 20000193
[    1.930922] sp : ee6fdd50  ip : ee6fdf84  fp : c0a1d97a
[    1.930925] r10: ee6c53b8  r9 : c0a1d97c  r8 : ee6fdd78
[    1.930928] r7 : ee6c4fc0  r6 : 00000000  r5 : c1515328  r4 : ee6c4fc0
[    1.930931] r3 : 00000000  r2 : ee6fdf40  r1 : 00000009  r0 : ee6c4fc0
[    1.930935] Flags: nzCv  IRQs off  FIQs on  Mode SVC_32  ISA ARM  Segment user
[    1.930938] Control: 30c5387d  Table: 80203000  DAC: fffffffd
[    1.930941] Process irq/333-dwc3-om (pid: 88, stack limit = 0xee6fc220)
[    1.930944] Stack: (0xee6fdd50 to 0xee6fe000)
[    1.930948] dd40:                                     ee6c53a4 c1515328 00000000 c045b88c
[    1.930953] dd60: ee6c4fc0 00000000 0000000b 00000001 ee6fdd78 c0444e84 c1054ab0 c04cc298
[    1.930958] dd80: 00000227 c1512604 c14076b0 ee6fdec8 60000193 0000000b c0a1d97c 00000001
[    1.930963] dda0: c0a1d97a c040b564 ee6fc220 0000000b 00000000 00000000 bf000000 00000008
[    1.930967] ddc0: c1054a2c c1054a34 65000000 33333832 20343330 32383065 33303033 39356520
[    1.930972] dde0: 30303733 35662030 30666637 28206634 31393565 34313036 c1002029 ee6fde1c
[    1.930976] de00: c10568e4 c14080ac 00001211 00000007 00000000 ee6fdec8 ee6fc000 00000000
[    1.930981] de20: 00000000 c04012d8 00000000 070abaa3 00000007 00000000 00000000 00000000
[    1.930986] de40: ee008000 fa213000 00000000 c0486fc8 eefc7b80 00000004 c1319b80 ee16b540
[    1.930990] de60: ee16b5a0 c0487018 ee16b540 c140abc8 ee16b540 c048a478 c1317fb8 00000018
[    1.930995] de80: 00000000 00000000 c1317fb8 00000018 c14028a8 c143f5c8 fa21200c ee6fdec8
[    1.931000] dea0: fa212000 c040170c c0a1d978 60000013 c0a1d978 60000013 ffffffff ee6fdefc
[    1.931004] dec0: c0487f28 c040bbb0 0000014d ee6dd190 fc020000 fc020034 ee6dd190 ee6cfaa4
[    1.931008] dee0: ee1bed80 00000000 c0487f28 c150fecc 00000000 00000000 00000000 ee6fdf18
[    1.931013] df00: c0487f44 c0a1d978 60000013 ffffffff 00000000 00000000 ee6cfa80 ee6cfaa4
[    1.931018] df20: ee1bed80 ee6cfa80 c0487f28 c0487f44 ee6fc000 ee6cfaa4 ee1bed80 c0488254
[    1.931022] df40: 00000000 c048805c 00000000 ee6cfac0 ee6cfa80 c0488118 00000000 00000000
[    1.931027] df60: 00000000 c045d074 00000000 00000000 00000001 ee6cfa80 00000000 00000000
[    1.931032] df80: ee6fdf80 ee6fdf80 00000001 00010001 ee6fdf90 ee6fdf90 ee6fdfac ee6cfac0
[    1.931036] dfa0: c045cf98 00000000 00000000 c0407d28 00000000 00000000 00000000 00000000
[    1.931040] dfc0: 00000000 00000000 00000000 00000000 00000000 00000000 00000000 00000000
[    1.931044] dfe0: 00000000 00000000 00000000 00000000 00000013 00000000 00000000 00000000
[    1.931052] [<c045d640>] (kthread_data) from [<c0488084>] (irq_thread_dtor+0x28/0xbc)
[    1.931062] [<c0488084>] (irq_thread_dtor) from [<c045b88c>] (task_work_run+0xb8/0xe8)
[    1.931071] [<c045b88c>] (task_work_run) from [<c0444e84>] (do_exit+0x320/0xa84)
[    1.931079] [<c0444e84>] (do_exit) from [<c040b564>] (die+0x428/0x434)
[    1.931084] [<c040b564>] (die) from [<c04012d8>] (do_DataAbort+0xac/0xb0)
[    1.931090] [<c04012d8>] (do_DataAbort) from [<c040bbb0>] (__dabt_svc+0x50/0x80)
[    1.931093] Exception stack(0xee6fdec8 to 0xee6fdf10)
[    1.931097] dec0:                   0000014d ee6dd190 fc020000 fc020034 ee6dd190 ee6cfaa4
[    1.931102] dee0: ee1bed80 00000000 c0487f28 c150fecc 00000000 00000000 00000000 ee6fdf18
[    1.931105] df00: c0487f44 c0a1d978 60000013 ffffffff
[    1.931113] [<c040bbb0>] (__dabt_svc) from [<c0a1d978>] (dwc3_omap_interrupt_thread+0x20/0x80)
[    1.931121] [<c0a1d978>] (dwc3_omap_interrupt_thread) from [<c0487f44>] (irq_thread_fn+0x1c/0x34)
[    1.931128] [<c0487f44>] (irq_thread_fn) from [<c0488254>] (irq_thread+0x13c/0x1ec)
[    1.931134] [<c0488254>] (irq_thread) from [<c045d074>] (kthread+0xdc/0xf4)
[    1.931140] [<c045d074>] (kthread) from [<c0407d28>] (ret_from_fork+0x14/0x2c)
[    1.931146] Code: e3a02002 e0431101 eaffff8f e59032f8 (e5130014) 
[    1.931149] ---[ end trace f3c12fee53c7309f ]---
[    1.931152] Fixing recursive fault but reboot is needed!
[    2.876230] mmcblk0: mmc0:0001 SEM04G 3.69 GiB 
[    2.881164] mmcblk0boot0: mmc0:0001 SEM04G partition 1 2.00 MiB
[    2.887534] mmcblk0boot1: mmc0:0001 SEM04G partition 2 2.00 MiB
[    2.894536]  mmcblk0: p1 p2
- 03:44:34 [INFO] Boot attempt 1/1 failed
- 03:44:34 [INFO] Collecting kernel traces via sysrq...
- 03:44:44 [INFO] 
- 03:44:54 [INFO] 
- 03:45:05 [INFO] 
- 03:45:05 [INFO] Disconnected serial from omap5-evm
URL:gtsystest.telogy.design.ti.com/vatf/tigtfarm08/tigtfarm08_vatf@omap5-evm/tigtfarm0809_19_2016_03_40_34/files/session_iteration_1/test_1
