- 07:41:03 [INFO] Starting target session
- 07:41:03 [INFO] Connected to omap5-evm via serial 
- 07:41:03 [INFO] Host: #check prompt
- 07:41:05 [ERROR] On command: #check prompt waiting for #check prompt.+?(?-mix:((?-mix:login:)|[Pp]assword)) >>> error: execution expired
- 07:41:05 [INFO] Target: 
#check prompt
root@omap5-evm:/test# 
- 07:41:05 [INFO] Host: #check prompt
- 07:41:06 [INFO] Target: 
#check prompt
root@omap5-evm:/test# 
- 07:41:06 [INFO] Host: sync;poweroff
- 07:41:20 [INFO] Target: 
sync;poweroff
Broadcast message from rooJjH.]Y[Z.H+
KCRR Sending processes the TERM signal
root@omap5-evm:/test# 
INIT:Stopping Dropbear SSH server: stopped /usr/sbin/dropbear (pid 705)
dropbear.
Stopping telnet daemon.
Stopping system message bus: hwclock: can't open '/dev/misc/rtc': No such file or directory
Error opening /dev/fb0: No such file or directory
Stopping syslogd/klogd: stopped syslogd (pid 716)
stopped klogd (pid 719)
done
Stopping thttpd.
ALSA: Storing mixer settings...
/usr/sbin/alsactl: save_state:1580: No soundcards found...
Deconfiguring network interfaces... done.
Stopping Lighttpd Web Server: stopped /usr/sbin/lighttpd (pid 730)
lighttpd.
Stopping Matrix GUI applicationstart-stop-daemon: warning: killing process 737: No such process
***************************************************************
***************************************************************
NOTICE: This file system contains the followin GPLv3 packages:
	binutils-symlinks
	binutils
	gdbserver
	parted
If you do not wish to distribute GPLv3 components please remove
the above packages prior to distribution.  This can be done using
the opkg remove command.  i.e.:
    opkg remove <package>
Where <package> is the name printed in the list above
NOTE: If the package is a dependency of another package you
      will be notified of the dependent packages.  You should
      use the --force-removal-of-dependent-packages option to
      also remove the dependent packages as well
***************************************************************
***************************************************************
Sending all processes the TERM signal...
Sending all processes the KILL signal...
Unmounting remote filesystems...
Deactivating swap...
Unmounting local filesystems...
[ 1760.590380] EXT4-fs (mmcblk1p2): re-mounted. Opts: data=ordered
[ 1762.828337] reboot: Power down
- 07:41:20 [INFO] Disconnected serial from omap5-evm
- 07:41:25 [INFO] Connected to omap5-evm via serial 
- 07:41:25 [INFO] Host: 
- 07:41:25 [INFO] Target: 
SATA link 0 timeout.
AHCI 0001.0300 32 slots 1 ports 3 Gbps 0x1 impl SATA mode
flags: 64bit ncq stag pm led clo only pmp pio slum part ccc apst 
scanning bus for devices...
Found 0 device(s).
SCSI:  Net:   No ethernet found.
Hit any key to stop autoboot:  1  0 
U-Boot# 
- 07:41:25 [INFO] Host: 
- 07:41:26 [INFO] Target: 
U-Boot# 
- 07:41:26 [INFO] Host: version
- 07:41:26 [INFO] Target: 
version
U-Boot 2014.07-00071-gaca0808 (Oct 02 2014 - 11:23:17)
arm-linux-gnueabihf-gcc (crosstool-NG linaro-1.13.1-4.7-2013.03-20130313 - Linaro GCC 2013.03) 4.7.3 20130226 (prerelease)
GNU ld (crosstool-NG linaro-1.13.1-4.7-2013.03-20130313 - Linaro GCC 2013.03) 2.23.1
U-Boot# 
- 07:41:26 [INFO] Host: setenv bootargs 'console=ttyO2,115200n8 earlyprintk rootwait '
- 07:41:27 [INFO] Target: 
setenv bootargs 'console=ttyO2,115200n8 earlyprintk rootwait '
U-Boot# 
- 07:41:27 [INFO] Host: setenv bootcmd  ''
- 07:41:27 [INFO] Target: 
setenv bootcmd  ''
U-Boot# 
- 07:41:27 [INFO] Host: setenv autoload 'no'
- 07:41:28 [INFO] Target: 
setenv autoload 'no'
U-Boot# 
- 07:41:28 [INFO] Host: setenv serverip '192.168.0.1'
- 07:41:28 [INFO] Target: 
setenv serverip '192.168.0.1'
U-Boot# 
- 07:41:28 [INFO] Host: printenv
- 07:41:29 [INFO] Target: 
printenv
arch=arm
autoload=no
baudrate=115200
board=omap5_uevm
board_name=omap5_uevm
bootargs=console=ttyO2,115200n8 earlyprintk rootwait 
bootcmd=
bootdelay=1
bootdir=/boot
bootfile=zImage
bootm_size=0x10000000
bootpart=0:2
bootscript=echo Running bootscript from mmc${mmcdev} ...; source ${loadaddr}
console=ttyO2,115200n8
cpu=armv7
fdt_addr_r=0x88000000
fdtaddr=0x88000000
fdtfile=undefined
findfdt=if test $board_name = omap5_uevm; then setenv fdtfile omap5-uevm.dtb; fi; if test $board_name = dra7xx; then setenv fdtfile dra7-evm.dtb; fi;if test $board_name = dra72x; then setenv fdtfile dra72-evm.dtb; fi;if test $fdtfile = undefined; then echo WARNING: Could not determine device tree to use; fi; 
importbootenv=echo Importing environment from mmc${mmcdev} ...; env import -t ${loadaddr} ${filesize}
kernel_addr_r=0x82000000
loadaddr=0x82000000
loadbootenv=fatload mmc ${mmcdev} ${loadaddr} uEnv.txt
loadbootscript=fatload mmc ${mmcdev} ${loadaddr} boot.scr
loadfdt=load mmc ${bootpart} ${fdtaddr} ${bootdir}/${fdtfile};
loadimage=load mmc ${bootpart} ${loadaddr} ${bootdir}/${bootfile}
mmcargs=setenv bootargs console=${console} ${optargs} vram=${vram} root=${mmcroot} rootfstype=${mmcrootfstype}
mmcboot=mmc dev ${mmcdev}; if mmc rescan; then echo SD/MMC found on device ${mmcdev};if run loadbootenv; then echo Loaded environment from ${bootenv};run importbootenv;fi;if test -n $uenvcmd; then echo Running uenvcmd ...;run uenvcmd;fi;if run loadimage; then run loadfdt; echo Booting from mmc${mmcdev} ...; run mmcargs; bootz ${loadaddr} - ${fdtaddr}; fi;fi;
mmcdev=0
mmcroot=/dev/mmcblk1p2 rw
mmcrootfstype=ext4 rootwait
partitions=uuid_disk=${uuid_gpt_disk};name=rootfs,start=2MiB,size=-,uuid=${uuid_gpt_rootfs}
ramdisk_addr_r=0x88080000
rdaddr=0x88080000
scsidevs=0
serverip=192.168.0.1
soc=omap5
stderr=serial
stdin=serial
stdout=serial
usbethaddr=02:21:03:ff:09:60
usbtty=cdc_acm
vendor=ti
ver=U-Boot 2014.07-00071-gaca0808 (Oct 02 2014 - 11:23:17)
vram=16M
Environment size: 2052/131067 bytes
U-Boot# 
- 07:41:29 [INFO] Host: usb start
- 07:41:33 [INFO] Target: 
usb start
(Re)start USB...
USB0:   USB EHCI 1.00
scanning bus 0 for devices... 3 USB Device(s) found
       scanning usb for storage devices... 0 Storage Device(s) found
       scanning usb for ethernet devices... 1 Ethernet Device(s) found
U-Boot# 
- 07:41:33 [INFO] Host: printenv
- 07:41:33 [INFO] Target: 
printenv
arch=arm
autoload=no
baudrate=115200
board=omap5_uevm
board_name=omap5_uevm
bootargs=console=ttyO2,115200n8 earlyprintk rootwait 
bootcmd=
bootdelay=1
bootdir=/boot
bootfile=zImage
bootm_size=0x10000000
bootpart=0:2
bootscript=echo Running bootscript from mmc${mmcdev} ...; source ${loadaddr}
console=ttyO2,115200n8
cpu=armv7
ethact=sms0
fdt_addr_r=0x88000000
fdtaddr=0x88000000
fdtfile=undefined
findfdt=if test $board_name = omap5_uevm; then setenv fdtfile omap5-uevm.dtb; fi; if test $board_name = dra7xx; then setenv fdtfile dra7-evm.dtb; fi;if test $board_name = dra72x; then setenv fdtfile dra72-evm.dtb; fi;if test $fdtfile = undefined; then echo WARNING: Could not determine device tree to use; fi; 
importbootenv=echo Importing environment from mmc${mmcdev} ...; env import -t ${loadaddr} ${filesize}
kernel_addr_r=0x82000000
loadaddr=0x82000000
loadbootenv=fatload mmc ${mmcdev} ${loadaddr} uEnv.txt
loadbootscript=fatload mmc ${mmcdev} ${loadaddr} boot.scr
loadfdt=load mmc ${bootpart} ${fdtaddr} ${bootdir}/${fdtfile};
loadimage=load mmc ${bootpart} ${loadaddr} ${bootdir}/${bootfile}
mmcargs=setenv bootargs console=${console} ${optargs} vram=${vram} root=${mmcroot} rootfstype=${mmcrootfstype}
mmcboot=mmc dev ${mmcdev}; if mmc rescan; then echo SD/MMC found on device ${mmcdev};if run loadbootenv; then echo Loaded environment from ${bootenv};run importbootenv;fi;if test -n $uenvcmd; then echo Running uenvcmd ...;run uenvcmd;fi;if run loadimage; then run loadfdt; echo Booting from mmc${mmcdev} ...; run mmcargs; bootz ${loadaddr} - ${fdtaddr}; fi;fi;
mmcdev=0
mmcroot=/dev/mmcblk1p2 rw
mmcrootfstype=ext4 rootwait
partitions=uuid_disk=${uuid_gpt_disk};name=rootfs,start=2MiB,size=-,uuid=${uuid_gpt_rootfs}
ramdisk_addr_r=0x88080000
rdaddr=0x88080000
scsidevs=0
serverip=192.168.0.1
soc=omap5
stderr=serial
stdin=serial
stdout=serial
usbethaddr=02:21:03:ff:09:60
usbtty=cdc_acm
vendor=ti
ver=U-Boot 2014.07-00071-gaca0808 (Oct 02 2014 - 11:23:17)
vram=16M
Environment size: 2066/131067 bytes
U-Boot# 
- 07:41:33 [INFO] Host: setenv bootargs ''${bootargs}' ip=dhcp '
- 07:41:34 [INFO] Target: 
setenv bootargs ''${bootargs}' ip=dhcp '
U-Boot# 
- 07:41:34 [INFO] Host: setenv serverip '192.168.0.1'
- 07:41:34 [INFO] Target: 
setenv serverip '192.168.0.1'
U-Boot# 
- 07:41:34 [INFO] Host: setenv ipaddr dhcp
- 07:41:35 [INFO] Target: 
setenv ipaddr dhcp
U-Boot# 
- 07:41:35 [INFO] Host: setenv autoload 'no'
- 07:41:35 [INFO] Target: 
setenv autoload 'no'
U-Boot# 
- 07:41:35 [INFO] Host: dhcp
- 07:41:38 [INFO] Target: 
dhcp
Waiting for Ethernet connection... done.
BOOTP broadcast 1
DHCP client bound to address 192.168.0.111
U-Boot# 
- 07:41:38 [INFO] Host: setenv serverip '192.168.0.1'
- 07:41:39 [INFO] Target: 
setenv serverip '192.168.0.1'
U-Boot# 
- 07:41:39 [INFO] Host: tftp ${loadaddr} 192.168.0.1:vatf_omap5-evm/f9d4c80b903ba8de5bfc3be193650e07
- 07:41:42 [INFO] Target: 
tftp ${loadaddr} 192.168.0.1:vatf_omap5-evm/f9d4c80b903ba8de5bfc3be193650e07
Waiting for Ethernet connection... done.
Using sms0 device
TFTP from server 192.168.0.1; our IP address is 192.168.0.111
Filename 'vatf_omap5-evm/f9d4c80b903ba8de5bfc3be193650e07'.
Load address: 0x82000000
Loading: *#################################################################
	 #################################################################
	 #################################################################
	 #################################################################
	 #################################################################
	 ######################################
	 2.8 MiB/s
done
Bytes transferred = 5325656 (514358 hex)
U-Boot# 
- 07:41:42 [INFO] Host: tftp ${fdt_addr_r} 192.168.0.1:vatf_omap5-evm/e0689135c7368afe0255285ac4082daf
- 07:41:44 [INFO] Target: 
tftp ${fdt_addr_r} 192.168.0.1:vatf_omap5-evm/e0689135c7368afe0255285ac4082daf
Waiting for Ethernet connection... done.
Using sms0 device
TFTP from server 192.168.0.1; our IP address is 192.168.0.111
Filename 'vatf_omap5-evm/e0689135c7368afe0255285ac4082daf'.
Load address: 0x88000000
Loading: *####
	 2.5 MiB/s
done
Bytes transferred = 50270 (c45e hex)
U-Boot# 
- 07:41:44 [INFO] Host: ls mmc 0:1
- 07:41:45 [INFO] Target: 
ls mmc 0:1
    62048   mlo 
   304288   u-boot.img 
  1867895   u-boot 
            old_uboot/
   304240   u-boot.bin 
   704856   u-boot-spl 
    61536   u-boot-spl.bin 
      259   uboot_build.txt 
7 file(s), 1 dir(s)
U-Boot# 
- 07:41:45 [INFO] Host: ls mmc 0:2
- 07:41:45 [INFO] Target: 
ls mmc 0:2
<DIR>       4096 .
<DIR>       4096 ..
<DIR>       4096 bin
<DIR>       4096 boot
<DIR>       4096 dev
<DIR>       4096 etc
<DIR>       4096 home
<DIR>       4096 lib
<DIR>       4096 media
<DIR>       4096 mnt
<DIR>       4096 opt
<DIR>       4096 proc
<SYM>          8 run
<DIR>       4096 sbin
<DIR>       4096 srv
<DIR>       4096 sys
<SYM>          8 tmp
<DIR>       4096 usr
<DIR>       4096 var
<DIR>       4096 www
<DIR>       4096 Settings
<DIR>       4096 test
U-Boot# 
- 07:41:45 [INFO] Host: part uuid mmc 0:2
- 07:41:46 [INFO] Target: 
part uuid mmc 0:2
00000000-02
U-Boot# 
- 07:41:46 [INFO] Host: printenv
- 07:41:46 [INFO] Target: 
printenv
arch=arm
autoload=no
baudrate=115200
board=omap5_uevm
board_name=omap5_uevm
bootargs=console=ttyO2,115200n8 earlyprintk rootwait  ip=dhcp 
bootcmd=
bootdelay=1
bootdir=/boot
bootfile=zImage
bootm_size=0x10000000
bootpart=0:2
bootscript=echo Running bootscript from mmc${mmcdev} ...; source ${loadaddr}
console=ttyO2,115200n8
cpu=armv7
dnsip=192.0.2.2
ethact=sms0
fdt_addr_r=0x88000000
fdtaddr=0x88000000
fdtfile=undefined
fileaddr=88000000
filesize=c45e
findfdt=if test $board_name = omap5_uevm; then setenv fdtfile omap5-uevm.dtb; fi; if test $board_name = dra7xx; then setenv fdtfile dra7-evm.dtb; fi;if test $board_name = dra72x; then setenv fdtfile dra72-evm.dtb; fi;if test $fdtfile = undefined; then echo WARNING: Could not determine device tree to use; fi; 
gatewayip=192.168.0.1
importbootenv=echo Importing environment from mmc${mmcdev} ...; env import -t ${loadaddr} ${filesize}
ipaddr=192.168.0.111
kernel_addr_r=0x82000000
loadaddr=0x82000000
loadbootenv=fatload mmc ${mmcdev} ${loadaddr} uEnv.txt
loadbootscript=fatload mmc ${mmcdev} ${loadaddr} boot.scr
loadfdt=load mmc ${bootpart} ${fdtaddr} ${bootdir}/${fdtfile};
loadimage=load mmc ${bootpart} ${loadaddr} ${bootdir}/${bootfile}
mmcargs=setenv bootargs console=${console} ${optargs} vram=${vram} root=${mmcroot} rootfstype=${mmcrootfstype}
mmcboot=mmc dev ${mmcdev}; if mmc rescan; then echo SD/MMC found on device ${mmcdev};if run loadbootenv; then echo Loaded environment from ${bootenv};run importbootenv;fi;if test -n $uenvcmd; then echo Running uenvcmd ...;run uenvcmd;fi;if run loadimage; then run loadfdt; echo Booting from mmc${mmcdev} ...; run mmcargs; bootz ${loadaddr} - ${fdtaddr}; fi;fi;
mmcdev=0
mmcroot=/dev/mmcblk1p2 rw
mmcrootfstype=ext4 rootwait
netmask=255.255.255.0
partitions=uuid_disk=${uuid_gpt_disk};name=rootfs,start=2MiB,size=-,uuid=${uuid_gpt_rootfs}
ramdisk_addr_r=0x88080000
rdaddr=0x88080000
scsidevs=0
serverip=192.168.0.1
soc=omap5
stderr=serial
stdin=serial
stdout=serial
usbethaddr=02:21:03:ff:09:60
usbtty=cdc_acm
vendor=ti
ver=U-Boot 2014.07-00071-gaca0808 (Oct 02 2014 - 11:23:17)
vram=16M
Environment size: 2200/131067 bytes
U-Boot# 
- 07:41:46 [INFO] Host: setenv bootargs ''${bootargs}' root=PARTUUID=00000000-02 rw rootfstype=ext4 rootwait '
- 07:41:47 [INFO] Target: 
setenv bootargs ''${bootargs}' root=PARTUUID=00000000-02 rw rootfstype=ext4 rootwait '
U-Boot# 
- 07:41:47 [INFO] Host: printenv
- 07:41:47 [INFO] Target: 
printenv
arch=arm
autoload=no
baudrate=115200
board=omap5_uevm
board_name=omap5_uevm
bootargs=console=ttyO2,115200n8 earlyprintk rootwait  ip=dhcp  root=PARTUUID=00000000-02 rw rootfstype=ext4 rootwait 
bootcmd=
bootdelay=1
bootdir=/boot
bootfile=zImage
bootm_size=0x10000000
bootpart=0:2
bootscript=echo Running bootscript from mmc${mmcdev} ...; source ${loadaddr}
console=ttyO2,115200n8
cpu=armv7
dnsip=192.0.2.2
ethact=sms0
fdt_addr_r=0x88000000
fdtaddr=0x88000000
fdtfile=undefined
fileaddr=88000000
filesize=c45e
findfdt=if test $board_name = omap5_uevm; then setenv fdtfile omap5-uevm.dtb; fi; if test $board_name = dra7xx; then setenv fdtfile dra7-evm.dtb; fi;if test $board_name = dra72x; then setenv fdtfile dra72-evm.dtb; fi;if test $fdtfile = undefined; then echo WARNING: Could not determine device tree to use; fi; 
gatewayip=192.168.0.1
importbootenv=echo Importing environment from mmc${mmcdev} ...; env import -t ${loadaddr} ${filesize}
ipaddr=192.168.0.111
kernel_addr_r=0x82000000
loadaddr=0x82000000
loadbootenv=fatload mmc ${mmcdev} ${loadaddr} uEnv.txt
loadbootscript=fatload mmc ${mmcdev} ${loadaddr} boot.scr
loadfdt=load mmc ${bootpart} ${fdtaddr} ${bootdir}/${fdtfile};
loadimage=load mmc ${bootpart} ${loadaddr} ${bootdir}/${bootfile}
mmcargs=setenv bootargs console=${console} ${optargs} vram=${vram} root=${mmcroot} rootfstype=${mmcrootfstype}
mmcboot=mmc dev ${mmcdev}; if mmc rescan; then echo SD/MMC found on device ${mmcdev};if run loadbootenv; then echo Loaded environment from ${bootenv};run importbootenv;fi;if test -n $uenvcmd; then echo Running uenvcmd ...;run uenvcmd;fi;if run loadimage; then run loadfdt; echo Booting from mmc${mmcdev} ...; run mmcargs; bootz ${loadaddr} - ${fdtaddr}; fi;fi;
mmcdev=0
mmcroot=/dev/mmcblk1p2 rw
mmcrootfstype=ext4 rootwait
netmask=255.255.255.0
partitions=uuid_disk=${uuid_gpt_disk};name=rootfs,start=2MiB,size=-,uuid=${uuid_gpt_rootfs}
ramdisk_addr_r=0x88080000
rdaddr=0x88080000
scsidevs=0
serverip=192.168.0.1
soc=omap5
stderr=serial
stdin=serial
stdout=serial
usbethaddr=02:21:03:ff:09:60
usbtty=cdc_acm
vendor=ti
ver=U-Boot 2014.07-00071-gaca0808 (Oct 02 2014 - 11:23:17)
vram=16M
Environment size: 2255/131067 bytes
U-Boot# 
- 07:41:47 [INFO] Host: setenv bootcmd ''${bootcmd}' if iminfo ${loadaddr}; then bootm ${loadaddr} - ${fdt_addr_r}; else bootz ${loadaddr} - ${fdt_addr_r}; bootm ${loadaddr} - ${fdt_addr_r}; fi'
- 07:41:48 [INFO] Target: 
setenv bootcmd ''${bootcmd}' if iminfo ${loadaddr}; then bootm ${loadaddr} - ${fdt_addr_r}; else bootz ${loadaddr} - ${fdt_addr_r}; bootm ${loadaddr} - ${fdt_addr_r}; fi'
U-Boot# 
- 07:41:48 [INFO] Host: bdinfo
- 07:41:48 [INFO] Target: 
bdinfo
arch_number = 0x00000EC1
boot_params = 0x80000100
DRAM bank   = 0x00000000
-> start    = 0x80000000
-> size     = 0x7F000000
eth0name    = sms0
ethaddr     = (not set)
current eth = sms0
ip_addr     = 192.168.0.111
baudrate    = 115200 bps
TLB addr    = 0xFEFF0000
relocaddr   = 0xFEF61000
reloc off   = 0x7E761000
irq_sp      = 0xFDF40EE0
sp start    = 0xFDF40ED0
U-Boot# 
- 07:41:48 [INFO] Host: boot
- 07:42:02 [INFO] Target: 
boot
## Checking Image at 82000000 ...
Unknown image format!
Kernel image @ 0x82000000 [ 0x000000 - 0x514358 ]
## Flattened Device Tree blob at 88000000
   Booting using the fdt blob at 0x88000000
   Loading Device Tree to 8fff0000, end 8ffff45d ... OK
Starting kernel ...
[    0.000000] Booting Linux on physical CPU 0x0
[    0.000000] Linux version 3.18.0-rc3-next-20141110-00002-g41cdba9 (nmenon@kahuna) (gcc version 4.6.3 (Ubuntu/Linaro 4.6.3-1ubuntu5) ) #1 SMP Mon Nov 10 06:39:12 CST 2014
[    0.000000] CPU: ARMv7 Processor [412fc0f2] revision 2 (ARMv7), cr=30c5387d
[    0.000000] CPU: PIPT / VIPT nonaliasing data cache, PIPT instruction cache
[    0.000000] Machine model: TI OMAP5 uEVM board
[    0.000000] cma: Reserved 64 MiB at 0x00000000fa800000
[    0.000000] Forcing write-allocate cache policy for SMP
[    0.000000] Memory policy: Data cache writealloc
[    0.000000] OMAP5432 ES2.0
[    0.000000] PERCPU: Embedded 10 pages/cpu @ee7ce000 s8448 r8192 d24320 u40960
[    0.000000] Built 1 zonelists in Zone order, mobility grouping on.  Total pages: 518160
[    0.000000] Kernel command line: console=ttyO2,115200n8 earlyprintk rootwait  ip=dhcp  root=PARTUUID=00000000-02 rw rootfstype=ext4 rootwait 
[    0.000000] PID hash table entries: 4096 (order: 2, 16384 bytes)
[    0.000000] Dentry cache hash table entries: 131072 (order: 7, 524288 bytes)
[    0.000000] Inode-cache hash table entries: 65536 (order: 6, 262144 bytes)
[    0.000000] Memory: 1983956K/2078720K available (6929K kernel code, 974K rwdata, 2824K rodata, 748K init, 317K bss, 29228K reserved, 65536K cma-reserved, 1234944K highmem)
[    0.000000] Virtual kernel memory layout:
[    0.000000]     vector  : 0xffff0000 - 0xffff1000   (   4 kB)
[    0.000000]     fixmap  : 0xffc00000 - 0xffe00000   (2048 kB)
[    0.000000]     vmalloc : 0xf0000000 - 0xff000000   ( 240 MB)
[    0.000000]     lowmem  : 0xc0000000 - 0xef800000   ( 760 MB)
[    0.000000]     pkmap   : 0xbfe00000 - 0xc0000000   (   2 MB)
[    0.000000]     modules : 0xbf000000 - 0xbfe00000   (  14 MB)
[    0.000000]       .text : 0xc0208000 - 0xc0b8e894   (9755 kB)
[    0.000000]       .init : 0xc0b8f000 - 0xc0c4a000   ( 748 kB)
[    0.000000]       .data : 0xc0c4a000 - 0xc0d3d920   ( 975 kB)
[    0.000000]        .bss : 0xc0d3d920 - 0xc0d8cfe0   ( 318 kB)
[    0.000000] SLUB: HWalign=64, Order=0-3, MinObjects=0, CPUs=2, Nodes=1
[    0.000000] Hierarchical RCU implementation.
[    0.000000] 	RCU restricting CPUs from NR_CPUS=8 to nr_cpu_ids=2.
[    0.000000] RCU: Adjusting geometry for rcu_fanout_leaf=16, nr_cpu_ids=2
[    0.000000] NR_IRQS:16 nr_irqs:16 16
[    0.000000] OMAP clockevent source: timer1 at 32768 Hz
[    0.000000] sched_clock: 32 bits at 32kHz, resolution 30517ns, wraps every 65536000000000ns
[    0.000000] OMAP clocksource: 32k_counter at 32768 Hz
[    0.000366] Architected cp15 timer(s) running at 6.14MHz (virt).
[    0.000370] sched_clock: 56 bits at 6MHz, resolution 162ns, wraps every 2796202663936ns
[    0.000381] Switching to timer-based delay loop, resolution 162ns
[    0.003429] Console: colour dummy device 80x30
[    0.003447] Calibrating delay loop (skipped), value calculated using timer frequency.. 12.28 BogoMIPS (lpj=30720)
[    0.003458] pid_max: default: 32768 minimum: 301
[    0.003544] Mount-cache hash table entries: 2048 (order: 1, 8192 bytes)
[    0.003552] Mountpoint-cache hash table entries: 2048 (order: 1, 8192 bytes)
[    0.003951] CPU: Testing write buffer coherency: ok
[    0.004098] /cpus/cpu@0 missing clock-frequency property
[    0.004111] /cpus/cpu@1 missing clock-frequency property
[    0.004120] CPU0: thread -1, cpu 0, socket 0, mpidr 80000000
[    0.004150] Setting up static identity map for 0x8088c790 - 0x8088c828
[    0.006239] CPU1: Booted secondary processor
[    0.006260] CPU1: thread -1, cpu 1, socket 0, mpidr 80000001
[    0.006309] Brought up 2 CPUs
[    0.006320] SMP: Total of 2 processors activated.
[    0.006326] CPU: All CPU(s) started in SVC mode.
[    0.006667] devtmpfs: initialized
[    0.010131] VFP support v0.3: implementor 41 architecture 4 part 30 variant f rev 0
[    0.010646] omap_hwmod: l3_main_3 using broken dt data from ocp
[    0.011075] omap_hwmod: l3_main_2 using broken dt data from ocp
[    0.037146] omap_hwmod: dss_dispc: cannot be enabled for reset (3)
[    0.039650] omap_hwmod: dss_dsi1: cannot be enabled for reset (3)
[    0.042163] omap_hwmod: dss_dsi2: cannot be enabled for reset (3)
[    0.044669] omap_hwmod: dss_hdmi: cannot be enabled for reset (3)
[    0.047180] omap_hwmod: dss_rfbi: cannot be enabled for reset (3)
[    0.086816] pinctrl core: initialized pinctrl subsystem
[    0.086882] Driver 'abx500-gpio' needs an owner
[    0.086923] Driver 'gpio' needs an ownerDriver 'pinctrl-nomadik' needs an owner
[    0.087067] Driver 'reg-dummy' needs an ownerDriver 'vexpress-syscfg' needs an owner
[    0.087305] Driver 'db8500-prcmu' needs an ownerDriver 'ab8500-core' needs an owner
[    0.087531] Driver 'vexpress-sysreg' needs an ownerDriver 'gcc-apq8084' needs an owner
[    0.098477] Driver 'gcc-msm8660' needs an ownerDriver 'gcc-msm8960' needs an owner
[    0.098546] Driver 'gcc-msm8974' needs an ownerDriver 'exynos-audss-clk' needs an owner
[    0.098616] Driver 'vexpress-osc' needs an owner[    0.098879] NET: Registered protocol family 16
[    0.100414] DMA: preallocated 256 KiB pool for atomic coherent allocations
[    0.100708] Driver 'imx-mmdc' needs an owner
[    0.100771] Driver 'omap-gpmc' needs an ownerDriver 'sirfsoc-rtciobrg' needs an owner
[    0.101002] Driver 'rockchip-pinctrl' needs an ownerDriver 'samsung-pinctrl' needs an owner
[    0.101076] Driver 'exynos5440-pinctrl' needs an ownerDriver 'gpio-mxc' needs an owner
[    0.101173] Driver 'omap_gpio' needs an ownerDriver 'tegra-gpio' needs an owner
[    0.101243] Driver 'zynq-gpio' needs an ownerDriver 'tegra_fuse' needs an owner
[    0.101427] Driver 'tegra20_fuse' needs an ownerDriver 'sram' needs an owner
[    0.101664] Driver 'syscon' needs an ownerDriver 'mxs_phy' needs an owner
[    0.101821] Driver 'dummy' needs an owner[    0.115411] cpuidle: using governor ladder
[    0.130427] cpuidle: using governor menu
[    0.130458] Driver 'omap_l3_smx' needs an owner
[    0.130504] Driver 'omap_l3_noc' needs an owner[    0.133699] OMAP GPIO hardware version 0.1
[    0.137067] platform 50000000.gpmc: Cannot lookup hwmod 'gpmc'
[    0.137156] omap-gpmc 50000000.gpmc: _od_fail_runtime_resume: FIXME: missing hwmod/omap_dev info
[    0.137166] omap-gpmc 50000000.gpmc: GPMC revision 6.0
[    0.148163] No ATAGs?
[    0.148186] hw-breakpoint: found 5 (+1 reserved) breakpoint and 4 watchpoint registers.
[    0.148193] hw-breakpoint: maximum watchpoint size is 8 bytes.
[    0.148207] Driver 'edma' needs an owner
[    0.148347] EXYNOS: PMU not supported
[    0.149139] Driver 'omap_dma_system' needs an owner
[    0.149351] OMAP DMA hardware revision 0.0
[    0.149388] Driver 'pinmux-sirf' needs an owner
[    0.149556] Driver 'st-pinctrl' needs an ownerDriver 'imx51-pinctrl' needs an owner
[    0.150032] Driver 'imx53-pinctrl' needs an ownerDriver 'imx6q-pinctrl' needs an owner
[    0.150278] Driver 'imx6dl-pinctrl' needs an ownerDriver 'imx6sl-pinctrl' needs an owner
[    0.150545] Driver 'vf610-pinctrl' needs an ownerDriver 'apq8084-pinctrl' needs an owner
[    0.150794] Driver 'spear1310-pinmux' needs an ownerDriver 'spear1340-pinmux' needs an owner
[    0.151104] Driver 'db8500-prcmu-regulators' needs an ownerDriver 'reset-stih415' needs an owner
[    0.151569] Driver 'reset-stih416' needs an owner[    0.151713] Serial: AMBA PL011 UART driver
[    0.151719] Driver 'uart-pl011' needs an owner
[    0.151755] Driver 'ab8500-sysctrl' needs an ownerDriver 'abx500-clk' needs an owner
[    0.152328] Driver 'sirfsoc_rstc' needs an ownerDriver 'omap-control-phy' needs an owner
[    0.171767] Driver 'spear-plgpio' needs an ownerDriver 'pca953x' needs an owner
[    0.171947] Driver 'spear-spics-gpio' needs an ownerDriver 'palmas-gpio' needs an owner
[    0.172264] Driver 'tps6586x-gpio' needs an ownerDriver 'tps65910-gpio' needs an owner
[    0.172422] Driver 'twl4030_gpio' needs an ownerDriver 'dw_dmac' needs an owner
[    0.172848] Driver 'ipu-core' needs an ownerDriver 'imx-dma' needs an owner
[    0.173100] Driver 'mxs-dma' needs an ownerDriver 'sirfsoc_dma' needs an owner
[    0.173430] Driver 'edma-dma-engine' needs an ownerDriver 'dma40' needs an owner
[    0.173633] Driver 'omap-dma-engine' needs an owner[    0.182067] omap-dma-engine 4a056000.dma-controller: OMAP DMA engine driver
[    0.182269] Driver 'reg-fixed-voltage' needs an owner
[    0.182570] Driver 'ab8500-ext-regulator' needs an ownerDriver 'ab8500-regulator' needs an owner
[    0.182726] Driver 'gpio-regulator' needs an ownerDriver 'max8907-regulator' needs an owner
[    0.182925] Driver 'palmas-pmic' needs an ownerDriver 'tps51632' needs an owner
[    0.183244] Driver 's2mps11-pmic' needs an ownerDriver 's5m8767-pmic' needs an owner
[    0.183398] Driver 'tps62360' needs an ownerDriver 'tps65090-pmic' needs an owner
[    0.183504] Driver 'tps6586x-regulator' needs an ownerDriver 'tps65910-pmic' needs an owner
[    0.183652] Driver 'twl_reg' needs an owner[    0.184821] vgaarb: loaded
[    0.184834] Driver 'stmpe-i2c' needs an owner
[    0.184869] Driver 'tps65910' needs an ownerDriver 'max8907' needs an owner
[    0.184935] Driver 'ab8500-debug' needs an ownerDriver 'tps6586x' needs an owner
[    0.185047] Driver 'tps65090' needs an ownerDriver 'palmas' needs an owner
[    0.185117] Driver 'sec_pmic' needs an owner[    0.185378] SCSI subsystem initialized
[    0.185520] Driver 'ssp-pl022' needs an owner
[    0.185596] Driver 'Generic PHY' needs an ownerDriver 'Generic 10G PHY' needs an owner
[    0.185702] Driver 'usbfs' needs an owner[    0.185756] usbcore: registered new interface driver usbfs
[    0.185764] Driver 'hub' needs an owner
[    0.185810] usbcore: registered new interface driver hub
[    0.185829] Driver 'usb' needs an owner
[    0.185858] usbcore: registered new device driver usb
[    0.185868] Driver 'abx5x0-usb' needs an owner
[    0.185961] Driver 'usb_phy_generic' needs an owner[    0.186123] hsusb2_phy supply vcc not found, using dummy regulator
[    0.186235] hsusb3_phy supply vcc not found, using dummy regulator
[    0.186390] Driver 'i2c_designware' needs an owner
[    0.186520] Driver 'nmk-i2c' needs an ownerDriver 'omap_i2c' needs an owner
[    0.186636] omap_i2c 48070000.i2c: could not find pctldev for node /ocp/pinmux@4a002840/pinmux_i2c1_pins, deferring probe
[    0.186649] platform 48070000.i2c: Driver omap_i2c requests probe deferral
[    0.186881] omap_i2c 48072000.i2c: bus 1 rev0.12 at 100 kHz
[    0.187117] omap_i2c 48060000.i2c: bus 2 rev0.12 at 100 kHz
[    0.187343] omap_i2c 4807a000.i2c: bus 3 rev0.12 at 100 kHz
[    0.187378] omap_i2c 4807c000.i2c: could not find pctldev for node /ocp/pinmux@4a002840/pinmux_i2c5_pins, deferring probe
[    0.187389] platform 4807c000.i2c: Driver omap_i2c requests probe deferral
[    0.187531] Driver 'tegra-i2c' needs an owner
[    0.187712] Linux video capture interface: v2.00
[    0.187747] pps_core: LinuxPPS API ver. 1 registered
[    0.187753] pps_core: Software ver. 5.3.6 - Copyright 2005-2007 Rodolfo Giometti <giometti@linux.it>
[    0.187775] PTP clock support registered
[    0.187804] Driver 'brcmstb-reboot' needs an owner
[    0.187972] EDAC MC: Ver: 3.0.0
[    0.188279] Driver 'tegra-gart' needs an owner
[    0.188410] Driver 'tegra-smmu' needs an owner[    0.188625] Advanced Linux Sound Architecture Driver Initialized.
[    0.189145] Driver 'ab8500-gpadc' needs an owner
[    0.189383] Switched to clocksource arch_sys_counter
[    0.195978] Driver 'usbhs_tll' needs an owner
[    0.196635] NET: Registered protocol family 2
[    0.197052] TCP established hash table entries: 8192 (order: 3, 32768 bytes)
[    0.197113] TCP bind hash table entries: 8192 (order: 4, 65536 bytes)
[    0.197244] TCP: Hash tables configured (established 8192 bind 8192)
[    0.197283] TCP: reno registered
[    0.197292] UDP hash table entries: 512 (order: 2, 16384 bytes)
[    0.197321] UDP-Lite hash table entries: 512 (order: 2, 16384 bytes)
[    0.197446] NET: Registered protocol family 1
[    0.197616] RPC: Registered named UNIX socket transport module.
[    0.197623] RPC: Registered udp transport module.
[    0.197628] RPC: Registered tcp transport module.
[    0.197634] RPC: Registered tcp NFSv4.1 backchannel transport module.
[    0.197658] Driver 'usbhs_omap' needs an owner
[    0.222449] Driver 'arm-pmu' needs an owner[    0.222530] hw perfevents: enabled with armv7_cortex_a15 PMU driver, 7 counters available
[    0.222879] Driver 'omap_timer' needs an owner
[    0.223736] Driver 'alarmtimer' needs an owner[    0.224180] futex hash table entries: 512 (order: 3, 32768 bytes)
[    0.233173] squashfs: version 4.0 (2009/01/31) Phillip Lougher
[    0.233726] NFS: Registering the id_resolver key type
[    0.233749] Key type id_resolver registered
[    0.233755] Key type id_legacy registered
[    0.234098] bounce: pool size: 64 pages
[    0.234257] Block layer SCSI generic (bsg) driver version 0.4 loaded (major 249)
[    0.234269] io scheduler noop registered
[    0.234280] io scheduler deadline registered
[    0.234441] io scheduler cfq registered (default)
[    0.234467] Driver 'brcm-gisb-arb' needs an owner
[    0.234634] Driver 'omap-ocp2scp' needs an ownerDriver 'exynos-dp-video-phy' needs an owner
[    0.235736] Driver 'exynos-mipi-video-phy' needs an ownerDriver 'phy-mvebu-sata' needs an owner
[    0.236002] Driver 'miphy365x-phy' needs an ownerDriver 'omap-usb2' needs an owner
[    0.236567] Driver 'ti-pipe3' needs an ownerDriver 'sun4i-usb-phy' needs an owner
[    0.237336] Driver 'spear1310-miphy' needs an ownerDriver 'spear1340-miphy' needs an owner
[    0.237601] Driver 'as3722-pinctrl' needs an ownerDriver 'palmas-pinctrl' needs an owner
[    0.237910] Driver 'pinctrl-single' needs an owner[    0.238368] pinctrl-single 4a002840.pinmux: 219 pins at pa fc002840 size 438
[    0.238534] pinctrl-single 4ae0c840.pinmux: 28 pins at pa fce0c840 size 56
[    0.238778] Driver 'tegra20-pinctrl' needs an owner
[    0.238915] Driver 'tegra30-pinctrl' needs an ownerDriver 'tegra114-pinctrl' needs an owner
[    0.239179] Driver 'tegra124-pinctrl' needs an ownerDriver 'tegra-xusb-padctl' needs an owner
[    0.239463] Driver 'berlin-bg2-pinctrl' needs an ownerDriver 'berlin-bg2cd-pinctrl' needs an owner
[    0.239767] Driver 'berlin-bg2q-pinctrl' needs an ownerDriver 'dove-pinctrl' needs an owner
[    0.240053] Driver 'armada-370-pinctrl' needs an ownerDriver 'armada-375-pinctrl' needs an owner
[    0.240318] Driver 'armada-38x-pinctrl' needs an ownerDriver 'armada-xp-pinctrl' needs an owner
[    0.240667] Driver 'sun4i-pinctrl' needs an ownerDriver 'sun5i-a10s-pinctrl' needs an owner
[    0.240932] Driver 'sun5i-a13-pinctrl' needs an ownerDriver 'sun6i-a31-pinctrl' needs an owner
[    0.241197] Driver 'sun6i-a31-r-pinctrl' needs an ownerDriver 'sun7i-a20-pinctrl' needs an owner
[    0.241462] Driver 'sun8i-a23-pinctrl' needs an ownerDriver 'sun8i-a23-r-pinctrl' needs an owner
[    0.241727] Driver 'sun9i-a80-pinctrl' needs an ownerDriver 'basic-mmio-gpio' needs an owner
[    0.241943] Driver 'bcm-kona-gpio' needs an ownerDriver 'gpio-dwapb' needs an owner
[    0.242209] Driver 'mvebu-gpio' needs an ownerDriver 'pl061_gpio' needs an owner
[    0.242415] Driver 'gpio-vf610' needs an ownerDriver 'tegra-pwm' needs an owner
[    0.242702] Driver 'vt8500-pwm' needs an ownerDriver 'pcieport' needs an owner
[    0.242922] Driver 'aer' needs an ownerDriver 'pcie_pme' needs an owner
[    0.242982] Driver 'mvebu-pcie' needs an ownerDriver 'tegra-pcie' needs an owner
[    0.243404] Driver 'generic-bl' needs an ownerDriver 'pwm-backlight' needs an owner
[    0.243619] Driver 'clcd-pl11x' needs an ownerDriver 'wm8505-fb' needs an owner
[    0.243777] Driver 'mx3_sdc_fb' needs an ownerDriver 'simple-framebuffer' needs an owner
[    0.243984] Driver 'tegra-ahb' needs an ownerDriver 'mv_xor' needs an owner
[    0.244262] Driver 'imx-sdma' needs an ownerDriver 'tegra-apbdma' needs an owner
[    0.244694] Driver 'dma-pl330' needs an ownerDriver 'xilinx-vdma' needs an owner
[    0.244857] Driver 'gsbi' needs an ownerDriver 'tegra-pmc' needs an owner
[    0.245167] Driver 'as3722-regulator' needs an ownerDriver 'bcm590xx-vregs' needs an owner
[    0.245377] Driver 'vexpress-regulator' needs an ownerDriver 'socfpga-reset' needs an owner
[    0.245636] Driver 'sunxi-reset' needs an owner[    0.289340] Serial: 8250/16550 driver, 4 ports, IRQ sharing disabled
[    0.290281] Driver 'serial8250' needs an owner
[    0.290425] Driver 'serial' needs an ownerDriver 'dw-apb-uart' needs an owner
[    0.290664] Driver 'samsung-uart' needs an ownerDriver 'imx-uart' needs an owner
[    0.291098] Driver 'meson_uart' needs an ownerDriver 'msm_serial' needs an owner
[    0.291385] msm_serial: driver initialized
[    0.291397] Driver 'of_serial' needs an owner
[    0.291758] Driver 'omap_uart' needs an owner[    0.291939] omap_uart 4806a000.serial: no wakeirq for uart0
[    0.292028] omap_uart 4806a000.serial: ttyO0 at MMIO 0x4806a000 (irq = 104, base_baud = 3000000) is a OMAP UART0
[    0.292281] omap_uart 4806c000.serial: no wakeirq for uart0
[    0.292353] omap_uart 4806c000.serial: ttyO1 at MMIO 0x4806c000 (irq = 105, base_baud = 3000000) is a OMAP UART1
[    0.292622] omap_uart 48020000.serial: no wakeirq for uart0
[    0.292697] omap_uart 48020000.serial: ttyO2 at MMIO 0x48020000 (irq = 106, base_baud = 3000000) is a OMAP UART2
[    1.899230] console [ttyO2] enabled
[    1.903135] omap_uart 4806e000.serial: no wakeirq for uart0
[    1.909047] omap_uart 4806e000.serial: ttyO3 at MMIO 0x4806e000 (irq = 102, base_baud = 3000000) is a OMAP UART3
[    1.919950] omap_uart 48066000.serial: no wakeirq for uart0
[    1.925842] omap_uart 48066000.serial: ttyO4 at MMIO 0x48066000 (irq = 137, base_baud = 3000000) is a OMAP UART4
[    1.936730] omap_uart 48068000.serial: no wakeirq for uart0
[    1.942618] omap_uart 48068000.serial: ttyO5 at MMIO 0x48068000 (irq = 138, base_baud = 3000000) is a OMAP UART5
[    1.953562] STMicroelectronics ASC driver initialized
[    1.958859] Driver 'st-asc' needs an owner
[    1.963110] Driver 'vt8500_serial' needs an ownerDriver 'xuartps' needs an owner
[    1.971187] Driver 'sirfsoc-uart' needs an ownerDriver 'serial-tegra' needs an owner
[    1.979653] Driver 'fsl-lpuart' needs an owner[    1.984489] [drm] Initialized drm 1.1.0 20060810
[    1.989316] Driver 'hdmi_msm' needs an owner
[    1.993770] Driver 'adreno' needs an ownerDriver 'msm' needs an owner
[    2.000828] Driver 'tegra-dc' needs an ownerDriver 'tegra-dsi' needs an owner
[    2.008596] Driver 'tegra-sor' needs an ownerDriver 'tegra-hdmi' needs an owner
[    2.016573] Driver 'tegra-dpaux' needs an ownerDriver 'tegra-gr2d' needs an owner
[    2.024689] Driver 'tegra-gr3d' needs an ownerDriver 'panel-simple' needs an owner
[    2.033227] Driver 'panel-simple-dsi' needs an ownerDriver 'tegra-host1x' needs an owner
[    2.041964] Driver 'tegra-mipi' needs an owner[    2.049430] loop: module loaded
[    2.052715] Driver 'ad_dpot' needs an owner
[    2.056950] Driver 'ics932s401' needs an ownerDriver 'apds9802als' needs an owner
[    2.064869] Driver 'isl29003' needs an ownerDriver 'at24' needs an owner
[    2.071949] Driver 'sunxi-sid' needs an ownerDriver 'bcm590xx' needs an owner
[    2.079636] Driver 'cros-ec-spi' needs an ownerDriver 'sun6i-prcm' needs an owner
[    2.087656] Driver 'twl' needs an ownerDriver 'twl4030_power' needs an owner
[    2.095288] Driver 'as3722' needs an ownerDriver 'sd' needs an owner
[    2.102054] Driver 'sr' needs an ownerDriver 'ahci' needs an owner
[    2.108615] Driver 'ahci' needs an owner[    2.113048] ahci 4a140000.sata: SSS flag set, parallel bus scan disabled
[    2.120090] ahci 4a140000.sata: AHCI 0001.0300 32 slots 1 ports 3 Gbps 0x1 impl platform mode
[    2.129020] ahci 4a140000.sata: flags: 64bit ncq sntf stag pm led clo only pmp pio slum part ccc apst 
[    2.139463] scsi host0: ahci_platform
[    2.143520] ata1: SATA max UDMA/133 mmio [mem 0x4a140000-0x4a1410ff] port 0x100 irq 86
[    2.151889] Driver 'highbank-ahci' needs an owner
[    2.156778] Driver 'ahci-sunxi' needs an ownerDriver 'st_ahci' needs an owner
[    2.164532] Driver 'tegra-ahci' needs an ownerDriver 'sata_mv' needs an owner
[    2.172191] Driver 'sata_mv' needs an ownerDriver 'm25p80' needs an owner
[    2.179789] Driver 'smi' needs an ownerDriver 'cdns-spi' needs an owner
[    2.187008] Driver 'omap2_mcspi' needs an ownerDriver 'orion_spi' needs an owner
[    2.195835] Driver 'sirfsoc_spi' needs an ownerDriver 'sun4i-spi' needs an owner
[    2.203861] Driver 'sun6i-spi' needs an ownerDriver 'spi-tegra114' needs an owner
[    2.211966] Driver 'spi-tegra-sflash' needs an ownerDriver 'spi-tegra-slink' needs an owner
[    2.221006] Driver 'xilinx_spi' needs an ownerDriver 'Marvell 88E1101' needs an owner
[    2.229407] Driver 'Marvell 88E1112' needs an ownerDriver 'Marvell 88E1111' needs an owner
[    2.238111] Driver 'Marvell 88E1118' needs an ownerDriver 'Marvell 88E1121R' needs an owner
[    2.246910] Driver 'Marvell 88E1318S' needs an ownerDriver 'Marvell 88E1145' needs an owner
[    2.255706] Driver 'Marvell 88E1149R' needs an ownerDriver 'Marvell 88E1240' needs an owner
[    2.264509] Driver 'Marvell 88E1116R' needs an ownerDriver 'Marvell 88E1510' needs an owner
[    2.273301] Driver 'Marvell 88E3016' needs an ownerDriver 'ICPlus IP175C' needs an owner
[    2.281839] Driver 'ICPlus IP1001' needs an ownerDriver 'ICPlus IP101A/G' needs an owner
[    2.290367] Driver 'Atheros 8035 ethernet' needs an ownerDriver 'Atheros 8030 ethernet' needs an owner
[    2.300166] Driver 'Atheros 8031 ethernet' needs an ownerDriver 'sun4i-mdio' needs an owner
[    2.309103] CAN device driver interface
[    2.313303] Driver 'mcp251x' needs an owner
[    2.317523] Driver 'xilinx_can' needs an ownerDriver 'sun4i-emac' needs an owner
[    2.325585] Driver 'macb' needs an ownerDriver 'calxedaxgmac' needs an owner
[    2.333345] Driver 'fec' needs an owner[    2.337595] igb: Intel(R) Gigabit Ethernet Network Driver - version 5.2.15-k
[    2.344967] igb: Copyright (c) 2007-2014 Intel Corporation.
[    2.350800] Driver 'igb' needs an owner
[    2.354686] Driver 'orion-mdio' needs an ownerDriver 'mv643xx_eth' needs an owner
[    2.362804] Driver 'mv643xx_eth_port' needs an ownerDriver 'mvneta' needs an owner
[    2.370945] Driver 'ks8851' needs an ownerDriver 'r8169' needs an owner
[    2.377954] Driver 'smsc911x' needs an ownerDriver 'stmmaceth' needs an owner
[    2.385903] Driver 'davinci_mdio' needs an ownerDriver 'cpsw-phy-sel' needs an owner
[    2.394325] Driver 'xilinx_emaclite' needs an owner[    2.399655] pegasus: v0.9.3 (2013/04/25), Pegasus/Pegasus II USB Ethernet driver
[    2.407382] Driver 'pegasus' needs an owner
[    2.411617] usbcore: registered new interface driver pegasus
[    2.417727] Driver 'asix' needs an owner
[    2.421696] usbcore: registered new interface driver asix
[    2.427528] Driver 'ax88179_178a' needs an owner
[    2.432208] usbcore: registered new interface driver ax88179_178a
[    2.438759] Driver 'cdc_ether' needs an owner
[    2.443165] usbcore: registered new interface driver cdc_ether
[    2.449460] Driver 'smsc75xx' needs an owner
[    2.453783] usbcore: registered new interface driver smsc75xx
[    2.459993] Driver 'smsc95xx' needs an owner
[    2.464313] usbcore: registered new interface driver smsc95xx
[    2.470519] Driver 'net1080' needs an owner[    2.474402] ata1: SATA link down (SStatus 0 SControl 300)
[    2.480388] usbcore: registered new interface driver net1080
[    2.486498] Driver 'cdc_subset' needs an owner
[    2.490994] usbcore: registered new interface driver cdc_subset
[    2.497373] Driver 'zaurus' needs an owner
[    2.501505] usbcore: registered new interface driver zaurus
[    2.507536] Driver 'cdc_ncm' needs an owner
[    2.511777] usbcore: registered new interface driver cdc_ncm
[    2.517907] Driver 'xhci_hcd' needs an owner
[    2.522227] Driver 'xhci-hcd' needs an owner[    2.526923] ehci_hcd: USB 2.0 'Enhanced' Host Controller (EHCI) Driver
[    2.533761] ehci-pci: EHCI PCI platform driver
[    2.538412] Driver 'ehci-pci' needs an owner
[    2.542736] ehci-platform: EHCI generic platform driver
[    2.548384] Driver 'ehci-platform' needs an owner
[    2.553298] ehci-omap: OMAP-EHCI Host Controller driver
[    2.558952] Driver 'ehci-omap' needs an owner
[    2.575321] ehci-omap 4a064c00.ehci: EHCI Host Controller
[    2.581168] ehci-omap 4a064c00.ehci: new USB bus registered, assigned bus number 1
[    2.589211] ehci-omap 4a064c00.ehci: irq 109, io mem 0x4a064c00
[    2.604395] ehci-omap 4a064c00.ehci: USB 2.0 started, EHCI 1.00
[    2.611173] hub 1-0:1.0: USB hub found
[    2.615136] hub 1-0:1.0: 3 ports detected
[    2.659817] ehci-orion: EHCI orion driver
[    2.664007] Driver 'orion-ehci' needs an owner
[    2.668616] SPEAr-ehci: EHCI SPEAr driver
[    2.672999] Driver 'spear-ehci' needs an owner
[    2.677596] tegra-ehci: Tegra EHCI driver
[    2.681970] Driver 'tegra-ehci' needs an owner
[    2.686586] ohci_hcd: USB 1.1 'Open' Host Controller (OHCI) Driver
[    2.693243] ohci-pci: OHCI PCI platform driver
[    2.697893] Driver 'ohci-pci' needs an owner
[    2.702215] ohci-platform: OHCI generic platform driver
[    2.707863] Driver 'ohci-platform' needs an owner
[    2.712735] ohci-omap3: OHCI OMAP3 driver
[    2.717109] Driver 'ohci-omap3' needs an owner
[    2.721728] ohci-omap3 4a064800.ohci: OHCI Host Controller
[    2.727662] ohci-omap3 4a064800.ohci: new USB bus registered, assigned bus number 2
[    2.735764] ohci-omap3 4a064800.ohci: irq 108, io mem 0x4a064800
[    2.814938] hub 2-0:1.0: USB hub found
[    2.818871] hub 2-0:1.0: 3 ports detected
[    2.823469] SPEAr-ohci: OHCI SPEAr driver
[    2.827669] Driver 'spear-ohci' needs an owner
[    2.832309] Driver 'isp1760' needs an ownerDriver 'nxp-isp1760' needs an owner
[    2.840115] Driver 'isp1760' needs an ownerDriver 'usb-storage' needs an owner
[    2.847786] usbcore: registered new interface driver usb-storage
[    2.854258] Driver 'tegra-phy' needs an owner
[    2.858783] Driver 'gpio-vbus' needs an ownerDriver 'isp1301' needs an owner
[    2.866286] Driver 'ci_hdrc' needs an ownerDriver 'msm_hsusb' needs an owner
[    2.873876] Driver 'zevio_usb' needs an ownerDriver 'ci_hdrc_pci' needs an owner
[    2.881810] Driver 'usbmisc_imx' needs an ownerDriver 'imx_usb' needs an owner
[    2.889788] Driver 'kmi-pl050' needs an owner[    2.894621] mousedev: PS/2 mouse device common for all mice
[    2.900472] Driver 'atkbd' needs an owner
[    2.904531] Driver 'cros-ec-keyb' needs an ownerDriver 'samsung-keypad' needs an owner
[    2.913131] Driver 'keyboard' needs an ownerDriver 'st-keyscan' needs an owner
[    2.920971] Driver 'tegra-kbc' needs an ownerDriver 'psmouse' needs an owner
[    2.928681] Driver 'atmel_mxt_ts' needs an ownerDriver 'stmpe-ts' needs an owner
[    2.936562] Driver 'mpu3050' needs an ownerDriver 'sirfsoc-pwrc' needs an owner
[    2.944389] Driver 'as3722-rtc' needs an ownerDriver 'rtc-ds1307' needs an owner
[    2.952242] Driver 'rtc-em3027' needs an ownerDriver 'max8907-rtc' needs an owner
[    2.960213] Driver 'rtc-mv' needs an ownerDriver 'palmas-rtc' needs an owner
[    2.967863] Driver 'rtc-pl031' needs an ownerDriver 'rtc-spear' needs an owner
[    2.975592] Driver 'sun6i-rtc' needs an ownerDriver 'sunxi-rtc' needs an owner
[    2.983444] Driver 'tegra_rtc' needs an ownerDriver 'twl_rtc' needs an owner
[    2.991114] Driver 'tps6586x-rtc' needs an ownerDriver 'tps65910-rtc' needs an owner
[    2.999391] Driver 'vt8500-rtc' needs an owner[    3.004164] i2c /dev entries driver
[    3.008184] Driver 'cdns-i2c' needs an owner[    3.009423] usb 1-2: new high-speed USB device number 2 using ehci-omap
[    3.019551] Driver 'exynos5-hsi2c' needs an ownerDriver 'mv64xxx_i2c' needs an owner
[    3.028062] Driver 'sirfsoc_i2c' needs an ownerDriver 'st-i2c' needs an owner
[    3.035841] Driver 'xiic-i2c' needs an ownerDriver 'bcm-kona-i2c' needs an owner
[    3.043852] Driver 'pca954x' needs an ownerDriver 'i2c-mux-pinctrl' needs an owner
[    3.051969] Driver 'uvcvideo' needs an owner[    3.056495] usbcore: registered new interface driver uvcvideo
[    3.062505] USB Video Class driver (1.1.1)
[    3.066792] gspca_main: v2.14.0 registered
[    3.071082] Driver 'sbs-battery' needs an owner
[    3.075669] Driver 'tps65090-charger' needs an ownerDriver 'as3722-power-off' needs an owner
[    3.084732] Driver 'poweroff-gpio' needs an ownerDriver 'hisi-reboot' needs an owner
[    3.093101] Driver 'sun6i-reboot' needs an ownerDriver 'vexpress-reset' needs an owner
[    3.101709] Driver 'lm90' needs an ownerDriver 'lm95245' needs an owner
[    3.108703] Driver 'db8500-thermal' needs an ownerDriver 'armada_thermal' needs an owner
[    3.117526] Driver 'st_syscfg_thermal' needs an ownerDriver 'st_thermal_mmap' needs an owner
[    3.126747] Driver 'orion_wdt' needs an ownerDriver 'sunxi-wdt' needs an owner
[    3.134685] Driver 'ux500_wdt' needs an ownerDriver 'sirfsoc-wdt' needs an owner
[    3.142688] Driver 'meson_wdt' needs an ownerDriver 'Xilinx Watchdog' needs an owner
[    3.147422] hub 1-2:1.0: USB hub found
[    3.151193] hub 1-2:1.0: 3 ports detected
[    3.159504] Driver 'hb_mc_edac' needs an owner
[    3.164154] Driver 'hb_l2_edac' needs an ownerDriver 'cpufreq-ux500' needs an owner
[    3.172411] Driver 'exynos-cpufreq' needs an ownerDriver 'exynos5440-cpufreq' needs an owner
[    3.181478] Driver 'omap-cpufreq' needs an ownerDriver 'spear-cpufreq' needs an owner
[    3.189887] Driver 'cpuidle-zynq' needs an ownerDriver 'mmcblk' needs an owner
[    3.197538] Driver 'mmcblk' needs updating - please use bus_type methods
[    3.204765] Driver 'mmci-pl18x' needs an owner
[    3.209249] sdhci: Secure Digital Host Controller Interface driver
[    3.215904] sdhci: Copyright(c) Pierre Ossman
[    3.220465] Driver 'sdhci-pxav3' needs an owner
[    3.225181] Driver 's3c-sdhci' needs an ownerDriver 'sdhci' needs an owner
[    3.232679] Driver 'mmci-omap' needs an ownerDriver 'omap_hsmmc' needs an owner
[    3.240806] omap_hsmmc 4809c000.mmc: unable to get vmmc regulator -517
[    3.247874] platform 4809c000.mmc: Driver omap_hsmmc requests probe deferral
[    3.269414] usb 1-3: new high-speed USB device number 3 using ehci-omap
[    3.284557] 480ad000.mmc supply vmmc not found, using dummy regulator
[    3.291427] omap_hsmmc 480ad000.mmc: could not set regulator OCR (-22)
[    3.324542] Driver 'mvsdio' needs an owner
[    3.328781] Synopsys Designware Multimedia Card Interface Driver
[    3.335270] Driver 'dw_mmc' needs an owner
[    3.339525] Driver 'dwmmc_exynos' needs an ownerDriver 'dwmmc_rockchip' needs an owner
[    3.348193] Driver 'wmt-sdhc' needs an ownerDriver 'sunxi-mmc' needs an owner
[    3.355985] sdhci-pltfm: SDHCI platform and OF driver helper
[    3.362107] Driver 'sdhci-esdhc-imx' needs an owner
[    3.367270] Driver 'sdhci-dove' needs an owner[    3.371938] mmc0: BKOPS_EN bit is not set
[    3.372292] Driver 'sdhci-tegra' needs an owner
[    3.372448] Driver 'sdhci-arasan' needs an owner
[    3.372625] Driver 'sdhci-kona' needs an owner
[    3.372780] Driver 'sdhci-st' needs an owner
[    3.373099] Driver 'leds-gpio' needs an owner
[    3.373315] Driver 'leds_pwm' needs an owner
[    3.373315] ledtrig-cpu: registered to indicate activity on CPUs
[    3.373429] Driver 'hid-generic' needs an owner
[    3.373487] Driver 'usbhid' needs an owner
[    3.373488] usbcore: registered new interface driver usbhid
[    3.373490] usbhid: USB HID core driver
[    3.373537] Driver 'isl29018' needs an owner
[    3.373572] Driver 'isl29028' needs an owner
[    3.373666] Driver 'nvec-mouse' needs an owner
[    3.373814] Driver 'nvec' needs an owner
[    3.373910] Driver 'nvec-power' needs an owner
[    3.374004] Driver 'nvec-kbd' needs an owner
[    3.374099] Driver 'nvec-paz00' needs an owner
[    3.374252] Driver 'mmcc-apq8084' needs an owner
[    3.374438] Driver 'mmcc-msm8960' needs an owner
[    3.374596] Driver 'mmcc-msm8974' needs an owner
[    3.374755] Driver 'sun6i-a31-ar100-clk' needs an owner
[    3.374913] Driver 'sun6i-a31-apb0-clk' needs an owner
[    3.375093] Driver 'sun6i-a31-apb0-gates-clk' needs an owner
[    3.375250] Driver 'sun8i-a23-apb0-clk' needs an owner
[    3.375405] Driver 'dra7-atl' needs an owner
[    3.375436] Driver 'pl320' needs an owner
[    3.375610] Driver 'mvebu-devbus' needs an owner
[    3.375767] Driver 'tegra20-mc' needs an owner
[    3.375919] Driver 'tegra30-mc' needs an owner
[    3.376093] Driver 'xadc' needs an owner
[    3.384843] Driver 'ak8975' needs an owner
[    3.384974] Driver 'snd-soc-dummy' needs an owner
[    3.385073] Driver 'soc-audio' needs an owner
[    3.385114] Driver 'alc5632' needs an owner
[    3.385150] Driver 'max98090' needs an owner
[    3.385185] Driver 'rt5640' needs an owner
[    3.385220] Driver 'tlv320aic23-codec' needs an owner
[    3.385250] Driver 'wm8753' needs an owner
[    3.385281] Driver 'wm8753' needs an owner
[    3.385316] Driver 'wm8903' needs an owner
[    3.385476] Driver 'tegra20-das' needs an owner
[    3.385631] Driver 'tegra20-i2s' needs an owner
[    3.385815] Driver 'tegra30-ahub' needs an owner
[    3.385990] Driver 'tegra30-i2s' needs an owner
[    3.386150] Driver 'tegra-snd-rt5640' needs an owner
[    3.386307] Driver 'tegra-snd-wm8753' needs an owner
[    3.386467] Driver 'tegra-snd-wm8903' needs an owner
[    3.386624] Driver 'tegra-snd-trimslice' needs an owner
[    3.386779] Driver 'tegra-alc5632' needs an owner
[    3.387100] Driver 'tegra-snd-max98090' needs an owner
[    3.387101] TCP: cubic registered
[    3.387112] NET: Registered protocol family 17
[    3.387129] can: controller area network core (rev 20120528 abi 9)
[    3.387183] NET: Registered protocol family 29
[    3.387193] can: raw protocol (rev 20120528)
[    3.387203] can: broadcast manager protocol (rev 20120528 t)
[    3.387215] can: netlink gateway (rev 20130117) max_hops=1
[    3.387532] Driver 'rfkill_gpio' needs an owner
[    3.387533] Key type dns_resolver registered
[    3.387679] omap_vc_init_channel: No PMIC info for vdd_core
[    3.387682] omap_vp_init: No PMIC info for vdd_core
[    3.387686] omap_vc_init_channel: No PMIC info for vdd_mm
[    3.387688] omap_vp_init: No PMIC info for vdd_mm
[    3.387692] omap_vc_init_channel: No PMIC info for vdd_mpu
[    3.387694] omap_vp_init: No PMIC info for vdd_mpu
[    3.388061] Power Management for TI OMAP4+ devices.
[    3.388222] ThumbEE CPU extension supported.
[    3.388237] Registering SWP/SWPB emulation handler
[    3.391412] palmas 0-0048: Irq flag is 0x00000000
[    3.716756] palmas 0-0048: Muxing GPIO 2, PWM 0, LED 0
[    3.724286] mmc0: new high speed MMC card at address 0001
[    3.730226] mmcblk0: mmc0:0001 SEM04G 3.68 GiB 
[    3.735086] mmcblk0boot0: mmc0:0001 SEM04G partition 1 2.00 MiB
[    3.741390] mmcblk0boot1: mmc0:0001 SEM04G partition 2 2.00 MiB
[    3.748493]  mmcblk0: p1
[    3.751370] smsc95xx v1.0.4
[    3.779641] omap_i2c 48070000.i2c: bus 0 rev0.12 at 400 kHz
[    3.786943] omap_i2c 4807c000.i2c: bus 4 rev0.12 at 400 kHz
[    3.813691] smsc95xx 1-3:1.0 eth0: register 'smsc95xx' at usb-4a064c00.ehci-3, smsc95xx USB 2.0 Ethernet, aa:90:20:82:11:27
[    3.824718] Driver 'cpsw' needs an owner
[    3.824938] Driver 'gpio-keys' needs an owner
[    3.824938] drivers/rtc/hctosys.c: unable to open rtc device (rtc0)
[    3.894139] mmc2: host does not support reading read-only switch, assuming write-enable
[    3.908304] mmc2: new high speed SDHC card at address e624
[    3.914321] mmcblk1: mmc2:e624 SU04G 3.69 GiB 
[    3.921588]  mmcblk1: p1 p2 p3
[    5.392143] smsc95xx 1-3:1.0 eth0: link up, 100Mbps, full-duplex, lpa 0xC5E1
[    5.414391] Sending DHCP requests ., OK
[    6.474389] IP-Config: Got DHCP answer from 192.168.0.1, my address is 192.168.0.177
[    6.482595] IP-Config: Complete:
[    6.485994]      device=eth0, hwaddr=aa:90:20:82:11:27, ipaddr=192.168.0.177, mask=255.255.255.0, gw=192.168.0.1
[    6.496671]      host=192.168.0.177, domain=tim.com, nis-domain=(none)
[    6.503524]      bootserver=192.168.0.1, rootserver=192.168.0.1, rootpath=
[    6.510556]      nameserver0=192.0.2.2, nameserver1=192.0.2.3
[    6.517058] ldo8: disabling
[    6.520689] ldo3: disabling
[    6.524592] ALSA device list:
[    6.527697]   No soundcards found.
[    6.557107] EXT4-fs (mmcblk1p2): mounted filesystem with ordered data mode. Opts: (null)
[    6.565628] VFS: Mounted root (ext4 filesystem) on device 179:50.
[    6.577335] devtmpfs: mounted
[    6.580859] Freeing unused kernel memory: 748K (c0b8f000 - c0c4a000)
INIT: version 2.88 booting
Error opening /dev/fb0: No such file or directory
Starting udev
[    6.961856] udevd[93]: starting version 182
[    8.212231] EXT4-fs (mmcblk0p1): warning: mounting unchecked fs, running e2fsck is recommended
[    8.224495] EXT4-fs (mmcblk0p1): mounted filesystem without journal. Opts: (null)
[    8.280443] EXT4-fs (mmcblk1p3): mounted filesystem with ordered data mode. Opts: (null)
[    8.330127] FAT-fs (mmcblk1p1): codepage cp437 not found
[    8.352125] FAT-fs (mmcblk1p1): codepage cp437 not found
[    8.415744] FAT-fs (mmcblk1p1): codepage cp437 not found
[    8.432351] FAT-fs (mmcblk1p1): codepage cp437 not found
Starting Bootlog daemon: bootlogd.
[    8.497900] EXT4-fs (mmcblk1p2): re-mounted. Opts: data=ordered
[    8.533296] random: dd urandom read with 71 bits of entropy available
ALSA: Restoring mixer settings...
Configuring network interfaces... /usr/sbin/alsactl: load_state:1696: No soundcards found...
udhcpc (v1.20.2) started
Sending discover...
Sending select for 192.168.0.177...
Lease of 192.168.0.177 obtained, lease time 600
/etc/udhcpc.d/50default: Adding DNS 192.0.2.2
/etc/udhcpc.d/50default: Adding DNS 192.0.2.3
done.
hwclock: can't open '/dev/misc/rtc': No such file or directory
Thu Sep 25 17:07:00 UTC 2014
hwclock: can't open '/dev/misc/rtc': No such file or directory
INIT: Entering runlevel: 5
Starting system message bus: dbus.
Starting Dropbear SSH server: dropbear.
Starting telnet daemon.
hwclock: can't open '/dev/misc/rtc': No such file or directory
Starting syslogd/klogd: done
Starting thttpd.
Starting Lighttpd Web Server: 2014-09-25 17:07:00: (log.c.166) server started 
lighttpd.
Starting Matrix GUI application.
[   10.778426] random: nonblocking pool is initialized
***************************************************************
***************************************************************
NOTICE: This file system contains the followin GPLv3 packages:
	binutils-symlinks
	binutils
	gdbserver
	parted
If you do not wish to distribute GPLv3 components please remove
the above packages prior to distribution.  This can be done using
the opkg remove command.  i.e.:
    opkg remove <package>
Where <package> is the name printed in the list above
NOTE: If the package is a dependency of another package you
      will be notified of the dependent packages.  You should
      use the --force-removal-of-dependent-packages option to
      also remove the dependent packages as well
***************************************************************
***************************************************************
Stopping Bootlog daemon: bootlogd.
 _____                    _____           _         _   
|  _  |___ ___ ___ ___   |  _  |___ ___  |_|___ ___| |_ 
|     |  _| .'| . | . |  |   __|  _| . | | | -_|  _|  _|
|__|__|_| |__,|_  |___|  |__|  |_| |___|_| |___|___|_|  
              |___|                    |___|            
Arago Project http://arago-project.org omap5-evm ttyO2
Arago 2013.12 omap5-evm ttyO2
omap5-evm login: 
- 07:42:02 [INFO] Host: root
- 07:42:02 [INFO] Target: 
root
root@omap5-evm:~# 
- 07:42:02 [INFO] Host: uname -a
- 07:42:03 [INFO] Target: 
uname -a
Linux omap5-evm 3.18.0-rc3-next-20141110-00002-g41cdba9 #1 SMP Mon Nov 10 06:39:12 CST 2014 armv7l GNU/Linux
root@omap5-evm:~# 
- 07:42:03 [INFO] Host: cat /proc/cmdline
- 07:42:03 [INFO] Target: 
cat /proc/cmdline
console=ttyO2,115200n8 earlyprintk rootwait  ip=dhcp  root=PARTUUID=00000000-02 rw rootfstype=ext4 rootwait 
root@omap5-evm:~# 
- 07:42:03 [INFO] Host: uname -a
- 07:42:04 [INFO] Target: 
uname -a
Linux omap5-evm 3.18.0-rc3-next-20141110-00002-g41cdba9 #1 SMP Mon Nov 10 06:39:12 CST 2014 armv7l GNU/Linux
root@omap5-evm:~# 
- 07:42:04 [INFO] Host: cat /proc/mtd
- 07:42:04 [INFO] Target: 
cat /proc/mtd
dev:    size   erasesize  name
root@omap5-evm:~# 
- 07:42:09 [INFO] Host: export IPERFHOST=192.168.0.1
- 07:42:09 [INFO] Target: 
export IPERFHOST=192.168.0.1
root@omap5-evm:~# 
- 07:42:09 [INFO] Host: export NFS_SERVER=192.168.0.1
- 07:42:10 [INFO] Target: 
export NFS_SERVER=192.168.0.1
root@omap5-evm:~# 
- 07:42:10 [INFO] Host: export NFS_ROOT_PATH=/home/tigtfarm06/NFS_exports/linux/omap5-evm
- 07:42:10 [INFO] Target: 
export NFS_ROOT_PATH=/home/tigtfarm06/NFS_exports/linux/omap5- 
root@omap5-evm:~# 
- 07:42:10 [INFO] Host: mkdir -p -m 777 /test
- 07:42:11 [INFO] Target: 
mkdir -p -m 777 /test
root@omap5-evm:~# 
- 07:42:11 [INFO] Host: cd /test
- 07:42:11 [INFO] Target: 
cd /test
root@omap5-evm:/test# 
- 07:42:11 [INFO] Host: cat > test.sh << EOF
- 07:42:12 [INFO] Target: 
cat > test.sh << EOF
- 07:42:12 [INFO] Host: failtest() {
- 07:42:12 [INFO] Target: 
failtest() {
- 07:42:12 [INFO] Host:   echo 1 >&3
- 07:42:13 [INFO] Target: 
  echo 1 >&3
- 07:42:13 [INFO] Host: }
- 07:42:13 [INFO] Target: 
- 07:42:13 [INFO] Host: timeout=600
- 07:42:14 [INFO] Target: 
timeout=600
- 07:42:14 [INFO] Host: 
- 07:42:14 [INFO] Target: 
- 07:42:14 [INFO] Host: # Start of user's script logic
- 07:42:15 [INFO] Target: 
# Start of user's script logic
- 07:42:15 [INFO] Host: 
- 07:42:15 [INFO] Target: 
- 07:42:15 [INFO] Host: 
- 07:42:16 [INFO] Target: 
- 07:42:16 [INFO] Host: mount -t proc proc /proc 2>/dev/null;
- 07:42:16 [INFO] Target: 
mount -t proc proc /proc 2>/dev/null;
- 07:42:16 [INFO] Host: 
- 07:42:17 [INFO] Target: 
- 07:42:17 [INFO] Host: mount -t sysfs sys /sys 2>/dev/null;
- 07:42:17 [INFO] Target: 
mount -t sysfs sys /sys 2>/dev/null;
- 07:42:17 [INFO] Host: 
- 07:42:18 [INFO] Target: 
- 07:42:18 [INFO] Host: mount -t debugfs none /sys/kernel/debug 2>/dev/null;
- 07:42:18 [INFO] Target: 
mount -t debugfs none /sys/kernel/debug 2>/dev/null;
- 07:42:18 [INFO] Host: 
- 07:42:19 [INFO] Target: 
- 07:42:19 [INFO] Host: echo 'cpuinfo:';cat /proc/cpuinfo; echo '=======';
- 07:42:19 [INFO] Target: 
echo 'cpuinfo:';cat /proc/cpuinfo; echo '=======';
- 07:42:19 [INFO] Host: 
- 07:42:20 [INFO] Target: 
- 07:42:20 [INFO] Host: echo 'soc info:';head /sys/devices/soc0/* 2>/dev/null; echo '=======';
- 07:42:20 [INFO] Target: 
echo 'soc info:';head /sys/devices/soc0/* 2>/dev/null; echo '=======';
- 07:42:20 [INFO] Host: 
- 07:42:21 [INFO] Target: 
- 07:42:21 [INFO] Host: echo 'DT Model info'; head /proc/device-tree/name /proc/device-tree/model /proc/device-tree/compatible 2>/dev/null;echo; echo '=======';
- 07:42:21 [INFO] Target: 
echo 'DT Model info'; head /proc/device-tree/name /proc/device-tree/model /pro 
c/device-tree/compatible 2>/dev/null;echo; echo '=======';
- 07:42:21 [INFO] Host: 
- 07:42:22 [INFO] Target: 
- 07:42:22 [INFO] Host: echo 'interrupts:';cat /proc/interrupts; echo '=======';
- 07:42:22 [INFO] Target: 
echo 'interrupts:';cat /proc/interrupts; echo '=======';
- 07:42:22 [INFO] Host: 
- 07:42:23 [INFO] Target: 
- 07:42:23 [INFO] Host: echo 'Clk_summary:';cat /sys/kernel/debug/clk/clk_summary; echo '=======';
- 07:42:23 [INFO] Target: 
echo 'Clk_summary:';cat /sys/kernel/debug/clk/clk_summary; echo '=======';
- 07:42:23 [INFO] Host: 
- 07:42:24 [INFO] Target: 
- 07:42:24 [INFO] Host: echo 'Orphan Clks:';ls /sys/kernel/debug/clk/orphans/; echo '=======';
- 07:42:24 [INFO] Target: 
echo 'Orphan Clks:';ls /sys/kernel/debug/clk/orphans/; echo '=======';
- 07:42:24 [INFO] Host: 
- 07:42:25 [INFO] Target: 
- 07:42:25 [INFO] Host: echo "Available frequencies"; cat /sys/devices/system/cpu/cpu0/cpufreq/scaling_available_frequencies 2>/dev/null;echo '=======';
- 07:42:25 [INFO] Target: 
echo "Available frequencies"; cat /sys/devices/system/cpu/cpu0/cpufreq/scaling 
_available_frequencies 2>/dev/null;echo '=======';
- 07:42:25 [INFO] Host: 
- 07:42:26 [INFO] Target: 
- 07:42:26 [INFO] Host: echo 'H''ello World' 'B''oard Booted';
- 07:42:26 [INFO] Target: 
echo 'H''ello World' 'B''oard Booted';
- 07:42:26 [INFO] Host: 
- 07:42:27 [INFO] Target: 
- 07:42:27 [INFO] Host: EOF
- 07:42:27 [INFO] Target: 
root@omap5-evm:/test# 
- 07:42:27 [INFO] Host: cd /test
- 07:42:28 [INFO] Target: 
cd /test
root@omap5-evm:/test# 
- 07:42:28 [INFO] Host: chmod +x test.sh
- 07:42:28 [INFO] Target: 
chmod +x test.sh
root@omap5-evm:/test# 
- 07:42:28 [INFO] Host: ./test.sh 2> stderr.log > stdout.log 3> result.log
- 07:42:29 [INFO] Target: 
./test.sh 2> stderr.log > stdout.log 3> result.log
root@omap5-evm:/test# 
- 07:42:29 [INFO] Host: echo $?
- 07:42:29 [INFO] Target: 
echo $?
root@omap5-evm:/test# 
- 07:42:29 [INFO] Host: cd /test
- 07:42:30 [INFO] Target: 
cd /test
root@omap5-evm:/test# 
- 07:42:30 [INFO] Host: cat stdout.log
- 07:42:31 [INFO] Target: 
cat stdout.log
cpuinfo:
processor	: 0
model name	: ARMv7 Processor rev 2 (v7l)
Features	: half thumb fastmult vfp edsp thumbee neon vfpv3 tls vfpv4 idiva idivt vfpd32 lpae evtstrm 
CPU implementer	: 0x41
CPU architecture: 7
CPU variant	: 0x2
CPU part	: 0xc0f
CPU revision	: 2
processor	: 1
model name	: ARMv7 Processor rev 2 (v7l)
Features	: half thumb fastmult vfp edsp thumbee neon vfpv3 tls vfpv4 idiva idivt vfpd32 lpae evtstrm 
CPU implementer	: 0x41
CPU architecture: 7
CPU variant	: 0x2
CPU part	: 0xc0f
CPU revision	: 2
Hardware	: Generic OMAP5 (Flattened Device Tree)
Revision	: 0000
Serial		: 0000000000000000
=======
soc info:
==> /sys/devices/soc0/family <==
OMAP5
==> /sys/devices/soc0/machine <==
OMAP5432
==> /sys/devices/soc0/power <==
==> /sys/devices/soc0/revision <==
ES2.0
==> /sys/devices/soc0/subsystem <==
==> /sys/devices/soc0/type <==
==> /sys/devices/soc0/uevent <==
=======
DT Model info
==> /proc/device-tree/name <==
==> /proc/device-tree/model <==
TI OMAP5 uEVM board
==> /proc/device-tree/compatible <==
ti,omap5-uevmti,omap5
=======
interrupts:
           CPU0       CPU1       
 27:       2513       2188       GIC  27  arch_timer
 39:          1          0       GIC  39  palmas
 41:          0          0       GIC  41  l3-dbg-irq
 42:          0          0       GIC  42  l3-app-irq
 44:          0          0       GIC  44  DMA
 45:       3534          0       GIC  45  omap-dma-engine
 52:          0          0       GIC  52  gpmc
 69:          0          0       GIC  69  gp_timer
 86:          0          0       GIC  86  4a140000.sata
 88:        474          0       GIC  88  48070000.i2c
 89:          0          0       GIC  89  48072000.i2c
 92:          8          0       GIC  92  4807c000.i2c
 93:          0          0       GIC  93  48060000.i2c
 94:          0          0       GIC  94  4807a000.i2c
106:       4909          0       GIC 106  OMAP UART2
108:          1          0       GIC 108  ohci_hcd:usb2
109:        278          0       GIC 109  ehci_hcd:usb1
115:       4900          0       GIC 115  mmc2
118:        828          0       GIC 118  mmc0
126:         13          0       GIC 126  mmc1
459:          0          0      PRCM  pinctrl, pinctrl
IPI0:          0          1  CPU wakeup interrupts
IPI1:          0          0  Timer broadcast interrupts
IPI2:       2110       3079  Rescheduling interrupts
IPI3:          0          0  Function call interrupts
IPI4:         36         17  Single function call interrupts
IPI5:          0          0  CPU stop interrupts
IPI6:          0          0  IRQ work interrupts
IPI7:          0          0  completion interrupts
Err:          0
=======
Clk_summary:
   clock                         enable_cnt  prepare_cnt        rate   accuracy   phase
----------------------------------------------------------------------------------------
 dummy_ck                                 0            0           0          0 0  
 xclk60mhsp2_ck                           0            0    60000000          0 0  
 xclk60mhsp1_ck                           0            0    60000000          0 0  
 virt_38400000_ck                         0            0    38400000          0 0  
 virt_27000000_ck                         0            0    27000000          0 0  
 virt_26000000_ck                         0            0    26000000          0 0  
 virt_19200000_ck                         1            1    19200000          0 0  
    sys_clkin                             7           14    19200000          0 0  
       auxclk4_src_ck                     0            0    19200000          0 0  
          auxclk4_ck                      0            0     9600000          0 0  
       auxclk3_src_ck                     0            0    19200000          0 0  
          auxclk3_ck                      0            0    19200000          0 0  
             auxclkreq3_ck                0            0    19200000          0 0  
       auxclk2_src_ck                     0            0    19200000          0 0  
          auxclk2_ck                      0            0    19200000          0 0  
             auxclkreq2_ck                0            0    19200000          0 0  
       auxclk1_src_ck                     1            1    19200000          0 0  
          auxclk1_ck                      1            1    19200000          0 0  
             auxclkreq1_ck                0            0    19200000          0 0  
       auxclk0_src_ck                     0            0    19200000          0 0  
          auxclk0_ck                      0            0    19200000          0 0  
             auxclkreq0_ck                0            0    19200000          0 0  
       wkupaon_iclk_mux                   7            8    19200000          0 0  
          l3instr_ts_gclk_div             0            0    19200000          0 0  
       timer9_gfclk_mux                   0            1    19200000          0 0  
       timer4_gfclk_mux                   0            1    19200000          0 0  
       timer3_gfclk_mux                   0            1    19200000          0 0  
       timer2_gfclk_mux                   0            1    19200000          0 0  
       timer11_gfclk_mux                  0            1    19200000          0 0  
       timer10_gfclk_mux                  0            1    19200000          0 0  
       sata_ref_clk                       1            1    19200000          0 0  
       dpll_usb_ck                        2            2   960000000          0 0  
          dpll_usb_m2_ck                  3            3   480000000          0 0  
             usb_host_hs_hsic480m_p3_clk           1            1   480000000          0 0  
             usb_host_hs_hsic480m_p2_clk           1            1   480000000          0 0  
             usb_host_hs_hsic480m_p1_clk           0            0   480000000          0 0  
             l3init_60m_fclk              7            7    60000000          0 0  
                usb_tll_hs_usb_ch2_clk           1            1    60000000          0 0  
                usb_tll_hs_usb_ch1_clk           1            1    60000000          0 0  
                usb_tll_hs_usb_ch0_clk           0            0    60000000          0 0  
                usb_host_hs_utmi_p3_clk           1            1    60000000          0 0  
                utmi_p2_gfclk             1            1    60000000          0 0  
                   usb_host_hs_utmi_p2_clk           1            1    60000000          0 0  
                utmi_p1_gfclk             0            0    60000000          0 0  
                   usb_host_hs_utmi_p1_clk           0            0    60000000          0 0  
                usb_host_hs_hsic60m_p3_clk           1            1    60000000          0 0  
                usb_host_hs_hsic60m_p2_clk           1            1    60000000          0 0  
                usb_host_hs_hsic60m_p1_clk           0            0    60000000          0 0  
          dpll_usb_clkdcoldo              1            1   960000000          0 0  
             usb_otg_ss_refclk960m           1            3   960000000          0 0  
       dpll_unipro2_ck                    0            0    19200000          0 0  
          dpll_unipro2_m2_ck              0            0    19200000          0 0  
          dpll_unipro2_clkdcoldo           0            0    19200000          0 0  
       dpll_unipro1_ck                    0            0    19200000          0 0  
          dpll_unipro1_m2_ck              0            0    19200000          0 0  
             lli_txphy_ls_clk             0            0    19200000          0 0  
          dpll_unipro1_clkdcoldo           0            0    19200000          0 0  
             lli_txphy_clk                0            0    19200000          0 0  
       dpll_per_ck                        1            1   384000000          0 0  
          dpll_per_m2_ck                  0            0    96000000          0 0  
             func_24m_clk                 0            0    24000000          0 0  
          dpll_per_x2_ck                  1            2   768000000          0 0  
             dpll_per_m3x2_ck             0            0   256000000          0 0  
             dpll_per_m2x2_ck             1            4   192000000          0 0  
                mmc2_fclk_mux             0            1   192000000          0 0  
                   mmc2_fclk              0            1    96000000          0 0  
                mmc1_fclk_mux             0            1   192000000          0 0  
                   mmc1_fclk              0            1    96000000          0 0  
                hsi_fclk                  0            0   192000000          0 0  
                func_96m_fclk             0            6    96000000          0 0  
                   iss_ctrlclk            0            0    96000000          0 0  
                func_48m_fclk             7           14    48000000          0 0  
                   dss_48mhz_clk           0            2    48000000          0 0  
                func_12m_fclk             0            0    12000000          0 0  
             dpll_per_h14x2_ck            0            0   384000000          0 0  
             dpll_per_h12x2_ck            0            1   192000000          0 0  
                dss_dss_clk               0            4   192000000          0 0  
             dpll_per_h11x2_ck            0            0   256000000          0 0  
                fdif_fclk                 0            0   256000000          0 0  
                func_128m_clk             0            0   128000000          0 0  
       dpll_mpu_ck                        1            1  1000000000          0 0  
          dpll_mpu_m2_ck                  1            1  1000000000          0 0  
       dpll_core_ck                       1            1  1063680000          0 0  
          dpll_core_m2_ck                 0            0   531840000          0 0  
          dpll_core_x2_ck                 3            4  2127360000          0 0  
             dpll_core_m3x2_ck            0            0   425472000          0 0  
             dpll_core_h24x2_ck           0            0   354560000          0 0  
             dpll_core_h23x2_ck           0            0   303908572          0 0  
             dpll_core_h22x2_ck           0            1   425472000          0 0  
             dpll_core_h14x2_ck           0            0    33767620          0 0  
                gpu_hyd_gclk_mux           0            0    33767620          0 0  
                gpu_core_gclk_mux           0            0    33767620          0 0  
             dpll_core_h13x2_ck           1            2    34312259          0 0  
             dpll_core_h12x2_ck           1            2   531840000          0 0  
                l3_iclk_div              23           25   265920000          0 0  
                   l4_root_clk_div          45           50   132960000          0 0  
                   gpu_l3_iclk            0            0   265920000          0 0  
                mpu_dpll_hs_clk_div           0            0   531840000          0 0  
                iva_dpll_hs_clk_div           0            1   531840000          0 0  
                   dpll_iva_ck            0            1   531840000          0 0  
                      dpll_iva_x2_ck           0            1   531840000          0 0  
                         dpll_iva_h12x2_ck           0            0   531840000          0 0  
                         dpll_iva_h11x2_ck           0            1   531840000          0 0  
             dpll_core_h11x2_ck           4            4   265920000          0 0  
             dpll_core_h21x2_ck           0            0   354560000          0 0  
                c2c_fclk                  0            0   354560000          0 0  
                   c2c_iclk               0            0   177280000          0 0  
       dss_syc_gfclk_div                  0            5    19200000          0 0  
          dss_sys_clk                     0            5    19200000          0 0  
          timer8_gfclk_mux                0            1    19200000          0 0  
          timer7_gfclk_mux                0            1    19200000          0 0  
          timer6_gfclk_mux                0            1    19200000          0 0  
          timer5_gfclk_mux                0            1    19200000          0 0  
       custefuse_sys_gfclk_div            0            0     9600000          0 0  
       abe_dpll_bypass_clk_mux            0            0    19200000          0 0  
 virt_16800000_ck                         0            0    16800000          0 0  
 virt_13000000_ck                         0            0    13000000          0 0  
 virt_12000000_ck                         0            0    12000000          0 0  
 sys_32k_ck                               3           15       32768          0 0  
    timer1_gfclk_mux                      1            1       32768          0 0  
    gpio1_dbclk                           0            1       32768          0 0  
    abe_dpll_clk_mux                      1            1       32768          0 0  
       dpll_abe_ck                        1            1    98304000          0 0  
          dpll_abe_x2_ck                  1            1   196608000          0 0  
             dpll_abe_m3x2_ck             0            0    98304000          0 0  
                usb_dpll_hs_clk_div           0            0    32768000          0 0  
                per_dpll_hs_clk_div           0            0    49152000          0 0  
             dpll_abe_m2x2_ck             1            2   196608000          0 0  
                abe_lp_clk_div            0            0    12288000          0 0  
                abe_clk                   1            1   196608000          0 0  
                   aess_fclk              1            1   196608000          0 0  
                      abe_iclk           11           11    98304000          0 0  
                abe_24m_fclk              0            4    24576000          0 0  
                   mcbsp3_sync_mux_ck           0            2    24576000          0 0  
                      mcbsp3_gfclk           0            1    24576000          0 0  
                   mcbsp2_sync_mux_ck           0            2    24576000          0 0  
                      mcbsp2_gfclk           0            1    24576000          0 0  
                   mcbsp1_sync_mux_ck           0            2    24576000          0 0  
                      mcbsp1_gfclk           0            1    24576000          0 0  
                   mcasp_sync_mux_ck           0            0    24576000          0 0  
                      mcasp_gfclk           0            0    24576000          0 0  
                   dmic_sync_mux_ck           0            1    24576000          0 0  
                      dmic_gfclk           0            1    24576000          0 0  
    usb_phy_cm_clk32k                     1            2       32768          0 0  
    mmc1_32khz_clk                        0            1       32768          0 0  
    gpio8_dbclk                           0            1       32768          0 0  
    gpio7_dbclk                           0            1       32768          0 0  
    gpio6_dbclk                           0            1       32768          0 0  
    gpio5_dbclk                           0            1       32768          0 0  
    gpio4_dbclk                           0            1       32768          0 0  
    gpio3_dbclk                           0            1       32768          0 0  
    gpio2_dbclk                           0            1       32768          0 0  
    dss_32khz_clk                         0            1       32768          0 0  
 slimbus_src_clk                          0            0    12000000          0 0  
    slimbus_clk                           0            0    12000000          0 0  
       slimbus1_slimbus_clk               0            0    12000000          0 0  
 secure_32k_clk_src_ck                    0            0       32768          0 0  
 pad_clks_src_ck                          0            1    12000000          0 0  
    pad_clks_ck                           0            4    12000000          0 0  
=======
Orphan Clks:
=======
Available frequencies
=======
Hello World Board Booted
root@omap5-evm:/test# 
- 07:42:31 [INFO] Host: cat stderr.log
- 07:42:32 [INFO] Target: 
cat stderr.log
ls: /sys/kernel/debug/clk/orphans/: No such file or directory
root@omap5-evm:/test# 
- 07:42:32 [INFO] Host: cat result.log
- 07:42:34 [ERROR] On command: cat result.log waiting for cat result.log.+?(?m-ix:^1[\0\n\r]+) >>> error: execution expired
- 07:42:34 [INFO] Target: 
cat result.log
root@omap5-evm:/test# 
- 07:42:34 [INFO] Host: cd /test
- 07:42:34 [INFO] Target: 
cd /test
root@omap5-evm:/test# 
