- 07:22:07 [INFO] Starting target session
- 07:22:07 [INFO] Connected to omap5-evm via serial 
- 07:22:07 [INFO] Host: #check prompt
- 07:22:10 [ERROR] On command: #check prompt waiting for #check prompt.+?(?-mix:((?-mix:login:)|[Pp]assword)) >>> error: execution expired
- 07:22:10 [INFO] Target: 
#check prompt
root@omap5-evm:/test# 
- 07:22:10 [INFO] Host: #check prompt
- 07:22:11 [INFO] Target: 
#check prompt
root@omap5-evm:/test# 
- 07:22:11 [INFO] Host: sync;poweroff
- 07:22:24 [INFO] Target: 
sync;poweroff
Broadcast messRJjH.]Y[Z.H(*UI55jRroot@omap5-evm:/test# 
INIT:Stopping Dropbear SSH server: stopped /usr/sbin/dropbear (pid 609)
dropbear.
Stopping telnet daemon.
Stopping system message bus: hwclock: can't open '/dev/misc/rtc': No such file or directory
Error opening /dev/fb0: No such file or directory
Stopping syslogd/klogd: stopped syslogd (pid 619)
stopped klogd (pid 621)
done
Stopping thttpd.
ALSA: Storing mixer settings...
/usr/sbin/alsactl: save_state:1580: No soundcards found...
Deconfiguring network interfaces... done.
Stopping Lighttpd Web Server: stopped /usr/sbin/lighttpd (pid 628)
lighttpd.
Stopping Matrix GUI applicationstart-stop-daemon: warning: killing process 635: No such process
***************************************************************
***************************************************************
NOTICE: This file system contains the followin GPLv3 packages:
	binutils-symlinks
	binutils
	gdbserver
	parted
If you do not wish to distribute GPLv3 components please remove
the above packages prior to distribution.  This can be done using
the opkg remove command.  i.e.:
    opkg remove <package>
Where <package> is the name printed in the list above
NOTE: If the package is a dependency of another package you
      will be notified of the dependent packages.  You should
      use the --force-removal-of-dependent-packages option to
      also remove the dependent packages as well
***************************************************************
***************************************************************
Sending all processes the TERM signal...
Sending all processes the KILL signal...
Unmounting remote filesystems...
Deactivating swap...
Unmounting local filesystems...
[  659.129957] EXT4-fs (mmcblk1p2): re-mounted. Opts: data=ordered
[  661.369889] reboot: Power down
- 07:22:24 [INFO] Disconnected serial from omap5-evm
- 07:22:30 [INFO] Connected to omap5-evm via serial 
- 07:22:30 [INFO] Host: 
- 07:22:30 [INFO] Target: 
SATA link 0 timeout.
AHCI 0001.0300 32 slots 1 ports 3 Gbps 0x1 impl SATA mode
flags: 64bit ncq stag pm led clo only pmp pio slum part ccc apst 
scanning bus for devices...
Found 0 device(s).
SCSI:  Net:   No ethernet found.
Hit any key to stop autoboot:  1  0 
U-Boot# 
U-Boot# 
U-Boot# 
- 07:22:30 [INFO] Host: 
- 07:22:30 [INFO] Target: 
U-Boot# 
- 07:22:30 [INFO] Host: version
- 07:22:30 [INFO] Target: 
U-Boot# version
U-Boot 2014.07-00071-gaca0808 (Oct 02 2014 - 11:23:17)
arm-linux-gnueabihf-gcc (crosstool-NG linaro-1.13.1-4.7-2013.03-20130313 - Linaro GCC 2013.03) 4.7.3 20130226 (prerelease)
GNU ld (crosstool-NG linaro-1.13.1-4.7-2013.03-20130313 - Linaro GCC 2013.03) 2.23.1
U-Boot# 
- 07:22:30 [INFO] Host: setenv bootargs 'console=ttyO2,115200n8 earlyprintk rootwait '
- 07:22:30 [INFO] Target: 
setenv bootargs 'console=ttyO2,115200n8 earlyprintk rootwait '
U-Boot# 
- 07:22:30 [INFO] Host: setenv bootcmd  ''
- 07:22:30 [INFO] Target: 
setenv bootcmd  ''
U-Boot# 
- 07:22:30 [INFO] Host: setenv autoload 'no'
- 07:22:30 [INFO] Target: 
setenv autoload 'no'
U-Boot# 
- 07:22:30 [INFO] Host: setenv serverip '192.168.0.1'
- 07:22:30 [INFO] Target: 
setenv serverip '192.168.0.1'
U-Boot# 
- 07:22:30 [INFO] Host: setenv mmcdev ' '
- 07:22:31 [INFO] Target: 
setenv mmcdev ' '
U-Boot# 
- 07:22:31 [INFO] Host: printenv
- 07:22:31 [INFO] Target: 
printenv
arch=arm
autoload=no
baudrate=115200
board=omap5_uevm
board_name=omap5_uevm
bootargs=console=ttyO2,115200n8 earlyprintk rootwait 
bootcmd=
bootdelay=1
bootdir=/boot
bootfile=zImage
bootm_size=0x10000000
bootpart=0:2
bootscript=echo Running bootscript from mmc${mmcdev} ...; source ${loadaddr}
console=ttyO2,115200n8
cpu=armv7
fdt_addr_r=0x88000000
fdtaddr=0x88000000
fdtfile=undefined
findfdt=if test $board_name = omap5_uevm; then setenv fdtfile omap5-uevm.dtb; fi; if test $board_name = dra7xx; then setenv fdtfile dra7-evm.dtb; fi;if test $board_name = dra72x; then setenv fdtfile dra72-evm.dtb; fi;if test $fdtfile = undefined; then echo WARNING: Could not determine device tree to use; fi; 
importbootenv=echo Importing environment from mmc${mmcdev} ...; env import -t ${loadaddr} ${filesize}
kernel_addr_r=0x82000000
loadaddr=0x82000000
loadbootenv=fatload mmc ${mmcdev} ${loadaddr} uEnv.txt
loadbootscript=fatload mmc ${mmcdev} ${loadaddr} boot.scr
loadfdt=load mmc ${bootpart} ${fdtaddr} ${bootdir}/${fdtfile};
loadimage=load mmc ${bootpart} ${loadaddr} ${bootdir}/${bootfile}
mmcargs=setenv bootargs console=${console} ${optargs} vram=${vram} root=${mmcroot} rootfstype=${mmcrootfstype}
mmcboot=mmc dev ${mmcdev}; if mmc rescan; then echo SD/MMC found on device ${mmcdev};if run loadbootenv; then echo Loaded environment from ${bootenv};run importbootenv;fi;if test -n $uenvcmd; then echo Running uenvcmd ...;run uenvcmd;fi;if run loadimage; then run loadfdt; echo Booting from mmc${mmcdev} ...; run mmcargs; bootz ${loadaddr} - ${fdtaddr}; fi;fi;
mmcdev= 
mmcroot=/dev/mmcblk1p2 rw
mmcrootfstype=ext4 rootwait
partitions=uuid_disk=${uuid_gpt_disk};name=rootfs,start=2MiB,size=-,uuid=${uuid_gpt_rootfs}
ramdisk_addr_r=0x88080000
rdaddr=0x88080000
scsidevs=0
serverip=192.168.0.1
soc=omap5
stderr=serial
stdin=serial
stdout=serial
usbethaddr=02:21:03:ff:09:60
usbtty=cdc_acm
vendor=ti
ver=U-Boot 2014.07-00071-gaca0808 (Oct 02 2014 - 11:23:17)
vram=16M
Environment size: 2052/131067 bytes
U-Boot# 
- 07:22:31 [INFO] Host: usb start
- 07:22:35 [INFO] Target: 
usb start
(Re)start USB...
USB0:   USB EHCI 1.00
scanning bus 0 for devices... 3 USB Device(s) found
       scanning usb for storage devices... 0 Storage Device(s) found
       scanning usb for ethernet devices... 1 Ethernet Device(s) found
U-Boot# 
- 07:22:35 [INFO] Host: printenv
- 07:22:35 [INFO] Target: 
printenv
arch=arm
autoload=no
baudrate=115200
board=omap5_uevm
board_name=omap5_uevm
bootargs=console=ttyO2,115200n8 earlyprintk rootwait 
bootcmd=
bootdelay=1
bootdir=/boot
bootfile=zImage
bootm_size=0x10000000
bootpart=0:2
bootscript=echo Running bootscript from mmc${mmcdev} ...; source ${loadaddr}
console=ttyO2,115200n8
cpu=armv7
ethact=sms0
fdt_addr_r=0x88000000
fdtaddr=0x88000000
fdtfile=undefined
findfdt=if test $board_name = omap5_uevm; then setenv fdtfile omap5-uevm.dtb; fi; if test $board_name = dra7xx; then setenv fdtfile dra7-evm.dtb; fi;if test $board_name = dra72x; then setenv fdtfile dra72-evm.dtb; fi;if test $fdtfile = undefined; then echo WARNING: Could not determine device tree to use; fi; 
importbootenv=echo Importing environment from mmc${mmcdev} ...; env import -t ${loadaddr} ${filesize}
kernel_addr_r=0x82000000
loadaddr=0x82000000
loadbootenv=fatload mmc ${mmcdev} ${loadaddr} uEnv.txt
loadbootscript=fatload mmc ${mmcdev} ${loadaddr} boot.scr
loadfdt=load mmc ${bootpart} ${fdtaddr} ${bootdir}/${fdtfile};
loadimage=load mmc ${bootpart} ${loadaddr} ${bootdir}/${bootfile}
mmcargs=setenv bootargs console=${console} ${optargs} vram=${vram} root=${mmcroot} rootfstype=${mmcrootfstype}
mmcboot=mmc dev ${mmcdev}; if mmc rescan; then echo SD/MMC found on device ${mmcdev};if run loadbootenv; then echo Loaded environment from ${bootenv};run importbootenv;fi;if test -n $uenvcmd; then echo Running uenvcmd ...;run uenvcmd;fi;if run loadimage; then run loadfdt; echo Booting from mmc${mmcdev} ...; run mmcargs; bootz ${loadaddr} - ${fdtaddr}; fi;fi;
mmcdev= 
mmcroot=/dev/mmcblk1p2 rw
mmcrootfstype=ext4 rootwait
partitions=uuid_disk=${uuid_gpt_disk};name=rootfs,start=2MiB,size=-,uuid=${uuid_gpt_rootfs}
ramdisk_addr_r=0x88080000
rdaddr=0x88080000
scsidevs=0
serverip=192.168.0.1
soc=omap5
stderr=serial
stdin=serial
stdout=serial
usbethaddr=02:21:03:ff:09:60
usbtty=cdc_acm
vendor=ti
ver=U-Boot 2014.07-00071-gaca0808 (Oct 02 2014 - 11:23:17)
vram=16M
Environment size: 2066/131067 bytes
U-Boot# 
- 07:22:35 [INFO] Host: setenv bootargs ''${bootargs}' ip=:::::eth0:dhcp '
- 07:22:35 [INFO] Target: 
setenv bootargs ''${bootargs}' ip=:::::eth0:dhcp '
U-Boot# 
- 07:22:35 [INFO] Host: setenv serverip '192.168.0.1'
- 07:22:35 [INFO] Target: 
setenv serverip '192.168.0.1'
U-Boot# 
- 07:22:35 [INFO] Host: setenv ipaddr dhcp
- 07:22:35 [INFO] Target: 
setenv ipaddr dhcp
U-Boot# 
- 07:22:35 [INFO] Host: setenv autoload 'no'
- 07:22:35 [INFO] Target: 
setenv autoload 'no'
U-Boot# 
- 07:22:35 [INFO] Host: dhcp
- 07:22:38 [INFO] Target: 
dhcp
Waiting for Ethernet connection... done.
BOOTP broadcast 1
DHCP client bound to address 192.168.0.121
U-Boot# 
- 07:22:38 [INFO] Host: setenv serverip '192.168.0.1'
- 07:22:38 [INFO] Target: 
setenv serverip '192.168.0.1'
U-Boot# 
- 07:22:38 [INFO] Host: tftp ${loadaddr} 192.168.0.1:vatf_omap5-evm/fefecc35519e63c16b70537201b25389
- 07:22:42 [INFO] Target: 
tftp ${loadaddr} 192.168.0.1:vatf_omap5-evm/fefecc35519e63c16b70537201b25389
Waiting for Ethernet connection... done.
Using sms0 device
TFTP from server 192.168.0.1; our IP address is 192.168.0.121
Filename 'vatf_omap5-evm/fefecc35519e63c16b70537201b25389'.
Load address: 0x82000000
Loading: *#################################################################
	 #################################################################
	 #################################################################
	 #################################################################
	 #################################################################
	 #################################################################
	 #############################################
	 2.8 MiB/s
done
Bytes transferred = 6378872 (615578 hex)
U-Boot# 
- 07:22:42 [INFO] Host: tftp ${fdt_addr_r} 192.168.0.1:vatf_omap5-evm/c096b1c7d52b693609bb04cf82a87118
- 07:22:44 [INFO] Target: 
tftp ${fdt_addr_r} 192.168.0.1:vatf_omap5-evm/c096b1c7d52b693609bb04cf82a87118
Waiting for Ethernet connection... done.
Using sms0 device
TFTP from server 192.168.0.1; our IP address is 192.168.0.121
Filename 'vatf_omap5-evm/c096b1c7d52b693609bb04cf82a87118'.
Load address: 0x88000000
Loading: *####
	 2.5 MiB/s
done
Bytes transferred = 51971 (cb03 hex)
U-Boot# 
- 07:22:44 [INFO] Host: ls mmc 0:1
- 07:22:44 [INFO] Target: 
ls mmc 0:1
    62048   mlo 
   304288   u-boot.img 
  1867895   u-boot 
            old_uboot/
   304240   u-boot.bin 
   704856   u-boot-spl 
    61536   u-boot-spl.bin 
      259   uboot_build.txt 
        4   ws-calibrate.rules 
        0   pointercal 
9 file(s), 1 dir(s)
U-Boot# 
- 07:22:44 [INFO] Host: ls mmc 0:2
- 07:22:44 [INFO] Target: 
ls mmc 0:2
<DIR>       4096 .
<DIR>       4096 ..
<DIR>       4096 bin
<DIR>       4096 boot
<DIR>       4096 dev
<DIR>       4096 etc
<DIR>       4096 home
<DIR>       4096 lib
<DIR>       4096 media
<DIR>       4096 mnt
<DIR>       4096 opt
<DIR>       4096 proc
<SYM>          8 run
<DIR>       4096 sbin
<DIR>       4096 srv
<DIR>       4096 sys
<SYM>          8 tmp
<DIR>       4096 usr
<DIR>       4096 var
<DIR>       4096 www
<DIR>       4096 Settings
<DIR>       4096 test
U-Boot# 
- 07:22:44 [INFO] Host: part uuid mmc 0:2
- 07:22:44 [INFO] Target: 
part uuid mmc 0:2
00000000-02
U-Boot# 
- 07:22:44 [INFO] Host: printenv
- 07:22:44 [INFO] Target: 
printenv
arch=arm
autoload=no
baudrate=115200
board=omap5_uevm
board_name=omap5_uevm
bootargs=console=ttyO2,115200n8 earlyprintk rootwait  ip=:::::eth0:dhcp 
bootcmd=
bootdelay=1
bootdir=/boot
bootfile=zImage
bootm_size=0x10000000
bootpart=0:2
bootscript=echo Running bootscript from mmc${mmcdev} ...; source ${loadaddr}
console=ttyO2,115200n8
cpu=armv7
dnsip=192.0.2.2
ethact=sms0
fdt_addr_r=0x88000000
fdtaddr=0x88000000
fdtfile=undefined
fileaddr=88000000
filesize=cb03
findfdt=if test $board_name = omap5_uevm; then setenv fdtfile omap5-uevm.dtb; fi; if test $board_name = dra7xx; then setenv fdtfile dra7-evm.dtb; fi;if test $board_name = dra72x; then setenv fdtfile dra72-evm.dtb; fi;if test $fdtfile = undefined; then echo WARNING: Could not determine device tree to use; fi; 
gatewayip=192.168.0.1
importbootenv=echo Importing environment from mmc${mmcdev} ...; env import -t ${loadaddr} ${filesize}
ipaddr=192.168.0.121
kernel_addr_r=0x82000000
loadaddr=0x82000000
loadbootenv=fatload mmc ${mmcdev} ${loadaddr} uEnv.txt
loadbootscript=fatload mmc ${mmcdev} ${loadaddr} boot.scr
loadfdt=load mmc ${bootpart} ${fdtaddr} ${bootdir}/${fdtfile};
loadimage=load mmc ${bootpart} ${loadaddr} ${bootdir}/${bootfile}
mmcargs=setenv bootargs console=${console} ${optargs} vram=${vram} root=${mmcroot} rootfstype=${mmcrootfstype}
mmcboot=mmc dev ${mmcdev}; if mmc rescan; then echo SD/MMC found on device ${mmcdev};if run loadbootenv; then echo Loaded environment from ${bootenv};run importbootenv;fi;if test -n $uenvcmd; then echo Running uenvcmd ...;run uenvcmd;fi;if run loadimage; then run loadfdt; echo Booting from mmc${mmcdev} ...; run mmcargs; bootz ${loadaddr} - ${fdtaddr}; fi;fi;
mmcdev= 
mmcroot=/dev/mmcblk1p2 rw
mmcrootfstype=ext4 rootwait
netmask=255.255.255.0
partitions=uuid_disk=${uuid_gpt_disk};name=rootfs,start=2MiB,size=-,uuid=${uuid_gpt_rootfs}
ramdisk_addr_r=0x88080000
rdaddr=0x88080000
scsidevs=0
serverip=192.168.0.1
soc=omap5
stderr=serial
stdin=serial
stdout=serial
usbethaddr=02:21:03:ff:09:60
usbtty=cdc_acm
vendor=ti
ver=U-Boot 2014.07-00071-gaca0808 (Oct 02 2014 - 11:23:17)
vram=16M
Environment size: 2210/131067 bytes
U-Boot# 
- 07:22:44 [INFO] Host: setenv bootargs ''${bootargs}' root=PARTUUID=00000000-02 rw rootfstype=ext4 rootwait '
- 07:22:45 [INFO] Target: 
setenv bootargs ''${bootargs}' root=PARTUUID=00000000-02 rw rootfstype=ext4 rootwait '
U-Boot# 
- 07:22:45 [INFO] Host: printenv
- 07:22:45 [INFO] Target: 
printenv
arch=arm
autoload=no
baudrate=115200
board=omap5_uevm
board_name=omap5_uevm
bootargs=console=ttyO2,115200n8 earlyprintk rootwait  ip=:::::eth0:dhcp  root=PARTUUID=00000000-02 rw rootfstype=ext4 rootwait 
bootcmd=
bootdelay=1
bootdir=/boot
bootfile=zImage
bootm_size=0x10000000
bootpart=0:2
bootscript=echo Running bootscript from mmc${mmcdev} ...; source ${loadaddr}
console=ttyO2,115200n8
cpu=armv7
dnsip=192.0.2.2
ethact=sms0
fdt_addr_r=0x88000000
fdtaddr=0x88000000
fdtfile=undefined
fileaddr=88000000
filesize=cb03
findfdt=if test $board_name = omap5_uevm; then setenv fdtfile omap5-uevm.dtb; fi; if test $board_name = dra7xx; then setenv fdtfile dra7-evm.dtb; fi;if test $board_name = dra72x; then setenv fdtfile dra72-evm.dtb; fi;if test $fdtfile = undefined; then echo WARNING: Could not determine device tree to use; fi; 
gatewayip=192.168.0.1
importbootenv=echo Importing environment from mmc${mmcdev} ...; env import -t ${loadaddr} ${filesize}
ipaddr=192.168.0.121
kernel_addr_r=0x82000000
loadaddr=0x82000000
loadbootenv=fatload mmc ${mmcdev} ${loadaddr} uEnv.txt
loadbootscript=fatload mmc ${mmcdev} ${loadaddr} boot.scr
loadfdt=load mmc ${bootpart} ${fdtaddr} ${bootdir}/${fdtfile};
loadimage=load mmc ${bootpart} ${loadaddr} ${bootdir}/${bootfile}
mmcargs=setenv bootargs console=${console} ${optargs} vram=${vram} root=${mmcroot} rootfstype=${mmcrootfstype}
mmcboot=mmc dev ${mmcdev}; if mmc rescan; then echo SD/MMC found on device ${mmcdev};if run loadbootenv; then echo Loaded environment from ${bootenv};run importbootenv;fi;if test -n $uenvcmd; then echo Running uenvcmd ...;run uenvcmd;fi;if run loadimage; then run loadfdt; echo Booting from mmc${mmcdev} ...; run mmcargs; bootz ${loadaddr} - ${fdtaddr}; fi;fi;
mmcdev= 
mmcroot=/dev/mmcblk1p2 rw
mmcrootfstype=ext4 rootwait
netmask=255.255.255.0
partitions=uuid_disk=${uuid_gpt_disk};name=rootfs,start=2MiB,size=-,uuid=${uuid_gpt_rootfs}
ramdisk_addr_r=0x88080000
rdaddr=0x88080000
scsidevs=0
serverip=192.168.0.1
soc=omap5
stderr=serial
stdin=serial
stdout=serial
usbethaddr=02:21:03:ff:09:60
usbtty=cdc_acm
vendor=ti
ver=U-Boot 2014.07-00071-gaca0808 (Oct 02 2014 - 11:23:17)
vram=16M
Environment size: 2265/131067 bytes
U-Boot# 
- 07:22:45 [INFO] Host: setenv bootcmd ''${bootcmd}' if iminfo ${loadaddr}; then bootm ${loadaddr} - ${fdt_addr_r}; else bootz ${loadaddr} - ${fdt_addr_r}; bootm ${loadaddr} - ${fdt_addr_r}; fi'
- 07:22:45 [INFO] Target: 
setenv bootcmd ''${bootcmd}' if iminfo ${loadaddr}; then bootm ${loadaddr} - ${fdt_addr_r}; else bootz ${loadaddr} - ${fdt_addr_r}; bootm ${loadaddr} - ${fdt_addr_r}; fi'
U-Boot# 
- 07:22:45 [INFO] Host: version
- 07:22:45 [INFO] Target: 
version
U-Boot 2014.07-00071-gaca0808 (Oct 02 2014 - 11:23:17)
arm-linux-gnueabihf-gcc (crosstool-NG linaro-1.13.1-4.7-2013.03-20130313 - Linaro GCC 2013.03) 4.7.3 20130226 (prerelease)
GNU ld (crosstool-NG linaro-1.13.1-4.7-2013.03-20130313 - Linaro GCC 2013.03) 2.23.1
U-Boot# 
- 07:22:45 [INFO] Host: bdinfo
- 07:22:45 [INFO] Target: 
bdinfo
arch_number = 0x00000EC1
boot_params = 0x80000100
DRAM bank   = 0x00000000
-> start    = 0x80000000
-> size     = 0x7F000000
eth0name    = sms0
ethaddr     = (not set)
current eth = sms0
ip_addr     = 192.168.0.121
baudrate    = 115200 bps
TLB addr    = 0xFEFF0000
relocaddr   = 0xFEF61000
reloc off   = 0x7E761000
irq_sp      = 0xFDF40EE0
sp start    = 0xFDF40ED0
U-Boot# 
- 07:22:45 [INFO] Host: mmc rescan; echo $?
- 07:22:45 [INFO] Target: 
mmc rescan; echo $?
U-Boot# 
- 07:22:45 [INFO] Host: fatwrite mmc ${mmcdev}:1 ${loadaddr} ws-calibrate.rules 4
- 07:22:45 [INFO] Target: 
fatwrite mmc ${mmcdev}:1 ${loadaddr} ws-calibrate.rules 4
writing ws-calibrate.rules
4 bytes written
U-Boot# 
- 07:22:45 [INFO] Host: boot
- 07:22:56 [INFO] Target: 
boot
## Checking Image at 82000000 ...
Unknown image format!
Kernel image @ 0x82000000 [ 0x000000 - 0x615578 ]
## Flattened Device Tree blob at 88000000
   Booting using the fdt blob at 0x88000000
   Loading Device Tree to 8fff0000, end 8ffffb02 ... OK
Starting kernel ...
[    0.000000] Booting Linux on physical CPU 0x0
[    0.000000] Linux version 4.2.0-rc6-next-20150810-00002-gd3061de199ce (nmenon@kahuna) (gcc version 4.6.3 (Ubuntu/Linaro 4.6.3-1ubuntu5) ) #1 SMP Wed Aug 12 06:32:25 CDT 2015
[    0.000000] CPU: ARMv7 Processor [412fc0f2] revision 2 (ARMv7), cr=30c5387d
[    0.000000] CPU: PIPT / VIPT nonaliasing data cache, PIPT instruction cache
[    0.000000] Machine model: TI OMAP5 uEVM board
[    0.000000] cma: Reserved 64 MiB at 0x00000000fa800000
[    0.000000] Forcing write-allocate cache policy for SMP
[    0.000000] Memory policy: Data cache writealloc
[    0.000000] OMAP4: Map 0x00000000fed00000 to fe600000 for dram barrier
[    0.000000] OMAP5432 ES2.0
[    0.000000] PERCPU: Embedded 12 pages/cpu @ee7c7000 s19200 r8192 d21760 u49152
[    0.000000] Built 1 zonelists in Zone order, mobility grouping on.  Total pages: 517904
[    0.000000] Kernel command line: console=ttyO2,115200n8 earlyprintk rootwait  ip=:::::eth0:dhcp  root=PARTUUID=00000000-02 rw rootfstype=ext4 rootwait 
[    0.000000] PID hash table entries: 4096 (order: 2, 16384 bytes)
[    0.000000] Dentry cache hash table entries: 131072 (order: 7, 524288 bytes)
[    0.000000] Inode-cache hash table entries: 65536 (order: 6, 262144 bytes)
[    0.000000] Memory: 1980632K/2077696K available (8068K kernel code, 1018K rwdata, 3600K rodata, 1020K init, 345K bss, 31528K reserved, 65536K cma-reserved, 1233920K highmem)
[    0.000000] Virtual kernel memory layout:
[    0.000000]     vector  : 0xffff0000 - 0xffff1000   (   4 kB)
[    0.000000]     fixmap  : 0xffc00000 - 0xfff00000   (3072 kB)
[    0.000000]     vmalloc : 0xf0000000 - 0xff000000   ( 240 MB)
[    0.000000]     lowmem  : 0xc0000000 - 0xef800000   ( 760 MB)
[    0.000000]     pkmap   : 0xbfe00000 - 0xc0000000   (   2 MB)
[    0.000000]     modules : 0xbf000000 - 0xbfe00000   (  14 MB)
[    0.000000]       .text : 0xc0208000 - 0xc0d6e21c   (11673 kB)
[    0.000000]       .init : 0xc0d6f000 - 0xc0e6e000   (1020 kB)
[    0.000000]       .data : 0xc0e6e000 - 0xc0f6ca80   (1019 kB)
[    0.000000]        .bss : 0xc0f6f000 - 0xc0fc5460   ( 346 kB)
[    0.000000] SLUB: HWalign=64, Order=0-3, MinObjects=0, CPUs=2, Nodes=1
[    0.000000] Hierarchical RCU implementation.
[    0.000000] 	Build-time adjustment of leaf fanout to 32.
[    0.000000] 	RCU restricting CPUs from NR_CPUS=16 to nr_cpu_ids=2.
[    0.000000] RCU: Adjusting geometry for rcu_fanout_leaf=32, nr_cpu_ids=2
[    0.000000] NR_IRQS:16 nr_irqs:16 16
[    0.000000] OMAP clockevent source: timer1 at 32768 Hz
[    0.000000] clocksource: 32k_counter: mask: 0xffffffff max_cycles: 0xffffffff, max_idle_ns: 58327039986419 ns
[    0.000000] sched_clock: 32 bits at 32kHz, resolution 30517ns, wraps every 65535999984741ns
[    0.000000] OMAP clocksource: 32k_counter at 32768 Hz
[    0.000396] Architected cp15 timer(s) running at 6.14MHz (virt).
[    0.000427] clocksource: arch_sys_counter: mask: 0xffffffffffffff max_cycles: 0x16ac02862, max_idle_ns: 440795202218 ns
[    0.000431] sched_clock: 56 bits at 6MHz, resolution 162ns, wraps every 4398046511085ns
[    0.000441] Switching to timer-based delay loop, resolution 162ns
[    0.004181] Console: colour dummy device 80x30
[    0.004199] Calibrating delay loop (skipped), value calculated using timer frequency.. 12.28 BogoMIPS (lpj=30720)
[    0.004211] pid_max: default: 32768 minimum: 301
[    0.004292] Mount-cache hash table entries: 2048 (order: 1, 8192 bytes)
[    0.004302] Mountpoint-cache hash table entries: 2048 (order: 1, 8192 bytes)
[    0.004750] CPU: Testing write buffer coherency: ok
[    0.004900] /cpus/cpu@0 missing clock-frequency property
[    0.004912] /cpus/cpu@1 missing clock-frequency property
[    0.004921] CPU0: thread -1, cpu 0, socket 0, mpidr 80000000
[    0.004954] Setting up static identity map for 0x80209000 - 0x80209170
[    0.008386] CPU1: thread -1, cpu 1, socket 0, mpidr 80000001
[    0.008442] Brought up 2 CPUs
[    0.008454] SMP: Total of 2 processors activated (24.57 BogoMIPS).
[    0.008460] CPU: All CPU(s) started in SVC mode.
[    0.008795] devtmpfs: initialized
[    0.021332] VFP support v0.3: implementor 41 architecture 4 part 30 variant f rev 0
[    0.022025] omap_hwmod: l3_main_3 using broken dt data from ocp
[    0.022464] omap_hwmod: l3_main_2 using broken dt data from ocp
[    0.086260] clocksource: jiffies: mask: 0xffffffff max_cycles: 0xffffffff, max_idle_ns: 9556302231375000 ns
[    0.087582] pinctrl core: initialized pinctrl subsystem
[    0.088863] NET: Registered protocol family 16
[    0.090345] DMA: preallocated 256 KiB pool for atomic coherent allocations
[    0.105710] cpuidle: using governor ladder
[    0.120727] cpuidle: using governor menu
[    0.125448] OMAP GPIO hardware version 0.1
[    0.129013] platform 50000000.gpmc: Cannot lookup hwmod 'gpmc'
[    0.129139] omap-gpmc 50000000.gpmc: _od_fail_runtime_resume: FIXME: missing hwmod/omap_dev info
[    0.129151] omap-gpmc 50000000.gpmc: GPMC revision 6.0
[    0.131642] irq: no irq domain found for /ocp/l4@4a000000/scm@2800/pinmux@40 !
[    0.141715] No ATAGs?
[    0.141738] hw-breakpoint: found 5 (+1 reserved) breakpoint and 4 watchpoint registers.
[    0.141745] hw-breakpoint: maximum watchpoint size is 8 bytes.
[    0.142899] OMAP DMA hardware revision 0.0
[    0.146362] Serial: AMBA PL011 UART driver
[    0.171613] omap-dma-engine 4a056000.dma-controller: OMAP DMA engine driver
[    0.174711] vgaarb: loaded
[    0.175325] SCSI subsystem initialized
[    0.175672] usbcore: registered new interface driver usbfs
[    0.175721] usbcore: registered new interface driver hub
[    0.175760] usbcore: registered new device driver usb
[    0.176062] hsusb2_phy supply vcc not found, using dummy regulator
[    0.176161] hsusb3_phy supply vcc not found, using dummy regulator
[    0.176701] omap_i2c 48070000.i2c: could not find pctldev for node /ocp/l4@4a000000/scm@2800/pinmux@40/pinmux_i2c1_pins, deferring probe
[    0.176986] omap_i2c 48072000.i2c: bus 1 rev0.12 at 100 kHz
[    0.177252] omap_i2c 48060000.i2c: bus 2 rev0.12 at 100 kHz
[    0.177510] omap_i2c 4807a000.i2c: bus 3 rev0.12 at 100 kHz
[    0.177545] omap_i2c 4807c000.i2c: could not find pctldev for node /ocp/l4@4a000000/scm@2800/pinmux@40/pinmux_i2c5_pins, deferring probe
[    0.178398] pps_core: LinuxPPS API ver. 1 registered
[    0.178404] pps_core: Software ver. 5.3.6 - Copyright 2005-2007 Rodolfo Giometti <giometti@linux.it>
[    0.178426] PTP clock support registered
[    0.178627] EDAC MC: Ver: 3.0.0
[    0.180575] clocksource: Switched to clocksource arch_sys_counter
[    0.188941] NET: Registered protocol family 2
[    0.189296] TCP established hash table entries: 8192 (order: 3, 32768 bytes)
[    0.189367] TCP bind hash table entries: 8192 (order: 4, 65536 bytes)
[    0.189497] TCP: Hash tables configured (established 8192 bind 8192)
[    0.189540] UDP hash table entries: 512 (order: 2, 16384 bytes)
[    0.189569] UDP-Lite hash table entries: 512 (order: 2, 16384 bytes)
[    0.189689] NET: Registered protocol family 1
[    0.189885] RPC: Registered named UNIX socket transport module.
[    0.189892] RPC: Registered udp transport module.
[    0.189898] RPC: Registered tcp transport module.
[    0.189903] RPC: Registered tcp NFSv4.1 backchannel transport module.
[    0.226948] hw perfevents: enabled with armv7_cortex_a15 PMU driver, 7 counters available
[    0.228646] futex hash table entries: 512 (order: 3, 32768 bytes)
[    0.237731] squashfs: version 4.0 (2009/01/31) Phillip Lougher
[    0.238413] NFS: Registering the id_resolver key type
[    0.238440] Key type id_resolver registered
[    0.238446] Key type id_legacy registered
[    0.238504] ntfs: driver 2.1.32 [Flags: R/O].
[    0.239264] bounce: pool size: 64 pages
[    0.239429] Block layer SCSI generic (bsg) driver version 0.4 loaded (major 249)
[    0.239443] io scheduler noop registered
[    0.239455] io scheduler deadline registered
[    0.239484] io scheduler cfq registered (default)
[    0.242946] ti-pipe3 4a096000.phy: can't get syscon-pllreset, sata dpll won't idle
[    0.245205] pinctrl-single 4a002840.pinmux: 219 pins at pa fc002840 size 438
[    0.245392] pinctrl-single 4ae0c840.pinmux: 28 pins at pa fce0c840 size 56
[    0.297099] Serial: 8250/16550 driver, 4 ports, IRQ sharing disabled
[    0.299122] SuperH (H)SCI(F) driver initialized
[    0.300032] msm_serial: driver initialized
[    0.300640] omap_uart 4806a000.serial: no wakeirq for uart0
[    0.300728] 4806a000.serial: ttyO0 at MMIO 0x4806a000 (irq = 306, base_baud = 3000000) is a OMAP UART0
[    0.301028] omap_uart 4806c000.serial: no wakeirq for uart1
[    0.301097] 4806c000.serial: ttyO1 at MMIO 0x4806c000 (irq = 307, base_baud = 3000000) is a OMAP UART1
[    0.301458] 48020000.serial: ttyO2 at MMIO 0x48020000 (irq = 308, base_baud = 3000000) is a OMAP UART2
[    1.120595] console [ttyO2] enabled
[    1.124488] omap_uart 4806e000.serial: no wakeirq for uart3
[    1.130400] 4806e000.serial: ttyO3 at MMIO 0x4806e000 (irq = 309, base_baud = 3000000) is a OMAP UART3
[    1.140413] omap_uart 48066000.serial: no wakeirq for uart4
[    1.146321] 48066000.serial: ttyO4 at MMIO 0x48066000 (irq = 310, base_baud = 3000000) is a OMAP UART4
[    1.156319] omap_uart 48068000.serial: no wakeirq for uart5
[    1.162221] 48068000.serial: ttyO5 at MMIO 0x48068000 (irq = 311, base_baud = 3000000) is a OMAP UART5
[    1.172277] STMicroelectronics ASC driver initialized
[    1.179183] [drm] Initialized drm 1.1.0 20060810
[    1.190555] loop: module loaded
[    1.195194] ahci 4a140000.sata: SSS flag set, parallel bus scan disabled
[    1.202241] ahci 4a140000.sata: AHCI 0001.0300 32 slots 1 ports 3 Gbps 0x1 impl platform mode
[    1.211177] ahci 4a140000.sata: flags: 64bit ncq sntf stag pm led clo only pmp pio slum part ccc apst 
[    1.221657] scsi host0: ahci
[    1.224897] ata1: SATA max UDMA/133 mmio [mem 0x4a140000-0x4a1410ff] port 0x100 irq 338
[    1.239885] CAN device driver interface
[    1.245168] igb: Intel(R) Gigabit Ethernet Network Driver - version 5.3.0-k
[    1.252461] igb: Copyright (c) 2007-2014 Intel Corporation.
[    1.261172] pegasus: v0.9.3 (2013/04/25), Pegasus/Pegasus II USB Ethernet driver
[    1.268962] usbcore: registered new interface driver pegasus
[    1.274946] usbcore: registered new interface driver asix
[    1.280643] usbcore: registered new interface driver ax88179_178a
[    1.287068] usbcore: registered new interface driver cdc_ether
[    1.293234] usbcore: registered new interface driver smsc75xx
[    1.299307] usbcore: registered new interface driver smsc95xx
[    1.305362] usbcore: registered new interface driver net1080
[    1.311328] usbcore: registered new interface driver cdc_subset
[    1.317572] usbcore: registered new interface driver zaurus
[    1.323478] usbcore: registered new interface driver cdc_ncm
[    1.330189] omap-dwc3 4a020000.omap_dwc3: vbus init failed
[    1.337148] ehci_hcd: USB 2.0 'Enhanced' Host Controller (EHCI) Driver
[    1.343997] ehci-pci: EHCI PCI platform driver
[    1.348694] ehci-platform: EHCI generic platform driver
[    1.354368] ehci-omap: OMAP-EHCI Host Controller driver
[    1.371913] ehci-omap 4a064c00.ehci: EHCI Host Controller
[    1.377591] ehci-omap 4a064c00.ehci: new USB bus registered, assigned bus number 1
[    1.385674] ehci-omap 4a064c00.ehci: irq 406, io mem 0x4a064c00
[    1.400588] ehci-omap 4a064c00.ehci: USB 2.0 started, EHCI 1.00
[    1.407417] hub 1-0:1.0: USB hub found
[    1.411385] hub 1-0:1.0: 3 ports detected
[    1.456085] ehci-orion: EHCI orion driver
[    1.460431] SPEAr-ehci: EHCI SPEAr driver
[    1.464791] ehci-st: EHCI STMicroelectronics driver
[    1.470032] ehci-exynos: EHCI EXYNOS driver
[    1.474579] ehci-atmel: EHCI Atmel driver
[    1.478917] tegra-ehci: Tegra EHCI driver
[    1.483289] ohci_hcd: USB 1.1 'Open' Host Controller (OHCI) Driver
[    1.489773] ohci-pci: OHCI PCI platform driver
[    1.494470] ohci-platform: OHCI generic platform driver
[    1.500101] ohci-omap3: OHCI OMAP3 driver
[    1.504472] ohci-omap3 4a064800.ohci: OHCI Host Controller
[    1.510232] ohci-omap3 4a064800.ohci: new USB bus registered, assigned bus number 2
[    1.518414] ohci-omap3 4a064800.ohci: irq 405, io mem 0x4a064800
[    1.555592] ata1: SATA link down (SStatus 0 SControl 300)
[    1.596151] hub 2-0:1.0: USB hub found
[    1.600095] hub 2-0:1.0: 3 ports detected
[    1.604696] SPEAr-ohci: OHCI SPEAr driver
[    1.609054] ohci-st: OHCI STMicroelectronics driver
[    1.614314] ohci-atmel: OHCI Atmel driver
[    1.618739] usbcore: registered new interface driver usb-storage
[    1.626439] mousedev: PS/2 mouse device common for all mice
[    1.635821] i2c /dev entries driver
[    1.647463] sdhci: Secure Digital Host Controller Interface driver
[    1.653936] sdhci: Copyright(c) Pierre Ossman
[    1.659540] omap_hsmmc 4809c000.mmc: unable to get vmmc regulator -517
[    1.710830] 480ad000.mmc supply vmmc not found, using dummy regulator
[    1.717704] omap_hsmmc 480ad000.mmc: could not set regulator OCR (-22)
[    1.735594] usb 1-3: new high-speed USB device number 2 using ehci-omap
[    1.751405] Synopsys Designware Multimedia Card Interface Driver
[    1.758766] sdhci-pltfm: SDHCI platform and OF driver helper
[    1.766631] ledtrig-cpu: registered to indicate activity on CPUs
[    1.773099] usbcore: registered new interface driver usbhid
[    1.778942] usbhid: USB HID core driver
[    1.787020] NET: Registered protocol family 10
[    1.792189] sit: IPv6 over IPv4 tunneling driver
[    1.797506] NET: Registered protocol family 17
[    1.799064] mmc0: MAN_BKOPS_EN bit is not set
[    1.800720] mmc0: new high speed MMC card at address 0001
[    1.801008] mmcblk0: mmc0:0001 SEM04G 3.68 GiB 
[    1.801099] mmcblk0boot0: mmc0:0001 SEM04G partition 1 2.00 MiB
[    1.801189] mmcblk0boot1: mmc0:0001 SEM04G partition 2 2.00 MiB
[    1.801849]  mmcblk0: p1
[    1.832179] can: controller area network core (rev 20120528 abi 9)
[    1.838704] NET: Registered protocol family 29
[    1.843368] can: raw protocol (rev 20120528)
[    1.847847] can: broadcast manager protocol (rev 20120528 t)
[    1.853786] can: netlink gateway (rev 20130117) max_hops=1
[    1.859853] Key type dns_resolver registered
[    1.864488] omap_vc_init_channel: No PMIC info for vdd_core
[    1.870322] omap_vp_init: No PMIC info for vdd_core
[    1.875438] omap_vc_init_channel: No PMIC info for vdd_mm
[    1.878526] smsc95xx v1.0.4
[    1.884020] omap_vp_init: No PMIC info for vdd_mm
[    1.888949] omap_vc_init_channel: No PMIC info for vdd_mpu
[    1.894701] omap_vp_init: No PMIC info for vdd_mpu
[    1.900280] Power Management for TI OMAP4+ devices.
[    1.905552] ThumbEE CPU extension supported.
[    1.910057] Registering SWP/SWPB emulation handler
[    1.917052] palmas 0-0048: Irq flag is 0x00000000
[    1.940159] smsc95xx 1-3:1.0 eth0: register 'smsc95xx' at usb-4a064c00.ehci-3, smsc95xx USB 2.0 Ethernet, aa:dc:ad:fa:9f:19
[    1.954129] palmas 0-0048: Muxing GPIO 2, PWM 0, LED 0
[    1.989472] omap_i2c 48070000.i2c: bus 0 rev0.12 at 400 kHz
[    2.016255] omap_i2c 4807c000.i2c: bus 4 rev0.12 at 400 kHz
[    2.060044] hctosys: unable to open rtc device (rtc0)
[    2.114303] IPv6: ADDRCONF(NETDEV_UP): eth0: link is not ready
[    2.129896] mmc2: host does not support reading read-only switch, assuming write-enable
[    2.143325] mmc2: new high speed SDHC card at address e624
[    2.149279] mmcblk1: mmc2:e624 SU04G 3.69 GiB 
[    2.156458]  mmcblk1: p1 p2 p3
[    2.180579] usb 1-2: new high-speed USB device number 3 using ehci-omap
[    2.316479] hub 1-2:1.0: USB hub found
[    2.320474] hub 1-2:1.0: 3 ports detected
[    3.635597] IPv6: ADDRCONF(NETDEV_CHANGE): eth0: link becomes ready
[    3.642287] smsc95xx 1-3:1.0 eth0: link up, 100Mbps, full-duplex, lpa 0xC5E1
[    3.650585] Sending DHCP requests ., OK
[    4.725581] IP-Config: Got DHCP answer from 192.168.0.1, my address is 192.168.0.177
[    4.733816] IP-Config: Complete:
[    4.737226]      device=eth0, hwaddr=aa:dc:ad:fa:9f:19, ipaddr=192.168.0.177, mask=255.255.255.0, gw=192.168.0.1
[    4.747917]      host=192.168.0.177, domain=tim.com, nis-domain=(none)
[    4.754770]      bootserver=192.168.0.1, rootserver=192.168.0.1, rootpath=
[    4.761813]      nameserver0=192.0.2.2, nameserver1=192.0.2.3
[    4.768325] ldo8: disabling
[    4.771957] ldo3: disabling
[    4.798584] EXT4-fs (mmcblk1p2): mounted filesystem with ordered data mode. Opts: (null)
[    4.807105] VFS: Mounted root (ext4 filesystem) on device 179:50.
[    4.816722] devtmpfs: mounted
[    4.820382] Freeing unused kernel memory: 1020K (c0d6f000 - c0e6e000)
INIT: version 2.88 booting
Error opening /dev/fb0: No such file or directory
Starting udev
[    5.199327] udevd[94]: starting version 182
[    6.060228] FAT-fs (mmcblk0p1): Volume was not properly unmounted. Some data may be corrupt. Please run fsck.
[    6.100178] EXT4-fs (mmcblk1p3): mounted filesystem with ordered data mode. Opts: (null)
[    6.109233] FAT-fs (mmcblk1p1): Volume was not properly unmounted. Some data may be corrupt. Please run fsck.
Starting Bootlog daemon: bootlogd.
[    6.190394] EXT4-fs (mmcblk1p2): re-mounted. Opts: data=ordered
[    6.218815] random: dd urandom read with 72 bits of entropy available
ALSA: Restoring mixer settings...
Configuring network interfaces... /usr/sbin/alsactl: load_state:1696: No soundcards found...
udhcpc (v1.20.2) started
Sending discover...
Sending select for 192.168.0.177...
Lease of 192.168.0.177 obtained, lease time 600
/etc/udhcpc.d/50default: Adding DNS 192.0.2.2
/etc/udhcpc.d/50default: Adding DNS 192.0.2.3
done.
hwclock: can't open '/dev/misc/rtc': No such file or directory
Sat Jan  3 06:45:00 UTC 2015
hwclock: can't open '/dev/misc/rtc': No such file or directory
INIT: Entering runlevel: 5
Starting system message bus: dbus.
Starting Dropbear SSH server: dropbear.
Starting telnet daemon.
hwclock: can't open '/dev/misc/rtc': No such file or directory
Starting syslogd/klogd: done
Starting thttpd.
Starting Lighttpd Web Server: 2015-01-03 06:45:00: (log.c.166) server started 
lighttpd.
Starting Matrix GUI application.
[    8.170655] random: nonblocking pool is initialized
***************************************************************
***************************************************************
NOTICE: This file system contains the followin GPLv3 packages:
	binutils-symlinks
	binutils
	gdbserver
	parted
If you do not wish to distribute GPLv3 components please remove
the above packages prior to distribution.  This can be done using
the opkg remove command.  i.e.:
    opkg remove <package>
Where <package> is the name printed in the list above
NOTE: If the package is a dependency of another package you
      will be notified of the dependent packages.  You should
      use the --force-removal-of-dependent-packages option to
      also remove the dependent packages as well
***************************************************************
***************************************************************
Stopping Bootlog daemon: bootlogd.
 _____                    _____           _         _   
|  _  |___ ___ ___ ___   |  _  |___ ___  |_|___ ___| |_ 
|     |  _| .'| . | . |  |   __|  _| . | | | -_|  _|  _|
|__|__|_| |__,|_  |___|  |__|  |_| |___|_| |___|___|_|  
              |___|                    |___|            
Arago Project http://arago-project.org omap5-evm ttyO2
Arago 2013.12 omap5-evm ttyO2
omap5-evm login: 
- 07:22:56 [INFO] Host: root
- 07:22:56 [INFO] Target: 
root
root@omap5-evm:~# 
- 07:22:56 [INFO] Host: uname -a
- 07:22:56 [INFO] Target: 
uname -a
Linux omap5-evm 4.2.0-rc6-next-20150810-00002-gd3061de199ce #1 SMP Wed Aug 12 06:32:25 CDT 2015 armv7l GNU/Linux
root@omap5-evm:~# 
- 07:22:56 [INFO] Host: cat /proc/cmdline
- 07:22:56 [INFO] Target: 
cat /proc/cmdline
console=ttyO2,115200n8 earlyprintk rootwait  ip=:::::eth0:dhcp  root=PARTUUID=00000000-02 rw rootfstype=ext4 rootwait 
root@omap5-evm:~# 
- 07:22:56 [INFO] Host: uname -a
- 07:22:56 [INFO] Target: 
uname -a
Linux omap5-evm 4.2.0-rc6-next-20150810-00002-gd3061de199ce #1 SMP Wed Aug 12 06:32:25 CDT 2015 armv7l GNU/Linux
root@omap5-evm:~# 
- 07:22:56 [INFO] Host: cat /proc/mtd
- 07:22:56 [INFO] Target: 
cat /proc/mtd
dev:    size   erasesize  name
root@omap5-evm:~# 
- 07:23:02 [INFO] Host: export IPERFHOST=192.168.0.1
- 07:23:02 [INFO] Target: 
export IPERFHOST=192.168.0.1
root@omap5-evm:~# 
- 07:23:02 [INFO] Host: export NFS_SERVER=192.168.0.1
- 07:23:02 [INFO] Target: 
export NFS_SERVER=192.168.0.1
root@omap5-evm:~# 
- 07:23:02 [INFO] Host: export NFS_ROOT_PATH=/home/tigtfarm06/NFS_exports/linux/omap5-evm
- 07:23:02 [INFO] Target: 
export NFS_ROOT_PATH=/home/tigtfarm06/NFS_exports/linux/omap5- 
root@omap5-evm:~# 
- 07:23:02 [INFO] Host: mkdir -p -m 777 /test
- 07:23:02 [INFO] Target: 
mkdir -p -m 777 /test
root@omap5-evm:~# 
- 07:23:02 [INFO] Host: cd /test
- 07:23:02 [INFO] Target: 
cd /test
root@omap5-evm:/test# 
- 07:23:02 [INFO] Host: cat > test.sh << EOF
- 07:23:03 [INFO] Target: 
cat > test.sh << EOF
- 07:23:03 [INFO] Host: failtest() {
- 07:23:03 [INFO] Target: 
failtest() {
- 07:23:03 [INFO] Host:   echo 1 >&3
- 07:23:03 [INFO] Target: 
  echo 1 >&3
- 07:23:03 [INFO] Host: }
- 07:23:03 [INFO] Target: 
- 07:23:03 [INFO] Host: timeout=600
- 07:23:03 [INFO] Target: 
timeout=600
- 07:23:03 [INFO] Host: 
- 07:23:03 [INFO] Target: 
- 07:23:03 [INFO] Host: # Start of user's script logic
- 07:23:03 [INFO] Target: 
# Start of user's script logic
- 07:23:03 [INFO] Host: mount -t proc proc /proc 2>/dev/null;
- 07:23:03 [INFO] Target: 
mount -t proc proc /proc 2>/dev/null;
- 07:23:03 [INFO] Host: 
- 07:23:03 [INFO] Target: 
- 07:23:03 [INFO] Host: mount -t sysfs sys /sys 2>/dev/null;
- 07:23:03 [INFO] Target: 
mount -t sysfs sys /sys 2>/dev/null;
- 07:23:03 [INFO] Host: 
- 07:23:04 [INFO] Target: 
- 07:23:04 [INFO] Host: mount -t debugfs none /sys/kernel/debug 2>/dev/null;
- 07:23:04 [INFO] Target: 
mount -t debugfs none /sys/kernel/debug 2>/dev/null;
- 07:23:04 [INFO] Host: 
- 07:23:04 [INFO] Target: 
- 07:23:04 [INFO] Host: echo 'cpuinfo:';cat /proc/cpuinfo; echo '=======';
- 07:23:04 [INFO] Target: 
echo 'cpuinfo:';cat /proc/cpuinfo; echo '=======';
- 07:23:04 [INFO] Host: 
- 07:23:04 [INFO] Target: 
- 07:23:04 [INFO] Host: echo 'soc info:';head /sys/devices/soc0/* 2>/dev/null; echo '=======';
- 07:23:04 [INFO] Target: 
echo 'soc info:';head /sys/devices/soc0/* 2>/dev/null; echo '=======';
- 07:23:04 [INFO] Host: 
- 07:23:04 [INFO] Target: 
- 07:23:04 [INFO] Host: echo 'DT Model info'; head /proc/device-tree/name /proc/device-tree/model /proc/device-tree/compatible 2>/dev/null;echo; echo '=======';
- 07:23:04 [INFO] Target: 
echo 'DT Model info'; head /proc/device-tree/name /proc/device-tree/model /pro 
c/device-tree/compatible 2>/dev/null;echo; echo '=======';
- 07:23:04 [INFO] Host: 
- 07:23:04 [INFO] Target: 
- 07:23:04 [INFO] Host: echo 'interrupts:';cat /proc/interrupts; echo '=======';
- 07:23:04 [INFO] Target: 
echo 'interrupts:';cat /proc/interrupts; echo '=======';
- 07:23:04 [INFO] Host: 
- 07:23:05 [INFO] Target: 
- 07:23:05 [INFO] Host: echo 'Clk_summary:';cat /sys/kernel/debug/clk/clk_summary; echo '=======';
- 07:23:05 [INFO] Target: 
echo 'Clk_summary:';cat /sys/kernel/debug/clk/clk_summary; echo '=======';
- 07:23:05 [INFO] Host: 
- 07:23:05 [INFO] Target: 
- 07:23:05 [INFO] Host: echo "Available frequencies"; cat /sys/devices/system/cpu/cpu0/cpufreq/scaling_available_frequencies 2>/dev/null;echo '=======';
- 07:23:05 [INFO] Target: 
echo "Available frequencies"; cat /sys/devices/system/cpu/cpu0/cpufreq/scaling 
_available_frequencies 2>/dev/null;echo '=======';
- 07:23:05 [INFO] Host: 
- 07:23:05 [INFO] Target: 
- 07:23:05 [INFO] Host: TMPF=/tmp/a.\$\$; TMPF2=/tmp/b.\$\$; STR=""
- 07:23:05 [INFO] Target: 
TMPF=/tmp/a.\$\$; TMPF2=/tmp/b.\$\$; STR=""
- 07:23:05 [INFO] Host: 
- 07:23:05 [INFO] Target: 
- 07:23:05 [INFO] Host: cp /dev/kmsg \$TMPF &
- 07:23:05 [INFO] Target: 
cp /dev/kmsg \$TMPF &
- 07:23:05 [INFO] Host: 
- 07:23:05 [INFO] Target: 
- 07:23:05 [INFO] Host: PID=\$! ; sleep 5; kill -9 \$PID
- 07:23:05 [INFO] Target: 
PID=\$! ; sleep 5; kill -9 \$PID
- 07:23:05 [INFO] Host: 
- 07:23:06 [INFO] Target: 
- 07:23:06 [INFO] Host: 
- 07:23:06 [INFO] Target: 
- 07:23:06 [INFO] Host: 
- 07:23:06 [INFO] Target: 
- 07:23:06 [INFO] Host: cat \$TMPF|grep "^0">\$TMPF2; N=\`cat \$TMPF2|wc -l\`; if [ "\$N" -ne 0 ]; then STR="\$STR emerg=\$N";echo "===== EMERGE++";cat \$TMPF2|cut -d ';' -f2;echo "====="; fi
- 07:23:06 [INFO] Target: 
cat \$TMPF|grep "^0">\$TMPF2; N=\`cat \$TMPF2|wc -l\`; if [ "\$N" -ne 0 ]; the 
n STR="\$STR emerg=\$N";echo "===== EMERGE++";cat \$TMPF2|cut -d ';' -f2;echo "= 
===="; fi
- 07:23:06 [INFO] Host: 
- 07:23:06 [INFO] Target: 
- 07:23:06 [INFO] Host: cat \$TMPF|grep "^1">\$TMPF2; N=\`cat \$TMPF2|wc -l\`; if [ "\$N" -ne 0 ]; then STR="\$STR alert=\$N";echo "===== ALERT ==";cat \$TMPF2|cut -d ';' -f2;echo "====="; fi
- 07:23:06 [INFO] Target: 
cat \$TMPF|grep "^1">\$TMPF2; N=\`cat \$TMPF2|wc -l\`; if [ "\$N" -ne 0 ]; the 
n STR="\$STR alert=\$N";echo "===== ALERT ==";cat \$TMPF2|cut -d ';' -f2;echo "= 
===="; fi
- 07:23:06 [INFO] Host: 
- 07:23:06 [INFO] Target: 
- 07:23:06 [INFO] Host: cat \$TMPF|grep "^2">\$TMPF2; N=\`cat \$TMPF2|wc -l\`; if [ "\$N" -ne 0 ]; then STR="\$STR crit=\$N";echo "===== CRIT ==";cat \$TMPF2|cut -d ';' -f2;echo "====="; fi
- 07:23:06 [INFO] Target: 
cat \$TMPF|grep "^2">\$TMPF2; N=\`cat \$TMPF2|wc -l\`; if [ "\$N" -ne 0 ]; the 
n STR="\$STR crit=\$N";echo "===== CRIT ==";cat \$TMPF2|cut -d ';' -f2;echo "=== 
=="; fi
- 07:23:06 [INFO] Host: 
- 07:23:06 [INFO] Target: 
- 07:23:06 [INFO] Host: cat \$TMPF|grep "^3">\$TMPF2; N=\`cat \$TMPF2|wc -l\`; if [ "\$N" -ne 0 ]; then STR="\$STR err=\$N";echo "===== ERR ==";cat \$TMPF2|cut -d ';' -f2;echo "=====" ;fi
- 07:23:06 [INFO] Target: 
cat \$TMPF|grep "^3">\$TMPF2; N=\`cat \$TMPF2|wc -l\`; if [ "\$N" -ne 0 ]; the 
n STR="\$STR err=\$N";echo "===== ERR ==";cat \$TMPF2|cut -d ';' -f2;echo "===== 
" ;fi
- 07:23:06 [INFO] Host: 
- 07:23:07 [INFO] Target: 
- 07:23:07 [INFO] Host: cat \$TMPF|grep "^4">\$TMPF2; N=\`cat \$TMPF2|wc -l\`; if [ "\$N" -ne 0 ]; then STR="\$STR warn=\$N";echo "===== WARN ==";cat \$TMPF2|cut -d ';' -f2;echo "=====" ;fi
- 07:23:07 [INFO] Target: 
cat \$TMPF|grep "^4">\$TMPF2; N=\`cat \$TMPF2|wc -l\`; if [ "\$N" -ne 0 ]; the 
n STR="\$STR warn=\$N";echo "===== WARN ==";cat \$TMPF2|cut -d ';' -f2;echo "=== 
==" ;fi
- 07:23:07 [INFO] Host: 
- 07:23:07 [INFO] Target: 
- 07:23:07 [INFO] Host: rm \$TMPF \$TMPF2; echo "SUM""MARY RESULT: BOOT:" 'PASS: H''ello World' 'B''oard' "Booted" "Boot Log has::::\$STR:"
- 07:23:07 [INFO] Target: 
rm \$TMPF \$TMPF2; echo "SUM""MARY RESULT: BOOT:" 'PASS: H''ello World' 'B''oa 
rd' "Booted" "Boot Log has::::\$STR:"
- 07:23:07 [INFO] Host: 
- 07:23:07 [INFO] Target: 
- 07:23:07 [INFO] Host: EOF
- 07:23:07 [INFO] Target: 
root@omap5-evm:/test# 
- 07:23:07 [INFO] Host: cd /test
- 07:23:07 [INFO] Target: 
cd /test
root@omap5-evm:/test# 
- 07:23:07 [INFO] Host: chmod +x test.sh
- 07:23:07 [INFO] Target: 
chmod +x test.sh
root@omap5-evm:/test# 
- 07:23:07 [INFO] Host: ./test.sh 2> stderr.log > stdout.log 3> result.log
- 07:23:12 [INFO] Target: 
./test.sh 2> stderr.log > stdout.log 3> result.log
root@omap5-evm:/test# 
- 07:23:12 [INFO] Host: echo $?
- 07:23:12 [INFO] Target: 
echo $?
root@omap5-evm:/test# 
- 07:23:12 [INFO] Host: cd /test
- 07:23:13 [INFO] Target: 
cd /test
root@omap5-evm:/test# 
- 07:23:13 [INFO] Host: cat stdout.log
- 07:23:14 [INFO] Target: 
cat stdout.log
cpuinfo:
processor	: 0
model name	: ARMv7 Processor rev 2 (v7l)
BogoMIPS	: 12.28
Features	: half thumb fastmult vfp edsp thumbee neon vfpv3 tls vfpv4 idiva idivt vfpd32 lpae evtstrm 
CPU implementer	: 0x41
CPU architecture: 7
CPU variant	: 0x2
CPU part	: 0xc0f
CPU revision	: 2
processor	: 1
model name	: ARMv7 Processor rev 2 (v7l)
BogoMIPS	: 12.28
Features	: half thumb fastmult vfp edsp thumbee neon vfpv3 tls vfpv4 idiva idivt vfpd32 lpae evtstrm 
CPU implementer	: 0x41
CPU architecture: 7
CPU variant	: 0x2
CPU part	: 0xc0f
CPU revision	: 2
Hardware	: Generic OMAP5 (Flattened Device Tree)
Revision	: 0000
Serial		: 0000000000000000
=======
soc info:
==> /sys/devices/soc0/family <==
OMAP5
==> /sys/devices/soc0/machine <==
OMAP5432
==> /sys/devices/soc0/power <==
==> /sys/devices/soc0/revision <==
ES2.0
==> /sys/devices/soc0/subsystem <==
==> /sys/devices/soc0/type <==
==> /sys/devices/soc0/uevent <==
=======
DT Model info
==> /proc/device-tree/name <==
==> /proc/device-tree/model <==
TI OMAP5 uEVM board
==> /proc/device-tree/compatible <==
ti,omap5-uevmti,omap5
=======
interrupts:
           CPU0       CPU1       
 16:          0          0     WUGEN  37 Edge      gp_timer
 19:       1820       1702       GIC  27 Edge      arch_timer
 23:          0          0     WUGEN   9 Edge      l3-dbg-irq
 24:          0          0     WUGEN  10 Edge      l3-app-irq
 26:          0          0     WUGEN  12 Edge      DMA
 27:       3568          0     WUGEN  13 Edge      omap-dma-engine
294:          0          0     WUGEN  20 Edge      gpmc
297:        594          0     WUGEN  56 Edge      48070000.i2c
298:          0          0     WUGEN  57 Edge      48072000.i2c
299:          0          0     WUGEN  61 Edge      48060000.i2c
300:          0          0     WUGEN  62 Edge      4807a000.i2c
301:          8          0     WUGEN  60 Edge      4807c000.i2c
308:       8699          0     WUGEN  74 Edge      OMAP UART2
312:       4848          0     WUGEN  83 Edge      mmc2
313:        859          0     WUGEN  86 Edge      mmc0
314:         13          0     WUGEN  94 Edge      mmc1
335:          1          0     WUGEN  93 Edge    
338:          0          0     WUGEN  54 Edge      4a140000.sata
350:          0          0      PRCM Edge      pinctrl, pinctrl
405:          1          0     WUGEN  76 Edge      ohci_hcd:usb2
406:        290          0     WUGEN  77 Edge      ehci_hcd:usb1
407:          0          0   pinctrl 412 Edge      48020000.serial
408:          1          0     WUGEN   7 Edge      palmas
IPI0:          0          1  CPU wakeup interrupts
IPI1:          0          0  Timer broadcast interrupts
IPI2:       1387       2170  Rescheduling interrupts
IPI3:          0          0  Function call interrupts
IPI4:         14         37  Single function call interrupts
IPI5:          0          0  CPU stop interrupts
IPI6:          0          0  IRQ work interrupts
IPI7:          0          0  completion interrupts
Err:          0
=======
Clk_summary:
   clock                         enable_cnt  prepare_cnt        rate   accuracy   phase
----------------------------------------------------------------------------------------
 dummy_ck                                 0            0           0          0 0  
 xclk60mhsp2_ck                           0            0    60000000          0 0  
 xclk60mhsp1_ck                           0            0    60000000          0 0  
 virt_38400000_ck                         0            0    38400000          0 0  
 virt_27000000_ck                         0            0    27000000          0 0  
 virt_26000000_ck                         0            0    26000000          0 0  
 virt_19200000_ck                         1            1    19200000          0 0  
    sys_clkin                             7           15    19200000          0 0  
       auxclk4_src_ck                     0            0    19200000          0 0  
          auxclk4_ck                      0            0     9600000          0 0  
       auxclk3_src_ck                     0            0    19200000          0 0  
          auxclk3_ck                      0            0    19200000          0 0  
             auxclkreq3_ck                0            0    19200000          0 0  
       auxclk2_src_ck                     0            0    19200000          0 0  
          auxclk2_ck                      0            0    19200000          0 0  
             auxclkreq2_ck                0            0    19200000          0 0  
       auxclk1_src_ck                     1            1    19200000          0 0  
          auxclk1_ck                      1            1    19200000          0 0  
             auxclkreq1_ck                0            0    19200000          0 0  
       auxclk0_src_ck                     0            0    19200000          0 0  
          auxclk0_ck                      0            0    19200000          0 0  
             auxclkreq0_ck                0            0    19200000          0 0  
       wkupaon_iclk_mux                   7            8    19200000          0 0  
          l3instr_ts_gclk_div             0            0    19200000          0 0  
       timer9_gfclk_mux                   0            1    19200000          0 0  
       timer4_gfclk_mux                   0            1    19200000          0 0  
       timer3_gfclk_mux                   0            1    19200000          0 0  
       timer2_gfclk_mux                   0            1    19200000          0 0  
       timer11_gfclk_mux                  0            1    19200000          0 0  
       timer10_gfclk_mux                  0            1    19200000          0 0  
       sata_ref_clk                       3            3    19200000          0 0  
       dpll_usb_ck                        1            2   960000000          0 0  
          dpll_usb_m2_ck                  3            3   480000000          0 0  
             usb_host_hs_hsic480m_p3_clk           1            1   480000000          0 0  
             usb_host_hs_hsic480m_p2_clk           1            1   480000000          0 0  
             usb_host_hs_hsic480m_p1_clk           0            0   480000000          0 0  
             l3init_60m_fclk              7            7    60000000          0 0  
                usb_tll_hs_usb_ch2_clk           1            1    60000000          0 0  
                usb_tll_hs_usb_ch1_clk           1            1    60000000          0 0  
                usb_tll_hs_usb_ch0_clk           0            0    60000000          0 0  
                usb_host_hs_utmi_p3_clk           1            1    60000000          0 0  
                utmi_p2_gfclk             1            1    60000000          0 0  
                   usb_host_hs_utmi_p2_clk           1            1    60000000          0 0  
                utmi_p1_gfclk             0            0    60000000          0 0  
                   usb_host_hs_utmi_p1_clk           0            0    60000000          0 0  
                usb_host_hs_hsic60m_p3_clk           1            1    60000000          0 0  
                usb_host_hs_hsic60m_p2_clk           1            1    60000000          0 0  
                usb_host_hs_hsic60m_p1_clk           0            0    60000000          0 0  
          dpll_usb_clkdcoldo              0            1   960000000          0 0  
             usb_otg_ss_refclk960m           0            2   960000000          0 0  
       dpll_usb_byp_mux                   0            0    19200000          0 0  
       dpll_unipro2_ck                    0            0    19200000          0 0  
          dpll_unipro2_m2_ck              0            0    19200000          0 0  
          dpll_unipro2_clkdcoldo           0            0    19200000          0 0  
       dpll_unipro1_ck                    0            0    19200000          0 0  
          dpll_unipro1_m2_ck              0            0    19200000          0 0  
             lli_txphy_ls_clk             0            0    19200000          0 0  
          dpll_unipro1_clkdcoldo           0            0    19200000          0 0  
             lli_txphy_clk                0            0    19200000          0 0  
       dpll_per_ck                        1            1   384000000          0 0  
          dpll_per_m2_ck                  0            0    96000000          0 0  
             func_24m_clk                 0            0    24000000          0 0  
          dpll_per_x2_ck                  1            2   768000000          0 0  
             dpll_per_m3x2_ck             0            0   256000000          0 0  
             dpll_per_m2x2_ck             1            4   192000000          0 0  
                mmc2_fclk_mux             0            1   192000000          0 0  
                   mmc2_fclk              0            1    96000000          0 0  
                mmc1_fclk_mux             0            1   192000000          0 0  
                   mmc1_fclk              0            1    96000000          0 0  
                hsi_fclk                  0            0   192000000          0 0  
                func_96m_fclk             0            6    96000000          0 0  
                   iss_ctrlclk            0            0    96000000          0 0  
                func_48m_fclk             7           14    48000000          0 0  
                   dss_48mhz_clk           0            2    48000000          0 0  
                func_12m_fclk             0            0    12000000          0 0  
             dpll_per_h14x2_ck            0            0   384000000          0 0  
             dpll_per_h12x2_ck            0            1   192000000          0 0  
                dss_dss_clk               0            4   192000000          0 0  
             dpll_per_h11x2_ck            0            0   256000000          0 0  
                fdif_fclk                 0            0   256000000          0 0  
                func_128m_clk             0            0   128000000          0 0  
       dpll_per_byp_mux                   0            0    19200000          0 0  
       dpll_mpu_ck                        1            1  1000000000          0 0  
          dpll_mpu_m2_ck                  1            1  1000000000          0 0  
       dpll_iva_byp_mux                   0            1    19200000          0 0  
          dpll_iva_ck                     0            1    19200000          0 0  
             dpll_iva_x2_ck               0            1    19200000          0 0  
                dpll_iva_h12x2_ck           0            0    19200000          0 0  
                dpll_iva_h11x2_ck           0            1    19200000          0 0  
       dpll_core_ck                       1            1  1063680000          0 0  
          dpll_core_m2_ck                 0            0   531840000          0 0  
          dpll_core_x2_ck                 3            4  2127360000          0 0  
             dpll_core_m3x2_ck            0            0   425472000          0 0  
             dpll_core_h24x2_ck           0            0   354560000          0 0  
             dpll_core_h23x2_ck           0            0   303908572          0 0  
             dpll_core_h22x2_ck           0            1   425472000          0 0  
             dpll_core_h14x2_ck           0            0    33767620          0 0  
                gpu_hyd_gclk_mux           0            0    33767620          0 0  
                gpu_core_gclk_mux           0            0    33767620          0 0  
             dpll_core_h13x2_ck           1            2    34312259          0 0  
             dpll_core_h12x2_ck           1            1   531840000          0 0  
                l3_iclk_div              23           25   265920000          0 0  
                   l4_root_clk_div          44           50   132960000          0 0  
                   gpu_l3_iclk            0            0   265920000          0 0  
                mpu_dpll_hs_clk_div           0            0   531840000          0 0  
                iva_dpll_hs_clk_div           0            0   531840000          0 0  
             dpll_core_h11x2_ck           4            4   265920000          0 0  
             dpll_core_h21x2_ck           0            0   354560000          0 0  
                c2c_fclk                  0            0   354560000          0 0  
                   c2c_iclk               0            0   177280000          0 0  
       dpll_core_byp_mux                  0            0    19200000          0 0  
       dss_syc_gfclk_div                  0            5    19200000          0 0  
          dss_sys_clk                     0            5    19200000          0 0  
          timer8_gfclk_mux                0            1    19200000          0 0  
          timer7_gfclk_mux                0            1    19200000          0 0  
          timer6_gfclk_mux                0            1    19200000          0 0  
          timer5_gfclk_mux                0            1    19200000          0 0  
       custefuse_sys_gfclk_div            0            0     9600000          0 0  
       abe_dpll_bypass_clk_mux            0            0    19200000          0 0  
 virt_16800000_ck                         0            0    16800000          0 0  
 virt_13000000_ck                         0            0    13000000          0 0  
 virt_12000000_ck                         0            0    12000000          0 0  
 sys_32k_ck                               2           15       32768          0 0  
    timer1_gfclk_mux                      1            1       32768          0 0  
    gpio1_dbclk                           0            1       32768          0 0  
    abe_dpll_clk_mux                      1            1       32768          0 0  
       dpll_abe_ck                        1            1    98304000          0 0  
          dpll_abe_x2_ck                  1            1   196608000          0 0  
             dpll_abe_m3x2_ck             0            0    98304000          0 0  
                usb_dpll_hs_clk_div           0            0    32768000          0 0  
                per_dpll_hs_clk_div           0            0    49152000          0 0  
             dpll_abe_m2x2_ck             1            2   196608000          0 0  
                abe_lp_clk_div            0            0    12288000          0 0  
                abe_clk                   1            1   196608000          0 0  
                   aess_fclk              1            1   196608000          0 0  
                      abe_iclk           11           11    98304000          0 0  
                abe_24m_fclk              0            4    24576000          0 0  
                   mcbsp3_sync_mux_ck           0            2    24576000          0 0  
                      mcbsp3_gfclk           0            1    24576000          0 0  
                   mcbsp2_sync_mux_ck           0            2    24576000          0 0  
                      mcbsp2_gfclk           0            1    24576000          0 0  
                   mcbsp1_sync_mux_ck           0            2    24576000          0 0  
                      mcbsp1_gfclk           0            1    24576000          0 0  
                   mcasp_sync_mux_ck           0            0    24576000          0 0  
                      mcasp_gfclk           0            0    24576000          0 0  
                   dmic_sync_mux_ck           0            1    24576000          0 0  
                      dmic_gfclk           0            1    24576000          0 0  
    usb_phy_cm_clk32k                     0            1       32768          0 0  
    mmc1_32khz_clk                        0            1       32768          0 0  
    gpio8_dbclk                           0            1       32768          0 0  
    gpio7_dbclk                           0            1       32768          0 0  
    gpio6_dbclk                           0            1       32768          0 0  
    gpio5_dbclk                           0            1       32768          0 0  
    gpio4_dbclk                           0            1       32768          0 0  
    gpio3_dbclk                           0            1       32768          0 0  
    gpio2_dbclk                           0            1       32768          0 0  
    dss_32khz_clk                         0            1       32768          0 0  
 slimbus_src_clk                          0            0    12000000          0 0  
    slimbus_clk                           0            0    12000000          0 0  
       slimbus1_slimbus_clk               0            0    12000000          0 0  
 secure_32k_clk_src_ck                    0            0       32768          0 0  
 pad_clks_src_ck                          0            1    12000000          0 0  
    pad_clks_ck                           0            4    12000000          0 0  
=======
Available frequencies
1000000 1500000 
=======
===== ERR ==
/cpus/cpu@0 missing clock-frequency property
/cpus/cpu@1 missing clock-frequency property
platform 50000000.gpmc: Cannot lookup hwmod 'gpmc'
omap-dwc3 4a020000.omap_dwc3: vbus init failed
omap_hsmmc 4809c000.mmc: unable to get vmmc regulator -517
omap_hsmmc 480ad000.mmc: could not set regulator OCR (-22)
omap_vc_init_channel: No PMIC info for vdd_core
omap_vp_init: No PMIC info for vdd_core
omap_vc_init_channel: No PMIC info for vdd_mm
omap_vp_init: No PMIC info for vdd_mm
omap_vc_init_channel: No PMIC info for vdd_mpu
omap_vp_init: No PMIC info for vdd_mpu
udevd[94]: starting version 182
=====
===== WARN ==
Forcing write-allocate cache policy for SMP
omap_hwmod: l3_main_3 using broken dt data from ocp
omap_hwmod: l3_main_2 using broken dt data from ocp
omap-gpmc 50000000.gpmc: _od_fail_runtime_resume: FIXME: missing hwmod/omap_dev info
irq: no irq domain found for /ocp/l4@4a000000/scm@2800/pinmux@40 !
hsusb2_phy supply vcc not found, using dummy regulator
hsusb3_phy supply vcc not found, using dummy regulator
480ad000.mmc supply vmmc not found, using dummy regulator
mmc2: host does not support reading read-only switch, assuming write-enable
IP-Config: Got DHCP answer from 192.168.0.1, my address is 192.168.0.177
, nameserver1=192.0.2.3
FAT-fs (mmcblk0p1): Volume was not properly unmounted. Some data may be corrupt. Please run fsck.
FAT-fs (mmcblk1p1): Volume was not properly unmounted. Some data may be corrupt. Please run fsck.
=====
SUMMARY RESULT: BOOT: PASS: Hello World Board Booted Boot Log has:::: err=13 warn=13:
root@omap5-evm:/test# 
- 07:23:14 [INFO] Host: cat stderr.log
- 07:23:14 [INFO] Target: 
cat stderr.log
./test.sh: line 33:   633 Killed                  cp /dev/kmsg $TMPF
root@omap5-evm:/test# 
- 07:23:14 [INFO] Host: cat result.log
- 07:23:16 [ERROR] On command: cat result.log waiting for cat result.log.+?(?m-ix:^1[\0\n\r]+) >>> error: execution expired
- 07:23:16 [INFO] Target: 
cat result.log
root@omap5-evm:/test# 
- 07:23:16 [INFO] Host: cd /test
- 07:23:17 [INFO] Target: 
cd /test
root@omap5-evm:/test# 
URL:gtsystest.telogy.design.ti.com/vatf/tigtfarm06/tigtfarm06_vatf@omap5-evm/tigtfarm0608_12_2015_07_22_07/files/session_iteration_1/test_1
