- 09:39:00 [INFO] Starting target session
- 09:39:00 [INFO] Connected to omap5-evm via serial 
- 09:39:00 [INFO] Host: #check prompt
- 09:39:03 [ERROR] On command: #check prompt waiting for #check prompt.+?(?-mix:((?-mix:login:)|[Pp]assword)) >>> error: execution expired
- 09:39:03 [INFO] Target: 
#check prompt
root@omap5-evm:/test# 
- 09:39:03 [INFO] Host: #check prompt
- 09:39:04 [INFO] Target: 
#check prompt
root@omap5-evm:/test# 
- 09:39:04 [INFO] Host: sync;poweroff
- 09:39:21 [INFO] Target: 
sync;poweroff
Broadcast message from root@omap5-evm (ttyO2) (Wed Jan 21 00:20:52 2015):
The system is going down for system halt NOW!
INIT: Sending processes the TERM signal
root@omap5-evm:/test# 
INIT:Stopping Dropbear SSH server: stopped /usr/sbin/dropbear (pid 725)
dropbear.
Stopping telnet daemon.
Stopping system message bus: Error opening /dev/fb0: No such file or directory
Stopping syslogd/klogd: stopped syslogd (pid 734)
stopped klogd (pid 737)
done
Stopping thttpd.
ALSA: Storing mixer settings...
/usr/sbin/alsactl: save_state:1580: No soundcards found...
Deconfiguring network interfaces... ifdown: interface eth0 not configured
done.
Stopping Lighttpd Web Server: stopped /usr/sbin/lighttpd (pid 744)
lighttpd.
Stopping Matrix GUI applicationstart-stop-daemon: warning: killing process 751: No such process
***************************************************************
***************************************************************
NOTICE: This file system contains the followin GPLv3 packages:
	binutils-symlinks
	binutils
	gdbserver
	parted
If you do not wish to distribute GPLv3 components please remove
the above packages prior to distribution.  This can be done using
the opkg remove command.  i.e.:
    opkg remove <package>
Where <package> is the name printed in the list above
NOTE: If the package is a dependency of another package you
      will be notified of the dependent packages.  You should
      use the --force-removal-of-dependent-packages option to
      also remove the dependent packages as well
***************************************************************
***************************************************************
Sending all processes the TERM signal...
Sending all processes the KILL signal...
Unmounting remote filesystems...
Deactivating swap...
Unmounting local filesystems...
[ 4141.844331] EXT4-fs (mmcblk1p2): re-mounted. Opts: data=ordered
[ 4144.818814] reboot: Power down
- 09:39:21 [INFO] Disconnected serial from omap5-evm
- 09:39:27 [INFO] Connected to omap5-evm via serial 
- 09:39:27 [INFO] Host: 
- 09:39:27 [INFO] Target: 
SATA link 0 timeout.
AHCI 0001.0300 32 slots 1 ports 3 Gbps 0x1 impl SATA mode
flags: 64bit ncq stag pm led clo only pmp pio slum part ccc apst 
scanning bus for devices...
Found 0 device(s).
Net:   No ethernet found.
Hit any key to stop autoboot:  2  0 
=>  
=>  
- 09:39:27 [INFO] Host: 
- 09:39:27 [INFO] Target: 
=>  
=>  
=>  
- 09:39:27 [INFO] Host: version
- 09:39:27 [INFO] Target: 
version
U-Boot 2016.05-rc3-00242-g359d4c4 (May 11 2016 - 07:03:49 -0500)
arm-linux-gnueabihf-gcc (Linaro GCC 5.3-2016.02) 5.3.1 20160113
GNU ld (GNU Binutils) 2.25.0 Linaro 2015_10
- 09:39:27 [INFO] Host: setenv bootargs 'console=ttyO2,115200n8 earlyprintk=serial,ttyO2,115200n8 rootwait '
- 09:39:28 [INFO] Target: 
setenv bootargs 'console=ttyO2,115200n8 earlyprintk=serial,ttyO2,115200n8 rootwait '
- 09:39:28 [INFO] Host: setenv bootcmd  ''
- 09:39:28 [INFO] Target: 
setenv bootcmd  ''
- 09:39:28 [INFO] Host: setenv autoload 'no'
- 09:39:28 [INFO] Target: 
setenv autoload 'no'
- 09:39:28 [INFO] Host: setenv serverip '192.168.0.1'
- 09:39:28 [INFO] Target: 
setenv serverip '192.168.0.1'
- 09:39:28 [INFO] Host: setenv _initramfs -
- 09:39:28 [INFO] Target: 
setenv _initramfs -
- 09:39:28 [INFO] Host: printenv
- 09:39:28 [INFO] Target: 
printenv
_initramfs=-
arch=arm
args_mmc=run finduuid;setenv bootargs console=${console} ${optargs} root=PARTUUID=${uuid} rw rootfstype=${mmcrootfstype}
autoload=no
baudrate=115200
board=omap5_uevm
board_name=omap5_uevm
bootargs=console=ttyO2,115200n8 earlyprintk=serial,ttyO2,115200n8 rootwait 
bootcmd=
bootdelay=2
bootdir=/boot
bootenvfile=uEnv.txt
bootfile=zImage
bootm_size=0x10000000
bootpart=0:2
bootscript=echo Running bootscript from mmc${mmcdev} ...; source ${loadaddr}
console=ttyO2,115200n8
cpu=armv7
dfu_alt_info_emmc=rawemmc raw 0 3751936;boot part 1 1;rootfs part 1 2;MLO fat 1 1;MLO.raw raw 0x100 0x100;u-boot.img.raw raw 0x300 0x400;spl-os-args.raw raw 0x80 0x80;spl-os-image.raw raw 0x900 0x2000;spl-os-args fat 1 1;spl-os-image fat 1 1;u-boot.img fat 1 1;uEnv.txt fat 1 1
dfu_alt_info_mmc=boot part 0 1;rootfs part 0 2;MLO fat 0 1;MLO.raw raw 0x100 0x100;u-boot.img.raw raw 0x300 0x400;spl-os-args.raw raw 0x80 0x80;spl-os-image.raw raw 0x900 0x2000;spl-os-args fat 0 1;spl-os-image fat 0 1;u-boot.img fat 0 1;uEnv.txt fat 0 1
dfu_alt_info_ram=kernel ram 0x80200000 0x4000000;fdt ram 0x80f80000 0x80000;ramdisk ram 0x81000000 0x4000000
dfu_bufsiz=0x10000
dofastboot=0
envboot=mmc dev ${mmcdev}; if mmc rescan; then echo SD/MMC found on device ${mmcdev};if run loadbootscript; then run bootscript;else if run loadbootenv; then echo Loaded env from ${bootenvfile};run importbootenv;fi;if test -n $uenvcmd; then echo Running uenvcmd ...;run uenvcmd;fi;fi;fi;
fdt_addr_r=0x88000000
fdtaddr=0x88000000
fdtfile=undefined
findfdt=if test $board_name = omap5_uevm; then setenv fdtfile omap5-uevm.dtb; fi; if test $board_name = dra7xx; then setenv fdtfile dra7-evm.dtb; fi;if test $board_name = dra72x-revc; then setenv fdtfile dra72-evm-revc.dtb; fi;if test $board_name = dra72x; then setenv fdtfile dra72-evm.dtb; fi;if test $board_name = beagle_x15; then setenv fdtfile am57xx-beagle-x15.dtb; fi;if test $board_name = beagle_x15_revb1; then setenv fdtfile am57xx-beagle-x15-revb1.dtb; fi;if test $board_name = am57xx_evm; then setenv fdtfile am57xx-evm.dtb; fi;if test $board_name = am57xx_evm_reva3; then setenv fdtfile am57xx-evm-reva3.dtb; fi;if test $board_name = am572x_idk; then setenv fdtfile am572x-idk.dtb; fi;if test $board_name = am571x_idk; then setenv fdtfile am571x-idk.dtb; fi;if test $fdtfile = undefined; then echo WARNING: Could not determine device tree to use; fi; 
finduuid=part uuid mmc 0:2 uuid
importbootenv=echo Importing environment from mmc${mmcdev} ...; env import -t ${loadaddr} ${filesize}
kernel_addr_r=0x82000000
loadaddr=0x82000000
loadbootenv=fatload mmc ${mmcdev} ${loadaddr} ${bootenvfile}
loadbootscript=fatload mmc ${mmcdev} ${loadaddr} boot.scr
loadfdt=load mmc ${bootpart} ${fdtaddr} ${bootdir}/${fdtfile};
loadimage=load mmc ${bootpart} ${loadaddr} ${bootdir}/${bootfile}
mmcboot=mmc dev ${mmcdev}; if mmc rescan; then echo SD/MMC found on device ${mmcdev};if run loadimage; then run loadfdt; echo Booting from mmc${mmcdev} ...; run args_mmc; bootz ${loadaddr} - ${fdtaddr}; fi;fi;
mmcdev=0
mmcrootfstype=ext4 rootwait
netargs=setenv bootargs console=${console} ${optargs} root=/dev/nfs nfsroot=${serverip}:${rootpath},${nfsopts} rw ip=dhcp
netboot=echo Booting from network ...; setenv autoload no; dhcp; run netloadimage; run netloadfdt; run netargs; bootz ${loadaddr} - ${fdtaddr}
netloadfdt=tftp ${fdtaddr} ${fdtfile}
netloadimage=tftp ${loadaddr} ${bootfile}
nfsopts=nolock
partitions=uuid_disk=${uuid_gpt_disk};name=rootfs,start=2MiB,size=-,uuid=${uuid_gpt_rootfs}
pxefile_addr_r=0x80100000
ramdisk_addr_r=0x88080000
rdaddr=0x88080000
rootpath=/export/rootfs
scriptaddr=0x80000000
scsidevs=0
serverip=192.168.0.1
soc=omap5
static_ip=${ipaddr}:${serverip}:${gatewayip}:${netmask}:${hostname}::off
stderr=serial
stdin=serial
stdout=serial
usbethaddr=02:21:03:74:17:10
usbtty=cdc_acm
vendor=ti
ver=U-Boot 2016.05-rc3-00242-g359d4c4 (May 11 2016 - 07:03:49 -0500)
vram=16M
Environment size: 4044/131067 bytes
- 09:39:28 [INFO] Host: usb start
- 09:39:31 [INFO] Target: 
usb start
starting USB...
USB0:   USB EHCI 1.00
scanning bus 0 for devices... 2 USB Device(s) found
       scanning usb for storage devices... 0 Storage Device(s) found
       scanning usb for ethernet devices... 1 Ethernet Device(s) found
- 09:39:31 [INFO] Host: printenv
- 09:39:31 [INFO] Target: 
printenv
_initramfs=-
arch=arm
args_mmc=run finduuid;setenv bootargs console=${console} ${optargs} root=PARTUUID=${uuid} rw rootfstype=${mmcrootfstype}
autoload=no
baudrate=115200
board=omap5_uevm
board_name=omap5_uevm
bootargs=console=ttyO2,115200n8 earlyprintk=serial,ttyO2,115200n8 rootwait 
bootcmd=
bootdelay=2
bootdir=/boot
bootenvfile=uEnv.txt
bootfile=zImage
bootm_size=0x10000000
bootpart=0:2
bootscript=echo Running bootscript from mmc${mmcdev} ...; source ${loadaddr}
console=ttyO2,115200n8
cpu=armv7
dfu_alt_info_emmc=rawemmc raw 0 3751936;boot part 1 1;rootfs part 1 2;MLO fat 1 1;MLO.raw raw 0x100 0x100;u-boot.img.raw raw 0x300 0x400;spl-os-args.raw raw 0x80 0x80;spl-os-image.raw raw 0x900 0x2000;spl-os-args fat 1 1;spl-os-image fat 1 1;u-boot.img fat 1 1;uEnv.txt fat 1 1
dfu_alt_info_mmc=boot part 0 1;rootfs part 0 2;MLO fat 0 1;MLO.raw raw 0x100 0x100;u-boot.img.raw raw 0x300 0x400;spl-os-args.raw raw 0x80 0x80;spl-os-image.raw raw 0x900 0x2000;spl-os-args fat 0 1;spl-os-image fat 0 1;u-boot.img fat 0 1;uEnv.txt fat 0 1
dfu_alt_info_ram=kernel ram 0x80200000 0x4000000;fdt ram 0x80f80000 0x80000;ramdisk ram 0x81000000 0x4000000
dfu_bufsiz=0x10000
dofastboot=0
envboot=mmc dev ${mmcdev}; if mmc rescan; then echo SD/MMC found on device ${mmcdev};if run loadbootscript; then run bootscript;else if run loadbootenv; then echo Loaded env from ${bootenvfile};run importbootenv;fi;if test -n $uenvcmd; then echo Running uenvcmd ...;run uenvcmd;fi;fi;fi;
ethact=sms0
fdt_addr_r=0x88000000
fdtaddr=0x88000000
fdtfile=undefined
findfdt=if test $board_name = omap5_uevm; then setenv fdtfile omap5-uevm.dtb; fi; if test $board_name = dra7xx; then setenv fdtfile dra7-evm.dtb; fi;if test $board_name = dra72x-revc; then setenv fdtfile dra72-evm-revc.dtb; fi;if test $board_name = dra72x; then setenv fdtfile dra72-evm.dtb; fi;if test $board_name = beagle_x15; then setenv fdtfile am57xx-beagle-x15.dtb; fi;if test $board_name = beagle_x15_revb1; then setenv fdtfile am57xx-beagle-x15-revb1.dtb; fi;if test $board_name = am57xx_evm; then setenv fdtfile am57xx-evm.dtb; fi;if test $board_name = am57xx_evm_reva3; then setenv fdtfile am57xx-evm-reva3.dtb; fi;if test $board_name = am572x_idk; then setenv fdtfile am572x-idk.dtb; fi;if test $board_name = am571x_idk; then setenv fdtfile am571x-idk.dtb; fi;if test $fdtfile = undefined; then echo WARNING: Could not determine device tree to use; fi; 
finduuid=part uuid mmc 0:2 uuid
importbootenv=echo Importing environment from mmc${mmcdev} ...; env import -t ${loadaddr} ${filesize}
kernel_addr_r=0x82000000
loadaddr=0x82000000
loadbootenv=fatload mmc ${mmcdev} ${loadaddr} ${bootenvfile}
loadbootscript=fatload mmc ${mmcdev} ${loadaddr} boot.scr
loadfdt=load mmc ${bootpart} ${fdtaddr} ${bootdir}/${fdtfile};
loadimage=load mmc ${bootpart} ${loadaddr} ${bootdir}/${bootfile}
mmcboot=mmc dev ${mmcdev}; if mmc rescan; then echo SD/MMC found on device ${mmcdev};if run loadimage; then run loadfdt; echo Booting from mmc${mmcdev} ...; run args_mmc; bootz ${loadaddr} - ${fdtaddr}; fi;fi;
mmcdev=0
mmcrootfstype=ext4 rootwait
netargs=setenv bootargs console=${console} ${optargs} root=/dev/nfs nfsroot=${serverip}:${rootpath},${nfsopts} rw ip=dhcp
netboot=echo Booting from network ...; setenv autoload no; dhcp; run netloadimage; run netloadfdt; run netargs; bootz ${loadaddr} - ${fdtaddr}
netloadfdt=tftp ${fdtaddr} ${fdtfile}
netloadimage=tftp ${loadaddr} ${bootfile}
nfsopts=nolock
partitions=uuid_disk=${uuid_gpt_disk};name=rootfs,start=2MiB,size=-,uuid=${uuid_gpt_rootfs}
pxefile_addr_r=0x80100000
ramdisk_addr_r=0x88080000
rdaddr=0x88080000
rootpath=/export/rootfs
scriptaddr=0x80000000
scsidevs=0
serverip=192.168.0.1
soc=omap5
static_ip=${ipaddr}:${serverip}:${gatewayip}:${netmask}:${hostname}::off
stderr=serial
stdin=serial
stdout=serial
usbethaddr=02:21:03:74:17:10
usbtty=cdc_acm
vendor=ti
ver=U-Boot 2016.05-rc3-00242-g359d4c4 (May 11 2016 - 07:03:49 -0500)
vram=16M
Environment size: 4058/131067 bytes
- 09:39:31 [INFO] Host: setenv bootargs ''${bootargs}' ip=:::::eth0:dhcp '
- 09:39:31 [INFO] Target: 
setenv bootargs ''${bootargs}' ip=:::::eth0:dhcp '
- 09:39:31 [INFO] Host: setenv serverip '192.168.0.1'
- 09:39:31 [INFO] Target: 
setenv serverip '192.168.0.1'
- 09:39:31 [INFO] Host: setenv autoload 'no'
- 09:39:31 [INFO] Target: 
setenv autoload 'no'
- 09:39:31 [INFO] Host: dhcp
- 09:39:34 [INFO] Target: 
dhcp
Waiting for Ethernet connection... done.
BOOTP broadcast 1
BOOTP broadcast 2
BOOTP broadcast 3
DHCP client bound to address 192.168.0.71 (1043 ms)
- 09:39:34 [INFO] Host: tftp ${loadaddr} 192.168.0.1:vatf_omap5-evm/68c81466e5433e8c17cc1dda8a702eb1
- 09:39:39 [INFO] Target: 
tftp ${loadaddr} 192.168.0.1:vatf_omap5-evm/68c81466e5433e8c17cc1dda8a702eb1
Waiting for Ethernet connection... done.
Using sms0 device
TFTP from server 192.168.0.1; our IP address is 192.168.0.71
Filename 'vatf_omap5-evm/68c81466e5433e8c17cc1dda8a702eb1'.
Load address: 0x82000000
Loading: *#################################################################
	 #################################################################
	 #################################################################
	 #################################################################
	 #################################################################
	 #################################################################
	 #################################################################
	 ##############
	 2.6 MiB/s
done
Bytes transferred = 6873952 (68e360 hex)
- 09:39:39 [INFO] Host: tftp ${fdt_addr_r} 192.168.0.1:vatf_omap5-evm/d65169145663a552c8d811c7ed3e374d
- 09:39:41 [INFO] Target: 
tftp ${fdt_addr_r} 192.168.0.1:vatf_omap5-evm/d65169145663a552c8d811c7ed3e374d
Waiting for Ethernet connection... done.
Using sms0 device
TFTP from server 192.168.0.1; our IP address is 192.168.0.71
Filename 'vatf_omap5-evm/d65169145663a552c8d811c7ed3e374d'.
Load address: 0x88000000
Loading: *####
	 2.2 MiB/s
done
Bytes transferred = 54995 (d6d3 hex)
- 09:39:41 [INFO] Host: ls mmc 0:1
- 09:39:41 [INFO] Target: 
ls mmc 0:1
    63736   mlo 
   326400   u-boot.img 
  1867895   u-boot 
            old_uboot/
   304240   u-boot.bin 
   704856   u-boot-spl 
    61536   u-boot-spl.bin 
      259   uboot_build.txt 
        4   ws-calibrate.rules 
        0   pointercal 
9 file(s), 1 dir(s)
- 09:39:41 [INFO] Host: ls mmc 0:2
- 09:39:41 [INFO] Target: 
ls mmc 0:2
<DIR>       4096 .
<DIR>       4096 ..
<DIR>       4096 bin
<DIR>       4096 boot
<DIR>       4096 dev
<DIR>       4096 etc
<DIR>       4096 home
<DIR>       4096 lib
<DIR>       4096 media
<DIR>       4096 mnt
<DIR>       4096 opt
<DIR>       4096 proc
<SYM>          8 run
<DIR>       4096 sbin
<DIR>       4096 srv
<DIR>       4096 sys
<SYM>          8 tmp
<DIR>       4096 usr
<DIR>       4096 var
<DIR>       4096 www
<DIR>       4096 Settings
<DIR>       4096 test
- 09:39:41 [INFO] Host: part uuid mmc 0:2
- 09:39:41 [INFO] Target: 
part uuid mmc 0:2
00000000-02
- 09:39:41 [INFO] Host: printenv
- 09:39:41 [INFO] Target: 
printenv
_initramfs=-
arch=arm
args_mmc=run finduuid;setenv bootargs console=${console} ${optargs} root=PARTUUID=${uuid} rw rootfstype=${mmcrootfstype}
autoload=no
baudrate=115200
board=omap5_uevm
board_name=omap5_uevm
bootargs=console=ttyO2,115200n8 earlyprintk=serial,ttyO2,115200n8 rootwait  ip=:::::eth0:dhcp 
bootcmd=
bootdelay=2
bootdir=/boot
bootenvfile=uEnv.txt
bootfile=zImage
bootm_size=0x10000000
bootpart=0:2
bootscript=echo Running bootscript from mmc${mmcdev} ...; source ${loadaddr}
console=ttyO2,115200n8
cpu=armv7
dfu_alt_info_emmc=rawemmc raw 0 3751936;boot part 1 1;rootfs part 1 2;MLO fat 1 1;MLO.raw raw 0x100 0x100;u-boot.img.raw raw 0x300 0x400;spl-os-args.raw raw 0x80 0x80;spl-os-image.raw raw 0x900 0x2000;spl-os-args fat 1 1;spl-os-image fat 1 1;u-boot.img fat 1 1;uEnv.txt fat 1 1
dfu_alt_info_mmc=boot part 0 1;rootfs part 0 2;MLO fat 0 1;MLO.raw raw 0x100 0x100;u-boot.img.raw raw 0x300 0x400;spl-os-args.raw raw 0x80 0x80;spl-os-image.raw raw 0x900 0x2000;spl-os-args fat 0 1;spl-os-image fat 0 1;u-boot.img fat 0 1;uEnv.txt fat 0 1
dfu_alt_info_ram=kernel ram 0x80200000 0x4000000;fdt ram 0x80f80000 0x80000;ramdisk ram 0x81000000 0x4000000
dfu_bufsiz=0x10000
dnsip=192.0.2.2
dofastboot=0
envboot=mmc dev ${mmcdev}; if mmc rescan; then echo SD/MMC found on device ${mmcdev};if run loadbootscript; then run bootscript;else if run loadbootenv; then echo Loaded env from ${bootenvfile};run importbootenv;fi;if test -n $uenvcmd; then echo Running uenvcmd ...;run uenvcmd;fi;fi;fi;
ethact=sms0
fdt_addr_r=0x88000000
fdtaddr=0x88000000
fdtfile=undefined
fileaddr=88000000
filesize=d6d3
findfdt=if test $board_name = omap5_uevm; then setenv fdtfile omap5-uevm.dtb; fi; if test $board_name = dra7xx; then setenv fdtfile dra7-evm.dtb; fi;if test $board_name = dra72x-revc; then setenv fdtfile dra72-evm-revc.dtb; fi;if test $board_name = dra72x; then setenv fdtfile dra72-evm.dtb; fi;if test $board_name = beagle_x15; then setenv fdtfile am57xx-beagle-x15.dtb; fi;if test $board_name = beagle_x15_revb1; then setenv fdtfile am57xx-beagle-x15-revb1.dtb; fi;if test $board_name = am57xx_evm; then setenv fdtfile am57xx-evm.dtb; fi;if test $board_name = am57xx_evm_reva3; then setenv fdtfile am57xx-evm-reva3.dtb; fi;if test $board_name = am572x_idk; then setenv fdtfile am572x-idk.dtb; fi;if test $board_name = am571x_idk; then setenv fdtfile am571x-idk.dtb; fi;if test $fdtfile = undefined; then echo WARNING: Could not determine device tree to use; fi; 
finduuid=part uuid mmc 0:2 uuid
gatewayip=192.168.0.1
importbootenv=echo Importing environment from mmc${mmcdev} ...; env import -t ${loadaddr} ${filesize}
ipaddr=192.168.0.71
kernel_addr_r=0x82000000
loadaddr=0x82000000
loadbootenv=fatload mmc ${mmcdev} ${loadaddr} ${bootenvfile}
loadbootscript=fatload mmc ${mmcdev} ${loadaddr} boot.scr
loadfdt=load mmc ${bootpart} ${fdtaddr} ${bootdir}/${fdtfile};
loadimage=load mmc ${bootpart} ${loadaddr} ${bootdir}/${bootfile}
mmcboot=mmc dev ${mmcdev}; if mmc rescan; then echo SD/MMC found on device ${mmcdev};if run loadimage; then run loadfdt; echo Booting from mmc${mmcdev} ...; run args_mmc; bootz ${loadaddr} - ${fdtaddr}; fi;fi;
mmcdev=0
mmcrootfstype=ext4 rootwait
netargs=setenv bootargs console=${console} ${optargs} root=/dev/nfs nfsroot=${serverip}:${rootpath},${nfsopts} rw ip=dhcp
netboot=echo Booting from network ...; setenv autoload no; dhcp; run netloadimage; run netloadfdt; run netargs; bootz ${loadaddr} - ${fdtaddr}
netloadfdt=tftp ${fdtaddr} ${fdtfile}
netloadimage=tftp ${loadaddr} ${bootfile}
netmask=255.255.255.0
nfsopts=nolock
partitions=uuid_disk=${uuid_gpt_disk};name=rootfs,start=2MiB,size=-,uuid=${uuid_gpt_rootfs}
pxefile_addr_r=0x80100000
ramdisk_addr_r=0x88080000
rdaddr=0x88080000
rootpath=/export/rootfs
scriptaddr=0x80000000
scsidevs=0
serverip=192.168.0.1
soc=omap5
static_ip=${ipaddr}:${serverip}:${gatewayip}:${netmask}:${hostname}::off
stderr=serial
stdin=serial
stdout=serial
usbethaddr=02:21:03:74:17:10
usbtty=cdc_acm
vendor=ti
ver=U-Boot 2016.05-rc3-00242-g359d4c4 (May 11 2016 - 07:03:49 -0500)
vram=16M
Environment size: 4201/131067 bytes
- 09:39:41 [INFO] Host: setenv bootargs ''${bootargs}' root=PARTUUID=00000000-02 rw rootfstype=ext4 rootwait '
- 09:39:42 [INFO] Target: 
setenv bootargs ''${bootargs}' root=PARTUUID=00000000-02 rw rootfstype=ext4 rootwait '
- 09:39:42 [INFO] Host: printenv
- 09:39:42 [INFO] Target: 
printenv
_initramfs=-
arch=arm
args_mmc=run finduuid;setenv bootargs console=${console} ${optargs} root=PARTUUID=${uuid} rw rootfstype=${mmcrootfstype}
autoload=no
baudrate=115200
board=omap5_uevm
board_name=omap5_uevm
bootargs=console=ttyO2,115200n8 earlyprintk=serial,ttyO2,115200n8 rootwait  ip=:::::eth0:dhcp  root=PARTUUID=00000000-02 rw rootfstype=ext4 rootwait 
bootcmd=
bootdelay=2
bootdir=/boot
bootenvfile=uEnv.txt
bootfile=zImage
bootm_size=0x10000000
bootpart=0:2
bootscript=echo Running bootscript from mmc${mmcdev} ...; source ${loadaddr}
console=ttyO2,115200n8
cpu=armv7
dfu_alt_info_emmc=rawemmc raw 0 3751936;boot part 1 1;rootfs part 1 2;MLO fat 1 1;MLO.raw raw 0x100 0x100;u-boot.img.raw raw 0x300 0x400;spl-os-args.raw raw 0x80 0x80;spl-os-image.raw raw 0x900 0x2000;spl-os-args fat 1 1;spl-os-image fat 1 1;u-boot.img fat 1 1;uEnv.txt fat 1 1
dfu_alt_info_mmc=boot part 0 1;rootfs part 0 2;MLO fat 0 1;MLO.raw raw 0x100 0x100;u-boot.img.raw raw 0x300 0x400;spl-os-args.raw raw 0x80 0x80;spl-os-image.raw raw 0x900 0x2000;spl-os-args fat 0 1;spl-os-image fat 0 1;u-boot.img fat 0 1;uEnv.txt fat 0 1
dfu_alt_info_ram=kernel ram 0x80200000 0x4000000;fdt ram 0x80f80000 0x80000;ramdisk ram 0x81000000 0x4000000
dfu_bufsiz=0x10000
dnsip=192.0.2.2
dofastboot=0
envboot=mmc dev ${mmcdev}; if mmc rescan; then echo SD/MMC found on device ${mmcdev};if run loadbootscript; then run bootscript;else if run loadbootenv; then echo Loaded env from ${bootenvfile};run importbootenv;fi;if test -n $uenvcmd; then echo Running uenvcmd ...;run uenvcmd;fi;fi;fi;
ethact=sms0
fdt_addr_r=0x88000000
fdtaddr=0x88000000
fdtfile=undefined
fileaddr=88000000
filesize=d6d3
findfdt=if test $board_name = omap5_uevm; then setenv fdtfile omap5-uevm.dtb; fi; if test $board_name = dra7xx; then setenv fdtfile dra7-evm.dtb; fi;if test $board_name = dra72x-revc; then setenv fdtfile dra72-evm-revc.dtb; fi;if test $board_name = dra72x; then setenv fdtfile dra72-evm.dtb; fi;if test $board_name = beagle_x15; then setenv fdtfile am57xx-beagle-x15.dtb; fi;if test $board_name = beagle_x15_revb1; then setenv fdtfile am57xx-beagle-x15-revb1.dtb; fi;if test $board_name = am57xx_evm; then setenv fdtfile am57xx-evm.dtb; fi;if test $board_name = am57xx_evm_reva3; then setenv fdtfile am57xx-evm-reva3.dtb; fi;if test $board_name = am572x_idk; then setenv fdtfile am572x-idk.dtb; fi;if test $board_name = am571x_idk; then setenv fdtfile am571x-idk.dtb; fi;if test $fdtfile = undefined; then echo WARNING: Could not determine device tree to use; fi; 
finduuid=part uuid mmc 0:2 uuid
gatewayip=192.168.0.1
importbootenv=echo Importing environment from mmc${mmcdev} ...; env import -t ${loadaddr} ${filesize}
ipaddr=192.168.0.71
kernel_addr_r=0x82000000
loadaddr=0x82000000
loadbootenv=fatload mmc ${mmcdev} ${loadaddr} ${bootenvfile}
loadbootscript=fatload mmc ${mmcdev} ${loadaddr} boot.scr
loadfdt=load mmc ${bootpart} ${fdtaddr} ${bootdir}/${fdtfile};
loadimage=load mmc ${bootpart} ${loadaddr} ${bootdir}/${bootfile}
mmcboot=mmc dev ${mmcdev}; if mmc rescan; then echo SD/MMC found on device ${mmcdev};if run loadimage; then run loadfdt; echo Booting from mmc${mmcdev} ...; run args_mmc; bootz ${loadaddr} - ${fdtaddr}; fi;fi;
mmcdev=0
mmcrootfstype=ext4 rootwait
netargs=setenv bootargs console=${console} ${optargs} root=/dev/nfs nfsroot=${serverip}:${rootpath},${nfsopts} rw ip=dhcp
netboot=echo Booting from network ...; setenv autoload no; dhcp; run netloadimage; run netloadfdt; run netargs; bootz ${loadaddr} - ${fdtaddr}
netloadfdt=tftp ${fdtaddr} ${fdtfile}
netloadimage=tftp ${loadaddr} ${bootfile}
netmask=255.255.255.0
nfsopts=nolock
partitions=uuid_disk=${uuid_gpt_disk};name=rootfs,start=2MiB,size=-,uuid=${uuid_gpt_rootfs}
pxefile_addr_r=0x80100000
ramdisk_addr_r=0x88080000
rdaddr=0x88080000
rootpath=/export/rootfs
scriptaddr=0x80000000
scsidevs=0
serverip=192.168.0.1
soc=omap5
static_ip=${ipaddr}:${serverip}:${gatewayip}:${netmask}:${hostname}::off
stderr=serial
stdin=serial
stdout=serial
usbethaddr=02:21:03:74:17:10
usbtty=cdc_acm
vendor=ti
ver=U-Boot 2016.05-rc3-00242-g359d4c4 (May 11 2016 - 07:03:49 -0500)
vram=16M
Environment size: 4256/131067 bytes
- 09:39:42 [INFO] Host: setenv bootcmd ''${bootcmd}' if iminfo ${loadaddr}; then bootm ${loadaddr} ${_initramfs} ${fdt_addr_r}; else bootz ${loadaddr} ${_initramfs} ${fdt_addr_r}; bootm ${loadaddr} ${_initramfs} ${fdt_addr_r}; fi'
- 09:39:42 [INFO] Target: 
setenv bootcmd ''${bootcmd}' if iminfo ${loadaddr}; then bootm ${loadaddr} ${_initramfs} ${fdt_addr_r}; else bootz ${loadaddr} ${_initramfs} ${fdt_addr_r}; bootm ${loadaddr} ${_initramfs} ${fdt_addr_r}; fi'
- 09:39:42 [INFO] Host: version
- 09:39:42 [INFO] Target: 
version
U-Boot 2016.05-rc3-00242-g359d4c4 (May 11 2016 - 07:03:49 -0500)
arm-linux-gnueabihf-gcc (Linaro GCC 5.3-2016.02) 5.3.1 20160113
GNU ld (GNU Binutils) 2.25.0 Linaro 2015_10
- 09:39:42 [INFO] Host: bdinfo
- 09:39:42 [INFO] Target: 
bdinfo
arch_number = 0x00000EC1
boot_params = 0x80000100
DRAM bank   = 0x00000000
-> start    = 0x80000000
-> size     = 0x7F000000
eth0name    = sms0
ethaddr     = (not set)
current eth = sms0
ip_addr     = 192.168.0.71
baudrate    = 115200 bps
TLB addr    = 0xFEFF0000
relocaddr   = 0xFEF5D000
reloc off   = 0x7E75D000
irq_sp      = 0xFDF3CEE0
sp start    = 0xFDF3CED0
- 09:39:42 [INFO] Host: mmc rescan; echo $?
- 09:39:42 [INFO] Target: 
mmc rescan; echo $?
- 09:39:42 [INFO] Host: fatwrite mmc ${mmcdev}:1 ${loadaddr} ws-calibrate.rules 4
- 09:39:43 [INFO] Target: 
fatwrite mmc ${mmcdev}:1 ${loadaddr} ws-calibrate.rules 4
writing ws-calibrate.rules
4 bytes written
- 09:39:43 [INFO] Host: boot
- 09:43:13 [ERROR] On command: boot waiting for boot.+?(?-mix:login:) >>> error: execution expired
- 09:43:13 [INFO] Target: 
boot
## Checking Image at 82000000 ...
Unknown image format!
Kernel image @ 0x82000000 [ 0x000000 - 0x68e360 ]
## Flattened Device Tree blob at 88000000
   Booting using the fdt blob at 0x88000000
   Loading Device Tree to 8ffef000, end 8ffff6d2 ... OK
Starting kernel ...
[    0.000000] Booting Linux on physical CPU 0x0
[    0.000000] Linux version 4.7.0-rc7-next-20160722-00002-gff93f2bd9132 (nmenon@horus) (gcc version 4.9.3 20150413 (prerelease) (Linaro GCC 4.9-2015.05) ) #1 SMP Fri Jul 22 08:38:52 CDT 2016
[    0.000000] CPU: ARMv7 Processor [412fc0f2] revision 2 (ARMv7), cr=30c5387d
[    0.000000] CPU: div instructions available: patching division code
[    0.000000] CPU: PIPT / VIPT nonaliasing data cache, PIPT instruction cache
[    0.000000] OF: fdt:Machine model: TI OMAP5 uEVM board
[    0.000000] cma: Reserved 64 MiB at 0x00000000fa800000
[    0.000000] Forcing write-allocate cache policy for SMP
[    0.000000] Memory policy: Data cache writealloc
[    0.000000] OMAP4: Map 0x00000000fed00000 to fe600000 for dram barrier
[    0.000000] OMAP5432 ES2.0
[    0.000000] percpu: Embedded 14 pages/cpu @eefc4000 s26624 r8192 d22528 u57344
[    0.000000] Built 1 zonelists in Zone order, mobility grouping on.  Total pages: 517888
[    0.000000] Kernel command line: console=ttyO2,115200n8 earlyprintk=serial,ttyO2,115200n8 rootwait  ip=:::::eth0:dhcp  root=PARTUUID=00000000-02 rw rootfstype=ext4 rootwait 
[    0.000000] PID hash table entries: 4096 (order: 2, 16384 bytes)
[    0.000000] Dentry cache hash table entries: 131072 (order: 7, 524288 bytes)
[    0.000000] Inode-cache hash table entries: 65536 (order: 6, 262144 bytes)
[    0.000000] Memory: 1976860K/2077696K available (10240K kernel code, 1086K rwdata, 3772K rodata, 2048K init, 347K bss, 35300K reserved, 65536K cma-reserved, 1225728K highmem)
[    0.000000] Virtual kernel memory layout:
[    0.000000]     vector  : 0xffff0000 - 0xffff1000   (   4 kB)
[    0.000000]     fixmap  : 0xffc00000 - 0xfff00000   (3072 kB)
[    0.000000]     vmalloc : 0xf0800000 - 0xff800000   ( 240 MB)
[    0.000000]     lowmem  : 0xc0000000 - 0xf0000000   ( 768 MB)
[    0.000000]     pkmap   : 0xbfe00000 - 0xc0000000   (   2 MB)
[    0.000000]     modules : 0xbf000000 - 0xbfe00000   (  14 MB)
[    0.000000]       .text : 0xc0208000 - 0xc0e00000   (12256 kB)
[    0.000000]       .init : 0xc1200000 - 0xc1400000   (2048 kB)
[    0.000000]       .data : 0xc1400000 - 0xc150fb80   (1087 kB)
[    0.000000]        .bss : 0xc1511000 - 0xc1567ec8   ( 348 kB)
[    0.000000] SLUB: HWalign=64, Order=0-3, MinObjects=0, CPUs=2, Nodes=1
[    0.000000] Hierarchical RCU implementation.
[    0.000000] 	Build-time adjustment of leaf fanout to 32.
[    0.000000] 	RCU restricting CPUs from NR_CPUS=16 to nr_cpu_ids=2.
[    0.000000] RCU: Adjusting geometry for rcu_fanout_leaf=32, nr_cpu_ids=2
[    0.000000] NR_IRQS:16 nr_irqs:16 16
[    0.000000] OMAP clockevent source: timer1 at 32768 Hz
[    0.000000] Architected cp15 timer(s) running at 6.14MHz (virt).
[    0.000000] clocksource: arch_sys_counter: mask: 0xffffffffffffff max_cycles: 0x16ac02862, max_idle_ns: 440795202218 ns
[    0.000004] sched_clock: 56 bits at 6MHz, resolution 162ns, wraps every 4398046511085ns
[    0.000014] Switching to timer-based delay loop, resolution 162ns
[    0.002133] clocksource: 32k_counter: mask: 0xffffffff max_cycles: 0xffffffff, max_idle_ns: 58327039986419 ns
[    0.002140] OMAP clocksource: 32k_counter at 32768 Hz
[    0.004057] Console: colour dummy device 80x30
[    0.004077] Calibrating delay loop (skipped), value calculated using timer frequency.. 12.28 BogoMIPS (lpj=30720)
[    0.004089] pid_max: default: 32768 minimum: 301
[    0.004159] Mount-cache hash table entries: 2048 (order: 1, 8192 bytes)
[    0.004167] Mountpoint-cache hash table entries: 2048 (order: 1, 8192 bytes)
[    0.004651] CPU: Testing write buffer coherency: ok
[    0.004799] /cpus/cpu@0 missing clock-frequency property
[    0.004812] /cpus/cpu@1 missing clock-frequency property
[    0.004821] CPU0: thread -1, cpu 0, socket 0, mpidr 80000000
[    0.004835] Setting up static identity map for 0x80400000 - 0x80400170
[    0.008621] CPU1: thread -1, cpu 1, socket 0, mpidr 80000001
[    0.008693] Brought up 2 CPUs
[    0.008705] SMP: Total of 2 processors activated (24.57 BogoMIPS).
[    0.008710] CPU: All CPU(s) started in SVC mode.
[    0.009045] devtmpfs: initialized
[    0.022405] VFP support v0.3: implementor 41 architecture 4 part 30 variant f rev 0
[    0.022723] clocksource: jiffies: mask: 0xffffffff max_cycles: 0xffffffff, max_idle_ns: 9556302231375000 ns
[    0.023738] pinctrl core: initialized pinctrl subsystem
[    0.025029] NET: Registered protocol family 16
[    0.026468] DMA: preallocated 256 KiB pool for atomic coherent allocations
[    0.027304] omap_hwmod: l3_main_3 using broken dt data from ocp
[    0.027830] omap_hwmod: l3_main_2 using broken dt data from ocp
[    0.105256] cpuidle: using governor menu
[    0.110607] OMAP GPIO hardware version 0.1
[    0.115734] GPIO line 234 (gpio8_234/msecure) hogged as output/high
[    0.116356] platform 50000000.gpmc: Cannot lookup hwmod 'gpmc'
[    0.116492] omap-gpmc 50000000.gpmc: _od_fail_runtime_resume: FIXME: missing hwmod/omap_dev info
[    0.116503] omap-gpmc 50000000.gpmc: GPMC revision 6.0
[    0.119221] irq: no irq domain found for /ocp/l4@4a000000/scm@2800/pinmux@40 !
[    0.120515] irq: no irq domain found for /ocp/l4@4a000000/scm@2800/pinmux@40 !
[    0.130036] No ATAGs?hw-breakpoint: found 5 (+1 reserved) breakpoint and 4 watchpoint registers.
[    0.130060] hw-breakpoint: maximum watchpoint size is 8 bytes.
[    0.130956] OMAP DMA hardware revision 0.0
[    0.135863] Serial: AMBA PL011 UART driver
[    0.159875] omap-dma-engine 4a056000.dma-controller: OMAP DMA engine driver
[    0.161713] vsys_cobra: supplied by vmain
[    0.162216] reg-fixed-voltage fixedregulator-mmcsdio: could not find pctldev for node /ocp/l4@4a000000/scm@2800/pinmux@40/pinmux_wlan_pins, deferring probe
[    0.165058] vgaarb: loaded
[    0.165690] SCSI subsystem initialized
[    0.165985] usbcore: registered new interface driver usbfs
[    0.166031] usbcore: registered new interface driver hub
[    0.166069] usbcore: registered new device driver usb
[    0.166593] omap_i2c 48070000.i2c: could not find pctldev for node /ocp/l4@4a000000/scm@2800/pinmux@40/pinmux_i2c1_pins, deferring probe
[    0.166883] omap_i2c 48072000.i2c: bus 1 rev0.12 at 100 kHz
[    0.167143] omap_i2c 48060000.i2c: bus 2 rev0.12 at 100 kHz
[    0.167396] omap_i2c 4807a000.i2c: bus 3 rev0.12 at 100 kHz
[    0.167427] omap_i2c 4807c000.i2c: could not find pctldev for node /ocp/l4@4a000000/scm@2800/pinmux@40/pinmux_i2c5_pins, deferring probe
[    0.168290] pps_core: LinuxPPS API ver. 1 registered
[    0.168296] pps_core: Software ver. 5.3.6 - Copyright 2005-2007 Rodolfo Giometti <giometti@linux.it>
[    0.168312] PTP clock support registered
[    0.168483] EDAC MC: Ver: 3.0.0
[    0.170387] clocksource: Switched to clocksource arch_sys_counter
[    0.178290] NET: Registered protocol family 2
[    0.178646] TCP established hash table entries: 8192 (order: 3, 32768 bytes)
[    0.178706] TCP bind hash table entries: 8192 (order: 4, 65536 bytes)
[    0.178830] TCP: Hash tables configured (established 8192 bind 8192)
[    0.178870] UDP hash table entries: 512 (order: 2, 16384 bytes)
[    0.178898] UDP-Lite hash table entries: 512 (order: 2, 16384 bytes)
[    0.179004] NET: Registered protocol family 1
[    0.179221] RPC: Registered named UNIX socket transport module.
[    0.179227] RPC: Registered udp transport module.
[    0.179232] RPC: Registered tcp transport module.
[    0.179237] RPC: Registered tcp NFSv4.1 backchannel transport module.
[    0.212348] hw perfevents: /pmu: failed to probe PMU!
[    0.212355] hw perfevents: /pmu: failed to register PMU devices!
[    0.212369] armv7-pmu: probe of pmu failed with error -22
[    0.213971] futex hash table entries: 512 (order: 3, 32768 bytes)
[    0.214375] workingset: timestamp_bits=30 max_order=19 bucket_order=0
[    0.222631] squashfs: version 4.0 (2009/01/31) Phillip Lougher
[    0.223228] NFS: Registering the id_resolver key type
[    0.223253] Key type id_resolver registered
[    0.223259] Key type id_legacy registered
[    0.223292] ntfs: driver 2.1.32 [Flags: R/O].
[    0.224157] bounce: pool size: 64 pages
[    0.224306] Block layer SCSI generic (bsg) driver version 0.4 loaded (major 248)
[    0.224313] io scheduler noop registered
[    0.224319] io scheduler deadline registered
[    0.224454] io scheduler cfq registered (default)
[    0.228509] ti-pipe3 4a096000.phy: can't get syscon-pllreset, sata dpll won't idle
[    0.230300] libphy: mdio_driver_register: phy-bcm-ns2-pci
[    0.231531] pinctrl-single 4a002840.pinmux: 219 pins at pa fc002840 size 438
[    0.231728] pinctrl-single 4ae0c840.pinmux: 30 pins at pa fce0c840 size 60
[    0.286809] Serial: 8250/16550 driver, 4 ports, IRQ sharing disabled
[    0.289187] SuperH (H)SCI(F) driver initialized
[    0.290159] msm_serial: driver initialized
[    0.290359] omap_uart 4806a000.serial: no wakeirq for uart0
[    0.290468] 4806a000.serial: ttyO0 at MMIO 0x4806a000 (irq = 304, base_baud = 3000000) is a OMAP UART0
[    0.290763] omap_uart 4806c000.serial: no wakeirq for uart1
[    0.290833] 4806c000.serial: ttyO1 at MMIO 0x4806c000 (irq = 305, base_baud = 3000000) is a OMAP UART1
[    0.291190] 48020000.serial: ttyO2 at MMIO 0x48020000 (irq = 306, base_baud = 3000000) is a OMAP UART2
[    1.144966] console [ttyO2] enabled
[    1.148858] omap_uart 4806e000.serial: no wakeirq for uart3
[    1.154746] 4806e000.serial: ttyO3 at MMIO 0x4806e000 (irq = 307, base_baud = 3000000) is a OMAP UART3
[    1.164751] omap_uart 48066000.serial: no wakeirq for uart4
[    1.170641] 48066000.serial: ttyO4 at MMIO 0x48066000 (irq = 308, base_baud = 3000000) is a OMAP UART4
[    1.180623] omap_uart 48068000.serial: no wakeirq for uart5
[    1.186520] 48068000.serial: ttyO5 at MMIO 0x48068000 (irq = 309, base_baud = 3000000) is a OMAP UART5
[    1.196553] STMicroelectronics ASC driver initialized
[    1.204949] [drm] Initialized drm 1.1.0 20060810
[    1.221707] brd: module loaded
[    1.228921] loop: module loaded
[    1.233849] ahci 4a140000.sata: SSS flag set, parallel bus scan disabled
[    1.240881] ahci 4a140000.sata: AHCI 0001.0300 32 slots 1 ports 3 Gbps 0x1 impl platform mode
[    1.249795] ahci 4a140000.sata: flags: 64bit ncq sntf stag pm led clo only pmp pio slum part ccc apst 
[    1.260234] scsi host0: ahci
[    1.263477] ata1: SATA max UDMA/133 mmio [mem 0x4a140000-0x4a1410ff] port 0x100 irq 336
[    1.279325] libphy: Fixed MDIO Bus: probed
[    1.284298] CAN device driver interface
[    1.290390] igb: Intel(R) Gigabit Ethernet Network Driver - version 5.3.0-k
[    1.297664] igb: Copyright (c) 2007-2014 Intel Corporation.
[    1.306651] pegasus: v0.9.3 (2013/04/25), Pegasus/Pegasus II USB Ethernet driver
[    1.314423] usbcore: registered new interface driver pegasus
[    1.320401] usbcore: registered new interface driver asix
[    1.326074] usbcore: registered new interface driver ax88179_178a
[    1.332472] usbcore: registered new interface driver cdc_ether
[    1.338620] usbcore: registered new interface driver smsc75xx
[    1.344670] usbcore: registered new interface driver smsc95xx
[    1.350709] usbcore: registered new interface driver net1080
[    1.356655] usbcore: registered new interface driver cdc_subset
[    1.362871] usbcore: registered new interface driver zaurus
[    1.368744] usbcore: registered new interface driver cdc_ncm
[    1.375295] omap-dwc3 4a020000.omap_dwc3: vbus init failed
[    1.382204] ehci_hcd: USB 2.0 'Enhanced' Host Controller (EHCI) Driver
[    1.389029] ehci-pci: EHCI PCI platform driver
[    1.393714] ehci-platform: EHCI generic platform driver
[    1.399373] ehci-orion: EHCI orion driver
[    1.403703] SPEAr-ehci: EHCI SPEAr driver
[    1.408038] ehci-st: EHCI STMicroelectronics driver
[    1.413277] ehci-exynos: EHCI EXYNOS driver
[    1.417811] ehci-atmel: EHCI Atmel driver
[    1.422139] tegra-ehci: Tegra EHCI driver
[    1.426484] ohci_hcd: USB 1.1 'Open' Host Controller (OHCI) Driver
[    1.432947] ohci-pci: OHCI PCI platform driver
[    1.437625] ohci-platform: OHCI generic platform driver
[    1.443246] ohci-omap3: OHCI OMAP3 driver
[    1.458173] ohci-omap3 4a064800.ohci: OHCI Host Controller
[    1.463929] ohci-omap3 4a064800.ohci: new USB bus registered, assigned bus number 1
[    1.472039] ohci-omap3 4a064800.ohci: irq 403, io mem 0x4a064800
[    1.555066] hub 1-0:1.0: USB hub found
[    1.559025] hub 1-0:1.0: 3 ports detected
[    1.563616] SPEAr-ohci: OHCI SPEAr driver
[    1.567971] ohci-st: OHCI STMicroelectronics driver
[    1.573216] ohci-atmel: OHCI Atmel driver
[    1.578112] usbcore: registered new interface driver usb-storage
[    1.585730] ata1: SATA link down (SStatus 0 SControl 300)
[    1.591500] mousedev: PS/2 mouse device common for all mice
[    1.600358] i2c /dev entries driver
[    1.616176] sdhci: Secure Digital Host Controller Interface driver
[    1.622631] sdhci: Copyright(c) Pierre Ossman
[    1.686358] Synopsys Designware Multimedia Card Interface Driver
[    1.693688] sdhci-pltfm: SDHCI platform and OF driver helper
[    1.702085] ledtrig-cpu: registered to indicate activity on CPUs
[    1.708633] usbcore: registered new interface driver usbhid
[    1.714460] usbhid: USB HID core driver
[    1.724236] NET: Registered protocol family 10
[    1.729468] sit: IPv6, IPv4 and MPLS over IPv4 tunneling driver
[    1.736135] NET: Registered protocol family 17
[    1.740791] can: controller area network core (rev 20120528 abi 9)
[    1.747294] NET: Registered protocol family 29
[    1.751937] can: raw protocol (rev 20120528)
[    1.756400] can: broadcast manager protocol (rev 20160617 t)
[    1.762322] can: netlink gateway (rev 20130117) max_hops=1
[    1.768350] Key type dns_resolver registered
[    1.772977] omap_vc_init_channel: No PMIC info for vdd_core
[    1.778807] omap_vp_init: No PMIC info for vdd_core
[    1.783907] omap_vc_init_channel: No PMIC info for vdd_mm
[    1.789542] omap_vp_init: No PMIC info for vdd_mm
[    1.794460] omap_vc_init_channel: No PMIC info for vdd_mpu
[    1.800192] omap_vp_init: No PMIC info for vdd_mpu
[    1.805285] Power Management for TI OMAP4+ devices.
[    1.810553] ThumbEE CPU extension supported.
[    1.815031] Registering SWP/SWPB emulation handler
[    1.822243] palmas 0-0048: Irq flag is 0x00000000
[    1.842443] palmas 0-0048: Muxing GPIO 2, PWM 0, LED 0
[    1.853338] palmas-rtc 48070000.i2c:palmas@48:rtc: rtc core: registered 48070000.i2c:palmas as rtc0
[    1.868767] SMPS6: supplied by vsys_cobra
[    1.873301] smps6: Bringing 1350000uV into 1200000-1200000uV
[    1.880984] SMPS7: supplied by vsys_cobra
[    1.885918] vdds_1v8_main: supplied by smps7
[    1.891279] SMPS8: supplied by vsys_cobra
[    1.896844] mmc0: new high speed MMC card at address 0001
[    1.897095] SMPS9: supplied by vsys_cobra
[    1.897420] smps9: Bringing 0uV into 2100000-2100000uV
[    1.900262] LDO1: supplied by vsys_cobra
[    1.900595] ldo1: Bringing 0uV into 1800000-1800000uV
[    1.901772] LDO2: supplied by vsys_cobra
[    1.902106] ldo2: Bringing 0uV into 2800000-2800000uV
[    1.903274] LDO3: supplied by vdds_1v8_main
[    1.904985] LDO4: supplied by vdds_1v8_main
[    1.905320] ldo4: Bringing 0uV into 1800000-1800000uV
[    1.906498] LDO5: supplied by vsys_cobra
[    1.908211] LDO6: supplied by vdds_1v8_main
[    1.911440] LDO7: supplied by vsys_cobra
[    1.911765] ldo7: Bringing 0uV into 2000000-2000000uV
[    1.912937] LDO8: supplied by vsys_cobra
[    1.914666] LDO9: supplied by vmmcsd_fixed
[    1.916846] LDOLN: supplied by vsys_cobra
[    1.918574] LDOUSB: supplied by vsys_cobra
[    1.923179] omap_i2c 48070000.i2c: bus 0 rev0.12 at 400 kHz
[    1.936233] omap_i2c 4807c000.i2c: bus 4 rev0.12 at 400 kHz
[    1.937213] ------------[ cut here ]------------
[    1.937225] WARNING: CPU: 0 PID: 87 at drivers/bus/omap_l3_noc.c:147 l3_interrupt_handler+0x23c/0x340
[    1.937229] 44000000.ocp:L3 Custom Error: MASTER MPU TARGET L4CFG (Read): Data Access in User mode during Functional access
[    1.937235] Modules linked in:
[    1.937242] CPU: 0 PID: 87 Comm: irq/333-dwc3-om Not tainted 4.7.0-rc7-next-20160722-00002-gff93f2bd9132 #1
[    1.937244] Hardware name: Generic OMAP5 (Flattened Device Tree)
[    1.937261] [<c040fb78>] (unwind_backtrace) from [<c040b138>] (show_stack+0x10/0x14)
[    1.937269] [<c040b138>] (show_stack) from [<c06951bc>] (dump_stack+0x98/0xac)
[    1.937280] [<c06951bc>] (dump_stack) from [<c0442b00>] (__warn+0xe8/0x100)
[    1.937289] [<c0442b00>] (__warn) from [<c0442b50>] (warn_slowpath_fmt+0x38/0x48)
[    1.937297] [<c0442b50>] (warn_slowpath_fmt) from [<c06c6df0>] (l3_interrupt_handler+0x23c/0x340)
[    1.937306] [<c06c6df0>] (l3_interrupt_handler) from [<c0487080>] (__handle_irq_event_percpu+0x88/0x118)
[    1.937315] [<c0487080>] (__handle_irq_event_percpu) from [<c048712c>] (handle_irq_event_percpu+0x1c/0x58)
[    1.937322] [<c048712c>] (handle_irq_event_percpu) from [<c04871ac>] (handle_irq_event+0x44/0x68)
[    1.937330] [<c04871ac>] (handle_irq_event) from [<c048a56c>] (handle_fasteoi_irq+0xb4/0x194)
[    1.937337] [<c048a56c>] (handle_fasteoi_irq) from [<c04866cc>] (generic_handle_irq+0x24/0x34)
[    1.937344] [<c04866cc>] (generic_handle_irq) from [<c048699c>] (__handle_domain_irq+0x5c/0xb4)
[    1.937351] [<c048699c>] (__handle_domain_irq) from [<c040170c>] (gic_handle_irq+0x54/0x98)
[    1.937357] [<c040170c>] (gic_handle_irq) from [<c040bc38>] (__irq_svc+0x58/0x74)
[    1.937360] Exception stack(0xee70bec8 to 0xee70bf10)
[    1.937365] bec0:                   0000014d ee685590 fc020000 fc020034 ee685590 ee6ea324
[    1.937371] bee0: ee1c1cc0 00000000 c04880bc c150f90c 00000000 00000000 00000000 ee70bf18
[    1.937374] bf00: c04880d8 c0a18bac 60000013 ffffffff
[    1.937385] [<c040bc38>] (__irq_svc) from [<c0a18bac>] (dwc3_omap_interrupt_thread+0x20/0x80)
[    1.937394] [<c0a18bac>] (dwc3_omap_interrupt_thread) from [<c04880d8>] (irq_thread_fn+0x1c/0x34)
[    1.937401] [<c04880d8>] (irq_thread_fn) from [<c04883e8>] (irq_thread+0x13c/0x1ec)
[    1.937409] [<c04883e8>] (irq_thread) from [<c045cff0>] (kthread+0xdc/0xf4)
[    1.937417] [<c045cff0>] (kthread) from [<c0407d28>] (ret_from_fork+0x14/0x2c)
[    1.937421] ---[ end trace fb9d99b19ac02bec ]---
[    1.937428] Unhandled fault: asynchronous external abort (0x1211) at 0x00000000
[    1.937430] pgd = c0203000
[    1.937437] [00000000] *pgd=80000080204003, *pmd=00000000
[    1.937442] Internal error: : 1211 [#1] SMP ARM
[    1.937447] Modules linked in:
[    1.937452] CPU: 0 PID: 87 Comm: irq/333-dwc3-om Tainted: G        W       4.7.0-rc7-next-20160722-00002-gff93f2bd9132 #1
[    1.937455] Hardware name: Generic OMAP5 (Flattened Device Tree)
[    1.937458] task: ee5fea00 task.stack: ee70a000
[    1.937463] PC is at dwc3_omap_interrupt_thread+0x20/0x80
[    1.937467] LR is at irq_thread_fn+0x1c/0x34
[    1.937472] pc : [<c0a18bac>]    lr : [<c04880d8>]    psr: 60000013
[    1.937472] sp : ee70bf18  ip : 00000000  fp : 00000000
[    1.937474] r10: 00000000  r9 : c150f90c  r8 : c04880bc
[    1.937478] r7 : 00000000  r6 : ee1c1cc0  r5 : ee6ea324  r4 : ee685590
[    1.937481] r3 : fc020034  r2 : fc020000  r1 : ee685590  r0 : 0000014d
[    1.937485] Flags: nZCv  IRQs on  FIQs on  Mode SVC_32  ISA ARM  Segment user
[    1.937489] Control: 30c5387d  Table: 80203000  DAC: fffffffd
[    1.937492] Process irq/333-dwc3-om (pid: 87, stack limit = 0xee70a220)
[    1.937495] Stack: (0xee70bf18 to 0xee70c000)
[    1.937499] bf00:                                                       ee6ea300 ee6ea324
[    1.937505] bf20: ee1c1cc0 ee6ea300 c04880bc c04880d8 ee70a000 ee6ea324 ee1c1cc0 c04883e8
[    1.937511] bf40: 00000000 c04881f0 00000000 ee6ea340 ee6ea300 c04882ac 00000000 00000000
[    1.937515] bf60: 00000000 c045cff0 00000000 00000000 00000001 ee6ea300 00000000 00000000
[    1.937520] bf80: ee70bf80 ee70bf80 00000000 00000000 ee70bf90 ee70bf90 ee70bfac ee6ea340
[    1.937526] bfa0: c045cf14 00000000 00000000 c0407d28 00000000 00000000 00000000 00000000
[    1.937530] bfc0: 00000000 00000000 00000000 00000000 00000000 00000000 00000000 00000000
[    1.937534] bfe0: 00000000 00000000 00000000 00000000 00000013 00000000 00000000 00000000
[    1.937542] [<c0a18bac>] (dwc3_omap_interrupt_thread) from [<c04880d8>] (irq_thread_fn+0x1c/0x34)
[    1.937550] [<c04880d8>] (irq_thread_fn) from [<c04883e8>] (irq_thread+0x13c/0x1ec)
[    1.937556] [<c04883e8>] (irq_thread) from [<c045cff0>] (kthread+0xdc/0xf4)
[    1.937563] [<c045cff0>] (kthread) from [<c0407d28>] (ret_from_fork+0x14/0x2c)
[    1.937569] Code: e2833034 e0823003 e5937000 f57ff04f (e5916014) 
[    1.937573] ---[ end trace fb9d99b19ac02bed ]---
[    1.937589] Unable to handle kernel paging request at virtual address ffffffec
[    1.937591] pgd = c0203000
[    1.937600] [ffffffec] *pgd=80000080207003, *pmd=affff003, *pte=00000000
[    1.937603] Internal error: Oops: 207 [#2] SMP ARM
[    1.937607] Modules linked in:
[    1.937612] CPU: 0 PID: 87 Comm: irq/333-dwc3-om Tainted: G      D W       4.7.0-rc7-next-20160722-00002-gff93f2bd9132 #1
[    1.937614] Hardware name: Generic OMAP5 (Flattened Device Tree)
[    1.937617] task: ee5fea00 task.stack: ee70a000
[    1.937622] PC is at kthread_data+0x4/0xc
[    1.937626] LR is at irq_thread_dtor+0x28/0xbc
[    1.937631] pc : [<c045d5bc>]    lr : [<c0488218>]    psr: 20000193
[    1.937631] sp : ee70bd50  ip : ee70bf84  fp : c0a18bae
[    1.937634] r10: ee5fedf8  r9 : c0a18bb0  r8 : ee70bd78
[    1.937637] r7 : ee5fea00  r6 : 00000000  r5 : c1514268  r4 : ee5fea00
[    1.937640] r3 : 00000000  r2 : ee70bf40  r1 : 00000009  r0 : ee5fea00
[    1.937644] Flags: nzCv  IRQs off  FIQs on  Mode SVC_32  ISA ARM  Segment user
[    1.937647] Control: 30c5387d  Table: 80203000  DAC: fffffffd
[    1.937651] Process irq/333-dwc3-om (pid: 87, stack limit = 0xee70a220)
[    1.937654] Stack: (0xee70bd50 to 0xee70c000)
[    1.937658] bd40:                                     ee5fede4 c1514268 00000000 c045b808
[    1.937663] bd60: ee5fea00 00000000 0000000b 00000001 ee70bd78 c0444e80 c1066228 ee70bd94
[    1.937667] bd80: 0000022b c1511604 c1407630 ee70bec8 60000193 0000000b c0a18bb0 00000001
[    1.937672] bda0: c0a18bae c040b564 ee70a220 0000000b 00000000 00000000 bf000000 00000008
[    1.937677] bdc0: c10541a0 c10541a8 65000000 33333832 20343330 32383065 33303033 39356520
[    1.937681] bde0: 30303733 35662030 30666637 28206634 31393565 34313036 c1002029 ee70be1c
[    1.937686] be00: c1055fc8 c140802c 00001211 00000007 00000000 ee70bec8 ee70a000 00000000
[    1.937690] be20: 00000000 c04012d8 00000000 0740a50b 00000007 00000000 00000000 00000000
[    1.937695] be40: ee008000 fa213000 00000000 c048715c eefc9d80 00000004 c1319d80 ee16b540
[    1.937700] be60: ee16b5a0 c04871ac ee16b540 c140a888 ee16b540 c048a60c c1317fb8 00000018
[    1.937705] be80: 00000000 00000000 c1317fb8 00000018 c1402840 c143f2c8 fa21200c ee70bec8
[    1.937709] bea0: fa212000 c040170c c0a18bac 60000013 c0a18bac 60000013 ffffffff ee70befc
[    1.937714] bec0: c04880bc c040bbb0 0000014d ee685590 fc020000 fc020034 ee685590 ee6ea324
[    1.937718] bee0: ee1c1cc0 00000000 c04880bc c150f90c 00000000 00000000 00000000 ee70bf18
[    1.937723] bf00: c04880d8 c0a18bac 60000013 ffffffff 00000000 00000000 ee6ea300 ee6ea324
[    1.937728] bf20: ee1c1cc0 ee6ea300 c04880bc c04880d8 ee70a000 ee6ea324 ee1c1cc0 c04883e8
[    1.937732] bf40: 00000000 c04881f0 00000000 ee6ea340 ee6ea300 c04882ac 00000000 00000000
[    1.937737] bf60: 00000000 c045cff0 00000000 00000000 00000001 ee6ea300 00000000 00000000
[    1.937741] bf80: ee70bf80 ee70bf80 00000001 00010001 ee70bf90 ee70bf90 ee70bfac ee6ea340
[    1.937747] bfa0: c045cf14 00000000 00000000 c0407d28 00000000 00000000 00000000 00000000
[    1.937750] bfc0: 00000000 00000000 00000000 00000000 00000000 00000000 00000000 00000000
[    1.937755] bfe0: 00000000 00000000 00000000 00000000 00000013 00000000 00000000 00000000
[    1.937762] [<c045d5bc>] (kthread_data) from [<c0488218>] (irq_thread_dtor+0x28/0xbc)
[    1.937772] [<c0488218>] (irq_thread_dtor) from [<c045b808>] (task_work_run+0xb8/0xe8)
[    1.937782] [<c045b808>] (task_work_run) from [<c0444e80>] (do_exit+0x320/0xa84)
[    1.937789] [<c0444e80>] (do_exit) from [<c040b564>] (die+0x428/0x434)
[    1.937794] [<c040b564>] (die) from [<c04012d8>] (do_DataAbort+0xac/0xb0)
[    1.937800] [<c04012d8>] (do_DataAbort) from [<c040bbb0>] (__dabt_svc+0x50/0x80)
[    1.937803] Exception stack(0xee70bec8 to 0xee70bf10)
[    1.937807] bec0:                   0000014d ee685590 fc020000 fc020034 ee685590 ee6ea324
[    1.937811] bee0: ee1c1cc0 00000000 c04880bc c150f90c 00000000 00000000 00000000 ee70bf18
[    1.937816] bf00: c04880d8 c0a18bac 60000013 ffffffff
[    1.937823] [<c040bbb0>] (__dabt_svc) from [<c0a18bac>] (dwc3_omap_interrupt_thread+0x20/0x80)
[    1.937831] [<c0a18bac>] (dwc3_omap_interrupt_thread) from [<c04880d8>] (irq_thread_fn+0x1c/0x34)
[    1.937838] [<c04880d8>] (irq_thread_fn) from [<c04883e8>] (irq_thread+0x13c/0x1ec)
[    1.937843] [<c04883e8>] (irq_thread) from [<c045cff0>] (kthread+0xdc/0xf4)
[    1.937849] [<c045cff0>] (kthread) from [<c0407d28>] (ret_from_fork+0x14/0x2c)
[    1.937854] Code: e3a02002 e0431101 eaffff8f e59032f8 (e5130014) 
[    1.937858] ---[ end trace fb9d99b19ac02bee ]---
[    1.937861] Fixing recursive fault but reboot is needed!
[    2.882945] mmcblk0: mmc0:0001 SEM04G 3.69 GiB 
[    2.887864] mmcblk0boot0: mmc0:0001 SEM04G partition 1 2.00 MiB
[    2.894224] mmcblk0boot1: mmc0:0001 SEM04G partition 2 2.00 MiB
[    2.901220]  mmcblk0: p1 p2
- 09:43:13 [INFO] Boot attempt 1/1 failed
- 09:43:13 [INFO] Collecting kernel traces via sysrq...
- 09:43:23 [INFO] 
- 09:43:33 [INFO] 
- 09:43:44 [INFO] 
- 09:43:44 [INFO] Disconnected serial from omap5-evm
URL:gtsystest.telogy.design.ti.com/vatf/tigtfarm08/tigtfarm08_vatf@omap5-evm/tigtfarm0807_22_2016_09_39_00/files/session_iteration_1/test_1
