- 07:39:11 [INFO] Starting target session
- 07:39:12 [INFO] Connected to omap5-evm via serial 
- 07:39:12 [INFO] Host: #check prompt
- 07:39:15 [ERROR] On command: #check prompt waiting for #check prompt.+?(?-mix:((?-mix:login:)|[Pp]assword)) >>> error: execution expired
- 07:39:15 [INFO] Target: 
- 07:39:15 [INFO] Host: #check prompt
- 07:39:17 [ERROR] On command: #check prompt waiting for #check prompt.+?(?-mix:root@.+[@:#]+) >>> error: execution expired
- 07:39:17 [INFO] Target: 
- 07:39:17 [INFO] Disconnected serial from omap5-evm
- 07:39:22 [INFO] Connected to omap5-evm via serial 
- 07:39:22 [INFO] Host: 
- 07:39:22 [INFO] Target: 
SATA link 0 timeout.
AHCI 0001.0300 32 slots 1 ports 3 Gbps 0x1 impl SATA mode
flags: 64bit ncq stag pm led clo only pmp pio slum part ccc apst 
scanning bus for devices...
Found 0 device(s).
SCSI:  Net:   No ethernet found.
Hit any key to stop autoboot:  1  0 
U-Boot# 
U-Boot# 
U-Boot# 
- 07:39:22 [INFO] Host: 
- 07:39:22 [INFO] Target: 
U-Boot# 
- 07:39:22 [INFO] Host: version
- 07:39:22 [INFO] Target: 
U-Boot# version
U-Boot 2014.07-00071-gaca0808 (Oct 02 2014 - 11:23:17)
arm-linux-gnueabihf-gcc (crosstool-NG linaro-1.13.1-4.7-2013.03-20130313 - Linaro GCC 2013.03) 4.7.3 20130226 (prerelease)
GNU ld (crosstool-NG linaro-1.13.1-4.7-2013.03-20130313 - Linaro GCC 2013.03) 2.23.1
U-Boot# 
- 07:39:22 [INFO] Host: setenv bootargs 'console=ttyO2,115200n8 earlyprintk rootwait '
- 07:39:22 [INFO] Target: 
setenv bootargs 'console=ttyO2,115200n8 earlyprintk rootwait '
U-Boot# 
- 07:39:22 [INFO] Host: setenv bootcmd  ''
- 07:39:22 [INFO] Target: 
setenv bootcmd  ''
U-Boot# 
- 07:39:22 [INFO] Host: setenv autoload 'no'
- 07:39:22 [INFO] Target: 
setenv autoload 'no'
U-Boot# 
- 07:39:22 [INFO] Host: setenv serverip '192.168.0.1'
- 07:39:23 [INFO] Target: 
setenv serverip '192.168.0.1'
U-Boot# 
- 07:39:23 [INFO] Host: setenv mmcdev ' '
- 07:39:23 [INFO] Target: 
setenv mmcdev ' '
U-Boot# 
- 07:39:23 [INFO] Host: printenv
- 07:39:23 [INFO] Target: 
printenv
arch=arm
autoload=no
baudrate=115200
board=omap5_uevm
board_name=omap5_uevm
bootargs=console=ttyO2,115200n8 earlyprintk rootwait 
bootcmd=
bootdelay=1
bootdir=/boot
bootfile=zImage
bootm_size=0x10000000
bootpart=0:2
bootscript=echo Running bootscript from mmc${mmcdev} ...; source ${loadaddr}
console=ttyO2,115200n8
cpu=armv7
fdt_addr_r=0x88000000
fdtaddr=0x88000000
fdtfile=undefined
findfdt=if test $board_name = omap5_uevm; then setenv fdtfile omap5-uevm.dtb; fi; if test $board_name = dra7xx; then setenv fdtfile dra7-evm.dtb; fi;if test $board_name = dra72x; then setenv fdtfile dra72-evm.dtb; fi;if test $fdtfile = undefined; then echo WARNING: Could not determine device tree to use; fi; 
importbootenv=echo Importing environment from mmc${mmcdev} ...; env import -t ${loadaddr} ${filesize}
kernel_addr_r=0x82000000
loadaddr=0x82000000
loadbootenv=fatload mmc ${mmcdev} ${loadaddr} uEnv.txt
loadbootscript=fatload mmc ${mmcdev} ${loadaddr} boot.scr
loadfdt=load mmc ${bootpart} ${fdtaddr} ${bootdir}/${fdtfile};
loadimage=load mmc ${bootpart} ${loadaddr} ${bootdir}/${bootfile}
mmcargs=setenv bootargs console=${console} ${optargs} vram=${vram} root=${mmcroot} rootfstype=${mmcrootfstype}
mmcboot=mmc dev ${mmcdev}; if mmc rescan; then echo SD/MMC found on device ${mmcdev};if run loadbootenv; then echo Loaded environment from ${bootenv};run importbootenv;fi;if test -n $uenvcmd; then echo Running uenvcmd ...;run uenvcmd;fi;if run loadimage; then run loadfdt; echo Booting from mmc${mmcdev} ...; run mmcargs; bootz ${loadaddr} - ${fdtaddr}; fi;fi;
mmcdev= 
mmcroot=/dev/mmcblk1p2 rw
mmcrootfstype=ext4 rootwait
partitions=uuid_disk=${uuid_gpt_disk};name=rootfs,start=2MiB,size=-,uuid=${uuid_gpt_rootfs}
ramdisk_addr_r=0x88080000
rdaddr=0x88080000
scsidevs=0
serverip=192.168.0.1
soc=omap5
stderr=serial
stdin=serial
stdout=serial
usbethaddr=02:21:03:ff:09:60
usbtty=cdc_acm
vendor=ti
ver=U-Boot 2014.07-00071-gaca0808 (Oct 02 2014 - 11:23:17)
vram=16M
Environment size: 2052/131067 bytes
U-Boot# 
- 07:39:23 [INFO] Host: usb start
- 07:39:27 [INFO] Target: 
usb start
(Re)start USB...
USB0:   USB EHCI 1.00
scanning bus 0 for devices... 3 USB Device(s) found
       scanning usb for storage devices... 0 Storage Device(s) found
       scanning usb for ethernet devices... 1 Ethernet Device(s) found
U-Boot# 
- 07:39:27 [INFO] Host: printenv
- 07:39:27 [INFO] Target: 
printenv
arch=arm
autoload=no
baudrate=115200
board=omap5_uevm
board_name=omap5_uevm
bootargs=console=ttyO2,115200n8 earlyprintk rootwait 
bootcmd=
bootdelay=1
bootdir=/boot
bootfile=zImage
bootm_size=0x10000000
bootpart=0:2
bootscript=echo Running bootscript from mmc${mmcdev} ...; source ${loadaddr}
console=ttyO2,115200n8
cpu=armv7
ethact=sms0
fdt_addr_r=0x88000000
fdtaddr=0x88000000
fdtfile=undefined
findfdt=if test $board_name = omap5_uevm; then setenv fdtfile omap5-uevm.dtb; fi; if test $board_name = dra7xx; then setenv fdtfile dra7-evm.dtb; fi;if test $board_name = dra72x; then setenv fdtfile dra72-evm.dtb; fi;if test $fdtfile = undefined; then echo WARNING: Could not determine device tree to use; fi; 
importbootenv=echo Importing environment from mmc${mmcdev} ...; env import -t ${loadaddr} ${filesize}
kernel_addr_r=0x82000000
loadaddr=0x82000000
loadbootenv=fatload mmc ${mmcdev} ${loadaddr} uEnv.txt
loadbootscript=fatload mmc ${mmcdev} ${loadaddr} boot.scr
loadfdt=load mmc ${bootpart} ${fdtaddr} ${bootdir}/${fdtfile};
loadimage=load mmc ${bootpart} ${loadaddr} ${bootdir}/${bootfile}
mmcargs=setenv bootargs console=${console} ${optargs} vram=${vram} root=${mmcroot} rootfstype=${mmcrootfstype}
mmcboot=mmc dev ${mmcdev}; if mmc rescan; then echo SD/MMC found on device ${mmcdev};if run loadbootenv; then echo Loaded environment from ${bootenv};run importbootenv;fi;if test -n $uenvcmd; then echo Running uenvcmd ...;run uenvcmd;fi;if run loadimage; then run loadfdt; echo Booting from mmc${mmcdev} ...; run mmcargs; bootz ${loadaddr} - ${fdtaddr}; fi;fi;
mmcdev= 
mmcroot=/dev/mmcblk1p2 rw
mmcrootfstype=ext4 rootwait
partitions=uuid_disk=${uuid_gpt_disk};name=rootfs,start=2MiB,size=-,uuid=${uuid_gpt_rootfs}
ramdisk_addr_r=0x88080000
rdaddr=0x88080000
scsidevs=0
serverip=192.168.0.1
soc=omap5
stderr=serial
stdin=serial
stdout=serial
usbethaddr=02:21:03:ff:09:60
usbtty=cdc_acm
vendor=ti
ver=U-Boot 2014.07-00071-gaca0808 (Oct 02 2014 - 11:23:17)
vram=16M
Environment size: 2066/131067 bytes
U-Boot# 
- 07:39:27 [INFO] Host: setenv bootargs ''${bootargs}' ip=dhcp '
- 07:39:27 [INFO] Target: 
setenv bootargs ''${bootargs}' ip=dhcp '
U-Boot# 
- 07:39:27 [INFO] Host: setenv serverip '192.168.0.1'
- 07:39:27 [INFO] Target: 
setenv serverip '192.168.0.1'
U-Boot# 
- 07:39:27 [INFO] Host: setenv ipaddr dhcp
- 07:39:27 [INFO] Target: 
setenv ipaddr dhcp
U-Boot# 
- 07:39:27 [INFO] Host: setenv autoload 'no'
- 07:39:27 [INFO] Target: 
setenv autoload 'no'
U-Boot# 
- 07:39:27 [INFO] Host: dhcp
- 07:39:30 [INFO] Target: 
dhcp
Waiting for Ethernet connection... done.
BOOTP broadcast 1
DHCP client bound to address 192.168.0.121
U-Boot# 
- 07:39:30 [INFO] Host: setenv serverip '192.168.0.1'
- 07:39:30 [INFO] Target: 
setenv serverip '192.168.0.1'
U-Boot# 
- 07:39:30 [INFO] Host: tftp ${loadaddr} 192.168.0.1:vatf_omap5-evm/33187a85627c469b015a9b5a1dc0626e
- 07:39:34 [INFO] Target: 
tftp ${loadaddr} 192.168.0.1:vatf_omap5-evm/33187a85627c469b015a9b5a1dc0626e
Waiting for Ethernet connection... done.
Using sms0 device
TFTP from server 192.168.0.1; our IP address is 192.168.0.121
Filename 'vatf_omap5-evm/33187a85627c469b015a9b5a1dc0626e'.
Load address: 0x82000000
Loading: *#################################################################
	 #################################################################
	 #################################################################
	 #################################################################
	 #################################################################
	 #################################################################
	 ################################################
	 2.8 MiB/s
done
Bytes transferred = 6422560 (620020 hex)
U-Boot# 
- 07:39:34 [INFO] Host: tftp ${fdt_addr_r} 192.168.0.1:vatf_omap5-evm/f739f724527e37eead1376dbb6f7b0ef
- 07:39:36 [INFO] Target: 
tftp ${fdt_addr_r} 192.168.0.1:vatf_omap5-evm/f739f724527e37eead1376dbb6f7b0ef
Waiting for Ethernet connection... done.
Using sms0 device
TFTP from server 192.168.0.1; our IP address is 192.168.0.121
Filename 'vatf_omap5-evm/f739f724527e37eead1376dbb6f7b0ef'.
Load address: 0x88000000
Loading: *####
	 2.5 MiB/s
done
Bytes transferred = 51736 (ca18 hex)
U-Boot# 
- 07:39:36 [INFO] Host: ls mmc 0:1
- 07:39:36 [INFO] Target: 
ls mmc 0:1
    62048   mlo 
   304288   u-boot.img 
  1867895   u-boot 
            old_uboot/
   304240   u-boot.bin 
   704856   u-boot-spl 
    61536   u-boot-spl.bin 
      259   uboot_build.txt 
        4   ws-calibrate.rules 
        0   pointercal 
9 file(s), 1 dir(s)
U-Boot# 
- 07:39:36 [INFO] Host: ls mmc 0:2
- 07:39:36 [INFO] Target: 
ls mmc 0:2
<DIR>       4096 .
<DIR>       4096 ..
<DIR>       4096 bin
<DIR>       4096 boot
<DIR>       4096 dev
<DIR>       4096 etc
<DIR>       4096 home
<DIR>       4096 lib
<DIR>       4096 media
<DIR>       4096 mnt
<DIR>       4096 opt
<DIR>       4096 proc
<SYM>          8 run
<DIR>       4096 sbin
<DIR>       4096 srv
<DIR>       4096 sys
<SYM>          8 tmp
<DIR>       4096 usr
<DIR>       4096 var
<DIR>       4096 www
<DIR>       4096 Settings
<DIR>       4096 test
U-Boot# 
- 07:39:36 [INFO] Host: part uuid mmc 0:2
- 07:39:36 [INFO] Target: 
part uuid mmc 0:2
00000000-02
U-Boot# 
- 07:39:36 [INFO] Host: printenv
- 07:39:37 [INFO] Target: 
printenv
arch=arm
autoload=no
baudrate=115200
board=omap5_uevm
board_name=omap5_uevm
bootargs=console=ttyO2,115200n8 earlyprintk rootwait  ip=dhcp 
bootcmd=
bootdelay=1
bootdir=/boot
bootfile=zImage
bootm_size=0x10000000
bootpart=0:2
bootscript=echo Running bootscript from mmc${mmcdev} ...; source ${loadaddr}
console=ttyO2,115200n8
cpu=armv7
dnsip=192.0.2.2
ethact=sms0
fdt_addr_r=0x88000000
fdtaddr=0x88000000
fdtfile=undefined
fileaddr=88000000
filesize=ca18
findfdt=if test $board_name = omap5_uevm; then setenv fdtfile omap5-uevm.dtb; fi; if test $board_name = dra7xx; then setenv fdtfile dra7-evm.dtb; fi;if test $board_name = dra72x; then setenv fdtfile dra72-evm.dtb; fi;if test $fdtfile = undefined; then echo WARNING: Could not determine device tree to use; fi; 
gatewayip=192.168.0.1
importbootenv=echo Importing environment from mmc${mmcdev} ...; env import -t ${loadaddr} ${filesize}
ipaddr=192.168.0.121
kernel_addr_r=0x82000000
loadaddr=0x82000000
loadbootenv=fatload mmc ${mmcdev} ${loadaddr} uEnv.txt
loadbootscript=fatload mmc ${mmcdev} ${loadaddr} boot.scr
loadfdt=load mmc ${bootpart} ${fdtaddr} ${bootdir}/${fdtfile};
loadimage=load mmc ${bootpart} ${loadaddr} ${bootdir}/${bootfile}
mmcargs=setenv bootargs console=${console} ${optargs} vram=${vram} root=${mmcroot} rootfstype=${mmcrootfstype}
mmcboot=mmc dev ${mmcdev}; if mmc rescan; then echo SD/MMC found on device ${mmcdev};if run loadbootenv; then echo Loaded environment from ${bootenv};run importbootenv;fi;if test -n $uenvcmd; then echo Running uenvcmd ...;run uenvcmd;fi;if run loadimage; then run loadfdt; echo Booting from mmc${mmcdev} ...; run mmcargs; bootz ${loadaddr} - ${fdtaddr}; fi;fi;
mmcdev= 
mmcroot=/dev/mmcblk1p2 rw
mmcrootfstype=ext4 rootwait
netmask=255.255.255.0
partitions=uuid_disk=${uuid_gpt_disk};name=rootfs,start=2MiB,size=-,uuid=${uuid_gpt_rootfs}
ramdisk_addr_r=0x88080000
rdaddr=0x88080000
scsidevs=0
serverip=192.168.0.1
soc=omap5
stderr=serial
stdin=serial
stdout=serial
usbethaddr=02:21:03:ff:09:60
usbtty=cdc_acm
vendor=ti
ver=U-Boot 2014.07-00071-gaca0808 (Oct 02 2014 - 11:23:17)
vram=16M
Environment size: 2200/131067 bytes
U-Boot# 
- 07:39:37 [INFO] Host: setenv bootargs ''${bootargs}' root=PARTUUID=00000000-02 rw rootfstype=ext4 rootwait '
- 07:39:37 [INFO] Target: 
setenv bootargs ''${bootargs}' root=PARTUUID=00000000-02 rw rootfstype=ext4 rootwait '
U-Boot# 
- 07:39:37 [INFO] Host: printenv
- 07:39:37 [INFO] Target: 
printenv
arch=arm
autoload=no
baudrate=115200
board=omap5_uevm
board_name=omap5_uevm
bootargs=console=ttyO2,115200n8 earlyprintk rootwait  ip=dhcp  root=PARTUUID=00000000-02 rw rootfstype=ext4 rootwait 
bootcmd=
bootdelay=1
bootdir=/boot
bootfile=zImage
bootm_size=0x10000000
bootpart=0:2
bootscript=echo Running bootscript from mmc${mmcdev} ...; source ${loadaddr}
console=ttyO2,115200n8
cpu=armv7
dnsip=192.0.2.2
ethact=sms0
fdt_addr_r=0x88000000
fdtaddr=0x88000000
fdtfile=undefined
fileaddr=88000000
filesize=ca18
findfdt=if test $board_name = omap5_uevm; then setenv fdtfile omap5-uevm.dtb; fi; if test $board_name = dra7xx; then setenv fdtfile dra7-evm.dtb; fi;if test $board_name = dra72x; then setenv fdtfile dra72-evm.dtb; fi;if test $fdtfile = undefined; then echo WARNING: Could not determine device tree to use; fi; 
gatewayip=192.168.0.1
importbootenv=echo Importing environment from mmc${mmcdev} ...; env import -t ${loadaddr} ${filesize}
ipaddr=192.168.0.121
kernel_addr_r=0x82000000
loadaddr=0x82000000
loadbootenv=fatload mmc ${mmcdev} ${loadaddr} uEnv.txt
loadbootscript=fatload mmc ${mmcdev} ${loadaddr} boot.scr
loadfdt=load mmc ${bootpart} ${fdtaddr} ${bootdir}/${fdtfile};
loadimage=load mmc ${bootpart} ${loadaddr} ${bootdir}/${bootfile}
mmcargs=setenv bootargs console=${console} ${optargs} vram=${vram} root=${mmcroot} rootfstype=${mmcrootfstype}
mmcboot=mmc dev ${mmcdev}; if mmc rescan; then echo SD/MMC found on device ${mmcdev};if run loadbootenv; then echo Loaded environment from ${bootenv};run importbootenv;fi;if test -n $uenvcmd; then echo Running uenvcmd ...;run uenvcmd;fi;if run loadimage; then run loadfdt; echo Booting from mmc${mmcdev} ...; run mmcargs; bootz ${loadaddr} - ${fdtaddr}; fi;fi;
mmcdev= 
mmcroot=/dev/mmcblk1p2 rw
mmcrootfstype=ext4 rootwait
netmask=255.255.255.0
partitions=uuid_disk=${uuid_gpt_disk};name=rootfs,start=2MiB,size=-,uuid=${uuid_gpt_rootfs}
ramdisk_addr_r=0x88080000
rdaddr=0x88080000
scsidevs=0
serverip=192.168.0.1
soc=omap5
stderr=serial
stdin=serial
stdout=serial
usbethaddr=02:21:03:ff:09:60
usbtty=cdc_acm
vendor=ti
ver=U-Boot 2014.07-00071-gaca0808 (Oct 02 2014 - 11:23:17)
vram=16M
Environment size: 2255/131067 bytes
U-Boot# 
- 07:39:37 [INFO] Host: setenv bootcmd ''${bootcmd}' if iminfo ${loadaddr}; then bootm ${loadaddr} - ${fdt_addr_r}; else bootz ${loadaddr} - ${fdt_addr_r}; bootm ${loadaddr} - ${fdt_addr_r}; fi'
- 07:39:37 [INFO] Target: 
setenv bootcmd ''${bootcmd}' if iminfo ${loadaddr}; then bootm ${loadaddr} - ${fdt_addr_r}; else bootz ${loadaddr} - ${fdt_addr_r}; bootm ${loadaddr} - ${fdt_addr_r}; fi'
U-Boot# 
- 07:39:37 [INFO] Host: bdinfo
- 07:39:37 [INFO] Target: 
bdinfo
arch_number = 0x00000EC1
boot_params = 0x80000100
DRAM bank   = 0x00000000
-> start    = 0x80000000
-> size     = 0x7F000000
eth0name    = sms0
ethaddr     = (not set)
current eth = sms0
ip_addr     = 192.168.0.121
baudrate    = 115200 bps
TLB addr    = 0xFEFF0000
relocaddr   = 0xFEF61000
reloc off   = 0x7E761000
irq_sp      = 0xFDF40EE0
sp start    = 0xFDF40ED0
U-Boot# 
- 07:39:37 [INFO] Host: mmc rescan
- 07:39:37 [INFO] Target: 
mmc rescan
U-Boot# 
- 07:39:37 [INFO] Host: fatwrite mmc ${mmcdev}:1 ${loadaddr} ws-calibrate.rules 4
- 07:39:37 [INFO] Target: 
fatwrite mmc ${mmcdev}:1 ${loadaddr} ws-calibrate.rules 4
writing ws-calibrate.rules
4 bytes written
U-Boot# 
- 07:39:37 [INFO] Host: boot
- 07:42:07 [ERROR] On command: boot waiting for boot.+?(?-mix:login:) >>> error: execution expired
- 07:42:07 [INFO] Target: 
boot
## Checking Image at 82000000 ...
Unknown image format!
Kernel image @ 0x82000000 [ 0x000000 - 0x620020 ]
## Flattened Device Tree blob at 88000000
   Booting using the fdt blob at 0x88000000
   Loading Device Tree to 8fff0000, end 8ffffa17 ... OK
Starting kernel ...
[    0.000000] Booting Linux on physical CPU 0x0
[    0.000000] Linux version 4.1.0-rc5-next-20150526-00002-gb61d5ce61b3a (nmenon@kahuna) (gcc version 4.6.3 (Ubuntu/Linaro 4.6.3-1ubuntu5) ) #3 SMP Tue May 26 06:39:00 CDT 2015
[    0.000000] CPU: ARMv7 Processor [412fc0f2] revision 2 (ARMv7), cr=30c5387d
[    0.000000] CPU: PIPT / VIPT nonaliasing data cache, PIPT instruction cache
[    0.000000] Machine model: TI OMAP5 uEVM board
[    0.000000] cma: Reserved 64 MiB at 0x00000000fa800000
[    0.000000] Forcing write-allocate cache policy for SMP
[    0.000000] Memory policy: Data cache writealloc
[    0.000000] OMAP5432 ES2.0
[    0.000000] PERCPU: Embedded 12 pages/cpu @ee7c9000 s16896 r8192 d24064 u49152
[    0.000000] Built 1 zonelists in Zone order, mobility grouping on.  Total pages: 518160
[    0.000000] Kernel command line: console=ttyO2,115200n8 earlyprintk rootwait  ip=dhcp  root=PARTUUID=00000000-02 rw rootfstype=ext4 rootwait 
[    0.000000] PID hash table entries: 4096 (order: 2, 16384 bytes)
[    0.000000] Dentry cache hash table entries: 131072 (order: 7, 524288 bytes)
[    0.000000] Inode-cache hash table entries: 65536 (order: 6, 262144 bytes)
[    0.000000] Memory: 1981392K/2078720K available (8212K kernel code, 1083K rwdata, 3748K rodata, 944K init, 339K bss, 31792K reserved, 65536K cma-reserved, 1234944K highmem)
[    0.000000] Virtual kernel memory layout:
[    0.000000]     vector  : 0xffff0000 - 0xffff1000   (   4 kB)
[    0.000000]     fixmap  : 0xffc00000 - 0xfff00000   (3072 kB)
[    0.000000]     vmalloc : 0xf0000000 - 0xff000000   ( 240 MB)
[    0.000000]     lowmem  : 0xc0000000 - 0xef800000   ( 760 MB)
[    0.000000]     pkmap   : 0xbfe00000 - 0xc0000000   (   2 MB)
[    0.000000]     modules : 0xbf000000 - 0xbfe00000   (  14 MB)
[    0.000000]       .text : 0xc0208000 - 0xc0db709c   (11965 kB)
[    0.000000]       .init : 0xc0db8000 - 0xc0ea4000   ( 944 kB)
[    0.000000]       .data : 0xc0ea4000 - 0xc0fb2de0   (1084 kB)
[    0.000000]        .bss : 0xc0fb5000 - 0xc1009ca0   ( 340 kB)
[    0.000000] SLUB: HWalign=64, Order=0-3, MinObjects=0, CPUs=2, Nodes=1
[    0.000000] Hierarchical RCU implementation.
[    0.000000] 	Additional per-CPU info printed with stalls.
[    0.000000] 	Build-time adjustment of leaf fanout to 32.
[    0.000000] 	RCU restricting CPUs from NR_CPUS=16 to nr_cpu_ids=2.
[    0.000000] RCU: Adjusting geometry for rcu_fanout_leaf=32, nr_cpu_ids=2
[    0.000000] NR_IRQS:16 nr_irqs:16 16
[    0.000000] OMAP clockevent source: timer1 at 32768 Hz
[    0.000000] clocksource 32k_counter: mask: 0xffffffff max_cycles: 0xffffffff, max_idle_ns: 58327039986419 ns
[    0.000000] sched_clock: 32 bits at 32kHz, resolution 30517ns, wraps every 65535999984741ns
[    0.000000] OMAP clocksource: 32k_counter at 32768 Hz
[    0.000396] Architected cp15 timer(s) running at 6.14MHz (virt).
[    0.000427] clocksource arch_sys_counter: mask: 0xffffffffffffff max_cycles: 0x16ac02862, max_idle_ns: 440795202218 ns
[    0.000431] sched_clock: 56 bits at 6MHz, resolution 162ns, wraps every 4398046511085ns
[    0.000441] Switching to timer-based delay loop, resolution 162ns
[    0.003842] Console: colour dummy device 80x30
[    0.003860] Calibrating delay loop (skipped), value calculated using timer frequency.. 12.28 BogoMIPS (lpj=30720)
[    0.003871] pid_max: default: 32768 minimum: 301
[    0.003955] Mount-cache hash table entries: 2048 (order: 1, 8192 bytes)
[    0.003964] Mountpoint-cache hash table entries: 2048 (order: 1, 8192 bytes)
[    0.004414] CPU: Testing write buffer coherency: ok
[    0.004561] /cpus/cpu@0 missing clock-frequency property
[    0.004573] /cpus/cpu@1 missing clock-frequency property
[    0.004583] CPU0: thread -1, cpu 0, socket 0, mpidr 80000000
[    0.004617] Setting up static identity map for 0x80209000 - 0x80209170
[    0.007880] CPU1: thread -1, cpu 1, socket 0, mpidr 80000001
[    0.007932] Brought up 2 CPUs
[    0.007943] SMP: Total of 2 processors activated (24.57 BogoMIPS).
[    0.007949] CPU: All CPU(s) started in SVC mode.
[    0.008283] devtmpfs: initialized
[    0.008905] VFP support v0.3: implementor 41 architecture 4 part 30 variant f rev 0
[    0.009406] omap_hwmod: l3_main_3 using broken dt data from ocp
[    0.009852] omap_hwmod: l3_main_2 using broken dt data from ocp
[    0.073703] clocksource jiffies: mask: 0xffffffff max_cycles: 0xffffffff, max_idle_ns: 9556302231375000 ns
[    0.074998] pinctrl core: initialized pinctrl subsystem
[    0.088001] NET: Registered protocol family 16
[    0.089519] DMA: preallocated 256 KiB pool for atomic coherent allocations
[    0.105759] cpuidle: using governor ladder
[    0.120774] cpuidle: using governor menu
[    0.125315] OMAP GPIO hardware version 0.1
[    0.128854] platform 50000000.gpmc: Cannot lookup hwmod 'gpmc'
[    0.128977] omap-gpmc 50000000.gpmc: _od_fail_runtime_resume: FIXME: missing hwmod/omap_dev info
[    0.128988] omap-gpmc 50000000.gpmc: GPMC revision 6.0
[    0.131463] irq: no irq domain found for /ocp/l4@4a000000/scm@2800/pinmux@40 !
[    0.141535] No ATAGs?
[    0.141560] hw-breakpoint: found 5 (+1 reserved) breakpoint and 4 watchpoint registers.
[    0.141567] hw-breakpoint: maximum watchpoint size is 8 bytes.
[    0.142884] OMAP DMA hardware revision 0.0
[    0.146234] Serial: AMBA PL011 UART driver
[    0.171659] omap-dma-engine 4a056000.dma-controller: OMAP DMA engine driver
[    0.174729] vgaarb: loaded
[    0.175345] SCSI subsystem initialized
[    0.175694] usbcore: registered new interface driver usbfs
[    0.175744] usbcore: registered new interface driver hub
[    0.175785] usbcore: registered new device driver usb
[    0.176086] hsusb2_phy supply vcc not found, using dummy regulator
[    0.176186] hsusb3_phy supply vcc not found, using dummy regulator
[    0.176735] omap_i2c 48070000.i2c: could not find pctldev for node /ocp/l4@4a000000/scm@2800/pinmux@40/pinmux_i2c1_pins, deferring probe
[    0.177020] omap_i2c 48072000.i2c: bus 1 rev0.12 at 100 kHz
[    0.177283] omap_i2c 48060000.i2c: bus 2 rev0.12 at 100 kHz
[    0.177540] omap_i2c 4807a000.i2c: bus 3 rev0.12 at 100 kHz
[    0.177570] omap_i2c 4807c000.i2c: could not find pctldev for node /ocp/l4@4a000000/scm@2800/pinmux@40/pinmux_i2c5_pins, deferring probe
[    0.178385] media: Linux media interface: v0.10
[    0.178432] Linux video capture interface: v2.00
[    0.178474] pps_core: LinuxPPS API ver. 1 registered
[    0.178480] pps_core: Software ver. 5.3.6 - Copyright 2005-2007 Rodolfo Giometti <giometti@linux.it>
[    0.178503] PTP clock support registered
[    0.178725] EDAC MC: Ver: 3.0.0
[    0.179890] Advanced Linux Sound Architecture Driver Initialized.
[    0.180671] Switched to clocksource arch_sys_counter
[    0.188849] NET: Registered protocol family 2
[    0.189204] TCP established hash table entries: 8192 (order: 3, 32768 bytes)
[    0.189267] TCP bind hash table entries: 8192 (order: 4, 65536 bytes)
[    0.189397] TCP: Hash tables configured (established 8192 bind 8192)
[    0.189441] UDP hash table entries: 512 (order: 2, 16384 bytes)
[    0.189470] UDP-Lite hash table entries: 512 (order: 2, 16384 bytes)
[    0.189591] NET: Registered protocol family 1
[    0.189780] RPC: Registered named UNIX socket transport module.
[    0.189787] RPC: Registered udp transport module.
[    0.189792] RPC: Registered tcp transport module.
[    0.189798] RPC: Registered tcp NFSv4.1 backchannel transport module.
[    0.214986] CPU PMU: Failed to parse /pmu/interrupt-affinity[0]
[    0.215015] hw perfevents: enabled with armv7_cortex_a15 PMU driver, 7 counters available
[    0.216775] futex hash table entries: 512 (order: 3, 32768 bytes)
[    0.225760] squashfs: version 4.0 (2009/01/31) Phillip Lougher
[    0.226456] NFS: Registering the id_resolver key type
[    0.226478] Key type id_resolver registered
[    0.226485] Key type id_legacy registered
[    0.226548] ntfs: driver 2.1.32 [Flags: R/O].
[    0.227342] bounce: pool size: 64 pages
[    0.227502] Block layer SCSI generic (bsg) driver version 0.4 loaded (major 248)
[    0.227513] io scheduler noop registered
[    0.227523] io scheduler deadline registered
[    0.227672] io scheduler cfq registered (default)
[    0.233396] pinctrl-single 4a002840.pinmux: 219 pins at pa fc002840 size 438
[    0.233582] pinctrl-single 4ae0c840.pinmux: 28 pins at pa fce0c840 size 56
[    0.284821] Serial: 8250/16550 driver, 4 ports, IRQ sharing disabled
[    0.286725] SuperH (H)SCI(F) driver initialized
[    0.287643] msm_serial: driver initialized
[    0.288229] omap_uart 4806a000.serial: no wakeirq for uart0
[    0.288315] 4806a000.serial: ttyO0 at MMIO 0x4806a000 (irq = 306, base_baud = 3000000) is a OMAP UART0
[    0.288610] omap_uart 4806c000.serial: no wakeirq for uart1
[    0.288677] 4806c000.serial: ttyO1 at MMIO 0x4806c000 (irq = 307, base_baud = 3000000) is a OMAP UART1
[    0.289036] 48020000.serial: ttyO2 at MMIO 0x48020000 (irq = 308, base_baud = 3000000) is a OMAP UART2
[    1.117933] console [ttyO2] enabled
[    1.121845] omap_uart 4806e000.serial: no wakeirq for uart3
[    1.127760] 4806e000.serial: ttyO3 at MMIO 0x4806e000 (irq = 309, base_baud = 3000000) is a OMAP UART3
[    1.137753] omap_uart 48066000.serial: no wakeirq for uart4
[    1.143648] 48066000.serial: ttyO4 at MMIO 0x48066000 (irq = 310, base_baud = 3000000) is a OMAP UART4
[    1.153614] omap_uart 48068000.serial: no wakeirq for uart5
[    1.159501] 48068000.serial: ttyO5 at MMIO 0x48068000 (irq = 311, base_baud = 3000000) is a OMAP UART5
[    1.169546] STMicroelectronics ASC driver initialized
[    1.176438] [drm] Initialized drm 1.1.0 20060810
[    1.187623] loop: module loaded
[    1.192411] ahci 4a140000.sata: SSS flag set, parallel bus scan disabled
[    1.199445] ahci 4a140000.sata: AHCI 0001.0300 32 slots 1 ports 3 Gbps 0x1 impl platform mode
[    1.208364] ahci 4a140000.sata: flags: 64bit ncq sntf stag pm led clo only pmp pio slum part ccc apst 
[    1.218806] scsi host0: ahci
[    1.222062] ata1: SATA max UDMA/133 mmio [mem 0x4a140000-0x4a1410ff] port 0x100 irq 338
[    1.236272] CAN device driver interface
[    1.241500] igb: Intel(R) Gigabit Ethernet Network Driver - version 5.2.15-k
[    1.248873] igb: Copyright (c) 2007-2014 Intel Corporation.
[    1.257362] pegasus: v0.9.3 (2013/04/25), Pegasus/Pegasus II USB Ethernet driver
[    1.265147] usbcore: registered new interface driver pegasus
[    1.271119] usbcore: registered new interface driver asix
[    1.276807] usbcore: registered new interface driver ax88179_178a
[    1.283220] usbcore: registered new interface driver cdc_ether
[    1.289379] usbcore: registered new interface driver smsc75xx
[    1.295449] usbcore: registered new interface driver smsc95xx
[    1.301500] usbcore: registered new interface driver net1080
[    1.307458] usbcore: registered new interface driver cdc_subset
[    1.313685] usbcore: registered new interface driver zaurus
[    1.319591] usbcore: registered new interface driver cdc_ncm
[    1.327034] ehci_hcd: USB 2.0 'Enhanced' Host Controller (EHCI) Driver
[    1.333874] ehci-pci: EHCI PCI platform driver
[    1.338573] ehci-platform: EHCI generic platform driver
[    1.344251] ehci-omap: OMAP-EHCI Host Controller driver
[    1.361781] ehci-omap 4a064c00.ehci: EHCI Host Controller
[    1.367448] ehci-omap 4a064c00.ehci: new USB bus registered, assigned bus number 1
[    1.375512] ehci-omap 4a064c00.ehci: irq 406, io mem 0x4a064c00
[    1.390684] ehci-omap 4a064c00.ehci: USB 2.0 started, EHCI 1.00
[    1.397503] hub 1-0:1.0: USB hub found
[    1.401467] hub 1-0:1.0: 3 ports detected
[    1.446169] ehci-orion: EHCI orion driver
[    1.450506] SPEAr-ehci: EHCI SPEAr driver
[    1.454857] ehci-st: EHCI STMicroelectronics driver
[    1.460105] ehci-exynos: EHCI EXYNOS driver
[    1.464644] ehci-atmel: EHCI Atmel driver
[    1.468984] tegra-ehci: Tegra EHCI driver
[    1.473344] ohci_hcd: USB 1.1 'Open' Host Controller (OHCI) Driver
[    1.479826] ohci-pci: OHCI PCI platform driver
[    1.484521] ohci-platform: OHCI generic platform driver
[    1.490156] ohci-omap3: OHCI OMAP3 driver
[    1.494515] ohci-omap3 4a064800.ohci: OHCI Host Controller
[    1.500271] ohci-omap3 4a064800.ohci: new USB bus registered, assigned bus number 2
[    1.508445] ohci-omap3 4a064800.ohci: irq 405, io mem 0x4a064800
[    1.550688] ata1: SATA link down (SStatus 0 SControl 300)
[    1.586264] hub 2-0:1.0: USB hub found
[    1.590201] hub 2-0:1.0: 3 ports detected
[    1.594802] SPEAr-ohci: OHCI SPEAr driver
[    1.599160] ohci-st: OHCI STMicroelectronics driver
[    1.604412] ohci-atmel: OHCI Atmel driver
[    1.608823] usbcore: registered new interface driver usb-storage
[    1.616498] mousedev: PS/2 mouse device common for all mice
[    1.625904] i2c /dev entries driver
[    1.631882] usbcore: registered new interface driver uvcvideo
[    1.637899] USB Video Class driver (1.1.1)
[    1.642192] gspca_main: v2.14.0 registered
[    1.651363] sdhci: Secure Digital Host Controller Interface driver
[    1.657831] sdhci: Copyright(c) Pierre Ossman
[    1.663374] omap_hsmmc 4809c000.mmc: unable to get vmmc regulator -517
[    1.695880] 480ad000.mmc supply vmmc not found, using dummy regulator
[    1.702774] omap_hsmmc 480ad000.mmc: could not set regulator OCR (-22)
[    1.725699] usb 1-3: new high-speed USB device number 2 using ehci-omap
[    1.736471] Synopsys Designware Multimedia Card Interface Driver
[    1.743818] sdhci-pltfm: SDHCI platform and OF driver helper
[    1.751496] ledtrig-cpu: registered to indicate activity on CPUs
[    1.757947] usbcore: registered new interface driver usbhid
[    1.763800] usbhid: USB HID core driver
[    1.767833] mmc0: MAN_BKOPS_EN bit is not set
[    1.771698] usbcore: registered new interface driver snd-usb-audio
[    1.774491] NET: Registered protocol family 17
[    1.774509] can: controller area network core (rev 20120528 abi 9)
[    1.774565] NET: Registered protocol family 29
[    1.774577] can: raw protocol (rev 20120528)
[    1.774587] can: broadcast manager protocol (rev 20120528 t)
[    1.774600] can: netlink gateway (rev 20130117) max_hops=1
[    1.774942] Key type dns_resolver registered
[    1.775088] omap_vc_init_channel: No PMIC info for vdd_core
[    1.775091] omap_vp_init: No PMIC info for vdd_core
[    1.775096] omap_vc_init_channel: No PMIC info for vdd_mm
[    1.775098] omap_vp_init: No PMIC info for vdd_mm
[    1.775103] omap_vc_init_channel: No PMIC info for vdd_mpu
[    1.775105] omap_vp_init: No PMIC info for vdd_mpu
[    1.775609] Power Management for TI OMAP4+ devices.
[    1.775796] ThumbEE CPU extension supported.
[    1.775810] Registering SWP/SWPB emulation handler
[    1.781715] palmas 0-0048: Irq flag is 0x00000000
[    1.863628] smsc95xx v1.0.4
[    1.870862] palmas 0-0048: Muxing GPIO 2, PWM 0, LED 0
[    1.878848] mmc0: new high speed MMC card at address 0001
[    1.884803] mmcblk0: mmc0:0001 SEM04G 3.68 GiB 
[    1.889669] mmcblk0boot0: mmc0:0001 SEM04G partition 1 2.00 MiB
[    1.895977] mmcblk0boot1: mmc0:0001 SEM04G partition 2 2.00 MiB
[    1.902934]  mmcblk0: p1
[    1.916298] smsc95xx 1-3:1.0 eth0: register 'smsc95xx' at usb-4a064c00.ehci-3, smsc95xx USB 2.0 Ethernet, 26:4d:a0:6b:00:42
[    1.942488] omap_i2c 48070000.i2c: bus 0 rev0.12 at 400 kHz
[    1.966345] omap_i2c 4807c000.i2c: bus 4 rev0.12 at 400 kHz
[    2.009921] hctosys: unable to open rtc device (rtc0)
[   23.020661] INFO: rcu_sched detected stalls on CPUs/tasks:
[   23.026394] 	0: (1 ticks this GP) idle=b59/140000000000000/0 softirq=44/44 fqs=4201 
[   23.034476] 	(detected by 1, t=4202 jiffies, g=-274, c=-275, q=8)
[   23.040841] Task dump for CPU 0:
[   23.044204] swapper/0       R running      0     1      0 0x00000002
[   23.050845] [<c09c1808>] (__schedule) from [<ed883e3c>] (0xed883e3c)
[   86.045659] INFO: rcu_sched detected stalls on CPUs/tasks:
[   86.051386] 	0: (1 ticks this GP) idle=b59/140000000000000/0 softirq=44/44 fqs=16799 
[   86.059564] 	(detected by 1, t=16807 jiffies, g=-274, c=-275, q=8)
[   86.066015] Task dump for CPU 0:
[   86.069384] swapper/0       R running      0     1      0 0x00000002
[   86.076019] [<c09c1808>] (__schedule) from [<ed883e3c>] (0xed883e3c)
[  149.070659] INFO: rcu_sched detected stalls on CPUs/tasks:
[  149.076388] 	0: (1 ticks this GP) idle=b59/140000000000000/0 softirq=44/44 fqs=29397 
[  149.084557] 	(detected by 1, t=29412 jiffies, g=-274, c=-275, q=8)
[  149.091006] Task dump for CPU 0:
[  149.094368] swapper/0       R running      0     1      0 0x00000002
[  149.101021] [<c09c1808>] (__schedule) from [<ed883e3c>] (0xed883e3c)
URL:gtsystest.telogy.design.ti.com/vatf/tigtfarm06/tigtfarm06_vatf@omap5-evm/tigtfarm0605_26_2015_07_39_11/files/session_iteration_1/test_1
