spawn ttyNM_OMAP5uEVM
picocom v1.4

port is        : /dev/ttyNM_OMAP5uEVM
flowcontrol    : none
baudrate is    : 115200
parity is      : none
databits are   : 8
escape is      : C-a
noinit is      : yes
noreset is     : yes
nolock is      : yes
send_cmd is    : ascii_xfr -s -v -l10
receive_cmd is : rz -vv

Terminal ready
 0 
mmc0 is current device
SD/MMC found on device 0
reading uEnv.txt
468 bytes read in 3 ms (152.3 KiB/s)
Loaded environment from
Importing environment from mmc0 ...
(Re)start USB...
USB0:   USB EHCI 1.00
scanning bus 0 for devices... 3 USB Device(s) found
       scanning usb for storage devices... 0 Storage Device(s) found
       scanning usb for ethernet devices... 1 Ethernet Device(s) found
usbethaddr=02:21:08:40:09:80
Waiting for Ethernet connection... done.
BOOTP broadcast 1
*** Unhandled DHCP Option in OFFER/ACK: 150
*** Unhandled DHCP Option in OFFER/ACK: 44
*** Unhandled DHCP Option in OFFER/ACK: 46
*** Unhandled DHCP Option in OFFER/ACK: 150
*** Unhandled DHCP Option in OFFER/ACK: 44
*** Unhandled DHCP Option in OFFER/ACK: 46
DHCP client bound to address 128.247.91.118
Using sms0 device
TFTP from server 128.247.91.123; our IP address is 128.247.91.118
Filename '/tftpboot/kernel/zImage'.
Load address: 0x82000000
Loading: *#################################################################
	 #################################################################
	 #################################################################
	 #################################################################
	 #################################################################
	 #################################################################
	 #################################################################
	 #################################################################
	 #################################################################
	 #################################################################
	 #################################################################
	 #################################################################
	 #################################################################
	 #################################################################
	 ######
	 539.1 KiB/s
done
Bytes transferred = 4689912 (478ff8 hex)
stopping USB..
(Re)start USB...
USB0:   USB EHCI 1.00
scanning bus 0 for devices... 3 USB Device(s) found
       scanning usb for storage devices... 0 Storage Device(s) found
       scanning usb for ethernet devices... 1 Ethernet Device(s) found
usbethaddr=02:21:08:40:09:80
Waiting for Ethernet connection... done.
BOOTP broadcast 1
*** Unhandled DHCP Option in OFFER/ACK: 150
*** Unhandled DHCP Option in OFFER/ACK: 44
*** Unhandled DHCP Option in OFFER/ACK: 46
*** Unhandled DHCP Option in OFFER/ACK: 150
*** Unhandled DHCP Option in OFFER/ACK: 44
*** Unhandled DHCP Option in OFFER/ACK: 46
DHCP client bound to address 128.247.91.118
Using sms0 device
TFTP from server 128.247.91.123; our IP address is 128.247.91.118
Filename '/tftpboot/kernel/omap5-uevm.dtb'.
Load address: 0x88000000
Loading: *#########
	 531.3 KiB/s
done
Bytes transferred = 45220 (b0a4 hex)
stopping USB..
Booting from mmc0 ...
Kernel image @ 0x82000000 [ 0x000000 - 0x478ff8 ]
## Flattened Device Tree blob at 88000000
   Booting using the fdt blob at 0x88000000
   Loading Device Tree to 87ff1000, end 87fff0a3 ... OK

Starting kernel ...

[    0.000000] Booting Linux on physical CPU 0x0
[    0.000000] Linux version 3.15.0-rc8-00002-g6dc9fe3 (nmenon@kahuna) (gcc version 4.6.3 (Ubuntu/Linaro 4.6.3-1ubuntu5) ) #1 SMP Mon Jun 2 03:14:04 CDT 2014
[    0.000000] CPU: ARMv7 Processor [412fc0f2] revision 2 (ARMv7), cr=30c7387d
[    0.000000] CPU: PIPT / VIPT nonaliasing data cache, PIPT instruction cache
[    0.000000] Machine model: TI OMAP5 uEVM board
[    0.000000] cma: CMA: reserved 64 MiB at ab800000
[    0.000000] Memory policy: Data cache writealloc
[    0.000000] OMAP5432 ES2.0
[    0.000000] PERCPU: Embedded 7 pages/cpu @ea7b7000 s8192 r8192 d12288 u32768
[    0.000000] Built 1 zonelists in Zone order, mobility grouping on.  Total pages: 518160
[    0.000000] Kernel command line: console=ttyO2,115200n8 vram=16M root=/dev/mmcblk1p2 rw rootfstype=ext4 rootwait no_console_suspend earlyprintk
[    0.000000] PID hash table entries: 4096 (order: 2, 16384 bytes)
[    0.000000] Dentry cache hash table entries: 131072 (order: 7, 524288 bytes)
[    0.000000] Inode-cache hash table entries: 65536 (order: 6, 262144 bytes)
[    0.000000] Memory: 1985488K/2078720K available (6101K kernel code, 800K rwdata, 2428K rodata, 556K init, 293K bss, 93232K reserved, 1300480K highmem)
[    0.000000] Virtual kernel memory layout:
[    0.000000]     vector  : 0xffff0000 - 0xffff1000   (   4 kB)
[    0.000000]     fixmap  : 0xfff00000 - 0xfffe0000   ( 896 kB)
[    0.000000]     vmalloc : 0xf0000000 - 0xff000000   ( 240 MB)
[    0.000000]     lowmem  : 0xc0000000 - 0xef800000   ( 760 MB)
[    0.000000]     pkmap   : 0xbfe00000 - 0xc0000000   (   2 MB)
[    0.000000]     modules : 0xbf000000 - 0xbfe00000   (  14 MB)
[    0.000000]       .text : 0xc0208000 - 0xc0a5c6c0   (8530 kB)
[    0.000000]       .init : 0xc0a5d000 - 0xc0ae8000   ( 556 kB)
[    0.000000]       .data : 0xc0ae8000 - 0xc0bb0260   ( 801 kB)
[    0.000000]        .bss : 0xc0bb0268 - 0xc0bf9948   ( 294 kB)
[    0.000000] SLUB: HWalign=64, Order=0-3, MinObjects=0, CPUs=2, Nodes=1
[    0.000000] Hierarchical RCU implementation.
[    0.000000] 	RCU restricting CPUs from NR_CPUS=4 to nr_cpu_ids=2.
[    0.000000] RCU: Adjusting geometry for rcu_fanout_leaf=16, nr_cpu_ids=2
[    0.000000] NR_IRQS:16 nr_irqs:16 16
[    0.000000] OMAP clockevent source: timer1 at 32768 Hz
[    0.000000] sched_clock: 32 bits at 32kHz, resolution 30517ns, wraps every 65536000000000ns
[    0.000000] OMAP clocksource: 32k_counter at 32768 Hz
[    0.000335] Architected cp15 timer(s) running at 6.14MHz (virt).
[    0.000339] sched_clock: 56 bits at 6MHz, resolution 162ns, wraps every 2796202663936ns
[    0.000346] Switching to timer-based delay loop
[    0.002257] Console: colour dummy device 80x30
[    0.002273] Calibrating delay loop (skipped), value calculated using timer frequency.. 12.28 BogoMIPS (lpj=61440)
[    0.002284] pid_max: default: 32768 minimum: 301
[    0.002375] Mount-cache hash table entries: 2048 (order: 1, 8192 bytes)
[    0.002383] Mountpoint-cache hash table entries: 2048 (order: 1, 8192 bytes)
[    0.002778] CPU: Testing write buffer coherency: ok
[    0.002918] /cpus/cpu@0 missing clock-frequency property
[    0.002929] /cpus/cpu@1 missing clock-frequency property
[    0.002939] CPU0: thread -1, cpu 0, socket 0, mpidr 80000000
[    0.002952] Setting up static identity map for 0x807c48e8 - 0x807c4980
[    0.004079] CPU1: Booted secondary processor
[    0.004098] CPU1: thread -1, cpu 1, socket 0, mpidr 80000001
[    0.004213] Brought up 2 CPUs
[    0.004224] SMP: Total of 2 processors activated.
[    0.004229] CPU: All CPU(s) started in SVC mode.
[    0.004573] devtmpfs: initialized
[    0.008438] VFP support v0.3: implementor 41 architecture 4 part 30 variant f rev 0
[    0.009107] omap_hwmod: l3_main_3 using broken dt data from ocp
[    0.009499] omap_hwmod: l3_main_2 using broken dt data from ocp
[    0.066942] pinctrl core: initialized pinctrl subsystem
[    0.067235] regulator-dummy: no parameters
[    0.078359] NET: Registered protocol family 16
[    0.079983] DMA: preallocated 256 KiB pool for atomic coherent allocations
[    0.080768] cpuidle: using governor ladder
[    0.080776] cpuidle: using governor menu
[    0.094672] OMAP GPIO hardware version 0.1
[    0.097746] platform 50000000.gpmc: Cannot lookup hwmod 'gpmc'
[    0.097825] omap-gpmc 50000000.gpmc: _od_fail_runtime_resume: FIXME: missing hwmod/omap_dev info
[    0.097836] omap-gpmc 50000000.gpmc: GPMC revision 6.0
[    0.105261] No ATAGs?
[    0.105950] OMAP DMA hardware revision 0.0
[    0.107480] Serial: AMBA PL011 UART driver
[    0.116065] edma-dma-engine edma-dma-engine.0: Can't allocate PaRAM dummy slot
[    0.116083] edma-dma-engine: probe of edma-dma-engine.0 failed with error -5
[    0.124473] omap-dma-engine 4a056000.dma-controller: OMAP DMA engine driver
[    0.124823] vmmcsd_fixed: 3000 mV 
[    0.126563] vgaarb: loaded
[    0.126925] SCSI subsystem initialized
[    0.127236] usbcore: registered new interface driver usbfs
[    0.127283] usbcore: registered new interface driver hub
[    0.127354] usbcore: registered new device driver usb
[    0.127568] hsusb2_phy.4 supply vcc not found, using dummy regulator
[    0.127681] hsusb3_phy.5 supply vcc not found, using dummy regulator
[    0.128011] omap_i2c 48070000.i2c: could not find pctldev for node /ocp/pinmux@4a002840/pinmux_i2c1_pins, deferring probe
[    0.128023] platform 48070000.i2c: Driver omap_i2c requests probe deferral
[    0.128238] omap_i2c 48072000.i2c: bus 1 rev0.12 at 100 kHz
[    0.128448] omap_i2c 48060000.i2c: bus 2 rev0.12 at 100 kHz
[    0.128653] omap_i2c 4807a000.i2c: bus 3 rev0.12 at 100 kHz
[    0.128687] omap_i2c 4807c000.i2c: could not find pctldev for node /ocp/pinmux@4a002840/pinmux_i2c5_pins, deferring probe
[    0.128697] platform 4807c000.i2c: Driver omap_i2c requests probe deferral
[    0.128954] Linux video capture interface: v2.00
[    0.128985] pps_core: LinuxPPS API ver. 1 registered
[    0.128991] pps_core: Software ver. 5.3.6 - Copyright 2005-2007 Rodolfo Giometti <giometti@linux.it>
[    0.129011] PTP clock support registered
[    0.129050] EDAC MC: Ver: 3.0.0
[    0.129573] Advanced Linux Sound Architecture Driver Initialized.
[    0.130262] Switched to clocksource arch_sys_counter
[    0.137879] NET: Registered protocol family 2
[    0.138174] TCP established hash table entries: 8192 (order: 3, 32768 bytes)
[    0.138235] TCP bind hash table entries: 8192 (order: 4, 65536 bytes)
[    0.138365] TCP: Hash tables configured (established 8192 bind 8192)
[    0.138406] TCP: reno registered
[    0.138415] UDP hash table entries: 512 (order: 2, 16384 bytes)
[    0.138445] UDP-Lite hash table entries: 512 (order: 2, 16384 bytes)
[    0.138552] NET: Registered protocol family 1
[    0.138720] RPC: Registered named UNIX socket transport module.
[    0.138727] RPC: Registered udp transport module.
[    0.138732] RPC: Registered tcp transport module.
[    0.138738] RPC: Registered tcp NFSv4.1 backchannel transport module.
[    0.164662] futex hash table entries: 512 (order: 3, 32768 bytes)
[    0.165035] bounce pool size: 64 pages
[    0.173207] squashfs: version 4.0 (2009/01/31) Phillip Lougher
[    0.173732] NFS: Registering the id_resolver key type
[    0.173755] Key type id_resolver registered
[    0.173762] Key type id_legacy registered
[    0.173794] msgmni has been set to 1465
[    0.174170] Block layer SCSI generic (bsg) driver version 0.4 loaded (major 249)
[    0.174179] io scheduler noop registered
[    0.174185] io scheduler deadline registered
[    0.174324] io scheduler cfq registered (default)
[    0.176133] pinctrl-single 4a002840.pinmux: 219 pins at pa fc002840 size 438
[    0.176289] pinctrl-single 4ae0c840.pinmux: 28 pins at pa fce0c840 size 56
[    0.222049] Serial: 8250/16550 driver, 4 ports, IRQ sharing disabled
[    0.223213] Serial: IMX driver
[    0.223524] msm_serial: driver initialized
[    0.223954] omap_uart 4806a000.serial: no wakeirq for uart0
[    0.224110] 4806a000.serial: ttyO0 at MMIO 0x4806a000 (irq = 104, base_baud = 3000000) is a OMAP UART0
[    0.224361] omap_uart 4806c000.serial: no wakeirq for uart0
[    0.224490] 4806c000.serial: ttyO1 at MMIO 0x4806c000 (irq = 105, base_baud = 3000000) is a OMAP UART1
[    0.224764] omap_uart 48020000.serial: no wakeirq for uart0
[    0.224888] 48020000.serial: ttyO2 at MMIO 0x48020000 (irq = 106, base_baud = 3000000) is a OMAP UART2
[    1.001909] console [ttyO2] enabled
[    1.005796] omap_uart 4806e000.serial: no wakeirq for uart0
[    1.011745] 4806e000.serial: ttyO3 at MMIO 0x4806e000 (irq = 102, base_baud = 3000000) is a OMAP UART3
[    1.021776] omap_uart 48066000.serial: no wakeirq for uart0
[    1.027713] 48066000.serial: ttyO4 at MMIO 0x48066000 (irq = 137, base_baud = 3000000) is a OMAP UART4
[    1.037683] omap_uart 48068000.serial: no wakeirq for uart0
[    1.043625] 48068000.serial: ttyO5 at MMIO 0x48068000 (irq = 138, base_baud = 3000000) is a OMAP UART5
[    1.053635] STMicroelectronics ASC driver initialized
[    1.059552] serial: Freescale lpuart driver
[    1.064070] [drm] Initialized drm 1.1.0 20060810
[    1.072845] loop: module loaded
[    2.070293] omap_i2c 48072000.i2c: controller timed out
[    3.070283] omap_i2c 48060000.i2c: controller timed out
[    4.070282] omap_i2c 4807a000.i2c: controller timed out
[    4.080324] pegasus: v0.9.3 (2013/04/25), Pegasus/Pegasus II USB Ethernet driver
[    4.088086] usbcore: registered new interface driver pegasus
[    4.094054] usbcore: registered new interface driver asix
[    4.099728] usbcore: registered new interface driver ax88179_178a
[    4.106133] usbcore: registered new interface driver cdc_ether
[    4.112286] usbcore: registered new interface driver smsc75xx
[    4.118339] usbcore: registered new interface driver smsc95xx
[    4.124381] usbcore: registered new interface driver net1080
[    4.130329] usbcore: registered new interface driver cdc_subset
[    4.136547] usbcore: registered new interface driver zaurus
[    4.142440] usbcore: registered new interface driver cdc_ncm
[    4.148363] ehci_hcd: USB 2.0 'Enhanced' Host Controller (EHCI) Driver
[    4.155189] ehci-pci: EHCI PCI platform driver
[    4.159866] ehci-platform: EHCI generic platform driver
[    4.165475] ehci-omap: OMAP-EHCI Host Controller driver
[    4.182896] ehci-omap 4a064c00.ehci: EHCI Host Controller
[    4.188554] ehci-omap 4a064c00.ehci: new USB bus registered, assigned bus number 1
[    4.196649] ehci-omap 4a064c00.ehci: irq 109, io mem 0x4a064c00
[    4.220275] ehci-omap 4a064c00.ehci: USB 2.0 started, EHCI 1.00
[    4.227074] hub 1-0:1.0: USB hub found
[    4.231040] hub 1-0:1.0: 3 ports detected
[    4.270308] ehci-orion: EHCI orion driver
[    4.274612] SPEAr-ehci: EHCI SPEAr driver
[    4.278905] tegra-ehci: Tegra EHCI driver
[    4.283580] usbcore: registered new interface driver usb-storage
[    4.291142] mousedev: PS/2 mouse device common for all mice
[    4.298526] i2c /dev entries driver
[    4.303087] usbcore: registered new interface driver uvcvideo
[    4.309084] USB Video Class driver (1.1.1)
[    4.313372] gspca_main: v2.14.0 registered
[    4.550290] usb 1-3: new high-speed USB device number 2 using ehci-omap
[    4.703131] smsc95xx v1.0.4
[    4.764551] smsc95xx 1-3:1.0 eth0: register 'smsc95xx' at usb-4a064c00.ehci-3, smsc95xx USB 2.0 Ethernet, a6:9e:be:a6:80:74
[    5.050306] usb 1-2: new high-speed USB device number 3 using ehci-omap
[    5.201077] hub 1-2:1.0: USB hub found
[    5.205074] hub 1-2:1.0: 3 ports detected
[    5.310276] omap_i2c 48072000.i2c: controller timed out
[    6.310272] omap_i2c 48072000.i2c: controller timed out
[    7.310271] omap_i2c 48072000.i2c: controller timed out
[    8.310288] omap_i2c 48072000.i2c: controller timed out
[    9.310270] omap_i2c 48072000.i2c: controller timed out
[   10.310289] omap_i2c 48072000.i2c: controller timed out
[   11.310270] omap_i2c 48072000.i2c: controller timed out
[   12.310287] omap_i2c 48072000.i2c: controller timed out
[   13.310270] omap_i2c 48072000.i2c: controller timed out
[   14.310287] omap_i2c 48072000.i2c: controller timed out
[   15.310270] omap_i2c 48072000.i2c: controller timed out
[   16.310287] omap_i2c 48072000.i2c: controller timed out
[   17.310270] omap_i2c 48072000.i2c: controller timed out
[   18.310287] omap_i2c 48072000.i2c: controller timed out
[   19.310270] omap_i2c 48060000.i2c: controller timed out
[   20.310271] omap_i2c 48060000.i2c: controller timed out
[   21.310271] omap_i2c 48060000.i2c: controller timed out
[   22.310287] omap_i2c 48060000.i2c: controller timed out
[   23.310270] omap_i2c 48060000.i2c: controller timed out
[   24.310287] omap_i2c 48060000.i2c: controller timed out
[   25.310270] omap_i2c 48060000.i2c: controller timed out
[   26.310287] omap_i2c 48060000.i2c: controller timed out
[   27.310269] omap_i2c 48060000.i2c: controller timed out
[   28.310286] omap_i2c 48060000.i2c: controller timed out
[   29.310270] omap_i2c 48060000.i2c: controller timed out
[   30.310287] omap_i2c 48060000.i2c: controller timed out
[   31.310270] omap_i2c 48060000.i2c: controller timed out
[   32.310286] omap_i2c 48060000.i2c: controller timed out
[   33.310270] omap_i2c 4807a000.i2c: controller timed out
[   34.310271] omap_i2c 4807a000.i2c: controller timed out
[   35.310270] omap_i2c 4807a000.i2c: controller timed out
[   36.310286] omap_i2c 4807a000.i2c: controller timed out
[   37.310270] omap_i2c 4807a000.i2c: controller timed out
[   38.310287] omap_i2c 4807a000.i2c: controller timed out
[   39.310269] omap_i2c 4807a000.i2c: controller timed out
[   40.310286] omap_i2c 4807a000.i2c: controller timed out
[   41.310269] omap_i2c 4807a000.i2c: controller timed out
[   42.310287] omap_i2c 4807a000.i2c: controller timed out
[   43.310269] omap_i2c 4807a000.i2c: controller timed out
[   44.310286] omap_i2c 4807a000.i2c: controller timed out
[   45.310270] omap_i2c 4807a000.i2c: controller timed out
[   46.310287] omap_i2c 4807a000.i2c: controller timed out
[   46.316799] sdhci: Secure Digital Host Controller Interface driver
[   46.323272] sdhci: Copyright(c) Pierre Ossman
[   46.328330] omap_hsmmc 4809c000.mmc: unable to get vmmc regulator -517
[   46.335205] platform 4809c000.mmc: Driver omap_hsmmc requests probe deferral
[   46.342793] omap_hsmmc 480b4000.mmc: pins are not configured from the driver
[   46.380417] 480ad000.mmc supply vmmc not found, using dummy regulator
[   46.387189] omap_hsmmc 480ad000.mmc: pins are not configured from the driver
[   46.394649] omap_hsmmc 480ad000.mmc: could not set regulator OCR (-22)
[   46.440597] sdhci-pltfm: SDHCI platform and OF driver helper
[   46.447125] usbcore: registered new interface driver usbhid
[   46.452953] usbhid: USB HID core driver
[   46.453093] mmc0: BKOPS_EN bit is not set
[   46.455379] mmc0: new high speed MMC card at address 0001
[   46.455656] mmcblk0: mmc0:0001 SEM04G 3.68 GiB 
[   46.471535] mmcblk0boot0: mmc0:0001 SEM04G partition 1 2.00 MiB
[   46.474813] TCP: cubic registered
[   46.474818] NET: Registered protocol family 17
[   46.474967] Key type dns_resolver registered
[   46.475380] ThumbEE CPU extension supported.
[   46.475391] Registering SWP/SWPB emulation handler
[   46.499875] mmcblk0boot1: mmc0:0001 SEM04G partition 2 2.00 MiB
[   46.507080] palmas 0-0048: Irq flag is 0x00000000
[   46.513785] palmas 0-0048: Muxing GPIO 2, PWM 0, LED 0
[   46.519207] Alternate GPT is invalid, using primary GPT.
[   46.521520] smps123: 600 <--> 1500 mV at 1060 mV 
[   46.522851] smps45: 600 <--> 1310 mV at 1030 mV 
[   46.524568] smps6: 1200 mV 
[   46.525878] smps7: 1800 mV 
[   46.527193] smps8: 600 <--> 1310 mV at 1040 mV 
[   46.528459] smps9: 2100 mV 
[   46.529394] smps10_out2: 5000 mV 
[   46.530194] smps10_out1: 5000 mV 
[   46.530629] ldo1: 1500 <--> 1800 mV 
[   46.531515] ldo2: 2800 mV 
[   46.533052] ldo3: 1500 mV 
[   46.533705] ldo4: 1500 <--> 1800 mV 
[   46.535257] ldo5: 1800 mV 
[   46.538299] ldo6: 1200 mV 
[   46.539190] ldo7: 2000 mV 
[   46.540727] ldo8: 3000 mV 
[   46.542131] ldo9: 1800 <--> 3000 mV at 3000 mV 
[   46.543669] ldoln: 1800 mV 
[   46.545211] ldousb: 3250 mV 
[   46.545725] REGEN1: no parameters
[   46.545842] REGEN2: no parameters
[   46.546099] regen3: no parameters
[   46.546460] SYSEN1: no parameters
[   46.546571] SYSEN2: no parameters
[   46.580777] omap_i2c 48070000.i2c: bus 0 rev0.12 at 400 kHz
[   46.612990]  mmcblk0: p1 p2 p3 p4 p5 p6 p7 p8 p9 p10
[   46.619228] omap_i2c 4807c000.i2c: bus 4 rev0.12 at 400 kHz
[   46.625344]  mmcblk0boot1: unknown partition table
[   46.626680] omap_hsmmc 4809c000.mmc: pins are not configured from the driver
[   46.638567]  mmcblk0boot0: unknown partition table
[   46.660565] drivers/rtc/hctosys.c: unable to open rtc device (rtc0)
[   46.672404] ALSA device list:
[   46.675504]   No soundcards found.
[   46.679534] Waiting for root device /dev/mmcblk1p2...
cat /proc/cpuinfo


[   46.758023] mmc2: host does not support reading read-only switch. assuming write-enable.
[   46.768572] mmc2: new high speed SDHC card at address 910e
[   46.774566] mmcblk1: mmc2:910e SD08G 7.42 GiB 
[   46.780159]  mmcblk1: p1 p2
cat /proc/interrupts


[   47.852598] EXT4-fs (mmcblk1p2): recovery complete
[   47.861340] EXT4-fs (mmcblk1p2): mounted filesystem with ordered data mode. Opts: (null)
[   47.869818] VFS: Mounted root (ext4 filesystem) on device 179:50.
[   47.884823] devtmpfs: mounted
[   47.888230] Freeing unused kernel memory: 556K (c0a5d000 - c0ae8000)
Mounting proc : OK
Mounting sysfs : OK
Mounting devtmpfs:mount: mounting none on /dev failed: Device or resource busy
boot mounted: OK
ln: /dev/tty-bd: File exists
/dev/ttyO2
no_console_suspend linked to /dev/tty-bd - using as console

******************************************
Starting System Init for GenericOMAP5(FlattenedDeviceTree)
Release: X.x
Kernel: Linux GenericOMAP5(FlattenedDeviceTree) 3.15.0-rc8-00002-g6dc9fe3 #1 SMP Mon Jun 2 03:14:04 CDT 2014 armv7l GNU/Linux
******************************************
Saving kernel ring buffer : OK
Mounting devpts : OK
Setting up networking
Configuring lo : OK
Starting syslogd : OK
Starting klogd : OK
Mounting filesystems : OK
mount: mounting none on /proc/bus/usb/ failed: No such file or directory

Please press Enter to activate this console. / # 
/ # 
/ # cat /proc/interrupts
           CPU0       CPU1       
 27:        228        281       GIC  27  arch_timer
 39:          0          0       GIC  39  palmas
 41:          0          0       GIC  41  l3-dbg-irq
 42:          0          0       GIC  42  l3-app-irq
 44:          0          0       GIC  44  DMA
 45:        347          0       GIC  45  omap-dma-engine
 52:          0          0       GIC  52  gpmc
 69:          0          0       GIC  69  gp_timer
 88:        480          0       GIC  88  48070000.i2c
 89:          0          0       GIC  89  48072000.i2c
 92:         30          0       GIC  92  4807c000.i2c
 93:          0          0       GIC  93  48060000.i2c
 94:          0          0       GIC  94  4807a000.i2c
106:        205          0       GIC 106  OMAP UART2
109:        124          0       GIC 109  ehci_hcd:usb1
115:        307          0       GIC 115  mmc2
118:         69          0       GIC 118  mmc0
126:         13          0       GIC 126  mmc1
IPI0:          0          1  CPU wakeup interrupts
IPI1:          0          0  Timer broadcast interrupts
IPI2:        745        898  Rescheduling interrupts
IPI3:          0          0  Function call interrupts
IPI4:          3          6  Single function call interrupts
IPI5:          0          0  CPU stop interrupts
IPI6:          7         10  IRQ work interrupts
IPI7:          0          0  completion interrupts
Err:          0
/ # 
/ # 
/ # head /sys/devices/soc0/* 2>/dev/null

==> /sys/devices/soc0/family <==
OMAP5

==> /sys/devices/soc0/machine <==
OMAP5432

==> /sys/devices/soc0/power <==

==> /sys/devices/soc0/revision <==
ES2.0

==> /sys/devices/soc0/subsystem <==

==> /sys/devices/soc0/type <==
GP

==> /sys/devices/soc0/uevent <==
/ # 
/ # 
/ # cat /sys/kernel/debug/clk/clk_summary

   clock                        enable_cnt  prepare_cnt  rate        accuracy
---------------------------------------------------------------------------------
 dummy_ck                       0           0            0          0          
 xclk60mhsp2_ck                 0           0            60000000   0          
 xclk60mhsp1_ck                 0           0            60000000   0          
 virt_38400000_ck               0           0            38400000   0          
 virt_27000000_ck               0           0            27000000   0          
 virt_26000000_ck               0           0            26000000   0          
 virt_19200000_ck               1           1            19200000   0          
    sys_clkin                   6           14           19200000   0          
       timer9_gfclk_mux         0           1            19200000   0          
       timer4_gfclk_mux         0           1            19200000   0          
       timer3_gfclk_mux         0           1            19200000   0          
       timer2_gfclk_mux         0           1            19200000   0          
       timer11_gfclk_mux        0           1            19200000   0          
       timer10_gfclk_mux        0           1            19200000   0          
       sata_ref_clk             0           0            19200000   0          
       dpll_usb_ck              1           2            960000000  0          
          dpll_usb_m2_ck        3           3            480000000  0          
             usb_host_hs_hsic480m_p3_clk 1           1            480000000  0          
             usb_host_hs_hsic480m_p2_clk 1           1            480000000  0          
             usb_host_hs_hsic480m_p1_clk 0           0            480000000  0          
             l3init_60m_fclk    7           7            60000000   0          
                usb_tll_hs_usb_ch2_clk 1           1            60000000   0          
                usb_tll_hs_usb_ch1_clk 1           1            60000000   0          
                usb_tll_hs_usb_ch0_clk 0           0            60000000   0          
                usb_host_hs_utmi_p3_clk 1           1            60000000   0          
                utmi_p2_gfclk   1           1            60000000   0          
                   usb_host_hs_utmi_p2_clk 1           1            60000000   0          
                utmi_p1_gfclk   0           0            60000000   0          
                   usb_host_hs_utmi_p1_clk 0           0            60000000   0          
                usb_host_hs_hsic60m_p3_clk 1           1            60000000   0          
                usb_host_hs_hsic60m_p2_clk 1           1            60000000   0          
                usb_host_hs_hsic60m_p1_clk 0           0            60000000   0          
          dpll_usb_clkdcoldo    0           1            960000000  0          
             usb_otg_ss_refclk960m 0           2            960000000  0          
       dpll_unipro2_ck          0           0            0          0          
          dpll_unipro2_m2_ck    0           0            0          0          
          dpll_unipro2_clkdcoldo 0           0            0          0          
       dpll_unipro1_ck          0           0            0          0          
          dpll_unipro1_m2_ck    0           0            0          0          
             lli_txphy_ls_clk   0           0            0          0          
          dpll_unipro1_clkdcoldo 0           0            0          0          
             lli_txphy_clk      0           0            0          0          
       dpll_per_ck              1           1            384000000  0          
          dpll_per_m2_ck        0           0            96000000   0          
             func_24m_clk       0           0            24000000   0          
          dpll_per_x2_ck        1           1            768000000  0          
             dpll_per_m3x2_ck   0           0            256000000  0          
             dpll_per_m2x2_ck   1           4            192000000  0          
                mmc2_fclk_mux   0           1            192000000  0          
                   mmc2_fclk    0           1            96000000   0          
                mmc1_fclk_mux   0           1            192000000  0          
                   mmc1_fclk    0           1            96000000   0          
                hsi_fclk        0           0            192000000  0          
                func_96m_fclk   0           6            96000000   0          
                   iss_ctrlclk  0           0            96000000   0          
                func_48m_fclk   6           12           48000000   0          
                   dss_48mhz_clk 0           0            48000000   0          
                func_12m_fclk   0           0            12000000   0          
             dpll_per_h14x2_ck  0           0            384000000  0          
             dpll_per_h12x2_ck  0           0            192000000  0          
                dss_dss_clk     0           0            192000000  0          
             dpll_per_h11x2_ck  0           0            256000000  0          
                fdif_fclk       0           0            256000000  0          
                func_128m_clk   0           0            128000000  0          
       auxclk4_src_ck           0           0            19200000   0          
          auxclk4_ck            0           0            9600000    0          
       auxclk3_src_ck           0           0            19200000   0          
          auxclk3_ck            0           0            19200000   0          
             auxclkreq3_ck      0           0            19200000   0          
       auxclk2_src_ck           0           0            19200000   0          
          auxclk2_ck            0           0            19200000   0          
             auxclkreq2_ck      0           0            19200000   0          
       auxclk1_src_ck           1           1            19200000   0          
          auxclk1_ck            1           1            19200000   0          
             auxclkreq1_ck      0           0            19200000   0          
       auxclk0_src_ck           0           0            19200000   0          
          auxclk0_ck            0           0            19200000   0          
             auxclkreq0_ck      0           0            19200000   0          
       dpll_mpu_ck              1           1            1000000000 0          
          dpll_mpu_m2_ck        1           1            1000000000 0          
       dpll_iva_ck              0           1            0          0          
          dpll_iva_x2_ck        0           1            0          0          
             dpll_iva_h12x2_ck  0           0            0          0          
             dpll_iva_h11x2_ck  0           1            0          0          
       dpll_core_ck             1           1            1063680000 0          
          dpll_core_m2_ck       0           0            531840000  0          
          dpll_core_x2_ck       3           4            2127360000 0          
             dpll_core_m3x2_ck  0           0            425472000  0          
             dpll_core_h24x2_ck 0           0            354560000  0          
             dpll_core_h23x2_ck 0           0            303908572  0          
             dpll_core_h22x2_ck 0           1            425472000  0          
             dpll_core_h14x2_ck 0           0            33767620   0          
                gpu_hyd_gclk_mux 0           0            33767620   0          
                gpu_core_gclk_mux 0           0            33767620   0          
             dpll_core_h13x2_ck 1           2            34312259   0          
             dpll_core_h12x2_ck 1           1            531840000  0          
                l3_iclk_div     16          17           531840000  0          
                   l4_root_clk_div 42          49           531840000  0          
                   gpu_l3_iclk  0           0            531840000  0          
                mpu_dpll_hs_clk_div 0           0            531840000  0          
                iva_dpll_hs_clk_div 0           0            531840000  0          
             dpll_core_h11x2_ck 4           4            265920000  0          
             dpll_core_h21x2_ck 0           0            354560000  0          
                c2c_fclk        0           0            354560000  0          
                   c2c_iclk     0           0            177280000  0          
       wkupaon_iclk_mux         7           8            19200000   0          
          l3instr_ts_gclk_div   0           0            19200000   0          
       dss_syc_gfclk_div        0           4            19200000   0          
          dss_sys_clk           0           0            19200000   0          
          timer8_gfclk_mux      0           1            19200000   0          
          timer7_gfclk_mux      0           1            19200000   0          
          timer6_gfclk_mux      0           1            19200000   0          
          timer5_gfclk_mux      0           1            19200000   0          
       custefuse_sys_gfclk_div  0           0            9600000    0          
       abe_dpll_bypass_clk_mux  0           0            19200000   0          
 virt_16800000_ck               0           0            16800000   0          
 virt_13000000_ck               0           0            13000000   0          
 virt_12000000_ck               0           0            12000000   0          
 sys_32k_ck                     2           14           32768      0          
    usb_phy_cm_clk32k           0           1            32768      0          
    mmc1_32khz_clk              0           1            32768      0          
    gpio8_dbclk                 0           1            32768      0          
    gpio7_dbclk                 0           1            32768      0          
    gpio6_dbclk                 0           1            32768      0          
    gpio5_dbclk                 0           1            32768      0          
    gpio4_dbclk                 0           1            32768      0          
    gpio3_dbclk                 0           1            32768      0          
    gpio2_dbclk                 0           1            32768      0          
    dss_32khz_clk               0           0            32768      0          
    abe_dpll_clk_mux            1           1            32768      0          
       dpll_abe_ck              1           1            98304000   0          
          dpll_abe_x2_ck        1           1            196608000  0          
             dpll_abe_m3x2_ck   0           0            98304000   0          
                usb_dpll_hs_clk_div 0           0            32768000   0          
                per_dpll_hs_clk_div 0           0            49152000   0          
             dpll_abe_m2x2_ck   1           2            98304000   0          
                abe_lp_clk_div  0           0            6144000    0          
                abe_clk         1           1            98304000   0          
                   aess_fclk    0           0            98304000   0          
                   abe_iclk     11          11           49152000   0          
                abe_24m_fclk    0           4            12288000   0          
                   mcbsp3_sync_mux_ck 0           2            12288000   0          
                      mcbsp3_gfclk 0           1            12288000   0          
                   mcbsp2_sync_mux_ck 0           2            12288000   0          
                      mcbsp2_gfclk 0           1            12288000   0          
                   mcbsp1_sync_mux_ck 0           2            12288000   0          
                      mcbsp1_gfclk 0           1            12288000   0          
                   mcasp_sync_mux_ck 0           0            12288000   0          
                      mcasp_gfclk 0           0            12288000   0          
                   dmic_sync_mux_ck 0           1            12288000   0          
                      dmic_gfclk 0           1            12288000   0          
    gpio1_dbclk                 0           1            32768      0          
    timer1_gfclk_mux            1           1            32768      0          
 slimbus_src_clk                0           0            12000000   0          
    slimbus_clk                 0           0            12000000   0          
       slimbus1_slimbus_clk     0           0            12000000   0          
 secure_32k_clk_src_ck          0           0            32768      0          
 pad_clks_src_ck                0           1            12000000   0          
    pad_clks_ck                 0           4            12000000   0          
/ # 
/ # 
/ # ls /sys/kernel/debug/clk/orphans/


/ # 
/ # 
/ # echo 'H''ello World' 'B''oard Booted'
Hello World Board Booted
/ # 
/ # 
/ # sync;power[   56.726890] random: nonblocking pool is initialized
off
/ # 
/ # 
/ # umount: devtmpfs busy - remounted read-only
umount: can't remount /dev/root read-only
umount: can't remount rootfs read-only
The system is going down NOW!
Sent SIGTERM to all processes
Sent SIGKILL to all processes
Requesting system poweroff
[   61.477075] reboot: Power down

Skipping tty reset...
Thanks for using picocom
