- 02:23:55 [INFO] Starting target session
- 02:23:56 [INFO] Connected to am335x-evm via serial 
- 02:23:56 [INFO] Host: #check prompt
- 02:23:59 [ERROR] On command: #check prompt waiting for #check prompt.+?(?-mix:((?-mix:login:)|[Pp]assword)) >>> error: execution expired
- 02:23:59 [INFO] Target: 
#check prompt
root@am335x-evm:/test# 
- 02:23:59 [INFO] Host: #check prompt
- 02:23:59 [INFO] Target: 
#check prompt
root@am335x-evm:/test# 
- 02:23:59 [INFO] Host: sync;poweroff
- 02:24:11 [INFO] Target: 
sync;poweroff
Broadcast message from root@am335x-evm (ttyO0) (Sun Feb 28 01:15:52 2016):
The system is going down for system halt NOW!
INIT: Switching 
INIT: root@am335x-evm:/test# Sending processes the TERM signal
UIM SYSFS Node Not Found
Stopping Dropbear SSH server: stopped /usr/sbin/dropbear (pid 665)
dropbear.
Stopping telnet daemon.
Stopping system message bus: dbus.
hwclock: can't open '/dev/misc/rtc': No such file or directory
Error opening /dev/fb0: No such file or directory
Stopping syslogd/klogd: stopped syslogd (pid 692)
stopped klogd (pid 695)
done
Stopping thttpd.
Stopping Weston
stopping statd: done
ALSA: Storing mixer settings...
/usr/sbin/alsactl: save_state:1590: No soundcards found...
Stopping rpcbind daemon...
done.
Stopping Lighttpd Web Server: stopped /usr/sbin/lighttpd (pid 704)
lighttpd.
Deconfiguring network interfaces... done.
Stopping Matrix GUI applicationstart-stop-daemon: warning: killing process 710: No such process
Disabling thermal zones...
/etc/rc0.d/K98thermal-zone-init: line 13: /sys/class/thermal/thermal_zone*/mode: No such file or directory
***************************************************************
***************************************************************
NOTICE: This file system contains the followin GPLv3 packages:
	autoconf
	binutils
	cpp-symlinks
	cpp
	g++-symlinks
	g++
	gcc-symlinks
	gcc
	gdbserver
	gstreamer1.0-libav
	libgmp10
	libmpc3
	libmpfr4
	make
If you do not wish to distribute GPLv3 components please remove
the above packages prior to distribution.  This can be done using
the opkg remove command.  i.e.:
    opkg remove <package>
Where <package> is the name printed in the list above
NOTE: If the package is a dependency of another package you
      will be notified of the dependent packages.  You should
      use the --force-removal-of-dependent-packages option to
      also remove the dependent packages as well
***************************************************************
***************************************************************
Sending all processes the TERM signal...
Sending all processes the KILL signal...
Unmounting remote filesystems...
Deactivating swap...
Unmounting local filesystems...
[ 2719.668560] EXT4-fs (mmcblk0p2): re-mounted. Opts: data=ordered
[ 2722.108481] reboot: System halted
- 02:24:11 [INFO] Disconnected serial from am335x-evm
- 02:24:12 [INFO] Connected to am335x-evm via serial 
- 02:24:12 [INFO] Host: 
- 02:24:14 [INFO] Target: 
U-Boot SPL 2014.07-gfb6ab76 (Jul 08 2015 - 22:22:31)
reading args
spl_load_image_fat_os: error reading image args, err - -1
reading u-boot.img
reading u-boot.img
U-Boot 2014.07-gfb6ab76 (Jul 08 2015 - 22:22:31)
I2C:   ready
DRAM:  1 GiB
NAND:  256 MiB
MMC:   OMAP SD/MMC: 0, OMAP SD/MMC: 1
reading uboot.env
** Unable to read "uboot.env" from mmc0:1 **
Using default environment
Net:   <ethaddr> not set. Validating first E-fuse MAC
cpsw, usb_ether
Hit any key to stop autoboot:  1  0 
U-Boot# 
U-Boot# 
U-Boot# 
U-Boot# 
U-Boot# 
U-Boot# 
U-Boot# 
- 02:24:14 [INFO] Host: 
- 02:24:14 [INFO] Target: 
U-Boot# 
- 02:24:14 [INFO] Host: version
- 02:24:14 [INFO] Target: 
U-Boot# version
U-Boot 2014.07-gfb6ab76 (Jul 08 2015 - 22:22:31)
arm-linux-gnueabihf-gcc (crosstool-NG linaro-1.13.1-4.7-2013.03-20130313 - Linaro GCC 2013.03) 4.7.3 20130226 (prerelease)
GNU ld (crosstool-NG linaro-1.13.1-4.7-2013.03-20130313 - Linaro GCC 2013.03) 2.23.1
U-Boot# 
- 02:24:14 [INFO] Host: setenv bootargs 'console=ttyO0,115200n8 earlyprintk=serial,ttyO0,115200n8 rootwait  '
- 02:24:14 [INFO] Target: 
setenv bootargs 'console=ttyO0,115200n8 earlyprintk=serial,ttyO0,115200n8 rootwait  '
U-Boot# 
- 02:24:14 [INFO] Host: setenv bootcmd  ''
- 02:24:14 [INFO] Target: 
setenv bootcmd  ''
U-Boot# 
- 02:24:14 [INFO] Host: setenv autoload 'no'
- 02:24:14 [INFO] Target: 
setenv autoload 'no'
U-Boot# 
- 02:24:14 [INFO] Host: setenv serverip '192.168.0.1'
- 02:24:15 [INFO] Target: 
setenv serverip '192.168.0.1'
U-Boot# 
- 02:24:15 [INFO] Host: printenv
- 02:24:15 [INFO] Target: 
printenv
arch=arm
autoload=no
baudrate=115200
board=am335x
board_name=A33515BB
board_rev=1.6A
boot_fdt=try
bootargs=console=ttyO0,115200n8 earlyprintk=serial,ttyO0,115200n8 rootwait  
bootcmd=
bootcount=1
bootdelay=1
bootdir=/boot
bootenv=uEnv.txt
bootfile=zImage
bootm_size=0x10000000
bootpart=0:2
console=ttyO0,115200n8
cpu=armv7
dfu_alt_info_emmc=rawemmc raw 0 3751936;boot part 1 1;rootfs part 1 2;MLO fat 1 1;MLO.raw raw 0x100 0x100;u-boot.img.raw raw 0x300 0x400;spl-os-args.raw raw 0x80 0x80;spl-os-image.raw raw 0x900 0x2000;spl-os-args fat 1 1;spl-os-image fat 1 1;u-boot.img fat 1 1;uEnv.txt fat 1 1
dfu_alt_info_mmc=boot part 0 1;rootfs part 0 2;MLO fat 0 1;MLO.raw raw 0x100 0x100;u-boot.img.raw raw 0x300 0x400;spl-os-args.raw raw 0x80 0x80;spl-os-image.raw raw 0x900 0x2000;spl-os-args fat 0 1;spl-os-image fat 0 1;u-boot.img fat 0 1;uEnv.txt fat 0 1
dfu_alt_info_nand=SPL part 0 1;SPL.backup1 part 0 2;SPL.backup2 part 0 3;SPL.backup3 part 0 4;u-boot part 0 5;u-boot-spl-os part 0 6;kernel part 0 8;rootfs part 0 9
dfu_alt_info_ram=kernel ram 0x80200000 0xD80000;fdt ram 0x80F80000 0x80000;ramdisk ram 0x81000000 0x4000000
eth1addr=d0:ff:50:57:02:db
ethact=cpsw
ethaddr=d0:ff:50:57:02:d9
fdt_addr_r=0x88000000
fdtaddr=0x88000000
fdtfile=undefined
findfdt=if test $board_name = A335BONE; then setenv fdtfile am335x-bone.dtb; fi; if test $board_name = A335BNLT; then setenv fdtfile am335x-boneblack.dtb; fi; if test $board_name = A33515BB; then setenv fdtfile am335x-evm.dtb; fi; if test $board_name = A335X_SK; then setenv fdtfile am335x-evmsk.dtb; fi; if test $fdtfile = undefined; then echo WARNING: Could not determine device tree to use; fi; 
importbootenv=echo Importing environment from mmc ...; env import -t -r $loadaddr $filesize
kernel_addr_r=0x82000000
loadaddr=0x82000000
loadbootenv=load mmc ${mmcdev} ${loadaddr} ${bootenv}
loadfdt=load mmc ${bootpart} ${fdtaddr} ${bootdir}/${fdtfile}
loadimage=load mmc ${bootpart} ${loadaddr} ${bootdir}/${bootfile}
loadramdisk=load mmc ${mmcdev} ${rdaddr} ramdisk.gz
mmcargs=setenv bootargs console=${console} ${optargs} root=${mmcroot} rootfstype=${mmcrootfstype}
mmcboot=mmc dev ${mmcdev}; if mmc rescan; then echo SD/MMC found on device ${mmcdev};if run loadbootenv; then echo Loaded environment from ${bootenv};run importbootenv;fi;if test -n $uenvcmd; then echo Running uenvcmd ...;run uenvcmd;fi;if run loadimage; then run mmcloados;fi;fi;
mmcdev=0
mmcloados=run mmcargs; if test ${boot_fdt} = yes || test ${boot_fdt} = try; then if run loadfdt; then bootz ${loadaddr} - ${fdtaddr}; else if test ${boot_fdt} = try; then bootz; else echo WARN: Cannot load the DT; fi; fi; else bootz; fi;
mmcroot=/dev/mmcblk0p2 ro
mmcrootfstype=ext4 rootwait
mtdids=nand0=nand.0
mtdparts=mtdparts=nand.0:128k(NAND.SPL),128k(NAND.SPL.backup1),128k(NAND.SPL.backup2),128k(NAND.SPL.backup3),256k(NAND.u-boot-spl-os),1m(NAND.u-boot),128k(NAND.u-boot-env),128k(NAND.u-boot-env.backup1),8m(NAND.kernel),-(NAND.file-system)
nandargs=setenv bootargs console=${console} ${optargs} root=${nandroot} rootfstype=${nandrootfstype}
nandboot=echo Booting from nand ...; run nandargs; nand read ${fdtaddr} NAND.u-boot-spl-os; nand read ${loadaddr} NAND.kernel; bootz ${loadaddr} - ${fdtaddr}
nandroot=ubi0:rootfs rw ubi.mtd=NAND.file-system,2048
nandrootfstype=ubifs rootwait=1
netargs=setenv bootargs console=${console} ${optargs} root=/dev/nfs nfsroot=${serverip}:${rootpath},${nfsopts} rw ip=dhcp
netboot=echo Booting from network ...; setenv autoload no; dhcp; tftp ${loadaddr} ${bootfile}; tftp ${fdtaddr} ${fdtfile}; run netargs; bootz ${loadaddr} - ${fdtaddr}
nfsopts=nolock
partitions=uuid_disk=${uuid_gpt_disk};name=rootfs,start=2MiB,size=-,uuid=${uuid_gpt_rootfs}
ramargs=setenv bootargs console=${console} ${optargs} root=${ramroot} rootfstype=${ramrootfstype}
ramboot=echo Booting from ramdisk ...; run ramargs; bootz ${loadaddr} ${rdaddr} ${fdtaddr}
ramdisk_addr_r=0x88080000
ramroot=/dev/ram0 rw
ramrootfstype=ext2
rdaddr=0x88080000
rootpath=/export/rootfs
serverip=192.168.0.1
soc=am33xx
spiargs=setenv bootargs console=${console} ${optargs} root=${spiroot} rootfstype=${spirootfstype}
spiboot=echo Booting from spi ...; run spiargs; sf probe ${spibusno}:0; sf read ${loadaddr} ${spisrcaddr} ${spiimgsize}; bootz ${loadaddr}
spibusno=0
spiimgsize=0x362000
spiroot=/dev/mtdblock4 rw
spirootfstype=jffs2
spisrcaddr=0xe0000
static_ip=${ipaddr}:${serverip}:${gatewayip}:${netmask}:${hostname}::off
stderr=serial
stdin=serial
stdout=serial
usbnet_devaddr=d0:ff:50:57:02:db
vendor=ti
ver=U-Boot 2014.07-gfb6ab76 (Jul 08 2015 - 22:22:31)
Environment size: 4725/131068 bytes
U-Boot# 
- 02:24:15 [INFO] Host: setenv _initramfs -
- 02:24:15 [INFO] Target: 
setenv _initramfs -
U-Boot# 
- 02:24:15 [INFO] Host: printenv
- 02:24:16 [INFO] Target: 
printenv
_initramfs=-
arch=arm
autoload=no
baudrate=115200
board=am335x
board_name=A33515BB
board_rev=1.6A
boot_fdt=try
bootargs=console=ttyO0,115200n8 earlyprintk=serial,ttyO0,115200n8 rootwait  
bootcmd=
bootcount=1
bootdelay=1
bootdir=/boot
bootenv=uEnv.txt
bootfile=zImage
bootm_size=0x10000000
bootpart=0:2
console=ttyO0,115200n8
cpu=armv7
dfu_alt_info_emmc=rawemmc raw 0 3751936;boot part 1 1;rootfs part 1 2;MLO fat 1 1;MLO.raw raw 0x100 0x100;u-boot.img.raw raw 0x300 0x400;spl-os-args.raw raw 0x80 0x80;spl-os-image.raw raw 0x900 0x2000;spl-os-args fat 1 1;spl-os-image fat 1 1;u-boot.img fat 1 1;uEnv.txt fat 1 1
dfu_alt_info_mmc=boot part 0 1;rootfs part 0 2;MLO fat 0 1;MLO.raw raw 0x100 0x100;u-boot.img.raw raw 0x300 0x400;spl-os-args.raw raw 0x80 0x80;spl-os-image.raw raw 0x900 0x2000;spl-os-args fat 0 1;spl-os-image fat 0 1;u-boot.img fat 0 1;uEnv.txt fat 0 1
dfu_alt_info_nand=SPL part 0 1;SPL.backup1 part 0 2;SPL.backup2 part 0 3;SPL.backup3 part 0 4;u-boot part 0 5;u-boot-spl-os part 0 6;kernel part 0 8;rootfs part 0 9
dfu_alt_info_ram=kernel ram 0x80200000 0xD80000;fdt ram 0x80F80000 0x80000;ramdisk ram 0x81000000 0x4000000
eth1addr=d0:ff:50:57:02:db
ethact=cpsw
ethaddr=d0:ff:50:57:02:d9
fdt_addr_r=0x88000000
fdtaddr=0x88000000
fdtfile=undefined
findfdt=if test $board_name = A335BONE; then setenv fdtfile am335x-bone.dtb; fi; if test $board_name = A335BNLT; then setenv fdtfile am335x-boneblack.dtb; fi; if test $board_name = A33515BB; then setenv fdtfile am335x-evm.dtb; fi; if test $board_name = A335X_SK; then setenv fdtfile am335x-evmsk.dtb; fi; if test $fdtfile = undefined; then echo WARNING: Could not determine device tree to use; fi; 
importbootenv=echo Importing environment from mmc ...; env import -t -r $loadaddr $filesize
kernel_addr_r=0x82000000
loadaddr=0x82000000
loadbootenv=load mmc ${mmcdev} ${loadaddr} ${bootenv}
loadfdt=load mmc ${bootpart} ${fdtaddr} ${bootdir}/${fdtfile}
loadimage=load mmc ${bootpart} ${loadaddr} ${bootdir}/${bootfile}
loadramdisk=load mmc ${mmcdev} ${rdaddr} ramdisk.gz
mmcargs=setenv bootargs console=${console} ${optargs} root=${mmcroot} rootfstype=${mmcrootfstype}
mmcboot=mmc dev ${mmcdev}; if mmc rescan; then echo SD/MMC found on device ${mmcdev};if run loadbootenv; then echo Loaded environment from ${bootenv};run importbootenv;fi;if test -n $uenvcmd; then echo Running uenvcmd ...;run uenvcmd;fi;if run loadimage; then run mmcloados;fi;fi;
mmcdev=0
mmcloados=run mmcargs; if test ${boot_fdt} = yes || test ${boot_fdt} = try; then if run loadfdt; then bootz ${loadaddr} - ${fdtaddr}; else if test ${boot_fdt} = try; then bootz; else echo WARN: Cannot load the DT; fi; fi; else bootz; fi;
mmcroot=/dev/mmcblk0p2 ro
mmcrootfstype=ext4 rootwait
mtdids=nand0=nand.0
mtdparts=mtdparts=nand.0:128k(NAND.SPL),128k(NAND.SPL.backup1),128k(NAND.SPL.backup2),128k(NAND.SPL.backup3),256k(NAND.u-boot-spl-os),1m(NAND.u-boot),128k(NAND.u-boot-env),128k(NAND.u-boot-env.backup1),8m(NAND.kernel),-(NAND.file-system)
nandargs=setenv bootargs console=${console} ${optargs} root=${nandroot} rootfstype=${nandrootfstype}
nandboot=echo Booting from nand ...; run nandargs; nand read ${fdtaddr} NAND.u-boot-spl-os; nand read ${loadaddr} NAND.kernel; bootz ${loadaddr} - ${fdtaddr}
nandroot=ubi0:rootfs rw ubi.mtd=NAND.file-system,2048
nandrootfstype=ubifs rootwait=1
netargs=setenv bootargs console=${console} ${optargs} root=/dev/nfs nfsroot=${serverip}:${rootpath},${nfsopts} rw ip=dhcp
netboot=echo Booting from network ...; setenv autoload no; dhcp; tftp ${loadaddr} ${bootfile}; tftp ${fdtaddr} ${fdtfile}; run netargs; bootz ${loadaddr} - ${fdtaddr}
nfsopts=nolock
partitions=uuid_disk=${uuid_gpt_disk};name=rootfs,start=2MiB,size=-,uuid=${uuid_gpt_rootfs}
ramargs=setenv bootargs console=${console} ${optargs} root=${ramroot} rootfstype=${ramrootfstype}
ramboot=echo Booting from ramdisk ...; run ramargs; bootz ${loadaddr} ${rdaddr} ${fdtaddr}
ramdisk_addr_r=0x88080000
ramroot=/dev/ram0 rw
ramrootfstype=ext2
rdaddr=0x88080000
rootpath=/export/rootfs
serverip=192.168.0.1
soc=am33xx
spiargs=setenv bootargs console=${console} ${optargs} root=${spiroot} rootfstype=${spirootfstype}
spiboot=echo Booting from spi ...; run spiargs; sf probe ${spibusno}:0; sf read ${loadaddr} ${spisrcaddr} ${spiimgsize}; bootz ${loadaddr}
spibusno=0
spiimgsize=0x362000
spiroot=/dev/mtdblock4 rw
spirootfstype=jffs2
spisrcaddr=0xe0000
static_ip=${ipaddr}:${serverip}:${gatewayip}:${netmask}:${hostname}::off
stderr=serial
stdin=serial
stdout=serial
usbnet_devaddr=d0:ff:50:57:02:db
vendor=ti
ver=U-Boot 2014.07-gfb6ab76 (Jul 08 2015 - 22:22:31)
Environment size: 4740/131068 bytes
U-Boot# 
- 02:24:16 [INFO] Host: setenv bootargs ''${bootargs}' ip=:::::eth0:dhcp '
- 02:24:16 [INFO] Target: 
setenv bootargs ''${bootargs}' ip=:::::eth0:dhcp '
U-Boot# 
- 02:24:16 [INFO] Host: setenv serverip '192.168.0.1'
- 02:24:16 [INFO] Target: 
setenv serverip '192.168.0.1'
U-Boot# 
- 02:24:16 [INFO] Host: setenv autoload 'no'
- 02:24:16 [INFO] Target: 
setenv autoload 'no'
U-Boot# 
- 02:24:16 [INFO] Host: dhcp
- 02:24:18 [INFO] Target: 
dhcp
cpsw Waiting for PHY auto negotiation to complete. done
link up on port 0, speed 1000, full duplex
BOOTP broadcast 1
DHCP client bound to address 192.168.0.139
U-Boot# 
- 02:24:18 [INFO] Host: tftp ${loadaddr} 192.168.0.1:vatf_am335x-evm/d66b65fc4aa5c4633204fb5ac9dcf5df
- 02:24:19 [INFO] Target: 
tftp ${loadaddr} 192.168.0.1:vatf_am335x-evm/d66b65fc4aa5c4633204fb5ac9dcf5df
link up on port 0, speed 1000, full duplex
Using cpsw device
TFTP from server 192.168.0.1; our IP address is 192.168.0.139
Filename 'vatf_am335x-evm/d66b65fc4aa5c4633204fb5ac9dcf5df'.
Load address: 0x82000000
Loading: *#################################################################
	 #################################################################
	 #################################################################
	 #################################################################
	 #################################################################
	 #################################################################
	 #################################################################
	 ###
	 6.9 MiB/s
done
Bytes transferred = 6720272 (668b10 hex)
U-Boot# 
- 02:24:19 [INFO] Host: tftp ${fdtaddr} 192.168.0.1:vatf_am335x-evm/6b4afd7748463dec654ae04d96fa5a28
- 02:24:19 [INFO] Target: 
tftp ${fdtaddr} 192.168.0.1:vatf_am335x-evm/6b4afd7748463dec654ae04d96fa5a28
link up on port 0, speed 1000, full duplex
Using cpsw device
TFTP from server 192.168.0.1; our IP address is 192.168.0.139
Filename 'vatf_am335x-evm/6b4afd7748463dec654ae04d96fa5a28'.
Load address: 0x88000000
Loading: *###
	 4.6 MiB/s
done
Bytes transferred = 38587 (96bb hex)
U-Boot# 
- 02:24:19 [INFO] Host: ls mmc 0:1
- 02:24:19 [INFO] Target: 
ls mmc 0:1
    77232   mlo 
   446472   u-boot.img 
        4   ws-calibrate.rules 
        0   pointercal 
       14   .ipaddr 
5 file(s), 0 dir(s)
U-Boot# 
- 02:24:19 [INFO] Host: ls mmc 0:2
- 02:24:19 [INFO] Target: 
ls mmc 0:2
<DIR>       4096 .
<DIR>       4096 ..
<DIR>       4096 include
<DIR>       4096 srv
<DIR>       4096 home
<DIR>       4096 media
<DIR>       4096 opt
<DIR>       4096 var
<DIR>       4096 sys
<DIR>       4096 boot
<DIR>       4096 dev
<DIR>       4096 usr
<DIR>       4096 bin
<DIR>       4096 mnt
<DIR>       4096 etc
<DIR>       4096 sbin
<DIR>       4096 www
<SYM>          8 tmp
<DIR>       4096 proc
<DIR>       4096 run
<DIR>       4096 lib
<DIR>       4096 .qws
<DIR>       4096 test
U-Boot# 
- 02:24:19 [INFO] Host: part uuid mmc 0:2
- 02:24:19 [INFO] Target: 
part uuid mmc 0:2
00000000-02
U-Boot# 
- 02:24:19 [INFO] Host: printenv
- 02:24:20 [INFO] Target: 
printenv
_initramfs=-
arch=arm
autoload=no
baudrate=115200
board=am335x
board_name=A33515BB
board_rev=1.6A
boot_fdt=try
bootargs=console=ttyO0,115200n8 earlyprintk=serial,ttyO0,115200n8 rootwait   ip=:::::eth0:dhcp 
bootcmd=
bootcount=1
bootdelay=1
bootdir=/boot
bootenv=uEnv.txt
bootfile=zImage
bootm_size=0x10000000
bootpart=0:2
console=ttyO0,115200n8
cpu=armv7
dfu_alt_info_emmc=rawemmc raw 0 3751936;boot part 1 1;rootfs part 1 2;MLO fat 1 1;MLO.raw raw 0x100 0x100;u-boot.img.raw raw 0x300 0x400;spl-os-args.raw raw 0x80 0x80;spl-os-image.raw raw 0x900 0x2000;spl-os-args fat 1 1;spl-os-image fat 1 1;u-boot.img fat 1 1;uEnv.txt fat 1 1
dfu_alt_info_mmc=boot part 0 1;rootfs part 0 2;MLO fat 0 1;MLO.raw raw 0x100 0x100;u-boot.img.raw raw 0x300 0x400;spl-os-args.raw raw 0x80 0x80;spl-os-image.raw raw 0x900 0x2000;spl-os-args fat 0 1;spl-os-image fat 0 1;u-boot.img fat 0 1;uEnv.txt fat 0 1
dfu_alt_info_nand=SPL part 0 1;SPL.backup1 part 0 2;SPL.backup2 part 0 3;SPL.backup3 part 0 4;u-boot part 0 5;u-boot-spl-os part 0 6;kernel part 0 8;rootfs part 0 9
dfu_alt_info_ram=kernel ram 0x80200000 0xD80000;fdt ram 0x80F80000 0x80000;ramdisk ram 0x81000000 0x4000000
dnsip=192.0.2.2
dnsip2=192.0.2.3
eth1addr=d0:ff:50:57:02:db
ethact=cpsw
ethaddr=d0:ff:50:57:02:d9
fdt_addr_r=0x88000000
fdtaddr=0x88000000
fdtfile=undefined
fileaddr=88000000
filesize=96bb
findfdt=if test $board_name = A335BONE; then setenv fdtfile am335x-bone.dtb; fi; if test $board_name = A335BNLT; then setenv fdtfile am335x-boneblack.dtb; fi; if test $board_name = A33515BB; then setenv fdtfile am335x-evm.dtb; fi; if test $board_name = A335X_SK; then setenv fdtfile am335x-evmsk.dtb; fi; if test $fdtfile = undefined; then echo WARNING: Could not determine device tree to use; fi; 
gatewayip=192.168.0.1
importbootenv=echo Importing environment from mmc ...; env import -t -r $loadaddr $filesize
ipaddr=192.168.0.139
kernel_addr_r=0x82000000
loadaddr=0x82000000
loadbootenv=load mmc ${mmcdev} ${loadaddr} ${bootenv}
loadfdt=load mmc ${bootpart} ${fdtaddr} ${bootdir}/${fdtfile}
loadimage=load mmc ${bootpart} ${loadaddr} ${bootdir}/${bootfile}
loadramdisk=load mmc ${mmcdev} ${rdaddr} ramdisk.gz
mmcargs=setenv bootargs console=${console} ${optargs} root=${mmcroot} rootfstype=${mmcrootfstype}
mmcboot=mmc dev ${mmcdev}; if mmc rescan; then echo SD/MMC found on device ${mmcdev};if run loadbootenv; then echo Loaded environment from ${bootenv};run importbootenv;fi;if test -n $uenvcmd; then echo Running uenvcmd ...;run uenvcmd;fi;if run loadimage; then run mmcloados;fi;fi;
mmcdev=0
mmcloados=run mmcargs; if test ${boot_fdt} = yes || test ${boot_fdt} = try; then if run loadfdt; then bootz ${loadaddr} - ${fdtaddr}; else if test ${boot_fdt} = try; then bootz; else echo WARN: Cannot load the DT; fi; fi; else bootz; fi;
mmcroot=/dev/mmcblk0p2 ro
mmcrootfstype=ext4 rootwait
mtdids=nand0=nand.0
mtdparts=mtdparts=nand.0:128k(NAND.SPL),128k(NAND.SPL.backup1),128k(NAND.SPL.backup2),128k(NAND.SPL.backup3),256k(NAND.u-boot-spl-os),1m(NAND.u-boot),128k(NAND.u-boot-env),128k(NAND.u-boot-env.backup1),8m(NAND.kernel),-(NAND.file-system)
nandargs=setenv bootargs console=${console} ${optargs} root=${nandroot} rootfstype=${nandrootfstype}
nandboot=echo Booting from nand ...; run nandargs; nand read ${fdtaddr} NAND.u-boot-spl-os; nand read ${loadaddr} NAND.kernel; bootz ${loadaddr} - ${fdtaddr}
nandroot=ubi0:rootfs rw ubi.mtd=NAND.file-system,2048
nandrootfstype=ubifs rootwait=1
netargs=setenv bootargs console=${console} ${optargs} root=/dev/nfs nfsroot=${serverip}:${rootpath},${nfsopts} rw ip=dhcp
netboot=echo Booting from network ...; setenv autoload no; dhcp; tftp ${loadaddr} ${bootfile}; tftp ${fdtaddr} ${fdtfile}; run netargs; bootz ${loadaddr} - ${fdtaddr}
netmask=255.255.255.0
nfsopts=nolock
partitions=uuid_disk=${uuid_gpt_disk};name=rootfs,start=2MiB,size=-,uuid=${uuid_gpt_rootfs}
ramargs=setenv bootargs console=${console} ${optargs} root=${ramroot} rootfstype=${ramrootfstype}
ramboot=echo Booting from ramdisk ...; run ramargs; bootz ${loadaddr} ${rdaddr} ${fdtaddr}
ramdisk_addr_r=0x88080000
ramroot=/dev/ram0 rw
ramrootfstype=ext2
rdaddr=0x88080000
rootpath=/export/rootfs
serverip=192.168.0.1
soc=am33xx
spiargs=setenv bootargs console=${console} ${optargs} root=${spiroot} rootfstype=${spirootfstype}
spiboot=echo Booting from spi ...; run spiargs; sf probe ${spibusno}:0; sf read ${loadaddr} ${spisrcaddr} ${spiimgsize}; bootz ${loadaddr}
spibusno=0
spiimgsize=0x362000
spiroot=/dev/mtdblock4 rw
spirootfstype=jffs2
spisrcaddr=0xe0000
static_ip=${ipaddr}:${serverip}:${gatewayip}:${netmask}:${hostname}::off
stderr=serial
stdin=serial
stdout=serial
usbnet_devaddr=d0:ff:50:57:02:db
vendor=ti
ver=U-Boot 2014.07-gfb6ab76 (Jul 08 2015 - 22:22:31)
Environment size: 4903/131068 bytes
U-Boot# 
- 02:24:20 [INFO] Host: setenv bootargs ''${bootargs}' root=PARTUUID=00000000-02 rw rootfstype=ext4 rootwait '
- 02:24:20 [INFO] Target: 
setenv bootargs ''${bootargs}' root=PARTUUID=00000000-02 rw rootfstype=ext4 rootwait '
U-Boot# 
- 02:24:20 [INFO] Host: printenv
- 02:24:20 [INFO] Target: 
printenv
_initramfs=-
arch=arm
autoload=no
baudrate=115200
board=am335x
board_name=A33515BB
board_rev=1.6A
boot_fdt=try
bootargs=console=ttyO0,115200n8 earlyprintk=serial,ttyO0,115200n8 rootwait   ip=:::::eth0:dhcp  root=PARTUUID=00000000-02 rw rootfstype=ext4 rootwait 
bootcmd=
bootcount=1
bootdelay=1
bootdir=/boot
bootenv=uEnv.txt
bootfile=zImage
bootm_size=0x10000000
bootpart=0:2
console=ttyO0,115200n8
cpu=armv7
dfu_alt_info_emmc=rawemmc raw 0 3751936;boot part 1 1;rootfs part 1 2;MLO fat 1 1;MLO.raw raw 0x100 0x100;u-boot.img.raw raw 0x300 0x400;spl-os-args.raw raw 0x80 0x80;spl-os-image.raw raw 0x900 0x2000;spl-os-args fat 1 1;spl-os-image fat 1 1;u-boot.img fat 1 1;uEnv.txt fat 1 1
dfu_alt_info_mmc=boot part 0 1;rootfs part 0 2;MLO fat 0 1;MLO.raw raw 0x100 0x100;u-boot.img.raw raw 0x300 0x400;spl-os-args.raw raw 0x80 0x80;spl-os-image.raw raw 0x900 0x2000;spl-os-args fat 0 1;spl-os-image fat 0 1;u-boot.img fat 0 1;uEnv.txt fat 0 1
dfu_alt_info_nand=SPL part 0 1;SPL.backup1 part 0 2;SPL.backup2 part 0 3;SPL.backup3 part 0 4;u-boot part 0 5;u-boot-spl-os part 0 6;kernel part 0 8;rootfs part 0 9
dfu_alt_info_ram=kernel ram 0x80200000 0xD80000;fdt ram 0x80F80000 0x80000;ramdisk ram 0x81000000 0x4000000
dnsip=192.0.2.2
dnsip2=192.0.2.3
eth1addr=d0:ff:50:57:02:db
ethact=cpsw
ethaddr=d0:ff:50:57:02:d9
fdt_addr_r=0x88000000
fdtaddr=0x88000000
fdtfile=undefined
fileaddr=88000000
filesize=96bb
findfdt=if test $board_name = A335BONE; then setenv fdtfile am335x-bone.dtb; fi; if test $board_name = A335BNLT; then setenv fdtfile am335x-boneblack.dtb; fi; if test $board_name = A33515BB; then setenv fdtfile am335x-evm.dtb; fi; if test $board_name = A335X_SK; then setenv fdtfile am335x-evmsk.dtb; fi; if test $fdtfile = undefined; then echo WARNING: Could not determine device tree to use; fi; 
gatewayip=192.168.0.1
importbootenv=echo Importing environment from mmc ...; env import -t -r $loadaddr $filesize
ipaddr=192.168.0.139
kernel_addr_r=0x82000000
loadaddr=0x82000000
loadbootenv=load mmc ${mmcdev} ${loadaddr} ${bootenv}
loadfdt=load mmc ${bootpart} ${fdtaddr} ${bootdir}/${fdtfile}
loadimage=load mmc ${bootpart} ${loadaddr} ${bootdir}/${bootfile}
loadramdisk=load mmc ${mmcdev} ${rdaddr} ramdisk.gz
mmcargs=setenv bootargs console=${console} ${optargs} root=${mmcroot} rootfstype=${mmcrootfstype}
mmcboot=mmc dev ${mmcdev}; if mmc rescan; then echo SD/MMC found on device ${mmcdev};if run loadbootenv; then echo Loaded environment from ${bootenv};run importbootenv;fi;if test -n $uenvcmd; then echo Running uenvcmd ...;run uenvcmd;fi;if run loadimage; then run mmcloados;fi;fi;
mmcdev=0
mmcloados=run mmcargs; if test ${boot_fdt} = yes || test ${boot_fdt} = try; then if run loadfdt; then bootz ${loadaddr} - ${fdtaddr}; else if test ${boot_fdt} = try; then bootz; else echo WARN: Cannot load the DT; fi; fi; else bootz; fi;
mmcroot=/dev/mmcblk0p2 ro
mmcrootfstype=ext4 rootwait
mtdids=nand0=nand.0
mtdparts=mtdparts=nand.0:128k(NAND.SPL),128k(NAND.SPL.backup1),128k(NAND.SPL.backup2),128k(NAND.SPL.backup3),256k(NAND.u-boot-spl-os),1m(NAND.u-boot),128k(NAND.u-boot-env),128k(NAND.u-boot-env.backup1),8m(NAND.kernel),-(NAND.file-system)
nandargs=setenv bootargs console=${console} ${optargs} root=${nandroot} rootfstype=${nandrootfstype}
nandboot=echo Booting from nand ...; run nandargs; nand read ${fdtaddr} NAND.u-boot-spl-os; nand read ${loadaddr} NAND.kernel; bootz ${loadaddr} - ${fdtaddr}
nandroot=ubi0:rootfs rw ubi.mtd=NAND.file-system,2048
nandrootfstype=ubifs rootwait=1
netargs=setenv bootargs console=${console} ${optargs} root=/dev/nfs nfsroot=${serverip}:${rootpath},${nfsopts} rw ip=dhcp
netboot=echo Booting from network ...; setenv autoload no; dhcp; tftp ${loadaddr} ${bootfile}; tftp ${fdtaddr} ${fdtfile}; run netargs; bootz ${loadaddr} - ${fdtaddr}
netmask=255.255.255.0
nfsopts=nolock
partitions=uuid_disk=${uuid_gpt_disk};name=rootfs,start=2MiB,size=-,uuid=${uuid_gpt_rootfs}
ramargs=setenv bootargs console=${console} ${optargs} root=${ramroot} rootfstype=${ramrootfstype}
ramboot=echo Booting from ramdisk ...; run ramargs; bootz ${loadaddr} ${rdaddr} ${fdtaddr}
ramdisk_addr_r=0x88080000
ramroot=/dev/ram0 rw
ramrootfstype=ext2
rdaddr=0x88080000
rootpath=/export/rootfs
serverip=192.168.0.1
soc=am33xx
spiargs=setenv bootargs console=${console} ${optargs} root=${spiroot} rootfstype=${spirootfstype}
spiboot=echo Booting from spi ...; run spiargs; sf probe ${spibusno}:0; sf read ${loadaddr} ${spisrcaddr} ${spiimgsize}; bootz ${loadaddr}
spibusno=0
spiimgsize=0x362000
spiroot=/dev/mtdblock4 rw
spirootfstype=jffs2
spisrcaddr=0xe0000
static_ip=${ipaddr}:${serverip}:${gatewayip}:${netmask}:${hostname}::off
stderr=serial
stdin=serial
stdout=serial
usbnet_devaddr=d0:ff:50:57:02:db
vendor=ti
ver=U-Boot 2014.07-gfb6ab76 (Jul 08 2015 - 22:22:31)
Environment size: 4958/131068 bytes
U-Boot# 
- 02:24:20 [INFO] Host: setenv bootcmd ''${bootcmd}' if iminfo ${loadaddr}; then bootm ${loadaddr} ${_initramfs} ${fdtaddr}; else bootz ${loadaddr} ${_initramfs} ${fdtaddr}; bootm ${loadaddr} ${_initramfs} ${fdtaddr}; fi'
- 02:24:20 [INFO] Target: 
setenv bootcmd ''${bootcmd}' if iminfo ${loadaddr}; then bootm ${loadaddr} ${_initramfs} ${fdtaddr}; else bootz ${loadaddr} ${_initramfs} ${fdtaddr}; bootm ${loadaddr} ${_initramfs} ${fdtaddr}; fi'
U-Boot# 
- 02:24:20 [INFO] Host: version
- 02:24:21 [INFO] Target: 
version
U-Boot 2014.07-gfb6ab76 (Jul 08 2015 - 22:22:31)
arm-linux-gnueabihf-gcc (crosstool-NG linaro-1.13.1-4.7-2013.03-20130313 - Linaro GCC 2013.03) 4.7.3 20130226 (prerelease)
GNU ld (crosstool-NG linaro-1.13.1-4.7-2013.03-20130313 - Linaro GCC 2013.03) 2.23.1
U-Boot# 
- 02:24:21 [INFO] Host: bdinfo
- 02:24:21 [INFO] Target: 
bdinfo
arch_number = 0x00000E05
boot_params = 0x80000100
DRAM bank   = 0x00000000
-> start    = 0x80000000
-> size     = 0x40000000
eth0name    = cpsw
ethaddr     = d0:ff:50:57:02:d9
eth1name    = usb_ether
eth1addr    = d0:ff:50:57:02:db
current eth = cpsw
ip_addr     = 192.168.0.139
baudrate    = 115200 bps
TLB addr    = 0xBFFF0000
relocaddr   = 0xBF741000
reloc off   = 0x3EF41000
irq_sp      = 0xBE720EE0
sp start    = 0xBE720ED0
U-Boot# 
- 02:24:21 [INFO] Host: mmc rescan; echo $?
- 02:24:21 [INFO] Target: 
mmc rescan; echo $?
U-Boot# 
- 02:24:21 [INFO] Host: fatwrite mmc 0:1 ${loadaddr} ws-calibrate.rules 4
- 02:24:21 [INFO] Target: 
fatwrite mmc 0:1 ${loadaddr} ws-calibrate.rules 4
writing ws-calibrate.rules
4 bytes written
U-Boot# 
- 02:24:21 [INFO] Host: boot
- 02:24:47 [INFO] Target: 
boot
## Checking Image at 82000000 ...
Unknown image format!
Kernel image @ 0x82000000 [ 0x000000 - 0x668b10 ]
## Flattened Device Tree blob at 88000000
   Booting using the fdt blob at 0x88000000
   Loading Device Tree to 8fff3000, end 8ffff6ba ... OK
Starting kernel ...
[    0.000000] Booting Linux on physical CPU 0x0
[    0.000000] Linux version 4.5.0-rc6-00002-g39da8d9226e9 (nmenon@horus) (gcc version 4.9.3 20150413 (prerelease) (Linaro GCC 4.9-2015.05) ) #1 SMP Mon Feb 29 01:10:37 CST 2016
[    0.000000] CPU: ARMv7 Processor [413fc082] revision 2 (ARMv7), cr=10c5387d
[    0.000000] CPU: PIPT / VIPT nonaliasing data cache, VIPT aliasing instruction cache
[    0.000000] Machine model: TI AM335x EVM
[    0.000000] cma: Reserved 64 MiB at 0xbb800000
[    0.000000] Memory policy: Data cache writeback
[    0.000000] CPU: All CPU(s) started in SVC mode.
[    0.000000] AM335X ES2.1 (sgx neon )
[    0.000000] PERCPU: Embedded 12 pages/cpu @ef7ca000 s18880 r8192 d22080 u49152
[    0.000000] Built 1 zonelists in Zone order, mobility grouping on.  Total pages: 260096
[    0.000000] Kernel command line: console=ttyO0,115200n8 earlyprintk=serial,ttyO0,115200n8 rootwait   ip=:::::eth0:dhcp  root=PARTUUID=00000000-02 rw rootfstype=ext4 rootwait 
[    0.000000] PID hash table entries: 4096 (order: 2, 16384 bytes)
[    0.000000] Dentry cache hash table entries: 131072 (order: 7, 524288 bytes)
[    0.000000] Inode-cache hash table entries: 65536 (order: 6, 262144 bytes)
[    0.000000] Memory: 956520K/1046528K available (8575K kernel code, 1053K rwdata, 4128K rodata, 1108K init, 345K bss, 24472K reserved, 65536K cma-reserved, 194560K highmem)
[    0.000000] Virtual kernel memory layout:
[    0.000000]     vector  : 0xffff0000 - 0xffff1000   (   4 kB)
[    0.000000]     fixmap  : 0xffc00000 - 0xfff00000   (3072 kB)
[    0.000000]     vmalloc : 0xf0800000 - 0xff800000   ( 240 MB)
[    0.000000]     lowmem  : 0xc0000000 - 0xf0000000   ( 768 MB)
[    0.000000]     pkmap   : 0xbfe00000 - 0xc0000000   (   2 MB)
[    0.000000]     modules : 0xbf000000 - 0xbfe00000   (  14 MB)
[    0.000000]       .text : 0xc0208000 - 0xc0e70d88   (12708 kB)
[    0.000000]       .init : 0xc0e71000 - 0xc0f86000   (1108 kB)
[    0.000000]       .data : 0xc0f86000 - 0xc108d680   (1054 kB)
[    0.000000]        .bss : 0xc1090000 - 0xc10e6660   ( 346 kB)
[    0.000000] SLUB: HWalign=64, Order=0-3, MinObjects=0, CPUs=1, Nodes=1
[    0.000000] Hierarchical RCU implementation.
[    0.000000] 	Build-time adjustment of leaf fanout to 32.
[    0.000000] 	RCU restricting CPUs from NR_CPUS=16 to nr_cpu_ids=1.
[    0.000000] RCU: Adjusting geometry for rcu_fanout_leaf=32, nr_cpu_ids=1
[    0.000000] NR_IRQS:16 nr_irqs:16 16
[    0.000000] IRQ: Found an INTC at 0xfa200000 (revision 5.0) with 128 interrupts
[    0.000000] OMAP clockevent source: timer2 at 24000000 Hz
[    0.000014] sched_clock: 32 bits at 24MHz, resolution 41ns, wraps every 89478484971ns
[    0.000034] clocksource: timer1: mask: 0xffffffff max_cycles: 0xffffffff, max_idle_ns: 79635851949 ns
[    0.000044] OMAP clocksource: timer1 at 24000000 Hz
[    0.000223] Console: colour dummy device 80x30
[    0.000263] Calibrating delay loop... 997.78 BogoMIPS (lpj=2494464)
[    0.059273] pid_max: default: 32768 minimum: 301
[    0.059408] Mount-cache hash table entries: 2048 (order: 1, 8192 bytes)
[    0.059418] Mountpoint-cache hash table entries: 2048 (order: 1, 8192 bytes)
[    0.060124] CPU: Testing write buffer coherency: ok
[    0.060490] CPU0: thread -1, cpu 0, socket -1, mpidr 0
[    0.060594] Setting up static identity map for 0x80209000 - 0x80209098
[    0.063805] Brought up 1 CPUs
[    0.063825] SMP: Total of 1 processors activated (997.78 BogoMIPS).
[    0.063834] CPU: All CPU(s) started in SVC mode.
[    0.065260] devtmpfs: initialized
[    0.075725] VFP support v0.3: implementor 41 architecture 3 part 30 variant c rev 3
[    0.076608] clocksource: jiffies: mask: 0xffffffff max_cycles: 0xffffffff, max_idle_ns: 9556302231375000 ns
[    0.080984] pinctrl core: initialized pinctrl subsystem
[    0.083307] NET: Registered protocol family 16
[    0.085628] DMA: preallocated 256 KiB pool for atomic coherent allocations
[    0.101752] omap_hwmod: debugss: _wait_target_disable failed
[    0.157731] cpuidle: using governor menu
[    0.163110] OMAP GPIO hardware version 0.1
[    0.172214] omap-gpmc 50000000.gpmc: could not find pctldev for node /ocp/l4_wkup@44c00000/scm@210000/pinmux@800/nandflash_pins_s0, deferring probe
[    0.175434] No ATAGs?
[    0.175463] hw-breakpoint: debug architecture 0x4 unsupported.
[    0.175963] omap4_sram_init:Unable to allocate sram needed to handle errata I688
[    0.175973] omap4_sram_init:Unable to get sram pool needed to handle errata I688
[    0.179946] Serial: AMBA PL011 UART driver
[    0.200390] edma 49000000.edma: TI EDMA DMA engine driver
[    0.205011] vgaarb: loaded
[    0.206154] SCSI subsystem initialized
[    0.206808] usbcore: registered new interface driver usbfs
[    0.206892] usbcore: registered new interface driver hub
[    0.206957] usbcore: registered new device driver usb
[    0.207760] omap_i2c 44e0b000.i2c: could not find pctldev for node /ocp/l4_wkup@44c00000/scm@210000/pinmux@800/pinmux_i2c0_pins, deferring probe
[    0.207812] omap_i2c 4802a000.i2c: could not find pctldev for node /ocp/l4_wkup@44c00000/scm@210000/pinmux@800/pinmux_i2c1_pins, deferring probe
[    0.208527] pps_core: LinuxPPS API ver. 1 registered
[    0.208536] pps_core: Software ver. 5.3.6 - Copyright 2005-2007 Rodolfo Giometti <giometti@linux.it>
[    0.208569] PTP clock support registered
[    0.208773] EDAC MC: Ver: 3.0.0
[    0.211781] clocksource: Switched to clocksource timer1
[    0.222467] NET: Registered protocol family 2
[    0.223137] TCP established hash table entries: 8192 (order: 3, 32768 bytes)
[    0.223224] TCP bind hash table entries: 8192 (order: 4, 65536 bytes)
[    0.223334] TCP: Hash tables configured (established 8192 bind 8192)
[    0.223439] UDP hash table entries: 512 (order: 2, 16384 bytes)
[    0.223467] UDP-Lite hash table entries: 512 (order: 2, 16384 bytes)
[    0.223635] NET: Registered protocol family 1
[    0.224062] RPC: Registered named UNIX socket transport module.
[    0.224074] RPC: Registered udp transport module.
[    0.224080] RPC: Registered tcp transport module.
[    0.224086] RPC: Registered tcp NFSv4.1 backchannel transport module.
[    0.225184] hw perfevents: enabled with armv7_cortex_a8 PMU driver, 5 counters available
[    0.227345] futex hash table entries: 256 (order: 2, 16384 bytes)
[    0.239631] squashfs: version 4.0 (2009/01/31) Phillip Lougher
[    0.240788] NFS: Registering the id_resolver key type
[    0.240871] Key type id_resolver registered
[    0.240879] Key type id_legacy registered
[    0.240948] ntfs: driver 2.1.32 [Flags: R/O].
[    0.242713] bounce: pool size: 64 pages
[    0.243001] Block layer SCSI generic (bsg) driver version 0.4 loaded (major 249)
[    0.243021] io scheduler noop registered
[    0.243034] io scheduler deadline registered
[    0.243071] io scheduler cfq registered (default)
[    0.247402] pinctrl-single 44e10800.pinmux: 142 pins at pa f9e10800 size 568
[    0.254957] backlight supply power not found, using dummy regulator
[    0.317706] Serial: 8250/16550 driver, 4 ports, IRQ sharing disabled
[    0.320821] SuperH (H)SCI(F) driver initialized
[    0.321668] msm_serial: driver initialized
[    0.322084] omap_uart 44e09000.serial: no wakeirq for uart0
[    0.322272] 44e09000.serial: ttyO0 at MMIO 0x44e09000 (irq = 158, base_baud = 3000000) is a OMAP UART0
[    1.002889] console [ttyO0] enabled
[    1.007151] omap_uart 48022000.serial: no wakeirq for uart1
[    1.013171] 48022000.serial: ttyO1 at MMIO 0x48022000 (irq = 159, base_baud = 3000000) is a OMAP UART1
[    1.023451] STMicroelectronics ASC driver initialized
[    1.030533] [drm] Initialized drm 1.1.0 20060810
[    1.050428] brd: module loaded
[    1.060212] loop: module loaded
[    1.071310] libphy: Fixed MDIO Bus: probed
[    1.076549] CAN device driver interface
[    1.082292] igb: Intel(R) Gigabit Ethernet Network Driver - version 5.3.0-k
[    1.089628] igb: Copyright (c) 2007-2014 Intel Corporation.
[    1.151865] davinci_mdio 4a101000.mdio: davinci mdio revision 1.6
[    1.158311] davinci_mdio 4a101000.mdio: detected phy mask fffffffe
[    1.165846] libphy: 4a101000.mdio: probed
[    1.170152] davinci_mdio 4a101000.mdio: phy[0]: device 4a101000.mdio:00, driver Atheros 8031 ethernet
[    1.181673] cpsw 4a100000.ethernet: Detected MACID = d0:ff:50:57:02:d9
[    1.190119] pegasus: v0.9.3 (2013/04/25), Pegasus/Pegasus II USB Ethernet driver
[    1.198093] usbcore: registered new interface driver pegasus
[    1.204144] usbcore: registered new interface driver asix
[    1.209885] usbcore: registered new interface driver ax88179_178a
[    1.216349] usbcore: registered new interface driver cdc_ether
[    1.222573] usbcore: registered new interface driver smsc75xx
[    1.228685] usbcore: registered new interface driver smsc95xx
[    1.234778] usbcore: registered new interface driver net1080
[    1.240777] usbcore: registered new interface driver cdc_subset
[    1.247053] usbcore: registered new interface driver zaurus
[    1.253018] usbcore: registered new interface driver cdc_ncm
[    1.260754] ehci_hcd: USB 2.0 'Enhanced' Host Controller (EHCI) Driver
[    1.267692] ehci-pci: EHCI PCI platform driver
[    1.272453] ehci-platform: EHCI generic platform driver
[    1.278186] ehci-omap: OMAP-EHCI Host Controller driver
[    1.283859] ehci-orion: EHCI orion driver
[    1.288232] SPEAr-ehci: EHCI SPEAr driver
[    1.292604] ehci-st: EHCI STMicroelectronics driver
[    1.297877] ehci-exynos: EHCI EXYNOS driver
[    1.302443] ehci-atmel: EHCI Atmel driver
[    1.306800] tegra-ehci: Tegra EHCI driver
[    1.311156] ohci_hcd: USB 1.1 'Open' Host Controller (OHCI) Driver
[    1.317708] ohci-pci: OHCI PCI platform driver
[    1.322464] ohci-platform: OHCI generic platform driver
[    1.328154] ohci-omap3: OHCI OMAP3 driver
[    1.332539] SPEAr-ohci: OHCI SPEAr driver
[    1.336914] ohci-st: OHCI STMicroelectronics driver
[    1.342204] ohci-atmel: OHCI Atmel driver
[    1.346964] usbcore: registered new interface driver usb-storage
[    1.354935] mousedev: PS/2 mouse device common for all mice
[    1.364617] i2c /dev entries driver
[    1.377299] sdhci: Secure Digital Host Controller Interface driver
[    1.383842] sdhci: Copyright(c) Pierre Ossman
[    1.389572] omap_hsmmc 48060000.mmc: Got CD GPIO
[    1.497892] Synopsys Designware Multimedia Card Interface Driver
[    1.505328] sdhci-pltfm: SDHCI platform and OF driver helper
[    1.513271] ledtrig-cpu: registered to indicate activity on CPUs
[    1.519905] usbcore: registered new interface driver usbhid
[    1.525783] usbhid: USB HID core driver
[    1.534697] NET: Registered protocol family 10
[    1.540821] sit: IPv6 over IPv4 tunneling driver
[    1.546544] NET: Registered protocol family 17
[    1.551279] can: controller area network core (rev 20120528 abi 9)
[    1.557866] NET: Registered protocol family 29
[    1.562553] can: raw protocol (rev 20120528)
[    1.567050] can: broadcast manager protocol (rev 20120528 t)
[    1.573009] can: netlink gateway (rev 20130117) max_hops=1
[    1.579472] Key type dns_resolver registered
[    1.584306] omap_voltage_late_init: Voltage driver support not added
[    1.592254] ThumbEE CPU extension supported.
[    1.596828] Registering SWP/SWPB emulation handler
[    1.607596] omap-gpmc 50000000.gpmc: omap_device: omap_device_enable() called from invalid state 1
[    1.617087] omap-gpmc 50000000.gpmc: use pm_runtime_put_sync_suspend() in driver?
[    1.624962] omap-gpmc 50000000.gpmc: GPMC revision 6.0
[    1.630368] gpmc_mem_init: disabling cs 0 mapped at 0x0-0x1000000
[    1.657001] tps65910 0-002d: No interrupt support, no core IRQ
[    1.687554] tps65910-rtc tps65910-rtc: IRQ is not free.
[    1.693103] tps65910-rtc: probe of tps65910-rtc failed with error -22
[    1.700788] omap_i2c 44e0b000.i2c: bus 0 rev0.11 at 400 kHz
[    1.709135] omap_i2c 4802a000.i2c: bus 1 rev0.11 at 100 kHz
[    1.716021] backlight supply power not found, using dummy regulator
[    1.725814] omap_hsmmc 48060000.mmc: Got CD GPIO
[    1.731228] vmmc: supplied by vbat
[    1.762896] vdd_mpu: supplied by vbat
[    1.767639] cpufreq: cpufreq_online: CPU0: Running at unlisted freq: 1000000 KHz
[    1.775923] cpufreq: cpufreq_online: CPU0: Unlisted initial frequency changed to: 720000 KHz
[    1.786184] backlight supply power not found, using dummy regulator
[    1.797440] input: volume_keys@0 as /devices/platform/volume_keys@0/input/input0
[    1.807983] hctosys: unable to open rtc device (rtc0)
[    1.819492] net eth0: initializing cpsw version 1.12 (0)
[    1.828301] backlight supply power not found, using dummy regulator
[    1.863953] mmc1: host does not support reading read-only switch, assuming write-enable
[    1.874363] mmc1: new high speed SDHC card at address 59b4
[    1.881020] mmcblk0: mmc1:59b4 NCard 7.51 GiB 
[    1.887510]  mmcblk0: p1 p2 p3
[    1.893088] Atheros 8031 ethernet 4a101000.mdio:00: attached PHY driver [Atheros 8031 ethernet] (mii_bus:phy_addr=4a101000.mdio:00, irq=-1)
[    1.906408] libphy: PHY 4a101000.mdio:01 not found
[    1.911475] net eth0: phy 4a101000.mdio:01 not found on slave 1
[    1.923282] IPv6: ADDRCONF(NETDEV_UP): eth0: link is not ready
[    1.930687] backlight supply power not found, using dummy regulator
[    5.892778] cpsw 4a100000.ethernet eth0: Link is Up - 1Gbps/Full - flow control rx/tx
[    5.901323] IPv6: ADDRCONF(NETDEV_CHANGE): eth0: link becomes ready
[    5.913276] Sending DHCP requests ., OK
[    6.277373] IP-Config: Got DHCP answer from 192.168.0.1, my address is 192.168.0.139
[    6.286007] IP-Config: Complete:
[    6.289525]      device=eth0, hwaddr=d0:ff:50:57:02:d9, ipaddr=192.168.0.139, mask=255.255.255.0, gw=192.168.0.1
[    6.300315]      host=192.168.0.139, domain=ti.com, nis-domain=(none)
[    6.307164]      bootserver=192.168.0.1, rootserver=192.168.0.1, rootpath=     nameserver0=192.0.2.2, nameserver1=192.0.2.3
[    6.319326] lis3_reg: disabling
[    6.322725] wlan-en-regulator: disabling
[    6.420169] EXT4-fs (mmcblk0p2): mounted filesystem with ordered data mode. Opts: (null)
[    6.428991] VFS: Mounted root (ext4 filesystem) on device 179:2.
[    6.445321] devtmpfs: mounted
[    6.452538] Freeing unused kernel memory: 1108K (c0e71000 - c0f86000)
INIT: version 2.88 booting
Error opening /dev/fb0: No such file or directory
Starting udev
[    7.200886] udevd[96]: starting version 182
[   11.972662] FAT-fs (mmcblk0p1): Volume was not properly unmounted. Some data may be corrupt. Please run fsck.
[   12.120072] EXT4-fs (mmcblk0p3): mounted filesystem without journal. Opts: (null)
depmod: ERROR: could not open directory /lib/modules/4.5.0-rc6-00002-g39da8d9226e9: No such file or directory
depmod: WARNING: -e needs -E or -F
depmod: ERROR: could not open directory /lib/modules/4.5.0-rc6-00002-g39da8d9226e9: No such file or directory
depmod: FATAL: could not search modules: No such file or directory
[   13.310455] EXT4-fs (mmcblk0p2): re-mounted. Opts: data=ordered
Starting Bootlog daemon: bootlogd.
[   13.461013] random: dd urandom read with 71 bits of entropy available
Populating dev cache
ALSA: Restoring mixer settings...
/usr/sbin/alsactl: load_state:1729: No soundcards found...
hwclock: can't open '/dev/misc/rtc': No such file or directory
Sun Feb 28 01:16:00 UTC 2016
hwclock: can't open '/dev/misc/rtc': No such file or directory
INIT: Entering runlevel: 5
Configuring network interfaces... udhcpc (v1.22.1) started
Sending discover...
Sending select for 192.168.0.252...
Lease of 192.168.0.252 obtained, lease time 7200
/etc/udhcpc.d/50default: Adding DNS 192.0.2.2
/etc/udhcpc.d/50default: Adding DNS 192.0.2.3
done.
Starting system message bus: dbus.
UIM SYSFS Node Not Found
Starting Dropbear SSH server: dropbear.
Starting telnet daemon.
Starting rpcbind daemon...done.
creating NFS state directory: done
starting statd: done
hwclock: can't open '/dev/misc/rtc': No such file or directory
Starting syslogd/klogd: done
Starting thttpd.
Starting Lighttpd Web Server: lighttpd.
2016-02-28 01:16:04: (/home/jenkins/tisdk-build/build-CORTEX_1/arago-tmp-external-linaro-toolchain/work/cortexa8t2hf-vfp-neon-linux-gnueabi/lighttpd/1.4.33-r1/lighttpd-1.4.33/src/log.c.166) server started 
Starting Matrix GUI application.
Enabling thermal zones...
/etc/rc5.d/S98thermal-zone-init: line 7: /sys/class/thermal/thermal_zone*/mode: No such file or directory
[   22.687362] random: nonblocking pool is initialized
***************************************************************
***************************************************************
NOTICE: This file system contains the followin GPLv3 packages:
	autoconf
	binutils
	cpp-symlinks
	cpp
	g++-symlinks
	g++
	gcc-symlinks
	gcc
	gdbserver
	gstreamer1.0-libav
	libgmp10
	libmpc3
	libmpfr4
	make
If you do not wish to distribute GPLv3 components please remove
the above packages prior to distribution.  This can be done using
the opkg remove command.  i.e.:
    opkg remove <package>
Where <package> is the name printed in the list above
NOTE: If the package is a dependency of another package you
      will be notified of the dependent packages.  You should
      use the --force-removal-of-dependent-packages option to
      also remove the dependent packages as well
***************************************************************
***************************************************************
Stopping Bootlog daemon: bootlogd.
 _____                    _____           _         _   
|  _  |___ ___ ___ ___   |  _  |___ ___  |_|___ ___| |_ 
|     |  _| .'| . | . |  |   __|  _| . | | | -_|  _|  _|
|__|__|_| |__,|_  |___|  |__|  |_| |___|_| |___|___|_|  
              |___|                    |___|            
Arago Project http://arago-project.org am335x-evm /dev/ttyO0
Arago 2015.05 am335x-evm /dev/ttyO0
am335x-evm login: 
- 02:24:47 [INFO] Host: root
- 02:24:47 [INFO] Target: 
root
root@am335x-evm:~# 
- 02:24:47 [INFO] Disconnected serial from am335x-evm
- 02:24:47 [INFO] Connected to am335x-evm via serial 
- 02:24:47 [INFO] Host: uname -a
- 02:24:47 [INFO] Target: 
uname -a
Linux am335x-evm 4.5.0-rc6-00002-g39da8d9226e9 #1 SMP Mon Feb 29 01:10:37 CST 2016 armv7l GNU/Linux
root@am335x-evm:~# 
- 02:24:47 [INFO] Host: cat /proc/cmdline
- 02:24:48 [INFO] Target: 
cat /proc/cmdline
console=ttyO0,115200n8 earlyprintk=serial,ttyO0,115200n8 rootwait   ip=:::::eth0:dhcp  root=PARTUUID=00000000-02 rw rootfstype=ext4 rootwait 
root@am335x-evm:~# 
- 02:24:48 [INFO] Host: uname -a
- 02:24:48 [INFO] Target: 
uname -a
Linux am335x-evm 4.5.0-rc6-00002-g39da8d9226e9 #1 SMP Mon Feb 29 01:10:37 CST 2016 armv7l GNU/Linux
root@am335x-evm:~# 
- 02:24:48 [INFO] Host: cat /proc/mtd
- 02:24:48 [INFO] Target: 
cat /proc/mtd
dev:    size   erasesize  name
root@am335x-evm:~# 
- 02:24:48 [INFO] Host: export IPERFHOST=192.168.0.1
- 02:24:48 [INFO] Target: 
export IPERFHOST=192.168.0.1
root@am335x-evm:~# 
- 02:24:48 [INFO] Host: export NFS_SERVER=192.168.0.1
- 02:24:48 [INFO] Target: 
export NFS_SERVER=192.168.0.1
root@am335x-evm:~# 
- 02:24:48 [INFO] Host: export NFS_ROOT_PATH=/home/tigtfarm04/NFS_exports/linux/am335x-evm
- 02:24:48 [INFO] Target: 
export NFS_ROOT_PATH=/home/tigtfarm04/NFS_exports/linux/am335 
x-evm
root@am335x-evm:~# 
- 02:24:48 [INFO] Host: export AP_SSID=
- 02:24:48 [INFO] Target: 
export AP_SSID=
root@am335x-evm:~# 
- 02:24:48 [INFO] Host: mkdir -p -m 777 /test
- 02:24:49 [INFO] Target: 
mkdir -p -m 777 /test
root@am335x-evm:~# 
- 02:24:49 [INFO] Host: cd /test
- 02:24:49 [INFO] Target: 
cd /test
root@am335x-evm:/test# 
- 02:24:49 [INFO] Host: cat > test.sh << EOF
- 02:24:49 [INFO] Target: 
cat > test.sh << EOF
- 02:24:49 [INFO] Host: failtest() {
- 02:24:49 [INFO] Target: 
failtest() {
- 02:24:49 [INFO] Host:   echo 1 >&3
- 02:24:49 [INFO] Target: 
  echo 1 >&3
- 02:24:49 [INFO] Host: }
- 02:24:49 [INFO] Target: 
- 02:24:49 [INFO] Host: timeout=600
- 02:24:49 [INFO] Target: 
timeout=600
- 02:24:49 [INFO] Host: 
- 02:24:49 [INFO] Target: 
- 02:24:49 [INFO] Host: # Start of user's script logic
- 02:24:49 [INFO] Target: 
# Start of user's script logic
- 02:24:49 [INFO] Host: mount -t proc proc /proc 2>/dev/null;
- 02:24:49 [INFO] Target: 
mount -t proc proc /proc 2>/dev/null;
- 02:24:49 [INFO] Host: 
- 02:24:50 [INFO] Target: 
- 02:24:50 [INFO] Host: mount -t sysfs sys /sys 2>/dev/null;
- 02:24:50 [INFO] Target: 
mount -t sysfs sys /sys 2>/dev/null;
- 02:24:50 [INFO] Host: 
- 02:24:50 [INFO] Target: 
- 02:24:50 [INFO] Host: mount -t debugfs none /sys/kernel/debug 2>/dev/null;
- 02:24:50 [INFO] Target: 
mount -t debugfs none /sys/kernel/debug 2>/dev/null;
- 02:24:50 [INFO] Host: 
- 02:24:50 [INFO] Target: 
- 02:24:50 [INFO] Host: echo 'cpuinfo:';cat /proc/cpuinfo; echo '=======';
- 02:24:50 [INFO] Target: 
echo 'cpuinfo:';cat /proc/cpuinfo; echo '=======';
- 02:24:50 [INFO] Host: 
- 02:24:50 [INFO] Target: 
- 02:24:50 [INFO] Host: echo 'soc info:';head /sys/devices/soc0/* 2>/dev/null; echo '=======';
- 02:24:50 [INFO] Target: 
echo 'soc info:';head /sys/devices/soc0/* 2>/dev/null; echo '=======';
- 02:24:50 [INFO] Host: 
- 02:24:50 [INFO] Target: 
- 02:24:50 [INFO] Host: echo 'DT Model info'; head /proc/device-tree/name /proc/device-tree/model /proc/device-tree/compatible 2>/dev/null;echo; echo '=======';
- 02:24:50 [INFO] Target: 
echo 'DT Model info'; head /proc/device-tree/name /proc/device-tree/model /pro 
c/device-tree/compatible 2>/dev/null;echo; echo '=======';
- 02:24:50 [INFO] Host: 
- 02:24:51 [INFO] Target: 
- 02:24:51 [INFO] Host: echo 'interrupts:';cat /proc/interrupts; echo '=======';
- 02:24:51 [INFO] Target: 
echo 'interrupts:';cat /proc/interrupts; echo '=======';
- 02:24:51 [INFO] Host: 
- 02:24:51 [INFO] Target: 
- 02:24:51 [INFO] Host: echo 'Clk_summary:';cat /sys/kernel/debug/clk/clk_summary; echo '=======';
- 02:24:51 [INFO] Target: 
echo 'Clk_summary:';cat /sys/kernel/debug/clk/clk_summary; echo '=======';
- 02:24:51 [INFO] Host: 
- 02:24:51 [INFO] Target: 
- 02:24:51 [INFO] Host: echo "Available frequencies"; cat /sys/devices/system/cpu/cpu0/cpufreq/scaling_available_frequencies 2>/dev/null;echo '=======';
- 02:24:51 [INFO] Target: 
echo "Available frequencies"; cat /sys/devices/system/cpu/cpu0/cpufreq/scaling 
_available_frequencies 2>/dev/null;echo '=======';
- 02:24:51 [INFO] Host: 
- 02:24:51 [INFO] Target: 
- 02:24:51 [INFO] Host: TMPF=/tmp/a.\$\$; TMPF2=/tmp/b.\$\$; STR=""
- 02:24:51 [INFO] Target: 
TMPF=/tmp/a.\$\$; TMPF2=/tmp/b.\$\$; STR=""
- 02:24:51 [INFO] Host: 
- 02:24:51 [INFO] Target: 
- 02:24:51 [INFO] Host: cp /dev/kmsg \$TMPF &
- 02:24:51 [INFO] Target: 
cp /dev/kmsg \$TMPF &
- 02:24:51 [INFO] Host: 
- 02:24:52 [INFO] Target: 
- 02:24:52 [INFO] Host: PID=\$! ; sleep 5; kill -9 \$PID
- 02:24:52 [INFO] Target: 
PID=\$! ; sleep 5; kill -9 \$PID
- 02:24:52 [INFO] Host: 
- 02:24:52 [INFO] Target: 
- 02:24:52 [INFO] Host: 
- 02:24:52 [INFO] Target: 
- 02:24:52 [INFO] Host: 
- 02:24:52 [INFO] Target: 
- 02:24:52 [INFO] Host: cat \$TMPF|grep "^0">\$TMPF2; N=\`cat \$TMPF2|wc -l\`; if [ "\$N" -ne 0 ]; then STR="\$STR emerg=\$N";echo "===== EMERGE++";cat \$TMPF2|cut -d ';' -f2;echo "====="; fi
- 02:24:52 [INFO] Target: 
cat \$TMPF|grep "^0">\$TMPF2; N=\`cat \$TMPF2|wc -l\`; if [ "\$N" -ne 0 ]; the 
n STR="\$STR emerg=\$N";echo "===== EMERGE++";cat \$TMPF2|cut -d ';' -f2;echo "= 
===="; fi
- 02:24:52 [INFO] Host: 
- 02:24:52 [INFO] Target: 
- 02:24:52 [INFO] Host: cat \$TMPF|grep "^1">\$TMPF2; N=\`cat \$TMPF2|wc -l\`; if [ "\$N" -ne 0 ]; then STR="\$STR alert=\$N";echo "===== ALERT ==";cat \$TMPF2|cut -d ';' -f2;echo "====="; fi
- 02:24:52 [INFO] Target: 
cat \$TMPF|grep "^1">\$TMPF2; N=\`cat \$TMPF2|wc -l\`; if [ "\$N" -ne 0 ]; the 
n STR="\$STR alert=\$N";echo "===== ALERT ==";cat \$TMPF2|cut -d ';' -f2;echo "= 
===="; fi
- 02:24:52 [INFO] Host: 
- 02:24:52 [INFO] Target: 
- 02:24:52 [INFO] Host: cat \$TMPF|grep "^2">\$TMPF2; N=\`cat \$TMPF2|wc -l\`; if [ "\$N" -ne 0 ]; then STR="\$STR crit=\$N";echo "===== CRIT ==";cat \$TMPF2|cut -d ';' -f2;echo "====="; fi
- 02:24:52 [INFO] Target: 
cat \$TMPF|grep "^2">\$TMPF2; N=\`cat \$TMPF2|wc -l\`; if [ "\$N" -ne 0 ]; the 
n STR="\$STR crit=\$N";echo "===== CRIT ==";cat \$TMPF2|cut -d ';' -f2;echo "=== 
=="; fi
- 02:24:52 [INFO] Host: 
- 02:24:53 [INFO] Target: 
- 02:24:53 [INFO] Host: cat \$TMPF|grep "^3">\$TMPF2; N=\`cat \$TMPF2|wc -l\`; if [ "\$N" -ne 0 ]; then STR="\$STR err=\$N";echo "===== ERR ==";cat \$TMPF2|cut -d ';' -f2;echo "=====" ;fi
- 02:24:53 [INFO] Target: 
cat \$TMPF|grep "^3">\$TMPF2; N=\`cat \$TMPF2|wc -l\`; if [ "\$N" -ne 0 ]; the 
n STR="\$STR err=\$N";echo "===== ERR ==";cat \$TMPF2|cut -d ';' -f2;echo "===== 
" ;fi
- 02:24:53 [INFO] Host: 
- 02:24:53 [INFO] Target: 
- 02:24:53 [INFO] Host: cat \$TMPF|grep "^4">\$TMPF2; N=\`cat \$TMPF2|wc -l\`; if [ "\$N" -ne 0 ]; then STR="\$STR warn=\$N";echo "===== WARN ==";cat \$TMPF2|cut -d ';' -f2;echo "=====" ;fi
- 02:24:53 [INFO] Target: 
cat \$TMPF|grep "^4">\$TMPF2; N=\`cat \$TMPF2|wc -l\`; if [ "\$N" -ne 0 ]; the 
n STR="\$STR warn=\$N";echo "===== WARN ==";cat \$TMPF2|cut -d ';' -f2;echo "=== 
==" ;fi
- 02:24:53 [INFO] Host: 
- 02:24:53 [INFO] Target: 
- 02:24:53 [INFO] Host: rm \$TMPF \$TMPF2; echo "SUM""MARY RESULT: BOOT:" 'PASS: H''ello World' 'B''oard' "Booted" "Boot Log has::::\$STR:"
- 02:24:53 [INFO] Target: 
rm \$TMPF \$TMPF2; echo "SUM""MARY RESULT: BOOT:" 'PASS: H''ello World' 'B''oa 
rd' "Booted" "Boot Log has::::\$STR:"
- 02:24:53 [INFO] Host: 
- 02:24:53 [INFO] Target: 
- 02:24:53 [INFO] Host: EOF
- 02:24:53 [INFO] Target: 
root@am335x-evm:/test# 
- 02:24:53 [INFO] Host: cd /test
- 02:24:53 [INFO] Target: 
cd /test
root@am335x-evm:/test# 
- 02:24:53 [INFO] Host: chmod +x test.sh
- 02:24:53 [INFO] Target: 
chmod +x test.sh
root@am335x-evm:/test# 
- 02:24:53 [INFO] Host: ./test.sh 2> stderr.log > stdout.log 3> result.log
- 02:24:59 [INFO] Target: 
./test.sh 2> stderr.log > stdout.log 3> result.log
root@am335x-evm:/test# 
- 02:24:59 [INFO] Host: echo $?
- 02:24:59 [INFO] Target: 
echo $?
root@am335x-evm:/test# 
- 02:24:59 [INFO] Host: cd /test
- 02:24:59 [INFO] Target: 
cd /test
root@am335x-evm:/test# 
- 02:24:59 [INFO] Host: cat stdout.log
- 02:25:00 [INFO] Target: 
cat stdout.log
cpuinfo:
processor	: 0
model name	: ARMv7 Processor rev 2 (v7l)
BogoMIPS	: 274.39
Features	: half thumb fastmult vfp edsp thumbee neon vfpv3 tls vfpd32 
CPU implementer	: 0x41
CPU architecture: 7
CPU variant	: 0x3
CPU part	: 0xc08
CPU revision	: 2
Hardware	: Generic AM33XX (Flattened Device Tree)
Revision	: 0000
Serial		: 0000000000000000
=======
soc info:
==> /sys/devices/soc0/family <==
AM33xx
==> /sys/devices/soc0/machine <==
AM335X
==> /sys/devices/soc0/power <==
==> /sys/devices/soc0/revision <==
ES2.1
==> /sys/devices/soc0/subsystem <==
==> /sys/devices/soc0/type <==
==> /sys/devices/soc0/uevent <==
=======
DT Model info
==> /proc/device-tree/name <==
==> /proc/device-tree/model <==
TI AM335x EVM
==> /proc/device-tree/compatible <==
ti,am335x-evmti,am33xx
=======
interrupts:
           CPU0       
 16:       4065      INTC  68 Level     gp_timer
 20:       2297      INTC  12 Level     49000000.edma_ccint
 22:         13      INTC  14 Level     49000000.edma_ccerrint
 26:          0      INTC  96 Level     44e07000.gpio
 29:          0  44e07000.gpio   2 Edge      volume-up
 30:          0  44e07000.gpio   3 Edge      volume-down
 33:          0  44e07000.gpio   6 Edge      48060000.mmc cd
 59:          0      INTC  98 Level     4804c000.gpio
 92:          0      INTC  32 Level     481ac000.gpio
125:          0      INTC  62 Level     481ae000.gpio
158:       8585      INTC  72 Level     OMAP UART0
160:        323      INTC  70 Level     44e0b000.i2c
161:          0      INTC  71 Level     4802a000.i2c
162:       6849      INTC  64 Level     mmc1
163:         13      INTC  29 Level     mmc0
174:         42      INTC  41 Level     4a100000.ethernet
175:         16      INTC  42 Level     4a100000.ethernet
180:          0      INTC 100 Level     gpmc
IPI0:          0  CPU wakeup interrupts
IPI1:          0  Timer broadcast interrupts
IPI2:          0  Rescheduling interrupts
IPI3:          0  Function call interrupts
IPI4:          0  CPU stop interrupts
IPI5:          0  IRQ work interrupts
IPI6:          0  completion interrupts
Err:          0
=======
Clk_summary:
   clock                         enable_cnt  prepare_cnt        rate   accuracy   phase
----------------------------------------------------------------------------------------
 tclkin_ck                                0            0    12000000          0 0  
 virt_26000000_ck                         0            0    26000000          0 0  
 virt_25000000_ck                         0            0    25000000          0 0  
 virt_24000000_ck                         1            1    24000000          0 0  
    sys_clkin_ck                          9           23    24000000          0 0  
       timer6_fck                         0            1    24000000          0 0  
       timer3_fck                         0            1    24000000          0 0  
       dbg_sysclk_ck                      0            1    24000000          0 0  
       timer7_fck                         0            1    24000000          0 0  
       timer5_fck                         0            1    24000000          0 0  
       timer4_fck                         0            1    24000000          0 0  
       timer2_fck                         1            1    24000000          0 0  
       timer1_fck                         1            1    24000000          0 0  
       cefuse_fck                         0            0    24000000          0 0  
       dpll_per_ck                        1            2   960000000          0 0  
          usbotg_fck                      0            1   960000000          0 0  
          dpll_per_m2_ck                  3            4   192000000          0 0  
             mmc_clk                      0            3    96000000          0 0  
             clk_24mhz                    1            1    24000000          0 0  
                clkdiv32k_ck              1            1       32786          0 0  
                   clkdiv32k_ick           1            5       32786          0 0  
                      wdt1_fck            0            1       32786          0 0  
                      gpio3_dbclk           0            2       32786          0 0  
                      gpio2_dbclk           0            2       32786          0 0  
                      gpio1_dbclk           0            2       32786          0 0  
             dpll_per_m2_div4_ck           1            9    48000000          0 0  
             dpll_per_m2_div4_wkupdm_ck           1            2    48000000          0 0  
       dpll_disp_ck                       0            1    24000000          0 0  
          dpll_disp_m2_ck                 0            1    24000000          0 0  
             lcd_gclk                     0            1    24000000          0 0  
       dpll_ddr_ck                        1            1   303000000          0 0  
          dpll_ddr_m2_ck                  2            2   303000000          0 0  
             dpll_ddr_m2_div2_ck           1            1   151500000          0 0  
       dpll_mpu_ck                        1            1   275000000          0 0  
          dpll_mpu_m2_ck                  4            4   275000000          0 0  
       dpll_core_ck                       1            1  1000000000          0 0  
          dpll_core_x2_ck                 2            2  2000000000          0 0  
             dpll_core_m6_ck              0            0   500000000          0 0  
             dpll_core_m5_ck              1            1   250000000          0 0  
                cpsw_cpts_rft_clk           0            0   250000000          0 0  
                cpsw_125mhz_gclk           3            3   125000000          0 0  
             dpll_core_m4_ck              9           11   200000000          0 0  
                dbg_clka_ck               0            2   200000000          0 0  
                   trace_pmd_clk_mux_ck           0            1   200000000          0 0  
                      trace_clk_div_ck           0            1    50000000          0 0  
                   stm_pmd_clock_mux_ck           0            0   200000000          0 0  
                      stm_clk_div_ck           0            0    50000000          0 0  
                gfx_fclk_clksel_ck           0            1   200000000          0 0  
                   gfx_fck_div_ck           0            1   200000000          0 0  
                sysclk_div_ck             0            0   200000000          0 0  
                l4hs_gclk                 2            2   200000000          0 0  
                l4_rtc_gclk               0            0   100000000          0 0  
                dpll_core_m4_div2_ck          16           17   100000000          0 0  
                   l4ls_gclk             42           59   100000000          0 0  
                      ehrpwm2_tbclk           0            0   100000000          0 0  
                      ehrpwm1_tbclk           0            0   100000000          0 0  
                      ehrpwm0_tbclk           0            0   100000000          0 0  
                   l4fw_gclk              1            1   100000000          0 0  
                   l3s_gclk               9           10   100000000          0 0  
                   ieee5000_fck           0            0   100000000          0 0  
                mmu_fck                   0            0   200000000          0 0  
                l3_gclk                  11           15   200000000          0 0  
                   pruss_ocp_gclk           0            1   200000000          0 0  
       rng_fck                            1            2    24000000          0 0  
       aes0_fck                           1            2    24000000          0 0  
       sha0_fck                           1            1    24000000          0 0  
       smartreflex1_fck                   0            1    24000000          0 0  
       smartreflex0_fck                   0            1    24000000          0 0  
       mcasp1_fck                         0            1    24000000          0 0  
       mcasp0_fck                         0            1    24000000          0 0  
       dcan1_fck                          0            1    24000000          0 0  
       dcan0_fck                          0            1    24000000          0 0  
       adc_tsc_fck                        0            1    24000000          0 0  
 virt_19200000_ck                         0            0    19200000          0 0  
 clk_rc32k_ck                             1            1       32000          0 0  
    gpio0_dbclk_mux_ck                    1            1       32000          0 0  
       gpio0_dbclk                        1            2       32000          0 0  
 clk_32768_ck                             1            2       32768          0 0  
    sysclkout_pre_ck                      1            1       32768          0 0  
       clkout2_div_ck                     1            1       32768          0 0  
          clkout2_ck                      1            1       32768          0 0  
=======
Available frequencies
275000 500000 600000 720000 
=======
===== ERR ==
omap_voltage_late_init: Voltage driver support not added
omap-gpmc 50000000.gpmc: use pm_runtime_put_sync_suspend() in driver?
tps65910-rtc tps65910-rtc: IRQ is not free.
libphy: PHY 4a101000.mdio:01 not found
net eth0: phy 4a101000.mdio:01 not found on slave 1
udevd[96]: starting version 182
=====
===== WARN ==
omap_hwmod: debugss: _wait_target_disable failed
omap4_sram_init:Unable to allocate sram needed to handle errata I688
omap4_sram_init:Unable to get sram pool needed to handle errata I688
backlight supply power not found, using dummy regulator
omap-gpmc 50000000.gpmc: omap_device: omap_device_enable() called from invalid state 1
gpmc_mem_init: disabling cs 0 mapped at 0x0-0x1000000
tps65910 0-002d: No interrupt support, no core IRQ
tps65910-rtc: probe of tps65910-rtc failed with error -22
backlight supply power not found, using dummy regulator
cpufreq: cpufreq_online: CPU0: Running at unlisted freq: 1000000 KHz
cpufreq: cpufreq_online: CPU0: Unlisted initial frequency changed to: 720000 KHz
backlight supply power not found, using dummy regulator
backlight supply power not found, using dummy regulator
mmc1: host does not support reading read-only switch, assuming write-enable
backlight supply power not found, using dummy regulator
FAT-fs (mmcblk0p1): Volume was not properly unmounted. Some data may be corrupt. Please run fsck.
=====
SUMMARY RESULT: BOOT: PASS: Hello World Board Booted Boot Log has:::: err=6 warn=16:
root@am335x-evm:/test# 
- 02:25:00 [INFO] Host: cat stderr.log
- 02:25:01 [INFO] Target: 
cat stderr.log
./test.sh: line 33:   744 Killed                  cp /dev/kmsg $TMPF
root@am335x-evm:/test# 
- 02:25:01 [INFO] Host: cat result.log
- 02:25:03 [ERROR] On command: cat result.log waiting for cat result.log.+?(?m-ix:^1[\0\n\r]+) >>> error: execution expired
- 02:25:03 [INFO] Target: 
cat result.log
root@am335x-evm:/test# 
- 02:25:03 [INFO] Host: cd /test
- 02:25:03 [INFO] Target: 
cd /test
root@am335x-evm:/test# 
URL:gtsystest.telogy.design.ti.com/vatf/tigitfarm04/tigitfarm04_vatf@am335x-evm/tigitfarm0402_29_2016_02_23_55/files/session_iteration_1/test_1
