- 07:01:35 [INFO] Starting target session
- 07:01:35 [INFO] Connected to am335x-evm via serial 
- 07:01:35 [INFO] Host: #check prompt
- 07:01:38 [ERROR] On command: #check prompt waiting for #check prompt.+?(?-mix:((?-mix:login:)|[Pp]assword)) >>> error: execution expired
- 07:01:38 [INFO] Target: 
- 07:01:38 [INFO] Host: #check prompt
- 07:01:40 [ERROR] On command: #check prompt waiting for #check prompt.+?(?-mix:root@.+[@:#]+) >>> error: execution expired
- 07:01:40 [INFO] Target: 
- 07:01:40 [INFO] Disconnected serial from am335x-evm
- 07:01:41 [INFO] Connected to am335x-evm via serial 
- 07:01:41 [INFO] Host: 
- 07:01:45 [INFO] Target: 
U-Boot SPL 2015.07 (Sep 17 2015 - 01:00:56)
reading args
spl_load_image_fat_os: error reading image args, err - -1
reading u-boot.img
reading u-boot.img
U-Boot 2015.07 (Sep 17 2015 - 01:00:56 -0400)
       Watchdog enabled
I2C:   ready
DRAM:  1 GiB
NAND:  256 MiB
MMC:   OMAP SD/MMC: 0, OMAP SD/MMC: 1
reading uboot.env
Net:   <ethaddr> not set. Validating first E-fuse MAC
cpsw, usb_ether
Hit any key to stop autoboot:  1  0 
U-Boot# 
U-Boot# 
U-Boot# 
U-Boot# 
U-Boot# 
U-Boot# 
U-Boot# 
U-Boot# 
U-Boot# 
U-Boot# 
U-Boot# 
U-Boot# 
U-Boot# 
U-Boot# 
U-Boot# 
U-Boot# 
U-Boot# 
- 07:01:45 [INFO] Host: 
- 07:01:45 [INFO] Target: 
U-Boot# 
U-Boot# 
- 07:01:45 [INFO] Host: version
- 07:01:45 [INFO] Target: 
version
U-Boot 2015.07 (Sep 17 2015 - 01:00:56 -0400)
arm-linux-gnueabihf-gcc (Linaro GCC 4.9-2015.05) 4.9.3 20150413 (prerelease)
GNU ld (GNU Binutils) Linaro 2014.11-3-git 2.24.0.20141017
U-Boot# 
- 07:01:45 [INFO] Host: setenv bootargs 'console=ttyO0,115200n8 earlyprintk rootwait  '
- 07:01:45 [INFO] Target: 
setenv bootargs 'console=ttyO0,115200n8 earlyprintk rootwait  '
U-Boot# 
- 07:01:45 [INFO] Host: setenv bootcmd  ''
- 07:01:45 [INFO] Target: 
setenv bootcmd  ''
U-Boot# 
- 07:01:45 [INFO] Host: setenv autoload 'no'
- 07:01:46 [INFO] Target: 
setenv autoload 'no'
U-Boot# 
- 07:01:46 [INFO] Host: setenv serverip '192.168.0.1'
- 07:01:46 [INFO] Target: 
setenv serverip '192.168.0.1'
U-Boot# 
- 07:01:46 [INFO] Host: printenv
- 07:01:46 [INFO] Target: 
printenv
arch=arm
args_mmc=run finduuid;setenv bootargs console=${console} ${optargs} root=PARTUUID=${uuid} rw rootfstype=${mmcrootfstype}
autoload=no
baudrate=115200
board=am335x
board_name=A33515BB
board_rev=1.5B
boot_fdt=try
bootargs=console=ttyO0,115200n8 earlyprintk rootwait  
bootcmd=
bootcount=1
bootdelay=1
bootdir=/boot
bootenv=uEnv.txt
bootfile=zImage
bootm_size=0x10000000
bootpart=0:2
bootscript=echo Running bootscript from mmc${mmcdev} ...; source ${loadaddr}
console=ttyO0,115200n8
cpu=armv7
dfu_alt_info_emmc=rawemmc raw 0 3751936
dfu_alt_info_mmc=boot part 0 1;rootfs part 0 2;MLO fat 0 1;MLO.raw raw 0x100 0x100;u-boot.img.raw raw 0x300 0x400;spl-os-args.raw raw 0x80 0x80;spl-os-image.raw raw 0x900 0x2000;spl-os-args fat 0 1;spl-os-image fat 0 1;u-boot.img fat 0 1;uEnv.txt fat 0 1
dfu_alt_info_nand=SPL part 0 1;SPL.backup1 part 0 2;SPL.backup2 part 0 3;SPL.backup3 part 0 4;u-boot part 0 5;u-boot-spl-os part 0 6;kernel part 0 8;rootfs part 0 9
dfu_alt_info_ram=kernel ram 0x80200000 0xD80000;fdt ram 0x80F80000 0x80000;ramdisk ram 0x81000000 0x4000000
eth1addr=c8:a0:30:a0:62:c0
ethact=cpsw
ethaddr=c8:a0:30:a0:62:be
fdt_addr_r=0x88000000
fdtaddr=0x88000000
fdtfile=undefined
findfdt=if test $board_name = A335BONE; then setenv fdtfile am335x-bone.dtb; fi; if test $board_name = A335BNLT; then setenv fdtfile am335x-boneblack.dtb; fi; if test $board_name = A33515BB; then setenv fdtfile am335x-evm.dtb; fi; if test $board_name = A335X_SK; then setenv fdtfile am335x-evmsk.dtb; fi; if test $fdtfile = undefined; then echo WARNING: Could not determine device tree to use; fi; 
finduuid=part uuid mmc 0:2 uuid
importbootenv=echo Importing environment from mmc ...; env import -t -r $loadaddr $filesize
kernel_addr_r=0x82000000
loadaddr=0x82000000
loadbootenv=load mmc ${mmcdev} ${loadaddr} ${bootenv}
loadbootscript=load mmc ${mmcdev} ${loadaddr} boot.scr
loadfdt=load mmc ${bootpart} ${fdtaddr} ${bootdir}/${fdtfile}
loadimage=load mmc ${bootpart} ${loadaddr} ${bootdir}/${bootfile}
loadramdisk=load mmc ${mmcdev} ${rdaddr} ramdisk.gz
mmcboot=mmc dev ${mmcdev}; if mmc rescan; then echo SD/MMC found on device ${mmcdev};if run loadbootscript; then run bootscript;else if run loadbootenv; then echo Loaded environment from ${bootenv};run importbootenv;fi;if test -n $uenvcmd; then echo Running uenvcmd ...;run uenvcmd;fi;if run loadimage; then run mmcloados;fi;fi ;fi;
mmcdev=0
mmcloados=run args_mmc; if test ${boot_fdt} = yes || test ${boot_fdt} = try; then if run loadfdt; then bootz ${loadaddr} - ${fdtaddr}; else if test ${boot_fdt} = try; then bootz; else echo WARN: Cannot load the DT; fi; fi; else bootz; fi;
mmcrootfstype=ext4 rootwait
mtdids=nand0=nand.0
mtdparts=mtdparts=nand.0:128k(NAND.SPL),128k(NAND.SPL.backup1),128k(NAND.SPL.backup2),128k(NAND.SPL.backup3),256k(NAND.u-boot-spl-os),1m(NAND.u-boot),128k(NAND.u-boot-env),128k(NAND.u-boot-env.backup1),8m(NAND.kernel),-(NAND.file-system)
nandargs=setenv bootargs console=${console} ${optargs} root=${nandroot} rootfstype=${nandrootfstype}
nandboot=echo Booting from nand ...; run nandargs; nand read ${fdtaddr} NAND.u-boot-spl-os; nand read ${loadaddr} NAND.kernel; bootz ${loadaddr} - ${fdtaddr}
nandroot=ubi0:rootfs rw ubi.mtd=NAND.file-system,2048
nandrootfstype=ubifs rootwait=1
netargs=setenv bootargs console=${console} ${optargs} root=/dev/nfs nfsroot=${serverip}:${rootpath},${nfsopts} rw ip=dhcp
netboot=echo Booting from network ...; setenv autoload no; dhcp; run netloadimage; run netloadfdt; run netargs; bootz ${loadaddr} - ${fdtaddr}
netloadfdt=tftp ${fdtaddr} ${fdtfile}
netloadimage=tftp ${loadaddr} ${bootfile}
nfsopts=nolock
partitions=uuid_disk=${uuid_gpt_disk};name=rootfs,start=2MiB,size=-,uuid=${uuid_gpt_rootfs}
ramargs=setenv bootargs console=${console} ${optargs} root=${ramroot} rootfstype=${ramrootfstype}
ramboot=echo Booting from ramdisk ...; run ramargs; bootz ${loadaddr} ${rdaddr} ${fdtaddr}
ramdisk_addr_r=0x88080000
ramroot=/dev/ram0 rw
ramrootfstype=ext2
rdaddr=0x88080000
rootpath=/export/rootfs
serverip=192.168.0.1
soc=am33xx
spiargs=setenv bootargs console=${console} ${optargs} root=${spiroot} rootfstype=${spirootfstype}
spiboot=echo Booting from spi ...; run spiargs; sf probe ${spibusno}:0; sf read ${loadaddr} ${spisrcaddr} ${spiimgsize}; bootz ${loadaddr}
spibusno=0
spiimgsize=0x362000
spiroot=/dev/mtdblock4 rw
spirootfstype=jffs2
spisrcaddr=0xe0000
static_ip=${ipaddr}:${serverip}:${gatewayip}:${netmask}:${hostname}::off
stderr=serial_omap
stdin=serial_omap
stdout=serial_omap
usbnet_devaddr=c8:a0:30:a0:62:c0
vendor=ti
ver=U-Boot 2015.07 (Sep 17 2015 - 01:00:56 -0400)
Environment size: 4755/131068 bytes
U-Boot# 
- 07:01:46 [INFO] Host: printenv
- 07:01:47 [INFO] Target: 
printenv
arch=arm
args_mmc=run finduuid;setenv bootargs console=${console} ${optargs} root=PARTUUID=${uuid} rw rootfstype=${mmcrootfstype}
autoload=no
baudrate=115200
board=am335x
board_name=A33515BB
board_rev=1.5B
boot_fdt=try
bootargs=console=ttyO0,115200n8 earlyprintk rootwait  
bootcmd=
bootcount=1
bootdelay=1
bootdir=/boot
bootenv=uEnv.txt
bootfile=zImage
bootm_size=0x10000000
bootpart=0:2
bootscript=echo Running bootscript from mmc${mmcdev} ...; source ${loadaddr}
console=ttyO0,115200n8
cpu=armv7
dfu_alt_info_emmc=rawemmc raw 0 3751936
dfu_alt_info_mmc=boot part 0 1;rootfs part 0 2;MLO fat 0 1;MLO.raw raw 0x100 0x100;u-boot.img.raw raw 0x300 0x400;spl-os-args.raw raw 0x80 0x80;spl-os-image.raw raw 0x900 0x2000;spl-os-args fat 0 1;spl-os-image fat 0 1;u-boot.img fat 0 1;uEnv.txt fat 0 1
dfu_alt_info_nand=SPL part 0 1;SPL.backup1 part 0 2;SPL.backup2 part 0 3;SPL.backup3 part 0 4;u-boot part 0 5;u-boot-spl-os part 0 6;kernel part 0 8;rootfs part 0 9
dfu_alt_info_ram=kernel ram 0x80200000 0xD80000;fdt ram 0x80F80000 0x80000;ramdisk ram 0x81000000 0x4000000
eth1addr=c8:a0:30:a0:62:c0
ethact=cpsw
ethaddr=c8:a0:30:a0:62:be
fdt_addr_r=0x88000000
fdtaddr=0x88000000
fdtfile=undefined
findfdt=if test $board_name = A335BONE; then setenv fdtfile am335x-bone.dtb; fi; if test $board_name = A335BNLT; then setenv fdtfile am335x-boneblack.dtb; fi; if test $board_name = A33515BB; then setenv fdtfile am335x-evm.dtb; fi; if test $board_name = A335X_SK; then setenv fdtfile am335x-evmsk.dtb; fi; if test $fdtfile = undefined; then echo WARNING: Could not determine device tree to use; fi; 
finduuid=part uuid mmc 0:2 uuid
importbootenv=echo Importing environment from mmc ...; env import -t -r $loadaddr $filesize
kernel_addr_r=0x82000000
loadaddr=0x82000000
loadbootenv=load mmc ${mmcdev} ${loadaddr} ${bootenv}
loadbootscript=load mmc ${mmcdev} ${loadaddr} boot.scr
loadfdt=load mmc ${bootpart} ${fdtaddr} ${bootdir}/${fdtfile}
loadimage=load mmc ${bootpart} ${loadaddr} ${bootdir}/${bootfile}
loadramdisk=load mmc ${mmcdev} ${rdaddr} ramdisk.gz
mmcboot=mmc dev ${mmcdev}; if mmc rescan; then echo SD/MMC found on device ${mmcdev};if run loadbootscript; then run bootscript;else if run loadbootenv; then echo Loaded environment from ${bootenv};run importbootenv;fi;if test -n $uenvcmd; then echo Running uenvcmd ...;run uenvcmd;fi;if run loadimage; then run mmcloados;fi;fi ;fi;
mmcdev=0
mmcloados=run args_mmc; if test ${boot_fdt} = yes || test ${boot_fdt} = try; then if run loadfdt; then bootz ${loadaddr} - ${fdtaddr}; else if test ${boot_fdt} = try; then bootz; else echo WARN: Cannot load the DT; fi; fi; else bootz; fi;
mmcrootfstype=ext4 rootwait
mtdids=nand0=nand.0
mtdparts=mtdparts=nand.0:128k(NAND.SPL),128k(NAND.SPL.backup1),128k(NAND.SPL.backup2),128k(NAND.SPL.backup3),256k(NAND.u-boot-spl-os),1m(NAND.u-boot),128k(NAND.u-boot-env),128k(NAND.u-boot-env.backup1),8m(NAND.kernel),-(NAND.file-system)
nandargs=setenv bootargs console=${console} ${optargs} root=${nandroot} rootfstype=${nandrootfstype}
nandboot=echo Booting from nand ...; run nandargs; nand read ${fdtaddr} NAND.u-boot-spl-os; nand read ${loadaddr} NAND.kernel; bootz ${loadaddr} - ${fdtaddr}
nandroot=ubi0:rootfs rw ubi.mtd=NAND.file-system,2048
nandrootfstype=ubifs rootwait=1
netargs=setenv bootargs console=${console} ${optargs} root=/dev/nfs nfsroot=${serverip}:${rootpath},${nfsopts} rw ip=dhcp
netboot=echo Booting from network ...; setenv autoload no; dhcp; run netloadimage; run netloadfdt; run netargs; bootz ${loadaddr} - ${fdtaddr}
netloadfdt=tftp ${fdtaddr} ${fdtfile}
netloadimage=tftp ${loadaddr} ${bootfile}
nfsopts=nolock
partitions=uuid_disk=${uuid_gpt_disk};name=rootfs,start=2MiB,size=-,uuid=${uuid_gpt_rootfs}
ramargs=setenv bootargs console=${console} ${optargs} root=${ramroot} rootfstype=${ramrootfstype}
ramboot=echo Booting from ramdisk ...; run ramargs; bootz ${loadaddr} ${rdaddr} ${fdtaddr}
ramdisk_addr_r=0x88080000
ramroot=/dev/ram0 rw
ramrootfstype=ext2
rdaddr=0x88080000
rootpath=/export/rootfs
serverip=192.168.0.1
soc=am33xx
spiargs=setenv bootargs console=${console} ${optargs} root=${spiroot} rootfstype=${spirootfstype}
spiboot=echo Booting from spi ...; run spiargs; sf probe ${spibusno}:0; sf read ${loadaddr} ${spisrcaddr} ${spiimgsize}; bootz ${loadaddr}
spibusno=0
spiimgsize=0x362000
spiroot=/dev/mtdblock4 rw
spirootfstype=jffs2
spisrcaddr=0xe0000
static_ip=${ipaddr}:${serverip}:${gatewayip}:${netmask}:${hostname}::off
stderr=serial_omap
stdin=serial_omap
stdout=serial_omap
usbnet_devaddr=c8:a0:30:a0:62:c0
vendor=ti
ver=U-Boot 2015.07 (Sep 17 2015 - 01:00:56 -0400)
Environment size: 4755/131068 bytes
U-Boot# 
- 07:01:47 [INFO] Host: setenv bootargs ''${bootargs}' ip=:::::eth0:dhcp '
- 07:01:47 [INFO] Target: 
setenv bootargs ''${bootargs}' ip=:::::eth0:dhcp '
U-Boot# 
- 07:01:47 [INFO] Host: setenv serverip '192.168.0.1'
- 07:01:47 [INFO] Target: 
setenv serverip '192.168.0.1'
U-Boot# 
- 07:01:47 [INFO] Host: setenv autoload 'no'
- 07:01:47 [INFO] Target: 
setenv autoload 'no'
U-Boot# 
- 07:01:47 [INFO] Host: dhcp
- 07:01:48 [INFO] Target: 
dhcp
cpsw Waiting for PHY auto negotiation to complete. done
link up on port 0, speed 1000, full duplex
BOOTP broadcast 1
BOOTP broadcast 2
BOOTP broadcast 3
DHCP client bound to address 192.168.0.111 (1036 ms)
U-Boot# 
- 07:01:48 [INFO] Host: tftp ${loadaddr} 192.168.0.1:vatf_am335x-evm/eb912fe42561d61eac0a0ce0c1f26a7e
- 07:01:49 [INFO] Target: 
tftp ${loadaddr} 192.168.0.1:vatf_am335x-evm/eb912fe42561d61eac0a0ce0c1f26a7e
link up on port 0, speed 1000, full duplex
Using cpsw device
TFTP from server 192.168.0.1; our IP address is 192.168.0.111
Filename 'vatf_am335x-evm/eb912fe42561d61eac0a0ce0c1f26a7e'.
Load address: 0x82000000
Loading: *#################################################################
	 #################################################################
	 #################################################################
	 #################################################################
	 #################################################################
	 #################################################################
	 ###############################################
	 6.6 MiB/s
done
Bytes transferred = 6401832 (61af28 hex)
U-Boot# 
- 07:01:49 [INFO] Host: tftp ${fdt_addr_r} 192.168.0.1:vatf_am335x-evm/21b86c499c68ccc4ea5b97a49490dcd3
- 07:01:49 [INFO] Target: 
tftp ${fdt_addr_r} 192.168.0.1:vatf_am335x-evm/21b86c499c68ccc4ea5b97a49490dcd3
link up on port 0, speed 1000, full duplex
Using cpsw device
TFTP from server 192.168.0.1; our IP address is 192.168.0.111
Filename 'vatf_am335x-evm/21b86c499c68ccc4ea5b97a49490dcd3'.
Load address: 0x88000000
Loading: *###
	 5.1 MiB/s
done
Bytes transferred = 37587 (92d3 hex)
U-Boot# 
- 07:01:49 [INFO] Host: ls mmc 0:1
- 07:01:50 [INFO] Target: 
ls mmc 0:1
    69400   mlo 
   373688   u-boot.img 
        4   ws-calibrate.rules 
       14   .ipaddr 
        0   pointercal 
   131072   uboot.env 
       33   primary_bootloader.md5 
       33   fs.md5 
8 file(s), 0 dir(s)
U-Boot# 
- 07:01:50 [INFO] Host: ls mmc 0:2
- 07:01:50 [INFO] Target: 
ls mmc 0:2
<DIR>       4096 .
<DIR>       4096 ..
<DIR>       4096 include
<DIR>       4096 srv
<DIR>       4096 home
<DIR>       4096 media
<DIR>       4096 opt
<DIR>       4096 var
<DIR>       4096 sys
<DIR>       4096 boot
<DIR>       4096 dev
<DIR>       4096 usr
<DIR>       4096 bin
<DIR>       4096 mnt
<DIR>       4096 etc
<DIR>       4096 sbin
<DIR>       4096 www
<SYM>          8 tmp
<DIR>       4096 proc
<DIR>       4096 run
<DIR>       4096 lib
<DIR>       4096 test
U-Boot# 
- 07:01:50 [INFO] Host: part uuid mmc 0:2
- 07:01:50 [INFO] Target: 
part uuid mmc 0:2
00000000-02
U-Boot# 
- 07:01:50 [INFO] Host: printenv
- 07:01:50 [INFO] Target: 
printenv
arch=arm
args_mmc=run finduuid;setenv bootargs console=${console} ${optargs} root=PARTUUID=${uuid} rw rootfstype=${mmcrootfstype}
autoload=no
baudrate=115200
board=am335x
board_name=A33515BB
board_rev=1.5B
boot_fdt=try
bootargs=console=ttyO0,115200n8 earlyprintk rootwait   ip=:::::eth0:dhcp 
bootcmd=
bootcount=1
bootdelay=1
bootdir=/boot
bootenv=uEnv.txt
bootfile=zImage
bootm_size=0x10000000
bootpart=0:2
bootscript=echo Running bootscript from mmc${mmcdev} ...; source ${loadaddr}
console=ttyO0,115200n8
cpu=armv7
dfu_alt_info_emmc=rawemmc raw 0 3751936
dfu_alt_info_mmc=boot part 0 1;rootfs part 0 2;MLO fat 0 1;MLO.raw raw 0x100 0x100;u-boot.img.raw raw 0x300 0x400;spl-os-args.raw raw 0x80 0x80;spl-os-image.raw raw 0x900 0x2000;spl-os-args fat 0 1;spl-os-image fat 0 1;u-boot.img fat 0 1;uEnv.txt fat 0 1
dfu_alt_info_nand=SPL part 0 1;SPL.backup1 part 0 2;SPL.backup2 part 0 3;SPL.backup3 part 0 4;u-boot part 0 5;u-boot-spl-os part 0 6;kernel part 0 8;rootfs part 0 9
dfu_alt_info_ram=kernel ram 0x80200000 0xD80000;fdt ram 0x80F80000 0x80000;ramdisk ram 0x81000000 0x4000000
dnsip=192.0.2.2
dnsip2=192.0.2.3
eth1addr=c8:a0:30:a0:62:c0
ethact=cpsw
ethaddr=c8:a0:30:a0:62:be
fdt_addr_r=0x88000000
fdtaddr=0x88000000
fdtfile=undefined
fileaddr=88000000
filesize=92d3
findfdt=if test $board_name = A335BONE; then setenv fdtfile am335x-bone.dtb; fi; if test $board_name = A335BNLT; then setenv fdtfile am335x-boneblack.dtb; fi; if test $board_name = A33515BB; then setenv fdtfile am335x-evm.dtb; fi; if test $board_name = A335X_SK; then setenv fdtfile am335x-evmsk.dtb; fi; if test $fdtfile = undefined; then echo WARNING: Could not determine device tree to use; fi; 
finduuid=part uuid mmc 0:2 uuid
gatewayip=192.168.0.1
importbootenv=echo Importing environment from mmc ...; env import -t -r $loadaddr $filesize
ipaddr=192.168.0.111
kernel_addr_r=0x82000000
loadaddr=0x82000000
loadbootenv=load mmc ${mmcdev} ${loadaddr} ${bootenv}
loadbootscript=load mmc ${mmcdev} ${loadaddr} boot.scr
loadfdt=load mmc ${bootpart} ${fdtaddr} ${bootdir}/${fdtfile}
loadimage=load mmc ${bootpart} ${loadaddr} ${bootdir}/${bootfile}
loadramdisk=load mmc ${mmcdev} ${rdaddr} ramdisk.gz
mmcboot=mmc dev ${mmcdev}; if mmc rescan; then echo SD/MMC found on device ${mmcdev};if run loadbootscript; then run bootscript;else if run loadbootenv; then echo Loaded environment from ${bootenv};run importbootenv;fi;if test -n $uenvcmd; then echo Running uenvcmd ...;run uenvcmd;fi;if run loadimage; then run mmcloados;fi;fi ;fi;
mmcdev=0
mmcloados=run args_mmc; if test ${boot_fdt} = yes || test ${boot_fdt} = try; then if run loadfdt; then bootz ${loadaddr} - ${fdtaddr}; else if test ${boot_fdt} = try; then bootz; else echo WARN: Cannot load the DT; fi; fi; else bootz; fi;
mmcrootfstype=ext4 rootwait
mtdids=nand0=nand.0
mtdparts=mtdparts=nand.0:128k(NAND.SPL),128k(NAND.SPL.backup1),128k(NAND.SPL.backup2),128k(NAND.SPL.backup3),256k(NAND.u-boot-spl-os),1m(NAND.u-boot),128k(NAND.u-boot-env),128k(NAND.u-boot-env.backup1),8m(NAND.kernel),-(NAND.file-system)
nandargs=setenv bootargs console=${console} ${optargs} root=${nandroot} rootfstype=${nandrootfstype}
nandboot=echo Booting from nand ...; run nandargs; nand read ${fdtaddr} NAND.u-boot-spl-os; nand read ${loadaddr} NAND.kernel; bootz ${loadaddr} - ${fdtaddr}
nandroot=ubi0:rootfs rw ubi.mtd=NAND.file-system,2048
nandrootfstype=ubifs rootwait=1
netargs=setenv bootargs console=${console} ${optargs} root=/dev/nfs nfsroot=${serverip}:${rootpath},${nfsopts} rw ip=dhcp
netboot=echo Booting from network ...; setenv autoload no; dhcp; run netloadimage; run netloadfdt; run netargs; bootz ${loadaddr} - ${fdtaddr}
netloadfdt=tftp ${fdtaddr} ${fdtfile}
netloadimage=tftp ${loadaddr} ${bootfile}
netmask=255.255.255.0
nfsopts=nolock
partitions=uuid_disk=${uuid_gpt_disk};name=rootfs,start=2MiB,size=-,uuid=${uuid_gpt_rootfs}
ramargs=setenv bootargs console=${console} ${optargs} root=${ramroot} rootfstype=${ramrootfstype}
ramboot=echo Booting from ramdisk ...; run ramargs; bootz ${loadaddr} ${rdaddr} ${fdtaddr}
ramdisk_addr_r=0x88080000
ramroot=/dev/ram0 rw
ramrootfstype=ext2
rdaddr=0x88080000
rootpath=/export/rootfs
serverip=192.168.0.1
soc=am33xx
spiargs=setenv bootargs console=${console} ${optargs} root=${spiroot} rootfstype=${spirootfstype}
spiboot=echo Booting from spi ...; run spiargs; sf probe ${spibusno}:0; sf read ${loadaddr} ${spisrcaddr} ${spiimgsize}; bootz ${loadaddr}
spibusno=0
spiimgsize=0x362000
spiroot=/dev/mtdblock4 rw
spirootfstype=jffs2
spisrcaddr=0xe0000
static_ip=${ipaddr}:${serverip}:${gatewayip}:${netmask}:${hostname}::off
stderr=serial_omap
stdin=serial_omap
stdout=serial_omap
usbnet_devaddr=c8:a0:30:a0:62:c0
vendor=ti
ver=U-Boot 2015.07 (Sep 17 2015 - 01:00:56 -0400)
Environment size: 4918/131068 bytes
U-Boot# 
- 07:01:50 [INFO] Host: setenv bootargs ''${bootargs}' root=/dev/mmcblk0p2 rw rootfstype=ext3 rootwait '
- 07:01:50 [INFO] Target: 
setenv bootargs ''${bootargs}' root=/dev/mmcblk0p2 rw rootfstype=ext3 rootwait '
U-Boot# 
- 07:01:50 [INFO] Host: printenv
- 07:01:51 [INFO] Target: 
printenv
arch=arm
args_mmc=run finduuid;setenv bootargs console=${console} ${optargs} root=PARTUUID=${uuid} rw rootfstype=${mmcrootfstype}
autoload=no
baudrate=115200
board=am335x
board_name=A33515BB
board_rev=1.5B
boot_fdt=try
bootargs=console=ttyO0,115200n8 earlyprintk rootwait   ip=:::::eth0:dhcp  root=/dev/mmcblk0p2 rw rootfstype=ext3 rootwait 
bootcmd=
bootcount=1
bootdelay=1
bootdir=/boot
bootenv=uEnv.txt
bootfile=zImage
bootm_size=0x10000000
bootpart=0:2
bootscript=echo Running bootscript from mmc${mmcdev} ...; source ${loadaddr}
console=ttyO0,115200n8
cpu=armv7
dfu_alt_info_emmc=rawemmc raw 0 3751936
dfu_alt_info_mmc=boot part 0 1;rootfs part 0 2;MLO fat 0 1;MLO.raw raw 0x100 0x100;u-boot.img.raw raw 0x300 0x400;spl-os-args.raw raw 0x80 0x80;spl-os-image.raw raw 0x900 0x2000;spl-os-args fat 0 1;spl-os-image fat 0 1;u-boot.img fat 0 1;uEnv.txt fat 0 1
dfu_alt_info_nand=SPL part 0 1;SPL.backup1 part 0 2;SPL.backup2 part 0 3;SPL.backup3 part 0 4;u-boot part 0 5;u-boot-spl-os part 0 6;kernel part 0 8;rootfs part 0 9
dfu_alt_info_ram=kernel ram 0x80200000 0xD80000;fdt ram 0x80F80000 0x80000;ramdisk ram 0x81000000 0x4000000
dnsip=192.0.2.2
dnsip2=192.0.2.3
eth1addr=c8:a0:30:a0:62:c0
ethact=cpsw
ethaddr=c8:a0:30:a0:62:be
fdt_addr_r=0x88000000
fdtaddr=0x88000000
fdtfile=undefined
fileaddr=88000000
filesize=92d3
findfdt=if test $board_name = A335BONE; then setenv fdtfile am335x-bone.dtb; fi; if test $board_name = A335BNLT; then setenv fdtfile am335x-boneblack.dtb; fi; if test $board_name = A33515BB; then setenv fdtfile am335x-evm.dtb; fi; if test $board_name = A335X_SK; then setenv fdtfile am335x-evmsk.dtb; fi; if test $fdtfile = undefined; then echo WARNING: Could not determine device tree to use; fi; 
finduuid=part uuid mmc 0:2 uuid
gatewayip=192.168.0.1
importbootenv=echo Importing environment from mmc ...; env import -t -r $loadaddr $filesize
ipaddr=192.168.0.111
kernel_addr_r=0x82000000
loadaddr=0x82000000
loadbootenv=load mmc ${mmcdev} ${loadaddr} ${bootenv}
loadbootscript=load mmc ${mmcdev} ${loadaddr} boot.scr
loadfdt=load mmc ${bootpart} ${fdtaddr} ${bootdir}/${fdtfile}
loadimage=load mmc ${bootpart} ${loadaddr} ${bootdir}/${bootfile}
loadramdisk=load mmc ${mmcdev} ${rdaddr} ramdisk.gz
mmcboot=mmc dev ${mmcdev}; if mmc rescan; then echo SD/MMC found on device ${mmcdev};if run loadbootscript; then run bootscript;else if run loadbootenv; then echo Loaded environment from ${bootenv};run importbootenv;fi;if test -n $uenvcmd; then echo Running uenvcmd ...;run uenvcmd;fi;if run loadimage; then run mmcloados;fi;fi ;fi;
mmcdev=0
mmcloados=run args_mmc; if test ${boot_fdt} = yes || test ${boot_fdt} = try; then if run loadfdt; then bootz ${loadaddr} - ${fdtaddr}; else if test ${boot_fdt} = try; then bootz; else echo WARN: Cannot load the DT; fi; fi; else bootz; fi;
mmcrootfstype=ext4 rootwait
mtdids=nand0=nand.0
mtdparts=mtdparts=nand.0:128k(NAND.SPL),128k(NAND.SPL.backup1),128k(NAND.SPL.backup2),128k(NAND.SPL.backup3),256k(NAND.u-boot-spl-os),1m(NAND.u-boot),128k(NAND.u-boot-env),128k(NAND.u-boot-env.backup1),8m(NAND.kernel),-(NAND.file-system)
nandargs=setenv bootargs console=${console} ${optargs} root=${nandroot} rootfstype=${nandrootfstype}
nandboot=echo Booting from nand ...; run nandargs; nand read ${fdtaddr} NAND.u-boot-spl-os; nand read ${loadaddr} NAND.kernel; bootz ${loadaddr} - ${fdtaddr}
nandroot=ubi0:rootfs rw ubi.mtd=NAND.file-system,2048
nandrootfstype=ubifs rootwait=1
netargs=setenv bootargs console=${console} ${optargs} root=/dev/nfs nfsroot=${serverip}:${rootpath},${nfsopts} rw ip=dhcp
netboot=echo Booting from network ...; setenv autoload no; dhcp; run netloadimage; run netloadfdt; run netargs; bootz ${loadaddr} - ${fdtaddr}
netloadfdt=tftp ${fdtaddr} ${fdtfile}
netloadimage=tftp ${loadaddr} ${bootfile}
netmask=255.255.255.0
nfsopts=nolock
partitions=uuid_disk=${uuid_gpt_disk};name=rootfs,start=2MiB,size=-,uuid=${uuid_gpt_rootfs}
ramargs=setenv bootargs console=${console} ${optargs} root=${ramroot} rootfstype=${ramrootfstype}
ramboot=echo Booting from ramdisk ...; run ramargs; bootz ${loadaddr} ${rdaddr} ${fdtaddr}
ramdisk_addr_r=0x88080000
ramroot=/dev/ram0 rw
ramrootfstype=ext2
rdaddr=0x88080000
rootpath=/export/rootfs
serverip=192.168.0.1
soc=am33xx
spiargs=setenv bootargs console=${console} ${optargs} root=${spiroot} rootfstype=${spirootfstype}
spiboot=echo Booting from spi ...; run spiargs; sf probe ${spibusno}:0; sf read ${loadaddr} ${spisrcaddr} ${spiimgsize}; bootz ${loadaddr}
spibusno=0
spiimgsize=0x362000
spiroot=/dev/mtdblock4 rw
spirootfstype=jffs2
spisrcaddr=0xe0000
static_ip=${ipaddr}:${serverip}:${gatewayip}:${netmask}:${hostname}::off
stderr=serial_omap
stdin=serial_omap
stdout=serial_omap
usbnet_devaddr=c8:a0:30:a0:62:c0
vendor=ti
ver=U-Boot 2015.07 (Sep 17 2015 - 01:00:56 -0400)
Environment size: 4967/131068 bytes
U-Boot# 
- 07:01:51 [INFO] Host: setenv bootcmd ''${bootcmd}' if iminfo ${loadaddr}; then bootm ${loadaddr} - ${fdt_addr_r}; else bootz ${loadaddr} - ${fdt_addr_r}; bootm ${loadaddr} - ${fdt_addr_r}; fi'
- 07:01:51 [INFO] Target: 
setenv bootcmd ''${bootcmd}' if iminfo ${loadaddr}; then bootm ${loadaddr} - ${fdt_addr_r}; else bootz ${loadaddr} - ${fdt_addr_r}; bootm ${loadaddr} - ${fdt_addr_r}; fi'
U-Boot# 
- 07:01:51 [INFO] Host: version
- 07:01:51 [INFO] Target: 
version
U-Boot 2015.07 (Sep 17 2015 - 01:00:56 -0400)
arm-linux-gnueabihf-gcc (Linaro GCC 4.9-2015.05) 4.9.3 20150413 (prerelease)
GNU ld (GNU Binutils) Linaro 2014.11-3-git 2.24.0.20141017
U-Boot# 
- 07:01:51 [INFO] Host: bdinfo
- 07:01:51 [INFO] Target: 
bdinfo
arch_number = 0x00000E05
boot_params = 0x80000100
DRAM bank   = 0x00000000
-> start    = 0x80000000
-> size     = 0x40000000
eth0name    = cpsw
ethaddr     = c8:a0:30:a0:62:be
eth1name    = usb_ether
eth1addr    = c8:a0:30:a0:62:c0
current eth = cpsw
ip_addr     = 192.168.0.111
baudrate    = 115200 bps
TLB addr    = 0xBFFF0000
relocaddr   = 0xBFF53000
reloc off   = 0x3F753000
irq_sp      = 0xBEF32EC0
sp start    = 0xBEF32EB0
U-Boot# 
- 07:01:51 [INFO] Host: mmc rescan; echo $?
- 07:01:51 [INFO] Target: 
mmc rescan; echo $?
U-Boot# 
- 07:01:51 [INFO] Host: fatwrite mmc ${mmcdev}:1 ${loadaddr} ws-calibrate.rules 4
- 07:01:51 [INFO] Target: 
fatwrite mmc ${mmcdev}:1 ${loadaddr} ws-calibrate.rules 4
writing ws-calibrate.rules
4 bytes written
U-Boot# 
- 07:01:51 [INFO] Host: boot
- 07:04:21 [ERROR] On command: boot waiting for boot.+?(?-mix:login:) >>> error: execution expired
- 07:04:22 [INFO] Target: 
boot
## Checking Image at 82000000 ...
Unknown image format!
Kernel image @ 0x82000000 [ 0x000000 - 0x61af28 ]
## Flattened Device Tree blob at 88000000
   Booting using the fdt blob at 0x88000000
   Loading Device Tree to 8fff3000, end 8ffff2d2 ... OK
Starting kernel ...
[    0.000000] Booting Linux on physical CPU 0x0
[    0.000000] Linux version 4.3.0-rc2-next-20150925-00002-gbb1ea95ab41a (nmenon@kahuna) (gcc version 4.6.3 (Ubuntu/Linaro 4.6.3-1ubuntu5) ) #1 SMP Mon Sep 28 06:01:22 CDT 2015
[    0.000000] CPU: ARMv7 Processor [413fc082] revision 2 (ARMv7), cr=10c5387d
[    0.000000] CPU: PIPT / VIPT nonaliasing data cache, VIPT aliasing instruction cache
[    0.000000] Machine model: TI AM335x EVM
[    0.000000] cma: Reserved 64 MiB at 0xbb800000
[    0.000000] Memory policy: Data cache writeback
[    0.000000] CPU: All CPU(s) started in SVC mode.
[    0.000000] AM335X ES2.1 (sgx neon )
[    0.000000] PERCPU: Embedded 12 pages/cpu @ef7ca000 s19200 r8192 d21760 u49152
[    0.000000] Built 1 zonelists in Zone order, mobility grouping on.  Total pages: 260096
[    0.000000] Kernel command line: console=ttyO0,115200n8 earlyprintk rootwait   ip=:::::eth0:dhcp  root=/dev/mmcblk0p2 rw rootfstype=ext3 rootwait 
[    0.000000] PID hash table entries: 4096 (order: 2, 16384 bytes)
[    0.000000] Dentry cache hash table entries: 131072 (order: 7, 524288 bytes)
[    0.000000] Inode-cache hash table entries: 65536 (order: 6, 262144 bytes)
[    0.000000] Memory: 957576K/1046528K available (8137K kernel code, 1020K rwdata, 3628K rodata, 1028K init, 340K bss, 23416K reserved, 65536K cma-reserved, 194560K highmem)
[    0.000000] Virtual kernel memory layout:
[    0.000000]     vector  : 0xffff0000 - 0xffff1000   (   4 kB)
[    0.000000]     fixmap  : 0xffc00000 - 0xfff00000   (3072 kB)
[    0.000000]     vmalloc : 0xf0800000 - 0xff800000   ( 240 MB)
[    0.000000]     lowmem  : 0xc0000000 - 0xf0000000   ( 768 MB)
[    0.000000]     pkmap   : 0xbfe00000 - 0xc0000000   (   2 MB)
[    0.000000]     modules : 0xbf000000 - 0xbfe00000   (  14 MB)
[    0.000000]       .text : 0xc0208000 - 0xc0d866b0   (11770 kB)
[    0.000000]       .init : 0xc0d87000 - 0xc0e88000   (1028 kB)
[    0.000000]       .data : 0xc0e88000 - 0xc0f87160   (1021 kB)
[    0.000000]        .bss : 0xc0f8a000 - 0xc0fdf2e0   ( 341 kB)
[    0.000000] SLUB: HWalign=64, Order=0-3, MinObjects=0, CPUs=1, Nodes=1
[    0.000000] Hierarchical RCU implementation.
[    0.000000] 	Build-time adjustment of leaf fanout to 32.
[    0.000000] 	RCU restricting CPUs from NR_CPUS=16 to nr_cpu_ids=1.
[    0.000000] RCU: Adjusting geometry for rcu_fanout_leaf=32, nr_cpu_ids=1
[    0.000000] NR_IRQS:16 nr_irqs:16 16
[    0.000000] IRQ: Found an INTC at 0xfa200000 (revision 5.0) with 128 interrupts
[    0.000000] OMAP clockevent source: timer2 at 24000000 Hz
[    0.000016] sched_clock: 32 bits at 24MHz, resolution 41ns, wraps every 89478484971ns
[    0.000036] clocksource: timer1: mask: 0xffffffff max_cycles: 0xffffffff, max_idle_ns: 79635851949 ns
[    0.000047] OMAP clocksource: timer1 at 24000000 Hz
[    0.000238] Console: colour dummy device 80x30
[    0.000274] Calibrating delay loop... 997.78 BogoMIPS (lpj=2494464)
[    0.054306] pid_max: default: 32768 minimum: 301
[    0.054447] Mount-cache hash table entries: 2048 (order: 1, 8192 bytes)
[    0.054460] Mountpoint-cache hash table entries: 2048 (order: 1, 8192 bytes)
[    0.055161] CPU: Testing write buffer coherency: ok
[    0.055532] CPU0: thread -1, cpu 0, socket -1, mpidr 0
[    0.055636] Setting up static identity map for 0x80209000 - 0x80209098
[    0.058946] Brought up 1 CPUs
[    0.058964] SMP: Total of 1 processors activated (997.78 BogoMIPS).
[    0.058972] CPU: All CPU(s) started in SVC mode.
[    0.060401] devtmpfs: initialized
[    0.071012] VFP support v0.3: implementor 41 architecture 3 part 30 variant c rev 3
[    0.082160] omap_hwmod: tptc0 using broken dt data from edma
[    0.082288] omap_hwmod: tptc1 using broken dt data from edma
[    0.082402] omap_hwmod: tptc2 using broken dt data from edma
[    0.087035] omap_hwmod: debugss: _wait_target_disable failed
[    0.141830] clocksource: jiffies: mask: 0xffffffff max_cycles: 0xffffffff, max_idle_ns: 9556302231375000 ns
[    0.146788] pinctrl core: initialized pinctrl subsystem
[    0.149106] NET: Registered protocol family 16
[    0.151332] DMA: preallocated 256 KiB pool for atomic coherent allocations
[    0.153139] cpuidle: using governor ladder
[    0.153158] cpuidle: using governor menu
[    0.157413] OMAP GPIO hardware version 0.1
[    0.165905] omap-gpmc 50000000.gpmc: could not find pctldev for node /ocp/l4_wkup@44c00000/scm@210000/pinmux@800/nandflash_pins_s0, deferring probe
[    0.169025] No ATAGs?
[    0.169052] hw-breakpoint: debug architecture 0x4 unsupported.
[    0.170595] omap4_sram_init:Unable to allocate sram needed to handle errata I688
[    0.170612] omap4_sram_init:Unable to get sram pool needed to handle errata I688
[    0.173362] Serial: AMBA PL011 UART driver
[    0.192978] edma-dma-engine edma-dma-engine.0: TI EDMA DMA engine driver
[    0.196793] vgaarb: loaded
[    0.197624] SCSI subsystem initialized
[    0.198280] usbcore: registered new interface driver usbfs
[    0.198351] usbcore: registered new interface driver hub
[    0.198431] usbcore: registered new device driver usb
[    0.199237] omap_i2c 44e0b000.i2c: could not find pctldev for node /ocp/l4_wkup@44c00000/scm@210000/pinmux@800/pinmux_i2c0_pins, deferring probe
[    0.199362] omap_i2c 4802a000.i2c: could not find pctldev for node /ocp/l4_wkup@44c00000/scm@210000/pinmux@800/pinmux_i2c1_pins, deferring probe
[    0.200074] pps_core: LinuxPPS API ver. 1 registered
[    0.200083] pps_core: Software ver. 5.3.6 - Copyright 2005-2007 Rodolfo Giometti <giometti@linux.it>
[    0.200112] PTP clock support registered
[    0.200322] EDAC MC: Ver: 3.0.0
[    0.203219] clocksource: Switched to clocksource timer1
[    0.214218] NET: Registered protocol family 2
[    0.214903] TCP established hash table entries: 8192 (order: 3, 32768 bytes)
[    0.214980] TCP bind hash table entries: 8192 (order: 4, 65536 bytes)
[    0.215090] TCP: Hash tables configured (established 8192 bind 8192)
[    0.215200] UDP hash table entries: 512 (order: 2, 16384 bytes)
[    0.215229] UDP-Lite hash table entries: 512 (order: 2, 16384 bytes)
[    0.215403] NET: Registered protocol family 1
[    0.215828] RPC: Registered named UNIX socket transport module.
[    0.215840] RPC: Registered udp transport module.
[    0.215846] RPC: Registered tcp transport module.
[    0.215853] RPC: Registered tcp NFSv4.1 backchannel transport module.
[    0.216896] hw perfevents: enabled with armv7_cortex_a8 PMU driver, 5 counters available
[    0.219037] futex hash table entries: 256 (order: 2, 16384 bytes)
[    0.231072] squashfs: version 4.0 (2009/01/31) Phillip Lougher
[    0.232123] NFS: Registering the id_resolver key type
[    0.232193] Key type id_resolver registered
[    0.232200] Key type id_legacy registered
[    0.232270] ntfs: driver 2.1.32 [Flags: R/O].
[    0.234067] bounce: pool size: 64 pages
[    0.234350] Block layer SCSI generic (bsg) driver version 0.4 loaded (major 249)
[    0.234370] io scheduler noop registered
[    0.234380] io scheduler deadline registered
[    0.234418] io scheduler cfq registered (default)
[    0.237913] pinctrl-single 44e10800.pinmux: 142 pins at pa f9e10800 size 568
[    0.244166] backlight supply power not found, using dummy regulator
[    0.306382] Serial: 8250/16550 driver, 4 ports, IRQ sharing disabled
[    0.309165] SuperH (H)SCI(F) driver initialized
[    0.309972] msm_serial: driver initialized
[    0.310577] omap_uart 44e09000.serial: no wakeirq for uart0
[    0.310764] 44e09000.serial: ttyO0 at MMIO 0x44e09000 (irq = 155, base_baud = 3000000) is a OMAP UART0
[    1.012173] console [ttyO0] enabled
[    1.016462] omap_uart 48022000.serial: no wakeirq for uart1
[    1.022491] 48022000.serial: ttyO1 at MMIO 0x48022000 (irq = 156, base_baud = 3000000) is a OMAP UART1
[    1.032766] STMicroelectronics ASC driver initialized
[    1.039726] [drm] Initialized drm 1.1.0 20060810
[    1.053690] loop: module loaded
[    1.063772] CAN device driver interface
[    1.068988] igb: Intel(R) Gigabit Ethernet Network Driver - version 5.3.0-k
[    1.076325] igb: Copyright (c) 2007-2014 Intel Corporation.
[    1.084599] pegasus: v0.9.3 (2013/04/25), Pegasus/Pegasus II USB Ethernet driver
[    1.092489] usbcore: registered new interface driver pegasus
[    1.098527] usbcore: registered new interface driver asix
[    1.104263] usbcore: registered new interface driver ax88179_178a
[    1.110723] usbcore: registered new interface driver cdc_ether
[    1.116925] usbcore: registered new interface driver smsc75xx
[    1.123037] usbcore: registered new interface driver smsc95xx
[    1.129140] usbcore: registered new interface driver net1080
[    1.135145] usbcore: registered new interface driver cdc_subset
[    1.141419] usbcore: registered new interface driver zaurus
[    1.147394] usbcore: registered new interface driver cdc_ncm
[    1.155147] ehci_hcd: USB 2.0 'Enhanced' Host Controller (EHCI) Driver
[    1.162062] ehci-pci: EHCI PCI platform driver
[    1.166805] ehci-platform: EHCI generic platform driver
[    1.172509] ehci-omap: OMAP-EHCI Host Controller driver
[    1.178153] ehci-orion: EHCI orion driver
[    1.182510] SPEAr-ehci: EHCI SPEAr driver
[    1.186861] ehci-st: EHCI STMicroelectronics driver
[    1.192121] ehci-exynos: EHCI EXYNOS driver
[    1.196664] ehci-atmel: EHCI Atmel driver
[    1.201014] tegra-ehci: Tegra EHCI driver
[    1.205376] ohci_hcd: USB 1.1 'Open' Host Controller (OHCI) Driver
[    1.211915] ohci-pci: OHCI PCI platform driver
[    1.216661] ohci-platform: OHCI generic platform driver
[    1.222321] ohci-omap3: OHCI OMAP3 driver
[    1.226677] SPEAr-ohci: OHCI SPEAr driver
[    1.231026] ohci-st: OHCI STMicroelectronics driver
[    1.236299] ohci-atmel: OHCI Atmel driver
[    1.240737] usbcore: registered new interface driver usb-storage
[    1.248575] mousedev: PS/2 mouse device common for all mice
[    1.258174] i2c /dev entries driver
[    1.268328] sdhci: Secure Digital Host Controller Interface driver
[    1.274845] sdhci: Copyright(c) Pierre Ossman
[    1.280447] omap_hsmmc 48060000.mmc: Got CD GPIO
[    1.389247] Synopsys Designware Multimedia Card Interface Driver
[    1.396539] sdhci-pltfm: SDHCI platform and OF driver helper
[    1.404018] ledtrig-cpu: registered to indicate activity on CPUs
[    1.410649] usbcore: registered new interface driver usbhid
[    1.416524] usbhid: USB HID core driver
[    1.424798] NET: Registered protocol family 10
[    1.430675] sit: IPv6 over IPv4 tunneling driver
[    1.436434] NET: Registered protocol family 17
[    1.441171] can: controller area network core (rev 20120528 abi 9)
[    1.447761] NET: Registered protocol family 29
[    1.452452] can: raw protocol (rev 20120528)
[    1.456950] can: broadcast manager protocol (rev 20120528 t)
[    1.462908] can: netlink gateway (rev 20130117) max_hops=1
[    1.469367] Key type dns_resolver registered
[    1.474167] omap_voltage_late_init: Voltage driver support not added
[    1.481921] ThumbEE CPU extension supported.
[    1.486506] Registering SWP/SWPB emulation handler
[    1.497283] omap-gpmc 50000000.gpmc: GPMC revision 6.0
[    1.502793] gpmc_mem_init: disabling cs 0 mapped at 0x0-0x1000000
[    1.510089] omap_hsmmc 47810000.mmc: card claims to support voltages below defined range
[    1.529333] mmc0: queuing unknown CIS tuple 0x91 (3 bytes)
[    1.536067] mmc0: new SDIO card at address 0001
[    1.542472] tps65910 0-002d: No interrupt support, no core IRQ
[    1.572864] tps65910-rtc tps65910-rtc: IRQ is not free.
[    1.578439] tps65910-rtc: probe of tps65910-rtc failed with error -22
[    1.586036] omap_i2c 44e0b000.i2c: bus 0 rev0.11 at 400 kHz
[    1.594344] omap_i2c 4802a000.i2c: bus 1 rev0.11 at 100 kHz
[    1.601058] backlight supply power not found, using dummy regulator
[    1.610565] omap_hsmmc 48060000.mmc: Got CD GPIO
[    1.615871] vmmc: supplied by vbat
[    1.649265] vdd_mpu: supplied by vbat
[    1.654030] cpufreq: cpufreq_online: CPU0: Running at unlisted freq: 1000000 KHz
[    1.662287] cpufreq: cpufreq_online: CPU0: Unlisted initial frequency changed to: 720000 KHz
[    1.672431] backlight supply power not found, using dummy regulator
[    1.738230] davinci_mdio 4a101000.mdio: davinci mdio revision 1.6
[    1.744684] davinci_mdio 4a101000.mdio: detected phy mask fffffffe
[    1.752255] libphy: 4a101000.mdio: probed
[    1.756551] davinci_mdio 4a101000.mdio: phy[0]: device 4a101000.mdio:00, driver Atheros 8031 ethernet
[    1.768307] cpsw 4a100000.ethernet: Detected MACID = c8:a0:30:a0:62:be
[    1.777931] input: volume_keys@0 as /devices/platform/volume_keys@0/input/input0
[    1.787245] backlight supply power not found, using dummy regulator
[    1.795796] hctosys: unable to open rtc device (rtc0)
[    1.807570] net eth0: initializing cpsw version 1.12 (0)
[    1.816214] backlight supply power not found, using dummy regulator
[    1.832916] mmc1: host does not support reading read-only switch, assuming write-enable
[    1.845287] mmc1: new high speed SDHC card at address e624
[    1.851936] mmcblk0: mmc1:e624 SD04G 3.69 GiB 
[    1.862205]  mmcblk0: p1 p2 p3
[    1.867656] backlight supply power not found, using dummy regulator
[    1.884002] net eth0: phy found : id is : 0x4dd074
[    1.889205] libphy: PHY 4a101000.mdio:01 not found
[    1.894262] net eth0: phy 4a101000.mdio:01 not found on slave 1
[    1.906103] IPv6: ADDRCONF(NETDEV_UP): eth0: link is not ready
[    5.884206] cpsw 4a100000.ethernet eth0: Link is Up - 1Gbps/Full - flow control rx/tx
[    5.892708] IPv6: ADDRCONF(NETDEV_CHANGE): eth0: link becomes ready
[    5.904652] Sending DHCP requests ., OK
[    5.918830] IP-Config: Got DHCP answer from 192.168.0.1, my address is 192.168.0.111
[    5.927504] IP-Config: Complete:
[    5.931026]      device=eth0, hwaddr=c8:a0:30:a0:62:be, ipaddr=192.168.0.111, mask=255.255.255.0, gw=192.168.0.1
[    5.941819]      host=192.168.0.111, domain=ti.com, nis-domain=(none)
[    5.948671]      bootserver=0.0.0.0, rootserver=0.0.0.0, rootpath=
[    5.955058]      nameserver0=192.0.2.2, nameserver1=192.0.2.3
[    5.961673] lis3_reg: disabling
[    5.965075] wlan-en-regulator: disabling
[    5.974010] EXT4-fs (mmcblk0p2): couldn't mount as ext3 due to feature incompatibilities
[    5.984562] EXT4-fs (mmcblk0p2): couldn't mount as ext3 due to feature incompatibilities
[    5.993447] List of all partitions:
[    5.997186] b300         3872256 mmcblk0  driver: mmcblk
[    6.002944]   b301           16064 mmcblk0p1 00000000-01
[    6.008658]   b302         2024190 mmcblk0p2 00000000-02
[    6.014336]   b303         1831410 mmcblk0p3 00000000-03
[    6.020001] No filesystem could mount root, tried:  ext3
[    6.025690] Kernel panic - not syncing: VFS: Unable to mount root fs on unknown-block(179,2)
[    6.034611] CPU: 0 PID: 1 Comm: swapper/0 Not tainted 4.3.0-rc2-next-20150925-00002-gbb1ea95ab41a #1
[    6.044241] Hardware name: Generic AM33XX (Flattened Device Tree)
[    6.050765] [<c0218364>] (unwind_backtrace) from [<c0213b04>] (show_stack+0x10/0x14)
[    6.058963] [<c0213b04>] (show_stack) from [<c047e390>] (dump_stack+0x70/0x8c)
[    6.066620] [<c047e390>] (dump_stack) from [<c02c8a44>] (panic+0x8c/0x220)
[    6.073906] [<c02c8a44>] (panic) from [<c0d881cc>] (mount_block_root+0x1f4/0x230)
[    6.081823] [<c0d881cc>] (mount_block_root) from [<c0d88300>] (mount_root+0xf8/0x11c)
[    6.090101] [<c0d88300>] (mount_root) from [<c0d8844c>] (prepare_namespace+0x128/0x18c)
[    6.098563] [<c0d8844c>] (prepare_namespace) from [<c0d87df8>] (kernel_init_freeable+0x1a0/0x1e8)
[    6.107949] [<c0d87df8>] (kernel_init_freeable) from [<c09adcd4>] (kernel_init+0x8/0xe4)
[    6.116507] [<c09adcd4>] (kernel_init) from [<c0210978>] (ret_from_fork+0x14/0x3c)
[    6.124515] ---[ end Kernel panic - not syncing: VFS: Unable to mount root fs on unknown-block(179,2)
[   41.273293] random: nonblocking pool is initialized
- 07:04:22 [INFO] Boot attempt 1/1 failed
URL:gtsystest.telogy.design.ti.com/vatf/tigtfarm08/tigtfarm08_vatf@am335x-evm/tigtfarm0809_28_2015_07_01_35/files/session_iteration_1/test_1
