- 06:52:03 [INFO] Starting target session
- 06:52:03 [INFO] Connected to am335x-sk via serial 
- 06:52:03 [INFO] Host: 
- 06:52:05 [ERROR] On command:  waiting for (?-mix:login:) >>> error: execution expired
- 06:52:05 [INFO] Target: 

root@am335x-evm:/test# 
- 06:52:05 [INFO] Host: 
- 06:52:06 [INFO] Target: 

root@am335x-evm:/test# 
- 06:52:06 [INFO] Host: sync;poweroff
- 06:52:26 [INFO] Target: 
sync;poweroff


Broadcast message from root@am335x-evm (ttyO0) (Sun May 11 20:43:11 2014):



The system is going down for system halt NOW!


INIT: Switching
INIT: root@am335x-evm:/test# Sending processes the TERM signal


INIT: Sending proceStopping Dropbear SSH server: stopped /usr/sbin/dropbear (pid 1136)
dropbear.
Stopping telnet daemon.
Stopping system message bus: Error opening /dev/fb0: No such file or directory
Stopping syslogd/klogd: stopped syslogd (pid 1148)
stopped klogd (pid 1151)
done
Stopping thttpd.
ALSA: Storing mixer settings...
/usr/sbin/alsactl: save_state:1580: No soundcards found...
Deconfiguring network interfaces... done.
Stopping Lighttpd Web Server: stopped /usr/sbin/lighttpd (pid 1164)
lighttpd.
/etc/rc0.d/K96am335x-pm-firmware-load: line 4: /sys/devices/ocp.2/44d00000.wkup_m3/firmware/am335x-pm-firmware.bin/loading: No such file or directory
/etc/rc0.d/K96am335x-pm-firmware-load: line 5: /sys/devices/ocp.2/44d00000.wkup_m3/firmware/am335x-pm-firmware.bin/data: No such file or directory
/etc/rc0.d/K96am335x-pm-firmware-load: line 6: /sys/devices/ocp.2/44d00000.wkup_m3/firmware/am335x-pm-firmware.bin/loading: No such file or directory
Stopping Matrix GUI applicationstart-stop-daemon: warning: killing process 1173: No such process
.
***************************************************************
***************************************************************
NOTICE: This file system contains the followin GPLv3 packages:
	binutils-symlinks
	binutils
	gdbserver

If you do not wish to distribute GPLv3 components please remove
the above packages prior to distribution.  This can be done using
the opkg remove command.  i.e.:
    opkg remove <package>
Where <package> is the name printed in the list above

NOTE: If the package is a dependency of another package you
      will be notified of the dependent packages.  You should
      use the --force-removal-of-dependent-packages option to
      also remove the dependent packages as well
***************************************************************
***************************************************************
Sending all processes the TERM signal...
Sending all processes the KILL signal...
Unmounting remote filesystems...
Deactivating swap...
Unmounting local filesystems...
[ 1191.801514] reboot: System halted

- 06:52:49 [INFO] Disconnected serial from am335x-sk
- 06:52:49 [INFO] Connected to am335x-sk via serial 
- 06:52:49 [INFO] Host: 
- 06:52:50 [INFO] Target: 
NAND:  0 MiB
MMC:   OMAP SD/MMC: 0, OMAP SD/MMC: 1
*** Error - No Valid Environment Area found
*** Warning - bad CRC, using default environment

Net:   <ethaddr> not set. Validating first E-fuse MAC
cpsw, usb_ether
Hit any key to stop autoboot:  3  0 
U-Boot# 
- 06:52:50 [INFO] Host: 
- 06:52:50 [INFO] Target: 

U-Boot# 
- 06:52:50 [INFO] Host: version
- 06:52:51 [INFO] Target: 
version

U-Boot 2013.10-g310aa48 (Dec 15 2013 - 22:31:18)
arm-linux-gnueabihf-gcc (crosstool-NG linaro-1.13.1-4.7-2013.03-20130313 - Linaro GCC 2013.03) 4.7.3 20130226 (prerelease)
GNU ld (crosstool-NG linaro-1.13.1-4.7-2013.03-20130313 - Linaro GCC 2013.03) 2.23.1
U-Boot# 
- 06:52:51 [INFO] Host: setenv bootargs 'console=ttyO0,115200n8 earlyprintk rootwait '
- 06:52:51 [INFO] Target: 
setenv bootargs 'console=ttyO0,115200n8 earlyprintk rootwait '
U-Boot# 
- 06:52:51 [INFO] Host: setenv bootcmd  ''
- 06:52:52 [INFO] Target: 
setenv bootcmd  ''
U-Boot# 
- 06:52:52 [INFO] Host: setenv autoload 'no'
- 06:52:52 [INFO] Target: 
setenv autoload 'no'
U-Boot# 
- 06:52:52 [INFO] Host: setenv serverip '192.168.0.1'
- 06:52:53 [INFO] Target: 
setenv serverip '192.168.0.1'
U-Boot# 
- 06:52:53 [INFO] Host: printenv
- 06:52:53 [INFO] Target: 
printenv
arch=arm
autoload=no
baudrate=115200
board=am335x
board_name=A335X_SK
board_rev=1.2C
boot_fdt=try
boot_targets= mmc0 nand 
bootargs=console=ttyO0,115200n8 earlyprintk rootwait 
bootcmd=
bootcmd_mmc0=setenv devnum 0; setenv rootpart 2; run mmc_boot;
bootcmd_nand=run nandboot;
bootdelay=3
bootdir=/boot
bootenv=uEnv.txt
bootfile=zImage
bootpart=0:2
console=ttyO0,115200n8
cpu=armv7
dfu_alt_info_emmc=rawemmc mmc 0 3751936
dfu_alt_info_mmc=boot part 0 1;rootfs part 0 2;MLO fat 0 1;MLO.raw mmc 100 100;u-boot.img.raw mmc 300 400;spl-os-args.raw mmc 80 80;spl-os-image.raw mmc 900 2000;spl-os-args fat 0 1;spl-os-image fat 0 1;u-boot.img fat 0 1;uEnv.txt fat 0 1
dfu_alt_info_nand=SPL part 0 1;SPL.backup1 part 0 2;SPL.backup2 part 0 3;SPL.backup3 part 0 4;u-boot part 0 5;u-boot-spl-os part 0 6;kernel part 0 8;rootfs part 0 9
dfu_alt_info_ram=kernel ram 0x80200000 0xD80000;fdt ram 0x80F80000 0x80000;ramdisk ram 0x81000000 0x4000000
eth1addr=c8:a0:30:a1:db:5a
ethact=cpsw
ethaddr=c8:a0:30:a1:db:58
fdt_high=0xa0000000
fdtaddr=0x80F80000
fdtfile=undefined
findfdt=if test $board_name = A335BONE; then setenv fdtfile am335x-bone.dtb; fi; if test $board_name = A335BNLT; then setenv fdtfile am335x-boneblack.dtb; fi; if test $board_name = A33515BB; then setenv fdtfile am335x-evm.dtb; fi; if test $board_name = A335X_SK; then setenv fdtfile am335x-evmsk.dtb; fi; if test $fdtfile = undefined; then echo WARNING: Could not determine device tree to use; fi; 
importbootenv=echo Importing environment from mmc ...; env import -t $loadaddr $filesize
loadaddr=0x80200000
loadbootenv=load mmc ${mmcdev} ${loadaddr} ${bootenv}
loadfdt=load mmc ${bootpart} ${fdtaddr} ${bootdir}/${fdtfile}
loadimage=load mmc ${bootpart} ${loadaddr} ${bootdir}/${bootfile}
loadramdisk=load mmc ${mmcdev} ${rdaddr} ramdisk.gz
mmc_boot=setenv devtype mmc; if mmc dev ${devnum}; then run mmcargs;run scan_boot; run mmcboot;setenv mmcdev 1; setenv bootpart 1:2; run mmcboot;fi
mmcargs=setenv bootargs console=${console} ${optargs} root=${mmcroot} rootfstype=${mmcrootfstype}
mmcboot=mmc dev ${mmcdev}; if mmc rescan; then echo SD/MMC found on device ${mmcdev};if run loadbootenv; then echo Loaded environment from ${bootenv};run importbootenv;fi;if test -n $uenvcmd; then echo Running uenvcmd ...;run uenvcmd;fi;if run loadimage; then run mmcloados;fi;fi;
mmcdev=0
mmcloados=run mmcargs; if test ${boot_fdt} = yes || test ${boot_fdt} = try; then if run loadfdt; then bootz ${loadaddr} - ${fdtaddr}; else if test ${boot_fdt} = try; then bootz; else echo WARN: Cannot load the DT; fi; fi; else bootz; fi;
mmcroot=/dev/mmcblk0p2 ro
mmcrootfstype=ext4 rootwait
mtdids=nand0=nand.0
mtdparts=mtdparts=nand.0:128k(SPL),128k(SPL.backup1),128k(SPL.backup2),640k(SPL.backup3),1m(u-boot),512k(u-boot-spl-os),256k(u-boot-env),256k(u-boot-env.backup1),5m(kernel),-(rootfs)
nandargs=setenv bootargs console=${console} ${optargs} root=${nandroot} rootfstype=${nandrootfstype}
nandboot=echo Booting from nand ...; run nandargs; nand read ${fdtaddr} u-boot-spl-os; nand read ${loadaddr} kernel; bootz ${loadaddr} - ${fdtaddr}
nandroot=ubi0:rootfs rw ubi.mtd=9,2048
nandrootfstype=ubifs rootwait=1
netargs=setenv bootargs console=${console} ${optargs} root=/dev/nfs nfsroot=${serverip}:${rootpath},${nfsopts} rw ip=dhcp
netboot=echo Booting from network ...; setenv autoload no; dhcp; tftp ${loadaddr} ${bootfile}; tftp ${fdtaddr} ${fdtfile}; run netargs; bootz ${loadaddr} - ${fdtaddr}
nfsopts=nolock
ramargs=setenv bootargs console=${console} ${optargs} root=${ramroot} rootfstype=${ramrootfstype}
ramboot=echo Booting from ramdisk ...; run ramargs; bootz ${loadaddr} ${rdaddr} ${fdtaddr}
ramroot=/dev/ram0 rw ramdisk_size=65536 initrd=${rdaddr},64M
ramrootfstype=ext2
rdaddr=0x81000000
rootpart=2
rootpath=/export/rootfs
scan_boot=echo Scanning ${devtype} ${devnum}...; for prefix in ${bootdir}; do for script in ${bootfile}; do run script_boot; done; done;
script_boot=if load ${devtype} ${devnum}:${rootpart} ${loadaddr} ${bootdir}/${bootfile}; then run findfdt; load ${devtype} ${devnum}:${rootpart} ${fdtaddr} ${bootdir}/${fdtfile};fi;
serverip=192.168.0.1
soc=am33xx
spiargs=setenv bootargs console=${console} ${optargs} root=${spiroot} rootfstype=${spirootfstype}
spiboot=echo Booting from spi ...; run spiargs; sf probe ${spibusno}:0; sf read ${loadaddr} ${spisrcaddr} ${spiimgsize}; bootz ${loadaddr}
spibusno=0
spiimgsize=0x362000
spiroot=/dev/mtdblock4 rw
spirootfstype=jffs2
spisrcaddr=0xe0000
static_ip=${ipaddr}:${serverip}:${gatewayip}:${netmask}:${hostname}::off
stderr=serial
stdin=serial
stdout=serial
usbnet_devaddr=c8:a0:30:a1:db:5a
vendor=ti
ver=U-Boot 2013.10-g310aa48 (Dec 15 2013 - 22:31:18)

Environment size: 4823/131067 bytes
U-Boot# 
- 06:52:53 [INFO] Host: printenv
- 06:52:54 [INFO] Target: 
printenv
arch=arm
autoload=no
baudrate=115200
board=am335x
board_name=A335X_SK
board_rev=1.2C
boot_fdt=try
boot_targets= mmc0 nand 
bootargs=console=ttyO0,115200n8 earlyprintk rootwait 
bootcmd=
bootcmd_mmc0=setenv devnum 0; setenv rootpart 2; run mmc_boot;
bootcmd_nand=run nandboot;
bootdelay=3
bootdir=/boot
bootenv=uEnv.txt
bootfile=zImage
bootpart=0:2
console=ttyO0,115200n8
cpu=armv7
dfu_alt_info_emmc=rawemmc mmc 0 3751936
dfu_alt_info_mmc=boot part 0 1;rootfs part 0 2;MLO fat 0 1;MLO.raw mmc 100 100;u-boot.img.raw mmc 300 400;spl-os-args.raw mmc 80 80;spl-os-image.raw mmc 900 2000;spl-os-args fat 0 1;spl-os-image fat 0 1;u-boot.img fat 0 1;uEnv.txt fat 0 1
dfu_alt_info_nand=SPL part 0 1;SPL.backup1 part 0 2;SPL.backup2 part 0 3;SPL.backup3 part 0 4;u-boot part 0 5;u-boot-spl-os part 0 6;kernel part 0 8;rootfs part 0 9
dfu_alt_info_ram=kernel ram 0x80200000 0xD80000;fdt ram 0x80F80000 0x80000;ramdisk ram 0x81000000 0x4000000
eth1addr=c8:a0:30:a1:db:5a
ethact=cpsw
ethaddr=c8:a0:30:a1:db:58
fdt_high=0xa0000000
fdtaddr=0x80F80000
fdtfile=undefined
findfdt=if test $board_name = A335BONE; then setenv fdtfile am335x-bone.dtb; fi; if test $board_name = A335BNLT; then setenv fdtfile am335x-boneblack.dtb; fi; if test $board_name = A33515BB; then setenv fdtfile am335x-evm.dtb; fi; if test $board_name = A335X_SK; then setenv fdtfile am335x-evmsk.dtb; fi; if test $fdtfile = undefined; then echo WARNING: Could not determine device tree to use; fi; 
importbootenv=echo Importing environment from mmc ...; env import -t $loadaddr $filesize
loadaddr=0x80200000
loadbootenv=load mmc ${mmcdev} ${loadaddr} ${bootenv}
loadfdt=load mmc ${bootpart} ${fdtaddr} ${bootdir}/${fdtfile}
loadimage=load mmc ${bootpart} ${loadaddr} ${bootdir}/${bootfile}
loadramdisk=load mmc ${mmcdev} ${rdaddr} ramdisk.gz
mmc_boot=setenv devtype mmc; if mmc dev ${devnum}; then run mmcargs;run scan_boot; run mmcboot;setenv mmcdev 1; setenv bootpart 1:2; run mmcboot;fi
mmcargs=setenv bootargs console=${console} ${optargs} root=${mmcroot} rootfstype=${mmcrootfstype}
mmcboot=mmc dev ${mmcdev}; if mmc rescan; then echo SD/MMC found on device ${mmcdev};if run loadbootenv; then echo Loaded environment from ${bootenv};run importbootenv;fi;if test -n $uenvcmd; then echo Running uenvcmd ...;run uenvcmd;fi;if run loadimage; then run mmcloados;fi;fi;
mmcdev=0
mmcloados=run mmcargs; if test ${boot_fdt} = yes || test ${boot_fdt} = try; then if run loadfdt; then bootz ${loadaddr} - ${fdtaddr}; else if test ${boot_fdt} = try; then bootz; else echo WARN: Cannot load the DT; fi; fi; else bootz; fi;
mmcroot=/dev/mmcblk0p2 ro
mmcrootfstype=ext4 rootwait
mtdids=nand0=nand.0
mtdparts=mtdparts=nand.0:128k(SPL),128k(SPL.backup1),128k(SPL.backup2),640k(SPL.backup3),1m(u-boot),512k(u-boot-spl-os),256k(u-boot-env),256k(u-boot-env.backup1),5m(kernel),-(rootfs)
nandargs=setenv bootargs console=${console} ${optargs} root=${nandroot} rootfstype=${nandrootfstype}
nandboot=echo Booting from nand ...; run nandargs; nand read ${fdtaddr} u-boot-spl-os; nand read ${loadaddr} kernel; bootz ${loadaddr} - ${fdtaddr}
nandroot=ubi0:rootfs rw ubi.mtd=9,2048
nandrootfstype=ubifs rootwait=1
netargs=setenv bootargs console=${console} ${optargs} root=/dev/nfs nfsroot=${serverip}:${rootpath},${nfsopts} rw ip=dhcp
netboot=echo Booting from network ...; setenv autoload no; dhcp; tftp ${loadaddr} ${bootfile}; tftp ${fdtaddr} ${fdtfile}; run netargs; bootz ${loadaddr} - ${fdtaddr}
nfsopts=nolock
ramargs=setenv bootargs console=${console} ${optargs} root=${ramroot} rootfstype=${ramrootfstype}
ramboot=echo Booting from ramdisk ...; run ramargs; bootz ${loadaddr} ${rdaddr} ${fdtaddr}
ramroot=/dev/ram0 rw ramdisk_size=65536 initrd=${rdaddr},64M
ramrootfstype=ext2
rdaddr=0x81000000
rootpart=2
rootpath=/export/rootfs
scan_boot=echo Scanning ${devtype} ${devnum}...; for prefix in ${bootdir}; do for script in ${bootfile}; do run script_boot; done; done;
script_boot=if load ${devtype} ${devnum}:${rootpart} ${loadaddr} ${bootdir}/${bootfile}; then run findfdt; load ${devtype} ${devnum}:${rootpart} ${fdtaddr} ${bootdir}/${fdtfile};fi;
serverip=192.168.0.1
soc=am33xx
spiargs=setenv bootargs console=${console} ${optargs} root=${spiroot} rootfstype=${spirootfstype}
spiboot=echo Booting from spi ...; run spiargs; sf probe ${spibusno}:0; sf read ${loadaddr} ${spisrcaddr} ${spiimgsize}; bootz ${loadaddr}
spibusno=0
spiimgsize=0x362000
spiroot=/dev/mtdblock4 rw
spirootfstype=jffs2
spisrcaddr=0xe0000
static_ip=${ipaddr}:${serverip}:${gatewayip}:${netmask}:${hostname}::off
stderr=serial
stdin=serial
stdout=serial
usbnet_devaddr=c8:a0:30:a1:db:5a
vendor=ti
ver=U-Boot 2013.10-g310aa48 (Dec 15 2013 - 22:31:18)

Environment size: 4823/131067 bytes
U-Boot# 
- 06:52:54 [INFO] Host: setenv bootargs ''${bootargs}' ip=dhcp '
- 06:52:54 [INFO] Target: 
setenv bootargs ''${bootargs}' ip=dhcp '
U-Boot# 
- 06:52:54 [INFO] Host: setenv ipaddr dhcp
- 06:52:55 [INFO] Target: 
setenv ipaddr dhcp
U-Boot# 
- 06:52:55 [INFO] Host: dhcp
- 06:52:56 [INFO] Target: 
dhcp
link up on port 0, speed 1000, full duplex
BOOTP broadcast 1
DHCP client bound to address 192.168.0.154
U-Boot# 
- 06:52:56 [INFO] Host: setenv serverip '192.168.0.1'
- 06:52:57 [INFO] Target: 
setenv serverip '192.168.0.1'
U-Boot# 
- 06:52:57 [INFO] Host: tftp ${loadaddr} 192.168.0.1:vatf_am335x-sk/259d9b61bed439f5adac08133d96f8b6
- 06:52:58 [INFO] Target: 
tftp ${loadaddr} 192.168.0.1:vatf_am335x-sk/259d9b61bed439f5adac08133d96f8b6
link up on port 0, speed 1000, full duplex
Using cpsw device
TFTP from server 192.168.0.1; our IP address is 192.168.0.154
Filename 'vatf_am335x-sk/259d9b61bed439f5adac08133d96f8b6'.
Load address: 0x80200000
Loading: *#################################################################
	 #################################################################
	 #################################################################
	 #################################################################
	 ###########################################################
	 9.2 MiB/s
done
Bytes transferred = 4678768 (476470 hex)
U-Boot# 
- 06:52:58 [INFO] Host: tftp ${fdtaddr} 192.168.0.1:vatf_am335x-sk/aaa2c4bcd0c125e66b4ca1a922e1e942
- 06:52:58 [INFO] Target: 
tftp ${fdtaddr} 192.168.0.1:vatf_am335x-sk/aaa2c4bcd0c125e66b4ca1a922e1e942
link up on port 0, speed 1000, full duplex
Using cpsw device
TFTP from server 192.168.0.1; our IP address is 192.168.0.154
Filename 'vatf_am335x-sk/aaa2c4bcd0c125e66b4ca1a922e1e942'.
Load address: 0x80f80000
Loading: *###
	 6.3 MiB/s
done
Bytes transferred = 33011 (80f3 hex)
U-Boot# 
- 06:52:58 [INFO] Host: printenv
- 06:52:59 [INFO] Target: 
printenv
arch=arm
autoload=no
baudrate=115200
board=am335x
board_name=A335X_SK
board_rev=1.2C
boot_fdt=try
boot_targets= mmc0 nand 
bootargs=console=ttyO0,115200n8 earlyprintk rootwait ip=dhcp
bootcmd=
bootcmd_mmc0=setenv devnum 0; setenv rootpart 2; run mmc_boot;
bootcmd_nand=run nandboot;
bootdelay=3
bootdir=/boot
bootenv=uEnv.txt
bootfile=zImage
bootpart=0:2
console=ttyO0,115200n8
cpu=armv7
dfu_alt_info_emmc=rawemmc mmc 0 3751936
dfu_alt_info_mmc=boot part 0 1;rootfs part 0 2;MLO fat 0 1;MLO.raw mmc 100 100;u-boot.img.raw mmc 300 400;spl-os-args.raw mmc 80 80;spl-os-image.raw mmc 900 2000;spl-os-args fat 0 1;spl-os-image fat 0 1;u-boot.img fat 0 1;uEnv.txt fat 0 1
dfu_alt_info_nand=SPL part 0 1;SPL.backup1 part 0 2;SPL.backup2 part 0 3;SPL.backup3 part 0 4;u-boot part 0 5;u-boot-spl-os part 0 6;kernel part 0 8;rootfs part 0 9
dfu_alt_info_ram=kernel ram 0x80200000 0xD80000;fdt ram 0x80F80000 0x80000;ramdisk ram 0x81000000 0x4000000
dnsip=192.0.2.2
dnsip2=192.0.2.3
eth1addr=c8:a0:30:a1:db:5a
ethact=cpsw
ethaddr=c8:a0:30:a1:db:58
fdt_high=0xa0000000
fdtaddr=0x80F80000
fdtfile=undefined
fileaddr=80f80000
filesize=80f3
findfdt=if test $board_name = A335BONE; then setenv fdtfile am335x-bone.dtb; fi; if test $board_name = A335BNLT; then setenv fdtfile am335x-boneblack.dtb; fi; if test $board_name = A33515BB; then setenv fdtfile am335x-evm.dtb; fi; if test $board_name = A335X_SK; then setenv fdtfile am335x-evmsk.dtb; fi; if test $fdtfile = undefined; then echo WARNING: Could not determine device tree to use; fi; 
gatewayip=192.168.0.1
importbootenv=echo Importing environment from mmc ...; env import -t $loadaddr $filesize
ipaddr=192.168.0.154
loadaddr=0x80200000
loadbootenv=load mmc ${mmcdev} ${loadaddr} ${bootenv}
loadfdt=load mmc ${bootpart} ${fdtaddr} ${bootdir}/${fdtfile}
loadimage=load mmc ${bootpart} ${loadaddr} ${bootdir}/${bootfile}
loadramdisk=load mmc ${mmcdev} ${rdaddr} ramdisk.gz
mmc_boot=setenv devtype mmc; if mmc dev ${devnum}; then run mmcargs;run scan_boot; run mmcboot;setenv mmcdev 1; setenv bootpart 1:2; run mmcboot;fi
mmcargs=setenv bootargs console=${console} ${optargs} root=${mmcroot} rootfstype=${mmcrootfstype}
mmcboot=mmc dev ${mmcdev}; if mmc rescan; then echo SD/MMC found on device ${mmcdev};if run loadbootenv; then echo Loaded environment from ${bootenv};run importbootenv;fi;if test -n $uenvcmd; then echo Running uenvcmd ...;run uenvcmd;fi;if run loadimage; then run mmcloados;fi;fi;
mmcdev=0
mmcloados=run mmcargs; if test ${boot_fdt} = yes || test ${boot_fdt} = try; then if run loadfdt; then bootz ${loadaddr} - ${fdtaddr}; else if test ${boot_fdt} = try; then bootz; else echo WARN: Cannot load the DT; fi; fi; else bootz; fi;
mmcroot=/dev/mmcblk0p2 ro
mmcrootfstype=ext4 rootwait
mtdids=nand0=nand.0
mtdparts=mtdparts=nand.0:128k(SPL),128k(SPL.backup1),128k(SPL.backup2),640k(SPL.backup3),1m(u-boot),512k(u-boot-spl-os),256k(u-boot-env),256k(u-boot-env.backup1),5m(kernel),-(rootfs)
nandargs=setenv bootargs console=${console} ${optargs} root=${nandroot} rootfstype=${nandrootfstype}
nandboot=echo Booting from nand ...; run nandargs; nand read ${fdtaddr} u-boot-spl-os; nand read ${loadaddr} kernel; bootz ${loadaddr} - ${fdtaddr}
nandroot=ubi0:rootfs rw ubi.mtd=9,2048
nandrootfstype=ubifs rootwait=1
netargs=setenv bootargs console=${console} ${optargs} root=/dev/nfs nfsroot=${serverip}:${rootpath},${nfsopts} rw ip=dhcp
netboot=echo Booting from network ...; setenv autoload no; dhcp; tftp ${loadaddr} ${bootfile}; tftp ${fdtaddr} ${fdtfile}; run netargs; bootz ${loadaddr} - ${fdtaddr}
netmask=255.255.255.0
nfsopts=nolock
ramargs=setenv bootargs console=${console} ${optargs} root=${ramroot} rootfstype=${ramrootfstype}
ramboot=echo Booting from ramdisk ...; run ramargs; bootz ${loadaddr} ${rdaddr} ${fdtaddr}
ramroot=/dev/ram0 rw ramdisk_size=65536 initrd=${rdaddr},64M
ramrootfstype=ext2
rdaddr=0x81000000
rootpart=2
rootpath=/export/rootfs
scan_boot=echo Scanning ${devtype} ${devnum}...; for prefix in ${bootdir}; do for script in ${bootfile}; do run script_boot; done; done;
script_boot=if load ${devtype} ${devnum}:${rootpart} ${loadaddr} ${bootdir}/${bootfile}; then run findfdt; load ${devtype} ${devnum}:${rootpart} ${fdtaddr} ${bootdir}/${fdtfile};fi;
serverip=192.168.0.1
soc=am33xx
spiargs=setenv bootargs console=${console} ${optargs} root=${spiroot} rootfstype=${spirootfstype}
spiboot=echo Booting from spi ...; run spiargs; sf probe ${spibusno}:0; sf read ${loadaddr} ${spisrcaddr} ${spiimgsize}; bootz ${loadaddr}
spibusno=0
spiimgsize=0x362000
spiroot=/dev/mtdblock4 rw
spirootfstype=jffs2
spisrcaddr=0xe0000
static_ip=${ipaddr}:${serverip}:${gatewayip}:${netmask}:${hostname}::off
stderr=serial
stdin=serial
stdout=serial
usbnet_devaddr=c8:a0:30:a1:db:5a
vendor=ti
ver=U-Boot 2013.10-g310aa48 (Dec 15 2013 - 22:31:18)

Environment size: 4974/131067 bytes
U-Boot# 
- 06:52:59 [INFO] Host: setenv bootargs ''${bootargs}' root=/dev/mmcblk0p2 rw rootfstype=ext3 rootwait '
- 06:52:59 [INFO] Target: 
setenv bootargs ''${bootargs}' root=/dev/mmcblk0p2 rw rootfstype=ext3 rootwait '
U-Boot# 
- 06:52:59 [INFO] Host: printenv
- 06:53:00 [INFO] Target: 
printenv
arch=arm
autoload=no
baudrate=115200
board=am335x
board_name=A335X_SK
board_rev=1.2C
boot_fdt=try
boot_targets= mmc0 nand 
bootargs=console=ttyO0,115200n8 earlyprintk rootwait ip=dhcp root=/dev/mmcblk0p2 rw rootfstype=ext3 rootwait
bootcmd=
bootcmd_mmc0=setenv devnum 0; setenv rootpart 2; run mmc_boot;
bootcmd_nand=run nandboot;
bootdelay=3
bootdir=/boot
bootenv=uEnv.txt
bootfile=zImage
bootpart=0:2
console=ttyO0,115200n8
cpu=armv7
dfu_alt_info_emmc=rawemmc mmc 0 3751936
dfu_alt_info_mmc=boot part 0 1;rootfs part 0 2;MLO fat 0 1;MLO.raw mmc 100 100;u-boot.img.raw mmc 300 400;spl-os-args.raw mmc 80 80;spl-os-image.raw mmc 900 2000;spl-os-args fat 0 1;spl-os-image fat 0 1;u-boot.img fat 0 1;uEnv.txt fat 0 1
dfu_alt_info_nand=SPL part 0 1;SPL.backup1 part 0 2;SPL.backup2 part 0 3;SPL.backup3 part 0 4;u-boot part 0 5;u-boot-spl-os part 0 6;kernel part 0 8;rootfs part 0 9
dfu_alt_info_ram=kernel ram 0x80200000 0xD80000;fdt ram 0x80F80000 0x80000;ramdisk ram 0x81000000 0x4000000
dnsip=192.0.2.2
dnsip2=192.0.2.3
eth1addr=c8:a0:30:a1:db:5a
ethact=cpsw
ethaddr=c8:a0:30:a1:db:58
fdt_high=0xa0000000
fdtaddr=0x80F80000
fdtfile=undefined
fileaddr=80f80000
filesize=80f3
findfdt=if test $board_name = A335BONE; then setenv fdtfile am335x-bone.dtb; fi; if test $board_name = A335BNLT; then setenv fdtfile am335x-boneblack.dtb; fi; if test $board_name = A33515BB; then setenv fdtfile am335x-evm.dtb; fi; if test $board_name = A335X_SK; then setenv fdtfile am335x-evmsk.dtb; fi; if test $fdtfile = undefined; then echo WARNING: Could not determine device tree to use; fi; 
gatewayip=192.168.0.1
importbootenv=echo Importing environment from mmc ...; env import -t $loadaddr $filesize
ipaddr=192.168.0.154
loadaddr=0x80200000
loadbootenv=load mmc ${mmcdev} ${loadaddr} ${bootenv}
loadfdt=load mmc ${bootpart} ${fdtaddr} ${bootdir}/${fdtfile}
loadimage=load mmc ${bootpart} ${loadaddr} ${bootdir}/${bootfile}
loadramdisk=load mmc ${mmcdev} ${rdaddr} ramdisk.gz
mmc_boot=setenv devtype mmc; if mmc dev ${devnum}; then run mmcargs;run scan_boot; run mmcboot;setenv mmcdev 1; setenv bootpart 1:2; run mmcboot;fi
mmcargs=setenv bootargs console=${console} ${optargs} root=${mmcroot} rootfstype=${mmcrootfstype}
mmcboot=mmc dev ${mmcdev}; if mmc rescan; then echo SD/MMC found on device ${mmcdev};if run loadbootenv; then echo Loaded environment from ${bootenv};run importbootenv;fi;if test -n $uenvcmd; then echo Running uenvcmd ...;run uenvcmd;fi;if run loadimage; then run mmcloados;fi;fi;
mmcdev=0
mmcloados=run mmcargs; if test ${boot_fdt} = yes || test ${boot_fdt} = try; then if run loadfdt; then bootz ${loadaddr} - ${fdtaddr}; else if test ${boot_fdt} = try; then bootz; else echo WARN: Cannot load the DT; fi; fi; else bootz; fi;
mmcroot=/dev/mmcblk0p2 ro
mmcrootfstype=ext4 rootwait
mtdids=nand0=nand.0
mtdparts=mtdparts=nand.0:128k(SPL),128k(SPL.backup1),128k(SPL.backup2),640k(SPL.backup3),1m(u-boot),512k(u-boot-spl-os),256k(u-boot-env),256k(u-boot-env.backup1),5m(kernel),-(rootfs)
nandargs=setenv bootargs console=${console} ${optargs} root=${nandroot} rootfstype=${nandrootfstype}
nandboot=echo Booting from nand ...; run nandargs; nand read ${fdtaddr} u-boot-spl-os; nand read ${loadaddr} kernel; bootz ${loadaddr} - ${fdtaddr}
nandroot=ubi0:rootfs rw ubi.mtd=9,2048
nandrootfstype=ubifs rootwait=1
netargs=setenv bootargs console=${console} ${optargs} root=/dev/nfs nfsroot=${serverip}:${rootpath},${nfsopts} rw ip=dhcp
netboot=echo Booting from network ...; setenv autoload no; dhcp; tftp ${loadaddr} ${bootfile}; tftp ${fdtaddr} ${fdtfile}; run netargs; bootz ${loadaddr} - ${fdtaddr}
netmask=255.255.255.0
nfsopts=nolock
ramargs=setenv bootargs console=${console} ${optargs} root=${ramroot} rootfstype=${ramrootfstype}
ramboot=echo Booting from ramdisk ...; run ramargs; bootz ${loadaddr} ${rdaddr} ${fdtaddr}
ramroot=/dev/ram0 rw ramdisk_size=65536 initrd=${rdaddr},64M
ramrootfstype=ext2
rdaddr=0x81000000
rootpart=2
rootpath=/export/rootfs
scan_boot=echo Scanning ${devtype} ${devnum}...; for prefix in ${bootdir}; do for script in ${bootfile}; do run script_boot; done; done;
script_boot=if load ${devtype} ${devnum}:${rootpart} ${loadaddr} ${bootdir}/${bootfile}; then run findfdt; load ${devtype} ${devnum}:${rootpart} ${fdtaddr} ${bootdir}/${fdtfile};fi;
serverip=192.168.0.1
soc=am33xx
spiargs=setenv bootargs console=${console} ${optargs} root=${spiroot} rootfstype=${spirootfstype}
spiboot=echo Booting from spi ...; run spiargs; sf probe ${spibusno}:0; sf read ${loadaddr} ${spisrcaddr} ${spiimgsize}; bootz ${loadaddr}
spibusno=0
spiimgsize=0x362000
spiroot=/dev/mtdblock4 rw
spirootfstype=jffs2
spisrcaddr=0xe0000
static_ip=${ipaddr}:${serverip}:${gatewayip}:${netmask}:${hostname}::off
stderr=serial
stdin=serial
stdout=serial
usbnet_devaddr=c8:a0:30:a1:db:5a
vendor=ti
ver=U-Boot 2013.10-g310aa48 (Dec 15 2013 - 22:31:18)

Environment size: 5022/131067 bytes
U-Boot# 
- 06:53:00 [INFO] Host: setenv bootcmd ''${bootcmd}' if iminfo ${loadaddr}; then bootm ${loadaddr} - ${fdtaddr}; else bootz ${loadaddr} - ${fdtaddr}; bootm ${loadaddr} - ${fdtaddr}; fi'
- 06:53:00 [INFO] Target: 
setenv bootcmd ''${bootcmd}' if iminfo ${loadaddr}; then bootm ${loadaddr} - ${fdtaddr}; else bootz ${loadaddr} - ${fdtaddr}; bootm ${loadaddr} - ${fdtaddr}; fi'
U-Boot# 
- 06:53:00 [INFO] Host: bdinfo
- 06:53:01 [INFO] Target: 
bdinfo
arch_number = 0x00000E05
boot_params = 0x80000100
DRAM bank   = 0x00000000
-> start    = 0x80000000
-> size     = 0x10000000
eth0name    = cpsw
ethaddr     = c8:a0:30:a1:db:58
eth1name    = usb_ether
eth1addr    = c8:a0:30:a1:db:5a
current eth = cpsw
ip_addr     = 192.168.0.154
baudrate    = 115200 bps
TLB addr    = 0x8FFF0000
relocaddr   = 0x8F750000
reloc off   = 0x0EF50000
irq_sp      = 0x8F62FF38
sp start    = 0x8F62FF28
U-Boot# 
- 06:53:01 [INFO] Host: boot
- 06:53:19 [INFO] Target: 
boot

## Checking Image at 80200000 ...
Unknown image format!
Kernel image @ 0x80200000 [ 0x000000 - 0x476470 ]
## Flattened Device Tree blob at 80f80000
   Booting using the fdt blob at 0x80f80000
   Loading Device Tree to 8f623000, end 8f62e0f2 ... OK

Starting kernel ...

[    0.000000] Booting Linux on physical CPU 0x0
[    0.000000] Linux version 3.15.0-rc5-next-20140514-00002-gb86d868 (nmenon@kahuna) (gcc version 4.6.3 (Ubuntu/Linaro 4.6.3-1ubuntu5) ) #1 SMP Wed May 14 05:47:19 CDT 2014
[    0.000000] CPU: ARMv7 Processor [413fc082] revision 2 (ARMv7), cr=10c5387d
[    0.000000] CPU: PIPT / VIPT nonaliasing data cache, VIPT aliasing instruction cache
[    0.000000] Machine model: TI AM335x EVM-SK
[    0.000000] cma: CMA: reserved 64 MiB at 8b000000
[    0.000000] Memory policy: Data cache writeback
[    0.000000] CPU: All CPU(s) started in SVC mode.
[    0.000000] AM335X ES2.1 (sgx neon )
[    0.000000] PERCPU: Embedded 7 pages/cpu @cfcb5000 s7744 r8192 d12736 u32768
[    0.000000] Built 1 zonelists in Zone order, mobility grouping on.  Total pages: 64768
[    0.000000] Kernel command line: console=ttyO0,115200n8 earlyprintk rootwait ip=dhcp root=/dev/mmcblk0p2 rw rootfstype=ext3 rootwait
[    0.000000] PID hash table entries: 1024 (order: 0, 4096 bytes)
[    0.000000] Dentry cache hash table entries: 32768 (order: 5, 131072 bytes)
[    0.000000] Inode-cache hash table entries: 16384 (order: 4, 65536 bytes)
[    0.000000] Memory: 182864K/261120K available (6094K kernel code, 774K rwdata, 2404K rodata, 559K init, 289K bss, 78256K reserved, 0K highmem)
[    0.000000] Virtual kernel memory layout:
[    0.000000]     vector  : 0xffff0000 - 0xffff1000   (   4 kB)
[    0.000000]     fixmap  : 0xffc00000 - 0xffe00000   (2048 kB)
[    0.000000]     vmalloc : 0xd0800000 - 0xff000000   ( 744 MB)
[    0.000000]     lowmem  : 0xc0000000 - 0xd0000000   ( 256 MB)
[    0.000000]     pkmap   : 0xbfe00000 - 0xc0000000   (   2 MB)
[    0.000000]     modules : 0xbf000000 - 0xbfe00000   (  14 MB)
[    0.000000]       .text : 0xc0208000 - 0xc0a54c2c   (8500 kB)
[    0.000000]       .init : 0xc0a55000 - 0xc0ae0e40   ( 560 kB)
[    0.000000]       .data : 0xc0ae2000 - 0xc0ba3ba0   ( 775 kB)
[    0.000000]        .bss : 0xc0ba3ba8 - 0xc0bec298   ( 290 kB)
[    0.000000] SLUB: HWalign=64, Order=0-3, MinObjects=0, CPUs=1, Nodes=1
[    0.000000] Hierarchical RCU implementation.
[    0.000000] 	RCU restricting CPUs from NR_CPUS=4 to nr_cpu_ids=1.
[    0.000000] RCU: Adjusting geometry for rcu_fanout_leaf=16, nr_cpu_ids=1
[    0.000000] NR_IRQS:16 nr_irqs:16 16
[    0.000000] IRQ: Found an INTC at 0xfa200000 (revision 5.0) with 128 interrupts
[    0.000000] Total of 128 interrupts on 1 active controller
[    0.000000] OMAP clockevent source: timer2 at 24000000 Hz
[    0.000011] sched_clock: 32 bits at 24MHz, resolution 41ns, wraps every 178956969942ns
[    0.000030] OMAP clocksource: timer1 at 24000000 Hz
[    0.000192] Console: colour dummy device 80x30
[    0.000222] Calibrating delay loop... 996.14 BogoMIPS (lpj=4980736)
[    0.089486] pid_max: default: 32768 minimum: 301
[    0.089626] Mount-cache hash table entries: 1024 (order: 0, 4096 bytes)
[    0.089636] Mountpoint-cache hash table entries: 1024 (order: 0, 4096 bytes)
[    0.090211] CPU: Testing write buffer coherency: ok
[    0.090526] CPU0: thread -1, cpu 0, socket -1, mpidr 0
[    0.090614] Setting up static identity map for 0x807c2ed0 - 0x807c2f68
[    0.092478] Brought up 1 CPUs
[    0.092493] SMP: Total of 1 processors activated.
[    0.092500] CPU: All CPU(s) started in SVC mode.
[    0.093084] devtmpfs: initialized
[    0.096502] VFP support v0.3: implementor 41 architecture 3 part 30 variant c rev 3
[    0.106062] omap_hwmod: tptc0 using broken dt data from edma
[    0.106173] omap_hwmod: tptc1 using broken dt data from edma
[    0.106287] omap_hwmod: tptc2 using broken dt data from edma
[    0.110725] omap_hwmod: debugss: _wait_target_disable failed
[    0.164958] pinctrl core: initialized pinctrl subsystem
[    0.165474] regulator-dummy: no parameters
[    0.178674] NET: Registered protocol family 16
[    0.181055] DMA: preallocated 256 KiB pool for atomic coherent allocations
[    0.182730] cpuidle: using governor ladder
[    0.182747] cpuidle: using governor menu
[    0.189383] platform 49000000.edma: alias fck already exists
[    0.189406] platform 49000000.edma: alias fck already exists
[    0.189418] platform 49000000.edma: alias fck already exists
[    0.190209] OMAP GPIO hardware version 0.1
[    0.197418] No ATAGs?
[    0.199995] Serial: AMBA PL011 UART driver
[    0.216884] edma-dma-engine edma-dma-engine.0: TI EDMA DMA engine driver
[    0.217571] vbat: 5000 mV 
[    0.217829] lis3_reg: no parameters
[    0.217919] reg-fixed-voltage fixedregulator.6: could not find pctldev for node /pinmux@44e10800/pinmux_wl12xx_gpio, deferring probe
[    0.217938] platform fixedregulator.6: Driver reg-fixed-voltage requests probe deferral
[    0.219757] vgaarb: loaded
[    0.220373] SCSI subsystem initialized
[    0.221097] usbcore: registered new interface driver usbfs
[    0.221166] usbcore: registered new interface driver hub
[    0.221301] usbcore: registered new device driver usb
[    0.221879] omap_i2c 44e0b000.i2c: could not find pctldev for node /pinmux@44e10800/pinmux_i2c0_pins, deferring probe
[    0.221901] platform 44e0b000.i2c: Driver omap_i2c requests probe deferral
[    0.222130] Linux video capture interface: v2.00
[    0.222181] pps_core: LinuxPPS API ver. 1 registered
[    0.222188] pps_core: Software ver. 5.3.6 - Copyright 2005-2007 Rodolfo Giometti <giometti@linux.it>
[    0.222216] PTP clock support registered
[    0.222300] EDAC MC: Ver: 3.0.0
[    0.223111] Advanced Linux Sound Architecture Driver Initialized.
[    0.224357] Switched to clocksource timer1
[    0.234303] NET: Registered protocol family 2
[    0.234961] TCP established hash table entries: 2048 (order: 1, 8192 bytes)
[    0.234994] TCP bind hash table entries: 2048 (order: 2, 16384 bytes)
[    0.235028] TCP: Hash tables configured (established 2048 bind 2048)
[    0.235100] TCP: reno registered
[    0.235113] UDP hash table entries: 256 (order: 1, 8192 bytes)
[    0.235131] UDP-Lite hash table entries: 256 (order: 1, 8192 bytes)
[    0.235322] NET: Registered protocol family 1
[    0.235701] RPC: Registered named UNIX socket transport module.
[    0.235711] RPC: Registered udp transport module.
[    0.235718] RPC: Registered tcp transport module.
[    0.235724] RPC: Registered tcp NFSv4.1 backchannel transport module.
[    0.238005] futex hash table entries: 256 (order: 2, 16384 bytes)
[    0.249679] squashfs: version 4.0 (2009/01/31) Phillip Lougher
[    0.250515] NFS: Registering the id_resolver key type
[    0.250586] Key type id_resolver registered
[    0.250594] Key type id_legacy registered
[    0.250654] msgmni has been set to 485
[    0.251342] Block layer SCSI generic (bsg) driver version 0.4 loaded (major 249)
[    0.251364] io scheduler noop registered
[    0.251375] io scheduler deadline registered
[    0.251569] io scheduler cfq registered (default)
[    0.252747] pinctrl-single 44e10800.pinmux: 142 pins at pa f9e10800 size 568
[    0.255092] backlight.9 supply power not found, using dummy regulator
[    0.255251] pwm-backlight backlight.9: unable to request PWM, trying legacy API
[    0.255265] pwm-backlight backlight.9: unable to request legacy PWM
[    0.255392] platform backlight.9: Driver pwm-backlight requests probe deferral
[    0.313185] Serial: 8250/16550 driver, 4 ports, IRQ sharing disabled
[    0.315040] Serial: IMX driver
[    0.315367] msm_serial: driver initialized
[    0.315846] omap_uart 44e09000.serial: no wakeirq for uart0
[    0.316017] 44e09000.serial: ttyO0 at MMIO 0x44e09000 (irq = 88, base_baud = 3000000) is a OMAP UART0
[    1.015241] console [ttyO0] enabled
[    1.019428] STMicroelectronics ASC driver initialized
[    1.025396] serial: Freescale lpuart driver
[    1.029961] [drm] Initialized drm 1.1.0 20060810
[    1.039763] loop: module loaded
[    1.047293] pegasus: v0.9.3 (2013/04/25), Pegasus/Pegasus II USB Ethernet driver
[    1.055184] usbcore: registered new interface driver pegasus
[    1.061186] usbcore: registered new interface driver asix
[    1.066910] usbcore: registered new interface driver ax88179_178a
[    1.073334] usbcore: registered new interface driver cdc_ether
[    1.079523] usbcore: registered new interface driver smsc75xx
[    1.085617] usbcore: registered new interface driver smsc95xx
[    1.091677] usbcore: registered new interface driver net1080
[    1.097662] usbcore: registered new interface driver cdc_subset
[    1.103902] usbcore: registered new interface driver zaurus
[    1.109867] usbcore: registered new interface driver cdc_ncm
[    1.115847] ehci_hcd: USB 2.0 'Enhanced' Host Controller (EHCI) Driver
[    1.122684] ehci-pci: EHCI PCI platform driver
[    1.127406] ehci-platform: EHCI generic platform driver
[    1.133046] ehci-omap: OMAP-EHCI Host Controller driver
[    1.138650] ehci-orion: EHCI orion driver
[    1.142935] SPEAr-ehci: EHCI SPEAr driver
[    1.147247] tegra-ehci: Tegra EHCI driver
[    1.151962] usbcore: registered new interface driver usb-storage
[    1.159782] mousedev: PS/2 mouse device common for all mice
[    1.167534] i2c /dev entries driver
[    1.171846] usbcore: registered new interface driver uvcvideo
[    1.177933] USB Video Class driver (1.1.1)
[    1.182229] gspca_main: v2.14.0 registered
[    1.188033] sdhci: Secure Digital Host Controller Interface driver
[    1.194538] sdhci: Copyright(c) Pierre Ossman
[    1.200119] omap_hsmmc 48060000.mmc: unable to get vmmc regulator -517
[    1.207149] platform 48060000.mmc: Driver omap_hsmmc requests probe deferral
[    1.214837] omap_hsmmc 481d8000.mmc: unable to get vmmc regulator -517
[    1.221731] platform 481d8000.mmc: Driver omap_hsmmc requests probe deferral
[    1.229573] sdhci-pltfm: SDHCI platform and OF driver helper
[    1.236184] usbcore: registered new interface driver usbhid
[    1.242020] usbhid: USB HID core driver
[    1.249682] TCP: cubic registered
[    1.253179] NET: Registered protocol family 17
[    1.258233] Key type dns_resolver registered
[    1.263446] ThumbEE CPU extension supported.
[    1.268018] Registering SWP/SWPB emulation handler
[    1.273822] lis3_reg: disabling
[    1.277163] vbat: disabling
[    1.280942] vwl1271: 1800 mV 
[    1.285909] tps65910 0-002d: No interrupt support, no core IRQ
[    1.296122] vrtc: 1800 mV 
[    1.299231] vrtc: supplied by vbat
[    1.304422] vio: at 1500 mV 
[    1.307517] vio: supplied by vbat
[    1.312680] vdd_mpu: 912 <--> 1312 mV at 1325 mV 
[    1.317707] vdd_mpu: supplied by vbat
[    1.323231] vdd_core: 912 <--> 1150 mV at 1137 mV 
[    1.328334] vdd_core: supplied by vbat
[    1.333632] vdd3: 5000 mV 
[    1.337771] vdig1: at 1800 mV 
[    1.341028] vdig1: supplied by vbat
[    1.346012] vdig2: at 1800 mV 
[    1.349264] vdig2: supplied by vbat
[    1.354201] vpll: at 1800 mV 
[    1.357380] vpll: supplied by vbat
[    1.362251] vdac: at 1800 mV 
[    1.365429] vdac: supplied by vbat
[    1.370282] vaux1: at 1800 mV 
[    1.373533] vaux1: supplied by vbat
[    1.378498] vaux2: at 3300 mV 
[    1.381756] vaux2: supplied by vbat
[    1.386708] vaux33: at 3300 mV 
[    1.390050] vaux33: supplied by vbat
[    1.395105] vmmc: 1800 <--> 3300 mV at 3300 mV 
[    1.399902] vmmc: supplied by vbat
[    1.404570] vbb: at 3000 mV 
[    1.407791] vbb: supplied by vbat
[    1.412982] tps65910-rtc tps65910-rtc: IRQ is not free.
[    1.418506] tps65910-rtc: probe of tps65910-rtc failed with error -22
[    1.427530] omap_i2c 44e0b000.i2c: bus 0 rev0.11 at 400 kHz
[    1.433909] backlight.9 supply power not found, using dummy regulator
[    1.440868] pwm-backlight backlight.9: unable to request PWM, trying legacy API
[    1.448555] pwm-backlight backlight.9: unable to request legacy PWM
[    1.455222] platform backlight.9: Driver pwm-backlight requests probe deferral
[    1.541888] mmc0: host does not support reading read-only switch. assuming write-enable.
[    1.552928] mmc0: new high speed SDHC card at address 1234
[    1.559175] mmcblk0: mmc0:1234 SA04G 3.63 GiB 
[    1.566006]  mmcblk0: p1 p2 p3
[    1.624885] backlight.9 supply power not found, using dummy regulator
[    1.631793] pwm-backlight backlight.9: unable to request PWM, trying legacy API
[    1.639503] pwm-backlight backlight.9: unable to request legacy PWM
[    1.646158] platform backlight.9: Driver pwm-backlight requests probe deferral
[    1.673399] omap_hsmmc 481d8000.mmc: card claims to support voltages below defined range
[    1.691807] mmc1: queuing unknown CIS tuple 0x91 (3 bytes)
[    1.698620] mmc1: new SDIO card at address 0001
[    1.714382] davinci_mdio 4a101000.mdio: davinci mdio revision 1.6
[    1.720766] davinci_mdio 4a101000.mdio: detected phy mask fffffffc
[    1.728691] backlight.9 supply power not found, using dummy regulator
[    1.735656] pwm-backlight backlight.9: unable to request PWM, trying legacy API
[    1.743313] pwm-backlight backlight.9: unable to request legacy PWM
[    1.749981] platform backlight.9: Driver pwm-backlight requests probe deferral
[    1.758526] libphy: 4a101000.mdio: probed
[    1.762742] davinci_mdio 4a101000.mdio: phy[0]: device 4a101000.mdio:00, driver Atheros 8031 ethernet
[    1.772465] davinci_mdio 4a101000.mdio: phy[1]: device 4a101000.mdio:01, driver Atheros 8031 ethernet
[    1.783034] Detected MACID = c8:a0:30:a1:db:58
[    1.788606] cpsw: Detected MACID = c8:a0:30:a1:db:5a
[    1.795530] input: gpio_buttons.8 as /devices/gpio_buttons.8/input/input0
[    1.803210] backlight.9 supply power not found, using dummy regulator
[    1.810175] pwm-backlight backlight.9: unable to request PWM, trying legacy API
[    1.817863] pwm-backlight backlight.9: unable to request legacy PWM
[    1.824523] platform backlight.9: Driver pwm-backlight requests probe deferral
[    1.833001] drivers/rtc/hctosys.c: unable to open rtc device (rtc0)
[    1.843534] net eth0: initializing cpsw version 1.12 (0)
[    1.852290] backlight.9 supply power not found, using dummy regulator
[    1.859320] pwm-backlight backlight.9: unable to request PWM, trying legacy API
[    1.867018] pwm-backlight backlight.9: unable to request legacy PWM
[    1.873664] platform backlight.9: Driver pwm-backlight requests probe deferral
[    1.925148] net eth0: phy found : id is : 0x4dd074
[    1.934668] net eth1: initializing cpsw version 1.12 (0)
[    2.015098] net eth1: phy found : id is : 0x4dd074
[    5.925252] cpsw 4a100000.ethernet eth0: Link is Up - 1Gbps/Full - flow control rx/tx
[    5.954360] Sending DHCP requests ., OK
[    5.994817] IP-Config: Got DHCP answer from 192.168.0.1, my address is 192.168.0.154
[    6.005268] IP-Config: Complete:
[    6.008660]      device=eth0, hwaddr=c8:a0:30:a1:db:58, ipaddr=192.168.0.154, mask=255.255.255.0, gw=192.168.0.1
[    6.019356]      host=192.168.0.154, domain=ti.com, nis-domain=(none)
[    6.026112]      bootserver=192.168.0.1, rootserver=192.168.0.1, rootpath=
[    6.033125]      nameserver0=192.0.2.2, nameserver1=192.0.2.3
[    6.039563] ALSA device list:
[    6.042666]   No soundcards found.
[    6.049227] EXT4-fs (mmcblk0p2): mounting ext3 file system using the ext4 subsystem
[    6.078124] EXT4-fs (mmcblk0p2): mounted filesystem with ordered data mode. Opts: (null)
[    6.086692] VFS: Mounted root (ext3 filesystem) on device 179:2.
[    6.101880] devtmpfs: mounted
[    6.105676] Freeing unused kernel memory: 556K (c0a55000 - c0ae0000)

INIT: version 2.88 booting

Error opening /dev/fb0: No such file or directory
Starting udev
[    6.698336] udevd[76]: starting version 182
[    8.942319] FAT-fs (mmcblk0p1): codepage cp437 not found
[    9.042755] FAT-fs (mmcblk0p1): codepage cp437 not found
[    9.636759] FAT-fs (mmcblk0p1): codepage cp437 not found
[    9.721827] FAT-fs (mmcblk0p1): codepage cp437 not found
Starting Bootlog daemon: bootlogd.

[    9.952977] EXT4-fs (mmcblk0p2): re-mounted. Opts: data=ordered
[   10.016293] random: dd urandom read with 116 bits of entropy available
ALSA: Restoring mixer settings...

Configuring network interfaces... /usr/sbin/alsactl: load_state:1696: No soundcards found...

udhcpc (v1.20.2) started

[   10.733336] random: nonblocking pool is initialized
Sending discover...

Sending select for 192.168.0.103...

Lease of 192.168.0.103 obtained, lease time 7200

/etc/udhcpc.d/50default: Adding DNS 192.0.2.2

/etc/udhcpc.d/50default: Adding DNS 192.0.2.3

done.

hwclock: can't open '/dev/misc/rtc': No such file or directory

Sun May 11 20:43:00 UTC 2014

hwclock: can't open '/dev/misc/rtc': No such file or directory


INIT: Entering runlevel: 5


Starting system message bus: dbus.

Starting Dropbear SSH server: dropbear.

Starting telnet daemon.

hwclock: can't open '/dev/misc/rtc': No such file or directory

Starting syslogd/klogd: done

Starting thttpd.

Starting Lighttpd Web Server: lighttpd.

2014-05-11 20:43:01: (log.c.166) server started 

/etc/rc5.d/S96am335x-pm-firmware-load: line 4: /sys/devices/ocp.2/44d00000.wkup_m3/firmware/am335x-pm-firmware.bin/loading: No such file or directory

/etc/rc5.d/S96am335x-pm-firmware-load: line 5: /sys/devices/ocp.2/44d00000.wkup_m3/firmware/am335x-pm-firmware.bin/data: No such file or directory

/etc/rc5.d/S96am335x-pm-firmware-load: line 6: /sys/devices/ocp.2/44d00000.wkup_m3/firmware/am335x-pm-firmware.bin/loading: No such file or directory

/

Starting Matrix GUI application.

***************************************************************

***************************************************************

NOTICE: This file system contains the followin GPLv3 packages:

	binutils-symlinks

	binutils

	gdbserver



If you do not wish to distribute GPLv3 components please remove

the above packages prior to distribution.  This can be done using

the opkg remove command.  i.e.:

    opkg remove <package>

Where <package> is the name printed in the list above



NOTE: If the package is a dependency of another package you

      will be notified of the dependent packages.  You should

      use the --force-removal-of-dependent-packages option to

      also remove the dependent packages as well

***************************************************************

***************************************************************

Stopping Bootlog daemon: bootlogd.

 _____                    _____           _         _   
|  _  |___ ___ ___ ___   |  _  |___ ___  |_|___ ___| |_ 
|     |  _| .'| . | . |  |   __|  _| . | | | -_|  _|  _|
|__|__|_| |__,|_  |___|  |__|  |_| |___|_| |___|___|_|  
              |___|                    |___|            

Arago Project http://arago-project.org am335x-evm ttyO0

Arago 2013.10 am335x-evm ttyO0

am335x-evm login: 
- 06:53:19 [INFO] Host: root
- 06:53:23 [INFO] Target: 
root
root@am335x-evm:~# 
- 06:53:23 [INFO] Host: uname -a
- 06:53:23 [INFO] Target: 
uname -a
Linux am335x-evm 3.15.0-rc5-next-20140514-00002-gb86d868 #1 SMP Wed May 14 05:47:19 CDT 2014 armv7l GNU/Linux
root@am335x-evm:~# 
- 06:53:23 [INFO] Host: cat /proc/cmdline
- 06:53:24 [INFO] Target: 
cat /proc/cmdline
console=ttyO0,115200n8 earlyprintk rootwait ip=dhcp root=/dev/mmcblk0p2 rw rootfstype=ext3 rootwait
root@am335x-evm:~# 
- 06:53:24 [INFO] Host: uname -a
- 06:53:24 [INFO] Target: 
uname -a
Linux am335x-evm 3.15.0-rc5-next-20140514-00002-gb86d868 #1 SMP Wed May 14 05:47:19 CDT 2014 armv7l GNU/Linux
root@am335x-evm:~# 
- 06:53:24 [INFO] Host: cat /proc/mtd
- 06:53:25 [INFO] Target: 
cat /proc/mtd
dev:    size   erasesize  name
root@am335x-evm:~# 
- 06:53:35 [INFO] Host: export IPERFHOST=192.168.0.1
- 06:53:35 [INFO] Target: 
export IPERFHOST=192.168.0.1
root@am335x-evm:~# 
- 06:53:35 [INFO] Host: export NFS_SERVER=192.168.0.1
- 06:53:36 [INFO] Target: 
export NFS_SERVER=192.168.0.1
root@am335x-evm:~# 
- 06:53:36 [INFO] Host: export NFS_ROOT_PATH=/home/tigtfarm02/NFS_exports/am335x-sk
- 06:53:36 [INFO] Target: 
export NFS_ROOT_PATH=/home/tigtfarm02/NFS_exports/am335x-sk
root@am335x-evm:~# 
- 06:53:36 [INFO] Host: mkdir -p -m 777 /test
- 06:53:37 [INFO] Target: 
mkdir -p -m 777 /test
root@am335x-evm:~# 
- 06:53:37 [INFO] Host: cd /test
- 06:53:37 [INFO] Target: 
cd /test
root@am335x-evm:/test# 
- 06:53:37 [INFO] Host: cat > test.sh << EOF
- 06:53:38 [INFO] Target: 
cat > test.sh << EOF
> 
- 06:53:38 [INFO] Host: failtest() {

- 06:53:38 [INFO] Target: 
failtest() {
> 
- 06:53:38 [INFO] Host:   echo 1 >&3

- 06:53:39 [INFO] Target: 
  echo 1 >&3
> 
- 06:53:39 [INFO] Host: }

- 06:53:39 [INFO] Target: 
}
> 
- 06:53:39 [INFO] Host: script=anonymous:anonymous@gtautoftp.gt.design.ti.com/anonymous/opentest/target-test-basic.sh_md5_5d260c597a39e144f6dea1bc54ee8584

- 06:53:49 [ERROR] On command: script=anonymous:anonymous@gtautoftp.gt.design.ti.com/anonymous/opentest/target-test-basic.sh_md5_5d260c597a39e144f6dea1bc54ee8584
 waiting for (?-mix:.*) >>> error: execution expired
- 06:53:49 [INFO] Target: 
script=anonymous:anonymous@gtautoftp.gt.design.ti.com/anonymous/opentest/targe 
t-test-basic.sh_md5_5d260c597a39e144f6dea1bc54ee8584
> 
- 06:53:49 [INFO] Host: timeout=600

- 06:53:50 [INFO] Target: 
timeout=600
> 
- 06:53:50 [INFO] Host: 

- 06:53:50 [INFO] Target: 

> 
- 06:53:50 [INFO] Host: # Start of user's script logic

- 06:53:51 [INFO] Target: 
# Start of user's script logic
> 
- 06:53:51 [INFO] Host: 

- 06:53:51 [INFO] Target: 

> 
- 06:53:51 [INFO] Host: 

- 06:53:52 [INFO] Target: 

> 
- 06:53:52 [INFO] Host: mount -t proc proc /proc 2>/dev/null;

- 06:53:52 [INFO] Target: 
mount -t proc proc /proc 2>/dev/null;
> 
- 06:53:52 [INFO] Host: 

- 06:53:53 [INFO] Target: 

> 
- 06:53:53 [INFO] Host: mount -t sysfs sys /sys 2>/dev/null;

- 06:53:53 [INFO] Target: 
mount -t sysfs sys /sys 2>/dev/null;
> 
- 06:53:53 [INFO] Host: 

- 06:53:54 [INFO] Target: 

> 
- 06:53:54 [INFO] Host: mount -t debugfs none /sys/kernel/debug 2>/dev/null;

- 06:53:54 [INFO] Target: 
mount -t debugfs none /sys/kernel/debug 2>/dev/null;
> 
- 06:53:54 [INFO] Host: 

- 06:53:55 [INFO] Target: 

> 
- 06:53:55 [INFO] Host: echo 'cpuinfo:';cat /proc/cpuinfo; echo '=======';

- 06:53:55 [INFO] Target: 
echo 'cpuinfo:';cat /proc/cpuinfo; echo '=======';
> 
- 06:53:55 [INFO] Host: 

- 06:53:56 [INFO] Target: 

> 
- 06:53:56 [INFO] Host: echo 'soc info:';head /sys/devices/soc0/* 2>/dev/null; echo '=======';

- 06:53:56 [INFO] Target: 
echo 'soc info:';head /sys/devices/soc0/* 2>/dev/null; echo '=======';
> 
- 06:53:56 [INFO] Host: 

- 06:53:57 [INFO] Target: 

> 
- 06:53:57 [INFO] Host: echo 'interrupts:';cat /proc/interrupts; echo '=======';

- 06:53:57 [INFO] Target: 
echo 'interrupts:';cat /proc/interrupts; echo '=======';
> 
- 06:53:57 [INFO] Host: 

- 06:53:58 [INFO] Target: 

> 
- 06:53:58 [INFO] Host: echo 'Clk_summary:';cat /sys/kernel/debug/clk/clk_summary; echo '=======';

- 06:53:58 [INFO] Target: 
echo 'Clk_summary:';cat /sys/kernel/debug/clk/clk_summary; echo '=======';
> 
- 06:53:58 [INFO] Host: 

- 06:53:59 [INFO] Target: 

> 
- 06:53:59 [INFO] Host: echo 'Orphan Clks:';ls /sys/kernel/debug/clk/orphans/; echo '=======';

- 06:53:59 [INFO] Target: 
echo 'Orphan Clks:';ls /sys/kernel/debug/clk/orphans/; echo '=======';
> 
- 06:53:59 [INFO] Host: 

- 06:54:00 [INFO] Target: 

> 
- 06:54:00 [INFO] Host: echo 'H''ello World' 'B''oard Booted';

- 06:54:00 [INFO] Target: 
echo 'H''ello World' 'B''oard Booted';
> 
- 06:54:00 [INFO] Host: 

- 06:54:01 [INFO] Target: 

> 
- 06:54:01 [INFO] Host: EOF
- 06:54:01 [INFO] Target: 
EOF
root@am335x-evm:/test# 
- 06:54:01 [INFO] Host: cd /test
- 06:54:02 [INFO] Target: 
cd /test
root@am335x-evm:/test# 
- 06:54:02 [INFO] Host: chmod +x test.sh
- 06:54:02 [INFO] Target: 
chmod +x test.sh
root@am335x-evm:/test# 
- 06:54:02 [INFO] Host: ./test.sh 2> stderr.log > stdout.log 3> result.log
- 06:54:03 [INFO] Target: 
./test.sh 2> stderr.log > stdout.log 3> result.log
root@am335x-evm:/test# 
- 06:54:03 [INFO] Host: echo $?
- 06:54:03 [INFO] Target: 
echo $?
0
root@am335x-evm:/test# 
- 06:54:03 [INFO] Host: cd /test
- 06:54:04 [INFO] Target: 
cd /test
root@am335x-evm:/test# 
- 06:54:04 [INFO] Host: cat stdout.log
- 06:54:05 [INFO] Target: 
cat stdout.log
cpuinfo:
processor	: 0
model name	: ARMv7 Processor rev 2 (v7l)
Features	: swp half thumb fastmult vfp edsp thumbee neon vfpv3 tls vfpd32 
CPU implementer	: 0x41
CPU architecture: 7
CPU variant	: 0x3
CPU part	: 0xc08
CPU revision	: 2

Hardware	: Generic AM33XX (Flattened Device Tree)
Revision	: 0000
Serial		: 0000000000000000
=======
soc info:
==> /sys/devices/soc0/family <==
Unknown

==> /sys/devices/soc0/machine <==
AM335X

==> /sys/devices/soc0/power <==

==> /sys/devices/soc0/revision <==
ES2.1

==> /sys/devices/soc0/subsystem <==

==> /sys/devices/soc0/type <==
GP

==> /sys/devices/soc0/uevent <==
=======
interrupts:
           CPU0       
 28:       1830      INTC  12  edma
 30:          4      INTC  14  edma_error
 44:        144      INTC  28  mmc1
 56:          0      INTC  40  4a100000.ethernet
 57:         31      INTC  41  4a100000.ethernet
 58:         11      INTC  42  4a100000.ethernet
 59:          0      INTC  43  4a100000.ethernet
 80:       5517      INTC  64  mmc0
 84:       1981      INTC  68  gp_timer
 86:        320      INTC  70  44e0b000.i2c
 88:       4376      INTC  72  OMAP UART0
150:          0      GPIO   6  mmc0
174:          0      GPIO  30  button2
210:          0      GPIO   2  button1
211:          0      GPIO   3  button0
213:          0      GPIO   5  button3
IPI0:          0  CPU wakeup interrupts
IPI1:          0  Timer broadcast interrupts
IPI2:          0  Rescheduling interrupts
IPI3:          0  Function call interrupts
IPI4:          0  Single function call interrupts
IPI5:          0  CPU stop interrupts
IPI6:          0  IRQ work interrupts
IPI7:          0  completion interrupts
Err:          0
=======
Clk_summary:
   clock                        enable_cnt  prepare_cnt  rate        accuracy
---------------------------------------------------------------------------------
 tclkin_ck                      0           0            12000000   0          
 virt_26000000_ck               0           0            26000000   0          
 virt_25000000_ck               0           0            25000000   0          
 virt_24000000_ck               1           1            24000000   0          
    sys_clkin_ck                9           23           24000000   0          
       timer6_fck               0           1            24000000   0          
       timer3_fck               0           1            24000000   0          
       dpll_per_ck              1           2            960000000  0          
          dpll_per_m2_ck        2           4            192000000  0          
             ehrpwm2_tbclk      0           0            192000000  0          
             ehrpwm1_tbclk      0           0            192000000  0          
             ehrpwm0_tbclk      0           0            192000000  0          
             mmc_clk            0           3            96000000   0          
             clk_24mhz          1           1            24000000   0          
                clkdiv32k_ck    1           1            32786      0          
                   clkdiv32k_ick 2           5            32786      0          
                      wdt1_fck  0           1            32786      0          
                      gpio3_dbclk 0           1            32786      0          
                      gpio2_dbclk 1           2            32786      0          
                      gpio1_dbclk 0           1            32786      0          
             dpll_per_m2_div4_ck 0           9            48000000   0          
             dpll_per_m2_div4_wkupdm_ck 1           2            48000000   0          
          usbotg_fck            0           1            960000000  0          
       dpll_disp_ck             0           1            24000000   0          
          dpll_disp_m2_ck       0           1            24000000   0          
             lcd_gclk           0           1            24000000   0          
       dpll_ddr_ck              1           1            303000000  0          
          dpll_ddr_m2_ck        2           2            303000000  0          
             dpll_ddr_m2_div2_ck 1           1            151500000  0          
       dpll_mpu_ck              1           1            1000000000 0          
          dpll_mpu_m2_ck        4           4            1000000000 0          
       dpll_core_ck             1           1            1000000000 0          
          dpll_core_x2_ck       2           2            2000000000 0          
             dpll_core_m6_ck    0           0            500000000  0          
             dpll_core_m5_ck    1           1            250000000  0          
                cpsw_cpts_rft_clk 0           0            250000000  0          
                cpsw_125mhz_gclk 3           3            125000000  0          
             dpll_core_m4_ck    9           11           200000000  0          
                dbg_clka_ck     0           2            200000000  0          
                   trace_pmd_clk_mux_ck 0           1            200000000  0          
                      trace_clk_div_ck 0           1            50000000   0          
                   stm_pmd_clock_mux_ck 0           0            200000000  0          
                      stm_clk_div_ck 0           0            50000000   0          
                gfx_fclk_clksel_ck 0           1            200000000  0          
                   gfx_fck_div_ck 0           1            200000000  0          
                sysclk_div_ck   0           0            200000000  0          
                l4hs_gclk       2           2            200000000  0          
                l4_rtc_gclk     0           0            100000000  0          
                dpll_core_m4_div2_ck 16          17           100000000  0          
                   l4ls_gclk    43          59           100000000  0          
                   l4fw_gclk    1           1            100000000  0          
                   l3s_gclk     9           10           100000000  0          
                   ieee5000_fck 0           0            100000000  0          
                mmu_fck         0           0            200000000  0          
                l3_gclk         13          15           200000000  0          
                   pruss_ocp_gclk 0           1            200000000  0          
       rng_fck                  1           2            24000000   0          
       aes0_fck                 1           2            24000000   0          
       sha0_fck                 1           1            24000000   0          
       smartreflex1_fck         0           1            24000000   0          
       smartreflex0_fck         0           1            24000000   0          
       mcasp1_fck               0           1            24000000   0          
       mcasp0_fck               0           1            24000000   0          
       dcan1_fck                0           1            24000000   0          
       dcan0_fck                0           1            24000000   0          
       adc_tsc_fck              0           1            24000000   0          
       cefuse_fck               0           0            24000000   0          
       timer1_fck               1           1            24000000   0          
       timer2_fck               1           1            24000000   0          
       timer4_fck               0           1            24000000   0          
       timer5_fck               0           1            24000000   0          
       timer7_fck               0           1            24000000   0          
       dbg_sysclk_ck            0           1            24000000   0          
 virt_19200000_ck               0           0            19200000   0          
 clk_rc32k_ck                   1           1            32000      0          
    gpio0_dbclk_mux_ck          1           1            32000      0          
       gpio0_dbclk              1           2            32000      0          
 clk_32768_ck                   1           2            32768      0          
    sysclkout_pre_ck            1           1            32768      0          
       clkout2_div_ck           1           1            32768      0          
          clkout2_ck            1           1            32768      0          
=======
Orphan Clks:
=======
Hello World Board Booted
root@am335x-evm:/test# 
- 06:54:05 [INFO] Host: cat stderr.log
- 06:54:05 [INFO] Target: 
cat stderr.log
root@am335x-evm:/test# 
- 06:54:05 [INFO] Host: cat result.log
- 06:54:07 [ERROR] On command: cat result.log waiting for (?m-ix:^1[\0\n\r]+) >>> error: execution expired
- 06:54:07 [INFO] Target: 
cat result.log
root@am335x-evm:/test# 
- 06:54:07 [INFO] Host: cd /test
- 06:54:08 [INFO] Target: 
cd /test
root@am335x-evm:/test# 
