- 21:16:57 [INFO] Starting target session
- 21:16:57 [INFO] Connected to am335x-evm via serial 
- 21:16:57 [INFO] Host: 
- 21:16:59 [ERROR] On command:  waiting for (?-mix:login:) >>> error: execution expired
- 21:16:59 [INFO] Target: 

root@am335x-evm:/test# 
- 21:16:59 [INFO] Host: 
- 21:16:59 [INFO] Target: 

root@am335x-evm:/test# 
- 21:16:59 [INFO] Host: sync;poweroff
- 21:17:16 [INFO] Target: 
sync;poweroff


Broadcast message from root@am335x-evm (ttyO0) (Sat Dec 21 00:19:53 2013):



The system is going down for system halt NOW!


INIT: Switchin
INIT: Sending processes the TERM signal

root@am335x-evm:/test# 
INIT: Sending processStopping Dropbear SSH server: stopped /usr/sbin/dropbear (pid 1196)
dropbear.
Stopping telnet daemon.
Stopping system message bus: Error opening /dev/fb0: No such file or directory
Stopping syslogd/klogd: stopped syslogd (pid 1208)
stopped klogd (pid 1211)
done
Stopping thttpd.
ALSA: Storing mixer settings...
/usr/sbin/alsactl: save_state:1580: No soundcards found...
Deconfiguring network interfaces... done.
Stopping Lighttpd Web Server: stopped /usr/sbin/lighttpd (pid 1224)
lighttpd.
/etc/rc0.d/K96am335x-pm-firmware-load: line 4: /sys/devices/ocp.2/44d00000.wkup_m3/firmware/am335x-pm-firmware.bin/loading: No such file or directory
/etc/rc0.d/K96am335x-pm-firmware-load: line 5: /sys/devices/ocp.2/44d00000.wkup_m3/firmware/am335x-pm-firmware.bin/data: No such file or directory
/etc/rc0.d/K96am335x-pm-firmware-load: line 6: /sys/devices/ocp.2/44d00000.wkup_m3/firmware/am335x-pm-firmware.bin/loading: No such file or directory
Stopping Matrix GUI applicationstart-stop-daemon: warning: killing process 1233: No such process
.
***************************************************************
***************************************************************
NOTICE: This file system contains the followin GPLv3 packages:
	binutils-symlinks
	binutils
	gdbserver

If you do not wish to distribute GPLv3 components please remove
the above packages prior to distribution.  This can be done using
the opkg remove command.  i.e.:
    opkg remove <package>
Where <package> is the name printed in the list above

NOTE: If the package is a dependency of another package you
      will be notified of the dependent packages.  You should
      use the --force-removal-of-dependent-packages option to
      also remove the dependent packages as well
***************************************************************
***************************************************************
Sending all processes the TERM signal...
Sending all processes the KILL signal...
Unmounting remote filesystems...
Deactivating swap...
Unmounting local filesystems...
[ 1345.254477] FAT-fs (mmcblk0p1): unable to read inode block for updating (i_pos 3998714912)
[ 1345.263450] FAT-fs (mmcblk0p1): Failed to update on disk inode for unused fallocated blocks, inode could be corrupted. Please run fsck
[ 1347.411571] reboot: System halted

- 21:17:37 [INFO] Disconnected serial from am335x-evm
- 21:17:37 [INFO] Connected to am335x-evm via serial 
- 21:17:37 [INFO] Host: 
- 21:17:38 [ERROR] On command:  waiting for (?-mix:U-Boot#) >>> error: execution expired
- 21:17:38 [INFO] Target: 

U-Boot SPL 2013.10-g310aa48 (Dec 15 2013 - 22:31:18)

- 21:17:38 [INFO] Host: 
- 21:17:38 [ERROR] On command:  waiting for (?-mix:U-Boot#) >>> error: execution expired
- 21:17:38 [INFO] Target: 
reading args
spl: error reading image args, err - -1
reading u-boot.img
reading u-boot.img


U-Boot 2013.10-g310aa48 (Dec 15 2013 - 22:31:18)

I2C:   ready
DRAM:  1 GiB

- 21:17:38 [INFO] Host: 
- 21:17:39 [ERROR] On command:  waiting for (?-mix:U-Boot#) >>> error: execution expired
- 21:17:39 [INFO] Target: 
NAND:  256 MiB
MMC:   OMAP SD/MMC: 0, OMAP SD/MMC: 1

- 21:17:39 [INFO] Host: 
- 21:17:39 [INFO] Target: 
*** Warning - bad CRC, using default environment

Net:   <ethaddr> not set. Validating first E-fuse MAC
cpsw, usb_ether
Hit any key to stop autoboot:  3  0 
U-Boot# 
U-Boot# 
- 21:17:39 [INFO] Host: 
- 21:17:40 [INFO] Target: 

U-Boot# 
- 21:17:40 [INFO] Host: version
- 21:17:40 [INFO] Target: 
version

U-Boot 2013.10-g310aa48 (Dec 15 2013 - 22:31:18)
arm-linux-gnueabihf-gcc (crosstool-NG linaro-1.13.1-4.7-2013.03-20130313 - Linaro GCC 2013.03) 4.7.3 20130226 (prerelease)
GNU ld (crosstool-NG linaro-1.13.1-4.7-2013.03-20130313 - Linaro GCC 2013.03) 2.23.1
U-Boot# 
- 21:17:40 [INFO] Host: setenv bootargs 'console=ttyO0,115200n8 earlyprintk rootwait  '
- 21:17:41 [INFO] Target: 
setenv bootargs 'console=ttyO0,115200n8 earlyprintk rootwait  '
U-Boot# 
- 21:17:41 [INFO] Host: setenv bootcmd  ''
- 21:17:41 [INFO] Target: 
setenv bootcmd  ''
U-Boot# 
- 21:17:41 [INFO] Host: setenv autoload 'no'
- 21:17:42 [INFO] Target: 
setenv autoload 'no'
U-Boot# 
- 21:17:42 [INFO] Host: setenv serverip '192.168.0.1'
- 21:17:42 [INFO] Target: 
setenv serverip '192.168.0.1'
U-Boot# 
- 21:17:42 [INFO] Host: printenv
- 21:17:43 [INFO] Target: 
printenv
arch=arm
autoload=no
baudrate=115200
board=am335x
board_name=A33515BB
board_rev=1.5B
boot_fdt=try
boot_targets= mmc0 nand 
bootargs=console=ttyO0,115200n8 earlyprintk rootwait  
bootcmd=
bootcmd_mmc0=setenv devnum 0; setenv rootpart 2; run mmc_boot;
bootcmd_nand=run nandboot;
bootdelay=3
bootdir=/boot
bootenv=uEnv.txt
bootfile=zImage
bootpart=0:2
console=ttyO0,115200n8
cpu=armv7
dfu_alt_info_emmc=rawemmc mmc 0 3751936
dfu_alt_info_mmc=boot part 0 1;rootfs part 0 2;MLO fat 0 1;MLO.raw mmc 100 100;u-boot.img.raw mmc 300 400;spl-os-args.raw mmc 80 80;spl-os-image.raw mmc 900 2000;spl-os-args fat 0 1;spl-os-image fat 0 1;u-boot.img fat 0 1;uEnv.txt fat 0 1
dfu_alt_info_nand=SPL part 0 1;SPL.backup1 part 0 2;SPL.backup2 part 0 3;SPL.backup3 part 0 4;u-boot part 0 5;u-boot-spl-os part 0 6;kernel part 0 8;rootfs part 0 9
dfu_alt_info_ram=kernel ram 0x80200000 0xD80000;fdt ram 0x80F80000 0x80000;ramdisk ram 0x81000000 0x4000000
eth1addr=c8:a0:30:a1:b6:c2
ethact=cpsw
ethaddr=c8:a0:30:a1:b6:c0
fdt_high=0xa0000000
fdtaddr=0x80F80000
fdtfile=undefined
findfdt=if test $board_name = A335BONE; then setenv fdtfile am335x-bone.dtb; fi; if test $board_name = A335BNLT; then setenv fdtfile am335x-boneblack.dtb; fi; if test $board_name = A33515BB; then setenv fdtfile am335x-evm.dtb; fi; if test $board_name = A335X_SK; then setenv fdtfile am335x-evmsk.dtb; fi; if test $fdtfile = undefined; then echo WARNING: Could not determine device tree to use; fi; 
importbootenv=echo Importing environment from mmc ...; env import -t $loadaddr $filesize
loadaddr=0x80200000
loadbootenv=load mmc ${mmcdev} ${loadaddr} ${bootenv}
loadfdt=load mmc ${bootpart} ${fdtaddr} ${bootdir}/${fdtfile}
loadimage=load mmc ${bootpart} ${loadaddr} ${bootdir}/${bootfile}
loadramdisk=load mmc ${mmcdev} ${rdaddr} ramdisk.gz
mmc_boot=setenv devtype mmc; if mmc dev ${devnum}; then run mmcargs;run scan_boot; run mmcboot;setenv mmcdev 1; setenv bootpart 1:2; run mmcboot;fi
mmcargs=setenv bootargs console=${console} ${optargs} root=${mmcroot} rootfstype=${mmcrootfstype}
mmcboot=mmc dev ${mmcdev}; if mmc rescan; then echo SD/MMC found on device ${mmcdev};if run loadbootenv; then echo Loaded environment from ${bootenv};run importbootenv;fi;if test -n $uenvcmd; then echo Running uenvcmd ...;run uenvcmd;fi;if run loadimage; then run mmcloados;fi;fi;
mmcdev=0
mmcloados=run mmcargs; if test ${boot_fdt} = yes || test ${boot_fdt} = try; then if run loadfdt; then bootz ${loadaddr} - ${fdtaddr}; else if test ${boot_fdt} = try; then bootz; else echo WARN: Cannot load the DT; fi; fi; else bootz; fi;
mmcroot=/dev/mmcblk0p2 ro
mmcrootfstype=ext4 rootwait
mtdids=nand0=nand.0
mtdparts=mtdparts=nand.0:128k(SPL),128k(SPL.backup1),128k(SPL.backup2),640k(SPL.backup3),1m(u-boot),512k(u-boot-spl-os),256k(u-boot-env),256k(u-boot-env.backup1),5m(kernel),-(rootfs)
nandargs=setenv bootargs console=${console} ${optargs} root=${nandroot} rootfstype=${nandrootfstype}
nandboot=echo Booting from nand ...; run nandargs; nand read ${fdtaddr} u-boot-spl-os; nand read ${loadaddr} kernel; bootz ${loadaddr} - ${fdtaddr}
nandroot=ubi0:rootfs rw ubi.mtd=9,2048
nandrootfstype=ubifs rootwait=1
netargs=setenv bootargs console=${console} ${optargs} root=/dev/nfs nfsroot=${serverip}:${rootpath},${nfsopts} rw ip=dhcp
netboot=echo Booting from network ...; setenv autoload no; dhcp; tftp ${loadaddr} ${bootfile}; tftp ${fdtaddr} ${fdtfile}; run netargs; bootz ${loadaddr} - ${fdtaddr}
nfsopts=nolock
ramargs=setenv bootargs console=${console} ${optargs} root=${ramroot} rootfstype=${ramrootfstype}
ramboot=echo Booting from ramdisk ...; run ramargs; bootz ${loadaddr} ${rdaddr} ${fdtaddr}
ramroot=/dev/ram0 rw ramdisk_size=65536 initrd=${rdaddr},64M
ramrootfstype=ext2
rdaddr=0x81000000
rootpart=2
rootpath=/export/rootfs
scan_boot=echo Scanning ${devtype} ${devnum}...; for prefix in ${bootdir}; do for script in ${bootfile}; do run script_boot; done; done;
script_boot=if load ${devtype} ${devnum}:${rootpart} ${loadaddr} ${bootdir}/${bootfile}; then run findfdt; load ${devtype} ${devnum}:${rootpart} ${fdtaddr} ${bootdir}/${fdtfile};fi;
serverip=192.168.0.1
soc=am33xx
spiargs=setenv bootargs console=${console} ${optargs} root=${spiroot} rootfstype=${spirootfstype}
spiboot=echo Booting from spi ...; run spiargs; sf probe ${spibusno}:0; sf read ${loadaddr} ${spisrcaddr} ${spiimgsize}; bootz ${loadaddr}
spibusno=0
spiimgsize=0x362000
spiroot=/dev/mtdblock4 rw
spirootfstype=jffs2
spisrcaddr=0xe0000
static_ip=${ipaddr}:${serverip}:${gatewayip}:${netmask}:${hostname}::off
stderr=serial
stdin=serial
stdout=serial
usbnet_devaddr=c8:a0:30:a1:b6:c2
vendor=ti
ver=U-Boot 2013.10-g310aa48 (Dec 15 2013 - 22:31:18)

Environment size: 4824/131067 bytes
U-Boot# 
- 21:17:43 [INFO] Host: printenv
- 21:17:43 [INFO] Target: 
printenv
arch=arm
autoload=no
baudrate=115200
board=am335x
board_name=A33515BB
board_rev=1.5B
boot_fdt=try
boot_targets= mmc0 nand 
bootargs=console=ttyO0,115200n8 earlyprintk rootwait  
bootcmd=
bootcmd_mmc0=setenv devnum 0; setenv rootpart 2; run mmc_boot;
bootcmd_nand=run nandboot;
bootdelay=3
bootdir=/boot
bootenv=uEnv.txt
bootfile=zImage
bootpart=0:2
console=ttyO0,115200n8
cpu=armv7
dfu_alt_info_emmc=rawemmc mmc 0 3751936
dfu_alt_info_mmc=boot part 0 1;rootfs part 0 2;MLO fat 0 1;MLO.raw mmc 100 100;u-boot.img.raw mmc 300 400;spl-os-args.raw mmc 80 80;spl-os-image.raw mmc 900 2000;spl-os-args fat 0 1;spl-os-image fat 0 1;u-boot.img fat 0 1;uEnv.txt fat 0 1
dfu_alt_info_nand=SPL part 0 1;SPL.backup1 part 0 2;SPL.backup2 part 0 3;SPL.backup3 part 0 4;u-boot part 0 5;u-boot-spl-os part 0 6;kernel part 0 8;rootfs part 0 9
dfu_alt_info_ram=kernel ram 0x80200000 0xD80000;fdt ram 0x80F80000 0x80000;ramdisk ram 0x81000000 0x4000000
eth1addr=c8:a0:30:a1:b6:c2
ethact=cpsw
ethaddr=c8:a0:30:a1:b6:c0
fdt_high=0xa0000000
fdtaddr=0x80F80000
fdtfile=undefined
findfdt=if test $board_name = A335BONE; then setenv fdtfile am335x-bone.dtb; fi; if test $board_name = A335BNLT; then setenv fdtfile am335x-boneblack.dtb; fi; if test $board_name = A33515BB; then setenv fdtfile am335x-evm.dtb; fi; if test $board_name = A335X_SK; then setenv fdtfile am335x-evmsk.dtb; fi; if test $fdtfile = undefined; then echo WARNING: Could not determine device tree to use; fi; 
importbootenv=echo Importing environment from mmc ...; env import -t $loadaddr $filesize
loadaddr=0x80200000
loadbootenv=load mmc ${mmcdev} ${loadaddr} ${bootenv}
loadfdt=load mmc ${bootpart} ${fdtaddr} ${bootdir}/${fdtfile}
loadimage=load mmc ${bootpart} ${loadaddr} ${bootdir}/${bootfile}
loadramdisk=load mmc ${mmcdev} ${rdaddr} ramdisk.gz
mmc_boot=setenv devtype mmc; if mmc dev ${devnum}; then run mmcargs;run scan_boot; run mmcboot;setenv mmcdev 1; setenv bootpart 1:2; run mmcboot;fi
mmcargs=setenv bootargs console=${console} ${optargs} root=${mmcroot} rootfstype=${mmcrootfstype}
mmcboot=mmc dev ${mmcdev}; if mmc rescan; then echo SD/MMC found on device ${mmcdev};if run loadbootenv; then echo Loaded environment from ${bootenv};run importbootenv;fi;if test -n $uenvcmd; then echo Running uenvcmd ...;run uenvcmd;fi;if run loadimage; then run mmcloados;fi;fi;
mmcdev=0
mmcloados=run mmcargs; if test ${boot_fdt} = yes || test ${boot_fdt} = try; then if run loadfdt; then bootz ${loadaddr} - ${fdtaddr}; else if test ${boot_fdt} = try; then bootz; else echo WARN: Cannot load the DT; fi; fi; else bootz; fi;
mmcroot=/dev/mmcblk0p2 ro
mmcrootfstype=ext4 rootwait
mtdids=nand0=nand.0
mtdparts=mtdparts=nand.0:128k(SPL),128k(SPL.backup1),128k(SPL.backup2),640k(SPL.backup3),1m(u-boot),512k(u-boot-spl-os),256k(u-boot-env),256k(u-boot-env.backup1),5m(kernel),-(rootfs)
nandargs=setenv bootargs console=${console} ${optargs} root=${nandroot} rootfstype=${nandrootfstype}
nandboot=echo Booting from nand ...; run nandargs; nand read ${fdtaddr} u-boot-spl-os; nand read ${loadaddr} kernel; bootz ${loadaddr} - ${fdtaddr}
nandroot=ubi0:rootfs rw ubi.mtd=9,2048
nandrootfstype=ubifs rootwait=1
netargs=setenv bootargs console=${console} ${optargs} root=/dev/nfs nfsroot=${serverip}:${rootpath},${nfsopts} rw ip=dhcp
netboot=echo Booting from network ...; setenv autoload no; dhcp; tftp ${loadaddr} ${bootfile}; tftp ${fdtaddr} ${fdtfile}; run netargs; bootz ${loadaddr} - ${fdtaddr}
nfsopts=nolock
ramargs=setenv bootargs console=${console} ${optargs} root=${ramroot} rootfstype=${ramrootfstype}
ramboot=echo Booting from ramdisk ...; run ramargs; bootz ${loadaddr} ${rdaddr} ${fdtaddr}
ramroot=/dev/ram0 rw ramdisk_size=65536 initrd=${rdaddr},64M
ramrootfstype=ext2
rdaddr=0x81000000
rootpart=2
rootpath=/export/rootfs
scan_boot=echo Scanning ${devtype} ${devnum}...; for prefix in ${bootdir}; do for script in ${bootfile}; do run script_boot; done; done;
script_boot=if load ${devtype} ${devnum}:${rootpart} ${loadaddr} ${bootdir}/${bootfile}; then run findfdt; load ${devtype} ${devnum}:${rootpart} ${fdtaddr} ${bootdir}/${fdtfile};fi;
serverip=192.168.0.1
soc=am33xx
spiargs=setenv bootargs console=${console} ${optargs} root=${spiroot} rootfstype=${spirootfstype}
spiboot=echo Booting from spi ...; run spiargs; sf probe ${spibusno}:0; sf read ${loadaddr} ${spisrcaddr} ${spiimgsize}; bootz ${loadaddr}
spibusno=0
spiimgsize=0x362000
spiroot=/dev/mtdblock4 rw
spirootfstype=jffs2
spisrcaddr=0xe0000
static_ip=${ipaddr}:${serverip}:${gatewayip}:${netmask}:${hostname}::off
stderr=serial
stdin=serial
stdout=serial
usbnet_devaddr=c8:a0:30:a1:b6:c2
vendor=ti
ver=U-Boot 2013.10-g310aa48 (Dec 15 2013 - 22:31:18)

Environment size: 4824/131067 bytes
U-Boot# 
- 21:17:43 [INFO] Host: setenv bootargs ''${bootargs}' ip=dhcp '
- 21:17:44 [INFO] Target: 
setenv bootargs ''${bootargs}' ip=dhcp '
U-Boot# 
- 21:17:44 [INFO] Host: setenv ipaddr dhcp
- 21:17:44 [INFO] Target: 
setenv ipaddr dhcp
U-Boot# 
- 21:17:44 [INFO] Host: dhcp
- 21:17:46 [INFO] Target: 
dhcp
link up on port 0, speed 1000, full duplex
BOOTP broadcast 1
DHCP client bound to address 192.168.0.100
U-Boot# 
- 21:17:46 [INFO] Host: setenv serverip '192.168.0.1'
- 21:17:46 [INFO] Target: 
setenv serverip '192.168.0.1'
U-Boot# 
- 21:17:46 [INFO] Host: tftp ${loadaddr} 192.168.0.1:vatf_am335x-evm/abe308cddd7311ae577a6e5f76e874d0
- 21:17:47 [INFO] Target: 
tftp ${loadaddr} 192.168.0.1:vatf_am335x-evm/abe308cddd7311ae577a6e5f76e874d0
link up on port 0, speed 1000, full duplex
Using cpsw device
TFTP from server 192.168.0.1; our IP address is 192.168.0.100
Filename 'vatf_am335x-evm/abe308cddd7311ae577a6e5f76e874d0'.
Load address: 0x80200000
Loading: *#################################################################
	 #################################################################
	 #################################################################
	 #################################################################
	 ###########################################################
	 9.2 MiB/s
done
Bytes transferred = 4677648 (476010 hex)
U-Boot# 
- 21:17:47 [INFO] Host: tftp ${fdtaddr} 192.168.0.1:vatf_am335x-evm/1ab1975fa4fb6f31c809c2ae891cdad5
- 21:17:48 [INFO] Target: 
tftp ${fdtaddr} 192.168.0.1:vatf_am335x-evm/1ab1975fa4fb6f31c809c2ae891cdad5
link up on port 0, speed 1000, full duplex
Using cpsw device
TFTP from server 192.168.0.1; our IP address is 192.168.0.100
Filename 'vatf_am335x-evm/1ab1975fa4fb6f31c809c2ae891cdad5'.
Load address: 0x80f80000
Loading: *###
	 8.3 MiB/s
done
Bytes transferred = 34983 (88a7 hex)
U-Boot# 
- 21:17:48 [INFO] Host: printenv
- 21:17:48 [INFO] Target: 
printenv
arch=arm
autoload=no
baudrate=115200
board=am335x
board_name=A33515BB
board_rev=1.5B
boot_fdt=try
boot_targets= mmc0 nand 
bootargs=console=ttyO0,115200n8 earlyprintk rootwait ip=dhcp
bootcmd=
bootcmd_mmc0=setenv devnum 0; setenv rootpart 2; run mmc_boot;
bootcmd_nand=run nandboot;
bootdelay=3
bootdir=/boot
bootenv=uEnv.txt
bootfile=zImage
bootpart=0:2
console=ttyO0,115200n8
cpu=armv7
dfu_alt_info_emmc=rawemmc mmc 0 3751936
dfu_alt_info_mmc=boot part 0 1;rootfs part 0 2;MLO fat 0 1;MLO.raw mmc 100 100;u-boot.img.raw mmc 300 400;spl-os-args.raw mmc 80 80;spl-os-image.raw mmc 900 2000;spl-os-args fat 0 1;spl-os-image fat 0 1;u-boot.img fat 0 1;uEnv.txt fat 0 1
dfu_alt_info_nand=SPL part 0 1;SPL.backup1 part 0 2;SPL.backup2 part 0 3;SPL.backup3 part 0 4;u-boot part 0 5;u-boot-spl-os part 0 6;kernel part 0 8;rootfs part 0 9
dfu_alt_info_ram=kernel ram 0x80200000 0xD80000;fdt ram 0x80F80000 0x80000;ramdisk ram 0x81000000 0x4000000
dnsip=192.0.2.2
dnsip2=192.0.2.3
eth1addr=c8:a0:30:a1:b6:c2
ethact=cpsw
ethaddr=c8:a0:30:a1:b6:c0
fdt_high=0xa0000000
fdtaddr=0x80F80000
fdtfile=undefined
fileaddr=80f80000
filesize=88a7
findfdt=if test $board_name = A335BONE; then setenv fdtfile am335x-bone.dtb; fi; if test $board_name = A335BNLT; then setenv fdtfile am335x-boneblack.dtb; fi; if test $board_name = A33515BB; then setenv fdtfile am335x-evm.dtb; fi; if test $board_name = A335X_SK; then setenv fdtfile am335x-evmsk.dtb; fi; if test $fdtfile = undefined; then echo WARNING: Could not determine device tree to use; fi; 
gatewayip=192.168.0.1
importbootenv=echo Importing environment from mmc ...; env import -t $loadaddr $filesize
ipaddr=192.168.0.100
loadaddr=0x80200000
loadbootenv=load mmc ${mmcdev} ${loadaddr} ${bootenv}
loadfdt=load mmc ${bootpart} ${fdtaddr} ${bootdir}/${fdtfile}
loadimage=load mmc ${bootpart} ${loadaddr} ${bootdir}/${bootfile}
loadramdisk=load mmc ${mmcdev} ${rdaddr} ramdisk.gz
mmc_boot=setenv devtype mmc; if mmc dev ${devnum}; then run mmcargs;run scan_boot; run mmcboot;setenv mmcdev 1; setenv bootpart 1:2; run mmcboot;fi
mmcargs=setenv bootargs console=${console} ${optargs} root=${mmcroot} rootfstype=${mmcrootfstype}
mmcboot=mmc dev ${mmcdev}; if mmc rescan; then echo SD/MMC found on device ${mmcdev};if run loadbootenv; then echo Loaded environment from ${bootenv};run importbootenv;fi;if test -n $uenvcmd; then echo Running uenvcmd ...;run uenvcmd;fi;if run loadimage; then run mmcloados;fi;fi;
mmcdev=0
mmcloados=run mmcargs; if test ${boot_fdt} = yes || test ${boot_fdt} = try; then if run loadfdt; then bootz ${loadaddr} - ${fdtaddr}; else if test ${boot_fdt} = try; then bootz; else echo WARN: Cannot load the DT; fi; fi; else bootz; fi;
mmcroot=/dev/mmcblk0p2 ro
mmcrootfstype=ext4 rootwait
mtdids=nand0=nand.0
mtdparts=mtdparts=nand.0:128k(SPL),128k(SPL.backup1),128k(SPL.backup2),640k(SPL.backup3),1m(u-boot),512k(u-boot-spl-os),256k(u-boot-env),256k(u-boot-env.backup1),5m(kernel),-(rootfs)
nandargs=setenv bootargs console=${console} ${optargs} root=${nandroot} rootfstype=${nandrootfstype}
nandboot=echo Booting from nand ...; run nandargs; nand read ${fdtaddr} u-boot-spl-os; nand read ${loadaddr} kernel; bootz ${loadaddr} - ${fdtaddr}
nandroot=ubi0:rootfs rw ubi.mtd=9,2048
nandrootfstype=ubifs rootwait=1
netargs=setenv bootargs console=${console} ${optargs} root=/dev/nfs nfsroot=${serverip}:${rootpath},${nfsopts} rw ip=dhcp
netboot=echo Booting from network ...; setenv autoload no; dhcp; tftp ${loadaddr} ${bootfile}; tftp ${fdtaddr} ${fdtfile}; run netargs; bootz ${loadaddr} - ${fdtaddr}
netmask=255.255.255.0
nfsopts=nolock
ramargs=setenv bootargs console=${console} ${optargs} root=${ramroot} rootfstype=${ramrootfstype}
ramboot=echo Booting from ramdisk ...; run ramargs; bootz ${loadaddr} ${rdaddr} ${fdtaddr}
ramroot=/dev/ram0 rw ramdisk_size=65536 initrd=${rdaddr},64M
ramrootfstype=ext2
rdaddr=0x81000000
rootpart=2
rootpath=/export/rootfs
scan_boot=echo Scanning ${devtype} ${devnum}...; for prefix in ${bootdir}; do for script in ${bootfile}; do run script_boot; done; done;
script_boot=if load ${devtype} ${devnum}:${rootpart} ${loadaddr} ${bootdir}/${bootfile}; then run findfdt; load ${devtype} ${devnum}:${rootpart} ${fdtaddr} ${bootdir}/${fdtfile};fi;
serverip=192.168.0.1
soc=am33xx
spiargs=setenv bootargs console=${console} ${optargs} root=${spiroot} rootfstype=${spirootfstype}
spiboot=echo Booting from spi ...; run spiargs; sf probe ${spibusno}:0; sf read ${loadaddr} ${spisrcaddr} ${spiimgsize}; bootz ${loadaddr}
spibusno=0
spiimgsize=0x362000
spiroot=/dev/mtdblock4 rw
spirootfstype=jffs2
spisrcaddr=0xe0000
static_ip=${ipaddr}:${serverip}:${gatewayip}:${netmask}:${hostname}::off
stderr=serial
stdin=serial
stdout=serial
usbnet_devaddr=c8:a0:30:a1:b6:c2
vendor=ti
ver=U-Boot 2013.10-g310aa48 (Dec 15 2013 - 22:31:18)

Environment size: 4974/131067 bytes
U-Boot# 
- 21:17:48 [INFO] Host: setenv bootargs ''${bootargs}' root=/dev/mmcblk0p2 rw rootfstype=ext3 rootwait '
- 21:17:49 [INFO] Target: 
setenv bootargs ''${bootargs}' root=/dev/mmcblk0p2 rw rootfstype=ext3 rootwait '
U-Boot# 
- 21:17:49 [INFO] Host: printenv
- 21:17:49 [INFO] Target: 
printenv
arch=arm
autoload=no
baudrate=115200
board=am335x
board_name=A33515BB
board_rev=1.5B
boot_fdt=try
boot_targets= mmc0 nand 
bootargs=console=ttyO0,115200n8 earlyprintk rootwait ip=dhcp root=/dev/mmcblk0p2 rw rootfstype=ext3 rootwait
bootcmd=
bootcmd_mmc0=setenv devnum 0; setenv rootpart 2; run mmc_boot;
bootcmd_nand=run nandboot;
bootdelay=3
bootdir=/boot
bootenv=uEnv.txt
bootfile=zImage
bootpart=0:2
console=ttyO0,115200n8
cpu=armv7
dfu_alt_info_emmc=rawemmc mmc 0 3751936
dfu_alt_info_mmc=boot part 0 1;rootfs part 0 2;MLO fat 0 1;MLO.raw mmc 100 100;u-boot.img.raw mmc 300 400;spl-os-args.raw mmc 80 80;spl-os-image.raw mmc 900 2000;spl-os-args fat 0 1;spl-os-image fat 0 1;u-boot.img fat 0 1;uEnv.txt fat 0 1
dfu_alt_info_nand=SPL part 0 1;SPL.backup1 part 0 2;SPL.backup2 part 0 3;SPL.backup3 part 0 4;u-boot part 0 5;u-boot-spl-os part 0 6;kernel part 0 8;rootfs part 0 9
dfu_alt_info_ram=kernel ram 0x80200000 0xD80000;fdt ram 0x80F80000 0x80000;ramdisk ram 0x81000000 0x4000000
dnsip=192.0.2.2
dnsip2=192.0.2.3
eth1addr=c8:a0:30:a1:b6:c2
ethact=cpsw
ethaddr=c8:a0:30:a1:b6:c0
fdt_high=0xa0000000
fdtaddr=0x80F80000
fdtfile=undefined
fileaddr=80f80000
filesize=88a7
findfdt=if test $board_name = A335BONE; then setenv fdtfile am335x-bone.dtb; fi; if test $board_name = A335BNLT; then setenv fdtfile am335x-boneblack.dtb; fi; if test $board_name = A33515BB; then setenv fdtfile am335x-evm.dtb; fi; if test $board_name = A335X_SK; then setenv fdtfile am335x-evmsk.dtb; fi; if test $fdtfile = undefined; then echo WARNING: Could not determine device tree to use; fi; 
gatewayip=192.168.0.1
importbootenv=echo Importing environment from mmc ...; env import -t $loadaddr $filesize
ipaddr=192.168.0.100
loadaddr=0x80200000
loadbootenv=load mmc ${mmcdev} ${loadaddr} ${bootenv}
loadfdt=load mmc ${bootpart} ${fdtaddr} ${bootdir}/${fdtfile}
loadimage=load mmc ${bootpart} ${loadaddr} ${bootdir}/${bootfile}
loadramdisk=load mmc ${mmcdev} ${rdaddr} ramdisk.gz
mmc_boot=setenv devtype mmc; if mmc dev ${devnum}; then run mmcargs;run scan_boot; run mmcboot;setenv mmcdev 1; setenv bootpart 1:2; run mmcboot;fi
mmcargs=setenv bootargs console=${console} ${optargs} root=${mmcroot} rootfstype=${mmcrootfstype}
mmcboot=mmc dev ${mmcdev}; if mmc rescan; then echo SD/MMC found on device ${mmcdev};if run loadbootenv; then echo Loaded environment from ${bootenv};run importbootenv;fi;if test -n $uenvcmd; then echo Running uenvcmd ...;run uenvcmd;fi;if run loadimage; then run mmcloados;fi;fi;
mmcdev=0
mmcloados=run mmcargs; if test ${boot_fdt} = yes || test ${boot_fdt} = try; then if run loadfdt; then bootz ${loadaddr} - ${fdtaddr}; else if test ${boot_fdt} = try; then bootz; else echo WARN: Cannot load the DT; fi; fi; else bootz; fi;
mmcroot=/dev/mmcblk0p2 ro
mmcrootfstype=ext4 rootwait
mtdids=nand0=nand.0
mtdparts=mtdparts=nand.0:128k(SPL),128k(SPL.backup1),128k(SPL.backup2),640k(SPL.backup3),1m(u-boot),512k(u-boot-spl-os),256k(u-boot-env),256k(u-boot-env.backup1),5m(kernel),-(rootfs)
nandargs=setenv bootargs console=${console} ${optargs} root=${nandroot} rootfstype=${nandrootfstype}
nandboot=echo Booting from nand ...; run nandargs; nand read ${fdtaddr} u-boot-spl-os; nand read ${loadaddr} kernel; bootz ${loadaddr} - ${fdtaddr}
nandroot=ubi0:rootfs rw ubi.mtd=9,2048
nandrootfstype=ubifs rootwait=1
netargs=setenv bootargs console=${console} ${optargs} root=/dev/nfs nfsroot=${serverip}:${rootpath},${nfsopts} rw ip=dhcp
netboot=echo Booting from network ...; setenv autoload no; dhcp; tftp ${loadaddr} ${bootfile}; tftp ${fdtaddr} ${fdtfile}; run netargs; bootz ${loadaddr} - ${fdtaddr}
netmask=255.255.255.0
nfsopts=nolock
ramargs=setenv bootargs console=${console} ${optargs} root=${ramroot} rootfstype=${ramrootfstype}
ramboot=echo Booting from ramdisk ...; run ramargs; bootz ${loadaddr} ${rdaddr} ${fdtaddr}
ramroot=/dev/ram0 rw ramdisk_size=65536 initrd=${rdaddr},64M
ramrootfstype=ext2
rdaddr=0x81000000
rootpart=2
rootpath=/export/rootfs
scan_boot=echo Scanning ${devtype} ${devnum}...; for prefix in ${bootdir}; do for script in ${bootfile}; do run script_boot; done; done;
script_boot=if load ${devtype} ${devnum}:${rootpart} ${loadaddr} ${bootdir}/${bootfile}; then run findfdt; load ${devtype} ${devnum}:${rootpart} ${fdtaddr} ${bootdir}/${fdtfile};fi;
serverip=192.168.0.1
soc=am33xx
spiargs=setenv bootargs console=${console} ${optargs} root=${spiroot} rootfstype=${spirootfstype}
spiboot=echo Booting from spi ...; run spiargs; sf probe ${spibusno}:0; sf read ${loadaddr} ${spisrcaddr} ${spiimgsize}; bootz ${loadaddr}
spibusno=0
spiimgsize=0x362000
spiroot=/dev/mtdblock4 rw
spirootfstype=jffs2
spisrcaddr=0xe0000
static_ip=${ipaddr}:${serverip}:${gatewayip}:${netmask}:${hostname}::off
stderr=serial
stdin=serial
stdout=serial
usbnet_devaddr=c8:a0:30:a1:b6:c2
vendor=ti
ver=U-Boot 2013.10-g310aa48 (Dec 15 2013 - 22:31:18)

Environment size: 5022/131067 bytes
U-Boot# 
- 21:17:49 [INFO] Host: setenv bootcmd ''${bootcmd}' if iminfo ${loadaddr}; then bootm ${loadaddr} - ${fdtaddr}; else bootz ${loadaddr} - ${fdtaddr}; bootm ${loadaddr} - ${fdtaddr}; fi'
- 21:17:50 [INFO] Target: 
setenv bootcmd ''${bootcmd}' if iminfo ${loadaddr}; then bootm ${loadaddr} - ${fdtaddr}; else bootz ${loadaddr} - ${fdtaddr}; bootm ${loadaddr} - ${fdtaddr}; fi'
U-Boot# 
- 21:17:50 [INFO] Host: bdinfo
- 21:17:50 [INFO] Target: 
bdinfo
arch_number = 0x00000E05
boot_params = 0x80000100
DRAM bank   = 0x00000000
-> start    = 0x80000000
-> size     = 0x40000000
eth0name    = cpsw
ethaddr     = c8:a0:30:a1:b6:c0
eth1name    = usb_ether
eth1addr    = c8:a0:30:a1:b6:c2
current eth = cpsw
ip_addr     = 192.168.0.100
baudrate    = 115200 bps
TLB addr    = 0xBFFF0000
relocaddr   = 0xBF750000
reloc off   = 0x3EF50000
irq_sp      = 0xBF62FF38
sp start    = 0xBF62FF28
U-Boot# 
- 21:17:50 [INFO] Host: boot
- 21:18:08 [INFO] Target: 
boot

## Checking Image at 80200000 ...
Unknown image format!
Kernel image @ 0x80200000 [ 0x000000 - 0x476010 ]
## Flattened Device Tree blob at 80f80000
   Booting using the fdt blob at 0x80f80000
   Loading Device Tree to 9fff4000, end 9ffff8a6 ... OK

Starting kernel ...

[    0.000000] Booting Linux on physical CPU 0x0
[    0.000000] Linux version 3.15.0-rc4-next-20140508-00002-g57e6c99 (nmenon@kahuna) (gcc version 4.6.3 (Ubuntu/Linaro 4.6.3-1ubuntu5) ) #2 SMP Thu May 8 12:19:32 CDT 2014
[    0.000000] CPU: ARMv7 Processor [413fc082] revision 2 (ARMv7), cr=10c5387d
[    0.000000] CPU: PIPT / VIPT nonaliasing data cache, VIPT aliasing instruction cache
[    0.000000] Machine model: TI AM335x EVM
[    0.000000] cma: CMA: reserved 64 MiB at ab800000
[    0.000000] Memory policy: Data cache writeback
[    0.000000] CPU: All CPU(s) started in SVC mode.
[    0.000000] AM335X ES2.1 (sgx neon )
[    0.000000] PERCPU: Embedded 7 pages/cpu @eafaf000 s7744 r8192 d12736 u32768
[    0.000000] Built 1 zonelists in Zone order, mobility grouping on.  Total pages: 260368
[    0.000000] Kernel command line: console=ttyO0,115200n8 earlyprintk rootwait ip=dhcp root=/dev/mmcblk0p2 rw rootfstype=ext3 rootwait
[    0.000000] PID hash table entries: 4096 (order: 2, 16384 bytes)
[    0.000000] Dentry cache hash table entries: 131072 (order: 7, 524288 bytes)
[    0.000000] Inode-cache hash table entries: 65536 (order: 6, 262144 bytes)
[    0.000000] Memory: 962512K/1047552K available (6090K kernel code, 809K rwdata, 2412K rodata, 555K init, 289K bss, 85040K reserved, 269312K highmem)
[    0.000000] Virtual kernel memory layout:
[    0.000000]     vector  : 0xffff0000 - 0xffff1000   (   4 kB)
[    0.000000]     fixmap  : 0xffc00000 - 0xffe00000   (2048 kB)
[    0.000000]     vmalloc : 0xf0000000 - 0xff000000   ( 240 MB)
[    0.000000]     lowmem  : 0xc0000000 - 0xef800000   ( 760 MB)
[    0.000000]     pkmap   : 0xbfe00000 - 0xc0000000   (   2 MB)
[    0.000000]     modules : 0xbf000000 - 0xbfe00000   (  14 MB)
[    0.000000]       .text : 0xc0208000 - 0xc0a55bf8   (8503 kB)
[    0.000000]       .init : 0xc0a56000 - 0xc0ae0e40   ( 556 kB)
[    0.000000]       .data : 0xc0ae2000 - 0xc0bac6e0   ( 810 kB)
[    0.000000]        .bss : 0xc0bac6e8 - 0xc0bf4d58   ( 290 kB)
[    0.000000] SLUB: HWalign=64, Order=0-3, MinObjects=0, CPUs=1, Nodes=1
[    0.000000] Hierarchical RCU implementation.
[    0.000000] 	RCU restricting CPUs from NR_CPUS=4 to nr_cpu_ids=1.
[    0.000000] RCU: Adjusting geometry for rcu_fanout_leaf=16, nr_cpu_ids=1
[    0.000000] NR_IRQS:16 nr_irqs:16 16
[    0.000000] IRQ: Found an INTC at 0xfa200000 (revision 5.0) with 128 interrupts
[    0.000000] Total of 128 interrupts on 1 active controller
[    0.000000] OMAP clockevent source: timer2 at 24000000 Hz
[    0.000013] sched_clock: 32 bits at 24MHz, resolution 41ns, wraps every 178956969942ns
[    0.000032] OMAP clocksource: timer1 at 24000000 Hz
[    0.000198] Console: colour dummy device 80x30
[    0.000230] Calibrating delay loop... 996.14 BogoMIPS (lpj=4980736)
[    0.089489] pid_max: default: 32768 minimum: 301
[    0.089639] Mount-cache hash table entries: 2048 (order: 1, 8192 bytes)
[    0.089649] Mountpoint-cache hash table entries: 2048 (order: 1, 8192 bytes)
[    0.090246] CPU: Testing write buffer coherency: ok
[    0.090561] CPU0: thread -1, cpu 0, socket -1, mpidr 0
[    0.090665] Setting up static identity map for 0x807c1b90 - 0x807c1c28
[    0.092428] Brought up 1 CPUs
[    0.092443] SMP: Total of 1 processors activated.
[    0.092451] CPU: All CPU(s) started in SVC mode.
[    0.093039] devtmpfs: initialized
[    0.096477] VFP support v0.3: implementor 41 architecture 3 part 30 variant c rev 3
[    0.106676] omap_hwmod: tptc0 using broken dt data from edma
[    0.106791] omap_hwmod: tptc1 using broken dt data from edma
[    0.106910] omap_hwmod: tptc2 using broken dt data from edma
[    0.111406] omap_hwmod: debugss: _wait_target_disable failed
[    0.165806] pinctrl core: initialized pinctrl subsystem
[    0.166324] regulator-dummy: no parameters
[    0.180188] NET: Registered protocol family 16
[    0.182565] DMA: preallocated 256 KiB pool for atomic coherent allocations
[    0.184267] cpuidle: using governor ladder
[    0.184288] cpuidle: using governor menu
[    0.191008] platform 49000000.edma: alias fck already exists
[    0.191034] platform 49000000.edma: alias fck already exists
[    0.191046] platform 49000000.edma: alias fck already exists
[    0.191770] OMAP GPIO hardware version 0.1
[    0.197453] omap-gpmc 50000000.gpmc: could not find pctldev for node /pinmux@44e10800/nandflash_pins_s0, deferring probe
[    0.197483] platform 50000000.gpmc: Driver omap-gpmc requests probe deferral
[    0.199716] No ATAGs?
[    0.202266] Serial: AMBA PL011 UART driver
[    0.219103] edma-dma-engine edma-dma-engine.0: TI EDMA DMA engine driver
[    0.219899] vbat: 5000 mV 
[    0.220165] lis3_reg: no parameters
[    0.222046] vgaarb: loaded
[    0.222650] SCSI subsystem initialized
[    0.223398] usbcore: registered new interface driver usbfs
[    0.223465] usbcore: registered new interface driver hub
[    0.223604] usbcore: registered new device driver usb
[    0.224193] omap_i2c 44e0b000.i2c: could not find pctldev for node /pinmux@44e10800/pinmux_i2c0_pins, deferring probe
[    0.224220] platform 44e0b000.i2c: Driver omap_i2c requests probe deferral
[    0.224246] omap_i2c 4802a000.i2c: could not find pctldev for node /pinmux@44e10800/pinmux_i2c1_pins, deferring probe
[    0.224260] platform 4802a000.i2c: Driver omap_i2c requests probe deferral
[    0.224501] Linux video capture interface: v2.00
[    0.224559] pps_core: LinuxPPS API ver. 1 registered
[    0.224567] pps_core: Software ver. 5.3.6 - Copyright 2005-2007 Rodolfo Giometti <giometti@linux.it>
[    0.224594] PTP clock support registered
[    0.224671] EDAC MC: Ver: 3.0.0
[    0.225515] Advanced Linux Sound Architecture Driver Initialized.
[    0.226761] Switched to clocksource timer1
[    0.236715] NET: Registered protocol family 2
[    0.237377] TCP established hash table entries: 8192 (order: 3, 32768 bytes)
[    0.237455] TCP bind hash table entries: 8192 (order: 4, 65536 bytes)
[    0.237564] TCP: Hash tables configured (established 8192 bind 8192)
[    0.237666] TCP: reno registered
[    0.237679] UDP hash table entries: 512 (order: 2, 16384 bytes)
[    0.237707] UDP-Lite hash table entries: 512 (order: 2, 16384 bytes)
[    0.237919] NET: Registered protocol family 1
[    0.238298] RPC: Registered named UNIX socket transport module.
[    0.238309] RPC: Registered udp transport module.
[    0.238315] RPC: Registered tcp transport module.
[    0.238322] RPC: Registered tcp NFSv4.1 backchannel transport module.
[    0.240635] futex hash table entries: 256 (order: 2, 16384 bytes)
[    0.241921] bounce: pool size: 64 pages
[    0.252641] squashfs: version 4.0 (2009/01/31) Phillip Lougher
[    0.253500] NFS: Registering the id_resolver key type
[    0.253580] Key type id_resolver registered
[    0.253588] Key type id_legacy registered
[    0.253654] msgmni has been set to 1481
[    0.254385] Block layer SCSI generic (bsg) driver version 0.4 loaded (major 249)
[    0.254406] io scheduler noop registered
[    0.254417] io scheduler deadline registered
[    0.254616] io scheduler cfq registered (default)
[    0.255845] pinctrl-single 44e10800.pinmux: 142 pins at pa f9e10800 size 568
[    0.258295] backlight.8 supply power not found, using dummy regulator
[    0.258460] pwm-backlight backlight.8: unable to request PWM, trying legacy API
[    0.258475] pwm-backlight backlight.8: unable to request legacy PWM
[    0.258607] platform backlight.8: Driver pwm-backlight requests probe deferral
[    0.316280] Serial: 8250/16550 driver, 4 ports, IRQ sharing disabled
[    0.318222] Serial: IMX driver
[    0.318568] msm_serial: driver initialized
[    0.319053] omap_uart 44e09000.serial: no wakeirq for uart0
[    0.319226] 44e09000.serial: ttyO0 at MMIO 0x44e09000 (irq = 88, base_baud = 3000000) is a OMAP UART0
[    1.040148] console [ttyO0] enabled
[    1.044377] STMicroelectronics ASC driver initialized
[    1.050441] serial: Freescale lpuart driver
[    1.055013] [drm] Initialized drm 1.1.0 20060810
[    1.064865] loop: module loaded
[    1.072343] pegasus: v0.9.3 (2013/04/25), Pegasus/Pegasus II USB Ethernet driver
[    1.080262] usbcore: registered new interface driver pegasus
[    1.086264] usbcore: registered new interface driver asix
[    1.092009] usbcore: registered new interface driver ax88179_178a
[    1.098464] usbcore: registered new interface driver cdc_ether
[    1.104643] usbcore: registered new interface driver smsc75xx
[    1.110749] usbcore: registered new interface driver smsc95xx
[    1.116833] usbcore: registered new interface driver net1080
[    1.122812] usbcore: registered new interface driver cdc_subset
[    1.129078] usbcore: registered new interface driver zaurus
[    1.135033] usbcore: registered new interface driver cdc_ncm
[    1.141022] ehci_hcd: USB 2.0 'Enhanced' Host Controller (EHCI) Driver
[    1.147885] ehci-pci: EHCI PCI platform driver
[    1.152602] ehci-platform: EHCI generic platform driver
[    1.158275] ehci-omap: OMAP-EHCI Host Controller driver
[    1.163858] ehci-orion: EHCI orion driver
[    1.168188] SPEAr-ehci: EHCI SPEAr driver
[    1.172486] tegra-ehci: Tegra EHCI driver
[    1.177237] usbcore: registered new interface driver usb-storage
[    1.185046] mousedev: PS/2 mouse device common for all mice
[    1.192866] i2c /dev entries driver
[    1.197270] usbcore: registered new interface driver uvcvideo
[    1.203298] USB Video Class driver (1.1.1)
[    1.207625] gspca_main: v2.14.0 registered
[    1.213446] sdhci: Secure Digital Host Controller Interface driver
[    1.219958] sdhci: Copyright(c) Pierre Ossman
[    1.225551] omap_hsmmc 48060000.mmc: unable to get vmmc regulator -517
[    1.232588] platform 48060000.mmc: Driver omap_hsmmc requests probe deferral
[    1.240458] sdhci-pltfm: SDHCI platform and OF driver helper
[    1.247123] usbcore: registered new interface driver usbhid
[    1.252967] usbhid: USB HID core driver
[    1.260780] TCP: cubic registered
[    1.264285] NET: Registered protocol family 17
[    1.269345] Key type dns_resolver registered
[    1.274549] ThumbEE CPU extension supported.
[    1.279129] Registering SWP/SWPB emulation handler
[    1.284987] lis3_reg: disabling
[    1.288333] vbat: disabling
[    1.291795] omap-gpmc 50000000.gpmc: GPMC revision 6.0
[    1.299099] tps65910 0-002d: No interrupt support, no core IRQ
[    1.309318] vrtc: 1800 mV 
[    1.312423] vrtc: supplied by vbat
[    1.317655] vio: at 1500 mV 
[    1.320746] vio: supplied by vbat
[    1.325870] vdd_mpu: 912 <--> 1312 mV at 1325 mV 
[    1.330901] vdd_mpu: supplied by vbat
[    1.336385] vdd_core: 912 <--> 1150 mV at 1137 mV 
[    1.341501] vdd_core: supplied by vbat
[    1.346801] vdd3: 5000 mV 
[    1.350900] vdig1: at 1800 mV 
[    1.354166] vdig1: supplied by vbat
[    1.359117] vdig2: at 1800 mV 
[    1.362372] vdig2: supplied by vbat
[    1.367300] vpll: at 1800 mV 
[    1.370466] vpll: supplied by vbat
[    1.375305] vdac: at 1800 mV 
[    1.378488] vdac: supplied by vbat
[    1.383342] vaux1: at 1800 mV 
[    1.386599] vaux1: supplied by vbat
[    1.391531] vaux2: at 3300 mV 
[    1.394786] vaux2: supplied by vbat
[    1.399724] vaux33: at 3300 mV 
[    1.403081] vaux33: supplied by vbat
[    1.408125] vmmc: 1800 <--> 3300 mV at 3300 mV 
[    1.412931] vmmc: supplied by vbat
[    1.417535] vbb: at 3000 mV 
[    1.420758] vbb: supplied by vbat
[    1.425886] tps65910-rtc tps65910-rtc: IRQ is not free.
[    1.431425] tps65910-rtc: probe of tps65910-rtc failed with error -22
[    1.477465] omap_i2c 44e0b000.i2c: bus 0 rev0.11 at 400 kHz
[    1.487893] omap_i2c 4802a000.i2c: bus 1 rev0.11 at 100 kHz
[    1.494279] backlight.8 supply power not found, using dummy regulator
[    1.501269] pwm-backlight backlight.8: unable to request PWM, trying legacy API
[    1.508967] pwm-backlight backlight.8: unable to request legacy PWM
[    1.515635] platform backlight.8: Driver pwm-backlight requests probe deferral
[    1.557256] backlight.8 supply power not found, using dummy regulator
[    1.564145] pwm-backlight backlight.8: unable to request PWM, trying legacy API
[    1.571868] pwm-backlight backlight.8: unable to request legacy PWM
[    1.578541] platform backlight.8: Driver pwm-backlight requests probe deferral
[    1.634053] mmc0: host does not support reading read-only switch. assuming write-enable.
[    1.644843] mmc0: new high speed SDHC card at address 0007
[    1.651007] davinci_mdio 4a101000.mdio: davinci mdio revision 1.6
[    1.657439] davinci_mdio 4a101000.mdio: detected phy mask fffffffe
[    1.664352] mmcblk0: mmc0:0007 SD4GB 3.70 GiB 
[    1.670239] libphy: 4a101000.mdio: probed
[    1.674489] davinci_mdio 4a101000.mdio: phy[0]: device 4a101000.mdio:00, driver Atheros 8031 ethernet
[    1.685198] Detected MACID = c8:a0:30:a1:b6:c0
[    1.691709] input: volume_keys.7 as /devices/volume_keys.7/input/input0
[    1.699297] backlight.8 supply power not found, using dummy regulator
[    1.706208] pwm-backlight backlight.8: unable to request PWM, trying legacy API
[    1.713940] pwm-backlight backlight.8: unable to request legacy PWM
[    1.720617] platform backlight.8: Driver pwm-backlight requests probe deferral
[    1.728895]  mmcblk0: p1 p2 p3
[    1.732522] drivers/rtc/hctosys.c: unable to open rtc device (rtc0)
[    1.743070] net eth0: initializing cpsw version 1.12 (0)
[    1.752258] backlight.8 supply power not found, using dummy regulator
[    1.759309] pwm-backlight backlight.8: unable to request PWM, trying legacy API
[    1.767016] pwm-backlight backlight.8: unable to request legacy PWM
[    1.773674] platform backlight.8: Driver pwm-backlight requests probe deferral
[    1.827509] net eth0: phy found : id is : 0x4dd074
[    1.832633] libphy: PHY 4a101000.mdio:01 not found
[    1.837679] net eth0: phy 4a101000.mdio:01 not found on slave 1
[    5.827681] cpsw 4a100000.ethernet eth0: Link is Up - 1Gbps/Full - flow control rx/tx
[    5.846771] Sending DHCP requests ., OK
[    6.027224] IP-Config: Got DHCP answer from 192.168.0.1, my address is 192.168.0.100
[    6.035523] IP-Config: Complete:
[    6.038955]      device=eth0, hwaddr=c8:a0:30:a1:b6:c0, ipaddr=192.168.0.100, mask=255.255.255.0, gw=192.168.0.1
[    6.049640]      host=192.168.0.100, domain=ti.com, nis-domain=(none)
[    6.056393]      bootserver=192.168.0.1, rootserver=192.168.0.1, rootpath=
[    6.063430]      nameserver0=192.0.2.2, nameserver1=192.0.2.3
[    6.069879] ALSA device list:
[    6.072987]   No soundcards found.
[    6.079197] EXT4-fs (mmcblk0p2): mounting ext3 file system using the ext4 subsystem
[    6.529228] EXT4-fs (mmcblk0p2): mounted filesystem with ordered data mode. Opts: (null)
[    6.537812] VFS: Mounted root (ext3 filesystem) on device 179:2.
[    6.553699] devtmpfs: mounted
[    6.557488] Freeing unused kernel memory: 552K (c0a56000 - c0ae0000)

INIT: version 2.88 booting

Error opening /dev/fb0: No such file or directory
Starting udev
[    7.184729] udevd[79]: starting version 182
[    9.431840] FAT-fs (mmcblk0p3): codepage cp437 not found
[    9.445695] FAT-fs (mmcblk0p1): codepage cp437 not found
[    9.566259] FAT-fs (mmcblk0p3): codepage cp437 not found
[    9.585746] FAT-fs (mmcblk0p1): codepage cp437 not found
[   10.253050] FAT-fs (mmcblk0p1): codepage cp437 not found
[   10.331620] FAT-fs (mmcblk0p3): codepage cp437 not found
[   10.396674] FAT-fs (mmcblk0p1): codepage cp437 not found
[   10.475054] FAT-fs (mmcblk0p3): codepage cp437 not found
Starting Bootlog daemon: bootlogd.

[   10.766987] EXT4-fs (mmcblk0p2): re-mounted. Opts: data=ordered
[   10.838363] random: dd urandom read with 121 bits of entropy available
ALSA: Restoring mixer settings...

/usr/sbin/alsactl: load_state:1696: Configuring network interfaces... No soundcards found...

[   11.442510] random: nonblocking pool is initialized
udhcpc (v1.20.2) started

Sending discover...

Sending select for 192.168.0.112...

Lease of 192.168.0.112 obtained, lease time 7200

/etc/udhcpc.d/50default: Adding DNS 192.0.2.2

/etc/udhcpc.d/50default: Adding DNS 192.0.2.3

done.

hwclock: can't open '/dev/misc/rtc': No such file or directory

Sat Dec 21 00:20:00 UTC 2013

hwclock: can't open '/dev/misc/rtc': No such file or directory


INIT: Entering runlevel: 5


Starting system message bus: dbus.

Starting Dropbear SSH server: dropbear.

Starting telnet daemon.

hwclock: can't open '/dev/misc/rtc': No such file or directory

Starting syslogd/klogd: done

Starting thttpd.

Starting Lighttpd Web Server: lighttpd.

2013-12-21 00:20:00: (log.c.166) server started 

/etc/rc5.d/S96am335x-pm-firmware-load: line 4: /sys/devices/ocp.2/44d00000.wkup_m3/firmware/am335x-pm-firmware.bin/loading: No such file or directory

/etc/rc5.d/S96am335x-pm-firmware-load: line 5: /sys/devices/ocp.2/44d00000.wkup_m3/firmware/am335x-pm-firmware.bin/data: No such file or directory

/etc/rc5.d/S96am335x-pm-firmware-load: line 6: /sys/devices/ocp.2/44d00000.wkup_m3/firmware/am335x-pm-firmware.bin/loading: No such file or directory

/

Starting Matrix GUI application.

***************************************************************

***************************************************************

NOTICE: This file system contains the followin GPLv3 packages:

	binutils-symlinks

	binutils

	gdbserver



If you do not wish to distribute GPLv3 components please remove

the above packages prior to distribution.  This can be done using

the opkg remove command.  i.e.:

    opkg remove <package>

Where <package> is the name printed in the list above



NOTE: If the package is a dependency of another package you

      will be notified of the dependent packages.  You should

      use the --force-removal-of-dependent-packages option to

      also remove the dependent packages as well

***************************************************************

***************************************************************

Stopping Bootlog daemon: bootlogd.

 _____                    _____           _         _   
|  _  |___ ___ ___ ___   |  _  |___ ___  |_|___ ___| |_ 
|     |  _| .'| . | . |  |   __|  _| . | | | -_|  _|  _|
|__|__|_| |__,|_  |___|  |__|  |_| |___|_| |___|___|_|  
              |___|                    |___|            

Arago Project http://arago-project.org am335x-evm ttyO0

Arago 2013.10 am335x-evm ttyO0

am335x-evm login: 
- 21:18:08 [INFO] Host: root
- 21:18:09 [INFO] Target: 
root
root@am335x-evm:~# 
- 21:18:09 [INFO] Host: uname -a
- 21:18:09 [INFO] Target: 
uname -a
Linux am335x-evm 3.15.0-rc4-next-20140508-00002-g57e6c99 #2 SMP Thu May 8 12:19:32 CDT 2014 armv7l GNU/Linux
root@am335x-evm:~# 
- 21:18:09 [INFO] Host: cat /proc/cmdline
- 21:18:10 [INFO] Target: 
cat /proc/cmdline
console=ttyO0,115200n8 earlyprintk rootwait ip=dhcp root=/dev/mmcblk0p2 rw rootfstype=ext3 rootwait
root@am335x-evm:~# 
- 21:18:10 [INFO] Host: uname -a
- 21:18:10 [INFO] Target: 
uname -a
Linux am335x-evm 3.15.0-rc4-next-20140508-00002-g57e6c99 #2 SMP Thu May 8 12:19:32 CDT 2014 armv7l GNU/Linux
root@am335x-evm:~# 
- 21:18:10 [INFO] Host: cat /proc/mtd
- 21:18:11 [INFO] Target: 
cat /proc/mtd
dev:    size   erasesize  name
root@am335x-evm:~# 
- 21:18:15 [INFO] Host: export IPERFHOST=192.168.0.1
- 21:18:15 [INFO] Target: 
export IPERFHOST=192.168.0.1
root@am335x-evm:~# 
- 21:18:15 [INFO] Host: export NFS_SERVER=192.168.0.1
- 21:18:16 [INFO] Target: 
export NFS_SERVER=192.168.0.1
root@am335x-evm:~# 
- 21:18:16 [INFO] Host: export NFS_ROOT_PATH=/home/tigtfarm02/NFS_exports/am335x-evm
- 21:18:16 [INFO] Target: 
export NFS_ROOT_PATH=/home/tigtfarm02/NFS_exports/am335x-evm
root@am335x-evm:~# 
- 21:18:16 [INFO] Host: mkdir -p -m 777 /test
- 21:18:17 [INFO] Target: 
mkdir -p -m 777 /test
root@am335x-evm:~# 
- 21:18:17 [INFO] Host: cd /test
- 21:18:17 [INFO] Target: 
cd /test
root@am335x-evm:/test# 
- 21:18:17 [INFO] Host: cat > test.sh << EOF
- 21:18:18 [INFO] Target: 
cat > test.sh << EOF
> 
- 21:18:18 [INFO] Host: failtest() {

- 21:18:18 [INFO] Target: 
failtest() {
> 
- 21:18:18 [INFO] Host:   echo 1 >&3

- 21:18:19 [INFO] Target: 
  echo 1 >&3
> 
- 21:18:19 [INFO] Host: }

- 21:18:19 [INFO] Target: 
}
> 
- 21:18:19 [INFO] Host: script=anonymous:anonymous@gtautoftp.gt.design.ti.com/anonymous/opentest/target-test-basic.sh_md5_5d260c597a39e144f6dea1bc54ee8584

- 21:18:29 [ERROR] On command: script=anonymous:anonymous@gtautoftp.gt.design.ti.com/anonymous/opentest/target-test-basic.sh_md5_5d260c597a39e144f6dea1bc54ee8584
 waiting for (?-mix:.*) >>> error: execution expired
- 21:18:29 [INFO] Target: 
script=anonymous:anonymous@gtautoftp.gt.design.ti.com/anonymous/opentest/targe 
t-test-basic.sh_md5_5d260c597a39e144f6dea1bc54ee8584
> 
- 21:18:29 [INFO] Host: timeout=600

- 21:18:30 [INFO] Target: 
timeout=600
> 
- 21:18:30 [INFO] Host: 

- 21:18:30 [INFO] Target: 

> 
- 21:18:30 [INFO] Host: # Start of user's script logic

- 21:18:31 [INFO] Target: 
# Start of user's script logic
> 
- 21:18:31 [INFO] Host: 

- 21:18:31 [INFO] Target: 

> 
- 21:18:31 [INFO] Host: 

- 21:18:32 [INFO] Target: 

> 
- 21:18:32 [INFO] Host: mount -t proc proc /proc 2>/dev/null;

- 21:18:32 [INFO] Target: 
mount -t proc proc /proc 2>/dev/null;
> 
- 21:18:32 [INFO] Host: 

- 21:18:33 [INFO] Target: 

> 
- 21:18:33 [INFO] Host: mount -t sysfs sys /sys 2>/dev/null;

- 21:18:33 [INFO] Target: 
mount -t sysfs sys /sys 2>/dev/null;
> 
- 21:18:33 [INFO] Host: 

- 21:18:34 [INFO] Target: 

> 
- 21:18:34 [INFO] Host: mount -t debugfs none /sys/kernel/debug 2>/dev/null;

- 21:18:34 [INFO] Target: 
mount -t debugfs none /sys/kernel/debug 2>/dev/null;
> 
- 21:18:34 [INFO] Host: 

- 21:18:35 [INFO] Target: 

> 
- 21:18:35 [INFO] Host: echo 'cpuinfo:';cat /proc/cpuinfo; echo '=======';

- 21:18:35 [INFO] Target: 
echo 'cpuinfo:';cat /proc/cpuinfo; echo '=======';
> 
- 21:18:35 [INFO] Host: 

- 21:18:36 [INFO] Target: 

> 
- 21:18:36 [INFO] Host: echo 'soc info:';head /sys/devices/soc0/* 2>/dev/null; echo '=======';

- 21:18:36 [INFO] Target: 
echo 'soc info:';head /sys/devices/soc0/* 2>/dev/null; echo '=======';
> 
- 21:18:36 [INFO] Host: 

- 21:18:37 [INFO] Target: 

> 
- 21:18:37 [INFO] Host: echo 'interrupts:';cat /proc/interrupts; echo '=======';

- 21:18:37 [INFO] Target: 
echo 'interrupts:';cat /proc/interrupts; echo '=======';
> 
- 21:18:37 [INFO] Host: 

- 21:18:38 [INFO] Target: 

> 
- 21:18:38 [INFO] Host: echo 'Clk_summary:';cat /sys/kernel/debug/clk/clk_summary; echo '=======';

- 21:18:38 [INFO] Target: 
echo 'Clk_summary:';cat /sys/kernel/debug/clk/clk_summary; echo '=======';
> 
- 21:18:38 [INFO] Host: 

- 21:18:39 [INFO] Target: 

> 
- 21:18:39 [INFO] Host: echo 'Orphan Clks:';ls /sys/kernel/debug/clk/orphans/; echo '=======';

- 21:18:39 [INFO] Target: 
echo 'Orphan Clks:';ls /sys/kernel/debug/clk/orphans/; echo '=======';
> 
- 21:18:39 [INFO] Host: 

- 21:18:40 [INFO] Target: 

> 
- 21:18:40 [INFO] Host: echo 'H''ello World' 'B''oard Booted';

- 21:18:40 [INFO] Target: 
echo 'H''ello World' 'B''oard Booted';
> 
- 21:18:40 [INFO] Host: 

- 21:18:41 [INFO] Target: 

> 
- 21:18:41 [INFO] Host: EOF
- 21:18:41 [INFO] Target: 
EOF
root@am335x-evm:/test# 
- 21:18:41 [INFO] Host: cd /test
- 21:18:42 [INFO] Target: 
cd /test
root@am335x-evm:/test# 
- 21:18:42 [INFO] Host: chmod +x test.sh
- 21:18:42 [INFO] Target: 
chmod +x test.sh
root@am335x-evm:/test# 
- 21:18:42 [INFO] Host: ./test.sh 2> stderr.log > stdout.log 3> result.log
- 21:18:43 [INFO] Target: 
./test.sh 2> stderr.log > stdout.log 3> result.log
root@am335x-evm:/test# 
- 21:18:43 [INFO] Host: echo $?
- 21:18:43 [INFO] Target: 
echo $?
0
root@am335x-evm:/test# 
- 21:18:43 [INFO] Host: cd /test
- 21:18:44 [INFO] Target: 
cd /test
root@am335x-evm:/test# 
- 21:18:44 [INFO] Host: cat stdout.log
- 21:18:45 [INFO] Target: 
cat stdout.log
cpuinfo:
processor	: 0
model name	: ARMv7 Processor rev 2 (v7l)
Features	: swp half thumb fastmult vfp edsp thumbee neon vfpv3 tls vfpd32 
CPU implementer	: 0x41
CPU architecture: 7
CPU variant	: 0x3
CPU part	: 0xc08
CPU revision	: 2

Hardware	: Generic AM33XX (Flattened Device Tree)
Revision	: 0000
Serial		: 0000000000000000
=======
soc info:
==> /sys/devices/soc0/family <==
Unknown

==> /sys/devices/soc0/machine <==
AM335X

==> /sys/devices/soc0/power <==

==> /sys/devices/soc0/revision <==
ES2.1

==> /sys/devices/soc0/subsystem <==

==> /sys/devices/soc0/type <==
GP

==> /sys/devices/soc0/uevent <==
=======
interrupts:
           CPU0       
 28:       1892      INTC  12  edma
 30:          8      INTC  14  edma_error
 56:          0      INTC  40  4a100000.ethernet
 57:         26      INTC  41  4a100000.ethernet
 58:         11      INTC  42  4a100000.ethernet
 59:          0      INTC  43  4a100000.ethernet
 80:       5680      INTC  64  mmc0
 84:       1918      INTC  68  gp_timer
 86:        323      INTC  70  44e0b000.i2c
 87:         26      INTC  71  4802a000.i2c
 88:       4373      INTC  72  OMAP UART0
116:          0      INTC 100  gpmc
146:          0      GPIO   2  volume-up
147:          0      GPIO   3  volume-down
150:          0      GPIO   6  mmc0
IPI0:          0  CPU wakeup interrupts
IPI1:          0  Timer broadcast interrupts
IPI2:          0  Rescheduling interrupts
IPI3:          0  Function call interrupts
IPI4:          0  Single function call interrupts
IPI5:          0  CPU stop interrupts
IPI6:          0  IRQ work interrupts
IPI7:          0  completion interrupts
Err:          0
=======
Clk_summary:
   clock                        enable_cnt  prepare_cnt  rate        accuracy
---------------------------------------------------------------------------------
 tclkin_ck                      0           0            12000000   0          
 virt_26000000_ck               0           0            26000000   0          
 virt_25000000_ck               0           0            25000000   0          
 virt_24000000_ck               1           1            24000000   0          
    sys_clkin_ck                9           23           24000000   0          
       timer6_fck               0           1            24000000   0          
       timer3_fck               0           1            24000000   0          
       dpll_per_ck              1           2            960000000  0          
          dpll_per_m2_ck        2           4            192000000  0          
             ehrpwm2_tbclk      0           0            192000000  0          
             ehrpwm1_tbclk      0           0            192000000  0          
             ehrpwm0_tbclk      0           0            192000000  0          
             mmc_clk            0           3            96000000   0          
             clk_24mhz          1           1            24000000   0          
                clkdiv32k_ck    1           1            32786      0          
                   clkdiv32k_ick 1           5            32786      0          
                      wdt1_fck  0           1            32786      0          
                      gpio3_dbclk 0           1            32786      0          
                      gpio2_dbclk 0           1            32786      0          
                      gpio1_dbclk 0           1            32786      0          
             dpll_per_m2_div4_ck 0           9            48000000   0          
             dpll_per_m2_div4_wkupdm_ck 1           2            48000000   0          
          usbotg_fck            0           1            960000000  0          
       dpll_disp_ck             0           1            24000000   0          
          dpll_disp_m2_ck       0           1            24000000   0          
             lcd_gclk           0           1            24000000   0          
       dpll_ddr_ck              1           1            303000000  0          
          dpll_ddr_m2_ck        2           2            303000000  0          
             dpll_ddr_m2_div2_ck 1           1            151500000  0          
       dpll_mpu_ck              1           1            1000000000 0          
          dpll_mpu_m2_ck        4           4            1000000000 0          
       dpll_core_ck             1           1            1000000000 0          
          dpll_core_x2_ck       2           2            2000000000 0          
             dpll_core_m6_ck    0           0            500000000  0          
             dpll_core_m5_ck    1           1            250000000  0          
                cpsw_cpts_rft_clk 0           0            250000000  0          
                cpsw_125mhz_gclk 3           3            125000000  0          
             dpll_core_m4_ck    9           11           200000000  0          
                dbg_clka_ck     0           2            200000000  0          
                   trace_pmd_clk_mux_ck 0           1            200000000  0          
                      trace_clk_div_ck 0           1            50000000   0          
                   stm_pmd_clock_mux_ck 0           0            200000000  0          
                      stm_clk_div_ck 0           0            50000000   0          
                gfx_fclk_clksel_ck 0           1            200000000  0          
                   gfx_fck_div_ck 0           1            200000000  0          
                sysclk_div_ck   0           0            200000000  0          
                l4hs_gclk       2           2            200000000  0          
                l4_rtc_gclk     0           0            100000000  0          
                dpll_core_m4_div2_ck 16          17           100000000  0          
                   l4ls_gclk    41          59           100000000  0          
                   l4fw_gclk    1           1            100000000  0          
                   l3s_gclk     9           10           100000000  0          
                   ieee5000_fck 0           0            100000000  0          
                mmu_fck         0           0            200000000  0          
                l3_gclk         13          15           200000000  0          
                   pruss_ocp_gclk 0           1            200000000  0          
       rng_fck                  1           2            24000000   0          
       aes0_fck                 1           2            24000000   0          
       sha0_fck                 1           1            24000000   0          
       smartreflex1_fck         0           1            24000000   0          
       smartreflex0_fck         0           1            24000000   0          
       mcasp1_fck               0           1            24000000   0          
       mcasp0_fck               0           1            24000000   0          
       dcan1_fck                0           1            24000000   0          
       dcan0_fck                0           1            24000000   0          
       adc_tsc_fck              0           1            24000000   0          
       cefuse_fck               0           0            24000000   0          
       timer1_fck               1           1            24000000   0          
       timer2_fck               1           1            24000000   0          
       timer4_fck               0           1            24000000   0          
       timer5_fck               0           1            24000000   0          
       timer7_fck               0           1            24000000   0          
       dbg_sysclk_ck            0           1            24000000   0          
 virt_19200000_ck               0           0            19200000   0          
 clk_rc32k_ck                   1           1            32000      0          
    gpio0_dbclk_mux_ck          1           1            32000      0          
       gpio0_dbclk              1           1            32000      0          
 clk_32768_ck                   1           2            32768      0          
    sysclkout_pre_ck            1           1            32768      0          
       clkout2_div_ck           1           1            32768      0          
          clkout2_ck            1           1            32768      0          
=======
Orphan Clks:
=======
Hello World Board Booted
root@am335x-evm:/test# 
- 21:18:45 [INFO] Host: cat stderr.log
- 21:18:45 [INFO] Target: 
cat stderr.log
root@am335x-evm:/test# 
- 21:18:45 [INFO] Host: cat result.log
- 21:18:47 [ERROR] On command: cat result.log waiting for (?m-ix:^1[\0\n\r]+) >>> error: execution expired
- 21:18:47 [INFO] Target: 
cat result.log
root@am335x-evm:/test# 
- 21:18:47 [INFO] Host: cd /test
- 21:18:48 [INFO] Target: 
cd /test
root@am335x-evm:/test# 
