- 07:14:34 [INFO] Starting target session
- 07:14:34 [INFO] Connected to am335x-sk via serial 
- 07:14:34 [INFO] Host: #check prompt
- 07:14:36 [ERROR] On command: #check prompt waiting for (?-mix:((?-mix:login:)|[Pp]assword)) >>> error: execution expired
- 07:14:36 [INFO] Target: 
#check prompt
root@am335x-evm:/test# 
- 07:14:36 [INFO] Host: #check prompt
- 07:14:37 [INFO] Target: 
#check prompt
root@am335x-evm:/test# 
- 07:14:37 [INFO] Host: sync;poweroff
- 07:14:51 [INFO] Target: 
sync;poweroff


Broadcast message from root@am335x-evm (ttyO0) (Thu Apr 24 21:25:12 2014):



The system is going down for system halt NOW!


INIT: Switching to runleve
INIT: root@am335x-evm:/test# Sending processes the TERM signal


INIT: Sending processes Stopping telnet daemon.
Stopping system message bus: dbus.
Stopping syslogd/klogd: stopped syslogd (pid 1226)
stopped klogd (pid 1229)
done
Stopping thttpd.
ALSA: Storing mixer settings...
/usr/sbin/alsactl: save_state:1590: No soundcards found...
Deconfiguring network interfaces... done.
Sending all processes the TERM signal...
Sending all processes the KILL signal...
Unmounting remote filesystems...
Deactivating swap...
Unmounting local filesystems...
[  518.018639] reboot: System halted

- 07:14:51 [INFO] Disconnected serial from am335x-sk
- 07:15:31 [INFO] Connected to am335x-sk via serial 
- 07:15:31 [INFO] Host: 
- 07:15:31 [ERROR] On command:  waiting for (?-mix:U-Boot#) >>> error: execution expired
- 07:15:31 [INFO] Target: 
NAND:  0 MiB
MMC:   OMAP SD/MMC: 0, OMAP SD/MMC: 1
*** Warning - readenv() failed, using default environment


- 07:15:31 [INFO] Host: 
- 07:15:32 [INFO] Target: 
Net:   <ethaddr> not set. Validating first E-fuse MAC
cpsw, usb_ether
Hit any key to stop autoboot:  1  0 
U-Boot# 
U-Boot# 
- 07:15:32 [INFO] Host: 
- 07:15:32 [INFO] Target: 

U-Boot# 
- 07:15:32 [INFO] Host: version
- 07:15:33 [INFO] Target: 
version

U-Boot 2014.07-rc2 (May 29 2014 - 18:04:30)
arm-linux-gnueabihf-gcc (crosstool-NG linaro-1.13.1-4.7-2013.03-20130313 - Linaro GCC 2013.03) 4.7.3 20130226 (prerelease)
GNU ld (crosstool-NG linaro-1.13.1-4.7-2013.03-20130313 - Linaro GCC 2013.03) 2.23.1
U-Boot# 
- 07:15:33 [INFO] Host: setenv bootargs 'console=ttyO0,115200n8 earlyprintk rootwait '
- 07:15:33 [INFO] Target: 
setenv bootargs 'console=ttyO0,115200n8 earlyprintk rootwait '
U-Boot# 
- 07:15:33 [INFO] Host: setenv bootcmd  ''
- 07:15:34 [INFO] Target: 
setenv bootcmd  ''
U-Boot# 
- 07:15:34 [INFO] Host: setenv autoload 'no'
- 07:15:34 [INFO] Target: 
setenv autoload 'no'
U-Boot# 
- 07:15:34 [INFO] Host: setenv serverip '192.168.0.1'
- 07:15:35 [INFO] Target: 
setenv serverip '192.168.0.1'
U-Boot# 
- 07:15:35 [INFO] Host: printenv
- 07:15:35 [INFO] Target: 
printenv
arch=arm
autoload=no
baudrate=115200
board=am335x
board_name=A335X_SK
board_rev=1.2C
boot_fdt=try
bootargs=console=ttyO0,115200n8 earlyprintk rootwait 
bootcmd=
bootcount=1
bootdelay=1
bootdir=/boot
bootenv=uEnv.txt
bootfile=zImage
bootm_size=0x10000000
bootpart=0:2
console=ttyO0,115200n8
cpu=armv7
dfu_alt_info_emmc=rawemmc mmc 0 3751936
dfu_alt_info_mmc=boot part 0 1;rootfs part 0 2;MLO fat 0 1;MLO.raw mmc 0x100 0x100;u-boot.img.raw mmc 0x300 0x400;spl-os-args.raw mmc 0x80 0x80;spl-os-image.raw mmc 0x900 0x2000;spl-os-args fat 0 1;spl-os-image fat 0 1;u-boot.img fat 0 1;uEnv.txt fat 0 1
dfu_alt_info_nand=SPL part 0 1;SPL.backup1 part 0 2;SPL.backup2 part 0 3;SPL.backup3 part 0 4;u-boot part 0 5;u-boot-spl-os part 0 6;kernel part 0 8;rootfs part 0 9
dfu_alt_info_ram=kernel ram 0x80200000 0xD80000;fdt ram 0x80F80000 0x80000;ramdisk ram 0x81000000 0x4000000
eth1addr=c8:a0:30:a1:db:5a
ethact=cpsw
ethaddr=c8:a0:30:a1:db:58
fdt_addr_r=0x88000000
fdtaddr=0x88000000
fdtfile=undefined
findfdt=if test $board_name = A335BONE; then setenv fdtfile am335x-bone.dtb; fi; if test $board_name = A335BNLT; then setenv fdtfile am335x-boneblack.dtb; fi; if test $board_name = A33515BB; then setenv fdtfile am335x-evm.dtb; fi; if test $board_name = A335X_SK; then setenv fdtfile am335x-evmsk.dtb; fi; if test $fdtfile = undefined; then echo WARNING: Could not determine device tree to use; fi; 
importbootenv=echo Importing environment from mmc ...; env import -t $loadaddr $filesize
kernel_addr_r=0x82000000
loadaddr=0x82000000
loadbootenv=load mmc ${mmcdev} ${loadaddr} ${bootenv}
loadfdt=load mmc ${bootpart} ${fdtaddr} ${bootdir}/${fdtfile}
loadimage=load mmc ${bootpart} ${loadaddr} ${bootdir}/${bootfile}
loadramdisk=load mmc ${mmcdev} ${rdaddr} ramdisk.gz
mmcargs=setenv bootargs console=${console} ${optargs} root=${mmcroot} rootfstype=${mmcrootfstype}
mmcboot=mmc dev ${mmcdev}; if mmc rescan; then echo SD/MMC found on device ${mmcdev};if run loadbootenv; then echo Loaded environment from ${bootenv};run importbootenv;fi;if test -n $uenvcmd; then echo Running uenvcmd ...;run uenvcmd;fi;if run loadimage; then run mmcloados;fi;fi;
mmcdev=0
mmcloados=run mmcargs; if test ${boot_fdt} = yes || test ${boot_fdt} = try; then if run loadfdt; then bootz ${loadaddr} - ${fdtaddr}; else if test ${boot_fdt} = try; then bootz; else echo WARN: Cannot load the DT; fi; fi; else bootz; fi;
mmcroot=/dev/mmcblk0p2 ro
mmcrootfstype=ext4 rootwait
mtdids=nand0=omap2-nand.0
mtdparts=mtdparts=omap2-nand.0:128k(SPL),128k(SPL.backup1),128k(SPL.backup2),128k(SPL.backup3),1792k(u-boot),128k(u-boot-spl-os),128k(u-boot-env),5m(kernel),-(rootfs)
nandargs=setenv bootargs console=${console} ${optargs} root=${nandroot} rootfstype=${nandrootfstype}
nandboot=echo Booting from nand ...; run nandargs; nand read ${fdtaddr} u-boot-spl-os; nand read ${loadaddr} kernel; bootz ${loadaddr} - ${fdtaddr}
nandroot=ubi0:rootfs rw ubi.mtd=7,2048
nandrootfstype=ubifs rootwait=1
netargs=setenv bootargs console=${console} ${optargs} root=/dev/nfs nfsroot=${serverip}:${rootpath},${nfsopts} rw ip=dhcp
netboot=echo Booting from network ...; setenv autoload no; dhcp; tftp ${loadaddr} ${bootfile}; tftp ${fdtaddr} ${fdtfile}; run netargs; bootz ${loadaddr} - ${fdtaddr}
nfsopts=nolock
partitions=uuid_disk=${uuid_gpt_disk};name=rootfs,start=2MiB,size=-,uuid=${uuid_gpt_rootfs}
ramargs=setenv bootargs console=${console} ${optargs} root=${ramroot} rootfstype=${ramrootfstype}
ramboot=echo Booting from ramdisk ...; run ramargs; bootz ${loadaddr} ${rdaddr} ${fdtaddr}
ramdisk_addr_r=0x88080000
ramroot=/dev/ram0 rw
ramrootfstype=ext2
rdaddr=0x88080000
rootpath=/export/rootfs
serverip=192.168.0.1
soc=am33xx
spiargs=setenv bootargs console=${console} ${optargs} root=${spiroot} rootfstype=${spirootfstype}
spiboot=echo Booting from spi ...; run spiargs; sf probe ${spibusno}:0; sf read ${loadaddr} ${spisrcaddr} ${spiimgsize}; bootz ${loadaddr}
spibusno=0
spiimgsize=0x362000
spiroot=/dev/mtdblock4 rw
spirootfstype=jffs2
spisrcaddr=0xe0000
static_ip=${ipaddr}:${serverip}:${gatewayip}:${netmask}:${hostname}::off
stderr=serial
stdin=serial
stdout=serial
usbnet_devaddr=c8:a0:30:a1:db:5a
vendor=ti
ver=U-Boot 2014.07-rc2 (May 29 2014 - 18:04:30)

Environment size: 4366/131068 bytes
U-Boot# 
- 07:15:35 [INFO] Host: printenv
- 07:15:36 [INFO] Target: 
printenv
arch=arm
autoload=no
baudrate=115200
board=am335x
board_name=A335X_SK
board_rev=1.2C
boot_fdt=try
bootargs=console=ttyO0,115200n8 earlyprintk rootwait 
bootcmd=
bootcount=1
bootdelay=1
bootdir=/boot
bootenv=uEnv.txt
bootfile=zImage
bootm_size=0x10000000
bootpart=0:2
console=ttyO0,115200n8
cpu=armv7
dfu_alt_info_emmc=rawemmc mmc 0 3751936
dfu_alt_info_mmc=boot part 0 1;rootfs part 0 2;MLO fat 0 1;MLO.raw mmc 0x100 0x100;u-boot.img.raw mmc 0x300 0x400;spl-os-args.raw mmc 0x80 0x80;spl-os-image.raw mmc 0x900 0x2000;spl-os-args fat 0 1;spl-os-image fat 0 1;u-boot.img fat 0 1;uEnv.txt fat 0 1
dfu_alt_info_nand=SPL part 0 1;SPL.backup1 part 0 2;SPL.backup2 part 0 3;SPL.backup3 part 0 4;u-boot part 0 5;u-boot-spl-os part 0 6;kernel part 0 8;rootfs part 0 9
dfu_alt_info_ram=kernel ram 0x80200000 0xD80000;fdt ram 0x80F80000 0x80000;ramdisk ram 0x81000000 0x4000000
eth1addr=c8:a0:30:a1:db:5a
ethact=cpsw
ethaddr=c8:a0:30:a1:db:58
fdt_addr_r=0x88000000
fdtaddr=0x88000000
fdtfile=undefined
findfdt=if test $board_name = A335BONE; then setenv fdtfile am335x-bone.dtb; fi; if test $board_name = A335BNLT; then setenv fdtfile am335x-boneblack.dtb; fi; if test $board_name = A33515BB; then setenv fdtfile am335x-evm.dtb; fi; if test $board_name = A335X_SK; then setenv fdtfile am335x-evmsk.dtb; fi; if test $fdtfile = undefined; then echo WARNING: Could not determine device tree to use; fi; 
importbootenv=echo Importing environment from mmc ...; env import -t $loadaddr $filesize
kernel_addr_r=0x82000000
loadaddr=0x82000000
loadbootenv=load mmc ${mmcdev} ${loadaddr} ${bootenv}
loadfdt=load mmc ${bootpart} ${fdtaddr} ${bootdir}/${fdtfile}
loadimage=load mmc ${bootpart} ${loadaddr} ${bootdir}/${bootfile}
loadramdisk=load mmc ${mmcdev} ${rdaddr} ramdisk.gz
mmcargs=setenv bootargs console=${console} ${optargs} root=${mmcroot} rootfstype=${mmcrootfstype}
mmcboot=mmc dev ${mmcdev}; if mmc rescan; then echo SD/MMC found on device ${mmcdev};if run loadbootenv; then echo Loaded environment from ${bootenv};run importbootenv;fi;if test -n $uenvcmd; then echo Running uenvcmd ...;run uenvcmd;fi;if run loadimage; then run mmcloados;fi;fi;
mmcdev=0
mmcloados=run mmcargs; if test ${boot_fdt} = yes || test ${boot_fdt} = try; then if run loadfdt; then bootz ${loadaddr} - ${fdtaddr}; else if test ${boot_fdt} = try; then bootz; else echo WARN: Cannot load the DT; fi; fi; else bootz; fi;
mmcroot=/dev/mmcblk0p2 ro
mmcrootfstype=ext4 rootwait
mtdids=nand0=omap2-nand.0
mtdparts=mtdparts=omap2-nand.0:128k(SPL),128k(SPL.backup1),128k(SPL.backup2),128k(SPL.backup3),1792k(u-boot),128k(u-boot-spl-os),128k(u-boot-env),5m(kernel),-(rootfs)
nandargs=setenv bootargs console=${console} ${optargs} root=${nandroot} rootfstype=${nandrootfstype}
nandboot=echo Booting from nand ...; run nandargs; nand read ${fdtaddr} u-boot-spl-os; nand read ${loadaddr} kernel; bootz ${loadaddr} - ${fdtaddr}
nandroot=ubi0:rootfs rw ubi.mtd=7,2048
nandrootfstype=ubifs rootwait=1
netargs=setenv bootargs console=${console} ${optargs} root=/dev/nfs nfsroot=${serverip}:${rootpath},${nfsopts} rw ip=dhcp
netboot=echo Booting from network ...; setenv autoload no; dhcp; tftp ${loadaddr} ${bootfile}; tftp ${fdtaddr} ${fdtfile}; run netargs; bootz ${loadaddr} - ${fdtaddr}
nfsopts=nolock
partitions=uuid_disk=${uuid_gpt_disk};name=rootfs,start=2MiB,size=-,uuid=${uuid_gpt_rootfs}
ramargs=setenv bootargs console=${console} ${optargs} root=${ramroot} rootfstype=${ramrootfstype}
ramboot=echo Booting from ramdisk ...; run ramargs; bootz ${loadaddr} ${rdaddr} ${fdtaddr}
ramdisk_addr_r=0x88080000
ramroot=/dev/ram0 rw
ramrootfstype=ext2
rdaddr=0x88080000
rootpath=/export/rootfs
serverip=192.168.0.1
soc=am33xx
spiargs=setenv bootargs console=${console} ${optargs} root=${spiroot} rootfstype=${spirootfstype}
spiboot=echo Booting from spi ...; run spiargs; sf probe ${spibusno}:0; sf read ${loadaddr} ${spisrcaddr} ${spiimgsize}; bootz ${loadaddr}
spibusno=0
spiimgsize=0x362000
spiroot=/dev/mtdblock4 rw
spirootfstype=jffs2
spisrcaddr=0xe0000
static_ip=${ipaddr}:${serverip}:${gatewayip}:${netmask}:${hostname}::off
stderr=serial
stdin=serial
stdout=serial
usbnet_devaddr=c8:a0:30:a1:db:5a
vendor=ti
ver=U-Boot 2014.07-rc2 (May 29 2014 - 18:04:30)

Environment size: 4366/131068 bytes
U-Boot# 
- 07:15:36 [INFO] Host: setenv bootargs ''${bootargs}' ip=dhcp '
- 07:15:36 [INFO] Target: 
setenv bootargs ''${bootargs}' ip=dhcp '
U-Boot# 
- 07:15:36 [INFO] Host: setenv serverip '192.168.0.1'
- 07:15:37 [INFO] Target: 
setenv serverip '192.168.0.1'
U-Boot# 
- 07:15:37 [INFO] Host: setenv ipaddr dhcp
- 07:15:37 [INFO] Target: 
setenv ipaddr dhcp
U-Boot# 
- 07:15:37 [INFO] Host: setenv autoload 'no'
- 07:15:38 [INFO] Target: 
setenv autoload 'no'
U-Boot# 
- 07:15:38 [INFO] Host: dhcp
- 07:15:39 [INFO] Target: 
dhcp
link up on port 0, speed 1000, full duplex
BOOTP broadcast 1
DHCP client bound to address 192.168.0.222
U-Boot# 
- 07:15:39 [INFO] Host: setenv serverip '192.168.0.1'
- 07:15:40 [INFO] Target: 
setenv serverip '192.168.0.1'
U-Boot# 
- 07:15:40 [INFO] Host: tftp ${loadaddr} 192.168.0.1:vatf_am335x-sk/43cf72524572c1b4cf86160b12076c34
- 07:15:41 [INFO] Target: 
tftp ${loadaddr} 192.168.0.1:vatf_am335x-sk/43cf72524572c1b4cf86160b12076c34
link up on port 0, speed 1000, full duplex
Using cpsw device
TFTP from server 192.168.0.1; our IP address is 192.168.0.222
Filename 'vatf_am335x-sk/43cf72524572c1b4cf86160b12076c34'.
Load address: 0x82000000
Loading: *#################################################################
	 #################################################################
	 #################################################################
	 #################################################################
	 #################################################################
	 #########################
	 6 MiB/s
done
Bytes transferred = 5135368 (4e5c08 hex)
U-Boot# 
- 07:15:41 [INFO] Host: tftp ${fdt_addr_r} 192.168.0.1:vatf_am335x-sk/e41e0ecdc762a2b0686716ed96528811
- 07:15:42 [INFO] Target: 
tftp ${fdt_addr_r} 192.168.0.1:vatf_am335x-sk/e41e0ecdc762a2b0686716ed96528811
link up on port 0, speed 1000, full duplex
Using cpsw device
TFTP from server 192.168.0.1; our IP address is 192.168.0.222
Filename 'vatf_am335x-sk/e41e0ecdc762a2b0686716ed96528811'.
Load address: 0x88000000
Loading: *###
	 4.7 MiB/s
done
Bytes transferred = 34197 (8595 hex)
U-Boot# 
- 07:15:42 [INFO] Host: ls mmc 0:1
- 07:15:42 [INFO] Target: 
ls mmc 0:1
  2206363   am335x-evm-sk-quickstartguide.pdf 
      140   autorun.inf 
   176621   beaglebone-quickstartguide.pdf 
    82480   mlo 
  2371014   quickstartguide.pdf 
       14   .ipaddr 
     1164   readme 
   408372   u-boot.img 
            windows_users/
        0   pointercal 

9 file(s), 1 dir(s)

U-Boot# 
- 07:15:42 [INFO] Host: ls mmc 0:2
- 07:15:43 [INFO] Target: 
ls mmc 0:2
<DIR>       4096 .
<DIR>       4096 ..
<DIR>       4096 bin
<DIR>       4096 boot
<DIR>       4096 dev
<DIR>       4096 etc
<DIR>       4096 home
<DIR>       4096 lib
<DIR>       4096 media
<DIR>       4096 mnt
<DIR>       4096 opt
<DIR>       4096 proc
<DIR>       4096 sbin
<DIR>       4096 srv
<DIR>       4096 sys
<SYM>          8 tmp
<DIR>       4096 usr
<DIR>       4096 var
<DIR>       4096 www
<SYM>          8 run
<DIR>       4096 Settings
<DIR>       4096 test
U-Boot# 
- 07:15:43 [INFO] Host: part uuid mmc 0:2
- 07:15:43 [INFO] Target: 
part uuid mmc 0:2
00000000-02
U-Boot# 
- 07:15:43 [INFO] Host: printenv
- 07:15:44 [INFO] Target: 
printenv
arch=arm
autoload=no
baudrate=115200
board=am335x
board_name=A335X_SK
board_rev=1.2C
boot_fdt=try
bootargs=console=ttyO0,115200n8 earlyprintk rootwait  ip=dhcp 
bootcmd=
bootcount=1
bootdelay=1
bootdir=/boot
bootenv=uEnv.txt
bootfile=zImage
bootm_size=0x10000000
bootpart=0:2
console=ttyO0,115200n8
cpu=armv7
dfu_alt_info_emmc=rawemmc mmc 0 3751936
dfu_alt_info_mmc=boot part 0 1;rootfs part 0 2;MLO fat 0 1;MLO.raw mmc 0x100 0x100;u-boot.img.raw mmc 0x300 0x400;spl-os-args.raw mmc 0x80 0x80;spl-os-image.raw mmc 0x900 0x2000;spl-os-args fat 0 1;spl-os-image fat 0 1;u-boot.img fat 0 1;uEnv.txt fat 0 1
dfu_alt_info_nand=SPL part 0 1;SPL.backup1 part 0 2;SPL.backup2 part 0 3;SPL.backup3 part 0 4;u-boot part 0 5;u-boot-spl-os part 0 6;kernel part 0 8;rootfs part 0 9
dfu_alt_info_ram=kernel ram 0x80200000 0xD80000;fdt ram 0x80F80000 0x80000;ramdisk ram 0x81000000 0x4000000
dnsip=192.0.2.2
dnsip2=192.0.2.3
eth1addr=c8:a0:30:a1:db:5a
ethact=cpsw
ethaddr=c8:a0:30:a1:db:58
fdt_addr_r=0x88000000
fdtaddr=0x88000000
fdtfile=undefined
fileaddr=88000000
filesize=8595
findfdt=if test $board_name = A335BONE; then setenv fdtfile am335x-bone.dtb; fi; if test $board_name = A335BNLT; then setenv fdtfile am335x-boneblack.dtb; fi; if test $board_name = A33515BB; then setenv fdtfile am335x-evm.dtb; fi; if test $board_name = A335X_SK; then setenv fdtfile am335x-evmsk.dtb; fi; if test $fdtfile = undefined; then echo WARNING: Could not determine device tree to use; fi; 
gatewayip=192.168.0.1
importbootenv=echo Importing environment from mmc ...; env import -t $loadaddr $filesize
ipaddr=192.168.0.222
kernel_addr_r=0x82000000
loadaddr=0x82000000
loadbootenv=load mmc ${mmcdev} ${loadaddr} ${bootenv}
loadfdt=load mmc ${bootpart} ${fdtaddr} ${bootdir}/${fdtfile}
loadimage=load mmc ${bootpart} ${loadaddr} ${bootdir}/${bootfile}
loadramdisk=load mmc ${mmcdev} ${rdaddr} ramdisk.gz
mmcargs=setenv bootargs console=${console} ${optargs} root=${mmcroot} rootfstype=${mmcrootfstype}
mmcboot=mmc dev ${mmcdev}; if mmc rescan; then echo SD/MMC found on device ${mmcdev};if run loadbootenv; then echo Loaded environment from ${bootenv};run importbootenv;fi;if test -n $uenvcmd; then echo Running uenvcmd ...;run uenvcmd;fi;if run loadimage; then run mmcloados;fi;fi;
mmcdev=0
mmcloados=run mmcargs; if test ${boot_fdt} = yes || test ${boot_fdt} = try; then if run loadfdt; then bootz ${loadaddr} - ${fdtaddr}; else if test ${boot_fdt} = try; then bootz; else echo WARN: Cannot load the DT; fi; fi; else bootz; fi;
mmcroot=/dev/mmcblk0p2 ro
mmcrootfstype=ext4 rootwait
mtdids=nand0=omap2-nand.0
mtdparts=mtdparts=omap2-nand.0:128k(SPL),128k(SPL.backup1),128k(SPL.backup2),128k(SPL.backup3),1792k(u-boot),128k(u-boot-spl-os),128k(u-boot-env),5m(kernel),-(rootfs)
nandargs=setenv bootargs console=${console} ${optargs} root=${nandroot} rootfstype=${nandrootfstype}
nandboot=echo Booting from nand ...; run nandargs; nand read ${fdtaddr} u-boot-spl-os; nand read ${loadaddr} kernel; bootz ${loadaddr} - ${fdtaddr}
nandroot=ubi0:rootfs rw ubi.mtd=7,2048
nandrootfstype=ubifs rootwait=1
netargs=setenv bootargs console=${console} ${optargs} root=/dev/nfs nfsroot=${serverip}:${rootpath},${nfsopts} rw ip=dhcp
netboot=echo Booting from network ...; setenv autoload no; dhcp; tftp ${loadaddr} ${bootfile}; tftp ${fdtaddr} ${fdtfile}; run netargs; bootz ${loadaddr} - ${fdtaddr}
netmask=255.255.255.0
nfsopts=nolock
partitions=uuid_disk=${uuid_gpt_disk};name=rootfs,start=2MiB,size=-,uuid=${uuid_gpt_rootfs}
ramargs=setenv bootargs console=${console} ${optargs} root=${ramroot} rootfstype=${ramrootfstype}
ramboot=echo Booting from ramdisk ...; run ramargs; bootz ${loadaddr} ${rdaddr} ${fdtaddr}
ramdisk_addr_r=0x88080000
ramroot=/dev/ram0 rw
ramrootfstype=ext2
rdaddr=0x88080000
rootpath=/export/rootfs
serverip=192.168.0.1
soc=am33xx
spiargs=setenv bootargs console=${console} ${optargs} root=${spiroot} rootfstype=${spirootfstype}
spiboot=echo Booting from spi ...; run spiargs; sf probe ${spibusno}:0; sf read ${loadaddr} ${spisrcaddr} ${spiimgsize}; bootz ${loadaddr}
spibusno=0
spiimgsize=0x362000
spiroot=/dev/mtdblock4 rw
spirootfstype=jffs2
spisrcaddr=0xe0000
static_ip=${ipaddr}:${serverip}:${gatewayip}:${netmask}:${hostname}::off
stderr=serial
stdin=serial
stdout=serial
usbnet_devaddr=c8:a0:30:a1:db:5a
vendor=ti
ver=U-Boot 2014.07-rc2 (May 29 2014 - 18:04:30)

Environment size: 4519/131068 bytes
U-Boot# 
- 07:15:44 [INFO] Host: setenv bootargs ''${bootargs}' root=PARTUUID=00000000-02 rw rootfstype=ext4 rootwait '
- 07:15:44 [INFO] Target: 
setenv bootargs ''${bootargs}' root=PARTUUID=00000000-02 rw rootfstype=ext4 rootwait '
U-Boot# 
- 07:15:44 [INFO] Host: printenv
- 07:15:45 [INFO] Target: 
printenv
arch=arm
autoload=no
baudrate=115200
board=am335x
board_name=A335X_SK
board_rev=1.2C
boot_fdt=try
bootargs=console=ttyO0,115200n8 earlyprintk rootwait  ip=dhcp  root=PARTUUID=00000000-02 rw rootfstype=ext4 rootwait 
bootcmd=
bootcount=1
bootdelay=1
bootdir=/boot
bootenv=uEnv.txt
bootfile=zImage
bootm_size=0x10000000
bootpart=0:2
console=ttyO0,115200n8
cpu=armv7
dfu_alt_info_emmc=rawemmc mmc 0 3751936
dfu_alt_info_mmc=boot part 0 1;rootfs part 0 2;MLO fat 0 1;MLO.raw mmc 0x100 0x100;u-boot.img.raw mmc 0x300 0x400;spl-os-args.raw mmc 0x80 0x80;spl-os-image.raw mmc 0x900 0x2000;spl-os-args fat 0 1;spl-os-image fat 0 1;u-boot.img fat 0 1;uEnv.txt fat 0 1
dfu_alt_info_nand=SPL part 0 1;SPL.backup1 part 0 2;SPL.backup2 part 0 3;SPL.backup3 part 0 4;u-boot part 0 5;u-boot-spl-os part 0 6;kernel part 0 8;rootfs part 0 9
dfu_alt_info_ram=kernel ram 0x80200000 0xD80000;fdt ram 0x80F80000 0x80000;ramdisk ram 0x81000000 0x4000000
dnsip=192.0.2.2
dnsip2=192.0.2.3
eth1addr=c8:a0:30:a1:db:5a
ethact=cpsw
ethaddr=c8:a0:30:a1:db:58
fdt_addr_r=0x88000000
fdtaddr=0x88000000
fdtfile=undefined
fileaddr=88000000
filesize=8595
findfdt=if test $board_name = A335BONE; then setenv fdtfile am335x-bone.dtb; fi; if test $board_name = A335BNLT; then setenv fdtfile am335x-boneblack.dtb; fi; if test $board_name = A33515BB; then setenv fdtfile am335x-evm.dtb; fi; if test $board_name = A335X_SK; then setenv fdtfile am335x-evmsk.dtb; fi; if test $fdtfile = undefined; then echo WARNING: Could not determine device tree to use; fi; 
gatewayip=192.168.0.1
importbootenv=echo Importing environment from mmc ...; env import -t $loadaddr $filesize
ipaddr=192.168.0.222
kernel_addr_r=0x82000000
loadaddr=0x82000000
loadbootenv=load mmc ${mmcdev} ${loadaddr} ${bootenv}
loadfdt=load mmc ${bootpart} ${fdtaddr} ${bootdir}/${fdtfile}
loadimage=load mmc ${bootpart} ${loadaddr} ${bootdir}/${bootfile}
loadramdisk=load mmc ${mmcdev} ${rdaddr} ramdisk.gz
mmcargs=setenv bootargs console=${console} ${optargs} root=${mmcroot} rootfstype=${mmcrootfstype}
mmcboot=mmc dev ${mmcdev}; if mmc rescan; then echo SD/MMC found on device ${mmcdev};if run loadbootenv; then echo Loaded environment from ${bootenv};run importbootenv;fi;if test -n $uenvcmd; then echo Running uenvcmd ...;run uenvcmd;fi;if run loadimage; then run mmcloados;fi;fi;
mmcdev=0
mmcloados=run mmcargs; if test ${boot_fdt} = yes || test ${boot_fdt} = try; then if run loadfdt; then bootz ${loadaddr} - ${fdtaddr}; else if test ${boot_fdt} = try; then bootz; else echo WARN: Cannot load the DT; fi; fi; else bootz; fi;
mmcroot=/dev/mmcblk0p2 ro
mmcrootfstype=ext4 rootwait
mtdids=nand0=omap2-nand.0
mtdparts=mtdparts=omap2-nand.0:128k(SPL),128k(SPL.backup1),128k(SPL.backup2),128k(SPL.backup3),1792k(u-boot),128k(u-boot-spl-os),128k(u-boot-env),5m(kernel),-(rootfs)
nandargs=setenv bootargs console=${console} ${optargs} root=${nandroot} rootfstype=${nandrootfstype}
nandboot=echo Booting from nand ...; run nandargs; nand read ${fdtaddr} u-boot-spl-os; nand read ${loadaddr} kernel; bootz ${loadaddr} - ${fdtaddr}
nandroot=ubi0:rootfs rw ubi.mtd=7,2048
nandrootfstype=ubifs rootwait=1
netargs=setenv bootargs console=${console} ${optargs} root=/dev/nfs nfsroot=${serverip}:${rootpath},${nfsopts} rw ip=dhcp
netboot=echo Booting from network ...; setenv autoload no; dhcp; tftp ${loadaddr} ${bootfile}; tftp ${fdtaddr} ${fdtfile}; run netargs; bootz ${loadaddr} - ${fdtaddr}
netmask=255.255.255.0
nfsopts=nolock
partitions=uuid_disk=${uuid_gpt_disk};name=rootfs,start=2MiB,size=-,uuid=${uuid_gpt_rootfs}
ramargs=setenv bootargs console=${console} ${optargs} root=${ramroot} rootfstype=${ramrootfstype}
ramboot=echo Booting from ramdisk ...; run ramargs; bootz ${loadaddr} ${rdaddr} ${fdtaddr}
ramdisk_addr_r=0x88080000
ramroot=/dev/ram0 rw
ramrootfstype=ext2
rdaddr=0x88080000
rootpath=/export/rootfs
serverip=192.168.0.1
soc=am33xx
spiargs=setenv bootargs console=${console} ${optargs} root=${spiroot} rootfstype=${spirootfstype}
spiboot=echo Booting from spi ...; run spiargs; sf probe ${spibusno}:0; sf read ${loadaddr} ${spisrcaddr} ${spiimgsize}; bootz ${loadaddr}
spibusno=0
spiimgsize=0x362000
spiroot=/dev/mtdblock4 rw
spirootfstype=jffs2
spisrcaddr=0xe0000
static_ip=${ipaddr}:${serverip}:${gatewayip}:${netmask}:${hostname}::off
stderr=serial
stdin=serial
stdout=serial
usbnet_devaddr=c8:a0:30:a1:db:5a
vendor=ti
ver=U-Boot 2014.07-rc2 (May 29 2014 - 18:04:30)

Environment size: 4574/131068 bytes
U-Boot# 
- 07:15:45 [INFO] Host: setenv bootcmd ''${bootcmd}' if iminfo ${loadaddr}; then bootm ${loadaddr} - ${fdt_addr_r}; else bootz ${loadaddr} - ${fdt_addr_r}; bootm ${loadaddr} - ${fdt_addr_r}; fi'
- 07:15:45 [INFO] Target: 
setenv bootcmd ''${bootcmd}' if iminfo ${loadaddr}; then bootm ${loadaddr} - ${fdt_addr_r}; else bootz ${loadaddr} - ${fdt_addr_r}; bootm ${loadaddr} - ${fdt_addr_r}; fi'
U-Boot# 
- 07:15:45 [INFO] Host: bdinfo
- 07:15:46 [INFO] Target: 
bdinfo
arch_number = 0x00000E05
boot_params = 0x80000100
DRAM bank   = 0x00000000
-> start    = 0x80000000
-> size     = 0x10000000
eth0name    = cpsw
ethaddr     = c8:a0:30:a1:db:58
eth1name    = usb_ether
eth1addr    = c8:a0:30:a1:db:5a
current eth = cpsw
ip_addr     = 192.168.0.222
baudrate    = 115200 bps
TLB addr    = 0x8FFF0000
relocaddr   = 0x8F74A000
reloc off   = 0x0EF4A000
irq_sp      = 0x8F629EE0
sp start    = 0x8F629ED0
U-Boot# 
- 07:15:46 [INFO] Host: boot
- 07:16:03 [INFO] Target: 
boot

## Checking Image at 82000000 ...
Unknown image format!
Kernel image @ 0x82000000 [ 0x000000 - 0x4e5c08 ]
## Flattened Device Tree blob at 88000000
   Booting using the fdt blob at 0x88000000
   Loading Device Tree to 8f61d000, end 8f628594 ... OK

Starting kernel ...

[    0.000000] Booting Linux on physical CPU 0x0
[    0.000000] Linux version 3.16.0-next-20140805-00002-g13011f3 (nmenon@kahuna) (gcc version 4.6.3 (Ubuntu/Linaro 4.6.3-1ubuntu5) ) #1 SMP Tue Aug 5 06:10:12 CDT 2014
[    0.000000] CPU: ARMv7 Processor [413fc082] revision 2 (ARMv7), cr=10c5387d
[    0.000000] CPU: PIPT / VIPT nonaliasing data cache, VIPT aliasing instruction cache
[    0.000000] Machine model: TI AM335x EVM-SK
[    0.000000] cma: Reserved 64 MiB at 8b000000
[    0.000000] Memory policy: Data cache writeback
[    0.000000]   HighMem zone: 1048574 pages exceeds freesize 0
[    0.000000] CPU: All CPU(s) started in SVC mode.
[    0.000000] AM335X ES2.1 (sgx neon )
[    0.000000] PERCPU: Embedded 8 pages/cpu @cfca8000 s8512 r8192 d16064 u32768
[    0.000000] Built 1 zonelists in Zone order, mobility grouping on.  Total pages: 64768
[    0.000000] Kernel command line: console=ttyO0,115200n8 earlyprintk rootwait  ip=dhcp  root=PARTUUID=00000000-02 rw rootfstype=ext4 rootwait 
[    0.000000] PID hash table entries: 1024 (order: 0, 4096 bytes)
[    0.000000] Dentry cache hash table entries: 32768 (order: 5, 131072 bytes)
[    0.000000] Inode-cache hash table entries: 16384 (order: 4, 65536 bytes)
[    0.000000] Memory: 181616K/261120K available (6702K kernel code, 927K rwdata, 2684K rodata, 696K init, 305K bss, 79504K reserved, 0K highmem)
[    0.000000] Virtual kernel memory layout:
[    0.000000]     vector  : 0xffff0000 - 0xffff1000   (   4 kB)
[    0.000000]     fixmap  : 0xffc00000 - 0xffe00000   (2048 kB)
[    0.000000]     vmalloc : 0xd0800000 - 0xff000000   ( 744 MB)
[    0.000000]     lowmem  : 0xc0000000 - 0xd0000000   ( 256 MB)
[    0.000000]     pkmap   : 0xbfe00000 - 0xc0000000   (   2 MB)
[    0.000000]     modules : 0xbf000000 - 0xbfe00000   (  14 MB)
[    0.000000]       .text : 0xc0208000 - 0xc0b32c98   (9388 kB)
[    0.000000]       .init : 0xc0b33000 - 0xc0be1140   ( 697 kB)
[    0.000000]       .data : 0xc0be2000 - 0xc0cc9d00   ( 928 kB)
[    0.000000]        .bss : 0xc0cc9d00 - 0xc0d16210   ( 306 kB)
[    0.000000] SLUB: HWalign=64, Order=0-3, MinObjects=0, CPUs=1, Nodes=1
[    0.000000] Hierarchical RCU implementation.
[    0.000000] 	RCU restricting CPUs from NR_CPUS=8 to nr_cpu_ids=1.
[    0.000000] RCU: Adjusting geometry for rcu_fanout_leaf=16, nr_cpu_ids=1
[    0.000000] NR_IRQS:16 nr_irqs:16 16
[    0.000000] IRQ: Found an INTC at 0xfa200000 (revision 5.0) with 128 interrupts
[    0.000000] Total of 128 interrupts on 1 active controller
[    0.000000] OMAP clockevent source: timer2 at 24000000 Hz
[    0.000015] sched_clock: 32 bits at 24MHz, resolution 41ns, wraps every 178956969942ns
[    0.000035] OMAP clocksource: timer1 at 24000000 Hz
[    0.000228] Console: colour dummy device 80x30
[    0.000260] Calibrating delay loop... 997.78 BogoMIPS (lpj=2494464)
[    0.059471] pid_max: default: 32768 minimum: 301
[    0.059613] Mount-cache hash table entries: 1024 (order: 0, 4096 bytes)
[    0.059624] Mountpoint-cache hash table entries: 1024 (order: 0, 4096 bytes)
[    0.060197] CPU: Testing write buffer coherency: ok
[    0.060526] CPU0: thread -1, cpu 0, socket -1, mpidr 0
[    0.060618] Setting up static identity map for 0x80855e80 - 0x80855f18
[    0.062432] Brought up 1 CPUs
[    0.062449] SMP: Total of 1 processors activated.
[    0.062456] CPU: All CPU(s) started in SVC mode.
[    0.063055] devtmpfs: initialized
[    0.066574] VFP support v0.3: implementor 41 architecture 3 part 30 variant c rev 3
[    0.076015] omap_hwmod: tptc0 using broken dt data from edma
[    0.076138] omap_hwmod: tptc1 using broken dt data from edma
[    0.076232] omap_hwmod: tptc2 using broken dt data from edma
[    0.080659] omap_hwmod: debugss: _wait_target_disable failed
[    0.138979] pinctrl core: initialized pinctrl subsystem
[    0.139719] regulator-dummy: no parameters
[    0.149715] NET: Registered protocol family 16
[    0.151974] DMA: preallocated 256 KiB pool for atomic coherent allocations
[    0.153997] cpuidle: using governor ladder
[    0.154018] cpuidle: using governor menu
[    0.160159] platform 49000000.edma: alias fck already exists
[    0.160186] platform 49000000.edma: alias fck already exists
[    0.160198] platform 49000000.edma: alias fck already exists
[    0.160915] OMAP GPIO hardware version 0.1
[    0.169433] No ATAGs?
[    0.169523] hw-breakpoint: debug architecture 0x4 unsupported.
[    0.170402] EXYNOS: PMU not supported
[    0.172689] Serial: AMBA PL011 UART driver
[    0.190624] edma-dma-engine edma-dma-engine.0: TI EDMA DMA engine driver
[    0.191342] vbat: 5000 mV 
[    0.191619] lis3_reg: no parameters
[    0.191705] reg-fixed-voltage fixedregulator@2: could not find pctldev for node /pinmux@44e10800/pinmux_wl12xx_gpio, deferring probe
[    0.191724] platform fixedregulator@2: Driver reg-fixed-voltage requests probe deferral
[    0.191955] vtt: 1500 mV 
[    0.194009] vgaarb: loaded
[    0.194794] SCSI subsystem initialized
[    0.195439] usbcore: registered new interface driver usbfs
[    0.195512] usbcore: registered new interface driver hub
[    0.195765] usbcore: registered new device driver usb
[    0.196371] omap_i2c 44e0b000.i2c: could not find pctldev for node /pinmux@44e10800/pinmux_i2c0_pins, deferring probe
[    0.196396] platform 44e0b000.i2c: Driver omap_i2c requests probe deferral
[    0.196637] Linux video capture interface: v2.00
[    0.196694] pps_core: LinuxPPS API ver. 1 registered
[    0.196702] pps_core: Software ver. 5.3.6 - Copyright 2005-2007 Rodolfo Giometti <giometti@linux.it>
[    0.196730] PTP clock support registered
[    0.196923] EDAC MC: Ver: 3.0.0
[    0.197849] Advanced Linux Sound Architecture Driver Initialized.
[    0.199167] Switched to clocksource timer1
[    0.209583] NET: Registered protocol family 2
[    0.210324] TCP established hash table entries: 2048 (order: 1, 8192 bytes)
[    0.210358] TCP bind hash table entries: 2048 (order: 2, 16384 bytes)
[    0.210392] TCP: Hash tables configured (established 2048 bind 2048)
[    0.210465] TCP: reno registered
[    0.210478] UDP hash table entries: 256 (order: 1, 8192 bytes)
[    0.210498] UDP-Lite hash table entries: 256 (order: 1, 8192 bytes)
[    0.210685] NET: Registered protocol family 1
[    0.211077] RPC: Registered named UNIX socket transport module.
[    0.211091] RPC: Registered udp transport module.
[    0.211097] RPC: Registered tcp transport module.
[    0.211104] RPC: Registered tcp NFSv4.1 backchannel transport module.
[    0.212046] hw perfevents: enabled with armv7_cortex_a8 PMU driver, 5 counters available
[    0.213954] futex hash table entries: 256 (order: 2, 16384 bytes)
[    0.226674] squashfs: version 4.0 (2009/01/31) Phillip Lougher
[    0.227593] NFS: Registering the id_resolver key type
[    0.227665] Key type id_resolver registered
[    0.227673] Key type id_legacy registered
[    0.227734] msgmni has been set to 482
[    0.228614] Block layer SCSI generic (bsg) driver version 0.4 loaded (major 249)
[    0.228635] io scheduler noop registered
[    0.228646] io scheduler deadline registered
[    0.228838] io scheduler cfq registered (default)
[    0.230989] pinctrl-single 44e10800.pinmux: 142 pins at pa f9e10800 size 568
[    0.234406] backlight supply power not found, using dummy regulator
[    0.234566] pwm-backlight backlight: unable to request PWM, trying legacy API
[    0.234581] pwm-backlight backlight: unable to request legacy PWM
[    0.234679] platform backlight: Driver pwm-backlight requests probe deferral
[    0.294269] Serial: 8250/16550 driver, 4 ports, IRQ sharing disabled
[    0.296414] Serial: IMX driver
[    0.296708] msm_serial: driver initialized
[    0.297221] omap_uart 44e09000.serial: no wakeirq for uart0
[    0.297405] 44e09000.serial: ttyO0 at MMIO 0x44e09000 (irq = 88, base_baud = 3000000) is a OMAP UART0
[    1.024441] console [ttyO0] enabled
[    1.028682] STMicroelectronics ASC driver initialized
[    1.034769] serial: Freescale lpuart driver
[    1.039411] [drm] Initialized drm 1.1.0 20060810
[    1.049755] loop: module loaded
[    1.056920] CAN device driver interface
[    1.061647] igb: Intel(R) Gigabit Ethernet Network Driver - version 5.2.13-k
[    1.069070] igb: Copyright (c) 2007-2014 Intel Corporation.
[    1.076019] pegasus: v0.9.3 (2013/04/25), Pegasus/Pegasus II USB Ethernet driver
[    1.083894] usbcore: registered new interface driver pegasus
[    1.089923] usbcore: registered new interface driver asix
[    1.095663] usbcore: registered new interface driver ax88179_178a
[    1.102117] usbcore: registered new interface driver cdc_ether
[    1.108320] usbcore: registered new interface driver smsc75xx
[    1.114429] usbcore: registered new interface driver smsc95xx
[    1.120518] usbcore: registered new interface driver net1080
[    1.126514] usbcore: registered new interface driver cdc_subset
[    1.132784] usbcore: registered new interface driver zaurus
[    1.138762] usbcore: registered new interface driver cdc_ncm
[    1.144757] ehci_hcd: USB 2.0 'Enhanced' Host Controller (EHCI) Driver
[    1.151622] ehci-pci: EHCI PCI platform driver
[    1.156352] ehci-platform: EHCI generic platform driver
[    1.162022] ehci-omap: OMAP-EHCI Host Controller driver
[    1.167633] ehci-orion: EHCI orion driver
[    1.171955] SPEAr-ehci: EHCI SPEAr driver
[    1.176272] tegra-ehci: Tegra EHCI driver
[    1.180613] ohci_hcd: USB 1.1 'Open' Host Controller (OHCI) Driver
[    1.187146] ohci-pci: OHCI PCI platform driver
[    1.191880] ohci-platform: OHCI generic platform driver
[    1.197492] ohci-omap3: OHCI OMAP3 driver
[    1.201818] SPEAr-ohci: OHCI SPEAr driver
[    1.206707] usbcore: registered new interface driver usb-storage
[    1.214668] mousedev: PS/2 mouse device common for all mice
[    1.222986] i2c /dev entries driver
[    1.227702] usbcore: registered new interface driver uvcvideo
[    1.233767] USB Video Class driver (1.1.1)
[    1.238077] gspca_main: v2.14.0 registered
[    1.244738] sdhci: Secure Digital Host Controller Interface driver
[    1.251251] sdhci: Copyright(c) Pierre Ossman
[    1.257017] omap_hsmmc 48060000.mmc: unable to get vmmc regulator -517
[    1.264048] platform 48060000.mmc: Driver omap_hsmmc requests probe deferral
[    1.271775] omap_hsmmc 481d8000.mmc: unable to get vmmc regulator -517
[    1.278715] platform 481d8000.mmc: Driver omap_hsmmc requests probe deferral
[    1.286494] Synopsys Designware Multimedia Card Interface Driver
[    1.293346] sdhci-pltfm: SDHCI platform and OF driver helper
[    1.300396] usbcore: registered new interface driver usbhid
[    1.306274] usbhid: USB HID core driver
[    1.315043] TCP: cubic registered
[    1.318545] NET: Registered protocol family 17
[    1.323281] can: controller area network core (rev 20120528 abi 9)
[    1.329879] NET: Registered protocol family 29
[    1.334565] can: raw protocol (rev 20120528)
[    1.339045] can: broadcast manager protocol (rev 20120528 t)
[    1.345005] can: netlink gateway (rev 20130117) max_hops=1
[    1.351300] Key type dns_resolver registered
[    1.356042] omap_voltage_late_init: Voltage driver support not added
[    1.363418] ThumbEE CPU extension supported.
[    1.367983] Registering SWP/SWPB emulation handler
[    1.374750] vwl1271: 1800 mV 
[    1.379824] tps65910 0-002d: No interrupt support, no core IRQ
[    1.390098] vrtc: 1800 mV 
[    1.393213] vrtc: supplied by vbat
[    1.398460] vio: at 1500 mV 
[    1.401600] vio: supplied by vbat
[    1.406801] vdd_mpu: 912 <--> 1312 mV at 1325 mV 
[    1.411835] vdd_mpu: supplied by vbat
[    1.417464] vdd_core: 912 <--> 1150 mV at 1137 mV 
[    1.422584] vdd_core: supplied by vbat
[    1.427921] vdd3: 5000 mV 
[    1.432104] vdig1: at 1800 mV 
[    1.435391] vdig1: supplied by vbat
[    1.440375] vdig2: at 1800 mV 
[    1.443638] vdig2: supplied by vbat
[    1.448651] vpll: at 1800 mV 
[    1.451840] vpll: supplied by vbat
[    1.456768] vdac: at 1800 mV 
[    1.459956] vdac: supplied by vbat
[    1.464857] vaux1: at 1800 mV 
[    1.468116] vaux1: supplied by vbat
[    1.473106] vaux2: at 3300 mV 
[    1.476397] vaux2: supplied by vbat
[    1.481407] vaux33: at 3300 mV 
[    1.484779] vaux33: supplied by vbat
[    1.489859] vmmc: 1800 <--> 3300 mV at 3300 mV 
[    1.494697] vmmc: supplied by vbat
[    1.499390] vbb: at 3000 mV 
[    1.502625] vbb: supplied by vbat
[    1.507984] tps65910-rtc tps65910-rtc: IRQ is not free.
[    1.513525] tps65910-rtc: probe of tps65910-rtc failed with error -22
[    1.521990] omap_i2c 44e0b000.i2c: bus 0 rev0.11 at 400 kHz
[    1.528516] backlight supply power not found, using dummy regulator
[    1.535317] pwm-backlight backlight: unable to request PWM, trying legacy API
[    1.542835] pwm-backlight backlight: unable to request legacy PWM
[    1.549323] platform backlight: Driver pwm-backlight requests probe deferral
[    1.621717] mmc0: host does not support reading read-only switch. assuming write-enable.
[    1.632764] mmc0: new high speed SDHC card at address 1234
[    1.639028] mmcblk0: mmc0:1234 SA04G 3.63 GiB 
[    1.645892]  mmcblk0: p1 p2 p3
[    1.694806] backlight supply power not found, using dummy regulator
[    1.701602] pwm-backlight backlight: unable to request PWM, trying legacy API
[    1.709118] pwm-backlight backlight: unable to request legacy PWM
[    1.715608] platform backlight: Driver pwm-backlight requests probe deferral
[    1.743187] omap_hsmmc 481d8000.mmc: card claims to support voltages below defined range
[    1.761706] mmc1: queuing unknown CIS tuple 0x91 (3 bytes)
[    1.768588] mmc1: new SDIO card at address 0001
[    1.774188] davinci_mdio 4a101000.mdio: davinci mdio revision 1.6
[    1.780600] davinci_mdio 4a101000.mdio: detected phy mask fffffffc
[    1.788672] backlight supply power not found, using dummy regulator
[    1.795537] pwm-backlight backlight: unable to request PWM, trying legacy API
[    1.803061] pwm-backlight backlight: unable to request legacy PWM
[    1.809549] platform backlight: Driver pwm-backlight requests probe deferral
[    1.818150] libphy: 4a101000.mdio: probed
[    1.822449] davinci_mdio 4a101000.mdio: phy[0]: device 4a101000.mdio:00, driver Atheros 8031 ethernet
[    1.832139] davinci_mdio 4a101000.mdio: phy[1]: device 4a101000.mdio:01, driver Atheros 8031 ethernet
[    1.842917] cpsw 4a100000.ethernet: Detected MACID = c8:a0:30:a1:db:58
[    1.850718] cpsw 4a100000.ethernet: cpsw: Detected MACID = c8:a0:30:a1:db:5a
[    1.859941] input: gpio_buttons@0 as /devices/gpio_buttons@0/input/input0
[    1.867793] backlight supply power not found, using dummy regulator
[    1.874605] pwm-backlight backlight: unable to request PWM, trying legacy API
[    1.882124] pwm-backlight backlight: unable to request legacy PWM
[    1.888609] platform backlight: Driver pwm-backlight requests probe deferral
[    1.897105] drivers/rtc/hctosys.c: unable to open rtc device (rtc0)
[    1.907711] net eth0: initializing cpsw version 1.12 (0)
[    1.916570] backlight supply power not found, using dummy regulator
[    1.923446] pwm-backlight backlight: unable to request PWM, trying legacy API
[    1.930979] pwm-backlight backlight: unable to request legacy PWM
[    1.937467] platform backlight: Driver pwm-backlight requests probe deferral
[    1.979957] net eth0: phy found : id is : 0x4dd074
[    1.988704] net eth1: initializing cpsw version 1.12 (0)
[    2.059895] net eth1: phy found : id is : 0x4dd074
[    5.980062] cpsw 4a100000.ethernet eth0: Link is Up - 1Gbps/Full - flow control rx/tx
[    5.999184] Sending DHCP requests ., OK
[    6.060400] IP-Config: Got DHCP answer from 192.168.0.1, my address is 192.168.0.222
[    6.070922] IP-Config: Complete:
[    6.074356]      device=eth0, hwaddr=c8:a0:30:a1:db:58, ipaddr=192.168.0.222, mask=255.255.255.0, gw=192.168.0.1
[    6.085040]      host=192.168.0.222, domain=ti.com, nis-domain=(none)
[    6.091803]      bootserver=192.168.0.1, rootserver=192.168.0.1, rootpath=
[    6.098836]      nameserver0=192.0.2.2, nameserver1=192.0.2.3
[    6.105468] lis3_reg: disabling
[    6.108881] ALSA device list:
[    6.112036]   No soundcards found.
[    6.139384] EXT4-fs (mmcblk0p2): mounted filesystem with ordered data mode. Opts: (null)
[    6.147968] VFS: Mounted root (ext4 filesystem) on device 179:2.
[    6.163250] devtmpfs: mounted
[    6.167202] Freeing unused kernel memory: 696K (c0b33000 - c0be1000)

INIT: version 2.88 booting

Error opening /dev/fb0: No such file or directory
Starting udev
[    6.731378] udevd[78]: starting version 182
[    9.174925] random: nonblocking pool is initialized
[    9.238240] FAT-fs (mmcblk0p1): codepage cp437 not found
[    9.367759] FAT-fs (mmcblk0p1): codepage cp437 not found
[    9.980167] FAT-fs (mmcblk0p1): codepage cp437 not found
[   10.109289] FAT-fs (mmcblk0p1): codepage cp437 not found
Starting Bootlog daemon: bootlogd.

[   10.238296] EXT4-fs (mmcblk0p2): re-mounted. Opts: data=ordered
ALSA: Restoring mixer settings...

/usr/sbin/alsactl: load_state:1696: No soundcards found...Configuring network interfaces... 

udhcpc (v1.20.2) started

Sending discover...

Sending select for 192.168.0.103...

Lease of 192.168.0.103 obtained, lease time 7200

/etc/udhcpc.d/50default: Adding DNS 192.0.2.2

/etc/udhcpc.d/50default: Adding DNS 192.0.2.3

done.

hwclock: can't open '/dev/misc/rtc': No such file or directory

Thu May 22 19:36:00 UTC 2014

hwclock: can't open '/dev/misc/rtc': No such file or directory


INIT: Entering runlevel: 5


Starting system message bus: dbus.

Starting Dropbear SSH server: dropbear.

Starting telnet daemon.

hwclock: can't open '/dev/misc/rtc': No such file or directory

Starting syslogd/klogd: done

Starting thttpd.

Starting Lighttpd Web Server: lighttpd.

2014-05-22 19:36:00: (log.c.166) server started 

/etc/rc5.d/S96am335x-pm-firmware-load: line 4: /sys/devices/ocp.2/44d00000.wkup_m3/firmware/am335x-pm-firmware.bin/loading: No such file or directory

/etc/rc5.d/S96am335x-pm-firmware-load: line 5: /sys/devices/ocp.2/44d00000.wkup_m3/firmware/am335x-pm-firmware.bin/data: No such file or directory

/etc/rc5.d/S96am335x-pm-firmware-load: line 6: /sys/devices/ocp.2/44d00000.wkup_m3/firmware/am335x-pm-firmware.bin/loading: No such file or directory

/

Starting Matrix GUI application.

***************************************************************

***************************************************************

NOTICE: This file system contains the followin GPLv3 packages:

	binutils-symlinks

	binutils

	gdbserver



If you do not wish to distribute GPLv3 components please remove

the above packages prior to distribution.  This can be done using

the opkg remove command.  i.e.:

    opkg remove <package>

Where <package> is the name printed in the list above



NOTE: If the package is a dependency of another package you

      will be notified of the dependent packages.  You should

      use the --force-removal-of-dependent-packages option to

      also remove the dependent packages as well

***************************************************************

***************************************************************

Stopping Bootlog daemon: bootlogd.

 _____                    _____           _         _   
|  _  |___ ___ ___ ___   |  _  |___ ___  |_|___ ___| |_ 
|     |  _| .'| . | . |  |   __|  _| . | | | -_|  _|  _|
|__|__|_| |__,|_  |___|  |__|  |_| |___|_| |___|___|_|  
              |___|                    |___|            

Arago Project http://arago-project.org am335x-evm ttyO0

Arago 2013.10 am335x-evm ttyO0

am335x-evm login: 
- 07:16:03 [INFO] Host: root
- 07:16:07 [INFO] Target: 
root
root@am335x-evm:~# 
- 07:16:07 [INFO] Host: uname -a
- 07:16:07 [INFO] Target: 
uname -a
Linux am335x-evm 3.16.0-next-20140805-00002-g13011f3 #1 SMP Tue Aug 5 06:10:12 CDT 2014 armv7l GNU/Linux
root@am335x-evm:~# 
- 07:16:07 [INFO] Host: cat /proc/cmdline
- 07:16:08 [INFO] Target: 
cat /proc/cmdline
console=ttyO0,115200n8 earlyprintk rootwait  ip=dhcp  root=PARTUUID=00000000-02 rw rootfstype=ext4 rootwait 
root@am335x-evm:~# 
- 07:16:08 [INFO] Host: uname -a
- 07:16:08 [INFO] Target: 
uname -a
Linux am335x-evm 3.16.0-next-20140805-00002-g13011f3 #1 SMP Tue Aug 5 06:10:12 CDT 2014 armv7l GNU/Linux
root@am335x-evm:~# 
- 07:16:08 [INFO] Host: cat /proc/mtd
- 07:16:09 [INFO] Target: 
cat /proc/mtd
dev:    size   erasesize  name
root@am335x-evm:~# 
- 07:16:13 [INFO] Host: export IPERFHOST=192.168.0.1
- 07:16:13 [INFO] Target: 
export IPERFHOST=192.168.0.1
root@am335x-evm:~# 
- 07:16:13 [INFO] Host: export NFS_SERVER=192.168.0.1
- 07:16:14 [INFO] Target: 
export NFS_SERVER=192.168.0.1
root@am335x-evm:~# 
- 07:16:14 [INFO] Host: export NFS_ROOT_PATH=/home/tigtfarm02/NFS_exports/am335x-sk
- 07:16:14 [INFO] Target: 
export NFS_ROOT_PATH=/home/tigtfarm02/NFS_exports/am335x-sk
root@am335x-evm:~# 
- 07:16:14 [INFO] Host: mkdir -p -m 777 /test
- 07:16:15 [INFO] Target: 
mkdir -p -m 777 /test
root@am335x-evm:~# 
- 07:16:15 [INFO] Host: cd /test
- 07:16:15 [INFO] Target: 
cd /test
root@am335x-evm:/test# 
- 07:16:15 [INFO] Host: cat > test.sh << EOF
- 07:16:16 [INFO] Target: 
cat > test.sh << EOF
> 
- 07:16:16 [INFO] Host: failtest() {

- 07:16:16 [INFO] Target: 
failtest() {
> 
- 07:16:16 [INFO] Host:   echo 1 >&3

- 07:16:17 [INFO] Target: 
  echo 1 >&3
> 
- 07:16:17 [INFO] Host: }

- 07:16:17 [INFO] Target: 
}
> 
- 07:16:17 [INFO] Host: timeout=600

- 07:16:18 [INFO] Target: 
timeout=600
> 
- 07:16:18 [INFO] Host: 

- 07:16:18 [INFO] Target: 

> 
- 07:16:18 [INFO] Host: # Start of user's script logic

- 07:16:19 [INFO] Target: 
# Start of user's script logic
> 
- 07:16:19 [INFO] Host: 

- 07:16:19 [INFO] Target: 

> 
- 07:16:19 [INFO] Host: 

- 07:16:20 [INFO] Target: 

> 
- 07:16:20 [INFO] Host: mount -t proc proc /proc 2>/dev/null;

- 07:16:20 [INFO] Target: 
mount -t proc proc /proc 2>/dev/null;
> 
- 07:16:20 [INFO] Host: 

- 07:16:21 [INFO] Target: 

> 
- 07:16:21 [INFO] Host: mount -t sysfs sys /sys 2>/dev/null;

- 07:16:21 [INFO] Target: 
mount -t sysfs sys /sys 2>/dev/null;
> 
- 07:16:21 [INFO] Host: 

- 07:16:22 [INFO] Target: 

> 
- 07:16:22 [INFO] Host: mount -t debugfs none /sys/kernel/debug 2>/dev/null;

- 07:16:22 [INFO] Target: 
mount -t debugfs none /sys/kernel/debug 2>/dev/null;
> 
- 07:16:22 [INFO] Host: 

- 07:16:23 [INFO] Target: 

> 
- 07:16:23 [INFO] Host: echo 'cpuinfo:';cat /proc/cpuinfo; echo '=======';

- 07:16:23 [INFO] Target: 
echo 'cpuinfo:';cat /proc/cpuinfo; echo '=======';
> 
- 07:16:23 [INFO] Host: 

- 07:16:24 [INFO] Target: 

> 
- 07:16:24 [INFO] Host: echo 'soc info:';head /sys/devices/soc0/* 2>/dev/null; echo '=======';

- 07:16:24 [INFO] Target: 
echo 'soc info:';head /sys/devices/soc0/* 2>/dev/null; echo '=======';
> 
- 07:16:24 [INFO] Host: 

- 07:16:25 [INFO] Target: 

> 
- 07:16:25 [INFO] Host: echo 'interrupts:';cat /proc/interrupts; echo '=======';

- 07:16:25 [INFO] Target: 
echo 'interrupts:';cat /proc/interrupts; echo '=======';
> 
- 07:16:25 [INFO] Host: 

- 07:16:26 [INFO] Target: 

> 
- 07:16:26 [INFO] Host: echo 'Clk_summary:';cat /sys/kernel/debug/clk/clk_summary; echo '=======';

- 07:16:26 [INFO] Target: 
echo 'Clk_summary:';cat /sys/kernel/debug/clk/clk_summary; echo '=======';
> 
- 07:16:26 [INFO] Host: 

- 07:16:27 [INFO] Target: 

> 
- 07:16:27 [INFO] Host: echo 'Orphan Clks:';ls /sys/kernel/debug/clk/orphans/; echo '=======';

- 07:16:27 [INFO] Target: 
echo 'Orphan Clks:';ls /sys/kernel/debug/clk/orphans/; echo '=======';
> 
- 07:16:27 [INFO] Host: 

- 07:16:28 [INFO] Target: 

> 
- 07:16:28 [INFO] Host: echo 'H''ello World' 'B''oard Booted';

- 07:16:28 [INFO] Target: 
echo 'H''ello World' 'B''oard Booted';
> 
- 07:16:28 [INFO] Host: 

- 07:16:29 [INFO] Target: 

> 
- 07:16:29 [INFO] Host: EOF
- 07:16:29 [INFO] Target: 
EOF
root@am335x-evm:/test# 
- 07:16:29 [INFO] Host: cd /test
- 07:16:30 [INFO] Target: 
cd /test
root@am335x-evm:/test# 
- 07:16:30 [INFO] Host: chmod +x test.sh
- 07:16:30 [INFO] Target: 
chmod +x test.sh
root@am335x-evm:/test# 
- 07:16:30 [INFO] Host: ./test.sh 2> stderr.log > stdout.log 3> result.log
- 07:16:31 [INFO] Target: 
./test.sh 2> stderr.log > stdout.log 3> result.log
root@am335x-evm:/test# 
- 07:16:31 [INFO] Host: echo $?
- 07:16:32 [INFO] Target: 
echo $?
0
root@am335x-evm:/test# 
- 07:16:32 [INFO] Host: cd /test
- 07:16:32 [INFO] Target: 
cd /test
root@am335x-evm:/test# 
- 07:16:32 [INFO] Host: cat stdout.log
- 07:16:33 [INFO] Target: 
cat stdout.log
cpuinfo:
processor	: 0
model name	: ARMv7 Processor rev 2 (v7l)
Features	: half thumb fastmult vfp edsp thumbee neon vfpv3 tls vfpd32 
CPU implementer	: 0x41
CPU architecture: 7
CPU variant	: 0x3
CPU part	: 0xc08
CPU revision	: 2

Hardware	: Generic AM33XX (Flattened Device Tree)
Revision	: 0000
Serial		: 0000000000000000
=======
soc info:
==> /sys/devices/soc0/family <==
Unknown

==> /sys/devices/soc0/machine <==
AM335X

==> /sys/devices/soc0/power <==

==> /sys/devices/soc0/revision <==
ES2.1

==> /sys/devices/soc0/subsystem <==

==> /sys/devices/soc0/type <==
GP

==> /sys/devices/soc0/uevent <==
=======
interrupts:
           CPU0       
 28:       1835      INTC  12  edma
 30:          1      INTC  14  edma_error
 44:        144      INTC  28  mmc1
 56:          0      INTC  40  4a100000.ethernet
 57:         22      INTC  41  4a100000.ethernet
 58:         10      INTC  42  4a100000.ethernet
 59:          0      INTC  43  4a100000.ethernet
 80:       5544      INTC  64  mmc0
 84:       3709      INTC  68  gp_timer
 86:        285      INTC  70  44e0b000.i2c
 88:       3852      INTC  72  OMAP UART0
150:          0      GPIO   6  mmc0
174:          0      GPIO  30  button2
210:          0      GPIO   2  button1
211:          0      GPIO   3  button0
213:          0      GPIO   5  button3
IPI0:          0  CPU wakeup interrupts
IPI1:          0  Timer broadcast interrupts
IPI2:          0  Rescheduling interrupts
IPI3:          0  Function call interrupts
IPI4:          0  Single function call interrupts
IPI5:          0  CPU stop interrupts
IPI6:          0  IRQ work interrupts
IPI7:          0  completion interrupts
Err:          0
=======
Clk_summary:
   clock                         enable_cnt  prepare_cnt        rate   accuracy
--------------------------------------------------------------------------------
 tclkin_ck                                0            0    12000000          0
 virt_26000000_ck                         0            0    26000000          0
 virt_25000000_ck                         0            0    25000000          0
 virt_24000000_ck                         1            1    24000000          0
    sys_clkin_ck                          9           23    24000000          0
       timer6_fck                         0            1    24000000          0
       timer3_fck                         0            1    24000000          0
       dpll_per_ck                        1            2   960000000          0
          dpll_per_m2_ck                  2            4   192000000          0
             ehrpwm2_tbclk                0            0   192000000          0
             ehrpwm1_tbclk                0            0   192000000          0
             ehrpwm0_tbclk                0            0   192000000          0
             mmc_clk                      0            3    96000000          0
             clk_24mhz                    1            1    24000000          0
                clkdiv32k_ck              1            1       32786          0
                   clkdiv32k_ick           2            5       32786          0
                      wdt1_fck            0            1       32786          0
                      gpio3_dbclk           0            1       32786          0
                      gpio2_dbclk           1            2       32786          0
                      gpio1_dbclk           0            1       32786          0
             dpll_per_m2_div4_ck           0            9    48000000          0
             dpll_per_m2_div4_wkupdm_ck           1            2    48000000          0
          usbotg_fck                      0            1   960000000          0
       dpll_disp_ck                       0            1    24000000          0
          dpll_disp_m2_ck                 0            1    24000000          0
             lcd_gclk                     0            1    24000000          0
       dpll_ddr_ck                        1            1   303000000          0
          dpll_ddr_m2_ck                  2            2   303000000          0
             dpll_ddr_m2_div2_ck           1            1   151500000          0
       dpll_mpu_ck                        1            1  1000000000          0
          dpll_mpu_m2_ck                  4            4  1000000000          0
       dpll_core_ck                       1            1  1000000000          0
          dpll_core_x2_ck                 2            2  2000000000          0
             dpll_core_m6_ck              0            0   500000000          0
             dpll_core_m5_ck              1            1   250000000          0
                cpsw_cpts_rft_clk           0            0   250000000          0
                cpsw_125mhz_gclk           3            3   125000000          0
             dpll_core_m4_ck              9           11   200000000          0
                dbg_clka_ck               0            2   200000000          0
                   trace_pmd_clk_mux_ck           0            1   200000000          0
                      trace_clk_div_ck           0            1    50000000          0
                   stm_pmd_clock_mux_ck           0            0   200000000          0
                      stm_clk_div_ck           0            0    50000000          0
                gfx_fclk_clksel_ck           0            1   200000000          0
                   gfx_fck_div_ck           0            1   200000000          0
                sysclk_div_ck             0            0   200000000          0
                l4hs_gclk                 2            2   200000000          0
                l4_rtc_gclk               0            0   100000000          0
                dpll_core_m4_div2_ck          16           17   100000000          0
                   l4ls_gclk             43           59   100000000          0
                   l4fw_gclk              1            1   100000000          0
                   l3s_gclk               9           10   100000000          0
                   ieee5000_fck           0            0   100000000          0
                mmu_fck                   0            0   200000000          0
                l3_gclk                  13           15   200000000          0
                   pruss_ocp_gclk           0            1   200000000          0
       rng_fck                            1            2    24000000          0
       aes0_fck                           1            2    24000000          0
       sha0_fck                           1            1    24000000          0
       smartreflex1_fck                   0            1    24000000          0
       smartreflex0_fck                   0            1    24000000          0
       mcasp1_fck                         0            1    24000000          0
       mcasp0_fck                         0            1    24000000          0
       dcan1_fck                          0            1    24000000          0
       dcan0_fck                          0            1    24000000          0
       adc_tsc_fck                        0            1    24000000          0
       cefuse_fck                         0            0    24000000          0
       timer1_fck                         1            1    24000000          0
       timer2_fck                         1            1    24000000          0
       timer4_fck                         0            1    24000000          0
       timer5_fck                         0            1    24000000          0
       timer7_fck                         0            1    24000000          0
       dbg_sysclk_ck                      0            1    24000000          0
 virt_19200000_ck                         0            0    19200000          0
 clk_rc32k_ck                             1            1       32000          0
    gpio0_dbclk_mux_ck                    1            1       32000          0
       gpio0_dbclk                        1            2       32000          0
 clk_32768_ck                             1            2       32768          0
    sysclkout_pre_ck                      1            1       32768          0
       clkout2_div_ck                     1            1       32768          0
          clkout2_ck                      1            1       32768          0
=======
Orphan Clks:
=======
Hello World Board Booted
root@am335x-evm:/test# 
- 07:16:33 [INFO] Host: cat stderr.log
- 07:16:34 [INFO] Target: 
cat stderr.log
ls: /sys/kernel/debug/clk/orphans/: No such file or directory
root@am335x-evm:/test# 
- 07:16:34 [INFO] Host: cat result.log
- 07:16:36 [ERROR] On command: cat result.log waiting for (?m-ix:^1[\0\n\r]+) >>> error: execution expired
- 07:16:36 [INFO] Target: 
cat result.log
root@am335x-evm:/test# 
- 07:16:36 [INFO] Host: cd /test
- 07:16:36 [INFO] Target: 
cd /test
root@am335x-evm:/test# 
