- 06:52:56 [INFO] Starting target session
- 06:52:56 [INFO] Connected to am335x-evm via serial 
- 06:52:56 [INFO] Host: 
- 06:52:58 [ERROR] On command:  waiting for (?-mix:login:) >>> error: execution expired
- 06:52:58 [INFO] Target: 

- 06:52:58 [INFO] Host: 
- 06:53:03 [ERROR] On command:  waiting for (?-mix:[\w\d]+@.+[@:#]+) >>> error: execution expired
- 06:53:03 [INFO] Target: 

- 06:53:24 [INFO] Disconnected serial from am335x-evm
- 06:53:24 [INFO] Connected to am335x-evm via serial 
- 06:53:24 [INFO] Host: 
- 06:53:25 [ERROR] On command:  waiting for (?-mix:U-Boot#) >>> error: execution expired
- 06:53:25 [INFO] Target: 

U-Boot SPL 2013.10-gaa25212 (Feb 06 2014 - 21:36:54)

- 06:53:25 [INFO] Host: 
- 06:53:25 [ERROR] On command:  waiting for (?-mix:U-Boot#) >>> error: execution expired
- 06:53:25 [INFO] Target: 
reading args
spl: error reading image args, err - -1
reading u-boot.img
reading u-boot.img


U-Boot 2013.10-gaa25212 (Feb 06 2014 - 21:36:54)

I2C:   ready
DRAM:  512 MiB

- 06:53:25 [INFO] Host: 
- 06:53:26 [ERROR] On command:  waiting for (?-mix:U-Boot#) >>> error: execution expired
- 06:53:26 [INFO] Target: 
NAND:  256 MiB
MMC:   OMAP SD/MMC: 0, OMAP SD/MMC: 1

- 06:53:26 [INFO] Host: 
- 06:53:26 [ERROR] On command:  waiting for (?-mix:U-Boot#) >>> error: execution expired
- 06:53:26 [INFO] Target: 
*** Warning - bad CRC, using default environment


- 06:53:26 [INFO] Host: 
- 06:53:27 [INFO] Target: 
Net:   <ethaddr> not set. Validating first E-fuse MAC
cpsw, usb_ether
Hit any key to stop autoboot:  3  0 
U-Boot# 
U-Boot# 
U-Boot# 
- 06:53:27 [INFO] Host: 
- 06:53:27 [INFO] Target: 

U-Boot# 
- 06:53:27 [INFO] Host: version
- 06:53:28 [INFO] Target: 
version

U-Boot 2013.10-gaa25212 (Feb 06 2014 - 21:36:54)
arm-linux-gnueabihf-gcc (crosstool-NG linaro-1.13.1-4.7-2013.03-20130313 - Linaro GCC 2013.03) 4.7.3 20130226 (prerelease)
GNU ld (crosstool-NG linaro-1.13.1-4.7-2013.03-20130313 - Linaro GCC 2013.03) 2.23.1
U-Boot# 
- 06:53:28 [INFO] Host: setenv bootargs 'console=ttyO0,115200n8 earlyprintk rootwait  '
- 06:53:28 [INFO] Target: 
setenv bootargs 'console=ttyO0,115200n8 earlyprintk rootwait  '
U-Boot# 
- 06:53:28 [INFO] Host: setenv bootcmd  ''
- 06:53:29 [INFO] Target: 
setenv bootcmd  ''
U-Boot# 
- 06:53:29 [INFO] Host: setenv autoload 'no'
- 06:53:29 [INFO] Target: 
setenv autoload 'no'
U-Boot# 
- 06:53:29 [INFO] Host: setenv serverip '192.168.0.1'
- 06:53:30 [INFO] Target: 
setenv serverip '192.168.0.1'
U-Boot# 
- 06:53:30 [INFO] Host: printenv
- 06:53:30 [INFO] Target: 
printenv
arch=arm
autoload=no
baudrate=115200
board=am335x
board_name=A33515BB
board_rev=1.1A
boot_fdt=try
boot_targets= mmc0 nand 
bootargs=console=ttyO0,115200n8 earlyprintk rootwait  
bootcmd=
bootcmd_mmc0=setenv devnum 0; setenv rootpart 2; run mmc_boot;
bootcmd_nand=run nandboot;
bootcmd_usb=setenv devnum 0; run usb_boot;
bootdelay=3
bootdir=/boot
bootenv=uEnv.txt
bootfile=zImage
bootpart=0:2
console=ttyO0,115200n8
cpu=armv7
dfu_alt_info_emmc=rawemmc mmc 0 3751936
dfu_alt_info_mmc=boot part 0 1;rootfs part 0 2;MLO fat 0 1;MLO.raw mmc 100 100;u-boot.img.raw mmc 300 400;spl-os-args.raw mmc 80 80;spl-os-image.raw mmc 900 2000;spl-os-args fat 0 1;spl-os-image fat 0 1;u-boot.img fat 0 1;uEnv.txt fat 0 1
dfu_alt_info_nand=NAND.SPL part 0 1;NAND.SPL.backup1 part 0 2;NAND.SPL.backup2 part 0 3;NAND.SPL.backup3 part 0 4;NAND.u-boot-spl-os part 0 5;NAND.u-boot part 0 6;NAND.u-boot-env part 0 7;NAND.u-boot-env.backup1 part 0 8;NAND.kernel part 0 9;NAND.rootfs part 0 10
dfu_alt_info_ram=kernel ram 0x80200000 0xD80000;fdt ram 0x80F80000 0x80000;ramdisk ram 0x81000000 0x4000000
eth1addr=40:5f:c2:76:54:11
ethact=cpsw
ethaddr=40:5f:c2:76:54:10
fdt_high=0xa0000000
fdtaddr=0x80F80000
fdtfile=undefined
findfdt=if test $board_name = A335BONE; then setenv fdtfile am335x-bone.dtb; fi; if test $board_name = A335BNLT; then setenv fdtfile am335x-boneblack.dtb; fi; if test $board_name = A33515BB; then setenv fdtfile am335x-evm.dtb; fi; if test $board_name = A335X_SK; then setenv fdtfile am335x-evmsk.dtb; fi; if test $fdtfile = undefined; then echo WARNING: Could not determine device tree to use; fi; 
importbootenv=echo Importing environment from mmc ...; env import -t $loadaddr $filesize
loadaddr=0x80200000
loadbootenv=load mmc ${mmcdev} ${loadaddr} ${bootenv}
loadfdt=load mmc ${bootpart} ${fdtaddr} ${bootdir}/${fdtfile}
loadimage=load mmc ${bootpart} ${loadaddr} ${bootdir}/${bootfile}
loadramdisk=load mmc ${mmcdev} ${rdaddr} ramdisk.gz
mmc_boot=setenv devtype mmc; if mmc dev ${devnum}; then run mmcargs;run scan_boot; run mmcboot;setenv mmcdev 1; setenv bootpart 1:2; run mmcboot;fi
mmcargs=setenv bootargs console=${console} ${optargs} root=${mmcroot} rootfstype=${mmcrootfstype}
mmcboot=mmc dev ${mmcdev}; if mmc rescan; then echo SD/MMC found on device ${mmcdev};if run loadbootenv; then echo Loaded environment from ${bootenv};run importbootenv;fi;if test -n $uenvcmd; then echo Running uenvcmd ...;run uenvcmd;fi;if run loadimage; then run mmcloados;fi;fi;
mmcdev=0
mmcloados=run mmcargs; if test ${boot_fdt} = yes || test ${boot_fdt} = try; then if run loadfdt; then bootz ${loadaddr} - ${fdtaddr}; else if test ${boot_fdt} = try; then bootz; else echo WARN: Cannot load the DT; fi; fi; else bootz; fi;
mmcroot=/dev/mmcblk0p2 ro
mmcrootfstype=ext4 rootwait
mtdids=nand0=nand.0
mtdparts=mtdparts=nand.0:128k(NAND.SPL),128k(NAND.SPL.backup1),128k(NAND.SPL.backup2),128k(NAND.SPL.backup3),256k(NAND.u-boot-spl-os),1m(NAND.u-boot),128k(NAND.u-boot-env),128k(NAND.u-boot-env.backup1),8m(NAND.kernel),-(NAND.rootfs)
nandargs=setenv bootargs console=${console} ${optargs} root=${nandroot} rootfstype=${nandrootfstype}
nandboot=echo Booting from nand ...; run nandargs; nand read ${fdtaddr} NAND.u-boot-spl-os; nand read ${loadaddr} NAND.kernel; bootz ${loadaddr} - ${fdtaddr}
nandroot=ubi0:rootfs rw ubi.mtd=NAND.file-system,2048
nandrootfstype=ubifs rootwait=1
netargs=setenv bootargs console=${console} ${optargs} root=/dev/nfs nfsroot=${serverip}:${rootpath},${nfsopts} rw ip=dhcp
netboot=echo Booting from network ...; setenv autoload no; dhcp; tftp ${loadaddr} ${bootfile}; tftp ${fdtaddr} ${fdtfile}; run netargs; bootz ${loadaddr} - ${fdtaddr}
nfsopts=nolock
partitions=uuid_disk=${uuid_gpt_disk};name=rootfs,start=2MiB,size=-,uuid=${uuid_gpt_rootfs}
ramargs=setenv bootargs console=${console} ${optargs} root=${ramroot} rootfstype=${ramrootfstype}
ramboot=echo Booting from ramdisk ...; run ramargs; bootz ${loadaddr} ${rdaddr} ${fdtaddr}
ramroot=/dev/ram0 rw ramdisk_size=65536 initrd=${rdaddr},64M
ramrootfstype=ext2
rdaddr=0x81000000
rootpart=2
rootpath=/export/rootfs
scan_boot=echo Scanning ${devtype} ${devnum}...; for prefix in ${bootdir}; do for script in ${bootfile}; do run script_boot; done; done;
script_boot=if load ${devtype} ${devnum}:${rootpart} ${loadaddr} ${bootdir}/${bootfile}; then run findfdt; load ${devtype} ${devnum}:${rootpart} ${fdtaddr} ${bootdir}/${fdtfile};fi;
serverip=192.168.0.1
soc=am33xx
spiargs=setenv bootargs console=${console} ${optargs} root=${spiroot} rootfstype=${spirootfstype}
spiboot=echo Booting from spi ...; run spiargs; sf probe ${spibusno}:0; sf read ${loadaddr} ${spisrcaddr} ${spiimgsize}; bootz ${loadaddr}
spibusno=0
spiimgsize=0x362000
spiroot=/dev/mtdblock4 rw
spirootfstype=jffs2
spisrcaddr=0xe0000
static_ip=${ipaddr}:${serverip}:${gatewayip}:${netmask}:${hostname}::off
stderr=serial
stdin=serial
stdout=serial
usb_boot=setenv devtype usb; run usb_init; if usb dev 0; then run usbargs;run scan_boot; bootz ${loadaddr} - ${fdtaddr}; fi
usb_init=usb start 0;
usbargs=setenv bootargs console=${console} ${optargs} root=${usbroot} rootfstype=${usbrootfstype}
usbnet_devaddr=40:5f:c2:76:54:11
usbroot=/dev/sda2 rw
usbrootfstype=ext4 rootwait
vendor=ti
ver=U-Boot 2013.10-gaa25212 (Feb 06 2014 - 21:36:54)

Environment size: 5440/131067 bytes
U-Boot# 
- 06:53:30 [INFO] Host: printenv
- 06:53:31 [INFO] Target: 
printenv
arch=arm
autoload=no
baudrate=115200
board=am335x
board_name=A33515BB
board_rev=1.1A
boot_fdt=try
boot_targets= mmc0 nand 
bootargs=console=ttyO0,115200n8 earlyprintk rootwait  
bootcmd=
bootcmd_mmc0=setenv devnum 0; setenv rootpart 2; run mmc_boot;
bootcmd_nand=run nandboot;
bootcmd_usb=setenv devnum 0; run usb_boot;
bootdelay=3
bootdir=/boot
bootenv=uEnv.txt
bootfile=zImage
bootpart=0:2
console=ttyO0,115200n8
cpu=armv7
dfu_alt_info_emmc=rawemmc mmc 0 3751936
dfu_alt_info_mmc=boot part 0 1;rootfs part 0 2;MLO fat 0 1;MLO.raw mmc 100 100;u-boot.img.raw mmc 300 400;spl-os-args.raw mmc 80 80;spl-os-image.raw mmc 900 2000;spl-os-args fat 0 1;spl-os-image fat 0 1;u-boot.img fat 0 1;uEnv.txt fat 0 1
dfu_alt_info_nand=NAND.SPL part 0 1;NAND.SPL.backup1 part 0 2;NAND.SPL.backup2 part 0 3;NAND.SPL.backup3 part 0 4;NAND.u-boot-spl-os part 0 5;NAND.u-boot part 0 6;NAND.u-boot-env part 0 7;NAND.u-boot-env.backup1 part 0 8;NAND.kernel part 0 9;NAND.rootfs part 0 10
dfu_alt_info_ram=kernel ram 0x80200000 0xD80000;fdt ram 0x80F80000 0x80000;ramdisk ram 0x81000000 0x4000000
eth1addr=40:5f:c2:76:54:11
ethact=cpsw
ethaddr=40:5f:c2:76:54:10
fdt_high=0xa0000000
fdtaddr=0x80F80000
fdtfile=undefined
findfdt=if test $board_name = A335BONE; then setenv fdtfile am335x-bone.dtb; fi; if test $board_name = A335BNLT; then setenv fdtfile am335x-boneblack.dtb; fi; if test $board_name = A33515BB; then setenv fdtfile am335x-evm.dtb; fi; if test $board_name = A335X_SK; then setenv fdtfile am335x-evmsk.dtb; fi; if test $fdtfile = undefined; then echo WARNING: Could not determine device tree to use; fi; 
importbootenv=echo Importing environment from mmc ...; env import -t $loadaddr $filesize
loadaddr=0x80200000
loadbootenv=load mmc ${mmcdev} ${loadaddr} ${bootenv}
loadfdt=load mmc ${bootpart} ${fdtaddr} ${bootdir}/${fdtfile}
loadimage=load mmc ${bootpart} ${loadaddr} ${bootdir}/${bootfile}
loadramdisk=load mmc ${mmcdev} ${rdaddr} ramdisk.gz
mmc_boot=setenv devtype mmc; if mmc dev ${devnum}; then run mmcargs;run scan_boot; run mmcboot;setenv mmcdev 1; setenv bootpart 1:2; run mmcboot;fi
mmcargs=setenv bootargs console=${console} ${optargs} root=${mmcroot} rootfstype=${mmcrootfstype}
mmcboot=mmc dev ${mmcdev}; if mmc rescan; then echo SD/MMC found on device ${mmcdev};if run loadbootenv; then echo Loaded environment from ${bootenv};run importbootenv;fi;if test -n $uenvcmd; then echo Running uenvcmd ...;run uenvcmd;fi;if run loadimage; then run mmcloados;fi;fi;
mmcdev=0
mmcloados=run mmcargs; if test ${boot_fdt} = yes || test ${boot_fdt} = try; then if run loadfdt; then bootz ${loadaddr} - ${fdtaddr}; else if test ${boot_fdt} = try; then bootz; else echo WARN: Cannot load the DT; fi; fi; else bootz; fi;
mmcroot=/dev/mmcblk0p2 ro
mmcrootfstype=ext4 rootwait
mtdids=nand0=nand.0
mtdparts=mtdparts=nand.0:128k(NAND.SPL),128k(NAND.SPL.backup1),128k(NAND.SPL.backup2),128k(NAND.SPL.backup3),256k(NAND.u-boot-spl-os),1m(NAND.u-boot),128k(NAND.u-boot-env),128k(NAND.u-boot-env.backup1),8m(NAND.kernel),-(NAND.rootfs)
nandargs=setenv bootargs console=${console} ${optargs} root=${nandroot} rootfstype=${nandrootfstype}
nandboot=echo Booting from nand ...; run nandargs; nand read ${fdtaddr} NAND.u-boot-spl-os; nand read ${loadaddr} NAND.kernel; bootz ${loadaddr} - ${fdtaddr}
nandroot=ubi0:rootfs rw ubi.mtd=NAND.file-system,2048
nandrootfstype=ubifs rootwait=1
netargs=setenv bootargs console=${console} ${optargs} root=/dev/nfs nfsroot=${serverip}:${rootpath},${nfsopts} rw ip=dhcp
netboot=echo Booting from network ...; setenv autoload no; dhcp; tftp ${loadaddr} ${bootfile}; tftp ${fdtaddr} ${fdtfile}; run netargs; bootz ${loadaddr} - ${fdtaddr}
nfsopts=nolock
partitions=uuid_disk=${uuid_gpt_disk};name=rootfs,start=2MiB,size=-,uuid=${uuid_gpt_rootfs}
ramargs=setenv bootargs console=${console} ${optargs} root=${ramroot} rootfstype=${ramrootfstype}
ramboot=echo Booting from ramdisk ...; run ramargs; bootz ${loadaddr} ${rdaddr} ${fdtaddr}
ramroot=/dev/ram0 rw ramdisk_size=65536 initrd=${rdaddr},64M
ramrootfstype=ext2
rdaddr=0x81000000
rootpart=2
rootpath=/export/rootfs
scan_boot=echo Scanning ${devtype} ${devnum}...; for prefix in ${bootdir}; do for script in ${bootfile}; do run script_boot; done; done;
script_boot=if load ${devtype} ${devnum}:${rootpart} ${loadaddr} ${bootdir}/${bootfile}; then run findfdt; load ${devtype} ${devnum}:${rootpart} ${fdtaddr} ${bootdir}/${fdtfile};fi;
serverip=192.168.0.1
soc=am33xx
spiargs=setenv bootargs console=${console} ${optargs} root=${spiroot} rootfstype=${spirootfstype}
spiboot=echo Booting from spi ...; run spiargs; sf probe ${spibusno}:0; sf read ${loadaddr} ${spisrcaddr} ${spiimgsize}; bootz ${loadaddr}
spibusno=0
spiimgsize=0x362000
spiroot=/dev/mtdblock4 rw
spirootfstype=jffs2
spisrcaddr=0xe0000
static_ip=${ipaddr}:${serverip}:${gatewayip}:${netmask}:${hostname}::off
stderr=serial
stdin=serial
stdout=serial
usb_boot=setenv devtype usb; run usb_init; if usb dev 0; then run usbargs;run scan_boot; bootz ${loadaddr} - ${fdtaddr}; fi
usb_init=usb start 0;
usbargs=setenv bootargs console=${console} ${optargs} root=${usbroot} rootfstype=${usbrootfstype}
usbnet_devaddr=40:5f:c2:76:54:11
usbroot=/dev/sda2 rw
usbrootfstype=ext4 rootwait
vendor=ti
ver=U-Boot 2013.10-gaa25212 (Feb 06 2014 - 21:36:54)

Environment size: 5440/131067 bytes
U-Boot# 
- 06:53:31 [INFO] Host: setenv bootargs ''${bootargs}' ip=dhcp '
- 06:53:31 [INFO] Target: 
setenv bootargs ''${bootargs}' ip=dhcp '
U-Boot# 
- 06:53:31 [INFO] Host: setenv ipaddr dhcp
- 06:53:32 [INFO] Target: 
setenv ipaddr dhcp
U-Boot# 
- 06:53:32 [INFO] Host: dhcp
- 06:53:33 [INFO] Target: 
dhcp
link up on port 0, speed 1000, full duplex
BOOTP broadcast 1
DHCP client bound to address 192.168.0.251
U-Boot# 
- 06:53:33 [INFO] Host: setenv serverip '192.168.0.1'
- 06:53:34 [INFO] Target: 
setenv serverip '192.168.0.1'
U-Boot# 
- 06:53:34 [INFO] Host: tftp ${loadaddr} 192.168.0.1:vatf_am335x-evm/6a2253225a3a44b8733ba70fc705656d
- 06:53:34 [INFO] Target: 
tftp ${loadaddr} 192.168.0.1:vatf_am335x-evm/6a2253225a3a44b8733ba70fc705656d
link up on port 0, speed 1000, full duplex
Using cpsw device
TFTP from server 192.168.0.1; our IP address is 192.168.0.251
Filename 'vatf_am335x-evm/6a2253225a3a44b8733ba70fc705656d'.
Load address: 0x80200000
Loading: *#################################################################
	 #################################################################
	 #################################################################
	 #################################################################
	 #################################################################
	 ###
	 13.8 MiB/s
done
Bytes transferred = 4814600 (497708 hex)
U-Boot# 
- 06:53:34 [INFO] Host: tftp ${fdtaddr} 192.168.0.1:vatf_am335x-evm/e771d89a821d09e553c7139942401011
- 06:53:35 [INFO] Target: 
tftp ${fdtaddr} 192.168.0.1:vatf_am335x-evm/e771d89a821d09e553c7139942401011
link up on port 0, speed 1000, full duplex
Using cpsw device
TFTP from server 192.168.0.1; our IP address is 192.168.0.251
Filename 'vatf_am335x-evm/e771d89a821d09e553c7139942401011'.
Load address: 0x80f80000
Loading: *###
	 11.1 MiB/s
done
Bytes transferred = 34932 (8874 hex)
U-Boot# 
- 06:53:35 [INFO] Host: printenv
- 06:53:35 [INFO] Target: 
printenv
arch=arm
autoload=no
baudrate=115200
board=am335x
board_name=A33515BB
board_rev=1.1A
boot_fdt=try
boot_targets= mmc0 nand 
bootargs=console=ttyO0,115200n8 earlyprintk rootwait ip=dhcp
bootcmd=
bootcmd_mmc0=setenv devnum 0; setenv rootpart 2; run mmc_boot;
bootcmd_nand=run nandboot;
bootcmd_usb=setenv devnum 0; run usb_boot;
bootdelay=3
bootdir=/boot
bootenv=uEnv.txt
bootfile=zImage
bootpart=0:2
console=ttyO0,115200n8
cpu=armv7
dfu_alt_info_emmc=rawemmc mmc 0 3751936
dfu_alt_info_mmc=boot part 0 1;rootfs part 0 2;MLO fat 0 1;MLO.raw mmc 100 100;u-boot.img.raw mmc 300 400;spl-os-args.raw mmc 80 80;spl-os-image.raw mmc 900 2000;spl-os-args fat 0 1;spl-os-image fat 0 1;u-boot.img fat 0 1;uEnv.txt fat 0 1
dfu_alt_info_nand=NAND.SPL part 0 1;NAND.SPL.backup1 part 0 2;NAND.SPL.backup2 part 0 3;NAND.SPL.backup3 part 0 4;NAND.u-boot-spl-os part 0 5;NAND.u-boot part 0 6;NAND.u-boot-env part 0 7;NAND.u-boot-env.backup1 part 0 8;NAND.kernel part 0 9;NAND.rootfs part 0 10
dfu_alt_info_ram=kernel ram 0x80200000 0xD80000;fdt ram 0x80F80000 0x80000;ramdisk ram 0x81000000 0x4000000
dnsip=192.0.2.2
dnsip2=192.0.2.3
eth1addr=40:5f:c2:76:54:11
ethact=cpsw
ethaddr=40:5f:c2:76:54:10
fdt_high=0xa0000000
fdtaddr=0x80F80000
fdtfile=undefined
fileaddr=80f80000
filesize=8874
findfdt=if test $board_name = A335BONE; then setenv fdtfile am335x-bone.dtb; fi; if test $board_name = A335BNLT; then setenv fdtfile am335x-boneblack.dtb; fi; if test $board_name = A33515BB; then setenv fdtfile am335x-evm.dtb; fi; if test $board_name = A335X_SK; then setenv fdtfile am335x-evmsk.dtb; fi; if test $fdtfile = undefined; then echo WARNING: Could not determine device tree to use; fi; 
gatewayip=192.168.0.1
importbootenv=echo Importing environment from mmc ...; env import -t $loadaddr $filesize
ipaddr=192.168.0.251
loadaddr=0x80200000
loadbootenv=load mmc ${mmcdev} ${loadaddr} ${bootenv}
loadfdt=load mmc ${bootpart} ${fdtaddr} ${bootdir}/${fdtfile}
loadimage=load mmc ${bootpart} ${loadaddr} ${bootdir}/${bootfile}
loadramdisk=load mmc ${mmcdev} ${rdaddr} ramdisk.gz
mmc_boot=setenv devtype mmc; if mmc dev ${devnum}; then run mmcargs;run scan_boot; run mmcboot;setenv mmcdev 1; setenv bootpart 1:2; run mmcboot;fi
mmcargs=setenv bootargs console=${console} ${optargs} root=${mmcroot} rootfstype=${mmcrootfstype}
mmcboot=mmc dev ${mmcdev}; if mmc rescan; then echo SD/MMC found on device ${mmcdev};if run loadbootenv; then echo Loaded environment from ${bootenv};run importbootenv;fi;if test -n $uenvcmd; then echo Running uenvcmd ...;run uenvcmd;fi;if run loadimage; then run mmcloados;fi;fi;
mmcdev=0
mmcloados=run mmcargs; if test ${boot_fdt} = yes || test ${boot_fdt} = try; then if run loadfdt; then bootz ${loadaddr} - ${fdtaddr}; else if test ${boot_fdt} = try; then bootz; else echo WARN: Cannot load the DT; fi; fi; else bootz; fi;
mmcroot=/dev/mmcblk0p2 ro
mmcrootfstype=ext4 rootwait
mtdids=nand0=nand.0
mtdparts=mtdparts=nand.0:128k(NAND.SPL),128k(NAND.SPL.backup1),128k(NAND.SPL.backup2),128k(NAND.SPL.backup3),256k(NAND.u-boot-spl-os),1m(NAND.u-boot),128k(NAND.u-boot-env),128k(NAND.u-boot-env.backup1),8m(NAND.kernel),-(NAND.rootfs)
nandargs=setenv bootargs console=${console} ${optargs} root=${nandroot} rootfstype=${nandrootfstype}
nandboot=echo Booting from nand ...; run nandargs; nand read ${fdtaddr} NAND.u-boot-spl-os; nand read ${loadaddr} NAND.kernel; bootz ${loadaddr} - ${fdtaddr}
nandroot=ubi0:rootfs rw ubi.mtd=NAND.file-system,2048
nandrootfstype=ubifs rootwait=1
netargs=setenv bootargs console=${console} ${optargs} root=/dev/nfs nfsroot=${serverip}:${rootpath},${nfsopts} rw ip=dhcp
netboot=echo Booting from network ...; setenv autoload no; dhcp; tftp ${loadaddr} ${bootfile}; tftp ${fdtaddr} ${fdtfile}; run netargs; bootz ${loadaddr} - ${fdtaddr}
netmask=255.255.255.0
nfsopts=nolock
partitions=uuid_disk=${uuid_gpt_disk};name=rootfs,start=2MiB,size=-,uuid=${uuid_gpt_rootfs}
ramargs=setenv bootargs console=${console} ${optargs} root=${ramroot} rootfstype=${ramrootfstype}
ramboot=echo Booting from ramdisk ...; run ramargs; bootz ${loadaddr} ${rdaddr} ${fdtaddr}
ramroot=/dev/ram0 rw ramdisk_size=65536 initrd=${rdaddr},64M
ramrootfstype=ext2
rdaddr=0x81000000
rootpart=2
rootpath=/export/rootfs
scan_boot=echo Scanning ${devtype} ${devnum}...; for prefix in ${bootdir}; do for script in ${bootfile}; do run script_boot; done; done;
script_boot=if load ${devtype} ${devnum}:${rootpart} ${loadaddr} ${bootdir}/${bootfile}; then run findfdt; load ${devtype} ${devnum}:${rootpart} ${fdtaddr} ${bootdir}/${fdtfile};fi;
serverip=192.168.0.1
soc=am33xx
spiargs=setenv bootargs console=${console} ${optargs} root=${spiroot} rootfstype=${spirootfstype}
spiboot=echo Booting from spi ...; run spiargs; sf probe ${spibusno}:0; sf read ${loadaddr} ${spisrcaddr} ${spiimgsize}; bootz ${loadaddr}
spibusno=0
spiimgsize=0x362000
spiroot=/dev/mtdblock4 rw
spirootfstype=jffs2
spisrcaddr=0xe0000
static_ip=${ipaddr}:${serverip}:${gatewayip}:${netmask}:${hostname}::off
stderr=serial
stdin=serial
stdout=serial
usb_boot=setenv devtype usb; run usb_init; if usb dev 0; then run usbargs;run scan_boot; bootz ${loadaddr} - ${fdtaddr}; fi
usb_init=usb start 0;
usbargs=setenv bootargs console=${console} ${optargs} root=${usbroot} rootfstype=${usbrootfstype}
usbnet_devaddr=40:5f:c2:76:54:11
usbroot=/dev/sda2 rw
usbrootfstype=ext4 rootwait
vendor=ti
ver=U-Boot 2013.10-gaa25212 (Feb 06 2014 - 21:36:54)

Environment size: 5590/131067 bytes
U-Boot# 
- 06:53:35 [INFO] Host: setenv bootargs ''${bootargs}' root=/dev/mmcblk0p2 rw rootfstype=ext3 rootwait '
- 06:53:36 [INFO] Target: 
setenv bootargs ''${bootargs}' root=/dev/mmcblk0p2 rw rootfstype=ext3 rootwait '
U-Boot# 
- 06:53:36 [INFO] Host: printenv
- 06:53:36 [INFO] Target: 
printenv
arch=arm
autoload=no
baudrate=115200
board=am335x
board_name=A33515BB
board_rev=1.1A
boot_fdt=try
boot_targets= mmc0 nand 
bootargs=console=ttyO0,115200n8 earlyprintk rootwait ip=dhcp root=/dev/mmcblk0p2 rw rootfstype=ext3 rootwait
bootcmd=
bootcmd_mmc0=setenv devnum 0; setenv rootpart 2; run mmc_boot;
bootcmd_nand=run nandboot;
bootcmd_usb=setenv devnum 0; run usb_boot;
bootdelay=3
bootdir=/boot
bootenv=uEnv.txt
bootfile=zImage
bootpart=0:2
console=ttyO0,115200n8
cpu=armv7
dfu_alt_info_emmc=rawemmc mmc 0 3751936
dfu_alt_info_mmc=boot part 0 1;rootfs part 0 2;MLO fat 0 1;MLO.raw mmc 100 100;u-boot.img.raw mmc 300 400;spl-os-args.raw mmc 80 80;spl-os-image.raw mmc 900 2000;spl-os-args fat 0 1;spl-os-image fat 0 1;u-boot.img fat 0 1;uEnv.txt fat 0 1
dfu_alt_info_nand=NAND.SPL part 0 1;NAND.SPL.backup1 part 0 2;NAND.SPL.backup2 part 0 3;NAND.SPL.backup3 part 0 4;NAND.u-boot-spl-os part 0 5;NAND.u-boot part 0 6;NAND.u-boot-env part 0 7;NAND.u-boot-env.backup1 part 0 8;NAND.kernel part 0 9;NAND.rootfs part 0 10
dfu_alt_info_ram=kernel ram 0x80200000 0xD80000;fdt ram 0x80F80000 0x80000;ramdisk ram 0x81000000 0x4000000
dnsip=192.0.2.2
dnsip2=192.0.2.3
eth1addr=40:5f:c2:76:54:11
ethact=cpsw
ethaddr=40:5f:c2:76:54:10
fdt_high=0xa0000000
fdtaddr=0x80F80000
fdtfile=undefined
fileaddr=80f80000
filesize=8874
findfdt=if test $board_name = A335BONE; then setenv fdtfile am335x-bone.dtb; fi; if test $board_name = A335BNLT; then setenv fdtfile am335x-boneblack.dtb; fi; if test $board_name = A33515BB; then setenv fdtfile am335x-evm.dtb; fi; if test $board_name = A335X_SK; then setenv fdtfile am335x-evmsk.dtb; fi; if test $fdtfile = undefined; then echo WARNING: Could not determine device tree to use; fi; 
gatewayip=192.168.0.1
importbootenv=echo Importing environment from mmc ...; env import -t $loadaddr $filesize
ipaddr=192.168.0.251
loadaddr=0x80200000
loadbootenv=load mmc ${mmcdev} ${loadaddr} ${bootenv}
loadfdt=load mmc ${bootpart} ${fdtaddr} ${bootdir}/${fdtfile}
loadimage=load mmc ${bootpart} ${loadaddr} ${bootdir}/${bootfile}
loadramdisk=load mmc ${mmcdev} ${rdaddr} ramdisk.gz
mmc_boot=setenv devtype mmc; if mmc dev ${devnum}; then run mmcargs;run scan_boot; run mmcboot;setenv mmcdev 1; setenv bootpart 1:2; run mmcboot;fi
mmcargs=setenv bootargs console=${console} ${optargs} root=${mmcroot} rootfstype=${mmcrootfstype}
mmcboot=mmc dev ${mmcdev}; if mmc rescan; then echo SD/MMC found on device ${mmcdev};if run loadbootenv; then echo Loaded environment from ${bootenv};run importbootenv;fi;if test -n $uenvcmd; then echo Running uenvcmd ...;run uenvcmd;fi;if run loadimage; then run mmcloados;fi;fi;
mmcdev=0
mmcloados=run mmcargs; if test ${boot_fdt} = yes || test ${boot_fdt} = try; then if run loadfdt; then bootz ${loadaddr} - ${fdtaddr}; else if test ${boot_fdt} = try; then bootz; else echo WARN: Cannot load the DT; fi; fi; else bootz; fi;
mmcroot=/dev/mmcblk0p2 ro
mmcrootfstype=ext4 rootwait
mtdids=nand0=nand.0
mtdparts=mtdparts=nand.0:128k(NAND.SPL),128k(NAND.SPL.backup1),128k(NAND.SPL.backup2),128k(NAND.SPL.backup3),256k(NAND.u-boot-spl-os),1m(NAND.u-boot),128k(NAND.u-boot-env),128k(NAND.u-boot-env.backup1),8m(NAND.kernel),-(NAND.rootfs)
nandargs=setenv bootargs console=${console} ${optargs} root=${nandroot} rootfstype=${nandrootfstype}
nandboot=echo Booting from nand ...; run nandargs; nand read ${fdtaddr} NAND.u-boot-spl-os; nand read ${loadaddr} NAND.kernel; bootz ${loadaddr} - ${fdtaddr}
nandroot=ubi0:rootfs rw ubi.mtd=NAND.file-system,2048
nandrootfstype=ubifs rootwait=1
netargs=setenv bootargs console=${console} ${optargs} root=/dev/nfs nfsroot=${serverip}:${rootpath},${nfsopts} rw ip=dhcp
netboot=echo Booting from network ...; setenv autoload no; dhcp; tftp ${loadaddr} ${bootfile}; tftp ${fdtaddr} ${fdtfile}; run netargs; bootz ${loadaddr} - ${fdtaddr}
netmask=255.255.255.0
nfsopts=nolock
partitions=uuid_disk=${uuid_gpt_disk};name=rootfs,start=2MiB,size=-,uuid=${uuid_gpt_rootfs}
ramargs=setenv bootargs console=${console} ${optargs} root=${ramroot} rootfstype=${ramrootfstype}
ramboot=echo Booting from ramdisk ...; run ramargs; bootz ${loadaddr} ${rdaddr} ${fdtaddr}
ramroot=/dev/ram0 rw ramdisk_size=65536 initrd=${rdaddr},64M
ramrootfstype=ext2
rdaddr=0x81000000
rootpart=2
rootpath=/export/rootfs
scan_boot=echo Scanning ${devtype} ${devnum}...; for prefix in ${bootdir}; do for script in ${bootfile}; do run script_boot; done; done;
script_boot=if load ${devtype} ${devnum}:${rootpart} ${loadaddr} ${bootdir}/${bootfile}; then run findfdt; load ${devtype} ${devnum}:${rootpart} ${fdtaddr} ${bootdir}/${fdtfile};fi;
serverip=192.168.0.1
soc=am33xx
spiargs=setenv bootargs console=${console} ${optargs} root=${spiroot} rootfstype=${spirootfstype}
spiboot=echo Booting from spi ...; run spiargs; sf probe ${spibusno}:0; sf read ${loadaddr} ${spisrcaddr} ${spiimgsize}; bootz ${loadaddr}
spibusno=0
spiimgsize=0x362000
spiroot=/dev/mtdblock4 rw
spirootfstype=jffs2
spisrcaddr=0xe0000
static_ip=${ipaddr}:${serverip}:${gatewayip}:${netmask}:${hostname}::off
stderr=serial
stdin=serial
stdout=serial
usb_boot=setenv devtype usb; run usb_init; if usb dev 0; then run usbargs;run scan_boot; bootz ${loadaddr} - ${fdtaddr}; fi
usb_init=usb start 0;
usbargs=setenv bootargs console=${console} ${optargs} root=${usbroot} rootfstype=${usbrootfstype}
usbnet_devaddr=40:5f:c2:76:54:11
usbroot=/dev/sda2 rw
usbrootfstype=ext4 rootwait
vendor=ti
ver=U-Boot 2013.10-gaa25212 (Feb 06 2014 - 21:36:54)

Environment size: 5638/131067 bytes
U-Boot# 
- 06:53:36 [INFO] Host: setenv bootcmd ''${bootcmd}' if iminfo ${loadaddr}; then bootm ${loadaddr} - ${fdtaddr}; else bootz ${loadaddr} - ${fdtaddr}; bootm ${loadaddr} - ${fdtaddr}; fi'
- 06:53:37 [INFO] Target: 
setenv bootcmd ''${bootcmd}' if iminfo ${loadaddr}; then bootm ${loadaddr} - ${fdtaddr}; else bootz ${loadaddr} - ${fdtaddr}; bootm ${loadaddr} - ${fdtaddr}; fi'
U-Boot# 
- 06:53:37 [INFO] Host: bdinfo
- 06:53:37 [INFO] Target: 
bdinfo
arch_number = 0x00000E05
boot_params = 0x80000100
DRAM bank   = 0x00000000
-> start    = 0x80000000
-> size     = 0x20000000
eth0name    = cpsw
ethaddr     = 40:5f:c2:76:54:10
eth1name    = usb_ether
eth1addr    = 40:5f:c2:76:54:11
current eth = cpsw
ip_addr     = 192.168.0.251
baudrate    = 115200 bps
TLB addr    = 0x9FFF0000
relocaddr   = 0x9F74E000
reloc off   = 0x1EF4E000
irq_sp      = 0x9F62DF38
sp start    = 0x9F62DF28
U-Boot# 
- 06:53:37 [INFO] Host: boot
- 06:53:55 [INFO] Target: 
boot

## Checking Image at 80200000 ...
Unknown image format!
Kernel image @ 0x80200000 [ 0x000000 - 0x497708 ]
## Flattened Device Tree blob at 80f80000
   Booting using the fdt blob at 0x80f80000
   Loading Device Tree to 9f621000, end 9f62c873 ... OK

Starting kernel ...

[    0.000000] Booting Linux on physical CPU 0x0
[    0.000000] Linux version 3.15.0-rc7-next-20140527-00002-g5deef0e (nmenon@kahuna) (gcc version 4.6.3 (Ubuntu/Linaro 4.6.3-1ubuntu5) ) #1 SMP Tue May 27 05:57:08 CDT 2014
[    0.000000] CPU: ARMv7 Processor [413fc082] revision 2 (ARMv7), cr=10c5387d
[    0.000000] CPU: PIPT / VIPT nonaliasing data cache, VIPT aliasing instruction cache
[    0.000000] Machine model: TI AM335x EVM
[    0.000000] cma: CMA: reserved 64 MiB at 9b000000
[    0.000000] Memory policy: Data cache writeback
[    0.000000] CPU: All CPU(s) started in SVC mode.
[    0.000000] AM335X ES1.0 (sgx neon )
[    0.000000] PERCPU: Embedded 7 pages/cpu @dfab2000 s8064 r8192 d12416 u32768
[    0.000000] Built 1 zonelists in Zone order, mobility grouping on.  Total pages: 129792
[    0.000000] Kernel command line: console=ttyO0,115200n8 earlyprintk rootwait ip=dhcp root=/dev/mmcblk0p2 rw rootfstype=ext3 rootwait
[    0.000000] PID hash table entries: 2048 (order: 1, 8192 bytes)
[    0.000000] Dentry cache hash table entries: 65536 (order: 6, 262144 bytes)
[    0.000000] Inode-cache hash table entries: 32768 (order: 5, 131072 bytes)
[    0.000000] Memory: 442300K/523264K available (6240K kernel code, 883K rwdata, 2520K rodata, 635K init, 303K bss, 80964K reserved, 0K highmem)
[    0.000000] Virtual kernel memory layout:
[    0.000000]     vector  : 0xffff0000 - 0xffff1000   (   4 kB)
[    0.000000]     fixmap  : 0xffc00000 - 0xffe00000   (2048 kB)
[    0.000000]     vmalloc : 0xe0800000 - 0xff000000   ( 488 MB)
[    0.000000]     lowmem  : 0xc0000000 - 0xe0000000   ( 512 MB)
[    0.000000]     pkmap   : 0xbfe00000 - 0xc0000000   (   2 MB)
[    0.000000]     modules : 0xbf000000 - 0xbfe00000   (  14 MB)
[    0.000000]       .text : 0xc0208000 - 0xc0a96530   (8762 kB)
[    0.000000]       .init : 0xc0a97000 - 0xc0b35f80   ( 636 kB)
[    0.000000]       .data : 0xc0b36000 - 0xc0c12d20   ( 884 kB)
[    0.000000]        .bss : 0xc0c12d28 - 0xc0c5e950   ( 304 kB)
[    0.000000] SLUB: HWalign=64, Order=0-3, MinObjects=0, CPUs=1, Nodes=1
[    0.000000] Hierarchical RCU implementation.
[    0.000000] 	RCU restricting CPUs from NR_CPUS=8 to nr_cpu_ids=1.
[    0.000000] RCU: Adjusting geometry for rcu_fanout_leaf=16, nr_cpu_ids=1
[    0.000000] NR_IRQS:16 nr_irqs:16 16
[    0.000000] IRQ: Found an INTC at 0xfa200000 (revision 5.0) with 128 interrupts
[    0.000000] Total of 128 interrupts on 1 active controller
[    0.000000] OMAP clockevent source: timer2 at 24000000 Hz
[    0.000015] sched_clock: 32 bits at 24MHz, resolution 41ns, wraps every 178956969942ns
[    0.000039] OMAP clocksource: timer1 at 24000000 Hz
[    0.000243] Console: colour dummy device 80x30
[    0.000278] Calibrating delay loop... 717.61 BogoMIPS (lpj=1794048)
[    0.059268] pid_max: default: 32768 minimum: 301
[    0.059454] Mount-cache hash table entries: 1024 (order: 0, 4096 bytes)
[    0.059467] Mountpoint-cache hash table entries: 1024 (order: 0, 4096 bytes)
[    0.060184] CPU: Testing write buffer coherency: ok
[    0.060555] CPU0: thread -1, cpu 0, socket -1, mpidr 0
[    0.060668] Setting up static identity map for 0x807e52c0 - 0x807e5358
[    0.063050] Brought up 1 CPUs
[    0.063070] SMP: Total of 1 processors activated.
[    0.063080] CPU: All CPU(s) started in SVC mode.
[    0.063804] devtmpfs: initialized
[    0.068431] VFP support v0.3: implementor 41 architecture 3 part 30 variant c rev 3
[    0.081963] omap_hwmod: tptc0 using broken dt data from edma
[    0.082111] omap_hwmod: tptc1 using broken dt data from edma
[    0.082238] omap_hwmod: tptc2 using broken dt data from edma
[    0.087256] omap_hwmod: debugss: _wait_target_disable failed
[    0.143291] pinctrl core: initialized pinctrl subsystem
[    0.143933] regulator-dummy: no parameters
[    0.161634] NET: Registered protocol family 16
[    0.162079] DMA: failed to allocate 256 KiB pool for atomic coherent allocation
[    0.164531] cpuidle: using governor ladder
[    0.164556] cpuidle: using governor menu
[    0.173718] platform 49000000.edma: alias fck already exists
[    0.173746] platform 49000000.edma: alias fck already exists
[    0.173762] platform 49000000.edma: alias fck already exists
[    0.174730] OMAP GPIO hardware version 0.1
[    0.182587] omap-gpmc 50000000.gpmc: could not find pctldev for node /pinmux@44e10800/nandflash_pins_s0, deferring probe
[    0.182621] platform 50000000.gpmc: Driver omap-gpmc requests probe deferral
[    0.185719] No ATAGs?
[    0.186811] EXYNOS: PMU not supported
[    0.189625] Serial: AMBA PL011 UART driver
[    0.212506] edma-dma-engine edma-dma-engine.0: TI EDMA DMA engine driver
[    0.213365] vbat: 5000 mV 
[    0.213699] lis3_reg: no parameters
[    0.216423] vgaarb: loaded
[    0.217241] SCSI subsystem initialized
[    0.218029] usbcore: registered new interface driver usbfs
[    0.218117] usbcore: registered new interface driver hub
[    0.218279] usbcore: registered new device driver usb
[    0.219019] omap_i2c 44e0b000.i2c: could not find pctldev for node /pinmux@44e10800/pinmux_i2c0_pins, deferring probe
[    0.219047] platform 44e0b000.i2c: Driver omap_i2c requests probe deferral
[    0.219081] omap_i2c 4802a000.i2c: could not find pctldev for node /pinmux@44e10800/pinmux_i2c1_pins, deferring probe
[    0.219098] platform 4802a000.i2c: Driver omap_i2c requests probe deferral
[    0.219485] Linux video capture interface: v2.00
[    0.219556] pps_core: LinuxPPS API ver. 1 registered
[    0.219566] pps_core: Software ver. 5.3.6 - Copyright 2005-2007 Rodolfo Giometti <giometti@linux.it>
[    0.219603] PTP clock support registered
[    0.219701] EDAC MC: Ver: 3.0.0
[    0.220803] Advanced Linux Sound Architecture Driver Initialized.
[    0.222378] Switched to clocksource timer1
[    0.235824] NET: Registered protocol family 2
[    0.236525] TCP established hash table entries: 4096 (order: 2, 16384 bytes)
[    0.236590] TCP bind hash table entries: 4096 (order: 3, 32768 bytes)
[    0.236672] TCP: Hash tables configured (established 4096 bind 4096)
[    0.236750] TCP: reno registered
[    0.236766] UDP hash table entries: 256 (order: 1, 8192 bytes)
[    0.236792] UDP-Lite hash table entries: 256 (order: 1, 8192 bytes)
[    0.236998] NET: Registered protocol family 1
[    0.237551] RPC: Registered named UNIX socket transport module.
[    0.237568] RPC: Registered udp transport module.
[    0.237576] RPC: Registered tcp transport module.
[    0.237584] RPC: Registered tcp NFSv4.1 backchannel transport module.
[    0.240504] futex hash table entries: 256 (order: 2, 16384 bytes)
[    0.255614] squashfs: version 4.0 (2009/01/31) Phillip Lougher
[    0.256691] NFS: Registering the id_resolver key type
[    0.256778] Key type id_resolver registered
[    0.256789] Key type id_legacy registered
[    0.256867] msgmni has been set to 991
[    0.257900] Block layer SCSI generic (bsg) driver version 0.4 loaded (major 249)
[    0.257927] io scheduler noop registered
[    0.257943] io scheduler deadline registered
[    0.258221] io scheduler cfq registered (default)
[    0.260042] pinctrl-single 44e10800.pinmux: 142 pins at pa f9e10800 size 568
[    0.264351] backlight supply power not found, using dummy regulator
[    0.264536] pwm-backlight backlight: unable to request PWM, trying legacy API
[    0.264553] pwm-backlight backlight: unable to request legacy PWM
[    0.264684] platform backlight: Driver pwm-backlight requests probe deferral
[    0.341676] Serial: 8250/16550 driver, 4 ports, IRQ sharing disabled
[    0.344277] Serial: IMX driver
[    0.344696] msm_serial: driver initialized
[    0.345315] omap_uart 44e09000.serial: no wakeirq for uart0
[    0.345530] 44e09000.serial: ttyO0 at MMIO 0x44e09000 (irq = 88, base_baud = 3000000) is a OMAP UART0
[    1.066574] console [ttyO0] enabled
[    1.070925] STMicroelectronics ASC driver initialized
[    1.077172] serial: Freescale lpuart driver
[    1.081849] [drm] Initialized drm 1.1.0 20060810
[    1.093416] loop: module loaded
[    1.100726] CAN device driver interface
[    1.106639] pegasus: v0.9.3 (2013/04/25), Pegasus/Pegasus II USB Ethernet driver
[    1.114558] usbcore: registered new interface driver pegasus
[    1.120607] usbcore: registered new interface driver asix
[    1.126354] usbcore: registered new interface driver ax88179_178a
[    1.132827] usbcore: registered new interface driver cdc_ether
[    1.139050] usbcore: registered new interface driver smsc75xx
[    1.145184] usbcore: registered new interface driver smsc95xx
[    1.151290] usbcore: registered new interface driver net1080
[    1.157305] usbcore: registered new interface driver cdc_subset
[    1.163602] usbcore: registered new interface driver zaurus
[    1.169600] usbcore: registered new interface driver cdc_ncm
[    1.175598] ehci_hcd: USB 2.0 'Enhanced' Host Controller (EHCI) Driver
[    1.182469] ehci-pci: EHCI PCI platform driver
[    1.187199] ehci-platform: EHCI generic platform driver
[    1.192910] ehci-omap: OMAP-EHCI Host Controller driver
[    1.198559] ehci-orion: EHCI orion driver
[    1.202915] SPEAr-ehci: EHCI SPEAr driver
[    1.207244] tegra-ehci: Tegra EHCI driver
[    1.212172] usbcore: registered new interface driver usb-storage
[    1.220508] mousedev: PS/2 mouse device common for all mice
[    1.229146] i2c /dev entries driver
[    1.233922] usbcore: registered new interface driver uvcvideo
[    1.239992] USB Video Class driver (1.1.1)
[    1.244311] gspca_main: v2.14.0 registered
[    1.251222] sdhci: Secure Digital Host Controller Interface driver
[    1.257755] sdhci: Copyright(c) Pierre Ossman
[    1.263830] omap_hsmmc 48060000.mmc: unable to get vmmc regulator -517
[    1.270907] platform 48060000.mmc: Driver omap_hsmmc requests probe deferral
[    1.278741] Synopsys Designware Multimedia Card Interface Driver
[    1.285599] sdhci-pltfm: SDHCI platform and OF driver helper
[    1.292517] usbcore: registered new interface driver usbhid
[    1.298388] usbhid: USB HID core driver
[    1.307510] TCP: cubic registered
[    1.311017] NET: Registered protocol family 17
[    1.315744] can: controller area network core (rev 20120528 abi 9)
[    1.322380] NET: Registered protocol family 29
[    1.327051] can: raw protocol (rev 20120528)
[    1.331553] can: broadcast manager protocol (rev 20120528 t)
[    1.337521] can: netlink gateway (rev 20130117) max_hops=1
[    1.343922] Key type dns_resolver registered
[    1.348722] omap_voltage_late_init: Voltage driver support not added
[    1.356108] ThumbEE CPU extension supported.
[    1.360689] Registering SWP/SWPB emulation handler
[    1.366690] lis3_reg: disabling
[    1.370043] vbat: disabling
[    1.373652] omap-gpmc 50000000.gpmc: GPMC revision 6.0
[    1.381360] tps65910 0-002d: No interrupt support, no core IRQ
[    1.391989] vrtc: 1800 mV 
[    1.395213] vrtc: supplied by vbat
[    1.400620] vio: at 1800 mV 
[    1.403773] vio: supplied by vbat
[    1.409151] vdd_mpu: 912 <--> 1312 mV at 1137 mV 
[    1.414204] vdd_mpu: supplied by vbat
[    1.420033] vdd_core: 912 <--> 1150 mV at 1137 mV 
[    1.425160] vdd_core: supplied by vbat
[    1.430661] vdd3: 5000 mV 
[    1.434995] vdig1: at 1800 mV 
[    1.438311] vdig1: supplied by vbat
[    1.443448] vdig2: at 1800 mV 
[    1.446726] vdig2: supplied by vbat
[    1.451892] vpll: at 1800 mV 
[    1.455102] vpll: supplied by vbat
[    1.460181] vdac: at 1800 mV 
[    1.463389] vdac: supplied by vbat
[    1.468448] vaux1: at 1800 mV 
[    1.471723] vaux1: supplied by vbat
[    1.476868] vaux2: at 3300 mV 
[    1.480179] vaux2: supplied by vbat
[    1.485329] vaux33: at 3300 mV 
[    1.488718] vaux33: supplied by vbat
[    1.493990] vmmc: 1800 <--> 3300 mV at 3300 mV 
[    1.498837] vmmc: supplied by vbat
[    1.503676] vbb: at 3000 mV 
[    1.506941] vbb: supplied by vbat
[    1.512348] tps65910-rtc tps65910-rtc: IRQ is not free.
[    1.517910] tps65910-rtc: probe of tps65910-rtc failed with error -22
[    1.526430] omap_i2c 44e0b000.i2c: bus 0 rev0.11 at 400 kHz
[    1.537646] omap_i2c 4802a000.i2c: bus 1 rev0.11 at 100 kHz
[    1.544233] backlight supply power not found, using dummy regulator
[    1.551054] pwm-backlight backlight: unable to request PWM, trying legacy API
[    1.558579] pwm-backlight backlight: unable to request legacy PWM
[    1.565101] platform backlight: Driver pwm-backlight requests probe deferral
[    1.603049] backlight supply power not found, using dummy regulator
[    1.609847] pwm-backlight backlight: unable to request PWM, trying legacy API
[    1.617378] pwm-backlight backlight: unable to request legacy PWM
[    1.623891] platform backlight: Driver pwm-backlight requests probe deferral
[    1.679554] mmc0: host does not support reading read-only switch. assuming write-enable.
[    1.688131] davinci_mdio 4a101000.mdio: davinci mdio revision 1.6
[    1.694570] davinci_mdio 4a101000.mdio: detected phy mask fffffffe
[    1.702038] libphy: 4a101000.mdio: probed
[    1.706330] davinci_mdio 4a101000.mdio: phy[0]: device 4a101000.mdio:00, driver Atheros 8031 ethernet
[    1.717251] cpsw 4a100000.ethernet: Detected MACID = 40:5f:c2:76:54:10
[    1.726401] input: volume_keys@0 as /devices/volume_keys@0/input/input0
[    1.734193] backlight supply power not found, using dummy regulator
[    1.741007] pwm-backlight backlight: unable to request PWM, trying legacy API
[    1.748538] pwm-backlight backlight: unable to request legacy PWM
[    1.755058] platform backlight: Driver pwm-backlight requests probe deferral
[    1.763288] mmc0: new high speed SDHC card at address b368
[    1.770073] drivers/rtc/hctosys.c: unable to open rtc device (rtc0)
[    1.781599] net eth0: initializing cpsw version 1.12 (0)
[    1.789293] mmcblk0: mmc0:b368 00000 3.74 GiB 
[    1.795767] backlight supply power not found, using dummy regulator
[    1.802669] pwm-backlight backlight: unable to request PWM, trying legacy API
[    1.810201] pwm-backlight backlight: unable to request legacy PWM
[    1.816717] platform backlight: Driver pwm-backlight requests probe deferral
[    1.824896]  mmcblk0: p1 p2 p3
[    1.830243] backlight supply power not found, using dummy regulator
[    1.837094] pwm-backlight backlight: unable to request PWM, trying legacy API
[    1.844640] pwm-backlight backlight: unable to request legacy PWM
[    1.851150] platform backlight: Driver pwm-backlight requests probe deferral
[    1.868176] net eth0: phy found : id is : 0x4dd074
[    1.873349] libphy: PHY 4a101000.mdio:01 not found
[    1.878402] net eth0: phy 4a101000.mdio:01 not found on slave 1
[    5.868284] cpsw 4a100000.ethernet eth0: Link is Up - 1Gbps/Full - flow control rx/tx
[    5.887395] Sending DHCP requests ., OK
[    5.937848] IP-Config: Got DHCP answer from 192.168.0.1, my address is 192.168.0.251
[    5.946192] IP-Config: Complete:
[    5.949638]      device=eth0, hwaddr=40:5f:c2:76:54:10, ipaddr=192.168.0.251, mask=255.255.255.0, gw=192.168.0.1
[    5.960335]      host=192.168.0.251, domain=ti.com, nis-domain=(none)
[    5.967107]      bootserver=192.168.0.1, rootserver=192.168.0.1, rootpath=
[    5.974152]      nameserver0=192.0.2.2, nameserver1=192.0.2.3
[    5.980649] ALSA device list:
[    5.983796]   No soundcards found.
[    5.990051] EXT4-fs (mmcblk0p2): mounting ext3 file system using the ext4 subsystem
[    6.010030] EXT4-fs (mmcblk0p2): warning: maximal mount count reached, running e2fsck is recommended
[    6.023607] EXT4-fs (mmcblk0p2): mounted filesystem with ordered data mode. Opts: (null)
[    6.032195] VFS: Mounted root (ext3 filesystem) on device 179:2.
[    6.046961] devtmpfs: mounted
[    6.051033] Freeing unused kernel memory: 632K (c0a97000 - c0b35000)

INIT: version 2.88 booting

Error opening /dev/fb0: No such file or directory
Starting udev
[    6.637700] udev[73]: starting version 164
[    9.591441] FAT-fs (mmcblk0p3): codepage cp437 not found
[    9.598239] FAT-fs (mmcblk0p1): codepage cp437 not found
[    9.646548] FAT-fs (mmcblk0p3): codepage cp437 not found
[    9.665056] FAT-fs (mmcblk0p1): codepage cp437 not found
ERROR: could not open directory /lib/modules/3.15.0-rc7-next-20140527-00002-g5deef0e: No such file or directory
WARNING: -e needs -E or -F
ERROR: could not open directory /lib/modules/3.15.0-rc7-next-20140527-00002-g5deef0e: No such file or directory
FATAL: could not search modules: No such file or directory
Starting Bootlog daemon: [    9.896096] EXT4-fs (mmcblk0p2): re-mounted. Opts: data=ordered
[   10.299999] random: nonblocking pool is initialized
[   12.903222] FAT-fs (mmcblk0p1): codepage cp437 not found
[   12.931793] FAT-fs (mmcblk0p1): codepage cp437 not found
[   13.120175] FAT-fs (mmcblk0p3): codepage cp437 not found
[   13.149492] FAT-fs (mmcblk0p3): codepage cp437 not found
bootlogd.

 _____                    _____           _         _   
|  _  |___ ___ ___ ___   |  _  |___ ___  |_|___ ___| |_ 
|     |  _| .'| . | . |  |   __|  _| . | | | -_|  _|  _|
|__|__|_| |__,|_  |___|  |__|  |_| |___|_| |___|___|_|  
              |___|                    |___|            

Arago Project http://arago-project.org am335x-evm ttyO0

Arago 2013.02 am335x-evm ttyO0

am335x-evm login: 
- 06:53:55 [INFO] Host: root
- 06:53:56 [INFO] Target: 
root
root@am335x-evm:~# 
- 06:53:56 [INFO] Host: uname -a
- 06:53:56 [INFO] Target: 
uname -a
Linux am335x-evm 3.15.0-rc7-next-20140527-00002-g5deef0e #1 SMP Tue May 27 05:57:08 CDT 2014 armv7l GNU/Linux
root@am335x-evm:~# 
- 06:53:56 [INFO] Host: cat /proc/cmdline
- 06:53:57 [INFO] Target: 
cat /proc/cmdline
console=ttyO0,115200n8 earlyprintk rootwait ip=dhcp root=/dev/mmcblk0p2 rw rootfstype=ext3 rootwait
root@am335x-evm:~# 
- 06:53:57 [INFO] Host: uname -a
- 06:53:57 [INFO] Target: 
uname -a
Linux am335x-evm 3.15.0-rc7-next-20140527-00002-g5deef0e #1 SMP Tue May 27 05:57:08 CDT 2014 armv7l GNU/Linux
root@am335x-evm:~# 
- 06:53:57 [INFO] Host: cat /proc/mtd
- 06:53:58 [INFO] Target: 
cat /proc/mtd
dev:    size   erasesize  name
root@am335x-evm:~# 
- 06:54:06 [INFO] Host: export IPERFHOST=192.168.0.1
- 06:54:07 [INFO] Target: 
export IPERFHOST=192.168.0.1
root@am335x-evm:~# 
- 06:54:07 [INFO] Host: export NFS_SERVER=192.168.0.1
- 06:54:07 [INFO] Target: 
export NFS_SERVER=192.168.0.1
root@am335x-evm:~# 
- 06:54:07 [INFO] Host: export NFS_ROOT_PATH=/home/tigtfarm01/NFS_exports/am335x-evm
- 06:54:08 [INFO] Target: 
export NFS_ROOT_PATH=/home/tigtfarm01/NFS_exports/am335x-evm
root@am335x-evm:~# 
- 06:54:08 [INFO] Host: mkdir -p -m 777 /test
- 06:54:08 [INFO] Target: 
mkdir -p -m 777 /test
root@am335x-evm:~# 
- 06:54:08 [INFO] Host: cd /test
- 06:54:09 [INFO] Target: 
cd /test
root@am335x-evm:/test# 
- 06:54:09 [INFO] Host: cat > test.sh << EOF
- 06:54:09 [INFO] Target: 
cat > test.sh << EOF
> 
- 06:54:09 [INFO] Host: failtest() {

- 06:54:10 [INFO] Target: 
failtest() {
> 
- 06:54:10 [INFO] Host:   echo 1 >&3

- 06:54:10 [INFO] Target: 
  echo 1 >&3
> 
- 06:54:10 [INFO] Host: }

- 06:54:11 [INFO] Target: 
}
> 
- 06:54:11 [INFO] Host: script=anonymous:anonymous@gtautoftp.gt.design.ti.com/anonymous/opentest/target-test-basic.sh_md5_5d260c597a39e144f6dea1bc54ee8584

- 06:54:21 [ERROR] On command: script=anonymous:anonymous@gtautoftp.gt.design.ti.com/anonymous/opentest/target-test-basic.sh_md5_5d260c597a39e144f6dea1bc54ee8584
 waiting for (?-mix:.*) >>> error: execution expired
- 06:54:21 [INFO] Target: 
script=anonymous:anonymous@gtautoftp.gt.design.ti.com/anonymous/opentest/targe 
t-test-basic.sh_md5_5d260c597a39e144f6dea1bc54ee8584
> 
- 06:54:21 [INFO] Host: timeout=600

- 06:54:21 [INFO] Target: 
timeout=600
> 
- 06:54:21 [INFO] Host: 

- 06:54:22 [INFO] Target: 

> 
- 06:54:22 [INFO] Host: # Start of user's script logic

- 06:54:22 [INFO] Target: 
# Start of user's script logic
> 
- 06:54:22 [INFO] Host: 

- 06:54:23 [INFO] Target: 

> 
- 06:54:23 [INFO] Host: 

- 06:54:23 [INFO] Target: 

> 
- 06:54:23 [INFO] Host: mount -t proc proc /proc 2>/dev/null;

- 06:54:24 [INFO] Target: 
mount -t proc proc /proc 2>/dev/null;
> 
- 06:54:24 [INFO] Host: 

- 06:54:24 [INFO] Target: 

> 
- 06:54:24 [INFO] Host: mount -t sysfs sys /sys 2>/dev/null;

- 06:54:25 [INFO] Target: 
mount -t sysfs sys /sys 2>/dev/null;
> 
- 06:54:25 [INFO] Host: 

- 06:54:25 [INFO] Target: 

> 
- 06:54:25 [INFO] Host: mount -t debugfs none /sys/kernel/debug 2>/dev/null;

- 06:54:26 [INFO] Target: 
mount -t debugfs none /sys/kernel/debug 2>/dev/null;
> 
- 06:54:26 [INFO] Host: 

- 06:54:26 [INFO] Target: 

> 
- 06:54:26 [INFO] Host: echo 'cpuinfo:';cat /proc/cpuinfo; echo '=======';

- 06:54:27 [INFO] Target: 
echo 'cpuinfo:';cat /proc/cpuinfo; echo '=======';
> 
- 06:54:27 [INFO] Host: 

- 06:54:27 [INFO] Target: 

> 
- 06:54:27 [INFO] Host: echo 'soc info:';head /sys/devices/soc0/* 2>/dev/null; echo '=======';

- 06:54:28 [INFO] Target: 
echo 'soc info:';head /sys/devices/soc0/* 2>/dev/null; echo '=======';
> 
- 06:54:28 [INFO] Host: 

- 06:54:28 [INFO] Target: 

> 
- 06:54:28 [INFO] Host: echo 'interrupts:';cat /proc/interrupts; echo '=======';

- 06:54:29 [INFO] Target: 
echo 'interrupts:';cat /proc/interrupts; echo '=======';
> 
- 06:54:29 [INFO] Host: 

- 06:54:29 [INFO] Target: 

> 
- 06:54:29 [INFO] Host: echo 'Clk_summary:';cat /sys/kernel/debug/clk/clk_summary; echo '=======';

- 06:54:30 [INFO] Target: 
echo 'Clk_summary:';cat /sys/kernel/debug/clk/clk_summary; echo '=======';
> 
- 06:54:30 [INFO] Host: 

- 06:54:30 [INFO] Target: 

> 
- 06:54:30 [INFO] Host: echo 'Orphan Clks:';ls /sys/kernel/debug/clk/orphans/; echo '=======';

- 06:54:31 [INFO] Target: 
echo 'Orphan Clks:';ls /sys/kernel/debug/clk/orphans/; echo '=======';
> 
- 06:54:31 [INFO] Host: 

- 06:54:31 [INFO] Target: 

> 
- 06:54:31 [INFO] Host: echo 'H''ello World' 'B''oard Booted';

- 06:54:32 [INFO] Target: 
echo 'H''ello World' 'B''oard Booted';
> 
- 06:54:32 [INFO] Host: 

- 06:54:32 [INFO] Target: 

> 
- 06:54:32 [INFO] Host: EOF
- 06:54:33 [INFO] Target: 
EOF
root@am335x-evm:/test# 
- 06:54:33 [INFO] Host: cd /test
- 06:54:33 [INFO] Target: 
cd /test
root@am335x-evm:/test# 
- 06:54:33 [INFO] Host: chmod +x test.sh
- 06:54:34 [INFO] Target: 
chmod +x test.sh
root@am335x-evm:/test# 
- 06:54:34 [INFO] Host: ./test.sh 2> stderr.log > stdout.log 3> result.log
- 06:54:34 [INFO] Target: 
./test.sh 2> stderr.log > stdout.log 3> result.log
root@am335x-evm:/test# 
- 06:54:34 [INFO] Host: echo $?
- 06:54:35 [INFO] Target: 
echo $?
0
root@am335x-evm:/test# 
- 06:54:35 [INFO] Host: cd /test
- 06:54:35 [INFO] Target: 
cd /test
root@am335x-evm:/test# 
- 06:54:35 [INFO] Host: cat stdout.log
- 06:54:36 [INFO] Target: 
cat stdout.log
cpuinfo:
processor	: 0
model name	: ARMv7 Processor rev 2 (v7l)
Features	: swp half thumb fastmult vfp edsp thumbee neon vfpv3 tls vfpd32 
CPU implementer	: 0x41
CPU architecture: 7
CPU variant	: 0x3
CPU part	: 0xc08
CPU revision	: 2

Hardware	: Generic AM33XX (Flattened Device Tree)
Revision	: 0000
Serial		: 0000000000000000
=======
soc info:
==> /sys/devices/soc0/family <==
Unknown

==> /sys/devices/soc0/machine <==
AM335X

==> /sys/devices/soc0/power <==

==> /sys/devices/soc0/revision <==
ES1.0

==> /sys/devices/soc0/subsystem <==

==> /sys/devices/soc0/type <==
GP

==> /sys/devices/soc0/uevent <==
=======
interrupts:
           CPU0       
 28:       1462      INTC  12  edma
 30:          8      INTC  14  edma_error
 56:          0      INTC  40  4a100000.ethernet
 57:         10      INTC  41  4a100000.ethernet
 58:          9      INTC  42  4a100000.ethernet
 59:          0      INTC  43  4a100000.ethernet
 80:       4372      INTC  64  mmc0
 84:       4035      INTC  68  gp_timer
 86:        310      INTC  70  44e0b000.i2c
 87:         26      INTC  71  4802a000.i2c
 88:       4150      INTC  72  OMAP UART0
116:          0      INTC 100  gpmc
146:          0      GPIO   2  volume-up
147:          0      GPIO   3  volume-down
150:          0      GPIO   6  mmc0
IPI0:          0  CPU wakeup interrupts
IPI1:          0  Timer broadcast interrupts
IPI2:          0  Rescheduling interrupts
IPI3:          0  Function call interrupts
IPI4:          0  Single function call interrupts
IPI5:          0  CPU stop interrupts
IPI6:          0  IRQ work interrupts
IPI7:          0  completion interrupts
Err:          0
=======
Clk_summary:
   clock                         enable_cnt  prepare_cnt        rate   accuracy
--------------------------------------------------------------------------------
 tclkin_ck                                0            0    12000000          0
 virt_26000000_ck                         0            0    26000000          0
 virt_25000000_ck                         0            0    25000000          0
 virt_24000000_ck                         1            1    24000000          0
    sys_clkin_ck                          9           23    24000000          0
       timer6_fck                         0            1    24000000          0
       timer3_fck                         0            1    24000000          0
       dpll_per_ck                        1            2   960000000          0
          dpll_per_m2_ck                  2            4   192000000          0
             ehrpwm2_tbclk                0            0   192000000          0
             ehrpwm1_tbclk                0            0   192000000          0
             ehrpwm0_tbclk                0            0   192000000          0
             mmc_clk                      0            3    96000000          0
             clk_24mhz                    1            1    24000000          0
                clkdiv32k_ck              1            1       32786          0
                   clkdiv32k_ick           1            5       32786          0
                      wdt1_fck            0            1       32786          0
                      gpio3_dbclk           0            1       32786          0
                      gpio2_dbclk           0            1       32786          0
                      gpio1_dbclk           0            1       32786          0
             dpll_per_m2_div4_ck           0            9    48000000          0
             dpll_per_m2_div4_wkupdm_ck           1            2    48000000          0
          usbotg_fck                      0            1   960000000          0
       dpll_disp_ck                       0            1    24000000          0
          dpll_disp_m2_ck                 0            1    24000000          0
             lcd_gclk                     0            1    24000000          0
       dpll_ddr_ck                        1            1   266000000          0
          dpll_ddr_m2_ck                  2            2   266000000          0
             dpll_ddr_m2_div2_ck           1            1   133000000          0
       dpll_mpu_ck                        1            1   720000000          0
          dpll_mpu_m2_ck                  4            4   720000000          0
       dpll_core_ck                       1            1  1000000000          0
          dpll_core_x2_ck                 2            2  2000000000          0
             dpll_core_m6_ck              0            0   500000000          0
             dpll_core_m5_ck              1            1   250000000          0
                cpsw_cpts_rft_clk           0            0   250000000          0
                cpsw_125mhz_gclk           3            3   125000000          0
             dpll_core_m4_ck              9           11   200000000          0
                dbg_clka_ck               0            2   200000000          0
                   trace_pmd_clk_mux_ck           0            1   200000000          0
                      trace_clk_div_ck           0            1    50000000          0
                   stm_pmd_clock_mux_ck           0            0   200000000          0
                      stm_clk_div_ck           0            0    50000000          0
                gfx_fclk_clksel_ck           0            1   200000000          0
                   gfx_fck_div_ck           0            1   200000000          0
                sysclk_div_ck             0            0   200000000          0
                l4hs_gclk                 2            2   200000000          0
                l4_rtc_gclk               0            0   100000000          0
                dpll_core_m4_div2_ck          16           17   100000000          0
                   l4ls_gclk             41           59   100000000          0
                   l4fw_gclk              1            1   100000000          0
                   l3s_gclk               9           10   100000000          0
                   ieee5000_fck           0            0   100000000          0
                mmu_fck                   0            0   200000000          0
                l3_gclk                  13           15   200000000          0
                   pruss_ocp_gclk           0            1   200000000          0
       rng_fck                            1            2    24000000          0
       aes0_fck                           1            2    24000000          0
       sha0_fck                           1            1    24000000          0
       smartreflex1_fck                   0            1    24000000          0
       smartreflex0_fck                   0            1    24000000          0
       mcasp1_fck                         0            1    24000000          0
       mcasp0_fck                         0            1    24000000          0
       dcan1_fck                          0            1    24000000          0
       dcan0_fck                          0            1    24000000          0
       adc_tsc_fck                        0            1    24000000          0
       cefuse_fck                         0            0    24000000          0
       timer1_fck                         1            1    24000000          0
       timer2_fck                         1            1    24000000          0
       timer4_fck                         0            1    24000000          0
       timer5_fck                         0            1    24000000          0
       timer7_fck                         0            1    24000000          0
       dbg_sysclk_ck                      0            1    24000000          0
 virt_19200000_ck                         0            0    19200000          0
 clk_rc32k_ck                             1            1       32000          0
    gpio0_dbclk_mux_ck                    1            1       32000          0
       gpio0_dbclk                        1            2       32000          0
 clk_32768_ck                             1            2       32768          0
    sysclkout_pre_ck                      1            1       32768          0
       clkout2_div_ck                     1            1       32768          0
          clkout2_ck                      1            1       32768          0
=======
Orphan Clks:
=======
Hello World Board Booted
root@am335x-evm:/test# 
- 06:54:36 [INFO] Host: cat stderr.log
- 06:54:37 [INFO] Target: 
cat stderr.log
root@am335x-evm:/test# 
- 06:54:37 [INFO] Host: cat result.log
- 06:54:39 [ERROR] On command: cat result.log waiting for (?m-ix:^1[\0\n\r]+) >>> error: execution expired
- 06:54:39 [INFO] Target: 
cat result.log
root@am335x-evm:/test# 
- 06:54:39 [INFO] Host: cd /test
- 06:54:39 [INFO] Target: 
cd /test
root@am335x-evm:/test# 
