- 05:47:30 [INFO] Starting target session
- 05:47:31 [INFO] Connected to am335x-evm via serial 
- 05:47:31 [INFO] Host: #check prompt
- 05:47:34 [ERROR] On command: #check prompt waiting for #check prompt.+?(?-mix:((?-mix:login:)|[Pp]assword)) >>> error: execution expired
- 05:47:34 [INFO] Target: 
#check prompt
root@am335x-evm:/test# 
- 05:47:34 [INFO] Host: #check prompt
- 05:47:34 [INFO] Target: 
#check prompt
root@am335x-evm:/test# 
- 05:47:34 [INFO] Host: sync;poweroff
- 05:47:46 [INFO] Target: 
sync;poweroff
Broadcast message from root@am335x-evm (ttyS0) (Thu Dec 24 15:33:25 2015):
The system is going down for system halt NOW!
INIT: Switching to runlevel: 0
INIT: Sending pUIM SYSFS Node Not Found
Stopping Dropbear SSH server: stopped /usr/sbin/dropbear (pid 1141)
dropbear.
Stopping telnet daemon.
Stopping system message bus: dbus.
Stopping syslogd/klogd: stopped syslogd (pid 1165)
stopped klogd (pid 1167)
done
Stopping thttpd.
Stopping Weston
stopping statd: done
Stopping random number generator daemon.
ALSA: Storing mixer settings...
Stopping rpcbind daemon...
done.
Stopping Lighttpd Web Server: stopped /usr/sbin/lighttpd (pid 1175)
lighttpd.
NOT deconfiguring network interfaces: / is an NFS mount
Stopping Matrix GUI applicationstart-stop-daemon: warning: killing process 1183: No such process
Disabling thermal zones...
/etc/rc0.d/K98thermal-zone-init: line 13: /sys/class/thermal/thermal_zone*/mode: No such file or directory
***************************************************************
***************************************************************
NOTICE: This file system contains the following GPLv3 packages:
	autoconf
	binutils
	cpp-symlinks
	cpp
	g++-symlinks
	g++
	gcc-symlinks
	gcc
	gdbserver
	gstreamer1.0-libav
	libgmp10
	libmpc3
	libmpfr4
	make
If you do not wish to distribute GPLv3 components please remove
the above packages prior to distribution.  This can be done using
the opkg remove command.  i.e.:
    opkg remove <package>
Where <package> is the name printed in the list above
NOTE: If the package is a dependency of another package you
      will be notified of the dependent packages.  You should
      use the --force-removal-of-dependent-packages option to
      also remove the dependent packages as well
***************************************************************
***************************************************************
Sending all processes the TERM signal...
Sending all processes the KILL signal...
Unmounting remote filesystems...
Deactivating swap...
Unmounting local filesystems...
[ 1394.701435] musb-dsps 47401c00.usb: otg: usb_otg_unregister_hcd: device not registered to otg core
[ 1394.710477] musb-hdrc musb-hdrc.1.auto: remove, state 1
[ 1394.715798] usb usb2: USB disconnect, device number 1
[ 1394.720874] usb 2-1: USB disconnect, device number 2
[ 1394.728551] musb-hdrc musb-hdrc.1.auto: USB bus 2 deregistered
[ 1394.734715] musb-dsps 47401400.usb: otg: usb_otg_unregister_hcd: device not registered to otg core
[ 1394.743720] musb-hdrc musb-hdrc.0.auto: remove, state 4
[ 1394.748994] usb usb1: USB disconnect, device number 1
[ 1394.754598] musb-hdrc musb-hdrc.0.auto: USB bus 1 deregistered
[ 1394.771749] reboot: Power down
- 05:47:46 [INFO] Disconnected serial from am335x-evm
- 05:47:47 [INFO] Connected to am335x-evm via serial 
- 05:47:47 [INFO] Host: 
- 05:47:49 [INFO] Target: 
U-Boot SPL 2014.07-gfb6ab76 (Jul 08 2015 - 22:22:31)
reading args
spl_load_image_fat_os: error reading image args, err - -1
reading u-boot.img
reading u-boot.img
U-Boot 2014.07-gfb6ab76 (Jul 08 2015 - 22:22:31)
I2C:   ready
DRAM:  1 GiB
NAND:  256 MiB
MMC:   OMAP SD/MMC: 0, OMAP SD/MMC: 1
reading uboot.env
** Unable to read "uboot.env" from mmc0:1 **
Using default environment
Net:   <ethaddr> not set. Validating first E-fuse MAC
cpsw, usb_ether
Hit any key to stop autoboot:  1  0 
U-Boot# 
U-Boot# 
U-Boot# 
U-Boot# 
U-Boot# 
U-Boot# 
U-Boot# 
U-Boot# 
U-Boot# 
- 05:47:50 [INFO] Host: 
- 05:47:50 [INFO] Target: 
U-Boot# 
- 05:47:50 [INFO] Host: version
- 05:47:50 [INFO] Target: 
U-Boot# version
U-Boot 2014.07-gfb6ab76 (Jul 08 2015 - 22:22:31)
arm-linux-gnueabihf-gcc (crosstool-NG linaro-1.13.1-4.7-2013.03-20130313 - Linaro GCC 2013.03) 4.7.3 20130226 (prerelease)
GNU ld (crosstool-NG linaro-1.13.1-4.7-2013.03-20130313 - Linaro GCC 2013.03) 2.23.1
U-Boot# 
- 05:47:50 [INFO] Host: setenv bootargs 'console=ttyO0,115200n8 earlyprintk rootwait  '
- 05:47:50 [INFO] Target: 
setenv bootargs 'console=ttyO0,115200n8 earlyprintk rootwait  '
U-Boot# 
- 05:47:50 [INFO] Host: setenv bootcmd  ''
- 05:47:50 [INFO] Target: 
setenv bootcmd  ''
U-Boot# 
- 05:47:50 [INFO] Host: setenv autoload 'no'
- 05:47:50 [INFO] Target: 
setenv autoload 'no'
U-Boot# 
- 05:47:50 [INFO] Host: setenv serverip '192.168.0.1'
- 05:47:50 [INFO] Target: 
setenv serverip '192.168.0.1'
U-Boot# 
- 05:47:50 [INFO] Host: printenv
- 05:47:51 [INFO] Target: 
printenv
arch=arm
autoload=no
baudrate=115200
board=am335x
board_name=A33515BB
board_rev=1.6A
boot_fdt=try
bootargs=console=ttyO0,115200n8 earlyprintk rootwait  
bootcmd=
bootcount=1
bootdelay=1
bootdir=/boot
bootenv=uEnv.txt
bootfile=zImage
bootm_size=0x10000000
bootpart=0:2
console=ttyO0,115200n8
cpu=armv7
dfu_alt_info_emmc=rawemmc raw 0 3751936;boot part 1 1;rootfs part 1 2;MLO fat 1 1;MLO.raw raw 0x100 0x100;u-boot.img.raw raw 0x300 0x400;spl-os-args.raw raw 0x80 0x80;spl-os-image.raw raw 0x900 0x2000;spl-os-args fat 1 1;spl-os-image fat 1 1;u-boot.img fat 1 1;uEnv.txt fat 1 1
dfu_alt_info_mmc=boot part 0 1;rootfs part 0 2;MLO fat 0 1;MLO.raw raw 0x100 0x100;u-boot.img.raw raw 0x300 0x400;spl-os-args.raw raw 0x80 0x80;spl-os-image.raw raw 0x900 0x2000;spl-os-args fat 0 1;spl-os-image fat 0 1;u-boot.img fat 0 1;uEnv.txt fat 0 1
dfu_alt_info_nand=SPL part 0 1;SPL.backup1 part 0 2;SPL.backup2 part 0 3;SPL.backup3 part 0 4;u-boot part 0 5;u-boot-spl-os part 0 6;kernel part 0 8;rootfs part 0 9
dfu_alt_info_ram=kernel ram 0x80200000 0xD80000;fdt ram 0x80F80000 0x80000;ramdisk ram 0x81000000 0x4000000
eth1addr=d0:ff:50:57:02:db
ethact=cpsw
ethaddr=d0:ff:50:57:02:d9
fdt_addr_r=0x88000000
fdtaddr=0x88000000
fdtfile=undefined
findfdt=if test $board_name = A335BONE; then setenv fdtfile am335x-bone.dtb; fi; if test $board_name = A335BNLT; then setenv fdtfile am335x-boneblack.dtb; fi; if test $board_name = A33515BB; then setenv fdtfile am335x-evm.dtb; fi; if test $board_name = A335X_SK; then setenv fdtfile am335x-evmsk.dtb; fi; if test $fdtfile = undefined; then echo WARNING: Could not determine device tree to use; fi; 
importbootenv=echo Importing environment from mmc ...; env import -t -r $loadaddr $filesize
kernel_addr_r=0x82000000
loadaddr=0x82000000
loadbootenv=load mmc ${mmcdev} ${loadaddr} ${bootenv}
loadfdt=load mmc ${bootpart} ${fdtaddr} ${bootdir}/${fdtfile}
loadimage=load mmc ${bootpart} ${loadaddr} ${bootdir}/${bootfile}
loadramdisk=load mmc ${mmcdev} ${rdaddr} ramdisk.gz
mmcargs=setenv bootargs console=${console} ${optargs} root=${mmcroot} rootfstype=${mmcrootfstype}
mmcboot=mmc dev ${mmcdev}; if mmc rescan; then echo SD/MMC found on device ${mmcdev};if run loadbootenv; then echo Loaded environment from ${bootenv};run importbootenv;fi;if test -n $uenvcmd; then echo Running uenvcmd ...;run uenvcmd;fi;if run loadimage; then run mmcloados;fi;fi;
mmcdev=0
mmcloados=run mmcargs; if test ${boot_fdt} = yes || test ${boot_fdt} = try; then if run loadfdt; then bootz ${loadaddr} - ${fdtaddr}; else if test ${boot_fdt} = try; then bootz; else echo WARN: Cannot load the DT; fi; fi; else bootz; fi;
mmcroot=/dev/mmcblk0p2 ro
mmcrootfstype=ext4 rootwait
mtdids=nand0=nand.0
mtdparts=mtdparts=nand.0:128k(NAND.SPL),128k(NAND.SPL.backup1),128k(NAND.SPL.backup2),128k(NAND.SPL.backup3),256k(NAND.u-boot-spl-os),1m(NAND.u-boot),128k(NAND.u-boot-env),128k(NAND.u-boot-env.backup1),8m(NAND.kernel),-(NAND.file-system)
nandargs=setenv bootargs console=${console} ${optargs} root=${nandroot} rootfstype=${nandrootfstype}
nandboot=echo Booting from nand ...; run nandargs; nand read ${fdtaddr} NAND.u-boot-spl-os; nand read ${loadaddr} NAND.kernel; bootz ${loadaddr} - ${fdtaddr}
nandroot=ubi0:rootfs rw ubi.mtd=NAND.file-system,2048
nandrootfstype=ubifs rootwait=1
netargs=setenv bootargs console=${console} ${optargs} root=/dev/nfs nfsroot=${serverip}:${rootpath},${nfsopts} rw ip=dhcp
netboot=echo Booting from network ...; setenv autoload no; dhcp; tftp ${loadaddr} ${bootfile}; tftp ${fdtaddr} ${fdtfile}; run netargs; bootz ${loadaddr} - ${fdtaddr}
nfsopts=nolock
partitions=uuid_disk=${uuid_gpt_disk};name=rootfs,start=2MiB,size=-,uuid=${uuid_gpt_rootfs}
ramargs=setenv bootargs console=${console} ${optargs} root=${ramroot} rootfstype=${ramrootfstype}
ramboot=echo Booting from ramdisk ...; run ramargs; bootz ${loadaddr} ${rdaddr} ${fdtaddr}
ramdisk_addr_r=0x88080000
ramroot=/dev/ram0 rw
ramrootfstype=ext2
rdaddr=0x88080000
rootpath=/export/rootfs
serverip=192.168.0.1
soc=am33xx
spiargs=setenv bootargs console=${console} ${optargs} root=${spiroot} rootfstype=${spirootfstype}
spiboot=echo Booting from spi ...; run spiargs; sf probe ${spibusno}:0; sf read ${loadaddr} ${spisrcaddr} ${spiimgsize}; bootz ${loadaddr}
spibusno=0
spiimgsize=0x362000
spiroot=/dev/mtdblock4 rw
spirootfstype=jffs2
spisrcaddr=0xe0000
static_ip=${ipaddr}:${serverip}:${gatewayip}:${netmask}:${hostname}::off
stderr=serial
stdin=serial
stdout=serial
usbnet_devaddr=d0:ff:50:57:02:db
vendor=ti
ver=U-Boot 2014.07-gfb6ab76 (Jul 08 2015 - 22:22:31)
Environment size: 4703/131068 bytes
U-Boot# 
- 05:47:51 [INFO] Host: printenv
- 05:47:51 [INFO] Target: 
printenv
arch=arm
autoload=no
baudrate=115200
board=am335x
board_name=A33515BB
board_rev=1.6A
boot_fdt=try
bootargs=console=ttyO0,115200n8 earlyprintk rootwait  
bootcmd=
bootcount=1
bootdelay=1
bootdir=/boot
bootenv=uEnv.txt
bootfile=zImage
bootm_size=0x10000000
bootpart=0:2
console=ttyO0,115200n8
cpu=armv7
dfu_alt_info_emmc=rawemmc raw 0 3751936;boot part 1 1;rootfs part 1 2;MLO fat 1 1;MLO.raw raw 0x100 0x100;u-boot.img.raw raw 0x300 0x400;spl-os-args.raw raw 0x80 0x80;spl-os-image.raw raw 0x900 0x2000;spl-os-args fat 1 1;spl-os-image fat 1 1;u-boot.img fat 1 1;uEnv.txt fat 1 1
dfu_alt_info_mmc=boot part 0 1;rootfs part 0 2;MLO fat 0 1;MLO.raw raw 0x100 0x100;u-boot.img.raw raw 0x300 0x400;spl-os-args.raw raw 0x80 0x80;spl-os-image.raw raw 0x900 0x2000;spl-os-args fat 0 1;spl-os-image fat 0 1;u-boot.img fat 0 1;uEnv.txt fat 0 1
dfu_alt_info_nand=SPL part 0 1;SPL.backup1 part 0 2;SPL.backup2 part 0 3;SPL.backup3 part 0 4;u-boot part 0 5;u-boot-spl-os part 0 6;kernel part 0 8;rootfs part 0 9
dfu_alt_info_ram=kernel ram 0x80200000 0xD80000;fdt ram 0x80F80000 0x80000;ramdisk ram 0x81000000 0x4000000
eth1addr=d0:ff:50:57:02:db
ethact=cpsw
ethaddr=d0:ff:50:57:02:d9
fdt_addr_r=0x88000000
fdtaddr=0x88000000
fdtfile=undefined
findfdt=if test $board_name = A335BONE; then setenv fdtfile am335x-bone.dtb; fi; if test $board_name = A335BNLT; then setenv fdtfile am335x-boneblack.dtb; fi; if test $board_name = A33515BB; then setenv fdtfile am335x-evm.dtb; fi; if test $board_name = A335X_SK; then setenv fdtfile am335x-evmsk.dtb; fi; if test $fdtfile = undefined; then echo WARNING: Could not determine device tree to use; fi; 
importbootenv=echo Importing environment from mmc ...; env import -t -r $loadaddr $filesize
kernel_addr_r=0x82000000
loadaddr=0x82000000
loadbootenv=load mmc ${mmcdev} ${loadaddr} ${bootenv}
loadfdt=load mmc ${bootpart} ${fdtaddr} ${bootdir}/${fdtfile}
loadimage=load mmc ${bootpart} ${loadaddr} ${bootdir}/${bootfile}
loadramdisk=load mmc ${mmcdev} ${rdaddr} ramdisk.gz
mmcargs=setenv bootargs console=${console} ${optargs} root=${mmcroot} rootfstype=${mmcrootfstype}
mmcboot=mmc dev ${mmcdev}; if mmc rescan; then echo SD/MMC found on device ${mmcdev};if run loadbootenv; then echo Loaded environment from ${bootenv};run importbootenv;fi;if test -n $uenvcmd; then echo Running uenvcmd ...;run uenvcmd;fi;if run loadimage; then run mmcloados;fi;fi;
mmcdev=0
mmcloados=run mmcargs; if test ${boot_fdt} = yes || test ${boot_fdt} = try; then if run loadfdt; then bootz ${loadaddr} - ${fdtaddr}; else if test ${boot_fdt} = try; then bootz; else echo WARN: Cannot load the DT; fi; fi; else bootz; fi;
mmcroot=/dev/mmcblk0p2 ro
mmcrootfstype=ext4 rootwait
mtdids=nand0=nand.0
mtdparts=mtdparts=nand.0:128k(NAND.SPL),128k(NAND.SPL.backup1),128k(NAND.SPL.backup2),128k(NAND.SPL.backup3),256k(NAND.u-boot-spl-os),1m(NAND.u-boot),128k(NAND.u-boot-env),128k(NAND.u-boot-env.backup1),8m(NAND.kernel),-(NAND.file-system)
nandargs=setenv bootargs console=${console} ${optargs} root=${nandroot} rootfstype=${nandrootfstype}
nandboot=echo Booting from nand ...; run nandargs; nand read ${fdtaddr} NAND.u-boot-spl-os; nand read ${loadaddr} NAND.kernel; bootz ${loadaddr} - ${fdtaddr}
nandroot=ubi0:rootfs rw ubi.mtd=NAND.file-system,2048
nandrootfstype=ubifs rootwait=1
netargs=setenv bootargs console=${console} ${optargs} root=/dev/nfs nfsroot=${serverip}:${rootpath},${nfsopts} rw ip=dhcp
netboot=echo Booting from network ...; setenv autoload no; dhcp; tftp ${loadaddr} ${bootfile}; tftp ${fdtaddr} ${fdtfile}; run netargs; bootz ${loadaddr} - ${fdtaddr}
nfsopts=nolock
partitions=uuid_disk=${uuid_gpt_disk};name=rootfs,start=2MiB,size=-,uuid=${uuid_gpt_rootfs}
ramargs=setenv bootargs console=${console} ${optargs} root=${ramroot} rootfstype=${ramrootfstype}
ramboot=echo Booting from ramdisk ...; run ramargs; bootz ${loadaddr} ${rdaddr} ${fdtaddr}
ramdisk_addr_r=0x88080000
ramroot=/dev/ram0 rw
ramrootfstype=ext2
rdaddr=0x88080000
rootpath=/export/rootfs
serverip=192.168.0.1
soc=am33xx
spiargs=setenv bootargs console=${console} ${optargs} root=${spiroot} rootfstype=${spirootfstype}
spiboot=echo Booting from spi ...; run spiargs; sf probe ${spibusno}:0; sf read ${loadaddr} ${spisrcaddr} ${spiimgsize}; bootz ${loadaddr}
spibusno=0
spiimgsize=0x362000
spiroot=/dev/mtdblock4 rw
spirootfstype=jffs2
spisrcaddr=0xe0000
static_ip=${ipaddr}:${serverip}:${gatewayip}:${netmask}:${hostname}::off
stderr=serial
stdin=serial
stdout=serial
usbnet_devaddr=d0:ff:50:57:02:db
vendor=ti
ver=U-Boot 2014.07-gfb6ab76 (Jul 08 2015 - 22:22:31)
Environment size: 4703/131068 bytes
U-Boot# 
- 05:47:51 [INFO] Host: setenv bootargs ''${bootargs}' ip=:::::eth0:dhcp '
- 05:47:51 [INFO] Target: 
setenv bootargs ''${bootargs}' ip=:::::eth0:dhcp '
U-Boot# 
- 05:47:51 [INFO] Host: setenv serverip '192.168.0.1'
- 05:47:51 [INFO] Target: 
setenv serverip '192.168.0.1'
U-Boot# 
- 05:47:51 [INFO] Host: setenv autoload 'no'
- 05:47:51 [INFO] Target: 
setenv autoload 'no'
U-Boot# 
- 05:47:51 [INFO] Host: dhcp
- 05:47:56 [INFO] Target: 
dhcp
cpsw Waiting for PHY auto negotiation to complete. done
link up on port 0, speed 1000, full duplex
BOOTP broadcast 1
BOOTP broadcast 2
DHCP client bound to address 192.168.0.70
U-Boot# 
- 05:47:56 [INFO] Host: tftp ${loadaddr} 192.168.0.1:vatf_am335x-evm/c35b8d6ddc8b521e84f023768f216455
- 05:47:57 [INFO] Target: 
tftp ${loadaddr} 192.168.0.1:vatf_am335x-evm/c35b8d6ddc8b521e84f023768f216455
link up on port 0, speed 1000, full duplex
Using cpsw device
TFTP from server 192.168.0.1; our IP address is 192.168.0.70
Filename 'vatf_am335x-evm/c35b8d6ddc8b521e84f023768f216455'.
Load address: 0x82000000
Loading: *#################################################################
	 #################################################################
	 #################################################################
	 #################################################################
	 #################################################################
	 #################################################################
	 ################################################################
	 4.9 MiB/s
done
Bytes transferred = 6656232 (6590e8 hex)
U-Boot# 
- 05:47:57 [INFO] Host: tftp ${fdt_addr_r} 192.168.0.1:vatf_am335x-evm/1ba2ed3efe7ebd1462c8c60bb7ba0fdc
- 05:47:57 [INFO] Target: 
tftp ${fdt_addr_r} 192.168.0.1:vatf_am335x-evm/1ba2ed3efe7ebd1462c8c60bb7ba0fdc
link up on port 0, speed 1000, full duplex
Using cpsw device
TFTP from server 192.168.0.1; our IP address is 192.168.0.70
Filename 'vatf_am335x-evm/1ba2ed3efe7ebd1462c8c60bb7ba0fdc'.
Load address: 0x88000000
Loading: *###
	 7.4 MiB/s
done
Bytes transferred = 38556 (969c hex)
U-Boot# 
- 05:47:57 [INFO] Host: ls mmc 0:1
- 05:47:58 [INFO] Target: 
ls mmc 0:1
    77232   mlo 
   446472   u-boot.img 
        4   ws-calibrate.rules 
        0   pointercal 
       13   .ipaddr 
5 file(s), 0 dir(s)
U-Boot# 
- 05:47:58 [INFO] Host: ls mmc 0:2
- 05:47:58 [INFO] Target: 
ls mmc 0:2
<DIR>       4096 .
<DIR>       4096 ..
<DIR>       4096 include
<DIR>       4096 srv
<DIR>       4096 home
<DIR>       4096 media
<DIR>       4096 opt
<DIR>       4096 var
<DIR>       4096 sys
<DIR>       4096 boot
<DIR>       4096 dev
<DIR>       4096 usr
<DIR>       4096 bin
<DIR>       4096 mnt
<DIR>       4096 etc
<DIR>       4096 sbin
<DIR>       4096 www
<SYM>          8 tmp
<DIR>       4096 proc
<DIR>       4096 run
<DIR>       4096 lib
<DIR>       4096 .qws
<DIR>       4096 test
U-Boot# 
- 05:47:58 [INFO] Host: part uuid mmc 0:2
- 05:47:58 [INFO] Target: 
part uuid mmc 0:2
00000000-02
U-Boot# 
- 05:47:58 [INFO] Host: printenv
- 05:47:58 [INFO] Target: 
printenv
arch=arm
autoload=no
baudrate=115200
board=am335x
board_name=A33515BB
board_rev=1.6A
boot_fdt=try
bootargs=console=ttyO0,115200n8 earlyprintk rootwait   ip=:::::eth0:dhcp 
bootcmd=
bootcount=1
bootdelay=1
bootdir=/boot
bootenv=uEnv.txt
bootfile=zImage
bootm_size=0x10000000
bootpart=0:2
console=ttyO0,115200n8
cpu=armv7
dfu_alt_info_emmc=rawemmc raw 0 3751936;boot part 1 1;rootfs part 1 2;MLO fat 1 1;MLO.raw raw 0x100 0x100;u-boot.img.raw raw 0x300 0x400;spl-os-args.raw raw 0x80 0x80;spl-os-image.raw raw 0x900 0x2000;spl-os-args fat 1 1;spl-os-image fat 1 1;u-boot.img fat 1 1;uEnv.txt fat 1 1
dfu_alt_info_mmc=boot part 0 1;rootfs part 0 2;MLO fat 0 1;MLO.raw raw 0x100 0x100;u-boot.img.raw raw 0x300 0x400;spl-os-args.raw raw 0x80 0x80;spl-os-image.raw raw 0x900 0x2000;spl-os-args fat 0 1;spl-os-image fat 0 1;u-boot.img fat 0 1;uEnv.txt fat 0 1
dfu_alt_info_nand=SPL part 0 1;SPL.backup1 part 0 2;SPL.backup2 part 0 3;SPL.backup3 part 0 4;u-boot part 0 5;u-boot-spl-os part 0 6;kernel part 0 8;rootfs part 0 9
dfu_alt_info_ram=kernel ram 0x80200000 0xD80000;fdt ram 0x80F80000 0x80000;ramdisk ram 0x81000000 0x4000000
dnsip=192.0.2.2
dnsip2=192.0.2.3
eth1addr=d0:ff:50:57:02:db
ethact=cpsw
ethaddr=d0:ff:50:57:02:d9
fdt_addr_r=0x88000000
fdtaddr=0x88000000
fdtfile=undefined
fileaddr=88000000
filesize=969c
findfdt=if test $board_name = A335BONE; then setenv fdtfile am335x-bone.dtb; fi; if test $board_name = A335BNLT; then setenv fdtfile am335x-boneblack.dtb; fi; if test $board_name = A33515BB; then setenv fdtfile am335x-evm.dtb; fi; if test $board_name = A335X_SK; then setenv fdtfile am335x-evmsk.dtb; fi; if test $fdtfile = undefined; then echo WARNING: Could not determine device tree to use; fi; 
gatewayip=192.168.0.1
importbootenv=echo Importing environment from mmc ...; env import -t -r $loadaddr $filesize
ipaddr=192.168.0.70
kernel_addr_r=0x82000000
loadaddr=0x82000000
loadbootenv=load mmc ${mmcdev} ${loadaddr} ${bootenv}
loadfdt=load mmc ${bootpart} ${fdtaddr} ${bootdir}/${fdtfile}
loadimage=load mmc ${bootpart} ${loadaddr} ${bootdir}/${bootfile}
loadramdisk=load mmc ${mmcdev} ${rdaddr} ramdisk.gz
mmcargs=setenv bootargs console=${console} ${optargs} root=${mmcroot} rootfstype=${mmcrootfstype}
mmcboot=mmc dev ${mmcdev}; if mmc rescan; then echo SD/MMC found on device ${mmcdev};if run loadbootenv; then echo Loaded environment from ${bootenv};run importbootenv;fi;if test -n $uenvcmd; then echo Running uenvcmd ...;run uenvcmd;fi;if run loadimage; then run mmcloados;fi;fi;
mmcdev=0
mmcloados=run mmcargs; if test ${boot_fdt} = yes || test ${boot_fdt} = try; then if run loadfdt; then bootz ${loadaddr} - ${fdtaddr}; else if test ${boot_fdt} = try; then bootz; else echo WARN: Cannot load the DT; fi; fi; else bootz; fi;
mmcroot=/dev/mmcblk0p2 ro
mmcrootfstype=ext4 rootwait
mtdids=nand0=nand.0
mtdparts=mtdparts=nand.0:128k(NAND.SPL),128k(NAND.SPL.backup1),128k(NAND.SPL.backup2),128k(NAND.SPL.backup3),256k(NAND.u-boot-spl-os),1m(NAND.u-boot),128k(NAND.u-boot-env),128k(NAND.u-boot-env.backup1),8m(NAND.kernel),-(NAND.file-system)
nandargs=setenv bootargs console=${console} ${optargs} root=${nandroot} rootfstype=${nandrootfstype}
nandboot=echo Booting from nand ...; run nandargs; nand read ${fdtaddr} NAND.u-boot-spl-os; nand read ${loadaddr} NAND.kernel; bootz ${loadaddr} - ${fdtaddr}
nandroot=ubi0:rootfs rw ubi.mtd=NAND.file-system,2048
nandrootfstype=ubifs rootwait=1
netargs=setenv bootargs console=${console} ${optargs} root=/dev/nfs nfsroot=${serverip}:${rootpath},${nfsopts} rw ip=dhcp
netboot=echo Booting from network ...; setenv autoload no; dhcp; tftp ${loadaddr} ${bootfile}; tftp ${fdtaddr} ${fdtfile}; run netargs; bootz ${loadaddr} - ${fdtaddr}
netmask=255.255.255.0
nfsopts=nolock
partitions=uuid_disk=${uuid_gpt_disk};name=rootfs,start=2MiB,size=-,uuid=${uuid_gpt_rootfs}
ramargs=setenv bootargs console=${console} ${optargs} root=${ramroot} rootfstype=${ramrootfstype}
ramboot=echo Booting from ramdisk ...; run ramargs; bootz ${loadaddr} ${rdaddr} ${fdtaddr}
ramdisk_addr_r=0x88080000
ramroot=/dev/ram0 rw
ramrootfstype=ext2
rdaddr=0x88080000
rootpath=/export/rootfs
serverip=192.168.0.1
soc=am33xx
spiargs=setenv bootargs console=${console} ${optargs} root=${spiroot} rootfstype=${spirootfstype}
spiboot=echo Booting from spi ...; run spiargs; sf probe ${spibusno}:0; sf read ${loadaddr} ${spisrcaddr} ${spiimgsize}; bootz ${loadaddr}
spibusno=0
spiimgsize=0x362000
spiroot=/dev/mtdblock4 rw
spirootfstype=jffs2
spisrcaddr=0xe0000
static_ip=${ipaddr}:${serverip}:${gatewayip}:${netmask}:${hostname}::off
stderr=serial
stdin=serial
stdout=serial
usbnet_devaddr=d0:ff:50:57:02:db
vendor=ti
ver=U-Boot 2014.07-gfb6ab76 (Jul 08 2015 - 22:22:31)
Environment size: 4865/131068 bytes
U-Boot# 
- 05:47:58 [INFO] Host: setenv bootargs ''${bootargs}' root=PARTUUID=00000000-02 rw rootfstype=ext4 rootwait '
- 05:47:58 [INFO] Target: 
setenv bootargs ''${bootargs}' root=PARTUUID=00000000-02 rw rootfstype=ext4 rootwait '
U-Boot# 
- 05:47:58 [INFO] Host: printenv
- 05:47:59 [INFO] Target: 
printenv
arch=arm
autoload=no
baudrate=115200
board=am335x
board_name=A33515BB
board_rev=1.6A
boot_fdt=try
bootargs=console=ttyO0,115200n8 earlyprintk rootwait   ip=:::::eth0:dhcp  root=PARTUUID=00000000-02 rw rootfstype=ext4 rootwait 
bootcmd=
bootcount=1
bootdelay=1
bootdir=/boot
bootenv=uEnv.txt
bootfile=zImage
bootm_size=0x10000000
bootpart=0:2
console=ttyO0,115200n8
cpu=armv7
dfu_alt_info_emmc=rawemmc raw 0 3751936;boot part 1 1;rootfs part 1 2;MLO fat 1 1;MLO.raw raw 0x100 0x100;u-boot.img.raw raw 0x300 0x400;spl-os-args.raw raw 0x80 0x80;spl-os-image.raw raw 0x900 0x2000;spl-os-args fat 1 1;spl-os-image fat 1 1;u-boot.img fat 1 1;uEnv.txt fat 1 1
dfu_alt_info_mmc=boot part 0 1;rootfs part 0 2;MLO fat 0 1;MLO.raw raw 0x100 0x100;u-boot.img.raw raw 0x300 0x400;spl-os-args.raw raw 0x80 0x80;spl-os-image.raw raw 0x900 0x2000;spl-os-args fat 0 1;spl-os-image fat 0 1;u-boot.img fat 0 1;uEnv.txt fat 0 1
dfu_alt_info_nand=SPL part 0 1;SPL.backup1 part 0 2;SPL.backup2 part 0 3;SPL.backup3 part 0 4;u-boot part 0 5;u-boot-spl-os part 0 6;kernel part 0 8;rootfs part 0 9
dfu_alt_info_ram=kernel ram 0x80200000 0xD80000;fdt ram 0x80F80000 0x80000;ramdisk ram 0x81000000 0x4000000
dnsip=192.0.2.2
dnsip2=192.0.2.3
eth1addr=d0:ff:50:57:02:db
ethact=cpsw
ethaddr=d0:ff:50:57:02:d9
fdt_addr_r=0x88000000
fdtaddr=0x88000000
fdtfile=undefined
fileaddr=88000000
filesize=969c
findfdt=if test $board_name = A335BONE; then setenv fdtfile am335x-bone.dtb; fi; if test $board_name = A335BNLT; then setenv fdtfile am335x-boneblack.dtb; fi; if test $board_name = A33515BB; then setenv fdtfile am335x-evm.dtb; fi; if test $board_name = A335X_SK; then setenv fdtfile am335x-evmsk.dtb; fi; if test $fdtfile = undefined; then echo WARNING: Could not determine device tree to use; fi; 
gatewayip=192.168.0.1
importbootenv=echo Importing environment from mmc ...; env import -t -r $loadaddr $filesize
ipaddr=192.168.0.70
kernel_addr_r=0x82000000
loadaddr=0x82000000
loadbootenv=load mmc ${mmcdev} ${loadaddr} ${bootenv}
loadfdt=load mmc ${bootpart} ${fdtaddr} ${bootdir}/${fdtfile}
loadimage=load mmc ${bootpart} ${loadaddr} ${bootdir}/${bootfile}
loadramdisk=load mmc ${mmcdev} ${rdaddr} ramdisk.gz
mmcargs=setenv bootargs console=${console} ${optargs} root=${mmcroot} rootfstype=${mmcrootfstype}
mmcboot=mmc dev ${mmcdev}; if mmc rescan; then echo SD/MMC found on device ${mmcdev};if run loadbootenv; then echo Loaded environment from ${bootenv};run importbootenv;fi;if test -n $uenvcmd; then echo Running uenvcmd ...;run uenvcmd;fi;if run loadimage; then run mmcloados;fi;fi;
mmcdev=0
mmcloados=run mmcargs; if test ${boot_fdt} = yes || test ${boot_fdt} = try; then if run loadfdt; then bootz ${loadaddr} - ${fdtaddr}; else if test ${boot_fdt} = try; then bootz; else echo WARN: Cannot load the DT; fi; fi; else bootz; fi;
mmcroot=/dev/mmcblk0p2 ro
mmcrootfstype=ext4 rootwait
mtdids=nand0=nand.0
mtdparts=mtdparts=nand.0:128k(NAND.SPL),128k(NAND.SPL.backup1),128k(NAND.SPL.backup2),128k(NAND.SPL.backup3),256k(NAND.u-boot-spl-os),1m(NAND.u-boot),128k(NAND.u-boot-env),128k(NAND.u-boot-env.backup1),8m(NAND.kernel),-(NAND.file-system)
nandargs=setenv bootargs console=${console} ${optargs} root=${nandroot} rootfstype=${nandrootfstype}
nandboot=echo Booting from nand ...; run nandargs; nand read ${fdtaddr} NAND.u-boot-spl-os; nand read ${loadaddr} NAND.kernel; bootz ${loadaddr} - ${fdtaddr}
nandroot=ubi0:rootfs rw ubi.mtd=NAND.file-system,2048
nandrootfstype=ubifs rootwait=1
netargs=setenv bootargs console=${console} ${optargs} root=/dev/nfs nfsroot=${serverip}:${rootpath},${nfsopts} rw ip=dhcp
netboot=echo Booting from network ...; setenv autoload no; dhcp; tftp ${loadaddr} ${bootfile}; tftp ${fdtaddr} ${fdtfile}; run netargs; bootz ${loadaddr} - ${fdtaddr}
netmask=255.255.255.0
nfsopts=nolock
partitions=uuid_disk=${uuid_gpt_disk};name=rootfs,start=2MiB,size=-,uuid=${uuid_gpt_rootfs}
ramargs=setenv bootargs console=${console} ${optargs} root=${ramroot} rootfstype=${ramrootfstype}
ramboot=echo Booting from ramdisk ...; run ramargs; bootz ${loadaddr} ${rdaddr} ${fdtaddr}
ramdisk_addr_r=0x88080000
ramroot=/dev/ram0 rw
ramrootfstype=ext2
rdaddr=0x88080000
rootpath=/export/rootfs
serverip=192.168.0.1
soc=am33xx
spiargs=setenv bootargs console=${console} ${optargs} root=${spiroot} rootfstype=${spirootfstype}
spiboot=echo Booting from spi ...; run spiargs; sf probe ${spibusno}:0; sf read ${loadaddr} ${spisrcaddr} ${spiimgsize}; bootz ${loadaddr}
spibusno=0
spiimgsize=0x362000
spiroot=/dev/mtdblock4 rw
spirootfstype=jffs2
spisrcaddr=0xe0000
static_ip=${ipaddr}:${serverip}:${gatewayip}:${netmask}:${hostname}::off
stderr=serial
stdin=serial
stdout=serial
usbnet_devaddr=d0:ff:50:57:02:db
vendor=ti
ver=U-Boot 2014.07-gfb6ab76 (Jul 08 2015 - 22:22:31)
Environment size: 4920/131068 bytes
U-Boot# 
- 05:47:59 [INFO] Host: setenv bootcmd ''${bootcmd}' if iminfo ${loadaddr}; then bootm ${loadaddr} - ${fdt_addr_r}; else bootz ${loadaddr} - ${fdt_addr_r}; bootm ${loadaddr} - ${fdt_addr_r}; fi'
- 05:47:59 [INFO] Target: 
setenv bootcmd ''${bootcmd}' if iminfo ${loadaddr}; then bootm ${loadaddr} - ${fdt_addr_r}; else bootz ${loadaddr} - ${fdt_addr_r}; bootm ${loadaddr} - ${fdt_addr_r}; fi'
U-Boot# 
- 05:47:59 [INFO] Host: version
- 05:47:59 [INFO] Target: 
version
U-Boot 2014.07-gfb6ab76 (Jul 08 2015 - 22:22:31)
arm-linux-gnueabihf-gcc (crosstool-NG linaro-1.13.1-4.7-2013.03-20130313 - Linaro GCC 2013.03) 4.7.3 20130226 (prerelease)
GNU ld (crosstool-NG linaro-1.13.1-4.7-2013.03-20130313 - Linaro GCC 2013.03) 2.23.1
U-Boot# 
- 05:47:59 [INFO] Host: bdinfo
- 05:47:59 [INFO] Target: 
bdinfo
arch_number = 0x00000E05
boot_params = 0x80000100
DRAM bank   = 0x00000000
-> start    = 0x80000000
-> size     = 0x40000000
eth0name    = cpsw
ethaddr     = d0:ff:50:57:02:d9
eth1name    = usb_ether
eth1addr    = d0:ff:50:57:02:db
current eth = cpsw
ip_addr     = 192.168.0.70
baudrate    = 115200 bps
TLB addr    = 0xBFFF0000
relocaddr   = 0xBF741000
reloc off   = 0x3EF41000
irq_sp      = 0xBE720EE0
sp start    = 0xBE720ED0
U-Boot# 
- 05:47:59 [INFO] Host: mmc rescan; echo $?
- 05:47:59 [INFO] Target: 
mmc rescan; echo $?
U-Boot# 
- 05:47:59 [INFO] Host: fatwrite mmc ${mmcdev}:1 ${loadaddr} ws-calibrate.rules 4
- 05:48:00 [INFO] Target: 
fatwrite mmc ${mmcdev}:1 ${loadaddr} ws-calibrate.rules 4
writing ws-calibrate.rules
4 bytes written
U-Boot# 
- 05:48:00 [INFO] Host: boot
- 05:49:18 [INFO] Target: 
boot
## Checking Image at 82000000 ...
Unknown image format!
Kernel image @ 0x82000000 [ 0x000000 - 0x6590e8 ]
## Flattened Device Tree blob at 88000000
   Booting using the fdt blob at 0x88000000
   Loading Device Tree to 8fff3000, end 8ffff69b ... OK
Starting kernel ...
CCCCCCCC
U-Boot SPL 2014.07-gfb6ab76 (Jul 08 2015 - 22:22:31)
reading args
spl_load_image_fat_os: error reading image args, err - -1
reading u-boot.img
reading u-boot.img
U-Boot 2014.07-gfb6ab76 (Jul 08 2015 - 22:22:31)
I2C:   ready
DRAM:  1 GiB
NAND:  256 MiB
MMC:   OMAP SD/MMC: 0, OMAP SD/MMC: 1
reading uboot.env
** Unable to read "uboot.env" from mmc0:1 **
Using default environment
Net:   <ethaddr> not set. Validating first E-fuse MAC
cpsw, usb_ether
Hit any key to stop autoboot:  1  0 
switch to partitions #0, OK
mmc0 is current device
SD/MMC found on device 0
reading uEnv.txt
** Unable to read file uEnv.txt **
4336704 bytes read in 280 ms (14.8 MiB/s)
39295 bytes read in 41 ms (935.5 KiB/s)
Kernel image @ 0x82000000 [ 0x000000 - 0x422c40 ]
## Flattened Device Tree blob at 88000000
   Booting using the fdt blob at 0x88000000
   Loading Device Tree to 8fff3000, end 8ffff97e ... OK
Starting kernel ...
[    0.000000] Booting Linux on physical CPU 0x0
[    0.000000] Linux version 3.14.49-ge9cd4cc (jenkins@puget) (gcc version 4.7.3 20130226 (prerelease) (crosstool-NG linaro-1.13.1-4.7-2013.03-20130313 - Linaro GCC 2013.03) ) #2 Mon Aug 3 22:11:10 EDT 2015
[    0.000000] CPU: ARMv7 Processor [413fc082] revision 2 (ARMv7), cr=10c5387d
[    0.000000] CPU: PIPT / VIPT nonaliasing data cache, VIPT aliasing instruction cache
[    0.000000] Machine model: TI AM335x EVM
[    0.000000] cma: CMA: reserved 24 MiB at ae000000
[    0.000000] Memory policy: Data cache writeback
[    0.000000] CPU: All CPU(s) started in SVC mode.
[    0.000000] AM335X ES2.1 (sgx neon )
[    0.000000] Built 1 zonelists in Zone order, mobility grouping on.  Total pages: 260368
[    0.000000] Kernel command line: console=ttyO0,115200n8 root=/dev/mmcblk0p2 ro rootfstype=ext4 rootwait
[    0.000000] PID hash table entries: 4096 (order: 2, 16384 bytes)
[    0.000000] Dentry cache hash table entries: 131072 (order: 7, 524288 bytes)
[    0.000000] Inode-cache hash table entries: 65536 (order: 6, 262144 bytes)
[    0.000000] Memory: 1004972K/1047552K available (5839K kernel code, 301K rwdata, 2144K rodata, 259K init, 232K bss, 42580K reserved, 269312K highmem)
[    0.000000] Virtual kernel memory layout:
[    0.000000]     vector  : 0xffff0000 - 0xffff1000   (   4 kB)
[    0.000000]     fixmap  : 0xfff00000 - 0xfffe0000   ( 896 kB)
[    0.000000]     vmalloc : 0xf0000000 - 0xff000000   ( 240 MB)
[    0.000000]     lowmem  : 0xc0000000 - 0xef800000   ( 760 MB)
[    0.000000]     pkmap   : 0xbfe00000 - 0xc0000000   (   2 MB)
[    0.000000]     modules : 0xbf000000 - 0xbfe00000   (  14 MB)
[    0.000000]       .text : 0xc0008000 - 0xc07d40c4   (7985 kB)
[    0.000000]       .init : 0xc07d5000 - 0xc0815fbc   ( 260 kB)
[    0.000000]       .data : 0xc0816000 - 0xc0861520   ( 302 kB)
[    0.000000]        .bss : 0xc0861520 - 0xc089b538   ( 233 kB)
[    0.000000] NR_IRQS:16 nr_irqs:16 16
[    0.000000] IRQ: Found an INTC at 0xfa200000 (revision 5.0) with 128 interrupts
[    0.000000] Total of 128 interrupts on 1 active controller
[    0.000000] OMAP clockevent source: timer2 at 24000000 Hz
[    0.000012] sched_clock: 32 bits at 24MHz, resolution 41ns, wraps every 178956969942ns
[    0.000030] OMAP clocksource: timer1 at 24000000 Hz
[    0.000264] Console: colour dummy device 80x30
[    0.000288] WARNING: Your 'console=ttyO0' has been replaced by 'ttyS0'
[    0.000293] This ensures that you still see kernel messages. Please
[    0.000297] update your kernel commandline.
[    0.000320] Calibrating delay loop... 996.14 BogoMIPS (lpj=4980736)
[    0.089467] pid_max: default: 32768 minimum: 301
[    0.089558] Security Framework initialized
[    0.089610] Mount-cache hash table entries: 2048 (order: 1, 8192 bytes)
[    0.089619] Mountpoint-cache hash table entries: 2048 (order: 1, 8192 bytes)
[    0.096786] CPU: Testing write buffer coherency: ok
[    0.097164] Setting up static identity map for 0x805b9c60 - 0x805b9cb8
[    0.098032] devtmpfs: initialized
[    0.099556] VFP support v0.3: implementor 41 architecture 3 part 30 variant c rev 3
[    0.106071] omap_hwmod: tptc0 using broken dt data from edma
[    0.106145] omap_hwmod: tptc1 using broken dt data from edma
[    0.106211] omap_hwmod: tptc2 using broken dt data from edma
[    0.110294] omap_hwmod: debugss: _wait_target_disable failed
[    0.164879] pinctrl core: initialized pinctrl subsystem
[    0.165788] regulator-dummy: no parameters
[    0.167947] NET: Registered protocol family 16
[    0.169743] DMA: preallocated 256 KiB pool for atomic coherent allocations
[    0.171944] cpuidle: using governor ladder
[    0.171960] cpuidle: using governor menu
[    0.177119] syscon 44e10000.control_module: regmap [mem 0x44e10000-0x44e107fb] registered
[    0.178359] platform 49000000.edma: alias fck already exists
[    0.178381] platform 49000000.edma: alias fck already exists
[    0.178393] platform 49000000.edma: alias fck already exists
[    0.179377] OMAP GPIO hardware version 0.1
[    0.189123] omap-gpmc 50000000.gpmc: could not find pctldev for node /pinmux@44e10800/nandflash_pins_default, deferring probe
[    0.189155] platform 50000000.gpmc: Driver omap-gpmc requests probe deferral
[    0.192845] No ATAGs?
[    0.192868] hw-breakpoint: debug architecture 0x4 unsupported.
[    0.214657] bio: create slab <bio-0> at 0
[    0.228232] edma-dma-engine edma-dma-engine.0: TI EDMA DMA engine driver
[    0.229170] vbat: 5000 mV 
[    0.229573] lis3_reg: no parameters
[    0.230043] wlan-en-regulator: 1800 mV 
[    0.232952] vgaarb: loaded
[    0.233411] i2c-core: driver [palmas] using legacy suspend method
[    0.233421] i2c-core: driver [palmas] using legacy resume method
[    0.234058] SCSI subsystem initialized
[    0.235337] usbcore: registered new interface driver usbfs
[    0.235501] usbcore: registered new interface driver hub
[    0.235667] usbcore: registered new device driver usb
[    0.236518] omap_i2c 44e0b000.i2c: could not find pctldev for node /pinmux@44e10800/pinmux_i2c0_pins, deferring probe
[    0.236543] platform 44e0b000.i2c: Driver omap_i2c requests probe deferral
[    0.236568] omap_i2c 4802a000.i2c: could not find pctldev for node /pinmux@44e10800/pinmux_i2c1_pins, deferring probe
[    0.236580] platform 4802a000.i2c: Driver omap_i2c requests probe deferral
[    0.236927] pps_core: LinuxPPS API ver. 1 registered
[    0.236936] pps_core: Software ver. 5.3.6 - Copyright 2005-2007 Rodolfo Giometti <giometti@linux.it>
[    0.237047] PTP clock support registered
[    0.238714] omap-mailbox 480c8000.mailbox: omap mailbox rev 0x400
[    0.239638] Advanced Linux Sound Architecture Driver Initialized.
[    0.241051] Switched to clocksource timer1
[    0.257312] NET: Registered protocol family 2
[    0.258073] TCP established hash table entries: 8192 (order: 3, 32768 bytes)
[    0.258146] TCP bind hash table entries: 8192 (order: 3, 32768 bytes)
[    0.258212] TCP: Hash tables configured (established 8192 bind 8192)
[    0.258311] TCP: reno registered
[    0.258322] UDP hash table entries: 512 (order: 1, 8192 bytes)
[    0.258344] UDP-Lite hash table entries: 512 (order: 1, 8192 bytes)
[    0.258495] NET: Registered protocol family 1
[    0.258855] RPC: Registered named UNIX socket transport module.
[    0.258866] RPC: Registered udp transport module.
[    0.258872] RPC: Registered tcp transport module.
[    0.258877] RPC: Registered tcp NFSv4.1 backchannel transport module.
[    0.259880] hw perfevents: enabled with ARMv7 Cortex-A8 PMU driver, 5 counters available
[    0.262475] futex hash table entries: 256 (order: -1, 3072 bytes)
[    0.400053] bounce pool size: 64 pages
[    0.400281] VFS: Disk quotas dquot_6.5.2
[    0.400333] Dquot-cache hash table entries: 1024 (order 0, 4096 bytes)
[    0.400816] NFS: Registering the id_resolver key type
[    0.400886] Key type id_resolver registered
[    0.400893] Key type id_legacy registered
[    0.400928] jffs2: version 2.2. (NAND) (SUMMARY)   2001-2006 Red Hat, Inc.
[    0.401162] msgmni has been set to 1484
[    0.402393] NET: Registered protocol family 38
[    0.402431] io scheduler noop registered
[    0.402439] io scheduler deadline registered
[    0.402456] io scheduler cfq registered (default)
[    0.404118] pinctrl-single 44e10800.pinmux: 142 pins at pa f9e10800 size 568
[    0.407630] backlight supply power not found, using dummy regulator
[    0.410677] Serial: 8250/16550 driver, 10 ports, IRQ sharing enabled
[    0.415296] 44e09000.serial: ttyS0 at MMIO 0x44e09000 (irq = 88, base_baud = 3000000) is a 8250
[    1.090862] console [ttyS0] enabled
[    1.095361] 48022000.serial: ttyS1 at MMIO 0x48022000 (irq = 89, base_baud = 3000000) is a 8250
[    1.105836] omap_rng 48310000.rng: OMAP Random Number Generator ver. 20
[    1.112901] [drm] Initialized drm 1.1.0 20060810
[    1.126633] brd: module loaded
[    1.134447] loop: module loaded
[    1.137962] (stk) :sysfs entries created
[    1.142065] (stk) : debugfs entries created 
[    1.146365] (hci_tty): inside hci_tty_init
[    1.151081] (hci_tty): allocated 250, 0
[    1.159001] mtdoops: mtd device (mtddev=name/number) must be supplied
[    1.169050] usbcore: registered new interface driver asix
[    1.174721] usbcore: registered new interface driver ax88179_178a
[    1.180994] usbcore: registered new interface driver cdc_ether
[    1.187003] usbcore: registered new interface driver smsc95xx
[    1.192926] usbcore: registered new interface driver net1080
[    1.198753] usbcore: registered new interface driver cdc_subset
[    1.204823] usbcore: registered new interface driver zaurus
[    1.210655] usbcore: registered new interface driver cdc_ncm
[    1.216845] ehci_hcd: USB 2.0 'Enhanced' Host Controller (EHCI) Driver
[    1.223430] ehci-pci: EHCI PCI platform driver
[    1.228066] ehci-omap: OMAP-EHCI Host Controller driver
[    1.233785] usbcore: registered new interface driver cdc_wdm
[    1.239646] usbcore: registered new interface driver usb-storage
[    1.246646] mousedev: PS/2 mouse device common for all mice
[    1.253414] TI-am335x-tsc TI-am335x-tsc: ti,charge-delay not specified
[    1.260393] input: ti-tsc as /devices/ocp/44e0d000.tscadc/TI-am335x-tsc/input/input0
[    1.269465] i2c-core: driver [rtc-ds1307] using legacy suspend method
[    1.275977] i2c-core: driver [rtc-ds1307] using legacy resume method
[    1.283105] omap_rtc 44e3e000.rtc: rtc core: registered 44e3e000.rtc as rtc0
[    1.290951] i2c /dev entries driver
[    1.294653] Driver for 1-wire Dallas network protocol.
[    1.302084] omap_wdt: OMAP Watchdog Timer Rev 0x01: initial timeout 60 sec
[    1.310818] omap_hsmmc 48060000.mmc: unable to get vmmc regulator -517
[    1.317651] platform 48060000.mmc: Driver omap_hsmmc requests probe deferral
[    1.441958] ledtrig-cpu: registered to indicate activity on CPUs
[    1.451432] omap-aes 53500000.aes: OMAP AES hw accel rev: 3.2
[    1.458627] omap-sham 53100000.sham: hw accel on OMAP rev 4.3
[    1.465955] usbcore: registered new interface driver usbhid
[    1.471623] usbhid: USB HID core driver
[    1.475749] platform 44d00000.wkup_m3: Driver wkup_m3 requests probe deferral
[    1.487015] oprofile: using arm/armv7
[    1.490967] TCP: cubic registered
[    1.494353] Initializing XFRM netlink socket
[    1.498716] NET: Registered protocol family 17
[    1.503240] NET: Registered protocol family 15
[    1.507807] Key type dns_resolver registered
[    1.512773] cpu cpu0: of_pm_voltdm_notifier_register: Failed to get cpu0 regulator/voltdm: -517
[    1.521563] cpu cpu0: cpu0 clock notifier not ready, retry
[    1.527152] platform cpufreq-cpu0.0: Driver cpufreq-cpu0 requests probe deferral
[    1.535202] PM: bootloader does not support rtc-only!
[    1.540287] ThumbEE CPU extension supported.
[    1.544714] Registering SWP/SWPB emulation handler
[    1.550943] wlan-en-regulator: disabling
[    1.554996] lis3_reg: disabling
[    1.558150] vbat: disabling
[    1.560952] regulator-dummy: disabling
[    1.565960] panel panel: pins are not configured
[    1.572499] [drm] Supports vblank timestamp caching Rev 2 (21.10.2013).
[    1.579152] [drm] No driver support for vblank timestamp query.
[    1.636026] Console: switching to colour frame buffer device 100x30
[    1.647133] tilcdc 4830e000.lcdc: fb0:  frame buffer device
[    1.652738] tilcdc 4830e000.lcdc: registered panic notifier
[    1.658345] [drm] Initialized tilcdc 1.0.0 20121205 on minor 0
[    1.664926] omap-gpmc 50000000.gpmc: GPMC revision 6.0
[    1.670098] gpmc_mem_init: disabling cs 0 mapped at 0x0-0x1000000
[    1.677388] nand: device found, Manufacturer ID: 0x2c, Chip ID: 0xda
[    1.683833] nand: Micron MT29F2G08ABAEAWP
[    1.687858] nand: 256MiB, SLC, page size: 2048, OOB size: 64
[    1.693548] nand: using OMAP_ECC_BCH8_CODE_HW ECC scheme
[    1.699050] 10 ofpart partitions found on MTD device omap2-nand.0
[    1.705189] Creating 10 MTD partitions on "omap2-nand.0":
[    1.710615] 0x000000000000-0x000000020000 : "NAND.SPL"
[    1.717401] 0x000000020000-0x000000040000 : "NAND.SPL.backup1"
[    1.724725] 0x000000040000-0x000000060000 : "NAND.SPL.backup2"
[    1.731952] 0x000000060000-0x000000080000 : "NAND.SPL.backup3"
[    1.739062] 0x000000080000-0x0000000c0000 : "NAND.u-boot-spl-os"
[    1.746537] 0x0000000c0000-0x0000001c0000 : "NAND.u-boot"
[    1.754018] 0x0000001c0000-0x0000001e0000 : "NAND.u-boot-env"
[    1.761114] 0x0000001e0000-0x000000200000 : "NAND.u-boot-env.backup1"
[    1.768908] 0x000000200000-0x000000a00000 : "NAND.kernel"
[    1.782159] 0x000000a00000-0x000010000000 : "NAND.file-system"
[    1.991729] tps65910 0-002d: No interrupt support, no core IRQ
[    2.001868] vrtc: 1800 mV 
[    2.004882] vrtc: supplied by vbat
[    2.009966] vio: at 1500 mV 
[    2.012964] vio: supplied by vbat
[    2.018045] vdd_mpu: 912 <--> 1375 mV at 1325 mV 
[    2.022866] vdd_mpu: supplied by vbat
[    2.028245] vdd_core: 912 <--> 1150 mV at 1137 mV 
[    2.033139] vdd_core: supplied by vbat
[    2.038284] vdd3: 5000 mV 
[    2.042494] vdig1: at 1800 mV 
[    2.045647] vdig1: supplied by vbat
[    2.050466] vdig2: at 1800 mV 
[    2.053640] vdig2: supplied by vbat
[    2.058449] vpll: at 1800 mV 
[    2.061514] vpll: supplied by vbat
[    2.066208] vdac: at 1800 mV 
[    2.069253] vdac: supplied by vbat
[    2.073995] vaux1: at 1800 mV 
[    2.077123] vaux1: supplied by vbat
[    2.081918] vaux2: at 3300 mV 
[    2.085051] vaux2: supplied by vbat
[    2.089839] vaux33: at 3300 mV 
[    2.093081] vaux33: supplied by vbat
[    2.097964] vmmc: 1800 <--> 3300 mV at 3300 mV 
[    2.102598] vmmc: supplied by vbat
[    2.106778] omap_i2c 44e0b000.i2c: bus 0 rev0.11 at 400 kHz
[    2.115099] omap_i2c 4802a000.i2c: bus 1 rev0.11 at 100 kHz
[    2.161661]  remoteproc0: wkup_m3 is available
[    2.166153]  remoteproc0: Note: remoteproc is still under development and considered experimental.
[    2.175182]  remoteproc0: THE BINARY FORMAT IS NOT YET FINALIZED, and backward compatibility isn't yet guaranteed.
[    2.185769]  remoteproc0: Direct firmware load failed with error -2
[    2.192136]  remoteproc0: Falling back to user helper
[    2.250070] mmc1: new high speed SDHC card at address 59b4
[    2.256214] mmcblk0: mmc1:59b4 NCard 7.51 GiB 
[    2.261102] davinci_mdio 4a101000.mdio: davinci mdio revision 1.6
[    2.267226] davinci_mdio 4a101000.mdio: detected phy mask fffffffe
[    2.274680]  mmcblk0: p1 p2 p3
[    2.278562] libphy: 4a101000.mdio: probed
[    2.282652] davinci_mdio 4a101000.mdio: phy[0]: device 4a101000.mdio:00, driver Atheros 8031 ethernet
[    2.293492] cpsw 4a100000.ethernet: Detected MACID = d0:ff:50:57:02:d9
[    2.302477] input: volume_keys@0 as /devices/volume_keys@0/input/input1
[    2.309828] omap_rtc 44e3e000.rtc: setting system clock to 2000-01-01 00:00:01 UTC (946684801)
[    2.321524] ALSA device list:
[    2.324524]   No soundcards found.
[    2.339911] EXT4-fs (mmcblk0p2): mounted filesystem with ordered data mode. Opts: (null)
[    2.348181] VFS: Mounted root (ext4 filesystem) readonly on device 179:2.
[    2.357616] devtmpfs: mounted
[    2.360968] Freeing unused kernel memory: 256K (c07d5000 - c0815000)
INIT: version 2.88 booting
Starting udev
[    3.049589] udevd[920]: starting version 182
[    3.283292] input: matrix_keypad@0 as /devices/matrix_keypad@0/input/input2
[    3.310162] Bluetooth: Core ver 2.18
[    3.397309] NET: Registered protocol family 31
[    3.401888] Bluetooth: HCI device and connection manager initialized
[    3.572562] Bluetooth: HCI socket layer initialized
[    3.589695] 47401300.usb-phy supply vcc not found, using dummy regulator
[    3.649847] Bluetooth: L2CAP socket layer initialized
[    3.667711]  remoteproc0: powering up wkup_m3
[    3.724497] 47401b00.usb-phy supply vcc not found, using dummy regulator
[    3.736911]  remoteproc0: Booting fw image am335x-pm-firmware.elf, size 154400
[    3.765330] Bluetooth: SCO socket layer initialized
[    3.783751] tsl2550 1-0039: standard operating mode
[    3.828056] cryptodev: driver 1.6 loaded.
[    3.833131] PM: CM3 Firmware Version = 0x190
[    3.839228] tsl2550 1-0039: support ver. 1.2 enabled
[    3.853307] (stc):  chnl_id list empty :4 
[    3.857254] (stk) : st_kim_start(stk) :ldisc_install = 1
[    4.005753]  remoteproc0: remote processor wkup_m3 is now up
[    4.022404] lm75 1-0048: hwmon0: sensor 'tmp275'
[    4.091628] lis3lv02d: 16 bits lis331dlh sensor found
[    4.212797] input: ST LIS3LV02DL Accelerometer as /devices/platform/lis3lv02d/input/input3
[    4.352569] EXT4-fs (mmcblk0p2): re-mounted. Opts: data=ordered
Starting Bootlog daemon: bootlogd: cannot allocate pseudo tty: No such file or directory
bootlogd.
[    4.981157] (stk) :ldisc installation timeout
[    4.985425] (stk) :ldisc_install = 0[    4.994667] random: dd urandom read with 103 bits of entropy available
[    5.066407] davinci_evm sound: tlv320aic3x-hifi <-> 4803c000.mcasp mapping ok
[    5.981154] (stk) : timed out waiting for ldisc to be un-installed
[    6.093959] (stk) :ldisc_install = 1
udevadm settle - timeout of 3 seconds reached, the event queue contains:
  /sys/devices/ocp/48060000.mmc/mmc_host/mmc1/mmc1:59b4/block/mmcblk0/mmcblk0p1 (894)
  /sys/devices/ocp/48060000.mmc/mmc_host/mmc1/mmc1:59b4/block/mmcblk0/mmcblk0p2 (895)
  /sys/devices/ocp/48060000.mmc/mmc_host/mmc1/mmc1:59b4/block/mmcblk0/mmcblk0p3 (896)
  /sys/devices/virtual/block/loop5 (1057)
  /sys/devices/virtual/block/ram0 (1060)
  /sys/devices/virtual/block/ram1 (1061)
  /sys/devices/virtual/block/ram10 (1062)
  /sys/devices/virtual/block/ram11 (1063)
  /sys/devices/virtual/block/ram12 (1064)
  /sys/devices/virtual/block/ram13 (1065)
  /sys/devices/virtual/block/ram14 (1066)
  /sys/devices/virtual/block/ram15 (1067)
  /sys/devices/virtual/block/ram2 (1068)
  /sys/devices/virtual/block/ram3 (1069)
  /sys/devices/virtual/block/ram4 (1070)
  /sys/devices/virtual/block/ram5 (1071)
  /sys/devices/virtual/block/ram6 (1072)
  /sys/devices/virtual/block/ram7 (1073)
  /sys/devices/virtual/block/ram8 (1074)
  /sys/devices/virtual/block/ram9 (1075)
  /sys/devices/virtual/mtd/mtd0/mtdblock0 (1083)
  /sys/devices/virtual/mtd/mtd1/mtdblock1 (1086)
  /sys/devices/virtual/mtd/mtd2/mtdblock2 (1089)
  /sys/devices/virtual/mtd/mtd3/mtdblock3 (1093)
  /sys/devices/virtual/mtd/mtd4/mtdblock4 (1096)
  /sys/devices/virtual/mtd/mtd5/mtdblock5 (1099)
  /sys/devices/virtual/mtd/mtd6/mtdblock6 (1102)
  /sys/devices/virtual/mtd/mtd7/mtdblock7 (1105)
  /sys/devices/virtual/mtd/mtd8/mtdblock8 (1108)
  /sys/devices/virtual/mtd/mtd8ro (1109)
  /sys/devices/virtual/mtd/mtd9/mtdblock9 (1111)
  /sys/devices/virtual/mtd/mtd9ro (1112)
  /sys/devices/virtual/net/lo (1113)
  /sys/devices/virtual/usbmon/usbmon0 (1115)
(stk) :ldisc installation timeout
[    7.094080] (stk) :ldisc_install = 0[    7.247750] random: nonblocking pool is initialized
[    7.504789] EXT4-fs (mmcblk0p3): mounted filesystem without journal. Opts: (null)
[    7.522989] FAT-fs (mmcblk0p1): Volume was not properly unmounted. Some data may be corrupt. Please run fsck.
[    7.589318] musb-hdrc musb-hdrc.0.auto: MUSB HDRC host driver
[    7.651440] musb-hdrc musb-hdrc.0.auto: new USB bus registered, assigned bus number 1
[    7.734040] usb usb1: New USB device found, idVendor=1d6b, idProduct=0002
[    7.740877] usb usb1: New USB device strings: Mfr=3, Product=2, SerialNumber=1
[    7.748220] usb usb1: Product: MUSB HDRC host driver
[    7.753221] usb usb1: Manufacturer: Linux 3.14.49-ge9cd4cc musb-hcd
[    7.759516] usb usb1: SerialNumber: musb-hdrc.0.auto
[    8.005964] hub 1-0:1.0: USB hub found
[    8.028488] hub 1-0:1.0: 1 port detected
[    8.069959] musb-hdrc musb-hdrc.1.auto: MUSB HDRC host driver
[    8.091161] (stk) : timed out waiting for ldisc to be un-installed
[    8.203954] (stk) :ldisc_install = 1[    8.239514] musb-hdrc musb-hdrc.1.auto: new USB bus registered, assigned bus number 2
[    8.309489] usb usb2: New USB device found, idVendor=1d6b, idProduct=0002
[    8.316418] usb usb2: New USB device strings: Mfr=3, Product=2, SerialNumber=1
[    8.323695] usb usb2: Product: MUSB HDRC host driver
[    8.328688] usb usb2: Manufacturer: Linux 3.14.49-ge9cd4cc musb-hcd
[    8.334992] usb usb2: SerialNumber: musb-hdrc.1.auto
[    8.368492] hub 2-0:1.0: USB hub found
[    8.389559] hub 2-0:1.0: 1 port detected
ALSA: Restoring mixer settings...
Sun Dec 27 05:51:00 UTC 2015
INIT: Entering runlevel: 5
[    8.771386] musb-hdrc musb-hdrc.1.auto: otg: usb_otg_kick_fsm: invalid host/gadget device
Configuring network interfaces... [    8.911231] usb 2-1: new high-speed USB device number 2 using musb-hdrc
[    8.929400] net eth0: initializing cpsw version 1.12 (0)
[    9.011838] net eth0: phy found : id is : 0x4dd074
[    9.016735] libphy: PHY 4a101000.mdio:01 not found
[    9.021572] net eth0: phy 4a101000.mdio:01 not found on slave 1
udhcpc (v1.22.1) started
[    9.062914] usb 2-1: device v090c p1000 is not supported
[    9.068282] usb 2-1: New USB device found, idVendor=090c, idProduct=1000
[    9.075054] usb 2-1: New USB device strings: Mfr=1, Product=2, SerialNumber=3
[    9.082230] usb 2-1: SerialNumber: 12101202000078
[    9.105083] usb-storage 2-1:1.0: USB Mass Storage device detected
[    9.137687] scsi0 : usb-storage 2-1:1.0
Sending discover...
[    9.201154] (stk) :ldisc installation timeout
[    9.205381] (stk) :ldisc_install = 0(stk) : timed out waiting for ldisc to be un-installed
[   10.312925] (stk) :ldisc_install = 1[   10.362942] scsi 0:0:0:0: Direct-Access     CENTON   CENTON USB            PQ: 0 ANSI: 4
[   10.377995] sd 0:0:0:0: [sda] 3891200 512-byte logical blocks: (1.99 GB/1.85 GiB)
[   10.386652] sd 0:0:0:0: Attached scsi generic sg0 type 0
[   10.408200] sd 0:0:0:0: [sda] Write Protect is off
[   10.413786] sd 0:0:0:0: [sda] No Caching mode page found
[   10.419134] sd 0:0:0:0: [sda] Assuming drive cache: write through
[   10.430335] sd 0:0:0:0: [sda] No Caching mode page found
[   10.435742] sd 0:0:0:0: [sda] Assuming drive cache: write through
[   10.442987]  sda: sda1
[   10.453924] sd 0:0:0:0: [sda] No Caching mode page found
[   10.459308] sd 0:0:0:0: [sda] Assuming drive cache: write through
[   10.465499] sd 0:0:0:0: [sda] Attached SCSI removable disk
[   10.788585] EXT4-fs (sda1): warning: mounting unchecked fs, running e2fsck is recommended
[   10.803732] EXT4-fs (sda1): mounted filesystem without journal. Opts: (null)
[   11.311122] (stk) :ldisc installation timeout
[   11.315366] (stk) :ldisc_install = 0Sending discover...
(stk) : timed out waiting for ldisc to be un-installed
[   12.422894] (stk) :ldisc_install = 1[   13.011895] libphy: 4a101000.mdio:00 - Link is Up - 1000/Full
[   13.421144] (stk) :ldisc installation timeout
[   13.425364] (stk) :ldisc_install = 0(stk) : timed out waiting for ldisc to be un-installed
[   14.532898] (stk) :ldisc_install = 1Sending discover...
(stk) :ldisc installation timeout
[   15.534052] (stk) :ldisc_install = 0Sending select for 192.168.0.252...
Lease of 192.168.0.252 obtained, lease time 7200
/etc/udhcpc.d/50default: Adding DNS 192.0.2.2
/etc/udhcpc.d/50default: Adding DNS 192.0.2.3
done.
(stk) : timed out waiting for ldisc to be un-installed
[   16.538009] Bluetooth: st_register failed -22
Starting system message bus: dbus.
UIM SYSFS Node Found at /sys/./devices/kim/install
Starting uim-sysfs daemon.
uim:@ main
uim:install = /sys/./devices/kim/install
uim:dev_name = /sys/./devices/kim/dev_name
uim:baud_rate = /sys/./devices/kim/baud_rate
uim:flow_cntrl = /sys/./devices/kim/flow_cntrl
uim:begin polling...
Starting Dropbear SSH server: dropbear.
Starting telnet daemon.
Starting rpcbind daemon...rpcbind: cannot create socket for udp6
rpcbind: cannot create socket for tcp6
done.
creating NFS state directory: done
starting statd: done
Starting syslogd/klogd: done
Starting thttpd.
Starting PVR
Starting Lighttpd Web Server: lighttpd.
2015-12-27 05:51:09: (/home/jenkins/tisdk-build/build-CORTEX_1/arago-tmp-external-linaro-toolchain/work/cortexa8t2hf-vfp-neon-linux-gnueabi/lighttpd/1.4.33-r1/lighttpd-1.4.33/src/log.c.166) server started 
Starting Matrix GUI application.
Enabling thermal zones...
/etc/rc5.d/S98thermal-zone-init: line 7: /sys/class/thermal/thermal_zone*/mode: No such file or directory
***************************************************************
***************************************************************
NOTICE: This file system contains the followin GPLv3 packages:
	autoconf
	binutils
	cpp-symlinks
	cpp
	g++-symlinks
	g++
	gcc-symlinks
	gcc
	gdbserver
	gstreamer1.0-libav
	libgmp10
	libmpc3
	libmpfr4
	make
If you do not wish to distribute GPLv3 components please remove
the above packages prior to distribution.  This can be done using
the opkg remove command.  i.e.:
    opkg remove <package>
Where <package> is the name printed in the list above
NOTE: If the package is a dependency of another package you
      will be notified of the dependent packages.  You should
      use the --force-removal-of-dependent-packages option to
      also remove the dependent packages as well
***************************************************************
***************************************************************
Stopping Bootlog daemon: bootlogd.
 _____                    _____           _         _   
|  _  |___ ___ ___ ___   |  _  |___ ___  |_|___ ___| |_ 
|     |  _| .'| . | . |  |   __|  _| . | | | -_|  _|  _|
|__|__|_| |__,|_  |___|  |__|  |_| |___|_| |___|___|_|  
              |___|                    |___|            
Arago Project http://arago-project.org am335x-evm /dev/ttyO0
Arago 2015.05 am335x-evm /dev/ttyO0
am335x-evm login: 
- 05:49:18 [INFO] Boot attempt 1/1 failed
- 05:49:18 [INFO] Disconnected serial from am335x-evm
URL:gtsystest.telogy.design.ti.com/vatf/tigitfarm04/tigitfarm04_vatf@am335x-evm/tigitfarm0401_04_2016_05_47_30/files/session_iteration_1/test_1
