- 14:37:09 [INFO] Starting target session
- 14:37:10 [INFO] Connected to am335x-evm via serial 
- 14:37:10 [INFO] Host: #check prompt
- 14:37:13 [ERROR] On command: #check prompt waiting for #check prompt.+?(?-mix:((?-mix:.*\s+login)|[Pp]assword)) >>> error: execution expired
- 14:37:13 [INFO] Target: 
#check prompt
root@am335x-evm:/test# 
- 14:37:13 [INFO] Host: #check prompt
- 14:37:14 [INFO] Target: 
#check prompt
root@am335x-evm:/test# 
- 14:37:14 [INFO] Host: sync;poweroff
- 14:37:28 [INFO] Target: 
sync;poweroff
Broadcast message from root@am335x-evm (ttyO0) (Thu Aug 28 01:21:59 em halt NOW!
INIT: Switching to runlevel: 0
INIT: Sending processes the TERM signal
root@am335x-evm:/test# 
INIT: Sending procStopping syslogd/klogd: stopped syslogd (pid 1242)
stopped klogd (pid 1245)
done
Deconfiguring network interfaces... done.
Sending all processes the TERM signal...
Sending all processes the KILL signal...
Unmounting remote filesystems...
Deactivating swap...
Unmounting local filesystems...
[  468.283125] reboot: System halted
- 14:37:28 [INFO] Disconnected serial from am335x-evm
- 14:37:49 [INFO] Connected to am335x-evm via serial 
- 14:37:49 [INFO] Host: 
- 14:37:49 [ERROR] On command:  waiting for (?-mix:U-Boot#) >>> error: execution expired
- 14:37:49 [INFO] Target: 
U-Boot SPL 2014.07-g8f725ef (Oct 12 2014 - 06:28:07)
- 14:37:49 [INFO] Host: 
- 14:37:50 [ERROR] On command:  waiting for (?-mix:U-Boot#) >>> error: execution expired
- 14:37:50 [INFO] Target: 
- 14:37:50 [INFO] Host: 
- 14:37:50 [ERROR] On command:  waiting for (?-mix:U-Boot#) >>> error: execution expired
- 14:37:50 [INFO] Target: 
- 14:37:50 [INFO] Host: 
- 14:37:51 [ERROR] On command:  waiting for (?-mix:U-Boot#) >>> error: execution expired
- 14:37:51 [INFO] Target: 
- 14:37:51 [INFO] Host: 
- 14:37:51 [ERROR] On command:  waiting for (?-mix:U-Boot#) >>> error: execution expired
- 14:37:51 [INFO] Target: 
reading args
spl_load_image_fat_os: error reading image args, err - -1
reading u-boot.img
reading u-boot.img
U-Boot 2014.07-g8f725ef (Oct 12 2014 - 06:28:07)
I2C:   ready
DRAM:  1 GiB
- 14:37:51 [INFO] Host: 
- 14:37:52 [INFO] Target: 
NAND:  256 MiB
MMC:   OMAP SD/MMC: 0, OMAP SD/MMC: 1
reading uboot.env
** Unable to read "uboot.env" from mmc0:1 **
Using default environment
Net:   <ethaddr> not set. Validating first E-fuse MAC
cpsw, usb_ether
Hit any key to stop autoboot:  1  0 
U-Boot# 
- 14:37:52 [INFO] Host: 
- 14:37:52 [INFO] Target: 
U-Boot# 
- 14:37:52 [INFO] Host: version
- 14:37:53 [INFO] Target: 
version
U-Boot 2014.07-g8f725ef (Oct 12 2014 - 06:28:07)
arm-linux-gnueabihf-gcc (crosstool-NG linaro-1.13.1-4.7-2013.03-20130313 - Linaro GCC 2013.03) 4.7.3 20130226 (prerelease)
GNU ld (crosstool-NG linaro-1.13.1-4.7-2013.03-20130313 - Linaro GCC 2013.03) 2.23.1
U-Boot# 
- 14:37:53 [INFO] Host: setenv bootargs 'console=ttyO0,115200n8 earlyprintk rootwait  '
- 14:37:53 [INFO] Target: 
setenv bootargs 'console=ttyO0,115200n8 earlyprintk rootwait  '
U-Boot# 
- 14:37:53 [INFO] Host: setenv bootcmd  ''
- 14:37:54 [INFO] Target: 
setenv bootcmd  ''
U-Boot# 
- 14:37:54 [INFO] Host: setenv autoload 'no'
- 14:37:54 [INFO] Target: 
setenv autoload 'no'
U-Boot# 
- 14:37:54 [INFO] Host: setenv serverip '128.247.105.180'
- 14:37:55 [INFO] Target: 
setenv serverip '128.247.105.180'
U-Boot# 
- 14:37:55 [INFO] Host: printenv
- 14:37:55 [INFO] Target: 
printenv
arch=arm
autoload=no
baudrate=115200
board=am335x
board_name=A33515BB
board_rev=1.5B
boot_fdt=try
bootargs=console=ttyO0,115200n8 earlyprintk rootwait  
bootcmd=
bootcount=1
bootdelay=1
bootdir=/boot
bootenv=uEnv.txt
bootfile=zImage
bootm_size=0x10000000
bootpart=0:2
console=ttyO0,115200n8
cpu=armv7
dfu_alt_info_emmc=rawemmc raw 0 3751936
dfu_alt_info_mmc=boot part 0 1;rootfs part 0 2;MLO fat 0 1;MLO.raw raw 0x100 0x100;u-boot.img.raw raw 0x300 0x400;spl-os-args.raw raw 0x80 0x80;spl-os-image.raw raw 0x900 0x2000;spl-os-args fat 0 1;spl-os-image fat 0 1;u-boot.img fat 0 1;uEnv.txt fat 0 1
dfu_alt_info_nand=SPL part 0 1;SPL.backup1 part 0 2;SPL.backup2 part 0 3;SPL.backup3 part 0 4;u-boot part 0 5;u-boot-spl-os part 0 6;kernel part 0 8;rootfs part 0 9
dfu_alt_info_ram=kernel ram 0x80200000 0xD80000;fdt ram 0x80F80000 0x80000;ramdisk ram 0x81000000 0x4000000
eth1addr=c8:a0:30:a1:c2:d9
ethact=cpsw
ethaddr=c8:a0:30:a1:c2:d7
fdt_addr_r=0x88000000
fdtaddr=0x88000000
fdtfile=undefined
findfdt=if test $board_name = A335BONE; then setenv fdtfile am335x-bone.dtb; fi; if test $board_name = A335BNLT; then setenv fdtfile am335x-boneblack.dtb; fi; if test $board_name = A33515BB; then setenv fdtfile am335x-evm.dtb; fi; if test $board_name = A335X_SK; then setenv fdtfile am335x-evmsk.dtb; fi; if test $fdtfile = undefined; then echo WARNING: Could not determine device tree to use; fi; 
importbootenv=echo Importing environment from mmc ...; env import -t -r $loadaddr $filesize
kernel_addr_r=0x82000000
loadaddr=0x82000000
loadbootenv=load mmc ${mmcdev} ${loadaddr} ${bootenv}
loadfdt=load mmc ${bootpart} ${fdtaddr} ${bootdir}/${fdtfile}
loadimage=load mmc ${bootpart} ${loadaddr} ${bootdir}/${bootfile}
loadramdisk=load mmc ${mmcdev} ${rdaddr} ramdisk.gz
mmcargs=setenv bootargs console=${console} ${optargs} root=${mmcroot} rootfstype=${mmcrootfstype}
mmcboot=mmc dev ${mmcdev}; if mmc rescan; then echo SD/MMC found on device ${mmcdev};if run loadbootenv; then echo Loaded environment from ${bootenv};run importbootenv;fi;if test -n $uenvcmd; then echo Running uenvcmd ...;run uenvcmd;fi;if run loadimage; then run mmcloados;fi;fi;
mmcdev=0
mmcloados=run mmcargs; if test ${boot_fdt} = yes || test ${boot_fdt} = try; then if run loadfdt; then bootz ${loadaddr} - ${fdtaddr}; else if test ${boot_fdt} = try; then bootz; else echo WARN: Cannot load the DT; fi; fi; else bootz; fi;
mmcroot=/dev/mmcblk0p2 ro
mmcrootfstype=ext4 rootwait
mtdids=nand0=nand.0
mtdparts=mtdparts=nand.0:128k(NAND.SPL),128k(NAND.SPL.backup1),128k(NAND.SPL.backup2),128k(NAND.SPL.backup3),256k(NAND.u-boot-spl-os),1m(NAND.u-boot),128k(NAND.u-boot-env),128k(NAND.u-boot-env.backup1),8m(NAND.kernel),-(NAND.file-system)
nandargs=setenv bootargs console=${console} ${optargs} root=${nandroot} rootfstype=${nandrootfstype}
nandboot=echo Booting from nand ...; run nandargs; nand read ${fdtaddr} NAND.u-boot-spl-os; nand read ${loadaddr} NAND.kernel; bootz ${loadaddr} - ${fdtaddr}
nandroot=ubi0:rootfs rw ubi.mtd=NAND.file-system,2048
nandrootfstype=ubifs rootwait=1
netargs=setenv bootargs console=${console} ${optargs} root=/dev/nfs nfsroot=${serverip}:${rootpath},${nfsopts} rw ip=dhcp
netboot=echo Booting from network ...; setenv autoload no; dhcp; tftp ${loadaddr} ${bootfile}; tftp ${fdtaddr} ${fdtfile}; run netargs; bootz ${loadaddr} - ${fdtaddr}
nfsopts=nolock
partitions=uuid_disk=${uuid_gpt_disk};name=rootfs,start=2MiB,size=-,uuid=${uuid_gpt_rootfs}
ramargs=setenv bootargs console=${console} ${optargs} root=${ramroot} rootfstype=${ramrootfstype}
ramboot=echo Booting from ramdisk ...; run ramargs; bootz ${loadaddr} ${rdaddr} ${fdtaddr}
ramdisk_addr_r=0x88080000
ramroot=/dev/ram0 rw
ramrootfstype=ext2
rdaddr=0x88080000
rootpath=/export/rootfs
serverip=128.247.105.180
soc=am33xx
spiargs=setenv bootargs console=${console} ${optargs} root=${spiroot} rootfstype=${spirootfstype}
spiboot=echo Booting from spi ...; run spiargs; sf probe ${spibusno}:0; sf read ${loadaddr} ${spisrcaddr} ${spiimgsize}; bootz ${loadaddr}
spibusno=0
spiimgsize=0x362000
spiroot=/dev/mtdblock4 rw
spirootfstype=jffs2
spisrcaddr=0xe0000
static_ip=${ipaddr}:${serverip}:${gatewayip}:${netmask}:${hostname}::off
stderr=serial
stdin=serial
stdout=serial
usbnet_devaddr=c8:a0:30:a1:c2:d9
vendor=ti
ver=U-Boot 2014.07-g8f725ef (Oct 12 2014 - 06:28:07)
Environment size: 4469/131068 bytes
U-Boot# 
- 14:37:55 [INFO] Host: printenv
- 14:37:56 [INFO] Target: 
printenv
arch=arm
autoload=no
baudrate=115200
board=am335x
board_name=A33515BB
board_rev=1.5B
boot_fdt=try
bootargs=console=ttyO0,115200n8 earlyprintk rootwait  
bootcmd=
bootcount=1
bootdelay=1
bootdir=/boot
bootenv=uEnv.txt
bootfile=zImage
bootm_size=0x10000000
bootpart=0:2
console=ttyO0,115200n8
cpu=armv7
dfu_alt_info_emmc=rawemmc raw 0 3751936
dfu_alt_info_mmc=boot part 0 1;rootfs part 0 2;MLO fat 0 1;MLO.raw raw 0x100 0x100;u-boot.img.raw raw 0x300 0x400;spl-os-args.raw raw 0x80 0x80;spl-os-image.raw raw 0x900 0x2000;spl-os-args fat 0 1;spl-os-image fat 0 1;u-boot.img fat 0 1;uEnv.txt fat 0 1
dfu_alt_info_nand=SPL part 0 1;SPL.backup1 part 0 2;SPL.backup2 part 0 3;SPL.backup3 part 0 4;u-boot part 0 5;u-boot-spl-os part 0 6;kernel part 0 8;rootfs part 0 9
dfu_alt_info_ram=kernel ram 0x80200000 0xD80000;fdt ram 0x80F80000 0x80000;ramdisk ram 0x81000000 0x4000000
eth1addr=c8:a0:30:a1:c2:d9
ethact=cpsw
ethaddr=c8:a0:30:a1:c2:d7
fdt_addr_r=0x88000000
fdtaddr=0x88000000
fdtfile=undefined
findfdt=if test $board_name = A335BONE; then setenv fdtfile am335x-bone.dtb; fi; if test $board_name = A335BNLT; then setenv fdtfile am335x-boneblack.dtb; fi; if test $board_name = A33515BB; then setenv fdtfile am335x-evm.dtb; fi; if test $board_name = A335X_SK; then setenv fdtfile am335x-evmsk.dtb; fi; if test $fdtfile = undefined; then echo WARNING: Could not determine device tree to use; fi; 
importbootenv=echo Importing environment from mmc ...; env import -t -r $loadaddr $filesize
kernel_addr_r=0x82000000
loadaddr=0x82000000
loadbootenv=load mmc ${mmcdev} ${loadaddr} ${bootenv}
loadfdt=load mmc ${bootpart} ${fdtaddr} ${bootdir}/${fdtfile}
loadimage=load mmc ${bootpart} ${loadaddr} ${bootdir}/${bootfile}
loadramdisk=load mmc ${mmcdev} ${rdaddr} ramdisk.gz
mmcargs=setenv bootargs console=${console} ${optargs} root=${mmcroot} rootfstype=${mmcrootfstype}
mmcboot=mmc dev ${mmcdev}; if mmc rescan; then echo SD/MMC found on device ${mmcdev};if run loadbootenv; then echo Loaded environment from ${bootenv};run importbootenv;fi;if test -n $uenvcmd; then echo Running uenvcmd ...;run uenvcmd;fi;if run loadimage; then run mmcloados;fi;fi;
mmcdev=0
mmcloados=run mmcargs; if test ${boot_fdt} = yes || test ${boot_fdt} = try; then if run loadfdt; then bootz ${loadaddr} - ${fdtaddr}; else if test ${boot_fdt} = try; then bootz; else echo WARN: Cannot load the DT; fi; fi; else bootz; fi;
mmcroot=/dev/mmcblk0p2 ro
mmcrootfstype=ext4 rootwait
mtdids=nand0=nand.0
mtdparts=mtdparts=nand.0:128k(NAND.SPL),128k(NAND.SPL.backup1),128k(NAND.SPL.backup2),128k(NAND.SPL.backup3),256k(NAND.u-boot-spl-os),1m(NAND.u-boot),128k(NAND.u-boot-env),128k(NAND.u-boot-env.backup1),8m(NAND.kernel),-(NAND.file-system)
nandargs=setenv bootargs console=${console} ${optargs} root=${nandroot} rootfstype=${nandrootfstype}
nandboot=echo Booting from nand ...; run nandargs; nand read ${fdtaddr} NAND.u-boot-spl-os; nand read ${loadaddr} NAND.kernel; bootz ${loadaddr} - ${fdtaddr}
nandroot=ubi0:rootfs rw ubi.mtd=NAND.file-system,2048
nandrootfstype=ubifs rootwait=1
netargs=setenv bootargs console=${console} ${optargs} root=/dev/nfs nfsroot=${serverip}:${rootpath},${nfsopts} rw ip=dhcp
netboot=echo Booting from network ...; setenv autoload no; dhcp; tftp ${loadaddr} ${bootfile}; tftp ${fdtaddr} ${fdtfile}; run netargs; bootz ${loadaddr} - ${fdtaddr}
nfsopts=nolock
partitions=uuid_disk=${uuid_gpt_disk};name=rootfs,start=2MiB,size=-,uuid=${uuid_gpt_rootfs}
ramargs=setenv bootargs console=${console} ${optargs} root=${ramroot} rootfstype=${ramrootfstype}
ramboot=echo Booting from ramdisk ...; run ramargs; bootz ${loadaddr} ${rdaddr} ${fdtaddr}
ramdisk_addr_r=0x88080000
ramroot=/dev/ram0 rw
ramrootfstype=ext2
rdaddr=0x88080000
rootpath=/export/rootfs
serverip=128.247.105.180
soc=am33xx
spiargs=setenv bootargs console=${console} ${optargs} root=${spiroot} rootfstype=${spirootfstype}
spiboot=echo Booting from spi ...; run spiargs; sf probe ${spibusno}:0; sf read ${loadaddr} ${spisrcaddr} ${spiimgsize}; bootz ${loadaddr}
spibusno=0
spiimgsize=0x362000
spiroot=/dev/mtdblock4 rw
spirootfstype=jffs2
spisrcaddr=0xe0000
static_ip=${ipaddr}:${serverip}:${gatewayip}:${netmask}:${hostname}::off
stderr=serial
stdin=serial
stdout=serial
usbnet_devaddr=c8:a0:30:a1:c2:d9
vendor=ti
ver=U-Boot 2014.07-g8f725ef (Oct 12 2014 - 06:28:07)
Environment size: 4469/131068 bytes
U-Boot# 
- 14:37:56 [INFO] Host: setenv bootargs ''${bootargs}' ip=dhcp '
- 14:37:56 [INFO] Target: 
setenv bootargs ''${bootargs}' ip=dhcp '
U-Boot# 
- 14:37:56 [INFO] Host: setenv serverip '128.247.105.180'
- 14:37:57 [INFO] Target: 
setenv serverip '128.247.105.180'
U-Boot# 
- 14:37:57 [INFO] Host: setenv ipaddr dhcp
- 14:37:57 [INFO] Target: 
setenv ipaddr dhcp
U-Boot# 
- 14:37:57 [INFO] Host: setenv autoload 'no'
- 14:37:58 [INFO] Target: 
setenv autoload 'no'
U-Boot# 
- 14:37:58 [INFO] Host: dhcp
- 14:37:59 [INFO] Target: 
dhcp
link up on port 0, speed 1000, full duplex
BOOTP broadcast 1
DHCP client bound to address 128.247.105.65
U-Boot# 
- 14:37:59 [INFO] Host: setenv serverip '128.247.105.180'
- 14:38:00 [INFO] Target: 
setenv serverip '128.247.105.180'
U-Boot# 
- 14:38:00 [INFO] Host: tftp ${loadaddr} 128.247.105.180:vatf_am335x-evm/01db2d71cc45fe4b66f52ec5b2941a75
- 14:38:01 [INFO] Target: 
tftp ${loadaddr} 128.247.105.180:vatf_am335x-evm/01db2d71cc45fe4b66f52ec5b2941a75
link up on port 0, speed 1000, full duplex
Using cpsw device
TFTP from server 128.247.105.180; our IP address is 128.247.105.65
Filename 'vatf_am335x-evm/01db2d71cc45fe4b66f52ec5b2941a75'.
Load address: 0x82000000
Loading: *#################################################################
	 #################################################################
	 #################################################################
	 #################################################################
	 #################################################################
	 #################################################################
	 #####
	 9 MiB/s
done
Bytes transferred = 5787064 (584db8 hex)
U-Boot# 
- 14:38:01 [INFO] Host: tftp ${fdt_addr_r} 128.247.105.180:vatf_am335x-evm/b35fd0835feb81970ba6e2921604f8c9
- 14:38:01 [INFO] Target: 
tftp ${fdt_addr_r} 128.247.105.180:vatf_am335x-evm/b35fd0835feb81970ba6e2921604f8c9
link up on port 0, speed 1000, full duplex
Using cpsw device
TFTP from server 128.247.105.180; our IP address is 128.247.105.65
Filename 'vatf_am335x-evm/b35fd0835feb81970ba6e2921604f8c9'.
Load address: 0x88000000
Loading: *###
	 8.5 MiB/s
done
Bytes transferred = 35491 (8aa3 hex)
U-Boot# 
- 14:38:01 [INFO] Host: ls mmc 0:1
- 14:38:02 [INFO] Target: 
ls mmc 0:1
    77172   mlo 
   446176   u-boot.img 
  4605619   ramdisk.gz 
        0   pointercal 
  5114552   zimage 
    30502   am335x-evm-profile1.dtb 
    30446   am335x-evm.dtb 
    13276   ramdisk.gz.old 
       15   .ipaddr 
        4   ws-calibrate.rules 
10 file(s), 0 dir(s)
U-Boot# 
- 14:38:02 [INFO] Host: ls mmc 0:2
- 14:38:02 [INFO] Target: 
ls mmc 0:2
<DIR>       4096 .
<DIR>       4096 ..
<DIR>       4096 bin
<DIR>       4096 boot
<DIR>       4096 dev
<DIR>       4096 etc
<DIR>       4096 home
<DIR>       4096 lib
<DIR>       4096 media
<DIR>       4096 mnt
<DIR>       4096 opt
<DIR>       4096 proc
<DIR>       4096 sbin
<DIR>       4096 srv
<DIR>       4096 sys
<SYM>          8 tmp
<DIR>       4096 usr
<DIR>       4096 var
<DIR>       4096 www
<SYM>          8 run
<DIR>       4096 Settings
<DIR>       4096 debug
<DIR>       4096 test
U-Boot# 
- 14:38:02 [INFO] Host: part uuid mmc 0:2
- 14:38:03 [INFO] Target: 
part uuid mmc 0:2
00000000-02
U-Boot# 
- 14:38:03 [INFO] Host: printenv
- 14:38:03 [INFO] Target: 
printenv
arch=arm
autoload=no
baudrate=115200
board=am335x
board_name=A33515BB
board_rev=1.5B
boot_fdt=try
bootargs=console=ttyO0,115200n8 earlyprintk rootwait   ip=dhcp 
bootcmd=
bootcount=1
bootdelay=1
bootdir=/boot
bootenv=uEnv.txt
bootfile=zImage
bootm_size=0x10000000
bootpart=0:2
console=ttyO0,115200n8
cpu=armv7
dfu_alt_info_emmc=rawemmc raw 0 3751936
dfu_alt_info_mmc=boot part 0 1;rootfs part 0 2;MLO fat 0 1;MLO.raw raw 0x100 0x100;u-boot.img.raw raw 0x300 0x400;spl-os-args.raw raw 0x80 0x80;spl-os-image.raw raw 0x900 0x2000;spl-os-args fat 0 1;spl-os-image fat 0 1;u-boot.img fat 0 1;uEnv.txt fat 0 1
dfu_alt_info_nand=SPL part 0 1;SPL.backup1 part 0 2;SPL.backup2 part 0 3;SPL.backup3 part 0 4;u-boot part 0 5;u-boot-spl-os part 0 6;kernel part 0 8;rootfs part 0 9
dfu_alt_info_ram=kernel ram 0x80200000 0xD80000;fdt ram 0x80F80000 0x80000;ramdisk ram 0x81000000 0x4000000
dnsip=192.0.2.2
dnsip2=192.0.2.3
eth1addr=c8:a0:30:a1:c2:d9
ethact=cpsw
ethaddr=c8:a0:30:a1:c2:d7
fdt_addr_r=0x88000000
fdtaddr=0x88000000
fdtfile=undefined
fileaddr=88000000
filesize=8aa3
findfdt=if test $board_name = A335BONE; then setenv fdtfile am335x-bone.dtb; fi; if test $board_name = A335BNLT; then setenv fdtfile am335x-boneblack.dtb; fi; if test $board_name = A33515BB; then setenv fdtfile am335x-evm.dtb; fi; if test $board_name = A335X_SK; then setenv fdtfile am335x-evmsk.dtb; fi; if test $fdtfile = undefined; then echo WARNING: Could not determine device tree to use; fi; 
gatewayip=128.247.104.1
importbootenv=echo Importing environment from mmc ...; env import -t -r $loadaddr $filesize
ipaddr=128.247.105.65
kernel_addr_r=0x82000000
loadaddr=0x82000000
loadbootenv=load mmc ${mmcdev} ${loadaddr} ${bootenv}
loadfdt=load mmc ${bootpart} ${fdtaddr} ${bootdir}/${fdtfile}
loadimage=load mmc ${bootpart} ${loadaddr} ${bootdir}/${bootfile}
loadramdisk=load mmc ${mmcdev} ${rdaddr} ramdisk.gz
mmcargs=setenv bootargs console=${console} ${optargs} root=${mmcroot} rootfstype=${mmcrootfstype}
mmcboot=mmc dev ${mmcdev}; if mmc rescan; then echo SD/MMC found on device ${mmcdev};if run loadbootenv; then echo Loaded environment from ${bootenv};run importbootenv;fi;if test -n $uenvcmd; then echo Running uenvcmd ...;run uenvcmd;fi;if run loadimage; then run mmcloados;fi;fi;
mmcdev=0
mmcloados=run mmcargs; if test ${boot_fdt} = yes || test ${boot_fdt} = try; then if run loadfdt; then bootz ${loadaddr} - ${fdtaddr}; else if test ${boot_fdt} = try; then bootz; else echo WARN: Cannot load the DT; fi; fi; else bootz; fi;
mmcroot=/dev/mmcblk0p2 ro
mmcrootfstype=ext4 rootwait
mtdids=nand0=nand.0
mtdparts=mtdparts=nand.0:128k(NAND.SPL),128k(NAND.SPL.backup1),128k(NAND.SPL.backup2),128k(NAND.SPL.backup3),256k(NAND.u-boot-spl-os),1m(NAND.u-boot),128k(NAND.u-boot-env),128k(NAND.u-boot-env.backup1),8m(NAND.kernel),-(NAND.file-system)
nandargs=setenv bootargs console=${console} ${optargs} root=${nandroot} rootfstype=${nandrootfstype}
nandboot=echo Booting from nand ...; run nandargs; nand read ${fdtaddr} NAND.u-boot-spl-os; nand read ${loadaddr} NAND.kernel; bootz ${loadaddr} - ${fdtaddr}
nandroot=ubi0:rootfs rw ubi.mtd=NAND.file-system,2048
nandrootfstype=ubifs rootwait=1
netargs=setenv bootargs console=${console} ${optargs} root=/dev/nfs nfsroot=${serverip}:${rootpath},${nfsopts} rw ip=dhcp
netboot=echo Booting from network ...; setenv autoload no; dhcp; tftp ${loadaddr} ${bootfile}; tftp ${fdtaddr} ${fdtfile}; run netargs; bootz ${loadaddr} - ${fdtaddr}
netmask=255.255.254.0
nfsopts=nolock
partitions=uuid_disk=${uuid_gpt_disk};name=rootfs,start=2MiB,size=-,uuid=${uuid_gpt_rootfs}
ramargs=setenv bootargs console=${console} ${optargs} root=${ramroot} rootfstype=${ramrootfstype}
ramboot=echo Booting from ramdisk ...; run ramargs; bootz ${loadaddr} ${rdaddr} ${fdtaddr}
ramdisk_addr_r=0x88080000
ramroot=/dev/ram0 rw
ramrootfstype=ext2
rdaddr=0x88080000
rootpath=/export/rootfs
serverip=128.247.105.180
soc=am33xx
spiargs=setenv bootargs console=${console} ${optargs} root=${spiroot} rootfstype=${spirootfstype}
spiboot=echo Booting from spi ...; run spiargs; sf probe ${spibusno}:0; sf read ${loadaddr} ${spisrcaddr} ${spiimgsize}; bootz ${loadaddr}
spibusno=0
spiimgsize=0x362000
spiroot=/dev/mtdblock4 rw
spirootfstype=jffs2
spisrcaddr=0xe0000
static_ip=${ipaddr}:${serverip}:${gatewayip}:${netmask}:${hostname}::off
stderr=serial
stdin=serial
stdout=serial
usbnet_devaddr=c8:a0:30:a1:c2:d9
vendor=ti
ver=U-Boot 2014.07-g8f725ef (Oct 12 2014 - 06:28:07)
Environment size: 4625/131068 bytes
U-Boot# 
- 14:38:03 [INFO] Host: setenv bootargs ''${bootargs}' root=PARTUUID=00000000-02 rw rootfstype=ext4 rootwait '
- 14:38:04 [INFO] Target: 
setenv bootargs ''${bootargs}' root=PARTUUID=00000000-02 rw rootfstype=ext4 rootwait '
U-Boot# 
- 14:38:04 [INFO] Host: printenv
- 14:38:04 [INFO] Target: 
printenv
arch=arm
autoload=no
baudrate=115200
board=am335x
board_name=A33515BB
board_rev=1.5B
boot_fdt=try
bootargs=console=ttyO0,115200n8 earlyprintk rootwait   ip=dhcp  root=PARTUUID=00000000-02 rw rootfstype=ext4 rootwait 
bootcmd=
bootcount=1
bootdelay=1
bootdir=/boot
bootenv=uEnv.txt
bootfile=zImage
bootm_size=0x10000000
bootpart=0:2
console=ttyO0,115200n8
cpu=armv7
dfu_alt_info_emmc=rawemmc raw 0 3751936
dfu_alt_info_mmc=boot part 0 1;rootfs part 0 2;MLO fat 0 1;MLO.raw raw 0x100 0x100;u-boot.img.raw raw 0x300 0x400;spl-os-args.raw raw 0x80 0x80;spl-os-image.raw raw 0x900 0x2000;spl-os-args fat 0 1;spl-os-image fat 0 1;u-boot.img fat 0 1;uEnv.txt fat 0 1
dfu_alt_info_nand=SPL part 0 1;SPL.backup1 part 0 2;SPL.backup2 part 0 3;SPL.backup3 part 0 4;u-boot part 0 5;u-boot-spl-os part 0 6;kernel part 0 8;rootfs part 0 9
dfu_alt_info_ram=kernel ram 0x80200000 0xD80000;fdt ram 0x80F80000 0x80000;ramdisk ram 0x81000000 0x4000000
dnsip=192.0.2.2
dnsip2=192.0.2.3
eth1addr=c8:a0:30:a1:c2:d9
ethact=cpsw
ethaddr=c8:a0:30:a1:c2:d7
fdt_addr_r=0x88000000
fdtaddr=0x88000000
fdtfile=undefined
fileaddr=88000000
filesize=8aa3
findfdt=if test $board_name = A335BONE; then setenv fdtfile am335x-bone.dtb; fi; if test $board_name = A335BNLT; then setenv fdtfile am335x-boneblack.dtb; fi; if test $board_name = A33515BB; then setenv fdtfile am335x-evm.dtb; fi; if test $board_name = A335X_SK; then setenv fdtfile am335x-evmsk.dtb; fi; if test $fdtfile = undefined; then echo WARNING: Could not determine device tree to use; fi; 
gatewayip=128.247.104.1
importbootenv=echo Importing environment from mmc ...; env import -t -r $loadaddr $filesize
ipaddr=128.247.105.65
kernel_addr_r=0x82000000
loadaddr=0x82000000
loadbootenv=load mmc ${mmcdev} ${loadaddr} ${bootenv}
loadfdt=load mmc ${bootpart} ${fdtaddr} ${bootdir}/${fdtfile}
loadimage=load mmc ${bootpart} ${loadaddr} ${bootdir}/${bootfile}
loadramdisk=load mmc ${mmcdev} ${rdaddr} ramdisk.gz
mmcargs=setenv bootargs console=${console} ${optargs} root=${mmcroot} rootfstype=${mmcrootfstype}
mmcboot=mmc dev ${mmcdev}; if mmc rescan; then echo SD/MMC found on device ${mmcdev};if run loadbootenv; then echo Loaded environment from ${bootenv};run importbootenv;fi;if test -n $uenvcmd; then echo Running uenvcmd ...;run uenvcmd;fi;if run loadimage; then run mmcloados;fi;fi;
mmcdev=0
mmcloados=run mmcargs; if test ${boot_fdt} = yes || test ${boot_fdt} = try; then if run loadfdt; then bootz ${loadaddr} - ${fdtaddr}; else if test ${boot_fdt} = try; then bootz; else echo WARN: Cannot load the DT; fi; fi; else bootz; fi;
mmcroot=/dev/mmcblk0p2 ro
mmcrootfstype=ext4 rootwait
mtdids=nand0=nand.0
mtdparts=mtdparts=nand.0:128k(NAND.SPL),128k(NAND.SPL.backup1),128k(NAND.SPL.backup2),128k(NAND.SPL.backup3),256k(NAND.u-boot-spl-os),1m(NAND.u-boot),128k(NAND.u-boot-env),128k(NAND.u-boot-env.backup1),8m(NAND.kernel),-(NAND.file-system)
nandargs=setenv bootargs console=${console} ${optargs} root=${nandroot} rootfstype=${nandrootfstype}
nandboot=echo Booting from nand ...; run nandargs; nand read ${fdtaddr} NAND.u-boot-spl-os; nand read ${loadaddr} NAND.kernel; bootz ${loadaddr} - ${fdtaddr}
nandroot=ubi0:rootfs rw ubi.mtd=NAND.file-system,2048
nandrootfstype=ubifs rootwait=1
netargs=setenv bootargs console=${console} ${optargs} root=/dev/nfs nfsroot=${serverip}:${rootpath},${nfsopts} rw ip=dhcp
netboot=echo Booting from network ...; setenv autoload no; dhcp; tftp ${loadaddr} ${bootfile}; tftp ${fdtaddr} ${fdtfile}; run netargs; bootz ${loadaddr} - ${fdtaddr}
netmask=255.255.254.0
nfsopts=nolock
partitions=uuid_disk=${uuid_gpt_disk};name=rootfs,start=2MiB,size=-,uuid=${uuid_gpt_rootfs}
ramargs=setenv bootargs console=${console} ${optargs} root=${ramroot} rootfstype=${ramrootfstype}
ramboot=echo Booting from ramdisk ...; run ramargs; bootz ${loadaddr} ${rdaddr} ${fdtaddr}
ramdisk_addr_r=0x88080000
ramroot=/dev/ram0 rw
ramrootfstype=ext2
rdaddr=0x88080000
rootpath=/export/rootfs
serverip=128.247.105.180
soc=am33xx
spiargs=setenv bootargs console=${console} ${optargs} root=${spiroot} rootfstype=${spirootfstype}
spiboot=echo Booting from spi ...; run spiargs; sf probe ${spibusno}:0; sf read ${loadaddr} ${spisrcaddr} ${spiimgsize}; bootz ${loadaddr}
spibusno=0
spiimgsize=0x362000
spiroot=/dev/mtdblock4 rw
spirootfstype=jffs2
spisrcaddr=0xe0000
static_ip=${ipaddr}:${serverip}:${gatewayip}:${netmask}:${hostname}::off
stderr=serial
stdin=serial
stdout=serial
usbnet_devaddr=c8:a0:30:a1:c2:d9
vendor=ti
ver=U-Boot 2014.07-g8f725ef (Oct 12 2014 - 06:28:07)
Environment size: 4680/131068 bytes
U-Boot# 
- 14:38:04 [INFO] Host: setenv bootcmd ''${bootcmd}' if iminfo ${loadaddr}; then bootm ${loadaddr} - ${fdt_addr_r}; else bootz ${loadaddr} - ${fdt_addr_r}; bootm ${loadaddr} - ${fdt_addr_r}; fi'
- 14:38:05 [INFO] Target: 
setenv bootcmd ''${bootcmd}' if iminfo ${loadaddr}; then bootm ${loadaddr} - ${fdt_addr_r}; else bootz ${loadaddr} - ${fdt_addr_r}; bootm ${loadaddr} - ${fdt_addr_r}; fi'
U-Boot# 
- 14:38:05 [INFO] Host: bdinfo
- 14:38:05 [INFO] Target: 
bdinfo
arch_number = 0x00000E05
boot_params = 0x80000100
DRAM bank   = 0x00000000
-> start    = 0x80000000
-> size     = 0x40000000
eth0name    = cpsw
ethaddr     = c8:a0:30:a1:c2:d7
eth1name    = usb_ether
eth1addr    = c8:a0:30:a1:c2:d9
current eth = cpsw
ip_addr     = 128.247.105.65
baudrate    = 115200 bps
TLB addr    = 0xBFFF0000
relocaddr   = 0xBF741000
reloc off   = 0x3EF41000
irq_sp      = 0xBE720EE0
sp start    = 0xBE720ED0
U-Boot# 
- 14:38:05 [INFO] Host: mmc rescan
- 14:38:06 [INFO] Target: 
mmc rescan
U-Boot# 
- 14:38:06 [INFO] Host: fatwrite mmc ${mmcdev}:1 ${loadaddr} ws-calibrate.rules 4
- 14:38:06 [INFO] Target: 
fatwrite mmc ${mmcdev}:1 ${loadaddr} ws-calibrate.rules 4
writing ws-calibrate.rules
4 bytes written
U-Boot# 
- 14:38:06 [INFO] Host: boot
- 14:40:36 [ERROR] On command: boot waiting for boot.+?(?-mix:.*\s+login) >>> error: execution expired
- 14:40:36 [INFO] Target: 
boot
## Checking Image at 82000000 ...
Unknown image format!
Kernel image @ 0x82000000 [ 0x000000 - 0x584db8 ]
## Flattened Device Tree blob at 88000000
   Booting using the fdt blob at 0x88000000
   Loading Device Tree to 8fff4000, end 8ffffaa2 ... OK
Starting kernel ...
[    0.000000] Booting Linux on physical CPU 0x0
[    0.000000] Linux version 3.19.0-rc6-next-20150127-00002-g1025b8bcc97a (nmenon@kahuna) (gcc version 4.6.3 (Ubuntu/Linaro 4.6.3-1ubuntu5) ) #1 SMP Tue Jan 27 06:05:48 CST 2015
[    0.000000] CPU: ARMv7 Processor [413fc082] revision 2 (ARMv7), cr=10c5387d
[    0.000000] CPU: PIPT / VIPT nonaliasing data cache, VIPT aliasing instruction cache
[    0.000000] Machine model: TI AM335x EVM
[    0.000000] cma: Reserved 64 MiB at 0xbb800000
[    0.000000] Memory policy: Data cache writeback
[    0.000000] CPU: All CPU(s) started in SVC mode.
[    0.000000] AM335X ES2.1 (sgx neon )
[    0.000000] PERCPU: Embedded 11 pages/cpu @eefcc000 s13056 r8192 d23808 u45056
[    0.000000] Built 1 zonelists in Zone order, mobility grouping on.  Total pages: 260368
[    0.000000] Kernel command line: console=ttyO0,115200n8 earlyprintk rootwait   ip=dhcp  root=PARTUUID=00000000-02 rw rootfstype=ext4 rootwait 
[    0.000000] PID hash table entries: 4096 (order: 2, 16384 bytes)
[    0.000000] Dentry cache hash table entries: 131072 (order: 7, 524288 bytes)
[    0.000000] Inode-cache hash table entries: 65536 (order: 6, 262144 bytes)
[    0.000000] Memory: 960036K/1047552K available (7583K kernel code, 946K rwdata, 3132K rodata, 780K init, 307K bss, 21980K reserved, 65536K cma-reserved, 203776K highmem)
[    0.000000] Virtual kernel memory layout:
[    0.000000]     vector  : 0xffff0000 - 0xffff1000   (   4 kB)
[    0.000000]     fixmap  : 0xffc00000 - 0xfff00000   (3072 kB)
[    0.000000]     vmalloc : 0xf0000000 - 0xff000000   ( 240 MB)
[    0.000000]     lowmem  : 0xc0000000 - 0xef800000   ( 760 MB)
[    0.000000]     pkmap   : 0xbfe00000 - 0xc0000000   (   2 MB)
[    0.000000]     modules : 0xbf000000 - 0xbfe00000   (  14 MB)
[    0.000000]       .text : 0xc0208000 - 0xc0c7ef70   (10716 kB)
[    0.000000]       .init : 0xc0c7f000 - 0xc0d42000   ( 780 kB)
[    0.000000]       .data : 0xc0d42000 - 0xc0e2ea20   ( 947 kB)
[    0.000000]        .bss : 0xc0e2ea20 - 0xc0e7b920   ( 308 kB)
[    0.000000] SLUB: HWalign=64, Order=0-3, MinObjects=0, CPUs=1, Nodes=1
[    0.000000] Hierarchical RCU implementation.
[    0.000000] 	Additional per-CPU info printed with stalls.
[    0.000000] 	RCU restricting CPUs from NR_CPUS=8 to nr_cpu_ids=1.
[    0.000000] RCU: Adjusting geometry for rcu_fanout_leaf=16, nr_cpu_ids=1
[    0.000000] NR_IRQS:16 nr_irqs:16 16
[    0.000000] IRQ: Found an INTC at 0xfa200000 (revision 5.0) with 128 interrupts
[    0.000000] OMAP clockevent source: timer2 at 24000000 Hz
[    0.000014] sched_clock: 32 bits at 24MHz, resolution 41ns, wraps every 178956969942ns
[    0.000034] OMAP clocksource: timer1 at 24000000 Hz
[    0.000221] Console: colour dummy device 80x30
[    0.000254] Calibrating delay loop... 997.78 BogoMIPS (lpj=2494464)
[    0.059368] pid_max: default: 32768 minimum: 301
[    0.059507] Mount-cache hash table entries: 2048 (order: 1, 8192 bytes)
[    0.059518] Mountpoint-cache hash table entries: 2048 (order: 1, 8192 bytes)
[    0.060220] CPU: Testing write buffer coherency: ok
[    0.060562] CPU0: thread -1, cpu 0, socket -1, mpidr 0
[    0.060662] Setting up static identity map for 0x8092b1a0 - 0x8092b238
[    0.062687] Brought up 1 CPUs
[    0.062706] SMP: Total of 1 processors activated (997.78 BogoMIPS).
[    0.062714] CPU: All CPU(s) started in SVC mode.
[    0.063319] devtmpfs: initialized
[    0.064113] VFP support v0.3: implementor 41 architecture 3 part 30 variant c rev 3
[    0.073880] omap_hwmod: tptc0 using broken dt data from edma
[    0.073991] omap_hwmod: tptc1 using broken dt data from edma
[    0.074085] omap_hwmod: tptc2 using broken dt data from edma
[    0.078600] omap_hwmod: debugss: _wait_target_disable failed
[    0.137528] pinctrl core: initialized pinctrl subsystem
[    0.149257] NET: Registered protocol family 16
[    0.151699] DMA: preallocated 256 KiB pool for atomic coherent allocations
[    0.153594] cpuidle: using governor ladder
[    0.153614] cpuidle: using governor menu
[    0.156981] OMAP GPIO hardware version 0.1
[    0.164142] omap-gpmc 50000000.gpmc: could not find pctldev for node /pinmux@44e10800/nandflash_pins_s0, deferring probe
[    0.164172] platform 50000000.gpmc: Driver omap-gpmc requests probe deferral
[    0.166877] No ATAGs?
[    0.166905] hw-breakpoint: debug architecture 0x4 unsupported.
[    0.170670] Serial: AMBA PL011 UART driver
[    0.188707] edma-dma-engine edma-dma-engine.0: TI EDMA DMA engine driver
[    0.192083] vgaarb: loaded
[    0.192819] SCSI subsystem initialized
[    0.193471] usbcore: registered new interface driver usbfs
[    0.193541] usbcore: registered new interface driver hub
[    0.193602] usbcore: registered new device driver usb
[    0.194301] omap_i2c 44e0b000.i2c: could not find pctldev for node /pinmux@44e10800/pinmux_i2c0_pins, deferring probe
[    0.194329] platform 44e0b000.i2c: Driver omap_i2c requests probe deferral
[    0.194437] omap_i2c 4802a000.i2c: could not find pctldev for node /pinmux@44e10800/pinmux_i2c1_pins, deferring probe
[    0.194452] platform 4802a000.i2c: Driver omap_i2c requests probe deferral
[    0.194865] Linux video capture interface: v2.00
[    0.194915] pps_core: LinuxPPS API ver. 1 registered
[    0.194922] pps_core: Software ver. 5.3.6 - Copyright 2005-2007 Rodolfo Giometti <giometti@linux.it>
[    0.194950] PTP clock support registered
[    0.195158] EDAC MC: Ver: 3.0.0
[    0.195846] Advanced Linux Sound Architecture Driver Initialized.
[    0.197261] Switched to clocksource timer1
[    0.207786] NET: Registered protocol family 2
[    0.208495] TCP established hash table entries: 8192 (order: 3, 32768 bytes)
[    0.208573] TCP bind hash table entries: 8192 (order: 4, 65536 bytes)
[    0.208682] TCP: Hash tables configured (established 8192 bind 8192)
[    0.208784] TCP: reno registered
[    0.208799] UDP hash table entries: 512 (order: 2, 16384 bytes)
[    0.208828] UDP-Lite hash table entries: 512 (order: 2, 16384 bytes)
[    0.209019] NET: Registered protocol family 1
[    0.209469] RPC: Registered named UNIX socket transport module.
[    0.209484] RPC: Registered udp transport module.
[    0.209489] RPC: Registered tcp transport module.
[    0.209496] RPC: Registered tcp NFSv4.1 backchannel transport module.
[    0.210505] hw perfevents: enabled with armv7_cortex_a8 PMU driver, 5 counters available
[    0.212569] futex hash table entries: 256 (order: 2, 16384 bytes)
[    0.224975] squashfs: version 4.0 (2009/01/31) Phillip Lougher
[    0.225853] NFS: Registering the id_resolver key type
[    0.225943] Key type id_resolver registered
[    0.225950] Key type id_legacy registered
[    0.226032] ntfs: driver 2.1.31 [Flags: R/O].
[    0.227534] bounce: pool size: 64 pages
[    0.227803] Block layer SCSI generic (bsg) driver version 0.4 loaded (major 249)
[    0.227828] io scheduler noop registered
[    0.227842] io scheduler deadline registered
[    0.228033] io scheduler cfq registered (default)
[    0.230979] pinctrl-single 44e10800.pinmux: 142 pins at pa f9e10800 size 568
[    0.235106] backlight supply power not found, using dummy regulator
[    0.235259] pwm-backlight backlight: unable to request PWM, trying legacy API
[    0.235273] pwm-backlight backlight: unable to request legacy PWM
[    0.235368] platform backlight: Driver pwm-backlight requests probe deferral
[    0.294592] Serial: 8250/16550 driver, 4 ports, IRQ sharing disabled
[    0.297460] msm_serial: driver initialized
[    0.298016] omap_uart 44e09000.serial: no wakeirq for uart0
[    0.298203] 44e09000.serial: ttyO0 at MMIO 0x44e09000 (irq = 154, base_baud = 3000000) is a OMAP UART0
[    1.008083] console [ttyO0] enabled
[    1.012377] STMicroelectronics ASC driver initialized
[    1.018659] [drm] Initialized drm 1.1.0 20060810
[    1.030434] loop: module loaded
[    1.038864] CAN device driver interface
[    1.043806] igb: Intel(R) Gigabit Ethernet Network Driver - version 5.2.15-k
[    1.051239] igb: Copyright (c) 2007-2014 Intel Corporation.
[    1.058451] pegasus: v0.9.3 (2013/04/25), Pegasus/Pegasus II USB Ethernet driver
[    1.066330] usbcore: registered new interface driver pegasus
[    1.072369] usbcore: registered new interface driver asix
[    1.078102] usbcore: registered new interface driver ax88179_178a
[    1.084557] usbcore: registered new interface driver cdc_ether
[    1.090755] usbcore: registered new interface driver smsc75xx
[    1.096862] usbcore: registered new interface driver smsc95xx
[    1.102959] usbcore: registered new interface driver net1080
[    1.108962] usbcore: registered new interface driver cdc_subset
[    1.115232] usbcore: registered new interface driver zaurus
[    1.121199] usbcore: registered new interface driver cdc_ncm
[    1.128120] ehci_hcd: USB 2.0 'Enhanced' Host Controller (EHCI) Driver
[    1.135011] ehci-pci: EHCI PCI platform driver
[    1.139747] ehci-platform: EHCI generic platform driver
[    1.145407] ehci-omap: OMAP-EHCI Host Controller driver
[    1.151023] ehci-orion: EHCI orion driver
[    1.155353] SPEAr-ehci: EHCI SPEAr driver
[    1.159682] ehci-st: EHCI STMicroelectronics driver
[    1.164919] ehci-exynos: EHCI EXYNOS driver
[    1.169447] tegra-ehci: Tegra EHCI driver
[    1.173802] ohci_hcd: USB 1.1 'Open' Host Controller (OHCI) Driver
[    1.180335] ohci-pci: OHCI PCI platform driver
[    1.185080] ohci-platform: OHCI generic platform driver
[    1.190738] ohci-omap3: OHCI OMAP3 driver
[    1.195090] SPEAr-ohci: OHCI SPEAr driver
[    1.199428] ohci-st: OHCI STMicroelectronics driver
[    1.205070] usbcore: registered new interface driver usb-storage
[    1.213138] mousedev: PS/2 mouse device common for all mice
[    1.222019] i2c /dev entries driver
[    1.226943] usbcore: registered new interface driver uvcvideo
[    1.233021] USB Video Class driver (1.1.1)
[    1.237334] gspca_main: v2.14.0 registered
[    1.244601] Driver 'mmcblk' needs updating - please use bus_type methods
[    1.251779] sdhci: Secure Digital Host Controller Interface driver
[    1.258279] sdhci: Copyright(c) Pierre Ossman
[    1.263785] omap_hsmmc 48060000.mmc: Got CD GPIO
[    1.269132] omap_hsmmc 48060000.mmc: unable to get vmmc regulator -517
[    1.276164] platform 48060000.mmc: Driver omap_hsmmc requests probe deferral
[    1.283985] Synopsys Designware Multimedia Card Interface Driver
[    1.291090] sdhci-pltfm: SDHCI platform and OF driver helper
[    1.298178] ledtrig-cpu: registered to indicate activity on CPUs
[    1.304799] usbcore: registered new interface driver usbhid
[    1.310673] usbhid: USB HID core driver
[    1.317801] usbcore: registered new interface driver snd-usb-audio
[    1.327378] TCP: cubic registered
[    1.330883] NET: Registered protocol family 17
[    1.335603] can: controller area network core (rev 20120528 abi 9)
[    1.342205] NET: Registered protocol family 29
[    1.346894] can: raw protocol (rev 20120528)
[    1.351391] can: broadcast manager protocol (rev 20120528 t)
[    1.357350] can: netlink gateway (rev 20130117) max_hops=1
[    1.363694] Key type dns_resolver registered
[    1.368453] omap_voltage_late_init: Voltage driver support not added
[    1.375800] platform cpufreq-dt.0: Driver cpufreq-dt requests probe deferral
[    1.383526] ThumbEE CPU extension supported.
[    1.388060] Registering SWP/SWPB emulation handler
[    1.395472] omap-gpmc 50000000.gpmc: GPMC revision 6.0
[    1.422449] tps65910 0-002d: No interrupt support, no core IRQ
[    1.432998] vrtc: supplied by vbat
[    1.438282] vio: supplied by vbat
[    1.443556] vdd_mpu: supplied by vbat
[    1.449211] vdd_core: supplied by vbat
[    1.455872] vdig1: supplied by vbat
[    1.460931] vdig2: supplied by vbat
[    1.465985] vpll: supplied by vbat
[    1.470935] vdac: supplied by vbat
[    1.475888] vaux1: supplied by vbat
[    1.480938] vaux2: supplied by vbat
[    1.485972] vaux33: supplied by vbat
[    1.491117] vmmc: supplied by vbat
[    1.496004] vbb: supplied by vbat
[    1.501408] tps65910-rtc tps65910-rtc: IRQ is not free.
[    1.506957] tps65910-rtc: probe of tps65910-rtc failed with error -22
[    1.514408] omap_i2c 44e0b000.i2c: bus 0 rev0.11 at 400 kHz
[    1.522448] omap_i2c 4802a000.i2c: bus 1 rev0.11 at 100 kHz
[    1.528954] backlight supply power not found, using dummy regulator
[    1.535749] pwm-backlight backlight: unable to request PWM, trying legacy API
[    1.543276] pwm-backlight backlight: unable to request legacy PWM
[    1.549764] platform backlight: Driver pwm-backlight requests probe deferral
[    1.559138] omap_hsmmc 48060000.mmc: Got CD GPIO
[    1.593555] cpufreq: __cpufreq_add_dev: CPU0: Running at unlisted freq: 1000000 KHz
[    1.602224] cpufreq: __cpufreq_add_dev: CPU0: Unlisted initial frequency changed to: 720000 KHz
[    1.612460] backlight supply power not found, using dummy regulator
[    1.619234] pwm-backlight backlight: unable to request PWM, trying legacy API
[    1.626752] pwm-backlight backlight: unable to request legacy PWM
[    1.633245] platform backlight: Driver pwm-backlight requests probe deferral
[    1.697296] davinci_mdio 4a101000.mdio: davinci mdio revision 1.6
[    1.703766] davinci_mdio 4a101000.mdio: detected phy mask fffffffe
[    1.711251] libphy: 4a101000.mdio: probed
[    1.715568] davinci_mdio 4a101000.mdio: phy[0]: device 4a101000.mdio:00, driver Atheros 8031 ethernet
[    1.726811] cpsw 4a100000.ethernet: Detected MACID = c8:a0:30:a1:c2:d7
[    1.736039] input: volume_keys@0 as /devices/platform/volume_keys@0/input/input0
[    1.744910] backlight supply power not found, using dummy regulator
[    1.751754] pwm-backlight backlight: unable to request PWM, trying legacy API
[    1.759284] pwm-backlight backlight: unable to request legacy PWM
[    1.765795] platform backlight: Driver pwm-backlight requests probe deferral
[    1.774631] drivers/rtc/hctosys.c: unable to open rtc device (rtc0)
[    1.787433] net eth0: initializing cpsw version 1.12 (0)
[    1.795846] backlight supply power not found, using dummy regulator
[    1.802713] pwm-backlight backlight: unable to request PWM, trying legacy API
[    1.810245] pwm-backlight backlight: unable to request legacy PWM
[    1.816747] platform backlight: Driver pwm-backlight requests probe deferral
[    1.831649] mmc0: host does not support reading read-only switch, assuming write-enable
[    1.842924] mmc0: new high speed SDHC card at address aaaa
[    1.849546] mmcblk0: mmc0:aaaa SU08G 7.40 GiB 
[    1.856054]  mmcblk0: p1 p2 p3
[    1.860329] net eth0: phy found : id is : 0x4dd074
[    1.865534] libphy: PHY 4a101000.mdio:01 not found
[    1.870602] net eth0: phy 4a101000.mdio:01 not found on slave 1
[    1.882775] backlight supply power not found, using dummy regulator
[    1.889611] pwm-backlight backlight: unable to request PWM, trying legacy API
[    1.897134] pwm-backlight backlight: unable to request legacy PWM
[    1.903636] platform backlight: Driver pwm-backlight requests probe deferral
[    6.858290] cpsw 4a100000.ethernet eth0: Link is Up - 1Gbps/Full - flow control rx/tx
[    6.877349] Sending DHCP requests ., OK
[    6.892968] IP-Config: Got DHCP answer from 128.247.104.3, my address is 128.247.105.65
[    6.902425] IP-Config: Complete:
[    6.905872]      device=eth0, hwaddr=c8:a0:30:a1:c2:d7, ipaddr=128.247.105.65, mask=255.255.254.0, gw=128.247.104.1
[    6.916935]      host=dhcp-128-247-105-65, domain=am.dhcp.ti.com, nis-domain=(none)
[    6.925059]      bootserver=0.0.0.0, rootserver=0.0.0.0, rootpath=
[    6.931471]      nameserver0=192.0.2.2, nameserver1=192.0.2.3
[    6.938685] lis3_reg: disabling
[    6.942380] ALSA device list:
[    6.945522]   No soundcards found.
[    6.967637] EXT4-fs (mmcblk0p2): warning: maximal mount count reached, running e2fsck is recommended
[    6.980733] EXT4-fs (mmcblk0p2): mounted filesystem with ordered data mode. Opts: (null)
[    6.989487] VFS: Mounted root (ext4 filesystem) on device 179:2.
[    7.005616] devtmpfs: mounted
[    7.011638] Freeing unused kernel memory: 780K (c0c7f000 - c0d42000)
INIT: version 2.88 booting
[    7.382600] Unable to handle kernel NULL pointer dereference at virtual address 00000000
[    7.391154] pgd = c0204000
[    7.394020] [00000000] *pgd=00000000
[    7.397806] Internal error: Oops: 17 [#1] SMP ARM
[    7.402733] Modules linked in:
[    7.405949] CPU: 0 PID: 4 Comm: kworker/0:0 Not tainted 3.19.0-rc6-next-20150127-00002-g1025b8bcc97a #1
[    7.415782] Hardware name: Generic AM33XX (Flattened Device Tree)
[    7.422190] Workqueue: events flush_to_ldisc
[    7.426667] task: ee058e40 ti: ee06a000 task.ti: ee06a000
[    7.432325] PC is at receive_room+0x68/0x88
[    7.436708] LR is at n_tty_receive_buf_common+0x40/0x944
[    7.442273] pc : [<c0529868>]    lr : [<c052bdc4>]    psr: 600f0013
[    7.442273] sp : ee06be88  ip : 00000000  fp : eefce540
[    7.454291] r10: ee4d3d40  r9 : 00000008  r8 : ee006814
[    7.459762] r7 : ee006800  r6 : ee4dc800  r5 : ee006804  r4 : ee4dc800
[    7.466595] r3 : 00000000  r2 : 00004500  r1 : 00002244  r0 : ee4dc800
[    7.473432] Flags: nZCv  IRQs on  FIQs on  Mode SVC_32  ISA ARM  Segment kernel
[    7.481084] Control: 10c5387d  Table: ae590019  DAC: 00000015
[    7.487100] Process kworker/0:0 (pid: 4, stack limit = 0xee06a220)
[    7.493570] Stack: (0xee06be88 to 0xee06c000)
[    7.498139] be80:                   ee058e40 ee4c3918 ee4c3818 00000100 00000000 000006c0
[    7.506708] bea0: eefce9c0 ee4dc880 00000000 ee058e40 c0209c3c ee4c3800 ee006804 ee4dc800
[    7.515275] bec0: ee006800 ee006814 00000008 ee4d3d40 eefce540 c052c6dc 00000001 ee006804
[    7.523843] bee0: ee006830 c052f858 ee013c00 eefce540 eefd1800 00000000 00000000 00000008
[    7.532410] bf00: ee006804 c0259620 c0d409c0 c0d3e76c 00000001 ee013c00 eefce540 eefce554
[    7.540978] bf20: 00000001 c0e2e80e 00000008 ee013c18 eefce540 c0259888 c0d409c0 eefce6a4
[    7.549545] bf40: 00000000 ee016380 00000000 ee013c00 c0259858 00000000 00000000 00000000
[    7.558113] bf60: 00000000 c025df04 fdb7edee 00000000 ec7fdbe7 ee013c00 00000000 00000000
[    7.566681] bf80: ee06bf80 ee06bf80 00000000 00000000 ee06bf90 ee06bf90 ee06bfac ee016380
[    7.575250] bfa0: c025de2c 00000000 00000000 c020e780 00000000 00000000 00000000 00000000
[    7.583817] bfc0: 00000000 00000000 00000000 00000000 00000000 00000000 00000000 00000000
[    7.592384] bfe0: 00000000 00000000 00000000 00000000 00000013 00000000 ff3fded5 e736ff77
[    7.600970] [<c0529868>] (receive_room) from [<c052bdc4>] (n_tty_receive_buf_common+0x40/0x944)
[    7.610090] [<c052bdc4>] (n_tty_receive_buf_common) from [<c052c6dc>] (n_tty_receive_buf2+0x14/0x1c)
[    7.619662] [<c052c6dc>] (n_tty_receive_buf2) from [<c052f858>] (flush_to_ldisc+0xcc/0x11c)
[    7.628424] [<c052f858>] (flush_to_ldisc) from [<c0259620>] (process_one_work+0x134/0x338)
[    7.637087] [<c0259620>] (process_one_work) from [<c0259888>] (worker_thread+0x30/0x470)
[    7.645573] [<c0259888>] (worker_thread) from [<c025df04>] (kthread+0xd8/0xf4)
[    7.653155] [<c025df04>] (kthread) from [<c020e780>] (ret_from_fork+0x14/0x34)
[    7.660726] Code: e2730000 e0a00003 e12fff1e e3021244 (e5932000) 
[    7.667211] ---[ end trace cd6deb05f898c4bd ]---
[    7.672189] Unable to handle kernel paging request at virtual address ffffffec
[    7.679753] pgd = c0204000
[    7.682586] [ffffffec] *pgd=af7fd821, *pte=00000000, *ppte=00000000
[    7.689172] Internal error: Oops: 17 [#2] SMP ARM
[    7.694095] Modules linked in:
[    7.697306] CPU: 0 PID: 4 Comm: kworker/0:0 Tainted: G      D         3.19.0-rc6-next-20150127-00002-g1025b8bcc97a #1
[    7.708413] Hardware name: Generic AM33XX (Flattened Device Tree)
[    7.714804] task: ee058e40 ti: ee06a000 task.ti: ee06a000
[    7.720465] PC is at kthread_data+0x4/0xc
[    7.724666] LR is at wq_worker_sleeping+0xc/0xd8
[    7.729503] pc : [<c025e430>]    lr : [<c025a3cc>]    psr: 200f0193
[    7.729503] sp : ee06bc48  ip : eefce9c0  fp : ee06bc9c
[    7.741520] r10: c0934f1c  r9 : ee06bc50  r8 : 2e28e000
[    7.746990] r7 : 00000000  r6 : ee058e40  r5 : eefce9c0  r4 : 00000000
[    7.753823] r3 : 00000000  r2 : 00000000  r1 : 00000000  r0 : ee058e40
[    7.760658] Flags: nzCv  IRQs off  FIQs on  Mode SVC_32  ISA ARM  Segment user
[    7.768219] Control: 10c5387d  Table: ae590019  DAC: 00000015
[    7.774234] Process kworker/0:0 (pid: 4, stack limit = 0xee06a220)
[    7.780704] Stack: (0xee06bc48 to 0xee06c000)
[    7.785271] bc40:                   ee0590d4 c0927868 00000000 c0247950 c0d3e260 00000000
[    7.793839] bc60: 00000000 c0d409c0 c0209c3c 00000000 c0d409c0 c0d3e76c ee058e40 ee058e40
[    7.802408] bc80: ee06ba78 ee058000 c0d48a54 ee059050 600f0113 ee06bca4 00000001 c0248da0
[    7.810976] bca0: c0b35fc0 ee06bca4 ee06bca4 c0924298 c052986a c0e2ee04 ee06be40 0000000b
[    7.819544] bcc0: c0d48a54 c052986a 600f0113 00000001 00000000 c0211830 ee06a220 0000000b
[    7.828112] bce0: 600f0113 ee06be40 00000000 00000008 65000000 30333732 20303030 30613065
[    7.836680] bd00: 33303030 32316520 31666666 33652065 32313230 28203434 33393565 30303032
[    7.845248] bd20: c0002029 ee06bd44 00000000 00000000 00000000 00000017 ee06be40 00000017
[    7.853816] bd40: 00000008 ee4d3d40 eefce540 c0923634 00000000 c021b87c 00000012 ee0eb210
[    7.862383] bd60: ee06bd90 c0b78348 ee06be4c c0bf50b4 c0d3fc88 ee48d200 00000006 00000017
[    7.870952] bd80: c0d4980c 00000000 ee06be40 ee006814 00000008 ee4d3d40 eefce540 c02084b8
[    7.879520] bda0: 00000001 c079bdac 00000003 c079e204 fffffffe 00000000 00000000 ee06be5c
[    7.888088] bdc0: 00000001 c025eafc c0e6f110 c0e6f0f8 00000000 00000001 ffffffff c025ec94
[    7.896656] bde0: 00000000 00112a88 0011826c ee06be5c ee48d200 00000001 c0d44578 c0d45af0
[    7.905224] be00: c0e6f0f0 c025ecc8 00000000 ee48d2c4 c0e55c80 00000000 00000000 00000001
[    7.913792] be20: ffffffff 00000000 ffffffff c0529868 600f0013 ffffffff ee06be74 c0211f18
[    7.922361] be40: ee4dc800 00002244 00004500 00000000 ee4dc800 ee006804 ee4dc800 ee006800
[    7.930929] be60: ee006814 00000008 ee4d3d40 eefce540 00000000 ee06be88 c052bdc4 c0529868
[    7.939498] be80: 600f0013 ffffffff ee058e40 ee4c3918 ee4c3818 00000100 00000000 000006c0
[    7.948066] bea0: eefce9c0 ee4dc880 00000000 ee058e40 c0209c3c ee4c3800 ee006804 ee4dc800
[    7.956635] bec0: ee006800 ee006814 00000008 ee4d3d40 eefce540 c052c6dc 00000001 ee006804
[    7.965203] bee0: ee006830 c052f858 ee013c00 eefce540 eefd1800 00000000 00000000 00000008
[    7.973771] bf00: ee006804 c0259620 c0d409c0 c0d3e76c 00000001 ee013c00 eefce540 eefce554
[    7.982339] bf20: 00000001 c0e2e80e 00000008 ee013c18 eefce540 c0259888 c0d409c0 eefce6a4
[    7.990907] bf40: 00000000 ee016380 00000000 ee013c00 c0259858 00000000 00000000 00000000
[    7.999475] bf60: 00000000 c025df04 fdb7edee 00000000 ec7fdbe7 ee013c00 00000000 00000000
[    8.008044] bf80: ee06bf80 ee06bf80 00000001 00010001 ee06bf90 ee06bf90 ee06bfac ee016380
[    8.016612] bfa0: c025de2c 00000000 00000000 c020e780 00000000 00000000 00000000 00000000
[    8.025179] bfc0: 00000000 00000000 00000000 00000000 00000000 00000000 00000000 00000000
[    8.033747] bfe0: 00000000 00000000 00000000 00000000 00000013 00000000 ff3fded5 e736ff77
[    8.042319] [<c025e430>] (kthread_data) from [<c025a3cc>] (wq_worker_sleeping+0xc/0xd8)
[    8.050715] [<c025a3cc>] (wq_worker_sleeping) from [<c0927868>] (__schedule+0x2f0/0x5a4)
[    8.059208] [<c0927868>] (__schedule) from [<c0248da0>] (do_exit+0x5dc/0x914)
[    8.066695] [<c0248da0>] (do_exit) from [<c0211830>] (die+0x3e8/0x424)
[    8.073555] [<c0211830>] (die) from [<c0923634>] (__do_kernel_fault.part.8+0x54/0x74)
[    8.081770] [<c0923634>] (__do_kernel_fault.part.8) from [<c021b87c>] (do_page_fault+0x198/0x330)
[    8.091068] [<c021b87c>] (do_page_fault) from [<c02084b8>] (do_DataAbort+0x34/0x9c)
[    8.099097] [<c02084b8>] (do_DataAbort) from [<c0211f18>] (__dabt_svc+0x38/0x60)
[    8.106839] Exception stack(0xee06be40 to 0xee06be88)
[    8.112135] be40: ee4dc800 00002244 00004500 00000000 ee4dc800 ee006804 ee4dc800 ee006800
[    8.120703] be60: ee006814 00000008 ee4d3d40 eefce540 00000000 ee06be88 c052bdc4 c0529868
[    8.129264] be80: 600f0013 ffffffff
[    8.132930] [<c0211f18>] (__dabt_svc) from [<c0529868>] (receive_room+0x68/0x88)
[    8.140683] [<c0529868>] (receive_room) from [<c052bdc4>] (n_tty_receive_buf_common+0x40/0x944)
[    8.149800] [<c052bdc4>] (n_tty_receive_buf_common) from [<c052c6dc>] (n_tty_receive_buf2+0x14/0x1c)
[    8.159372] [<c052c6dc>] (n_tty_receive_buf2) from [<c052f858>] (flush_to_ldisc+0xcc/0x11c)
[    8.168126] [<c052f858>] (flush_to_ldisc) from [<c0259620>] (process_one_work+0x134/0x338)
[    8.176787] [<c0259620>] (process_one_work) from [<c0259888>] (worker_thread+0x30/0x470)
[    8.185267] [<c0259888>] (worker_thread) from [<c025df04>] (kthread+0xd8/0xf4)
[    8.192840] [<c025df04>] (kthread) from [<c020e780>] (ret_from_fork+0x14/0x34)
[    8.200409] Code: e513001c e7e00150 e12fff1e e5903268 (e5130014) 
[    8.206793] ---[ end trace cd6deb05f898c4be ]---
[    8.211625] Fixing recursive fault but reboot is needed!
URL:gtsystest.telogy.design.ti.com/vatf/tidfarm01/tidfarm01_vatf@am335x-evm/tidfarm0101_27_2015_14_37_07/files/session_iteration_1/test_1
