- 03:55:23 [INFO] Starting target session
- 03:55:23 [INFO] Connected to am335x-sk via serial 
- 03:55:23 [INFO] Host: #check prompt
- 03:55:25 [ERROR] On command: #check prompt waiting for (?-mix:((?-mix:login:)|[Pp]assword)) >>> error: execution expired
- 03:55:25 [INFO] Target: 
#check prompt
U-Boot# 
- 03:55:25 [INFO] Host: #check prompt
- 03:55:27 [ERROR] On command: #check prompt waiting for (?-mix:[\w\d]+@.+[@:#]+) >>> error: execution expired
- 03:55:27 [INFO] Target: 
#check prompt
U-Boot# 
- 03:55:27 [INFO] Disconnected serial from am335x-sk
- 03:55:50 [INFO] Connected to am335x-sk via serial 
- 03:55:50 [INFO] Host: 
- 03:55:50 [ERROR] On command:  waiting for (?-mix:U-Boot#) >>> error: execution expired
- 03:55:50 [INFO] Target: 
NAND:  0 MiB
MMC:   OMAP SD/MMC: 0, OMAP SD/MMC: 1
*** Warning - readenv() failed, using default environment


- 03:55:50 [INFO] Host: 
- 03:55:51 [INFO] Target: 
Net:   <ethaddr> not set. Validating first E-fuse MAC
cpsw, usb_ether
Hit any key to stop autoboot:  1  0 
U-Boot# 
U-Boot# 
- 03:55:51 [INFO] Host: 
- 03:55:51 [INFO] Target: 

U-Boot# 
- 03:55:51 [INFO] Host: version
- 03:55:52 [INFO] Target: 
version

U-Boot 2014.07-rc2 (May 29 2014 - 18:04:30)
arm-linux-gnueabihf-gcc (crosstool-NG linaro-1.13.1-4.7-2013.03-20130313 - Linaro GCC 2013.03) 4.7.3 20130226 (prerelease)
GNU ld (crosstool-NG linaro-1.13.1-4.7-2013.03-20130313 - Linaro GCC 2013.03) 2.23.1
U-Boot# 
- 03:55:52 [INFO] Host: setenv bootargs 'console=ttyO0,115200n8 earlyprintk rootwait '
- 03:55:52 [INFO] Target: 
setenv bootargs 'console=ttyO0,115200n8 earlyprintk rootwait '
U-Boot# 
- 03:55:52 [INFO] Host: setenv bootcmd  ''
- 03:55:53 [INFO] Target: 
setenv bootcmd  ''
U-Boot# 
- 03:55:53 [INFO] Host: setenv autoload 'no'
- 03:55:53 [INFO] Target: 
setenv autoload 'no'
U-Boot# 
- 03:55:53 [INFO] Host: setenv serverip '192.168.0.1'
- 03:55:54 [INFO] Target: 
setenv serverip '192.168.0.1'
U-Boot# 
- 03:55:54 [INFO] Host: printenv
- 03:55:54 [INFO] Target: 
printenv
arch=arm
autoload=no
baudrate=115200
board=am335x
board_name=A335X_SK
board_rev=1.2C
boot_fdt=try
bootargs=console=ttyO0,115200n8 earlyprintk rootwait 
bootcmd=
bootcount=1
bootdelay=1
bootdir=/boot
bootenv=uEnv.txt
bootfile=zImage
bootm_size=0x10000000
bootpart=0:2
console=ttyO0,115200n8
cpu=armv7
dfu_alt_info_emmc=rawemmc mmc 0 3751936
dfu_alt_info_mmc=boot part 0 1;rootfs part 0 2;MLO fat 0 1;MLO.raw mmc 0x100 0x100;u-boot.img.raw mmc 0x300 0x400;spl-os-args.raw mmc 0x80 0x80;spl-os-image.raw mmc 0x900 0x2000;spl-os-args fat 0 1;spl-os-image fat 0 1;u-boot.img fat 0 1;uEnv.txt fat 0 1
dfu_alt_info_nand=SPL part 0 1;SPL.backup1 part 0 2;SPL.backup2 part 0 3;SPL.backup3 part 0 4;u-boot part 0 5;u-boot-spl-os part 0 6;kernel part 0 8;rootfs part 0 9
dfu_alt_info_ram=kernel ram 0x80200000 0xD80000;fdt ram 0x80F80000 0x80000;ramdisk ram 0x81000000 0x4000000
eth1addr=c8:a0:30:a1:db:5a
ethact=cpsw
ethaddr=c8:a0:30:a1:db:58
fdt_addr_r=0x88000000
fdtaddr=0x88000000
fdtfile=undefined
findfdt=if test $board_name = A335BONE; then setenv fdtfile am335x-bone.dtb; fi; if test $board_name = A335BNLT; then setenv fdtfile am335x-boneblack.dtb; fi; if test $board_name = A33515BB; then setenv fdtfile am335x-evm.dtb; fi; if test $board_name = A335X_SK; then setenv fdtfile am335x-evmsk.dtb; fi; if test $fdtfile = undefined; then echo WARNING: Could not determine device tree to use; fi; 
importbootenv=echo Importing environment from mmc ...; env import -t $loadaddr $filesize
kernel_addr_r=0x82000000
loadaddr=0x82000000
loadbootenv=load mmc ${mmcdev} ${loadaddr} ${bootenv}
loadfdt=load mmc ${bootpart} ${fdtaddr} ${bootdir}/${fdtfile}
loadimage=load mmc ${bootpart} ${loadaddr} ${bootdir}/${bootfile}
loadramdisk=load mmc ${mmcdev} ${rdaddr} ramdisk.gz
mmcargs=setenv bootargs console=${console} ${optargs} root=${mmcroot} rootfstype=${mmcrootfstype}
mmcboot=mmc dev ${mmcdev}; if mmc rescan; then echo SD/MMC found on device ${mmcdev};if run loadbootenv; then echo Loaded environment from ${bootenv};run importbootenv;fi;if test -n $uenvcmd; then echo Running uenvcmd ...;run uenvcmd;fi;if run loadimage; then run mmcloados;fi;fi;
mmcdev=0
mmcloados=run mmcargs; if test ${boot_fdt} = yes || test ${boot_fdt} = try; then if run loadfdt; then bootz ${loadaddr} - ${fdtaddr}; else if test ${boot_fdt} = try; then bootz; else echo WARN: Cannot load the DT; fi; fi; else bootz; fi;
mmcroot=/dev/mmcblk0p2 ro
mmcrootfstype=ext4 rootwait
mtdids=nand0=omap2-nand.0
mtdparts=mtdparts=omap2-nand.0:128k(SPL),128k(SPL.backup1),128k(SPL.backup2),128k(SPL.backup3),1792k(u-boot),128k(u-boot-spl-os),128k(u-boot-env),5m(kernel),-(rootfs)
nandargs=setenv bootargs console=${console} ${optargs} root=${nandroot} rootfstype=${nandrootfstype}
nandboot=echo Booting from nand ...; run nandargs; nand read ${fdtaddr} u-boot-spl-os; nand read ${loadaddr} kernel; bootz ${loadaddr} - ${fdtaddr}
nandroot=ubi0:rootfs rw ubi.mtd=7,2048
nandrootfstype=ubifs rootwait=1
netargs=setenv bootargs console=${console} ${optargs} root=/dev/nfs nfsroot=${serverip}:${rootpath},${nfsopts} rw ip=dhcp
netboot=echo Booting from network ...; setenv autoload no; dhcp; tftp ${loadaddr} ${bootfile}; tftp ${fdtaddr} ${fdtfile}; run netargs; bootz ${loadaddr} - ${fdtaddr}
nfsopts=nolock
partitions=uuid_disk=${uuid_gpt_disk};name=rootfs,start=2MiB,size=-,uuid=${uuid_gpt_rootfs}
ramargs=setenv bootargs console=${console} ${optargs} root=${ramroot} rootfstype=${ramrootfstype}
ramboot=echo Booting from ramdisk ...; run ramargs; bootz ${loadaddr} ${rdaddr} ${fdtaddr}
ramdisk_addr_r=0x88080000
ramroot=/dev/ram0 rw
ramrootfstype=ext2
rdaddr=0x88080000
rootpath=/export/rootfs
serverip=192.168.0.1
soc=am33xx
spiargs=setenv bootargs console=${console} ${optargs} root=${spiroot} rootfstype=${spirootfstype}
spiboot=echo Booting from spi ...; run spiargs; sf probe ${spibusno}:0; sf read ${loadaddr} ${spisrcaddr} ${spiimgsize}; bootz ${loadaddr}
spibusno=0
spiimgsize=0x362000
spiroot=/dev/mtdblock4 rw
spirootfstype=jffs2
spisrcaddr=0xe0000
static_ip=${ipaddr}:${serverip}:${gatewayip}:${netmask}:${hostname}::off
stderr=serial
stdin=serial
stdout=serial
usbnet_devaddr=c8:a0:30:a1:db:5a
vendor=ti
ver=U-Boot 2014.07-rc2 (May 29 2014 - 18:04:30)

Environment size: 4366/131068 bytes
U-Boot# 
- 03:55:54 [INFO] Host: printenv
- 03:55:55 [INFO] Target: 
printenv
arch=arm
autoload=no
baudrate=115200
board=am335x
board_name=A335X_SK
board_rev=1.2C
boot_fdt=try
bootargs=console=ttyO0,115200n8 earlyprintk rootwait 
bootcmd=
bootcount=1
bootdelay=1
bootdir=/boot
bootenv=uEnv.txt
bootfile=zImage
bootm_size=0x10000000
bootpart=0:2
console=ttyO0,115200n8
cpu=armv7
dfu_alt_info_emmc=rawemmc mmc 0 3751936
dfu_alt_info_mmc=boot part 0 1;rootfs part 0 2;MLO fat 0 1;MLO.raw mmc 0x100 0x100;u-boot.img.raw mmc 0x300 0x400;spl-os-args.raw mmc 0x80 0x80;spl-os-image.raw mmc 0x900 0x2000;spl-os-args fat 0 1;spl-os-image fat 0 1;u-boot.img fat 0 1;uEnv.txt fat 0 1
dfu_alt_info_nand=SPL part 0 1;SPL.backup1 part 0 2;SPL.backup2 part 0 3;SPL.backup3 part 0 4;u-boot part 0 5;u-boot-spl-os part 0 6;kernel part 0 8;rootfs part 0 9
dfu_alt_info_ram=kernel ram 0x80200000 0xD80000;fdt ram 0x80F80000 0x80000;ramdisk ram 0x81000000 0x4000000
eth1addr=c8:a0:30:a1:db:5a
ethact=cpsw
ethaddr=c8:a0:30:a1:db:58
fdt_addr_r=0x88000000
fdtaddr=0x88000000
fdtfile=undefined
findfdt=if test $board_name = A335BONE; then setenv fdtfile am335x-bone.dtb; fi; if test $board_name = A335BNLT; then setenv fdtfile am335x-boneblack.dtb; fi; if test $board_name = A33515BB; then setenv fdtfile am335x-evm.dtb; fi; if test $board_name = A335X_SK; then setenv fdtfile am335x-evmsk.dtb; fi; if test $fdtfile = undefined; then echo WARNING: Could not determine device tree to use; fi; 
importbootenv=echo Importing environment from mmc ...; env import -t $loadaddr $filesize
kernel_addr_r=0x82000000
loadaddr=0x82000000
loadbootenv=load mmc ${mmcdev} ${loadaddr} ${bootenv}
loadfdt=load mmc ${bootpart} ${fdtaddr} ${bootdir}/${fdtfile}
loadimage=load mmc ${bootpart} ${loadaddr} ${bootdir}/${bootfile}
loadramdisk=load mmc ${mmcdev} ${rdaddr} ramdisk.gz
mmcargs=setenv bootargs console=${console} ${optargs} root=${mmcroot} rootfstype=${mmcrootfstype}
mmcboot=mmc dev ${mmcdev}; if mmc rescan; then echo SD/MMC found on device ${mmcdev};if run loadbootenv; then echo Loaded environment from ${bootenv};run importbootenv;fi;if test -n $uenvcmd; then echo Running uenvcmd ...;run uenvcmd;fi;if run loadimage; then run mmcloados;fi;fi;
mmcdev=0
mmcloados=run mmcargs; if test ${boot_fdt} = yes || test ${boot_fdt} = try; then if run loadfdt; then bootz ${loadaddr} - ${fdtaddr}; else if test ${boot_fdt} = try; then bootz; else echo WARN: Cannot load the DT; fi; fi; else bootz; fi;
mmcroot=/dev/mmcblk0p2 ro
mmcrootfstype=ext4 rootwait
mtdids=nand0=omap2-nand.0
mtdparts=mtdparts=omap2-nand.0:128k(SPL),128k(SPL.backup1),128k(SPL.backup2),128k(SPL.backup3),1792k(u-boot),128k(u-boot-spl-os),128k(u-boot-env),5m(kernel),-(rootfs)
nandargs=setenv bootargs console=${console} ${optargs} root=${nandroot} rootfstype=${nandrootfstype}
nandboot=echo Booting from nand ...; run nandargs; nand read ${fdtaddr} u-boot-spl-os; nand read ${loadaddr} kernel; bootz ${loadaddr} - ${fdtaddr}
nandroot=ubi0:rootfs rw ubi.mtd=7,2048
nandrootfstype=ubifs rootwait=1
netargs=setenv bootargs console=${console} ${optargs} root=/dev/nfs nfsroot=${serverip}:${rootpath},${nfsopts} rw ip=dhcp
netboot=echo Booting from network ...; setenv autoload no; dhcp; tftp ${loadaddr} ${bootfile}; tftp ${fdtaddr} ${fdtfile}; run netargs; bootz ${loadaddr} - ${fdtaddr}
nfsopts=nolock
partitions=uuid_disk=${uuid_gpt_disk};name=rootfs,start=2MiB,size=-,uuid=${uuid_gpt_rootfs}
ramargs=setenv bootargs console=${console} ${optargs} root=${ramroot} rootfstype=${ramrootfstype}
ramboot=echo Booting from ramdisk ...; run ramargs; bootz ${loadaddr} ${rdaddr} ${fdtaddr}
ramdisk_addr_r=0x88080000
ramroot=/dev/ram0 rw
ramrootfstype=ext2
rdaddr=0x88080000
rootpath=/export/rootfs
serverip=192.168.0.1
soc=am33xx
spiargs=setenv bootargs console=${console} ${optargs} root=${spiroot} rootfstype=${spirootfstype}
spiboot=echo Booting from spi ...; run spiargs; sf probe ${spibusno}:0; sf read ${loadaddr} ${spisrcaddr} ${spiimgsize}; bootz ${loadaddr}
spibusno=0
spiimgsize=0x362000
spiroot=/dev/mtdblock4 rw
spirootfstype=jffs2
spisrcaddr=0xe0000
static_ip=${ipaddr}:${serverip}:${gatewayip}:${netmask}:${hostname}::off
stderr=serial
stdin=serial
stdout=serial
usbnet_devaddr=c8:a0:30:a1:db:5a
vendor=ti
ver=U-Boot 2014.07-rc2 (May 29 2014 - 18:04:30)

Environment size: 4366/131068 bytes
U-Boot# 
- 03:55:55 [INFO] Host: setenv bootargs ''${bootargs}' ip=dhcp '
- 03:55:55 [INFO] Target: 
setenv bootargs ''${bootargs}' ip=dhcp '
U-Boot# 
- 03:55:55 [INFO] Host: setenv serverip '192.168.0.1'
- 03:55:56 [INFO] Target: 
setenv serverip '192.168.0.1'
U-Boot# 
- 03:55:56 [INFO] Host: setenv ipaddr dhcp
- 03:55:56 [INFO] Target: 
setenv ipaddr dhcp
U-Boot# 
- 03:55:56 [INFO] Host: setenv autoload 'no'
- 03:55:57 [INFO] Target: 
setenv autoload 'no'
U-Boot# 
- 03:55:57 [INFO] Host: dhcp
- 03:55:58 [INFO] Target: 
dhcp
link up on port 0, speed 1000, full duplex
BOOTP broadcast 1
DHCP client bound to address 192.168.0.125
U-Boot# 
- 03:55:58 [INFO] Host: setenv serverip '192.168.0.1'
- 03:55:59 [INFO] Target: 
setenv serverip '192.168.0.1'
U-Boot# 
- 03:55:59 [INFO] Host: tftp ${loadaddr} 192.168.0.1:vatf_am335x-sk/838e9520bada68cf3a0730f870dae937
- 03:56:00 [INFO] Target: 
tftp ${loadaddr} 192.168.0.1:vatf_am335x-sk/838e9520bada68cf3a0730f870dae937
link up on port 0, speed 1000, full duplex
Using cpsw device
TFTP from server 192.168.0.1; our IP address is 192.168.0.125
Filename 'vatf_am335x-sk/838e9520bada68cf3a0730f870dae937'.
Load address: 0x82000000
Loading: *#################################################################
	 #################################################################
	 #################################################################
	 #################################################################
	 #################################################################
	 ##########
	 6.1 MiB/s
done
Bytes transferred = 4913288 (4af888 hex)
U-Boot# 
- 03:56:00 [INFO] Host: tftp ${fdt_addr_r} 192.168.0.1:vatf_am335x-sk/e55c4c6c5f56e0666f05cba198ebb563
- 03:56:00 [INFO] Target: 
tftp ${fdt_addr_r} 192.168.0.1:vatf_am335x-sk/e55c4c6c5f56e0666f05cba198ebb563
link up on port 0, speed 1000, full duplex
Using cpsw device
TFTP from server 192.168.0.1; our IP address is 192.168.0.125
Filename 'vatf_am335x-sk/e55c4c6c5f56e0666f05cba198ebb563'.
Load address: 0x88000000
Loading: *###
	 4.5 MiB/s
done
Bytes transferred = 32728 (7fd8 hex)
U-Boot# 
- 03:56:00 [INFO] Host: ls mmc 0:1
- 03:56:01 [INFO] Target: 
ls mmc 0:1
  2206363   am335x-evm-sk-quickstartguide.pdf 
      140   autorun.inf 
   176621   beaglebone-quickstartguide.pdf 
    82480   mlo 
  2371014   quickstartguide.pdf 
       14   .ipaddr 
     1164   readme 
   408372   u-boot.img 
            windows_users/
        0   pointercal 

9 file(s), 1 dir(s)

U-Boot# 
- 03:56:01 [INFO] Host: ls mmc 0:2
- 03:56:01 [INFO] Target: 
ls mmc 0:2
<DIR>       4096 .
<DIR>       4096 ..
<DIR>       4096 bin
<DIR>       4096 boot
<DIR>       4096 dev
<DIR>       4096 etc
<DIR>       4096 home
<DIR>       4096 lib
<DIR>       4096 media
<DIR>       4096 mnt
<DIR>       4096 opt
<DIR>       4096 proc
<DIR>       4096 sbin
<DIR>       4096 srv
<DIR>       4096 sys
<SYM>          8 tmp
<DIR>       4096 usr
<DIR>       4096 var
<DIR>       4096 www
<SYM>          8 run
<DIR>       4096 Settings
<DIR>       4096 test
U-Boot# 
- 03:56:01 [INFO] Host: part uuid mmc 0:2
- 03:56:02 [INFO] Target: 
part uuid mmc 0:2
00000000-02
U-Boot# 
- 03:56:02 [INFO] Host: printenv
- 03:56:02 [INFO] Target: 
printenv
arch=arm
autoload=no
baudrate=115200
board=am335x
board_name=A335X_SK
board_rev=1.2C
boot_fdt=try
bootargs=console=ttyO0,115200n8 earlyprintk rootwait  ip=dhcp 
bootcmd=
bootcount=1
bootdelay=1
bootdir=/boot
bootenv=uEnv.txt
bootfile=zImage
bootm_size=0x10000000
bootpart=0:2
console=ttyO0,115200n8
cpu=armv7
dfu_alt_info_emmc=rawemmc mmc 0 3751936
dfu_alt_info_mmc=boot part 0 1;rootfs part 0 2;MLO fat 0 1;MLO.raw mmc 0x100 0x100;u-boot.img.raw mmc 0x300 0x400;spl-os-args.raw mmc 0x80 0x80;spl-os-image.raw mmc 0x900 0x2000;spl-os-args fat 0 1;spl-os-image fat 0 1;u-boot.img fat 0 1;uEnv.txt fat 0 1
dfu_alt_info_nand=SPL part 0 1;SPL.backup1 part 0 2;SPL.backup2 part 0 3;SPL.backup3 part 0 4;u-boot part 0 5;u-boot-spl-os part 0 6;kernel part 0 8;rootfs part 0 9
dfu_alt_info_ram=kernel ram 0x80200000 0xD80000;fdt ram 0x80F80000 0x80000;ramdisk ram 0x81000000 0x4000000
dnsip=192.0.2.2
dnsip2=192.0.2.3
eth1addr=c8:a0:30:a1:db:5a
ethact=cpsw
ethaddr=c8:a0:30:a1:db:58
fdt_addr_r=0x88000000
fdtaddr=0x88000000
fdtfile=undefined
fileaddr=88000000
filesize=7fd8
findfdt=if test $board_name = A335BONE; then setenv fdtfile am335x-bone.dtb; fi; if test $board_name = A335BNLT; then setenv fdtfile am335x-boneblack.dtb; fi; if test $board_name = A33515BB; then setenv fdtfile am335x-evm.dtb; fi; if test $board_name = A335X_SK; then setenv fdtfile am335x-evmsk.dtb; fi; if test $fdtfile = undefined; then echo WARNING: Could not determine device tree to use; fi; 
gatewayip=192.168.0.1
importbootenv=echo Importing environment from mmc ...; env import -t $loadaddr $filesize
ipaddr=192.168.0.125
kernel_addr_r=0x82000000
loadaddr=0x82000000
loadbootenv=load mmc ${mmcdev} ${loadaddr} ${bootenv}
loadfdt=load mmc ${bootpart} ${fdtaddr} ${bootdir}/${fdtfile}
loadimage=load mmc ${bootpart} ${loadaddr} ${bootdir}/${bootfile}
loadramdisk=load mmc ${mmcdev} ${rdaddr} ramdisk.gz
mmcargs=setenv bootargs console=${console} ${optargs} root=${mmcroot} rootfstype=${mmcrootfstype}
mmcboot=mmc dev ${mmcdev}; if mmc rescan; then echo SD/MMC found on device ${mmcdev};if run loadbootenv; then echo Loaded environment from ${bootenv};run importbootenv;fi;if test -n $uenvcmd; then echo Running uenvcmd ...;run uenvcmd;fi;if run loadimage; then run mmcloados;fi;fi;
mmcdev=0
mmcloados=run mmcargs; if test ${boot_fdt} = yes || test ${boot_fdt} = try; then if run loadfdt; then bootz ${loadaddr} - ${fdtaddr}; else if test ${boot_fdt} = try; then bootz; else echo WARN: Cannot load the DT; fi; fi; else bootz; fi;
mmcroot=/dev/mmcblk0p2 ro
mmcrootfstype=ext4 rootwait
mtdids=nand0=omap2-nand.0
mtdparts=mtdparts=omap2-nand.0:128k(SPL),128k(SPL.backup1),128k(SPL.backup2),128k(SPL.backup3),1792k(u-boot),128k(u-boot-spl-os),128k(u-boot-env),5m(kernel),-(rootfs)
nandargs=setenv bootargs console=${console} ${optargs} root=${nandroot} rootfstype=${nandrootfstype}
nandboot=echo Booting from nand ...; run nandargs; nand read ${fdtaddr} u-boot-spl-os; nand read ${loadaddr} kernel; bootz ${loadaddr} - ${fdtaddr}
nandroot=ubi0:rootfs rw ubi.mtd=7,2048
nandrootfstype=ubifs rootwait=1
netargs=setenv bootargs console=${console} ${optargs} root=/dev/nfs nfsroot=${serverip}:${rootpath},${nfsopts} rw ip=dhcp
netboot=echo Booting from network ...; setenv autoload no; dhcp; tftp ${loadaddr} ${bootfile}; tftp ${fdtaddr} ${fdtfile}; run netargs; bootz ${loadaddr} - ${fdtaddr}
netmask=255.255.255.0
nfsopts=nolock
partitions=uuid_disk=${uuid_gpt_disk};name=rootfs,start=2MiB,size=-,uuid=${uuid_gpt_rootfs}
ramargs=setenv bootargs console=${console} ${optargs} root=${ramroot} rootfstype=${ramrootfstype}
ramboot=echo Booting from ramdisk ...; run ramargs; bootz ${loadaddr} ${rdaddr} ${fdtaddr}
ramdisk_addr_r=0x88080000
ramroot=/dev/ram0 rw
ramrootfstype=ext2
rdaddr=0x88080000
rootpath=/export/rootfs
serverip=192.168.0.1
soc=am33xx
spiargs=setenv bootargs console=${console} ${optargs} root=${spiroot} rootfstype=${spirootfstype}
spiboot=echo Booting from spi ...; run spiargs; sf probe ${spibusno}:0; sf read ${loadaddr} ${spisrcaddr} ${spiimgsize}; bootz ${loadaddr}
spibusno=0
spiimgsize=0x362000
spiroot=/dev/mtdblock4 rw
spirootfstype=jffs2
spisrcaddr=0xe0000
static_ip=${ipaddr}:${serverip}:${gatewayip}:${netmask}:${hostname}::off
stderr=serial
stdin=serial
stdout=serial
usbnet_devaddr=c8:a0:30:a1:db:5a
vendor=ti
ver=U-Boot 2014.07-rc2 (May 29 2014 - 18:04:30)

Environment size: 4519/131068 bytes
U-Boot# 
- 03:56:02 [INFO] Host: setenv bootargs ''${bootargs}' root=PARTUUID=00000000-02 rw rootfstype=ext4 rootwait '
- 03:56:03 [INFO] Target: 
setenv bootargs ''${bootargs}' root=PARTUUID=00000000-02 rw rootfstype=ext4 rootwait '
U-Boot# 
- 03:56:03 [INFO] Host: printenv
- 03:56:03 [INFO] Target: 
printenv
arch=arm
autoload=no
baudrate=115200
board=am335x
board_name=A335X_SK
board_rev=1.2C
boot_fdt=try
bootargs=console=ttyO0,115200n8 earlyprintk rootwait  ip=dhcp  root=PARTUUID=00000000-02 rw rootfstype=ext4 rootwait 
bootcmd=
bootcount=1
bootdelay=1
bootdir=/boot
bootenv=uEnv.txt
bootfile=zImage
bootm_size=0x10000000
bootpart=0:2
console=ttyO0,115200n8
cpu=armv7
dfu_alt_info_emmc=rawemmc mmc 0 3751936
dfu_alt_info_mmc=boot part 0 1;rootfs part 0 2;MLO fat 0 1;MLO.raw mmc 0x100 0x100;u-boot.img.raw mmc 0x300 0x400;spl-os-args.raw mmc 0x80 0x80;spl-os-image.raw mmc 0x900 0x2000;spl-os-args fat 0 1;spl-os-image fat 0 1;u-boot.img fat 0 1;uEnv.txt fat 0 1
dfu_alt_info_nand=SPL part 0 1;SPL.backup1 part 0 2;SPL.backup2 part 0 3;SPL.backup3 part 0 4;u-boot part 0 5;u-boot-spl-os part 0 6;kernel part 0 8;rootfs part 0 9
dfu_alt_info_ram=kernel ram 0x80200000 0xD80000;fdt ram 0x80F80000 0x80000;ramdisk ram 0x81000000 0x4000000
dnsip=192.0.2.2
dnsip2=192.0.2.3
eth1addr=c8:a0:30:a1:db:5a
ethact=cpsw
ethaddr=c8:a0:30:a1:db:58
fdt_addr_r=0x88000000
fdtaddr=0x88000000
fdtfile=undefined
fileaddr=88000000
filesize=7fd8
findfdt=if test $board_name = A335BONE; then setenv fdtfile am335x-bone.dtb; fi; if test $board_name = A335BNLT; then setenv fdtfile am335x-boneblack.dtb; fi; if test $board_name = A33515BB; then setenv fdtfile am335x-evm.dtb; fi; if test $board_name = A335X_SK; then setenv fdtfile am335x-evmsk.dtb; fi; if test $fdtfile = undefined; then echo WARNING: Could not determine device tree to use; fi; 
gatewayip=192.168.0.1
importbootenv=echo Importing environment from mmc ...; env import -t $loadaddr $filesize
ipaddr=192.168.0.125
kernel_addr_r=0x82000000
loadaddr=0x82000000
loadbootenv=load mmc ${mmcdev} ${loadaddr} ${bootenv}
loadfdt=load mmc ${bootpart} ${fdtaddr} ${bootdir}/${fdtfile}
loadimage=load mmc ${bootpart} ${loadaddr} ${bootdir}/${bootfile}
loadramdisk=load mmc ${mmcdev} ${rdaddr} ramdisk.gz
mmcargs=setenv bootargs console=${console} ${optargs} root=${mmcroot} rootfstype=${mmcrootfstype}
mmcboot=mmc dev ${mmcdev}; if mmc rescan; then echo SD/MMC found on device ${mmcdev};if run loadbootenv; then echo Loaded environment from ${bootenv};run importbootenv;fi;if test -n $uenvcmd; then echo Running uenvcmd ...;run uenvcmd;fi;if run loadimage; then run mmcloados;fi;fi;
mmcdev=0
mmcloados=run mmcargs; if test ${boot_fdt} = yes || test ${boot_fdt} = try; then if run loadfdt; then bootz ${loadaddr} - ${fdtaddr}; else if test ${boot_fdt} = try; then bootz; else echo WARN: Cannot load the DT; fi; fi; else bootz; fi;
mmcroot=/dev/mmcblk0p2 ro
mmcrootfstype=ext4 rootwait
mtdids=nand0=omap2-nand.0
mtdparts=mtdparts=omap2-nand.0:128k(SPL),128k(SPL.backup1),128k(SPL.backup2),128k(SPL.backup3),1792k(u-boot),128k(u-boot-spl-os),128k(u-boot-env),5m(kernel),-(rootfs)
nandargs=setenv bootargs console=${console} ${optargs} root=${nandroot} rootfstype=${nandrootfstype}
nandboot=echo Booting from nand ...; run nandargs; nand read ${fdtaddr} u-boot-spl-os; nand read ${loadaddr} kernel; bootz ${loadaddr} - ${fdtaddr}
nandroot=ubi0:rootfs rw ubi.mtd=7,2048
nandrootfstype=ubifs rootwait=1
netargs=setenv bootargs console=${console} ${optargs} root=/dev/nfs nfsroot=${serverip}:${rootpath},${nfsopts} rw ip=dhcp
netboot=echo Booting from network ...; setenv autoload no; dhcp; tftp ${loadaddr} ${bootfile}; tftp ${fdtaddr} ${fdtfile}; run netargs; bootz ${loadaddr} - ${fdtaddr}
netmask=255.255.255.0
nfsopts=nolock
partitions=uuid_disk=${uuid_gpt_disk};name=rootfs,start=2MiB,size=-,uuid=${uuid_gpt_rootfs}
ramargs=setenv bootargs console=${console} ${optargs} root=${ramroot} rootfstype=${ramrootfstype}
ramboot=echo Booting from ramdisk ...; run ramargs; bootz ${loadaddr} ${rdaddr} ${fdtaddr}
ramdisk_addr_r=0x88080000
ramroot=/dev/ram0 rw
ramrootfstype=ext2
rdaddr=0x88080000
rootpath=/export/rootfs
serverip=192.168.0.1
soc=am33xx
spiargs=setenv bootargs console=${console} ${optargs} root=${spiroot} rootfstype=${spirootfstype}
spiboot=echo Booting from spi ...; run spiargs; sf probe ${spibusno}:0; sf read ${loadaddr} ${spisrcaddr} ${spiimgsize}; bootz ${loadaddr}
spibusno=0
spiimgsize=0x362000
spiroot=/dev/mtdblock4 rw
spirootfstype=jffs2
spisrcaddr=0xe0000
static_ip=${ipaddr}:${serverip}:${gatewayip}:${netmask}:${hostname}::off
stderr=serial
stdin=serial
stdout=serial
usbnet_devaddr=c8:a0:30:a1:db:5a
vendor=ti
ver=U-Boot 2014.07-rc2 (May 29 2014 - 18:04:30)

Environment size: 4574/131068 bytes
U-Boot# 
- 03:56:03 [INFO] Host: setenv bootcmd ''${bootcmd}' if iminfo ${loadaddr}; then bootm ${loadaddr} - ${fdt_addr_r}; else bootz ${loadaddr} - ${fdt_addr_r}; bootm ${loadaddr} - ${fdt_addr_r}; fi'
- 03:56:04 [INFO] Target: 
setenv bootcmd ''${bootcmd}' if iminfo ${loadaddr}; then bootm ${loadaddr} - ${fdt_addr_r}; else bootz ${loadaddr} - ${fdt_addr_r}; bootm ${loadaddr} - ${fdt_addr_r}; fi'
U-Boot# 
- 03:56:04 [INFO] Host: bdinfo
- 03:56:04 [INFO] Target: 
bdinfo
arch_number = 0x00000E05
boot_params = 0x80000100
DRAM bank   = 0x00000000
-> start    = 0x80000000
-> size     = 0x10000000
eth0name    = cpsw
ethaddr     = c8:a0:30:a1:db:58
eth1name    = usb_ether
eth1addr    = c8:a0:30:a1:db:5a
current eth = cpsw
ip_addr     = 192.168.0.125
baudrate    = 115200 bps
TLB addr    = 0x8FFF0000
relocaddr   = 0x8F74A000
reloc off   = 0x0EF4A000
irq_sp      = 0x8F629EE0
sp start    = 0x8F629ED0
U-Boot# 
- 03:56:04 [INFO] Host: boot
- 03:56:22 [INFO] Target: 
boot

## Checking Image at 82000000 ...
Unknown image format!
Kernel image @ 0x82000000 [ 0x000000 - 0x4af888 ]
## Flattened Device Tree blob at 88000000
   Booting using the fdt blob at 0x88000000
   Loading Device Tree to 8f61d000, end 8f627fd7 ... OK

Starting kernel ...

[    0.000000] Booting Linux on physical CPU 0x0
[    0.000000] Linux version 3.16.0-rc6-00002-gaa44220 (nmenon@kahuna) (gcc version 4.6.3 (Ubuntu/Linaro 4.6.3-1ubuntu5) ) #1 SMP Sun Jul 27 02:51:27 CDT 2014
[    0.000000] CPU: ARMv7 Processor [413fc082] revision 2 (ARMv7), cr=10c5387d
[    0.000000] CPU: PIPT / VIPT nonaliasing data cache, VIPT aliasing instruction cache
[    0.000000] Machine model: TI AM335x EVM-SK
[    0.000000] cma: CMA: reserved 64 MiB at 8b000000
[    0.000000] Memory policy: Data cache writeback
[    0.000000]   HighMem zone: 1048574 pages exceeds freesize 0
[    0.000000] CPU: All CPU(s) started in SVC mode.
[    0.000000] AM335X ES2.1 (sgx neon )
[    0.000000] PERCPU: Embedded 8 pages/cpu @cfca9000 s8448 r8192 d16128 u32768
[    0.000000] Built 1 zonelists in Zone order, mobility grouping on.  Total pages: 64768
[    0.000000] Kernel command line: console=ttyO0,115200n8 earlyprintk rootwait  ip=dhcp  root=PARTUUID=00000000-02 rw rootfstype=ext4 rootwait 
[    0.000000] PID hash table entries: 1024 (order: 0, 4096 bytes)
[    0.000000] Dentry cache hash table entries: 32768 (order: 5, 131072 bytes)
[    0.000000] Inode-cache hash table entries: 16384 (order: 4, 65536 bytes)
[    0.000000] Memory: 182144K/261120K available (6372K kernel code, 894K rwdata, 2564K rodata, 652K init, 304K bss, 78976K reserved, 0K highmem)
[    0.000000] Virtual kernel memory layout:
[    0.000000]     vector  : 0xffff0000 - 0xffff1000   (   4 kB)
[    0.000000]     fixmap  : 0xffc00000 - 0xffe00000   (2048 kB)
[    0.000000]     vmalloc : 0xd0800000 - 0xff000000   ( 744 MB)
[    0.000000]     lowmem  : 0xc0000000 - 0xd0000000   ( 256 MB)
[    0.000000]     pkmap   : 0xbfe00000 - 0xc0000000   (   2 MB)
[    0.000000]     modules : 0xbf000000 - 0xbfe00000   (  14 MB)
[    0.000000]       .text : 0xc0208000 - 0xc0ac2318   (8937 kB)
[    0.000000]       .init : 0xc0ac3000 - 0xc0b66100   ( 653 kB)
[    0.000000]       .data : 0xc0b68000 - 0xc0c47800   ( 894 kB)
[    0.000000]        .bss : 0xc0c47808 - 0xc0c93890   ( 305 kB)
[    0.000000] SLUB: HWalign=64, Order=0-3, MinObjects=0, CPUs=1, Nodes=1
[    0.000000] Hierarchical RCU implementation.
[    0.000000] 	RCU restricting CPUs from NR_CPUS=8 to nr_cpu_ids=1.
[    0.000000] RCU: Adjusting geometry for rcu_fanout_leaf=16, nr_cpu_ids=1
[    0.000000] NR_IRQS:16 nr_irqs:16 16
[    0.000000] IRQ: Found an INTC at 0xfa200000 (revision 5.0) with 128 interrupts
[    0.000000] Total of 128 interrupts on 1 active controller
[    0.000000] OMAP clockevent source: timer2 at 24000000 Hz
[    0.000012] sched_clock: 32 bits at 24MHz, resolution 41ns, wraps every 178956969942ns
[    0.000032] OMAP clocksource: timer1 at 24000000 Hz
[    0.000227] Console: colour dummy device 80x30
[    0.000258] Calibrating delay loop... 997.78 BogoMIPS (lpj=2494464)
[    0.059497] pid_max: default: 32768 minimum: 301
[    0.059642] Mount-cache hash table entries: 1024 (order: 0, 4096 bytes)
[    0.059653] Mountpoint-cache hash table entries: 1024 (order: 0, 4096 bytes)
[    0.060233] CPU: Testing write buffer coherency: ok
[    0.060558] CPU0: thread -1, cpu 0, socket -1, mpidr 0
[    0.060650] Setting up static identity map for 0x80805b00 - 0x80805b98
[    0.062461] Brought up 1 CPUs
[    0.062476] SMP: Total of 1 processors activated.
[    0.062484] CPU: All CPU(s) started in SVC mode.
[    0.063084] devtmpfs: initialized
[    0.066637] VFP support v0.3: implementor 41 architecture 3 part 30 variant c rev 3
[    0.076085] omap_hwmod: tptc0 using broken dt data from edma
[    0.076211] omap_hwmod: tptc1 using broken dt data from edma
[    0.076305] omap_hwmod: tptc2 using broken dt data from edma
[    0.080719] omap_hwmod: debugss: _wait_target_disable failed
[    0.135124] pinctrl core: initialized pinctrl subsystem
[    0.135632] regulator-dummy: no parameters
[    0.149106] NET: Registered protocol family 16
[    0.151461] DMA: preallocated 256 KiB pool for atomic coherent allocations
[    0.153353] cpuidle: using governor ladder
[    0.153373] cpuidle: using governor menu
[    0.159450] platform 49000000.edma: alias fck already exists
[    0.159520] platform 49000000.edma: alias fck already exists
[    0.159534] platform 49000000.edma: alias fck already exists
[    0.160228] OMAP GPIO hardware version 0.1
[    0.167905] No ATAGs?
[    0.167935] hw-breakpoint: debug architecture 0x4 unsupported.
[    0.168756] EXYNOS: PMU not supported
[    0.170795] Serial: AMBA PL011 UART driver
[    0.188232] edma-dma-engine edma-dma-engine.0: TI EDMA DMA engine driver
[    0.188895] vbat: 5000 mV 
[    0.189163] lis3_reg: no parameters
[    0.189254] reg-fixed-voltage fixedregulator@2: could not find pctldev for node /pinmux@44e10800/pinmux_wl12xx_gpio, deferring probe
[    0.189272] platform fixedregulator@2: Driver reg-fixed-voltage requests probe deferral
[    0.189574] vtt: 1500 mV 
[    0.191513] vgaarb: loaded
[    0.192156] SCSI subsystem initialized
[    0.192922] usbcore: registered new interface driver usbfs
[    0.192991] usbcore: registered new interface driver hub
[    0.193138] usbcore: registered new device driver usb
[    0.193702] omap_i2c 44e0b000.i2c: could not find pctldev for node /pinmux@44e10800/pinmux_i2c0_pins, deferring probe
[    0.193725] platform 44e0b000.i2c: Driver omap_i2c requests probe deferral
[    0.193952] Linux video capture interface: v2.00
[    0.194000] pps_core: LinuxPPS API ver. 1 registered
[    0.194007] pps_core: Software ver. 5.3.6 - Copyright 2005-2007 Rodolfo Giometti <giometti@linux.it>
[    0.194034] PTP clock support registered
[    0.194105] EDAC MC: Ver: 3.0.0
[    0.195031] Advanced Linux Sound Architecture Driver Initialized.
[    0.196319] Switched to clocksource timer1
[    0.206525] NET: Registered protocol family 2
[    0.207171] TCP established hash table entries: 2048 (order: 1, 8192 bytes)
[    0.207208] TCP bind hash table entries: 2048 (order: 2, 16384 bytes)
[    0.207243] TCP: Hash tables configured (established 2048 bind 2048)
[    0.207318] TCP: reno registered
[    0.207331] UDP hash table entries: 256 (order: 1, 8192 bytes)
[    0.207350] UDP-Lite hash table entries: 256 (order: 1, 8192 bytes)
[    0.207541] NET: Registered protocol family 1
[    0.207937] RPC: Registered named UNIX socket transport module.
[    0.207952] RPC: Registered udp transport module.
[    0.207958] RPC: Registered tcp transport module.
[    0.207964] RPC: Registered tcp NFSv4.1 backchannel transport module.
[    0.208880] hw perfevents: enabled with ARMv7 Cortex-A8 PMU driver, 5 counters available
[    0.210694] futex hash table entries: 256 (order: 2, 16384 bytes)
[    0.223022] squashfs: version 4.0 (2009/01/31) Phillip Lougher
[    0.223869] NFS: Registering the id_resolver key type
[    0.223946] Key type id_resolver registered
[    0.223954] Key type id_legacy registered
[    0.224012] msgmni has been set to 483
[    0.224724] Block layer SCSI generic (bsg) driver version 0.4 loaded (major 249)
[    0.224751] io scheduler noop registered
[    0.224762] io scheduler deadline registered
[    0.224964] io scheduler cfq registered (default)
[    0.226559] pinctrl-single 44e10800.pinmux: 142 pins at pa f9e10800 size 568
[    0.229532] backlight supply power not found, using dummy regulator
[    0.229672] pwm-backlight backlight: unable to request PWM, trying legacy API
[    0.229687] pwm-backlight backlight: unable to request legacy PWM
[    0.229788] platform backlight: Driver pwm-backlight requests probe deferral
[    0.288002] Serial: 8250/16550 driver, 4 ports, IRQ sharing disabled
[    0.289995] Serial: IMX driver
[    0.290293] msm_serial: driver initialized
[    0.290769] omap_uart 44e09000.serial: no wakeirq for uart0
[    0.290952] 44e09000.serial: ttyO0 at MMIO 0x44e09000 (irq = 88, base_baud = 3000000) is a OMAP UART0
[    1.017782] console [ttyO0] enabled
[    1.022019] STMicroelectronics ASC driver initialized
[    1.028025] serial: Freescale lpuart driver
[    1.032647] [drm] Initialized drm 1.1.0 20060810
[    1.042541] loop: module loaded
[    1.049350] CAN device driver interface
[    1.054959] pegasus: v0.9.3 (2013/04/25), Pegasus/Pegasus II USB Ethernet driver
[    1.062842] usbcore: registered new interface driver pegasus
[    1.068868] usbcore: registered new interface driver asix
[    1.074600] usbcore: registered new interface driver ax88179_178a
[    1.081061] usbcore: registered new interface driver cdc_ether
[    1.087261] usbcore: registered new interface driver smsc75xx
[    1.093369] usbcore: registered new interface driver smsc95xx
[    1.099457] usbcore: registered new interface driver net1080
[    1.105452] usbcore: registered new interface driver cdc_subset
[    1.111722] usbcore: registered new interface driver zaurus
[    1.117690] usbcore: registered new interface driver cdc_ncm
[    1.123686] ehci_hcd: USB 2.0 'Enhanced' Host Controller (EHCI) Driver
[    1.130552] ehci-pci: EHCI PCI platform driver
[    1.135298] ehci-platform: EHCI generic platform driver
[    1.140973] ehci-omap: OMAP-EHCI Host Controller driver
[    1.146599] ehci-orion: EHCI orion driver
[    1.150899] SPEAr-ehci: EHCI SPEAr driver
[    1.155219] tegra-ehci: Tegra EHCI driver
[    1.159546] ohci_hcd: USB 1.1 'Open' Host Controller (OHCI) Driver
[    1.166076] ohci-pci: OHCI PCI platform driver
[    1.170826] ohci-platform: OHCI generic platform driver
[    1.176440] ohci-omap3: OHCI OMAP3 driver
[    1.180742] SPEAr-ohci: OHCI SPEAr driver
[    1.185577] usbcore: registered new interface driver usb-storage
[    1.193431] mousedev: PS/2 mouse device common for all mice
[    1.201536] i2c /dev entries driver
[    1.206025] usbcore: registered new interface driver uvcvideo
[    1.212091] USB Video Class driver (1.1.1)
[    1.216401] gspca_main: v2.14.0 registered
[    1.222629] sdhci: Secure Digital Host Controller Interface driver
[    1.229145] sdhci: Copyright(c) Pierre Ossman
[    1.234831] omap_hsmmc 48060000.mmc: unable to get vmmc regulator -517
[    1.241861] platform 48060000.mmc: Driver omap_hsmmc requests probe deferral
[    1.249554] omap_hsmmc 481d8000.mmc: unable to get vmmc regulator -517
[    1.256491] platform 481d8000.mmc: Driver omap_hsmmc requests probe deferral
[    1.264233] Synopsys Designware Multimedia Card Interface Driver
[    1.271081] sdhci-pltfm: SDHCI platform and OF driver helper
[    1.277880] usbcore: registered new interface driver usbhid
[    1.283756] usbhid: USB HID core driver
[    1.292156] TCP: cubic registered
[    1.295659] NET: Registered protocol family 17
[    1.300399] can: controller area network core (rev 20120528 abi 9)
[    1.306994] NET: Registered protocol family 29
[    1.311677] can: raw protocol (rev 20120528)
[    1.316158] can: broadcast manager protocol (rev 20120528 t)
[    1.322120] can: netlink gateway (rev 20130117) max_hops=1
[    1.328389] Key type dns_resolver registered
[    1.333157] omap_voltage_late_init: Voltage driver support not added
[    1.340470] ThumbEE CPU extension supported.
[    1.345036] Registering SWP/SWPB emulation handler
[    1.351852] vwl1271: 1800 mV 
[    1.356880] tps65910 0-002d: No interrupt support, no core IRQ
[    1.367092] vrtc: 1800 mV 
[    1.370200] vrtc: supplied by vbat
[    1.375440] vio: at 1500 mV 
[    1.378562] vio: supplied by vbat
[    1.383749] vdd_mpu: 912 <--> 1312 mV at 1325 mV 
[    1.388774] vdd_mpu: supplied by vbat
[    1.394358] vdd_core: 912 <--> 1150 mV at 1137 mV 
[    1.399469] vdd_core: supplied by vbat
[    1.404791] vdd3: 5000 mV 
[    1.408931] vdig1: at 1800 mV 
[    1.412211] vdig1: supplied by vbat
[    1.417196] vdig2: at 1800 mV 
[    1.420457] vdig2: supplied by vbat
[    1.425457] vpll: at 1800 mV 
[    1.428645] vpll: supplied by vbat
[    1.433537] vdac: at 1800 mV 
[    1.436722] vdac: supplied by vbat
[    1.441615] vaux1: at 1800 mV 
[    1.444877] vaux1: supplied by vbat
[    1.449873] vaux2: at 3300 mV 
[    1.453154] vaux2: supplied by vbat
[    1.458135] vaux33: at 3300 mV 
[    1.461502] vaux33: supplied by vbat
[    1.466566] vmmc: 1800 <--> 3300 mV at 3300 mV 
[    1.471406] vmmc: supplied by vbat
[    1.476060] vbb: at 3000 mV 
[    1.479313] vbb: supplied by vbat
[    1.484636] tps65910-rtc tps65910-rtc: IRQ is not free.
[    1.490178] tps65910-rtc: probe of tps65910-rtc failed with error -22
[    1.499370] omap_i2c 44e0b000.i2c: bus 0 rev0.11 at 400 kHz
[    1.505836] backlight supply power not found, using dummy regulator
[    1.512629] pwm-backlight backlight: unable to request PWM, trying legacy API
[    1.520155] pwm-backlight backlight: unable to request legacy PWM
[    1.526649] platform backlight: Driver pwm-backlight requests probe deferral
[    1.598838] mmc0: host does not support reading read-only switch. assuming write-enable.
[    1.609888] mmc0: new high speed SDHC card at address 1234
[    1.616162] mmcblk0: mmc0:1234 SA04G 3.63 GiB 
[    1.623042]  mmcblk0: p1 p2 p3
[    1.671928] backlight supply power not found, using dummy regulator
[    1.678702] pwm-backlight backlight: unable to request PWM, trying legacy API
[    1.686222] pwm-backlight backlight: unable to request legacy PWM
[    1.692713] platform backlight: Driver pwm-backlight requests probe deferral
[    1.720176] omap_hsmmc 481d8000.mmc: card claims to support voltages below defined range
[    1.738577] mmc1: queuing unknown CIS tuple 0x91 (3 bytes)
[    1.745401] mmc1: new SDIO card at address 0001
[    1.751344] davinci_mdio 4a101000.mdio: davinci mdio revision 1.6
[    1.757756] davinci_mdio 4a101000.mdio: detected phy mask fffffffc
[    1.765797] backlight supply power not found, using dummy regulator
[    1.772623] pwm-backlight backlight: unable to request PWM, trying legacy API
[    1.780147] pwm-backlight backlight: unable to request legacy PWM
[    1.786634] platform backlight: Driver pwm-backlight requests probe deferral
[    1.795189] libphy: 4a101000.mdio: probed
[    1.799491] davinci_mdio 4a101000.mdio: phy[0]: device 4a101000.mdio:00, driver Atheros 8031 ethernet
[    1.809181] davinci_mdio 4a101000.mdio: phy[1]: device 4a101000.mdio:01, driver Atheros 8031 ethernet
[    1.819894] cpsw 4a100000.ethernet: Detected MACID = c8:a0:30:a1:db:58
[    1.827661] cpsw 4a100000.ethernet: cpsw: Detected MACID = c8:a0:30:a1:db:5a
[    1.836826] input: gpio_buttons@0 as /devices/gpio_buttons@0/input/input0
[    1.844621] backlight supply power not found, using dummy regulator
[    1.851460] pwm-backlight backlight: unable to request PWM, trying legacy API
[    1.858980] pwm-backlight backlight: unable to request legacy PWM
[    1.865473] platform backlight: Driver pwm-backlight requests probe deferral
[    1.873890] drivers/rtc/hctosys.c: unable to open rtc device (rtc0)
[    1.884549] net eth0: initializing cpsw version 1.12 (0)
[    1.893428] backlight supply power not found, using dummy regulator
[    1.900309] pwm-backlight backlight: unable to request PWM, trying legacy API
[    1.907846] pwm-backlight backlight: unable to request legacy PWM
[    1.914338] platform backlight: Driver pwm-backlight requests probe deferral
[    1.957108] net eth0: phy found : id is : 0x4dd074
[    1.966669] net eth1: initializing cpsw version 1.12 (0)
[    2.037046] net eth1: phy found : id is : 0x4dd074
[    5.957210] cpsw 4a100000.ethernet eth0: Link is Up - 1Gbps/Full - flow control rx/tx
[    5.976333] Sending DHCP requests ., OK
[    6.026794] IP-Config: Got DHCP answer from 192.168.0.1, my address is 192.168.0.125
[    6.038067] IP-Config: Complete:
[    6.041504]      device=eth0, hwaddr=c8:a0:30:a1:db:58, ipaddr=192.168.0.125, mask=255.255.255.0, gw=192.168.0.1
[    6.052190]      host=192.168.0.125, domain=ti.com, nis-domain=(none)
[    6.058954]      bootserver=192.168.0.1, rootserver=192.168.0.1, rootpath=
[    6.065990]      nameserver0=192.0.2.2, nameserver1=192.0.2.3
[    6.072625] lis3_reg: disabling
[    6.076041] ALSA device list:
[    6.079193]   No soundcards found.
[    6.106560] EXT4-fs (mmcblk0p2): mounted filesystem with ordered data mode. Opts: (null)
[    6.115147] VFS: Mounted root (ext4 filesystem) on device 179:2.
[    6.130395] devtmpfs: mounted
[    6.134290] Freeing unused kernel memory: 652K (c0ac3000 - c0b66000)

INIT: version 2.88 booting

Error opening /dev/fb0: No such file or directory
Starting udev
[    6.705392] udevd[76]: starting version 182
[    9.244242] FAT-fs (mmcblk0p1): codepage cp437 not found
[    9.343050] random: nonblocking pool is initialized
[    9.391000] FAT-fs (mmcblk0p1): codepage cp437 not found
[    9.971550] FAT-fs (mmcblk0p1): codepage cp437 not found
[   10.134496] FAT-fs (mmcblk0p1): codepage cp437 not found
Starting Bootlog daemon: bootlogd.

[   10.301839] EXT4-fs (mmcblk0p2): re-mounted. Opts: data=ordered
ALSA: Restoring mixer settings...

/usr/sbin/alsactl: load_state:1696: Configuring network interfaces... No soundcards found...

udhcpc (v1.20.2) started

Sending discover...

Sending select for 192.168.0.103...

Lease of 192.168.0.103 obtained, lease time 7200

/etc/udhcpc.d/50default: Adding DNS 192.0.2.2

/etc/udhcpc.d/50default: Adding DNS 192.0.2.3

done.

hwclock: can't open '/dev/misc/rtc': No such file or directory

Wed May 21 23:45:00 UTC 2014

hwclock: can't open '/dev/misc/rtc': No such file or directory


INIT: Entering runlevel: 5


Starting system message bus: dbus.

Starting Dropbear SSH server: dropbear.

Starting telnet daemon.

hwclock: can't open '/dev/misc/rtc': No such file or directory

Starting syslogd/klogd: done

Starting thttpd.

Starting Lighttpd Web Server: lighttpd.

2014-05-21 23:45:00: (log.c.166) server started 

/etc/rc5.d/S96am335x-pm-firmware-load: line 4: /sys/devices/ocp.2/44d00000.wkup_m3/firmware/am335x-pm-firmware.bin/loading: No such file or directory

/etc/rc5.d/S96am335x-pm-firmware-load: line 5: /sys/devices/ocp.2/44d00000.wkup_m3/firmware/am335x-pm-firmware.bin/data: No such file or directory

/etc/rc5.d/S96am335x-pm-firmware-load: line 6: /sys/devices/ocp.2/44d00000.wkup_m3/firmware/am335x-pm-firmware.bin/loading: No such file or directory

/

Starting Matrix GUI application.

***************************************************************

***************************************************************

NOTICE: This file system contains the followin GPLv3 packages:

	binutils-symlinks

	binutils

	gdbserver



If you do not wish to distribute GPLv3 components please remove

the above packages prior to distribution.  This can be done using

the opkg remove command.  i.e.:

    opkg remove <package>

Where <package> is the name printed in the list above



NOTE: If the package is a dependency of another package you

      will be notified of the dependent packages.  You should

      use the --force-removal-of-dependent-packages option to

      also remove the dependent packages as well

***************************************************************

***************************************************************

Stopping Bootlog daemon: bootlogd.

 _____                    _____           _         _   
|  _  |___ ___ ___ ___   |  _  |___ ___  |_|___ ___| |_ 
|     |  _| .'| . | . |  |   __|  _| . | | | -_|  _|  _|
|__|__|_| |__,|_  |___|  |__|  |_| |___|_| |___|___|_|  
              |___|                    |___|            

Arago Project http://arago-project.org am335x-evm ttyO0

Arago 2013.10 am335x-evm ttyO0

am335x-evm login: 
- 03:56:22 [INFO] Host: root
- 03:56:26 [INFO] Target: 
root
root@am335x-evm:~# 
- 03:56:26 [INFO] Host: uname -a
- 03:56:27 [INFO] Target: 
uname -a
Linux am335x-evm 3.16.0-rc6-00002-gaa44220 #1 SMP Sun Jul 27 02:51:27 CDT 2014 armv7l GNU/Linux
root@am335x-evm:~# 
- 03:56:27 [INFO] Host: cat /proc/cmdline
- 03:56:27 [INFO] Target: 
cat /proc/cmdline
console=ttyO0,115200n8 earlyprintk rootwait  ip=dhcp  root=PARTUUID=00000000-02 rw rootfstype=ext4 rootwait 
root@am335x-evm:~# 
- 03:56:27 [INFO] Host: uname -a
- 03:56:28 [INFO] Target: 
uname -a
Linux am335x-evm 3.16.0-rc6-00002-gaa44220 #1 SMP Sun Jul 27 02:51:27 CDT 2014 armv7l GNU/Linux
root@am335x-evm:~# 
- 03:56:28 [INFO] Host: cat /proc/mtd
- 03:56:28 [INFO] Target: 
cat /proc/mtd
dev:    size   erasesize  name
root@am335x-evm:~# 
- 03:56:36 [INFO] Host: export IPERFHOST=192.168.0.1
- 03:56:37 [INFO] Target: 
export IPERFHOST=192.168.0.1
root@am335x-evm:~# 
- 03:56:37 [INFO] Host: export NFS_SERVER=192.168.0.1
- 03:56:37 [INFO] Target: 
export NFS_SERVER=192.168.0.1
root@am335x-evm:~# 
- 03:56:37 [INFO] Host: export NFS_ROOT_PATH=/home/tigtfarm02/NFS_exports/am335x-sk
- 03:56:38 [INFO] Target: 
export NFS_ROOT_PATH=/home/tigtfarm02/NFS_exports/am335x-sk
root@am335x-evm:~# 
- 03:56:38 [INFO] Host: mkdir -p -m 777 /test
- 03:56:38 [INFO] Target: 
mkdir -p -m 777 /test
root@am335x-evm:~# 
- 03:56:38 [INFO] Host: cd /test
- 03:56:39 [INFO] Target: 
cd /test
root@am335x-evm:/test# 
- 03:56:39 [INFO] Host: cat > test.sh << EOF
- 03:56:39 [INFO] Target: 
cat > test.sh << EOF
> 
- 03:56:39 [INFO] Host: failtest() {

- 03:56:40 [INFO] Target: 
failtest() {
> 
- 03:56:40 [INFO] Host:   echo 1 >&3

- 03:56:40 [INFO] Target: 
  echo 1 >&3
> 
- 03:56:40 [INFO] Host: }

- 03:56:41 [INFO] Target: 
}
> 
- 03:56:41 [INFO] Host: timeout=600

- 03:56:41 [INFO] Target: 
timeout=600
> 
- 03:56:41 [INFO] Host: 

- 03:56:42 [INFO] Target: 

> 
- 03:56:42 [INFO] Host: # Start of user's script logic

- 03:56:42 [INFO] Target: 
# Start of user's script logic
> 
- 03:56:42 [INFO] Host: 

- 03:56:43 [INFO] Target: 

> 
- 03:56:43 [INFO] Host: 

- 03:56:43 [INFO] Target: 

> 
- 03:56:43 [INFO] Host: mount -t proc proc /proc 2>/dev/null;

- 03:56:44 [INFO] Target: 
mount -t proc proc /proc 2>/dev/null;
> 
- 03:56:44 [INFO] Host: 

- 03:56:44 [INFO] Target: 

> 
- 03:56:44 [INFO] Host: mount -t sysfs sys /sys 2>/dev/null;

- 03:56:45 [INFO] Target: 
mount -t sysfs sys /sys 2>/dev/null;
> 
- 03:56:45 [INFO] Host: 

- 03:56:45 [INFO] Target: 

> 
- 03:56:45 [INFO] Host: mount -t debugfs none /sys/kernel/debug 2>/dev/null;

- 03:56:46 [INFO] Target: 
mount -t debugfs none /sys/kernel/debug 2>/dev/null;
> 
- 03:56:46 [INFO] Host: 

- 03:56:46 [INFO] Target: 

> 
- 03:56:46 [INFO] Host: echo 'cpuinfo:';cat /proc/cpuinfo; echo '=======';

- 03:56:47 [INFO] Target: 
echo 'cpuinfo:';cat /proc/cpuinfo; echo '=======';
> 
- 03:56:47 [INFO] Host: 

- 03:56:47 [INFO] Target: 

> 
- 03:56:47 [INFO] Host: echo 'soc info:';head /sys/devices/soc0/* 2>/dev/null; echo '=======';

- 03:56:48 [INFO] Target: 
echo 'soc info:';head /sys/devices/soc0/* 2>/dev/null; echo '=======';
> 
- 03:56:48 [INFO] Host: 

- 03:56:48 [INFO] Target: 

> 
- 03:56:48 [INFO] Host: echo 'interrupts:';cat /proc/interrupts; echo '=======';

- 03:56:49 [INFO] Target: 
echo 'interrupts:';cat /proc/interrupts; echo '=======';
> 
- 03:56:49 [INFO] Host: 

- 03:56:49 [INFO] Target: 

> 
- 03:56:49 [INFO] Host: echo 'Clk_summary:';cat /sys/kernel/debug/clk/clk_summary; echo '=======';

- 03:56:50 [INFO] Target: 
echo 'Clk_summary:';cat /sys/kernel/debug/clk/clk_summary; echo '=======';
> 
- 03:56:50 [INFO] Host: 

- 03:56:50 [INFO] Target: 

> 
- 03:56:50 [INFO] Host: echo 'Orphan Clks:';ls /sys/kernel/debug/clk/orphans/; echo '=======';

- 03:56:51 [INFO] Target: 
echo 'Orphan Clks:';ls /sys/kernel/debug/clk/orphans/; echo '=======';
> 
- 03:56:51 [INFO] Host: 

- 03:56:51 [INFO] Target: 

> 
- 03:56:51 [INFO] Host: echo 'H''ello World' 'B''oard Booted';

- 03:56:52 [INFO] Target: 
echo 'H''ello World' 'B''oard Booted';
> 
- 03:56:52 [INFO] Host: 

- 03:56:52 [INFO] Target: 

> 
- 03:56:52 [INFO] Host: EOF
- 03:56:53 [INFO] Target: 
EOF
root@am335x-evm:/test# 
- 03:56:53 [INFO] Host: cd /test
- 03:56:53 [INFO] Target: 
cd /test
root@am335x-evm:/test# 
- 03:56:53 [INFO] Host: chmod +x test.sh
- 03:56:54 [INFO] Target: 
chmod +x test.sh
root@am335x-evm:/test# 
- 03:56:54 [INFO] Host: ./test.sh 2> stderr.log > stdout.log 3> result.log
- 03:56:54 [INFO] Target: 
./test.sh 2> stderr.log > stdout.log 3> result.log
root@am335x-evm:/test# 
- 03:56:54 [INFO] Host: echo $?
- 03:56:55 [INFO] Target: 
echo $?
0
root@am335x-evm:/test# 
- 03:56:55 [INFO] Host: cd /test
- 03:56:55 [INFO] Target: 
cd /test
root@am335x-evm:/test# 
- 03:56:55 [INFO] Host: cat stdout.log
- 03:56:56 [INFO] Target: 
cat stdout.log
cpuinfo:
processor	: 0
model name	: ARMv7 Processor rev 2 (v7l)
Features	: swp half thumb fastmult vfp edsp thumbee neon vfpv3 tls vfpd32 
CPU implementer	: 0x41
CPU architecture: 7
CPU variant	: 0x3
CPU part	: 0xc08
CPU revision	: 2

Hardware	: Generic AM33XX (Flattened Device Tree)
Revision	: 0000
Serial		: 0000000000000000
=======
soc info:
==> /sys/devices/soc0/family <==
Unknown

==> /sys/devices/soc0/machine <==
AM335X

==> /sys/devices/soc0/power <==

==> /sys/devices/soc0/revision <==
ES2.1

==> /sys/devices/soc0/subsystem <==

==> /sys/devices/soc0/type <==
GP

==> /sys/devices/soc0/uevent <==
=======
interrupts:
           CPU0       
 28:       1840      INTC  12  edma
 30:          1      INTC  14  edma_error
 44:        144      INTC  28  mmc1
 56:          0      INTC  40  4a100000.ethernet
 57:         31      INTC  41  4a100000.ethernet
 58:         10      INTC  42  4a100000.ethernet
 59:          0      INTC  43  4a100000.ethernet
 80:       5566      INTC  64  mmc0
 84:       3766      INTC  68  gp_timer
 86:        316      INTC  70  44e0b000.i2c
 88:       3842      INTC  72  OMAP UART0
150:          0      GPIO   6  mmc0
174:          0      GPIO  30  button2
210:          0      GPIO   2  button1
211:          0      GPIO   3  button0
213:          0      GPIO   5  button3
IPI0:          0  CPU wakeup interrupts
IPI1:          0  Timer broadcast interrupts
IPI2:          0  Rescheduling interrupts
IPI3:          0  Function call interrupts
IPI4:          0  Single function call interrupts
IPI5:          0  CPU stop interrupts
IPI6:          0  IRQ work interrupts
IPI7:          0  completion interrupts
Err:          0
=======
Clk_summary:
   clock                         enable_cnt  prepare_cnt        rate   accuracy
--------------------------------------------------------------------------------
 tclkin_ck                                0            0    12000000          0
 virt_26000000_ck                         0            0    26000000          0
 virt_25000000_ck                         0            0    25000000          0
 virt_24000000_ck                         1            1    24000000          0
    sys_clkin_ck                          9           23    24000000          0
       timer6_fck                         0            1    24000000          0
       timer3_fck                         0            1    24000000          0
       dpll_per_ck                        1            2   960000000          0
          dpll_per_m2_ck                  2            4   192000000          0
             ehrpwm2_tbclk                0            0   192000000          0
             ehrpwm1_tbclk                0            0   192000000          0
             ehrpwm0_tbclk                0            0   192000000          0
             mmc_clk                      0            3    96000000          0
             clk_24mhz                    1            1    24000000          0
                clkdiv32k_ck              1            1       32786          0
                   clkdiv32k_ick           2            5       32786          0
                      wdt1_fck            0            1       32786          0
                      gpio3_dbclk           0            1       32786          0
                      gpio2_dbclk           1            2       32786          0
                      gpio1_dbclk           0            1       32786          0
             dpll_per_m2_div4_ck           0            9    48000000          0
             dpll_per_m2_div4_wkupdm_ck           1            2    48000000          0
          usbotg_fck                      0            1   960000000          0
       dpll_disp_ck                       0            1    24000000          0
          dpll_disp_m2_ck                 0            1    24000000          0
             lcd_gclk                     0            1    24000000          0
       dpll_ddr_ck                        1            1   303000000          0
          dpll_ddr_m2_ck                  2            2   303000000          0
             dpll_ddr_m2_div2_ck           1            1   151500000          0
       dpll_mpu_ck                        1            1  1000000000          0
          dpll_mpu_m2_ck                  4            4  1000000000          0
       dpll_core_ck                       1            1  1000000000          0
          dpll_core_x2_ck                 2            2  2000000000          0
             dpll_core_m6_ck              0            0   500000000          0
             dpll_core_m5_ck              1            1   250000000          0
                cpsw_cpts_rft_clk           0            0   250000000          0
                cpsw_125mhz_gclk           3            3   125000000          0
             dpll_core_m4_ck              9           11   200000000          0
                dbg_clka_ck               0            2   200000000          0
                   trace_pmd_clk_mux_ck           0            1   200000000          0
                      trace_clk_div_ck           0            1    50000000          0
                   stm_pmd_clock_mux_ck           0            0   200000000          0
                      stm_clk_div_ck           0            0    50000000          0
                gfx_fclk_clksel_ck           0            1   200000000          0
                   gfx_fck_div_ck           0            1   200000000          0
                sysclk_div_ck             0            0   200000000          0
                l4hs_gclk                 2            2   200000000          0
                l4_rtc_gclk               0            0   100000000          0
                dpll_core_m4_div2_ck          16           17   100000000          0
                   l4ls_gclk             43           59   100000000          0
                   l4fw_gclk              1            1   100000000          0
                   l3s_gclk               9           10   100000000          0
                   ieee5000_fck           0            0   100000000          0
                mmu_fck                   0            0   200000000          0
                l3_gclk                  13           15   200000000          0
                   pruss_ocp_gclk           0            1   200000000          0
       rng_fck                            1            2    24000000          0
       aes0_fck                           1            2    24000000          0
       sha0_fck                           1            1    24000000          0
       smartreflex1_fck                   0            1    24000000          0
       smartreflex0_fck                   0            1    24000000          0
       mcasp1_fck                         0            1    24000000          0
       mcasp0_fck                         0            1    24000000          0
       dcan1_fck                          0            1    24000000          0
       dcan0_fck                          0            1    24000000          0
       adc_tsc_fck                        0            1    24000000          0
       cefuse_fck                         0            0    24000000          0
       timer1_fck                         1            1    24000000          0
       timer2_fck                         1            1    24000000          0
       timer4_fck                         0            1    24000000          0
       timer5_fck                         0            1    24000000          0
       timer7_fck                         0            1    24000000          0
       dbg_sysclk_ck                      0            1    24000000          0
 virt_19200000_ck                         0            0    19200000          0
 clk_rc32k_ck                             1            1       32000          0
    gpio0_dbclk_mux_ck                    1            1       32000          0
       gpio0_dbclk                        1            2       32000          0
 clk_32768_ck                             1            2       32768          0
    sysclkout_pre_ck                      1            1       32768          0
       clkout2_div_ck                     1            1       32768          0
          clkout2_ck                      1            1       32768          0
=======
Orphan Clks:
=======
Hello World Board Booted
root@am335x-evm:/test# 
- 03:56:56 [INFO] Host: cat stderr.log
- 03:56:57 [INFO] Target: 
cat stderr.log
root@am335x-evm:/test# 
- 03:56:57 [INFO] Host: cat result.log
- 03:56:59 [ERROR] On command: cat result.log waiting for (?m-ix:^1[\0\n\r]+) >>> error: execution expired
- 03:56:59 [INFO] Target: 
cat result.log
root@am335x-evm:/test# 
- 03:56:59 [INFO] Host: cd /test
- 03:56:59 [INFO] Target: 
cd /test
root@am335x-evm:/test# 
