- 01:24:15 [INFO] Starting target session
- 01:24:15 [INFO] Connected to am335x-sk via serial 
- 01:24:15 [INFO] Host: #check prompt
- 01:24:18 [ERROR] On command: #check prompt waiting for #check prompt.+?(?-mix:((?-mix:login:)|[Pp]assword)) >>> error: execution expired
- 01:24:18 [INFO] Target: 
#check prompt
root@am335x-evm:/test# 
- 01:24:18 [INFO] Host: #check prompt
- 01:24:19 [INFO] Target: 
#check prompt
root@am335x-evm:/test# 
- 01:24:19 [INFO] Host: sync;poweroff
- 01:24:35 [INFO] Target: 
sync;poweroff
Broadcast message from root@am335x-evm (ttyO0) (Sun May 11 20:18:35 2014):
The system is going down for system halt NOW!
INIT: Switching to runlevel:root@am335x-evm:/test# 
INIT: Sending processes the TERM signal
INIT: Sending processes the KILL siStopping Dropbear SSH server: stopped /usr/sbin/dropbear (pid 569)
dropbear.
Stopping telnet daemon.
Stopping system message bus: Error opening /dev/fb0: No such file or directory
Stopping syslogd/klogd: stopped syslogd (pid 581)
stopped klogd (pid 584)
done
Stopping thttpd.
ALSA: Storing mixer settings...
/usr/sbin/alsactl: save_state:1580: No soundcards found...
Deconfiguring network interfaces... done.
Stopping Lighttpd Web Server: stopped /usr/sbin/lighttpd (pid 596)
lighttpd.
Stopping Matrix GUI applicationstart-stop-daemon: warning: killing process 604: No such process
***************************************************************
***************************************************************
NOTICE: This file system contains the followin GPLv3 packages:
	binutils-symlinks
	binutils
	gdbserver
If you do not wish to distribute GPLv3 components please remove
the above packages prior to distribution.  This can be done using
the opkg remove command.  i.e.:
    opkg remove <package>
Where <package> is the name printed in the list above
NOTE: If the package is a dependency of another package you
      will be notified of the dependent packages.  You should
      use the --force-removal-of-dependent-packages option to
      also remove the dependent packages as well
***************************************************************
***************************************************************
Sending all processes the TERM signal...
Sending all processes the KILL signal...
Unmounting remote filesystems...
Deactivating swap...
Unmounting local filesystems...
[ 2710.402625] EXT4-fs (mmcblk0p2): re-mounted. Opts: data=ordered
[ 2712.707793] reboot: System halted
- 01:24:35 [INFO] Disconnected serial from am335x-sk
- 01:24:41 [INFO] Connected to am335x-sk via serial 
- 01:24:41 [INFO] Host: 
- 01:24:41 [ERROR] On command:  waiting for (?-mix:U-Boot#) >>> error: execution expired
- 01:24:41 [INFO] Target: 
- 01:24:41 [INFO] Host: 
- 01:24:42 [ERROR] On command:  waiting for (?-mix:U-Boot#) >>> error: execution expired
- 01:24:42 [INFO] Target: 
- 01:24:42 [INFO] Host: 
- 01:24:42 [ERROR] On command:  waiting for (?-mix:U-Boot#) >>> error: execution expired
- 01:24:42 [INFO] Target: 
reading args
spl_load_image_fat_os: error reading image args, err - -1
reading u-boot.img
reading u-boot.img
U-Boot 2014.07-00071-gaca0808 (Oct 02 2014 - 11:22:57), Build: jenkins-ti-linux-3-14-y_opentest-216
I2C:   ready
DRAM:  256 MiB
- 01:24:42 [INFO] Host: 
- 01:24:43 [ERROR] On command:  waiting for (?-mix:U-Boot#) >>> error: execution expired
- 01:24:43 [INFO] Target: 
NAND:  0 MiB
MMC:   OMAP SD/MMC: 0, OMAP SD/MMC: 1
reading uboot.env
** Unable to read "uboot.env" from mmc0:1 **
Using default environment
- 01:24:43 [INFO] Host: 
- 01:24:43 [INFO] Target: 
Net:   <ethaddr> not set. Validating first E-fuse MAC
cpsw, usb_ether
Hit any key to stop autoboot:  1  0 
U-Boot# 
U-Boot# 
- 01:24:43 [INFO] Host: 
- 01:24:44 [INFO] Target: 
U-Boot# 
- 01:24:44 [INFO] Host: version
- 01:24:44 [INFO] Target: 
version
U-Boot 2014.07-00071-gaca0808 (Oct 02 2014 - 11:22:57)
arm-linux-gnueabihf-gcc (crosstool-NG linaro-1.13.1-4.7-2013.03-20130313 - Linaro GCC 2013.03) 4.7.3 20130226 (prerelease)
GNU ld (crosstool-NG linaro-1.13.1-4.7-2013.03-20130313 - Linaro GCC 2013.03) 2.23.1
U-Boot# 
- 01:24:44 [INFO] Host: setenv bootargs 'console=ttyO0,115200n8 earlyprintk rootwait '
- 01:24:45 [INFO] Target: 
setenv bootargs 'console=ttyO0,115200n8 earlyprintk rootwait '
U-Boot# 
- 01:24:45 [INFO] Host: setenv bootcmd  ''
- 01:24:45 [INFO] Target: 
setenv bootcmd  ''
U-Boot# 
- 01:24:45 [INFO] Host: setenv autoload 'no'
- 01:24:46 [INFO] Target: 
setenv autoload 'no'
U-Boot# 
- 01:24:46 [INFO] Host: setenv serverip '192.168.0.1'
- 01:24:46 [INFO] Target: 
setenv serverip '192.168.0.1'
U-Boot# 
- 01:24:46 [INFO] Host: printenv
- 01:24:47 [INFO] Target: 
printenv
arch=arm
autoload=no
baudrate=115200
board=am335x
board_name=A335X_SK
board_rev=1.2B
boot_fdt=try
bootargs=console=ttyO0,115200n8 earlyprintk rootwait 
bootcmd=
bootcount=1
bootdelay=1
bootdir=/boot
bootenv=uEnv.txt
bootfile=zImage
bootm_size=0x10000000
bootpart=0:2
console=ttyO0,115200n8
cpu=armv7
dfu_alt_info_emmc=rawemmc mmc 0 3751936
dfu_alt_info_mmc=boot part 0 1;rootfs part 0 2;MLO fat 0 1;MLO.raw mmc 0x100 0x100;u-boot.img.raw mmc 0x300 0x400;spl-os-args.raw mmc 0x80 0x80;spl-os-image.raw mmc 0x900 0x2000;spl-os-args fat 0 1;spl-os-image fat 0 1;u-boot.img fat 0 1;uEnv.txt fat 0 1
dfu_alt_info_nand=SPL part 0 1;SPL.backup1 part 0 2;SPL.backup2 part 0 3;SPL.backup3 part 0 4;u-boot part 0 5;u-boot-spl-os part 0 6;kernel part 0 8;rootfs part 0 9
dfu_alt_info_ram=kernel ram 0x80200000 0xD80000;fdt ram 0x80F80000 0x80000;ramdisk ram 0x81000000 0x4000000
eth1addr=d4:94:a1:88:6b:ea
ethact=cpsw
ethaddr=d4:94:a1:88:6b:e9
fdt_addr_r=0x88000000
fdtaddr=0x88000000
fdtfile=undefined
findfdt=if test $board_name = A335BONE; then setenv fdtfile am335x-bone.dtb; fi; if test $board_name = A335BNLT; then setenv fdtfile am335x-boneblack.dtb; fi; if test $board_name = A33515BB; then setenv fdtfile am335x-evm.dtb; fi; if test $board_name = A335X_SK; then setenv fdtfile am335x-evmsk.dtb; fi; if test $fdtfile = undefined; then echo WARNING: Could not determine device tree to use; fi; 
importbootenv=echo Importing environment from mmc ...; env import -t -r $loadaddr $filesize
kernel_addr_r=0x82000000
loadaddr=0x82000000
loadbootenv=load mmc ${mmcdev} ${loadaddr} ${bootenv}
loadfdt=load mmc ${bootpart} ${fdtaddr} ${bootdir}/${fdtfile}
loadimage=load mmc ${bootpart} ${loadaddr} ${bootdir}/${bootfile}
loadramdisk=load mmc ${mmcdev} ${rdaddr} ramdisk.gz
mmcargs=setenv bootargs console=${console} ${optargs} root=${mmcroot} rootfstype=${mmcrootfstype}
mmcboot=mmc dev ${mmcdev}; if mmc rescan; then echo SD/MMC found on device ${mmcdev};if run loadbootenv; then echo Loaded environment from ${bootenv};run importbootenv;fi;if test -n $uenvcmd; then echo Running uenvcmd ...;run uenvcmd;fi;if run loadimage; then run mmcloados;fi;fi;
mmcdev=0
mmcloados=run mmcargs; if test ${boot_fdt} = yes || test ${boot_fdt} = try; then if run loadfdt; then bootz ${loadaddr} - ${fdtaddr}; else if test ${boot_fdt} = try; then bootz; else echo WARN: Cannot load the DT; fi; fi; else bootz; fi;
mmcroot=/dev/mmcblk0p2 ro
mmcrootfstype=ext4 rootwait
mtdids=nand0=nand.0
mtdparts=mtdparts=nand.0:128k(NAND.SPL),128k(NAND.SPL.backup1),128k(NAND.SPL.backup2),128k(NAND.SPL.backup3),256k(NAND.u-boot-spl-os),1m(NAND.u-boot),128k(NAND.u-boot-env),128k(NAND.u-boot-env.backup1),8m(NAND.kernel),-(NAND.file-system)
nandargs=setenv bootargs console=${console} ${optargs} root=${nandroot} rootfstype=${nandrootfstype}
nandboot=echo Booting from nand ...; run nandargs; nand read ${fdtaddr} NAND.u-boot-spl-os; nand read ${loadaddr} NAND.kernel; bootz ${loadaddr} - ${fdtaddr}
nandroot=ubi0:rootfs rw ubi.mtd=NAND.file-system,2048
nandrootfstype=ubifs rootwait=1
netargs=setenv bootargs console=${console} ${optargs} root=/dev/nfs nfsroot=${serverip}:${rootpath},${nfsopts} rw ip=dhcp
netboot=echo Booting from network ...; setenv autoload no; dhcp; tftp ${loadaddr} ${bootfile}; tftp ${fdtaddr} ${fdtfile}; run netargs; bootz ${loadaddr} - ${fdtaddr}
nfsopts=nolock
partitions=uuid_disk=${uuid_gpt_disk};name=rootfs,start=2MiB,size=-,uuid=${uuid_gpt_rootfs}
ramargs=setenv bootargs console=${console} ${optargs} root=${ramroot} rootfstype=${ramrootfstype}
ramboot=echo Booting from ramdisk ...; run ramargs; bootz ${loadaddr} ${rdaddr} ${fdtaddr}
ramdisk_addr_r=0x88080000
ramroot=/dev/ram0 rw
ramrootfstype=ext2
rdaddr=0x88080000
rootpath=/export/rootfs
serverip=192.168.0.1
soc=am33xx
spiargs=setenv bootargs console=${console} ${optargs} root=${spiroot} rootfstype=${spirootfstype}
spiboot=echo Booting from spi ...; run spiargs; sf probe ${spibusno}:0; sf read ${loadaddr} ${spisrcaddr} ${spiimgsize}; bootz ${loadaddr}
spibusno=0
spiimgsize=0x362000
spiroot=/dev/mtdblock4 rw
spirootfstype=jffs2
spisrcaddr=0xe0000
static_ip=${ipaddr}:${serverip}:${gatewayip}:${netmask}:${hostname}::off
stderr=serial
stdin=serial
stdout=serial
usbnet_devaddr=d4:94:a1:88:6b:ea
vendor=ti
ver=U-Boot 2014.07-00071-gaca0808 (Oct 02 2014 - 11:22:57)
Environment size: 4470/131068 bytes
U-Boot# 
- 01:24:47 [INFO] Host: printenv
- 01:24:47 [INFO] Target: 
printenv
arch=arm
autoload=no
baudrate=115200
board=am335x
board_name=A335X_SK
board_rev=1.2B
boot_fdt=try
bootargs=console=ttyO0,115200n8 earlyprintk rootwait 
bootcmd=
bootcount=1
bootdelay=1
bootdir=/boot
bootenv=uEnv.txt
bootfile=zImage
bootm_size=0x10000000
bootpart=0:2
console=ttyO0,115200n8
cpu=armv7
dfu_alt_info_emmc=rawemmc mmc 0 3751936
dfu_alt_info_mmc=boot part 0 1;rootfs part 0 2;MLO fat 0 1;MLO.raw mmc 0x100 0x100;u-boot.img.raw mmc 0x300 0x400;spl-os-args.raw mmc 0x80 0x80;spl-os-image.raw mmc 0x900 0x2000;spl-os-args fat 0 1;spl-os-image fat 0 1;u-boot.img fat 0 1;uEnv.txt fat 0 1
dfu_alt_info_nand=SPL part 0 1;SPL.backup1 part 0 2;SPL.backup2 part 0 3;SPL.backup3 part 0 4;u-boot part 0 5;u-boot-spl-os part 0 6;kernel part 0 8;rootfs part 0 9
dfu_alt_info_ram=kernel ram 0x80200000 0xD80000;fdt ram 0x80F80000 0x80000;ramdisk ram 0x81000000 0x4000000
eth1addr=d4:94:a1:88:6b:ea
ethact=cpsw
ethaddr=d4:94:a1:88:6b:e9
fdt_addr_r=0x88000000
fdtaddr=0x88000000
fdtfile=undefined
findfdt=if test $board_name = A335BONE; then setenv fdtfile am335x-bone.dtb; fi; if test $board_name = A335BNLT; then setenv fdtfile am335x-boneblack.dtb; fi; if test $board_name = A33515BB; then setenv fdtfile am335x-evm.dtb; fi; if test $board_name = A335X_SK; then setenv fdtfile am335x-evmsk.dtb; fi; if test $fdtfile = undefined; then echo WARNING: Could not determine device tree to use; fi; 
importbootenv=echo Importing environment from mmc ...; env import -t -r $loadaddr $filesize
kernel_addr_r=0x82000000
loadaddr=0x82000000
loadbootenv=load mmc ${mmcdev} ${loadaddr} ${bootenv}
loadfdt=load mmc ${bootpart} ${fdtaddr} ${bootdir}/${fdtfile}
loadimage=load mmc ${bootpart} ${loadaddr} ${bootdir}/${bootfile}
loadramdisk=load mmc ${mmcdev} ${rdaddr} ramdisk.gz
mmcargs=setenv bootargs console=${console} ${optargs} root=${mmcroot} rootfstype=${mmcrootfstype}
mmcboot=mmc dev ${mmcdev}; if mmc rescan; then echo SD/MMC found on device ${mmcdev};if run loadbootenv; then echo Loaded environment from ${bootenv};run importbootenv;fi;if test -n $uenvcmd; then echo Running uenvcmd ...;run uenvcmd;fi;if run loadimage; then run mmcloados;fi;fi;
mmcdev=0
mmcloados=run mmcargs; if test ${boot_fdt} = yes || test ${boot_fdt} = try; then if run loadfdt; then bootz ${loadaddr} - ${fdtaddr}; else if test ${boot_fdt} = try; then bootz; else echo WARN: Cannot load the DT; fi; fi; else bootz; fi;
mmcroot=/dev/mmcblk0p2 ro
mmcrootfstype=ext4 rootwait
mtdids=nand0=nand.0
mtdparts=mtdparts=nand.0:128k(NAND.SPL),128k(NAND.SPL.backup1),128k(NAND.SPL.backup2),128k(NAND.SPL.backup3),256k(NAND.u-boot-spl-os),1m(NAND.u-boot),128k(NAND.u-boot-env),128k(NAND.u-boot-env.backup1),8m(NAND.kernel),-(NAND.file-system)
nandargs=setenv bootargs console=${console} ${optargs} root=${nandroot} rootfstype=${nandrootfstype}
nandboot=echo Booting from nand ...; run nandargs; nand read ${fdtaddr} NAND.u-boot-spl-os; nand read ${loadaddr} NAND.kernel; bootz ${loadaddr} - ${fdtaddr}
nandroot=ubi0:rootfs rw ubi.mtd=NAND.file-system,2048
nandrootfstype=ubifs rootwait=1
netargs=setenv bootargs console=${console} ${optargs} root=/dev/nfs nfsroot=${serverip}:${rootpath},${nfsopts} rw ip=dhcp
netboot=echo Booting from network ...; setenv autoload no; dhcp; tftp ${loadaddr} ${bootfile}; tftp ${fdtaddr} ${fdtfile}; run netargs; bootz ${loadaddr} - ${fdtaddr}
nfsopts=nolock
partitions=uuid_disk=${uuid_gpt_disk};name=rootfs,start=2MiB,size=-,uuid=${uuid_gpt_rootfs}
ramargs=setenv bootargs console=${console} ${optargs} root=${ramroot} rootfstype=${ramrootfstype}
ramboot=echo Booting from ramdisk ...; run ramargs; bootz ${loadaddr} ${rdaddr} ${fdtaddr}
ramdisk_addr_r=0x88080000
ramroot=/dev/ram0 rw
ramrootfstype=ext2
rdaddr=0x88080000
rootpath=/export/rootfs
serverip=192.168.0.1
soc=am33xx
spiargs=setenv bootargs console=${console} ${optargs} root=${spiroot} rootfstype=${spirootfstype}
spiboot=echo Booting from spi ...; run spiargs; sf probe ${spibusno}:0; sf read ${loadaddr} ${spisrcaddr} ${spiimgsize}; bootz ${loadaddr}
spibusno=0
spiimgsize=0x362000
spiroot=/dev/mtdblock4 rw
spirootfstype=jffs2
spisrcaddr=0xe0000
static_ip=${ipaddr}:${serverip}:${gatewayip}:${netmask}:${hostname}::off
stderr=serial
stdin=serial
stdout=serial
usbnet_devaddr=d4:94:a1:88:6b:ea
vendor=ti
ver=U-Boot 2014.07-00071-gaca0808 (Oct 02 2014 - 11:22:57)
Environment size: 4470/131068 bytes
U-Boot# 
- 01:24:47 [INFO] Host: setenv bootargs ''${bootargs}' ip=dhcp '
- 01:24:48 [INFO] Target: 
setenv bootargs ''${bootargs}' ip=dhcp '
U-Boot# 
- 01:24:48 [INFO] Host: setenv serverip '192.168.0.1'
- 01:24:48 [INFO] Target: 
setenv serverip '192.168.0.1'
U-Boot# 
- 01:24:48 [INFO] Host: setenv ipaddr dhcp
- 01:24:49 [INFO] Target: 
setenv ipaddr dhcp
U-Boot# 
- 01:24:49 [INFO] Host: setenv autoload 'no'
- 01:24:49 [INFO] Target: 
setenv autoload 'no'
U-Boot# 
- 01:24:49 [INFO] Host: dhcp
- 01:24:51 [INFO] Target: 
dhcp
link up on port 0, speed 1000, full duplex
BOOTP broadcast 1
DHCP client bound to address 192.168.0.156
U-Boot# 
- 01:24:51 [INFO] Host: setenv serverip '192.168.0.1'
- 01:24:51 [INFO] Target: 
setenv serverip '192.168.0.1'
U-Boot# 
- 01:24:51 [INFO] Host: tftp ${loadaddr} 192.168.0.1:vatf_am335x-sk1/9b51d1cf6e405e75b171043f6383671a
- 01:24:52 [INFO] Target: 
tftp ${loadaddr} 192.168.0.1:vatf_am335x-sk1/9b51d1cf6e405e75b171043f6383671a
link up on port 0, speed 1000, full duplex
Using cpsw device
TFTP from server 192.168.0.1; our IP address is 192.168.0.156
Filename 'vatf_am335x-sk1/9b51d1cf6e405e75b171043f6383671a'.
Load address: 0x82000000
Loading: *#################################################################
	 #################################################################
	 #################################################################
	 #################################################################
	 #################################################################
	 #################################################################
	 8 MiB/s
done
Bytes transferred = 5710824 (5723e8 hex)
U-Boot# 
- 01:24:52 [INFO] Host: tftp ${fdt_addr_r} 192.168.0.1:vatf_am335x-sk1/21beeb22709f0c50b6063ac08ce4ea9a
- 01:24:53 [INFO] Target: 
tftp ${fdt_addr_r} 192.168.0.1:vatf_am335x-sk1/21beeb22709f0c50b6063ac08ce4ea9a
link up on port 0, speed 1000, full duplex
Using cpsw device
TFTP from server 192.168.0.1; our IP address is 192.168.0.156
Filename 'vatf_am335x-sk1/21beeb22709f0c50b6063ac08ce4ea9a'.
Load address: 0x88000000
Loading: *###
	 5.5 MiB/s
done
Bytes transferred = 34840 (8818 hex)
U-Boot# 
- 01:24:53 [INFO] Host: ls mmc 0:1
- 01:24:53 [INFO] Target: 
ls mmc 0:1
    77476   mlo 
   447116   u-boot.img 
  2627551   u-boot 
   447084   u-boot.bin 
   905453   u-boot-spl 
    76900   u-boot-spl.bin 
      259   uboot_build.txt 
       53   pointercal 
            windows_users/
       13   .ipaddr 
            old_uboot/
        4   ws-calibrate.rules 
10 file(s), 2 dir(s)
U-Boot# 
- 01:24:53 [INFO] Host: ls mmc 0:2
- 01:24:54 [INFO] Target: 
ls mmc 0:2
<DIR>       4096 .
<DIR>       4096 ..
<DIR>       4096 bin
<DIR>       4096 boot
<DIR>       4096 dev
<DIR>       4096 etc
<DIR>       4096 home
<DIR>       4096 lib
<DIR>       4096 media
<DIR>       4096 mnt
<DIR>       4096 opt
<DIR>       4096 proc
<DIR>       4096 sbin
<DIR>       4096 srv
<DIR>       4096 sys
<SYM>          8 tmp
<DIR>       4096 usr
<DIR>       4096 var
<DIR>       4096 www
<SYM>          8 run
<DIR>       4096 Settings
<DIR>       4096 test
U-Boot# 
- 01:24:54 [INFO] Host: part uuid mmc 0:2
- 01:24:54 [INFO] Target: 
part uuid mmc 0:2
00000000-02
U-Boot# 
- 01:24:54 [INFO] Host: printenv
- 01:24:55 [INFO] Target: 
printenv
arch=arm
autoload=no
baudrate=115200
board=am335x
board_name=A335X_SK
board_rev=1.2B
boot_fdt=try
bootargs=console=ttyO0,115200n8 earlyprintk rootwait  ip=dhcp 
bootcmd=
bootcount=1
bootdelay=1
bootdir=/boot
bootenv=uEnv.txt
bootfile=zImage
bootm_size=0x10000000
bootpart=0:2
console=ttyO0,115200n8
cpu=armv7
dfu_alt_info_emmc=rawemmc mmc 0 3751936
dfu_alt_info_mmc=boot part 0 1;rootfs part 0 2;MLO fat 0 1;MLO.raw mmc 0x100 0x100;u-boot.img.raw mmc 0x300 0x400;spl-os-args.raw mmc 0x80 0x80;spl-os-image.raw mmc 0x900 0x2000;spl-os-args fat 0 1;spl-os-image fat 0 1;u-boot.img fat 0 1;uEnv.txt fat 0 1
dfu_alt_info_nand=SPL part 0 1;SPL.backup1 part 0 2;SPL.backup2 part 0 3;SPL.backup3 part 0 4;u-boot part 0 5;u-boot-spl-os part 0 6;kernel part 0 8;rootfs part 0 9
dfu_alt_info_ram=kernel ram 0x80200000 0xD80000;fdt ram 0x80F80000 0x80000;ramdisk ram 0x81000000 0x4000000
dnsip=192.0.2.2
dnsip2=192.0.2.3
eth1addr=d4:94:a1:88:6b:ea
ethact=cpsw
ethaddr=d4:94:a1:88:6b:e9
fdt_addr_r=0x88000000
fdtaddr=0x88000000
fdtfile=undefined
fileaddr=88000000
filesize=8818
findfdt=if test $board_name = A335BONE; then setenv fdtfile am335x-bone.dtb; fi; if test $board_name = A335BNLT; then setenv fdtfile am335x-boneblack.dtb; fi; if test $board_name = A33515BB; then setenv fdtfile am335x-evm.dtb; fi; if test $board_name = A335X_SK; then setenv fdtfile am335x-evmsk.dtb; fi; if test $fdtfile = undefined; then echo WARNING: Could not determine device tree to use; fi; 
gatewayip=192.168.0.1
importbootenv=echo Importing environment from mmc ...; env import -t -r $loadaddr $filesize
ipaddr=192.168.0.156
kernel_addr_r=0x82000000
loadaddr=0x82000000
loadbootenv=load mmc ${mmcdev} ${loadaddr} ${bootenv}
loadfdt=load mmc ${bootpart} ${fdtaddr} ${bootdir}/${fdtfile}
loadimage=load mmc ${bootpart} ${loadaddr} ${bootdir}/${bootfile}
loadramdisk=load mmc ${mmcdev} ${rdaddr} ramdisk.gz
mmcargs=setenv bootargs console=${console} ${optargs} root=${mmcroot} rootfstype=${mmcrootfstype}
mmcboot=mmc dev ${mmcdev}; if mmc rescan; then echo SD/MMC found on device ${mmcdev};if run loadbootenv; then echo Loaded environment from ${bootenv};run importbootenv;fi;if test -n $uenvcmd; then echo Running uenvcmd ...;run uenvcmd;fi;if run loadimage; then run mmcloados;fi;fi;
mmcdev=0
mmcloados=run mmcargs; if test ${boot_fdt} = yes || test ${boot_fdt} = try; then if run loadfdt; then bootz ${loadaddr} - ${fdtaddr}; else if test ${boot_fdt} = try; then bootz; else echo WARN: Cannot load the DT; fi; fi; else bootz; fi;
mmcroot=/dev/mmcblk0p2 ro
mmcrootfstype=ext4 rootwait
mtdids=nand0=nand.0
mtdparts=mtdparts=nand.0:128k(NAND.SPL),128k(NAND.SPL.backup1),128k(NAND.SPL.backup2),128k(NAND.SPL.backup3),256k(NAND.u-boot-spl-os),1m(NAND.u-boot),128k(NAND.u-boot-env),128k(NAND.u-boot-env.backup1),8m(NAND.kernel),-(NAND.file-system)
nandargs=setenv bootargs console=${console} ${optargs} root=${nandroot} rootfstype=${nandrootfstype}
nandboot=echo Booting from nand ...; run nandargs; nand read ${fdtaddr} NAND.u-boot-spl-os; nand read ${loadaddr} NAND.kernel; bootz ${loadaddr} - ${fdtaddr}
nandroot=ubi0:rootfs rw ubi.mtd=NAND.file-system,2048
nandrootfstype=ubifs rootwait=1
netargs=setenv bootargs console=${console} ${optargs} root=/dev/nfs nfsroot=${serverip}:${rootpath},${nfsopts} rw ip=dhcp
netboot=echo Booting from network ...; setenv autoload no; dhcp; tftp ${loadaddr} ${bootfile}; tftp ${fdtaddr} ${fdtfile}; run netargs; bootz ${loadaddr} - ${fdtaddr}
netmask=255.255.255.0
nfsopts=nolock
partitions=uuid_disk=${uuid_gpt_disk};name=rootfs,start=2MiB,size=-,uuid=${uuid_gpt_rootfs}
ramargs=setenv bootargs console=${console} ${optargs} root=${ramroot} rootfstype=${ramrootfstype}
ramboot=echo Booting from ramdisk ...; run ramargs; bootz ${loadaddr} ${rdaddr} ${fdtaddr}
ramdisk_addr_r=0x88080000
ramroot=/dev/ram0 rw
ramrootfstype=ext2
rdaddr=0x88080000
rootpath=/export/rootfs
serverip=192.168.0.1
soc=am33xx
spiargs=setenv bootargs console=${console} ${optargs} root=${spiroot} rootfstype=${spirootfstype}
spiboot=echo Booting from spi ...; run spiargs; sf probe ${spibusno}:0; sf read ${loadaddr} ${spisrcaddr} ${spiimgsize}; bootz ${loadaddr}
spibusno=0
spiimgsize=0x362000
spiroot=/dev/mtdblock4 rw
spirootfstype=jffs2
spisrcaddr=0xe0000
static_ip=${ipaddr}:${serverip}:${gatewayip}:${netmask}:${hostname}::off
stderr=serial
stdin=serial
stdout=serial
usbnet_devaddr=d4:94:a1:88:6b:ea
vendor=ti
ver=U-Boot 2014.07-00071-gaca0808 (Oct 02 2014 - 11:22:57)
Environment size: 4623/131068 bytes
U-Boot# 
- 01:24:55 [INFO] Host: setenv bootargs ''${bootargs}' root=PARTUUID=00000000-02 rw rootfstype=ext4 rootwait '
- 01:24:55 [INFO] Target: 
setenv bootargs ''${bootargs}' root=PARTUUID=00000000-02 rw rootfstype=ext4 rootwait '
U-Boot# 
- 01:24:55 [INFO] Host: printenv
- 01:24:56 [INFO] Target: 
printenv
arch=arm
autoload=no
baudrate=115200
board=am335x
board_name=A335X_SK
board_rev=1.2B
boot_fdt=try
bootargs=console=ttyO0,115200n8 earlyprintk rootwait  ip=dhcp  root=PARTUUID=00000000-02 rw rootfstype=ext4 rootwait 
bootcmd=
bootcount=1
bootdelay=1
bootdir=/boot
bootenv=uEnv.txt
bootfile=zImage
bootm_size=0x10000000
bootpart=0:2
console=ttyO0,115200n8
cpu=armv7
dfu_alt_info_emmc=rawemmc mmc 0 3751936
dfu_alt_info_mmc=boot part 0 1;rootfs part 0 2;MLO fat 0 1;MLO.raw mmc 0x100 0x100;u-boot.img.raw mmc 0x300 0x400;spl-os-args.raw mmc 0x80 0x80;spl-os-image.raw mmc 0x900 0x2000;spl-os-args fat 0 1;spl-os-image fat 0 1;u-boot.img fat 0 1;uEnv.txt fat 0 1
dfu_alt_info_nand=SPL part 0 1;SPL.backup1 part 0 2;SPL.backup2 part 0 3;SPL.backup3 part 0 4;u-boot part 0 5;u-boot-spl-os part 0 6;kernel part 0 8;rootfs part 0 9
dfu_alt_info_ram=kernel ram 0x80200000 0xD80000;fdt ram 0x80F80000 0x80000;ramdisk ram 0x81000000 0x4000000
dnsip=192.0.2.2
dnsip2=192.0.2.3
eth1addr=d4:94:a1:88:6b:ea
ethact=cpsw
ethaddr=d4:94:a1:88:6b:e9
fdt_addr_r=0x88000000
fdtaddr=0x88000000
fdtfile=undefined
fileaddr=88000000
filesize=8818
findfdt=if test $board_name = A335BONE; then setenv fdtfile am335x-bone.dtb; fi; if test $board_name = A335BNLT; then setenv fdtfile am335x-boneblack.dtb; fi; if test $board_name = A33515BB; then setenv fdtfile am335x-evm.dtb; fi; if test $board_name = A335X_SK; then setenv fdtfile am335x-evmsk.dtb; fi; if test $fdtfile = undefined; then echo WARNING: Could not determine device tree to use; fi; 
gatewayip=192.168.0.1
importbootenv=echo Importing environment from mmc ...; env import -t -r $loadaddr $filesize
ipaddr=192.168.0.156
kernel_addr_r=0x82000000
loadaddr=0x82000000
loadbootenv=load mmc ${mmcdev} ${loadaddr} ${bootenv}
loadfdt=load mmc ${bootpart} ${fdtaddr} ${bootdir}/${fdtfile}
loadimage=load mmc ${bootpart} ${loadaddr} ${bootdir}/${bootfile}
loadramdisk=load mmc ${mmcdev} ${rdaddr} ramdisk.gz
mmcargs=setenv bootargs console=${console} ${optargs} root=${mmcroot} rootfstype=${mmcrootfstype}
mmcboot=mmc dev ${mmcdev}; if mmc rescan; then echo SD/MMC found on device ${mmcdev};if run loadbootenv; then echo Loaded environment from ${bootenv};run importbootenv;fi;if test -n $uenvcmd; then echo Running uenvcmd ...;run uenvcmd;fi;if run loadimage; then run mmcloados;fi;fi;
mmcdev=0
mmcloados=run mmcargs; if test ${boot_fdt} = yes || test ${boot_fdt} = try; then if run loadfdt; then bootz ${loadaddr} - ${fdtaddr}; else if test ${boot_fdt} = try; then bootz; else echo WARN: Cannot load the DT; fi; fi; else bootz; fi;
mmcroot=/dev/mmcblk0p2 ro
mmcrootfstype=ext4 rootwait
mtdids=nand0=nand.0
mtdparts=mtdparts=nand.0:128k(NAND.SPL),128k(NAND.SPL.backup1),128k(NAND.SPL.backup2),128k(NAND.SPL.backup3),256k(NAND.u-boot-spl-os),1m(NAND.u-boot),128k(NAND.u-boot-env),128k(NAND.u-boot-env.backup1),8m(NAND.kernel),-(NAND.file-system)
nandargs=setenv bootargs console=${console} ${optargs} root=${nandroot} rootfstype=${nandrootfstype}
nandboot=echo Booting from nand ...; run nandargs; nand read ${fdtaddr} NAND.u-boot-spl-os; nand read ${loadaddr} NAND.kernel; bootz ${loadaddr} - ${fdtaddr}
nandroot=ubi0:rootfs rw ubi.mtd=NAND.file-system,2048
nandrootfstype=ubifs rootwait=1
netargs=setenv bootargs console=${console} ${optargs} root=/dev/nfs nfsroot=${serverip}:${rootpath},${nfsopts} rw ip=dhcp
netboot=echo Booting from network ...; setenv autoload no; dhcp; tftp ${loadaddr} ${bootfile}; tftp ${fdtaddr} ${fdtfile}; run netargs; bootz ${loadaddr} - ${fdtaddr}
netmask=255.255.255.0
nfsopts=nolock
partitions=uuid_disk=${uuid_gpt_disk};name=rootfs,start=2MiB,size=-,uuid=${uuid_gpt_rootfs}
ramargs=setenv bootargs console=${console} ${optargs} root=${ramroot} rootfstype=${ramrootfstype}
ramboot=echo Booting from ramdisk ...; run ramargs; bootz ${loadaddr} ${rdaddr} ${fdtaddr}
ramdisk_addr_r=0x88080000
ramroot=/dev/ram0 rw
ramrootfstype=ext2
rdaddr=0x88080000
rootpath=/export/rootfs
serverip=192.168.0.1
soc=am33xx
spiargs=setenv bootargs console=${console} ${optargs} root=${spiroot} rootfstype=${spirootfstype}
spiboot=echo Booting from spi ...; run spiargs; sf probe ${spibusno}:0; sf read ${loadaddr} ${spisrcaddr} ${spiimgsize}; bootz ${loadaddr}
spibusno=0
spiimgsize=0x362000
spiroot=/dev/mtdblock4 rw
spirootfstype=jffs2
spisrcaddr=0xe0000
static_ip=${ipaddr}:${serverip}:${gatewayip}:${netmask}:${hostname}::off
stderr=serial
stdin=serial
stdout=serial
usbnet_devaddr=d4:94:a1:88:6b:ea
vendor=ti
ver=U-Boot 2014.07-00071-gaca0808 (Oct 02 2014 - 11:22:57)
Environment size: 4678/131068 bytes
U-Boot# 
- 01:24:56 [INFO] Host: setenv bootcmd ''${bootcmd}' if iminfo ${loadaddr}; then bootm ${loadaddr} - ${fdt_addr_r}; else bootz ${loadaddr} - ${fdt_addr_r}; bootm ${loadaddr} - ${fdt_addr_r}; fi'
- 01:24:56 [INFO] Target: 
setenv bootcmd ''${bootcmd}' if iminfo ${loadaddr}; then bootm ${loadaddr} - ${fdt_addr_r}; else bootz ${loadaddr} - ${fdt_addr_r}; bootm ${loadaddr} - ${fdt_addr_r}; fi'
U-Boot# 
- 01:24:56 [INFO] Host: bdinfo
- 01:24:57 [INFO] Target: 
bdinfo
arch_number = 0x00000E05
boot_params = 0x80000100
DRAM bank   = 0x00000000
-> start    = 0x80000000
-> size     = 0x10000000
eth0name    = cpsw
ethaddr     = d4:94:a1:88:6b:e9
eth1name    = usb_ether
eth1addr    = d4:94:a1:88:6b:ea
current eth = cpsw
ip_addr     = 192.168.0.156
baudrate    = 115200 bps
TLB addr    = 0x8FFF0000
relocaddr   = 0x8F741000
reloc off   = 0x0EF41000
irq_sp      = 0x8E720EE0
sp start    = 0x8E720ED0
U-Boot# 
- 01:24:57 [INFO] Host: mmc rescan
- 01:24:57 [INFO] Target: 
mmc rescan
U-Boot# 
- 01:24:57 [INFO] Host: fatwrite mmc ${mmcdev}:1 ${loadaddr} ws-calibrate.rules 4
- 01:24:58 [INFO] Target: 
fatwrite mmc ${mmcdev}:1 ${loadaddr} ws-calibrate.rules 4
writing ws-calibrate.rules
4 bytes written
U-Boot# 
- 01:24:58 [INFO] Host: boot
- 01:25:22 [INFO] Target: 
boot
## Checking Image at 82000000 ...
Unknown image format!
Kernel image @ 0x82000000 [ 0x000000 - 0x5723e8 ]
## Flattened Device Tree blob at 88000000
   Booting using the fdt blob at 0x88000000
   Loading Device Tree to 8e714000, end 8e71f817 ... OK
Starting kernel ...
[    0.000000] Booting Linux on physical CPU 0x0
[    0.000000] Linux version 3.19.0-rc2-00002-g78e6aae (nmenon@kahuna) (gcc version 4.6.3 (Ubuntu/Linaro 4.6.3-1ubuntu5) ) #1 SMP Mon Dec 29 16:18:20 CST 2014
[    0.000000] CPU: ARMv7 Processor [413fc082] revision 2 (ARMv7), cr=10c5387d
[    0.000000] CPU: PIPT / VIPT nonaliasing data cache, VIPT aliasing instruction cache
[    0.000000] Machine model: TI AM335x EVM-SK
[    0.000000] cma: Reserved 64 MiB at 0x8a000000
[    0.000000] Memory policy: Data cache writeback
[    0.000000] CPU: All CPU(s) started in SVC mode.
[    0.000000] AM335X ES1.0 (sgx neon )
[    0.000000] PERCPU: Embedded 10 pages/cpu @cfca6000 s8512 r8192 d24256 u40960
[    0.000000] Built 1 zonelists in Zone order, mobility grouping on.  Total pages: 64768
[    0.000000] Kernel command line: console=ttyO0,115200n8 earlyprintk rootwait  ip=dhcp  root=PARTUUID=00000000-02 rw rootfstype=ext4 rootwait 
[    0.000000] PID hash table entries: 1024 (order: 0, 4096 bytes)
[    0.000000] Dentry cache hash table entries: 32768 (order: 5, 131072 bytes)
[    0.000000] Inode-cache hash table entries: 16384 (order: 4, 65536 bytes)
[    0.000000] Memory: 180376K/261120K available (7479K kernel code, 953K rwdata, 3044K rodata, 768K init, 306K bss, 15208K reserved, 65536K cma-reserved, 0K highmem)
[    0.000000] Virtual kernel memory layout:
[    0.000000]     vector  : 0xffff0000 - 0xffff1000   (   4 kB)
[    0.000000]     fixmap  : 0xffc00000 - 0xfff00000   (3072 kB)
[    0.000000]     vmalloc : 0xd0800000 - 0xff000000   ( 744 MB)
[    0.000000]     lowmem  : 0xc0000000 - 0xd0000000   ( 256 MB)
[    0.000000]     pkmap   : 0xbfe00000 - 0xc0000000   (   2 MB)
[    0.000000]     modules : 0xbf000000 - 0xbfe00000   (  14 MB)
[    0.000000]       .text : 0xc0208000 - 0xc0c4f068   (10525 kB)
[    0.000000]       .init : 0xc0c50000 - 0xc0d10000   ( 768 kB)
[    0.000000]       .data : 0xc0d10000 - 0xc0dfe560   ( 954 kB)
[    0.000000]        .bss : 0xc0dfe560 - 0xc0e4ae60   ( 307 kB)
[    0.000000] SLUB: HWalign=64, Order=0-3, MinObjects=0, CPUs=1, Nodes=1
[    0.000000] Hierarchical RCU implementation.
[    0.000000] 	RCU restricting CPUs from NR_CPUS=8 to nr_cpu_ids=1.
[    0.000000] RCU: Adjusting geometry for rcu_fanout_leaf=16, nr_cpu_ids=1
[    0.000000] NR_IRQS:16 nr_irqs:16 16
[    0.000000] IRQ: Found an INTC at 0xfa200000 (revision 5.0) with 128 interrupts
[    0.000000] OMAP clockevent source: timer2 at 24000000 Hz
[    0.000014] sched_clock: 32 bits at 24MHz, resolution 41ns, wraps every 178956969942ns
[    0.000035] OMAP clocksource: timer1 at 24000000 Hz
[    0.000259] Console: colour dummy device 80x30
[    0.000299] Calibrating delay loop... 717.61 BogoMIPS (lpj=1794048)
[    0.059242] pid_max: default: 32768 minimum: 301
[    0.059413] Mount-cache hash table entries: 1024 (order: 0, 4096 bytes)
[    0.059426] Mountpoint-cache hash table entries: 1024 (order: 0, 4096 bytes)
[    0.060289] CPU: Testing write buffer coherency: ok
[    0.060674] CPU0: thread -1, cpu 0, socket -1, mpidr 0
[    0.060786] Setting up static identity map for 0x80912b40 - 0x80912bd8
[    0.063282] Brought up 1 CPUs
[    0.063303] CPU: All CPU(s) started in SVC mode.
[    0.064023] devtmpfs: initialized
[    0.065154] VFP support v0.3: implementor 41 architecture 3 part 30 variant c rev 3
[    0.078064] omap_hwmod: tptc0 using broken dt data from edma
[    0.078206] omap_hwmod: tptc1 using broken dt data from edma
[    0.078332] omap_hwmod: tptc2 using broken dt data from edma
[    0.083323] omap_hwmod: debugss: _wait_target_disable failed
[    0.143950] pinctrl core: initialized pinctrl subsystem
[    0.158370] NET: Registered protocol family 16
[    0.161363] DMA: preallocated 256 KiB pool for atomic coherent allocations
[    0.163560] cpuidle: using governor ladder
[    0.163584] cpuidle: using governor menu
[    0.167888] OMAP GPIO hardware version 0.1
[    0.180746] No ATAGs?
[    0.180783] hw-breakpoint: debug architecture 0x4 unsupported.
[    0.185629] Serial: AMBA PL011 UART driver
[    0.209688] edma-dma-engine edma-dma-engine.0: TI EDMA DMA engine driver
[    0.211077] reg-fixed-voltage fixedregulator@2: could not find pctldev for node /pinmux@44e10800/pinmux_wl12xx_gpio, deferring probe
[    0.211107] platform fixedregulator@2: Driver reg-fixed-voltage requests probe deferral
[    0.214322] vgaarb: loaded
[    0.215284] SCSI subsystem initialized
[    0.216055] usbcore: registered new interface driver usbfs
[    0.216156] usbcore: registered new interface driver hub
[    0.216231] usbcore: registered new device driver usb
[    0.216993] omap_i2c 44e0b000.i2c: could not find pctldev for node /pinmux@44e10800/pinmux_i2c0_pins, deferring probe
[    0.217022] platform 44e0b000.i2c: Driver omap_i2c requests probe deferral
[    0.217549] Linux video capture interface: v2.00
[    0.217613] pps_core: LinuxPPS API ver. 1 registered
[    0.217623] pps_core: Software ver. 5.3.6 - Copyright 2005-2007 Rodolfo Giometti <giometti@linux.it>
[    0.217659] PTP clock support registered
[    0.217913] EDAC MC: Ver: 3.0.0
[    0.218973] Advanced Linux Sound Architecture Driver Initialized.
[    0.220765] Switched to clocksource timer1
[    0.234790] NET: Registered protocol family 2
[    0.235631] TCP established hash table entries: 2048 (order: 1, 8192 bytes)
[    0.235679] TCP bind hash table entries: 2048 (order: 2, 16384 bytes)
[    0.235726] TCP: Hash tables configured (established 2048 bind 2048)
[    0.235895] TCP: reno registered
[    0.235914] UDP hash table entries: 256 (order: 1, 8192 bytes)
[    0.235940] UDP-Lite hash table entries: 256 (order: 1, 8192 bytes)
[    0.236178] NET: Registered protocol family 1
[    0.236647] RPC: Registered named UNIX socket transport module.
[    0.236663] RPC: Registered udp transport module.
[    0.236671] RPC: Registered tcp transport module.
[    0.236679] RPC: Registered tcp NFSv4.1 backchannel transport module.
[    0.237864] hw perfevents: enabled with armv7_cortex_a8 PMU driver, 5 counters available
[    0.240305] futex hash table entries: 256 (order: 2, 16384 bytes)
[    0.256544] squashfs: version 4.0 (2009/01/31) Phillip Lougher
[    0.257662] NFS: Registering the id_resolver key type
[    0.257747] Key type id_resolver registered
[    0.257758] Key type id_legacy registered
[    0.257854] ntfs: driver 2.1.31 [Flags: R/O].
[    0.259750] Block layer SCSI generic (bsg) driver version 0.4 loaded (major 249)
[    0.259777] io scheduler noop registered
[    0.259791] io scheduler deadline registered
[    0.260041] io scheduler cfq registered (default)
[    0.263393] pinctrl-single 44e10800.pinmux: 142 pins at pa f9e10800 size 568
[    0.268491] backlight supply power not found, using dummy regulator
[    0.268665] pwm-backlight backlight: unable to request PWM, trying legacy API
[    0.268682] pwm-backlight backlight: unable to request legacy PWM
[    0.268782] platform backlight: Driver pwm-backlight requests probe deferral
[    0.347757] Serial: 8250/16550 driver, 4 ports, IRQ sharing disabled
[    0.351174] msm_serial: driver initialized
[    0.351857] omap_uart 44e09000.serial: no wakeirq for uart0
[    0.352064] omap_uart 44e09000.serial: ttyO0 at MMIO 0x44e09000 (irq = 154, base_baud = 3000000) is a OMAP UART0
[    1.024470] console [ttyO0] enabled
[    1.028848] STMicroelectronics ASC driver initialized
[    1.035406] [drm] Initialized drm 1.1.0 20060810
[    1.047658] loop: module loaded
[    1.057367] CAN device driver interface
[    1.062600] igb: Intel(R) Gigabit Ethernet Network Driver - version 5.2.15-k
[    1.070001] igb: Copyright (c) 2007-2014 Intel Corporation.
[    1.077646] pegasus: v0.9.3 (2013/04/25), Pegasus/Pegasus II USB Ethernet driver
[    1.085549] usbcore: registered new interface driver pegasus
[    1.091613] usbcore: registered new interface driver asix
[    1.097347] usbcore: registered new interface driver ax88179_178a
[    1.103800] usbcore: registered new interface driver cdc_ether
[    1.110007] usbcore: registered new interface driver smsc75xx
[    1.116126] usbcore: registered new interface driver smsc95xx
[    1.122223] usbcore: registered new interface driver net1080
[    1.128224] usbcore: registered new interface driver cdc_subset
[    1.134494] usbcore: registered new interface driver zaurus
[    1.140479] usbcore: registered new interface driver cdc_ncm
[    1.146834] ehci_hcd: USB 2.0 'Enhanced' Host Controller (EHCI) Driver
[    1.153701] ehci-pci: EHCI PCI platform driver
[    1.158446] ehci-platform: EHCI generic platform driver
[    1.164135] ehci-omap: OMAP-EHCI Host Controller driver
[    1.169770] ehci-orion: EHCI orion driver
[    1.174131] SPEAr-ehci: EHCI SPEAr driver
[    1.178503] ehci-st: EHCI STMicroelectronics driver
[    1.183762] tegra-ehci: Tegra EHCI driver
[    1.188150] ohci_hcd: USB 1.1 'Open' Host Controller (OHCI) Driver
[    1.194666] ohci-pci: OHCI PCI platform driver
[    1.199409] ohci-platform: OHCI generic platform driver
[    1.205047] ohci-omap3: OHCI OMAP3 driver
[    1.209401] SPEAr-ohci: OHCI SPEAr driver
[    1.213750] ohci-st: OHCI STMicroelectronics driver
[    1.219523] usbcore: registered new interface driver usb-storage
[    1.227750] mousedev: PS/2 mouse device common for all mice
[    1.237262] i2c /dev entries driver
[    1.242457] usbcore: registered new interface driver uvcvideo
[    1.248503] USB Video Class driver (1.1.1)
[    1.252805] gspca_main: v2.14.0 registered
[    1.260966] Driver 'mmcblk' needs updating - please use bus_type methods
[    1.268123] sdhci: Secure Digital Host Controller Interface driver
[    1.274602] sdhci: Copyright(c) Pierre Ossman
[    1.280721] omap_hsmmc 48060000.mmc: unable to get vmmc regulator -517
[    1.287775] platform 48060000.mmc: Driver omap_hsmmc requests probe deferral
[    1.295578] omap_hsmmc 481d8000.mmc: unable to get vmmc regulator -517
[    1.302519] platform 481d8000.mmc: Driver omap_hsmmc requests probe deferral
[    1.310379] Synopsys Designware Multimedia Card Interface Driver
[    1.317625] sdhci-pltfm: SDHCI platform and OF driver helper
[    1.325976] ledtrig-cpu: registered to indicate activity on CPUs
[    1.332667] usbcore: registered new interface driver usbhid
[    1.338526] usbhid: USB HID core driver
[    1.345968] usbcore: registered new interface driver snd-usb-audio
[    1.356003] TCP: cubic registered
[    1.359499] NET: Registered protocol family 17
[    1.364208] can: controller area network core (rev 20120528 abi 9)
[    1.370819] NET: Registered protocol family 29
[    1.375472] can: raw protocol (rev 20120528)
[    1.379960] can: broadcast manager protocol (rev 20120528 t)
[    1.385902] can: netlink gateway (rev 20130117) max_hops=1
[    1.392325] Key type dns_resolver registered
[    1.397145] omap_voltage_late_init: Voltage driver support not added
[    1.404546] platform cpufreq-dt.0: Driver cpufreq-dt requests probe deferral
[    1.412271] ThumbEE CPU extension supported.
[    1.416791] Registering SWP/SWPB emulation handler
[    1.446025] tps65910 0-002d: No interrupt support, no core IRQ
[    1.456941] vrtc: supplied by vbat
[    1.462398] vio: supplied by vbat
[    1.467923] vdd_mpu: supplied by vbat
[    1.473755] vdd_core: supplied by vbat
[    1.480795] vdig1: supplied by vbat
[    1.486019] vdig2: supplied by vbat
[    1.491229] vpll: supplied by vbat
[    1.496351] vdac: supplied by vbat
[    1.501468] vaux1: supplied by vbat
[    1.506676] vaux2: supplied by vbat
[    1.511877] vaux33: supplied by vbat
[    1.517175] vmmc: supplied by vbat
[    1.522197] vbb: supplied by vbat
[    1.527841] tps65910-rtc tps65910-rtc: IRQ is not free.
[    1.533371] tps65910-rtc: probe of tps65910-rtc failed with error -22
[    1.542281] omap_i2c 44e0b000.i2c: bus 0 rev0.11 at 400 kHz
[    1.548926] backlight supply power not found, using dummy regulator
[    1.555702] pwm-backlight backlight: unable to request PWM, trying legacy API
[    1.563201] pwm-backlight backlight: unable to request legacy PWM
[    1.569676] platform backlight: Driver pwm-backlight requests probe deferral
[    1.638136] mmc0: host does not support reading read-only switch, assuming write-enable
[    1.648473] mmc0: new high speed SDHC card at address b368
[    1.654858] mmcblk0: mmc0:b368 USD   3.75 GiB 
[    1.661340]  mmcblk0: p1 p2 p3
[    1.712874] backlight supply power not found, using dummy regulator
[    1.719707] pwm-backlight backlight: unable to request PWM, trying legacy API
[    1.727206] pwm-backlight backlight: unable to request legacy PWM
[    1.733667] platform backlight: Driver pwm-backlight requests probe deferral
[    1.762420] omap_hsmmc 481d8000.mmc: card claims to support voltages below defined range
[    1.781472] mmc1: queuing unknown CIS tuple 0x91 (3 bytes)
[    1.788706] mmc1: new SDIO card at address 0001
[    1.795796] davinci_mdio 4a101000.mdio: davinci mdio revision 1.6
[    1.802187] davinci_mdio 4a101000.mdio: detected phy mask fffffffc
[    1.810548] backlight supply power not found, using dummy regulator
[    1.817380] pwm-backlight backlight: unable to request PWM, trying legacy API
[    1.824875] pwm-backlight backlight: unable to request legacy PWM
[    1.831345] platform backlight: Driver pwm-backlight requests probe deferral
[    1.840242] libphy: 4a101000.mdio: probed
[    1.844553] davinci_mdio 4a101000.mdio: phy[0]: device 4a101000.mdio:00, driver Atheros 8031 ethernet
[    1.854208] davinci_mdio 4a101000.mdio: phy[1]: device 4a101000.mdio:01, driver Atheros 8031 ethernet
[    1.865310] cpsw 4a100000.ethernet: Detected MACID = d4:94:a1:88:6b:e9
[    1.873434] cpsw 4a100000.ethernet: cpsw: Detected MACID = d4:94:a1:88:6b:ea
[    1.882967] input: gpio_buttons@0 as /devices/platform/gpio_buttons@0/input/input0
[    1.891894] backlight supply power not found, using dummy regulator
[    1.898690] pwm-backlight backlight: unable to request PWM, trying legacy API
[    1.906187] pwm-backlight backlight: unable to request legacy PWM
[    1.912660] platform backlight: Driver pwm-backlight requests probe deferral
[    1.921360] drivers/rtc/hctosys.c: unable to open rtc device (rtc0)
[    1.933728] net eth0: initializing cpsw version 1.12 (0)
[    1.942986] backlight supply power not found, using dummy regulator
[    1.949868] pwm-backlight backlight: unable to request PWM, trying legacy API
[    1.957378] pwm-backlight backlight: unable to request legacy PWM
[    1.963849] platform backlight: Driver pwm-backlight requests probe deferral
[    2.006534] net eth0: phy found : id is : 0x4dd074
[    2.015691] net eth1: initializing cpsw version 1.12 (0)
[    2.086539] net eth1: phy found : id is : 0x4dd074
[    6.006733] cpsw 4a100000.ethernet eth0: Link is Up - 1Gbps/Full - flow control rx/tx
[    6.025847] Sending DHCP requests ., OK
[    6.076339] IP-Config: Got DHCP answer from 192.168.0.1, my address is 192.168.0.156
[    6.088029] IP-Config: Complete:
[    6.091546]      device=eth0, hwaddr=d4:94:a1:88:6b:e9, ipaddr=192.168.0.156, mask=255.255.255.0, gw=192.168.0.1
[    6.102313]      host=192.168.0.156, domain=ti.com, nis-domain=(none)
[    6.109142]      bootserver=192.168.0.1, rootserver=192.168.0.1, rootpath=
[    6.116240]      nameserver0=192.0.2.2, nameserver1=192.0.2.3
[    6.123356] lis3_reg: disabling
[    6.127029] ALSA device list:
[    6.130169]   No soundcards found.
[    6.503845] EXT4-fs (mmcblk0p2): mounted filesystem with ordered data mode. Opts: (null)
[    6.512462] VFS: Mounted root (ext4 filesystem) on device 179:2.
[    6.527844] devtmpfs: mounted
[    6.532587] Freeing unused kernel memory: 768K (c0c50000 - c0d10000)
INIT: version 2.88 booting
Error opening /dev/fb0: No such file or directory
Starting udev
[    7.333274] udevd[79]: starting version 182
[   10.493801] FAT-fs (mmcblk0p1): Volume was not properly unmounted. Some data may be corrupt. Please run fsck.
[   10.525904] EXT4-fs (mmcblk0p3): warning: mounting unchecked fs, running e2fsck is recommended
[   10.607698] EXT4-fs (mmcblk0p3): mounted filesystem without journal. Opts: (null)
Starting Bootlog daemon: bootlogd.
[   11.911265] EXT4-fs (mmcblk0p2): re-mounted. Opts: data=ordered
[   12.337957] random: dd urandom read with 69 bits of entropy available
ALSA: Restoring mixer settings...
Configuring network interfaces... /usr/sbin/alsactl: load_state:1696: No soundcards found...
udhcpc (v1.20.2) started
Sending discover...
Sending select for 192.168.0.55...
Lease of 192.168.0.55 obtained, lease time 7200
/etc/udhcpc.d/50default: Adding DNS 192.0.2.2
/etc/udhcpc.d/50default: Adding DNS 192.0.2.3
done.
hwclock: can't open '/dev/misc/rtc': No such file or directory
Sun May 11 20:18:00 UTC 2014
hwclock: can't open '/dev/misc/rtc': No such file or directory
INIT: Entering runlevel: 5
Starting system message bus: dbus.
Starting Dropbear SSH server: dropbear.
Starting telnet daemon.
hwclock: can't open '/dev/misc/rtc': No such file or directory
Starting syslogd/klogd: done
Starting thttpd.
Starting Lighttpd Web Server: lighttpd.
2014-05-11 20:18:00: (log.c.166) server started 
Starting Matrix GUI application.
[   20.655212] random: nonblocking pool is initialized
***************************************************************
***************************************************************
NOTICE: This file system contains the followin GPLv3 packages:
	binutils-symlinks
	binutils
	gdbserver
If you do not wish to distribute GPLv3 components please remove
the above packages prior to distribution.  This can be done using
the opkg remove command.  i.e.:
    opkg remove <package>
Where <package> is the name printed in the list above
NOTE: If the package is a dependency of another package you
      will be notified of the dependent packages.  You should
      use the --force-removal-of-dependent-packages option to
      also remove the dependent packages as well
***************************************************************
***************************************************************
Stopping Bootlog daemon: bootlogd.
 _____                    _____           _         _   
|  _  |___ ___ ___ ___   |  _  |___ ___  |_|___ ___| |_ 
|     |  _| .'| . | . |  |   __|  _| . | | | -_|  _|  _|
|__|__|_| |__,|_  |___|  |__|  |_| |___|_| |___|___|_|  
              |___|                    |___|            
Arago Project http://arago-project.org am335x-evm ttyO0
Arago 2013.12 am335x-evm ttyO0
am335x-evm login: 
- 01:25:22 [INFO] Host: root
- 01:25:23 [INFO] Target: 
root
root@am335x-evm:~# 
- 01:25:23 [INFO] Host: uname -a
- 01:25:23 [INFO] Target: 
uname -a
Linux am335x-evm 3.19.0-rc2-00002-g78e6aae #1 SMP Mon Dec 29 16:18:20 CST 2014 armv7l GNU/Linux
root@am335x-evm:~# 
- 01:25:23 [INFO] Host: cat /proc/cmdline
- 01:25:24 [INFO] Target: 
cat /proc/cmdline
console=ttyO0,115200n8 earlyprintk rootwait  ip=dhcp  root=PARTUUID=00000000-02 rw rootfstype=ext4 rootwait 
root@am335x-evm:~# 
- 01:25:24 [INFO] Host: uname -a
- 01:25:24 [INFO] Target: 
uname -a
Linux am335x-evm 3.19.0-rc2-00002-g78e6aae #1 SMP Mon Dec 29 16:18:20 CST 2014 armv7l GNU/Linux
root@am335x-evm:~# 
- 01:25:24 [INFO] Host: cat /proc/mtd
- 01:25:25 [INFO] Target: 
cat /proc/mtd
dev:    size   erasesize  name
root@am335x-evm:~# 
- 01:25:29 [INFO] Host: export IPERFHOST=192.168.0.1
- 01:25:29 [INFO] Target: 
export IPERFHOST=192.168.0.1
root@am335x-evm:~# 
- 01:25:29 [INFO] Host: export NFS_SERVER=192.168.0.1
- 01:25:30 [INFO] Target: 
export NFS_SERVER=192.168.0.1
root@am335x-evm:~# 
- 01:25:30 [INFO] Host: export NFS_ROOT_PATH=/home/tigtfarm04/NFS_exports/linux/am335x-sk1
- 01:25:30 [INFO] Target: 
export NFS_ROOT_PATH=/home/tigtfarm04/NFS_exports/linux/am335 
x-sk1
root@am335x-evm:~# 
- 01:25:30 [INFO] Host: mkdir -p -m 777 /test
- 01:25:31 [INFO] Target: 
mkdir -p -m 777 /test
root@am335x-evm:~# 
- 01:25:31 [INFO] Host: cd /test
- 01:25:31 [INFO] Target: 
cd /test
root@am335x-evm:/test# 
- 01:25:31 [INFO] Host: cat > test.sh << EOF
- 01:25:32 [INFO] Target: 
cat > test.sh << EOF
- 01:25:32 [INFO] Host: failtest() {
- 01:25:32 [INFO] Target: 
failtest() {
- 01:25:32 [INFO] Host:   echo 1 >&3
- 01:25:33 [INFO] Target: 
  echo 1 >&3
- 01:25:33 [INFO] Host: }
- 01:25:33 [INFO] Target: 
- 01:25:33 [INFO] Host: timeout=600
- 01:25:34 [INFO] Target: 
timeout=600
- 01:25:34 [INFO] Host: 
- 01:25:34 [INFO] Target: 
- 01:25:34 [INFO] Host: # Start of user's script logic
- 01:25:35 [INFO] Target: 
# Start of user's script logic
- 01:25:35 [INFO] Host: 
- 01:25:35 [INFO] Target: 
- 01:25:35 [INFO] Host: 
- 01:25:36 [INFO] Target: 
- 01:25:36 [INFO] Host: mount -t proc proc /proc 2>/dev/null;
- 01:25:36 [INFO] Target: 
mount -t proc proc /proc 2>/dev/null;
- 01:25:36 [INFO] Host: 
- 01:25:37 [INFO] Target: 
- 01:25:37 [INFO] Host: mount -t sysfs sys /sys 2>/dev/null;
- 01:25:37 [INFO] Target: 
mount -t sysfs sys /sys 2>/dev/null;
- 01:25:37 [INFO] Host: 
- 01:25:38 [INFO] Target: 
- 01:25:38 [INFO] Host: mount -t debugfs none /sys/kernel/debug 2>/dev/null;
- 01:25:38 [INFO] Target: 
mount -t debugfs none /sys/kernel/debug 2>/dev/null;
- 01:25:38 [INFO] Host: 
- 01:25:39 [INFO] Target: 
- 01:25:39 [INFO] Host: echo 'cpuinfo:';cat /proc/cpuinfo; echo '=======';
- 01:25:39 [INFO] Target: 
echo 'cpuinfo:';cat /proc/cpuinfo; echo '=======';
- 01:25:39 [INFO] Host: 
- 01:25:40 [INFO] Target: 
- 01:25:40 [INFO] Host: echo 'soc info:';head /sys/devices/soc0/* 2>/dev/null; echo '=======';
- 01:25:40 [INFO] Target: 
echo 'soc info:';head /sys/devices/soc0/* 2>/dev/null; echo '=======';
- 01:25:40 [INFO] Host: 
- 01:25:41 [INFO] Target: 
- 01:25:41 [INFO] Host: echo 'DT Model info'; head /proc/device-tree/name /proc/device-tree/model /proc/device-tree/compatible 2>/dev/null;echo; echo '=======';
- 01:25:41 [INFO] Target: 
echo 'DT Model info'; head /proc/device-tree/name /proc/device-tree/model /pro 
c/device-tree/compatible 2>/dev/null;echo; echo '=======';
- 01:25:41 [INFO] Host: 
- 01:25:42 [INFO] Target: 
- 01:25:42 [INFO] Host: echo 'interrupts:';cat /proc/interrupts; echo '=======';
- 01:25:42 [INFO] Target: 
echo 'interrupts:';cat /proc/interrupts; echo '=======';
- 01:25:42 [INFO] Host: 
- 01:25:43 [INFO] Target: 
- 01:25:43 [INFO] Host: echo 'Clk_summary:';cat /sys/kernel/debug/clk/clk_summary; echo '=======';
- 01:25:43 [INFO] Target: 
echo 'Clk_summary:';cat /sys/kernel/debug/clk/clk_summary; echo '=======';
- 01:25:43 [INFO] Host: 
- 01:25:44 [INFO] Target: 
- 01:25:44 [INFO] Host: echo 'Orphan Clks:';ls /sys/kernel/debug/clk/orphans/; echo '=======';
- 01:25:44 [INFO] Target: 
echo 'Orphan Clks:';ls /sys/kernel/debug/clk/orphans/; echo '=======';
- 01:25:44 [INFO] Host: 
- 01:25:45 [INFO] Target: 
- 01:25:45 [INFO] Host: echo "Available frequencies"; cat /sys/devices/system/cpu/cpu0/cpufreq/scaling_available_frequencies 2>/dev/null;echo '=======';
- 01:25:45 [INFO] Target: 
echo "Available frequencies"; cat /sys/devices/system/cpu/cpu0/cpufreq/scaling 
_available_frequencies 2>/dev/null;echo '=======';
- 01:25:45 [INFO] Host: 
- 01:25:46 [INFO] Target: 
- 01:25:46 [INFO] Host: echo 'H''ello World' 'B''oard Booted';
- 01:25:46 [INFO] Target: 
echo 'H''ello World' 'B''oard Booted';
- 01:25:46 [INFO] Host: 
- 01:25:47 [INFO] Target: 
- 01:25:47 [INFO] Host: EOF
- 01:25:47 [INFO] Target: 
root@am335x-evm:/test# 
- 01:25:47 [INFO] Host: cd /test
- 01:25:48 [INFO] Target: 
cd /test
root@am335x-evm:/test# 
- 01:25:48 [INFO] Host: chmod +x test.sh
- 01:25:48 [INFO] Target: 
chmod +x test.sh
root@am335x-evm:/test# 
- 01:25:48 [INFO] Host: ./test.sh 2> stderr.log > stdout.log 3> result.log
- 01:25:49 [INFO] Target: 
./test.sh 2> stderr.log > stdout.log 3> result.log
root@am335x-evm:/test# 
- 01:25:49 [INFO] Host: echo $?
- 01:25:49 [INFO] Target: 
echo $?
root@am335x-evm:/test# 
- 01:25:49 [INFO] Host: cd /test
- 01:25:50 [INFO] Target: 
cd /test
root@am335x-evm:/test# 
- 01:25:50 [INFO] Host: cat stdout.log
- 01:25:51 [INFO] Target: 
cat stdout.log
cpuinfo:
processor	: 0
model name	: ARMv7 Processor rev 2 (v7l)
Features	: half thumb fastmult vfp edsp thumbee neon vfpv3 tls vfpd32 
CPU implementer	: 0x41
CPU architecture: 7
CPU variant	: 0x3
CPU part	: 0xc08
CPU revision	: 2
Hardware	: Generic AM33XX (Flattened Device Tree)
Revision	: 0000
Serial		: 0000000000000000
=======
soc info:
==> /sys/devices/soc0/family <==
Unknown
==> /sys/devices/soc0/machine <==
AM335X
==> /sys/devices/soc0/power <==
==> /sys/devices/soc0/revision <==
ES1.0
==> /sys/devices/soc0/subsystem <==
==> /sys/devices/soc0/type <==
==> /sys/devices/soc0/uevent <==
=======
DT Model info
==> /proc/device-tree/name <==
==> /proc/device-tree/model <==
TI AM335x EVM-SK
==> /proc/device-tree/compatible <==
ti,am335x-evmskti,am33xx
=======
interrupts:
           CPU0       
 16:       4825      INTC  68  gp_timer
 19:       1821      INTC  12  edma
 21:          7      INTC  14  edma_error
 29:          0  44e07000.gpio   6  mmc0
 53:          0  44e07000.gpio  30  button2
 91:          0  481ac000.gpio   2  button1
 92:          0  481ac000.gpio   3  button0
 94:          0  481ac000.gpio   5  button3
154:       4535      INTC  72  OMAP UART0
155:        329      INTC  70  44e0b000.i2c
156:       5472      INTC  64  mmc0
157:        144      INTC  28  mmc1
167:          0      INTC  40  4a100000.ethernet
168:          8      INTC  41  4a100000.ethernet
169:          9      INTC  42  4a100000.ethernet
170:          0      INTC  43  4a100000.ethernet
IPI0:          0  CPU wakeup interrupts
IPI1:          0  Timer broadcast interrupts
IPI2:          0  Rescheduling interrupts
IPI3:          0  Function call interrupts
IPI4:          0  Single function call interrupts
IPI5:          0  CPU stop interrupts
IPI6:          0  IRQ work interrupts
IPI7:          0  completion interrupts
Err:          0
=======
Clk_summary:
   clock                         enable_cnt  prepare_cnt        rate   accuracy   phase
----------------------------------------------------------------------------------------
 tclkin_ck                                0            0    12000000          0 0  
 virt_26000000_ck                         0            0    26000000          0 0  
 virt_25000000_ck                         0            0    25000000          0 0  
 virt_24000000_ck                         1            1    24000000          0 0  
    sys_clkin_ck                          9           23    24000000          0 0  
       timer6_fck                         0            1    24000000          0 0  
       timer3_fck                         0            1    24000000          0 0  
       dbg_sysclk_ck                      0            1    24000000          0 0  
       timer7_fck                         0            1    24000000          0 0  
       timer5_fck                         0            1    24000000          0 0  
       timer4_fck                         0            1    24000000          0 0  
       timer2_fck                         1            1    24000000          0 0  
       timer1_fck                         1            1    24000000          0 0  
       cefuse_fck                         0            0    24000000          0 0  
       dpll_per_ck                        1            2   960000000          0 0  
          usbotg_fck                      0            1   960000000          0 0  
          dpll_per_m2_ck                  2            4   192000000          0 0  
             ehrpwm2_tbclk                0            0   192000000          0 0  
             ehrpwm1_tbclk                0            0   192000000          0 0  
             ehrpwm0_tbclk                0            0   192000000          0 0  
             mmc_clk                      0            3    96000000          0 0  
             clk_24mhz                    1            1    24000000          0 0  
                clkdiv32k_ck              1            1       32786          0 0  
                   clkdiv32k_ick           2            5       32786          0 0  
                      wdt1_fck            0            1       32786          0 0  
                      gpio3_dbclk           0            1       32786          0 0  
                      gpio2_dbclk           1            2       32786          0 0  
                      gpio1_dbclk           0            1       32786          0 0  
             dpll_per_m2_div4_ck           0            9    48000000          0 0  
             dpll_per_m2_div4_wkupdm_ck           1            2    48000000          0 0  
       dpll_disp_ck                       0            1    24000000          0 0  
          dpll_disp_m2_ck                 0            1    24000000          0 0  
             lcd_gclk                     0            1    24000000          0 0  
       dpll_ddr_ck                        1            1   303000000          0 0  
          dpll_ddr_m2_ck                  2            2   303000000          0 0  
             dpll_ddr_m2_div2_ck           1            1   151500000          0 0  
       dpll_mpu_ck                        1            1   275000000          0 0  
          dpll_mpu_m2_ck                  4            4   275000000          0 0  
       dpll_core_ck                       1            1  1000000000          0 0  
          dpll_core_x2_ck                 2            2  2000000000          0 0  
             dpll_core_m6_ck              0            0   500000000          0 0  
             dpll_core_m5_ck              1            1   250000000          0 0  
                cpsw_cpts_rft_clk           0            0   250000000          0 0  
                cpsw_125mhz_gclk           3            3   125000000          0 0  
             dpll_core_m4_ck              9           11   200000000          0 0  
                dbg_clka_ck               0            2   200000000          0 0  
                   trace_pmd_clk_mux_ck           0            1   200000000          0 0  
                      trace_clk_div_ck           0            1    50000000          0 0  
                   stm_pmd_clock_mux_ck           0            0   200000000          0 0  
                      stm_clk_div_ck           0            0    50000000          0 0  
                gfx_fclk_clksel_ck           0            1   200000000          0 0  
                   gfx_fck_div_ck           0            1   200000000          0 0  
                sysclk_div_ck             0            0   200000000          0 0  
                l4hs_gclk                 2            2   200000000          0 0  
                l4_rtc_gclk               0            0   100000000          0 0  
                dpll_core_m4_div2_ck          16           17   100000000          0 0  
                   l4ls_gclk             43           59   100000000          0 0  
                   l4fw_gclk              1            1   100000000          0 0  
                   l3s_gclk               9           10   100000000          0 0  
                   ieee5000_fck           0            0   100000000          0 0  
                mmu_fck                   0            0   200000000          0 0  
                l3_gclk                  13           15   200000000          0 0  
                   pruss_ocp_gclk           0            1   200000000          0 0  
       rng_fck                            1            2    24000000          0 0  
       aes0_fck                           1            2    24000000          0 0  
       sha0_fck                           1            1    24000000          0 0  
       smartreflex1_fck                   0            1    24000000          0 0  
       smartreflex0_fck                   0            1    24000000          0 0  
       mcasp1_fck                         0            1    24000000          0 0  
       mcasp0_fck                         0            1    24000000          0 0  
       dcan1_fck                          0            1    24000000          0 0  
       dcan0_fck                          0            1    24000000          0 0  
       adc_tsc_fck                        0            1    24000000          0 0  
 virt_19200000_ck                         0            0    19200000          0 0  
 clk_rc32k_ck                             1            1       32000          0 0  
    gpio0_dbclk_mux_ck                    1            1       32000          0 0  
       gpio0_dbclk                        1            2       32000          0 0  
 clk_32768_ck                             1            2       32768          0 0  
    sysclkout_pre_ck                      1            1       32768          0 0  
       clkout2_div_ck                     1            1       32768          0 0  
          clkout2_ck                      1            1       32768          0 0  
=======
Orphan Clks:
=======
Available frequencies
275000 500000 600000 720000 
=======
Hello World Board Booted
root@am335x-evm:/test# 
- 01:25:51 [INFO] Host: cat stderr.log
- 01:25:51 [INFO] Target: 
cat stderr.log
ls: /sys/kernel/debug/clk/orphans/: No such file or directory
root@am335x-evm:/test# 
- 01:25:51 [INFO] Host: cat result.log
- 01:25:53 [ERROR] On command: cat result.log waiting for cat result.log.+?(?m-ix:^1[\0\n\r]+) >>> error: execution expired
- 01:25:53 [INFO] Target: 
cat result.log
root@am335x-evm:/test# 
- 01:25:53 [INFO] Host: cd /test
- 01:25:54 [INFO] Target: 
cd /test
root@am335x-evm:/test# 
URL:gtsystest.telogy.design.ti.com/vatf/tigitfarm04/tigitfarm04_vatf@am335x-sk1/tigitfarm0412_30_2014_01_24_15/files/session_iteration_1/test_1
