- 15:22:22 [INFO] Starting target session
- 15:22:23 [INFO] Connected to am335x-sk via serial 
- 15:22:23 [INFO] Host: #check prompt
- 15:22:26 [ERROR] On command: #check prompt waiting for #check prompt.+?(?-mix:((?-mix:login:)|[Pp]assword)) >>> error: execution expired
- 15:22:26 [INFO] Target: 
#check prompt
root@am335x-evm:/test# 
- 15:22:26 [INFO] Host: #check prompt
- 15:22:26 [INFO] Target: 
#check prompt
root@am335x-evm:/test# 
- 15:22:26 [INFO] Host: sync;poweroff
- 15:22:40 [INFO] Target: 
sync;poweroff
Broadcast message from root@am335x-evm (ttyO0) (Thu Aug 28 01:32:51 2014):
The system is *uj(*root@am335x-evm:/test# Sending processes the TERM signal
INIT: Sending procStopping syslogd/klogd: stopped syslogd (pid 1165)
stopped klogd (pid 1168)
done
Deconfiguring network interfaces... done.
Sending all processes the TERM signal...
Sending all processes the KILL signal...
Unmounting remote filesystems...
Deactivating swap...
Unmounting local filesystems...
[ 1119.733821] reboot: System halted
- 15:22:40 [INFO] Disconnected serial from am335x-sk
- 15:22:45 [INFO] Connected to am335x-sk via serial 
- 15:22:45 [INFO] Host: 
- 15:22:46 [ERROR] On command:  waiting for (?-mix:U-Boot#) >>> error: execution expired
- 15:22:46 [INFO] Target: 
- 15:22:46 [INFO] Host: 
- 15:22:46 [ERROR] On command:  waiting for (?-mix:U-Boot#) >>> error: execution expired
- 15:22:46 [INFO] Target: 
- 15:22:46 [INFO] Host: 
- 15:22:47 [ERROR] On command:  waiting for (?-mix:U-Boot#) >>> error: execution expired
- 15:22:47 [INFO] Target: 
reading args
spl_load_image_fat_os: error reading image args, err - -1
reading u-boot.img
reading u-boot.img
U-Boot 2014.07-00071-gaca0808 (Oct 02 2014 - 11:22:57), Build: jenkins-ti-linux-3-14-y_opentest-216
I2C:   ready
DRAM:  256 MiB
- 15:22:47 [INFO] Host: 
- 15:22:47 [ERROR] On command:  waiting for (?-mix:U-Boot#) >>> error: execution expired
- 15:22:47 [INFO] Target: 
NAND:  0 MiB
MMC:   OMAP SD/MMC: 0, OMAP SD/MMC: 1
- 15:22:47 [INFO] Host: 
- 15:22:48 [INFO] Target: 
reading uboot.env
** Unable to read "uboot.env" from mmc0:1 **
Using default environment
Net:   <ethaddr> not set. Validating first E-fuse MAC
cpsw, usb_ether
Hit any key to stop autoboot:  1  0 
U-Boot# 
U-Boot# 
- 15:22:48 [INFO] Host: 
- 15:22:48 [INFO] Target: 
U-Boot# 
- 15:22:48 [INFO] Host: version
- 15:22:49 [INFO] Target: 
version
U-Boot 2014.07-00071-gaca0808 (Oct 02 2014 - 11:22:57)
arm-linux-gnueabihf-gcc (crosstool-NG linaro-1.13.1-4.7-2013.03-20130313 - Linaro GCC 2013.03) 4.7.3 20130226 (prerelease)
GNU ld (crosstool-NG linaro-1.13.1-4.7-2013.03-20130313 - Linaro GCC 2013.03) 2.23.1
U-Boot# 
- 15:22:49 [INFO] Host: setenv bootargs 'console=ttyO0,115200n8 earlyprintk rootwait '
- 15:22:49 [INFO] Target: 
setenv bootargs 'console=ttyO0,115200n8 earlyprintk rootwait '
U-Boot# 
- 15:22:49 [INFO] Host: setenv bootcmd  ''
- 15:22:50 [INFO] Target: 
setenv bootcmd  ''
U-Boot# 
- 15:22:50 [INFO] Host: setenv autoload 'no'
- 15:22:50 [INFO] Target: 
setenv autoload 'no'
U-Boot# 
- 15:22:50 [INFO] Host: setenv serverip '192.168.0.1'
- 15:22:51 [INFO] Target: 
setenv serverip '192.168.0.1'
U-Boot# 
- 15:22:51 [INFO] Host: printenv
- 15:22:51 [INFO] Target: 
printenv
arch=arm
autoload=no
baudrate=115200
board=am335x
board_name=A335X_SK
board_rev=1.2B
boot_fdt=try
bootargs=console=ttyO0,115200n8 earlyprintk rootwait 
bootcmd=
bootcount=1
bootdelay=1
bootdir=/boot
bootenv=uEnv.txt
bootfile=zImage
bootm_size=0x10000000
bootpart=0:2
console=ttyO0,115200n8
cpu=armv7
dfu_alt_info_emmc=rawemmc mmc 0 3751936
dfu_alt_info_mmc=boot part 0 1;rootfs part 0 2;MLO fat 0 1;MLO.raw mmc 0x100 0x100;u-boot.img.raw mmc 0x300 0x400;spl-os-args.raw mmc 0x80 0x80;spl-os-image.raw mmc 0x900 0x2000;spl-os-args fat 0 1;spl-os-image fat 0 1;u-boot.img fat 0 1;uEnv.txt fat 0 1
dfu_alt_info_nand=SPL part 0 1;SPL.backup1 part 0 2;SPL.backup2 part 0 3;SPL.backup3 part 0 4;u-boot part 0 5;u-boot-spl-os part 0 6;kernel part 0 8;rootfs part 0 9
dfu_alt_info_ram=kernel ram 0x80200000 0xD80000;fdt ram 0x80F80000 0x80000;ramdisk ram 0x81000000 0x4000000
eth1addr=d4:94:a1:88:6b:ea
ethact=cpsw
ethaddr=d4:94:a1:88:6b:e9
fdt_addr_r=0x88000000
fdtaddr=0x88000000
fdtfile=undefined
findfdt=if test $board_name = A335BONE; then setenv fdtfile am335x-bone.dtb; fi; if test $board_name = A335BNLT; then setenv fdtfile am335x-boneblack.dtb; fi; if test $board_name = A33515BB; then setenv fdtfile am335x-evm.dtb; fi; if test $board_name = A335X_SK; then setenv fdtfile am335x-evmsk.dtb; fi; if test $fdtfile = undefined; then echo WARNING: Could not determine device tree to use; fi; 
importbootenv=echo Importing environment from mmc ...; env import -t -r $loadaddr $filesize
kernel_addr_r=0x82000000
loadaddr=0x82000000
loadbootenv=load mmc ${mmcdev} ${loadaddr} ${bootenv}
loadfdt=load mmc ${bootpart} ${fdtaddr} ${bootdir}/${fdtfile}
loadimage=load mmc ${bootpart} ${loadaddr} ${bootdir}/${bootfile}
loadramdisk=load mmc ${mmcdev} ${rdaddr} ramdisk.gz
mmcargs=setenv bootargs console=${console} ${optargs} root=${mmcroot} rootfstype=${mmcrootfstype}
mmcboot=mmc dev ${mmcdev}; if mmc rescan; then echo SD/MMC found on device ${mmcdev};if run loadbootenv; then echo Loaded environment from ${bootenv};run importbootenv;fi;if test -n $uenvcmd; then echo Running uenvcmd ...;run uenvcmd;fi;if run loadimage; then run mmcloados;fi;fi;
mmcdev=0
mmcloados=run mmcargs; if test ${boot_fdt} = yes || test ${boot_fdt} = try; then if run loadfdt; then bootz ${loadaddr} - ${fdtaddr}; else if test ${boot_fdt} = try; then bootz; else echo WARN: Cannot load the DT; fi; fi; else bootz; fi;
mmcroot=/dev/mmcblk0p2 ro
mmcrootfstype=ext4 rootwait
mtdids=nand0=nand.0
mtdparts=mtdparts=nand.0:128k(NAND.SPL),128k(NAND.SPL.backup1),128k(NAND.SPL.backup2),128k(NAND.SPL.backup3),256k(NAND.u-boot-spl-os),1m(NAND.u-boot),128k(NAND.u-boot-env),128k(NAND.u-boot-env.backup1),8m(NAND.kernel),-(NAND.file-system)
nandargs=setenv bootargs console=${console} ${optargs} root=${nandroot} rootfstype=${nandrootfstype}
nandboot=echo Booting from nand ...; run nandargs; nand read ${fdtaddr} NAND.u-boot-spl-os; nand read ${loadaddr} NAND.kernel; bootz ${loadaddr} - ${fdtaddr}
nandroot=ubi0:rootfs rw ubi.mtd=NAND.file-system,2048
nandrootfstype=ubifs rootwait=1
netargs=setenv bootargs console=${console} ${optargs} root=/dev/nfs nfsroot=${serverip}:${rootpath},${nfsopts} rw ip=dhcp
netboot=echo Booting from network ...; setenv autoload no; dhcp; tftp ${loadaddr} ${bootfile}; tftp ${fdtaddr} ${fdtfile}; run netargs; bootz ${loadaddr} - ${fdtaddr}
nfsopts=nolock
partitions=uuid_disk=${uuid_gpt_disk};name=rootfs,start=2MiB,size=-,uuid=${uuid_gpt_rootfs}
ramargs=setenv bootargs console=${console} ${optargs} root=${ramroot} rootfstype=${ramrootfstype}
ramboot=echo Booting from ramdisk ...; run ramargs; bootz ${loadaddr} ${rdaddr} ${fdtaddr}
ramdisk_addr_r=0x88080000
ramroot=/dev/ram0 rw
ramrootfstype=ext2
rdaddr=0x88080000
rootpath=/export/rootfs
serverip=192.168.0.1
soc=am33xx
spiargs=setenv bootargs console=${console} ${optargs} root=${spiroot} rootfstype=${spirootfstype}
spiboot=echo Booting from spi ...; run spiargs; sf probe ${spibusno}:0; sf read ${loadaddr} ${spisrcaddr} ${spiimgsize}; bootz ${loadaddr}
spibusno=0
spiimgsize=0x362000
spiroot=/dev/mtdblock4 rw
spirootfstype=jffs2
spisrcaddr=0xe0000
static_ip=${ipaddr}:${serverip}:${gatewayip}:${netmask}:${hostname}::off
stderr=serial
stdin=serial
stdout=serial
usbnet_devaddr=d4:94:a1:88:6b:ea
vendor=ti
ver=U-Boot 2014.07-00071-gaca0808 (Oct 02 2014 - 11:22:57)
Environment size: 4470/131068 bytes
U-Boot# 
- 15:22:51 [INFO] Host: printenv
- 15:22:52 [INFO] Target: 
printenv
arch=arm
autoload=no
baudrate=115200
board=am335x
board_name=A335X_SK
board_rev=1.2B
boot_fdt=try
bootargs=console=ttyO0,115200n8 earlyprintk rootwait 
bootcmd=
bootcount=1
bootdelay=1
bootdir=/boot
bootenv=uEnv.txt
bootfile=zImage
bootm_size=0x10000000
bootpart=0:2
console=ttyO0,115200n8
cpu=armv7
dfu_alt_info_emmc=rawemmc mmc 0 3751936
dfu_alt_info_mmc=boot part 0 1;rootfs part 0 2;MLO fat 0 1;MLO.raw mmc 0x100 0x100;u-boot.img.raw mmc 0x300 0x400;spl-os-args.raw mmc 0x80 0x80;spl-os-image.raw mmc 0x900 0x2000;spl-os-args fat 0 1;spl-os-image fat 0 1;u-boot.img fat 0 1;uEnv.txt fat 0 1
dfu_alt_info_nand=SPL part 0 1;SPL.backup1 part 0 2;SPL.backup2 part 0 3;SPL.backup3 part 0 4;u-boot part 0 5;u-boot-spl-os part 0 6;kernel part 0 8;rootfs part 0 9
dfu_alt_info_ram=kernel ram 0x80200000 0xD80000;fdt ram 0x80F80000 0x80000;ramdisk ram 0x81000000 0x4000000
eth1addr=d4:94:a1:88:6b:ea
ethact=cpsw
ethaddr=d4:94:a1:88:6b:e9
fdt_addr_r=0x88000000
fdtaddr=0x88000000
fdtfile=undefined
findfdt=if test $board_name = A335BONE; then setenv fdtfile am335x-bone.dtb; fi; if test $board_name = A335BNLT; then setenv fdtfile am335x-boneblack.dtb; fi; if test $board_name = A33515BB; then setenv fdtfile am335x-evm.dtb; fi; if test $board_name = A335X_SK; then setenv fdtfile am335x-evmsk.dtb; fi; if test $fdtfile = undefined; then echo WARNING: Could not determine device tree to use; fi; 
importbootenv=echo Importing environment from mmc ...; env import -t -r $loadaddr $filesize
kernel_addr_r=0x82000000
loadaddr=0x82000000
loadbootenv=load mmc ${mmcdev} ${loadaddr} ${bootenv}
loadfdt=load mmc ${bootpart} ${fdtaddr} ${bootdir}/${fdtfile}
loadimage=load mmc ${bootpart} ${loadaddr} ${bootdir}/${bootfile}
loadramdisk=load mmc ${mmcdev} ${rdaddr} ramdisk.gz
mmcargs=setenv bootargs console=${console} ${optargs} root=${mmcroot} rootfstype=${mmcrootfstype}
mmcboot=mmc dev ${mmcdev}; if mmc rescan; then echo SD/MMC found on device ${mmcdev};if run loadbootenv; then echo Loaded environment from ${bootenv};run importbootenv;fi;if test -n $uenvcmd; then echo Running uenvcmd ...;run uenvcmd;fi;if run loadimage; then run mmcloados;fi;fi;
mmcdev=0
mmcloados=run mmcargs; if test ${boot_fdt} = yes || test ${boot_fdt} = try; then if run loadfdt; then bootz ${loadaddr} - ${fdtaddr}; else if test ${boot_fdt} = try; then bootz; else echo WARN: Cannot load the DT; fi; fi; else bootz; fi;
mmcroot=/dev/mmcblk0p2 ro
mmcrootfstype=ext4 rootwait
mtdids=nand0=nand.0
mtdparts=mtdparts=nand.0:128k(NAND.SPL),128k(NAND.SPL.backup1),128k(NAND.SPL.backup2),128k(NAND.SPL.backup3),256k(NAND.u-boot-spl-os),1m(NAND.u-boot),128k(NAND.u-boot-env),128k(NAND.u-boot-env.backup1),8m(NAND.kernel),-(NAND.file-system)
nandargs=setenv bootargs console=${console} ${optargs} root=${nandroot} rootfstype=${nandrootfstype}
nandboot=echo Booting from nand ...; run nandargs; nand read ${fdtaddr} NAND.u-boot-spl-os; nand read ${loadaddr} NAND.kernel; bootz ${loadaddr} - ${fdtaddr}
nandroot=ubi0:rootfs rw ubi.mtd=NAND.file-system,2048
nandrootfstype=ubifs rootwait=1
netargs=setenv bootargs console=${console} ${optargs} root=/dev/nfs nfsroot=${serverip}:${rootpath},${nfsopts} rw ip=dhcp
netboot=echo Booting from network ...; setenv autoload no; dhcp; tftp ${loadaddr} ${bootfile}; tftp ${fdtaddr} ${fdtfile}; run netargs; bootz ${loadaddr} - ${fdtaddr}
nfsopts=nolock
partitions=uuid_disk=${uuid_gpt_disk};name=rootfs,start=2MiB,size=-,uuid=${uuid_gpt_rootfs}
ramargs=setenv bootargs console=${console} ${optargs} root=${ramroot} rootfstype=${ramrootfstype}
ramboot=echo Booting from ramdisk ...; run ramargs; bootz ${loadaddr} ${rdaddr} ${fdtaddr}
ramdisk_addr_r=0x88080000
ramroot=/dev/ram0 rw
ramrootfstype=ext2
rdaddr=0x88080000
rootpath=/export/rootfs
serverip=192.168.0.1
soc=am33xx
spiargs=setenv bootargs console=${console} ${optargs} root=${spiroot} rootfstype=${spirootfstype}
spiboot=echo Booting from spi ...; run spiargs; sf probe ${spibusno}:0; sf read ${loadaddr} ${spisrcaddr} ${spiimgsize}; bootz ${loadaddr}
spibusno=0
spiimgsize=0x362000
spiroot=/dev/mtdblock4 rw
spirootfstype=jffs2
spisrcaddr=0xe0000
static_ip=${ipaddr}:${serverip}:${gatewayip}:${netmask}:${hostname}::off
stderr=serial
stdin=serial
stdout=serial
usbnet_devaddr=d4:94:a1:88:6b:ea
vendor=ti
ver=U-Boot 2014.07-00071-gaca0808 (Oct 02 2014 - 11:22:57)
Environment size: 4470/131068 bytes
U-Boot# 
- 15:22:52 [INFO] Host: setenv bootargs ''${bootargs}' ip=dhcp '
- 15:22:52 [INFO] Target: 
setenv bootargs ''${bootargs}' ip=dhcp '
U-Boot# 
- 15:22:52 [INFO] Host: setenv serverip '192.168.0.1'
- 15:22:53 [INFO] Target: 
setenv serverip '192.168.0.1'
U-Boot# 
- 15:22:53 [INFO] Host: setenv ipaddr dhcp
- 15:22:53 [INFO] Target: 
setenv ipaddr dhcp
U-Boot# 
- 15:22:53 [INFO] Host: setenv autoload 'no'
- 15:22:54 [INFO] Target: 
setenv autoload 'no'
U-Boot# 
- 15:22:54 [INFO] Host: dhcp
- 15:22:55 [INFO] Target: 
dhcp
link up on port 0, speed 1000, full duplex
BOOTP broadcast 1
DHCP client bound to address 192.168.0.172
U-Boot# 
- 15:22:55 [INFO] Host: setenv serverip '192.168.0.1'
- 15:22:56 [INFO] Target: 
setenv serverip '192.168.0.1'
U-Boot# 
- 15:22:56 [INFO] Host: tftp ${loadaddr} 192.168.0.1:vatf_am335x-sk1/4be340ce628bec3f146783baf1af7c46
- 15:22:57 [INFO] Target: 
tftp ${loadaddr} 192.168.0.1:vatf_am335x-sk1/4be340ce628bec3f146783baf1af7c46
link up on port 0, speed 1000, full duplex
Using cpsw device
TFTP from server 192.168.0.1; our IP address is 192.168.0.172
Filename 'vatf_am335x-sk1/4be340ce628bec3f146783baf1af7c46'.
Load address: 0x82000000
Loading: *#################################################################
	 #################################################################
	 #################################################################
	 #################################################################
	 #################################################################
	 #################################################################
	 8.1 MiB/s
done
Bytes transferred = 5712344 (5729d8 hex)
U-Boot# 
- 15:22:57 [INFO] Host: tftp ${fdt_addr_r} 192.168.0.1:vatf_am335x-sk1/21beeb22709f0c50b6063ac08ce4ea9a
- 15:22:58 [INFO] Target: 
tftp ${fdt_addr_r} 192.168.0.1:vatf_am335x-sk1/21beeb22709f0c50b6063ac08ce4ea9a
link up on port 0, speed 1000, full duplex
Using cpsw device
TFTP from server 192.168.0.1; our IP address is 192.168.0.172
Filename 'vatf_am335x-sk1/21beeb22709f0c50b6063ac08ce4ea9a'.
Load address: 0x88000000
Loading: *###
	 5.5 MiB/s
done
Bytes transferred = 34840 (8818 hex)
U-Boot# 
- 15:22:58 [INFO] Host: ls mmc 0:1
- 15:22:58 [INFO] Target: 
ls mmc 0:1
    77476   mlo 
   447116   u-boot.img 
  2627551   u-boot 
   447084   u-boot.bin 
   905453   u-boot-spl 
    76900   u-boot-spl.bin 
      259   uboot_build.txt 
       53   pointercal 
            windows_users/
       13   .ipaddr 
            old_uboot/
        4   ws-calibrate.rules 
10 file(s), 2 dir(s)
U-Boot# 
- 15:22:58 [INFO] Host: ls mmc 0:2
- 15:22:59 [INFO] Target: 
ls mmc 0:2
<DIR>       4096 .
<DIR>       4096 ..
<DIR>       4096 bin
<DIR>       4096 boot
<DIR>       4096 dev
<DIR>       4096 etc
<DIR>       4096 home
<DIR>       4096 lib
<DIR>       4096 media
<DIR>       4096 mnt
<DIR>       4096 opt
<DIR>       4096 proc
<DIR>       4096 sbin
<DIR>       4096 srv
<DIR>       4096 sys
<SYM>          8 tmp
<DIR>       4096 usr
<DIR>       4096 var
<DIR>       4096 www
<SYM>          8 run
<DIR>       4096 Settings
<DIR>       4096 test
U-Boot# 
- 15:22:59 [INFO] Host: part uuid mmc 0:2
- 15:22:59 [INFO] Target: 
part uuid mmc 0:2
00000000-02
U-Boot# 
- 15:22:59 [INFO] Host: printenv
- 15:23:00 [INFO] Target: 
printenv
arch=arm
autoload=no
baudrate=115200
board=am335x
board_name=A335X_SK
board_rev=1.2B
boot_fdt=try
bootargs=console=ttyO0,115200n8 earlyprintk rootwait  ip=dhcp 
bootcmd=
bootcount=1
bootdelay=1
bootdir=/boot
bootenv=uEnv.txt
bootfile=zImage
bootm_size=0x10000000
bootpart=0:2
console=ttyO0,115200n8
cpu=armv7
dfu_alt_info_emmc=rawemmc mmc 0 3751936
dfu_alt_info_mmc=boot part 0 1;rootfs part 0 2;MLO fat 0 1;MLO.raw mmc 0x100 0x100;u-boot.img.raw mmc 0x300 0x400;spl-os-args.raw mmc 0x80 0x80;spl-os-image.raw mmc 0x900 0x2000;spl-os-args fat 0 1;spl-os-image fat 0 1;u-boot.img fat 0 1;uEnv.txt fat 0 1
dfu_alt_info_nand=SPL part 0 1;SPL.backup1 part 0 2;SPL.backup2 part 0 3;SPL.backup3 part 0 4;u-boot part 0 5;u-boot-spl-os part 0 6;kernel part 0 8;rootfs part 0 9
dfu_alt_info_ram=kernel ram 0x80200000 0xD80000;fdt ram 0x80F80000 0x80000;ramdisk ram 0x81000000 0x4000000
dnsip=192.0.2.2
dnsip2=192.0.2.3
eth1addr=d4:94:a1:88:6b:ea
ethact=cpsw
ethaddr=d4:94:a1:88:6b:e9
fdt_addr_r=0x88000000
fdtaddr=0x88000000
fdtfile=undefined
fileaddr=88000000
filesize=8818
findfdt=if test $board_name = A335BONE; then setenv fdtfile am335x-bone.dtb; fi; if test $board_name = A335BNLT; then setenv fdtfile am335x-boneblack.dtb; fi; if test $board_name = A33515BB; then setenv fdtfile am335x-evm.dtb; fi; if test $board_name = A335X_SK; then setenv fdtfile am335x-evmsk.dtb; fi; if test $fdtfile = undefined; then echo WARNING: Could not determine device tree to use; fi; 
gatewayip=192.168.0.1
importbootenv=echo Importing environment from mmc ...; env import -t -r $loadaddr $filesize
ipaddr=192.168.0.172
kernel_addr_r=0x82000000
loadaddr=0x82000000
loadbootenv=load mmc ${mmcdev} ${loadaddr} ${bootenv}
loadfdt=load mmc ${bootpart} ${fdtaddr} ${bootdir}/${fdtfile}
loadimage=load mmc ${bootpart} ${loadaddr} ${bootdir}/${bootfile}
loadramdisk=load mmc ${mmcdev} ${rdaddr} ramdisk.gz
mmcargs=setenv bootargs console=${console} ${optargs} root=${mmcroot} rootfstype=${mmcrootfstype}
mmcboot=mmc dev ${mmcdev}; if mmc rescan; then echo SD/MMC found on device ${mmcdev};if run loadbootenv; then echo Loaded environment from ${bootenv};run importbootenv;fi;if test -n $uenvcmd; then echo Running uenvcmd ...;run uenvcmd;fi;if run loadimage; then run mmcloados;fi;fi;
mmcdev=0
mmcloados=run mmcargs; if test ${boot_fdt} = yes || test ${boot_fdt} = try; then if run loadfdt; then bootz ${loadaddr} - ${fdtaddr}; else if test ${boot_fdt} = try; then bootz; else echo WARN: Cannot load the DT; fi; fi; else bootz; fi;
mmcroot=/dev/mmcblk0p2 ro
mmcrootfstype=ext4 rootwait
mtdids=nand0=nand.0
mtdparts=mtdparts=nand.0:128k(NAND.SPL),128k(NAND.SPL.backup1),128k(NAND.SPL.backup2),128k(NAND.SPL.backup3),256k(NAND.u-boot-spl-os),1m(NAND.u-boot),128k(NAND.u-boot-env),128k(NAND.u-boot-env.backup1),8m(NAND.kernel),-(NAND.file-system)
nandargs=setenv bootargs console=${console} ${optargs} root=${nandroot} rootfstype=${nandrootfstype}
nandboot=echo Booting from nand ...; run nandargs; nand read ${fdtaddr} NAND.u-boot-spl-os; nand read ${loadaddr} NAND.kernel; bootz ${loadaddr} - ${fdtaddr}
nandroot=ubi0:rootfs rw ubi.mtd=NAND.file-system,2048
nandrootfstype=ubifs rootwait=1
netargs=setenv bootargs console=${console} ${optargs} root=/dev/nfs nfsroot=${serverip}:${rootpath},${nfsopts} rw ip=dhcp
netboot=echo Booting from network ...; setenv autoload no; dhcp; tftp ${loadaddr} ${bootfile}; tftp ${fdtaddr} ${fdtfile}; run netargs; bootz ${loadaddr} - ${fdtaddr}
netmask=255.255.255.0
nfsopts=nolock
partitions=uuid_disk=${uuid_gpt_disk};name=rootfs,start=2MiB,size=-,uuid=${uuid_gpt_rootfs}
ramargs=setenv bootargs console=${console} ${optargs} root=${ramroot} rootfstype=${ramrootfstype}
ramboot=echo Booting from ramdisk ...; run ramargs; bootz ${loadaddr} ${rdaddr} ${fdtaddr}
ramdisk_addr_r=0x88080000
ramroot=/dev/ram0 rw
ramrootfstype=ext2
rdaddr=0x88080000
rootpath=/export/rootfs
serverip=192.168.0.1
soc=am33xx
spiargs=setenv bootargs console=${console} ${optargs} root=${spiroot} rootfstype=${spirootfstype}
spiboot=echo Booting from spi ...; run spiargs; sf probe ${spibusno}:0; sf read ${loadaddr} ${spisrcaddr} ${spiimgsize}; bootz ${loadaddr}
spibusno=0
spiimgsize=0x362000
spiroot=/dev/mtdblock4 rw
spirootfstype=jffs2
spisrcaddr=0xe0000
static_ip=${ipaddr}:${serverip}:${gatewayip}:${netmask}:${hostname}::off
stderr=serial
stdin=serial
stdout=serial
usbnet_devaddr=d4:94:a1:88:6b:ea
vendor=ti
ver=U-Boot 2014.07-00071-gaca0808 (Oct 02 2014 - 11:22:57)
Environment size: 4623/131068 bytes
U-Boot# 
- 15:23:00 [INFO] Host: setenv bootargs ''${bootargs}' root=PARTUUID=00000000-02 rw rootfstype=ext4 rootwait '
- 15:23:00 [INFO] Target: 
setenv bootargs ''${bootargs}' root=PARTUUID=00000000-02 rw rootfstype=ext4 rootwait '
U-Boot# 
- 15:23:00 [INFO] Host: printenv
- 15:23:01 [INFO] Target: 
printenv
arch=arm
autoload=no
baudrate=115200
board=am335x
board_name=A335X_SK
board_rev=1.2B
boot_fdt=try
bootargs=console=ttyO0,115200n8 earlyprintk rootwait  ip=dhcp  root=PARTUUID=00000000-02 rw rootfstype=ext4 rootwait 
bootcmd=
bootcount=1
bootdelay=1
bootdir=/boot
bootenv=uEnv.txt
bootfile=zImage
bootm_size=0x10000000
bootpart=0:2
console=ttyO0,115200n8
cpu=armv7
dfu_alt_info_emmc=rawemmc mmc 0 3751936
dfu_alt_info_mmc=boot part 0 1;rootfs part 0 2;MLO fat 0 1;MLO.raw mmc 0x100 0x100;u-boot.img.raw mmc 0x300 0x400;spl-os-args.raw mmc 0x80 0x80;spl-os-image.raw mmc 0x900 0x2000;spl-os-args fat 0 1;spl-os-image fat 0 1;u-boot.img fat 0 1;uEnv.txt fat 0 1
dfu_alt_info_nand=SPL part 0 1;SPL.backup1 part 0 2;SPL.backup2 part 0 3;SPL.backup3 part 0 4;u-boot part 0 5;u-boot-spl-os part 0 6;kernel part 0 8;rootfs part 0 9
dfu_alt_info_ram=kernel ram 0x80200000 0xD80000;fdt ram 0x80F80000 0x80000;ramdisk ram 0x81000000 0x4000000
dnsip=192.0.2.2
dnsip2=192.0.2.3
eth1addr=d4:94:a1:88:6b:ea
ethact=cpsw
ethaddr=d4:94:a1:88:6b:e9
fdt_addr_r=0x88000000
fdtaddr=0x88000000
fdtfile=undefined
fileaddr=88000000
filesize=8818
findfdt=if test $board_name = A335BONE; then setenv fdtfile am335x-bone.dtb; fi; if test $board_name = A335BNLT; then setenv fdtfile am335x-boneblack.dtb; fi; if test $board_name = A33515BB; then setenv fdtfile am335x-evm.dtb; fi; if test $board_name = A335X_SK; then setenv fdtfile am335x-evmsk.dtb; fi; if test $fdtfile = undefined; then echo WARNING: Could not determine device tree to use; fi; 
gatewayip=192.168.0.1
importbootenv=echo Importing environment from mmc ...; env import -t -r $loadaddr $filesize
ipaddr=192.168.0.172
kernel_addr_r=0x82000000
loadaddr=0x82000000
loadbootenv=load mmc ${mmcdev} ${loadaddr} ${bootenv}
loadfdt=load mmc ${bootpart} ${fdtaddr} ${bootdir}/${fdtfile}
loadimage=load mmc ${bootpart} ${loadaddr} ${bootdir}/${bootfile}
loadramdisk=load mmc ${mmcdev} ${rdaddr} ramdisk.gz
mmcargs=setenv bootargs console=${console} ${optargs} root=${mmcroot} rootfstype=${mmcrootfstype}
mmcboot=mmc dev ${mmcdev}; if mmc rescan; then echo SD/MMC found on device ${mmcdev};if run loadbootenv; then echo Loaded environment from ${bootenv};run importbootenv;fi;if test -n $uenvcmd; then echo Running uenvcmd ...;run uenvcmd;fi;if run loadimage; then run mmcloados;fi;fi;
mmcdev=0
mmcloados=run mmcargs; if test ${boot_fdt} = yes || test ${boot_fdt} = try; then if run loadfdt; then bootz ${loadaddr} - ${fdtaddr}; else if test ${boot_fdt} = try; then bootz; else echo WARN: Cannot load the DT; fi; fi; else bootz; fi;
mmcroot=/dev/mmcblk0p2 ro
mmcrootfstype=ext4 rootwait
mtdids=nand0=nand.0
mtdparts=mtdparts=nand.0:128k(NAND.SPL),128k(NAND.SPL.backup1),128k(NAND.SPL.backup2),128k(NAND.SPL.backup3),256k(NAND.u-boot-spl-os),1m(NAND.u-boot),128k(NAND.u-boot-env),128k(NAND.u-boot-env.backup1),8m(NAND.kernel),-(NAND.file-system)
nandargs=setenv bootargs console=${console} ${optargs} root=${nandroot} rootfstype=${nandrootfstype}
nandboot=echo Booting from nand ...; run nandargs; nand read ${fdtaddr} NAND.u-boot-spl-os; nand read ${loadaddr} NAND.kernel; bootz ${loadaddr} - ${fdtaddr}
nandroot=ubi0:rootfs rw ubi.mtd=NAND.file-system,2048
nandrootfstype=ubifs rootwait=1
netargs=setenv bootargs console=${console} ${optargs} root=/dev/nfs nfsroot=${serverip}:${rootpath},${nfsopts} rw ip=dhcp
netboot=echo Booting from network ...; setenv autoload no; dhcp; tftp ${loadaddr} ${bootfile}; tftp ${fdtaddr} ${fdtfile}; run netargs; bootz ${loadaddr} - ${fdtaddr}
netmask=255.255.255.0
nfsopts=nolock
partitions=uuid_disk=${uuid_gpt_disk};name=rootfs,start=2MiB,size=-,uuid=${uuid_gpt_rootfs}
ramargs=setenv bootargs console=${console} ${optargs} root=${ramroot} rootfstype=${ramrootfstype}
ramboot=echo Booting from ramdisk ...; run ramargs; bootz ${loadaddr} ${rdaddr} ${fdtaddr}
ramdisk_addr_r=0x88080000
ramroot=/dev/ram0 rw
ramrootfstype=ext2
rdaddr=0x88080000
rootpath=/export/rootfs
serverip=192.168.0.1
soc=am33xx
spiargs=setenv bootargs console=${console} ${optargs} root=${spiroot} rootfstype=${spirootfstype}
spiboot=echo Booting from spi ...; run spiargs; sf probe ${spibusno}:0; sf read ${loadaddr} ${spisrcaddr} ${spiimgsize}; bootz ${loadaddr}
spibusno=0
spiimgsize=0x362000
spiroot=/dev/mtdblock4 rw
spirootfstype=jffs2
spisrcaddr=0xe0000
static_ip=${ipaddr}:${serverip}:${gatewayip}:${netmask}:${hostname}::off
stderr=serial
stdin=serial
stdout=serial
usbnet_devaddr=d4:94:a1:88:6b:ea
vendor=ti
ver=U-Boot 2014.07-00071-gaca0808 (Oct 02 2014 - 11:22:57)
Environment size: 4678/131068 bytes
U-Boot# 
- 15:23:01 [INFO] Host: setenv bootcmd ''${bootcmd}' if iminfo ${loadaddr}; then bootm ${loadaddr} - ${fdt_addr_r}; else bootz ${loadaddr} - ${fdt_addr_r}; bootm ${loadaddr} - ${fdt_addr_r}; fi'
- 15:23:01 [INFO] Target: 
setenv bootcmd ''${bootcmd}' if iminfo ${loadaddr}; then bootm ${loadaddr} - ${fdt_addr_r}; else bootz ${loadaddr} - ${fdt_addr_r}; bootm ${loadaddr} - ${fdt_addr_r}; fi'
U-Boot# 
- 15:23:01 [INFO] Host: bdinfo
- 15:23:02 [INFO] Target: 
bdinfo
arch_number = 0x00000E05
boot_params = 0x80000100
DRAM bank   = 0x00000000
-> start    = 0x80000000
-> size     = 0x10000000
eth0name    = cpsw
ethaddr     = d4:94:a1:88:6b:e9
eth1name    = usb_ether
eth1addr    = d4:94:a1:88:6b:ea
current eth = cpsw
ip_addr     = 192.168.0.172
baudrate    = 115200 bps
TLB addr    = 0x8FFF0000
relocaddr   = 0x8F741000
reloc off   = 0x0EF41000
irq_sp      = 0x8E720EE0
sp start    = 0x8E720ED0
U-Boot# 
- 15:23:02 [INFO] Host: mmc rescan
- 15:23:02 [INFO] Target: 
mmc rescan
U-Boot# 
- 15:23:02 [INFO] Host: fatwrite mmc ${mmcdev}:1 ${loadaddr} ws-calibrate.rules 4
- 15:23:03 [INFO] Target: 
fatwrite mmc ${mmcdev}:1 ${loadaddr} ws-calibrate.rules 4
writing ws-calibrate.rules
4 bytes written
U-Boot# 
- 15:23:03 [INFO] Host: boot
- 15:25:33 [ERROR] On command: boot waiting for boot.+?(?-mix:login:) >>> error: execution expired
- 15:25:33 [INFO] Target: 
boot
## Checking Image at 82000000 ...
Unknown image format!
Kernel image @ 0x82000000 [ 0x000000 - 0x5729d8 ]
## Flattened Device Tree blob at 88000000
   Booting using the fdt blob at 0x88000000
   Loading Device Tree to 8e714000, end 8e71f817 ... OK
Starting kernel ...
[    0.000000] Booting Linux on physical CPU 0x0
[    0.000000] Linux version 3.19.0-rc2-next-20141231-00002-gfa105ac (nmenon@kahuna) (gcc version 4.6.3 (Ubuntu/Linaro 4.6.3-1ubuntu5) ) #1 SMP Wed Dec 31 06:16:39 CST 2014
[    0.000000] CPU: ARMv7 Processor [413fc082] revision 2 (ARMv7), cr=10c5387d
[    0.000000] CPU: PIPT / VIPT nonaliasing data cache, VIPT aliasing instruction cache
[    0.000000] Machine model: TI AM335x EVM-SK
[    0.000000] cma: Reserved 64 MiB at 0x8a000000
[    0.000000] Memory policy: Data cache writeback
[    0.000000] CPU: All CPU(s) started in SVC mode.
[    0.000000] AM335X ES1.0 (sgx neon )
[    0.000000] PERCPU: Embedded 10 pages/cpu @cfca6000 s8576 r8192 d24192 u40960
[    0.000000] Built 1 zonelists in Zone order, mobility grouping on.  Total pages: 64768
[    0.000000] Kernel command line: console=ttyO0,115200n8 earlyprintk rootwait  ip=dhcp  root=PARTUUID=00000000-02 rw rootfstype=ext4 rootwait 
[    0.000000] PID hash table entries: 1024 (order: 0, 4096 bytes)
[    0.000000] Dentry cache hash table entries: 32768 (order: 5, 131072 bytes)
[    0.000000] Inode-cache hash table entries: 16384 (order: 4, 65536 bytes)
[    0.000000] Memory: 180364K/261120K available (7483K kernel code, 957K rwdata, 3048K rodata, 768K init, 306K bss, 15220K reserved, 65536K cma-reserved, 0K highmem)
[    0.000000] Virtual kernel memory layout:
[    0.000000]     vector  : 0xffff0000 - 0xffff1000   (   4 kB)
[    0.000000]     fixmap  : 0xffc00000 - 0xfff00000   (3072 kB)
[    0.000000]     vmalloc : 0xd0800000 - 0xff000000   ( 744 MB)
[    0.000000]     lowmem  : 0xc0000000 - 0xd0000000   ( 256 MB)
[    0.000000]     pkmap   : 0xbfe00000 - 0xc0000000   (   2 MB)
[    0.000000]     modules : 0xbf000000 - 0xbfe00000   (  14 MB)
[    0.000000]       .text : 0xc0208000 - 0xc0c511b0   (10533 kB)
[    0.000000]       .init : 0xc0c52000 - 0xc0d12000   ( 768 kB)
[    0.000000]       .data : 0xc0d12000 - 0xc0e014e0   ( 958 kB)
[    0.000000]        .bss : 0xc0e014e0 - 0xc0e4df60   ( 307 kB)
[    0.000000] SLUB: HWalign=64, Order=0-3, MinObjects=0, CPUs=1, Nodes=1
[    0.000000] Hierarchical RCU implementation.
[    0.000000] 	Additional per-CPU info printed with stalls.
[    0.000000] 	RCU restricting CPUs from NR_CPUS=8 to nr_cpu_ids=1.
[    0.000000] RCU: Adjusting geometry for rcu_fanout_leaf=16, nr_cpu_ids=1
[    0.000000] NR_IRQS:16 nr_irqs:16 16
[    0.000000] IRQ: Found an INTC at 0xfa200000 (revision 5.0) with 128 interrupts
[    0.000000] OMAP clockevent source: timer2 at 24000000 Hz
[    0.000016] sched_clock: 32 bits at 24MHz, resolution 41ns, wraps every 178956969942ns
[    0.000040] OMAP clocksource: timer1 at 24000000 Hz
[    0.000262] Console: colour dummy device 80x30
[    0.000299] Calibrating delay loop... 717.61 BogoMIPS (lpj=1794048)
[    0.059260] pid_max: default: 32768 minimum: 301
[    0.059427] Mount-cache hash table entries: 1024 (order: 0, 4096 bytes)
[    0.059442] Mountpoint-cache hash table entries: 1024 (order: 0, 4096 bytes)
[    0.060301] CPU: Testing write buffer coherency: ok
[    0.060685] CPU0: thread -1, cpu 0, socket -1, mpidr 0
[    0.060800] Setting up static identity map for 0x80913bb8 - 0x80913c50
[    0.063307] Brought up 1 CPUs
[    0.063326] CPU: All CPU(s) started in SVC mode.
[    0.064033] devtmpfs: initialized
[    0.065145] VFP support v0.3: implementor 41 architecture 3 part 30 variant c rev 3
[    0.078055] omap_hwmod: tptc0 using broken dt data from edma
[    0.078193] omap_hwmod: tptc1 using broken dt data from edma
[    0.078319] omap_hwmod: tptc2 using broken dt data from edma
[    0.083297] omap_hwmod: debugss: _wait_target_disable failed
[    0.143840] pinctrl core: initialized pinctrl subsystem
[    0.158033] NET: Registered protocol family 16
[    0.161028] DMA: preallocated 256 KiB pool for atomic coherent allocations
[    0.163229] cpuidle: using governor ladder
[    0.163255] cpuidle: using governor menu
[    0.167570] OMAP GPIO hardware version 0.1
[    0.180488] No ATAGs?
[    0.180523] hw-breakpoint: debug architecture 0x4 unsupported.
[    0.185492] Serial: AMBA PL011 UART driver
[    0.209716] edma-dma-engine edma-dma-engine.0: TI EDMA DMA engine driver
[    0.211096] reg-fixed-voltage fixedregulator@2: could not find pctldev for node /pinmux@44e10800/pinmux_wl12xx_gpio, deferring probe
[    0.211126] platform fixedregulator@2: Driver reg-fixed-voltage requests probe deferral
[    0.214345] vgaarb: loaded
[    0.215317] SCSI subsystem initialized
[    0.216070] usbcore: registered new interface driver usbfs
[    0.216175] usbcore: registered new interface driver hub
[    0.216241] usbcore: registered new device driver usb
[    0.217033] omap_i2c 44e0b000.i2c: could not find pctldev for node /pinmux@44e10800/pinmux_i2c0_pins, deferring probe
[    0.217063] platform 44e0b000.i2c: Driver omap_i2c requests probe deferral
[    0.217609] Linux video capture interface: v2.00
[    0.217675] pps_core: LinuxPPS API ver. 1 registered
[    0.217684] pps_core: Software ver. 5.3.6 - Copyright 2005-2007 Rodolfo Giometti <giometti@linux.it>
[    0.217720] PTP clock support registered
[    0.217981] EDAC MC: Ver: 3.0.0
[    0.219052] Advanced Linux Sound Architecture Driver Initialized.
[    0.220805] Switched to clocksource timer1
[    0.234746] NET: Registered protocol family 2
[    0.235591] TCP established hash table entries: 2048 (order: 1, 8192 bytes)
[    0.235639] TCP bind hash table entries: 2048 (order: 2, 16384 bytes)
[    0.235686] TCP: Hash tables configured (established 2048 bind 2048)
[    0.235762] TCP: reno registered
[    0.235871] UDP hash table entries: 256 (order: 1, 8192 bytes)
[    0.235898] UDP-Lite hash table entries: 256 (order: 1, 8192 bytes)
[    0.236142] NET: Registered protocol family 1
[    0.236604] RPC: Registered named UNIX socket transport module.
[    0.236619] RPC: Registered udp transport module.
[    0.236627] RPC: Registered tcp transport module.
[    0.236636] RPC: Registered tcp NFSv4.1 backchannel transport module.
[    0.237834] hw perfevents: enabled with armv7_cortex_a8 PMU driver, 5 counters available
[    0.240257] futex hash table entries: 256 (order: 2, 16384 bytes)
[    0.256395] squashfs: version 4.0 (2009/01/31) Phillip Lougher
[    0.257509] NFS: Registering the id_resolver key type
[    0.257596] Key type id_resolver registered
[    0.257607] Key type id_legacy registered
[    0.257689] ntfs: driver 2.1.31 [Flags: R/O].
[    0.259572] Block layer SCSI generic (bsg) driver version 0.4 loaded (major 249)
[    0.259603] io scheduler noop registered
[    0.259618] io scheduler deadline registered
[    0.259864] io scheduler cfq registered (default)
[    0.263354] pinctrl-single 44e10800.pinmux: 142 pins at pa f9e10800 size 568
[    0.268701] backlight supply power not found, using dummy regulator
[    0.268879] pwm-backlight backlight: unable to request PWM, trying legacy API
[    0.268895] pwm-backlight backlight: unable to request legacy PWM
[    0.268998] platform backlight: Driver pwm-backlight requests probe deferral
[    0.347291] Serial: 8250/16550 driver, 4 ports, IRQ sharing disabled
[    0.350561] msm_serial: driver initialized
[    0.351397] omap_uart 44e09000.serial: no wakeirq for uart0
[    0.351608] omap_uart 44e09000.serial: ttyO0 at MMIO 0x44e09000 (irq = 154, base_baud = 3000000) is a OMAP UART0
[    1.034705] console [ttyO0] enabled
[    1.039098] STMicroelectronics ASC driver initialized
[    1.045733] [drm] Initialized drm 1.1.0 20060810
[    1.058069] loop: module loaded
[    1.068068] CAN device driver interface
[    1.073361] igb: Intel(R) Gigabit Ethernet Network Driver - version 5.2.15-k
[    1.080809] igb: Copyright (c) 2007-2014 Intel Corporation.
[    1.088483] pegasus: v0.9.3 (2013/04/25), Pegasus/Pegasus II USB Ethernet driver
[    1.096406] usbcore: registered new interface driver pegasus
[    1.102465] usbcore: registered new interface driver asix
[    1.108224] usbcore: registered new interface driver ax88179_178a
[    1.114707] usbcore: registered new interface driver cdc_ether
[    1.120942] usbcore: registered new interface driver smsc75xx
[    1.127097] usbcore: registered new interface driver smsc95xx
[    1.133214] usbcore: registered new interface driver net1080
[    1.139236] usbcore: registered new interface driver cdc_subset
[    1.145527] usbcore: registered new interface driver zaurus
[    1.151533] usbcore: registered new interface driver cdc_ncm
[    1.157912] ehci_hcd: USB 2.0 'Enhanced' Host Controller (EHCI) Driver
[    1.164807] ehci-pci: EHCI PCI platform driver
[    1.169581] ehci-platform: EHCI generic platform driver
[    1.175297] ehci-omap: OMAP-EHCI Host Controller driver
[    1.180979] ehci-orion: EHCI orion driver
[    1.185333] SPEAr-ehci: EHCI SPEAr driver
[    1.189727] ehci-st: EHCI STMicroelectronics driver
[    1.195016] tegra-ehci: Tegra EHCI driver
[    1.199418] ohci_hcd: USB 1.1 'Open' Host Controller (OHCI) Driver
[    1.205976] ohci-pci: OHCI PCI platform driver
[    1.210724] ohci-platform: OHCI generic platform driver
[    1.216402] ohci-omap3: OHCI OMAP3 driver
[    1.220751] SPEAr-ohci: OHCI SPEAr driver
[    1.225138] ohci-st: OHCI STMicroelectronics driver
[    1.230967] usbcore: registered new interface driver usb-storage
[    1.239249] mousedev: PS/2 mouse device common for all mice
[    1.248901] i2c /dev entries driver
[    1.254252] usbcore: registered new interface driver uvcvideo
[    1.260337] USB Video Class driver (1.1.1)
[    1.264660] gspca_main: v2.14.0 registered
[    1.273015] Driver 'mmcblk' needs updating - please use bus_type methods
[    1.280195] sdhci: Secure Digital Host Controller Interface driver
[    1.286696] sdhci: Copyright(c) Pierre Ossman
[    1.292873] omap_hsmmc 48060000.mmc: unable to get vmmc regulator -517
[    1.299954] platform 48060000.mmc: Driver omap_hsmmc requests probe deferral
[    1.307814] omap_hsmmc 481d8000.mmc: unable to get vmmc regulator -517
[    1.314787] platform 481d8000.mmc: Driver omap_hsmmc requests probe deferral
[    1.322702] Synopsys Designware Multimedia Card Interface Driver
[    1.330030] sdhci-pltfm: SDHCI platform and OF driver helper
[    1.338416] ledtrig-cpu: registered to indicate activity on CPUs
[    1.345152] usbcore: registered new interface driver usbhid
[    1.351041] usbhid: USB HID core driver
[    1.358562] usbcore: registered new interface driver snd-usb-audio
[    1.368726] TCP: cubic registered
[    1.372316] NET: Registered protocol family 17
[    1.377043] can: controller area network core (rev 20120528 abi 9)
[    1.383671] NET: Registered protocol family 29
[    1.388375] can: raw protocol (rev 20120528)
[    1.392883] can: broadcast manager protocol (rev 20120528 t)
[    1.398861] can: netlink gateway (rev 20130117) max_hops=1
[    1.405282] Key type dns_resolver registered
[    1.410116] omap_voltage_late_init: Voltage driver support not added
[    1.417538] platform cpufreq-dt.0: Driver cpufreq-dt requests probe deferral
[    1.425297] ThumbEE CPU extension supported.
[    1.429840] Registering SWP/SWPB emulation handler
[    1.456057] tps65910 0-002d: No interrupt support, no core IRQ
[    1.466991] vrtc: supplied by vbat
[    1.472473] vio: supplied by vbat
[    1.477987] vdd_mpu: supplied by vbat
[    1.483837] vdd_core: supplied by vbat
[    1.490862] vdig1: supplied by vbat
[    1.496076] vdig2: supplied by vbat
[    1.501301] vpll: supplied by vbat
[    1.506445] vdac: supplied by vbat
[    1.511540] vaux1: supplied by vbat
[    1.516753] vaux2: supplied by vbat
[    1.521894] vaux33: supplied by vbat
[    1.527262] vmmc: supplied by vbat
[    1.532367] vbb: supplied by vbat
[    1.537976] tps65910-rtc tps65910-rtc: IRQ is not free.
[    1.543540] tps65910-rtc: probe of tps65910-rtc failed with error -22
[    1.552471] omap_i2c 44e0b000.i2c: bus 0 rev0.11 at 400 kHz
[    1.559153] backlight supply power not found, using dummy regulator
[    1.565981] pwm-backlight backlight: unable to request PWM, trying legacy API
[    1.573521] pwm-backlight backlight: unable to request legacy PWM
[    1.580031] platform backlight: Driver pwm-backlight requests probe deferral
[    1.653111] mmc0: host does not support reading read-only switch, assuming write-enable
[    1.663494] mmc0: new high speed SDHC card at address b368
[    1.669890] mmcblk0: mmc0:b368 USD   3.75 GiB 
[    1.676604]  mmcblk0: p1 p2 p3
[    1.727911] backlight supply power not found, using dummy regulator
[    1.734793] pwm-backlight backlight: unable to request PWM, trying legacy API
[    1.742339] pwm-backlight backlight: unable to request legacy PWM
[    1.748848] platform backlight: Driver pwm-backlight requests probe deferral
[    1.777699] omap_hsmmc 481d8000.mmc: card claims to support voltages below defined range
[    1.796734] mmc1: queuing unknown CIS tuple 0x91 (3 bytes)
[    1.803980] mmc1: new SDIO card at address 0001
[    1.810837] davinci_mdio 4a101000.mdio: davinci mdio revision 1.6
[    1.817268] davinci_mdio 4a101000.mdio: detected phy mask fffffffc
[    1.825671] backlight supply power not found, using dummy regulator
[    1.832548] pwm-backlight backlight: unable to request PWM, trying legacy API
[    1.840091] pwm-backlight backlight: unable to request legacy PWM
[    1.846600] platform backlight: Driver pwm-backlight requests probe deferral
[    1.855581] libphy: 4a101000.mdio: probed
[    1.859917] davinci_mdio 4a101000.mdio: phy[0]: device 4a101000.mdio:00, driver Atheros 8031 ethernet
[    1.869629] davinci_mdio 4a101000.mdio: phy[1]: device 4a101000.mdio:01, driver Atheros 8031 ethernet
[    1.880867] cpsw 4a100000.ethernet: Detected MACID = d4:94:a1:88:6b:e9
[    1.888979] cpsw 4a100000.ethernet: cpsw: Detected MACID = d4:94:a1:88:6b:ea
[    1.898559] input: gpio_buttons@0 as /devices/platform/gpio_buttons@0/input/input0
[    1.907764] backlight supply power not found, using dummy regulator
[    1.914678] pwm-backlight backlight: unable to request PWM, trying legacy API
[    1.922229] pwm-backlight backlight: unable to request legacy PWM
[    1.928744] platform backlight: Driver pwm-backlight requests probe deferral
[    1.937331] drivers/rtc/hctosys.c: unable to open rtc device (rtc0)
[    1.949823] net eth0: initializing cpsw version 1.12 (0)
[    1.959105] backlight supply power not found, using dummy regulator
[    1.966025] pwm-backlight backlight: unable to request PWM, trying legacy API
[    1.973577] pwm-backlight backlight: unable to request legacy PWM
[    1.980095] platform backlight: Driver pwm-backlight requests probe deferral
[    2.021598] net eth0: phy found : id is : 0x4dd074
[    2.030828] net eth1: initializing cpsw version 1.12 (0)
[    2.101601] net eth1: phy found : id is : 0x4dd074
[    6.021796] cpsw 4a100000.ethernet eth0: Link is Up - 1Gbps/Full - flow control rx/tx
[    6.040881] Sending DHCP requests ., OK
[    6.091382] IP-Config: Got DHCP answer from 192.168.0.1, my address is 192.168.0.172
[    6.103083] IP-Config: Complete:
[    6.106611]      device=eth0, hwaddr=d4:94:a1:88:6b:e9, ipaddr=192.168.0.172, mask=255.255.255.0, gw=192.168.0.1
[    6.117385]      host=192.168.0.172, domain=ti.com, nis-domain=(none)
[    6.124220]      bootserver=192.168.0.1, rootserver=192.168.0.1, rootpath=
[    6.131329]      nameserver0=192.0.2.2, nameserver1=192.0.2.3
[    6.138436] lis3_reg: disabling
[    6.142098] ALSA device list:
[    6.145240]   No soundcards found.
[    6.238137] EXT4-fs (mmcblk0p2): mounted filesystem with ordered data mode. Opts: (null)
[    6.246935] VFS: Mounted root (ext4 filesystem) on device 179:2.
[    6.263315] devtmpfs: mounted
[    6.268032] Freeing unused kernel memory: 768K (c0c52000 - c0d12000)
INIT: version 2.88 booting
Error opening /dev/fb0: No such file or directory
Starting udev
[    7.113494] udevd[79]: starting version 182
[   10.237986] EXT4-fs (mmcblk0p3): warning: mounting unchecked fs, running e2fsck is recommended
[   10.600238] EXT4-fs (mmcblk0p3): mounted filesystem without journal. Opts: (null)
[   10.608532] FAT-fs (mmcblk0p1): Volume was not properly unmounted. Some data may be corrupt. Please run fsck.
Starting Bootlog daemon: bootlogd.
[   11.609175] EXT4-fs (mmcblk0p2): re-mounted. Opts: data=ordered
[   11.680173] random: dd urandom read with 69 bits of entropy available
ALSA: Restoring mixer settings...
/usr/sbin/alsactl: load_state:1696: No soundcards found...
Configuring network interfaces... udhcpc (v1.20.2) started
Sending discover...
Sending select for 192.168.0.55...
Lease of 192.168.0.55 obtained, lease time 7200
/etc/udhcpc.d/50default: Adding DNS 192.0.2.2
/etc/udhcpc.d/50default: Adding DNS 192.0.2.3
done.
hwclock: can't open '/dev/misc/rtc': No such file or directory
Mon May 12 09:32:00 UTC 2014
hwclock: can't open '/dev/misc/rtc': No such file or directory
INIT: Entering runlevel: 5
Starting system message bus: dbus.
Starting Dropbear SSH server: dropbear.
Starting telnet daemon.
hwclock: can't open '/dev/misc/rtc': No such file or directory
Starting syslogd/klogd: done
Starting thttpd.
Starting Lighttpd Web Server: lighttpd.
2014-05-12 09:32:00: (log.c.166) server started 
Starting Matrix GUI application.
[   53.520907] random: nonblocking pool is initialized
URL:gtsystest.telogy.design.ti.com/vatf/tigitfarm04/tigitfarm04_vatf@am335x-sk1/tigitfarm0412_31_2014_15_22_22/files/session_iteration_1/test_1
