- 07:12:54 [INFO] Starting target session
- 07:12:54 [INFO] Connected to am335x-sk via serial 
- 07:12:54 [INFO] Host: #check prompt
- 07:12:57 [ERROR] On command: #check prompt waiting for #check prompt.+?(?-mix:((?-mix:login:)|[Pp]assword)) >>> error: execution expired
- 07:12:57 [INFO] Target: 
#check prompt
root@am335x-evm:/test# 
- 07:12:57 [INFO] Host: #check prompt
- 07:12:57 [INFO] Target: 
#check prompt
root@am335x-evm:/test# 
- 07:12:57 [INFO] Host: sync;poweroff
- 07:13:14 [INFO] Target: 
sync;poweroff
Broadcast message from root@am335x-evm (ttyO0) (Sun Jun  8 22:17:37 2014):
The system is going down for system halt NOW!
INIT: Switching to runlevel:root@am335x-evm:/test# 
INIT: Sending processes the TERM signal
INIT: Sending processes the KILL siStopping Dropbear SSH server: stopped /usr/sbin/dropbear (pid 580)
dropbear.
Stopping telnet daemon.
Stopping system message bus: hwclock: can't open '/dev/misc/rtc': No such file or directory
Error opening /dev/fb0: No such file or directory
Stopping syslogd/klogd: stopped syslogd (pid 590)
stopped klogd (pid 593)
done
Stopping thttpd.
ALSA: Storing mixer settings...
/usr/sbin/alsactl: save_state:1580: No soundcards found...
Deconfiguring network interfaces... [ 1684.956397] net eth0: initializing cpsw version 1.12 (0)
done.
[ 1685.054070] net eth0: phy found : id is : 0x4dd074
[ 1685.076378] IPv6: ADDRCONF(NETDEV_UP): eth0: link is not ready
Stopping Lighttpd Web Server: stopped /usr/sbin/lighttpd (pid 602)
lighttpd.
Stopping Matrix GUI applicationstart-stop-daemon: warning: killing process 609: No such process
***************************************************************
***************************************************************
NOTICE: This file system contains the followin GPLv3 packages:
	binutils-symlinks
	binutils
	gdbserver
If you do not wish to distribute GPLv3 components please remove
the above packages prior to distribution.  This can be done using
the opkg remove command.  i.e.:
    opkg remove <package>
Where <package> is the name printed in the list above
NOTE: If the package is a dependency of another package you
      will be notified of the dependent packages.  You should
      use the --force-removal-of-dependent-packages option to
      also remove the dependent packages as well
***************************************************************
***************************************************************
Sending all processes the TERM signal...
[ 1689.053878] cpsw 4a100000.ethernet eth0: Link is Up - 1Gbps/Full - flow control rx/tx
[ 1689.062265] IPv6: ADDRCONF(NETDEV_CHANGE): eth0: link becomes ready
Sending all processes the KILL signal...
Unmounting remote filesystems...
Deactivating swap...
Unmounting local filesystems...
[ 1691.385664] EXT4-fs (mmcblk0p2): re-mounted. Opts: data=ordered
[ 1693.632670] reboot: System halted
- 07:13:14 [INFO] Disconnected serial from am335x-sk
- 07:13:19 [INFO] Connected to am335x-sk via serial 
- 07:13:19 [INFO] Host: 
- 07:13:21 [INFO] Target: 
reading args
spl_load_image_fat_os: error reading image args, err - -1
reading u-boot.img
reading u-boot.img
U-Boot 2014.07-00071-gaca0808 (Oct 02 2014 - 11:22:57), Build: jenkins-ti-linux-3-14-y_opentest-216
I2C:   ready
DRAM:  256 MiB
NAND:  0 MiB
MMC:   OMAP SD/MMC: 0, OMAP SD/MMC: 1
reading uboot.env
** Unable to read "uboot.env" from mmc0:1 **
Using default environment
Net:   <ethaddr> not set. Validating first E-fuse MAC
cpsw, usb_ether
Hit any key to stop autoboot:  1  0 
U-Boot# 
U-Boot# 
U-Boot# 
U-Boot# 
U-Boot# 
U-Boot# 
U-Boot# 
U-Boot# 
U-Boot# 
- 07:13:22 [INFO] Host: 
- 07:13:22 [INFO] Target: 
U-Boot# 
- 07:13:22 [INFO] Host: version
- 07:13:22 [INFO] Target: 
version
U-Boot 2014.07-00071-gaca0808 (Oct 02 2014 - 11:22:57)
arm-linux-gnueabihf-gcc (crosstool-NG linaro-1.13.1-4.7-2013.03-20130313 - Linaro GCC 2013.03) 4.7.3 20130226 (prerelease)
GNU ld (crosstool-NG linaro-1.13.1-4.7-2013.03-20130313 - Linaro GCC 2013.03) 2.23.1
U-Boot# 
- 07:13:22 [INFO] Host: setenv bootargs 'console=ttyO0,115200n8 earlyprintk rootwait '
- 07:13:22 [INFO] Target: 
setenv bootargs 'console=ttyO0,115200n8 earlyprintk rootwait '
U-Boot# 
- 07:13:22 [INFO] Host: setenv bootcmd  ''
- 07:13:22 [INFO] Target: 
setenv bootcmd  ''
U-Boot# 
- 07:13:22 [INFO] Host: setenv autoload 'no'
- 07:13:22 [INFO] Target: 
setenv autoload 'no'
U-Boot# 
- 07:13:22 [INFO] Host: setenv serverip '192.168.0.1'
- 07:13:22 [INFO] Target: 
setenv serverip '192.168.0.1'
U-Boot# 
- 07:13:22 [INFO] Host: printenv
- 07:13:23 [INFO] Target: 
printenv
arch=arm
autoload=no
baudrate=115200
board=am335x
board_name=A335X_SK
board_rev=1.2B
boot_fdt=try
bootargs=console=ttyO0,115200n8 earlyprintk rootwait 
bootcmd=
bootcount=1
bootdelay=1
bootdir=/boot
bootenv=uEnv.txt
bootfile=zImage
bootm_size=0x10000000
bootpart=0:2
console=ttyO0,115200n8
cpu=armv7
dfu_alt_info_emmc=rawemmc mmc 0 3751936
dfu_alt_info_mmc=boot part 0 1;rootfs part 0 2;MLO fat 0 1;MLO.raw mmc 0x100 0x100;u-boot.img.raw mmc 0x300 0x400;spl-os-args.raw mmc 0x80 0x80;spl-os-image.raw mmc 0x900 0x2000;spl-os-args fat 0 1;spl-os-image fat 0 1;u-boot.img fat 0 1;uEnv.txt fat 0 1
dfu_alt_info_nand=SPL part 0 1;SPL.backup1 part 0 2;SPL.backup2 part 0 3;SPL.backup3 part 0 4;u-boot part 0 5;u-boot-spl-os part 0 6;kernel part 0 8;rootfs part 0 9
dfu_alt_info_ram=kernel ram 0x80200000 0xD80000;fdt ram 0x80F80000 0x80000;ramdisk ram 0x81000000 0x4000000
eth1addr=d4:94:a1:88:6b:ea
ethact=cpsw
ethaddr=d4:94:a1:88:6b:e9
fdt_addr_r=0x88000000
fdtaddr=0x88000000
fdtfile=undefined
findfdt=if test $board_name = A335BONE; then setenv fdtfile am335x-bone.dtb; fi; if test $board_name = A335BNLT; then setenv fdtfile am335x-boneblack.dtb; fi; if test $board_name = A33515BB; then setenv fdtfile am335x-evm.dtb; fi; if test $board_name = A335X_SK; then setenv fdtfile am335x-evmsk.dtb; fi; if test $fdtfile = undefined; then echo WARNING: Could not determine device tree to use; fi; 
importbootenv=echo Importing environment from mmc ...; env import -t -r $loadaddr $filesize
kernel_addr_r=0x82000000
loadaddr=0x82000000
loadbootenv=load mmc ${mmcdev} ${loadaddr} ${bootenv}
loadfdt=load mmc ${bootpart} ${fdtaddr} ${bootdir}/${fdtfile}
loadimage=load mmc ${bootpart} ${loadaddr} ${bootdir}/${bootfile}
loadramdisk=load mmc ${mmcdev} ${rdaddr} ramdisk.gz
mmcargs=setenv bootargs console=${console} ${optargs} root=${mmcroot} rootfstype=${mmcrootfstype}
mmcboot=mmc dev ${mmcdev}; if mmc rescan; then echo SD/MMC found on device ${mmcdev};if run loadbootenv; then echo Loaded environment from ${bootenv};run importbootenv;fi;if test -n $uenvcmd; then echo Running uenvcmd ...;run uenvcmd;fi;if run loadimage; then run mmcloados;fi;fi;
mmcdev=0
mmcloados=run mmcargs; if test ${boot_fdt} = yes || test ${boot_fdt} = try; then if run loadfdt; then bootz ${loadaddr} - ${fdtaddr}; else if test ${boot_fdt} = try; then bootz; else echo WARN: Cannot load the DT; fi; fi; else bootz; fi;
mmcroot=/dev/mmcblk0p2 ro
mmcrootfstype=ext4 rootwait
mtdids=nand0=nand.0
mtdparts=mtdparts=nand.0:128k(NAND.SPL),128k(NAND.SPL.backup1),128k(NAND.SPL.backup2),128k(NAND.SPL.backup3),256k(NAND.u-boot-spl-os),1m(NAND.u-boot),128k(NAND.u-boot-env),128k(NAND.u-boot-env.backup1),8m(NAND.kernel),-(NAND.file-system)
nandargs=setenv bootargs console=${console} ${optargs} root=${nandroot} rootfstype=${nandrootfstype}
nandboot=echo Booting from nand ...; run nandargs; nand read ${fdtaddr} NAND.u-boot-spl-os; nand read ${loadaddr} NAND.kernel; bootz ${loadaddr} - ${fdtaddr}
nandroot=ubi0:rootfs rw ubi.mtd=NAND.file-system,2048
nandrootfstype=ubifs rootwait=1
netargs=setenv bootargs console=${console} ${optargs} root=/dev/nfs nfsroot=${serverip}:${rootpath},${nfsopts} rw ip=dhcp
netboot=echo Booting from network ...; setenv autoload no; dhcp; tftp ${loadaddr} ${bootfile}; tftp ${fdtaddr} ${fdtfile}; run netargs; bootz ${loadaddr} - ${fdtaddr}
nfsopts=nolock
partitions=uuid_disk=${uuid_gpt_disk};name=rootfs,start=2MiB,size=-,uuid=${uuid_gpt_rootfs}
ramargs=setenv bootargs console=${console} ${optargs} root=${ramroot} rootfstype=${ramrootfstype}
ramboot=echo Booting from ramdisk ...; run ramargs; bootz ${loadaddr} ${rdaddr} ${fdtaddr}
ramdisk_addr_r=0x88080000
ramroot=/dev/ram0 rw
ramrootfstype=ext2
rdaddr=0x88080000
rootpath=/export/rootfs
serverip=192.168.0.1
soc=am33xx
spiargs=setenv bootargs console=${console} ${optargs} root=${spiroot} rootfstype=${spirootfstype}
spiboot=echo Booting from spi ...; run spiargs; sf probe ${spibusno}:0; sf read ${loadaddr} ${spisrcaddr} ${spiimgsize}; bootz ${loadaddr}
spibusno=0
spiimgsize=0x362000
spiroot=/dev/mtdblock4 rw
spirootfstype=jffs2
spisrcaddr=0xe0000
static_ip=${ipaddr}:${serverip}:${gatewayip}:${netmask}:${hostname}::off
stderr=serial
stdin=serial
stdout=serial
usbnet_devaddr=d4:94:a1:88:6b:ea
vendor=ti
ver=U-Boot 2014.07-00071-gaca0808 (Oct 02 2014 - 11:22:57)
Environment size: 4470/131068 bytes
U-Boot# 
- 07:13:23 [INFO] Host: printenv
- 07:13:23 [INFO] Target: 
printenv
arch=arm
autoload=no
baudrate=115200
board=am335x
board_name=A335X_SK
board_rev=1.2B
boot_fdt=try
bootargs=console=ttyO0,115200n8 earlyprintk rootwait 
bootcmd=
bootcount=1
bootdelay=1
bootdir=/boot
bootenv=uEnv.txt
bootfile=zImage
bootm_size=0x10000000
bootpart=0:2
console=ttyO0,115200n8
cpu=armv7
dfu_alt_info_emmc=rawemmc mmc 0 3751936
dfu_alt_info_mmc=boot part 0 1;rootfs part 0 2;MLO fat 0 1;MLO.raw mmc 0x100 0x100;u-boot.img.raw mmc 0x300 0x400;spl-os-args.raw mmc 0x80 0x80;spl-os-image.raw mmc 0x900 0x2000;spl-os-args fat 0 1;spl-os-image fat 0 1;u-boot.img fat 0 1;uEnv.txt fat 0 1
dfu_alt_info_nand=SPL part 0 1;SPL.backup1 part 0 2;SPL.backup2 part 0 3;SPL.backup3 part 0 4;u-boot part 0 5;u-boot-spl-os part 0 6;kernel part 0 8;rootfs part 0 9
dfu_alt_info_ram=kernel ram 0x80200000 0xD80000;fdt ram 0x80F80000 0x80000;ramdisk ram 0x81000000 0x4000000
eth1addr=d4:94:a1:88:6b:ea
ethact=cpsw
ethaddr=d4:94:a1:88:6b:e9
fdt_addr_r=0x88000000
fdtaddr=0x88000000
fdtfile=undefined
findfdt=if test $board_name = A335BONE; then setenv fdtfile am335x-bone.dtb; fi; if test $board_name = A335BNLT; then setenv fdtfile am335x-boneblack.dtb; fi; if test $board_name = A33515BB; then setenv fdtfile am335x-evm.dtb; fi; if test $board_name = A335X_SK; then setenv fdtfile am335x-evmsk.dtb; fi; if test $fdtfile = undefined; then echo WARNING: Could not determine device tree to use; fi; 
importbootenv=echo Importing environment from mmc ...; env import -t -r $loadaddr $filesize
kernel_addr_r=0x82000000
loadaddr=0x82000000
loadbootenv=load mmc ${mmcdev} ${loadaddr} ${bootenv}
loadfdt=load mmc ${bootpart} ${fdtaddr} ${bootdir}/${fdtfile}
loadimage=load mmc ${bootpart} ${loadaddr} ${bootdir}/${bootfile}
loadramdisk=load mmc ${mmcdev} ${rdaddr} ramdisk.gz
mmcargs=setenv bootargs console=${console} ${optargs} root=${mmcroot} rootfstype=${mmcrootfstype}
mmcboot=mmc dev ${mmcdev}; if mmc rescan; then echo SD/MMC found on device ${mmcdev};if run loadbootenv; then echo Loaded environment from ${bootenv};run importbootenv;fi;if test -n $uenvcmd; then echo Running uenvcmd ...;run uenvcmd;fi;if run loadimage; then run mmcloados;fi;fi;
mmcdev=0
mmcloados=run mmcargs; if test ${boot_fdt} = yes || test ${boot_fdt} = try; then if run loadfdt; then bootz ${loadaddr} - ${fdtaddr}; else if test ${boot_fdt} = try; then bootz; else echo WARN: Cannot load the DT; fi; fi; else bootz; fi;
mmcroot=/dev/mmcblk0p2 ro
mmcrootfstype=ext4 rootwait
mtdids=nand0=nand.0
mtdparts=mtdparts=nand.0:128k(NAND.SPL),128k(NAND.SPL.backup1),128k(NAND.SPL.backup2),128k(NAND.SPL.backup3),256k(NAND.u-boot-spl-os),1m(NAND.u-boot),128k(NAND.u-boot-env),128k(NAND.u-boot-env.backup1),8m(NAND.kernel),-(NAND.file-system)
nandargs=setenv bootargs console=${console} ${optargs} root=${nandroot} rootfstype=${nandrootfstype}
nandboot=echo Booting from nand ...; run nandargs; nand read ${fdtaddr} NAND.u-boot-spl-os; nand read ${loadaddr} NAND.kernel; bootz ${loadaddr} - ${fdtaddr}
nandroot=ubi0:rootfs rw ubi.mtd=NAND.file-system,2048
nandrootfstype=ubifs rootwait=1
netargs=setenv bootargs console=${console} ${optargs} root=/dev/nfs nfsroot=${serverip}:${rootpath},${nfsopts} rw ip=dhcp
netboot=echo Booting from network ...; setenv autoload no; dhcp; tftp ${loadaddr} ${bootfile}; tftp ${fdtaddr} ${fdtfile}; run netargs; bootz ${loadaddr} - ${fdtaddr}
nfsopts=nolock
partitions=uuid_disk=${uuid_gpt_disk};name=rootfs,start=2MiB,size=-,uuid=${uuid_gpt_rootfs}
ramargs=setenv bootargs console=${console} ${optargs} root=${ramroot} rootfstype=${ramrootfstype}
ramboot=echo Booting from ramdisk ...; run ramargs; bootz ${loadaddr} ${rdaddr} ${fdtaddr}
ramdisk_addr_r=0x88080000
ramroot=/dev/ram0 rw
ramrootfstype=ext2
rdaddr=0x88080000
rootpath=/export/rootfs
serverip=192.168.0.1
soc=am33xx
spiargs=setenv bootargs console=${console} ${optargs} root=${spiroot} rootfstype=${spirootfstype}
spiboot=echo Booting from spi ...; run spiargs; sf probe ${spibusno}:0; sf read ${loadaddr} ${spisrcaddr} ${spiimgsize}; bootz ${loadaddr}
spibusno=0
spiimgsize=0x362000
spiroot=/dev/mtdblock4 rw
spirootfstype=jffs2
spisrcaddr=0xe0000
static_ip=${ipaddr}:${serverip}:${gatewayip}:${netmask}:${hostname}::off
stderr=serial
stdin=serial
stdout=serial
usbnet_devaddr=d4:94:a1:88:6b:ea
vendor=ti
ver=U-Boot 2014.07-00071-gaca0808 (Oct 02 2014 - 11:22:57)
Environment size: 4470/131068 bytes
U-Boot# 
- 07:13:23 [INFO] Host: setenv bootargs ''${bootargs}' ip=:::::eth0:dhcp '
- 07:13:23 [INFO] Target: 
setenv bootargs ''${bootargs}' ip=:::::eth0:dhcp '
U-Boot# 
- 07:13:23 [INFO] Host: setenv serverip '192.168.0.1'
- 07:13:23 [INFO] Target: 
setenv serverip '192.168.0.1'
U-Boot# 
- 07:13:23 [INFO] Host: setenv autoload 'no'
- 07:13:23 [INFO] Target: 
setenv autoload 'no'
U-Boot# 
- 07:13:23 [INFO] Host: dhcp
- 07:13:26 [INFO] Target: 
dhcp
cpsw Waiting for PHY auto negotiation to complete.. done
link up on port 0, speed 1000, full duplex
BOOTP broadcast 1
DHCP client bound to address 192.168.0.192
U-Boot# 
- 07:13:26 [INFO] Host: tftp ${loadaddr} 192.168.0.1:vatf_am335x-sk1/827a3072a33cd283fea58791e798fee4
- 07:13:27 [INFO] Target: 
tftp ${loadaddr} 192.168.0.1:vatf_am335x-sk1/827a3072a33cd283fea58791e798fee4
link up on port 0, speed 1000, full duplex
Using cpsw device
TFTP from server 192.168.0.1; our IP address is 192.168.0.192
Filename 'vatf_am335x-sk1/827a3072a33cd283fea58791e798fee4'.
Load address: 0x82000000
Loading: *#################################################################
	 #################################################################
	 #################################################################
	 #################################################################
	 #################################################################
	 #################################################################
	 ##########################################################
	 8.1 MiB/s
done
Bytes transferred = 6562208 (6421a0 hex)
U-Boot# 
- 07:13:27 [INFO] Host: tftp ${fdt_addr_r} 192.168.0.1:vatf_am335x-sk1/9496fe7463cbcef0839c1c39220dd641
- 07:13:27 [INFO] Target: 
tftp ${fdt_addr_r} 192.168.0.1:vatf_am335x-sk1/9496fe7463cbcef0839c1c39220dd641
link up on port 0, speed 1000, full duplex
Using cpsw device
TFTP from server 192.168.0.1; our IP address is 192.168.0.192
Filename 'vatf_am335x-sk1/9496fe7463cbcef0839c1c39220dd641'.
Load address: 0x88000000
Loading: *###
	 4.9 MiB/s
done
Bytes transferred = 36106 (8d0a hex)
U-Boot# 
- 07:13:27 [INFO] Host: ls mmc 0:1
- 07:13:27 [INFO] Target: 
ls mmc 0:1
    77476   mlo 
   447116   u-boot.img 
  2627551   u-boot 
   447084   u-boot.bin 
   905453   u-boot-spl 
    76900   u-boot-spl.bin 
      259   uboot_build.txt 
       53   pointercal 
            windows_users/
       13   .ipaddr 
            old_uboot/
        4   ws-calibrate.rules 
10 file(s), 2 dir(s)
U-Boot# 
- 07:13:27 [INFO] Host: ls mmc 0:2
- 07:13:27 [INFO] Target: 
ls mmc 0:2
<DIR>       4096 .
<DIR>       4096 ..
<DIR>       4096 bin
<DIR>       4096 boot
<DIR>       4096 dev
<DIR>       4096 etc
<DIR>       4096 home
<DIR>       4096 lib
<DIR>       4096 media
<DIR>       4096 mnt
<DIR>       4096 opt
<DIR>       4096 proc
<DIR>       4096 sbin
<DIR>       4096 srv
<DIR>       4096 sys
<SYM>          8 tmp
<DIR>       4096 usr
<DIR>       4096 var
<DIR>       4096 www
<SYM>          8 run
<DIR>       4096 Settings
<DIR>       4096 test
U-Boot# 
- 07:13:27 [INFO] Host: part uuid mmc 0:2
- 07:13:27 [INFO] Target: 
part uuid mmc 0:2
00000000-02
U-Boot# 
- 07:13:27 [INFO] Host: printenv
- 07:13:28 [INFO] Target: 
printenv
arch=arm
autoload=no
baudrate=115200
board=am335x
board_name=A335X_SK
board_rev=1.2B
boot_fdt=try
bootargs=console=ttyO0,115200n8 earlyprintk rootwait  ip=:::::eth0:dhcp 
bootcmd=
bootcount=1
bootdelay=1
bootdir=/boot
bootenv=uEnv.txt
bootfile=zImage
bootm_size=0x10000000
bootpart=0:2
console=ttyO0,115200n8
cpu=armv7
dfu_alt_info_emmc=rawemmc mmc 0 3751936
dfu_alt_info_mmc=boot part 0 1;rootfs part 0 2;MLO fat 0 1;MLO.raw mmc 0x100 0x100;u-boot.img.raw mmc 0x300 0x400;spl-os-args.raw mmc 0x80 0x80;spl-os-image.raw mmc 0x900 0x2000;spl-os-args fat 0 1;spl-os-image fat 0 1;u-boot.img fat 0 1;uEnv.txt fat 0 1
dfu_alt_info_nand=SPL part 0 1;SPL.backup1 part 0 2;SPL.backup2 part 0 3;SPL.backup3 part 0 4;u-boot part 0 5;u-boot-spl-os part 0 6;kernel part 0 8;rootfs part 0 9
dfu_alt_info_ram=kernel ram 0x80200000 0xD80000;fdt ram 0x80F80000 0x80000;ramdisk ram 0x81000000 0x4000000
dnsip=192.0.2.2
dnsip2=192.0.2.3
eth1addr=d4:94:a1:88:6b:ea
ethact=cpsw
ethaddr=d4:94:a1:88:6b:e9
fdt_addr_r=0x88000000
fdtaddr=0x88000000
fdtfile=undefined
fileaddr=88000000
filesize=8d0a
findfdt=if test $board_name = A335BONE; then setenv fdtfile am335x-bone.dtb; fi; if test $board_name = A335BNLT; then setenv fdtfile am335x-boneblack.dtb; fi; if test $board_name = A33515BB; then setenv fdtfile am335x-evm.dtb; fi; if test $board_name = A335X_SK; then setenv fdtfile am335x-evmsk.dtb; fi; if test $fdtfile = undefined; then echo WARNING: Could not determine device tree to use; fi; 
gatewayip=192.168.0.1
importbootenv=echo Importing environment from mmc ...; env import -t -r $loadaddr $filesize
ipaddr=192.168.0.192
kernel_addr_r=0x82000000
loadaddr=0x82000000
loadbootenv=load mmc ${mmcdev} ${loadaddr} ${bootenv}
loadfdt=load mmc ${bootpart} ${fdtaddr} ${bootdir}/${fdtfile}
loadimage=load mmc ${bootpart} ${loadaddr} ${bootdir}/${bootfile}
loadramdisk=load mmc ${mmcdev} ${rdaddr} ramdisk.gz
mmcargs=setenv bootargs console=${console} ${optargs} root=${mmcroot} rootfstype=${mmcrootfstype}
mmcboot=mmc dev ${mmcdev}; if mmc rescan; then echo SD/MMC found on device ${mmcdev};if run loadbootenv; then echo Loaded environment from ${bootenv};run importbootenv;fi;if test -n $uenvcmd; then echo Running uenvcmd ...;run uenvcmd;fi;if run loadimage; then run mmcloados;fi;fi;
mmcdev=0
mmcloados=run mmcargs; if test ${boot_fdt} = yes || test ${boot_fdt} = try; then if run loadfdt; then bootz ${loadaddr} - ${fdtaddr}; else if test ${boot_fdt} = try; then bootz; else echo WARN: Cannot load the DT; fi; fi; else bootz; fi;
mmcroot=/dev/mmcblk0p2 ro
mmcrootfstype=ext4 rootwait
mtdids=nand0=nand.0
mtdparts=mtdparts=nand.0:128k(NAND.SPL),128k(NAND.SPL.backup1),128k(NAND.SPL.backup2),128k(NAND.SPL.backup3),256k(NAND.u-boot-spl-os),1m(NAND.u-boot),128k(NAND.u-boot-env),128k(NAND.u-boot-env.backup1),8m(NAND.kernel),-(NAND.file-system)
nandargs=setenv bootargs console=${console} ${optargs} root=${nandroot} rootfstype=${nandrootfstype}
nandboot=echo Booting from nand ...; run nandargs; nand read ${fdtaddr} NAND.u-boot-spl-os; nand read ${loadaddr} NAND.kernel; bootz ${loadaddr} - ${fdtaddr}
nandroot=ubi0:rootfs rw ubi.mtd=NAND.file-system,2048
nandrootfstype=ubifs rootwait=1
netargs=setenv bootargs console=${console} ${optargs} root=/dev/nfs nfsroot=${serverip}:${rootpath},${nfsopts} rw ip=dhcp
netboot=echo Booting from network ...; setenv autoload no; dhcp; tftp ${loadaddr} ${bootfile}; tftp ${fdtaddr} ${fdtfile}; run netargs; bootz ${loadaddr} - ${fdtaddr}
netmask=255.255.255.0
nfsopts=nolock
partitions=uuid_disk=${uuid_gpt_disk};name=rootfs,start=2MiB,size=-,uuid=${uuid_gpt_rootfs}
ramargs=setenv bootargs console=${console} ${optargs} root=${ramroot} rootfstype=${ramrootfstype}
ramboot=echo Booting from ramdisk ...; run ramargs; bootz ${loadaddr} ${rdaddr} ${fdtaddr}
ramdisk_addr_r=0x88080000
ramroot=/dev/ram0 rw
ramrootfstype=ext2
rdaddr=0x88080000
rootpath=/export/rootfs
serverip=192.168.0.1
soc=am33xx
spiargs=setenv bootargs console=${console} ${optargs} root=${spiroot} rootfstype=${spirootfstype}
spiboot=echo Booting from spi ...; run spiargs; sf probe ${spibusno}:0; sf read ${loadaddr} ${spisrcaddr} ${spiimgsize}; bootz ${loadaddr}
spibusno=0
spiimgsize=0x362000
spiroot=/dev/mtdblock4 rw
spirootfstype=jffs2
spisrcaddr=0xe0000
static_ip=${ipaddr}:${serverip}:${gatewayip}:${netmask}:${hostname}::off
stderr=serial
stdin=serial
stdout=serial
usbnet_devaddr=d4:94:a1:88:6b:ea
vendor=ti
ver=U-Boot 2014.07-00071-gaca0808 (Oct 02 2014 - 11:22:57)
Environment size: 4633/131068 bytes
U-Boot# 
- 07:13:28 [INFO] Host: setenv bootargs ''${bootargs}' root=PARTUUID=00000000-02 rw rootfstype=ext4 rootwait '
- 07:13:28 [INFO] Target: 
setenv bootargs ''${bootargs}' root=PARTUUID=00000000-02 rw rootfstype=ext4 rootwait '
U-Boot# 
- 07:13:28 [INFO] Host: printenv
- 07:13:28 [INFO] Target: 
printenv
arch=arm
autoload=no
baudrate=115200
board=am335x
board_name=A335X_SK
board_rev=1.2B
boot_fdt=try
bootargs=console=ttyO0,115200n8 earlyprintk rootwait  ip=:::::eth0:dhcp  root=PARTUUID=00000000-02 rw rootfstype=ext4 rootwait 
bootcmd=
bootcount=1
bootdelay=1
bootdir=/boot
bootenv=uEnv.txt
bootfile=zImage
bootm_size=0x10000000
bootpart=0:2
console=ttyO0,115200n8
cpu=armv7
dfu_alt_info_emmc=rawemmc mmc 0 3751936
dfu_alt_info_mmc=boot part 0 1;rootfs part 0 2;MLO fat 0 1;MLO.raw mmc 0x100 0x100;u-boot.img.raw mmc 0x300 0x400;spl-os-args.raw mmc 0x80 0x80;spl-os-image.raw mmc 0x900 0x2000;spl-os-args fat 0 1;spl-os-image fat 0 1;u-boot.img fat 0 1;uEnv.txt fat 0 1
dfu_alt_info_nand=SPL part 0 1;SPL.backup1 part 0 2;SPL.backup2 part 0 3;SPL.backup3 part 0 4;u-boot part 0 5;u-boot-spl-os part 0 6;kernel part 0 8;rootfs part 0 9
dfu_alt_info_ram=kernel ram 0x80200000 0xD80000;fdt ram 0x80F80000 0x80000;ramdisk ram 0x81000000 0x4000000
dnsip=192.0.2.2
dnsip2=192.0.2.3
eth1addr=d4:94:a1:88:6b:ea
ethact=cpsw
ethaddr=d4:94:a1:88:6b:e9
fdt_addr_r=0x88000000
fdtaddr=0x88000000
fdtfile=undefined
fileaddr=88000000
filesize=8d0a
findfdt=if test $board_name = A335BONE; then setenv fdtfile am335x-bone.dtb; fi; if test $board_name = A335BNLT; then setenv fdtfile am335x-boneblack.dtb; fi; if test $board_name = A33515BB; then setenv fdtfile am335x-evm.dtb; fi; if test $board_name = A335X_SK; then setenv fdtfile am335x-evmsk.dtb; fi; if test $fdtfile = undefined; then echo WARNING: Could not determine device tree to use; fi; 
gatewayip=192.168.0.1
importbootenv=echo Importing environment from mmc ...; env import -t -r $loadaddr $filesize
ipaddr=192.168.0.192
kernel_addr_r=0x82000000
loadaddr=0x82000000
loadbootenv=load mmc ${mmcdev} ${loadaddr} ${bootenv}
loadfdt=load mmc ${bootpart} ${fdtaddr} ${bootdir}/${fdtfile}
loadimage=load mmc ${bootpart} ${loadaddr} ${bootdir}/${bootfile}
loadramdisk=load mmc ${mmcdev} ${rdaddr} ramdisk.gz
mmcargs=setenv bootargs console=${console} ${optargs} root=${mmcroot} rootfstype=${mmcrootfstype}
mmcboot=mmc dev ${mmcdev}; if mmc rescan; then echo SD/MMC found on device ${mmcdev};if run loadbootenv; then echo Loaded environment from ${bootenv};run importbootenv;fi;if test -n $uenvcmd; then echo Running uenvcmd ...;run uenvcmd;fi;if run loadimage; then run mmcloados;fi;fi;
mmcdev=0
mmcloados=run mmcargs; if test ${boot_fdt} = yes || test ${boot_fdt} = try; then if run loadfdt; then bootz ${loadaddr} - ${fdtaddr}; else if test ${boot_fdt} = try; then bootz; else echo WARN: Cannot load the DT; fi; fi; else bootz; fi;
mmcroot=/dev/mmcblk0p2 ro
mmcrootfstype=ext4 rootwait
mtdids=nand0=nand.0
mtdparts=mtdparts=nand.0:128k(NAND.SPL),128k(NAND.SPL.backup1),128k(NAND.SPL.backup2),128k(NAND.SPL.backup3),256k(NAND.u-boot-spl-os),1m(NAND.u-boot),128k(NAND.u-boot-env),128k(NAND.u-boot-env.backup1),8m(NAND.kernel),-(NAND.file-system)
nandargs=setenv bootargs console=${console} ${optargs} root=${nandroot} rootfstype=${nandrootfstype}
nandboot=echo Booting from nand ...; run nandargs; nand read ${fdtaddr} NAND.u-boot-spl-os; nand read ${loadaddr} NAND.kernel; bootz ${loadaddr} - ${fdtaddr}
nandroot=ubi0:rootfs rw ubi.mtd=NAND.file-system,2048
nandrootfstype=ubifs rootwait=1
netargs=setenv bootargs console=${console} ${optargs} root=/dev/nfs nfsroot=${serverip}:${rootpath},${nfsopts} rw ip=dhcp
netboot=echo Booting from network ...; setenv autoload no; dhcp; tftp ${loadaddr} ${bootfile}; tftp ${fdtaddr} ${fdtfile}; run netargs; bootz ${loadaddr} - ${fdtaddr}
netmask=255.255.255.0
nfsopts=nolock
partitions=uuid_disk=${uuid_gpt_disk};name=rootfs,start=2MiB,size=-,uuid=${uuid_gpt_rootfs}
ramargs=setenv bootargs console=${console} ${optargs} root=${ramroot} rootfstype=${ramrootfstype}
ramboot=echo Booting from ramdisk ...; run ramargs; bootz ${loadaddr} ${rdaddr} ${fdtaddr}
ramdisk_addr_r=0x88080000
ramroot=/dev/ram0 rw
ramrootfstype=ext2
rdaddr=0x88080000
rootpath=/export/rootfs
serverip=192.168.0.1
soc=am33xx
spiargs=setenv bootargs console=${console} ${optargs} root=${spiroot} rootfstype=${spirootfstype}
spiboot=echo Booting from spi ...; run spiargs; sf probe ${spibusno}:0; sf read ${loadaddr} ${spisrcaddr} ${spiimgsize}; bootz ${loadaddr}
spibusno=0
spiimgsize=0x362000
spiroot=/dev/mtdblock4 rw
spirootfstype=jffs2
spisrcaddr=0xe0000
static_ip=${ipaddr}:${serverip}:${gatewayip}:${netmask}:${hostname}::off
stderr=serial
stdin=serial
stdout=serial
usbnet_devaddr=d4:94:a1:88:6b:ea
vendor=ti
ver=U-Boot 2014.07-00071-gaca0808 (Oct 02 2014 - 11:22:57)
Environment size: 4688/131068 bytes
U-Boot# 
- 07:13:28 [INFO] Host: setenv bootcmd ''${bootcmd}' if iminfo ${loadaddr}; then bootm ${loadaddr} - ${fdt_addr_r}; else bootz ${loadaddr} - ${fdt_addr_r}; bootm ${loadaddr} - ${fdt_addr_r}; fi'
- 07:13:28 [INFO] Target: 
setenv bootcmd ''${bootcmd}' if iminfo ${loadaddr}; then bootm ${loadaddr} - ${fdt_addr_r}; else bootz ${loadaddr} - ${fdt_addr_r}; bootm ${loadaddr} - ${fdt_addr_r}; fi'
U-Boot# 
- 07:13:28 [INFO] Host: version
- 07:13:28 [INFO] Target: 
version
U-Boot 2014.07-00071-gaca0808 (Oct 02 2014 - 11:22:57)
arm-linux-gnueabihf-gcc (crosstool-NG linaro-1.13.1-4.7-2013.03-20130313 - Linaro GCC 2013.03) 4.7.3 20130226 (prerelease)
GNU ld (crosstool-NG linaro-1.13.1-4.7-2013.03-20130313 - Linaro GCC 2013.03) 2.23.1
U-Boot# 
- 07:13:28 [INFO] Host: bdinfo
- 07:13:28 [INFO] Target: 
bdinfo
arch_number = 0x00000E05
boot_params = 0x80000100
DRAM bank   = 0x00000000
-> start    = 0x80000000
-> size     = 0x10000000
eth0name    = cpsw
ethaddr     = d4:94:a1:88:6b:e9
eth1name    = usb_ether
eth1addr    = d4:94:a1:88:6b:ea
current eth = cpsw
ip_addr     = 192.168.0.192
baudrate    = 115200 bps
TLB addr    = 0x8FFF0000
relocaddr   = 0x8F741000
reloc off   = 0x0EF41000
irq_sp      = 0x8E720EE0
sp start    = 0x8E720ED0
U-Boot# 
- 07:13:28 [INFO] Host: mmc rescan; echo $?
- 07:13:29 [INFO] Target: 
mmc rescan; echo $?
U-Boot# 
- 07:13:29 [INFO] Host: fatwrite mmc ${mmcdev}:1 ${loadaddr} ws-calibrate.rules 4
- 07:13:29 [INFO] Target: 
fatwrite mmc ${mmcdev}:1 ${loadaddr} ws-calibrate.rules 4
writing ws-calibrate.rules
4 bytes written
U-Boot# 
- 07:13:29 [INFO] Host: boot
- 07:13:52 [INFO] Target: 
boot
## Checking Image at 82000000 ...
Unknown image format!
Kernel image @ 0x82000000 [ 0x000000 - 0x6421a0 ]
## Flattened Device Tree blob at 88000000
   Booting using the fdt blob at 0x88000000
   Loading Device Tree to 8e713000, end 8e71ed09 ... OK
Starting kernel ...
[    0.000000] Booting Linux on physical CPU 0x0
[    0.000000] Linux version 4.4.0-rc4-next-20151211-00002-ge738153b8aa6 (nmenon@kahuna) (gcc version 4.6.3 (Ubuntu/Linaro 4.6.3-1ubuntu5) ) #1 SMP Fri Dec 11 06:04:23 CST 2015
[    0.000000] CPU: ARMv7 Processor [413fc082] revision 2 (ARMv7), cr=10c5387d
[    0.000000] CPU: PIPT / VIPT nonaliasing data cache, VIPT aliasing instruction cache
[    0.000000] Machine model: TI AM335x EVM-SK
[    0.000000] cma: Reserved 64 MiB at 0x8a000000
[    0.000000] Memory policy: Data cache writeback
[    0.000000] CPU: All CPU(s) started in SVC mode.
[    0.000000] AM335X ES1.0 (sgx neon )
[    0.000000] PERCPU: Embedded 13 pages/cpu @cfba1000 s23232 r8192 d21824 u53248
[    0.000000] Built 1 zonelists in Zone order, mobility grouping on.  Total pages: 64512
[    0.000000] Kernel command line: console=ttyO0,115200n8 earlyprintk rootwait  ip=:::::eth0:dhcp  root=PARTUUID=00000000-02 rw rootfstype=ext4 rootwait 
[    0.000000] PID hash table entries: 1024 (order: 0, 4096 bytes)
[    0.000000] Dentry cache hash table entries: 32768 (order: 5, 131072 bytes)
[    0.000000] Inode-cache hash table entries: 16384 (order: 4, 65536 bytes)
[    0.000000] Memory: 177236K/260096K available (8343K kernel code, 1090K rwdata, 3836K rodata, 1024K init, 344K bss, 17324K reserved, 65536K cma-reserved, 0K highmem)
[    0.000000] Virtual kernel memory layout:
[    0.000000]     vector  : 0xffff0000 - 0xffff1000   (   4 kB)
[    0.000000]     fixmap  : 0xffc00000 - 0xfff00000   (3072 kB)
[    0.000000]     vmalloc : 0xd0800000 - 0xff800000   ( 752 MB)
[    0.000000]     lowmem  : 0xc0000000 - 0xd0000000   ( 256 MB)
[    0.000000]     pkmap   : 0xbfe00000 - 0xc0000000   (   2 MB)
[    0.000000]     modules : 0xbf000000 - 0xbfe00000   (  14 MB)
[    0.000000]       .text : 0xc0208000 - 0xc0deddd8   (12184 kB)
[    0.000000]       .init : 0xc0dee000 - 0xc0eee000   (1024 kB)
[    0.000000]       .data : 0xc0eee000 - 0xc0ffe8c0   (1091 kB)
[    0.000000]        .bss : 0xc1001000 - 0xc10570a0   ( 345 kB)
[    0.000000] SLUB: HWalign=64, Order=0-3, MinObjects=0, CPUs=1, Nodes=1
[    0.000000] Hierarchical RCU implementation.
[    0.000000] 	Build-time adjustment of leaf fanout to 32.
[    0.000000] 	RCU restricting CPUs from NR_CPUS=16 to nr_cpu_ids=1.
[    0.000000] RCU: Adjusting geometry for rcu_fanout_leaf=32, nr_cpu_ids=1
[    0.000000] NR_IRQS:16 nr_irqs:16 16
[    0.000000] IRQ: Found an INTC at 0xfa200000 (revision 5.0) with 128 interrupts
[    0.000000] OMAP clockevent source: timer2 at 24000000 Hz
[    0.000017] sched_clock: 32 bits at 24MHz, resolution 41ns, wraps every 89478484971ns
[    0.000042] clocksource: timer1: mask: 0xffffffff max_cycles: 0xffffffff, max_idle_ns: 79635851949 ns
[    0.000056] OMAP clocksource: timer1 at 24000000 Hz
[    0.000274] Console: colour dummy device 80x30
[    0.000318] Calibrating delay loop... 717.61 BogoMIPS (lpj=1794048)
[    0.059057] pid_max: default: 32768 minimum: 301
[    0.059213] Mount-cache hash table entries: 1024 (order: 0, 4096 bytes)
[    0.059225] Mountpoint-cache hash table entries: 1024 (order: 0, 4096 bytes)
[    0.060064] CPU: Testing write buffer coherency: ok
[    0.060483] CPU0: thread -1, cpu 0, socket -1, mpidr 0
[    0.060592] Setting up static identity map for 0x80209000 - 0x80209098
[    0.064778] Brought up 1 CPUs
[    0.064803] SMP: Total of 1 processors activated (717.61 BogoMIPS).
[    0.064814] CPU: All CPU(s) started in SVC mode.
[    0.066521] devtmpfs: initialized
[    0.079522] VFP support v0.3: implementor 41 architecture 3 part 30 variant c rev 3
[    0.080558] clocksource: jiffies: mask: 0xffffffff max_cycles: 0xffffffff, max_idle_ns: 9556302231375000 ns
[    0.086121] pinctrl core: initialized pinctrl subsystem
[    0.088872] NET: Registered protocol family 16
[    0.091878] DMA: preallocated 256 KiB pool for atomic coherent allocations
[    0.106378] omap_hwmod: tptc0 using broken dt data from edma
[    0.106547] omap_hwmod: tptc1 using broken dt data from edma
[    0.106698] omap_hwmod: tptc2 using broken dt data from edma
[    0.111866] omap_hwmod: debugss: _wait_target_disable failed
[    0.169500] cpuidle: using governor ladder
[    0.169527] cpuidle: using governor menu
[    0.175066] OMAP GPIO hardware version 0.1
[    0.189683] No ATAGs?
[    0.189717] hw-breakpoint: debug architecture 0x4 unsupported.
[    0.190543] omap4_sram_init:Unable to allocate sram needed to handle errata I688
[    0.190559] omap4_sram_init:Unable to get sram pool needed to handle errata I688
[    0.195160] Serial: AMBA PL011 UART driver
[    0.213163] edma 49000000.edma: Legacy memcpy is enabled, things might not work
[    0.220489] edma 49000000.edma: TI EDMA DMA engine driver
[    0.221592] reg-fixed-voltage fixedregulator@2: could not find pctldev for node /ocp/l4_wkup@44c00000/scm@210000/pinmux@800/pinmux_wl12xx_gpio, deferring probe
[    0.225899] vgaarb: loaded
[    0.227268] SCSI subsystem initialized
[    0.228078] usbcore: registered new interface driver usbfs
[    0.228169] usbcore: registered new interface driver hub
[    0.228253] usbcore: registered new device driver usb
[    0.229325] omap_i2c 44e0b000.i2c: could not find pctldev for node /ocp/l4_wkup@44c00000/scm@210000/pinmux@800/pinmux_i2c0_pins, deferring probe
[    0.230251] pps_core: LinuxPPS API ver. 1 registered
[    0.230262] pps_core: Software ver. 5.3.6 - Copyright 2005-2007 Rodolfo Giometti <giometti@linux.it>
[    0.230305] PTP clock support registered
[    0.230560] EDAC MC: Ver: 3.0.0
[    0.234242] clocksource: Switched to clocksource timer1
[    0.248096] NET: Registered protocol family 2
[    0.248905] TCP established hash table entries: 2048 (order: 1, 8192 bytes)
[    0.248948] TCP bind hash table entries: 2048 (order: 2, 16384 bytes)
[    0.248995] TCP: Hash tables configured (established 2048 bind 2048)
[    0.249083] UDP hash table entries: 256 (order: 1, 8192 bytes)
[    0.249110] UDP-Lite hash table entries: 256 (order: 1, 8192 bytes)
[    0.249448] NET: Registered protocol family 1
[    0.249949] RPC: Registered named UNIX socket transport module.
[    0.249964] RPC: Registered udp transport module.
[    0.249972] RPC: Registered tcp transport module.
[    0.249980] RPC: Registered tcp NFSv4.1 backchannel transport module.
[    0.251243] hw perfevents: enabled with armv7_cortex_a8 PMU driver, 5 counters available
[    0.253658] futex hash table entries: 256 (order: 2, 16384 bytes)
[    0.269775] squashfs: version 4.0 (2009/01/31) Phillip Lougher
[    0.271171] NFS: Registering the id_resolver key type
[    0.271246] Key type id_resolver registered
[    0.271256] Key type id_legacy registered
[    0.271348] ntfs: driver 2.1.32 [Flags: R/O].
[    0.273694] Block layer SCSI generic (bsg) driver version 0.4 loaded (major 249)
[    0.273728] io scheduler noop registered
[    0.273745] io scheduler deadline registered
[    0.273791] io scheduler cfq registered (default)
[    0.278944] pinctrl-single 44e10800.pinmux: 142 pins at pa f9e10800 size 568
[    0.287511] backlight supply power not found, using dummy regulator
[    0.368752] Serial: 8250/16550 driver, 4 ports, IRQ sharing disabled
[    0.372170] SuperH (H)SCI(F) driver initialized
[    0.373128] msm_serial: driver initialized
[    0.373855] omap_uart 44e09000.serial: no wakeirq for uart0
[    0.374093] 44e09000.serial: ttyO0 at MMIO 0x44e09000 (irq = 155, base_baud = 3000000) is a OMAP UART0
[    1.066287] console [ttyO0] enabled
[    1.070628] STMicroelectronics ASC driver initialized
[    1.077908] [drm] Initialized drm 1.1.0 20060810
[    1.094113] loop: module loaded
[    1.106665] libphy: Fixed MDIO Bus: probed
[    1.112046] CAN device driver interface
[    1.117571] igb: Intel(R) Gigabit Ethernet Network Driver - version 5.3.0-k
[    1.124942] igb: Copyright (c) 2007-2014 Intel Corporation.
[    1.189337] davinci_mdio 4a101000.mdio: davinci mdio revision 1.6
[    1.195800] davinci_mdio 4a101000.mdio: detected phy mask fffffffc
[    1.204096] libphy: 4a101000.mdio: probed
[    1.208431] davinci_mdio 4a101000.mdio: phy[0]: device 4a101000.mdio:00, driver Atheros 8031 ethernet
[    1.218145] davinci_mdio 4a101000.mdio: phy[1]: device 4a101000.mdio:01, driver Atheros 8031 ethernet
[    1.229967] cpsw 4a100000.ethernet: Detected MACID = d4:94:a1:88:6b:e9
[    1.238050] cpsw 4a100000.ethernet: cpsw: Detected MACID = d4:94:a1:88:6b:ea
[    1.246814] pegasus: v0.9.3 (2013/04/25), Pegasus/Pegasus II USB Ethernet driver
[    1.254786] usbcore: registered new interface driver pegasus
[    1.260862] usbcore: registered new interface driver asix
[    1.266648] usbcore: registered new interface driver ax88179_178a
[    1.273139] usbcore: registered new interface driver cdc_ether
[    1.279377] usbcore: registered new interface driver smsc75xx
[    1.285521] usbcore: registered new interface driver smsc95xx
[    1.291642] usbcore: registered new interface driver net1080
[    1.297674] usbcore: registered new interface driver cdc_subset
[    1.303975] usbcore: registered new interface driver zaurus
[    1.309988] usbcore: registered new interface driver cdc_ncm
[    1.317995] ehci_hcd: USB 2.0 'Enhanced' Host Controller (EHCI) Driver
[    1.324949] ehci-pci: EHCI PCI platform driver
[    1.329736] ehci-platform: EHCI generic platform driver
[    1.335518] ehci-omap: OMAP-EHCI Host Controller driver
[    1.341221] ehci-orion: EHCI orion driver
[    1.345632] SPEAr-ehci: EHCI SPEAr driver
[    1.350036] ehci-st: EHCI STMicroelectronics driver
[    1.355353] ehci-exynos: EHCI EXYNOS driver
[    1.359952] ehci-atmel: EHCI Atmel driver
[    1.364347] tegra-ehci: Tegra EHCI driver
[    1.368737] ohci_hcd: USB 1.1 'Open' Host Controller (OHCI) Driver
[    1.375307] ohci-pci: OHCI PCI platform driver
[    1.380103] ohci-platform: OHCI generic platform driver
[    1.385839] ohci-omap3: OHCI OMAP3 driver
[    1.390259] SPEAr-ohci: OHCI SPEAr driver
[    1.394665] ohci-st: OHCI STMicroelectronics driver
[    1.399982] ohci-atmel: OHCI Atmel driver
[    1.404859] usbcore: registered new interface driver usb-storage
[    1.413177] mousedev: PS/2 mouse device common for all mice
[    1.423550] i2c /dev entries driver
[    1.436955] sdhci: Secure Digital Host Controller Interface driver
[    1.443523] sdhci: Copyright(c) Pierre Ossman
[    1.449392] omap_hsmmc 48060000.mmc: Got CD GPIO
[    1.456493] Synopsys Designware Multimedia Card Interface Driver
[    1.464135] sdhci-pltfm: SDHCI platform and OF driver helper
[    1.473409] ledtrig-cpu: registered to indicate activity on CPUs
[    1.480382] usbcore: registered new interface driver usbhid
[    1.486295] usbhid: USB HID core driver
[    1.496040] NET: Registered protocol family 10
[    1.502401] sit: IPv6 over IPv4 tunneling driver
[    1.508340] NET: Registered protocol family 17
[    1.513101] can: controller area network core (rev 20120528 abi 9)
[    1.519727] NET: Registered protocol family 29
[    1.524433] can: raw protocol (rev 20120528)
[    1.528922] can: broadcast manager protocol (rev 20120528 t)
[    1.534899] can: netlink gateway (rev 20130117) max_hops=1
[    1.541494] Key type dns_resolver registered
[    1.546391] omap_voltage_late_init: Voltage driver support not added
[    1.554542] ThumbEE CPU extension supported.
[    1.559065] Registering SWP/SWPB emulation handler
[    1.589498] tps65910 0-002d: No interrupt support, no core IRQ
[    1.623021] tps65910-rtc tps65910-rtc: IRQ is not free.
[    1.628600] tps65910-rtc: probe of tps65910-rtc failed with error -22
[    1.637041] omap_i2c 44e0b000.i2c: bus 0 rev0.11 at 400 kHz
[    1.644029] backlight supply power not found, using dummy regulator
[    1.654037] omap_hsmmc 48060000.mmc: Got CD GPIO
[    1.659291] omap_hsmmc 48060000.mmc: omap_device: omap_device_enable() called from invalid state 1
[    1.668943] vmmc: supplied by vbat
[    1.701895] omap_hsmmc 481d8000.mmc: omap_device: omap_device_enable() called from invalid state 1
[    1.741632] mmc0: host does not support reading read-only switch, assuming write-enable
[    1.751993] mmc0: new high speed SDHC card at address b368
[    1.758511] mmcblk0: mmc0:b368 USD   3.76 GiB 
[    1.764922]  mmcblk0: p1 p2 p3
[    1.815243] vdd_mpu: supplied by vbat
[    1.821372] backlight supply power not found, using dummy regulator
[    1.831674] input: gpio_buttons@0 as /devices/platform/gpio_buttons@0/input/input0
[    1.841407] hctosys: unable to open rtc device (rtc0)
[    1.852956] net eth0: initializing cpsw version 1.12 (0)
[    1.864700] backlight supply power not found, using dummy regulator
[    1.873368] omap_hsmmc 481d8000.mmc: card claims to support voltages below defined range
[    1.892281] mmc1: queuing unknown CIS tuple 0x91 (3 bytes)
[    1.899312] mmc1: new SDIO card at address 0001
[    1.925009] net eth0: phy found : id is : 0x4dd074
[    1.935798] IPv6: ADDRCONF(NETDEV_UP): eth0: link is not ready
[    5.925216] cpsw 4a100000.ethernet eth0: Link is Up - 1Gbps/Full - flow control rx/tx
[    5.933736] IPv6: ADDRCONF(NETDEV_CHANGE): eth0: link becomes ready
[    5.945725] Sending DHCP requests ., OK
[    5.999842] IP-Config: Got DHCP answer from 192.168.0.1, my address is 192.168.0.192
[    6.008521] IP-Config: Complete:
[    6.012044]      device=eth0, hwaddr=d4:94:a1:88:6b:e9, ipaddr=192.168.0.192, mask=255.255.255.0, gw=192.168.0.1
[    6.022840]      host=192.168.0.192, domain=ti.com, nis-domain=(none)
[    6.029691]      bootserver=192.168.0.1, rootserver=192.168.0.1, rootpath=     nameserver0=192.0.2.2, nameserver1=192.0.2.3
[    6.041833] lis3_reg: disabling
[    6.045234] vwl1271: disabling
[    6.412114] EXT4-fs (mmcblk0p2): mounted filesystem with ordered data mode. Opts: (null)
[    6.420929] VFS: Mounted root (ext4 filesystem) on device 179:2.
[    6.431669] devtmpfs: mounted
[    6.438691] Freeing unused kernel memory: 1024K (c0dee000 - c0eee000)
INIT: version 2.88 booting
Error opening /dev/fb0: No such file or directory
Starting udev
[    7.305019] udevd[83]: starting version 182
[   10.665542] FAT-fs (mmcblk0p3): Volume was not properly unmounted. Some data may be corrupt. Please run fsck.
[   10.691514] FAT-fs (mmcblk0p1): Volume was not properly unmounted. Some data may be corrupt. Please run fsck.
Starting Bootlog daemon: bootlogd.
[   12.134429] EXT4-fs (mmcblk0p2): re-mounted. Opts: data=ordered
[   12.209728] random: dd urandom read with 71 bits of entropy available
ALSA: Restoring mixer settings...
/usr/sbin/alsactl: load_state:1696: No soundcards found...
Configuring network interfaces... udhcpc (v1.20.2) started
Sending discover...
Sending select for 192.168.0.55...
Lease of 192.168.0.55 obtained, lease time 7200
/etc/udhcpc.d/50default: Adding DNS 192.0.2.2
/etc/udhcpc.d/50default: Adding DNS 192.0.2.3
done.
hwclock: can't open '/dev/misc/rtc': No such file or directory
Sun Jun  8 22:17:00 UTC 2014
hwclock: can't open '/dev/misc/rtc': No such file or directory
INIT: Entering runlevel: 5
Starting system message bus: dbus.
Starting Dropbear SSH server: dropbear.
Starting telnet daemon.
hwclock: can't open '/dev/misc/rtc': No such file or directory
Starting syslogd/klogd: done
Starting thttpd.
Starting Lighttpd Web Server: lighttpd.
2014-06-08 22:17:00: (log.c.166) server started 
Starting Matrix GUI application.
[   19.985510] random: nonblocking pool is initialized
***************************************************************
***************************************************************
NOTICE: This file system contains the followin GPLv3 packages:
	binutils-symlinks
	binutils
	gdbserver
If you do not wish to distribute GPLv3 components please remove
the above packages prior to distribution.  This can be done using
the opkg remove command.  i.e.:
    opkg remove <package>
Where <package> is the name printed in the list above
NOTE: If the package is a dependency of another package you
      will be notified of the dependent packages.  You should
      use the --force-removal-of-dependent-packages option to
      also remove the dependent packages as well
***************************************************************
***************************************************************
Stopping Bootlog daemon: bootlogd.
 _____                    _____           _         _   
|  _  |___ ___ ___ ___   |  _  |___ ___  |_|___ ___| |_ 
|     |  _| .'| . | . |  |   __|  _| . | | | -_|  _|  _|
|__|__|_| |__,|_  |___|  |__|  |_| |___|_| |___|___|_|  
              |___|                    |___|            
Arago Project http://arago-project.org am335x-evm ttyO0
Arago 2013.12 am335x-evm ttyO0
am335x-evm login: 
- 07:13:52 [INFO] Host: root
- 07:13:52 [INFO] Target: 
root
root@am335x-evm:~# 
- 07:13:52 [INFO] Host: uname -a
- 07:13:52 [INFO] Target: 
uname -a
Linux am335x-evm 4.4.0-rc4-next-20151211-00002-ge738153b8aa6 #1 SMP Fri Dec 11 06:04:23 CST 2015 armv7l GNU/Linux
root@am335x-evm:~# 
- 07:13:52 [INFO] Host: cat /proc/cmdline
- 07:13:52 [INFO] Target: 
cat /proc/cmdline
console=ttyO0,115200n8 earlyprintk rootwait  ip=:::::eth0:dhcp  root=PARTUUID=00000000-02 rw rootfstype=ext4 rootwait 
root@am335x-evm:~# 
- 07:13:52 [INFO] Host: uname -a
- 07:13:53 [INFO] Target: 
uname -a
Linux am335x-evm 4.4.0-rc4-next-20151211-00002-ge738153b8aa6 #1 SMP Fri Dec 11 06:04:23 CST 2015 armv7l GNU/Linux
root@am335x-evm:~# 
- 07:13:53 [INFO] Host: cat /proc/mtd
- 07:13:53 [INFO] Target: 
cat /proc/mtd
dev:    size   erasesize  name
root@am335x-evm:~# 
- 07:13:53 [INFO] Host: export IPERFHOST=192.168.0.1
- 07:13:53 [INFO] Target: 
export IPERFHOST=192.168.0.1
root@am335x-evm:~# 
- 07:13:53 [INFO] Host: export NFS_SERVER=192.168.0.1
- 07:13:53 [INFO] Target: 
export NFS_SERVER=192.168.0.1
root@am335x-evm:~# 
- 07:13:53 [INFO] Host: export NFS_ROOT_PATH=/home/tigtfarm04/NFS_exports/linux/am335x-sk1
- 07:13:53 [INFO] Target: 
export NFS_ROOT_PATH=/home/tigtfarm04/NFS_exports/linux/am335 
x-sk1
root@am335x-evm:~# 
- 07:13:53 [INFO] Host: export AP_SSID=
- 07:13:53 [INFO] Target: 
export AP_SSID=
root@am335x-evm:~# 
- 07:13:53 [INFO] Host: mkdir -p -m 777 /test
- 07:13:53 [INFO] Target: 
mkdir -p -m 777 /test
root@am335x-evm:~# 
- 07:13:53 [INFO] Host: cd /test
- 07:13:54 [INFO] Target: 
cd /test
root@am335x-evm:/test# 
- 07:13:54 [INFO] Host: cat > test.sh << EOF
- 07:13:54 [INFO] Target: 
cat > test.sh << EOF
- 07:13:54 [INFO] Host: failtest() {
- 07:13:54 [INFO] Target: 
failtest() {
- 07:13:54 [INFO] Host:   echo 1 >&3
- 07:13:54 [INFO] Target: 
  echo 1 >&3
- 07:13:54 [INFO] Host: }
- 07:13:54 [INFO] Target: 
- 07:13:54 [INFO] Host: timeout=600
- 07:13:54 [INFO] Target: 
timeout=600
- 07:13:54 [INFO] Host: 
- 07:13:54 [INFO] Target: 
- 07:13:54 [INFO] Host: # Start of user's script logic
- 07:13:54 [INFO] Target: 
# Start of user's script logic
- 07:13:54 [INFO] Host: mount -t proc proc /proc 2>/dev/null;
- 07:13:54 [INFO] Target: 
mount -t proc proc /proc 2>/dev/null;
- 07:13:54 [INFO] Host: 
- 07:13:54 [INFO] Target: 
- 07:13:54 [INFO] Host: mount -t sysfs sys /sys 2>/dev/null;
- 07:13:55 [INFO] Target: 
mount -t sysfs sys /sys 2>/dev/null;
- 07:13:55 [INFO] Host: 
- 07:13:55 [INFO] Target: 
- 07:13:55 [INFO] Host: mount -t debugfs none /sys/kernel/debug 2>/dev/null;
- 07:13:55 [INFO] Target: 
mount -t debugfs none /sys/kernel/debug 2>/dev/null;
- 07:13:55 [INFO] Host: 
- 07:13:55 [INFO] Target: 
- 07:13:55 [INFO] Host: echo 'cpuinfo:';cat /proc/cpuinfo; echo '=======';
- 07:13:55 [INFO] Target: 
echo 'cpuinfo:';cat /proc/cpuinfo; echo '=======';
- 07:13:55 [INFO] Host: 
- 07:13:55 [INFO] Target: 
- 07:13:55 [INFO] Host: echo 'soc info:';head /sys/devices/soc0/* 2>/dev/null; echo '=======';
- 07:13:55 [INFO] Target: 
echo 'soc info:';head /sys/devices/soc0/* 2>/dev/null; echo '=======';
- 07:13:55 [INFO] Host: 
- 07:13:55 [INFO] Target: 
- 07:13:55 [INFO] Host: echo 'DT Model info'; head /proc/device-tree/name /proc/device-tree/model /proc/device-tree/compatible 2>/dev/null;echo; echo '=======';
- 07:13:55 [INFO] Target: 
echo 'DT Model info'; head /proc/device-tree/name /proc/device-tree/model /pro 
c/device-tree/compatible 2>/dev/null;echo; echo '=======';
- 07:13:55 [INFO] Host: 
- 07:13:55 [INFO] Target: 
- 07:13:55 [INFO] Host: echo 'interrupts:';cat /proc/interrupts; echo '=======';
- 07:13:56 [INFO] Target: 
echo 'interrupts:';cat /proc/interrupts; echo '=======';
- 07:13:56 [INFO] Host: 
- 07:13:56 [INFO] Target: 
- 07:13:56 [INFO] Host: echo 'Clk_summary:';cat /sys/kernel/debug/clk/clk_summary; echo '=======';
- 07:13:56 [INFO] Target: 
echo 'Clk_summary:';cat /sys/kernel/debug/clk/clk_summary; echo '=======';
- 07:13:56 [INFO] Host: 
- 07:13:56 [INFO] Target: 
- 07:13:56 [INFO] Host: echo "Available frequencies"; cat /sys/devices/system/cpu/cpu0/cpufreq/scaling_available_frequencies 2>/dev/null;echo '=======';
- 07:13:56 [INFO] Target: 
echo "Available frequencies"; cat /sys/devices/system/cpu/cpu0/cpufreq/scaling 
_available_frequencies 2>/dev/null;echo '=======';
- 07:13:56 [INFO] Host: 
- 07:13:56 [INFO] Target: 
- 07:13:56 [INFO] Host: TMPF=/tmp/a.\$\$; TMPF2=/tmp/b.\$\$; STR=""
- 07:13:56 [INFO] Target: 
TMPF=/tmp/a.\$\$; TMPF2=/tmp/b.\$\$; STR=""
- 07:13:56 [INFO] Host: 
- 07:13:56 [INFO] Target: 
- 07:13:56 [INFO] Host: cp /dev/kmsg \$TMPF &
- 07:13:56 [INFO] Target: 
cp /dev/kmsg \$TMPF &
- 07:13:56 [INFO] Host: 
- 07:13:56 [INFO] Target: 
- 07:13:56 [INFO] Host: PID=\$! ; sleep 5; kill -9 \$PID
- 07:13:57 [INFO] Target: 
PID=\$! ; sleep 5; kill -9 \$PID
- 07:13:57 [INFO] Host: 
- 07:13:57 [INFO] Target: 
- 07:13:57 [INFO] Host: 
- 07:13:57 [INFO] Target: 
- 07:13:57 [INFO] Host: 
- 07:13:57 [INFO] Target: 
- 07:13:57 [INFO] Host: cat \$TMPF|grep "^0">\$TMPF2; N=\`cat \$TMPF2|wc -l\`; if [ "\$N" -ne 0 ]; then STR="\$STR emerg=\$N";echo "===== EMERGE++";cat \$TMPF2|cut -d ';' -f2;echo "====="; fi
- 07:13:57 [INFO] Target: 
cat \$TMPF|grep "^0">\$TMPF2; N=\`cat \$TMPF2|wc -l\`; if [ "\$N" -ne 0 ]; the 
n STR="\$STR emerg=\$N";echo "===== EMERGE++";cat \$TMPF2|cut -d ';' -f2;echo "= 
===="; fi
- 07:13:57 [INFO] Host: 
- 07:13:57 [INFO] Target: 
- 07:13:57 [INFO] Host: cat \$TMPF|grep "^1">\$TMPF2; N=\`cat \$TMPF2|wc -l\`; if [ "\$N" -ne 0 ]; then STR="\$STR alert=\$N";echo "===== ALERT ==";cat \$TMPF2|cut -d ';' -f2;echo "====="; fi
- 07:13:57 [INFO] Target: 
cat \$TMPF|grep "^1">\$TMPF2; N=\`cat \$TMPF2|wc -l\`; if [ "\$N" -ne 0 ]; the 
n STR="\$STR alert=\$N";echo "===== ALERT ==";cat \$TMPF2|cut -d ';' -f2;echo "= 
===="; fi
- 07:13:57 [INFO] Host: 
- 07:13:57 [INFO] Target: 
- 07:13:57 [INFO] Host: cat \$TMPF|grep "^2">\$TMPF2; N=\`cat \$TMPF2|wc -l\`; if [ "\$N" -ne 0 ]; then STR="\$STR crit=\$N";echo "===== CRIT ==";cat \$TMPF2|cut -d ';' -f2;echo "====="; fi
- 07:13:57 [INFO] Target: 
cat \$TMPF|grep "^2">\$TMPF2; N=\`cat \$TMPF2|wc -l\`; if [ "\$N" -ne 0 ]; the 
n STR="\$STR crit=\$N";echo "===== CRIT ==";cat \$TMPF2|cut -d ';' -f2;echo "=== 
=="; fi
- 07:13:57 [INFO] Host: 
- 07:13:57 [INFO] Target: 
- 07:13:57 [INFO] Host: cat \$TMPF|grep "^3">\$TMPF2; N=\`cat \$TMPF2|wc -l\`; if [ "\$N" -ne 0 ]; then STR="\$STR err=\$N";echo "===== ERR ==";cat \$TMPF2|cut -d ';' -f2;echo "=====" ;fi
- 07:13:58 [INFO] Target: 
cat \$TMPF|grep "^3">\$TMPF2; N=\`cat \$TMPF2|wc -l\`; if [ "\$N" -ne 0 ]; the 
n STR="\$STR err=\$N";echo "===== ERR ==";cat \$TMPF2|cut -d ';' -f2;echo "===== 
" ;fi
- 07:13:58 [INFO] Host: 
- 07:13:58 [INFO] Target: 
- 07:13:58 [INFO] Host: cat \$TMPF|grep "^4">\$TMPF2; N=\`cat \$TMPF2|wc -l\`; if [ "\$N" -ne 0 ]; then STR="\$STR warn=\$N";echo "===== WARN ==";cat \$TMPF2|cut -d ';' -f2;echo "=====" ;fi
- 07:13:58 [INFO] Target: 
cat \$TMPF|grep "^4">\$TMPF2; N=\`cat \$TMPF2|wc -l\`; if [ "\$N" -ne 0 ]; the 
n STR="\$STR warn=\$N";echo "===== WARN ==";cat \$TMPF2|cut -d ';' -f2;echo "=== 
==" ;fi
- 07:13:58 [INFO] Host: 
- 07:13:58 [INFO] Target: 
- 07:13:58 [INFO] Host: rm \$TMPF \$TMPF2; echo "SUM""MARY RESULT: BOOT:" 'PASS: H''ello World' 'B''oard' "Booted" "Boot Log has::::\$STR:"
- 07:13:58 [INFO] Target: 
rm \$TMPF \$TMPF2; echo "SUM""MARY RESULT: BOOT:" 'PASS: H''ello World' 'B''oa 
rd' "Booted" "Boot Log has::::\$STR:"
- 07:13:58 [INFO] Host: 
- 07:13:58 [INFO] Target: 
- 07:13:58 [INFO] Host: EOF
- 07:13:58 [INFO] Target: 
root@am335x-evm:/test# 
- 07:13:58 [INFO] Host: cd /test
- 07:13:58 [INFO] Target: 
cd /test
root@am335x-evm:/test# 
- 07:13:58 [INFO] Host: chmod +x test.sh
- 07:13:58 [INFO] Target: 
chmod +x test.sh
root@am335x-evm:/test# 
- 07:13:58 [INFO] Host: ./test.sh 2> stderr.log > stdout.log 3> result.log
- 07:14:04 [INFO] Target: 
./test.sh 2> stderr.log > stdout.log 3> result.log
root@am335x-evm:/test# 
- 07:14:04 [INFO] Host: echo $?
- 07:14:04 [INFO] Target: 
echo $?
root@am335x-evm:/test# 
- 07:14:04 [INFO] Host: cd /test
- 07:14:04 [INFO] Target: 
cd /test
root@am335x-evm:/test# 
- 07:14:04 [INFO] Host: cat stdout.log
- 07:14:05 [INFO] Target: 
cat stdout.log
cpuinfo:
processor	: 0
model name	: ARMv7 Processor rev 2 (v7l)
BogoMIPS	: 717.61
Features	: half thumb fastmult vfp edsp thumbee neon vfpv3 tls vfpd32 
CPU implementer	: 0x41
CPU architecture: 7
CPU variant	: 0x3
CPU part	: 0xc08
CPU revision	: 2
Hardware	: Generic AM33XX (Flattened Device Tree)
Revision	: 0000
Serial		: 0000000000000000
=======
soc info:
==> /sys/devices/soc0/family <==
AM33xx
==> /sys/devices/soc0/machine <==
AM335X
==> /sys/devices/soc0/power <==
==> /sys/devices/soc0/revision <==
ES1.0
==> /sys/devices/soc0/subsystem <==
==> /sys/devices/soc0/type <==
==> /sys/devices/soc0/uevent <==
=======
DT Model info
==> /proc/device-tree/name <==
==> /proc/device-tree/model <==
TI AM335x EVM-SK
==> /proc/device-tree/compatible <==
ti,am335x-evmskti,am33xx
=======
interrupts:
           CPU0       
 16:       4567      INTC  68 Level     gp_timer
 20:       1971      INTC  12 Level     49000000.edma_ccint
 22:          1      INTC  14 Level     49000000.edma_ccerrint
 23:          0      INTC  96 Level     44e07000.gpio
 30:          0  44e07000.gpio   6 Edge      48060000.mmc cd
 54:          0  44e07000.gpio  30 Edge      button2
 56:          0      INTC  98 Level     4804c000.gpio
 89:          0      INTC  32 Level     481ac000.gpio
 92:          0  481ac000.gpio   2 Edge      button1
 93:          0  481ac000.gpio   3 Edge      button0
 95:          0  481ac000.gpio   5 Edge      button3
122:          0      INTC  62 Level     481ae000.gpio
155:       8451      INTC  72 Level     OMAP UART0
156:        309      INTC  70 Level     44e0b000.i2c
157:       5938      INTC  64 Level     mmc0
158:        144      INTC  28 Level     mmc1
169:          9      INTC  41 Level     4a100000.ethernet
170:         15      INTC  42 Level     4a100000.ethernet
IPI0:          0  CPU wakeup interrupts
IPI1:          0  Timer broadcast interrupts
IPI2:          0  Rescheduling interrupts
IPI3:          0  Function call interrupts
IPI4:          0  Single function call interrupts
IPI5:          0  CPU stop interrupts
IPI6:          0  IRQ work interrupts
IPI7:          0  completion interrupts
Err:          0
=======
Clk_summary:
   clock                         enable_cnt  prepare_cnt        rate   accuracy   phase
----------------------------------------------------------------------------------------
 tclkin_ck                                0            0    12000000          0 0  
 virt_26000000_ck                         0            0    26000000          0 0  
 virt_25000000_ck                         0            0    25000000          0 0  
 virt_24000000_ck                         1            1    24000000          0 0  
    sys_clkin_ck                          9           23    24000000          0 0  
       timer6_fck                         0            1    24000000          0 0  
       timer3_fck                         0            1    24000000          0 0  
       dbg_sysclk_ck                      0            1    24000000          0 0  
       timer7_fck                         0            1    24000000          0 0  
       timer5_fck                         0            1    24000000          0 0  
       timer4_fck                         0            1    24000000          0 0  
       timer2_fck                         1            1    24000000          0 0  
       timer1_fck                         1            1    24000000          0 0  
       cefuse_fck                         0            0    24000000          0 0  
       dpll_per_ck                        1            2   960000000          0 0  
          usbotg_fck                      0            1   960000000          0 0  
          dpll_per_m2_ck                  3            4   192000000          0 0  
             mmc_clk                      2            3    96000000          0 0  
             clk_24mhz                    1            1    24000000          0 0  
                clkdiv32k_ck              1            1       32786          0 0  
                   clkdiv32k_ick           2            5       32786          0 0  
                      wdt1_fck            0            1       32786          0 0  
                      gpio3_dbclk           0            2       32786          0 0  
                      gpio2_dbclk           1            2       32786          0 0  
                      gpio1_dbclk           0            2       32786          0 0  
             dpll_per_m2_div4_ck           0            9    48000000          0 0  
             dpll_per_m2_div4_wkupdm_ck           1            2    48000000          0 0  
       dpll_disp_ck                       0            1    24000000          0 0  
          dpll_disp_m2_ck                 0            1    24000000          0 0  
             lcd_gclk                     0            1    24000000          0 0  
       dpll_ddr_ck                        1            1   303000000          0 0  
          dpll_ddr_m2_ck                  2            2   303000000          0 0  
             dpll_ddr_m2_div2_ck           1            1   151500000          0 0  
       dpll_mpu_ck                        1            1   720000000          0 0  
          dpll_mpu_m2_ck                  4            4   720000000          0 0  
       dpll_core_ck                       1            1  1000000000          0 0  
          dpll_core_x2_ck                 2            2  2000000000          0 0  
             dpll_core_m6_ck              0            0   500000000          0 0  
             dpll_core_m5_ck              1            1   250000000          0 0  
                cpsw_cpts_rft_clk           0            0   250000000          0 0  
                cpsw_125mhz_gclk           3            3   125000000          0 0  
             dpll_core_m4_ck              9           11   200000000          0 0  
                dbg_clka_ck               0            2   200000000          0 0  
                   trace_pmd_clk_mux_ck           0            1   200000000          0 0  
                      trace_clk_div_ck           0            1    50000000          0 0  
                   stm_pmd_clock_mux_ck           0            0   200000000          0 0  
                      stm_clk_div_ck           0            0    50000000          0 0  
                gfx_fclk_clksel_ck           0            1   200000000          0 0  
                   gfx_fck_div_ck           0            1   200000000          0 0  
                sysclk_div_ck             0            0   200000000          0 0  
                l4hs_gclk                 2            2   200000000          0 0  
                l4_rtc_gclk               0            0   100000000          0 0  
                dpll_core_m4_div2_ck          16           17   100000000          0 0  
                   l4ls_gclk             43           59   100000000          0 0  
                      ehrpwm2_tbclk           0            0   100000000          0 0  
                      ehrpwm1_tbclk           0            0   100000000          0 0  
                      ehrpwm0_tbclk           0            0   100000000          0 0  
                   l4fw_gclk              1            1   100000000          0 0  
                   l3s_gclk               9           10   100000000          0 0  
                   ieee5000_fck           0            0   100000000          0 0  
                mmu_fck                   0            0   200000000          0 0  
                l3_gclk                  13           15   200000000          0 0  
                   pruss_ocp_gclk           0            1   200000000          0 0  
       rng_fck                            1            2    24000000          0 0  
       aes0_fck                           1            2    24000000          0 0  
       sha0_fck                           1            1    24000000          0 0  
       smartreflex1_fck                   0            1    24000000          0 0  
       smartreflex0_fck                   0            1    24000000          0 0  
       mcasp1_fck                         0            1    24000000          0 0  
       mcasp0_fck                         0            1    24000000          0 0  
       dcan1_fck                          0            1    24000000          0 0  
       dcan0_fck                          0            1    24000000          0 0  
       adc_tsc_fck                        0            1    24000000          0 0  
 virt_19200000_ck                         0            0    19200000          0 0  
 clk_rc32k_ck                             1            1       32000          0 0  
    gpio0_dbclk_mux_ck                    1            1       32000          0 0  
       gpio0_dbclk                        1            2       32000          0 0  
 clk_32768_ck                             1            2       32768          0 0  
    sysclkout_pre_ck                      1            1       32768          0 0  
       clkout2_div_ck                     1            1       32768          0 0  
          clkout2_ck                      1            1       32768          0 0  
=======
Available frequencies
275000 500000 600000 720000 
=======
===== ERR ==
omap_voltage_late_init: Voltage driver support not added
tps65910-rtc tps65910-rtc: IRQ is not free.
udevd[83]: starting version 182
=====
===== WARN ==
omap_hwmod: tptc0 using broken dt data from edma
omap_hwmod: tptc1 using broken dt data from edma
omap_hwmod: tptc2 using broken dt data from edma
omap_hwmod: debugss: _wait_target_disable failed
omap4_sram_init:Unable to allocate sram needed to handle errata I688
omap4_sram_init:Unable to get sram pool needed to handle errata I688
edma 49000000.edma: Legacy memcpy is enabled, things might not work
backlight supply power not found, using dummy regulator
tps65910 0-002d: No interrupt support, no core IRQ
tps65910-rtc: probe of tps65910-rtc failed with error -22
backlight supply power not found, using dummy regulator
omap_hsmmc 48060000.mmc: omap_device: omap_device_enable() called from invalid state 1
omap_hsmmc 481d8000.mmc: omap_device: omap_device_enable() called from invalid state 1
mmc0: host does not support reading read-only switch, assuming write-enable
backlight supply power not found, using dummy regulator
backlight supply power not found, using dummy regulator
omap_hsmmc 481d8000.mmc: card claims to support voltages below defined range
mmc1: queuing unknown CIS tuple 0x91 (3 bytes)
FAT-fs (mmcblk0p3): Volume was not properly unmounted. Some data may be corrupt. Please run fsck.
FAT-fs (mmcblk0p1): Volume was not properly unmounted. Some data may be corrupt. Please run fsck.
=====
SUMMARY RESULT: BOOT: PASS: Hello World Board Booted Boot Log has:::: err=3 warn=20:
root@am335x-evm:/test# 
- 07:14:05 [INFO] Host: cat stderr.log
- 07:14:05 [INFO] Target: 
cat stderr.log
./test.sh: line 33:   564 Killed                  cp /dev/kmsg $TMPF
root@am335x-evm:/test# 
- 07:14:05 [INFO] Host: cat result.log
- 07:14:07 [ERROR] On command: cat result.log waiting for cat result.log.+?(?m-ix:^1[\0\n\r]+) >>> error: execution expired
- 07:14:07 [INFO] Target: 
cat result.log
root@am335x-evm:/test# 
- 07:14:07 [INFO] Host: cd /test
- 07:14:08 [INFO] Target: 
cd /test
root@am335x-evm:/test# 
URL:gtsystest.telogy.design.ti.com/vatf/tigitfarm04/tigitfarm04_vatf@am335x-sk1/tigitfarm0412_11_2015_07_12_54/files/session_iteration_1/test_1
