- 10:15:09 [INFO] Starting target session
- 10:15:09 [INFO] Connected to am335x-evm via serial 
- 10:15:09 [INFO] Host: #check prompt
- 10:15:12 [ERROR] On command: #check prompt waiting for #check prompt.+?(?-mix:((?-mix:login:)|[Pp]assword)) >>> error: execution expired
- 10:15:12 [INFO] Target: 
#check prompt
root@am335x-evm:/test# 
- 10:15:12 [INFO] Host: #check prompt
- 10:15:12 [INFO] Target: 
#check prompt
root@am335x-evm:/test# 
- 10:15:12 [INFO] Host: sync;poweroff
- 10:15:25 [INFO] Target: 
sync;poweroff
Broadcast message from root@am335x-evm (ttyO0) (Mon Feb  8 22:01:03 2016):
The system is going down for system halt NOW!
INIT: Switching 
INIT: root@am335x-evm:/test# Sending processes the TERM signal
UIM SYSFS Node Not Found
Stopping Dropbear SSH server: stopped /usr/sbin/dropbear (pid 721)
dropbear.
Stopping telnet daemon.
Stopping system message bus: dbus.
hwclock: can't open '/dev/misc/rtc': No such file or directory
Error opening /dev/fb0: No such file or directory
Stopping syslogd/klogd: stopped syslogd (pid 748)
stopped klogd (pid 751)
done
Stopping thttpd.
Stopping Weston
stopping statd: done
ALSA: Storing mixer settings...
/usr/sbin/alsactl: save_state:1590: No soundcards found...
Stopping rpcbind daemon...
done.
Stopping Lighttpd Web Server: stopped /usr/sbin/lighttpd (pid 760)
lighttpd.
Deconfiguring network interfaces... done.
Stopping Matrix GUI applicationstart-stop-daemon: warning: killing process 766: No such process
Disabling thermal zones...
/etc/rc0.d/K98thermal-zone-init: line 13: /sys/class/thermal/thermal_zone*/mode: No such file or directory
***************************************************************
***************************************************************
NOTICE: This file system contains the followin GPLv3 packages:
	autoconf
	binutils
	cpp-symlinks
	cpp
	g++-symlinks
	g++
	gcc-symlinks
	gcc
	gdbserver
	gstreamer1.0-libav
	libgmp10
	libmpc3
	libmpfr4
	make
If you do not wish to distribute GPLv3 components please remove
the above packages prior to distribution.  This can be done using
the opkg remove command.  i.e.:
    opkg remove <package>
Where <package> is the name printed in the list above
NOTE: If the package is a dependency of another package you
      will be notified of the dependent packages.  You should
      use the --force-removal-of-dependent-packages option to
      also remove the dependent packages as well
***************************************************************
***************************************************************
Sending all processes the TERM signal...
Sending all processes the KILL signal...
Unmounting remote filesystems...
Deactivating swap...
Unmounting local filesystems...
[ 2551.211709] EXT4-fs (mmcblk0p2): re-mounted. Opts: data=ordered
[ 2553.646590] reboot: System halted
- 10:15:25 [INFO] Disconnected serial from am335x-evm
- 10:15:26 [INFO] Connected to am335x-evm via serial 
- 10:15:26 [INFO] Host: 
- 10:15:28 [INFO] Target: 
U-Boot SPL 2014.07-gfb6ab76 (Jul 08 2015 - 22:22:31)
reading args
spl_load_image_fat_os: error reading image args, err - -1
reading u-boot.img
reading u-boot.img
U-Boot 2014.07-gfb6ab76 (Jul 08 2015 - 22:22:31)
I2C:   ready
DRAM:  1 GiB
NAND:  256 MiB
MMC:   OMAP SD/MMC: 0, OMAP SD/MMC: 1
reading uboot.env
** Unable to read "uboot.env" from mmc0:1 **
Using default environment
Net:   <ethaddr> not set. Validating first E-fuse MAC
cpsw, usb_ether
Hit any key to stop autoboot:  1  0 
U-Boot# 
U-Boot# 
U-Boot# 
U-Boot# 
U-Boot# 
U-Boot# 
U-Boot# 
U-Boot# 
- 10:15:28 [INFO] Host: 
- 10:15:28 [INFO] Target: 
U-Boot# 
U-Boot# 
U-Boot# 
- 10:15:28 [INFO] Host: version
- 10:15:28 [INFO] Target: 
version
U-Boot 2014.07-gfb6ab76 (Jul 08 2015 - 22:22:31)
arm-linux-gnueabihf-gcc (crosstool-NG linaro-1.13.1-4.7-2013.03-20130313 - Linaro GCC 2013.03) 4.7.3 20130226 (prerelease)
GNU ld (crosstool-NG linaro-1.13.1-4.7-2013.03-20130313 - Linaro GCC 2013.03) 2.23.1
U-Boot# 
- 10:15:28 [INFO] Host: setenv bootargs 'console=ttyO0,115200n8 earlyprintk rootwait  '
- 10:15:28 [INFO] Target: 
setenv bootargs 'console=ttyO0,115200n8 earlyprintk rootwait  '
U-Boot# 
- 10:15:28 [INFO] Host: setenv bootcmd  ''
- 10:15:28 [INFO] Target: 
setenv bootcmd  ''
U-Boot# 
- 10:15:28 [INFO] Host: setenv autoload 'no'
- 10:15:28 [INFO] Target: 
setenv autoload 'no'
U-Boot# 
- 10:15:28 [INFO] Host: setenv serverip '192.168.0.1'
- 10:15:28 [INFO] Target: 
setenv serverip '192.168.0.1'
U-Boot# 
- 10:15:28 [INFO] Host: printenv
- 10:15:29 [INFO] Target: 
printenv
arch=arm
autoload=no
baudrate=115200
board=am335x
board_name=A33515BB
board_rev=1.6A
boot_fdt=try
bootargs=console=ttyO0,115200n8 earlyprintk rootwait  
bootcmd=
bootcount=1
bootdelay=1
bootdir=/boot
bootenv=uEnv.txt
bootfile=zImage
bootm_size=0x10000000
bootpart=0:2
console=ttyO0,115200n8
cpu=armv7
dfu_alt_info_emmc=rawemmc raw 0 3751936;boot part 1 1;rootfs part 1 2;MLO fat 1 1;MLO.raw raw 0x100 0x100;u-boot.img.raw raw 0x300 0x400;spl-os-args.raw raw 0x80 0x80;spl-os-image.raw raw 0x900 0x2000;spl-os-args fat 1 1;spl-os-image fat 1 1;u-boot.img fat 1 1;uEnv.txt fat 1 1
dfu_alt_info_mmc=boot part 0 1;rootfs part 0 2;MLO fat 0 1;MLO.raw raw 0x100 0x100;u-boot.img.raw raw 0x300 0x400;spl-os-args.raw raw 0x80 0x80;spl-os-image.raw raw 0x900 0x2000;spl-os-args fat 0 1;spl-os-image fat 0 1;u-boot.img fat 0 1;uEnv.txt fat 0 1
dfu_alt_info_nand=SPL part 0 1;SPL.backup1 part 0 2;SPL.backup2 part 0 3;SPL.backup3 part 0 4;u-boot part 0 5;u-boot-spl-os part 0 6;kernel part 0 8;rootfs part 0 9
dfu_alt_info_ram=kernel ram 0x80200000 0xD80000;fdt ram 0x80F80000 0x80000;ramdisk ram 0x81000000 0x4000000
eth1addr=d0:ff:50:56:df:fc
ethact=cpsw
ethaddr=d0:ff:50:56:df:fa
fdt_addr_r=0x88000000
fdtaddr=0x88000000
fdtfile=undefined
findfdt=if test $board_name = A335BONE; then setenv fdtfile am335x-bone.dtb; fi; if test $board_name = A335BNLT; then setenv fdtfile am335x-boneblack.dtb; fi; if test $board_name = A33515BB; then setenv fdtfile am335x-evm.dtb; fi; if test $board_name = A335X_SK; then setenv fdtfile am335x-evmsk.dtb; fi; if test $fdtfile = undefined; then echo WARNING: Could not determine device tree to use; fi; 
importbootenv=echo Importing environment from mmc ...; env import -t -r $loadaddr $filesize
kernel_addr_r=0x82000000
loadaddr=0x82000000
loadbootenv=load mmc ${mmcdev} ${loadaddr} ${bootenv}
loadfdt=load mmc ${bootpart} ${fdtaddr} ${bootdir}/${fdtfile}
loadimage=load mmc ${bootpart} ${loadaddr} ${bootdir}/${bootfile}
loadramdisk=load mmc ${mmcdev} ${rdaddr} ramdisk.gz
mmcargs=setenv bootargs console=${console} ${optargs} root=${mmcroot} rootfstype=${mmcrootfstype}
mmcboot=mmc dev ${mmcdev}; if mmc rescan; then echo SD/MMC found on device ${mmcdev};if run loadbootenv; then echo Loaded environment from ${bootenv};run importbootenv;fi;if test -n $uenvcmd; then echo Running uenvcmd ...;run uenvcmd;fi;if run loadimage; then run mmcloados;fi;fi;
mmcdev=0
mmcloados=run mmcargs; if test ${boot_fdt} = yes || test ${boot_fdt} = try; then if run loadfdt; then bootz ${loadaddr} - ${fdtaddr}; else if test ${boot_fdt} = try; then bootz; else echo WARN: Cannot load the DT; fi; fi; else bootz; fi;
mmcroot=/dev/mmcblk0p2 ro
mmcrootfstype=ext4 rootwait
mtdids=nand0=nand.0
mtdparts=mtdparts=nand.0:128k(NAND.SPL),128k(NAND.SPL.backup1),128k(NAND.SPL.backup2),128k(NAND.SPL.backup3),256k(NAND.u-boot-spl-os),1m(NAND.u-boot),128k(NAND.u-boot-env),128k(NAND.u-boot-env.backup1),8m(NAND.kernel),-(NAND.file-system)
nandargs=setenv bootargs console=${console} ${optargs} root=${nandroot} rootfstype=${nandrootfstype}
nandboot=echo Booting from nand ...; run nandargs; nand read ${fdtaddr} NAND.u-boot-spl-os; nand read ${loadaddr} NAND.kernel; bootz ${loadaddr} - ${fdtaddr}
nandroot=ubi0:rootfs rw ubi.mtd=NAND.file-system,2048
nandrootfstype=ubifs rootwait=1
netargs=setenv bootargs console=${console} ${optargs} root=/dev/nfs nfsroot=${serverip}:${rootpath},${nfsopts} rw ip=dhcp
netboot=echo Booting from network ...; setenv autoload no; dhcp; tftp ${loadaddr} ${bootfile}; tftp ${fdtaddr} ${fdtfile}; run netargs; bootz ${loadaddr} - ${fdtaddr}
nfsopts=nolock
partitions=uuid_disk=${uuid_gpt_disk};name=rootfs,start=2MiB,size=-,uuid=${uuid_gpt_rootfs}
ramargs=setenv bootargs console=${console} ${optargs} root=${ramroot} rootfstype=${ramrootfstype}
ramboot=echo Booting from ramdisk ...; run ramargs; bootz ${loadaddr} ${rdaddr} ${fdtaddr}
ramdisk_addr_r=0x88080000
ramroot=/dev/ram0 rw
ramrootfstype=ext2
rdaddr=0x88080000
rootpath=/export/rootfs
serverip=192.168.0.1
soc=am33xx
spiargs=setenv bootargs console=${console} ${optargs} root=${spiroot} rootfstype=${spirootfstype}
spiboot=echo Booting from spi ...; run spiargs; sf probe ${spibusno}:0; sf read ${loadaddr} ${spisrcaddr} ${spiimgsize}; bootz ${loadaddr}
spibusno=0
spiimgsize=0x362000
spiroot=/dev/mtdblock4 rw
spirootfstype=jffs2
spisrcaddr=0xe0000
static_ip=${ipaddr}:${serverip}:${gatewayip}:${netmask}:${hostname}::off
stderr=serial
stdin=serial
stdout=serial
usbnet_devaddr=d0:ff:50:56:df:fc
vendor=ti
ver=U-Boot 2014.07-gfb6ab76 (Jul 08 2015 - 22:22:31)
Environment size: 4703/131068 bytes
U-Boot# 
- 10:15:29 [INFO] Host: setenv _initramfs -
- 10:15:29 [INFO] Target: 
setenv _initramfs -
U-Boot# 
- 10:15:29 [INFO] Host: printenv
- 10:15:29 [INFO] Target: 
printenv
_initramfs=-
arch=arm
autoload=no
baudrate=115200
board=am335x
board_name=A33515BB
board_rev=1.6A
boot_fdt=try
bootargs=console=ttyO0,115200n8 earlyprintk rootwait  
bootcmd=
bootcount=1
bootdelay=1
bootdir=/boot
bootenv=uEnv.txt
bootfile=zImage
bootm_size=0x10000000
bootpart=0:2
console=ttyO0,115200n8
cpu=armv7
dfu_alt_info_emmc=rawemmc raw 0 3751936;boot part 1 1;rootfs part 1 2;MLO fat 1 1;MLO.raw raw 0x100 0x100;u-boot.img.raw raw 0x300 0x400;spl-os-args.raw raw 0x80 0x80;spl-os-image.raw raw 0x900 0x2000;spl-os-args fat 1 1;spl-os-image fat 1 1;u-boot.img fat 1 1;uEnv.txt fat 1 1
dfu_alt_info_mmc=boot part 0 1;rootfs part 0 2;MLO fat 0 1;MLO.raw raw 0x100 0x100;u-boot.img.raw raw 0x300 0x400;spl-os-args.raw raw 0x80 0x80;spl-os-image.raw raw 0x900 0x2000;spl-os-args fat 0 1;spl-os-image fat 0 1;u-boot.img fat 0 1;uEnv.txt fat 0 1
dfu_alt_info_nand=SPL part 0 1;SPL.backup1 part 0 2;SPL.backup2 part 0 3;SPL.backup3 part 0 4;u-boot part 0 5;u-boot-spl-os part 0 6;kernel part 0 8;rootfs part 0 9
dfu_alt_info_ram=kernel ram 0x80200000 0xD80000;fdt ram 0x80F80000 0x80000;ramdisk ram 0x81000000 0x4000000
eth1addr=d0:ff:50:56:df:fc
ethact=cpsw
ethaddr=d0:ff:50:56:df:fa
fdt_addr_r=0x88000000
fdtaddr=0x88000000
fdtfile=undefined
findfdt=if test $board_name = A335BONE; then setenv fdtfile am335x-bone.dtb; fi; if test $board_name = A335BNLT; then setenv fdtfile am335x-boneblack.dtb; fi; if test $board_name = A33515BB; then setenv fdtfile am335x-evm.dtb; fi; if test $board_name = A335X_SK; then setenv fdtfile am335x-evmsk.dtb; fi; if test $fdtfile = undefined; then echo WARNING: Could not determine device tree to use; fi; 
importbootenv=echo Importing environment from mmc ...; env import -t -r $loadaddr $filesize
kernel_addr_r=0x82000000
loadaddr=0x82000000
loadbootenv=load mmc ${mmcdev} ${loadaddr} ${bootenv}
loadfdt=load mmc ${bootpart} ${fdtaddr} ${bootdir}/${fdtfile}
loadimage=load mmc ${bootpart} ${loadaddr} ${bootdir}/${bootfile}
loadramdisk=load mmc ${mmcdev} ${rdaddr} ramdisk.gz
mmcargs=setenv bootargs console=${console} ${optargs} root=${mmcroot} rootfstype=${mmcrootfstype}
mmcboot=mmc dev ${mmcdev}; if mmc rescan; then echo SD/MMC found on device ${mmcdev};if run loadbootenv; then echo Loaded environment from ${bootenv};run importbootenv;fi;if test -n $uenvcmd; then echo Running uenvcmd ...;run uenvcmd;fi;if run loadimage; then run mmcloados;fi;fi;
mmcdev=0
mmcloados=run mmcargs; if test ${boot_fdt} = yes || test ${boot_fdt} = try; then if run loadfdt; then bootz ${loadaddr} - ${fdtaddr}; else if test ${boot_fdt} = try; then bootz; else echo WARN: Cannot load the DT; fi; fi; else bootz; fi;
mmcroot=/dev/mmcblk0p2 ro
mmcrootfstype=ext4 rootwait
mtdids=nand0=nand.0
mtdparts=mtdparts=nand.0:128k(NAND.SPL),128k(NAND.SPL.backup1),128k(NAND.SPL.backup2),128k(NAND.SPL.backup3),256k(NAND.u-boot-spl-os),1m(NAND.u-boot),128k(NAND.u-boot-env),128k(NAND.u-boot-env.backup1),8m(NAND.kernel),-(NAND.file-system)
nandargs=setenv bootargs console=${console} ${optargs} root=${nandroot} rootfstype=${nandrootfstype}
nandboot=echo Booting from nand ...; run nandargs; nand read ${fdtaddr} NAND.u-boot-spl-os; nand read ${loadaddr} NAND.kernel; bootz ${loadaddr} - ${fdtaddr}
nandroot=ubi0:rootfs rw ubi.mtd=NAND.file-system,2048
nandrootfstype=ubifs rootwait=1
netargs=setenv bootargs console=${console} ${optargs} root=/dev/nfs nfsroot=${serverip}:${rootpath},${nfsopts} rw ip=dhcp
netboot=echo Booting from network ...; setenv autoload no; dhcp; tftp ${loadaddr} ${bootfile}; tftp ${fdtaddr} ${fdtfile}; run netargs; bootz ${loadaddr} - ${fdtaddr}
nfsopts=nolock
partitions=uuid_disk=${uuid_gpt_disk};name=rootfs,start=2MiB,size=-,uuid=${uuid_gpt_rootfs}
ramargs=setenv bootargs console=${console} ${optargs} root=${ramroot} rootfstype=${ramrootfstype}
ramboot=echo Booting from ramdisk ...; run ramargs; bootz ${loadaddr} ${rdaddr} ${fdtaddr}
ramdisk_addr_r=0x88080000
ramroot=/dev/ram0 rw
ramrootfstype=ext2
rdaddr=0x88080000
rootpath=/export/rootfs
serverip=192.168.0.1
soc=am33xx
spiargs=setenv bootargs console=${console} ${optargs} root=${spiroot} rootfstype=${spirootfstype}
spiboot=echo Booting from spi ...; run spiargs; sf probe ${spibusno}:0; sf read ${loadaddr} ${spisrcaddr} ${spiimgsize}; bootz ${loadaddr}
spibusno=0
spiimgsize=0x362000
spiroot=/dev/mtdblock4 rw
spirootfstype=jffs2
spisrcaddr=0xe0000
static_ip=${ipaddr}:${serverip}:${gatewayip}:${netmask}:${hostname}::off
stderr=serial
stdin=serial
stdout=serial
usbnet_devaddr=d0:ff:50:56:df:fc
vendor=ti
ver=U-Boot 2014.07-gfb6ab76 (Jul 08 2015 - 22:22:31)
Environment size: 4718/131068 bytes
U-Boot# 
- 10:15:29 [INFO] Host: setenv bootargs ''${bootargs}' ip=:::::eth0:dhcp '
- 10:15:29 [INFO] Target: 
setenv bootargs ''${bootargs}' ip=:::::eth0:dhcp '
U-Boot# 
- 10:15:29 [INFO] Host: setenv serverip '192.168.0.1'
- 10:15:30 [INFO] Target: 
setenv serverip '192.168.0.1'
U-Boot# 
- 10:15:30 [INFO] Host: setenv autoload 'no'
- 10:15:30 [INFO] Target: 
setenv autoload 'no'
U-Boot# 
- 10:15:30 [INFO] Host: dhcp
- 10:15:34 [INFO] Target: 
dhcp
cpsw Waiting for PHY auto negotiation to complete. done
link up on port 0, speed 1000, full duplex
BOOTP broadcast 1
BOOTP broadcast 2
DHCP client bound to address 192.168.0.223
U-Boot# 
- 10:15:34 [INFO] Host: tftp ${loadaddr} 192.168.0.1:vatf_am335x-evm/e61c465c366d9115877e39ee2722ed90
- 10:15:35 [INFO] Target: 
tftp ${loadaddr} 192.168.0.1:vatf_am335x-evm/e61c465c366d9115877e39ee2722ed90
link up on port 0, speed 1000, full duplex
Using cpsw device
TFTP from server 192.168.0.1; our IP address is 192.168.0.223
Filename 'vatf_am335x-evm/e61c465c366d9115877e39ee2722ed90'.
Load address: 0x82000000
Loading: *#################################################################
	 #################################################################
	 #################################################################
	 #################################################################
	 #################################################################
	 #################################################################
	 #################################################################
	 #####
	 9.4 MiB/s
done
Bytes transferred = 6748432 (66f910 hex)
U-Boot# 
- 10:15:35 [INFO] Host: tftp ${fdtaddr} 192.168.0.1:vatf_am335x-evm/6b4afd7748463dec654ae04d96fa5a28
- 10:15:35 [INFO] Target: 
tftp ${fdtaddr} 192.168.0.1:vatf_am335x-evm/6b4afd7748463dec654ae04d96fa5a28
link up on port 0, speed 1000, full duplex
Using cpsw device
TFTP from server 192.168.0.1; our IP address is 192.168.0.223
Filename 'vatf_am335x-evm/6b4afd7748463dec654ae04d96fa5a28'.
Load address: 0x88000000
Loading: *###
	 6.1 MiB/s
done
Bytes transferred = 38587 (96bb hex)
U-Boot# 
- 10:15:35 [INFO] Host: ls mmc 0:1
- 10:15:35 [INFO] Target: 
ls mmc 0:1
    77232   mlo 
   446472   u-boot.img 
        4   ws-calibrate.rules 
        0   pointercal 
       13   .ipaddr 
5 file(s), 0 dir(s)
U-Boot# 
- 10:15:35 [INFO] Host: ls mmc 0:2
- 10:15:35 [INFO] Target: 
ls mmc 0:2
<DIR>       4096 .
<DIR>       4096 ..
<DIR>       4096 include
<DIR>       4096 srv
<DIR>       4096 home
<DIR>       4096 media
<DIR>       4096 opt
<DIR>       4096 var
<DIR>       4096 sys
<DIR>       4096 boot
<DIR>       4096 dev
<DIR>       4096 usr
<DIR>       4096 bin
<DIR>       4096 mnt
<DIR>       4096 etc
<DIR>       4096 sbin
<DIR>       4096 www
<SYM>          8 tmp
<DIR>       4096 proc
<DIR>       4096 run
<DIR>       4096 lib
<DIR>       4096 .qws
<DIR>       4096 test
U-Boot# 
- 10:15:35 [INFO] Host: part uuid mmc 0:2
- 10:15:35 [INFO] Target: 
part uuid mmc 0:2
00000000-02
U-Boot# 
- 10:15:35 [INFO] Host: printenv
- 10:15:36 [INFO] Target: 
printenv
_initramfs=-
arch=arm
autoload=no
baudrate=115200
board=am335x
board_name=A33515BB
board_rev=1.6A
boot_fdt=try
bootargs=console=ttyO0,115200n8 earlyprintk rootwait   ip=:::::eth0:dhcp 
bootcmd=
bootcount=1
bootdelay=1
bootdir=/boot
bootenv=uEnv.txt
bootfile=zImage
bootm_size=0x10000000
bootpart=0:2
console=ttyO0,115200n8
cpu=armv7
dfu_alt_info_emmc=rawemmc raw 0 3751936;boot part 1 1;rootfs part 1 2;MLO fat 1 1;MLO.raw raw 0x100 0x100;u-boot.img.raw raw 0x300 0x400;spl-os-args.raw raw 0x80 0x80;spl-os-image.raw raw 0x900 0x2000;spl-os-args fat 1 1;spl-os-image fat 1 1;u-boot.img fat 1 1;uEnv.txt fat 1 1
dfu_alt_info_mmc=boot part 0 1;rootfs part 0 2;MLO fat 0 1;MLO.raw raw 0x100 0x100;u-boot.img.raw raw 0x300 0x400;spl-os-args.raw raw 0x80 0x80;spl-os-image.raw raw 0x900 0x2000;spl-os-args fat 0 1;spl-os-image fat 0 1;u-boot.img fat 0 1;uEnv.txt fat 0 1
dfu_alt_info_nand=SPL part 0 1;SPL.backup1 part 0 2;SPL.backup2 part 0 3;SPL.backup3 part 0 4;u-boot part 0 5;u-boot-spl-os part 0 6;kernel part 0 8;rootfs part 0 9
dfu_alt_info_ram=kernel ram 0x80200000 0xD80000;fdt ram 0x80F80000 0x80000;ramdisk ram 0x81000000 0x4000000
dnsip=192.0.2.2
dnsip2=192.0.2.3
eth1addr=d0:ff:50:56:df:fc
ethact=cpsw
ethaddr=d0:ff:50:56:df:fa
fdt_addr_r=0x88000000
fdtaddr=0x88000000
fdtfile=undefined
fileaddr=88000000
filesize=96bb
findfdt=if test $board_name = A335BONE; then setenv fdtfile am335x-bone.dtb; fi; if test $board_name = A335BNLT; then setenv fdtfile am335x-boneblack.dtb; fi; if test $board_name = A33515BB; then setenv fdtfile am335x-evm.dtb; fi; if test $board_name = A335X_SK; then setenv fdtfile am335x-evmsk.dtb; fi; if test $fdtfile = undefined; then echo WARNING: Could not determine device tree to use; fi; 
gatewayip=192.168.0.1
importbootenv=echo Importing environment from mmc ...; env import -t -r $loadaddr $filesize
ipaddr=192.168.0.223
kernel_addr_r=0x82000000
loadaddr=0x82000000
loadbootenv=load mmc ${mmcdev} ${loadaddr} ${bootenv}
loadfdt=load mmc ${bootpart} ${fdtaddr} ${bootdir}/${fdtfile}
loadimage=load mmc ${bootpart} ${loadaddr} ${bootdir}/${bootfile}
loadramdisk=load mmc ${mmcdev} ${rdaddr} ramdisk.gz
mmcargs=setenv bootargs console=${console} ${optargs} root=${mmcroot} rootfstype=${mmcrootfstype}
mmcboot=mmc dev ${mmcdev}; if mmc rescan; then echo SD/MMC found on device ${mmcdev};if run loadbootenv; then echo Loaded environment from ${bootenv};run importbootenv;fi;if test -n $uenvcmd; then echo Running uenvcmd ...;run uenvcmd;fi;if run loadimage; then run mmcloados;fi;fi;
mmcdev=0
mmcloados=run mmcargs; if test ${boot_fdt} = yes || test ${boot_fdt} = try; then if run loadfdt; then bootz ${loadaddr} - ${fdtaddr}; else if test ${boot_fdt} = try; then bootz; else echo WARN: Cannot load the DT; fi; fi; else bootz; fi;
mmcroot=/dev/mmcblk0p2 ro
mmcrootfstype=ext4 rootwait
mtdids=nand0=nand.0
mtdparts=mtdparts=nand.0:128k(NAND.SPL),128k(NAND.SPL.backup1),128k(NAND.SPL.backup2),128k(NAND.SPL.backup3),256k(NAND.u-boot-spl-os),1m(NAND.u-boot),128k(NAND.u-boot-env),128k(NAND.u-boot-env.backup1),8m(NAND.kernel),-(NAND.file-system)
nandargs=setenv bootargs console=${console} ${optargs} root=${nandroot} rootfstype=${nandrootfstype}
nandboot=echo Booting from nand ...; run nandargs; nand read ${fdtaddr} NAND.u-boot-spl-os; nand read ${loadaddr} NAND.kernel; bootz ${loadaddr} - ${fdtaddr}
nandroot=ubi0:rootfs rw ubi.mtd=NAND.file-system,2048
nandrootfstype=ubifs rootwait=1
netargs=setenv bootargs console=${console} ${optargs} root=/dev/nfs nfsroot=${serverip}:${rootpath},${nfsopts} rw ip=dhcp
netboot=echo Booting from network ...; setenv autoload no; dhcp; tftp ${loadaddr} ${bootfile}; tftp ${fdtaddr} ${fdtfile}; run netargs; bootz ${loadaddr} - ${fdtaddr}
netmask=255.255.255.0
nfsopts=nolock
partitions=uuid_disk=${uuid_gpt_disk};name=rootfs,start=2MiB,size=-,uuid=${uuid_gpt_rootfs}
ramargs=setenv bootargs console=${console} ${optargs} root=${ramroot} rootfstype=${ramrootfstype}
ramboot=echo Booting from ramdisk ...; run ramargs; bootz ${loadaddr} ${rdaddr} ${fdtaddr}
ramdisk_addr_r=0x88080000
ramroot=/dev/ram0 rw
ramrootfstype=ext2
rdaddr=0x88080000
rootpath=/export/rootfs
serverip=192.168.0.1
soc=am33xx
spiargs=setenv bootargs console=${console} ${optargs} root=${spiroot} rootfstype=${spirootfstype}
spiboot=echo Booting from spi ...; run spiargs; sf probe ${spibusno}:0; sf read ${loadaddr} ${spisrcaddr} ${spiimgsize}; bootz ${loadaddr}
spibusno=0
spiimgsize=0x362000
spiroot=/dev/mtdblock4 rw
spirootfstype=jffs2
spisrcaddr=0xe0000
static_ip=${ipaddr}:${serverip}:${gatewayip}:${netmask}:${hostname}::off
stderr=serial
stdin=serial
stdout=serial
usbnet_devaddr=d0:ff:50:56:df:fc
vendor=ti
ver=U-Boot 2014.07-gfb6ab76 (Jul 08 2015 - 22:22:31)
Environment size: 4881/131068 bytes
U-Boot# 
- 10:15:36 [INFO] Host: setenv bootargs ''${bootargs}' root=PARTUUID=00000000-02 rw rootfstype=ext4 rootwait '
- 10:15:36 [INFO] Target: 
setenv bootargs ''${bootargs}' root=PARTUUID=00000000-02 rw rootfstype=ext4 rootwait '
U-Boot# 
- 10:15:36 [INFO] Host: printenv
- 10:15:37 [INFO] Target: 
printenv
_initramfs=-
arch=arm
autoload=no
baudrate=115200
board=am335x
board_name=A33515BB
board_rev=1.6A
boot_fdt=try
bootargs=console=ttyO0,115200n8 earlyprintk rootwait   ip=:::::eth0:dhcp  root=PARTUUID=00000000-02 rw rootfstype=ext4 rootwait 
bootcmd=
bootcount=1
bootdelay=1
bootdir=/boot
bootenv=uEnv.txt
bootfile=zImage
bootm_size=0x10000000
bootpart=0:2
console=ttyO0,115200n8
cpu=armv7
dfu_alt_info_emmc=rawemmc raw 0 3751936;boot part 1 1;rootfs part 1 2;MLO fat 1 1;MLO.raw raw 0x100 0x100;u-boot.img.raw raw 0x300 0x400;spl-os-args.raw raw 0x80 0x80;spl-os-image.raw raw 0x900 0x2000;spl-os-args fat 1 1;spl-os-image fat 1 1;u-boot.img fat 1 1;uEnv.txt fat 1 1
dfu_alt_info_mmc=boot part 0 1;rootfs part 0 2;MLO fat 0 1;MLO.raw raw 0x100 0x100;u-boot.img.raw raw 0x300 0x400;spl-os-args.raw raw 0x80 0x80;spl-os-image.raw raw 0x900 0x2000;spl-os-args fat 0 1;spl-os-image fat 0 1;u-boot.img fat 0 1;uEnv.txt fat 0 1
dfu_alt_info_nand=SPL part 0 1;SPL.backup1 part 0 2;SPL.backup2 part 0 3;SPL.backup3 part 0 4;u-boot part 0 5;u-boot-spl-os part 0 6;kernel part 0 8;rootfs part 0 9
dfu_alt_info_ram=kernel ram 0x80200000 0xD80000;fdt ram 0x80F80000 0x80000;ramdisk ram 0x81000000 0x4000000
dnsip=192.0.2.2
dnsip2=192.0.2.3
eth1addr=d0:ff:50:56:df:fc
ethact=cpsw
ethaddr=d0:ff:50:56:df:fa
fdt_addr_r=0x88000000
fdtaddr=0x88000000
fdtfile=undefined
fileaddr=88000000
filesize=96bb
findfdt=if test $board_name = A335BONE; then setenv fdtfile am335x-bone.dtb; fi; if test $board_name = A335BNLT; then setenv fdtfile am335x-boneblack.dtb; fi; if test $board_name = A33515BB; then setenv fdtfile am335x-evm.dtb; fi; if test $board_name = A335X_SK; then setenv fdtfile am335x-evmsk.dtb; fi; if test $fdtfile = undefined; then echo WARNING: Could not determine device tree to use; fi; 
gatewayip=192.168.0.1
importbootenv=echo Importing environment from mmc ...; env import -t -r $loadaddr $filesize
ipaddr=192.168.0.223
kernel_addr_r=0x82000000
loadaddr=0x82000000
loadbootenv=load mmc ${mmcdev} ${loadaddr} ${bootenv}
loadfdt=load mmc ${bootpart} ${fdtaddr} ${bootdir}/${fdtfile}
loadimage=load mmc ${bootpart} ${loadaddr} ${bootdir}/${bootfile}
loadramdisk=load mmc ${mmcdev} ${rdaddr} ramdisk.gz
mmcargs=setenv bootargs console=${console} ${optargs} root=${mmcroot} rootfstype=${mmcrootfstype}
mmcboot=mmc dev ${mmcdev}; if mmc rescan; then echo SD/MMC found on device ${mmcdev};if run loadbootenv; then echo Loaded environment from ${bootenv};run importbootenv;fi;if test -n $uenvcmd; then echo Running uenvcmd ...;run uenvcmd;fi;if run loadimage; then run mmcloados;fi;fi;
mmcdev=0
mmcloados=run mmcargs; if test ${boot_fdt} = yes || test ${boot_fdt} = try; then if run loadfdt; then bootz ${loadaddr} - ${fdtaddr}; else if test ${boot_fdt} = try; then bootz; else echo WARN: Cannot load the DT; fi; fi; else bootz; fi;
mmcroot=/dev/mmcblk0p2 ro
mmcrootfstype=ext4 rootwait
mtdids=nand0=nand.0
mtdparts=mtdparts=nand.0:128k(NAND.SPL),128k(NAND.SPL.backup1),128k(NAND.SPL.backup2),128k(NAND.SPL.backup3),256k(NAND.u-boot-spl-os),1m(NAND.u-boot),128k(NAND.u-boot-env),128k(NAND.u-boot-env.backup1),8m(NAND.kernel),-(NAND.file-system)
nandargs=setenv bootargs console=${console} ${optargs} root=${nandroot} rootfstype=${nandrootfstype}
nandboot=echo Booting from nand ...; run nandargs; nand read ${fdtaddr} NAND.u-boot-spl-os; nand read ${loadaddr} NAND.kernel; bootz ${loadaddr} - ${fdtaddr}
nandroot=ubi0:rootfs rw ubi.mtd=NAND.file-system,2048
nandrootfstype=ubifs rootwait=1
netargs=setenv bootargs console=${console} ${optargs} root=/dev/nfs nfsroot=${serverip}:${rootpath},${nfsopts} rw ip=dhcp
netboot=echo Booting from network ...; setenv autoload no; dhcp; tftp ${loadaddr} ${bootfile}; tftp ${fdtaddr} ${fdtfile}; run netargs; bootz ${loadaddr} - ${fdtaddr}
netmask=255.255.255.0
nfsopts=nolock
partitions=uuid_disk=${uuid_gpt_disk};name=rootfs,start=2MiB,size=-,uuid=${uuid_gpt_rootfs}
ramargs=setenv bootargs console=${console} ${optargs} root=${ramroot} rootfstype=${ramrootfstype}
ramboot=echo Booting from ramdisk ...; run ramargs; bootz ${loadaddr} ${rdaddr} ${fdtaddr}
ramdisk_addr_r=0x88080000
ramroot=/dev/ram0 rw
ramrootfstype=ext2
rdaddr=0x88080000
rootpath=/export/rootfs
serverip=192.168.0.1
soc=am33xx
spiargs=setenv bootargs console=${console} ${optargs} root=${spiroot} rootfstype=${spirootfstype}
spiboot=echo Booting from spi ...; run spiargs; sf probe ${spibusno}:0; sf read ${loadaddr} ${spisrcaddr} ${spiimgsize}; bootz ${loadaddr}
spibusno=0
spiimgsize=0x362000
spiroot=/dev/mtdblock4 rw
spirootfstype=jffs2
spisrcaddr=0xe0000
static_ip=${ipaddr}:${serverip}:${gatewayip}:${netmask}:${hostname}::off
stderr=serial
stdin=serial
stdout=serial
usbnet_devaddr=d0:ff:50:56:df:fc
vendor=ti
ver=U-Boot 2014.07-gfb6ab76 (Jul 08 2015 - 22:22:31)
Environment size: 4936/131068 bytes
U-Boot# 
- 10:15:37 [INFO] Host: setenv bootcmd ''${bootcmd}' if iminfo ${loadaddr}; then bootm ${loadaddr} ${_initramfs} ${fdtaddr}; else bootz ${loadaddr} ${_initramfs} ${fdtaddr}; bootm ${loadaddr} ${_initramfs} ${fdtaddr}; fi'
- 10:15:37 [INFO] Target: 
setenv bootcmd ''${bootcmd}' if iminfo ${loadaddr}; then bootm ${loadaddr} ${_initramfs} ${fdtaddr}; else bootz ${loadaddr} ${_initramfs} ${fdtaddr}; bootm ${loadaddr} ${_initramfs} ${fdtaddr}; fi'
U-Boot# 
- 10:15:37 [INFO] Host: version
- 10:15:37 [INFO] Target: 
version
U-Boot 2014.07-gfb6ab76 (Jul 08 2015 - 22:22:31)
arm-linux-gnueabihf-gcc (crosstool-NG linaro-1.13.1-4.7-2013.03-20130313 - Linaro GCC 2013.03) 4.7.3 20130226 (prerelease)
GNU ld (crosstool-NG linaro-1.13.1-4.7-2013.03-20130313 - Linaro GCC 2013.03) 2.23.1
U-Boot# 
- 10:15:37 [INFO] Host: bdinfo
- 10:15:37 [INFO] Target: 
bdinfo
arch_number = 0x00000E05
boot_params = 0x80000100
DRAM bank   = 0x00000000
-> start    = 0x80000000
-> size     = 0x40000000
eth0name    = cpsw
ethaddr     = d0:ff:50:56:df:fa
eth1name    = usb_ether
eth1addr    = d0:ff:50:56:df:fc
current eth = cpsw
ip_addr     = 192.168.0.223
baudrate    = 115200 bps
TLB addr    = 0xBFFF0000
relocaddr   = 0xBF741000
reloc off   = 0x3EF41000
irq_sp      = 0xBE720EE0
sp start    = 0xBE720ED0
U-Boot# 
- 10:15:37 [INFO] Host: mmc rescan; echo $?
- 10:15:37 [INFO] Target: 
mmc rescan; echo $?
U-Boot# 
- 10:15:37 [INFO] Host: fatwrite mmc 0:1 ${loadaddr} ws-calibrate.rules 4
- 10:15:37 [INFO] Target: 
fatwrite mmc 0:1 ${loadaddr} ws-calibrate.rules 4
writing ws-calibrate.rules
4 bytes written
U-Boot# 
- 10:15:37 [INFO] Host: boot
- 10:19:07 [ERROR] On command: boot waiting for boot.+?(?-mix:login:) >>> error: execution expired
- 10:19:07 [INFO] Target: 
boot
## Checking Image at 82000000 ...
Unknown image format!
Kernel image @ 0x82000000 [ 0x000000 - 0x66f910 ]
## Flattened Device Tree blob at 88000000
   Booting using the fdt blob at 0x88000000
   Loading Device Tree to 8fff3000, end 8ffff6ba ... OK
Starting kernel ...
[    0.000000] Booting Linux on physical CPU 0x0
[    0.000000] Linux version 4.5.0-rc3-next-20160211-00002-ge0e6b2a2e66b (nmenon@horus) (gcc version 4.9.3 20150413 (prerelease) (Linaro GCC 4.9-2015.05) ) #1 SMP Thu Feb 11 01:06:14 CST 2016
[    0.000000] CPU: ARMv7 Processor [413fc082] revision 2 (ARMv7), cr=10c5387d
[    0.000000] CPU: PIPT / VIPT nonaliasing data cache, VIPT aliasing instruction cache
[    0.000000] Machine model: TI AM335x EVM
[    0.000000] cma: Reserved 64 MiB at 0xbb800000
[    0.000000] Memory policy: Data cache writeback
[    0.000000] CPU: All CPU(s) started in SVC mode.
[    0.000000] AM335X ES2.1 (sgx neon )
[    0.000000] PERCPU: Embedded 13 pages/cpu @ef7c9000 s23040 r8192 d22016 u53248
[    0.000000] Built 1 zonelists in Zone order, mobility grouping on.  Total pages: 260096
[    0.000000] Kernel command line: console=ttyO0,115200n8 earlyprintk rootwait   ip=:::::eth0:dhcp  root=PARTUUID=00000000-02 rw rootfstype=ext4 rootwait 
[    0.000000] PID hash table entries: 4096 (order: 2, 16384 bytes)
[    0.000000] Dentry cache hash table entries: 131072 (order: 7, 524288 bytes)
[    0.000000] Inode-cache hash table entries: 65536 (order: 6, 262144 bytes)
[    0.000000] Memory: 953952K/1046528K available (9460K kernel code, 1053K rwdata, 4144K rodata, 2048K init, 341K bss, 27040K reserved, 65536K cma-reserved, 194560K highmem)
[    0.000000] Virtual kernel memory layout:
[    0.000000]     vector  : 0xffff0000 - 0xffff1000   (   4 kB)
[    0.000000]     fixmap  : 0xffc00000 - 0xfff00000   (3072 kB)
[    0.000000]     vmalloc : 0xf0800000 - 0xff800000   ( 240 MB)
[    0.000000]     lowmem  : 0xc0000000 - 0xf0000000   ( 768 MB)
[    0.000000]     pkmap   : 0xbfe00000 - 0xc0000000   (   2 MB)
[    0.000000]     modules : 0xbf000000 - 0xbfe00000   (  14 MB)
[    0.000000]       .text : 0xc0208000 - 0xc104909c   (14597 kB)
[    0.000000]       .init : 0xc1100000 - 0xc1300000   (2048 kB)
[    0.000000]       .data : 0xc1300000 - 0xc1407740   (1054 kB)
[    0.000000]        .bss : 0xc140a000 - 0xc145f5e0   ( 342 kB)
[    0.000000] SLUB: HWalign=64, Order=0-3, MinObjects=0, CPUs=1, Nodes=1
[    0.000000] Hierarchical RCU implementation.
[    0.000000] 	Build-time adjustment of leaf fanout to 32.
[    0.000000] 	RCU restricting CPUs from NR_CPUS=16 to nr_cpu_ids=1.
[    0.000000] RCU: Adjusting geometry for rcu_fanout_leaf=32, nr_cpu_ids=1
[    0.000000] NR_IRQS:16 nr_irqs:16 16
[    0.000000] IRQ: Found an INTC at 0xfa200000 (revision 5.0) with 128 interrupts
[    0.000000] OMAP clockevent source: timer2 at 24000000 Hz
[    0.000013] sched_clock: 32 bits at 24MHz, resolution 41ns, wraps every 89478484971ns
[    0.000031] clocksource: timer1: mask: 0xffffffff max_cycles: 0xffffffff, max_idle_ns: 79635851949 ns
[    0.000042] OMAP clocksource: timer1 at 24000000 Hz
[    0.000226] Console: colour dummy device 80x30
[    0.000264] Calibrating delay loop... 997.78 BogoMIPS (lpj=2494464)
[    0.054273] pid_max: default: 32768 minimum: 301
[    0.054406] Mount-cache hash table entries: 2048 (order: 1, 8192 bytes)
[    0.054416] Mountpoint-cache hash table entries: 2048 (order: 1, 8192 bytes)
[    0.055131] CPU: Testing write buffer coherency: ok
[    0.055495] CPU0: thread -1, cpu 0, socket -1, mpidr 0
[    0.055599] Setting up static identity map for 0x80300000 - 0x80300098
[    0.058848] Brought up 1 CPUs
[    0.058868] SMP: Total of 1 processors activated (997.78 BogoMIPS).
[    0.058875] CPU: All CPU(s) started in SVC mode.
[    0.060397] devtmpfs: initialized
[    0.071039] VFP support v0.3: implementor 41 architecture 3 part 30 variant c rev 3
[    0.071926] clocksource: jiffies: mask: 0xffffffff max_cycles: 0xffffffff, max_idle_ns: 9556302231375000 ns
[    0.076302] pinctrl core: initialized pinctrl subsystem
[    0.078634] NET: Registered protocol family 16
[    0.080921] DMA: preallocated 256 KiB pool for atomic coherent allocations
[    0.096836] omap_hwmod: debugss: _wait_target_disable failed
[    0.152831] cpuidle: using governor menu
[    0.158147] OMAP GPIO hardware version 0.1
[    0.167252] omap-gpmc 50000000.gpmc: could not find pctldev for node /ocp/l4_wkup@44c00000/scm@210000/pinmux@800/nandflash_pins_s0, deferring probe
[    0.170408] No ATAGs?
[    0.170435] hw-breakpoint: debug architecture 0x4 unsupported.
[    0.170943] omap4_sram_init:Unable to allocate sram needed to handle errata I688
[    0.170954] omap4_sram_init:Unable to get sram pool needed to handle errata I688
[    0.174819] Serial: AMBA PL011 UART driver
[    0.195185] edma 49000000.edma: TI EDMA DMA engine driver
[    0.199708] vgaarb: loaded
[    0.200843] SCSI subsystem initialized
[    0.201479] usbcore: registered new interface driver usbfs
[    0.201554] usbcore: registered new interface driver hub
[    0.201616] usbcore: registered new device driver usb
[    0.202389] omap_i2c 44e0b000.i2c: could not find pctldev for node /ocp/l4_wkup@44c00000/scm@210000/pinmux@800/pinmux_i2c0_pins, deferring probe
[    0.202438] omap_i2c 4802a000.i2c: could not find pctldev for node /ocp/l4_wkup@44c00000/scm@210000/pinmux@800/pinmux_i2c1_pins, deferring probe
[    0.203135] pps_core: LinuxPPS API ver. 1 registered
[    0.203146] pps_core: Software ver. 5.3.6 - Copyright 2005-2007 Rodolfo Giometti <giometti@linux.it>
[    0.203174] PTP clock support registered
[    0.203373] EDAC MC: Ver: 3.0.0
[    0.206318] clocksource: Switched to clocksource timer1
[    0.216974] NET: Registered protocol family 2
[    0.217634] TCP established hash table entries: 8192 (order: 3, 32768 bytes)
[    0.217721] TCP bind hash table entries: 8192 (order: 4, 65536 bytes)
[    0.217831] TCP: Hash tables configured (established 8192 bind 8192)
[    0.217940] UDP hash table entries: 512 (order: 2, 16384 bytes)
[    0.217969] UDP-Lite hash table entries: 512 (order: 2, 16384 bytes)
[    0.218153] NET: Registered protocol family 1
[    0.218590] RPC: Registered named UNIX socket transport module.
[    0.218605] RPC: Registered udp transport module.
[    0.218611] RPC: Registered tcp transport module.
[    0.218617] RPC: Registered tcp NFSv4.1 backchannel transport module.
[    0.219704] hw perfevents: enabled with armv7_cortex_a8 PMU driver, 5 counters available
[    0.221832] futex hash table entries: 256 (order: 2, 16384 bytes)
[    0.222989] workingset: timestamp_bits=28 max_order=18 bucket_order=0
[    0.234147] squashfs: version 4.0 (2009/01/31) Phillip Lougher
[    0.235296] NFS: Registering the id_resolver key type
[    0.235371] Key type id_resolver registered
[    0.235380] Key type id_legacy registered
[    0.235448] ntfs: driver 2.1.32 [Flags: R/O].
[    0.237197] bounce: pool size: 64 pages
[    0.237491] Block layer SCSI generic (bsg) driver version 0.4 loaded (major 249)
[    0.237513] io scheduler noop registered
[    0.237524] io scheduler deadline registered
[    0.237564] io scheduler cfq registered (default)
[    0.241799] pinctrl-single 44e10800.pinmux: 142 pins at pa f9e10800 size 568
[    0.249161] backlight supply power not found, using dummy regulator
[    0.311394] Serial: 8250/16550 driver, 4 ports, IRQ sharing disabled
[    0.314460] SuperH (H)SCI(F) driver initialized
[    0.315298] msm_serial: driver initialized
[    0.315621] omap_uart 44e09000.serial: no wakeirq for uart0
[    0.315805] 44e09000.serial: ttyO0 at MMIO 0x44e09000 (irq = 158, base_baud = 3000000) is a OMAP UART0
[    1.002403] console [ttyO0] enabled
[    1.006662] omap_uart 48022000.serial: no wakeirq for uart1
[    1.012673] 48022000.serial: ttyO1 at MMIO 0x48022000 (irq = 159, base_baud = 3000000) is a OMAP UART1
[    1.022943] STMicroelectronics ASC driver initialized
[    1.029959] [drm] Initialized drm 1.1.0 20060810
[    1.049707] brd: module loaded
[    1.059402] loop: module loaded
[    1.070305] libphy: Fixed MDIO Bus: probed
[    1.075502] CAN device driver interface
[    1.081107] igb: Intel(R) Gigabit Ethernet Network Driver - version 5.3.0-k
[    1.088453] igb: Copyright (c) 2007-2014 Intel Corporation.
[    1.151397] davinci_mdio 4a101000.mdio: davinci mdio revision 1.6
[    1.157838] davinci_mdio 4a101000.mdio: detected phy mask fffffffe
[    1.165336] libphy: 4a101000.mdio: probed
[    1.169636] davinci_mdio 4a101000.mdio: phy[0]: device 4a101000.mdio:00, driver Atheros 8031 ethernet
[    1.181021] cpsw 4a100000.ethernet: Detected MACID = d0:ff:50:56:df:fa
[    1.189456] pegasus: v0.9.3 (2013/04/25), Pegasus/Pegasus II USB Ethernet driver
[    1.197415] usbcore: registered new interface driver pegasus
[    1.203455] usbcore: registered new interface driver asix
[    1.209195] usbcore: registered new interface driver ax88179_178a
[    1.215651] usbcore: registered new interface driver cdc_ether
[    1.221866] usbcore: registered new interface driver smsc75xx
[    1.227977] usbcore: registered new interface driver smsc95xx
[    1.234066] usbcore: registered new interface driver net1080
[    1.240066] usbcore: registered new interface driver cdc_subset
[    1.246344] usbcore: registered new interface driver zaurus
[    1.252308] usbcore: registered new interface driver cdc_ncm
[    1.259993] ehci_hcd: USB 2.0 'Enhanced' Host Controller (EHCI) Driver
[    1.266927] ehci-pci: EHCI PCI platform driver
[    1.271675] ehci-platform: EHCI generic platform driver
[    1.277393] ehci-omap: OMAP-EHCI Host Controller driver
[    1.283045] ehci-orion: EHCI orion driver
[    1.287406] SPEAr-ehci: EHCI SPEAr driver
[    1.291763] ehci-st: EHCI STMicroelectronics driver
[    1.297028] ehci-exynos: EHCI EXYNOS driver
[    1.301578] ehci-atmel: EHCI Atmel driver
[    1.305902] tegra-ehci: Tegra EHCI driver
[    1.310271] ohci_hcd: USB 1.1 'Open' Host Controller (OHCI) Driver
[    1.316817] ohci-pci: OHCI PCI platform driver
[    1.321573] ohci-platform: OHCI generic platform driver
[    1.327245] ohci-omap3: OHCI OMAP3 driver
[    1.331629] SPEAr-ohci: OHCI SPEAr driver
[    1.335963] ohci-st: OHCI STMicroelectronics driver
[    1.341245] ohci-atmel: OHCI Atmel driver
[    1.345981] usbcore: registered new interface driver usb-storage
[    1.353970] mousedev: PS/2 mouse device common for all mice
[    1.363535] i2c /dev entries driver
[    1.375516] sdhci: Secure Digital Host Controller Interface driver
[    1.382094] sdhci: Copyright(c) Pierre Ossman
[    1.387805] omap_hsmmc 48060000.mmc: Got CD GPIO
[    1.497406] Synopsys Designware Multimedia Card Interface Driver
[    1.504750] sdhci-pltfm: SDHCI platform and OF driver helper
[    1.512539] ledtrig-cpu: registered to indicate activity on CPUs
[    1.519308] usbcore: registered new interface driver usbhid
[    1.525193] usbhid: USB HID core driver
[    1.533968] NET: Registered protocol family 10
[    1.540076] sit: IPv6 over IPv4 tunneling driver
[    1.545817] NET: Registered protocol family 17
[    1.550551] can: controller area network core (rev 20120528 abi 9)
[    1.557143] NET: Registered protocol family 29
[    1.561831] can: raw protocol (rev 20120528)
[    1.566328] can: broadcast manager protocol (rev 20120528 t)
[    1.572288] can: netlink gateway (rev 20130117) max_hops=1
[    1.578754] Key type dns_resolver registered
[    1.583568] omap_voltage_late_init: Voltage driver support not added
[    1.591499] ThumbEE CPU extension supported.
[    1.596009] Registering SWP/SWPB emulation handler
[    1.606770] omap-gpmc 50000000.gpmc: omap_device: omap_device_enable() called from invalid state 1
[    1.616238] omap-gpmc 50000000.gpmc: GPMC revision 6.0
[    1.621652] gpmc_mem_init: disabling cs 0 mapped at 0x0-0x1000000
[    1.646540] tps65910 0-002d: No interrupt support, no core IRQ
[    1.676935] tps65910-rtc tps65910-rtc: IRQ is not free.
[    1.682498] tps65910-rtc: probe of tps65910-rtc failed with error -22
[    1.690188] omap_i2c 44e0b000.i2c: bus 0 rev0.11 at 400 kHz
[    1.698526] omap_i2c 4802a000.i2c: bus 1 rev0.11 at 100 kHz
[    1.705316] backlight supply power not found, using dummy regulator
[    1.714837] omap_hsmmc 48060000.mmc: Got CD GPIO
[    1.720008] omap_hsmmc 48060000.mmc: omap_device: omap_device_enable() called from invalid state 1
[    1.729689] vmmc: supplied by vbat
[    1.762434] vdd_mpu: supplied by vbat
[    1.766842] Unable to handle kernel NULL pointer dereference at virtual address 00000030
[    1.775413] pgd = c0204000
[    1.778269] [00000030] *pgd=00000000
[    1.782044] Internal error: Oops: 5 [#1] SMP ARM
[    1.786884] Modules linked in:
[    1.790094] CPU: 0 PID: 6 Comm: kworker/u2:0 Not tainted 4.5.0-rc3-next-20160211-00002-ge0e6b2a2e66b #1
[    1.799942] Hardware name: Generic AM33XX (Flattened Device Tree)
[    1.806352] Workqueue: deferwq deferred_probe_work_func
[    1.811832] task: ee861a40 ti: ee87a000 task.ti: ee87a000
[    1.817505] PC is at regulator_is_supported_voltage+0x8/0xf0
[    1.823443] LR is at _opp_add+0x88/0x190
[    1.827554] pc : [<c06820f8>]    lr : [<c0771ae8>]    psr: 00000013
[    1.827554] sp : ee87bd00  ip : 00000000  fp : ee81bf00
[    1.839590] r10: ef7c9050  r9 : c144ebbc  r8 : 00000000
[    1.845066] r7 : 00133724  r6 : eedb8400  r5 : eedba100  r4 : eedb8498
[    1.851908] r3 : 00000000  r2 : 0013ffec  r1 : 00133724  r0 : 00000000
[    1.858752] Flags: nzcv  IRQs on  FIQs on  Mode SVC_32  ISA ARM  Segment none
[    1.866233] Control: 10c5387d  Table: 80204019  DAC: 00000051
[    1.872254] Process kworker/u2:0 (pid: 6, stack limit = 0xee87a220)
[    1.878824] Stack: (0xee87bd00 to 0xee87c000)
[    1.883395] bd00: eedb8498 eedba100 eedb8400 ef7c9050 00000000 c0771ae8 ef7d92b8 c0772db8
[    1.891973] bd20: ee87bd4c 000493e0 eedba100 ef7c9050 ee87bd4c eedba100 0013ffec 000afaf0
[    1.900551] bd40: 000c8c80 c077317c 60000013 eedb8400 2aea5400 cfff34c4 00000008 00000000
[    1.909128] bd60: c1302680 c0773614 00000000 00000000 00000000 eedba000 ee87bdc8 c09d3038
[    1.917705] bd80: c0ecc1f0 ef7c9050 00000000 00000000 c1302580 eeda0300 c1213590 c1302680
[    1.926282] bda0: c144ebbc eeda03b4 ee81bf00 c07739c8 fffffffe eeda0300 ef7d92b8 c097030c
[    1.934859] bdc0: c14075cf ef7c9050 eedba000 eedba0c0 ee036c38 c0406660 eeda0300 00000000
[    1.943436] bde0: 00000000 c1213590 c1302680 c144ebbc eeda03b4 c096d060 00000001 00003eb9
[    1.952013] be00: fffffdfb 00000000 ee87be34 c13bc2c4 c139d7e0 c13bc270 fffffdfb 00000000
[    1.960591] be20: 00000008 ee858c00 ee81bf00 c0761da0 fffffdfb ee81d95c ee8f8834 00000000
[    1.969169] be40: c1334208 c13bc714 c144ebbc c096be78 eed64a00 eed64a10 c13bc6cc c0970494
[    1.977747] be60: c13bc6cc ef7c9050 eedb5fc0 eedba080 eed64a10 c0764efc eed64a10 c1449fd0
[    1.986326] be80: c1449fd8 c13bc6cc 00000000 c076366c 00000000 ee87bec8 c07637dc 00000001
[    1.994903] bea0: 00000000 00000000 ee858c00 c0761a88 ee81d870 eed3cab8 eed64a10 eed64a44
[    2.003481] bec0: c139d760 c0763378 eed64a10 00000001 2e5ba000 eed64a10 eed64a10 c139d760
[    2.012058] bee0: eeda0000 c07629b4 eed64a10 c139d560 c139d580 c0762e44 ee81bf00 c139d594
[    2.020636] bf00: ee858c00 c03569b8 ee858c00 00000088 ee858c18 ee858c00 ee81bf18 00000088
[    2.029212] bf20: ee858c18 c1302100 ee87a000 ee858c00 ee81bf00 c0356c00 ee858d68 00000000
[    2.037789] bf40: c0356bc8 00000000 ee81f1c0 ee81bf00 c0356bc8 00000000 00000000 00000000
[    2.046365] bf60: 00000000 c035beac 00000000 00000000 00000001 ee81bf00 00000000 00000000
[    2.054943] bf80: ee87bf80 ee87bf80 00000000 00000000 ee87bf90 ee87bf90 ee87bfac ee81f1c0
[    2.063520] bfa0: c035bdd0 00000000 00000000 c0307db8 00000000 00000000 00000000 00000000
[    2.072096] bfc0: 00000000 00000000 00000000 00000000 00000000 00000000 00000000 00000000
[    2.080671] bfe0: 00000000 00000000 00000000 00000000 00000013 00000000 00000000 00000000
[    2.089266] [<c06820f8>] (regulator_is_supported_voltage) from [<c0771ae8>] (_opp_add+0x88/0x190)
[    2.098579] [<c0771ae8>] (_opp_add) from [<c077317c>] (_opp_add_v1+0x80/0xe0)
[    2.106065] [<c077317c>] (_opp_add_v1) from [<c0773614>] (dev_pm_opp_of_add_table+0x430/0x4e8)
[    2.115099] [<c0773614>] (dev_pm_opp_of_add_table) from [<c07739c8>] (dev_pm_opp_of_cpumask_add_table+0x34/0xc0)
[    2.125784] [<c07739c8>] (dev_pm_opp_of_cpumask_add_table) from [<c097030c>] (cpufreq_init+0x258/0x380)
[    2.135642] [<c097030c>] (cpufreq_init) from [<c096d060>] (cpufreq_online+0xbc/0x704)
[    2.143857] [<c096d060>] (cpufreq_online) from [<c0761da0>] (subsys_interface_register+0x94/0xd8)
[    2.153166] [<c0761da0>] (subsys_interface_register) from [<c096be78>] (cpufreq_register_driver+0x12c/0x198)
[    2.163473] [<c096be78>] (cpufreq_register_driver) from [<c0970494>] (dt_cpufreq_probe+0x60/0x8c)
[    2.172785] [<c0970494>] (dt_cpufreq_probe) from [<c0764efc>] (platform_drv_probe+0x4c/0xb0)
[    2.181637] [<c0764efc>] (platform_drv_probe) from [<c076366c>] (driver_probe_device+0x214/0x2c0)
[    2.190943] [<c076366c>] (driver_probe_device) from [<c0761a88>] (bus_for_each_drv+0x60/0x94)
[    2.199885] [<c0761a88>] (bus_for_each_drv) from [<c0763378>] (__device_attach+0xb0/0x114)
[    2.208554] [<c0763378>] (__device_attach) from [<c07629b4>] (bus_probe_device+0x84/0x8c)
[    2.217131] [<c07629b4>] (bus_probe_device) from [<c0762e44>] (deferred_probe_work_func+0x68/0x98)
[    2.226535] [<c0762e44>] (deferred_probe_work_func) from [<c03569b8>] (process_one_work+0x138/0x348)
[    2.236118] [<c03569b8>] (process_one_work) from [<c0356c00>] (worker_thread+0x38/0x518)
[    2.244610] [<c0356c00>] (worker_thread) from [<c035beac>] (kthread+0xdc/0xf4)
[    2.252196] [<c035beac>] (kthread) from [<c0307db8>] (ret_from_fork+0x14/0x3c)
[    2.259774] Code: e5940030 eafffff7 e92d41f0 e1a07001 (e5903030) 
[    2.266219] ---[ end trace 0868b8f8a486d1ad ]---
[    2.271162] Unable to handle kernel paging request at virtual address ffffffec
[    2.278735] pgd = c0204000
[    2.281568] [ffffffec] *pgd=afffd861, *pte=00000000, *ppte=00000000
[    2.288157] Internal error: Oops: 37 [#2] SMP ARM
[    2.293085] Modules linked in:
[    2.296292] CPU: 0 PID: 6 Comm: kworker/u2:0 Tainted: G      D         4.5.0-rc3-next-20160211-00002-ge0e6b2a2e66b #1
[    2.307415] Hardware name: Generic AM33XX (Flattened Device Tree)
[    2.313810] task: ee861a40 ti: ee87a000 task.ti: ee87a000
[    2.319474] PC is at kthread_data+0x4/0xc
[    2.323676] LR is at wq_worker_sleeping+0xc/0xdc
[    2.328515] pc : [<c035c478>]    lr : [<c0357904>]    psr: 20000193
[    2.328515] sp : ee87baa8  ip : 00000400  fp : ee87bafc
[    2.340551] r10: c1302680  r9 : 2e5ba000  r8 : ee861d68
[    2.346027] r7 : c1213fc0  r6 : c1213fc0  r5 : ee861a40  r4 : 00000000
[    2.352868] r3 : 00000000  r2 : 00000020  r1 : 00000000  r0 : ee861a40
[    2.359711] Flags: nzCv  IRQs off  FIQs on  Mode SVC_32  ISA ARM  Segment none
[    2.367282] Control: 10c5387d  Table: 80204019  DAC: 00000051
[    2.373304] Process kworker/u2:0 (pid: 6, stack limit = 0xee87a220)
[    2.379873] Stack: (0xee87baa8 to 0xee87c000)
[    2.384442] baa0:                   ef7cdfc0 ee861a40 c1213fc0 c0b242e4 00000000 ee868b40
[    2.393020] bac0: ee861a40 ee865f44 ee868c50 00000000 c0b2459c 00000000 ee865a40 ee87a000
[    2.401598] bae0: ee87b854 00000001 ee860000 ee87bb10 ee861ce0 00000001 ee87bb0c c0b2459c
[    2.410176] bb00: ee861a40 ee87b854 c06820fa c034382c ee87bb10 ee87bb10 c1336858 c140a604
[    2.418754] bb20: c1307b8c ee87bcb0 60000113 0000000b c06820fc 00000001 c06820fa c030be7c
[    2.427332] bb40: ee87a220 0000000b 00000000 ee87a000 00000000 00000008 65000000 30343935
[    2.435910] bb60: 20303330 66666165 37666666 32396520 66313464 31652030 30373061 28203130
[    2.444487] bb80: 30393565 30333033 c0002029 ee87bbac 00000001 00000030 ee87bcb0 00000005
[    2.453064] bba0: 00000000 00000005 00000030 ef7c9050 ee81bf00 c031c75c 00000030 c0317980
[    2.461642] bbc0: 024000c0 00000000 ef7d0e08 ee819000 024000c0 c0425830 00000000 ee87bbe8
[    2.470219] bbe0: 00000000 c0406234 024000c0 c13084a4 00000005 c0317a28 00000030 ee87bcb0
[    2.478797] bc00: c144ebbc ef7c9050 ee81bf00 c03012a4 ee03a660 ee87bc78 ee03a68c c0424154
[    2.487374] bc20: ee03a110 ee03a110 ee03a660 ee03a110 ee03a110 c0422330 ee03a660 00000000
[    2.495952] bc40: ee03a110 c0432880 ee03a660 c0416258 ee03a110 00000000 ee03a660 ee8c6000
[    2.504530] bc60: ee03b150 ee8c6000 c0c18100 00000000 c144ebbc c0425808 ee03a660 00008124
[    2.513107] bc80: 00000000 00000000 ee03b150 ee03a660 00008124 c0c18100 c06820f8 00000013
[    2.521684] bca0: ffffffff ee87bce4 00000000 c030c4e0 00000000 00133724 0013ffec 00000000
[    2.530261] bcc0: eedb8498 eedba100 eedb8400 00133724 00000000 c144ebbc ef7c9050 ee81bf00
[    2.538838] bce0: 00000000 ee87bd00 c0771ae8 c06820f8 00000013 ffffffff 00000051 ef7c9000
[    2.547415] bd00: eedb8498 eedba100 eedb8400 ef7c9050 00000000 c0771ae8 ef7d92b8 c0772db8
[    2.555993] bd20: ee87bd4c 000493e0 eedba100 ef7c9050 ee87bd4c eedba100 0013ffec 000afaf0
[    2.564571] bd40: 000c8c80 c077317c 60000013 eedb8400 2aea5400 cfff34c4 00000008 00000000
[    2.573148] bd60: c1302680 c0773614 00000000 00000000 00000000 eedba000 ee87bdc8 c09d3038
[    2.581727] bd80: c0ecc1f0 ef7c9050 00000000 00000000 c1302580 eeda0300 c1213590 c1302680
[    2.590304] bda0: c144ebbc eeda03b4 ee81bf00 c07739c8 fffffffe eeda0300 ef7d92b8 c097030c
[    2.598883] bdc0: c14075cf ef7c9050 eedba000 eedba0c0 ee036c38 c0406660 eeda0300 00000000
[    2.607460] bde0: 00000000 c1213590 c1302680 c144ebbc eeda03b4 c096d060 00000001 00003eb9
[    2.616038] be00: fffffdfb 00000000 ee87be34 c13bc2c4 c139d7e0 c13bc270 fffffdfb 00000000
[    2.624616] be20: 00000008 ee858c00 ee81bf00 c0761da0 fffffdfb ee81d95c ee8f8834 00000000
[    2.633193] be40: c1334208 c13bc714 c144ebbc c096be78 eed64a00 eed64a10 c13bc6cc c0970494
[    2.641770] be60: c13bc6cc ef7c9050 eedb5fc0 eedba080 eed64a10 c0764efc eed64a10 c1449fd0
[    2.650347] be80: c1449fd8 c13bc6cc 00000000 c076366c 00000000 ee87bec8 c07637dc 00000001
[    2.658925] bea0: 00000000 00000000 ee858c00 c0761a88 ee81d870 eed3cab8 eed64a10 eed64a44
[    2.667503] bec0: c139d760 c0763378 eed64a10 00000001 2e5ba000 eed64a10 eed64a10 c139d760
[    2.676081] bee0: eeda0000 c07629b4 eed64a10 c139d560 c139d580 c0762e44 ee81bf00 c139d594
[    2.684659] bf00: ee858c00 c03569b8 ee858c00 00000088 ee858c18 ee858c00 ee81bf18 00000088
[    2.693236] bf20: ee858c18 c1302100 ee87a000 ee858c00 ee81bf00 c0356c00 ee858d68 00000000
[    2.701813] bf40: c0356bc8 00000000 ee81f1c0 ee81bf00 c0356bc8 00000000 00000000 00000000
[    2.710390] bf60: 00000000 c035beac 00000000 00000000 00000001 ee81bf00 00000000 00000000
[    2.718968] bf80: ee87bf80 ee87bf80 00000001 00010001 ee87bf90 ee87bf90 ee87bfac ee81f1c0
[    2.727545] bfa0: c035bdd0 00000000 00000000 c0307db8 00000000 00000000 00000000 00000000
[    2.736121] bfc0: 00000000 00000000 00000000 00000000 00000000 00000000 00000000 00000000
[    2.744698] bfe0: 00000000 00000000 00000000 00000000 00000013 00000000 00000000 00000000
[    2.753280] [<c035c478>] (kthread_data) from [<c0357904>] (wq_worker_sleeping+0xc/0xdc)
[    2.761681] [<c0357904>] (wq_worker_sleeping) from [<c0b242e4>] (__schedule+0x314/0x588)
[    2.770169] [<c0b242e4>] (__schedule) from [<c0b2459c>] (schedule+0x44/0x9c)
[    2.777573] [<c0b2459c>] (schedule) from [<c034382c>] (do_exit+0x684/0xa28)
[    2.784876] [<c034382c>] (do_exit) from [<c030be7c>] (die+0x460/0x46c)
[    2.791726] [<c030be7c>] (die) from [<c031c75c>] (__do_kernel_fault.part.0+0x64/0x1e4)
[    2.800037] [<c031c75c>] (__do_kernel_fault.part.0) from [<c0317980>] (do_page_fault+0x390/0x39c)
[    2.809345] [<c0317980>] (do_page_fault) from [<c03012a4>] (do_DataAbort+0x38/0xb8)
[    2.817376] [<c03012a4>] (do_DataAbort) from [<c030c4e0>] (__dabt_svc+0x40/0x60)
[    2.825129] Exception stack(0xee87bcb0 to 0xee87bcf8)
[    2.830424] bca0:                                     00000000 00133724 0013ffec 00000000
[    2.839003] bcc0: eedb8498 eedba100 eedb8400 00133724 00000000 c144ebbc ef7c9050 ee81bf00
[    2.847578] bce0: 00000000 ee87bd00 c0771ae8 c06820f8 00000013 ffffffff
[    2.854519] [<c030c4e0>] (__dabt_svc) from [<c06820f8>] (regulator_is_supported_voltage+0x8/0xf0)
[    2.863828] [<c06820f8>] (regulator_is_supported_voltage) from [<c0771ae8>] (_opp_add+0x88/0x190)
[    2.873135] [<c0771ae8>] (_opp_add) from [<c077317c>] (_opp_add_v1+0x80/0xe0)
[    2.880619] [<c077317c>] (_opp_add_v1) from [<c0773614>] (dev_pm_opp_of_add_table+0x430/0x4e8)
[    2.889654] [<c0773614>] (dev_pm_opp_of_add_table) from [<c07739c8>] (dev_pm_opp_of_cpumask_add_table+0x34/0xc0)
[    2.900330] [<c07739c8>] (dev_pm_opp_of_cpumask_add_table) from [<c097030c>] (cpufreq_init+0x258/0x380)
[    2.910184] [<c097030c>] (cpufreq_init) from [<c096d060>] (cpufreq_online+0xbc/0x704)
[    2.918401] [<c096d060>] (cpufreq_online) from [<c0761da0>] (subsys_interface_register+0x94/0xd8)
[    2.927709] [<c0761da0>] (subsys_interface_register) from [<c096be78>] (cpufreq_register_driver+0x12c/0x198)
[    2.938017] [<c096be78>] (cpufreq_register_driver) from [<c0970494>] (dt_cpufreq_probe+0x60/0x8c)
[    2.947325] [<c0970494>] (dt_cpufreq_probe) from [<c0764efc>] (platform_drv_probe+0x4c/0xb0)
[    2.956177] [<c0764efc>] (platform_drv_probe) from [<c076366c>] (driver_probe_device+0x214/0x2c0)
[    2.965485] [<c076366c>] (driver_probe_device) from [<c0761a88>] (bus_for_each_drv+0x60/0x94)
[    2.974427] [<c0761a88>] (bus_for_each_drv) from [<c0763378>] (__device_attach+0xb0/0x114)
[    2.983096] [<c0763378>] (__device_attach) from [<c07629b4>] (bus_probe_device+0x84/0x8c)
[    2.991673] [<c07629b4>] (bus_probe_device) from [<c0762e44>] (deferred_probe_work_func+0x68/0x98)
[    3.001072] [<c0762e44>] (deferred_probe_work_func) from [<c03569b8>] (process_one_work+0x138/0x348)
[    3.010653] [<c03569b8>] (process_one_work) from [<c0356c00>] (worker_thread+0x38/0x518)
[    3.019142] [<c0356c00>] (worker_thread) from [<c035beac>] (kthread+0xdc/0xf4)
[    3.026720] [<c035beac>] (kthread) from [<c0307db8>] (ret_from_fork+0x14/0x3c)
[    3.034297] Code: e3a02002 e0431101 eaffff8f e59032f8 (e5130014) 
[    3.040687] ---[ end trace 0868b8f8a486d1ae ]---
[    3.045524] Fixing recursive fault but reboot is needed!
- 10:19:07 [INFO] Boot attempt 1/1 failed
- 10:19:07 [INFO] Collecting kernel traces via sysrq...
- 10:19:18 [INFO] 
- 10:19:28 [INFO] 
- 10:19:38 [INFO] 
- 10:19:38 [INFO] Disconnected serial from am335x-evm
URL:gtsystest.telogy.design.ti.com/vatf/tigtfarm11/tigtfarm11_vatf@am335x-evm/tigtfarm1102_11_2016_10_15_09/files/session_iteration_1/test_1
