- 06:08:33 [INFO] Starting target session
- 06:08:34 [INFO] Connected to am335x-sk via serial 
- 06:08:34 [INFO] Host: #check prompt
- 06:08:37 [ERROR] On command: #check prompt waiting for #check prompt.+?(?-mix:((?-mix:.*\s+login)|[Pp]assword)) >>> error: execution expired
- 06:08:37 [INFO] Target: 
- 06:08:37 [INFO] Host: #check prompt
- 06:08:39 [ERROR] On command: #check prompt waiting for #check prompt.+?(?m-ix:root.*#) >>> error: execution expired
- 06:08:39 [INFO] Target: 
- 06:08:39 [INFO] Disconnected serial from am335x-sk
- 06:09:05 [INFO] Connected to am335x-sk via serial 
- 06:09:05 [INFO] Host: 
- 06:09:05 [ERROR] On command:  waiting for (?-mix:U-Boot#) >>> error: execution expired
- 06:09:05 [INFO] Target: 
reading args
spl: error reading image args, err - -1
reading u-boot.img
reading u-boot.img
U-Boot 2013.10-ti2013.12.00 (Mar 18 2014 - 07:10:50)
I2C:   ready
DRAM:  256 MiB
- 06:09:05 [INFO] Host: 
- 06:09:06 [INFO] Target: 
NAND:  0 MiB
MMC:   OMAP SD/MMC: 0, OMAP SD/MMC: 1
*** Error - No Valid Environment Area found
*** Warning - bad CRC, using default environment
Net:   <ethaddr> not set. Validating first E-fuse MAC
cpsw, usb_ether
Hit any key to stop autoboot:  3  0 
U-Boot# 
- 06:09:06 [INFO] Host: 
- 06:09:06 [INFO] Target: 
U-Boot# 
- 06:09:06 [INFO] Host: version
- 06:09:07 [INFO] Target: 
version
U-Boot 2013.10-ti2013.12.00 (Mar 18 2014 - 07:10:50)
arm-linux-gnueabihf-gcc (crosstool-NG linaro-1.13.1-4.7-2013.03-20130313 - Linaro GCC 2013.03) 4.7.3 20130226 (prerelease)
GNU ld (crosstool-NG linaro-1.13.1-4.7-2013.03-20130313 - Linaro GCC 2013.03) 2.23.1
U-Boot# 
- 06:09:07 [INFO] Host: setenv bootargs 'console=ttyO0,115200n8 earlyprintk rootwait '
- 06:09:07 [INFO] Target: 
setenv bootargs 'console=ttyO0,115200n8 earlyprintk rootwait '
U-Boot# 
- 06:09:07 [INFO] Host: setenv bootcmd  ''
- 06:09:08 [INFO] Target: 
setenv bootcmd  ''
U-Boot# 
- 06:09:08 [INFO] Host: setenv autoload 'no'
- 06:09:08 [INFO] Target: 
setenv autoload 'no'
U-Boot# 
- 06:09:08 [INFO] Host: setenv serverip '192.168.1.254'
- 06:09:09 [INFO] Target: 
setenv serverip '192.168.1.254'
U-Boot# 
- 06:09:09 [INFO] Host: printenv
- 06:09:09 [INFO] Target: 
printenv
arch=arm
autoload=no
baudrate=115200
board=am335x
board_name=A335X_SK
board_rev=1.2C
boot_fdt=try
boot_targets= mmc0 nand 
bootargs=console=ttyO0,115200n8 earlyprintk rootwait 
bootcmd=
bootcmd_mmc0=setenv devnum 0; setenv rootpart 2; run mmc_boot;
bootcmd_nand=run nandboot;
bootcmd_usb=setenv devnum 0; run usb_boot;
bootdelay=3
bootdir=/boot
bootenv=uEnv.txt
bootfile=zImage
bootpart=0:2
console=ttyO0,115200n8
cpu=armv7
dfu_alt_info_emmc=rawemmc mmc 0 3751936
dfu_alt_info_mmc=boot part 0 1;rootfs part 0 2;MLO fat 0 1;MLO.raw mmc 100 100;u-boot.img.raw mmc 300 400;spl-os-args.raw mmc 80 80;spl-os-image.raw mmc 900 2000;spl-os-args fat 0 1;spl-os-image fat 0 1;u-boot.img fat 0 1;uEnv.txt fat 0 1
dfu_alt_info_nand=NAND.SPL part 0 1;NAND.SPL.backup1 part 0 2;NAND.SPL.backup2 part 0 3;NAND.SPL.backup3 part 0 4;NAND.u-boot-spl-os part 0 5;NAND.u-boot part 0 6;NAND.u-boot-env part 0 7;NAND.u-boot-env.backup1 part 0 8;NAND.kernel part 0 9;NAND.rootfs part 0 10
dfu_alt_info_ram=kernel ram 0x80200000 0xD80000;fdt ram 0x80F80000 0x80000;ramdisk ram 0x81000000 0x4000000
eth1addr=c8:a0:30:a1:db:63
ethact=cpsw
ethaddr=c8:a0:30:a1:db:61
fdt_high=0xa0000000
fdtaddr=0x80F80000
fdtfile=undefined
findfdt=if test $board_name = A335BONE; then setenv fdtfile am335x-bone.dtb; fi; if test $board_name = A335BNLT; then setenv fdtfile am335x-boneblack.dtb; fi; if test $board_name = A33515BB; then setenv fdtfile am335x-evm.dtb; fi; if test $board_name = A335X_SK; then setenv fdtfile am335x-evmsk.dtb; fi; if test $fdtfile = undefined; then echo WARNING: Could not determine device tree to use; fi; 
importbootenv=echo Importing environment from mmc ...; env import -t $loadaddr $filesize
loadaddr=0x80200000
loadbootenv=load mmc ${mmcdev} ${loadaddr} ${bootenv}
loadfdt=load mmc ${bootpart} ${fdtaddr} ${bootdir}/${fdtfile}
loadimage=load mmc ${bootpart} ${loadaddr} ${bootdir}/${bootfile}
loadramdisk=load mmc ${mmcdev} ${rdaddr} ramdisk.gz
mmc_boot=setenv devtype mmc; if mmc dev ${devnum}; then run mmcargs;run scan_boot; run mmcboot;setenv mmcdev 1; setenv bootpart 1:2; run mmcboot;fi
mmcargs=setenv bootargs console=${console} ${optargs} root=${mmcroot} rootfstype=${mmcrootfstype}
mmcboot=mmc dev ${mmcdev}; if mmc rescan; then echo SD/MMC found on device ${mmcdev};if run loadbootenv; then echo Loaded environment from ${bootenv};run importbootenv;fi;if test -n $uenvcmd; then echo Running uenvcmd ...;run uenvcmd;fi;if run loadimage; then run mmcloados;fi;fi;
mmcdev=0
mmcloados=run mmcargs; if test ${boot_fdt} = yes || test ${boot_fdt} = try; then if run loadfdt; then bootz ${loadaddr} - ${fdtaddr}; else if test ${boot_fdt} = try; then bootz; else echo WARN: Cannot load the DT; fi; fi; else bootz; fi;
mmcroot=/dev/mmcblk0p2 ro
mmcrootfstype=ext4 rootwait
mtdids=nand0=nand.0
mtdparts=mtdparts=nand.0:128k(NAND.SPL),128k(NAND.SPL.backup1),128k(NAND.SPL.backup2),128k(NAND.SPL.backup3),256k(NAND.u-boot-spl-os),1m(NAND.u-boot),128k(NAND.u-boot-env),128k(NAND.u-boot-env.backup1),8m(NAND.kernel),-(NAND.rootfs)
nandargs=setenv bootargs console=${console} ${optargs} root=${nandroot} rootfstype=${nandrootfstype}
nandboot=echo Booting from nand ...; run nandargs; nand read ${fdtaddr} NAND.u-boot-spl-os; nand read ${loadaddr} NAND.kernel; bootz ${loadaddr} - ${fdtaddr}
nandroot=ubi0:rootfs rw ubi.mtd=NAND.file-system,2048
nandrootfstype=ubifs rootwait=1
netargs=setenv bootargs console=${console} ${optargs} root=/dev/nfs nfsroot=${serverip}:${rootpath},${nfsopts} rw ip=dhcp
netboot=echo Booting from network ...; setenv autoload no; dhcp; tftp ${loadaddr} ${bootfile}; tftp ${fdtaddr} ${fdtfile}; run netargs; bootz ${loadaddr} - ${fdtaddr}
nfsopts=nolock
partitions=uuid_disk=${uuid_gpt_disk};name=rootfs,start=2MiB,size=-,uuid=${uuid_gpt_rootfs}
ramargs=setenv bootargs console=${console} ${optargs} root=${ramroot} rootfstype=${ramrootfstype}
ramboot=echo Booting from ramdisk ...; run ramargs; bootz ${loadaddr} ${rdaddr} ${fdtaddr}
ramroot=/dev/ram0 rw ramdisk_size=65536 initrd=${rdaddr},64M
ramrootfstype=ext2
rdaddr=0x81000000
rootpart=2
rootpath=/export/rootfs
scan_boot=echo Scanning ${devtype} ${devnum}...; for prefix in ${bootdir}; do for script in ${bootfile}; do run script_boot; done; done;
script_boot=if load ${devtype} ${devnum}:${rootpart} ${loadaddr} ${bootdir}/${bootfile}; then run findfdt; load ${devtype} ${devnum}:${rootpart} ${fdtaddr} ${bootdir}/${fdtfile};fi;
serverip=192.168.1.254
soc=am33xx
spiargs=setenv bootargs console=${console} ${optargs} root=${spiroot} rootfstype=${spirootfstype}
spiboot=echo Booting from spi ...; run spiargs; sf probe ${spibusno}:0; sf read ${loadaddr} ${spisrcaddr} ${spiimgsize}; bootz ${loadaddr}
spibusno=0
spiimgsize=0x362000
spiroot=/dev/mtdblock4 rw
spirootfstype=jffs2
spisrcaddr=0xe0000
static_ip=${ipaddr}:${serverip}:${gatewayip}:${netmask}:${hostname}::off
stderr=serial
stdin=serial
stdout=serial
usb_boot=setenv devtype usb; run usb_init; if usb dev 0; then run usbargs;run scan_boot; bootz ${loadaddr} - ${fdtaddr}; fi
usb_init=usb start 0;
usbargs=setenv bootargs console=${console} ${optargs} root=${usbroot} rootfstype=${usbrootfstype}
usbnet_devaddr=c8:a0:30:a1:db:63
usbroot=/dev/sda2 rw
usbrootfstype=ext4 rootwait
vendor=ti
ver=U-Boot 2013.10-ti2013.12.00 (Mar 18 2014 - 07:10:50)
Environment size: 5445/131067 bytes
U-Boot# 
- 06:09:09 [INFO] Host: printenv
- 06:09:10 [INFO] Target: 
printenv
arch=arm
autoload=no
baudrate=115200
board=am335x
board_name=A335X_SK
board_rev=1.2C
boot_fdt=try
boot_targets= mmc0 nand 
bootargs=console=ttyO0,115200n8 earlyprintk rootwait 
bootcmd=
bootcmd_mmc0=setenv devnum 0; setenv rootpart 2; run mmc_boot;
bootcmd_nand=run nandboot;
bootcmd_usb=setenv devnum 0; run usb_boot;
bootdelay=3
bootdir=/boot
bootenv=uEnv.txt
bootfile=zImage
bootpart=0:2
console=ttyO0,115200n8
cpu=armv7
dfu_alt_info_emmc=rawemmc mmc 0 3751936
dfu_alt_info_mmc=boot part 0 1;rootfs part 0 2;MLO fat 0 1;MLO.raw mmc 100 100;u-boot.img.raw mmc 300 400;spl-os-args.raw mmc 80 80;spl-os-image.raw mmc 900 2000;spl-os-args fat 0 1;spl-os-image fat 0 1;u-boot.img fat 0 1;uEnv.txt fat 0 1
dfu_alt_info_nand=NAND.SPL part 0 1;NAND.SPL.backup1 part 0 2;NAND.SPL.backup2 part 0 3;NAND.SPL.backup3 part 0 4;NAND.u-boot-spl-os part 0 5;NAND.u-boot part 0 6;NAND.u-boot-env part 0 7;NAND.u-boot-env.backup1 part 0 8;NAND.kernel part 0 9;NAND.rootfs part 0 10
dfu_alt_info_ram=kernel ram 0x80200000 0xD80000;fdt ram 0x80F80000 0x80000;ramdisk ram 0x81000000 0x4000000
eth1addr=c8:a0:30:a1:db:63
ethact=cpsw
ethaddr=c8:a0:30:a1:db:61
fdt_high=0xa0000000
fdtaddr=0x80F80000
fdtfile=undefined
findfdt=if test $board_name = A335BONE; then setenv fdtfile am335x-bone.dtb; fi; if test $board_name = A335BNLT; then setenv fdtfile am335x-boneblack.dtb; fi; if test $board_name = A33515BB; then setenv fdtfile am335x-evm.dtb; fi; if test $board_name = A335X_SK; then setenv fdtfile am335x-evmsk.dtb; fi; if test $fdtfile = undefined; then echo WARNING: Could not determine device tree to use; fi; 
importbootenv=echo Importing environment from mmc ...; env import -t $loadaddr $filesize
loadaddr=0x80200000
loadbootenv=load mmc ${mmcdev} ${loadaddr} ${bootenv}
loadfdt=load mmc ${bootpart} ${fdtaddr} ${bootdir}/${fdtfile}
loadimage=load mmc ${bootpart} ${loadaddr} ${bootdir}/${bootfile}
loadramdisk=load mmc ${mmcdev} ${rdaddr} ramdisk.gz
mmc_boot=setenv devtype mmc; if mmc dev ${devnum}; then run mmcargs;run scan_boot; run mmcboot;setenv mmcdev 1; setenv bootpart 1:2; run mmcboot;fi
mmcargs=setenv bootargs console=${console} ${optargs} root=${mmcroot} rootfstype=${mmcrootfstype}
mmcboot=mmc dev ${mmcdev}; if mmc rescan; then echo SD/MMC found on device ${mmcdev};if run loadbootenv; then echo Loaded environment from ${bootenv};run importbootenv;fi;if test -n $uenvcmd; then echo Running uenvcmd ...;run uenvcmd;fi;if run loadimage; then run mmcloados;fi;fi;
mmcdev=0
mmcloados=run mmcargs; if test ${boot_fdt} = yes || test ${boot_fdt} = try; then if run loadfdt; then bootz ${loadaddr} - ${fdtaddr}; else if test ${boot_fdt} = try; then bootz; else echo WARN: Cannot load the DT; fi; fi; else bootz; fi;
mmcroot=/dev/mmcblk0p2 ro
mmcrootfstype=ext4 rootwait
mtdids=nand0=nand.0
mtdparts=mtdparts=nand.0:128k(NAND.SPL),128k(NAND.SPL.backup1),128k(NAND.SPL.backup2),128k(NAND.SPL.backup3),256k(NAND.u-boot-spl-os),1m(NAND.u-boot),128k(NAND.u-boot-env),128k(NAND.u-boot-env.backup1),8m(NAND.kernel),-(NAND.rootfs)
nandargs=setenv bootargs console=${console} ${optargs} root=${nandroot} rootfstype=${nandrootfstype}
nandboot=echo Booting from nand ...; run nandargs; nand read ${fdtaddr} NAND.u-boot-spl-os; nand read ${loadaddr} NAND.kernel; bootz ${loadaddr} - ${fdtaddr}
nandroot=ubi0:rootfs rw ubi.mtd=NAND.file-system,2048
nandrootfstype=ubifs rootwait=1
netargs=setenv bootargs console=${console} ${optargs} root=/dev/nfs nfsroot=${serverip}:${rootpath},${nfsopts} rw ip=dhcp
netboot=echo Booting from network ...; setenv autoload no; dhcp; tftp ${loadaddr} ${bootfile}; tftp ${fdtaddr} ${fdtfile}; run netargs; bootz ${loadaddr} - ${fdtaddr}
nfsopts=nolock
partitions=uuid_disk=${uuid_gpt_disk};name=rootfs,start=2MiB,size=-,uuid=${uuid_gpt_rootfs}
ramargs=setenv bootargs console=${console} ${optargs} root=${ramroot} rootfstype=${ramrootfstype}
ramboot=echo Booting from ramdisk ...; run ramargs; bootz ${loadaddr} ${rdaddr} ${fdtaddr}
ramroot=/dev/ram0 rw ramdisk_size=65536 initrd=${rdaddr},64M
ramrootfstype=ext2
rdaddr=0x81000000
rootpart=2
rootpath=/export/rootfs
scan_boot=echo Scanning ${devtype} ${devnum}...; for prefix in ${bootdir}; do for script in ${bootfile}; do run script_boot; done; done;
script_boot=if load ${devtype} ${devnum}:${rootpart} ${loadaddr} ${bootdir}/${bootfile}; then run findfdt; load ${devtype} ${devnum}:${rootpart} ${fdtaddr} ${bootdir}/${fdtfile};fi;
serverip=192.168.1.254
soc=am33xx
spiargs=setenv bootargs console=${console} ${optargs} root=${spiroot} rootfstype=${spirootfstype}
spiboot=echo Booting from spi ...; run spiargs; sf probe ${spibusno}:0; sf read ${loadaddr} ${spisrcaddr} ${spiimgsize}; bootz ${loadaddr}
spibusno=0
spiimgsize=0x362000
spiroot=/dev/mtdblock4 rw
spirootfstype=jffs2
spisrcaddr=0xe0000
static_ip=${ipaddr}:${serverip}:${gatewayip}:${netmask}:${hostname}::off
stderr=serial
stdin=serial
stdout=serial
usb_boot=setenv devtype usb; run usb_init; if usb dev 0; then run usbargs;run scan_boot; bootz ${loadaddr} - ${fdtaddr}; fi
usb_init=usb start 0;
usbargs=setenv bootargs console=${console} ${optargs} root=${usbroot} rootfstype=${usbrootfstype}
usbnet_devaddr=c8:a0:30:a1:db:63
usbroot=/dev/sda2 rw
usbrootfstype=ext4 rootwait
vendor=ti
ver=U-Boot 2013.10-ti2013.12.00 (Mar 18 2014 - 07:10:50)
Environment size: 5445/131067 bytes
U-Boot# 
- 06:09:10 [INFO] Host: setenv bootargs ''${bootargs}' ip=dhcp '
- 06:09:10 [INFO] Target: 
setenv bootargs ''${bootargs}' ip=dhcp '
U-Boot# 
- 06:09:10 [INFO] Host: setenv serverip '192.168.1.254'
- 06:09:11 [INFO] Target: 
setenv serverip '192.168.1.254'
U-Boot# 
- 06:09:11 [INFO] Host: setenv ipaddr dhcp
- 06:09:11 [INFO] Target: 
setenv ipaddr dhcp
U-Boot# 
- 06:09:11 [INFO] Host: setenv autoload 'no'
- 06:09:12 [INFO] Target: 
setenv autoload 'no'
U-Boot# 
- 06:09:12 [INFO] Host: dhcp
- 06:09:13 [INFO] Target: 
dhcp
link up on port 0, speed 1000, full duplex
BOOTP broadcast 1
DHCP client bound to address 192.168.1.191
U-Boot# 
- 06:09:13 [INFO] Host: setenv serverip '192.168.1.254'
- 06:09:14 [INFO] Target: 
setenv serverip '192.168.1.254'
U-Boot# 
- 06:09:14 [INFO] Host: tftp ${loadaddr} 192.168.1.254:vatf_am335x-sk/c51b53e341a85884a6b154278d32f7f8
- 06:09:32 [INFO] Target: 
tftp ${loadaddr} 192.168.1.254:vatf_am335x-sk/c51b53e341a85884a6b154278d32f7f8
link up on port 0, speed 1000, full duplex
Using cpsw device
TFTP from server 192.168.1.254; our IP address is 192.168.1.191
Filename 'vatf_am335x-sk/c51b53e341a85884a6b154278d32f7f8'.
Load address: 0x80200000
Loading: *#################################################################
	 #################################################################
	 #################################################################
	 #################################################################
	 #################################################################
	 #################################################################
	 #####################################
	 347.7 KiB/s
done
Bytes transferred = 6264728 (5f9798 hex)
U-Boot# 
- 06:09:32 [INFO] Host: tftp ${fdtaddr} 192.168.1.254:vatf_am335x-sk/ea9c1d628e7b7370261dde32070ec6ec
- 06:09:32 [INFO] Target: 
tftp ${fdtaddr} 192.168.1.254:vatf_am335x-sk/ea9c1d628e7b7370261dde32070ec6ec
link up on port 0, speed 1000, full duplex
Using cpsw device
TFTP from server 192.168.1.254; our IP address is 192.168.1.191
Filename 'vatf_am335x-sk/ea9c1d628e7b7370261dde32070ec6ec'.
Load address: 0x80f80000
Loading: *###
	 342.8 KiB/s
done
Bytes transferred = 35116 (892c hex)
U-Boot# 
- 06:09:32 [INFO] Host: ls mmc 0:1
- 06:09:33 [INFO] Target: 
ls mmc 0:1
   107928   mlo 
   389772   u-boot.img 
       53   pointercal 
       14   .ipaddr 
        4   ws-calibrate.rules 
5 file(s), 0 dir(s)
U-Boot# 
- 06:09:33 [INFO] Host: ls mmc 0:2
- 06:09:33 [INFO] Target: 
ls mmc 0:2
<DIR>       4096 .
<DIR>       4096 ..
<SYM>          8 tmp
<DIR>       4096 srv
<DIR>       4096 var
<DIR>       4096 lib
<DIR>       4096 proc
<SYM>          8 run
<DIR>       4096 mnt
<DIR>       4096 media
<DIR>       4096 boot
<DIR>       4096 dev
<DIR>       4096 bin
<DIR>       4096 usr
<DIR>       4096 www
<DIR>       4096 etc
<DIR>       4096 sbin
<DIR>       4096 opt
<DIR>       4096 home
<DIR>       4096 sys
<DIR>       4096 Settings
<DIR>       4096 test
U-Boot# 
- 06:09:33 [INFO] Host: part uuid mmc 0:2
- 06:09:34 [INFO] Target: 
part uuid mmc 0:2
00000000-02
U-Boot# 
- 06:09:34 [INFO] Host: printenv
- 06:09:34 [INFO] Target: 
printenv
arch=arm
autoload=no
baudrate=115200
board=am335x
board_name=A335X_SK
board_rev=1.2C
boot_fdt=try
boot_targets= mmc0 nand 
bootargs=console=ttyO0,115200n8 earlyprintk rootwait ip=dhcp
bootcmd=
bootcmd_mmc0=setenv devnum 0; setenv rootpart 2; run mmc_boot;
bootcmd_nand=run nandboot;
bootcmd_usb=setenv devnum 0; run usb_boot;
bootdelay=3
bootdir=/boot
bootenv=uEnv.txt
bootfile=zImage
bootpart=0:2
console=ttyO0,115200n8
cpu=armv7
dfu_alt_info_emmc=rawemmc mmc 0 3751936
dfu_alt_info_mmc=boot part 0 1;rootfs part 0 2;MLO fat 0 1;MLO.raw mmc 100 100;u-boot.img.raw mmc 300 400;spl-os-args.raw mmc 80 80;spl-os-image.raw mmc 900 2000;spl-os-args fat 0 1;spl-os-image fat 0 1;u-boot.img fat 0 1;uEnv.txt fat 0 1
dfu_alt_info_nand=NAND.SPL part 0 1;NAND.SPL.backup1 part 0 2;NAND.SPL.backup2 part 0 3;NAND.SPL.backup3 part 0 4;NAND.u-boot-spl-os part 0 5;NAND.u-boot part 0 6;NAND.u-boot-env part 0 7;NAND.u-boot-env.backup1 part 0 8;NAND.kernel part 0 9;NAND.rootfs part 0 10
dfu_alt_info_ram=kernel ram 0x80200000 0xD80000;fdt ram 0x80F80000 0x80000;ramdisk ram 0x81000000 0x4000000
dnsip=192.0.2.2
dnsip2=192.0.2.3
eth1addr=c8:a0:30:a1:db:63
ethact=cpsw
ethaddr=c8:a0:30:a1:db:61
fdt_high=0xa0000000
fdtaddr=0x80F80000
fdtfile=undefined
fileaddr=80f80000
filesize=892c
findfdt=if test $board_name = A335BONE; then setenv fdtfile am335x-bone.dtb; fi; if test $board_name = A335BNLT; then setenv fdtfile am335x-boneblack.dtb; fi; if test $board_name = A33515BB; then setenv fdtfile am335x-evm.dtb; fi; if test $board_name = A335X_SK; then setenv fdtfile am335x-evmsk.dtb; fi; if test $fdtfile = undefined; then echo WARNING: Could not determine device tree to use; fi; 
gatewayip=192.168.1.254
importbootenv=echo Importing environment from mmc ...; env import -t $loadaddr $filesize
ipaddr=192.168.1.191
loadaddr=0x80200000
loadbootenv=load mmc ${mmcdev} ${loadaddr} ${bootenv}
loadfdt=load mmc ${bootpart} ${fdtaddr} ${bootdir}/${fdtfile}
loadimage=load mmc ${bootpart} ${loadaddr} ${bootdir}/${bootfile}
loadramdisk=load mmc ${mmcdev} ${rdaddr} ramdisk.gz
mmc_boot=setenv devtype mmc; if mmc dev ${devnum}; then run mmcargs;run scan_boot; run mmcboot;setenv mmcdev 1; setenv bootpart 1:2; run mmcboot;fi
mmcargs=setenv bootargs console=${console} ${optargs} root=${mmcroot} rootfstype=${mmcrootfstype}
mmcboot=mmc dev ${mmcdev}; if mmc rescan; then echo SD/MMC found on device ${mmcdev};if run loadbootenv; then echo Loaded environment from ${bootenv};run importbootenv;fi;if test -n $uenvcmd; then echo Running uenvcmd ...;run uenvcmd;fi;if run loadimage; then run mmcloados;fi;fi;
mmcdev=0
mmcloados=run mmcargs; if test ${boot_fdt} = yes || test ${boot_fdt} = try; then if run loadfdt; then bootz ${loadaddr} - ${fdtaddr}; else if test ${boot_fdt} = try; then bootz; else echo WARN: Cannot load the DT; fi; fi; else bootz; fi;
mmcroot=/dev/mmcblk0p2 ro
mmcrootfstype=ext4 rootwait
mtdids=nand0=nand.0
mtdparts=mtdparts=nand.0:128k(NAND.SPL),128k(NAND.SPL.backup1),128k(NAND.SPL.backup2),128k(NAND.SPL.backup3),256k(NAND.u-boot-spl-os),1m(NAND.u-boot),128k(NAND.u-boot-env),128k(NAND.u-boot-env.backup1),8m(NAND.kernel),-(NAND.rootfs)
nandargs=setenv bootargs console=${console} ${optargs} root=${nandroot} rootfstype=${nandrootfstype}
nandboot=echo Booting from nand ...; run nandargs; nand read ${fdtaddr} NAND.u-boot-spl-os; nand read ${loadaddr} NAND.kernel; bootz ${loadaddr} - ${fdtaddr}
nandroot=ubi0:rootfs rw ubi.mtd=NAND.file-system,2048
nandrootfstype=ubifs rootwait=1
netargs=setenv bootargs console=${console} ${optargs} root=/dev/nfs nfsroot=${serverip}:${rootpath},${nfsopts} rw ip=dhcp
netboot=echo Booting from network ...; setenv autoload no; dhcp; tftp ${loadaddr} ${bootfile}; tftp ${fdtaddr} ${fdtfile}; run netargs; bootz ${loadaddr} - ${fdtaddr}
netmask=255.255.255.0
nfsopts=nolock
partitions=uuid_disk=${uuid_gpt_disk};name=rootfs,start=2MiB,size=-,uuid=${uuid_gpt_rootfs}
ramargs=setenv bootargs console=${console} ${optargs} root=${ramroot} rootfstype=${ramrootfstype}
ramboot=echo Booting from ramdisk ...; run ramargs; bootz ${loadaddr} ${rdaddr} ${fdtaddr}
ramroot=/dev/ram0 rw ramdisk_size=65536 initrd=${rdaddr},64M
ramrootfstype=ext2
rdaddr=0x81000000
rootpart=2
rootpath=/export/rootfs
scan_boot=echo Scanning ${devtype} ${devnum}...; for prefix in ${bootdir}; do for script in ${bootfile}; do run script_boot; done; done;
script_boot=if load ${devtype} ${devnum}:${rootpart} ${loadaddr} ${bootdir}/${bootfile}; then run findfdt; load ${devtype} ${devnum}:${rootpart} ${fdtaddr} ${bootdir}/${fdtfile};fi;
serverip=192.168.1.254
soc=am33xx
spiargs=setenv bootargs console=${console} ${optargs} root=${spiroot} rootfstype=${spirootfstype}
spiboot=echo Booting from spi ...; run spiargs; sf probe ${spibusno}:0; sf read ${loadaddr} ${spisrcaddr} ${spiimgsize}; bootz ${loadaddr}
spibusno=0
spiimgsize=0x362000
spiroot=/dev/mtdblock4 rw
spirootfstype=jffs2
spisrcaddr=0xe0000
static_ip=${ipaddr}:${serverip}:${gatewayip}:${netmask}:${hostname}::off
stderr=serial
stdin=serial
stdout=serial
usb_boot=setenv devtype usb; run usb_init; if usb dev 0; then run usbargs;run scan_boot; bootz ${loadaddr} - ${fdtaddr}; fi
usb_init=usb start 0;
usbargs=setenv bootargs console=${console} ${optargs} root=${usbroot} rootfstype=${usbrootfstype}
usbnet_devaddr=c8:a0:30:a1:db:63
usbroot=/dev/sda2 rw
usbrootfstype=ext4 rootwait
vendor=ti
ver=U-Boot 2013.10-ti2013.12.00 (Mar 18 2014 - 07:10:50)
Environment size: 5598/131067 bytes
U-Boot# 
- 06:09:34 [INFO] Host: setenv bootargs ''${bootargs}' root=PARTUUID=00000000-02 rw rootfstype=ext4 rootwait '
- 06:09:35 [INFO] Target: 
setenv bootargs ''${bootargs}' root=PARTUUID=00000000-02 rw rootfstype=ext4 rootwait '
U-Boot# 
- 06:09:35 [INFO] Host: printenv
- 06:09:35 [INFO] Target: 
printenv
arch=arm
autoload=no
baudrate=115200
board=am335x
board_name=A335X_SK
board_rev=1.2C
boot_fdt=try
boot_targets= mmc0 nand 
bootargs=console=ttyO0,115200n8 earlyprintk rootwait ip=dhcp root=PARTUUID=00000000-02 rw rootfstype=ext4 rootwait
bootcmd=
bootcmd_mmc0=setenv devnum 0; setenv rootpart 2; run mmc_boot;
bootcmd_nand=run nandboot;
bootcmd_usb=setenv devnum 0; run usb_boot;
bootdelay=3
bootdir=/boot
bootenv=uEnv.txt
bootfile=zImage
bootpart=0:2
console=ttyO0,115200n8
cpu=armv7
dfu_alt_info_emmc=rawemmc mmc 0 3751936
dfu_alt_info_mmc=boot part 0 1;rootfs part 0 2;MLO fat 0 1;MLO.raw mmc 100 100;u-boot.img.raw mmc 300 400;spl-os-args.raw mmc 80 80;spl-os-image.raw mmc 900 2000;spl-os-args fat 0 1;spl-os-image fat 0 1;u-boot.img fat 0 1;uEnv.txt fat 0 1
dfu_alt_info_nand=NAND.SPL part 0 1;NAND.SPL.backup1 part 0 2;NAND.SPL.backup2 part 0 3;NAND.SPL.backup3 part 0 4;NAND.u-boot-spl-os part 0 5;NAND.u-boot part 0 6;NAND.u-boot-env part 0 7;NAND.u-boot-env.backup1 part 0 8;NAND.kernel part 0 9;NAND.rootfs part 0 10
dfu_alt_info_ram=kernel ram 0x80200000 0xD80000;fdt ram 0x80F80000 0x80000;ramdisk ram 0x81000000 0x4000000
dnsip=192.0.2.2
dnsip2=192.0.2.3
eth1addr=c8:a0:30:a1:db:63
ethact=cpsw
ethaddr=c8:a0:30:a1:db:61
fdt_high=0xa0000000
fdtaddr=0x80F80000
fdtfile=undefined
fileaddr=80f80000
filesize=892c
findfdt=if test $board_name = A335BONE; then setenv fdtfile am335x-bone.dtb; fi; if test $board_name = A335BNLT; then setenv fdtfile am335x-boneblack.dtb; fi; if test $board_name = A33515BB; then setenv fdtfile am335x-evm.dtb; fi; if test $board_name = A335X_SK; then setenv fdtfile am335x-evmsk.dtb; fi; if test $fdtfile = undefined; then echo WARNING: Could not determine device tree to use; fi; 
gatewayip=192.168.1.254
importbootenv=echo Importing environment from mmc ...; env import -t $loadaddr $filesize
ipaddr=192.168.1.191
loadaddr=0x80200000
loadbootenv=load mmc ${mmcdev} ${loadaddr} ${bootenv}
loadfdt=load mmc ${bootpart} ${fdtaddr} ${bootdir}/${fdtfile}
loadimage=load mmc ${bootpart} ${loadaddr} ${bootdir}/${bootfile}
loadramdisk=load mmc ${mmcdev} ${rdaddr} ramdisk.gz
mmc_boot=setenv devtype mmc; if mmc dev ${devnum}; then run mmcargs;run scan_boot; run mmcboot;setenv mmcdev 1; setenv bootpart 1:2; run mmcboot;fi
mmcargs=setenv bootargs console=${console} ${optargs} root=${mmcroot} rootfstype=${mmcrootfstype}
mmcboot=mmc dev ${mmcdev}; if mmc rescan; then echo SD/MMC found on device ${mmcdev};if run loadbootenv; then echo Loaded environment from ${bootenv};run importbootenv;fi;if test -n $uenvcmd; then echo Running uenvcmd ...;run uenvcmd;fi;if run loadimage; then run mmcloados;fi;fi;
mmcdev=0
mmcloados=run mmcargs; if test ${boot_fdt} = yes || test ${boot_fdt} = try; then if run loadfdt; then bootz ${loadaddr} - ${fdtaddr}; else if test ${boot_fdt} = try; then bootz; else echo WARN: Cannot load the DT; fi; fi; else bootz; fi;
mmcroot=/dev/mmcblk0p2 ro
mmcrootfstype=ext4 rootwait
mtdids=nand0=nand.0
mtdparts=mtdparts=nand.0:128k(NAND.SPL),128k(NAND.SPL.backup1),128k(NAND.SPL.backup2),128k(NAND.SPL.backup3),256k(NAND.u-boot-spl-os),1m(NAND.u-boot),128k(NAND.u-boot-env),128k(NAND.u-boot-env.backup1),8m(NAND.kernel),-(NAND.rootfs)
nandargs=setenv bootargs console=${console} ${optargs} root=${nandroot} rootfstype=${nandrootfstype}
nandboot=echo Booting from nand ...; run nandargs; nand read ${fdtaddr} NAND.u-boot-spl-os; nand read ${loadaddr} NAND.kernel; bootz ${loadaddr} - ${fdtaddr}
nandroot=ubi0:rootfs rw ubi.mtd=NAND.file-system,2048
nandrootfstype=ubifs rootwait=1
netargs=setenv bootargs console=${console} ${optargs} root=/dev/nfs nfsroot=${serverip}:${rootpath},${nfsopts} rw ip=dhcp
netboot=echo Booting from network ...; setenv autoload no; dhcp; tftp ${loadaddr} ${bootfile}; tftp ${fdtaddr} ${fdtfile}; run netargs; bootz ${loadaddr} - ${fdtaddr}
netmask=255.255.255.0
nfsopts=nolock
partitions=uuid_disk=${uuid_gpt_disk};name=rootfs,start=2MiB,size=-,uuid=${uuid_gpt_rootfs}
ramargs=setenv bootargs console=${console} ${optargs} root=${ramroot} rootfstype=${ramrootfstype}
ramboot=echo Booting from ramdisk ...; run ramargs; bootz ${loadaddr} ${rdaddr} ${fdtaddr}
ramroot=/dev/ram0 rw ramdisk_size=65536 initrd=${rdaddr},64M
ramrootfstype=ext2
rdaddr=0x81000000
rootpart=2
rootpath=/export/rootfs
scan_boot=echo Scanning ${devtype} ${devnum}...; for prefix in ${bootdir}; do for script in ${bootfile}; do run script_boot; done; done;
script_boot=if load ${devtype} ${devnum}:${rootpart} ${loadaddr} ${bootdir}/${bootfile}; then run findfdt; load ${devtype} ${devnum}:${rootpart} ${fdtaddr} ${bootdir}/${fdtfile};fi;
serverip=192.168.1.254
soc=am33xx
spiargs=setenv bootargs console=${console} ${optargs} root=${spiroot} rootfstype=${spirootfstype}
spiboot=echo Booting from spi ...; run spiargs; sf probe ${spibusno}:0; sf read ${loadaddr} ${spisrcaddr} ${spiimgsize}; bootz ${loadaddr}
spibusno=0
spiimgsize=0x362000
spiroot=/dev/mtdblock4 rw
spirootfstype=jffs2
spisrcaddr=0xe0000
static_ip=${ipaddr}:${serverip}:${gatewayip}:${netmask}:${hostname}::off
stderr=serial
stdin=serial
stdout=serial
usb_boot=setenv devtype usb; run usb_init; if usb dev 0; then run usbargs;run scan_boot; bootz ${loadaddr} - ${fdtaddr}; fi
usb_init=usb start 0;
usbargs=setenv bootargs console=${console} ${optargs} root=${usbroot} rootfstype=${usbrootfstype}
usbnet_devaddr=c8:a0:30:a1:db:63
usbroot=/dev/sda2 rw
usbrootfstype=ext4 rootwait
vendor=ti
ver=U-Boot 2013.10-ti2013.12.00 (Mar 18 2014 - 07:10:50)
Environment size: 5652/131067 bytes
U-Boot# 
- 06:09:35 [INFO] Host: setenv bootcmd ''${bootcmd}' if iminfo ${loadaddr}; then bootm ${loadaddr} - ${fdtaddr}; else bootz ${loadaddr} - ${fdtaddr}; bootm ${loadaddr} - ${fdtaddr}; fi'
- 06:09:36 [INFO] Target: 
setenv bootcmd ''${bootcmd}' if iminfo ${loadaddr}; then bootm ${loadaddr} - ${fdtaddr}; else bootz ${loadaddr} - ${fdtaddr}; bootm ${loadaddr} - ${fdtaddr}; fi'
U-Boot# 
- 06:09:36 [INFO] Host: bdinfo
- 06:09:36 [INFO] Target: 
bdinfo
arch_number = 0x00000E05
boot_params = 0x80000100
DRAM bank   = 0x00000000
-> start    = 0x80000000
-> size     = 0x10000000
eth0name    = cpsw
ethaddr     = c8:a0:30:a1:db:61
eth1name    = usb_ether
eth1addr    = c8:a0:30:a1:db:63
current eth = cpsw
ip_addr     = 192.168.1.191
baudrate    = 115200 bps
TLB addr    = 0x8FFF0000
relocaddr   = 0x8F74E000
reloc off   = 0x0EF4E000
irq_sp      = 0x8F32DF38
sp start    = 0x8F32DF28
U-Boot# 
- 06:09:36 [INFO] Host: mmc rescan
- 06:09:37 [INFO] Target: 
mmc rescan
U-Boot# 
- 06:09:37 [INFO] Host: fatwrite mmc ${mmcdev}:1 ${loadaddr} ws-calibrate.rules 4
- 06:09:37 [INFO] Target: 
fatwrite mmc ${mmcdev}:1 ${loadaddr} ws-calibrate.rules 4
writing ws-calibrate.rules
4 bytes written
U-Boot# 
- 06:09:37 [INFO] Host: boot
- 06:12:07 [ERROR] On command: boot waiting for boot.+?(?-mix:.*\s+login) >>> error: execution expired
- 06:12:07 [INFO] Target: 
boot
## Checking Image at 80200000 ...
Unknown image format!
Kernel image @ 0x80200000 [ 0x000000 - 0x5f9798 ]
## Flattened Device Tree blob at 80f80000
   Booting using the fdt blob at 0x80f80000
   Loading Device Tree to 8f321000, end 8f32c92b ... OK
Starting kernel ...
[    0.000000] Booting Linux on physical CPU 0x0
[    0.000000] Linux version 4.1.0-rc3-next-20150513-00002-g6cf2facc4245 (nmenon@kahuna) (gcc version 4.6.3 (Ubuntu/Linaro 4.6.3-1ubuntu5) ) #1 SMP Wed May 13 06:04:53 CDT 2015
[    0.000000] CPU: ARMv7 Processor [413fc082] revision 2 (ARMv7), cr=10c5387d
[    0.000000] CPU: PIPT / VIPT nonaliasing data cache, VIPT aliasing instruction cache
[    0.000000] Machine model: TI AM335x EVM-SK
[    0.000000] cma: Reserved 64 MiB at 0x8b000000
[    0.000000] Memory policy: Data cache writeback
[    0.000000] CPU: All CPU(s) started in SVC mode.
[    0.000000] AM335X ES2.1 (sgx neon )
[    0.000000] PERCPU: Embedded 12 pages/cpu @cfca3000 s16960 r8192 d24000 u49152
[    0.000000] Built 1 zonelists in Zone order, mobility grouping on.  Total pages: 64768
[    0.000000] Kernel command line: console=ttyO0,115200n8 earlyprintk rootwait ip=dhcp root=PARTUUID=00000000-02 rw rootfstype=ext4 rootwait
[    0.000000] PID hash table entries: 1024 (order: 0, 4096 bytes)
[    0.000000] Dentry cache hash table entries: 32768 (order: 5, 131072 bytes)
[    0.000000] Inode-cache hash table entries: 16384 (order: 4, 65536 bytes)
[    0.000000] Memory: 178980K/261120K available (8043K kernel code, 1031K rwdata, 3640K rodata, 896K init, 318K bss, 16604K reserved, 65536K cma-reserved, 0K highmem)
[    0.000000] Virtual kernel memory layout:
[    0.000000]     vector  : 0xffff0000 - 0xffff1000   (   4 kB)
[    0.000000]     fixmap  : 0xffc00000 - 0xfff00000   (3072 kB)
[    0.000000]     vmalloc : 0xd0800000 - 0xff000000   ( 744 MB)
[    0.000000]     lowmem  : 0xc0000000 - 0xd0000000   ( 256 MB)
[    0.000000]     pkmap   : 0xbfe00000 - 0xc0000000   (   2 MB)
[    0.000000]     modules : 0xbf000000 - 0xbfe00000   (  14 MB)
[    0.000000]       .text : 0xc0208000 - 0xc0d71e40   (11688 kB)
[    0.000000]       .init : 0xc0d72000 - 0xc0e52000   ( 896 kB)
[    0.000000]       .data : 0xc0e52000 - 0xc0f53de0   (1032 kB)
[    0.000000]        .bss : 0xc0f56000 - 0xc0fa5b60   ( 319 kB)
[    0.000000] SLUB: HWalign=64, Order=0-3, MinObjects=0, CPUs=1, Nodes=1
[    0.000000] Hierarchical RCU implementation.
[    0.000000] 	Additional per-CPU info printed with stalls.
[    0.000000] 	Build-time adjustment of leaf fanout to 32.
[    0.000000] 	RCU restricting CPUs from NR_CPUS=16 to nr_cpu_ids=1.
[    0.000000] RCU: Adjusting geometry for rcu_fanout_leaf=32, nr_cpu_ids=1
[    0.000000] NR_IRQS:16 nr_irqs:16 16
[    0.000000] IRQ: Found an INTC at 0xfa200000 (revision 5.0) with 128 interrupts
[    0.000000] OMAP clockevent source: timer2 at 24000000 Hz
[    0.000015] sched_clock: 32 bits at 24MHz, resolution 41ns, wraps every 89478484971ns
[    0.000035] clocksource timer1: mask: 0xffffffff max_cycles: 0xffffffff, max_idle_ns: 79635851949 ns
[    0.000046] OMAP clocksource: timer1 at 24000000 Hz
[    0.000235] Console: colour dummy device 80x30
[    0.000268] Calibrating delay loop... 997.78 BogoMIPS (lpj=2494464)
[    0.059323] pid_max: default: 32768 minimum: 301
[    0.059457] Mount-cache hash table entries: 1024 (order: 0, 4096 bytes)
[    0.059468] Mountpoint-cache hash table entries: 1024 (order: 0, 4096 bytes)
[    0.060167] CPU: Testing write buffer coherency: ok
[    0.060508] CPU0: thread -1, cpu 0, socket -1, mpidr 0
[    0.060605] Setting up static identity map for 0x80209000 - 0x80209098
[    0.062947] Brought up 1 CPUs
[    0.062967] SMP: Total of 1 processors activated (997.78 BogoMIPS).
[    0.062975] CPU: All CPU(s) started in SVC mode.
[    0.063596] devtmpfs: initialized
[    0.064543] VFP support v0.3: implementor 41 architecture 3 part 30 variant c rev 3
[    0.075049] omap_hwmod: tptc0 using broken dt data from edma
[    0.075173] omap_hwmod: tptc1 using broken dt data from edma
[    0.075281] omap_hwmod: tptc2 using broken dt data from edma
[    0.079864] omap_hwmod: debugss: _wait_target_disable failed
[    0.134420] clocksource jiffies: mask: 0xffffffff max_cycles: 0xffffffff, max_idle_ns: 9556302231375000 ns
[    0.138835] pinctrl core: initialized pinctrl subsystem
[    0.150803] NET: Registered protocol family 16
[    0.153088] DMA: preallocated 256 KiB pool for atomic coherent allocations
[    0.155210] cpuidle: using governor ladder
[    0.155235] cpuidle: using governor menu
[    0.158811] OMAP GPIO hardware version 0.1
[    0.169399] No ATAGs?
[    0.169429] hw-breakpoint: debug architecture 0x4 unsupported.
[    0.172951] Serial: AMBA PL011 UART driver
[    0.192066] edma-dma-engine edma-dma-engine.0: TI EDMA DMA engine driver
[    0.193209] reg-fixed-voltage fixedregulator@2: could not find pctldev for node /ocp/l4_wkup@44c00000/scm@210000/pinmux@800/pinmux_wl12xx_gpio, deferring probe
[    0.196086] vgaarb: loaded
[    0.196868] SCSI subsystem initialized
[    0.197548] usbcore: registered new interface driver usbfs
[    0.197619] usbcore: registered new interface driver hub
[    0.197684] usbcore: registered new device driver usb
[    0.198452] omap_i2c 44e0b000.i2c: could not find pctldev for node /ocp/l4_wkup@44c00000/scm@210000/pinmux@800/pinmux_i2c0_pins, deferring probe
[    0.199068] media: Linux media interface: v0.10
[    0.199131] Linux video capture interface: v2.00
[    0.199185] pps_core: LinuxPPS API ver. 1 registered
[    0.199192] pps_core: Software ver. 5.3.6 - Copyright 2005-2007 Rodolfo Giometti <giometti@linux.it>
[    0.199220] PTP clock support registered
[    0.199540] EDAC MC: Ver: 3.0.0
[    0.201068] Advanced Linux Sound Architecture Driver Initialized.
[    0.202482] Switched to clocksource timer1
[    0.213219] NET: Registered protocol family 2
[    0.213878] TCP established hash table entries: 2048 (order: 1, 8192 bytes)
[    0.213916] TCP bind hash table entries: 2048 (order: 2, 16384 bytes)
[    0.213949] TCP: Hash tables configured (established 2048 bind 2048)
[    0.214023] UDP hash table entries: 256 (order: 1, 8192 bytes)
[    0.214043] UDP-Lite hash table entries: 256 (order: 1, 8192 bytes)
[    0.214207] NET: Registered protocol family 1
[    0.214608] RPC: Registered named UNIX socket transport module.
[    0.214622] RPC: Registered udp transport module.
[    0.214628] RPC: Registered tcp transport module.
[    0.214634] RPC: Registered tcp NFSv4.1 backchannel transport module.
[    0.215628] CPU PMU: Failed to parse /pmu/interrupt-affinity[0]
[    0.215681] hw perfevents: enabled with armv7_cortex_a8 PMU driver, 5 counters available
[    0.217875] futex hash table entries: 256 (order: 2, 16384 bytes)
[    0.229934] squashfs: version 4.0 (2009/01/31) Phillip Lougher
[    0.230942] NFS: Registering the id_resolver key type
[    0.231010] Key type id_resolver registered
[    0.231019] Key type id_legacy registered
[    0.231098] ntfs: driver 2.1.32 [Flags: R/O].
[    0.232799] Block layer SCSI generic (bsg) driver version 0.4 loaded (major 248)
[    0.232831] io scheduler noop registered
[    0.232844] io scheduler deadline registered
[    0.233039] io scheduler cfq registered (default)
[    0.236476] pinctrl-single 44e10800.pinmux: 142 pins at pa f9e10800 size 568
[    0.241899] backlight supply power not found, using dummy regulator
[    0.242064] pwm-backlight backlight: unable to request PWM, trying legacy API
[    0.242078] pwm-backlight backlight: unable to request legacy PWM
[    0.303459] Serial: 8250/16550 driver, 4 ports, IRQ sharing disabled
[    0.305928] SuperH (H)SCI(F) driver initialized
[    0.306557] msm_serial: driver initialized
[    0.307119] omap_uart 44e09000.serial: no wakeirq for uart0
[    0.307301] 44e09000.serial: ttyO0 at MMIO 0x44e09000 (irq = 154, base_baud = 3000000) is a OMAP UART0
[    1.015149] console [ttyO0] enabled
[    1.019417] STMicroelectronics ASC driver initialized
[    1.026191] [drm] Initialized drm 1.1.0 20060810
[    1.038524] loop: module loaded
[    1.048095] CAN device driver interface
[    1.053131] igb: Intel(R) Gigabit Ethernet Network Driver - version 5.2.15-k
[    1.060556] igb: Copyright (c) 2007-2014 Intel Corporation.
[    1.068099] pegasus: v0.9.3 (2013/04/25), Pegasus/Pegasus II USB Ethernet driver
[    1.075977] usbcore: registered new interface driver pegasus
[    1.082005] usbcore: registered new interface driver asix
[    1.087749] usbcore: registered new interface driver ax88179_178a
[    1.094210] usbcore: registered new interface driver cdc_ether
[    1.100413] usbcore: registered new interface driver smsc75xx
[    1.106525] usbcore: registered new interface driver smsc95xx
[    1.112635] usbcore: registered new interface driver net1080
[    1.118638] usbcore: registered new interface driver cdc_subset
[    1.124911] usbcore: registered new interface driver zaurus
[    1.130886] usbcore: registered new interface driver cdc_ncm
[    1.138229] ehci_hcd: USB 2.0 'Enhanced' Host Controller (EHCI) Driver
[    1.145119] ehci-pci: EHCI PCI platform driver
[    1.149855] ehci-platform: EHCI generic platform driver
[    1.155519] ehci-omap: OMAP-EHCI Host Controller driver
[    1.161140] ehci-orion: EHCI orion driver
[    1.165474] SPEAr-ehci: EHCI SPEAr driver
[    1.169811] ehci-st: EHCI STMicroelectronics driver
[    1.175055] ehci-exynos: EHCI EXYNOS driver
[    1.179590] tegra-ehci: Tegra EHCI driver
[    1.183949] ohci_hcd: USB 1.1 'Open' Host Controller (OHCI) Driver
[    1.190485] ohci-pci: OHCI PCI platform driver
[    1.195228] ohci-platform: OHCI generic platform driver
[    1.200875] ohci-omap3: OHCI OMAP3 driver
[    1.205222] SPEAr-ohci: OHCI SPEAr driver
[    1.209560] ohci-st: OHCI STMicroelectronics driver
[    1.214910] usbcore: registered new interface driver usb-storage
[    1.222711] mousedev: PS/2 mouse device common for all mice
[    1.232053] i2c /dev entries driver
[    1.237556] usbcore: registered new interface driver uvcvideo
[    1.243607] USB Video Class driver (1.1.1)
[    1.247921] gspca_main: v2.14.0 registered
[    1.255819] sdhci: Secure Digital Host Controller Interface driver
[    1.262361] sdhci: Copyright(c) Pierre Ossman
[    1.267918] omap_hsmmc 48060000.mmc: Got CD GPIO
[    1.273300] omap_hsmmc 48060000.mmc: unable to get vmmc regulator -517
[    1.280660] omap_hsmmc 481d8000.mmc: unable to get vmmc regulator -517
[    1.288361] Synopsys Designware Multimedia Card Interface Driver
[    1.295597] sdhci-pltfm: SDHCI platform and OF driver helper
[    1.303683] ledtrig-cpu: registered to indicate activity on CPUs
[    1.310346] usbcore: registered new interface driver usbhid
[    1.316220] usbhid: USB HID core driver
[    1.323473] usbcore: registered new interface driver snd-usb-audio
[    1.333255] NET: Registered protocol family 17
[    1.338005] can: controller area network core (rev 20120528 abi 9)
[    1.344615] NET: Registered protocol family 29
[    1.349309] can: raw protocol (rev 20120528)
[    1.353806] can: broadcast manager protocol (rev 20120528 t)
[    1.359764] can: netlink gateway (rev 20130117) max_hops=1
[    1.366082] Key type dns_resolver registered
[    1.370854] omap_voltage_late_init: Voltage driver support not added
[    1.378521] ThumbEE CPU extension supported.
[    1.383105] Registering SWP/SWPB emulation handler
[    1.407693] tps65910 0-002d: No interrupt support, no core IRQ
[    1.438619] tps65910-rtc tps65910-rtc: IRQ is not free.
[    1.444164] tps65910-rtc: probe of tps65910-rtc failed with error -22
[    1.452150] omap_i2c 44e0b000.i2c: bus 0 rev0.11 at 400 kHz
[    1.458820] backlight supply power not found, using dummy regulator
[    1.465616] pwm-backlight backlight: unable to request PWM, trying legacy API
[    1.473145] pwm-backlight backlight: unable to request legacy PWM
[    1.481818] omap_hsmmc 48060000.mmc: Got CD GPIO
[    1.487119] vmmc: supplied by vbat
[    1.549821] mmc0: host does not support reading read-only switch, assuming write-enable
[    1.560167] mmc0: new high speed SDHC card at address 0007
[    1.566464] mmcblk0: mmc0:0007 SD8GB 7.42 GiB 
[    1.572795]  mmcblk0: p1 p2
[    1.623244] vdd_mpu: supplied by vbat
[    1.627733] cpufreq: cpufreq_add_dev: CPU0: Running at unlisted freq: 1000000 KHz
[    1.635999] cpufreq: cpufreq_add_dev: CPU0: Unlisted initial frequency changed to: 720000 KHz
[    1.646144] backlight supply power not found, using dummy regulator
[    1.652983] pwm-backlight backlight: unable to request PWM, trying legacy API
[    1.660514] pwm-backlight backlight: unable to request legacy PWM
[    1.688934] omap_hsmmc 481d8000.mmc: card claims to support voltages below defined range
[    1.708113] mmc1: queuing unknown CIS tuple 0x91 (3 bytes)
[    1.715464] mmc1: new SDIO card at address 0001
[    1.722525] davinci_mdio 4a101000.mdio: davinci mdio revision 1.6
[    1.728959] davinci_mdio 4a101000.mdio: detected phy mask fffffffc
[    1.737673] backlight supply power not found, using dummy regulator
[    1.744498] pwm-backlight backlight: unable to request PWM, trying legacy API
[    1.752046] pwm-backlight backlight: unable to request legacy PWM
[    1.760355] libphy: 4a101000.mdio: probed
[    1.764702] davinci_mdio 4a101000.mdio: phy[0]: device 4a101000.mdio:00, driver Atheros 8031 ethernet
[    1.774419] davinci_mdio 4a101000.mdio: phy[1]: device 4a101000.mdio:01, driver Atheros 8031 ethernet
[    1.785885] cpsw 4a100000.ethernet: Detected MACID = c8:a0:30:a1:db:61
[    1.794061] cpsw 4a100000.ethernet: cpsw: Detected MACID = c8:a0:30:a1:db:63
[    1.803731] input: gpio_buttons@0 as /devices/platform/gpio_buttons@0/input/input0
[    1.813179] backlight supply power not found, using dummy regulator
[    1.820059] pwm-backlight backlight: unable to request PWM, trying legacy API
[    1.827607] pwm-backlight backlight: unable to request legacy PWM
[    1.835538] hctosys: unable to open rtc device (rtc0)
[    1.847029] net eth0: initializing cpsw version 1.12 (0)
[    1.856415] backlight supply power not found, using dummy regulator
[    1.863268] pwm-backlight backlight: unable to request PWM, trying legacy API
[    1.870808] pwm-backlight backlight: unable to request legacy PWM
[    1.918239] net eth0: phy found : id is : 0x4dd074
[    1.927364] net eth1: initializing cpsw version 1.12 (0)
[    1.998311] net eth1: phy found : id is : 0x4dd074
[    5.918441] cpsw 4a100000.ethernet eth0: Link is Up - 1Gbps/Full - flow control rx/tx
[    5.937565] Sending DHCP requests .
[    5.943544] Unable to handle kernel NULL pointer dereference at virtual address 00000572
[    5.952323] pgd = c0204000
[    5.955220] [00000572] *pgd=00000000
[    5.959053] Internal error: Oops: 5 [#1] SMP ARM
[    5.963925] Modules linked in:
[    5.967177] CPU: 0 PID: 0 Comm: swapper/0 Not tainted 4.1.0-rc3-next-20150513-00002-g6cf2facc4245 #1
[    5.976800] Hardware name: Generic AM33XX (Flattened Device Tree)
[    5.983228] task: c0e579e8 ti: c0e52000 task.ti: c0e52000
[    5.988956] PC is at cpsw_rx_handler+0x18/0x1c0
[    5.993744] LR is at __cpdma_chan_free+0x90/0xa0
[    5.998623] pc : [<c070ec00>]    lr : [<c070a400>]    psr: 20000113
[    5.998623] sp : c0e53e10  ip : 00000001  fp : 0ee56000
[    6.010719] r10: 00010000  r9 : c0e51100  r8 : 00000156
[    6.016230] r7 : 000004c0  r6 : cac8c600  r5 : 00000000  r4 : d0858000
[    6.023113] r3 : c070ebe8  r2 : 00010000  r1 : 00000156  r0 : cac8c600
[    6.030000] Flags: nzCv  IRQs on  FIQs on  Mode SVC_32  ISA ARM  Segment kernel
[    6.037707] Control: 10c5387d  Table: 80204019  DAC: 00000015
[    6.043767] Process swapper/0 (pid: 0, stack limit = 0xc0e52220)
[    6.050101] Stack: (0xc0e53e10 to 0xc0e54000)
[    6.054707] 3e00:                                     cacb6eb8 80000113 d0858000 cac8c790
[    6.063340] 3e20: cacb6e90 cac8c600 00000156 c070a400 00000000 ca844000 c0e53e64 00010000
[    6.071971] 3e40: cac8c790 d0858000 00000156 cac8c7b0 cacb6e90 c070a4f4 00000001 cac8c790
[    6.080603] 3e60: 00000000 00000040 00000000 ffff1a46 c0e53eb0 c070a570 cab6b4d0 00000001
[    6.089234] 3e80: 00000040 c070e9b4 cab6b4d0 00000001 00000040 0000012c ffff1a46 c08e235c
[    6.097866] 3ea0: 00000001 c0e54100 c0e53eb8 cfca7100 c0e53eb0 c0e53eb0 c0e53eb8 c0e53eb8
[    6.106497] 3ec0: 00000000 00000000 c0e5408c 00000100 c0e54080 c0e4d308 00000003 c0f58c00
[    6.115128] 3ee0: 00000003 c024f200 00000001 ca8e4900 c0e54080 0000000a ffff1a45 00200000
[    6.123759] 3f00: 00000001 c0e4ec7c 00000000 00000000 00000029 ca806000 00000001 c0e4d344
[    6.132391] 3f20: 00000000 c024f5e4 c0e4ec7c c0285848 c0f8a97c 00000029 c0e9b4bc c0e53f60
[    6.141023] 3f40: c0f8a97c c020a650 c0211120 60000113 ffffffff c0e53f94 c0e54510 c0213f00
[    6.149655] 3f60: 00000001 00000000 c0e53fb0 c02217c0 c0e54508 c0e544a4 00000000 c0e4fdf8
[    6.158286] 3f80: c0e54510 00000001 c0e4d344 00000000 00000000 c0e53fa8 c021111c c0211120
[    6.166917] 3fa0: 60000113 ffffffff 00000000 c027b42c 000000ee c0f56000 00000000 c0d72bd4
[    6.175548] 3fc0: ffffffff ffffffff c0d72664 00000000 00000000 c0df6808 00000000 c0f565d4
[    6.184179] 3fe0: c0e54480 c0df6804 c0e58b0c 80204059 00000000 8020807c 00000000 00000000
[    6.192841] [<c070ec00>] (cpsw_rx_handler) from [<c070a400>] (__cpdma_chan_free+0x90/0xa0)
[    6.201574] [<c070a400>] (__cpdma_chan_free) from [<c070a4f4>] (__cpdma_chan_process+0xe4/0x120)
[    6.210852] [<c070a4f4>] (__cpdma_chan_process) from [<c070a570>] (cpdma_chan_process+0x40/0x50)
[    6.220128] [<c070a570>] (cpdma_chan_process) from [<c070e9b4>] (cpsw_poll+0x28/0xc0)
[    6.228419] [<c070e9b4>] (cpsw_poll) from [<c08e235c>] (net_rx_action+0xf8/0x2d4)
[    6.236332] [<c08e235c>] (net_rx_action) from [<c024f200>] (__do_softirq+0xec/0x238)
[    6.244510] [<c024f200>] (__do_softirq) from [<c024f5e4>] (irq_exit+0xa8/0x114)
[    6.252231] [<c024f5e4>] (irq_exit) from [<c0285848>] (__handle_domain_irq+0x58/0xac)
[    6.260504] [<c0285848>] (__handle_domain_irq) from [<c020a650>] (omap_intc_handle_irq+0xa8/0xb8)
[    6.269871] [<c020a650>] (omap_intc_handle_irq) from [<c0213f00>] (__irq_svc+0x40/0x54)
[    6.278306] Exception stack(0xc0e53f60 to 0xc0e53fa8)
[    6.283647] 3f60: 00000001 00000000 c0e53fb0 c02217c0 c0e54508 c0e544a4 00000000 c0e4fdf8
[    6.292278] 3f80: c0e54510 00000001 c0e4d344 00000000 00000000 c0e53fa8 c021111c c0211120
[    6.300897] 3fa0: 60000113 ffffffff
[    6.304607] [<c0213f00>] (__irq_svc) from [<c0211120>] (arch_cpu_idle+0x30/0x3c)
[    6.312429] [<c0211120>] (arch_cpu_idle) from [<c027b42c>] (cpu_startup_entry+0x1cc/0x24c)
[    6.321175] [<c027b42c>] (cpu_startup_entry) from [<c0d72bd4>] (start_kernel+0x348/0x3b4)
[    6.329811] [<c0d72bd4>] (start_kernel) from [<8020807c>] (0x8020807c)
[    6.336707] Code: e5905014 e24dd008 e1a08001 e2857d13 (e5d53572) 
[    6.343217] ---[ end trace 3f267676d36ecb89 ]---
[    6.348132] Kernel panic - not syncing: Fatal exception in interrupt
[    6.354846] ---[ end Kernel panic - not syncing: Fatal exception in interrupt
[   41.607531] random: nonblocking pool is initialized
URL:gtsystest.telogy.design.ti.com/vatf/tidfarm-01.dal.design.ti.com/tidfarm-01.dal.design.ti.com_vatf@am335x-sk/tidfarm-01.dal.design.ti.com05_13_2015_06_08_32/files/session_iteration_1/test_1
