- 07:17:17 [INFO] Starting target session
- 07:17:17 [INFO] Connected to am335x-sk via serial 
- 07:17:17 [INFO] Host: #check prompt
- 07:17:19 [ERROR] On command: #check prompt waiting for (?-mix:((?-mix:login:)|[Pp]assword)) >>> error: execution expired
- 07:17:19 [INFO] Target: 

- 07:17:19 [INFO] Host: #check prompt
- 07:17:21 [ERROR] On command: #check prompt waiting for (?-mix:[\w\d]+@.+[@:#]+) >>> error: execution expired
- 07:17:21 [INFO] Target: 

- 07:17:21 [INFO] Disconnected serial from am335x-sk
- 07:17:53 [INFO] Connected to am335x-sk via serial 
- 07:17:53 [INFO] Host: 
- 07:17:54 [INFO] Target: 
NAND:  0 MiB
MMC:   OMAP SD/MMC: 0, OMAP SD/MMC: 1
*** Warning - readenv() failed, using default environment

Net:   <ethaddr> not set. Validating first E-fuse MAC
cpsw, usb_ether
Hit any key to stop autoboot:  1  0 
U-Boot# 
- 07:17:54 [INFO] Host: 
- 07:17:54 [INFO] Target: 

U-Boot# 
- 07:17:54 [INFO] Host: version
- 07:17:55 [INFO] Target: 
version

U-Boot 2014.07-rc2 (May 29 2014 - 18:04:30)
arm-linux-gnueabihf-gcc (crosstool-NG linaro-1.13.1-4.7-2013.03-20130313 - Linaro GCC 2013.03) 4.7.3 20130226 (prerelease)
GNU ld (crosstool-NG linaro-1.13.1-4.7-2013.03-20130313 - Linaro GCC 2013.03) 2.23.1
U-Boot# 
- 07:17:55 [INFO] Host: setenv bootargs 'console=ttyO0,115200n8 earlyprintk rootwait '
- 07:17:55 [INFO] Target: 
setenv bootargs 'console=ttyO0,115200n8 earlyprintk rootwait '
U-Boot# 
- 07:17:55 [INFO] Host: setenv bootcmd  ''
- 07:17:56 [INFO] Target: 
setenv bootcmd  ''
U-Boot# 
- 07:17:56 [INFO] Host: setenv autoload 'no'
- 07:17:56 [INFO] Target: 
setenv autoload 'no'
U-Boot# 
- 07:17:56 [INFO] Host: setenv serverip '192.168.0.1'
- 07:17:57 [INFO] Target: 
setenv serverip '192.168.0.1'
U-Boot# 
- 07:17:57 [INFO] Host: printenv
- 07:17:57 [INFO] Target: 
printenv
arch=arm
autoload=no
baudrate=115200
board=am335x
board_name=A335X_SK
board_rev=1.2C
boot_fdt=try
bootargs=console=ttyO0,115200n8 earlyprintk rootwait 
bootcmd=
bootcount=1
bootdelay=1
bootdir=/boot
bootenv=uEnv.txt
bootfile=zImage
bootm_size=0x10000000
bootpart=0:2
console=ttyO0,115200n8
cpu=armv7
dfu_alt_info_emmc=rawemmc mmc 0 3751936
dfu_alt_info_mmc=boot part 0 1;rootfs part 0 2;MLO fat 0 1;MLO.raw mmc 0x100 0x100;u-boot.img.raw mmc 0x300 0x400;spl-os-args.raw mmc 0x80 0x80;spl-os-image.raw mmc 0x900 0x2000;spl-os-args fat 0 1;spl-os-image fat 0 1;u-boot.img fat 0 1;uEnv.txt fat 0 1
dfu_alt_info_nand=SPL part 0 1;SPL.backup1 part 0 2;SPL.backup2 part 0 3;SPL.backup3 part 0 4;u-boot part 0 5;u-boot-spl-os part 0 6;kernel part 0 8;rootfs part 0 9
dfu_alt_info_ram=kernel ram 0x80200000 0xD80000;fdt ram 0x80F80000 0x80000;ramdisk ram 0x81000000 0x4000000
eth1addr=c8:a0:30:a1:db:5a
ethact=cpsw
ethaddr=c8:a0:30:a1:db:58
fdt_addr_r=0x88000000
fdtaddr=0x88000000
fdtfile=undefined
findfdt=if test $board_name = A335BONE; then setenv fdtfile am335x-bone.dtb; fi; if test $board_name = A335BNLT; then setenv fdtfile am335x-boneblack.dtb; fi; if test $board_name = A33515BB; then setenv fdtfile am335x-evm.dtb; fi; if test $board_name = A335X_SK; then setenv fdtfile am335x-evmsk.dtb; fi; if test $fdtfile = undefined; then echo WARNING: Could not determine device tree to use; fi; 
importbootenv=echo Importing environment from mmc ...; env import -t $loadaddr $filesize
kernel_addr_r=0x82000000
loadaddr=0x82000000
loadbootenv=load mmc ${mmcdev} ${loadaddr} ${bootenv}
loadfdt=load mmc ${bootpart} ${fdtaddr} ${bootdir}/${fdtfile}
loadimage=load mmc ${bootpart} ${loadaddr} ${bootdir}/${bootfile}
loadramdisk=load mmc ${mmcdev} ${rdaddr} ramdisk.gz
mmcargs=setenv bootargs console=${console} ${optargs} root=${mmcroot} rootfstype=${mmcrootfstype}
mmcboot=mmc dev ${mmcdev}; if mmc rescan; then echo SD/MMC found on device ${mmcdev};if run loadbootenv; then echo Loaded environment from ${bootenv};run importbootenv;fi;if test -n $uenvcmd; then echo Running uenvcmd ...;run uenvcmd;fi;if run loadimage; then run mmcloados;fi;fi;
mmcdev=0
mmcloados=run mmcargs; if test ${boot_fdt} = yes || test ${boot_fdt} = try; then if run loadfdt; then bootz ${loadaddr} - ${fdtaddr}; else if test ${boot_fdt} = try; then bootz; else echo WARN: Cannot load the DT; fi; fi; else bootz; fi;
mmcroot=/dev/mmcblk0p2 ro
mmcrootfstype=ext4 rootwait
mtdids=nand0=omap2-nand.0
mtdparts=mtdparts=omap2-nand.0:128k(SPL),128k(SPL.backup1),128k(SPL.backup2),128k(SPL.backup3),1792k(u-boot),128k(u-boot-spl-os),128k(u-boot-env),5m(kernel),-(rootfs)
nandargs=setenv bootargs console=${console} ${optargs} root=${nandroot} rootfstype=${nandrootfstype}
nandboot=echo Booting from nand ...; run nandargs; nand read ${fdtaddr} u-boot-spl-os; nand read ${loadaddr} kernel; bootz ${loadaddr} - ${fdtaddr}
nandroot=ubi0:rootfs rw ubi.mtd=7,2048
nandrootfstype=ubifs rootwait=1
netargs=setenv bootargs console=${console} ${optargs} root=/dev/nfs nfsroot=${serverip}:${rootpath},${nfsopts} rw ip=dhcp
netboot=echo Booting from network ...; setenv autoload no; dhcp; tftp ${loadaddr} ${bootfile}; tftp ${fdtaddr} ${fdtfile}; run netargs; bootz ${loadaddr} - ${fdtaddr}
nfsopts=nolock
partitions=uuid_disk=${uuid_gpt_disk};name=rootfs,start=2MiB,size=-,uuid=${uuid_gpt_rootfs}
ramargs=setenv bootargs console=${console} ${optargs} root=${ramroot} rootfstype=${ramrootfstype}
ramboot=echo Booting from ramdisk ...; run ramargs; bootz ${loadaddr} ${rdaddr} ${fdtaddr}
ramdisk_addr_r=0x88080000
ramroot=/dev/ram0 rw
ramrootfstype=ext2
rdaddr=0x88080000
rootpath=/export/rootfs
serverip=192.168.0.1
soc=am33xx
spiargs=setenv bootargs console=${console} ${optargs} root=${spiroot} rootfstype=${spirootfstype}
spiboot=echo Booting from spi ...; run spiargs; sf probe ${spibusno}:0; sf read ${loadaddr} ${spisrcaddr} ${spiimgsize}; bootz ${loadaddr}
spibusno=0
spiimgsize=0x362000
spiroot=/dev/mtdblock4 rw
spirootfstype=jffs2
spisrcaddr=0xe0000
static_ip=${ipaddr}:${serverip}:${gatewayip}:${netmask}:${hostname}::off
stderr=serial
stdin=serial
stdout=serial
usbnet_devaddr=c8:a0:30:a1:db:5a
vendor=ti
ver=U-Boot 2014.07-rc2 (May 29 2014 - 18:04:30)

Environment size: 4366/131068 bytes
U-Boot# 
- 07:17:57 [INFO] Host: printenv
- 07:17:58 [INFO] Target: 
printenv
arch=arm
autoload=no
baudrate=115200
board=am335x
board_name=A335X_SK
board_rev=1.2C
boot_fdt=try
bootargs=console=ttyO0,115200n8 earlyprintk rootwait 
bootcmd=
bootcount=1
bootdelay=1
bootdir=/boot
bootenv=uEnv.txt
bootfile=zImage
bootm_size=0x10000000
bootpart=0:2
console=ttyO0,115200n8
cpu=armv7
dfu_alt_info_emmc=rawemmc mmc 0 3751936
dfu_alt_info_mmc=boot part 0 1;rootfs part 0 2;MLO fat 0 1;MLO.raw mmc 0x100 0x100;u-boot.img.raw mmc 0x300 0x400;spl-os-args.raw mmc 0x80 0x80;spl-os-image.raw mmc 0x900 0x2000;spl-os-args fat 0 1;spl-os-image fat 0 1;u-boot.img fat 0 1;uEnv.txt fat 0 1
dfu_alt_info_nand=SPL part 0 1;SPL.backup1 part 0 2;SPL.backup2 part 0 3;SPL.backup3 part 0 4;u-boot part 0 5;u-boot-spl-os part 0 6;kernel part 0 8;rootfs part 0 9
dfu_alt_info_ram=kernel ram 0x80200000 0xD80000;fdt ram 0x80F80000 0x80000;ramdisk ram 0x81000000 0x4000000
eth1addr=c8:a0:30:a1:db:5a
ethact=cpsw
ethaddr=c8:a0:30:a1:db:58
fdt_addr_r=0x88000000
fdtaddr=0x88000000
fdtfile=undefined
findfdt=if test $board_name = A335BONE; then setenv fdtfile am335x-bone.dtb; fi; if test $board_name = A335BNLT; then setenv fdtfile am335x-boneblack.dtb; fi; if test $board_name = A33515BB; then setenv fdtfile am335x-evm.dtb; fi; if test $board_name = A335X_SK; then setenv fdtfile am335x-evmsk.dtb; fi; if test $fdtfile = undefined; then echo WARNING: Could not determine device tree to use; fi; 
importbootenv=echo Importing environment from mmc ...; env import -t $loadaddr $filesize
kernel_addr_r=0x82000000
loadaddr=0x82000000
loadbootenv=load mmc ${mmcdev} ${loadaddr} ${bootenv}
loadfdt=load mmc ${bootpart} ${fdtaddr} ${bootdir}/${fdtfile}
loadimage=load mmc ${bootpart} ${loadaddr} ${bootdir}/${bootfile}
loadramdisk=load mmc ${mmcdev} ${rdaddr} ramdisk.gz
mmcargs=setenv bootargs console=${console} ${optargs} root=${mmcroot} rootfstype=${mmcrootfstype}
mmcboot=mmc dev ${mmcdev}; if mmc rescan; then echo SD/MMC found on device ${mmcdev};if run loadbootenv; then echo Loaded environment from ${bootenv};run importbootenv;fi;if test -n $uenvcmd; then echo Running uenvcmd ...;run uenvcmd;fi;if run loadimage; then run mmcloados;fi;fi;
mmcdev=0
mmcloados=run mmcargs; if test ${boot_fdt} = yes || test ${boot_fdt} = try; then if run loadfdt; then bootz ${loadaddr} - ${fdtaddr}; else if test ${boot_fdt} = try; then bootz; else echo WARN: Cannot load the DT; fi; fi; else bootz; fi;
mmcroot=/dev/mmcblk0p2 ro
mmcrootfstype=ext4 rootwait
mtdids=nand0=omap2-nand.0
mtdparts=mtdparts=omap2-nand.0:128k(SPL),128k(SPL.backup1),128k(SPL.backup2),128k(SPL.backup3),1792k(u-boot),128k(u-boot-spl-os),128k(u-boot-env),5m(kernel),-(rootfs)
nandargs=setenv bootargs console=${console} ${optargs} root=${nandroot} rootfstype=${nandrootfstype}
nandboot=echo Booting from nand ...; run nandargs; nand read ${fdtaddr} u-boot-spl-os; nand read ${loadaddr} kernel; bootz ${loadaddr} - ${fdtaddr}
nandroot=ubi0:rootfs rw ubi.mtd=7,2048
nandrootfstype=ubifs rootwait=1
netargs=setenv bootargs console=${console} ${optargs} root=/dev/nfs nfsroot=${serverip}:${rootpath},${nfsopts} rw ip=dhcp
netboot=echo Booting from network ...; setenv autoload no; dhcp; tftp ${loadaddr} ${bootfile}; tftp ${fdtaddr} ${fdtfile}; run netargs; bootz ${loadaddr} - ${fdtaddr}
nfsopts=nolock
partitions=uuid_disk=${uuid_gpt_disk};name=rootfs,start=2MiB,size=-,uuid=${uuid_gpt_rootfs}
ramargs=setenv bootargs console=${console} ${optargs} root=${ramroot} rootfstype=${ramrootfstype}
ramboot=echo Booting from ramdisk ...; run ramargs; bootz ${loadaddr} ${rdaddr} ${fdtaddr}
ramdisk_addr_r=0x88080000
ramroot=/dev/ram0 rw
ramrootfstype=ext2
rdaddr=0x88080000
rootpath=/export/rootfs
serverip=192.168.0.1
soc=am33xx
spiargs=setenv bootargs console=${console} ${optargs} root=${spiroot} rootfstype=${spirootfstype}
spiboot=echo Booting from spi ...; run spiargs; sf probe ${spibusno}:0; sf read ${loadaddr} ${spisrcaddr} ${spiimgsize}; bootz ${loadaddr}
spibusno=0
spiimgsize=0x362000
spiroot=/dev/mtdblock4 rw
spirootfstype=jffs2
spisrcaddr=0xe0000
static_ip=${ipaddr}:${serverip}:${gatewayip}:${netmask}:${hostname}::off
stderr=serial
stdin=serial
stdout=serial
usbnet_devaddr=c8:a0:30:a1:db:5a
vendor=ti
ver=U-Boot 2014.07-rc2 (May 29 2014 - 18:04:30)

Environment size: 4366/131068 bytes
U-Boot# 
- 07:17:58 [INFO] Host: setenv bootargs ''${bootargs}' ip=dhcp '
- 07:17:58 [INFO] Target: 
setenv bootargs ''${bootargs}' ip=dhcp '
U-Boot# 
- 07:17:58 [INFO] Host: setenv serverip '192.168.0.1'
- 07:17:59 [INFO] Target: 
setenv serverip '192.168.0.1'
U-Boot# 
- 07:17:59 [INFO] Host: setenv ipaddr dhcp
- 07:17:59 [INFO] Target: 
setenv ipaddr dhcp
U-Boot# 
- 07:17:59 [INFO] Host: setenv autoload 'no'
- 07:18:00 [INFO] Target: 
setenv autoload 'no'
U-Boot# 
- 07:18:00 [INFO] Host: dhcp
- 07:18:01 [INFO] Target: 
dhcp
link up on port 0, speed 1000, full duplex
BOOTP broadcast 1
DHCP client bound to address 192.168.0.163
U-Boot# 
- 07:18:01 [INFO] Host: setenv serverip '192.168.0.1'
- 07:18:02 [INFO] Target: 
setenv serverip '192.168.0.1'
U-Boot# 
- 07:18:02 [INFO] Host: tftp ${loadaddr} 192.168.0.1:vatf_am335x-sk/367068f44bca91c1dc56f7087a8368d7
- 07:18:03 [INFO] Target: 
tftp ${loadaddr} 192.168.0.1:vatf_am335x-sk/367068f44bca91c1dc56f7087a8368d7
link up on port 0, speed 1000, full duplex
Using cpsw device
TFTP from server 192.168.0.1; our IP address is 192.168.0.163
Filename 'vatf_am335x-sk/367068f44bca91c1dc56f7087a8368d7'.
Load address: 0x82000000
Loading: *#################################################################
	 #################################################################
	 #################################################################
	 #################################################################
	 #################################################################
	 #########################
	 6.1 MiB/s
done
Bytes transferred = 5128104 (4e3fa8 hex)
U-Boot# 
- 07:18:03 [INFO] Host: tftp ${fdt_addr_r} 192.168.0.1:vatf_am335x-sk/e41e0ecdc762a2b0686716ed96528811
- 07:18:03 [INFO] Target: 
tftp ${fdt_addr_r} 192.168.0.1:vatf_am335x-sk/e41e0ecdc762a2b0686716ed96528811
link up on port 0, speed 1000, full duplex
Using cpsw device
TFTP from server 192.168.0.1; our IP address is 192.168.0.163
Filename 'vatf_am335x-sk/e41e0ecdc762a2b0686716ed96528811'.
Load address: 0x88000000
Loading: *###
	 4.7 MiB/s
done
Bytes transferred = 34197 (8595 hex)
U-Boot# 
- 07:18:03 [INFO] Host: ls mmc 0:1
- 07:18:04 [INFO] Target: 
ls mmc 0:1
  2206363   am335x-evm-sk-quickstartguide.pdf 
      140   autorun.inf 
   176621   beaglebone-quickstartguide.pdf 
    82480   mlo 
  2371014   quickstartguide.pdf 
       14   .ipaddr 
     1164   readme 
   408372   u-boot.img 
            windows_users/
        0   pointercal 

9 file(s), 1 dir(s)

U-Boot# 
- 07:18:04 [INFO] Host: ls mmc 0:2
- 07:18:04 [INFO] Target: 
ls mmc 0:2
<DIR>       4096 .
<DIR>       4096 ..
<DIR>       4096 bin
<DIR>       4096 boot
<DIR>       4096 dev
<DIR>       4096 etc
<DIR>       4096 home
<DIR>       4096 lib
<DIR>       4096 media
<DIR>       4096 mnt
<DIR>       4096 opt
<DIR>       4096 proc
<DIR>       4096 sbin
<DIR>       4096 srv
<DIR>       4096 sys
<SYM>          8 tmp
<DIR>       4096 usr
<DIR>       4096 var
<DIR>       4096 www
<SYM>          8 run
<DIR>       4096 Settings
<DIR>       4096 test
U-Boot# 
- 07:18:04 [INFO] Host: part uuid mmc 0:2
- 07:18:05 [INFO] Target: 
part uuid mmc 0:2
00000000-02
U-Boot# 
- 07:18:05 [INFO] Host: printenv
- 07:18:05 [INFO] Target: 
printenv
arch=arm
autoload=no
baudrate=115200
board=am335x
board_name=A335X_SK
board_rev=1.2C
boot_fdt=try
bootargs=console=ttyO0,115200n8 earlyprintk rootwait  ip=dhcp 
bootcmd=
bootcount=1
bootdelay=1
bootdir=/boot
bootenv=uEnv.txt
bootfile=zImage
bootm_size=0x10000000
bootpart=0:2
console=ttyO0,115200n8
cpu=armv7
dfu_alt_info_emmc=rawemmc mmc 0 3751936
dfu_alt_info_mmc=boot part 0 1;rootfs part 0 2;MLO fat 0 1;MLO.raw mmc 0x100 0x100;u-boot.img.raw mmc 0x300 0x400;spl-os-args.raw mmc 0x80 0x80;spl-os-image.raw mmc 0x900 0x2000;spl-os-args fat 0 1;spl-os-image fat 0 1;u-boot.img fat 0 1;uEnv.txt fat 0 1
dfu_alt_info_nand=SPL part 0 1;SPL.backup1 part 0 2;SPL.backup2 part 0 3;SPL.backup3 part 0 4;u-boot part 0 5;u-boot-spl-os part 0 6;kernel part 0 8;rootfs part 0 9
dfu_alt_info_ram=kernel ram 0x80200000 0xD80000;fdt ram 0x80F80000 0x80000;ramdisk ram 0x81000000 0x4000000
dnsip=192.0.2.2
dnsip2=192.0.2.3
eth1addr=c8:a0:30:a1:db:5a
ethact=cpsw
ethaddr=c8:a0:30:a1:db:58
fdt_addr_r=0x88000000
fdtaddr=0x88000000
fdtfile=undefined
fileaddr=88000000
filesize=8595
findfdt=if test $board_name = A335BONE; then setenv fdtfile am335x-bone.dtb; fi; if test $board_name = A335BNLT; then setenv fdtfile am335x-boneblack.dtb; fi; if test $board_name = A33515BB; then setenv fdtfile am335x-evm.dtb; fi; if test $board_name = A335X_SK; then setenv fdtfile am335x-evmsk.dtb; fi; if test $fdtfile = undefined; then echo WARNING: Could not determine device tree to use; fi; 
gatewayip=192.168.0.1
importbootenv=echo Importing environment from mmc ...; env import -t $loadaddr $filesize
ipaddr=192.168.0.163
kernel_addr_r=0x82000000
loadaddr=0x82000000
loadbootenv=load mmc ${mmcdev} ${loadaddr} ${bootenv}
loadfdt=load mmc ${bootpart} ${fdtaddr} ${bootdir}/${fdtfile}
loadimage=load mmc ${bootpart} ${loadaddr} ${bootdir}/${bootfile}
loadramdisk=load mmc ${mmcdev} ${rdaddr} ramdisk.gz
mmcargs=setenv bootargs console=${console} ${optargs} root=${mmcroot} rootfstype=${mmcrootfstype}
mmcboot=mmc dev ${mmcdev}; if mmc rescan; then echo SD/MMC found on device ${mmcdev};if run loadbootenv; then echo Loaded environment from ${bootenv};run importbootenv;fi;if test -n $uenvcmd; then echo Running uenvcmd ...;run uenvcmd;fi;if run loadimage; then run mmcloados;fi;fi;
mmcdev=0
mmcloados=run mmcargs; if test ${boot_fdt} = yes || test ${boot_fdt} = try; then if run loadfdt; then bootz ${loadaddr} - ${fdtaddr}; else if test ${boot_fdt} = try; then bootz; else echo WARN: Cannot load the DT; fi; fi; else bootz; fi;
mmcroot=/dev/mmcblk0p2 ro
mmcrootfstype=ext4 rootwait
mtdids=nand0=omap2-nand.0
mtdparts=mtdparts=omap2-nand.0:128k(SPL),128k(SPL.backup1),128k(SPL.backup2),128k(SPL.backup3),1792k(u-boot),128k(u-boot-spl-os),128k(u-boot-env),5m(kernel),-(rootfs)
nandargs=setenv bootargs console=${console} ${optargs} root=${nandroot} rootfstype=${nandrootfstype}
nandboot=echo Booting from nand ...; run nandargs; nand read ${fdtaddr} u-boot-spl-os; nand read ${loadaddr} kernel; bootz ${loadaddr} - ${fdtaddr}
nandroot=ubi0:rootfs rw ubi.mtd=7,2048
nandrootfstype=ubifs rootwait=1
netargs=setenv bootargs console=${console} ${optargs} root=/dev/nfs nfsroot=${serverip}:${rootpath},${nfsopts} rw ip=dhcp
netboot=echo Booting from network ...; setenv autoload no; dhcp; tftp ${loadaddr} ${bootfile}; tftp ${fdtaddr} ${fdtfile}; run netargs; bootz ${loadaddr} - ${fdtaddr}
netmask=255.255.255.0
nfsopts=nolock
partitions=uuid_disk=${uuid_gpt_disk};name=rootfs,start=2MiB,size=-,uuid=${uuid_gpt_rootfs}
ramargs=setenv bootargs console=${console} ${optargs} root=${ramroot} rootfstype=${ramrootfstype}
ramboot=echo Booting from ramdisk ...; run ramargs; bootz ${loadaddr} ${rdaddr} ${fdtaddr}
ramdisk_addr_r=0x88080000
ramroot=/dev/ram0 rw
ramrootfstype=ext2
rdaddr=0x88080000
rootpath=/export/rootfs
serverip=192.168.0.1
soc=am33xx
spiargs=setenv bootargs console=${console} ${optargs} root=${spiroot} rootfstype=${spirootfstype}
spiboot=echo Booting from spi ...; run spiargs; sf probe ${spibusno}:0; sf read ${loadaddr} ${spisrcaddr} ${spiimgsize}; bootz ${loadaddr}
spibusno=0
spiimgsize=0x362000
spiroot=/dev/mtdblock4 rw
spirootfstype=jffs2
spisrcaddr=0xe0000
static_ip=${ipaddr}:${serverip}:${gatewayip}:${netmask}:${hostname}::off
stderr=serial
stdin=serial
stdout=serial
usbnet_devaddr=c8:a0:30:a1:db:5a
vendor=ti
ver=U-Boot 2014.07-rc2 (May 29 2014 - 18:04:30)

Environment size: 4519/131068 bytes
U-Boot# 
- 07:18:05 [INFO] Host: setenv bootargs ''${bootargs}' root=PARTUUID=00000000-02 rw rootfstype=ext4 rootwait '
- 07:18:06 [INFO] Target: 
setenv bootargs ''${bootargs}' root=PARTUUID=00000000-02 rw rootfstype=ext4 rootwait '
U-Boot# 
- 07:18:06 [INFO] Host: printenv
- 07:18:06 [INFO] Target: 
printenv
arch=arm
autoload=no
baudrate=115200
board=am335x
board_name=A335X_SK
board_rev=1.2C
boot_fdt=try
bootargs=console=ttyO0,115200n8 earlyprintk rootwait  ip=dhcp  root=PARTUUID=00000000-02 rw rootfstype=ext4 rootwait 
bootcmd=
bootcount=1
bootdelay=1
bootdir=/boot
bootenv=uEnv.txt
bootfile=zImage
bootm_size=0x10000000
bootpart=0:2
console=ttyO0,115200n8
cpu=armv7
dfu_alt_info_emmc=rawemmc mmc 0 3751936
dfu_alt_info_mmc=boot part 0 1;rootfs part 0 2;MLO fat 0 1;MLO.raw mmc 0x100 0x100;u-boot.img.raw mmc 0x300 0x400;spl-os-args.raw mmc 0x80 0x80;spl-os-image.raw mmc 0x900 0x2000;spl-os-args fat 0 1;spl-os-image fat 0 1;u-boot.img fat 0 1;uEnv.txt fat 0 1
dfu_alt_info_nand=SPL part 0 1;SPL.backup1 part 0 2;SPL.backup2 part 0 3;SPL.backup3 part 0 4;u-boot part 0 5;u-boot-spl-os part 0 6;kernel part 0 8;rootfs part 0 9
dfu_alt_info_ram=kernel ram 0x80200000 0xD80000;fdt ram 0x80F80000 0x80000;ramdisk ram 0x81000000 0x4000000
dnsip=192.0.2.2
dnsip2=192.0.2.3
eth1addr=c8:a0:30:a1:db:5a
ethact=cpsw
ethaddr=c8:a0:30:a1:db:58
fdt_addr_r=0x88000000
fdtaddr=0x88000000
fdtfile=undefined
fileaddr=88000000
filesize=8595
findfdt=if test $board_name = A335BONE; then setenv fdtfile am335x-bone.dtb; fi; if test $board_name = A335BNLT; then setenv fdtfile am335x-boneblack.dtb; fi; if test $board_name = A33515BB; then setenv fdtfile am335x-evm.dtb; fi; if test $board_name = A335X_SK; then setenv fdtfile am335x-evmsk.dtb; fi; if test $fdtfile = undefined; then echo WARNING: Could not determine device tree to use; fi; 
gatewayip=192.168.0.1
importbootenv=echo Importing environment from mmc ...; env import -t $loadaddr $filesize
ipaddr=192.168.0.163
kernel_addr_r=0x82000000
loadaddr=0x82000000
loadbootenv=load mmc ${mmcdev} ${loadaddr} ${bootenv}
loadfdt=load mmc ${bootpart} ${fdtaddr} ${bootdir}/${fdtfile}
loadimage=load mmc ${bootpart} ${loadaddr} ${bootdir}/${bootfile}
loadramdisk=load mmc ${mmcdev} ${rdaddr} ramdisk.gz
mmcargs=setenv bootargs console=${console} ${optargs} root=${mmcroot} rootfstype=${mmcrootfstype}
mmcboot=mmc dev ${mmcdev}; if mmc rescan; then echo SD/MMC found on device ${mmcdev};if run loadbootenv; then echo Loaded environment from ${bootenv};run importbootenv;fi;if test -n $uenvcmd; then echo Running uenvcmd ...;run uenvcmd;fi;if run loadimage; then run mmcloados;fi;fi;
mmcdev=0
mmcloados=run mmcargs; if test ${boot_fdt} = yes || test ${boot_fdt} = try; then if run loadfdt; then bootz ${loadaddr} - ${fdtaddr}; else if test ${boot_fdt} = try; then bootz; else echo WARN: Cannot load the DT; fi; fi; else bootz; fi;
mmcroot=/dev/mmcblk0p2 ro
mmcrootfstype=ext4 rootwait
mtdids=nand0=omap2-nand.0
mtdparts=mtdparts=omap2-nand.0:128k(SPL),128k(SPL.backup1),128k(SPL.backup2),128k(SPL.backup3),1792k(u-boot),128k(u-boot-spl-os),128k(u-boot-env),5m(kernel),-(rootfs)
nandargs=setenv bootargs console=${console} ${optargs} root=${nandroot} rootfstype=${nandrootfstype}
nandboot=echo Booting from nand ...; run nandargs; nand read ${fdtaddr} u-boot-spl-os; nand read ${loadaddr} kernel; bootz ${loadaddr} - ${fdtaddr}
nandroot=ubi0:rootfs rw ubi.mtd=7,2048
nandrootfstype=ubifs rootwait=1
netargs=setenv bootargs console=${console} ${optargs} root=/dev/nfs nfsroot=${serverip}:${rootpath},${nfsopts} rw ip=dhcp
netboot=echo Booting from network ...; setenv autoload no; dhcp; tftp ${loadaddr} ${bootfile}; tftp ${fdtaddr} ${fdtfile}; run netargs; bootz ${loadaddr} - ${fdtaddr}
netmask=255.255.255.0
nfsopts=nolock
partitions=uuid_disk=${uuid_gpt_disk};name=rootfs,start=2MiB,size=-,uuid=${uuid_gpt_rootfs}
ramargs=setenv bootargs console=${console} ${optargs} root=${ramroot} rootfstype=${ramrootfstype}
ramboot=echo Booting from ramdisk ...; run ramargs; bootz ${loadaddr} ${rdaddr} ${fdtaddr}
ramdisk_addr_r=0x88080000
ramroot=/dev/ram0 rw
ramrootfstype=ext2
rdaddr=0x88080000
rootpath=/export/rootfs
serverip=192.168.0.1
soc=am33xx
spiargs=setenv bootargs console=${console} ${optargs} root=${spiroot} rootfstype=${spirootfstype}
spiboot=echo Booting from spi ...; run spiargs; sf probe ${spibusno}:0; sf read ${loadaddr} ${spisrcaddr} ${spiimgsize}; bootz ${loadaddr}
spibusno=0
spiimgsize=0x362000
spiroot=/dev/mtdblock4 rw
spirootfstype=jffs2
spisrcaddr=0xe0000
static_ip=${ipaddr}:${serverip}:${gatewayip}:${netmask}:${hostname}::off
stderr=serial
stdin=serial
stdout=serial
usbnet_devaddr=c8:a0:30:a1:db:5a
vendor=ti
ver=U-Boot 2014.07-rc2 (May 29 2014 - 18:04:30)

Environment size: 4574/131068 bytes
U-Boot# 
- 07:18:06 [INFO] Host: setenv bootcmd ''${bootcmd}' if iminfo ${loadaddr}; then bootm ${loadaddr} - ${fdt_addr_r}; else bootz ${loadaddr} - ${fdt_addr_r}; bootm ${loadaddr} - ${fdt_addr_r}; fi'
- 07:18:07 [INFO] Target: 
setenv bootcmd ''${bootcmd}' if iminfo ${loadaddr}; then bootm ${loadaddr} - ${fdt_addr_r}; else bootz ${loadaddr} - ${fdt_addr_r}; bootm ${loadaddr} - ${fdt_addr_r}; fi'
U-Boot# 
- 07:18:07 [INFO] Host: bdinfo
- 07:18:07 [INFO] Target: 
bdinfo
arch_number = 0x00000E05
boot_params = 0x80000100
DRAM bank   = 0x00000000
-> start    = 0x80000000
-> size     = 0x10000000
eth0name    = cpsw
ethaddr     = c8:a0:30:a1:db:58
eth1name    = usb_ether
eth1addr    = c8:a0:30:a1:db:5a
current eth = cpsw
ip_addr     = 192.168.0.163
baudrate    = 115200 bps
TLB addr    = 0x8FFF0000
relocaddr   = 0x8F74A000
reloc off   = 0x0EF4A000
irq_sp      = 0x8F629EE0
sp start    = 0x8F629ED0
U-Boot# 
- 07:18:07 [INFO] Host: boot
- 07:19:36 [INFO] Target: 
boot

## Checking Image at 82000000 ...
Unknown image format!
Kernel image @ 0x82000000 [ 0x000000 - 0x4e3fa8 ]
## Flattened Device Tree blob at 88000000
   Booting using the fdt blob at 0x88000000
   Loading Device Tree to 8f61d000, end 8f628594 ... OK

Starting kernel ...


U-Boot SPL 2014.07-rc2 (May 29 2014 - 18:04:30)
reading u-boot.img
reading u-boot.img


U-Boot 2014.07-rc2 (May 29 2014 - 18:04:30)

I2C:   ready
DRAM:  256 MiB
NAND:  0 MiB
MMC:   OMAP SD/MMC: 0, OMAP SD/MMC: 1
*** Warning - readenv() failed, using default environment

Net:   <ethaddr> not set. Validating first E-fuse MAC
cpsw, usb_ether
Hit any key to stop autoboot:  1  0 
mmc0 is current device
SD/MMC found on device 0
reading uEnv.txt
** Unable to read file uEnv.txt **
Loaded environment from uEnv.txt
Importing environment from mmc ...
## Info: input data size = 410 = 0x19A
5218680 bytes read in 317 ms (15.7 MiB/s)
37136 bytes read in 59 ms (614.3 KiB/s)
Kernel image @ 0x82000000 [ 0x000000 - 0x4fa178 ]
## Flattened Device Tree blob at 88000000
   Booting using the fdt blob at 0x88000000
   Loading Device Tree to 8f61c000, end 8f62810f ... OK

Starting kernel ...

[    0.000000] Booting Linux on physical CPU 0x0
[    0.000000] Linux version 3.12.4-g9921cde (jenkins@sdit-build02) (gcc version 4.7.3 20130226 (prerelease) (crosstool-NG linaro-1.13.1-4.7-2013.03-20130313 - Linaro GCC 2013.03) ) #1 SMP PREEMPT Sun Dec 15 22:52:58 CST 2013
[    0.000000] CPU: ARMv7 Processor [413fc082] revision 2 (ARMv7), cr=10c53c7d
[    0.000000] CPU: PIPT / VIPT nonaliasing data cache, VIPT aliasing instruction cache
[    0.000000] Machine: Generic AM33XX (Flattened Device Tree), model: TI AM335x EVM-SK
[    0.000000] cma: CMA: reserved 16 MiB at 8e000000
[    0.000000] Memory policy: ECC disabled, Data cache writeback
[    0.000000] CPU: All CPU(s) started in SVC mode.
[    0.000000] AM335X ES2.1 (sgx neon )
[    0.000000] PERCPU: Embedded 9 pages/cpu @c11fb000 s15168 r8192 d13504 u36864
[    0.000000] Built 1 zonelists in Zone order, mobility grouping on.  Total pages: 64256
[    0.000000] Kernel command line: console=ttyO0,115200n8 root=/dev/mmcblk0p2 ro rootfstype=ext4 rootwait
[    0.000000] PID hash table entries: 1024 (order: 0, 4096 bytes)
[    0.000000] Dentry cache hash table entries: 32768 (order: 5, 131072 bytes)
[    0.000000] Inode-cache hash table entries: 16384 (order: 4, 65536 bytes)
[    0.000000] Memory: 223960K/259072K available (6689K kernel code, 788K rwdata, 2748K rodata, 478K init, 5542K bss, 35112K reserved, 0K highmem)
[    0.000000] Virtual kernel memory layout:
[    0.000000]     vector  : 0xffff0000 - 0xffff1000   (   4 kB)
[    0.000000]     fixmap  : 0xfff00000 - 0xfffe0000   ( 896 kB)
[    0.000000]     vmalloc : 0xd0800000 - 0xff000000   ( 744 MB)
[    0.000000]     lowmem  : 0xc0000000 - 0xd0000000   ( 256 MB)
[    0.000000]     pkmap   : 0xbfe00000 - 0xc0000000   (   2 MB)
[    0.000000]     modules : 0xbf000000 - 0xbfe00000   (  14 MB)
[    0.000000]       .text : 0xc0008000 - 0xc093fb40   (9439 kB)
[    0.000000]       .init : 0xc0940000 - 0xc09b7b40   ( 479 kB)
[    0.000000]       .data : 0xc09b8000 - 0xc0a7d194   ( 789 kB)
[    0.000000]        .bss : 0xc0a7d194 - 0xc0fe6b28   (5543 kB)
[    0.000000] Preemptible hierarchical RCU implementation.
[    0.000000] 	RCU restricting CPUs from NR_CPUS=2 to nr_cpu_ids=1.
[    0.000000] NR_IRQS:16 nr_irqs:16 16
[    0.000000] kmemleak: Kernel memory leak detector disabled
[    0.000000] IRQ: Found an INTC at 0xfa200000 (revision 5.0) with 128 interrupts
[    0.000000] Total of 128 interrupts on 1 active controller
[    0.000000] OMAP clockevent source: timer2 at 24000000 Hz
[    0.000000] sched_clock: 32 bits at 24MHz, resolution 41ns, wraps every 178956ms
[    0.000000] OMAP clocksource: timer1 at 24000000 Hz
[    0.000000] Console: colour dummy device 80x30
[    0.000000] Lock dependency validator: Copyright (c) 2006 Red Hat, Inc., Ingo Molnar
[    0.000000] ... MAX_LOCKDEP_SUBCLASSES:  8
[    0.000000] ... MAX_LOCK_DEPTH:          48
[    0.000000] ... MAX_LOCKDEP_KEYS:        8191
[    0.000000] ... CLASSHASH_SIZE:          4096
[    0.000000] ... MAX_LOCKDEP_ENTRIES:     16384
[    0.000000] ... MAX_LOCKDEP_CHAINS:      32768
[    0.000000] ... CHAINHASH_SIZE:          16384
[    0.000000]  memory used by lock dependency info: 3695 kB
[    0.000000]  per task-struct memory footprint: 1152 bytes
[    0.000000] kmemleak: Early log buffer exceeded (1150), please increase DEBUG_KMEMLEAK_EARLY_LOG_SIZE
[    0.001079] Calibrating delay loop... 663.55 BogoMIPS (lpj=3317760)
[    0.109562] pid_max: default: 32768 minimum: 301
[    0.109924] Security Framework initialized
[    0.110050] Mount-cache hash table entries: 512
[    0.134113] CPU: Testing write buffer coherency: ok
[    0.135429] CPU0: thread -1, cpu 0, socket -1, mpidr 0
[    0.135503] Setting up static identity map for 0xc0656fe8 - 0xc0657058
[    0.170473] Brought up 1 CPUs
[    0.170496] SMP: Total of 1 processors activated.
[    0.170506] CPU: All CPU(s) started in SVC mode.
[    0.173060] devtmpfs: initialized
[    0.182270] VFP support v0.3: implementor 41 architecture 3 part 30 variant c rev 3
[    0.256776] omap_hwmod: debugss: _wait_target_disable failed
[    0.261237] pinctrl core: initialized pinctrl subsystem
[    0.265329] regulator-dummy: no parameters
[    0.268672] NET: Registered protocol family 16
[    0.274487] DMA: preallocated 256 KiB pool for atomic coherent allocations
[    0.290274] platform mpu.1: FIXME: clock-name 'fck' DOES NOT exist in dt!
[    0.293123] platform 49000000.edma: FIXME: clock-name 'fck' DOES NOT exist in dt!
[    0.297317] OMAP GPIO hardware version 0.1
[    0.319540] platform 56000000.sgx: FIXME: clock-name 'fck' DOES NOT exist in dt!
[    0.327363] DSS not supported on this SoC
[    0.327389] No ATAGs?
[    0.327402] hw-breakpoint: debug architecture 0x4 unsupported.
[    0.404390] bio: create slab <bio-0> at 0
[    0.443126] edma-dma-engine edma-dma-engine.0: TI EDMA DMA engine driver
[    0.445089] vbat: 5000 mV 
[    0.446045] lis3_reg: no parameters
[    0.453333] vgaarb: loaded
[    0.456257] SCSI subsystem initialized
[    0.460300] usbcore: registered new interface driver usbfs
[    0.460811] usbcore: registered new interface driver hub
[    0.461512] usbcore: registered new device driver usb
[    0.463910] omap_i2c 44e0b000.i2c: could not find pctldev for node /pinmux@44e10800/pinmux_i2c0_pins, deferring probe
[    0.463956] platform 44e0b000.i2c: Driver omap_i2c requests probe deferral
[    0.464891] pps_core: LinuxPPS API ver. 1 registered
[    0.464906] pps_core: Software ver. 5.3.6 - Copyright 2005-2007 Rodolfo Giometti <giometti@linux.it>
[    0.465248] PTP clock support registered
[    0.468591] Advanced Linux Sound Architecture Driver Initialized.
[    0.474716] Switched to clocksource timer1
[    0.608241] NET: Registered protocol family 2
[    0.610292] TCP established hash table entries: 2048 (order: 2, 16384 bytes)
[    0.610458] TCP bind hash table entries: 2048 (order: 4, 73728 bytes)
[    0.611147] TCP: Hash tables configured (established 2048 bind 2048)
[    0.611354] TCP: reno registered
[    0.611384] UDP hash table entries: 256 (order: 2, 20480 bytes)
[    0.611575] UDP-Lite hash table entries: 256 (order: 2, 20480 bytes)
[    0.612613] NET: Registered protocol family 1
[    0.614028] RPC: Registered named UNIX socket transport module.
[    0.614051] RPC: Registered udp transport module.
[    0.614061] RPC: Registered tcp transport module.
[    0.614070] RPC: Registered tcp NFSv4.1 backchannel transport module.
[    0.616926] NetWinder Floating Point Emulator V0.97 (double precision)
[    0.618135] PM: Loading am335x-pm-firmware.bin
[    0.772633] VFS: Disk quotas dquot_6.5.2
[    0.772842] Dquot-cache hash table entries: 1024 (order 0, 4096 bytes)
[    0.775194] NFS: Registering the id_resolver key type
[    0.775583] Key type id_resolver registered
[    0.775602] Key type id_legacy registered
[    0.775720] jffs2: version 2.2. (NAND) (SUMMARY)   2001-2006 Red Hat, Inc.
[    0.776186] msgmni has been set to 469
[    0.786658] alg: No test for stdrng (krng)
[    0.786744] NET: Registered protocol family 38
[    0.787123] io scheduler noop registered
[    0.787140] io scheduler deadline registered
[    0.787230] io scheduler cfq registered (default)
[    0.791917] pinctrl-single 44e10800.pinmux: 142 pins at pa f9e10800 size 568
[    0.823798] Console: switching to colour frame buffer device 60x34
[    0.832116] Serial: 8250/16550 driver, 4 ports, IRQ sharing enabled
[    0.840739] 44e09000.serial: ttyO0 at MMIO 0x44e09000 (irq = 88, base_baud = 3000000) is a OMAP UART0
[    1.544315] console [ttyO0] enabled
[    1.552388] omap_rng 48310000.rng: OMAP Random Number Generator ver. 20
[    1.586440] brd: module loaded
[    1.605886] loop: module loaded
[    1.619704] mtdoops: mtd device (mtddev=name/number) must be supplied
[    1.638585] usbcore: registered new interface driver asix
[    1.645323] usbcore: registered new interface driver ax88179_178a
[    1.652143] usbcore: registered new interface driver cdc_ether
[    1.659089] usbcore: registered new interface driver r815x
[    1.665461] usbcore: registered new interface driver smsc95xx
[    1.671946] usbcore: registered new interface driver net1080
[    1.678398] usbcore: registered new interface driver cdc_subset
[    1.685155] usbcore: registered new interface driver zaurus
[    1.691554] usbcore: registered new interface driver cdc_ncm
[    1.701301] ehci_hcd: USB 2.0 'Enhanced' Host Controller (EHCI) Driver
[    1.708683] ehci-pci: EHCI PCI platform driver
[    1.713823] ehci-omap: OMAP-EHCI Host Controller driver
[    1.721805] usbcore: registered new interface driver cdc_acm
[    1.728025] cdc_acm: USB Abstract Control Model driver for USB modems and ISDN adapters
[    1.736966] usbcore: registered new interface driver usblp
[    1.743197] usbcore: registered new interface driver cdc_wdm
[    1.749820] usbcore: registered new interface driver usb-storage
[    1.756798] usbcore: registered new interface driver usbtest
[    1.808657] mousedev: PS/2 mouse device common for all mice
[    1.820873] input: ti-tsc as /devices/ocp.2/44e0d000.tscadc/TI-am335x-tsc/input/input0
[    1.836959] omap_rtc 44e3e000.rtc: rtc core: registered 44e3e000.rtc as rtc0
[    1.846675] i2c /dev entries driver
[    1.850733] Driver for 1-wire Dallas network protocol.
[    1.862776] omap_wdt: OMAP Watchdog Timer Rev 0x01: initial timeout 60 sec
[    1.879257] edma-dma-engine edma-dma-engine.0: allocated channel for 0:25
[    1.886874] edma-dma-engine edma-dma-engine.0: allocated channel for 0:24
[    1.894127] omap_hsmmc 48060000.mmc: unable to get vmmc regulator -517
[    1.901468] edma-dma-engine edma-dma-engine.0: freeing channel for 24
[    1.908423] edma-dma-engine edma-dma-engine.0: freeing channel for 25
[    1.918525] omap_hwmod: gpio1: _wait_target_disable failed
[    1.924481] platform 48060000.mmc: Driver omap_hsmmc requests probe deferral
[    1.938371] ledtrig-cpu: registered to indicate activity on CPUs
[    1.945609] edma-dma-engine edma-dma-engine.0: allocated channel for 0:36
[    1.952834] omap-sham 53100000.sham: hw accel on OMAP rev 4.3
[    1.993102] omap-aes 53500000.aes: OMAP AES hw accel rev: 3.2
[    1.999833] edma-dma-engine edma-dma-engine.0: allocated channel for 0:5
[    2.007595] edma-dma-engine edma-dma-engine.0: allocated channel for 0:6
[    2.021402] usbcore: registered new interface driver usbhid
[    2.027493] usbhid: USB HID core driver
[    2.045942] davinci_evm sound.3: ASoC: CODEC (null) not registered
[    2.052722] davinci_evm sound.3: snd_soc_register_card failed (-517)
[    2.060097] platform sound.3: Driver davinci_evm requests probe deferral
[    2.073313] oprofile: no performance counters
[    2.080436] oprofile: using timer interrupt.
[    2.085823] nf_conntrack version 0.5.0 (3755 buckets, 15020 max)
[    2.093410] ip_tables: (C) 2000-2006 Netfilter Core Team
[    2.099698] TCP: cubic registered
[    2.103191] Initializing XFRM netlink socket
[    2.107917] NET: Registered protocol family 17
[    2.112665] NET: Registered protocol family 15
[    2.117722] Bridge firewalling registered
[    2.122289] 8021q: 802.1Q VLAN Support v1.8
[    2.127054] Key type dns_resolver registered
[    2.132701] cpu cpu0: cpu0 regulator not ready, retry
[    2.138383] platform cpufreq-cpu0.0: Driver cpufreq-cpu0 requests probe deferral
[    2.147705] ThumbEE CPU extension supported.
[    2.163508] tps65910 0-002d: No interrupt support, no core IRQ
[    2.176556] vrtc: 1800 mV 
[    2.179992] vrtc: supplied by vbat
[    2.186754] vio: at 1500 mV 
[    2.189930] vio: supplied by vbat
[    2.196220] vdd_mpu: 912 <--> 1375 mV at 1325 mV 
[    2.201327] vdd_mpu: supplied by vbat
[    2.208013] vdd_core: 912 <--> 1150 mV at 1137 mV 
[    2.213199] vdd_core: supplied by vbat
[    2.219575] vdd3: 5000 mV 
[    2.224531] vdig1: at 1800 mV 
[    2.228182] vdig1: supplied by vbat
[    2.234204] vdig2: at 1800 mV 
[    2.237901] vdig2: supplied by vbat
[    2.243999] vpll: at 1800 mV 
[    2.247611] vpll: supplied by vbat
[    2.253592] vdac: at 1800 mV 
[    2.257081] vdac: supplied by vbat
[    2.263009] vaux1: at 1800 mV 
[    2.266592] vaux1: supplied by vbat
[    2.272573] vaux2: at 3300 mV 
[    2.276149] vaux2: supplied by vbat
[    2.282147] vaux33: at 3300 mV 
[    2.285800] vaux33: supplied by vbat
[    2.291899] vmmc: 1800 <--> 3300 mV at 3300 mV 
[    2.297050] vmmc: supplied by vbat
[    2.306045] omap_i2c 44e0b000.i2c: bus 0 rev0.11 at 400 kHz
[    2.313809] edma-dma-engine edma-dma-engine.0: allocated channel for 0:25
[    2.321320] edma-dma-engine edma-dma-engine.0: allocated channel for 0:24
[    2.371739] davinci_evm sound.3:  tlv320aic3x-hifi <-> 4803c000.mcasp mapping ok
[    2.437215] mmc0: host does not support reading read-only switch. assuming write-enable.
[    2.448537] mmc0: new high speed SDHC card at address 1234
[    2.457716] mmcblk0: mmc0:1234 SA04G 3.63 GiB 
[    2.468673]  mmcblk0: p1 p2 p3
[    2.474939] davinci_mdio 4a101000.mdio: davinci mdio revision 1.6
[    2.481377] davinci_mdio 4a101000.mdio: detected phy mask fffffffc
[    2.494994] libphy: 4a101000.mdio: probed
[    2.499238] davinci_mdio 4a101000.mdio: phy[0]: device 4a101000.mdio:00, driver Atheros 8031 ethernet
[    2.509195] davinci_mdio 4a101000.mdio: phy[1]: device 4a101000.mdio:01, driver Atheros 8031 ethernet
[    2.520570] Missing dual_emac_res_vlan in DT.
[    2.525675] Using 1 as Reserved VLAN for 0 slave
[    2.530661] Missing dual_emac_res_vlan in DT.
[    2.535370] Using 2 as Reserved VLAN for 1 slave
[    2.540219] Detected MACID = c8:a0:30:a1:db:58
[    2.548690] cpsw: Detected MACID = c8:a0:30:a1:db:5a
[    2.559070] input: gpio_buttons.7 as /devices/gpio_buttons.7/input/input1
[    2.568971] omap_rtc 44e3e000.rtc: setting system clock to 2000-01-01 00:00:00 UTC (946684800)
[    2.593322] ALSA device list:
[    2.596787]   #0: AM335x-EVMSK
[    2.610804] EXT4-fs (mmcblk0p2): INFO: recovery required on readonly filesystem
[    2.619094] EXT4-fs (mmcblk0p2): write access will be enabled during recovery
[    2.640546] EXT4-fs (mmcblk0p2): recovery complete
[    2.658465] EXT4-fs (mmcblk0p2): mounted filesystem with ordered data mode. Opts: (null)
[    2.667248] VFS: Mounted root (ext4 filesystem) readonly on device 179:2.
[    2.684236] devtmpfs: mounted
[    2.688678] Freeing unused kernel memory: 476K (c0940000 - c09b7000)

INIT: version 2.88 booting

Starting udev
[    3.688655] udevd[973]: starting version 182
[    4.745618] lis3lv02d: 16 bits lis331dlh sensor found
[    4.885526] input: ST LIS3LV02DL Accelerometer as /devices/platform/lis3lv02d/input/input2
[    5.000217] musb-hdrc musb-hdrc.0.auto: Enabled SW babble control
[    5.167945] musb-hdrc musb-hdrc.0.auto: MUSB HDRC host driver
[    5.249666] musb-hdrc musb-hdrc.0.auto: new USB bus registered, assigned bus number 1
[    5.311358] usb usb1: New USB device found, idVendor=1d6b, idProduct=0002
[    5.348480] usb usb1: New USB device strings: Mfr=3, Product=2, SerialNumber=1
[    5.401972] usb usb1: Product: MUSB HDRC host driver
[    5.430141] usb usb1: Manufacturer: Linux 3.12.4-g9921cde musb-hcd
[    5.475091] usb usb1: SerialNumber: musb-hdrc.0.auto
[    5.523550] hub 1-0:1.0: USB hub found
[    5.564831] hub 1-0:1.0: 1 port detected
[    5.640224] musb-hdrc musb-hdrc.1.auto: Enabled SW babble control
[    5.701845] musb-hdrc musb-hdrc.1.auto: MUSB HDRC host driver
[    5.735501] musb-hdrc musb-hdrc.1.auto: new USB bus registered, assigned bus number 2
[    5.863070] usb usb2: New USB device found, idVendor=1d6b, idProduct=0002
[    5.979502] usb usb2: New USB device strings: Mfr=3, Product=2, SerialNumber=1
[    6.115395] usb usb2: Product: MUSB HDRC host driver
[    6.173209] usb usb2: Manufacturer: Linux 3.12.4-g9921cde musb-hcd
[    6.239957] usb usb2: SerialNumber: musb-hdrc.1.auto
[    6.313365] hub 2-0:1.0: USB hub found
[    6.394015] hub 2-0:1.0: 1 port detected
Starting Bootlog daemon: bootlogd: cannot allocate pseudo tty: No such file or directory
bootlogd.
[   10.800802] EXT4-fs (mmcblk0p2): re-mounted. Opts: data=ordered
ALSA: Restoring mixer settings...
Configuring network interfaces... [   11.999791] net eth0: initializing cpsw version 1.12 (0)
[   12.008987] net eth0: phy found : id is : 0x4dd074
[   12.028633] 8021q: adding VLAN 0 to HW filter on device eth0
udhcpc (v1.20.2) started
Sending discover...
[   14.006033] libphy: 4a101000.mdio:00 - Link is Up - 1000/Full
Sending discover...
Sending select for 192.168.0.103...
Lease of 192.168.0.103 obtained, lease time 7200
/etc/udhcpc.d/50default: Adding DNS 192.0.2.2
/etc/udhcpc.d/50default: Adding DNS 192.0.2.3
done.
Fri May 23 19:18:00 UTC 2014

INIT: Entering runlevel: 5

Starting system message bus: dbus.
Starting Dropbear SSH server: dropbear.
Starting telnet daemon.
Starting syslogd/klogd: done
Starting thttpd.
Starting PVR
Starting Lighttpd Web Server: lighttpd.
2014-05-23 19:18:02: (log.c.166) server started 
[   19.747118] PM: CM3 Firmware Version = 0x184
/
Starting Matrix GUI application.
[   20.061267] Number of LUNs=8
[   20.066401] Mass Storage Function, version: 2009/09/11
[   20.071823] LUN: removable file: (no medium)
[   20.079790] Number of LUNs=2
[   20.086881] LUN: file: /dev/mmcblk0p1
[   20.091297] LUN: file: /dev/mmcblk0p3
[   20.098134] Number of LUNs=2
[   20.104206] g_mass_storage gadget: Mass Storage Gadget, version: 2009/09/11
[   20.114232] g_mass_storage gadget: userspace failed to provide iSerialNumber
[   20.122909] g_mass_storage gadget: g_mass_storage ready
[   20.598985] g_mass_storage gadget: high-speed config #1: Linux File-Backed Storage
***************************************************************
***************************************************************
NOTICE: This file system contains the followin GPLv3 packages:
	binutils-symlinks
	binutils
	gdbserver

If you do not wish to distribute GPLv3 components please remove
the above packages prior to distribution.  This can be done using
the opkg remove command.  i.e.:
    opkg remove <package>
Where <package> is the name printed in the list above

NOTE: If the package is a dependency of another package you
      will be notified of the dependent packages.  You should
      use the --force-removal-of-dependent-packages option to
      also remove the dependent packages as well
***************************************************************
***************************************************************
Stopping Bootlog daemon: bootlogd.

 _____                    _____           _         _   
|  _  |___ ___ ___ ___   |  _  |___ ___  |_|___ ___| |_ 
|     |  _| .'| . | . |  |   __|  _| . | | | -_|  _|  _|
|__|__|_| |__,|_  |___|  |__|  |_| |___|_| |___|___|_|  
              |___|                    |___|            

Arago Project http://arago-project.org am335x-evm ttyO0

Arago 2013.10 am335x-evm ttyO0

am335x-evm login: 
- 07:19:36 [INFO] Host: root
- 07:19:36 [INFO] Target: 
root
root@am335x-evm:~# 
- 07:19:36 [INFO] Host: uname -a
- 07:19:37 [INFO] Target: 
uname -a
Linux am335x-evm 3.12.4-g9921cde #1 SMP PREEMPT Sun Dec 15 22:52:58 CST 2013 armv7l GNU/Linux
root@am335x-evm:~# 
- 07:19:37 [INFO] Host: cat /proc/cmdline
- 07:19:37 [INFO] Target: 
cat /proc/cmdline
console=ttyO0,115200n8 root=/dev/mmcblk0p2 ro rootfstype=ext4 rootwait
root@am335x-evm:~# 
- 07:19:37 [INFO] Host: uname -a
- 07:19:38 [INFO] Target: 
uname -a
Linux am335x-evm 3.12.4-g9921cde #1 SMP PREEMPT Sun Dec 15 22:52:58 CST 2013 armv7l GNU/Linux
root@am335x-evm:~# 
- 07:19:38 [INFO] Host: cat /proc/mtd
- 07:19:38 [INFO] Target: 
cat /proc/mtd
dev:    size   erasesize  name
root@am335x-evm:~# 
- 07:19:46 [INFO] Host: export IPERFHOST=192.168.0.1
- 07:19:47 [INFO] Target: 
export IPERFHOST=192.168.0.1
root@am335x-evm:~# 
- 07:19:47 [INFO] Host: export NFS_SERVER=192.168.0.1
- 07:19:47 [INFO] Target: 
export NFS_SERVER=192.168.0.1
root@am335x-evm:~# 
- 07:19:47 [INFO] Host: export NFS_ROOT_PATH=/home/tigtfarm02/NFS_exports/am335x-sk
- 07:19:48 [INFO] Target: 
export NFS_ROOT_PATH=/home/tigtfarm02/NFS_exports/am335x-sk
root@am335x-evm:~# 
- 07:19:48 [INFO] Host: mkdir -p -m 777 /test
- 07:19:48 [INFO] Target: 
mkdir -p -m 777 /test
root@am335x-evm:~# 
- 07:19:48 [INFO] Host: cd /test
- 07:19:49 [INFO] Target: 
cd /test
root@am335x-evm:/test# 
- 07:19:49 [INFO] Host: cat > test.sh << EOF
- 07:19:49 [INFO] Target: 
cat > test.sh << EOF
> 
- 07:19:49 [INFO] Host: failtest() {

- 07:19:50 [INFO] Target: 
failtest() {
> 
- 07:19:50 [INFO] Host:   echo 1 >&3

- 07:19:50 [INFO] Target: 
  echo 1 >&3
> 
- 07:19:50 [INFO] Host: }

- 07:19:51 [INFO] Target: 
}
> 
- 07:19:51 [INFO] Host: timeout=600

- 07:19:51 [INFO] Target: 
timeout=600
> 
- 07:19:51 [INFO] Host: 

- 07:19:52 [INFO] Target: 

> 
- 07:19:52 [INFO] Host: # Start of user's script logic

- 07:19:52 [INFO] Target: 
# Start of user's script logic
> 
- 07:19:52 [INFO] Host: 

- 07:19:53 [INFO] Target: 

> 
- 07:19:53 [INFO] Host: 

- 07:19:53 [INFO] Target: 

> 
- 07:19:53 [INFO] Host: mount -t proc proc /proc 2>/dev/null;

- 07:19:54 [INFO] Target: 
mount -t proc proc /proc 2>/dev/null;
> 
- 07:19:54 [INFO] Host: 

- 07:19:54 [INFO] Target: 

> 
- 07:19:54 [INFO] Host: mount -t sysfs sys /sys 2>/dev/null;

- 07:19:55 [INFO] Target: 
mount -t sysfs sys /sys 2>/dev/null;
> 
- 07:19:55 [INFO] Host: 

- 07:19:55 [INFO] Target: 

> 
- 07:19:55 [INFO] Host: mount -t debugfs none /sys/kernel/debug 2>/dev/null;

- 07:19:56 [INFO] Target: 
mount -t debugfs none /sys/kernel/debug 2>/dev/null;
> 
- 07:19:56 [INFO] Host: 

- 07:19:56 [INFO] Target: 

> 
- 07:19:56 [INFO] Host: echo 'cpuinfo:';cat /proc/cpuinfo; echo '=======';

- 07:19:57 [INFO] Target: 
echo 'cpuinfo:';cat /proc/cpuinfo; echo '=======';
> 
- 07:19:57 [INFO] Host: 

- 07:19:57 [INFO] Target: 

> 
- 07:19:57 [INFO] Host: echo 'soc info:';head /sys/devices/soc0/* 2>/dev/null; echo '=======';

- 07:19:58 [INFO] Target: 
echo 'soc info:';head /sys/devices/soc0/* 2>/dev/null; echo '=======';
> 
- 07:19:58 [INFO] Host: 

- 07:19:58 [INFO] Target: 

> 
- 07:19:58 [INFO] Host: echo 'interrupts:';cat /proc/interrupts; echo '=======';

- 07:19:59 [INFO] Target: 
echo 'interrupts:';cat /proc/interrupts; echo '=======';
> 
- 07:19:59 [INFO] Host: 

- 07:19:59 [INFO] Target: 

> 
- 07:19:59 [INFO] Host: echo 'Clk_summary:';cat /sys/kernel/debug/clk/clk_summary; echo '=======';

- 07:20:00 [INFO] Target: 
echo 'Clk_summary:';cat /sys/kernel/debug/clk/clk_summary; echo '=======';
> 
- 07:20:00 [INFO] Host: 

- 07:20:00 [INFO] Target: 

> 
- 07:20:00 [INFO] Host: echo 'Orphan Clks:';ls /sys/kernel/debug/clk/orphans/; echo '=======';

- 07:20:01 [INFO] Target: 
echo 'Orphan Clks:';ls /sys/kernel/debug/clk/orphans/; echo '=======';
> 
- 07:20:01 [INFO] Host: 

- 07:20:01 [INFO] Target: 

> 
- 07:20:01 [INFO] Host: echo 'H''ello World' 'B''oard Booted';

- 07:20:02 [INFO] Target: 
echo 'H''ello World' 'B''oard Booted';
> 
- 07:20:02 [INFO] Host: 

- 07:20:02 [INFO] Target: 

> 
- 07:20:02 [INFO] Host: EOF
- 07:20:03 [INFO] Target: 
EOF
root@am335x-evm:/test# 
- 07:20:03 [INFO] Host: cd /test
- 07:20:03 [INFO] Target: 
cd /test
root@am335x-evm:/test# 
- 07:20:03 [INFO] Host: chmod +x test.sh
- 07:20:04 [INFO] Target: 
chmod +x test.sh
root@am335x-evm:/test# 
- 07:20:04 [INFO] Host: ./test.sh 2> stderr.log > stdout.log 3> result.log
- 07:20:04 [INFO] Target: 
./test.sh 2> stderr.log > stdout.log 3> result.log
root@am335x-evm:/test# 
- 07:20:04 [INFO] Host: echo $?
- 07:20:05 [INFO] Target: 
echo $?
0
root@am335x-evm:/test# 
- 07:20:05 [INFO] Host: cd /test
- 07:20:05 [INFO] Target: 
cd /test
root@am335x-evm:/test# 
- 07:20:05 [INFO] Host: cat stdout.log
- 07:20:06 [INFO] Target: 
cat stdout.log
cpuinfo:
processor	: 0
model name	: ARMv7 Processor rev 2 (v7l)
Features	: swp half thumb fastmult vfp edsp thumbee neon vfpv3 tls vfpd32 
CPU implementer	: 0x41
CPU architecture: 7
CPU variant	: 0x3
CPU part	: 0xc08
CPU revision	: 2

Hardware	: Generic AM33XX (Flattened Device Tree)
Revision	: 0000
Serial		: 0000000000000000
=======
soc info:
==> /sys/devices/soc0/family <==
AM33xx

==> /sys/devices/soc0/machine <==
AM335X

==> /sys/devices/soc0/power <==

==> /sys/devices/soc0/revision <==
ES2.1

==> /sys/devices/soc0/subsystem <==

==> /sys/devices/soc0/type <==
GP

==> /sys/devices/soc0/uevent <==
=======
interrupts:
           CPU0       
 28:       2419      INTC  12  edma
 30:         24      INTC  14  edma_error
 32:          0      INTC  16  TI-am335x-tsc
 33:         66      INTC  17  47400000.dma-controller
 34:       1871      INTC  18  musb-hdrc.0.auto
 35:          1      INTC  19  musb-hdrc.1.auto
 52:       3973      INTC  36  da8xx_lcdc
 53:          1      INTC  37  SGX ISR
 56:          0      INTC  40  eth0
 57:         16      INTC  41  eth0
 58:          8      INTC  42  eth0
 59:          0      INTC  43  eth0
 80:       7072      INTC  64  mmc0
 84:       3035      INTC  68  gp_timer
 86:        330      INTC  70  44e0b000.i2c
 88:       1943      INTC  72  OMAP UART0
 91:          0      INTC  75  rtc0
 92:          0      INTC  76  rtc0
 93:          0      INTC  77  wkup_m3
 94:          1      INTC  78  wkup_m3_txev
125:        150      INTC 109  53100000.sham
127:          0      INTC 111  48310000.rng
150:          0      GPIO   6  mmc0
174:          0      GPIO  30  button2
210:          0      GPIO   2  button1
211:          0      GPIO   3  button0
213:          0      GPIO   5  button3
IPI0:          0  CPU wakeup interrupts
IPI1:          0  Timer broadcast interrupts
IPI2:          0  Rescheduling interrupts
IPI3:          0  Function call interrupts
IPI4:          0  Single function call interrupts
IPI5:          0  CPU stop interrupts
Err:          0
=======
Clk_summary:
   clock                        enable_cnt  prepare_cnt  rate
---------------------------------------------------------------------
 tclkin_ck                      0           0            12000000  
 virt_26000000_ck               0           0            26000000  
 virt_25000000_ck               0           0            25000000  
 virt_24000000_ck               1           1            24000000  
    sys_clkin_ck                12          23           24000000  
       dpll_mpu_ck              1           1            600000000 
          dpll_mpu_m2_ck        4           4            600000000 
       timer6_fck               0           1            24000000  
       timer3_fck               0           1            24000000  
       dbg_sysclk_ck            0           1            24000000  
       timer7_fck               0           1            24000000  
       timer5_fck               0           1            24000000  
       timer4_fck               0           1            24000000  
       timer2_fck               1           1            24000000  
       timer1_fck               1           1            24000000  
       aes0_fck                 1           2            24000000  
       rng_fck                  2           2            24000000  
       sha0_fck                 1           1            24000000  
       smartreflex1_fck         0           1            24000000  
       smartreflex0_fck         0           1            24000000  
       mcasp1_fck               1           1            24000000  
       mcasp0_fck               0           1            24000000  
       dcan1_fck                0           1            24000000  
       dcan0_fck                0           1            24000000  
       cefuse_fck               0           0            24000000  
       adc_tsc_fck              1           1            24000000  
       dpll_per_ck              2           2            960000000 
          usbotg_fck            1           1            960000000 
          dpll_per_m2_ck        2           4            192000000 
             ehrpwm2_tbclk      0           0            192000000 
             ehrpwm1_tbclk      0           0            192000000 
             ehrpwm0_tbclk      0           0            192000000 
             mmc_clk            0           3            96000000  
             clk_24mhz          1           1            24000000  
                clkdiv32k_ck    1           1            32786     
                   clkdiv32k_ick 3           9            32786     
                      wdt1_fck  0           1            32786     
                      gpio3_dbclk 0           1            32786     
                      gpio2_dbclk 1           1            32786     
                      gpio1_dbclk 0           1            32786     
             dpll_per_m2_div4_ck 0           9            48000000  
             dpll_per_m2_div4_wkupdm_ck 2           2            48000000  
       dpll_disp_ck             1           1            24000000  
          dpll_disp_m2_ck       1           1            24000000  
             lcd_gclk           1           1            24000000  
       dpll_ddr_ck              1           1            303000000 
          dpll_ddr_m2_ck        2           2            303000000 
             dpll_ddr_m2_div2_ck 1           1            151500000 
       dpll_core_ck             1           1            1000000000
          dpll_core_x2_ck       2           2            2000000000
             dpll_core_m6_ck    0           0            500000000 
             dpll_core_m5_ck    2           2            250000000 
                cpsw_cpts_rft_clk 1           2            250000000 
                cpsw_125mhz_gclk 3           3            125000000 
             dpll_core_m4_ck    10          11           200000000 
                dbg_clka_ck     0           2            200000000 
                   trace_pmd_clk_mux_ck 0           1            200000000 
                      trace_clk_div_ck 0           1            50000000  
                   stm_pmd_clock_mux_ck 0           0            200000000 
                      stm_clk_div_ck 0           0            50000000  
                gfx_fclk_clksel_ck 1           1            200000000 
                   gfx_fck_div_ck 1           1            200000000 
                sysclk_div_ck   0           0            200000000 
                l4hs_gclk       2           2            200000000 
                l4_rtc_gclk     0           0            100000000 
                dpll_core_m4_div2_ck 16          17           100000000 
                   l4ls_gclk    45          57           100000000 
                   l4fw_gclk    1           1            100000000 
                   l3s_gclk     10          10           100000000 
                   ieee5000_fck 0           0            100000000 
                mmu_fck         0           0            200000000 
                l3_gclk         12          14           200000000 
                   pruss_ocp_gclk 0           1            200000000 
 virt_19200000_ck               0           0            19200000  
 clk_rc32k_ck                   1           1            32000     
    gpio0_dbclk_mux_ck          1           1            32000     
       gpio0_dbclk              1           1            32000     
 clk_32768_ck                   2           2            32768     
    sysclkout_pre_ck            1           1            32768     
       clkout2_div_ck           1           1            32768     
          clkout2_ck            1           1            32768     
=======
Orphan Clks:
=======
Hello World Board Booted
root@am335x-evm:/test# 
- 07:20:06 [INFO] Host: cat stderr.log
- 07:20:07 [INFO] Target: 
cat stderr.log
root@am335x-evm:/test# 
- 07:20:07 [INFO] Host: cat result.log
- 07:20:09 [ERROR] On command: cat result.log waiting for (?m-ix:^1[\0\n\r]+) >>> error: execution expired
- 07:20:09 [INFO] Target: 
cat result.log
root@am335x-evm:/test# 
- 07:20:09 [INFO] Host: cd /test
- 07:20:09 [INFO] Target: 
cd /test
root@am335x-evm:/test# 
