- 03:46:29 [INFO] Starting target session
- 03:46:30 [INFO] Connected to am335x-evm via serial 
- 03:46:30 [INFO] Host: #check prompt
- 03:46:32 [ERROR] On command: #check prompt waiting for (?-mix:((?-mix:login:)|[Pp]assword)) >>> error: execution expired
- 03:46:32 [INFO] Target: 

Retry count exceeded; starting again
using musb-hdrc, OUT ep1out IN ep1in STATUS ep2in
MAC 40:5f:c2:76:54:11
HOST MAC de:ad:be:af:00:00
RNDIS ready

- 03:46:32 [INFO] Host: #check prompt
- 03:46:34 [ERROR] On command: #check prompt waiting for (?-mix:[\w\d]+@.+[@:#]+) >>> error: execution expired
- 03:46:34 [INFO] Target: 

- 03:46:34 [INFO] Disconnected serial from am335x-evm
- 03:46:55 [INFO] Connected to am335x-evm via serial 
- 03:46:55 [INFO] Host: 
- 03:46:55 [ERROR] On command:  waiting for (?-mix:U-Boot#) >>> error: execution expired
- 03:46:55 [INFO] Target: 

U-Boot SPL 2014.07-rc2 (May 29 2014 - 18:04:30)

- 03:46:55 [INFO] Host: 
- 03:46:56 [ERROR] On command:  waiting for (?-mix:U-Boot#) >>> error: execution expired
- 03:46:56 [INFO] Target: 
reading u-boot.img
reading u-boot.img


U-Boot 2014.07-rc2 (May 29 2014 - 18:04:30)

I2C:   ready
DRAM:  512 MiB

- 03:46:56 [INFO] Host: 
- 03:46:56 [ERROR] On command:  waiting for (?-mix:U-Boot#) >>> error: execution expired
- 03:46:56 [INFO] Target: 
NAND:  256 MiB
MMC:   OMAP SD/MMC: 0, OMAP SD/MMC: 1

- 03:46:56 [INFO] Host: 
- 03:46:57 [ERROR] On command:  waiting for (?-mix:U-Boot#) >>> error: execution expired
- 03:46:57 [INFO] Target: 

- 03:46:57 [INFO] Host: 
- 03:46:57 [ERROR] On command:  waiting for (?-mix:U-Boot#) >>> error: execution expired
- 03:46:57 [INFO] Target: 

- 03:46:57 [INFO] Host: 
- 03:46:58 [ERROR] On command:  waiting for (?-mix:U-Boot#) >>> error: execution expired
- 03:46:58 [INFO] Target: 

- 03:46:58 [INFO] Host: 
- 03:46:58 [ERROR] On command:  waiting for (?-mix:U-Boot#) >>> error: execution expired
- 03:46:58 [INFO] Target: 
Net:   <ethaddr> not set. Validating first E-fuse MAC
cpsw, usb_ether
Hit any key to stop autoboot:  1  0 
U-Boot# 
U-Boot# 
U-Boot# 
U-Boot# 
U-Boot# 
- 03:46:58 [INFO] Host: 
- 03:46:59 [INFO] Target: 

U-Boot# 
- 03:46:59 [INFO] Host: 
- 03:46:59 [INFO] Target: 

U-Boot# 
- 03:46:59 [INFO] Host: version
- 03:47:00 [INFO] Target: 
version

U-Boot 2014.07-rc2 (May 29 2014 - 18:04:30)
arm-linux-gnueabihf-gcc (crosstool-NG linaro-1.13.1-4.7-2013.03-20130313 - Linaro GCC 2013.03) 4.7.3 20130226 (prerelease)
GNU ld (crosstool-NG linaro-1.13.1-4.7-2013.03-20130313 - Linaro GCC 2013.03) 2.23.1
U-Boot# 
- 03:47:00 [INFO] Host: setenv bootargs 'console=ttyO0,115200n8 earlyprintk rootwait  '
- 03:47:00 [INFO] Target: 
setenv bootargs 'console=ttyO0,115200n8 earlyprintk rootwait  '
U-Boot# 
- 03:47:00 [INFO] Host: setenv bootcmd  ''
- 03:47:01 [INFO] Target: 
setenv bootcmd  ''
U-Boot# 
- 03:47:01 [INFO] Host: setenv autoload 'no'
- 03:47:01 [INFO] Target: 
setenv autoload 'no'
U-Boot# 
- 03:47:01 [INFO] Host: setenv serverip '192.168.0.1'
- 03:47:02 [INFO] Target: 
setenv serverip '192.168.0.1'
U-Boot# 
- 03:47:02 [INFO] Host: printenv
- 03:47:02 [INFO] Target: 
printenv
arch=arm
autoload=no
baudrate=115200
board=am335x
board_name=A33515BB
board_rev=1.1A
boot_fdt=try
bootargs=console=ttyO0,115200n8 earlyprintk rootwait  
bootcmd=
bootcount=1
bootdelay=1
bootdir=/boot
bootenv=uEnv.txt
bootfile=zImage
bootm_size=0x10000000
bootpart=0:2
console=ttyO0,115200n8
cpu=armv7
dfu_alt_info_emmc=rawemmc mmc 0 3751936
dfu_alt_info_mmc=boot part 0 1;rootfs part 0 2;MLO fat 0 1;MLO.raw mmc 0x100 0x100;u-boot.img.raw mmc 0x300 0x400;spl-os-args.raw mmc 0x80 0x80;spl-os-image.raw mmc 0x900 0x2000;spl-os-args fat 0 1;spl-os-image fat 0 1;u-boot.img fat 0 1;uEnv.txt fat 0 1
dfu_alt_info_nand=SPL part 0 1;SPL.backup1 part 0 2;SPL.backup2 part 0 3;SPL.backup3 part 0 4;u-boot part 0 5;u-boot-spl-os part 0 6;kernel part 0 8;rootfs part 0 9
dfu_alt_info_ram=kernel ram 0x80200000 0xD80000;fdt ram 0x80F80000 0x80000;ramdisk ram 0x81000000 0x4000000
eth1addr=40:5f:c2:76:54:11
ethact=cpsw
ethaddr=40:5f:c2:76:54:10
fdt_addr_r=0x88000000
fdtaddr=0x88000000
fdtfile=undefined
findfdt=if test $board_name = A335BONE; then setenv fdtfile am335x-bone.dtb; fi; if test $board_name = A335BNLT; then setenv fdtfile am335x-boneblack.dtb; fi; if test $board_name = A33515BB; then setenv fdtfile am335x-evm.dtb; fi; if test $board_name = A335X_SK; then setenv fdtfile am335x-evmsk.dtb; fi; if test $fdtfile = undefined; then echo WARNING: Could not determine device tree to use; fi; 
importbootenv=echo Importing environment from mmc ...; env import -t $loadaddr $filesize
kernel_addr_r=0x82000000
loadaddr=0x82000000
loadbootenv=load mmc ${mmcdev} ${loadaddr} ${bootenv}
loadfdt=load mmc ${bootpart} ${fdtaddr} ${bootdir}/${fdtfile}
loadimage=load mmc ${bootpart} ${loadaddr} ${bootdir}/${bootfile}
loadramdisk=load mmc ${mmcdev} ${rdaddr} ramdisk.gz
mmcargs=setenv bootargs console=${console} ${optargs} root=${mmcroot} rootfstype=${mmcrootfstype}
mmcboot=mmc dev ${mmcdev}; if mmc rescan; then echo SD/MMC found on device ${mmcdev};if run loadbootenv; then echo Loaded environment from ${bootenv};run importbootenv;fi;if test -n $uenvcmd; then echo Running uenvcmd ...;run uenvcmd;fi;if run loadimage; then run mmcloados;fi;fi;
mmcdev=0
mmcloados=run mmcargs; if test ${boot_fdt} = yes || test ${boot_fdt} = try; then if run loadfdt; then bootz ${loadaddr} - ${fdtaddr}; else if test ${boot_fdt} = try; then bootz; else echo WARN: Cannot load the DT; fi; fi; else bootz; fi;
mmcroot=/dev/mmcblk0p2 ro
mmcrootfstype=ext4 rootwait
mtdids=nand0=omap2-nand.0
mtdparts=mtdparts=omap2-nand.0:128k(SPL),128k(SPL.backup1),128k(SPL.backup2),128k(SPL.backup3),1792k(u-boot),128k(u-boot-spl-os),128k(u-boot-env),5m(kernel),-(rootfs)
nandargs=setenv bootargs console=${console} ${optargs} root=${nandroot} rootfstype=${nandrootfstype}
nandboot=echo Booting from nand ...; run nandargs; nand read ${fdtaddr} u-boot-spl-os; nand read ${loadaddr} kernel; bootz ${loadaddr} - ${fdtaddr}
nandroot=ubi0:rootfs rw ubi.mtd=7,2048
nandrootfstype=ubifs rootwait=1
netargs=setenv bootargs console=${console} ${optargs} root=/dev/nfs nfsroot=${serverip}:${rootpath},${nfsopts} rw ip=dhcp
netboot=echo Booting from network ...; setenv autoload no; dhcp; tftp ${loadaddr} ${bootfile}; tftp ${fdtaddr} ${fdtfile}; run netargs; bootz ${loadaddr} - ${fdtaddr}
nfsopts=nolock
partitions=uuid_disk=${uuid_gpt_disk};name=rootfs,start=2MiB,size=-,uuid=${uuid_gpt_rootfs}
ramargs=setenv bootargs console=${console} ${optargs} root=${ramroot} rootfstype=${ramrootfstype}
ramboot=echo Booting from ramdisk ...; run ramargs; bootz ${loadaddr} ${rdaddr} ${fdtaddr}
ramdisk_addr_r=0x88080000
ramroot=/dev/ram0 rw
ramrootfstype=ext2
rdaddr=0x88080000
rootpath=/export/rootfs
serverip=192.168.0.1
soc=am33xx
spiargs=setenv bootargs console=${console} ${optargs} root=${spiroot} rootfstype=${spirootfstype}
spiboot=echo Booting from spi ...; run spiargs; sf probe ${spibusno}:0; sf read ${loadaddr} ${spisrcaddr} ${spiimgsize}; bootz ${loadaddr}
spibusno=0
spiimgsize=0x362000
spiroot=/dev/mtdblock4 rw
spirootfstype=jffs2
spisrcaddr=0xe0000
static_ip=${ipaddr}:${serverip}:${gatewayip}:${netmask}:${hostname}::off
stderr=serial
stdin=serial
stdout=serial
usbnet_devaddr=40:5f:c2:76:54:11
vendor=ti
ver=U-Boot 2014.07-rc2 (May 29 2014 - 18:04:30)

Environment size: 4367/131068 bytes
U-Boot# 
- 03:47:02 [INFO] Host: printenv
- 03:47:03 [INFO] Target: 
printenv
arch=arm
autoload=no
baudrate=115200
board=am335x
board_name=A33515BB
board_rev=1.1A
boot_fdt=try
bootargs=console=ttyO0,115200n8 earlyprintk rootwait  
bootcmd=
bootcount=1
bootdelay=1
bootdir=/boot
bootenv=uEnv.txt
bootfile=zImage
bootm_size=0x10000000
bootpart=0:2
console=ttyO0,115200n8
cpu=armv7
dfu_alt_info_emmc=rawemmc mmc 0 3751936
dfu_alt_info_mmc=boot part 0 1;rootfs part 0 2;MLO fat 0 1;MLO.raw mmc 0x100 0x100;u-boot.img.raw mmc 0x300 0x400;spl-os-args.raw mmc 0x80 0x80;spl-os-image.raw mmc 0x900 0x2000;spl-os-args fat 0 1;spl-os-image fat 0 1;u-boot.img fat 0 1;uEnv.txt fat 0 1
dfu_alt_info_nand=SPL part 0 1;SPL.backup1 part 0 2;SPL.backup2 part 0 3;SPL.backup3 part 0 4;u-boot part 0 5;u-boot-spl-os part 0 6;kernel part 0 8;rootfs part 0 9
dfu_alt_info_ram=kernel ram 0x80200000 0xD80000;fdt ram 0x80F80000 0x80000;ramdisk ram 0x81000000 0x4000000
eth1addr=40:5f:c2:76:54:11
ethact=cpsw
ethaddr=40:5f:c2:76:54:10
fdt_addr_r=0x88000000
fdtaddr=0x88000000
fdtfile=undefined
findfdt=if test $board_name = A335BONE; then setenv fdtfile am335x-bone.dtb; fi; if test $board_name = A335BNLT; then setenv fdtfile am335x-boneblack.dtb; fi; if test $board_name = A33515BB; then setenv fdtfile am335x-evm.dtb; fi; if test $board_name = A335X_SK; then setenv fdtfile am335x-evmsk.dtb; fi; if test $fdtfile = undefined; then echo WARNING: Could not determine device tree to use; fi; 
importbootenv=echo Importing environment from mmc ...; env import -t $loadaddr $filesize
kernel_addr_r=0x82000000
loadaddr=0x82000000
loadbootenv=load mmc ${mmcdev} ${loadaddr} ${bootenv}
loadfdt=load mmc ${bootpart} ${fdtaddr} ${bootdir}/${fdtfile}
loadimage=load mmc ${bootpart} ${loadaddr} ${bootdir}/${bootfile}
loadramdisk=load mmc ${mmcdev} ${rdaddr} ramdisk.gz
mmcargs=setenv bootargs console=${console} ${optargs} root=${mmcroot} rootfstype=${mmcrootfstype}
mmcboot=mmc dev ${mmcdev}; if mmc rescan; then echo SD/MMC found on device ${mmcdev};if run loadbootenv; then echo Loaded environment from ${bootenv};run importbootenv;fi;if test -n $uenvcmd; then echo Running uenvcmd ...;run uenvcmd;fi;if run loadimage; then run mmcloados;fi;fi;
mmcdev=0
mmcloados=run mmcargs; if test ${boot_fdt} = yes || test ${boot_fdt} = try; then if run loadfdt; then bootz ${loadaddr} - ${fdtaddr}; else if test ${boot_fdt} = try; then bootz; else echo WARN: Cannot load the DT; fi; fi; else bootz; fi;
mmcroot=/dev/mmcblk0p2 ro
mmcrootfstype=ext4 rootwait
mtdids=nand0=omap2-nand.0
mtdparts=mtdparts=omap2-nand.0:128k(SPL),128k(SPL.backup1),128k(SPL.backup2),128k(SPL.backup3),1792k(u-boot),128k(u-boot-spl-os),128k(u-boot-env),5m(kernel),-(rootfs)
nandargs=setenv bootargs console=${console} ${optargs} root=${nandroot} rootfstype=${nandrootfstype}
nandboot=echo Booting from nand ...; run nandargs; nand read ${fdtaddr} u-boot-spl-os; nand read ${loadaddr} kernel; bootz ${loadaddr} - ${fdtaddr}
nandroot=ubi0:rootfs rw ubi.mtd=7,2048
nandrootfstype=ubifs rootwait=1
netargs=setenv bootargs console=${console} ${optargs} root=/dev/nfs nfsroot=${serverip}:${rootpath},${nfsopts} rw ip=dhcp
netboot=echo Booting from network ...; setenv autoload no; dhcp; tftp ${loadaddr} ${bootfile}; tftp ${fdtaddr} ${fdtfile}; run netargs; bootz ${loadaddr} - ${fdtaddr}
nfsopts=nolock
partitions=uuid_disk=${uuid_gpt_disk};name=rootfs,start=2MiB,size=-,uuid=${uuid_gpt_rootfs}
ramargs=setenv bootargs console=${console} ${optargs} root=${ramroot} rootfstype=${ramrootfstype}
ramboot=echo Booting from ramdisk ...; run ramargs; bootz ${loadaddr} ${rdaddr} ${fdtaddr}
ramdisk_addr_r=0x88080000
ramroot=/dev/ram0 rw
ramrootfstype=ext2
rdaddr=0x88080000
rootpath=/export/rootfs
serverip=192.168.0.1
soc=am33xx
spiargs=setenv bootargs console=${console} ${optargs} root=${spiroot} rootfstype=${spirootfstype}
spiboot=echo Booting from spi ...; run spiargs; sf probe ${spibusno}:0; sf read ${loadaddr} ${spisrcaddr} ${spiimgsize}; bootz ${loadaddr}
spibusno=0
spiimgsize=0x362000
spiroot=/dev/mtdblock4 rw
spirootfstype=jffs2
spisrcaddr=0xe0000
static_ip=${ipaddr}:${serverip}:${gatewayip}:${netmask}:${hostname}::off
stderr=serial
stdin=serial
stdout=serial
usbnet_devaddr=40:5f:c2:76:54:11
vendor=ti
ver=U-Boot 2014.07-rc2 (May 29 2014 - 18:04:30)

Environment size: 4367/131068 bytes
U-Boot# 
- 03:47:03 [INFO] Host: setenv bootargs ''${bootargs}' ip=dhcp '
- 03:47:03 [INFO] Target: 
setenv bootargs ''${bootargs}' ip=dhcp '
U-Boot# 
- 03:47:03 [INFO] Host: setenv serverip '192.168.0.1'
- 03:47:04 [INFO] Target: 
setenv serverip '192.168.0.1'
U-Boot# 
- 03:47:04 [INFO] Host: setenv ipaddr dhcp
- 03:47:04 [INFO] Target: 
setenv ipaddr dhcp
U-Boot# 
- 03:47:04 [INFO] Host: setenv autoload 'no'
- 03:47:05 [INFO] Target: 
setenv autoload 'no'
U-Boot# 
- 03:47:05 [INFO] Host: dhcp
- 03:47:06 [INFO] Target: 
dhcp
link up on port 0, speed 1000, full duplex
BOOTP broadcast 1
DHCP client bound to address 192.168.0.166
U-Boot# 
- 03:47:06 [INFO] Host: setenv serverip '192.168.0.1'
- 03:47:07 [INFO] Target: 
setenv serverip '192.168.0.1'
U-Boot# 
- 03:47:07 [INFO] Host: tftp ${loadaddr} 192.168.0.1:vatf_am335x-evm/838e9520bada68cf3a0730f870dae937
- 03:47:08 [INFO] Target: 
tftp ${loadaddr} 192.168.0.1:vatf_am335x-evm/838e9520bada68cf3a0730f870dae937
link up on port 0, speed 1000, full duplex
Using cpsw device
TFTP from server 192.168.0.1; our IP address is 192.168.0.166
Filename 'vatf_am335x-evm/838e9520bada68cf3a0730f870dae937'.
Load address: 0x82000000
Loading: *#################################################################
	 #################################################################
	 #################################################################
	 #################################################################
	 #################################################################
	 ##########
	 8.1 MiB/s
done
Bytes transferred = 4913288 (4af888 hex)
U-Boot# 
- 03:47:08 [INFO] Host: tftp ${fdt_addr_r} 192.168.0.1:vatf_am335x-evm/4e8d765236922a11f556fa5c4a58216b
- 03:47:08 [INFO] Target: 
tftp ${fdt_addr_r} 192.168.0.1:vatf_am335x-evm/4e8d765236922a11f556fa5c4a58216b
link up on port 0, speed 1000, full duplex
Using cpsw device
TFTP from server 192.168.0.1; our IP address is 192.168.0.166
Filename 'vatf_am335x-evm/4e8d765236922a11f556fa5c4a58216b'.
Load address: 0x88000000
Loading: *###
	 5.5 MiB/s
done
Bytes transferred = 34536 (86e8 hex)
U-Boot# 
- 03:47:08 [INFO] Host: ls mmc 0:1
- 03:47:09 [INFO] Target: 
ls mmc 0:1
    82480   mlo 
  2207667   u-boot 
   376260   u-boot.bin 
   408372   u-boot.img 
  1009270   u-boot-spl 
   102952   u-boot-spl.bin 
       53   pointercal 
       13   .ipaddr 

8 file(s), 0 dir(s)

U-Boot# 
- 03:47:09 [INFO] Host: ls mmc 0:2
- 03:47:09 [INFO] Target: 
ls mmc 0:2
<DIR>       4096 .
<DIR>       4096 ..
<DIR>       4096 bin
<DIR>       4096 boot
<DIR>       4096 dev
<DIR>       4096 etc
<DIR>       4096 home
<DIR>       4096 lib
<DIR>       4096 media
<DIR>       4096 mnt
<DIR>       4096 opt
<DIR>       4096 proc
<DIR>       4096 sbin
<DIR>       4096 Settings
<DIR>       4096 srv
<DIR>       4096 sys
<DIR>       4096 test
<SYM>          8 tmp
<DIR>       4096 usr
<DIR>       4096 var
<DIR>       4096 www
<DIR>       4096 debug
U-Boot# 
- 03:47:09 [INFO] Host: part uuid mmc 0:2
- 03:47:10 [INFO] Target: 
part uuid mmc 0:2
00050067-02
U-Boot# 
- 03:47:10 [INFO] Host: printenv
- 03:47:10 [INFO] Target: 
printenv
arch=arm
autoload=no
baudrate=115200
board=am335x
board_name=A33515BB
board_rev=1.1A
boot_fdt=try
bootargs=console=ttyO0,115200n8 earlyprintk rootwait   ip=dhcp 
bootcmd=
bootcount=1
bootdelay=1
bootdir=/boot
bootenv=uEnv.txt
bootfile=zImage
bootm_size=0x10000000
bootpart=0:2
console=ttyO0,115200n8
cpu=armv7
dfu_alt_info_emmc=rawemmc mmc 0 3751936
dfu_alt_info_mmc=boot part 0 1;rootfs part 0 2;MLO fat 0 1;MLO.raw mmc 0x100 0x100;u-boot.img.raw mmc 0x300 0x400;spl-os-args.raw mmc 0x80 0x80;spl-os-image.raw mmc 0x900 0x2000;spl-os-args fat 0 1;spl-os-image fat 0 1;u-boot.img fat 0 1;uEnv.txt fat 0 1
dfu_alt_info_nand=SPL part 0 1;SPL.backup1 part 0 2;SPL.backup2 part 0 3;SPL.backup3 part 0 4;u-boot part 0 5;u-boot-spl-os part 0 6;kernel part 0 8;rootfs part 0 9
dfu_alt_info_ram=kernel ram 0x80200000 0xD80000;fdt ram 0x80F80000 0x80000;ramdisk ram 0x81000000 0x4000000
dnsip=192.0.2.2
dnsip2=192.0.2.3
eth1addr=40:5f:c2:76:54:11
ethact=cpsw
ethaddr=40:5f:c2:76:54:10
fdt_addr_r=0x88000000
fdtaddr=0x88000000
fdtfile=undefined
fileaddr=88000000
filesize=86e8
findfdt=if test $board_name = A335BONE; then setenv fdtfile am335x-bone.dtb; fi; if test $board_name = A335BNLT; then setenv fdtfile am335x-boneblack.dtb; fi; if test $board_name = A33515BB; then setenv fdtfile am335x-evm.dtb; fi; if test $board_name = A335X_SK; then setenv fdtfile am335x-evmsk.dtb; fi; if test $fdtfile = undefined; then echo WARNING: Could not determine device tree to use; fi; 
gatewayip=192.168.0.1
importbootenv=echo Importing environment from mmc ...; env import -t $loadaddr $filesize
ipaddr=192.168.0.166
kernel_addr_r=0x82000000
loadaddr=0x82000000
loadbootenv=load mmc ${mmcdev} ${loadaddr} ${bootenv}
loadfdt=load mmc ${bootpart} ${fdtaddr} ${bootdir}/${fdtfile}
loadimage=load mmc ${bootpart} ${loadaddr} ${bootdir}/${bootfile}
loadramdisk=load mmc ${mmcdev} ${rdaddr} ramdisk.gz
mmcargs=setenv bootargs console=${console} ${optargs} root=${mmcroot} rootfstype=${mmcrootfstype}
mmcboot=mmc dev ${mmcdev}; if mmc rescan; then echo SD/MMC found on device ${mmcdev};if run loadbootenv; then echo Loaded environment from ${bootenv};run importbootenv;fi;if test -n $uenvcmd; then echo Running uenvcmd ...;run uenvcmd;fi;if run loadimage; then run mmcloados;fi;fi;
mmcdev=0
mmcloados=run mmcargs; if test ${boot_fdt} = yes || test ${boot_fdt} = try; then if run loadfdt; then bootz ${loadaddr} - ${fdtaddr}; else if test ${boot_fdt} = try; then bootz; else echo WARN: Cannot load the DT; fi; fi; else bootz; fi;
mmcroot=/dev/mmcblk0p2 ro
mmcrootfstype=ext4 rootwait
mtdids=nand0=omap2-nand.0
mtdparts=mtdparts=omap2-nand.0:128k(SPL),128k(SPL.backup1),128k(SPL.backup2),128k(SPL.backup3),1792k(u-boot),128k(u-boot-spl-os),128k(u-boot-env),5m(kernel),-(rootfs)
nandargs=setenv bootargs console=${console} ${optargs} root=${nandroot} rootfstype=${nandrootfstype}
nandboot=echo Booting from nand ...; run nandargs; nand read ${fdtaddr} u-boot-spl-os; nand read ${loadaddr} kernel; bootz ${loadaddr} - ${fdtaddr}
nandroot=ubi0:rootfs rw ubi.mtd=7,2048
nandrootfstype=ubifs rootwait=1
netargs=setenv bootargs console=${console} ${optargs} root=/dev/nfs nfsroot=${serverip}:${rootpath},${nfsopts} rw ip=dhcp
netboot=echo Booting from network ...; setenv autoload no; dhcp; tftp ${loadaddr} ${bootfile}; tftp ${fdtaddr} ${fdtfile}; run netargs; bootz ${loadaddr} - ${fdtaddr}
netmask=255.255.255.0
nfsopts=nolock
partitions=uuid_disk=${uuid_gpt_disk};name=rootfs,start=2MiB,size=-,uuid=${uuid_gpt_rootfs}
ramargs=setenv bootargs console=${console} ${optargs} root=${ramroot} rootfstype=${ramrootfstype}
ramboot=echo Booting from ramdisk ...; run ramargs; bootz ${loadaddr} ${rdaddr} ${fdtaddr}
ramdisk_addr_r=0x88080000
ramroot=/dev/ram0 rw
ramrootfstype=ext2
rdaddr=0x88080000
rootpath=/export/rootfs
serverip=192.168.0.1
soc=am33xx
spiargs=setenv bootargs console=${console} ${optargs} root=${spiroot} rootfstype=${spirootfstype}
spiboot=echo Booting from spi ...; run spiargs; sf probe ${spibusno}:0; sf read ${loadaddr} ${spisrcaddr} ${spiimgsize}; bootz ${loadaddr}
spibusno=0
spiimgsize=0x362000
spiroot=/dev/mtdblock4 rw
spirootfstype=jffs2
spisrcaddr=0xe0000
static_ip=${ipaddr}:${serverip}:${gatewayip}:${netmask}:${hostname}::off
stderr=serial
stdin=serial
stdout=serial
usbnet_devaddr=40:5f:c2:76:54:11
vendor=ti
ver=U-Boot 2014.07-rc2 (May 29 2014 - 18:04:30)

Environment size: 4520/131068 bytes
U-Boot# 
- 03:47:10 [INFO] Host: setenv bootargs ''${bootargs}' root=PARTUUID=00050067-02 rw rootfstype=ext4 rootwait '
- 03:47:11 [INFO] Target: 
setenv bootargs ''${bootargs}' root=PARTUUID=00050067-02 rw rootfstype=ext4 rootwait '
U-Boot# 
- 03:47:11 [INFO] Host: printenv
- 03:47:11 [INFO] Target: 
printenv
arch=arm
autoload=no
baudrate=115200
board=am335x
board_name=A33515BB
board_rev=1.1A
boot_fdt=try
bootargs=console=ttyO0,115200n8 earlyprintk rootwait   ip=dhcp  root=PARTUUID=00050067-02 rw rootfstype=ext4 rootwait 
bootcmd=
bootcount=1
bootdelay=1
bootdir=/boot
bootenv=uEnv.txt
bootfile=zImage
bootm_size=0x10000000
bootpart=0:2
console=ttyO0,115200n8
cpu=armv7
dfu_alt_info_emmc=rawemmc mmc 0 3751936
dfu_alt_info_mmc=boot part 0 1;rootfs part 0 2;MLO fat 0 1;MLO.raw mmc 0x100 0x100;u-boot.img.raw mmc 0x300 0x400;spl-os-args.raw mmc 0x80 0x80;spl-os-image.raw mmc 0x900 0x2000;spl-os-args fat 0 1;spl-os-image fat 0 1;u-boot.img fat 0 1;uEnv.txt fat 0 1
dfu_alt_info_nand=SPL part 0 1;SPL.backup1 part 0 2;SPL.backup2 part 0 3;SPL.backup3 part 0 4;u-boot part 0 5;u-boot-spl-os part 0 6;kernel part 0 8;rootfs part 0 9
dfu_alt_info_ram=kernel ram 0x80200000 0xD80000;fdt ram 0x80F80000 0x80000;ramdisk ram 0x81000000 0x4000000
dnsip=192.0.2.2
dnsip2=192.0.2.3
eth1addr=40:5f:c2:76:54:11
ethact=cpsw
ethaddr=40:5f:c2:76:54:10
fdt_addr_r=0x88000000
fdtaddr=0x88000000
fdtfile=undefined
fileaddr=88000000
filesize=86e8
findfdt=if test $board_name = A335BONE; then setenv fdtfile am335x-bone.dtb; fi; if test $board_name = A335BNLT; then setenv fdtfile am335x-boneblack.dtb; fi; if test $board_name = A33515BB; then setenv fdtfile am335x-evm.dtb; fi; if test $board_name = A335X_SK; then setenv fdtfile am335x-evmsk.dtb; fi; if test $fdtfile = undefined; then echo WARNING: Could not determine device tree to use; fi; 
gatewayip=192.168.0.1
importbootenv=echo Importing environment from mmc ...; env import -t $loadaddr $filesize
ipaddr=192.168.0.166
kernel_addr_r=0x82000000
loadaddr=0x82000000
loadbootenv=load mmc ${mmcdev} ${loadaddr} ${bootenv}
loadfdt=load mmc ${bootpart} ${fdtaddr} ${bootdir}/${fdtfile}
loadimage=load mmc ${bootpart} ${loadaddr} ${bootdir}/${bootfile}
loadramdisk=load mmc ${mmcdev} ${rdaddr} ramdisk.gz
mmcargs=setenv bootargs console=${console} ${optargs} root=${mmcroot} rootfstype=${mmcrootfstype}
mmcboot=mmc dev ${mmcdev}; if mmc rescan; then echo SD/MMC found on device ${mmcdev};if run loadbootenv; then echo Loaded environment from ${bootenv};run importbootenv;fi;if test -n $uenvcmd; then echo Running uenvcmd ...;run uenvcmd;fi;if run loadimage; then run mmcloados;fi;fi;
mmcdev=0
mmcloados=run mmcargs; if test ${boot_fdt} = yes || test ${boot_fdt} = try; then if run loadfdt; then bootz ${loadaddr} - ${fdtaddr}; else if test ${boot_fdt} = try; then bootz; else echo WARN: Cannot load the DT; fi; fi; else bootz; fi;
mmcroot=/dev/mmcblk0p2 ro
mmcrootfstype=ext4 rootwait
mtdids=nand0=omap2-nand.0
mtdparts=mtdparts=omap2-nand.0:128k(SPL),128k(SPL.backup1),128k(SPL.backup2),128k(SPL.backup3),1792k(u-boot),128k(u-boot-spl-os),128k(u-boot-env),5m(kernel),-(rootfs)
nandargs=setenv bootargs console=${console} ${optargs} root=${nandroot} rootfstype=${nandrootfstype}
nandboot=echo Booting from nand ...; run nandargs; nand read ${fdtaddr} u-boot-spl-os; nand read ${loadaddr} kernel; bootz ${loadaddr} - ${fdtaddr}
nandroot=ubi0:rootfs rw ubi.mtd=7,2048
nandrootfstype=ubifs rootwait=1
netargs=setenv bootargs console=${console} ${optargs} root=/dev/nfs nfsroot=${serverip}:${rootpath},${nfsopts} rw ip=dhcp
netboot=echo Booting from network ...; setenv autoload no; dhcp; tftp ${loadaddr} ${bootfile}; tftp ${fdtaddr} ${fdtfile}; run netargs; bootz ${loadaddr} - ${fdtaddr}
netmask=255.255.255.0
nfsopts=nolock
partitions=uuid_disk=${uuid_gpt_disk};name=rootfs,start=2MiB,size=-,uuid=${uuid_gpt_rootfs}
ramargs=setenv bootargs console=${console} ${optargs} root=${ramroot} rootfstype=${ramrootfstype}
ramboot=echo Booting from ramdisk ...; run ramargs; bootz ${loadaddr} ${rdaddr} ${fdtaddr}
ramdisk_addr_r=0x88080000
ramroot=/dev/ram0 rw
ramrootfstype=ext2
rdaddr=0x88080000
rootpath=/export/rootfs
serverip=192.168.0.1
soc=am33xx
spiargs=setenv bootargs console=${console} ${optargs} root=${spiroot} rootfstype=${spirootfstype}
spiboot=echo Booting from spi ...; run spiargs; sf probe ${spibusno}:0; sf read ${loadaddr} ${spisrcaddr} ${spiimgsize}; bootz ${loadaddr}
spibusno=0
spiimgsize=0x362000
spiroot=/dev/mtdblock4 rw
spirootfstype=jffs2
spisrcaddr=0xe0000
static_ip=${ipaddr}:${serverip}:${gatewayip}:${netmask}:${hostname}::off
stderr=serial
stdin=serial
stdout=serial
usbnet_devaddr=40:5f:c2:76:54:11
vendor=ti
ver=U-Boot 2014.07-rc2 (May 29 2014 - 18:04:30)

Environment size: 4575/131068 bytes
U-Boot# 
- 03:47:11 [INFO] Host: setenv bootcmd ''${bootcmd}' if iminfo ${loadaddr}; then bootm ${loadaddr} - ${fdt_addr_r}; else bootz ${loadaddr} - ${fdt_addr_r}; bootm ${loadaddr} - ${fdt_addr_r}; fi'
- 03:47:12 [INFO] Target: 
setenv bootcmd ''${bootcmd}' if iminfo ${loadaddr}; then bootm ${loadaddr} - ${fdt_addr_r}; else bootz ${loadaddr} - ${fdt_addr_r}; bootm ${loadaddr} - ${fdt_addr_r}; fi'
U-Boot# 
- 03:47:12 [INFO] Host: bdinfo
- 03:47:12 [INFO] Target: 
bdinfo
arch_number = 0x00000E05
boot_params = 0x80000100
DRAM bank   = 0x00000000
-> start    = 0x80000000
-> size     = 0x20000000
eth0name    = cpsw
ethaddr     = 40:5f:c2:76:54:10
eth1name    = usb_ether
eth1addr    = 40:5f:c2:76:54:11
current eth = cpsw
ip_addr     = 192.168.0.166
baudrate    = 115200 bps
TLB addr    = 0x9FFF0000
relocaddr   = 0x9F74A000
reloc off   = 0x1EF4A000
irq_sp      = 0x9F629EE0
sp start    = 0x9F629ED0
U-Boot# 
- 03:47:12 [INFO] Host: boot
- 03:49:42 [ERROR] On command: boot waiting for (?-mix:login:) >>> error: execution expired
- 03:49:42 [INFO] Target: 
boot

## Checking Image at 82000000 ...
Unknown image format!
Kernel image @ 0x82000000 [ 0x000000 - 0x4af888 ]
## Flattened Device Tree blob at 88000000
   Booting using the fdt blob at 0x88000000
   Loading Device Tree to 8fff4000, end 8ffff6e7 ... OK

Starting kernel ...

[    0.000000] Booting Linux on physical CPU 0x0
[    0.000000] Linux version 3.16.0-rc6-00002-gaa44220 (nmenon@kahuna) (gcc version 4.6.3 (Ubuntu/Linaro 4.6.3-1ubuntu5) ) #1 SMP Sun Jul 27 02:51:27 CDT 2014
[    0.000000] CPU: ARMv7 Processor [413fc082] revision 2 (ARMv7), cr=10c5387d
[    0.000000] CPU: PIPT / VIPT nonaliasing data cache, VIPT aliasing instruction cache
[    0.000000] Machine model: TI AM335x EVM
[    0.000000] cma: CMA: reserved 64 MiB at 9b800000
[    0.000000] Memory policy: Data cache writeback
[    0.000000]   HighMem zone: 1048574 pages exceeds freesize 0
[    0.000000] CPU: All CPU(s) started in SVC mode.
[    0.000000] AM335X ES1.0 (sgx neon )
[    0.000000] PERCPU: Embedded 8 pages/cpu @dfaa7000 s8448 r8192 d16128 u32768
[    0.000000] Built 1 zonelists in Zone order, mobility grouping on.  Total pages: 129792
[    0.000000] Kernel command line: console=ttyO0,115200n8 earlyprintk rootwait   ip=dhcp  root=PARTUUID=00050067-02 rw rootfstype=ext4 rootwait 
[    0.000000] PID hash table entries: 2048 (order: 1, 8192 bytes)
[    0.000000] Dentry cache hash table entries: 65536 (order: 6, 262144 bytes)
[    0.000000] Inode-cache hash table entries: 32768 (order: 5, 131072 bytes)
[    0.000000] Memory: 442040K/523264K available (6372K kernel code, 894K rwdata, 2564K rodata, 652K init, 304K bss, 81224K reserved, 0K highmem)
[    0.000000] Virtual kernel memory layout:
[    0.000000]     vector  : 0xffff0000 - 0xffff1000   (   4 kB)
[    0.000000]     fixmap  : 0xffc00000 - 0xffe00000   (2048 kB)
[    0.000000]     vmalloc : 0xe0800000 - 0xff000000   ( 488 MB)
[    0.000000]     lowmem  : 0xc0000000 - 0xe0000000   ( 512 MB)
[    0.000000]     pkmap   : 0xbfe00000 - 0xc0000000   (   2 MB)
[    0.000000]     modules : 0xbf000000 - 0xbfe00000   (  14 MB)
[    0.000000]       .text : 0xc0208000 - 0xc0ac2318   (8937 kB)
[    0.000000]       .init : 0xc0ac3000 - 0xc0b66100   ( 653 kB)
[    0.000000]       .data : 0xc0b68000 - 0xc0c47800   ( 894 kB)
[    0.000000]        .bss : 0xc0c47808 - 0xc0c93890   ( 305 kB)
[    0.000000] SLUB: HWalign=64, Order=0-3, MinObjects=0, CPUs=1, Nodes=1
[    0.000000] Hierarchical RCU implementation.
[    0.000000] 	RCU restricting CPUs from NR_CPUS=8 to nr_cpu_ids=1.
[    0.000000] RCU: Adjusting geometry for rcu_fanout_leaf=16, nr_cpu_ids=1
[    0.000000] NR_IRQS:16 nr_irqs:16 16
[    0.000000] IRQ: Found an INTC at 0xfa200000 (revision 5.0) with 128 interrupts
[    0.000000] Total of 128 interrupts on 1 active controller
[    0.000000] OMAP clockevent source: timer2 at 24000000 Hz
[    0.000016] sched_clock: 32 bits at 24MHz, resolution 41ns, wraps every 178956969942ns
[    0.000041] OMAP clocksource: timer1 at 24000000 Hz
[    0.000274] Console: colour dummy device 80x30
[    0.000311] Calibrating delay loop... 717.61 BogoMIPS (lpj=1794048)
[    0.059301] pid_max: default: 32768 minimum: 301
[    0.059489] Mount-cache hash table entries: 1024 (order: 0, 4096 bytes)
[    0.059504] Mountpoint-cache hash table entries: 1024 (order: 0, 4096 bytes)
[    0.060225] CPU: Testing write buffer coherency: ok
[    0.060611] CPU0: thread -1, cpu 0, socket -1, mpidr 0
[    0.060715] Setting up static identity map for 0x80805b00 - 0x80805b98
[    0.063084] Brought up 1 CPUs
[    0.063102] SMP: Total of 1 processors activated.
[    0.063112] CPU: All CPU(s) started in SVC mode.
[    0.063840] devtmpfs: initialized
[    0.068480] VFP support v0.3: implementor 41 architecture 3 part 30 variant c rev 3
[    0.081795] omap_hwmod: tptc0 using broken dt data from edma
[    0.081960] omap_hwmod: tptc1 using broken dt data from edma
[    0.082088] omap_hwmod: tptc2 using broken dt data from edma
[    0.087085] omap_hwmod: debugss: _wait_target_disable failed
[    0.143087] pinctrl core: initialized pinctrl subsystem
[    0.143718] regulator-dummy: no parameters
[    0.161373] NET: Registered protocol family 16
[    0.164281] DMA: preallocated 256 KiB pool for atomic coherent allocations
[    0.166816] cpuidle: using governor ladder
[    0.166844] cpuidle: using governor menu
[    0.175099] platform 49000000.edma: alias fck already exists
[    0.175130] platform 49000000.edma: alias fck already exists
[    0.175147] platform 49000000.edma: alias fck already exists
[    0.176047] OMAP GPIO hardware version 0.1
[    0.183889] omap-gpmc 50000000.gpmc: could not find pctldev for node /pinmux@44e10800/nandflash_pins_s0, deferring probe
[    0.183925] platform 50000000.gpmc: Driver omap-gpmc requests probe deferral
[    0.187024] No ATAGs?
[    0.187053] hw-breakpoint: debug architecture 0x4 unsupported.
[    0.188123] EXYNOS: PMU not supported
[    0.190854] Serial: AMBA PL011 UART driver
[    0.214093] edma-dma-engine edma-dma-engine.0: TI EDMA DMA engine driver
[    0.215045] vbat: 5000 mV 
[    0.215381] lis3_reg: no parameters
[    0.217969] vgaarb: loaded
[    0.218791] SCSI subsystem initialized
[    0.219659] usbcore: registered new interface driver usbfs
[    0.219751] usbcore: registered new interface driver hub
[    0.219919] usbcore: registered new device driver usb
[    0.220655] omap_i2c 44e0b000.i2c: could not find pctldev for node /pinmux@44e10800/pinmux_i2c0_pins, deferring probe
[    0.220691] platform 44e0b000.i2c: Driver omap_i2c requests probe deferral
[    0.220727] omap_i2c 4802a000.i2c: could not find pctldev for node /pinmux@44e10800/pinmux_i2c1_pins, deferring probe
[    0.220746] platform 4802a000.i2c: Driver omap_i2c requests probe deferral
[    0.221056] Linux video capture interface: v2.00
[    0.221119] pps_core: LinuxPPS API ver. 1 registered
[    0.221129] pps_core: Software ver. 5.3.6 - Copyright 2005-2007 Rodolfo Giometti <giometti@linux.it>
[    0.221163] PTP clock support registered
[    0.221255] EDAC MC: Ver: 3.0.0
[    0.222331] Advanced Linux Sound Architecture Driver Initialized.
[    0.223942] Switched to clocksource timer1
[    0.237440] NET: Registered protocol family 2
[    0.238264] TCP established hash table entries: 4096 (order: 2, 16384 bytes)
[    0.238331] TCP bind hash table entries: 4096 (order: 3, 32768 bytes)
[    0.238414] TCP: Hash tables configured (established 4096 bind 4096)
[    0.238498] TCP: reno registered
[    0.238515] UDP hash table entries: 256 (order: 1, 8192 bytes)
[    0.238542] UDP-Lite hash table entries: 256 (order: 1, 8192 bytes)
[    0.238763] NET: Registered protocol family 1
[    0.239327] RPC: Registered named UNIX socket transport module.
[    0.239345] RPC: Registered udp transport module.
[    0.239354] RPC: Registered tcp transport module.
[    0.239362] RPC: Registered tcp NFSv4.1 backchannel transport module.
[    0.240495] hw perfevents: enabled with ARMv7 Cortex-A8 PMU driver, 5 counters available
[    0.242825] futex hash table entries: 256 (order: 2, 16384 bytes)
[    0.259178] squashfs: version 4.0 (2009/01/31) Phillip Lougher
[    0.260299] NFS: Registering the id_resolver key type
[    0.260385] Key type id_resolver registered
[    0.260396] Key type id_legacy registered
[    0.260477] msgmni has been set to 991
[    0.261388] Block layer SCSI generic (bsg) driver version 0.4 loaded (major 249)
[    0.261416] io scheduler noop registered
[    0.261431] io scheduler deadline registered
[    0.261707] io scheduler cfq registered (default)
[    0.263676] pinctrl-single 44e10800.pinmux: 142 pins at pa f9e10800 size 568
[    0.267892] backlight supply power not found, using dummy regulator
[    0.268084] pwm-backlight backlight: unable to request PWM, trying legacy API
[    0.268102] pwm-backlight backlight: unable to request legacy PWM
[    0.268256] platform backlight: Driver pwm-backlight requests probe deferral
[    0.346124] Serial: 8250/16550 driver, 4 ports, IRQ sharing disabled
[    0.348683] Serial: IMX driver
[    0.349169] msm_serial: driver initialized
[    0.349806] omap_uart 44e09000.serial: no wakeirq for uart0
[    0.350019] 44e09000.serial: ttyO0 at MMIO 0x44e09000 (irq = 88, base_baud = 3000000) is a OMAP UART0
[    1.090961] console [ttyO0] enabled
[    1.095329] STMicroelectronics ASC driver initialized
[    1.101552] serial: Freescale lpuart driver
[    1.106251] [drm] Initialized drm 1.1.0 20060810
[    1.117737] loop: module loaded
[    1.125776] CAN device driver interface
[    1.131882] pegasus: v0.9.3 (2013/04/25), Pegasus/Pegasus II USB Ethernet driver
[    1.139790] usbcore: registered new interface driver pegasus
[    1.145856] usbcore: registered new interface driver asix
[    1.151614] usbcore: registered new interface driver ax88179_178a
[    1.158093] usbcore: registered new interface driver cdc_ether
[    1.164337] usbcore: registered new interface driver smsc75xx
[    1.170485] usbcore: registered new interface driver smsc95xx
[    1.176601] usbcore: registered new interface driver net1080
[    1.182622] usbcore: registered new interface driver cdc_subset
[    1.188944] usbcore: registered new interface driver zaurus
[    1.194948] usbcore: registered new interface driver cdc_ncm
[    1.200959] ehci_hcd: USB 2.0 'Enhanced' Host Controller (EHCI) Driver
[    1.207835] ehci-pci: EHCI PCI platform driver
[    1.212590] ehci-platform: EHCI generic platform driver
[    1.218311] ehci-omap: OMAP-EHCI Host Controller driver
[    1.223990] ehci-orion: EHCI orion driver
[    1.228325] SPEAr-ehci: EHCI SPEAr driver
[    1.232685] tegra-ehci: Tegra EHCI driver
[    1.237060] ohci_hcd: USB 1.1 'Open' Host Controller (OHCI) Driver
[    1.243606] ohci-pci: OHCI PCI platform driver
[    1.248382] ohci-platform: OHCI generic platform driver
[    1.254055] ohci-omap3: OHCI OMAP3 driver
[    1.258397] SPEAr-ohci: OHCI SPEAr driver
[    1.263460] usbcore: registered new interface driver usb-storage
[    1.271850] mousedev: PS/2 mouse device common for all mice
[    1.280656] i2c /dev entries driver
[    1.285489] usbcore: registered new interface driver uvcvideo
[    1.291556] USB Video Class driver (1.1.1)
[    1.295877] gspca_main: v2.14.0 registered
[    1.302756] sdhci: Secure Digital Host Controller Interface driver
[    1.309288] sdhci: Copyright(c) Pierre Ossman
[    1.315340] omap_hsmmc 48060000.mmc: unable to get vmmc regulator -517
[    1.322419] platform 48060000.mmc: Driver omap_hsmmc requests probe deferral
[    1.330273] Synopsys Designware Multimedia Card Interface Driver
[    1.337287] sdhci-pltfm: SDHCI platform and OF driver helper
[    1.344426] usbcore: registered new interface driver usbhid
[    1.350311] usbhid: USB HID core driver
[    1.359953] TCP: cubic registered
[    1.363465] NET: Registered protocol family 17
[    1.368212] can: controller area network core (rev 20120528 abi 9)
[    1.374835] NET: Registered protocol family 29
[    1.379543] can: raw protocol (rev 20120528)
[    1.384046] can: broadcast manager protocol (rev 20120528 t)
[    1.390016] can: netlink gateway (rev 20130117) max_hops=1
[    1.396411] Key type dns_resolver registered
[    1.401226] omap_voltage_late_init: Voltage driver support not added
[    1.408692] ThumbEE CPU extension supported.
[    1.413275] Registering SWP/SWPB emulation handler
[    1.420030] omap-gpmc 50000000.gpmc: GPMC revision 6.0
[    1.427785] tps65910 0-002d: No interrupt support, no core IRQ
[    1.438404] vrtc: 1800 mV 
[    1.441623] vrtc: supplied by vbat
[    1.447008] vio: at 1800 mV 
[    1.450174] vio: supplied by vbat
[    1.455595] vdd_mpu: 912 <--> 1312 mV at 1137 mV 
[    1.460641] vdd_mpu: supplied by vbat
[    2.464008] omap_i2c 44e0b000.i2c: controller timed out
[    2.478952] tps65910 0-002d: Error in configuring external control EN2
[    2.485819] tps65910 0-002d: Failed to initialise ext control config
[    3.498943] omap_i2c 44e0b000.i2c: timeout waiting for bus ready
[    3.505262] vdd_core: failed to enable
[    3.509330] tps65910 0-002d: failed to register tps65910-pmic regulator
[    3.516856] tps65910-pmic: probe of tps65910-pmic failed with error -110
[    4.533958] omap_i2c 44e0b000.i2c: timeout waiting for bus ready
[    4.540317] tps65910-rtc: probe of tps65910-rtc failed with error -110
[    5.553952] omap_i2c 44e0b000.i2c: timeout waiting for bus ready
[    6.568942] omap_i2c 44e0b000.i2c: timeout waiting for bus ready
[    7.583942] omap_i2c 44e0b000.i2c: timeout waiting for bus ready
[    8.598942] omap_i2c 44e0b000.i2c: timeout waiting for bus ready
[    9.613941] omap_i2c 44e0b000.i2c: timeout waiting for bus ready
[   10.628941] omap_i2c 44e0b000.i2c: timeout waiting for bus ready
[   11.643941] omap_i2c 44e0b000.i2c: timeout waiting for bus ready
[   12.658941] omap_i2c 44e0b000.i2c: timeout waiting for bus ready
[   13.673941] omap_i2c 44e0b000.i2c: timeout waiting for bus ready
[   14.688941] omap_i2c 44e0b000.i2c: timeout waiting for bus ready
[   15.703940] omap_i2c 44e0b000.i2c: timeout waiting for bus ready
[   16.718941] omap_i2c 44e0b000.i2c: timeout waiting for bus ready
[   17.733941] omap_i2c 44e0b000.i2c: timeout waiting for bus ready
[   18.748941] omap_i2c 44e0b000.i2c: timeout waiting for bus ready
[   19.763941] omap_i2c 44e0b000.i2c: timeout waiting for bus ready
[   19.770290] omap_i2c 44e0b000.i2c: bus 0 rev0.11 at 400 kHz
[   19.781725] omap_i2c 4802a000.i2c: bus 1 rev0.11 at 100 kHz
[   19.788343] backlight supply power not found, using dummy regulator
[   19.795155] pwm-backlight backlight: unable to request PWM, trying legacy API
[   19.802686] pwm-backlight backlight: unable to request legacy PWM
[   19.809210] platform backlight: Driver pwm-backlight requests probe deferral
[   19.818554] omap_hsmmc 48060000.mmc: unable to get vmmc regulator -517
[   19.825635] platform 48060000.mmc: Driver omap_hsmmc requests probe deferral
[   19.888972] davinci_mdio 4a101000.mdio: davinci mdio revision 1.6
[   19.895411] davinci_mdio 4a101000.mdio: detected phy mask fffffffe
[   19.902843] libphy: 4a101000.mdio: probed
[   19.907129] davinci_mdio 4a101000.mdio: phy[0]: device 4a101000.mdio:00, driver Atheros 8031 ethernet
[   19.918066] cpsw 4a100000.ethernet: Detected MACID = 40:5f:c2:76:54:10
[   19.927255] input: volume_keys@0 as /devices/volume_keys@0/input/input0
[   19.935058] backlight supply power not found, using dummy regulator
[   19.941867] pwm-backlight backlight: unable to request PWM, trying legacy API
[   19.949400] pwm-backlight backlight: unable to request legacy PWM
[   19.955917] platform backlight: Driver pwm-backlight requests probe deferral
[   19.965314] omap_hsmmc 48060000.mmc: unable to get vmmc regulator -517
[   19.972386] platform 48060000.mmc: Driver omap_hsmmc requests probe deferral
[   19.980502] drivers/rtc/hctosys.c: unable to open rtc device (rtc0)
[   19.992023] net eth0: initializing cpsw version 1.12 (0)
[   20.000299] backlight supply power not found, using dummy regulator
[   20.007210] pwm-backlight backlight: unable to request PWM, trying legacy API
[   20.014750] pwm-backlight backlight: unable to request legacy PWM
[   20.021267] platform backlight: Driver pwm-backlight requests probe deferral
[   20.030691] omap_hsmmc 48060000.mmc: unable to get vmmc regulator -517
[   20.037768] platform 48060000.mmc: Driver omap_hsmmc requests probe deferral
[   20.064741] net eth0: phy found : id is : 0x4dd074
[   20.069908] libphy: PHY 4a101000.mdio:01 not found
[   20.074957] net eth0: phy 4a101000.mdio:01 not found on slave 1
[   24.064846] cpsw 4a100000.ethernet eth0: Link is Up - 1Gbps/Full - flow control rx/tx
[   24.083958] Sending DHCP requests ., OK
[   24.144428] IP-Config: Got DHCP answer from 192.168.0.1, my address is 192.168.0.166
[   24.152789] IP-Config: Complete:
[   24.156215]      device=eth0, hwaddr=40:5f:c2:76:54:10, ipaddr=192.168.0.166, mask=255.255.255.0, gw=192.168.0.1
[   24.166902]      host=192.168.0.166, domain=ti.com, nis-domain=(none)
[   24.173669]      bootserver=192.168.0.1, rootserver=192.168.0.1, rootpath=
[   24.180709]      nameserver0=192.0.2.2, nameserver1=192.0.2.3
[   24.187085] lis3_reg: disabling
[   24.190532] ALSA device list:
[   24.193643]   No soundcards found.
[   24.198255] Waiting for root device PARTUUID=00050067-02...

