- 06:55:19 [INFO] Starting target session
- 06:55:19 [INFO] Connected to am335x-sk via serial 
- 06:55:19 [INFO] Host: #check prompt
- 06:55:21 [ERROR] On command: #check prompt waiting for (?-mix:((?-mix:login:)|[Pp]assword)) >>> error: execution expired
- 06:55:21 [INFO] Target: 
#check prompt
root@am335x-evm:/test# 
- 06:55:21 [INFO] Host: #check prompt
- 06:55:22 [INFO] Target: 
#check prompt
root@am335x-evm:/test# 
- 06:55:22 [INFO] Host: sync;poweroff
- 06:55:41 [INFO] Target: 
sync;poweroff


Broadcast message from root@am335x-evm (ttyO0) (Thu May 22 11:40:19 2014):



The system is going down for system halt NOW!


INI
INIT: Sending processes the TERM signal

root@am335x-evm:/test# 
INIT: Sending processeStopping Dropbear SSH server: stopped /usr/sbin/dropbear (pid 1161)
dropbear.
Stopping telnet daemon.
Stopping system message bus: Error opening /dev/fb0: No such file or directory
Stopping syslogd/klogd: stopped syslogd (pid 1173)
stopped klogd (pid 1176)
done
Stopping thttpd.
ALSA: Storing mixer settings...
/usr/sbin/alsactl: save_state:1580: No soundcards found...
Deconfiguring network interfaces... done.
Stopping Lighttpd Web Server: stopped /usr/sbin/lighttpd (pid 1188)
lighttpd.
/etc/rc0.d/K96am335x-pm-firmware-load: line 4: /sys/devices/ocp.2/44d00000.wkup_m3/firmware/am335x-pm-firmware.bin/loading: No such file or directory
/etc/rc0.d/K96am335x-pm-firmware-load: line 5: /sys/devices/ocp.2/44d00000.wkup_m3/firmware/am335x-pm-firmware.bin/data: No such file or directory
/etc/rc0.d/K96am335x-pm-firmware-load: line 6: /sys/devices/ocp.2/44d00000.wkup_m3/firmware/am335x-pm-firmware.bin/loading: No such file or directory
Stopping Matrix GUI applicationstart-stop-daemon: warning: killing process 1198: No such process
.
***************************************************************
***************************************************************
NOTICE: This file system contains the followin GPLv3 packages:
	binutils-symlinks
	binutils
	gdbserver

If you do not wish to distribute GPLv3 components please remove
the above packages prior to distribution.  This can be done using
the opkg remove command.  i.e.:
    opkg remove <package>
Where <package> is the name printed in the list above

NOTE: If the package is a dependency of another package you
      will be notified of the dependent packages.  You should
      use the --force-removal-of-dependent-packages option to
      also remove the dependent packages as well
***************************************************************
***************************************************************
Sending all processes the TERM signal...
Sending all processes the KILL signal...
Unmounting remote filesystems...
Deactivating swap...
Unmounting local filesystems...
[ 1252.425357] EXT4-fs (mmcblk0p2): re-mounted. Opts: data=ordered
[ 1254.601169] reboot: System halted

- 06:55:41 [INFO] Disconnected serial from am335x-sk
- 06:56:13 [INFO] Connected to am335x-sk via serial 
- 06:56:13 [INFO] Host: 
- 06:56:13 [INFO] Target: 
NAND:  0 MiB
MMC:   OMAP SD/MMC: 0, OMAP SD/MMC: 1
*** Warning - readenv() failed, using default environment

Net:   <ethaddr> not set. Validating first E-fuse MAC
cpsw, usb_ether
Hit any key to stop autoboot:  1  0 
U-Boot# 
- 06:56:13 [INFO] Host: 
- 06:56:14 [INFO] Target: 

U-Boot# 
- 06:56:14 [INFO] Host: version
- 06:56:14 [INFO] Target: 
version

U-Boot 2014.07-rc2 (May 29 2014 - 18:04:30)
arm-linux-gnueabihf-gcc (crosstool-NG linaro-1.13.1-4.7-2013.03-20130313 - Linaro GCC 2013.03) 4.7.3 20130226 (prerelease)
GNU ld (crosstool-NG linaro-1.13.1-4.7-2013.03-20130313 - Linaro GCC 2013.03) 2.23.1
U-Boot# 
- 06:56:14 [INFO] Host: setenv bootargs 'console=ttyO0,115200n8 earlyprintk rootwait '
- 06:56:15 [INFO] Target: 
setenv bootargs 'console=ttyO0,115200n8 earlyprintk rootwait '
U-Boot# 
- 06:56:15 [INFO] Host: setenv bootcmd  ''
- 06:56:15 [INFO] Target: 
setenv bootcmd  ''
U-Boot# 
- 06:56:15 [INFO] Host: setenv autoload 'no'
- 06:56:16 [INFO] Target: 
setenv autoload 'no'
U-Boot# 
- 06:56:16 [INFO] Host: setenv serverip '192.168.0.1'
- 06:56:16 [INFO] Target: 
setenv serverip '192.168.0.1'
U-Boot# 
- 06:56:16 [INFO] Host: printenv
- 06:56:17 [INFO] Target: 
printenv
arch=arm
autoload=no
baudrate=115200
board=am335x
board_name=A335X_SK
board_rev=1.2C
boot_fdt=try
bootargs=console=ttyO0,115200n8 earlyprintk rootwait 
bootcmd=
bootcount=1
bootdelay=1
bootdir=/boot
bootenv=uEnv.txt
bootfile=zImage
bootm_size=0x10000000
bootpart=0:2
console=ttyO0,115200n8
cpu=armv7
dfu_alt_info_emmc=rawemmc mmc 0 3751936
dfu_alt_info_mmc=boot part 0 1;rootfs part 0 2;MLO fat 0 1;MLO.raw mmc 0x100 0x100;u-boot.img.raw mmc 0x300 0x400;spl-os-args.raw mmc 0x80 0x80;spl-os-image.raw mmc 0x900 0x2000;spl-os-args fat 0 1;spl-os-image fat 0 1;u-boot.img fat 0 1;uEnv.txt fat 0 1
dfu_alt_info_nand=SPL part 0 1;SPL.backup1 part 0 2;SPL.backup2 part 0 3;SPL.backup3 part 0 4;u-boot part 0 5;u-boot-spl-os part 0 6;kernel part 0 8;rootfs part 0 9
dfu_alt_info_ram=kernel ram 0x80200000 0xD80000;fdt ram 0x80F80000 0x80000;ramdisk ram 0x81000000 0x4000000
eth1addr=c8:a0:30:a1:db:5a
ethact=cpsw
ethaddr=c8:a0:30:a1:db:58
fdt_addr_r=0x88000000
fdtaddr=0x88000000
fdtfile=undefined
findfdt=if test $board_name = A335BONE; then setenv fdtfile am335x-bone.dtb; fi; if test $board_name = A335BNLT; then setenv fdtfile am335x-boneblack.dtb; fi; if test $board_name = A33515BB; then setenv fdtfile am335x-evm.dtb; fi; if test $board_name = A335X_SK; then setenv fdtfile am335x-evmsk.dtb; fi; if test $fdtfile = undefined; then echo WARNING: Could not determine device tree to use; fi; 
importbootenv=echo Importing environment from mmc ...; env import -t $loadaddr $filesize
kernel_addr_r=0x82000000
loadaddr=0x82000000
loadbootenv=load mmc ${mmcdev} ${loadaddr} ${bootenv}
loadfdt=load mmc ${bootpart} ${fdtaddr} ${bootdir}/${fdtfile}
loadimage=load mmc ${bootpart} ${loadaddr} ${bootdir}/${bootfile}
loadramdisk=load mmc ${mmcdev} ${rdaddr} ramdisk.gz
mmcargs=setenv bootargs console=${console} ${optargs} root=${mmcroot} rootfstype=${mmcrootfstype}
mmcboot=mmc dev ${mmcdev}; if mmc rescan; then echo SD/MMC found on device ${mmcdev};if run loadbootenv; then echo Loaded environment from ${bootenv};run importbootenv;fi;if test -n $uenvcmd; then echo Running uenvcmd ...;run uenvcmd;fi;if run loadimage; then run mmcloados;fi;fi;
mmcdev=0
mmcloados=run mmcargs; if test ${boot_fdt} = yes || test ${boot_fdt} = try; then if run loadfdt; then bootz ${loadaddr} - ${fdtaddr}; else if test ${boot_fdt} = try; then bootz; else echo WARN: Cannot load the DT; fi; fi; else bootz; fi;
mmcroot=/dev/mmcblk0p2 ro
mmcrootfstype=ext4 rootwait
mtdids=nand0=omap2-nand.0
mtdparts=mtdparts=omap2-nand.0:128k(SPL),128k(SPL.backup1),128k(SPL.backup2),128k(SPL.backup3),1792k(u-boot),128k(u-boot-spl-os),128k(u-boot-env),5m(kernel),-(rootfs)
nandargs=setenv bootargs console=${console} ${optargs} root=${nandroot} rootfstype=${nandrootfstype}
nandboot=echo Booting from nand ...; run nandargs; nand read ${fdtaddr} u-boot-spl-os; nand read ${loadaddr} kernel; bootz ${loadaddr} - ${fdtaddr}
nandroot=ubi0:rootfs rw ubi.mtd=7,2048
nandrootfstype=ubifs rootwait=1
netargs=setenv bootargs console=${console} ${optargs} root=/dev/nfs nfsroot=${serverip}:${rootpath},${nfsopts} rw ip=dhcp
netboot=echo Booting from network ...; setenv autoload no; dhcp; tftp ${loadaddr} ${bootfile}; tftp ${fdtaddr} ${fdtfile}; run netargs; bootz ${loadaddr} - ${fdtaddr}
nfsopts=nolock
partitions=uuid_disk=${uuid_gpt_disk};name=rootfs,start=2MiB,size=-,uuid=${uuid_gpt_rootfs}
ramargs=setenv bootargs console=${console} ${optargs} root=${ramroot} rootfstype=${ramrootfstype}
ramboot=echo Booting from ramdisk ...; run ramargs; bootz ${loadaddr} ${rdaddr} ${fdtaddr}
ramdisk_addr_r=0x88080000
ramroot=/dev/ram0 rw
ramrootfstype=ext2
rdaddr=0x88080000
rootpath=/export/rootfs
serverip=192.168.0.1
soc=am33xx
spiargs=setenv bootargs console=${console} ${optargs} root=${spiroot} rootfstype=${spirootfstype}
spiboot=echo Booting from spi ...; run spiargs; sf probe ${spibusno}:0; sf read ${loadaddr} ${spisrcaddr} ${spiimgsize}; bootz ${loadaddr}
spibusno=0
spiimgsize=0x362000
spiroot=/dev/mtdblock4 rw
spirootfstype=jffs2
spisrcaddr=0xe0000
static_ip=${ipaddr}:${serverip}:${gatewayip}:${netmask}:${hostname}::off
stderr=serial
stdin=serial
stdout=serial
usbnet_devaddr=c8:a0:30:a1:db:5a
vendor=ti
ver=U-Boot 2014.07-rc2 (May 29 2014 - 18:04:30)

Environment size: 4366/131068 bytes
U-Boot# 
- 06:56:17 [INFO] Host: printenv
- 06:56:17 [INFO] Target: 
printenv
arch=arm
autoload=no
baudrate=115200
board=am335x
board_name=A335X_SK
board_rev=1.2C
boot_fdt=try
bootargs=console=ttyO0,115200n8 earlyprintk rootwait 
bootcmd=
bootcount=1
bootdelay=1
bootdir=/boot
bootenv=uEnv.txt
bootfile=zImage
bootm_size=0x10000000
bootpart=0:2
console=ttyO0,115200n8
cpu=armv7
dfu_alt_info_emmc=rawemmc mmc 0 3751936
dfu_alt_info_mmc=boot part 0 1;rootfs part 0 2;MLO fat 0 1;MLO.raw mmc 0x100 0x100;u-boot.img.raw mmc 0x300 0x400;spl-os-args.raw mmc 0x80 0x80;spl-os-image.raw mmc 0x900 0x2000;spl-os-args fat 0 1;spl-os-image fat 0 1;u-boot.img fat 0 1;uEnv.txt fat 0 1
dfu_alt_info_nand=SPL part 0 1;SPL.backup1 part 0 2;SPL.backup2 part 0 3;SPL.backup3 part 0 4;u-boot part 0 5;u-boot-spl-os part 0 6;kernel part 0 8;rootfs part 0 9
dfu_alt_info_ram=kernel ram 0x80200000 0xD80000;fdt ram 0x80F80000 0x80000;ramdisk ram 0x81000000 0x4000000
eth1addr=c8:a0:30:a1:db:5a
ethact=cpsw
ethaddr=c8:a0:30:a1:db:58
fdt_addr_r=0x88000000
fdtaddr=0x88000000
fdtfile=undefined
findfdt=if test $board_name = A335BONE; then setenv fdtfile am335x-bone.dtb; fi; if test $board_name = A335BNLT; then setenv fdtfile am335x-boneblack.dtb; fi; if test $board_name = A33515BB; then setenv fdtfile am335x-evm.dtb; fi; if test $board_name = A335X_SK; then setenv fdtfile am335x-evmsk.dtb; fi; if test $fdtfile = undefined; then echo WARNING: Could not determine device tree to use; fi; 
importbootenv=echo Importing environment from mmc ...; env import -t $loadaddr $filesize
kernel_addr_r=0x82000000
loadaddr=0x82000000
loadbootenv=load mmc ${mmcdev} ${loadaddr} ${bootenv}
loadfdt=load mmc ${bootpart} ${fdtaddr} ${bootdir}/${fdtfile}
loadimage=load mmc ${bootpart} ${loadaddr} ${bootdir}/${bootfile}
loadramdisk=load mmc ${mmcdev} ${rdaddr} ramdisk.gz
mmcargs=setenv bootargs console=${console} ${optargs} root=${mmcroot} rootfstype=${mmcrootfstype}
mmcboot=mmc dev ${mmcdev}; if mmc rescan; then echo SD/MMC found on device ${mmcdev};if run loadbootenv; then echo Loaded environment from ${bootenv};run importbootenv;fi;if test -n $uenvcmd; then echo Running uenvcmd ...;run uenvcmd;fi;if run loadimage; then run mmcloados;fi;fi;
mmcdev=0
mmcloados=run mmcargs; if test ${boot_fdt} = yes || test ${boot_fdt} = try; then if run loadfdt; then bootz ${loadaddr} - ${fdtaddr}; else if test ${boot_fdt} = try; then bootz; else echo WARN: Cannot load the DT; fi; fi; else bootz; fi;
mmcroot=/dev/mmcblk0p2 ro
mmcrootfstype=ext4 rootwait
mtdids=nand0=omap2-nand.0
mtdparts=mtdparts=omap2-nand.0:128k(SPL),128k(SPL.backup1),128k(SPL.backup2),128k(SPL.backup3),1792k(u-boot),128k(u-boot-spl-os),128k(u-boot-env),5m(kernel),-(rootfs)
nandargs=setenv bootargs console=${console} ${optargs} root=${nandroot} rootfstype=${nandrootfstype}
nandboot=echo Booting from nand ...; run nandargs; nand read ${fdtaddr} u-boot-spl-os; nand read ${loadaddr} kernel; bootz ${loadaddr} - ${fdtaddr}
nandroot=ubi0:rootfs rw ubi.mtd=7,2048
nandrootfstype=ubifs rootwait=1
netargs=setenv bootargs console=${console} ${optargs} root=/dev/nfs nfsroot=${serverip}:${rootpath},${nfsopts} rw ip=dhcp
netboot=echo Booting from network ...; setenv autoload no; dhcp; tftp ${loadaddr} ${bootfile}; tftp ${fdtaddr} ${fdtfile}; run netargs; bootz ${loadaddr} - ${fdtaddr}
nfsopts=nolock
partitions=uuid_disk=${uuid_gpt_disk};name=rootfs,start=2MiB,size=-,uuid=${uuid_gpt_rootfs}
ramargs=setenv bootargs console=${console} ${optargs} root=${ramroot} rootfstype=${ramrootfstype}
ramboot=echo Booting from ramdisk ...; run ramargs; bootz ${loadaddr} ${rdaddr} ${fdtaddr}
ramdisk_addr_r=0x88080000
ramroot=/dev/ram0 rw
ramrootfstype=ext2
rdaddr=0x88080000
rootpath=/export/rootfs
serverip=192.168.0.1
soc=am33xx
spiargs=setenv bootargs console=${console} ${optargs} root=${spiroot} rootfstype=${spirootfstype}
spiboot=echo Booting from spi ...; run spiargs; sf probe ${spibusno}:0; sf read ${loadaddr} ${spisrcaddr} ${spiimgsize}; bootz ${loadaddr}
spibusno=0
spiimgsize=0x362000
spiroot=/dev/mtdblock4 rw
spirootfstype=jffs2
spisrcaddr=0xe0000
static_ip=${ipaddr}:${serverip}:${gatewayip}:${netmask}:${hostname}::off
stderr=serial
stdin=serial
stdout=serial
usbnet_devaddr=c8:a0:30:a1:db:5a
vendor=ti
ver=U-Boot 2014.07-rc2 (May 29 2014 - 18:04:30)

Environment size: 4366/131068 bytes
U-Boot# 
- 06:56:17 [INFO] Host: setenv bootargs ''${bootargs}' ip=dhcp '
- 06:56:18 [INFO] Target: 
setenv bootargs ''${bootargs}' ip=dhcp '
U-Boot# 
- 06:56:18 [INFO] Host: setenv serverip '192.168.0.1'
- 06:56:18 [INFO] Target: 
setenv serverip '192.168.0.1'
U-Boot# 
- 06:56:18 [INFO] Host: setenv ipaddr dhcp
- 06:56:19 [INFO] Target: 
setenv ipaddr dhcp
U-Boot# 
- 06:56:19 [INFO] Host: setenv autoload 'no'
- 06:56:19 [INFO] Target: 
setenv autoload 'no'
U-Boot# 
- 06:56:19 [INFO] Host: dhcp
- 06:56:21 [INFO] Target: 
dhcp
link up on port 0, speed 1000, full duplex
BOOTP broadcast 1
DHCP client bound to address 192.168.0.158
U-Boot# 
- 06:56:21 [INFO] Host: setenv serverip '192.168.0.1'
- 06:56:21 [INFO] Target: 
setenv serverip '192.168.0.1'
U-Boot# 
- 06:56:21 [INFO] Host: tftp ${loadaddr} 192.168.0.1:vatf_am335x-sk/a9c7cac0a33b4360f489ce648ae8e615
- 06:56:22 [INFO] Target: 
tftp ${loadaddr} 192.168.0.1:vatf_am335x-sk/a9c7cac0a33b4360f489ce648ae8e615
link up on port 0, speed 1000, full duplex
Using cpsw device
TFTP from server 192.168.0.1; our IP address is 192.168.0.158
Filename 'vatf_am335x-sk/a9c7cac0a33b4360f489ce648ae8e615'.
Load address: 0x82000000
Loading: *#################################################################
	 #################################################################
	 #################################################################
	 #################################################################
	 #################################################################
	 ####################
	 6.1 MiB/s
done
Bytes transferred = 5063136 (4d41e0 hex)
U-Boot# 
- 06:56:22 [INFO] Host: tftp ${fdt_addr_r} 192.168.0.1:vatf_am335x-sk/e41e0ecdc762a2b0686716ed96528811
- 06:56:23 [INFO] Target: 
tftp ${fdt_addr_r} 192.168.0.1:vatf_am335x-sk/e41e0ecdc762a2b0686716ed96528811
link up on port 0, speed 1000, full duplex
Using cpsw device
TFTP from server 192.168.0.1; our IP address is 192.168.0.158
Filename 'vatf_am335x-sk/e41e0ecdc762a2b0686716ed96528811'.
Load address: 0x88000000
Loading: *###
	 4.1 MiB/s
done
Bytes transferred = 34197 (8595 hex)
U-Boot# 
- 06:56:23 [INFO] Host: ls mmc 0:1
- 06:56:23 [INFO] Target: 
ls mmc 0:1
  2206363   am335x-evm-sk-quickstartguide.pdf 
      140   autorun.inf 
   176621   beaglebone-quickstartguide.pdf 
    82480   mlo 
  2371014   quickstartguide.pdf 
       14   .ipaddr 
     1164   readme 
   408372   u-boot.img 
            windows_users/
        0   pointercal 

9 file(s), 1 dir(s)

U-Boot# 
- 06:56:23 [INFO] Host: ls mmc 0:2
- 06:56:24 [INFO] Target: 
ls mmc 0:2
<DIR>       4096 .
<DIR>       4096 ..
<DIR>       4096 bin
<DIR>       4096 boot
<DIR>       4096 dev
<DIR>       4096 etc
<DIR>       4096 home
<DIR>       4096 lib
<DIR>       4096 media
<DIR>       4096 mnt
<DIR>       4096 opt
<DIR>       4096 proc
<DIR>       4096 sbin
<DIR>       4096 srv
<DIR>       4096 sys
<SYM>          8 tmp
<DIR>       4096 usr
<DIR>       4096 var
<DIR>       4096 www
<SYM>          8 run
<DIR>       4096 Settings
<DIR>       4096 test
U-Boot# 
- 06:56:24 [INFO] Host: part uuid mmc 0:2
- 06:56:24 [INFO] Target: 
part uuid mmc 0:2
00000000-02
U-Boot# 
- 06:56:24 [INFO] Host: printenv
- 06:56:25 [INFO] Target: 
printenv
arch=arm
autoload=no
baudrate=115200
board=am335x
board_name=A335X_SK
board_rev=1.2C
boot_fdt=try
bootargs=console=ttyO0,115200n8 earlyprintk rootwait  ip=dhcp 
bootcmd=
bootcount=1
bootdelay=1
bootdir=/boot
bootenv=uEnv.txt
bootfile=zImage
bootm_size=0x10000000
bootpart=0:2
console=ttyO0,115200n8
cpu=armv7
dfu_alt_info_emmc=rawemmc mmc 0 3751936
dfu_alt_info_mmc=boot part 0 1;rootfs part 0 2;MLO fat 0 1;MLO.raw mmc 0x100 0x100;u-boot.img.raw mmc 0x300 0x400;spl-os-args.raw mmc 0x80 0x80;spl-os-image.raw mmc 0x900 0x2000;spl-os-args fat 0 1;spl-os-image fat 0 1;u-boot.img fat 0 1;uEnv.txt fat 0 1
dfu_alt_info_nand=SPL part 0 1;SPL.backup1 part 0 2;SPL.backup2 part 0 3;SPL.backup3 part 0 4;u-boot part 0 5;u-boot-spl-os part 0 6;kernel part 0 8;rootfs part 0 9
dfu_alt_info_ram=kernel ram 0x80200000 0xD80000;fdt ram 0x80F80000 0x80000;ramdisk ram 0x81000000 0x4000000
dnsip=192.0.2.2
dnsip2=192.0.2.3
eth1addr=c8:a0:30:a1:db:5a
ethact=cpsw
ethaddr=c8:a0:30:a1:db:58
fdt_addr_r=0x88000000
fdtaddr=0x88000000
fdtfile=undefined
fileaddr=88000000
filesize=8595
findfdt=if test $board_name = A335BONE; then setenv fdtfile am335x-bone.dtb; fi; if test $board_name = A335BNLT; then setenv fdtfile am335x-boneblack.dtb; fi; if test $board_name = A33515BB; then setenv fdtfile am335x-evm.dtb; fi; if test $board_name = A335X_SK; then setenv fdtfile am335x-evmsk.dtb; fi; if test $fdtfile = undefined; then echo WARNING: Could not determine device tree to use; fi; 
gatewayip=192.168.0.1
importbootenv=echo Importing environment from mmc ...; env import -t $loadaddr $filesize
ipaddr=192.168.0.158
kernel_addr_r=0x82000000
loadaddr=0x82000000
loadbootenv=load mmc ${mmcdev} ${loadaddr} ${bootenv}
loadfdt=load mmc ${bootpart} ${fdtaddr} ${bootdir}/${fdtfile}
loadimage=load mmc ${bootpart} ${loadaddr} ${bootdir}/${bootfile}
loadramdisk=load mmc ${mmcdev} ${rdaddr} ramdisk.gz
mmcargs=setenv bootargs console=${console} ${optargs} root=${mmcroot} rootfstype=${mmcrootfstype}
mmcboot=mmc dev ${mmcdev}; if mmc rescan; then echo SD/MMC found on device ${mmcdev};if run loadbootenv; then echo Loaded environment from ${bootenv};run importbootenv;fi;if test -n $uenvcmd; then echo Running uenvcmd ...;run uenvcmd;fi;if run loadimage; then run mmcloados;fi;fi;
mmcdev=0
mmcloados=run mmcargs; if test ${boot_fdt} = yes || test ${boot_fdt} = try; then if run loadfdt; then bootz ${loadaddr} - ${fdtaddr}; else if test ${boot_fdt} = try; then bootz; else echo WARN: Cannot load the DT; fi; fi; else bootz; fi;
mmcroot=/dev/mmcblk0p2 ro
mmcrootfstype=ext4 rootwait
mtdids=nand0=omap2-nand.0
mtdparts=mtdparts=omap2-nand.0:128k(SPL),128k(SPL.backup1),128k(SPL.backup2),128k(SPL.backup3),1792k(u-boot),128k(u-boot-spl-os),128k(u-boot-env),5m(kernel),-(rootfs)
nandargs=setenv bootargs console=${console} ${optargs} root=${nandroot} rootfstype=${nandrootfstype}
nandboot=echo Booting from nand ...; run nandargs; nand read ${fdtaddr} u-boot-spl-os; nand read ${loadaddr} kernel; bootz ${loadaddr} - ${fdtaddr}
nandroot=ubi0:rootfs rw ubi.mtd=7,2048
nandrootfstype=ubifs rootwait=1
netargs=setenv bootargs console=${console} ${optargs} root=/dev/nfs nfsroot=${serverip}:${rootpath},${nfsopts} rw ip=dhcp
netboot=echo Booting from network ...; setenv autoload no; dhcp; tftp ${loadaddr} ${bootfile}; tftp ${fdtaddr} ${fdtfile}; run netargs; bootz ${loadaddr} - ${fdtaddr}
netmask=255.255.255.0
nfsopts=nolock
partitions=uuid_disk=${uuid_gpt_disk};name=rootfs,start=2MiB,size=-,uuid=${uuid_gpt_rootfs}
ramargs=setenv bootargs console=${console} ${optargs} root=${ramroot} rootfstype=${ramrootfstype}
ramboot=echo Booting from ramdisk ...; run ramargs; bootz ${loadaddr} ${rdaddr} ${fdtaddr}
ramdisk_addr_r=0x88080000
ramroot=/dev/ram0 rw
ramrootfstype=ext2
rdaddr=0x88080000
rootpath=/export/rootfs
serverip=192.168.0.1
soc=am33xx
spiargs=setenv bootargs console=${console} ${optargs} root=${spiroot} rootfstype=${spirootfstype}
spiboot=echo Booting from spi ...; run spiargs; sf probe ${spibusno}:0; sf read ${loadaddr} ${spisrcaddr} ${spiimgsize}; bootz ${loadaddr}
spibusno=0
spiimgsize=0x362000
spiroot=/dev/mtdblock4 rw
spirootfstype=jffs2
spisrcaddr=0xe0000
static_ip=${ipaddr}:${serverip}:${gatewayip}:${netmask}:${hostname}::off
stderr=serial
stdin=serial
stdout=serial
usbnet_devaddr=c8:a0:30:a1:db:5a
vendor=ti
ver=U-Boot 2014.07-rc2 (May 29 2014 - 18:04:30)

Environment size: 4519/131068 bytes
U-Boot# 
- 06:56:25 [INFO] Host: setenv bootargs ''${bootargs}' root=PARTUUID=00000000-02 rw rootfstype=ext4 rootwait '
- 06:56:25 [INFO] Target: 
setenv bootargs ''${bootargs}' root=PARTUUID=00000000-02 rw rootfstype=ext4 rootwait '
U-Boot# 
- 06:56:25 [INFO] Host: printenv
- 06:56:26 [INFO] Target: 
printenv
arch=arm
autoload=no
baudrate=115200
board=am335x
board_name=A335X_SK
board_rev=1.2C
boot_fdt=try
bootargs=console=ttyO0,115200n8 earlyprintk rootwait  ip=dhcp  root=PARTUUID=00000000-02 rw rootfstype=ext4 rootwait 
bootcmd=
bootcount=1
bootdelay=1
bootdir=/boot
bootenv=uEnv.txt
bootfile=zImage
bootm_size=0x10000000
bootpart=0:2
console=ttyO0,115200n8
cpu=armv7
dfu_alt_info_emmc=rawemmc mmc 0 3751936
dfu_alt_info_mmc=boot part 0 1;rootfs part 0 2;MLO fat 0 1;MLO.raw mmc 0x100 0x100;u-boot.img.raw mmc 0x300 0x400;spl-os-args.raw mmc 0x80 0x80;spl-os-image.raw mmc 0x900 0x2000;spl-os-args fat 0 1;spl-os-image fat 0 1;u-boot.img fat 0 1;uEnv.txt fat 0 1
dfu_alt_info_nand=SPL part 0 1;SPL.backup1 part 0 2;SPL.backup2 part 0 3;SPL.backup3 part 0 4;u-boot part 0 5;u-boot-spl-os part 0 6;kernel part 0 8;rootfs part 0 9
dfu_alt_info_ram=kernel ram 0x80200000 0xD80000;fdt ram 0x80F80000 0x80000;ramdisk ram 0x81000000 0x4000000
dnsip=192.0.2.2
dnsip2=192.0.2.3
eth1addr=c8:a0:30:a1:db:5a
ethact=cpsw
ethaddr=c8:a0:30:a1:db:58
fdt_addr_r=0x88000000
fdtaddr=0x88000000
fdtfile=undefined
fileaddr=88000000
filesize=8595
findfdt=if test $board_name = A335BONE; then setenv fdtfile am335x-bone.dtb; fi; if test $board_name = A335BNLT; then setenv fdtfile am335x-boneblack.dtb; fi; if test $board_name = A33515BB; then setenv fdtfile am335x-evm.dtb; fi; if test $board_name = A335X_SK; then setenv fdtfile am335x-evmsk.dtb; fi; if test $fdtfile = undefined; then echo WARNING: Could not determine device tree to use; fi; 
gatewayip=192.168.0.1
importbootenv=echo Importing environment from mmc ...; env import -t $loadaddr $filesize
ipaddr=192.168.0.158
kernel_addr_r=0x82000000
loadaddr=0x82000000
loadbootenv=load mmc ${mmcdev} ${loadaddr} ${bootenv}
loadfdt=load mmc ${bootpart} ${fdtaddr} ${bootdir}/${fdtfile}
loadimage=load mmc ${bootpart} ${loadaddr} ${bootdir}/${bootfile}
loadramdisk=load mmc ${mmcdev} ${rdaddr} ramdisk.gz
mmcargs=setenv bootargs console=${console} ${optargs} root=${mmcroot} rootfstype=${mmcrootfstype}
mmcboot=mmc dev ${mmcdev}; if mmc rescan; then echo SD/MMC found on device ${mmcdev};if run loadbootenv; then echo Loaded environment from ${bootenv};run importbootenv;fi;if test -n $uenvcmd; then echo Running uenvcmd ...;run uenvcmd;fi;if run loadimage; then run mmcloados;fi;fi;
mmcdev=0
mmcloados=run mmcargs; if test ${boot_fdt} = yes || test ${boot_fdt} = try; then if run loadfdt; then bootz ${loadaddr} - ${fdtaddr}; else if test ${boot_fdt} = try; then bootz; else echo WARN: Cannot load the DT; fi; fi; else bootz; fi;
mmcroot=/dev/mmcblk0p2 ro
mmcrootfstype=ext4 rootwait
mtdids=nand0=omap2-nand.0
mtdparts=mtdparts=omap2-nand.0:128k(SPL),128k(SPL.backup1),128k(SPL.backup2),128k(SPL.backup3),1792k(u-boot),128k(u-boot-spl-os),128k(u-boot-env),5m(kernel),-(rootfs)
nandargs=setenv bootargs console=${console} ${optargs} root=${nandroot} rootfstype=${nandrootfstype}
nandboot=echo Booting from nand ...; run nandargs; nand read ${fdtaddr} u-boot-spl-os; nand read ${loadaddr} kernel; bootz ${loadaddr} - ${fdtaddr}
nandroot=ubi0:rootfs rw ubi.mtd=7,2048
nandrootfstype=ubifs rootwait=1
netargs=setenv bootargs console=${console} ${optargs} root=/dev/nfs nfsroot=${serverip}:${rootpath},${nfsopts} rw ip=dhcp
netboot=echo Booting from network ...; setenv autoload no; dhcp; tftp ${loadaddr} ${bootfile}; tftp ${fdtaddr} ${fdtfile}; run netargs; bootz ${loadaddr} - ${fdtaddr}
netmask=255.255.255.0
nfsopts=nolock
partitions=uuid_disk=${uuid_gpt_disk};name=rootfs,start=2MiB,size=-,uuid=${uuid_gpt_rootfs}
ramargs=setenv bootargs console=${console} ${optargs} root=${ramroot} rootfstype=${ramrootfstype}
ramboot=echo Booting from ramdisk ...; run ramargs; bootz ${loadaddr} ${rdaddr} ${fdtaddr}
ramdisk_addr_r=0x88080000
ramroot=/dev/ram0 rw
ramrootfstype=ext2
rdaddr=0x88080000
rootpath=/export/rootfs
serverip=192.168.0.1
soc=am33xx
spiargs=setenv bootargs console=${console} ${optargs} root=${spiroot} rootfstype=${spirootfstype}
spiboot=echo Booting from spi ...; run spiargs; sf probe ${spibusno}:0; sf read ${loadaddr} ${spisrcaddr} ${spiimgsize}; bootz ${loadaddr}
spibusno=0
spiimgsize=0x362000
spiroot=/dev/mtdblock4 rw
spirootfstype=jffs2
spisrcaddr=0xe0000
static_ip=${ipaddr}:${serverip}:${gatewayip}:${netmask}:${hostname}::off
stderr=serial
stdin=serial
stdout=serial
usbnet_devaddr=c8:a0:30:a1:db:5a
vendor=ti
ver=U-Boot 2014.07-rc2 (May 29 2014 - 18:04:30)

Environment size: 4574/131068 bytes
U-Boot# 
- 06:56:26 [INFO] Host: setenv bootcmd ''${bootcmd}' if iminfo ${loadaddr}; then bootm ${loadaddr} - ${fdt_addr_r}; else bootz ${loadaddr} - ${fdt_addr_r}; bootm ${loadaddr} - ${fdt_addr_r}; fi'
- 06:56:26 [INFO] Target: 
setenv bootcmd ''${bootcmd}' if iminfo ${loadaddr}; then bootm ${loadaddr} - ${fdt_addr_r}; else bootz ${loadaddr} - ${fdt_addr_r}; bootm ${loadaddr} - ${fdt_addr_r}; fi'
U-Boot# 
- 06:56:26 [INFO] Host: bdinfo
- 06:56:27 [INFO] Target: 
bdinfo
arch_number = 0x00000E05
boot_params = 0x80000100
DRAM bank   = 0x00000000
-> start    = 0x80000000
-> size     = 0x10000000
eth0name    = cpsw
ethaddr     = c8:a0:30:a1:db:58
eth1name    = usb_ether
eth1addr    = c8:a0:30:a1:db:5a
current eth = cpsw
ip_addr     = 192.168.0.158
baudrate    = 115200 bps
TLB addr    = 0x8FFF0000
relocaddr   = 0x8F74A000
reloc off   = 0x0EF4A000
irq_sp      = 0x8F629EE0
sp start    = 0x8F629ED0
U-Boot# 
- 06:56:27 [INFO] Host: boot
- 06:56:45 [INFO] Target: 
boot

## Checking Image at 82000000 ...
Unknown image format!
Kernel image @ 0x82000000 [ 0x000000 - 0x4d41e0 ]
## Flattened Device Tree blob at 88000000
   Booting using the fdt blob at 0x88000000
   Loading Device Tree to 8f61d000, end 8f628594 ... OK

Starting kernel ...

[    0.000000] Booting Linux on physical CPU 0x0
[    0.000000] Linux version 3.16.0-rc7-next-20140729-00002-g2466f0a (nmenon@kahuna) (gcc version 4.6.3 (Ubuntu/Linaro 4.6.3-1ubuntu5) ) #1 SMP Wed Jul 30 05:51:10 CDT 2014
[    0.000000] CPU: ARMv7 Processor [413fc082] revision 2 (ARMv7), cr=10c5387d
[    0.000000] CPU: PIPT / VIPT nonaliasing data cache, VIPT aliasing instruction cache
[    0.000000] Machine model: TI AM335x EVM-SK
[    0.000000] cma: Reserved 64 MiB at 8b000000
[    0.000000] Memory policy: Data cache writeback
[    0.000000]   HighMem zone: 1048574 pages exceeds freesize 0
[    0.000000] CPU: All CPU(s) started in SVC mode.
[    0.000000] AM335X ES2.1 (sgx neon )
[    0.000000] PERCPU: Embedded 8 pages/cpu @cfca8000 s8448 r8192 d16128 u32768
[    0.000000] Built 1 zonelists in Zone order, mobility grouping on.  Total pages: 64768
[    0.000000] Kernel command line: console=ttyO0,115200n8 earlyprintk rootwait  ip=dhcp  root=PARTUUID=00000000-02 rw rootfstype=ext4 rootwait 
[    0.000000] PID hash table entries: 1024 (order: 0, 4096 bytes)
[    0.000000] Dentry cache hash table entries: 32768 (order: 5, 131072 bytes)
[    0.000000] Inode-cache hash table entries: 16384 (order: 4, 65536 bytes)
[    0.000000] Memory: 181796K/261120K available (6586K kernel code, 924K rwdata, 2632K rodata, 688K init, 304K bss, 79324K reserved, 0K highmem)
[    0.000000] Virtual kernel memory layout:
[    0.000000]     vector  : 0xffff0000 - 0xffff1000   (   4 kB)
[    0.000000]     fixmap  : 0xffc00000 - 0xffe00000   (2048 kB)
[    0.000000]     vmalloc : 0xd0800000 - 0xff000000   ( 744 MB)
[    0.000000]     lowmem  : 0xc0000000 - 0xd0000000   ( 256 MB)
[    0.000000]     pkmap   : 0xbfe00000 - 0xc0000000   (   2 MB)
[    0.000000]     modules : 0xbf000000 - 0xbfe00000   (  14 MB)
[    0.000000]       .text : 0xc0208000 - 0xc0b08ce0   (9220 kB)
[    0.000000]       .init : 0xc0b09000 - 0xc0bb5100   ( 689 kB)
[    0.000000]       .data : 0xc0bb6000 - 0xc0c9d2c0   ( 925 kB)
[    0.000000]        .bss : 0xc0c9d2c0 - 0xc0ce9650   ( 305 kB)
[    0.000000] SLUB: HWalign=64, Order=0-3, MinObjects=0, CPUs=1, Nodes=1
[    0.000000] Hierarchical RCU implementation.
[    0.000000] 	RCU restricting CPUs from NR_CPUS=8 to nr_cpu_ids=1.
[    0.000000] RCU: Adjusting geometry for rcu_fanout_leaf=16, nr_cpu_ids=1
[    0.000000] NR_IRQS:16 nr_irqs:16 16
[    0.000000] IRQ: Found an INTC at 0xfa200000 (revision 5.0) with 128 interrupts
[    0.000000] Total of 128 interrupts on 1 active controller
[    0.000000] OMAP clockevent source: timer2 at 24000000 Hz
[    0.000012] sched_clock: 32 bits at 24MHz, resolution 41ns, wraps every 178956969942ns
[    0.000032] OMAP clocksource: timer1 at 24000000 Hz
[    0.000226] Console: colour dummy device 80x30
[    0.000257] Calibrating delay loop... 997.78 BogoMIPS (lpj=2494464)
[    0.059485] pid_max: default: 32768 minimum: 301
[    0.059626] Mount-cache hash table entries: 1024 (order: 0, 4096 bytes)
[    0.059637] Mountpoint-cache hash table entries: 1024 (order: 0, 4096 bytes)
[    0.060208] CPU: Testing write buffer coherency: ok
[    0.060538] CPU0: thread -1, cpu 0, socket -1, mpidr 0
[    0.060631] Setting up static identity map for 0x8083a0f0 - 0x8083a188
[    0.062499] Brought up 1 CPUs
[    0.062515] SMP: Total of 1 processors activated.
[    0.062523] CPU: All CPU(s) started in SVC mode.
[    0.063133] devtmpfs: initialized
[    0.066561] VFP support v0.3: implementor 41 architecture 3 part 30 variant c rev 3
[    0.076041] omap_hwmod: tptc0 using broken dt data from edma
[    0.076165] omap_hwmod: tptc1 using broken dt data from edma
[    0.076257] omap_hwmod: tptc2 using broken dt data from edma
[    0.080685] omap_hwmod: debugss: _wait_target_disable failed
[    0.138974] pinctrl core: initialized pinctrl subsystem
[    0.139704] regulator-dummy: no parameters
[    0.149361] NET: Registered protocol family 16
[    0.151670] DMA: preallocated 256 KiB pool for atomic coherent allocations
[    0.153645] cpuidle: using governor ladder
[    0.153664] cpuidle: using governor menu
[    0.159900] platform 49000000.edma: alias fck already exists
[    0.159927] platform 49000000.edma: alias fck already exists
[    0.159938] platform 49000000.edma: alias fck already exists
[    0.160654] OMAP GPIO hardware version 0.1
[    0.169118] No ATAGs?
[    0.169151] hw-breakpoint: debug architecture 0x4 unsupported.
[    0.170080] EXYNOS: PMU not supported
[    0.172379] Serial: AMBA PL011 UART driver
[    0.189825] edma-dma-engine edma-dma-engine.0: TI EDMA DMA engine driver
[    0.190553] vbat: 5000 mV 
[    0.190830] lis3_reg: no parameters
[    0.190924] reg-fixed-voltage fixedregulator@2: could not find pctldev for node /pinmux@44e10800/pinmux_wl12xx_gpio, deferring probe
[    0.190943] platform fixedregulator@2: Driver reg-fixed-voltage requests probe deferral
[    0.191172] vtt: 1500 mV 
[    0.193215] vgaarb: loaded
[    0.193923] SCSI subsystem initialized
[    0.194769] usbcore: registered new interface driver usbfs
[    0.194843] usbcore: registered new interface driver hub
[    0.194988] usbcore: registered new device driver usb
[    0.195594] omap_i2c 44e0b000.i2c: could not find pctldev for node /pinmux@44e10800/pinmux_i2c0_pins, deferring probe
[    0.195620] platform 44e0b000.i2c: Driver omap_i2c requests probe deferral
[    0.195878] Linux video capture interface: v2.00
[    0.195929] pps_core: LinuxPPS API ver. 1 registered
[    0.195937] pps_core: Software ver. 5.3.6 - Copyright 2005-2007 Rodolfo Giometti <giometti@linux.it>
[    0.195964] PTP clock support registered
[    0.196037] EDAC MC: Ver: 3.0.0
[    0.196956] Advanced Linux Sound Architecture Driver Initialized.
[    0.198254] Switched to clocksource timer1
[    0.208521] NET: Registered protocol family 2
[    0.209155] TCP established hash table entries: 2048 (order: 1, 8192 bytes)
[    0.209186] TCP bind hash table entries: 2048 (order: 2, 16384 bytes)
[    0.209221] TCP: Hash tables configured (established 2048 bind 2048)
[    0.209288] TCP: reno registered
[    0.209302] UDP hash table entries: 256 (order: 1, 8192 bytes)
[    0.209321] UDP-Lite hash table entries: 256 (order: 1, 8192 bytes)
[    0.209499] NET: Registered protocol family 1
[    0.209896] RPC: Registered named UNIX socket transport module.
[    0.209910] RPC: Registered udp transport module.
[    0.209917] RPC: Registered tcp transport module.
[    0.209923] RPC: Registered tcp NFSv4.1 backchannel transport module.
[    0.210874] hw perfevents: enabled with armv7_cortex_a8 PMU driver, 5 counters available
[    0.212760] futex hash table entries: 256 (order: 2, 16384 bytes)
[    0.225010] squashfs: version 4.0 (2009/01/31) Phillip Lougher
[    0.225869] NFS: Registering the id_resolver key type
[    0.225938] Key type id_resolver registered
[    0.225945] Key type id_legacy registered
[    0.226004] msgmni has been set to 483
[    0.226880] Block layer SCSI generic (bsg) driver version 0.4 loaded (major 249)
[    0.226901] io scheduler noop registered
[    0.226911] io scheduler deadline registered
[    0.227120] io scheduler cfq registered (default)
[    0.229066] pinctrl-single 44e10800.pinmux: 142 pins at pa f9e10800 size 568
[    0.232353] backlight supply power not found, using dummy regulator
[    0.232504] pwm-backlight backlight: unable to request PWM, trying legacy API
[    0.232518] pwm-backlight backlight: unable to request legacy PWM
[    0.232621] platform backlight: Driver pwm-backlight requests probe deferral
[    0.291390] Serial: 8250/16550 driver, 4 ports, IRQ sharing disabled
[    0.293566] Serial: IMX driver
[    0.293859] msm_serial: driver initialized
[    0.294347] omap_uart 44e09000.serial: no wakeirq for uart0
[    0.294543] 44e09000.serial: ttyO0 at MMIO 0x44e09000 (irq = 88, base_baud = 3000000) is a OMAP UART0
[    1.022024] console [ttyO0] enabled
[    1.026287] STMicroelectronics ASC driver initialized
[    1.032316] serial: Freescale lpuart driver
[    1.036970] [drm] Initialized drm 1.1.0 20060810
[    1.046863] loop: module loaded
[    1.054069] CAN device driver interface
[    1.058760] igb: Intel(R) Gigabit Ethernet Network Driver - version 5.2.13-k
[    1.066178] igb: Copyright (c) 2007-2014 Intel Corporation.
[    1.073099] pegasus: v0.9.3 (2013/04/25), Pegasus/Pegasus II USB Ethernet driver
[    1.080971] usbcore: registered new interface driver pegasus
[    1.086998] usbcore: registered new interface driver asix
[    1.092729] usbcore: registered new interface driver ax88179_178a
[    1.099196] usbcore: registered new interface driver cdc_ether
[    1.105398] usbcore: registered new interface driver smsc75xx
[    1.111507] usbcore: registered new interface driver smsc95xx
[    1.117596] usbcore: registered new interface driver net1080
[    1.123594] usbcore: registered new interface driver cdc_subset
[    1.129864] usbcore: registered new interface driver zaurus
[    1.135833] usbcore: registered new interface driver cdc_ncm
[    1.141825] ehci_hcd: USB 2.0 'Enhanced' Host Controller (EHCI) Driver
[    1.148689] ehci-pci: EHCI PCI platform driver
[    1.153434] ehci-platform: EHCI generic platform driver
[    1.159108] ehci-omap: OMAP-EHCI Host Controller driver
[    1.164726] ehci-orion: EHCI orion driver
[    1.169050] SPEAr-ehci: EHCI SPEAr driver
[    1.173371] tegra-ehci: Tegra EHCI driver
[    1.177684] ohci_hcd: USB 1.1 'Open' Host Controller (OHCI) Driver
[    1.184218] ohci-pci: OHCI PCI platform driver
[    1.188960] ohci-platform: OHCI generic platform driver
[    1.194572] ohci-omap3: OHCI OMAP3 driver
[    1.198895] SPEAr-ohci: OHCI SPEAr driver
[    1.203794] usbcore: registered new interface driver usb-storage
[    1.211723] mousedev: PS/2 mouse device common for all mice
[    1.220096] i2c /dev entries driver
[    1.224856] usbcore: registered new interface driver uvcvideo
[    1.230921] USB Video Class driver (1.1.1)
[    1.235232] gspca_main: v2.14.0 registered
[    1.241755] sdhci: Secure Digital Host Controller Interface driver
[    1.248276] sdhci: Copyright(c) Pierre Ossman
[    1.254043] omap_hsmmc 48060000.mmc: unable to get vmmc regulator -517
[    1.261072] platform 48060000.mmc: Driver omap_hsmmc requests probe deferral
[    1.268790] omap_hsmmc 481d8000.mmc: unable to get vmmc regulator -517
[    1.275735] platform 481d8000.mmc: Driver omap_hsmmc requests probe deferral
[    1.283531] Synopsys Designware Multimedia Card Interface Driver
[    1.290368] sdhci-pltfm: SDHCI platform and OF driver helper
[    1.297388] usbcore: registered new interface driver usbhid
[    1.303268] usbhid: USB HID core driver
[    1.311875] TCP: cubic registered
[    1.315500] NET: Registered protocol family 17
[    1.320213] can: controller area network core (rev 20120528 abi 9)
[    1.326801] NET: Registered protocol family 29
[    1.331483] can: raw protocol (rev 20120528)
[    1.335977] can: broadcast manager protocol (rev 20120528 t)
[    1.341933] can: netlink gateway (rev 20130117) max_hops=1
[    1.348276] Key type dns_resolver registered
[    1.352982] omap_voltage_late_init: Voltage driver support not added
[    1.360334] ThumbEE CPU extension supported.
[    1.364903] Registering SWP/SWPB emulation handler
[    1.371615] vwl1271: 1800 mV 
[    1.376689] tps65910 0-002d: No interrupt support, no core IRQ
[    1.387011] vrtc: 1800 mV 
[    1.390170] vrtc: supplied by vbat
[    1.395417] vio: at 1500 mV 
[    1.398547] vio: supplied by vbat
[    1.403772] vdd_mpu: 912 <--> 1312 mV at 1325 mV 
[    1.408789] vdd_mpu: supplied by vbat
[    1.414405] vdd_core: 912 <--> 1150 mV at 1137 mV 
[    1.419513] vdd_core: supplied by vbat
[    1.424870] vdd3: 5000 mV 
[    1.429039] vdig1: at 1800 mV 
[    1.432307] vdig1: supplied by vbat
[    1.437311] vdig2: at 1800 mV 
[    1.440603] vdig2: supplied by vbat
[    1.445619] vpll: at 1800 mV 
[    1.448810] vpll: supplied by vbat
[    1.453734] vdac: at 1800 mV 
[    1.456908] vdac: supplied by vbat
[    1.461820] vaux1: at 1800 mV 
[    1.465101] vaux1: supplied by vbat
[    1.470093] vaux2: at 3300 mV 
[    1.473370] vaux2: supplied by vbat
[    1.478377] vaux33: at 3300 mV 
[    1.481729] vaux33: supplied by vbat
[    1.486834] vmmc: 1800 <--> 3300 mV at 3300 mV 
[    1.491667] vmmc: supplied by vbat
[    1.496362] vbb: at 3000 mV 
[    1.499622] vbb: supplied by vbat
[    1.505005] tps65910-rtc tps65910-rtc: IRQ is not free.
[    1.510544] tps65910-rtc: probe of tps65910-rtc failed with error -22
[    1.519125] omap_i2c 44e0b000.i2c: bus 0 rev0.11 at 400 kHz
[    1.525614] backlight supply power not found, using dummy regulator
[    1.532406] pwm-backlight backlight: unable to request PWM, trying legacy API
[    1.539927] pwm-backlight backlight: unable to request legacy PWM
[    1.546417] platform backlight: Driver pwm-backlight requests probe deferral
[    1.615807] mmc0: host does not support reading read-only switch. assuming write-enable.
[    1.626852] mmc0: new high speed SDHC card at address 1234
[    1.633134] mmcblk0: mmc0:1234 SA04G 3.63 GiB 
[    1.640010]  mmcblk0: p1 p2 p3
[    1.688877] backlight supply power not found, using dummy regulator
[    1.695654] pwm-backlight backlight: unable to request PWM, trying legacy API
[    1.703172] pwm-backlight backlight: unable to request legacy PWM
[    1.709664] platform backlight: Driver pwm-backlight requests probe deferral
[    1.737203] omap_hsmmc 481d8000.mmc: card claims to support voltages below defined range
[    1.755712] mmc1: queuing unknown CIS tuple 0x91 (3 bytes)
[    1.762590] mmc1: new SDIO card at address 0001
[    1.768277] davinci_mdio 4a101000.mdio: davinci mdio revision 1.6
[    1.774689] davinci_mdio 4a101000.mdio: detected phy mask fffffffc
[    1.782754] backlight supply power not found, using dummy regulator
[    1.789593] pwm-backlight backlight: unable to request PWM, trying legacy API
[    1.797113] pwm-backlight backlight: unable to request legacy PWM
[    1.803598] platform backlight: Driver pwm-backlight requests probe deferral
[    1.812168] libphy: 4a101000.mdio: probed
[    1.816471] davinci_mdio 4a101000.mdio: phy[0]: device 4a101000.mdio:00, driver Atheros 8031 ethernet
[    1.826162] davinci_mdio 4a101000.mdio: phy[1]: device 4a101000.mdio:01, driver Atheros 8031 ethernet
[    1.836919] cpsw 4a100000.ethernet: Detected MACID = c8:a0:30:a1:db:58
[    1.844695] cpsw 4a100000.ethernet: cpsw: Detected MACID = c8:a0:30:a1:db:5a
[    1.853911] input: gpio_buttons@0 as /devices/gpio_buttons@0/input/input0
[    1.861756] backlight supply power not found, using dummy regulator
[    1.868568] pwm-backlight backlight: unable to request PWM, trying legacy API
[    1.876084] pwm-backlight backlight: unable to request legacy PWM
[    1.882573] platform backlight: Driver pwm-backlight requests probe deferral
[    1.891041] drivers/rtc/hctosys.c: unable to open rtc device (rtc0)
[    1.901600] net eth0: initializing cpsw version 1.12 (0)
[    1.910477] backlight supply power not found, using dummy regulator
[    1.917347] pwm-backlight backlight: unable to request PWM, trying legacy API
[    1.924881] pwm-backlight backlight: unable to request legacy PWM
[    1.931371] platform backlight: Driver pwm-backlight requests probe deferral
[    1.974047] net eth0: phy found : id is : 0x4dd074
[    1.982803] net eth1: initializing cpsw version 1.12 (0)
[    2.053985] net eth1: phy found : id is : 0x4dd074
[    5.974153] cpsw 4a100000.ethernet eth0: Link is Up - 1Gbps/Full - flow control rx/tx
[    5.993267] Sending DHCP requests ., OK
[    6.058734] IP-Config: Got DHCP answer from 192.168.0.1, my address is 192.168.0.158
[    6.069235] IP-Config: Complete:
[    6.072631]      device=eth0, hwaddr=c8:a0:30:a1:db:58, ipaddr=192.168.0.158, mask=255.255.255.0, gw=192.168.0.1
[    6.083342]      host=192.168.0.158, domain=ti.com, nis-domain=(none)
[    6.090109]      bootserver=192.168.0.1, rootserver=192.168.0.1, rootpath=
[    6.097145]      nameserver0=192.0.2.2, nameserver1=192.0.2.3
[    6.103782] lis3_reg: disabling
[    6.107194] ALSA device list:
[    6.110349]   No soundcards found.
[    6.137695] EXT4-fs (mmcblk0p2): mounted filesystem with ordered data mode. Opts: (null)
[    6.146303] VFS: Mounted root (ext4 filesystem) on device 179:2.
[    6.161592] devtmpfs: mounted
[    6.165543] Freeing unused kernel memory: 688K (c0b09000 - c0bb5000)

INIT: version 2.88 booting

Error opening /dev/fb0: No such file or directory
Starting udev
[    6.736681] udevd[78]: starting version 182
[    9.151999] FAT-fs (mmcblk0p1): codepage cp437 not found
[    9.275059] random: nonblocking pool is initialized
[    9.332213] FAT-fs (mmcblk0p1): codepage cp437 not found
[    9.948064] FAT-fs (mmcblk0p1): codepage cp437 not found
[   10.051303] FAT-fs (mmcblk0p1): codepage cp437 not found
Starting Bootlog daemon: bootlogd.

[   10.178045] EXT4-fs (mmcblk0p2): re-mounted. Opts: data=ordered
ALSA: Restoring mixer settings...

/usr/sbin/alsactl: load_state:1696: Configuring network interfaces... No soundcards found...

udhcpc (v1.20.2) started

Sending discover...

Sending select for 192.168.0.103...

Lease of 192.168.0.103 obtained, lease time 7200

/etc/udhcpc.d/50default: Adding DNS 192.0.2.2

/etc/udhcpc.d/50default: Adding DNS 192.0.2.3

done.

hwclock: can't open '/dev/misc/rtc': No such file or directory

Thu May 22 11:40:00 UTC 2014

hwclock: can't open '/dev/misc/rtc': No such file or directory


INIT: Entering runlevel: 5


Starting system message bus: dbus.

Starting Dropbear SSH server: dropbear.

Starting telnet daemon.

hwclock: can't open '/dev/misc/rtc': No such file or directory

Starting syslogd/klogd: done

Starting thttpd.

Starting Lighttpd Web Server: lighttpd.

2014-05-22 11:40:00: (log.c.166) server started 

/etc/rc5.d/S96am335x-pm-firmware-load: line 4: /sys/devices/ocp.2/44d00000.wkup_m3/firmware/am335x-pm-firmware.bin/loading: No such file or directory

/etc/rc5.d/S96am335x-pm-firmware-load: line 5: /sys/devices/ocp.2/44d00000.wkup_m3/firmware/am335x-pm-firmware.bin/data: No such file or directory

/etc/rc5.d/S96am335x-pm-firmware-load: line 6: /sys/devices/ocp.2/44d00000.wkup_m3/firmware/am335x-pm-firmware.bin/loading: No such file or directory

/

Starting Matrix GUI application.

***************************************************************

***************************************************************

NOTICE: This file system contains the followin GPLv3 packages:

	binutils-symlinks

	binutils

	gdbserver



If you do not wish to distribute GPLv3 components please remove

the above packages prior to distribution.  This can be done using

the opkg remove command.  i.e.:

    opkg remove <package>

Where <package> is the name printed in the list above



NOTE: If the package is a dependency of another package you

      will be notified of the dependent packages.  You should

      use the --force-removal-of-dependent-packages option to

      also remove the dependent packages as well

***************************************************************

***************************************************************

Stopping Bootlog daemon: bootlogd.

 _____                    _____           _         _   
|  _  |___ ___ ___ ___   |  _  |___ ___  |_|___ ___| |_ 
|     |  _| .'| . | . |  |   __|  _| . | | | -_|  _|  _|
|__|__|_| |__,|_  |___|  |__|  |_| |___|_| |___|___|_|  
              |___|                    |___|            

Arago Project http://arago-project.org am335x-evm ttyO0

Arago 2013.10 am335x-evm ttyO0

am335x-evm login: 
- 06:56:45 [INFO] Host: root
- 06:56:48 [INFO] Target: 
root
root@am335x-evm:~# 
- 06:56:48 [INFO] Host: uname -a
- 06:56:49 [INFO] Target: 
uname -a
Linux am335x-evm 3.16.0-rc7-next-20140729-00002-g2466f0a #1 SMP Wed Jul 30 05:51:10 CDT 2014 armv7l GNU/Linux
root@am335x-evm:~# 
- 06:56:49 [INFO] Host: cat /proc/cmdline
- 06:56:49 [INFO] Target: 
cat /proc/cmdline
console=ttyO0,115200n8 earlyprintk rootwait  ip=dhcp  root=PARTUUID=00000000-02 rw rootfstype=ext4 rootwait 
root@am335x-evm:~# 
- 06:56:49 [INFO] Host: uname -a
- 06:56:50 [INFO] Target: 
uname -a
Linux am335x-evm 3.16.0-rc7-next-20140729-00002-g2466f0a #1 SMP Wed Jul 30 05:51:10 CDT 2014 armv7l GNU/Linux
root@am335x-evm:~# 
- 06:56:50 [INFO] Host: cat /proc/mtd
- 06:56:50 [INFO] Target: 
cat /proc/mtd
dev:    size   erasesize  name
root@am335x-evm:~# 
- 06:56:55 [INFO] Host: export IPERFHOST=192.168.0.1
- 06:56:55 [INFO] Target: 
export IPERFHOST=192.168.0.1
root@am335x-evm:~# 
- 06:56:55 [INFO] Host: export NFS_SERVER=192.168.0.1
- 06:56:56 [INFO] Target: 
export NFS_SERVER=192.168.0.1
root@am335x-evm:~# 
- 06:56:56 [INFO] Host: export NFS_ROOT_PATH=/home/tigtfarm02/NFS_exports/am335x-sk
- 06:56:56 [INFO] Target: 
export NFS_ROOT_PATH=/home/tigtfarm02/NFS_exports/am335x-sk
root@am335x-evm:~# 
- 06:56:56 [INFO] Host: mkdir -p -m 777 /test
- 06:56:57 [INFO] Target: 
mkdir -p -m 777 /test
root@am335x-evm:~# 
- 06:56:57 [INFO] Host: cd /test
- 06:56:57 [INFO] Target: 
cd /test
root@am335x-evm:/test# 
- 06:56:57 [INFO] Host: cat > test.sh << EOF
- 06:56:58 [INFO] Target: 
cat > test.sh << EOF
> 
- 06:56:58 [INFO] Host: failtest() {

- 06:56:58 [INFO] Target: 
failtest() {
> 
- 06:56:58 [INFO] Host:   echo 1 >&3

- 06:56:59 [INFO] Target: 
  echo 1 >&3
> 
- 06:56:59 [INFO] Host: }

- 06:56:59 [INFO] Target: 
}
> 
- 06:56:59 [INFO] Host: timeout=600

- 06:57:00 [INFO] Target: 
timeout=600
> 
- 06:57:00 [INFO] Host: 

- 06:57:00 [INFO] Target: 

> 
- 06:57:00 [INFO] Host: # Start of user's script logic

- 06:57:01 [INFO] Target: 
# Start of user's script logic
> 
- 06:57:01 [INFO] Host: 

- 06:57:01 [INFO] Target: 

> 
- 06:57:01 [INFO] Host: 

- 06:57:02 [INFO] Target: 

> 
- 06:57:02 [INFO] Host: mount -t proc proc /proc 2>/dev/null;

- 06:57:02 [INFO] Target: 
mount -t proc proc /proc 2>/dev/null;
> 
- 06:57:02 [INFO] Host: 

- 06:57:03 [INFO] Target: 

> 
- 06:57:03 [INFO] Host: mount -t sysfs sys /sys 2>/dev/null;

- 06:57:03 [INFO] Target: 
mount -t sysfs sys /sys 2>/dev/null;
> 
- 06:57:03 [INFO] Host: 

- 06:57:04 [INFO] Target: 

> 
- 06:57:04 [INFO] Host: mount -t debugfs none /sys/kernel/debug 2>/dev/null;

- 06:57:04 [INFO] Target: 
mount -t debugfs none /sys/kernel/debug 2>/dev/null;
> 
- 06:57:04 [INFO] Host: 

- 06:57:05 [INFO] Target: 

> 
- 06:57:05 [INFO] Host: echo 'cpuinfo:';cat /proc/cpuinfo; echo '=======';

- 06:57:05 [INFO] Target: 
echo 'cpuinfo:';cat /proc/cpuinfo; echo '=======';
> 
- 06:57:05 [INFO] Host: 

- 06:57:06 [INFO] Target: 

> 
- 06:57:06 [INFO] Host: echo 'soc info:';head /sys/devices/soc0/* 2>/dev/null; echo '=======';

- 06:57:06 [INFO] Target: 
echo 'soc info:';head /sys/devices/soc0/* 2>/dev/null; echo '=======';
> 
- 06:57:06 [INFO] Host: 

- 06:57:07 [INFO] Target: 

> 
- 06:57:07 [INFO] Host: echo 'interrupts:';cat /proc/interrupts; echo '=======';

- 06:57:07 [INFO] Target: 
echo 'interrupts:';cat /proc/interrupts; echo '=======';
> 
- 06:57:07 [INFO] Host: 

- 06:57:08 [INFO] Target: 

> 
- 06:57:08 [INFO] Host: echo 'Clk_summary:';cat /sys/kernel/debug/clk/clk_summary; echo '=======';

- 06:57:08 [INFO] Target: 
echo 'Clk_summary:';cat /sys/kernel/debug/clk/clk_summary; echo '=======';
> 
- 06:57:08 [INFO] Host: 

- 06:57:09 [INFO] Target: 

> 
- 06:57:09 [INFO] Host: echo 'Orphan Clks:';ls /sys/kernel/debug/clk/orphans/; echo '=======';

- 06:57:09 [INFO] Target: 
echo 'Orphan Clks:';ls /sys/kernel/debug/clk/orphans/; echo '=======';
> 
- 06:57:09 [INFO] Host: 

- 06:57:10 [INFO] Target: 

> 
- 06:57:10 [INFO] Host: echo 'H''ello World' 'B''oard Booted';

- 06:57:10 [INFO] Target: 
echo 'H''ello World' 'B''oard Booted';
> 
- 06:57:10 [INFO] Host: 

- 06:57:11 [INFO] Target: 

> 
- 06:57:11 [INFO] Host: EOF
- 06:57:11 [INFO] Target: 
EOF
root@am335x-evm:/test# 
- 06:57:11 [INFO] Host: cd /test
- 06:57:12 [INFO] Target: 
cd /test
root@am335x-evm:/test# 
- 06:57:12 [INFO] Host: chmod +x test.sh
- 06:57:12 [INFO] Target: 
chmod +x test.sh
root@am335x-evm:/test# 
- 06:57:12 [INFO] Host: ./test.sh 2> stderr.log > stdout.log 3> result.log
- 06:57:13 [INFO] Target: 
./test.sh 2> stderr.log > stdout.log 3> result.log
root@am335x-evm:/test# 
- 06:57:13 [INFO] Host: echo $?
- 06:57:13 [INFO] Target: 
echo $?
0
root@am335x-evm:/test# 
- 06:57:13 [INFO] Host: cd /test
- 06:57:14 [INFO] Target: 
cd /test
root@am335x-evm:/test# 
- 06:57:14 [INFO] Host: cat stdout.log
- 06:57:15 [INFO] Target: 
cat stdout.log
cpuinfo:
processor	: 0
model name	: ARMv7 Processor rev 2 (v7l)
Features	: half thumb fastmult vfp edsp thumbee neon vfpv3 tls vfpd32 
CPU implementer	: 0x41
CPU architecture: 7
CPU variant	: 0x3
CPU part	: 0xc08
CPU revision	: 2

Hardware	: Generic AM33XX (Flattened Device Tree)
Revision	: 0000
Serial		: 0000000000000000
=======
soc info:
==> /sys/devices/soc0/family <==
Unknown

==> /sys/devices/soc0/machine <==
AM335X

==> /sys/devices/soc0/power <==

==> /sys/devices/soc0/revision <==
ES2.1

==> /sys/devices/soc0/subsystem <==

==> /sys/devices/soc0/type <==
GP

==> /sys/devices/soc0/uevent <==
=======
interrupts:
           CPU0       
 28:       1841      INTC  12  edma
 30:          2      INTC  14  edma_error
 44:        144      INTC  28  mmc1
 56:          0      INTC  40  4a100000.ethernet
 57:         35      INTC  41  4a100000.ethernet
 58:          9      INTC  42  4a100000.ethernet
 59:          0      INTC  43  4a100000.ethernet
 80:       5569      INTC  64  mmc0
 84:       3722      INTC  68  gp_timer
 86:        285      INTC  70  44e0b000.i2c
 88:       3853      INTC  72  OMAP UART0
150:          0      GPIO   6  mmc0
174:          0      GPIO  30  button2
210:          0      GPIO   2  button1
211:          0      GPIO   3  button0
213:          0      GPIO   5  button3
IPI0:          0  CPU wakeup interrupts
IPI1:          0  Timer broadcast interrupts
IPI2:          0  Rescheduling interrupts
IPI3:          0  Function call interrupts
IPI4:          0  Single function call interrupts
IPI5:          0  CPU stop interrupts
IPI6:          0  IRQ work interrupts
IPI7:          0  completion interrupts
Err:          0
=======
Clk_summary:
   clock                         enable_cnt  prepare_cnt        rate   accuracy
--------------------------------------------------------------------------------
 tclkin_ck                                0            0    12000000          0
 virt_26000000_ck                         0            0    26000000          0
 virt_25000000_ck                         0            0    25000000          0
 virt_24000000_ck                         1            1    24000000          0
    sys_clkin_ck                          9           23    24000000          0
       timer6_fck                         0            1    24000000          0
       timer3_fck                         0            1    24000000          0
       dpll_per_ck                        1            2   960000000          0
          dpll_per_m2_ck                  2            4   192000000          0
             ehrpwm2_tbclk                0            0   192000000          0
             ehrpwm1_tbclk                0            0   192000000          0
             ehrpwm0_tbclk                0            0   192000000          0
             mmc_clk                      0            3    96000000          0
             clk_24mhz                    1            1    24000000          0
                clkdiv32k_ck              1            1       32786          0
                   clkdiv32k_ick           2            5       32786          0
                      wdt1_fck            0            1       32786          0
                      gpio3_dbclk           0            1       32786          0
                      gpio2_dbclk           1            2       32786          0
                      gpio1_dbclk           0            1       32786          0
             dpll_per_m2_div4_ck           0            9    48000000          0
             dpll_per_m2_div4_wkupdm_ck           1            2    48000000          0
          usbotg_fck                      0            1   960000000          0
       dpll_disp_ck                       0            1    24000000          0
          dpll_disp_m2_ck                 0            1    24000000          0
             lcd_gclk                     0            1    24000000          0
       dpll_ddr_ck                        1            1   303000000          0
          dpll_ddr_m2_ck                  2            2   303000000          0
             dpll_ddr_m2_div2_ck           1            1   151500000          0
       dpll_mpu_ck                        1            1  1000000000          0
          dpll_mpu_m2_ck                  4            4  1000000000          0
       dpll_core_ck                       1            1  1000000000          0
          dpll_core_x2_ck                 2            2  2000000000          0
             dpll_core_m6_ck              0            0   500000000          0
             dpll_core_m5_ck              1            1   250000000          0
                cpsw_cpts_rft_clk           0            0   250000000          0
                cpsw_125mhz_gclk           3            3   125000000          0
             dpll_core_m4_ck              9           11   200000000          0
                dbg_clka_ck               0            2   200000000          0
                   trace_pmd_clk_mux_ck           0            1   200000000          0
                      trace_clk_div_ck           0            1    50000000          0
                   stm_pmd_clock_mux_ck           0            0   200000000          0
                      stm_clk_div_ck           0            0    50000000          0
                gfx_fclk_clksel_ck           0            1   200000000          0
                   gfx_fck_div_ck           0            1   200000000          0
                sysclk_div_ck             0            0   200000000          0
                l4hs_gclk                 2            2   200000000          0
                l4_rtc_gclk               0            0   100000000          0
                dpll_core_m4_div2_ck          16           17   100000000          0
                   l4ls_gclk             43           59   100000000          0
                   l4fw_gclk              1            1   100000000          0
                   l3s_gclk               9           10   100000000          0
                   ieee5000_fck           0            0   100000000          0
                mmu_fck                   0            0   200000000          0
                l3_gclk                  13           15   200000000          0
                   pruss_ocp_gclk           0            1   200000000          0
       rng_fck                            1            2    24000000          0
       aes0_fck                           1            2    24000000          0
       sha0_fck                           1            1    24000000          0
       smartreflex1_fck                   0            1    24000000          0
       smartreflex0_fck                   0            1    24000000          0
       mcasp1_fck                         0            1    24000000          0
       mcasp0_fck                         0            1    24000000          0
       dcan1_fck                          0            1    24000000          0
       dcan0_fck                          0            1    24000000          0
       adc_tsc_fck                        0            1    24000000          0
       cefuse_fck                         0            0    24000000          0
       timer1_fck                         1            1    24000000          0
       timer2_fck                         1            1    24000000          0
       timer4_fck                         0            1    24000000          0
       timer5_fck                         0            1    24000000          0
       timer7_fck                         0            1    24000000          0
       dbg_sysclk_ck                      0            1    24000000          0
 virt_19200000_ck                         0            0    19200000          0
 clk_rc32k_ck                             1            1       32000          0
    gpio0_dbclk_mux_ck                    1            1       32000          0
       gpio0_dbclk                        1            2       32000          0
 clk_32768_ck                             1            2       32768          0
    sysclkout_pre_ck                      1            1       32768          0
       clkout2_div_ck                     1            1       32768          0
          clkout2_ck                      1            1       32768          0
=======
Orphan Clks:
=======
Hello World Board Booted
root@am335x-evm:/test# 
- 06:57:15 [INFO] Host: cat stderr.log
- 06:57:15 [INFO] Target: 
cat stderr.log
ls: /sys/kernel/debug/clk/orphans/: No such file or directory
root@am335x-evm:/test# 
- 06:57:15 [INFO] Host: cat result.log
- 06:57:17 [ERROR] On command: cat result.log waiting for (?m-ix:^1[\0\n\r]+) >>> error: execution expired
- 06:57:17 [INFO] Target: 
cat result.log
root@am335x-evm:/test# 
- 06:57:17 [INFO] Host: cd /test
- 06:57:18 [INFO] Target: 
cd /test
root@am335x-evm:/test# 
