- 06:56:47 [INFO] Starting target session
- 06:56:47 [INFO] Connected to am335x-evm via serial 
- 06:56:47 [INFO] Host: #check prompt
- 06:56:50 [ERROR] On command: #check prompt waiting for #check prompt.+?(?-mix:((?-mix:login:)|[Pp]assword)) >>> error: execution expired
- 06:56:50 [INFO] Target: 
#check prompt
root@am335x-evm:/test# 
- 06:56:50 [INFO] Host: #check prompt
- 06:56:50 [INFO] Target: 
#check prompt
root@am335x-evm:/test# 
- 06:56:50 [INFO] Host: sync;poweroff
- 06:57:02 [INFO] Target: 
sync;poweroff
Broadcast message from root@am335x-evm (ttyO0) (Wed Apr  1 02:44:13 2015):
The system is going down for system halt NOW!
INIT: Switching to
INIT: Sending processes theUIM SYSFS Node Not Found
Stopping Dropbear SSH server: stopped /usr/sbin/dropbear (pid 662)
dropbear.
Stopping telnet daemon.
Stopping system message bus: dbus.
hwclock: can't open '/dev/misc/rtc': No such file or directory
Error opening /dev/fb0: No such file or directory
Stopping syslogd/klogd: stopped syslogd (pid 697)
stopped klogd (pid 700)
done
Stopping thttpd.
Stopping Weston
stopping statd: done
ALSA: Storing mixer settings...
/usr/sbin/alsactl: save_state:1590: No soundcards found...
Stopping rpcbind daemon...
done.
Stopping Lighttpd Web Server: stopped /usr/sbin/lighttpd (pid 713)
lighttpd.
Deconfiguring network interfaces... done.
Stopping Matrix GUI applicationstart-stop-daemon: warning: killing process 720: No such process
***************************************************************
***************************************************************
NOTICE: This file system contains the followin GPLv3 packages:
	binutils
	gdbserver
	gstreamer1.0-libav
If you do not wish to distribute GPLv3 components please remove
the above packages prior to distribution.  This can be done using
the opkg remove command.  i.e.:
    opkg remove <package>
Where <package> is the name printed in the list above
NOTE: If the package is a dependency of another package you
      will be notified of the dependent packages.  You should
      use the --force-removal-of-dependent-packages option to
      also remove the dependent packages as well
***************************************************************
***************************************************************
Sending all processes the TERM signal...
Sending all processes the KILL signal...
Unmounting remote filesystems...
Deactivating swap...
Unmounting local filesystems...
[ 1241.123079] EXT4-fs (mmcblk0p2): re-mounted. Opts: data=ordered
[ 1243.551583] reboot: System halted
- 06:57:02 [INFO] Disconnected serial from am335x-evm
- 06:57:03 [INFO] Connected to am335x-evm via serial 
- 06:57:03 [INFO] Host: 
- 06:57:04 [ERROR] On command:  waiting for (?-mix:U-Boot#) >>> error: execution expired
- 06:57:04 [INFO] Target: 
- 06:57:04 [INFO] Host: 
- 06:57:04 [ERROR] On command:  waiting for (?-mix:U-Boot#) >>> error: execution expired
- 06:57:04 [INFO] Target: 
U-Boot SPL 2014.07-g67b4cea (Mar 19 2015 - 10:59:16)
- 06:57:04 [INFO] Host: 
- 06:57:05 [ERROR] On command:  waiting for (?-mix:U-Boot#) >>> error: execution expired
- 06:57:05 [INFO] Target: 
- 06:57:05 [INFO] Host: 
- 06:57:05 [ERROR] On command:  waiting for (?-mix:U-Boot#) >>> error: execution expired
- 06:57:05 [INFO] Target: 
- 06:57:05 [INFO] Host: 
- 06:57:06 [ERROR] On command:  waiting for (?-mix:U-Boot#) >>> error: execution expired
- 06:57:06 [INFO] Target: 
reading args
- 06:57:06 [INFO] Host: 
- 06:57:06 [ERROR] On command:  waiting for (?-mix:U-Boot#) >>> error: execution expired
- 06:57:06 [INFO] Target: 
spl_load_image_fat_os: error reading image args, err - -1
reading u-boot.img
reading u-boot.img
U-Boot 2014.07-g67b4cea (Mar 19 2015 - 10:59:16)
I2C:   ready
DRAM:  1 GiB
NAND: 
- 06:57:06 [INFO] Host: 
- 06:57:06 [INFO] Target: 
 256 MiB
MMC:   OMAP SD/MMC: 0, OMAP SD/MMC: 1
reading uboot.env
** Unable to read "uboot.env" from mmc0:1 **
Using default environment
Net:   <ethaddr> not set. Validating first E-fuse MAC
cpsw, usb_ether
Hit any key to stop autoboot:  1  0 
U-Boot# 
- 06:57:06 [INFO] Host: 
- 06:57:07 [INFO] Target: 
U-Boot# 
- 06:57:07 [INFO] Host: version
- 06:57:07 [INFO] Target: 
version
U-Boot 2014.07-g67b4cea (Mar 19 2015 - 10:59:16)
arm-linux-gnueabihf-gcc (crosstool-NG linaro-1.13.1-4.7-2013.03-20130313 - Linaro GCC 2013.03) 4.7.3 20130226 (prerelease)
GNU ld (crosstool-NG linaro-1.13.1-4.7-2013.03-20130313 - Linaro GCC 2013.03) 2.23.1
U-Boot# 
- 06:57:07 [INFO] Host: setenv bootargs 'console=ttyO0,115200n8 earlyprintk rootwait  '
- 06:57:07 [INFO] Target: 
setenv bootargs 'console=ttyO0,115200n8 earlyprintk rootwait  '
U-Boot# 
- 06:57:07 [INFO] Host: setenv bootcmd  ''
- 06:57:07 [INFO] Target: 
setenv bootcmd  ''
U-Boot# 
- 06:57:07 [INFO] Host: setenv autoload 'no'
- 06:57:07 [INFO] Target: 
setenv autoload 'no'
U-Boot# 
- 06:57:07 [INFO] Host: setenv serverip '192.168.0.1'
- 06:57:07 [INFO] Target: 
setenv serverip '192.168.0.1'
U-Boot# 
- 06:57:07 [INFO] Host: setenv mmcdev ' '
- 06:57:07 [INFO] Target: 
setenv mmcdev ' '
U-Boot# 
- 06:57:07 [INFO] Host: printenv
- 06:57:08 [INFO] Target: 
printenv
arch=arm
autoload=no
baudrate=115200
board=am335x
board_name=A33515BB
board_rev=1.5B
boot_fdt=try
bootargs=console=ttyO0,115200n8 earlyprintk rootwait  
bootcmd=
bootcount=1
bootdelay=1
bootdir=/boot
bootenv=uEnv.txt
bootfile=zImage
bootm_size=0x10000000
bootpart=0:2
console=ttyO0,115200n8
cpu=armv7
dfu_alt_info_emmc=rawemmc raw 0 3751936;boot part 1 1;rootfs part 1 2;MLO fat 1 1;MLO.raw raw 0x100 0x100;u-boot.img.raw raw 0x300 0x400;spl-os-args.raw raw 0x80 0x80;spl-os-image.raw raw 0x900 0x2000;spl-os-args fat 1 1;spl-os-image fat 1 1;u-boot.img fat 1 1;uEnv.txt fat 1 1
dfu_alt_info_mmc=boot part 0 1;rootfs part 0 2;MLO fat 0 1;MLO.raw raw 0x100 0x100;u-boot.img.raw raw 0x300 0x400;spl-os-args.raw raw 0x80 0x80;spl-os-image.raw raw 0x900 0x2000;spl-os-args fat 0 1;spl-os-image fat 0 1;u-boot.img fat 0 1;uEnv.txt fat 0 1
dfu_alt_info_nand=SPL part 0 1;SPL.backup1 part 0 2;SPL.backup2 part 0 3;SPL.backup3 part 0 4;u-boot part 0 5;u-boot-spl-os part 0 6;kernel part 0 8;rootfs part 0 9
dfu_alt_info_ram=kernel ram 0x80200000 0xD80000;fdt ram 0x80F80000 0x80000;ramdisk ram 0x81000000 0x4000000
eth1addr=c8:a0:30:a0:62:c0
ethact=cpsw
ethaddr=c8:a0:30:a0:62:be
fdt_addr_r=0x88000000
fdtaddr=0x88000000
fdtfile=undefined
findfdt=if test $board_name = A335BONE; then setenv fdtfile am335x-bone.dtb; fi; if test $board_name = A335BNLT; then setenv fdtfile am335x-boneblack.dtb; fi; if test $board_name = A33515BB; then setenv fdtfile am335x-evm.dtb; fi; if test $board_name = A335X_SK; then setenv fdtfile am335x-evmsk.dtb; fi; if test $fdtfile = undefined; then echo WARNING: Could not determine device tree to use; fi; 
importbootenv=echo Importing environment from mmc ...; env import -t -r $loadaddr $filesize
kernel_addr_r=0x82000000
loadaddr=0x82000000
loadbootenv=load mmc ${mmcdev} ${loadaddr} ${bootenv}
loadfdt=load mmc ${bootpart} ${fdtaddr} ${bootdir}/${fdtfile}
loadimage=load mmc ${bootpart} ${loadaddr} ${bootdir}/${bootfile}
loadramdisk=load mmc ${mmcdev} ${rdaddr} ramdisk.gz
mmcargs=setenv bootargs console=${console} ${optargs} root=${mmcroot} rootfstype=${mmcrootfstype}
mmcboot=mmc dev ${mmcdev}; if mmc rescan; then echo SD/MMC found on device ${mmcdev};if run loadbootenv; then echo Loaded environment from ${bootenv};run importbootenv;fi;if test -n $uenvcmd; then echo Running uenvcmd ...;run uenvcmd;fi;if run loadimage; then run mmcloados;fi;fi;
mmcdev= 
mmcloados=run mmcargs; if test ${boot_fdt} = yes || test ${boot_fdt} = try; then if run loadfdt; then bootz ${loadaddr} - ${fdtaddr}; else if test ${boot_fdt} = try; then bootz; else echo WARN: Cannot load the DT; fi; fi; else bootz; fi;
mmcroot=/dev/mmcblk0p2 ro
mmcrootfstype=ext4 rootwait
mtdids=nand0=nand.0
mtdparts=mtdparts=nand.0:128k(NAND.SPL),128k(NAND.SPL.backup1),128k(NAND.SPL.backup2),128k(NAND.SPL.backup3),256k(NAND.u-boot-spl-os),1m(NAND.u-boot),128k(NAND.u-boot-env),128k(NAND.u-boot-env.backup1),8m(NAND.kernel),-(NAND.file-system)
nandargs=setenv bootargs console=${console} ${optargs} root=${nandroot} rootfstype=${nandrootfstype}
nandboot=echo Booting from nand ...; run nandargs; nand read ${fdtaddr} NAND.u-boot-spl-os; nand read ${loadaddr} NAND.kernel; bootz ${loadaddr} - ${fdtaddr}
nandroot=ubi0:rootfs rw ubi.mtd=NAND.file-system,2048
nandrootfstype=ubifs rootwait=1
netargs=setenv bootargs console=${console} ${optargs} root=/dev/nfs nfsroot=${serverip}:${rootpath},${nfsopts} rw ip=dhcp
netboot=echo Booting from network ...; setenv autoload no; dhcp; tftp ${loadaddr} ${bootfile}; tftp ${fdtaddr} ${fdtfile}; run netargs; bootz ${loadaddr} - ${fdtaddr}
nfsopts=nolock
partitions=uuid_disk=${uuid_gpt_disk};name=rootfs,start=2MiB,size=-,uuid=${uuid_gpt_rootfs}
ramargs=setenv bootargs console=${console} ${optargs} root=${ramroot} rootfstype=${ramrootfstype}
ramboot=echo Booting from ramdisk ...; run ramargs; bootz ${loadaddr} ${rdaddr} ${fdtaddr}
ramdisk_addr_r=0x88080000
ramroot=/dev/ram0 rw
ramrootfstype=ext2
rdaddr=0x88080000
rootpath=/export/rootfs
serverip=192.168.0.1
soc=am33xx
spiargs=setenv bootargs console=${console} ${optargs} root=${spiroot} rootfstype=${spirootfstype}
spiboot=echo Booting from spi ...; run spiargs; sf probe ${spibusno}:0; sf read ${loadaddr} ${spisrcaddr} ${spiimgsize}; bootz ${loadaddr}
spibusno=0
spiimgsize=0x362000
spiroot=/dev/mtdblock4 rw
spirootfstype=jffs2
spisrcaddr=0xe0000
static_ip=${ipaddr}:${serverip}:${gatewayip}:${netmask}:${hostname}::off
stderr=serial
stdin=serial
stdout=serial
usbnet_devaddr=c8:a0:30:a0:62:c0
vendor=ti
ver=U-Boot 2014.07-g67b4cea (Mar 19 2015 - 10:59:16)
Environment size: 4703/131068 bytes
U-Boot# 
- 06:57:08 [INFO] Host: printenv
- 06:57:08 [INFO] Target: 
printenv
arch=arm
autoload=no
baudrate=115200
board=am335x
board_name=A33515BB
board_rev=1.5B
boot_fdt=try
bootargs=console=ttyO0,115200n8 earlyprintk rootwait  
bootcmd=
bootcount=1
bootdelay=1
bootdir=/boot
bootenv=uEnv.txt
bootfile=zImage
bootm_size=0x10000000
bootpart=0:2
console=ttyO0,115200n8
cpu=armv7
dfu_alt_info_emmc=rawemmc raw 0 3751936;boot part 1 1;rootfs part 1 2;MLO fat 1 1;MLO.raw raw 0x100 0x100;u-boot.img.raw raw 0x300 0x400;spl-os-args.raw raw 0x80 0x80;spl-os-image.raw raw 0x900 0x2000;spl-os-args fat 1 1;spl-os-image fat 1 1;u-boot.img fat 1 1;uEnv.txt fat 1 1
dfu_alt_info_mmc=boot part 0 1;rootfs part 0 2;MLO fat 0 1;MLO.raw raw 0x100 0x100;u-boot.img.raw raw 0x300 0x400;spl-os-args.raw raw 0x80 0x80;spl-os-image.raw raw 0x900 0x2000;spl-os-args fat 0 1;spl-os-image fat 0 1;u-boot.img fat 0 1;uEnv.txt fat 0 1
dfu_alt_info_nand=SPL part 0 1;SPL.backup1 part 0 2;SPL.backup2 part 0 3;SPL.backup3 part 0 4;u-boot part 0 5;u-boot-spl-os part 0 6;kernel part 0 8;rootfs part 0 9
dfu_alt_info_ram=kernel ram 0x80200000 0xD80000;fdt ram 0x80F80000 0x80000;ramdisk ram 0x81000000 0x4000000
eth1addr=c8:a0:30:a0:62:c0
ethact=cpsw
ethaddr=c8:a0:30:a0:62:be
fdt_addr_r=0x88000000
fdtaddr=0x88000000
fdtfile=undefined
findfdt=if test $board_name = A335BONE; then setenv fdtfile am335x-bone.dtb; fi; if test $board_name = A335BNLT; then setenv fdtfile am335x-boneblack.dtb; fi; if test $board_name = A33515BB; then setenv fdtfile am335x-evm.dtb; fi; if test $board_name = A335X_SK; then setenv fdtfile am335x-evmsk.dtb; fi; if test $fdtfile = undefined; then echo WARNING: Could not determine device tree to use; fi; 
importbootenv=echo Importing environment from mmc ...; env import -t -r $loadaddr $filesize
kernel_addr_r=0x82000000
loadaddr=0x82000000
loadbootenv=load mmc ${mmcdev} ${loadaddr} ${bootenv}
loadfdt=load mmc ${bootpart} ${fdtaddr} ${bootdir}/${fdtfile}
loadimage=load mmc ${bootpart} ${loadaddr} ${bootdir}/${bootfile}
loadramdisk=load mmc ${mmcdev} ${rdaddr} ramdisk.gz
mmcargs=setenv bootargs console=${console} ${optargs} root=${mmcroot} rootfstype=${mmcrootfstype}
mmcboot=mmc dev ${mmcdev}; if mmc rescan; then echo SD/MMC found on device ${mmcdev};if run loadbootenv; then echo Loaded environment from ${bootenv};run importbootenv;fi;if test -n $uenvcmd; then echo Running uenvcmd ...;run uenvcmd;fi;if run loadimage; then run mmcloados;fi;fi;
mmcdev= 
mmcloados=run mmcargs; if test ${boot_fdt} = yes || test ${boot_fdt} = try; then if run loadfdt; then bootz ${loadaddr} - ${fdtaddr}; else if test ${boot_fdt} = try; then bootz; else echo WARN: Cannot load the DT; fi; fi; else bootz; fi;
mmcroot=/dev/mmcblk0p2 ro
mmcrootfstype=ext4 rootwait
mtdids=nand0=nand.0
mtdparts=mtdparts=nand.0:128k(NAND.SPL),128k(NAND.SPL.backup1),128k(NAND.SPL.backup2),128k(NAND.SPL.backup3),256k(NAND.u-boot-spl-os),1m(NAND.u-boot),128k(NAND.u-boot-env),128k(NAND.u-boot-env.backup1),8m(NAND.kernel),-(NAND.file-system)
nandargs=setenv bootargs console=${console} ${optargs} root=${nandroot} rootfstype=${nandrootfstype}
nandboot=echo Booting from nand ...; run nandargs; nand read ${fdtaddr} NAND.u-boot-spl-os; nand read ${loadaddr} NAND.kernel; bootz ${loadaddr} - ${fdtaddr}
nandroot=ubi0:rootfs rw ubi.mtd=NAND.file-system,2048
nandrootfstype=ubifs rootwait=1
netargs=setenv bootargs console=${console} ${optargs} root=/dev/nfs nfsroot=${serverip}:${rootpath},${nfsopts} rw ip=dhcp
netboot=echo Booting from network ...; setenv autoload no; dhcp; tftp ${loadaddr} ${bootfile}; tftp ${fdtaddr} ${fdtfile}; run netargs; bootz ${loadaddr} - ${fdtaddr}
nfsopts=nolock
partitions=uuid_disk=${uuid_gpt_disk};name=rootfs,start=2MiB,size=-,uuid=${uuid_gpt_rootfs}
ramargs=setenv bootargs console=${console} ${optargs} root=${ramroot} rootfstype=${ramrootfstype}
ramboot=echo Booting from ramdisk ...; run ramargs; bootz ${loadaddr} ${rdaddr} ${fdtaddr}
ramdisk_addr_r=0x88080000
ramroot=/dev/ram0 rw
ramrootfstype=ext2
rdaddr=0x88080000
rootpath=/export/rootfs
serverip=192.168.0.1
soc=am33xx
spiargs=setenv bootargs console=${console} ${optargs} root=${spiroot} rootfstype=${spirootfstype}
spiboot=echo Booting from spi ...; run spiargs; sf probe ${spibusno}:0; sf read ${loadaddr} ${spisrcaddr} ${spiimgsize}; bootz ${loadaddr}
spibusno=0
spiimgsize=0x362000
spiroot=/dev/mtdblock4 rw
spirootfstype=jffs2
spisrcaddr=0xe0000
static_ip=${ipaddr}:${serverip}:${gatewayip}:${netmask}:${hostname}::off
stderr=serial
stdin=serial
stdout=serial
usbnet_devaddr=c8:a0:30:a0:62:c0
vendor=ti
ver=U-Boot 2014.07-g67b4cea (Mar 19 2015 - 10:59:16)
Environment size: 4703/131068 bytes
U-Boot# 
- 06:57:08 [INFO] Host: setenv bootargs ''${bootargs}' ip=dhcp '
- 06:57:08 [INFO] Target: 
setenv bootargs ''${bootargs}' ip=dhcp '
U-Boot# 
- 06:57:08 [INFO] Host: setenv serverip '192.168.0.1'
- 06:57:08 [INFO] Target: 
setenv serverip '192.168.0.1'
U-Boot# 
- 06:57:08 [INFO] Host: setenv ipaddr dhcp
- 06:57:08 [INFO] Target: 
setenv ipaddr dhcp
U-Boot# 
- 06:57:08 [INFO] Host: setenv autoload 'no'
- 06:57:08 [INFO] Target: 
setenv autoload 'no'
U-Boot# 
- 06:57:08 [INFO] Host: dhcp
- 06:57:11 [INFO] Target: 
dhcp
cpsw Waiting for PHY auto negotiation to complete.. done
link up on port 0, speed 1000, full duplex
BOOTP broadcast 1
DHCP client bound to address 192.168.0.138
U-Boot# 
- 06:57:11 [INFO] Host: setenv serverip '192.168.0.1'
- 06:57:11 [INFO] Target: 
setenv serverip '192.168.0.1'
U-Boot# 
- 06:57:11 [INFO] Host: tftp ${loadaddr} 192.168.0.1:vatf_am335x-evm/72f536fd5c93df9bd68005f7f88d1711
- 06:57:12 [INFO] Target: 
tftp ${loadaddr} 192.168.0.1:vatf_am335x-evm/72f536fd5c93df9bd68005f7f88d1711
link up on port 0, speed 1000, full duplex
Using cpsw device
TFTP from server 192.168.0.1; our IP address is 192.168.0.138
Filename 'vatf_am335x-evm/72f536fd5c93df9bd68005f7f88d1711'.
Load address: 0x82000000
Loading: *#################################################################
	 #################################################################
	 #################################################################
	 #################################################################
	 #################################################################
	 #################################################################
	 #################################
	 9.4 MiB/s
done
Bytes transferred = 6209032 (5ebe08 hex)
U-Boot# 
- 06:57:12 [INFO] Host: tftp ${fdt_addr_r} 192.168.0.1:vatf_am335x-evm/6344a86905e7c87841f26a89841b9a62
- 06:57:12 [INFO] Target: 
tftp ${fdt_addr_r} 192.168.0.1:vatf_am335x-evm/6344a86905e7c87841f26a89841b9a62
link up on port 0, speed 1000, full duplex
Using cpsw device
TFTP from server 192.168.0.1; our IP address is 192.168.0.138
Filename 'vatf_am335x-evm/6344a86905e7c87841f26a89841b9a62'.
Load address: 0x88000000
Loading: *###
	 6.8 MiB/s
done
Bytes transferred = 35635 (8b33 hex)
U-Boot# 
- 06:57:12 [INFO] Host: ls mmc 0:1
- 06:57:12 [INFO] Target: 
ls mmc 0:1
    77192   mlo 
   446424   u-boot.img 
        4   ws-calibrate.rules 
       13   .ipaddr 
        0   pointercal 
5 file(s), 0 dir(s)
U-Boot# 
- 06:57:12 [INFO] Host: ls mmc 0:2
- 06:57:12 [INFO] Target: 
ls mmc 0:2
<DIR>       4096 .
<DIR>       4096 ..
<DIR>       4096 srv
<DIR>       4096 home
<DIR>       4096 media
<DIR>       4096 opt
<DIR>       4096 var
<DIR>       4096 sys
<DIR>       4096 boot
<DIR>       4096 dev
<DIR>       4096 usr
<DIR>       4096 bin
<DIR>       4096 mnt
<DIR>       4096 etc
<DIR>       4096 sbin
<DIR>       4096 www
<SYM>          8 tmp
<DIR>       4096 proc
<DIR>       4096 run
<DIR>       4096 lib
<DIR>       4096 test
U-Boot# 
- 06:57:12 [INFO] Host: part uuid mmc 0:2
- 06:57:12 [INFO] Target: 
part uuid mmc 0:2
00000000-02
U-Boot# 
- 06:57:12 [INFO] Host: printenv
- 06:57:13 [INFO] Target: 
printenv
arch=arm
autoload=no
baudrate=115200
board=am335x
board_name=A33515BB
board_rev=1.5B
boot_fdt=try
bootargs=console=ttyO0,115200n8 earlyprintk rootwait   ip=dhcp 
bootcmd=
bootcount=1
bootdelay=1
bootdir=/boot
bootenv=uEnv.txt
bootfile=zImage
bootm_size=0x10000000
bootpart=0:2
console=ttyO0,115200n8
cpu=armv7
dfu_alt_info_emmc=rawemmc raw 0 3751936;boot part 1 1;rootfs part 1 2;MLO fat 1 1;MLO.raw raw 0x100 0x100;u-boot.img.raw raw 0x300 0x400;spl-os-args.raw raw 0x80 0x80;spl-os-image.raw raw 0x900 0x2000;spl-os-args fat 1 1;spl-os-image fat 1 1;u-boot.img fat 1 1;uEnv.txt fat 1 1
dfu_alt_info_mmc=boot part 0 1;rootfs part 0 2;MLO fat 0 1;MLO.raw raw 0x100 0x100;u-boot.img.raw raw 0x300 0x400;spl-os-args.raw raw 0x80 0x80;spl-os-image.raw raw 0x900 0x2000;spl-os-args fat 0 1;spl-os-image fat 0 1;u-boot.img fat 0 1;uEnv.txt fat 0 1
dfu_alt_info_nand=SPL part 0 1;SPL.backup1 part 0 2;SPL.backup2 part 0 3;SPL.backup3 part 0 4;u-boot part 0 5;u-boot-spl-os part 0 6;kernel part 0 8;rootfs part 0 9
dfu_alt_info_ram=kernel ram 0x80200000 0xD80000;fdt ram 0x80F80000 0x80000;ramdisk ram 0x81000000 0x4000000
dnsip=192.0.2.2
dnsip2=192.0.2.3
eth1addr=c8:a0:30:a0:62:c0
ethact=cpsw
ethaddr=c8:a0:30:a0:62:be
fdt_addr_r=0x88000000
fdtaddr=0x88000000
fdtfile=undefined
fileaddr=88000000
filesize=8b33
findfdt=if test $board_name = A335BONE; then setenv fdtfile am335x-bone.dtb; fi; if test $board_name = A335BNLT; then setenv fdtfile am335x-boneblack.dtb; fi; if test $board_name = A33515BB; then setenv fdtfile am335x-evm.dtb; fi; if test $board_name = A335X_SK; then setenv fdtfile am335x-evmsk.dtb; fi; if test $fdtfile = undefined; then echo WARNING: Could not determine device tree to use; fi; 
gatewayip=192.168.0.1
importbootenv=echo Importing environment from mmc ...; env import -t -r $loadaddr $filesize
ipaddr=192.168.0.138
kernel_addr_r=0x82000000
loadaddr=0x82000000
loadbootenv=load mmc ${mmcdev} ${loadaddr} ${bootenv}
loadfdt=load mmc ${bootpart} ${fdtaddr} ${bootdir}/${fdtfile}
loadimage=load mmc ${bootpart} ${loadaddr} ${bootdir}/${bootfile}
loadramdisk=load mmc ${mmcdev} ${rdaddr} ramdisk.gz
mmcargs=setenv bootargs console=${console} ${optargs} root=${mmcroot} rootfstype=${mmcrootfstype}
mmcboot=mmc dev ${mmcdev}; if mmc rescan; then echo SD/MMC found on device ${mmcdev};if run loadbootenv; then echo Loaded environment from ${bootenv};run importbootenv;fi;if test -n $uenvcmd; then echo Running uenvcmd ...;run uenvcmd;fi;if run loadimage; then run mmcloados;fi;fi;
mmcdev= 
mmcloados=run mmcargs; if test ${boot_fdt} = yes || test ${boot_fdt} = try; then if run loadfdt; then bootz ${loadaddr} - ${fdtaddr}; else if test ${boot_fdt} = try; then bootz; else echo WARN: Cannot load the DT; fi; fi; else bootz; fi;
mmcroot=/dev/mmcblk0p2 ro
mmcrootfstype=ext4 rootwait
mtdids=nand0=nand.0
mtdparts=mtdparts=nand.0:128k(NAND.SPL),128k(NAND.SPL.backup1),128k(NAND.SPL.backup2),128k(NAND.SPL.backup3),256k(NAND.u-boot-spl-os),1m(NAND.u-boot),128k(NAND.u-boot-env),128k(NAND.u-boot-env.backup1),8m(NAND.kernel),-(NAND.file-system)
nandargs=setenv bootargs console=${console} ${optargs} root=${nandroot} rootfstype=${nandrootfstype}
nandboot=echo Booting from nand ...; run nandargs; nand read ${fdtaddr} NAND.u-boot-spl-os; nand read ${loadaddr} NAND.kernel; bootz ${loadaddr} - ${fdtaddr}
nandroot=ubi0:rootfs rw ubi.mtd=NAND.file-system,2048
nandrootfstype=ubifs rootwait=1
netargs=setenv bootargs console=${console} ${optargs} root=/dev/nfs nfsroot=${serverip}:${rootpath},${nfsopts} rw ip=dhcp
netboot=echo Booting from network ...; setenv autoload no; dhcp; tftp ${loadaddr} ${bootfile}; tftp ${fdtaddr} ${fdtfile}; run netargs; bootz ${loadaddr} - ${fdtaddr}
netmask=255.255.255.0
nfsopts=nolock
partitions=uuid_disk=${uuid_gpt_disk};name=rootfs,start=2MiB,size=-,uuid=${uuid_gpt_rootfs}
ramargs=setenv bootargs console=${console} ${optargs} root=${ramroot} rootfstype=${ramrootfstype}
ramboot=echo Booting from ramdisk ...; run ramargs; bootz ${loadaddr} ${rdaddr} ${fdtaddr}
ramdisk_addr_r=0x88080000
ramroot=/dev/ram0 rw
ramrootfstype=ext2
rdaddr=0x88080000
rootpath=/export/rootfs
serverip=192.168.0.1
soc=am33xx
spiargs=setenv bootargs console=${console} ${optargs} root=${spiroot} rootfstype=${spirootfstype}
spiboot=echo Booting from spi ...; run spiargs; sf probe ${spibusno}:0; sf read ${loadaddr} ${spisrcaddr} ${spiimgsize}; bootz ${loadaddr}
spibusno=0
spiimgsize=0x362000
spiroot=/dev/mtdblock4 rw
spirootfstype=jffs2
spisrcaddr=0xe0000
static_ip=${ipaddr}:${serverip}:${gatewayip}:${netmask}:${hostname}::off
stderr=serial
stdin=serial
stdout=serial
usbnet_devaddr=c8:a0:30:a0:62:c0
vendor=ti
ver=U-Boot 2014.07-g67b4cea (Mar 19 2015 - 10:59:16)
Environment size: 4856/131068 bytes
U-Boot# 
- 06:57:13 [INFO] Host: setenv bootargs ''${bootargs}' root=PARTUUID=00000000-02 rw rootfstype=ext4 rootwait '
- 06:57:13 [INFO] Target: 
setenv bootargs ''${bootargs}' root=PARTUUID=00000000-02 rw rootfstype=ext4 rootwait '
U-Boot# 
- 06:57:13 [INFO] Host: printenv
- 06:57:13 [INFO] Target: 
printenv
arch=arm
autoload=no
baudrate=115200
board=am335x
board_name=A33515BB
board_rev=1.5B
boot_fdt=try
bootargs=console=ttyO0,115200n8 earlyprintk rootwait   ip=dhcp  root=PARTUUID=00000000-02 rw rootfstype=ext4 rootwait 
bootcmd=
bootcount=1
bootdelay=1
bootdir=/boot
bootenv=uEnv.txt
bootfile=zImage
bootm_size=0x10000000
bootpart=0:2
console=ttyO0,115200n8
cpu=armv7
dfu_alt_info_emmc=rawemmc raw 0 3751936;boot part 1 1;rootfs part 1 2;MLO fat 1 1;MLO.raw raw 0x100 0x100;u-boot.img.raw raw 0x300 0x400;spl-os-args.raw raw 0x80 0x80;spl-os-image.raw raw 0x900 0x2000;spl-os-args fat 1 1;spl-os-image fat 1 1;u-boot.img fat 1 1;uEnv.txt fat 1 1
dfu_alt_info_mmc=boot part 0 1;rootfs part 0 2;MLO fat 0 1;MLO.raw raw 0x100 0x100;u-boot.img.raw raw 0x300 0x400;spl-os-args.raw raw 0x80 0x80;spl-os-image.raw raw 0x900 0x2000;spl-os-args fat 0 1;spl-os-image fat 0 1;u-boot.img fat 0 1;uEnv.txt fat 0 1
dfu_alt_info_nand=SPL part 0 1;SPL.backup1 part 0 2;SPL.backup2 part 0 3;SPL.backup3 part 0 4;u-boot part 0 5;u-boot-spl-os part 0 6;kernel part 0 8;rootfs part 0 9
dfu_alt_info_ram=kernel ram 0x80200000 0xD80000;fdt ram 0x80F80000 0x80000;ramdisk ram 0x81000000 0x4000000
dnsip=192.0.2.2
dnsip2=192.0.2.3
eth1addr=c8:a0:30:a0:62:c0
ethact=cpsw
ethaddr=c8:a0:30:a0:62:be
fdt_addr_r=0x88000000
fdtaddr=0x88000000
fdtfile=undefined
fileaddr=88000000
filesize=8b33
findfdt=if test $board_name = A335BONE; then setenv fdtfile am335x-bone.dtb; fi; if test $board_name = A335BNLT; then setenv fdtfile am335x-boneblack.dtb; fi; if test $board_name = A33515BB; then setenv fdtfile am335x-evm.dtb; fi; if test $board_name = A335X_SK; then setenv fdtfile am335x-evmsk.dtb; fi; if test $fdtfile = undefined; then echo WARNING: Could not determine device tree to use; fi; 
gatewayip=192.168.0.1
importbootenv=echo Importing environment from mmc ...; env import -t -r $loadaddr $filesize
ipaddr=192.168.0.138
kernel_addr_r=0x82000000
loadaddr=0x82000000
loadbootenv=load mmc ${mmcdev} ${loadaddr} ${bootenv}
loadfdt=load mmc ${bootpart} ${fdtaddr} ${bootdir}/${fdtfile}
loadimage=load mmc ${bootpart} ${loadaddr} ${bootdir}/${bootfile}
loadramdisk=load mmc ${mmcdev} ${rdaddr} ramdisk.gz
mmcargs=setenv bootargs console=${console} ${optargs} root=${mmcroot} rootfstype=${mmcrootfstype}
mmcboot=mmc dev ${mmcdev}; if mmc rescan; then echo SD/MMC found on device ${mmcdev};if run loadbootenv; then echo Loaded environment from ${bootenv};run importbootenv;fi;if test -n $uenvcmd; then echo Running uenvcmd ...;run uenvcmd;fi;if run loadimage; then run mmcloados;fi;fi;
mmcdev= 
mmcloados=run mmcargs; if test ${boot_fdt} = yes || test ${boot_fdt} = try; then if run loadfdt; then bootz ${loadaddr} - ${fdtaddr}; else if test ${boot_fdt} = try; then bootz; else echo WARN: Cannot load the DT; fi; fi; else bootz; fi;
mmcroot=/dev/mmcblk0p2 ro
mmcrootfstype=ext4 rootwait
mtdids=nand0=nand.0
mtdparts=mtdparts=nand.0:128k(NAND.SPL),128k(NAND.SPL.backup1),128k(NAND.SPL.backup2),128k(NAND.SPL.backup3),256k(NAND.u-boot-spl-os),1m(NAND.u-boot),128k(NAND.u-boot-env),128k(NAND.u-boot-env.backup1),8m(NAND.kernel),-(NAND.file-system)
nandargs=setenv bootargs console=${console} ${optargs} root=${nandroot} rootfstype=${nandrootfstype}
nandboot=echo Booting from nand ...; run nandargs; nand read ${fdtaddr} NAND.u-boot-spl-os; nand read ${loadaddr} NAND.kernel; bootz ${loadaddr} - ${fdtaddr}
nandroot=ubi0:rootfs rw ubi.mtd=NAND.file-system,2048
nandrootfstype=ubifs rootwait=1
netargs=setenv bootargs console=${console} ${optargs} root=/dev/nfs nfsroot=${serverip}:${rootpath},${nfsopts} rw ip=dhcp
netboot=echo Booting from network ...; setenv autoload no; dhcp; tftp ${loadaddr} ${bootfile}; tftp ${fdtaddr} ${fdtfile}; run netargs; bootz ${loadaddr} - ${fdtaddr}
netmask=255.255.255.0
nfsopts=nolock
partitions=uuid_disk=${uuid_gpt_disk};name=rootfs,start=2MiB,size=-,uuid=${uuid_gpt_rootfs}
ramargs=setenv bootargs console=${console} ${optargs} root=${ramroot} rootfstype=${ramrootfstype}
ramboot=echo Booting from ramdisk ...; run ramargs; bootz ${loadaddr} ${rdaddr} ${fdtaddr}
ramdisk_addr_r=0x88080000
ramroot=/dev/ram0 rw
ramrootfstype=ext2
rdaddr=0x88080000
rootpath=/export/rootfs
serverip=192.168.0.1
soc=am33xx
spiargs=setenv bootargs console=${console} ${optargs} root=${spiroot} rootfstype=${spirootfstype}
spiboot=echo Booting from spi ...; run spiargs; sf probe ${spibusno}:0; sf read ${loadaddr} ${spisrcaddr} ${spiimgsize}; bootz ${loadaddr}
spibusno=0
spiimgsize=0x362000
spiroot=/dev/mtdblock4 rw
spirootfstype=jffs2
spisrcaddr=0xe0000
static_ip=${ipaddr}:${serverip}:${gatewayip}:${netmask}:${hostname}::off
stderr=serial
stdin=serial
stdout=serial
usbnet_devaddr=c8:a0:30:a0:62:c0
vendor=ti
ver=U-Boot 2014.07-g67b4cea (Mar 19 2015 - 10:59:16)
Environment size: 4911/131068 bytes
U-Boot# 
- 06:57:13 [INFO] Host: setenv bootcmd ''${bootcmd}' if iminfo ${loadaddr}; then bootm ${loadaddr} - ${fdt_addr_r}; else bootz ${loadaddr} - ${fdt_addr_r}; bootm ${loadaddr} - ${fdt_addr_r}; fi'
- 06:57:13 [INFO] Target: 
setenv bootcmd ''${bootcmd}' if iminfo ${loadaddr}; then bootm ${loadaddr} - ${fdt_addr_r}; else bootz ${loadaddr} - ${fdt_addr_r}; bootm ${loadaddr} - ${fdt_addr_r}; fi'
U-Boot# 
- 06:57:13 [INFO] Host: bdinfo
- 06:57:13 [INFO] Target: 
bdinfo
arch_number = 0x00000E05
boot_params = 0x80000100
DRAM bank   = 0x00000000
-> start    = 0x80000000
-> size     = 0x40000000
eth0name    = cpsw
ethaddr     = c8:a0:30:a0:62:be
eth1name    = usb_ether
eth1addr    = c8:a0:30:a0:62:c0
current eth = cpsw
ip_addr     = 192.168.0.138
baudrate    = 115200 bps
TLB addr    = 0xBFFF0000
relocaddr   = 0xBF741000
reloc off   = 0x3EF41000
irq_sp      = 0xBE720EE0
sp start    = 0xBE720ED0
U-Boot# 
- 06:57:13 [INFO] Host: mmc rescan
- 06:57:13 [INFO] Target: 
mmc rescan
U-Boot# 
- 06:57:13 [INFO] Host: fatwrite mmc ${mmcdev}:1 ${loadaddr} ws-calibrate.rules 4
- 06:57:14 [INFO] Target: 
fatwrite mmc ${mmcdev}:1 ${loadaddr} ws-calibrate.rules 4
writing ws-calibrate.rules
4 bytes written
U-Boot# 
- 06:57:14 [INFO] Host: boot
- 06:57:33 [INFO] Target: 
boot
## Checking Image at 82000000 ...
Unknown image format!
Kernel image @ 0x82000000 [ 0x000000 - 0x5ebe08 ]
## Flattened Device Tree blob at 88000000
   Booting using the fdt blob at 0x88000000
   Loading Device Tree to 8fff4000, end 8ffffb32 ... OK
Starting kernel ...
[    0.000000] Booting Linux on physical CPU 0x0
[    0.000000] Linux version 4.1.0-rc1-next-20150430-00002-g4c6482be9074 (nmenon@kahuna) (gcc version 4.6.3 (Ubuntu/Linaro 4.6.3-1ubuntu5) ) #1 SMP Thu Apr 30 05:55:49 CDT 2015
[    0.000000] CPU: ARMv7 Processor [413fc082] revision 2 (ARMv7), cr=10c5387d
[    0.000000] CPU: PIPT / VIPT nonaliasing data cache, VIPT aliasing instruction cache
[    0.000000] Machine model: TI AM335x EVM
[    0.000000] earlycon: no match for ttyO0,115200n8
[    0.000000] cma: Reserved 64 MiB at 0xbb800000
[    0.000000] Memory policy: Data cache writeback
[    0.000000] CPU: All CPU(s) started in SVC mode.
[    0.000000] AM335X ES2.1 (sgx neon )
[    0.000000] PERCPU: Embedded 12 pages/cpu @eefcb000 s17024 r8192 d23936 u49152
[    0.000000] Built 1 zonelists in Zone order, mobility grouping on.  Total pages: 260368
[    0.000000] Kernel command line: console=ttyO0,115200n8 earlyprintk rootwait   ip=dhcp  root=PARTUUID=00000000-02 rw rootfstype=ext4 rootwait 
[    0.000000] PID hash table entries: 4096 (order: 2, 16384 bytes)
[    0.000000] Dentry cache hash table entries: 131072 (order: 7, 524288 bytes)
[    0.000000] Inode-cache hash table entries: 65536 (order: 6, 262144 bytes)
[    0.000000] Memory: 959012K/1047552K available (8026K kernel code, 1021K rwdata, 3576K rodata, 816K init, 317K bss, 23004K reserved, 65536K cma-reserved, 203776K highmem)
[    0.000000] Virtual kernel memory layout:
[    0.000000]     vector  : 0xffff0000 - 0xffff1000   (   4 kB)
[    0.000000]     fixmap  : 0xffc00000 - 0xfff00000   (3072 kB)
[    0.000000]     vmalloc : 0xf0000000 - 0xff000000   ( 240 MB)
[    0.000000]     lowmem  : 0xc0000000 - 0xef800000   ( 760 MB)
[    0.000000]     pkmap   : 0xbfe00000 - 0xc0000000   (   2 MB)
[    0.000000]     modules : 0xbf000000 - 0xbfe00000   (  14 MB)
[    0.000000]       .text : 0xc0208000 - 0xc0d5d9fc   (11607 kB)
[    0.000000]       .init : 0xc0d5e000 - 0xc0e2a000   ( 816 kB)
[    0.000000]       .data : 0xc0e2a000 - 0xc0f294e0   (1022 kB)
[    0.000000]        .bss : 0xc0f2c000 - 0xc0f7b6a0   ( 318 kB)
[    0.000000] SLUB: HWalign=64, Order=0-3, MinObjects=0, CPUs=1, Nodes=1
[    0.000000] Hierarchical RCU implementation.
[    0.000000] 	Additional per-CPU info printed with stalls.
[    0.000000] 	RCU restricting CPUs from NR_CPUS=16 to nr_cpu_ids=1.
[    0.000000] RCU: Adjusting geometry for rcu_fanout_leaf=16, nr_cpu_ids=1
[    0.000000] NR_IRQS:16 nr_irqs:16 16
[    0.000000] IRQ: Found an INTC at 0xfa200000 (revision 5.0) with 128 interrupts
[    0.000000] OMAP clockevent source: timer2 at 24000000 Hz
[    0.000013] sched_clock: 32 bits at 24MHz, resolution 41ns, wraps every 89478484971ns
[    0.000031] clocksource timer1: mask: 0xffffffff max_cycles: 0xffffffff, max_idle_ns: 79635851949 ns
[    0.000041] OMAP clocksource: timer1 at 24000000 Hz
[    0.000231] Console: colour dummy device 80x30
[    0.000265] Calibrating delay loop... 997.78 BogoMIPS (lpj=2494464)
[    0.059330] pid_max: default: 32768 minimum: 301
[    0.059473] Mount-cache hash table entries: 2048 (order: 1, 8192 bytes)
[    0.059485] Mountpoint-cache hash table entries: 2048 (order: 1, 8192 bytes)
[    0.060196] CPU: Testing write buffer coherency: ok
[    0.060546] CPU0: thread -1, cpu 0, socket -1, mpidr 0
[    0.060640] Setting up static identity map for 0x80209000 - 0x80209098
[    0.063007] Brought up 1 CPUs
[    0.063027] SMP: Total of 1 processors activated (997.78 BogoMIPS).
[    0.063035] CPU: All CPU(s) started in SVC mode.
[    0.063640] devtmpfs: initialized
[    0.064565] VFP support v0.3: implementor 41 architecture 3 part 30 variant c rev 3
[    0.075280] omap_hwmod: tptc0 using broken dt data from edma
[    0.075404] omap_hwmod: tptc1 using broken dt data from edma
[    0.075511] omap_hwmod: tptc2 using broken dt data from edma
[    0.080143] omap_hwmod: debugss: _wait_target_disable failed
[    0.134808] clocksource jiffies: mask: 0xffffffff max_cycles: 0xffffffff, max_idle_ns: 9556302231375000 ns
[    0.139517] pinctrl core: initialized pinctrl subsystem
[    0.151318] NET: Registered protocol family 16
[    0.153435] DMA: preallocated 256 KiB pool for atomic coherent allocations
[    0.155586] cpuidle: using governor ladder
[    0.155607] cpuidle: using governor menu
[    0.159170] OMAP GPIO hardware version 0.1
[    0.167083] omap-gpmc 50000000.gpmc: could not find pctldev for node /ocp/l4_wkup@44c00000/scm@210000/pinmux@800/nandflash_pins_s0, deferring probe
[    0.170015] No ATAGs?
[    0.170046] hw-breakpoint: debug architecture 0x4 unsupported.
[    0.174059] Serial: AMBA PL011 UART driver
[    0.192859] edma-dma-engine edma-dma-engine.0: TI EDMA DMA engine driver
[    0.196393] vgaarb: loaded
[    0.197171] SCSI subsystem initialized
[    0.197841] usbcore: registered new interface driver usbfs
[    0.197917] usbcore: registered new interface driver hub
[    0.197981] usbcore: registered new device driver usb
[    0.198748] omap_i2c 44e0b000.i2c: could not find pctldev for node /ocp/l4_wkup@44c00000/scm@210000/pinmux@800/pinmux_i2c0_pins, deferring probe
[    0.198799] omap_i2c 4802a000.i2c: could not find pctldev for node /ocp/l4_wkup@44c00000/scm@210000/pinmux@800/pinmux_i2c1_pins, deferring probe
[    0.199475] media: Linux media interface: v0.10
[    0.199540] Linux video capture interface: v2.00
[    0.199596] pps_core: LinuxPPS API ver. 1 registered
[    0.199603] pps_core: Software ver. 5.3.6 - Copyright 2005-2007 Rodolfo Giometti <giometti@linux.it>
[    0.199636] PTP clock support registered
[    0.199866] EDAC MC: Ver: 3.0.0
[    0.201197] Advanced Linux Sound Architecture Driver Initialized.
[    0.202575] Switched to clocksource timer1
[    0.213256] NET: Registered protocol family 2
[    0.213974] TCP established hash table entries: 8192 (order: 3, 32768 bytes)
[    0.214053] TCP bind hash table entries: 8192 (order: 4, 65536 bytes)
[    0.214162] TCP: Hash tables configured (established 8192 bind 8192)
[    0.214270] UDP hash table entries: 512 (order: 2, 16384 bytes)
[    0.214299] UDP-Lite hash table entries: 512 (order: 2, 16384 bytes)
[    0.214481] NET: Registered protocol family 1
[    0.214895] RPC: Registered named UNIX socket transport module.
[    0.214908] RPC: Registered udp transport module.
[    0.214913] RPC: Registered tcp transport module.
[    0.214919] RPC: Registered tcp NFSv4.1 backchannel transport module.
[    0.215841] CPU PMU: Failed to parse <no-node>/interrupt-affinity[0]
[    0.215938] hw perfevents: enabled with armv7_cortex_a8 PMU driver, 5 counters available
[    0.218101] futex hash table entries: 256 (order: 2, 16384 bytes)
[    0.230638] squashfs: version 4.0 (2009/01/31) Phillip Lougher
[    0.231637] NFS: Registering the id_resolver key type
[    0.231713] Key type id_resolver registered
[    0.231720] Key type id_legacy registered
[    0.231795] ntfs: driver 2.1.32 [Flags: R/O].
[    0.233284] bounce: pool size: 64 pages
[    0.233556] Block layer SCSI generic (bsg) driver version 0.4 loaded (major 248)
[    0.233576] io scheduler noop registered
[    0.233589] io scheduler deadline registered
[    0.233784] io scheduler cfq registered (default)
[    0.237215] pinctrl-single 44e10800.pinmux: 142 pins at pa f9e10800 size 568
[    0.242478] backlight supply power not found, using dummy regulator
[    0.242728] pwm-backlight backlight: unable to request PWM, trying legacy API
[    0.242745] pwm-backlight backlight: unable to request legacy PWM
[    0.303479] Serial: 8250/16550 driver, 4 ports, IRQ sharing disabled
[    0.305970] SuperH (H)SCI(F) driver initialized
[    0.306565] msm_serial: driver initialized
[    0.307136] omap_uart 44e09000.serial: no wakeirq for uart0
[    0.307316] 44e09000.serial: ttyO0 at MMIO 0x44e09000 (irq = 154, base_baud = 3000000) is a OMAP UART0
[    1.032747] console [ttyO0] enabled
[    1.036994] STMicroelectronics ASC driver initialized
[    1.043704] [drm] Initialized drm 1.1.0 20060810
[    1.056186] loop: module loaded
[    1.065589] CAN device driver interface
[    1.070567] igb: Intel(R) Gigabit Ethernet Network Driver - version 5.2.15-k
[    1.077999] igb: Copyright (c) 2007-2014 Intel Corporation.
[    1.085453] pegasus: v0.9.3 (2013/04/25), Pegasus/Pegasus II USB Ethernet driver
[    1.093347] usbcore: registered new interface driver pegasus
[    1.099391] usbcore: registered new interface driver asix
[    1.105127] usbcore: registered new interface driver ax88179_178a
[    1.111586] usbcore: registered new interface driver cdc_ether
[    1.117789] usbcore: registered new interface driver smsc75xx
[    1.123902] usbcore: registered new interface driver smsc95xx
[    1.129994] usbcore: registered new interface driver net1080
[    1.135992] usbcore: registered new interface driver cdc_subset
[    1.142267] usbcore: registered new interface driver zaurus
[    1.148240] usbcore: registered new interface driver cdc_ncm
[    1.155526] ehci_hcd: USB 2.0 'Enhanced' Host Controller (EHCI) Driver
[    1.162429] ehci-pci: EHCI PCI platform driver
[    1.167171] ehci-platform: EHCI generic platform driver
[    1.172847] ehci-omap: OMAP-EHCI Host Controller driver
[    1.178471] ehci-orion: EHCI orion driver
[    1.182804] SPEAr-ehci: EHCI SPEAr driver
[    1.187115] ehci-st: EHCI STMicroelectronics driver
[    1.192363] ehci-exynos: EHCI EXYNOS driver
[    1.196891] tegra-ehci: Tegra EHCI driver
[    1.201242] ohci_hcd: USB 1.1 'Open' Host Controller (OHCI) Driver
[    1.207781] ohci-pci: OHCI PCI platform driver
[    1.212513] ohci-platform: OHCI generic platform driver
[    1.218181] ohci-omap3: OHCI OMAP3 driver
[    1.222502] SPEAr-ohci: OHCI SPEAr driver
[    1.226854] ohci-st: OHCI STMicroelectronics driver
[    1.232188] usbcore: registered new interface driver usb-storage
[    1.239891] mousedev: PS/2 mouse device common for all mice
[    1.249302] i2c /dev entries driver
[    1.254638] usbcore: registered new interface driver uvcvideo
[    1.260711] USB Video Class driver (1.1.1)
[    1.265027] gspca_main: v2.14.0 registered
[    1.272727] sdhci: Secure Digital Host Controller Interface driver
[    1.279239] sdhci: Copyright(c) Pierre Ossman
[    1.284768] omap_hsmmc 48060000.mmc: Got CD GPIO
[    1.290132] omap_hsmmc 48060000.mmc: unable to get vmmc regulator -517
[    1.297937] Synopsys Designware Multimedia Card Interface Driver
[    1.305081] sdhci-pltfm: SDHCI platform and OF driver helper
[    1.312255] ledtrig-cpu: registered to indicate activity on CPUs
[    1.318902] usbcore: registered new interface driver usbhid
[    1.324782] usbhid: USB HID core driver
[    1.331881] usbcore: registered new interface driver snd-usb-audio
[    1.341414] NET: Registered protocol family 17
[    1.346222] can: controller area network core (rev 20120528 abi 9)
[    1.352837] NET: Registered protocol family 29
[    1.357509] can: raw protocol (rev 20120528)
[    1.362013] can: broadcast manager protocol (rev 20120528 t)
[    1.367973] can: netlink gateway (rev 20130117) max_hops=1
[    1.374321] Key type dns_resolver registered
[    1.379095] omap_voltage_late_init: Voltage driver support not added
[    1.386771] ThumbEE CPU extension supported.
[    1.391356] Registering SWP/SWPB emulation handler
[    1.398889] omap-gpmc 50000000.gpmc: GPMC revision 6.0
[    1.422795] tps65910 0-002d: No interrupt support, no core IRQ
[    1.453278] tps65910-rtc tps65910-rtc: IRQ is not free.
[    1.458817] tps65910-rtc: probe of tps65910-rtc failed with error -22
[    1.466347] omap_i2c 44e0b000.i2c: bus 0 rev0.11 at 400 kHz
[    1.474501] omap_i2c 4802a000.i2c: bus 1 rev0.11 at 100 kHz
[    1.481189] backlight supply power not found, using dummy regulator
[    1.487998] pwm-backlight backlight: unable to request PWM, trying legacy API
[    1.495517] pwm-backlight backlight: unable to request legacy PWM
[    1.504333] omap_hsmmc 48060000.mmc: Got CD GPIO
[    1.509579] vmmc: supplied by vbat
[    1.543515] vdd_mpu: supplied by vbat
[    1.547989] cpufreq: __cpufreq_add_dev: CPU0: Running at unlisted freq: 1000000 KHz
[    1.556644] cpufreq: __cpufreq_add_dev: CPU0: Unlisted initial frequency changed to: 720000 KHz
[    1.566877] backlight supply power not found, using dummy regulator
[    1.573686] pwm-backlight backlight: unable to request PWM, trying legacy API
[    1.581180] pwm-backlight backlight: unable to request legacy PWM
[    1.642618] davinci_mdio 4a101000.mdio: davinci mdio revision 1.6
[    1.649042] davinci_mdio 4a101000.mdio: detected phy mask fffffffe
[    1.656612] libphy: 4a101000.mdio: probed
[    1.660909] davinci_mdio 4a101000.mdio: phy[0]: device 4a101000.mdio:00, driver Atheros 8031 ethernet
[    1.672280] cpsw 4a100000.ethernet: Detected MACID = c8:a0:30:a0:62:be
[    1.681505] input: volume_keys@0 as /devices/platform/volume_keys@0/input/input0
[    1.690429] backlight supply power not found, using dummy regulator
[    1.697252] pwm-backlight backlight: unable to request PWM, trying legacy API
[    1.704757] pwm-backlight backlight: unable to request legacy PWM
[    1.712864] hctosys: unable to open rtc device (rtc0)
[    1.724294] net eth0: initializing cpsw version 1.12 (0)
[    1.732999] backlight supply power not found, using dummy regulator
[    1.739800] pwm-backlight backlight: unable to request PWM, trying legacy API
[    1.747296] pwm-backlight backlight: unable to request legacy PWM
[    1.762866] mmc0: host does not support reading read-only switch, assuming write-enable
[    1.775120] mmc0: new high speed SDHC card at address e624
[    1.781543] mmcblk0: mmc0:e624 SD04G 3.69 GiB 
[    1.793404] net eth0: phy found : id is : 0x4dd074
[    1.798578] libphy: PHY 4a101000.mdio:01 not found
[    1.803611] net eth0: phy 4a101000.mdio:01 not found on slave 1
[    1.813888]  mmcblk0: p1 p2 p3
[    1.819392] backlight supply power not found, using dummy regulator
[    1.826247] pwm-backlight backlight: unable to request PWM, trying legacy API
[    1.833745] pwm-backlight backlight: unable to request legacy PWM
[    5.793552] cpsw 4a100000.ethernet eth0: Link is Up - 1Gbps/Full - flow control rx/tx
[    5.812669] Sending DHCP requests ., OK
[    5.853170] IP-Config: Got DHCP answer from 192.168.0.1, my address is 192.168.0.138
[    5.861842] IP-Config: Complete:
[    5.865358]      device=eth0, hwaddr=c8:a0:30:a0:62:be, ipaddr=192.168.0.138, mask=255.255.255.0, gw=192.168.0.1
[    5.876129]      host=192.168.0.138, domain=ti.com, nis-domain=(none)
[    5.882967]      bootserver=192.168.0.1, rootserver=192.168.0.1, rootpath=
[    5.890069]      nameserver0=192.0.2.2, nameserver1=192.0.2.3
[    5.897196] lis3_reg: disabling
[    5.900888] ALSA device list:
[    5.904101]   No soundcards found.
[    5.937784] EXT4-fs (mmcblk0p2): mounted filesystem with ordered data mode. Opts: (null)
[    5.946495] VFS: Mounted root (ext4 filesystem) on device 179:2.
[    5.962724] devtmpfs: mounted
[    5.968870] Freeing unused kernel memory: 816K (c0d5e000 - c0e2a000)
INIT: version 2.88 booting
Error opening /dev/fb0: No such file or directory
Starting udev
[    6.713535] udevd[73]: starting version 182
[    9.957526] FAT-fs (mmcblk0p1): Volume was not properly unmounted. Some data may be corrupt. Please run fsck.
[    9.981804] EXT4-fs (mmcblk0p3): mounted filesystem with ordered data mode. Opts: (null)
depmod: ERROR: could not open directory /lib/modules/4.1.0-rc1-next-20150430-00002-g4c6482be9074: No such file or directory
depmod: WARNING: -e needs -E or -F
depmod: ERROR: could not open directory /lib/modules/4.1.0-rc1-next-20150430-00002-g4c6482be9074: No such file or directory
depmod: FATAL: could not search modules: No such file or directory
[   11.388159] EXT4-fs (mmcblk0p2): re-mounted. Opts: data=ordered
Starting Bootlog daemon: bootlogd.
[   11.527238] random: dd urandom read with 61 bits of entropy available
Populating dev cache
ALSA: Restoring mixer settings...
/usr/sbin/alsactl: load_state:1729: No soundcards found...
hwclock: can't open '/dev/misc/rtc': No such file or directory
Wed Apr  1 02:44:00 UTC 2015
hwclock: can't open '/dev/misc/rtc': No such file or directory
INIT: Entering runlevel: 5
Configuring network interfaces... udhcpc (v1.22.1) started
Sending discover...
Sending select for 192.168.0.71...
Lease of 192.168.0.71 obtained, lease time 600
/etc/udhcpc.d/50default: Adding DNS 192.0.2.2
/etc/udhcpc.d/50default: Adding DNS 192.0.2.3
done.
Starting system message bus: dbus.
UIM SYSFS Node Not Found
Starting Dropbear SSH server: dropbear.
Starting telnet daemon.
Starting rpcbind daemon...rpcbind: cannot create socket for udp6
rpcbind: cannot create socket for tcp6
done.
creating NFS state directory: done
starting statd: done
hwclock: can't open '/dev/misc/rtc': No such file or directory
Starting syslogd/klogd: done
Starting thttpd.
Starting Lighttpd Web Server: lighttpd.
2015-04-01 02:44:02: (/home/jenkins/tisdk-build/build-CORTEX_1/arago-tmp-external-linaro-toolchain/work/cortexa8t2hf-vfp-neon-oe-linux-gnueabi/lighttpd/1.4.33-r1/lighttpd-1.4.33/src/log.c.166) server started 
Starting Matrix GUI application.
[   16.749016] random: nonblocking pool is initialized
***************************************************************
***************************************************************
NOTICE: This file system contains the followin GPLv3 packages:
	binutils
	gdbserver
	gstreamer1.0-libav
If you do not wish to distribute GPLv3 components please remove
the above packages prior to distribution.  This can be done using
the opkg remove command.  i.e.:
    opkg remove <package>
Where <package> is the name printed in the list above
NOTE: If the package is a dependency of another package you
      will be notified of the dependent packages.  You should
      use the --force-removal-of-dependent-packages option to
      also remove the dependent packages as well
***************************************************************
***************************************************************
Stopping Bootlog daemon: bootlogd.
 _____                    _____           _         _   
|  _  |___ ___ ___ ___   |  _  |___ ___  |_|___ ___| |_ 
|     |  _| .'| . | . |  |   __|  _| . | | | -_|  _|  _|
|__|__|_| |__,|_  |___|  |__|  |_| |___|_| |___|___|_|  
              |___|                    |___|            
Arago Project http://arago-project.org am335x-evm /dev/ttyO0
Arago 2015.03 am335x-evm /dev/ttyO0
am335x-evm login: 
- 06:57:33 [INFO] Host: root
- 06:57:33 [INFO] Target: 
root
root@am335x-evm:~# 
- 06:57:33 [INFO] Host: uname -a
- 06:57:33 [INFO] Target: 
uname -a
Linux am335x-evm 4.1.0-rc1-next-20150430-00002-g4c6482be9074 #1 SMP Thu Apr 30 05:55:49 CDT 2015 armv7l GNU/Linux
root@am335x-evm:~# 
- 06:57:33 [INFO] Host: cat /proc/cmdline
- 06:57:33 [INFO] Target: 
cat /proc/cmdline
console=ttyO0,115200n8 earlyprintk rootwait   ip=dhcp  root=PARTUUID=00000000-02 rw rootfstype=ext4 rootwait 
root@am335x-evm:~# 
- 06:57:33 [INFO] Host: uname -a
- 06:57:33 [INFO] Target: 
uname -a
Linux am335x-evm 4.1.0-rc1-next-20150430-00002-g4c6482be9074 #1 SMP Thu Apr 30 05:55:49 CDT 2015 armv7l GNU/Linux
root@am335x-evm:~# 
- 06:57:33 [INFO] Host: cat /proc/mtd
- 06:57:33 [INFO] Target: 
cat /proc/mtd
dev:    size   erasesize  name
root@am335x-evm:~# 
- 06:57:39 [INFO] Host: export IPERFHOST=192.168.0.1
- 06:57:39 [INFO] Target: 
export IPERFHOST=192.168.0.1
root@am335x-evm:~# 
- 06:57:39 [INFO] Host: export NFS_SERVER=192.168.0.1
- 06:57:39 [INFO] Target: 
export NFS_SERVER=192.168.0.1
root@am335x-evm:~# 
- 06:57:39 [INFO] Host: export NFS_ROOT_PATH=/home/tigtfarm08/NFS_exports/linux/am335x-evm
- 06:57:39 [INFO] Target: 
export NFS_ROOT_PATH=/home/tigtfarm08/NFS_exports/linux/am335 
x-evm
root@am335x-evm:~# 
- 06:57:39 [INFO] Host: mkdir -p -m 777 /test
- 06:57:39 [INFO] Target: 
mkdir -p -m 777 /test
root@am335x-evm:~# 
- 06:57:39 [INFO] Host: cd /test
- 06:57:39 [INFO] Target: 
cd /test
root@am335x-evm:/test# 
- 06:57:39 [INFO] Host: cat > test.sh << EOF
- 06:57:39 [INFO] Target: 
cat > test.sh << EOF
- 06:57:39 [INFO] Host: failtest() {
- 06:57:39 [INFO] Target: 
failtest() {
- 06:57:39 [INFO] Host:   echo 1 >&3
- 06:57:40 [INFO] Target: 
  echo 1 >&3
- 06:57:40 [INFO] Host: }
- 06:57:40 [INFO] Target: 
- 06:57:40 [INFO] Host: timeout=600
- 06:57:40 [INFO] Target: 
timeout=600
- 06:57:40 [INFO] Host: 
- 06:57:40 [INFO] Target: 
- 06:57:40 [INFO] Host: # Start of user's script logic
- 06:57:40 [INFO] Target: 
# Start of user's script logic
- 06:57:40 [INFO] Host: 
- 06:57:40 [INFO] Target: 
- 06:57:40 [INFO] Host: 
- 06:57:40 [INFO] Target: 
- 06:57:40 [INFO] Host: mount -t proc proc /proc 2>/dev/null;
- 06:57:40 [INFO] Target: 
mount -t proc proc /proc 2>/dev/null;
- 06:57:40 [INFO] Host: 
- 06:57:40 [INFO] Target: 
- 06:57:40 [INFO] Host: mount -t sysfs sys /sys 2>/dev/null;
- 06:57:41 [INFO] Target: 
mount -t sysfs sys /sys 2>/dev/null;
- 06:57:41 [INFO] Host: 
- 06:57:41 [INFO] Target: 
- 06:57:41 [INFO] Host: mount -t debugfs none /sys/kernel/debug 2>/dev/null;
- 06:57:41 [INFO] Target: 
mount -t debugfs none /sys/kernel/debug 2>/dev/null;
- 06:57:41 [INFO] Host: 
- 06:57:41 [INFO] Target: 
- 06:57:41 [INFO] Host: echo 'cpuinfo:';cat /proc/cpuinfo; echo '=======';
- 06:57:41 [INFO] Target: 
echo 'cpuinfo:';cat /proc/cpuinfo; echo '=======';
- 06:57:41 [INFO] Host: 
- 06:57:41 [INFO] Target: 
- 06:57:41 [INFO] Host: echo 'soc info:';head /sys/devices/soc0/* 2>/dev/null; echo '=======';
- 06:57:41 [INFO] Target: 
echo 'soc info:';head /sys/devices/soc0/* 2>/dev/null; echo '=======';
- 06:57:41 [INFO] Host: 
- 06:57:41 [INFO] Target: 
- 06:57:41 [INFO] Host: echo 'DT Model info'; head /proc/device-tree/name /proc/device-tree/model /proc/device-tree/compatible 2>/dev/null;echo; echo '=======';
- 06:57:41 [INFO] Target: 
echo 'DT Model info'; head /proc/device-tree/name /proc/device-tree/model /pro 
c/device-tree/compatible 2>/dev/null;echo; echo '=======';
- 06:57:41 [INFO] Host: 
- 06:57:42 [INFO] Target: 
- 06:57:42 [INFO] Host: echo 'interrupts:';cat /proc/interrupts; echo '=======';
- 06:57:42 [INFO] Target: 
echo 'interrupts:';cat /proc/interrupts; echo '=======';
- 06:57:42 [INFO] Host: 
- 06:57:42 [INFO] Target: 
- 06:57:42 [INFO] Host: echo 'Clk_summary:';cat /sys/kernel/debug/clk/clk_summary; echo '=======';
- 06:57:42 [INFO] Target: 
echo 'Clk_summary:';cat /sys/kernel/debug/clk/clk_summary; echo '=======';
- 06:57:42 [INFO] Host: 
- 06:57:42 [INFO] Target: 
- 06:57:42 [INFO] Host: echo 'Orphan Clks:';ls /sys/kernel/debug/clk/orphans/; echo '=======';
- 06:57:42 [INFO] Target: 
echo 'Orphan Clks:';ls /sys/kernel/debug/clk/orphans/; echo '=======';
- 06:57:42 [INFO] Host: 
- 06:57:42 [INFO] Target: 
- 06:57:42 [INFO] Host: echo "Available frequencies"; cat /sys/devices/system/cpu/cpu0/cpufreq/scaling_available_frequencies 2>/dev/null;echo '=======';
- 06:57:42 [INFO] Target: 
echo "Available frequencies"; cat /sys/devices/system/cpu/cpu0/cpufreq/scaling 
_available_frequencies 2>/dev/null;echo '=======';
- 06:57:42 [INFO] Host: 
- 06:57:42 [INFO] Target: 
- 06:57:42 [INFO] Host: echo 'H''ello World' 'B''oard Booted';
- 06:57:43 [INFO] Target: 
echo 'H''ello World' 'B''oard Booted';
- 06:57:43 [INFO] Host: 
- 06:57:43 [INFO] Target: 
- 06:57:43 [INFO] Host: EOF
- 06:57:43 [INFO] Target: 
root@am335x-evm:/test# 
- 06:57:43 [INFO] Host: cd /test
- 06:57:43 [INFO] Target: 
cd /test
root@am335x-evm:/test# 
- 06:57:43 [INFO] Host: chmod +x test.sh
- 06:57:43 [INFO] Target: 
chmod +x test.sh
root@am335x-evm:/test# 
- 06:57:43 [INFO] Host: ./test.sh 2> stderr.log > stdout.log 3> result.log
- 06:57:43 [INFO] Target: 
./test.sh 2> stderr.log > stdout.log 3> result.log
root@am335x-evm:/test# 
- 06:57:43 [INFO] Host: echo $?
- 06:57:43 [INFO] Target: 
echo $?
root@am335x-evm:/test# 
- 06:57:43 [INFO] Host: cd /test
- 06:57:43 [INFO] Target: 
cd /test
root@am335x-evm:/test# 
- 06:57:43 [INFO] Host: cat stdout.log
- 06:57:44 [INFO] Target: 
cat stdout.log
cpuinfo:
processor	: 0
model name	: ARMv7 Processor rev 2 (v7l)
BogoMIPS	: 274.39
Features	: half thumb fastmult vfp edsp thumbee neon vfpv3 tls vfpd32 
CPU implementer	: 0x41
CPU architecture: 7
CPU variant	: 0x3
CPU part	: 0xc08
CPU revision	: 2
Hardware	: Generic AM33XX (Flattened Device Tree)
Revision	: 0000
Serial		: 0000000000000000
=======
soc info:
==> /sys/devices/soc0/family <==
AM33xx
==> /sys/devices/soc0/machine <==
AM335X
==> /sys/devices/soc0/power <==
==> /sys/devices/soc0/revision <==
ES2.1
==> /sys/devices/soc0/subsystem <==
==> /sys/devices/soc0/type <==
==> /sys/devices/soc0/uevent <==
=======
DT Model info
==> /proc/device-tree/name <==
==> /proc/device-tree/model <==
TI AM335x EVM
==> /proc/device-tree/compatible <==
ti,am335x-evmti,am33xx
=======
interrupts:
           CPU0       
 16:       3428      INTC  68 Level     gp_timer
 19:       1944      INTC  12 Level     edma
 21:         20      INTC  14 Level     edma_error
 25:          0  44e07000.gpio   2 Edge      volume-up
 26:          0  44e07000.gpio   3 Edge      volume-down
 29:          0  44e07000.gpio   6 Edge      48060000.mmc cd
154:       4595      INTC  72 Level     OMAP UART0
155:        313      INTC  70 Level     44e0b000.i2c
156:          0      INTC  71 Level     4802a000.i2c
157:       5737      INTC  64 Level     mmc0
168:          8      INTC  41 Level     4a100000.ethernet
169:          8      INTC  42 Level     4a100000.ethernet
174:          0      INTC 100 Level     gpmc
IPI0:          0  CPU wakeup interrupts
IPI1:          0  Timer broadcast interrupts
IPI2:          0  Rescheduling interrupts
IPI3:          0  Function call interrupts
IPI4:          0  Single function call interrupts
IPI5:          0  CPU stop interrupts
IPI6:          0  IRQ work interrupts
IPI7:          0  completion interrupts
Err:          0
=======
Clk_summary:
   clock                         enable_cnt  prepare_cnt        rate   accuracy   phase
----------------------------------------------------------------------------------------
 tclkin_ck                                0            0    12000000          0 0  
 virt_26000000_ck                         0            0    26000000          0 0  
 virt_25000000_ck                         0            0    25000000          0 0  
 virt_24000000_ck                         1            1    24000000          0 0  
    sys_clkin_ck                          9           23    24000000          0 0  
       timer6_fck                         0            1    24000000          0 0  
       timer3_fck                         0            1    24000000          0 0  
       dbg_sysclk_ck                      0            1    24000000          0 0  
       timer7_fck                         0            1    24000000          0 0  
       timer5_fck                         0            1    24000000          0 0  
       timer4_fck                         0            1    24000000          0 0  
       timer2_fck                         1            1    24000000          0 0  
       timer1_fck                         1            1    24000000          0 0  
       cefuse_fck                         0            0    24000000          0 0  
       dpll_per_ck                        1            2   960000000          0 0  
          usbotg_fck                      0            1   960000000          0 0  
          dpll_per_m2_ck                  2            4   192000000          0 0  
             mmc_clk                      0            3    96000000          0 0  
             clk_24mhz                    1            1    24000000          0 0  
                clkdiv32k_ck              1            1       32786          0 0  
                   clkdiv32k_ick           1            5       32786          0 0  
                      wdt1_fck            0            1       32786          0 0  
                      gpio3_dbclk           0            1       32786          0 0  
                      gpio2_dbclk           0            1       32786          0 0  
                      gpio1_dbclk           0            1       32786          0 0  
             dpll_per_m2_div4_ck           0            9    48000000          0 0  
             dpll_per_m2_div4_wkupdm_ck           1            2    48000000          0 0  
       dpll_disp_ck                       0            1    24000000          0 0  
          dpll_disp_m2_ck                 0            1    24000000          0 0  
             lcd_gclk                     0            1    24000000          0 0  
       dpll_ddr_ck                        1            1   303000000          0 0  
          dpll_ddr_m2_ck                  2            2   303000000          0 0  
             dpll_ddr_m2_div2_ck           1            1   151500000          0 0  
       dpll_mpu_ck                        1            1   275000000          0 0  
          dpll_mpu_m2_ck                  4            4   275000000          0 0  
       dpll_core_ck                       1            1  1000000000          0 0  
          dpll_core_x2_ck                 2            2  2000000000          0 0  
             dpll_core_m6_ck              0            0   500000000          0 0  
             dpll_core_m5_ck              1            1   250000000          0 0  
                cpsw_cpts_rft_clk           0            0   250000000          0 0  
                cpsw_125mhz_gclk           3            3   125000000          0 0  
             dpll_core_m4_ck              9           11   200000000          0 0  
                dbg_clka_ck               0            2   200000000          0 0  
                   trace_pmd_clk_mux_ck           0            1   200000000          0 0  
                      trace_clk_div_ck           0            1    50000000          0 0  
                   stm_pmd_clock_mux_ck           0            0   200000000          0 0  
                      stm_clk_div_ck           0            0    50000000          0 0  
                gfx_fclk_clksel_ck           0            1   200000000          0 0  
                   gfx_fck_div_ck           0            1   200000000          0 0  
                sysclk_div_ck             0            0   200000000          0 0  
                l4hs_gclk                 2            2   200000000          0 0  
                l4_rtc_gclk               0            0   100000000          0 0  
                dpll_core_m4_div2_ck          16           17   100000000          0 0  
                   l4ls_gclk             41           59   100000000          0 0  
                      ehrpwm2_tbclk           0            0   100000000          0 0  
                      ehrpwm1_tbclk           0            0   100000000          0 0  
                      ehrpwm0_tbclk           0            0   100000000          0 0  
                   l4fw_gclk              1            1   100000000          0 0  
                   l3s_gclk               9           10   100000000          0 0  
                   ieee5000_fck           0            0   100000000          0 0  
                mmu_fck                   0            0   200000000          0 0  
                l3_gclk                  13           15   200000000          0 0  
                   pruss_ocp_gclk           0            1   200000000          0 0  
       rng_fck                            1            2    24000000          0 0  
       aes0_fck                           1            2    24000000          0 0  
       sha0_fck                           1            1    24000000          0 0  
       smartreflex1_fck                   0            1    24000000          0 0  
       smartreflex0_fck                   0            1    24000000          0 0  
       mcasp1_fck                         0            1    24000000          0 0  
       mcasp0_fck                         0            1    24000000          0 0  
       dcan1_fck                          0            1    24000000          0 0  
       dcan0_fck                          0            1    24000000          0 0  
       adc_tsc_fck                        0            1    24000000          0 0  
 virt_19200000_ck                         0            0    19200000          0 0  
 clk_rc32k_ck                             1            1       32000          0 0  
    gpio0_dbclk_mux_ck                    1            1       32000          0 0  
       gpio0_dbclk                        1            2       32000          0 0  
 clk_32768_ck                             1            2       32768          0 0  
    sysclkout_pre_ck                      1            1       32768          0 0  
       clkout2_div_ck                     1            1       32768          0 0  
          clkout2_ck                      1            1       32768          0 0  
=======
Orphan Clks:
=======
Available frequencies
275000 500000 600000 720000 
=======
Hello World Board Booted
root@am335x-evm:/test# 
- 06:57:44 [INFO] Host: cat stderr.log
- 06:57:44 [INFO] Target: 
cat stderr.log
ls: /sys/kernel/debug/clk/orphans/: No such file or directory
root@am335x-evm:/test# 
- 06:57:44 [INFO] Host: cat result.log
- 06:57:46 [ERROR] On command: cat result.log waiting for cat result.log.+?(?m-ix:^1[\0\n\r]+) >>> error: execution expired
- 06:57:46 [INFO] Target: 
cat result.log
root@am335x-evm:/test# 
- 06:57:46 [INFO] Host: cd /test
- 06:57:46 [INFO] Target: 
cd /test
root@am335x-evm:/test# 
URL:gtsystest.telogy.design.ti.com/vatf/tigtfarm08/tigtfarm08_vatf@am335x-evm/tigtfarm0804_30_2015_06_56_47/files/session_iteration_1/test_1
