- 02:25:10 [INFO] Starting target session
- 02:25:11 [INFO] Connected to am335x-evm via serial 
- 02:25:11 [INFO] Host: #check prompt
- 02:25:14 [ERROR] On command: #check prompt waiting for #check prompt.+?(?-mix:((?-mix:login:)|[Pp]assword)) >>> error: execution expired
- 02:25:14 [INFO] Target: 
#check prompt
root@am335x-evm:/test# 
- 02:25:14 [INFO] Host: #check prompt
- 02:25:14 [INFO] Target: 
#check prompt
root@am335x-evm:/test# 
- 02:25:14 [INFO] Host: sync;poweroff
- 02:25:28 [INFO] Target: 
sync;poweroff
Broadcast message from root@am335x-evm (ttyS0) (Fri May  1 08:50:34 2015):
The system is going down for system halt NOW!
INIT: Switching to runlevel: 0root@am335x-evm:/test# 
INIT: Sending processes the TERM signal
INIT: SendingStopping syslogd/klogd: stopped syslogd (pid 1197)
stopped klogd (pid 1200)
done
not deconfiguring network interfaces: network file systems still mounted.
Sending all processes the TERM signal...
Sending all processes the KILL signal...
Unmounting remote filesystems...
Deactivating swap...
Unmounting local filesystems...
[78392.578805] reboot: System halted
- 02:25:28 [INFO] Disconnected serial from am335x-evm
- 02:25:29 [INFO] Connected to am335x-evm via serial 
- 02:25:29 [INFO] Host: 
- 02:25:31 [INFO] Target: 
U-Boot SPL 2015.07-00005-g2cc2dbc (Apr 20 2016 - 14:42:11)
reading args
spl_load_image_fat_os: error reading image args, err - -1
reading u-boot.img
reading u-boot.img
U-Boot 2015.07-00005-g2cc2dbc (Apr 20 2016 - 14:42:11 -0500), Build: jenkins-ti-uboot-compile-test-102
       Watchdog enabled
I2C:   ready
DRAM:  1 GiB
NAND:  256 MiB
MMC:   OMAP SD/MMC: 0, OMAP SD/MMC: 1
reading uboot.env
Net:   <ethaddr> not set. Validating first E-fuse MAC
cpsw, usb_ether
Hit any key to stop autoboot:  1  0 
U-Boot# 
U-Boot# 
- 02:25:31 [INFO] Host: 
- 02:25:31 [INFO] Target: 
U-Boot# 
- 02:25:31 [INFO] Host: version
- 02:25:31 [INFO] Target: 
version
U-Boot 2015.07-00005-g2cc2dbc (Apr 20 2016 - 14:42:11 -0500)
arm-linux-gnueabihf-gcc (Linaro GCC 5.3-2016.02) 5.3.1 20160113
GNU ld (GNU Binutils) 2.25.0 Linaro 2015_10
U-Boot# 
- 02:25:31 [INFO] Host: setenv bootargs 'console=ttyO0,115200n8 earlyprintk=serial,ttyO0,115200n8 rootwait  '
- 02:25:31 [INFO] Target: 
setenv bootargs 'console=ttyO0,115200n8 earlyprintk=serial,ttyO0,115200n8 rootwait  '
U-Boot# 
- 02:25:31 [INFO] Host: setenv bootcmd  ''
- 02:25:31 [INFO] Target: 
setenv bootcmd  ''
U-Boot# 
- 02:25:31 [INFO] Host: setenv autoload 'no'
- 02:25:32 [INFO] Target: 
setenv autoload 'no'
U-Boot# 
- 02:25:32 [INFO] Host: setenv serverip '192.168.0.1'
- 02:25:32 [INFO] Target: 
setenv serverip '192.168.0.1'
U-Boot# 
- 02:25:32 [INFO] Host: setenv _initramfs -
- 02:25:32 [INFO] Target: 
setenv _initramfs -
U-Boot# 
- 02:25:32 [INFO] Host: printenv
- 02:25:32 [INFO] Target: 
printenv
_initramfs=-
arch=arm
args_mmc=run finduuid;setenv bootargs console=${console} ${optargs} root=PARTUUID=${uuid} rw rootfstype=${mmcrootfstype}
autoload=no
baudrate=115200
board=am335x
board_name=A33515BB
board_rev=1.5B
board_serial=44124P160098
boot_fdt=try
bootargs=console=ttyO0,115200n8 earlyprintk=serial,ttyO0,115200n8 rootwait  
bootcmd=
bootcount=1
bootdelay=1
bootdir=/boot
bootenvfile=uEnv.txt
bootfile=zImage
bootm_size=0x10000000
bootpart=0:2
bootscript=echo Running bootscript from mmc${mmcdev} ...; source ${loadaddr}
console=ttyO0,115200n8
cpu=armv7
dfu_alt_info_emmc=rawemmc raw 0 3751936
dfu_alt_info_mmc=boot part 0 1;rootfs part 0 2;MLO fat 0 1;MLO.raw raw 0x100 0x100;u-boot.img.raw raw 0x300 0x400;spl-os-args.raw raw 0x80 0x80;spl-os-image.raw raw 0x900 0x2000;spl-os-args fat 0 1;spl-os-image fat 0 1;u-boot.img fat 0 1;uEnv.txt fat 0 1
dfu_alt_info_nand=SPL part 0 1;SPL.backup1 part 0 2;SPL.backup2 part 0 3;SPL.backup3 part 0 4;u-boot part 0 5;u-boot-spl-os part 0 6;kernel part 0 8;rootfs part 0 9
dfu_alt_info_ram=kernel ram 0x80200000 0xD80000;fdt ram 0x80F80000 0x80000;ramdisk ram 0x81000000 0x4000000
envboot=mmc dev ${mmcdev}; if mmc rescan; then echo SD/MMC found on device ${mmcdev};if run loadbootscript; then run bootscript;else if run loadbootenv; then echo Loaded env from ${bootenvfile};run importbootenv;fi;if test -n $uenvcmd; then echo Running uenvcmd ...;run uenvcmd;fi;fi;fi;
eth1addr=c8:a0:30:a0:62:c0
ethact=cpsw
ethaddr=c8:a0:30:a0:62:be
fdt_addr_r=0x88000000
fdtaddr=0x88000000
fdtfile=undefined
findfdt=if test $board_name = A335BONE; then setenv fdtfile am335x-bone.dtb; fi; if test $board_name = A335BNLT; then setenv fdtfile am335x-boneblack.dtb; fi; if test $board_name = A33515BB; then setenv fdtfile am335x-evm.dtb; fi; if test $board_name = A335X_SK; then setenv fdtfile am335x-evmsk.dtb; fi; if test $board_name = A335_ICE; then setenv fdtfile am335x-icev2.dtb; fi; if test $fdtfile = undefined; then echo WARNING: Could not determine device tree to use; fi; 
finduuid=part uuid mmc 0:2 uuid
importbootenv=echo Importing environment from mmc${mmcdev} ...; env import -t ${loadaddr} ${filesize}
init_console=if test $board_name = A335_ICE; then setenv console ttyO3,115200n8;else setenv console ttyO0,115200n8;fi;
kernel_addr_r=0x82000000
loadaddr=0x82000000
loadbootenv=fatload mmc ${mmcdev} ${loadaddr} ${bootenvfile}
loadbootscript=load mmc ${mmcdev} ${loadaddr} boot.scr
loadfdt=load mmc ${bootpart} ${fdtaddr} ${bootdir}/${fdtfile}
loadimage=load mmc ${bootpart} ${loadaddr} ${bootdir}/${bootfile}
loadramdisk=load mmc ${mmcdev} ${rdaddr} ramdisk.gz
mmcboot=mmc dev ${mmcdev}; if mmc rescan; then echo SD/MMC found on device ${mmcdev};run envboot; if run loadimage; then run mmcloados;fi;fi;
mmcdev=0
mmcloados=run args_mmc; if test ${boot_fdt} = yes || test ${boot_fdt} = try; then if run loadfdt; then bootz ${loadaddr} - ${fdtaddr}; else if test ${boot_fdt} = try; then bootz; else echo WARN: Cannot load the DT; fi; fi; else bootz; fi;
mmcrootfstype=ext4 rootwait
mtdids=nand0=nand.0
mtdparts=mtdparts=nand.0:128k(NAND.SPL),128k(NAND.SPL.backup1),128k(NAND.SPL.backup2),128k(NAND.SPL.backup3),256k(NAND.u-boot-spl-os),1m(NAND.u-boot),128k(NAND.u-boot-env),128k(NAND.u-boot-env.backup1),8m(NAND.kernel),-(NAND.file-system)
nandargs=setenv bootargs console=${console} ${optargs} root=${nandroot} rootfstype=${nandrootfstype}
nandboot=echo Booting from nand ...; run nandargs; nand read ${fdtaddr} NAND.u-boot-spl-os; nand read ${loadaddr} NAND.kernel; bootz ${loadaddr} - ${fdtaddr}
nandroot=ubi0:rootfs rw ubi.mtd=NAND.file-system,2048
nandrootfstype=ubifs rootwait=1
netargs=setenv bootargs console=${console} ${optargs} root=/dev/nfs nfsroot=${serverip}:${rootpath},${nfsopts} rw ip=dhcp
netboot=echo Booting from network ...; setenv autoload no; dhcp; run netloadimage; run netloadfdt; run netargs; bootz ${loadaddr} - ${fdtaddr}
netloadfdt=tftp ${fdtaddr} ${fdtfile}
netloadimage=tftp ${loadaddr} ${bootfile}
nfsopts=nolock
partitions=uuid_disk=${uuid_gpt_disk};name=rootfs,start=2MiB,size=-,uuid=${uuid_gpt_rootfs}
ramargs=setenv bootargs console=${console} ${optargs} root=${ramroot} rootfstype=${ramrootfstype}
ramboot=echo Booting from ramdisk ...; run ramargs; bootz ${loadaddr} ${rdaddr} ${fdtaddr}
ramdisk_addr_r=0x88080000
ramroot=/dev/ram0 rw
ramrootfstype=ext2
rdaddr=0x88080000
rootpath=/export/rootfs
serverip=192.168.0.1
soc=am33xx
spiargs=setenv bootargs console=${console} ${optargs} root=${spiroot} rootfstype=${spirootfstype}
spiboot=echo Booting from spi ...; run spiargs; sf probe ${spibusno}:0; sf read ${loadaddr} ${spisrcaddr} ${spiimgsize}; bootz ${loadaddr}
spibusno=0
spiimgsize=0x362000
spiroot=/dev/mtdblock4 rw
spirootfstype=jffs2
spisrcaddr=0xe0000
static_ip=${ipaddr}:${serverip}:${gatewayip}:${netmask}:${hostname}::off
stderr=serial_omap
stdin=serial_omap
stdout=serial_omap
usbnet_devaddr=c8:a0:30:a0:62:c0
vendor=ti
ver=U-Boot 2015.07-00005-g2cc2dbc (Apr 20 2016 - 14:42:11 -0500)
Environment size: 5150/131068 bytes
U-Boot# 
- 02:25:32 [INFO] Host: printenv
- 02:25:33 [INFO] Target: 
printenv
_initramfs=-
arch=arm
args_mmc=run finduuid;setenv bootargs console=${console} ${optargs} root=PARTUUID=${uuid} rw rootfstype=${mmcrootfstype}
autoload=no
baudrate=115200
board=am335x
board_name=A33515BB
board_rev=1.5B
board_serial=44124P160098
boot_fdt=try
bootargs=console=ttyO0,115200n8 earlyprintk=serial,ttyO0,115200n8 rootwait  
bootcmd=
bootcount=1
bootdelay=1
bootdir=/boot
bootenvfile=uEnv.txt
bootfile=zImage
bootm_size=0x10000000
bootpart=0:2
bootscript=echo Running bootscript from mmc${mmcdev} ...; source ${loadaddr}
console=ttyO0,115200n8
cpu=armv7
dfu_alt_info_emmc=rawemmc raw 0 3751936
dfu_alt_info_mmc=boot part 0 1;rootfs part 0 2;MLO fat 0 1;MLO.raw raw 0x100 0x100;u-boot.img.raw raw 0x300 0x400;spl-os-args.raw raw 0x80 0x80;spl-os-image.raw raw 0x900 0x2000;spl-os-args fat 0 1;spl-os-image fat 0 1;u-boot.img fat 0 1;uEnv.txt fat 0 1
dfu_alt_info_nand=SPL part 0 1;SPL.backup1 part 0 2;SPL.backup2 part 0 3;SPL.backup3 part 0 4;u-boot part 0 5;u-boot-spl-os part 0 6;kernel part 0 8;rootfs part 0 9
dfu_alt_info_ram=kernel ram 0x80200000 0xD80000;fdt ram 0x80F80000 0x80000;ramdisk ram 0x81000000 0x4000000
envboot=mmc dev ${mmcdev}; if mmc rescan; then echo SD/MMC found on device ${mmcdev};if run loadbootscript; then run bootscript;else if run loadbootenv; then echo Loaded env from ${bootenvfile};run importbootenv;fi;if test -n $uenvcmd; then echo Running uenvcmd ...;run uenvcmd;fi;fi;fi;
eth1addr=c8:a0:30:a0:62:c0
ethact=cpsw
ethaddr=c8:a0:30:a0:62:be
fdt_addr_r=0x88000000
fdtaddr=0x88000000
fdtfile=undefined
findfdt=if test $board_name = A335BONE; then setenv fdtfile am335x-bone.dtb; fi; if test $board_name = A335BNLT; then setenv fdtfile am335x-boneblack.dtb; fi; if test $board_name = A33515BB; then setenv fdtfile am335x-evm.dtb; fi; if test $board_name = A335X_SK; then setenv fdtfile am335x-evmsk.dtb; fi; if test $board_name = A335_ICE; then setenv fdtfile am335x-icev2.dtb; fi; if test $fdtfile = undefined; then echo WARNING: Could not determine device tree to use; fi; 
finduuid=part uuid mmc 0:2 uuid
importbootenv=echo Importing environment from mmc${mmcdev} ...; env import -t ${loadaddr} ${filesize}
init_console=if test $board_name = A335_ICE; then setenv console ttyO3,115200n8;else setenv console ttyO0,115200n8;fi;
kernel_addr_r=0x82000000
loadaddr=0x82000000
loadbootenv=fatload mmc ${mmcdev} ${loadaddr} ${bootenvfile}
loadbootscript=load mmc ${mmcdev} ${loadaddr} boot.scr
loadfdt=load mmc ${bootpart} ${fdtaddr} ${bootdir}/${fdtfile}
loadimage=load mmc ${bootpart} ${loadaddr} ${bootdir}/${bootfile}
loadramdisk=load mmc ${mmcdev} ${rdaddr} ramdisk.gz
mmcboot=mmc dev ${mmcdev}; if mmc rescan; then echo SD/MMC found on device ${mmcdev};run envboot; if run loadimage; then run mmcloados;fi;fi;
mmcdev=0
mmcloados=run args_mmc; if test ${boot_fdt} = yes || test ${boot_fdt} = try; then if run loadfdt; then bootz ${loadaddr} - ${fdtaddr}; else if test ${boot_fdt} = try; then bootz; else echo WARN: Cannot load the DT; fi; fi; else bootz; fi;
mmcrootfstype=ext4 rootwait
mtdids=nand0=nand.0
mtdparts=mtdparts=nand.0:128k(NAND.SPL),128k(NAND.SPL.backup1),128k(NAND.SPL.backup2),128k(NAND.SPL.backup3),256k(NAND.u-boot-spl-os),1m(NAND.u-boot),128k(NAND.u-boot-env),128k(NAND.u-boot-env.backup1),8m(NAND.kernel),-(NAND.file-system)
nandargs=setenv bootargs console=${console} ${optargs} root=${nandroot} rootfstype=${nandrootfstype}
nandboot=echo Booting from nand ...; run nandargs; nand read ${fdtaddr} NAND.u-boot-spl-os; nand read ${loadaddr} NAND.kernel; bootz ${loadaddr} - ${fdtaddr}
nandroot=ubi0:rootfs rw ubi.mtd=NAND.file-system,2048
nandrootfstype=ubifs rootwait=1
netargs=setenv bootargs console=${console} ${optargs} root=/dev/nfs nfsroot=${serverip}:${rootpath},${nfsopts} rw ip=dhcp
netboot=echo Booting from network ...; setenv autoload no; dhcp; run netloadimage; run netloadfdt; run netargs; bootz ${loadaddr} - ${fdtaddr}
netloadfdt=tftp ${fdtaddr} ${fdtfile}
netloadimage=tftp ${loadaddr} ${bootfile}
nfsopts=nolock
partitions=uuid_disk=${uuid_gpt_disk};name=rootfs,start=2MiB,size=-,uuid=${uuid_gpt_rootfs}
ramargs=setenv bootargs console=${console} ${optargs} root=${ramroot} rootfstype=${ramrootfstype}
ramboot=echo Booting from ramdisk ...; run ramargs; bootz ${loadaddr} ${rdaddr} ${fdtaddr}
ramdisk_addr_r=0x88080000
ramroot=/dev/ram0 rw
ramrootfstype=ext2
rdaddr=0x88080000
rootpath=/export/rootfs
serverip=192.168.0.1
soc=am33xx
spiargs=setenv bootargs console=${console} ${optargs} root=${spiroot} rootfstype=${spirootfstype}
spiboot=echo Booting from spi ...; run spiargs; sf probe ${spibusno}:0; sf read ${loadaddr} ${spisrcaddr} ${spiimgsize}; bootz ${loadaddr}
spibusno=0
spiimgsize=0x362000
spiroot=/dev/mtdblock4 rw
spirootfstype=jffs2
spisrcaddr=0xe0000
static_ip=${ipaddr}:${serverip}:${gatewayip}:${netmask}:${hostname}::off
stderr=serial_omap
stdin=serial_omap
stdout=serial_omap
usbnet_devaddr=c8:a0:30:a0:62:c0
vendor=ti
ver=U-Boot 2015.07-00005-g2cc2dbc (Apr 20 2016 - 14:42:11 -0500)
Environment size: 5150/131068 bytes
U-Boot# 
- 02:25:33 [INFO] Host: setenv bootargs ''${bootargs}' ip=:::::eth0:dhcp '
- 02:25:33 [INFO] Target: 
setenv bootargs ''${bootargs}' ip=:::::eth0:dhcp '
U-Boot# 
- 02:25:33 [INFO] Host: setenv serverip '192.168.0.1'
- 02:25:33 [INFO] Target: 
setenv serverip '192.168.0.1'
U-Boot# 
- 02:25:33 [INFO] Host: setenv autoload 'no'
- 02:25:33 [INFO] Target: 
setenv autoload 'no'
U-Boot# 
- 02:25:33 [INFO] Host: dhcp
- 02:25:35 [INFO] Target: 
dhcp
cpsw Waiting for PHY auto negotiation to complete.. done
link up on port 0, speed 1000, full duplex
BOOTP broadcast 1
BOOTP broadcast 2
BOOTP broadcast 3
DHCP client bound to address 192.168.0.162 (1285 ms)
U-Boot# 
- 02:25:35 [INFO] Host: tftp ${loadaddr} 192.168.0.1:vatf_am335x-evm/877ea96b23e64075a911e368a9995d5d
- 02:25:36 [INFO] Target: 
tftp ${loadaddr} 192.168.0.1:vatf_am335x-evm/877ea96b23e64075a911e368a9995d5d
link up on port 0, speed 1000, full duplex
Using cpsw device
TFTP from server 192.168.0.1; our IP address is 192.168.0.162
Filename 'vatf_am335x-evm/877ea96b23e64075a911e368a9995d5d'.
Load address: 0x82000000
Loading: *#################################################################
	 #################################################################
	 #################################################################
	 #################################################################
	 #################################################################
	 #################################################################
	 #################################################################
	 ############
	 5.8 MiB/s
done
Bytes transferred = 6855240 (689a48 hex)
U-Boot# 
- 02:25:36 [INFO] Host: tftp ${fdt_addr_r} 192.168.0.1:vatf_am335x-evm/6a3d5d5b0d3043b5b816513daa21be5d
- 02:25:36 [INFO] Target: 
tftp ${fdt_addr_r} 192.168.0.1:vatf_am335x-evm/6a3d5d5b0d3043b5b816513daa21be5d
link up on port 0, speed 1000, full duplex
Using cpsw device
TFTP from server 192.168.0.1; our IP address is 192.168.0.162
Filename 'vatf_am335x-evm/6a3d5d5b0d3043b5b816513daa21be5d'.
Load address: 0x88000000
Loading: *###
	 5.3 MiB/s
done
Bytes transferred = 38606 (96ce hex)
U-Boot# 
- 02:25:36 [INFO] Host: ls mmc 0:1
- 02:25:37 [INFO] Target: 
ls mmc 0:1
    70596   mlo 
   376272   u-boot.img 
        4   ws-calibrate.rules 
       14   .ipaddr 
        0   pointercal 
   131072   uboot.env 
       33   primary_bootloader.md5 
       33   fs.md5 
8 file(s), 0 dir(s)
U-Boot# 
- 02:25:37 [INFO] Host: ls mmc 0:2
- 02:25:37 [INFO] Target: 
ls mmc 0:2
<DIR>       4096 .
<DIR>       4096 ..
<DIR>       4096 include
<DIR>       4096 srv
<DIR>       4096 home
<DIR>       4096 media
<DIR>       4096 opt
<DIR>       4096 var
<DIR>       4096 sys
<DIR>       4096 boot
<DIR>       4096 dev
<DIR>       4096 usr
<DIR>       4096 bin
<DIR>       4096 mnt
<DIR>       4096 etc
<DIR>       4096 sbin
<DIR>       4096 www
<SYM>          8 tmp
<DIR>       4096 proc
<DIR>       4096 run
<DIR>       4096 lib
<DIR>       4096 test
         3232688 kernel.img
           39851 dtb.img
        49152000 rootfs.img
U-Boot# 
- 02:25:37 [INFO] Host: part uuid mmc 0:2
- 02:25:37 [INFO] Target: 
part uuid mmc 0:2
00000000-02
U-Boot# 
- 02:25:37 [INFO] Host: printenv
- 02:25:37 [INFO] Target: 
printenv
_initramfs=-
arch=arm
args_mmc=run finduuid;setenv bootargs console=${console} ${optargs} root=PARTUUID=${uuid} rw rootfstype=${mmcrootfstype}
autoload=no
baudrate=115200
board=am335x
board_name=A33515BB
board_rev=1.5B
board_serial=44124P160098
boot_fdt=try
bootargs=console=ttyO0,115200n8 earlyprintk=serial,ttyO0,115200n8 rootwait   ip=:::::eth0:dhcp 
bootcmd=
bootcount=1
bootdelay=1
bootdir=/boot
bootenvfile=uEnv.txt
bootfile=zImage
bootm_size=0x10000000
bootpart=0:2
bootscript=echo Running bootscript from mmc${mmcdev} ...; source ${loadaddr}
console=ttyO0,115200n8
cpu=armv7
dfu_alt_info_emmc=rawemmc raw 0 3751936
dfu_alt_info_mmc=boot part 0 1;rootfs part 0 2;MLO fat 0 1;MLO.raw raw 0x100 0x100;u-boot.img.raw raw 0x300 0x400;spl-os-args.raw raw 0x80 0x80;spl-os-image.raw raw 0x900 0x2000;spl-os-args fat 0 1;spl-os-image fat 0 1;u-boot.img fat 0 1;uEnv.txt fat 0 1
dfu_alt_info_nand=SPL part 0 1;SPL.backup1 part 0 2;SPL.backup2 part 0 3;SPL.backup3 part 0 4;u-boot part 0 5;u-boot-spl-os part 0 6;kernel part 0 8;rootfs part 0 9
dfu_alt_info_ram=kernel ram 0x80200000 0xD80000;fdt ram 0x80F80000 0x80000;ramdisk ram 0x81000000 0x4000000
dnsip=192.0.2.2
dnsip2=192.0.2.3
envboot=mmc dev ${mmcdev}; if mmc rescan; then echo SD/MMC found on device ${mmcdev};if run loadbootscript; then run bootscript;else if run loadbootenv; then echo Loaded env from ${bootenvfile};run importbootenv;fi;if test -n $uenvcmd; then echo Running uenvcmd ...;run uenvcmd;fi;fi;fi;
eth1addr=c8:a0:30:a0:62:c0
ethact=cpsw
ethaddr=c8:a0:30:a0:62:be
fdt_addr_r=0x88000000
fdtaddr=0x88000000
fdtfile=undefined
fileaddr=88000000
filesize=96ce
findfdt=if test $board_name = A335BONE; then setenv fdtfile am335x-bone.dtb; fi; if test $board_name = A335BNLT; then setenv fdtfile am335x-boneblack.dtb; fi; if test $board_name = A33515BB; then setenv fdtfile am335x-evm.dtb; fi; if test $board_name = A335X_SK; then setenv fdtfile am335x-evmsk.dtb; fi; if test $board_name = A335_ICE; then setenv fdtfile am335x-icev2.dtb; fi; if test $fdtfile = undefined; then echo WARNING: Could not determine device tree to use; fi; 
finduuid=part uuid mmc 0:2 uuid
gatewayip=192.168.0.1
importbootenv=echo Importing environment from mmc${mmcdev} ...; env import -t ${loadaddr} ${filesize}
init_console=if test $board_name = A335_ICE; then setenv console ttyO3,115200n8;else setenv console ttyO0,115200n8;fi;
ipaddr=192.168.0.162
kernel_addr_r=0x82000000
loadaddr=0x82000000
loadbootenv=fatload mmc ${mmcdev} ${loadaddr} ${bootenvfile}
loadbootscript=load mmc ${mmcdev} ${loadaddr} boot.scr
loadfdt=load mmc ${bootpart} ${fdtaddr} ${bootdir}/${fdtfile}
loadimage=load mmc ${bootpart} ${loadaddr} ${bootdir}/${bootfile}
loadramdisk=load mmc ${mmcdev} ${rdaddr} ramdisk.gz
mmcboot=mmc dev ${mmcdev}; if mmc rescan; then echo SD/MMC found on device ${mmcdev};run envboot; if run loadimage; then run mmcloados;fi;fi;
mmcdev=0
mmcloados=run args_mmc; if test ${boot_fdt} = yes || test ${boot_fdt} = try; then if run loadfdt; then bootz ${loadaddr} - ${fdtaddr}; else if test ${boot_fdt} = try; then bootz; else echo WARN: Cannot load the DT; fi; fi; else bootz; fi;
mmcrootfstype=ext4 rootwait
mtdids=nand0=nand.0
mtdparts=mtdparts=nand.0:128k(NAND.SPL),128k(NAND.SPL.backup1),128k(NAND.SPL.backup2),128k(NAND.SPL.backup3),256k(NAND.u-boot-spl-os),1m(NAND.u-boot),128k(NAND.u-boot-env),128k(NAND.u-boot-env.backup1),8m(NAND.kernel),-(NAND.file-system)
nandargs=setenv bootargs console=${console} ${optargs} root=${nandroot} rootfstype=${nandrootfstype}
nandboot=echo Booting from nand ...; run nandargs; nand read ${fdtaddr} NAND.u-boot-spl-os; nand read ${loadaddr} NAND.kernel; bootz ${loadaddr} - ${fdtaddr}
nandroot=ubi0:rootfs rw ubi.mtd=NAND.file-system,2048
nandrootfstype=ubifs rootwait=1
netargs=setenv bootargs console=${console} ${optargs} root=/dev/nfs nfsroot=${serverip}:${rootpath},${nfsopts} rw ip=dhcp
netboot=echo Booting from network ...; setenv autoload no; dhcp; run netloadimage; run netloadfdt; run netargs; bootz ${loadaddr} - ${fdtaddr}
netloadfdt=tftp ${fdtaddr} ${fdtfile}
netloadimage=tftp ${loadaddr} ${bootfile}
netmask=255.255.255.0
nfsopts=nolock
partitions=uuid_disk=${uuid_gpt_disk};name=rootfs,start=2MiB,size=-,uuid=${uuid_gpt_rootfs}
ramargs=setenv bootargs console=${console} ${optargs} root=${ramroot} rootfstype=${ramrootfstype}
ramboot=echo Booting from ramdisk ...; run ramargs; bootz ${loadaddr} ${rdaddr} ${fdtaddr}
ramdisk_addr_r=0x88080000
ramroot=/dev/ram0 rw
ramrootfstype=ext2
rdaddr=0x88080000
rootpath=/export/rootfs
serverip=192.168.0.1
soc=am33xx
spiargs=setenv bootargs console=${console} ${optargs} root=${spiroot} rootfstype=${spirootfstype}
spiboot=echo Booting from spi ...; run spiargs; sf probe ${spibusno}:0; sf read ${loadaddr} ${spisrcaddr} ${spiimgsize}; bootz ${loadaddr}
spibusno=0
spiimgsize=0x362000
spiroot=/dev/mtdblock4 rw
spirootfstype=jffs2
spisrcaddr=0xe0000
static_ip=${ipaddr}:${serverip}:${gatewayip}:${netmask}:${hostname}::off
stderr=serial_omap
stdin=serial_omap
stdout=serial_omap
usbnet_devaddr=c8:a0:30:a0:62:c0
vendor=ti
ver=U-Boot 2015.07-00005-g2cc2dbc (Apr 20 2016 - 14:42:11 -0500)
Environment size: 5313/131068 bytes
U-Boot# 
- 02:25:37 [INFO] Host: setenv bootargs ''${bootargs}' root=PARTUUID=00000000-02 rw rootfstype=ext4 rootwait '
- 02:25:37 [INFO] Target: 
setenv bootargs ''${bootargs}' root=PARTUUID=00000000-02 rw rootfstype=ext4 rootwait '
U-Boot# 
- 02:25:37 [INFO] Host: printenv
- 02:25:38 [INFO] Target: 
printenv
_initramfs=-
arch=arm
args_mmc=run finduuid;setenv bootargs console=${console} ${optargs} root=PARTUUID=${uuid} rw rootfstype=${mmcrootfstype}
autoload=no
baudrate=115200
board=am335x
board_name=A33515BB
board_rev=1.5B
board_serial=44124P160098
boot_fdt=try
bootargs=console=ttyO0,115200n8 earlyprintk=serial,ttyO0,115200n8 rootwait   ip=:::::eth0:dhcp  root=PARTUUID=00000000-02 rw rootfstype=ext4 rootwait 
bootcmd=
bootcount=1
bootdelay=1
bootdir=/boot
bootenvfile=uEnv.txt
bootfile=zImage
bootm_size=0x10000000
bootpart=0:2
bootscript=echo Running bootscript from mmc${mmcdev} ...; source ${loadaddr}
console=ttyO0,115200n8
cpu=armv7
dfu_alt_info_emmc=rawemmc raw 0 3751936
dfu_alt_info_mmc=boot part 0 1;rootfs part 0 2;MLO fat 0 1;MLO.raw raw 0x100 0x100;u-boot.img.raw raw 0x300 0x400;spl-os-args.raw raw 0x80 0x80;spl-os-image.raw raw 0x900 0x2000;spl-os-args fat 0 1;spl-os-image fat 0 1;u-boot.img fat 0 1;uEnv.txt fat 0 1
dfu_alt_info_nand=SPL part 0 1;SPL.backup1 part 0 2;SPL.backup2 part 0 3;SPL.backup3 part 0 4;u-boot part 0 5;u-boot-spl-os part 0 6;kernel part 0 8;rootfs part 0 9
dfu_alt_info_ram=kernel ram 0x80200000 0xD80000;fdt ram 0x80F80000 0x80000;ramdisk ram 0x81000000 0x4000000
dnsip=192.0.2.2
dnsip2=192.0.2.3
envboot=mmc dev ${mmcdev}; if mmc rescan; then echo SD/MMC found on device ${mmcdev};if run loadbootscript; then run bootscript;else if run loadbootenv; then echo Loaded env from ${bootenvfile};run importbootenv;fi;if test -n $uenvcmd; then echo Running uenvcmd ...;run uenvcmd;fi;fi;fi;
eth1addr=c8:a0:30:a0:62:c0
ethact=cpsw
ethaddr=c8:a0:30:a0:62:be
fdt_addr_r=0x88000000
fdtaddr=0x88000000
fdtfile=undefined
fileaddr=88000000
filesize=96ce
findfdt=if test $board_name = A335BONE; then setenv fdtfile am335x-bone.dtb; fi; if test $board_name = A335BNLT; then setenv fdtfile am335x-boneblack.dtb; fi; if test $board_name = A33515BB; then setenv fdtfile am335x-evm.dtb; fi; if test $board_name = A335X_SK; then setenv fdtfile am335x-evmsk.dtb; fi; if test $board_name = A335_ICE; then setenv fdtfile am335x-icev2.dtb; fi; if test $fdtfile = undefined; then echo WARNING: Could not determine device tree to use; fi; 
finduuid=part uuid mmc 0:2 uuid
gatewayip=192.168.0.1
importbootenv=echo Importing environment from mmc${mmcdev} ...; env import -t ${loadaddr} ${filesize}
init_console=if test $board_name = A335_ICE; then setenv console ttyO3,115200n8;else setenv console ttyO0,115200n8;fi;
ipaddr=192.168.0.162
kernel_addr_r=0x82000000
loadaddr=0x82000000
loadbootenv=fatload mmc ${mmcdev} ${loadaddr} ${bootenvfile}
loadbootscript=load mmc ${mmcdev} ${loadaddr} boot.scr
loadfdt=load mmc ${bootpart} ${fdtaddr} ${bootdir}/${fdtfile}
loadimage=load mmc ${bootpart} ${loadaddr} ${bootdir}/${bootfile}
loadramdisk=load mmc ${mmcdev} ${rdaddr} ramdisk.gz
mmcboot=mmc dev ${mmcdev}; if mmc rescan; then echo SD/MMC found on device ${mmcdev};run envboot; if run loadimage; then run mmcloados;fi;fi;
mmcdev=0
mmcloados=run args_mmc; if test ${boot_fdt} = yes || test ${boot_fdt} = try; then if run loadfdt; then bootz ${loadaddr} - ${fdtaddr}; else if test ${boot_fdt} = try; then bootz; else echo WARN: Cannot load the DT; fi; fi; else bootz; fi;
mmcrootfstype=ext4 rootwait
mtdids=nand0=nand.0
mtdparts=mtdparts=nand.0:128k(NAND.SPL),128k(NAND.SPL.backup1),128k(NAND.SPL.backup2),128k(NAND.SPL.backup3),256k(NAND.u-boot-spl-os),1m(NAND.u-boot),128k(NAND.u-boot-env),128k(NAND.u-boot-env.backup1),8m(NAND.kernel),-(NAND.file-system)
nandargs=setenv bootargs console=${console} ${optargs} root=${nandroot} rootfstype=${nandrootfstype}
nandboot=echo Booting from nand ...; run nandargs; nand read ${fdtaddr} NAND.u-boot-spl-os; nand read ${loadaddr} NAND.kernel; bootz ${loadaddr} - ${fdtaddr}
nandroot=ubi0:rootfs rw ubi.mtd=NAND.file-system,2048
nandrootfstype=ubifs rootwait=1
netargs=setenv bootargs console=${console} ${optargs} root=/dev/nfs nfsroot=${serverip}:${rootpath},${nfsopts} rw ip=dhcp
netboot=echo Booting from network ...; setenv autoload no; dhcp; run netloadimage; run netloadfdt; run netargs; bootz ${loadaddr} - ${fdtaddr}
netloadfdt=tftp ${fdtaddr} ${fdtfile}
netloadimage=tftp ${loadaddr} ${bootfile}
netmask=255.255.255.0
nfsopts=nolock
partitions=uuid_disk=${uuid_gpt_disk};name=rootfs,start=2MiB,size=-,uuid=${uuid_gpt_rootfs}
ramargs=setenv bootargs console=${console} ${optargs} root=${ramroot} rootfstype=${ramrootfstype}
ramboot=echo Booting from ramdisk ...; run ramargs; bootz ${loadaddr} ${rdaddr} ${fdtaddr}
ramdisk_addr_r=0x88080000
ramroot=/dev/ram0 rw
ramrootfstype=ext2
rdaddr=0x88080000
rootpath=/export/rootfs
serverip=192.168.0.1
soc=am33xx
spiargs=setenv bootargs console=${console} ${optargs} root=${spiroot} rootfstype=${spirootfstype}
spiboot=echo Booting from spi ...; run spiargs; sf probe ${spibusno}:0; sf read ${loadaddr} ${spisrcaddr} ${spiimgsize}; bootz ${loadaddr}
spibusno=0
spiimgsize=0x362000
spiroot=/dev/mtdblock4 rw
spirootfstype=jffs2
spisrcaddr=0xe0000
static_ip=${ipaddr}:${serverip}:${gatewayip}:${netmask}:${hostname}::off
stderr=serial_omap
stdin=serial_omap
stdout=serial_omap
usbnet_devaddr=c8:a0:30:a0:62:c0
vendor=ti
ver=U-Boot 2015.07-00005-g2cc2dbc (Apr 20 2016 - 14:42:11 -0500)
Environment size: 5368/131068 bytes
U-Boot# 
- 02:25:38 [INFO] Host: setenv bootcmd ''${bootcmd}' if iminfo ${loadaddr}; then bootm ${loadaddr} ${_initramfs} ${fdt_addr_r}; else bootz ${loadaddr} ${_initramfs} ${fdt_addr_r}; bootm ${loadaddr} ${_initramfs} ${fdt_addr_r}; fi'
- 02:25:38 [INFO] Target: 
setenv bootcmd ''${bootcmd}' if iminfo ${loadaddr}; then bootm ${loadaddr} ${_initramfs} ${fdt_addr_r}; else bootz ${loadaddr} ${_initramfs} ${fdt_addr_r}; bootm ${loadaddr} ${_initramfs} ${fdt_addr_r}; fi'
U-Boot# 
- 02:25:38 [INFO] Host: version
- 02:25:38 [INFO] Target: 
version
U-Boot 2015.07-00005-g2cc2dbc (Apr 20 2016 - 14:42:11 -0500)
arm-linux-gnueabihf-gcc (Linaro GCC 5.3-2016.02) 5.3.1 20160113
GNU ld (GNU Binutils) 2.25.0 Linaro 2015_10
U-Boot# 
- 02:25:38 [INFO] Host: bdinfo
- 02:25:38 [INFO] Target: 
bdinfo
arch_number = 0x00000E05
boot_params = 0x80000100
DRAM bank   = 0x00000000
-> start    = 0x80000000
-> size     = 0x40000000
eth0name    = cpsw
ethaddr     = c8:a0:30:a0:62:be
eth1name    = usb_ether
eth1addr    = c8:a0:30:a0:62:c0
current eth = cpsw
ip_addr     = 192.168.0.162
baudrate    = 115200 bps
TLB addr    = 0xBFFF0000
relocaddr   = 0xBFF4F000
reloc off   = 0x3F74F000
irq_sp      = 0xBEF2EEC0
sp start    = 0xBEF2EEB0
U-Boot# 
- 02:25:38 [INFO] Host: mmc rescan; echo $?
- 02:25:38 [INFO] Target: 
mmc rescan; echo $?
U-Boot# 
- 02:25:38 [INFO] Host: fatwrite mmc ${mmcdev}:1 ${loadaddr} ws-calibrate.rules 4
- 02:25:38 [INFO] Target: 
fatwrite mmc ${mmcdev}:1 ${loadaddr} ws-calibrate.rules 4
writing ws-calibrate.rules
4 bytes written
U-Boot# 
- 02:25:38 [INFO] Host: boot
- 02:26:02 [INFO] Target: 
boot
## Checking Image at 82000000 ...
Unknown image format!
Kernel image @ 0x82000000 [ 0x000000 - 0x689a48 ]
## Flattened Device Tree blob at 88000000
   Booting using the fdt blob at 0x88000000
   Loading Device Tree to 8fff3000, end 8ffff6cd ... OK
Starting kernel ...
[    0.000000] Booting Linux on physical CPU 0x0
[    0.000000] Linux version 4.6.0-rc7-00002-g5dcfc6c8b829 (nmenon@horus) (gcc version 4.9.3 20150413 (prerelease) (Linaro GCC 4.9-2015.05) ) #1 SMP Mon May 9 01:22:48 CDT 2016
[    0.000000] CPU: ARMv7 Processor [413fc082] revision 2 (ARMv7), cr=10c5387d
[    0.000000] CPU: PIPT / VIPT nonaliasing data cache, VIPT aliasing instruction cache
[    0.000000] Machine model: TI AM335x EVM
[    0.000000] cma: Reserved 64 MiB at 0xbb800000
[    0.000000] Memory policy: Data cache writeback
[    0.000000] CPU: All CPU(s) started in SVC mode.
[    0.000000] AM335X ES2.1 (sgx neon )
[    0.000000] percpu: Embedded 12 pages/cpu @ef7ca000 s19776 r8192 d21184 u49152
[    0.000000] Built 1 zonelists in Zone order, mobility grouping on.  Total pages: 260096
[    0.000000] Kernel command line: console=ttyO0,115200n8 earlyprintk=serial,ttyO0,115200n8 rootwait   ip=:::::eth0:dhcp  root=PARTUUID=00000000-02 rw rootfstype=ext4 rootwait 
[    0.000000] PID hash table entries: 4096 (order: 2, 16384 bytes)
[    0.000000] Dentry cache hash table entries: 131072 (order: 7, 524288 bytes)
[    0.000000] Inode-cache hash table entries: 65536 (order: 6, 262144 bytes)
[    0.000000] Memory: 953928K/1046528K available (9464K kernel code, 1080K rwdata, 4192K rodata, 2048K init, 341K bss, 27064K reserved, 65536K cma-reserved, 194560K highmem)
[    0.000000] Virtual kernel memory layout:
[    0.000000]     vector  : 0xffff0000 - 0xffff1000   (   4 kB)
[    0.000000]     fixmap  : 0xffc00000 - 0xfff00000   (3072 kB)
[    0.000000]     vmalloc : 0xf0800000 - 0xff800000   ( 240 MB)
[    0.000000]     lowmem  : 0xc0000000 - 0xf0000000   ( 768 MB)
[    0.000000]     pkmap   : 0xbfe00000 - 0xc0000000   (   2 MB)
[    0.000000]     modules : 0xbf000000 - 0xbfe00000   (  14 MB)
[    0.000000]       .text : 0xc0208000 - 0xc1056390   (14649 kB)
[    0.000000]       .init : 0xc1100000 - 0xc1300000   (2048 kB)
[    0.000000]       .data : 0xc1300000 - 0xc140e340   (1081 kB)
[    0.000000]        .bss : 0xc1410000 - 0xc14654d8   ( 342 kB)
[    0.000000] SLUB: HWalign=64, Order=0-3, MinObjects=0, CPUs=1, Nodes=1
[    0.000000] Hierarchical RCU implementation.
[    0.000000] 	Build-time adjustment of leaf fanout to 32.
[    0.000000] 	RCU restricting CPUs from NR_CPUS=16 to nr_cpu_ids=1.
[    0.000000] RCU: Adjusting geometry for rcu_fanout_leaf=32, nr_cpu_ids=1
[    0.000000] NR_IRQS:16 nr_irqs:16 16
[    0.000000] IRQ: Found an INTC at 0xfa200000 (revision 5.0) with 128 interrupts
[    0.000000] OMAP clockevent source: timer2 at 24000000 Hz
[    0.000014] sched_clock: 32 bits at 24MHz, resolution 41ns, wraps every 89478484971ns
[    0.000032] clocksource: timer1: mask: 0xffffffff max_cycles: 0xffffffff, max_idle_ns: 79635851949 ns
[    0.000042] OMAP clocksource: timer1 at 24000000 Hz
[    0.000227] Console: colour dummy device 80x30
[    0.000263] Calibrating delay loop... 997.78 BogoMIPS (lpj=2494464)
[    0.059273] pid_max: default: 32768 minimum: 301
[    0.059392] Mount-cache hash table entries: 2048 (order: 1, 8192 bytes)
[    0.059404] Mountpoint-cache hash table entries: 2048 (order: 1, 8192 bytes)
[    0.060122] CPU: Testing write buffer coherency: ok
[    0.060489] CPU0: thread -1, cpu 0, socket -1, mpidr 0
[    0.060595] Setting up static identity map for 0x80300000 - 0x80300098
[    0.063924] Brought up 1 CPUs
[    0.063946] SMP: Total of 1 processors activated (997.78 BogoMIPS).
[    0.063954] CPU: All CPU(s) started in SVC mode.
[    0.065440] devtmpfs: initialized
[    0.076039] VFP support v0.3: implementor 41 architecture 3 part 30 variant c rev 3
[    0.076941] clocksource: jiffies: mask: 0xffffffff max_cycles: 0xffffffff, max_idle_ns: 9556302231375000 ns
[    0.081453] pinctrl core: initialized pinctrl subsystem
[    0.083884] NET: Registered protocol family 16
[    0.086162] DMA: preallocated 256 KiB pool for atomic coherent allocations
[    0.102141] omap_hwmod: debugss: _wait_target_disable failed
[    0.158087] cpuidle: using governor menu
[    0.163883] OMAP GPIO hardware version 0.1
[    0.174529] omap-gpmc 50000000.gpmc: could not find pctldev for node /ocp/l4_wkup@44c00000/scm@210000/pinmux@800/nandflash_pins_s0, deferring probe
[    0.177723] No ATAGs?
[    0.177755] hw-breakpoint: debug architecture 0x4 unsupported.
[    0.178252] omap4_sram_init:Unable to allocate sram needed to handle errata I688
[    0.178264] omap4_sram_init:Unable to get sram pool needed to handle errata I688
[    0.182364] Serial: AMBA PL011 UART driver
[    0.202787] edma 49000000.edma: TI EDMA DMA engine driver
[    0.207443] vgaarb: loaded
[    0.208530] SCSI subsystem initialized
[    0.209174] usbcore: registered new interface driver usbfs
[    0.209320] usbcore: registered new interface driver hub
[    0.209389] usbcore: registered new device driver usb
[    0.210222] omap_i2c 44e0b000.i2c: could not find pctldev for node /ocp/l4_wkup@44c00000/scm@210000/pinmux@800/pinmux_i2c0_pins, deferring probe
[    0.210278] omap_i2c 4802a000.i2c: could not find pctldev for node /ocp/l4_wkup@44c00000/scm@210000/pinmux@800/pinmux_i2c1_pins, deferring probe
[    0.210970] pps_core: LinuxPPS API ver. 1 registered
[    0.210979] pps_core: Software ver. 5.3.6 - Copyright 2005-2007 Rodolfo Giometti <giometti@linux.it>
[    0.211015] PTP clock support registered
[    0.211214] EDAC MC: Ver: 3.0.0
[    0.214329] clocksource: Switched to clocksource timer1
[    0.224969] NET: Registered protocol family 2
[    0.225642] TCP established hash table entries: 8192 (order: 3, 32768 bytes)
[    0.225732] TCP bind hash table entries: 8192 (order: 4, 65536 bytes)
[    0.225842] TCP: Hash tables configured (established 8192 bind 8192)
[    0.225954] UDP hash table entries: 512 (order: 2, 16384 bytes)
[    0.225983] UDP-Lite hash table entries: 512 (order: 2, 16384 bytes)
[    0.226162] NET: Registered protocol family 1
[    0.226601] RPC: Registered named UNIX socket transport module.
[    0.226616] RPC: Registered udp transport module.
[    0.226623] RPC: Registered tcp transport module.
[    0.226628] RPC: Registered tcp NFSv4.1 backchannel transport module.
[    0.227704] hw perfevents: enabled with armv7_cortex_a8 PMU driver, 5 counters available
[    0.229943] futex hash table entries: 256 (order: 2, 16384 bytes)
[    0.230982] workingset: timestamp_bits=28 max_order=18 bucket_order=0
[    0.242313] squashfs: version 4.0 (2009/01/31) Phillip Lougher
[    0.243498] NFS: Registering the id_resolver key type
[    0.243570] Key type id_resolver registered
[    0.243578] Key type id_legacy registered
[    0.243641] ntfs: driver 2.1.32 [Flags: R/O].
[    0.245393] bounce: pool size: 64 pages
[    0.245655] Block layer SCSI generic (bsg) driver version 0.4 loaded (major 248)
[    0.245675] io scheduler noop registered
[    0.245686] io scheduler deadline registered
[    0.245725] io scheduler cfq registered (default)
[    0.250056] pinctrl-single 44e10800.pinmux: 142 pins at pa f9e10800 size 568
[    0.257875] backlight supply power not found, using dummy regulator
[    0.319893] Serial: 8250/16550 driver, 4 ports, IRQ sharing disabled
[    0.323039] SuperH (H)SCI(F) driver initialized
[    0.323910] msm_serial: driver initialized
[    0.324344] omap_uart 44e09000.serial: no wakeirq for uart0
[    0.324522] 44e09000.serial: ttyO0 at MMIO 0x44e09000 (irq = 158, base_baud = 3000000) is a OMAP UART0
[    1.011685] console [ttyO0] enabled
[    1.015897] omap_uart 48022000.serial: no wakeirq for uart1
[    1.021912] 48022000.serial: ttyO1 at MMIO 0x48022000 (irq = 159, base_baud = 3000000) is a OMAP UART1
[    1.032150] STMicroelectronics ASC driver initialized
[    1.039195] [drm] Initialized drm 1.1.0 20060810
[    1.059933] brd: module loaded
[    1.069768] loop: module loaded
[    1.081139] libphy: Fixed MDIO Bus: probed
[    1.086361] CAN device driver interface
[    1.092077] igb: Intel(R) Gigabit Ethernet Network Driver - version 5.3.0-k
[    1.099423] igb: Copyright (c) 2007-2014 Intel Corporation.
[    1.159354] davinci_mdio 4a101000.mdio: davinci mdio revision 1.6
[    1.165801] davinci_mdio 4a101000.mdio: detected phy mask fffffffe
[    1.173338] libphy: 4a101000.mdio: probed
[    1.177641] davinci_mdio 4a101000.mdio: phy[0]: device 4a101000.mdio:00, driver Atheros 8031 ethernet
[    1.189385] cpsw 4a100000.ethernet: Detected MACID = c8:a0:30:a0:62:be
[    1.197851] pegasus: v0.9.3 (2013/04/25), Pegasus/Pegasus II USB Ethernet driver
[    1.205814] usbcore: registered new interface driver pegasus
[    1.211875] usbcore: registered new interface driver asix
[    1.217623] usbcore: registered new interface driver ax88179_178a
[    1.224088] usbcore: registered new interface driver cdc_ether
[    1.230292] usbcore: registered new interface driver smsc75xx
[    1.236404] usbcore: registered new interface driver smsc95xx
[    1.242499] usbcore: registered new interface driver net1080
[    1.248499] usbcore: registered new interface driver cdc_subset
[    1.254780] usbcore: registered new interface driver zaurus
[    1.260744] usbcore: registered new interface driver cdc_ncm
[    1.268498] ehci_hcd: USB 2.0 'Enhanced' Host Controller (EHCI) Driver
[    1.275426] ehci-pci: EHCI PCI platform driver
[    1.280172] ehci-platform: EHCI generic platform driver
[    1.285909] ehci-omap: OMAP-EHCI Host Controller driver
[    1.291581] ehci-orion: EHCI orion driver
[    1.295956] SPEAr-ehci: EHCI SPEAr driver
[    1.300328] ehci-st: EHCI STMicroelectronics driver
[    1.305603] ehci-exynos: EHCI EXYNOS driver
[    1.310156] ehci-atmel: EHCI Atmel driver
[    1.314523] tegra-ehci: Tegra EHCI driver
[    1.318873] ohci_hcd: USB 1.1 'Open' Host Controller (OHCI) Driver
[    1.325430] ohci-pci: OHCI PCI platform driver
[    1.330192] ohci-platform: OHCI generic platform driver
[    1.335879] ohci-omap3: OHCI OMAP3 driver
[    1.340259] SPEAr-ohci: OHCI SPEAr driver
[    1.344626] ohci-st: OHCI STMicroelectronics driver
[    1.349900] ohci-atmel: OHCI Atmel driver
[    1.354822] usbcore: registered new interface driver usb-storage
[    1.362866] mousedev: PS/2 mouse device common for all mice
[    1.372492] i2c /dev entries driver
[    1.385608] sdhci: Secure Digital Host Controller Interface driver
[    1.392160] sdhci: Copyright(c) Pierre Ossman
[    1.397929] omap_hsmmc 48060000.mmc: Got CD GPIO
[    1.505397] Synopsys Designware Multimedia Card Interface Driver
[    1.512845] sdhci-pltfm: SDHCI platform and OF driver helper
[    1.520914] ledtrig-cpu: registered to indicate activity on CPUs
[    1.527698] usbcore: registered new interface driver usbhid
[    1.533587] usbhid: USB HID core driver
[    1.543113] NET: Registered protocol family 10
[    1.549328] sit: IPv6 over IPv4 tunneling driver
[    1.555030] NET: Registered protocol family 17
[    1.559758] can: controller area network core (rev 20120528 abi 9)
[    1.566345] NET: Registered protocol family 29
[    1.571033] can: raw protocol (rev 20120528)
[    1.575529] can: broadcast manager protocol (rev 20120528 t)
[    1.581494] can: netlink gateway (rev 20130117) max_hops=1
[    1.587955] Key type dns_resolver registered
[    1.592776] omap_voltage_late_init: Voltage driver support not added
[    1.600699] ThumbEE CPU extension supported.
[    1.605296] Registering SWP/SWPB emulation handler
[    1.616015] omap-gpmc 50000000.gpmc: omap_device: omap_device_enable() called from invalid state 1
[    1.625521] omap-gpmc 50000000.gpmc: use pm_runtime_put_sync_suspend() in driver?
[    1.633396] omap-gpmc 50000000.gpmc: GPMC revision 6.0
[    1.638806] gpmc_mem_init: disabling cs 0 mapped at 0x0-0x1000000
[    1.646335] omap_hsmmc 47810000.mmc: card claims to support voltages below defined range
[    1.666839] mmc0: new SDIO card at address 0001
[    1.674481] tps65910 0-002d: No interrupt support, no core IRQ
[    1.705088] tps65910-rtc tps65910-rtc: IRQ is not free.
[    1.710655] tps65910-rtc: probe of tps65910-rtc failed with error -22
[    1.718408] omap_i2c 44e0b000.i2c: bus 0 rev0.11 at 400 kHz
[    1.726836] omap_i2c 4802a000.i2c: bus 1 rev0.11 at 100 kHz
[    1.733758] backlight supply power not found, using dummy regulator
[    1.743755] omap_hsmmc 48060000.mmc: Got CD GPIO
[    1.749159] vmmc: supplied by vbat
[    1.780442] vdd_mpu: supplied by vbat
[    1.785186] cpufreq: cpufreq_online: CPU0: Running at unlisted freq: 1000000 KHz
[    1.793067] cpu cpu0: dev_pm_opp_set_rate: failed to find current OPP for freq 1000000000 (-34)
[    1.802642] cpufreq: cpufreq_online: CPU0: Unlisted initial frequency changed to: 720000 KHz
[    1.812958] backlight supply power not found, using dummy regulator
[    1.824187] input: volume_keys@0 as /devices/platform/volume_keys@0/input/input0
[    1.834881] hctosys: unable to open rtc device (rtc0)
[    1.846109] net eth0: initializing cpsw version 1.12 (0)
[    1.855167] backlight supply power not found, using dummy regulator
[    1.915221] Atheros 8031 ethernet 4a101000.mdio:00: attached PHY driver [Atheros 8031 ethernet] (mii_bus:phy_addr=4a101000.mdio:00, irq=-1)
[    1.928534] libphy: PHY 4a101000.mdio:01 not found
[    1.933596] net eth0: phy "4a101000.mdio:01" not found on slave 1, err -19
[    1.946421] IPv6: ADDRCONF(NETDEV_UP): eth0: link is not ready
[    1.961955] mmc1: host does not support reading read-only switch, assuming write-enable
[    1.974158] mmc1: new high speed SDHC card at address e624
[    1.980829] mmcblk1: mmc1:e624 SD04G 3.69 GiB 
[    1.990186]  mmcblk1: p1 p2 p3
[    1.996064] backlight supply power not found, using dummy regulator
[    5.915294] cpsw 4a100000.ethernet eth0: Link is Up - 1Gbps/Full - flow control rx/tx
[    5.923843] IPv6: ADDRCONF(NETDEV_CHANGE): eth0: link becomes ready
[    5.935831] Sending DHCP requests ., OK
[    5.949888] IP-Config: Got DHCP answer from 192.168.0.1, my address is 192.168.0.162
[    5.958548] IP-Config: Complete:
[    5.962074]      device=eth0, hwaddr=c8:a0:30:a0:62:be, ipaddr=192.168.0.162, mask=255.255.255.0, gw=192.168.0.1
[    5.972890]      host=192.168.0.162, domain=ti.com, nis-domain=(none)
[    5.979757]      bootserver=0.0.0.0, rootserver=0.0.0.0, rootpath=     nameserver0=192.0.2.2, nameserver1=192.0.2.3
[    5.991223] lis3_reg: disabling
[    5.994623] wlan-en-regulator: disabling
[    6.029520] EXT4-fs (mmcblk1p2): mounted filesystem with ordered data mode. Opts: (null)
[    6.038259] VFS: Mounted root (ext4 filesystem) on device 179:2.
[    6.054146] devtmpfs: mounted
[    6.063171] Freeing unused kernel memory: 2048K (c1100000 - c1300000)
INIT: version 2.88 booting
Error opening /dev/fb0: No such file or directory
Starting udev
udev: Not using udev cache because of changes detected in the following files:
udev:     /proc/version /proc/cmdline /proc/devices
udev:     lib/udev/rules.d/* etc/udev/rules.d/*
udev: The udev cache will be regenerated. To identify the detected changes,
udev: compare the cached sysconf at   /etc/udev/cache.data
udev: against the current sysconf at  /dev/shm/udev.cache
[    6.861205] udevd[106]: starting version 182
[   11.387896] EXT4-fs (mmcblk1p3): warning: mounting unchecked fs, running e2fsck is recommended
[   11.414743] FAT-fs (mmcblk1p1): Volume was not properly unmounted. Some data may be corrupt. Please run fsck.
[   11.444829] EXT4-fs (mmcblk1p3): mounted filesystem without journal. Opts: (null)
depmod: ERROR: could not open directory /lib/modules/4.6.0-rc7-00002-g5dcfc6c8b829: No such file or directory
depmod: WARNING: -e needs -E or -F
depmod: ERROR: could not open directory /lib/modules/4.6.0-rc7-00002-g5dcfc6c8b829: No such file or directory
depmod: FATAL: could not search modules: No such file or directory
[   12.738361] EXT4-fs (mmcblk1p2): re-mounted. Opts: data=ordered
Starting random number generator daemonUnable to open file: /dev/tpm0
can't open any entropy source
Maybe RNG device modules are not loaded
[   12.934817] random: dd urandom read with 67 bits of entropy available
Populating dev cache
ALSA: Restoring mixer settings...
/usr/sbin/alsactl: load_state:1729: No soundcards found...
hwclock: can't open '/dev/misc/rtc': No such file or directory
Tue Jan 19 13:32:31 UTC 2016
hwclock: can't open '/dev/misc/rtc': No such file or directory
INIT: Entering runlevel: 5
Configuring network interfaces... udhcpc (v1.23.1) started
Sending discover...
Sending select for 192.168.0.245...
Lease of 192.168.0.245 obtained, lease time 600
/etc/udhcpc.d/50default: Adding DNS 192.0.2.2
/etc/udhcpc.d/50default: Adding DNS 192.0.2.3
done.
Starting system message bus: dbus.
UIM SYSFS Node Not Found
Initializing the graphics driver ...
PVR:(Error): OpenServices: Cannot open device driver /dev/omapdrm_pvr. [140, /pvr_bridge_u.c]
PVR:(Error): PVRSRVInitSrvConnect: PVRSRVConnect failed [2572, /bridged_pvr_glue.c]
PVR:(Error): SrvInit: PVRSRVInitSrvConnect failed (4) [37, /srvinit.c]
PVR:(Error): main: SrvInit failed (4) [49, /pvrsrvinit.c]
Starting Dropbear SSH server: dropbear.
Starting telnet daemon.
Starting rpcbind daemon...done.
starting statd: done
hwclock: can't open '/dev/misc/rtc': No such file or directory
Starting syslogd/klogd: done
Starting thttpd.
Starting Lighttpd Web Server: lighttpd.
2016-01-19 13:32:35: (/home/jenkins/tisdk-build-fido/build-CORTEX_1/arago-tmp-external-linaro-toolchain/work/cortexa8hf-vfp-neon-linux-gnueabi/lighttpd/1.4.35-r1/lighttpd-1.4.35/src/log.c.164) server started 
Starting Matrix GUI application.
Enabling thermal zones...
/etc/rc5.d/S98thermal-zone-init: line 7: /sys/class/thermal/thermal_zone*/mode: No such file or directory
[   20.299130] random: nonblocking pool is initialized
***************************************************************
***************************************************************
NOTICE: This file system contains the following GPLv3 packages:
	autoconf
	binutils
	cpp-symlinks
	cpp
	g++-symlinks
	g++
	gcc-symlinks
	gcc
	gdbserver
	gstreamer1.0-libav
	libgmp10
	libmpc3
	libmpfr4
	make
If you do not wish to distribute GPLv3 components please remove
the above packages prior to distribution.  This can be done using
the opkg remove command.  i.e.:
    opkg remove <package>
Where <package> is the name printed in the list above
NOTE: If the package is a dependency of another package you
      will be notified of the dependent packages.  You should
      use the --force-removal-of-dependent-packages option to
      also remove the dependent packages as well
***************************************************************
***************************************************************
 _____                    _____           _         _   
|  _  |___ ___ ___ ___   |  _  |___ ___  |_|___ ___| |_ 
|     |  _| .'| . | . |  |   __|  _| . | | | -_|  _|  _|
|__|__|_| |__,|_  |___|  |__|  |_| |___|_| |___|___|_|  
              |___|                    |___|            
Arago Project http://arago-project.org am335x-evm /dev/ttyO0
Arago 2015.09 am335x-evm /dev/ttyO0
am335x-evm login: 
- 02:26:02 [INFO] Host: root
- 02:26:02 [INFO] Target: 
root
root@am335x-evm:~# 
- 02:26:02 [INFO] Disconnected serial from am335x-evm
- 02:26:02 [INFO] Connected to am335x-evm via serial 
- 02:26:02 [INFO] Host: uname -a
- 02:26:02 [INFO] Target: 
Linux am335x-evm 4.6.0-rc7-00002-g5dcfc6c8b829 #1 SMP Mon May 9 01:22:48 CDT 2016 armv7l GNU/Linux
root@am335x-evm:~# 
- 02:26:02 [INFO] Host: cat /proc/cmdline
- 02:26:02 [INFO] Target: 
cat /proc/cmdline
console=ttyO0,115200n8 earlyprintk=serial,ttyO0,115200n8 rootwait   ip=:::::eth0:dhcp  root=PARTUUID=00000000-02 rw rootfstype=ext4 rootwait 
root@am335x-evm:~# 
- 02:26:02 [INFO] Host: uname -a
- 02:26:02 [INFO] Target: 
uname -a
Linux am335x-evm 4.6.0-rc7-00002-g5dcfc6c8b829 #1 SMP Mon May 9 01:22:48 CDT 2016 armv7l GNU/Linux
root@am335x-evm:~# 
- 02:26:02 [INFO] Host: cat /proc/mtd
- 02:26:03 [INFO] Target: 
cat /proc/mtd
dev:    size   erasesize  name
root@am335x-evm:~# 
- 02:26:03 [INFO] Host: export IPERFHOST=192.168.0.1
- 02:26:03 [INFO] Target: 
export IPERFHOST=192.168.0.1
root@am335x-evm:~# 
- 02:26:03 [INFO] Host: export NFS_SERVER=192.168.0.1
- 02:26:03 [INFO] Target: 
export NFS_SERVER=192.168.0.1
root@am335x-evm:~# 
- 02:26:03 [INFO] Host: export NFS_ROOT_PATH=/home/tigtfarm08/NFS_exports/linux/am335x-evm
- 02:26:03 [INFO] Target: 
export NFS_ROOT_PATH=/home/tigtfarm08/NFS_exports/linux/am335 
x-evm
root@am335x-evm:~# 
- 02:26:03 [INFO] Host: export AP_SSID=
- 02:26:03 [INFO] Target: 
export AP_SSID=
root@am335x-evm:~# 
- 02:26:03 [INFO] Host: mkdir -p -m 777 /test
- 02:26:03 [INFO] Target: 
mkdir -p -m 777 /test
root@am335x-evm:~# 
- 02:26:03 [INFO] Host: cd /test
- 02:26:03 [INFO] Target: 
cd /test
root@am335x-evm:/test# 
- 02:26:03 [INFO] Host: cat > test.sh << EOF
- 02:26:04 [INFO] Target: 
cat > test.sh << EOF
- 02:26:04 [INFO] Host: failtest() {
- 02:26:04 [INFO] Target: 
failtest() {
- 02:26:04 [INFO] Host:   echo 1 >&3
- 02:26:04 [INFO] Target: 
  echo 1 >&3
- 02:26:04 [INFO] Host: }
- 02:26:04 [INFO] Target: 
- 02:26:04 [INFO] Host: timeout=600
- 02:26:04 [INFO] Target: 
timeout=600
- 02:26:04 [INFO] Host: 
- 02:26:04 [INFO] Target: 
- 02:26:04 [INFO] Host: # Start of user's script logic
- 02:26:04 [INFO] Target: 
# Start of user's script logic
- 02:26:04 [INFO] Host: mount -t proc proc /proc 2>/dev/null;
- 02:26:04 [INFO] Target: 
mount -t proc proc /proc 2>/dev/null;
- 02:26:04 [INFO] Host: 
- 02:26:04 [INFO] Target: 
- 02:26:04 [INFO] Host: mount -t sysfs sys /sys 2>/dev/null;
- 02:26:04 [INFO] Target: 
mount -t sysfs sys /sys 2>/dev/null;
- 02:26:04 [INFO] Host: 
- 02:26:05 [INFO] Target: 
- 02:26:05 [INFO] Host: mount -t debugfs none /sys/kernel/debug 2>/dev/null;
- 02:26:05 [INFO] Target: 
mount -t debugfs none /sys/kernel/debug 2>/dev/null;
- 02:26:05 [INFO] Host: 
- 02:26:05 [INFO] Target: 
- 02:26:05 [INFO] Host: echo 'cpuinfo:';cat /proc/cpuinfo; echo '=======';
- 02:26:05 [INFO] Target: 
echo 'cpuinfo:';cat /proc/cpuinfo; echo '=======';
- 02:26:05 [INFO] Host: 
- 02:26:05 [INFO] Target: 
- 02:26:05 [INFO] Host: echo 'soc info:';head /sys/devices/soc0/* 2>/dev/null; echo '=======';
- 02:26:05 [INFO] Target: 
echo 'soc info:';head /sys/devices/soc0/* 2>/dev/null; echo '=======';
- 02:26:05 [INFO] Host: 
- 02:26:05 [INFO] Target: 
- 02:26:05 [INFO] Host: echo 'DT Model info'; head /proc/device-tree/name /proc/device-tree/model /proc/device-tree/compatible 2>/dev/null;echo; echo '=======';
- 02:26:05 [INFO] Target: 
echo 'DT Model info'; head /proc/device-tree/name /proc/device-tree/model /pro 
c/device-tree/compatible 2>/dev/null;echo; echo '=======';
- 02:26:05 [INFO] Host: 
- 02:26:05 [INFO] Target: 
- 02:26:05 [INFO] Host: echo 'interrupts:';cat /proc/interrupts; echo '=======';
- 02:26:05 [INFO] Target: 
echo 'interrupts:';cat /proc/interrupts; echo '=======';
- 02:26:05 [INFO] Host: 
- 02:26:06 [INFO] Target: 
- 02:26:06 [INFO] Host: echo 'Clk_summary:';cat /sys/kernel/debug/clk/clk_summary; echo '=======';
- 02:26:06 [INFO] Target: 
echo 'Clk_summary:';cat /sys/kernel/debug/clk/clk_summary; echo '=======';
- 02:26:06 [INFO] Host: 
- 02:26:06 [INFO] Target: 
- 02:26:06 [INFO] Host: echo "Available frequencies"; cat /sys/devices/system/cpu/cpu0/cpufreq/scaling_available_frequencies 2>/dev/null;echo '=======';
- 02:26:06 [INFO] Target: 
echo "Available frequencies"; cat /sys/devices/system/cpu/cpu0/cpufreq/scaling 
_available_frequencies 2>/dev/null;echo '=======';
- 02:26:06 [INFO] Host: 
- 02:26:06 [INFO] Target: 
- 02:26:06 [INFO] Host: TMPF=/tmp/a.\$\$; TMPF2=/tmp/b.\$\$; STR=""
- 02:26:06 [INFO] Target: 
TMPF=/tmp/a.\$\$; TMPF2=/tmp/b.\$\$; STR=""
- 02:26:06 [INFO] Host: 
- 02:26:06 [INFO] Target: 
- 02:26:06 [INFO] Host: cp /dev/kmsg \$TMPF &
- 02:26:06 [INFO] Target: 
cp /dev/kmsg \$TMPF &
- 02:26:06 [INFO] Host: 
- 02:26:06 [INFO] Target: 
- 02:26:06 [INFO] Host: PID=\$! ; sleep 5; kill -9 \$PID
- 02:26:06 [INFO] Target: 
PID=\$! ; sleep 5; kill -9 \$PID
- 02:26:06 [INFO] Host: 
- 02:26:07 [INFO] Target: 
- 02:26:07 [INFO] Host: 
- 02:26:07 [INFO] Target: 
- 02:26:07 [INFO] Host: 
- 02:26:07 [INFO] Target: 
- 02:26:07 [INFO] Host: cat \$TMPF|grep "^0">\$TMPF2; N=\`cat \$TMPF2|wc -l\`; if [ "\$N" -ne 0 ]; then STR="\$STR emerg=\$N";echo "===== EMERGE++";cat \$TMPF2|cut -d ';' -f2;echo "====="; fi
- 02:26:07 [INFO] Target: 
cat \$TMPF|grep "^0">\$TMPF2; N=\`cat \$TMPF2|wc -l\`; if [ "\$N" -ne 0 ]; the 
n STR="\$STR emerg=\$N";echo "===== EMERGE++";cat \$TMPF2|cut -d ';' -f2;echo "= 
===="; fi
- 02:26:07 [INFO] Host: 
- 02:26:07 [INFO] Target: 
- 02:26:07 [INFO] Host: cat \$TMPF|grep "^1">\$TMPF2; N=\`cat \$TMPF2|wc -l\`; if [ "\$N" -ne 0 ]; then STR="\$STR alert=\$N";echo "===== ALERT ==";cat \$TMPF2|cut -d ';' -f2;echo "====="; fi
- 02:26:07 [INFO] Target: 
cat \$TMPF|grep "^1">\$TMPF2; N=\`cat \$TMPF2|wc -l\`; if [ "\$N" -ne 0 ]; the 
n STR="\$STR alert=\$N";echo "===== ALERT ==";cat \$TMPF2|cut -d ';' -f2;echo "= 
===="; fi
- 02:26:07 [INFO] Host: 
- 02:26:07 [INFO] Target: 
- 02:26:07 [INFO] Host: cat \$TMPF|grep "^2">\$TMPF2; N=\`cat \$TMPF2|wc -l\`; if [ "\$N" -ne 0 ]; then STR="\$STR crit=\$N";echo "===== CRIT ==";cat \$TMPF2|cut -d ';' -f2;echo "====="; fi
- 02:26:07 [INFO] Target: 
cat \$TMPF|grep "^2">\$TMPF2; N=\`cat \$TMPF2|wc -l\`; if [ "\$N" -ne 0 ]; the 
n STR="\$STR crit=\$N";echo "===== CRIT ==";cat \$TMPF2|cut -d ';' -f2;echo "=== 
=="; fi
- 02:26:07 [INFO] Host: 
- 02:26:07 [INFO] Target: 
- 02:26:07 [INFO] Host: cat \$TMPF|grep "^3">\$TMPF2; N=\`cat \$TMPF2|wc -l\`; if [ "\$N" -ne 0 ]; then STR="\$STR err=\$N";echo "===== ERR ==";cat \$TMPF2|cut -d ';' -f2;echo "=====" ;fi
- 02:26:07 [INFO] Target: 
cat \$TMPF|grep "^3">\$TMPF2; N=\`cat \$TMPF2|wc -l\`; if [ "\$N" -ne 0 ]; the 
n STR="\$STR err=\$N";echo "===== ERR ==";cat \$TMPF2|cut -d ';' -f2;echo "===== 
" ;fi
- 02:26:07 [INFO] Host: 
- 02:26:08 [INFO] Target: 
- 02:26:08 [INFO] Host: cat \$TMPF|grep "^4">\$TMPF2; N=\`cat \$TMPF2|wc -l\`; if [ "\$N" -ne 0 ]; then STR="\$STR warn=\$N";echo "===== WARN ==";cat \$TMPF2|cut -d ';' -f2;echo "=====" ;fi
- 02:26:08 [INFO] Target: 
cat \$TMPF|grep "^4">\$TMPF2; N=\`cat \$TMPF2|wc -l\`; if [ "\$N" -ne 0 ]; the 
n STR="\$STR warn=\$N";echo "===== WARN ==";cat \$TMPF2|cut -d ';' -f2;echo "=== 
==" ;fi
- 02:26:08 [INFO] Host: 
- 02:26:08 [INFO] Target: 
- 02:26:08 [INFO] Host: rm \$TMPF \$TMPF2; echo "SUM""MARY RESULT: BOOT:" 'PASS: H''ello World' 'B''oard' "Booted" "Boot Log has::::\$STR:"
- 02:26:08 [INFO] Target: 
rm \$TMPF \$TMPF2; echo "SUM""MARY RESULT: BOOT:" 'PASS: H''ello World' 'B''oa 
rd' "Booted" "Boot Log has::::\$STR:"
- 02:26:08 [INFO] Host: 
- 02:26:08 [INFO] Target: 
- 02:26:08 [INFO] Host: EOF
- 02:26:08 [INFO] Target: 
root@am335x-evm:/test# 
- 02:26:08 [INFO] Host: cd /test
- 02:26:08 [INFO] Target: 
cd /test
root@am335x-evm:/test# 
- 02:26:08 [INFO] Host: chmod +x test.sh
- 02:26:08 [INFO] Target: 
chmod +x test.sh
root@am335x-evm:/test# 
- 02:26:08 [INFO] Host: ./test.sh 2> stderr.log > stdout.log 3> result.log
- 02:26:14 [INFO] Target: 
./test.sh 2> stderr.log > stdout.log 3> result.log
root@am335x-evm:/test# 
- 02:26:14 [INFO] Host: echo $?
- 02:26:14 [INFO] Target: 
echo $?
root@am335x-evm:/test# 
- 02:26:14 [INFO] Host: cd /test
- 02:26:14 [INFO] Target: 
cd /test
root@am335x-evm:/test# 
- 02:26:14 [INFO] Host: cat stdout.log
- 02:26:15 [INFO] Target: 
cat stdout.log
cpuinfo:
processor	: 0
model name	: ARMv7 Processor rev 2 (v7l)
BogoMIPS	: 274.39
Features	: half thumb fastmult vfp edsp thumbee neon vfpv3 tls vfpd32 
CPU implementer	: 0x41
CPU architecture: 7
CPU variant	: 0x3
CPU part	: 0xc08
CPU revision	: 2
Hardware	: Generic AM33XX (Flattened Device Tree)
Revision	: 0000
Serial		: 0000000000000000
=======
soc info:
==> /sys/devices/soc0/family <==
AM33xx
==> /sys/devices/soc0/machine <==
AM335X
==> /sys/devices/soc0/power <==
==> /sys/devices/soc0/revision <==
ES2.1
==> /sys/devices/soc0/subsystem <==
==> /sys/devices/soc0/type <==
==> /sys/devices/soc0/uevent <==
=======
DT Model info
==> /proc/device-tree/name <==
==> /proc/device-tree/model <==
TI AM335x EVM
==> /proc/device-tree/compatible <==
ti,am335x-evmti,am33xx
=======
interrupts:
           CPU0       
 16:       4067      INTC  68 Level     gp_timer
 20:       2180      INTC  12 Level     49000000.edma_ccint
 22:         17      INTC  14 Level     49000000.edma_ccerrint
 26:          0      INTC  96 Level     44e07000.gpio
 29:          0  44e07000.gpio   2 Edge      volume-up
 30:          0  44e07000.gpio   3 Edge      volume-down
 33:          0  44e07000.gpio   6 Edge      48060000.mmc cd
 59:          0      INTC  98 Level     4804c000.gpio
 92:          0      INTC  32 Level     481ac000.gpio
125:          0      INTC  62 Level     481ae000.gpio
158:       6765      INTC  72 Level     OMAP UART0
160:        307      INTC  70 Level     44e0b000.i2c
161:          0      INTC  71 Level     4802a000.i2c
162:       6426      INTC  64 Level     mmc1
163:        144      INTC  29 Level     mmc0
174:         22      INTC  41 Level     4a100000.ethernet
175:         14      INTC  42 Level     4a100000.ethernet
180:          0      INTC 100 Level     gpmc
IPI0:          0  CPU wakeup interrupts
IPI1:          0  Timer broadcast interrupts
IPI2:          0  Rescheduling interrupts
IPI3:          0  Function call interrupts
IPI4:          0  CPU stop interrupts
IPI5:          0  IRQ work interrupts
IPI6:          0  completion interrupts
Err:          0
=======
Clk_summary:
   clock                         enable_cnt  prepare_cnt        rate   accuracy   phase
----------------------------------------------------------------------------------------
 tclkin_ck                                0            0    12000000          0 0  
 virt_26000000_ck                         0            0    26000000          0 0  
 virt_25000000_ck                         0            0    25000000          0 0  
 virt_24000000_ck                         1            1    24000000          0 0  
    sys_clkin_ck                          9           23    24000000          0 0  
       timer6_fck                         0            1    24000000          0 0  
       timer3_fck                         0            1    24000000          0 0  
       dbg_sysclk_ck                      0            1    24000000          0 0  
       timer7_fck                         0            1    24000000          0 0  
       timer5_fck                         0            1    24000000          0 0  
       timer4_fck                         0            1    24000000          0 0  
       timer2_fck                         1            1    24000000          0 0  
       timer1_fck                         1            1    24000000          0 0  
       cefuse_fck                         0            0    24000000          0 0  
       dpll_per_ck                        1            2   960000000          0 0  
          usbotg_fck                      0            1   960000000          0 0  
          dpll_per_m2_ck                  3            4   192000000          0 0  
             mmc_clk                      0            3    96000000          0 0  
             clk_24mhz                    1            1    24000000          0 0  
                clkdiv32k_ck              1            1       32786          0 0  
                   clkdiv32k_ick           1            5       32786          0 0  
                      wdt1_fck            0            1       32786          0 0  
                      gpio3_dbclk           0            2       32786          0 0  
                      gpio2_dbclk           0            2       32786          0 0  
                      gpio1_dbclk           0            2       32786          0 0  
             dpll_per_m2_div4_ck           1            9    48000000          0 0  
             dpll_per_m2_div4_wkupdm_ck           1            2    48000000          0 0  
       dpll_disp_ck                       0            1    24000000          0 0  
          dpll_disp_m2_ck                 0            1    24000000          0 0  
             lcd_gclk                     0            1    24000000          0 0  
       dpll_ddr_ck                        1            1   303000000          0 0  
          dpll_ddr_m2_ck                  2            2   303000000          0 0  
             dpll_ddr_m2_div2_ck           1            1   151500000          0 0  
       dpll_mpu_ck                        1            1   275000000          0 0  
          dpll_mpu_m2_ck                  4            4   275000000          0 0  
       dpll_core_ck                       1            1  1000000000          0 0  
          dpll_core_x2_ck                 2            2  2000000000          0 0  
             dpll_core_m6_ck              0            0   500000000          0 0  
             dpll_core_m5_ck              1            1   250000000          0 0  
                cpsw_cpts_rft_clk           0            0   250000000          0 0  
                cpsw_125mhz_gclk           3            3   125000000          0 0  
             dpll_core_m4_ck              9           11   200000000          0 0  
                dbg_clka_ck               0            2   200000000          0 0  
                   trace_pmd_clk_mux_ck           0            1   200000000          0 0  
                      trace_clk_div_ck           0            1    50000000          0 0  
                   stm_pmd_clock_mux_ck           0            0   200000000          0 0  
                      stm_clk_div_ck           0            0    50000000          0 0  
                gfx_fclk_clksel_ck           0            1   200000000          0 0  
                   gfx_fck_div_ck           0            1   200000000          0 0  
                sysclk_div_ck             0            0   200000000          0 0  
                l4hs_gclk                 2            2   200000000          0 0  
                l4_rtc_gclk               0            0   100000000          0 0  
                dpll_core_m4_div2_ck          16           17   100000000          0 0  
                   l4ls_gclk             42           59   100000000          0 0  
                      ehrpwm2_tbclk           0            0   100000000          0 0  
                      ehrpwm1_tbclk           0            0   100000000          0 0  
                      ehrpwm0_tbclk           0            0   100000000          0 0  
                   l4fw_gclk              1            1   100000000          0 0  
                   l3s_gclk               9           10   100000000          0 0  
                   ieee5000_fck           0            0   100000000          0 0  
                mmu_fck                   0            0   200000000          0 0  
                l3_gclk                  13           15   200000000          0 0  
                   pruss_ocp_gclk           0            1   200000000          0 0  
       rng_fck                            1            2    24000000          0 0  
       aes0_fck                           1            2    24000000          0 0  
       sha0_fck                           1            1    24000000          0 0  
       smartreflex1_fck                   0            1    24000000          0 0  
       smartreflex0_fck                   0            1    24000000          0 0  
       mcasp1_fck                         0            1    24000000          0 0  
       mcasp0_fck                         0            1    24000000          0 0  
       dcan1_fck                          0            1    24000000          0 0  
       dcan0_fck                          0            1    24000000          0 0  
       adc_tsc_fck                        0            1    24000000          0 0  
 virt_19200000_ck                         0            0    19200000          0 0  
 clk_rc32k_ck                             1            1       32000          0 0  
    gpio0_dbclk_mux_ck                    1            1       32000          0 0  
       gpio0_dbclk                        1            2       32000          0 0  
 clk_32768_ck                             1            2       32768          0 0  
    sysclkout_pre_ck                      1            1       32768          0 0  
       clkout2_div_ck                     1            1       32768          0 0  
          clkout2_ck                      1            1       32768          0 0  
=======
Available frequencies
275000 500000 600000 720000 
=======
===== ERR ==
omap_voltage_late_init: Voltage driver support not added
omap-gpmc 50000000.gpmc: use pm_runtime_put_sync_suspend() in driver?
tps65910-rtc tps65910-rtc: IRQ is not free.
cpu cpu0: dev_pm_opp_set_rate: failed to find current OPP for freq 1000000000 (-34)
libphy: PHY 4a101000.mdio:01 not found
net eth0: phy "4a101000.mdio:01" not found on slave 1, err -19
udevd[106]: starting version 182
=====
===== WARN ==
omap_hwmod: debugss: _wait_target_disable failed
omap4_sram_init:Unable to allocate sram needed to handle errata I688
omap4_sram_init:Unable to get sram pool needed to handle errata I688
workingset: timestamp_bits=28 max_order=18 bucket_order=0
backlight supply power not found, using dummy regulator
omap-gpmc 50000000.gpmc: omap_device: omap_device_enable() called from invalid state 1
gpmc_mem_init: disabling cs 0 mapped at 0x0-0x1000000
omap_hsmmc 47810000.mmc: card claims to support voltages below defined range
tps65910 0-002d: No interrupt support, no core IRQ
tps65910-rtc: probe of tps65910-rtc failed with error -22
backlight supply power not found, using dummy regulator
cpufreq: cpufreq_online: CPU0: Running at unlisted freq: 1000000 KHz
cpufreq: cpufreq_online: CPU0: Unlisted initial frequency changed to: 720000 KHz
backlight supply power not found, using dummy regulator
backlight supply power not found, using dummy regulator
mmc1: host does not support reading read-only switch, assuming write-enable
backlight supply power not found, using dummy regulator
EXT4-fs (mmcblk1p3): warning: mounting unchecked fs, running e2fsck is recommended
FAT-fs (mmcblk1p1): Volume was not properly unmounted. Some data may be corrupt. Please run fsck.
=====
SUMMARY RESULT: BOOT: PASS: Hello World Board Booted Boot Log has:::: err=7 warn=19:
root@am335x-evm:/test# 
- 02:26:15 [INFO] Host: cat stderr.log
- 02:26:15 [INFO] Target: 
cat stderr.log
./test.sh: line 33:   759 Killed                  cp /dev/kmsg $TMPF
root@am335x-evm:/test# 
- 02:26:15 [INFO] Host: cat result.log
- 02:26:17 [ERROR] On command: cat result.log waiting for cat result.log.+?(?m-ix:^1[\0\n\r]+) >>> error: execution expired
- 02:26:17 [INFO] Target: 
cat result.log
root@am335x-evm:/test# 
- 02:26:17 [INFO] Host: cd /test
- 02:26:17 [INFO] Target: 
cd /test
root@am335x-evm:/test# 
URL:gtsystest.telogy.design.ti.com/vatf/tigtfarm08/tigtfarm08_vatf@am335x-evm/tigtfarm0805_09_2016_02_25_10/files/session_iteration_1/test_1
