- 07:07:32 [INFO] Starting target session
- 07:07:33 [INFO] Connected to am3517-evm via serial 
- 07:07:33 [INFO] Host: #check prompt
- 07:07:36 [ERROR] On command: #check prompt waiting for #check prompt.+?(?-mix:((?-mix:login:)|[Pp]assword)) >>> error: execution expired
- 07:07:36 [INFO] Target: 
#check prompt
root@am3517-evm:/test# 
- 07:07:36 [INFO] Host: #check prompt
- 07:07:36 [INFO] Target: 
#check prompt
root@am3517-evm:/test# 
- 07:07:36 [INFO] Host: sync;poweroff
- 07:07:49 [INFO] Target: 
sync;poweroff
Broadcast message from root (ttyO2) (Sun Apr  1 08:15:19 2012):
The system is going down for system halt NOW!
INIT: Switching to runlevel: 0
root@am3517-evm:/test# 
INIT: Sending processes the TERM sigStopping Dropbear SSH server: stopped /usr/sbin/dropbear (pid 1306)
dropbear.
Stopping telnet daemon.
Stopping Hardware abstraction layer hald
Stopping system message bus: stopped process in pidfile '/var/run/dbus/pid' (pid 1268)
dbus.
Stopping thttpdError opening /dev/fb0: No such file or directory
ALSA: Storing mixer settings...
/usr/sbin/alsactl: save_state:1519: No soundcards found...
Deconfiguring network interfaces... [ 1254.694222] davinci_mdio davinci_mdio.0: resetting idled controller
done.
Stopping Lighttpd Web Server: stopped /usr/sbin/lighttpd (pid 1340)
lighttpd.
Stopping syslogd/klogd: stopped syslogd (pid 1318)
stopped klogd (pid 1320)
done
Stopping Matrix GUI applicationstart-stop-daemon: warning: killing process 0: No such process
***************************************************************
***************************************************************
NOTICE: This file system contains the followin GPLv3 packages:
	binutils-dev
	binutils-symlinks
	binutils
	gdbserver
If you do not wish to distribute GPLv3 components please remove
the above packages prior to distribution.  This can be done using
the opkg remove command.  i.e.:
    opkg remove <package>
Where <package> is the name printed in the list above
NOTE: If the package is a dependency of another package you
      will be notified of the dependent packages.  You should
      use the --force-removal-of-dependent-packages option to
      also remove the dependent packages as well
***************************************************************
***************************************************************
Sending all processes the TERM signal...
Sending all processes the KILL signal...
hwclock: can't open '/dev/misc/rtc': No such file or directory
Unmounting remote filesystems...
Deactivating swap...
Unmounting local filesystems...
[ 1264.429025] reboot: System halted
- 07:07:49 [INFO] Disconnected serial from am3517-evm
- 07:08:11 [INFO] Connected to am3517-evm via serial 
- 07:08:11 [INFO] Host: 
- 07:08:12 [ERROR] On command:  waiting for (?-mix:AM3517_EVM\s*#) >>> error: execution expired
- 07:08:12 [INFO] Target: 
- 07:08:12 [INFO] Host: 
- 07:08:12 [ERROR] On command:  waiting for (?-mix:AM3517_EVM\s*#) >>> error: execution expired
- 07:08:12 [INFO] Target: 
HUI**SH11.09-00000-g9cf431d (Jun 25 2013 - 15:14:11)
Texas Instruments Revision detection unimplemented
OMAP SD/MMC: 0
reading u-boot.img
reading u-boot.img
- 07:08:12 [INFO] Host: 
- 07:08:13 [ERROR] On command:  waiting for (?-mix:AM3517_EVM\s*#) >>> error: execution expired
- 07:08:13 [INFO] Target: 
U-Boot 2011.09-00000-g9cf431d (Jun 25 2013 - 15:14:11)
AM35XX-GP ES2.0, CPU-OPP2, L3-165MHz, Max CPU Clock 600 Mhz
AM3517EVM Board + LPDDR/NAND
I2C:   ready
DRAM:  256 MiB
WARNING: Caches not enabled
NAND:  HW ECC [Kernel/FS layout] selected
512 MiB
MMC:   OMAP SD/MMC: 0
- 07:08:13 [INFO] Host: 
- 07:08:13 [ERROR] On command:  waiting for (?-mix:AM3517_EVM\s*#) >>> error: execution expired
- 07:08:13 [INFO] Target: 
- 07:08:13 [INFO] Host: 
- 07:08:14 [INFO] Target: 
In:    serial
Out:   serial
Err:   serial
Die ID #5f5c00010000000001685a201600f025
Net:   Ethernet PHY: GENERIC @ 0x00
DaVinci-EMAC
Hit any key to stop autoboot:  3  0 
AM3517_EVM # 
AM3517_EVM # 
AM3517_EVM # 
- 07:08:14 [INFO] Host: 
- 07:08:14 [INFO] Target: 
AM3517_EVM # 
- 07:08:14 [INFO] Host: version
- 07:08:14 [INFO] Target: 
version
U-Boot 2011.09-00000-g9cf431d (Jun 25 2013 - 15:14:11)
arm-linux-gnueabihf-gcc (crosstool-NG linaro-1.13.1-4.7-2013.03-20130313 - Linaro GCC 2013.03) 4.7.3 20130226 (prerelease)
GNU ld (crosstool-NG linaro-1.13.1-4.7-2013.03-20130313 - Linaro GCC 2013.03) 2.23.1
AM3517_EVM # 
- 07:08:14 [INFO] Host: setenv bootargs 'console=ttyO2,115200n8 debug ignore_loglevel earlyprintk root=/dev/mmcblk0p2 rootwait nohlt '
- 07:08:14 [INFO] Target: 
setenv bootargs 'console=ttyO2,115200n8 debug ignore_loglevel earlyprintk root=/dev/mmcblk0p2 rootwait nohlt '
AM3517_EVM # 
- 07:08:14 [INFO] Host: setenv bootcmd  ''
- 07:08:14 [INFO] Target: 
setenv bootcmd  ''
AM3517_EVM # 
- 07:08:14 [INFO] Host: setenv autoload 'no'
- 07:08:14 [INFO] Target: 
setenv autoload 'no'
AM3517_EVM # 
- 07:08:14 [INFO] Host: setenv serverip '10.218.102.142'
- 07:08:14 [INFO] Target: 
setenv serverip '10.218.102.142'
AM3517_EVM # 
- 07:08:14 [INFO] Host: printenv
- 07:08:14 [INFO] Target: 
printenv
autoload=no
baudrate=115200
bootargs=console=ttyO2,115200n8 debug ignore_loglevel earlyprintk root=/dev/mmcblk0p2 rootwait nohlt 
bootargs_defaults=setenv bootargs console=${console} ${optargs}
bootcmd=
bootdelay=3
bootenv=uEnv.txt
bootfile=tigt-0001-desktop/2012-09-19t22-05-12-184/am3517-evm/70132be54a7f7fcf07b00ec4a126f0b2
bootscript=echo Running bootscript from mmc ...; source ${loadaddr}
console=ttyO2,115200n8
dieid#=5f5c00010000000001685a201600f025
ethact=DaVinci-EMAC
ethaddr=40:98:4e:74:71:9d
importbootenv=echo Importing environment from mmc ...; env import -t $loadaddr $filesize
kloadaddr=0x80007fc0
loadaddr=0x82000000
loadbootenv=fatload mmc ${mmc_dev} ${loadaddr} ${bootenv}
loadbootscript=fatload mmc ${mmcdev} ${loadaddr} boot.scr
loaduimage=fatload mmc ${mmcdev} ${kloadaddr} uImage
mmc_load_uimage=mmc rescan; fatload mmc 0 ${loadaddr} uImage
mmcargs=run bootargs_defaults; setenv bootargs ${bootargs} root=/dev/mmcblk0p2 rw rootfstype=ext3 rootwait
mmcboot=echo Booting from mmc ...; run mmcargs; bootm ${kloadaddr}; 
mmcdev=0
nandargs=run bootargs_defaults; setenv bootargs ${bootargs} root=/dev/mtdblock4 rw rootfstype=jffs2
nandboot=echo Booting from nand ...; run nandargs; nand read ${kloadaddr} 280000 400000; bootm ${kloadaddr}; 
nfs_root_path=10.218.102.142:/home/tigt-0001/NFS_exports/am3517/autofs/ae0d8e03f9b2bf510b0c654ac60741c7
ramdisk_addr=0x8A080000
serverip=10.218.102.142
stderr=serial
stdin=serial
stdout=serial
Environment size: 1515/131068 bytes
AM3517_EVM # 
- 07:08:14 [INFO] Host: printenv
- 07:08:14 [INFO] Target: 
printenv
autoload=no
baudrate=115200
bootargs=console=ttyO2,115200n8 debug ignore_loglevel earlyprintk root=/dev/mmcblk0p2 rootwait nohlt 
bootargs_defaults=setenv bootargs console=${console} ${optargs}
bootcmd=
bootdelay=3
bootenv=uEnv.txt
bootfile=tigt-0001-desktop/2012-09-19t22-05-12-184/am3517-evm/70132be54a7f7fcf07b00ec4a126f0b2
bootscript=echo Running bootscript from mmc ...; source ${loadaddr}
console=ttyO2,115200n8
dieid#=5f5c00010000000001685a201600f025
ethact=DaVinci-EMAC
ethaddr=40:98:4e:74:71:9d
importbootenv=echo Importing environment from mmc ...; env import -t $loadaddr $filesize
kloadaddr=0x80007fc0
loadaddr=0x82000000
loadbootenv=fatload mmc ${mmc_dev} ${loadaddr} ${bootenv}
loadbootscript=fatload mmc ${mmcdev} ${loadaddr} boot.scr
loaduimage=fatload mmc ${mmcdev} ${kloadaddr} uImage
mmc_load_uimage=mmc rescan; fatload mmc 0 ${loadaddr} uImage
mmcargs=run bootargs_defaults; setenv bootargs ${bootargs} root=/dev/mmcblk0p2 rw rootfstype=ext3 rootwait
mmcboot=echo Booting from mmc ...; run mmcargs; bootm ${kloadaddr}; 
mmcdev=0
nandargs=run bootargs_defaults; setenv bootargs ${bootargs} root=/dev/mtdblock4 rw rootfstype=jffs2
nandboot=echo Booting from nand ...; run nandargs; nand read ${kloadaddr} 280000 400000; bootm ${kloadaddr}; 
nfs_root_path=10.218.102.142:/home/tigt-0001/NFS_exports/am3517/autofs/ae0d8e03f9b2bf510b0c654ac60741c7
ramdisk_addr=0x8A080000
serverip=10.218.102.142
stderr=serial
stdin=serial
stdout=serial
Environment size: 1515/131068 bytes
AM3517_EVM # 
- 07:08:14 [INFO] Host: setenv bootargs ''${bootargs}' ip=dhcp '
- 07:08:14 [INFO] Target: 
setenv bootargs ''${bootargs}' ip=dhcp '
AM3517_EVM # 
- 07:08:14 [INFO] Host: setenv serverip '10.218.102.142'
- 07:08:14 [INFO] Target: 
setenv serverip '10.218.102.142'
AM3517_EVM # 
- 07:08:14 [INFO] Host: setenv ipaddr dhcp
- 07:08:14 [INFO] Target: 
setenv ipaddr dhcp
AM3517_EVM # 
- 07:08:14 [INFO] Host: setenv autoload 'no'
- 07:08:15 [INFO] Target: 
setenv autoload 'no'
AM3517_EVM # 
- 07:08:15 [INFO] Host: dhcp
- 07:08:16 [INFO] Target: 
dhcp
BOOTP broadcast 1
DHCP client bound to address 10.218.102.219
AM3517_EVM # 
- 07:08:16 [INFO] Host: setenv serverip '10.218.102.142'
- 07:08:16 [INFO] Target: 
setenv serverip '10.218.102.142'
AM3517_EVM # 
- 07:08:16 [INFO] Host: tftp ${loadaddr} 10.218.102.142:vatf_am3517-evm/7cd23b51c6045f911efa5c22d7896b52
- 07:08:24 [INFO] Target: 
tftp ${loadaddr} 10.218.102.142:vatf_am3517-evm/7cd23b51c6045f911efa5c22d7896b52
Using DaVinci-EMAC device
TFTP from server 10.218.102.142; our IP address is 10.218.102.219
Filename 'vatf_am3517-evm/7cd23b51c6045f911efa5c22d7896b52'.
Load address: 0x82000000
Loading: *#################################################################
	 #################################################################
	 #################################################################
	 #################################################################
	 #################################################################
	 #################################################################
	 #################################################################
	 #################################################################
	 #################################################################
	 #################################################################
	 #################################################################
	 #################################################################
	 #################################################################
	 #################################################################
	 #################################################################
	 #################################################################
	 #################################################################
	 #################################################################
	 ######################################################
done
Bytes transferred = 6263440 (5f9290 hex)
AM3517_EVM # 
- 07:08:24 [INFO] Host: ls mmc 0:1
- 07:08:24 [INFO] Target: 
ls mmc 0:1
ls - list files in a directory (default /)
Usage:
ls [ directory ]
AM3517_EVM # 
- 07:08:24 [INFO] Host: ls mmc 0:2
- 07:08:24 [INFO] Target: 
ls mmc 0:2
ls - list files in a directory (default /)
Usage:
ls [ directory ]
AM3517_EVM # 
- 07:08:24 [INFO] Host: ls mmc 0:3
- 07:08:24 [INFO] Target: 
ls mmc 0:3
ls - list files in a directory (default /)
Usage:
ls [ directory ]
AM3517_EVM # 
- 07:08:24 [INFO] Host: ls mmc 0:4
- 07:08:24 [INFO] Target: 
ls mmc 0:4
ls - list files in a directory (default /)
Usage:
ls [ directory ]
AM3517_EVM # 
- 07:08:24 [INFO] Host: ls mmc 0:5
- 07:08:25 [INFO] Target: 
ls mmc 0:5
ls - list files in a directory (default /)
Usage:
ls [ directory ]
AM3517_EVM # 
- 07:08:25 [INFO] Host: part uuid mmc 0:
- 07:08:25 [INFO] Target: 
part uuid mmc 0:
Unknown command 'part' - try 'help'
AM3517_EVM # 
- 07:08:25 [INFO] Host: printenv
- 07:08:25 [INFO] Target: 
printenv
autoload=no
baudrate=115200
bootargs=console=ttyO2,115200n8 debug ignore_loglevel earlyprintk root=/dev/mmcblk0p2 rootwait nohlt ip=dhcp
bootargs_defaults=setenv bootargs console=${console} ${optargs}
bootcmd=
bootdelay=3
bootenv=uEnv.txt
bootfile=tigt-0001-desktop/2012-09-19t22-05-12-184/am3517-evm/70132be54a7f7fcf07b00ec4a126f0b2
bootscript=echo Running bootscript from mmc ...; source ${loadaddr}
console=ttyO2,115200n8
dieid#=5f5c00010000000001685a201600f025
dnsip=192.0.2.2
dnsip2=192.0.2.3
ethact=DaVinci-EMAC
ethaddr=40:98:4e:74:71:9d
fileaddr=82000000
filesize=5F9290
importbootenv=echo Importing environment from mmc ...; env import -t $loadaddr $filesize
ipaddr=10.218.102.219
kloadaddr=0x80007fc0
loadaddr=0x82000000
loadbootenv=fatload mmc ${mmc_dev} ${loadaddr} ${bootenv}
loadbootscript=fatload mmc ${mmcdev} ${loadaddr} boot.scr
loaduimage=fatload mmc ${mmcdev} ${kloadaddr} uImage
mmc_load_uimage=mmc rescan; fatload mmc 0 ${loadaddr} uImage
mmcargs=run bootargs_defaults; setenv bootargs ${bootargs} root=/dev/mmcblk0p2 rw rootfstype=ext3 rootwait
mmcboot=echo Booting from mmc ...; run mmcargs; bootm ${kloadaddr}; 
mmcdev=0
nandargs=run bootargs_defaults; setenv bootargs ${bootargs} root=/dev/mtdblock4 rw rootfstype=jffs2
nandboot=echo Booting from nand ...; run nandargs; nand read ${kloadaddr} 280000 400000; bootm ${kloadaddr}; 
netmask=255.255.255.0
nfs_root_path=10.218.102.142:/home/tigt-0001/NFS_exports/am3517/autofs/ae0d8e03f9b2bf510b0c654ac60741c7
ramdisk_addr=0x8A080000
serverip=10.218.102.142
stderr=serial
stdin=serial
stdout=serial
Environment size: 1645/131068 bytes
AM3517_EVM # 
- 07:08:25 [INFO] Host: setenv bootargs ''${bootargs}' root=/dev/mmcblk0p2 rw rootfstype=ext3 rootwait '
- 07:08:25 [INFO] Target: 
setenv bootargs ''${bootargs}' root=/dev/mmcblk0p2 rw rootfstype=ext3 rootwait '
AM3517_EVM # 
- 07:08:25 [INFO] Host: printenv
- 07:08:25 [INFO] Target: 
printenv
autoload=no
baudrate=115200
bootargs=console=ttyO2,115200n8 debug ignore_loglevel earlyprintk root=/dev/mmcblk0p2 rootwait nohlt ip=dhcp root=/dev/mmcblk0p2 rw rootfstype=ext3 rootwait
bootargs_defaults=setenv bootargs console=${console} ${optargs}
bootcmd=
bootdelay=3
bootenv=uEnv.txt
bootfile=tigt-0001-desktop/2012-09-19t22-05-12-184/am3517-evm/70132be54a7f7fcf07b00ec4a126f0b2
bootscript=echo Running bootscript from mmc ...; source ${loadaddr}
console=ttyO2,115200n8
dieid#=5f5c00010000000001685a201600f025
dnsip=192.0.2.2
dnsip2=192.0.2.3
ethact=DaVinci-EMAC
ethaddr=40:98:4e:74:71:9d
fileaddr=82000000
filesize=5F9290
importbootenv=echo Importing environment from mmc ...; env import -t $loadaddr $filesize
ipaddr=10.218.102.219
kloadaddr=0x80007fc0
loadaddr=0x82000000
loadbootenv=fatload mmc ${mmc_dev} ${loadaddr} ${bootenv}
loadbootscript=fatload mmc ${mmcdev} ${loadaddr} boot.scr
loaduimage=fatload mmc ${mmcdev} ${kloadaddr} uImage
mmc_load_uimage=mmc rescan; fatload mmc 0 ${loadaddr} uImage
mmcargs=run bootargs_defaults; setenv bootargs ${bootargs} root=/dev/mmcblk0p2 rw rootfstype=ext3 rootwait
mmcboot=echo Booting from mmc ...; run mmcargs; bootm ${kloadaddr}; 
mmcdev=0
nandargs=run bootargs_defaults; setenv bootargs ${bootargs} root=/dev/mtdblock4 rw rootfstype=jffs2
nandboot=echo Booting from nand ...; run nandargs; nand read ${kloadaddr} 280000 400000; bootm ${kloadaddr}; 
netmask=255.255.255.0
nfs_root_path=10.218.102.142:/home/tigt-0001/NFS_exports/am3517/autofs/ae0d8e03f9b2bf510b0c654ac60741c7
ramdisk_addr=0x8A080000
serverip=10.218.102.142
stderr=serial
stdin=serial
stdout=serial
Environment size: 1693/131068 bytes
AM3517_EVM # 
- 07:08:25 [INFO] Host: setenv bootcmd ''${bootcmd}' if iminfo ${loadaddr}; then bootm ${loadaddr}  ; else bootz ${loadaddr}  ; bootm ${loadaddr}  ; fi'
- 07:08:25 [INFO] Target: 
setenv bootcmd ''${bootcmd}' if iminfo ${loadaddr}; then bootm ${loadaddr}  ; else bootz ${loadaddr}  ; bootm ${loadaddr}  ; fi'
AM3517_EVM # 
- 07:08:25 [INFO] Host: bdinfo
- 07:08:25 [INFO] Target: 
bdinfo
arch_number = 0x00000898
boot_params = 0x80000100
DRAM bank   = 0x00000000
-> start    = 0x80000000
-> size     = 0x10000000
DRAM bank   = 0x00000001
-> start    = 0x80000000
-> size     = 0x00000000
ethaddr     = 40:98:4e:74:71:9d
ip_addr     = 10.218.102.219
baudrate    = 115200 bps
TLB addr    = 0x8FFF0000
relocaddr   = 0x8FF71000
reloc off   = 0x0FE71000
irq_sp      = 0x8FF30F68
sp start    = 0x8FF30F58
FB base     = 0x00000000
AM3517_EVM # 
- 07:08:25 [INFO] Host: mmc rescan
- 07:08:25 [INFO] Target: 
mmc rescan
AM3517_EVM # 
- 07:08:25 [INFO] Host: fatwrite mmc ${mmcdev}:1 ${loadaddr} ws-calibrate.rules 4
- 07:08:26 [INFO] Target: 
fatwrite mmc ${mmcdev}:1 ${loadaddr} ws-calibrate.rules 4
Unknown command 'fatwrite' - try 'help'
AM3517_EVM # 
- 07:08:26 [INFO] Host: boot
- 07:09:08 [INFO] Target: 
boot
Unknown command 'iminfo' - try 'help'
Unknown command 'bootz' - try 'help'
## Booting kernel from Legacy Image at 82000000 ...
   Image Name:   Linux-4.0.0-next-20150422-00002-
   Image Type:   ARM Linux Kernel Image (uncompressed)
   Data Size:    6263376 Bytes = 6 MiB
   Load Address: 80800000
   Entry Point:  80800000
   Verifying Checksum ... OK
   Loading Kernel Image ... OK
Starting kernel ...
[    0.000000] Booting Linux on physical CPU 0x0
[    0.000000] Linux version 4.0.0-next-20150422-00002-gc58e82d69839 (nmenon@kahuna) (gcc version 4.6.3 (Ubuntu/Linaro 4.6.3-1ubuntu5) ) #1 SMP Wed Apr 22 05:56:05 CDT 2015
[    0.000000] CPU: ARMv7 Processor [411fc087] revision 7 (ARMv7), cr=10c5387d
[    0.000000] CPU: PIPT / VIPT nonaliasing data cache, VIPT nonaliasing instruction cache
[    0.000000] Machine model: TI AM3517 EVM (AM3517/05 TMDSEVM3517)
[    0.000000] earlycon: no match for ttyO2,115200n8
[    0.000000] debug: ignoring loglevel setting.
[    0.000000] cma: Reserved 64 MiB at 0x8b800000
[    0.000000] Memory policy: Data cache writeback
[    0.000000] On node 0 totalpages: 65280
[    0.000000] free_area_init_node: node 0, pgdat c0f2b540, node_mem_map cfcd9000
[    0.000000]   DMA zone: 512 pages used for memmap
[    0.000000]   DMA zone: 0 pages reserved
[    0.000000]   DMA zone: 65280 pages, LIFO batch:15
[    0.000000] CPU: All CPU(s) started in SVC mode.
[    0.000000] AM3517 ES1.1 (l2cache sgx neon )
[    0.000000] PERCPU: Embedded 12 pages/cpu @cfc93000 s17024 r8192 d23936 u49152
[    0.000000] pcpu-alloc: s17024 r8192 d23936 u49152 alloc=12*4096
[    0.000000] pcpu-alloc: [0] 0 
[    0.000000] Built 1 zonelists in Zone order, mobility grouping on.  Total pages: 64768
[    0.000000] Kernel command line: console=ttyO2,115200n8 debug ignore_loglevel earlyprintk root=/dev/mmcblk0p2 rootwait nohlt ip=dhcp root=/dev/mmcblk0p2 rw rootfstype=ext3 rootwait
[    0.000000] PID hash table entries: 1024 (order: 0, 4096 bytes)
[    0.000000] Dentry cache hash table entries: 32768 (order: 5, 131072 bytes)
[    0.000000] Inode-cache hash table entries: 16384 (order: 4, 65536 bytes)
[    0.000000] Memory: 179052K/261120K available (8034K kernel code, 1021K rwdata, 3580K rodata, 820K init, 317K bss, 16532K reserved, 65536K cma-reserved, 0K highmem)
[    0.000000] Virtual kernel memory layout:
[    0.000000]     vector  : 0xffff0000 - 0xffff1000   (   4 kB)
[    0.000000]     fixmap  : 0xffc00000 - 0xfff00000   (3072 kB)
[    0.000000]     vmalloc : 0xd0800000 - 0xff000000   ( 744 MB)
[    0.000000]     lowmem  : 0xc0000000 - 0xd0000000   ( 256 MB)
[    0.000000]     pkmap   : 0xbfe00000 - 0xc0000000   (   2 MB)
[    0.000000]     modules : 0xbf000000 - 0xbfe00000   (  14 MB)
[    0.000000]       .text : 0xc0208000 - 0xc0d60a48   (11619 kB)
[    0.000000]       .init : 0xc0d61000 - 0xc0e2e000   ( 820 kB)
[    0.000000]       .data : 0xc0e2e000 - 0xc0f2d500   (1022 kB)
[    0.000000]        .bss : 0xc0f30000 - 0xc0f7f6a0   ( 318 kB)
[    0.000000] SLUB: HWalign=64, Order=0-3, MinObjects=0, CPUs=1, Nodes=1
[    0.000000] Hierarchical RCU implementation.
[    0.000000] 	Additional per-CPU info printed with stalls.
[    0.000000] 	RCU restricting CPUs from NR_CPUS=16 to nr_cpu_ids=1.
[    0.000000] RCU: Adjusting geometry for rcu_fanout_leaf=16, nr_cpu_ids=1
[    0.000000] NR_IRQS:16 nr_irqs:16 16
[    0.000000] IRQ: Found an INTC at 0xfa200000 (revision 4.0) with 96 interrupts
[    0.000000] Clocking rate (Crystal/Core/MPU): 26.0/332/600 MHz
[    0.000000] OMAP clockevent source: timer2 at 13000000 Hz
[    0.000027] sched_clock: 32 bits at 13MHz, resolution 76ns, wraps every 165191050201ns
[    0.000059] clocksource timer1: mask: 0xffffffff max_cycles: 0xffffffff, max_idle_ns: 147020034397 ns
[    0.000077] OMAP clocksource: timer1 at 13000000 Hz
[    0.000370] Console: colour dummy device 80x30
[    0.000419] Calibrating delay loop... 597.19 BogoMIPS (lpj=1492992)
[    0.072609] pid_max: default: 32768 minimum: 301
[    0.072828] Mount-cache hash table entries: 1024 (order: 0, 4096 bytes)
[    0.072848] Mountpoint-cache hash table entries: 1024 (order: 0, 4096 bytes)
[    0.074054] CPU: Testing write buffer coherency: ok
[    0.074566] CPU0: thread -1, cpu 0, socket -1, mpidr 0
[    0.074725] Setting up static identity map for 0x80209000 - 0x80209098
[    0.080055] Brought up 1 CPUs
[    0.080086] SMP: Total of 1 processors activated (597.19 BogoMIPS).
[    0.080100] CPU: All CPU(s) started in SVC mode.
[    0.081128] devtmpfs: initialized
[    0.086899] VFP support v0.3: implementor 41 architecture 3 part 30 variant c rev 1
[    0.105204] omap_hwmod: mcbsp2_sidetone using broken dt data from mcbsp
[    0.105744] omap_hwmod: mcbsp3_sidetone using broken dt data from mcbsp
[    0.162117] clocksource jiffies: mask: 0xffffffff max_cycles: 0xffffffff, max_idle_ns: 9556302231375000 ns
[    0.167905] pinctrl core: initialized pinctrl subsystem
[    0.204498] NET: Registered protocol family 16
[    0.208984] DMA: preallocated 256 KiB pool for atomic coherent allocations
[    0.212881] cpuidle: using governor ladder
[    0.212916] cpuidle: using governor menu
[    0.219789] Reprogramming SDRC clock to 332000000 Hz
[    0.222079] In-band Error seen by MPU  at address 0
[    0.222101] ------------[ cut here ]------------
[    0.222148] WARNING: CPU: 0 PID: 1 at drivers/bus/omap_l3_smx.c:166 omap3_l3_app_irq+0x100/0x120()
[    0.222162] Modules linked in:
[    0.222193] CPU: 0 PID: 1 Comm: swapper/0 Not tainted 4.0.0-next-20150422-00002-gc58e82d69839 #1
[    0.222207] Hardware name: Generic AM3517 (Flattened Device Tree)
[    0.222276] [<c021789c>] (unwind_backtrace) from [<c0213270>] (show_stack+0x10/0x14)
[    0.222321] [<c0213270>] (show_stack) from [<c099514c>] (dump_stack+0x70/0x8c)
[    0.222367] [<c099514c>] (dump_stack) from [<c024e194>] (warn_slowpath_common+0x74/0xac)
[    0.222396] [<c024e194>] (warn_slowpath_common) from [<c024e1e8>] (warn_slowpath_null+0x1c/0x24)
[    0.222424] [<c024e1e8>] (warn_slowpath_null) from [<c04a01b0>] (omap3_l3_app_irq+0x100/0x120)
[    0.222456] [<c04a01b0>] (omap3_l3_app_irq) from [<c0287a58>] (handle_irq_event_percpu+0x50/0x150)
[    0.222482] [<c0287a58>] (handle_irq_event_percpu) from [<c0287b9c>] (handle_irq_event+0x44/0x64)
[    0.222509] [<c0287b9c>] (handle_irq_event) from [<c028a8e0>] (handle_level_irq+0x98/0x12c)
[    0.222533] [<c028a8e0>] (handle_level_irq) from [<c028738c>] (generic_handle_irq+0x20/0x30)
[    0.222554] [<c028738c>] (generic_handle_irq) from [<c0287488>] (__handle_domain_irq+0x54/0xac)
[    0.222577] [<c0287488>] (__handle_domain_irq) from [<c020a65c>] (omap_intc_handle_irq+0xb4/0xc4)
[    0.222600] [<c020a65c>] (omap_intc_handle_irq) from [<c0213d80>] (__irq_svc+0x40/0x54)
[    0.222615] Exception stack(0xcb05dd10 to 0xcb05dd58)
[    0.222634] dd00:                                     cb005420 60000153 00000001 00000006
[    0.222654] dd20: cb0053c0 cb11f780 cb005420 00000000 0000001a cb0053f8 60000153 00000000
[    0.222673] dd40: cb0053c0 cb05dd58 c0289204 c0999e90 60000153 ffffffff
[    0.222703] [<c0213d80>] (__irq_svc) from [<c0999e90>] (_raw_spin_unlock_irqrestore+0x1c/0x20)
[    0.222729] [<c0999e90>] (_raw_spin_unlock_irqrestore) from [<c0289204>] (__setup_irq+0x2e8/0x4d8)
[    0.222752] [<c0289204>] (__setup_irq) from [<c02894c0>] (request_threaded_irq+0xcc/0x148)
[    0.222778] [<c02894c0>] (request_threaded_irq) from [<c04a0044>] (omap3_l3_probe+0xf0/0x15c)
[    0.222817] [<c04a0044>] (omap3_l3_probe) from [<c06072a4>] (platform_drv_probe+0x48/0x98)
[    0.222846] [<c06072a4>] (platform_drv_probe) from [<c0605ed0>] (driver_probe_device+0x1b4/0x26c)
[    0.222872] [<c0605ed0>] (driver_probe_device) from [<c0604744>] (bus_for_each_drv+0x5c/0x88)
[    0.222896] [<c0604744>] (bus_for_each_drv) from [<c0605ce8>] (device_attach+0x70/0x88)
[    0.222919] [<c0605ce8>] (device_attach) from [<c0605424>] (bus_probe_device+0x84/0xa8)
[    0.222942] [<c0605424>] (bus_probe_device) from [<c0603948>] (device_add+0x324/0x51c)
[    0.222975] [<c0603948>] (device_add) from [<c084c3a8>] (of_platform_device_create_pdata+0x7c/0xb4)
[    0.223002] [<c084c3a8>] (of_platform_device_create_pdata) from [<c084c4ac>] (of_platform_bus_create+0xcc/0x2ec)
[    0.223026] [<c084c4ac>] (of_platform_bus_create) from [<c084c72c>] (of_platform_populate+0x60/0xa8)
[    0.223057] [<c084c72c>] (of_platform_populate) from [<c0d828ec>] (pdata_quirks_init+0x34/0x44)
[    0.223085] [<c0d828ec>] (pdata_quirks_init) from [<c0d82684>] (omap_generic_init+0x10/0x1c)
[    0.223115] [<c0d82684>] (omap_generic_init) from [<c0d63828>] (customize_machine+0x20/0x44)
[    0.223141] [<c0d63828>] (customize_machine) from [<c020aa64>] (do_one_initcall+0x80/0x1d0)
[    0.223166] [<c020aa64>] (do_one_initcall) from [<c0d61d4c>] (kernel_init_freeable+0x10c/0x1d8)
[    0.223193] [<c0d61d4c>] (kernel_init_freeable) from [<c099058c>] (kernel_init+0x8/0xe4)
[    0.223218] [<c099058c>] (kernel_init) from [<c0210560>] (ret_from_fork+0x14/0x34)
[    0.223278] ---[ end trace b9f59563b7d7df9d ]---
[    0.223381] Address Hole seen by USB_OTG  at address dc0f9d0c
[    0.223394] ------------[ cut here ]------------
[    0.223420] WARNING: CPU: 0 PID: 1 at drivers/bus/omap_l3_smx.c:166 omap3_l3_app_irq+0x100/0x120()
[    0.223432] Modules linked in:
[    0.223453] CPU: 0 PID: 1 Comm: swapper/0 Tainted: G        W       4.0.0-next-20150422-00002-gc58e82d69839 #1
[    0.223466] Hardware name: Generic AM3517 (Flattened Device Tree)
[    0.223500] [<c021789c>] (unwind_backtrace) from [<c0213270>] (show_stack+0x10/0x14)
[    0.223528] [<c0213270>] (show_stack) from [<c099514c>] (dump_stack+0x70/0x8c)
[    0.223556] [<c099514c>] (dump_stack) from [<c024e194>] (warn_slowpath_common+0x74/0xac)
[    0.223582] [<c024e194>] (warn_slowpath_common) from [<c024e1e8>] (warn_slowpath_null+0x1c/0x24)
[    0.223609] [<c024e1e8>] (warn_slowpath_null) from [<c04a01b0>] (omap3_l3_app_irq+0x100/0x120)
[    0.223635] [<c04a01b0>] (omap3_l3_app_irq) from [<c0287a58>] (handle_irq_event_percpu+0x50/0x150)
[    0.223657] [<c0287a58>] (handle_irq_event_percpu) from [<c0287b9c>] (handle_irq_event+0x44/0x64)
[    0.223681] [<c0287b9c>] (handle_irq_event) from [<c028a8e0>] (handle_level_irq+0x98/0x12c)
[    0.223704] [<c028a8e0>] (handle_level_irq) from [<c028738c>] (generic_handle_irq+0x20/0x30)
[    0.223725] [<c028738c>] (generic_handle_irq) from [<c0287488>] (__handle_domain_irq+0x54/0xac)
[    0.223748] [<c0287488>] (__handle_domain_irq) from [<c020a65c>] (omap_intc_handle_irq+0xb4/0xc4)
[    0.223769] [<c020a65c>] (omap_intc_handle_irq) from [<c0213d80>] (__irq_svc+0x40/0x54)
[    0.223782] Exception stack(0xcb05dc50 to 0xcb05dc98)
[    0.223800] dc40:                                     00200040 0000000a 00000000 00000000
[    0.223820] dc60: 00000002 00000000 00000000 c0e30080 c0e28308 cb0053f8 c0f338c0 c0e30080
[    0.223839] dc80: 76d81884 cb05dc98 c025105c c02510c8 20000153 ffffffff
[    0.223865] [<c0213d80>] (__irq_svc) from [<c02510c8>] (__do_softirq+0x80/0x238)
[    0.223887] [<c02510c8>] (__do_softirq) from [<c0251518>] (irq_exit+0xa8/0x114)
[    0.223908] [<c0251518>] (irq_exit) from [<c028748c>] (__handle_domain_irq+0x58/0xac)
[    0.223930] [<c028748c>] (__handle_domain_irq) from [<c020a65c>] (omap_intc_handle_irq+0xb4/0xc4)
[    0.223951] [<c020a65c>] (omap_intc_handle_irq) from [<c0213d80>] (__irq_svc+0x40/0x54)
[    0.223964] Exception stack(0xcb05dd10 to 0xcb05dd58)
[    0.223981] dd00:                                     cb005420 60000153 00000001 00000006
[    0.224001] dd20: cb0053c0 cb11f780 cb005420 00000000 0000001a cb0053f8 60000153 00000000
[    0.224019] dd40: cb0053c0 cb05dd58 c0289204 c0999e90 60000153 ffffffff
[    0.224043] [<c0213d80>] (__irq_svc) from [<c0999e90>] (_raw_spin_unlock_irqrestore+0x1c/0x20)
[    0.224067] [<c0999e90>] (_raw_spin_unlock_irqrestore) from [<c0289204>] (__setup_irq+0x2e8/0x4d8)
[    0.224090] [<c0289204>] (__setup_irq) from [<c02894c0>] (request_threaded_irq+0xcc/0x148)
[    0.224114] [<c02894c0>] (request_threaded_irq) from [<c04a0044>] (omap3_l3_probe+0xf0/0x15c)
[    0.224143] [<c04a0044>] (omap3_l3_probe) from [<c06072a4>] (platform_drv_probe+0x48/0x98)
[    0.224169] [<c06072a4>] (platform_drv_probe) from [<c0605ed0>] (driver_probe_device+0x1b4/0x26c)
[    0.224192] [<c0605ed0>] (driver_probe_device) from [<c0604744>] (bus_for_each_drv+0x5c/0x88)
[    0.224215] [<c0604744>] (bus_for_each_drv) from [<c0605ce8>] (device_attach+0x70/0x88)
[    0.224238] [<c0605ce8>] (device_attach) from [<c0605424>] (bus_probe_device+0x84/0xa8)
[    0.224260] [<c0605424>] (bus_probe_device) from [<c0603948>] (device_add+0x324/0x51c)
[    0.224284] [<c0603948>] (device_add) from [<c084c3a8>] (of_platform_device_create_pdata+0x7c/0xb4)
[    0.224309] [<c084c3a8>] (of_platform_device_create_pdata) from [<c084c4ac>] (of_platform_bus_create+0xcc/0x2ec)
[    0.224332] [<c084c4ac>] (of_platform_bus_create) from [<c084c72c>] (of_platform_populate+0x60/0xa8)
[    0.224356] [<c084c72c>] (of_platform_populate) from [<c0d828ec>] (pdata_quirks_init+0x34/0x44)
[    0.224380] [<c0d828ec>] (pdata_quirks_init) from [<c0d82684>] (omap_generic_init+0x10/0x1c)
[    0.224406] [<c0d82684>] (omap_generic_init) from [<c0d63828>] (customize_machine+0x20/0x44)
[    0.224430] [<c0d63828>] (customize_machine) from [<c020aa64>] (do_one_initcall+0x80/0x1d0)
[    0.224454] [<c020aa64>] (do_one_initcall) from [<c0d61d4c>] (kernel_init_freeable+0x10c/0x1d8)
[    0.224478] [<c0d61d4c>] (kernel_init_freeable) from [<c099058c>] (kernel_init+0x8/0xe4)
[    0.224501] [<c099058c>] (kernel_init) from [<c0210560>] (ret_from_fork+0x14/0x34)
[    0.224514] ---[ end trace b9f59563b7d7df9e ]---
[    0.227002] platform 480c5000.aes: Cannot lookup hwmod 'aes'
[    0.231122] OMAP GPIO hardware version 2.5
[    0.244572] platform 480c3000.sham: Cannot lookup hwmod 'sham'
[    0.245087] platform 480cb000.smartreflex: Cannot lookup hwmod 'smartreflex_core'
[    0.251969] omap-gpmc 6e000000.gpmc: GPMC revision 5.0
[    0.252536] platform 480ab000.usb_otg_hs: Cannot lookup hwmod 'usb_otg_hs'
[    0.255118] No ATAGs?
[    0.255160] hw-breakpoint: debug architecture 0x4 unsupported.
[    0.258004] OMAP DMA hardware revision 4.0
[    0.262415] Serial: AMBA PL011 UART driver
[    0.313705] omap-dma-engine 48056000.dma-controller: OMAP DMA engine driver
[    0.319609] vgaarb: loaded
[    0.321141] SCSI subsystem initialized
[    0.321586] libata version 3.00 loaded.
[    0.322317] usbcore: registered new interface driver usbfs
[    0.322478] usbcore: registered new interface driver hub
[    0.322693] usbcore: registered new device driver usb
[    0.325272] omap_i2c 48070000.i2c: bus 0 rev3.3 at 400 kHz
[    0.326141] omap_i2c 48072000.i2c: bus 1 rev3.3 at 400 kHz
[    0.326890] omap_i2c 48060000.i2c: bus 2 rev3.3 at 400 kHz
[    0.328332] media: Linux media interface: v0.10
[    0.328467] Linux video capture interface: v2.00
[    0.328571] pps_core: LinuxPPS API ver. 1 registered
[    0.328585] pps_core: Software ver. 5.3.6 - Copyright 2005-2007 Rodolfo Giometti <giometti@linux.it>
[    0.328641] PTP clock support registered
[    0.329066] EDAC MC: Ver: 3.0.0
[    0.331776] Advanced Linux Sound Architecture Driver Initialized.
[    0.334360] Switched to clocksource timer1
[    0.356017] NET: Registered protocol family 2
[    0.357134] TCP established hash table entries: 2048 (order: 1, 8192 bytes)
[    0.357190] TCP bind hash table entries: 2048 (order: 2, 16384 bytes)
[    0.357247] TCP: Hash tables configured (established 2048 bind 2048)
[    0.357380] UDP hash table entries: 256 (order: 1, 8192 bytes)
[    0.357420] UDP-Lite hash table entries: 256 (order: 1, 8192 bytes)
[    0.357736] NET: Registered protocol family 1
[    0.358382] RPC: Registered named UNIX socket transport module.
[    0.358403] RPC: Registered udp transport module.
[    0.358415] RPC: Registered tcp transport module.
[    0.358426] RPC: Registered tcp NFSv4.1 backchannel transport module.
[    0.358468] PCI: CLS 0 bytes, default 64
[    0.362349] CPU PMU: Failed to parse <no-node>/interrupt-affinity[0]
[    0.362507] hw perfevents: enabled with armv7_cortex_a8 PMU driver, 5 counters available
[    0.366998] futex hash table entries: 256 (order: 2, 16384 bytes)
[    0.391878] squashfs: version 4.0 (2009/01/31) Phillip Lougher
[    0.393843] NFS: Registering the id_resolver key type
[    0.393945] Key type id_resolver registered
[    0.393960] Key type id_legacy registered
[    0.394092] ntfs: driver 2.1.32 [Flags: R/O].
[    0.397056] Block layer SCSI generic (bsg) driver version 0.4 loaded (major 248)
[    0.397095] io scheduler noop registered
[    0.397117] io scheduler deadline registered
[    0.397525] io scheduler cfq registered (default)
[    0.404975] pinctrl-single 48002030.pinmux: 284 pins at pa fa002030 size 568
[    0.405368] pinctrl-single 48002a00.pinmux: 46 pins at pa fa002a00 size 92
[    0.542669] Serial: 8250/16550 driver, 4 ports, IRQ sharing disabled
[    0.547203] SuperH (H)SCI(F) driver initialized
[    0.548446] msm_serial: driver initialized
[    0.549613] omap_uart 4806a000.serial: no wakeirq for uart0
[    0.549884] 4806a000.serial: ttyO0 at MMIO 0x4806a000 (irq = 88, base_baud = 3000000) is a OMAP UART0
[    0.550798] omap_uart 4806c000.serial: no wakeirq for uart1
[    0.551006] 4806c000.serial: ttyO1 at MMIO 0x4806c000 (irq = 89, base_baud = 3000000) is a OMAP UART1
[    0.551755] omap_uart 49020000.serial: no wakeirq for uart2
[    0.551943] 49020000.serial: ttyO2 at MMIO 0x49020000 (irq = 90, base_baud = 3000000) is a OMAP UART2
[    2.152797] console [ttyO2] enabled
[    2.157493] STMicroelectronics ASC driver initialized
[    2.165602] [drm] Initialized drm 1.1.0 20060810
[    2.185687] loop: module loaded
[    2.203873] CAN device driver interface
[    2.209976] igb: Intel(R) Gigabit Ethernet Network Driver - version 5.2.15-k
[    2.217437] igb: Copyright (c) 2007-2014 Intel Corporation.
[    2.264465] davinci_mdio davinci_mdio.0: davinci mdio revision 1.5
[    2.271025] davinci_mdio davinci_mdio.0: detected phy mask fffffffe
[    2.278815] libphy: davinci_mdio.0: probed
[    2.283251] davinci_mdio davinci_mdio.0: phy[0]: device davinci_mdio.0:00, driver SMSC LAN8710/LAN8720
[    2.294095] pegasus: v0.9.3 (2013/04/25), Pegasus/Pegasus II USB Ethernet driver
[    2.302128] usbcore: registered new interface driver pegasus
[    2.308293] usbcore: registered new interface driver asix
[    2.314153] usbcore: registered new interface driver ax88179_178a
[    2.320724] usbcore: registered new interface driver cdc_ether
[    2.327057] usbcore: registered new interface driver smsc75xx
[    2.333296] usbcore: registered new interface driver smsc95xx
[    2.339508] usbcore: registered new interface driver net1080
[    2.345615] usbcore: registered new interface driver cdc_subset
[    2.351999] usbcore: registered new interface driver zaurus
[    2.358115] usbcore: registered new interface driver cdc_ncm
[    2.366921] ehci_hcd: USB 2.0 'Enhanced' Host Controller (EHCI) Driver
[    2.373886] ehci-pci: EHCI PCI platform driver
[    2.378753] ehci-platform: EHCI generic platform driver
[    2.384679] ehci-omap: OMAP-EHCI Host Controller driver
[    2.390829] ehci-omap 48064800.ehci: EHCI Host Controller
[    2.396643] ehci-omap 48064800.ehci: new USB bus registered, assigned bus number 1
[    2.405191] ehci-omap 48064800.ehci: irq 93, io mem 0x48064800
[    2.419414] ehci-omap 48064800.ehci: USB 2.0 started, EHCI 1.00
[    2.427506] hub 1-0:1.0: USB hub found
[    2.431645] hub 1-0:1.0: 3 ports detected
[    2.437149] ehci-orion: EHCI orion driver
[    2.441912] SPEAr-ehci: EHCI SPEAr driver
[    2.446501] ehci-st: EHCI STMicroelectronics driver
[    2.451948] ehci-exynos: EHCI EXYNOS driver
[    2.456668] tegra-ehci: Tegra EHCI driver
[    2.461201] ohci_hcd: USB 1.1 'Open' Host Controller (OHCI) Driver
[    2.467799] ohci-pci: OHCI PCI platform driver
[    2.472695] ohci-platform: OHCI generic platform driver
[    2.478550] ohci-omap3: OHCI OMAP3 driver
[    2.483279] ohci-omap3 48064400.ohci: OHCI Host Controller
[    2.489163] ohci-omap3 48064400.ohci: new USB bus registered, assigned bus number 2
[    2.497567] ohci-omap3 48064400.ohci: irq 92, io mem 0x48064400
[    2.576114] hub 2-0:1.0: USB hub found
[    2.580257] hub 2-0:1.0: 3 ports detected
[    2.585700] SPEAr-ohci: OHCI SPEAr driver
[    2.590453] ohci-st: OHCI STMicroelectronics driver
[    2.596219] usbcore: registered new interface driver usb-storage
[    2.605393] mousedev: PS/2 mouse device common for all mice
[    2.618110] i2c /dev entries driver
[    2.626539] usbcore: registered new interface driver uvcvideo
[    2.632664] USB Video Class driver (1.1.1)
[    2.637020] gspca_main: v2.14.0 registered
[    2.648616] sdhci: Secure Digital Host Controller Interface driver
[    2.655202] sdhci: Copyright(c) Pierre Ossman
[    2.690706] Synopsys Designware Multimedia Card Interface Driver
[    2.698861] sdhci-pltfm: SDHCI platform and OF driver helper
[    2.707370] ledtrig-cpu: registered to indicate activity on CPUs
[    2.714293] usbcore: registered new interface driver usbhid
[    2.720216] usbhid: USB HID core driver
[    2.730663] usbcore: registered new interface driver snd-usb-audio
[    2.742917] NET: Registered protocol family 17
[    2.747761] can: controller area network core (rev 20120528 abi 9)
[    2.754549] NET: Registered protocol family 29
[    2.759246] can: raw protocol (rev 20120528)
[    2.763800] can: broadcast manager protocol (rev 20120528 t)
[    2.769822] can: netlink gateway (rev 20130117) max_hops=1
[    2.776548] Key type dns_resolver registered
[    2.781647] omap2_set_init_voltage: unable to find boot up OPP for vdd_mpu_iva
[    2.789307] omap2_set_init_voltage: unable to set vdd_mpu_iva
[    2.795413] omap2_set_init_voltage: unable to find boot up OPP for vdd_core
[    2.802769] omap2_set_init_voltage: unable to set vdd_core
[    2.809779] cpu cpu0: dev_pm_opp_get_opp_count: device OPP not found (-19)
[    2.817384] PM: no software I/O chain control; some wakeups may be lost
[    2.824443] pm: Failed to request pm_wkup irq
[    2.829097] ThumbEE CPU extension supported.
[    2.833675] Registering SWP/SWPB emulation handler
[    2.847443] hctosys: unable to open rtc device (rtc0)
[    2.896768] mmc0: host does not support reading read-only switch, assuming write-enable
[    2.907229] mmc0: new high speed SDHC card at address b368
[    2.913978] mmcblk0: mmc0:b368 SDC   3.74 GiB 
[    2.920923]  mmcblk0: p1 p2 p3
[   14.929683] In-band Error seen by MPU  at address 0
[   14.934828] ------------[ cut here ]------------
[   14.939708] WARNING: CPU: 0 PID: 1 at drivers/bus/omap_l3_smx.c:166 omap3_l3_app_irq+0x100/0x120()
[   14.949121] Modules linked in:
[   14.952351] CPU: 0 PID: 1 Comm: swapper/0 Tainted: G        W       4.0.0-next-20150422-00002-gc58e82d69839 #1
[   14.962859] Hardware name: Generic AM3517 (Flattened Device Tree)
[   14.969312] [<c021789c>] (unwind_backtrace) from [<c0213270>] (show_stack+0x10/0x14)
[   14.977480] [<c0213270>] (show_stack) from [<c099514c>] (dump_stack+0x70/0x8c)
[   14.985101] [<c099514c>] (dump_stack) from [<c024e194>] (warn_slowpath_common+0x74/0xac)
[   14.993618] [<c024e194>] (warn_slowpath_common) from [<c024e1e8>] (warn_slowpath_null+0x1c/0x24)
[   15.002863] [<c024e1e8>] (warn_slowpath_null) from [<c04a01b0>] (omap3_l3_app_irq+0x100/0x120)
[   15.011931] [<c04a01b0>] (omap3_l3_app_irq) from [<c0287a58>] (handle_irq_event_percpu+0x50/0x150)
[   15.021356] [<c0287a58>] (handle_irq_event_percpu) from [<c0287b9c>] (handle_irq_event+0x44/0x64)
[   15.030691] [<c0287b9c>] (handle_irq_event) from [<c028a8e0>] (handle_level_irq+0x98/0x12c)
[   15.039475] [<c028a8e0>] (handle_level_irq) from [<c028738c>] (generic_handle_irq+0x20/0x30)
[   15.048348] [<c028738c>] (generic_handle_irq) from [<c0287488>] (__handle_domain_irq+0x54/0xac)
[   15.057497] [<c0287488>] (__handle_domain_irq) from [<c020a65c>] (omap_intc_handle_irq+0xb4/0xc4)
[   15.066827] [<c020a65c>] (omap_intc_handle_irq) from [<c0213d80>] (__irq_svc+0x40/0x54)
[   15.075237] Exception stack(0xcb05de78 to 0xcb05dec0)
[   15.080548] de60:                                                       c0f735d8 60000113
[   15.089147] de80: c0f735c8 0000014b cb023a00 cb011f00 c0e33798 c0e33798 cb5492c0 c0e27308
[   15.097745] dea0: 00000111 00000000 00000000 cb05dec0 c0853cf0 c0999e90 60000113 ffffffff
[   15.106355] [<c0213d80>] (__irq_svc) from [<c0999e90>] (_raw_spin_unlock_irqrestore+0x1c/0x20)
[   15.115416] [<c0999e90>] (_raw_spin_unlock_irqrestore) from [<c0853cf0>] (clk_disable_unused_subtree+0x20/0xac)
[   15.126018] ---[ end trace b9f59563b7d7dfa0 ]---
[   15.130973] In-band Error seen by MPU  at address 0
[   15.136100] ------------[ cut here ]------------
[   15.140965] WARNING: CPU: 0 PID: 1 at drivers/bus/omap_l3_smx.c:166 omap3_l3_app_irq+0x100/0x120()
[   15.150375] Modules linked in:
[   15.153597] CPU: 0 PID: 1 Comm: swapper/0 Tainted: G        W       4.0.0-next-20150422-00002-gc58e82d69839 #1
[   15.164103] Hardware name: Generic AM3517 (Flattened Device Tree)
[   15.170522] [<c021789c>] (unwind_backtrace) from [<c0213270>] (show_stack+0x10/0x14)
[   15.178674] [<c0213270>] (show_stack) from [<c099514c>] (dump_stack+0x70/0x8c)
[   15.186277] [<c099514c>] (dump_stack) from [<c024e194>] (warn_slowpath_common+0x74/0xac)
[   15.194792] [<c024e194>] (warn_slowpath_common) from [<c024e1e8>] (warn_slowpath_null+0x1c/0x24)
[   15.204035] [<c024e1e8>] (warn_slowpath_null) from [<c04a01b0>] (omap3_l3_app_irq+0x100/0x120)
[   15.213095] [<c04a01b0>] (omap3_l3_app_irq) from [<c0287a58>] (handle_irq_event_percpu+0x50/0x150)
[   15.222517] [<c0287a58>] (handle_irq_event_percpu) from [<c0287b9c>] (handle_irq_event+0x44/0x64)
[   15.231848] [<c0287b9c>] (handle_irq_event) from [<c028a8e0>] (handle_level_irq+0x98/0x12c)
[   15.240631] [<c028a8e0>] (handle_level_irq) from [<c028738c>] (generic_handle_irq+0x20/0x30)
[   15.249505] [<c028738c>] (generic_handle_irq) from [<c0287488>] (__handle_domain_irq+0x54/0xac)
[   15.258653] [<c0287488>] (__handle_domain_irq) from [<c020a65c>] (omap_intc_handle_irq+0xb4/0xc4)
[   15.267983] [<c020a65c>] (omap_intc_handle_irq) from [<c0213d80>] (__irq_svc+0x40/0x54)
[   15.276393] Exception stack(0xcb05de78 to 0xcb05dec0)
[   15.281703] de60:                                                       c0f735d8 60000113
[   15.290302] de80: c0f735c8 0000014c cb023980 cb011f00 c0e33798 c0e33798 cb5492c0 c0e27308
[   15.298901] dea0: 00000111 00000000 00000000 cb05dec0 c0853cf0 c0999e90 60000113 ffffffff
[   15.307504] [<c0213d80>] (__irq_svc) from [<c0999e90>] (_raw_spin_unlock_irqrestore+0x1c/0x20)
[   15.316563] [<c0999e90>] (_raw_spin_unlock_irqrestore) from [<c0853cf0>] (clk_disable_unused_subtree+0x20/0xac)
[   15.327163] ---[ end trace b9f59563b7d7dfa1 ]---
[   15.332340] ALSA device list:
[   15.335513]   No soundcards found.
[   15.341976] EXT4-fs (mmcblk0p2): mounting ext3 file system using the ext4 subsystem
[   15.363627] EXT4-fs (mmcblk0p2): warning: maximal mount count reached, running e2fsck is recommended
[   15.729064] EXT4-fs (mmcblk0p2): mounted filesystem with ordered data mode. Opts: (null)
[   15.737722] VFS: Mounted root (ext3 filesystem) on device 179:2.
[   15.756488] devtmpfs: mounted
[   15.761716] Freeing unused kernel memory: 820K (c0d61000 - c0e2e000)
INIT: version 2.86 booting
Please wait: booting...
Error opening /dev/fb0: No such file or directory
Starting udev
[   16.463614] udevd (80): /proc/80/oom_adj is deprecated, please use /proc/80/oom_score_adj instead.
[   23.654817] FAT-fs (mmcblk0p1): Volume was not properly unmounted. Some data may be corrupt. Please run fsck.
[   23.712379] EXT4-fs (mmcblk0p3): mounting ext3 file system using the ext4 subsystem
[   23.789774] EXT4-fs (mmcblk0p3): warning: maximal mount count reached, running e2fsck is recommended
[   23.855304] EXT4-fs (mmcblk0p3): mounted filesystem with ordered data mode. Opts: (null)
[   26.770667] alignment: ignoring faults is unsafe on this CPU.  Defaulting to fixup mode.
Remounting root file system...
[   26.870598] EXT4-fs (mmcblk0p2): re-mounted. Opts: (null)
Caching udev devnodes
logger: mount: mount point /proc/bus/usb does not exist
ALSA: Restoring mixer settings...
/usr/sbin/alsactl: load_state:1625: No soundcards found...
Configuring network interfaces... ifconfig: SIOCGIFFLAGS: No such device
done.
Setting up IP spoofing protection: rp_filter.
hwclock: can't open '/dev/misc/rtc': No such file or directory
Sun Apr  1 08:15:00 UTC 2012
hwclock: can't open '/dev/misc/rtc': No such file or directory
INIT: Entering runlevel: 5
Starting system message bus: [   28.333768] random: dbus-daemon urandom read with 128 bits of entropy available
[   28.365830] random: nonblocking pool is initialized
dbus.
Starting Hardware abstraction layer hald
Starting Dropbear SSH server: dropbear.
Starting telnet daemon.
Starting syslogd/klogd: done
Starting thttpd.
Starting Lighttpd Web Server: lighttpd.
2012-04-01 08:15:04: (log.c.166) server started 
Starting Matrix GUI application.
***************************************************************
***************************************************************
NOTICE: This file system contains the followin GPLv3 packages:
	binutils-dev
	binutils-symlinks
	binutils
	gdbserver
If you do not wish to distribute GPLv3 components please remove
the above packages prior to distribution.  This can be done using
the opkg remove command.  i.e.:
    opkg remove <package>
Where <package> is the name printed in the list above
NOTE: If the package is a dependency of another package you
      will be notified of the dependent packages.  You should
      use the --force-removal-of-dependent-packages option to
      also remove the dependent packages as well
*******************************************
 _____                    _____           _         _   
|  _  |___ ___ ___ ___   |  _  |___ ___  |_|___ ___| |_ 
|     |  _| .'| . | . |  |   __|  _| . | | | -_|  _|  _|
|__|__|_| |__,|_  |___|  |__|  |_| |___|_| |___|___|_|  
              |___|                    |___|            
Arago Project http://arago-project.org am3517-evm ttyO2
Arago 2011.09 am3517-evm ttyO2
am3517-evm login: 
- 07:09:08 [INFO] Host: root
- 07:09:08 [INFO] Target: 
root
root@am3517-evm:~# 
- 07:09:08 [INFO] Host: uname -a
- 07:09:08 [INFO] Target: 
uname -a
Linux am3517-evm 4.0.0-next-20150422-00002-gc58e82d69839 #1 SMP Wed Apr 22 05:56:05 CDT 2015 armv7l unknown
root@am3517-evm:~# 
- 07:09:08 [INFO] Host: cat /proc/cmdline
- 07:09:08 [INFO] Target: 
cat /proc/cmdline
console=ttyO2,115200n8 debug ignore_loglevel earlyprintk root=/dev/mmcblk0p2 rootwait nohlt ip=dhcp root=/dev/mmcblk0p2 rw rootfstype=ext3 rootwait
root@am3517-evm:~# 
- 07:09:08 [INFO] Host: uname -a
- 07:09:09 [INFO] Target: 
uname -a
Linux am3517-evm 4.0.0-next-20150422-00002-gc58e82d69839 #1 SMP Wed Apr 22 05:56:05 CDT 2015 armv7l unknown
root@am3517-evm:~# 
- 07:09:09 [INFO] Host: cat /proc/mtd
- 07:09:09 [INFO] Target: 
cat /proc/mtd
dev:    size   erasesize  name
root@am3517-evm:~# 
- 07:09:14 [INFO] Host: export IPERFHOST=10.218.102.142
- 07:09:14 [INFO] Target: 
export IPERFHOST=10.218.102.142
root@am3517-evm:~# 
- 07:09:14 [INFO] Host: export NFS_SERVER=10.218.102.142
- 07:09:15 [INFO] Target: 
export NFS_SERVER=10.218.102.142
root@am3517-evm:~# 
- 07:09:15 [INFO] Host: export NFS_ROOT_PATH=/home/tigt-0001/NFS_exports/am3517
- 07:09:15 [INFO] Target: 
export NFS_ROOT_PATH=/home/tigt-0001/NFS_exports/am3517
root@am3517-evm:~# 
- 07:09:15 [INFO] Host: mkdir -p -m 777 /test
- 07:09:15 [INFO] Target: 
mkdir -p -m 777 /test
root@am3517-evm:~# 
- 07:09:15 [INFO] Host: cd /test
- 07:09:15 [INFO] Target: 
cd /test
root@am3517-evm:/test# 
- 07:09:15 [INFO] Host: cat > test.sh << EOF
- 07:09:15 [INFO] Target: 
cat > test.sh << EOF
- 07:09:15 [INFO] Host: failtest() {
- 07:09:15 [INFO] Target: 
failtest() {
- 07:09:15 [INFO] Host:   echo 1 >&3
- 07:09:15 [INFO] Target: 
  echo 1 >&3
- 07:09:15 [INFO] Host: }
- 07:09:15 [INFO] Target: 
- 07:09:15 [INFO] Host: timeout=600
- 07:09:15 [INFO] Target: 
timeout=600
- 07:09:15 [INFO] Host: 
- 07:09:15 [INFO] Target: 
- 07:09:15 [INFO] Host: # Start of user's script logic
- 07:09:15 [INFO] Target: 
# Start of user's script logic
- 07:09:15 [INFO] Host: 
- 07:09:15 [INFO] Target: 
- 07:09:15 [INFO] Host: 
- 07:09:15 [INFO] Target: 
- 07:09:15 [INFO] Host: mount -t proc proc /proc 2>/dev/null;
- 07:09:15 [INFO] Target: 
mount -t proc proc /proc 2>/dev/
- 07:09:15 [INFO] Host: 
- 07:09:15 [INFO] Target: 
null;
- 07:09:15 [INFO] Host: mount -t sysfs sys /sys 2>/dev/null;
- 07:09:15 [INFO] Target: 
mount -t sysfs sys /sys 2>/dev/null;
- 07:09:15 [INFO] Host: 
- 07:09:15 [INFO] Target: 
- 07:09:15 [INFO] Host: mount -t debugfs none /sys/kernel/debug 2>/dev/null;
- 07:09:16 [INFO] Target: 
mount -t debugfs none /sys/kernel/debug 2>/dev/null;
- 07:09:16 [INFO] Host: 
- 07:09:16 [INFO] Target: 
- 07:09:16 [INFO] Host: echo 'cpuinfo:';cat /proc/cpuinfo; echo '=======';
- 07:09:16 [INFO] Target: 
echo 'cpuinfo:';cat /pro
- 07:09:16 [INFO] Host: 
- 07:09:16 [INFO] Target: 
c/cpuinfo; echo '=======';
- 07:09:16 [INFO] Host: echo 'soc info:';head /sys/devices/soc0/* 2>/dev/null; echo '=======';
- 07:09:16 [INFO] Target: 
echo 'soc info:';head /sys/devices/soc0/* 2>/dev/null; echo '=======';
- 07:09:16 [INFO] Host: 
- 07:09:16 [INFO] Target: 
- 07:09:16 [INFO] Host: echo 'DT Model info'; head /proc/device-tree/name /proc/device-tree/model /proc/device-tree/compatible 2>/dev/null;echo; echo '=======';
- 07:09:16 [INFO] Target: 
echo 'DT Model info'; head /proc/device-tree/name /proc/device-tree/model /pro
c/device-tree/compatible 2>/dev/null;echo; echo '=======';
- 07:09:16 [INFO] Host: 
- 07:09:16 [INFO] Target: 
- 07:09:16 [INFO] Host: echo 'interrupts:';cat /proc/interrupts; echo '=======';
- 07:09:16 [INFO] Target: 
echo 'interrupts:';cat /proc/interrupts; echo '=======';
- 07:09:16 [INFO] Host: 
- 07:09:16 [INFO] Target: 
- 07:09:16 [INFO] Host: echo 'Clk_summary:';cat /sys/kernel/debug/clk/clk_summary; echo '=======';
- 07:09:16 [INFO] Target: 
echo 'Clk_summary:';cat /sys/kernel/debug/clk/clk_summary; echo '=======';
- 07:09:16 [INFO] Host: 
- 07:09:16 [INFO] Target: 
- 07:09:16 [INFO] Host: echo 'Orphan Clks:';ls /sys/kernel/debug/clk/orphans/; echo '=======';
- 07:09:16 [INFO] Target: 
echo 'Orphan Clks:';ls /sys/kernel/debug/clk/orphans/; echo '=======';
- 07:09:16 [INFO] Host: 
- 07:09:16 [INFO] Target: 
- 07:09:16 [INFO] Host: echo "Available frequencies"; cat /sys/devices/system/cpu/cpu0/cpufreq/scaling_available_frequencies 2>/dev/null;echo '=======';
- 07:09:16 [INFO] Target: 
echo "Available frequencies"; cat /sys/devices/system/cpu/cpu0/cpufreq/scaling
_available_frequencies 2>/dev/null;echo '=======';
- 07:09:16 [INFO] Host: 
- 07:09:16 [INFO] Target: 
- 07:09:16 [INFO] Host: echo 'H''ello World' 'B''oard Booted';
- 07:09:16 [INFO] Target: 
echo 'H''ello World' 'B''oard Booted';
- 07:09:16 [INFO] Host: 
- 07:09:17 [INFO] Target: 
- 07:09:17 [INFO] Host: EOF
- 07:09:17 [INFO] Target: 
root@am3517-evm:/test# 
- 07:09:17 [INFO] Host: cd /test
- 07:09:17 [INFO] Target: 
cd /test
root@am3517-evm:/test# 
- 07:09:17 [INFO] Host: chmod +x test.sh
- 07:09:17 [INFO] Target: 
chmod +x test.sh
root@am3517-evm:/test# 
- 07:09:17 [INFO] Host: ./test.sh 2> stderr.log > stdout.log 3> result.log
- 07:09:17 [INFO] Target: 
./test.sh 2> stderr.log > stdout.log 3> result.log
root@am3517-evm:/test# 
- 07:09:17 [INFO] Host: echo $?
- 07:09:17 [INFO] Target: 
echo $?
root@am3517-evm:/test# 
- 07:09:17 [INFO] Host: cd /test
- 07:09:17 [INFO] Target: 
cd /test
root@am3517-evm:/test# 
- 07:09:17 [INFO] Host: cat stdout.log
- 07:09:19 [INFO] Target: 
cat stdout.log
cpuinfo:
processor	: 0
model name	: ARMv7 Processor rev 7 (v7l)
BogoMIPS	: 597.19
Features	: half thumb fastmult vfp edsp thumbee neon vfpv3 tls vfpd32 
CPU implementer	: 0x41
CPU architecture: 7
CPU variant	: 0x1
CPU part	: 0xc08
CPU revision	: 7
Hardware	: Generic AM3517 (Flattened Device Tree)
Revision	: 0000
Serial		: 0000000000000000
=======
soc info:
==> /sys/devices/soc0/family <==
OMAP3
==> /sys/devices/soc0/machine <==
AM3517
==> /sys/devices/soc0/power <==
==> /sys/devices/soc0/revision <==
ES1.1
==> /sys/devices/soc0/subsystem <==
==> /sys/devices/soc0/type <==
==> /sys/devices/soc0/uevent <==
=======
DT Model info
==> /proc/device-tree/name <==
==> /proc/device-tree/model <==
TI AM3517 EVM (AM3517/05 TMDSEVM3517)
==> /proc/device-tree/compatible <==
ti,am3517-evmti,am3517ti,omap3
=======
interrupts:
           CPU0       
 25:          0      INTC   9 Edge      l3-debug-irq
 26:          4      INTC  10 Edge      l3-app-irq
 28:          0      INTC  12 Edge      DMA
 29:       3689      INTC  13 Edge      omap-dma-engine
 36:          0      INTC  20 Edge      gpmc
 54:       6152      INTC  38 Edge      gp_timer
 72:          0      INTC  56 Edge      48070000.i2c
 73:          0      INTC  57 Edge      48072000.i2c
 77:          0      INTC  61 Edge      48060000.i2c
 90:       4576      INTC  74 Edge      OMAP UART2
 92:          1      INTC  76 Edge      ohci_hcd:usb2
 93:          0      INTC  77 Edge      ehci_hcd:usb1
 99:       6472      INTC  83 Edge      mmc0
IPI0:          0  CPU wakeup interrupts
IPI1:          0  Timer broadcast interrupts
IPI2:          0  Rescheduling interrupts
IPI3:          0  Function call interrupts
IPI4:          0  Single function call interrupts
IPI5:          0  CPU stop interrupts
IPI6:          0  IRQ work interrupts
IPI7:          0  completion interrupts
Err:          0
=======
Clk_summary:
   clock                         enable_cnt  prepare_cnt        rate   accuracy   phase
----------------------------------------------------------------------------------------
 pclk_ck                                  0            0    27000000          0 0  
    vpfe_fck                              0            0    27000000          0 0  
 rmii_ck                                  1            1    50000000          0 0  
    emac_fck                              2            2    50000000          0 0  
 secure_32k_fck                           0            1       32768          0 0  
    wdt1_fck                              0            0       32768          0 0  
    gpt12_fck                             0            1       32768          0 0  
 dummy_ck                                 0            0           0          0 0  
 mcbsp_clks                               0            5           0          0 0  
 sys_altclk                               0            0           0          0 0  
 virt_38_4m_ck                            0            0    38400000          0 0  
 virt_26000000_ck                         1            1    26000000          0 0  
    osc_sys_ck                            1            1    26000000          0 0  
       sys_clkout1                        0            0    26000000          0 0  
       sys_ck                             6           17    13000000          0 0  
          gpt9_fck                        0            1    13000000          0 0  
          gpt8_fck                        0            1    13000000          0 0  
          gpt7_fck                        0            1    13000000          0 0  
          gpt6_fck                        0            1    13000000          0 0  
          gpt5_fck                        0            1    13000000          0 0  
          gpt4_fck                        0            1    13000000          0 0  
          gpt3_fck                        0            1    13000000          0 0  
          gpt2_fck                        1            1    13000000          0 0  
          gpt1_fck                        1            1    13000000          0 0  
          hecc_ck                         0            0    13000000          0 0  
          hsotgusb_fck_am35xx             0            1    13000000          0 0  
          cpefuse_fck                     0            0    13000000          0 0  
          dpll5_ck                        1            1   120000000          0 0  
             dpll5_m2_ck                  1            1   120000000          0 0  
                usbhost_120m_fck           0            0   120000000          0 0  
                usbtll_fck                1            1   120000000          0 0  
          traceclk_src_fck                0            0    13000000          0 0  
             traceclk_fck                 0            0    13000000          0 0  
          emu_src_mux_ck                  0            1    13000000          0 0  
             emu_src_ck                   0            1    13000000          0 0  
                atclk_fck                 0            0    13000000          0 0  
                pclkx2_fck                0            0    13000000          0 0  
                pclk_fck                  0            0     6500000          0 0  
          dss2_alwon_fck                  0            2    13000000          0 0  
          dpll1_ck                        0            1   600000000          0 0  
             dpll1_x2_ck                  0            1  1200000000          0 0  
                dpll1_x2m2_ck             0            1  1200000000          0 0  
                   mpu_ck                 0            1  1200000000          0 0  
                      emu_mpu_alwon_ck           0            0  1200000000          0 0  
                      arm_fck             0            1   600000000          0 0  
          dpll3_ck                        1            1   332000000          0 0  
             dpll3_x2_ck                  0            0   664000000          0 0  
             dpll3_m2_ck                  1            1   332000000          0 0  
                dpll3_m2x2_ck             0            0   664000000          0 0  
                   corex2_fck             0            0   664000000          0 0  
                      corex2_d5_fck           0            0   132800000          0 0  
                      corex2_d3_fck           0            0   221333333          0 0  
                core_ck                   1            1   332000000          0 0  
                   core_d2_ck             0            0   166000000          0 0  
                   core_d6_ck             0            0    55333333          0 0  
                      sgx_fck             0            0    55333333          0 0  
                   core_d4_ck             0            0    83000000          0 0  
                   core_d3_ck             0            0   110666666          0 0  
                   l3_ick                 2            2   166000000          0 0  
                      sgx_ick             0            0   166000000          0 0  
                      core_l3_ick           6            7   166000000          0 0  
                         ipss_ick           2            2   166000000          0 0  
                            hsotgusb_ick_am35xx           2            2   166000000          0 0  
                            vpfe_ick           0            0   166000000          0 0  
                            emac_ick           2            2   166000000          0 0  
                         gpmc_fck           2            2   166000000          0 0  
                         sdrc_ick           1            1   166000000          0 0  
                      l4_ick              4            4    83000000          0 0  
                         usbhost_ick           1            1    83000000          0 0  
                         dss_ick_3430es2           4            6    83000000          0 0  
                         per_l4_ick          13           18    83000000          0 0  
                            mcbsp4_ick           1            1    83000000          0 0  
                            mcbsp3_ick           2            2    83000000          0 0  
                            mcbsp2_ick           2            2    83000000          0 0  
                            gpt2_ick           1            1    83000000          0 0  
                            gpt3_ick           1            1    83000000          0 0  
                            gpt4_ick           1            1    83000000          0 0  
                            gpt5_ick           1            1    83000000          0 0  
                            gpt6_ick           1            1    83000000          0 0  
                            gpt7_ick           1            1    83000000          0 0  
                            gpt8_ick           1            1    83000000          0 0  
                            gpt9_ick           1            1    83000000          0 0  
                            uart4_ick           1            1    83000000          0 0  
                            uart3_ick           1            1    83000000          0 0  
                            wdt3_ick           0            0    83000000          0 0  
                            gpio2_ick           0            1    83000000          0 0  
                            gpio3_ick           0            1    83000000          0 0  
                            gpio4_ick           0            1    83000000          0 0  
                            gpio5_ick           0            1    83000000          0 0  
                            gpio6_ick           0            1    83000000          0 0  
                         core_l4_ick          19           20    83000000          0 0  
                            mmchs3_ick           1            1    83000000          0 0  
                            usbtll_ick           1            1    83000000          0 0  
                            uart4_ick_am35xx           0            0    83000000          0 0  
                            sha12_ick           0            0    83000000          0 0  
                            aes2_ick           0            0    83000000          0 0  
                            omapctrl_ick           1            1    83000000          0 0  
                            mcbsp1_ick           1            1    83000000          0 0  
                            mcbsp5_ick           1            1    83000000          0 0  
                            gpt10_ick           1            1    83000000          0 0  
                            gpt11_ick           1            1    83000000          0 0  
                            uart1_ick           1            1    83000000          0 0  
                            uart2_ick           1            1    83000000          0 0  
                            i2c1_ick           1            1    83000000          0 0  
                            i2c2_ick           1            1    83000000          0 0  
                            i2c3_ick           1            1    83000000          0 0  
                            mcspi1_ick           1            1    83000000          0 0  
                            mcspi2_ick           1            1    83000000          0 0  
                            mcspi3_ick           1            1    83000000          0 0  
                            mcspi4_ick           1            1    83000000          0 0  
                            hdq_ick           0            1    83000000          0 0  
                            mmchs1_ick           1            1    83000000          0 0  
                            mmchs2_ick           1            1    83000000          0 0  
                         rm_ick           0            0    41500000          0 0  
                   dpll1_fck              0            0   166000000          0 0  
             dpll3_m3_ck                  0            0   166000000          0 0  
                dpll3_m3x2_mul_ck           0            0   332000000          0 0  
                   dpll3_m3x2_ck           0            0   332000000          0 0  
                      emu_core_alwon_ck           0            0   332000000          0 0  
          dpll4_ck                        1            3   432000000          0 0  
             dpll4_x2_ck                  0            0   864000000          0 0  
             dpll4_m6_ck                  0            0   144000000          0 0  
                dpll4_m6x2_mul_ck           0            0   288000000          0 0  
                   dpll4_m6x2_ck           0            0   288000000          0 0  
                      emu_per_alwon_ck           0            0   288000000          0 0  
             dpll4_m5_ck                  0            0   108000000          0 0  
                dpll4_m5x2_mul_ck           0            0   216000000          0 0  
                   dpll4_m5x2_ck           0            0   216000000          0 0  
             dpll4_m4_ck                  0            1   216000000          0 0  
                dpll4_m4x2_mul_ck           0            1   432000000          0 0  
                   dpll4_m4x2_ck           0            1   432000000          0 0  
                      dss1_alwon_fck_3430es2           0            4   432000000          0 0  
             dpll4_m3_ck                  0            1    27000000          0 0  
                dpll4_m3x2_mul_ck           0            1    54000000          0 0  
                   dpll4_m3x2_ck           0            1    54000000          0 0  
                      omap_54m_fck           0            1    54000000          0 0  
                         clkout2_src_ck           0            0    54000000          0 0  
                            sys_clkout2           0            0    54000000          0 0  
                         dss_tv_fck           0            2    54000000          0 0  
             dpll4_m2_ck                  1            1    48000000          0 0  
                dpll4_m2x2_mul_ck           1            1    96000000          0 0  
                   dpll4_m2x2_ck           1            1    96000000          0 0  
                      omap_192m_alwon_fck           0            0    96000000          0 0  
                      omap_96m_alwon_fck           1            2    96000000          0 0  
                         per_96m_fck           0            6    96000000          0 0  
                            mcbsp4_fck           0            1    96000000          0 0  
                            mcbsp3_fck           0            2    96000000          0 0  
                            mcbsp2_fck           0            2    96000000          0 0  
                         cm_96m_fck           1            2    96000000          0 0  
                            cm_96m_d2_fck           1            1    48000000          0 0  
                               omap_48m_fck           3            4    48000000          0 0  
                                  usbhost_48m_fck           1            1    48000000          0 0  
                                  per_48m_fck           1            1    48000000          0 0  
                                     uart3_fck           1            1    48000000          0 0  
                                  core_48m_fck           2            7    48000000          0 0  
                                     uart4_fck_am35xx           0            1    48000000          0 0  
                                     uart1_fck           1            2    48000000          0 0  
                                     uart2_fck           1            1    48000000          0 0  
                                     mcspi1_fck           0            1    48000000          0 0  
                                     mcspi2_fck           0            1    48000000          0 0  
                                     mcspi3_fck           0            1    48000000          0 0  
                                     mcspi4_fck           0            1    48000000          0 0  
                                  omap_12m_fck           0            1    12000000          0 0  
                                     core_12m_fck           0            1    12000000          0 0  
                                        hdq_fck             0            1    12000000          0 0  
                            omap_96m_fck           0            2    96000000          0 0  
                               dss_96m_fck           0            2    96000000          0 0  
                               core_96m_fck           0           10    96000000          0 0  
                                  mcbsp1_fck           0            1    96000000          0 0  
                                  mcbsp5_fck           0            1    96000000          0 0  
                                  mmchs3_fck           0            1    96000000          0 0  
                                  i2c1_fck           0            1    96000000          0 0  
                                  i2c2_fck           0            1    96000000          0 0  
                                  i2c3_fck           0            1    96000000          0 0  
                                  mmchs1_fck           0            1    96000000          0 0  
                                  mmchs2_fck           0            1    96000000          0 0  
          wkup_l4_ick                     4            5    13000000          0 0  
             gpt1_ick                     1            1    13000000          0 0  
             gpt12_ick                    1            1    13000000          0 0  
             omap_32ksync_ick             1            1    13000000          0 0  
             gpio1_ick                    0            1    13000000          0 0  
             wdt1_ick                     0            0    13000000          0 0  
             wdt2_ick                     1            1    13000000          0 0  
 virt_19200000_ck                         0            0    19200000          0 0  
 virt_13m_ck                              0            0    13000000          0 0  
 virt_12m_ck                              0            0    12000000          0 0  
 omap_32k_fck                             0            7       32768          0 0  
    gpt11_fck                             0            1       32768          0 0  
    gpt10_fck                             0            1       32768          0 0  
    ts_fck                                0            0       32768          0 0  
    per_32k_alwon_fck                     0            5       32768          0 0  
       wdt3_fck                           0            0       32768          0 0  
       gpio2_dbck                         0            1       32768          0 0  
       gpio3_dbck                         0            1       32768          0 0  
       gpio4_dbck                         0            1       32768          0 0  
       gpio5_dbck                         0            1       32768          0 0  
       gpio6_dbck                         0            1       32768          0 0  
    wkup_32k_fck                          0            3       32768          0 0  
       wdt2_fck                           0            1       32768          0 0  
       gpio1_dbck                         0            1       32768          0 0  
 dummy_apb_pclk                           0            0           0          0 0  
 virt_16_8m_ck                            0            0    16800000          0 0  
=======
Orphan Clks:
=======
Available frequencies
=======
Hello World Board Booted
root@am3517-evm:/test# 
- 07:09:19 [INFO] Host: cat stderr.log
- 07:09:19 [INFO] Target: 
cat stderr.log
ls: /sys/kernel/debug/clk/orphans/: No such file or directory
root@am3517-evm:/test# 
- 07:09:19 [INFO] Host: cat result.log
- 07:09:21 [ERROR] On command: cat result.log waiting for cat result.log.+?(?m-ix:^1[\0\n\r]+) >>> error: execution expired
- 07:09:21 [INFO] Target: 
cat result.log
root@am3517-evm:/test# 
- 07:09:21 [INFO] Host: cd /test
- 07:09:21 [INFO] Target: 
cd /test
root@am3517-evm:/test# 
URL:gtsystest.telogy.design.ti.com/vatf/tigt-0001-desktop/tigt-0001-desktop_vatf@am3517-evm/tigt-0001-desktop04_22_2015_07_07_32/files/session_iteration_1/test_1
