- 04:00:14 [INFO] Starting target session
- 04:00:15 [INFO] Connected to am3517-evm via serial 
- 04:00:15 [INFO] Host: 
- 04:00:17 [ERROR] On command:  waiting for (?-mix:login:) >>> error: execution expired
- 04:00:17 [INFO] Target: 

root@am3517-evm:/test# 
- 04:00:17 [INFO] Host: 
- 04:00:17 [INFO] Target: 

root@am3517-evm:/test# 
- 04:00:17 [INFO] Host: sync;poweroff
- 04:00:29 [INFO] Target: 
sync;poweroff


Broadcast message from root (ttyO2) (Sun Dec 25 08:57:02 2011):




The system is going down for system halt NOW!


INIT: Switching to runlevel: 0

root@am3517-evm:/test# 
INIT: Sending processes Stopping Dropbear SSH server: stopped /usr/sbin/dropbear (pid 1960)

dropbear.

Stopping telnet daemon.

Stopping Hardware abstraction layer hald

Stopping system message bus: stopped process in pidfile '/var/run/dbus/pid' (pid 1922)

dbus.

Error opening /dev/fb0: No such file or directory

Stopping thttpd.

ALSA: Storing mixer settings...

/usr/sbin/alsactl: save_state:1519: No soundcards found...

Deconfiguring network interfaces... cat: can't open '/var/run/udhcpc.eth0.pid': No such file or directory

ifconfig: SIOCGIFFLAGS: No such device

done.

Stopping Lighttpd Web Server: stopped /usr/sbin/lighttpd (pid 1993)

lighttpd.

Stopping syslogd/klogd: stopped syslogd (pid 1972)

stopped klogd (pid 1974)

done

Stopping Matrix GUI applicationstart-stop-daemon: warning: killing process 0: No such process

.

***************************************************************

***************************************************************

NOTICE: This file system contains the followin GPLv3 packages:

	binutils-dev

	binutils-symlinks

	binutils

	gdbserver



If you do not wish to distribute GPLv3 components please remove

the above packages prior to distribution.  This can be done using

the opkg remove command.  i.e.:

    opkg remove <package>

Where <package> is the name printed in the list above



NOTE: If the package is a dependency of another package you

      will be notified of the dependent packages.  You should

      use the --force-removal-of-dependent-packages option to

      also remove the dependent packages as well

***************************************************************

***************************************************************

Sending all processes the TERM signal...

Sending all processes the KILL signal...

hwclock: can't open '/dev/misc/rtc': No such file or directory

Unmounting remote filesystems...

Deactivating swap...

Unmounting local filesystems...

[ 1248.539032] reboot: System halted


- 04:00:59 [INFO] Disconnected serial from am3517-evm
- 04:01:00 [INFO] Connected to am3517-evm via serial 
- 04:01:00 [INFO] Host: 
- 04:01:00 [ERROR] On command:  waiting for (?-mix:AM3517_EVM\s*#) >>> error: execution expired
- 04:01:00 [INFO] Target: 

- 04:01:00 [INFO] Host: 
- 04:01:01 [ERROR] On command:  waiting for (?-mix:AM3517_EVM\s*#) >>> error: execution expired
- 04:01:01 [INFO] Target: 


U-Boot SPL 2011.09-00000-g9cf431d (Jun 25 2013 - 15:14:11)

Texas Instruments Revision detection unimplemented


- 04:01:01 [INFO] Host: 
- 04:01:01 [ERROR] On command:  waiting for (?-mix:AM3517_EVM\s*#) >>> error: execution expired
- 04:01:01 [INFO] Target: 
OMAP SD/MMC: 0

reading u-boot.img

reading u-boot.img





U-Boot 2011.09-00000-g9cf431d (Jun 25 2013 - 15:14:11)



AM35XX-GP ES2.0, CPU-OPP2, L3-165MHz, Max CPU Clock 600 Mhz

AM3517EVM Board + LPDDR/NAND

I2C:   ready

DRAM:  256 MiB

WARNING: Caches not enabled

NAND:  HW ECC [Kernel/FS layout] selected

512 MiB

MMC:   OMAP SD/MMC: 0


- 04:01:01 [INFO] Host: 
- 04:01:02 [ERROR] On command:  waiting for (?-mix:AM3517_EVM\s*#) >>> error: execution expired
- 04:01:02 [INFO] Target: 

- 04:01:02 [INFO] Host: 
- 04:01:02 [INFO] Target: 
In:    serial

Out:   serial

Err:   serial

Die ID #5f5c00010000000001685a201600f025

Net:   Ethernet PHY: GENERIC @ 0x00

DaVinci-EMAC

Hit any key to stop autoboot:  3  0 

AM3517_EVM # 


AM3517_EVM # 
- 04:01:02 [INFO] Host: 
- 04:01:02 [INFO] Target: 



AM3517_EVM # 
- 04:01:02 [INFO] Host: version
- 04:01:02 [INFO] Target: 
version




U-Boot 2011.09-00000-g9cf431d (Jun 25 2013 - 15:14:11)

arm-linux-gnueabihf-gcc (crosstool-NG linaro-1.13.1-4.7-2013.03-20130313 - Linaro GCC 2013.03) 4.7.3 20130226 (prerelease)

GNU ld (crosstool-NG linaro-1.13.1-4.7-2013.03-20130313 - Linaro GCC 2013.03) 2.23.1

AM3517_EVM # 
- 04:01:02 [INFO] Host: setenv bootargs 'console=ttyO2,115200n8 debug ignore_loglevel earlyprintk root=/dev/mmcblk0p2 rootwait nohlt '
- 04:01:02 [INFO] Target: 
setenv bootargs 'console=ttyO2,115200n8 debug ignore_loglevel earlyprintk root=/dev/mmcblk0p2 rootwait nohlt '


AM3517_EVM # 
- 04:01:02 [INFO] Host: setenv bootcmd  ''
- 04:01:02 [INFO] Target: 
setenv bootcmd  ''


AM3517_EVM # 
- 04:01:02 [INFO] Host: setenv autoload 'no'
- 04:01:02 [INFO] Target: 
setenv autoload 'no'


AM3517_EVM # 
- 04:01:02 [INFO] Host: setenv serverip '10.218.102.142'
- 04:01:02 [INFO] Target: 
setenv serverip '10.218.102.142'


AM3517_EVM # 
- 04:01:02 [INFO] Host: printenv
- 04:01:03 [INFO] Target: 
printenv


autoload=no

baudrate=115200

bootargs=console=ttyO2,115200n8 debug ignore_loglevel earlyprintk root=/dev/mmcblk0p2 rootwait nohlt 

bootargs_defaults=setenv bootargs console=${console} ${optargs}

bootcmd=

bootdelay=3

bootenv=uEnv.txt

bootfile=tigt-0001-desktop/2012-09-19t22-05-12-184/am3517-evm/70132be54a7f7fcf07b00ec4a126f0b2

bootscript=echo Running bootscript from mmc ...; source ${loadaddr}

console=ttyO2,115200n8

dieid#=5f5c00010000000001685a201600f025

ethact=DaVinci-EMAC

ethaddr=40:98:4e:74:71:9d

importbootenv=echo Importing environment from mmc ...; env import -t $loadaddr $filesize

kloadaddr=0x80007fc0

loadaddr=0x82000000

loadbootenv=fatload mmc ${mmc_dev} ${loadaddr} ${bootenv}

loadbootscript=fatload mmc ${mmcdev} ${loadaddr} boot.scr

loaduimage=fatload mmc ${mmcdev} ${kloadaddr} uImage

mmc_load_uimage=mmc rescan; fatload mmc 0 ${loadaddr} uImage

mmcargs=run bootargs_defaults; setenv bootargs ${bootargs} root=/dev/mmcblk0p2 rw rootfstype=ext3 rootwait

mmcboot=echo Booting from mmc ...; run mmcargs; bootm ${kloadaddr}; 

mmcdev=0

nandargs=run bootargs_defaults; setenv bootargs ${bootargs} root=/dev/mtdblock4 rw rootfstype=jffs2

nandboot=echo Booting from nand ...; run nandargs; nand read ${kloadaddr} 280000 400000; bootm ${kloadaddr}; 

nfs_root_path=10.218.102.142:/home/tigt-0001/NFS_exports/am3517/autofs/ae0d8e03f9b2bf510b0c654ac60741c7

ramdisk_addr=0x8A080000

serverip=10.218.102.142

stderr=serial

stdin=serial

stdout=serial



Environment size: 1515/131068 bytes

AM3517_EVM # 
- 04:01:03 [INFO] Host: printenv
- 04:01:03 [INFO] Target: 
printenv


autoload=no

baudrate=115200

bootargs=console=ttyO2,115200n8 debug ignore_loglevel earlyprintk root=/dev/mmcblk0p2 rootwait nohlt 

bootargs_defaults=setenv bootargs console=${console} ${optargs}

bootcmd=

bootdelay=3

bootenv=uEnv.txt

bootfile=tigt-0001-desktop/2012-09-19t22-05-12-184/am3517-evm/70132be54a7f7fcf07b00ec4a126f0b2

bootscript=echo Running bootscript from mmc ...; source ${loadaddr}

console=ttyO2,115200n8

dieid#=5f5c00010000000001685a201600f025

ethact=DaVinci-EMAC

ethaddr=40:98:4e:74:71:9d

importbootenv=echo Importing environment from mmc ...; env import -t $loadaddr $filesize

kloadaddr=0x80007fc0

loadaddr=0x82000000

loadbootenv=fatload mmc ${mmc_dev} ${loadaddr} ${bootenv}

loadbootscript=fatload mmc ${mmcdev} ${loadaddr} boot.scr

loaduimage=fatload mmc ${mmcdev} ${kloadaddr} uImage

mmc_load_uimage=mmc rescan; fatload mmc 0 ${loadaddr} uImage

mmcargs=run bootargs_defaults; setenv bootargs ${bootargs} root=/dev/mmcblk0p2 rw rootfstype=ext3 rootwait

mmcboot=echo Booting from mmc ...; run mmcargs; bootm ${kloadaddr}; 

mmcdev=0

nandargs=run bootargs_defaults; setenv bootargs ${bootargs} root=/dev/mtdblock4 rw rootfstype=jffs2

nandboot=echo Booting from nand ...; run nandargs; nand read ${kloadaddr} 280000 400000; bootm ${kloadaddr}; 

nfs_root_path=10.218.102.142:/home/tigt-0001/NFS_exports/am3517/autofs/ae0d8e03f9b2bf510b0c654ac60741c7

ramdisk_addr=0x8A080000

serverip=10.218.102.142

stderr=serial

stdin=serial

stdout=serial



Environment size: 1515/131068 bytes

AM3517_EVM # 
- 04:01:03 [INFO] Host: setenv bootargs ''${bootargs}' ip=dhcp '
- 04:01:03 [INFO] Target: 
setenv bootargs ''${bootargs}' ip=dhcp '


AM3517_EVM # 
- 04:01:03 [INFO] Host: setenv ipaddr dhcp
- 04:01:03 [INFO] Target: 
setenv ipaddr dhcp


AM3517_EVM # 
- 04:01:03 [INFO] Host: dhcp
- 04:01:04 [INFO] Target: 
dhcp


BOOTP broadcast 1

DHCP client bound to address 10.218.102.209

AM3517_EVM # 
- 04:01:04 [INFO] Host: setenv serverip '10.218.102.142'
- 04:01:04 [INFO] Target: 
setenv serverip '10.218.102.142'


AM3517_EVM # 
- 04:01:04 [INFO] Host: tftp ${loadaddr} 10.218.102.142:vatf_am3517-evm/75b63ef9a3331297733c309b806487e6
- 04:01:11 [INFO] Target: 
tftp ${loadaddr} 10.218.102.142:vatf_am3517-evm/75b63ef9a3331297733c309b806487e6


Using DaVinci-EMAC device

TFTP from server 10.218.102.142; our IP address is 10.218.102.209

Filename 'vatf_am3517-evm/75b63ef9a3331297733c309b806487e6'.

Load address: 0x82000000

Loading: *#################################################################

	 #################################################################

	 #################################################################

	 #################################################################

	 #################################################################

	 #################################################################

	 #################################################################

	 #################################################################

	 #################################################################

	 #################################################################

	 #################################################################

	 #################################################################

	 #################################################################

	 #################################################################

	 ###########################################################

done

Bytes transferred = 4956881 (4ba2d1 hex)

AM3517_EVM # 
- 04:01:11 [INFO] Host: ls mmc 0:1
- 04:01:11 [INFO] Target: 
ls mmc 0:1


ls - list files in a directory (default /)



Usage:

ls [ directory ]

AM3517_EVM # 
- 04:01:11 [INFO] Host: ls mmc 0:2
- 04:01:11 [INFO] Target: 
ls mmc 0:2


ls - list files in a directory (default /)



Usage:

ls [ directory ]

AM3517_EVM # 
- 04:01:11 [INFO] Host: ls mmc 0:3
- 04:01:11 [INFO] Target: 
ls mmc 0:3


ls - list files in a directory (default /)



Usage:

ls [ directory ]

AM3517_EVM # 
- 04:01:11 [INFO] Host: ls mmc 0:4
- 04:01:11 [INFO] Target: 
ls mmc 0:4


ls - list files in a directory (default /)



Usage:

ls [ directory ]

AM3517_EVM # 
- 04:01:11 [INFO] Host: ls mmc 0:5
- 04:01:11 [INFO] Target: 
ls mmc 0:5


ls - list files in a directory (default /)



Usage:

ls [ directory ]

AM3517_EVM # 
- 04:01:11 [INFO] Host: part uuid mmc 0:
- 04:01:11 [INFO] Target: 
part uuid mmc 0:


Unknown command 'part' - try 'help'

AM3517_EVM # 
- 04:01:11 [INFO] Host: printenv
- 04:01:11 [INFO] Target: 
printenv


autoload=no

baudrate=115200

bootargs=console=ttyO2,115200n8 debug ignore_loglevel earlyprintk root=/dev/mmcblk0p2 rootwait nohlt ip=dhcp

bootargs_defaults=setenv bootargs console=${console} ${optargs}

bootcmd=

bootdelay=3

bootenv=uEnv.txt

bootfile=tigt-0001-desktop/2012-09-19t22-05-12-184/am3517-evm/70132be54a7f7fcf07b00ec4a126f0b2

bootscript=echo Running bootscript from mmc ...; source ${loadaddr}

console=ttyO2,115200n8

dieid#=5f5c00010000000001685a201600f025

dnsip=192.0.2.2

dnsip2=192.0.2.3

ethact=DaVinci-EMAC

ethaddr=40:98:4e:74:71:9d

fileaddr=82000000

filesize=4BA2D1

importbootenv=echo Importing environment from mmc ...; env import -t $loadaddr $filesize

ipaddr=10.218.102.209

kloadaddr=0x80007fc0

loadaddr=0x82000000

loadbootenv=fatload mmc ${mmc_dev} ${loadaddr} ${bootenv}

loadbootscript=fatload mmc ${mmcdev} ${loadaddr} boot.scr

loaduimage=fatload mmc ${mmcdev} ${kloadaddr} uImage

mmc_load_uimage=mmc rescan; fatload mmc 0 ${loadaddr} uImage

mmcargs=run bootargs_defaults; setenv bootargs ${bootargs} root=/dev/mmcblk0p2 rw rootfstype=ext3 rootwait

mmcboot=echo Booting from mmc ...; run mmcargs; bootm ${kloadaddr}; 

mmcdev=0

nandargs=run bootargs_defaults; setenv bootargs ${bootargs} root=/dev/mtdblock4 rw rootfstype=jffs2

nandboot=echo Booting from nand ...; run nandargs; nand read ${kloadaddr} 280000 400000; bootm ${kloadaddr}; 

netmask=255.255.255.0

nfs_root_path=10.218.102.142:/home/tigt-0001/NFS_exports/am3517/autofs/ae0d8e03f9b2bf510b0c654ac60741c7

ramdisk_addr=0x8A080000

serverip=10.218.102.142

stderr=serial

stdin=serial

stdout=serial



Environment size: 1645/131068 bytes

AM3517_EVM # 
- 04:01:11 [INFO] Host: setenv bootargs ''${bootargs}' root=/dev/mmcblk0p2 rw rootfstype=ext3 rootwait '
- 04:01:12 [INFO] Target: 
setenv bootargs ''${bootargs}' root=/dev/mmcblk0p2 rw rootfstype=ext3 rootwait '


AM3517_EVM # 
- 04:01:12 [INFO] Host: printenv
- 04:01:12 [INFO] Target: 
printenv


autoload=no

baudrate=115200

bootargs=console=ttyO2,115200n8 debug ignore_loglevel earlyprintk root=/dev/mmcblk0p2 rootwait nohlt ip=dhcp root=/dev/mmcblk0p2 rw rootfstype=ext3 rootwait

bootargs_defaults=setenv bootargs console=${console} ${optargs}

bootcmd=

bootdelay=3

bootenv=uEnv.txt

bootfile=tigt-0001-desktop/2012-09-19t22-05-12-184/am3517-evm/70132be54a7f7fcf07b00ec4a126f0b2

bootscript=echo Running bootscript from mmc ...; source ${loadaddr}

console=ttyO2,115200n8

dieid#=5f5c00010000000001685a201600f025

dnsip=192.0.2.2

dnsip2=192.0.2.3

ethact=DaVinci-EMAC

ethaddr=40:98:4e:74:71:9d

fileaddr=82000000

filesize=4BA2D1

importbootenv=echo Importing environment from mmc ...; env import -t $loadaddr $filesize

ipaddr=10.218.102.209

kloadaddr=0x80007fc0

loadaddr=0x82000000

loadbootenv=fatload mmc ${mmc_dev} ${loadaddr} ${bootenv}

loadbootscript=fatload mmc ${mmcdev} ${loadaddr} boot.scr

loaduimage=fatload mmc ${mmcdev} ${kloadaddr} uImage

mmc_load_uimage=mmc rescan; fatload mmc 0 ${loadaddr} uImage

mmcargs=run bootargs_defaults; setenv bootargs ${bootargs} root=/dev/mmcblk0p2 rw rootfstype=ext3 rootwait

mmcboot=echo Booting from mmc ...; run mmcargs; bootm ${kloadaddr}; 

mmcdev=0

nandargs=run bootargs_defaults; setenv bootargs ${bootargs} root=/dev/mtdblock4 rw rootfstype=jffs2

nandboot=echo Booting from nand ...; run nandargs; nand read ${kloadaddr} 280000 400000; bootm ${kloadaddr}; 

netmask=255.255.255.0

nfs_root_path=10.218.102.142:/home/tigt-0001/NFS_exports/am3517/autofs/ae0d8e03f9b2bf510b0c654ac60741c7

ramdisk_addr=0x8A080000

serverip=10.218.102.142

stderr=serial

stdin=serial

stdout=serial



Environment size: 1693/131068 bytes

AM3517_EVM # 
- 04:01:12 [INFO] Host: setenv bootcmd ''${bootcmd}' if iminfo ${loadaddr}; then bootm ${loadaddr}  ; else bootz ${loadaddr}  ; bootm ${loadaddr}  ; fi'
- 04:01:12 [INFO] Target: 
setenv bootcmd ''${bootcmd}' if iminfo ${loadaddr}; then bootm ${loadaddr}  ; else bootz ${loadaddr}  ; bootm ${loadaddr}  ; fi'


AM3517_EVM # 
- 04:01:12 [INFO] Host: bdinfo
- 04:01:12 [INFO] Target: 
bdinfo


arch_number = 0x00000898

boot_params = 0x80000100

DRAM bank   = 0x00000000

-> start    = 0x80000000

-> size     = 0x10000000

DRAM bank   = 0x00000001

-> start    = 0x80000000

-> size     = 0x00000000

ethaddr     = 40:98:4e:74:71:9d

ip_addr     = 10.218.102.209

baudrate    = 115200 bps

TLB addr    = 0x8FFF0000

relocaddr   = 0x8FF71000

reloc off   = 0x0FE71000

irq_sp      = 0x8FF30F68

sp start    = 0x8FF30F58

FB base     = 0x00000000

AM3517_EVM # 
- 04:01:12 [INFO] Host: boot
- 04:01:57 [INFO] Target: 
boot


Unknown command 'iminfo' - try 'help'

Unknown command 'bootz' - try 'help'

## Booting kernel from Legacy Image at 82000000 ...

   Image Name:   Linux-3.16.0-rc3-00002-gb576122

   Image Type:   ARM Linux Kernel Image (uncompressed)

   Data Size:    4956817 Bytes = 4.7 MiB

   Load Address: 80800000

   Entry Point:  80800000

   Verifying Checksum ... OK

   Loading Kernel Image ... OK

OK



Starting kernel ...



[    0.000000] Booting Linux on physical CPU 0x0

[    0.000000] Linux version 3.16.0-rc3-00002-gb576122 (nmenon@kahuna) (gcc version 4.6.3 (Ubuntu/Linaro 4.6.3-1ubuntu5) ) #1 SMP Sun Jul 6 02:57:22 CDT 2014

[    0.000000] CPU: ARMv7 Processor [411fc087] revision 7 (ARMv7), cr=10c5387d

[    0.000000] CPU: PIPT / VIPT nonaliasing data cache, VIPT nonaliasing instruction cache

[    0.000000] Machine model: TI AM3517 EVM (AM3517/05 TMDSEVM3517)

[    0.000000] debug: ignoring loglevel setting.

[    0.000000] cma: CMA: reserved 64 MiB at 8b800000

[    0.000000] Memory policy: Data cache writeback

[    0.000000] On node 0 totalpages: 65280

[    0.000000] free_area_init_node: node 0, pgdat c0c43180, node_mem_map cfcd9000

[    0.000000]   DMA zone: 512 pages used for memmap

[    0.000000]   DMA zone: 0 pages reserved

[    0.000000]   DMA zone: 65280 pages, LIFO batch:15

[    0.000000]   HighMem zone: 1048574 pages exceeds freesize 0

[    0.000000] CPU: All CPU(s) started in SVC mode.

[    0.000000] AM3517 ES1.1 (l2cache sgx neon )

[    0.000000] PERCPU: Embedded 8 pages/cpu @cfc97000 s8448 r8192 d16128 u32768

[    0.000000] pcpu-alloc: s8448 r8192 d16128 u32768 alloc=8*4096

[    0.000000] pcpu-alloc: [0] 0 

[    0.000000] Built 1 zonelists in Zone order, mobility grouping on.  Total pages: 64768

[    0.000000] Kernel command line: console=ttyO2,115200n8 debug ignore_loglevel earlyprintk root=/dev/mmcblk0p2 rootwait nohlt ip=dhcp root=/dev/mmcblk0p2 rw rootfstype=ext3 rootwait

[    0.000000] PID hash table entries: 1024 (order: 0, 4096 bytes)

[    0.000000] Dentry cache hash table entries: 32768 (order: 5, 131072 bytes)

[    0.000000] Inode-cache hash table entries: 16384 (order: 4, 65536 bytes)

[    0.000000] Memory: 182068K/261120K available (6368K kernel code, 891K rwdata, 2560K rodata, 652K init, 304K bss, 79052K reserved, 0K highmem)

[    0.000000] Virtual kernel memory layout:

[    0.000000]     vector  : 0xffff0000 - 0xffff1000   (   4 kB)

[    0.000000]     fixmap  : 0xffc00000 - 0xffe00000   (2048 kB)

[    0.000000]     vmalloc : 0xd0800000 - 0xff000000   ( 744 MB)

[    0.000000]     lowmem  : 0xc0000000 - 0xd0000000   ( 256 MB)

[    0.000000]     pkmap   : 0xbfe00000 - 0xc0000000   (   2 MB)

[    0.000000]     modules : 0xbf000000 - 0xbfe00000   (  14 MB)

[    0.000000]       .text : 0xc0208000 - 0xc0ac02dc   (8929 kB)

[    0.000000]       .init : 0xc0ac1000 - 0xc0b64100   ( 653 kB)

[    0.000000]       .data : 0xc0b66000 - 0xc0c44e80   ( 892 kB)

[    0.000000]        .bss : 0xc0c44e88 - 0xc0c90f10   ( 305 kB)

[    0.000000] SLUB: HWalign=64, Order=0-3, MinObjects=0, CPUs=1, Nodes=1

[    0.000000] Hierarchical RCU implementation.

[    0.000000] 	RCU restricting CPUs from NR_CPUS=8 to nr_cpu_ids=1.

[    0.000000] RCU: Adjusting geometry for rcu_fanout_leaf=16, nr_cpu_ids=1

[    0.000000] NR_IRQS:16 nr_irqs:16 16

[    0.000000] IRQ: Found an INTC at 0xfa200000 (revision 4.0) with 96 interrupts

[    0.000000] Total of 96 interrupts on 1 active controller

[    0.000000] Clocking rate (Crystal/Core/MPU): 26.0/332/600 MHz

[    0.000000] OMAP clockevent source: timer2 at 13000000 Hz

[    0.000025] sched_clock: 32 bits at 13MHz, resolution 76ns, wraps every 330382100403ns

[    0.000060] OMAP clocksource: timer1 at 13000000 Hz

[    0.000347] Console: colour dummy device 80x30

[    0.000393] Calibrating delay loop... 597.19 BogoMIPS (lpj=1492992)

[    0.073052] pid_max: default: 32768 minimum: 301

[    0.073298] Mount-cache hash table entries: 1024 (order: 0, 4096 bytes)

[    0.073317] Mountpoint-cache hash table entries: 1024 (order: 0, 4096 bytes)

[    0.074291] CPU: Testing write buffer coherency: ok

[    0.074791] CPU0: thread -1, cpu 0, socket -1, mpidr 0

[    0.074947] Setting up static identity map for 0x80804448 - 0x808044e0

[    0.079199] Brought up 1 CPUs

[    0.079224] SMP: Total of 1 processors activated.

[    0.079237] CPU: All CPU(s) started in SVC mode.

[    0.080183] devtmpfs: initialized

[    0.086123] VFP support v0.3: implementor 41 architecture 3 part 30 variant c rev 1

[    0.104114] omap_hwmod: mcbsp2_sidetone using broken dt data from mcbsp

[    0.104656] omap_hwmod: mcbsp3_sidetone using broken dt data from mcbsp

[    0.160267] pinctrl core: initialized pinctrl subsystem

[    0.161204] regulator-dummy: no parameters

[    0.197868] NET: Registered protocol family 16

[    0.202193] DMA: preallocated 256 KiB pool for atomic coherent allocations

[    0.206375] cpuidle: using governor ladder

[    0.206410] cpuidle: using governor menu

[    0.206594] Address Hole seen by USB_OTG  at address dc0f9c0c

[    0.206611] ------------[ cut here ]------------

[    0.206651] WARNING: CPU: 0 PID: 1 at drivers/bus/omap_l3_smx.c:162 omap3_l3_app_irq+0x100/0x120()

[    0.206665] Modules linked in:

[    0.206694] CPU: 0 PID: 1 Comm: swapper/0 Not tainted 3.16.0-rc3-00002-gb576122 #1

[    0.206758] [<c021577c>] (unwind_backtrace) from [<c02113a8>] (show_stack+0x10/0x14)

[    0.206794] [<c02113a8>] (show_stack) from [<c07ff39c>] (dump_stack+0x70/0x8c)

[    0.206830] [<c07ff39c>] (dump_stack) from [<c0248d20>] (warn_slowpath_common+0x64/0x84)

[    0.206855] [<c0248d20>] (warn_slowpath_common) from [<c0248d5c>] (warn_slowpath_null+0x1c/0x24)

[    0.206881] [<c0248d5c>] (warn_slowpath_null) from [<c042ca0c>] (omap3_l3_app_irq+0x100/0x120)

[    0.206914] [<c042ca0c>] (omap3_l3_app_irq) from [<c0285714>] (handle_irq_event_percpu+0x50/0x150)

[    0.206937] [<c0285714>] (handle_irq_event_percpu) from [<c0285858>] (handle_irq_event+0x44/0x64)

[    0.206963] [<c0285858>] (handle_irq_event) from [<c0288128>] (handle_level_irq+0x90/0x138)

[    0.206985] [<c0288128>] (handle_level_irq) from [<c0285144>] (generic_handle_irq+0x20/0x30)

[    0.207008] [<c0285144>] (generic_handle_irq) from [<c020ef34>] (handle_IRQ+0x38/0x90)

[    0.207031] [<c020ef34>] (handle_IRQ) from [<c02086f0>] (omap3_intc_handle_irq+0x84/0x9c)

[    0.207055] [<c02086f0>] (omap3_intc_handle_irq) from [<c0211ec0>] (__irq_svc+0x40/0x50)

[    0.207068] Exception stack(0xcb055da8 to 0xcb055df0)

[    0.207087] 5da0:                   cb00541c 60000153 00000000 00000006 cb0053c0 cb0d4e40

[    0.207106] 5dc0: cb00541c 00000000 0000001a cb0053f4 60000153 00000000 cb0053c0 cb055df0

[    0.207121] 5de0: c0286e90 c0803de0 60000153 ffffffff

[    0.207152] [<c0211ec0>] (__irq_svc) from [<c0803de0>] (_raw_spin_unlock_irqrestore+0x1c/0x20)

[    0.207177] [<c0803de0>] (_raw_spin_unlock_irqrestore) from [<c0286e90>] (__setup_irq+0x2dc/0x4c0)

[    0.207200] [<c0286e90>] (__setup_irq) from [<c0287120>] (request_threaded_irq+0xac/0x128)

[    0.207225] [<c0287120>] (request_threaded_irq) from [<c0af4314>] (omap3_l3_probe+0x100/0x15c)

[    0.207256] [<c0af4314>] (omap3_l3_probe) from [<c0528220>] (platform_drv_probe+0x18/0x48)

[    0.207292] [<c0528220>] (platform_drv_probe) from [<c05269ac>] (driver_probe_device+0x114/0x234)

[    0.207317] [<c05269ac>] (driver_probe_device) from [<c0526b58>] (__driver_attach+0x8c/0x90)

[    0.207341] [<c0526b58>] (__driver_attach) from [<c0525368>] (bus_for_each_dev+0x54/0x88)

[    0.207365] [<c0525368>] (bus_for_each_dev) from [<c05261b4>] (bus_add_driver+0xd8/0x1cc)

[    0.207386] [<c05261b4>] (bus_add_driver) from [<c0527194>] (driver_register+0x78/0xf4)

[    0.207407] [<c0527194>] (driver_register) from [<c0527c2c>] (platform_driver_probe+0x20/0xa4)

[    0.207429] [<c0527c2c>] (platform_driver_probe) from [<c0208c64>] (do_one_initcall+0x80/0x1c4)

[    0.207460] [<c0208c64>] (do_one_initcall) from [<c0ac1c88>] (kernel_init_freeable+0x100/0x1cc)

[    0.207499] [<c0ac1c88>] (kernel_init_freeable) from [<c07fab4c>] (kernel_init+0x8/0xe4)

[    0.207525] [<c07fab4c>] (kernel_init) from [<c020e6f8>] (ret_from_fork+0x14/0x3c)

[    0.207588] ---[ end trace debb5ca19cfec6ea ]---

[    0.214490] Reprogramming SDRC clock to 332000000 Hz

[    0.216564] platform 480c5000.aes: Cannot lookup hwmod 'aes'

[    0.221425] OMAP GPIO hardware version 2.5

[    0.233238] platform 480c3000.sham: Cannot lookup hwmod 'sham'

[    0.233698] platform 480cb000.smartreflex: Cannot lookup hwmod 'smartreflex_core'

[    0.239557] omap-gpmc 6e000000.gpmc: GPMC revision 5.0

[    0.240079] platform 480ab000.usb_otg_hs: Cannot lookup hwmod 'usb_otg_hs'

[    0.242293] No ATAGs?

[    0.242330] hw-breakpoint: debug architecture 0x4 unsupported.

[    0.242688] EXYNOS: PMU not supported

[    0.244633] OMAP DMA hardware revision 4.0

[    0.247679] Serial: AMBA PL011 UART driver

[    0.271323] edma-dma-engine edma-dma-engine.0: Can't allocate PaRAM dummy slot

[    0.271382] edma-dma-engine: probe of edma-dma-engine.0 failed with error -5

[    0.295917] omap-dma-engine 48056000.dma-controller: OMAP DMA engine driver

[    0.296881] vmmc_fixed: 3300 mV 

[    0.300953] vgaarb: loaded

[    0.302199] SCSI subsystem initialized

[    0.302809] libata version 3.00 loaded.

[    0.303631] usbcore: registered new interface driver usbfs

[    0.303775] usbcore: registered new interface driver hub

[    0.304035] usbcore: registered new device driver usb

[    0.306173] omap_i2c 48070000.i2c: bus 0 rev3.3 at 400 kHz

[    0.306996] omap_i2c 48072000.i2c: bus 1 rev3.3 at 400 kHz

[    0.307732] omap_i2c 48060000.i2c: bus 2 rev3.3 at 400 kHz

[    0.308405] Linux video capture interface: v2.00

[    0.308517] pps_core: LinuxPPS API ver. 1 registered

[    0.308530] pps_core: Software ver. 5.3.6 - Copyright 2005-2007 Rodolfo Giometti <giometti@linux.it>

[    0.308587] PTP clock support registered

[    0.308735] EDAC MC: Ver: 3.0.0

[    0.310384] Advanced Linux Sound Architecture Driver Initialized.

[    0.312686] Switched to clocksource timer1

[    0.333709] NET: Registered protocol family 2

[    0.334707] TCP established hash table entries: 2048 (order: 1, 8192 bytes)

[    0.334760] TCP bind hash table entries: 2048 (order: 2, 16384 bytes)

[    0.334818] TCP: Hash tables configured (established 2048 bind 2048)

[    0.334949] TCP: reno registered

[    0.334972] UDP hash table entries: 256 (order: 1, 8192 bytes)

[    0.335006] UDP-Lite hash table entries: 256 (order: 1, 8192 bytes)

[    0.335306] NET: Registered protocol family 1

[    0.335936] RPC: Registered named UNIX socket transport module.

[    0.335954] RPC: Registered udp transport module.

[    0.335965] RPC: Registered tcp transport module.

[    0.335977] RPC: Registered tcp NFSv4.1 backchannel transport module.

[    0.336023] PCI: CLS 0 bytes, default 64

[    0.339537] hw perfevents: enabled with ARMv7 Cortex-A8 PMU driver, 5 counters available

[    0.343689] futex hash table entries: 256 (order: 2, 16384 bytes)

[    0.368332] squashfs: version 4.0 (2009/01/31) Phillip Lougher

[    0.369981] NFS: Registering the id_resolver key type

[    0.370085] Key type id_resolver registered

[    0.370100] Key type id_legacy registered

[    0.370201] msgmni has been set to 483

[    0.371509] Block layer SCSI generic (bsg) driver version 0.4 loaded (major 249)

[    0.371542] io scheduler noop registered

[    0.371563] io scheduler deadline registered

[    0.371953] io scheduler cfq registered (default)

[    0.375389] pinctrl-single 48002030.pinmux: 284 pins at pa fa002030 size 568

[    0.375774] pinctrl-single 48002a00.pinmux: 46 pins at pa fa002a00 size 92

[    0.504324] Serial: 8250/16550 driver, 4 ports, IRQ sharing disabled

[    0.508129] Serial: IMX driver

[    0.508722] msm_serial: driver initialized

[    0.509630] omap_uart 4806a000.serial: no wakeirq for uart0

[    0.509903] 4806a000.serial: ttyO0 at MMIO 0x4806a000 (irq = 88, base_baud = 3000000) is a OMAP UART0

[    0.510780] omap_uart 4806c000.serial: no wakeirq for uart0

[    0.510987] 4806c000.serial: ttyO1 at MMIO 0x4806c000 (irq = 89, base_baud = 3000000) is a OMAP UART1

[    0.511727] omap_uart 49020000.serial: no wakeirq for uart0

[    0.511916] 49020000.serial: ttyO2 at MMIO 0x49020000 (irq = 90, base_baud = 3000000) is a OMAP UART2

[    1.615518] console [ttyO2] enabled

[    1.620136] STMicroelectronics ASC driver initialized

[    1.626915] serial: Freescale lpuart driver

[    1.631769] [drm] Initialized drm 1.1.0 20060810

[    1.646873] loop: module loaded

[    1.660416] CAN device driver interface

[    1.707745] davinci_mdio davinci_mdio.0: davinci mdio revision 1.5

[    1.714299] davinci_mdio davinci_mdio.0: detected phy mask fffffffe

[    1.721945] libphy: davinci_mdio.0: probed

[    1.726360] davinci_mdio davinci_mdio.0: phy[0]: device davinci_mdio.0:00, driver unknown

[    1.735523] pegasus: v0.9.3 (2013/04/25), Pegasus/Pegasus II USB Ethernet driver

[    1.743535] usbcore: registered new interface driver pegasus

[    1.749686] usbcore: registered new interface driver asix

[    1.755516] usbcore: registered new interface driver ax88179_178a

[    1.762068] usbcore: registered new interface driver cdc_ether

[    1.768406] usbcore: registered new interface driver smsc75xx

[    1.774638] usbcore: registered new interface driver smsc95xx

[    1.780827] usbcore: registered new interface driver net1080

[    1.786925] usbcore: registered new interface driver cdc_subset

[    1.793296] usbcore: registered new interface driver zaurus

[    1.799396] usbcore: registered new interface driver cdc_ncm

[    1.805444] ehci_hcd: USB 2.0 'Enhanced' Host Controller (EHCI) Driver

[    1.812355] ehci-pci: EHCI PCI platform driver

[    1.817188] ehci-platform: EHCI generic platform driver

[    1.823063] ehci-omap: OMAP-EHCI Host Controller driver

[    1.829161] ehci-omap 48064800.ehci: EHCI Host Controller

[    1.834961] ehci-omap 48064800.ehci: new USB bus registered, assigned bus number 1

[    1.843439] ehci-omap 48064800.ehci: irq 93, io mem 0x48064800

[    1.857703] ehci-omap 48064800.ehci: USB 2.0 started, EHCI 1.00

[    1.865756] hub 1-0:1.0: USB hub found

[    1.869880] hub 1-0:1.0: 3 ports detected

[    1.875402] ehci-orion: EHCI orion driver

[    1.880090] SPEAr-ehci: EHCI SPEAr driver

[    1.884617] tegra-ehci: Tegra EHCI driver

[    1.889133] ohci_hcd: USB 1.1 'Open' Host Controller (OHCI) Driver

[    1.895720] ohci-pci: OHCI PCI platform driver

[    1.900574] ohci-platform: OHCI generic platform driver

[    1.906348] ohci-omap3: OHCI OMAP3 driver

[    1.910998] ohci-omap3 48064400.ohci: OHCI Host Controller

[    1.916865] ohci-omap3 48064400.ohci: new USB bus registered, assigned bus number 2

[    1.925097] ohci-omap3 48064400.ohci: irq 92, io mem 0x48064400

[    2.004348] hub 2-0:1.0: USB hub found

[    2.008471] hub 2-0:1.0: 3 ports detected

[    2.013873] SPEAr-ohci: OHCI SPEAr driver

[    2.019810] usbcore: registered new interface driver usb-storage

[    2.029481] mousedev: PS/2 mouse device common for all mice

[    2.039902] i2c /dev entries driver

[    2.046452] usbcore: registered new interface driver uvcvideo

[    2.052574] USB Video Class driver (1.1.1)

[    2.056924] gspca_main: v2.14.0 registered

[    3.062713] omap_i2c 48070000.i2c: controller timed out

[    4.077682] omap_i2c 48070000.i2c: timeout waiting for bus ready

[    5.092684] omap_i2c 48070000.i2c: timeout waiting for bus ready

[    6.107683] omap_i2c 48070000.i2c: timeout waiting for bus ready

[    7.122682] omap_i2c 48070000.i2c: timeout waiting for bus ready

[    7.134966] sdhci: Secure Digital Host Controller Interface driver

[    7.141532] sdhci: Copyright(c) Pierre Ossman

[    7.148491] omap_hsmmc 4809c000.mmc: pins are not configured from the driver

[    7.183329] Synopsys Designware Multimedia Card Interface Driver

[    7.190793] sdhci-pltfm: SDHCI platform and OF driver helper

[    7.198625] usbcore: registered new interface driver usbhid

[    7.204534] usbhid: USB HID core driver

[    7.217185] TCP: cubic registered

[    7.220816] NET: Registered protocol family 17

[    7.225576] can: controller area network core (rev 20120528 abi 9)

[    7.232281] NET: Registered protocol family 29

[    7.237011] can: raw protocol (rev 20120528)

[    7.241546] can: broadcast manager protocol (rev 20120528 t)

[    7.247551] can: netlink gateway (rev 20130117) max_hops=1

[    7.254243] Key type dns_resolver registered

[    7.259250] omap2_set_init_voltage: unable to find boot up OPP for vdd_mpu_iva

[    7.266899] omap2_set_init_voltage: unable to set vdd_mpu_iva

[    7.272989] omap2_set_init_voltage: unable to find boot up OPP for vdd_core

[    7.280337] omap2_set_init_voltage: unable to set vdd_core

[    7.287112] PM: no software I/O chain control; some wakeups may be lost

[    7.294166] pm: Failed to request pm_wkup irq

[    7.298837] ThumbEE CPU extension supported.

[    7.303409] Registering SWP/SWPB emulation handler

[    7.311058] drivers/rtc/hctosys.c: unable to open rtc device (rtc0)

[    7.364994] mmc0: host does not support reading read-only switch. assuming write-enable.

[    7.375520] mmc0: new high speed SDHC card at address b368

[    7.382267] mmcblk0: mmc0:b368 SDC   3.74 GiB 

[    7.389172]  mmcblk0: p1 p2 p3

[   19.393212] ALSA device list:

[   19.396355]   No soundcards found.

[   19.402898] EXT4-fs (mmcblk0p2): mounting ext3 file system using the ext4 subsystem

[   19.424740] EXT4-fs (mmcblk0p2): warning: maximal mount count reached, running e2fsck is recommended

[   19.797043] EXT4-fs (mmcblk0p2): mounted filesystem with ordered data mode. Opts: (null)

[   19.805672] VFS: Mounted root (ext3 filesystem) on device 179:2.

[   19.822756] devtmpfs: mounted

[   19.827508] Freeing unused kernel memory: 652K (c0ac1000 - c0b64000)


INIT: version 2.86 booting


Please wait: booting...

Error opening /dev/fb0: No such file or directory

Starting udev

[   20.522442] udevd (75): /proc/75/oom_adj is deprecated, please use /proc/75/oom_score_adj instead.

[   24.060918] random: nonblocking pool is initialized

[   27.258011] EXT4-fs (mmcblk0p3): mounting ext3 file system using the ext4 subsystem

[   27.349696] FAT-fs (mmcblk0p1): codepage cp437 not found

[   27.356672] EXT4-fs (mmcblk0p3): warning: maximal mount count reached, running e2fsck is recommended

[   27.439660] EXT4-fs (mmcblk0p3): mounted filesystem with ordered data mode. Opts: (null)

[   31.121045] alignment: ignoring faults is unsafe on this CPU.  Defaulting to fixup mode.

Remounting root file system...

[   31.219323] EXT4-fs (mmcblk0p2): re-mounted. Opts: (null)

Caching udev devnodes

logger: mount: mount point /proc/bus/usb does not exist

ALSA: Restoring mixer settings...

/usr/sbin/alsactl: load_state:1625: No soundcards found...

Configuring network interfaces... ifconfig: SIOCGIFFLAGS: No such device

done.

Setting up IP spoofing protection: rp_filter.

hwclock: can't open '/dev/misc/rtc': No such file or directory

Sun Dec 25 08:57:00 UTC 2011

hwclock: can't open '/dev/misc/rtc': No such file or directory


INIT: Entering runlevel: 5


Starting system message bus: dbus.

Starting Hardware abstraction layer hald

Starting Dropbear SSH server: dropbear.

Starting telnet daemon.

Starting syslogd/klogd: done

Starting thttpd.

Starting Lighttpd Web Server: lighttpd.

2011-12-25 08:57:03: (log.c.166) server started 

/

/

Starting Matrix GUI application.

***************************************************************

***************************************************************

NOTICE: This file system contains the followin GPLv3 packages:

	binutils-dev

	binutils-symlinks

	binutils

	gdbserver



If you do not wish to distribute GPLv3 components please remove

the above packages prior to distribution.  This can be done using

the opkg remove command.  i.e.:

    opkg remove <package>

Where <package> is the name printed in the list above



NOTE: If the package is a dependency of another package you

      will be notified of the dependent packages.  You should

      use the --force-removal-of-dependent-packages option to

      also remove the dependent packages as well

**************************

 _____                    _____           _         _   

|  _  |___ ___ ___ ___   |  _  |___ ___  |_|___ ___| |_ 

|     |  _| .'| . | . |  |   __|  _| . | | | -_|  _|  _|

|__|__|_| |__,|_  |___|  |__|  |_| |___|_| |___|___|_|  

              |___|                    |___|            



Arago Project http://arago-project.org am3517-evm ttyO2



Arago 2011.09 am3517-evm ttyO2



am3517-evm login: 
- 04:01:57 [INFO] Host: root
- 04:01:57 [INFO] Target: 
root
root@am3517-evm:~# 
- 04:01:57 [INFO] Host: uname -a
- 04:01:57 [INFO] Target: 
uname -a
Linux am3517-evm 3.16.0-rc3-00002-gb576122 #1 SMP Sun Jul 6 02:57:22 CDT 2014 armv7l unknown
root@am3517-evm:~# 
- 04:01:57 [INFO] Host: cat /proc/cmdline
- 04:01:58 [INFO] Target: 
cat /proc/cmdline
console=ttyO2,115200n8 debug ignore_loglevel earlyprintk root=/dev/mmcblk0p2 rootwait nohlt ip=dhcp root=/dev/mmcblk0p2 rw rootfstype=ext3 rootwait
root@am3517-evm:~# 
- 04:01:58 [INFO] Host: uname -a
- 04:01:58 [INFO] Target: 
uname -a
Linux am3517-evm 3.16.0-rc3-00002-gb576122 #1 SMP Sun Jul 6 02:57:22 CDT 2014 armv7l unknown
root@am3517-evm:~# 
- 04:01:58 [INFO] Host: cat /proc/mtd
- 04:01:58 [INFO] Target: 
cat /proc/mtd
dev:    size   erasesize  name
root@am3517-evm:~# 
- 04:02:06 [INFO] Host: export IPERFHOST=10.218.102.142
- 04:02:06 [INFO] Target: 
export IPERFHOST=10.218.102.142
root@am3517-evm:~# 
- 04:02:06 [INFO] Host: export NFS_SERVER=10.218.102.142
- 04:02:06 [INFO] Target: 
export NFS_SERVER=10.218.102.142
root@am3517-evm:~# 
- 04:02:06 [INFO] Host: export NFS_ROOT_PATH=/home/tigt-0001/NFS_exports/am3517
- 04:02:06 [INFO] Target: 
export NFS_ROOT_PATH=/home/tigt-0001/NFS_exports/am3517
root@am3517-evm:~# 
- 04:02:06 [INFO] Host: mkdir -p -m 777 /test
- 04:02:06 [INFO] Target: 
mkdir -p -m 777 /test
root@am3517-evm:~# 
- 04:02:06 [INFO] Host: cd /test
- 04:02:06 [INFO] Target: 
cd /test
root@am3517-evm:/test# 
- 04:02:06 [INFO] Host: cat > test.sh << EOF
- 04:02:06 [INFO] Target: 
cat > test.sh << EOF
> 
- 04:02:06 [INFO] Host: failtest() {

- 04:02:06 [INFO] Target: 
failtest() {
> 
> 
- 04:02:06 [INFO] Host:   echo 1 >&3

- 04:02:06 [INFO] Target: 
  echo 1 >&3
> 
> 
- 04:02:06 [INFO] Host: }

- 04:02:06 [INFO] Target: 
}
> 
> 
- 04:02:06 [INFO] Host: timeout=600

- 04:02:07 [INFO] Target: 
timeout=600
> 
> 
- 04:02:07 [INFO] Host: 

- 04:02:07 [INFO] Target: 

> 
> 
- 04:02:07 [INFO] Host: # Start of user's script logic

- 04:02:07 [INFO] Target: 
# Start of user's script logic
> 
> 
- 04:02:07 [INFO] Host: 

- 04:02:07 [INFO] Target: 

> 
> 
- 04:02:07 [INFO] Host: 

- 04:02:07 [INFO] Target: 

> 
> 
- 04:02:07 [INFO] Host: mount -t proc proc /proc 2>/dev/null;

- 04:02:07 [INFO] Target: 
mount -t proc proc /proc 2>/dev/null;
> 
> 
- 04:02:07 [INFO] Host: 

- 04:02:07 [INFO] Target: 

> 
> 
- 04:02:07 [INFO] Host: mount -t sysfs sys /sys 2>/dev/null;

- 04:02:07 [INFO] Target: 
mount -t sysfs sys /sys 2>/dev/null;
> 
> 
- 04:02:07 [INFO] Host: 

- 04:02:07 [INFO] Target: 

> 
> 
- 04:02:07 [INFO] Host: mount -t debugfs none /sys/kernel/debug 2>/dev/null;

- 04:02:07 [INFO] Target: 
mount -t debugfs none /s
- 04:02:07 [INFO] Host: 

- 04:02:07 [INFO] Target: 
ys/kernel/debug 2>/dev/null;
> 
> 
> 
> 
- 04:02:07 [INFO] Host: echo 'cpuinfo:';cat /proc/cpuinfo; echo '=======';

- 04:02:07 [INFO] Target: 
echo 'cpuinfo:';cat /proc/cpuinfo; echo '=======';
> 
> 
- 04:02:07 [INFO] Host: 

- 04:02:07 [INFO] Target: 

> 
> 
- 04:02:07 [INFO] Host: echo 'soc info:';head /sys/devices/soc0/* 2>/dev/null; echo '=======';

- 04:02:07 [INFO] Target: 
echo 'soc info:';head /sys/devices/soc0/* 2>/dev/null; echo '=======';
> 
> 
- 04:02:07 [INFO] Host: 

- 04:02:07 [INFO] Target: 

> 
> 
- 04:02:07 [INFO] Host: echo 'interrupts:';cat /proc/interrupts; echo '=======';

- 04:02:07 [INFO] Target: 
echo 'interrupts:';cat /proc/interrupts; echo '=======';
> 
> 
- 04:02:07 [INFO] Host: 

- 04:02:07 [INFO] Target: 

> 
> 
- 04:02:07 [INFO] Host: echo 'Clk_summary:';cat /sys/kernel/debug/clk/clk_summary; echo '=======';

- 04:02:07 [INFO] Target: 
echo 'Clk_summary:';cat /sys/kernel/debug/clk/clk_summary; echo '=======';
> 
> 
- 04:02:07 [INFO] Host: 

- 04:02:08 [INFO] Target: 

> 
> 
- 04:02:08 [INFO] Host: echo 'Orphan Clks:';ls /sys/kernel/debug/clk/orphans/; echo '=======';

- 04:02:08 [INFO] Target: 
echo 'Orphan 
- 04:02:08 [INFO] Host: 

- 04:02:08 [INFO] Target: 
Clks:';ls /sys/kernel/debug/clk/orphans/; echo '=======';
> 
> 
> 
> 
- 04:02:08 [INFO] Host: echo 'H''ello World' 'B''oard Booted';

- 04:02:08 [INFO] Target: 
echo 'H''ello World' 'B''oard Booted';
> 
> 
- 04:02:08 [INFO] Host: 

- 04:02:08 [INFO] Target: 

> 
> 
- 04:02:08 [INFO] Host: EOF
- 04:02:08 [INFO] Target: 
EOF
root@am3517-evm:/test# 
- 04:02:08 [INFO] Host: cd /test
- 04:02:08 [INFO] Target: 
cd /test
root@am3517-evm:/test# 
- 04:02:08 [INFO] Host: chmod +x test.sh
- 04:02:08 [INFO] Target: 
chmod +x test.sh
root@am3517-evm:/test# 
- 04:02:08 [INFO] Host: ./test.sh 2> stderr.log > stdout.log 3> result.log
- 04:02:08 [INFO] Target: 
./test.sh 2> stderr.log > stdout.log 3> result.log
root@am3517-evm:/test# 
- 04:02:08 [INFO] Host: echo $?
- 04:02:08 [INFO] Target: 
echo $?
0
root@am3517-evm:/test# 
- 04:02:08 [INFO] Host: cd /test
- 04:02:08 [INFO] Target: 
cd /test
root@am3517-evm:/test# 
- 04:02:08 [INFO] Host: cat stdout.log
- 04:02:10 [INFO] Target: 
cat stdout.log
cpuinfo:
processor	: 0
model name	: ARMv7 Processor rev 7 (v7l)
Features	: swp half thumb fastmult vfp edsp thumbee neon vfpv3 tls vfpd32 
CPU implementer	: 0x41
CPU architecture: 7
CPU variant	: 0x1
CPU part	: 0xc08
CPU revision	: 7

Hardware	: Generic AM3517 (Flattened Device Tree)
Revision	: 0000
Serial		: 0000000000000000
=======
soc info:
==> /sys/devices/soc0/family <==
OMAP3

==> /sys/devices/soc0/machine <==
AM3517

==> /sys/devices/soc0/power <==

==> /sys/devices/soc0/revision <==
ES1.1

==> /sys/devices/soc0/subsystem <==

==> /sys/devices/soc0/type <==
GP

==> /sys/devices/soc0/uevent <==
=======
interrupts:
           CPU0       
 25:          0      INTC   9  l3-debug-irq
 26:          1      INTC  10  l3-app-irq
 28:          0      INTC  12  DMA
 29:       4112      INTC  13  omap-dma-engine
 36:          0      INTC  20  gpmc
 54:       6592      INTC  38  gp_timer
 72:         32      INTC  56  48070000.i2c
 73:         30      INTC  57  48072000.i2c
 77:         30      INTC  61  48060000.i2c
 90:       3620      INTC  74  OMAP UART2
 92:          1      INTC  76  ohci_hcd:usb2
 93:          0      INTC  77  ehci_hcd:usb1
 99:       6286      INTC  83  mmc0
IPI0:          0  CPU wakeup interrupts
IPI1:          0  Timer broadcast interrupts
IPI2:          0  Rescheduling interrupts
IPI3:          0  Function call interrupts
IPI4:          0  Single function call interrupts
IPI5:          0  CPU stop interrupts
IPI6:          0  IRQ work interrupts
IPI7:          0  completion interrupts
Err:          0
=======
Clk_summary:
   clock                         enable_cnt  prepare_cnt        rate   accuracy
--------------------------------------------------------------------------------
 pclk_ck                                  0            0    27000000          0
    vpfe_fck                              0            0    27000000          0
 rmii_ck                                  1            1    50000000          0
    emac_fck                              2            2    50000000          0
 secure_32k_fck                           0            1       32768          0
    wdt1_fck                              0            0       32768          0
    gpt12_fck                             0            1       32768          0
 dummy_ck                                 0            0           0          0
 mcbsp_clks                               0            5           0          0
 sys_altclk                               0            0           0          0
 virt_38_4m_ck                            0            0    38400000          0
 virt_26000000_ck                         1            1    26000000          0
    osc_sys_ck                            1            1    26000000          0
       sys_clkout1                        0            0    26000000          0
       sys_ck                             6           17    13000000          0
          hecc_ck                         0            0    13000000          0
          hsotgusb_fck_am35xx             0            1    13000000          0
          cpefuse_fck                     0            0    13000000          0
          dpll5_ck                        1            1   120000000          0
             dpll5_m2_ck                  1            1   120000000          0
                usbhost_120m_fck           0            0   120000000          0
                usbtll_fck                1            1   120000000          0
          traceclk_src_fck                0            0    13000000          0
             traceclk_fck                 0            0    13000000          0
          emu_src_mux_ck                  0            1    13000000          0
             emu_src_ck                   0            1    13000000          0
                atclk_fck                 0            0    13000000          0
                pclkx2_fck                0            0    13000000          0
                pclk_fck                  0            0     6500000          0
          gpt9_fck                        0            1    13000000          0
          gpt8_fck                        0            1    13000000          0
          gpt7_fck                        0            1    13000000          0
          gpt6_fck                        0            1    13000000          0
          gpt5_fck                        0            1    13000000          0
          gpt4_fck                        0            1    13000000          0
          gpt3_fck                        0            1    13000000          0
          gpt2_fck                        1            1    13000000          0
          gpt1_fck                        1            1    13000000          0
          dss2_alwon_fck                  0            2    13000000          0
          dpll1_ck                        0            1   600000000          0
             dpll1_x2_ck                  0            1  1200000000          0
                dpll1_x2m2_ck             0            1  1200000000          0
                   mpu_ck                 0            1  1200000000          0
                      emu_mpu_alwon_ck           0            0  1200000000          0
                      arm_fck             0            1   600000000          0
          dpll3_ck                        1            1   332000000          0
             dpll3_m2_ck                  1            1   332000000          0
                core_ck                   1            1   332000000          0
                   core_d2_ck             0            0   166000000          0
                   core_d6_ck             0            0    55333333          0
                      sgx_fck             0            0    55333333          0
                   core_d4_ck             0            0    83000000          0
                   core_d3_ck             0            0   110666666          0
                   l3_ick                 2            2   166000000          0
                      sgx_ick             0            0   166000000          0
                      core_l3_ick           6            7   166000000          0
                         ipss_ick           2            2   166000000          0
                            hsotgusb_ick_am35xx           2            2   166000000          0
                            vpfe_ick           0            0   166000000          0
                            emac_ick           2            2   166000000          0
                         gpmc_fck           2            2   166000000          0
                         sdrc_ick           1            1   166000000          0
                      l4_ick              4            4    83000000          0
                         usbhost_ick           1            1    83000000          0
                         dss_ick_3430es2           4            6    83000000          0
                         per_l4_ick          13           18    83000000          0
                            mcbsp4_ick           2            2    83000000          0
                            mcbsp3_ick           2            2    83000000          0
                            mcbsp2_ick           1            1    83000000          0
                            gpt2_ick           1            1    83000000          0
                            gpt3_ick           1            1    83000000          0
                            gpt4_ick           1            1    83000000          0
                            gpt5_ick           1            1    83000000          0
                            gpt6_ick           1            1    83000000          0
                            gpt7_ick           1            1    83000000          0
                            gpt8_ick           1            1    83000000          0
                            gpt9_ick           1            1    83000000          0
                            uart4_ick           1            1    83000000          0
                            uart3_ick           1            1    83000000          0
                            wdt3_ick           0            0    83000000          0
                            gpio2_ick           0            1    83000000          0
                            gpio3_ick           0            1    83000000          0
                            gpio4_ick           0            1    83000000          0
                            gpio5_ick           0            1    83000000          0
                            gpio6_ick           0            1    83000000          0
                         core_l4_ick          19           20    83000000          0
                            mmchs3_ick           1            1    83000000          0
                            usbtll_ick           1            1    83000000          0
                            uart4_ick_am35xx           0            0    83000000          0
                            sha12_ick           0            0    83000000          0
                            aes2_ick           0            0    83000000          0
                            omapctrl_ick           1            1    83000000          0
                            mcbsp1_ick           1            1    83000000          0
                            mcbsp5_ick           1            1    83000000          0
                            gpt10_ick           1            1    83000000          0
                            gpt11_ick           1            1    83000000          0
                            uart1_ick           1            1    83000000          0
                            uart2_ick           1            1    83000000          0
                            i2c1_ick           1            1    83000000          0
                            i2c2_ick           1            1    83000000          0
                            i2c3_ick           1            1    83000000          0
                            mcspi1_ick           1            1    83000000          0
                            mcspi2_ick           1            1    83000000          0
                            mcspi3_ick           1            1    83000000          0
                            mcspi4_ick           1            1    83000000          0
                            hdq_ick           0            1    83000000          0
                            mmchs1_ick           1            1    83000000          0
                            mmchs2_ick           1            1    83000000          0
                         rm_ick           0            0    41500000          0
                   dpll1_fck              0            0   166000000          0
                dpll3_m2x2_ck             0            0   664000000          0
                   corex2_fck             0            0   664000000          0
                      corex2_d5_fck           0            0   132800000          0
                      corex2_d3_fck           0            0   221333333          0
             dpll3_m3_ck                  0            0   166000000          0
                dpll3_m3x2_mul_ck           0            0   332000000          0
                   dpll3_m3x2_ck           0            0   332000000          0
                      emu_core_alwon_ck           0            0   332000000          0
             dpll3_x2_ck                  0            0   664000000          0
          dpll4_ck                        1            3   432000000          0
             dpll4_m6_ck                  0            0   144000000          0
                dpll4_m6x2_mul_ck           0            0   288000000          0
                   dpll4_m6x2_ck           0            0   288000000          0
                      emu_per_alwon_ck           0            0   288000000          0
             dpll4_m5_ck                  0            0   108000000          0
                dpll4_m5x2_mul_ck           0            0   216000000          0
                   dpll4_m5x2_ck           0            0   216000000          0
             dpll4_m4_ck                  0            1   216000000          0
                dpll4_m4x2_mul_ck           0            1   432000000          0
                   dpll4_m4x2_ck           0            1   432000000          0
                      dss1_alwon_fck_3430es2           0            4   432000000          0
             dpll4_m3_ck                  0            1    27000000          0
                dpll4_m3x2_mul_ck           0            1    54000000          0
                   dpll4_m3x2_ck           0            1    54000000          0
                      omap_54m_fck           0            1    54000000          0
                         dss_tv_fck           0            2    54000000          0
                         clkout2_src_ck           0            0    54000000          0
                            sys_clkout2           0            0    54000000          0
             dpll4_m2_ck                  1            1    48000000          0
                dpll4_m2x2_mul_ck           1            1    96000000          0
                   dpll4_m2x2_ck           1            1    96000000          0
                      omap_192m_alwon_fck           0            0    96000000          0
                      omap_96m_alwon_fck           1            2    96000000          0
                         per_96m_fck           0            6    96000000          0
                            mcbsp4_fck           0            1    96000000          0
                            mcbsp3_fck           0            2    96000000          0
                            mcbsp2_fck           0            2    96000000          0
                         cm_96m_fck           1            2    96000000          0
                            cm_96m_d2_fck           1            1    48000000          0
                               omap_48m_fck           3            4    48000000          0
                                  usbhost_48m_fck           1            1    48000000          0
                                  per_48m_fck           1            1    48000000          0
                                     uart3_fck           1            1    48000000          0
                                  core_48m_fck           2            7    48000000          0
                                     uart4_fck_am35xx           0            1    48000000          0
                                     uart1_fck           1            2    48000000          0
                                     uart2_fck           1            1    48000000          0
                                     mcspi1_fck           0            1    48000000          0
                                     mcspi2_fck           0            1    48000000          0
                                     mcspi3_fck           0            1    48000000          0
                                     mcspi4_fck           0            1    48000000          0
                                  omap_12m_fck           0            1    12000000          0
                                     core_12m_fck           0            1    12000000          0
                                        hdq_fck             0            1    12000000          0
                            omap_96m_fck           0            2    96000000          0
                               dss_96m_fck           0            2    96000000          0
                               core_96m_fck           0           10    96000000          0
                                  mcbsp1_fck           0            1    96000000          0
                                  mcbsp5_fck           0            1    96000000          0
                                  mmchs3_fck           0            1    96000000          0
                                  i2c1_fck           0            1    96000000          0
                                  i2c2_fck           0            1    96000000          0
                                  i2c3_fck           0            1    96000000          0
                                  mmchs1_fck           0            1    96000000          0
                                  mmchs2_fck           0            1    96000000          0
             dpll4_x2_ck                  0            0   864000000          0
          wkup_l4_ick                     4            5    13000000          0
             gpt1_ick                     1            1    13000000          0
             gpt12_ick                    1            1    13000000          0
             omap_32ksync_ick             1            1    13000000          0
             gpio1_ick                    0            1    13000000          0
             wdt1_ick                     0            0    13000000          0
             wdt2_ick                     1            1    13000000          0
 virt_19200000_ck                         0            0    19200000          0
 virt_13m_ck                              0            0    13000000          0
 virt_12m_ck                              0            0    12000000          0
 omap_32k_fck                             0            7       32768          0
    ts_fck                                0            0       32768          0
    per_32k_alwon_fck                     0            5       32768          0
       wdt3_fck                           0            0       32768          0
       gpio2_dbck                         0            1       32768          0
       gpio3_dbck                         0            1       32768          0
       gpio4_dbck                         0            1       32768          0
       gpio5_dbck                         0            1       32768          0
       gpio6_dbck                         0            1       32768          0
    wkup_32k_fck                          0            3       32768          0
       wdt2_fck                           0            1       32768          0
       gpio1_dbck                         0            1       32768          0
    gpt11_fck                             0            1       32768          0
    gpt10_fck                             0            1       32768          0
 dummy_apb_pclk                           0            0           0          0
 virt_16_8m_ck                            0            0    16800000          0
=======
Orphan Clks:
=======
Hello World Board Booted
root@am3517-evm:/test# 
- 04:02:10 [INFO] Host: cat stderr.log
- 04:02:10 [INFO] Target: 
cat stderr.log
root@am3517-evm:/test# 
- 04:02:10 [INFO] Host: cat result.log
- 04:02:12 [ERROR] On command: cat result.log waiting for (?m-ix:^1[\0\n\r]+) >>> error: execution expired
- 04:02:12 [INFO] Target: 
cat result.log
root@am3517-evm:/test# 
- 04:02:12 [INFO] Host: cd /test
- 04:02:12 [INFO] Target: 
cd /test
root@am3517-evm:/test# 
FOR DEBUG:URL:http://gtsystest.telogy.design.ti.com/vatf/tigt-0001-desktop/tigt-0001-desktop_vatf@am3517-evm/tigt-0001-desktop07_06_2014_04_00_14/files/session_iteration_1/test_1/dut1_1_log.txt
