- 06:05:29 [INFO] Starting target session
- 06:05:29 [INFO] Connected to am3517-evm via serial 
- 06:05:29 [INFO] Host: #check prompt
- 06:05:32 [ERROR] On command: #check prompt waiting for #check prompt.+?(?-mix:((?-mix:.*\s+login)|[Pp]assword)) >>> error: execution expired
- 06:05:32 [INFO] Target: 
#check prompt
root@am3517-evm:/test# 
- 06:05:32 [INFO] Host: #check prompt
- 06:05:32 [INFO] Target: 
#check prompt
root@am3517-evm:/test# 
- 06:05:32 [INFO] Host: sync;poweroff
- 06:05:50 [INFO] Target: 
sync;poweroff
Broadcast message from root@am3517-evm (ttyO2) (Tue May 14 23:26:00 2013):
The system is going down for system halt NOW!
INIT: Switching to runlevel: 0
root@am3517-evm:/test# 
INIT: Sending processes the TERM signal
INIT: Sending processes the KILL signal
Stopping Dropbear SSH server: stopped /usr/sbin/dropbear (pid 552)
dropbear.
Stopping telnet daemon.
Stopping system message bus: hwclock: can't open '/dev/misc/rtc': No such file or directory
Error opening /dev/fb0: No such file or directory
Stopping syslogd/klogd: stopped syslogd (pid 562)
stopped klogd (pid 565)
done
Stopping thttpd.
ALSA: Storing mixer settings...
/usr/sbin/alsactl: save_state:1580: No soundcards found...
Deconfiguring network interfaces... [ 1288.761514] davinci_mdio davinci_mdio.0: resetting idled controller
[ 1288.790464] davinci_mdio davinci_mdio.0: resetting idled controller
[ 1288.797774] net eth0: attached PHY driver [SMSC LAN8710/LAN8720] (mii_bus:phy_addr=davinci_mdio.0:00, id=7c0f1)
[ 1288.808705] IPv6: ADDRCONF(NETDEV_UP): eth0: link is not ready
done.
Stopping Lighttpd Web Server: stopped /usr/sbin/lighttpd (pid 573)
lighttpd.
Stopping Matrix GUI applicationstart-stop-daemon: warning: killing process 617: No such process
***************************************************************
***************************************************************
NOTICE: This file system contains the followin GPLv3 packages:
	binutils-symlinks
	binutils
	gdbserver
If you do not wish to distribute GPLv3 components please remove
the above packages prior to distribution.  This can be done using
the opkg remove command.  i.e.:
    opkg remove <package>
Where <package> is the name printed in the list above
NOTE: If the package is a dependency of another package you
      will be notified of the dependent packages.  You should
      use the --force-removal-of-dependent-packages option to
      also remove the dependent packages as well
***************************************************************
***************************************************************
Sending all processes the TERM signal...
[ 1290.790419] davinci_emac davinci_emac.0 eth0: Link is Up - 100Mbps/Full - flow control rx/tx
[ 1290.799623] IPv6: ADDRCONF(NETDEV_CHANGE): eth0: link becomes ready
Sending all processes the KILL signal...
Unmounting remote filesystems...
Deactivating swap...
Unmounting local filesystems...
[ 1296.710107] EXT4-fs (mmcblk0p2): re-mounted. Opts: data=ordered
[ 1298.957815] reboot: System halted
- 06:05:50 [INFO] Disconnected serial from am3517-evm
- 06:06:13 [INFO] Connected to am3517-evm via serial 
- 06:06:14 [INFO] Host: 
- 06:06:18 [INFO] Target: 
tm1`U
@  @QT,0@  @
U-Boot SPL 2011.09-00000-gb71d291 (Apr 05 2013 - 03:00:48)
Texas Instruments Revision detection unimplemented
OMAP SD/MMC: 0
reading u-boot.img
reading u-boot.img
U-Boot 2011.09-00000-gb71d291 (Apr 05 2013 - 03:00:48)
AM35XX-GP ES2.0, CPU-OPP2, L3-165MHz, Max CPU Clock 600 Mhz
AM3517EVM Board + LPDDR/NAND
I2C:   ready
DRAM:  256 MiB
WARNING: Caches not enabled
NAND:  HW ECC [Kernel/FS layout] selected
512 MiB
MMC:   OMAP SD/MMC: 0
*** Warning - bad CRC, using default environment
In:    serial
Out:   serial
Err:   serial
Die ID #1abc000100000000015da3960f00d01f
Net:   Ethernet PHY: GENERIC @ 0x00
DaVinci-EMAC
Hit any key to stop autoboot:  3  0 
AM3517_EVM # 
AM3517_EVM # 
AM3517_EVM # 
AM3517_EVM # 
AM3517_EVM # 
AM3517_EVM # 
AM3517_EVM # 
AM3517_EVM # 
AM3517_EVM # 
AM3517_EVM # 
AM3517_EVM # 
AM3517_EVM # 
AM3517_EVM # 
AM3517_EVM # 
AM3517_EVM # 
AM3517_EVM # 
AM3517_EVM # 
AM3517_EVM # 
AM3517_EVM # 
AM35
- 06:06:18 [INFO] Host: 
- 06:06:18 [INFO] Target: 
AM3517_EVM # 
- 06:06:18 [INFO] Host: version
- 06:06:18 [INFO] Target: 
version
U-Boot 2011.09-00000-gb71d291 (Apr 05 2013 - 03:00:48)
arm-arago-linux-gnueabi-gcc (GCC) 4.5.3 20110311 (prerelease)
GNU ld (GNU Binutils) 2.20.1.20100303
AM3517_EVM # 
- 06:06:18 [INFO] Host: setenv bootargs 'console=ttyO2,115200n8 debug ignore_loglevel earlyprintk root=/dev/mmcblk0p2 rootwait nohlt '
- 06:06:18 [INFO] Target: 
setenv bootargs 'console=ttyO2,115200n8 debug ignore_loglevel earlyprintk root=/dev/mmcblk0p2 rootwait nohlt '
AM3517_EVM # 
- 06:06:18 [INFO] Host: setenv bootcmd  ''
- 06:06:18 [INFO] Target: 
setenv bootcmd  ''
AM3517_EVM # 
- 06:06:18 [INFO] Host: setenv autoload 'no'
- 06:06:19 [INFO] Target: 
setenv autoload 'no'
AM3517_EVM # 
- 06:06:19 [INFO] Host: setenv serverip '192.168.1.254'
- 06:06:19 [INFO] Target: 
setenv serverip '192.168.1.254'
AM3517_EVM # 
- 06:06:19 [INFO] Host: printenv
- 06:06:19 [INFO] Target: 
printenv
autoload=no
baudrate=115200
bootargs=console=ttyO2,115200n8 debug ignore_loglevel earlyprintk root=/dev/mmcblk0p2 rootwait nohlt 
bootargs_defaults=setenv bootargs console=${console} ${optargs}
bootcmd=
bootdelay=3
bootenv=uEnv.txt
bootfile="uImage"
bootscript=echo Running bootscript from mmc ...; source ${loadaddr}
console=ttyO2,115200n8
dieid#=1abc000100000000015da3960f00d01f
ethact=DaVinci-EMAC
ethaddr=08:00:28:0f:49:cb
importbootenv=echo Importing environment from mmc ...; env import -t $loadaddr $filesize
kloadaddr=0x80007fc0
loadaddr=0x82000000
loadbootenv=fatload mmc ${mmc_dev} ${loadaddr} ${bootenv}
loadbootscript=fatload mmc ${mmcdev} ${loadaddr} boot.scr
loaduimage=fatload mmc ${mmcdev} ${kloadaddr} uImage
mmcargs=run bootargs_defaults; setenv bootargs ${bootargs} root=/dev/mmcblk0p2 rw rootfstype=ext3 rootwait
mmcboot=echo Booting from mmc ...; run mmcargs; bootm ${kloadaddr}; 
mmcdev=0
nandargs=run bootargs_defaults; setenv bootargs ${bootargs} root=/dev/mtdblock4 rw rootfstype=jffs2
nandboot=echo Booting from nand ...; run nandargs; nand read ${kloadaddr} 280000 400000; bootm ${kloadaddr}; 
serverip=192.168.1.254
stderr=serial
stdin=serial
stdout=serial
Environment size: 1242/131068 bytes
AM3517_EVM # 
- 06:06:19 [INFO] Host: printenv
- 06:06:19 [INFO] Target: 
printenv
autoload=no
baudrate=115200
bootargs=console=ttyO2,115200n8 debug ignore_loglevel earlyprintk root=/dev/mmcblk0p2 rootwait nohlt 
bootargs_defaults=setenv bootargs console=${console} ${optargs}
bootcmd=
bootdelay=3
bootenv=uEnv.txt
bootfile="uImage"
bootscript=echo Running bootscript from mmc ...; source ${loadaddr}
console=ttyO2,115200n8
dieid#=1abc000100000000015da3960f00d01f
ethact=DaVinci-EMAC
ethaddr=08:00:28:0f:49:cb
importbootenv=echo Importing environment from mmc ...; env import -t $loadaddr $filesize
kloadaddr=0x80007fc0
loadaddr=0x82000000
loadbootenv=fatload mmc ${mmc_dev} ${loadaddr} ${bootenv}
loadbootscript=fatload mmc ${mmcdev} ${loadaddr} boot.scr
loaduimage=fatload mmc ${mmcdev} ${kloadaddr} uImage
mmcargs=run bootargs_defaults; setenv bootargs ${bootargs} root=/dev/mmcblk0p2 rw rootfstype=ext3 rootwait
mmcboot=echo Booting from mmc ...; run mmcargs; bootm ${kloadaddr}; 
mmcdev=0
nandargs=run bootargs_defaults; setenv bootargs ${bootargs} root=/dev/mtdblock4 rw rootfstype=jffs2
nandboot=echo Booting from nand ...; run nandargs; nand read ${kloadaddr} 280000 400000; bootm ${kloadaddr}; 
serverip=192.168.1.254
stderr=serial
stdin=serial
stdout=serial
Environment size: 1242/131068 bytes
AM3517_EVM # 
- 06:06:19 [INFO] Host: setenv bootargs ''${bootargs}' ip=:::::eth0:dhcp '
- 06:06:19 [INFO] Target: 
setenv bootargs ''${bootargs}' ip=:::::eth0:dhcp '
AM3517_EVM # 
- 06:06:19 [INFO] Host: setenv serverip '192.168.1.254'
- 06:06:19 [INFO] Target: 
setenv serverip '192.168.1.254'
AM3517_EVM # 
- 06:06:19 [INFO] Host: setenv autoload 'no'
- 06:06:19 [INFO] Target: 
setenv autoload 'no'
AM3517_EVM # 
- 06:06:19 [INFO] Host: dhcp
- 06:06:20 [INFO] Target: 
dhcp
BOOTP broadcast 1
DHCP client bound to address 192.168.1.184
AM3517_EVM # 
- 06:06:20 [INFO] Host: tftp ${loadaddr} 192.168.1.254:vatf_am3517-evm/80b5abdd8afcae2af7718450abfecd52
- 06:06:26 [INFO] Target: 
tftp ${loadaddr} 192.168.1.254:vatf_am3517-evm/80b5abdd8afcae2af7718450abfecd52
Using DaVinci-EMAC device
TFTP from server 192.168.1.254; our IP address is 192.168.1.184
Filename 'vatf_am3517-evm/80b5abdd8afcae2af7718450abfecd52'.
Load address: 0x82000000
Loading: *#################################################################
	 #################################################################
	 #################################################################
	 #################################################################
	 #################################################################
	 #################################################################
	 ##############################################################
done
Bytes transferred = 6628381 (65241d hex)
AM3517_EVM # 
- 06:06:26 [INFO] Host: ls mmc 0:1
- 06:06:26 [INFO] Target: 
ls mmc 0:1
ls - list files in a directory (default /)
Usage:
ls [ directory ]
AM3517_EVM # 
- 06:06:26 [INFO] Host: ls mmc 0:2
- 06:06:26 [INFO] Target: 
ls mmc 0:2
ls - list files in a directory (default /)
Usage:
ls [ directory ]
AM3517_EVM # 
- 06:06:26 [INFO] Host: ls mmc 0:3
- 06:06:26 [INFO] Target: 
ls mmc 0:3
ls - list files in a directory (default /)
Usage:
ls [ directory ]
AM3517_EVM # 
- 06:06:26 [INFO] Host: ls mmc 0:4
- 06:06:26 [INFO] Target: 
ls mmc 0:4
ls - list files in a directory (default /)
Usage:
ls [ directory ]
AM3517_EVM # 
- 06:06:26 [INFO] Host: ls mmc 0:5
- 06:06:26 [INFO] Target: 
ls mmc 0:5
ls - list files in a directory (default /)
Usage:
ls [ directory ]
AM3517_EVM # 
- 06:06:26 [INFO] Host: part uuid mmc 0:
- 06:06:26 [INFO] Target: 
part uuid mmc 0:
Unknown command 'part' - try 'help'
AM3517_EVM # 
- 06:06:26 [INFO] Host: printenv
- 06:06:26 [INFO] Target: 
printenv
autoload=no
baudrate=115200
bootargs=console=ttyO2,115200n8 debug ignore_loglevel earlyprintk root=/dev/mmcblk0p2 rootwait nohlt ip=:::::eth0:dhcp
bootargs_defaults=setenv bootargs console=${console} ${optargs}
bootcmd=
bootdelay=3
bootenv=uEnv.txt
bootfile=uImage
bootscript=echo Running bootscript from mmc ...; source ${loadaddr}
console=ttyO2,115200n8
dieid#=1abc000100000000015da3960f00d01f
dnsip=192.0.2.2
dnsip2=192.0.2.3
ethact=DaVinci-EMAC
ethaddr=08:00:28:0f:49:cb
fileaddr=82000000
filesize=65241D
importbootenv=echo Importing environment from mmc ...; env import -t $loadaddr $filesize
ipaddr=192.168.1.184
kloadaddr=0x80007fc0
loadaddr=0x82000000
loadbootenv=fatload mmc ${mmc_dev} ${loadaddr} ${bootenv}
loadbootscript=fatload mmc ${mmcdev} ${loadaddr} boot.scr
loaduimage=fatload mmc ${mmcdev} ${kloadaddr} uImage
mmcargs=run bootargs_defaults; setenv bootargs ${bootargs} root=/dev/mmcblk0p2 rw rootfstype=ext3 rootwait
mmcboot=echo Booting from mmc ...; run mmcargs; bootm ${kloadaddr}; 
mmcdev=0
nandargs=run bootargs_defaults; setenv bootargs ${bootargs} root=/dev/mtdblock4 rw rootfstype=jffs2
nandboot=echo Booting from nand ...; run nandargs; nand read ${kloadaddr} 280000 400000; bootm ${kloadaddr}; 
netmask=255.255.255.0
serverip=192.168.1.254
stderr=serial
stdin=serial
stdout=serial
Environment size: 1379/131068 bytes
AM3517_EVM # 
- 06:06:26 [INFO] Host: setenv bootargs ''${bootargs}' root=/dev/mmcblk0p2 rw rootfstype=ext3 rootwait '
- 06:06:27 [INFO] Target: 
setenv bootargs ''${bootargs}' root=/dev/mmcblk0p2 rw rootfstype=ext3 rootwait '
AM3517_EVM # 
- 06:06:27 [INFO] Host: printenv
- 06:06:27 [INFO] Target: 
printenv
autoload=no
baudrate=115200
bootargs=console=ttyO2,115200n8 debug ignore_loglevel earlyprintk root=/dev/mmcblk0p2 rootwait nohlt ip=:::::eth0:dhcp root=/dev/mmcblk0p2 rw rootfstype=ext3 rootwait
bootargs_defaults=setenv bootargs console=${console} ${optargs}
bootcmd=
bootdelay=3
bootenv=uEnv.txt
bootfile=uImage
bootscript=echo Running bootscript from mmc ...; source ${loadaddr}
console=ttyO2,115200n8
dieid#=1abc000100000000015da3960f00d01f
dnsip=192.0.2.2
dnsip2=192.0.2.3
ethact=DaVinci-EMAC
ethaddr=08:00:28:0f:49:cb
fileaddr=82000000
filesize=65241D
importbootenv=echo Importing environment from mmc ...; env import -t $loadaddr $filesize
ipaddr=192.168.1.184
kloadaddr=0x80007fc0
loadaddr=0x82000000
loadbootenv=fatload mmc ${mmc_dev} ${loadaddr} ${bootenv}
loadbootscript=fatload mmc ${mmcdev} ${loadaddr} boot.scr
loaduimage=fatload mmc ${mmcdev} ${kloadaddr} uImage
mmcargs=run bootargs_defaults; setenv bootargs ${bootargs} root=/dev/mmcblk0p2 rw rootfstype=ext3 rootwait
mmcboot=echo Booting from mmc ...; run mmcargs; bootm ${kloadaddr}; 
mmcdev=0
nandargs=run bootargs_defaults; setenv bootargs ${bootargs} root=/dev/mtdblock4 rw rootfstype=jffs2
nandboot=echo Booting from nand ...; run nandargs; nand read ${kloadaddr} 280000 400000; bootm ${kloadaddr}; 
netmask=255.255.255.0
serverip=192.168.1.254
stderr=serial
stdin=serial
stdout=serial
Environment size: 1427/131068 bytes
AM3517_EVM # 
- 06:06:27 [INFO] Host: setenv bootcmd ''${bootcmd}' if iminfo ${loadaddr}; then bootm ${loadaddr}  ; else bootz ${loadaddr}  ; bootm ${loadaddr}  ; fi'
- 06:06:27 [INFO] Target: 
setenv bootcmd ''${bootcmd}' if iminfo ${loadaddr}; then bootm ${loadaddr}  ; else bootz ${loadaddr}  ; bootm ${loadaddr}  ; fi'
AM3517_EVM # 
- 06:06:27 [INFO] Host: version
- 06:06:27 [INFO] Target: 
version
U-Boot 2011.09-00000-gb71d291 (Apr 05 2013 - 03:00:48)
arm-arago-linux-gnueabi-gcc (GCC) 4.5.3 20110311 (prerelease)
GNU ld (GNU Binutils) 2.20.1.20100303
AM3517_EVM # 
- 06:06:27 [INFO] Host: bdinfo
- 06:06:27 [INFO] Target: 
bdinfo
arch_number = 0x00000898
boot_params = 0x80000100
DRAM bank   = 0x00000000
-> start    = 0x80000000
-> size     = 0x10000000
DRAM bank   = 0x00000001
-> start    = 0x80000000
-> size     = 0x00000000
ethaddr     = 08:00:28:0f:49:cb
ip_addr     = 192.168.1.184
baudrate    = 115200 bps
TLB addr    = 0x8FFF0000
relocaddr   = 0x8FF71000
reloc off   = 0x0FE71000
irq_sp      = 0x8FF30F68
sp start    = 0x8FF30F58
FB base     = 0x00000000
AM3517_EVM # 
- 06:06:27 [INFO] Host: mmc rescan; echo $?
- 06:06:27 [INFO] Target: 
mmc rescan; echo $?
AM3517_EVM # 
- 06:06:27 [INFO] Host: fatwrite mmc ${mmcdev}:1 ${loadaddr} ws-calibrate.rules 4
- 06:06:27 [INFO] Target: 
fatwrite mmc ${mmcdev}:1 ${loadaddr} ws-calibrate.rules 4
Unknown command 'fatwrite' - try 'help'
AM3517_EVM # 
- 06:06:27 [INFO] Host: boot
- 06:07:03 [INFO] Target: 
boot
Unknown command 'iminfo' - try 'help'
Unknown command 'bootz' - try 'help'
## Booting kernel from Legacy Image at 82000000 ...
   Image Name:   Linux-4.4.0-rc5-next-20151216-00
   Image Type:   ARM Linux Kernel Image (uncompressed)
   Data Size:    6628317 Bytes = 6.3 MiB
   Load Address: 81000000
   Entry Point:  81000000
   Verifying Checksum ... OK
   Loading Kernel Image ... OK
Starting kernel ...
[    0.000000] Booting Linux on physical CPU 0x0
[    0.000000] Linux version 4.4.0-rc5-next-20151216-00002-g3dcb3315bb8d (nmenon@kahuna) (gcc version 4.6.3 (Ubuntu/Linaro 4.6.3-1ubuntu5) ) #1 SMP Wed Dec 16 06:01:54 CST 2015
[    0.000000] CPU: ARMv7 Processor [411fc087] revision 7 (ARMv7), cr=10c5387d
[    0.000000] CPU: PIPT / VIPT nonaliasing data cache, VIPT nonaliasing instruction cache
[    0.000000] Machine model: TI AM3517 EVM (AM3517/05 TMDSEVM3517)
[    0.000000] debug: ignoring loglevel setting.
[    0.000000] cma: Reserved 64 MiB at 0x8b800000
[    0.000000] Memory policy: Data cache writeback
[    0.000000] On node 0 totalpages: 65024
[    0.000000] free_area_init_node: node 0, pgdat c1007a40, node_mem_map cfbd9000
[    0.000000]   DMA zone: 512 pages used for memmap
[    0.000000]   DMA zone: 0 pages reserved
[    0.000000]   DMA zone: 65024 pages, LIFO batch:15
[    0.000000] CPU: All CPU(s) started in SVC mode.
[    0.000000] AM3517 ES1.1 (l2cache sgx neon )
[    0.000000] PERCPU: Embedded 13 pages/cpu @cfb92000 s23232 r8192 d21824 u53248
[    0.000000] pcpu-alloc: s23232 r8192 d21824 u53248 alloc=13*4096
[    0.000000] pcpu-alloc: [0] 0 
[    0.000000] Built 1 zonelists in Zone order, mobility grouping on.  Total pages: 64512
[    0.000000] Kernel command line: console=ttyO2,115200n8 debug ignore_loglevel earlyprintk root=/dev/mmcblk0p2 rootwait nohlt ip=:::::eth0:dhcp root=/dev/mmcblk0p2 rw rootfstype=ext3 rootwait
[    0.000000] PID hash table entries: 1024 (order: 0, 4096 bytes)
[    0.000000] Dentry cache hash table entries: 32768 (order: 5, 131072 bytes)
[    0.000000] Inode-cache hash table entries: 16384 (order: 4, 65536 bytes)
[    0.000000] Memory: 177120K/260096K available (8360K kernel code, 1094K rwdata, 3844K rodata, 1040K init, 343K bss, 17440K reserved, 65536K cma-reserved, 0K highmem)
[    0.000000] Virtual kernel memory layout:
[    0.000000]     vector  : 0xffff0000 - 0xffff1000   (   4 kB)
[    0.000000]     fixmap  : 0xffc00000 - 0xfff00000   (3072 kB)
[    0.000000]     vmalloc : 0xd0800000 - 0xff800000   ( 752 MB)
[    0.000000]     lowmem  : 0xc0000000 - 0xd0000000   ( 256 MB)
[    0.000000]     pkmap   : 0xbfe00000 - 0xc0000000   (   2 MB)
[    0.000000]     modules : 0xbf000000 - 0xbfe00000   (  14 MB)
[    0.000000]       .text : 0xc0208000 - 0xc0df4000   (12208 kB)
[    0.000000]       .init : 0xc0df4000 - 0xc0ef8000   (1040 kB)
[    0.000000]       .data : 0xc0ef8000 - 0xc10099c0   (1095 kB)
[    0.000000]        .bss : 0xc100c000 - 0xc1061fa0   ( 344 kB)
[    0.000000] SLUB: HWalign=64, Order=0-3, MinObjects=0, CPUs=1, Nodes=1
[    0.000000] Hierarchical RCU implementation.
[    0.000000] 	Build-time adjustment of leaf fanout to 32.
[    0.000000] 	RCU restricting CPUs from NR_CPUS=16 to nr_cpu_ids=1.
[    0.000000] RCU: Adjusting geometry for rcu_fanout_leaf=32, nr_cpu_ids=1
[    0.000000] NR_IRQS:16 nr_irqs:16 16
[    0.000000] IRQ: Found an INTC at 0xfa200000 (revision 4.0) with 96 interrupts
[    0.000000] Clocking rate (Crystal/Core/MPU): 26.0/332/600 MHz
[    0.000000] OMAP clockevent source: timer2 at 13000000 Hz
[    0.000026] sched_clock: 32 bits at 13MHz, resolution 76ns, wraps every 165191050201ns
[    0.000063] clocksource: timer1: mask: 0xffffffff max_cycles: 0xffffffff, max_idle_ns: 147020034397 ns
[    0.000081] OMAP clocksource: timer1 at 13000000 Hz
[    0.000368] Console: colour dummy device 80x30
[    0.000422] Calibrating delay loop... 597.19 BogoMIPS (lpj=1492992)
[    0.072654] pid_max: default: 32768 minimum: 301
[    0.072875] Mount-cache hash table entries: 1024 (order: 0, 4096 bytes)
[    0.072895] Mountpoint-cache hash table entries: 1024 (order: 0, 4096 bytes)
[    0.074106] CPU: Testing write buffer coherency: ok
[    0.074660] CPU0: thread -1, cpu 0, socket -1, mpidr 0
[    0.074845] Setting up static identity map for 0x80209000 - 0x80209098
[    0.082565] Brought up 1 CPUs
[    0.082596] SMP: Total of 1 processors activated (597.19 BogoMIPS).
[    0.082687] CPU: All CPU(s) started in SVC mode.
[    0.085072] devtmpfs: initialized
[    0.122997] VFP support v0.3: implementor 41 architecture 3 part 30 variant c rev 1
[    0.124779] clocksource: jiffies: mask: 0xffffffff max_cycles: 0xffffffff, max_idle_ns: 9556302231375000 ns
[    0.131132] pinctrl core: initialized pinctrl subsystem
[    0.135325] NET: Registered protocol family 16
[    0.139795] DMA: preallocated 256 KiB pool for atomic coherent allocations
[    0.158299] omap_hwmod: mcbsp2_sidetone using broken dt data from mcbsp
[    0.158852] omap_hwmod: mcbsp3_sidetone using broken dt data from mcbsp
[    0.217553] cpuidle: using governor ladder
[    0.217595] cpuidle: using governor menu
[    0.218685] Reprogramming SDRC clock to 332000000 Hz
[    0.221016] In-band Error seen by USB_OTG  at address 0
[    0.221041] ------------[ cut here ]------------
[    0.221086] WARNING: CPU: 0 PID: 1 at drivers/bus/omap_l3_smx.c:166 omap3_l3_app_irq+0x100/0x120()
[    0.221099] Modules linked in:
[    0.221128] CPU: 0 PID: 1 Comm: swapper/0 Not tainted 4.4.0-rc5-next-20151216-00002-g3dcb3315bb8d #1
[    0.221140] Hardware name: Generic AM3517 (Flattened Device Tree)
[    0.221209] [<c021865c>] (unwind_backtrace) from [<c0213d34>] (show_stack+0x10/0x14)
[    0.221240] [<c0213d34>] (show_stack) from [<c0487848>] (dump_stack+0x70/0x8c)
[    0.221274] [<c0487848>] (dump_stack) from [<c024aad4>] (warn_slowpath_common+0x74/0xac)
[    0.221299] [<c024aad4>] (warn_slowpath_common) from [<c024ab28>] (warn_slowpath_null+0x1c/0x24)
[    0.221323] [<c024ab28>] (warn_slowpath_null) from [<c04b5d38>] (omap3_l3_app_irq+0x100/0x120)
[    0.221350] [<c04b5d38>] (omap3_l3_app_irq) from [<c0289f5c>] (handle_irq_event_percpu+0x50/0x14c)
[    0.221372] [<c0289f5c>] (handle_irq_event_percpu) from [<c028a09c>] (handle_irq_event+0x44/0x68)
[    0.221395] [<c028a09c>] (handle_irq_event) from [<c028d298>] (handle_level_irq+0xa4/0x13c)
[    0.221430] [<c028d298>] (handle_level_irq) from [<c0289898>] (generic_handle_irq+0x18/0x28)
[    0.221455] [<c0289898>] (generic_handle_irq) from [<c0289994>] (__handle_domain_irq+0x54/0xac)
[    0.221477] [<c0289994>] (__handle_domain_irq) from [<c0214854>] (__irq_svc+0x54/0x70)
[    0.221509] [<c0214854>] (__irq_svc) from [<c09e9330>] (_raw_spin_unlock_irqrestore+0x1c/0x20)
[    0.221534] [<c09e9330>] (_raw_spin_unlock_irqrestore) from [<c028bd3c>] (__setup_irq+0x490/0x5a4)
[    0.221555] [<c028bd3c>] (__setup_irq) from [<c028c000>] (request_threaded_irq+0xd0/0x154)
[    0.221578] [<c028c000>] (request_threaded_irq) from [<c04b5bcc>] (omap3_l3_probe+0xec/0x158)
[    0.221608] [<c04b5bcc>] (omap3_l3_probe) from [<c064a73c>] (platform_drv_probe+0x50/0xa0)
[    0.221632] [<c064a73c>] (platform_drv_probe) from [<c0649094>] (driver_probe_device+0x1f8/0x2ac)
[    0.221665] [<c0649094>] (driver_probe_device) from [<c06477d4>] (bus_for_each_drv+0x5c/0x88)
[    0.221688] [<c06477d4>] (bus_for_each_drv) from [<c0648df4>] (__device_attach+0xa0/0x100)
[    0.221707] [<c0648df4>] (__device_attach) from [<c06484c0>] (bus_probe_device+0x84/0x8c)
[    0.221728] [<c06484c0>] (bus_probe_device) from [<c06469e8>] (device_add+0x324/0x51c)
[    0.221756] [<c06469e8>] (device_add) from [<c088ee9c>] (of_platform_device_create_pdata+0x88/0xc0)
[    0.221780] [<c088ee9c>] (of_platform_device_create_pdata) from [<c088efa0>] (of_platform_bus_create+0xcc/0x2ec)
[    0.221801] [<c088efa0>] (of_platform_bus_create) from [<c088f220>] (of_platform_populate+0x60/0xa8)
[    0.221830] [<c088f220>] (of_platform_populate) from [<c0e0a964>] (pdata_quirks_init+0x50/0x70)
[    0.221855] [<c0e0a964>] (pdata_quirks_init) from [<c0e0a600>] (omap_generic_init+0x10/0x1c)
[    0.221883] [<c0e0a600>] (omap_generic_init) from [<c0df6930>] (customize_machine+0x20/0x44)
[    0.221908] [<c0df6930>] (customize_machine) from [<c020ad48>] (do_one_initcall+0x84/0x1d4)
[    0.221930] [<c020ad48>] (do_one_initcall) from [<c0df4d94>] (kernel_init_freeable+0x11c/0x1e8)
[    0.221965] [<c0df4d94>] (kernel_init_freeable) from [<c09e471c>] (kernel_init+0x8/0xe8)
[    0.221990] [<c09e471c>] (kernel_init) from [<c0210bb8>] (ret_from_fork+0x14/0x3c)
[    0.222049] ---[ end trace 52a06504ffb2680e ]---
[    0.225141] platform 480c5000.aes: Cannot lookup hwmod 'aes'
[    0.229675] OMAP GPIO hardware version 2.5
[    0.244672] platform 480c3000.sham: Cannot lookup hwmod 'sham'
[    0.245203] platform 480cb000.smartreflex: Cannot lookup hwmod 'smartreflex_core'
[    0.252234] omap-gpmc 6e000000.gpmc: GPMC revision 5.0
[    0.252270] gpmc_mem_init: disabling cs 0 mapped at 0x0-0x1000000
[    0.252962] platform 480ab000.usb_otg_hs: Cannot lookup hwmod 'usb_otg_hs'
[    0.255887] No ATAGs?
[    0.255932] hw-breakpoint: debug architecture 0x4 unsupported.
[    0.257937] omap4_sram_init:Unable to allocate sram needed to handle errata I688
[    0.257963] omap4_sram_init:Unable to get sram pool needed to handle errata I688
[    0.258360] OMAP DMA hardware revision 4.0
[    0.265173] Serial: AMBA PL011 UART driver
[    0.298036] omap-dma-engine 48056000.dma-controller: OMAP DMA engine driver
[    0.306700] vgaarb: loaded
[    0.308882] SCSI subsystem initialized
[    0.309328] libata version 3.00 loaded.
[    0.310020] usbcore: registered new interface driver usbfs
[    0.310163] usbcore: registered new interface driver hub
[    0.310282] usbcore: registered new device driver usb
[    0.313006] omap_i2c 48070000.i2c: bus 0 rev3.3 at 400 kHz
[    0.313986] omap_i2c 48072000.i2c: bus 1 rev3.3 at 400 kHz
[    0.314835] omap_i2c 48060000.i2c: bus 2 rev3.3 at 400 kHz
[    0.316325] pps_core: LinuxPPS API ver. 1 registered
[    0.316344] pps_core: Software ver. 5.3.6 - Copyright 2005-2007 Rodolfo Giometti <giometti@linux.it>
[    0.316403] PTP clock support registered
[    0.316782] EDAC MC: Ver: 3.0.0
[    0.322175] clocksource: Switched to clocksource timer1
[    0.344227] NET: Registered protocol family 2
[    0.345293] TCP established hash table entries: 2048 (order: 1, 8192 bytes)
[    0.345349] TCP bind hash table entries: 2048 (order: 2, 16384 bytes)
[    0.345407] TCP: Hash tables configured (established 2048 bind 2048)
[    0.345552] UDP hash table entries: 256 (order: 1, 8192 bytes)
[    0.345596] UDP-Lite hash table entries: 256 (order: 1, 8192 bytes)
[    0.345897] NET: Registered protocol family 1
[    0.346588] RPC: Registered named UNIX socket transport module.
[    0.346606] RPC: Registered udp transport module.
[    0.346617] RPC: Registered tcp transport module.
[    0.346629] RPC: Registered tcp NFSv4.1 backchannel transport module.
[    0.346672] PCI: CLS 0 bytes, default 64
[    0.351096] hw perfevents: enabled with armv7_cortex_a8 PMU driver, 5 counters available
[    0.355666] futex hash table entries: 256 (order: 2, 16384 bytes)
[    0.381304] squashfs: version 4.0 (2009/01/31) Phillip Lougher
[    0.383453] NFS: Registering the id_resolver key type
[    0.383575] Key type id_resolver registered
[    0.383590] Key type id_legacy registered
[    0.383709] ntfs: driver 2.1.32 [Flags: R/O].
[    0.387066] Block layer SCSI generic (bsg) driver version 0.4 loaded (major 249)
[    0.387109] io scheduler noop registered
[    0.387275] io scheduler deadline registered
[    0.387366] io scheduler cfq registered (default)
[    0.395615] pinctrl-single 48002030.pinmux: 284 pins at pa fa002030 size 568
[    0.396011] pinctrl-single 48002a00.pinmux: 46 pins at pa fa002a00 size 92
[    0.396573] pinctrl-single 480025d8.pinmux: 18 pins at pa fa0025d8 size 36
[    0.539823] Serial: 8250/16550 driver, 4 ports, IRQ sharing disabled
[    0.544732] SuperH (H)SCI(F) driver initialized
[    0.546259] msm_serial: driver initialized
[    0.546750] omap_uart 4806a000.serial: no wakeirq for uart0
[    0.547032] 4806a000.serial: ttyO0 at MMIO 0x4806a000 (irq = 88, base_baud = 3000000) is a OMAP UART0
[    0.548063] omap_uart 4806c000.serial: no wakeirq for uart1
[    0.548274] 4806c000.serial: ttyO1 at MMIO 0x4806c000 (irq = 89, base_baud = 3000000) is a OMAP UART1
[    0.549043] omap_uart 49020000.serial: no wakeirq for uart2
[    0.549231] 49020000.serial: ttyO2 at MMIO 0x49020000 (irq = 90, base_baud = 3000000) is a OMAP UART2
[    1.685458] console [ttyO2] enabled
[    1.690047] STMicroelectronics ASC driver initialized
[    1.698564] [drm] Initialized drm 1.1.0 20060810
[    1.721130] loop: module loaded
[    1.742585] libphy: Fixed MDIO Bus: probed
[    1.748521] CAN device driver interface
[    1.754895] igb: Intel(R) Gigabit Ethernet Network Driver - version 5.3.0-k
[    1.762290] igb: Copyright (c) 2007-2014 Intel Corporation.
[    1.812275] davinci_mdio davinci_mdio.0: davinci mdio revision 1.5
[    1.818845] davinci_mdio davinci_mdio.0: detected phy mask fffffffe
[    1.826571] libphy: davinci_mdio.0: probed
[    1.831016] davinci_mdio davinci_mdio.0: phy[0]: device davinci_mdio.0:00, driver SMSC LAN8710/LAN8720
[    1.842325] pegasus: v0.9.3 (2013/04/25), Pegasus/Pegasus II USB Ethernet driver
[    1.850304] usbcore: registered new interface driver pegasus
[    1.856453] usbcore: registered new interface driver asix
[    1.862296] usbcore: registered new interface driver ax88179_178a
[    1.868856] usbcore: registered new interface driver cdc_ether
[    1.875199] usbcore: registered new interface driver smsc75xx
[    1.881431] usbcore: registered new interface driver smsc95xx
[    1.887628] usbcore: registered new interface driver net1080
[    1.893729] usbcore: registered new interface driver cdc_subset
[    1.900104] usbcore: registered new interface driver zaurus
[    1.906203] usbcore: registered new interface driver cdc_ncm
[    1.915261] ehci_hcd: USB 2.0 'Enhanced' Host Controller (EHCI) Driver
[    1.922244] ehci-pci: EHCI PCI platform driver
[    1.927037] ehci-platform: EHCI generic platform driver
[    1.932946] ehci-omap: OMAP-EHCI Host Controller driver
[    1.939137] ehci-omap 48064800.ehci: EHCI Host Controller
[    1.944954] ehci-omap 48064800.ehci: new USB bus registered, assigned bus number 1
[    1.953481] ehci-omap 48064800.ehci: irq 93, io mem 0x48064800
[    1.967226] ehci-omap 48064800.ehci: USB 2.0 started, EHCI 1.00
[    1.975289] hub 1-0:1.0: USB hub found
[    1.979437] hub 1-0:1.0: 3 ports detected
[    1.984996] ehci-orion: EHCI orion driver
[    1.989809] SPEAr-ehci: EHCI SPEAr driver
[    1.994423] ehci-st: EHCI STMicroelectronics driver
[    1.999881] ehci-exynos: EHCI EXYNOS driver
[    2.004625] ehci-atmel: EHCI Atmel driver
[    2.009145] tegra-ehci: Tegra EHCI driver
[    2.013683] ohci_hcd: USB 1.1 'Open' Host Controller (OHCI) Driver
[    2.020278] ohci-pci: OHCI PCI platform driver
[    2.025163] ohci-platform: OHCI generic platform driver
[    2.031024] ohci-omap3: OHCI OMAP3 driver
[    2.035754] ohci-omap3 48064400.ohci: OHCI Host Controller
[    2.041635] ohci-omap3 48064400.ohci: new USB bus registered, assigned bus number 2
[    2.050075] ohci-omap3 48064400.ohci: irq 92, io mem 0x48064400
[    2.128955] hub 2-0:1.0: USB hub found
[    2.133114] hub 2-0:1.0: 3 ports detected
[    2.138573] SPEAr-ohci: OHCI SPEAr driver
[    2.143376] ohci-st: OHCI STMicroelectronics driver
[    2.148914] ohci-atmel: OHCI Atmel driver
[    2.154327] usbcore: registered new interface driver usb-storage
[    2.163666] mousedev: PS/2 mouse device common for all mice
[    2.176461] i2c /dev entries driver
[    2.196424] sdhci: Secure Digital Host Controller Interface driver
[    2.203029] sdhci: Copyright(c) Pierre Ossman
[    2.239217] Synopsys Designware Multimedia Card Interface Driver
[    2.247596] sdhci-pltfm: SDHCI platform and OF driver helper
[    2.257124] ledtrig-cpu: registered to indicate activity on CPUs
[    2.264358] usbcore: registered new interface driver usbhid
[    2.270294] usbhid: USB HID core driver
[    2.283338] NET: Registered protocol family 10
[    2.290056] sit: IPv6 over IPv4 tunneling driver
[    2.296418] NET: Registered protocol family 17
[    2.301224] can: controller area network core (rev 20120528 abi 9)
[    2.307939] NET: Registered protocol family 29
[    2.312682] can: raw protocol (rev 20120528)
[    2.317226] can: broadcast manager protocol (rev 20120528 t)
[    2.323240] can: netlink gateway (rev 20130117) max_hops=1
[    2.330137] Key type dns_resolver registered
[    2.335246] omap2_set_init_voltage: unable to find boot up OPP for vdd_mpu_iva
[    2.342914] omap2_set_init_voltage: unable to set vdd_mpu_iva
[    2.349013] omap2_set_init_voltage: unable to find boot up OPP for vdd_core
[    2.356367] omap2_set_init_voltage: unable to set vdd_core
[    2.363493] cpu: dev_pm_opp_of_cpumask_add_table: couldn't find opp table for cpu:0, -19
[    2.372172] cpu cpu0: dev_pm_opp_get_opp_count: device OPP not found (-19)
[    2.379767] PM: no software I/O chain control; some wakeups may be lost
[    2.386819] pm: Failed to request pm_wkup irq
[    2.391523] ThumbEE CPU extension supported.
[    2.396093] Registering SWP/SWPB emulation handler
[    2.410297] hctosys: unable to open rtc device (rtc0)
[    2.460819] mmc0: host does not support reading read-only switch, assuming write-enable
[    2.471830] mmc0: new high speed SD card at address 0002
[    2.478684] mmcblk0: mmc0:0002 00000 1.87 GiB 
[    2.488001]  mmcblk0: p1 p2
[   14.495993] EXT4-fs (mmcblk0p2): mounting ext3 file system using the ext4 subsystem
[   14.534073] EXT4-fs (mmcblk0p2): mounted filesystem with ordered data mode. Opts: (null)
[   14.542781] VFS: Mounted root (ext3 filesystem) on device 179:2.
[   14.555170] devtmpfs: mounted
[   14.560984] Freeing unused kernel memory: 1040K (c0df4000 - c0ef8000)
INIT: version 2.88 booting
Error opening /dev/fb0: No such file or directory
Starting udev
[   15.637779] udev[80]: starting version 164
[   19.880014] FAT-fs (mmcblk0p1): Volume was not properly unmounted. Some data may be corrupt. Please run fsck.
ERROR: could not open directory /lib/modules/4.4.0-rc5-next-20151216-00002-g3dcb3315bb8d: No such file or directory
WARNING: -e needs -E or -F
ERROR: could not open directory /lib/modules/4.4.0-rc5-next-20151216-00002-g3dcb3315bb8d: No such file or directory
FATAL: could not search modules: No such file or directory
Starting Bootlog daemon: [   20.173106] EXT4-fs (mmcblk0p2): re-mounted. Opts: data=ordered
[   21.552627] random: dbus-daemon urandom read with 71 bits of entropy available
[   25.599671] random: nonblocking pool is initialized
bootlogd.
 _____                    _____           _         _   
|  _  |___ ___ ___ ___   |  _  |___ ___  |_|___ ___| |_ 
|     |  _| .'| . | . |  |   __|  _| . | | | -_|  _|  _|
|__|__|_| |__,|_  |___|  |__|  |_| |___|_| |___|___|_|  
              |___|                    |___|            
Arago Project http://arago-project.org am3517-evm ttyO2
Arago 2013.02 am3517-evm ttyO2
am3517-evm login: 
- 06:07:03 [INFO] Host: root
- 06:07:03 [INFO] Target: 
root
root@am3517-evm:~# 
- 06:07:03 [INFO] Host: uname -a
- 06:07:03 [INFO] Target: 
uname -a
Linux am3517-evm 4.4.0-rc5-next-20151216-00002-g3dcb3315bb8d #1 SMP Wed Dec 16 06:01:54 CST 2015 armv7l GNU/Linux
root@am3517-evm:~# 
- 06:07:03 [INFO] Host: cat /proc/cmdline
- 06:07:03 [INFO] Target: 
cat /proc/cmdline
console=ttyO2,115200n8 debug ignore_loglevel earlyprintk root=/dev/mmcblk0p2 rootwait nohlt ip=:::::eth0:dhcp root=/dev/mmcblk0p2 rw rootfstype=ext3 rootwait
root@am3517-evm:~# 
- 06:07:03 [INFO] Host: uname -a
- 06:07:03 [INFO] Target: 
uname -a
Linux am3517-evm 4.4.0-rc5-next-20151216-00002-g3dcb3315bb8d #1 SMP Wed Dec 16 06:01:54 CST 2015 armv7l GNU/Linux
root@am3517-evm:~# 
- 06:07:03 [INFO] Host: cat /proc/mtd
- 06:07:03 [INFO] Target: 
cat /proc/mtd
dev:    size   erasesize  name
root@am3517-evm:~# 
- 06:07:05 [INFO] Host: export IPERFHOST=192.168.1.254
- 06:07:05 [INFO] Target: 
export IPERFHOST=192.168.1.254
root@am3517-evm:~# 
- 06:07:05 [INFO] Host: export NFS_SERVER=192.168.1.254
- 06:07:05 [INFO] Target: 
export NFS_SERVER=192.168.1.254
root@am3517-evm:~# 
- 06:07:05 [INFO] Host: export NFS_ROOT_PATH=/home/NFS_exports/am3517
- 06:07:05 [INFO] Target: 
export NFS_ROOT_PATH=/home/NFS_exports/am3517
root@am3517-evm:~# 
- 06:07:05 [INFO] Host: export AP_SSID=
- 06:07:05 [INFO] Target: 
export AP_SSID=
root@am3517-evm:~# 
- 06:07:05 [INFO] Host: mkdir -p -m 777 /test
- 06:07:06 [INFO] Target: 
mkdir -p -m 777 /test
root@am3517-evm:~# 
- 06:07:06 [INFO] Host: cd /test
- 06:07:06 [INFO] Target: 
cd /test
root@am3517-evm:/test# 
- 06:07:06 [INFO] Host: cat > test.sh << EOF
- 06:07:06 [INFO] Target: 
cat > test.sh << EOF
- 06:07:06 [INFO] Host: failtest() {
- 06:07:06 [INFO] Target: 
failtest() {
- 06:07:06 [INFO] Host:   echo 1 >&3
- 06:07:06 [INFO] Target: 
  echo 1 >&3
- 06:07:06 [INFO] Host: }
- 06:07:06 [INFO] Target: 
- 06:07:06 [INFO] Host: timeout=600
- 06:07:06 [INFO] Target: 
timeout=600
- 06:07:06 [INFO] Host: 
- 06:07:06 [INFO] Target: 
- 06:07:06 [INFO] Host: # Start of user's script logic
- 06:07:06 [INFO] Target: 
# Start of user's script logic
- 06:07:06 [INFO] Host: mount -t proc proc /proc 2>/dev/null;
- 06:07:06 [INFO] Target: 
mount -t proc proc /proc 2>/dev/null;
- 06:07:06 [INFO] Host: 
- 06:07:07 [INFO] Target: 
- 06:07:07 [INFO] Host: mount -t sysfs sys /sys 2>/dev/null;
- 06:07:07 [INFO] Target: 
mount -t sysfs sys /sys 2>/dev/null;
- 06:07:07 [INFO] Host: 
- 06:07:07 [INFO] Target: 
- 06:07:07 [INFO] Host: mount -t debugfs none /sys/kernel/debug 2>/dev/null;
- 06:07:07 [INFO] Target: 
mount -t debugfs none /sys/kernel/debug 2>/dev/null;
- 06:07:07 [INFO] Host: 
- 06:07:07 [INFO] Target: 
- 06:07:07 [INFO] Host: echo 'cpuinfo:';cat /proc/cpuinfo; echo '=======';
- 06:07:07 [INFO] Target: 
echo 'cpuinfo:';cat /proc/cpuinfo; echo '=======';
- 06:07:07 [INFO] Host: 
- 06:07:07 [INFO] Target: 
- 06:07:07 [INFO] Host: echo 'soc info:';head /sys/devices/soc0/* 2>/dev/null; echo '=======';
- 06:07:07 [INFO] Target: 
echo 'soc info:';head /sys/devices/soc0/* 2>/dev/null; echo '=======';
- 06:07:07 [INFO] Host: 
- 06:07:07 [INFO] Target: 
- 06:07:07 [INFO] Host: echo 'DT Model info'; head /proc/device-tree/name /proc/device-tree/model /proc/device-tree/compatible 2>/dev/null;echo; echo '=======';
- 06:07:07 [INFO] Target: 
echo 'DT Model info'; head /proc/device-tree/name /proc/device-tree/model /pro 
c/device-tree/compatible 2>/dev/null;echo; echo '=======';
- 06:07:07 [INFO] Host: 
- 06:07:08 [INFO] Target: 
- 06:07:08 [INFO] Host: echo 'interrupts:';cat /proc/interrupts; echo '=======';
- 06:07:08 [INFO] Target: 
echo 'interrupts:';cat /proc/interrupts; echo '=======';
- 06:07:08 [INFO] Host: 
- 06:07:08 [INFO] Target: 
- 06:07:08 [INFO] Host: echo 'Clk_summary:';cat /sys/kernel/debug/clk/clk_summary; echo '=======';
- 06:07:08 [INFO] Target: 
echo 'Clk_summary:';cat /sys/kernel/debug/clk/clk_summary; echo '=======';
- 06:07:08 [INFO] Host: 
- 06:07:08 [INFO] Target: 
- 06:07:08 [INFO] Host: echo "Available frequencies"; cat /sys/devices/system/cpu/cpu0/cpufreq/scaling_available_frequencies 2>/dev/null;echo '=======';
- 06:07:08 [INFO] Target: 
echo "Available frequencies"; cat /sys/devices/system/cpu/cpu0/cpufreq/scaling 
_available_frequencies 2>/dev/null;echo '=======';
- 06:07:08 [INFO] Host: 
- 06:07:08 [INFO] Target: 
- 06:07:08 [INFO] Host: TMPF=/tmp/a.\$\$; TMPF2=/tmp/b.\$\$; STR=""
- 06:07:08 [INFO] Target: 
TMPF=/tmp/a.\$\$; TMPF2=/tmp/b.\$\$; STR=""
- 06:07:08 [INFO] Host: 
- 06:07:08 [INFO] Target: 
- 06:07:08 [INFO] Host: cp /dev/kmsg \$TMPF &
- 06:07:08 [INFO] Target: 
cp /dev/kmsg \$TMPF &
- 06:07:08 [INFO] Host: 
- 06:07:09 [INFO] Target: 
- 06:07:09 [INFO] Host: PID=\$! ; sleep 5; kill -9 \$PID
- 06:07:09 [INFO] Target: 
PID=\$! ; sleep 5; kill -9 \$PID
- 06:07:09 [INFO] Host: 
- 06:07:09 [INFO] Target: 
- 06:07:09 [INFO] Host: 
- 06:07:09 [INFO] Target: 
- 06:07:09 [INFO] Host: 
- 06:07:09 [INFO] Target: 
- 06:07:09 [INFO] Host: cat \$TMPF|grep "^0">\$TMPF2; N=\`cat \$TMPF2|wc -l\`; if [ "\$N" -ne 0 ]; then STR="\$STR emerg=\$N";echo "===== EMERGE++";cat \$TMPF2|cut -d ';' -f2;echo "====="; fi
- 06:07:09 [INFO] Target: 
cat \$TMPF|grep "^0">\$TMPF2; N=\`cat \$TMPF2|wc -l\`; if [ "\$N" -ne 0 ]; the 
n STR="\$STR emerg=\$N";echo "===== EMERGE++";cat \$TMPF2|cut -d ';' -f2;echo "= 
===="; fi
- 06:07:09 [INFO] Host: 
- 06:07:09 [INFO] Target: 
- 06:07:09 [INFO] Host: cat \$TMPF|grep "^1">\$TMPF2; N=\`cat \$TMPF2|wc -l\`; if [ "\$N" -ne 0 ]; then STR="\$STR alert=\$N";echo "===== ALERT ==";cat \$TMPF2|cut -d ';' -f2;echo "====="; fi
- 06:07:09 [INFO] Target: 
cat \$TMPF|grep "^1">\$TMPF2; N=\`cat \$TMPF2|wc -l\`; if [ "\$N" -ne 0 ]; the 
n STR="\$STR alert=\$N";echo "===== ALERT ==";cat \$TMPF2|cut -d ';' -f2;echo "= 
===="; fi
- 06:07:09 [INFO] Host: 
- 06:07:09 [INFO] Target: 
- 06:07:09 [INFO] Host: cat \$TMPF|grep "^2">\$TMPF2; N=\`cat \$TMPF2|wc -l\`; if [ "\$N" -ne 0 ]; then STR="\$STR crit=\$N";echo "===== CRIT ==";cat \$TMPF2|cut -d ';' -f2;echo "====="; fi
- 06:07:09 [INFO] Target: 
cat \$TMPF|grep "^2">\$TMPF2; N=\`cat \$TMPF2|wc -l\`; if [ "\$N" -ne 0 ]; the 
n STR="\$STR crit=\$N";echo "===== CRIT ==";cat \$TMPF2|cut -d ';' -f2;echo "=== 
=="; fi
- 06:07:09 [INFO] Host: 
- 06:07:10 [INFO] Target: 
- 06:07:10 [INFO] Host: cat \$TMPF|grep "^3">\$TMPF2; N=\`cat \$TMPF2|wc -l\`; if [ "\$N" -ne 0 ]; then STR="\$STR err=\$N";echo "===== ERR ==";cat \$TMPF2|cut -d ';' -f2;echo "=====" ;fi
- 06:07:10 [INFO] Target: 
cat \$TMPF|grep "^3">\$TMPF2; N=\`cat \$TMPF2|wc -l\`; if [ "\$N" -ne 0 ]; the 
n STR="\$STR err=\$N";echo "===== ERR ==";cat \$TMPF2|cut -d ';' -f2;echo "===== 
" ;fi
- 06:07:10 [INFO] Host: 
- 06:07:10 [INFO] Target: 
- 06:07:10 [INFO] Host: cat \$TMPF|grep "^4">\$TMPF2; N=\`cat \$TMPF2|wc -l\`; if [ "\$N" -ne 0 ]; then STR="\$STR warn=\$N";echo "===== WARN ==";cat \$TMPF2|cut -d ';' -f2;echo "=====" ;fi
- 06:07:10 [INFO] Target: 
cat \$TMPF|grep "^4">\$TMPF2; N=\`cat \$TMPF2|wc -l\`; if [ "\$N" -ne 0 ]; the 
n STR="\$STR warn=\$N";echo "===== WARN ==";cat \$TMPF2|cut -d ';' -f2;echo "=== 
==" ;fi
- 06:07:10 [INFO] Host: 
- 06:07:10 [INFO] Target: 
- 06:07:10 [INFO] Host: rm \$TMPF \$TMPF2; echo "SUM""MARY RESULT: BOOT:" 'PASS: H''ello World' 'B''oard' "Booted" "Boot Log has::::\$STR:"
- 06:07:10 [INFO] Target: 
rm \$TMPF \$TMPF2; echo "SUM""MARY RESULT: BOOT:" 'PASS: H''ello World' 'B''oa 
rd' "Booted" "Boot Log has::::\$STR:"
- 06:07:10 [INFO] Host: 
- 06:07:10 [INFO] Target: 
- 06:07:10 [INFO] Host: EOF
- 06:07:10 [INFO] Target: 
root@am3517-evm:/test# 
- 06:07:10 [INFO] Host: cd /test
- 06:07:10 [INFO] Target: 
cd /test
root@am3517-evm:/test# 
- 06:07:10 [INFO] Host: chmod +x test.sh
- 06:07:10 [INFO] Target: 
chmod +x test.sh
root@am3517-evm:/test# 
- 06:07:10 [INFO] Host: ./test.sh 2> stderr.log > stdout.log 3> result.log
- 06:07:16 [INFO] Target: 
./test.sh 2> stderr.log > stdout.log 3> result.log
root@am3517-evm:/test# 
- 06:07:16 [INFO] Host: echo $?
- 06:07:16 [INFO] Target: 
echo $?
root@am3517-evm:/test# 
- 06:07:16 [INFO] Host: cd /test
- 06:07:16 [INFO] Target: 
cd /test
root@am3517-evm:/test# 
- 06:07:16 [INFO] Host: cat stdout.log
- 06:07:18 [INFO] Target: 
cat stdout.log
cpuinfo:
processor	: 0
model name	: ARMv7 Processor rev 7 (v7l)
BogoMIPS	: 597.19
Features	: half thumb fastmult vfp edsp thumbee neon vfpv3 tls vfpd32 
CPU implementer	: 0x41
CPU architecture: 7
CPU variant	: 0x1
CPU part	: 0xc08
CPU revision	: 7
Hardware	: Generic AM3517 (Flattened Device Tree)
Revision	: 0000
Serial		: 0000000000000000
=======
soc info:
==> /sys/devices/soc0/family <==
OMAP3
==> /sys/devices/soc0/machine <==
AM3517
==> /sys/devices/soc0/power <==
==> /sys/devices/soc0/revision <==
ES1.1
==> /sys/devices/soc0/subsystem <==
==> /sys/devices/soc0/type <==
==> /sys/devices/soc0/uevent <==
=======
DT Model info
==> /proc/device-tree/name <==
==> /proc/device-tree/model <==
TI AM3517 EVM (AM3517/05 TMDSEVM3517)
==> /proc/device-tree/compatible <==
ti,am3517-evmti,am3517ti,omap3
=======
interrupts:
           CPU0       
 25:          0      INTC   9 Edge      l3-debug-irq
 26:          1      INTC  10 Edge      l3-app-irq
 28:          0      INTC  12 Edge      DMA
 29:       3407      INTC  13 Edge      omap-dma-engine
 36:          0      INTC  20 Edge      gpmc
 45:          0      INTC  29 Edge      48310000.gpio
 46:          0      INTC  30 Edge      49050000.gpio
 47:          0      INTC  31 Edge      49052000.gpio
 48:          0      INTC  32 Edge      49054000.gpio
 49:          0      INTC  33 Edge      49056000.gpio
 50:          0      INTC  34 Edge      49058000.gpio
 54:       4770      INTC  38 Edge      gp_timer
 72:          0      INTC  56 Edge      48070000.i2c
 73:          0      INTC  57 Edge      48072000.i2c
 77:          0      INTC  61 Edge      48060000.i2c
 90:       7606      INTC  74 Edge      OMAP UART2
 92:          1      INTC  76 Edge      ohci_hcd:usb2
 93:          0      INTC  77 Edge      ehci_hcd:usb1
 99:       4448      INTC  83 Edge      mmc0
IPI0:          0  CPU wakeup interrupts
IPI1:          0  Timer broadcast interrupts
IPI2:          0  Rescheduling interrupts
IPI3:          0  Function call interrupts
IPI4:          0  Single function call interrupts
IPI5:          0  CPU stop interrupts
IPI6:          0  IRQ work interrupts
IPI7:          0  completion interrupts
Err:          0
=======
Clk_summary:
   clock                         enable_cnt  prepare_cnt        rate   accuracy   phase
----------------------------------------------------------------------------------------
 pclk_ck                                  0            0    27000000          0 0  
    vpfe_fck                              0            0    27000000          0 0  
 rmii_ck                                  1            1    50000000          0 0  
    emac_fck                              2            2    50000000          0 0  
 secure_32k_fck                           0            1       32768          0 0  
    wdt1_fck                              0            0       32768          0 0  
    gpt12_fck                             0            1       32768          0 0  
 dummy_ck                                 0            0           0          0 0  
 mcbsp_clks                               0            5           0          0 0  
 sys_altclk                               0            0           0          0 0  
 virt_38_4m_ck                            0            0    38400000          0 0  
 virt_26000000_ck                         1            1    26000000          0 0  
    osc_sys_ck                            1            1    26000000          0 0  
       sys_clkout1                        0            0    26000000          0 0  
       sys_ck                             6           17    13000000          0 0  
          gpt9_fck                        0            1    13000000          0 0  
          gpt8_fck                        0            1    13000000          0 0  
          gpt7_fck                        0            1    13000000          0 0  
          gpt6_fck                        0            1    13000000          0 0  
          gpt5_fck                        0            1    13000000          0 0  
          gpt4_fck                        0            1    13000000          0 0  
          gpt3_fck                        0            1    13000000          0 0  
          gpt2_fck                        1            1    13000000          0 0  
          gpt1_fck                        1            1    13000000          0 0  
          hecc_ck                         0            0    13000000          0 0  
          hsotgusb_fck_am35xx             0            1    13000000          0 0  
          cpefuse_fck                     0            0    13000000          0 0  
          dpll5_ck                        1            1   120000000          0 0  
             dpll5_m2_ck                  1            1   120000000          0 0  
                usbhost_120m_fck           0            0   120000000          0 0  
                usbtll_fck                1            1   120000000          0 0  
          traceclk_src_fck                0            0    13000000          0 0  
             traceclk_fck                 0            0    13000000          0 0  
          emu_src_mux_ck                  0            1    13000000          0 0  
             emu_src_ck                   0            1    13000000          0 0  
                atclk_fck                 0            0    13000000          0 0  
                pclkx2_fck                0            0    13000000          0 0  
                pclk_fck                  0            0     6500000          0 0  
          dss2_alwon_fck                  0            2    13000000          0 0  
          dpll1_ck                        0            1   600000000          0 0  
             dpll1_x2_ck                  0            1  1200000000          0 0  
                dpll1_x2m2_ck             0            1  1200000000          0 0  
                   mpu_ck                 0            1  1200000000          0 0  
                      emu_mpu_alwon_ck           0            0  1200000000          0 0  
                      arm_fck             0            1   600000000          0 0  
          dpll3_ck                        1            1   332000000          0 0  
             dpll3_x2_ck                  0            0   664000000          0 0  
             dpll3_m2_ck                  1            1   332000000          0 0  
                dpll3_m2x2_ck             0            0   664000000          0 0  
                   corex2_fck             0            0   664000000          0 0  
                      corex2_d5_fck           0            0   132800000          0 0  
                      corex2_d3_fck           0            0   221333333          0 0  
                core_ck                   1            1   332000000          0 0  
                   core_d2_ck             0            0   166000000          0 0  
                   core_d6_ck             0            0    55333333          0 0  
                      sgx_fck             0            0    55333333          0 0  
                   core_d4_ck             0            0    83000000          0 0  
                   core_d3_ck             0            0   110666666          0 0  
                   l3_ick                 2            2   166000000          0 0  
                      sgx_ick             0            0   166000000          0 0  
                      core_l3_ick           6            7   166000000          0 0  
                         ipss_ick           2            2   166000000          0 0  
                            hsotgusb_ick_am35xx           2            2   166000000          0 0  
                            vpfe_ick           0            0   166000000          0 0  
                            emac_ick           2            2   166000000          0 0  
                         gpmc_fck           2            2   166000000          0 0  
                         sdrc_ick           1            1   166000000          0 0  
                      l4_ick              4            4    83000000          0 0  
                         usbhost_ick           1            1    83000000          0 0  
                         dss_ick_3430es2           4            6    83000000          0 0  
                         per_l4_ick          12           17    83000000          0 0  
                            mcbsp4_ick           1            1    83000000          0 0  
                            mcbsp3_ick           2            2    83000000          0 0  
                            mcbsp2_ick           2            2    83000000          0 0  
                            gpt2_ick           1            1    83000000          0 0  
                            gpt3_ick           1            1    83000000          0 0  
                            gpt4_ick           1            1    83000000          0 0  
                            gpt5_ick           1            1    83000000          0 0  
                            gpt6_ick           1            1    83000000          0 0  
                            gpt7_ick           1            1    83000000          0 0  
                            gpt8_ick           1            1    83000000          0 0  
                            gpt9_ick           1            1    83000000          0 0  
                            uart4_ick           0            0    83000000          0 0  
                            uart3_ick           1            1    83000000          0 0  
                            wdt3_ick           0            0    83000000          0 0  
                            gpio2_ick           0            1    83000000          0 0  
                            gpio3_ick           0            1    83000000          0 0  
                            gpio4_ick           0            1    83000000          0 0  
                            gpio5_ick           0            1    83000000          0 0  
                            gpio6_ick           0            1    83000000          0 0  
                         core_l4_ick          20           21    83000000          0 0  
                            mmchs3_ick           1            1    83000000          0 0  
                            usbtll_ick           1            1    83000000          0 0  
                            uart4_ick_am35xx           1            1    83000000          0 0  
                            sha12_ick           0            0    83000000          0 0  
                            aes2_ick           0            0    83000000          0 0  
                            omapctrl_ick           1            1    83000000          0 0  
                            mcbsp1_ick           1            1    83000000          0 0  
                            mcbsp5_ick           1            1    83000000          0 0  
                            gpt10_ick           1            1    83000000          0 0  
                            gpt11_ick           1            1    83000000          0 0  
                            uart1_ick           1            1    83000000          0 0  
                            uart2_ick           1            1    83000000          0 0  
                            i2c1_ick           1            1    83000000          0 0  
                            i2c2_ick           1            1    83000000          0 0  
                            i2c3_ick           1            1    83000000          0 0  
                            mcspi1_ick           1            1    83000000          0 0  
                            mcspi2_ick           1            1    83000000          0 0  
                            mcspi3_ick           1            1    83000000          0 0  
                            mcspi4_ick           1            1    83000000          0 0  
                            hdq_ick           0            1    83000000          0 0  
                            mmchs1_ick           1            1    83000000          0 0  
                            mmchs2_ick           1            1    83000000          0 0  
                         rm_ick           0            0    41500000          0 0  
                   dpll1_fck              0            0   166000000          0 0  
             dpll3_m3_ck                  0            0   166000000          0 0  
                dpll3_m3x2_mul_ck           0            0   332000000          0 0  
                   dpll3_m3x2_ck           0            0   332000000          0 0  
                      emu_core_alwon_ck           0            0   332000000          0 0  
          dpll4_ck                        1            3   432000000          0 0  
             dpll4_x2_ck                  0            0   864000000          0 0  
             dpll4_m6_ck                  0            0   144000000          0 0  
                dpll4_m6x2_mul_ck           0            0   288000000          0 0  
                   dpll4_m6x2_ck           0            0   288000000          0 0  
                      emu_per_alwon_ck           0            0   288000000          0 0  
             dpll4_m5_ck                  0            0   108000000          0 0  
                dpll4_m5x2_mul_ck           0            0   216000000          0 0  
                   dpll4_m5x2_ck           0            0   216000000          0 0  
             dpll4_m4_ck                  0            1   216000000          0 0  
                dpll4_m4x2_mul_ck           0            1   432000000          0 0  
                   dpll4_m4x2_ck           0            1   432000000          0 0  
                      dss1_alwon_fck_3430es2           0            4   432000000          0 0  
             dpll4_m3_ck                  0            1    27000000          0 0  
                dpll4_m3x2_mul_ck           0            1    54000000          0 0  
                   dpll4_m3x2_ck           0            1    54000000          0 0  
                      omap_54m_fck           0            1    54000000          0 0  
                         clkout2_src_ck           0            0    54000000          0 0  
                            sys_clkout2           0            0    54000000          0 0  
                         dss_tv_fck           0            2    54000000          0 0  
             dpll4_m2_ck                  1            1    48000000          0 0  
                dpll4_m2x2_mul_ck           1            1    96000000          0 0  
                   dpll4_m2x2_ck           1            1    96000000          0 0  
                      omap_192m_alwon_fck           0            0    96000000          0 0  
                      omap_96m_alwon_fck           1            2    96000000          0 0  
                         per_96m_fck           0            6    96000000          0 0  
                            mcbsp4_fck           0            1    96000000          0 0  
                            mcbsp3_fck           0            2    96000000          0 0  
                            mcbsp2_fck           0            2    96000000          0 0  
                         cm_96m_fck           1            2    96000000          0 0  
                            cm_96m_d2_fck           1            1    48000000          0 0  
                               omap_48m_fck           3            4    48000000          0 0  
                                  usbhost_48m_fck           1            1    48000000          0 0  
                                  per_48m_fck           1            1    48000000          0 0  
                                     uart3_fck           1            1    48000000          0 0  
                                  core_48m_fck           2            7    48000000          0 0  
                                     uart4_fck_am35xx           0            1    48000000          0 0  
                                     uart1_fck           1            2    48000000          0 0  
                                     uart2_fck           1            1    48000000          0 0  
                                     mcspi1_fck           0            1    48000000          0 0  
                                     mcspi2_fck           0            1    48000000          0 0  
                                     mcspi3_fck           0            1    48000000          0 0  
                                     mcspi4_fck           0            1    48000000          0 0  
                                  omap_12m_fck           0            1    12000000          0 0  
                                     core_12m_fck           0            1    12000000          0 0  
                                        hdq_fck             0            1    12000000          0 0  
                            omap_96m_fck           0            2    96000000          0 0  
                               dss_96m_fck           0            2    96000000          0 0  
                               core_96m_fck           0           10    96000000          0 0  
                                  mcbsp1_fck           0            1    96000000          0 0  
                                  mcbsp5_fck           0            1    96000000          0 0  
                                  mmchs3_fck           0            1    96000000          0 0  
                                  i2c1_fck           0            1    96000000          0 0  
                                  i2c2_fck           0            1    96000000          0 0  
                                  i2c3_fck           0            1    96000000          0 0  
                                  mmchs1_fck           0            1    96000000          0 0  
                                  mmchs2_fck           0            1    96000000          0 0  
          wkup_l4_ick                     4            5    13000000          0 0  
             gpt1_ick                     1            1    13000000          0 0  
             gpt12_ick                    1            1    13000000          0 0  
             omap_32ksync_ick             1            1    13000000          0 0  
             gpio1_ick                    0            1    13000000          0 0  
             wdt1_ick                     0            0    13000000          0 0  
             wdt2_ick                     1            1    13000000          0 0  
 virt_19200000_ck                         0            0    19200000          0 0  
 virt_13m_ck                              0            0    13000000          0 0  
 virt_12m_ck                              0            0    12000000          0 0  
 omap_32k_fck                             0            7       32768          0 0  
    gpt11_fck                             0            1       32768          0 0  
    gpt10_fck                             0            1       32768          0 0  
    ts_fck                                0            0       32768          0 0  
    per_32k_alwon_fck                     0            5       32768          0 0  
       wdt3_fck                           0            0       32768          0 0  
       gpio2_dbck                         0            2       32768          0 0  
       gpio3_dbck                         0            2       32768          0 0  
       gpio4_dbck                         0            2       32768          0 0  
       gpio5_dbck                         0            2       32768          0 0  
       gpio6_dbck                         0            2       32768          0 0  
    wkup_32k_fck                          0            3       32768          0 0  
       wdt2_fck                           0            1       32768          0 0  
       gpio1_dbck                         0            2       32768          0 0  
 dummy_apb_pclk                           0            0           0          0 0  
 virt_16_8m_ck                            0            0    16800000          0 0  
=======
Available frequencies
=======
===== ALERT ==
udev[80]: starting version 164
=====
===== ERR ==
In-band Error seen by USB_OTG  at address 0
platform 480c5000.aes: Cannot lookup hwmod 'aes'
platform 480c3000.sham: Cannot lookup hwmod 'sham'
platform 480cb000.smartreflex: Cannot lookup hwmod 'smartreflex_core'
platform 480ab000.usb_otg_hs: Cannot lookup hwmod 'usb_otg_hs'
omap2_set_init_voltage: unable to find boot up OPP for vdd_mpu_iva
omap2_set_init_voltage: unable to set vdd_mpu_iva
omap2_set_init_voltage: unable to find boot up OPP for vdd_core
omap2_set_init_voltage: unable to set vdd_core
cpu: dev_pm_opp_of_cpumask_add_table: couldn't find opp table for cpu:0, -19
cpu cpu0: dev_pm_opp_get_opp_count: device OPP not found (-19)
pm: Failed to request pm_wkup irq
=====
===== WARN ==
omap_hwmod: mcbsp2_sidetone using broken dt data from mcbsp
omap_hwmod: mcbsp3_sidetone using broken dt data from mcbsp
------------[ cut here ]------------
WARNING: CPU: 0 PID: 1 at drivers/bus/omap_l3_smx.c:166 omap3_l3_app_irq+0x100/0x120()
Modules linked in:
CPU: 0 PID: 1 Comm: swapper/0 Not tainted 4.4.0-rc5-next-20151216-00002-g3dcb3315bb8d #1
Hardware name: Generic AM3517 (Flattened Device Tree)
[<c021865c>] (unwind_backtrace) from [<c0213d34>] (show_stack+0x10/0x14)
[<c0213d34>] (show_stack) from [<c0487848>] (dump_stack+0x70/0x8c)
[<c0487848>] (dump_stack) from [<c024aad4>] (warn_slowpath_common+0x74/0xac)
[<c024aad4>] (warn_slowpath_common) from [<c024ab28>] (warn_slowpath_null+0x1c/0x24)
[<c024ab28>] (warn_slowpath_null) from [<c04b5d38>] (omap3_l3_app_irq+0x100/0x120)
[<c04b5d38>] (omap3_l3_app_irq) from [<c0289f5c>] (handle_irq_event_percpu+0x50/0x14c)
[<c0289f5c>] (handle_irq_event_percpu) from [<c028a09c>] (handle_irq_event+0x44/0x68)
[<c028a09c>] (handle_irq_event) from [<c028d298>] (handle_level_irq+0xa4/0x13c)
[<c028d298>] (handle_level_irq) from [<c0289898>] (generic_handle_irq+0x18/0x28)
[<c0289898>] (generic_handle_irq) from [<c0289994>] (__handle_domain_irq+0x54/0xac)
[<c0289994>] (__handle_domain_irq) from [<c0214854>] (__irq_svc+0x54/0x70)
[<c0214854>] (__irq_svc) from [<c09e9330>] (_raw_spin_unlock_irqrestore+0x1c/0x20)
[<c09e9330>] (_raw_spin_unlock_irqrestore) from [<c028bd3c>] (__setup_irq+0x490/0x5a4)
[<c028bd3c>] (__setup_irq) from [<c028c000>] (request_threaded_irq+0xd0/0x154)
[<c028c000>] (request_threaded_irq) from [<c04b5bcc>] (omap3_l3_probe+0xec/0x158)
[<c04b5bcc>] (omap3_l3_probe) from [<c064a73c>] (platform_drv_probe+0x50/0xa0)
[<c064a73c>] (platform_drv_probe) from [<c0649094>] (driver_probe_device+0x1f8/0x2ac)
[<c0649094>] (driver_probe_device) from [<c06477d4>] (bus_for_each_drv+0x5c/0x88)
[<c06477d4>] (bus_for_each_drv) from [<c0648df4>] (__device_attach+0xa0/0x100)
[<c0648df4>] (__device_attach) from [<c06484c0>] (bus_probe_device+0x84/0x8c)
[<c06484c0>] (bus_probe_device) from [<c06469e8>] (device_add+0x324/0x51c)
[<c06469e8>] (device_add) from [<c088ee9c>] (of_platform_device_create_pdata+0x88/0xc0)
[<c088ee9c>] (of_platform_device_create_pdata) from [<c088efa0>] (of_platform_bus_create+0xcc/0x2ec)
[<c088efa0>] (of_platform_bus_create) from [<c088f220>] (of_platform_populate+0x60/0xa8)
[<c088f220>] (of_platform_populate) from [<c0e0a964>] (pdata_quirks_init+0x50/0x70)
[<c0e0a964>] (pdata_quirks_init) from [<c0e0a600>] (omap_generic_init+0x10/0x1c)
[<c0e0a600>] (omap_generic_init) from [<c0df6930>] (customize_machine+0x20/0x44)
[<c0df6930>] (customize_machine) from [<c020ad48>] (do_one_initcall+0x84/0x1d4)
[<c020ad48>] (do_one_initcall) from [<c0df4d94>] (kernel_init_freeable+0x11c/0x1e8)
[<c0df4d94>] (kernel_init_freeable) from [<c09e471c>] (kernel_init+0x8/0xe8)
[<c09e471c>] (kernel_init) from [<c0210bb8>] (ret_from_fork+0x14/0x3c)
---[ end trace 52a06504ffb2680e ]---
gpmc_mem_init: disabling cs 0 mapped at 0x0-0x1000000
omap4_sram_init:Unable to allocate sram needed to handle errata I688
omap4_sram_init:Unable to get sram pool needed to handle errata I688
PM: no software I/O chain control
mmc0: host does not support reading read-only switch, assuming write-enable
FAT-fs (mmcblk0p1): Volume was not properly unmounted. Some data may be corrupt. Please run fsck.
=====
SUMMARY RESULT: BOOT: PASS: Hello World Board Booted Boot Log has:::: alert=1 err=12 warn=45:
root@am3517-evm:/test# 
- 06:07:18 [INFO] Host: cat stderr.log
- 06:07:19 [INFO] Target: 
cat stderr.log
./test.sh: line 33:   555 Killed                  cp /dev/kmsg $TMPF
root@am3517-evm:/test# 
- 06:07:19 [INFO] Host: cat result.log
- 06:07:21 [ERROR] On command: cat result.log waiting for cat result.log.+?(?m-ix:^1[\0\n\r]+) >>> error: execution expired
- 06:07:21 [INFO] Target: 
cat result.log
root@am3517-evm:/test# 
- 06:07:21 [INFO] Host: cd /test
- 06:07:21 [INFO] Target: 
cd /test
root@am3517-evm:/test# 
URL:gtsystest.telogy.design.ti.com/vatf/tidfarm-06/tidfarm-06_vatf@am3517-evm/tidfarm-0612_16_2015_06_05_27/files/session_iteration_1/test_1
