- 07:19:41 [INFO] Starting target session
- 07:19:42 [INFO] Connected to am3517-evm via serial 
- 07:19:42 [INFO] Host: #check prompt
- 07:19:45 [ERROR] On command: #check prompt waiting for #check prompt.+?(?-mix:((?-mix:login:)|[Pp]assword)) >>> error: execution expired
- 07:19:45 [INFO] Target: 
#check prompt
root@am3517-evm:/test# 
- 07:19:45 [INFO] Host: #check prompt
- 07:19:45 [INFO] Target: 
#check prompt
root@am3517-evm:/test# 
- 07:19:45 [INFO] Host: sync;poweroff
- 07:19:59 [INFO] Target: 
sync;poweroff
INIT: Switching to runlevel: 0
Broadcast message from root@am3517-evm (ttyO2) (Thu Aug 28 01:38
INIT: Sending processes the TERM signal
root@am3517-evm:/test# 
INIT: Sending processes the Khwclock: can't open '/dev/misc/rtc': No such file or directory
Stopping syslogd/klogd: stopped syslogd (pid 1159)
stopped klogd (pid 1162)
done
Deconfiguring network interfaces... ifdown: interface eth0 not configured
done.
Sending all processes the TERM signal...
Sending all processes the KILL signal...
Unmounting remote filesystems...
Deactivating swap...
Unmounting local filesystems...
[  921.096115] reboot: System halted
- 07:19:59 [INFO] Disconnected serial from am3517-evm
- 07:20:21 [INFO] Connected to am3517-evm via serial 
- 07:20:21 [INFO] Host: 
- 07:20:21 [ERROR] On command:  waiting for (?-mix:AM3517_EVM\s*#) >>> error: execution expired
- 07:20:21 [INFO] Target: 
- 07:20:21 [INFO] Host: 
- 07:20:22 [ERROR] On command:  waiting for (?-mix:AM3517_EVM\s*#) >>> error: execution expired
- 07:20:22 [INFO] Target: 
tm1`U
U-Boot SPL 2011.09-00000-g9cf431d (Jun 25 2013 - 15:14:11)
Texas Instruments Revision detection unimplemented
OMAP SD/MMC: 0
- 07:20:22 [INFO] Host: 
- 07:20:22 [ERROR] On command:  waiting for (?-mix:AM3517_EVM\s*#) >>> error: execution expired
- 07:20:22 [INFO] Target: 
reading u-boot.img
reading u-boot.img
U-Boot 2011.09-00000-g9cf431d (Jun 25 2013 - 15:14:11)
AM35XX-GP ES2.0, CPU-OPP2, L3-165MHz, Max CPU Clock 600 Mhz
AM3517EVM Board + LPDDR/NAND
I2C:   ready
DRAM:  256 MiB
WARNING: Caches not enabled
NAND:  HW ECC [Kernel/FS layout] selected
512 MiB
MMC:   OMAP SD/MMC: 0
- 07:20:22 [INFO] Host: 
- 07:20:23 [ERROR] On command:  waiting for (?-mix:AM3517_EVM\s*#) >>> error: execution expired
- 07:20:23 [INFO] Target: 
- 07:20:23 [INFO] Host: 
- 07:20:23 [INFO] Target: 
In:    serial
Out:   serial
Err:   serial
Die ID #5f5c00010000000001685a201600f025
Net:   Ethernet PHY: GENERIC @ 0x00
DaVinci-EMAC
Hit any key to stop autoboot:  3  0 
AM3517_EVM # 
AM3517_EVM 
- 07:20:23 [INFO] Host: 
- 07:20:23 [INFO] Target: 
AM3517_EVM # 
- 07:20:23 [INFO] Host: version
- 07:20:23 [INFO] Target: 
version
U-Boot 2011.09-00000-g9cf431d (Jun 25 2013 - 15:14:11)
arm-linux-gnueabihf-gcc (crosstool-NG linaro-1.13.1-4.7-2013.03-20130313 - Linaro GCC 2013.03) 4.7.3 20130226 (prerelease)
GNU ld (crosstool-NG linaro-1.13.1-4.7-2013.03-20130313 - Linaro GCC 2013.03) 2.23.1
AM3517_EVM # 
- 07:20:23 [INFO] Host: setenv bootargs 'console=ttyO2,115200n8 debug ignore_loglevel earlyprintk root=/dev/mmcblk0p2 rootwait nohlt '
- 07:20:23 [INFO] Target: 
setenv bootargs 'console=ttyO2,115200n8 debug ignore_loglevel earlyprintk root=/dev/mmcblk0p2 rootwait nohlt '
AM3517_EVM # 
- 07:20:23 [INFO] Host: setenv bootcmd  ''
- 07:20:23 [INFO] Target: 
setenv bootcmd  ''
AM3517_EVM # 
- 07:20:23 [INFO] Host: setenv autoload 'no'
- 07:20:23 [INFO] Target: 
setenv autoload 'no'
AM3517_EVM # 
- 07:20:23 [INFO] Host: setenv serverip '10.218.102.142'
- 07:20:23 [INFO] Target: 
setenv serverip '10.218.102.142'
AM3517_EVM # 
- 07:20:23 [INFO] Host: printenv
- 07:20:24 [INFO] Target: 
printenv
autoload=no
baudrate=115200
bootargs=console=ttyO2,115200n8 debug ignore_loglevel earlyprintk root=/dev/mmcblk0p2 rootwait nohlt 
bootargs_defaults=setenv bootargs console=${console} ${optargs}
bootcmd=
bootdelay=3
bootenv=uEnv.txt
bootfile=tigt-0001-desktop/2012-09-19t22-05-12-184/am3517-evm/70132be54a7f7fcf07b00ec4a126f0b2
bootscript=echo Running bootscript from mmc ...; source ${loadaddr}
console=ttyO2,115200n8
dieid#=5f5c00010000000001685a201600f025
ethact=DaVinci-EMAC
ethaddr=40:98:4e:74:71:9d
importbootenv=echo Importing environment from mmc ...; env import -t $loadaddr $filesize
kloadaddr=0x80007fc0
loadaddr=0x82000000
loadbootenv=fatload mmc ${mmc_dev} ${loadaddr} ${bootenv}
loadbootscript=fatload mmc ${mmcdev} ${loadaddr} boot.scr
loaduimage=fatload mmc ${mmcdev} ${kloadaddr} uImage
mmc_load_uimage=mmc rescan; fatload mmc 0 ${loadaddr} uImage
mmcargs=run bootargs_defaults; setenv bootargs ${bootargs} root=/dev/mmcblk0p2 rw rootfstype=ext3 rootwait
mmcboot=echo Booting from mmc ...; run mmcargs; bootm ${kloadaddr}; 
mmcdev=0
nandargs=run bootargs_defaults; setenv bootargs ${bootargs} root=/dev/mtdblock4 rw rootfstype=jffs2
nandboot=echo Booting from nand ...; run nandargs; nand read ${kloadaddr} 280000 400000; bootm ${kloadaddr}; 
nfs_root_path=10.218.102.142:/home/tigt-0001/NFS_exports/am3517/autofs/ae0d8e03f9b2bf510b0c654ac60741c7
ramdisk_addr=0x8A080000
serverip=10.218.102.142
stderr=serial
stdin=serial
stdout=serial
Environment size: 1515/131068 bytes
AM3517_EVM # 
- 07:20:24 [INFO] Host: printenv
- 07:20:24 [INFO] Target: 
printenv
autoload=no
baudrate=115200
bootargs=console=ttyO2,115200n8 debug ignore_loglevel earlyprintk root=/dev/mmcblk0p2 rootwait nohlt 
bootargs_defaults=setenv bootargs console=${console} ${optargs}
bootcmd=
bootdelay=3
bootenv=uEnv.txt
bootfile=tigt-0001-desktop/2012-09-19t22-05-12-184/am3517-evm/70132be54a7f7fcf07b00ec4a126f0b2
bootscript=echo Running bootscript from mmc ...; source ${loadaddr}
console=ttyO2,115200n8
dieid#=5f5c00010000000001685a201600f025
ethact=DaVinci-EMAC
ethaddr=40:98:4e:74:71:9d
importbootenv=echo Importing environment from mmc ...; env import -t $loadaddr $filesize
kloadaddr=0x80007fc0
loadaddr=0x82000000
loadbootenv=fatload mmc ${mmc_dev} ${loadaddr} ${bootenv}
loadbootscript=fatload mmc ${mmcdev} ${loadaddr} boot.scr
loaduimage=fatload mmc ${mmcdev} ${kloadaddr} uImage
mmc_load_uimage=mmc rescan; fatload mmc 0 ${loadaddr} uImage
mmcargs=run bootargs_defaults; setenv bootargs ${bootargs} root=/dev/mmcblk0p2 rw rootfstype=ext3 rootwait
mmcboot=echo Booting from mmc ...; run mmcargs; bootm ${kloadaddr}; 
mmcdev=0
nandargs=run bootargs_defaults; setenv bootargs ${bootargs} root=/dev/mtdblock4 rw rootfstype=jffs2
nandboot=echo Booting from nand ...; run nandargs; nand read ${kloadaddr} 280000 400000; bootm ${kloadaddr}; 
nfs_root_path=10.218.102.142:/home/tigt-0001/NFS_exports/am3517/autofs/ae0d8e03f9b2bf510b0c654ac60741c7
ramdisk_addr=0x8A080000
serverip=10.218.102.142
stderr=serial
stdin=serial
stdout=serial
Environment size: 1515/131068 bytes
AM3517_EVM # 
- 07:20:24 [INFO] Host: setenv bootargs ''${bootargs}' ip=dhcp '
- 07:20:24 [INFO] Target: 
setenv bootargs ''${bootargs}' ip=dhcp '
AM3517_EVM # 
- 07:20:24 [INFO] Host: setenv serverip '10.218.102.142'
- 07:20:24 [INFO] Target: 
setenv serverip '10.218.102.142'
AM3517_EVM # 
- 07:20:24 [INFO] Host: setenv ipaddr dhcp
- 07:20:24 [INFO] Target: 
setenv ipaddr dhcp
AM3517_EVM # 
- 07:20:24 [INFO] Host: setenv autoload 'no'
- 07:20:24 [INFO] Target: 
setenv autoload 'no'
AM3517_EVM # 
- 07:20:24 [INFO] Host: dhcp
- 07:20:26 [INFO] Target: 
dhcp
BOOTP broadcast 1
DHCP client bound to address 10.218.102.219
AM3517_EVM # 
- 07:20:26 [INFO] Host: setenv serverip '10.218.102.142'
- 07:20:26 [INFO] Target: 
setenv serverip '10.218.102.142'
AM3517_EVM # 
- 07:20:26 [INFO] Host: tftp ${loadaddr} 10.218.102.142:vatf_am3517-evm/e1dd7b0b580b7e32e85064a0a9d80a82
- 07:20:34 [INFO] Target: 
tftp ${loadaddr} 10.218.102.142:vatf_am3517-evm/e1dd7b0b580b7e32e85064a0a9d80a82
Using DaVinci-EMAC device
TFTP from server 10.218.102.142; our IP address is 10.218.102.219
Filename 'vatf_am3517-evm/e1dd7b0b580b7e32e85064a0a9d80a82'.
Load address: 0x82000000
Loading: *#################################################################
	 #################################################################
	 #################################################################
	 #################################################################
	 #################################################################
	 #################################################################
	 #################################################################
	 #################################################################
	 #################################################################
	 #################################################################
	 #################################################################
	 #################################################################
	 #################################################################
	 #################################################################
	 #################################################################
	 #################################################################
	 #################################################################
	 #################################################################
	 ####################################################
done
Bytes transferred = 6255952 (5f7550 hex)
AM3517_EVM # 
- 07:20:34 [INFO] Host: ls mmc 0:1
- 07:20:34 [INFO] Target: 
ls mmc 0:1
ls - list files in a directory (default /)
Usage:
ls [ directory ]
AM3517_EVM # 
- 07:20:34 [INFO] Host: ls mmc 0:2
- 07:20:35 [INFO] Target: 
ls mmc 0:2
ls - list files in a directory (default /)
Usage:
ls [ directory ]
AM3517_EVM # 
- 07:20:35 [INFO] Host: ls mmc 0:3
- 07:20:35 [INFO] Target: 
ls mmc 0:3
ls - list files in a directory (default /)
Usage:
ls [ directory ]
AM3517_EVM # 
- 07:20:35 [INFO] Host: ls mmc 0:4
- 07:20:35 [INFO] Target: 
ls mmc 0:4
ls - list files in a directory (default /)
Usage:
ls [ directory ]
AM3517_EVM # 
- 07:20:35 [INFO] Host: ls mmc 0:5
- 07:20:35 [INFO] Target: 
ls mmc 0:5
ls - list files in a directory (default /)
Usage:
ls [ directory ]
AM3517_EVM # 
- 07:20:35 [INFO] Host: part uuid mmc 0:
- 07:20:35 [INFO] Target: 
part uuid mmc 0:
Unknown command 'part' - try 'help'
AM3517_EVM # 
- 07:20:35 [INFO] Host: printenv
- 07:20:35 [INFO] Target: 
printenv
autoload=no
baudrate=115200
bootargs=console=ttyO2,115200n8 debug ignore_loglevel earlyprintk root=/dev/mmcblk0p2 rootwait nohlt ip=dhcp
bootargs_defaults=setenv bootargs console=${console} ${optargs}
bootcmd=
bootdelay=3
bootenv=uEnv.txt
bootfile=tigt-0001-desktop/2012-09-19t22-05-12-184/am3517-evm/70132be54a7f7fcf07b00ec4a126f0b2
bootscript=echo Running bootscript from mmc ...; source ${loadaddr}
console=ttyO2,115200n8
dieid#=5f5c00010000000001685a201600f025
dnsip=192.0.2.2
dnsip2=192.0.2.3
ethact=DaVinci-EMAC
ethaddr=40:98:4e:74:71:9d
fileaddr=82000000
filesize=5F7550
importbootenv=echo Importing environment from mmc ...; env import -t $loadaddr $filesize
ipaddr=10.218.102.219
kloadaddr=0x80007fc0
loadaddr=0x82000000
loadbootenv=fatload mmc ${mmc_dev} ${loadaddr} ${bootenv}
loadbootscript=fatload mmc ${mmcdev} ${loadaddr} boot.scr
loaduimage=fatload mmc ${mmcdev} ${kloadaddr} uImage
mmc_load_uimage=mmc rescan; fatload mmc 0 ${loadaddr} uImage
mmcargs=run bootargs_defaults; setenv bootargs ${bootargs} root=/dev/mmcblk0p2 rw rootfstype=ext3 rootwait
mmcboot=echo Booting from mmc ...; run mmcargs; bootm ${kloadaddr}; 
mmcdev=0
nandargs=run bootargs_defaults; setenv bootargs ${bootargs} root=/dev/mtdblock4 rw rootfstype=jffs2
nandboot=echo Booting from nand ...; run nandargs; nand read ${kloadaddr} 280000 400000; bootm ${kloadaddr}; 
netmask=255.255.255.0
nfs_root_path=10.218.102.142:/home/tigt-0001/NFS_exports/am3517/autofs/ae0d8e03f9b2bf510b0c654ac60741c7
ramdisk_addr=0x8A080000
serverip=10.218.102.142
stderr=serial
stdin=serial
stdout=serial
Environment size: 1645/131068 bytes
AM3517_EVM # 
- 07:20:35 [INFO] Host: setenv bootargs ''${bootargs}' root=/dev/mmcblk0p2 rw rootfstype=ext3 rootwait '
- 07:20:35 [INFO] Target: 
setenv bootargs ''${bootargs}' root=/dev/mmcblk0p2 rw rootfstype=ext3 rootwait '
AM3517_EVM # 
- 07:20:35 [INFO] Host: printenv
- 07:20:35 [INFO] Target: 
printenv
autoload=no
baudrate=115200
bootargs=console=ttyO2,115200n8 debug ignore_loglevel earlyprintk root=/dev/mmcblk0p2 rootwait nohlt ip=dhcp root=/dev/mmcblk0p2 rw rootfstype=ext3 rootwait
bootargs_defaults=setenv bootargs console=${console} ${optargs}
bootcmd=
bootdelay=3
bootenv=uEnv.txt
bootfile=tigt-0001-desktop/2012-09-19t22-05-12-184/am3517-evm/70132be54a7f7fcf07b00ec4a126f0b2
bootscript=echo Running bootscript from mmc ...; source ${loadaddr}
console=ttyO2,115200n8
dieid#=5f5c00010000000001685a201600f025
dnsip=192.0.2.2
dnsip2=192.0.2.3
ethact=DaVinci-EMAC
ethaddr=40:98:4e:74:71:9d
fileaddr=82000000
filesize=5F7550
importbootenv=echo Importing environment from mmc ...; env import -t $loadaddr $filesize
ipaddr=10.218.102.219
kloadaddr=0x80007fc0
loadaddr=0x82000000
loadbootenv=fatload mmc ${mmc_dev} ${loadaddr} ${bootenv}
loadbootscript=fatload mmc ${mmcdev} ${loadaddr} boot.scr
loaduimage=fatload mmc ${mmcdev} ${kloadaddr} uImage
mmc_load_uimage=mmc rescan; fatload mmc 0 ${loadaddr} uImage
mmcargs=run bootargs_defaults; setenv bootargs ${bootargs} root=/dev/mmcblk0p2 rw rootfstype=ext3 rootwait
mmcboot=echo Booting from mmc ...; run mmcargs; bootm ${kloadaddr}; 
mmcdev=0
nandargs=run bootargs_defaults; setenv bootargs ${bootargs} root=/dev/mtdblock4 rw rootfstype=jffs2
nandboot=echo Booting from nand ...; run nandargs; nand read ${kloadaddr} 280000 400000; bootm ${kloadaddr}; 
netmask=255.255.255.0
nfs_root_path=10.218.102.142:/home/tigt-0001/NFS_exports/am3517/autofs/ae0d8e03f9b2bf510b0c654ac60741c7
ramdisk_addr=0x8A080000
serverip=10.218.102.142
stderr=serial
stdin=serial
stdout=serial
Environment size: 1693/131068 bytes
AM3517_EVM # 
- 07:20:35 [INFO] Host: setenv bootcmd ''${bootcmd}' if iminfo ${loadaddr}; then bootm ${loadaddr}  ; else bootz ${loadaddr}  ; bootm ${loadaddr}  ; fi'
- 07:20:35 [INFO] Target: 
setenv bootcmd ''${bootcmd}' if iminfo ${loadaddr}; then bootm ${loadaddr}  ; else bootz ${loadaddr}  ; bootm ${loadaddr}  ; fi'
AM3517_EVM # 
- 07:20:35 [INFO] Host: bdinfo
- 07:20:35 [INFO] Target: 
bdinfo
arch_number = 0x00000898
boot_params = 0x80000100
DRAM bank   = 0x00000000
-> start    = 0x80000000
-> size     = 0x10000000
DRAM bank   = 0x00000001
-> start    = 0x80000000
-> size     = 0x00000000
ethaddr     = 40:98:4e:74:71:9d
ip_addr     = 10.218.102.219
baudrate    = 115200 bps
TLB addr    = 0x8FFF0000
relocaddr   = 0x8FF71000
reloc off   = 0x0FE71000
irq_sp      = 0x8FF30F68
sp start    = 0x8FF30F58
FB base     = 0x00000000
AM3517_EVM # 
- 07:20:35 [INFO] Host: mmc rescan
- 07:20:36 [INFO] Target: 
mmc rescan
AM3517_EVM # 
- 07:20:36 [INFO] Host: fatwrite mmc ${mmcdev}:1 ${loadaddr} ws-calibrate.rules 4
- 07:20:36 [INFO] Target: 
fatwrite mmc ${mmcdev}:1 ${loadaddr} ws-calibrate.rules 4
Unknown command 'fatwrite' - try 'help'
AM3517_EVM # 
- 07:20:36 [INFO] Host: boot
- 07:21:18 [INFO] Target: 
boot
Unknown command 'iminfo' - try 'help'
Unknown command 'bootz' - try 'help'
## Booting kernel from Legacy Image at 82000000 ...
   Image Name:   Linux-4.0.0-rc7-next-20150409-00
   Image Type:   ARM Linux Kernel Image (uncompressed)
   Data Size:    6255888 Bytes = 6 MiB
   Load Address: 80800000
   Entry Point:  80800000
   Verifying Checksum ... OK
   Loading Kernel Image ... OK
Starting kernel ...
[    0.000000] Booting Linux on physical CPU 0x0
[    0.000000] Linux version 4.0.0-rc7-next-20150409-00002-g6639d6ba0c8d (nmenon@kahuna) (gcc version 4.6.3 (Ubuntu/Linaro 4.6.3-1ubuntu5) ) #1 SMP Thu Apr 9 06:08:32 CDT 2015
[    0.000000] CPU: ARMv7 Processor [411fc087] revision 7 (ARMv7), cr=10c5387d
[    0.000000] CPU: PIPT / VIPT nonaliasing data cache, VIPT nonaliasing instruction cache
[    0.000000] Machine model: TI AM3517 EVM (AM3517/05 TMDSEVM3517)
[    0.000000] earlycon: no match for ttyO2,115200n8
[    0.000000] debug: ignoring loglevel setting.
[    0.000000] cma: Reserved 64 MiB at 0x8b800000
[    0.000000] Memory policy: Data cache writeback
[    0.000000] On node 0 totalpages: 65280
[    0.000000] free_area_init_node: node 0, pgdat c0f24b40, node_mem_map cfcd9000
[    0.000000]   DMA zone: 512 pages used for memmap
[    0.000000]   DMA zone: 0 pages reserved
[    0.000000]   DMA zone: 65280 pages, LIFO batch:15
[    0.000000] CPU: All CPU(s) started in SVC mode.
[    0.000000] AM3517 ES1.1 (l2cache sgx neon )
[    0.000000] PERCPU: Embedded 12 pages/cpu @cfc93000 s17024 r8192 d23936 u49152
[    0.000000] pcpu-alloc: s17024 r8192 d23936 u49152 alloc=12*4096
[    0.000000] pcpu-alloc: [0] 0 
[    0.000000] Built 1 zonelists in Zone order, mobility grouping on.  Total pages: 64768
[    0.000000] Kernel command line: console=ttyO2,115200n8 debug ignore_loglevel earlyprintk root=/dev/mmcblk0p2 rootwait nohlt ip=dhcp root=/dev/mmcblk0p2 rw rootfstype=ext3 rootwait
[    0.000000] PID hash table entries: 1024 (order: 0, 4096 bytes)
[    0.000000] Dentry cache hash table entries: 32768 (order: 5, 131072 bytes)
[    0.000000] Inode-cache hash table entries: 16384 (order: 4, 65536 bytes)
[    0.000000] Memory: 179080K/261120K available (8026K kernel code, 1026K rwdata, 3556K rodata, 820K init, 317K bss, 16504K reserved, 65536K cma-reserved, 0K highmem)
[    0.000000] Virtual kernel memory layout:
[    0.000000]     vector  : 0xffff0000 - 0xffff1000   (   4 kB)
[    0.000000]     fixmap  : 0xffc00000 - 0xfff00000   (3072 kB)
[    0.000000]     vmalloc : 0xd0800000 - 0xff000000   ( 744 MB)
[    0.000000]     lowmem  : 0xc0000000 - 0xd0000000   ( 256 MB)
[    0.000000]     pkmap   : 0xbfe00000 - 0xc0000000   (   2 MB)
[    0.000000]     modules : 0xbf000000 - 0xbfe00000   (  14 MB)
[    0.000000]       .text : 0xc0208000 - 0xc0d58974   (11587 kB)
[    0.000000]       .init : 0xc0d59000 - 0xc0e26000   ( 820 kB)
[    0.000000]       .data : 0xc0e26000 - 0xc0f26b00   (1027 kB)
[    0.000000]        .bss : 0xc0f29000 - 0xc0f78620   ( 318 kB)
[    0.000000] SLUB: HWalign=64, Order=0-3, MinObjects=0, CPUs=1, Nodes=1
[    0.000000] Hierarchical RCU implementation.
[    0.000000] 	Additional per-CPU info printed with stalls.
[    0.000000] 	RCU restricting CPUs from NR_CPUS=16 to nr_cpu_ids=1.
[    0.000000] RCU: Adjusting geometry for rcu_fanout_leaf=16, nr_cpu_ids=1
[    0.000000] NR_IRQS:16 nr_irqs:16 16
[    0.000000] IRQ: Found an INTC at 0xfa200000 (revision 4.0) with 96 interrupts
[    0.000000] Clocking rate (Crystal/Core/MPU): 26.0/332/600 MHz
[    0.000000] OMAP clockevent source: timer2 at 13000000 Hz
[    0.000024] sched_clock: 32 bits at 13MHz, resolution 76ns, wraps every 165191050201ns
[    0.000058] clocksource timer1: mask: 0xffffffff max_cycles: 0xffffffff, max_idle_ns: 147020034397 ns
[    0.000077] OMAP clocksource: timer1 at 13000000 Hz
[    0.000377] Console: colour dummy device 80x30
[    0.000428] Calibrating delay loop... 597.19 BogoMIPS (lpj=1492992)
[    0.072625] pid_max: default: 32768 minimum: 301
[    0.072847] Mount-cache hash table entries: 1024 (order: 0, 4096 bytes)
[    0.072867] Mountpoint-cache hash table entries: 1024 (order: 0, 4096 bytes)
[    0.074079] CPU: Testing write buffer coherency: ok
[    0.074586] CPU0: thread -1, cpu 0, socket -1, mpidr 0
[    0.074763] Setting up static identity map for 0x80209000 - 0x80209098
[    0.080165] Brought up 1 CPUs
[    0.080197] SMP: Total of 1 processors activated (597.19 BogoMIPS).
[    0.080210] CPU: All CPU(s) started in SVC mode.
[    0.081228] devtmpfs: initialized
[    0.087025] VFP support v0.3: implementor 41 architecture 3 part 30 variant c rev 1
[    0.105691] omap_hwmod: mcbsp2_sidetone using broken dt data from mcbsp
[    0.106246] omap_hwmod: mcbsp3_sidetone using broken dt data from mcbsp
[    0.162850] clocksource jiffies: mask: 0xffffffff max_cycles: 0xffffffff, max_idle_ns: 9556302231375000 ns
[    0.168598] pinctrl core: initialized pinctrl subsystem
[    0.205428] NET: Registered protocol family 16
[    0.209900] DMA: preallocated 256 KiB pool for atomic coherent allocations
[    0.213827] cpuidle: using governor ladder
[    0.213862] cpuidle: using governor menu
[    0.220751] Reprogramming SDRC clock to 332000000 Hz
[    0.223137] In-band Error seen by MPU  at address 0
[    0.223161] ------------[ cut here ]------------
[    0.223209] WARNING: CPU: 0 PID: 1 at drivers/bus/omap_l3_smx.c:166 omap3_l3_app_irq+0x100/0x120()
[    0.223223] Modules linked in:
[    0.223255] CPU: 0 PID: 1 Comm: swapper/0 Not tainted 4.0.0-rc7-next-20150409-00002-g6639d6ba0c8d #1
[    0.223268] Hardware name: Generic AM3517 (Flattened Device Tree)
[    0.223336] [<c02178dc>] (unwind_backtrace) from [<c0213290>] (show_stack+0x10/0x14)
[    0.223377] [<c0213290>] (show_stack) from [<c0993780>] (dump_stack+0x70/0x8c)
[    0.223420] [<c0993780>] (dump_stack) from [<c024e448>] (warn_slowpath_common+0x74/0xac)
[    0.223448] [<c024e448>] (warn_slowpath_common) from [<c024e49c>] (warn_slowpath_null+0x1c/0x24)
[    0.223475] [<c024e49c>] (warn_slowpath_null) from [<c049fc0c>] (omap3_l3_app_irq+0x100/0x120)
[    0.223506] [<c049fc0c>] (omap3_l3_app_irq) from [<c0287cec>] (handle_irq_event_percpu+0x50/0x150)
[    0.223531] [<c0287cec>] (handle_irq_event_percpu) from [<c0287e30>] (handle_irq_event+0x44/0x64)
[    0.223556] [<c0287e30>] (handle_irq_event) from [<c028aa64>] (handle_level_irq+0x98/0x12c)
[    0.223580] [<c028aa64>] (handle_level_irq) from [<c0287620>] (generic_handle_irq+0x20/0x30)
[    0.223601] [<c0287620>] (generic_handle_irq) from [<c028771c>] (__handle_domain_irq+0x54/0xac)
[    0.223623] [<c028771c>] (__handle_domain_irq) from [<c020a65c>] (omap_intc_handle_irq+0xb4/0xc4)
[    0.223645] [<c020a65c>] (omap_intc_handle_irq) from [<c0213dc0>] (__irq_svc+0x40/0x54)
[    0.223659] Exception stack(0xcb05dd10 to 0xcb05dd58)
[    0.223678] dd00:                                     cb005420 60000153 00000001 00000006
[    0.223699] dd20: cb0053c0 cb11f780 cb005420 00000000 0000001a cb0053f8 60000153 00000000
[    0.223717] dd40: ca800000 cb05dd58 c0289498 c0998470 60000153 ffffffff
[    0.223746] [<c0213dc0>] (__irq_svc) from [<c0998470>] (_raw_spin_unlock_irqrestore+0x1c/0x20)
[    0.223770] [<c0998470>] (_raw_spin_unlock_irqrestore) from [<c0289498>] (__setup_irq+0x2e8/0x4d8)
[    0.223792] [<c0289498>] (__setup_irq) from [<c0289754>] (request_threaded_irq+0xcc/0x148)
[    0.223818] [<c0289754>] (request_threaded_irq) from [<c049faa0>] (omap3_l3_probe+0xf0/0x15c)
[    0.223854] [<c049faa0>] (omap3_l3_probe) from [<c060562c>] (platform_drv_probe+0x48/0x98)
[    0.223882] [<c060562c>] (platform_drv_probe) from [<c0604258>] (driver_probe_device+0x1b4/0x26c)
[    0.223906] [<c0604258>] (driver_probe_device) from [<c0602acc>] (bus_for_each_drv+0x5c/0x88)
[    0.223929] [<c0602acc>] (bus_for_each_drv) from [<c0604070>] (device_attach+0x70/0x88)
[    0.223952] [<c0604070>] (device_attach) from [<c06037ac>] (bus_probe_device+0x84/0xa8)
[    0.223973] [<c06037ac>] (bus_probe_device) from [<c0601cd0>] (device_add+0x324/0x51c)
[    0.224004] [<c0601cd0>] (device_add) from [<c084a098>] (of_platform_device_create_pdata+0x7c/0xb4)
[    0.224030] [<c084a098>] (of_platform_device_create_pdata) from [<c084a19c>] (of_platform_bus_create+0xcc/0x2ec)
[    0.224053] [<c084a19c>] (of_platform_bus_create) from [<c084a41c>] (of_platform_populate+0x60/0xa8)
[    0.224082] [<c084a41c>] (of_platform_populate) from [<c0d7a864>] (pdata_quirks_init+0x34/0x44)
[    0.224107] [<c0d7a864>] (pdata_quirks_init) from [<c0d7a5fc>] (omap_generic_init+0x10/0x1c)
[    0.224134] [<c0d7a5fc>] (omap_generic_init) from [<c0d5b828>] (customize_machine+0x20/0x44)
[    0.224159] [<c0d5b828>] (customize_machine) from [<c020aa64>] (do_one_initcall+0x80/0x1d0)
[    0.224182] [<c020aa64>] (do_one_initcall) from [<c0d59d4c>] (kernel_init_freeable+0x10c/0x1d8)
[    0.224205] [<c0d59d4c>] (kernel_init_freeable) from [<c098ebdc>] (kernel_init+0x8/0xe4)
[    0.224230] [<c098ebdc>] (kernel_init) from [<c0210580>] (ret_from_fork+0x14/0x34)
[    0.224287] ---[ end trace a8d2a4a8497e79c3 ]---
[    0.224322] Address Hole seen by USB_OTG  at address dc0f9c0c
[    0.224333] ------------[ cut here ]------------
[    0.224357] WARNING: CPU: 0 PID: 1 at drivers/bus/omap_l3_smx.c:166 omap3_l3_app_irq+0x100/0x120()
[    0.224368] Modules linked in:
[    0.224392] CPU: 0 PID: 1 Comm: swapper/0 Tainted: G        W       4.0.0-rc7-next-20150409-00002-g6639d6ba0c8d #1
[    0.224405] Hardware name: Generic AM3517 (Flattened Device Tree)
[    0.224436] [<c02178dc>] (unwind_backtrace) from [<c0213290>] (show_stack+0x10/0x14)
[    0.224463] [<c0213290>] (show_stack) from [<c0993780>] (dump_stack+0x70/0x8c)
[    0.224491] [<c0993780>] (dump_stack) from [<c024e448>] (warn_slowpath_common+0x74/0xac)
[    0.224516] [<c024e448>] (warn_slowpath_common) from [<c024e49c>] (warn_slowpath_null+0x1c/0x24)
[    0.224542] [<c024e49c>] (warn_slowpath_null) from [<c049fc0c>] (omap3_l3_app_irq+0x100/0x120)
[    0.224567] [<c049fc0c>] (omap3_l3_app_irq) from [<c0287cec>] (handle_irq_event_percpu+0x50/0x150)
[    0.224589] [<c0287cec>] (handle_irq_event_percpu) from [<c0287e30>] (handle_irq_event+0x44/0x64)
[    0.224612] [<c0287e30>] (handle_irq_event) from [<c028aa64>] (handle_level_irq+0x98/0x12c)
[    0.224635] [<c028aa64>] (handle_level_irq) from [<c0287620>] (generic_handle_irq+0x20/0x30)
[    0.224655] [<c0287620>] (generic_handle_irq) from [<c028771c>] (__handle_domain_irq+0x54/0xac)
[    0.224677] [<c028771c>] (__handle_domain_irq) from [<c020a65c>] (omap_intc_handle_irq+0xb4/0xc4)
[    0.224697] [<c020a65c>] (omap_intc_handle_irq) from [<c0213dc0>] (__irq_svc+0x40/0x54)
[    0.224710] Exception stack(0xcb05dd10 to 0xcb05dd58)
[    0.224727] dd00:                                     cb005420 60000153 00000001 00000006
[    0.224747] dd20: cb0053c0 cb11f780 cb005420 00000000 0000001a cb0053f8 60000153 00000000
[    0.224765] dd40: ca800000 cb05dd58 c0289498 c0998470 60000153 ffffffff
[    0.224789] [<c0213dc0>] (__irq_svc) from [<c0998470>] (_raw_spin_unlock_irqrestore+0x1c/0x20)
[    0.224812] [<c0998470>] (_raw_spin_unlock_irqrestore) from [<c0289498>] (__setup_irq+0x2e8/0x4d8)
[    0.224835] [<c0289498>] (__setup_irq) from [<c0289754>] (request_threaded_irq+0xcc/0x148)
[    0.224859] [<c0289754>] (request_threaded_irq) from [<c049faa0>] (omap3_l3_probe+0xf0/0x15c)
[    0.224885] [<c049faa0>] (omap3_l3_probe) from [<c060562c>] (platform_drv_probe+0x48/0x98)
[    0.224909] [<c060562c>] (platform_drv_probe) from [<c0604258>] (driver_probe_device+0x1b4/0x26c)
[    0.224932] [<c0604258>] (driver_probe_device) from [<c0602acc>] (bus_for_each_drv+0x5c/0x88)
[    0.224955] [<c0602acc>] (bus_for_each_drv) from [<c0604070>] (device_attach+0x70/0x88)
[    0.224977] [<c0604070>] (device_attach) from [<c06037ac>] (bus_probe_device+0x84/0xa8)
[    0.224999] [<c06037ac>] (bus_probe_device) from [<c0601cd0>] (device_add+0x324/0x51c)
[    0.225022] [<c0601cd0>] (device_add) from [<c084a098>] (of_platform_device_create_pdata+0x7c/0xb4)
[    0.225046] [<c084a098>] (of_platform_device_create_pdata) from [<c084a19c>] (of_platform_bus_create+0xcc/0x2ec)
[    0.225068] [<c084a19c>] (of_platform_bus_create) from [<c084a41c>] (of_platform_populate+0x60/0xa8)
[    0.225091] [<c084a41c>] (of_platform_populate) from [<c0d7a864>] (pdata_quirks_init+0x34/0x44)
[    0.225113] [<c0d7a864>] (pdata_quirks_init) from [<c0d7a5fc>] (omap_generic_init+0x10/0x1c)
[    0.225137] [<c0d7a5fc>] (omap_generic_init) from [<c0d5b828>] (customize_machine+0x20/0x44)
[    0.225160] [<c0d5b828>] (customize_machine) from [<c020aa64>] (do_one_initcall+0x80/0x1d0)
[    0.225182] [<c020aa64>] (do_one_initcall) from [<c0d59d4c>] (kernel_init_freeable+0x10c/0x1d8)
[    0.225205] [<c0d59d4c>] (kernel_init_freeable) from [<c098ebdc>] (kernel_init+0x8/0xe4)
[    0.225228] [<c098ebdc>] (kernel_init) from [<c0210580>] (ret_from_fork+0x14/0x34)
[    0.225241] ---[ end trace a8d2a4a8497e79c4 ]---
[    0.227798] platform 480c5000.aes: Cannot lookup hwmod 'aes'
[    0.231882] OMAP GPIO hardware version 2.5
[    0.245585] platform 480c3000.sham: Cannot lookup hwmod 'sham'
[    0.246107] platform 480cb000.smartreflex: Cannot lookup hwmod 'smartreflex_core'
[    0.253132] omap-gpmc 6e000000.gpmc: GPMC revision 5.0
[    0.253726] platform 480ab000.usb_otg_hs: Cannot lookup hwmod 'usb_otg_hs'
[    0.256222] No ATAGs?
[    0.256265] hw-breakpoint: debug architecture 0x4 unsupported.
[    0.259120] OMAP DMA hardware revision 4.0
[    0.263726] Serial: AMBA PL011 UART driver
[    0.315426] omap-dma-engine 48056000.dma-controller: OMAP DMA engine driver
[    0.321376] vgaarb: loaded
[    0.322966] SCSI subsystem initialized
[    0.323412] libata version 3.00 loaded.
[    0.324140] usbcore: registered new interface driver usbfs
[    0.324310] usbcore: registered new interface driver hub
[    0.324436] usbcore: registered new device driver usb
[    0.327018] omap_i2c 48070000.i2c: bus 0 rev3.3 at 400 kHz
[    0.327995] omap_i2c 48072000.i2c: bus 1 rev3.3 at 400 kHz
[    0.328803] omap_i2c 48060000.i2c: bus 2 rev3.3 at 400 kHz
[    0.330176] media: Linux media interface: v0.10
[    0.330322] Linux video capture interface: v2.00
[    0.330438] pps_core: LinuxPPS API ver. 1 registered
[    0.330452] pps_core: Software ver. 5.3.6 - Copyright 2005-2007 Rodolfo Giometti <giometti@linux.it>
[    0.330515] PTP clock support registered
[    0.330954] EDAC MC: Ver: 3.0.0
[    0.333845] Advanced Linux Sound Architecture Driver Initialized.
[    0.336311] Switched to clocksource timer1
[    0.358034] NET: Registered protocol family 2
[    0.359169] TCP established hash table entries: 2048 (order: 1, 8192 bytes)
[    0.359228] TCP bind hash table entries: 2048 (order: 2, 16384 bytes)
[    0.359288] TCP: Hash tables configured (established 2048 bind 2048)
[    0.359426] UDP hash table entries: 256 (order: 1, 8192 bytes)
[    0.359463] UDP-Lite hash table entries: 256 (order: 1, 8192 bytes)
[    0.359764] NET: Registered protocol family 1
[    0.360413] RPC: Registered named UNIX socket transport module.
[    0.360435] RPC: Registered udp transport module.
[    0.360446] RPC: Registered tcp transport module.
[    0.360458] RPC: Registered tcp NFSv4.1 backchannel transport module.
[    0.360497] PCI: CLS 0 bytes, default 64
[    0.364383] CPU PMU: Failed to parse <no-node>/interrupt-affinity[0]
[    0.364540] hw perfevents: enabled with armv7_cortex_a8 PMU driver, 5 counters available
[    0.369008] futex hash table entries: 256 (order: 2, 16384 bytes)
[    0.393901] squashfs: version 4.0 (2009/01/31) Phillip Lougher
[    0.395859] NFS: Registering the id_resolver key type
[    0.395969] Key type id_resolver registered
[    0.395984] Key type id_legacy registered
[    0.396104] ntfs: driver 2.1.32 [Flags: R/O].
[    0.399042] Block layer SCSI generic (bsg) driver version 0.4 loaded (major 248)
[    0.399082] io scheduler noop registered
[    0.399103] io scheduler deadline registered
[    0.399512] io scheduler cfq registered (default)
[    0.406838] pinctrl-single 48002030.pinmux: 284 pins at pa fa002030 size 568
[    0.407243] pinctrl-single 48002a00.pinmux: 46 pins at pa fa002a00 size 92
[    0.544112] Serial: 8250/16550 driver, 4 ports, IRQ sharing disabled
[    0.548621] SuperH (H)SCI(F) driver initialized
[    0.549875] msm_serial: driver initialized
[    0.550927] omap_uart 4806a000.serial: no wakeirq for uart0
[    0.551204] 4806a000.serial: ttyO0 at MMIO 0x4806a000 (irq = 88, base_baud = 3000000) is a OMAP UART0
[    0.552242] omap_uart 4806c000.serial: no wakeirq for uart1
[    0.552445] 4806c000.serial: ttyO1 at MMIO 0x4806c000 (irq = 89, base_baud = 3000000) is a OMAP UART1
[    0.553205] omap_uart 49020000.serial: no wakeirq for uart2
[    0.553390] 49020000.serial: ttyO2 at MMIO 0x49020000 (irq = 90, base_baud = 3000000) is a OMAP UART2
[    2.084167] console [ttyO2] enabled
[    2.088838] STMicroelectronics ASC driver initialized
[    2.097009] [drm] Initialized drm 1.1.0 20060810
[    2.116113] loop: module loaded
[    2.134388] CAN device driver interface
[    2.140383] igb: Intel(R) Gigabit Ethernet Network Driver - version 5.2.15-k
[    2.147868] igb: Copyright (c) 2007-2014 Intel Corporation.
[    2.196411] davinci_mdio davinci_mdio.0: davinci mdio revision 1.5
[    2.202973] davinci_mdio davinci_mdio.0: detected phy mask fffffffe
[    2.210730] libphy: davinci_mdio.0: probed
[    2.215162] davinci_mdio davinci_mdio.0: phy[0]: device davinci_mdio.0:00, driver SMSC LAN8710/LAN8720
[    2.225973] pegasus: v0.9.3 (2013/04/25), Pegasus/Pegasus II USB Ethernet driver
[    2.234008] usbcore: registered new interface driver pegasus
[    2.240200] usbcore: registered new interface driver asix
[    2.246053] usbcore: registered new interface driver ax88179_178a
[    2.252622] usbcore: registered new interface driver cdc_ether
[    2.258951] usbcore: registered new interface driver smsc75xx
[    2.265188] usbcore: registered new interface driver smsc95xx
[    2.271436] usbcore: registered new interface driver net1080
[    2.277543] usbcore: registered new interface driver cdc_subset
[    2.283921] usbcore: registered new interface driver zaurus
[    2.290044] usbcore: registered new interface driver cdc_ncm
[    2.298873] ehci_hcd: USB 2.0 'Enhanced' Host Controller (EHCI) Driver
[    2.305839] ehci-pci: EHCI PCI platform driver
[    2.310691] ehci-platform: EHCI generic platform driver
[    2.316616] ehci-omap: OMAP-EHCI Host Controller driver
[    2.322796] ehci-omap 48064800.ehci: EHCI Host Controller
[    2.328617] ehci-omap 48064800.ehci: new USB bus registered, assigned bus number 1
[    2.337186] ehci-omap 48064800.ehci: irq 93, io mem 0x48064800
[    2.351365] ehci-omap 48064800.ehci: USB 2.0 started, EHCI 1.00
[    2.359439] hub 1-0:1.0: USB hub found
[    2.363584] hub 1-0:1.0: 3 ports detected
[    2.369098] ehci-orion: EHCI orion driver
[    2.373873] SPEAr-ehci: EHCI SPEAr driver
[    2.378469] ehci-st: EHCI STMicroelectronics driver
[    2.383918] ehci-exynos: EHCI EXYNOS driver
[    2.388637] tegra-ehci: Tegra EHCI driver
[    2.393170] ohci_hcd: USB 1.1 'Open' Host Controller (OHCI) Driver
[    2.399764] ohci-pci: OHCI PCI platform driver
[    2.404639] ohci-platform: OHCI generic platform driver
[    2.410479] ohci-omap3: OHCI OMAP3 driver
[    2.415180] ohci-omap3 48064400.ohci: OHCI Host Controller
[    2.421069] ohci-omap3 48064400.ohci: new USB bus registered, assigned bus number 2
[    2.429489] ohci-omap3 48064400.ohci: irq 92, io mem 0x48064400
[    2.508040] hub 2-0:1.0: USB hub found
[    2.512183] hub 2-0:1.0: 3 ports detected
[    2.517609] SPEAr-ohci: OHCI SPEAr driver
[    2.522361] ohci-st: OHCI STMicroelectronics driver
[    2.528163] usbcore: registered new interface driver usb-storage
[    2.537318] mousedev: PS/2 mouse device common for all mice
[    2.550093] i2c /dev entries driver
[    2.558607] usbcore: registered new interface driver uvcvideo
[    2.564739] USB Video Class driver (1.1.1)
[    2.569100] gspca_main: v2.14.0 registered
[    2.580546] Driver 'mmcblk' needs updating - please use bus_type methods
[    2.587852] sdhci: Secure Digital Host Controller Interface driver
[    2.594390] sdhci: Copyright(c) Pierre Ossman
[    2.632652] Synopsys Designware Multimedia Card Interface Driver
[    2.640800] sdhci-pltfm: SDHCI platform and OF driver helper
[    2.649531] ledtrig-cpu: registered to indicate activity on CPUs
[    2.656496] usbcore: registered new interface driver usbhid
[    2.662406] usbhid: USB HID core driver
[    2.672797] usbcore: registered new interface driver snd-usb-audio
[    2.684954] NET: Registered protocol family 17
[    2.689798] can: controller area network core (rev 20120528 abi 9)
[    2.696543] NET: Registered protocol family 29
[    2.701239] can: raw protocol (rev 20120528)
[    2.705795] can: broadcast manager protocol (rev 20120528 t)
[    2.711814] can: netlink gateway (rev 20130117) max_hops=1
[    2.718525] Key type dns_resolver registered
[    2.723617] omap2_set_init_voltage: unable to find boot up OPP for vdd_mpu_iva
[    2.731340] omap2_set_init_voltage: unable to set vdd_mpu_iva
[    2.737443] omap2_set_init_voltage: unable to find boot up OPP for vdd_core
[    2.744798] omap2_set_init_voltage: unable to set vdd_core
[    2.751763] cpu cpu0: dev_pm_opp_get_opp_count: device OPP not found (-19)
[    2.759390] PM: no software I/O chain control; some wakeups may be lost
[    2.766451] pm: Failed to request pm_wkup irq
[    2.771108] ThumbEE CPU extension supported.
[    2.775684] Registering SWP/SWPB emulation handler
[    2.789380] hctosys: unable to open rtc device (rtc0)
[    2.838723] mmc0: host does not support reading read-only switch, assuming write-enable
[    2.849182] mmc0: new high speed SDHC card at address b368
[    2.855914] mmcblk0: mmc0:b368 SDC   3.74 GiB 
[    2.862862]  mmcblk0: p1 p2 p3
[   14.871638] In-band Error seen by MPU  at address 0
[   14.876782] ------------[ cut here ]------------
[   14.881663] WARNING: CPU: 0 PID: 1 at drivers/bus/omap_l3_smx.c:166 omap3_l3_app_irq+0x100/0x120()
[   14.891076] Modules linked in:
[   14.894306] CPU: 0 PID: 1 Comm: swapper/0 Tainted: G        W       4.0.0-rc7-next-20150409-00002-g6639d6ba0c8d #1
[   14.905178] Hardware name: Generic AM3517 (Flattened Device Tree)
[   14.911631] [<c02178dc>] (unwind_backtrace) from [<c0213290>] (show_stack+0x10/0x14)
[   14.919794] [<c0213290>] (show_stack) from [<c0993780>] (dump_stack+0x70/0x8c)
[   14.927413] [<c0993780>] (dump_stack) from [<c024e448>] (warn_slowpath_common+0x74/0xac)
[   14.935930] [<c024e448>] (warn_slowpath_common) from [<c024e49c>] (warn_slowpath_null+0x1c/0x24)
[   14.945175] [<c024e49c>] (warn_slowpath_null) from [<c049fc0c>] (omap3_l3_app_irq+0x100/0x120)
[   14.954241] [<c049fc0c>] (omap3_l3_app_irq) from [<c0287cec>] (handle_irq_event_percpu+0x50/0x150)
[   14.963666] [<c0287cec>] (handle_irq_event_percpu) from [<c0287e30>] (handle_irq_event+0x44/0x64)
[   14.972999] [<c0287e30>] (handle_irq_event) from [<c028aa64>] (handle_level_irq+0x98/0x12c)
[   14.981783] [<c028aa64>] (handle_level_irq) from [<c0287620>] (generic_handle_irq+0x20/0x30)
[   14.990656] [<c0287620>] (generic_handle_irq) from [<c028771c>] (__handle_domain_irq+0x54/0xac)
[   14.999803] [<c028771c>] (__handle_domain_irq) from [<c020a65c>] (omap_intc_handle_irq+0xb4/0xc4)
[   15.009133] [<c020a65c>] (omap_intc_handle_irq) from [<c0213dc0>] (__irq_svc+0x40/0x54)
[   15.017543] Exception stack(0xcb05de78 to 0xcb05dec0)
[   15.022854] de60:                                                       c0f6c558 60000113
[   15.031453] de80: c0f6c548 0000014b cb023a00 cb011f00 c0e2b798 c0e2b798 cb53b140 c0e1ef6c
[   15.040052] dea0: 00000114 00000000 00000000 cb05dec0 c08519c0 c0998470 60000113 ffffffff
[   15.048658] [<c0213dc0>] (__irq_svc) from [<c0998470>] (_raw_spin_unlock_irqrestore+0x1c/0x20)
[   15.057718] [<c0998470>] (_raw_spin_unlock_irqrestore) from [<c08519c0>] (clk_disable_unused_subtree+0x20/0xac)
[   15.068321] ---[ end trace a8d2a4a8497e79c6 ]---
[   15.073283] In-band Error seen by MPU  at address 0
[   15.078411] ------------[ cut here ]------------
[   15.083275] WARNING: CPU: 0 PID: 1 at drivers/bus/omap_l3_smx.c:166 omap3_l3_app_irq+0x100/0x120()
[   15.092684] Modules linked in:
[   15.095904] CPU: 0 PID: 1 Comm: swapper/0 Tainted: G        W       4.0.0-rc7-next-20150409-00002-g6639d6ba0c8d #1
[   15.106775] Hardware name: Generic AM3517 (Flattened Device Tree)
[   15.113194] [<c02178dc>] (unwind_backtrace) from [<c0213290>] (show_stack+0x10/0x14)
[   15.121344] [<c0213290>] (show_stack) from [<c0993780>] (dump_stack+0x70/0x8c)
[   15.128946] [<c0993780>] (dump_stack) from [<c024e448>] (warn_slowpath_common+0x74/0xac)
[   15.137460] [<c024e448>] (warn_slowpath_common) from [<c024e49c>] (warn_slowpath_null+0x1c/0x24)
[   15.146703] [<c024e49c>] (warn_slowpath_null) from [<c049fc0c>] (omap3_l3_app_irq+0x100/0x120)
[   15.155762] [<c049fc0c>] (omap3_l3_app_irq) from [<c0287cec>] (handle_irq_event_percpu+0x50/0x150)
[   15.165184] [<c0287cec>] (handle_irq_event_percpu) from [<c0287e30>] (handle_irq_event+0x44/0x64)
[   15.174515] [<c0287e30>] (handle_irq_event) from [<c028aa64>] (handle_level_irq+0x98/0x12c)
[   15.183298] [<c028aa64>] (handle_level_irq) from [<c0287620>] (generic_handle_irq+0x20/0x30)
[   15.192171] [<c0287620>] (generic_handle_irq) from [<c028771c>] (__handle_domain_irq+0x54/0xac)
[   15.201317] [<c028771c>] (__handle_domain_irq) from [<c020a65c>] (omap_intc_handle_irq+0xb4/0xc4)
[   15.210645] [<c020a65c>] (omap_intc_handle_irq) from [<c0213dc0>] (__irq_svc+0x40/0x54)
[   15.219054] Exception stack(0xcb05de78 to 0xcb05dec0)
[   15.224364] de60:                                                       c0f6c558 60000113
[   15.232962] de80: c0f6c548 0000014c cb023980 cb011f00 c0e2b798 c0e2b798 cb53b140 c0e1ef6c
[   15.241559] dea0: 00000114 00000000 00000000 cb05dec0 c08519c0 c0998470 60000113 ffffffff
[   15.250161] [<c0213dc0>] (__irq_svc) from [<c0998470>] (_raw_spin_unlock_irqrestore+0x1c/0x20)
[   15.259219] [<c0998470>] (_raw_spin_unlock_irqrestore) from [<c08519c0>] (clk_disable_unused_subtree+0x20/0xac)
[   15.269819] ---[ end trace a8d2a4a8497e79c7 ]---
[   15.274994] ALSA device list:
[   15.278171]   No soundcards found.
[   15.284819] EXT4-fs (mmcblk0p2): mounting ext3 file system using the ext4 subsystem
[   15.306729] EXT4-fs (mmcblk0p2): warning: maximal mount count reached, running e2fsck is recommended
[   15.668705] EXT4-fs (mmcblk0p2): mounted filesystem with ordered data mode. Opts: (null)
[   15.677363] VFS: Mounted root (ext3 filesystem) on device 179:2.
[   15.696079] devtmpfs: mounted
[   15.701346] Freeing unused kernel memory: 820K (c0d59000 - c0e26000)
INIT: version 2.86 booting
Please wait: booting...
Error opening /dev/fb0: No such file or directory
Starting udev
[   16.399635] udevd (80): /proc/80/oom_adj is deprecated, please use /proc/80/oom_score_adj instead.
[   23.461520] EXT4-fs (mmcblk0p3): mounting ext3 file system using the ext4 subsystem
[   23.489480] FAT-fs (mmcblk0p1): Volume was not properly unmounted. Some data may be corrupt. Please run fsck.
[   23.546714] EXT4-fs (mmcblk0p3): warning: maximal mount count reached, running e2fsck is recommended
[   23.609390] EXT4-fs (mmcblk0p3): mounted filesystem with ordered data mode. Opts: (null)
[   26.669384] alignment: ignoring faults is unsafe on this CPU.  Defaulting to fixup mode.
Remounting root file system...
[   26.770563] EXT4-fs (mmcblk0p2): re-mounted. Opts: (null)
Caching udev devnodes
logger: mount: mount point /proc/bus/usb does not exist
ALSA: Restoring mixer settings...
/usr/sbin/alsactl: load_state:1625: No soundcards found...
Configuring network interfaces... ifconfig: SIOCGIFFLAGS: No such device
done.
Setting up IP spoofing protection: rp_filter.
hwclock: can't open '/dev/misc/rtc': No such file or directory
Wed Mar 28 18:29:00 UTC 2012
hwclock: can't open '/dev/misc/rtc': No such file or directory
INIT: Entering runlevel: 5
Starting system message bus: [   28.250568] random: dbus-daemon urandom read with 127 bits of entropy available
dbus.
Starting Hardware abstraction layer hald
[   28.338180] random: nonblocking pool is initialized
Starting Dropbear SSH server: dropbear.
Starting telnet daemon.
Starting syslogd/klogd: done
Starting thttpd.
Starting Lighttpd Web Server: lighttpd.
2012-03-28 18:29:04: (log.c.166) server started 
Starting Matrix GUI application.
***************************************************************
***************************************************************
NOTICE: This file system contains the followin GPLv3 packages:
	binutils-dev
	binutils-symlinks
	binutils
	gdbserver
If you do not wish to distribute GPLv3 components please remove
the above packages prior to distribution.  This can be done using
the opkg remove command.  i.e.:
    opkg remove <package>
Where <package> is the name printed in the list above
NOTE: If the package is a dependency of another package you
      will be notified of the dependent packages.  You should
      use the --force-removal-of-dependent-packages option to
      also remove the dependent packages as well
*******************************************
 _____                    _____           _         _   
|  _  |___ ___ ___ ___   |  _  |___ ___  |_|___ ___| |_ 
|     |  _| .'| . | . |  |   __|  _| . | | | -_|  _|  _|
|__|__|_| |__,|_  |___|  |__|  |_| |___|_| |___|___|_|  
              |___|                    |___|            
Arago Project http://arago-project.org am3517-evm ttyO2
Arago 2011.09 am3517-evm ttyO2
am3517-evm login: 
- 07:21:18 [INFO] Host: root
- 07:21:18 [INFO] Target: 
root
root@am3517-evm:~# 
- 07:21:18 [INFO] Host: uname -a
- 07:21:18 [INFO] Target: 
uname -a
Linux am3517-evm 4.0.0-rc7-next-20150409-00002-g6639d6ba0c8d #1 SMP Thu Apr 9 06:08:32 CDT 2015 armv7l unknown
root@am3517-evm:~# 
- 07:21:18 [INFO] Host: cat /proc/cmdline
- 07:21:18 [INFO] Target: 
cat /proc/cmdline
console=ttyO2,115200n8 debug ignore_loglevel earlyprintk root=/dev/mmcblk0p2 rootwait nohlt ip=dhcp root=/dev/mmcblk0p2 rw rootfstype=ext3 rootwait
root@am3517-evm:~# 
- 07:21:18 [INFO] Host: uname -a
- 07:21:18 [INFO] Target: 
uname -a
Linux am3517-evm 4.0.0-rc7-next-20150409-00002-g6639d6ba0c8d #1 SMP Thu Apr 9 06:08:32 CDT 2015 armv7l unknown
root@am3517-evm:~# 
- 07:21:18 [INFO] Host: cat /proc/mtd
- 07:21:19 [INFO] Target: 
cat /proc/mtd
dev:    size   erasesize  name
root@am3517-evm:~# 
- 07:21:31 [INFO] Host: export IPERFHOST=10.218.102.142
- 07:21:31 [INFO] Target: 
export IPERFHOST=10.218.102.142
root@am3517-evm:~# 
- 07:21:31 [INFO] Host: export NFS_SERVER=10.218.102.142
- 07:21:31 [INFO] Target: 
export NFS_SERVER=10.218.102.142
root@am3517-evm:~# 
- 07:21:31 [INFO] Host: export NFS_ROOT_PATH=/home/tigt-0001/NFS_exports/am3517
- 07:21:31 [INFO] Target: 
export NFS_ROOT_PATH=/home/tigt-0001/NFS_exports/am3517
root@am3517-evm:~# 
- 07:21:31 [INFO] Host: mkdir -p -m 777 /test
- 07:21:31 [INFO] Target: 
mkdir -p -m 777 /test
root@am3517-evm:~# 
- 07:21:31 [INFO] Host: cd /test
- 07:21:31 [INFO] Target: 
cd /test
root@am3517-evm:/test# 
- 07:21:31 [INFO] Host: cat > test.sh << EOF
- 07:21:31 [INFO] Target: 
cat > test.sh << EOF
- 07:21:31 [INFO] Host: failtest() {
- 07:21:31 [INFO] Target: 
failtest() {
- 07:21:31 [INFO] Host:   echo 1 >&3
- 07:21:31 [INFO] Target: 
  echo 1 >&3
- 07:21:31 [INFO] Host: }
- 07:21:31 [INFO] Target: 
- 07:21:31 [INFO] Host: timeout=600
- 07:21:31 [INFO] Target: 
timeout=600
- 07:21:31 [INFO] Host: 
- 07:21:31 [INFO] Target: 
- 07:21:31 [INFO] Host: # Start of user's script logic
- 07:21:31 [INFO] Target: 
# Start of user's script logic
- 07:21:31 [INFO] Host: 
- 07:21:32 [INFO] Target: 
- 07:21:32 [INFO] Host: 
- 07:21:32 [INFO] Target: 
- 07:21:32 [INFO] Host: mount -t proc proc /proc 2>/dev/null;
- 07:21:32 [INFO] Target: 
mount -t proc proc /proc 2>/dev/null;
- 07:21:32 [INFO] Host: 
- 07:21:32 [INFO] Target: 
- 07:21:32 [INFO] Host: mount -t sysfs sys /sys 2>/dev/null;
- 07:21:32 [INFO] Target: 
mount -t sysfs sys /sys 2>/dev/null;
- 07:21:32 [INFO] Host: 
- 07:21:32 [INFO] Target: 
- 07:21:32 [INFO] Host: mount -t debugfs none /sys/kernel/debug 2>/dev/null;
- 07:21:32 [INFO] Target: 
mount -t debugfs none /sys/kernel/debug 2>/dev/null;
- 07:21:32 [INFO] Host: 
- 07:21:32 [INFO] Target: 
- 07:21:32 [INFO] Host: echo 'cpuinfo:';cat /proc/cpuinfo; echo '=======';
- 07:21:32 [INFO] Target: 
echo 'cpuinfo:';cat /proc/cpuinfo; echo '=======';
- 07:21:32 [INFO] Host: 
- 07:21:32 [INFO] Target: 
- 07:21:32 [INFO] Host: echo 'soc info:';head /sys/devices/soc0/* 2>/dev/null; echo '=======';
- 07:21:32 [INFO] Target: 
echo 'soc info:';head /sys/devices/soc0/* 2>/dev/null; echo '=======';
- 07:21:32 [INFO] Host: 
- 07:21:32 [INFO] Target: 
- 07:21:32 [INFO] Host: echo 'DT Model info'; head /proc/device-tree/name /proc/device-tree/model /proc/device-tree/compatible 2>/dev/null;echo; echo '=======';
- 07:21:32 [INFO] Target: 
echo 'DT Model info'; head /proc/device-tree/name /proc/device-tree/model /pro
c/device-tree/compatible 2>/dev/null;echo; echo '=======';
- 07:21:32 [INFO] Host: 
- 07:21:32 [INFO] Target: 
- 07:21:32 [INFO] Host: echo 'interrupts:';cat /proc/interrupts; echo '=======';
- 07:21:32 [INFO] Target: 
echo 'interrupts:';cat /proc/interrupts; echo '=======';
- 07:21:32 [INFO] Host: 
- 07:21:32 [INFO] Target: 
- 07:21:32 [INFO] Host: echo 'Clk_summary:';cat /sys/kernel/debug/clk/clk_summary; echo '=======';
- 07:21:32 [INFO] Target: 
echo 'Clk_summary:';cat /sys/kern
- 07:21:32 [INFO] Host: 
- 07:21:32 [INFO] Target: 
el/debug/clk/clk_summary; echo '=======';
- 07:21:32 [INFO] Host: echo 'Orphan Clks:';ls /sys/kernel/debug/clk/orphans/; echo '=======';
- 07:21:33 [INFO] Target: 
echo 'Orphan Clks:';ls /sys/kernel/debug/clk/orphans/; echo '=======';
- 07:21:33 [INFO] Host: 
- 07:21:33 [INFO] Target: 
- 07:21:33 [INFO] Host: echo "Available frequencies"; cat /sys/devices/system/cpu/cpu0/cpufreq/scaling_available_frequencies 2>/dev/null;echo '=======';
- 07:21:33 [INFO] Target: 
echo "Available frequencies"; cat /sys/devices/system/cpu/cpu0/cpufreq/scaling
_available_frequencies 2>/dev/null;echo '======='
- 07:21:33 [INFO] Host: 
- 07:21:33 [INFO] Target: 
- 07:21:33 [INFO] Host: echo 'H''ello World' 'B''oard Booted';
- 07:21:33 [INFO] Target: 
echo 'H''ello World' 'B''oard Booted';
- 07:21:33 [INFO] Host: 
- 07:21:33 [INFO] Target: 
- 07:21:33 [INFO] Host: EOF
- 07:21:33 [INFO] Target: 
root@am3517-evm:/test# 
- 07:21:33 [INFO] Host: cd /test
- 07:21:33 [INFO] Target: 
cd /test
root@am3517-evm:/test# 
- 07:21:33 [INFO] Host: chmod +x test.sh
- 07:21:33 [INFO] Target: 
chmod +x test.sh
root@am3517-evm:/test# 
- 07:21:33 [INFO] Host: ./test.sh 2> stderr.log > stdout.log 3> result.log
- 07:21:33 [INFO] Target: 
./test.sh 2> stderr.log > stdout.log 3> result.log
root@am3517-evm:/test# 
- 07:21:33 [INFO] Host: echo $?
- 07:21:33 [INFO] Target: 
echo $?
root@am3517-evm:/test# 
- 07:21:33 [INFO] Host: cd /test
- 07:21:33 [INFO] Target: 
cd /test
root@am3517-evm:/test# 
- 07:21:33 [INFO] Host: cat stdout.log
- 07:21:35 [INFO] Target: 
cat stdout.log
cpuinfo:
processor	: 0
model name	: ARMv7 Processor rev 7 (v7l)
BogoMIPS	: 597.19
Features	: half thumb fastmult vfp edsp thumbee neon vfpv3 tls vfpd32 
CPU implementer	: 0x41
CPU architecture: 7
CPU variant	: 0x1
CPU part	: 0xc08
CPU revision	: 7
Hardware	: Generic AM3517 (Flattened Device Tree)
Revision	: 0000
Serial		: 0000000000000000
=======
soc info:
==> /sys/devices/soc0/family <==
OMAP3
==> /sys/devices/soc0/machine <==
AM3517
==> /sys/devices/soc0/power <==
==> /sys/devices/soc0/revision <==
ES1.1
==> /sys/devices/soc0/subsystem <==
==> /sys/devices/soc0/type <==
==> /sys/devices/soc0/uevent <==
=======
DT Model info
==> /proc/device-tree/name <==
==> /proc/device-tree/model <==
TI AM3517 EVM (AM3517/05 TMDSEVM3517)
==> /proc/device-tree/compatible <==
ti,am3517-evmti,am3517ti,omap3
=======
interrupts:
           CPU0       
 25:          0      INTC   9 Edge      l3-debug-irq
 26:          4      INTC  10 Edge      l3-app-irq
 28:          0      INTC  12 Edge      DMA
 29:       3628      INTC  13 Edge      omap-dma-engine
 36:          0      INTC  20 Edge      gpmc
 54:       6256      INTC  38 Edge      gp_timer
 72:          0      INTC  56 Edge      48070000.i2c
 73:          0      INTC  57 Edge      48072000.i2c
 77:          0      INTC  61 Edge      48060000.i2c
 90:       4694      INTC  74 Edge      OMAP UART2
 92:          1      INTC  76 Edge      ohci_hcd:usb2
 93:          0      INTC  77 Edge      ehci_hcd:usb1
 99:       6469      INTC  83 Edge      mmc0
IPI0:          0  CPU wakeup interrupts
IPI1:          0  Timer broadcast interrupts
IPI2:          0  Rescheduling interrupts
IPI3:          0  Function call interrupts
IPI4:          0  Single function call interrupts
IPI5:          0  CPU stop interrupts
IPI6:          0  IRQ work interrupts
IPI7:          0  completion interrupts
Err:          0
=======
Clk_summary:
   clock                         enable_cnt  prepare_cnt        rate   accuracy   phase
----------------------------------------------------------------------------------------
 pclk_ck                                  0            0    27000000          0 0  
    vpfe_fck                              0            0    27000000          0 0  
 rmii_ck                                  1            1    50000000          0 0  
    emac_fck                              2            2    50000000          0 0  
 secure_32k_fck                           0            1       32768          0 0  
    wdt1_fck                              0            0       32768          0 0  
    gpt12_fck                             0            1       32768          0 0  
 dummy_ck                                 0            0           0          0 0  
 mcbsp_clks                               0            5           0          0 0  
 sys_altclk                               0            0           0          0 0  
 virt_38_4m_ck                            0            0    38400000          0 0  
 virt_26000000_ck                         1            1    26000000          0 0  
    osc_sys_ck                            1            1    26000000          0 0  
       sys_clkout1                        0            0    26000000          0 0  
       sys_ck                             6           17    13000000          0 0  
          gpt9_fck                        0            1    13000000          0 0  
          gpt8_fck                        0            1    13000000          0 0  
          gpt7_fck                        0            1    13000000          0 0  
          gpt6_fck                        0            1    13000000          0 0  
          gpt5_fck                        0            1    13000000          0 0  
          gpt4_fck                        0            1    13000000          0 0  
          gpt3_fck                        0            1    13000000          0 0  
          gpt2_fck                        1            1    13000000          0 0  
          gpt1_fck                        1            1    13000000          0 0  
          hecc_ck                         0            0    13000000          0 0  
          hsotgusb_fck_am35xx             0            1    13000000          0 0  
          cpefuse_fck                     0            0    13000000          0 0  
          dpll5_ck                        1            1   120000000          0 0  
             dpll5_m2_ck                  1            1   120000000          0 0  
                usbhost_120m_fck           0            0   120000000          0 0  
                usbtll_fck                1            1   120000000          0 0  
          traceclk_src_fck                0            0    13000000          0 0  
             traceclk_fck                 0            0    13000000          0 0  
          emu_src_mux_ck                  0            1    13000000          0 0  
             emu_src_ck                   0            1    13000000          0 0  
                atclk_fck                 0            0    13000000          0 0  
                pclkx2_fck                0            0    13000000          0 0  
                pclk_fck                  0            0     6500000          0 0  
          dss2_alwon_fck                  0            2    13000000          0 0  
          dpll1_ck                        0            1   600000000          0 0  
             dpll1_x2_ck                  0            1  1200000000          0 0  
                dpll1_x2m2_ck             0            1  1200000000          0 0  
                   mpu_ck                 0            1  1200000000          0 0  
                      emu_mpu_alwon_ck           0            0  1200000000          0 0  
                      arm_fck             0            1   600000000          0 0  
          dpll3_ck                        1            1   332000000          0 0  
             dpll3_x2_ck                  0            0   664000000          0 0  
             dpll3_m2_ck                  1            1   332000000          0 0  
                dpll3_m2x2_ck             0            0   664000000          0 0  
                   corex2_fck             0            0   664000000          0 0  
                      corex2_d5_fck           0            0   132800000          0 0  
                      corex2_d3_fck           0            0   221333333          0 0  
                core_ck                   1            1   332000000          0 0  
                   core_d2_ck             0            0   166000000          0 0  
                   core_d6_ck             0            0    55333333          0 0  
                      sgx_fck             0            0    55333333          0 0  
                   core_d4_ck             0            0    83000000          0 0  
                   core_d3_ck             0            0   110666666          0 0  
                   l3_ick                 2            2   166000000          0 0  
                      sgx_ick             0            0   166000000          0 0  
                      core_l3_ick           6            7   166000000          0 0  
                         ipss_ick           2            2   166000000          0 0  
                            hsotgusb_ick_am35xx           2            2   166000000          0 0  
                            vpfe_ick           0            0   166000000          0 0  
                            emac_ick           2            2   166000000          0 0  
                         gpmc_fck           2            2   166000000          0 0  
                         sdrc_ick           1            1   166000000          0 0  
                      l4_ick              4            4    83000000          0 0  
                         usbhost_ick           1            1    83000000          0 0  
                         dss_ick_3430es2           4            6    83000000          0 0  
                         per_l4_ick          13           18    83000000          0 0  
                            mcbsp4_ick           1            1    83000000          0 0  
                            mcbsp3_ick           2            2    83000000          0 0  
                            mcbsp2_ick           2            2    83000000          0 0  
                            gpt2_ick           1            1    83000000          0 0  
                            gpt3_ick           1            1    83000000          0 0  
                            gpt4_ick           1            1    83000000          0 0  
                            gpt5_ick           1            1    83000000          0 0  
                            gpt6_ick           1            1    83000000          0 0  
                            gpt7_ick           1            1    83000000          0 0  
                            gpt8_ick           1            1    83000000          0 0  
                            gpt9_ick           1            1    83000000          0 0  
                            uart4_ick           1            1    83000000          0 0  
                            uart3_ick           1            1    83000000          0 0  
                            wdt3_ick           0            0    83000000          0 0  
                            gpio2_ick           0            1    83000000          0 0  
                            gpio3_ick           0            1    83000000          0 0  
                            gpio4_ick           0            1    83000000          0 0  
                            gpio5_ick           0            1    83000000          0 0  
                            gpio6_ick           0            1    83000000          0 0  
                         core_l4_ick          19           20    83000000          0 0  
                            mmchs3_ick           1            1    83000000          0 0  
                            usbtll_ick           1            1    83000000          0 0  
                            uart4_ick_am35xx           0            0    83000000          0 0  
                            sha12_ick           0            0    83000000          0 0  
                            aes2_ick           0            0    83000000          0 0  
                            omapctrl_ick           1            1    83000000          0 0  
                            mcbsp1_ick           1            1    83000000          0 0  
                            mcbsp5_ick           1            1    83000000          0 0  
                            gpt10_ick           1            1    83000000          0 0  
                            gpt11_ick           1            1    83000000          0 0  
                            uart1_ick           1            1    83000000          0 0  
                            uart2_ick           1            1    83000000          0 0  
                            i2c1_ick           1            1    83000000          0 0  
                            i2c2_ick           1            1    83000000          0 0  
                            i2c3_ick           1            1    83000000          0 0  
                            mcspi1_ick           1            1    83000000          0 0  
                            mcspi2_ick           1            1    83000000          0 0  
                            mcspi3_ick           1            1    83000000          0 0  
                            mcspi4_ick           1            1    83000000          0 0  
                            hdq_ick           0            1    83000000          0 0  
                            mmchs1_ick           1            1    83000000          0 0  
                            mmchs2_ick           1            1    83000000          0 0  
                         rm_ick           0            0    41500000          0 0  
                   dpll1_fck              0            0   166000000          0 0  
             dpll3_m3_ck                  0            0   166000000          0 0  
                dpll3_m3x2_mul_ck           0            0   332000000          0 0  
                   dpll3_m3x2_ck           0            0   332000000          0 0  
                      emu_core_alwon_ck           0            0   332000000          0 0  
          dpll4_ck                        1            3   432000000          0 0  
             dpll4_x2_ck                  0            0   864000000          0 0  
             dpll4_m6_ck                  0            0   144000000          0 0  
                dpll4_m6x2_mul_ck           0            0   288000000          0 0  
                   dpll4_m6x2_ck           0            0   288000000          0 0  
                      emu_per_alwon_ck           0            0   288000000          0 0  
             dpll4_m5_ck                  0            0   108000000          0 0  
                dpll4_m5x2_mul_ck           0            0   216000000          0 0  
                   dpll4_m5x2_ck           0            0   216000000          0 0  
             dpll4_m4_ck                  0            1   216000000          0 0  
                dpll4_m4x2_mul_ck           0            1   432000000          0 0  
                   dpll4_m4x2_ck           0            1   432000000          0 0  
                      dss1_alwon_fck_3430es2           0            4   432000000          0 0  
             dpll4_m3_ck                  0            1    27000000          0 0  
                dpll4_m3x2_mul_ck           0            1    54000000          0 0  
                   dpll4_m3x2_ck           0            1    54000000          0 0  
                      omap_54m_fck           0            1    54000000          0 0  
                         clkout2_src_ck           0            0    54000000          0 0  
                            sys_clkout2           0            0    54000000          0 0  
                         dss_tv_fck           0            2    54000000          0 0  
             dpll4_m2_ck                  1            1    48000000          0 0  
                dpll4_m2x2_mul_ck           1            1    96000000          0 0  
                   dpll4_m2x2_ck           1            1    96000000          0 0  
                      omap_192m_alwon_fck           0            0    96000000          0 0  
                      omap_96m_alwon_fck           1            2    96000000          0 0  
                         per_96m_fck           0            6    96000000          0 0  
                            mcbsp4_fck           0            1    96000000          0 0  
                            mcbsp3_fck           0            2    96000000          0 0  
                            mcbsp2_fck           0            2    96000000          0 0  
                         cm_96m_fck           1            2    96000000          0 0  
                            cm_96m_d2_fck           1            1    48000000          0 0  
                               omap_48m_fck           3            4    48000000          0 0  
                                  usbhost_48m_fck           1            1    48000000          0 0  
                                  per_48m_fck           1            1    48000000          0 0  
                                     uart3_fck           1            1    48000000          0 0  
                                  core_48m_fck           2            7    48000000          0 0  
                                     uart4_fck_am35xx           0            1    48000000          0 0  
                                     uart1_fck           1            2    48000000          0 0  
                                     uart2_fck           1            1    48000000          0 0  
                                     mcspi1_fck           0            1    48000000          0 0  
                                     mcspi2_fck           0            1    48000000          0 0  
                                     mcspi3_fck           0            1    48000000          0 0  
                                     mcspi4_fck           0            1    48000000          0 0  
                                  omap_12m_fck           0            1    12000000          0 0  
                                     core_12m_fck           0            1    12000000          0 0  
                                        hdq_fck             0            1    12000000          0 0  
                            omap_96m_fck           0            2    96000000          0 0  
                               dss_96m_fck           0            2    96000000          0 0  
                               core_96m_fck           0           10    96000000          0 0  
                                  mcbsp1_fck           0            1    96000000          0 0  
                                  mcbsp5_fck           0            1    96000000          0 0  
                                  mmchs3_fck           0            1    96000000          0 0  
                                  i2c1_fck           0            1    96000000          0 0  
                                  i2c2_fck           0            1    96000000          0 0  
                                  i2c3_fck           0            1    96000000          0 0  
                                  mmchs1_fck           0            1    96000000          0 0  
                                  mmchs2_fck           0            1    96000000          0 0  
          wkup_l4_ick                     4            5    13000000          0 0  
             gpt1_ick                     1            1    13000000          0 0  
             gpt12_ick                    1            1    13000000          0 0  
             omap_32ksync_ick             1            1    13000000          0 0  
             gpio1_ick                    0            1    13000000          0 0  
             wdt1_ick                     0            0    13000000          0 0  
             wdt2_ick                     1            1    13000000          0 0  
 virt_19200000_ck                         0            0    19200000          0 0  
 virt_13m_ck                              0            0    13000000          0 0  
 virt_12m_ck                              0            0    12000000          0 0  
 omap_32k_fck                             0            7       32768          0 0  
    gpt11_fck                             0            1       32768          0 0  
    gpt10_fck                             0            1       32768          0 0  
    ts_fck                                0            0       32768          0 0  
    per_32k_alwon_fck                     0            5       32768          0 0  
       wdt3_fck                           0            0       32768          0 0  
       gpio2_dbck                         0            1       32768          0 0  
       gpio3_dbck                         0            1       32768          0 0  
       gpio4_dbck                         0            1       32768          0 0  
       gpio5_dbck                         0            1       32768          0 0  
       gpio6_dbck                         0            1       32768          0 0  
    wkup_32k_fck                          0            3       32768          0 0  
       wdt2_fck                           0            1       32768          0 0  
       gpio1_dbck                         0            1       32768          0 0  
 dummy_apb_pclk                           0            0           0          0 0  
 virt_16_8m_ck                            0            0    16800000          0 0  
=======
Orphan Clks:
=======
Available frequencies
=======
Hello World Board Booted
root@am3517-evm:/test# 
- 07:21:35 [INFO] Host: cat stderr.log
- 07:21:35 [INFO] Target: 
cat stderr.log
ls: /sys/kernel/debug/clk/orphans/: No such file or directory
root@am3517-evm:/test# 
- 07:21:35 [INFO] Host: cat result.log
- 07:21:37 [ERROR] On command: cat result.log waiting for cat result.log.+?(?m-ix:^1[\0\n\r]+) >>> error: execution expired
- 07:21:37 [INFO] Target: 
cat result.log
root@am3517-evm:/test# 
- 07:21:37 [INFO] Host: cd /test
- 07:21:37 [INFO] Target: 
cd /test
root@am3517-evm:/test# 
URL:gtsystest.telogy.design.ti.com/vatf/tigt-0001-desktop/tigt-0001-desktop_vatf@am3517-evm/tigt-0001-desktop04_09_2015_07_19_41/files/session_iteration_1/test_1
