- 02:10:33 [INFO] Starting target session
- 02:10:33 [INFO] Connected to am37x-evm via serial 
- 02:10:33 [INFO] Host: #check prompt
- 02:10:36 [ERROR] On command: #check prompt waiting for #check prompt.+?(?-mix:((?-mix:login:)|[Pp]assword)) >>> error: execution expired
- 02:10:36 [INFO] Target: 
#check prompt
root@am37x-evm:/test# 
- 02:10:36 [INFO] Host: #check prompt
- 02:10:36 [INFO] Target: 
#check prompt
root@am37x-evm:/test# 
- 02:10:36 [INFO] Host: sync;poweroff
- 02:10:50 [INFO] Target: 
sync;poweroff
Broadcast message from root (ttyO0) (Sat May 23 23:04:09 2015):
The system is going down for system halt NOW!
INIT: Switching to runlevel:
INIT: root@am37x-evm:/test# Sending processes the TERMStopping Dropbear SSH server: stopped /usr/sbin/dropbear (pid 1550)
dropbear.
Stopping telnet daemon.
Stopping Hardware abstraction layer hald
Stopping system message bus: stopped process in pidfile '/var/run/dbus/pid' (pid 1510)
dbus.
Stopping network benchmark server: netserverstopped /usr/sbin/netserver (pid 1560)
Stopping thttpdError opening /dev/fb0: No such file or directory
ALSA: Storing mixer settings...
/usr/sbin/alsactl: save_state:1519: No soundcards found...
Deconfiguring network interfaces... done.
Stopping Lighttpd Web Server: stopped /usr/sbin/lighttpd (pid 1584)
lighttpd.
Stopping syslogd/klogd: stopped syslogd (pid 1565)
stopped klogd (pid 1567)
done
Stopping Matrix GUI applicationstart-stop-daemon: warning: killing process 0: No such process
***************************************************************
***************************************************************
NOTICE: This file system contains the followin GPLv3 packages:
	binutils-dev
	binutils-symlinks
	binutils
	gdbserver
If you do not wish to distribute GPLv3 components please remove
the above packages prior to distribution.  This can be done using
the opkg remove command.  i.e.:
    opkg remove <package>
Where <package> is the name printed in the list above
NOTE: If the package is a dependency of another package you
      will be notified of the dependent packages.  You should
      use the --force-removal-of-dependent-packages option to
      also remove the dependent packages as well
***************************************************************
***************************************************************
Sending all processes the TERM signal...
Sending all processes the KILL signal...
hwclock: can't open '/dev/misc/rtc': No such file or directory
Unmounting remote filesystems...
Deactivating swap...
Unmounting local filesystems...
[ 3230.573425] EXT4-fs (mmcblk0p2): re-mounted. Opts: (null)
[ 3232.833557] reboot: Power down
[ 3232.836822] ------------[ cut here ]------------
[ 3232.841735] WARNING: CPU: 0 PID: 1891 at kernel/locking/lockdep.c:2755 lockdep_trace_alloc+0x100/0x120()
[ 3232.851715] DEBUG_LOCKS_WARN_ON(irqs_disabled_flags(flags))
[ 3232.857421] Modules linked in:
[ 3232.860839] CPU: 0 PID: 1891 Comm: halt Not tainted 4.5.0-rc2-00002-g37e8328b9c21 #1
[ 3232.869018] Hardware name: Generic OMAP36xx (Flattened Device Tree)
[ 3232.875640] [<c0017d54>] (unwind_backtrace) from [<c0014080>] (show_stack+0x10/0x14)
[ 3232.883819] [<c0014080>] (show_stack) from [<c035e2fc>] (dump_stack+0x84/0x9c)
[ 3232.891448] [<c035e2fc>] (dump_stack) from [<c003c860>] (warn_s
- 02:10:50 [INFO] Disconnected serial from am37x-evm
- 02:10:51 [INFO] Connected to am37x-evm via serial 
- 02:10:51 [INFO] Host: 
- 02:10:53 [INFO] Target: 
U-Boot SPL 2015.07-00043-gaada495 (Nov 09 2015 - 12:23:36)
reading u-boot.img
reading u-boot.img
U-Boot 2015.07-00043-gaada495 (Nov 09 2015 - 12:23:36 -0500)
OMAP3630/3730-GP ES1.2, CPU-OPP2, L3-200MHz, Max CPU Clock 1 Ghz
OMAP3 EVM board + LPDDR/NAND
I2C:   ready
DRAM:  256 MiB
NAND:  512 MiB
MMC:   OMAP SD/MMC: 0
Error: Bad compare! failed
NAND read from offset 260000 failed -74
*** Warning - readenv() failed, using default environment
In:    serial
Out:   serial
Err:   serial
Read back SMSC id 0x92200000
Die ID #16d400029ff80000015f02690c019016
Net:   smc911x-0
Warning: Your board does not use generic board. Please read
doc/README.generic-board and take action. Boards not
upgraded by the late 2014 may break or be removed.
Hit any key to stop autoboot:  3  0 
OMAP3_EVM # 
OMAP3_EVM # 
OMAP3_EVM # 
OMAP3_EVM # 
OMAP3_EVM # 
- 02:10:53 [INFO] Host: 
- 02:10:53 [INFO] Target: 
OMAP3_EVM # 
- 02:10:53 [INFO] Host: version
- 02:10:53 [INFO] Target: 
OMAP3_EVM # version
U-Boot 2015.07-00043-gaada495 (Nov 09 2015 - 12:23:36 -0500)
arm-linux-gnueabihf-gcc (crosstool-NG linaro-1.13.1-4.7-2013.03-20130313 - Linaro GCC 2013.03) 4.7.3 20130226 (prerelease)
GNU ld (crosstool-NG linaro-1.13.1-4.7-2013.03-20130313 - Linaro GCC 2013.03) 2.23.1
OMAP3_EVM # 
- 02:10:53 [INFO] Host: setenv bootargs 'console=ttyO0,115200n8 earlyprintk  '
- 02:10:53 [INFO] Target: 
setenv bootargs 'console=ttyO0,115200n8 earlyprintk  '
OMAP3_EVM # 
- 02:10:53 [INFO] Host: setenv bootcmd  ''
- 02:10:53 [INFO] Target: 
setenv bootcmd  ''
OMAP3_EVM # 
- 02:10:53 [INFO] Host: setenv autoload 'no'
- 02:10:53 [INFO] Target: 
setenv autoload 'no'
OMAP3_EVM # 
- 02:10:53 [INFO] Host: setenv serverip '192.168.0.1'
- 02:10:53 [INFO] Target: 
setenv serverip '192.168.0.1'
OMAP3_EVM # 
- 02:10:53 [INFO] Host: printenv
- 02:10:54 [INFO] Target: 
printenv
autoload=no
baudrate=115200
bootargs=console=ttyO0,115200n8 earlyprintk  
bootcmd=
bootdelay=3
bootfile=uImage
bootscript=echo Running bootscript from mmc ...; source ${loadaddr}
console=ttyO0,115200n8
dieid#=16d400029ff80000015f02690c019016
ethact=smc911x-0
ethaddr=00:50:c2:7e:93:ba
loadaddr=0x82000000
loadbootscript=fatload mmc ${mmcdev} ${loadaddr} boot.scr
loaduimage=fatload mmc ${mmcdev} ${loadaddr} uImage
mmcargs=setenv bootargs console=${console} root=/dev/mmcblk0p2 rw rootfstype=ext3 rootwait
mmcboot=echo Booting from mmc ...; run mmcargs; bootm ${loadaddr}
mmcdev=0
nandargs=setenv bootargs console=${console} root=/dev/mtdblock4 rw rootfstype=jffs2
nandboot=echo Booting from nand ...; run nandargs; onenand read ${loadaddr} 280000 400000; bootm ${loadaddr}
serverip=192.168.0.1
stderr=serial
stdin=serial
stdout=serial
usbtty=cdc_acm
Environment size: 900/131068 bytes
OMAP3_EVM # 
- 02:10:54 [INFO] Host: setenv _initramfs -
- 02:10:54 [INFO] Target: 
setenv _initramfs -
OMAP3_EVM # 
- 02:10:54 [INFO] Host: printenv
- 02:10:54 [INFO] Target: 
printenv
_initramfs=-
autoload=no
baudrate=115200
bootargs=console=ttyO0,115200n8 earlyprintk  
bootcmd=
bootdelay=3
bootfile=uImage
bootscript=echo Running bootscript from mmc ...; source ${loadaddr}
console=ttyO0,115200n8
dieid#=16d400029ff80000015f02690c019016
ethact=smc911x-0
ethaddr=00:50:c2:7e:93:ba
loadaddr=0x82000000
loadbootscript=fatload mmc ${mmcdev} ${loadaddr} boot.scr
loaduimage=fatload mmc ${mmcdev} ${loadaddr} uImage
mmcargs=setenv bootargs console=${console} root=/dev/mmcblk0p2 rw rootfstype=ext3 rootwait
mmcboot=echo Booting from mmc ...; run mmcargs; bootm ${loadaddr}
mmcdev=0
nandargs=setenv bootargs console=${console} root=/dev/mtdblock4 rw rootfstype=jffs2
nandboot=echo Booting from nand ...; run nandargs; onenand read ${loadaddr} 280000 400000; bootm ${loadaddr}
serverip=192.168.0.1
stderr=serial
stdin=serial
stdout=serial
usbtty=cdc_acm
Environment size: 915/131068 bytes
OMAP3_EVM # 
- 02:10:54 [INFO] Host: setenv bootargs ''${bootargs}' ip=:::::eth0:dhcp '
- 02:10:54 [INFO] Target: 
setenv bootargs ''${bootargs}' ip=:::::eth0:dhcp '
OMAP3_EVM # 
- 02:10:54 [INFO] Host: setenv serverip '192.168.0.1'
- 02:10:54 [INFO] Target: 
setenv serverip '192.168.0.1'
OMAP3_EVM # 
- 02:10:54 [INFO] Host: setenv autoload 'no'
- 02:10:54 [INFO] Target: 
setenv autoload 'no'
OMAP3_EVM # 
- 02:10:54 [INFO] Host: dhcp
- 02:10:57 [INFO] Target: 
dhcp
smc911x: MAC 00:50:c2:7e:93:ba
smc911x: detected LAN9220 controller
smc911x: phy initialized
smc911x: MAC 00:50:c2:7e:93:ba
BOOTP broadcast 1
BOOTP broadcast 2
BOOTP broadcast 3
DHCP client bound to address 192.168.0.116 (1050 ms)
smc911x: MAC 00:50:c2:7e:93:ba
OMAP3_EVM # 
- 02:10:57 [INFO] Host: tftp ${loadaddr} 192.168.0.1:vatf_am37x-evm/c238dc8fa7d88f10b8e56ccc2683b63d
- 02:11:00 [INFO] Target: 
tftp ${loadaddr} 192.168.0.1:vatf_am37x-evm/c238dc8fa7d88f10b8e56ccc2683b63d
smc911x: MAC 00:50:c2:7e:93:ba
smc911x: detected LAN9220 controller
smc911x: phy initialized
smc911x: MAC 00:50:c2:7e:93:ba
Using smc911x-0 device
TFTP from server 192.168.0.1; our IP address is 192.168.0.116
Filename 'vatf_am37x-evm/c238dc8fa7d88f10b8e56ccc2683b63d'.
Load address: 0x82000000
Loading: *#################################################################
	 #################################################################
	 #################################################################
	 #################################################################
	 #################################################################
	 #################################################################
	 #################################################################
	 #######
	 3.3 MiB/s
done
Bytes transferred = 6778684 (676f3c hex)
smc911x: MAC 00:50:c2:7e:93:ba
OMAP3_EVM # 
- 02:11:00 [INFO] Host: ls mmc 0:1
- 02:11:00 [INFO] Target: 
ls mmc 0:1
ls - list files in a directory (default /)
Usage:
ls [ directory ]
OMAP3_EVM # 
- 02:11:00 [INFO] Host: ls mmc 0:2
- 02:11:01 [INFO] Target: 
ls mmc 0:2
ls - list files in a directory (default /)
Usage:
ls [ directory ]
OMAP3_EVM # 
- 02:11:01 [INFO] Host: ls mmc 0:3
- 02:11:01 [INFO] Target: 
ls mmc 0:3
ls - list files in a directory (default /)
Usage:
ls [ directory ]
OMAP3_EVM # 
- 02:11:01 [INFO] Host: ls mmc 0:4
- 02:11:01 [INFO] Target: 
ls mmc 0:4
ls - list files in a directory (default /)
Usage:
ls [ directory ]
OMAP3_EVM # 
- 02:11:01 [INFO] Host: ls mmc 0:5
- 02:11:01 [INFO] Target: 
ls mmc 0:5
ls - list files in a directory (default /)
Usage:
ls [ directory ]
OMAP3_EVM # 
- 02:11:01 [INFO] Host: part uuid mmc 0:
- 02:11:01 [INFO] Target: 
part uuid mmc 0:
Unknown command 'part' - try 'help'
OMAP3_EVM # 
- 02:11:01 [INFO] Host: printenv
- 02:11:01 [INFO] Target: 
printenv
_initramfs=-
autoload=no
baudrate=115200
bootargs=console=ttyO0,115200n8 earlyprintk   ip=:::::eth0:dhcp 
bootcmd=
bootdelay=3
bootfile=uImage
bootscript=echo Running bootscript from mmc ...; source ${loadaddr}
console=ttyO0,115200n8
dieid#=16d400029ff80000015f02690c019016
ethact=smc911x-0
ethaddr=00:50:c2:7e:93:ba
fileaddr=82000000
filesize=676f3c
gatewayip=192.168.0.1
ipaddr=192.168.0.116
loadaddr=0x82000000
loadbootscript=fatload mmc ${mmcdev} ${loadaddr} boot.scr
loaduimage=fatload mmc ${mmcdev} ${loadaddr} uImage
mmcargs=setenv bootargs console=${console} root=/dev/mmcblk0p2 rw rootfstype=ext3 rootwait
mmcboot=echo Booting from mmc ...; run mmcargs; bootm ${loadaddr}
mmcdev=0
nandargs=setenv bootargs console=${console} root=/dev/mtdblock4 rw rootfstype=jffs2
nandboot=echo Booting from nand ...; run nandargs; onenand read ${loadaddr} 280000 400000; bootm ${loadaddr}
netmask=255.255.255.0
serverip=192.168.0.1
stderr=serial
stdin=serial
stdout=serial
usbtty=cdc_acm
Environment size: 1043/131068 bytes
OMAP3_EVM # 
- 02:11:01 [INFO] Host: setenv bootargs ''${bootargs}' root=/dev/mmcblk0p2 rw rootfstype=ext3 rootwait '
- 02:11:01 [INFO] Target: 
setenv bootargs ''${bootargs}' root=/dev/mmcblk0p2 rw rootfstype=ext3 rootwait '
OMAP3_EVM # 
- 02:11:01 [INFO] Host: printenv
- 02:11:01 [INFO] Target: 
printenv
_initramfs=-
autoload=no
baudrate=115200
bootargs=console=ttyO0,115200n8 earlyprintk   ip=:::::eth0:dhcp  root=/dev/mmcblk0p2 rw rootfstype=ext3 rootwait 
bootcmd=
bootdelay=3
bootfile=uImage
bootscript=echo Running bootscript from mmc ...; source ${loadaddr}
console=ttyO0,115200n8
dieid#=16d400029ff80000015f02690c019016
ethact=smc911x-0
ethaddr=00:50:c2:7e:93:ba
fileaddr=82000000
filesize=676f3c
gatewayip=192.168.0.1
ipaddr=192.168.0.116
loadaddr=0x82000000
loadbootscript=fatload mmc ${mmcdev} ${loadaddr} boot.scr
loaduimage=fatload mmc ${mmcdev} ${loadaddr} uImage
mmcargs=setenv bootargs console=${console} root=/dev/mmcblk0p2 rw rootfstype=ext3 rootwait
mmcboot=echo Booting from mmc ...; run mmcargs; bootm ${loadaddr}
mmcdev=0
nandargs=setenv bootargs console=${console} root=/dev/mtdblock4 rw rootfstype=jffs2
nandboot=echo Booting from nand ...; run nandargs; onenand read ${loadaddr} 280000 400000; bootm ${loadaddr}
netmask=255.255.255.0
serverip=192.168.0.1
stderr=serial
stdin=serial
stdout=serial
usbtty=cdc_acm
Environment size: 1092/131068 bytes
OMAP3_EVM # 
- 02:11:01 [INFO] Host: setenv bootcmd ''${bootcmd}' if iminfo ${loadaddr}; then bootm ${loadaddr} ${_initramfs} ; else bootz ${loadaddr} ${_initramfs} ; bootm ${loadaddr} ${_initramfs} ; fi'
- 02:11:01 [INFO] Target: 
setenv bootcmd ''${bootcmd}' if iminfo ${loadaddr}; then bootm ${loadaddr} ${_initramfs} ; else bootz ${loadaddr} ${_initramfs} ; bootm ${loadaddr} ${_initramfs} ; fi'
OMAP3_EVM # 
- 02:11:01 [INFO] Host: version
- 02:11:01 [INFO] Target: 
version
U-Boot 2015.07-00043-gaada495 (Nov 09 2015 - 12:23:36 -0500)
arm-linux-gnueabihf-gcc (crosstool-NG linaro-1.13.1-4.7-2013.03-20130313 - Linaro GCC 2013.03) 4.7.3 20130226 (prerelease)
GNU ld (crosstool-NG linaro-1.13.1-4.7-2013.03-20130313 - Linaro GCC 2013.03) 2.23.1
OMAP3_EVM # 
- 02:11:01 [INFO] Host: bdinfo
- 02:11:02 [INFO] Target: 
bdinfo
arch_number = 0x000005FF
boot_params = 0x80000100
DRAM bank   = 0x00000000
-> start    = 0x80000000
-> size     = 0x10000000
DRAM bank   = 0x00000001
-> start    = 0x90000000
-> size     = 0x00000000
eth0name    = smc911x-0
ethaddr     = 00:50:c2:7e:93:ba
current eth = smc911x-0
ip_addr     = 192.168.0.116
baudrate    = 115200 bps
TLB addr    = 0x8FFF0000
relocaddr   = 0x8FF61000
reloc off   = 0x0FE61000
irq_sp      = 0x8FF00F24
sp start    = 0x8FF00F18
OMAP3_EVM # 
- 02:11:02 [INFO] Host: mmc rescan; echo $?
- 02:11:02 [INFO] Target: 
mmc rescan; echo $?
OMAP3_EVM # 
- 02:11:02 [INFO] Host: fatwrite mmc 0:1 ${loadaddr} ws-calibrate.rules 4
- 02:11:02 [INFO] Target: 
fatwrite mmc 0:1 ${loadaddr} ws-calibrate.rules 4
Unknown command 'fatwrite' - try 'help'
OMAP3_EVM # 
- 02:11:02 [INFO] Host: boot
- 02:11:33 [INFO] Target: 
boot
Unknown command 'iminfo' - try 'help'
Unknown command 'bootz' - try 'help'
## Booting kernel from Legacy Image at 82000000 ...
   Image Name:   Linux-4.5.0-rc2-00002-g37e8328b9
   Image Type:   ARM Linux Kernel Image (uncompressed)
   Data Size:    6778620 Bytes = 6.5 MiB
   Load Address: 81000000
   Entry Point:  81000000
   Verifying Checksum ... OK
   Loading Kernel Image ... OK
Starting kernel ...
[    0.000000] Booting Linux on physical CPU 0x0
[    0.000000] Linux version 4.5.0-rc2-00002-g37e8328b9c21 (nmenon@horus) (gcc version 4.9.3 20150413 (prerelease) (Linaro GCC 4.9-2015.05) ) #1 SMP Mon Feb 1 01:20:21 CST 2016
[    0.000000] CPU: ARMv7 Processor [413fc082] revision 2 (ARMv7), cr=10c5387d
[    0.000000] CPU: PIPT / VIPT nonaliasing data cache, VIPT aliasing instruction cache
[    0.000000] Machine model: TI OMAP37XX EVM (TMDSEVM3730)
[    0.000000] cma: Reserved 64 MiB at 0x8b800000
[    0.000000] Memory policy: Data cache writeback
[    0.000000] CPU: All CPU(s) started in SVC mode.
[    0.000000] OMAP3630 ES1.2 (l2cache iva sgx neon isp 192mhz_clk )
[    0.000000] PERCPU: Embedded 12 pages/cpu @cfb88000 s18880 r8192 d22080 u49152
[    0.000000] Built 1 zonelists in Zone order, mobility grouping on.  Total pages: 64512
[    0.000000] Kernel command line: console=ttyO0,115200n8 earlyprintk   ip=:::::eth0:dhcp  root=/dev/mmcblk0p2 rw rootfstype=ext3 rootwait 
[    0.000000] PID hash table entries: 1024 (order: 0, 4096 bytes)
[    0.000000] Dentry cache hash table entries: 32768 (order: 5, 131072 bytes)
[    0.000000] Inode-cache hash table entries: 16384 (order: 4, 65536 bytes)
[    0.000000] Memory: 176544K/260096K available (8567K kernel code, 1052K rwdata, 4124K rodata, 1104K init, 345K bss, 18016K reserved, 65536K cma-reserved, 0K highmem)
[    0.000000] Virtual kernel memory layout:
[    0.000000]     vector  : 0xffff0000 - 0xffff1000   (   4 kB)
[    0.000000]     fixmap  : 0xffc00000 - 0xfff00000   (3072 kB)
[    0.000000]     vmalloc : 0xd0800000 - 0xff800000   ( 752 MB)
[    0.000000]     lowmem  : 0xc0000000 - 0xd0000000   ( 256 MB)
[    0.000000]     pkmap   : 0xbfe00000 - 0xc0000000   (   2 MB)
[    0.000000]     modules : 0xbf000000 - 0xbfe00000   (  14 MB)
[    0.000000]       .text : 0xc0208000 - 0xc0e6dd00   (12696 kB)
[    0.000000]       .init : 0xc0e6e000 - 0xc0f82000   (1104 kB)
[    0.000000]       .data : 0xc0f82000 - 0xc1089380   (1053 kB)
[    0.000000]        .bss : 0xc108c000 - 0xc10e2520   ( 346 kB)
[    0.000000] SLUB: HWalign=64, Order=0-3, MinObjects=0, CPUs=1, Nodes=1
[    0.000000] Hierarchical RCU implementation.
[    0.000000] 	Build-time adjustment of leaf fanout to 32.
[    0.000000] 	RCU restricting CPUs from NR_CPUS=16 to nr_cpu_ids=1.
[    0.000000] RCU: Adjusting geometry for rcu_fanout_leaf=32, nr_cpu_ids=1
[    0.000000] NR_IRQS:16 nr_irqs:16 16
[    0.000000] IRQ: Found an INTC at 0xfa200000 (revision 4.0) with 96 interrupts
[    0.000000] Clocking rate (Crystal/Core/MPU): 26.0/400/600 MHz
[    0.000000] OMAP clockevent source: timer1 at 32768 Hz
[    0.000000] clocksource: 32k_counter: mask: 0xffffffff max_cycles: 0xffffffff, max_idle_ns: 58327039986419 ns
[    0.000000] sched_clock: 32 bits at 32kHz, resolution 30517ns, wraps every 65535999984741ns
[    0.000000] OMAP clocksource: 32k_counter at 32768 Hz
[    0.003173] Console: colour dummy device 80x30
[    0.003234] Calibrating delay loop... 594.73 BogoMIPS (lpj=1486848)
[    0.034698] pid_max: default: 32768 minimum: 301
[    0.034851] Mount-cache hash table entries: 1024 (order: 0, 4096 bytes)
[    0.034881] Mountpoint-cache hash table entries: 1024 (order: 0, 4096 bytes)
[    0.035705] CPU: Testing write buffer coherency: ok
[    0.036071] CPU0: thread -1, cpu 0, socket -1, mpidr 0
[    0.036193] Setting up static identity map for 0x80209000 - 0x80209098
[    0.044311] Brought up 1 CPUs
[    0.044342] SMP: Total of 1 processors activated (594.73 BogoMIPS).
[    0.044372] CPU: All CPU(s) started in SVC mode.
[    0.046356] devtmpfs: initialized
[    0.077514] VFP support v0.3: implementor 41 architecture 3 part 30 variant c rev 3
[    0.079162] clocksource: jiffies: mask: 0xffffffff max_cycles: 0xffffffff, max_idle_ns: 9556302231375000 ns
[    0.083374] pinctrl core: initialized pinctrl subsystem
[    0.086730] NET: Registered protocol family 16
[    0.089874] DMA: preallocated 256 KiB pool for atomic coherent allocations
[    0.111541] omap_hwmod: mcbsp2_sidetone using broken dt data from mcbsp
[    0.112182] omap_hwmod: mcbsp3_sidetone using broken dt data from mcbsp
[    0.173950] cpuidle: using governor menu
[    0.174743] Reprogramming SDRC clock to 400000000 Hz
[    0.183013] OMAP GPIO hardware version 2.5
[    0.189422] irq: no irq domain found for /ocp/l4@48000000/scm@2000/pinmux@30 !
[    0.189971] irq: no irq domain found for /ocp/l4@48000000/scm@2000/pinmux@30 !
[    0.190490] irq: no irq domain found for /ocp/l4@48000000/scm@2000/pinmux@30 !
[    0.195007] irq: no irq domain found for /ocp/l4@48000000/scm@2000/pinmux@30 !
[    0.204315] omap-gpmc 6e000000.gpmc: GPMC revision 5.0
[    0.204345] gpmc_mem_init: disabling cs 0 mapped at 0x0-0x1000000
[    0.206512] platform 48058000.ssi-controller: Cannot lookup hwmod 'ssi'
[    0.212066] No ATAGs?
[    0.212097] hw-breakpoint: debug architecture 0x4 unsupported.
[    0.213989] omap4_sram_init:Unable to allocate sram needed to handle errata I688
[    0.214019] omap4_sram_init:Unable to get sram pool needed to handle errata I688
[    0.214355] OMAP DMA hardware revision 5.0
[    0.221313] Serial: AMBA PL011 UART driver
[    0.246612] omap-dma-engine 48056000.dma-controller: OMAP DMA engine driver
[    0.249694] reg-fixed-voltage wl12xx_vmmc: could not find pctldev for node /ocp/l4@48000000/scm@2000/pinmux@30/pinmux_wl12xx_gpio, deferring probe
[    0.256042] vgaarb: loaded
[    0.257598] SCSI subsystem initialized
[    0.258392] usbcore: registered new interface driver usbfs
[    0.258483] usbcore: registered new interface driver hub
[    0.258666] usbcore: registered new device driver usb
[    0.261016] omap_i2c 48070000.i2c: bus 0 rev4.4 at 2600 kHz
[    0.261779] omap_i2c 48072000.i2c: bus 1 rev4.4 at 400 kHz
[    0.262664] omap_i2c 48060000.i2c: bus 2 rev4.4 at 400 kHz
[    0.264312] pps_core: LinuxPPS API ver. 1 registered
[    0.264312] pps_core: Software ver. 5.3.6 - Copyright 2005-2007 Rodolfo Giometti <giometti@linux.it>
[    0.264373] PTP clock support registered
[    0.264709] EDAC MC: Ver: 3.0.0
[    0.268829] clocksource: Switched to clocksource 32k_counter
[    0.285034] NET: Registered protocol family 2
[    0.285858] TCP established hash table entries: 2048 (order: 1, 8192 bytes)
[    0.285919] TCP bind hash table entries: 2048 (order: 2, 16384 bytes)
[    0.285949] TCP: Hash tables configured (established 2048 bind 2048)
[    0.286041] UDP hash table entries: 256 (order: 1, 8192 bytes)
[    0.286071] UDP-Lite hash table entries: 256 (order: 1, 8192 bytes)
[    0.286285] NET: Registered protocol family 1
[    0.286743] RPC: Registered named UNIX socket transport module.
[    0.286773] RPC: Registered udp transport module.
[    0.286773] RPC: Registered tcp transport module.
[    0.286804] RPC: Registered tcp NFSv4.1 backchannel transport module.
[    0.290222] hw perfevents: enabled with armv7_cortex_a8 PMU driver, 5 counters available
[    0.294036] futex hash table entries: 256 (order: 2, 16384 bytes)
[    0.312194] squashfs: version 4.0 (2009/01/31) Phillip Lougher
[    0.313629] NFS: Registering the id_resolver key type
[    0.313690] Key type id_resolver registered
[    0.313720] Key type id_legacy registered
[    0.313781] ntfs: driver 2.1.32 [Flags: R/O].
[    0.316345] Block layer SCSI generic (bsg) driver version 0.4 loaded (major 249)
[    0.316375] io scheduler noop registered
[    0.316406] io scheduler deadline registered
[    0.316467] io scheduler cfq registered (default)
[    0.324584] pinctrl-single 48002030.pinmux: 284 pins at pa fa002030 size 568
[    0.324920] pinctrl-single 48002a00.pinmux: 46 pins at pa fa002a00 size 92
[    0.325500] pinctrl-single 480025a0.pinmux: 46 pins at pa fa0025a0 size 92
[    0.436798] Serial: 8250/16550 driver, 4 ports, IRQ sharing disabled
[    0.441375] SuperH (H)SCI(F) driver initialized
[    0.442993] msm_serial: driver initialized
[    0.443603] 4806a000.serial: ttyO0 at MMIO 0x4806a000 (irq = 88, base_baud = 3000000) is a OMAP UART0
[    1.187103] console [ttyO0] enabled
[    1.191650] 4806c000.serial: ttyO1 at MMIO 0x4806c000 (irq = 89, base_baud = 3000000) is a OMAP UART1
[    1.202178] 49020000.serial: ttyO2 at MMIO 0x49020000 (irq = 90, base_baud = 3000000) is a OMAP UART2
[    1.212646] omap_uart 49042000.serial: no wakeirq for uart3
[    1.218688] 49042000.serial: ttyO3 at MMIO 0x49042000 (irq = 96, base_baud = 3000000) is a OMAP UART3
[    1.228973] STMicroelectronics ASC driver initialized
[    1.237243] [drm] Initialized drm 1.1.0 20060810
[    1.263610] brd: module loaded
[    1.275512] loop: module loaded
[    1.308532] twl 0-0048: PIH (irq 23) chaining IRQs 341..349
[    1.314544] twl 0-0048: power (irq 346) chaining IRQs 349..356
[    1.367431] twl4030_gpio twl4030-gpio: gpio (irq 341) chaining IRQs 357..374
[    1.492065] libphy: Fixed MDIO Bus: probed
[    1.497680] CAN device driver interface
[    1.505828] igb: Intel(R) Gigabit Ethernet Network Driver - version 5.3.0-k
[    1.513183] igb: Copyright (c) 2007-2014 Intel Corporation.
[    1.540954] libphy: smsc911x-mdio: probed
[    1.545501] SMSC LAN8700 2c000000.etherne:01: attached PHY driver [SMSC LAN8700] (mii_bus:phy_addr=2c000000.etherne:01, irq=-1)
[    1.557769] smsc911x 2c000000.ethernet eth0: MAC Address: 00:50:c2:7e:93:ba
[    1.569610] pegasus: v0.9.3 (2013/04/25), Pegasus/Pegasus II USB Ethernet driver
[    1.577514] usbcore: registered new interface driver pegasus
[    1.583587] usbcore: registered new interface driver asix
[    1.589355] usbcore: registered new interface driver ax88179_178a
[    1.595855] usbcore: registered new interface driver cdc_ether
[    1.602111] usbcore: registered new interface driver smsc75xx
[    1.608276] usbcore: registered new interface driver smsc95xx
[    1.614410] usbcore: registered new interface driver net1080
[    1.620422] usbcore: registered new interface driver cdc_subset
[    1.626739] usbcore: registered new interface driver zaurus
[    1.632751] usbcore: registered new interface driver cdc_ncm
[    1.642242] ehci_hcd: USB 2.0 'Enhanced' Host Controller (EHCI) Driver
[    1.649169] ehci-pci: EHCI PCI platform driver
[    1.653961] ehci-platform: EHCI generic platform driver
[    1.659973] ehci-omap: OMAP-EHCI Host Controller driver
[    1.666015] ehci-omap 48064800.ehci: EHCI Host Controller
[    1.671783] ehci-omap 48064800.ehci: new USB bus registered, assigned bus number 1
[    1.680145] ehci-omap 48064800.ehci: irq 93, io mem 0x48064800
[    1.693969] ehci-omap 48064800.ehci: USB 2.0 started, EHCI 1.00
[    1.701538] hub 1-0:1.0: USB hub found
[    1.705627] hub 1-0:1.0: 3 ports detected
[    1.710906] ehci-orion: EHCI orion driver
[    1.715667] SPEAr-ehci: EHCI SPEAr driver
[    1.720306] ehci-st: EHCI STMicroelectronics driver
[    1.725799] ehci-exynos: EHCI EXYNOS driver
[    1.730590] ehci-atmel: EHCI Atmel driver
[    1.735107] tegra-ehci: Tegra EHCI driver
[    1.739715] ohci_hcd: USB 1.1 'Open' Host Controller (OHCI) Driver
[    1.746246] ohci-pci: OHCI PCI platform driver
[    1.751068] ohci-platform: OHCI generic platform driver
[    1.756958] ohci-omap3: OHCI OMAP3 driver
[    1.761657] ohci-omap3 48064400.ohci: OHCI Host Controller
[    1.767486] ohci-omap3 48064400.ohci: new USB bus registered, assigned bus number 2
[    1.775787] ohci-omap3 48064400.ohci: irq 92, io mem 0x48064400
[    1.855224] hub 2-0:1.0: USB hub found
[    1.859313] hub 2-0:1.0: 3 ports detected
[    1.864532] SPEAr-ohci: OHCI SPEAr driver
[    1.869323] ohci-st: OHCI STMicroelectronics driver
[    1.874847] ohci-atmel: OHCI Atmel driver
[    1.880340] usbcore: registered new interface driver usb-storage
[    1.889831] mousedev: PS/2 mouse device common for all mice
[    1.902923] twl_rtc 48070000.i2c:twl@48:rtc: Power up reset detected.
[    1.910034] twl_rtc 48070000.i2c:twl@48:rtc: Enabling TWL-RTC
[    1.920501] twl_rtc 48070000.i2c:twl@48:rtc: rtc core: registered 48070000.i2c:twl@48 as rtc0
[    1.931121] i2c /dev entries driver
[    1.955718] sdhci: Secure Digital Host Controller Interface driver
[    1.962249] sdhci: Copyright(c) Pierre Ossman
[    2.007019] Synopsys Designware Multimedia Card Interface Driver
[    2.015838] sdhci-pltfm: SDHCI platform and OF driver helper
[    2.031188] ledtrig-cpu: registered to indicate activity on CPUs
[    2.037963] usbcore: registered new interface driver usbhid
[    2.043853] usbhid: USB HID core driver
[    2.057464] NET: Registered protocol family 10
[    2.063751] sit: IPv6 over IPv4 tunneling driver
[    2.069732] NET: Registered protocol family 17
[    2.074462] can: controller area network core (rev 20120528 abi 9)
[    2.081085] NET: Registered protocol family 29
[    2.085784] can: raw protocol (rev 20120528)
[    2.090270] can: broadcast manager protocol (rev 20120528 t)
[    2.096252] can: netlink gateway (rev 20130117) max_hops=1
[    2.102844] Key type dns_resolver registered
[    2.107757] omap2_set_init_voltage: unable to find boot up OPP for vdd_mpu_iva
[    2.115386] omap2_set_init_voltage: unable to set vdd_mpu_iva
[    2.121429] omap2_set_init_voltage: unable to find boot up OPP for vdd_core
[    2.128753] omap2_set_init_voltage: unable to set vdd_core
[    2.139556] ThumbEE CPU extension supported.
[    2.144226] Registering SWP/SWPB emulation handler
[    2.162170] omap_hsmmc 480b4000.mmc: omap_device: omap_device_enable() called from invalid state 1
[    2.172363] vwl1271: supplied by VMMC2
[    2.197998] mmc0: host does not support reading read-only switch, assuming write-enable
[    2.208679] mmc0: new high speed SDHC card at address b368
[    2.215850] mmcblk0: mmc0:b368 SDC   3.75 GiB 
[    2.223266]  mmcblk0: p1 p2 p3
[    2.281951] twl_rtc 48070000.i2c:twl@48:rtc: setting system clock to 2000-01-01 00:00:00 UTC (946684800)
[    2.327880] omap_hsmmc 480b4000.mmc: card claims to support voltages below defined range
[    2.336761] smsc911x 2c000000.ethernet eth0: SMSC911x/921x identified at 0xd081a000, IRQ: 288
[    2.346160] IPv6: ADDRCONF(NETDEV_UP): eth0: link is not ready
[    2.369232] mmc1: new SDIO card at address 0001
[    4.559509] IPv6: ADDRCONF(NETDEV_CHANGE): eth0: link becomes ready
[    4.574279] Sending DHCP requests ., OK
[    4.639587] IP-Config: Got DHCP answer from 192.168.0.1, my address is 192.168.0.116
[    4.648132] IP-Config: Complete:
[    4.651641]      device=eth0, hwaddr=00:50:c2:7e:93:ba, ipaddr=192.168.0.116, mask=255.255.255.0, gw=192.168.0.1
[    4.662445]      host=192.168.0.116, domain=tim.com, nis-domain=(none)
[    4.669403]      bootserver=192.168.0.1, rootserver=192.168.0.1, rootpath=     nameserver0=192.0.2.2, nameserver1=192.0.2.3
[    4.681610] lcd_3v3: disabling
[    4.686706] VUSB3V1: disabling
[    4.690399] vwl1271: disabling
[    4.698303] EXT4-fs (mmcblk0p2): mounting ext3 file system using the ext4 subsystem
[    4.723480] EXT4-fs (mmcblk0p2): warning: maximal mount count reached, running e2fsck is recommended
[    5.091674] EXT4-fs (mmcblk0p2): mounted filesystem with ordered data mode. Opts: (null)
[    5.100280] VFS: Mounted root (ext3 filesystem) on device 179:2.
[    5.110290] devtmpfs: mounted
[    5.115325] Freeing unused kernel memory: 1104K (c0e6e000 - c0f82000)
INIT: version 2.86 booting
Please wait: booting...
Error opening /dev/fb0: No such file or directory
Starting udev
[    5.863159] udevd (112): /proc/112/oom_adj is deprecated, please use /proc/112/oom_score_adj instead.
[   12.126190] FAT-fs (mmcblk0p1): Volume was not properly unmounted. Some data may be corrupt. Please run fsck.
[   12.136871] EXT4-fs (mmcblk0p3): mounting ext3 file system using the ext4 subsystem
[   12.199829] EXT4-fs (mmcblk0p3): warning: maximal mount count reached, running e2fsck is recommended
[   12.265136] EXT4-fs (mmcblk0p3): mounted filesystem with ordered data mode. Opts: (null)
[   14.277862] alignment: ignoring faults is unsafe on this CPU.  Defaulting to fixup mode.
Remounting root file system...
[   14.347137] EXT4-fs (mmcblk0p2): re-mounted. Opts: (null)
Caching udev devnodes
logger: mount: mount point /proc/bus/usb does not exist
ALSA: Restoring mixer settings...
[   16.089813] random: nonblocking pool is initialized
Configuring network interfaces... /usr/sbin/alsactl: load_state:1625: No soundcards found...
[   18.554443] smsc911x 2c000000.ethernet eth0: SMSC911x/921x identified at 0xd081a000, IRQ: 288
[   18.564208] IPv6: ADDRCONF(NETDEV_UP): eth0: link is not ready
eth0      no wireless extensions.
udhcpc (v1.13.2) started
Sending discover...
[   20.584564] IPv6: ADDRCONF(NETDEV_CHANGE): eth0: link becomes ready
Sending discover...
Sending select for 192.168.0.58...
Lease of 192.168.0.58 obtained, lease time 600
adding dns 192.0.2.2
adding dns 192.0.2.3
done.
Setting up IP spoofing protection: rp_filter.
Sat May 23 23:04:00 UTC 2015
INIT: Entering runlevel: 5
Starting system message bus: dbus.
Starting Hardware abstraction layer hald
Starting Dropbear SSH server: dropbear.
Starting telnet daemon.
Starting network benchmark server: netserver.
Starting syslogd/klogd: done
Starting thttpd.
Starting Lighttpd Web Server: lighttpd.
2015-05-23 23:04:02: (log.c.166) server started 
Starting Matrix GUI application.
***************************************************************
***************************************************************
NOTICE: This file system contains the followin GPLv3 packages:
	binutils-dev
	binutils-symlinks
	binutils
	gdbserver
If you do not wish to distribute GPLv3 components please remove
the above packages prior to distribution.  This can be done using
the opkg remove command.  i.e.:
    opkg remove <p
 _____                    _____           _         _   
|  _  |___ ___ ___ ___   |  _  |___ ___  |_|___ ___| |_ 
|     |  _| .'| . | . |  |   __|  _| . | | | -_|  _|  _|
|__|__|_| |__,|_  |___|  |__|  |_| |___|_| |___|___|_|  
              |___|                    |___|            
Arago Project http://arago-project.org am37x-evm ttyO0
Arago 2011.09 am37x-evm ttyO0
am37x-evm login: 
- 02:11:33 [INFO] Host: root
- 02:11:33 [INFO] Target: 
root
root@am37x-evm:~# 
- 02:11:33 [INFO] Host: uname -a
- 02:11:33 [INFO] Target: 
uname -a
Linux am37x-evm 4.5.0-rc2-00002-g37e8328b9c21 #1 SMP Mon Feb 1 01:20:21 CST 2016 armv7l unknown
root@am37x-evm:~# 
- 02:11:33 [INFO] Host: cat /proc/cmdline
- 02:11:33 [INFO] Target: 
cat /proc/cmdline
console=ttyO0,115200n8 earlyprintk   ip=:::::eth0:dhcp  root=/dev/mmcblk0p2 rw rootfstype=ext3 rootwait 
root@am37x-evm:~# 
- 02:11:33 [INFO] Host: uname -a
- 02:11:33 [INFO] Target: 
uname -a
Linux am37x-evm 4.5.0-rc2-00002-g37e8328b9c21 #1 SMP Mon Feb 1 01:20:21 CST 2016 armv7l unknown
root@am37x-evm:~# 
- 02:11:33 [INFO] Host: cat /proc/mtd
- 02:11:33 [INFO] Target: 
cat /proc/mtd
dev:    size   erasesize  name
root@am37x-evm:~# 
- 02:11:33 [INFO] Host: export IPERFHOST=192.168.0.1
- 02:11:33 [INFO] Target: 
export IPERFHOST=192.168.0.1
root@am37x-evm:~# 
- 02:11:33 [INFO] Host: export NFS_SERVER=192.168.0.1
- 02:11:34 [INFO] Target: 
export NFS_SERVER=192.168.0.1
root@am37x-evm:~# 
- 02:11:34 [INFO] Host: export NFS_ROOT_PATH=/home/tigtfarm06/NFS_exports/linux/am37x-evm
- 02:11:34 [INFO] Target: 
export NFS_ROOT_PATH=/home/tigtfarm06/NFS_exports/linux/am37x-
root@am37x-evm:~# 
- 02:11:34 [INFO] Host: export AP_SSID=
- 02:11:34 [INFO] Target: 
export AP_SSID=
root@am37x-evm:~# 
- 02:11:34 [INFO] Host: mkdir -p -m 777 /test
- 02:11:34 [INFO] Target: 
mkdir -p -m 777 /test
root@am37x-evm:~# 
- 02:11:34 [INFO] Host: cd /test
- 02:11:34 [INFO] Target: 
cd /test
root@am37x-evm:/test# 
- 02:11:34 [INFO] Host: cat > test.sh << EOF
- 02:11:34 [INFO] Target: 
cat > test.sh << EOF
- 02:11:34 [INFO] Host: failtest() {
- 02:11:34 [INFO] Target: 
failtest() {
- 02:11:34 [INFO] Host:   echo 1 >&3
- 02:11:34 [INFO] Target: 
  echo 1 >&3
- 02:11:34 [INFO] Host: }
- 02:11:34 [INFO] Target: 
- 02:11:34 [INFO] Host: timeout=600
- 02:11:34 [INFO] Target: 
timeout=600
- 02:11:34 [INFO] Host: 
- 02:11:35 [INFO] Target: 
- 02:11:35 [INFO] Host: # Start of user's script logic
- 02:11:35 [INFO] Target: 
# Start of user's script logic
- 02:11:35 [INFO] Host: mount -t proc proc /proc 2>/dev/null;
- 02:11:35 [INFO] Target: 
mount -t proc proc /proc 2>/dev/null;
- 02:11:35 [INFO] Host: 
- 02:11:35 [INFO] Target: 
- 02:11:35 [INFO] Host: mount -t sysfs sys /sys 2>/dev/null;
- 02:11:35 [INFO] Target: 
mount -t sysfs sys /sys 2>/dev/null;
- 02:11:35 [INFO] Host: 
- 02:11:35 [INFO] Target: 
- 02:11:35 [INFO] Host: mount -t debugfs none /sys/kernel/debug 2>/dev/null;
- 02:11:35 [INFO] Target: 
mount -t debugfs none /sys/kernel/debug 2>/dev/null;
- 02:11:35 [INFO] Host: 
- 02:11:35 [INFO] Target: 
- 02:11:35 [INFO] Host: echo 'cpuinfo:';cat /proc/cpuinfo; echo '=======';
- 02:11:35 [INFO] Target: 
echo 'cpuinfo:';cat /proc/cpuinfo; echo '=======';
- 02:11:35 [INFO] Host: 
- 02:11:35 [INFO] Target: 
- 02:11:35 [INFO] Host: echo 'soc info:';head /sys/devices/soc0/* 2>/dev/null; echo '=======';
- 02:11:36 [INFO] Target: 
echo 'soc info:';head /sys/devices/soc0/* 2>/dev/null; echo '=======';
- 02:11:36 [INFO] Host: 
- 02:11:36 [INFO] Target: 
- 02:11:36 [INFO] Host: echo 'DT Model info'; head /proc/device-tree/name /proc/device-tree/model /proc/device-tree/compatible 2>/dev/null;echo; echo '=======';
- 02:11:36 [INFO] Target: 
echo 'DT Model info'; head /proc/device-tree/name /proc/device-tree/model /pro
c/device-tree/compatible 2>/dev/null;echo; echo '=======';
- 02:11:36 [INFO] Host: 
- 02:11:36 [INFO] Target: 
- 02:11:36 [INFO] Host: echo 'interrupts:';cat /proc/interrupts; echo '=======';
- 02:11:36 [INFO] Target: 
echo 'interrupts:';cat /proc/interrupts; echo '=======';
- 02:11:36 [INFO] Host: 
- 02:11:36 [INFO] Target: 
- 02:11:36 [INFO] Host: echo 'Clk_summary:';cat /sys/kernel/debug/clk/clk_summary; echo '=======';
- 02:11:36 [INFO] Target: 
echo 'Clk_summary:';cat /sys/kernel/debug/clk/clk_summary; echo '=======';
- 02:11:36 [INFO] Host: 
- 02:11:36 [INFO] Target: 
- 02:11:36 [INFO] Host: echo "Available frequencies"; cat /sys/devices/system/cpu/cpu0/cpufreq/scaling_available_frequencies 2>/dev/null;echo '=======';
- 02:11:36 [INFO] Target: 
echo "Available frequencies"; cat /sys/devices/system/cpu/cpu0/cpufreq/scaling
_available_frequencies 2>/dev/null;echo '=======';
- 02:11:36 [INFO] Host: 
- 02:11:36 [INFO] Target: 
- 02:11:36 [INFO] Host: TMPF=/tmp/a.\$\$; TMPF2=/tmp/b.\$\$; STR=""
- 02:11:37 [INFO] Target: 
TMPF=/tmp/a.\$\$; TMPF2=/tmp/b.\$\$; STR=""
- 02:11:37 [INFO] Host: 
- 02:11:37 [INFO] Target: 
- 02:11:37 [INFO] Host: cp /dev/kmsg \$TMPF &
- 02:11:37 [INFO] Target: 
cp /dev/kmsg \$TMPF &
- 02:11:37 [INFO] Host: 
- 02:11:37 [INFO] Target: 
- 02:11:37 [INFO] Host: PID=\$! ; sleep 5; kill -9 \$PID
- 02:11:37 [INFO] Target: 
PID=\$! ; sleep 5; kill -9 \$PID
- 02:11:37 [INFO] Host: 
- 02:11:37 [INFO] Target: 
- 02:11:37 [INFO] Host: 
- 02:11:37 [INFO] Target: 
- 02:11:37 [INFO] Host: 
- 02:11:37 [INFO] Target: 
- 02:11:37 [INFO] Host: cat \$TMPF|grep "^0">\$TMPF2; N=\`cat \$TMPF2|wc -l\`; if [ "\$N" -ne 0 ]; then STR="\$STR emerg=\$N";echo "===== EMERGE++";cat \$TMPF2|cut -d ';' -f2;echo "====="; fi
- 02:11:37 [INFO] Target: 
cat \$TMPF|grep "^0">\$TMPF2; N=\`cat \$TMPF2|wc -l\`; if [ "\$N" -ne 0 ]; the
n STR="\$STR emerg=\$N";echo "===== EMERGE++";cat \$TMPF2|cut -d ';' -f2;echo "=
===="; fi
- 02:11:37 [INFO] Host: 
- 02:11:37 [INFO] Target: 
- 02:11:37 [INFO] Host: cat \$TMPF|grep "^1">\$TMPF2; N=\`cat \$TMPF2|wc -l\`; if [ "\$N" -ne 0 ]; then STR="\$STR alert=\$N";echo "===== ALERT ==";cat \$TMPF2|cut -d ';' -f2;echo "====="; fi
- 02:11:38 [INFO] Target: 
cat \$TMPF|grep "^1">\$TMPF2; N=\`cat \$TMPF2|wc -l\`; if [ "\$N" -ne 0 ]; the
n STR="\$STR alert=\$N";echo "===== ALERT ==";cat \$TMPF2|cut -d ';' -f2;echo "=
===="; fi
- 02:11:38 [INFO] Host: 
- 02:11:38 [INFO] Target: 
- 02:11:38 [INFO] Host: cat \$TMPF|grep "^2">\$TMPF2; N=\`cat \$TMPF2|wc -l\`; if [ "\$N" -ne 0 ]; then STR="\$STR crit=\$N";echo "===== CRIT ==";cat \$TMPF2|cut -d ';' -f2;echo "====="; fi
- 02:11:38 [INFO] Target: 
cat \$TMPF|grep "^2">\$TMPF2; N=\`cat \$TMPF2|wc -l\`; if [ "\$N" -ne 0 ]; the
n STR="\$STR crit=\$N";echo "===== CRIT ==";cat \$TMPF2|cut -d ';' -f2;echo "===
=="; fi
- 02:11:38 [INFO] Host: 
- 02:11:38 [INFO] Target: 
- 02:11:38 [INFO] Host: cat \$TMPF|grep "^3">\$TMPF2; N=\`cat \$TMPF2|wc -l\`; if [ "\$N" -ne 0 ]; then STR="\$STR err=\$N";echo "===== ERR ==";cat \$TMPF2|cut -d ';' -f2;echo "=====" ;fi
- 02:11:38 [INFO] Target: 
cat \$TMPF|grep "^3">\$TMPF2; N=\`cat \$TMPF2|wc -l\`; if [ "\$N" -ne 0 ]; the
n STR="\$STR err=\$N";echo "===== ERR ==";cat \$TMPF2|cut -d ';' -f2;echo "=====
" ;fi
- 02:11:38 [INFO] Host: 
- 02:11:38 [INFO] Target: 
- 02:11:38 [INFO] Host: cat \$TMPF|grep "^4">\$TMPF2; N=\`cat \$TMPF2|wc -l\`; if [ "\$N" -ne 0 ]; then STR="\$STR warn=\$N";echo "===== WARN ==";cat \$TMPF2|cut -d ';' -f2;echo "=====" ;fi
- 02:11:38 [INFO] Target: 
cat \$TMPF|grep "^4">\$TMPF2; N=\`cat \$TMPF2|wc -l\`; if [ "\$N" -ne 0 ]; the
n STR="\$STR warn=\$N";echo "===== WARN ==";cat \$TMPF2|cut -d ';' -f2;echo "===
==" ;fi
- 02:11:38 [INFO] Host: 
- 02:11:38 [INFO] Target: 
- 02:11:38 [INFO] Host: rm \$TMPF \$TMPF2; echo "SUM""MARY RESULT: BOOT:" 'PASS: H''ello World' 'B''oard' "Booted" "Boot Log has::::\$STR:"
- 02:11:38 [INFO] Target: 
rm \$TMPF \$TMPF2; echo "SUM""MARY RESULT: BOOT:" 'PASS: H''ello World' 'B''oa
rd' "Booted" "Boot Log has::::\$STR:"
- 02:11:38 [INFO] Host: 
- 02:11:38 [INFO] Target: 
- 02:11:38 [INFO] Host: EOF
- 02:11:39 [INFO] Target: 
root@am37x-evm:/test# 
- 02:11:39 [INFO] Host: cd /test
- 02:11:39 [INFO] Target: 
cd /test
root@am37x-evm:/test# 
- 02:11:39 [INFO] Host: chmod +x test.sh
- 02:11:39 [INFO] Target: 
chmod +x test.sh
root@am37x-evm:/test# 
- 02:11:39 [INFO] Host: ./test.sh 2> stderr.log > stdout.log 3> result.log
- 02:11:44 [INFO] Target: 
./test.sh 2> stderr.log > stdout.log 3> result.log
root@am37x-evm:/test# 
- 02:11:44 [INFO] Host: echo $?
- 02:11:44 [INFO] Target: 
echo $?
root@am37x-evm:/test# 
- 02:11:44 [INFO] Host: cd /test
- 02:11:45 [INFO] Target: 
cd /test
root@am37x-evm:/test# 
- 02:11:45 [INFO] Host: cat stdout.log
- 02:11:47 [INFO] Target: 
cat stdout.log
cpuinfo:
processor	: 0
model name	: ARMv7 Processor rev 2 (v7l)
BogoMIPS	: 297.36
Features	: half thumb fastmult vfp edsp thumbee neon vfpv3 tls vfpd32 
CPU implementer	: 0x41
CPU architecture: 7
CPU variant	: 0x3
CPU part	: 0xc08
CPU revision	: 2
Hardware	: Generic OMAP36xx (Flattened Device Tree)
Revision	: 0000
Serial		: 0000000000000000
=======
soc info:
==> /sys/devices/soc0/family <==
OMAP3
==> /sys/devices/soc0/machine <==
OMAP3630
==> /sys/devices/soc0/power <==
==> /sys/devices/soc0/revision <==
ES1.2
==> /sys/devices/soc0/subsystem <==
==> /sys/devices/soc0/type <==
==> /sys/devices/soc0/uevent <==
=======
DT Model info
==> /proc/device-tree/name <==
==> /proc/device-tree/model <==
TI OMAP37XX EVM (TMDSEVM3730)
==> /proc/device-tree/compatible <==
ti,omap3-evm-37xxti,omap3630ti,omap3
=======
interrupts:
           CPU0       
 23:          0      INTC   7 Edge      TWL4030-PIH
 25:          0      INTC   9 Edge      l3-debug-irq
 26:          0      INTC  10 Edge      l3-app-irq
 28:          0      INTC  12 Edge      DMA
 29:       3940      INTC  13 Edge      omap-dma-engine
 36:          0      INTC  20 Edge      gpmc
 45:          0      INTC  29 Edge      48310000.gpio
 46:          0      INTC  30 Edge      49050000.gpio
 47:          0      INTC  31 Edge      49052000.gpio
 48:          0      INTC  32 Edge      49054000.gpio
 49:          0      INTC  33 Edge      49056000.gpio
 50:         11      INTC  34 Edge      49058000.gpio
 53:       4385      INTC  37 Edge      gp_timer
 72:       1313      INTC  56 Edge      48070000.i2c
 73:          0      INTC  57 Edge      48072000.i2c
 77:          0      INTC  61 Edge      48060000.i2c
 88:       8063      INTC  72 Edge      OMAP UART0
 92:          1      INTC  76 Edge      ohci_hcd:usb2
 93:          0      INTC  77 Edge      ehci_hcd:usb1
 99:       7015      INTC  83 Edge      mmc0
102:        144      INTC  86 Edge      mmc1
288:         11  49058000.gpio  16 Level     eth0
306:       1004      PRCM Edge      pm_wkup
315:         54      PRCM Edge      pinctrl, pinctrl, pinctrl, pm_io
338:          0   pinctrl 338 Edge      4806a000.serial
341:          0   twl4030   0 Edge      twl4030_gpio
346:          0   twl4030   5 Edge      twl4030_power
352:          0   twl4030  11 Edge      rtc0
375:         18   pinctrl 282 Edge      4809c000.mmc
IPI0:          0  CPU wakeup interrupts
IPI1:          0  Timer broadcast interrupts
IPI2:          0  Rescheduling interrupts
IPI3:          0  Function call interrupts
IPI4:          0  CPU stop interrupts
IPI5:          0  IRQ work interrupts
IPI6:          0  completion interrupts
Err:          0
=======
Clk_summary:
   clock                         enable_cnt  prepare_cnt        rate   accuracy   phase
----------------------------------------------------------------------------------------
 secure_32k_fck                           0            1       32768          0 0  
    wdt1_fck                              0            0       32768          0 0  
    gpt12_fck                             0            1       32768          0 0  
 dummy_ck                                 0            0           0          0 0  
 mcbsp_clks                               0            5           0          0 0  
 sys_altclk                               0            0           0          0 0  
 virt_38_4m_ck                            0            0    38400000          0 0  
 virt_26000000_ck                         1            1    26000000          0 0  
    osc_sys_ck                            1            1    26000000          0 0  
       sys_clkout1                        0            0    26000000          0 0  
       sys_ck                             4           18    13000000          0 0  
          gpt9_fck                        0            1    13000000          0 0  
          gpt8_fck                        0            1    13000000          0 0  
          gpt7_fck                        0            1    13000000          0 0  
          gpt6_fck                        0            1    13000000          0 0  
          gpt5_fck                        0            1    13000000          0 0  
          gpt4_fck                        0            1    13000000          0 0  
          gpt3_fck                        0            1    13000000          0 0  
          gpt2_fck                        0            1    13000000          0 0  
          cpefuse_fck                     0            0    13000000          0 0  
          dpll5_ck                        1            1   120000000          0 0  
             dpll5_m2_ck                  1            1   120000000          0 0  
                dpll5_m2_d20_ck           0            0     6000000          0 0  
                dpll5_m2_d16_ck           0            0     7500000          0 0  
                dpll5_m2_d8_ck            0            0    15000000          0 0  
                dpll5_m2_d4_ck            0            0    30000000          0 0  
                usbhost_120m_fck           0            0   120000000          0 0  
                usbtll_fck                1            1   120000000          0 0  
          sys_d2_ck                       0            0     6500000          0 0  
             usim_fck                     0            0     6500000          0 0  
          modem_fck                       0            0    13000000          0 0  
          dpll2_ck                        0            1   260000000          0 0  
             dpll2_m2_ck                  0            1   260000000          0 0  
                iva2_ck                   0            2   260000000          0 0  
          sr2_fck                         0            1    13000000          0 0  
          sr1_fck                         0            1    13000000          0 0  
          traceclk_src_fck                0            0    13000000          0 0  
             traceclk_fck                 0            0    13000000          0 0  
          emu_src_mux_ck                  0            1    13000000          0 0  
             emu_src_ck                   0            1    13000000          0 0  
                atclk_fck                 0            0    13000000          0 0  
                pclkx2_fck                0            0    13000000          0 0  
                pclk_fck                  0            0     6500000          0 0  
          dss2_alwon_fck                  0            2    13000000          0 0  
          dpll1_ck                        0            1   300000000          0 0  
             dpll1_x2_ck                  0            1   600000000          0 0  
                dpll1_x2m2_ck             0            1   600000000          0 0  
                   mpu_ck                 0            1   600000000          0 0  
                      emu_mpu_alwon_ck           0            0   600000000          0 0  
                      arm_fck             0            1   300000000          0 0  
          dpll3_ck                        1            1   400000000          0 0  
             dpll3_x2_ck                  0            0   800000000          0 0  
             dpll3_m2_ck                  1            1   400000000          0 0  
                dpll3_m2x2_ck             0            0   800000000          0 0  
                   corex2_fck             0            0   800000000          0 0  
                      ssi_ssr_fck_3430es2           0            0   266666667          0 0  
                         ssi_sst_fck_3430es2           0            0   133333333          0 0  
                      corex2_d5_fck           0            0   160000000          0 0  
                      corex2_d3_fck           0            0   266666666          0 0  
                core_ck                   1            1   400000000          0 0  
                   core_d2_ck             0            0   200000000          0 0  
                      sgx_fck             0            0   200000000          0 0  
                   core_d6_ck             0            0    66666666          0 0  
                   core_d4_ck             0            0   100000000          0 0  
                   core_d3_ck             0            0   133333333          0 0  
                   dpll2_fck              0            0   400000000          0 0  
                   l3_ick                 2            3   200000000          0 0  
                      sgx_ick             0            0   200000000          0 0  
                      mad2d_ick           0            0   200000000          0 0  
                      sad2d_ick           0            1   200000000          0 0  
                      security_l3_ick           0            0   200000000          0 0  
                         pka_ick           0            0   200000000          0 0  
                      core_l3_ick           8           10   200000000          0 0  
                         hsotgusb_ick_3430es2           0            1   200000000          0 0  
                         gpmc_fck           2            2   200000000          0 0  
                         sdrc_ick           1            1   200000000          0 0  
                      l4_ick              6            7   100000000          0 0  
                         usbhost_ick           1            1   100000000          0 0  
                         dss_ick_3430es2           4            6   100000000          0 0  
                         sr_l4_ick           2            2   100000000          0 0  
                         ssi_l4_ick           0            0   100000000          0 0  
                            ssi_ick_3430es2           0            0   100000000          0 0  
                         cam_ick           0            1   100000000          0 0  
                         security_l4_ick2           0            0   100000000          0 0  
                            des1_ick           0            0   100000000          0 0  
                            sha11_ick           0            0   100000000          0 0  
                            rng_ick           0            0   100000000          0 0  
                            aes1_ick           0            0   100000000          0 0  
                         per_l4_ick          15           18   100000000          0 0  
                            mcbsp4_ick           1            1   100000000          0 0  
                            mcbsp3_ick           2            2   100000000          0 0  
                            mcbsp2_ick           2            2   100000000          0 0  
                            gpt2_ick           1            1   100000000          0 0  
                            gpt3_ick           1            1   100000000          0 0  
                            gpt4_ick           1            1   100000000          0 0  
                            gpt5_ick           1            1   100000000          0 0  
                            gpt6_ick           1            1   100000000          0 0  
                            gpt7_ick           1            1   100000000          0 0  
                            gpt8_ick           1            1   100000000          0 0  
                            gpt9_ick           1            1   100000000          0 0  
                            uart4_ick           1            1   100000000          0 0  
                            uart3_ick           1            1   100000000          0 0  
                            wdt3_ick           0            0   100000000          0 0  
                            gpio2_ick           0            1   100000000          0 0  
                            gpio3_ick           0            1   100000000          0 0  
                            gpio4_ick           0            1   100000000          0 0  
                            gpio5_ick           1            1   100000000          0 0  
                            gpio6_ick           1            1   100000000          0 0  
                         core_l4_ick          21           23   100000000          0 0  
                            mmchs3_ick           1            1   100000000          0 0  
                            usbtll_ick           1            1   100000000          0 0  
                            mailboxes_ick           0            1   100000000          0 0  
                            mspro_ick           0            0   100000000          0 0  
                            des2_ick           0            0   100000000          0 0  
                            icr_ick           0            0   100000000          0 0  
                            sha12_ick           1            2   100000000          0 0  
                            aes2_ick           1            2   100000000          0 0  
                            omapctrl_ick           1            1   100000000          0 0  
                            mcbsp1_ick           1            1   100000000          0 0  
                            mcbsp5_ick           1            1   100000000          0 0  
                            gpt10_ick           1            1   100000000          0 0  
                            gpt11_ick           1            1   100000000          0 0  
                            uart1_ick           1            1   100000000          0 0  
                            uart2_ick           1            1   100000000          0 0  
                            i2c1_ick           1            1   100000000          0 0  
                            i2c2_ick           1            1   100000000          0 0  
                            i2c3_ick           1            1   100000000          0 0  
                            mcspi1_ick           1            1   100000000          0 0  
                            mcspi2_ick           1            1   100000000          0 0  
                            mcspi3_ick           1            1   100000000          0 0  
                            mcspi4_ick           1            1   100000000          0 0  
                            hdq_ick           0            1   100000000          0 0  
                            mmchs1_ick           1            1   100000000          0 0  
                            mmchs2_ick           1            1   100000000          0 0  
                         rm_ick           0            0    50000000          0 0  
                   dpll1_fck              0            0   200000000          0 0  
             dpll3_m3_ck                  0            0   200000000          0 0  
                dpll3_m3x2_mul_ck           0            0   400000000          0 0  
                   dpll3_m3x2_ck           0            0   400000000          0 0  
                      emu_core_alwon_ck           0            0   400000000          0 0  
          dpll4_ck                        1            3   864000000          0 0  
             dpll4_x2_ck                  0            0  1728000000          0 0  
             dpll4_m6_ck                  0            0   288000000          0 0  
                dpll4_m6x2_mul_ck           0            0   288000000          0 0  
                   dpll4_m6x2_ck           0            0   288000000          0 0  
                      emu_per_alwon_ck           0            0   288000000          0 0  
             dpll4_m5_ck                  0            0   216000000          0 0  
                dpll4_m5x2_mul_ck           0            0   216000000          0 0  
                   dpll4_m5x2_ck           0            0   216000000          0 0  
                      cam_mclk            0            0   216000000          0 0  
             dpll4_m4_ck                  0            1    96000000          0 0  
                dpll4_m4x2_mul_ck           0            1    96000000          0 0  
                   dpll4_m4x2_ck           0            1    96000000          0 0  
                      dss1_alwon_fck_3430es2           0            4    96000000          0 0  
             dpll4_m3_ck                  0            1    54000000          0 0  
                dpll4_m3x2_mul_ck           0            1    54000000          0 0  
                   dpll4_m3x2_ck           0            1    54000000          0 0  
                      omap_54m_fck           0            1    54000000          0 0  
                         clkout2_src_ck           0            0    54000000          0 0  
                            sys_clkout2           0            0    54000000          0 0  
                         dss_tv_fck           0            2    54000000          0 0  
             dpll4_m2_ck                  1            1    96000000          0 0  
                dpll4_m2x2_mul_ck           1            1    96000000          0 0  
                   dpll4_m2x2_ck           1            1    96000000          0 0  
                      omap_192m_alwon_fck           0            0    96000000          0 0  
                      omap_96m_alwon_fck           1            2    96000000          0 0  
                         per_96m_fck           0            6    96000000          0 0  
                            mcbsp4_fck           0            1    96000000          0 0  
                            mcbsp3_fck           0            2    96000000          0 0  
                            mcbsp2_fck           0            2    96000000          0 0  
                         cm_96m_fck           2            2    96000000          0 0  
                            cm_96m_d2_fck           1            1    48000000          0 0  
                               omap_48m_fck           3            4    48000000          0 0  
                                  usbhost_48m_fck           1            1    48000000          0 0  
                                  per_48m_fck           2            2    48000000          0 0  
                                     uart4_fck           1            1    48000000          0 0  
                                     uart3_fck           1            1    48000000          0 0  
                                  core_48m_fck           2            6    48000000          0 0  
                                     uart1_fck           1            1    48000000          0 0  
                                     uart2_fck           1            1    48000000          0 0  
                                     mcspi1_fck           0            1    48000000          0 0  
                                     mcspi2_fck           0            1    48000000          0 0  
                                     mcspi3_fck           0            1    48000000          0 0  
                                     mcspi4_fck           0            1    48000000          0 0  
                                  omap_12m_fck           0            1    12000000          0 0  
                                     core_12m_fck           0            1    12000000          0 0  
                                        hdq_fck             0            1    12000000          0 0  
                            omap_96m_fck           1            2    96000000          0 0  
                               omap_96m_d10_fck           0            0     9600000          0 0  
                               omap_96m_d8_fck           0            0    12000000          0 0  
                               omap_96m_d4_fck           0            0    24000000          0 0  
                               omap_96m_d2_fck           0            0    48000000          0 0  
                               dss_96m_fck           0            2    96000000          0 0  
                               core_96m_fck           2           10    96000000          0 0  
                                  mcbsp1_fck           0            1    96000000          0 0  
                                  mcbsp5_fck           0            1    96000000          0 0  
                                  mmchs3_fck           0            1    96000000          0 0  
                                  mspro_fck           0            0    96000000          0 0  
                                  csi2_96m_fck           0            0    96000000          0 0  
                                  i2c1_fck           0            1    96000000          0 0  
                                  i2c2_fck           0            1    96000000          0 0  
                                  i2c3_fck           0            1    96000000          0 0  
                                  mmchs1_fck           1            1    96000000          0 0  
                                  mmchs2_fck           1            1    96000000          0 0  
          wkup_l4_ick                     4            5    13000000          0 0  
             usim_ick                     0            0    13000000          0 0  
             gpt1_ick                     1            1    13000000          0 0  
             gpt12_ick                    1            1    13000000          0 0  
             omap_32ksync_ick             1            1    13000000          0 0  
             gpio1_ick                    0            1    13000000          0 0  
             wdt1_ick                     0            0    13000000          0 0  
             wdt2_ick                     1            1    13000000          0 0  
 virt_19200000_ck                         0            0    19200000          0 0  
 virt_13m_ck                              0            0    13000000          0 0  
 virt_12m_ck                              0            0    12000000          0 0  
 omap_32k_fck                             2            8       32768          0 0  
    gpt1_fck                              1            1       32768          0 0  
    gpt11_fck                             0            1       32768          0 0  
    gpt10_fck                             0            1       32768          0 0  
    ts_fck                                0            0       32768          0 0  
    per_32k_alwon_fck                     0            5       32768          0 0  
       wdt3_fck                           0            0       32768          0 0  
       gpio2_dbck                         0            2       32768          0 0  
       gpio3_dbck                         0            2       32768          0 0  
       gpio4_dbck                         0            2       32768          0 0  
       gpio5_dbck                         0            2       32768          0 0  
       gpio6_dbck                         0            2       32768          0 0  
    wkup_32k_fck                          1            3       32768          0 0  
       wdt2_fck                           0            1       32768          0 0  
       gpio1_dbck                         0            2       32768          0 0  
 dummy_apb_pclk                           0            0           0          0 0  
 virt_16_8m_ck                            0            0    16800000          0 0  
=======
Available frequencies
300000 600000 800000 
=======
===== ERR ==
platform 48058000.ssi-controller: Cannot lookup hwmod 'ssi'
omap2_set_init_voltage: unable to find boot up OPP for vdd_mpu_iva
omap2_set_init_voltage: unable to set vdd_mpu_iva
omap2_set_init_voltage: unable to find boot up OPP for vdd_core
omap2_set_init_voltage: unable to set vdd_core
=====
===== WARN ==
omap_hwmod: mcbsp2_sidetone using broken dt data from mcbsp
omap_hwmod: mcbsp3_sidetone using broken dt data from mcbsp
irq: no irq domain found for /ocp/l4@48000000/scm@2000/pinmux@30 !
irq: no irq domain found for /ocp/l4@48000000/scm@2000/pinmux@30 !
irq: no irq domain found for /ocp/l4@48000000/scm@2000/pinmux@30 !
irq: no irq domain found for /ocp/l4@48000000/scm@2000/pinmux@30 !
gpmc_mem_init: disabling cs 0 mapped at 0x0-0x1000000
omap4_sram_init:Unable to allocate sram needed to handle errata I688
omap4_sram_init:Unable to get sram pool needed to handle errata I688
twl_rtc 48070000.i2c:twl@48:rtc: Power up reset detected.
omap_hsmmc 480b4000.mmc: omap_device: omap_device_enable() called from invalid state 1
mmc0: host does not support reading read-only switch, assuming write-enable
omap_hsmmc 480b4000.mmc: card claims to support voltages below defined range
EXT4-fs (mmcblk0p2): warning: maximal mount count reached, running e2fsck is recommended
udevd (112): /proc/112/oom_adj is deprecated, please use /proc/112/oom_score_adj instead.
FAT-fs (mmcblk0p1): Volume was not properly unmounted. Some data may be corrupt. Please run fsck.
EXT4-fs (mmcblk0p3): warning: maximal mount count reached, running e2fsck is recommended
alignment: ignoring faults is unsafe on this CPU.  Defaulting to fixup mode.
=====
SUMMARY RESULT: BOOT: PASS: Hello World Board Booted Boot Log has:::: err=5 warn=18:
root@am37x-evm:/test# 
- 02:11:47 [INFO] Host: cat stderr.log
- 02:11:47 [INFO] Target: 
cat stderr.log
root@am37x-evm:/test# 
- 02:11:47 [INFO] Host: cat result.log
- 02:11:49 [ERROR] On command: cat result.log waiting for cat result.log.+?(?m-ix:^1[\0\n\r]+) >>> error: execution expired
- 02:11:49 [INFO] Target: 
cat result.log
root@am37x-evm:/test# 
- 02:11:49 [INFO] Host: cd /test
- 02:11:49 [INFO] Target: 
cd /test
root@am37x-evm:/test# 
URL:gtsystest.telogy.design.ti.com/vatf/tigtfarm06/tigtfarm06_vatf@am37x-evm/tigtfarm0602_01_2016_02_10_33/files/session_iteration_1/test_1
