- 08:48:09 [INFO] Starting target session
- 08:48:09 [INFO] Connected to am37x-evm via serial 
- 08:48:09 [INFO] Host: #check prompt
- 08:48:12 [ERROR] On command: #check prompt waiting for #check prompt.+?(?-mix:((?-mix:login:)|[Pp]assword)) >>> error: execution expired
- 08:48:12 [INFO] Target: 
#check prompt
root@am37x-evm:/test# 
- 08:48:12 [INFO] Host: #check prompt
- 08:48:12 [INFO] Target: 
#check prompt
root@am37x-evm:/test# 
- 08:48:12 [INFO] Host: sync;poweroff
- 08:48:27 [INFO] Target: 
sync;poweroff
INIT: Switching to runlevel:
INIT: Broadcast message from root@am37x-evm (ttyO0) (Fri Dec  5 03:41:31 2014):
The system is going down for system halt NOW!
Sending processes the TERM signal
root@am37x-evm:/test# 
INIT: Sending processStopping syslogd/klogd: stopped syslogd (pid 1296)
stopped klogd (pid 1300)
done
Deconfiguring network interfaces... done.
Sending all processes the TERM signal...
Sending all processes the KILL signal...
Unmounting remote filesystems...
Deactivating swap...
Unmounting local filesystems...
[ 6755.128845] reboot: System halted
- 08:48:27 [INFO] Disconnected serial from am37x-evm
- 08:48:28 [INFO] Connected to am37x-evm via serial 
- 08:48:28 [INFO] Host: 
- 08:48:28 [ERROR] On command:  waiting for (?-mix:OMAP3_EVM\s*#) >>> error: execution expired
- 08:48:28 [INFO] Target: 
- 08:48:28 [INFO] Host: 
- 08:48:29 [ERROR] On command:  waiting for (?-mix:OMAP3_EVM\s*#) >>> error: execution expired
- 08:48:29 [INFO] Target: 
- 08:48:29 [INFO] Host: 
- 08:48:29 [ERROR] On command:  waiting for (?-mix:OMAP3_EVM\s*#) >>> error: execution expired
- 08:48:29 [INFO] Target: 
U-Boot SPL 2013.01.01 (Nov 27 2013 - 12:07:30)
OMAP SD/MMC: 0
reading u-boot.img
reading u-boot.img
U-Boot 2013.01.01 (Nov 27 2013 - 12:07:30)
OMAP3630/3730-GP ES1.2, CPU-OPP2, L3-165MHz, Max CPU Clock 1 Ghz
OMAP3 EVM board + LPDDR/NAND
I2C:   ready
DRAM:  256 MiB
NAND:  512 MiB
MMC:   OMAP SD/MMC: 0
- 08:48:29 [INFO] Host: 
- 08:48:30 [ERROR] On command:  waiting for (?-mix:OMAP3_EVM\s*#) >>> error: execution expired
- 08:48:30 [INFO] Target: 
- 08:48:30 [INFO] Host: 
- 08:48:30 [INFO] Target: 
In:    serial
Out:   serial
Err:   serial
Read back SMSC id 0x92200000
Die ID #16d400029ff80000015f02690c019016
Net:   smc911x-0
Hit any key to stop autoboot:  3  0 
OMAP3_EVM # 
OMAP3_EVM # 
- 08:48:30 [INFO] Host: 
- 08:48:31 [INFO] Target: 
OMAP3_EVM # 
- 08:48:31 [INFO] Host: version
- 08:48:31 [INFO] Target: 
version
U-Boot 2013.01.01 (Nov 27 2013 - 12:07:30)
arm-linux-gnueabihf-gcc (crosstool-NG linaro-1.13.1-4.7-2013.03-20130313 - Linaro GCC 2013.03) 4.7.3 20130226 (prerelease)
GNU ld (crosstool-NG linaro-1.13.1-4.7-2013.03-20130313 - Linaro GCC 2013.03) 2.23.1
OMAP3_EVM # 
- 08:48:31 [INFO] Host: setenv bootargs 'console=ttyO0,115200n8 earlyprintk  '
- 08:48:32 [INFO] Target: 
setenv bootargs 'console=ttyO0,115200n8 earlyprintk  '
OMAP3_EVM # 
- 08:48:32 [INFO] Host: setenv bootcmd  ''
- 08:48:32 [INFO] Target: 
setenv bootcmd  ''
OMAP3_EVM # 
- 08:48:32 [INFO] Host: setenv autoload 'no'
- 08:48:33 [INFO] Target: 
setenv autoload 'no'
OMAP3_EVM # 
- 08:48:33 [INFO] Host: setenv serverip '192.168.0.1'
- 08:48:33 [INFO] Target: 
setenv serverip '192.168.0.1'
OMAP3_EVM # 
- 08:48:33 [INFO] Host: printenv
- 08:48:34 [INFO] Target: 
printenv
autoload=no
baudrate=115200
bootargs=console=ttyO0,115200n8 earlyprintk  
bootcmd=
bootdelay=3
bootfile=uImage
bootscript=echo Running bootscript from mmc ...; source ${loadaddr}
console=ttyO0,115200n8
dieid#=16d400029ff80000015f02690c019016
ethact=smc911x-0
ethaddr=00:50:c2:7e:93:ba
loadaddr=0x82000000
loadbootscript=fatload mmc ${mmcdev} ${loadaddr} boot.scr
loaduimage=fatload mmc ${mmcdev} ${loadaddr} uImage
mmcargs=setenv bootargs console=${console} root=/dev/mmcblk0p2 rw rootfstype=ext3 rootwait
mmcboot=echo Booting from mmc ...; run mmcargs; bootm ${loadaddr}
mmcdev=0
nandargs=setenv bootargs console=${console} root=/dev/mtdblock4 rw rootfstype=jffs2
nandboot=echo Booting from nand ...; run nandargs; onenand read ${loadaddr} 280000 400000; bootm ${loadaddr}
ramdisk_addr=0x8A080000
serverip=192.168.0.1
stderr=serial
stdin=serial
stdout=serial
usbtty=cdc_acm
Environment size: 926/131068 bytes
OMAP3_EVM # 
- 08:48:34 [INFO] Host: printenv
- 08:48:34 [INFO] Target: 
printenv
autoload=no
baudrate=115200
bootargs=console=ttyO0,115200n8 earlyprintk  
bootcmd=
bootdelay=3
bootfile=uImage
bootscript=echo Running bootscript from mmc ...; source ${loadaddr}
console=ttyO0,115200n8
dieid#=16d400029ff80000015f02690c019016
ethact=smc911x-0
ethaddr=00:50:c2:7e:93:ba
loadaddr=0x82000000
loadbootscript=fatload mmc ${mmcdev} ${loadaddr} boot.scr
loaduimage=fatload mmc ${mmcdev} ${loadaddr} uImage
mmcargs=setenv bootargs console=${console} root=/dev/mmcblk0p2 rw rootfstype=ext3 rootwait
mmcboot=echo Booting from mmc ...; run mmcargs; bootm ${loadaddr}
mmcdev=0
nandargs=setenv bootargs console=${console} root=/dev/mtdblock4 rw rootfstype=jffs2
nandboot=echo Booting from nand ...; run nandargs; onenand read ${loadaddr} 280000 400000; bootm ${loadaddr}
ramdisk_addr=0x8A080000
serverip=192.168.0.1
stderr=serial
stdin=serial
stdout=serial
usbtty=cdc_acm
Environment size: 926/131068 bytes
OMAP3_EVM # 
- 08:48:34 [INFO] Host: setenv bootargs ''${bootargs}' ip=dhcp '
- 08:48:35 [INFO] Target: 
setenv bootargs ''${bootargs}' ip=dhcp '
OMAP3_EVM # 
- 08:48:35 [INFO] Host: setenv serverip '192.168.0.1'
- 08:48:35 [INFO] Target: 
setenv serverip '192.168.0.1'
OMAP3_EVM # 
- 08:48:35 [INFO] Host: setenv ipaddr dhcp
- 08:48:36 [INFO] Target: 
setenv ipaddr dhcp
OMAP3_EVM # 
- 08:48:36 [INFO] Host: setenv autoload 'no'
- 08:48:36 [INFO] Target: 
setenv autoload 'no'
OMAP3_EVM # 
- 08:48:36 [INFO] Host: dhcp
- 08:48:39 [INFO] Target: 
dhcp
smc911x: detected LAN9220 controller
smc911x: phy initialized
smc911x: MAC 00:50:c2:7e:93:ba
BOOTP broadcast 1
DHCP client bound to address 192.168.0.55
OMAP3_EVM # 
- 08:48:39 [INFO] Host: setenv serverip '192.168.0.1'
- 08:48:40 [INFO] Target: 
setenv serverip '192.168.0.1'
OMAP3_EVM # 
- 08:48:40 [INFO] Host: tftp ${loadaddr} 192.168.0.1:vatf_am37x-evm/1df55bee1a8f4ae56287ca133828228a
- 08:48:43 [INFO] Target: 
tftp ${loadaddr} 192.168.0.1:vatf_am37x-evm/1df55bee1a8f4ae56287ca133828228a
smc911x: detected LAN9220 controller
smc911x: phy initialized
smc911x: MAC 00:50:c2:7e:93:ba
Using smc911x-0 device
TFTP from server 192.168.0.1; our IP address is 192.168.0.55
Filename 'vatf_am37x-evm/1df55bee1a8f4ae56287ca133828228a'.
Load address: 0x82000000
Loading: *#################################################################
	 #################################################################
	 #################################################################
	 #################################################################
	 #################################################################
	 #################################################################
	 ########
	 3.3 MiB/s
done
Bytes transferred = 5836469 (590eb5 hex)
OMAP3_EVM # 
- 08:48:43 [INFO] Host: ls mmc 0:1
- 08:48:44 [INFO] Target: 
ls mmc 0:1
ls - list files in a directory (default /)
Usage:
ls [ directory ]
OMAP3_EVM # 
- 08:48:44 [INFO] Host: ls mmc 0:2
- 08:48:44 [INFO] Target: 
ls mmc 0:2
ls - list files in a directory (default /)
Usage:
ls [ directory ]
OMAP3_EVM # 
- 08:48:44 [INFO] Host: ls mmc 0:3
- 08:48:45 [INFO] Target: 
ls mmc 0:3
ls - list files in a directory (default /)
Usage:
ls [ directory ]
OMAP3_EVM # 
- 08:48:45 [INFO] Host: ls mmc 0:4
- 08:48:45 [INFO] Target: 
ls mmc 0:4
ls - list files in a directory (default /)
Usage:
ls [ directory ]
OMAP3_EVM # 
- 08:48:45 [INFO] Host: ls mmc 0:5
- 08:48:46 [INFO] Target: 
ls mmc 0:5
ls - list files in a directory (default /)
Usage:
ls [ directory ]
OMAP3_EVM # 
- 08:48:46 [INFO] Host: part uuid mmc 0:
- 08:48:46 [INFO] Target: 
part uuid mmc 0:
Unknown command 'part' - try 'help'
OMAP3_EVM # 
- 08:48:46 [INFO] Host: printenv
- 08:48:47 [INFO] Target: 
printenv
autoload=no
baudrate=115200
bootargs=console=ttyO0,115200n8 earlyprintk ip=dhcp
bootcmd=
bootdelay=3
bootfile=uImage
bootscript=echo Running bootscript from mmc ...; source ${loadaddr}
console=ttyO0,115200n8
dieid#=16d400029ff80000015f02690c019016
ethact=smc911x-0
ethaddr=00:50:c2:7e:93:ba
fileaddr=82000000
filesize=590EB5
gatewayip=192.168.0.1
ipaddr=192.168.0.55
loadaddr=0x82000000
loadbootscript=fatload mmc ${mmcdev} ${loadaddr} boot.scr
loaduimage=fatload mmc ${mmcdev} ${loadaddr} uImage
mmcargs=setenv bootargs console=${console} root=/dev/mmcblk0p2 rw rootfstype=ext3 rootwait
mmcboot=echo Booting from mmc ...; run mmcargs; bootm ${loadaddr}
mmcdev=0
nandargs=setenv bootargs console=${console} root=/dev/mtdblock4 rw rootfstype=jffs2
nandboot=echo Booting from nand ...; run nandargs; onenand read ${loadaddr} 280000 400000; bootm ${loadaddr}
netmask=255.255.255.0
ramdisk_addr=0x8A080000
serverip=192.168.0.1
stderr=serial
stdin=serial
stdout=serial
usbtty=cdc_acm
Environment size: 1040/131068 bytes
OMAP3_EVM # 
- 08:48:47 [INFO] Host: setenv bootargs ''${bootargs}' root=/dev/mmcblk0p2 rw rootfstype=ext3 rootwait '
- 08:48:47 [INFO] Target: 
setenv bootargs ''${bootargs}' root=/dev/mmcblk0p2 rw rootfstype=ext3 rootwait '
OMAP3_EVM # 
- 08:48:47 [INFO] Host: printenv
- 08:48:48 [INFO] Target: 
printenv
autoload=no
baudrate=115200
bootargs=console=ttyO0,115200n8 earlyprintk ip=dhcp root=/dev/mmcblk0p2 rw rootfstype=ext3 rootwait
bootcmd=
bootdelay=3
bootfile=uImage
bootscript=echo Running bootscript from mmc ...; source ${loadaddr}
console=ttyO0,115200n8
dieid#=16d400029ff80000015f02690c019016
ethact=smc911x-0
ethaddr=00:50:c2:7e:93:ba
fileaddr=82000000
filesize=590EB5
gatewayip=192.168.0.1
ipaddr=192.168.0.55
loadaddr=0x82000000
loadbootscript=fatload mmc ${mmcdev} ${loadaddr} boot.scr
loaduimage=fatload mmc ${mmcdev} ${loadaddr} uImage
mmcargs=setenv bootargs console=${console} root=/dev/mmcblk0p2 rw rootfstype=ext3 rootwait
mmcboot=echo Booting from mmc ...; run mmcargs; bootm ${loadaddr}
mmcdev=0
nandargs=setenv bootargs console=${console} root=/dev/mtdblock4 rw rootfstype=jffs2
nandboot=echo Booting from nand ...; run nandargs; onenand read ${loadaddr} 280000 400000; bootm ${loadaddr}
netmask=255.255.255.0
ramdisk_addr=0x8A080000
serverip=192.168.0.1
stderr=serial
stdin=serial
stdout=serial
usbtty=cdc_acm
Environment size: 1088/131068 bytes
OMAP3_EVM # 
- 08:48:48 [INFO] Host: setenv bootcmd ''${bootcmd}' if iminfo ${loadaddr}; then bootm ${loadaddr}  ; else bootz ${loadaddr}  ; bootm ${loadaddr}  ; fi'
- 08:48:48 [INFO] Target: 
setenv bootcmd ''${bootcmd}' if iminfo ${loadaddr}; then bootm ${loadaddr}  ; else bootz ${loadaddr}  ; bootm ${loadaddr}  ; fi'
OMAP3_EVM # 
- 08:48:48 [INFO] Host: bdinfo
- 08:48:49 [INFO] Target: 
bdinfo
arch_number = 0x000005FF
boot_params = 0x80000100
DRAM bank   = 0x00000000
-> start    = 0x80000000
-> size     = 0x10000000
DRAM bank   = 0x00000001
-> start    = 0x90000000
-> size     = 0x00000000
ethaddr     = 00:50:c2:7e:93:ba
ip_addr     = 192.168.0.55
baudrate    = 115200 bps
TLB addr    = 0x8FFF0000
relocaddr   = 0x8FF6E000
reloc off   = 0x0FE6E000
irq_sp      = 0x8FF0DF58
sp start    = 0x8FF0DF48
FB base     = 0x00000000
OMAP3_EVM # 
- 08:48:49 [INFO] Host: mmc rescan
- 08:48:49 [INFO] Target: 
mmc rescan
OMAP3_EVM # 
- 08:48:49 [INFO] Host: fatwrite mmc ${mmcdev}:1 ${loadaddr} ws-calibrate.rules 4
- 08:48:50 [INFO] Target: 
fatwrite mmc ${mmcdev}:1 ${loadaddr} ws-calibrate.rules 4
Unknown command 'fatwrite' - try 'help'
OMAP3_EVM # 
- 08:48:50 [INFO] Host: boot
- 08:51:20 [ERROR] On command: boot waiting for boot.+?(?-mix:login:) >>> error: execution expired
- 08:51:20 [INFO] Target: 
boot
Unknown command 'iminfo' - try 'help'
Unknown command 'bootz' - try 'help'
## Booting kernel from Legacy Image at 82000000 ...
   Image Name:   Linux-3.19.0-rc5-next-20150120-0
   Image Type:   ARM Linux Kernel Image (uncompressed)
   Data Size:    5836405 Bytes = 5.6 MiB
   Load Address: 80800000
   Entry Point:  80800000
   Verifying Checksum ... OK
   Loading Kernel Image ... OK
Starting kernel ...
[    0.000000] Booting Linux on physical CPU 0x0
[    0.000000] Linux version 3.19.0-rc5-next-20150120-00002-g8ef3de6000e3 (nmenon@kahuna) (gcc version 4.6.3 (Ubuntu/Linaro 4.6.3-1ubuntu5) ) #1 SMP Tue Jan 20 07:47:38 CST 2015
[    0.000000] CPU: ARMv7 Processor [413fc082] revision 2 (ARMv7), cr=10c5387d
[    0.000000] CPU: PIPT / VIPT nonaliasing data cache, VIPT aliasing instruction cache
[    0.000000] Machine model: TI OMAP37XX EVM (TMDSEVM3730)
[    0.000000] cma: Reserved 64 MiB at 0x8b800000
[    0.000000] Memory policy: Data cache writeback
[    0.000000] CPU: All CPU(s) started in SVC mode.
[    0.000000] OMAP3630 ES1.2 (l2cache iva sgx neon isp 192mhz_clk )
[    0.000000] PERCPU: Embedded 11 pages/cpu @cfc8a000 s13120 r8192 d23744 u45056
[    0.000000] Built 1 zonelists in Zone order, mobility grouping on.  Total pages: 64768
[    0.000000] Kernel command line: console=ttyO0,115200n8 earlyprintk ip=dhcp root=/dev/mmcblk0p2 rw rootfstype=ext3 rootwait
[    0.000000] PID hash table entries: 1024 (order: 0, 4096 bytes)
[    0.000000] Dentry cache hash table entries: 32768 (order: 5, 131072 bytes)
[    0.000000] Inode-cache hash table entries: 16384 (order: 4, 65536 bytes)
[    0.000000] Memory: 180072K/261120K available (7566K kernel code, 942K rwdata, 3124K rodata, 772K init, 307K bss, 15512K reserved, 65536K cma-reserved, 0K highmem)
[    0.000000] Virtual kernel memory layout:
[    0.000000]     vector  : 0xffff0000 - 0xffff1000   (   4 kB)
[    0.000000]     fixmap  : 0xffc00000 - 0xfff00000   (3072 kB)
[    0.000000]     vmalloc : 0xd0800000 - 0xff000000   ( 744 MB)
[    0.000000]     lowmem  : 0xc0000000 - 0xd0000000   ( 256 MB)
[    0.000000]     pkmap   : 0xbfe00000 - 0xc0000000   (   2 MB)
[    0.000000]     modules : 0xbf000000 - 0xbfe00000   (  14 MB)
[    0.000000]       .text : 0xc0208000 - 0xc0c78bc0   (10691 kB)
[    0.000000]       .init : 0xc0c79000 - 0xc0d3a000   ( 772 kB)
[    0.000000]       .data : 0xc0d3a000 - 0xc0e25a20   ( 943 kB)
[    0.000000]        .bss : 0xc0e25a20 - 0xc0e72660   ( 308 kB)
[    0.000000] SLUB: HWalign=64, Order=0-3, MinObjects=0, CPUs=1, Nodes=1
[    0.000000] Hierarchical RCU implementation.
[    0.000000] 	Additional per-CPU info printed with stalls.
[    0.000000] 	RCU restricting CPUs from NR_CPUS=8 to nr_cpu_ids=1.
[    0.000000] RCU: Adjusting geometry for rcu_fanout_leaf=16, nr_cpu_ids=1
[    0.000000] NR_IRQS:16 nr_irqs:16 16
[    0.000000] IRQ: Found an INTC at 0xfa200000 (revision 4.0) with 96 interrupts
[    0.000000] Clocking rate (Crystal/Core/MPU): 26.0/400/600 MHz
[    0.000000] OMAP clockevent source: timer1 at 32768 Hz
[    0.000030] sched_clock: 32 bits at 32kHz, resolution 30517ns, wraps every 65536000000000ns
[    0.000030] OMAP clocksource: 32k_counter at 32768 Hz
[    0.000274] Console: colour dummy device 80x30
[    0.000305] Calibrating delay loop... 594.73 BogoMIPS (lpj=1486848)
[    0.029052] pid_max: default: 32768 minimum: 301
[    0.029235] Mount-cache hash table entries: 1024 (order: 0, 4096 bytes)
[    0.029235] Mountpoint-cache hash table entries: 1024 (order: 0, 4096 bytes)
[    0.030120] CPU: Testing write buffer coherency: ok
[    0.030487] CPU0: thread -1, cpu 0, socket -1, mpidr 0
[    0.030578] Setting up static identity map for 0x80927818 - 0x809278b0
[    0.035034] Brought up 1 CPUs
[    0.035064] SMP: Total of 1 processors activated (594.73 BogoMIPS).
[    0.035064] CPU: All CPU(s) started in SVC mode.
[    0.035705] devtmpfs: initialized
[    0.039489] VFP support v0.3: implementor 41 architecture 3 part 30 variant c rev 3
[    0.060516] omap_hwmod: mcbsp2_sidetone using broken dt data from mcbsp
[    0.061126] omap_hwmod: mcbsp3_sidetone using broken dt data from mcbsp
[    0.123870] pinctrl core: initialized pinctrl subsystem
[    0.156158] NET: Registered protocol family 16
[    0.159515] DMA: preallocated 256 KiB pool for atomic coherent allocations
[    0.162200] cpuidle: using governor ladder
[    0.162200] cpuidle: using governor menu
[    0.168853] Reprogramming SDRC clock to 400000000 Hz
[    0.175109] OMAP GPIO hardware version 2.5
[    0.180114] irq: no irq domain found for /ocp/pinmux@48002030 !
[    0.180603] irq: no irq domain found for /ocp/pinmux@48002030 !
[    0.181060] irq: no irq domain found for /ocp/pinmux@48002030 !
[    0.193176] omap-gpmc 6e000000.gpmc: GPMC revision 5.0
[    0.195190] platform 48058000.ssi-controller: Cannot lookup hwmod 'ssi'
[    0.199737] No ATAGs?
[    0.199768] hw-breakpoint: debug architecture 0x4 unsupported.
[    0.201904] OMAP DMA hardware revision 5.0
[    0.206268] Serial: AMBA PL011 UART driver
[    0.243133] omap-dma-engine 48056000.dma-controller: OMAP DMA engine driver
[    0.244567] reg-fixed-voltage wl12xx_vmmc: could not find pctldev for node /ocp/pinmux@48002030/pinmux_wl12xx_gpio, deferring probe
[    0.244598] platform wl12xx_vmmc: Driver reg-fixed-voltage requests probe deferral
[    0.249450] vgaarb: loaded
[    0.250488] SCSI subsystem initialized
[    0.251312] usbcore: registered new interface driver usbfs
[    0.251403] usbcore: registered new interface driver hub
[    0.251495] usbcore: registered new device driver usb
[    0.254180] omap_i2c 48070000.i2c: bus 0 rev4.4 at 2600 kHz
[    0.254852] omap_i2c 48072000.i2c: bus 1 rev4.4 at 400 kHz
[    0.255981] omap_i2c 48060000.i2c: bus 2 rev4.4 at 400 kHz
[    0.256958] Linux video capture interface: v2.00
[    0.257049] pps_core: LinuxPPS API ver. 1 registered
[    0.257049] pps_core: Software ver. 5.3.6 - Copyright 2005-2007 Rodolfo Giometti <giometti@linux.it>
[    0.257110] PTP clock support registered
[    0.257415] EDAC MC: Ver: 3.0.0
[    0.258422] Advanced Linux Sound Architecture Driver Initialized.
[    0.260253] Switched to clocksource 32k_counter
[    0.276733] NET: Registered protocol family 2
[    0.277648] TCP established hash table entries: 2048 (order: 1, 8192 bytes)
[    0.277679] TCP bind hash table entries: 2048 (order: 2, 16384 bytes)
[    0.277740] TCP: Hash tables configured (established 2048 bind 2048)
[    0.277832] TCP: reno registered
[    0.277832] UDP hash table entries: 256 (order: 1, 8192 bytes)
[    0.277862] UDP-Lite hash table entries: 256 (order: 1, 8192 bytes)
[    0.278106] NET: Registered protocol family 1
[    0.278625] RPC: Registered named UNIX socket transport module.
[    0.278625] RPC: Registered udp transport module.
[    0.278625] RPC: Registered tcp transport module.
[    0.278656] RPC: Registered tcp NFSv4.1 backchannel transport module.
[    0.281555] hw perfevents: enabled with armv7_cortex_a8 PMU driver, 5 counters available
[    0.285186] futex hash table entries: 256 (order: 2, 16384 bytes)
[    0.303161] squashfs: version 4.0 (2009/01/31) Phillip Lougher
[    0.304321] NFS: Registering the id_resolver key type
[    0.304412] Key type id_resolver registered
[    0.304412] Key type id_legacy registered
[    0.304504] ntfs: driver 2.1.31 [Flags: R/O].
[    0.306610] Block layer SCSI generic (bsg) driver version 0.4 loaded (major 249)
[    0.306640] io scheduler noop registered
[    0.306640] io scheduler deadline registered
[    0.306945] io scheduler cfq registered (default)
[    0.312866] pinctrl-single 48002030.pinmux: 284 pins at pa fa002030 size 568
[    0.313171] pinctrl-single 48002a00.pinmux: 46 pins at pa fa002a00 size 92
[    0.313751] pinctrl-single 480025a0.pinmux: 46 pins at pa fa0025a0 size 92
[    0.412933] Serial: 8250/16550 driver, 4 ports, IRQ sharing disabled
[    0.417144] msm_serial: driver initialized
[    0.418304] 4806a000.serial: ttyO0 at MMIO 0x4806a000 (irq = 88, base_baud = 3000000) is a OMAP UART0
[    1.125915] console [ttyO0] enabled
[    1.130462] 4806c000.serial: ttyO1 at MMIO 0x4806c000 (irq = 89, base_baud = 3000000) is a OMAP UART1
[    1.140991] 49020000.serial: ttyO2 at MMIO 0x49020000 (irq = 90, base_baud = 3000000) is a OMAP UART2
[    1.151428] omap_uart 49042000.serial: no wakeirq for uart0
[    1.157470] 49042000.serial: ttyO3 at MMIO 0x49042000 (irq = 96, base_baud = 3000000) is a OMAP UART3
[    1.167694] STMicroelectronics ASC driver initialized
[    1.174743] [drm] Initialized drm 1.1.0 20060810
[    1.190826] loop: module loaded
[    1.225006] twl 0-0048: PIH (irq 23) chaining IRQs 341..349
[    1.231018] twl 0-0048: power (irq 346) chaining IRQs 349..356
[    1.281219] twl4030_gpio twl4030-gpio: gpio (irq 341) chaining IRQs 357..374
[    1.396728] CAN device driver interface
[    1.403045] igb: Intel(R) Gigabit Ethernet Network Driver - version 5.2.15-k
[    1.410491] igb: Copyright (c) 2007-2014 Intel Corporation.
[    1.420227] libphy: smsc911x-mdio: probed
[    1.485595] smsc911x 2c000000.ethernet eth0: attached PHY driver [Generic PHY] (mii_bus:phy_addr=2c000000.etherne:01, irq=-1)
[    1.497680] smsc911x 2c000000.ethernet eth0: MAC Address: 00:50:c2:7e:93:ba
[    1.507324] pegasus: v0.9.3 (2013/04/25), Pegasus/Pegasus II USB Ethernet driver
[    1.515258] usbcore: registered new interface driver pegasus
[    1.521392] usbcore: registered new interface driver asix
[    1.527160] usbcore: registered new interface driver ax88179_178a
[    1.533660] usbcore: registered new interface driver cdc_ether
[    1.539916] usbcore: registered new interface driver smsc75xx
[    1.546081] usbcore: registered new interface driver smsc95xx
[    1.552185] usbcore: registered new interface driver net1080
[    1.558227] usbcore: registered new interface driver cdc_subset
[    1.564544] usbcore: registered new interface driver zaurus
[    1.570556] usbcore: registered new interface driver cdc_ncm
[    1.578674] ehci_hcd: USB 2.0 'Enhanced' Host Controller (EHCI) Driver
[    1.585571] ehci-pci: EHCI PCI platform driver
[    1.590362] ehci-platform: EHCI generic platform driver
[    1.596313] ehci-omap: OMAP-EHCI Host Controller driver
[    1.602294] ehci-omap 48064800.ehci: EHCI Host Controller
[    1.608062] ehci-omap 48064800.ehci: new USB bus registered, assigned bus number 1
[    1.616424] ehci-omap 48064800.ehci: irq 93, io mem 0x48064800
[    1.630493] ehci-omap 48064800.ehci: USB 2.0 started, EHCI 1.00
[    1.638031] hub 1-0:1.0: USB hub found
[    1.642120] hub 1-0:1.0: 3 ports detected
[    1.647399] ehci-orion: EHCI orion driver
[    1.652130] SPEAr-ehci: EHCI SPEAr driver
[    1.656707] ehci-st: EHCI STMicroelectronics driver
[    1.662139] ehci-exynos: EHCI EXYNOS driver
[    1.666900] tegra-ehci: Tegra EHCI driver
[    1.671447] ohci_hcd: USB 1.1 'Open' Host Controller (OHCI) Driver
[    1.678009] ohci-pci: OHCI PCI platform driver
[    1.682800] ohci-platform: OHCI generic platform driver
[    1.688659] ohci-omap3: OHCI OMAP3 driver
[    1.693298] ohci-omap3 48064400.ohci: OHCI Host Controller
[    1.699127] ohci-omap3 48064400.ohci: new USB bus registered, assigned bus number 2
[    1.707427] ohci-omap3 48064400.ohci: irq 92, io mem 0x48064400
[    1.786621] hub 2-0:1.0: USB hub found
[    1.790710] hub 2-0:1.0: 3 ports detected
[    1.795959] SPEAr-ohci: OHCI SPEAr driver
[    1.800659] ohci-st: OHCI STMicroelectronics driver
[    1.807006] usbcore: registered new interface driver usb-storage
[    1.816833] mousedev: PS/2 mouse device common for all mice
[    1.828948] twl_rtc 48070000.i2c:twl@48:rtc: Enabling TWL-RTC
[    1.839477] twl_rtc 48070000.i2c:twl@48:rtc: rtc core: registered 48070000.i2c:twl@48 as rtc0
[    1.850280] i2c /dev entries driver
[    1.857574] usbcore: registered new interface driver uvcvideo
[    1.863677] USB Video Class driver (1.1.1)
[    1.868011] gspca_main: v2.14.0 registered
[    1.879699] Driver 'mmcblk' needs updating - please use bus_type methods
[    1.886901] sdhci: Secure Digital Host Controller Interface driver
[    1.893432] sdhci: Copyright(c) Pierre Ossman
[    1.936157] omap_hsmmc 480b4000.mmc: unable to get vmmc regulator -517
[    1.943176] platform 480b4000.mmc: Driver omap_hsmmc requests probe deferral
[    1.951477] Synopsys Designware Multimedia Card Interface Driver
[    1.959655] sdhci-pltfm: SDHCI platform and OF driver helper
[    1.969696] ledtrig-cpu: registered to indicate activity on CPUs
[    1.976470] usbcore: registered new interface driver usbhid
[    1.982360] usbhid: USB HID core driver
[    1.995697] usbcore: registered new interface driver snd-usb-audio
[    2.007537] TCP: cubic registered
[    2.011077] NET: Registered protocol family 17
[    2.015808] can: controller area network core (rev 20120528 abi 9)
[    2.022430] NET: Registered protocol family 29
[    2.027160] can: raw protocol (rev 20120528)
[    2.031677] can: broadcast manager protocol (rev 20120528 t)
[    2.037628] can: netlink gateway (rev 20130117) max_hops=1
[    2.044128] Key type dns_resolver registered
[    2.049011] omap2_set_init_voltage: unable to find boot up OPP for vdd_mpu_iva
[    2.056610] omap2_set_init_voltage: unable to set vdd_mpu_iva
[    2.062683] omap2_set_init_voltage: unable to find boot up OPP for vdd_core
[    2.070007] omap2_set_init_voltage: unable to set vdd_core
[    2.079040] ThumbEE CPU extension supported.
[    2.083618] Registering SWP/SWPB emulation handler
[    2.091461] vwl1271: supplied by VMMC2
[    2.123931] mmc0: host does not support reading read-only switch, assuming write-enable
[    2.134307] mmc0: new high speed SDHC card at address b368
[    2.140594] mmcblk0: mmc0:b368 SDC   3.74 GiB 
[    2.146911]  mmcblk0: p1 p2 p3
[    2.209625] twl_rtc 48070000.i2c:twl@48:rtc: setting system clock to 2014-12-05 03:42:11 UTC (1417750931)
[    2.234466] omap_hsmmc 480b4000.mmc: card claims to support voltages below defined range
[    2.243072] smsc911x 2c000000.ethernet eth0: SMSC911x/921x identified at 0xd0808000, IRQ: 288
[    2.266296] mmc1: queuing unknown CIS tuple 0x91 (3 bytes)
[    2.276184] mmc1: new SDIO card at address 0001
[    4.505554] Sending DHCP requests ., OK
[    4.555999] IP-Config: Got DHCP answer from 192.168.0.1, my address is 192.168.0.55
[    4.564514] IP-Config: Complete:
[    4.568023]      device=eth0, hwaddr=00:50:c2:7e:93:ba, ipaddr=192.168.0.55, mask=255.255.255.0, gw=192.168.0.1
[    4.578704]      host=192.168.0.55, domain=tim.com, nis-domain=(none)
[    4.585540]      bootserver=192.168.0.1, rootserver=192.168.0.1, rootpath=
[    4.592651]      nameserver0=192.0.2.2, nameserver1=192.0.2.3
[    4.599304] vwl1271: disabling
[    4.602996] VUSB3V1: disabling
[    4.608032] lcd_3v3: disabling
[    4.611846] ALSA device list:
[    4.614959]   No soundcards found.
[    4.622772] EXT4-fs (mmcblk0p2): mounting ext3 file system using the ext4 subsystem
[    6.622772] EXT4-fs (mmcblk0p2): warning: maximal mount count reached, running e2fsck is recommended
[    6.986114] EXT4-fs (mmcblk0p2): recovery complete
[    7.349670] EXT4-fs (mmcblk0p2): mounted filesystem with ordered data mode. Opts: (null)
[    7.358367] VFS: Mounted root (ext3 filesystem) on device 179:2.
[    7.376220] devtmpfs: mounted
[    7.382019] Freeing unused kernel memory: 772K (c0c79000 - c0d3a000)
INIT: version 2.86 booting
[    7.615722] ------------[ cut here ]------------
[    7.620727] WARNING: CPU: 0 PID: 59 at mm/mmap.c:2859 exit_mmap+0x1a8/0x214()
[    7.628295] Modules linked in:
[    7.631591] CPU: 0 PID: 59 Comm: init Not tainted 3.19.0-rc5-next-20150120-00002-g8ef3de6000e3 #1
[    7.641021] Hardware name: Generic OMAP36xx (Flattened Device Tree)
[    7.647735] [<c02159bc>] (unwind_backtrace) from [<c0211444>] (show_stack+0x10/0x14)
[    7.656036] [<c0211444>] (show_stack) from [<c09228a4>] (dump_stack+0x70/0x8c)
[    7.663787] [<c09228a4>] (dump_stack) from [<c0246674>] (warn_slowpath_common+0x74/0xac)
[    7.672393] [<c0246674>] (warn_slowpath_common) from [<c02466c8>] (warn_slowpath_null+0x1c/0x24)
[    7.681732] [<c02466c8>] (warn_slowpath_null) from [<c02e314c>] (exit_mmap+0x1a8/0x214)
[    7.690277] [<c02e314c>] (exit_mmap) from [<c024403c>] (mmput+0x40/0xf8)
[    7.697418] [<c024403c>] (mmput) from [<c02ff33c>] (flush_old_exec+0x32c/0x604)
[    7.705200] [<c02ff33c>] (flush_old_exec) from [<c033bb1c>] (load_elf_binary+0x2ec/0x112c)
[    7.714019] [<c033bb1c>] (load_elf_binary) from [<c02fe658>] (search_binary_handler+0x9c/0x240)
[    7.723266] [<c02fe658>] (search_binary_handler) from [<c033b45c>] (load_script+0x260/0x27c)
[    7.732238] [<c033b45c>] (load_script) from [<c02fe658>] (search_binary_handler+0x9c/0x240)
[    7.741119] [<c02fe658>] (search_binary_handler) from [<c02ffdf4>] (do_execveat_common+0x4d8/0x5bc)
[    7.750762] [<c02ffdf4>] (do_execveat_common) from [<c02fff04>] (do_execve+0x2c/0x34)
[    7.759094] [<c02fff04>] (do_execve) from [<c020e6e0>] (ret_fast_syscall+0x0/0x34)
[    7.767150] ---[ end trace 97214eb07732081e ]---
[    7.835083] ------------[ cut here ]------------
[    7.840026] WARNING: CPU: 0 PID: 60 at mm/mmap.c:2859 exit_mmap+0x1a8/0x214()
[    7.847534] Modules linked in:
[    7.850799] CPU: 0 PID: 60 Comm: rcS Tainted: G        W       3.19.0-rc5-next-20150120-00002-g8ef3de6000e3 #1
[    7.861297] Hardware name: Generic OMAP36xx (Flattened Device Tree)
[    7.867919] [<c02159bc>] (unwind_backtrace) from [<c0211444>] (show_stack+0x10/0x14)
[    7.876068] [<c0211444>] (show_stack) from [<c09228a4>] (dump_stack+0x70/0x8c)
[    7.883697] [<c09228a4>] (dump_stack) from [<c0246674>] (warn_slowpath_common+0x74/0xac)
[    7.892181] [<c0246674>] (warn_slowpath_common) from [<c02466c8>] (warn_slowpath_null+0x1c/0x24)
[    7.901428] [<c02466c8>] (warn_slowpath_null) from [<c02e314c>] (exit_mmap+0x1a8/0x214)
[    7.909851] [<c02e314c>] (exit_mmap) from [<c024403c>] (mmput+0x40/0xf8)
[    7.916900] [<c024403c>] (mmput) from [<c02ff33c>] (flush_old_exec+0x32c/0x604)
[    7.924591] [<c02ff33c>] (flush_old_exec) from [<c033bb1c>] (load_elf_binary+0x2ec/0x112c)
[    7.933288] [<c033bb1c>] (load_elf_binary) from [<c02fe658>] (search_binary_handler+0x9c/0x240)
[    7.942443] [<c02fe658>] (search_binary_handler) from [<c02ffdf4>] (do_execveat_common+0x4d8/0x5bc)
[    7.951965] [<c02ffdf4>] (do_execveat_common) from [<c02fff04>] (do_execve+0x2c/0x34)
[    7.960205] [<c02fff04>] (do_execve) from [<c020e6e0>] (ret_fast_syscall+0x0/0x34)
[    7.968139] ---[ end trace 97214eb07732081f ]---
[    8.022979] ------------[ cut here ]------------
[    8.027954] WARNING: CPU: 0 PID: 60 at mm/mmap.c:2859 exit_mmap+0x1a8/0x214()
[    8.035491] Modules linked in:
[    8.038696] CPU: 0 PID: 60 Comm: mount Tainted: G        W       3.19.0-rc5-next-20150120-00002-g8ef3de6000e3 #1
[    8.049377] Hardware name: Generic OMAP36xx (Flattened Device Tree)
[    8.055999] [<c02159bc>] (unwind_backtrace) from [<c0211444>] (show_stack+0x10/0x14)
[    8.064178] [<c0211444>] (show_stack) from [<c09228a4>] (dump_stack+0x70/0x8c)
[    8.071777] [<c09228a4>] (dump_stack) from [<c0246674>] (warn_slowpath_common+0x74/0xac)
[    8.080322] [<c0246674>] (warn_slowpath_common) from [<c02466c8>] (warn_slowpath_null+0x1c/0x24)
[    8.089569] [<c02466c8>] (warn_slowpath_null) from [<c02e314c>] (exit_mmap+0x1a8/0x214)
[    8.097991] [<c02e314c>] (exit_mmap) from [<c024403c>] (mmput+0x40/0xf8)
[    8.105041] [<c024403c>] (mmput) from [<c02485d0>] (do_exit+0x288/0x914)
[    8.112091] [<c02485d0>] (do_exit) from [<c0248d34>] (do_group_exit+0x48/0xd0)
[    8.119689] [<c0248d34>] (do_group_exit) from [<c0248dcc>] (__wake_up_parent+0x0/0x18)
[    8.128051] ---[ end trace 97214eb077320820 ]---
[    8.139434] ------------[ cut here ]------------
[    8.144409] WARNING: CPU: 0 PID: 59 at mm/mmap.c:2859 exit_mmap+0x1a8/0x214()
[    8.151947] Modules linked in:
[    8.155151] CPU: 0 PID: 59 Comm: rcS Tainted: G        W       3.19.0-rc5-next-20150120-00002-g8ef3de6000e3 #1
[    8.165649] Hardware name: Generic OMAP36xx (Flattened Device Tree)
[    8.172271] [<c02159bc>] (unwind_backtrace) from [<c0211444>] (show_stack+0x10/0x14)
[    8.180419] [<c0211444>] (show_stack) from [<c09228a4>] (dump_stack+0x70/0x8c)
[    8.188049] [<c09228a4>] (dump_stack) from [<c0246674>] (warn_slowpath_common+0x74/0xac)
[    8.196563] [<c0246674>] (warn_slowpath_common) from [<c02466c8>] (warn_slowpath_null+0x1c/0x24)
[    8.205810] [<c02466c8>] (warn_slowpath_null) from [<c02e314c>] (exit_mmap+0x1a8/0x214)
[    8.214233] [<c02e314c>] (exit_mmap) from [<c024403c>] (mmput+0x40/0xf8)
[    8.221282] [<c024403c>] (mmput) from [<c02ff33c>] (flush_old_exec+0x32c/0x604)
[    8.228973] [<c02ff33c>] (flush_old_exec) from [<c033bb1c>] (load_elf_binary+0x2ec/0x112c)
[    8.237670] [<c033bb1c>] (load_elf_binary) from [<c02fe658>] (search_binary_handler+0x9c/0x240)
[    8.246826] [<c02fe658>] (search_binary_handler) from [<c033b45c>] (load_script+0x260/0x27c)
[    8.255706] [<c033b45c>] (load_script) from [<c02fe658>] (search_binary_handler+0x9c/0x240)
[    8.264495] [<c02fe658>] (search_binary_handler) from [<c02ffdf4>] (do_execveat_common+0x4d8/0x5bc)
[    8.274017] [<c02ffdf4>] (do_execveat_common) from [<c02fff04>] (do_execve+0x2c/0x34)
[    8.282226] [<c02fff04>] (do_execve) from [<c020e6e0>] (ret_fast_syscall+0x0/0x34)
[    8.290191] ---[ end trace 97214eb077320821 ]---
[    8.304595] ------------[ cut here ]------------
[    8.309600] WARNING: CPU: 0 PID: 61 at mm/mmap.c:2859 exit_mmap+0x1a8/0x214()
[    8.317108] Modules linked in:
[    8.320312] CPU: 0 PID: 61 Comm: rc Tainted: G        W       3.19.0-rc5-next-20150120-00002-g8ef3de6000e3 #1
[    8.330749] Hardware name: Generic OMAP36xx (Flattened Device Tree)
[    8.337371] [<c02159bc>] (unwind_backtrace) from [<c0211444>] (show_stack+0x10/0x14)
[    8.345520] [<c0211444>] (show_stack) from [<c09228a4>] (dump_stack+0x70/0x8c)
[    8.353149] [<c09228a4>] (dump_stack) from [<c0246674>] (warn_slowpath_common+0x74/0xac)
[    8.361633] [<c0246674>] (warn_slowpath_common) from [<c02466c8>] (warn_slowpath_null+0x1c/0x24)
[    8.370880] [<c02466c8>] (warn_slowpath_null) from [<c02e314c>] (exit_mmap+0x1a8/0x214)
[    8.379302] [<c02e314c>] (exit_mmap) from [<c024403c>] (mmput+0x40/0xf8)
[    8.386383] [<c024403c>] (mmput) from [<c02ff33c>] (flush_old_exec+0x32c/0x604)
[    8.394073] [<c02ff33c>] (flush_old_exec) from [<c033bb1c>] (load_elf_binary+0x2ec/0x112c)
[    8.402770] [<c033bb1c>] (load_elf_binary) from [<c02fe658>] (search_binary_handler+0x9c/0x240)
[    8.411926] [<c02fe658>] (search_binary_handler) from [<c02ffdf4>] (do_execveat_common+0x4d8/0x5bc)
[    8.421447] [<c02ffdf4>] (do_execveat_common) from [<c02fff04>] (do_execve+0x2c/0x34)
[    8.429687] [<c02fff04>] (do_execve) from [<c020e6e0>] (ret_fast_syscall+0x0/0x34)
[    8.437622] ---[ end trace 97214eb077320822 ]---
[    8.455535] ------------[ cut here ]------------
[    8.460449] WARNING: CPU: 0 PID: 61 at mm/mmap.c:2859 exit_mmap+0x1a8/0x214()
[    8.467895] Modules linked in:
[    8.471130] CPU: 0 PID: 61 Comm: stty Tainted: G        W       3.19.0-rc5-next-20150120-00002-g8ef3de6000e3 #1
[    8.481689] Hardware name: Generic OMAP36xx (Flattened Device Tree)
[    8.488281] [<c02159bc>] (unwind_backtrace) from [<c0211444>] (show_stack+0x10/0x14)
[    8.496398] [<c0211444>] (show_stack) from [<c09228a4>] (dump_stack+0x70/0x8c)
[    8.503997] [<c09228a4>] (dump_stack) from [<c0246674>] (warn_slowpath_common+0x74/0xac)
[    8.512451] [<c0246674>] (warn_slowpath_common) from [<c02466c8>] (warn_slowpath_null+0x1c/0x24)
[    8.521667] [<c02466c8>] (warn_slowpath_null) from [<c02e314c>] (exit_mmap+0x1a8/0x214)
[    8.530059] [<c02e314c>] (exit_mmap) from [<c024403c>] (mmput+0x40/0xf8)
[    8.537078] [<c024403c>] (mmput) from [<c02485d0>] (do_exit+0x288/0x914)
[    8.544097] [<c02485d0>] (do_exit) from [<c0248d34>] (do_group_exit+0x48/0xd0)
[    8.551666] [<c0248d34>] (do_group_exit) from [<c0248dcc>] (__wake_up_parent+0x0/0x18)
[    8.559967] ---[ end trace 97214eb077320823 ]---
[    8.576904] ------------[ cut here ]------------
[    8.581848] WARNING: CPU: 0 PID: 62 at mm/mmap.c:2859 exit_mmap+0x1a8/0x214()
[    8.589324] Modules linked in:
[    8.592559] CPU: 0 PID: 62 Comm: rc Tainted: G        W       3.19.0-rc5-next-20150120-00002-g8ef3de6000e3 #1
[    8.602935] Hardware name: Generic OMAP36xx (Flattened Device Tree)
[    8.609527] [<c02159bc>] (unwind_backtrace) from [<c0211444>] (show_stack+0x10/0x14)
[    8.617645] [<c0211444>] (show_stack) from [<c09228a4>] (dump_stack+0x70/0x8c)
[    8.625213] [<c09228a4>] (dump_stack) from [<c0246674>] (warn_slowpath_common+0x74/0xac)
[    8.633697] [<c0246674>] (warn_slowpath_common) from [<c02466c8>] (warn_slowpath_null+0x1c/0x24)
[    8.642883] [<c02466c8>] (warn_slowpath_null) from [<c02e314c>] (exit_mmap+0x1a8/0x214)
[    8.651275] [<c02e314c>] (exit_mmap) from [<c024403c>] (mmput+0x40/0xf8)
[    8.658294] [<c024403c>] (mmput) from [<c02ff33c>] (flush_old_exec+0x32c/0x604)
[    8.665954] [<c02ff33c>] (flush_old_exec) from [<c033bb1c>] (load_elf_binary+0x2ec/0x112c)
[    8.674621] [<c033bb1c>] (load_elf_binary) from [<c02fe658>] (search_binary_handler+0x9c/0x240)
[    8.683746] [<c02fe658>] (search_binary_handler) from [<c033b45c>] (load_script+0x260/0x27c)
[    8.692596] [<c033b45c>] (load_script) from [<c02fe658>] (search_binary_handler+0x9c/0x240)
[    8.701324] [<c02fe658>] (search_binary_handler) from [<c02ffdf4>] (do_execveat_common+0x4d8/0x5bc)
[    8.710815] [<c02ffdf4>] (do_execveat_common) from [<c02fff04>] (do_execve+0x2c/0x34)
[    8.718994] [<c02fff04>] (do_execve) from [<c020e6e0>] (ret_fast_syscall+0x0/0x34)
[    8.726928] ---[ end trace 97214eb077320824 ]---
[    8.736663] ------------[ cut here ]------------
[    8.741607] WARNING: CPU: 0 PID: 63 at mm/mmap.c:2859 exit_mmap+0x1a8/0x214()
[    8.749084] Modules linked in:
[    8.752319] CPU: 0 PID: 63 Comm: S01psplash Tainted: G        W       3.19.0-rc5-next-20150120-00002-g8ef3de6000e3 #1
[    8.763397] Hardware name: Generic OMAP36xx (Flattened Device Tree)
[    8.769989] [<c02159bc>] (unwind_backtrace) from [<c0211444>] (show_stack+0x10/0x14)
[    8.778106] [<c0211444>] (show_stack) from [<c09228a4>] (dump_stack+0x70/0x8c)
[    8.785705] [<c09228a4>] (dump_stack) from [<c0246674>] (warn_slowpath_common+0x74/0xac)
[    8.794158] [<c0246674>] (warn_slowpath_common) from [<c02466c8>] (warn_slowpath_null+0x1c/0x24)
[    8.803375] [<c02466c8>] (warn_slowpath_null) from [<c02e314c>] (exit_mmap+0x1a8/0x214)
[    8.811767] [<c02e314c>] (exit_mmap) from [<c024403c>] (mmput+0x40/0xf8)
[    8.818786] [<c024403c>] (mmput) from [<c02ff33c>] (flush_old_exec+0x32c/0x604)
[    8.826446] [<c02ff33c>] (flush_old_exec) from [<c033bb1c>] (load_elf_binary+0x2ec/0x112c)
[    8.835083] [<c033bb1c>] (load_elf_binary) from [<c02fe658>] (search_binary_handler+0x9c/0x240)
[    8.844207] [<c02fe658>] (search_binary_handler) from [<c02ffdf4>] (do_execveat_common+0x4d8/0x5bc)
[    8.853668] [<c02ffdf4>] (do_execveat_common) from [<c02fff04>] (do_execve+0x2c/0x34)
[    8.861877] [<c02fff04>] (do_execve) from [<c020e6e0>] (ret_fast_syscall+0x0/0x34)
[    8.869781] ---[ end trace 97214eb077320825 ]---
[    8.878387] ------------[ cut here ]------------
[    8.883361] WARNING: CPU: 0 PID: 63 at mm/mmap.c:2859 exit_mmap+0x1a8/0x214()
[    8.890838] Modules linked in:
[    8.894042] CPU: 0 PID: 63 Comm: grep Tainted: G        W       3.19.0-rc5-next-20150120-00002-g8ef3de6000e3 #1
[    8.904602] Hardware name: Generic OMAP36xx (Flattened Device Tree)
[    8.911193] [<c02159bc>] (unwind_backtrace) from [<c0211444>] (show_stack+0x10/0x14)
[    8.919311] [<c0211444>] (show_stack) from [<c09228a4>] (dump_stack+0x70/0x8c)
[    8.926879] [<c09228a4>] (dump_stack) from [<c0246674>] (warn_slowpath_common+0x74/0xac)
[    8.935363] [<c0246674>] (warn_slowpath_common) from [<c02466c8>] (warn_slowpath_null+0x1c/0x24)
[    8.944549] [<c02466c8>] (warn_slowpath_null) from [<c02e314c>] (exit_mmap+0x1a8/0x214)
[    8.952941] [<c02e314c>] (exit_mmap) from [<c024403c>] (mmput+0x40/0xf8)
[    8.959960] [<c024403c>] (mmput) from [<c02485d0>] (do_exit+0x288/0x914)
[    8.966979] [<c02485d0>] (do_exit) from [<c0248d34>] (do_group_exit+0x48/0xd0)
[    8.974548] [<c0248d34>] (do_group_exit) from [<c0248dcc>] (__wake_up_parent+0x0/0x18)
[    8.982849] ---[ end trace 97214eb077320826 ]---
[    9.022735] ------------[ cut here ]------------
[    9.027679] WARNING: CPU: 0 PID: 65 at mm/mmap.c:2859 exit_mmap+0x1a8/0x214()
[    9.035156] Modules linked in:
[    9.038360] CPU: 0 PID: 65 Comm: S01psplash Tainted: G        W       3.19.0-rc5-next-20150120-00002-g8ef3de6000e3 #1
[    9.049468] Hardware name: Generic OMAP36xx (Flattened Device Tree)
[    9.056060] [<c02159bc>] (unwind_backtrace) from [<c0211444>] (show_stack+0x10/0x14)
[    9.064178] [<c0211444>] (show_stack) from [<c09228a4>] (dump_stack+0x70/0x8c)
[    9.071746] [<c09228a4>] (dump_stack) from [<c0246674>] (warn_slowpath_common+0x74/0xac)
[    9.080230] [<c0246674>] (warn_slowpath_common) from [<c02466c8>] (warn_slowpath_null+0x1c/0x24)
[    9.089416] [<c02466c8>] (warn_slowpath_null) from [<c02e314c>] (exit_mmap+0x1a8/0x214)
[    9.097808] [<c02e314c>] (exit_mmap) from [<c024403c>] (mmput+0x40/0xf8)
[    9.104827] [<c024403c>] (mmput) from [<c02ff33c>] (flush_old_exec+0x32c/0x604)
[    9.112487] [<c02ff33c>] (flush_old_exec) from [<c033bb1c>] (load_elf_binary+0x2ec/0x112c)
[    9.121185] [<c033bb1c>] (load_elf_binary) from [<c02fe658>] (search_binary_handler+0x9c/0x240)
[    9.130279] [<c02fe658>] (search_binary_handler) from [<c02ffdf4>] (do_execveat_common+0x4d8/0x5bc)
[    9.139770] [<c02ffdf4>] (do_execveat_common) from [<c02fff04>] (do_execve+0x2c/0x34)
[    9.147949] [<c02fff04>] (do_execve) from [<c020e6e0>] (ret_fast_syscall+0x0/0x34)
[    9.155883] ---[ end trace 97214eb077320827 ]---
[    9.165130] ------------[ cut here ]------------
[    9.170104] WARNING: CPU: 0 PID: 65 at mm/mmap.c:2859 exit_mmap+0x1a8/0x214()
[    9.177612] Modules linked in:
[    9.180816] CPU: 0 PID: 65 Comm: awk Tainted: G        W       3.19.0-rc5-next-20150120-00002-g8ef3de6000e3 #1
[    9.191284] Hardware name: Generic OMAP36xx (Flattened Device Tree)
[    9.197875] [<c02159bc>] (unwind_backtrace) from [<c0211444>] (show_stack+0x10/0x14)
[    9.205993] [<c0211444>] (show_stack) from [<c09228a4>] (dump_stack+0x70/0x8c)
[    9.213592] [<c09228a4>] (dump_stack) from [<c0246674>] (warn_slowpath_common+0x74/0xac)
[    9.222045] [<c0246674>] (warn_slowpath_common) from [<c02466c8>] (warn_slowpath_null+0x1c/0x24)
[    9.231262] [<c02466c8>] (warn_slowpath_null) from [<c02e314c>] (exit_mmap+0x1a8/0x214)
[    9.239654] [<c02e314c>] (exit_mmap) from [<c024403c>] (mmput+0x40/0xf8)
[    9.246673] [<c024403c>] (mmput) from [<c02485d0>] (do_exit+0x288/0x914)
[    9.253692] [<c02485d0>] (do_exit) from [<c0248d34>] (do_group_exit+0x48/0xd0)
[    9.261260] [<c0248d34>] (do_group_exit) from [<c0248dcc>] (__wake_up_parent+0x0/0x18)
[    9.269561] ---[ end trace 97214eb077320828 ]---
[    9.275604] ------------[ cut here ]------------
[    9.280487] WARNING: CPU: 0 PID: 64 at mm/mmap.c:2859 exit_mmap+0x1a8/0x214()
[    9.287933] Modules linked in:
[    9.291168] CPU: 0 PID: 64 Comm: S01psplash Tainted: G        W       3.19.0-rc5-next-20150120-00002-g8ef3de6000e3 #1
[    9.302246] Hardware name: Generic OMAP36xx (Flattened Device Tree)
[    9.308837] [<c02159bc>] (unwind_backtrace) from [<c0211444>] (show_stack+0x10/0x14)
[    9.316955] [<c0211444>] (show_stack) from [<c09228a4>] (dump_stack+0x70/0x8c)
[    9.324523] [<c09228a4>] (dump_stack) from [<c0246674>] (warn_slowpath_common+0x74/0xac)
[    9.333007] [<c0246674>] (warn_slowpath_common) from [<c02466c8>] (warn_slowpath_null+0x1c/0x24)
[    9.342193] [<c02466c8>] (warn_slowpath_null) from [<c02e314c>] (exit_mmap+0x1a8/0x214)
[    9.350585] [<c02e314c>] (exit_mmap) from [<c024403c>] (mmput+0x40/0xf8)
[    9.357604] [<c024403c>] (mmput) from [<c02485d0>] (do_exit+0x288/0x914)
[    9.364624] [<c02485d0>] (do_exit) from [<c0248d34>] (do_group_exit+0x48/0xd0)
[    9.372192] [<c0248d34>] (do_group_exit) from [<c0248dcc>] (__wake_up_parent+0x0/0x18)
[    9.380493] ---[ end trace 97214eb077320829 ]---
[    9.387207] ------------[ cut here ]------------
[    9.392150] WARNING: CPU: 0 PID: 66 at mm/mmap.c:2859 exit_mmap+0x1a8/0x214()
[    9.399658] Modules linked in:
[    9.402862] CPU: 0 PID: 66 Comm: S01psplash Tainted: G        W       3.19.0-rc5-next-20150120-00002-g8ef3de6000e3 #1
[    9.413970] Hardware name: Generic OMAP36xx (Flattened Device Tree)
[    9.420562] [<c02159bc>] (unwind_backtrace) from [<c0211444>] (show_stack+0x10/0x14)
[    9.428680] [<c0211444>] (show_stack) from [<c09228a4>] (dump_stack+0x70/0x8c)
[    9.436248] [<c09228a4>] (dump_stack) from [<c0246674>] (warn_slowpath_common+0x74/0xac)
[    9.444732] [<c0246674>] (warn_slowpath_common) from [<c02466c8>] (warn_slowpath_null+0x1c/0x24)
[    9.453918] [<c02466c8>] (warn_slowpath_null) from [<c02e314c>] (exit_mmap+0x1a8/0x214)
[    9.462310] [<c02e314c>] (exit_mmap) from [<c024403c>] (mmput+0x40/0xf8)
[    9.469329] [<c024403c>] (mmput) from [<c02ff33c>] (flush_old_exec+0x32c/0x604)
[    9.476989] [<c02ff33c>] (flush_old_exec) from [<c033bb1c>] (load_elf_binary+0x2ec/0x112c)
[    9.485656] [<c033bb1c>] (load_elf_binary) from [<c02fe658>] (search_binary_handler+0x9c/0x240)
[    9.494750] [<c02fe658>] (search_binary_handler) from [<c02ffdf4>] (do_execveat_common+0x4d8/0x5bc)
[    9.504211] [<c02ffdf4>] (do_execveat_common) from [<c02fff04>] (do_execve+0x2c/0x34)
[    9.512420] [<c02fff04>] (do_execve) from [<c020e6e0>] (ret_fast_syscall+0x0/0x34)
[    9.520385] ---[ end trace 97214eb07732082a ]---
[    9.531005] ------------[ cut here ]------------
[    9.535949] WARNING: CPU: 0 PID: 66 at mm/mmap.c:2859 exit_mmap+0x1a8/0x214()
[    9.543426] Modules linked in:
[    9.546630] CPU: 0 PID: 66 Comm: mount Tainted: G        W       3.19.0-rc5-next-20150120-00002-g8ef3de6000e3 #1
[    9.557281] Hardware name: Generic OMAP36xx (Flattened Device Tree)
[    9.563873] [<c02159bc>] (unwind_backtrace) from [<c0211444>] (show_stack+0x10/0x14)
[    9.572021] [<c0211444>] (show_stack) from [<c09228a4>] (dump_stack+0x70/0x8c)
[    9.579589] [<c09228a4>] (dump_stack) from [<c0246674>] (warn_slowpath_common+0x74/0xac)
[    9.588073] [<c0246674>] (warn_slowpath_common) from [<c02466c8>] (warn_slowpath_null+0x1c/0x24)
[    9.597259] [<c02466c8>] (warn_slowpath_null) from [<c02e314c>] (exit_mmap+0x1a8/0x214)
[    9.605651] [<c02e314c>] (exit_mmap) from [<c024403c>] (mmput+0x40/0xf8)
[    9.612670] [<c024403c>] (mmput) from [<c02485d0>] (do_exit+0x288/0x914)
[    9.619689] [<c02485d0>] (do_exit) from [<c0248d34>] (do_group_exit+0x48/0xd0)
[    9.627258] [<c0248d34>] (do_group_exit) from [<c0248dcc>] (__wake_up_parent+0x0/0x18)
[    9.635559] ---[ end trace 97214eb07732082b ]---
[    9.641662] ------------[ cut here ]------------
[    9.646606] WARNING: CPU: 0 PID: 62 at mm/mmap.c:2859 exit_mmap+0x1a8/0x214()
[    9.654083] Modules linked in:
[    9.657318] CPU: 0 PID: 62 Comm: S01psplash Tainted: G        W       3.19.0-rc5-next-20150120-00002-g8ef3de6000e3 #1
[    9.668395] Hardware name: Generic OMAP36xx (Flattened Device Tree)
[    9.674987] [<c02159bc>] (unwind_backtrace) from [<c0211444>] (show_stack+0x10/0x14)
[    9.683135] [<c0211444>] (show_stack) from [<c09228a4>] (dump_stack+0x70/0x8c)
[    9.690704] [<c09228a4>] (dump_stack) from [<c0246674>] (warn_slowpath_common+0x74/0xac)
[    9.699188] [<c0246674>] (warn_slowpath_common) from [<c02466c8>] (warn_slowpath_null+0x1c/0x24)
[    9.708374] [<c02466c8>] (warn_slowpath_null) from [<c02e314c>] (exit_mmap+0x1a8/0x214)
[    9.716766] [<c02e314c>] (exit_mmap) from [<c024403c>] (mmput+0x40/0xf8)
[    9.723785] [<c024403c>] (mmput) from [<c02485d0>] (do_exit+0x288/0x914)
[    9.730804] [<c02485d0>] (do_exit) from [<c0248d34>] (do_group_exit+0x48/0xd0)
[    9.738372] [<c0248d34>] (do_group_exit) from [<c0248dcc>] (__wake_up_parent+0x0/0x18)
[    9.746673] ---[ end trace 97214eb07732082c ]---
[    9.755462] ------------[ cut here ]------------
[    9.760314] WARNING: CPU: 0 PID: 69 at mm/mmap.c:2859 exit_mmap+0x1a8/0x214()
[    9.767791] Modules linked in:
[    9.770996] CPU: 0 PID: 69 Comm: S01psplash Tainted: G        W       3.19.0-rc5-next-20150120-00002-g8ef3de6000e3 #1
[    9.782104] Hardware name: Generic OMAP36xx (Flattened Device Tree)
[    9.788696] [<c02159bc>] (unwind_backtrace) from [<c0211444>] (show_stack+0x10/0x14)
[    9.796813] [<c0211444>] (show_stack) from [<c09228a4>] (dump_stack+0x70/0x8c)
[    9.804382] [<c09228a4>] (dump_stack) from [<c0246674>] (warn_slowpath_common+0x74/0xac)
[    9.812866] [<c0246674>] (warn_slowpath_common) from [<c02466c8>] (warn_slowpath_null+0x1c/0x24)
[    9.822082] [<c02466c8>] (warn_slowpath_null) from [<c02e314c>] (exit_mmap+0x1a8/0x214)
[    9.830444] [<c02e314c>] (exit_mmap) from [<c024403c>] (mmput+0x40/0xf8)
[    9.837463] [<c024403c>] (mmput) from [<c02ff33c>] (flush_old_exec+0x32c/0x604)
[    9.845123] [<c02ff33c>] (flush_old_exec) from [<c033bb1c>] (load_elf_binary+0x2ec/0x112c)
[    9.853790] [<c033bb1c>] (load_elf_binary) from [<c02fe658>] (search_binary_handler+0x9c/0x240)
[    9.862884] [<c02fe658>] (search_binary_handler) from [<c02ffdf4>] (do_execveat_common+0x4d8/0x5bc)
[    9.872375] [<c02ffdf4>] (do_execveat_common) from [<c02fff04>] (do_execve+0x2c/0x34)
[    9.880554] [<c02fff04>] (do_execve) from [<c020e6e0>] (ret_fast_syscall+0x0/0x34)
[    9.888488] ---[ end trace 97214eb07732082d ]---
[    9.895904] ------------[ cut here ]------------
[    9.900848] WARNING: CPU: 0 PID: 67 at mm/mmap.c:2859 exit_mmap+0x1a8/0x214()
[    9.908325] Modules linked in:
[    9.911560] CPU: 0 PID: 67 Comm: S01psplash Tainted: G        W       3.19.0-rc5-next-20150120-00002-g8ef3de6000e3 #1
[    9.922637] Hardware name: Generic OMAP36xx (Flattened Device Tree)
[    9.929229] [<c02159bc>] (unwind_backtrace) from [<c0211444>] (show_stack+0x10/0x14)
[    9.937347] [<c0211444>] (show_stack) from [<c09228a4>] (dump_stack+0x70/0x8c)
[    9.944946] [<c09228a4>] (dump_stack) from [<c0246674>] (warn_slowpath_common+0x74/0xac)
[    9.953430] [<c0246674>] (warn_slowpath_common) from [<c02466c8>] (warn_slowpath_null+0x1c/0x24)
[    9.962615] [<c02466c8>] (warn_slowpath_null) from [<c02e314c>] (exit_mmap+0x1a8/0x214)
[    9.971008] [<c02e314c>] (exit_mmap) from [<c024403c>] (mmput+0x40/0xf8)
[    9.978027] [<c024403c>] (mmput) from [<c02ff33c>] (flush_old_exec+0x32c/0x604)
[    9.985687] [<c02ff33c>] (flush_old_exec) from [<c033bb1c>] (load_elf_binary+0x2ec/0x112c)
[    9.994354] [<c033bb1c>] (load_elf_binary) from [<c02fe658>] (search_binary_handler+0x9c/0x240)
[   10.003448] [<c02fe658>] (search_binary_handler) from [<c02ffdf4>] (do_execveat_common+0x4d8/0x5bc)
[   10.012939] [<c02ffdf4>] (do_execveat_common) from [<c02fff04>] (do_execve+0x2c/0x34)
[   10.021118] [<c02fff04>] (do_execve) from [<c020e6e0>] (ret_fast_syscall+0x0/0x34)
[   10.029052] ---[ end trace 97214eb07732082e ]---
[   10.040893] ------------[ cut here ]------------
[   10.045806] WARNING: CPU: 0 PID: 71 at mm/mmap.c:2859 exit_mmap+0x1a8/0x214()
[   10.053283] Modules linked in:
[   10.056518] CPU: 0 PID: 71 Comm: rc Tainted: G        W       3.19.0-rc5-next-20150120-00002-g8ef3de6000e3 #1
[   10.066864] Hardware name: Generic OMAP36xx (Flattened Device Tree)
[   10.073486] [<c02159bc>] (unwind_backtrace) from [<c0211444>] (show_stack+0x10/0x14)
[   10.081604] [<c0211444>] (show_stack) from [<c09228a4>] (dump_stack+0x70/0x8c)
[   10.089172] [<c09228a4>] (dump_stack) from [<c0246674>] (warn_slowpath_common+0x74/0xac)
[   10.097656] [<c0246674>] (warn_slowpath_common) from [<c02466c8>] (warn_slowpath_null+0x1c/0x24)
[   10.106842] [<c02466c8>] (warn_slowpath_null) from [<c02e314c>] (exit_mmap+0x1a8/0x214)
[   10.115234] [<c02e314c>] (exit_mmap) from [<c024403c>] (mmput+0x40/0xf8)
[   10.122253] [<c024403c>] (mmput) from [<c02ff33c>] (flush_old_exec+0x32c/0x604)
[   10.129913] [<c02ff33c>] (flush_old_exec) from [<c033bb1c>] (load_elf_binary+0x2ec/0x112c)
[   10.138580] [<c033bb1c>] (load_elf_binary) from [<c02fe658>] (search_binary_handler+0x9c/0x240)
[   10.147705] [<c02fe658>] (search_binary_handler) from [<c033b45c>] (load_script+0x260/0x27c)
[   10.156524] [<c033b45c>] (load_script) from [<c02fe658>] (search_binary_handler+0x9c/0x240)
[   10.165283] [<c02fe658>] (search_binary_handler) from [<c02ffdf4>] (do_execveat_common+0x4d8/0x5bc)
[   10.174743] [<c02ffdf4>] (do_execveat_common) from [<c02fff04>] (do_execve+0x2c/0x34)
[   10.182952] [<c02fff04>] (do_execve) from [<c020e6e0>] (ret_fast_syscall+0x0/0x34)
[   10.190887] ---[ end trace 97214eb07732082f ]---
[   10.198242] ------------[ cut here ]------------
[   10.203216] WARNING: CPU: 0 PID: 72 at mm/mmap.c:2859 exit_mmap+0x1a8/0x214()
[   10.210693] Modules linked in:
[   10.213897] CPU: 0 PID: 72 Comm: rc Tainted: G        W       3.19.0-rc5-next-20150120-00002-g8ef3de6000e3 #1
[   10.224273] Hardware name: Generic OMAP36xx (Flattened Device Tree)
[   10.230895] [<c02159bc>] (unwind_backtrace) from [<c0211444>] (show_stack+0x10/0x14)
[   10.239013] [<c0211444>] (show_stack) from [<c09228a4>] (dump_stack+0x70/0x8c)
[   10.246612] [<c09228a4>] (dump_stack) from [<c0246674>] (warn_slowpath_common+0x74/0xac)
[   10.255065] [<c0246674>] (warn_slowpath_common) from [<c02466c8>] (warn_slowpath_null+0x1c/0x24)
[   10.264282] [<c02466c8>] (warn_slowpath_null) from [<c02e314c>] (exit_mmap+0x1a8/0x214)
[   10.272674] [<c02e314c>] (exit_mmap) from [<c024403c>] (mmput+0x40/0xf8)
[   10.279693] [<c024403c>] (mmput) from [<c02ff33c>] (flush_old_exec+0x32c/0x604)
[   10.287353] [<c02ff33c>] (flush_old_exec) from [<c033bb1c>] (load_elf_binary+0x2ec/0x112c)
[   10.295989] [<c033bb1c>] (load_elf_binary) from [<c02fe658>] (search_binary_handler+0x9c/0x240)
[   10.305114] [<c02fe658>] (search_binary_handler) from [<c02ffdf4>] (do_execveat_common+0x4d8/0x5bc)
[   10.314575] [<c02ffdf4>] (do_execveat_common) from [<c02fff04>] (do_execve+0x2c/0x34)
[   10.322784] [<c02fff04>] (do_execve) from [<c020e6e0>] (ret_fast_syscall+0x0/0x34)
[   10.330718] ---[ end trace 97214eb077320830 ]---
Error opening /dev/fb0: No such file or directory
[   10.341552] ------------[ cut here ]------------
[   10.348388] WARNING: CPU: 0 PID: 67 at mm/mmap.c:2859 exit_mmap+0x1a8/0x214()
[   10.355865] Modules linked in:
[   10.359039] CPU: 0 PID: 67 Comm: psplash Tainted: G        W       3.19.0-rc5-next-20150120-00002-g8ef3de6000e3 #1
[   10.369873] Hardware name: Generic OMAP36xx (Flattened Device Tree)
[   10.376464] [<c02159bc>] (unwind_backtrace) from [<c0211444>] (show_stack+0x10/0x14)
[   10.384582] [<c0211444>] (show_stack) from [<c09228a4>] (dump_stack+0x70/0x8c)
[   10.392150] [<c09228a4>] (dump_stack) from [<c0246674>] (warn_slowpath_common+0x74/0xac)
[   10.400634] [<c0246674>] (warn_slowpath_common) from [<c02466c8>] (warn_slowpath_null+0x1c/0x24)
[   10.409851] [<c02466c8>] (warn_slowpath_null) from [<c02e314c>] (exit_mmap+0x1a8/0x214)
[   10.418212] [<c02e314c>] (exit_mmap) from [<c024403c>] (mmput+0x40/0xf8)
[   10.425262] [<c024403c>] (mmput) from [<c02485d0>] (do_exit+0x288/0x914)
[   10.432281] [<c02485d0>] (do_exit) from [<c0248d34>] (do_group_exit+0x48/0xd0)
[   10.439849] [<c0248d34>] (do_group_exit) from [<c0248dcc>] (__wake_up_parent+0x0/0x18)
[   10.448150] ---[ end trace 97214eb077320831 ]---
Please wait: booting...
[   10.455169] ------------[ cut here ]------------
[   10.461822] WARNING: CPU: 0 PID: 71 at mm/mmap.c:2859 exit_mmap+0x1a8/0x214()
[   10.469329] Modules linked in:
[   10.472564] CPU: 0 PID: 71 Comm: S02banner Tainted: G        W       3.19.0-rc5-next-20150120-00002-g8ef3de6000e3 #1
[   10.483551] Hardware name: Generic OMAP36xx (Flattened Device Tree)
[   10.490142] [<c02159bc>] (unwind_backtrace) from [<c0211444>] (show_stack+0x10/0x14)
[   10.498260] [<c0211444>] (show_stack) from [<c09228a4>] (dump_stack+0x70/0x8c)
[   10.505828] [<c09228a4>] (dump_stack) from [<c0246674>] (warn_slowpath_common+0x74/0xac)
[   10.514312] [<c0246674>] (warn_slowpath_common) from [<c02466c8>] (warn_slowpath_null+0x1c/0x24)
[   10.523529] [<c02466c8>] (warn_slowpath_null) from [<c02e314c>] (exit_mmap+0x1a8/0x214)
[   10.531921] [<c02e314c>] (exit_mmap) from [<c024403c>] (mmput+0x40/0xf8)
[   10.538940] [<c024403c>] (mmput) from [<c02485d0>] (do_exit+0x288/0x914)
[   10.545959] [<c02485d0>] (do_exit) from [<c0248d34>] (do_group_exit+0x48/0xd0)
[   10.553527] [<c0248d34>] (do_group_exit) from [<c0248dcc>] (__wake_up_parent+0x0/0x18)
[   10.561828] ---[ end trace 97214eb077320832 ]---
[   10.572418] ------------[ cut here ]------------
[   10.577362] WARNING: CPU: 0 PID: 74 at mm/mmap.c:2859 exit_mmap+0x1a8/0x214()
[   10.584838] Modules linked in:
[   10.588073] CPU: 0 PID: 74 Comm: rc Tainted: G        W       3.19.0-rc5-next-20150120-00002-g8ef3de6000e3 #1
[   10.598449] Hardware name: Generic OMAP36xx (Flattened Device Tree)
[   10.605041] [<c02159bc>] (unwind_backtrace) from [<c0211444>] (show_stack+0x10/0x14)
[   10.613159] [<c0211444>] (show_stack) from [<c09228a4>] (dump_stack+0x70/0x8c)
[   10.620727] [<c09228a4>] (dump_stack) from [<c0246674>] (warn_slowpath_common+0x74/0xac)
[   10.629211] [<c0246674>] (warn_slowpath_common) from [<c02466c8>] (warn_slowpath_null+0x1c/0x24)
[   10.638427] [<c02466c8>] (warn_slowpath_null) from [<c02e314c>] (exit_mmap+0x1a8/0x214)
[   10.646820] [<c02e314c>] (exit_mmap) from [<c024403c>] (mmput+0x40/0xf8)
[   10.653839] [<c024403c>] (mmput) from [<c02ff33c>] (flush_old_exec+0x32c/0x604)
[   10.661499] [<c02ff33c>] (flush_old_exec) from [<c033bb1c>] (load_elf_binary+0x2ec/0x112c)
[   10.670135] [<c033bb1c>] (load_elf_binary) from [<c02fe658>] (search_binary_handler+0x9c/0x240)
[   10.679260] [<c02fe658>] (search_binary_handler) from [<c033b45c>] (load_script+0x260/0x27c)
[   10.688079] [<c033b45c>] (load_script) from [<c02fe658>] (search_binary_handler+0x9c/0x240)
[   10.696838] [<c02fe658>] (search_binary_handler) from [<c02ffdf4>] (do_execveat_common+0x4d8/0x5bc)
[   10.706298] [<c02ffdf4>] (do_execveat_common) from [<c02fff04>] (do_execve+0x2c/0x34)
[   10.714508] [<c02fff04>] (do_execve) from [<c020e6e0>] (ret_fast_syscall+0x0/0x34)
[   10.722442] ---[ end trace 97214eb077320833 ]---
[   10.728729] ------------[ cut here ]------------
[   10.733673] WARNING: CPU: 0 PID: 75 at mm/mmap.c:2859 exit_mmap+0x1a8/0x214()
[   10.741149] Modules linked in:
[   10.744354] CPU: 0 PID: 75 Comm: rc Tainted: G        W       3.19.0-rc5-next-20150120-00002-g8ef3de6000e3 #1
[   10.754730] Hardware name: Generic OMAP36xx (Flattened Device Tree)
[   10.761322] [<c02159bc>] (unwind_backtrace) from [<c0211444>] (show_stack+0x10/0x14)
[   10.769439] [<c0211444>] (show_stack) from [<c09228a4>] (dump_stack+0x70/0x8c)
[   10.777008] [<c09228a4>] (dump_stack) from [<c0246674>] (warn_slowpath_common+0x74/0xac)
[   10.785491] [<c0246674>] (warn_slowpath_common) from [<c02466c8>] (warn_slowpath_null+0x1c/0x24)
[   10.794677] [<c02466c8>] (warn_slowpath_null) from [<c02e314c>] (exit_mmap+0x1a8/0x214)
[   10.803070] [<c02e314c>] (exit_mmap) from [<c024403c>] (mmput+0x40/0xf8)
[   10.810089] [<c024403c>] (mmput) from [<c02ff33c>] (flush_old_exec+0x32c/0x604)
[   10.817749] [<c02ff33c>] (flush_old_exec) from [<c033bb1c>] (load_elf_binary+0x2ec/0x112c)
[   10.826416] [<c033bb1c>] (load_elf_binary) from [<c02fe658>] (search_binary_handler+0x9c/0x240)
[   10.835510] [<c02fe658>] (search_binary_handler) from [<c02ffdf4>] (do_execveat_common+0x4d8/0x5bc)
[   10.844970] [<c02ffdf4>] (do_execveat_common) from [<c02fff04>] (do_execve+0x2c/0x34)
[   10.853179] [<c02fff04>] (do_execve) from [<c020e6e0>] (ret_fast_syscall+0x0/0x34)
[   10.861114] ---[ end trace 97214eb077320834 ]---
[   10.867828] ------------[ cut here ]------------
[   10.872772] WARNING: CPU: 0 PID: 72 at mm/mmap.c:2859 exit_mmap+0x1a8/0x214()
[   10.880249] Modules linked in:
[   10.883453] CPU: 0 PID: 72 Comm: splash-write Tainted: G        W       3.19.0-rc5-next-20150120-00002-g8ef3de6000e3 #1
[   10.894744] Hardware name: Generic OMAP36xx (Flattened Device Tree)
[   10.901306] [<c02159bc>] (unwind_backtrace) from [<c0211444>] (show_stack+0x10/0x14)
[   10.909423] [<c0211444>] (show_stack) from [<c09228a4>] (dump_stack+0x70/0x8c)
[   10.917022] [<c09228a4>] (dump_stack) from [<c0246674>] (warn_slowpath_common+0x74/0xac)
[   10.925476] [<c0246674>] (warn_slowpath_common) from [<c02466c8>] (warn_slowpath_null+0x1c/0x24)
[   10.934692] [<c02466c8>] (warn_slowpath_null) from [<c02e314c>] (exit_mmap+0x1a8/0x214)
[   10.943054] [<c02e314c>] (exit_mmap) from [<c024403c>] (mmput+0x40/0xf8)
[   10.950103] [<c024403c>] (mmput) from [<c02485d0>] (do_exit+0x288/0x914)
[   10.957122] [<c02485d0>] (do_exit) from [<c0248d34>] (do_group_exit+0x48/0xd0)
[   10.964660] [<c0248d34>] (do_group_exit) from [<c0248dcc>] (__wake_up_parent+0x0/0x18)
[   10.972961] ---[ end trace 97214eb077320835 ]---
[   10.978454] ------------[ cut here ]------------
[   10.983367] WARNING: CPU: 0 PID: 70 at mm/mmap.c:2859 exit_mmap+0x1a8/0x214()
[   10.990844] Modules linked in:
[   10.994018] CPU: 0 PID: 70 Comm: rc Tainted: G        W       3.19.0-rc5-next-20150120-00002-g8ef3de6000e3 #1
[   11.004394] Hardware name: Generic OMAP36xx (Flattened Device Tree)
[   11.010986] [<c02159bc>] (unwind_backtrace) from [<c0211444>] (show_stack+0x10/0x14)
[   11.019104] [<c0211444>] (show_stack) from [<c09228a4>] (dump_stack+0x70/0x8c)
[   11.026672] [<c09228a4>] (dump_stack) from [<c0246674>] (warn_slowpath_common+0x74/0xac)
[   11.035156] [<c0246674>] (warn_slowpath_common) from [<c02466c8>] (warn_slowpath_null+0x1c/0x24)
[   11.044372] [<c02466c8>] (warn_slowpath_null) from [<c02e314c>] (exit_mmap+0x1a8/0x214)
[   11.052734] [<c02e314c>] (exit_mmap) from [<c024403c>] (mmput+0x40/0xf8)
[   11.059753] [<c024403c>] (mmput) from [<c02485d0>] (do_exit+0x288/0x914)
[   11.066802] [<c02485d0>] (do_exit) from [<c0248d34>] (do_group_exit+0x48/0xd0)
[   11.074371] [<c0248d34>] (do_group_exit) from [<c0248dcc>] (__wake_up_parent+0x0/0x18)
[   11.082641] ---[ end trace 97214eb077320836 ]---
[   11.089355] ------------[ cut here ]------------
[   11.094329] WARNING: CPU: 0 PID: 75 at mm/mmap.c:2859 exit_mmap+0x1a8/0x214()
[   11.101806] Modules linked in:
[   11.105010] CPU: 0 PID: 75 Comm: splash-write Tainted: G        W       3.19.0-rc5-next-20150120-00002-g8ef3de6000e3 #1
[   11.116271] Hardware name: Generic OMAP36xx (Flattened Device Tree)
[   11.122863] [<c02159bc>] (unwind_backtrace) from [<c0211444>] (show_stack+0x10/0x14)
[   11.130981] [<c0211444>] (show_stack) from [<c09228a4>] (dump_stack+0x70/0x8c)
[   11.138549] [<c09228a4>] (dump_stack) from [<c0246674>] (warn_slowpath_common+0x74/0xac)
[   11.147033] [<c0246674>] (warn_slowpath_common) from [<c02466c8>] (warn_slowpath_null+0x1c/0x24)
[   11.156219] [<c02466c8>] (warn_slowpath_null) from [<c02e314c>] (exit_mmap+0x1a8/0x214)
[   11.164611] [<c02e314c>] (exit_mmap) from [<c024403c>] (mmput+0x40/0xf8)
[   11.171630] [<c024403c>] (mmput) from [<c02485d0>] (do_exit+0x288/0x914)
[   11.178649] [<c02485d0>] (do_exit) from [<c0248d34>] (do_group_exit+0x48/0xd0)
[   11.186218] [<c0248d34>] (do_group_exit) from [<c0248dcc>] (__wake_up_parent+0x0/0x18)
[   11.194519] ---[ end trace 97214eb077320837 ]---
[   11.204071] ------------[ cut here ]------------
[   11.209045] WARNING: CPU: 0 PID: 73 at mm/mmap.c:2859 exit_mmap+0x1a8/0x214()
[   11.216552] Modules linked in:
[   11.219757] CPU: 0 PID: 73 Comm: rc Tainted: G        W       3.19.0-rc5-next-20150120-00002-g8ef3de6000e3 #1
[   11.230133] Hardware name: Generic OMAP36xx (Flattened Device Tree)
[   11.236724] [<c02159bc>] (unwind_backtrace) from [<c0211444>] (show_stack+0x10/0x14)
[   11.244842] [<c0211444>] (show_stack) from [<c09228a4>] (dump_stack+0x70/0x8c)
[   11.252410] [<c09228a4>] (dump_stack) from [<c0246674>] (warn_slowpath_common+0x74/0xac)
[   11.260894] [<c0246674>] (warn_slowpath_common) from [<c02466c8>] (warn_slowpath_null+0x1c/0x24)
[   11.270080] [<c02466c8>] (warn_slowpath_null) from [<c02e314c>] (exit_mmap+0x1a8/0x214)
[   11.278472] [<c02e314c>] (exit_mmap) from [<c024403c>] (mmput+0x40/0xf8)
[   11.285491] [<c024403c>] (mmput) from [<c02485d0>] (do_exit+0x288/0x914)
[   11.292510] [<c02485d0>] (do_exit) from [<c0248d34>] (do_group_exit+0x48/0xd0)
[   11.300079] [<c0248d34>] (do_group_exit) from [<c0248dcc>] (__wake_up_parent+0x0/0x18)
[   11.308380] ---[ end trace 97214eb077320838 ]---
[   11.314910] ------------[ cut here ]------------
[   11.319854] WARNING: CPU: 0 PID: 76 at mm/mmap.c:2859 exit_mmap+0x1a8/0x214()
[   11.327331] Modules linked in:
[   11.330566] CPU: 0 PID: 76 Comm: S03sysfs Tainted: G        W       3.19.0-rc5-next-20150120-00002-g8ef3de6000e3 #1
[   11.341461] Hardware name: Generic OMAP36xx (Flattened Device Tree)
[   11.348052] [<c02159bc>] (unwind_backtrace) from [<c0211444>] (show_stack+0x10/0x14)
[   11.356170] [<c0211444>] (show_stack) from [<c09228a4>] (dump_stack+0x70/0x8c)
[   11.363739] [<c09228a4>] (dump_stack) from [<c0246674>] (warn_slowpath_common+0x74/0xac)
[   11.372222] [<c0246674>] (warn_slowpath_common) from [<c02466c8>] (warn_slowpath_null+0x1c/0x24)
[   11.381408] [<c02466c8>] (warn_slowpath_null) from [<c02e314c>] (exit_mmap+0x1a8/0x214)
[   11.389831] [<c02e314c>] (exit_mmap) from [<c024403c>] (mmput+0x40/0xf8)
[   11.396850] [<c024403c>] (mmput) from [<c02ff33c>] (flush_old_exec+0x32c/0x604)
[   11.404510] [<c02ff33c>] (flush_old_exec) from [<c033bb1c>] (load_elf_binary+0x2ec/0x112c)
[   11.413177] [<c033bb1c>] (load_elf_binary) from [<c02fe658>] (search_binary_handler+0x9c/0x240)
[   11.422271] [<c02fe658>] (search_binary_handler) from [<c02ffdf4>] (do_execveat_common+0x4d8/0x5bc)
[   11.431732] [<c02ffdf4>] (do_execveat_common) from [<c02fff04>] (do_execve+0x2c/0x34)
[   11.439941] [<c02fff04>] (do_execve) from [<c020e6e0>] (ret_fast_syscall+0x0/0x34)
[   11.447875] ---[ end trace 97214eb077320839 ]---
[   11.456573] ------------[ cut here ]------------
[   11.461517] WARNING: CPU: 0 PID: 76 at mm/mmap.c:2859 exit_mmap+0x1a8/0x214()
[   11.468994] Modules linked in:
[   11.472229] CPU: 0 PID: 76 Comm: grep Tainted: G        W       3.19.0-rc5-next-20150120-00002-g8ef3de6000e3 #1
[   11.482757] Hardware name: Generic OMAP36xx (Flattened Device Tree)
[   11.489349] [<c02159bc>] (unwind_backtrace) from [<c0211444>] (show_stack+0x10/0x14)
[   11.497467] [<c0211444>] (show_stack) from [<c09228a4>] (dump_stack+0x70/0x8c)
[   11.505065] [<c09228a4>] (dump_stack) from [<c0246674>] (warn_slowpath_common+0x74/0xac)
[   11.513519] [<c0246674>] (warn_slowpath_common) from [<c02466c8>] (warn_slowpath_null+0x1c/0x24)
[   11.522735] [<c02466c8>] (warn_slowpath_null) from [<c02e314c>] (exit_mmap+0x1a8/0x214)
[   11.531127] [<c02e314c>] (exit_mmap) from [<c024403c>] (mmput+0x40/0xf8)
[   11.538146] [<c024403c>] (mmput) from [<c02485d0>] (do_exit+0x288/0x914)
[   11.545166] [<c02485d0>] (do_exit) from [<c0248d34>] (do_group_exit+0x48/0xd0)
[   11.552734] [<c0248d34>] (do_group_exit) from [<c0248dcc>] (__wake_up_parent+0x0/0x18)
[   11.561035] ---[ end trace 97214eb07732083a ]---
[   11.567504] ------------[ cut here ]------------
[   11.572479] WARNING: CPU: 0 PID: 77 at mm/mmap.c:2859 exit_mmap+0x1a8/0x214()
[   11.579956] Modules linked in:
[   11.583190] CPU: 0 PID: 77 Comm: S03sysfs Tainted: G        W       3.19.0-rc5-next-20150120-00002-g8ef3de6000e3 #1
[   11.594116] Hardware name: Generic OMAP36xx (Flattened Device Tree)
[   11.600677] [<c02159bc>] (unwind_backtrace) from [<c0211444>] (show_stack+0x10/0x14)
[   11.608795] [<c0211444>] (show_stack) from [<c09228a4>] (dump_stack+0x70/0x8c)
[   11.616394] [<c09228a4>] (dump_stack) from [<c0246674>] (warn_slowpath_common+0x74/0xac)
[   11.624847] [<c0246674>] (warn_slowpath_common) from [<c02466c8>] (warn_slowpath_null+0x1c/0x24)
[   11.634063] [<c02466c8>] (warn_slowpath_null) from [<c02e314c>] (exit_mmap+0x1a8/0x214)
[   11.642425] [<c02e314c>] (exit_mmap) from [<c024403c>] (mmput+0x40/0xf8)
[   11.649475] [<c024403c>] (mmput) from [<c02ff33c>] (flush_old_exec+0x32c/0x604)
[   11.657135] [<c02ff33c>] (flush_old_exec) from [<c033bb1c>] (load_elf_binary+0x2ec/0x112c)
[   11.665771] [<c033bb1c>] (load_elf_binary) from [<c02fe658>] (search_binary_handler+0x9c/0x240)
[   11.674896] [<c02fe658>] (search_binary_handler) from [<c02ffdf4>] (do_execveat_common+0x4d8/0x5bc)
[   11.684356] [<c02ffdf4>] (do_execveat_common) from [<c02fff04>] (do_execve+0x2c/0x34)
[   11.692565] [<c02fff04>] (do_execve) from [<c020e6e0>] (ret_fast_syscall+0x0/0x34)
[   11.700469] ---[ end trace 97214eb07732083b ]---
[   11.709014] ------------[ cut here ]------------
[   11.713989] WARNING: CPU: 0 PID: 77 at mm/mmap.c:2859 exit_mmap+0x1a8/0x214()
[   11.721466] Modules linked in:
[   11.724670] CPU: 0 PID: 77 Comm: mount Tainted: G        W       3.19.0-rc5-next-20150120-00002-g8ef3de6000e3 #1
[   11.735321] Hardware name: Generic OMAP36xx (Flattened Device Tree)
[   11.741912] [<c02159bc>] (unwind_backtrace) from [<c0211444>] (show_stack+0x10/0x14)
[   11.750061] [<c0211444>] (show_stack) from [<c09228a4>] (dump_stack+0x70/0x8c)
[   11.757629] [<c09228a4>] (dump_stack) from [<c0246674>] (warn_slowpath_common+0x74/0xac)
[   11.766113] [<c0246674>] (warn_slowpath_common) from [<c02466c8>] (warn_slowpath_null+0x1c/0x24)
[   11.775299] [<c02466c8>] (warn_slowpath_null) from [<c02e314c>] (exit_mmap+0x1a8/0x214)
[   11.783691] [<c02e314c>] (exit_mmap) from [<c024403c>] (mmput+0x40/0xf8)
[   11.790710] [<c024403c>] (mmput) from [<c02485d0>] (do_exit+0x288/0x914)
[   11.797729] [<c02485d0>] (do_exit) from [<c0248d34>] (do_group_exit+0x48/0xd0)
[   11.805297] [<c0248d34>] (do_group_exit) from [<c0248dcc>] (__wake_up_parent+0x0/0x18)
[   11.813598] ---[ end trace 97214eb07732083c ]---
[   11.819061] ------------[ cut here ]------------
[   11.824005] WARNING: CPU: 0 PID: 74 at mm/mmap.c:2859 exit_mmap+0x1a8/0x214()
[   11.831481] Modules linked in:
[   11.834686] CPU: 0 PID: 74 Comm: S03sysfs Tainted: G        W       3.19.0-rc5-next-20150120-00002-g8ef3de6000e3 #1
[   11.845581] Hardware name: Generic OMAP36xx (Flattened Device Tree)
[   11.852172] [<c02159bc>] (unwind_backtrace) from [<c0211444>] (show_stack+0x10/0x14)
[   11.860290] [<c0211444>] (show_stack) from [<c09228a4>] (dump_stack+0x70/0x8c)
[   11.867858] [<c09228a4>] (dump_stack) from [<c0246674>] (warn_slowpath_common+0x74/0xac)
[   11.876342] [<c0246674>] (warn_slowpath_common) from [<c02466c8>] (warn_slowpath_null+0x1c/0x24)
[   11.885528] [<c02466c8>] (warn_slowpath_null) from [<c02e314c>] (exit_mmap+0x1a8/0x214)
[   11.893920] [<c02e314c>] (exit_mmap) from [<c024403c>] (mmput+0x40/0xf8)
[   11.900939] [<c024403c>] (mmput) from [<c02485d0>] (do_exit+0x288/0x914)
[   11.907958] [<c02485d0>] (do_exit) from [<c0248d34>] (do_group_exit+0x48/0xd0)
[   11.915527] [<c0248d34>] (do_group_exit) from [<c0248dcc>] (__wake_up_parent+0x0/0x18)
[   11.923828] ---[ end trace 97214eb07732083d ]---
[   11.933563] ------------[ cut here ]------------
[   11.938507] WARNING: CPU: 0 PID: 79 at mm/mmap.c:2859 exit_mmap+0x1a8/0x214()
[   11.945983] Modules linked in:
[   11.949188] CPU: 0 PID: 79 Comm: rc Tainted: G        W       3.19.0-rc5-next-20150120-00002-g8ef3de6000e3 #1
[   11.959564] Hardware name: Generic OMAP36xx (Flattened Device Tree)
[   11.966156] [<c02159bc>] (unwind_backtrace) from [<c0211444>] (show_stack+0x10/0x14)
[   11.974273] [<c0211444>] (show_stack) from [<c09228a4>] (dump_stack+0x70/0x8c)
[   11.981842] [<c09228a4>] (dump_stack) from [<c0246674>] (warn_slowpath_common+0x74/0xac)
[   11.990325] [<c0246674>] (warn_slowpath_common) from [<c02466c8>] (warn_slowpath_null+0x1c/0x24)
[   11.999511] [<c02466c8>] (warn_slowpath_null) from [<c02e314c>] (exit_mmap+0x1a8/0x214)
[   12.007904] [<c02e314c>] (exit_mmap) from [<c024403c>] (mmput+0x40/0xf8)
[   12.014923] [<c024403c>] (mmput) from [<c02ff33c>] (flush_old_exec+0x32c/0x604)
[   12.022583] [<c02ff33c>] (flush_old_exec) from [<c033bb1c>] (load_elf_binary+0x2ec/0x112c)
[   12.031249] [<c033bb1c>] (load_elf_binary) from [<c02fe658>] (search_binary_handler+0x9c/0x240)
[   12.040374] [<c02fe658>] (search_binary_handler) from [<c033b45c>] (load_script+0x260/0x27c)
[   12.049194] [<c033b45c>] (load_script) from [<c02fe658>] (search_binary_handler+0x9c/0x240)
[   12.057952] [<c02fe658>] (search_binary_handler) from [<c02ffdf4>] (do_execveat_common+0x4d8/0x5bc)
[   12.067413] [<c02ffdf4>] (do_execveat_common) from [<c02fff04>] (do_execve+0x2c/0x34)
[   12.075622] [<c02fff04>] (do_execve) from [<c020e6e0>] (ret_fast_syscall+0x0/0x34)
[   12.083526] ---[ end trace 97214eb07732083e ]---
[   12.090118] ------------[ cut here ]------------
[   12.095062] WARNING: CPU: 0 PID: 80 at mm/mmap.c:2859 exit_mmap+0x1a8/0x214()
[   12.102569] Modules linked in:
[   12.105773] CPU: 0 PID: 80 Comm: rc Tainted: G        W       3.19.0-rc5-next-20150120-00002-g8ef3de6000e3 #1
[   12.116180] Hardware name: Generic OMAP36xx (Flattened Device Tree)
[   12.122772] [<c02159bc>] (unwind_backtrace) from [<c0211444>] (show_stack+0x10/0x14)
[   12.130889] [<c0211444>] (show_stack) from [<c09228a4>] (dump_stack+0x70/0x8c)
[   12.138458] [<c09228a4>] (dump_stack) from [<c0246674>] (warn_slowpath_common+0x74/0xac)
[   12.146942] [<c0246674>] (warn_slowpath_common) from [<c02466c8>] (warn_slowpath_null+0x1c/0x24)
[   12.156158] [<c02466c8>] (warn_slowpath_null) from [<c02e314c>] (exit_mmap+0x1a8/0x214)
[   12.164520] [<c02e314c>] (exit_mmap) from [<c024403c>] (mmput+0x40/0xf8)
[   12.171539] [<c024403c>] (mmput) from [<c02ff33c>] (flush_old_exec+0x32c/0x604)
[   12.179199] [<c02ff33c>] (flush_old_exec) from [<c033bb1c>] (load_elf_binary+0x2ec/0x112c)
[   12.187866] [<c033bb1c>] (load_elf_binary) from [<c02fe658>] (search_binary_handler+0x9c/0x240)
[   12.196960] [<c02fe658>] (search_binary_handler) from [<c02ffdf4>] (do_execveat_common+0x4d8/0x5bc)
[   12.206451] [<c02ffdf4>] (do_execveat_common) from [<c02fff04>] (do_execve+0x2c/0x34)
[   12.214630] [<c02fff04>] (do_execve) from [<c020e6e0>] (ret_fast_syscall+0x0/0x34)
[   12.222564] ---[ end trace 97214eb07732083f ]---
[   12.229309] ------------[ cut here ]------------
[   12.234252] WARNING: CPU: 0 PID: 80 at mm/mmap.c:2859 exit_mmap+0x1a8/0x214()
[   12.241729] Modules linked in:
[   12.244934] CPU: 0 PID: 80 Comm: splash-write Tainted: G        W       3.19.0-rc5-next-20150120-00002-g8ef3de6000e3 #1
[   12.256225] Hardware name: Generic OMAP36xx (Flattened Device Tree)
[   12.262786] [<c02159bc>] (unwind_backtrace) from [<c0211444>] (show_stack+0x10/0x14)
[   12.270904] [<c0211444>] (show_stack) from [<c09228a4>] (dump_stack+0x70/0x8c)
[   12.278503] [<c09228a4>] (dump_stack) from [<c0246674>] (warn_slowpath_common+0x74/0xac)
[   12.286956] [<c0246674>] (warn_slowpath_common) from [<c02466c8>] (warn_slowpath_null+0x1c/0x24)
[   12.296173] [<c02466c8>] (warn_slowpath_null) from [<c02e314c>] (exit_mmap+0x1a8/0x214)
[   12.304534] [<c02e314c>] (exit_mmap) from [<c024403c>] (mmput+0x40/0xf8)
[   12.311584] [<c024403c>] (mmput) from [<c02485d0>] (do_exit+0x288/0x914)
[   12.318603] [<c02485d0>] (do_exit) from [<c0248d34>] (do_group_exit+0x48/0xd0)
[   12.326171] [<c0248d34>] (do_group_exit) from [<c0248dcc>] (__wake_up_parent+0x0/0x18)
[   12.334442] ---[ end trace 97214eb077320840 ]---
[   12.344238] ------------[ cut here ]------------
[   12.349212] WARNING: CPU: 0 PID: 78 at mm/mmap.c:2859 exit_mmap+0x1a8/0x214()
[   12.356719] Modules linked in:
[   12.359924] CPU: 0 PID: 78 Comm: rc Tainted: G        W       3.19.0-rc5-next-20150120-00002-g8ef3de6000e3 #1
[   12.370269] Hardware name: Generic OMAP36xx (Flattened Device Tree)
[   12.376892] [<c02159bc>] (unwind_backtrace) from [<c0211444>] (show_stack+0x10/0x14)
[   12.385009] [<c0211444>] (show_stack) from [<c09228a4>] (dump_stack+0x70/0x8c)
[   12.392578] [<c09228a4>] (dump_stack) from [<c0246674>] (warn_slowpath_common+0x74/0xac)
[   12.401062] [<c0246674>] (warn_slowpath_common) from [<c02466c8>] (warn_slowpath_null+0x1c/0x24)
[   12.410247] [<c02466c8>] (warn_slowpath_null) from [<c02e314c>] (exit_mmap+0x1a8/0x214)
[   12.418640] [<c02e314c>] (exit_mmap) from [<c024403c>] (mmput+0x40/0xf8)
[   12.425659] [<c024403c>] (mmput) from [<c02485d0>] (do_exit+0x288/0x914)
[   12.432678] [<c02485d0>] (do_exit) from [<c0248d34>] (do_group_exit+0x48/0xd0)
[   12.440246] [<c0248d34>] (do_group_exit) from [<c0248dcc>] (__wake_up_parent+0x0/0x18)
[   12.448516] ---[ end trace 97214eb077320841 ]---
Starting udev
[   12.464965] ------------[ cut here ]------------
[   12.469940] WARNING: CPU: 0 PID: 81 at mm/mmap.c:2859 exit_mmap+0x1a8/0x214()
[   12.477416] Modules linked in:
[   12.480621] CPU: 0 PID: 81 Comm: S03udev Tainted: G        W       3.19.0-rc5-next-20150120-00002-g8ef3de6000e3 #1
[   12.491455] Hardware name: Generic OMAP36xx (Flattened Device Tree)
[   12.498046] [<c02159bc>] (unwind_backtrace) from [<c0211444>] (show_stack+0x10/0x14)
[   12.506164] [<c0211444>] (show_stack) from [<c09228a4>] (dump_stack+0x70/0x8c)
[   12.513732] [<c09228a4>] (dump_stack) from [<c0246674>] (warn_slowpath_common+0x74/0xac)
[   12.522247] [<c0246674>] (warn_slowpath_common) from [<c02466c8>] (warn_slowpath_null+0x1c/0x24)
[   12.531433] [<c02466c8>] (warn_slowpath_null) from [<c02e314c>] (exit_mmap+0x1a8/0x214)
[   12.539855] [<c02e314c>] (exit_mmap) from [<c024403c>] (mmput+0x40/0xf8)
[   12.546905] [<c024403c>] (mmput) from [<c02ff33c>] (flush_old_exec+0x32c/0x604)
[   12.554565] [<c02ff33c>] (flush_old_exec) from [<c033bb1c>] (load_elf_binary+0x2ec/0x112c)
[   12.563232] [<c033bb1c>] (load_elf_binary) from [<c02fe658>] (search_binary_handler+0x9c/0x240)
[   12.572326] [<c02fe658>] (search_binary_handler) from [<c02ffdf4>] (do_execveat_common+0x4d8/0x5bc)
[   12.581817] [<c02ffdf4>] (do_execveat_common) from [<c02fff04>] (do_execve+0x2c/0x34)
[   12.590026] [<c02fff04>] (do_execve) from [<c020e6e0>] (ret_fast_syscall+0x0/0x34)
[   12.597930] ---[ end trace 97214eb077320842 ]---
[   12.607147] ------------[ cut here ]------------
[   12.612091] WARNING: CPU: 0 PID: 81 at mm/mmap.c:2859 exit_mmap+0x1a8/0x214()
[   12.619567] Modules linked in:
[   12.622802] CPU: 0 PID: 81 Comm: awk Tainted: G        W       3.19.0-rc5-next-20150120-00002-g8ef3de6000e3 #1
[   12.633270] Hardware name: Generic OMAP36xx (Flattened Device Tree)
[   12.639862] [<c02159bc>] (unwind_backtrace) from [<c0211444>] (show_stack+0x10/0x14)
[   12.647979] [<c0211444>] (show_stack) from [<c09228a4>] (dump_stack+0x70/0x8c)
[   12.655548] [<c09228a4>] (dump_stack) from [<c0246674>] (warn_slowpath_common+0x74/0xac)
[   12.664031] [<c0246674>] (warn_slowpath_common) from [<c02466c8>] (warn_slowpath_null+0x1c/0x24)
[   12.673217] [<c02466c8>] (warn_slowpath_null) from [<c02e314c>] (exit_mmap+0x1a8/0x214)
[   12.681610] [<c02e314c>] (exit_mmap) from [<c024403c>] (mmput+0x40/0xf8)
[   12.688629] [<c024403c>] (mmput) from [<c02485d0>] (do_exit+0x288/0x914)
[   12.695648] [<c02485d0>] (do_exit) from [<c0248d34>] (do_group_exit+0x48/0xd0)
[   12.703216] [<c0248d34>] (do_group_exit) from [<c0248dcc>] (__wake_up_parent+0x0/0x18)
[   12.711517] ---[ end trace 97214eb077320843 ]---
[   12.717987] ------------[ cut here ]------------
[   12.722930] WARNING: CPU: 0 PID: 82 at mm/mmap.c:2859 exit_mmap+0x1a8/0x214()
[   12.730407] Modules linked in:
[   12.733612] CPU: 0 PID: 82 Comm: S03udev Tainted: G        W       3.19.0-rc5-next-20150120-00002-g8ef3de6000e3 #1
[   12.744445] Hardware name: Generic OMAP36xx (Flattened Device Tree)
[   12.751037] [<c02159bc>] (unwind_backtrace) from [<c0211444>] (show_stack+0x10/0x14)
[   12.759155] [<c0211444>] (show_stack) from [<c09228a4>] (dump_stack+0x70/0x8c)
[   12.766723] [<c09228a4>] (dump_stack) from [<c0246674>] (warn_slowpath_common+0x74/0xac)
[   12.775207] [<c0246674>] (warn_slowpath_common) from [<c02466c8>] (warn_slowpath_null+0x1c/0x24)
[   12.784393] [<c02466c8>] (warn_slowpath_null) from [<c02e314c>] (exit_mmap+0x1a8/0x214)
[   12.792785] [<c02e314c>] (exit_mmap) from [<c024403c>] (mmput+0x40/0xf8)
[   12.799804] [<c024403c>] (mmput) from [<c02ff33c>] (flush_old_exec+0x32c/0x604)
[   12.807464] [<c02ff33c>] (flush_old_exec) from [<c033bb1c>] (load_elf_binary+0x2ec/0x112c)
[   12.816131] [<c033bb1c>] (load_elf_binary) from [<c02fe658>] (search_binary_handler+0x9c/0x240)
[   12.825256] [<c02fe658>] (search_binary_handler) from [<c02ffdf4>] (do_execveat_common+0x4d8/0x5bc)
[   12.834716] [<c02ffdf4>] (do_execveat_common) from [<c02fff04>] (do_execve+0x2c/0x34)
[   12.842926] [<c02fff04>] (do_execve) from [<c020e6e0>] (ret_fast_syscall+0x0/0x34)
[   12.850830] ---[ end trace 97214eb077320844 ]---
[   12.859558] ------------[ cut here ]------------
[   12.864532] WARNING: CPU: 0 PID: 82 at mm/mmap.c:2859 exit_mmap+0x1a8/0x214()
[   12.872039] Modules linked in:
[   12.875213] CPU: 0 PID: 82 Comm: mount Tainted: G        W       3.19.0-rc5-next-20150120-00002-g8ef3de6000e3 #1
[   12.885864] Hardware name: Generic OMAP36xx (Flattened Device Tree)
[   12.892456] [<c02159bc>] (unwind_backtrace) from [<c0211444>] (show_stack+0x10/0x14)
[   12.900604] [<c0211444>] (show_stack) from [<c09228a4>] (dump_stack+0x70/0x8c)
[   12.908172] [<c09228a4>] (dump_stack) from [<c0246674>] (warn_slowpath_common+0x74/0xac)
[   12.916656] [<c0246674>] (warn_slowpath_common) from [<c02466c8>] (warn_slowpath_null+0x1c/0x24)
[   12.925842] [<c02466c8>] (warn_slowpath_null) from [<c02e314c>] (exit_mmap+0x1a8/0x214)
[   12.934234] [<c02e314c>] (exit_mmap) from [<c024403c>] (mmput+0x40/0xf8)
[   12.941253] [<c024403c>] (mmput) from [<c02485d0>] (do_exit+0x288/0x914)
[   12.948272] [<c02485d0>] (do_exit) from [<c0248d34>] (do_group_exit+0x48/0xd0)
[   12.955871] [<c0248d34>] (do_group_exit) from [<c0248dcc>] (__wake_up_parent+0x0/0x18)
[   12.964141] ---[ end trace 97214eb077320845 ]---
[   12.971099] ------------[ cut here ]------------
[   12.976043] WARNING: CPU: 0 PID: 83 at mm/mmap.c:2859 exit_mmap+0x1a8/0x214()
[   12.983520] Modules linked in:
[   12.986755] CPU: 0 PID: 83 Comm: S03udev Tainted: G        W       3.19.0-rc5-next-20150120-00002-g8ef3de6000e3 #1
[   12.997589] Hardware name: Generic OMAP36xx (Flattened Device Tree)
[   13.004180] [<c02159bc>] (unwind_backtrace) from [<c0211444>] (show_stack+0x10/0x14)
[   13.012298] [<c0211444>] (show_stack) from [<c09228a4>] (dump_stack+0x70/0x8c)
[   13.019866] [<c09228a4>] (dump_stack) from [<c0246674>] (warn_slowpath_common+0x74/0xac)
[   13.028350] [<c0246674>] (warn_slowpath_common) from [<c02466c8>] (warn_slowpath_null+0x1c/0x24)
[   13.037536] [<c02466c8>] (warn_slowpath_null) from [<c02e314c>] (exit_mmap+0x1a8/0x214)
[   13.045928] [<c02e314c>] (exit_mmap) from [<c024403c>] (mmput+0x40/0xf8)
[   13.052947] [<c024403c>] (mmput) from [<c02ff33c>] (flush_old_exec+0x32c/0x604)
[   13.060607] [<c02ff33c>] (flush_old_exec) from [<c033bb1c>] (load_elf_binary+0x2ec/0x112c)
[   13.069274] [<c033bb1c>] (load_elf_binary) from [<c02fe658>] (search_binary_handler+0x9c/0x240)
[   13.078369] [<c02fe658>] (search_binary_handler) from [<c02ffdf4>] (do_execveat_common+0x4d8/0x5bc)
[   13.087860] [<c02ffdf4>] (do_execveat_common) from [<c02fff04>] (do_execve+0x2c/0x34)
[   13.096038] [<c02fff04>] (do_execve) from [<c020e6e0>] (ret_fast_syscall+0x0/0x34)
[   13.103973] ---[ end trace 97214eb077320846 ]---
[   13.112213] ------------[ cut here ]------------
[   13.117156] WARNING: CPU: 0 PID: 83 at mm/mmap.c:2859 exit_mmap+0x1a8/0x214()
[   13.124633] Modules linked in:
[   13.127868] CPU: 0 PID: 83 Comm: mkdir Tainted: G        W       3.19.0-rc5-next-20150120-00002-g8ef3de6000e3 #1
[   13.138519] Hardware name: Generic OMAP36xx (Flattened Device Tree)
[   13.145111] [<c02159bc>] (unwind_backtrace) from [<c0211444>] (show_stack+0x10/0x14)
[   13.153228] [<c0211444>] (show_stack) from [<c09228a4>] (dump_stack+0x70/0x8c)
[   13.160797] [<c09228a4>] (dump_stack) from [<c0246674>] (warn_slowpath_common+0x74/0xac)
[   13.169281] [<c0246674>] (warn_slowpath_common) from [<c02466c8>] (warn_slowpath_null+0x1c/0x24)
[   13.178466] [<c02466c8>] (warn_slowpath_null) from [<c02e314c>] (exit_mmap+0x1a8/0x214)
[   13.186859] [<c02e314c>] (exit_mmap) from [<c024403c>] (mmput+0x40/0xf8)
[   13.193878] [<c024403c>] (mmput) from [<c02485d0>] (do_exit+0x288/0x914)
[   13.200897] [<c02485d0>] (do_exit) from [<c0248d34>] (do_group_exit+0x48/0xd0)
[   13.208465] [<c0248d34>] (do_group_exit) from [<c0248dcc>] (__wake_up_parent+0x0/0x18)
[   13.216735] ---[ end trace 97214eb077320847 ]---
[   13.223602] ------------[ cut here ]------------
[   13.228576] WARNING: CPU: 0 PID: 84 at mm/mmap.c:2859 exit_mmap+0x1a8/0x214()
[   13.236053] Modules linked in:
[   13.239257] CPU: 0 PID: 84 Comm: S03udev Tainted: G        W       3.19.0-rc5-next-20150120-00002-g8ef3de6000e3 #1
[   13.250091] Hardware name: Generic OMAP36xx (Flattened Device Tree)
[   13.256683] [<c02159bc>] (unwind_backtrace) from [<c0211444>] (show_stack+0x10/0x14)
[   13.264801] [<c0211444>] (show_stack) from [<c09228a4>] (dump_stack+0x70/0x8c)
[   13.272369] [<c09228a4>] (dump_stack) from [<c0246674>] (warn_slowpath_common+0x74/0xac)
[   13.280853] [<c0246674>] (warn_slowpath_common) from [<c02466c8>] (warn_slowpath_null+0x1c/0x24)
[   13.290069] [<c02466c8>] (warn_slowpath_null) from [<c02e314c>] (exit_mmap+0x1a8/0x214)
[   13.298461] [<c02e314c>] (exit_mmap) from [<c024403c>] (mmput+0x40/0xf8)
[   13.305480] [<c024403c>] (mmput) from [<c02ff33c>] (flush_old_exec+0x32c/0x604)
[   13.313140] [<c02ff33c>] (flush_old_exec) from [<c033bb1c>] (load_elf_binary+0x2ec/0x112c)
[   13.321777] [<c033bb1c>] (load_elf_binary) from [<c02fe658>] (search_binary_handler+0x9c/0x240)
[   13.330902] [<c02fe658>] (search_binary_handler) from [<c02ffdf4>] (do_execveat_common+0x4d8/0x5bc)
[   13.340362] [<c02ffdf4>] (do_execveat_common) from [<c02fff04>] (do_execve+0x2c/0x34)
[   13.348571] [<c02fff04>] (do_execve) from [<c020e6e0>] (ret_fast_syscall+0x0/0x34)
[   13.356506] ---[ end trace 97214eb077320848 ]---
[   13.364532] ------------[ cut here ]------------
[   13.369476] WARNING: CPU: 0 PID: 84 at mm/mmap.c:2859 exit_mmap+0x1a8/0x214()
[   13.376953] Modules linked in:
[   13.380157] CPU: 0 PID: 84 Comm: mkdir Tainted: G        W       3.19.0-rc5-next-20150120-00002-g8ef3de6000e3 #1
[   13.390808] Hardware name: Generic OMAP36xx (Flattened Device Tree)
[   13.397399] [<c02159bc>] (unwind_backtrace) from [<c0211444>] (show_stack+0x10/0x14)
[   13.405517] [<c0211444>] (show_stack) from [<c09228a4>] (dump_stack+0x70/0x8c)
[   13.413085] [<c09228a4>] (dump_stack) from [<c0246674>] (warn_slowpath_common+0x74/0xac)
[   13.421569] [<c0246674>] (warn_slowpath_common) from [<c02466c8>] (warn_slowpath_null+0x1c/0x24)
[   13.430755] [<c02466c8>] (warn_slowpath_null) from [<c02e314c>] (exit_mmap+0x1a8/0x214)
[   13.439147] [<c02e314c>] (exit_mmap) from [<c024403c>] (mmput+0x40/0xf8)
[   13.446166] [<c024403c>] (mmput) from [<c02485d0>] (do_exit+0x288/0x914)
[   13.453186] [<c02485d0>] (do_exit) from [<c0248d34>] (do_group_exit+0x48/0xd0)
[   13.460784] [<c0248d34>] (do_group_exit) from [<c0248dcc>] (__wake_up_parent+0x0/0x18)
[   13.469055] ---[ end trace 97214eb077320849 ]---
[   13.476470] ------------[ cut here ]------------
[   13.481414] WARNING: CPU: 0 PID: 85 at mm/mmap.c:2859 exit_mmap+0x1a8/0x214()
[   13.488891] Modules linked in:
[   13.492126] CPU: 0 PID: 85 Comm: S03udev Tainted: G        W       3.19.0-rc5-next-20150120-00002-g8ef3de6000e3 #1
[   13.502929] Hardware name: Generic OMAP36xx (Flattened Device Tree)
[   13.509521] [<c02159bc>] (unwind_backtrace) from [<c0211444>] (show_stack+0x10/0x14)
[   13.517639] [<c0211444>] (show_stack) from [<c09228a4>] (dump_stack+0x70/0x8c)
[   13.525238] [<c09228a4>] (dump_stack) from [<c0246674>] (warn_slowpath_common+0x74/0xac)
[   13.533721] [<c0246674>] (warn_slowpath_common) from [<c02466c8>] (warn_slowpath_null+0x1c/0x24)
[   13.542907] [<c02466c8>] (warn_slowpath_null) from [<c02e314c>] (exit_mmap+0x1a8/0x214)
[   13.551300] [<c02e314c>] (exit_mmap) from [<c024403c>] (mmput+0x40/0xf8)
[   13.558319] [<c024403c>] (mmput) from [<c02ff33c>] (flush_old_exec+0x32c/0x604)
[   13.565979] [<c02ff33c>] (flush_old_exec) from [<c033bb1c>] (load_elf_binary+0x2ec/0x112c)
[   13.574645] [<c033bb1c>] (load_elf_binary) from [<c02fe658>] (search_binary_handler+0x9c/0x240)
[   13.583740] [<c02fe658>] (search_binary_handler) from [<c02ffdf4>] (do_execveat_common+0x4d8/0x5bc)
[   13.593231] [<c02ffdf4>] (do_execveat_common) from [<c02fff04>] (do_execve+0x2c/0x34)
[   13.601409] [<c02fff04>] (do_execve) from [<c020e6e0>] (ret_fast_syscall+0x0/0x34)
[   13.609344] ---[ end trace 97214eb07732084a ]---
[   13.617309] ------------[ cut here ]------------
[   13.622253] WARNING: CPU: 0 PID: 85 at mm/mmap.c:2859 exit_mmap+0x1a8/0x214()
[   13.629699] Modules linked in:
[   13.632934] CPU: 0 PID: 85 Comm: uname Tainted: G        W       3.19.0-rc5-next-20150120-00002-g8ef3de6000e3 #1
[   13.643585] Hardware name: Generic OMAP36xx (Flattened Device Tree)
[   13.650177] [<c02159bc>] (unwind_backtrace) from [<c0211444>] (show_stack+0x10/0x14)
[   13.658294] [<c0211444>] (show_stack) from [<c09228a4>] (dump_stack+0x70/0x8c)
[   13.665863] [<c09228a4>] (dump_stack) from [<c0246674>] (warn_slowpath_common+0x74/0xac)
[   13.674346] [<c0246674>] (warn_slowpath_common) from [<c02466c8>] (warn_slowpath_null+0x1c/0x24)
[   13.683532] [<c02466c8>] (warn_slowpath_null) from [<c02e314c>] (exit_mmap+0x1a8/0x214)
[   13.691925] [<c02e314c>] (exit_mmap) from [<c024403c>] (mmput+0x40/0xf8)
[   13.698944] [<c024403c>] (mmput) from [<c02485d0>] (do_exit+0x288/0x914)
[   13.705993] [<c02485d0>] (do_exit) from [<c0248d34>] (do_group_exit+0x48/0xd0)
[   13.713531] [<c0248d34>] (do_group_exit) from [<c0248dcc>] (__wake_up_parent+0x0/0x18)
[   13.721832] ---[ end trace 97214eb07732084b ]---
[   13.733245] ------------[ cut here ]------------
[   13.738189] WARNING: CPU: 0 PID: 86 at mm/mmap.c:2859 exit_mmap+0x1a8/0x214()
[   13.745666] Modules linked in:
[   13.748870] CPU: 0 PID: 86 Comm: S03udev Tainted: G        W       3.19.0-rc5-next-20150120-00002-g8ef3de6000e3 #1
[   13.759704] Hardware name: Generic OMAP36xx (Flattened Device Tree)
[   13.766296] [<c02159bc>] (unwind_backtrace) from [<c0211444>] (show_stack+0x10/0x14)
[   13.774414] [<c0211444>] (show_stack) from [<c09228a4>] (dump_stack+0x70/0x8c)
[   13.781982] [<c09228a4>] (dump_stack) from [<c0246674>] (warn_slowpath_common+0x74/0xac)
[   13.790466] [<c0246674>] (warn_slowpath_common) from [<c02466c8>] (warn_slowpath_null+0x1c/0x24)
[   13.799652] [<c02466c8>] (warn_slowpath_null) from [<c02e314c>] (exit_mmap+0x1a8/0x214)
[   13.808044] [<c02e314c>] (exit_mmap) from [<c024403c>] (mmput+0x40/0xf8)
[   13.815063] [<c024403c>] (mmput) from [<c02ff33c>] (flush_old_exec+0x32c/0x604)
[   13.822723] [<c02ff33c>] (flush_old_exec) from [<c033bb1c>] (load_elf_binary+0x2ec/0x112c)
[   13.831390] [<c033bb1c>] (load_elf_binary) from [<c02fe658>] (search_binary_handler+0x9c/0x240)
[   13.840515] [<c02fe658>] (search_binary_handler) from [<c02ffdf4>] (do_execveat_common+0x4d8/0x5bc)
[   13.849975] [<c02ffdf4>] (do_execveat_common) from [<c02fff04>] (do_execve+0x2c/0x34)
[   13.858184] [<c02fff04>] (do_execve) from [<c020e6e0>] (ret_fast_syscall+0x0/0x34)
[   13.866088] ---[ end trace 97214eb07732084c ]---
[   13.969512] ------------[ cut here ]------------
[   13.974487] WARNING: CPU: 0 PID: 86 at mm/mmap.c:2859 exit_mmap+0x1a8/0x214()
[   13.981964] Modules linked in:
[   13.985168] CPU: 0 PID: 86 Comm: udevd Tainted: G        W       3.19.0-rc5-next-20150120-00002-g8ef3de6000e3 #1
[   13.995819] Hardware name: Generic OMAP36xx (Flattened Device Tree)
[   14.002410] [<c02159bc>] (unwind_backtrace) from [<c0211444>] (show_stack+0x10/0x14)
[   14.010528] [<c0211444>] (show_stack) from [<c09228a4>] (dump_stack+0x70/0x8c)
[   14.018127] [<c09228a4>] (dump_stack) from [<c0246674>] (warn_slowpath_common+0x74/0xac)
[   14.026611] [<c0246674>] (warn_slowpath_common) from [<c02466c8>] (warn_slowpath_null+0x1c/0x24)
[   14.035827] [<c02466c8>] (warn_slowpath_null) from [<c02e314c>] (exit_mmap+0x1a8/0x214)
[   14.044189] [<c02e314c>] (exit_mmap) from [<c024403c>] (mmput+0x40/0xf8)
[   14.051239] [<c024403c>] (mmput) from [<c02485d0>] (do_exit+0x288/0x914)
[   14.058258] [<c02485d0>] (do_exit) from [<c0248d34>] (do_group_exit+0x48/0xd0)
[   14.065826] [<c0248d34>] (do_group_exit) from [<c0248dcc>] (__wake_up_parent+0x0/0x18)
[   14.074096] ---[ end trace 97214eb07732084d ]---
[   14.079742] udevd (87): /proc/87/oom_adj is deprecated, please use /proc/87/oom_score_adj instead.
[   14.094696] ------------[ cut here ]------------
[   14.099639] WARNING: CPU: 0 PID: 88 at mm/mmap.c:2859 exit_mmap+0x1a8/0x214()
[   14.107116] Modules linked in:
[   14.110351] CPU: 0 PID: 88 Comm: S03udev Tainted: G        W       3.19.0-rc5-next-20150120-00002-g8ef3de6000e3 #1
[   14.121185] Hardware name: Generic OMAP36xx (Flattened Device Tree)
[   14.127777] [<c02159bc>] (unwind_backtrace) from [<c0211444>] (show_stack+0x10/0x14)
[   14.135894] [<c0211444>] (show_stack) from [<c09228a4>] (dump_stack+0x70/0x8c)
[   14.143463] [<c09228a4>] (dump_stack) from [<c0246674>] (warn_slowpath_common+0x74/0xac)
[   14.151947] [<c0246674>] (warn_slowpath_common) from [<c02466c8>] (warn_slowpath_null+0x1c/0x24)
[   14.161132] [<c02466c8>] (warn_slowpath_null) from [<c02e314c>] (exit_mmap+0x1a8/0x214)
[   14.169525] [<c02e314c>] (exit_mmap) from [<c024403c>] (mmput+0x40/0xf8)
[   14.176544] [<c024403c>] (mmput) from [<c02ff33c>] (flush_old_exec+0x32c/0x604)
[   14.184204] [<c02ff33c>] (flush_old_exec) from [<c033bb1c>] (load_elf_binary+0x2ec/0x112c)
[   14.192871] [<c033bb1c>] (load_elf_binary) from [<c02fe658>] (search_binary_handler+0x9c/0x240)
[   14.201995] [<c02fe658>] (search_binary_handler) from [<c02ffdf4>] (do_execveat_common+0x4d8/0x5bc)
[   14.211456] [<c02ffdf4>] (do_execveat_common) from [<c02fff04>] (do_execve+0x2c/0x34)
[   14.219665] [<c02fff04>] (do_execve) from [<c020e6e0>] (ret_fast_syscall+0x0/0x34)
[   14.227600] ---[ end trace 97214eb07732084e ]---
[   14.244140] ------------[ cut here ]------------
[   14.249114] WARNING: CPU: 0 PID: 88 at mm/mmap.c:2859 exit_mmap+0x1a8/0x214()
[   14.256591] Modules linked in:
[   14.259796] CPU: 0 PID: 88 Comm: udevadm Tainted: G        W       3.19.0-rc5-next-20150120-00002-g8ef3de6000e3 #1
[   14.270629] Hardware name: Generic OMAP36xx (Flattened Device Tree)
[   14.277221] [<c02159bc>] (unwind_backtrace) from [<c0211444>] (show_stack+0x10/0x14)
[   14.285339] [<c0211444>] (show_stack) from [<c09228a4>] (dump_stack+0x70/0x8c)
[   14.292907] [<c09228a4>] (dump_stack) from [<c0246674>] (warn_slowpath_common+0x74/0xac)
[   14.301391] [<c0246674>] (warn_slowpath_common) from [<c02466c8>] (warn_slowpath_null+0x1c/0x24)
[   14.310607] [<c02466c8>] (warn_slowpath_null) from [<c02e314c>] (exit_mmap+0x1a8/0x214)
[   14.319000] [<c02e314c>] (exit_mmap) from [<c024403c>] (mmput+0x40/0xf8)
[   14.326019] [<c024403c>] (mmput) from [<c02485d0>] (do_exit+0x288/0x914)
[   14.333038] [<c02485d0>] (do_exit) from [<c0248d34>] (do_group_exit+0x48/0xd0)
[   14.340637] [<c0248d34>] (do_group_exit) from [<c0248dcc>] (__wake_up_parent+0x0/0x18)
[   14.348907] ---[ end trace 97214eb07732084f ]---
[   14.355743] ------------[ cut here ]------------
[   14.360687] WARNING: CPU: 0 PID: 89 at mm/mmap.c:2859 exit_mmap+0x1a8/0x214()
[   14.368164] Modules linked in:
[   14.371368] CPU: 0 PID: 89 Comm: S03udev Tainted: G        W       3.19.0-rc5-next-20150120-00002-g8ef3de6000e3 #1
[   14.382202] Hardware name: Generic OMAP36xx (Flattened Device Tree)
[   14.388793] [<c02159bc>] (unwind_backtrace) from [<c0211444>] (show_stack+0x10/0x14)
[   14.396911] [<c0211444>] (show_stack) from [<c09228a4>] (dump_stack+0x70/0x8c)
[   14.404479] [<c09228a4>] (dump_stack) from [<c0246674>] (warn_slowpath_common+0x74/0xac)
[   14.412963] [<c0246674>] (warn_slowpath_common) from [<c02466c8>] (warn_slowpath_null+0x1c/0x24)
[   14.422180] [<c02466c8>] (warn_slowpath_null) from [<c02e314c>] (exit_mmap+0x1a8/0x214)
[   14.430572] [<c02e314c>] (exit_mmap) from [<c024403c>] (mmput+0x40/0xf8)
[   14.437591] [<c024403c>] (mmput) from [<c02ff33c>] (flush_old_exec+0x32c/0x604)
[   14.445251] [<c02ff33c>] (flush_old_exec) from [<c033bb1c>] (load_elf_binary+0x2ec/0x112c)
[   14.453887] [<c033bb1c>] (load_elf_binary) from [<c02fe658>] (search_binary_handler+0x9c/0x240)
[   14.463012] [<c02fe658>] (search_binary_handler) from [<c02ffdf4>] (do_execveat_common+0x4d8/0x5bc)
[   14.472473] [<c02ffdf4>] (do_execveat_common) from [<c02fff04>] (do_execve+0x2c/0x34)
[   14.480682] [<c02fff04>] (do_execve) from [<c020e6e0>] (ret_fast_syscall+0x0/0x34)
[   14.488586] ---[ end trace 97214eb077320850 ]---
[   14.737579] ------------[ cut here ]------------
[   14.742553] WARNING: CPU: 0 PID: 91 at mm/mmap.c:2859 exit_mmap+0x1a8/0x214()
[   14.750030] Modules linked in:
[   14.753234] CPU: 0 PID: 91 Comm: udevd Tainted: G        W       3.19.0-rc5-next-20150120-00002-g8ef3de6000e3 #1
[   14.763885] Hardware name: Generic OMAP36xx (Flattened Device Tree)
[   14.770507] [<c02159bc>] (unwind_backtrace) from [<c0211444>] (show_stack+0x10/0x14)
[   14.778625] [<c0211444>] (show_stack) from [<c09228a4>] (dump_stack+0x70/0x8c)
[   14.786193] [<c09228a4>] (dump_stack) from [<c0246674>] (warn_slowpath_common+0x74/0xac)
[   14.794677] [<c0246674>] (warn_slowpath_common) from [<c02466c8>] (warn_slowpath_null+0x1c/0x24)
[   14.803894] [<c02466c8>] (warn_slowpath_null) from [<c02e314c>] (exit_mmap+0x1a8/0x214)
[   14.812286] [<c02e314c>] (exit_mmap) from [<c024403c>] (mmput+0x40/0xf8)
[   14.819305] [<c024403c>] (mmput) from [<c02485d0>] (do_exit+0x288/0x914)
[   14.826324] [<c02485d0>] (do_exit) from [<c0248d34>] (do_group_exit+0x48/0xd0)
[   14.833892] [<c0248d34>] (do_group_exit) from [<c0248dcc>] (__wake_up_parent+0x0/0x18)
[   14.842163] ---[ end trace 97214eb077320851 ]---
[   14.852600] ------------[ cut here ]------------
[   14.857543] WARNING: CPU: 0 PID: 90 at mm/mmap.c:2859 exit_mmap+0x1a8/0x214()
[   14.865020] Modules linked in:
[   14.868255] CPU: 0 PID: 90 Comm: udevd Tainted: G        W       3.19.0-rc5-next-20150120-00002-g8ef3de6000e3 #1
[   14.878906] Hardware name: Generic OMAP36xx (Flattened Device Tree)
[   14.885498] [<c02159bc>] (unwind_backtrace) from [<c0211444>] (show_stack+0x10/0x14)
[   14.893615] [<c0211444>] (show_stack) from [<c09228a4>] (dump_stack+0x70/0x8c)
[   14.901184] [<c09228a4>] (dump_stack) from [<c0246674>] (warn_slowpath_common+0x74/0xac)
[   14.909667] [<c0246674>] (warn_slowpath_common) from [<c02466c8>] (warn_slowpath_null+0x1c/0x24)
[   14.918853] [<c02466c8>] (warn_slowpath_null) from [<c02e314c>] (exit_mmap+0x1a8/0x214)
[   14.927246] [<c02e314c>] (exit_mmap) from [<c024403c>] (mmput+0x40/0xf8)
[   14.934265] [<c024403c>] (mmput) from [<c02485d0>] (do_exit+0x288/0x914)
[   14.941284] [<c02485d0>] (do_exit) from [<c0248d34>] (do_group_exit+0x48/0xd0)
[   14.948852] [<c0248d34>] (do_group_exit) from [<c0248dcc>] (__wake_up_parent+0x0/0x18)
[   14.957153] ---[ end trace 97214eb077320852 ]---
[   14.967407] ------------[ cut here ]------------
[   14.972351] WARNING: CPU: 0 PID: 94 at mm/mmap.c:2859 exit_mmap+0x1a8/0x214()
[   14.979827] Modules linked in:
[   14.983062] CPU: 0 PID: 94 Comm: udevd Tainted: G        W       3.19.0-rc5-next-20150120-00002-g8ef3de6000e3 #1
[   14.993682] Hardware name: Generic OMAP36xx (Flattened Device Tree)
[   15.000274] [<c02159bc>] (unwind_backtrace) from [<c0211444>] (show_stack+0x10/0x14)
[   15.008392] [<c0211444>] (show_stack) from [<c09228a4>] (dump_stack+0x70/0x8c)
[   15.015991] [<c09228a4>] (dump_stack) from [<c0246674>] (warn_slowpath_common+0x74/0xac)
[   15.024444] [<c0246674>] (warn_slowpath_common) from [<c02466c8>] (warn_slowpath_null+0x1c/0x24)
[   15.033660] [<c02466c8>] (warn_slowpath_null) from [<c02e314c>] (exit_mmap+0x1a8/0x214)
[   15.042053] [<c02e314c>] (exit_mmap) from [<c024403c>] (mmput+0x40/0xf8)
