- 02:36:13 [INFO] Starting target session
- 02:36:13 [INFO] Connected to am37x-evm via serial 
- 02:36:13 [INFO] Host: #check prompt
- 02:36:16 [ERROR] On command: #check prompt waiting for #check prompt.+?(?-mix:((?-mix:login:)|[Pp]assword)) >>> error: execution expired
- 02:36:16 [INFO] Target: 
#check prompt
root@am37x-evm:/test# 
- 02:36:16 [INFO] Host: #check prompt
- 02:36:16 [INFO] Target: 
#check prompt
root@am37x-evm:/test# 
- 02:36:16 [INFO] Host: sync;poweroff
- 02:36:28 [INFO] Target: 
sync;poweroff
Broadcast message from root (ttyO0) (Wed Jun 29 14:24:55 2016):
The system is going jroot@am37x-evm:/test# 
INIT: Sending processes the TERM signal
Stopping Dropbear SSH server: stopped /usr/sbin/dropbear (pid 1638)
dropbear.
Stopping telnet daemon.
Stopping Hardware abstraction layer hald
Stopping system message bus: stopped process in pidfile '/var/run/dbus/pid' (pid 1598)
dbus.
Stopping network benchmark server: netserverstopped /usr/sbin/netserver (pid 1648)
Error opening /dev/fb0: No such file or directory
Stopping thttpd.
ALSA: Storing mixer settings...
/usr/sbin/alsactl: save_state:1519: No soundcards found...
Deconfiguring network interfaces... done.
Stopping Lighttpd Web Server: stopped /usr/sbin/lighttpd (pid 1672)
lighttpd.
Stopping syslogd/klogd: stopped syslogd (pid 1653)
stopped klogd (pid 1655)
done
Stopping Matrix GUI applicationstart-stop-daemon: warning: killing process 0: No such process
***************************************************************
***************************************************************
NOTICE: This file system contains the followin GPLv3 packages:
	binutils-dev
	binutils-symlinks
	binutils
	gdbserver
If you do not wish to distribute GPLv3 components please remove
the above packages prior to distribution.  This can be done using
the opkg remove command.  i.e.:
    opkg remove <package>
Where <package> is the name printed in the list above
NOTE: If the package is a dependency of another package you
      will be notified of the dependent packages.  You should
      use the --force-removal-of-dependent-packages option to
      also remove the dependent packages as well
***************************************************************
***************************************************************
Sending all processes the TERM signal...
Sending all processes the KILL signal...
hwclock: can't open '/dev/misc/rtc': No such file or directory
Unmounting remote filesystems...
Deactivating swap...
Unmounting local filesystems...
[ 3578.338653] EXT4-fs (mmcblk0p2): re-mounted. Opts: (null)
[ 3580.602539] reboot: Power down
[ 3580.605804] ------------[ cut here ]------------
[ 3580.610687] WARNING: CPU: 0 PID: 1912 at kernel/locking/lockdep.c:2876 lockdep_trace_alloc+0x100/0x120
[ 3580.620452] DEBUG_LOCKS_WARN_ON(irqs_disabled_flags(flags))[ 3580.626129] Modules linked in:
[ 3580.629364] CPU: 0 PID: 1912 Comm: halt Not tainted 4.9.0-rc3-00002-ge66e437babc5 #3
[ 3580.637512] Hardware name: Generic OMAP36xx (Flattened Device Tree)
[ 3580.644104] [<c
- 02:36:28 [INFO] Disconnected serial from am37x-evm
- 02:36:29 [INFO] Connected to am37x-evm via serial 
- 02:36:29 [INFO] Host: 
- 02:36:31 [INFO] Target: 
U-Boot SPL 2015.07-00043-gaada495 (Nov 09 2015 - 12:23:36)
reading u-boot.img
reading u-boot.img
U-Boot 2015.07-00043-gaada495 (Nov 09 2015 - 12:23:36 -0500)
OMAP3630/3730-GP ES1.2, CPU-OPP2, L3-200MHz, Max CPU Clock 1 Ghz
OMAP3 EVM board + LPDDR/NAND
I2C:   ready
DRAM:  256 MiB
NAND:  512 MiB
MMC:   OMAP SD/MMC: 0
Error: Bad compare! failed
NAND read from offset 260000 failed -74
*** Warning - readenv() failed, using default environment
In:    serial
Out:   serial
Err:   serial
Read back SMSC id 0x92200000
Die ID #16d400029ff80000015f02690c019016
Net:   smc911x-0
Warning: Your board does not use generic board. Please read
doc/README.generic-board and take action. Boards not
upgraded by the late 2014 may break or be removed.
Hit any key to stop autoboot:  3  0 
OMAP3_EVM # 
OMAP3_EVM #  
OMAP3_EVM #  
OMAP3_EVM #  
OMAP3_EVM #  
OMAP3_EVM #  
OMAP3_EVM #  
OMAP3_EVM #  
OMAP3_EVM #  
- 02:36:31 [INFO] Host: 
- 02:36:31 [INFO] Target: 
OMAP3_EVM # 
- 02:36:31 [INFO] Host: version
- 02:36:31 [INFO] Target: 
version
U-Boot 2015.07-00043-gaada495 (Nov 09 2015 - 12:23:36 -0500)
arm-linux-gnueabihf-gcc (crosstool-NG linaro-1.13.1-4.7-2013.03-20130313 - Linaro GCC 2013.03) 4.7.3 20130226 (prerelease)
GNU ld (crosstool-NG linaro-1.13.1-4.7-2013.03-20130313 - Linaro GCC 2013.03) 2.23.1
OMAP3_EVM # 
- 02:36:31 [INFO] Host: setenv bootargs 'console=ttyO0,115200n8 earlyprintk=serial,ttyO0,115200n8  '
- 02:36:31 [INFO] Target: 
setenv bootargs 'console=ttyO0,115200n8 earlyprintk=serial,ttyO0,115200n8  '
OMAP3_EVM # 
- 02:36:31 [INFO] Host: setenv bootcmd  ''
- 02:36:31 [INFO] Target: 
setenv bootcmd  ''
OMAP3_EVM # 
- 02:36:31 [INFO] Host: setenv autoload 'no'
- 02:36:32 [INFO] Target: 
setenv autoload 'no'
OMAP3_EVM # 
- 02:36:32 [INFO] Host: setenv serverip '192.168.0.1'
- 02:36:32 [INFO] Target: 
setenv serverip '192.168.0.1'
OMAP3_EVM # 
- 02:36:32 [INFO] Host: setenv _initramfs -
- 02:36:32 [INFO] Target: 
setenv _initramfs -
OMAP3_EVM # 
- 02:36:32 [INFO] Host: printenv
- 02:36:32 [INFO] Target: 
printenv
_initramfs=-
autoload=no
baudrate=115200
bootargs=console=ttyO0,115200n8 earlyprintk=serial,ttyO0,115200n8  
bootcmd=
bootdelay=3
bootfile=uImage
bootscript=echo Running bootscript from mmc ...; source ${loadaddr}
console=ttyO0,115200n8
dieid#=16d400029ff80000015f02690c019016
ethact=smc911x-0
ethaddr=00:50:c2:7e:93:ba
loadaddr=0x82000000
loadbootscript=fatload mmc ${mmcdev} ${loadaddr} boot.scr
loaduimage=fatload mmc ${mmcdev} ${loadaddr} uImage
mmcargs=setenv bootargs console=${console} root=/dev/mmcblk0p2 rw rootfstype=ext3 rootwait
mmcboot=echo Booting from mmc ...; run mmcargs; bootm ${loadaddr}
mmcdev=0
nandargs=setenv bootargs console=${console} root=/dev/mtdblock4 rw rootfstype=jffs2
nandboot=echo Booting from nand ...; run nandargs; onenand read ${loadaddr} 280000 400000; bootm ${loadaddr}
serverip=192.168.0.1
stderr=serial
stdin=serial
stdout=serial
usbtty=cdc_acm
Environment size: 937/131068 bytes
OMAP3_EVM # 
- 02:36:32 [INFO] Host: printenv
- 02:36:32 [INFO] Target: 
printenv
_initramfs=-
autoload=no
baudrate=115200
bootargs=console=ttyO0,115200n8 earlyprintk=serial,ttyO0,115200n8  
bootcmd=
bootdelay=3
bootfile=uImage
bootscript=echo Running bootscript from mmc ...; source ${loadaddr}
console=ttyO0,115200n8
dieid#=16d400029ff80000015f02690c019016
ethact=smc911x-0
ethaddr=00:50:c2:7e:93:ba
loadaddr=0x82000000
loadbootscript=fatload mmc ${mmcdev} ${loadaddr} boot.scr
loaduimage=fatload mmc ${mmcdev} ${loadaddr} uImage
mmcargs=setenv bootargs console=${console} root=/dev/mmcblk0p2 rw rootfstype=ext3 rootwait
mmcboot=echo Booting from mmc ...; run mmcargs; bootm ${loadaddr}
mmcdev=0
nandargs=setenv bootargs console=${console} root=/dev/mtdblock4 rw rootfstype=jffs2
nandboot=echo Booting from nand ...; run nandargs; onenand read ${loadaddr} 280000 400000; bootm ${loadaddr}
serverip=192.168.0.1
stderr=serial
stdin=serial
stdout=serial
usbtty=cdc_acm
Environment size: 937/131068 bytes
OMAP3_EVM # 
- 02:36:32 [INFO] Host: setenv bootargs ''${bootargs}' ip=:::::eth0:dhcp '
- 02:36:32 [INFO] Target: 
setenv bootargs ''${bootargs}' ip=:::::eth0:dhcp '
OMAP3_EVM # 
- 02:36:32 [INFO] Host: setenv serverip '192.168.0.1'
- 02:36:32 [INFO] Target: 
setenv serverip '192.168.0.1'
OMAP3_EVM # 
- 02:36:32 [INFO] Host: setenv autoload 'no'
- 02:36:32 [INFO] Target: 
setenv autoload 'no'
OMAP3_EVM # 
- 02:36:32 [INFO] Host: dhcp
- 02:36:35 [INFO] Target: 
dhcp
smc911x: MAC 00:50:c2:7e:93:ba
smc911x: detected LAN9220 controller
smc911x: phy initialized
smc911x: MAC 00:50:c2:7e:93:ba
BOOTP broadcast 1
BOOTP broadcast 2
BOOTP broadcast 3
DHCP client bound to address 192.168.0.186 (1003 ms)
smc911x: MAC 00:50:c2:7e:93:ba
OMAP3_EVM # 
- 02:36:35 [INFO] Host: tftp ${loadaddr} 192.168.0.1:vatf_am37x-evm/5230ae5f8b28fb246ea0b49216d1829a
- 02:36:39 [INFO] Target: 
tftp ${loadaddr} 192.168.0.1:vatf_am37x-evm/5230ae5f8b28fb246ea0b49216d1829a
smc911x: MAC 00:50:c2:7e:93:ba
smc911x: detected LAN9220 controller
smc911x: phy initialized
smc911x: MAC 00:50:c2:7e:93:ba
Using smc911x-0 device
TFTP from server 192.168.0.1; our IP address is 192.168.0.186
Filename 'vatf_am37x-evm/5230ae5f8b28fb246ea0b49216d1829a'.
Load address: 0x82000000
Loading: *#################################################################
	 #################################################################
	 #################################################################
	 #################################################################
	 #################################################################
	 #################################################################
	 #################################################################
	 ##############################
	 3.2 MiB/s
done
Bytes transferred = 7118728 (6c9f88 hex)
smc911x: MAC 00:50:c2:7e:93:ba
OMAP3_EVM # 
- 02:36:39 [INFO] Host: ls mmc 0:1
- 02:36:39 [INFO] Target: 
ls mmc 0:1
ls - list files in a directory (default /)
Usage:
ls [ directory ]
OMAP3_EVM # 
- 02:36:39 [INFO] Host: ls mmc 0:2
- 02:36:39 [INFO] Target: 
ls mmc 0:2
ls - list files in a directory (default /)
Usage:
ls [ directory ]
OMAP3_EVM # 
- 02:36:39 [INFO] Host: ls mmc 0:3
- 02:36:39 [INFO] Target: 
ls mmc 0:3
ls - list files in a directory (default /)
Usage:
ls [ directory ]
OMAP3_EVM # 
- 02:36:39 [INFO] Host: ls mmc 0:4
- 02:36:39 [INFO] Target: 
ls mmc 0:4
ls - list files in a directory (default /)
Usage:
ls [ directory ]
OMAP3_EVM # 
- 02:36:39 [INFO] Host: ls mmc 0:5
- 02:36:39 [INFO] Target: 
ls mmc 0:5
ls - list files in a directory (default /)
Usage:
ls [ directory ]
OMAP3_EVM # 
- 02:36:39 [INFO] Host: part uuid mmc 0:
- 02:36:39 [INFO] Target: 
part uuid mmc 0:
Unknown command 'part' - try 'help'
OMAP3_EVM # 
- 02:36:39 [INFO] Host: printenv
- 02:36:39 [INFO] Target: 
printenv
_initramfs=-
autoload=no
baudrate=115200
bootargs=console=ttyO0,115200n8 earlyprintk=serial,ttyO0,115200n8   ip=:::::eth0:dhcp 
bootcmd=
bootdelay=3
bootfile=uImage
bootscript=echo Running bootscript from mmc ...; source ${loadaddr}
console=ttyO0,115200n8
dieid#=16d400029ff80000015f02690c019016
ethact=smc911x-0
ethaddr=00:50:c2:7e:93:ba
fileaddr=82000000
filesize=6c9f88
gatewayip=192.168.0.1
ipaddr=192.168.0.186
loadaddr=0x82000000
loadbootscript=fatload mmc ${mmcdev} ${loadaddr} boot.scr
loaduimage=fatload mmc ${mmcdev} ${loadaddr} uImage
mmcargs=setenv bootargs console=${console} root=/dev/mmcblk0p2 rw rootfstype=ext3 rootwait
mmcboot=echo Booting from mmc ...; run mmcargs; bootm ${loadaddr}
mmcdev=0
nandargs=setenv bootargs console=${console} root=/dev/mtdblock4 rw rootfstype=jffs2
nandboot=echo Booting from nand ...; run nandargs; onenand read ${loadaddr} 280000 400000; bootm ${loadaddr}
netmask=255.255.255.0
serverip=192.168.0.1
stderr=serial
stdin=serial
stdout=serial
usbtty=cdc_acm
Environment size: 1065/131068 bytes
OMAP3_EVM # 
- 02:36:39 [INFO] Host: setenv bootargs ''${bootargs}' root=/dev/mmcblk0p2 rw rootfstype=ext3 rootwait '
- 02:36:40 [INFO] Target: 
setenv bootargs ''${bootargs}' root=/dev/mmcblk0p2 rw rootfstype=ext3 rootwait '
OMAP3_EVM # 
- 02:36:40 [INFO] Host: printenv
- 02:36:40 [INFO] Target: 
printenv
_initramfs=-
autoload=no
baudrate=115200
bootargs=console=ttyO0,115200n8 earlyprintk=serial,ttyO0,115200n8   ip=:::::eth0:dhcp  root=/dev/mmcblk0p2 rw rootfstype=ext3 rootwait 
bootcmd=
bootdelay=3
bootfile=uImage
bootscript=echo Running bootscript from mmc ...; source ${loadaddr}
console=ttyO0,115200n8
dieid#=16d400029ff80000015f02690c019016
ethact=smc911x-0
ethaddr=00:50:c2:7e:93:ba
fileaddr=82000000
filesize=6c9f88
gatewayip=192.168.0.1
ipaddr=192.168.0.186
loadaddr=0x82000000
loadbootscript=fatload mmc ${mmcdev} ${loadaddr} boot.scr
loaduimage=fatload mmc ${mmcdev} ${loadaddr} uImage
mmcargs=setenv bootargs console=${console} root=/dev/mmcblk0p2 rw rootfstype=ext3 rootwait
mmcboot=echo Booting from mmc ...; run mmcargs; bootm ${loadaddr}
mmcdev=0
nandargs=setenv bootargs console=${console} root=/dev/mtdblock4 rw rootfstype=jffs2
nandboot=echo Booting from nand ...; run nandargs; onenand read ${loadaddr} 280000 400000; bootm ${loadaddr}
netmask=255.255.255.0
serverip=192.168.0.1
stderr=serial
stdin=serial
stdout=serial
usbtty=cdc_acm
Environment size: 1114/131068 bytes
OMAP3_EVM # 
- 02:36:40 [INFO] Host: setenv bootcmd ''${bootcmd}' if iminfo ${loadaddr}; then bootm ${loadaddr} ${_initramfs} ; else bootz ${loadaddr} ${_initramfs} ; bootm ${loadaddr} ${_initramfs} ; fi'
- 02:36:40 [INFO] Target: 
setenv bootcmd ''${bootcmd}' if iminfo ${loadaddr}; then bootm ${loadaddr} ${_initramfs} ; else bootz ${loadaddr} ${_initramfs} ; bootm ${loadaddr} ${_initramfs} ; fi'
OMAP3_EVM # 
- 02:36:40 [INFO] Host: version
- 02:36:40 [INFO] Target: 
version
U-Boot 2015.07-00043-gaada495 (Nov 09 2015 - 12:23:36 -0500)
arm-linux-gnueabihf-gcc (crosstool-NG linaro-1.13.1-4.7-2013.03-20130313 - Linaro GCC 2013.03) 4.7.3 20130226 (prerelease)
GNU ld (crosstool-NG linaro-1.13.1-4.7-2013.03-20130313 - Linaro GCC 2013.03) 2.23.1
OMAP3_EVM # 
- 02:36:40 [INFO] Host: bdinfo
- 02:36:40 [INFO] Target: 
bdinfo
arch_number = 0x000005FF
boot_params = 0x80000100
DRAM bank   = 0x00000000
-> start    = 0x80000000
-> size     = 0x10000000
DRAM bank   = 0x00000001
-> start    = 0x90000000
-> size     = 0x00000000
eth0name    = smc911x-0
ethaddr     = 00:50:c2:7e:93:ba
current eth = smc911x-0
ip_addr     = 192.168.0.186
baudrate    = 115200 bps
TLB addr    = 0x8FFF0000
relocaddr   = 0x8FF61000
reloc off   = 0x0FE61000
irq_sp      = 0x8FF00F24
sp start    = 0x8FF00F18
OMAP3_EVM # 
- 02:36:40 [INFO] Host: mmc rescan; echo $?
- 02:36:40 [INFO] Target: 
mmc rescan; echo $?
OMAP3_EVM # 
- 02:36:40 [INFO] Host: fatwrite mmc ${mmcdev}:1 ${loadaddr} ws-calibrate.rules 4
- 02:36:40 [INFO] Target: 
fatwrite mmc ${mmcdev}:1 ${loadaddr} ws-calibrate.rules 4
Unknown command 'fatwrite' - try 'help'
OMAP3_EVM # 
- 02:36:40 [INFO] Host: boot
- 02:37:13 [INFO] Target: 
boot
Unknown command 'iminfo' - try 'help'
Unknown command 'bootz' - try 'help'
## Booting kernel from Legacy Image at 82000000 ...
   Image Name:   Linux-4.9.0-rc3-00002-ge66e437ba
   Image Type:   ARM Linux Kernel Image (uncompressed)
   Data Size:    7118664 Bytes = 6.8 MiB
   Load Address: 81000000
   Entry Point:  81000000
   Verifying Checksum ... OK
   Loading Kernel Image ... OK
Starting kernel ...
[    0.000000] Booting Linux on physical CPU 0x0
[    0.000000] Linux version 4.9.0-rc3-00002-ge66e437babc5 (nmenon@horus) (gcc version 4.9.3 20150413 (prerelease) (Linaro GCC 4.9-2015.05) ) #3 SMP Mon Oct 31 01:30:51 CDT 2016
[    0.000000] CPU: ARMv7 Processor [413fc082] revision 2 (ARMv7), cr=10c5387d
[    0.000000] CPU: PIPT / VIPT nonaliasing data cache, VIPT aliasing instruction cache
[    0.000000] OF: fdt:Machine model: TI OMAP37XX EVM (TMDSEVM3730)
[    0.000000] efi: Getting EFI parameters from FDT:
[    0.000000] efi: UEFI not found.
[    0.000000] cma: Reserved 64 MiB at 0x8b800000
[    0.000000] Memory policy: Data cache writeback
[    0.000000] CPU: All CPU(s) started in SVC mode.
[    0.000000] OMAP3630 ES1.2 (
[    0.000000] l2cache 
[    0.000000] iva 
[    0.000000] sgx 
[    0.000000] neon 
[    0.000000] isp 
[    0.000000] 192mhz_clk 
[    0.000000] )
[    0.000000] percpu: Embedded 14 pages/cpu @cfb91000 s26624 r8192 d22528 u57344
[    0.000000] Built 1 zonelists in Zone order, mobility grouping on.  Total pages: 64512
[    0.000000] Kernel command line: console=ttyO0,115200n8 earlyprintk=serial,ttyO0,115200n8   ip=:::::eth0:dhcp  root=/dev/mmcblk0p2 rw rootfstype=ext3 rootwait 
[    0.000000] PID hash table entries: 1024 (order: 0, 4096 bytes)
[    0.000000] Dentry cache hash table entries: 32768 (order: 5, 131072 bytes)
[    0.000000] Inode-cache hash table entries: 16384 (order: 4, 65536 bytes)
[    0.000000] Memory: 173932K/260096K available (9216K kernel code, 1126K rwdata, 3868K rodata, 2048K init, 343K bss, 20628K reserved, 65536K cma-reserved, 0K highmem)
[    0.000000] Virtual kernel memory layout:
[    0.000000]     vector  : 0xffff0000 - 0xffff1000   (   4 kB)
[    0.000000]     fixmap  : 0xffc00000 - 0xfff00000   (3072 kB)
[    0.000000]     vmalloc : 0xd0800000 - 0xff800000   ( 752 MB)
[    0.000000]     lowmem  : 0xc0000000 - 0xd0000000   ( 256 MB)
[    0.000000]     pkmap   : 0xbfe00000 - 0xc0000000   (   2 MB)
[    0.000000]     modules : 0xbf000000 - 0xbfe00000   (  14 MB)
[    0.000000]       .text : 0xc0208000 - 0xc0c00000   (10208 kB)
[    0.000000]       .init : 0xc1100000 - 0xc1300000   (2048 kB)
[    0.000000]       .data : 0xc1300000 - 0xc14198a0   (1127 kB)
[    0.000000]        .bss : 0xc141b000 - 0xc1470f88   ( 344 kB)
[    0.000000] SLUB: HWalign=64, Order=0-3, MinObjects=0, CPUs=1, Nodes=1
[    0.000000] Hierarchical RCU implementation.
[    0.000000] 	Build-time adjustment of leaf fanout to 32.
[    0.000000] 	RCU restricting CPUs from NR_CPUS=16 to nr_cpu_ids=1.
[    0.000000] RCU: Adjusting geometry for rcu_fanout_leaf=32, nr_cpu_ids=1
[    0.000000] NR_IRQS:16 nr_irqs:16 16
[    0.000000] IRQ: Found an INTC at 0xfa200000 (revision 4.0) with 96 interrupts
[    0.000000] Clocking rate (Crystal/Core/MPU): 26.0/400/600 MHz
[    0.000000] OMAP clockevent source: timer1 at 32768 Hz
[    0.000000] clocksource: 32k_counter: mask: 0xffffffff max_cycles: 0xffffffff, max_idle_ns: 58327039986419 ns
[    0.000030] sched_clock: 32 bits at 32kHz, resolution 30517ns, wraps every 65535999984741ns
[    0.000030] OMAP clocksource: 32k_counter at 32768 Hz
[    0.003326] Console: colour dummy device 80x30
[    0.003387] Calibrating delay loop... 594.73 BogoMIPS (lpj=1486848)
[    0.034240] pid_max: default: 32768 minimum: 301
[    0.034393] Mount-cache hash table entries: 1024 (order: 0, 4096 bytes)
[    0.034423] Mountpoint-cache hash table entries: 1024 (order: 0, 4096 bytes)
[    0.035308] CPU: Testing write buffer coherency: ok
[    0.035675] CPU0: thread -1, cpu 0, socket -1, mpidr 0
[    0.035736] Setting up static identity map for 0x80300000 - 0x80300098
[    0.044830] EFI services will not be available.
[    0.045196] Brought up 1 CPUs
[    0.045227] SMP: Total of 1 processors activated (594.73 BogoMIPS).
[    0.045227] CPU: All CPU(s) started in SVC mode.
[    0.047119] devtmpfs: initialized
[    0.081451] VFP support v0.3: implementor 41 architecture 3 part 30 variant c rev 3
[    0.082427] clocksource: jiffies: mask: 0xffffffff max_cycles: 0xffffffff, max_idle_ns: 9556302231375000 ns
[    0.086334] pinctrl core: initialized pinctrl subsystem
[    0.089813] NET: Registered protocol family 16
[    0.092590] DMA: preallocated 256 KiB pool for atomic coherent allocations
[    0.119964] omap_hwmod: mcbsp2_sidetone using broken dt data from mcbsp
[    0.120758] omap_hwmod: mcbsp3_sidetone using broken dt data from mcbsp
[    0.190612] cpuidle: using governor menu
[    0.191314] Reprogramming SDRC clock to 400000000 Hz
[    0.201721] OMAP GPIO hardware version 2.5
[    0.219604] irq: no irq domain found for /ocp@68000000/l4@48000000/scm@2000/pinmux@30 !
[    0.220245] irq: no irq domain found for /ocp@68000000/l4@48000000/scm@2000/pinmux@30 !
[    0.220764] irq: no irq domain found for /ocp@68000000/l4@48000000/scm@2000/pinmux@30 !
[    0.225463] irq: no irq domain found for /ocp@68000000/l4@48000000/scm@2000/pinmux@30 !
[    0.235107] omap-gpmc 6e000000.gpmc: GPMC revision 5.0
[    0.235137] gpmc_mem_init: disabling cs 0 mapped at 0x0-0x1000000
[    0.244537] No ATAGs?
[    0.244567] hw-breakpoint: debug architecture 0x4 unsupported.
[    0.246276] omap4_sram_init:Unable to allocate sram needed to handle errata I688
[    0.246307] omap4_sram_init:Unable to get sram pool needed to handle errata I688
[    0.246612] OMAP DMA hardware revision 5.0
[    0.253936] Serial: AMBA PL011 UART driver
[    0.290130] omap-dma-engine 48056000.dma-controller: OMAP DMA engine driver (LinkedList1/2/3 supported)
[    0.293975] reg-fixed-voltage wl12xx_vmmc: could not find pctldev for node /ocp@68000000/l4@48000000/scm@2000/pinmux@30/pinmux_wl12xx_gpio, deferring probe
[    0.299957] vgaarb: loaded
[    0.301330] SCSI subsystem initialized
[    0.302093] usbcore: registered new interface driver usbfs
[    0.302215] usbcore: registered new interface driver hub
[    0.302276] usbcore: registered new device driver usb
[    0.304443] omap_i2c 48070000.i2c: bus 0 rev4.4 at 2600 kHz
[    0.305206] omap_i2c 48072000.i2c: bus 1 rev4.4 at 400 kHz
[    0.306091] omap_i2c 48060000.i2c: bus 2 rev4.4 at 400 kHz
[    0.307586] pps_core: LinuxPPS API ver. 1 registered
[    0.307617] pps_core: Software ver. 5.3.6 - Copyright 2005-2007 Rodolfo Giometti <giometti@linux.it>
[    0.307647] PTP clock support registered
[    0.308013] EDAC MC: Ver: 3.0.0
[    0.312133] clocksource: Switched to clocksource 32k_counter
[    0.328308] NET: Registered protocol family 2
[    0.329101] TCP established hash table entries: 2048 (order: 1, 8192 bytes)
[    0.329162] TCP bind hash table entries: 2048 (order: 2, 16384 bytes)
[    0.329223] TCP: Hash tables configured (established 2048 bind 2048)
[    0.329284] UDP hash table entries: 256 (order: 1, 8192 bytes)
[    0.329345] UDP-Lite hash table entries: 256 (order: 1, 8192 bytes)
[    0.329498] NET: Registered protocol family 1
[    0.330078] RPC: Registered named UNIX socket transport module.
[    0.330108] RPC: Registered udp transport module.
[    0.330108] RPC: Registered tcp transport module.
[    0.330139] RPC: Registered tcp NFSv4.1 backchannel transport module.
[    0.333740] hw perfevents: enabled with armv7_cortex_a8 PMU driver, 5 counters available
[    0.337402] futex hash table entries: 256 (order: 2, 16384 bytes)
[    0.338623] workingset: timestamp_bits=30 max_order=16 bucket_order=0
[    0.354980] squashfs: version 4.0 (2009/01/31) Phillip Lougher
[    0.356445] NFS: Registering the id_resolver key type
[    0.356475] Key type id_resolver registered
[    0.356506] Key type id_legacy registered
[    0.356567] ntfs: driver 2.1.32 [Flags: R/O].
[    0.359069] Block layer SCSI generic (bsg) driver version 0.4 loaded (major 248)
[    0.359100] io scheduler noop registered
[    0.359100] io scheduler deadline registered
[    0.359405] io scheduler cfq registered (default)
[    0.366271] libphy: mdio_driver_register: phy-bcm-ns2-pci
[    0.368530] pinctrl-single 48002030.pinmux: 284 pins at pa fa002030 size 568
[    0.368865] pinctrl-single 48002a00.pinmux: 46 pins at pa fa002a00 size 92
[    0.369445] pinctrl-single 480025a0.pinmux: 46 pins at pa fa0025a0 size 92
[    0.489593] Serial: 8250/16550 driver, 4 ports, IRQ sharing disabled
[    0.494171] SuperH (H)SCI(F) driver initialized
[    0.495758] msm_serial: driver initialized
[    0.496429] 4806a000.serial: ttyO0 at MMIO 0x4806a000 (irq = 88, base_baud = 3000000) is a OMAP UART0
[    1.282257] console [ttyO0] enabled
[    1.286804] 4806c000.serial: ttyO1 at MMIO 0x4806c000 (irq = 89, base_baud = 3000000) is a OMAP UART1
[    1.297485] 49020000.serial: ttyO2 at MMIO 0x49020000 (irq = 90, base_baud = 3000000) is a OMAP UART2
[    1.307983] omap_uart 49042000.serial: no wakeirq for uart3
[    1.314056] 49042000.serial: ttyO3 at MMIO 0x49042000 (irq = 96, base_baud = 3000000) is a OMAP UART3
[    1.324310] STMicroelectronics ASC driver initialized
[    1.335021] [drm] Initialized
[    1.362396] brd: module loaded
[    1.374603] loop: module loaded
[    1.396759] random: fast init done
[    1.406341] twl 0-0048: PIH (irq 23) chaining IRQs 341..349
[    1.412353] twl 0-0048: power (irq 346) chaining IRQs 349..356
[    1.462585] VPLL2: Bringing 1300000uV into 1800000-1800000uV
[    1.470336] VPLL2: ramp_delay not set
[    1.480773] twl4030_gpio twl4030-gpio: gpio (irq 341) chaining IRQs 357..374
[    1.585723] libphy: Fixed MDIO Bus: probed
[    1.591888] CAN device driver interface
[    1.600402] e1000e: Intel(R) PRO/1000 Network Driver - 3.2.6-k
[    1.606597] e1000e: Copyright(c) 1999 - 2015 Intel Corporation.
[    1.612976] igb: Intel(R) Gigabit Ethernet Network Driver - version 5.4.0-k
[    1.620330] igb: Copyright (c) 2007-2014 Intel Corporation.
[    1.658386] libphy: smsc911x-mdio: probed
[    1.663604] smsc911x 2c000000.ethernet eth0: MAC Address: 00:50:c2:7e:93:ba
[    1.676147] pegasus: v0.9.3 (2013/04/25), Pegasus/Pegasus II USB Ethernet driver
[    1.684112] usbcore: registered new interface driver pegasus
[    1.690216] usbcore: registered new interface driver asix
[    1.695983] usbcore: registered new interface driver ax88179_178a
[    1.702484] usbcore: registered new interface driver cdc_ether
[    1.708770] usbcore: registered new interface driver smsc75xx
[    1.714935] usbcore: registered new interface driver smsc95xx
[    1.721069] usbcore: registered new interface driver net1080
[    1.727142] usbcore: registered new interface driver cdc_subset
[    1.733459] usbcore: registered new interface driver zaurus
[    1.739440] usbcore: registered new interface driver cdc_ncm
[    1.749328] ehci_hcd: USB 2.0 'Enhanced' Host Controller (EHCI) Driver
[    1.756256] ehci-pci: EHCI PCI platform driver
[    1.761047] ehci-platform: EHCI generic platform driver
[    1.767059] ehci-orion: EHCI orion driver
[    1.771606] SPEAr-ehci: EHCI SPEAr driver
[    1.776184] ehci-st: EHCI STMicroelectronics driver
[    1.781646] ehci-exynos: EHCI EXYNOS driver
[    1.786437] ehci-atmel: EHCI Atmel driver
[    1.790985] tegra-ehci: Tegra EHCI driver
[    1.795593] ohci_hcd: USB 1.1 'Open' Host Controller (OHCI) Driver
[    1.802154] ohci-pci: OHCI PCI platform driver
[    1.806945] ohci-platform: OHCI generic platform driver
[    1.812835] ohci-omap3: OHCI OMAP3 driver
[    1.817626] ohci-omap3 48064400.ohci: OHCI Host Controller
[    1.823516] ohci-omap3 48064400.ohci: new USB bus registered, assigned bus number 1
[    1.831939] ohci-omap3 48064400.ohci: irq 92, io mem 0x48064400
[    1.918670] hub 1-0:1.0: USB hub found
[    1.922760] hub 1-0:1.0: 3 ports detected
[    1.928039] SPEAr-ohci: OHCI SPEAr driver
[    1.932830] ohci-st: OHCI STMicroelectronics driver
[    1.938385] ohci-atmel: OHCI Atmel driver
[    1.944274] usbcore: registered new interface driver usb-storage
[    1.953918] mousedev: PS/2 mouse device common for all mice
[    1.966186] twl_rtc 48070000.i2c:twl@48:rtc: Power up reset detected.
[    1.973175] twl_rtc 48070000.i2c:twl@48:rtc: Enabling TWL-RTC
[    1.983703] twl_rtc 48070000.i2c:twl@48:rtc: rtc core: registered 48070000.i2c:twl@48 as rtc0
[    1.994201] i2c /dev entries driver
[    2.020538] VDD1: ramp_delay not set
[    2.029083] sdhci: Secure Digital Host Controller Interface driver
[    2.035705] sdhci: Copyright(c) Pierre Ossman
[    2.045532] VDD1: ramp_delay not set
[    2.089935] Synopsys Designware Multimedia Card Interface Driver
[    2.098266] sdhci-pltfm: SDHCI platform and OF driver helper
[    2.112854] ledtrig-cpu: registered to indicate activity on CPUs
[    2.119873] usbcore: registered new interface driver usbhid
[    2.125793] usbhid: USB HID core driver
[    2.135162] NET: Registered protocol family 10
[    2.141387] sit: IPv6, IPv4 and MPLS over IPv4 tunneling driver
[    2.148468] NET: Registered protocol family 17
[    2.153198] can: controller area network core (rev 20120528 abi 9)
[    2.159790] NET: Registered protocol family 29
[    2.164459] can: raw protocol (rev 20120528)
[    2.168945] can: broadcast manager protocol (rev 20160617 t)
[    2.174896] can: netlink gateway (rev 20130117) max_hops=1
[    2.181335] Key type dns_resolver registered
[    2.186920] omap2_set_init_voltage: unable to find boot up OPP for vdd_core
[    2.194274] omap2_set_init_voltage: unable to set vdd_core
[    2.200805] ThumbEE CPU extension supported.
[    2.205352] Registering SWP/SWPB emulation handler
[    2.223388] vwl1271: supplied by VMMC2
[    2.320953] mmc0: host does not support reading read-only switch, assuming write-enable
[    2.331298] mmc0: new high speed SDHC card at address b368
[    2.338684] mmcblk0: mmc0:b368 SDC   3.75 GiB 
[    2.344085] VDD1: ramp_delay not set
[    2.349517]  mmcblk0: p1 p2 p3
[    2.361358] twl_rtc 48070000.i2c:twl@48:rtc: setting system clock to 2000-01-01 00:00:00 UTC (946684800)
[    2.374664] omap_hsmmc 480b4000.mmc: card claims to support voltages below defined range
[    2.409332] mmc1: new SDIO card at address 0001
[    2.447631] SMSC LAN8700 2c000000.etherne:01: attached PHY driver [SMSC LAN8700] (mii_bus:phy_addr=2c000000.etherne:01, irq=-1)
[    2.477386] smsc911x 2c000000.ethernet eth0: SMSC911x/921x identified at 0xd0808000, IRQ: 288
[    2.486541] IPv6: ADDRCONF(NETDEV_UP): eth0: link is not ready
[    2.648345] VDD1: ramp_delay not set
[    5.597869] IPv6: ADDRCONF(NETDEV_CHANGE): eth0: link becomes ready
[    5.617584] Sending DHCP requests ., OK
[    5.638000] IP-Config: Got DHCP answer from 192.168.0.1, my address is 192.168.0.186
[    5.646301] IP-Config: Complete:
[    5.649780]      device=eth0, hwaddr=00:50:c2:7e:93:ba, ipaddr=192.168.0.186, mask=255.255.255.0, gw=192.168.0.1
[    5.660614]      host=192.168.0.186, domain=ti.com, nis-domain=(none)
[    5.667480]      bootserver=0.0.0.0, rootserver=0.0.0.0, rootpath=     nameserver0=192.0.2.2, nameserver1=192.0.2.3
[    5.679656] lcd_3v3: disabling
[    5.684906] VUSB3V1: disabling
[    5.688568] vwl1271: disabling
[    5.696411] EXT4-fs (mmcblk0p2): mounting ext3 file system using the ext4 subsystem
[    5.719909] EXT4-fs (mmcblk0p2): warning: maximal mount count reached, running e2fsck is recommended
[    6.085083] EXT4-fs (mmcblk0p2): mounted filesystem with ordered data mode. Opts: (null)
[    6.093902] VFS: Mounted root (ext3 filesystem) on device 179:2.
[    6.111663] devtmpfs: mounted
[    6.124511] Freeing unused kernel memory: 2048K (c1100000 - c1300000)
INIT: version 2.86 booting
[    6.388519] VDD1: ramp_delay not set
Please wait: booting...
Error opening /dev/fb0: No such file or directory
Starting udev
[    6.881774] udevd (112): /proc/112/oom_adj is deprecated, please use /proc/112/oom_score_adj instead.
[    7.293182] VDD1: ramp_delay not set
[   13.980438] FAT-fs (mmcblk0p1): Volume was not properly unmounted. Some data may be corrupt. Please run fsck.
[   13.999053] EXT4-fs (mmcblk0p3): mounting ext3 file system using the ext4 subsystem
[   14.058380] EXT4-fs (mmcblk0p3): warning: maximal mount count reached, running e2fsck is recommended
[   14.131683] EXT4-fs (mmcblk0p3): mounted filesystem with ordered data mode. Opts: (null)
[   15.862670] alignment: ignoring faults is unsafe on this CPU.  Defaulting to fixup mode.
Remounting root file system...
[   15.932861] EXT4-fs (mmcblk0p2): re-mounted. Opts: (null)
Caching udev devnodes
logger: mount: mount point /proc/bus/usb does not exist
[   16.643524] VDD1: ramp_delay not set
ALSA: Restoring mixer settings...
Configuring network interfaces... /usr/sbin/alsactl: load_state:1625: No soundcards found...
[   19.443420] VDD1: ramp_delay not set
[   20.363494] VDD1: ramp_delay not set
[   20.442901] SMSC LAN8700 2c000000.etherne:01: attached PHY driver [SMSC LAN8700] (mii_bus:phy_addr=2c000000.etherne:01, irq=-1)
[   20.472686] smsc911x 2c000000.ethernet eth0: SMSC911x/921x identified at 0xd0808000, IRQ: 288
[   20.482208] IPv6: ADDRCONF(NETDEV_UP): eth0: link is not ready
eth0      no wireless extensions.
udhcpc (v1.13.2) started
[   20.663848] VDD1: ramp_delay not set
Sending discover...
[   22.557952] IPv6: ADDRCONF(NETDEV_CHANGE): eth0: link becomes ready
[   22.566009] VDD1: ramp_delay not set
Sending discover...
Sending select for 192.168.0.57...
Lease of 192.168.0.57 obtained, lease time 7200
adding dns 192.0.2.2
adding dns 192.0.2.3
done.
[   24.868499] VDD1: ramp_delay not set
Setting up IP spoofing protection: rp_filter.
Wed Jun 29 14:25:00 UTC 2016
INIT: Entering runlevel: 5
[   25.168060] VDD1: ramp_delay not set
Starting system message bus: dbus.
Starting Hardware abstraction layer hald
[   25.468688] VDD1: ramp_delay not set
[   26.067993] VDD1: ramp_delay not set
Starting Dropbear SSH server: dropbear.
Starting telnet daemon.
Starting network benchmark server: netserver.
Starting syslogd/klogd: done
Starting thttpd.
Starting Lighttpd Web Server: lighttpd.
2016-06-29 14:25:02: (log.c.166) server started 
Starting Matrix GUI application.
[   27.578643] VDD1: ramp_delay not set
[   27.878601] VDD1: ramp_delay not set
[   28.178924] VDD1: ramp_delay not set
[   29.480926] random: crng init done
[   29.983703] VDD1: ramp_delay not set
[   30.289642] VDD1: ramp_delay not set
***************************************************************
***************************************************************
NOTICE: This file system contains the followin GPLv3 packages:
	binutils-dev
	binutils-symlinks
	binutils
	gdbserver
If you do not wish to distribute GPLv3 components please remove
the above packages prior to distribution.  This can be done using
the opkg remove command.  i.e.:
    opkg remove <package>
Where <package> is the name printed in the list above
NOTE: 
 _____                    _____           _         _   
|  _  |___ ___ ___ ___   |  _  |___ ___  |_|___ ___| |_ 
|     |  _| .'| . | . |  |   __|  _| . | | | -_|  _|  _|
|__|__|_| |__,|_  |___|  |__|  |_| |___|_| |___|___|_|  
              |___|                    |___|            
Arago Project http://arago-project.org am37x-evm ttyO0
Arago 2011.09 am37x-evm ttyO0
am37x-evm login: 
- 02:37:13 [INFO] Host: root
- 02:37:13 [INFO] Target: 
root
root@am37x-evm:~# 
- 02:37:13 [INFO] Sleeping 15 secs to allow systemd to finish starting processes...
- 02:37:28 [INFO] Disconnected serial from am37x-evm
- 02:37:28 [INFO] Connected to am37x-evm via serial 
- 02:37:28 [INFO] Host: uname -a
- 02:37:28 [INFO] Target: 
uname -a
Linux am37x-evm 4.9.0-rc3-00002-ge66e437babc5 #3 SMP Mon Oct 31 01:30:51 CDT 2016 armv7l unknown
root@am37x-evm:~# 
- 02:37:28 [INFO] Host: cat /proc/cmdline
- 02:37:28 [INFO] Target: 
cat /proc/cmdline
console=ttyO0,115200n8 earlyprintk=serial,ttyO0,115200n8   ip=:::::eth0:dhcp  root=/dev/mmcblk0p2 rw rootfstype=ext3 rootwait 
root@am37x-evm:~# 
- 02:37:28 [INFO] Host: uname -a
- 02:37:28 [INFO] Target: 
uname -a
Linux am37x-evm 4.9.0-rc3-00002-ge66e437babc5 #3 SMP Mon Oct 31 01:30:51 CDT 2016 armv7l unknown
root@am37x-evm:~# 
- 02:37:28 [INFO] Host: cat /proc/mtd
- 02:37:28 [INFO] Target: 
cat /proc/mtd
dev:    size   erasesize  name
root@am37x-evm:~# 
- 02:37:28 [INFO] Host: cat /proc/diskstats
- 02:37:29 [INFO] Target: 
cat /proc/diskstats
   1       0 ram0 0 0 0 0 0 0 0 0 0 0 0
   1       1 ram1 0 0 0 0 0 0 0 0 0 0 0
   1       2 ram2 0 0 0 0 0 0 0 0 0 0 0
   1       3 ram3 0 0 0 0 0 0 0 0 0 0 0
   1       4 ram4 0 0 0 0 0 0 0 0 0 0 0
   1       5 ram5 0 0 0 0 0 0 0 0 0 0 0
   1       6 ram6 0 0 0 0 0 0 0 0 0 0 0
   1       7 ram7 0 0 0 0 0 0 0 0 0 0 0
   1       8 ram8 0 0 0 0 0 0 0 0 0 0 0
   1       9 ram9 0 0 0 0 0 0 0 0 0 0 0
   1      10 ram10 0 0 0 0 0 0 0 0 0 0 0
   1      11 ram11 0 0 0 0 0 0 0 0 0 0 0
   1      12 ram12 0 0 0 0 0 0 0 0 0 0 0
   1      13 ram13 0 0 0 0 0 0 0 0 0 0 0
   1      14 ram14 0 0 0 0 0 0 0 0 0 0 0
   1      15 ram15 0 0 0 0 0 0 0 0 0 0 0
   7       0 loop0 0 0 0 0 0 0 0 0 0 0 0
   7       1 loop1 0 0 0 0 0 0 0 0 0 0 0
   7       2 loop2 0 0 0 0 0 0 0 0 0 0 0
   7       3 loop3 0 0 0 0 0 0 0 0 0 0 0
   7       4 loop4 0 0 0 0 0 0 0 0 0 0 0
   7       5 loop5 0 0 0 0 0 0 0 0 0 0 0
   7       6 loop6 0 0 0 0 0 0 0 0 0 0 0
   7       7 loop7 0 0 0 0 0 0 0 0 0 0 0
 179       0 mmcblk0 2182 807 82297 15155 21 14 280 14750 0 8635 29890
 179       1 mmcblk0p1 304 1 3190 1660 0 0 0 0 0 1650 1660
 179       2 mmcblk0p2 1609 773 76189 11515 20 14 272 14745 0 7770 26250
 179       3 mmcblk0p3 259 33 2758 1970 1 0 8 5 0 1610 1970
root@am37x-evm:~# 
- 02:37:29 [INFO] Host: cat /proc/interrupts
- 02:37:29 [INFO] Target: 
cat /proc/interrupts
           CPU0       
 23:          0      INTC   7 Edge      TWL4030-PIH
 25:          0      INTC   9 Edge      l3-debug-irq
 26:          0      INTC  10 Edge      l3-app-irq
 28:          0      INTC  12 Edge      DMA
 29:       2207      INTC  13 Edge      omap-dma-engine
 36:          0      INTC  20 Edge      gpmc
 45:          0      INTC  29 Edge      48310000.gpio
 46:          0      INTC  30 Edge      49050000.gpio
 47:          0      INTC  31 Edge      49052000.gpio
 48:          0      INTC  32 Edge      49054000.gpio
 49:          0      INTC  33 Edge      49056000.gpio
 50:          8      INTC  34 Edge      49058000.gpio
 53:       4353      INTC  37 Edge      gp_timer
 72:       1288      INTC  56 Edge      48070000.i2c
 73:          0      INTC  57 Edge      48072000.i2c
 77:          0      INTC  61 Edge      48060000.i2c
 88:        593      INTC  72 Edge      OMAP UART0
 92:          1      INTC  76 Edge      ohci_hcd:usb1
 99:       6683      INTC  83 Edge      mmc0
102:        144      INTC  86 Edge      mmc1
288:          8  49058000.gpio  16 Level     eth0
306:        884      PRCM Edge      pm_wkup
315:         45      PRCM Edge      pinctrl, pinctrl, pinctrl, pm_io
338:          0   pinctrl 338 Edge      4806a000.serial
341:          0   twl4030   0 Edge      twl4030_gpio
346:          0   twl4030   5 Edge      twl4030_power
352:          0   twl4030  11 Edge      rtc0
375:         15   pinctrl 282 Edge      4809c000.mmc
IPI0:          0  CPU wakeup interrupts
IPI1:          0  Timer broadcast interrupts
IPI2:          0  Rescheduling interrupts
IPI3:          0  Function call interrupts
IPI4:          0  CPU stop interrupts
IPI5:          0  IRQ work interrupts
IPI6:          0  completion interrupts
Err:          0
root@am37x-evm:~# 
- 02:37:29 [INFO] Host: cat /proc/softirqs
- 02:37:29 [INFO] Target: 
cat /proc/softirqs
                    CPU0       
          HI:          1
       TIMER:       4147
      NET_TX:          1
      NET_RX:          6
       BLOCK:          0
    IRQ_POLL:          0
     TASKLET:       2243
       SCHED:          0
     HRTIMER:          0
         RCU:       7239
root@am37x-evm:~# 
- 02:37:34 [INFO] Host: export IPERFHOST=192.168.0.1
- 02:37:35 [INFO] Target: 
export IPERFHOST=192.168.0.1
root@am37x-evm:~# 
- 02:37:35 [INFO] Host: export NFS_SERVER=192.168.0.1
- 02:37:35 [INFO] Target: 
export NFS_SERVER=192.168.0.1
root@am37x-evm:~# 
- 02:37:35 [INFO] Host: export NFS_ROOT_PATH=/home/tigtfarm06/NFS_exports/linux/am37x-evm
- 02:37:35 [INFO] Target: 
export NFS_ROOT_PATH=/home/tigtfarm06/NFS_exports/linux/am37x-
root@am37x-evm:~# 
- 02:37:35 [INFO] Host: export AP_SSID=
- 02:37:35 [INFO] Target: 
export AP_SSID=
root@am37x-evm:~# 
- 02:37:35 [INFO] Host: mkdir -p -m 777 /test
- 02:37:35 [INFO] Target: 
mkdir -p -m 777 /test
root@am37x-evm:~# 
- 02:37:35 [INFO] Host: cd /test
- 02:37:35 [INFO] Target: 
cd /test
root@am37x-evm:/test# 
- 02:37:35 [INFO] Host: cat > test.sh << EOF
- 02:37:35 [INFO] Target: 
cat > test.sh << EOF
- 02:37:35 [INFO] Host: failtest() {
- 02:37:35 [INFO] Target: 
failtest() {
- 02:37:35 [INFO] Host:   echo 1 >&3
- 02:37:35 [INFO] Target: 
  echo 1 >&3
- 02:37:35 [INFO] Host: }
- 02:37:35 [INFO] Target: 
- 02:37:35 [INFO] Host: timeout=600
- 02:37:36 [INFO] Target: 
timeout=600
- 02:37:36 [INFO] Host: 
- 02:37:36 [INFO] Target: 
- 02:37:36 [INFO] Host: # Start of user's script logic
- 02:37:36 [INFO] Target: 
# Start of user's script logic
- 02:37:36 [INFO] Host: mount -t proc proc /proc 2>/dev/null;
- 02:37:36 [INFO] Target: 
mount -t proc proc /proc 2>/dev/null;
- 02:37:36 [INFO] Host: 
- 02:37:36 [INFO] Target: 
- 02:37:36 [INFO] Host: mount -t sysfs sys /sys 2>/dev/null;
- 02:37:36 [INFO] Target: 
mount -t sysfs sys /sys 2>/dev/null;
- 02:37:36 [INFO] Host: 
- 02:37:36 [INFO] Target: 
- 02:37:36 [INFO] Host: mount -t debugfs none /sys/kernel/debug 2>/dev/null;
- 02:37:36 [INFO] Target: 
mount -t debugfs none /sys/kernel/debug 2>/dev/null;
- 02:37:36 [INFO] Host: 
- 02:37:36 [INFO] Target: 
- 02:37:36 [INFO] Host: echo 'cpuinfo:';cat /proc/cpuinfo; echo '=======';
- 02:37:36 [INFO] Target: 
echo 'cpuinfo:';cat /proc/cpuinfo; echo '=======';
- 02:37:36 [INFO] Host: 
- 02:37:37 [INFO] Target: 
- 02:37:37 [INFO] Host: echo 'soc info:';head /sys/devices/soc0/* 2>/dev/null; echo '=======';
- 02:37:37 [INFO] Target: 
echo 'soc info:';head /sys/devices/soc0/* 2>/dev/null; echo '=======';
- 02:37:37 [INFO] Host: 
- 02:37:37 [INFO] Target: 
- 02:37:37 [INFO] Host: echo 'DT Model info'; head /proc/device-tree/name /proc/device-tree/model /proc/device-tree/compatible 2>/dev/null;echo; echo '=======';
- 02:37:37 [INFO] Target: 
echo 'DT Model info'; head /proc/device-tree/name /proc/device-tree/model /pro
c/device-tree/compatible 2>/dev/null;echo; echo '=======';
- 02:37:37 [INFO] Host: 
- 02:37:37 [INFO] Target: 
- 02:37:37 [INFO] Host: echo 'interrupts:';cat /proc/interrupts; echo '=======';
- 02:37:37 [INFO] Target: 
echo 'interrupts:';cat /proc/interrupts; echo '=======';
- 02:37:37 [INFO] Host: 
- 02:37:37 [INFO] Target: 
- 02:37:37 [INFO] Host: echo 'Clk_summary:';cat /sys/kernel/debug/clk/clk_summary; echo '=======';
- 02:37:37 [INFO] Target: 
echo 'Clk_summary:';cat /sys/kernel/debug/clk/clk_summary; echo '=======';
- 02:37:37 [INFO] Host: 
- 02:37:37 [INFO] Target: 
- 02:37:37 [INFO] Host: echo "Available frequencies"; cat /sys/devices/system/cpu/cpu0/cpufreq/scaling_available_frequencies 2>/dev/null;echo '=======';
- 02:37:37 [INFO] Target: 
echo "Available frequencies"; cat /sys/devices/system/cpu/cpu0/cpufreq/scaling
_available_frequencies 2>/dev/null;echo '=======';
- 02:37:37 [INFO] Host: 
- 02:37:38 [INFO] Target: 
- 02:37:38 [INFO] Host: TMPF=/tmp/a.\$\$; TMPF2=/tmp/b.\$\$; STR=""
- 02:37:38 [INFO] Target: 
TMPF=/tmp/a.\$\$; TMPF2=/tmp/b.\$\$; STR=""
- 02:37:38 [INFO] Host: 
- 02:37:38 [INFO] Target: 
- 02:37:38 [INFO] Host: cp /dev/kmsg \$TMPF &
- 02:37:38 [INFO] Target: 
cp /dev/kmsg \$TMPF &
- 02:37:38 [INFO] Host: 
- 02:37:38 [INFO] Target: 
- 02:37:38 [INFO] Host: PID=\$! ; sleep 5; kill -9 \$PID
- 02:37:38 [INFO] Target: 
PID=\$! ; sleep 5; kill -9 \$PID
- 02:37:38 [INFO] Host: 
- 02:37:38 [INFO] Target: 
- 02:37:38 [INFO] Host: 
- 02:37:38 [INFO] Target: 
- 02:37:38 [INFO] Host: 
- 02:37:38 [INFO] Target: 
- 02:37:38 [INFO] Host: cat \$TMPF|grep "^0">\$TMPF2; N=\`cat \$TMPF2|wc -l\`; if [ "\$N" -ne 0 ]; then STR="\$STR emerg=\$N";echo "===== EMERGE++";cat \$TMPF2|cut -d ';' -f2;echo "====="; fi
- 02:37:38 [INFO] Target: 
cat \$TMPF|grep "^0">\$TMPF2; N=\`cat \$TMPF2|wc -l\`; if [ "\$N" -ne 0 ]; the
n STR="\$STR emerg=\$N";echo "===== EMERGE++";cat \$TMPF2|cut -d ';' -f2;echo "=
===="; fi
- 02:37:38 [INFO] Host: 
- 02:37:39 [INFO] Target: 
- 02:37:39 [INFO] Host: cat \$TMPF|grep "^1">\$TMPF2; N=\`cat \$TMPF2|wc -l\`; if [ "\$N" -ne 0 ]; then STR="\$STR alert=\$N";echo "===== ALERT ==";cat \$TMPF2|cut -d ';' -f2;echo "====="; fi
- 02:37:39 [INFO] Target: 
cat \$TMPF|grep "^1">\$TMPF2; N=\`cat \$TMPF2|wc -l\`; if [ "\$N" -ne 0 ]; the
n STR="\$STR alert=\$N";echo "===== ALERT ==";cat \$TMPF2|cut -d ';' -f2;echo "=
===="; fi
- 02:37:39 [INFO] Host: 
- 02:37:39 [INFO] Target: 
- 02:37:39 [INFO] Host: cat \$TMPF|grep "^2">\$TMPF2; N=\`cat \$TMPF2|wc -l\`; if [ "\$N" -ne 0 ]; then STR="\$STR crit=\$N";echo "===== CRIT ==";cat \$TMPF2|cut -d ';' -f2;echo "====="; fi
- 02:37:39 [INFO] Target: 
cat \$TMPF|grep "^2">\$TMPF2; N=\`cat \$TMPF2|wc -l\`; if [ "\$N" -ne 0 ]; the
n STR="\$STR crit=\$N";echo "===== CRIT ==";cat \$TMPF2|cut -d ';' -f2;echo "===
=="; fi
- 02:37:39 [INFO] Host: 
- 02:37:39 [INFO] Target: 
- 02:37:39 [INFO] Host: cat \$TMPF|grep "^3">\$TMPF2; N=\`cat \$TMPF2|wc -l\`; if [ "\$N" -ne 0 ]; then STR="\$STR err=\$N";echo "===== ERR ==";cat \$TMPF2|cut -d ';' -f2;echo "=====" ;fi
- 02:37:39 [INFO] Target: 
cat \$TMPF|grep "^3">\$TMPF2; N=\`cat \$TMPF2|wc -l\`; if [ "\$N" -ne 0 ]; the
n STR="\$STR err=\$N";echo "===== ERR ==";cat \$TMPF2|cut -d ';' -f2;echo "=====
" ;fi
- 02:37:39 [INFO] Host: 
- 02:37:39 [INFO] Target: 
- 02:37:39 [INFO] Host: cat \$TMPF|grep "^4">\$TMPF2; N=\`cat \$TMPF2|wc -l\`; if [ "\$N" -ne 0 ]; then STR="\$STR warn=\$N";echo "===== WARN ==";cat \$TMPF2|cut -d ';' -f2;echo "=====" ;fi
- 02:37:39 [INFO] Target: 
cat \$TMPF|grep "^4">\$TMPF2; N=\`cat \$TMPF2|wc -l\`; if [ "\$N" -ne 0 ]; the
n STR="\$STR warn=\$N";echo "===== WARN ==";cat \$TMPF2|cut -d ';' -f2;echo "===
==" ;fi
- 02:37:39 [INFO] Host: 
- 02:37:39 [INFO] Target: 
- 02:37:39 [INFO] Host: rm \$TMPF \$TMPF2; echo "SUM""MARY RESULT: BOOT:" 'PASS: H''ello World' 'B''oard' "Booted" "Boot Log has::::\$STR:"
- 02:37:39 [INFO] Target: 
rm \$TMPF \$TMPF2; echo "SUM""MARY RESULT: BOOT:" 'PASS: H''ello World' 'B''oa
rd' "Booted" "Boot Log has::::\$STR:"
- 02:37:39 [INFO] Host: 
- 02:37:40 [INFO] Target: 
- 02:37:40 [INFO] Host: EOF
- 02:37:40 [INFO] Target: 
root@am37x-evm:/test# 
- 02:37:40 [INFO] Host: cd /test
- 02:37:40 [INFO] Target: 
cd /test
root@am37x-evm:/test# 
- 02:37:40 [INFO] Host: chmod +x test.sh
- 02:37:40 [INFO] Target: 
chmod +x test.sh
root@am37x-evm:/test# 
- 02:37:40 [INFO] Host: ./test.sh 2> stderr.log > stdout.log 3> result.log
- 02:37:45 [INFO] Target: 
./test.sh 2> stderr.log > stdout.log 3> result.log
[   58.483581] VDD1: ramp_delay not set
[   58.963562] VDD1: ramp_delay not set
[   63.835662] VDD1: ramp_delay not set
root@am37x-evm:/test# 
- 02:37:45 [INFO] Host: echo $?
- 02:37:46 [INFO] Target: 
echo $?
root@am37x-evm:/test# 
- 02:37:46 [INFO] Host: cd /test
- 02:37:46 [INFO] Target: 
cd /test
root@am37x-evm:/test# [   64.163513] VDD1: ramp_delay not set
- 02:37:46 [INFO] Host: cat stdout.log
- 02:37:48 [INFO] Target: 
cat stdout.log
cpuinfo:
processor	: 0
model name	: ARMv7 Processor rev 2 (v7l)
BogoMIPS	: 297.36
Features	: half thumb fastmult vfp edsp thumbee neon vfpv3 tls vfpd32 
CPU implementer	: 0x41
CPU architecture: 7
CPU variant	: 0x3
CPU part	: 0xc08
CPU revision	: 2
Hardware	: Generic OMAP36xx (Flattened Device Tree)
Revision	: 0000
Serial		: 0000000000000000
=======
soc info:
==> /sys/devices/soc0/family <==
OMAP3
==> /sys/devices/soc0/machine <==
OMAP3630
==> /sys/devices/soc0/power <==
==> /sys/devices/soc0/revision <==
ES1.2
==> /sys/devices/soc0/subsystem <==
==> /sys/devices/soc0/type <==
==> /sys/devices/soc0/uevent <==
=======
DT Model info
==> /proc/device-tree/name <==
==> /proc/device-tree/model <==
TI OMAP37XX EVM (TMDSEVM3730)
==> /proc/device-tree/compatible <==
ti,omap3-evm-37xxti,omap3630ti,omap3
=======
interrupts:
           CPU0       
 23:          0      INTC   7 Edge      TWL4030-PIH
 25:          0      INTC   9 Edge      l3-debug-irq
 26:          0      INTC  10 Edge      l3-app-irq
 28:          0      INTC  12 Edge      DMA
 29:       2216      INTC  13 Edge      omap-dma-engine
 36:          0      INTC  20 Edge      gpmc
 45:          0      INTC  29 Edge      48310000.gpio
 46:          0      INTC  30 Edge      49050000.gpio
 47:          0      INTC  31 Edge      49052000.gpio
 48:          0      INTC  32 Edge      49054000.gpio
 49:          0      INTC  33 Edge      49056000.gpio
 50:          8      INTC  34 Edge      49058000.gpio
 53:       4721      INTC  37 Edge      gp_timer
 72:       1299      INTC  56 Edge      48070000.i2c
 73:          0      INTC  57 Edge      48072000.i2c
 77:          0      INTC  61 Edge      48060000.i2c
 88:       8378      INTC  72 Edge      OMAP UART0
 92:          1      INTC  76 Edge      ohci_hcd:usb1
 99:       6724      INTC  83 Edge      mmc0
102:        144      INTC  86 Edge      mmc1
288:          8  49058000.gpio  16 Level     eth0
306:       1322      PRCM Edge      pm_wkup
315:         57      PRCM Edge      pinctrl, pinctrl, pinctrl, pm_io
338:          0   pinctrl 338 Edge      4806a000.serial
341:          0   twl4030   0 Edge      twl4030_gpio
346:          0   twl4030   5 Edge      twl4030_power
352:          0   twl4030  11 Edge      rtc0
375:         19   pinctrl 282 Edge      4809c000.mmc
IPI0:          0  CPU wakeup interrupts
IPI1:          0  Timer broadcast interrupts
IPI2:          0  Rescheduling interrupts
IPI3:          0  Function call interrupts
IPI4:          0  CPU stop interrupts
IPI5:          0  IRQ work interrupts
IPI6:          0  completion interrupts
Err:          0
=======
Clk_summary:
   clock                         enable_cnt  prepare_cnt        rate   accuracy   phase
----------------------------------------------------------------------------------------
 secure_32k_fck                           0            1       32768          0 0  
    wdt1_fck                              0            0       32768          0 0  
    gpt12_fck                             0            1       32768          0 0  
 dummy_ck                                 0            0           0          0 0  
 mcbsp_clks                               0            5           0          0 0  
 sys_altclk                               0            0           0          0 0  
 virt_38_4m_ck                            0            0    38400000          0 0  
 virt_26000000_ck                         1            1    26000000          0 0  
    osc_sys_ck                            1            1    26000000          0 0  
       sys_clkout1                        0            0    26000000          0 0  
       sys_ck                             4           18    13000000          0 0  
          gpt9_fck                        0            1    13000000          0 0  
          gpt8_fck                        0            1    13000000          0 0  
          gpt7_fck                        0            1    13000000          0 0  
          gpt6_fck                        0            1    13000000          0 0  
          gpt5_fck                        0            1    13000000          0 0  
          gpt4_fck                        0            1    13000000          0 0  
          gpt3_fck                        0            1    13000000          0 0  
          gpt2_fck                        0            1    13000000          0 0  
          cpefuse_fck                     0            0    13000000          0 0  
          dpll5_ck                        1            1   120000000          0 0  
             dpll5_m2_ck                  1            1   120000000          0 0  
                dpll5_m2_d20_ck           0            0     6000000          0 0  
                dpll5_m2_d16_ck           0            0     7500000          0 0  
                dpll5_m2_d8_ck            0            0    15000000          0 0  
                dpll5_m2_d4_ck            0            0    30000000          0 0  
                usbhost_120m_fck           0            0   120000000          0 0  
                usbtll_fck                1            1   120000000          0 0  
          sys_d2_ck                       0            0     6500000          0 0  
             usim_fck                     0            0     6500000          0 0  
          modem_fck                       0            0    13000000          0 0  
          dpll2_ck                        0            1   260000000          0 0  
             dpll2_m2_ck                  0            1   260000000          0 0  
                iva2_ck                   0            2   260000000          0 0  
          sr2_fck                         0            1    13000000          0 0  
          sr1_fck                         0            1    13000000          0 0  
          traceclk_src_fck                0            0    13000000          0 0  
             traceclk_fck                 0            0    13000000          0 0  
          emu_src_mux_ck                  0            1    13000000          0 0  
             emu_src_ck                   0            1    13000000          0 0  
                atclk_fck                 0            0    13000000          0 0  
                pclkx2_fck                0            0    13000000          0 0  
                pclk_fck                  0            0     6500000          0 0  
          dss2_alwon_fck                  0            2    13000000          0 0  
          dpll1_ck                        0            1   600000000          0 0  
             dpll1_x2_ck                  0            1  1200000000          0 0  
                dpll1_x2m2_ck             0            1  1200000000          0 0  
                   mpu_ck                 0            1  1200000000          0 0  
                      emu_mpu_alwon_ck           0            0  1200000000          0 0  
                      arm_fck             0            1   600000000          0 0  
          dpll3_ck                        1            1   400000000          0 0  
             dpll3_x2_ck                  0            0   800000000          0 0  
             dpll3_m2_ck                  1            2   400000000          0 0  
                dpll3_m2x2_ck             0            1   800000000          0 0  
                   corex2_fck             0            1   800000000          0 0  
                      ssi_ssr_fck_3430es2           0            1   266666667          0 0  
                         ssi_sst_fck_3430es2           0            0   133333333          0 0  
                      corex2_d5_fck           0            0   160000000          0 0  
                      corex2_d3_fck           0            0   266666666          0 0  
                core_ck                   1            1   400000000          0 0  
                   core_d2_ck             0            0   200000000          0 0  
                      sgx_fck             0            0   200000000          0 0  
                   core_d6_ck             0            0    66666666          0 0  
                   core_d4_ck             0            0   100000000          0 0  
                   core_d3_ck             0            0   133333333          0 0  
                   dpll2_fck              0            0   400000000          0 0  
                   l3_ick                 2            3   200000000          0 0  
                      sgx_ick             0            0   200000000          0 0  
                      mad2d_ick           0            0   200000000          0 0  
                      sad2d_ick           0            1   200000000          0 0  
                      security_l3_ick           0            0   200000000          0 0  
                         pka_ick           0            0   200000000          0 0  
                      core_l3_ick           8           10   200000000          0 0  
                         hsotgusb_ick_3430es2           0            1   200000000          0 0  
                         gpmc_fck           2            2   200000000          0 0  
                         sdrc_ick           1            1   200000000          0 0  
                      l4_ick              7            8   100000000          0 0  
                         usbhost_ick           1            1   100000000          0 0  
                         dss_ick_3430es2           4            6   100000000          0 0  
                         sr_l4_ick           2            2   100000000          0 0  
                         ssi_l4_ick           1            1   100000000          0 0  
                            ssi_ick_3430es2           1            1   100000000          0 0  
                         cam_ick           0            1   100000000          0 0  
                         security_l4_ick2           0            0   100000000          0 0  
                            des1_ick           0            0   100000000          0 0  
                            sha11_ick           0            0   100000000          0 0  
                            rng_ick           0            0   100000000          0 0  
                            aes1_ick           0            0   100000000          0 0  
                         per_l4_ick          15           18   100000000          0 0  
                            mcbsp4_ick           1            1   100000000          0 0  
                            mcbsp3_ick           2            3   100000000          0 0  
                            mcbsp2_ick           2            3   100000000          0 0  
                            gpt2_ick           1            1   100000000          0 0  
                            gpt3_ick           1            1   100000000          0 0  
                            gpt4_ick           1            1   100000000          0 0  
                            gpt5_ick           1            1   100000000          0 0  
                            gpt6_ick           1            1   100000000          0 0  
                            gpt7_ick           1            1   100000000          0 0  
                            gpt8_ick           1            1   100000000          0 0  
                            gpt9_ick           1            1   100000000          0 0  
                            uart4_ick           1            1   100000000          0 0  
                            uart3_ick           1            1   100000000          0 0  
                            wdt3_ick           0            0   100000000          0 0  
                            gpio2_ick           0            1   100000000          0 0  
                            gpio3_ick           0            1   100000000          0 0  
                            gpio4_ick           0            1   100000000          0 0  
                            gpio5_ick           1            1   100000000          0 0  
                            gpio6_ick           1            1   100000000          0 0  
                         core_l4_ick          21           23   100000000          0 0  
                            mmchs3_ick           1            1   100000000          0 0  
                            usbtll_ick           1            1   100000000          0 0  
                            mailboxes_ick           0            1   100000000          0 0  
                            mspro_ick           0            0   100000000          0 0  
                            des2_ick           0            0   100000000          0 0  
                            icr_ick           0            0   100000000          0 0  
                            sha12_ick           1            2   100000000          0 0  
                            aes2_ick           1            2   100000000          0 0  
                            omapctrl_ick           1            1   100000000          0 0  
                            mcbsp1_ick           1            1   100000000          0 0  
                            mcbsp5_ick           1            1   100000000          0 0  
                            gpt10_ick           1            1   100000000          0 0  
                            gpt11_ick           1            1   100000000          0 0  
                            uart1_ick           1            1   100000000          0 0  
                            uart2_ick           1            1   100000000          0 0  
                            i2c1_ick           1            1   100000000          0 0  
                            i2c2_ick           1            1   100000000          0 0  
                            i2c3_ick           1            1   100000000          0 0  
                            mcspi1_ick           1            1   100000000          0 0  
                            mcspi2_ick           1            1   100000000          0 0  
                            mcspi3_ick           1            1   100000000          0 0  
                            mcspi4_ick           1            1   100000000          0 0  
                            hdq_ick           0            1   100000000          0 0  
                            mmchs1_ick           1            1   100000000          0 0  
                            mmchs2_ick           1            1   100000000          0 0  
                         rm_ick           0            0    50000000          0 0  
                   dpll1_fck              0            0   200000000          0 0  
             dpll3_m3_ck                  0            0   200000000          0 0  
                dpll3_m3x2_mul_ck           0            0   400000000          0 0  
                   dpll3_m3x2_ck           0            0   400000000          0 0  
                      emu_core_alwon_ck           0            0   400000000          0 0  
          dpll4_ck                        1            3   864000000          0 0  
             dpll4_x2_ck                  0            0  1728000000          0 0  
             dpll4_m6_ck                  0            0   288000000          0 0  
                dpll4_m6x2_mul_ck           0            0   288000000          0 0  
                   dpll4_m6x2_ck           0            0   288000000          0 0  
                      emu_per_alwon_ck           0            0   288000000          0 0  
             dpll4_m5_ck                  0            0   216000000          0 0  
                dpll4_m5x2_mul_ck           0            0   216000000          0 0  
                   dpll4_m5x2_ck           0            0   216000000          0 0  
                      cam_mclk            0            0   216000000          0 0  
             dpll4_m4_ck                  0            1    96000000          0 0  
                dpll4_m4x2_mul_ck           0            1    96000000          0 0  
                   dpll4_m4x2_ck           0            1    96000000          0 0  
                      dss1_alwon_fck_3430es2           0            4    96000000          0 0  
             dpll4_m3_ck                  0            1    54000000          0 0  
                dpll4_m3x2_mul_ck           0            1    54000000          0 0  
                   dpll4_m3x2_ck           0            1    54000000          0 0  
                      omap_54m_fck           0            1    54000000          0 0  
                         clkout2_src_ck           0            0    54000000          0 0  
                            sys_clkout2           0            0    54000000          0 0  
                         dss_tv_fck           0            2    54000000          0 0  
             dpll4_m2_ck                  1            1    96000000          0 0  
                dpll4_m2x2_mul_ck           1            1    96000000          0 0  
                   dpll4_m2x2_ck           1            1    96000000          0 0  
                      omap_192m_alwon_fck           0            0    96000000          0 0  
                      omap_96m_alwon_fck           1            2    96000000          0 0  
                         per_96m_fck           0            6    96000000          0 0  
                            mcbsp4_fck           0            1    96000000          0 0  
                            mcbsp3_fck           0            1    96000000          0 0  
                            mcbsp2_fck           0            1    96000000          0 0  
                         cm_96m_fck           2            2    96000000          0 0  
                            cm_96m_d2_fck           1            1    48000000          0 0  
                               omap_48m_fck           3            4    48000000          0 0  
                                  usbhost_48m_fck           1            1    48000000          0 0  
                                  per_48m_fck           2            2    48000000          0 0  
                                     uart4_fck           1            1    48000000          0 0  
                                     uart3_fck           1            1    48000000          0 0  
                                  core_48m_fck           2            6    48000000          0 0  
                                     uart1_fck           1            1    48000000          0 0  
                                     uart2_fck           1            1    48000000          0 0  
                                     mcspi1_fck           0            1    48000000          0 0  
                                     mcspi2_fck           0            1    48000000          0 0  
                                     mcspi3_fck           0            1    48000000          0 0  
                                     mcspi4_fck           0            1    48000000          0 0  
                                  omap_12m_fck           0            1    12000000          0 0  
                                     core_12m_fck           0            1    12000000          0 0  
                                        hdq_fck             0            1    12000000          0 0  
                            omap_96m_fck           1            2    96000000          0 0  
                               omap_96m_d10_fck           0            0     9600000          0 0  
                               omap_96m_d8_fck           0            0    12000000          0 0  
                               omap_96m_d4_fck           0            0    24000000          0 0  
                               omap_96m_d2_fck           0            0    48000000          0 0  
                               dss_96m_fck           0            2    96000000          0 0  
                               core_96m_fck           2           10    96000000          0 0  
                                  mcbsp1_fck           0            1    96000000          0 0  
                                  mcbsp5_fck           0            1    96000000          0 0  
                                  mmchs3_fck           0            1    96000000          0 0  
                                  mspro_fck           0            0    96000000          0 0  
                                  csi2_96m_fck           0            0    96000000          0 0  
                                  i2c1_fck           1            1    96000000          0 0  
                                  i2c2_fck           0            1    96000000          0 0  
                                  i2c3_fck           0            1    96000000          0 0  
                                  mmchs1_fck           1            1    96000000          0 0  
                                  mmchs2_fck           0            1    96000000          0 0  
          wkup_l4_ick                     4            5    13000000          0 0  
             usim_ick                     0            0    13000000          0 0  
             gpt1_ick                     1            1    13000000          0 0  
             gpt12_ick                    1            1    13000000          0 0  
             omap_32ksync_ick             1            1    13000000          0 0  
             gpio1_ick                    0            1    13000000          0 0  
             wdt1_ick                     0            0    13000000          0 0  
             wdt2_ick                     1            1    13000000          0 0  
 virt_19200000_ck                         0            0    19200000          0 0  
 virt_13m_ck                              0            0    13000000          0 0  
 virt_12m_ck                              0            0    12000000          0 0  
 omap_32k_fck                             2            8       32768          0 0  
    gpt1_fck                              1            1       32768          0 0  
    gpt11_fck                             0            1       32768          0 0  
    gpt10_fck                             0            1       32768          0 0  
    ts_fck                                0            0       32768          0 0  
    per_32k_alwon_fck                     0            5       32768          0 0  
       wdt3_fck                           0            0       32768          0 0  
       gpio2_dbck                         0            2       32768          0 0  
       gpio3_dbck                         0            2       32768          0 0  
       gpio4_dbck                         0            2       32768          0 0  
       gpio5_dbck                         0            2       32768          0 0  
       gpio6_dbck                         0            2       32768          0 0  
    wkup_32k_fck                          1            3       32768          0 0  
       wdt2_fck                           0            1       32768          0 0  
       gpio1_dbck                         0            2       32768          0 0  
 dummy_apb_pclk                           0            0           0          0 0  
 virt_16_8m_ck                            0            0    16800000          0 0  
=======
Available frequencies
300000 600000 800000 
=======
===== ERR ==
omap2_set_init_voltage: unable to find boot up OPP for vdd_core
omap2_set_init_voltage: unable to set vdd_core
=====
===== WARN ==
l2cache 
iva 
sgx 
neon 
isp 
192mhz_clk 
omap_hwmod: mcbsp2_sidetone using broken dt data from mcbsp
omap_hwmod: mcbsp3_sidetone using broken dt data from mcbsp
irq: no irq domain found for /ocp@68000000/l4@48000000/scm@2000/pinmux@30 !
irq: no irq domain found for /ocp@68000000/l4@48000000/scm@2000/pinmux@30 !
irq: no irq domain found for /ocp@68000000/l4@48000000/scm@2000/pinmux@30 !
irq: no irq domain found for /ocp@68000000/l4@48000000/scm@2000/pinmux@30 !
gpmc_mem_init: disabling cs 0 mapped at 0x0-0x1000000
omap4_sram_init:Unable to allocate sram needed to handle errata I688
omap4_sram_init:Unable to get sram pool needed to handle errata I688
VPLL2: ramp_delay not set
twl_rtc 48070000.i2c:twl@48:rtc: Power up reset detected.
VDD1: ramp_delay not set
VDD1: ramp_delay not set
mmc0: host does not support reading read-only switch, assuming write-enable
VDD1: ramp_delay not set
omap_hsmmc 480b4000.mmc: card claims to support voltages below defined range
VDD1: ramp_delay not set
EXT4-fs (mmcblk0p2): warning: maximal mount count reached, running e2fsck is recommended
VDD1: ramp_delay not set
udevd (112): /proc/112/oom_adj is deprecated, please use /proc/112/oom_score_adj instead.
VDD1: ramp_delay not set
FAT-fs (mmcblk0p1): Volume was not properly unmounted. Some data may be corrupt. Please run fsck.
EXT4-fs (mmcblk0p3): warning: maximal mount count reached, running e2fsck is recommended
alignment: ignoring faults is unsafe on this CPU.  Defaulting to fixup mode.
VDD1: ramp_delay not set
VDD1: ramp_delay not set
VDD1: ramp_delay not set
VDD1: ramp_delay not set
VDD1: ramp_delay not set
VDD1: ramp_delay not set
VDD1: ramp_delay not set
VDD1: ramp_delay not set
VDD1: ramp_delay not set
VDD1: ramp_delay not set
VDD1: ramp_delay not set
VDD1: ramp_delay not set
VDD1: ramp_delay not set
VDD1: ramp_delay not set
VDD1: ramp_delay not set
VDD1: ramp_delay not set
VDD1: ramp_delay not set
=====
SUMMARY RESULT: BOOT: PASS: Hello World Board Booted Boot Log has:::: err=2 warn=48:
root@am37x-evm:/test# 
- 02:37:48 [INFO] Host: cat stderr.log
- 02:37:48 [INFO] Target: 
cat stderr.log
root@am37x-evm:/test# 
- 02:37:48 [INFO] Host: cat result.log
- 02:37:50 [ERROR] On command: cat result.log waiting for cat result.log.+?(?m-ix:^1[\0\n\r]+) >>> error: execution expired
- 02:37:50 [INFO] Target: 
cat result.log
root@am37x-evm:/test# 
- 02:37:50 [INFO] Host: cd /test
- 02:37:50 [INFO] Target: 
cd /test
root@am37x-evm:/test# 
URL:gtsystest.telogy.design.ti.com/vatf/tigtfarm06/tigtfarm06_vatf@am37x-evm/tigtfarm0610_31_2016_02_36_13/files/session_iteration_1/test_1
