- 06:59:45 [INFO] Starting target session
- 06:59:46 [INFO] Connected to am37x-evm via serial 
- 06:59:46 [INFO] Host: #check prompt
- 06:59:48 [ERROR] On command: #check prompt waiting for #check prompt.+?(?-mix:((?-mix:login:)|[Pp]assword)) >>> error: execution expired
- 06:59:48 [INFO] Target: 
#check prompt
root@am37x-evm:/test# 
- 06:59:48 [INFO] Host: #check prompt
- 06:59:48 [INFO] Target: 
#check prompt
root@am37x-evm:/test# 
- 06:59:48 [INFO] Host: sync;poweroff
- 07:01:48 [ERROR] On command: sync;poweroff waiting for sync;poweroff.+?(?i-mx:System halted|System will go to power_off) >>> error: execution expired
- 07:01:48 [INFO] Target: 
sync;poweroff
Broadcast message from root (ttyO0) (Mon Sep 22 14:55:50 2014):
The system is going down for system halt NOW!
INIT: Switching to runlevel
INIT: root@am37x-evm:/test# Sending processesStopping Dropbear SSH server: stopped /usr/sbin/dropbear (pid 2318)
dropbear.
Stopping telnet daemon.
Stopping Hardware abstraction layer hald
Stopping system message bus: stopped process in pidfile '/var/run/dbus/pid' (pid 2277)
dbus.
Stopping network benchmark server: netserverstopped /usr/sbin/netserver (pid 2330)
Stopping thttpdError opening /dev/fb0: No such file or directory
ALSA: Storing mixer settings...
/usr/sbin/alsactl: save_state:1519: No soundcards found...
Deconfiguring network interfaces... cat: can't open '/var/run/udhcpc.eth0.pid': No such file or directory
done.
Stopping Lighttpd Web Server: stopped /usr/sbin/lighttpd (pid 2359)
lighttpd.
Stopping syslogd/klogd: stopped syslogd (pid 2335)
stopped klogd (pid 2337)
done
Stopping Matrix GUI applicationstart-stop-daemon: warning: killing process 0: No such process
***************************************************************
***************************************************************
NOTICE: This file system contains the followin GPLv3 packages:
	binutils-dev
	binutils-symlinks
	binutils
	gdbserver
If you do not wish to distribute GPLv3 components please remove
the above packages prior to distribution.  This can be done using
the opkg remove command.  i.e.:
    opkg remove <package>
Where <package> is the name printed in the list above
NOTE: If the package is a dependency of another package you
      will be notified of the dependent packages.  You should
      use the --force-removal-of-dependent-packages option to
      also remove the dependent packages as well
***************************************************************
***************************************************************
Sending all processes the TERM signal...
Sending all processes the KILL signal...
Unmounting remote filesystems...
Deactivating swap...
Unmounting local filesystems...
[ 1226.385925] EXT4-fs (mmcblk0p2): re-mounted. Opts: (null)
[ 1228.611358] reboot: Power down
[ 1228.614624] ------------[ cut here ]------------
[ 1228.619537] WARNING: CPU: 0 PID: 2557 at kernel/locking/lockdep.c:2744 lockdep_trace_alloc+0xec/0x10c()
[ 1228.629425] DEBUG_LOCKS_WARN_ON(irqs_disabled_flags(flags))
[ 1228.635131] Modules linked in:
[ 1228.638549] CPU: 0 PID: 2557 Comm: halt Not tainted 3.17.0-rc6-next-20140924-00002-g2e8bb93 #1
[ 1228.647674] [<c0015280>] (unwind_backtrace) from [<c0011a68>] (show_stack+0x10/0x14)
[ 1228.655853] [<c0011a68>] (show_stack) from [<c0568270>] (dump_stack+0x78/0x94)
[ 1228.663482] [<c0568270>] (dump_stack) from [<c0040f64>] (warn_slowpath_common+0x6c/0x8c)
[ 1228.672027] [<c0040f64>] (warn_slowpath_common) from [<c0041018>] (warn_slowpath_fmt+0x30/0x40)
[ 1228.681213] [<c0041018>] (warn_slowpath_fmt) from [<c0080104>] (lockdep_trace_alloc+0xec/0x10c)
[ 1228.690399] [<c0080104>] (lockdep_trace_alloc) from [<c011f1a4>] (__kmalloc_track_caller+0x3c/0x1a4)
[ 1228.700042] [<c011f1a4>] (__kmalloc_track_caller) from [<c00fb630>] (kmemdup+0x1c/0x38)
[ 1228.708496] [<c00fb630>] (kmemdup) from [<c037baa0>] (regmap_bulk_write+0x104/0x194)
[ 1228.716674] [<c037baa0>] (regmap_bulk_write) from [<c0386440>] (twl_i2c_write+0x4c/0x88)
[ 1228.725219] [<c0386440>] (twl_i2c_write) from [<c0388aac>] (twl4030_power_off+0x20/0x40)
[ 1228.733764] [<c0388aac>] (twl4030_power_off) from [<c000f268>] (machine_power_off+0x24/0x2c)
[ 1228.742675] [<c000f268>] (machine_power_off) from [<c005d810>] (SyS_reboot+0xf0/0x1dc)
[ 1228.751037] [<c005d810>] (SyS_reboot) from [<c000e620>] (ret_fast_syscall+0x0/0x48)
[ 1228.759094] ---[ end trace d1e3d1b4806a4b86 ]---
U-Boot SPL 2013.01.01 (Nov 27 2013 - 12:07:30)
OMAP SD/MMC: 0
reading u-boot.img
reading u-boot.img
U-Boot 2013.01.01 (Nov 27 2013 - 12:07:30)
OMAP3630/3730-GP ES1.2, CPU-OPP2, L3-165MHz, Max CPU Clock 1 Ghz
OMAP3 EVM board + LPDDR/NAND
I2C:   ready
DRAM:  256 MiB
NAND:  512 MiB
MMC:   OMAP SD/MMC: 0
In:    serial
Out:   serial
Err:   serial
Read back SMSC id 0x92200000
Die ID #16d400029ff80000015f02690c019016
Net:   smc911x-0
Hit any key to stop autoboot:  3  2  1  0 
mmc0 is current device
reading boot.scr
** Unable to read file boot.scr **
reading uImage
3158804 bytes read in 206 ms (14.6 MiB/s)
Booting from mmc ...
## Booting kernel from Legacy Image at 82000000 ...
   Image Name:   Arago/2.6.37-psp04.02.00.07.sdk/
   Image Type:   ARM Linux Kernel Image (uncompressed)
   Data Size:    3158740 Bytes = 3 MiB
   Load Address: 80008000
   Entry Point:  80008000
   Verifying Checksum ... OK
   Loading Kernel Image ... OK
Starting kernel ...
Uncompressing Linux... done, booting the kernel.
[    0.000000] Linux version 2.6.37 (jenkins@sdit-build01) (gcc version 4.5.3 20110311 (prerelease) (GCC) ) #1 Thu Dec 15 17:26:39 CST 2011
[    0.000000] CPU: ARMv7 Processor [413fc082] revision 2 (ARMv7), cr=10c53c7f
[    0.000000] CPU: VIPT nonaliasing data cache, VIPT aliasing instruction cache
[    0.000000] Machine: OMAP3 EVM
[    0.000000] Reserving 4194304 bytes SDRAM for VRAM
[    0.000000] Memory policy: ECC disabled, Data cache writeback
[    0.000000] OMAP3630 ES1.2 (l2cache iva sgx neon isp 192mhz_clk )
[    0.000000] SRAM: Mapped pa 0x40200000 to va 0xfe400000 size: 0x10000
[    0.000000] Built 1 zonelists in Zone order, mobility grouping on.  Total pages: 64000
[    0.000000] Kernel command line: console=ttyO0,115200n8 root=/dev/mmcblk0p2 rw rootfstype=ext3 rootwait
[    0.000000] PID hash table entries: 1024 (order: 0, 4096 bytes)
[    0.000000] Dentry cache hash table entries: 32768 (order: 5, 131072 bytes)
[    0.000000] Inode-cache hash table entries: 16384 (order: 4, 65536 bytes)
[    0.000000] Memory: 252MB = 252MB total
[    0.000000] Memory: 242240k/242240k available, 19904k reserved, 0K highmem
[    0.000000] Virtual kernel memory layout:
[    0.000000]     vector  : 0xffff0000 - 0xffff1000   (   4 kB)
[    0.000000]     fixmap  : 0xfff00000 - 0xfffe0000   ( 896 kB)
[    0.000000]     DMA     : 0xffc00000 - 0xffe00000   (   2 MB)
[    0.000000]     vmalloc : 0xd0800000 - 0xf8000000   ( 632 MB)
[    0.000000]     lowmem  : 0xc0000000 - 0xd0000000   ( 256 MB)
[    0.000000]     modules : 0xbf000000 - 0xc0000000   (  16 MB)
[    0.000000]       .init : 0xc0008000 - 0xc003c000   ( 208 kB)
[    0.000000]       .text : 0xc003c000 - 0xc05db96c   (5759 kB)
[    0.000000]       .data : 0xc05dc000 - 0xc079afe0   (1788 kB)
[    0.000000] NR_IRQS:409
[    0.000000] Clocking rate (Crystal/Core/MPU): 26.0/400/600 MHz
[    0.000000] omap_hwmod: i2c1: softreset failed (waited 10000 usec)
[    0.000000] omap_hwmod: i2c2: softreset failed (waited 10000 usec)
[    0.000000] omap_hwmod: i2c3: softreset failed (waited 10000 usec)
[    0.000000] Reprogramming SDRC clock to 400000000 Hz
[    0.000000] IRQ: Found an INTC at 0xfa200000 (revision 4.0) with 96 interrupts
[    0.000000] Total of 96 interrupts on 1 active controller
[    0.000000] GPMC revision 5.0
[    0.000000] Trying to install interrupt handler for IRQ402
[    0.000000] Trying to install interrupt handler for IRQ403
[    0.000000] Trying to install interrupt handler for IRQ404
[    0.000000] Trying to install interrupt handler for IRQ405
[    0.000000] Trying to install interrupt handler for IRQ406
[    0.000000] Trying to install interrupt handler for IRQ407
[    0.000000] Trying to install interrupt handler for IRQ408
[    0.000000] Trying to install type control for IRQ409
[    0.000000] Trying to set irq flags for IRQ409
[    0.000000] OMAP clockevent source: GPTIMER1 at 32768 Hz
[    0.000000] Console: colour dummy device 80x30
[    0.000000] Lock dependency validator: Copyright (c) 2006 Red Hat, Inc., Ingo Molnar
[    0.000000] ... MAX_LOCKDEP_SUBCLASSES:  8
[    0.000000] ... MAX_LOCK_DEPTH:          48
[    0.000000] ... MAX_LOCKDEP_KEYS:        8191
[    0.000000] ... CLASSHASH_SIZE:          4096
[    0.000000] ... MAX_LOCKDEP_ENTRIES:     16384
[    0.000000] ... MAX_LOCKDEP_CHAINS:      32768
[    0.000000] ... CHAINHASH_SIZE:          16384
[    0.000000]  memory used by lock dependency info: 3951 kB
[    0.000000]  per task-struct memory footprint: 2304 bytes
[    0.000000] Calibrating delay loop... 597.64 BogoMIPS (lpj=2334720)
[    0.000000] pid_max: default: 32768 minimum: 301
[    0.000000] Security Framework initialized
[    0.000000] Mount-cache hash table entries: 512
[    0.000000] CPU: Testing write buffer coherency: ok
[    0.000000] regulator: core version 0.5
[    0.000000] regulator: dummy: 
[    0.000000] NET: Registered protocol family 16
[    0.000000] OMAP GPIO hardware version 2.5
[    0.000000] OMAP GPIO hardware version 2.5
[    0.000000] OMAP GPIO hardware version 2.5
[    0.000000] OMAP GPIO hardware version 2.5
[    0.000000] OMAP GPIO hardware version 2.5
[    0.000000] OMAP GPIO hardware version 2.5
[    0.000000] omap_mux_init: Add partition: #1: core, flags: 0
[    0.000000] hw-breakpoint: debug architecture 0x4 unsupported.
[    0.000000] OMAP DMA hardware revision 5.0
[    0.118499] bio: create slab <bio-0> at 0
[    0.123535] regulator: vwl1271: 1800 mV 
[    0.129333] SCSI subsystem initialized
[    0.142639] usbcore: registered new interface driver usbfs
[    0.144134] usbcore: registered new interface driver hub
[    0.145233] usbcore: registered new device driver usb
[    0.150085] omap_device: omap_i2c.1: new worst case activate latency 0: 30517
[    0.150207] omap_i2c omap_i2c.1: bus 1 rev4.0 at 2600 kHz
[    0.161712] twl4030: PIH (irq 7) chaining IRQs 368..375
[    0.161895] twl4030: power (irq 373) chaining IRQs 376..383
[    0.164306] twl4030: gpio (irq 368) chaining IRQs 384..401
[    0.181762] regulator: VIO: 1800 mV normal standby
[    0.184631] regulator: VMMC1: 1850 <--> 3150 mV at 3150 mV normal standby
[    0.187377] regulator: VDAC: 1800 mV normal standby
[    0.190277] regulator: VAUX2_4030: 2800 mV normal standby
[    0.193054] regulator: VPLL2: 1800 mV normal standby
[    0.195953] regulator: VSIM: 1800 <--> 3000 mV at 1800 mV normal standby
[    0.198822] regulator: VAUX3: 2800 mV normal standby
[    0.199981] omap_device: omap_i2c.1: new worst case deactivate latency 0: 30517
[    0.200286] omap_i2c omap_i2c.2: bus 2 rev4.0 at 400 kHz
[    0.201843] omap_i2c omap_i2c.3: bus 3 rev4.0 at 400 kHz
[    0.208374] Advanced Linux Sound Architecture Driver Version 1.0.23.
[    0.214813] Switching to clocksource 32k_counter
[    0.346435] musb-hdrc: version 6.0, otg (peripheral+host), debug=0
[    0.346862] musb-hdrc musb-hdrc.0: dma type: dma-inventra
[    0.348266] musb-hdrc musb-hdrc.0: USB OTG mode controller at fa0ab000 using DMA, IRQ 92
[    0.350067] NET: Registered protocol family 2
[    0.350799] IP route cache hash table entries: 2048 (order: 1, 8192 bytes)
[    0.352569] TCP established hash table entries: 8192 (order: 4, 65536 bytes)
[    0.353027] TCP bind hash table entries: 8192 (order: 6, 360448 bytes)
[    0.357696] TCP: Hash tables configured (established 8192 bind 8192)
[    0.357818] TCP reno registered
[    0.357849] UDP hash table entries: 128 (order: 1, 12288 bytes)
[    0.358184] UDP-Lite hash table entries: 128 (order: 1, 12288 bytes)
[    0.359222] NET: Registered protocol family 1
[    0.360778] RPC: Registered udp transport module.
[    0.360778] RPC: Registered tcp transport module.
[    0.360809] RPC: Registered tcp NFSv4.1 backchannel transport module.
[    0.361877] NetWinder Floating Point Emulator V0.97 (double precision)
[    0.365844] omap_device: omap_i2c.1: new worst case activate latency 0: 91552
[    0.368682] omap3evm camera init done successfully...
[    0.369415] omap-iommu omap-iommu.0: isp registered
[    0.370269] AM37x/DM37x  Linux PSP version 04.02.00.07 (OMAP3EVM)
[    0.526916] VFS: Disk quotas dquot_6.5.2
[    0.527038] Dquot-cache hash table entries: 1024 (order 0, 4096 bytes)
[    0.529846] JFFS2 version 2.2. (NAND) (SUMMARY)   2001-2006 Red Hat, Inc.
[    0.530883] msgmni has been set to 473
[    0.537048] io scheduler noop registered
[    0.537078] io scheduler deadline registered
[    0.537231] io scheduler cfq registered (default)
[    0.598205] OMAP DSS rev 2.0
[    0.598663] OMAP DISPC rev 3.0
[    0.598785] OMAP VENC rev 2
[    0.599853] OMAP DSI rev 1.0
[    0.929931] Serial: 8250/16550 driver, 4 ports, IRQ sharing enabled
[    0.938598] omap_uart.0: ttyO0 at MMIO 0x4806a000 (irq = 72) is a OMAP UART0
[    1.654602] console [ttyO0] enabled
[    1.660034] omap_uart.1: ttyO1 at MMIO 0x4806c000 (irq = 73) is a OMAP UART1
[    1.668975] omap_uart.2: ttyO2 at MMIO 0x49020000 (irq = 74) is a OMAP UART2
[    1.677856] omap_uart.3: ttyO3 at MMIO 0x49042000 (irq = 80) is a OMAP UART3
[    1.731353] brd: module loaded
[    1.757354] loop: module loaded
[    1.769714] mtdoops: mtd device (mtddev=name/number) must be supplied
[    1.776550] omap2-nand driver initializing
[    1.781585] NAND device: Manufacturer ID: 0xad, Chip ID: 0xbc (Hynix )
[    1.788574] Creating 5 MTD partitions on "omap2-nand.0":
[    1.794219] 0x000000000000-0x000000080000 : "X-Loader-NAND"
[    1.809356] 0x000000080000-0x0000001c0000 : "U-Boot-NAND"
[    1.821929] 0x0000001c0000-0x000000280000 : "Boot Env-NAND"
[    1.834838] 0x000000280000-0x000000780000 : "Kernel-NAND"
[    1.849212] 0x000000780000-0x000020000000 : "File System - NAND"
[    2.119750] OneNAND driver initializing
[    2.124176] omap2-onenand omap2-onenand: Cannot request GPMC CS
[    2.130645] omap2-onenand: probe of omap2-onenand failed with error -16
[    2.141998] smsc911x: Driver version 2008-10-21.
[    2.154327] smsc911x-mdio: probed
[    2.158355] eth0: attached PHY driver [SMSC LAN8700] (mii_bus:phy_addr=ffffffff:01, irq=-1)
[    2.167663] net eth0: MAC Address: 00:50:c2:7e:93:ba
[    2.174560] usbcore: registered new interface driver asix
[    2.181030] usbcore: registered new interface driver cdc_ether
[    2.187896] usbcore: registered new interface driver net1080
[    2.194580] usbcore: registered new interface driver cdc_subset
[    2.201538] usbcore: registered new interface driver zaurus
[    2.207489] ehci_hcd: USB 2.0 'Enhanced' Host Controller (EHCI) Driver
[    3.222778] ehci-omap ehci-omap.0: OMAP-EHCI Host Controller
[    3.230834] ehci-omap ehci-omap.0: new USB bus registered, assigned bus number 1
[    3.239379] ehci-omap ehci-omap.0: irq 77, io mem 0x48064800
[    3.254150] ehci-omap ehci-omap.0: USB 2.0 started, EHCI 1.00
[    3.261047] usb usb1: New USB device found, idVendor=1d6b, idProduct=0002
[    3.268218] usb usb1: New USB device strings: Mfr=3, Product=2, SerialNumber=1
[    3.275848] usb usb1: Product: OMAP-EHCI Host Controller
[    3.281463] usb usb1: Manufacturer: Linux 2.6.37 ehci_hcd
[    3.287170] usb usb1: SerialNumber: ehci-omap.0
[    3.297485] hub 1-0:1.0: USB hub found
[    3.301727] hub 1-0:1.0: 3 ports detected
[    3.340972] Initializing USB Mass Storage driver...
[    3.346954] usbcore: registered new interface driver usb-storage
[    3.353332] USB Mass Storage support registered.
[    3.359069] usbcore: registered new interface driver usbtest
[    3.365203] g_ether gadget: using random self ethernet address
[    3.371398] g_ether gadget: using random host ethernet address
[    3.379882] usb0: MAC 9a:2e:dd:a2:c3:13
[    3.383911] usb0: HOST MAC 2e:90:7f:b6:98:a7
[    3.388519] g_ether gadget: Ethernet Gadget, version: Memorial Day 2008
[    3.395538] g_ether gadget: g_ether ready
[    3.399749] musb-hdrc musb-hdrc.0: MUSB HDRC host driver
[    3.405914] musb-hdrc musb-hdrc.0: new USB bus registered, assigned bus number 2
[    3.414764] usb usb2: New USB device found, idVendor=1d6b, idProduct=0002
[    3.421966] usb usb2: New USB device strings: Mfr=3, Product=2, SerialNumber=1
[    3.429565] usb usb2: Product: MUSB HDRC host driver
[    3.434844] usb usb2: Manufacturer: Linux 2.6.37 musb-hcd
[    3.440490] usb usb2: SerialNumber: musb-hdrc.0
[    3.449066] hub 2-0:1.0: USB hub found
[    3.453247] hub 2-0:1.0: 1 port detected
[    3.462951] mice: PS/2 mouse device common for all mice
[    3.472442] input: TWL4030 Keypad as /devices/platform/omap/omap_i2c.1/i2c-1/1-004a/twl4030_keypad/input/input0
[    3.493530] ads7846 spi1.0: touchscreen, irq 335
[    3.501190] input: ADS7846 Touchscreen as /devices/platform/omap2_mcspi.1/spi1.0/input/input1
[    3.518981] input: twl4030_pwrbutton as /devices/platform/omap/omap_i2c.1/i2c-1/1-0049/twl4030_pwrbutton/input/input2
[    3.534820] twl_rtc twl_rtc: rtc core: registered twl_rtc as rtc0
[    3.545013] i2c /dev entries driver
[    3.554687] Linux media interface: v0.10
[    3.559844] Linux video capture interface: v2.00
[    3.567321] omap3isp supply VDD_CSIPHY1 not found, using dummy regulator
[    3.574523] omap3isp supply VDD_CSIPHY2 not found, using dummy regulator
[    3.582061] omap3isp omap3isp: Revision 15.0 found
[    3.587463] omap-iommu omap-iommu.0: isp: version 1.1
[    3.669311] mt9t111 2-003c: Unable to detectmt9t111sensor
[    3.675292] usb 1-2: new high speed USB device using ehci-omap and address 2
[    3.690673] isp_register_subdev_group: Unable to register subdev mt9t111
[    3.700134] tvp514x 3-005c: tvp514x 3-005c decoder driver registered !!
[    3.712463] tvp514x 3-005c: tvp5146m2 (Version - 0x03) found at 0xb8 (OMAP I2C adapter)
[    3.730224] usbcore: registered new interface driver uvcvideo
[    3.736297] USB Video Class driver (v1.0.0)
[    3.741180] omap_device: omap_wdt.-1: new worst case activate latency 0: 30517
[    3.751251] OMAP Watchdog Timer Rev 0x31: initial timeout 60 sec
[    3.757690] omap_device: omap_wdt.-1: new worst case deactivate latency 0: 30517
[    3.777252] mmci-omap-hs.1 supply vmmc_aux not found, using dummy regulator
[    3.792266] usbcore: registered new interface driver usbhid
[    3.798217] usbhid: USB HID core driver
[    3.805908] usbcore: registered new interface driver snd-usb-audio
[    3.818420] OMAP3 EVM SoC init
[    3.854095] usb 1-2: New USB device found, idVendor=05e3, idProduct=0608
[    3.861206] usb 1-2: New USB device strings: Mfr=0, Product=1, SerialNumber=0
[    3.868743] usb 1-2: Product: USB2.0 Hub
[    3.889282] omap_device: omap_i2c.1: new worst case deactivate latency 0: 91552
[    3.900970] hub 1-2:1.0: USB hub found
[    3.907592] hub 1-2:1.0: 4 ports detected
[    3.926147] asoc: twl4030-hifi <-> omap-mcbsp-dai.1 mapping ok
[    3.943267] ALSA device list:
[    3.946380]   #0: omap3evm
[    3.949218] oprofile: hardware counters not available
[    3.954620] oprofile: using timer interrupt.
[    3.959411] nf_conntrack version 0.5.0 (3785 buckets, 15140 max)
[    3.967651] ip_tables: (C) 2000-2006 Netfilter Core Team
[    3.973999] TCP cubic registered
[    3.977355] Initializing XFRM netlink socket
[    3.982055] NET: Registered protocol family 17
[    3.986846] NET: Registered protocol family 15
[    3.992126] Registering the dns_resolver key type
[    3.997772] VFP support v0.3: implementor 41 architecture 3 part 30 variant c rev 3
[    4.007751] ThumbEE CPU extension supported.
[    4.032592] Power Management for TI OMAP3.
[    4.037811] sr_init: No PMIC hook to init smartreflex
[    4.043670] smartreflex smartreflex.0: omap_sr_probe: SmartReflex driver initialized
[    4.052673] smartreflex smartreflex.1: omap_sr_probe: SmartReflex driver initialized
[    4.062561] SmartReflex Class3 initialized
[    4.115142] clock: disabling unused clocks to save power
[    4.123596] platform mpu.0: omap_voltage_scale: Already at the requestedrate 600000000
[    4.218872] twl_rtc twl_rtc: setting system clock to 2014-09-22 14:56:12 UTC (1411397772)
[    4.227966] omap_vout omap_vout: Buffer Size = 3686400
[    4.236206] omap_vout omap_vout: : registered and initialized video device 16
[    4.243865] omap_vout omap_vout: Buffer Size = 3686400
[    4.252319] omap_vout omap_vout: : registered and initialized video device 17
[    4.266021] Waiting for root device /dev/mmcblk0p2...
[    4.293334] mmc0: new high speed SDHC card at address b368
[    4.301910] mmcblk0: mmc0:b368 SDC   3.74 GiB 
[    4.313537]  mmcblk0: p1 p2 p3
[    4.396606] usb 1-2.1: new high speed USB device using ehci-omap and address 3
[    4.409271] EXT3-fs: barriers not enabled
[    4.415985] kjournald starting.  Commit interval 5 seconds
[    4.422210] EXT3-fs (mmcblk0p2): warning: maximal mount count reached, running e2fsck is recommended
[    4.438415] mmc1: card claims to support voltages below the defined range. These will be ignored.
[    4.475463] mmc1: queuing unknown CIS tuple 0x91 (3 bytes)
[    4.483673] mmc1: new SDIO card at address 0001
[    4.521667] usb 1-2.1: New USB device found, idVendor=0781, idProduct=5406
[    4.528930] usb 1-2.1: New USB device strings: Mfr=1, Product=2, SerialNumber=3
[    4.536712] usb 1-2.1: Product: U3 Cruzer Micro
[    4.541473] usb 1-2.1: Manufacturer: SanDisk
[    4.545989] usb 1-2.1: SerialNumber: 0573311B4C1116BF
[    4.556365] scsi0 : usb-storage 1-2.1:1.0
[    4.787811] EXT3-fs (mmcblk0p2): using internal journal
[    4.793945] EXT3-fs (mmcblk0p2): mounted filesystem with ordered data mode
[    4.801971] VFS: Mounted root (ext3 filesystem) on device 179:2.
[    4.808410] Freeing init memory: 208K
INIT: version 2.86 booting
Please wait: booting...
Starting udev
[    5.577484] scsi 0:0:0:0: Direct-Access     SanDisk  U3 Cruzer Micro  8.02 PQ: 0 ANSI: 0 CCS
[    5.621520] sd 0:0:0:0: [sda] 3907583 512-byte logical blocks: (2.00 GB/1.86 GiB)
[    5.635223] sd 0:0:0:0: [sda] Write Protect is off
[    5.640441] sd 0:0:0:0: [sda] Assuming drive cache: write through
[    5.668060] sd 0:0:0:0: [sda] Assuming drive cache: write through
[    5.677368]  sda: sda1
[    5.691101] sd 0:0:0:0: [sda] Assuming drive cache: write through
[    5.697601] sd 0:0:0:0: [sda] Attached SCSI removable disk
[    5.862091] udevd (741): /proc/741/oom_adj is deprecated, please use /proc/741/oom_score_adj instead.
[    7.344970] Compat-wireless backport release: compat-wireless-2011-07-27
[    7.352081] Backport based on wl12xx.git v2.6.39-1152-g0c08ddf
[    7.565399] cfg80211: Calling CRDA to update world regulatory domain
[   13.268188] cfg80211: World regulatory domain updated:
[   13.273712] cfg80211:     (start_freq - end_freq @ bandwidth), (max_antenna_gain, max_eirp)
[   13.282531] cfg80211:     (2402000 KHz - 2472000 KHz @ 40000 KHz), (300 mBi, 2000 mBm)
[   13.290863] cfg80211:     (2457000 KHz - 2482000 KHz @ 20000 KHz), (300 mBi, 2000 mBm)
[   13.299224] cfg80211:     (2474000 KHz - 2494000 KHz @ 20000 KHz), (300 mBi, 2000 mBm)
[   13.307586] cfg80211:     (5170000 KHz - 5250000 KHz @ 40000 KHz), (300 mBi, 2000 mBm)
[   13.315948] cfg80211:     (5735000 KHz - 5835000 KHz @ 40000 KHz), (300 mBi, 2000 mBm)
[   22.632873] wl1271: loaded
[   22.986724] EXT3-fs: barriers not enabled
[   23.012451] kjournald starting.  Commit interval 5 seconds
[   23.018341] EXT3-fs (mmcblk0p3): warning: maximal mount count reached, running e2fsck is recommended
[   23.098724] EXT3-fs (mmcblk0p3): using internal journal
[   23.104278] EXT3-fs (mmcblk0p3): mounted filesystem with ordered data mode
Remounting root file system...
Caching udev devnodes
ALSA: Restoring mixer settings...
Configuring network interfaces... [   28.440887] net eth0: SMSC911x/921x identified at 0xd0884000, IRQ: 336
eth0      no wireless extensions.
udhcpc (v1.13.2) started
Sending discover...
Sending discover...
Sending select for 10.218.102.89...
Lease of 10.218.102.89 obtained, lease time 3600
adding dns 192.0.2.2
adding dns 192.0.2.3
done.
Setting up IP spoofing protection: rp_filter.
INIT: Entering runlevel: 5
Starting system message bus: dbus.
Starting Hardware abstraction layer hald
[   35.211029] tvp514x 3-005c: tvp5146m2 (Version - 0x03) found at 0xb8 (OMAP I2C adapter)
Starting Dropbear SSH server: dropbear.
Starting telnet daemon.
Starting network benchmark server: netserver.
Starting syslogd/klogd: done
Starting thttpd.
Starting PVR
[   38.281951] 
[   38.281951] =============================================
[   38.289184] [ INFO: possible recursive locking detected ]
[   38.294860] 2.6.37 #1
[   38.297210] ---------------------------------------------
[   38.302886] pvrsrvinit/2342 is trying to acquire lock:
[   38.308288]  (psPVRSRVMutex){+.+.+.}, at: [<bf1416dc>] PVRMMapRegisterArea+0x10/0x64 [pvrsrvkm]
[   38.317565] 
[   38.317565] but task is already holding lock:
[   38.323669]  (psPVRSRVMutex){+.+.+.}, at: [<bf143e40>] PVRSRV_BridgeDispatchKM+0x1c/0xec [pvrsrvkm]
[   38.333221] 
[   38.333251] other info that might help us debug this:
[   38.340087] 1 lock held by pvrsrvinit/2342:
[   38.344451]  #0:  (psPVRSRVMutex){+.+.+.}, at: [<bf143e40>] PVRSRV_BridgeDispatchKM+0x1c/0xec [pvrsrvkm]
[   38.354492] 
[   38.354492] stack backtrace:
[   38.359100] [<c004b690>] (unwind_backtrace+0x0/0xe0) from [<c00a05b0>] (__lock_acquire+0xe78/0x182c)
[   38.368652] [<c00a05b0>] (__lock_acquire+0xe78/0x182c) from [<c00a1540>] (lock_acquire+0xe0/0x104)
[   38.378051] [<c00a1540>] (lock_acquire+0xe0/0x104) from [<c042b428>] (mutex_lock_nested+0x58/0x2d8)
[   38.387603] [<c042b428>] (mutex_lock_nested+0x58/0x2d8) from [<bf1416dc>] (PVRMMapRegisterArea+0x10/0x64 [pvrsrvkm])
[   38.398773] [<bf1416dc>] (PVRMMapRegisterArea+0x10/0x64 [pvrsrvkm]) from [<bf142a08>] (OSAllocPages_Impl+0x6c/0xac [pvrsrvkm])
[   38.410827] [<bf142a08>] (OSAllocPages_Impl+0x6c/0xac [pvrsrvkm]) from [<bf13a4a4>] (BM_ImportMemory+0xcc/0x260 [pvrsrvkm])
[   38.422607] [<bf13a4a4>] (BM_ImportMemory+0xcc/0x260 [pvrsrvkm]) from [<bf13f0f8>] (RA_Alloc+0xac/0x240 [pvrsrvkm])
[   38.433624] [<bf13f0f8>] (RA_Alloc+0xac/0x240 [pvrsrvkm]) from [<bf13aae8>] (BM_Alloc+0xa4/0x248 [pvrsrvkm])
[   38.444061] [<bf13aae8>] (BM_Alloc+0xa4/0x248 [pvrsrvkm]) from [<bf13f7c0>] (AllocDeviceMem.clone.0+0x74/0xe8 [pvrsrvkm])
[   38.455657] [<bf13f7c0>] (AllocDeviceMem.clone.0+0x74/0xe8 [pvrsrvkm]) from [<bf13ff30>] (_PVRSRVAllocDeviceMemKM+0x80/0x150 [pvrsrvkm])
[   38.468658] [<bf13ff30>] (_PVRSRVAllocDeviceMemKM+0x80/0x150 [pvrsrvkm]) from [<bf149aec>] (PVRSRVAllocDeviceMemBW+0xa4/0x1a8 [pvrsrvkm])
[   38.481750] [<bf149aec>] (PVRSRVAllocDeviceMemBW+0xa4/0x1a8 [pvrsrvkm]) from [<bf14a41c>] (BridgedDispatchKM+0xd8/0x130 [pvrsrvkm])
[   38.494293] [<bf14a41c>] (BridgedDispatchKM+0xd8/0x130 [pvrsrvkm]) from [<bf143ee4>] (PVRSRV_BridgeDispatchKM+0xc0/0xec [pvrsrvkm])
[   38.506744] [<bf143ee4>] (PVRSRV_BridgeDispatchKM+0xc0/0xec [pvrsrvkm]) from [<c0109b2c>] (do_vfs_ioctl+0x4e0/0x554)
[   38.517791] [<c0109b2c>] (do_vfs_ioctl+0x4e0/0x554) from [<c0109bec>] (sys_ioctl+0x4c/0x6c)
[   38.526580] [<c0109bec>] (sys_ioctl+0x4c/0x6c) from [<c0045a80>] (ret_fast_syscall+0x0/0x3c)
Starting Lighttpd Web Server: lighttpd.
2014-09-22 14:56:45: (log.c.166) server started 
Starting Matrix GUI application.
***************************************************************
***************************************************************
NOTICE: This file system contains the followin GPLv3 packages:
	binutils-dev
	binutils-symlinks
	binutils
	gdbserver
If you do not wish to distribute GPLv3 components please remove
the above packages prior to distribution.  This can be done using
the opkg remove command.  i.e.:
    opkg remove <package>
Where <package> is the name printed in the list above
NOTE: If the package is a dependency of another package you
      will be notified of the dependent packages.  You should
      use the --force-removal-of-dependent-packages option to
      also remove the dependent packages as well
************************
 _____                    _____           _         _   
|  _  |___ ___ ___ ___   |  _  |___ ___  |_|___ ___| |_ 
|     |  _| .'| . | . |  |   __|  _| . | | | -_|  _|  _|
|__|__|_| |__,|_  |___|  |__|  |_| |___|_| |___|___|_|  
              |___|                    |___|            
Arago Project http://arago-project.org am37x-evm ttyO0
Arago 2011.09 am37x-evm ttyO0
am37x-evm login: 
- 07:01:48 [INFO] Disconnected serial from am37x-evm
- 07:02:10 [INFO] Connected to am37x-evm via serial 
- 07:02:10 [INFO] Host: 
- 07:02:10 [ERROR] On command:  waiting for (?-mix:OMAP3_EVM\s*#) >>> error: execution expired
- 07:02:10 [INFO] Target: 
- 07:02:10 [INFO] Host: 
- 07:02:11 [INFO] Target: 
OMAP3_EVM # 
- 07:02:11 [INFO] Host: 
- 07:02:11 [INFO] Target: 
OMAP3_EVM # 
- 07:02:11 [INFO] Host: version
- 07:02:11 [INFO] Target: 
version
U-Boot 2013.01.01 (Nov 27 2013 - 12:07:30)
arm-linux-gnueabihf-gcc (crosstool-NG linaro-1.13.1-4.7-2013.03-20130313 - Linaro GCC 2013.03) 4.7.3 20130226 (prerelease)
GNU ld (crosstool-NG linaro-1.13.1-4.7-2013.03-20130313 - Linaro GCC 2013.03) 2.23.1
OMAP3_EVM # 
- 07:02:11 [INFO] Host: setenv bootargs 'console=ttyO0,115200n8 earlyprintk  '
- 07:02:11 [INFO] Target: 
setenv bootargs 'console=ttyO0,115200n8 earlyprintk  '
OMAP3_EVM # 
- 07:02:11 [INFO] Host: setenv bootcmd  ''
- 07:02:11 [INFO] Target: 
setenv bootcmd  ''
OMAP3_EVM # 
- 07:02:11 [INFO] Host: setenv autoload 'no'
- 07:02:11 [INFO] Target: 
setenv autoload 'no'
OMAP3_EVM # 
- 07:02:11 [INFO] Host: setenv serverip '10.218.102.142'
- 07:02:11 [INFO] Target: 
setenv serverip '10.218.102.142'
OMAP3_EVM # 
- 07:02:11 [INFO] Host: printenv
- 07:02:11 [INFO] Target: 
printenv
autoload=no
baudrate=115200
bootargs=console=ttyO0,115200n8 earlyprintk  
bootcmd=
bootdelay=3
bootfile=uImage
bootscript=echo Running bootscript from mmc ...; source ${loadaddr}
console=ttyO0,115200n8
dieid#=16d400029ff80000015f02690c019016
ethact=smc911x-0
ethaddr=00:50:c2:7e:93:ba
loadaddr=0x82000000
loadbootscript=fatload mmc ${mmcdev} ${loadaddr} boot.scr
loaduimage=fatload mmc ${mmcdev} ${loadaddr} uImage
mmcargs=setenv bootargs console=${console} root=/dev/mmcblk0p2 rw rootfstype=ext3 rootwait
mmcboot=echo Booting from mmc ...; run mmcargs; bootm ${loadaddr}
mmcdev=0
nandargs=setenv bootargs console=${console} root=/dev/mtdblock4 rw rootfstype=jffs2
nandboot=echo Booting from nand ...; run nandargs; onenand read ${loadaddr} 280000 400000; bootm ${loadaddr}
ramdisk_addr=0x8A080000
serverip=10.218.102.142
stderr=serial
stdin=serial
stdout=serial
usbtty=cdc_acm
Environment size: 929/131068 bytes
OMAP3_EVM # 
- 07:02:11 [INFO] Host: printenv
- 07:02:11 [INFO] Target: 
printenv
autoload=no
baudrate=115200
bootargs=console=ttyO0,115200n8 earlyprintk  
bootcmd=
bootdelay=3
bootfile=uImage
bootscript=echo Running bootscript from mmc ...; source ${loadaddr}
console=ttyO0,115200n8
dieid#=16d400029ff80000015f02690c019016
ethact=smc911x-0
ethaddr=00:50:c2:7e:93:ba
loadaddr=0x82000000
loadbootscript=fatload mmc ${mmcdev} ${loadaddr} boot.scr
loaduimage=fatload mmc ${mmcdev} ${loadaddr} uImage
mmcargs=setenv bootargs console=${console} root=/dev/mmcblk0p2 rw rootfstype=ext3 rootwait
mmcboot=echo Booting from mmc ...; run mmcargs; bootm ${loadaddr}
mmcdev=0
nandargs=setenv bootargs console=${console} root=/dev/mtdblock4 rw rootfstype=jffs2
nandboot=echo Booting from nand ...; run nandargs; onenand read ${loadaddr} 280000 400000; bootm ${loadaddr}
ramdisk_addr=0x8A080000
serverip=10.218.102.142
stderr=serial
stdin=serial
stdout=serial
usbtty=cdc_acm
Environment size: 929/131068 bytes
OMAP3_EVM # 
- 07:02:11 [INFO] Host: setenv bootargs ''${bootargs}' ip=dhcp '
- 07:02:11 [INFO] Target: 
setenv bootargs ''${bootargs}' ip=dhcp '
OMAP3_EVM # 
- 07:02:11 [INFO] Host: setenv serverip '10.218.102.142'
- 07:02:11 [INFO] Target: 
setenv serverip '10.218.102.142'
OMAP3_EVM # 
- 07:02:11 [INFO] Host: setenv ipaddr dhcp
- 07:02:11 [INFO] Target: 
setenv ipaddr dhcp
OMAP3_EVM # 
- 07:02:11 [INFO] Host: setenv autoload 'no'
- 07:02:11 [INFO] Target: 
setenv autoload 'no'
OMAP3_EVM # 
- 07:02:11 [INFO] Host: dhcp
- 07:02:14 [INFO] Target: 
dhcp
smc911x: detected LAN9220 controller
smc911x: phy initialized
smc911x: MAC 00:50:c2:7e:93:ba
BOOTP broadcast 1
DHCP client bound to address 10.218.102.95
OMAP3_EVM # 
- 07:02:14 [INFO] Host: setenv serverip '10.218.102.142'
- 07:02:14 [INFO] Target: 
setenv serverip '10.218.102.142'
OMAP3_EVM # 
- 07:02:14 [INFO] Host: tftp ${loadaddr} 10.218.102.142:vatf_am37x-evm/0c3e9ee59b39ee2cf14e85bf9fc5287c
- 07:02:20 [INFO] Target: 
tftp ${loadaddr} 10.218.102.142:vatf_am37x-evm/0c3e9ee59b39ee2cf14e85bf9fc5287c
smc911x: detected LAN9220 controller
smc911x: phy initialized
smc911x: MAC 00:50:c2:7e:93:ba
Using smc911x-0 device
TFTP from server 10.218.102.142; our IP address is 10.218.102.95
Filename 'vatf_am37x-evm/0c3e9ee59b39ee2cf14e85bf9fc5287c'.
Load address: 0x82000000
Loading: *#################################################################
	 #################################################################
	 #################################################################
	 #################################################################
	 #################################################################
	 #################################################################
	 #################################################################
	 #################################################################
	 #################################################################
	 #################################################################
	 #################################################################
	 #################################################################
	 #################################################################
	 #################################################################
	 #################################################################
	 ##################################################
	 1.3 MiB/s
done
Bytes transferred = 5246328 (500d78 hex)
OMAP3_EVM # 
- 07:02:20 [INFO] Host: printenv
- 07:02:20 [INFO] Target: 
printenv
autoload=no
baudrate=115200
bootargs=console=ttyO0,115200n8 earlyprintk ip=dhcp
bootcmd=
bootdelay=3
bootfile=uImage
bootscript=echo Running bootscript from mmc ...; source ${loadaddr}
console=ttyO0,115200n8
dieid#=16d400029ff80000015f02690c019016
ethact=smc911x-0
ethaddr=00:50:c2:7e:93:ba
fileaddr=82000000
filesize=500D78
gatewayip=10.218.102.1
hostname=dhcp-10-218-102-95
ipaddr=10.218.102.95
loadaddr=0x82000000
loadbootscript=fatload mmc ${mmcdev} ${loadaddr} boot.scr
loaduimage=fatload mmc ${mmcdev} ${loadaddr} uImage
mmcargs=setenv bootargs console=${console} root=/dev/mmcblk0p2 rw rootfstype=ext3 rootwait
mmcboot=echo Booting from mmc ...; run mmcargs; bootm ${loadaddr}
mmcdev=0
nandargs=setenv bootargs console=${console} root=/dev/mtdblock4 rw rootfstype=jffs2
nandboot=echo Booting from nand ...; run nandargs; onenand read ${loadaddr} 280000 400000; bootm ${loadaddr}
netmask=255.255.255.0
ramdisk_addr=0x8A080000
serverip=10.218.102.142
stderr=serial
stdin=serial
stdout=serial
usbtty=cdc_acm
Environment size: 1075/131068 bytes
OMAP3_EVM # 
- 07:02:20 [INFO] Host: setenv bootargs ''${bootargs}' root=PARTUUID=00000000-02 rw rootfstype=ext4 rootwait '
- 07:02:20 [INFO] Target: 
setenv bootargs ''${bootargs}' root=PARTUUID=00000000-02 rw rootfstype=ext4 rootwait '
OMAP3_EVM # 
- 07:02:20 [INFO] Host: printenv
- 07:02:20 [INFO] Target: 
printenv
autoload=no
baudrate=115200
bootargs=console=ttyO0,115200n8 earlyprintk ip=dhcp root=PARTUUID=00000000-02 rw rootfstype=ext4 rootwait
bootcmd=
bootdelay=3
bootfile=uImage
bootscript=echo Running bootscript from mmc ...; source ${loadaddr}
console=ttyO0,115200n8
dieid#=16d400029ff80000015f02690c019016
ethact=smc911x-0
ethaddr=00:50:c2:7e:93:ba
fileaddr=82000000
filesize=500D78
gatewayip=10.218.102.1
hostname=dhcp-10-218-102-95
ipaddr=10.218.102.95
loadaddr=0x82000000
loadbootscript=fatload mmc ${mmcdev} ${loadaddr} boot.scr
loaduimage=fatload mmc ${mmcdev} ${loadaddr} uImage
mmcargs=setenv bootargs console=${console} root=/dev/mmcblk0p2 rw rootfstype=ext3 rootwait
mmcboot=echo Booting from mmc ...; run mmcargs; bootm ${loadaddr}
mmcdev=0
nandargs=setenv bootargs console=${console} root=/dev/mtdblock4 rw rootfstype=jffs2
nandboot=echo Booting from nand ...; run nandargs; onenand read ${loadaddr} 280000 400000; bootm ${loadaddr}
netmask=255.255.255.0
ramdisk_addr=0x8A080000
serverip=10.218.102.142
stderr=serial
stdin=serial
stdout=serial
usbtty=cdc_acm
Environment size: 1129/131068 bytes
OMAP3_EVM # 
- 07:02:20 [INFO] Host: setenv bootcmd ''${bootcmd}' if iminfo ${loadaddr}; then bootm ${loadaddr}  ; else bootz ${loadaddr}  ; bootm ${loadaddr}  ; fi'
- 07:02:20 [INFO] Target: 
setenv bootcmd ''${bootcmd}' if iminfo ${loadaddr}; then bootm ${loadaddr}  ; else bootz ${loadaddr}  ; bootm ${loadaddr}  ; fi'
OMAP3_EVM # 
- 07:02:20 [INFO] Host: bdinfo
- 07:02:20 [INFO] Target: 
bdinfo
arch_number = 0x000005FF
boot_params = 0x80000100
DRAM bank   = 0x00000000
-> start    = 0x80000000
-> size     = 0x10000000
DRAM bank   = 0x00000001
-> start    = 0x90000000
-> size     = 0x00000000
ethaddr     = 00:50:c2:7e:93:ba
ip_addr     = 10.218.102.95
baudrate    = 115200 bps
TLB addr    = 0x8FFF0000
relocaddr   = 0x8FF6E000
reloc off   = 0x0FE6E000
irq_sp      = 0x8FF0DF58
sp start    = 0x8FF0DF48
FB base     = 0x00000000
OMAP3_EVM # 
- 07:02:20 [INFO] Host: boot
- 07:02:47 [INFO] Target: 
boot
Unknown command 'iminfo' - try 'help'
Unknown command 'bootz' - try 'help'
## Booting kernel from Legacy Image at 82000000 ...
   Image Name:   Linux-3.17.0-rc6-next-20140924-0
   Image Type:   ARM Linux Kernel Image (uncompressed)
   Data Size:    5246264 Bytes = 5 MiB
   Load Address: 80800000
   Entry Point:  80800000
   Verifying Checksum ... OK
   Loading Kernel Image ... OK
Starting kernel ...
[    0.000000] Booting Linux on physical CPU 0x0
[    0.000000] Linux version 3.17.0-rc6-next-20140924-00002-g2e8bb93 (nmenon@kahuna) (gcc version 4.6.3 (Ubuntu/Linaro 4.6.3-1ubuntu5) ) #1 SMP Wed Sep 24 05:54:46 CDT 2014
[    0.000000] CPU: ARMv7 Processor [413fc082] revision 2 (ARMv7), cr=10c5387d
[    0.000000] CPU: PIPT / VIPT nonaliasing data cache, VIPT aliasing instruction cache
[    0.000000] Machine model: TI OMAP37XX EVM (TMDSEVM3730)
[    0.000000] cma: Reserved 64 MiB at 8b800000
[    0.000000] Memory policy: Data cache writeback
[    0.000000]   HighMem zone: 1048574 pages exceeds freesize 0
[    0.000000] CPU: All CPU(s) started in SVC mode.
[    0.000000] OMAP3630 ES1.2 (l2cache iva sgx neon isp 192mhz_clk )
[    0.000000] PERCPU: Embedded 10 pages/cpu @cfc8b000 s8448 r8192 d24320 u40960
[    0.000000] Built 1 zonelists in Zone order, mobility grouping on.  Total pages: 64768
[    0.000000] Kernel command line: console=ttyO0,115200n8 earlyprintk ip=dhcp root=PARTUUID=00000000-02 rw rootfstype=ext4 rootwait
[    0.000000] PID hash table entries: 1024 (order: 0, 4096 bytes)
[    0.000000] Dentry cache hash table entries: 32768 (order: 5, 131072 bytes)
[    0.000000] Inode-cache hash table entries: 16384 (order: 4, 65536 bytes)
[    0.000000] Memory: 181340K/261120K available (6772K kernel code, 931K rwdata, 2724K rodata, 704K init, 306K bss, 79780K reserved, 0K highmem)
[    0.000000] Virtual kernel memory layout:
[    0.000000]     vector  : 0xffff0000 - 0xffff1000   (   4 kB)
[    0.000000]     fixmap  : 0xffc00000 - 0xffe00000   (2048 kB)
[    0.000000]     vmalloc : 0xd0800000 - 0xff000000   ( 744 MB)
[    0.000000]     lowmem  : 0xc0000000 - 0xd0000000   ( 256 MB)
[    0.000000]     pkmap   : 0xbfe00000 - 0xc0000000   (   2 MB)
[    0.000000]     modules : 0xbf000000 - 0xbfe00000   (  14 MB)
[    0.000000]       .text : 0xc0208000 - 0xc0b4e624   (9498 kB)
[    0.000000]       .init : 0xc0b4f000 - 0xc0bff100   ( 705 kB)
[    0.000000]       .data : 0xc0c00000 - 0xc0ce8fa0   ( 932 kB)
[    0.000000]        .bss : 0xc0ce8fa0 - 0xc0d357a0   ( 306 kB)
[    0.000000] SLUB: HWalign=64, Order=0-3, MinObjects=0, CPUs=1, Nodes=1
[    0.000000] Hierarchical RCU implementation.
[    0.000000] 	RCU restricting CPUs from NR_CPUS=8 to nr_cpu_ids=1.
[    0.000000] RCU: Adjusting geometry for rcu_fanout_leaf=16, nr_cpu_ids=1
[    0.000000] NR_IRQS:16 nr_irqs:16 16
[    0.000000] IRQ: Found an INTC at 0xfa200000 (revision 4.0) with 96 interrupts
[    0.000000] Total of 96 interrupts on 1 active controller
[    0.000000] Clocking rate (Crystal/Core/MPU): 26.0/400/600 MHz
[    0.000000] OMAP clockevent source: timer1 at 32768 Hz
[    0.000030] sched_clock: 32 bits at 32kHz, resolution 30517ns, wraps every 65536000000000ns
[    0.000061] OMAP clocksource: 32k_counter at 32768 Hz
[    0.000274] Console: colour dummy device 80x30
[    0.000305] Calibrating delay loop... 594.73 BogoMIPS (lpj=1486848)
[    0.029083] pid_max: default: 32768 minimum: 301
[    0.029266] Mount-cache hash table entries: 1024 (order: 0, 4096 bytes)
[    0.029296] Mountpoint-cache hash table entries: 1024 (order: 0, 4096 bytes)
[    0.029998] CPU: Testing write buffer coherency: ok
[    0.030334] CPU0: thread -1, cpu 0, socket -1, mpidr 0
[    0.030426] Setting up static identity map for 0x80866988 - 0x80866a20
[    0.034576] Brought up 1 CPUs
[    0.034606] SMP: Total of 1 processors activated.
[    0.034606] CPU: All CPU(s) started in SVC mode.
[    0.035308] devtmpfs: initialized
[    0.039123] VFP support v0.3: implementor 41 architecture 3 part 30 variant c rev 3
[    0.059906] omap_hwmod: mcbsp2_sidetone using broken dt data from mcbsp
[    0.060516] omap_hwmod: mcbsp3_sidetone using broken dt data from mcbsp
[    0.123016] pinctrl core: initialized pinctrl subsystem
[    0.123840] regulator-dummy: no parameters
[    0.154571] NET: Registered protocol family 16
[    0.157531] DMA: preallocated 256 KiB pool for atomic coherent allocations
[    0.161224] cpuidle: using governor ladder
[    0.161254] cpuidle: using governor menu
[    0.167755] Reprogramming SDRC clock to 400000000 Hz
[    0.173553] OMAP GPIO hardware version 2.5
[    0.178283] irq: no irq domain found for /ocp/pinmux@48002030 !
[    0.178802] irq: no irq domain found for /ocp/pinmux@48002030 !
[    0.179229] irq: no irq domain found for /ocp/pinmux@48002030 !
[    0.190307] omap-gpmc 6e000000.gpmc: GPMC revision 5.0
[    0.192016] platform 48058000.ssi-controller: Cannot lookup hwmod 'ssi'
[    0.196258] No ATAGs?
[    0.196289] hw-breakpoint: debug architecture 0x4 unsupported.
[    0.196624] EXYNOS: PMU not supported
[    0.199188] OMAP DMA hardware revision 5.0
[    0.203002] Serial: AMBA PL011 UART driver
[    0.222320] edma-dma-engine edma-dma-engine.0: Can't allocate PaRAM dummy slot
[    0.222351] edma-dma-engine: probe of edma-dma-engine.0 failed with error -22
[    0.240051] omap-dma-engine 48056000.dma-controller: OMAP DMA engine driver
[    0.240936] vddvario: no parameters
[    0.241271] vdd33a: no parameters
[    0.241485] reg-fixed-voltage wl12xx_vmmc: could not find pctldev for node /ocp/pinmux@48002030/pinmux_wl12xx_gpio, deferring probe
[    0.241516] platform wl12xx_vmmc: Driver reg-fixed-voltage requests probe deferral
[    0.241790] lcd_3v3: 3300 mV 
[    0.245971] vgaarb: loaded
[    0.246917] SCSI subsystem initialized
[    0.247741] usbcore: registered new interface driver usbfs
[    0.247833] usbcore: registered new interface driver hub
[    0.248077] usbcore: registered new device driver usb
[    0.250549] omap_i2c 48070000.i2c: bus 0 rev4.4 at 2600 kHz
[    0.251190] omap_i2c 48072000.i2c: bus 1 rev4.4 at 400 kHz
[    0.252380] omap_i2c 48060000.i2c: bus 2 rev4.4 at 400 kHz
[    0.253173] Linux video capture interface: v2.00
[    0.253265] pps_core: LinuxPPS API ver. 1 registered
[    0.253265] pps_core: Software ver. 5.3.6 - Copyright 2005-2007 Rodolfo Giometti <giometti@linux.it>
[    0.253295] PTP clock support registered
[    0.253692] EDAC MC: Ver: 3.0.0
[    0.255035] Advanced Linux Sound Architecture Driver Initialized.
[    0.256744] Switched to clocksource 32k_counter
[    0.272857] NET: Registered protocol family 2
[    0.273712] TCP established hash table entries: 2048 (order: 1, 8192 bytes)
[    0.273773] TCP bind hash table entries: 2048 (order: 2, 16384 bytes)
[    0.273834] TCP: Hash tables configured (established 2048 bind 2048)
[    0.273895] TCP: reno registered
[    0.273925] UDP hash table entries: 256 (order: 1, 8192 bytes)
[    0.273956] UDP-Lite hash table entries: 256 (order: 1, 8192 bytes)
[    0.274200] NET: Registered protocol family 1
[    0.274658] RPC: Registered named UNIX socket transport module.
[    0.274658] RPC: Registered udp transport module.
[    0.274658] RPC: Registered tcp transport module.
[    0.274688] RPC: Registered tcp NFSv4.1 backchannel transport module.
[    0.277435] hw perfevents: enabled with armv7_cortex_a8 PMU driver, 5 counters available
[    0.281066] futex hash table entries: 256 (order: 2, 16384 bytes)
[    0.299713] squashfs: version 4.0 (2009/01/31) Phillip Lougher
[    0.300842] NFS: Registering the id_resolver key type
[    0.300933] Key type id_resolver registered
[    0.300933] Key type id_legacy registered
[    0.301025] msgmni has been set to 482
[    0.302093] Block layer SCSI generic (bsg) driver version 0.4 loaded (major 249)
[    0.302124] io scheduler noop registered
[    0.302154] io scheduler deadline registered
[    0.302429] io scheduler cfq registered (default)
[    0.306518] pinctrl-single 48002030.pinmux: 284 pins at pa fa002030 size 568
[    0.306945] pinctrl-single 48002a00.pinmux: 46 pins at pa fa002a00 size 92
[    0.307525] pinctrl-single 480025a0.pinmux: 46 pins at pa fa0025a0 size 92
[    0.405395] Serial: 8250/16550 driver, 4 ports, IRQ sharing disabled
[    0.408538] Serial: IMX driver
[    0.409088] msm_serial: driver initialized
[    0.410217] omap_uart 4806a000.serial: ttyO0 at MMIO 0x4806a000 (irq = 88, base_baud = 3000000) is a OMAP UART0
[    1.156951] console [ttyO0] enabled
[    1.161468] omap_uart 4806c000.serial: ttyO1 at MMIO 0x4806c000 (irq = 89, base_baud = 3000000) is a OMAP UART1
[    1.172912] omap_uart 49020000.serial: ttyO2 at MMIO 0x49020000 (irq = 90, base_baud = 3000000) is a OMAP UART2
[    1.184265] omap_uart 49042000.serial: no wakeirq for uart0
[    1.190307] omap_uart 49042000.serial: ttyO3 at MMIO 0x49042000 (irq = 96, base_baud = 3000000) is a OMAP UART3
[    1.201416] STMicroelectronics ASC driver initialized
[    1.208129] serial: Freescale lpuart driver
[    1.212921] [drm] Initialized drm 1.1.0 20060810
[    1.226776] loop: module loaded
[    1.242156] twl 0-0048: PIH (irq 23) chaining IRQs 341..349
[    1.248168] twl 0-0048: power (irq 346) chaining IRQs 349..356
[    1.259277] VAUX1: at 3000 mV 
[    1.264465] VAUX2_4030: at 1800 mV 
[    1.270080] VAUX3: at 2800 mV 
[    1.275207] VAUX4: at 2800 mV 
[    1.280334] VDD1: 600 <--> 1450 mV at 1200 mV 
[    1.286895] VDAC: 1800 mV 
[    1.293701] VIO: at 1800 mV 
[    1.299346] VINTANA1: 1500 mV 
[    1.305114] VINTANA2: at 2750 mV 
[    1.311218] VINTDIG: 1500 mV 
[    1.315704] VMMC1: 1850 <--> 3150 mV at 3150 mV 
[    1.322479] VMMC2: 1850 <--> 3150 mV at 2600 mV 
[    1.328918] VUSB1V5: 1500 mV 
[    1.333129] VUSB1V8: 1800 mV 
[    1.337158] VUSB3V1: 3100 mV 
[    1.342834] VPLL1: at 1800 mV 
[    1.350341] VPLL2: 1800 mV 
[    1.355163] VSIM: 1800 <--> 3000 mV at 1800 mV 
[    1.361480] twl4030_gpio twl4030-gpio: gpio (irq 341) chaining IRQs 357..374
[    1.473999] CAN device driver interface
[    1.480072] igb: Intel(R) Gigabit Ethernet Network Driver - version 5.2.13-k
[    1.487487] igb: Copyright (c) 2007-2014 Intel Corporation.
[    1.497283] libphy: smsc911x-mdio: probed
[    1.562072] smsc911x 2c000000.ethernet eth0: attached PHY driver [Generic PHY] (mii_bus:phy_addr=2c000000.etherne:01, irq=-1)
[    1.574188] smsc911x 2c000000.ethernet eth0: MAC Address: 00:50:c2:7e:93:ba
[    1.583618] pegasus: v0.9.3 (2013/04/25), Pegasus/Pegasus II USB Ethernet driver
[    1.591522] usbcore: registered new interface driver pegasus
[    1.597595] usbcore: registered new interface driver asix
[    1.603363] usbcore: registered new interface driver ax88179_178a
[    1.609863] usbcore: registered new interface driver cdc_ether
[    1.616088] usbcore: registered new interface driver smsc75xx
[    1.622253] usbcore: registered new interface driver smsc95xx
[    1.628356] usbcore: registered new interface driver net1080
[    1.634399] usbcore: registered new interface driver cdc_subset
[    1.640686] usbcore: registered new interface driver zaurus
[    1.646728] usbcore: registered new interface driver cdc_ncm
[    1.652740] ehci_hcd: USB 2.0 'Enhanced' Host Controller (EHCI) Driver
[    1.659606] ehci-pci: EHCI PCI platform driver
[    1.664367] ehci-platform: EHCI generic platform driver
[    1.670288] ehci-omap: OMAP-EHCI Host Controller driver
[    1.676269] ehci-omap 48064800.ehci: EHCI Host Controller
[    1.682006] ehci-omap 48064800.ehci: new USB bus registered, assigned bus number 1
[    1.690277] ehci-omap 48064800.ehci: irq 93, io mem 0x48064800
[    1.701934] ehci-omap 48064800.ehci: USB 2.0 started, EHCI 1.00
[    1.709411] hub 1-0:1.0: USB hub found
[    1.713470] hub 1-0:1.0: 3 ports detected
[    1.718749] ehci-orion: EHCI orion driver
[    1.723419] SPEAr-ehci: EHCI SPEAr driver
[    1.727966] tegra-ehci: Tegra EHCI driver
[    1.732543] ohci_hcd: USB 1.1 'Open' Host Controller (OHCI) Driver
[    1.739074] ohci-pci: OHCI PCI platform driver
[    1.743865] ohci-platform: OHCI generic platform driver
[    1.749664] ohci-omap3: OHCI OMAP3 driver
[    1.754272] ohci-omap3 48064400.ohci: OHCI Host Controller
[    1.760101] ohci-omap3 48064400.ohci: new USB bus registered, assigned bus number 2
[    1.768371] ohci-omap3 48064400.ohci: irq 92, io mem 0x48064400
[    1.848052] hub 2-0:1.0: USB hub found
[    1.852111] hub 2-0:1.0: 3 ports detected
[    1.857299] SPEAr-ohci: OHCI SPEAr driver
[    1.863403] usbcore: registered new interface driver usb-storage
[    1.872589] mousedev: PS/2 mouse device common for all mice
[    1.883819] twl_rtc 48070000.i2c:twl@48:rtc: Enabling TWL-RTC
[    1.894378] twl_rtc 48070000.i2c:twl@48:rtc: rtc core: registered 48070000.i2c:twl@48 as rtc0
[    1.905181] i2c /dev entries driver
[    1.912445] usbcore: registered new interface driver uvcvideo
[    1.918518] USB Video Class driver (1.1.1)
[    1.922821] gspca_main: v2.14.0 registered
[    1.933563] sdhci: Secure Digital Host Controller Interface driver
[    1.940093] sdhci: Copyright(c) Pierre Ossman
[    1.977569] omap_hsmmc 480b4000.mmc: unable to get vmmc regulator -517
[    1.984588] platform 480b4000.mmc: Driver omap_hsmmc requests probe deferral
[    1.992858] Synopsys Designware Multimedia Card Interface Driver
[    2.000518] sdhci-pltfm: SDHCI platform and OF driver helper
[    2.009033] usbcore: registered new interface driver usbhid
[    2.014923] usbhid: USB HID core driver
[    2.028564] TCP: cubic registered
[    2.032104] NET: Registered protocol family 17
[    2.036834] can: controller area network core (rev 20120528 abi 9)
[    2.043457] NET: Registered protocol family 29
[    2.048156] can: raw protocol (rev 20120528)
[    2.052673] can: broadcast manager protocol (rev 20120528 t)
[    2.058624] can: netlink gateway (rev 20130117) max_hops=1
[    2.065093] Key type dns_resolver registered
[    2.069946] omap2_set_init_voltage: unable to find boot up OPP for vdd_mpu_iva
[    2.077575] omap2_set_init_voltage: unable to set vdd_mpu_iva
[    2.083618] omap2_set_init_voltage: unable to find boot up OPP for vdd_core
[    2.090942] omap2_set_init_voltage: unable to set vdd_core
[    2.098297] ThumbEE CPU extension supported.
[    2.102905] Registering SWP/SWPB emulation handler
[    2.110015] vwl1271: 1800 mV 
[    2.113342] vwl1271: supplied by VMMC2
[    2.150451] mmc0: host does not support reading read-only switch. assuming write-enable.
[    2.160949] mmc0: new high speed SDHC card at address b368
[    2.167327] mmcblk0: mmc0:b368 SDC   3.74 GiB 
[    2.173828]  mmcblk0: p1 p2 p3
[    2.227050] twl_rtc 48070000.i2c:twl@48:rtc: setting system clock to 2014-09-22 14:58:25 UTC (1411397905)
[    2.351318] omap_hsmmc 480b4000.mmc: card claims to support voltages below defined range
[    2.359924] smsc911x 2c000000.ethernet eth0: SMSC911x/921x identified at 0xd0808000, IRQ: 288
[    2.383087] mmc1: queuing unknown CIS tuple 0x91 (3 bytes)
[    2.392700] mmc1: new SDIO card at address 0001
[    5.582000] Sending DHCP requests ., OK
[    5.657409] IP-Config: Got DHCP answer from 10.218.102.3, my address is 10.218.102.95
[    5.665985] IP-Config: Complete:
[    5.669403]      device=eth0, hwaddr=00:50:c2:7e:93:ba, ipaddr=10.218.102.95, mask=255.255.255.0, gw=10.218.102.1
[    5.680206]      host=dhcp-10-218-102-95, domain=am.dhcp.ti.com, nis-domain=(none)
[    5.688201]      bootserver=0.0.0.0, rootserver=0.0.0.0, rootpath=
[    5.694763]      nameserver0=192.0.2.2, nameserver1=192.0.2.3
[    5.701629] VUSB3V1: disabling
[    5.706634] lcd_3v3: disabling
[    5.710205] ALSA device list:
[    5.713378]   No soundcards found.
[    7.470855] EXT4-fs (mmcblk0p2): warning: maximal mount count reached, running e2fsck is recommended
[    7.836517] EXT4-fs (mmcblk0p2): recovery complete
[    7.848144] EXT4-fs (mmcblk0p2): mounted filesystem with ordered data mode. Opts: (null)
[    7.856719] VFS: Mounted root (ext4 filesystem) on device 179:2.
[    7.873138] devtmpfs: mounted
[    7.877471] Freeing unused kernel memory: 704K (c0b4f000 - c0bff000)
INIT: version 2.86 booting
Please wait: booting...
Error opening /dev/fb0: No such file or directory
Starting udev
[    8.549133] udevd (83): /proc/83/oom_adj is deprecated, please use /proc/83/oom_score_adj instead.
[    9.536956] random: nonblocking pool is initialized
[   14.716430] EXT4-fs (mmcblk0p3): mounting ext3 file system using the ext4 subsystem
[   14.746337] FAT-fs (mmcblk0p1): codepage cp437 not found
[   14.817108] EXT4-fs (mmcblk0p3): warning: maximal mount count reached, running e2fsck is recommended
[   14.893371] EXT4-fs (mmcblk0p3): recovery complete
[   14.898590] EXT4-fs (mmcblk0p3): mounted filesystem with ordered data mode. Opts: (null)
[   17.417572] alignment: ignoring faults is unsafe on this CPU.  Defaulting to fixup mode.
Remounting root file system...
[   17.495208] EXT4-fs (mmcblk0p2): re-mounted. Opts: (null)
Caching udev devnodes
logger: mount: mount point /proc/bus/usb does not exist
ALSA: Restoring mixer settings...
Configuring network interfaces... /usr/sbin/alsactl: load_state:1625: No soundcards found...
ifconfig: SIOCSIFFLAGS: Input/output error
eth0      no wireless extensions.
ifconfig: SIOCSIFFLAGS: Input/output error
done.
Setting up IP spoofing protection: rp_filter.
INIT: Entering runlevel: 5
Starting system message bus: dbus.
Starting Hardware abstraction layer hald
Starting Dropbear SSH server: dropbear.
Starting telnet daemon.
Starting network benchmark server: netserver.
Starting syslogd/klogd: done
Starting thttpd.
Starting Lighttpd Web Server: lighttpd.
2014-09-22 14:58:44: (log.c.166) server started 
Starting Matrix GUI application.
***************************************************************
***************************************************************
NOTICE: This file system contains the followin GPLv3 packages:
	binutils-dev
	binutils-symlinks
	binutils
	gdbserver
If you do not wish to distribute GPLv3 components please remove
the above packages prior to distribution.  This can be done using
the opkg remove command.  i.e.:
    opkg remove <package>
Where <package> is 
 _____                    _____           _         _   
|  _  |___ ___ ___ ___   |  _  |___ ___  |_|___ ___| |_ 
|     |  _| .'| . | . |  |   __|  _| . | | | -_|  _|  _|
|__|__|_| |__,|_  |___|  |__|  |_| |___|_| |___|___|_|  
              |___|                    |___|            
Arago Project http://arago-project.org am37x-evm ttyO0
Arago 2011.09 am37x-evm ttyO0
am37x-evm login: 
- 07:02:47 [INFO] Host: root
- 07:02:47 [INFO] Target: 
root
root@am37x-evm:~# 
- 07:02:47 [INFO] Host: uname -a
- 07:02:47 [INFO] Target: 
uname -a
Linux am37x-evm 3.17.0-rc6-next-20140924-00002-g2e8bb93 #1 SMP Wed Sep 24 05:54:46 CDT 2014 armv7l unknown
root@am37x-evm:~# 
- 07:02:47 [INFO] Host: cat /proc/cmdline
- 07:02:47 [INFO] Target: 
cat /proc/cmdline
console=ttyO0,115200n8 earlyprintk ip=dhcp root=PARTUUID=00000000-02 rw rootfstype=ext4 rootwait
root@am37x-evm:~#
- 07:02:47 [INFO] Host: uname -a
- 07:02:48 [INFO] Target: 
 uname -a
Linux am37x-evm 3.17.0-rc6-next-20140924-00002-g2e8bb93 #1 SMP Wed Sep 24 05:54:46 CDT 2014 armv7l unknown
root@am37x-evm:~# 
- 07:02:48 [INFO] Host: cat /proc/mtd
- 07:02:48 [INFO] Target: 
cat /proc/mtd
dev:    size   erasesize  name
root@am37x-evm:~# 
- 07:02:52 [INFO] Host: export IPERFHOST=10.218.102.142
- 07:02:52 [INFO] Target: 
export IPERFHOST=10.218.102.142
root@am37x-evm:~# 
- 07:02:52 [INFO] Host: export NFS_SERVER=10.218.102.142
- 07:02:52 [INFO] Target: 
export NFS_SERVER=10.218.102.142
root@am37x-evm:~# 
- 07:02:52 [INFO] Host: export NFS_ROOT_PATH=/home/tigt-0001/NFS_exports/am37x
- 07:02:52 [INFO] Target: 
export NFS_ROOT_PATH=/home/tigt-0001/NFS_exports/am37x
root@am37x-evm:~# 
- 07:02:52 [INFO] Host: mkdir -p -m 777 /test
- 07:02:52 [INFO] Target: 
mkdir -p -m 777 /test
root@am37x-evm:~# 
- 07:02:52 [INFO] Host: cd /test
- 07:02:52 [INFO] Target: 
cd /test
root@am37x-evm:/test# 
- 07:02:52 [INFO] Host: cat > test.sh << EOF
- 07:02:52 [INFO] Target: 
cat > test.sh << EOF
- 07:02:52 [INFO] Host: failtest() {
- 07:02:52 [INFO] Target: 
failtest() {
- 07:02:52 [INFO] Host:   echo 1 >&3
- 07:02:52 [INFO] Target: 
  echo 1 >&3
- 07:02:52 [INFO] Host: }
- 07:02:53 [INFO] Target: 
- 07:02:53 [INFO] Host: timeout=600
- 07:02:53 [INFO] Target: 
timeout=600
- 07:02:53 [INFO] Host: 
- 07:02:53 [INFO] Target: 
- 07:02:53 [INFO] Host: # Start of user's script logic
- 07:02:53 [INFO] Target: 
# Start of user's script logic
- 07:02:53 [INFO] Host: 
- 07:02:53 [INFO] Target: 
- 07:02:53 [INFO] Host: 
- 07:02:53 [INFO] Target: 
- 07:02:53 [INFO] Host: mount -t proc proc /proc 2>/dev/null;
- 07:02:53 [INFO] Target: 
mount -t proc proc /proc 2>/dev/null;
- 07:02:53 [INFO] Host: 
- 07:02:53 [INFO] Target: 
- 07:02:53 [INFO] Host: mount -t sysfs sys /sys 2>/dev/null;
- 07:02:53 [INFO] Target: 
mount -t sysfs sys /sys 2>/dev/null;
- 07:02:53 [INFO] Host: 
- 07:02:53 [INFO] Target: 
- 07:02:53 [INFO] Host: mount -t debugfs none /sys/kernel/debug 2>/dev/null;
- 07:02:53 [INFO] Target: 
mount -t debugfs none /sys/kernel/debug 2>/dev/null;
- 07:02:53 [INFO] Host: 
- 07:02:53 [INFO] Target: 
- 07:02:53 [INFO] Host: echo 'cpuinfo:';cat /proc/cpuinfo; echo '=======';
- 07:02:53 [INFO] Target: 
echo 'cpuinfo:';cat /proc/cpuinfo; echo '=======';
- 07:02:53 [INFO] Host: 
- 07:02:53 [INFO] Target: 
- 07:02:53 [INFO] Host: echo 'soc info:';head /sys/devices/soc0/* 2>/dev/null; echo '=======';
- 07:02:53 [INFO] Target: 
echo 'soc info:';head /sys/devices/soc0/* 2>/dev/null; echo '=======';
- 07:02:53 [INFO] Host: 
- 07:02:53 [INFO] Target: 
- 07:02:53 [INFO] Host: echo 'DT Model info'; head /proc/device-tree/name /proc/device-tree/model /proc/device-tree/compatible 2>/dev/null;echo; echo '=======';
- 07:02:53 [INFO] Target: 
echo 'DT Model info'; head /proc/device-tree/name /proc/device-tree/model /pro
c/device
- 07:02:53 [INFO] Host: 
- 07:02:53 [INFO] Target: 
-tree/compatible 2>/dev/null;echo; echo '=======';
- 07:02:53 [INFO] Host: echo 'interrupts:';cat /proc/interrupts; echo '=======';
- 07:02:54 [INFO] Target: 
echo 'interrupts:';cat /proc/interrupts; echo '=======';
- 07:02:54 [INFO] Host: 
- 07:02:54 [INFO] Target: 
- 07:02:54 [INFO] Host: echo 'Clk_summary:';cat /sys/kernel/debug/clk/clk_summary; echo '=======';
- 07:02:54 [INFO] Target: 
echo 'Clk_summary:';cat /sys/kernel/debug/clk/clk_summary; echo '=======';
- 07:02:54 [INFO] Host: 
- 07:02:54 [INFO] Target: 
- 07:02:54 [INFO] Host: echo 'Orphan Clks:';ls /sys/kernel/debug/clk/orphans/; echo '=======';
- 07:02:54 [INFO] Target: 
echo 'Orphan Clks:';ls /sys/kernel/debug/clk/orphans/; echo '=======';
- 07:02:54 [INFO] Host: 
- 07:02:54 [INFO] Target: 
- 07:02:54 [INFO] Host: echo "Available frequencies"; cat /sys/devices/system/cpu/cpu0/cpufreq/scaling_available_frequencies 2>/dev/null;echo '=======';
- 07:02:54 [INFO] Target: 
echo "Available frequencies"; cat /sys/devices/system/cpu/cpu0/cpufreq/scaling
_available_frequencies 2>/dev/null;echo '=======';
- 07:02:54 [INFO] Host: 
- 07:02:54 [INFO] Target: 
- 07:02:54 [INFO] Host: echo 'H''ello World' 'B''oard Booted';
- 07:02:54 [INFO] Target: 
echo 'H''ello World' 'B''oard Booted';
- 07:02:54 [INFO] Host: 
- 07:02:54 [INFO] Target: 
- 07:02:54 [INFO] Host: EOF
- 07:02:54 [INFO] Target: 
root@am37x-evm:/test# 
- 07:02:54 [INFO] Host: cd /test
- 07:02:54 [INFO] Target: 
cd /test
root@am37x-evm:/test# 
- 07:02:54 [INFO] Host: chmod +x test.sh
- 07:02:54 [INFO] Target: 
chmod +x test.sh
root@am37x-evm:/test# 
- 07:02:54 [INFO] Host: ./test.sh 2> stderr.log > stdout.log 3> result.log
- 07:02:54 [INFO] Target: 
./test.sh 2> stderr.log > stdout.log 3> result.log
root@am37x-evm:/test# 
- 07:02:54 [INFO] Host: echo $?
- 07:02:54 [INFO] Target: 
echo $?
root@am37x-evm:/test# 
- 07:02:54 [INFO] Host: cd /test
- 07:02:55 [INFO] Target: 
cd /test
root@am37x-evm:/test# 
- 07:02:55 [INFO] Host: cat stdout.log
- 07:02:57 [INFO] Target: 
cat stdout.log
cpuinfo:
processor	: 0
model name	: ARMv7 Processor rev 2 (v7l)
Features	: half thumb fastmult vfp edsp thumbee neon vfpv3 tls vfpd32 
CPU implementer	: 0x41
CPU architecture: 7
CPU variant	: 0x3
CPU part	: 0xc08
CPU revision	: 2
Hardware	: Generic OMAP36xx (Flattened Device Tree)
Revision	: 0000
Serial		: 0000000000000000
=======
soc info:
==> /sys/devices/soc0/family <==
OMAP3
==> /sys/devices/soc0/machine <==
OMAP3630
==> /sys/devices/soc0/power <==
==> /sys/devices/soc0/revision <==
ES1.2
==> /sys/devices/soc0/subsystem <==
==> /sys/devices/soc0/type <==
==> /sys/devices/soc0/uevent <==
=======
DT Model info
==> /proc/device-tree/name <==
==> /proc/device-tree/model <==
TI OMAP37XX EVM (TMDSEVM3730)
==> /proc/device-tree/compatible <==
ti,omap3-evm-37xxti,omap36xx
=======
interrupts:
           CPU0       
 23:          0      INTC   7  TWL4030-PIH
 25:          0      INTC   9  l3-debug-irq
 26:          0      INTC  10  l3-app-irq
 28:          0      INTC  12  DMA
 29:       4178      INTC  13  omap-dma-engine
 36:          0      INTC  20  gpmc
 53:       4286      INTC  37  gp_timer
 72:       1022      INTC  56  48070000.i2c
 73:          0      INTC  57  48072000.i2c
 77:          0      INTC  61  48060000.i2c
 88:       4821      INTC  72  OMAP UART0
 92:          1      INTC  76  ohci_hcd:usb2
 93:          0      INTC  77  ehci_hcd:usb1
 99:       6605      INTC  83  mmc0
102:        144      INTC  86  mmc1
288:         14  49058000.gpio  16  eth0
306:        742      PRCM  pm_wkup
315:          2      PRCM  pinctrl, pinctrl, pinctrl, pm_io
338:          1   pinctrl 338  OMAP UART0
341:          0   twl4030   0  twl4030_gpio
346:          0   twl4030   5  twl4030_power
352:          0   twl4030  11  rtc0
IPI0:          0  CPU wakeup interrupts
IPI1:          0  Timer broadcast interrupts
IPI2:          0  Rescheduling interrupts
IPI3:          0  Function call interrupts
IPI4:          0  Single function call interrupts
IPI5:          0  CPU stop interrupts
IPI6:          0  IRQ work interrupts
IPI7:          0  completion interrupts
Err:          0
=======
Clk_summary:
   clock                         enable_cnt  prepare_cnt        rate   accuracy
--------------------------------------------------------------------------------
 secure_32k_fck                           0            1       32768          0
    wdt1_fck                              0            0       32768          0
    gpt12_fck                             0            1       32768          0
 dummy_ck                                 0            0           0          0
 mcbsp_clks                               0            5           0          0
 sys_altclk                               0            0           0          0
 virt_38_4m_ck                            0            0    38400000          0
 virt_26000000_ck                         1            1    26000000          0
    osc_sys_ck                            1            1    26000000          0
       sys_clkout1                        0            0    26000000          0
       sys_ck                             4           18    13000000          0
          cpefuse_fck                     0            0    13000000          0
          dpll5_ck                        1            1   120000000          0
             dpll5_m2_ck                  1            1   120000000          0
                usbhost_120m_fck           0            0   120000000          0
                usbtll_fck                1            1   120000000          0
                dpll5_m2_d4_ck            0            0    30000000          0
                dpll5_m2_d8_ck            0            0    15000000          0
                dpll5_m2_d16_ck           0            0     7500000          0
                dpll5_m2_d20_ck           0            0     6000000          0
          sys_d2_ck                       0            0     6500000          0
             usim_fck                     0            0     6500000          0
          modem_fck                       0            0    13000000          0
          dpll2_ck                        0            1   260000000          0
             dpll2_m2_ck                  0            1   260000000          0
                iva2_ck                   0            2   260000000          0
          sr2_fck                         0            1    13000000          0
          sr1_fck                         0            1    13000000          0
          traceclk_src_fck                0            0    13000000          0
             traceclk_fck                 0            0    13000000          0
          emu_src_mux_ck                  0            1    13000000          0
             emu_src_ck                   0            1    13000000          0
                atclk_fck                 0            0    13000000          0
                pclkx2_fck                0            0    13000000          0
                pclk_fck                  0            0     6500000          0
          gpt9_fck                        0            1    13000000          0
          gpt8_fck                        0            1    13000000          0
          gpt7_fck                        0            1    13000000          0
          gpt6_fck                        0            1    13000000          0
          gpt5_fck                        0            1    13000000          0
          gpt4_fck                        0            1    13000000          0
          gpt3_fck                        0            1    13000000          0
          gpt2_fck                        0            1    13000000          0
          dss2_alwon_fck                  0            2    13000000          0
          dpll1_ck                        0            1   600000000          0
             dpll1_x2_ck                  0            1  1200000000          0
                dpll1_x2m2_ck             0            1  1200000000          0
                   mpu_ck                 0            1  1200000000          0
                      emu_mpu_alwon_ck           0            0  1200000000          0
                      arm_fck             0            1   600000000          0
          dpll3_ck                        1            1   400000000          0
             dpll3_m2_ck                  1            1   400000000          0
                core_ck                   1            1   400000000          0
                   core_d2_ck             0            0   200000000          0
                      sgx_fck             0            0   200000000          0
                   core_d6_ck             0            0    66666666          0
                   core_d4_ck             0            0   100000000          0
                   core_d3_ck             0            0   133333333          0
                   dpll2_fck              0            0   400000000          0
                   l3_ick                 2            3   200000000          0
                      sgx_ick             0            0   200000000          0
                      mad2d_ick           0            0   200000000          0
                      sad2d_ick           0            1   200000000          0
                      security_l3_ick           0            0   200000000          0
                         pka_ick           0            0   200000000          0
                      core_l3_ick           8           10   200000000          0
                         hsotgusb_ick_3430es2           0            1   200000000          0
                         gpmc_fck           2            2   200000000          0
                         sdrc_ick           1            1   200000000          0
                      l4_ick              6            7   100000000          0
                         usbhost_ick           1            1   100000000          0
                         dss_ick_3430es2           4            6   100000000          0
                         sr_l4_ick           2            2   100000000          0
                         ssi_l4_ick           0            0   100000000          0
                            ssi_ick_3430es2           0            0   100000000          0
                         cam_ick           0            1   100000000          0
                         security_l4_ick2           0            0   100000000          0
                            des1_ick           0            0   100000000          0
                            sha11_ick           0            0   100000000          0
                            rng_ick           0            0   100000000          0
                            aes1_ick           0            0   100000000          0
                         per_l4_ick          15           18   100000000          0
                            mcbsp4_ick           2            2   100000000          0
                            mcbsp3_ick           2            2   100000000          0
                            mcbsp2_ick           1            1   100000000          0
                            gpt2_ick           1            1   100000000          0
                            gpt3_ick           1            1   100000000          0
                            gpt4_ick           1            1   100000000          0
                            gpt5_ick           1            1   100000000          0
                            gpt6_ick           1            1   100000000          0
                            gpt7_ick           1            1   100000000          0
                            gpt8_ick           1            1   100000000          0
                            gpt9_ick           1            1   100000000          0
                            uart4_ick           1            1   100000000          0
                            uart3_ick           1            1   100000000          0
                            wdt3_ick           0            0   100000000          0
                            gpio2_ick           0            1   100000000          0
                            gpio3_ick           0            1   100000000          0
                            gpio4_ick           0            1   100000000          0
                            gpio5_ick           1            1   100000000          0
                            gpio6_ick           1            1   100000000          0
                         core_l4_ick          21           23   100000000          0
                            mmchs3_ick           1            1   100000000          0
                            usbtll_ick           1            1   100000000          0
                            mailboxes_ick           0            1   100000000          0
                            mspro_ick           0            0   100000000          0
                            des2_ick           0            0   100000000          0
                            icr_ick           0            0   100000000          0
                            sha12_ick           1            2   100000000          0
                            aes2_ick           1            2   100000000          0
                            omapctrl_ick           1            1   100000000          0
                            mcbsp1_ick           1            1   100000000          0
                            mcbsp5_ick           1            1   100000000          0
                            gpt10_ick           1            1   100000000          0
                            gpt11_ick           1            1   100000000          0
                            uart1_ick           1            1   100000000          0
                            uart2_ick           1            1   100000000          0
                            i2c1_ick           1            1   100000000          0
                            i2c2_ick           1            1   100000000          0
                            i2c3_ick           1            1   100000000          0
                            mcspi1_ick           1            1   100000000          0
                            mcspi2_ick           1            1   100000000          0
                            mcspi3_ick           1            1   100000000          0
                            mcspi4_ick           1            1   100000000          0
                            hdq_ick           0            1   100000000          0
                            mmchs1_ick           1            1   100000000          0
                            mmchs2_ick           1            1   100000000          0
                         rm_ick           0            0    50000000          0
                   dpll1_fck              0            0   200000000          0
                dpll3_m2x2_ck             0            0   800000000          0
                   corex2_fck             0            0   800000000          0
                      ssi_ssr_fck_3430es2           0            0   266666667          0
                         ssi_sst_fck_3430es2           0            0   133333333          0
                      corex2_d5_fck           0            0   160000000          0
                      corex2_d3_fck           0            0   266666666          0
             dpll3_m3_ck                  0            0   200000000          0
                dpll3_m3x2_mul_ck           0            0   400000000          0
                   dpll3_m3x2_ck           0            0   400000000          0
                      emu_core_alwon_ck           0            0   400000000          0
             dpll3_x2_ck                  0            0   800000000          0
          dpll4_ck                        1            3   864000000          0
             dpll4_m6_ck                  0            0   288000000          0
                dpll4_m6x2_mul_ck           0            0   288000000          0
                   dpll4_m6x2_ck           0            0   288000000          0
                      emu_per_alwon_ck           0            0   288000000          0
             dpll4_m5_ck                  0            0   216000000          0
                dpll4_m5x2_mul_ck           0            0   216000000          0
                   dpll4_m5x2_ck           0            0   216000000          0
                      cam_mclk            0            0   216000000          0
             dpll4_m4_ck                  0            1    96000000          0
                dpll4_m4x2_mul_ck           0            1    96000000          0
                   dpll4_m4x2_ck           0            1    96000000          0
                      dss1_alwon_fck_3430es2           0            4    96000000          0
             dpll4_m3_ck                  0            1    54000000          0
                dpll4_m3x2_mul_ck           0            1    54000000          0
                   dpll4_m3x2_ck           0            1    54000000          0
                      omap_54m_fck           0            1    54000000          0
                         dss_tv_fck           0            2    54000000          0
                         clkout2_src_ck           0            0    54000000          0
                            sys_clkout2           0            0    54000000          0
             dpll4_m2_ck                  1            1    96000000          0
                dpll4_m2x2_mul_ck           1            1    96000000          0
                   dpll4_m2x2_ck           1            1    96000000          0
                      omap_192m_alwon_fck           0            0    96000000          0
                      omap_96m_alwon_fck           1            2    96000000          0
                         per_96m_fck           0            6    96000000          0
                            mcbsp4_fck           0            1    96000000          0
                            mcbsp3_fck           0            2    96000000          0
                            mcbsp2_fck           0            2    96000000          0
                         cm_96m_fck           2            2    96000000          0
                            cm_96m_d2_fck           1            1    48000000          0
                               omap_48m_fck           3            4    48000000          0
                                  usbhost_48m_fck           1            1    48000000          0
                                  per_48m_fck           2            2    48000000          0
                                     uart4_fck           1            1    48000000          0
                                     uart3_fck           1            1    48000000          0
                                  core_48m_fck           2            6    48000000          0
                                     uart1_fck           1            1    48000000          0
                                     uart2_fck           1            1    48000000          0
                                     mcspi1_fck           0            1    48000000          0
                                     mcspi2_fck           0            1    48000000          0
                                     mcspi3_fck           0            1    48000000          0
                                     mcspi4_fck           0            1    48000000          0
                                  omap_12m_fck           0            1    12000000          0
                                     core_12m_fck           0            1    12000000          0
                                        hdq_fck             0            1    12000000          0
                            omap_96m_fck           1            2    96000000          0
                               omap_96m_d10_fck           0            0     9600000          0
                               omap_96m_d8_fck           0            0    12000000          0
                               omap_96m_d4_fck           0            0    24000000          0
                               omap_96m_d2_fck           0            0    48000000          0
                               dss_96m_fck           0            2    96000000          0
                               core_96m_fck           1           10    96000000          0
                                  mcbsp1_fck           0            1    96000000          0
                                  mcbsp5_fck           0            1    96000000          0
                                  mmchs3_fck           0            1    96000000          0
                                  mspro_fck           0            0    96000000          0
                                  csi2_96m_fck           0            0    96000000          0
                                  i2c1_fck           0            1    96000000          0
                                  i2c2_fck           0            1    96000000          0
                                  i2c3_fck           0            1    96000000          0
                                  mmchs1_fck           1            1    96000000          0
                                  mmchs2_fck           0            1    96000000          0
             dpll4_x2_ck                  0            0  1728000000          0
          wkup_l4_ick                     4            5    13000000          0
             usim_ick                     0            0    13000000          0
             gpt1_ick                     1            1    13000000          0
             gpt12_ick                    1            1    13000000          0
             omap_32ksync_ick             1            1    13000000          0
             gpio1_ick                    0            1    13000000          0
             wdt1_ick                     0            0    13000000          0
             wdt2_ick                     1            1    13000000          0
 virt_19200000_ck                         0            0    19200000          0
 virt_13m_ck                              0            0    13000000          0
 virt_12m_ck                              0            0    12000000          0
 omap_32k_fck                             2            8       32768          0
    gpt1_fck                              1            1       32768          0
    ts_fck                                0            0       32768          0
    per_32k_alwon_fck                     0            5       32768          0
       wdt3_fck                           0            0       32768          0
       gpio2_dbck                         0            1       32768          0
       gpio3_dbck                         0            1       32768          0
       gpio4_dbck                         0            1       32768          0
       gpio5_dbck                         0            1       32768          0
       gpio6_dbck                         0            1       32768          0
    wkup_32k_fck                          1            3       32768          0
       wdt2_fck                           0            1       32768          0
       gpio1_dbck                         0            1       32768          0
    gpt11_fck                             0            1       32768          0
    gpt10_fck                             0            1       32768          0
 dummy_apb_pclk                           0            0           0          0
 virt_16_8m_ck                            0            0    16800000          0
=======
Orphan Clks:
=======
Available frequencies
=======
Hello World Board Booted
root@am37x-evm:/test# 
- 07:02:57 [INFO] Host: cat stderr.log
- 07:02:57 [INFO] Target: 
cat stderr.log
ls: /sys/kernel/debug/clk/orphans/: No such file or directory
root@am37x-evm:/test# 
- 07:02:57 [INFO] Host: cat result.log
- 07:02:59 [ERROR] On command: cat result.log waiting for cat result.log.+?(?m-ix:^1[\0\n\r]+) >>> error: execution expired
- 07:02:59 [INFO] Target: 
cat result.log
root@am37x-evm:/test# 
- 07:02:59 [INFO] Host: cd /test
- 07:02:59 [INFO] Target: 
cd /test
root@am37x-evm:/test# 
