- 12:00:37 [INFO] Starting target session
- 12:00:37 [INFO] Connected to am37x-evm via serial 
- 12:00:37 [INFO] Host: #check prompt
- 12:00:40 [ERROR] On command: #check prompt waiting for #check prompt.+?(?-mix:((?-mix:login:)|[Pp]assword)) >>> error: execution expired
- 12:00:40 [INFO] Target: 
#check prompt
root@am37x-evm:/test# 
- 12:00:40 [INFO] Host: #check prompt
- 12:00:40 [INFO] Target: 
#check prompt
root@am37x-evm:/test# 
- 12:00:40 [INFO] Host: sync;poweroff
- 12:00:52 [INFO] Target: 
sync;poweroff
Broadcast message from root (ttyO0) (Mon Mar 23 01:15:21 2015):
The system is going down for system halt NOW!
INIT: Switching to runlevel: 0
root@am37x-evm:/test# 
INIT: Sending processes the TERM signal
Stopping Dropbear SSH server: stopped /usr/sbin/dropbear (pid 1533)
dropbear.
Stopping telnet daemon.
Stopping Hardware abstraction layer hald
Stopping system message bus: stopped process in pidfile '/var/run/dbus/pid' (pid 1498)
dbus.
Stopping network benchmark server: netserverstopped /usr/sbin/netserver (pid 1543)
Stopping thttpdError opening /dev/fb0: No such file or directory
ALSA: Storing mixer settings...
/usr/sbin/alsactl: save_state:1519: No soundcards found...
Deconfiguring network interfaces... cat: can't open '/var/run/udhcpc.eth0.pid': No such file or directory
ifconfig: SIOCGIFFLAGS: No such device
done.
Stopping Lighttpd Web Server: stopped /usr/sbin/lighttpd (pid 1567)
lighttpd.
Stopping syslogd/klogd: stopped syslogd (pid 1548)
stopped klogd (pid 1550)
done
Stopping Matrix GUI applicationstart-stop-daemon: warning: killing process 0: No such process
***************************************************************
***************************************************************
NOTICE: This file system contains the followin GPLv3 packages:
	binutils-dev
	binutils-symlinks
	binutils
	gdbserver
If you do not wish to distribute GPLv3 components please remove
the above packages prior to distribution.  This can be done using
the opkg remove command.  i.e.:
    opkg remove <package>
Where <package> is the name printed in the list above
NOTE: If the package is a dependency of another package you
      will be notified of the dependent packages.  You should
      use the --force-removal-of-dependent-packages option to
      also remove the dependent packages as well
***************************************************************
***************************************************************
Sending all processes the TERM signal...
Sending all processes the KILL signal...
hwclock: can't open '/dev/misc/rtc': No such file or directory
Unmounting remote filesystems...
Deactivating swap...
Unmounting local filesystems...
[19626.782135] EXT4-fs (mmcblk0p2): re-mounted. Opts: (null)
[19629.046722] reboot: Power down
[19629.050140] ------------[ cut here ]------------
[19629.055023] WARNING: CPU: 0 PID: 1797 at kernel/locking/lockdep.c:2755 lockdep_trace_alloc+0xec/0x10c()
[19629.064941] DEBUG_LOCKS_WARN_ON(irqs_disabled_flags(flags))
[19629.070617] Modules linked in:
[19629.074066] CPU: 0 PID: 1797 Comm: halt Not tainted 4.2.0-rc8-next-20150826-00002-g603f9eff60ff #1
[19629.083496] Hardware name: Generic OMAP36xx (Flattened Device Tree)
[19629.090118] [<c0016d9c>] (unwind_backtrace) from [<c0013094>] (show_stack+0x10/0x14)
[19629.098297] [<c0013094>] (show_stack) from [<c03488a4>] (dump_stack+0x78/0x94)
[19629.105926] [<c03488a4>] (dump_stack) from [<c003e518>] (warn_slowpath_common+0x7c/0xb4)
[19629.114471] [<c003e518>] (warn_slowpath_common) from [<c003e5e4>] (warn_slowpath_fmt+0x30/0x40)
[19629.123657] [<c003e5e4>] (warn_slowpath_fmt) from [<c00917b8>] (lockdep_trace_alloc+0xec/0x10c)
[19629.132843] [<c00917b8>] (lockdep_trace_alloc) from [<c015fc5c>] (__kmalloc_track_caller+0x40/0x260)
[19629.142486] [<c015fc5
- 12:00:52 [INFO] Disconnected serial from am37x-evm
- 12:00:53 [INFO] Connected to am37x-evm via serial 
- 12:00:53 [INFO] Host: 
- 12:00:56 [INFO] Target: 
U-Boot SPL 2013.01.01 (Nov 27 2013 - 12:07:30)
OMAP SD/MMC: 0
reading u-boot.img
reading u-boot.img
U-Boot 2013.01.01 (Nov 27 2013 - 12:07:30)
OMAP3630/3730-GP ES1.2, CPU-OPP2, L3-165MHz, Max CPU Clock 1 Ghz
OMAP3 EVM board + LPDDR/NAND
I2C:   ready
DRAM:  256 MiB
NAND:  512 MiB
MMC:   OMAP SD/MMC: 0
In:    serial
Out:   serial
Err:   serial
Read back SMSC id 0x92200000
Die ID #16d400029ff80000015f02690c019016
Net:   smc911x-0
Hit any key to stop autoboot:  3  0 
OMAP3_EVM # 
OMAP3_EVM # 
OMAP3_EVM # 
OMAP3_EVM # 
OMAP3_EVM # 
OMAP3_EVM # 
OMAP3_EVM # 
OMAP3_EVM # 
OMAP3_EVM # 
OMAP3_EVM # 
OMAP3_EVM # 
OMAP3_EVM # 
OMAP3_EVM # 
OMAP3_EVM # 
- 12:00:56 [INFO] Host: 
- 12:00:57 [INFO] Target: 
EVM # 
OMAP3_EVM # 
- 12:00:57 [INFO] Host: version
- 12:00:57 [INFO] Target: 
version
U-Boot 2013.01.01 (Nov 27 2013 - 12:07:30)
arm-linux-gnueabihf-gcc (crosstool-NG linaro-1.13.1-4.7-2013.03-20130313 - Linaro GCC 2013.03) 4.7.3 20130226 (prerelease)
GNU ld (crosstool-NG linaro-1.13.1-4.7-2013.03-20130313 - Linaro GCC 2013.03) 2.23.1
OMAP3_EVM # 
- 12:00:57 [INFO] Host: setenv bootargs 'console=ttyO0,115200n8 earlyprintk  '
- 12:00:57 [INFO] Target: 
setenv bootargs 'console=ttyO0,115200n8 earlyprintk  '
OMAP3_EVM # 
- 12:00:57 [INFO] Host: setenv bootcmd  ''
- 12:00:57 [INFO] Target: 
setenv bootcmd  ''
OMAP3_EVM # 
- 12:00:57 [INFO] Host: setenv autoload 'no'
- 12:00:57 [INFO] Target: 
setenv autoload 'no'
OMAP3_EVM # 
- 12:00:57 [INFO] Host: setenv serverip '192.168.0.1'
- 12:00:57 [INFO] Target: 
setenv serverip '192.168.0.1'
OMAP3_EVM # 
- 12:00:57 [INFO] Host: setenv mmcdev ' '
- 12:00:57 [INFO] Target: 
setenv mmcdev ' '
OMAP3_EVM # 
- 12:00:57 [INFO] Host: printenv
- 12:00:57 [INFO] Target: 
printenv
autoload=no
baudrate=115200
bootargs=console=ttyO0,115200n8 earlyprintk  
bootcmd=
bootdelay=3
bootfile=uImage
bootscript=echo Running bootscript from mmc ...; source ${loadaddr}
console=ttyO0,115200n8
dieid#=16d400029ff80000015f02690c019016
ethact=smc911x-0
ethaddr=00:50:c2:7e:93:ba
loadaddr=0x82000000
loadbootscript=fatload mmc ${mmcdev} ${loadaddr} boot.scr
loaduimage=fatload mmc ${mmcdev} ${loadaddr} uImage
mmcargs=setenv bootargs console=${console} root=/dev/mmcblk0p2 rw rootfstype=ext3 rootwait
mmcboot=echo Booting from mmc ...; run mmcargs; bootm ${loadaddr}
mmcdev= 
nandargs=setenv bootargs console=${console} root=/dev/mtdblock4 rw rootfstype=jffs2
nandboot=echo Booting from nand ...; run nandargs; onenand read ${loadaddr} 280000 400000; bootm ${loadaddr}
ramdisk_addr=0x8A080000
serverip=192.168.0.1
stderr=serial
stdin=serial
stdout=serial
usbtty=cdc_acm
Environment size: 926/131068 bytes
OMAP3_EVM # 
- 12:00:57 [INFO] Host: printenv
- 12:00:57 [INFO] Target: 
printenv
autoload=no
baudrate=115200
bootargs=console=ttyO0,115200n8 earlyprintk  
bootcmd=
bootdelay=3
bootfile=uImage
bootscript=echo Running bootscript from mmc ...; source ${loadaddr}
console=ttyO0,115200n8
dieid#=16d400029ff80000015f02690c019016
ethact=smc911x-0
ethaddr=00:50:c2:7e:93:ba
loadaddr=0x82000000
loadbootscript=fatload mmc ${mmcdev} ${loadaddr} boot.scr
loaduimage=fatload mmc ${mmcdev} ${loadaddr} uImage
mmcargs=setenv bootargs console=${console} root=/dev/mmcblk0p2 rw rootfstype=ext3 rootwait
mmcboot=echo Booting from mmc ...; run mmcargs; bootm ${loadaddr}
mmcdev= 
nandargs=setenv bootargs console=${console} root=/dev/mtdblock4 rw rootfstype=jffs2
nandboot=echo Booting from nand ...; run nandargs; onenand read ${loadaddr} 280000 400000; bootm ${loadaddr}
ramdisk_addr=0x8A080000
serverip=192.168.0.1
stderr=serial
stdin=serial
stdout=serial
usbtty=cdc_acm
Environment size: 926/131068 bytes
OMAP3_EVM # 
- 12:00:57 [INFO] Host: setenv bootargs ''${bootargs}' ip=:::::eth0:dhcp '
- 12:00:57 [INFO] Target: 
setenv bootargs ''${bootargs}' ip=:::::eth0:dhcp '
OMAP3_EVM # 
- 12:00:57 [INFO] Host: setenv serverip '192.168.0.1'
- 12:00:58 [INFO] Target: 
setenv serverip '192.168.0.1'
OMAP3_EVM # 
- 12:00:58 [INFO] Host: setenv ipaddr dhcp
- 12:00:58 [INFO] Target: 
setenv ipaddr dhcp
OMAP3_EVM # 
- 12:00:58 [INFO] Host: setenv autoload 'no'
- 12:00:58 [INFO] Target: 
setenv autoload 'no'
OMAP3_EVM # 
- 12:00:58 [INFO] Host: dhcp
- 12:01:01 [INFO] Target: 
dhcp
smc911x: detected LAN9220 controller
smc911x: phy initialized
smc911x: MAC 00:50:c2:7e:93:ba
BOOTP broadcast 1
DHCP client bound to address 192.168.0.85
OMAP3_EVM # 
- 12:01:01 [INFO] Host: setenv serverip '192.168.0.1'
- 12:01:01 [INFO] Target: 
setenv serverip '192.168.0.1'
OMAP3_EVM # 
- 12:01:01 [INFO] Host: tftp ${loadaddr} 192.168.0.1:vatf_am37x-evm/866c59fbd28b1beaa8da27adc2e84482
- 12:01:04 [INFO] Target: 
tftp ${loadaddr} 192.168.0.1:vatf_am37x-evm/866c59fbd28b1beaa8da27adc2e84482
smc911x: detected LAN9220 controller
smc911x: phy initialized
smc911x: MAC 00:50:c2:7e:93:ba
Using smc911x-0 device
TFTP from server 192.168.0.1; our IP address is 192.168.0.85
Filename 'vatf_am37x-evm/866c59fbd28b1beaa8da27adc2e84482'.
Load address: 0x82000000
Loading: *#################################################################
	 #################################################################
	 #################################################################
	 #################################################################
	 #################################################################
	 #################################################################
	 ###################################################
	 3.3 MiB/s
done
Bytes transferred = 6459543 (629097 hex)
OMAP3_EVM # 
- 12:01:04 [INFO] Host: ls mmc 0:1
- 12:01:04 [INFO] Target: 
ls mmc 0:1
ls - list files in a directory (default /)
Usage:
ls [ directory ]
OMAP3_EVM # 
- 12:01:04 [INFO] Host: ls mmc 0:2
- 12:01:04 [INFO] Target: 
ls mmc 0:2
ls - list files in a directory (default /)
Usage:
ls [ directory ]
OMAP3_EVM # 
- 12:01:04 [INFO] Host: ls mmc 0:3
- 12:01:05 [INFO] Target: 
ls mmc 0:3
ls - list files in a directory (default /)
Usage:
ls [ directory ]
OMAP3_EVM # 
- 12:01:05 [INFO] Host: ls mmc 0:4
- 12:01:05 [INFO] Target: 
ls mmc 0:4
ls - list files in a directory (default /)
Usage:
ls [ directory ]
OMAP3_EVM # 
- 12:01:05 [INFO] Host: ls mmc 0:5
- 12:01:05 [INFO] Target: 
ls mmc 0:5
ls - list files in a directory (default /)
Usage:
ls [ directory ]
OMAP3_EVM # 
- 12:01:05 [INFO] Host: part uuid mmc 0:
- 12:01:05 [INFO] Target: 
part uuid mmc 0:
Unknown command 'part' - try 'help'
OMAP3_EVM # 
- 12:01:05 [INFO] Host: printenv
- 12:01:05 [INFO] Target: 
printenv
autoload=no
baudrate=115200
bootargs=console=ttyO0,115200n8 earlyprintk ip=:::::eth0:dhcp
bootcmd=
bootdelay=3
bootfile=uImage
bootscript=echo Running bootscript from mmc ...; source ${loadaddr}
console=ttyO0,115200n8
dieid#=16d400029ff80000015f02690c019016
ethact=smc911x-0
ethaddr=00:50:c2:7e:93:ba
fileaddr=82000000
filesize=629097
gatewayip=192.168.0.1
ipaddr=192.168.0.85
loadaddr=0x82000000
loadbootscript=fatload mmc ${mmcdev} ${loadaddr} boot.scr
loaduimage=fatload mmc ${mmcdev} ${loadaddr} uImage
mmcargs=setenv bootargs console=${console} root=/dev/mmcblk0p2 rw rootfstype=ext3 rootwait
mmcboot=echo Booting from mmc ...; run mmcargs; bootm ${loadaddr}
mmcdev= 
nandargs=setenv bootargs console=${console} root=/dev/mtdblock4 rw rootfstype=jffs2
nandboot=echo Booting from nand ...; run nandargs; onenand read ${loadaddr} 280000 400000; bootm ${loadaddr}
netmask=255.255.255.0
ramdisk_addr=0x8A080000
serverip=192.168.0.1
stderr=serial
stdin=serial
stdout=serial
usbtty=cdc_acm
Environment size: 1050/131068 bytes
OMAP3_EVM # 
- 12:01:05 [INFO] Host: setenv bootargs ''${bootargs}' root=/dev/mmcblk0p2 rw rootfstype=ext3 rootwait '
- 12:01:05 [INFO] Target: 
setenv bootargs ''${bootargs}' root=/dev/mmcblk0p2 rw rootfstype=ext3 rootwait '
OMAP3_EVM # 
- 12:01:05 [INFO] Host: printenv
- 12:01:05 [INFO] Target: 
printenv
autoload=no
baudrate=115200
bootargs=console=ttyO0,115200n8 earlyprintk ip=:::::eth0:dhcp root=/dev/mmcblk0p2 rw rootfstype=ext3 rootwait
bootcmd=
bootdelay=3
bootfile=uImage
bootscript=echo Running bootscript from mmc ...; source ${loadaddr}
console=ttyO0,115200n8
dieid#=16d400029ff80000015f02690c019016
ethact=smc911x-0
ethaddr=00:50:c2:7e:93:ba
fileaddr=82000000
filesize=629097
gatewayip=192.168.0.1
ipaddr=192.168.0.85
loadaddr=0x82000000
loadbootscript=fatload mmc ${mmcdev} ${loadaddr} boot.scr
loaduimage=fatload mmc ${mmcdev} ${loadaddr} uImage
mmcargs=setenv bootargs console=${console} root=/dev/mmcblk0p2 rw rootfstype=ext3 rootwait
mmcboot=echo Booting from mmc ...; run mmcargs; bootm ${loadaddr}
mmcdev= 
nandargs=setenv bootargs console=${console} root=/dev/mtdblock4 rw rootfstype=jffs2
nandboot=echo Booting from nand ...; run nandargs; onenand read ${loadaddr} 280000 400000; bootm ${loadaddr}
netmask=255.255.255.0
ramdisk_addr=0x8A080000
serverip=192.168.0.1
stderr=serial
stdin=serial
stdout=serial
usbtty=cdc_acm
Environment size: 1098/131068 bytes
OMAP3_EVM # 
- 12:01:05 [INFO] Host: setenv bootcmd ''${bootcmd}' if iminfo ${loadaddr}; then bootm ${loadaddr}  ; else bootz ${loadaddr}  ; bootm ${loadaddr}  ; fi'
- 12:01:05 [INFO] Target: 
setenv bootcmd ''${bootcmd}' if iminfo ${loadaddr}; then bootm ${loadaddr}  ; else bootz ${loadaddr}  ; bootm ${loadaddr}  ; fi'
OMAP3_EVM # 
- 12:01:05 [INFO] Host: version
- 12:01:05 [INFO] Target: 
version
U-Boot 2013.01.01 (Nov 27 2013 - 12:07:30)
arm-linux-gnueabihf-gcc (crosstool-NG linaro-1.13.1-4.7-2013.03-20130313 - Linaro GCC 2013.03) 4.7.3 20130226 (prerelease)
GNU ld (crosstool-NG linaro-1.13.1-4.7-2013.03-20130313 - Linaro GCC 2013.03) 2.23.1
OMAP3_EVM # 
- 12:01:05 [INFO] Host: bdinfo
- 12:01:05 [INFO] Target: 
bdinfo
arch_number = 0x000005FF
boot_params = 0x80000100
DRAM bank   = 0x00000000
-> start    = 0x80000000
-> size     = 0x10000000
DRAM bank   = 0x00000001
-> start    = 0x90000000
-> size     = 0x00000000
ethaddr     = 00:50:c2:7e:93:ba
ip_addr     = 192.168.0.85
baudrate    = 115200 bps
TLB addr    = 0x8FFF0000
relocaddr   = 0x8FF6E000
reloc off   = 0x0FE6E000
irq_sp      = 0x8FF0DF58
sp start    = 0x8FF0DF48
FB base     = 0x00000000
OMAP3_EVM # 
- 12:01:05 [INFO] Host: mmc rescan; echo $?
- 12:01:06 [INFO] Target: 
mmc rescan; echo $?
OMAP3_EVM # 
- 12:01:06 [INFO] Host: fatwrite mmc ${mmcdev}:1 ${loadaddr} ws-calibrate.rules 4
- 12:01:06 [INFO] Target: 
fatwrite mmc ${mmcdev}:1 ${loadaddr} ws-calibrate.rules 4
Unknown command 'fatwrite' - try 'help'
OMAP3_EVM # 
- 12:01:06 [INFO] Host: boot
- 12:01:40 [INFO] Target: 
boot
Unknown command 'iminfo' - try 'help'
Unknown command 'bootz' - try 'help'
## Booting kernel from Legacy Image at 82000000 ...
   Image Name:   Linux-4.2.0-rc8-next-20150826-00
   Image Type:   ARM Linux Kernel Image (uncompressed)
   Data Size:    6459479 Bytes = 6.2 MiB
   Load Address: 80800000
   Entry Point:  80800000
   Verifying Checksum ... OK
   Loading Kernel Image ... OK
Starting kernel ...
[    0.000000] Booting Linux on physical CPU 0x0
[    0.000000] Linux version 4.2.0-rc8-next-20150826-00002-g603f9eff60ff (nmenon@kahuna) (gcc version 4.6.3 (Ubuntu/Linaro 4.6.3-1ubuntu5) ) #1 SMP Wed Aug 26 11:11:42 CDT 2015
[    0.000000] CPU: ARMv7 Processor [413fc082] revision 2 (ARMv7), cr=10c5387d
[    0.000000] CPU: PIPT / VIPT nonaliasing data cache, VIPT aliasing instruction cache
[    0.000000] Machine model: TI OMAP37XX EVM (TMDSEVM3730)
[    0.000000] cma: Reserved 64 MiB at 0x8b800000
[    0.000000] Memory policy: Data cache writeback
[    0.000000] CPU: All CPU(s) started in SVC mode.
[    0.000000] OMAP3630 ES1.2 (l2cache iva sgx neon isp 192mhz_clk )
[    0.000000] PERCPU: Embedded 12 pages/cpu @cfb88000 s19200 r8192 d21760 u49152
[    0.000000] Built 1 zonelists in Zone order, mobility grouping on.  Total pages: 64512
[    0.000000] Kernel command line: console=ttyO0,115200n8 earlyprintk ip=:::::eth0:dhcp root=/dev/mmcblk0p2 rw rootfstype=ext3 rootwait
[    0.000000] PID hash table entries: 1024 (order: 0, 4096 bytes)
[    0.000000] Dentry cache hash table entries: 32768 (order: 5, 131072 bytes)
[    0.000000] Inode-cache hash table entries: 16384 (order: 4, 65536 bytes)
[    0.000000] Memory: 177600K/260096K available (8129K kernel code, 1013K rwdata, 3620K rodata, 1036K init, 340K bss, 16960K reserved, 65536K cma-reserved, 0K highmem)
[    0.000000] Virtual kernel memory layout:
[    0.000000]     vector  : 0xffff0000 - 0xffff1000   (   4 kB)
[    0.000000]     fixmap  : 0xffc00000 - 0xfff00000   (3072 kB)
[    0.000000]     vmalloc : 0xd0800000 - 0xff000000   ( 744 MB)
[    0.000000]     lowmem  : 0xc0000000 - 0xd0000000   ( 256 MB)
[    0.000000]     pkmap   : 0xbfe00000 - 0xc0000000   (   2 MB)
[    0.000000]     modules : 0xbf000000 - 0xbfe00000   (  14 MB)
[    0.000000]       .text : 0xc0208000 - 0xc0d82554   (11754 kB)
[    0.000000]       .init : 0xc0d83000 - 0xc0e86000   (1036 kB)
[    0.000000]       .data : 0xc0e86000 - 0xc0f834a0   (1014 kB)
[    0.000000]        .bss : 0xc0f86000 - 0xc0fdb2e0   ( 341 kB)
[    0.000000] SLUB: HWalign=64, Order=0-3, MinObjects=0, CPUs=1, Nodes=1
[    0.000000] Hierarchical RCU implementation.
[    0.000000] 	Build-time adjustment of leaf fanout to 32.
[    0.000000] 	RCU restricting CPUs from NR_CPUS=16 to nr_cpu_ids=1.
[    0.000000] RCU: Adjusting geometry for rcu_fanout_leaf=32, nr_cpu_ids=1
[    0.000000] NR_IRQS:16 nr_irqs:16 16
[    0.000000] IRQ: Found an INTC at 0xfa200000 (revision 4.0) with 96 interrupts
[    0.000000] Clocking rate (Crystal/Core/MPU): 26.0/400/600 MHz
[    0.000000] OMAP clockevent source: timer1 at 32768 Hz
[    0.000000] clocksource: 32k_counter: mask: 0xffffffff max_cycles: 0xffffffff, max_idle_ns: 58327039986419 ns
[    0.000000] sched_clock: 32 bits at 32kHz, resolution 30517ns, wraps every 65535999984741ns
[    0.000030] OMAP clocksource: 32k_counter at 32768 Hz
[    0.000244] Console: colour dummy device 80x30
[    0.000274] Calibrating delay loop... 594.73 BogoMIPS (lpj=1486848)
[    0.028961] pid_max: default: 32768 minimum: 301
[    0.029144] Mount-cache hash table entries: 1024 (order: 0, 4096 bytes)
[    0.029144] Mountpoint-cache hash table entries: 1024 (order: 0, 4096 bytes)
[    0.029998] CPU: Testing write buffer coherency: ok
[    0.030364] CPU0: thread -1, cpu 0, socket -1, mpidr 0
[    0.030456] Setting up static identity map for 0x80209000 - 0x80209098
[    0.038818] Brought up 1 CPUs
[    0.038848] SMP: Total of 1 processors activated (594.73 BogoMIPS).
[    0.038879] CPU: All CPU(s) started in SVC mode.
[    0.040618] devtmpfs: initialized
[    0.074249] VFP support v0.3: implementor 41 architecture 3 part 30 variant c rev 3
[    0.096466] omap_hwmod: mcbsp2_sidetone using broken dt data from mcbsp
[    0.097076] omap_hwmod: mcbsp3_sidetone using broken dt data from mcbsp
[    0.156463] clocksource: jiffies: mask: 0xffffffff max_cycles: 0xffffffff, max_idle_ns: 9556302231375000 ns
[    0.161010] pinctrl core: initialized pinctrl subsystem
[    0.164276] NET: Registered protocol family 16
[    0.167297] DMA: preallocated 256 KiB pool for atomic coherent allocations
[    0.170166] cpuidle: using governor ladder
[    0.170196] cpuidle: using governor menu
[    0.170806] Reprogramming SDRC clock to 400000000 Hz
[    0.178131] OMAP GPIO hardware version 2.5
[    0.183624] irq: no irq domain found for /ocp/l4@48000000/scm@2000/pinmux@30 !
[    0.184173] irq: no irq domain found for /ocp/l4@48000000/scm@2000/pinmux@30 !
[    0.184661] irq: no irq domain found for /ocp/l4@48000000/scm@2000/pinmux@30 !
[    0.189117] irq: no irq domain found for /ocp/l4@48000000/scm@2000/pinmux@30 !
[    0.198303] omap-gpmc 6e000000.gpmc: GPMC revision 5.0
[    0.198303] gpmc_mem_init: disabling cs 0 mapped at 0x0-0x1000000
[    0.200469] platform 48058000.ssi-controller: Cannot lookup hwmod 'ssi'
[    0.205963] No ATAGs?
[    0.205993] hw-breakpoint: debug architecture 0x4 unsupported.
[    0.208435] omap4_sram_init:Unable to allocate sram needed to handle errata I688
[    0.208465] omap4_sram_init:Unable to get sram pool needed to handle errata I688
[    0.208801] OMAP DMA hardware revision 5.0
[    0.213928] Serial: AMBA PL011 UART driver
[    0.240447] omap-dma-engine 48056000.dma-controller: OMAP DMA engine driver
[    0.241729] reg-fixed-voltage wl12xx_vmmc: could not find pctldev for node /ocp/l4@48000000/scm@2000/pinmux@30/pinmux_wl12xx_gpio, deferring probe
[    0.246978] vgaarb: loaded
[    0.248199] SCSI subsystem initialized
[    0.249023] usbcore: registered new interface driver usbfs
[    0.249145] usbcore: registered new interface driver hub
[    0.249237] usbcore: registered new device driver usb
[    0.251525] omap_i2c 48070000.i2c: bus 0 rev4.4 at 2600 kHz
[    0.252258] omap_i2c 48072000.i2c: bus 1 rev4.4 at 400 kHz
[    0.253204] omap_i2c 48060000.i2c: bus 2 rev4.4 at 400 kHz
[    0.254730] pps_core: LinuxPPS API ver. 1 registered
[    0.254760] pps_core: Software ver. 5.3.6 - Copyright 2005-2007 Rodolfo Giometti <giometti@linux.it>
[    0.254791] PTP clock support registered
[    0.255126] EDAC MC: Ver: 3.0.0
[    0.257659] lo uses DEPRECATED zero tx_queue_len - convert driver to use IFF_NO_QUEUE instead.
[    0.259490] clocksource: Switched to clocksource 32k_counter
[    0.276184] NET: Registered protocol family 2
[    0.277038] TCP established hash table entries: 2048 (order: 1, 8192 bytes)
[    0.277069] TCP bind hash table entries: 2048 (order: 2, 16384 bytes)
[    0.277130] TCP: Hash tables configured (established 2048 bind 2048)
[    0.277221] UDP hash table entries: 256 (order: 1, 8192 bytes)
[    0.277252] UDP-Lite hash table entries: 256 (order: 1, 8192 bytes)
[    0.277465] NET: Registered protocol family 1
[    0.277954] RPC: Registered named UNIX socket transport module.
[    0.277984] RPC: Registered udp transport module.
[    0.277984] RPC: Registered tcp transport module.
[    0.277984] RPC: Registered tcp NFSv4.1 backchannel transport module.
[    0.281280] hw perfevents: enabled with armv7_cortex_a8 PMU driver, 5 counters available
[    0.285125] futex hash table entries: 256 (order: 2, 16384 bytes)
[    0.303466] squashfs: version 4.0 (2009/01/31) Phillip Lougher
[    0.304962] NFS: Registering the id_resolver key type
[    0.305023] Key type id_resolver registered
[    0.305053] Key type id_legacy registered
[    0.305145] ntfs: driver 2.1.32 [Flags: R/O].
[    0.307617] Block layer SCSI generic (bsg) driver version 0.4 loaded (major 249)
[    0.307647] io scheduler noop registered
[    0.307647] io scheduler deadline registered
[    0.307708] io scheduler cfq registered (default)
[    0.314422] pinctrl-single 48002030.pinmux: 284 pins at pa fa002030 size 568
[    0.314849] pinctrl-single 48002a00.pinmux: 46 pins at pa fa002a00 size 92
[    0.315460] pinctrl-single 480025a0.pinmux: 46 pins at pa fa0025a0 size 92
[    0.423126] Serial: 8250/16550 driver, 4 ports, IRQ sharing disabled
[    0.427032] SuperH (H)SCI(F) driver initialized
[    0.428497] msm_serial: driver initialized
[    0.429809] 4806a000.serial: ttyO0 at MMIO 0x4806a000 (irq = 88, base_baud = 3000000) is a OMAP UART0
[    1.186523] console [ttyO0] enabled
[    1.191101] 4806c000.serial: ttyO1 at MMIO 0x4806c000 (irq = 89, base_baud = 3000000) is a OMAP UART1
[    1.201660] 49020000.serial: ttyO2 at MMIO 0x49020000 (irq = 90, base_baud = 3000000) is a OMAP UART2
[    1.212097] omap_uart 49042000.serial: no wakeirq for uart3
[    1.218139] 49042000.serial: ttyO3 at MMIO 0x49042000 (irq = 96, base_baud = 3000000) is a OMAP UART3
[    1.228424] STMicroelectronics ASC driver initialized
[    1.236572] [drm] Initialized drm 1.1.0 20060810
[    1.255187] loop: module loaded
[    1.289184] twl 0-0048: PIH (irq 23) chaining IRQs 341..349
[    1.295196] twl 0-0048: power (irq 346) chaining IRQs 349..356
[    1.347564] twl4030_gpio twl4030-gpio: gpio (irq 341) chaining IRQs 357..374
[    1.469207] CAN device driver interface
[    1.475982] igb: Intel(R) Gigabit Ethernet Network Driver - version 5.3.0-k
[    1.483337] igb: Copyright (c) 2007-2014 Intel Corporation.
[    1.492218] smsc911x: probe of 2c000000.ethernet failed with error -22
[    1.503021] pegasus: v0.9.3 (2013/04/25), Pegasus/Pegasus II USB Ethernet driver
[    1.510955] usbcore: registered new interface driver pegasus
[    1.517028] usbcore: registered new interface driver asix
[    1.522857] usbcore: registered new interface driver ax88179_178a
[    1.529357] usbcore: registered new interface driver cdc_ether
[    1.535614] usbcore: registered new interface driver smsc75xx
[    1.541778] usbcore: registered new interface driver smsc95xx
[    1.547912] usbcore: registered new interface driver net1080
[    1.553955] usbcore: registered new interface driver cdc_subset
[    1.560272] usbcore: registered new interface driver zaurus
[    1.566284] usbcore: registered new interface driver cdc_ncm
[    1.576293] ehci_hcd: USB 2.0 'Enhanced' Host Controller (EHCI) Driver
[    1.583221] ehci-pci: EHCI PCI platform driver
[    1.587982] ehci-platform: EHCI generic platform driver
[    1.593963] ehci-omap: OMAP-EHCI Host Controller driver
[    1.600006] ehci-omap 48064800.ehci: EHCI Host Controller
[    1.605773] ehci-omap 48064800.ehci: new USB bus registered, assigned bus number 1
[    1.614227] ehci-omap 48064800.ehci: irq 93, io mem 0x48064800
[    1.629608] ehci-omap 48064800.ehci: USB 2.0 started, EHCI 1.00
[    1.637176] hub 1-0:1.0: USB hub found
[    1.641265] hub 1-0:1.0: 3 ports detected
[    1.646575] ehci-orion: EHCI orion driver
[    1.651336] SPEAr-ehci: EHCI SPEAr driver
[    1.655975] ehci-st: EHCI STMicroelectronics driver
[    1.661437] ehci-exynos: EHCI EXYNOS driver
[    1.666198] ehci-atmel: EHCI Atmel driver
[    1.670745] tegra-ehci: Tegra EHCI driver
[    1.675292] ohci_hcd: USB 1.1 'Open' Host Controller (OHCI) Driver
[    1.681854] ohci-pci: OHCI PCI platform driver
[    1.686645] ohci-platform: OHCI generic platform driver
[    1.692535] ohci-omap3: OHCI OMAP3 driver
[    1.697174] ohci-omap3 48064400.ohci: OHCI Host Controller
[    1.703002] ohci-omap3 48064400.ohci: new USB bus registered, assigned bus number 2
[    1.711334] ohci-omap3 48064400.ohci: irq 92, io mem 0x48064400
[    1.790832] hub 2-0:1.0: USB hub found
[    1.794921] hub 2-0:1.0: 3 ports detected
[    1.800109] SPEAr-ohci: OHCI SPEAr driver
[    1.804870] ohci-st: OHCI STMicroelectronics driver
[    1.810394] ohci-atmel: OHCI Atmel driver
[    1.815124] usbcore: registered new interface driver usb-storage
[    1.824310] mousedev: PS/2 mouse device common for all mice
[    1.837951] twl_rtc 48070000.i2c:twl@48:rtc: Enabling TWL-RTC
[    1.848510] twl_rtc 48070000.i2c:twl@48:rtc: rtc core: registered 48070000.i2c:twl@48 as rtc0
[    1.859161] i2c /dev entries driver
[    1.878936] sdhci: Secure Digital Host Controller Interface driver
[    1.885498] sdhci: Copyright(c) Pierre Ossman
[    1.925476] omap_hsmmc 480b4000.mmc: unable to get vmmc regulator -517
[    1.934661] Synopsys Designware Multimedia Card Interface Driver
[    1.943206] sdhci-pltfm: SDHCI platform and OF driver helper
[    1.954254] ledtrig-cpu: registered to indicate activity on CPUs
[    1.961486] usbcore: registered new interface driver usbhid
[    1.967376] usbhid: USB HID core driver
[    1.979705] NET: Registered protocol family 10
[    1.988861] sit: IPv6 over IPv4 tunneling driver
[    1.993774] sit0 uses DEPRECATED zero tx_queue_len - convert driver to use IFF_NO_QUEUE instead.
[    2.004028] NET: Registered protocol family 17
[    2.008758] can: controller area network core (rev 20120528 abi 9)
[    2.015380] NET: Registered protocol family 29
[    2.020080] can: raw protocol (rev 20120528)
[    2.024597] can: broadcast manager protocol (rev 20120528 t)
[    2.030578] can: netlink gateway (rev 20130117) max_hops=1
[    2.037170] Key type dns_resolver registered
[    2.042083] omap2_set_init_voltage: unable to find boot up OPP for vdd_mpu_iva
[    2.049713] omap2_set_init_voltage: unable to set vdd_mpu_iva
[    2.055755] omap2_set_init_voltage: unable to find boot up OPP for vdd_core
[    2.063079] omap2_set_init_voltage: unable to set vdd_core
[    2.073638] ThumbEE CPU extension supported.
[    2.078369] Registering SWP/SWPB emulation handler
[    2.097167] vwl1271: supplied by VMMC2
[    2.123779] mmc0: host does not support reading read-only switch, assuming write-enable
[    2.134490] mmc0: new high speed SDHC card at address b368
[    2.141662] mmcblk0: mmc0:b368 SDC   3.74 GiB 
[    2.149047]  mmcblk0: p1 p2 p3
[    2.211944] twl_rtc 48070000.i2c:twl@48:rtc: setting system clock to 2014-08-28 08:38:21 UTC (1409215101)
[    2.251098] omap_hsmmc 480b4000.mmc: card claims to support voltages below defined range
[    2.275970] mmc1: queuing unknown CIS tuple 0x91 (3 bytes)
[    2.283966] mmc1: new SDIO card at address 0001
[   14.310150] lcd_3v3: disabling
[   14.315734] VUSB3V1: disabling
[   14.319427] vwl1271: disabling
[   14.327758] EXT4-fs (mmcblk0p2): mounting ext3 file system using the ext4 subsystem
[   14.352539] EXT4-fs (mmcblk0p2): warning: maximal mount count reached, running e2fsck is recommended
[   14.711761] EXT4-fs (mmcblk0p2): mounted filesystem with ordered data mode. Opts: (null)
[   14.720520] VFS: Mounted root (ext3 filesystem) on device 179:2.
[   14.739135] devtmpfs: mounted
[   14.745849] Freeing unused kernel memory: 1036K (c0d83000 - c0e86000)
INIT: version 2.86 booting
Please wait: booting...
Error opening /dev/fb0: No such file or directory
Starting udev
[   15.479003] udevd (96): /proc/96/oom_adj is deprecated, please use /proc/96/oom_score_adj instead.
[   21.192169] EXT4-fs (mmcblk0p3): mounting ext3 file system using the ext4 subsystem
[   21.260955] FAT-fs (mmcblk0p1): Volume was not properly unmounted. Some data may be corrupt. Please run fsck.
[   21.277740] EXT4-fs (mmcblk0p3): warning: maximal mount count reached, running e2fsck is recommended
[   21.340881] EXT4-fs (mmcblk0p3): mounted filesystem with ordered data mode. Opts: (null)
[   22.436309] alignment: ignoring faults is unsafe on this CPU.  Defaulting to fixup mode.
Remounting root file system...
[   22.505035] EXT4-fs (mmcblk0p2): re-mounted. Opts: (null)
Caching udev devnodes
logger: mount: mount point /proc/bus/usb does not exist
ALSA: Restoring mixer settings...
Configuring network interfaces... /usr/sbin/alsactl: load_state:1625: No soundcards found...
[   23.119201] random: nonblocking pool is initialized
ifconfig: SIOCGIFFLAGS: No such device
ifconfig: SIOCGIFFLAGS: No such device
eth0      No such device
ifconfig: SIOCGIFFLAGS: No such device
done.
Setting up IP spoofing protection: rp_filter.
Mon Mar 23 01:15:00 UTC 2015
INIT: Entering runlevel: 5
Starting system message bus: dbus.
Starting Hardware abstraction layer hald
Starting Dropbear SSH server: dropbear.
Starting telnet daemon.
Starting network benchmark server: netserver.
Starting syslogd/klogd: done
Starting thttpd.
Starting Lighttpd Web Server: lighttpd.
2015-03-23 01:15:02: (log.c.166) server started 
Starting Matrix GUI application.
***************************************************************
***************************************************************
NOTICE: This file system contains the followin GPLv3 packages:
	binutils-dev
	binutils-symlinks
	binutils
	gdbserver
If you do not wish to distribute GPLv3 components please remove
the above packages prior to distribution.  This can be done using
the opkg remove command.  i.e.:
    opkg remove <package>
Where <package> is the name printed in the list above
 _____                    _____           _         _   
|  _  |___ ___ ___ ___   |  _  |___ ___  |_|___ ___| |_ 
|     |  _| .'| . | . |  |   __|  _| . | | | -_|  _|  _|
|__|__|_| |__,|_  |___|  |__|  |_| |___|_| |___|___|_|  
              |___|                    |___|            
Arago Project http://arago-project.org am37x-evm ttyO0
Arago 2011.09 am37x-evm ttyO0
am37x-evm login: 
- 12:01:40 [INFO] Host: root
- 12:01:40 [INFO] Target: 
root
root@am37x-evm:~# 
- 12:01:40 [INFO] Host: uname -a
- 12:01:40 [INFO] Target: 
uname -a
Linux am37x-evm 4.2.0-rc8-next-20150826-00002-g603f9eff60ff #1 SMP Wed Aug 26 11:11:42 CDT 2015 armv7l unknown
root@am37x-evm:~# 
- 12:01:40 [INFO] Host: cat /proc/cmdline
- 12:01:40 [INFO] Target: 
cat /proc/cmdline
console=ttyO0,115200n8 earlyprintk ip=:::::eth0:dhcp root=/dev/mmcblk0p2 rw rootfstype=ext3 rootwait
root@am37x-evm:~# 
- 12:01:40 [INFO] Host: uname -a
- 12:01:40 [INFO] Target: 
uname -a
Linux am37x-evm 4.2.0-rc8-next-20150826-00002-g603f9eff60ff #1 SMP Wed Aug 26 11:11:42 CDT 2015 armv7l unknown
root@am37x-evm:~# 
- 12:01:40 [INFO] Host: cat /proc/mtd
- 12:01:41 [INFO] Target: 
cat /proc/mtd
dev:    size   erasesize  name
root@am37x-evm:~# 
- 12:01:49 [INFO] Host: export IPERFHOST=192.168.0.1
- 12:01:49 [INFO] Target: 
export IPERFHOST=192.168.0.1
root@am37x-evm:~# 
- 12:01:49 [INFO] Host: export NFS_SERVER=192.168.0.1
- 12:01:49 [INFO] Target: 
export NFS_SERVER=192.168.0.1
root@am37x-evm:~# 
- 12:01:49 [INFO] Host: export NFS_ROOT_PATH=/home/tigtfarm06/NFS_exports/linux/am37x-evm
- 12:01:49 [INFO] Target: 
export NFS_ROOT_PATH=/home/tigtfarm06/NFS_exports/linux/am37x-
root@am37x-evm:~# 
- 12:01:49 [INFO] Host: mkdir -p -m 777 /test
- 12:01:49 [INFO] Target: 
mkdir -p -m 777 /test
root@am37x-evm:~# 
- 12:01:49 [INFO] Host: cd /test
- 12:01:49 [INFO] Target: 
cd /test
root@am37x-evm:/test# 
- 12:01:49 [INFO] Host: cat > test.sh << EOF
- 12:01:49 [INFO] Target: 
cat > test.sh << EOF
- 12:01:49 [INFO] Host: failtest() {
- 12:01:49 [INFO] Target: 
failtest() {
- 12:01:49 [INFO] Host:   echo 1 >&3
- 12:01:49 [INFO] Target: 
  echo 1 >&3
- 12:01:49 [INFO] Host: }
- 12:01:50 [INFO] Target: 
- 12:01:50 [INFO] Host: timeout=600
- 12:01:50 [INFO] Target: 
timeout=600
- 12:01:50 [INFO] Host: 
- 12:01:50 [INFO] Target: 
- 12:01:50 [INFO] Host: # Start of user's script logic
- 12:01:50 [INFO] Target: 
# Start of user's script logic
- 12:01:50 [INFO] Host: mount -t proc proc /proc 2>/dev/null;
- 12:01:50 [INFO] Target: 
mount -t proc proc /proc 2>/dev/null;
- 12:01:50 [INFO] Host: 
- 12:01:50 [INFO] Target: 
- 12:01:50 [INFO] Host: mount -t sysfs sys /sys 2>/dev/null;
- 12:01:50 [INFO] Target: 
mount -t sysfs sys /sys 2>/dev/null;
- 12:01:50 [INFO] Host: 
- 12:01:50 [INFO] Target: 
- 12:01:50 [INFO] Host: mount -t debugfs none /sys/kernel/debug 2>/dev/null;
- 12:01:50 [INFO] Target: 
mount -t debugfs none /sys/kernel/debug 2>/dev/null;
- 12:01:50 [INFO] Host: 
- 12:01:50 [INFO] Target: 
- 12:01:50 [INFO] Host: echo 'cpuinfo:';cat /proc/cpuinfo; echo '=======';
- 12:01:51 [INFO] Target: 
echo 'cpuinfo:';cat /proc/cpuinfo; echo '=======';
- 12:01:51 [INFO] Host: 
- 12:01:51 [INFO] Target: 
- 12:01:51 [INFO] Host: echo 'soc info:';head /sys/devices/soc0/* 2>/dev/null; echo '=======';
- 12:01:51 [INFO] Target: 
echo 'soc info:';head /sys/devices/soc0/* 2>/dev/null; echo '=======';
- 12:01:51 [INFO] Host: 
- 12:01:51 [INFO] Target: 
- 12:01:51 [INFO] Host: echo 'DT Model info'; head /proc/device-tree/name /proc/device-tree/model /proc/device-tree/compatible 2>/dev/null;echo; echo '=======';
- 12:01:51 [INFO] Target: 
echo 'DT Model info'; head /proc/device-tree/name /proc/device-tree/model /pro
c/device-tree/compatible 2>/dev/null;echo; echo '=======';
- 12:01:51 [INFO] Host: 
- 12:01:51 [INFO] Target: 
- 12:01:51 [INFO] Host: echo 'interrupts:';cat /proc/interrupts; echo '=======';
- 12:01:51 [INFO] Target: 
echo 'interrupts:';cat /proc/interrupts; echo '=======';
- 12:01:51 [INFO] Host: 
- 12:01:51 [INFO] Target: 
- 12:01:51 [INFO] Host: echo 'Clk_summary:';cat /sys/kernel/debug/clk/clk_summary; echo '=======';
- 12:01:51 [INFO] Target: 
echo 'Clk_summary:';cat /sys/kernel/debug/clk/clk_summary; echo '=======';
- 12:01:51 [INFO] Host: 
- 12:01:51 [INFO] Target: 
- 12:01:51 [INFO] Host: echo "Available frequencies"; cat /sys/devices/system/cpu/cpu0/cpufreq/scaling_available_frequencies 2>/dev/null;echo '=======';
- 12:01:52 [INFO] Target: 
echo "Available frequencies"; cat /sys/devices/system/cpu/cpu0/cpufreq/scaling
_available_frequencies 2>/dev/null;echo '=======';
- 12:01:52 [INFO] Host: 
- 12:01:52 [INFO] Target: 
- 12:01:52 [INFO] Host: TMPF=/tmp/a.\$\$; TMPF2=/tmp/b.\$\$; STR=""
- 12:01:52 [INFO] Target: 
TMPF=/tmp/a.\$\$; TMPF2=/tmp/b.\$\$; STR=""
- 12:01:52 [INFO] Host: 
- 12:01:52 [INFO] Target: 
- 12:01:52 [INFO] Host: cp /dev/kmsg \$TMPF &
- 12:01:52 [INFO] Target: 
cp /dev/kmsg \$TMPF &
- 12:01:52 [INFO] Host: 
- 12:01:52 [INFO] Target: 
- 12:01:52 [INFO] Host: PID=\$! ; sleep 5; kill -9 \$PID
- 12:01:52 [INFO] Target: 
PID=\$! ; sleep 5; kill -9 \$PID
- 12:01:52 [INFO] Host: 
- 12:01:52 [INFO] Target: 
- 12:01:52 [INFO] Host: 
- 12:01:52 [INFO] Target: 
- 12:01:52 [INFO] Host: 
- 12:01:52 [INFO] Target: 
- 12:01:52 [INFO] Host: cat \$TMPF|grep "^0">\$TMPF2; N=\`cat \$TMPF2|wc -l\`; if [ "\$N" -ne 0 ]; then STR="\$STR emerg=\$N";echo "===== EMERGE++";cat \$TMPF2|cut -d ';' -f2;echo "====="; fi
- 12:01:53 [INFO] Target: 
cat \$TMPF|grep "^0">\$TMPF2; N=\`cat \$TMPF2|wc -l\`; if [ "\$N" -ne 0 ]; the
n STR="\$STR emerg=\$N";echo "===== EMERGE++";cat \$TMPF2|cut -d ';' -f2;echo "=
===="; fi
- 12:01:53 [INFO] Host: 
- 12:01:53 [INFO] Target: 
- 12:01:53 [INFO] Host: cat \$TMPF|grep "^1">\$TMPF2; N=\`cat \$TMPF2|wc -l\`; if [ "\$N" -ne 0 ]; then STR="\$STR alert=\$N";echo "===== ALERT ==";cat \$TMPF2|cut -d ';' -f2;echo "====="; fi
- 12:01:53 [INFO] Target: 
cat \$TMPF|grep "^1">\$TMPF2; N=\`cat \$TMPF2|wc -l\`; if [ "\$N" -ne 0 ]; the
n STR="\$STR alert=\$N";echo "===== ALERT ==";cat \$TMPF2|cut -d ';' -f2;echo "=
===="; fi
- 12:01:53 [INFO] Host: 
- 12:01:53 [INFO] Target: 
- 12:01:53 [INFO] Host: cat \$TMPF|grep "^2">\$TMPF2; N=\`cat \$TMPF2|wc -l\`; if [ "\$N" -ne 0 ]; then STR="\$STR crit=\$N";echo "===== CRIT ==";cat \$TMPF2|cut -d ';' -f2;echo "====="; fi
- 12:01:53 [INFO] Target: 
cat \$TMPF|grep "^2">\$TMPF2; N=\`cat \$TMPF2|wc -l\`; if [ "\$N" -ne 0 ]; the
n STR="\$STR crit=\$N";echo "===== CRIT ==";cat \$TMPF2|cut -d ';' -f2;echo "===
=="; fi
- 12:01:53 [INFO] Host: 
- 12:01:53 [INFO] Target: 
- 12:01:53 [INFO] Host: cat \$TMPF|grep "^3">\$TMPF2; N=\`cat \$TMPF2|wc -l\`; if [ "\$N" -ne 0 ]; then STR="\$STR err=\$N";echo "===== ERR ==";cat \$TMPF2|cut -d ';' -f2;echo "=====" ;fi
- 12:01:53 [INFO] Target: 
cat \$TMPF|grep "^3">\$TMPF2; N=\`cat \$TMPF2|wc -l\`; if [ "\$N" -ne 0 ]; the
n STR="\$STR err=\$N";echo "===== ERR ==";cat \$TMPF2|cut -d ';' -f2;echo "=====
" ;fi
- 12:01:53 [INFO] Host: 
- 12:01:53 [INFO] Target: 
- 12:01:53 [INFO] Host: cat \$TMPF|grep "^4">\$TMPF2; N=\`cat \$TMPF2|wc -l\`; if [ "\$N" -ne 0 ]; then STR="\$STR warn=\$N";echo "===== WARN ==";cat \$TMPF2|cut -d ';' -f2;echo "=====" ;fi
- 12:01:53 [INFO] Target: 
cat \$TMPF|grep "^4">\$TMPF2; N=\`cat \$TMPF2|wc -l\`; if [ "\$N" -ne 0 ]; the
n STR="\$STR warn=\$N";echo "===== WARN ==";cat \$TMPF2|cut -d ';' -f2;echo "===
==" ;fi
- 12:01:53 [INFO] Host: 
- 12:01:54 [INFO] Target: 
- 12:01:54 [INFO] Host: rm \$TMPF \$TMPF2; echo "SUM""MARY RESULT: BOOT:" 'PASS: H''ello World' 'B''oard' "Booted" "Boot Log has::::\$STR:"
- 12:01:54 [INFO] Target: 
rm \$TMPF \$TMPF2; echo "SUM""MARY RESULT: BOOT:" 'PASS: H''ello World' 'B''oa
rd' "Booted" "Boot Log has::::\$STR:"
- 12:01:54 [INFO] Host: 
- 12:01:54 [INFO] Target: 
- 12:01:54 [INFO] Host: EOF
- 12:01:54 [INFO] Target: 
root@am37x-evm:/test# 
- 12:01:54 [INFO] Host: cd /test
- 12:01:55 [INFO] Target: 
cd /test
root@am37x-evm:/test# 
- 12:01:55 [INFO] Host: chmod +x test.sh
- 12:01:55 [INFO] Target: 
chmod +x test.sh
root@am37x-evm:/test# 
- 12:01:55 [INFO] Host: ./test.sh 2> stderr.log > stdout.log 3> result.log
- 12:02:00 [INFO] Target: 
./test.sh 2> stderr.log > stdout.log 3> result.log
root@am37x-evm:/test# 
- 12:02:00 [INFO] Host: echo $?
- 12:02:00 [INFO] Target: 
echo $?
root@am37x-evm:/test# 
- 12:02:00 [INFO] Host: cd /test
- 12:02:00 [INFO] Target: 
cd /test
root@am37x-evm:/test# 
- 12:02:00 [INFO] Host: cat stdout.log
- 12:02:03 [INFO] Target: 
cat stdout.log
cpuinfo:
processor	: 0
model name	: ARMv7 Processor rev 2 (v7l)
BogoMIPS	: 297.36
Features	: half thumb fastmult vfp edsp thumbee neon vfpv3 tls vfpd32 
CPU implementer	: 0x41
CPU architecture: 7
CPU variant	: 0x3
CPU part	: 0xc08
CPU revision	: 2
Hardware	: Generic OMAP36xx (Flattened Device Tree)
Revision	: 0000
Serial		: 0000000000000000
=======
soc info:
==> /sys/devices/soc0/family <==
OMAP3
==> /sys/devices/soc0/machine <==
OMAP3630
==> /sys/devices/soc0/power <==
==> /sys/devices/soc0/revision <==
ES1.2
==> /sys/devices/soc0/subsystem <==
==> /sys/devices/soc0/type <==
==> /sys/devices/soc0/uevent <==
=======
DT Model info
==> /proc/device-tree/name <==
==> /proc/device-tree/model <==
TI OMAP37XX EVM (TMDSEVM3730)
==> /proc/device-tree/compatible <==
ti,omap3-evm-37xxti,omap36xx
=======
interrupts:
           CPU0       
 23:          0      INTC   7 Edge      TWL4030-PIH
 25:          0      INTC   9 Edge      l3-debug-irq
 26:          0      INTC  10 Edge      l3-app-irq
 28:          0      INTC  12 Edge      DMA
 29:       3718      INTC  13 Edge      omap-dma-engine
 36:          0      INTC  20 Edge      gpmc
 53:       3739      INTC  37 Edge      gp_timer
 72:       1309      INTC  56 Edge      48070000.i2c
 73:          0      INTC  57 Edge      48072000.i2c
 77:          0      INTC  61 Edge      48060000.i2c
 88:       7401      INTC  72 Edge      OMAP UART0
 92:          1      INTC  76 Edge      ohci_hcd:usb2
 93:          0      INTC  77 Edge      ehci_hcd:usb1
 99:       6670      INTC  83 Edge      mmc0
102:        144      INTC  86 Edge      mmc1
306:        960      PRCM Edge      pm_wkup
315:         51      PRCM Edge      pinctrl, pinctrl, pinctrl, pm_io
338:          0   pinctrl 338 Edge      4806a000.serial
341:          0   twl4030   0 Edge      twl4030_gpio
346:          0   twl4030   5 Edge      twl4030_power
352:          0   twl4030  11 Edge      rtc0
375:         34   pinctrl 282 Edge      4809c000.mmc
IPI0:          0  CPU wakeup interrupts
IPI1:          0  Timer broadcast interrupts
IPI2:          0  Rescheduling interrupts
IPI3:          0  Function call interrupts
IPI4:          0  Single function call interrupts
IPI5:          0  CPU stop interrupts
IPI6:          0  IRQ work interrupts
IPI7:          0  completion interrupts
Err:          0
=======
Clk_summary:
   clock                         enable_cnt  prepare_cnt        rate   accuracy   phase
----------------------------------------------------------------------------------------
 secure_32k_fck                           0            1       32768          0 0  
    wdt1_fck                              0            0       32768          0 0  
    gpt12_fck                             0            1       32768          0 0  
 dummy_ck                                 0            0           0          0 0  
 mcbsp_clks                               0            5           0          0 0  
 sys_altclk                               0            0           0          0 0  
 virt_38_4m_ck                            0            0    38400000          0 0  
 virt_26000000_ck                         1            1    26000000          0 0  
    osc_sys_ck                            1            1    26000000          0 0  
       sys_clkout1                        0            0    26000000          0 0  
       sys_ck                             4           18    13000000          0 0  
          gpt9_fck                        0            1    13000000          0 0  
          gpt8_fck                        0            1    13000000          0 0  
          gpt7_fck                        0            1    13000000          0 0  
          gpt6_fck                        0            1    13000000          0 0  
          gpt5_fck                        0            1    13000000          0 0  
          gpt4_fck                        0            1    13000000          0 0  
          gpt3_fck                        0            1    13000000          0 0  
          gpt2_fck                        0            1    13000000          0 0  
          cpefuse_fck                     0            0    13000000          0 0  
          dpll5_ck                        1            1   120000000          0 0  
             dpll5_m2_ck                  1            1   120000000          0 0  
                dpll5_m2_d20_ck           0            0     6000000          0 0  
                dpll5_m2_d16_ck           0            0     7500000          0 0  
                dpll5_m2_d8_ck            0            0    15000000          0 0  
                dpll5_m2_d4_ck            0            0    30000000          0 0  
                usbhost_120m_fck           0            0   120000000          0 0  
                usbtll_fck                1            1   120000000          0 0  
          sys_d2_ck                       0            0     6500000          0 0  
             usim_fck                     0            0     6500000          0 0  
          modem_fck                       0            0    13000000          0 0  
          dpll2_ck                        0            1   260000000          0 0  
             dpll2_m2_ck                  0            1   260000000          0 0  
                iva2_ck                   0            2   260000000          0 0  
          sr2_fck                         0            1    13000000          0 0  
          sr1_fck                         0            1    13000000          0 0  
          traceclk_src_fck                0            0    13000000          0 0  
             traceclk_fck                 0            0    13000000          0 0  
          emu_src_mux_ck                  0            1    13000000          0 0  
             emu_src_ck                   0            1    13000000          0 0  
                atclk_fck                 0            0    13000000          0 0  
                pclkx2_fck                0            0    13000000          0 0  
                pclk_fck                  0            0     6500000          0 0  
          dss2_alwon_fck                  0            2    13000000          0 0  
          dpll1_ck                        0            1   600000000          0 0  
             dpll1_x2_ck                  0            1  1200000000          0 0  
                dpll1_x2m2_ck             0            1  1200000000          0 0  
                   mpu_ck                 0            1  1200000000          0 0  
                      emu_mpu_alwon_ck           0            0  1200000000          0 0  
                      arm_fck             0            1   600000000          0 0  
          dpll3_ck                        1            1   400000000          0 0  
             dpll3_x2_ck                  0            0   800000000          0 0  
             dpll3_m2_ck                  1            1   400000000          0 0  
                dpll3_m2x2_ck             0            0   800000000          0 0  
                   corex2_fck             0            0   800000000          0 0  
                      ssi_ssr_fck_3430es2           0            0   266666667          0 0  
                         ssi_sst_fck_3430es2           0            0   133333333          0 0  
                      corex2_d5_fck           0            0   160000000          0 0  
                      corex2_d3_fck           0            0   266666666          0 0  
                core_ck                   1            1   400000000          0 0  
                   core_d2_ck             0            0   200000000          0 0  
                      sgx_fck             0            0   200000000          0 0  
                   core_d6_ck             0            0    66666666          0 0  
                   core_d4_ck             0            0   100000000          0 0  
                   core_d3_ck             0            0   133333333          0 0  
                   dpll2_fck              0            0   400000000          0 0  
                   l3_ick                 2            3   200000000          0 0  
                      sgx_ick             0            0   200000000          0 0  
                      mad2d_ick           0            0   200000000          0 0  
                      sad2d_ick           0            1   200000000          0 0  
                      security_l3_ick           0            0   200000000          0 0  
                         pka_ick           0            0   200000000          0 0  
                      core_l3_ick           8           10   200000000          0 0  
                         hsotgusb_ick_3430es2           0            1   200000000          0 0  
                         gpmc_fck           2            2   200000000          0 0  
                         sdrc_ick           1            1   200000000          0 0  
                      l4_ick              6            7   100000000          0 0  
                         usbhost_ick           1            1   100000000          0 0  
                         dss_ick_3430es2           4            6   100000000          0 0  
                         sr_l4_ick           2            2   100000000          0 0  
                         ssi_l4_ick           0            0   100000000          0 0  
                            ssi_ick_3430es2           0            0   100000000          0 0  
                         cam_ick           0            1   100000000          0 0  
                         security_l4_ick2           0            0   100000000          0 0  
                            des1_ick           0            0   100000000          0 0  
                            sha11_ick           0            0   100000000          0 0  
                            rng_ick           0            0   100000000          0 0  
                            aes1_ick           0            0   100000000          0 0  
                         per_l4_ick          15           18   100000000          0 0  
                            mcbsp4_ick           1            1   100000000          0 0  
                            mcbsp3_ick           2            2   100000000          0 0  
                            mcbsp2_ick           2            2   100000000          0 0  
                            gpt2_ick           1            1   100000000          0 0  
                            gpt3_ick           1            1   100000000          0 0  
                            gpt4_ick           1            1   100000000          0 0  
                            gpt5_ick           1            1   100000000          0 0  
                            gpt6_ick           1            1   100000000          0 0  
                            gpt7_ick           1            1   100000000          0 0  
                            gpt8_ick           1            1   100000000          0 0  
                            gpt9_ick           1            1   100000000          0 0  
                            uart4_ick           1            1   100000000          0 0  
                            uart3_ick           1            1   100000000          0 0  
                            wdt3_ick           0            0   100000000          0 0  
                            gpio2_ick           0            1   100000000          0 0  
                            gpio3_ick           0            1   100000000          0 0  
                            gpio4_ick           0            1   100000000          0 0  
                            gpio5_ick           1            1   100000000          0 0  
                            gpio6_ick           1            1   100000000          0 0  
                         core_l4_ick          21           23   100000000          0 0  
                            mmchs3_ick           1            1   100000000          0 0  
                            usbtll_ick           1            1   100000000          0 0  
                            mailboxes_ick           0            1   100000000          0 0  
                            mspro_ick           0            0   100000000          0 0  
                            des2_ick           0            0   100000000          0 0  
                            icr_ick           0            0   100000000          0 0  
                            sha12_ick           1            2   100000000          0 0  
                            aes2_ick           1            2   100000000          0 0  
                            omapctrl_ick           1            1   100000000          0 0  
                            mcbsp1_ick           1            1   100000000          0 0  
                            mcbsp5_ick           1            1   100000000          0 0  
                            gpt10_ick           1            1   100000000          0 0  
                            gpt11_ick           1            1   100000000          0 0  
                            uart1_ick           1            1   100000000          0 0  
                            uart2_ick           1            1   100000000          0 0  
                            i2c1_ick           1            1   100000000          0 0  
                            i2c2_ick           1            1   100000000          0 0  
                            i2c3_ick           1            1   100000000          0 0  
                            mcspi1_ick           1            1   100000000          0 0  
                            mcspi2_ick           1            1   100000000          0 0  
                            mcspi3_ick           1            1   100000000          0 0  
                            mcspi4_ick           1            1   100000000          0 0  
                            hdq_ick           0            1   100000000          0 0  
                            mmchs1_ick           1            1   100000000          0 0  
                            mmchs2_ick           1            1   100000000          0 0  
                         rm_ick           0            0    50000000          0 0  
                   dpll1_fck              0            0   200000000          0 0  
             dpll3_m3_ck                  0            0   200000000          0 0  
                dpll3_m3x2_mul_ck           0            0   400000000          0 0  
                   dpll3_m3x2_ck           0            0   400000000          0 0  
                      emu_core_alwon_ck           0            0   400000000          0 0  
          dpll4_ck                        1            3   864000000          0 0  
             dpll4_x2_ck                  0            0  1728000000          0 0  
             dpll4_m6_ck                  0            0   288000000          0 0  
                dpll4_m6x2_mul_ck           0            0   288000000          0 0  
                   dpll4_m6x2_ck           0            0   288000000          0 0  
                      emu_per_alwon_ck           0            0   288000000          0 0  
             dpll4_m5_ck                  0            0   216000000          0 0  
                dpll4_m5x2_mul_ck           0            0   216000000          0 0  
                   dpll4_m5x2_ck           0            0   216000000          0 0  
                      cam_mclk            0            0   216000000          0 0  
             dpll4_m4_ck                  0            1    96000000          0 0  
                dpll4_m4x2_mul_ck           0            1    96000000          0 0  
                   dpll4_m4x2_ck           0            1    96000000          0 0  
                      dss1_alwon_fck_3430es2           0            4    96000000          0 0  
             dpll4_m3_ck                  0            1    54000000          0 0  
                dpll4_m3x2_mul_ck           0            1    54000000          0 0  
                   dpll4_m3x2_ck           0            1    54000000          0 0  
                      omap_54m_fck           0            1    54000000          0 0  
                         clkout2_src_ck           0            0    54000000          0 0  
                            sys_clkout2           0            0    54000000          0 0  
                         dss_tv_fck           0            2    54000000          0 0  
             dpll4_m2_ck                  1            1    96000000          0 0  
                dpll4_m2x2_mul_ck           1            1    96000000          0 0  
                   dpll4_m2x2_ck           1            1    96000000          0 0  
                      omap_192m_alwon_fck           0            0    96000000          0 0  
                      omap_96m_alwon_fck           1            2    96000000          0 0  
                         per_96m_fck           0            6    96000000          0 0  
                            mcbsp4_fck           0            1    96000000          0 0  
                            mcbsp3_fck           0            2    96000000          0 0  
                            mcbsp2_fck           0            2    96000000          0 0  
                         cm_96m_fck           2            2    96000000          0 0  
                            cm_96m_d2_fck           1            1    48000000          0 0  
                               omap_48m_fck           3            4    48000000          0 0  
                                  usbhost_48m_fck           1            1    48000000          0 0  
                                  per_48m_fck           2            2    48000000          0 0  
                                     uart4_fck           1            1    48000000          0 0  
                                     uart3_fck           1            1    48000000          0 0  
                                  core_48m_fck           2            6    48000000          0 0  
                                     uart1_fck           1            1    48000000          0 0  
                                     uart2_fck           1            1    48000000          0 0  
                                     mcspi1_fck           0            1    48000000          0 0  
                                     mcspi2_fck           0            1    48000000          0 0  
                                     mcspi3_fck           0            1    48000000          0 0  
                                     mcspi4_fck           0            1    48000000          0 0  
                                  omap_12m_fck           0            1    12000000          0 0  
                                     core_12m_fck           0            1    12000000          0 0  
                                        hdq_fck             0            1    12000000          0 0  
                            omap_96m_fck           1            2    96000000          0 0  
                               omap_96m_d10_fck           0            0     9600000          0 0  
                               omap_96m_d8_fck           0            0    12000000          0 0  
                               omap_96m_d4_fck           0            0    24000000          0 0  
                               omap_96m_d2_fck           0            0    48000000          0 0  
                               dss_96m_fck           0            2    96000000          0 0  
                               core_96m_fck           1           10    96000000          0 0  
                                  mcbsp1_fck           0            1    96000000          0 0  
                                  mcbsp5_fck           0            1    96000000          0 0  
                                  mmchs3_fck           0            1    96000000          0 0  
                                  mspro_fck           0            0    96000000          0 0  
                                  csi2_96m_fck           0            0    96000000          0 0  
                                  i2c1_fck           1            1    96000000          0 0  
                                  i2c2_fck           0            1    96000000          0 0  
                                  i2c3_fck           0            1    96000000          0 0  
                                  mmchs1_fck           0            1    96000000          0 0  
                                  mmchs2_fck           0            1    96000000          0 0  
          wkup_l4_ick                     4            5    13000000          0 0  
             usim_ick                     0            0    13000000          0 0  
             gpt1_ick                     1            1    13000000          0 0  
             gpt12_ick                    1            1    13000000          0 0  
             omap_32ksync_ick             1            1    13000000          0 0  
             gpio1_ick                    0            1    13000000          0 0  
             wdt1_ick                     0            0    13000000          0 0  
             wdt2_ick                     1            1    13000000          0 0  
 virt_19200000_ck                         0            0    19200000          0 0  
 virt_13m_ck                              0            0    13000000          0 0  
 virt_12m_ck                              0            0    12000000          0 0  
 omap_32k_fck                             2            8       32768          0 0  
    gpt1_fck                              1            1       32768          0 0  
    gpt11_fck                             0            1       32768          0 0  
    gpt10_fck                             0            1       32768          0 0  
    ts_fck                                0            0       32768          0 0  
    per_32k_alwon_fck                     0            5       32768          0 0  
       wdt3_fck                           0            0       32768          0 0  
       gpio2_dbck                         0            1       32768          0 0  
       gpio3_dbck                         0            1       32768          0 0  
       gpio4_dbck                         0            1       32768          0 0  
       gpio5_dbck                         0            1       32768          0 0  
       gpio6_dbck                         0            1       32768          0 0  
    wkup_32k_fck                          1            3       32768          0 0  
       wdt2_fck                           0            1       32768          0 0  
       gpio1_dbck                         0            1       32768          0 0  
 dummy_apb_pclk                           0            0           0          0 0  
 virt_16_8m_ck                            0            0    16800000          0 0  
=======
Available frequencies
300000 600000 800000 
=======
===== ERR ==
platform 48058000.ssi-controller: Cannot lookup hwmod 'ssi'
omap_hsmmc 480b4000.mmc: unable to get vmmc regulator -517
omap2_set_init_voltage: unable to find boot up OPP for vdd_mpu_iva
omap2_set_init_voltage: unable to set vdd_mpu_iva
omap2_set_init_voltage: unable to find boot up OPP for vdd_core
omap2_set_init_voltage: unable to set vdd_core
=====
===== WARN ==
omap_hwmod: mcbsp2_sidetone using broken dt data from mcbsp
omap_hwmod: mcbsp3_sidetone using broken dt data from mcbsp
irq: no irq domain found for /ocp/l4@48000000/scm@2000/pinmux@30 !
irq: no irq domain found for /ocp/l4@48000000/scm@2000/pinmux@30 !
irq: no irq domain found for /ocp/l4@48000000/scm@2000/pinmux@30 !
irq: no irq domain found for /ocp/l4@48000000/scm@2000/pinmux@30 !
gpmc_mem_init: disabling cs 0 mapped at 0x0-0x1000000
omap4_sram_init:Unable to allocate sram needed to handle errata I688
omap4_sram_init:Unable to get sram pool needed to handle errata I688
lo uses DEPRECATED zero tx_queue_len - convert driver to use IFF_NO_QUEUE instead.
smsc911x: probe of 2c000000.ethernet failed with error -22
sit0 uses DEPRECATED zero tx_queue_len - convert driver to use IFF_NO_QUEUE instead.
mmc0: host does not support reading read-only switch, assuming write-enable
omap_hsmmc 480b4000.mmc: card claims to support voltages below defined range
mmc1: queuing unknown CIS tuple 0x91 (3 bytes)
EXT4-fs (mmcblk0p2): warning: maximal mount count reached, running e2fsck is recommended
udevd (96): /proc/96/oom_adj is deprecated, please use /proc/96/oom_score_adj instead.
FAT-fs (mmcblk0p1): Volume was not properly unmounted. Some data may be corrupt. Please run fsck.
EXT4-fs (mmcblk0p3): warning: maximal mount count reached, running e2fsck is recommended
alignment: ignoring faults is unsafe on this CPU.  Defaulting to fixup mode.
=====
SUMMARY RESULT: BOOT: PASS: Hello World Board Booted Boot Log has:::: err=6 warn=20:
root@am37x-evm:/test# 
- 12:02:03 [INFO] Host: cat stderr.log
- 12:02:03 [INFO] Target: 
cat stderr.log
root@am37x-evm:/test# 
- 12:02:03 [INFO] Host: cat result.log
- 12:02:05 [ERROR] On command: cat result.log waiting for cat result.log.+?(?m-ix:^1[\0\n\r]+) >>> error: execution expired
- 12:02:05 [INFO] Target: 
cat result.log
root@am37x-evm:/test# 
- 12:02:05 [INFO] Host: cd /test
- 12:02:05 [INFO] Target: 
cd /test
root@am37x-evm:/test# 
URL:gtsystest.telogy.design.ti.com/vatf/tigtfarm06/tigtfarm06_vatf@am37x-evm/tigtfarm0608_26_2015_12_00_37/files/session_iteration_1/test_1
