- 02:14:35 [INFO] Starting target session
- 02:14:35 [INFO] Connected to am37x-evm via serial 
- 02:14:35 [INFO] Host: #check prompt
- 02:14:38 [ERROR] On command: #check prompt waiting for #check prompt.+?(?-mix:((?-mix:login:)|[Pp]assword)) >>> error: execution expired
- 02:14:38 [INFO] Target: 
#check prompt
root@am37x-evm:/test# 
- 02:14:38 [INFO] Host: #check prompt
- 02:14:38 [INFO] Target: 
#check prompt
root@am37x-evm:/test# 
- 02:14:38 [INFO] Host: sync;poweroff
- 02:14:50 [INFO] Target: 
sync;poweroff
Broadcast message from root (ttyO0) (Sun Apr 10 04:14:36 2016):
The system is going down for system halt NOW!
INIT: Switching to runlevel: 05root@am37x-evm:/test# 
INIT: Sending processes the TERM Stopping Dropbear SSH server: stopped /usr/sbin/dropbear (pid 1576)
dropbear.
Stopping telnet daemon.
Stopping Hardware abstraction layer hald
Stopping system message bus: stopped process in pidfile '/var/run/dbus/pid' (pid 1536)
dbus.
Stopping network benchmark server: netserverstopped /usr/sbin/netserver (pid 1586)
Error opening /dev/fb0: No such file or directory
Stopping thttpd.
ALSA: Storing mixer settings...
/usr/sbin/alsactl: save_state:1519: No soundcards found...
Deconfiguring network interfaces... done.
Stopping Lighttpd Web Server: stopped /usr/sbin/lighttpd (pid 1610)
lighttpd.
Stopping syslogd/klogd: stopped syslogd (pid 1591)
stopped klogd (pid 1593)
done
Stopping Matrix GUI applicationstart-stop-daemon: warning: killing process 0: No such process
***************************************************************
***************************************************************
NOTICE: This file system contains the followin GPLv3 packages:
	binutils-dev
	binutils-symlinks
	binutils
	gdbserver
If you do not wish to distribute GPLv3 components please remove
the above packages prior to distribution.  This can be done using
the opkg remove command.  i.e.:
    opkg remove <package>
Where <package> is the name printed in the list above
NOTE: If the package is a dependency of another package you
      will be notified of the dependent packages.  You should
      use the --force-removal-of-dependent-packages option to
      also remove the dependent packages as well
***************************************************************
***************************************************************
Sending all processes the TERM signal...
Sending all processes the KILL signal...
hwclock: can't open '/dev/misc/rtc': No such file or directory
Unmounting remote filesystems...
Deactivating swap...
Unmounting local filesystems...
[ 3434.564910] EXT4-fs (mmcblk0p2): re-mounted. Opts: (null)
[ 3436.821472] reboot: Power down
[ 3436.824920] ------------[ cut here ]------------
[ 3436.829803] WARNING: CPU: 0 PID: 1924 at kernel/locking/lockdep.c:2871 lockdep_trace_alloc+0x100/0x120
[ 3436.839630] DEBUG_LOCKS_WARN_ON(irqs_disabled_flags(flags))
[ 3436.845306] Modules linked in:
[ 3436.848754] CPU: 0 PID: 1924 Comm: halt Not tainted 4.6.0-next-20160524-00002-g65f21a695ed2 #1
[ 3436.857818] Hardware name: Generic OMAP36xx (Flattened Device Tree)
[ 3436.864471] [<c011005c>] (unwind_backtrace) from [<c010c250>] (show_stack+0x10/0x14)
[ 3436.872650] [<c010c250>] (show_stack) from [<c047f15c>] (dump_stack+0xb0/0xe4)
[ 3436.880279] [<c047f15c>] (dump_stack) from [<c0137424>] (__warn+0xd4/0x100)
[ 3436.887634] [<c0137424>] (__warn) from [<c0137484>] (warn_slowpath_fmt+0x34/0x44)
[ 3436.895538] [<c0137484>] (warn_slowpath_fmt) from [<c01928
- 02:14:50 [INFO] Disconnected serial from am37x-evm
- 02:14:51 [INFO] Connected to am37x-evm via serial 
- 02:14:51 [INFO] Host: 
- 02:14:53 [INFO] Target: 
U-Boot SPL 2015.07-00043-gaada495 (Nov 09 2015 - 12:23:36)
reading u-boot.img
reading u-boot.img
U-Boot 2015.07-00043-gaada495 (Nov 09 2015 - 12:23:36 -0500)
OMAP3630/3730-GP ES1.2, CPU-OPP2, L3-200MHz, Max CPU Clock 1 Ghz
OMAP3 EVM board + LPDDR/NAND
I2C:   ready
DRAM:  256 MiB
NAND:  512 MiB
MMC:   OMAP SD/MMC: 0
Error: Bad compare! failed
NAND read from offset 260000 failed -74
*** Warning - readenv() failed, using default environment
In:    serial
Out:   serial
Err:   serial
Read back SMSC id 0x92200000
Die ID #16d400029ff80000015f02690c019016
Net:   smc911x-0
Warning: Your board does not use generic board. Please read
doc/README.generic-board and take action. Boards not
upgraded by the late 2014 may break or be removed.
Hit any key to stop autoboot:  3  0 
OMAP3_EVM # 
OMAP3_EVM #  
OMAP3_EVM #  
OMAP3_EVM #  
OMAP3_EVM #  
OMAP3_EVM # 
- 02:14:53 [INFO] Host: 
- 02:14:53 [INFO] Target: 
OMAP3_EVM # 
- 02:14:53 [INFO] Host: version
- 02:14:53 [INFO] Target: 
OMAP3_EVM # version
U-Boot 2015.07-00043-gaada495 (Nov 09 2015 - 12:23:36 -0500)
arm-linux-gnueabihf-gcc (crosstool-NG linaro-1.13.1-4.7-2013.03-20130313 - Linaro GCC 2013.03) 4.7.3 20130226 (prerelease)
GNU ld (crosstool-NG linaro-1.13.1-4.7-2013.03-20130313 - Linaro GCC 2013.03) 2.23.1
OMAP3_EVM # 
- 02:14:53 [INFO] Host: setenv bootargs 'console=ttyO0,115200n8 earlyprintk=serial,ttyO0,115200n8  '
- 02:14:54 [INFO] Target: 
setenv bootargs 'console=ttyO0,115200n8 earlyprintk=serial,ttyO0,115200n8  '
OMAP3_EVM # 
- 02:14:54 [INFO] Host: setenv bootcmd  ''
- 02:14:54 [INFO] Target: 
setenv bootcmd  ''
OMAP3_EVM # 
- 02:14:54 [INFO] Host: setenv autoload 'no'
- 02:14:54 [INFO] Target: 
setenv autoload 'no'
OMAP3_EVM # 
- 02:14:54 [INFO] Host: setenv serverip '192.168.0.1'
- 02:14:54 [INFO] Target: 
setenv serverip '192.168.0.1'
OMAP3_EVM # 
- 02:14:54 [INFO] Host: setenv _initramfs -
- 02:14:54 [INFO] Target: 
setenv _initramfs -
OMAP3_EVM # 
- 02:14:54 [INFO] Host: printenv
- 02:14:54 [INFO] Target: 
printenv
_initramfs=-
autoload=no
baudrate=115200
bootargs=console=ttyO0,115200n8 earlyprintk=serial,ttyO0,115200n8  
bootcmd=
bootdelay=3
bootfile=uImage
bootscript=echo Running bootscript from mmc ...; source ${loadaddr}
console=ttyO0,115200n8
dieid#=16d400029ff80000015f02690c019016
ethact=smc911x-0
ethaddr=00:50:c2:7e:93:ba
loadaddr=0x82000000
loadbootscript=fatload mmc ${mmcdev} ${loadaddr} boot.scr
loaduimage=fatload mmc ${mmcdev} ${loadaddr} uImage
mmcargs=setenv bootargs console=${console} root=/dev/mmcblk0p2 rw rootfstype=ext3 rootwait
mmcboot=echo Booting from mmc ...; run mmcargs; bootm ${loadaddr}
mmcdev=0
nandargs=setenv bootargs console=${console} root=/dev/mtdblock4 rw rootfstype=jffs2
nandboot=echo Booting from nand ...; run nandargs; onenand read ${loadaddr} 280000 400000; bootm ${loadaddr}
serverip=192.168.0.1
stderr=serial
stdin=serial
stdout=serial
usbtty=cdc_acm
Environment size: 937/131068 bytes
OMAP3_EVM # 
- 02:14:54 [INFO] Host: printenv
- 02:14:54 [INFO] Target: 
printenv
_initramfs=-
autoload=no
baudrate=115200
bootargs=console=ttyO0,115200n8 earlyprintk=serial,ttyO0,115200n8  
bootcmd=
bootdelay=3
bootfile=uImage
bootscript=echo Running bootscript from mmc ...; source ${loadaddr}
console=ttyO0,115200n8
dieid#=16d400029ff80000015f02690c019016
ethact=smc911x-0
ethaddr=00:50:c2:7e:93:ba
loadaddr=0x82000000
loadbootscript=fatload mmc ${mmcdev} ${loadaddr} boot.scr
loaduimage=fatload mmc ${mmcdev} ${loadaddr} uImage
mmcargs=setenv bootargs console=${console} root=/dev/mmcblk0p2 rw rootfstype=ext3 rootwait
mmcboot=echo Booting from mmc ...; run mmcargs; bootm ${loadaddr}
mmcdev=0
nandargs=setenv bootargs console=${console} root=/dev/mtdblock4 rw rootfstype=jffs2
nandboot=echo Booting from nand ...; run nandargs; onenand read ${loadaddr} 280000 400000; bootm ${loadaddr}
serverip=192.168.0.1
stderr=serial
stdin=serial
stdout=serial
usbtty=cdc_acm
Environment size: 937/131068 bytes
OMAP3_EVM # 
- 02:14:54 [INFO] Host: setenv bootargs ''${bootargs}' ip=:::::eth0:dhcp '
- 02:14:54 [INFO] Target: 
setenv bootargs ''${bootargs}' ip=:::::eth0:dhcp '
OMAP3_EVM # 
- 02:14:54 [INFO] Host: setenv serverip '192.168.0.1'
- 02:14:54 [INFO] Target: 
setenv serverip '192.168.0.1'
OMAP3_EVM # 
- 02:14:54 [INFO] Host: setenv autoload 'no'
- 02:14:54 [INFO] Target: 
setenv autoload 'no'
OMAP3_EVM # 
- 02:14:54 [INFO] Host: dhcp
- 02:14:57 [INFO] Target: 
dhcp
smc911x: MAC 00:50:c2:7e:93:ba
smc911x: detected LAN9220 controller
smc911x: phy initialized
smc911x: MAC 00:50:c2:7e:93:ba
BOOTP broadcast 1
BOOTP broadcast 2
BOOTP broadcast 3
DHCP client bound to address 192.168.0.61 (1057 ms)
smc911x: MAC 00:50:c2:7e:93:ba
OMAP3_EVM # 
- 02:14:57 [INFO] Host: tftp ${loadaddr} 192.168.0.1:vatf_am37x-evm/6d064d6f31adec3a9149825ea1d6d251
- 02:15:01 [INFO] Target: 
tftp ${loadaddr} 192.168.0.1:vatf_am37x-evm/6d064d6f31adec3a9149825ea1d6d251
smc911x: MAC 00:50:c2:7e:93:ba
smc911x: detected LAN9220 controller
smc911x: phy initialized
smc911x: MAC 00:50:c2:7e:93:ba
Using smc911x-0 device
TFTP from server 192.168.0.1; our IP address is 192.168.0.61
Filename 'vatf_am37x-evm/6d064d6f31adec3a9149825ea1d6d251'.
Load address: 0x82000000
Loading: *#################################################################
	 #################################################################
	 #################################################################
	 #################################################################
	 #################################################################
	 #################################################################
	 #################################################################
	 ############################
	 3.3 MiB/s
done
Bytes transferred = 7082252 (6c110c hex)
smc911x: MAC 00:50:c2:7e:93:ba
OMAP3_EVM # 
- 02:15:01 [INFO] Host: ls mmc 0:1
- 02:15:01 [INFO] Target: 
ls mmc 0:1
ls - list files in a directory (default /)
Usage:
ls [ directory ]
OMAP3_EVM # 
- 02:15:01 [INFO] Host: ls mmc 0:2
- 02:15:01 [INFO] Target: 
ls mmc 0:2
ls - list files in a directory (default /)
Usage:
ls [ directory ]
OMAP3_EVM # 
- 02:15:01 [INFO] Host: ls mmc 0:3
- 02:15:01 [INFO] Target: 
ls mmc 0:3
ls - list files in a directory (default /)
Usage:
ls [ directory ]
OMAP3_EVM # 
- 02:15:01 [INFO] Host: ls mmc 0:4
- 02:15:01 [INFO] Target: 
ls mmc 0:4
ls - list files in a directory (default /)
Usage:
ls [ directory ]
OMAP3_EVM # 
- 02:15:01 [INFO] Host: ls mmc 0:5
- 02:15:01 [INFO] Target: 
ls mmc 0:5
ls - list files in a directory (default /)
Usage:
ls [ directory ]
OMAP3_EVM # 
- 02:15:01 [INFO] Host: part uuid mmc 0:
- 02:15:02 [INFO] Target: 
part uuid mmc 0:
Unknown command 'part' - try 'help'
OMAP3_EVM # 
- 02:15:02 [INFO] Host: printenv
- 02:15:02 [INFO] Target: 
printenv
_initramfs=-
autoload=no
baudrate=115200
bootargs=console=ttyO0,115200n8 earlyprintk=serial,ttyO0,115200n8   ip=:::::eth0:dhcp 
bootcmd=
bootdelay=3
bootfile=uImage
bootscript=echo Running bootscript from mmc ...; source ${loadaddr}
console=ttyO0,115200n8
dieid#=16d400029ff80000015f02690c019016
ethact=smc911x-0
ethaddr=00:50:c2:7e:93:ba
fileaddr=82000000
filesize=6c110c
gatewayip=192.168.0.1
ipaddr=192.168.0.61
loadaddr=0x82000000
loadbootscript=fatload mmc ${mmcdev} ${loadaddr} boot.scr
loaduimage=fatload mmc ${mmcdev} ${loadaddr} uImage
mmcargs=setenv bootargs console=${console} root=/dev/mmcblk0p2 rw rootfstype=ext3 rootwait
mmcboot=echo Booting from mmc ...; run mmcargs; bootm ${loadaddr}
mmcdev=0
nandargs=setenv bootargs console=${console} root=/dev/mtdblock4 rw rootfstype=jffs2
nandboot=echo Booting from nand ...; run nandargs; onenand read ${loadaddr} 280000 400000; bootm ${loadaddr}
netmask=255.255.255.0
serverip=192.168.0.1
stderr=serial
stdin=serial
stdout=serial
usbtty=cdc_acm
Environment size: 1064/131068 bytes
OMAP3_EVM # 
- 02:15:02 [INFO] Host: setenv bootargs ''${bootargs}' root=/dev/mmcblk0p2 rw rootfstype=ext3 rootwait '
- 02:15:02 [INFO] Target: 
setenv bootargs ''${bootargs}' root=/dev/mmcblk0p2 rw rootfstype=ext3 rootwait '
OMAP3_EVM # 
- 02:15:02 [INFO] Host: printenv
- 02:15:02 [INFO] Target: 
printenv
_initramfs=-
autoload=no
baudrate=115200
bootargs=console=ttyO0,115200n8 earlyprintk=serial,ttyO0,115200n8   ip=:::::eth0:dhcp  root=/dev/mmcblk0p2 rw rootfstype=ext3 rootwait 
bootcmd=
bootdelay=3
bootfile=uImage
bootscript=echo Running bootscript from mmc ...; source ${loadaddr}
console=ttyO0,115200n8
dieid#=16d400029ff80000015f02690c019016
ethact=smc911x-0
ethaddr=00:50:c2:7e:93:ba
fileaddr=82000000
filesize=6c110c
gatewayip=192.168.0.1
ipaddr=192.168.0.61
loadaddr=0x82000000
loadbootscript=fatload mmc ${mmcdev} ${loadaddr} boot.scr
loaduimage=fatload mmc ${mmcdev} ${loadaddr} uImage
mmcargs=setenv bootargs console=${console} root=/dev/mmcblk0p2 rw rootfstype=ext3 rootwait
mmcboot=echo Booting from mmc ...; run mmcargs; bootm ${loadaddr}
mmcdev=0
nandargs=setenv bootargs console=${console} root=/dev/mtdblock4 rw rootfstype=jffs2
nandboot=echo Booting from nand ...; run nandargs; onenand read ${loadaddr} 280000 400000; bootm ${loadaddr}
netmask=255.255.255.0
serverip=192.168.0.1
stderr=serial
stdin=serial
stdout=serial
usbtty=cdc_acm
Environment size: 1113/131068 bytes
OMAP3_EVM # 
- 02:15:02 [INFO] Host: setenv bootcmd ''${bootcmd}' if iminfo ${loadaddr}; then bootm ${loadaddr} ${_initramfs} ; else bootz ${loadaddr} ${_initramfs} ; bootm ${loadaddr} ${_initramfs} ; fi'
- 02:15:02 [INFO] Target: 
setenv bootcmd ''${bootcmd}' if iminfo ${loadaddr}; then bootm ${loadaddr} ${_initramfs} ; else bootz ${loadaddr} ${_initramfs} ; bootm ${loadaddr} ${_initramfs} ; fi'
OMAP3_EVM # 
- 02:15:02 [INFO] Host: version
- 02:15:02 [INFO] Target: 
version
U-Boot 2015.07-00043-gaada495 (Nov 09 2015 - 12:23:36 -0500)
arm-linux-gnueabihf-gcc (crosstool-NG linaro-1.13.1-4.7-2013.03-20130313 - Linaro GCC 2013.03) 4.7.3 20130226 (prerelease)
GNU ld (crosstool-NG linaro-1.13.1-4.7-2013.03-20130313 - Linaro GCC 2013.03) 2.23.1
OMAP3_EVM # 
- 02:15:02 [INFO] Host: bdinfo
- 02:15:02 [INFO] Target: 
bdinfo
arch_number = 0x000005FF
boot_params = 0x80000100
DRAM bank   = 0x00000000
-> start    = 0x80000000
-> size     = 0x10000000
DRAM bank   = 0x00000001
-> start    = 0x90000000
-> size     = 0x00000000
eth0name    = smc911x-0
ethaddr     = 00:50:c2:7e:93:ba
current eth = smc911x-0
ip_addr     = 192.168.0.61
baudrate    = 115200 bps
TLB addr    = 0x8FFF0000
relocaddr   = 0x8FF61000
reloc off   = 0x0FE61000
irq_sp      = 0x8FF00F24
sp start    = 0x8FF00F18
OMAP3_EVM # 
- 02:15:02 [INFO] Host: mmc rescan; echo $?
- 02:15:02 [INFO] Target: 
mmc rescan; echo $?
OMAP3_EVM # 
- 02:15:02 [INFO] Host: fatwrite mmc ${mmcdev}:1 ${loadaddr} ws-calibrate.rules 4
- 02:15:03 [INFO] Target: 
fatwrite mmc ${mmcdev}:1 ${loadaddr} ws-calibrate.rules 4
Unknown command 'fatwrite' - try 'help'
OMAP3_EVM # 
- 02:15:03 [INFO] Host: boot
- 02:15:29 [INFO] Target: 
boot
Unknown command 'iminfo' - try 'help'
Unknown command 'bootz' - try 'help'
## Booting kernel from Legacy Image at 82000000 ...
   Image Name:   Linux-4.6.0-next-20160524-00002-
   Image Type:   ARM Linux Kernel Image (uncompressed)
   Data Size:    7082188 Bytes = 6.8 MiB
   Load Address: 81000000
   Entry Point:  81000000
   Verifying Checksum ... OK
   Loading Kernel Image ... OK
Starting kernel ...
[    0.000000] Booting Linux on physical CPU 0x0
[    0.000000] Linux version 4.6.0-next-20160524-00002-g65f21a695ed2 (nmenon@horus) (gcc version 4.9.3 20150413 (prerelease) (Linaro GCC 4.9-2015.05) ) #1 SMP Tue May 24 01:25:47 CDT 2016
[    0.000000] CPU: ARMv7 Processor [413fc082] revision 2 (ARMv7), cr=10c5387d
[    0.000000] CPU: PIPT / VIPT nonaliasing data cache, VIPT aliasing instruction cache
[    0.000000] Machine model: TI OMAP37XX EVM (TMDSEVM3730)
[    0.000000] cma: Reserved 64 MiB at 0x8b800000
[    0.000000] Memory policy: Data cache writeback
[    0.000000] CPU: All CPU(s) started in SVC mode.
[    0.000000] OMAP3630 ES1.2 (l2cache iva sgx neon isp 192mhz_clk )
[    0.000000] percpu: Embedded 13 pages/cpu @cfb86000 s23744 r8192 d21312 u53248
[    0.000000] Built 1 zonelists in Zone order, mobility grouping on.  Total pages: 64512
[    0.000000] Kernel command line: console=ttyO0,115200n8 earlyprintk=serial,ttyO0,115200n8   ip=:::::eth0:dhcp  root=/dev/mmcblk0p2 rw rootfstype=ext3 rootwait 
[    0.000000] PID hash table entries: 1024 (order: 0, 4096 bytes)
[    0.000000] Dentry cache hash table entries: 32768 (order: 5, 131072 bytes)
[    0.000000] Inode-cache hash table entries: 16384 (order: 4, 65536 bytes)
[    0.000000] Memory: 173932K/260096K available (9470K kernel code, 1082K rwdata, 4300K rodata, 2048K init, 343K bss, 20628K reserved, 65536K cma-reserved, 0K highmem)
[    0.000000] Virtual kernel memory layout:
[    0.000000]     vector  : 0xffff0000 - 0xffff1000   (   4 kB)
[    0.000000]     fixmap  : 0xffc00000 - 0xfff00000   (3072 kB)
[    0.000000]     vmalloc : 0xd0800000 - 0xff800000   ( 752 MB)
[    0.000000]     lowmem  : 0xc0000000 - 0xd0000000   ( 256 MB)
[    0.000000]     pkmap   : 0xbfe00000 - 0xc0000000   (   2 MB)
[    0.000000]     modules : 0xbf000000 - 0xbfe00000   (  14 MB)
[    0.000000]       .text : 0xc0208000 - 0xc1072a6c   (14763 kB)
[    0.000000]       .init : 0xc1100000 - 0xc1300000   (2048 kB)
[    0.000000]       .data : 0xc1300000 - 0xc140ea20   (1083 kB)
[    0.000000]        .bss : 0xc1410000 - 0xc1465c20   ( 344 kB)
[    0.000000] SLUB: HWalign=64, Order=0-3, MinObjects=0, CPUs=1, Nodes=1
[    0.000000] Hierarchical RCU implementation.
[    0.000000] 	Build-time adjustment of leaf fanout to 32.
[    0.000000] 	RCU restricting CPUs from NR_CPUS=16 to nr_cpu_ids=1.
[    0.000000] RCU: Adjusting geometry for rcu_fanout_leaf=32, nr_cpu_ids=1
[    0.000000] NR_IRQS:16 nr_irqs:16 16
[    0.000000] IRQ: Found an INTC at 0xfa200000 (revision 4.0) with 96 interrupts
[    0.000000] Clocking rate (Crystal/Core/MPU): 26.0/400/600 MHz
[    0.000000] OMAP clockevent source: timer1 at 32768 Hz
[    0.000000] clocksource: 32k_counter: mask: 0xffffffff max_cycles: 0xffffffff, max_idle_ns: 58327039986419 ns
[    0.000030] sched_clock: 32 bits at 32kHz, resolution 30517ns, wraps every 65535999984741ns
[    0.000030] OMAP clocksource: 32k_counter at 32768 Hz
[    0.003234] Console: colour dummy device 80x30
[    0.003295] Calibrating delay loop... 594.73 BogoMIPS (lpj=1486848)
[    0.034454] pid_max: default: 32768 minimum: 301
[    0.034606] Mount-cache hash table entries: 1024 (order: 0, 4096 bytes)
[    0.034637] Mountpoint-cache hash table entries: 1024 (order: 0, 4096 bytes)
[    0.035491] CPU: Testing write buffer coherency: ok
[    0.035858] CPU0: thread -1, cpu 0, socket -1, mpidr 0
[    0.035919] Setting up static identity map for 0x80300000 - 0x80300098
[    0.044952] Brought up 1 CPUs
[    0.044982] SMP: Total of 1 processors activated (594.73 BogoMIPS).
[    0.044982] CPU: All CPU(s) started in SVC mode.
[    0.046905] devtmpfs: initialized
[    0.079193] VFP support v0.3: implementor 41 architecture 3 part 30 variant c rev 3
[    0.080780] clocksource: jiffies: mask: 0xffffffff max_cycles: 0xffffffff, max_idle_ns: 9556302231375000 ns
[    0.084686] pinctrl core: initialized pinctrl subsystem
[    0.087799] NET: Registered protocol family 16
[    0.090728] DMA: preallocated 256 KiB pool for atomic coherent allocations
[    0.117736] omap_hwmod: mcbsp2_sidetone using broken dt data from mcbsp
[    0.118499] omap_hwmod: mcbsp3_sidetone using broken dt data from mcbsp
[    0.185119] cpuidle: using governor menu
[    0.185791] Reprogramming SDRC clock to 400000000 Hz
[    0.194763] OMAP GPIO hardware version 2.5
[    0.203369] irq: no irq domain found for /ocp/l4@48000000/scm@2000/pinmux@30 !
[    0.204040] irq: no irq domain found for /ocp/l4@48000000/scm@2000/pinmux@30 !
[    0.204589] irq: no irq domain found for /ocp/l4@48000000/scm@2000/pinmux@30 !
[    0.209197] irq: no irq domain found for /ocp/l4@48000000/scm@2000/pinmux@30 !
[    0.218780] omap-gpmc 6e000000.gpmc: GPMC revision 5.0
[    0.218811] gpmc_mem_init: disabling cs 0 mapped at 0x0-0x1000000
[    0.228088] No ATAGs?
[    0.228088] hw-breakpoint: debug architecture 0x4 unsupported.
[    0.229949] omap4_sram_init:Unable to allocate sram needed to handle errata I688
[    0.229980] omap4_sram_init:Unable to get sram pool needed to handle errata I688
[    0.230285] OMAP DMA hardware revision 5.0
[    0.237609] Serial: AMBA PL011 UART driver
[    0.263824] omap-dma-engine 48056000.dma-controller: OMAP DMA engine driver
[    0.266937] reg-fixed-voltage wl12xx_vmmc: could not find pctldev for node /ocp/l4@48000000/scm@2000/pinmux@30/pinmux_wl12xx_gpio, deferring probe
[    0.272918] vgaarb: loaded
[    0.274291] SCSI subsystem initialized
[    0.275085] usbcore: registered new interface driver usbfs
[    0.275177] usbcore: registered new interface driver hub
[    0.275268] usbcore: registered new device driver usb
[    0.277557] omap_i2c 48070000.i2c: bus 0 rev4.4 at 2600 kHz
[    0.278381] omap_i2c 48072000.i2c: bus 1 rev4.4 at 400 kHz
[    0.279296] omap_i2c 48060000.i2c: bus 2 rev4.4 at 400 kHz
[    0.280853] pps_core: LinuxPPS API ver. 1 registered
[    0.280883] pps_core: Software ver. 5.3.6 - Copyright 2005-2007 Rodolfo Giometti <giometti@linux.it>
[    0.280914] PTP clock support registered
[    0.281219] EDAC MC: Ver: 3.0.0
[    0.285278] clocksource: Switched to clocksource 32k_counter
[    0.301239] NET: Registered protocol family 2
[    0.302062] TCP established hash table entries: 2048 (order: 1, 8192 bytes)
[    0.302124] TCP bind hash table entries: 2048 (order: 2, 16384 bytes)
[    0.302154] TCP: Hash tables configured (established 2048 bind 2048)
[    0.302246] UDP hash table entries: 256 (order: 1, 8192 bytes)
[    0.302276] UDP-Lite hash table entries: 256 (order: 1, 8192 bytes)
[    0.302459] NET: Registered protocol family 1
[    0.302917] RPC: Registered named UNIX socket transport module.
[    0.302947] RPC: Registered udp transport module.
[    0.302947] RPC: Registered tcp transport module.
[    0.302947] RPC: Registered tcp NFSv4.1 backchannel transport module.
[    0.306365] hw perfevents: enabled with armv7_cortex_a8 PMU driver, 5 counters available
[    0.309814] futex hash table entries: 256 (order: 2, 16384 bytes)
[    0.311218] workingset: timestamp_bits=28 max_order=16 bucket_order=0
[    0.327728] squashfs: version 4.0 (2009/01/31) Phillip Lougher
[    0.329162] NFS: Registering the id_resolver key type
[    0.329254] Key type id_resolver registered
[    0.329254] Key type id_legacy registered
[    0.329315] ntfs: driver 2.1.32 [Flags: R/O].
[    0.331787] Block layer SCSI generic (bsg) driver version 0.4 loaded (major 248)
[    0.331787] io scheduler noop registered
[    0.331817] io scheduler deadline registered
[    0.331848] io scheduler cfq registered (default)
[    0.341125] pinctrl-single 48002030.pinmux: 284 pins at pa fa002030 size 568
[    0.341461] pinctrl-single 48002a00.pinmux: 46 pins at pa fa002a00 size 92
[    0.342041] pinctrl-single 480025a0.pinmux: 46 pins at pa fa0025a0 size 92
[    0.453552] Serial: 8250/16550 driver, 4 ports, IRQ sharing disabled
[    0.458190] SuperH (H)SCI(F) driver initialized
[    0.459777] msm_serial: driver initialized
[    0.460510] 4806a000.serial: ttyO0 at MMIO 0x4806a000 (irq = 88, base_baud = 3000000) is a OMAP UART0
[    1.206787] console [ttyO0] enabled
[    1.211364] 4806c000.serial: ttyO1 at MMIO 0x4806c000 (irq = 89, base_baud = 3000000) is a OMAP UART1
[    1.221923] 49020000.serial: ttyO2 at MMIO 0x49020000 (irq = 90, base_baud = 3000000) is a OMAP UART2
[    1.232421] omap_uart 49042000.serial: no wakeirq for uart3
[    1.238433] 49042000.serial: ttyO3 at MMIO 0x49042000 (irq = 96, base_baud = 3000000) is a OMAP UART3
[    1.248687] STMicroelectronics ASC driver initialized
[    1.259033] [drm] Initialized drm 1.1.0 20060810
[    1.287414] brd: module loaded
[    1.299468] loop: module loaded
[    1.334960] twl 0-0048: PIH (irq 23) chaining IRQs 341..349
[    1.340972] twl 0-0048: power (irq 346) chaining IRQs 349..356
[    1.390716] VPLL2: Bringing 1300000uV into 1800000-1800000uV
[    1.403625] twl4030_gpio twl4030-gpio: gpio (irq 341) chaining IRQs 357..374
[    1.528778] libphy: Fixed MDIO Bus: probed
[    1.534362] CAN device driver interface
[    1.542419] igb: Intel(R) Gigabit Ethernet Network Driver - version 5.3.0-k
[    1.549774] igb: Copyright (c) 2007-2014 Intel Corporation.
[    1.577514] libphy: smsc911x-mdio: probed
[    1.582061] SMSC LAN8700 2c000000.etherne:01: attached PHY driver [SMSC LAN8700] (mii_bus:phy_addr=2c000000.etherne:01, irq=-1)
[    1.594329] smsc911x 2c000000.ethernet eth0: MAC Address: 00:50:c2:7e:93:ba
[    1.606353] pegasus: v0.9.3 (2013/04/25), Pegasus/Pegasus II USB Ethernet driver
[    1.614257] usbcore: registered new interface driver pegasus
[    1.620330] usbcore: registered new interface driver asix
[    1.626098] usbcore: registered new interface driver ax88179_178a
[    1.632568] usbcore: registered new interface driver cdc_ether
[    1.638824] usbcore: registered new interface driver smsc75xx
[    1.644989] usbcore: registered new interface driver smsc95xx
[    1.651092] usbcore: registered new interface driver net1080
[    1.657135] usbcore: registered new interface driver cdc_subset
[    1.663421] usbcore: registered new interface driver zaurus
[    1.669433] usbcore: registered new interface driver cdc_ncm
[    1.679321] ehci_hcd: USB 2.0 'Enhanced' Host Controller (EHCI) Driver
[    1.686248] ehci-pci: EHCI PCI platform driver
[    1.691009] ehci-platform: EHCI generic platform driver
[    1.696990] ehci-omap: OMAP-EHCI Host Controller driver
[    1.703063] ehci-omap 48064800.ehci: EHCI Host Controller
[    1.708831] ehci-omap 48064800.ehci: new USB bus registered, assigned bus number 1
[    1.717163] ehci-omap 48064800.ehci: irq 93, io mem 0x48064800
[    1.730438] ehci-omap 48064800.ehci: USB 2.0 started, EHCI 1.00
[    1.737945] hub 1-0:1.0: USB hub found
[    1.742004] hub 1-0:1.0: 3 ports detected
[    1.747253] ehci-orion: EHCI orion driver
[    1.752014] SPEAr-ehci: EHCI SPEAr driver
[    1.756622] ehci-st: EHCI STMicroelectronics driver
[    1.762084] ehci-exynos: EHCI EXYNOS driver
[    1.766845] ehci-atmel: EHCI Atmel driver
[    1.771392] tegra-ehci: Tegra EHCI driver
[    1.775970] ohci_hcd: USB 1.1 'Open' Host Controller (OHCI) Driver
[    1.782501] ohci-pci: OHCI PCI platform driver
[    1.787292] ohci-platform: OHCI generic platform driver
[    1.793182] ohci-omap3: OHCI OMAP3 driver
[    1.797851] ohci-omap3 48064400.ohci: OHCI Host Controller
[    1.803710] ohci-omap3 48064400.ohci: new USB bus registered, assigned bus number 2
[    1.812011] ohci-omap3 48064400.ohci: irq 92, io mem 0x48064400
[    1.891662] hub 2-0:1.0: USB hub found
[    1.895751] hub 2-0:1.0: 3 ports detected
[    1.900909] SPEAr-ohci: OHCI SPEAr driver
[    1.905700] ohci-st: OHCI STMicroelectronics driver
[    1.911224] ohci-atmel: OHCI Atmel driver
[    1.917114] usbcore: registered new interface driver usb-storage
[    1.926788] mousedev: PS/2 mouse device common for all mice
[    1.939514] twl_rtc 48070000.i2c:twl@48:rtc: Power up reset detected.
[    1.946624] twl_rtc 48070000.i2c:twl@48:rtc: Enabling TWL-RTC
[    1.957122] twl_rtc 48070000.i2c:twl@48:rtc: rtc core: registered 48070000.i2c:twl@48 as rtc0
[    1.967742] i2c /dev entries driver
[    1.998321] sdhci: Secure Digital Host Controller Interface driver
[    2.004913] sdhci: Copyright(c) Pierre Ossman
[    2.047912] Synopsys Designware Multimedia Card Interface Driver
[    2.056182] sdhci-pltfm: SDHCI platform and OF driver helper
[    2.070190] ledtrig-cpu: registered to indicate activity on CPUs
[    2.077117] usbcore: registered new interface driver usbhid
[    2.082977] usbhid: USB HID core driver
[    2.095336] NET: Registered protocol family 10
[    2.101379] sit: IPv6 over IPv4 tunneling driver
[    2.107086] NET: Registered protocol family 17
[    2.111816] can: controller area network core (rev 20120528 abi 9)
[    2.118377] NET: Registered protocol family 29
[    2.123046] can: raw protocol (rev 20120528)
[    2.127532] can: broadcast manager protocol (rev 20120528 t)
[    2.133453] can: netlink gateway (rev 20130117) max_hops=1
[    2.139923] Key type dns_resolver registered
[    2.145477] omap2_set_init_voltage: unable to find boot up OPP for vdd_core
[    2.152770] omap2_set_init_voltage: unable to set vdd_core
[    2.159332] ThumbEE CPU extension supported.
[    2.163848] Registering SWP/SWPB emulation handler
[    2.171417] vwl1271: supplied by VMMC2
[    2.203948] mmc0: host does not support reading read-only switch, assuming write-enable
[    2.214324] mmc0: new high speed SDHC card at address b368
[    2.220764] mmcblk0: mmc0:b368 SDC   3.75 GiB 
[    2.227203]  mmcblk0: p1 p2 p3
[    2.287353] twl_rtc 48070000.i2c:twl@48:rtc: setting system clock to 2000-01-01 00:00:00 UTC (946684800)
[    2.316711] omap_hsmmc 480b4000.mmc: card claims to support voltages below defined range
[    2.325347] smsc911x 2c000000.ethernet eth0: SMSC911x/921x identified at 0xd081a000, IRQ: 288
[    2.334472] IPv6: ADDRCONF(NETDEV_UP): eth0: link is not ready
[    2.357574] mmc1: new SDIO card at address 0001
[    4.600555] IPv6: ADDRCONF(NETDEV_CHANGE): eth0: link becomes ready
[    4.615692] Sending DHCP requests ., OK
[    4.676055] IP-Config: Got DHCP answer from 192.168.0.1, my address is 192.168.0.61
[    4.684539] IP-Config: Complete:
[    4.688049]      device=eth0, hwaddr=00:50:c2:7e:93:ba, ipaddr=192.168.0.61, mask=255.255.255.0, gw=192.168.0.1
[    4.698760]      host=192.168.0.61, domain=tim.com, nis-domain=(none)
[    4.705596]      bootserver=192.168.0.1, rootserver=192.168.0.1, rootpath=     nameserver0=192.0.2.2, nameserver1=192.0.2.3
[    4.717773] lcd_3v3: disabling
[    4.722869] VUSB3V1: disabling
[    4.726531] vwl1271: disabling
[    4.734832] EXT4-fs (mmcblk0p2): mounting ext3 file system using the ext4 subsystem
[    4.758728] EXT4-fs (mmcblk0p2): warning: maximal mount count reached, running e2fsck is recommended
[    5.123626] EXT4-fs (mmcblk0p2): mounted filesystem with ordered data mode. Opts: (null)
[    5.132385] VFS: Mounted root (ext3 filesystem) on device 179:2.
[    5.150115] devtmpfs: mounted
[    5.161254] Freeing unused kernel memory: 2048K (c1100000 - c1300000)
INIT: version 2.86 booting
Error opening /dev/fb0: No such file or directory
Please wait: booting...
Starting udev
[    5.863128] udevd (117): /proc/117/oom_adj is deprecated, please use /proc/117/oom_score_adj instead.
[   11.822479] FAT-fs (mmcblk0p1): Volume was not properly unmounted. Some data may be corrupt. Please run fsck.
[   11.833282] EXT4-fs (mmcblk0p3): mounting ext3 file system using the ext4 subsystem
[   11.890716] EXT4-fs (mmcblk0p3): warning: maximal mount count reached, running e2fsck is recommended
[   11.955902] EXT4-fs (mmcblk0p3): mounted filesystem with ordered data mode. Opts: (null)
[   13.611999] alignment: ignoring faults is unsafe on this CPU.  Defaulting to fixup mode.
Remounting root file system...
[   13.674896] EXT4-fs (mmcblk0p2): re-mounted. Opts: (null)
Caching udev devnodes
logger: mount: mount point /proc/bus/usb does not exist
ALSA: Restoring mixer settings...
Configuring network interfaces... /usr/sbin/alsactl: load_state:1625: No soundcards found...
[   15.330932] smsc911x 2c000000.ethernet eth0: SMSC911x/921x identified at 0xd081a000, IRQ: 288
[   15.340637] IPv6: ADDRCONF(NETDEV_UP): eth0: link is not ready
[   16.434631] random: nonblocking pool is initialized
eth0      no wireless extensions.
udhcpc (v1.13.2) started
[   17.610870] IPv6: ADDRCONF(NETDEV_CHANGE): eth0: link becomes ready
Sending discover...
Sending select for 192.168.0.194...
Lease of 192.168.0.194 obtained, lease time 600
adding dns 192.0.2.2
adding dns 192.0.2.3
done.
Setting up IP spoofing protection: rp_filter.
Sun Apr 10 04:14:00 UTC 2016
INIT: Entering runlevel: 5
Starting system message bus: dbus.
Starting Hardware abstraction layer hald
Starting Dropbear SSH server: dropbear.
Starting telnet daemon.
Starting network benchmark server: netserver.
Starting syslogd/klogd: done
Starting thttpd.
Starting Lighttpd Web Server: lighttpd.
2016-04-10 04:14:02: (log.c.166) server started 
Starting Matrix GUI application.
***************************************************************
***************************************************************
NOTICE: This file system contains the followin GPLv3 packages:
	binutils-dev
	binutils-symlinks
	binutils
	gdbserver
If you do not wish to distribute GPLv3 components please remove
the above packages prior to distribution.  This can be done using
the opkg remove command.  i.
 _____                    _____           _         _   
|  _  |___ ___ ___ ___   |  _  |___ ___  |_|___ ___| |_ 
|     |  _| .'| . | . |  |   __|  _| . | | | -_|  _|  _|
|__|__|_| |__,|_  |___|  |__|  |_| |___|_| |___|___|_|  
              |___|                    |___|            
Arago Project http://arago-project.org am37x-evm ttyO0
Arago 2011.09 am37x-evm ttyO0
am37x-evm login: 
- 02:15:29 [INFO] Host: root
- 02:15:29 [INFO] Target: 
root
root@am37x-evm:~# 
- 02:15:29 [INFO] Disconnected serial from am37x-evm
- 02:15:29 [INFO] Connected to am37x-evm via serial 
- 02:15:29 [INFO] Host: uname -a
- 02:15:29 [INFO] Target: 
uname -a
Linux am37x-evm 4.6.0-next-20160524-00002-g65f21a695ed2 #1 SMP Tue May 24 01:25:47 CDT 2016 armv7l unknown
root@am37x-evm:~# 
- 02:15:29 [INFO] Host: cat /proc/cmdline
- 02:15:29 [INFO] Target: 
cat /proc/cmdline
console=ttyO0,115200n8 earlyprintk=serial,ttyO0,115200n8   ip=:::::eth0:dhcp  root=/dev/mmcblk0p2 rw rootfstype=ext3 rootwait 
root@am37x-evm:~# 
- 02:15:29 [INFO] Host: uname -a
- 02:15:29 [INFO] Target: 
uname -a
Linux am37x-evm 4.6.0-next-20160524-00002-g65f21a695ed2 #1 SMP Tue May 24 01:25:47 CDT 2016 armv7l unknown
root@am37x-evm:~# 
- 02:15:29 [INFO] Host: cat /proc/mtd
- 02:15:29 [INFO] Target: 
cat /proc/mtd
dev:    size   erasesize  name
root@am37x-evm:~# 
- 02:15:30 [INFO] Host: export IPERFHOST=192.168.0.1
- 02:15:30 [INFO] Target: 
export IPERFHOST=192.168.0.1
root@am37x-evm:~# 
- 02:15:30 [INFO] Host: export NFS_SERVER=192.168.0.1
- 02:15:30 [INFO] Target: 
export NFS_SERVER=192.168.0.1
root@am37x-evm:~# 
- 02:15:30 [INFO] Host: export NFS_ROOT_PATH=/home/tigtfarm06/NFS_exports/linux/am37x-evm
- 02:15:30 [INFO] Target: 
export NFS_ROOT_PATH=/home/tigtfarm06/NFS_exports/linux/am37x-
root@am37x-evm:~# 
- 02:15:30 [INFO] Host: export AP_SSID=
- 02:15:30 [INFO] Target: 
export AP_SSID=
root@am37x-evm:~# 
- 02:15:30 [INFO] Host: mkdir -p -m 777 /test
- 02:15:30 [INFO] Target: 
mkdir -p -m 777 /test
root@am37x-evm:~# 
- 02:15:30 [INFO] Host: cd /test
- 02:15:30 [INFO] Target: 
cd /test
root@am37x-evm:/test# 
- 02:15:30 [INFO] Host: cat > test.sh << EOF
- 02:15:31 [INFO] Target: 
cat > test.sh << EOF
- 02:15:31 [INFO] Host: failtest() {
- 02:15:31 [INFO] Target: 
failtest() {
- 02:15:31 [INFO] Host:   echo 1 >&3
- 02:15:31 [INFO] Target: 
  echo 1 >&3
- 02:15:31 [INFO] Host: }
- 02:15:31 [INFO] Target: 
- 02:15:31 [INFO] Host: timeout=600
- 02:15:31 [INFO] Target: 
timeout=600
- 02:15:31 [INFO] Host: 
- 02:15:31 [INFO] Target: 
- 02:15:31 [INFO] Host: # Start of user's script logic
- 02:15:31 [INFO] Target: 
# Start of user's script logic
- 02:15:31 [INFO] Host: mount -t proc proc /proc 2>/dev/null;
- 02:15:31 [INFO] Target: 
mount -t proc proc /proc 2>/dev/null;
- 02:15:31 [INFO] Host: 
- 02:15:31 [INFO] Target: 
- 02:15:31 [INFO] Host: mount -t sysfs sys /sys 2>/dev/null;
- 02:15:31 [INFO] Target: 
mount -t sysfs sys /sys 2>/dev/null;
- 02:15:31 [INFO] Host: 
- 02:15:32 [INFO] Target: 
- 02:15:32 [INFO] Host: mount -t debugfs none /sys/kernel/debug 2>/dev/null;
- 02:15:32 [INFO] Target: 
mount -t debugfs none /sys/kernel/debug 2>/dev/null;
- 02:15:32 [INFO] Host: 
- 02:15:32 [INFO] Target: 
- 02:15:32 [INFO] Host: echo 'cpuinfo:';cat /proc/cpuinfo; echo '=======';
- 02:15:32 [INFO] Target: 
echo 'cpuinfo:';cat /proc/cpuinfo; echo '=======';
- 02:15:32 [INFO] Host: 
- 02:15:32 [INFO] Target: 
- 02:15:32 [INFO] Host: echo 'soc info:';head /sys/devices/soc0/* 2>/dev/null; echo '=======';
- 02:15:32 [INFO] Target: 
echo 'soc info:';head /sys/devices/soc0/* 2>/dev/null; echo '=======';
- 02:15:32 [INFO] Host: 
- 02:15:32 [INFO] Target: 
- 02:15:32 [INFO] Host: echo 'DT Model info'; head /proc/device-tree/name /proc/device-tree/model /proc/device-tree/compatible 2>/dev/null;echo; echo '=======';
- 02:15:32 [INFO] Target: 
echo 'DT Model info'; head /proc/device-tree/name /proc/device-tree/model /pro
c/device-tree/compatible 2>/dev/null;echo; echo '=======';
- 02:15:32 [INFO] Host: 
- 02:15:32 [INFO] Target: 
- 02:15:32 [INFO] Host: echo 'interrupts:';cat /proc/interrupts; echo '=======';
- 02:15:32 [INFO] Target: 
echo 'interrupts:';cat /proc/interrupts; echo '=======';
- 02:15:32 [INFO] Host: 
- 02:15:33 [INFO] Target: 
- 02:15:33 [INFO] Host: echo 'Clk_summary:';cat /sys/kernel/debug/clk/clk_summary; echo '=======';
- 02:15:33 [INFO] Target: 
echo 'Clk_summary:';cat /sys/kernel/debug/clk/clk_summary; echo '=======';
- 02:15:33 [INFO] Host: 
- 02:15:33 [INFO] Target: 
- 02:15:33 [INFO] Host: echo "Available frequencies"; cat /sys/devices/system/cpu/cpu0/cpufreq/scaling_available_frequencies 2>/dev/null;echo '=======';
- 02:15:33 [INFO] Target: 
echo "Available frequencies"; cat /sys/devices/system/cpu/cpu0/cpufreq/scaling
_available_frequencies 2>/dev/null;echo '=======';
- 02:15:33 [INFO] Host: 
- 02:15:33 [INFO] Target: 
- 02:15:33 [INFO] Host: TMPF=/tmp/a.\$\$; TMPF2=/tmp/b.\$\$; STR=""
- 02:15:33 [INFO] Target: 
TMPF=/tmp/a.\$\$; TMPF2=/tmp/b.\$\$; STR=""
- 02:15:33 [INFO] Host: 
- 02:15:33 [INFO] Target: 
- 02:15:33 [INFO] Host: cp /dev/kmsg \$TMPF &
- 02:15:33 [INFO] Target: 
cp /dev/kmsg \$TMPF &
- 02:15:33 [INFO] Host: 
- 02:15:33 [INFO] Target: 
- 02:15:33 [INFO] Host: PID=\$! ; sleep 5; kill -9 \$PID
- 02:15:33 [INFO] Target: 
PID=\$! ; sleep 5; kill -9 \$PID
- 02:15:33 [INFO] Host: 
- 02:15:34 [INFO] Target: 
- 02:15:34 [INFO] Host: 
- 02:15:34 [INFO] Target: 
- 02:15:34 [INFO] Host: 
- 02:15:34 [INFO] Target: 
- 02:15:34 [INFO] Host: cat \$TMPF|grep "^0">\$TMPF2; N=\`cat \$TMPF2|wc -l\`; if [ "\$N" -ne 0 ]; then STR="\$STR emerg=\$N";echo "===== EMERGE++";cat \$TMPF2|cut -d ';' -f2;echo "====="; fi
- 02:15:34 [INFO] Target: 
cat \$TMPF|grep "^0">\$TMPF2; N=\`cat \$TMPF2|wc -l\`; if [ "\$N" -ne 0 ]; the
n STR="\$STR emerg=\$N";echo "===== EMERGE++";cat \$TMPF2|cut -d ';' -f2;echo "=
===="; fi
- 02:15:34 [INFO] Host: 
- 02:15:34 [INFO] Target: 
- 02:15:34 [INFO] Host: cat \$TMPF|grep "^1">\$TMPF2; N=\`cat \$TMPF2|wc -l\`; if [ "\$N" -ne 0 ]; then STR="\$STR alert=\$N";echo "===== ALERT ==";cat \$TMPF2|cut -d ';' -f2;echo "====="; fi
- 02:15:34 [INFO] Target: 
cat \$TMPF|grep "^1">\$TMPF2; N=\`cat \$TMPF2|wc -l\`; if [ "\$N" -ne 0 ]; the
n STR="\$STR alert=\$N";echo "===== ALERT ==";cat \$TMPF2|cut -d ';' -f2;echo "=
===="; fi
- 02:15:34 [INFO] Host: 
- 02:15:34 [INFO] Target: 
- 02:15:34 [INFO] Host: cat \$TMPF|grep "^2">\$TMPF2; N=\`cat \$TMPF2|wc -l\`; if [ "\$N" -ne 0 ]; then STR="\$STR crit=\$N";echo "===== CRIT ==";cat \$TMPF2|cut -d ';' -f2;echo "====="; fi
- 02:15:34 [INFO] Target: 
cat \$TMPF|grep "^2">\$TMPF2; N=\`cat \$TMPF2|wc -l\`; if [ "\$N" -ne 0 ]; the
n STR="\$STR crit=\$N";echo "===== CRIT ==";cat \$TMPF2|cut -d ';' -f2;echo "===
=="; fi
- 02:15:34 [INFO] Host: 
- 02:15:35 [INFO] Target: 
- 02:15:35 [INFO] Host: cat \$TMPF|grep "^3">\$TMPF2; N=\`cat \$TMPF2|wc -l\`; if [ "\$N" -ne 0 ]; then STR="\$STR err=\$N";echo "===== ERR ==";cat \$TMPF2|cut -d ';' -f2;echo "=====" ;fi
- 02:15:35 [INFO] Target: 
cat \$TMPF|grep "^3">\$TMPF2; N=\`cat \$TMPF2|wc -l\`; if [ "\$N" -ne 0 ]; the
n STR="\$STR err=\$N";echo "===== ERR ==";cat \$TMPF2|cut -d ';' -f2;echo "=====
" ;fi
- 02:15:35 [INFO] Host: 
- 02:15:35 [INFO] Target: 
- 02:15:35 [INFO] Host: cat \$TMPF|grep "^4">\$TMPF2; N=\`cat \$TMPF2|wc -l\`; if [ "\$N" -ne 0 ]; then STR="\$STR warn=\$N";echo "===== WARN ==";cat \$TMPF2|cut -d ';' -f2;echo "=====" ;fi
- 02:15:35 [INFO] Target: 
cat \$TMPF|grep "^4">\$TMPF2; N=\`cat \$TMPF2|wc -l\`; if [ "\$N" -ne 0 ]; the
n STR="\$STR warn=\$N";echo "===== WARN ==";cat \$TMPF2|cut -d ';' -f2;echo "===
==" ;fi
- 02:15:35 [INFO] Host: 
- 02:15:35 [INFO] Target: 
- 02:15:35 [INFO] Host: rm \$TMPF \$TMPF2; echo "SUM""MARY RESULT: BOOT:" 'PASS: H''ello World' 'B''oard' "Booted" "Boot Log has::::\$STR:"
- 02:15:35 [INFO] Target: 
rm \$TMPF \$TMPF2; echo "SUM""MARY RESULT: BOOT:" 'PASS: H''ello World' 'B''oa
rd' "Booted" "Boot Log has::::\$STR:"
- 02:15:35 [INFO] Host: 
- 02:15:35 [INFO] Target: 
- 02:15:35 [INFO] Host: EOF
- 02:15:35 [INFO] Target: 
root@am37x-evm:/test# 
- 02:15:35 [INFO] Host: cd /test
- 02:15:35 [INFO] Target: 
cd /test
root@am37x-evm:/test# 
- 02:15:35 [INFO] Host: chmod +x test.sh
- 02:15:35 [INFO] Target: 
chmod +x test.sh
root@am37x-evm:/test# 
- 02:15:35 [INFO] Host: ./test.sh 2> stderr.log > stdout.log 3> result.log
- 02:15:41 [INFO] Target: 
./test.sh 2> stderr.log > stdout.log 3> result.log
root@am37x-evm:/test# 
- 02:15:41 [INFO] Host: echo $?
- 02:15:41 [INFO] Target: 
echo $?
root@am37x-evm:/test# 
- 02:15:41 [INFO] Host: cd /test
- 02:15:41 [INFO] Target: 
cd /test
root@am37x-evm:/test# 
- 02:15:41 [INFO] Host: cat stdout.log
- 02:15:43 [INFO] Target: 
cat stdout.log
cpuinfo:
processor	: 0
model name	: ARMv7 Processor rev 2 (v7l)
BogoMIPS	: 297.36
Features	: half thumb fastmult vfp edsp thumbee neon vfpv3 tls vfpd32 
CPU implementer	: 0x41
CPU architecture: 7
CPU variant	: 0x3
CPU part	: 0xc08
CPU revision	: 2
Hardware	: Generic OMAP36xx (Flattened Device Tree)
Revision	: 0000
Serial		: 0000000000000000
=======
soc info:
==> /sys/devices/soc0/family <==
OMAP3
==> /sys/devices/soc0/machine <==
OMAP3630
==> /sys/devices/soc0/power <==
==> /sys/devices/soc0/revision <==
ES1.2
==> /sys/devices/soc0/subsystem <==
==> /sys/devices/soc0/type <==
==> /sys/devices/soc0/uevent <==
=======
DT Model info
==> /proc/device-tree/name <==
==> /proc/device-tree/model <==
TI OMAP37XX EVM (TMDSEVM3730)
==> /proc/device-tree/compatible <==
ti,omap3-evm-37xxti,omap3630ti,omap3
=======
interrupts:
           CPU0       
 23:          0      INTC   7 Edge      TWL4030-PIH
 25:          0      INTC   9 Edge      l3-debug-irq
 26:          0      INTC  10 Edge      l3-app-irq
 28:          0      INTC  12 Edge      DMA
 29:       3827      INTC  13 Edge      omap-dma-engine
 36:          0      INTC  20 Edge      gpmc
 45:          0      INTC  29 Edge      48310000.gpio
 46:          0      INTC  30 Edge      49050000.gpio
 47:          0      INTC  31 Edge      49052000.gpio
 48:          0      INTC  32 Edge      49054000.gpio
 49:          0      INTC  33 Edge      49056000.gpio
 50:         11      INTC  34 Edge      49058000.gpio
 53:       4113      INTC  37 Edge      gp_timer
 72:       1205      INTC  56 Edge      48070000.i2c
 73:          0      INTC  57 Edge      48072000.i2c
 77:          0      INTC  61 Edge      48060000.i2c
 88:       7957      INTC  72 Edge      OMAP UART0
 92:          1      INTC  76 Edge      ohci_hcd:usb2
 93:          0      INTC  77 Edge      ehci_hcd:usb1
 99:       6697      INTC  83 Edge      mmc0
102:        144      INTC  86 Edge      mmc1
288:         11  49058000.gpio  16 Level     eth0
306:        926      PRCM Edge      pm_wkup
315:         54      PRCM Edge      pinctrl, pinctrl, pinctrl, pm_io
338:          0   pinctrl 338 Edge      4806a000.serial
341:          0   twl4030   0 Edge      twl4030_gpio
346:          0   twl4030   5 Edge      twl4030_power
352:          0   twl4030  11 Edge      rtc0
375:         18   pinctrl 282 Edge      4809c000.mmc
IPI0:          0  CPU wakeup interrupts
IPI1:          0  Timer broadcast interrupts
IPI2:          0  Rescheduling interrupts
IPI3:          0  Function call interrupts
IPI4:          0  CPU stop interrupts
IPI5:          0  IRQ work interrupts
IPI6:          0  completion interrupts
Err:          0
=======
Clk_summary:
   clock                         enable_cnt  prepare_cnt        rate   accuracy   phase
----------------------------------------------------------------------------------------
 secure_32k_fck                           0            1       32768          0 0  
    wdt1_fck                              0            0       32768          0 0  
    gpt12_fck                             0            1       32768          0 0  
 dummy_ck                                 0            0           0          0 0  
 mcbsp_clks                               0            5           0          0 0  
 sys_altclk                               0            0           0          0 0  
 virt_38_4m_ck                            0            0    38400000          0 0  
 virt_26000000_ck                         1            1    26000000          0 0  
    osc_sys_ck                            1            1    26000000          0 0  
       sys_clkout1                        0            0    26000000          0 0  
       sys_ck                             4           18    13000000          0 0  
          gpt9_fck                        0            1    13000000          0 0  
          gpt8_fck                        0            1    13000000          0 0  
          gpt7_fck                        0            1    13000000          0 0  
          gpt6_fck                        0            1    13000000          0 0  
          gpt5_fck                        0            1    13000000          0 0  
          gpt4_fck                        0            1    13000000          0 0  
          gpt3_fck                        0            1    13000000          0 0  
          gpt2_fck                        0            1    13000000          0 0  
          cpefuse_fck                     0            0    13000000          0 0  
          dpll5_ck                        1            1   120000000          0 0  
             dpll5_m2_ck                  1            1   120000000          0 0  
                dpll5_m2_d20_ck           0            0     6000000          0 0  
                dpll5_m2_d16_ck           0            0     7500000          0 0  
                dpll5_m2_d8_ck            0            0    15000000          0 0  
                dpll5_m2_d4_ck            0            0    30000000          0 0  
                usbhost_120m_fck           0            0   120000000          0 0  
                usbtll_fck                1            1   120000000          0 0  
          sys_d2_ck                       0            0     6500000          0 0  
             usim_fck                     0            0     6500000          0 0  
          modem_fck                       0            0    13000000          0 0  
          dpll2_ck                        0            1   260000000          0 0  
             dpll2_m2_ck                  0            1   260000000          0 0  
                iva2_ck                   0            2   260000000          0 0  
          sr2_fck                         0            1    13000000          0 0  
          sr1_fck                         0            1    13000000          0 0  
          traceclk_src_fck                0            0    13000000          0 0  
             traceclk_fck                 0            0    13000000          0 0  
          emu_src_mux_ck                  0            1    13000000          0 0  
             emu_src_ck                   0            1    13000000          0 0  
                atclk_fck                 0            0    13000000          0 0  
                pclkx2_fck                0            0    13000000          0 0  
                pclk_fck                  0            0     6500000          0 0  
          dss2_alwon_fck                  0            2    13000000          0 0  
          dpll1_ck                        0            1   300000000          0 0  
             dpll1_x2_ck                  0            1   600000000          0 0  
                dpll1_x2m2_ck             0            1   600000000          0 0  
                   mpu_ck                 0            1   600000000          0 0  
                      emu_mpu_alwon_ck           0            0   600000000          0 0  
                      arm_fck             0            1   300000000          0 0  
          dpll3_ck                        1            1   400000000          0 0  
             dpll3_x2_ck                  0            0   800000000          0 0  
             dpll3_m2_ck                  1            2   400000000          0 0  
                dpll3_m2x2_ck             0            1   800000000          0 0  
                   corex2_fck             0            1   800000000          0 0  
                      ssi_ssr_fck_3430es2           0            1   266666667          0 0  
                         ssi_sst_fck_3430es2           0            0   133333333          0 0  
                      corex2_d5_fck           0            0   160000000          0 0  
                      corex2_d3_fck           0            0   266666666          0 0  
                core_ck                   1            1   400000000          0 0  
                   core_d2_ck             0            0   200000000          0 0  
                      sgx_fck             0            0   200000000          0 0  
                   core_d6_ck             0            0    66666666          0 0  
                   core_d4_ck             0            0   100000000          0 0  
                   core_d3_ck             0            0   133333333          0 0  
                   dpll2_fck              0            0   400000000          0 0  
                   l3_ick                 2            3   200000000          0 0  
                      sgx_ick             0            0   200000000          0 0  
                      mad2d_ick           0            0   200000000          0 0  
                      sad2d_ick           0            1   200000000          0 0  
                      security_l3_ick           0            0   200000000          0 0  
                         pka_ick           0            0   200000000          0 0  
                      core_l3_ick           8           10   200000000          0 0  
                         hsotgusb_ick_3430es2           0            1   200000000          0 0  
                         gpmc_fck           2            2   200000000          0 0  
                         sdrc_ick           1            1   200000000          0 0  
                      l4_ick              7            8   100000000          0 0  
                         usbhost_ick           1            1   100000000          0 0  
                         dss_ick_3430es2           4            6   100000000          0 0  
                         sr_l4_ick           2            2   100000000          0 0  
                         ssi_l4_ick           1            1   100000000          0 0  
                            ssi_ick_3430es2           1            1   100000000          0 0  
                         cam_ick           0            1   100000000          0 0  
                         security_l4_ick2           0            0   100000000          0 0  
                            des1_ick           0            0   100000000          0 0  
                            sha11_ick           0            0   100000000          0 0  
                            rng_ick           0            0   100000000          0 0  
                            aes1_ick           0            0   100000000          0 0  
                         per_l4_ick          15           18   100000000          0 0  
                            mcbsp4_ick           1            1   100000000          0 0  
                            mcbsp3_ick           2            2   100000000          0 0  
                            mcbsp2_ick           2            2   100000000          0 0  
                            gpt2_ick           1            1   100000000          0 0  
                            gpt3_ick           1            1   100000000          0 0  
                            gpt4_ick           1            1   100000000          0 0  
                            gpt5_ick           1            1   100000000          0 0  
                            gpt6_ick           1            1   100000000          0 0  
                            gpt7_ick           1            1   100000000          0 0  
                            gpt8_ick           1            1   100000000          0 0  
                            gpt9_ick           1            1   100000000          0 0  
                            uart4_ick           1            1   100000000          0 0  
                            uart3_ick           1            1   100000000          0 0  
                            wdt3_ick           0            0   100000000          0 0  
                            gpio2_ick           0            1   100000000          0 0  
                            gpio3_ick           0            1   100000000          0 0  
                            gpio4_ick           0            1   100000000          0 0  
                            gpio5_ick           1            1   100000000          0 0  
                            gpio6_ick           1            1   100000000          0 0  
                         core_l4_ick          21           23   100000000          0 0  
                            mmchs3_ick           1            1   100000000          0 0  
                            usbtll_ick           1            1   100000000          0 0  
                            mailboxes_ick           0            1   100000000          0 0  
                            mspro_ick           0            0   100000000          0 0  
                            des2_ick           0            0   100000000          0 0  
                            icr_ick           0            0   100000000          0 0  
                            sha12_ick           1            2   100000000          0 0  
                            aes2_ick           1            2   100000000          0 0  
                            omapctrl_ick           1            1   100000000          0 0  
                            mcbsp1_ick           1            1   100000000          0 0  
                            mcbsp5_ick           1            1   100000000          0 0  
                            gpt10_ick           1            1   100000000          0 0  
                            gpt11_ick           1            1   100000000          0 0  
                            uart1_ick           1            1   100000000          0 0  
                            uart2_ick           1            1   100000000          0 0  
                            i2c1_ick           1            1   100000000          0 0  
                            i2c2_ick           1            1   100000000          0 0  
                            i2c3_ick           1            1   100000000          0 0  
                            mcspi1_ick           1            1   100000000          0 0  
                            mcspi2_ick           1            1   100000000          0 0  
                            mcspi3_ick           1            1   100000000          0 0  
                            mcspi4_ick           1            1   100000000          0 0  
                            hdq_ick           0            1   100000000          0 0  
                            mmchs1_ick           1            1   100000000          0 0  
                            mmchs2_ick           1            1   100000000          0 0  
                         rm_ick           0            0    50000000          0 0  
                   dpll1_fck              0            0   200000000          0 0  
             dpll3_m3_ck                  0            0   200000000          0 0  
                dpll3_m3x2_mul_ck           0            0   400000000          0 0  
                   dpll3_m3x2_ck           0            0   400000000          0 0  
                      emu_core_alwon_ck           0            0   400000000          0 0  
          dpll4_ck                        1            3   864000000          0 0  
             dpll4_x2_ck                  0            0  1728000000          0 0  
             dpll4_m6_ck                  0            0   288000000          0 0  
                dpll4_m6x2_mul_ck           0            0   288000000          0 0  
                   dpll4_m6x2_ck           0            0   288000000          0 0  
                      emu_per_alwon_ck           0            0   288000000          0 0  
             dpll4_m5_ck                  0            0   216000000          0 0  
                dpll4_m5x2_mul_ck           0            0   216000000          0 0  
                   dpll4_m5x2_ck           0            0   216000000          0 0  
                      cam_mclk            0            0   216000000          0 0  
             dpll4_m4_ck                  0            1    96000000          0 0  
                dpll4_m4x2_mul_ck           0            1    96000000          0 0  
                   dpll4_m4x2_ck           0            1    96000000          0 0  
                      dss1_alwon_fck_3430es2           0            4    96000000          0 0  
             dpll4_m3_ck                  0            1    54000000          0 0  
                dpll4_m3x2_mul_ck           0            1    54000000          0 0  
                   dpll4_m3x2_ck           0            1    54000000          0 0  
                      omap_54m_fck           0            1    54000000          0 0  
                         clkout2_src_ck           0            0    54000000          0 0  
                            sys_clkout2           0            0    54000000          0 0  
                         dss_tv_fck           0            2    54000000          0 0  
             dpll4_m2_ck                  1            1    96000000          0 0  
                dpll4_m2x2_mul_ck           1            1    96000000          0 0  
                   dpll4_m2x2_ck           1            1    96000000          0 0  
                      omap_192m_alwon_fck           0            0    96000000          0 0  
                      omap_96m_alwon_fck           1            2    96000000          0 0  
                         per_96m_fck           0            6    96000000          0 0  
                            mcbsp4_fck           0            1    96000000          0 0  
                            mcbsp3_fck           0            2    96000000          0 0  
                            mcbsp2_fck           0            2    96000000          0 0  
                         cm_96m_fck           2            2    96000000          0 0  
                            cm_96m_d2_fck           1            1    48000000          0 0  
                               omap_48m_fck           3            4    48000000          0 0  
                                  usbhost_48m_fck           1            1    48000000          0 0  
                                  per_48m_fck           2            2    48000000          0 0  
                                     uart4_fck           1            1    48000000          0 0  
                                     uart3_fck           1            1    48000000          0 0  
                                  core_48m_fck           2            6    48000000          0 0  
                                     uart1_fck           1            1    48000000          0 0  
                                     uart2_fck           1            1    48000000          0 0  
                                     mcspi1_fck           0            1    48000000          0 0  
                                     mcspi2_fck           0            1    48000000          0 0  
                                     mcspi3_fck           0            1    48000000          0 0  
                                     mcspi4_fck           0            1    48000000          0 0  
                                  omap_12m_fck           0            1    12000000          0 0  
                                     core_12m_fck           0            1    12000000          0 0  
                                        hdq_fck             0            1    12000000          0 0  
                            omap_96m_fck           1            2    96000000          0 0  
                               omap_96m_d10_fck           0            0     9600000          0 0  
                               omap_96m_d8_fck           0            0    12000000          0 0  
                               omap_96m_d4_fck           0            0    24000000          0 0  
                               omap_96m_d2_fck           0            0    48000000          0 0  
                               dss_96m_fck           0            2    96000000          0 0  
                               core_96m_fck           1           10    96000000          0 0  
                                  mcbsp1_fck           0            1    96000000          0 0  
                                  mcbsp5_fck           0            1    96000000          0 0  
                                  mmchs3_fck           0            1    96000000          0 0  
                                  mspro_fck           0            0    96000000          0 0  
                                  csi2_96m_fck           0            0    96000000          0 0  
                                  i2c1_fck           0            1    96000000          0 0  
                                  i2c2_fck           0            1    96000000          0 0  
                                  i2c3_fck           0            1    96000000          0 0  
                                  mmchs1_fck           1            1    96000000          0 0  
                                  mmchs2_fck           0            1    96000000          0 0  
          wkup_l4_ick                     4            5    13000000          0 0  
             usim_ick                     0            0    13000000          0 0  
             gpt1_ick                     1            1    13000000          0 0  
             gpt12_ick                    1            1    13000000          0 0  
             omap_32ksync_ick             1            1    13000000          0 0  
             gpio1_ick                    0            1    13000000          0 0  
             wdt1_ick                     0            0    13000000          0 0  
             wdt2_ick                     1            1    13000000          0 0  
 virt_19200000_ck                         0            0    19200000          0 0  
 virt_13m_ck                              0            0    13000000          0 0  
 virt_12m_ck                              0            0    12000000          0 0  
 omap_32k_fck                             2            8       32768          0 0  
    gpt1_fck                              1            1       32768          0 0  
    gpt11_fck                             0            1       32768          0 0  
    gpt10_fck                             0            1       32768          0 0  
    ts_fck                                0            0       32768          0 0  
    per_32k_alwon_fck                     0            5       32768          0 0  
       wdt3_fck                           0            0       32768          0 0  
       gpio2_dbck                         0            2       32768          0 0  
       gpio3_dbck                         0            2       32768          0 0  
       gpio4_dbck                         0            2       32768          0 0  
       gpio5_dbck                         0            2       32768          0 0  
       gpio6_dbck                         0            2       32768          0 0  
    wkup_32k_fck                          1            3       32768          0 0  
       wdt2_fck                           0            1       32768          0 0  
       gpio1_dbck                         0            2       32768          0 0  
 dummy_apb_pclk                           0            0           0          0 0  
 virt_16_8m_ck                            0            0    16800000          0 0  
=======
Available frequencies
300000 600000 800000 
=======
===== ERR ==
omap2_set_init_voltage: unable to find boot up OPP for vdd_core
omap2_set_init_voltage: unable to set vdd_core
=====
===== WARN ==
omap_hwmod: mcbsp2_sidetone using broken dt data from mcbsp
omap_hwmod: mcbsp3_sidetone using broken dt data from mcbsp
irq: no irq domain found for /ocp/l4@48000000/scm@2000/pinmux@30 !
irq: no irq domain found for /ocp/l4@48000000/scm@2000/pinmux@30 !
irq: no irq domain found for /ocp/l4@48000000/scm@2000/pinmux@30 !
irq: no irq domain found for /ocp/l4@48000000/scm@2000/pinmux@30 !
gpmc_mem_init: disabling cs 0 mapped at 0x0-0x1000000
omap4_sram_init:Unable to allocate sram needed to handle errata I688
omap4_sram_init:Unable to get sram pool needed to handle errata I688
workingset: timestamp_bits=28 max_order=16 bucket_order=0
twl_rtc 48070000.i2c:twl@48:rtc: Power up reset detected.
mmc0: host does not support reading read-only switch, assuming write-enable
omap_hsmmc 480b4000.mmc: card claims to support voltages below defined range
EXT4-fs (mmcblk0p2): warning: maximal mount count reached, running e2fsck is recommended
udevd (117): /proc/117/oom_adj is deprecated, please use /proc/117/oom_score_adj instead.
FAT-fs (mmcblk0p1): Volume was not properly unmounted. Some data may be corrupt. Please run fsck.
EXT4-fs (mmcblk0p3): warning: maximal mount count reached, running e2fsck is recommended
alignment: ignoring faults is unsafe on this CPU.  Defaulting to fixup mode.
=====
SUMMARY RESULT: BOOT: PASS: Hello World Board Booted Boot Log has:::: err=2 warn=18:
root@am37x-evm:/test# 
- 02:15:43 [INFO] Host: cat stderr.log
- 02:15:43 [INFO] Target: 
cat stderr.log
root@am37x-evm:/test# 
- 02:15:43 [INFO] Host: cat result.log
- 02:15:45 [ERROR] On command: cat result.log waiting for cat result.log.+?(?m-ix:^1[\0\n\r]+) >>> error: execution expired
- 02:15:45 [INFO] Target: 
cat result.log
root@am37x-evm:/test# 
- 02:15:45 [INFO] Host: cd /test
- 02:15:46 [INFO] Target: 
cd /test
root@am37x-evm:/test# 
URL:gtsystest.telogy.design.ti.com/vatf/tigtfarm06/tigtfarm06_vatf@am37x-evm/tigtfarm0605_24_2016_02_14_35/files/session_iteration_1/test_1
