- 02:33:37 [INFO] Starting target session
- 02:33:41 [INFO] Connected to am37x-evm via serial 
- 02:33:41 [INFO] Host: 
- 02:33:43 [ERROR] On command:  waiting for (?-mix:login:) >>> error: execution expired
- 02:33:43 [INFO] Target: 

root@am37x-evm:/test# 
- 02:33:43 [INFO] Host: 
- 02:33:44 [INFO] Target: 

root@am37x-evm:/test# 
- 02:33:44 [INFO] Host: sync;poweroff
- 02:33:54 [INFO] Target: 
sync;poweroff


Broadcast message from root (ttyO0) (Fri Mar  9 10:52:08 2012):




The system is going down for system halt NOW!


INIT: Switching to runlevel: 0root@am37x-evm:/test# 
INIT: Sending procStopping Dropbear SSH server: stopped /usr/sbin/dropbear (pid 2235)

dropbear.

Stopping telnet daemon.

Stopping Hardware abstraction layer hald

Stopping system message bus: stopped process in pidfile '/var/run/dbus/pid' (pid 2195)

dbus.

Stopping network benchmark server: netserverstopped /usr/sbin/netserver (pid 2247)

.

Stopping thttpdError opening /dev/fb0: No such file or directory

.

ALSA: Storing mixer settings...

/usr/sbin/alsactl: save_state:1519: No soundcards found...

Deconfiguring network interfaces... cat: can't open '/var/run/udhcpc.eth0.pid': No such file or directory

done.

Stopping Lighttpd Web Server: stopped /usr/sbin/lighttpd (pid 2275)

lighttpd.

Stopping syslogd/klogd: stopped syslogd (pid 2252)

stopped klogd (pid 2254)

done

Stopping Matrix GUI applicationstart-stop-daemon: warning: killing process 0: No such process

.

***************************************************************

***************************************************************

NOTICE: This file system contains the followin GPLv3 packages:

	binutils-dev

	binutils-symlinks

	binutils

	gdbserver



If you do not wish to distribute GPLv3 components please remove

the above packages prior to distribution.  This can be done using

the opkg remove command.  i.e.:

    opkg remove <package>

Where <package> is the name printed in the list above



NOTE: If the package is a dependency of another package you

      will be notified of the dependent packages.  You should

      use the --force-removal-of-dependent-packages option to

      also remove the dependent packages as well

***************************************************************

***************************************************************

Sending all processes the TERM signal...

Sending all processes the KILL signal...

Unmounting remote filesystems...

Deactivating swap...

Unmounting local filesystems...

[ 1243.531433] reboot: System halted


- 02:34:25 [INFO] Disconnected serial from am37x-evm
- 02:34:26 [INFO] Connected to am37x-evm via serial 
- 02:34:26 [INFO] Host: 
- 02:34:26 [ERROR] On command:  waiting for (?-mix:OMAP3_EVM\s*#) >>> error: execution expired
- 02:34:26 [INFO] Target: 

- 02:34:26 [INFO] Host: 
- 02:34:26 [INFO] Target: 
 0 

OMAP3_EVM # 


OMAP3_EVM # 
- 02:34:26 [INFO] Host: 
- 02:34:26 [INFO] Target: 



OMAP3_EVM # 
- 02:34:26 [INFO] Host: version
- 02:34:26 [INFO] Target: 
version




U-Boot 2013.01.01 (Nov 27 2013 - 12:07:30)

arm-linux-gnueabihf-gcc (crosstool-NG linaro-1.13.1-4.7-2013.03-20130313 - Linaro GCC 2013.03) 4.7.3 20130226 (prerelease)

GNU ld (crosstool-NG linaro-1.13.1-4.7-2013.03-20130313 - Linaro GCC 2013.03) 2.23.1

OMAP3_EVM # 
- 02:34:26 [INFO] Host: setenv bootargs 'console=ttyO0,115200n8 earlyprintk  '
- 02:34:26 [INFO] Target: 
setenv bootargs 'console=ttyO0,115200n8 earlyprintk  '


OMAP3_EVM # 
- 02:34:26 [INFO] Host: setenv bootcmd  ''
- 02:34:26 [INFO] Target: 
setenv bootcmd  ''


OMAP3_EVM # 
- 02:34:26 [INFO] Host: setenv autoload 'no'
- 02:34:26 [INFO] Target: 
setenv autoload 'no'


OMAP3_EVM # 
- 02:34:26 [INFO] Host: setenv serverip '10.218.102.142'
- 02:34:26 [INFO] Target: 
setenv serverip '10.218.102.142'


OMAP3_EVM # 
- 02:34:26 [INFO] Host: printenv
- 02:34:27 [INFO] Target: 
printenv


autoload=no

baudrate=115200

bootargs=console=ttyO0,115200n8 earlyprintk  

bootcmd=

bootdelay=3

bootfile=uImage

bootscript=echo Running bootscript from mmc ...; source ${loadaddr}

console=ttyO0,115200n8

dieid#=16d400029ff80000015f02690c019016

ethact=smc911x-0

ethaddr=00:50:c2:7e:93:ba

loadaddr=0x82000000

loadbootscript=fatload mmc ${mmcdev} ${loadaddr} boot.scr

loaduimage=fatload mmc ${mmcdev} ${loadaddr} uImage

mmcargs=setenv bootargs console=${console} root=/dev/mmcblk0p2 rw rootfstype=ext3 rootwait

mmcboot=echo Booting from mmc ...; run mmcargs; bootm ${loadaddr}

mmcdev=0

nandargs=setenv bootargs console=${console} root=/dev/mtdblock4 rw rootfstype=jffs2

nandboot=echo Booting from nand ...; run nandargs; onenand read ${loadaddr} 280000 400000; bootm ${loadaddr}

serverip=10.218.102.142

stderr=serial

stdin=serial

stdout=serial

usbtty=cdc_acm



Environment size: 903/131068 bytes

OMAP3_EVM # 
- 02:34:27 [INFO] Host: printenv
- 02:34:27 [INFO] Target: 
printenv


autoload=no

baudrate=115200

bootargs=console=ttyO0,115200n8 earlyprintk  

bootcmd=

bootdelay=3

bootfile=uImage

bootscript=echo Running bootscript from mmc ...; source ${loadaddr}

console=ttyO0,115200n8

dieid#=16d400029ff80000015f02690c019016

ethact=smc911x-0

ethaddr=00:50:c2:7e:93:ba

loadaddr=0x82000000

loadbootscript=fatload mmc ${mmcdev} ${loadaddr} boot.scr

loaduimage=fatload mmc ${mmcdev} ${loadaddr} uImage

mmcargs=setenv bootargs console=${console} root=/dev/mmcblk0p2 rw rootfstype=ext3 rootwait

mmcboot=echo Booting from mmc ...; run mmcargs; bootm ${loadaddr}

mmcdev=0

nandargs=setenv bootargs console=${console} root=/dev/mtdblock4 rw rootfstype=jffs2

nandboot=echo Booting from nand ...; run nandargs; onenand read ${loadaddr} 280000 400000; bootm ${loadaddr}

serverip=10.218.102.142

stderr=serial

stdin=serial

stdout=serial

usbtty=cdc_acm



Environment size: 903/131068 bytes

OMAP3_EVM # 
- 02:34:27 [INFO] Host: setenv bootargs ''${bootargs}' ip=dhcp '
- 02:34:27 [INFO] Target: 
setenv bootargs ''${bootargs}' ip=dhcp '


OMAP3_EVM # 
- 02:34:27 [INFO] Host: setenv ipaddr dhcp
- 02:34:27 [INFO] Target: 
setenv ipaddr dhcp


OMAP3_EVM # 
- 02:34:27 [INFO] Host: dhcp
- 02:34:30 [INFO] Target: 
dhcp


smc911x: detected LAN9220 controller

smc911x: phy initialized

smc911x: MAC 00:50:c2:7e:93:ba

BOOTP broadcast 1

DHCP client bound to address 10.218.102.215

OMAP3_EVM # 
- 02:34:30 [INFO] Host: setenv serverip '10.218.102.142'
- 02:34:30 [INFO] Target: 
setenv serverip '10.218.102.142'


OMAP3_EVM # 
- 02:34:30 [INFO] Host: tftp ${loadaddr} 10.218.102.142:vatf_1/3531be9fb30f4f2f342423a4be21a6b1
- 02:34:35 [INFO] Target: 
tftp ${loadaddr} 10.218.102.142:vatf_1/3531be9fb30f4f2f342423a4be21a6b1


smc911x: detected LAN9220 controller

smc911x: phy initialized

smc911x: MAC 00:50:c2:7e:93:ba

Using smc911x-0 device

TFTP from server 10.218.102.142; our IP address is 10.218.102.215

Filename 'vatf_1/3531be9fb30f4f2f342423a4be21a6b1'.

Load address: 0x82000000

Loading: *#################################################################

	 #################################################################

	 #################################################################

	 #################################################################

	 #################################################################

	 #################################################################

	 #################################################################

	 #################################################################

	 #################################################################

	 #################################################################

	 #################################################################

	 #################################################################

	 #################################################################

	 #################################################################

	 ################

	 1.3 MiB/s

done

Bytes transferred = 4739695 (48526f hex)

OMAP3_EVM # 
- 02:34:35 [INFO] Host: printenv
- 02:34:35 [INFO] Target: 
printenv


autoload=no

baudrate=115200

bootargs=console=ttyO0,115200n8 earlyprintk ip=dhcp

bootcmd=

bootdelay=3

bootfile=uImage

bootscript=echo Running bootscript from mmc ...; source ${loadaddr}

console=ttyO0,115200n8

dieid#=16d400029ff80000015f02690c019016

ethact=smc911x-0

ethaddr=00:50:c2:7e:93:ba

fileaddr=82000000

filesize=48526F

gatewayip=10.218.102.1

hostname=dhcp-10-218-102-215

ipaddr=10.218.102.215

loadaddr=0x82000000

loadbootscript=fatload mmc ${mmcdev} ${loadaddr} boot.scr

loaduimage=fatload mmc ${mmcdev} ${loadaddr} uImage

mmcargs=setenv bootargs console=${console} root=/dev/mmcblk0p2 rw rootfstype=ext3 rootwait

mmcboot=echo Booting from mmc ...; run mmcargs; bootm ${loadaddr}

mmcdev=0

nandargs=setenv bootargs console=${console} root=/dev/mtdblock4 rw rootfstype=jffs2

nandboot=echo Booting from nand ...; run nandargs; onenand read ${loadaddr} 280000 400000; bootm ${loadaddr}

netmask=255.255.255.0

serverip=10.218.102.142

stderr=serial

stdin=serial

stdout=serial

usbtty=cdc_acm



Environment size: 1051/131068 bytes

OMAP3_EVM # 
- 02:34:35 [INFO] Host: setenv bootargs ''${bootargs}' root=/dev/mmcblk0p2 rw rootfstype=ext3 rootwait '
- 02:34:35 [INFO] Target: 
setenv bootargs ''${bootargs}' root=/dev/mmcblk0p2 rw rootfstype=ext3 rootwait '


OMAP3_EVM # 
- 02:34:35 [INFO] Host: printenv
- 02:34:35 [INFO] Target: 
printenv


autoload=no

baudrate=115200

bootargs=console=ttyO0,115200n8 earlyprintk ip=dhcp root=/dev/mmcblk0p2 rw rootfstype=ext3 rootwait

bootcmd=

bootdelay=3

bootfile=uImage

bootscript=echo Running bootscript from mmc ...; source ${loadaddr}

console=ttyO0,115200n8

dieid#=16d400029ff80000015f02690c019016

ethact=smc911x-0

ethaddr=00:50:c2:7e:93:ba

fileaddr=82000000

filesize=48526F

gatewayip=10.218.102.1

hostname=dhcp-10-218-102-215

ipaddr=10.218.102.215

loadaddr=0x82000000

loadbootscript=fatload mmc ${mmcdev} ${loadaddr} boot.scr

loaduimage=fatload mmc ${mmcdev} ${loadaddr} uImage

mmcargs=setenv bootargs console=${console} root=/dev/mmcblk0p2 rw rootfstype=ext3 rootwait

mmcboot=echo Booting from mmc ...; run mmcargs; bootm ${loadaddr}

mmcdev=0

nandargs=setenv bootargs console=${console} root=/dev/mtdblock4 rw rootfstype=jffs2

nandboot=echo Booting from nand ...; run nandargs; onenand read ${loadaddr} 280000 400000; bootm ${loadaddr}

netmask=255.255.255.0

serverip=10.218.102.142

stderr=serial

stdin=serial

stdout=serial

usbtty=cdc_acm



Environment size: 1099/131068 bytes

OMAP3_EVM # 
- 02:34:35 [INFO] Host: setenv bootcmd ''${bootcmd}' if iminfo ${loadaddr}; then bootm ${loadaddr}  ; else bootz ${loadaddr}  ; bootm ${loadaddr}  ; fi'
- 02:34:36 [INFO] Target: 
setenv bootcmd ''${bootcmd}' if iminfo ${loadaddr}; then bootm ${loadaddr}  ; else bootz ${loadaddr}  ; bootm ${loadaddr}  ; fi'


OMAP3_EVM # 
- 02:34:36 [INFO] Host: bdinfo
- 02:34:36 [INFO] Target: 
bdinfo


arch_number = 0x000005FF

boot_params = 0x80000100

DRAM bank   = 0x00000000

-> start    = 0x80000000

-> size     = 0x10000000

DRAM bank   = 0x00000001

-> start    = 0x90000000

-> size     = 0x00000000

ethaddr     = 00:50:c2:7e:93:ba

ip_addr     = 10.218.102.215

baudrate    = 115200 bps

TLB addr    = 0x8FFF0000

relocaddr   = 0x8FF6E000

reloc off   = 0x0FE6E000

irq_sp      = 0x8FF0DF58

sp start    = 0x8FF0DF48

FB base     = 0x00000000

OMAP3_EVM # 
- 02:34:36 [INFO] Host: boot
- 02:35:00 [INFO] Target: 
boot


Unknown command 'iminfo' - try 'help'

Unknown command 'bootz' - try 'help'

## Booting kernel from Legacy Image at 82000000 ...

   Image Name:   Linux-3.15.0-rc5-next-20140514-0

   Image Type:   ARM Linux Kernel Image (uncompressed)

   Data Size:    4739631 Bytes = 4.5 MiB

   Load Address: 80800000

   Entry Point:  80800000

   Verifying Checksum ... OK

   Loading Kernel Image ... OK

OK



Starting kernel ...



[    0.000000] Booting Linux on physical CPU 0x0

[    0.000000] Linux version 3.15.0-rc5-next-20140514-00002-gb86d868 (nmenon@kahuna) (gcc version 4.6.3 (Ubuntu/Linaro 4.6.3-1ubuntu5) ) #1 SMP Wed May 14 05:47:19 CDT 2014

[    0.000000] CPU: ARMv7 Processor [413fc082] revision 2 (ARMv7), cr=10c5387d

[    0.000000] CPU: PIPT / VIPT nonaliasing data cache, VIPT aliasing instruction cache

[    0.000000] Machine model: TI OMAP37XX EVM (TMDSEVM3730)

[    0.000000] cma: CMA: reserved 64 MiB at 8b800000

[    0.000000] Memory policy: Data cache writeback

[    0.000000] CPU: All CPU(s) started in SVC mode.

[    0.000000] OMAP3630 ES1.2 (l2cache iva sgx neon isp 192mhz_clk )

[    0.000000] PERCPU: Embedded 7 pages/cpu @cfc9a000 s7744 r8192 d12736 u32768

[    0.000000] Built 1 zonelists in Zone order, mobility grouping on.  Total pages: 64768

[    0.000000] Kernel command line: console=ttyO0,115200n8 earlyprintk ip=dhcp root=/dev/mmcblk0p2 rw rootfstype=ext3 rootwait

[    0.000000] PID hash table entries: 1024 (order: 0, 4096 bytes)

[    0.000000] Dentry cache hash table entries: 32768 (order: 5, 131072 bytes)

[    0.000000] Inode-cache hash table entries: 16384 (order: 4, 65536 bytes)

[    0.000000] Memory: 182728K/261120K available (6094K kernel code, 774K rwdata, 2404K rodata, 559K init, 289K bss, 78392K reserved, 0K highmem)

[    0.000000] Virtual kernel memory layout:

[    0.000000]     vector  : 0xffff0000 - 0xffff1000   (   4 kB)

[    0.000000]     fixmap  : 0xffc00000 - 0xffe00000   (2048 kB)

[    0.000000]     vmalloc : 0xd0800000 - 0xff000000   ( 744 MB)

[    0.000000]     lowmem  : 0xc0000000 - 0xd0000000   ( 256 MB)

[    0.000000]     pkmap   : 0xbfe00000 - 0xc0000000   (   2 MB)

[    0.000000]     modules : 0xbf000000 - 0xbfe00000   (  14 MB)

[    0.000000]       .text : 0xc0208000 - 0xc0a54c2c   (8500 kB)

[    0.000000]       .init : 0xc0a55000 - 0xc0ae0e40   ( 560 kB)

[    0.000000]       .data : 0xc0ae2000 - 0xc0ba3ba0   ( 775 kB)

[    0.000000]        .bss : 0xc0ba3ba8 - 0xc0bec298   ( 290 kB)

[    0.000000] SLUB: HWalign=64, Order=0-3, MinObjects=0, CPUs=1, Nodes=1

[    0.000000] Hierarchical RCU implementation.

[    0.000000] 	RCU restricting CPUs from NR_CPUS=4 to nr_cpu_ids=1.

[    0.000000] RCU: Adjusting geometry for rcu_fanout_leaf=16, nr_cpu_ids=1

[    0.000000] NR_IRQS:16 nr_irqs:16 16

[    0.000000] IRQ: Found an INTC at 0xfa200000 (revision 4.0) with 96 interrupts

[    0.000000] Total of 96 interrupts on 1 active controller

[    0.000000] Clocking rate (Crystal/Core/MPU): 26.0/400/600 MHz

[    0.000000] OMAP clockevent source: timer1 at 32768 Hz

[    0.000030] sched_clock: 32 bits at 32kHz, resolution 30517ns, wraps every 65536000000000ns

[    0.000030] OMAP clocksource: 32k_counter at 32768 Hz

[    0.000213] Console: colour dummy device 80x30

[    0.000244] Calibrating delay loop... 597.60 BogoMIPS (lpj=2988032)

[    0.119018] pid_max: default: 32768 minimum: 301

[    0.119201] Mount-cache hash table entries: 1024 (order: 0, 4096 bytes)

[    0.119232] Mountpoint-cache hash table entries: 1024 (order: 0, 4096 bytes)

[    0.119934] CPU: Testing write buffer coherency: ok

[    0.120269] CPU0: thread -1, cpu 0, socket -1, mpidr 0

[    0.120361] Setting up static identity map for 0x807c2ed0 - 0x807c2f68

[    0.124664] Brought up 1 CPUs

[    0.124694] SMP: Total of 1 processors activated.

[    0.124694] CPU: All CPU(s) started in SVC mode.

[    0.125396] devtmpfs: initialized

[    0.129302] VFP support v0.3: implementor 41 architecture 3 part 30 variant c rev 3

[    0.149536] omap_hwmod: mcbsp2_sidetone using broken dt data from mcbsp

[    0.150146] omap_hwmod: mcbsp3_sidetone using broken dt data from mcbsp

[    0.208160] pinctrl core: initialized pinctrl subsystem

[    0.208831] regulator-dummy: no parameters

[    0.240692] NET: Registered protocol family 16

[    0.243682] DMA: preallocated 256 KiB pool for atomic coherent allocations

[    0.246520] cpuidle: using governor ladder

[    0.246520] cpuidle: using governor menu

[    0.255706] Reprogramming SDRC clock to 400000000 Hz

[    0.261016] OMAP GPIO hardware version 2.5

[    0.276519] omap-gpmc 6e000000.gpmc: GPMC revision 5.0

[    0.280059] No ATAGs?

[    0.281249] OMAP DMA hardware revision 5.0

[    0.284027] Serial: AMBA PL011 UART driver

[    0.302246] edma-dma-engine edma-dma-engine.0: Can't allocate PaRAM dummy slot

[    0.302307] edma-dma-engine: probe of edma-dma-engine.0 failed with error -5

[    0.319641] omap-dma-engine 48056000.dma-controller: OMAP DMA engine driver

[    0.320465] vddvario: no parameters

[    0.320831] vdd33a: no parameters

[    0.321014] reg-fixed-voltage wl12xx_vmmc.6: could not find pctldev for node /ocp/pinmux@48002030/pinmux_wl12xx_gpio, deferring probe

[    0.321044] platform wl12xx_vmmc.6: Driver reg-fixed-voltage requests probe deferral

[    0.324584] vgaarb: loaded

[    0.325408] SCSI subsystem initialized

[    0.326171] usbcore: registered new interface driver usbfs

[    0.326263] usbcore: registered new interface driver hub

[    0.326446] usbcore: registered new device driver usb

[    0.328948] omap_i2c 48070000.i2c: bus 0 rev4.4 at 2600 kHz

[    0.329589] omap_i2c 48072000.i2c: bus 1 rev4.4 at 400 kHz

[    0.330627] omap_i2c 48060000.i2c: bus 2 rev4.4 at 400 kHz

[    0.331237] Linux video capture interface: v2.00

[    0.331329] pps_core: LinuxPPS API ver. 1 registered

[    0.331329] pps_core: Software ver. 5.3.6 - Copyright 2005-2007 Rodolfo Giometti <giometti@linux.it>

[    0.331390] PTP clock support registered

[    0.331481] EDAC MC: Ver: 3.0.0

[    0.332702] Advanced Linux Sound Architecture Driver Initialized.

[    0.334289] Switched to clocksource 32k_counter

[    0.349975] NET: Registered protocol family 2

[    0.350677] TCP established hash table entries: 2048 (order: 1, 8192 bytes)

[    0.350708] TCP bind hash table entries: 2048 (order: 2, 16384 bytes)

[    0.350769] TCP: Hash tables configured (established 2048 bind 2048)

[    0.350860] TCP: reno registered

[    0.350860] UDP hash table entries: 256 (order: 1, 8192 bytes)

[    0.350891] UDP-Lite hash table entries: 256 (order: 1, 8192 bytes)

[    0.351104] NET: Registered protocol family 1

[    0.351531] RPC: Registered named UNIX socket transport module.

[    0.351562] RPC: Registered udp transport module.

[    0.351562] RPC: Registered tcp transport module.

[    0.351562] RPC: Registered tcp NFSv4.1 backchannel transport module.

[    0.356811] futex hash table entries: 256 (order: 2, 16384 bytes)

[    0.374145] squashfs: version 4.0 (2009/01/31) Phillip Lougher

[    0.375396] NFS: Registering the id_resolver key type

[    0.375488] Key type id_resolver registered

[    0.375488] Key type id_legacy registered

[    0.375579] msgmni has been set to 484

[    0.376464] Block layer SCSI generic (bsg) driver version 0.4 loaded (major 249)

[    0.376495] io scheduler noop registered

[    0.376525] io scheduler deadline registered

[    0.376800] io scheduler cfq registered (default)

[    0.379180] pinctrl-single 48002030.pinmux: 284 pins at pa fa002030 size 568

[    0.379486] pinctrl-single 48002a00.pinmux: 46 pins at pa fa002a00 size 92

[    0.379974] pinctrl-single 480025a0.pinmux: 46 pins at pa fa0025a0 size 92

[    0.474212] Serial: 8250/16550 driver, 4 ports, IRQ sharing disabled

[    0.476715] Serial: IMX driver

[    0.477325] msm_serial: driver initialized

[    0.478149] omap_uart 4806a000.serial: no wakeirq for uart0

[    0.478332] 4806a000.serial: ttyO0 at MMIO 0x4806a000 (irq = 88, base_baud = 3000000) is a OMAP UART0

[    1.176055] console [ttyO0] enabled

[    1.180358] omap_uart 4806c000.serial: no wakeirq for uart0

[    1.186401] 4806c000.serial: ttyO1 at MMIO 0x4806c000 (irq = 89, base_baud = 3000000) is a OMAP UART1

[    1.196685] omap_uart 49020000.serial: no wakeirq for uart0

[    1.202667] 49020000.serial: ttyO2 at MMIO 0x49020000 (irq = 90, base_baud = 3000000) is a OMAP UART2

[    1.213073] omap_uart 49042000.serial: no wakeirq for uart0

[    1.219085] 49042000.serial: ttyO3 at MMIO 0x49042000 (irq = 96, base_baud = 3000000) is a OMAP UART3

[    1.229278] STMicroelectronics ASC driver initialized

[    1.235809] serial: Freescale lpuart driver

[    1.240478] [drm] Initialized drm 1.1.0 20060810

[    1.253295] loop: module loaded

[    1.263732] twl 0-0048: PIH (irq 23) chaining IRQs 338..346

[    1.269775] twl 0-0048: power (irq 343) chaining IRQs 346..353

[    1.279357] VAUX1: at 3000 mV 

[    1.283905] VAUX2_4030: at 1800 mV 

[    1.288909] VAUX3: at 2800 mV 

[    1.293395] VAUX4: at 2800 mV 

[    1.297943] VDD1: 600 <--> 1450 mV at 1200 mV 

[    1.303955] VDAC: 1800 mV 

[    1.309844] VIO: at 1800 mV 

[    1.314666] VINTANA1: 1500 mV 

[    1.319641] VINTANA2: at 2750 mV 

[    1.324890] VINTDIG: 1500 mV 

[    1.329040] VMMC1: 1850 <--> 3150 mV at 3150 mV 

[    1.335174] VMMC2: 1850 <--> 3150 mV at 2600 mV 

[    1.341125] VUSB1V5: 1500 mV 

[    1.345062] VUSB1V8: 1800 mV 

[    1.349060] VUSB3V1: 3100 mV 

[    1.353973] VPLL1: at 1800 mV 

[    1.358642] VPLL2: 1800 mV 

[    1.362915] VSIM: 1800 <--> 3000 mV at 1800 mV 

[    1.368804] twl4030_gpio twl4030-gpio: gpio (irq 338) chaining IRQs 354..371

[    1.390777] libphy: smsc911x-mdio: probed

[    1.474700] smsc911x 2c000000.ethernet eth0: attached PHY driver [Generic PHY] (mii_bus:phy_addr=2c000000.etherne:01, irq=-1)

[    1.486785] smsc911x 2c000000.ethernet eth0: MAC Address: 00:50:c2:7e:93:ba

[    1.495605] pegasus: v0.9.3 (2013/04/25), Pegasus/Pegasus II USB Ethernet driver

[    1.503448] usbcore: registered new interface driver pegasus

[    1.509552] usbcore: registered new interface driver asix

[    1.515289] usbcore: registered new interface driver ax88179_178a

[    1.521759] usbcore: registered new interface driver cdc_ether

[    1.527984] usbcore: registered new interface driver smsc75xx

[    1.534118] usbcore: registered new interface driver smsc95xx

[    1.540252] usbcore: registered new interface driver net1080

[    1.546264] usbcore: registered new interface driver cdc_subset

[    1.552551] usbcore: registered new interface driver zaurus

[    1.558563] usbcore: registered new interface driver cdc_ncm

[    1.564544] ehci_hcd: USB 2.0 'Enhanced' Host Controller (EHCI) Driver

[    1.571411] ehci-pci: EHCI PCI platform driver

[    1.576171] ehci-platform: EHCI generic platform driver

[    1.582031] ehci-omap: OMAP-EHCI Host Controller driver

[    1.587951] ehci-omap 48064800.ehci: EHCI Host Controller

[    1.593658] ehci-omap 48064800.ehci: new USB bus registered, assigned bus number 1

[    1.601928] ehci-omap 48064800.ehci: irq 93, io mem 0x48064800

[    1.624572] ehci-omap 48064800.ehci: USB 2.0 started, EHCI 1.00

[    1.632049] hub 1-0:1.0: USB hub found

[    1.636108] hub 1-0:1.0: 3 ports detected

[    1.641235] ehci-orion: EHCI orion driver

[    1.645843] SPEAr-ehci: EHCI SPEAr driver

[    1.650299] tegra-ehci: Tegra EHCI driver

[    1.655700] usbcore: registered new interface driver usb-storage

[    1.665130] mousedev: PS/2 mouse device common for all mice

[    1.674621] twl_rtc rtc.7: Enabling TWL-RTC

[    1.681091] twl_rtc rtc.7: rtc core: registered rtc.7 as rtc0

[    1.688385] i2c /dev entries driver

[    1.694244] usbcore: registered new interface driver uvcvideo

[    1.700347] USB Video Class driver (1.1.1)

[    1.704681] gspca_main: v2.14.0 registered

[    1.721740] sdhci: Secure Digital Host Controller Interface driver

[    1.728271] sdhci: Copyright(c) Pierre Ossman

[    1.775146] omap_hsmmc 480b4000.mmc: unable to get vmmc regulator -517

[    1.782135] platform 480b4000.mmc: Driver omap_hsmmc requests probe deferral

[    1.790496] sdhci-pltfm: SDHCI platform and OF driver helper

[    1.797943] usbcore: registered new interface driver usbhid

[    1.803802] usbhid: USB HID core driver

[    1.814819] TCP: cubic registered

[    1.818328] NET: Registered protocol family 17

[    1.823364] Key type dns_resolver registered

[    1.829559] ThumbEE CPU extension supported.

[    1.834075] Registering SWP/SWPB emulation handler

[    1.840515] VUSB3V1: disabling

[    1.849853] vwl1271: 1800 mV 

[    1.853057] vwl1271: supplied by VMMC2

[    1.882965] mmc0: host does not support reading read-only switch. assuming write-enable.

[    1.893493] mmc0: new high speed SDHC card at address b368

[    1.899871] mmcblk0: mmc0:b368 SDC   3.74 GiB 

[    1.906341]  mmcblk0: p1 p2 p3

[    1.977386] twl_rtc rtc.7: setting system clock to 2012-03-09 10:53:03 UTC (1331290383)

[    2.103149] omap_hsmmc 480b4000.mmc: card claims to support voltages below defined range

[    2.114532] smsc911x 2c000000.ethernet eth0: SMSC911x/921x identified at 0xd0806000, IRQ: 288

[    2.132720] mmc1: queuing unknown CIS tuple 0x91 (3 bytes)

[    2.138580] Sending DHCP requests .

[    2.143341] mmc1: new SDIO card at address 0001

[    4.774475] ., OK

[    4.924957] IP-Config: Got DHCP answer from 10.218.102.3, my address is 10.218.102.215

[    4.933563] IP-Config: Complete:

[    4.937011]      device=eth0, hwaddr=00:50:c2:7e:93:ba, ipaddr=10.218.102.215, mask=255.255.255.0, gw=10.218.102.1

[    4.948181]      host=dhcp-10-218-102-215, domain=am.dhcp.ti.com, nis-domain=(none)

[    4.956390]      bootserver=0.0.0.0, rootserver=0.0.0.0, rootpath=

[    4.962677]      nameserver0=192.0.2.2, nameserver1=192.0.2.3

[    4.969390] ALSA device list:

[    4.972503]   No soundcards found.

[    4.978851] EXT4-fs (mmcblk0p2): mounting ext3 file system using the ext4 subsystem

[    5.000305] EXT4-fs (mmcblk0p2): warning: maximal mount count reached, running e2fsck is recommended

[    5.364471] EXT4-fs (mmcblk0p2): mounted filesystem with ordered data mode. Opts: (null)

[    5.373016] VFS: Mounted root (ext3 filesystem) on device 179:2.

[    5.390258] devtmpfs: mounted

[    5.394317] Freeing unused kernel memory: 556K (c0a55000 - c0ae0000)


INIT: version 2.86 booting


Error opening /dev/fb0: No such file or directory

Please wait: booting...

Starting udev

[    6.082824] udevd (80): /proc/80/oom_adj is deprecated, please use /proc/80/oom_score_adj instead.

[   11.076202] random: nonblocking pool is initialized

[   12.384826] EXT4-fs (mmcblk0p3): mounting ext3 file system using the ext4 subsystem

[   12.471160] EXT4-fs (mmcblk0p3): warning: maximal mount count reached, running e2fsck is recommended

[   12.493194] FAT-fs (mmcblk0p1): codepage cp437 not found

[   12.570129] EXT4-fs (mmcblk0p3): mounted filesystem with ordered data mode. Opts: (null)

[   14.467041] alignment: ignoring faults is unsafe on this CPU.  Defaulting to fixup mode.

Remounting root file system...

[   14.545227] EXT4-fs (mmcblk0p2): re-mounted. Opts: (null)

Caching udev devnodes

logger: mount: mount point /proc/bus/usb does not exist

ALSA: Restoring mixer settings...

Configuring network interfaces... /usr/sbin/alsactl: load_state:1625: No soundcards found...

ifconfig: SIOCSIFFLAGS: Input/output error

eth0      no wireless extensions.



ifconfig: SIOCSIFFLAGS: Input/output error

done.

Setting up IP spoofing protection: rp_filter.


INIT: Entering runlevel: 5


Starting system message bus: dbus.

Starting Hardware abstraction layer hald

Starting Dropbear SSH server: dropbear.

Starting telnet daemon.

Starting network benchmark server: netserver.

Starting syslogd/klogd: done

Starting thttpd.

Starting Lighttpd Web Server: lighttpd.

2012-03-09 10:53:20: (log.c.166) server started 

/

/

Starting Matrix GUI application.

***************************************************************

***************************************************************

NOTICE: This file system contains the followin GPLv3 packages:

	binutils-dev

	binutils-symlinks

	binutils

	gdbserver



If you do not wish to distribute GPLv3 components please remove

the above packages prior to distribution.  This can be done using

the opkg remove command.  i.e.:

    opkg remove <package>

Where <package> is the name 

 _____                    _____           _         _   

|  _  |___ ___ ___ ___   |  _  |___ ___  |_|___ ___| |_ 

|     |  _| .'| . | . |  |   __|  _| . | | | -_|  _|  _|

|__|__|_| |__,|_  |___|  |__|  |_| |___|_| |___|___|_|  

              |___|                    |___|            



Arago Project http://arago-project.org am37x-evm ttyO0



Arago 2011.09 am37x-evm ttyO0



am37x-evm login: 
- 02:35:00 [INFO] Host: root
- 02:35:00 [INFO] Target: 
root
root@am37x-evm:~# 
- 02:35:00 [INFO] Host: uname -a
- 02:35:00 [INFO] Target: 
uname -a
Linux am37x-evm 3.15.0-rc5-next-2
- 02:35:00 [INFO] Host: cat /proc/cmdline
- 02:35:00 [INFO] Target: 
0140514-00002-gb86d868 #1 SMP Wed May 14 05:47:19 CDT 2014 armv7l unknown
root@am37x-evm:~# cat /proc/cmdline
console=ttyO0,115200n8 earlyprintk ip=dhcp root=/dev/mmcblk0p2 rw rootfstype=ext3 rootwait
root@am37x-evm:~# 
- 02:35:00 [INFO] Host: uname -a
- 02:35:00 [INFO] Target: 
uname -a
Linux am37x-evm 3.15.0-rc5-next-20140514-00002-gb86d868 #1 SMP Wed May 14 05:47:19 CDT 2014 armv7l unknown
root@am37x-evm:~# 
- 02:35:00 [INFO] Host: cat /proc/mtd
- 02:35:00 [INFO] Target: 
cat /proc/mtd
dev:    size   erasesize  name
root@am37x-evm:~# 
- 02:35:07 [INFO] Host: export IPERFHOST=10.218.102.142
- 02:35:07 [INFO] Target: 
export IPERFHOST=10.218.102.142
root@am37x-evm:~# 
- 02:35:07 [INFO] Host: export NFS_SERVER=10.218.102.142
- 02:35:07 [INFO] Target: 
export NFS_SERVER=10.218.102.142
root@am37x-evm:~# 
- 02:35:07 [INFO] Host: export NFS_ROOT_PATH=/home/tigt-0001/NFS_exports/am37x
- 02:35:08 [INFO] Target: 
export NFS_ROOT_PATH=/home/tigt-0001/NFS_exports/am37x
root@am37x-evm:~# 
- 02:35:08 [INFO] Host: mkdir -p -m 777 /test
- 02:35:08 [INFO] Target: 
mkdir -p -m 777 /test
root@am37x-evm:~# 
- 02:35:08 [INFO] Host: cd /test
- 02:35:08 [INFO] Target: 
cd /test
root@am37x-evm:/test# 
- 02:35:08 [INFO] Host: cat > test.sh << EOF
- 02:35:08 [INFO] Target: 
cat > test.sh << EOF
> 
- 02:35:08 [INFO] Host: failtest() {

- 02:35:08 [INFO] Target: 
failtest() {
> 
> 
- 02:35:08 [INFO] Host:   echo 1 >&3

- 02:35:08 [INFO] Target: 
  echo 1 >&3
> 
> 
- 02:35:08 [INFO] Host: }

- 02:35:08 [INFO] Target: 
}
> 
> 
- 02:35:08 [INFO] Host: script=anonymous:anonymous@gtautoftp.gt.design.ti.com/anonymous/opentest/target-test-basic.sh_md5_5d260c597a39e144f6dea1bc54ee8584

- 02:35:18 [ERROR] On command: script=anonymous:anonymous@gtautoftp.gt.design.ti.com/anonymous/opentest/target-test-basic.sh_md5_5d260c597a39e144f6dea1bc54ee8584
 waiting for (?-mix:.*) >>> error: execution expired
- 02:35:18 [INFO] Target: 
script=anonymous:anonymous@gtautoftp.gt.design.ti.com/anonymous/opentest/targe

t-test-basic.sh_md5_5d260c597a39e144f6dea1bc54ee8584
> 
> 
- 02:35:18 [INFO] Host: timeout=600

- 02:35:18 [INFO] Target: 
timeout=600

- 02:35:18 [INFO] Host: 

- 02:35:18 [INFO] Target: 
> 
> 
> 
> 
- 02:35:18 [INFO] Host: # Start of user's script logic

- 02:35:18 [INFO] Target: 
# Start of user's script logic
> 
> 
- 02:35:18 [INFO] Host: 

- 02:35:18 [INFO] Target: 

> 
> 
- 02:35:18 [INFO] Host: 

- 02:35:18 [INFO] Target: 

> 
> 
- 02:35:18 [INFO] Host: mount -t proc proc /proc 2>/dev/null;

- 02:35:18 [INFO] Target: 
mount -t proc proc /proc 2>/dev/null;
> 
> 
- 02:35:18 [INFO] Host: 

- 02:35:18 [INFO] Target: 

> 
> 
- 02:35:18 [INFO] Host: mount -t sysfs sys /sys 2>/dev/null;

- 02:35:18 [INFO] Target: 
mount -t sysfs sys /sys 2>/dev/null;
> 
> 
- 02:35:18 [INFO] Host: 

- 02:35:18 [INFO] Target: 

> 
> 
- 02:35:18 [INFO] Host: mount -t debugfs none /sys/kernel/debug 2>/dev/null;

- 02:35:18 [INFO] Target: 
mount -t debugfs none /sys/kernel/debug 2>/dev/null;
> 
> 
- 02:35:18 [INFO] Host: 

- 02:35:18 [INFO] Target: 

> 
> 
- 02:35:18 [INFO] Host: echo 'cpuinfo:';cat /proc/cpuinfo; echo '=======';

- 02:35:18 [INFO] Target: 
echo 'cpuinfo:';cat /proc/cpuinfo; echo '=======';
> 
> 
- 02:35:18 [INFO] Host: 

- 02:35:19 [INFO] Target: 

> 
> 
- 02:35:19 [INFO] Host: echo 'soc info:';head /sys/devices/soc0/* 2>/dev/null; echo '=======';

- 02:35:19 [INFO] Target: 
echo 'soc info:';head /sys/devices/soc0/* 2>/dev/null; echo '=======';
> 
> 
- 02:35:19 [INFO] Host: 

- 02:35:19 [INFO] Target: 

> 
> 
- 02:35:19 [INFO] Host: echo 'interrupts:';cat /proc/interrupts; echo '=======';

- 02:35:19 [INFO] Target: 
echo 'interrupts:';cat /proc/interrupts; echo '=======';
> 
> 
- 02:35:19 [INFO] Host: 

- 02:35:19 [INFO] Target: 

> 
> 
- 02:35:19 [INFO] Host: echo 'Clk_summary:';cat /sys/kernel/debug/clk/clk_summary; echo '=======';

- 02:35:19 [INFO] Target: 
echo 'Clk_summary:';cat /sys/kernel/debug/clk/clk_summary; echo '=======';

- 02:35:19 [INFO] Host: 

- 02:35:19 [INFO] Target: 
> 
> 
> 
> 
- 02:35:19 [INFO] Host: echo 'Orphan Clks:';ls /sys/kernel/debug/clk/orphans/; echo '=======';

- 02:35:19 [INFO] Target: 
echo 'Orphan Clks:';ls /sys/kernel/debug/clk/orphans/; echo '=======';
> 
> 
- 02:35:19 [INFO] Host: 

- 02:35:19 [INFO] Target: 

> 
> 
- 02:35:19 [INFO] Host: echo 'H''ello World' 'B''oard Booted';

- 02:35:19 [INFO] Target: 
echo 'H''ello World' 'B''oard Booted';
> 
> 
- 02:35:19 [INFO] Host: 

- 02:35:19 [INFO] Target: 

> 
> 
- 02:35:19 [INFO] Host: EOF
- 02:35:19 [INFO] Target: 
EOF
root@am37x-evm:/test# 
- 02:35:19 [INFO] Host: cd /test
- 02:35:19 [INFO] Target: 
cd /test
root@am37x-evm:/test# 
- 02:35:19 [INFO] Host: chmod +x test.sh
- 02:35:19 [INFO] Target: 
chmod +x test.sh
root@am37x-evm:/test# 
- 02:35:19 [INFO] Host: ./test.sh 2> stderr.log > stdout.log 3> result.log
- 02:35:19 [INFO] Target: 
./test.sh 2> stderr.log > stdout.log 3> result.log
root@am37x-evm:/test# 
- 02:35:19 [INFO] Host: echo $?
- 02:35:19 [INFO] Target: 
echo $?
0
root@am37x-evm:/test# 
- 02:35:19 [INFO] Host: cd /test
- 02:35:20 [INFO] Target: 
cd /test
root@am37x-evm:/test# 
- 02:35:20 [INFO] Host: cat stdout.log
- 02:35:22 [INFO] Target: 
cat stdout.log
cpuinfo:
processor	: 0
model name	: ARMv7 Processor rev 2 (v7l)
Features	: swp half thumb fastmult vfp edsp thumbee neon vfpv3 tls vfpd32 
CPU implementer	: 0x41
CPU architecture: 7
CPU variant	: 0x3
CPU part	: 0xc08
CPU revision	: 2

Hardware	: Generic OMAP36xx (Flattened Device Tree)
Revision	: 0000
Serial		: 0000000000000000
=======
soc info:
==> /sys/devices/soc0/family <==
OMAP3

==> /sys/devices/soc0/machine <==
OMAP3630

==> /sys/devices/soc0/power <==

==> /sys/devices/soc0/revision <==
ES1.2

==> /sys/devices/soc0/subsystem <==

==> /sys/devices/soc0/type <==
GP

==> /sys/devices/soc0/uevent <==
=======
interrupts:
           CPU0       
 23:          0      INTC   7  TWL4030-PIH
 25:          0      INTC   9  l3-debug-irq
 26:          0      INTC  10  l3-app-irq
 28:          0      INTC  12  DMA
 29:       3988      INTC  13  omap-dma-engine
 36:          0      INTC  20  gpmc
 53:       2422      INTC  37  gp_timer
 72:        403      INTC  56  48070000.i2c
 73:         30      INTC  57  48072000.i2c
 77:         30      INTC  61  48060000.i2c
 88:       4252      INTC  72  OMAP UART0
 93:          0      INTC  77  ehci_hcd:usb1
 99:       6438      INTC  83  mmc0
102:        144      INTC  86  mmc1
288:         17      GPIO  16  eth0
306:        636      PRCM  pm_wkup
315:          0      PRCM  pinctrl, pinctrl, pinctrl, pm_io
338:          0   twl4030   0  twl4030_gpio
343:          0   twl4030   5  twl4030_power
349:          0   twl4030  11  rtc0
IPI0:          0  CPU wakeup interrupts
IPI1:          0  Timer broadcast interrupts
IPI2:          0  Rescheduling interrupts
IPI3:          0  Function call interrupts
IPI4:          0  Single function call interrupts
IPI5:          0  CPU stop interrupts
IPI6:          0  IRQ work interrupts
IPI7:          0  completion interrupts
Err:          0
=======
Clk_summary:
   clock                        enable_cnt  prepare_cnt  rate        accuracy
---------------------------------------------------------------------------------
 secure_32k_fck                 0           1            32768      0          
    wdt1_fck                    0           0            32768      0          
    gpt12_fck                   0           1            32768      0          
 dummy_ck                       0           0            0          0          
 mcbsp_clks                     0           5            0          0          
 sys_altclk                     0           0            0          0          
 virt_38_4m_ck                  0           0            38400000   0          
 virt_26000000_ck               1           1            26000000   0          
    osc_sys_ck                  1           1            26000000   0          
       sys_clkout1              0           0            26000000   0          
       sys_ck                   4           18           13000000   0          
          cpefuse_fck           0           0            13000000   0          
          dpll5_ck              1           1            120000000  0          
             dpll5_m2_ck        1           1            120000000  0          
                usbhost_120m_fck 0           0            120000000  0          
                usbtll_fck      1           1            120000000  0          
                dpll5_m2_d4_ck  0           0            30000000   0          
                dpll5_m2_d8_ck  0           0            15000000   0          
                dpll5_m2_d16_ck 0           0            7500000    0          
                dpll5_m2_d20_ck 0           0            6000000    0          
          sys_d2_ck             0           0            6500000    0          
             usim_fck           0           0            6500000    0          
          modem_fck             0           0            13000000   0          
          dpll2_ck              0           1            260000000  0          
             dpll2_m2_ck        0           1            260000000  0          
                iva2_ck         0           2            260000000  0          
          sr2_fck               0           1            13000000   0          
          sr1_fck               0           1            13000000   0          
          traceclk_src_fck      0           0            13000000   0          
             traceclk_fck       0           0            13000000   0          
          emu_src_mux_ck        0           1            13000000   0          
             emu_src_ck         0           1            13000000   0          
                atclk_fck       0           0            13000000   0          
                pclkx2_fck      0           0            13000000   0          
                pclk_fck        0           0            6500000    0          
          gpt9_fck              0           1            13000000   0          
          gpt8_fck              0           1            13000000   0          
          gpt7_fck              0           1            13000000   0          
          gpt6_fck              0           1            13000000   0          
          gpt5_fck              0           1            13000000   0          
          gpt4_fck              0           1            13000000   0          
          gpt3_fck              0           1            13000000   0          
          gpt2_fck              0           1            13000000   0          
          dss2_alwon_fck        0           2            13000000   0          
          dpll1_ck              0           1            600000000  0          
             dpll1_x2_ck        0           1            1200000000 0          
                dpll1_x2m2_ck   0           1            1200000000 0          
                   mpu_ck       0           1            1200000000 0          
                      emu_mpu_alwon_ck 0           0            1200000000 0          
                      arm_fck   0           1            600000000  0          
          dpll3_ck              1           1            400000000  0          
             dpll3_m2_ck        1           1            400000000  0          
                core_ck         1           1            400000000  0          
                   core_d2_ck   0           0            200000000  0          
                      sgx_fck   0           0            200000000  0          
                   core_d6_ck   0           0            66666666   0          
                   core_d4_ck   0           0            100000000  0          
                   core_d3_ck   0           0            133333333  0          
                   dpll2_fck    0           0            400000000  0          
                   l3_ick       2           3            200000000  0          
                      sgx_ick   0           0            200000000  0          
                      mad2d_ick 0           0            200000000  0          
                      sad2d_ick 0           1            200000000  0          
                      security_l3_ick 0           0            200000000  0          
                         pka_ick 0           0            200000000  0          
                      core_l3_ick 8           10           200000000  0          
                         hsotgusb_ick_3430es2 0           1            200000000  0          
                         gpmc_fck 2           2            200000000  0          
                         sdrc_ick 1           1            200000000  0          
                      l4_ick    6           7            100000000  0          
                         usbhost_ick 1           1            100000000  0          
                         dss_ick_3430es2 4           6            100000000  0          
                         sr_l4_ick 2           2            100000000  0          
                         ssi_l4_ick 0           0            100000000  0          
                            ssi_ick_3430es2 0           0            100000000  0          
                         cam_ick 0           1            100000000  0          
                         security_l4_ick2 0           0            100000000  0          
                            des1_ick 0           0            100000000  0          
                            sha11_ick 0           0            100000000  0          
                            rng_ick 0           0            100000000  0          
                            aes1_ick 0           0            100000000  0          
                         per_l4_ick 15          18           100000000  0          
                            mcbsp4_ick 2           2            100000000  0          
                            mcbsp3_ick 2           2            100000000  0          
                            mcbsp2_ick 1           1            100000000  0          
                            gpt2_ick 1           1            100000000  0          
                            gpt3_ick 1           1            100000000  0          
                            gpt4_ick 1           1            100000000  0          
                            gpt5_ick 1           1            100000000  0          
                            gpt6_ick 1           1            100000000  0          
                            gpt7_ick 1           1            100000000  0          
                            gpt8_ick 1           1            100000000  0          
                            gpt9_ick 1           1            100000000  0          
                            uart4_ick 1           1            100000000  0          
                            uart3_ick 1           1            100000000  0          
                            wdt3_ick 0           0            100000000  0          
                            gpio2_ick 0           1            100000000  0          
                            gpio3_ick 0           1            100000000  0          
                            gpio4_ick 0           1            100000000  0          
                            gpio5_ick 1           1            100000000  0          
                            gpio6_ick 1           1            100000000  0          
                         core_l4_ick 21          23           100000000  0          
                            mmchs3_ick 1           1            100000000  0          
                            usbtll_ick 1           1            100000000  0          
                            mailboxes_ick 0           1            100000000  0          
                            mspro_ick 0           0            100000000  0          
                            des2_ick 0           0            100000000  0          
                            icr_ick 0           0            100000000  0          
                            sha12_ick 1           2            100000000  0          
                            aes2_ick 1           2            100000000  0          
                            omapctrl_ick 1           1            100000000  0          
                            mcbsp1_ick 1           1            100000000  0          
                            mcbsp5_ick 1           1            100000000  0          
                            gpt10_ick 1           1            100000000  0          
                            gpt11_ick 1           1            100000000  0          
                            uart1_ick 1           1            100000000  0          
                            uart2_ick 1           1            100000000  0          
                            i2c1_ick 1           1            100000000  0          
                            i2c2_ick 1           1            100000000  0          
                            i2c3_ick 1           1            100000000  0          
                            mcspi1_ick 1           1            100000000  0          
                            mcspi2_ick 1           1            100000000  0          
                            mcspi3_ick 1           1            100000000  0          
                            mcspi4_ick 1           1            100000000  0          
                            hdq_ick 0           1            100000000  0          
                            mmchs1_ick 1           1            100000000  0          
                            mmchs2_ick 1           1            100000000  0          
                         rm_ick 0           0            50000000   0          
                   dpll1_fck    0           0            200000000  0          
                dpll3_m2x2_ck   0           0            800000000  0          
                   corex2_fck   0           0            800000000  0          
                      ssi_ssr_fck_3430es2 0           0            266666667  0          
                         ssi_sst_fck_3430es2 0           0            133333333  0          
                      corex2_d5_fck 0           0            160000000  0          
                      corex2_d3_fck 0           0            266666666  0          
             dpll3_m3_ck        0           0            200000000  0          
                dpll3_m3x2_mul_ck 0           0            400000000  0          
                   dpll3_m3x2_ck 0           0            400000000  0          
                      emu_core_alwon_ck 0           0            400000000  0          
             dpll3_x2_ck        0           0            800000000  0          
          dpll4_ck              1           3            864000000  0          
             dpll4_m6_ck        0           0            288000000  0          
                dpll4_m6x2_mul_ck 0           0            288000000  0          
                   dpll4_m6x2_ck 0           0            288000000  0          
                      emu_per_alwon_ck 0           0            288000000  0          
             dpll4_m5_ck        0           0            216000000  0          
                dpll4_m5x2_mul_ck 0           0            216000000  0          
                   dpll4_m5x2_ck 0           0            216000000  0          
                      cam_mclk  0           0            216000000  0          
             dpll4_m4_ck        0           1            96000000   0          
                dpll4_m4x2_mul_ck 0           1            96000000   0          
                   dpll4_m4x2_ck 0           1            96000000   0          
                      dss1_alwon_fck_3430es2 0           4            96000000   0          
             dpll4_m3_ck        0           1            54000000   0          
                dpll4_m3x2_mul_ck 0           1            54000000   0          
                   dpll4_m3x2_ck 0           1            54000000   0          
                      omap_54m_fck 0           1            54000000   0          
                         dss_tv_fck 0           2            54000000   0          
                         clkout2_src_ck 0           0            54000000   0          
                            sys_clkout2 0           0            54000000   0          
             dpll4_m2_ck        1           1            96000000   0          
                dpll4_m2x2_mul_ck 1           1            96000000   0          
                   dpll4_m2x2_ck 1           1            96000000   0          
                      omap_192m_alwon_fck 0           0            96000000   0          
                      omap_96m_alwon_fck 1           2            96000000   0          
                         per_96m_fck 0           6            96000000   0          
                            mcbsp4_fck 0           1            96000000   0          
                            mcbsp3_fck 0           2            96000000   0          
                            mcbsp2_fck 0           2            96000000   0          
                         cm_96m_fck 1           2            96000000   0          
                            cm_96m_d2_fck 1           1            48000000   0          
                               omap_48m_fck 3           4            48000000   0          
                                  usbhost_48m_fck 1           1            48000000   0          
                                  per_48m_fck 2           2            48000000   0          
                                     uart4_fck 1           1            48000000   0          
                                     uart3_fck 1           1            48000000   0          
                                  core_48m_fck 2           6            48000000   0          
                                     uart1_fck 1           1            48000000   0          
                                     uart2_fck 1           1            48000000   0          
                                     mcspi1_fck 0           1            48000000   0          
                                     mcspi2_fck 0           1            48000000   0          
                                     mcspi3_fck 0           1            48000000   0          
                                     mcspi4_fck 0           1            48000000   0          
                                  omap_12m_fck 0           1            12000000   0          
                                     core_12m_fck 0           1            12000000   0          
                                        hdq_fck   0           1            12000000   0          
                            omap_96m_fck 0           2            96000000   0          
                               omap_96m_d10_fck 0           0            9600000    0          
                               omap_96m_d8_fck 0           0            12000000   0          
                               omap_96m_d4_fck 0           0            24000000   0          
                               omap_96m_d2_fck 0           0            48000000   0          
                               dss_96m_fck 0           2            96000000   0          
                               core_96m_fck 0           10           96000000   0          
                                  mcbsp1_fck 0           1            96000000   0          
                                  mcbsp5_fck 0           1            96000000   0          
                                  mmchs3_fck 0           1            96000000   0          
                                  mspro_fck 0           0            96000000   0          
                                  csi2_96m_fck 0           0            96000000   0          
                                  i2c1_fck 0           1            96000000   0          
                                  i2c2_fck 0           1            96000000   0          
                                  i2c3_fck 0           1            96000000   0          
                                  mmchs1_fck 0           1            96000000   0          
                                  mmchs2_fck 0           1            96000000   0          
             dpll4_x2_ck        0           0            1728000000 0          
          wkup_l4_ick           4           5            13000000   0          
             usim_ick           0           0            13000000   0          
             gpt1_ick           1           1            13000000   0          
             gpt12_ick          1           1            13000000   0          
             omap_32ksync_ick   1           1            13000000   0          
             gpio1_ick          0           1            13000000   0          
             wdt1_ick           0           0            13000000   0          
             wdt2_ick           1           1            13000000   0          
 virt_19200000_ck               0           0            19200000   0          
 virt_13m_ck                    0           0            13000000   0          
 virt_12m_ck                    0           0            12000000   0          
 omap_32k_fck                   2           8            32768      0          
    gpt1_fck                    1           1            32768      0          
    ts_fck                      0           0            32768      0          
    per_32k_alwon_fck           0           5            32768      0          
       wdt3_fck                 0           0            32768      0          
       gpio2_dbck               0           1            32768      0          
       gpio3_dbck               0           1            32768      0          
       gpio4_dbck               0           1            32768      0          
       gpio5_dbck               0           1            32768      0          
       gpio6_dbck               0           1            32768      0          
    wkup_32k_fck                1           3            32768      0          
       wdt2_fck                 0           1            32768      0          
       gpio1_dbck               0           1            32768      0          
    gpt11_fck                   0           1            32768      0          
    gpt10_fck                   0           1            32768      0          
 dummy_apb_pclk                 0           0            0          0          
 virt_16_8m_ck                  0           0            16800000   0          
=======
Orphan Clks:
=======
Hello World Board Booted
root@am37x-evm:/test# 
- 02:35:22 [INFO] Host: cat stderr.log
- 02:35:22 [INFO] Target: 
cat stderr.log
root@am37x-evm:/test# 
- 02:35:22 [INFO] Host: cat result.log
- 02:35:24 [ERROR] On command: cat result.log waiting for (?m-ix:^1[\0\n\r]+) >>> error: execution expired
- 02:35:24 [INFO] Target: 
cat result.log
root@am37x-evm:/test# 
- 02:35:24 [INFO] Host: cd /test
- 02:35:24 [INFO] Target: 
cd /test
root@am37x-evm:/test# 
