- 10:04:48 [INFO] Starting target session
- 10:04:48 [INFO] Connected to am37x-evm via serial 
- 10:04:48 [INFO] Host: #check prompt
- 10:04:51 [ERROR] On command: #check prompt waiting for #check prompt.+?(?-mix:((?-mix:login:)|[Pp]assword)) >>> error: execution expired
- 10:04:51 [INFO] Target: 
#check prompt
root@am37x-evm:/test# 
- 10:04:51 [INFO] Host: #check prompt
- 10:04:51 [INFO] Target: 
#check prompt
root@am37x-evm:/test# 
- 10:04:51 [INFO] Host: sync;poweroff
- 10:05:04 [INFO] Target: 
sync;poweroff
Broadcast message from root (ttyO0) (Fri Mar 27 23:42:49 2015):
The system is going down for system halt NOW!
INIT: Switching to runlevel:root@am37x-evm:/test# 
INIT: Sending processes the TEStopping Dropbear SSH server: stopped /usr/sbin/dropbear (pid 1517)
dropbear.
Stopping telnet daemon.
Stopping Hardware abstraction layer hald
Stopping system message bus: stopped process in pidfile '/var/run/dbus/pid' (pid 1478)
dbus.
Stopping network benchmark server: netserverstopped /usr/sbin/netserver (pid 1529)
Error opening /dev/fb0: No such file or directory
Stopping thttpd.
ALSA: Storing mixer settings...
/usr/sbin/alsactl: save_state:1519: No soundcards found...
Deconfiguring network interfaces... done.
Stopping Lighttpd Web Server: stopped /usr/sbin/lighttpd (pid 1557)
lighttpd.
Stopping syslogd/klogd: stopped syslogd (pid 1534)
stopped klogd (pid 1536)
done
Stopping Matrix GUI applicationstart-stop-daemon: warning: killing process 0: No such process
***************************************************************
***************************************************************
NOTICE: This file system contains the followin GPLv3 packages:
	binutils-dev
	binutils-symlinks
	binutils
	gdbserver
If you do not wish to distribute GPLv3 components please remove
the above packages prior to distribution.  This can be done using
the opkg remove command.  i.e.:
    opkg remove <package>
Where <package> is the name printed in the list above
NOTE: If the package is a dependency of another package you
      will be notified of the dependent packages.  You should
      use the --force-removal-of-dependent-packages option to
      also remove the dependent packages as well
***************************************************************
***************************************************************
Sending all processes the TERM signal...
Sending all processes the KILL signal...
hwclock: can't open '/dev/misc/rtc': No such file or directory
Unmounting remote filesystems...
Deactivating swap...
Unmounting local filesystems...
[ 2675.609008] reboot: Power down
[ 2675.612274] ------------[ cut here ]------------
[ 2675.617156] WARNING: CPU: 0 PID: 1818 at kernel/locking/lockdep.c:2755 lockdep_trace_alloc+0xec/0x10c()
[ 2675.627044] DEBUG_LOCKS_WARN_ON(irqs_disabled_flags(flags))
[ 2675.632751] Modules linked in:
[ 2675.636169] CPU: 0 PID: 1818 Comm: halt Not tainted 4.2.0-00043-g89e1552 #5273
[ 2675.643798] Hardware name: Generic OMAP36xx (Flattened Device Tree)
[ 2675.650421] [<c00165f4>] (unwind_backtrace) from [<c0012aac>] (show_stack+0x10/0x14)
[ 2675.658599] [<c0012aac>] (show_stack) from [<c05ef774>] (dump_stack+0x78/0x94)
[ 2675.666229] [<c05ef774>] (dump_stack) from [<c003daf4>] (warn_slowpath_common+0x7c/0xb4)
[ 2675.674774] [<c003daf4>] (warn_slowpath_common) from [<c003dbc0>] (warn_s
- 10:05:04 [INFO] Disconnected serial from am37x-evm
- 10:05:05 [INFO] Connected to am37x-evm via serial 
- 10:05:05 [INFO] Host: 
- 10:05:08 [INFO] Target: 
U-Boot SPL 2013.01.01 (Nov 27 2013 - 12:07:30)
OMAP SD/MMC: 0
reading u-boot.img
reading u-boot.img
U-Boot 2013.01.01 (Nov 27 2013 - 12:07:30)
OMAP3630/3730-GP ES1.2, CPU-OPP2, L3-165MHz, Max CPU Clock 1 Ghz
OMAP3 EVM board + LPDDR/NAND
I2C:   ready
DRAM:  256 MiB
NAND:  512 MiB
MMC:   OMAP SD/MMC: 0
In:    serial
Out:   serial
Err:   serial
Read back SMSC id 0x92200000
Die ID #16d400029ff80000015f02690c019016
Net:   smc911x-0
Hit any key to stop autoboot:  3  0 
OMAP3_EVM # 
OMAP3_EVM # 
OMAP3_EVM # 
OMAP3_EVM # 
OMAP3_EVM # 
OMAP3_EVM # 
OMAP3_EVM # 
OMAP3_EVM # 
OMAP3_EVM # 
OMAP3_EVM # 
OMAP3_EVM # 
- 10:05:08 [INFO] Host: 
- 10:05:08 [INFO] Target: 
OMAP3_EVM # 
- 10:05:08 [INFO] Host: version
- 10:05:08 [INFO] Target: 
OMAP3_EVM # version
U-Boot 2013.01.01 (Nov 27 2013 - 12:07:30)
arm-linux-gnueabihf-gcc (crosstool-NG linaro-1.13.1-4.7-2013.03-20130313 - Linaro GCC 2013.03) 4.7.3 20130226 (prerelease)
GNU ld (crosstool-NG linaro-1.13.1-4.7-2013.03-20130313 - Linaro GCC 2013.03) 2.23.1
OMAP3_EVM # 
- 10:05:08 [INFO] Host: setenv bootargs 'console=ttyO0,115200n8 earlyprintk  '
- 10:05:08 [INFO] Target: 
setenv bootargs 'console=ttyO0,115200n8 earlyprintk  '
OMAP3_EVM # 
- 10:05:08 [INFO] Host: setenv bootcmd  ''
- 10:05:08 [INFO] Target: 
setenv bootcmd  ''
OMAP3_EVM # 
- 10:05:08 [INFO] Host: setenv autoload 'no'
- 10:05:08 [INFO] Target: 
setenv autoload 'no'
OMAP3_EVM # 
- 10:05:08 [INFO] Host: setenv serverip '192.168.0.1'
- 10:05:08 [INFO] Target: 
setenv serverip '192.168.0.1'
OMAP3_EVM # 
- 10:05:08 [INFO] Host: setenv mmcdev ' '
- 10:05:08 [INFO] Target: 
setenv mmcdev ' '
OMAP3_EVM # 
- 10:05:08 [INFO] Host: printenv
- 10:05:08 [INFO] Target: 
printenv
autoload=no
baudrate=115200
bootargs=console=ttyO0,115200n8 earlyprintk  
bootcmd=
bootdelay=3
bootfile=uImage
bootscript=echo Running bootscript from mmc ...; source ${loadaddr}
console=ttyO0,115200n8
dieid#=16d400029ff80000015f02690c019016
ethact=smc911x-0
ethaddr=00:50:c2:7e:93:ba
loadaddr=0x82000000
loadbootscript=fatload mmc ${mmcdev} ${loadaddr} boot.scr
loaduimage=fatload mmc ${mmcdev} ${loadaddr} uImage
mmcargs=setenv bootargs console=${console} root=/dev/mmcblk0p2 rw rootfstype=ext3 rootwait
mmcboot=echo Booting from mmc ...; run mmcargs; bootm ${loadaddr}
mmcdev= 
nandargs=setenv bootargs console=${console} root=/dev/mtdblock4 rw rootfstype=jffs2
nandboot=echo Booting from nand ...; run nandargs; onenand read ${loadaddr} 280000 400000; bootm ${loadaddr}
ramdisk_addr=0x8A080000
serverip=192.168.0.1
stderr=serial
stdin=serial
stdout=serial
usbtty=cdc_acm
Environment size: 926/131068 bytes
OMAP3_EVM # 
- 10:05:08 [INFO] Host: printenv
- 10:05:08 [INFO] Target: 
printenv
autoload=no
baudrate=115200
bootargs=console=ttyO0,115200n8 earlyprintk  
bootcmd=
bootdelay=3
bootfile=uImage
bootscript=echo Running bootscript from mmc ...; source ${loadaddr}
console=ttyO0,115200n8
dieid#=16d400029ff80000015f02690c019016
ethact=smc911x-0
ethaddr=00:50:c2:7e:93:ba
loadaddr=0x82000000
loadbootscript=fatload mmc ${mmcdev} ${loadaddr} boot.scr
loaduimage=fatload mmc ${mmcdev} ${loadaddr} uImage
mmcargs=setenv bootargs console=${console} root=/dev/mmcblk0p2 rw rootfstype=ext3 rootwait
mmcboot=echo Booting from mmc ...; run mmcargs; bootm ${loadaddr}
mmcdev= 
nandargs=setenv bootargs console=${console} root=/dev/mtdblock4 rw rootfstype=jffs2
nandboot=echo Booting from nand ...; run nandargs; onenand read ${loadaddr} 280000 400000; bootm ${loadaddr}
ramdisk_addr=0x8A080000
serverip=192.168.0.1
stderr=serial
stdin=serial
stdout=serial
usbtty=cdc_acm
Environment size: 926/131068 bytes
OMAP3_EVM # 
- 10:05:08 [INFO] Host: setenv bootargs ''${bootargs}' ip=:::::eth0:dhcp '
- 10:05:09 [INFO] Target: 
setenv bootargs ''${bootargs}' ip=:::::eth0:dhcp '
OMAP3_EVM # 
- 10:05:09 [INFO] Host: setenv serverip '192.168.0.1'
- 10:05:09 [INFO] Target: 
setenv serverip '192.168.0.1'
OMAP3_EVM # 
- 10:05:09 [INFO] Host: setenv ipaddr dhcp
- 10:05:09 [INFO] Target: 
setenv ipaddr dhcp
OMAP3_EVM # 
- 10:05:09 [INFO] Host: setenv autoload 'no'
- 10:05:09 [INFO] Target: 
setenv autoload 'no'
OMAP3_EVM # 
- 10:05:09 [INFO] Host: dhcp
- 10:05:12 [INFO] Target: 
dhcp
smc911x: detected LAN9220 controller
smc911x: phy initialized
smc911x: MAC 00:50:c2:7e:93:ba
BOOTP broadcast 1
DHCP client bound to address 192.168.0.59
OMAP3_EVM # 
- 10:05:12 [INFO] Host: setenv serverip '192.168.0.1'
- 10:05:12 [INFO] Target: 
setenv serverip '192.168.0.1'
OMAP3_EVM # 
- 10:05:12 [INFO] Host: tftp ${loadaddr} 192.168.0.1:vatf_am37x-evm/c7631138454a06d8a7dc8d9b16cae66b
- 10:05:15 [INFO] Target: 
tftp ${loadaddr} 192.168.0.1:vatf_am37x-evm/c7631138454a06d8a7dc8d9b16cae66b
smc911x: detected LAN9220 controller
smc911x: phy initialized
smc911x: MAC 00:50:c2:7e:93:ba
Using smc911x-0 device
TFTP from server 192.168.0.1; our IP address is 192.168.0.59
Filename 'vatf_am37x-evm/c7631138454a06d8a7dc8d9b16cae66b'.
Load address: 0x82000000
Loading: *#################################################################
	 #################################################################
	 #################################################################
	 #################################################################
	 #################################################################
	 #################################################################
	 ###################################################
	 3.3 MiB/s
done
Bytes transferred = 6465535 (62a7ff hex)
OMAP3_EVM # 
- 10:05:15 [INFO] Host: ls mmc 0:1
- 10:05:15 [INFO] Target: 
ls mmc 0:1
ls - list files in a directory (default /)
Usage:
ls [ directory ]
OMAP3_EVM # 
- 10:05:15 [INFO] Host: ls mmc 0:2
- 10:05:15 [INFO] Target: 
ls mmc 0:2
ls - list files in a directory (default /)
Usage:
ls [ directory ]
OMAP3_EVM # 
- 10:05:15 [INFO] Host: ls mmc 0:3
- 10:05:16 [INFO] Target: 
ls mmc 0:3
ls - list files in a directory (default /)
Usage:
ls [ directory ]
OMAP3_EVM # 
- 10:05:16 [INFO] Host: ls mmc 0:4
- 10:05:16 [INFO] Target: 
ls mmc 0:4
ls - list files in a directory (default /)
Usage:
ls [ directory ]
OMAP3_EVM # 
- 10:05:16 [INFO] Host: ls mmc 0:5
- 10:05:16 [INFO] Target: 
ls mmc 0:5
ls - list files in a directory (default /)
Usage:
ls [ directory ]
OMAP3_EVM # 
- 10:05:16 [INFO] Host: part uuid mmc 0:
- 10:05:16 [INFO] Target: 
part uuid mmc 0:
Unknown command 'part' - try 'help'
OMAP3_EVM # 
- 10:05:16 [INFO] Host: printenv
- 10:05:16 [INFO] Target: 
printenv
autoload=no
baudrate=115200
bootargs=console=ttyO0,115200n8 earlyprintk ip=:::::eth0:dhcp
bootcmd=
bootdelay=3
bootfile=uImage
bootscript=echo Running bootscript from mmc ...; source ${loadaddr}
console=ttyO0,115200n8
dieid#=16d400029ff80000015f02690c019016
ethact=smc911x-0
ethaddr=00:50:c2:7e:93:ba
fileaddr=82000000
filesize=62A7FF
gatewayip=192.168.0.1
ipaddr=192.168.0.59
loadaddr=0x82000000
loadbootscript=fatload mmc ${mmcdev} ${loadaddr} boot.scr
loaduimage=fatload mmc ${mmcdev} ${loadaddr} uImage
mmcargs=setenv bootargs console=${console} root=/dev/mmcblk0p2 rw rootfstype=ext3 rootwait
mmcboot=echo Booting from mmc ...; run mmcargs; bootm ${loadaddr}
mmcdev= 
nandargs=setenv bootargs console=${console} root=/dev/mtdblock4 rw rootfstype=jffs2
nandboot=echo Booting from nand ...; run nandargs; onenand read ${loadaddr} 280000 400000; bootm ${loadaddr}
netmask=255.255.255.0
ramdisk_addr=0x8A080000
serverip=192.168.0.1
stderr=serial
stdin=serial
stdout=serial
usbtty=cdc_acm
Environment size: 1050/131068 bytes
OMAP3_EVM # 
- 10:05:16 [INFO] Host: setenv bootargs ''${bootargs}' root=/dev/mmcblk0p2 rw rootfstype=ext3 rootwait '
- 10:05:16 [INFO] Target: 
setenv bootargs ''${bootargs}' root=/dev/mmcblk0p2 rw rootfstype=ext3 rootwait '
OMAP3_EVM # 
- 10:05:16 [INFO] Host: printenv
- 10:05:16 [INFO] Target: 
printenv
autoload=no
baudrate=115200
bootargs=console=ttyO0,115200n8 earlyprintk ip=:::::eth0:dhcp root=/dev/mmcblk0p2 rw rootfstype=ext3 rootwait
bootcmd=
bootdelay=3
bootfile=uImage
bootscript=echo Running bootscript from mmc ...; source ${loadaddr}
console=ttyO0,115200n8
dieid#=16d400029ff80000015f02690c019016
ethact=smc911x-0
ethaddr=00:50:c2:7e:93:ba
fileaddr=82000000
filesize=62A7FF
gatewayip=192.168.0.1
ipaddr=192.168.0.59
loadaddr=0x82000000
loadbootscript=fatload mmc ${mmcdev} ${loadaddr} boot.scr
loaduimage=fatload mmc ${mmcdev} ${loadaddr} uImage
mmcargs=setenv bootargs console=${console} root=/dev/mmcblk0p2 rw rootfstype=ext3 rootwait
mmcboot=echo Booting from mmc ...; run mmcargs; bootm ${loadaddr}
mmcdev= 
nandargs=setenv bootargs console=${console} root=/dev/mtdblock4 rw rootfstype=jffs2
nandboot=echo Booting from nand ...; run nandargs; onenand read ${loadaddr} 280000 400000; bootm ${loadaddr}
netmask=255.255.255.0
ramdisk_addr=0x8A080000
serverip=192.168.0.1
stderr=serial
stdin=serial
stdout=serial
usbtty=cdc_acm
Environment size: 1098/131068 bytes
OMAP3_EVM # 
- 10:05:16 [INFO] Host: setenv bootcmd ''${bootcmd}' if iminfo ${loadaddr}; then bootm ${loadaddr}  ; else bootz ${loadaddr}  ; bootm ${loadaddr}  ; fi'
- 10:05:16 [INFO] Target: 
setenv bootcmd ''${bootcmd}' if iminfo ${loadaddr}; then bootm ${loadaddr}  ; else bootz ${loadaddr}  ; bootm ${loadaddr}  ; fi'
OMAP3_EVM # 
- 10:05:16 [INFO] Host: version
- 10:05:16 [INFO] Target: 
version
U-Boot 2013.01.01 (Nov 27 2013 - 12:07:30)
arm-linux-gnueabihf-gcc (crosstool-NG linaro-1.13.1-4.7-2013.03-20130313 - Linaro GCC 2013.03) 4.7.3 20130226 (prerelease)
GNU ld (crosstool-NG linaro-1.13.1-4.7-2013.03-20130313 - Linaro GCC 2013.03) 2.23.1
OMAP3_EVM # 
- 10:05:16 [INFO] Host: bdinfo
- 10:05:16 [INFO] Target: 
bdinfo
arch_number = 0x000005FF
boot_params = 0x80000100
DRAM bank   = 0x00000000
-> start    = 0x80000000
-> size     = 0x10000000
DRAM bank   = 0x00000001
-> start    = 0x90000000
-> size     = 0x00000000
ethaddr     = 00:50:c2:7e:93:ba
ip_addr     = 192.168.0.59
baudrate    = 115200 bps
TLB addr    = 0x8FFF0000
relocaddr   = 0x8FF6E000
reloc off   = 0x0FE6E000
irq_sp      = 0x8FF0DF58
sp start    = 0x8FF0DF48
FB base     = 0x00000000
OMAP3_EVM # 
- 10:05:16 [INFO] Host: mmc rescan; echo $?
- 10:05:17 [INFO] Target: 
mmc rescan; echo $?
OMAP3_EVM # 
- 10:05:17 [INFO] Host: fatwrite mmc ${mmcdev}:1 ${loadaddr} ws-calibrate.rules 4
- 10:05:17 [INFO] Target: 
fatwrite mmc ${mmcdev}:1 ${loadaddr} ws-calibrate.rules 4
Unknown command 'fatwrite' - try 'help'
OMAP3_EVM # 
- 10:05:17 [INFO] Host: boot
- 10:07:47 [ERROR] On command: boot waiting for boot.+?(?-mix:login:) >>> error: execution expired
- 10:07:47 [INFO] Target: 
boot
Unknown command 'iminfo' - try 'help'
Unknown command 'bootz' - try 'help'
## Booting kernel from Legacy Image at 82000000 ...
   Image Name:   Linux-4.2.0-next-20150910-00002-
   Image Type:   ARM Linux Kernel Image (uncompressed)
   Data Size:    6465471 Bytes = 6.2 MiB
   Load Address: 80800000
   Entry Point:  80800000
   Verifying Checksum ... OK
   Loading Kernel Image ... OK
Starting kernel ...
[    0.000000] Booting Linux on physical CPU 0x0
[    0.000000] Linux version 4.2.0-next-20150910-00002-g12915d7c8793 (nmenon@kahuna) (gcc version 4.6.3 (Ubuntu/Linaro 4.6.3-1ubuntu5) ) #1 SMP Thu Sep 10 09:15:21 CDT 2015
[    0.000000] CPU: ARMv7 Processor [413fc082] revision 2 (ARMv7), cr=10c5387d
[    0.000000] CPU: PIPT / VIPT nonaliasing data cache, VIPT aliasing instruction cache
[    0.000000] Machine model: TI OMAP37XX EVM (TMDSEVM3730)
[    0.000000] cma: Reserved 64 MiB at 0x8b800000
[    0.000000] Memory policy: Data cache writeback
[    0.000000] CPU: All CPU(s) started in SVC mode.
[    0.000000] OMAP3630 ES1.2 (l2cache iva sgx neon isp 192mhz_clk )
[    0.000000] PERCPU: Embedded 12 pages/cpu @cfb88000 s19200 r8192 d21760 u49152
[    0.000000] Built 1 zonelists in Zone order, mobility grouping on.  Total pages: 64512
[    0.000000] Kernel command line: console=ttyO0,115200n8 earlyprintk ip=:::::eth0:dhcp root=/dev/mmcblk0p2 rw rootfstype=ext3 rootwait
[    0.000000] PID hash table entries: 1024 (order: 0, 4096 bytes)
[    0.000000] Dentry cache hash table entries: 32768 (order: 5, 131072 bytes)
[    0.000000] Inode-cache hash table entries: 16384 (order: 4, 65536 bytes)
[    0.000000] Memory: 177592K/260096K available (8141K kernel code, 1012K rwdata, 3620K rodata, 1032K init, 340K bss, 16968K reserved, 65536K cma-reserved, 0K highmem)
[    0.000000] Virtual kernel memory layout:
[    0.000000]     vector  : 0xffff0000 - 0xffff1000   (   4 kB)
[    0.000000]     fixmap  : 0xffc00000 - 0xfff00000   (3072 kB)
[    0.000000]     vmalloc : 0xd0800000 - 0xff000000   ( 744 MB)
[    0.000000]     lowmem  : 0xc0000000 - 0xd0000000   ( 256 MB)
[    0.000000]     pkmap   : 0xbfe00000 - 0xc0000000   (   2 MB)
[    0.000000]     modules : 0xbf000000 - 0xbfe00000   (  14 MB)
[    0.000000]       .text : 0xc0208000 - 0xc0d8559c   (11766 kB)
[    0.000000]       .init : 0xc0d86000 - 0xc0e88000   (1032 kB)
[    0.000000]       .data : 0xc0e88000 - 0xc0f85320   (1013 kB)
[    0.000000]        .bss : 0xc0f88000 - 0xc0fdd2e0   ( 341 kB)
[    0.000000] SLUB: HWalign=64, Order=0-3, MinObjects=0, CPUs=1, Nodes=1
[    0.000000] Hierarchical RCU implementation.
[    0.000000] 	Build-time adjustment of leaf fanout to 32.
[    0.000000] 	RCU restricting CPUs from NR_CPUS=16 to nr_cpu_ids=1.
[    0.000000] RCU: Adjusting geometry for rcu_fanout_leaf=32, nr_cpu_ids=1
[    0.000000] NR_IRQS:16 nr_irqs:16 16
[    0.000000] IRQ: Found an INTC at 0xfa200000 (revision 4.0) with 96 interrupts
[    0.000000] Clocking rate (Crystal/Core/MPU): 26.0/400/600 MHz
[    0.000000] OMAP clockevent source: timer1 at 32768 Hz
[    0.000000] clocksource: 32k_counter: mask: 0xffffffff max_cycles: 0xffffffff, max_idle_ns: 58327039986419 ns
[    0.000000] sched_clock: 32 bits at 32kHz, resolution 30517ns, wraps every 65535999984741ns
[    0.000030] OMAP clocksource: 32k_counter at 32768 Hz
[    0.000244] Console: colour dummy device 80x30
[    0.000274] Calibrating delay loop... 594.73 BogoMIPS (lpj=1486848)
[    0.028961] pid_max: default: 32768 minimum: 301
[    0.029144] Mount-cache hash table entries: 1024 (order: 0, 4096 bytes)
[    0.029144] Mountpoint-cache hash table entries: 1024 (order: 0, 4096 bytes)
[    0.029998] CPU: Testing write buffer coherency: ok
[    0.030364] CPU0: thread -1, cpu 0, socket -1, mpidr 0
[    0.030456] Setting up static identity map for 0x80209000 - 0x80209098
[    0.039031] Brought up 1 CPUs
[    0.039062] SMP: Total of 1 processors activated (594.73 BogoMIPS).
[    0.039062] CPU: All CPU(s) started in SVC mode.
[    0.040740] devtmpfs: initialized
[    0.074493] VFP support v0.3: implementor 41 architecture 3 part 30 variant c rev 3
[    0.096771] omap_hwmod: mcbsp2_sidetone using broken dt data from mcbsp
[    0.097412] omap_hwmod: mcbsp3_sidetone using broken dt data from mcbsp
[    0.156951] clocksource: jiffies: mask: 0xffffffff max_cycles: 0xffffffff, max_idle_ns: 9556302231375000 ns
[    0.161499] pinctrl core: initialized pinctrl subsystem
[    0.164855] NET: Registered protocol family 16
[    0.167877] DMA: preallocated 256 KiB pool for atomic coherent allocations
[    0.170776] cpuidle: using governor ladder
[    0.170806] cpuidle: using governor menu
[    0.171417] Reprogramming SDRC clock to 400000000 Hz
[    0.178771] OMAP GPIO hardware version 2.5
[    0.184387] irq: no irq domain found for /ocp/l4@48000000/scm@2000/pinmux@30 !
[    0.184936] irq: no irq domain found for /ocp/l4@48000000/scm@2000/pinmux@30 !
[    0.185424] irq: no irq domain found for /ocp/l4@48000000/scm@2000/pinmux@30 !
[    0.189849] irq: no irq domain found for /ocp/l4@48000000/scm@2000/pinmux@30 !
[    0.199005] omap-gpmc 6e000000.gpmc: GPMC revision 5.0
[    0.199035] gpmc_mem_init: disabling cs 0 mapped at 0x0-0x1000000
[    0.201141] platform 48058000.ssi-controller: Cannot lookup hwmod 'ssi'
[    0.206604] No ATAGs?
[    0.206634] hw-breakpoint: debug architecture 0x4 unsupported.
[    0.209136] omap4_sram_init:Unable to allocate sram needed to handle errata I688
[    0.209167] omap4_sram_init:Unable to get sram pool needed to handle errata I688
[    0.209472] OMAP DMA hardware revision 5.0
[    0.214599] Serial: AMBA PL011 UART driver
[    0.239715] omap-dma-engine 48056000.dma-controller: OMAP DMA engine driver
[    0.242431] reg-fixed-voltage wl12xx_vmmc: could not find pctldev for node /ocp/l4@48000000/scm@2000/pinmux@30/pinmux_wl12xx_gpio, deferring probe
[    0.247589] vgaarb: loaded
[    0.248870] SCSI subsystem initialized
[    0.249694] usbcore: registered new interface driver usbfs
[    0.249786] usbcore: registered new interface driver hub
[    0.249877] usbcore: registered new device driver usb
[    0.252197] omap_i2c 48070000.i2c: bus 0 rev4.4 at 2600 kHz
[    0.253021] omap_i2c 48072000.i2c: bus 1 rev4.4 at 400 kHz
[    0.253936] omap_i2c 48060000.i2c: bus 2 rev4.4 at 400 kHz
[    0.255462] pps_core: LinuxPPS API ver. 1 registered
[    0.255462] pps_core: Software ver. 5.3.6 - Copyright 2005-2007 Rodolfo Giometti <giometti@linux.it>
[    0.255523] PTP clock support registered
[    0.255859] EDAC MC: Ver: 3.0.0
[    0.259979] clocksource: Switched to clocksource 32k_counter
[    0.276702] NET: Registered protocol family 2
[    0.277526] TCP established hash table entries: 2048 (order: 1, 8192 bytes)
[    0.277587] TCP bind hash table entries: 2048 (order: 2, 16384 bytes)
[    0.277648] TCP: Hash tables configured (established 2048 bind 2048)
[    0.277709] UDP hash table entries: 256 (order: 1, 8192 bytes)
[    0.277770] UDP-Lite hash table entries: 256 (order: 1, 8192 bytes)
[    0.277984] NET: Registered protocol family 1
[    0.278442] RPC: Registered named UNIX socket transport module.
[    0.278472] RPC: Registered udp transport module.
[    0.278472] RPC: Registered tcp transport module.
[    0.278503] RPC: Registered tcp NFSv4.1 backchannel transport module.
[    0.281799] hw perfevents: enabled with armv7_cortex_a8 PMU driver, 5 counters available
[    0.285644] futex hash table entries: 256 (order: 2, 16384 bytes)
[    0.304077] squashfs: version 4.0 (2009/01/31) Phillip Lougher
[    0.305603] NFS: Registering the id_resolver key type
[    0.305664] Key type id_resolver registered
[    0.305694] Key type id_legacy registered
[    0.305786] ntfs: driver 2.1.32 [Flags: R/O].
[    0.308258] Block layer SCSI generic (bsg) driver version 0.4 loaded (major 249)
[    0.308288] io scheduler noop registered
[    0.308319] io scheduler deadline registered
[    0.308380] io scheduler cfq registered (default)
[    0.315093] pinctrl-single 48002030.pinmux: 284 pins at pa fa002030 size 568
[    0.315521] pinctrl-single 48002a00.pinmux: 46 pins at pa fa002a00 size 92
[    0.316131] pinctrl-single 480025a0.pinmux: 46 pins at pa fa0025a0 size 92
[    0.423828] Serial: 8250/16550 driver, 4 ports, IRQ sharing disabled
[    0.427703] SuperH (H)SCI(F) driver initialized
[    0.429138] msm_serial: driver initialized
[    0.430480] 4806a000.serial: ttyO0 at MMIO 0x4806a000 (irq = 88, base_baud = 3000000) is a OMAP UART0
[    1.177856] console [ttyO0] enabled
[    1.182434] 4806c000.serial: ttyO1 at MMIO 0x4806c000 (irq = 89, base_baud = 3000000) is a OMAP UART1
[    1.192993] 49020000.serial: ttyO2 at MMIO 0x49020000 (irq = 90, base_baud = 3000000) is a OMAP UART2
[    1.203430] omap_uart 49042000.serial: no wakeirq for uart3
[    1.209503] 49042000.serial: ttyO3 at MMIO 0x49042000 (irq = 96, base_baud = 3000000) is a OMAP UART3
[    1.219757] STMicroelectronics ASC driver initialized
[    1.227813] [drm] Initialized drm 1.1.0 20060810
[    1.246582] loop: module loaded
[    1.279693] twl 0-0048: PIH (irq 23) chaining IRQs 341..349
[    1.285675] twl 0-0048: power (irq 346) chaining IRQs 349..356
[    1.338043] twl4030_gpio twl4030-gpio: gpio (irq 341) chaining IRQs 357..374
[    1.459564] CAN device driver interface
[    1.466278] igb: Intel(R) Gigabit Ethernet Network Driver - version 5.3.0-k
[    1.473632] igb: Copyright (c) 2007-2014 Intel Corporation.
[    1.484405] libphy: smsc911x-mdio: probed
[    1.488983] smsc911x 2c000000.ethernet eth0: attached PHY driver [SMSC LAN8700] (mii_bus:phy_addr=2c000000.etherne:01, irq=-1)
[    1.501159] smsc911x 2c000000.ethernet eth0: MAC Address: 00:50:c2:7e:93:ba
[    1.512451] pegasus: v0.9.3 (2013/04/25), Pegasus/Pegasus II USB Ethernet driver
[    1.520416] usbcore: registered new interface driver pegasus
[    1.526519] usbcore: registered new interface driver asix
[    1.532287] usbcore: registered new interface driver ax88179_178a
[    1.538787] usbcore: registered new interface driver cdc_ether
[    1.545043] usbcore: registered new interface driver smsc75xx
[    1.551208] usbcore: registered new interface driver smsc95xx
[    1.557342] usbcore: registered new interface driver net1080
[    1.563385] usbcore: registered new interface driver cdc_subset
[    1.569702] usbcore: registered new interface driver zaurus
[    1.575714] usbcore: registered new interface driver cdc_ncm
[    1.585754] ehci_hcd: USB 2.0 'Enhanced' Host Controller (EHCI) Driver
[    1.592651] ehci-pci: EHCI PCI platform driver
[    1.597442] ehci-platform: EHCI generic platform driver
[    1.603393] ehci-omap: OMAP-EHCI Host Controller driver
[    1.609436] ehci-omap 48064800.ehci: EHCI Host Controller
[    1.615203] ehci-omap 48064800.ehci: new USB bus registered, assigned bus number 1
[    1.623626] ehci-omap 48064800.ehci: irq 93, io mem 0x48064800
[    1.635162] ehci-omap 48064800.ehci: USB 2.0 started, EHCI 1.00
[    1.642730] hub 1-0:1.0: USB hub found
[    1.646820] hub 1-0:1.0: 3 ports detected
[    1.652038] ehci-orion: EHCI orion driver
[    1.656829] SPEAr-ehci: EHCI SPEAr driver
[    1.661437] ehci-st: EHCI STMicroelectronics driver
[    1.666900] ehci-exynos: EHCI EXYNOS driver
[    1.671661] ehci-atmel: EHCI Atmel driver
[    1.676208] tegra-ehci: Tegra EHCI driver
[    1.680786] ohci_hcd: USB 1.1 'Open' Host Controller (OHCI) Driver
[    1.687347] ohci-pci: OHCI PCI platform driver
[    1.692138] ohci-platform: OHCI generic platform driver
[    1.698028] ohci-omap3: OHCI OMAP3 driver
[    1.702697] ohci-omap3 48064400.ohci: OHCI Host Controller
[    1.708557] ohci-omap3 48064400.ohci: new USB bus registered, assigned bus number 2
[    1.716827] ohci-omap3 48064400.ohci: irq 92, io mem 0x48064400
[    1.796386] hub 2-0:1.0: USB hub found
[    1.800476] hub 2-0:1.0: 3 ports detected
[    1.805664] SPEAr-ohci: OHCI SPEAr driver
[    1.810424] ohci-st: OHCI STMicroelectronics driver
[    1.815948] ohci-atmel: OHCI Atmel driver
[    1.820709] usbcore: registered new interface driver usb-storage
[    1.829925] mousedev: PS/2 mouse device common for all mice
[    1.843566] twl_rtc 48070000.i2c:twl@48:rtc: Enabling TWL-RTC
[    1.853912] twl_rtc 48070000.i2c:twl@48:rtc: rtc core: registered 48070000.i2c:twl@48 as rtc0
[    1.864532] i2c /dev entries driver
[    1.884735] sdhci: Secure Digital Host Controller Interface driver
[    1.891296] sdhci: Copyright(c) Pierre Ossman
[    1.901855] Synopsys Designware Multimedia Card Interface Driver
[    1.910614] sdhci-pltfm: SDHCI platform and OF driver helper
[    1.921752] ledtrig-cpu: registered to indicate activity on CPUs
[    1.928985] usbcore: registered new interface driver usbhid
[    1.934906] usbhid: USB HID core driver
[    1.947540] NET: Registered protocol family 10
[    1.953826] sit: IPv6 over IPv4 tunneling driver
[    1.959747] NET: Registered protocol family 17
[    1.964508] can: controller area network core (rev 20120528 abi 9)
[    1.971130] NET: Registered protocol family 29
[    1.975830] can: raw protocol (rev 20120528)
[    1.980316] can: broadcast manager protocol (rev 20120528 t)
[    1.986297] can: netlink gateway (rev 20130117) max_hops=1
[    1.992889] Key type dns_resolver registered
[    1.997802] omap2_set_init_voltage: unable to find boot up OPP for vdd_mpu_iva
[    2.005432] omap2_set_init_voltage: unable to set vdd_mpu_iva
[    2.011505] omap2_set_init_voltage: unable to find boot up OPP for vdd_core
[    2.018829] omap2_set_init_voltage: unable to set vdd_core
[    2.028015] ThumbEE CPU extension supported.
[    2.032592] Registering SWP/SWPB emulation handler
[    2.044738] vwl1271: supplied by VMMC2
[    2.160003] twl_rtc 48070000.i2c:twl@48:rtc: setting system clock to 2014-08-31 06:38:34 UTC (1409467114)
[    2.189300] omap_hsmmc 480b4000.mmc: card claims to support voltages below defined range
[    2.197875] smsc911x 2c000000.ethernet eth0: SMSC911x/921x identified at 0xd0808000, IRQ: 288
[    2.206970] IPv6: ADDRCONF(NETDEV_UP): eth0: link is not ready
[    2.226409] mmc0: queuing unknown CIS tuple 0x91 (3 bytes)
[    2.235900] mmc0: new SDIO card at address 0001
[    4.500640] IPv6: ADDRCONF(NETDEV_CHANGE): eth0: link becomes ready
[    4.515441] Sending DHCP requests ., OK
[    4.565795] IP-Config: Got DHCP answer from 192.168.0.1, my address is 192.168.0.59
[    4.574310] IP-Config: Complete:
[    4.577819]      device=eth0, hwaddr=00:50:c2:7e:93:ba, ipaddr=192.168.0.59, mask=255.255.255.0, gw=192.168.0.1
[    4.588531]      host=192.168.0.59, domain=tim.com, nis-domain=(none)
[    4.595397]      bootserver=192.168.0.1, rootserver=192.168.0.1, rootpath=
[    4.602508]      nameserver0=192.0.2.2, nameserver1=192.0.2.3
[    4.609008] platform 4809c000.mmc: omap_device_late_idle: enabled but no driver.  Idling
[    4.617828] lcd_3v3: disabling
[    4.622436] VMMC1: disabling
[    4.626617] VUSB3V1: disabling
[    4.630432] vwl1271: disabling
[    4.636138] Waiting for root device /dev/mmcblk0p2...
[  111.215454] random: nonblocking pool is initialized
- 10:07:47 [INFO] Boot attempt 1/1 failed
URL:gtsystest.telogy.design.ti.com/vatf/tigtfarm06/tigtfarm06_vatf@am37x-evm/tigtfarm0609_10_2015_10_04_48/files/session_iteration_1/test_1
