- 06:29:20 [INFO] Starting target session
- 06:29:20 [INFO] Connected to am37x-evm via serial 
- 06:29:20 [INFO] Host: #check prompt
- 06:29:23 [ERROR] On command: #check prompt waiting for #check prompt.+?(?-mix:((?-mix:login:)|[Pp]assword)) >>> error: execution expired
- 06:29:23 [INFO] Target: 
#check prompt
OMAP3_EVM # 
- 06:29:23 [INFO] Host: #check prompt
- 06:29:25 [ERROR] On command: #check prompt waiting for #check prompt.+?(?-mix:root@.+[@:#]+) >>> error: execution expired
- 06:29:25 [INFO] Target: 
#check prompt
OMAP3_EVM # 
- 06:29:25 [INFO] Host: #check prompt
- 06:29:27 [ERROR] On command: #check prompt waiting for #check prompt.+?(?-mix:root@.+[@:#]+) >>> error: execution expired
- 06:29:27 [INFO] Target: 
#check prompt
OMAP3_EVM # 
- 06:29:27 [INFO] Host: #check prompt
- 06:29:29 [ERROR] On command: #check prompt waiting for #check prompt.+?(?-mix:root@.+[@:#]+) >>> error: execution expired
- 06:29:29 [INFO] Target: 
#check prompt
OMAP3_EVM # 
- 06:29:29 [INFO] Disconnected serial from am37x-evm
- 06:29:31 [INFO] Connected to am37x-evm via serial 
- 06:29:31 [INFO] Host: 
- 06:29:33 [INFO] Target: 
U-Boot SPL 2015.07-00043-gaada495 (Nov 09 2015 - 12:23:36)
reading u-boot.img
reading u-boot.img
U-Boot 2015.07-00043-gaada495 (Nov 09 2015 - 12:23:36 -0500)
OMAP3630/3730-GP ES1.2, CPU-OPP2, L3-200MHz, Max CPU Clock 1 Ghz
OMAP3 EVM board + LPDDR/NAND
I2C:   ready
DRAM:  256 MiB
NAND:  512 MiB
MMC:   OMAP SD/MMC: 0
Error: Bad compare! failed
NAND read from offset 260000 failed -74
*** Warning - readenv() failed, using default environment
In:    serial
Out:   serial
Err:   serial
Read back SMSC id 0x92200000
Die ID #16d400029ff80000015f02690c019016
Net:   smc911x-0
Warning: Your board does not use generic board. Please read
doc/README.generic-board and take action. Boards not
upgraded by the late 2014 may break or be removed.
Hit any key to stop autoboot:  3  0 
OMAP3_EVM # 
OMAP3_EVM # 
OMAP3_EVM # 
OMAP3_EVM # 
OMAP3_EVM # 
OMAP3_EVM # 
OMAP3_EVM # 
- 06:29:33 [INFO] Host: 
- 06:29:33 [INFO] Target: 
OMAP3_EVM # 
- 06:29:33 [INFO] Host: version
- 06:29:33 [INFO] Target: 
OMAP3_EVM # version
U-Boot 2015.07-00043-gaada495 (Nov 09 2015 - 12:23:36 -0500)
arm-linux-gnueabihf-gcc (crosstool-NG linaro-1.13.1-4.7-2013.03-20130313 - Linaro GCC 2013.03) 4.7.3 20130226 (prerelease)
GNU ld (crosstool-NG linaro-1.13.1-4.7-2013.03-20130313 - Linaro GCC 2013.03) 2.23.1
OMAP3_EVM # 
- 06:29:33 [INFO] Host: setenv bootargs 'console=ttyO0,115200n8 earlyprintk  '
- 06:29:33 [INFO] Target: 
setenv bootargs 'console=ttyO0,115200n8 earlyprintk  '
OMAP3_EVM # 
- 06:29:33 [INFO] Host: setenv bootcmd  ''
- 06:29:33 [INFO] Target: 
setenv bootcmd  ''
OMAP3_EVM # 
- 06:29:33 [INFO] Host: setenv autoload 'no'
- 06:29:33 [INFO] Target: 
setenv autoload 'no'
OMAP3_EVM # 
- 06:29:33 [INFO] Host: setenv serverip '192.168.0.1'
- 06:29:33 [INFO] Target: 
setenv serverip '192.168.0.1'
OMAP3_EVM # 
- 06:29:33 [INFO] Host: printenv
- 06:29:33 [INFO] Target: 
printenv
autoload=no
baudrate=115200
bootargs=console=ttyO0,115200n8 earlyprintk  
bootcmd=
bootdelay=3
bootfile=uImage
bootscript=echo Running bootscript from mmc ...; source ${loadaddr}
console=ttyO0,115200n8
dieid#=16d400029ff80000015f02690c019016
ethact=smc911x-0
ethaddr=00:50:c2:7e:93:ba
loadaddr=0x82000000
loadbootscript=fatload mmc ${mmcdev} ${loadaddr} boot.scr
loaduimage=fatload mmc ${mmcdev} ${loadaddr} uImage
mmcargs=setenv bootargs console=${console} root=/dev/mmcblk0p2 rw rootfstype=ext3 rootwait
mmcboot=echo Booting from mmc ...; run mmcargs; bootm ${loadaddr}
mmcdev=0
nandargs=setenv bootargs console=${console} root=/dev/mtdblock4 rw rootfstype=jffs2
nandboot=echo Booting from nand ...; run nandargs; onenand read ${loadaddr} 280000 400000; bootm ${loadaddr}
serverip=192.168.0.1
stderr=serial
stdin=serial
stdout=serial
usbtty=cdc_acm
Environment size: 900/131068 bytes
OMAP3_EVM # 
- 06:29:33 [INFO] Host: printenv
- 06:29:34 [INFO] Target: 
printenv
autoload=no
baudrate=115200
bootargs=console=ttyO0,115200n8 earlyprintk  
bootcmd=
bootdelay=3
bootfile=uImage
bootscript=echo Running bootscript from mmc ...; source ${loadaddr}
console=ttyO0,115200n8
dieid#=16d400029ff80000015f02690c019016
ethact=smc911x-0
ethaddr=00:50:c2:7e:93:ba
loadaddr=0x82000000
loadbootscript=fatload mmc ${mmcdev} ${loadaddr} boot.scr
loaduimage=fatload mmc ${mmcdev} ${loadaddr} uImage
mmcargs=setenv bootargs console=${console} root=/dev/mmcblk0p2 rw rootfstype=ext3 rootwait
mmcboot=echo Booting from mmc ...; run mmcargs; bootm ${loadaddr}
mmcdev=0
nandargs=setenv bootargs console=${console} root=/dev/mtdblock4 rw rootfstype=jffs2
nandboot=echo Booting from nand ...; run nandargs; onenand read ${loadaddr} 280000 400000; bootm ${loadaddr}
serverip=192.168.0.1
stderr=serial
stdin=serial
stdout=serial
usbtty=cdc_acm
Environment size: 900/131068 bytes
OMAP3_EVM # 
- 06:29:34 [INFO] Host: setenv bootargs ''${bootargs}' ip=:::::eth0:dhcp '
- 06:29:34 [INFO] Target: 
setenv bootargs ''${bootargs}' ip=:::::eth0:dhcp '
OMAP3_EVM # 
- 06:29:34 [INFO] Host: setenv serverip '192.168.0.1'
- 06:29:34 [INFO] Target: 
setenv serverip '192.168.0.1'
OMAP3_EVM # 
- 06:29:34 [INFO] Host: setenv autoload 'no'
- 06:29:34 [INFO] Target: 
setenv autoload 'no'
OMAP3_EVM # 
- 06:29:34 [INFO] Host: dhcp
- 06:29:37 [INFO] Target: 
dhcp
smc911x: MAC 00:50:c2:7e:93:ba
smc911x: detected LAN9220 controller
smc911x: phy initialized
smc911x: MAC 00:50:c2:7e:93:ba
BOOTP broadcast 1
BOOTP broadcast 2
BOOTP broadcast 3
DHCP client bound to address 192.168.0.156 (1093 ms)
smc911x: MAC 00:50:c2:7e:93:ba
OMAP3_EVM # 
- 06:29:37 [INFO] Host: tftp ${loadaddr} 192.168.0.1:vatf_am37x-evm/ca0672ee989341231c33fa800bdc0c3b
- 06:29:40 [INFO] Target: 
tftp ${loadaddr} 192.168.0.1:vatf_am37x-evm/ca0672ee989341231c33fa800bdc0c3b
smc911x: MAC 00:50:c2:7e:93:ba
smc911x: detected LAN9220 controller
smc911x: phy initialized
smc911x: MAC 00:50:c2:7e:93:ba
Using smc911x-0 device
TFTP from server 192.168.0.1; our IP address is 192.168.0.156
Filename 'vatf_am37x-evm/ca0672ee989341231c33fa800bdc0c3b'.
Load address: 0x82000000
Loading: *#################################################################
	 #################################################################
	 #################################################################
	 #################################################################
	 #################################################################
	 #################################################################
	 ##########################################################
	 3.3 MiB/s
done
Bytes transferred = 6571619 (644663 hex)
smc911x: MAC 00:50:c2:7e:93:ba
OMAP3_EVM # 
- 06:29:40 [INFO] Host: ls mmc 0:1
- 06:29:40 [INFO] Target: 
ls mmc 0:1
ls - list files in a directory (default /)
Usage:
ls [ directory ]
OMAP3_EVM # 
- 06:29:40 [INFO] Host: ls mmc 0:2
- 06:29:40 [INFO] Target: 
ls mmc 0:2
ls - list files in a directory (default /)
Usage:
ls [ directory ]
OMAP3_EVM # 
- 06:29:40 [INFO] Host: ls mmc 0:3
- 06:29:41 [INFO] Target: 
ls mmc 0:3
ls - list files in a directory (default /)
Usage:
ls [ directory ]
OMAP3_EVM # 
- 06:29:41 [INFO] Host: ls mmc 0:4
- 06:29:41 [INFO] Target: 
ls mmc 0:4
ls - list files in a directory (default /)
Usage:
ls [ directory ]
OMAP3_EVM # 
- 06:29:41 [INFO] Host: ls mmc 0:5
- 06:29:41 [INFO] Target: 
ls mmc 0:5
ls - list files in a directory (default /)
Usage:
ls [ directory ]
OMAP3_EVM # 
- 06:29:41 [INFO] Host: part uuid mmc 0:
- 06:29:41 [INFO] Target: 
part uuid mmc 0:
Unknown command 'part' - try 'help'
OMAP3_EVM # 
- 06:29:41 [INFO] Host: printenv
- 06:29:41 [INFO] Target: 
printenv
autoload=no
baudrate=115200
bootargs=console=ttyO0,115200n8 earlyprintk   ip=:::::eth0:dhcp 
bootcmd=
bootdelay=3
bootfile=uImage
bootscript=echo Running bootscript from mmc ...; source ${loadaddr}
console=ttyO0,115200n8
dieid#=16d400029ff80000015f02690c019016
ethact=smc911x-0
ethaddr=00:50:c2:7e:93:ba
fileaddr=82000000
filesize=644663
gatewayip=192.168.0.1
ipaddr=192.168.0.156
loadaddr=0x82000000
loadbootscript=fatload mmc ${mmcdev} ${loadaddr} boot.scr
loaduimage=fatload mmc ${mmcdev} ${loadaddr} uImage
mmcargs=setenv bootargs console=${console} root=/dev/mmcblk0p2 rw rootfstype=ext3 rootwait
mmcboot=echo Booting from mmc ...; run mmcargs; bootm ${loadaddr}
mmcdev=0
nandargs=setenv bootargs console=${console} root=/dev/mtdblock4 rw rootfstype=jffs2
nandboot=echo Booting from nand ...; run nandargs; onenand read ${loadaddr} 280000 400000; bootm ${loadaddr}
netmask=255.255.255.0
serverip=192.168.0.1
stderr=serial
stdin=serial
stdout=serial
usbtty=cdc_acm
Environment size: 1028/131068 bytes
OMAP3_EVM # 
- 06:29:41 [INFO] Host: setenv bootargs ''${bootargs}' root=/dev/mmcblk0p2 rw rootfstype=ext3 rootwait '
- 06:29:41 [INFO] Target: 
setenv bootargs ''${bootargs}' root=/dev/mmcblk0p2 rw rootfstype=ext3 rootwait '
OMAP3_EVM # 
- 06:29:41 [INFO] Host: printenv
- 06:29:41 [INFO] Target: 
printenv
autoload=no
baudrate=115200
bootargs=console=ttyO0,115200n8 earlyprintk   ip=:::::eth0:dhcp  root=/dev/mmcblk0p2 rw rootfstype=ext3 rootwait 
bootcmd=
bootdelay=3
bootfile=uImage
bootscript=echo Running bootscript from mmc ...; source ${loadaddr}
console=ttyO0,115200n8
dieid#=16d400029ff80000015f02690c019016
ethact=smc911x-0
ethaddr=00:50:c2:7e:93:ba
fileaddr=82000000
filesize=644663
gatewayip=192.168.0.1
ipaddr=192.168.0.156
loadaddr=0x82000000
loadbootscript=fatload mmc ${mmcdev} ${loadaddr} boot.scr
loaduimage=fatload mmc ${mmcdev} ${loadaddr} uImage
mmcargs=setenv bootargs console=${console} root=/dev/mmcblk0p2 rw rootfstype=ext3 rootwait
mmcboot=echo Booting from mmc ...; run mmcargs; bootm ${loadaddr}
mmcdev=0
nandargs=setenv bootargs console=${console} root=/dev/mtdblock4 rw rootfstype=jffs2
nandboot=echo Booting from nand ...; run nandargs; onenand read ${loadaddr} 280000 400000; bootm ${loadaddr}
netmask=255.255.255.0
serverip=192.168.0.1
stderr=serial
stdin=serial
stdout=serial
usbtty=cdc_acm
Environment size: 1077/131068 bytes
OMAP3_EVM # 
- 06:29:41 [INFO] Host: setenv bootcmd ''${bootcmd}' if iminfo ${loadaddr}; then bootm ${loadaddr}  ; else bootz ${loadaddr}  ; bootm ${loadaddr}  ; fi'
- 06:29:41 [INFO] Target: 
setenv bootcmd ''${bootcmd}' if iminfo ${loadaddr}; then bootm ${loadaddr}  ; else bootz ${loadaddr}  ; bootm ${loadaddr}  ; fi'
OMAP3_EVM # 
- 06:29:41 [INFO] Host: version
- 06:29:41 [INFO] Target: 
version
U-Boot 2015.07-00043-gaada495 (Nov 09 2015 - 12:23:36 -0500)
arm-linux-gnueabihf-gcc (crosstool-NG linaro-1.13.1-4.7-2013.03-20130313 - Linaro GCC 2013.03) 4.7.3 20130226 (prerelease)
GNU ld (crosstool-NG linaro-1.13.1-4.7-2013.03-20130313 - Linaro GCC 2013.03) 2.23.1
OMAP3_EVM # 
- 06:29:41 [INFO] Host: bdinfo
- 06:29:41 [INFO] Target: 
bdinfo
arch_number = 0x000005FF
boot_params = 0x80000100
DRAM bank   = 0x00000000
-> start    = 0x80000000
-> size     = 0x10000000
DRAM bank   = 0x00000001
-> start    = 0x90000000
-> size     = 0x00000000
eth0name    = smc911x-0
ethaddr     = 00:50:c2:7e:93:ba
current eth = smc911x-0
ip_addr     = 192.168.0.156
baudrate    = 115200 bps
TLB addr    = 0x8FFF0000
relocaddr   = 0x8FF61000
reloc off   = 0x0FE61000
irq_sp      = 0x8FF00F24
sp start    = 0x8FF00F18
OMAP3_EVM # 
- 06:29:41 [INFO] Host: mmc rescan; echo $?
- 06:29:42 [INFO] Target: 
mmc rescan; echo $?
OMAP3_EVM # 
- 06:29:42 [INFO] Host: fatwrite mmc ${mmcdev}:1 ${loadaddr} ws-calibrate.rules 4
- 06:29:42 [INFO] Target: 
fatwrite mmc ${mmcdev}:1 ${loadaddr} ws-calibrate.rules 4
Unknown command 'fatwrite' - try 'help'
OMAP3_EVM # 
- 06:29:42 [INFO] Host: boot
- 06:30:12 [INFO] Target: 
boot
Unknown command 'iminfo' - try 'help'
Unknown command 'bootz' - try 'help'
## Booting kernel from Legacy Image at 82000000 ...
   Image Name:   Linux-4.4.0-rc2-next-20151126-00
   Image Type:   ARM Linux Kernel Image (uncompressed)
   Data Size:    6571555 Bytes = 6.3 MiB
   Load Address: 80800000
   Entry Point:  80800000
   Verifying Checksum ... OK
   Loading Kernel Image ... OK
Starting kernel ...
[    0.000000] Booting Linux on physical CPU 0x0
[    0.000000] Linux version 4.4.0-rc2-next-20151126-00002-g501f5b04c560 (nmenon@kahuna) (gcc version 4.6.3 (Ubuntu/Linaro 4.6.3-1ubuntu5) ) #1 SMP Thu Nov 26 05:42:12 CST 2015
[    0.000000] CPU: ARMv7 Processor [413fc082] revision 2 (ARMv7), cr=10c5387d
[    0.000000] CPU: PIPT / VIPT nonaliasing data cache, VIPT aliasing instruction cache
[    0.000000] Machine model: TI OMAP37XX EVM (TMDSEVM3730)
[    0.000000] cma: Reserved 64 MiB at 0x8b800000
[    0.000000] Memory policy: Data cache writeback
[    0.000000] CPU: All CPU(s) started in SVC mode.
[    0.000000] OMAP3630 ES1.2 (l2cache iva sgx neon isp 192mhz_clk )
[    0.000000] PERCPU: Embedded 12 pages/cpu @cfb88000 s19136 r8192 d21824 u49152
[    0.000000] Built 1 zonelists in Zone order, mobility grouping on.  Total pages: 64512
[    0.000000] Kernel command line: console=ttyO0,115200n8 earlyprintk   ip=:::::eth0:dhcp  root=/dev/mmcblk0p2 rw rootfstype=ext3 rootwait 
[    0.000000] PID hash table entries: 1024 (order: 0, 4096 bytes)
[    0.000000] Dentry cache hash table entries: 32768 (order: 5, 131072 bytes)
[    0.000000] Inode-cache hash table entries: 16384 (order: 4, 65536 bytes)
[    0.000000] Memory: 177304K/260096K available (8289K kernel code, 1062K rwdata, 3728K rodata, 1016K init, 340K bss, 17256K reserved, 65536K cma-reserved, 0K highmem)
[    0.000000] Virtual kernel memory layout:
[    0.000000]     vector  : 0xffff0000 - 0xffff1000   (   4 kB)
[    0.000000]     fixmap  : 0xffc00000 - 0xfff00000   (3072 kB)
[    0.000000]     vmalloc : 0xd0800000 - 0xff800000   ( 752 MB)
[    0.000000]     lowmem  : 0xc0000000 - 0xd0000000   ( 256 MB)
[    0.000000]     pkmap   : 0xbfe00000 - 0xc0000000   (   2 MB)
[    0.000000]     modules : 0xbf000000 - 0xbfe00000   (  14 MB)
[    0.000000]       .text : 0xc0208000 - 0xc0dc5524   (12022 kB)
[    0.000000]       .init : 0xc0dc6000 - 0xc0ec4000   (1016 kB)
[    0.000000]       .data : 0xc0ec4000 - 0xc0fcd920   (1063 kB)
[    0.000000]        .bss : 0xc0fd0000 - 0xc1025060   ( 341 kB)
[    0.000000] SLUB: HWalign=64, Order=0-3, MinObjects=0, CPUs=1, Nodes=1
[    0.000000] Hierarchical RCU implementation.
[    0.000000] 	Build-time adjustment of leaf fanout to 32.
[    0.000000] 	RCU restricting CPUs from NR_CPUS=16 to nr_cpu_ids=1.
[    0.000000] RCU: Adjusting geometry for rcu_fanout_leaf=32, nr_cpu_ids=1
[    0.000000] NR_IRQS:16 nr_irqs:16 16
[    0.000000] IRQ: Found an INTC at 0xfa200000 (revision 4.0) with 96 interrupts
[    0.000000] Clocking rate (Crystal/Core/MPU): 26.0/400/600 MHz
[    0.000000] OMAP clockevent source: timer1 at 32768 Hz
[    0.000000] clocksource: 32k_counter: mask: 0xffffffff max_cycles: 0xffffffff, max_idle_ns: 58327039986419 ns
[    0.000000] sched_clock: 32 bits at 32kHz, resolution 30517ns, wraps every 65535999984741ns
[    0.000000] OMAP clocksource: 32k_counter at 32768 Hz
[    0.003204] Console: colour dummy device 80x30
[    0.003265] Calibrating delay loop... 594.73 BogoMIPS (lpj=1486848)
[    0.035003] pid_max: default: 32768 minimum: 301
[    0.035156] Mount-cache hash table entries: 1024 (order: 0, 4096 bytes)
[    0.035186] Mountpoint-cache hash table entries: 1024 (order: 0, 4096 bytes)
[    0.036010] CPU: Testing write buffer coherency: ok
[    0.036376] CPU0: thread -1, cpu 0, socket -1, mpidr 0
[    0.036499] Setting up static identity map for 0x80209000 - 0x80209098
[    0.044647] Brought up 1 CPUs
[    0.044677] SMP: Total of 1 processors activated (594.73 BogoMIPS).
[    0.044677] CPU: All CPU(s) started in SVC mode.
[    0.046722] devtmpfs: initialized
[    0.078887] VFP support v0.3: implementor 41 architecture 3 part 30 variant c rev 3
[    0.100769] omap_hwmod: mcbsp2_sidetone using broken dt data from mcbsp
[    0.101379] omap_hwmod: mcbsp3_sidetone using broken dt data from mcbsp
[    0.161224] clocksource: jiffies: mask: 0xffffffff max_cycles: 0xffffffff, max_idle_ns: 9556302231375000 ns
[    0.165954] pinctrl core: initialized pinctrl subsystem
[    0.169158] NET: Registered protocol family 16
[    0.172302] DMA: preallocated 256 KiB pool for atomic coherent allocations
[    0.175140] cpuidle: using governor ladder
[    0.175170] cpuidle: using governor menu
[    0.175842] Reprogramming SDRC clock to 400000000 Hz
[    0.184051] OMAP GPIO hardware version 2.5
[    0.190460] irq: no irq domain found for /ocp/l4@48000000/scm@2000/pinmux@30 !
[    0.191009] irq: no irq domain found for /ocp/l4@48000000/scm@2000/pinmux@30 !
[    0.191497] irq: no irq domain found for /ocp/l4@48000000/scm@2000/pinmux@30 !
[    0.195983] irq: no irq domain found for /ocp/l4@48000000/scm@2000/pinmux@30 !
[    0.205169] omap-gpmc 6e000000.gpmc: GPMC revision 5.0
[    0.205200] gpmc_mem_init: disabling cs 0 mapped at 0x0-0x1000000
[    0.207305] platform 48058000.ssi-controller: Cannot lookup hwmod 'ssi'
[    0.212799] No ATAGs?
[    0.212829] hw-breakpoint: debug architecture 0x4 unsupported.
[    0.214935] omap4_sram_init:Unable to allocate sram needed to handle errata I688
[    0.214965] omap4_sram_init:Unable to get sram pool needed to handle errata I688
[    0.215270] OMAP DMA hardware revision 5.0
[    0.221069] Serial: AMBA PL011 UART driver
[    0.246276] omap-dma-engine 48056000.dma-controller: OMAP DMA engine driver
[    0.249328] reg-fixed-voltage wl12xx_vmmc: could not find pctldev for node /ocp/l4@48000000/scm@2000/pinmux@30/pinmux_wl12xx_gpio, deferring probe
[    0.255523] vgaarb: loaded
[    0.257019] SCSI subsystem initialized
[    0.257812] usbcore: registered new interface driver usbfs
[    0.257904] usbcore: registered new interface driver hub
[    0.257995] usbcore: registered new device driver usb
[    0.260406] omap_i2c 48070000.i2c: bus 0 rev4.4 at 2600 kHz
[    0.261169] omap_i2c 48072000.i2c: bus 1 rev4.4 at 400 kHz
[    0.262054] omap_i2c 48060000.i2c: bus 2 rev4.4 at 400 kHz
[    0.263641] pps_core: LinuxPPS API ver. 1 registered
[    0.263671] pps_core: Software ver. 5.3.6 - Copyright 2005-2007 Rodolfo Giometti <giometti@linux.it>
[    0.263702] PTP clock support registered
[    0.264129] EDAC MC: Ver: 3.0.0
[    0.268157] clocksource: Switched to clocksource 32k_counter
[    0.284637] NET: Registered protocol family 2
[    0.285461] TCP established hash table entries: 2048 (order: 1, 8192 bytes)
[    0.285491] TCP bind hash table entries: 2048 (order: 2, 16384 bytes)
[    0.285552] TCP: Hash tables configured (established 2048 bind 2048)
[    0.285644] UDP hash table entries: 256 (order: 1, 8192 bytes)
[    0.285675] UDP-Lite hash table entries: 256 (order: 1, 8192 bytes)
[    0.285888] NET: Registered protocol family 1
[    0.286346] RPC: Registered named UNIX socket transport module.
[    0.286376] RPC: Registered udp transport module.
[    0.286376] RPC: Registered tcp transport module.
[    0.286376] RPC: Registered tcp NFSv4.1 backchannel transport module.
[    0.289733] hw perfevents: enabled with armv7_cortex_a8 PMU driver, 5 counters available
[    0.293579] futex hash table entries: 256 (order: 2, 16384 bytes)
[    0.311859] squashfs: version 4.0 (2009/01/31) Phillip Lougher
[    0.313446] NFS: Registering the id_resolver key type
[    0.313537] Key type id_resolver registered
[    0.313537] Key type id_legacy registered
[    0.313659] ntfs: driver 2.1.32 [Flags: R/O].
[    0.316101] Block layer SCSI generic (bsg) driver version 0.4 loaded (major 249)
[    0.316131] io scheduler noop registered
[    0.316162] io scheduler deadline registered
[    0.316192] io scheduler cfq registered (default)
[    0.323852] pinctrl-single 48002030.pinmux: 284 pins at pa fa002030 size 568
[    0.324218] pinctrl-single 48002a00.pinmux: 46 pins at pa fa002a00 size 92
[    0.324798] pinctrl-single 480025a0.pinmux: 46 pins at pa fa0025a0 size 92
[    0.431854] Serial: 8250/16550 driver, 4 ports, IRQ sharing disabled
[    0.435729] SuperH (H)SCI(F) driver initialized
[    0.437164] msm_serial: driver initialized
[    0.438476] 4806a000.serial: ttyO0 at MMIO 0x4806a000 (irq = 88, base_baud = 3000000) is a OMAP UART0
[    1.186340] console [ttyO0] enabled
[    1.190887] 4806c000.serial: ttyO1 at MMIO 0x4806c000 (irq = 89, base_baud = 3000000) is a OMAP UART1
[    1.201446] 49020000.serial: ttyO2 at MMIO 0x49020000 (irq = 90, base_baud = 3000000) is a OMAP UART2
[    1.211914] omap_uart 49042000.serial: no wakeirq for uart3
[    1.217956] 49042000.serial: ttyO3 at MMIO 0x49042000 (irq = 96, base_baud = 3000000) is a OMAP UART3
[    1.228210] STMicroelectronics ASC driver initialized
[    1.236297] [drm] Initialized drm 1.1.0 20060810
[    1.254943] loop: module loaded
[    1.287872] twl 0-0048: PIH (irq 23) chaining IRQs 341..349
[    1.293884] twl 0-0048: power (irq 346) chaining IRQs 349..356
[    1.346801] twl4030_gpio twl4030-gpio: gpio (irq 341) chaining IRQs 357..374
[    1.469451] libphy: Fixed MDIO Bus: probed
[    1.475067] CAN device driver interface
[    1.481964] igb: Intel(R) Gigabit Ethernet Network Driver - version 5.3.0-k
[    1.489318] igb: Copyright (c) 2007-2014 Intel Corporation.
[    1.515319] libphy: smsc911x-mdio: probed
[    1.519897] smsc911x 2c000000.ethernet eth0: attached PHY driver [SMSC LAN8700] (mii_bus:phy_addr=2c000000.etherne:01, irq=-1)
[    1.532073] smsc911x 2c000000.ethernet eth0: MAC Address: 00:50:c2:7e:93:ba
[    1.543762] pegasus: v0.9.3 (2013/04/25), Pegasus/Pegasus II USB Ethernet driver
[    1.551666] usbcore: registered new interface driver pegasus
[    1.557739] usbcore: registered new interface driver asix
[    1.563507] usbcore: registered new interface driver ax88179_178a
[    1.570007] usbcore: registered new interface driver cdc_ether
[    1.576232] usbcore: registered new interface driver smsc75xx
[    1.582397] usbcore: registered new interface driver smsc95xx
[    1.588531] usbcore: registered new interface driver net1080
[    1.594543] usbcore: registered new interface driver cdc_subset
[    1.600860] usbcore: registered new interface driver zaurus
[    1.606872] usbcore: registered new interface driver cdc_ncm
[    1.616210] ehci_hcd: USB 2.0 'Enhanced' Host Controller (EHCI) Driver
[    1.623138] ehci-pci: EHCI PCI platform driver
[    1.627929] ehci-platform: EHCI generic platform driver
[    1.633880] ehci-omap: OMAP-EHCI Host Controller driver
[    1.639953] ehci-omap 48064800.ehci: EHCI Host Controller
[    1.645721] ehci-omap 48064800.ehci: new USB bus registered, assigned bus number 1
[    1.654174] ehci-omap 48064800.ehci: irq 93, io mem 0x48064800
[    1.668334] ehci-omap 48064800.ehci: USB 2.0 started, EHCI 1.00
[    1.675872] hub 1-0:1.0: USB hub found
[    1.679931] hub 1-0:1.0: 3 ports detected
[    1.685211] ehci-orion: EHCI orion driver
[    1.689971] SPEAr-ehci: EHCI SPEAr driver
[    1.694580] ehci-st: EHCI STMicroelectronics driver
[    1.700073] ehci-exynos: EHCI EXYNOS driver
[    1.704833] ehci-atmel: EHCI Atmel driver
[    1.709350] tegra-ehci: Tegra EHCI driver
[    1.713928] ohci_hcd: USB 1.1 'Open' Host Controller (OHCI) Driver
[    1.720489] ohci-pci: OHCI PCI platform driver
[    1.725280] ohci-platform: OHCI generic platform driver
[    1.731170] ohci-omap3: OHCI OMAP3 driver
[    1.735839] ohci-omap3 48064400.ohci: OHCI Host Controller
[    1.741668] ohci-omap3 48064400.ohci: new USB bus registered, assigned bus number 2
[    1.749999] ohci-omap3 48064400.ohci: irq 92, io mem 0x48064400
[    1.829589] hub 2-0:1.0: USB hub found
[    1.833648] hub 2-0:1.0: 3 ports detected
[    1.838897] SPEAr-ohci: OHCI SPEAr driver
[    1.843658] ohci-st: OHCI STMicroelectronics driver
[    1.849182] ohci-atmel: OHCI Atmel driver
[    1.854553] usbcore: registered new interface driver usb-storage
[    1.864013] mousedev: PS/2 mouse device common for all mice
[    1.877197] twl_rtc 48070000.i2c:twl@48:rtc: Power up reset detected.
[    1.884307] twl_rtc 48070000.i2c:twl@48:rtc: Enabling TWL-RTC
[    1.894805] twl_rtc 48070000.i2c:twl@48:rtc: rtc core: registered 48070000.i2c:twl@48 as rtc0
[    1.905426] i2c /dev entries driver
[    1.926910] sdhci: Secure Digital Host Controller Interface driver
[    1.933441] sdhci: Copyright(c) Pierre Ossman
[    1.976318] Synopsys Designware Multimedia Card Interface Driver
[    1.985015] sdhci-pltfm: SDHCI platform and OF driver helper
[    1.996215] ledtrig-cpu: registered to indicate activity on CPUs
[    2.003448] usbcore: registered new interface driver usbhid
[    2.009338] usbhid: USB HID core driver
[    2.022277] NET: Registered protocol family 10
[    2.031677] sit: IPv6 over IPv4 tunneling driver
[    2.037597] NET: Registered protocol family 17
[    2.042358] can: controller area network core (rev 20120528 abi 9)
[    2.048980] NET: Registered protocol family 29
[    2.053680] can: raw protocol (rev 20120528)
[    2.058135] can: broadcast manager protocol (rev 20120528 t)
[    2.064117] can: netlink gateway (rev 20130117) max_hops=1
[    2.070739] Key type dns_resolver registered
[    2.075622] omap2_set_init_voltage: unable to find boot up OPP for vdd_mpu_iva
[    2.083251] omap2_set_init_voltage: unable to set vdd_mpu_iva
[    2.089294] omap2_set_init_voltage: unable to find boot up OPP for vdd_core
[    2.096618] omap2_set_init_voltage: unable to set vdd_core
[    2.106231] ThumbEE CPU extension supported.
[    2.110809] Registering SWP/SWPB emulation handler
[    2.120880] vwl1271: supplied by VMMC2
[    2.153839] mmc0: host does not support reading read-only switch, assuming write-enable
[    2.164398] mmc0: new high speed SDHC card at address b368
[    2.170806] mmcblk0: mmc0:b368 SDC   3.75 GiB 
[    2.177337]  mmcblk0: p1 p2 p3
[    2.237518] twl_rtc 48070000.i2c:twl@48:rtc: setting system clock to 2000-01-01 00:00:00 UTC (946684800)
[    2.264678] omap_hsmmc 480b4000.mmc: card claims to support voltages below defined range
[    2.273254] smsc911x 2c000000.ethernet eth0: SMSC911x/921x identified at 0xd0808000, IRQ: 288
[    2.282348] IPv6: ADDRCONF(NETDEV_UP): eth0: link is not ready
[    2.305541] mmc1: queuing unknown CIS tuple 0x91 (3 bytes)
[    2.314331] mmc1: new SDIO card at address 0001
[    4.538696] IPv6: ADDRCONF(NETDEV_CHANGE): eth0: link becomes ready
[    4.553863] Sending DHCP requests ., OK
[    4.624176] IP-Config: Got DHCP answer from 192.168.0.1, my address is 192.168.0.156
[    4.632781] IP-Config: Complete:
[    4.636291]      device=eth0, hwaddr=00:50:c2:7e:93:ba, ipaddr=192.168.0.156, mask=255.255.255.0, gw=192.168.0.1
[    4.647094]      host=192.168.0.156, domain=tim.com, nis-domain=(none)
[    4.654052]      bootserver=192.168.0.1, rootserver=192.168.0.1, rootpath=     nameserver0=192.0.2.2, nameserver1=192.0.2.3
[    4.666259] lcd_3v3: disabling
[    4.671539] VUSB3V1: disabling
[    4.675231] vwl1271: disabling
[    4.683532] EXT4-fs (mmcblk0p2): mounting ext3 file system using the ext4 subsystem
[    4.709320] EXT4-fs (mmcblk0p2): warning: maximal mount count reached, running e2fsck is recommended
[    5.074462] EXT4-fs (mmcblk0p2): mounted filesystem with ordered data mode. Opts: (null)
[    5.083190] VFS: Mounted root (ext3 filesystem) on device 179:2.
[    5.101348] devtmpfs: mounted
[    5.107910] Freeing unused kernel memory: 1016K (c0dc6000 - c0ec4000)
INIT: version 2.86 booting
Please wait: booting...
Error opening /dev/fb0: No such file or directory
Starting udev
WARNING: -e needs -E or -F
[    5.905273] udevd (101): /proc/101/oom_adj is deprecated, please use /proc/101/oom_score_adj instead.
[   11.651916] EXT4-fs (mmcblk0p3): mounting ext3 file system using the ext4 subsystem
[   11.714447] EXT4-fs (mmcblk0p3): warning: maximal mount count reached, running e2fsck is recommended
[   11.741241] FAT-fs (mmcblk0p1): Volume was not properly unmounted. Some data may be corrupt. Please run fsck.
[   11.783538] EXT4-fs (mmcblk0p3): mounted filesystem with ordered data mode. Opts: (null)
[   13.070190] alignment: ignoring faults is unsafe on this CPU.  Defaulting to fixup mode.
Remounting root file system...
[   13.139068] EXT4-fs (mmcblk0p2): re-mounted. Opts: (null)
Caching udev devnodes
logger: mount: mount point /proc/bus/usb does not exist
ALSA: Restoring mixer settings...
[   13.670684] random: nonblocking pool is initialized
Configuring network interfaces... /usr/sbin/alsactl: load_state:1625: No soundcards found...
[   14.883880] smsc911x 2c000000.ethernet eth0: SMSC911x/921x identified at 0xd0808000, IRQ: 288
[   14.893646] IPv6: ADDRCONF(NETDEV_UP): eth0: link is not ready
eth0      no wireless extensions.
udhcpc (v1.13.2) started
Sending discover...
[   16.534088] IPv6: ADDRCONF(NETDEV_CHANGE): eth0: link becomes ready
Sending discover...
Sending select for 192.168.0.58...
Lease of 192.168.0.58 obtained, lease time 600
adding dns 192.0.2.2
adding dns 192.0.2.3
done.
Setting up IP spoofing protection: rp_filter.
Fri May  1 11:52:00 UTC 2015
INIT: Entering runlevel: 5
Starting system message bus: dbus.
Starting Hardware abstraction layer hald
Starting Dropbear SSH server: dropbear.
Starting telnet daemon.
Starting network benchmark server: netserver.
Starting syslogd/klogd: done
Starting thttpd.
Starting Lighttpd Web Server: lighttpd.
2015-05-01 11:52:04: (log.c.166) server started 
Starting Matrix GUI application.
***************************************************************
***************************************************************
NOTICE: This file system contains the followin GPLv3 packages:
	binutils-dev
	binutils-symlinks
	binutils
	gdbserver
If you do not wish to distribute GPLv3 components please remove
the above packages prior to distribution.  This can be done using
the opkg remove command.  i.e.:
    opkg remove <package>
Where <package> is the name printed in the list
 _____                    _____           _         _   
|  _  |___ ___ ___ ___   |  _  |___ ___  |_|___ ___| |_ 
|     |  _| .'| . | . |  |   __|  _| . | | | -_|  _|  _|
|__|__|_| |__,|_  |___|  |__|  |_| |___|_| |___|___|_|  
              |___|                    |___|            
Arago Project http://arago-project.org am37x-evm ttyO0
Arago 2011.09 am37x-evm ttyO0
am37x-evm login: 
- 06:30:12 [INFO] Host: root
- 06:30:12 [INFO] Target: 
root
root@am37x-evm:~# 
- 06:30:12 [INFO] Host: uname -a
- 06:30:12 [INFO] Target: 
uname -a
Linux am37x-evm 4.4.0-rc2-next-20151126-00002-g501f5b04c560 #1 SMP Thu Nov 26 05:42:12 CST 2015 armv7l unknown
root@am37x-evm:~# 
- 06:30:12 [INFO] Host: cat /proc/cmdline
- 06:30:12 [INFO] Target: 
cat /proc/cmdline
console=ttyO0,115200n8 earlyprintk   ip=:::::eth0:dhcp  root=/dev/mmcblk0p2 rw rootfstype=ext3 rootwait 
root@am37x-evm:~# 
- 06:30:12 [INFO] Host: uname -a
- 06:30:12 [INFO] Target: 
uname -a
Linux am37x-evm 4.4.0-rc2-next-20151126-00002-g501f5b04c560 #1 SMP Thu Nov 26 05:42:12 CST 2015 armv7l unknown
root@am37x-evm:~# 
- 06:30:12 [INFO] Host: cat /proc/mtd
- 06:30:12 [INFO] Target: 
cat /proc/mtd
dev:    size   erasesize  name
root@am37x-evm:~# 
- 06:30:13 [INFO] Host: export IPERFHOST=192.168.0.1
- 06:30:13 [INFO] Target: 
export IPERFHOST=192.168.0.1
root@am37x-evm:~# 
- 06:30:13 [INFO] Host: export NFS_SERVER=192.168.0.1
- 06:30:13 [INFO] Target: 
export NFS_SERVER=192.168.0.1
root@am37x-evm:~# 
- 06:30:13 [INFO] Host: export NFS_ROOT_PATH=/home/tigtfarm06/NFS_exports/linux/am37x-evm
- 06:30:13 [INFO] Target: 
export NFS_ROOT_PATH=/home/tigtfarm06/NFS_exports/linux/am37x-
root@am37x-evm:~# 
- 06:30:13 [INFO] Host: export AP_SSID=
- 06:30:13 [INFO] Target: 
export AP_SSID=
root@am37x-evm:~# 
- 06:30:13 [INFO] Host: mkdir -p -m 777 /test
- 06:30:13 [INFO] Target: 
mkdir -p -m 777 /test
root@am37x-evm:~# 
- 06:30:13 [INFO] Host: cd /test
- 06:30:13 [INFO] Target: 
cd /test
root@am37x-evm:/test# 
- 06:30:13 [INFO] Host: cat > test.sh << EOF
- 06:30:13 [INFO] Target: 
cat > test.sh << EOF
- 06:30:13 [INFO] Host: failtest() {
- 06:30:14 [INFO] Target: 
failtest() {
- 06:30:14 [INFO] Host:   echo 1 >&3
- 06:30:14 [INFO] Target: 
  echo 1 >&3
- 06:30:14 [INFO] Host: }
- 06:30:14 [INFO] Target: 
- 06:30:14 [INFO] Host: timeout=600
- 06:30:14 [INFO] Target: 
timeout=600
- 06:30:14 [INFO] Host: 
- 06:30:14 [INFO] Target: 
- 06:30:14 [INFO] Host: # Start of user's script logic
- 06:30:14 [INFO] Target: 
# Start of user's script logic
- 06:30:14 [INFO] Host: mount -t proc proc /proc 2>/dev/null;
- 06:30:14 [INFO] Target: 
mount -t proc proc /proc 2>/dev/null;
- 06:30:14 [INFO] Host: 
- 06:30:14 [INFO] Target: 
- 06:30:14 [INFO] Host: mount -t sysfs sys /sys 2>/dev/null;
- 06:30:14 [INFO] Target: 
mount -t sysfs sys /sys 2>/dev/null;
- 06:30:14 [INFO] Host: 
- 06:30:16 [INFO] Target: 
- 06:30:16 [INFO] Host: mount -t debugfs none /sys/kernel/debug 2>/dev/null;
- 06:30:16 [INFO] Target: 
mount -t debugfs none /sys/kernel/debug 2>/dev/null;
- 06:30:16 [INFO] Host: 
- 06:30:16 [INFO] Target: 
- 06:30:16 [INFO] Host: echo 'cpuinfo:';cat /proc/cpuinfo; echo '=======';
- 06:30:16 [INFO] Target: 
echo 'cpuinfo:';cat /proc/cpuinfo; echo '=======';
- 06:30:16 [INFO] Host: 
- 06:30:16 [INFO] Target: 
- 06:30:16 [INFO] Host: echo 'soc info:';head /sys/devices/soc0/* 2>/dev/null; echo '=======';
- 06:30:16 [INFO] Target: 
echo 'soc info:';head /sys/devices/soc0/* 2>/dev/null; echo '=======';
- 06:30:16 [INFO] Host: 
- 06:30:16 [INFO] Target: 
- 06:30:16 [INFO] Host: echo 'DT Model info'; head /proc/device-tree/name /proc/device-tree/model /proc/device-tree/compatible 2>/dev/null;echo; echo '=======';
- 06:30:16 [INFO] Target: 
echo 'DT Model info'; head /proc/device-tree/name /proc/device-tree/model /pro
c/device-tree/compatible 2>/dev/null;echo; echo '=======';
- 06:30:16 [INFO] Host: 
- 06:30:16 [INFO] Target: 
- 06:30:16 [INFO] Host: echo 'interrupts:';cat /proc/interrupts; echo '=======';
- 06:30:17 [INFO] Target: 
echo 'interrupts:';cat /proc/interrupts; echo '=======';
- 06:30:17 [INFO] Host: 
- 06:30:17 [INFO] Target: 
- 06:30:17 [INFO] Host: echo 'Clk_summary:';cat /sys/kernel/debug/clk/clk_summary; echo '=======';
- 06:30:17 [INFO] Target: 
echo 'Clk_summary:';cat /sys/kernel/debug/clk/clk_summary; echo '=======';
- 06:30:17 [INFO] Host: 
- 06:30:17 [INFO] Target: 
- 06:30:17 [INFO] Host: echo "Available frequencies"; cat /sys/devices/system/cpu/cpu0/cpufreq/scaling_available_frequencies 2>/dev/null;echo '=======';
- 06:30:17 [INFO] Target: 
echo "Available frequencies"; cat /sys/devices/system/cpu/cpu0/cpufreq/scaling
_available_frequencies 2>/dev/null;echo '=======';
- 06:30:17 [INFO] Host: 
- 06:30:17 [INFO] Target: 
- 06:30:17 [INFO] Host: TMPF=/tmp/a.\$\$; TMPF2=/tmp/b.\$\$; STR=""
- 06:30:17 [INFO] Target: 
TMPF=/tmp/a.\$\$; TMPF2=/tmp/b.\$\$; STR=""
- 06:30:17 [INFO] Host: 
- 06:30:17 [INFO] Target: 
- 06:30:17 [INFO] Host: cp /dev/kmsg \$TMPF &
- 06:30:17 [INFO] Target: 
cp /dev/kmsg \$TMPF &
- 06:30:17 [INFO] Host: 
- 06:30:17 [INFO] Target: 
- 06:30:17 [INFO] Host: PID=\$! ; sleep 5; kill -9 \$PID
- 06:30:18 [INFO] Target: 
PID=\$! ; sleep 5; kill -9 \$PID
- 06:30:18 [INFO] Host: 
- 06:30:18 [INFO] Target: 
- 06:30:18 [INFO] Host: 
- 06:30:18 [INFO] Target: 
- 06:30:18 [INFO] Host: 
- 06:30:18 [INFO] Target: 
- 06:30:18 [INFO] Host: cat \$TMPF|grep "^0">\$TMPF2; N=\`cat \$TMPF2|wc -l\`; if [ "\$N" -ne 0 ]; then STR="\$STR emerg=\$N";echo "===== EMERGE++";cat \$TMPF2|cut -d ';' -f2;echo "====="; fi
- 06:30:18 [INFO] Target: 
cat \$TMPF|grep "^0">\$TMPF2; N=\`cat \$TMPF2|wc -l\`; if [ "\$N" -ne 0 ]; the
n STR="\$STR emerg=\$N";echo "===== EMERGE++";cat \$TMPF2|cut -d ';' -f2;echo "=
===="; fi
- 06:30:18 [INFO] Host: 
- 06:30:18 [INFO] Target: 
- 06:30:18 [INFO] Host: cat \$TMPF|grep "^1">\$TMPF2; N=\`cat \$TMPF2|wc -l\`; if [ "\$N" -ne 0 ]; then STR="\$STR alert=\$N";echo "===== ALERT ==";cat \$TMPF2|cut -d ';' -f2;echo "====="; fi
- 06:30:18 [INFO] Target: 
cat \$TMPF|grep "^1">\$TMPF2; N=\`cat \$TMPF2|wc -l\`; if [ "\$N" -ne 0 ]; the
n STR="\$STR alert=\$N";echo "===== ALERT ==";cat \$TMPF2|cut -d ';' -f2;echo "=
===="; fi
- 06:30:18 [INFO] Host: 
- 06:30:18 [INFO] Target: 
- 06:30:18 [INFO] Host: cat \$TMPF|grep "^2">\$TMPF2; N=\`cat \$TMPF2|wc -l\`; if [ "\$N" -ne 0 ]; then STR="\$STR crit=\$N";echo "===== CRIT ==";cat \$TMPF2|cut -d ';' -f2;echo "====="; fi
- 06:30:18 [INFO] Target: 
cat \$TMPF|grep "^2">\$TMPF2; N=\`cat \$TMPF2|wc -l\`; if [ "\$N" -ne 0 ]; the
n STR="\$STR crit=\$N";echo "===== CRIT ==";cat \$TMPF2|cut -d ';' -f2;echo "===
=="; fi
- 06:30:18 [INFO] Host: 
- 06:30:18 [INFO] Target: 
- 06:30:18 [INFO] Host: cat \$TMPF|grep "^3">\$TMPF2; N=\`cat \$TMPF2|wc -l\`; if [ "\$N" -ne 0 ]; then STR="\$STR err=\$N";echo "===== ERR ==";cat \$TMPF2|cut -d ';' -f2;echo "=====" ;fi
- 06:30:19 [INFO] Target: 
cat \$TMPF|grep "^3">\$TMPF2; N=\`cat \$TMPF2|wc -l\`; if [ "\$N" -ne 0 ]; the
n STR="\$STR err=\$N";echo "===== ERR ==";cat \$TMPF2|cut -d ';' -f2;echo "=====
" ;fi
- 06:30:19 [INFO] Host: 
- 06:30:19 [INFO] Target: 
- 06:30:19 [INFO] Host: cat \$TMPF|grep "^4">\$TMPF2; N=\`cat \$TMPF2|wc -l\`; if [ "\$N" -ne 0 ]; then STR="\$STR warn=\$N";echo "===== WARN ==";cat \$TMPF2|cut -d ';' -f2;echo "=====" ;fi
- 06:30:19 [INFO] Target: 
cat \$TMPF|grep "^4">\$TMPF2; N=\`cat \$TMPF2|wc -l\`; if [ "\$N" -ne 0 ]; the
n STR="\$STR warn=\$N";echo "===== WARN ==";cat \$TMPF2|cut -d ';' -f2;echo "===
==" ;fi
- 06:30:19 [INFO] Host: 
- 06:30:19 [INFO] Target: 
- 06:30:19 [INFO] Host: rm \$TMPF \$TMPF2; echo "SUM""MARY RESULT: BOOT:" 'PASS: H''ello World' 'B''oard' "Booted" "Boot Log has::::\$STR:"
- 06:30:19 [INFO] Target: 
rm \$TMPF \$TMPF2; echo "SUM""MARY RESULT: BOOT:" 'PASS: H''ello World' 'B''oa
rd' "Booted" "Boot Log has::::\$STR:"
- 06:30:19 [INFO] Host: 
- 06:30:19 [INFO] Target: 
- 06:30:19 [INFO] Host: EOF
- 06:30:20 [INFO] Target: 
root@am37x-evm:/test# 
- 06:30:20 [INFO] Host: cd /test
- 06:30:20 [INFO] Target: 
cd /test
root@am37x-evm:/test# 
- 06:30:20 [INFO] Host: chmod +x test.sh
- 06:30:20 [INFO] Target: 
chmod +x test.sh
root@am37x-evm:/test# 
- 06:30:20 [INFO] Host: ./test.sh 2> stderr.log > stdout.log 3> result.log
- 06:30:25 [INFO] Target: 
./test.sh 2> stderr.log > stdout.log 3> result.log
root@am37x-evm:/test# 
- 06:30:25 [INFO] Host: echo $?
- 06:30:25 [INFO] Target: 
echo $?
root@am37x-evm:/test# 
- 06:30:25 [INFO] Host: cd /test
- 06:30:26 [INFO] Target: 
cd /test
root@am37x-evm:/test# 
- 06:30:26 [INFO] Host: cat stdout.log
- 06:30:28 [INFO] Target: 
cat stdout.log
cpuinfo:
processor	: 0
model name	: ARMv7 Processor rev 2 (v7l)
BogoMIPS	: 297.36
Features	: half thumb fastmult vfp edsp thumbee neon vfpv3 tls vfpd32 
CPU implementer	: 0x41
CPU architecture: 7
CPU variant	: 0x3
CPU part	: 0xc08
CPU revision	: 2
Hardware	: Generic OMAP36xx (Flattened Device Tree)
Revision	: 0000
Serial		: 0000000000000000
=======
soc info:
==> /sys/devices/soc0/family <==
OMAP3
==> /sys/devices/soc0/machine <==
OMAP3630
==> /sys/devices/soc0/power <==
==> /sys/devices/soc0/revision <==
ES1.2
==> /sys/devices/soc0/subsystem <==
==> /sys/devices/soc0/type <==
==> /sys/devices/soc0/uevent <==
=======
DT Model info
==> /proc/device-tree/name <==
==> /proc/device-tree/model <==
TI OMAP37XX EVM (TMDSEVM3730)
==> /proc/device-tree/compatible <==
ti,omap3-evm-37xxti,omap3630ti,omap3
=======
interrupts:
           CPU0       
 23:          0      INTC   7 Edge      TWL4030-PIH
 25:          0      INTC   9 Edge      l3-debug-irq
 26:          0      INTC  10 Edge      l3-app-irq
 28:          0      INTC  12 Edge      DMA
 29:       3953      INTC  13 Edge      omap-dma-engine
 36:          0      INTC  20 Edge      gpmc
 45:          0      INTC  29 Edge      48310000.gpio
 46:          0      INTC  30 Edge      49050000.gpio
 47:          0      INTC  31 Edge      49052000.gpio
 48:          0      INTC  32 Edge      49054000.gpio
 49:          0      INTC  33 Edge      49056000.gpio
 50:         11      INTC  34 Edge      49058000.gpio
 53:       4158      INTC  37 Edge      gp_timer
 72:       1301      INTC  56 Edge      48070000.i2c
 73:          0      INTC  57 Edge      48072000.i2c
 77:          0      INTC  61 Edge      48060000.i2c
 88:       7918      INTC  72 Edge      OMAP UART0
 92:          1      INTC  76 Edge      ohci_hcd:usb2
 93:          0      INTC  77 Edge      ehci_hcd:usb1
 99:       6896      INTC  83 Edge      mmc0
102:        144      INTC  86 Edge      mmc1
288:         11  49058000.gpio  16 Level     eth0
306:       1678      PRCM Edge      pm_wkup
315:         51      PRCM Edge      pinctrl, pinctrl, pinctrl, pm_io
338:          0   pinctrl 338 Edge      4806a000.serial
341:          0   twl4030   0 Edge      twl4030_gpio
346:          0   twl4030   5 Edge      twl4030_power
352:          0   twl4030  11 Edge      rtc0
375:         17   pinctrl 282 Edge      4809c000.mmc
IPI0:          0  CPU wakeup interrupts
IPI1:          0  Timer broadcast interrupts
IPI2:          0  Rescheduling interrupts
IPI3:          0  Function call interrupts
IPI4:          0  Single function call interrupts
IPI5:          0  CPU stop interrupts
IPI6:          0  IRQ work interrupts
IPI7:          0  completion interrupts
Err:          0
=======
Clk_summary:
   clock                         enable_cnt  prepare_cnt        rate   accuracy   phase
----------------------------------------------------------------------------------------
 secure_32k_fck                           0            1       32768          0 0  
    wdt1_fck                              0            0       32768          0 0  
    gpt12_fck                             0            1       32768          0 0  
 dummy_ck                                 0            0           0          0 0  
 mcbsp_clks                               0            5           0          0 0  
 sys_altclk                               0            0           0          0 0  
 virt_38_4m_ck                            0            0    38400000          0 0  
 virt_26000000_ck                         1            1    26000000          0 0  
    osc_sys_ck                            1            1    26000000          0 0  
       sys_clkout1                        0            0    26000000          0 0  
       sys_ck                             4           18    13000000          0 0  
          gpt9_fck                        0            1    13000000          0 0  
          gpt8_fck                        0            1    13000000          0 0  
          gpt7_fck                        0            1    13000000          0 0  
          gpt6_fck                        0            1    13000000          0 0  
          gpt5_fck                        0            1    13000000          0 0  
          gpt4_fck                        0            1    13000000          0 0  
          gpt3_fck                        0            1    13000000          0 0  
          gpt2_fck                        0            1    13000000          0 0  
          cpefuse_fck                     0            0    13000000          0 0  
          dpll5_ck                        1            1   120000000          0 0  
             dpll5_m2_ck                  1            1   120000000          0 0  
                dpll5_m2_d20_ck           0            0     6000000          0 0  
                dpll5_m2_d16_ck           0            0     7500000          0 0  
                dpll5_m2_d8_ck            0            0    15000000          0 0  
                dpll5_m2_d4_ck            0            0    30000000          0 0  
                usbhost_120m_fck           0            0   120000000          0 0  
                usbtll_fck                1            1   120000000          0 0  
          sys_d2_ck                       0            0     6500000          0 0  
             usim_fck                     0            0     6500000          0 0  
          modem_fck                       0            0    13000000          0 0  
          dpll2_ck                        0            1   260000000          0 0  
             dpll2_m2_ck                  0            1   260000000          0 0  
                iva2_ck                   0            2   260000000          0 0  
          sr2_fck                         0            1    13000000          0 0  
          sr1_fck                         0            1    13000000          0 0  
          traceclk_src_fck                0            0    13000000          0 0  
             traceclk_fck                 0            0    13000000          0 0  
          emu_src_mux_ck                  0            1    13000000          0 0  
             emu_src_ck                   0            1    13000000          0 0  
                atclk_fck                 0            0    13000000          0 0  
                pclkx2_fck                0            0    13000000          0 0  
                pclk_fck                  0            0     6500000          0 0  
          dss2_alwon_fck                  0            2    13000000          0 0  
          dpll1_ck                        0            1   300000000          0 0  
             dpll1_x2_ck                  0            1   600000000          0 0  
                dpll1_x2m2_ck             0            1   600000000          0 0  
                   mpu_ck                 0            1   600000000          0 0  
                      emu_mpu_alwon_ck           0            0   600000000          0 0  
                      arm_fck             0            1   300000000          0 0  
          dpll3_ck                        1            1   400000000          0 0  
             dpll3_x2_ck                  0            0   800000000          0 0  
             dpll3_m2_ck                  1            1   400000000          0 0  
                dpll3_m2x2_ck             0            0   800000000          0 0  
                   corex2_fck             0            0   800000000          0 0  
                      ssi_ssr_fck_3430es2           0            0   266666667          0 0  
                         ssi_sst_fck_3430es2           0            0   133333333          0 0  
                      corex2_d5_fck           0            0   160000000          0 0  
                      corex2_d3_fck           0            0   266666666          0 0  
                core_ck                   1            1   400000000          0 0  
                   core_d2_ck             0            0   200000000          0 0  
                      sgx_fck             0            0   200000000          0 0  
                   core_d6_ck             0            0    66666666          0 0  
                   core_d4_ck             0            0   100000000          0 0  
                   core_d3_ck             0            0   133333333          0 0  
                   dpll2_fck              0            0   400000000          0 0  
                   l3_ick                 2            3   200000000          0 0  
                      sgx_ick             0            0   200000000          0 0  
                      mad2d_ick           0            0   200000000          0 0  
                      sad2d_ick           0            1   200000000          0 0  
                      security_l3_ick           0            0   200000000          0 0  
                         pka_ick           0            0   200000000          0 0  
                      core_l3_ick           8           10   200000000          0 0  
                         hsotgusb_ick_3430es2           0            1   200000000          0 0  
                         gpmc_fck           2            2   200000000          0 0  
                         sdrc_ick           1            1   200000000          0 0  
                      l4_ick              6            7   100000000          0 0  
                         usbhost_ick           1            1   100000000          0 0  
                         dss_ick_3430es2           4            6   100000000          0 0  
                         sr_l4_ick           2            2   100000000          0 0  
                         ssi_l4_ick           0            0   100000000          0 0  
                            ssi_ick_3430es2           0            0   100000000          0 0  
                         cam_ick           0            1   100000000          0 0  
                         security_l4_ick2           0            0   100000000          0 0  
                            des1_ick           0            0   100000000          0 0  
                            sha11_ick           0            0   100000000          0 0  
                            rng_ick           0            0   100000000          0 0  
                            aes1_ick           0            0   100000000          0 0  
                         per_l4_ick          15           18   100000000          0 0  
                            mcbsp4_ick           1            1   100000000          0 0  
                            mcbsp3_ick           2            2   100000000          0 0  
                            mcbsp2_ick           2            2   100000000          0 0  
                            gpt2_ick           1            1   100000000          0 0  
                            gpt3_ick           1            1   100000000          0 0  
                            gpt4_ick           1            1   100000000          0 0  
                            gpt5_ick           1            1   100000000          0 0  
                            gpt6_ick           1            1   100000000          0 0  
                            gpt7_ick           1            1   100000000          0 0  
                            gpt8_ick           1            1   100000000          0 0  
                            gpt9_ick           1            1   100000000          0 0  
                            uart4_ick           1            1   100000000          0 0  
                            uart3_ick           1            1   100000000          0 0  
                            wdt3_ick           0            0   100000000          0 0  
                            gpio2_ick           0            1   100000000          0 0  
                            gpio3_ick           0            1   100000000          0 0  
                            gpio4_ick           0            1   100000000          0 0  
                            gpio5_ick           1            1   100000000          0 0  
                            gpio6_ick           1            1   100000000          0 0  
                         core_l4_ick          21           23   100000000          0 0  
                            mmchs3_ick           1            1   100000000          0 0  
                            usbtll_ick           1            1   100000000          0 0  
                            mailboxes_ick           0            1   100000000          0 0  
                            mspro_ick           0            0   100000000          0 0  
                            des2_ick           0            0   100000000          0 0  
                            icr_ick           0            0   100000000          0 0  
                            sha12_ick           1            2   100000000          0 0  
                            aes2_ick           1            2   100000000          0 0  
                            omapctrl_ick           1            1   100000000          0 0  
                            mcbsp1_ick           1            1   100000000          0 0  
                            mcbsp5_ick           1            1   100000000          0 0  
                            gpt10_ick           1            1   100000000          0 0  
                            gpt11_ick           1            1   100000000          0 0  
                            uart1_ick           1            1   100000000          0 0  
                            uart2_ick           1            1   100000000          0 0  
                            i2c1_ick           1            1   100000000          0 0  
                            i2c2_ick           1            1   100000000          0 0  
                            i2c3_ick           1            1   100000000          0 0  
                            mcspi1_ick           1            1   100000000          0 0  
                            mcspi2_ick           1            1   100000000          0 0  
                            mcspi3_ick           1            1   100000000          0 0  
                            mcspi4_ick           1            1   100000000          0 0  
                            hdq_ick           0            1   100000000          0 0  
                            mmchs1_ick           1            1   100000000          0 0  
                            mmchs2_ick           1            1   100000000          0 0  
                         rm_ick           0            0    50000000          0 0  
                   dpll1_fck              0            0   200000000          0 0  
             dpll3_m3_ck                  0            0   200000000          0 0  
                dpll3_m3x2_mul_ck           0            0   400000000          0 0  
                   dpll3_m3x2_ck           0            0   400000000          0 0  
                      emu_core_alwon_ck           0            0   400000000          0 0  
          dpll4_ck                        1            3   864000000          0 0  
             dpll4_x2_ck                  0            0  1728000000          0 0  
             dpll4_m6_ck                  0            0   288000000          0 0  
                dpll4_m6x2_mul_ck           0            0   288000000          0 0  
                   dpll4_m6x2_ck           0            0   288000000          0 0  
                      emu_per_alwon_ck           0            0   288000000          0 0  
             dpll4_m5_ck                  0            0   216000000          0 0  
                dpll4_m5x2_mul_ck           0            0   216000000          0 0  
                   dpll4_m5x2_ck           0            0   216000000          0 0  
                      cam_mclk            0            0   216000000          0 0  
             dpll4_m4_ck                  0            1    96000000          0 0  
                dpll4_m4x2_mul_ck           0            1    96000000          0 0  
                   dpll4_m4x2_ck           0            1    96000000          0 0  
                      dss1_alwon_fck_3430es2           0            4    96000000          0 0  
             dpll4_m3_ck                  0            1    54000000          0 0  
                dpll4_m3x2_mul_ck           0            1    54000000          0 0  
                   dpll4_m3x2_ck           0            1    54000000          0 0  
                      omap_54m_fck           0            1    54000000          0 0  
                         clkout2_src_ck           0            0    54000000          0 0  
                            sys_clkout2           0            0    54000000          0 0  
                         dss_tv_fck           0            2    54000000          0 0  
             dpll4_m2_ck                  1            1    96000000          0 0  
                dpll4_m2x2_mul_ck           1            1    96000000          0 0  
                   dpll4_m2x2_ck           1            1    96000000          0 0  
                      omap_192m_alwon_fck           0            0    96000000          0 0  
                      omap_96m_alwon_fck           1            2    96000000          0 0  
                         per_96m_fck           0            6    96000000          0 0  
                            mcbsp4_fck           0            1    96000000          0 0  
                            mcbsp3_fck           0            2    96000000          0 0  
                            mcbsp2_fck           0            2    96000000          0 0  
                         cm_96m_fck           1            2    96000000          0 0  
                            cm_96m_d2_fck           1            1    48000000          0 0  
                               omap_48m_fck           3            4    48000000          0 0  
                                  usbhost_48m_fck           1            1    48000000          0 0  
                                  per_48m_fck           2            2    48000000          0 0  
                                     uart4_fck           1            1    48000000          0 0  
                                     uart3_fck           1            1    48000000          0 0  
                                  core_48m_fck           2            6    48000000          0 0  
                                     uart1_fck           1            1    48000000          0 0  
                                     uart2_fck           1            1    48000000          0 0  
                                     mcspi1_fck           0            1    48000000          0 0  
                                     mcspi2_fck           0            1    48000000          0 0  
                                     mcspi3_fck           0            1    48000000          0 0  
                                     mcspi4_fck           0            1    48000000          0 0  
                                  omap_12m_fck           0            1    12000000          0 0  
                                     core_12m_fck           0            1    12000000          0 0  
                                        hdq_fck             0            1    12000000          0 0  
                            omap_96m_fck           0            2    96000000          0 0  
                               omap_96m_d10_fck           0            0     9600000          0 0  
                               omap_96m_d8_fck           0            0    12000000          0 0  
                               omap_96m_d4_fck           0            0    24000000          0 0  
                               omap_96m_d2_fck           0            0    48000000          0 0  
                               dss_96m_fck           0            2    96000000          0 0  
                               core_96m_fck           0           10    96000000          0 0  
                                  mcbsp1_fck           0            1    96000000          0 0  
                                  mcbsp5_fck           0            1    96000000          0 0  
                                  mmchs3_fck           0            1    96000000          0 0  
                                  mspro_fck           0            0    96000000          0 0  
                                  csi2_96m_fck           0            0    96000000          0 0  
                                  i2c1_fck           0            1    96000000          0 0  
                                  i2c2_fck           0            1    96000000          0 0  
                                  i2c3_fck           0            1    96000000          0 0  
                                  mmchs1_fck           0            1    96000000          0 0  
                                  mmchs2_fck           0            1    96000000          0 0  
          wkup_l4_ick                     4            5    13000000          0 0  
             usim_ick                     0            0    13000000          0 0  
             gpt1_ick                     1            1    13000000          0 0  
             gpt12_ick                    1            1    13000000          0 0  
             omap_32ksync_ick             1            1    13000000          0 0  
             gpio1_ick                    0            1    13000000          0 0  
             wdt1_ick                     0            0    13000000          0 0  
             wdt2_ick                     1            1    13000000          0 0  
 virt_19200000_ck                         0            0    19200000          0 0  
 virt_13m_ck                              0            0    13000000          0 0  
 virt_12m_ck                              0            0    12000000          0 0  
 omap_32k_fck                             2            8       32768          0 0  
    gpt1_fck                              1            1       32768          0 0  
    gpt11_fck                             0            1       32768          0 0  
    gpt10_fck                             0            1       32768          0 0  
    ts_fck                                0            0       32768          0 0  
    per_32k_alwon_fck                     0            5       32768          0 0  
       wdt3_fck                           0            0       32768          0 0  
       gpio2_dbck                         0            2       32768          0 0  
       gpio3_dbck                         0            2       32768          0 0  
       gpio4_dbck                         0            2       32768          0 0  
       gpio5_dbck                         0            2       32768          0 0  
       gpio6_dbck                         0            2       32768          0 0  
    wkup_32k_fck                          1            3       32768          0 0  
       wdt2_fck                           0            1       32768          0 0  
       gpio1_dbck                         0            2       32768          0 0  
 dummy_apb_pclk                           0            0           0          0 0  
 virt_16_8m_ck                            0            0    16800000          0 0  
=======
Available frequencies
300000 600000 800000 
=======
===== ERR ==
platform 48058000.ssi-controller: Cannot lookup hwmod 'ssi'
omap2_set_init_voltage: unable to find boot up OPP for vdd_mpu_iva
omap2_set_init_voltage: unable to set vdd_mpu_iva
omap2_set_init_voltage: unable to find boot up OPP for vdd_core
omap2_set_init_voltage: unable to set vdd_core
=====
===== WARN ==
omap_hwmod: mcbsp2_sidetone using broken dt data from mcbsp
omap_hwmod: mcbsp3_sidetone using broken dt data from mcbsp
irq: no irq domain found for /ocp/l4@48000000/scm@2000/pinmux@30 !
irq: no irq domain found for /ocp/l4@48000000/scm@2000/pinmux@30 !
irq: no irq domain found for /ocp/l4@48000000/scm@2000/pinmux@30 !
irq: no irq domain found for /ocp/l4@48000000/scm@2000/pinmux@30 !
gpmc_mem_init: disabling cs 0 mapped at 0x0-0x1000000
omap4_sram_init:Unable to allocate sram needed to handle errata I688
omap4_sram_init:Unable to get sram pool needed to handle errata I688
twl_rtc 48070000.i2c:twl@48:rtc: Power up reset detected.
mmc0: host does not support reading read-only switch, assuming write-enable
omap_hsmmc 480b4000.mmc: card claims to support voltages below defined range
mmc1: queuing unknown CIS tuple 0x91 (3 bytes)
EXT4-fs (mmcblk0p2): warning: maximal mount count reached, running e2fsck is recommended
udevd (101): /proc/101/oom_adj is deprecated, please use /proc/101/oom_score_adj instead.
EXT4-fs (mmcblk0p3): warning: maximal mount count reached, running e2fsck is recommended
FAT-fs (mmcblk0p1): Volume was not properly unmounted. Some data may be corrupt. Please run fsck.
alignment: ignoring faults is unsafe on this CPU.  Defaulting to fixup mode.
=====
SUMMARY RESULT: BOOT: PASS: Hello World Board Booted Boot Log has:::: err=5 warn=18:
root@am37x-evm:/test# 
- 06:30:28 [INFO] Host: cat stderr.log
- 06:30:28 [INFO] Target: 
cat stderr.log
root@am37x-evm:/test# 
- 06:30:28 [INFO] Host: cat result.log
- 06:30:30 [ERROR] On command: cat result.log waiting for cat result.log.+?(?m-ix:^1[\0\n\r]+) >>> error: execution expired
- 06:30:30 [INFO] Target: 
cat result.log
root@am37x-evm:/test# 
- 06:30:30 [INFO] Host: cd /test
- 06:30:30 [INFO] Target: 
cd /test
root@am37x-evm:/test# 
URL:gtsystest.telogy.design.ti.com/vatf/tigtfarm06/tigtfarm06_vatf@am37x-evm/tigtfarm0611_26_2015_06_29_20/files/session_iteration_1/test_1
