- 08:09:58 [INFO] Starting target session
- 08:09:58 [INFO] Connected to am37x-evm via serial 
- 08:09:58 [INFO] Host: #check prompt
- 08:10:01 [ERROR] On command: #check prompt waiting for #check prompt.+?(?-mix:((?-mix:login:)|[Pp]assword)) >>> error: execution expired
- 08:10:01 [INFO] Target: 
#check prompt
root@am37x-evm:/test# 
- 08:10:01 [INFO] Host: #check prompt
- 08:10:01 [INFO] Target: 
#check prompt
root@am37x-evm:/test# 
- 08:10:01 [INFO] Host: sync;poweroff
- 08:10:13 [INFO] Target: 
sync;poweroff
Broadcast message from root (ttyO0) (Tue Jun 14 08:32:56 2016)Br=]jR*ujroot@am37x-evm:/test# 
INIT: Sending processes the TERM signal
Stopping Dropbear SSH server: stopped /usr/sbin/dropbear (pid 1649)
dropbear.
Stopping telnet daemon.
Stopping Hardware abstraction layer hald
Stopping system message bus: stopped process in pidfile '/var/run/dbus/pid' (pid 1608)
dbus.
Stopping network benchmark server: netserverstopped /usr/sbin/netserver (pid 1659)
Error opening /dev/fb0: No such file or directory
Stopping thttpd.
ALSA: Storing mixer settings...
/usr/sbin/alsactl: save_state:1519: No soundcards found...
Deconfiguring network interfaces... done.
Stopping Lighttpd Web Server: stopped /usr/sbin/lighttpd (pid 1683)
lighttpd.
Stopping syslogd/klogd: stopped syslogd (pid 1664)
stopped klogd (pid 1666)
done
Stopping Matrix GUI applicationstart-stop-daemon: warning: killing process 0: No such process
***************************************************************
***************************************************************
NOTICE: This file system contains the followin GPLv3 packages:
	binutils-dev
	binutils-symlinks
	binutils
	gdbserver
If you do not wish to distribute GPLv3 components please remove
the above packages prior to distribution.  This can be done using
the opkg remove command.  i.e.:
    opkg remove <package>
Where <package> is the name printed in the list above
NOTE: If the package is a dependency of another package you
      will be notified of the dependent packages.  You should
      use the --force-removal-of-dependent-packages option to
      also remove the dependent packages as well
***************************************************************
***************************************************************
Sending all processes the TERM signal...
Sending all processes the KILL signal...
hwclock: can't open '/dev/misc/rtc': No such file or directory
Unmounting remote filesystems...
Deactivating swap...
Unmounting local filesystems...
[ 3641.453948] EXT4-fs (mmcblk0p2): re-mounted. Opts: (null)
[ 3643.725860] reboot: Power down
[ 3643.729125] ------------[ cut here ]------------
[ 3643.734008] WARNING: CPU: 0 PID: 1999 at kernel/locking/lockdep.c:2876 lockdep_trace_alloc+0x100/0x120
[ 3643.743774] DEBUG_LOCKS_WARN_ON(irqs_disabled_flags(flags))
[ 3643.749450] Modules linked in:
[ 3643.752868] CPU: 0 PID: 1999 Comm: halt Not tainted 4.8.0-rc8-next-20160927-00002-g530907179f07 #3
[ 3643.762268] Hardware name: Generic OMAP36xx (Flattened Device Tree)
[ 3643.768829] [<c0110064>] (unwind_backtrace) from [<c010c27c>] (show_stack+0x10/0x14)
[ 3643.776977] [<c010c27c>] (show_stack) from [<c0489f6c>] (dump_stack+0xb0/0xe4)
[ 3643.784576] [<c0489f6c>] (dump_stack) from [<c0137710>] (__warn+0xd4/0x100)
[ 3643.791900] [<c0137710>] (__warn) from [<c0137770>] (warn_slowpath_fmt+0x34/0x44)
[ 3643.799774] [<c0137770>] (warn_slowpath_fmt) from [<c0195900>] (lockdep_trace_alloc+0x100/0x12
- 08:10:13 [INFO] Disconnected serial from am37x-evm
- 08:10:14 [INFO] Connected to am37x-evm via serial 
- 08:10:14 [INFO] Host: 
- 08:10:16 [INFO] Target: 
U-Boot SPL 2015.07-00043-gaada495 (Nov 09 2015 - 12:23:36)
reading u-boot.img
reading u-boot.img
U-Boot 2015.07-00043-gaada495 (Nov 09 2015 - 12:23:36 -0500)
OMAP3630/3730-GP ES1.2, CPU-OPP2, L3-200MHz, Max CPU Clock 1 Ghz
OMAP3 EVM board + LPDDR/NAND
I2C:   ready
DRAM:  256 MiB
NAND:  512 MiB
MMC:   OMAP SD/MMC: 0
Error: Bad compare! failed
NAND read from offset 260000 failed -74
*** Warning - readenv() failed, using default environment
In:    serial
Out:   serial
Err:   serial
Read back SMSC id 0x92200000
Die ID #16d400029ff80000015f02690c019016
Net:   smc911x-0
Warning: Your board does not use generic board. Please read
doc/README.generic-board and take action. Boards not
upgraded by the late 2014 may break or be removed.
Hit any key to stop autoboot:  3  0 
OMAP3_EVM # 
OMAP3_EVM #  
OMAP3_EVM #  
OMAP3_EVM #  
OMAP3_EVM #  
OMAP3_EVM #  
OMAP3_EVM # 
- 08:10:16 [INFO] Host: 
- 08:10:16 [INFO] Target: 
OMAP3_EVM # 
- 08:10:16 [INFO] Host: version
- 08:10:16 [INFO] Target: 
OMAP3_EVM # version
U-Boot 2015.07-00043-gaada495 (Nov 09 2015 - 12:23:36 -0500)
arm-linux-gnueabihf-gcc (crosstool-NG linaro-1.13.1-4.7-2013.03-20130313 - Linaro GCC 2013.03) 4.7.3 20130226 (prerelease)
GNU ld (crosstool-NG linaro-1.13.1-4.7-2013.03-20130313 - Linaro GCC 2013.03) 2.23.1
OMAP3_EVM # 
- 08:10:16 [INFO] Host: setenv bootargs 'console=ttyO0,115200n8 earlyprintk=serial,ttyO0,115200n8  '
- 08:10:16 [INFO] Target: 
setenv bootargs 'console=ttyO0,115200n8 earlyprintk=serial,ttyO0,115200n8  '
OMAP3_EVM # 
- 08:10:16 [INFO] Host: setenv bootcmd  ''
- 08:10:16 [INFO] Target: 
setenv bootcmd  ''
OMAP3_EVM # 
- 08:10:16 [INFO] Host: setenv autoload 'no'
- 08:10:17 [INFO] Target: 
setenv autoload 'no'
OMAP3_EVM # 
- 08:10:17 [INFO] Host: setenv serverip '192.168.0.1'
- 08:10:17 [INFO] Target: 
setenv serverip '192.168.0.1'
OMAP3_EVM # 
- 08:10:17 [INFO] Host: setenv _initramfs -
- 08:10:17 [INFO] Target: 
setenv _initramfs -
OMAP3_EVM # 
- 08:10:17 [INFO] Host: printenv
- 08:10:17 [INFO] Target: 
printenv
_initramfs=-
autoload=no
baudrate=115200
bootargs=console=ttyO0,115200n8 earlyprintk=serial,ttyO0,115200n8  
bootcmd=
bootdelay=3
bootfile=uImage
bootscript=echo Running bootscript from mmc ...; source ${loadaddr}
console=ttyO0,115200n8
dieid#=16d400029ff80000015f02690c019016
ethact=smc911x-0
ethaddr=00:50:c2:7e:93:ba
loadaddr=0x82000000
loadbootscript=fatload mmc ${mmcdev} ${loadaddr} boot.scr
loaduimage=fatload mmc ${mmcdev} ${loadaddr} uImage
mmcargs=setenv bootargs console=${console} root=/dev/mmcblk0p2 rw rootfstype=ext3 rootwait
mmcboot=echo Booting from mmc ...; run mmcargs; bootm ${loadaddr}
mmcdev=0
nandargs=setenv bootargs console=${console} root=/dev/mtdblock4 rw rootfstype=jffs2
nandboot=echo Booting from nand ...; run nandargs; onenand read ${loadaddr} 280000 400000; bootm ${loadaddr}
serverip=192.168.0.1
stderr=serial
stdin=serial
stdout=serial
usbtty=cdc_acm
Environment size: 937/131068 bytes
OMAP3_EVM # 
- 08:10:17 [INFO] Host: printenv
- 08:10:17 [INFO] Target: 
printenv
_initramfs=-
autoload=no
baudrate=115200
bootargs=console=ttyO0,115200n8 earlyprintk=serial,ttyO0,115200n8  
bootcmd=
bootdelay=3
bootfile=uImage
bootscript=echo Running bootscript from mmc ...; source ${loadaddr}
console=ttyO0,115200n8
dieid#=16d400029ff80000015f02690c019016
ethact=smc911x-0
ethaddr=00:50:c2:7e:93:ba
loadaddr=0x82000000
loadbootscript=fatload mmc ${mmcdev} ${loadaddr} boot.scr
loaduimage=fatload mmc ${mmcdev} ${loadaddr} uImage
mmcargs=setenv bootargs console=${console} root=/dev/mmcblk0p2 rw rootfstype=ext3 rootwait
mmcboot=echo Booting from mmc ...; run mmcargs; bootm ${loadaddr}
mmcdev=0
nandargs=setenv bootargs console=${console} root=/dev/mtdblock4 rw rootfstype=jffs2
nandboot=echo Booting from nand ...; run nandargs; onenand read ${loadaddr} 280000 400000; bootm ${loadaddr}
serverip=192.168.0.1
stderr=serial
stdin=serial
stdout=serial
usbtty=cdc_acm
Environment size: 937/131068 bytes
OMAP3_EVM # 
- 08:10:17 [INFO] Host: setenv bootargs ''${bootargs}' ip=:::::eth0:dhcp '
- 08:10:17 [INFO] Target: 
setenv bootargs ''${bootargs}' ip=:::::eth0:dhcp '
OMAP3_EVM # 
- 08:10:17 [INFO] Host: setenv serverip '192.168.0.1'
- 08:10:17 [INFO] Target: 
setenv serverip '192.168.0.1'
OMAP3_EVM # 
- 08:10:17 [INFO] Host: setenv autoload 'no'
- 08:10:17 [INFO] Target: 
setenv autoload 'no'
OMAP3_EVM # 
- 08:10:17 [INFO] Host: dhcp
- 08:10:20 [INFO] Target: 
dhcp
smc911x: MAC 00:50:c2:7e:93:ba
smc911x: detected LAN9220 controller
smc911x: phy initialized
smc911x: MAC 00:50:c2:7e:93:ba
BOOTP broadcast 1
BOOTP broadcast 2
BOOTP broadcast 3
DHCP client bound to address 192.168.0.102 (1052 ms)
smc911x: MAC 00:50:c2:7e:93:ba
OMAP3_EVM # 
- 08:10:20 [INFO] Host: tftp ${loadaddr} 192.168.0.1:vatf_am37x-evm/1d772ceb97abe05a390e5f3cc851dd62
- 08:10:24 [INFO] Target: 
tftp ${loadaddr} 192.168.0.1:vatf_am37x-evm/1d772ceb97abe05a390e5f3cc851dd62
smc911x: MAC 00:50:c2:7e:93:ba
smc911x: detected LAN9220 controller
smc911x: phy initialized
smc911x: MAC 00:50:c2:7e:93:ba
Using smc911x-0 device
TFTP from server 192.168.0.1; our IP address is 192.168.0.102
Filename 'vatf_am37x-evm/1d772ceb97abe05a390e5f3cc851dd62'.
Load address: 0x82000000
Loading: *#################################################################
	 #################################################################
	 #################################################################
	 #################################################################
	 #################################################################
	 #################################################################
	 #################################################################
	 ##########################
	 3.3 MiB/s
done
Bytes transferred = 7048752 (6b8e30 hex)
smc911x: MAC 00:50:c2:7e:93:ba
OMAP3_EVM # 
- 08:10:24 [INFO] Host: ls mmc 0:1
- 08:10:24 [INFO] Target: 
ls mmc 0:1
ls - list files in a directory (default /)
Usage:
ls [ directory ]
OMAP3_EVM # 
- 08:10:24 [INFO] Host: ls mmc 0:2
- 08:10:24 [INFO] Target: 
ls mmc 0:2
ls - list files in a directory (default /)
Usage:
ls [ directory ]
OMAP3_EVM # 
- 08:10:24 [INFO] Host: ls mmc 0:3
- 08:10:24 [INFO] Target: 
ls mmc 0:3
ls - list files in a directory (default /)
Usage:
ls [ directory ]
OMAP3_EVM # 
- 08:10:24 [INFO] Host: ls mmc 0:4
- 08:10:24 [INFO] Target: 
ls mmc 0:4
ls - list files in a directory (default /)
Usage:
ls [ directory ]
OMAP3_EVM # 
- 08:10:24 [INFO] Host: ls mmc 0:5
- 08:10:24 [INFO] Target: 
ls mmc 0:5
ls - list files in a directory (default /)
Usage:
ls [ directory ]
OMAP3_EVM # 
- 08:10:24 [INFO] Host: part uuid mmc 0:
- 08:10:24 [INFO] Target: 
part uuid mmc 0:
Unknown command 'part' - try 'help'
OMAP3_EVM # 
- 08:10:24 [INFO] Host: printenv
- 08:10:24 [INFO] Target: 
printenv
_initramfs=-
autoload=no
baudrate=115200
bootargs=console=ttyO0,115200n8 earlyprintk=serial,ttyO0,115200n8   ip=:::::eth0:dhcp 
bootcmd=
bootdelay=3
bootfile=uImage
bootscript=echo Running bootscript from mmc ...; source ${loadaddr}
console=ttyO0,115200n8
dieid#=16d400029ff80000015f02690c019016
ethact=smc911x-0
ethaddr=00:50:c2:7e:93:ba
fileaddr=82000000
filesize=6b8e30
gatewayip=192.168.0.1
ipaddr=192.168.0.102
loadaddr=0x82000000
loadbootscript=fatload mmc ${mmcdev} ${loadaddr} boot.scr
loaduimage=fatload mmc ${mmcdev} ${loadaddr} uImage
mmcargs=setenv bootargs console=${console} root=/dev/mmcblk0p2 rw rootfstype=ext3 rootwait
mmcboot=echo Booting from mmc ...; run mmcargs; bootm ${loadaddr}
mmcdev=0
nandargs=setenv bootargs console=${console} root=/dev/mtdblock4 rw rootfstype=jffs2
nandboot=echo Booting from nand ...; run nandargs; onenand read ${loadaddr} 280000 400000; bootm ${loadaddr}
netmask=255.255.255.0
serverip=192.168.0.1
stderr=serial
stdin=serial
stdout=serial
usbtty=cdc_acm
Environment size: 1065/131068 bytes
OMAP3_EVM # 
- 08:10:24 [INFO] Host: setenv bootargs ''${bootargs}' root=/dev/mmcblk0p2 rw rootfstype=ext3 rootwait '
- 08:10:24 [INFO] Target: 
setenv bootargs ''${bootargs}' root=/dev/mmcblk0p2 rw rootfstype=ext3 rootwait '
OMAP3_EVM # 
- 08:10:24 [INFO] Host: printenv
- 08:10:25 [INFO] Target: 
printenv
_initramfs=-
autoload=no
baudrate=115200
bootargs=console=ttyO0,115200n8 earlyprintk=serial,ttyO0,115200n8   ip=:::::eth0:dhcp  root=/dev/mmcblk0p2 rw rootfstype=ext3 rootwait 
bootcmd=
bootdelay=3
bootfile=uImage
bootscript=echo Running bootscript from mmc ...; source ${loadaddr}
console=ttyO0,115200n8
dieid#=16d400029ff80000015f02690c019016
ethact=smc911x-0
ethaddr=00:50:c2:7e:93:ba
fileaddr=82000000
filesize=6b8e30
gatewayip=192.168.0.1
ipaddr=192.168.0.102
loadaddr=0x82000000
loadbootscript=fatload mmc ${mmcdev} ${loadaddr} boot.scr
loaduimage=fatload mmc ${mmcdev} ${loadaddr} uImage
mmcargs=setenv bootargs console=${console} root=/dev/mmcblk0p2 rw rootfstype=ext3 rootwait
mmcboot=echo Booting from mmc ...; run mmcargs; bootm ${loadaddr}
mmcdev=0
nandargs=setenv bootargs console=${console} root=/dev/mtdblock4 rw rootfstype=jffs2
nandboot=echo Booting from nand ...; run nandargs; onenand read ${loadaddr} 280000 400000; bootm ${loadaddr}
netmask=255.255.255.0
serverip=192.168.0.1
stderr=serial
stdin=serial
stdout=serial
usbtty=cdc_acm
Environment size: 1114/131068 bytes
OMAP3_EVM # 
- 08:10:25 [INFO] Host: setenv bootcmd ''${bootcmd}' if iminfo ${loadaddr}; then bootm ${loadaddr} ${_initramfs} ; else bootz ${loadaddr} ${_initramfs} ; bootm ${loadaddr} ${_initramfs} ; fi'
- 08:10:25 [INFO] Target: 
setenv bootcmd ''${bootcmd}' if iminfo ${loadaddr}; then bootm ${loadaddr} ${_initramfs} ; else bootz ${loadaddr} ${_initramfs} ; bootm ${loadaddr} ${_initramfs} ; fi'
OMAP3_EVM # 
- 08:10:25 [INFO] Host: version
- 08:10:25 [INFO] Target: 
version
U-Boot 2015.07-00043-gaada495 (Nov 09 2015 - 12:23:36 -0500)
arm-linux-gnueabihf-gcc (crosstool-NG linaro-1.13.1-4.7-2013.03-20130313 - Linaro GCC 2013.03) 4.7.3 20130226 (prerelease)
GNU ld (crosstool-NG linaro-1.13.1-4.7-2013.03-20130313 - Linaro GCC 2013.03) 2.23.1
OMAP3_EVM # 
- 08:10:25 [INFO] Host: bdinfo
- 08:10:25 [INFO] Target: 
bdinfo
arch_number = 0x000005FF
boot_params = 0x80000100
DRAM bank   = 0x00000000
-> start    = 0x80000000
-> size     = 0x10000000
DRAM bank   = 0x00000001
-> start    = 0x90000000
-> size     = 0x00000000
eth0name    = smc911x-0
ethaddr     = 00:50:c2:7e:93:ba
current eth = smc911x-0
ip_addr     = 192.168.0.102
baudrate    = 115200 bps
TLB addr    = 0x8FFF0000
relocaddr   = 0x8FF61000
reloc off   = 0x0FE61000
irq_sp      = 0x8FF00F24
sp start    = 0x8FF00F18
OMAP3_EVM # 
- 08:10:25 [INFO] Host: mmc rescan; echo $?
- 08:10:25 [INFO] Target: 
mmc rescan; echo $?
OMAP3_EVM # 
- 08:10:25 [INFO] Host: fatwrite mmc ${mmcdev}:1 ${loadaddr} ws-calibrate.rules 4
- 08:10:25 [INFO] Target: 
fatwrite mmc ${mmcdev}:1 ${loadaddr} ws-calibrate.rules 4
Unknown command 'fatwrite' - try 'help'
OMAP3_EVM # 
- 08:10:25 [INFO] Host: fatwrite mmc ${mmcdev}:1 ${loadaddr} ws-calibrate.rules 4
- 08:10:25 [INFO] Target: 
fatwrite mmc ${mmcdev}:1 ${loadaddr} ws-calibrate.rules 4
Unknown command 'fatwrite' - try 'help'
OMAP3_EVM # 
- 08:10:25 [INFO] Host: boot
- 08:10:57 [INFO] Target: 
boot
Unknown command 'iminfo' - try 'help'
Unknown command 'bootz' - try 'help'
## Booting kernel from Legacy Image at 82000000 ...
   Image Name:   Linux-4.8.0-rc8-next-20160927-00
   Image Type:   ARM Linux Kernel Image (uncompressed)
   Data Size:    7048688 Bytes = 6.7 MiB
   Load Address: 81000000
   Entry Point:  81000000
   Verifying Checksum ... OK
   Loading Kernel Image ... OK
Starting kernel ...
[    0.000000] Booting Linux on physical CPU 0x0
[    0.000000] Linux version 4.8.0-rc8-next-20160927-00002-g530907179f07 (nmenon@horus) (gcc version 4.9.3 20150413 (prerelease) (Linaro GCC 4.9-2015.05) ) #3 SMP Tue Sep 27 07:31:43 CDT 2016
[    0.000000] CPU: ARMv7 Processor [413fc082] revision 2 (ARMv7), cr=10c5387d
[    0.000000] CPU: PIPT / VIPT nonaliasing data cache, VIPT aliasing instruction cache
[    0.000000] OF: fdt:Machine model: TI OMAP37XX EVM (TMDSEVM3730)
[    0.000000] efi: Getting EFI parameters from FDT:
[    0.000000] efi: UEFI not found.
[    0.000000] cma: Reserved 64 MiB at 0x8b800000
[    0.000000] Memory policy: Data cache writeback
[    0.000000] CPU: All CPU(s) started in SVC mode.
[    0.000000] OMAP3630 ES1.2 (l2cache iva sgx neon isp 192mhz_clk )
[    0.000000] percpu: Embedded 14 pages/cpu @cfb84000 s26624 r8192 d22528 u57344
[    0.000000] Built 1 zonelists in Zone order, mobility grouping on.  Total pages: 64512
[    0.000000] Kernel command line: console=ttyO0,115200n8 earlyprintk=serial,ttyO0,115200n8   ip=:::::eth0:dhcp  root=/dev/mmcblk0p2 rw rootfstype=ext3 rootwait 
[    0.000000] PID hash table entries: 1024 (order: 0, 4096 bytes)
[    0.000000] Dentry cache hash table entries: 32768 (order: 5, 131072 bytes)
[    0.000000] Inode-cache hash table entries: 16384 (order: 4, 65536 bytes)
[    0.000000] Memory: 173884K/260096K available (9216K kernel code, 1121K rwdata, 3852K rodata, 2048K init, 343K bss, 20676K reserved, 65536K cma-reserved, 0K highmem)
[    0.000000] Virtual kernel memory layout:
[    0.000000]     vector  : 0xffff0000 - 0xffff1000   (   4 kB)
[    0.000000]     fixmap  : 0xffc00000 - 0xfff00000   (3072 kB)
[    0.000000]     vmalloc : 0xd0800000 - 0xff800000   ( 752 MB)
[    0.000000]     lowmem  : 0xc0000000 - 0xd0000000   ( 256 MB)
[    0.000000]     pkmap   : 0xbfe00000 - 0xc0000000   (   2 MB)
[    0.000000]     modules : 0xbf000000 - 0xbfe00000   (  14 MB)
[    0.000000]       .text : 0xc0208000 - 0xc0c00000   (10208 kB)
[    0.000000]       .init : 0xc1100000 - 0xc1300000   (2048 kB)
[    0.000000]       .data : 0xc1300000 - 0xc14185e0   (1122 kB)
[    0.000000]        .bss : 0xc141a000 - 0xc146ff48   ( 344 kB)
[    0.000000] SLUB: HWalign=64, Order=0-3, MinObjects=0, CPUs=1, Nodes=1
[    0.000000] Hierarchical RCU implementation.
[    0.000000] 	Build-time adjustment of leaf fanout to 32.
[    0.000000] 	RCU restricting CPUs from NR_CPUS=16 to nr_cpu_ids=1.
[    0.000000] RCU: Adjusting geometry for rcu_fanout_leaf=32, nr_cpu_ids=1
[    0.000000] NR_IRQS:16 nr_irqs:16 16
[    0.000000] IRQ: Found an INTC at 0xfa200000 (revision 4.0) with 96 interrupts
[    0.000000] Clocking rate (Crystal/Core/MPU): 26.0/400/600 MHz
[    0.000000] OMAP clockevent source: timer1 at 32768 Hz
[    0.000000] clocksource: 32k_counter: mask: 0xffffffff max_cycles: 0xffffffff, max_idle_ns: 58327039986419 ns
[    0.000000] sched_clock: 32 bits at 32kHz, resolution 30517ns, wraps every 65535999984741ns
[    0.000030] OMAP clocksource: 32k_counter at 32768 Hz
[    0.003295] Console: colour dummy device 80x30
[    0.003326] Calibrating delay loop... 594.73 BogoMIPS (lpj=1486848)
[    0.034637] pid_max: default: 32768 minimum: 301
[    0.034790] Mount-cache hash table entries: 1024 (order: 0, 4096 bytes)
[    0.034820] Mountpoint-cache hash table entries: 1024 (order: 0, 4096 bytes)
[    0.035675] CPU: Testing write buffer coherency: ok
[    0.036041] CPU0: thread -1, cpu 0, socket -1, mpidr 0
[    0.036437] Setting up static identity map for 0x80300000 - 0x80300098
[    0.044982] EFI services will not be available.
[    0.045318] Brought up 1 CPUs
[    0.045349] SMP: Total of 1 processors activated (594.73 BogoMIPS).
[    0.045349] CPU: All CPU(s) started in SVC mode.
[    0.047241] devtmpfs: initialized
[    0.081451] VFP support v0.3: implementor 41 architecture 3 part 30 variant c rev 3
[    0.082397] clocksource: jiffies: mask: 0xffffffff max_cycles: 0xffffffff, max_idle_ns: 9556302231375000 ns
[    0.086303] pinctrl core: initialized pinctrl subsystem
[    0.089752] NET: Registered protocol family 16
[    0.092559] DMA: preallocated 256 KiB pool for atomic coherent allocations
[    0.120361] omap_hwmod: mcbsp2_sidetone using broken dt data from mcbsp
[    0.121154] omap_hwmod: mcbsp3_sidetone using broken dt data from mcbsp
[    0.189727] cpuidle: using governor menu
[    0.190399] Reprogramming SDRC clock to 400000000 Hz
[    0.200805] OMAP GPIO hardware version 2.5
[    0.218505] irq: no irq domain found for /ocp@68000000/l4@48000000/scm@2000/pinmux@30 !
[    0.219238] irq: no irq domain found for /ocp@68000000/l4@48000000/scm@2000/pinmux@30 !
[    0.219787] irq: no irq domain found for /ocp@68000000/l4@48000000/scm@2000/pinmux@30 !
[    0.224426] irq: no irq domain found for /ocp@68000000/l4@48000000/scm@2000/pinmux@30 !
[    0.234069] omap-gpmc 6e000000.gpmc: GPMC revision 5.0
[    0.234100] gpmc_mem_init: disabling cs 0 mapped at 0x0-0x1000000
[    0.243347] No ATAGs?
[    0.243347] hw-breakpoint: debug architecture 0x4 unsupported.
[    0.245147] omap4_sram_init:Unable to allocate sram needed to handle errata I688
[    0.245178] omap4_sram_init:Unable to get sram pool needed to handle errata I688
[    0.245483] OMAP DMA hardware revision 5.0
[    0.252655] Serial: AMBA PL011 UART driver
[    0.288085] omap-dma-engine 48056000.dma-controller: OMAP DMA engine driver (LinkedList1/2/3 supported)
[    0.291870] reg-fixed-voltage wl12xx_vmmc: could not find pctldev for node /ocp@68000000/l4@48000000/scm@2000/pinmux@30/pinmux_wl12xx_gpio, deferring probe
[    0.297851] vgaarb: loaded
[    0.299285] SCSI subsystem initialized
[    0.300048] usbcore: registered new interface driver usbfs
[    0.300140] usbcore: registered new interface driver hub
[    0.300231] usbcore: registered new device driver usb
[    0.302246] omap_i2c 48070000.i2c: bus 0 rev4.4 at 2600 kHz
[    0.302978] omap_i2c 48072000.i2c: bus 1 rev4.4 at 400 kHz
[    0.303955] omap_i2c 48060000.i2c: bus 2 rev4.4 at 400 kHz
[    0.305450] pps_core: LinuxPPS API ver. 1 registered
[    0.305480] pps_core: Software ver. 5.3.6 - Copyright 2005-2007 Rodolfo Giometti <giometti@linux.it>
[    0.305511] PTP clock support registered
[    0.305786] EDAC MC: Ver: 3.0.0
[    0.309936] clocksource: Switched to clocksource 32k_counter
[    0.326049] NET: Registered protocol family 2
[    0.326873] TCP established hash table entries: 2048 (order: 1, 8192 bytes)
[    0.326904] TCP bind hash table entries: 2048 (order: 2, 16384 bytes)
[    0.326965] TCP: Hash tables configured (established 2048 bind 2048)
[    0.327056] UDP hash table entries: 256 (order: 1, 8192 bytes)
[    0.327087] UDP-Lite hash table entries: 256 (order: 1, 8192 bytes)
[    0.327270] NET: Registered protocol family 1
[    0.327819] RPC: Registered named UNIX socket transport module.
[    0.327850] RPC: Registered udp transport module.
[    0.327850] RPC: Registered tcp transport module.
[    0.327850] RPC: Registered tcp NFSv4.1 backchannel transport module.
[    0.331420] hw perfevents: enabled with armv7_cortex_a8 PMU driver, 5 counters available
[    0.334930] futex hash table entries: 256 (order: 2, 16384 bytes)
[    0.336273] workingset: timestamp_bits=30 max_order=16 bucket_order=0
[    0.352478] squashfs: version 4.0 (2009/01/31) Phillip Lougher
[    0.353942] NFS: Registering the id_resolver key type
[    0.354003] Key type id_resolver registered
[    0.354003] Key type id_legacy registered
[    0.354064] ntfs: driver 2.1.32 [Flags: R/O].
[    0.356567] Block layer SCSI generic (bsg) driver version 0.4 loaded (major 248)
[    0.356597] io scheduler noop registered
[    0.356597] io scheduler deadline registered
[    0.356903] io scheduler cfq registered (default)
[    0.363677] libphy: mdio_driver_register: phy-bcm-ns2-pci
[    0.365936] pinctrl-single 48002030.pinmux: 284 pins at pa fa002030 size 568
[    0.366241] pinctrl-single 48002a00.pinmux: 46 pins at pa fa002a00 size 92
[    0.366851] pinctrl-single 480025a0.pinmux: 46 pins at pa fa0025a0 size 92
[    0.486816] Serial: 8250/16550 driver, 4 ports, IRQ sharing disabled
[    0.491394] SuperH (H)SCI(F) driver initialized
[    0.492980] msm_serial: driver initialized
[    0.493652] 4806a000.serial: ttyO0 at MMIO 0x4806a000 (irq = 88, base_baud = 3000000) is a OMAP UART0
[    1.268249] console [ttyO0] enabled
[    1.272857] 4806c000.serial: ttyO1 at MMIO 0x4806c000 (irq = 89, base_baud = 3000000) is a OMAP UART1
[    1.283447] 49020000.serial: ttyO2 at MMIO 0x49020000 (irq = 90, base_baud = 3000000) is a OMAP UART2
[    1.293914] omap_uart 49042000.serial: no wakeirq for uart3
[    1.299987] 49042000.serial: ttyO3 at MMIO 0x49042000 (irq = 96, base_baud = 3000000) is a OMAP UART3
[    1.310241] STMicroelectronics ASC driver initialized
[    1.320861] [drm] Initialized
[    1.347900] brd: module loaded
[    1.359985] loop: module loaded
[    1.384796] random: fast init done
[    1.394134] twl 0-0048: PIH (irq 23) chaining IRQs 341..349
[    1.400146] twl 0-0048: power (irq 346) chaining IRQs 349..356
[    1.450683] VPLL2: Bringing 1300000uV into 1800000-1800000uV
[    1.458435] VPLL2: ramp_delay not set
[    1.468872] twl4030_gpio twl4030-gpio: gpio (irq 341) chaining IRQs 357..374
[    1.578582] libphy: Fixed MDIO Bus: probed
[    1.584686] CAN device driver interface
[    1.593109] igb: Intel(R) Gigabit Ethernet Network Driver - version 5.3.0-k
[    1.600494] igb: Copyright (c) 2007-2014 Intel Corporation.
[    1.636199] libphy: smsc911x-mdio: probed
[    1.641418] smsc911x 2c000000.ethernet eth0: MAC Address: 00:50:c2:7e:93:ba
[    1.653869] pegasus: v0.9.3 (2013/04/25), Pegasus/Pegasus II USB Ethernet driver
[    1.661804] usbcore: registered new interface driver pegasus
[    1.667907] usbcore: registered new interface driver asix
[    1.673675] usbcore: registered new interface driver ax88179_178a
[    1.680175] usbcore: registered new interface driver cdc_ether
[    1.686431] usbcore: registered new interface driver smsc75xx
[    1.692596] usbcore: registered new interface driver smsc95xx
[    1.698730] usbcore: registered new interface driver net1080
[    1.704772] usbcore: registered new interface driver cdc_subset
[    1.711090] usbcore: registered new interface driver zaurus
[    1.717071] usbcore: registered new interface driver cdc_ncm
[    1.726898] ehci_hcd: USB 2.0 'Enhanced' Host Controller (EHCI) Driver
[    1.733825] ehci-pci: EHCI PCI platform driver
[    1.738586] ehci-platform: EHCI generic platform driver
[    1.744567] ehci-orion: EHCI orion driver
[    1.749114] SPEAr-ehci: EHCI SPEAr driver
[    1.753662] ehci-st: EHCI STMicroelectronics driver
[    1.759124] ehci-exynos: EHCI EXYNOS driver
[    1.763885] ehci-atmel: EHCI Atmel driver
[    1.768432] tegra-ehci: Tegra EHCI driver
[    1.773010] ohci_hcd: USB 1.1 'Open' Host Controller (OHCI) Driver
[    1.779571] ohci-pci: OHCI PCI platform driver
[    1.784362] ohci-platform: OHCI generic platform driver
[    1.790283] ohci-omap3: OHCI OMAP3 driver
[    1.795013] ohci-omap3 48064400.ohci: OHCI Host Controller
[    1.800903] ohci-omap3 48064400.ohci: new USB bus registered, assigned bus number 1
[    1.809326] ohci-omap3 48064400.ohci: irq 92, io mem 0x48064400
[    1.895568] hub 1-0:1.0: USB hub found
[    1.899566] hub 1-0:1.0: 3 ports detected
[    1.904815] SPEAr-ohci: OHCI SPEAr driver
[    1.909606] ohci-st: OHCI STMicroelectronics driver
[    1.915191] ohci-atmel: OHCI Atmel driver
[    1.921081] usbcore: registered new interface driver usb-storage
[    1.930633] mousedev: PS/2 mouse device common for all mice
[    1.942871] twl_rtc 48070000.i2c:twl@48:rtc: Enabling TWL-RTC
[    1.951904] twl_rtc 48070000.i2c:twl@48:rtc: rtc core: registered 48070000.i2c:twl@48 as rtc0
[    1.962585] i2c /dev entries driver
[    1.988708] VDD1: ramp_delay not set
[    1.997192] sdhci: Secure Digital Host Controller Interface driver
[    2.003814] sdhci: Copyright(c) Pierre Ossman
[    2.013580] VDD1: ramp_delay not set
[    2.057678] Synopsys Designware Multimedia Card Interface Driver
[    2.065979] sdhci-pltfm: SDHCI platform and OF driver helper
[    2.080566] ledtrig-cpu: registered to indicate activity on CPUs
[    2.087554] usbcore: registered new interface driver usbhid
[    2.093444] usbhid: USB HID core driver
[    2.102752] NET: Registered protocol family 10
[    2.109039] sit: IPv6, IPv4 and MPLS over IPv4 tunneling driver
[    2.116149] NET: Registered protocol family 17
[    2.120849] can: controller area network core (rev 20120528 abi 9)
[    2.127441] NET: Registered protocol family 29
[    2.132141] can: raw protocol (rev 20120528)
[    2.136627] can: broadcast manager protocol (rev 20160617 t)
[    2.142578] can: netlink gateway (rev 20130117) max_hops=1
[    2.149017] Key type dns_resolver registered
[    2.154541] omap2_set_init_voltage: unable to find boot up OPP for vdd_core
[    2.161895] omap2_set_init_voltage: unable to set vdd_core
[    2.168426] ThumbEE CPU extension supported.
[    2.172973] Registering SWP/SWPB emulation handler
[    2.191009] vwl1271: supplied by VMMC2
[    2.288757] mmc0: host does not support reading read-only switch, assuming write-enable
[    2.299102] mmc0: new high speed SDHC card at address b368
[    2.306457] mmcblk0: mmc0:b368 SDC   3.75 GiB 
[    2.311889] VDD1: ramp_delay not set
[    2.317321]  mmcblk0: p1 p2 p3
[    2.329101] twl_rtc 48070000.i2c:twl@48:rtc: setting system clock to 2000-01-02 03:35:40 UTC (946784140)
[    2.342315] omap_hsmmc 480b4000.mmc: card claims to support voltages below defined range
[    2.375030] mmc1: new SDIO card at address 0001
[    2.415435] SMSC LAN8700 2c000000.etherne:01: attached PHY driver [SMSC LAN8700] (mii_bus:phy_addr=2c000000.etherne:01, irq=-1)
[    2.445220] smsc911x 2c000000.ethernet eth0: SMSC911x/921x identified at 0xd0808000, IRQ: 288
[    2.454345] IPv6: ADDRCONF(NETDEV_UP): eth0: link is not ready
[    2.616149] VDD1: ramp_delay not set
[    5.520202] IPv6: ADDRCONF(NETDEV_CHANGE): eth0: link becomes ready
[    5.540374] Sending DHCP requests ., OK
[    5.600708] IP-Config: Got DHCP answer from 192.168.0.1, my address is 192.168.0.102
[    5.608947] IP-Config: Complete:
[    5.612396]      device=eth0, hwaddr=00:50:c2:7e:93:ba, ipaddr=192.168.0.102, mask=255.255.255.0, gw=192.168.0.1
[    5.623138]      host=192.168.0.102, domain=tim.com, nis-domain=(none)
[    5.630157]      bootserver=192.168.0.1, rootserver=192.168.0.1, rootpath=     nameserver0=192.0.2.2, nameserver1=192.0.2.3
[    5.643005] lcd_3v3: disabling
[    5.648223] VUSB3V1: disabling
[    5.651916] vwl1271: disabling
[    5.659698] EXT4-fs (mmcblk0p2): mounting ext3 file system using the ext4 subsystem
[    5.683135] EXT4-fs (mmcblk0p2): warning: maximal mount count reached, running e2fsck is recommended
[    6.046539] EXT4-fs (mmcblk0p2): mounted filesystem with ordered data mode. Opts: (null)
[    6.055267] VFS: Mounted root (ext3 filesystem) on device 179:2.
[    6.072784] devtmpfs: mounted
[    6.085632] Freeing unused kernel memory: 2048K (c1100000 - c1300000)
INIT: version 2.86 booting
[    6.351348] VDD1: ramp_delay not set
Please wait: booting...
Error opening /dev/fb0: No such file or directory
Starting udev
[    6.844329] udevd (117): /proc/117/oom_adj is deprecated, please use /proc/117/oom_score_adj instead.
[    7.255859] VDD1: ramp_delay not set
[   13.472381] EXT4-fs (mmcblk0p3): mounting ext3 file system using the ext4 subsystem
[   13.544555] FAT-fs (mmcblk0p1): Volume was not properly unmounted. Some data may be corrupt. Please run fsck.
[   13.570343] EXT4-fs (mmcblk0p3): warning: maximal mount count reached, running e2fsck is recommended
[   13.624359] EXT4-fs (mmcblk0p3): mounted filesystem with ordered data mode. Opts: (null)
[   15.739349] alignment: ignoring faults is unsafe on this CPU.  Defaulting to fixup mode.
Remounting root file system...
[   15.809051] EXT4-fs (mmcblk0p2): re-mounted. Opts: (null)
Caching udev devnodes
[   16.052062] VDD1: ramp_delay not set
[   16.351470] VDD1: ramp_delay not set
logger: mount: mount point /proc/bus/usb does not exist
[   17.771270] VDD1: ramp_delay not set
ALSA: Restoring mixer settings...
Configuring network interfaces... /usr/sbin/alsactl: load_state:1625: No soundcards found...
[   18.561309] VDD1: ramp_delay not set
[   19.265747] SMSC LAN8700 2c000000.etherne:01: attached PHY driver [SMSC LAN8700] (mii_bus:phy_addr=2c000000.etherne:01, irq=-1)
[   19.295471] smsc911x 2c000000.ethernet eth0: SMSC911x/921x identified at 0xd0808000, IRQ: 288
[   19.304901] IPv6: ADDRCONF(NETDEV_UP): eth0: link is not ready
eth0      no wireless extensions.
udhcpc (v1.13.2) started
Sending discover...
[   19.811248] VDD1: ramp_delay not set
[   20.281219] VDD1: ramp_delay not set
[   22.355865] IPv6: ADDRCONF(NETDEV_CHANGE): eth0: link becomes ready
Sending discover...
Sending select for 192.168.0.194...
Lease of 192.168.0.194 obtained, lease time 600
adding dns 192.0.2.2
adding dns 192.0.2.3
done.
Setting up IP spoofing protection: rp_filter.
[   24.031219] VDD1: ramp_delay not set
Tue Jun 14 08:33:00 UTC 2016
INIT: Entering runlevel: 5
Starting system message bus: dbus.
Starting Hardware abstraction layer hald
[   24.331451] VDD1: ramp_delay not set
[   24.935699] VDD1: ramp_delay not set
Starting Dropbear SSH server: dropbear.
Starting telnet daemon.
Starting network benchmark server: netserver.
Starting syslogd/klogd: done
Starting thttpd.
Starting Lighttpd Web Server: lighttpd.
2016-06-14 08:33:02: (log.c.166) server started 
Starting Matrix GUI application.
[   26.751251] VDD1: ramp_delay not set
[   27.956573] VDD1: ramp_delay not set
[   28.256103] VDD1: ramp_delay not set
[   28.515197] random: crng init done
[   28.561248] VDD1: ramp_delay not set
***************************************************************
***************************************************************
NOTICE: This file system contains the followin GPLv3 packages:
	binutils-dev
	binutils-symlinks
	binutils
	gdbserver
If you do not wish to distribute GPLv3 components please remove
the above packages prior to distribution.  This can be done using
the opkg remove command.  i.e.:
    opkg remove <package>
Where <package> is the name printed in the list above
NOTE: If[   29.816375] VDD1: ramp_delay not set
 _____                    _____           _         _   
|  _  |___ ___ ___ ___   |  _  |___ ___  |_|___ ___| |_ 
|     |  _| .'| . | . |  |   __|  _| . | | | -_|  _|  _|
|__|__|_| |__,|_  |___|  |__|  |_| |___|_| |___|___|_|  
              |___|                    |___|            
Arago Project http://arago-project.org am37x-evm ttyO0
Arago 2011.09 am37x-evm ttyO0
am37x-evm login: 
- 08:10:57 [INFO] Host: root
- 08:10:57 [INFO] Target: 
root
root@am37x-evm:~# [   30.681243] VDD1: ramp_delay not set
- 08:10:57 [INFO] Sleeping 15 secs to allow systemd to finish starting processes...
- 08:11:12 [INFO] Disconnected serial from am37x-evm
- 08:11:12 [INFO] Connected to am37x-evm via serial 
- 08:11:12 [INFO] Host: uname -a
- 08:11:12 [INFO] Target: 
uname -a
Linux am37x-evm 4.8.0-rc8-next-20160927-00002-g530907179f07 #3 SMP Tue Sep 27 07:31:43 CDT 2016 armv7l unknown
root@am37x-evm:~# 
- 08:11:12 [INFO] Host: cat /proc/cmdline
- 08:11:12 [INFO] Target: 
cat /proc/cmdline
console=ttyO0,115200n8 earlyprintk=serial,ttyO0,115200n8   ip=:::::eth0:dhcp  root=/dev/mmcblk0p2 rw rootfstype=ext3 rootwait 
root@am37x-evm:~# 
- 08:11:12 [INFO] Host: uname -a
- 08:11:12 [INFO] Target: 
uname -a
Linux am37x-evm 4.8.0-rc8-next-20160927-00002-g530907179f07 #3 SMP Tue Sep 27 07:31:43 CDT 2016 armv7l unknown
root@am37x-evm:~# 
- 08:11:12 [INFO] Host: cat /proc/mtd
- 08:11:12 [INFO] Target: 
cat /proc/mtd
dev:    size   erasesize  name
root@am37x-evm:~# 
- 08:11:12 [INFO] Host: cat /proc/diskstats
- 08:11:13 [INFO] Target: 
cat /proc/diskstats
   1       0 ram0 0 0 0 0 0 0 0 0 0 0 0
   1       1 ram1 0 0 0 0 0 0 0 0 0 0 0
   1       2 ram2 0 0 0 0 0 0 0 0 0 0 0
   1       3 ram3 0 0 0 0 0 0 0 0 0 0 0
   1       4 ram4 0 0 0 0 0 0 0 0 0 0 0
   1       5 ram5 0 0 0 0 0 0 0 0 0 0 0
   1       6 ram6 0 0 0 0 0 0 0 0 0 0 0
   1       7 ram7 0 0 0 0 0 0 0 0 0 0 0
   1       8 ram8 0 0 0 0 0 0 0 0 0 0 0
   1       9 ram9 0 0 0 0 0 0 0 0 0 0 0
   1      10 ram10 0 0 0 0 0 0 0 0 0 0 0
   1      11 ram11 0 0 0 0 0 0 0 0 0 0 0
   1      12 ram12 0 0 0 0 0 0 0 0 0 0 0
   1      13 ram13 0 0 0 0 0 0 0 0 0 0 0
   1      14 ram14 0 0 0 0 0 0 0 0 0 0 0
   1      15 ram15 0 0 0 0 0 0 0 0 0 0 0
   7       0 loop0 0 0 0 0 0 0 0 0 0 0 0
   7       1 loop1 0 0 0 0 0 0 0 0 0 0 0
   7       2 loop2 0 0 0 0 0 0 0 0 0 0 0
   7       3 loop3 0 0 0 0 0 0 0 0 0 0 0
   7       4 loop4 0 0 0 0 0 0 0 0 0 0 0
   7       5 loop5 0 0 0 0 0 0 0 0 0 0 0
   7       6 loop6 0 0 0 0 0 0 0 0 0 0 0
   7       7 loop7 0 0 0 0 0 0 0 0 0 0 0
 179       0 mmcblk0 2181 808 82297 10340 21 14 280 8680 0 8010 19000
 179       1 mmcblk0p1 304 1 3190 990 0 0 0 0 0 975 985
 179       2 mmcblk0p2 1608 774 76189 8265 20 14 272 8675 0 6955 16930
 179       3 mmcblk0p3 259 33 2758 1075 1 0 8 5 0 1020 1075
root@am37x-evm:~# 
- 08:11:13 [INFO] Host: cat /proc/interrupts
- 08:11:13 [INFO] Target: 
cat /proc/interrupts
           CPU0       
 23:          0      INTC   7 Edge      TWL4030-PIH
 25:          0      INTC   9 Edge      l3-debug-irq
 26:          0      INTC  10 Edge      l3-app-irq
 28:          0      INTC  12 Edge      DMA
 29:       2206      INTC  13 Edge      omap-dma-engine
 36:          0      INTC  20 Edge      gpmc
 45:          0      INTC  29 Edge      48310000.gpio
 46:          0      INTC  30 Edge      49050000.gpio
 47:          0      INTC  31 Edge      49052000.gpio
 48:          0      INTC  32 Edge      49054000.gpio
 49:          0      INTC  33 Edge      49056000.gpio
 50:         14      INTC  34 Edge      49058000.gpio
 53:       4363      INTC  37 Edge      gp_timer
 72:       1300      INTC  56 Edge      48070000.i2c
 73:          0      INTC  57 Edge      48072000.i2c
 77:          0      INTC  61 Edge      48060000.i2c
 88:        595      INTC  72 Edge      OMAP UART0
 92:          1      INTC  76 Edge      ohci_hcd:usb1
 99:       6680      INTC  83 Edge      mmc0
102:        144      INTC  86 Edge      mmc1
288:         14  49058000.gpio  16 Level     eth0
306:       1014      PRCM Edge      pm_wkup
315:         45      PRCM Edge      pinctrl, pinctrl, pinctrl, pm_io
338:          0   pinctrl 338 Edge      4806a000.serial
341:          0   twl4030   0 Edge      twl4030_gpio
346:          0   twl4030   5 Edge      twl4030_power
352:          0   twl4030  11 Edge      rtc0
375:         15   pinctrl 282 Edge      4809c000.mmc
IPI0:          0  CPU wakeup interrupts
IPI1:          0  Timer broadcast interrupts
IPI2:          0  Rescheduling interrupts
IPI3:          0  Function call interrupts
IPI4:          0  CPU stop interrupts
IPI5:          0  IRQ work interrupts
IPI6:          0  completion interrupts
Err:          0
root@am37x-evm:~# 
- 08:11:13 [INFO] Host: cat /proc/softirqs
- 08:11:13 [INFO] Target: 
cat /proc/softirqs
                    CPU0       
          HI:          1
       TIMER:       4152
      NET_TX:          1
      NET_RX:         12
       BLOCK:          0
BLOCK_IOPOLL:          0
     TASKLET:       2242
       SCHED:          0
     HRTIMER:          0
         RCU:       7241
root@am37x-evm:~# 
- 08:11:19 [INFO] Host: export IPERFHOST=192.168.0.1
- 08:11:19 [INFO] Target: 
export IPERFHOST=192.168.0.1
root@am37x-evm:~# 
- 08:11:19 [INFO] Host: export NFS_SERVER=192.168.0.1
- 08:11:19 [INFO] Target: 
export NFS_SERVER=192.168.0.1
root@am37x-evm:~# 
- 08:11:19 [INFO] Host: export NFS_ROOT_PATH=/home/tigtfarm06/NFS_exports/linux/am37x-evm
- 08:11:19 [INFO] Target: 
export NFS_ROOT_PATH=/home/tigtfarm06/NFS_exports/linux/am37x-
root@am37x-evm:~# 
- 08:11:19 [INFO] Host: export AP_SSID=
- 08:11:19 [INFO] Target: 
export AP_SSID=
root@am37x-evm:~# 
- 08:11:19 [INFO] Host: mkdir -p -m 777 /test
- 08:11:20 [INFO] Target: 
mkdir -p -m 777 /test
root@am37x-evm:~# 
- 08:11:20 [INFO] Host: cd /test
- 08:11:20 [INFO] Target: 
cd /test
root@am37x-evm:/test# 
- 08:11:20 [INFO] Host: cat > test.sh << EOF
- 08:11:20 [INFO] Target: 
cat > test.sh << EOF
- 08:11:20 [INFO] Host: failtest() {
- 08:11:20 [INFO] Target: 
failtest() {
- 08:11:20 [INFO] Host:   echo 1 >&3
- 08:11:20 [INFO] Target: 
  echo 1 >&3
- 08:11:20 [INFO] Host: }
- 08:11:20 [INFO] Target: 
- 08:11:20 [INFO] Host: timeout=600
- 08:11:20 [INFO] Target: 
timeout=600
- 08:11:20 [INFO] Host: 
- 08:11:20 [INFO] Target: 
- 08:11:20 [INFO] Host: # Start of user's script logic
- 08:11:20 [INFO] Target: 
# Start of user's script logic
- 08:11:20 [INFO] Host: mount -t proc proc /proc 2>/dev/null;
- 08:11:20 [INFO] Target: 
mount -t proc proc /proc 2>/dev/null;
- 08:11:20 [INFO] Host: 
- 08:11:21 [INFO] Target: 
- 08:11:21 [INFO] Host: mount -t sysfs sys /sys 2>/dev/null;
- 08:11:21 [INFO] Target: 
mount -t sysfs sys /sys 2>/dev/null;
- 08:11:21 [INFO] Host: 
- 08:11:21 [INFO] Target: 
- 08:11:21 [INFO] Host: mount -t debugfs none /sys/kernel/debug 2>/dev/null;
- 08:11:21 [INFO] Target: 
mount -t debugfs none /sys/kernel/debug 2>/dev/null;
- 08:11:21 [INFO] Host: 
- 08:11:21 [INFO] Target: 
- 08:11:21 [INFO] Host: echo 'cpuinfo:';cat /proc/cpuinfo; echo '=======';
- 08:11:21 [INFO] Target: 
echo 'cpuinfo:';cat /proc/cpuinfo; echo '=======';
- 08:11:21 [INFO] Host: 
- 08:11:21 [INFO] Target: 
- 08:11:21 [INFO] Host: echo 'soc info:';head /sys/devices/soc0/* 2>/dev/null; echo '=======';
- 08:11:21 [INFO] Target: 
echo 'soc info:';head /sys/devices/soc0/* 2>/dev/null; echo '=======';
- 08:11:21 [INFO] Host: 
- 08:11:21 [INFO] Target: 
- 08:11:21 [INFO] Host: echo 'DT Model info'; head /proc/device-tree/name /proc/device-tree/model /proc/device-tree/compatible 2>/dev/null;echo; echo '=======';
- 08:11:21 [INFO] Target: 
echo 'DT Model info'; head /proc/device-tree/name /proc/device-tree/model /pro
c/device-tree/compatible 2>/dev/null;echo; echo '=======';
- 08:11:21 [INFO] Host: 
- 08:11:22 [INFO] Target: 
- 08:11:22 [INFO] Host: echo 'interrupts:';cat /proc/interrupts; echo '=======';
- 08:11:22 [INFO] Target: 
echo 'interrupts:';cat /proc/interrupts; echo '=======';
- 08:11:22 [INFO] Host: 
- 08:11:22 [INFO] Target: 
- 08:11:22 [INFO] Host: echo 'Clk_summary:';cat /sys/kernel/debug/clk/clk_summary; echo '=======';
- 08:11:22 [INFO] Target: 
echo 'Clk_summary:';cat /sys/kernel/debug/clk/clk_summary; echo '=======';
- 08:11:22 [INFO] Host: 
- 08:11:22 [INFO] Target: 
- 08:11:22 [INFO] Host: echo "Available frequencies"; cat /sys/devices/system/cpu/cpu0/cpufreq/scaling_available_frequencies 2>/dev/null;echo '=======';
- 08:11:22 [INFO] Target: 
echo "Available frequencies"; cat /sys/devices/system/cpu/cpu0/cpufreq/scaling
_available_frequencies 2>/dev/null;echo '=======';
- 08:11:22 [INFO] Host: 
- 08:11:22 [INFO] Target: 
- 08:11:22 [INFO] Host: TMPF=/tmp/a.\$\$; TMPF2=/tmp/b.\$\$; STR=""
- 08:11:22 [INFO] Target: 
TMPF=/tmp/a.\$\$; TMPF2=/tmp/b.\$\$; STR=""
- 08:11:22 [INFO] Host: 
- 08:11:22 [INFO] Target: 
- 08:11:22 [INFO] Host: cp /dev/kmsg \$TMPF &
- 08:11:22 [INFO] Target: 
cp /dev/kmsg \$TMPF &
- 08:11:22 [INFO] Host: 
- 08:11:23 [INFO] Target: 
- 08:11:23 [INFO] Host: PID=\$! ; sleep 5; kill -9 \$PID
- 08:11:23 [INFO] Target: 
PID=\$! ; sleep 5; kill -9 \$PID
- 08:11:23 [INFO] Host: 
- 08:11:23 [INFO] Target: 
- 08:11:23 [INFO] Host: 
- 08:11:23 [INFO] Target: 
- 08:11:23 [INFO] Host: 
- 08:11:23 [INFO] Target: 
- 08:11:23 [INFO] Host: cat \$TMPF|grep "^0">\$TMPF2; N=\`cat \$TMPF2|wc -l\`; if [ "\$N" -ne 0 ]; then STR="\$STR emerg=\$N";echo "===== EMERGE++";cat \$TMPF2|cut -d ';' -f2;echo "====="; fi
- 08:11:23 [INFO] Target: 
cat \$TMPF|grep "^0">\$TMPF2; N=\`cat \$TMPF2|wc -l\`; if [ "\$N" -ne 0 ]; the
n STR="\$STR emerg=\$N";echo "===== EMERGE++";cat \$TMPF2|cut -d ';' -f2;echo "=
===="; fi
- 08:11:23 [INFO] Host: 
- 08:11:23 [INFO] Target: 
- 08:11:23 [INFO] Host: cat \$TMPF|grep "^1">\$TMPF2; N=\`cat \$TMPF2|wc -l\`; if [ "\$N" -ne 0 ]; then STR="\$STR alert=\$N";echo "===== ALERT ==";cat \$TMPF2|cut -d ';' -f2;echo "====="; fi
- 08:11:23 [INFO] Target: 
cat \$TMPF|grep "^1">\$TMPF2; N=\`cat \$TMPF2|wc -l\`; if [ "\$N" -ne 0 ]; the
n STR="\$STR alert=\$N";echo "===== ALERT ==";cat \$TMPF2|cut -d ';' -f2;echo "=
===="; fi
- 08:11:23 [INFO] Host: 
- 08:11:23 [INFO] Target: 
- 08:11:23 [INFO] Host: cat \$TMPF|grep "^2">\$TMPF2; N=\`cat \$TMPF2|wc -l\`; if [ "\$N" -ne 0 ]; then STR="\$STR crit=\$N";echo "===== CRIT ==";cat \$TMPF2|cut -d ';' -f2;echo "====="; fi
- 08:11:24 [INFO] Target: 
cat \$TMPF|grep "^2">\$TMPF2; N=\`cat \$TMPF2|wc -l\`; if [ "\$N" -ne 0 ]; the
n STR="\$STR crit=\$N";echo "===== CRIT ==";cat \$TMPF2|cut -d ';' -f2;echo "===
=="; fi
- 08:11:24 [INFO] Host: 
- 08:11:24 [INFO] Target: 
- 08:11:24 [INFO] Host: cat \$TMPF|grep "^3">\$TMPF2; N=\`cat \$TMPF2|wc -l\`; if [ "\$N" -ne 0 ]; then STR="\$STR err=\$N";echo "===== ERR ==";cat \$TMPF2|cut -d ';' -f2;echo "=====" ;fi
- 08:11:24 [INFO] Target: 
cat \$TMPF|grep "^3">\$TMPF2; N=\`cat \$TMPF2|wc -l\`; if [ "\$N" -ne 0 ]; the
n STR="\$STR err=\$N";echo "===== ERR ==";cat \$TMPF2|cut -d ';' -f2;echo "=====
" ;fi
- 08:11:24 [INFO] Host: 
- 08:11:24 [INFO] Target: 
- 08:11:24 [INFO] Host: cat \$TMPF|grep "^4">\$TMPF2; N=\`cat \$TMPF2|wc -l\`; if [ "\$N" -ne 0 ]; then STR="\$STR warn=\$N";echo "===== WARN ==";cat \$TMPF2|cut -d ';' -f2;echo "=====" ;fi
- 08:11:24 [INFO] Target: 
cat \$TMPF|grep "^4">\$TMPF2; N=\`cat \$TMPF2|wc -l\`; if [ "\$N" -ne 0 ]; the
n STR="\$STR warn=\$N";echo "===== WARN ==";cat \$TMPF2|cut -d ';' -f2;echo "===
==" ;fi
- 08:11:24 [INFO] Host: 
- 08:11:24 [INFO] Target: 
- 08:11:24 [INFO] Host: rm \$TMPF \$TMPF2; echo "SUM""MARY RESULT: BOOT:" 'PASS: H''ello World' 'B''oard' "Booted" "Boot Log has::::\$STR:"
- 08:11:24 [INFO] Target: 
rm \$TMPF \$TMPF2; echo "SUM""MARY RESULT: BOOT:" 'PASS: H''ello World' 'B''oa
rd' "Booted" "Boot Log has::::\$STR:"
- 08:11:24 [INFO] Host: 
- 08:11:24 [INFO] Target: 
- 08:11:24 [INFO] Host: EOF
- 08:11:24 [INFO] Target: 
root@am37x-evm:/test# 
- 08:11:24 [INFO] Host: cd /test
- 08:11:24 [INFO] Target: 
cd /test
root@am37x-evm:/test# 
- 08:11:24 [INFO] Host: chmod +x test.sh
- 08:11:25 [INFO] Target: 
chmod +x test.sh
root@am37x-evm:/test# 
- 08:11:25 [INFO] Host: ./test.sh 2> stderr.log > stdout.log 3> result.log
- 08:11:30 [INFO] Target: 
./test.sh 2> stderr.log > stdout.log 3> result.log
[   58.561279] VDD1: ramp_delay not set
[   59.801361] VDD1: ramp_delay not set
[   63.621429] VDD1: ramp_delay not set
root@am37x-evm:/test# 
- 08:11:30 [INFO] Host: echo $?
- 08:11:30 [INFO] Target: 
echo $?
root@am37x-evm:/test# 
- 08:11:30 [INFO] Host: cd /test
- 08:11:30 [INFO] Target: 
cd /test
root@am37x-evm:/test# 
- 08:11:30 [INFO] Host: cat stdout.log
- 08:11:33 [INFO] Target: 
cat stdout.log
[   63.941131] VDD1: ramp_delay not set
cpuinfo:
processor	: 0
model name	: ARMv7 Processor rev 2 (v7l)
BogoMIPS	: 297.36
Features	: half thumb fastmult vfp edsp thumbee neon vfpv3 tls vfpd32 
CPU implementer	: 0x41
CPU architecture: 7
CPU variant	: 0x3
CPU part	: 0xc08
CPU revision	: 2
Hardware	: Generic OMAP36xx (Flattened Device Tree)
Revision	: 0000
Serial		: 0000000000000000
=======
soc info:
==> /sys/devices/soc0/family <==
OMAP3
==> /sys/devices/soc0/machine <==
OMAP3630
==> /sys/devices/soc0/power <==
==> /sys/devices/soc0/revision <==
ES1.2
==> /sys/devices/soc0/subsystem <==
==> /sys/devices/soc0/type <==
==> /sys/devices/soc0/uevent <==
=======
DT Model info
==> /proc/device-tree/name <==
==> /proc/device-tree/model <==
TI OMAP37XX EVM (TMDSEVM3730)
==> /proc/device-tree/compatible <==
ti,omap3-evm-37xxti,omap3630ti,omap3
=======
interrupts:
           CPU0       
 23:          0      INTC   7 Edge      TWL4030-PIH
 25:          0      INTC   9 Edge      l3-debug-irq
 26:          0      INTC  10 Edge      l3-app-irq
 28:          0      INTC  12 Edge      DMA
 29:       2216      INTC  13 Edge      omap-dma-engine
 36:          0      INTC  20 Edge      gpmc
 45:          0      INTC  29 Edge      48310000.gpio
 46:          0      INTC  30 Edge      49050000.gpio
 47:          0      INTC  31 Edge      49052000.gpio
 48:          0      INTC  32 Edge      49054000.gpio
 49:          0      INTC  33 Edge      49056000.gpio
 50:         14      INTC  34 Edge      49058000.gpio
 53:       4735      INTC  37 Edge      gp_timer
 72:       1300      INTC  56 Edge      48070000.i2c
 73:          0      INTC  57 Edge      48072000.i2c
 77:          0      INTC  61 Edge      48060000.i2c
 88:       8385      INTC  72 Edge      OMAP UART0
 92:          1      INTC  76 Edge      ohci_hcd:usb1
 99:       6726      INTC  83 Edge      mmc0
102:        144      INTC  86 Edge      mmc1
288:         14  49058000.gpio  16 Level     eth0
306:       1466      PRCM Edge      pm_wkup
315:         57      PRCM Edge      pinctrl, pinctrl, pinctrl, pm_io
338:          0   pinctrl 338 Edge      4806a000.serial
341:          0   twl4030   0 Edge      twl4030_gpio
346:          0   twl4030   5 Edge      twl4030_power
352:          0   twl4030  11 Edge      rtc0
375:         19   pinctrl 282 Edge      4809c000.mmc
IPI0:          0  CPU wakeup interrupts
IPI1:          0  Timer broadcast interrupts
IPI2:          0  Rescheduling interrupts
IPI3:          0  Function call interrupts
IPI4:          0  CPU stop interrupts
IPI5:          0  IRQ work interrupts
IPI6:          0  completion interrupts
Err:          0
=======
Clk_summary:
   clock                         enable_cnt  prepare_cnt        rate   accuracy   phase
----------------------------------------------------------------------------------------
 secure_32k_fck                           0            1       32768          0 0  
    wdt1_fck                              0            0       32768          0 0  
    gpt12_fck                             0            1       32768          0 0  
 dummy_ck                                 0            0           0          0 0  
 mcbsp_clks                               0            5           0          0 0  
 sys_altclk                               0            0           0          0 0  
 virt_38_4m_ck                            0            0    38400000          0 0  
 virt_26000000_ck                         1            1    26000000          0 0  
    osc_sys_ck                            1            1    26000000          0 0  
       sys_clkout1                        0            0    26000000          0 0  
       sys_ck                             4           18    13000000          0 0  
          gpt9_fck                        0            1    13000000          0 0  
          gpt8_fck                        0            1    13000000          0 0  
          gpt7_fck                        0            1    13000000          0 0  
          gpt6_fck                        0            1    13000000          0 0  
          gpt5_fck                        0            1    13000000          0 0  
          gpt4_fck                        0            1    13000000          0 0  
          gpt3_fck                        0            1    13000000          0 0  
          gpt2_fck                        0            1    13000000          0 0  
          cpefuse_fck                     0            0    13000000          0 0  
          dpll5_ck                        1            1   120000000          0 0  
             dpll5_m2_ck                  1            1   120000000          0 0  
                dpll5_m2_d20_ck           0            0     6000000          0 0  
                dpll5_m2_d16_ck           0            0     7500000          0 0  
                dpll5_m2_d8_ck            0            0    15000000          0 0  
                dpll5_m2_d4_ck            0            0    30000000          0 0  
                usbhost_120m_fck           0            0   120000000          0 0  
                usbtll_fck                1            1   120000000          0 0  
          sys_d2_ck                       0            0     6500000          0 0  
             usim_fck                     0            0     6500000          0 0  
          modem_fck                       0            0    13000000          0 0  
          dpll2_ck                        0            1   260000000          0 0  
             dpll2_m2_ck                  0            1   260000000          0 0  
                iva2_ck                   0            2   260000000          0 0  
          sr2_fck                         0            1    13000000          0 0  
          sr1_fck                         0            1    13000000          0 0  
          traceclk_src_fck                0            0    13000000          0 0  
             traceclk_fck                 0            0    13000000          0 0  
          emu_src_mux_ck                  0            1    13000000          0 0  
             emu_src_ck                   0            1    13000000          0 0  
                atclk_fck                 0            0    13000000          0 0  
                pclkx2_fck                0            0    13000000          0 0  
                pclk_fck                  0            0     6500000          0 0  
          dss2_alwon_fck                  0            2    13000000          0 0  
          dpll1_ck                        0            1   300000000          0 0  
             dpll1_x2_ck                  0            1   600000000          0 0  
                dpll1_x2m2_ck             0            1   600000000          0 0  
                   mpu_ck                 0            1   600000000          0 0  
                      emu_mpu_alwon_ck           0            0   600000000          0 0  
                      arm_fck             0            1   300000000          0 0  
          dpll3_ck                        1            1   400000000          0 0  
             dpll3_x2_ck                  0            0   800000000          0 0  
             dpll3_m2_ck                  1            2   400000000          0 0  
                dpll3_m2x2_ck             0            1   800000000          0 0  
                   corex2_fck             0            1   800000000          0 0  
                      ssi_ssr_fck_3430es2           0            1   266666667          0 0  
                         ssi_sst_fck_3430es2           0            0   133333333          0 0  
                      corex2_d5_fck           0            0   160000000          0 0  
                      corex2_d3_fck           0            0   266666666          0 0  
                core_ck                   1            1   400000000          0 0  
                   core_d2_ck             0            0   200000000          0 0  
                      sgx_fck             0            0   200000000          0 0  
                   core_d6_ck             0            0    66666666          0 0  
                   core_d4_ck             0            0   100000000          0 0  
                   core_d3_ck             0            0   133333333          0 0  
                   dpll2_fck              0            0   400000000          0 0  
                   l3_ick                 2            3   200000000          0 0  
                      sgx_ick             0            0   200000000          0 0  
                      mad2d_ick           0            0   200000000          0 0  
                      sad2d_ick           0            1   200000000          0 0  
                      security_l3_ick           0            0   200000000          0 0  
                         pka_ick           0            0   200000000          0 0  
                      core_l3_ick           8           10   200000000          0 0  
                         hsotgusb_ick_3430es2           0            1   200000000          0 0  
                         gpmc_fck           2            2   200000000          0 0  
                         sdrc_ick           1            1   200000000          0 0  
                      l4_ick              7            8   100000000          0 0  
                         usbhost_ick           1            1   100000000          0 0  
                         dss_ick_3430es2           4            6   100000000          0 0  
                         sr_l4_ick           2            2   100000000          0 0  
                         ssi_l4_ick           1            1   100000000          0 0  
                            ssi_ick_3430es2           1            1   100000000          0 0  
                         cam_ick           0            1   100000000          0 0  
                         security_l4_ick2           0            0   100000000          0 0  
                            des1_ick           0            0   100000000          0 0  
                            sha11_ick           0            0   100000000          0 0  
                            rng_ick           0            0   100000000          0 0  
                            aes1_ick           0            0   100000000          0 0  
                         per_l4_ick          15           18   100000000          0 0  
                            mcbsp4_ick           1            1   100000000          0 0  
                            mcbsp3_ick           2            3   100000000          0 0  
                            mcbsp2_ick           2            3   100000000          0 0  
                            gpt2_ick           1            1   100000000          0 0  
                            gpt3_ick           1            1   100000000          0 0  
                            gpt4_ick           1            1   100000000          0 0  
                            gpt5_ick           1            1   100000000          0 0  
                            gpt6_ick           1            1   100000000          0 0  
                            gpt7_ick           1            1   100000000          0 0  
                            gpt8_ick           1            1   100000000          0 0  
                            gpt9_ick           1            1   100000000          0 0  
                            uart4_ick           1            1   100000000          0 0  
                            uart3_ick           1            1   100000000          0 0  
                            wdt3_ick           0            0   100000000          0 0  
                            gpio2_ick           0            1   100000000          0 0  
                            gpio3_ick           0            1   100000000          0 0  
                            gpio4_ick           0            1   100000000          0 0  
                            gpio5_ick           1            1   100000000          0 0  
                            gpio6_ick           1            1   100000000          0 0  
                         core_l4_ick          21           23   100000000          0 0  
                            mmchs3_ick           1            1   100000000          0 0  
                            usbtll_ick           1            1   100000000          0 0  
                            mailboxes_ick           0            1   100000000          0 0  
                            mspro_ick           0            0   100000000          0 0  
                            des2_ick           0            0   100000000          0 0  
                            icr_ick           0            0   100000000          0 0  
                            sha12_ick           1            2   100000000          0 0  
                            aes2_ick           1            2   100000000          0 0  
                            omapctrl_ick           1            1   100000000          0 0  
                            mcbsp1_ick           1            1   100000000          0 0  
                            mcbsp5_ick           1            1   100000000          0 0  
                            gpt10_ick           1            1   100000000          0 0  
                            gpt11_ick           1            1   100000000          0 0  
                            uart1_ick           1            1   100000000          0 0  
                            uart2_ick           1            1   100000000          0 0  
                            i2c1_ick           1            1   100000000          0 0  
                            i2c2_ick           1            1   100000000          0 0  
                            i2c3_ick           1            1   100000000          0 0  
                            mcspi1_ick           1            1   100000000          0 0  
                            mcspi2_ick           1            1   100000000          0 0  
                            mcspi3_ick           1            1   100000000          0 0  
                            mcspi4_ick           1            1   100000000          0 0  
                            hdq_ick           0            1   100000000          0 0  
                            mmchs1_ick           1            1   100000000          0 0  
                            mmchs2_ick           1            1   100000000          0 0  
                         rm_ick           0            0    50000000          0 0  
                   dpll1_fck              0            0   200000000          0 0  
             dpll3_m3_ck                  0            0   200000000          0 0  
                dpll3_m3x2_mul_ck           0            0   400000000          0 0  
                   dpll3_m3x2_ck           0            0   400000000          0 0  
                      emu_core_alwon_ck           0            0   400000000          0 0  
          dpll4_ck                        1            3   864000000          0 0  
             dpll4_x2_ck                  0            0  1728000000          0 0  
             dpll4_m6_ck                  0            0   288000000          0 0  
                dpll4_m6x2_mul_ck           0            0   288000000          0 0  
                   dpll4_m6x2_ck           0            0   288000000          0 0  
                      emu_per_alwon_ck           0            0   288000000          0 0  
             dpll4_m5_ck                  0            0   216000000          0 0  
                dpll4_m5x2_mul_ck           0            0   216000000          0 0  
                   dpll4_m5x2_ck           0            0   216000000          0 0  
                      cam_mclk            0            0   216000000          0 0  
             dpll4_m4_ck                  0            1    96000000          0 0  
                dpll4_m4x2_mul_ck           0            1    96000000          0 0  
                   dpll4_m4x2_ck           0            1    96000000          0 0  
                      dss1_alwon_fck_3430es2           0            4    96000000          0 0  
             dpll4_m3_ck                  0            1    54000000          0 0  
                dpll4_m3x2_mul_ck           0            1    54000000          0 0  
                   dpll4_m3x2_ck           0            1    54000000          0 0  
                      omap_54m_fck           0            1    54000000          0 0  
                         clkout2_src_ck           0            0    54000000          0 0  
                            sys_clkout2           0            0    54000000          0 0  
                         dss_tv_fck           0            2    54000000          0 0  
             dpll4_m2_ck                  1            1    96000000          0 0  
                dpll4_m2x2_mul_ck           1            1    96000000          0 0  
                   dpll4_m2x2_ck           1            1    96000000          0 0  
                      omap_192m_alwon_fck           0            0    96000000          0 0  
                      omap_96m_alwon_fck           1            2    96000000          0 0  
                         per_96m_fck           0            6    96000000          0 0  
                            mcbsp4_fck           0            1    96000000          0 0  
                            mcbsp3_fck           0            1    96000000          0 0  
                            mcbsp2_fck           0            1    96000000          0 0  
                         cm_96m_fck           2            2    96000000          0 0  
                            cm_96m_d2_fck           1            1    48000000          0 0  
                               omap_48m_fck           3            4    48000000          0 0  
                                  usbhost_48m_fck           1            1    48000000          0 0  
                                  per_48m_fck           2            2    48000000          0 0  
                                     uart4_fck           1            1    48000000          0 0  
                                     uart3_fck           1            1    48000000          0 0  
                                  core_48m_fck           2            6    48000000          0 0  
                                     uart1_fck           1            1    48000000          0 0  
                                     uart2_fck           1            1    48000000          0 0  
                                     mcspi1_fck           0            1    48000000          0 0  
                                     mcspi2_fck           0            1    48000000          0 0  
                                     mcspi3_fck           0            1    48000000          0 0  
                                     mcspi4_fck           0            1    48000000          0 0  
                                  omap_12m_fck           0            1    12000000          0 0  
                                     core_12m_fck           0            1    12000000          0 0  
                                        hdq_fck             0            1    12000000          0 0  
                            omap_96m_fck           1            2    96000000          0 0  
                               omap_96m_d10_fck           0            0     9600000          0 0  
                               omap_96m_d8_fck           0            0    12000000          0 0  
                               omap_96m_d4_fck           0            0    24000000          0 0  
                               omap_96m_d2_fck           0            0    48000000          0 0  
                               dss_96m_fck           0            2    96000000          0 0  
                               core_96m_fck           1           10    96000000          0 0  
                                  mcbsp1_fck           0            1    96000000          0 0  
                                  mcbsp5_fck           0            1    96000000          0 0  
                                  mmchs3_fck           0            1    96000000          0 0  
                                  mspro_fck           0            0    96000000          0 0  
                                  csi2_96m_fck           0            0    96000000          0 0  
                                  i2c1_fck           0            1    96000000          0 0  
                                  i2c2_fck           0            1    96000000          0 0  
                                  i2c3_fck           0            1    96000000          0 0  
                                  mmchs1_fck           1            1    96000000          0 0  
                                  mmchs2_fck           0            1    96000000          0 0  
          wkup_l4_ick                     4            5    13000000          0 0  
             usim_ick                     0            0    13000000          0 0  
             gpt1_ick                     1            1    13000000          0 0  
             gpt12_ick                    1            1    13000000          0 0  
             omap_32ksync_ick             1            1    13000000          0 0  
             gpio1_ick                    0            1    13000000          0 0  
             wdt1_ick                     0            0    13000000          0 0  
             wdt2_ick                     1            1    13000000          0 0  
 virt_19200000_ck                         0            0    19200000          0 0  
 virt_13m_ck                              0            0    13000000          0 0  
 virt_12m_ck                              0            0    12000000          0 0  
 omap_32k_fck                             2            8       32768          0 0  
    gpt1_fck                              1            1       32768          0 0  
    gpt11_fck                             0            1       32768          0 0  
    gpt10_fck                             0            1       32768          0 0  
    ts_fck                                0            0       32768          0 0  
    per_32k_alwon_fck                     0            5       32768          0 0  
       wdt3_fck                           0            0       32768          0 0  
       gpio2_dbck                         0            2       32768          0 0  
       gpio3_dbck                         0            2       32768          0 0  
       gpio4_dbck                         0            2       32768          0 0  
       gpio5_dbck                         0            2       32768          0 0  
       gpio6_dbck                         0            2       32768          0 0  
    wkup_32k_fck                          1            3       32768          0 0  
       wdt2_fck                           0            1       32768          0 0  
       gpio1_dbck                         0            2       32768          0 0  
 dummy_apb_pclk                           0            0           0          0 0  
 virt_16_8m_ck                            0            0    16800000          0 0  
=======
Available frequencies
300000 600000 800000 
=======
===== ERR ==
omap2_set_init_voltage: unable to find boot up OPP for vdd_core
omap2_set_init_voltage: unable to set vdd_core
=====
===== WARN ==
omap_hwmod: mcbsp2_sidetone using broken dt data from mcbsp
omap_hwmod: mcbsp3_sidetone using broken dt data from mcbsp
irq: no irq domain found for /ocp@68000000/l4@48000000/scm@2000/pinmux@30 !
irq: no irq domain found for /ocp@68000000/l4@48000000/scm@2000/pinmux@30 !
irq: no irq domain found for /ocp@68000000/l4@48000000/scm@2000/pinmux@30 !
irq: no irq domain found for /ocp@68000000/l4@48000000/scm@2000/pinmux@30 !
gpmc_mem_init: disabling cs 0 mapped at 0x0-0x1000000
omap4_sram_init:Unable to allocate sram needed to handle errata I688
omap4_sram_init:Unable to get sram pool needed to handle errata I688
VPLL2: ramp_delay not set
VDD1: ramp_delay not set
VDD1: ramp_delay not set
mmc0: host does not support reading read-only switch, assuming write-enable
VDD1: ramp_delay not set
omap_hsmmc 480b4000.mmc: card claims to support voltages below defined range
VDD1: ramp_delay not set
EXT4-fs (mmcblk0p2): warning: maximal mount count reached, running e2fsck is recommended
VDD1: ramp_delay not set
udevd (117): /proc/117/oom_adj is deprecated, please use /proc/117/oom_score_adj instead.
VDD1: ramp_delay not set
FAT-fs (mmcblk0p1): Volume was not properly unmounted. Some data may be corrupt. Please run fsck.
EXT4-fs (mmcblk0p3): warning: maximal mount count reached, running e2fsck is recommended
alignment: ignoring faults is unsafe on this CPU.  Defaulting to fixup mode.
VDD1: ramp_delay not set
VDD1: ramp_delay not set
VDD1: ramp_delay not set
VDD1: ramp_delay not set
VDD1: ramp_delay not set
VDD1: ramp_delay not set
VDD1: ramp_delay not set
VDD1: ramp_delay not set
VDD1: ramp_delay not set
VDD1: ramp_delay not set
VDD1: ramp_delay not set
VDD1: ramp_delay not set
VDD1: ramp_delay not set
VDD1: ramp_delay not set
VDD1: ramp_delay not set
VDD1: ramp_delay not set
VDD1: ramp_delay not set
VDD1: ramp_delay not set
=====
SUMMARY RESULT: BOOT: PASS: Hello World Board Booted Boot Log has:::: err=2 warn=41:
root@am37x-evm:/test# 
- 08:11:33 [INFO] Host: cat stderr.log
- 08:11:33 [INFO] Target: 
cat stderr.log
root@am37x-evm:/test# 
- 08:11:33 [INFO] Host: cat result.log
- 08:11:35 [ERROR] On command: cat result.log waiting for cat result.log.+?(?m-ix:^1[\0\n\r]+) >>> error: execution expired
- 08:11:35 [INFO] Target: 
cat result.log
root@am37x-evm:/test# 
- 08:11:35 [INFO] Host: cd /test
- 08:11:35 [INFO] Target: 
cd /test
root@am37x-evm:/test# 
URL:gtsystest.telogy.design.ti.com/vatf/tigtfarm06/tigtfarm06_vatf@am37x-evm/tigtfarm0609_27_2016_08_09_58/files/session_iteration_1/test_1
