- 07:01:09 [INFO] Starting target session
- 07:01:09 [INFO] Connected to am437x-sk via serial 
- 07:01:09 [INFO] Host: #check prompt
- 07:01:12 [ERROR] On command: #check prompt waiting for #check prompt.+?(?-mix:((?-mix:login:)|[Pp]assword)) >>> error: execution expired
- 07:01:12 [INFO] Target: 
#check prompt
root@am437x-evm:/test# 
- 07:01:12 [INFO] Host: #check prompt
- 07:01:12 [INFO] Target: 
#check prompt
root@am437x-evm:/test# 
- 07:01:12 [INFO] Host: sync;poweroff
- 07:01:24 [INFO] Target: 
sync;poweroff
Broadcast message from root@am437x-evm (ttyO0) (Sat Jan  1 21:16:29 2000):
The system is going down for system halt NOW!
INIT: Switching to ru
INIT: root@am437x-evm:/test# Sending processes the TERM signal
UIM SYSFS Node Not Found
Stopping Dropbear SSH server: stopped /usr/sbin/dropbear (pid 557)
dropbear.
Stopping telnet daemon.
Stopping system message bus: dbus.
hwclock: can't open '/dev/misc/rtc': No such file or directory
Error opening /dev/fb0: No such file or directory
Stopping syslogd/klogd: stopped syslogd (pid 592)
stopped klogd (pid 595)
done
Stopping thttpd.
stopping statd: done
ALSA: Storing mixer settings...
/usr/sbin/alsactl: save_state:1590: No soundcards found...
Stopping rpcbind daemon...
done.
Stopping Lighttpd Web Server: stopped /usr/sbin/lighttpd (pid 608)
lighttpd.
Deconfiguring network interfaces... done.
Stopping Matrix GUI applicationstart-stop-daemon: warning: killing process 615: No such process
***************************************************************
***************************************************************
NOTICE: This file system contains the followin GPLv3 packages:
	binutils
	elfutils
	gdbserver
	libdw1
	libelf1
If you do not wish to distribute GPLv3 components please remove
the above packages prior to distribution.  This can be done using
the opkg remove command.  i.e.:
    opkg remove <package>
Where <package> is the name printed in the list above
NOTE: If the package is a dependency of another package you
      will be notified of the dependent packages.  You should
      use the --force-removal-of-dependent-packages option to
      also remove the dependent packages as well
***************************************************************
***************************************************************
Sending all processes the TERM signal...
Sending all processes the KILL signal...
Unmounting remote filesystems...
Deactivating swap...
Unmounting local filesystems...
[ 1132.802733] EXT4-fs (mmcblk0p2): re-mounted. Opts: data=ordered
[ 1135.079358] reboot: System halted
- 07:01:24 [INFO] Disconnected serial from am437x-sk
- 07:01:25 [INFO] Connected to am437x-sk via serial 
- 07:01:25 [INFO] Host: 
- 07:01:26 [ERROR] On command:  waiting for (?-mix:U-Boot#) >>> error: execution expired
- 07:01:26 [INFO] Target: 
- 07:01:26 [INFO] Host: 
- 07:01:26 [ERROR] On command:  waiting for (?-mix:U-Boot#) >>> error: execution expired
- 07:01:26 [INFO] Target: 
SPL: Please implement spl_start_uboot() for your board
SPL: Direct Linux boot not active!
reading u-boot.img
reading u-boot.img
U-Boot 2014.07-00071-gaca0808 (Oct 02 2014 - 11:23:51), Build: jenkins-ti-linux-3-14-y_opentest-216
I2C:   ready
DRAM:  1 GiB
- 07:01:26 [INFO] Host: 
- 07:01:27 [ERROR] On command:  waiting for (?-mix:U-Boot#) >>> error: execution expired
- 07:01:27 [INFO] Target: 
NAND:  0 MiB
MMC:   OMAP SD/MMC: 0, OMAP SD/MMC: 1
Using default environment
Net:   <ethaddr> not set. Validating first E-fuse MAC
cpsw
Hit any key to stop autoboot:  1  0 
U-Boot# 
- 07:01:27 [INFO] Host: 
- 07:01:27 [INFO] Target: 
U-Boot# 
- 07:01:27 [INFO] Host: 
- 07:01:27 [INFO] Target: 
U-Boot# 
- 07:01:27 [INFO] Host: version
- 07:01:27 [INFO] Target: 
version
U-Boot 2014.07-00071-gaca0808 (Oct 02 2014 - 11:23:51)
arm-linux-gnueabihf-gcc (crosstool-NG linaro-1.13.1-4.7-2013.03-20130313 - Linaro GCC 2013.03) 4.7.3 20130226 (prerelease)
GNU ld (crosstool-NG linaro-1.13.1-4.7-2013.03-20130313 - Linaro GCC 2013.03) 2.23.1
U-Boot# 
- 07:01:27 [INFO] Host: setenv bootargs 'console=ttyO0,115200n8 earlyprintk rootwait '
- 07:01:27 [INFO] Target: 
setenv bootargs 'console=ttyO0,115200n8 earlyprintk rootwait '
U-Boot# 
- 07:01:27 [INFO] Host: setenv bootcmd  ''
- 07:01:27 [INFO] Target: 
setenv bootcmd  ''
U-Boot# 
- 07:01:27 [INFO] Host: setenv autoload 'no'
- 07:01:27 [INFO] Target: 
setenv autoload 'no'
U-Boot# 
- 07:01:27 [INFO] Host: setenv serverip '192.168.0.1'
- 07:01:27 [INFO] Target: 
setenv serverip '192.168.0.1'
U-Boot# 
- 07:01:27 [INFO] Host: setenv mmcdev ' '
- 07:01:28 [INFO] Target: 
setenv mmcdev ' '
U-Boot# 
- 07:01:28 [INFO] Host: printenv
- 07:01:28 [INFO] Target: 
printenv
arch=arm
autoload=no
baudrate=115200
board=am43xx
board_name=AM43__SK
board_rev=1.0A
bootargs=console=ttyO0,115200n8 earlyprintk rootwait 
bootcmd=
bootdelay=1
bootdir=/boot
bootenv=uEnv.txt
bootfile=zImage
bootm_size=0x10000000
bootpart=0:2
console=ttyO0,115200n8
cpu=armv7
dfu_alt_info_emmc=MLO raw 0x100 0x100 mmcpart 0;u-boot.img raw 0x300 0x1000 mmcpart 0
dfu_alt_info_mmc=boot part 0 1;rootfs part 0 2;MLO fat 0 1;spl-os-args fat 0 1;spl-os-image fat 0 1;u-boot.img fat 0 1;uEnv.txt fat 0 1
dfu_alt_info_ram=kernel ram 0x80200000 0x4000000;fdt ram 0x80f80000 0x80000;ramdisk ram 0x81000000 0x4000000
dfu_bufsiz=0x10000
eth1addr=34:b1:f7:31:60:ce
ethact=cpsw
ethaddr=34:b1:f7:31:60:cc
fdt_addr_r=0x88000000
fdtaddr=0x88000000
fdtfile=undefined
findfdt=if test $board_name = AM43EPOS; then setenv fdtfile am43x-epos-evm.dtb; fi; if test $board_name = AM43__GP; then setenv fdtfile am437x-gp-evm.dtb; fi; if test $board_name = AM43__SK; then setenv fdtfile am437x-sk-evm.dtb; fi; if test $fdtfile = undefined; then echo WARNING: Could not determine device tree; fi; 
importbootenv=echo Importing environment from mmc ...; env import -t $loadaddr $filesize
kernel_addr_r=0x82000000
loadaddr=0x82000000
loadbootenv=load ${devtype} ${devnum} ${loadaddr} ${bootenv}
loadfdt=load ${devtype} ${bootpart} ${fdtaddr} ${bootdir}/${fdtfile}
loadimage=load ${devtype} ${bootpart} ${loadaddr} ${bootdir}/${bootfile}
loadramdisk=load ${devtype} ${devnum} ${rdaddr} ramdisk.gz
mmcargs=setenv bootargs console=${console} ${optargs} root=${mmcroot} rootfstype=${mmcrootfstype}
mmcboot=mmc dev ${mmcdev}; setenv devnum ${mmcdev}; setenv devtype mmc; if mmc rescan; then echo SD/MMC found on device ${devnum};if run loadbootenv; then echo Loaded environment from ${bootenv};run importbootenv;fi;if test -n $uenvcmd; then echo Running uenvcmd ...;run uenvcmd;fi;if run loadimage; then run loadfdt; echo Booting from mmc${mmcdev} ...; run mmcargs; bootz ${loadaddr} - ${fdtaddr}; fi;fi;
mmcdev= 
mmcroot=/dev/mmcblk0p2 rw
mmcrootfstype=ext4 rootwait
mtdids=nand0=nand.0
mtdparts=mtdparts=nand.0:256k(NAND.SPL),256k(NAND.SPL.backup1),256k(NAND.SPL.backup2),256k(NAND.SPL.backup3),512k(NAND.u-boot-spl-os),1m(NAND.u-boot),256k(NAND.u-boot-env),256k(NAND.u-boot-env.backup1),7m(NAND.kernel),-(NAND.file-system)
nandargs=setenv bootargs console=${console} ${optargs} root=${nandroot} rootfstype=${nandrootfstype}
nandboot=echo Booting from nand ...; run nandargs; nand read ${fdtaddr} NAND.u-boot-spl-os; nand read ${loadaddr} NAND.kernel; bootz ${loadaddr} - ${fdtaddr}
nandroot=ubi0:rootfs rw ubi.mtd=NAND.file-system,4096
nandrootfstype=ubifs rootwait=1
partitions=uuid_disk=${uuid_gpt_disk};name=rootfs,start=2MiB,size=-,uuid=${uuid_gpt_rootfs}
ramargs=setenv bootargs console=${console} ${optargs} root=${ramroot} rootfstype=${ramrootfstype}
ramdisk_addr_r=0x88080000
ramroot=/dev/ram0 rw
ramrootfstype=ext2
rdaddr=0x88080000
serverip=192.168.0.1
soc=am33xx
stderr=serial
stdin=serial
stdout=serial
usbargs=setenv bootargs console=${console} ${optargs} root=${usbroot} rootfstype=${usbrootfstype}
usbboot=setenv devnum ${usbdev}; setenv devtype usb; usb start ${usbdev}; if usb dev ${usbdev}; then if run loadbootenv; then echo Loaded environment from ${bootenv};run importbootenv;fi;if test -n $uenvcmd; then echo Running uenvcmd ...;run uenvcmd;fi;if run loadimage; then run loadfdt; echo Booting from usb ${usbdev}...; run usbargs;bootz ${loadaddr} - ${fdtaddr}; fi;fi
usbdev=0
usbroot=/dev/sda2 rw
usbrootfstype=ext4 rootwait
vendor=ti
ver=U-Boot 2014.07-00071-gaca0808 (Oct 02 2014 - 11:23:51)
Environment size: 3710/65532 bytes
U-Boot# 
- 07:01:28 [INFO] Host: printenv
- 07:01:28 [INFO] Target: 
printenv
arch=arm
autoload=no
baudrate=115200
board=am43xx
board_name=AM43__SK
board_rev=1.0A
bootargs=console=ttyO0,115200n8 earlyprintk rootwait 
bootcmd=
bootdelay=1
bootdir=/boot
bootenv=uEnv.txt
bootfile=zImage
bootm_size=0x10000000
bootpart=0:2
console=ttyO0,115200n8
cpu=armv7
dfu_alt_info_emmc=MLO raw 0x100 0x100 mmcpart 0;u-boot.img raw 0x300 0x1000 mmcpart 0
dfu_alt_info_mmc=boot part 0 1;rootfs part 0 2;MLO fat 0 1;spl-os-args fat 0 1;spl-os-image fat 0 1;u-boot.img fat 0 1;uEnv.txt fat 0 1
dfu_alt_info_ram=kernel ram 0x80200000 0x4000000;fdt ram 0x80f80000 0x80000;ramdisk ram 0x81000000 0x4000000
dfu_bufsiz=0x10000
eth1addr=34:b1:f7:31:60:ce
ethact=cpsw
ethaddr=34:b1:f7:31:60:cc
fdt_addr_r=0x88000000
fdtaddr=0x88000000
fdtfile=undefined
findfdt=if test $board_name = AM43EPOS; then setenv fdtfile am43x-epos-evm.dtb; fi; if test $board_name = AM43__GP; then setenv fdtfile am437x-gp-evm.dtb; fi; if test $board_name = AM43__SK; then setenv fdtfile am437x-sk-evm.dtb; fi; if test $fdtfile = undefined; then echo WARNING: Could not determine device tree; fi; 
importbootenv=echo Importing environment from mmc ...; env import -t $loadaddr $filesize
kernel_addr_r=0x82000000
loadaddr=0x82000000
loadbootenv=load ${devtype} ${devnum} ${loadaddr} ${bootenv}
loadfdt=load ${devtype} ${bootpart} ${fdtaddr} ${bootdir}/${fdtfile}
loadimage=load ${devtype} ${bootpart} ${loadaddr} ${bootdir}/${bootfile}
loadramdisk=load ${devtype} ${devnum} ${rdaddr} ramdisk.gz
mmcargs=setenv bootargs console=${console} ${optargs} root=${mmcroot} rootfstype=${mmcrootfstype}
mmcboot=mmc dev ${mmcdev}; setenv devnum ${mmcdev}; setenv devtype mmc; if mmc rescan; then echo SD/MMC found on device ${devnum};if run loadbootenv; then echo Loaded environment from ${bootenv};run importbootenv;fi;if test -n $uenvcmd; then echo Running uenvcmd ...;run uenvcmd;fi;if run loadimage; then run loadfdt; echo Booting from mmc${mmcdev} ...; run mmcargs; bootz ${loadaddr} - ${fdtaddr}; fi;fi;
mmcdev= 
mmcroot=/dev/mmcblk0p2 rw
mmcrootfstype=ext4 rootwait
mtdids=nand0=nand.0
mtdparts=mtdparts=nand.0:256k(NAND.SPL),256k(NAND.SPL.backup1),256k(NAND.SPL.backup2),256k(NAND.SPL.backup3),512k(NAND.u-boot-spl-os),1m(NAND.u-boot),256k(NAND.u-boot-env),256k(NAND.u-boot-env.backup1),7m(NAND.kernel),-(NAND.file-system)
nandargs=setenv bootargs console=${console} ${optargs} root=${nandroot} rootfstype=${nandrootfstype}
nandboot=echo Booting from nand ...; run nandargs; nand read ${fdtaddr} NAND.u-boot-spl-os; nand read ${loadaddr} NAND.kernel; bootz ${loadaddr} - ${fdtaddr}
nandroot=ubi0:rootfs rw ubi.mtd=NAND.file-system,4096
nandrootfstype=ubifs rootwait=1
partitions=uuid_disk=${uuid_gpt_disk};name=rootfs,start=2MiB,size=-,uuid=${uuid_gpt_rootfs}
ramargs=setenv bootargs console=${console} ${optargs} root=${ramroot} rootfstype=${ramrootfstype}
ramdisk_addr_r=0x88080000
ramroot=/dev/ram0 rw
ramrootfstype=ext2
rdaddr=0x88080000
serverip=192.168.0.1
soc=am33xx
stderr=serial
stdin=serial
stdout=serial
usbargs=setenv bootargs console=${console} ${optargs} root=${usbroot} rootfstype=${usbrootfstype}
usbboot=setenv devnum ${usbdev}; setenv devtype usb; usb start ${usbdev}; if usb dev ${usbdev}; then if run loadbootenv; then echo Loaded environment from ${bootenv};run importbootenv;fi;if test -n $uenvcmd; then echo Running uenvcmd ...;run uenvcmd;fi;if run loadimage; then run loadfdt; echo Booting from usb ${usbdev}...; run usbargs;bootz ${loadaddr} - ${fdtaddr}; fi;fi
usbdev=0
usbroot=/dev/sda2 rw
usbrootfstype=ext4 rootwait
vendor=ti
ver=U-Boot 2014.07-00071-gaca0808 (Oct 02 2014 - 11:23:51)
Environment size: 3710/65532 bytes
U-Boot# 
- 07:01:28 [INFO] Host: setenv bootargs ''${bootargs}' ip=dhcp '
- 07:01:28 [INFO] Target: 
setenv bootargs ''${bootargs}' ip=dhcp '
U-Boot# 
- 07:01:28 [INFO] Host: setenv serverip '192.168.0.1'
- 07:01:29 [INFO] Target: 
setenv serverip '192.168.0.1'
U-Boot# 
- 07:01:29 [INFO] Host: setenv ipaddr dhcp
- 07:01:29 [INFO] Target: 
setenv ipaddr dhcp
U-Boot# 
- 07:01:29 [INFO] Host: setenv autoload 'no'
- 07:01:29 [INFO] Target: 
setenv autoload 'no'
U-Boot# 
- 07:01:29 [INFO] Host: dhcp
- 07:01:30 [INFO] Target: 
dhcp
cpsw Waiting for PHY auto negotiation to complete. done
link up on port 0, speed 1000, full duplex
BOOTP broadcast 1
DHCP client bound to address 192.168.0.173
U-Boot# 
- 07:01:30 [INFO] Host: setenv serverip '192.168.0.1'
- 07:01:30 [INFO] Target: 
setenv serverip '192.168.0.1'
U-Boot# 
- 07:01:30 [INFO] Host: tftp ${loadaddr} 192.168.0.1:vatf_am437x-sk1/baf17c45416851f6ffa6cbd8d9245feb
- 07:01:31 [INFO] Target: 
tftp ${loadaddr} 192.168.0.1:vatf_am437x-sk1/baf17c45416851f6ffa6cbd8d9245feb
link up on port 0, speed 1000, full duplex
Using cpsw device
TFTP from server 192.168.0.1; our IP address is 192.168.0.173
Filename 'vatf_am437x-sk1/baf17c45416851f6ffa6cbd8d9245feb'.
Load address: 0x82000000
Loading: *#################################################################
	 #################################################################
	 #################################################################
	 #################################################################
	 #################################################################
	 #################################################################
	 ##################################
	 10 MiB/s
done
Bytes transferred = 6214064 (5ed1b0 hex)
U-Boot# 
- 07:01:31 [INFO] Host: tftp ${fdt_addr_r} 192.168.0.1:vatf_am437x-sk1/fc0bb787b4cf6a0c301d1e4c6493a46d
- 07:01:31 [INFO] Target: 
tftp ${fdt_addr_r} 192.168.0.1:vatf_am437x-sk1/fc0bb787b4cf6a0c301d1e4c6493a46d
link up on port 0, speed 1000, full duplex
Using cpsw device
TFTP from server 192.168.0.1; our IP address is 192.168.0.173
Filename 'vatf_am437x-sk1/fc0bb787b4cf6a0c301d1e4c6493a46d'.
Load address: 0x88000000
Loading: *###
	 7.5 MiB/s
done
Bytes transferred = 39560 (9a88 hex)
U-Boot# 
- 07:01:31 [INFO] Host: ls mmc 0:1
- 07:01:31 [INFO] Target: 
ls mmc 0:1
   116932   mlo 
     1164   readme 
   402732   u-boot.img 
       13   .ipaddr 
        4   ws-calibrate.rules 
        0   pointercal 
6 file(s), 0 dir(s)
U-Boot# 
- 07:01:31 [INFO] Host: ls mmc 0:2
- 07:01:31 [INFO] Target: 
ls mmc 0:2
<DIR>       4096 .
<DIR>       4096 ..
<DIR>       4096 bin
<DIR>       4096 boot
<DIR>       4096 dev
<DIR>       4096 etc
<DIR>       4096 home
<DIR>       4096 lib
<DIR>       4096 media
<DIR>       4096 mnt
<DIR>       4096 opt
<DIR>       4096 proc
<DIR>       4096 run
<DIR>       4096 sbin
<DIR>       4096 srv
<DIR>       4096 sys
<SYM>          8 tmp
<DIR>       4096 usr
<DIR>       4096 var
<DIR>       4096 www
<DIR>       4096 test
U-Boot# 
- 07:01:31 [INFO] Host: part uuid mmc 0:2
- 07:01:32 [INFO] Target: 
part uuid mmc 0:2
00000000-02
U-Boot# 
- 07:01:32 [INFO] Host: printenv
- 07:01:32 [INFO] Target: 
printenv
arch=arm
autoload=no
baudrate=115200
board=am43xx
board_name=AM43__SK
board_rev=1.0A
bootargs=console=ttyO0,115200n8 earlyprintk rootwait  ip=dhcp 
bootcmd=
bootdelay=1
bootdir=/boot
bootenv=uEnv.txt
bootfile=zImage
bootm_size=0x10000000
bootpart=0:2
console=ttyO0,115200n8
cpu=armv7
dfu_alt_info_emmc=MLO raw 0x100 0x100 mmcpart 0;u-boot.img raw 0x300 0x1000 mmcpart 0
dfu_alt_info_mmc=boot part 0 1;rootfs part 0 2;MLO fat 0 1;spl-os-args fat 0 1;spl-os-image fat 0 1;u-boot.img fat 0 1;uEnv.txt fat 0 1
dfu_alt_info_ram=kernel ram 0x80200000 0x4000000;fdt ram 0x80f80000 0x80000;ramdisk ram 0x81000000 0x4000000
dfu_bufsiz=0x10000
dnsip=192.0.2.2
dnsip2=192.0.2.3
eth1addr=34:b1:f7:31:60:ce
ethact=cpsw
ethaddr=34:b1:f7:31:60:cc
fdt_addr_r=0x88000000
fdtaddr=0x88000000
fdtfile=undefined
fileaddr=88000000
filesize=9a88
findfdt=if test $board_name = AM43EPOS; then setenv fdtfile am43x-epos-evm.dtb; fi; if test $board_name = AM43__GP; then setenv fdtfile am437x-gp-evm.dtb; fi; if test $board_name = AM43__SK; then setenv fdtfile am437x-sk-evm.dtb; fi; if test $fdtfile = undefined; then echo WARNING: Could not determine device tree; fi; 
gatewayip=192.168.0.1
importbootenv=echo Importing environment from mmc ...; env import -t $loadaddr $filesize
ipaddr=192.168.0.173
kernel_addr_r=0x82000000
loadaddr=0x82000000
loadbootenv=load ${devtype} ${devnum} ${loadaddr} ${bootenv}
loadfdt=load ${devtype} ${bootpart} ${fdtaddr} ${bootdir}/${fdtfile}
loadimage=load ${devtype} ${bootpart} ${loadaddr} ${bootdir}/${bootfile}
loadramdisk=load ${devtype} ${devnum} ${rdaddr} ramdisk.gz
mmcargs=setenv bootargs console=${console} ${optargs} root=${mmcroot} rootfstype=${mmcrootfstype}
mmcboot=mmc dev ${mmcdev}; setenv devnum ${mmcdev}; setenv devtype mmc; if mmc rescan; then echo SD/MMC found on device ${devnum};if run loadbootenv; then echo Loaded environment from ${bootenv};run importbootenv;fi;if test -n $uenvcmd; then echo Running uenvcmd ...;run uenvcmd;fi;if run loadimage; then run loadfdt; echo Booting from mmc${mmcdev} ...; run mmcargs; bootz ${loadaddr} - ${fdtaddr}; fi;fi;
mmcdev= 
mmcroot=/dev/mmcblk0p2 rw
mmcrootfstype=ext4 rootwait
mtdids=nand0=nand.0
mtdparts=mtdparts=nand.0:256k(NAND.SPL),256k(NAND.SPL.backup1),256k(NAND.SPL.backup2),256k(NAND.SPL.backup3),512k(NAND.u-boot-spl-os),1m(NAND.u-boot),256k(NAND.u-boot-env),256k(NAND.u-boot-env.backup1),7m(NAND.kernel),-(NAND.file-system)
nandargs=setenv bootargs console=${console} ${optargs} root=${nandroot} rootfstype=${nandrootfstype}
nandboot=echo Booting from nand ...; run nandargs; nand read ${fdtaddr} NAND.u-boot-spl-os; nand read ${loadaddr} NAND.kernel; bootz ${loadaddr} - ${fdtaddr}
nandroot=ubi0:rootfs rw ubi.mtd=NAND.file-system,4096
nandrootfstype=ubifs rootwait=1
netmask=255.255.255.0
partitions=uuid_disk=${uuid_gpt_disk};name=rootfs,start=2MiB,size=-,uuid=${uuid_gpt_rootfs}
ramargs=setenv bootargs console=${console} ${optargs} root=${ramroot} rootfstype=${ramrootfstype}
ramdisk_addr_r=0x88080000
ramroot=/dev/ram0 rw
ramrootfstype=ext2
rdaddr=0x88080000
serverip=192.168.0.1
soc=am33xx
stderr=serial
stdin=serial
stdout=serial
usbargs=setenv bootargs console=${console} ${optargs} root=${usbroot} rootfstype=${usbrootfstype}
usbboot=setenv devnum ${usbdev}; setenv devtype usb; usb start ${usbdev}; if usb dev ${usbdev}; then if run loadbootenv; then echo Loaded environment from ${bootenv};run importbootenv;fi;if test -n $uenvcmd; then echo Running uenvcmd ...;run uenvcmd;fi;if run loadimage; then run loadfdt; echo Booting from usb ${usbdev}...; run usbargs;bootz ${loadaddr} - ${fdtaddr}; fi;fi
usbdev=0
usbroot=/dev/sda2 rw
usbrootfstype=ext4 rootwait
vendor=ti
ver=U-Boot 2014.07-00071-gaca0808 (Oct 02 2014 - 11:23:51)
Environment size: 3863/65532 bytes
U-Boot# 
- 07:01:32 [INFO] Host: setenv bootargs ''${bootargs}' root=PARTUUID=00000000-02 rw rootfstype=ext4 rootwait '
- 07:01:32 [INFO] Target: 
setenv bootargs ''${bootargs}' root=PARTUUID=00000000-02 rw rootfstype=ext4 rootwait '
U-Boot# 
- 07:01:32 [INFO] Host: printenv
- 07:01:32 [INFO] Target: 
printenv
arch=arm
autoload=no
baudrate=115200
board=am43xx
board_name=AM43__SK
board_rev=1.0A
bootargs=console=ttyO0,115200n8 earlyprintk rootwait  ip=dhcp  root=PARTUUID=00000000-02 rw rootfstype=ext4 rootwait 
bootcmd=
bootdelay=1
bootdir=/boot
bootenv=uEnv.txt
bootfile=zImage
bootm_size=0x10000000
bootpart=0:2
console=ttyO0,115200n8
cpu=armv7
dfu_alt_info_emmc=MLO raw 0x100 0x100 mmcpart 0;u-boot.img raw 0x300 0x1000 mmcpart 0
dfu_alt_info_mmc=boot part 0 1;rootfs part 0 2;MLO fat 0 1;spl-os-args fat 0 1;spl-os-image fat 0 1;u-boot.img fat 0 1;uEnv.txt fat 0 1
dfu_alt_info_ram=kernel ram 0x80200000 0x4000000;fdt ram 0x80f80000 0x80000;ramdisk ram 0x81000000 0x4000000
dfu_bufsiz=0x10000
dnsip=192.0.2.2
dnsip2=192.0.2.3
eth1addr=34:b1:f7:31:60:ce
ethact=cpsw
ethaddr=34:b1:f7:31:60:cc
fdt_addr_r=0x88000000
fdtaddr=0x88000000
fdtfile=undefined
fileaddr=88000000
filesize=9a88
findfdt=if test $board_name = AM43EPOS; then setenv fdtfile am43x-epos-evm.dtb; fi; if test $board_name = AM43__GP; then setenv fdtfile am437x-gp-evm.dtb; fi; if test $board_name = AM43__SK; then setenv fdtfile am437x-sk-evm.dtb; fi; if test $fdtfile = undefined; then echo WARNING: Could not determine device tree; fi; 
gatewayip=192.168.0.1
importbootenv=echo Importing environment from mmc ...; env import -t $loadaddr $filesize
ipaddr=192.168.0.173
kernel_addr_r=0x82000000
loadaddr=0x82000000
loadbootenv=load ${devtype} ${devnum} ${loadaddr} ${bootenv}
loadfdt=load ${devtype} ${bootpart} ${fdtaddr} ${bootdir}/${fdtfile}
loadimage=load ${devtype} ${bootpart} ${loadaddr} ${bootdir}/${bootfile}
loadramdisk=load ${devtype} ${devnum} ${rdaddr} ramdisk.gz
mmcargs=setenv bootargs console=${console} ${optargs} root=${mmcroot} rootfstype=${mmcrootfstype}
mmcboot=mmc dev ${mmcdev}; setenv devnum ${mmcdev}; setenv devtype mmc; if mmc rescan; then echo SD/MMC found on device ${devnum};if run loadbootenv; then echo Loaded environment from ${bootenv};run importbootenv;fi;if test -n $uenvcmd; then echo Running uenvcmd ...;run uenvcmd;fi;if run loadimage; then run loadfdt; echo Booting from mmc${mmcdev} ...; run mmcargs; bootz ${loadaddr} - ${fdtaddr}; fi;fi;
mmcdev= 
mmcroot=/dev/mmcblk0p2 rw
mmcrootfstype=ext4 rootwait
mtdids=nand0=nand.0
mtdparts=mtdparts=nand.0:256k(NAND.SPL),256k(NAND.SPL.backup1),256k(NAND.SPL.backup2),256k(NAND.SPL.backup3),512k(NAND.u-boot-spl-os),1m(NAND.u-boot),256k(NAND.u-boot-env),256k(NAND.u-boot-env.backup1),7m(NAND.kernel),-(NAND.file-system)
nandargs=setenv bootargs console=${console} ${optargs} root=${nandroot} rootfstype=${nandrootfstype}
nandboot=echo Booting from nand ...; run nandargs; nand read ${fdtaddr} NAND.u-boot-spl-os; nand read ${loadaddr} NAND.kernel; bootz ${loadaddr} - ${fdtaddr}
nandroot=ubi0:rootfs rw ubi.mtd=NAND.file-system,4096
nandrootfstype=ubifs rootwait=1
netmask=255.255.255.0
partitions=uuid_disk=${uuid_gpt_disk};name=rootfs,start=2MiB,size=-,uuid=${uuid_gpt_rootfs}
ramargs=setenv bootargs console=${console} ${optargs} root=${ramroot} rootfstype=${ramrootfstype}
ramdisk_addr_r=0x88080000
ramroot=/dev/ram0 rw
ramrootfstype=ext2
rdaddr=0x88080000
serverip=192.168.0.1
soc=am33xx
stderr=serial
stdin=serial
stdout=serial
usbargs=setenv bootargs console=${console} ${optargs} root=${usbroot} rootfstype=${usbrootfstype}
usbboot=setenv devnum ${usbdev}; setenv devtype usb; usb start ${usbdev}; if usb dev ${usbdev}; then if run loadbootenv; then echo Loaded environment from ${bootenv};run importbootenv;fi;if test -n $uenvcmd; then echo Running uenvcmd ...;run uenvcmd;fi;if run loadimage; then run loadfdt; echo Booting from usb ${usbdev}...; run usbargs;bootz ${loadaddr} - ${fdtaddr}; fi;fi
usbdev=0
usbroot=/dev/sda2 rw
usbrootfstype=ext4 rootwait
vendor=ti
ver=U-Boot 2014.07-00071-gaca0808 (Oct 02 2014 - 11:23:51)
Environment size: 3918/65532 bytes
U-Boot# 
- 07:01:32 [INFO] Host: setenv bootcmd ''${bootcmd}' if iminfo ${loadaddr}; then bootm ${loadaddr} - ${fdt_addr_r}; else bootz ${loadaddr} - ${fdt_addr_r}; bootm ${loadaddr} - ${fdt_addr_r}; fi'
- 07:01:33 [INFO] Target: 
setenv bootcmd ''${bootcmd}' if iminfo ${loadaddr}; then bootm ${loadaddr} - ${fdt_addr_r}; else bootz ${loadaddr} - ${fdt_addr_r}; bootm ${loadaddr} - ${fdt_addr_r}; fi'
U-Boot# 
- 07:01:33 [INFO] Host: bdinfo
- 07:01:33 [INFO] Target: 
bdinfo
arch_number = 0x00000000
boot_params = 0x80000100
DRAM bank   = 0x00000000
-> start    = 0x80000000
-> size     = 0x40000000
eth0name    = cpsw
ethaddr     = 34:b1:f7:31:60:cc
current eth = cpsw
ip_addr     = 192.168.0.173
baudrate    = 115200 bps
TLB addr    = 0xBFFF0000
relocaddr   = 0xBF734000
reloc off   = 0x3EF34000
irq_sp      = 0xBE723EE0
sp start    = 0xBE723ED0
U-Boot# 
- 07:01:33 [INFO] Host: mmc rescan
- 07:01:33 [INFO] Target: 
mmc rescan
U-Boot# 
- 07:01:33 [INFO] Host: fatwrite mmc ${mmcdev}:1 ${loadaddr} ws-calibrate.rules 4
- 07:01:34 [INFO] Target: 
fatwrite mmc ${mmcdev}:1 ${loadaddr} ws-calibrate.rules 4
writing ws-calibrate.rules
4 bytes written
U-Boot# 
- 07:01:34 [INFO] Host: boot
- 07:04:04 [ERROR] On command: boot waiting for boot.+?(?-mix:login:) >>> error: execution expired
- 07:04:04 [INFO] Target: 
boot
## Checking Image at 82000000 ...
Unknown image format!
Kernel image @ 0x82000000 [ 0x000000 - 0x5ed1b0 ]
## Flattened Device Tree blob at 88000000
   Booting using the fdt blob at 0x88000000
   Loading Device Tree to 8fff3000, end 8ffffa87 ... OK
Starting kernel ...
[    0.000000] Booting Linux on physical CPU 0x0
[    0.000000] Linux version 4.0.0-next-20150427-00002-gc581d2d205c6 (nmenon@kahuna) (gcc version 4.6.3 (Ubuntu/Linaro 4.6.3-1ubuntu5) ) #1 SMP Mon Apr 27 05:55:45 CDT 2015
[    0.000000] CPU: ARMv7 Processor [412fc09a] revision 10 (ARMv7), cr=10c5387d
[    0.000000] CPU: PIPT / VIPT nonaliasing data cache, VIPT aliasing instruction cache
[    0.000000] Machine model: TI AM437x SK EVM
[    0.000000] earlycon: no match for ttyO0,115200n8
[    0.000000] cma: Reserved 64 MiB at 0xbc000000
[    0.000000] Memory policy: Data cache writeback
[    0.000000] CPU: All CPU(s) started in SVC mode.
[    0.000000] AM437x ES1.1 (sgx neon )
[    0.000000] PERCPU: Embedded 12 pages/cpu @eefc7000 s17024 r8192 d23936 u49152
[    0.000000] Built 1 zonelists in Zone order, mobility grouping on.  Total pages: 260624
[    0.000000] Kernel command line: console=ttyO0,115200n8 earlyprintk rootwait  ip=dhcp  root=PARTUUID=00000000-02 rw rootfstype=ext4 rootwait 
[    0.000000] PID hash table entries: 4096 (order: 2, 16384 bytes)
[    0.000000] Dentry cache hash table entries: 131072 (order: 7, 524288 bytes)
[    0.000000] Inode-cache hash table entries: 65536 (order: 6, 262144 bytes)
[    0.000000] Memory: 960000K/1048576K available (8034K kernel code, 1021K rwdata, 3580K rodata, 820K init, 317K bss, 23040K reserved, 65536K cma-reserved, 204800K highmem)
[    0.000000] Virtual kernel memory layout:
[    0.000000]     vector  : 0xffff0000 - 0xffff1000   (   4 kB)
[    0.000000]     fixmap  : 0xffc00000 - 0xfff00000   (3072 kB)
[    0.000000]     vmalloc : 0xf0000000 - 0xff000000   ( 240 MB)
[    0.000000]     lowmem  : 0xc0000000 - 0xef800000   ( 760 MB)
[    0.000000]     pkmap   : 0xbfe00000 - 0xc0000000   (   2 MB)
[    0.000000]     modules : 0xbf000000 - 0xbfe00000   (  14 MB)
[    0.000000]       .text : 0xc0208000 - 0xc0d60a4c   (11619 kB)
[    0.000000]       .init : 0xc0d61000 - 0xc0e2e000   ( 820 kB)
[    0.000000]       .data : 0xc0e2e000 - 0xc0f2d500   (1022 kB)
[    0.000000]        .bss : 0xc0f30000 - 0xc0f7f6a0   ( 318 kB)
[    0.000000] SLUB: HWalign=64, Order=0-3, MinObjects=0, CPUs=1, Nodes=1
[    0.000000] Hierarchical RCU implementation.
[    0.000000] 	Additional per-CPU info printed with stalls.
[    0.000000] 	RCU restricting CPUs from NR_CPUS=16 to nr_cpu_ids=1.
[    0.000000] RCU: Adjusting geometry for rcu_fanout_leaf=16, nr_cpu_ids=1
[    0.000000] NR_IRQS:16 nr_irqs:16 16
[    0.000000] L2C: platform modifies aux control register: 0x0e030000 -> 0x3e430000
[    0.000000] L2C: DT/platform modifies aux control register: 0x0e030000 -> 0x3e430000
[    0.000000] L2C-310 erratum 769419 enabled
[    0.000000] L2C-310 enabling early BRESP for Cortex-A9
[    0.000000] OMAP L2C310: ROM does not support power control setting
[    0.000000] L2C-310 ID prefetch enabled, offset 1 lines
[    0.000000] L2C-310 dynamic clock gating disabled, standby mode disabled
[    0.000000] L2C-310 cache controller enabled, 16 ways, 256 kB
[    0.000000] L2C-310: CACHE_ID 0x410000c9, AUX_CTRL 0x7e430000
[    0.000000] OMAP clockevent source: timer2 at 24000000 Hz
[    0.000010] sched_clock: 32 bits at 24MHz, resolution 41ns, wraps every 89478484971ns
[    0.000024] clocksource timer1: mask: 0xffffffff max_cycles: 0xffffffff, max_idle_ns: 79635851949 ns
[    0.000032] OMAP clocksource: timer1 at 24000000 Hz
[    0.000175] Console: colour dummy device 80x30
[    0.000205] Calibrating delay loop... 1992.29 BogoMIPS (lpj=4980736)
[    0.044380] pid_max: default: 32768 minimum: 301
[    0.044516] Mount-cache hash table entries: 2048 (order: 1, 8192 bytes)
[    0.044526] Mountpoint-cache hash table entries: 2048 (order: 1, 8192 bytes)
[    0.045197] CPU: Testing write buffer coherency: ok
[    0.045484] CPU0: thread -1, cpu 0, socket 0, mpidr 80000000
[    0.045574] Setting up static identity map for 0x80209000 - 0x80209098
[    0.048023] Brought up 1 CPUs
[    0.048038] SMP: Total of 1 processors activated (1992.29 BogoMIPS).
[    0.048046] CPU: All CPU(s) started in SVC mode.
[    0.048582] devtmpfs: initialized
[    0.049245] VFP support v0.3: implementor 41 architecture 3 part 30 variant 9 rev 4
[    0.060698] omap_hwmod: tptc0 using broken dt data from edma
[    0.060807] omap_hwmod: tptc1 using broken dt data from edma
[    0.060900] omap_hwmod: tptc2 using broken dt data from edma
[    0.118601] clocksource jiffies: mask: 0xffffffff max_cycles: 0xffffffff, max_idle_ns: 9556302231375000 ns
[    0.122247] pinctrl core: initialized pinctrl subsystem
[    0.131808] NET: Registered protocol family 16
[    0.133705] DMA: preallocated 256 KiB pool for atomic coherent allocations
[    0.135575] cpuidle: using governor ladder
[    0.135593] cpuidle: using governor menu
[    0.137073] omap_l3_noc 44000000.ocp: L3 debug error: target 8 mod:0 (unclearable)
[    0.137139] omap_l3_noc 44000000.ocp: L3 application error: target 8 mod:0 (unclearable)
[    0.139248] platform 44e3e000.rtc: Cannot lookup hwmod 'rtc'
[    0.140210] OMAP GPIO hardware version 0.1
[    0.143516] platform 53701000.des: Cannot lookup hwmod 'des'
[    0.146025] platform 48326000.vpfe: Cannot lookup hwmod 'vpfe0'
[    0.147988] No ATAGs?
[    0.148022] hw-breakpoint: found 5 (+1 reserved) breakpoint and 1 watchpoint registers.
[    0.148032] hw-breakpoint: maximum watchpoint size is 4 bytes.
[    0.151809] Serial: AMBA PL011 UART driver
[    0.166348] edma-dma-engine edma-dma-engine.0: TI EDMA DMA engine driver
[    0.168767] vgaarb: loaded
[    0.169526] SCSI subsystem initialized
[    0.170112] usbcore: registered new interface driver usbfs
[    0.170169] usbcore: registered new interface driver hub
[    0.170224] usbcore: registered new device driver usb
[    0.170920] omap_i2c 44e0b000.i2c: could not find pctldev for node /ocp/l4_wkup@44c00000/scm@210000/pinmux@800/i2c0_pins, deferring probe
[    0.170963] omap_i2c 4802a000.i2c: could not find pctldev for node /ocp/l4_wkup@44c00000/scm@210000/pinmux@800/i2c1_pins, deferring probe
[    0.171456] media: Linux media interface: v0.10
[    0.171506] Linux video capture interface: v2.00
[    0.171560] pps_core: LinuxPPS API ver. 1 registered
[    0.171567] pps_core: Software ver. 5.3.6 - Copyright 2005-2007 Rodolfo Giometti <giometti@linux.it>
[    0.171608] PTP clock support registered
[    0.171806] EDAC MC: Ver: 3.0.0
[    0.173089] Advanced Linux Sound Architecture Driver Initialized.
[    0.174241] Switched to clocksource timer1
[    0.182782] NET: Registered protocol family 2
[    0.183409] TCP established hash table entries: 8192 (order: 3, 32768 bytes)
[    0.183478] TCP bind hash table entries: 8192 (order: 4, 65536 bytes)
[    0.183592] TCP: Hash tables configured (established 8192 bind 8192)
[    0.183733] UDP hash table entries: 512 (order: 2, 16384 bytes)
[    0.183788] UDP-Lite hash table entries: 512 (order: 2, 16384 bytes)
[    0.183997] NET: Registered protocol family 1
[    0.184448] RPC: Registered named UNIX socket transport module.
[    0.184460] RPC: Registered udp transport module.
[    0.184465] RPC: Registered tcp transport module.
[    0.184471] RPC: Registered tcp NFSv4.1 backchannel transport module.
[    0.186529] futex hash table entries: 256 (order: 2, 16384 bytes)
[    0.195503] squashfs: version 4.0 (2009/01/31) Phillip Lougher
[    0.196344] NFS: Registering the id_resolver key type
[    0.196390] Key type id_resolver registered
[    0.196397] Key type id_legacy registered
[    0.196458] ntfs: driver 2.1.32 [Flags: R/O].
[    0.197579] bounce: pool size: 64 pages
[    0.197803] Block layer SCSI generic (bsg) driver version 0.4 loaded (major 248)
[    0.197823] io scheduler noop registered
[    0.197834] io scheduler deadline registered
[    0.197986] io scheduler cfq registered (default)
[    0.202648] pinctrl-single 44e10800.pinmux: 199 pins at pa f9e10800 size 796
[    0.207098] backlight supply power not found, using dummy regulator
[    0.207249] pwm-backlight backlight: unable to request PWM, trying legacy API
[    0.207263] pwm-backlight backlight: unable to request legacy PWM
[    0.255662] Serial: 8250/16550 driver, 4 ports, IRQ sharing disabled
[    0.257670] SuperH (H)SCI(F) driver initialized
[    0.258225] msm_serial: driver initialized
[    0.258643] omap_uart 44e09000.serial: no wakeirq for uart0
[    0.258661] omap_uart 44e09000.serial: No clock speed specified: using default: 48000000
[    0.258797] 44e09000.serial: ttyO0 at MMIO 0x44e09000 (irq = 23, base_baud = 3000000) is a OMAP UART0
[    1.044198] console [ttyO0] enabled
[    1.048364] STMicroelectronics ASC driver initialized
[    1.054941] [drm] Initialized drm 1.1.0 20060810
[    1.066856] loop: module loaded
[    1.075318] CAN device driver interface
[    1.080202] igb: Intel(R) Gigabit Ethernet Network Driver - version 5.2.15-k
[    1.087583] igb: Copyright (c) 2007-2014 Intel Corporation.
[    1.094883] pegasus: v0.9.3 (2013/04/25), Pegasus/Pegasus II USB Ethernet driver
[    1.102705] usbcore: registered new interface driver pegasus
[    1.108682] usbcore: registered new interface driver asix
[    1.114383] usbcore: registered new interface driver ax88179_178a
[    1.120807] usbcore: registered new interface driver cdc_ether
[    1.126962] usbcore: registered new interface driver smsc75xx
[    1.133022] usbcore: registered new interface driver smsc95xx
[    1.139062] usbcore: registered new interface driver net1080
[    1.145010] usbcore: registered new interface driver cdc_subset
[    1.151236] usbcore: registered new interface driver zaurus
[    1.157136] usbcore: registered new interface driver cdc_ncm
[    1.164340] ehci_hcd: USB 2.0 'Enhanced' Host Controller (EHCI) Driver
[    1.171176] ehci-pci: EHCI PCI platform driver
[    1.175888] ehci-platform: EHCI generic platform driver
[    1.181538] ehci-omap: OMAP-EHCI Host Controller driver
[    1.187150] ehci-orion: EHCI orion driver
[    1.191467] SPEAr-ehci: EHCI SPEAr driver
[    1.195774] ehci-st: EHCI STMicroelectronics driver
[    1.200977] ehci-exynos: EHCI EXYNOS driver
[    1.205471] tegra-ehci: Tegra EHCI driver
[    1.209783] ohci_hcd: USB 1.1 'Open' Host Controller (OHCI) Driver
[    1.216275] ohci-pci: OHCI PCI platform driver
[    1.220992] ohci-platform: OHCI generic platform driver
[    1.226608] ohci-omap3: OHCI OMAP3 driver
[    1.230921] SPEAr-ohci: OHCI SPEAr driver
[    1.235235] ohci-st: OHCI STMicroelectronics driver
[    1.240530] usbcore: registered new interface driver usb-storage
[    1.248029] mousedev: PS/2 mouse device common for all mice
[    1.256932] i2c /dev entries driver
[    1.262109] usbcore: registered new interface driver uvcvideo
[    1.268152] USB Video Class driver (1.1.1)
[    1.272442] gspca_main: v2.14.0 registered
[    1.279769] sdhci: Secure Digital Host Controller Interface driver
[    1.286252] sdhci: Copyright(c) Pierre Ossman
[    1.291663] omap_hsmmc 48060000.mmc: Got CD GPIO
[    1.296992] omap_hsmmc 48060000.mmc: unable to get vmmc regulator -517
[    1.304685] Synopsys Designware Multimedia Card Interface Driver
[    1.311742] sdhci-pltfm: SDHCI platform and OF driver helper
[    1.319579] ledtrig-cpu: registered to indicate activity on CPUs
[    1.326157] usbcore: registered new interface driver usbhid
[    1.331999] usbhid: USB HID core driver
[    1.338823] usbcore: registered new interface driver snd-usb-audio
[    1.348017] NET: Registered protocol family 17
[    1.352773] can: controller area network core (rev 20120528 abi 9)
[    1.359329] NET: Registered protocol family 29
[    1.363982] can: raw protocol (rev 20120528)
[    1.368454] can: broadcast manager protocol (rev 20120528 t)
[    1.374376] can: netlink gateway (rev 20130117) max_hops=1
[    1.380594] Key type dns_resolver registered
[    1.385297] omap_voltage_late_init: Voltage driver support not added
[    1.392760] ThumbEE CPU extension supported.
[    1.397294] Registering SWP/SWPB emulation handler
[    1.405728] at24 0-0050: 32768 byte 24c256 EEPROM, writable, 64 bytes/write
[    1.413139] omap_i2c 44e0b000.i2c: bus 0 rev0.12 at 400 kHz
[    1.420611] omap_i2c 4802a000.i2c: bus 1 rev0.12 at 400 kHz
[    1.427059] backlight supply power not found, using dummy regulator
[    1.433791] pwm-backlight backlight: unable to request PWM, trying legacy API
[    1.441275] pwm-backlight backlight: unable to request legacy PWM
[    1.449509] omap_hsmmc 48060000.mmc: Got CD GPIO
[    1.454604] omap_hsmmc 48060000.mmc: unable to get vmmc regulator -517
[    1.514258] davinci_mdio 4a101000.mdio: davinci mdio revision 1.6
[    1.520644] davinci_mdio 4a101000.mdio: detected phy mask ffffffcf
[    1.528618] backlight supply power not found, using dummy regulator
[    1.535384] pwm-backlight backlight: unable to request PWM, trying legacy API
[    1.542864] pwm-backlight backlight: unable to request legacy PWM
[    1.551023] omap_hsmmc 48060000.mmc: Got CD GPIO
[    1.556177] omap_hsmmc 48060000.mmc: unable to get vmmc regulator -517
[    1.564527] libphy: 4a101000.mdio: probed
[    1.568734] davinci_mdio 4a101000.mdio: phy[4]: device 4a101000.mdio:04, driver Micrel KSZ9031 Gigabit PHY
[    1.578902] davinci_mdio 4a101000.mdio: phy[5]: device 4a101000.mdio:05, driver Micrel KSZ9031 Gigabit PHY
[    1.590227] cpsw 4a100000.ethernet: Detected MACID = 34:b1:f7:31:60:cc
[    1.597814] cpsw 4a100000.ethernet: cpsw: Detected MACID = 34:b1:f7:31:60:ce
[    1.606100] hctosys: unable to open rtc device (rtc0)
[    1.615565] net eth0: initializing cpsw version 1.15 (0)
[    1.623628] backlight supply power not found, using dummy regulator
[    1.630421] pwm-backlight backlight: unable to request PWM, trying legacy API
[    1.637916] pwm-backlight backlight: unable to request legacy PWM
[    1.646091] omap_hsmmc 48060000.mmc: Got CD GPIO
[    1.651230] omap_hsmmc 48060000.mmc: unable to get vmmc regulator -517
[    1.684528] net eth0: phy found : id is : 0x221621
[    1.692255] net eth1: initializing cpsw version 1.15 (0)
[    1.764468] net eth1: phy found : id is : 0x221621
[    5.685150] cpsw 4a100000.ethernet eth0: Link is Up - 1Gbps/Full - flow control rx/tx
[    5.704251] Sending DHCP requests ., OK
[    5.754718] IP-Config: Got DHCP answer from 192.168.0.1, my address is 192.168.0.173
[    5.764409] IP-Config: Complete:
[    5.767795]      device=eth0, hwaddr=34:b1:f7:31:60:cc, ipaddr=192.168.0.173, mask=255.255.255.0, gw=192.168.0.1
[    5.778481]      host=192.168.0.173, domain=ti.com, nis-domain=(none)
[    5.785238]      bootserver=192.168.0.1, rootserver=192.168.0.1, rootpath=
[    5.792257]      nameserver0=192.0.2.2, nameserver1=192.0.2.3
[    5.798705] ALSA device list:
[    5.801841]   No soundcards found.
[    5.806170] Waiting for root device PARTUUID=00000000-02...
[  128.664243] random: nonblocking pool is initialized
URL:gtsystest.telogy.design.ti.com/vatf/tigtfarm07/tigtfarm07_vatf@am437x-sk1/tigtfarm0704_27_2015_07_01_09/files/session_iteration_1/test_1
