- 13:22:52 [INFO] Starting target session
- 13:22:52 [INFO] Connected to am43xx-gpevm via serial 
- 13:22:52 [INFO] Host: 
- 13:22:54 [ERROR] On command:  waiting for (?m-ix:.*login:) >>> error: execution expired
- 13:22:54 [INFO] Target: 

root@am437x-evm:/test# 
- 13:22:54 [INFO] Host: 
- 13:22:54 [INFO] Target: 

root@am437x-evm:/test# 
- 13:22:54 [INFO] Host: sync;poweroff
- 13:23:14 [INFO] Target: 
sync;poweroff


Broadcast message from root@am437x-evm (ttyO0) (Thu Mar 13 14:40:35 2014):



The system is going down for system halt NOW!


INIT: Switching to runlevel: 0

root@am437x-evm:/test# 
INIT: Sending processes the TERM signal


INIT: Sending processes the KILL sigUIM SYSFS Node Not Found
Stopping Dropbear SSH server: stopped /usr/sbin/dropbear (pid 1069)
dropbear.
Stopping telnet daemon.
Stopping system message bus: hwclock: can't open '/dev/misc/rtc': No such file or directory
Error opening /dev/fb0: No such file or directory
Stopping syslogd/klogd: stopped syslogd (pid 1081)
stopped klogd (pid 1084)
done
Stopping thttpd.
ALSA: Storing mixer settings...
/usr/sbin/alsactl: save_state:1580: No soundcards found...
Deconfiguring network interfaces... ifdown: interface eth0 not configured
done.
Stopping Lighttpd Web Server: stopped /usr/sbin/lighttpd (pid 1096)
lighttpd.
Stopping Matrix GUI applicationstart-stop-daemon: warning: killing process 1105: No such process
.
***************************************************************
***************************************************************
NOTICE: This file system contains the followin GPLv3 packages:
	binutils-symlinks
	binutils
	gdbserver

If you do not wish to distribute GPLv3 components please remove
the above packages prior to distribution.  This can be done using
the opkg remove command.  i.e.:
    opkg remove <package>
Where <package> is the name printed in the list above

NOTE: If the package is a dependency of another package you
      will be notified of the dependent packages.  You should
      use the --force-removal-of-dependent-packages option to
      also remove the dependent packages as well
***************************************************************
***************************************************************
Sending all processes the TERM signal...
Sending all processes the KILL signal...
Unmounting remote filesystems...
Deactivating swap...
Unmounting local filesystems...
[ 1281.713891] EXT4-fs (mmcblk0p2): re-mounted. Opts: data=ordered
[ 1284.124460] reboot: System halted

- 13:23:15 [INFO] Disconnected serial from am43xx-gpevm
- 13:23:15 [INFO] Connected to am43xx-gpevm via serial 
- 13:23:15 [INFO] Host: 
- 13:23:15 [ERROR] On command:  waiting for (?m-ix:(U-Boot|AM335X_EVM)\s*#) >>> error: execution expired
- 13:23:15 [INFO] Target: 

- 13:23:15 [INFO] Host: 
- 13:23:16 [ERROR] On command:  waiting for (?m-ix:(U-Boot|AM335X_EVM)\s*#) >>> error: execution expired
- 13:23:16 [INFO] Target: 

U-Boot SPL 2013.10-g78d8ebd (Mar 06 2014 - 13:09:07)
SPL: Please implement spl_start_uboot() for your board
SPL: Direct Linux boot not active!
reading u-boot.img
reading u-boot.img


U-Boot 2013.10-g78d8ebd (Mar 06 2014 - 13:09:07)

I2C:   
- 13:23:16 [INFO] Host: 
- 13:23:16 [ERROR] On command:  waiting for (?m-ix:(U-Boot|AM335X_EVM)\s*#) >>> error: execution expired
- 13:23:16 [INFO] Target: 
ready
DRAM:  1 GiB
NAND:  512 MiB
MMC:   OMAP SD/MMC: 0, OMAP SD/MMC: 1

- 13:23:16 [INFO] Host: 
- 13:23:17 [INFO] Target: 
Net:   <ethaddr> not set. Validating first E-fuse MAC
cpsw
Hit any key to stop autoboot:  3  0 
U-Boot# 
U-Boot# 
- 13:23:17 [INFO] Host: 
- 13:23:17 [INFO] Target: 

U-Boot# 
- 13:23:17 [INFO] Host: version
- 13:23:18 [INFO] Target: 
version

U-Boot 2013.10-g78d8ebd (Mar 06 2014 - 13:09:07)
arm-linux-gnueabihf-gcc (crosstool-NG linaro-1.13.1-4.7-2013.03-20130313 - Linaro GCC 2013.03) 4.7.3 20130226 (prerelease)
GNU ld (crosstool-NG linaro-1.13.1-4.7-2013.03-20130313 - Linaro GCC 2013.03) 2.23.1
U-Boot# 
- 13:23:18 [INFO] Host: setenv bootargs 'console=ttyO0,115200n8 earlyprintk rootwait '
- 13:23:18 [INFO] Target: 
setenv bootargs 'console=ttyO0,115200n8 earlyprintk rootwait '
U-Boot# 
- 13:23:18 [INFO] Host: setenv bootcmd  ''
- 13:23:19 [INFO] Target: 
setenv bootcmd  ''
U-Boot# 
- 13:23:19 [INFO] Host: setenv autoload 'no'
- 13:23:19 [INFO] Target: 
setenv autoload 'no'
U-Boot# 
- 13:23:19 [INFO] Host: setenv serverip '192.168.0.1'
- 13:23:20 [INFO] Target: 
setenv serverip '192.168.0.1'
U-Boot# 
- 13:23:20 [INFO] Host: printenv
- 13:23:20 [INFO] Target: 
printenv
arch=arm
autoload=no
baudrate=115200
board=am43xx
board_name=AM43__GP
board_rev=1.2A
boot_targets=usb mmc0 nand 
bootargs=console=ttyO0,115200n8 earlyprintk rootwait 
bootcmd=
bootcmd_mmc0=setenv devnum 0; setenv rootpart 2; run mmc_boot;
bootcmd_nand=run nandboot;
bootcmd_usb=setenv devnum 0; run usb_boot;
bootdelay=3
bootdir=/boot
bootenv=uEnv.txt
bootfile=zImage
bootpart=0:2
console=ttyO0,115200n8
cpu=armv7
eth1addr=34:b1:f7:31:60:9b
ethact=cpsw
ethaddr=34:b1:f7:31:60:99
fdt_high=0xa0000000
fdtaddr=0x80F80000
fdtfile=undefined
findfdt=if test $board_name = AM43EPOS; then setenv fdtfile am43x-epos-evm.dtb; fi; if test $board_name = AM43__GP; then setenv fdtfile am437x-gp-evm.dtb; fi; if test $fdtfile = undefined; then echo WARNING: Could not determine device tree; fi; 
importbootenv=echo Importing environment from mmc ...; env import -t $loadaddr $filesize
loadaddr=0x80200000
loadbootenv=load mmc ${mmcdev} ${loadaddr} ${bootenv}
loadfdt=load mmc ${bootpart} ${fdtaddr} ${bootdir}/${fdtfile}
loadimage=load mmc ${bootpart} ${loadaddr} ${bootdir}/${bootfile}
loadramdisk=load mmc ${mmcdev} ${rdaddr} ramdisk.gz
mmc_boot=setenv devtype mmc; if mmc dev ${devnum}; then run mmcargs;run scan_boot; run mmcboot;setenv mmcdev 1; setenv bootpart 1:2; run mmcboot;fi
mmcargs=setenv bootargs console=${console} ${optargs} root=${mmcroot} rootfstype=${mmcrootfstype}
mmcboot=mmc dev ${mmcdev}; if mmc rescan; then echo SD/MMC found on device ${mmcdev};if run loadbootenv; then echo Loaded environment from ${bootenv};run importbootenv;fi;if test -n $uenvcmd; then echo Running uenvcmd ...;run uenvcmd;fi;if run loadimage; then run loadfdt; echo Booting from mmc${mmcdev} ...; run mmcargs; bootz ${loadaddr} - ${fdtaddr}; fi;fi;
mmcdev=0
mmcroot=/dev/mmcblk0p2 rw
mmcrootfstype=ext4 rootwait
mtdids=nand0=nand.0
mtdparts=mtdparts=nand.0:256k(NAND.SPL),256k(NAND.SPL.backup1),256k(NAND.SPL.backup2),256k(NAND.SPL.backup3),512k(NAND.u-boot-spl-os),1m(NAND.u-boot),256k(NAND.u-boot-env),256k(NAND.u-boot-env.backup1),7m(NAND.kernel),-(NAND.file-system)
nandargs=setenv bootargs console=${console} ${optargs} root=${nandroot} rootfstype=${nandrootfstype}
nandboot=echo Booting from nand ...; run nandargs; nand read ${fdtaddr} NAND.u-boot-spl-os; nand read ${loadaddr} NAND.kernel; bootz ${loadaddr} - ${fdtaddr}
nandroot=ubi0:rootfs rw ubi.mtd=NAND.file-system,4096
nandrootfstype=ubifs rootwait=1
netargs=setenv bootargs console=${console} ${optargs} root=/dev/nfs nfsroot=${serverip}:${rootpath},${nfsopts} rw ip=dhcp
netboot=echo Booting from network ...; setenv autoload no; dhcp; tftp ${loadaddr} ${bootfile}; tftp ${fdtaddr} ${fdtfile}; run netargs; bootz ${loadaddr} - ${fdtaddr}
nfsopts=nolock
partitions=uuid_disk=${uuid_gpt_disk};name=rootfs,start=2MiB,size=-,uuid=${uuid_gpt_rootfs}
ramargs=setenv bootargs console=${console} ${optargs} root=${ramroot} rootfstype=${ramrootfstype}
ramroot=/dev/ram0 rw ramdisk_size=65536 initrd=${rdaddr},64M
ramrootfstype=ext2
rdaddr=0x81000000
rootpart=2
rootpath=/export/rootfs
scan_boot=echo Scanning ${devtype} ${devnum}...; for prefix in ${bootdir}; do for script in ${bootfile}; do run script_boot; done; done;
script_boot=if load ${devtype} ${devnum}:${rootpart} ${loadaddr} ${bootdir}/${bootfile}; then run findfdt; load ${devtype} ${devnum}:${rootpart} ${fdtaddr} ${bootdir}/${fdtfile};fi;
serverip=192.168.0.1
soc=am33xx
static_ip=${ipaddr}:${serverip}:${gatewayip}:${netmask}:${hostname}::off
stderr=serial
stdin=serial
stdout=serial
usb_boot=setenv devtype usb; run usb_init; if usb dev 0; then run usbargs;run scan_boot; bootz ${loadaddr} - ${fdtaddr}; fi
usb_init=usb start 0;
usbargs=setenv bootargs console=${console} ${optargs} root=${usbroot} rootfstype=${usbrootfstype}
usbroot=/dev/sda2 rw
usbrootfstype=ext4 rootwait
vendor=ti
ver=U-Boot 2013.10-g78d8ebd (Mar 06 2014 - 13:09:07)

Environment size: 3985/131067 bytes
U-Boot# 
- 13:23:20 [INFO] Host: printenv
- 13:23:21 [INFO] Target: 
printenv
arch=arm
autoload=no
baudrate=115200
board=am43xx
board_name=AM43__GP
board_rev=1.2A
boot_targets=usb mmc0 nand 
bootargs=console=ttyO0,115200n8 earlyprintk rootwait 
bootcmd=
bootcmd_mmc0=setenv devnum 0; setenv rootpart 2; run mmc_boot;
bootcmd_nand=run nandboot;
bootcmd_usb=setenv devnum 0; run usb_boot;
bootdelay=3
bootdir=/boot
bootenv=uEnv.txt
bootfile=zImage
bootpart=0:2
console=ttyO0,115200n8
cpu=armv7
eth1addr=34:b1:f7:31:60:9b
ethact=cpsw
ethaddr=34:b1:f7:31:60:99
fdt_high=0xa0000000
fdtaddr=0x80F80000
fdtfile=undefined
findfdt=if test $board_name = AM43EPOS; then setenv fdtfile am43x-epos-evm.dtb; fi; if test $board_name = AM43__GP; then setenv fdtfile am437x-gp-evm.dtb; fi; if test $fdtfile = undefined; then echo WARNING: Could not determine device tree; fi; 
importbootenv=echo Importing environment from mmc ...; env import -t $loadaddr $filesize
loadaddr=0x80200000
loadbootenv=load mmc ${mmcdev} ${loadaddr} ${bootenv}
loadfdt=load mmc ${bootpart} ${fdtaddr} ${bootdir}/${fdtfile}
loadimage=load mmc ${bootpart} ${loadaddr} ${bootdir}/${bootfile}
loadramdisk=load mmc ${mmcdev} ${rdaddr} ramdisk.gz
mmc_boot=setenv devtype mmc; if mmc dev ${devnum}; then run mmcargs;run scan_boot; run mmcboot;setenv mmcdev 1; setenv bootpart 1:2; run mmcboot;fi
mmcargs=setenv bootargs console=${console} ${optargs} root=${mmcroot} rootfstype=${mmcrootfstype}
mmcboot=mmc dev ${mmcdev}; if mmc rescan; then echo SD/MMC found on device ${mmcdev};if run loadbootenv; then echo Loaded environment from ${bootenv};run importbootenv;fi;if test -n $uenvcmd; then echo Running uenvcmd ...;run uenvcmd;fi;if run loadimage; then run loadfdt; echo Booting from mmc${mmcdev} ...; run mmcargs; bootz ${loadaddr} - ${fdtaddr}; fi;fi;
mmcdev=0
mmcroot=/dev/mmcblk0p2 rw
mmcrootfstype=ext4 rootwait
mtdids=nand0=nand.0
mtdparts=mtdparts=nand.0:256k(NAND.SPL),256k(NAND.SPL.backup1),256k(NAND.SPL.backup2),256k(NAND.SPL.backup3),512k(NAND.u-boot-spl-os),1m(NAND.u-boot),256k(NAND.u-boot-env),256k(NAND.u-boot-env.backup1),7m(NAND.kernel),-(NAND.file-system)
nandargs=setenv bootargs console=${console} ${optargs} root=${nandroot} rootfstype=${nandrootfstype}
nandboot=echo Booting from nand ...; run nandargs; nand read ${fdtaddr} NAND.u-boot-spl-os; nand read ${loadaddr} NAND.kernel; bootz ${loadaddr} - ${fdtaddr}
nandroot=ubi0:rootfs rw ubi.mtd=NAND.file-system,4096
nandrootfstype=ubifs rootwait=1
netargs=setenv bootargs console=${console} ${optargs} root=/dev/nfs nfsroot=${serverip}:${rootpath},${nfsopts} rw ip=dhcp
netboot=echo Booting from network ...; setenv autoload no; dhcp; tftp ${loadaddr} ${bootfile}; tftp ${fdtaddr} ${fdtfile}; run netargs; bootz ${loadaddr} - ${fdtaddr}
nfsopts=nolock
partitions=uuid_disk=${uuid_gpt_disk};name=rootfs,start=2MiB,size=-,uuid=${uuid_gpt_rootfs}
ramargs=setenv bootargs console=${console} ${optargs} root=${ramroot} rootfstype=${ramrootfstype}
ramroot=/dev/ram0 rw ramdisk_size=65536 initrd=${rdaddr},64M
ramrootfstype=ext2
rdaddr=0x81000000
rootpart=2
rootpath=/export/rootfs
scan_boot=echo Scanning ${devtype} ${devnum}...; for prefix in ${bootdir}; do for script in ${bootfile}; do run script_boot; done; done;
script_boot=if load ${devtype} ${devnum}:${rootpart} ${loadaddr} ${bootdir}/${bootfile}; then run findfdt; load ${devtype} ${devnum}:${rootpart} ${fdtaddr} ${bootdir}/${fdtfile};fi;
serverip=192.168.0.1
soc=am33xx
static_ip=${ipaddr}:${serverip}:${gatewayip}:${netmask}:${hostname}::off
stderr=serial
stdin=serial
stdout=serial
usb_boot=setenv devtype usb; run usb_init; if usb dev 0; then run usbargs;run scan_boot; bootz ${loadaddr} - ${fdtaddr}; fi
usb_init=usb start 0;
usbargs=setenv bootargs console=${console} ${optargs} root=${usbroot} rootfstype=${usbrootfstype}
usbroot=/dev/sda2 rw
usbrootfstype=ext4 rootwait
vendor=ti
ver=U-Boot 2013.10-g78d8ebd (Mar 06 2014 - 13:09:07)

Environment size: 3985/131067 bytes
U-Boot# 
- 13:23:21 [INFO] Host: setenv bootargs ''${bootargs}' ip=dhcp '
- 13:23:21 [INFO] Target: 
setenv bootargs ''${bootargs}' ip=dhcp '
U-Boot# 
- 13:23:21 [INFO] Host: setenv ipaddr dhcp
- 13:23:22 [INFO] Target: 
setenv ipaddr dhcp
U-Boot# 
- 13:23:22 [INFO] Host: dhcp
- 13:23:31 [INFO] Target: 
dhcp
cpsw Waiting for PHY auto negotiation to complete.... done
link up on port 0, speed 1000, full duplex
BOOTP broadcast 1
cpsw Waiting for PHY auto negotiation to complete.... done
BOOTP broadcast 2
BOOTP broadcast 3
DHCP client bound to address 192.168.0.133
U-Boot# 
- 13:23:31 [INFO] Host: setenv serverip '192.168.0.1'
- 13:23:32 [INFO] Target: 
setenv serverip '192.168.0.1'
U-Boot# 
- 13:23:32 [INFO] Host: tftp ${loadaddr} 192.168.0.1:vatf_am43xx-gpevm/70d1de0ab3a90a97ca0f0ef30aab56f3
- 13:23:32 [INFO] Target: 
tftp ${loadaddr} 192.168.0.1:vatf_am43xx-gpevm/70d1de0ab3a90a97ca0f0ef30aab56f3
link up on port 0, speed 1000, full duplex
Using cpsw device
TFTP from server 192.168.0.1; our IP address is 192.168.0.133
Filename 'vatf_am43xx-gpevm/70d1de0ab3a90a97ca0f0ef30aab56f3'.
Load address: 0x80200000
Loading: *#################################################################
	 #################################################################
	 #################################################################
	 #################################################################
	 ##########################################################
	 10.5 MiB/s
done
Bytes transferred = 4662768 (4725f0 hex)
U-Boot# 
- 13:23:32 [INFO] Host: tftp ${fdtaddr} 192.168.0.1:vatf_am43xx-gpevm/d62b3ce7c411722a455d7a752d3440d4
- 13:23:33 [INFO] Target: 
tftp ${fdtaddr} 192.168.0.1:vatf_am43xx-gpevm/d62b3ce7c411722a455d7a752d3440d4
link up on port 0, speed 1000, full duplex
Using cpsw device
TFTP from server 192.168.0.1; our IP address is 192.168.0.133
Filename 'vatf_am43xx-gpevm/d62b3ce7c411722a455d7a752d3440d4'.
Load address: 0x80f80000
Loading: *##
	 8.2 MiB/s
done
Bytes transferred = 25942 (6556 hex)
U-Boot# 
- 13:23:33 [INFO] Host: ls mmc 0:1
- 13:23:33 [INFO] Target: 
ls mmc 0:1
   108684   mlo 
     1164   readme 
   348828   u-boot.img 
       52   pointercal 
        1   .ipaddr 

5 file(s), 0 dir(s)

U-Boot# 
- 13:23:33 [INFO] Host: ls mmc 0:2
- 13:23:34 [INFO] Target: 
ls mmc 0:2
<DIR>       4096 .
<DIR>       4096 ..
<DIR>       4096 bin
<DIR>       4096 boot
<DIR>       4096 dev
<DIR>       4096 etc
<DIR>       4096 home
<DIR>       4096 lib
<DIR>       4096 media
<DIR>       4096 mnt
<DIR>       4096 opt
<DIR>       4096 proc
<SYM>          8 run
<DIR>       4096 sbin
<DIR>       4096 srv
<DIR>       4096 sys
<SYM>          8 tmp
<DIR>       4096 usr
<DIR>       4096 var
<DIR>       4096 www
<DIR>       4096 Settings
<DIR>       4096 test
U-Boot# 
- 13:23:34 [INFO] Host: part uuid mmc 0:2
- 13:23:34 [INFO] Target: 
part uuid mmc 0:2
00000000-02
U-Boot# 
- 13:23:34 [INFO] Host: printenv
- 13:23:35 [INFO] Target: 
printenv
arch=arm
autoload=no
baudrate=115200
board=am43xx
board_name=AM43__GP
board_rev=1.2A
boot_targets=usb mmc0 nand 
bootargs=console=ttyO0,115200n8 earlyprintk rootwait ip=dhcp
bootcmd=
bootcmd_mmc0=setenv devnum 0; setenv rootpart 2; run mmc_boot;
bootcmd_nand=run nandboot;
bootcmd_usb=setenv devnum 0; run usb_boot;
bootdelay=3
bootdir=/boot
bootenv=uEnv.txt
bootfile=zImage
bootpart=0:2
console=ttyO0,115200n8
cpu=armv7
dnsip=192.0.2.2
dnsip2=192.0.2.3
eth1addr=34:b1:f7:31:60:9b
ethact=cpsw
ethaddr=34:b1:f7:31:60:99
fdt_high=0xa0000000
fdtaddr=0x80F80000
fdtfile=undefined
fileaddr=80f80000
filesize=6556
findfdt=if test $board_name = AM43EPOS; then setenv fdtfile am43x-epos-evm.dtb; fi; if test $board_name = AM43__GP; then setenv fdtfile am437x-gp-evm.dtb; fi; if test $fdtfile = undefined; then echo WARNING: Could not determine device tree; fi; 
gatewayip=192.168.0.1
importbootenv=echo Importing environment from mmc ...; env import -t $loadaddr $filesize
ipaddr=192.168.0.133
loadaddr=0x80200000
loadbootenv=load mmc ${mmcdev} ${loadaddr} ${bootenv}
loadfdt=load mmc ${bootpart} ${fdtaddr} ${bootdir}/${fdtfile}
loadimage=load mmc ${bootpart} ${loadaddr} ${bootdir}/${bootfile}
loadramdisk=load mmc ${mmcdev} ${rdaddr} ramdisk.gz
mmc_boot=setenv devtype mmc; if mmc dev ${devnum}; then run mmcargs;run scan_boot; run mmcboot;setenv mmcdev 1; setenv bootpart 1:2; run mmcboot;fi
mmcargs=setenv bootargs console=${console} ${optargs} root=${mmcroot} rootfstype=${mmcrootfstype}
mmcboot=mmc dev ${mmcdev}; if mmc rescan; then echo SD/MMC found on device ${mmcdev};if run loadbootenv; then echo Loaded environment from ${bootenv};run importbootenv;fi;if test -n $uenvcmd; then echo Running uenvcmd ...;run uenvcmd;fi;if run loadimage; then run loadfdt; echo Booting from mmc${mmcdev} ...; run mmcargs; bootz ${loadaddr} - ${fdtaddr}; fi;fi;
mmcdev=0
mmcroot=/dev/mmcblk0p2 rw
mmcrootfstype=ext4 rootwait
mtdids=nand0=nand.0
mtdparts=mtdparts=nand.0:256k(NAND.SPL),256k(NAND.SPL.backup1),256k(NAND.SPL.backup2),256k(NAND.SPL.backup3),512k(NAND.u-boot-spl-os),1m(NAND.u-boot),256k(NAND.u-boot-env),256k(NAND.u-boot-env.backup1),7m(NAND.kernel),-(NAND.file-system)
nandargs=setenv bootargs console=${console} ${optargs} root=${nandroot} rootfstype=${nandrootfstype}
nandboot=echo Booting from nand ...; run nandargs; nand read ${fdtaddr} NAND.u-boot-spl-os; nand read ${loadaddr} NAND.kernel; bootz ${loadaddr} - ${fdtaddr}
nandroot=ubi0:rootfs rw ubi.mtd=NAND.file-system,4096
nandrootfstype=ubifs rootwait=1
netargs=setenv bootargs console=${console} ${optargs} root=/dev/nfs nfsroot=${serverip}:${rootpath},${nfsopts} rw ip=dhcp
netboot=echo Booting from network ...; setenv autoload no; dhcp; tftp ${loadaddr} ${bootfile}; tftp ${fdtaddr} ${fdtfile}; run netargs; bootz ${loadaddr} - ${fdtaddr}
netmask=255.255.255.0
nfsopts=nolock
partitions=uuid_disk=${uuid_gpt_disk};name=rootfs,start=2MiB,size=-,uuid=${uuid_gpt_rootfs}
ramargs=setenv bootargs console=${console} ${optargs} root=${ramroot} rootfstype=${ramrootfstype}
ramroot=/dev/ram0 rw ramdisk_size=65536 initrd=${rdaddr},64M
ramrootfstype=ext2
rdaddr=0x81000000
rootpart=2
rootpath=/export/rootfs
scan_boot=echo Scanning ${devtype} ${devnum}...; for prefix in ${bootdir}; do for script in ${bootfile}; do run script_boot; done; done;
script_boot=if load ${devtype} ${devnum}:${rootpart} ${loadaddr} ${bootdir}/${bootfile}; then run findfdt; load ${devtype} ${devnum}:${rootpart} ${fdtaddr} ${bootdir}/${fdtfile};fi;
serverip=192.168.0.1
soc=am33xx
static_ip=${ipaddr}:${serverip}:${gatewayip}:${netmask}:${hostname}::off
stderr=serial
stdin=serial
stdout=serial
usb_boot=setenv devtype usb; run usb_init; if usb dev 0; then run usbargs;run scan_boot; bootz ${loadaddr} - ${fdtaddr}; fi
usb_init=usb start 0;
usbargs=setenv bootargs console=${console} ${optargs} root=${usbroot} rootfstype=${usbrootfstype}
usbroot=/dev/sda2 rw
usbrootfstype=ext4 rootwait
vendor=ti
ver=U-Boot 2013.10-g78d8ebd (Mar 06 2014 - 13:09:07)

Environment size: 4136/131067 bytes
U-Boot# 
- 13:23:35 [INFO] Host: setenv bootargs ''${bootargs}' root=PARTUUID=00000000-02 rw rootfstype=ext4 rootwait '
- 13:23:35 [INFO] Target: 
setenv bootargs ''${bootargs}' root=PARTUUID=00000000-02 rw rootfstype=ext4 rootwait '
U-Boot# 
- 13:23:35 [INFO] Host: printenv
- 13:23:36 [INFO] Target: 
printenv
arch=arm
autoload=no
baudrate=115200
board=am43xx
board_name=AM43__GP
board_rev=1.2A
boot_targets=usb mmc0 nand 
bootargs=console=ttyO0,115200n8 earlyprintk rootwait ip=dhcp root=PARTUUID=00000000-02 rw rootfstype=ext4 rootwait
bootcmd=
bootcmd_mmc0=setenv devnum 0; setenv rootpart 2; run mmc_boot;
bootcmd_nand=run nandboot;
bootcmd_usb=setenv devnum 0; run usb_boot;
bootdelay=3
bootdir=/boot
bootenv=uEnv.txt
bootfile=zImage
bootpart=0:2
console=ttyO0,115200n8
cpu=armv7
dnsip=192.0.2.2
dnsip2=192.0.2.3
eth1addr=34:b1:f7:31:60:9b
ethact=cpsw
ethaddr=34:b1:f7:31:60:99
fdt_high=0xa0000000
fdtaddr=0x80F80000
fdtfile=undefined
fileaddr=80f80000
filesize=6556
findfdt=if test $board_name = AM43EPOS; then setenv fdtfile am43x-epos-evm.dtb; fi; if test $board_name = AM43__GP; then setenv fdtfile am437x-gp-evm.dtb; fi; if test $fdtfile = undefined; then echo WARNING: Could not determine device tree; fi; 
gatewayip=192.168.0.1
importbootenv=echo Importing environment from mmc ...; env import -t $loadaddr $filesize
ipaddr=192.168.0.133
loadaddr=0x80200000
loadbootenv=load mmc ${mmcdev} ${loadaddr} ${bootenv}
loadfdt=load mmc ${bootpart} ${fdtaddr} ${bootdir}/${fdtfile}
loadimage=load mmc ${bootpart} ${loadaddr} ${bootdir}/${bootfile}
loadramdisk=load mmc ${mmcdev} ${rdaddr} ramdisk.gz
mmc_boot=setenv devtype mmc; if mmc dev ${devnum}; then run mmcargs;run scan_boot; run mmcboot;setenv mmcdev 1; setenv bootpart 1:2; run mmcboot;fi
mmcargs=setenv bootargs console=${console} ${optargs} root=${mmcroot} rootfstype=${mmcrootfstype}
mmcboot=mmc dev ${mmcdev}; if mmc rescan; then echo SD/MMC found on device ${mmcdev};if run loadbootenv; then echo Loaded environment from ${bootenv};run importbootenv;fi;if test -n $uenvcmd; then echo Running uenvcmd ...;run uenvcmd;fi;if run loadimage; then run loadfdt; echo Booting from mmc${mmcdev} ...; run mmcargs; bootz ${loadaddr} - ${fdtaddr}; fi;fi;
mmcdev=0
mmcroot=/dev/mmcblk0p2 rw
mmcrootfstype=ext4 rootwait
mtdids=nand0=nand.0
mtdparts=mtdparts=nand.0:256k(NAND.SPL),256k(NAND.SPL.backup1),256k(NAND.SPL.backup2),256k(NAND.SPL.backup3),512k(NAND.u-boot-spl-os),1m(NAND.u-boot),256k(NAND.u-boot-env),256k(NAND.u-boot-env.backup1),7m(NAND.kernel),-(NAND.file-system)
nandargs=setenv bootargs console=${console} ${optargs} root=${nandroot} rootfstype=${nandrootfstype}
nandboot=echo Booting from nand ...; run nandargs; nand read ${fdtaddr} NAND.u-boot-spl-os; nand read ${loadaddr} NAND.kernel; bootz ${loadaddr} - ${fdtaddr}
nandroot=ubi0:rootfs rw ubi.mtd=NAND.file-system,4096
nandrootfstype=ubifs rootwait=1
netargs=setenv bootargs console=${console} ${optargs} root=/dev/nfs nfsroot=${serverip}:${rootpath},${nfsopts} rw ip=dhcp
netboot=echo Booting from network ...; setenv autoload no; dhcp; tftp ${loadaddr} ${bootfile}; tftp ${fdtaddr} ${fdtfile}; run netargs; bootz ${loadaddr} - ${fdtaddr}
netmask=255.255.255.0
nfsopts=nolock
partitions=uuid_disk=${uuid_gpt_disk};name=rootfs,start=2MiB,size=-,uuid=${uuid_gpt_rootfs}
ramargs=setenv bootargs console=${console} ${optargs} root=${ramroot} rootfstype=${ramrootfstype}
ramroot=/dev/ram0 rw ramdisk_size=65536 initrd=${rdaddr},64M
ramrootfstype=ext2
rdaddr=0x81000000
rootpart=2
rootpath=/export/rootfs
scan_boot=echo Scanning ${devtype} ${devnum}...; for prefix in ${bootdir}; do for script in ${bootfile}; do run script_boot; done; done;
script_boot=if load ${devtype} ${devnum}:${rootpart} ${loadaddr} ${bootdir}/${bootfile}; then run findfdt; load ${devtype} ${devnum}:${rootpart} ${fdtaddr} ${bootdir}/${fdtfile};fi;
serverip=192.168.0.1
soc=am33xx
static_ip=${ipaddr}:${serverip}:${gatewayip}:${netmask}:${hostname}::off
stderr=serial
stdin=serial
stdout=serial
usb_boot=setenv devtype usb; run usb_init; if usb dev 0; then run usbargs;run scan_boot; bootz ${loadaddr} - ${fdtaddr}; fi
usb_init=usb start 0;
usbargs=setenv bootargs console=${console} ${optargs} root=${usbroot} rootfstype=${usbrootfstype}
usbroot=/dev/sda2 rw
usbrootfstype=ext4 rootwait
vendor=ti
ver=U-Boot 2013.10-g78d8ebd (Mar 06 2014 - 13:09:07)

Environment size: 4190/131067 bytes
U-Boot# 
- 13:23:36 [INFO] Host: setenv bootcmd ''${bootcmd}' if iminfo ${loadaddr}; then bootm ${loadaddr} - ${fdtaddr}; else bootz ${loadaddr} - ${fdtaddr}; bootm ${loadaddr} - ${fdtaddr}; fi'
- 13:23:36 [INFO] Target: 
setenv bootcmd ''${bootcmd}' if iminfo ${loadaddr}; then bootm ${loadaddr} - ${fdtaddr}; else bootz ${loadaddr} - ${fdtaddr}; bootm ${loadaddr} - ${fdtaddr}; fi'
U-Boot# 
- 13:23:36 [INFO] Host: bdinfo
- 13:23:37 [INFO] Target: 
bdinfo
arch_number = 0x80001000
boot_params = 0x80000100
DRAM bank   = 0x00000000
-> start    = 0x80000000
-> size     = 0x40000000
eth0name    = cpsw
ethaddr     = 34:b1:f7:31:60:99
current eth = cpsw
ip_addr     = 192.168.0.133
baudrate    = 115200 bps
TLB addr    = 0xBFFF0000
relocaddr   = 0xBFF41000
reloc off   = 0x3F741000
irq_sp      = 0xBFB20F38
sp start    = 0xBFB20F28
U-Boot# 
- 13:23:37 [INFO] Host: boot
- 13:24:07 [INFO] Target: 
boot

## Checking Image at 80200000 ...
Unknown image format!
Kernel image @ 0x80200000 [ 0x000000 - 0x4725f0 ]
## Flattened Device Tree blob at 80f80000
   Booting using the fdt blob at 0x80f80000
   Loading Device Tree to 9fff6000, end 9ffff555 ... OK

Starting kernel ...

[    0.000000] Booting Linux on physical CPU 0x0
[    0.000000] Linux version 3.15.0-00002-g67887ed (nmenon@kahuna) (gcc version 4.6.3 (Ubuntu/Linaro 4.6.3-1ubuntu5) ) #1 SMP Mon Jun 16 12:20:23 CDT 2014
[    0.000000] CPU: ARMv7 Processor [412fc09a] revision 10 (ARMv7), cr=10c5387d
[    0.000000] CPU: PIPT / VIPT nonaliasing data cache, VIPT aliasing instruction cache
[    0.000000] Machine model: TI AM437x GP EVM
[    0.000000] cma: CMA: reserved 64 MiB at ab800000
[    0.000000] Memory policy: Data cache writeback
[    0.000000] CPU: All CPU(s) started in SVC mode.
[    0.000000] AM437x ES1.1 (sgx neon )
[    0.000000] PERCPU: Embedded 7 pages/cpu @eafb7000 s8192 r8192 d12288 u32768
[    0.000000] Built 1 zonelists in Zone order, mobility grouping on.  Total pages: 260624
[    0.000000] Kernel command line: console=ttyO0,115200n8 earlyprintk rootwait ip=dhcp root=PARTUUID=00000000-02 rw rootfstype=ext4 rootwait
[    0.000000] PID hash table entries: 4096 (order: 2, 16384 bytes)
[    0.000000] Dentry cache hash table entries: 131072 (order: 7, 524288 bytes)
[    0.000000] Inode-cache hash table entries: 65536 (order: 6, 262144 bytes)
[    0.000000] Memory: 963600K/1048576K available (6069K kernel code, 798K rwdata, 2428K rodata, 548K init, 289K bss, 84976K reserved, 270336K highmem)
[    0.000000] Virtual kernel memory layout:
[    0.000000]     vector  : 0xffff0000 - 0xffff1000   (   4 kB)
[    0.000000]     fixmap  : 0xfff00000 - 0xfffe0000   ( 896 kB)
[    0.000000]     vmalloc : 0xf0000000 - 0xff000000   ( 240 MB)
[    0.000000]     lowmem  : 0xc0000000 - 0xef800000   ( 760 MB)
[    0.000000]     pkmap   : 0xbfe00000 - 0xc0000000   (   2 MB)
[    0.000000]     modules : 0xbf000000 - 0xbfe00000   (  14 MB)
[    0.000000]       .text : 0xc0208000 - 0xc0a5477c   (8498 kB)
[    0.000000]       .init : 0xc0a55000 - 0xc0ade000   ( 548 kB)
[    0.000000]       .data : 0xc0ade000 - 0xc0ba58a0   ( 799 kB)
[    0.000000]        .bss : 0xc0ba58a8 - 0xc0bee088   ( 290 kB)
[    0.000000] SLUB: HWalign=64, Order=0-3, MinObjects=0, CPUs=1, Nodes=1
[    0.000000] Hierarchical RCU implementation.
[    0.000000] 	RCU restricting CPUs from NR_CPUS=4 to nr_cpu_ids=1.
[    0.000000] RCU: Adjusting geometry for rcu_fanout_leaf=16, nr_cpu_ids=1
[    0.000000] NR_IRQS:16 nr_irqs:16 16
[    0.000000] GIC CPU mask not found - kernel will fail to boot.
[    0.000000] GIC CPU mask not found - kernel will fail to boot.
[    0.000000] OMAP clockevent source: timer2 at 24000000 Hz
[    0.000021] sched_clock: 32 bits at 24MHz, resolution 41ns, wraps every 178956969942ns
[    0.000054] OMAP clocksource: timer1 at 24000000 Hz
[    0.000223] Console: colour dummy device 80x30
[    0.000266] Calibrating delay loop... 1196.85 BogoMIPS (lpj=5984256)
[    0.089141] pid_max: default: 32768 minimum: 301
[    0.089370] Mount-cache hash table entries: 2048 (order: 1, 8192 bytes)
[    0.089396] Mountpoint-cache hash table entries: 2048 (order: 1, 8192 bytes)
[    0.090242] CPU: Testing write buffer coherency: ok
[    0.090664] CPU0: thread -1, cpu 0, socket 0, mpidr 80000000
[    0.090732] Setting up static identity map for 0x807bcdc8 - 0x807bce60
[    0.092847] Brought up 1 CPUs
[    0.092869] SMP: Total of 1 processors activated.
[    0.092880] CPU: All CPU(s) started in SVC mode.
[    0.093860] devtmpfs: initialized
[    0.104282] VFP support v0.3: implementor 41 architecture 3 part 30 variant 9 rev 4
[    0.117038] ------------[ cut here ]------------
[    0.117092] WARNING: CPU: 0 PID: 1 at arch/arm/mach-omap2/omap_hwmod.c:2538 _init+0x1c0/0x3d8()
[    0.117106] omap_hwmod: qspi: doesn't have mpu register target base
[    0.117115] Modules linked in:
[    0.117138] CPU: 0 PID: 1 Comm: swapper/0 Not tainted 3.15.0-00002-g67887ed #1
[    0.117205] [<c021526c>] (unwind_backtrace) from [<c0210f10>] (show_stack+0x10/0x14)
[    0.117253] [<c0210f10>] (show_stack) from [<c07b826c>] (dump_stack+0x70/0x8c)
[    0.117294] [<c07b826c>] (dump_stack) from [<c02429dc>] (warn_slowpath_common+0x64/0x84)
[    0.117320] [<c02429dc>] (warn_slowpath_common) from [<c0242a90>] (warn_slowpath_fmt+0x30/0x40)
[    0.117349] [<c0242a90>] (warn_slowpath_fmt) from [<c0a6e064>] (_init+0x1c0/0x3d8)
[    0.117384] [<c0a6e064>] (_init) from [<c022742c>] (omap_hwmod_for_each+0x34/0x5c)
[    0.117413] [<c022742c>] (omap_hwmod_for_each) from [<c0a6e6ec>] (__omap_hwmod_setup_all+0x24/0x40)
[    0.117437] [<c0a6e6ec>] (__omap_hwmod_setup_all) from [<c0208b78>] (do_one_initcall+0x34/0x158)
[    0.117461] [<c0208b78>] (do_one_initcall) from [<c0a55bd4>] (kernel_init_freeable+0x100/0x1cc)
[    0.117486] [<c0a55bd4>] (kernel_init_freeable) from [<c07b2c04>] (kernel_init+0x8/0xe4)
[    0.117515] [<c07b2c04>] (kernel_init) from [<c020e5f8>] (ret_from_fork+0x14/0x3c)
[    0.117558] ---[ end trace a322861a6f16aacc ]---
[    0.131475] omap_hwmod: tptc0 using broken dt data from edma
[    0.131723] omap_hwmod: tptc1 using broken dt data from edma
[    0.131942] omap_hwmod: tptc2 using broken dt data from edma
[    0.135269] ------------[ cut here ]------------
[    0.135314] WARNING: CPU: 0 PID: 1 at arch/arm/mach-omap2/omap_hwmod.c:2538 _init+0x1c0/0x3d8()
[    0.135326] omap_hwmod: usb_otg_ss0: doesn't have mpu register target base
[    0.135335] Modules linked in:
[    0.135359] CPU: 0 PID: 1 Comm: swapper/0 Tainted: G        W     3.15.0-00002-g67887ed #1
[    0.135421] [<c021526c>] (unwind_backtrace) from [<c0210f10>] (show_stack+0x10/0x14)
[    0.135466] [<c0210f10>] (show_stack) from [<c07b826c>] (dump_stack+0x70/0x8c)
[    0.135508] [<c07b826c>] (dump_stack) from [<c02429dc>] (warn_slowpath_common+0x64/0x84)
[    0.135536] [<c02429dc>] (warn_slowpath_common) from [<c0242a90>] (warn_slowpath_fmt+0x30/0x40)
[    0.135565] [<c0242a90>] (warn_slowpath_fmt) from [<c0a6e064>] (_init+0x1c0/0x3d8)
[    0.135600] [<c0a6e064>] (_init) from [<c022742c>] (omap_hwmod_for_each+0x34/0x5c)
[    0.135630] [<c022742c>] (omap_hwmod_for_each) from [<c0a6e6ec>] (__omap_hwmod_setup_all+0x24/0x40)
[    0.135653] [<c0a6e6ec>] (__omap_hwmod_setup_all) from [<c0208b78>] (do_one_initcall+0x34/0x158)
[    0.135678] [<c0208b78>] (do_one_initcall) from [<c0a55bd4>] (kernel_init_freeable+0x100/0x1cc)
[    0.135703] [<c0a55bd4>] (kernel_init_freeable) from [<c07b2c04>] (kernel_init+0x8/0xe4)
[    0.135732] [<c07b2c04>] (kernel_init) from [<c020e5f8>] (ret_from_fork+0x14/0x3c)
[    0.135745] ---[ end trace a322861a6f16aacd ]---
[    0.136228] ------------[ cut here ]------------
[    0.136266] WARNING: CPU: 0 PID: 1 at arch/arm/mach-omap2/omap_hwmod.c:2538 _init+0x1c0/0x3d8()
[    0.136276] omap_hwmod: usb_otg_ss1: doesn't have mpu register target base
[    0.136285] Modules linked in:
[    0.136307] CPU: 0 PID: 1 Comm: swapper/0 Tainted: G        W     3.15.0-00002-g67887ed #1
[    0.136360] [<c021526c>] (unwind_backtrace) from [<c0210f10>] (show_stack+0x10/0x14)
[    0.136398] [<c0210f10>] (show_stack) from [<c07b826c>] (dump_stack+0x70/0x8c)
[    0.136439] [<c07b826c>] (dump_stack) from [<c02429dc>] (warn_slowpath_common+0x64/0x84)
[    0.136465] [<c02429dc>] (warn_slowpath_common) from [<c0242a90>] (warn_slowpath_fmt+0x30/0x40)
[    0.136494] [<c0242a90>] (warn_slowpath_fmt) from [<c0a6e064>] (_init+0x1c0/0x3d8)
[    0.136529] [<c0a6e064>] (_init) from [<c022742c>] (omap_hwmod_for_each+0x34/0x5c)
[    0.136557] [<c022742c>] (omap_hwmod_for_each) from [<c0a6e6ec>] (__omap_hwmod_setup_all+0x24/0x40)
[    0.136581] [<c0a6e6ec>] (__omap_hwmod_setup_all) from [<c0208b78>] (do_one_initcall+0x34/0x158)
[    0.136606] [<c0208b78>] (do_one_initcall) from [<c0a55bd4>] (kernel_init_freeable+0x100/0x1cc)
[    0.136630] [<c0a55bd4>] (kernel_init_freeable) from [<c07b2c04>] (kernel_init+0x8/0xe4)
[    0.136657] [<c07b2c04>] (kernel_init) from [<c020e5f8>] (ret_from_fork+0x14/0x3c)
[    0.136670] ---[ end trace a322861a6f16aace ]---
[    0.194148] pinctrl core: initialized pinctrl subsystem
[    0.194865] regulator-dummy: no parameters
[    0.211136] NET: Registered protocol family 16
[    0.214489] DMA: preallocated 256 KiB pool for atomic coherent allocations
[    0.216497] cpuidle: using governor ladder
[    0.216521] cpuidle: using governor menu
[    0.232332] platform 49000000.edma: alias fck already exists
[    0.232374] platform 49000000.edma: alias fck already exists
[    0.232396] platform 49000000.edma: alias fck already exists
[    0.234991] OMAP GPIO hardware version 0.1
[    0.241827] platform 53701000.des: Cannot lookup hwmod 'des'
[    0.243491] No ATAGs?
[    0.247018] Serial: AMBA PL011 UART driver
[    0.271943] edma-dma-engine edma-dma-engine.0: TI EDMA DMA engine driver
[    0.272766] vmmcsd_fixed: 3300 mV 
[    0.275178] vgaarb: loaded
[    0.276112] SCSI subsystem initialized
[    0.277027] usbcore: registered new interface driver usbfs
[    0.277185] usbcore: registered new interface driver hub
[    0.277633] usbcore: registered new device driver usb
[    0.278491] omap_i2c 44e0b000.i2c: could not find pctldev for node /pinmux@44e10800/i2c0_pins, deferring probe
[    0.278528] platform 44e0b000.i2c: Driver omap_i2c requests probe deferral
[    0.278579] omap_i2c 4802a000.i2c: could not find pctldev for node /pinmux@44e10800/i2c1_pins, deferring probe
[    0.278603] platform 4802a000.i2c: Driver omap_i2c requests probe deferral
[    0.278862] Linux video capture interface: v2.00
[    0.278954] pps_core: LinuxPPS API ver. 1 registered
[    0.278968] pps_core: Software ver. 5.3.6 - Copyright 2005-2007 Rodolfo Giometti <giometti@linux.it>
[    0.279010] PTP clock support registered
[    0.279100] EDAC MC: Ver: 3.0.0
[    0.280476] Advanced Linux Sound Architecture Driver Initialized.
[    0.282212] Switched to clocksource timer1
[    0.305225] NET: Registered protocol family 2
[    0.306075] TCP established hash table entries: 8192 (order: 3, 32768 bytes)
[    0.306199] TCP bind hash table entries: 8192 (order: 4, 65536 bytes)
[    0.306391] TCP: Hash tables configured (established 8192 bind 8192)
[    0.306492] TCP: reno registered
[    0.306527] UDP hash table entries: 512 (order: 2, 16384 bytes)
[    0.306589] UDP-Lite hash table entries: 512 (order: 2, 16384 bytes)
[    0.306876] NET: Registered protocol family 1
[    0.307403] RPC: Registered named UNIX socket transport module.
[    0.307427] RPC: Registered udp transport module.
[    0.307438] RPC: Registered tcp transport module.
[    0.307447] RPC: Registered tcp NFSv4.1 backchannel transport module.
[    0.310187] futex hash table entries: 256 (order: 2, 16384 bytes)
[    0.311310] bounce pool size: 64 pages
[    0.324584] squashfs: version 4.0 (2009/01/31) Phillip Lougher
[    0.325779] NFS: Registering the id_resolver key type
[    0.325853] Key type id_resolver registered
[    0.325872] Key type id_legacy registered
[    0.325979] msgmni has been set to 1482
[    0.327202] Block layer SCSI generic (bsg) driver version 0.4 loaded (major 249)
[    0.327230] io scheduler noop registered
[    0.327243] io scheduler deadline registered
[    0.327538] io scheduler cfq registered (default)
[    0.329019] pinctrl-single 44e10800.pinmux: 199 pins at pa f9e10800 size 796
[    0.331887] backlight.2 supply power not found, using dummy regulator
[    0.332060] pwm-backlight backlight.2: unable to request PWM, trying legacy API
[    0.332088] pwm-backlight backlight.2: unable to request legacy PWM
[    0.332283] platform backlight.2: Driver pwm-backlight requests probe deferral
[    0.475225] Serial: 8250/16550 driver, 4 ports, IRQ sharing disabled
[    0.477911] Serial: IMX driver
[    0.478393] msm_serial: driver initialized
[    0.478925] omap_uart 44e09000.serial: no wakeirq for uart0
[    0.478969] omap_uart 44e09000.serial: No clock speed specified: using default: 48000000
[    0.479384] 44e09000.serial: ttyO0 at MMIO 0x44e09000 (irq = 104, base_baud = 3000000) is a OMAP UART0
[    1.583308] console [ttyO0] enabled
[    1.587779] STMicroelectronics ASC driver initialized
[    1.594227] serial: Freescale lpuart driver
[    1.598953] [drm] Initialized drm 1.1.0 20060810
[    1.612413] loop: module loaded
[    1.622026] pegasus: v0.9.3 (2013/04/25), Pegasus/Pegasus II USB Ethernet driver
[    1.630033] usbcore: registered new interface driver pegasus
[    1.636190] usbcore: registered new interface driver asix
[    1.641987] usbcore: registered new interface driver ax88179_178a
[    1.648565] usbcore: registered new interface driver cdc_ether
[    1.654918] usbcore: registered new interface driver smsc75xx
[    1.661098] usbcore: registered new interface driver smsc95xx
[    1.667320] usbcore: registered new interface driver net1080
[    1.673460] usbcore: registered new interface driver cdc_subset
[    1.679787] usbcore: registered new interface driver zaurus
[    1.685886] usbcore: registered new interface driver cdc_ncm
[    1.691894] ehci_hcd: USB 2.0 'Enhanced' Host Controller (EHCI) Driver
[    1.698834] ehci-pci: EHCI PCI platform driver
[    1.703675] ehci-platform: EHCI generic platform driver
[    1.709427] ehci-omap: OMAP-EHCI Host Controller driver
[    1.715231] ehci-orion: EHCI orion driver
[    1.719647] SPEAr-ehci: EHCI SPEAr driver
[    1.724138] tegra-ehci: Tegra EHCI driver
[    1.729327] usbcore: registered new interface driver usb-storage
[    1.738256] mousedev: PS/2 mouse device common for all mice
[    1.747406] i2c /dev entries driver
[    1.752102] usbcore: registered new interface driver uvcvideo
[    1.758266] USB Video Class driver (1.1.1)
[    1.762626] gspca_main: v2.14.0 registered
[    1.769618] sdhci: Secure Digital Host Controller Interface driver
[    1.776198] sdhci: Copyright(c) Pierre Ossman
[    1.822928] sdhci-pltfm: SDHCI platform and OF driver helper
[    1.829882] usbcore: registered new interface driver usbhid
[    1.835848] usbhid: USB HID core driver
[    1.846140] TCP: cubic registered
[    1.849649] NET: Registered protocol family 17
[    1.854837] Key type dns_resolver registered
[    1.860350] ThumbEE CPU extension supported.
[    1.864977] Registering SWP/SWPB emulation handler
[    1.879187] omap_i2c 44e0b000.i2c: bus 0 rev0.12 at 100 kHz
[    1.950881] mmc0: host does not support reading read-only switch. assuming write-enable.
[    1.961002] omap_i2c 4802a000.i2c: bus 1 rev0.12 at 100 kHz
[    1.967523] backlight.2 supply power not found, using dummy regulator
[    1.974553] pwm-backlight backlight.2: unable to request PWM, trying legacy API
[    1.982321] pwm-backlight backlight.2: unable to request legacy PWM
[    1.989007] platform backlight.2: Driver pwm-backlight requests probe deferral
[    1.997807] drivers/rtc/hctosys.c: unable to open rtc device (rtc0)
[    2.008795] mmc0: new high speed SDHC card at address aaaa
[    2.015389] mmcblk0: mmc0:aaaa SU08G 7.40 GiB 
[    2.021945]  mmcblk0: p1 p2
[    2.026710] backlight.2 supply power not found, using dummy regulator
[    2.033767] pwm-backlight backlight.2: unable to request PWM, trying legacy API
[    2.041465] pwm-backlight backlight.2: unable to request legacy PWM
[    2.048270] platform backlight.2: Driver pwm-backlight requests probe deferral
[   14.122447] ALSA device list:
[   14.125579]   No soundcards found.
[   14.144842] EXT4-fs (mmcblk0p2): warning: mounting fs with errors, running e2fsck is recommended
[   14.158819] EXT4-fs (mmcblk0p2): mounted filesystem with ordered data mode. Opts: (null)
[   14.167500] VFS: Mounted root (ext4 filesystem) on device 179:2.
[   14.182615] devtmpfs: mounted
[   14.186346] Freeing unused kernel memory: 548K (c0a55000 - c0ade000)

INIT: version 2.88 booting

Error opening /dev/fb0: No such file or directory
Starting udev
[   14.996448] udevd[67]: starting version 182
[   18.831225] FAT-fs (mmcblk0p1): codepage cp437 not found
[   19.061433] FAT-fs (mmcblk0p1): codepage cp437 not found
[   20.067760] FAT-fs (mmcblk0p1): codepage cp437 not found
[   20.116621] FAT-fs (mmcblk0p1): codepage cp437 not found
ERROR: could not open directory /lib/modules/3.15.0-00002-g67887ed: No such file or directory
WARNING: -e needs -E or -F
ERROR: could not open directory /lib/modules/3.15.0-00002-g67887ed: N[   20.245359] random: nonblocking pool is initialized
o such file or directory
FATAL: could not search modules: No such file or directory
Starting Bootlog daemon: bootlogd.

[   20.467318] EXT4-fs (mmcblk0p2): re-mounted. Opts: data=ordered
ALSA: Restoring mixer settings...

/usr/sbin/alsactl: load_state:1696: No soundcards found...

Configuring network interfaces... ifconfig: SIOCGIFFLAGS: No such device

done.

hwclock: can't open '/dev/misc/rtc': No such file or directory

Thu Mar 13 14:40:00 UTC 2014

hwclock: can't open '/dev/misc/rtc': No such file or directory


INIT: Entering runlevel: 5


Starting system message bus: dbus.

UIM SYSFS Node Not Found

Starting Dropbear SSH server: dropbear.

Starting telnet daemon.

hwclock: can't open '/dev/misc/rtc': No such file or directory

Starting syslogd/klogd: done

Starting thttpd.

Starting Lighttpd Web Server: lighttpd.

2014-03-13 14:40:02: (log.c.166) server started 

/

Starting Matrix GUI application.

***************************************************************

***************************************************************

NOTICE: This file system contains the followin GPLv3 packages:

	binutils-symlinks

	binutils

	gdbserver



If you do not wish to distribute GPLv3 components please remove

the above packages prior to distribution.  This can be done using

the opkg remove command.  i.e.:

    opkg remove <package>

Where <package> is the name printed in the list above



NOTE: If the package is a dependency of another package you

      will be notified of the dependent packages.  You should

      use the --force-removal-of-dependent-packages option to

      also remove the dependent packages as well

***************************************************************

***************************************************************

Stopping Bootlog daemon: bootlogd.

 _____                    _____           _         _   
|  _  |___ ___ ___ ___   |  _  |___ ___  |_|___ ___| |_ 
|     |  _| .'| . | . |  |   __|  _| . | | | -_|  _|  _|
|__|__|_| |__,|_  |___|  |__|  |_| |___|_| |___|___|_|  
              |___|                    |___|            

Arago Project http://arago-project.org am437x-evm ttyO0

Arago 2013.12 am437x-evm ttyO0

am437x-evm login: 
- 13:24:07 [INFO] Host: root
- 13:24:07 [INFO] Target: 
root
root@am437x-evm:~# 
- 13:24:07 [INFO] Host: uname -a
- 13:24:08 [INFO] Target: 
uname -a
Linux am437x-evm 3.15.0-00002-g67887ed #1 SMP Mon Jun 16 12:20:23 CDT 2014 armv7l GNU/Linux
root@am437x-evm:~# 
- 13:24:08 [INFO] Host: cat /proc/cmdline
- 13:24:08 [INFO] Target: 
cat /proc/cmdline
console=ttyO0,115200n8 earlyprintk rootwait ip=dhcp root=PARTUUID=00000000-02 rw rootfstype=ext4 rootwait
root@am437x-evm:~# 
- 13:24:08 [INFO] Host: uname -a
- 13:24:09 [INFO] Target: 
uname -a
Linux am437x-evm 3.15.0-00002-g67887ed #1 SMP Mon Jun 16 12:20:23 CDT 2014 armv7l GNU/Linux
root@am437x-evm:~# 
- 13:24:09 [INFO] Host: cat /proc/mtd
- 13:24:09 [INFO] Target: 
cat /proc/mtd
dev:    size   erasesize  name
root@am437x-evm:~# 
- 13:24:18 [INFO] Host: export IPERFHOST=192.168.0.1
- 13:24:18 [INFO] Target: 
export IPERFHOST=192.168.0.1
root@am437x-evm:~# 
- 13:24:18 [INFO] Host: export NFS_SERVER=192.168.0.1
- 13:24:19 [INFO] Target: 
export NFS_SERVER=192.168.0.1
root@am437x-evm:~# 
- 13:24:19 [INFO] Host: export NFS_ROOT_PATH=/home/tigtfarm06/NFS_exports
- 13:24:19 [INFO] Target: 
export NFS_ROOT_PATH=/home/tigtfarm06/NFS_exports
root@am437x-evm:~# 
- 13:24:19 [INFO] Host: mkdir -p -m 777 /test
- 13:24:20 [INFO] Target: 
mkdir -p -m 777 /test
root@am437x-evm:~# 
- 13:24:20 [INFO] Host: cd /test
- 13:24:20 [INFO] Target: 
cd /test
root@am437x-evm:/test# 
- 13:24:20 [INFO] Host: cat > test.sh << EOF
- 13:24:21 [INFO] Target: 
cat > test.sh << EOF
> 
- 13:24:21 [INFO] Host: failtest() {

- 13:24:21 [INFO] Target: 
failtest() {
> 
- 13:24:21 [INFO] Host:   echo 1 >&3

- 13:24:22 [INFO] Target: 
  echo 1 >&3
> 
- 13:24:22 [INFO] Host: }

- 13:24:22 [INFO] Target: 
}
> 
- 13:24:22 [INFO] Host: script=anonymous:anonymous@gtautoftp.gt.design.ti.com/anonymous/opentest/target-test-basic.sh_md5_5d260c597a39e144f6dea1bc54ee8584

- 13:24:32 [ERROR] On command: script=anonymous:anonymous@gtautoftp.gt.design.ti.com/anonymous/opentest/target-test-basic.sh_md5_5d260c597a39e144f6dea1bc54ee8584
 waiting for (?-mix:.*) >>> error: execution expired
- 13:24:32 [INFO] Target: 
script=anonymous:anonymous@gtautoftp.gt.design.ti.com/anonymous/opentest/targe 
t-test-basic.sh_md5_5d260c597a39e144f6dea1bc54ee8584
> 
- 13:24:32 [INFO] Host: timeout=600

- 13:24:33 [INFO] Target: 
timeout=600
> 
- 13:24:33 [INFO] Host: 

- 13:24:33 [INFO] Target: 

> 
- 13:24:33 [INFO] Host: # Start of user's script logic

- 13:24:34 [INFO] Target: 
# Start of user's script logic
> 
- 13:24:34 [INFO] Host: 

- 13:24:34 [INFO] Target: 

> 
- 13:24:34 [INFO] Host: 

- 13:24:35 [INFO] Target: 

> 
- 13:24:35 [INFO] Host: mount -t proc proc /proc 2>/dev/null;

- 13:24:35 [INFO] Target: 
mount -t proc proc /proc 2>/dev/null;
> 
- 13:24:35 [INFO] Host: 

- 13:24:36 [INFO] Target: 

> 
- 13:24:36 [INFO] Host: mount -t sysfs sys /sys 2>/dev/null;

- 13:24:36 [INFO] Target: 
mount -t sysfs sys /sys 2>/dev/null;
> 
- 13:24:36 [INFO] Host: 

- 13:24:37 [INFO] Target: 

> 
- 13:24:37 [INFO] Host: mount -t debugfs none /sys/kernel/debug 2>/dev/null;

- 13:24:37 [INFO] Target: 
mount -t debugfs none /sys/kernel/debug 2>/dev/null;
> 
- 13:24:37 [INFO] Host: 

- 13:24:38 [INFO] Target: 

> 
- 13:24:38 [INFO] Host: echo 'cpuinfo:';cat /proc/cpuinfo; echo '=======';

- 13:24:38 [INFO] Target: 
echo 'cpuinfo:';cat /proc/cpuinfo; echo '=======';
> 
- 13:24:38 [INFO] Host: 

- 13:24:39 [INFO] Target: 

> 
- 13:24:39 [INFO] Host: echo 'soc info:';head /sys/devices/soc0/* 2>/dev/null; echo '=======';

- 13:24:39 [INFO] Target: 
echo 'soc info:';head /sys/devices/soc0/* 2>/dev/null; echo '=======';
> 
- 13:24:39 [INFO] Host: 

- 13:24:40 [INFO] Target: 

> 
- 13:24:40 [INFO] Host: echo 'interrupts:';cat /proc/interrupts; echo '=======';

- 13:24:40 [INFO] Target: 
echo 'interrupts:';cat /proc/interrupts; echo '=======';
> 
- 13:24:40 [INFO] Host: 

- 13:24:41 [INFO] Target: 

> 
- 13:24:41 [INFO] Host: echo 'Clk_summary:';cat /sys/kernel/debug/clk/clk_summary; echo '=======';

- 13:24:41 [INFO] Target: 
echo 'Clk_summary:';cat /sys/kernel/debug/clk/clk_summary; echo '=======';
> 
- 13:24:41 [INFO] Host: 

- 13:24:42 [INFO] Target: 

> 
- 13:24:42 [INFO] Host: echo 'Orphan Clks:';ls /sys/kernel/debug/clk/orphans/; echo '=======';

- 13:24:42 [INFO] Target: 
echo 'Orphan Clks:';ls /sys/kernel/debug/clk/orphans/; echo '=======';
> 
- 13:24:42 [INFO] Host: 

- 13:24:43 [INFO] Target: 

> 
- 13:24:43 [INFO] Host: echo 'H''ello World' 'B''oard Booted';

- 13:24:43 [INFO] Target: 
echo 'H''ello World' 'B''oard Booted';
> 
- 13:24:43 [INFO] Host: 

- 13:24:44 [INFO] Target: 

> 
- 13:24:44 [INFO] Host: EOF
- 13:24:44 [INFO] Target: 
EOF
[   65.889074] EXT4-fs error (device mmcblk0p2): ext4_mb_generate_buddy:756: group 10, 32191 clusters in bitmap, 32196 in gd; block bitmap corrupt.
root@am437x-evm:/test# 
- 13:24:44 [INFO] Host: cd /test
- 13:24:45 [INFO] Target: 
cd /test
root@am437x-evm:/test# 
- 13:24:45 [INFO] Host: chmod +x test.sh
- 13:24:45 [INFO] Target: 
chmod +x test.sh
root@am437x-evm:/test# 
- 13:24:45 [INFO] Host: ./test.sh 2> stderr.log > stdout.log 3> result.log
- 13:24:46 [INFO] Target: 
./test.sh 2> stderr.log > stdout.log 3> result.log
[   67.369455] JBD2: Spotted dirty metadata buffer (dev = mmcblk0p2, blocknr = 0). There's a risk of filesystem corruption in case of system crash.
root@am437x-evm:/test# 
- 13:24:46 [INFO] Host: echo $?
- 13:24:46 [INFO] Target: 
echo $?
0
root@am437x-evm:/test# 
- 13:24:46 [INFO] Host: cd /test
- 13:24:47 [INFO] Target: 
cd /test
root@am437x-evm:/test# 
- 13:24:47 [INFO] Host: cat stdout.log
- 13:24:48 [INFO] Target: 
cat stdout.log
cpuinfo:
processor	: 0
model name	: ARMv7 Processor rev 10 (v7l)
Features	: swp half thumb fastmult vfp edsp thumbee neon vfpv3 tls vfpd32 
CPU implementer	: 0x41
CPU architecture: 7
CPU variant	: 0x2
CPU part	: 0xc09
CPU revision	: 10

Hardware	: Generic AM43 (Flattened Device Tree)
Revision	: 0000
Serial		: 0000000000000000
=======
soc info:
==> /sys/devices/soc0/family <==
AM43xx

==> /sys/devices/soc0/machine <==
AM437x

==> /sys/devices/soc0/power <==

==> /sys/devices/soc0/revision <==
ES1.1

==> /sys/devices/soc0/subsystem <==

==> /sys/devices/soc0/type <==
GP

==> /sys/devices/soc0/uevent <==
=======
interrupts:
           CPU0       
 44:       1845       GIC  44  edma
 46:          6       GIC  46  edma_error
 96:       5528       GIC  96  mmc0
100:       3313       GIC 100  gp_timer
102:         30       GIC 102  44e0b000.i2c
103:         62       GIC 103  4802a000.i2c
104:       3816       GIC 104  OMAP UART0
262:          0      GPIO   6  mmc0
IPI0:          0  CPU wakeup interrupts
IPI1:          0  Timer broadcast interrupts
IPI2:          0  Rescheduling interrupts
IPI3:          0  Function call interrupts
IPI4:          0  Single function call interrupts
IPI5:          0  CPU stop interrupts
IPI6:          0  IRQ work interrupts
IPI7:          0  completion interrupts
Err:          0
=======
Clk_summary:
   clock                        enable_cnt  prepare_cnt  rate        accuracy
---------------------------------------------------------------------------------
 clk_32k_mosc_ck                0           0            32768      0          
 clk_32k_tpm_ck                 0           0            32768      0          
 tclkin_ck                      0           0            26000000   0          
 virt_26000000_ck               0           0            26000000   0          
 virt_25000000_ck               0           0            25000000   0          
 virt_24000000_ck               1           1            24000000   0          
    sys_clkin_ck                20          36           24000000   0          
       dpll_extdev_ck           0           0            24000000   0          
          dpll_extdev_m2_ck     0           0            24000000   0          
       dpll_per_ck              1           1            960000000  0          
          dpll_per_m2_ck        1           4            192000000  0          
             func_12m_clk       0           0            12000000   0          
             mmc_clk            0           3            96000000   0          
             clk_24mhz          0           1            24000000   0          
                clkdiv32k_ck    0           1            32786      0          
                   clkdiv32k_ick 0           5            32786      0          
                      gpio5_dbclk 0           1            32786      0          
                      gpio4_dbclk 0           1            32786      0          
                      gpio3_dbclk 0           1            32786      0          
                      gpio2_dbclk 0           1            32786      0          
                      gpio1_dbclk 0           1            32786      0          
             dpll_per_m2_div4_ck 0           12           48000000   0          
             dpll_per_m2_div4_wkupdm_ck 1           2            48000000   0          
          dpll_per_clkdcoldo    0           0            960000000  0          
       dpll_disp_ck             0           0            24000000   0          
          dpll_disp_m2_ck       0           0            24000000   0          
             disp_clk           0           0            24000000   0          
       dpll_ddr_ck              0           0            400000000  0          
          dpll_ddr_m2_ck        0           0            400000000  0          
          dpll_ddr_x2_ck        0           0            800000000  0          
             dpll_ddr_m4_ck     0           0            800000000  0          
       dpll_mpu_ck              1           1            600000000  0          
          dpll_mpu_m2_ck        3           3            600000000  0          
       dpll_core_ck             1           1            1000000000 0          
          dpll_core_x2_ck       2           2            2000000000 0          
             dpll_core_m6_ck    0           0            500000000  0          
             dpll_core_m5_ck    1           1            250000000  0          
                cpsw_50m_clkdiv 0           0            250000000  0          
                   cpsw_5m_clkdiv 0           0            25000000   0          
                cpsw_125mhz_gclk 1           3            125000000  0          
             dpll_core_m4_ck    6           6            200000000  0          
                l4hs_gclk       1           1            200000000  0          
                l3_gclk         12          13           200000000  0          
                sysclk_div      1           3            200000000  0          
                   div_core_25m_ck 0           0            25000000   0          
                   gfx_fclk_clksel_ck 0           1            200000000  0          
                      gfx_fck_div_ck 0           1            200000000  0          
                   cpsw_cpts_rft_clk 0           0            200000000  0          
                   dpll_core_m4_div2_ck 2           2            100000000  0          
                      l4ls_gclk 57          85           100000000  0          
                      l3s_gclk  9           9            100000000  0          
                   pruss_ocp_gclk 0           1            200000000  0          
       aes0_fck                 1           2            24000000   0          
       sha0_fck                 1           1            24000000   0          
       smartreflex1_fck         0           1            24000000   0          
       smartreflex0_fck         0           1            24000000   0          
       mcasp1_fck               0           1            24000000   0          
       mcasp0_fck               0           1            24000000   0          
       dcan1_fck                0           1            24000000   0          
       dcan0_fck                0           1            24000000   0          
       adc_tsc_fck              0           0            24000000   0          
       timer1_fck               1           1            24000000   0          
       timer2_fck               1           1            24000000   0          
       timer3_fck               0           1            24000000   0          
       timer4_fck               0           1            24000000   0          
       timer5_fck               0           1            24000000   0          
       timer6_fck               0           1            24000000   0          
       timer7_fck               0           1            24000000   0          
       timer8_fck               0           1            24000000   0          
       timer9_fck               0           1            24000000   0          
       timer10_fck              0           1            24000000   0          
       timer11_fck              0           1            24000000   0          
       dll_aging_clk_div        0           0            3000000    0          
       vtp_clk_div              0           0            12000000   0          
 virt_19200000_ck               0           0            19200000   0          
 clk_rc32k_ck                   0           2            32768      0          
    gpio0_dbclk_mux_ck          0           1            32768      0          
       gpio0_dbclk              0           1            32768      0          
    wdt1_fck                    0           1            32768      0          
 clk_32768_ck                   0           1            32768      0          
    usbphy_32khz_clkmux         0           0            32768      0          
    mux_synctimer32k_ck         0           1            32768      0          
       synctimer_32kclk         0           1            32768      0          
=======
Orphan Clks:
=======
Hello World Board Booted
root@am437x-evm:/test# 
- 13:24:48 [INFO] Host: cat stderr.log
- 13:24:48 [INFO] Target: 
cat stderr.log
root@am437x-evm:/test# 
- 13:24:48 [INFO] Host: cat result.log
- 13:24:50 [ERROR] On command: cat result.log waiting for (?m-ix:^1[\0\n\r]+) >>> error: execution expired
- 13:24:50 [INFO] Target: 
cat result.log
root@am437x-evm:/test# 
- 13:24:50 [INFO] Host: cd /test
- 13:24:51 [INFO] Target: 
cd /test
root@am437x-evm:/test# 
FOR DEBUG:URL:http://gtsystest.telogy.design.ti.com/vatf/tigtfarm06/tigtfarm06_vatf@am43xx-gpevm/tigtfarm0606_16_2014_13_22_52/files/session_iteration_1/test_1/dut1_1_log.txt
