- 08:03:36 [INFO] Starting target session
- 08:03:36 [INFO] Connected to am43xx-gpevm via serial 
- 08:03:36 [INFO] Host: #check prompt
- 08:03:36 [INFO] Target: 
#check prompt
Password: 
- 08:03:36 [INFO] Host:  
- 08:03:39 [INFO] Target: 
Login incorrect
am437x-evm login: 
- 08:03:39 [INFO] Host: root
- 08:03:42 [ERROR] On command: root waiting for root.+?(?-mix:[\w\d]+@.+[@:#]+) >>> error: execution expired
- 08:03:42 [INFO] Target: 
root
Last login: Fri Aug 22 18:33:24 UTC 2014 on ttyO0
 _____                    _____           _         _   
|  _  |___ ___ ___ ___   |  _  |___ ___  |_|___ ___| |_ 
|     |  _| .'| . | . |  |   __|  _| . | | | -_|  _|  _|
|__|__|_| |__,|_  |___|  |__|  |_| |___|_| |___|___|_|  
              |___|                    |___|            
Arago Project http://arago-project.org am437x-evm /dev/ttyO0
Arago 2014.08 am437x-evm /dev/ttyO0
am437x-evm login: 
- 08:03:42 [INFO] Host: #check prompt
- 08:03:44 [ERROR] On command: #check prompt waiting for #check prompt.+?(?-mix:[\w\d]+@.+[@:#]+) >>> error: execution expired
- 08:03:44 [INFO] Target: 
#check prompt
Password: 
- 08:03:44 [INFO] Host: #check prompt
- 08:03:46 [ERROR] On command: #check prompt waiting for #check prompt.+?(?-mix:[\w\d]+@.+[@:#]+) >>> error: execution expired
- 08:03:46 [INFO] Target: 
- 08:03:46 [INFO] Host: #check prompt
- 08:03:48 [ERROR] On command: #check prompt waiting for #check prompt.+?(?-mix:[\w\d]+@.+[@:#]+) >>> error: execution expired
- 08:03:48 [INFO] Target: 
#check prompt
Login incorrect
am437x-evm login: 
- 08:03:48 [INFO] Disconnected serial from am43xx-gpevm
- 08:03:50 [INFO] Connected to am43xx-gpevm via serial 
- 08:03:50 [INFO] Host: 
- 08:03:53 [INFO] Target: 
U-Boot SPL 2016.05-00303-g6c5519b (Nov 18 2016 - 09:12:39)
Trying to boot from MMC1
SPL: Please implement spl_start_uboot() for your board
SPL: Direct Linux boot not active!
reading u-boot.img
reading u-boot.img
reading u-boot.img
reading u-boot.img
U-Boot 2016.05-00303-g6c5519b (Nov 18 2016 - 09:12:39 -0600), Build: jenkins-ti-uboot-compile-test-204
CPU  : AM437X-GP rev 2.0
Model: TI AM437x GP EVM
I2C:   ready
DRAM:  2 GiB
PMIC:  TPS65218
NAND:  512 MiB
MMC:   OMAP SD/MMC: 0
reading uboot.env
Net:   
Warning: ethernet@4a100000 using MAC address from ROM
eth0: ethernet@4a100000
Hit any key to stop autoboot:  2  0 
=>  
=>  
=>  
=>  
=>  
=>  
=>  
=>  
=>  
=>  
=>  
=>  
=>  
=>  
=>  
=>  
=>  
=>  
- 08:03:54 [INFO] Host: 
- 08:03:54 [INFO] Target: 
=>  
=>  
- 08:03:54 [INFO] Host: version
- 08:03:54 [INFO] Target: 
version
U-Boot 2016.05-00303-g6c5519b (Nov 18 2016 - 09:12:39 -0600)
arm-linux-gnueabihf-gcc (Linaro GCC 5.3-2016.02) 5.3.1 20160113
GNU ld (GNU Binutils) 2.25.0 Linaro 2015_10
- 08:03:54 [INFO] Host: setenv bootargs 'console=ttyO0,115200n8 earlyprintk=serial,ttyO0,115200n8 rootwait '
- 08:03:54 [INFO] Target: 
setenv bootargs 'console=ttyO0,115200n8 earlyprintk=serial,ttyO0,115200n8 rootwait '
- 08:03:54 [INFO] Host: setenv bootcmd  ''
- 08:03:54 [INFO] Target: 
setenv bootcmd  ''
- 08:03:54 [INFO] Host: setenv autoload 'no'
- 08:03:54 [INFO] Target: 
setenv autoload 'no'
- 08:03:54 [INFO] Host: setenv serverip '192.168.0.1'
- 08:03:54 [INFO] Target: 
setenv serverip '192.168.0.1'
- 08:03:54 [INFO] Host: setenv _initramfs -
- 08:03:55 [INFO] Target: 
setenv _initramfs -
- 08:03:55 [INFO] Host: printenv
- 08:03:55 [INFO] Target: 
printenv
_initramfs=-
arch=arm
args_fit=setenv bootargs console=${console} 
args_mmc=run finduuid;setenv bootargs console=${console} ${optargs} root=PARTUUID=${uuid} rw rootfstype=${mmcrootfstype}
autoload=no
baudrate=115200
board=am43xx
board_name=AM43__GP
board_rev=1.4A
board_serial=25144P380416
boot_fdt=try
boot_fit=0
bootargs=console=ttyO0,115200n8 earlyprintk=serial,ttyO0,115200n8 rootwait 
bootcmd=
bootdelay=2
bootdir=/boot
bootenvfile=uEnv.txt
bootfile=zImage
bootm_size=0x10000000
bootpart=0:2
bootscript=echo Running bootscript from mmc${mmcdev} ...; source ${loadaddr}
console=ttyO0,115200n8
cpu=armv7
dfu_alt_info_emmc=MLO raw 0x100 0x100 mmcpart 0;u-boot.img raw 0x300 0x1000 mmcpart 0
dfu_alt_info_mmc=boot part 0 1;rootfs part 0 2;MLO fat 0 1;spl-os-args fat 0 1;spl-os-image fat 0 1;u-boot.img fat 0 1;uEnv.txt fat 0 1
dfu_alt_info_qspi=u-boot.bin raw 0x0 0x080000;u-boot.backup raw 0x080000 0x080000;u-boot-spl-os raw 0x100000 0x010000;u-boot-env raw 0x110000 0x010000;u-boot-env.backup raw 0x120000 0x010000;kernel raw 0x130000 0x800000
dfu_alt_info_ram=kernel ram 0x80200000 0x4000000;fdt ram 0x80f80000 0x80000;ramdisk ram 0x81000000 0x4000000
dfu_bufsiz=0x10000
envboot=mmc dev ${mmcdev}; if mmc rescan; then echo SD/MMC found on device ${mmcdev};if run loadbootscript; then run bootscript;else if run loadbootenv; then echo Loaded env from ${bootenvfile};run importbootenv;fi;if test -n $uenvcmd; then echo Running uenvcmd ...;run uenvcmd;fi;fi;fi;
ethaddr=34:b1:f7:31:65:7a
fdt_addr_r=0x88000000
fdtaddr=0x88000000
fdtcontroladdr=fef0ecf8
fdtfile=undefined
findfdt=if test $board_name = AM43EPOS; then setenv fdtfile am43x-epos-evm.dtb; fi; if test $board_name = AM43__GP; then setenv fdtfile am437x-gp-evm.dtb; fi; if test $board_name = AM43XXHS; then setenv fdtfile am437x-gp-evm.dtb; fi; if test $board_name = AM43__SK; then setenv fdtfile am437x-sk-evm.dtb; fi; if test $board_name = AM43_IDK; then setenv fdtfile am437x-idk-evm.dtb; fi; if test $fdtfile = undefined; then echo WARNING: Could not determine device tree; fi; 
finduuid=part uuid mmc ${bootpart} uuid
fit_bootfile=fitImage.itb
fit_loadaddr=0x88000000
importbootenv=echo Importing environment from mmc${mmcdev} ...; env import -t ${loadaddr} ${filesize}
kernel_addr_r=0x82000000
loadaddr=0x82000000
loadbootenv=fatload mmc ${mmcdev} ${loadaddr} ${bootenvfile}
loadbootscript=load mmc ${mmcdev} ${loadaddr} boot.scr
loadfdt=load ${devtype} ${bootpart} ${fdtaddr} ${bootdir}/${fdtfile}
loadfit=run args_fit; bootm ${loadaddr}#${fdtfile};
loadimage=load ${devtype} ${bootpart} ${loadaddr} ${bootdir}/${bootfile}
loadramdisk=load ${devtype} ${devnum} ${rdaddr} ramdisk.gz
mmcboot=mmc dev ${mmcdev}; setenv devnum ${mmcdev}; setenv devtype mmc; if mmc rescan; then echo SD/MMC found on device ${mmcdev};if run loadimage; then if test ${boot_fit} -eq 1; then run loadfit; else run mmcloados;fi;fi;fi;
mmcdev=0
mmcloados=run args_mmc; if test ${boot_fdt} = yes || test ${boot_fdt} = try; then if run loadfdt; then bootz ${loadaddr} - ${fdtaddr}; else if test ${boot_fdt} = try; then bootz; else echo WARN: Cannot load the DT; fi; fi; else bootz; fi;
mmcrootfstype=ext4 rootwait
mtdids=nand0=nand.0
mtdparts=mtdparts=nand.0:256k(NAND.SPL),256k(NAND.SPL.backup1),256k(NAND.SPL.backup2),256k(NAND.SPL.backup3),512k(NAND.u-boot-spl-os),1m(NAND.u-boot),256k(NAND.u-boot-env),256k(NAND.u-boot-env.backup1),7m(NAND.kernel),-(NAND.file-system)
nandargs=setenv bootargs console=${console} ${optargs} root=${nandroot} rootfstype=${nandrootfstype}
nandboot=echo Booting from nand ...; run nandargs; nand read ${fdtaddr} NAND.u-boot-spl-os; nand read ${loadaddr} NAND.kernel; bootz ${loadaddr} - ${fdtaddr}
nandroot=ubi0:rootfs rw ubi.mtd=NAND.file-system,4096
nandrootfstype=ubifs rootwait=1
netargs=setenv bootargs console=${console} ${optargs} root=/dev/nfs nfsroot=${serverip}:${rootpath},${nfsopts} rw ip=dhcp
netboot=echo Booting from network ...; setenv autoload no; dhcp; run netloadimage; run netloadfdt; run netargs; bootz ${loadaddr} - ${fdtaddr}
netloadfdt=tftp ${fdtaddr} ${fdtfile}
netloadimage=tftp ${loadaddr} ${bootfile}
nfsopts=nolock
partitions=uuid_disk=${uuid_gpt_disk};name=rootfs,start=2MiB,size=-,uuid=${uuid_gpt_rootfs}
pxefile_addr_r=0x80100000
ramargs=setenv bootargs console=${console} ${optargs} root=${ramroot} rootfstype=${ramrootfstype}
ramdisk_addr_r=0x88080000
ramroot=/dev/ram0 rw
ramrootfstype=ext2
rdaddr=0x88080000
rootpath=/export/rootfs
scriptaddr=0x80000000
serverip=192.168.0.1
soc=am33xx
static_ip=${ipaddr}:${serverip}:${gatewayip}:${netmask}:${hostname}::off
stderr=serial@44e09000
stdin=serial@44e09000
stdout=serial@44e09000
update_to_fit=setenv loadaddr ${fit_loadaddr}; setenv bootfile ${fit_bootfile}
usbargs=setenv bootargs console=${console} ${optargs} root=${usbroot} rootfstype=${usbrootfstype}
usbboot=setenv devnum ${usbdev}; setenv devtype usb; usb start ${usbdev}; if usb dev ${usbdev}; then if run loadbootenv; then echo Loaded environment from ${bootenv};run importbootenv;fi;if test -n $uenvcmd; then echo Running uenvcmd ...;run uenvcmd;fi;if run loadimage; then run loadfdt; echo Booting from usb ${usbdev}...; run usbargs;bootz ${loadaddr} - ${fdtaddr}; fi;fi
usbdev=0
usbroot=/dev/sda2 rw
usbrootfstype=ext4 rootwait
vendor=ti
ver=U-Boot 2016.05-00303-g6c5519b (Nov 18 2016 - 09:12:39 -0600)
Environment size: 5493/65532 bytes
- 08:03:55 [INFO] Host: printenv
- 08:03:56 [INFO] Target: 
printenv
_initramfs=-
arch=arm
args_fit=setenv bootargs console=${console} 
args_mmc=run finduuid;setenv bootargs console=${console} ${optargs} root=PARTUUID=${uuid} rw rootfstype=${mmcrootfstype}
autoload=no
baudrate=115200
board=am43xx
board_name=AM43__GP
board_rev=1.4A
board_serial=25144P380416
boot_fdt=try
boot_fit=0
bootargs=console=ttyO0,115200n8 earlyprintk=serial,ttyO0,115200n8 rootwait 
bootcmd=
bootdelay=2
bootdir=/boot
bootenvfile=uEnv.txt
bootfile=zImage
bootm_size=0x10000000
bootpart=0:2
bootscript=echo Running bootscript from mmc${mmcdev} ...; source ${loadaddr}
console=ttyO0,115200n8
cpu=armv7
dfu_alt_info_emmc=MLO raw 0x100 0x100 mmcpart 0;u-boot.img raw 0x300 0x1000 mmcpart 0
dfu_alt_info_mmc=boot part 0 1;rootfs part 0 2;MLO fat 0 1;spl-os-args fat 0 1;spl-os-image fat 0 1;u-boot.img fat 0 1;uEnv.txt fat 0 1
dfu_alt_info_qspi=u-boot.bin raw 0x0 0x080000;u-boot.backup raw 0x080000 0x080000;u-boot-spl-os raw 0x100000 0x010000;u-boot-env raw 0x110000 0x010000;u-boot-env.backup raw 0x120000 0x010000;kernel raw 0x130000 0x800000
dfu_alt_info_ram=kernel ram 0x80200000 0x4000000;fdt ram 0x80f80000 0x80000;ramdisk ram 0x81000000 0x4000000
dfu_bufsiz=0x10000
envboot=mmc dev ${mmcdev}; if mmc rescan; then echo SD/MMC found on device ${mmcdev};if run loadbootscript; then run bootscript;else if run loadbootenv; then echo Loaded env from ${bootenvfile};run importbootenv;fi;if test -n $uenvcmd; then echo Running uenvcmd ...;run uenvcmd;fi;fi;fi;
ethaddr=34:b1:f7:31:65:7a
fdt_addr_r=0x88000000
fdtaddr=0x88000000
fdtcontroladdr=fef0ecf8
fdtfile=undefined
findfdt=if test $board_name = AM43EPOS; then setenv fdtfile am43x-epos-evm.dtb; fi; if test $board_name = AM43__GP; then setenv fdtfile am437x-gp-evm.dtb; fi; if test $board_name = AM43XXHS; then setenv fdtfile am437x-gp-evm.dtb; fi; if test $board_name = AM43__SK; then setenv fdtfile am437x-sk-evm.dtb; fi; if test $board_name = AM43_IDK; then setenv fdtfile am437x-idk-evm.dtb; fi; if test $fdtfile = undefined; then echo WARNING: Could not determine device tree; fi; 
finduuid=part uuid mmc ${bootpart} uuid
fit_bootfile=fitImage.itb
fit_loadaddr=0x88000000
importbootenv=echo Importing environment from mmc${mmcdev} ...; env import -t ${loadaddr} ${filesize}
kernel_addr_r=0x82000000
loadaddr=0x82000000
loadbootenv=fatload mmc ${mmcdev} ${loadaddr} ${bootenvfile}
loadbootscript=load mmc ${mmcdev} ${loadaddr} boot.scr
loadfdt=load ${devtype} ${bootpart} ${fdtaddr} ${bootdir}/${fdtfile}
loadfit=run args_fit; bootm ${loadaddr}#${fdtfile};
loadimage=load ${devtype} ${bootpart} ${loadaddr} ${bootdir}/${bootfile}
loadramdisk=load ${devtype} ${devnum} ${rdaddr} ramdisk.gz
mmcboot=mmc dev ${mmcdev}; setenv devnum ${mmcdev}; setenv devtype mmc; if mmc rescan; then echo SD/MMC found on device ${mmcdev};if run loadimage; then if test ${boot_fit} -eq 1; then run loadfit; else run mmcloados;fi;fi;fi;
mmcdev=0
mmcloados=run args_mmc; if test ${boot_fdt} = yes || test ${boot_fdt} = try; then if run loadfdt; then bootz ${loadaddr} - ${fdtaddr}; else if test ${boot_fdt} = try; then bootz; else echo WARN: Cannot load the DT; fi; fi; else bootz; fi;
mmcrootfstype=ext4 rootwait
mtdids=nand0=nand.0
mtdparts=mtdparts=nand.0:256k(NAND.SPL),256k(NAND.SPL.backup1),256k(NAND.SPL.backup2),256k(NAND.SPL.backup3),512k(NAND.u-boot-spl-os),1m(NAND.u-boot),256k(NAND.u-boot-env),256k(NAND.u-boot-env.backup1),7m(NAND.kernel),-(NAND.file-system)
nandargs=setenv bootargs console=${console} ${optargs} root=${nandroot} rootfstype=${nandrootfstype}
nandboot=echo Booting from nand ...; run nandargs; nand read ${fdtaddr} NAND.u-boot-spl-os; nand read ${loadaddr} NAND.kernel; bootz ${loadaddr} - ${fdtaddr}
nandroot=ubi0:rootfs rw ubi.mtd=NAND.file-system,4096
nandrootfstype=ubifs rootwait=1
netargs=setenv bootargs console=${console} ${optargs} root=/dev/nfs nfsroot=${serverip}:${rootpath},${nfsopts} rw ip=dhcp
netboot=echo Booting from network ...; setenv autoload no; dhcp; run netloadimage; run netloadfdt; run netargs; bootz ${loadaddr} - ${fdtaddr}
netloadfdt=tftp ${fdtaddr} ${fdtfile}
netloadimage=tftp ${loadaddr} ${bootfile}
nfsopts=nolock
partitions=uuid_disk=${uuid_gpt_disk};name=rootfs,start=2MiB,size=-,uuid=${uuid_gpt_rootfs}
pxefile_addr_r=0x80100000
ramargs=setenv bootargs console=${console} ${optargs} root=${ramroot} rootfstype=${ramrootfstype}
ramdisk_addr_r=0x88080000
ramroot=/dev/ram0 rw
ramrootfstype=ext2
rdaddr=0x88080000
rootpath=/export/rootfs
scriptaddr=0x80000000
serverip=192.168.0.1
soc=am33xx
static_ip=${ipaddr}:${serverip}:${gatewayip}:${netmask}:${hostname}::off
stderr=serial@44e09000
stdin=serial@44e09000
stdout=serial@44e09000
update_to_fit=setenv loadaddr ${fit_loadaddr}; setenv bootfile ${fit_bootfile}
usbargs=setenv bootargs console=${console} ${optargs} root=${usbroot} rootfstype=${usbrootfstype}
usbboot=setenv devnum ${usbdev}; setenv devtype usb; usb start ${usbdev}; if usb dev ${usbdev}; then if run loadbootenv; then echo Loaded environment from ${bootenv};run importbootenv;fi;if test -n $uenvcmd; then echo Running uenvcmd ...;run uenvcmd;fi;if run loadimage; then run loadfdt; echo Booting from usb ${usbdev}...; run usbargs;bootz ${loadaddr} - ${fdtaddr}; fi;fi
usbdev=0
usbroot=/dev/sda2 rw
usbrootfstype=ext4 rootwait
vendor=ti
ver=U-Boot 2016.05-00303-g6c5519b (Nov 18 2016 - 09:12:39 -0600)
Environment size: 5493/65532 bytes
- 08:03:56 [INFO] Host: setenv bootargs ''${bootargs}' ip=:::::eth0:dhcp '
- 08:03:56 [INFO] Target: 
setenv bootargs ''${bootargs}' ip=:::::eth0:dhcp '
- 08:03:56 [INFO] Host: setenv serverip '192.168.0.1'
- 08:03:56 [INFO] Target: 
setenv serverip '192.168.0.1'
- 08:03:56 [INFO] Host: setenv autoload 'no'
- 08:03:56 [INFO] Target: 
setenv autoload 'no'
- 08:03:56 [INFO] Host: dhcp
- 08:04:02 [INFO] Target: 
dhcp
ethernet@4a100000 Waiting for PHY auto negotiation to complete... done
link up on port 0, speed 1000, full duplex
BOOTP broadcast 1
BOOTP broadcast 2
BOOTP broadcast 3
BOOTP broadcast 4
BOOTP broadcast 5
DHCP client bound to address 192.168.0.70 (4854 ms)
- 08:04:02 [INFO] Host: tftp ${loadaddr} 192.168.0.1:vatf_am43xx-gpevm3/5953f2a3a16b136d825d88edae9811d3
- 08:04:03 [INFO] Target: 
tftp ${loadaddr} 192.168.0.1:vatf_am43xx-gpevm3/5953f2a3a16b136d825d88edae9811d3
link up on port 0, speed 1000, full duplex
Using ethernet@4a100000 device
TFTP from server 192.168.0.1; our IP address is 192.168.0.70
Filename 'vatf_am43xx-gpevm3/5953f2a3a16b136d825d88edae9811d3'.
Load address: 0x82000000
Loading: *#################################################################
	 #################################################################
	 #################################################################
	 #################################################################
	 ####
	 6.4 MiB/s
done
Bytes transferred = 3871568 (3b1350 hex)
- 08:04:03 [INFO] Host: tftp ${fdt_addr_r} 192.168.0.1:vatf_am43xx-gpevm3/0820e4ce26769b6479c78c1958c17086
- 08:04:03 [INFO] Target: 
tftp ${fdt_addr_r} 192.168.0.1:vatf_am43xx-gpevm3/0820e4ce26769b6479c78c1958c17086
link up on port 0, speed 1000, full duplex
Using ethernet@4a100000 device
TFTP from server 192.168.0.1; our IP address is 192.168.0.70
Filename 'vatf_am43xx-gpevm3/0820e4ce26769b6479c78c1958c17086'.
Load address: 0x88000000
Loading: *####
	 5.2 MiB/s
done
Bytes transferred = 49312 (c0a0 hex)
- 08:04:03 [INFO] Host: ls mmc 0:1
- 08:04:03 [INFO] Target: 
ls mmc 0:1
    74552   mlo 
     1164   readme 
   600636   u-boot.img 
       13   .ipaddr 
        4   ws-calibrate.rules 
        0   pointercal 
   116932   mlo.orig 
   402732   u-boot.img.orig 
    65536   uboot.env 
9 file(s), 0 dir(s)
- 08:04:03 [INFO] Host: ls mmc 0:2
- 08:04:03 [INFO] Target: 
ls mmc 0:2
<DIR>       4096 .
<DIR>       4096 ..
<DIR>       4096 bin
<DIR>       4096 boot
<DIR>       4096 dev
<DIR>       4096 etc
<DIR>       4096 home
<DIR>       4096 lib
<DIR>       4096 media
<DIR>       4096 mnt
<DIR>       4096 opt
<DIR>       4096 proc
<DIR>       4096 run
<DIR>       4096 sbin
<DIR>       4096 srv
<DIR>       4096 sys
<SYM>          8 tmp
<DIR>       4096 usr
<DIR>       4096 var
<DIR>       4096 www
- 08:04:03 [INFO] Host: part uuid mmc 0:2
- 08:04:03 [INFO] Target: 
part uuid mmc 0:2
00000000-02
- 08:04:03 [INFO] Host: printenv
- 08:04:04 [INFO] Target: 
printenv
_initramfs=-
arch=arm
args_fit=setenv bootargs console=${console} 
args_mmc=run finduuid;setenv bootargs console=${console} ${optargs} root=PARTUUID=${uuid} rw rootfstype=${mmcrootfstype}
autoload=no
baudrate=115200
board=am43xx
board_name=AM43__GP
board_rev=1.4A
board_serial=25144P380416
boot_fdt=try
boot_fit=0
bootargs=console=ttyO0,115200n8 earlyprintk=serial,ttyO0,115200n8 rootwait  ip=:::::eth0:dhcp 
bootcmd=
bootdelay=2
bootdir=/boot
bootenvfile=uEnv.txt
bootfile=zImage
bootm_size=0x10000000
bootpart=0:2
bootscript=echo Running bootscript from mmc${mmcdev} ...; source ${loadaddr}
console=ttyO0,115200n8
cpu=armv7
dfu_alt_info_emmc=MLO raw 0x100 0x100 mmcpart 0;u-boot.img raw 0x300 0x1000 mmcpart 0
dfu_alt_info_mmc=boot part 0 1;rootfs part 0 2;MLO fat 0 1;spl-os-args fat 0 1;spl-os-image fat 0 1;u-boot.img fat 0 1;uEnv.txt fat 0 1
dfu_alt_info_qspi=u-boot.bin raw 0x0 0x080000;u-boot.backup raw 0x080000 0x080000;u-boot-spl-os raw 0x100000 0x010000;u-boot-env raw 0x110000 0x010000;u-boot-env.backup raw 0x120000 0x010000;kernel raw 0x130000 0x800000
dfu_alt_info_ram=kernel ram 0x80200000 0x4000000;fdt ram 0x80f80000 0x80000;ramdisk ram 0x81000000 0x4000000
dfu_bufsiz=0x10000
dnsip=192.0.2.2
dnsip2=192.0.2.3
envboot=mmc dev ${mmcdev}; if mmc rescan; then echo SD/MMC found on device ${mmcdev};if run loadbootscript; then run bootscript;else if run loadbootenv; then echo Loaded env from ${bootenvfile};run importbootenv;fi;if test -n $uenvcmd; then echo Running uenvcmd ...;run uenvcmd;fi;fi;fi;
ethact=ethernet@4a100000
ethaddr=34:b1:f7:31:65:7a
fdt_addr_r=0x88000000
fdtaddr=0x88000000
fdtcontroladdr=fef0ecf8
fdtfile=undefined
fileaddr=88000000
filesize=c0a0
findfdt=if test $board_name = AM43EPOS; then setenv fdtfile am43x-epos-evm.dtb; fi; if test $board_name = AM43__GP; then setenv fdtfile am437x-gp-evm.dtb; fi; if test $board_name = AM43XXHS; then setenv fdtfile am437x-gp-evm.dtb; fi; if test $board_name = AM43__SK; then setenv fdtfile am437x-sk-evm.dtb; fi; if test $board_name = AM43_IDK; then setenv fdtfile am437x-idk-evm.dtb; fi; if test $fdtfile = undefined; then echo WARNING: Could not determine device tree; fi; 
finduuid=part uuid mmc ${bootpart} uuid
fit_bootfile=fitImage.itb
fit_loadaddr=0x88000000
gatewayip=192.168.0.1
importbootenv=echo Importing environment from mmc${mmcdev} ...; env import -t ${loadaddr} ${filesize}
ipaddr=192.168.0.70
kernel_addr_r=0x82000000
loadaddr=0x82000000
loadbootenv=fatload mmc ${mmcdev} ${loadaddr} ${bootenvfile}
loadbootscript=load mmc ${mmcdev} ${loadaddr} boot.scr
loadfdt=load ${devtype} ${bootpart} ${fdtaddr} ${bootdir}/${fdtfile}
loadfit=run args_fit; bootm ${loadaddr}#${fdtfile};
loadimage=load ${devtype} ${bootpart} ${loadaddr} ${bootdir}/${bootfile}
loadramdisk=load ${devtype} ${devnum} ${rdaddr} ramdisk.gz
mmcboot=mmc dev ${mmcdev}; setenv devnum ${mmcdev}; setenv devtype mmc; if mmc rescan; then echo SD/MMC found on device ${mmcdev};if run loadimage; then if test ${boot_fit} -eq 1; then run loadfit; else run mmcloados;fi;fi;fi;
mmcdev=0
mmcloados=run args_mmc; if test ${boot_fdt} = yes || test ${boot_fdt} = try; then if run loadfdt; then bootz ${loadaddr} - ${fdtaddr}; else if test ${boot_fdt} = try; then bootz; else echo WARN: Cannot load the DT; fi; fi; else bootz; fi;
mmcrootfstype=ext4 rootwait
mtdids=nand0=nand.0
mtdparts=mtdparts=nand.0:256k(NAND.SPL),256k(NAND.SPL.backup1),256k(NAND.SPL.backup2),256k(NAND.SPL.backup3),512k(NAND.u-boot-spl-os),1m(NAND.u-boot),256k(NAND.u-boot-env),256k(NAND.u-boot-env.backup1),7m(NAND.kernel),-(NAND.file-system)
nandargs=setenv bootargs console=${console} ${optargs} root=${nandroot} rootfstype=${nandrootfstype}
nandboot=echo Booting from nand ...; run nandargs; nand read ${fdtaddr} NAND.u-boot-spl-os; nand read ${loadaddr} NAND.kernel; bootz ${loadaddr} - ${fdtaddr}
nandroot=ubi0:rootfs rw ubi.mtd=NAND.file-system,4096
nandrootfstype=ubifs rootwait=1
netargs=setenv bootargs console=${console} ${optargs} root=/dev/nfs nfsroot=${serverip}:${rootpath},${nfsopts} rw ip=dhcp
netboot=echo Booting from network ...; setenv autoload no; dhcp; run netloadimage; run netloadfdt; run netargs; bootz ${loadaddr} - ${fdtaddr}
netloadfdt=tftp ${fdtaddr} ${fdtfile}
netloadimage=tftp ${loadaddr} ${bootfile}
netmask=255.255.255.0
nfsopts=nolock
partitions=uuid_disk=${uuid_gpt_disk};name=rootfs,start=2MiB,size=-,uuid=${uuid_gpt_rootfs}
pxefile_addr_r=0x80100000
ramargs=setenv bootargs console=${console} ${optargs} root=${ramroot} rootfstype=${ramrootfstype}
ramdisk_addr_r=0x88080000
ramroot=/dev/ram0 rw
ramrootfstype=ext2
rdaddr=0x88080000
rootpath=/export/rootfs
scriptaddr=0x80000000
serverip=192.168.0.1
soc=am33xx
static_ip=${ipaddr}:${serverip}:${gatewayip}:${netmask}:${hostname}::off
stderr=serial@44e09000
stdin=serial@44e09000
stdout=serial@44e09000
update_to_fit=setenv loadaddr ${fit_loadaddr}; setenv bootfile ${fit_bootfile}
usbargs=setenv bootargs console=${console} ${optargs} root=${usbroot} rootfstype=${usbrootfstype}
usbboot=setenv devnum ${usbdev}; setenv devtype usb; usb start ${usbdev}; if usb dev ${usbdev}; then if run loadbootenv; then echo Loaded environment from ${bootenv};run importbootenv;fi;if test -n $uenvcmd; then echo Running uenvcmd ...;run uenvcmd;fi;if run loadimage; then run loadfdt; echo Booting from usb ${usbdev}...; run usbargs;bootz ${loadaddr} - ${fdtaddr}; fi;fi
usbdev=0
usbroot=/dev/sda2 rw
usbrootfstype=ext4 rootwait
vendor=ti
ver=U-Boot 2016.05-00303-g6c5519b (Nov 18 2016 - 09:12:39 -0600)
Environment size: 5682/65532 bytes
- 08:04:04 [INFO] Host: setenv bootargs ''${bootargs}' root=PARTUUID=00000000-02 rw rootfstype=ext4 rootwait '
- 08:04:04 [INFO] Target: 
setenv bootargs ''${bootargs}' root=PARTUUID=00000000-02 rw rootfstype=ext4 rootwait '
- 08:04:04 [INFO] Host: printenv
- 08:04:05 [INFO] Target: 
printenv
_initramfs=-
arch=arm
args_fit=setenv bootargs console=${console} 
args_mmc=run finduuid;setenv bootargs console=${console} ${optargs} root=PARTUUID=${uuid} rw rootfstype=${mmcrootfstype}
autoload=no
baudrate=115200
board=am43xx
board_name=AM43__GP
board_rev=1.4A
board_serial=25144P380416
boot_fdt=try
boot_fit=0
bootargs=console=ttyO0,115200n8 earlyprintk=serial,ttyO0,115200n8 rootwait  ip=:::::eth0:dhcp  root=PARTUUID=00000000-02 rw rootfstype=ext4 rootwait 
bootcmd=
bootdelay=2
bootdir=/boot
bootenvfile=uEnv.txt
bootfile=zImage
bootm_size=0x10000000
bootpart=0:2
bootscript=echo Running bootscript from mmc${mmcdev} ...; source ${loadaddr}
console=ttyO0,115200n8
cpu=armv7
dfu_alt_info_emmc=MLO raw 0x100 0x100 mmcpart 0;u-boot.img raw 0x300 0x1000 mmcpart 0
dfu_alt_info_mmc=boot part 0 1;rootfs part 0 2;MLO fat 0 1;spl-os-args fat 0 1;spl-os-image fat 0 1;u-boot.img fat 0 1;uEnv.txt fat 0 1
dfu_alt_info_qspi=u-boot.bin raw 0x0 0x080000;u-boot.backup raw 0x080000 0x080000;u-boot-spl-os raw 0x100000 0x010000;u-boot-env raw 0x110000 0x010000;u-boot-env.backup raw 0x120000 0x010000;kernel raw 0x130000 0x800000
dfu_alt_info_ram=kernel ram 0x80200000 0x4000000;fdt ram 0x80f80000 0x80000;ramdisk ram 0x81000000 0x4000000
dfu_bufsiz=0x10000
dnsip=192.0.2.2
dnsip2=192.0.2.3
envboot=mmc dev ${mmcdev}; if mmc rescan; then echo SD/MMC found on device ${mmcdev};if run loadbootscript; then run bootscript;else if run loadbootenv; then echo Loaded env from ${bootenvfile};run importbootenv;fi;if test -n $uenvcmd; then echo Running uenvcmd ...;run uenvcmd;fi;fi;fi;
ethact=ethernet@4a100000
ethaddr=34:b1:f7:31:65:7a
fdt_addr_r=0x88000000
fdtaddr=0x88000000
fdtcontroladdr=fef0ecf8
fdtfile=undefined
fileaddr=88000000
filesize=c0a0
findfdt=if test $board_name = AM43EPOS; then setenv fdtfile am43x-epos-evm.dtb; fi; if test $board_name = AM43__GP; then setenv fdtfile am437x-gp-evm.dtb; fi; if test $board_name = AM43XXHS; then setenv fdtfile am437x-gp-evm.dtb; fi; if test $board_name = AM43__SK; then setenv fdtfile am437x-sk-evm.dtb; fi; if test $board_name = AM43_IDK; then setenv fdtfile am437x-idk-evm.dtb; fi; if test $fdtfile = undefined; then echo WARNING: Could not determine device tree; fi; 
finduuid=part uuid mmc ${bootpart} uuid
fit_bootfile=fitImage.itb
fit_loadaddr=0x88000000
gatewayip=192.168.0.1
importbootenv=echo Importing environment from mmc${mmcdev} ...; env import -t ${loadaddr} ${filesize}
ipaddr=192.168.0.70
kernel_addr_r=0x82000000
loadaddr=0x82000000
loadbootenv=fatload mmc ${mmcdev} ${loadaddr} ${bootenvfile}
loadbootscript=load mmc ${mmcdev} ${loadaddr} boot.scr
loadfdt=load ${devtype} ${bootpart} ${fdtaddr} ${bootdir}/${fdtfile}
loadfit=run args_fit; bootm ${loadaddr}#${fdtfile};
loadimage=load ${devtype} ${bootpart} ${loadaddr} ${bootdir}/${bootfile}
loadramdisk=load ${devtype} ${devnum} ${rdaddr} ramdisk.gz
mmcboot=mmc dev ${mmcdev}; setenv devnum ${mmcdev}; setenv devtype mmc; if mmc rescan; then echo SD/MMC found on device ${mmcdev};if run loadimage; then if test ${boot_fit} -eq 1; then run loadfit; else run mmcloados;fi;fi;fi;
mmcdev=0
mmcloados=run args_mmc; if test ${boot_fdt} = yes || test ${boot_fdt} = try; then if run loadfdt; then bootz ${loadaddr} - ${fdtaddr}; else if test ${boot_fdt} = try; then bootz; else echo WARN: Cannot load the DT; fi; fi; else bootz; fi;
mmcrootfstype=ext4 rootwait
mtdids=nand0=nand.0
mtdparts=mtdparts=nand.0:256k(NAND.SPL),256k(NAND.SPL.backup1),256k(NAND.SPL.backup2),256k(NAND.SPL.backup3),512k(NAND.u-boot-spl-os),1m(NAND.u-boot),256k(NAND.u-boot-env),256k(NAND.u-boot-env.backup1),7m(NAND.kernel),-(NAND.file-system)
nandargs=setenv bootargs console=${console} ${optargs} root=${nandroot} rootfstype=${nandrootfstype}
nandboot=echo Booting from nand ...; run nandargs; nand read ${fdtaddr} NAND.u-boot-spl-os; nand read ${loadaddr} NAND.kernel; bootz ${loadaddr} - ${fdtaddr}
nandroot=ubi0:rootfs rw ubi.mtd=NAND.file-system,4096
nandrootfstype=ubifs rootwait=1
netargs=setenv bootargs console=${console} ${optargs} root=/dev/nfs nfsroot=${serverip}:${rootpath},${nfsopts} rw ip=dhcp
netboot=echo Booting from network ...; setenv autoload no; dhcp; run netloadimage; run netloadfdt; run netargs; bootz ${loadaddr} - ${fdtaddr}
netloadfdt=tftp ${fdtaddr} ${fdtfile}
netloadimage=tftp ${loadaddr} ${bootfile}
netmask=255.255.255.0
nfsopts=nolock
partitions=uuid_disk=${uuid_gpt_disk};name=rootfs,start=2MiB,size=-,uuid=${uuid_gpt_rootfs}
pxefile_addr_r=0x80100000
ramargs=setenv bootargs console=${console} ${optargs} root=${ramroot} rootfstype=${ramrootfstype}
ramdisk_addr_r=0x88080000
ramroot=/dev/ram0 rw
ramrootfstype=ext2
rdaddr=0x88080000
rootpath=/export/rootfs
scriptaddr=0x80000000
serverip=192.168.0.1
soc=am33xx
static_ip=${ipaddr}:${serverip}:${gatewayip}:${netmask}:${hostname}::off
stderr=serial@44e09000
stdin=serial@44e09000
stdout=serial@44e09000
update_to_fit=setenv loadaddr ${fit_loadaddr}; setenv bootfile ${fit_bootfile}
usbargs=setenv bootargs console=${console} ${optargs} root=${usbroot} rootfstype=${usbrootfstype}
usbboot=setenv devnum ${usbdev}; setenv devtype usb; usb start ${usbdev}; if usb dev ${usbdev}; then if run loadbootenv; then echo Loaded environment from ${bootenv};run importbootenv;fi;if test -n $uenvcmd; then echo Running uenvcmd ...;run uenvcmd;fi;if run loadimage; then run loadfdt; echo Booting from usb ${usbdev}...; run usbargs;bootz ${loadaddr} - ${fdtaddr}; fi;fi
usbdev=0
usbroot=/dev/sda2 rw
usbrootfstype=ext4 rootwait
vendor=ti
ver=U-Boot 2016.05-00303-g6c5519b (Nov 18 2016 - 09:12:39 -0600)
Environment size: 5737/65532 bytes
- 08:04:05 [INFO] Host: setenv bootcmd ''${bootcmd}' if iminfo ${loadaddr}; then bootm ${loadaddr} ${_initramfs} ${fdt_addr_r}; else bootz ${loadaddr} ${_initramfs} ${fdt_addr_r}; bootm ${loadaddr} ${_initramfs} ${fdt_addr_r}; fi'
- 08:04:05 [INFO] Target: 
setenv bootcmd ''${bootcmd}' if iminfo ${loadaddr}; then bootm ${loadaddr} ${_initramfs} ${fdt_addr_r}; else bootz ${loadaddr} ${_initramfs} ${fdt_addr_r}; bootm ${loadaddr} ${_initramfs} ${fdt_addr_r}; fi'
- 08:04:05 [INFO] Host: version
- 08:04:05 [INFO] Target: 
version
U-Boot 2016.05-00303-g6c5519b (Nov 18 2016 - 09:12:39 -0600)
arm-linux-gnueabihf-gcc (Linaro GCC 5.3-2016.02) 5.3.1 20160113
GNU ld (GNU Binutils) 2.25.0 Linaro 2015_10
- 08:04:05 [INFO] Host: bdinfo
- 08:04:05 [INFO] Target: 
bdinfo
arch_number = 0x00000000
boot_params = 0x80000100
DRAM bank   = 0x00000000
-> start    = 0x80000000
-> size     = 0x80000000
baudrate    = 115200 bps
TLB addr    = 0xFFFF0000
relocaddr   = 0xFFF2A000
reloc off   = 0x7F72A000
irq_sp      = 0xFEF0ECE0
sp start    = 0xFEF0ECD0
- 08:04:05 [INFO] Host: mmc rescan; echo $?
- 08:04:05 [INFO] Target: 
mmc rescan; echo $?
- 08:04:05 [INFO] Host: fatwrite mmc ${mmcdev}:1 ${loadaddr} ws-calibrate.rules 4
- 08:04:05 [INFO] Target: 
fatwrite mmc ${mmcdev}:1 ${loadaddr} ws-calibrate.rules 4
writing ws-calibrate.rules
4 bytes written
- 08:04:05 [INFO] Host: boot
- 08:04:36 [INFO] Target: 
boot
## Checking Image at 82000000 ...
Unknown image format!
Kernel image @ 0x82000000 [ 0x000000 - 0x3b1350 ]
## Flattened Device Tree blob at 88000000
   Booting using the fdt blob at 0x88000000
   Loading Device Tree to 8fff0000, end 8ffff09f ... OK
Starting kernel ...
[    0.000000] Booting Linux on physical CPU 0x0
[    0.000000] Linux version 4.9.0-rc7-next-20161202-00002-g8b8589a999a0 (nmenon@horus) (gcc version 4.9.3 20150413 (prerelease) (Linaro GCC 4.9-2015.05) ) #3 SMP Fri Dec 2 06:14:10 CST 2016
[    0.000000] CPU: ARMv7 Processor [412fc09a] revision 10 (ARMv7), cr=10c5387d
[    0.000000] CPU: PIPT / VIPT nonaliasing data cache, VIPT aliasing instruction cache
[    0.000000] OF: fdt:Machine model: TI AM437x GP EVM
[    0.000000] cma: Reserved 16 MiB at 0xfe800000
[    0.000000] Memory policy: Data cache writeback
[    0.000000] CPU: All CPU(s) started in SVC mode.
[    0.000000] AM437x ES1.1 (sgx neon)
[    0.000000] percpu: Embedded 15 pages/cpu @eedbb000 s31872 r8192 d21376 u61440
[    0.000000] Built 1 zonelists in Zone order, mobility grouping on.  Total pages: 522559
[    0.000000] Kernel command line: console=ttyO0,115200n8 earlyprintk=serial,ttyO0,115200n8 rootwait  ip=:::::eth0:dhcp  root=PARTUUID=00000000-02 rw rootfstype=ext4 rootwait 
[    0.000000] PID hash table entries: 4096 (order: 2, 16384 bytes)
[    0.000000] Dentry cache hash table entries: 131072 (order: 7, 524288 bytes)
[    0.000000] Inode-cache hash table entries: 65536 (order: 6, 262144 bytes)
[    0.000000] Memory: 2041040K/2097148K available (7168K kernel code, 774K rwdata, 2384K rodata, 1024K init, 8124K bss, 39724K reserved, 16384K cma-reserved, 1294332K highmem)
[    0.000000] Virtual kernel memory layout:
[    0.000000]     vector  : 0xffff0000 - 0xffff1000   (   4 kB)
[    0.000000]     fixmap  : 0xffc00000 - 0xfff00000   (3072 kB)
[    0.000000]     vmalloc : 0xf0800000 - 0xff800000   ( 240 MB)
[    0.000000]     lowmem  : 0xc0000000 - 0xf0000000   ( 768 MB)
[    0.000000]     pkmap   : 0xbfe00000 - 0xc0000000   (   2 MB)
[    0.000000]     modules : 0xbf000000 - 0xbfe00000   (  14 MB)
[    0.000000]       .text : 0xc0008000 - 0xc0800000   (8160 kB)
[    0.000000]       .init : 0xc0b00000 - 0xc0c00000   (1024 kB)
[    0.000000]       .data : 0xc0c00000 - 0xc0cc182c   ( 775 kB)
[    0.000000]        .bss : 0xc0cc3000 - 0xc14b2280   (8125 kB)
[    0.000000] Running RCU self tests
[    0.000000] Hierarchical RCU implementation.
[    0.000000] 	RCU lockdep checking is enabled.
[    0.000000] 	Build-time adjustment of leaf fanout to 32.
[    0.000000] 	RCU restricting CPUs from NR_CPUS=2 to nr_cpu_ids=1.
[    0.000000] RCU: Adjusting geometry for rcu_fanout_leaf=32, nr_cpu_ids=1
[    0.000000] NR_IRQS:16 nr_irqs:16 16
[    0.000000] L2C: platform modifies aux control register: 0x0e030000 -> 0x3e430000
[    0.000000] L2C: DT/platform modifies aux control register: 0x0e030000 -> 0x3e430000
[    0.000000] L2C-310 enabling early BRESP for Cortex-A9
[    0.000000] OMAP L2C310: ROM does not support power control setting
[    0.000000] L2C-310 dynamic clock gating disabled, standby mode disabled
[    0.000000] L2C-310 cache controller enabled, 16 ways, 256 kB
[    0.000000] L2C-310: CACHE_ID 0x410000c9, AUX_CTRL 0x4e430000
[    0.000000] OMAP clockevent source: timer1 at 32786 Hz
[    0.000000] clocksource: 32k_counter: mask: 0xffffffff max_cycles: 0xffffffff, max_idle_ns: 58327039986419 ns
[    0.000000] sched_clock: 32 bits at 32kHz, resolution 30517ns, wraps every 65535999984741ns
[    0.000030] OMAP clocksource: 32k_counter at 32768 Hz
[    0.001098] Console: colour dummy device 80x30
[    0.001159] Lock dependency validator: Copyright (c) 2006 Red Hat, Inc., Ingo Molnar
[    0.001190] ... MAX_LOCKDEP_SUBCLASSES:  8
[    0.001190] ... MAX_LOCK_DEPTH:          48
[    0.001190] ... MAX_LOCKDEP_KEYS:        8191
[    0.001190] ... CLASSHASH_SIZE:          4096
[    0.001190] ... MAX_LOCKDEP_ENTRIES:     32768
[    0.001220] ... MAX_LOCKDEP_CHAINS:      65536
[    0.001220] ... CHAINHASH_SIZE:          32768
[    0.001220]  memory used by lock dependency info: 5167 kB
[    0.001220]  per task-struct memory footprint: 1536 bytes
[    0.001251] Calibrating delay loop... 1987.37 BogoMIPS (lpj=9936896)
[    0.119628] pid_max: default: 32768 minimum: 301
[    0.119964] Security Framework initialized
[    0.120086] Mount-cache hash table entries: 2048 (order: 1, 8192 bytes)
[    0.120086] Mountpoint-cache hash table entries: 2048 (order: 1, 8192 bytes)
[    0.123291] CPU: Testing write buffer coherency: ok
[    0.124694] CPU0: thread -1, cpu 0, socket 0, mpidr 80000000
[    0.125823] Setting up static identity map for 0x80100000 - 0x80100070
[    0.128082] smp: Bringing up secondary CPUs ...
[    0.128112] smp: Brought up 1 node, 1 CPU
[    0.128112] SMP: Total of 1 processors activated (1987.37 BogoMIPS).
[    0.128143] CPU: All CPU(s) started in SVC mode.
[    0.131286] devtmpfs: initialized
[    0.166046] VFP support v0.3: implementor 41 architecture 3 part 30 variant 9 rev 4
[    0.166870] clocksource: jiffies: mask: 0xffffffff max_cycles: 0xffffffff, max_idle_ns: 19112604462750000 ns
[    0.168548] pinctrl core: initialized pinctrl subsystem
[    0.173065] NET: Registered protocol family 16
[    0.177886] DMA: preallocated 256 KiB pool for atomic coherent allocations
[    0.293029] cpuidle: using governor menu
[    0.307891] omap_gpio 44e07000.gpio: could not find pctldev for node /ocp@44000000/l4_wkup@44c00000/scm@210000/pinmux@800/gpio0_pins, deferring probe
[    0.314147] OMAP GPIO hardware version 0.1
[    0.326568] omap_gpio 48322000.gpio: could not find pctldev for node /ocp@44000000/l4_wkup@44c00000/scm@210000/pinmux@800/display_mux_pins, deferring probe
[    0.335052] omap-gpmc 50000000.gpmc: could not find pctldev for node /ocp@44000000/l4_wkup@44c00000/scm@210000/pinmux@800/nand_flash_x8, deferring probe
[    0.343658] No ATAGs?
[    0.344207] hw-breakpoint: found 5 (+1 reserved) breakpoint and 1 watchpoint registers.
[    0.344207] hw-breakpoint: maximum watchpoint size is 4 bytes.
[    0.344757] omap4_sram_init:Unable to allocate sram needed to handle errata I688
[    0.344787] omap4_sram_init:Unable to get sram pool needed to handle errata I688
[    0.384063] edma 49000000.edma: TI EDMA DMA engine driver
[    0.390441] SCSI subsystem initialized
[    0.391937] omap_i2c 44e0b000.i2c: could not find pctldev for node /ocp@44000000/l4_wkup@44c00000/scm@210000/pinmux@800/i2c0_pins, deferring probe
[    0.392028] omap_i2c 4802a000.i2c: could not find pctldev for node /ocp@44000000/l4_wkup@44c00000/scm@210000/pinmux@800/i2c1_pins, deferring probe
[    0.392303] pps_core: LinuxPPS API ver. 1 registered
[    0.392303] pps_core: Software ver. 5.3.6 - Copyright 2005-2007 Rodolfo Giometti <giometti@linux.it>
[    0.392364] PTP clock support registered
[    0.396118] clocksource: Switched to clocksource 32k_counter
[    0.480773] VFS: Disk quotas dquot_6.6.0
[    0.480926] VFS: Dquot-cache hash table entries: 1024 (order 0, 4096 bytes)
[    0.506286] NET: Registered protocol family 2
[    0.508239] TCP established hash table entries: 8192 (order: 3, 32768 bytes)
[    0.508392] TCP bind hash table entries: 8192 (order: 6, 294912 bytes)
[    0.510009] TCP: Hash tables configured (established 8192 bind 8192)
[    0.510467] UDP hash table entries: 512 (order: 3, 40960 bytes)
[    0.510711] UDP-Lite hash table entries: 512 (order: 3, 40960 bytes)
[    0.511566] NET: Registered protocol family 1
[    0.513702] RPC: Registered named UNIX socket transport module.
[    0.513732] RPC: Registered udp transport module.
[    0.513732] RPC: Registered tcp transport module.
[    0.513732] RPC: Registered tcp NFSv4.1 backchannel transport module.
[    0.520080] futex hash table entries: 256 (order: 2, 16384 bytes)
[    0.520233] audit: initializing netlink subsys (disabled)
[    0.522491] audit: type=2000 audit(0.510:1): initialized
[    0.523925] workingset: timestamp_bits=14 max_order=19 bucket_order=5
[    0.526794] NFS: Registering the id_resolver key type
[    0.527130] Key type id_resolver registered
[    0.527130] Key type id_legacy registered
[    0.527282] jffs2: version 2.2. (NAND) (SUMMARY)   2001-2006 Red Hat, Inc.
[    0.533203] bounce: pool size: 64 pages
[    0.533386] io scheduler noop registered
[    0.533386] io scheduler deadline registered
[    0.533508] io scheduler cfq registered (default)
[    0.537994] pinctrl-single 44e10800.pinmux: 199 pins at pa f9e10800 size 796
[    0.542633] Serial: 8250/16550 driver, 4 ports, IRQ sharing enabled
[    0.547760] omap_uart 44e09000.serial: no wakeirq for uart0
[    0.547790] omap_uart 44e09000.serial: No clock speed specified: using default: 48000000
[    0.548370] 44e09000.serial: ttyO0 at MMIO 0x44e09000 (irq = 29, base_baud = 3000000) is a OMAP UART0
[    1.353149] console [ttyO0] enabled
[    1.358459] omap_uart 481a6000.serial: no wakeirq for uart3
[    1.364379] omap_uart 481a6000.serial: No clock speed specified: using default: 48000000
[    1.373291] 481a6000.serial: ttyO3 at MMIO 0x481a6000 (irq = 30, base_baud = 3000000) is a OMAP UART3
[    1.418426] brd: module loaded
[    1.442626] loop: module loaded
[    1.448577] mtdoops: mtd device (mtddev=name/number) must be supplied
[    1.458496] libphy: Fixed MDIO Bus: probed
[    1.536163] davinci_mdio 4a101000.mdio: davinci mdio revision 1.6
[    1.542633] davinci_mdio 4a101000.mdio: detected phy mask fffffffe
[    1.552734] libphy: 4a101000.mdio: probed
[    1.557098] davinci_mdio 4a101000.mdio: phy[0]: device 4a101000.mdio:00, driver unknown
[    1.566864] cpsw 4a100000.ethernet: Detected MACID = 34:b1:f7:31:65:7a
[    1.579589] mousedev: PS/2 mouse device common for all mice
[    1.585479] i2c /dev entries driver
[    1.647705] ledtrig-cpu: registered to indicate activity on CPUs
[    1.655059] oprofile: no performance counters
[    1.661163] oprofile: using timer interrupt.
[    1.666381] Initializing XFRM netlink socket
[    1.671234] NET: Registered protocol family 10
[    1.682861] Segment Routing with IPv6
[    1.686950] sit: IPv6, IPv4 and MPLS over IPv4 tunneling driver
[    1.695190] NET: Registered protocol family 17
[    1.700103] NET: Registered protocol family 15
[    1.705139] Key type dns_resolver registered
[    1.709838] omap_voltage_late_init: Voltage driver support not added
[    1.716613] sr_dev_init: No voltage domain specified for smartreflex0. Cannot initialize
[    1.725189] sr_dev_init: No voltage domain specified for smartreflex1. Cannot initialize
[    1.734405] ThumbEE CPU extension supported.
[    1.739013] Registering SWP/SWPB emulation handler
[    1.744079] SmartReflex Class3 initialized
[    1.771789] GPIO line 119 (SelEMMCorNAND) hogged as output/low
[    1.785369] GPIO line 136 (SelLCDorHDMI) hogged as output/high
[    1.796844] omap-gpmc 50000000.gpmc: GPMC revision 6.0
[    1.802581] gpmc_mem_init: disabling cs 0 mapped at 0x0-0x1000000
[    1.812194] nand: device found, Manufacturer ID: 0x2c, Chip ID: 0xdc
[    1.819000] nand: Micron MT29F4G08ABAEAWP
[    1.823272] nand: 512 MiB, SLC, erase size: 256 KiB, page size: 4096, OOB size: 224
[    1.831451] using OMAP_ECC_BCH16_CODE_HW ECC scheme
[    1.836975] 10 ofpart partitions found on MTD device 8000000.nand
[    1.843414] Creating 10 MTD partitions on "8000000.nand":
[    1.849182] 0x000000000000-0x000000040000 : "NAND.SPL"
[    1.861236] 0x000000040000-0x000000080000 : "NAND.SPL.backup1"
[    1.871063] 0x000000080000-0x0000000c0000 : "NAND.SPL.backup2"
[    1.880920] 0x0000000c0000-0x000000100000 : "NAND.SPL.backup3"
[    1.890899] 0x000000100000-0x000000180000 : "NAND.u-boot-spl-os"
[    1.900756] 0x000000180000-0x000000280000 : "NAND.u-boot"
[    1.909881] 0x000000280000-0x0000002c0000 : "NAND.u-boot-env"
[    1.919342] 0x0000002c0000-0x000000300000 : "NAND.u-boot-env.backup1"
[    1.929534] 0x000000300000-0x000000a00000 : "NAND.kernel"
[    1.939361] 0x000000a00000-0x000020000000 : "NAND.file-system"
[    2.050537] omap_i2c 44e0b000.i2c: bus 0 rev0.12 at 100 kHz
[    2.059814] omap_i2c 4802a000.i2c: bus 1 rev0.12 at 100 kHz
[    2.066833] omap_hsmmc 48060000.mmc: Got CD GPIO
[    2.128570] hctosys: unable to open rtc device (rtc0)
[    2.133911] sr_init: No PMIC hook to init smartreflex
[    2.139587] sr_init: platform driver register failed for SR
[    2.162811] net eth0: initializing cpsw version 1.15 (0)
[    2.214202] mmc1: host does not support reading read-only switch, assuming write-enable
[    2.225128] mmc1: new high speed SDHC card at address 0007
[    2.234252] mmcblk1: mmc1:0007 SD4GB 3.71 GiB 
[    2.243347]  mmcblk1: p1 p2 p3
[    2.266693] Generic PHY 4a101000.mdio:00: attached PHY driver [Generic PHY] (mii_bus:phy_addr=4a101000.mdio:00, irq=-1)
[    2.283081] Division by zero in kernel.
[    2.287261] CPU: 0 PID: 1 Comm: swapper/0 Not tainted 4.9.0-rc7-next-20161202-00002-g8b8589a999a0 #3
[    2.296905] Hardware name: Generic AM43 (Flattened Device Tree)
[    2.303222] [<c0110124>] (unwind_backtrace) from [<c010c344>] (show_stack+0x10/0x14)
[    2.311401] [<c010c344>] (show_stack) from [<c0495bec>] (dump_stack+0xb0/0xe4)
[    2.319061] [<c0495bec>] (dump_stack) from [<c04945fc>] (Ldiv0+0x8/0x14)
[    2.326171] [<c04945fc>] (Ldiv0) from [<c0612c30>] (cpsw_split_budget+0x98/0x1fc)
[    2.334075] [<c0612c30>] (cpsw_split_budget) from [<c0615db8>] (cpsw_ndo_open+0x4c8/0x5f4)
[    2.342834] [<c0615db8>] (cpsw_ndo_open) from [<c0690540>] (__dev_open+0xa8/0x110)
[    2.350860] [<c0690540>] (__dev_open) from [<c06907c4>] (__dev_change_flags+0x88/0x14c)
[    2.359313] [<c06907c4>] (__dev_change_flags) from [<c06908a0>] (dev_change_flags+0x18/0x48)
[    2.368255] [<c06908a0>] (dev_change_flags) from [<c0b4acf4>] (ip_auto_config+0x1bc/0x10c8)
[    2.377105] [<c0b4acf4>] (ip_auto_config) from [<c010186c>] (do_one_initcall+0x3c/0x178)
[    2.385650] [<c010186c>] (do_one_initcall) from [<c0b00e9c>] (kernel_init_freeable+0x21c/0x2ec)
[    2.394866] [<c0b00e9c>] (kernel_init_freeable) from [<c07da238>] (kernel_init+0x8/0x118)
[    2.403503] [<c07da238>] (kernel_init) from [<c01078f0>] (ret_from_fork+0x14/0x24)
[    2.414855] IPv6: ADDRCONF(NETDEV_UP): eth0: link is not ready
[    5.367095] cpsw 4a100000.ethernet eth0: Link is Up - 1Gbps/Full - flow control rx/tx
[    5.386230] IPv6: ADDRCONF(NETDEV_CHANGE): eth0: link becomes ready
[    5.417297] Sending DHCP requests ., OK
[    5.476776] IP-Config: Got DHCP answer from 192.168.0.1, my address is 192.168.0.70
[    5.484893] IP-Config: Complete:
[    5.488372]      device=eth0, hwaddr=34:b1:f7:31:65:7a, ipaddr=192.168.0.70, mask=255.255.255.0, gw=192.168.0.1
[    5.499084]      host=192.168.0.70, domain=ti.com, nis-domain=(none)
[    5.505798]      bootserver=192.168.0.1, rootserver=192.168.0.1, rootpath=     nameserver0=192.0.2.2, nameserver1=192.0.2.3
[    5.518493] vmmcwl_fixed: disabling
[    6.128723] random: fast init done
[    9.914733] EXT4-fs (mmcblk1p2): recovery complete
[    9.924377] EXT4-fs (mmcblk1p2): mounted filesystem with ordered data mode. Opts: (null)
[    9.933197] VFS: Mounted root (ext4 filesystem) on device 179:2.
[    9.945983] devtmpfs: mounted
[    9.952087] Freeing unused kernel memory: 1024K
INIT: version 2.88 booting
Error opening /dev/fb0: No such file or directory
Starting udev
[   10.888977] udevd[115]: starting version 182
[   18.227630] EXT4-fs (mmcblk1p3): warning: mounting unchecked fs, running e2fsck is recommended
[   18.608612] EXT4-fs (mmcblk1p3): mounted filesystem without journal. Opts: (null)
[   18.627716] FAT-fs (mmcblk1p1): Volume was not properly unmounted. Some data may be corrupt. Please run fsck.
[   19.080566] EXT4-fs (mmcblk1p2): re-mounted. Opts: data=ordered
Starting Bootlog daemon: bootlogd: cannot allocate pseudo tty: No such file or directory
bootlogd.
Populating dev cache
ALSA: Restoring mixer settings...
/usr/sbin/alsactl: load_state:1729: No soundcards found...
hwclock: can't open '/dev/misc/rtc': No such file or directory
Fri Aug 22 18:32:00 UTC 2014
hwclock: can't open '/dev/misc/rtc': No such file or directory
INIT: Entering runlevel: 5
Configuring network interfaces... udhcpc (v1.22.1) started
Sending discover...
Sending select for 192.168.0.128...
Lease of 192.168.0.128 obtained, lease time 600
/etc/udhcpc.d/50default: Adding DNS 192.0.2.2
/etc/udhcpc.d/50default: Adding DNS 192.0.2.3
done.
Starting system message bus: dbus.
UIM SYSFS Node Not Found
Starting Dropbear SSH server: dropbear.
Starting telnet daemon.
Starting rpcbind daemon...done.
creating NFS state directory: done
starting statd: done
hwclock: can't open '/dev/misc/rtc': No such file or directory
Starting syslogd/klogd: done
Starting thttpd.
Starting Lighttpd Web Server: lighttpd.
2014-08-22 18:32:05: (/scratch/jenkins/coresdk-nightly-build/build-CORTEX_2/arago-tmp-external-linaro-toolchain/work/cortexa9t2hf-vfp-neon-oe-linux-gnueabi/lighttpd/1.4.33-r1/lighttpd-1.4.33/src/log.c.166) server started 
***************************************************************
***************************************************************
NOTICE: This file system contains the followin GPLv3 packages:
	binutils
	elfutils
	gdbserver
	libdw1
	libelf1
If you do not wish to distribute GPLv3 components please remove
the above packages prior to distribution.  This can be done using
the opkg remove command.  i.e.:
    opkg remove <package>
Where <package> is the name printed in the list above
NOTE: If the package is a dependency of another package you
      will be notified of the dependent packages.  You should
      use the --force-removal-of-dependent-packages option to
      also remove the dependent packages as well
***************************************************************
***************************************************************
Stopping Bootlog daemon: bootlogd.
 _____                    _____           _         _   
|  _  |___ ___ ___ ___   |  _  |___ ___  |_|___ ___| |_ 
|     |  _| .'| . | . |  |   __|  _| . | | | -_|  _|  _|
|__|__|_| |__,|_  |___|  |__|  |_| |___|_| |___|___|_|  
              |___|                    |___|            
Arago Project http://arago-project.org am437x-evm /dev/ttyO0
Arago 2014.08 am437x-evm /dev/ttyO0
am437x-evm login: 
- 08:04:36 [INFO] Host: root
- 08:05:16 [ERROR] On command: root waiting for (?-mix:[\w\d]+@.+[@:#]+) >>> error: execution expired
- 08:05:16 [INFO] Target: 
root
 _____                    _____           _         _   
|  _  |___ ___ ___ ___   |  _  |___ ___  |_|___ ___| |_ 
|     |  _| .'| . | . |  |   __|  _| . | | | -_|  _|  _|
|__|__|_| |__,|_  |___|  |__|  |_| |___|_| |___|___|_|  
              |___|                    |___|            
Arago Project http://arago-project.org am437x-evm /dev/ttyO0
Arago 2014.08 am437x-evm /dev/ttyO0
am437x-evm login: 
- 08:05:16 [INFO] Host: root
- 08:05:56 [ERROR] On command: root waiting for (?-mix:[\w\d]+@.+[@:#]+) >>> error: execution expired
- 08:05:56 [INFO] Target: 
root
Last login: Fri Aug 22 18:32:07 UTC 2014 on ttyO0
 _____                    _____           _         _   
|  _  |___ ___ ___ ___   |  _  |___ ___  |_|___ ___| |_ 
|     |  _| .'| . | . |  |   __|  _| . | | | -_|  _|  _|
|__|__|_| |__,|_  |___|  |__|  |_| |___|_| |___|___|_|  
              |___|                    |___|            
Arago Project http://arago-project.org am437x-evm /dev/ttyO0
Arago 2014.08 am437x-evm /dev/ttyO0
am437x-evm login: 
- 08:05:56 [INFO] Host: root
- 08:06:36 [ERROR] On command: root waiting for (?-mix:[\w\d]+@.+[@:#]+) >>> error: execution expired
- 08:06:36 [INFO] Target: 
root
Last login: Fri Aug 22 18:32:47 UTC 2014 on ttyO0
 _____                    _____           _         _   
|  _  |___ ___ ___ ___   |  _  |___ ___  |_|___ ___| |_ 
|     |  _| .'| . | . |  |   __|  _| . | | | -_|  _|  _|
|__|__|_| |__,|_  |___|  |__|  |_| |___|_| |___|___|_|  
              |___|                    |___|            
Arago Project http://arago-project.org am437x-evm /dev/ttyO0
Arago 2014.08 am437x-evm /dev/ttyO0
am437x-evm login: 
- 08:06:36 [INFO] Boot attempt 1/1 failed
- 08:06:36 [INFO] Collecting kernel traces via sysrq...
- 08:06:46 [INFO] [  148.244049] sysrq: SysRq : Show State
[  148.247955]   task                PC stack   pid father
[  148.253479] init            S    0     1      0 0x00000000
[  148.259307] [<c07db6d0>] (__schedule) from [<c07dbffc>] (schedule+0x44/0x9c)
[  148.266784] [<c07dbffc>] (schedule) from [<c07e210c>] (schedule_hrtimeout_range_clock+0xa4/0x124)
[  148.276184] [<c07e210c>] (schedule_hrtimeout_range_clock) from [<c07e21a8>] (schedule_hrtimeout_range+0x1c/0x24)
[  148.286956] [<c07e21a8>] (schedule_hrtimeout_range) from [<c02b3424>] (poll_schedule_timeout+0x48/0x78)
[  148.296874] [<c02b3424>] (poll_schedule_timeout) from [<c02b3fc0>] (do_select+0x6f0/0x7e8)
[  148.305633] [<c02b3fc0>] (do_select) from [<c02b4374>] (core_sys_select+0x2bc/0x5f8)
[  148.313812] [<c02b4374>] (core_sys_select) from [<c02b4794>] (SyS_select+0xe4/0x148)
[  148.322021] [<c02b4794>] (SyS_select) from [<c0107860>] (ret_fast_syscall+0x0/0x1c)
[  148.330139] kthreadd        S    0     2      0 0x00000000
[  148.335937] [<c07db6d0>] (__schedule) from [<c07dbffc>] (schedule+0x44/0x9c)
[  148.343414] [<c07dbffc>] (schedule) from [<c015c338>] (kthreadd+0x228/0x250)
[  148.350860] [<c015c338>] (kthreadd) from [<c01078f0>] (ret_from_fork+0x14/0x24)
[  148.358612] kworker/0:0     S    0     3      2 0x00000000
[  148.364410] [<c07db6d0>] (__schedule) from [<c07dbffc>] (schedule+0x44/0x9c)
[  148.371887] [<c07dbffc>] (schedule) from [<c0154f60>] (worker_thread+0xa4/0x4d0)
[  148.379730] [<c0154f60>] (worker_thread) from [<c015b208>] (kthread+0xd4/0xf0)
[  148.387359] [<c015b208>] (kthread) from [<c01078f0>] (ret_from_fork+0x14/0x24)
[  148.394989] kworker/0:0H    S    0     4      2 0x00000000
[  148.400817] [<c07db6d0>] (__schedule) from [<c07dbffc>] (schedule+0x44/0x9c)
[  148.408294] [<c07dbffc>] (schedule) from [<c0154f60>] (worker_thread+0xa4/0x4d0)
[  148.416107] [<c0154f60>] (worker_thread) from [<c015b208>] (kthread+0xd4/0xf0)
[  148.423736] [<c015b208>] (kthread) from [<c01078f0>] (ret_from_fork+0x14/0x24)
[  148.431396] kworker/u2:0    S    0     5      2 0x00000000
[  148.437194] [<c07db6d0>] (__schedule) from [<c07dbffc>] (schedule+0x44/0x9c)
[  148.444671] [<c07dbffc>] (schedule) from [<c0154f60>] (worker_thread+0xa4/0x4d0)
[  148.452484] [<c0154f60>] (worker_thread) from [<c015b208>] (kthread+0xd4/0xf0)
[  148.460144] [<c015b208>] (kthread) from [<c01078f0>] (ret_from_fork+0x14/0x24)
[  148.467773] ksoftirqd/0     S    0     6      2 0x00000000
[  148.473571] [<c07db6d0>] (__schedule) from [<c07dbffc>] (schedule+0x44/0x9c)
[  148.481048] [<c07dbffc>] (schedule) from [<c015f4c0>] (smpboot_thread_fn+0xd0/0x194)
[  148.489227] [<c015f4c0>] (smpboot_thread_fn) from [<c015b208>] (kthread+0xd4/0xf0)
[  148.497253] [<c015b208>] (kthread) from [<c01078f0>] (ret_from_fork+0x14/0x24)
[  148.504882] rcu_sched       S    0     7      2 0x00000000
[  148.510681] [<c07db6d0>] (__schedule) from [<c07dbffc>] (schedule+0x44/0x9c)
[  148.518157] [<c07dbffc>] (schedule) from [<c01b28d4>] (rcu_gp_kthread+0x40/0x8a0)
[  148.526062] [<c01b28d4>] (rcu_gp_kthread) from [<c015b208>] (kthread+0xd4/0xf0)
[  148.533813] [<c015b208>] (kthread) from [<c01078f0>] (ret_from_fork+0x14/0x24)
[  148.541442] rcu_bh          S    0     8      2 0x00000000
[  148.547241] [<c07db6d0>] (__schedule) from [<c07dbffc>] (schedule+0x44/0x9c)
[  148.554718] [<c07dbffc>] (schedule) from [<c01b28d4>] (rcu_gp_kthread+0x40/0x8a0)
[  148.562622] [<c01b28d4>] (rcu_gp_kthread) from [<c015b208>] (kthread+0xd4/0xf0)
[  148.570373] [<c015b208>] (kthread) from [<c01078f0>] (ret_from_fork+0x14/0x24)
[  148.578002] migration/0     S    0     9      2 0x00000000
[  148.583801] [<c07db6d0>] (__schedule) from [<c07dbffc>] (schedule+0x44/0x9c)
[  148.591278] [<c07dbffc>] (schedule) from [<c015f4c0>] (smpboot_thread_fn+0xd0/0x194)
[  148.599456] [<c015f4c0>] (smpboot_thread_fn) from [<c015b208>] (kthread+0xd4/0xf0)
[  148.607482] [<c015b208>] (kthread) from [<c01078f0>] (ret_from_fork+0x14/0x24)
[  148.615112] lru-add-drain   S    0    10      2 0x00000000
[  148.620910] [<c07db6d0>] (__schedule) from [<c07dbffc>] (schedule+0x44/0x9c)
[  148.628387] [<c07dbffc>] (schedule) from [<c0155618>] (rescuer_thread+0x28c/0x300)
[  148.636383] [<c0155618>] (rescuer_thread) from [<c015b208>] (kthread+0xd4/0xf0)
[  148.644134] [<c015b208>] (kthread) from [<c01078f0>] (ret_from_fork+0x14/0x24)
[  148.651763] cpuhp/0         S    0    11      2 0x00000000
[  148.657562] [<c07db6d0>] (__schedule) from [<c07dbffc>] (schedule+0x44/0x9c)
[  148.665039] [<c07dbffc>] (schedule) from [<c015f4c0>] (smpboot_thread_fn+0xd0/0x194)
[  148.673217] [<c015f4c0>] (smpboot_thread_fn) from [<c015b208>] (kthread+0xd4/0xf0)
[  148.681243] [<c015b208>] (kthread) from [<c01078f0>] (ret_from_fork+0x14/0x24)
[  148.688873] kdevtmpfs       S    0    12      2 0x00000000
[  148.694671] [<c07db6d0>] (__schedule) from [<c07dbffc>] (schedule+0x44/0x9c)
[  148.702148] [<c07dbffc>] (schedule) from [<c0555f80>] (devtmpfsd+0x2b8/0x2e4)
[  148.709716] [<c0555f80>] (devtmpfsd) from [<c015b208>] (kthread+0xd4/0xf0)
[  148.716979] [<c015b208>] (kthread) from [<c01078f0>] (ret_from_fork+0x14/0x24)
[  148.724609] netns           S    0    13      2 0x00000000
[  148.730438] [<c07db6d0>] (__schedule) from [<c07dbffc>] (schedule+0x44/0x9c)
[  148.737884] [<c07dbffc>] (schedule) from [<c0155618>] (rescuer_thread+0x28c/0x300)
[  148.745910] [<c0155618>] (rescuer_thread) from [<c015b208>] (kthread+0xd4/0xf0)
[  148.753631] [<c015b208>] (kthread) from [<c01078f0>] (ret_from_fork+0x14/0x24)
[  148.761291] kworker/0:1     S    0    14      2 0x00000000
[  148.767089] [<c07db6d0>] (__schedule) from [<c07dbffc>] (schedule+0x44/0x9c)
[  148.774536] [<c07dbffc>] (schedule) from [<c0154f60>] (worker_thread+0xa4/0x4d0)
[  148.782379] [<c0154f60>] (worker_thread) from [<c015b208>] (kthread+0xd4/0xf0)
[  148.790008] [<c015b208>] (kthread) from [<c01078f0>] (ret_from_fork+0x14/0x24)
[  148.797668] oom_reaper      S    0    15      2 0x00000000
[  148.803466] [<c07db6d0>] (__schedule) from [<c07dbffc>] (schedule+0x44/0x9c)
[  148.810943] [<c07dbffc>] (schedule) from [<c023e8a0>] (oom_reaper+0xb0/0x10c)
[  148.818481] [<c023e8a0>] (oom_reaper) from [<c015b208>] (kthread+0xd4/0xf0)
[  148.825866] [<c015b208>] (kthread) from [<c01078f0>] (ret_from_fork+0x14/0x24)
[  148.833496] writeback       S    0    16      2 0x00000000
[  148.839294] [<c07db6d0>] (__schedule) from [<c07dbffc>] (schedule+0x44/0x9c)
[  148.846771] [<c07dbffc>] (schedule) from [<c0155618>] (rescuer_thread+0x28c/0x300)
[  148.854766] [<c0155618>] (rescuer_thread) from [<c015b208>] (kthread+0xd4/0xf0)
[  148.862518] [<c015b208>] (kthread) from [<c01078f0>] (ret_from_fork+0x14/0x24)
[  148.870147] kcompactd0      S    0    17      2 0x00000000
[  148.875946] [<c07db6d0>] (__schedule) from [<c07dbffc>] (schedule+0x44/0x9c)
[  148.883422] [<c07dbffc>] (schedule) from [<c026b30c>] (kcompactd+0x45c/0x598)
[  148.890960] [<c026b30c>] (kcompactd) from [<c015b208>] (kthread+0xd4/0xf0)
[  148.898254] [<c015b208>] (kthread) from [<c01078f0>] (ret_from_fork+0x14/0x24)
[  148.905883] crypto          S    0    18      2 0x00000000
[  148.911682] [<c07db6d0>] (__schedule) from [<c07dbffc>] (schedule+0x44/0x9c)
[  148.919158] [<c07dbffc>] (schedule) from [<c0155618>] (rescuer_thread+0x28c/0x300)
[  148.927154] [<c0155618>] (rescuer_thread) from [<c015b208>] (kthread+0xd4/0xf0)
[  148.934906] [<c015b208>] (kthread) from [<c01078f0>] (ret_from_fork+0x14/0x24)
[  148.942535] bioset          S    0    19      2 0x00000000
[  148.948364] [<c07db6d0>] (__schedule) from [<c07dbffc>] (schedule+0x44/0x9c)
[  148.955810] [<c07dbffc>] (schedule) from [<c0155618>] (rescuer_thread+0x28c/0x300)
[  148.963806] [<c0155618>] (rescuer_thread) from [<c015b208>] (kthread+0xd4/0xf0)
[  148.971557] [<c015b208>] (kthread) from [<c01078f0>] (ret_from_fork+0x14/0x24)
[  148.979187] kblockd         S    0    20      2 0x00000000
[  148.985015] [<c07db6d0>] (__schedule) from [<c07dbffc>] (schedule+0x44/0x9c)
[  148.992462] [<c07dbffc>] (schedule) from [<c0155618>] (rescuer_thread+0x28c/0x300)
[  149.000488] [<c0155618>] (rescuer_thread) from [<c015b208>] (kthread+0xd4/0xf0)
[  149.008209] [<c015b208>] (kthread) from [<c01078f0>] (ret_from_fork+0x14/0x24)
[  149.015838] ata_sff         S    0    21      2 0x00000000
[  149.021667] [<c07db6d0>] (__schedule) from [<c07dbffc>] (schedule+0x44/0x9c)
[  149.029113] [<c07dbffc>] (schedule) from [<c0155618>] (rescuer_thread+0x28c/0x300)
[  149.037139] [<c0155618>] (rescuer_thread) from [<c015b208>] (kthread+0xd4/0xf0)
[  149.044860] [<c015b208>] (kthread) from [<c01078f0>] (ret_from_fork+0x14/0x24)
[  149.052490] watchdogd       S    0    22      2 0x00000000
[  149.058319] [<c07db6d0>] (__schedule) from [<c07dbffc>] (schedule+0x44/0x9c)
[  149.065765] [<c07dbffc>] (schedule) from [<c0155618>] (rescuer_thread+0x28c/0x300)
[  149.073791] [<c0155618>] (rescuer_thread) from [<c015b208>] (kthread+0xd4/0xf0)
[  149.081512] [<c015b208>] (kthread) from [<c01078f0>] (ret_from_fork+0x14/0x24)
[  149.089141] rpciod          S    0    23      2 0x00000000
[  149.094970] [<c07db6d0>] (__schedule) from [<c07dbffc>] (schedule+0x44/0x9c)
[  149.102416] [<c07dbffc>] (schedule) from [<c0155618>] (rescuer_thread+0x28c/0x300)
[  149.110443] [<c0155618>] (rescuer_thread) from [<c015b208>] (kthread+0xd4/0xf0)
[  149.118164] [<c015b208>] (kthread) from [<c01078f0>] (ret_from_fork+0x14/0x24)
[  149.125793] xprtiod         S    0    24      2 0x00000000
[  149.131622] [<c07db6d0>] (__schedule) from [<c07dbffc>] (schedule+0x44/0x9c)
[  149.139068] [<c07dbffc>] (schedule) from [<c0155618>] (rescuer_thread+0x28c/0x300)
[  149.147094] [<c0155618>] (rescuer_thread) from [<c015b208>] (kthread+0xd4/0xf0)
[  149.154815] [<c015b208>] (kthread) from [<c01078f0>] (ret_from_fork+0x14/0x24)
[  149.162445] kauditd         S    0    25      2 0x00000000
[  149.168273] [<c07db6d0>] (__schedule) from [<c07dbffc>] (schedule+0x44/0x9c)
[  149.175720] [<c07dbffc>] (schedule) from [<c01f037c>] (kauditd_thread+0x364/0x484)
[  149.183746] [<c01f037c>] (kauditd_thread) from [<c015b208>] (kthread+0xd4/0xf0)
[  149.191467] [<c015b208>] (kthread) from [<c01078f0>] (ret_from_fork+0x14/0x24)
[  149.199127] kswapd0         S    0    26      2 0x00000000
[  149.204925] [<c07db6d0>] (__schedule) from [<c07dbffc>] (schedule+0x44/0x9c)
[  149.212402] [<c07dbffc>] (schedule) from [<c0257048>] (kswapd+0x888/0x9c0)
[  149.219665] [<c0257048>] (kswapd) from [<c015b208>] (kthread+0xd4/0xf0)
[  149.226684] [<c015b208>] (kthread) from [<c01078f0>] (ret_from_fork+0x14/0x24)
[  149.234313] vmstat          S    0    27      2 0x00000000
[  149.240112] [<c07db6d0>] (__schedule) from [<c07dbffc>] (schedule+0x44/0x9c)
[  149.247589] [<c07dbffc>] (schedule) from [<c0155618>] (rescuer_thread+0x28c/0x300)
[  149.255584] [<c0155618>] (rescuer_thread) from [<c015b208>] (kthread+0xd4/0xf0)
[  149.263336] [<c015b208>] (kthread) from [<c01078f0>] (ret_from_fork+0x14/0x24)
[  149.270965] bioset          S    0    28      2 0x00000000
[  149.276794] [<c07db6d0>] (__schedule) from [<c07dbffc>] (schedule+0x44/0x9c)
[  149.284240] [<c07dbffc>] (schedule) from [<c0155618>] (rescuer_thread+0x28c/0x300)
[  149.292236] [<c0155618>] (rescuer_thread) from [<c015b208>] (kthread+0xd4/0xf0)
[  149.299987] [<c015b208>] (kthread) from [<c01078f0>] (ret_from_fork+0x14/0x24)
[  149.307617] nfsiod          S    0    29      2 0x00000000
[  149.313446] [<c07db6d0>] (__schedule) from [<c07dbffc>] (schedule+0x44/0x9c)
[  149.320892] [<c07dbffc>] (schedule) from [<c0155618>] (rescuer_thread+0x28c/0x300)
[  149.328887] [<c0155618>] (rescuer_thread) from [<c015b208>] (kthread+0xd4/0xf0)
[  149.336639] [<c015b208>] (kthread) from [<c01078f0>] (ret_from_fork+0x14/0x24)
[  149.344268] bioset          S    0    42      2 0x00000000
[  149.350097] [<c07db6d0>] (__schedule) from [<c07dbffc>] (schedule+0x44/0x9c)
[  149.357543] [<c07dbffc>] (schedule) from [<c0155618>] (rescuer_thread+0x28c/0x300)
[  149.365570] [<c0155618>] (rescuer_thread) from [<c015b208>] (kthread+0xd4/0xf0)
[  149.373291] [<c015b208>] (kthread) from [<c01078f0>] (ret_from_fork+0x14/0x24)
[  149.380920] bioset          S    0    43      2 0x00000000
[  149.386749] [<c07db6d0>] (__schedule) from [<c07dbffc>] (schedule+0x44/0x9c)
[  149.394195] [<c07dbffc>] (schedule) from [<c0155618>] (rescuer_thread+0x28c/0x300)
[  149.402221] [<c0155618>] (rescuer_thread) from [<c015b208>] (kthread+0xd4/0xf0)
[  149.409942] [<c015b208>] (kthread) from [<c01078f0>] (ret_from_fork+0x14/0x24)
[  149.417572] bioset          S    0    44      2 0x00000000
[  149.423400] [<c07db6d0>] (__schedule) from [<c07dbffc>] (schedule+0x44/0x9c)
[  149.430847] [<c07dbffc>] (schedule) from [<c0155618>] (rescuer_thread+0x28c/0x300)
[  149.438873] [<c0155618>] (rescuer_thread) from [<c015b208>] (kthread+0xd4/0xf0)
[  149.446594] [<c015b208>] (kthread) from [<c01078f0>] (ret_from_fork+0x14/0x24)
[  149.454223] bioset          S    0    45      2 0x00000000
[  149.460052] [<c07db6d0>] (__schedule) from [<c07dbffc>] (schedule+0x44/0x9c)
[  149.467498] [<c07dbffc>] (schedule) from [<c0155618>] (rescuer_thread+0x28c/0x300)
[  149.475524] [<c0155618>] (rescuer_thread) from [<c015b208>] (kthread+0xd4/0xf0)
[  149.483245] [<c015b208>] (kthread) from [<c01078f0>] (ret_from_fork+0x14/0x24)
[  149.490875] bioset          S    0    46      2 0x00000000
[  149.496704] [<c07db6d0>] (__schedule) from [<c07dbffc>] (schedule+0x44/0x9c)
[  149.504150] [<c07dbffc>] (schedule) from [<c0155618>] (rescuer_thread+0x28c/0x300)
[  149.512176] [<c0155618>] (rescuer_thread) from [<c015b208>] (kthread+0xd4/0xf0)
[  149.519897] [<c015b208>] (kthread) from [<c01078f0>] (ret_from_fork+0x14/0x24)
[  149.527526] bioset          S    0    47      2 0x00000000
[  149.533355] [<c07db6d0>] (__schedule) from [<c07dbffc>] (schedule+0x44/0x9c)
[  149.540802] [<c07dbffc>] (schedule) from [<c0155618>] (rescuer_thread+0x28c/0x300)
[  149.548828] [<c0155618>] (rescuer_thread) from [<c015b208>] (kthread+0xd4/0xf0)
[  149.556549] [<c015b208>] (kthread) from [<c01078f0>] (ret_from_fork+0x14/0x24)
[  149.564178] bioset          S    0    48      2 0x00000000
[  149.570007] [<c07db6d0>] (__schedule) from [<c07dbffc>] (schedule+0x44/0x9c)
[  149.577453] [<c07dbffc>] (schedule) from [<c0155618>] (rescuer_thread+0x28c/0x300)
[  149.585479] [<c0155618>] (rescuer_thread) from [<c015b208>] (kthread+0xd4/0xf0)
[  149.593200] [<c015b208>] (kthread) from [<c01078f0>] (ret_from_fork+0x14/0x24)
[  149.600860] bioset          S    0    49      2 0x00000000
[  149.606658] [<c07db6d0>] (__schedule) from [<c07dbffc>] (schedule+0x44/0x9c)
[  149.614135] [<c07dbffc>] (schedule) from [<c0155618>] (rescuer_thread+0x28c/0x300)
[  149.622131] [<c0155618>] (rescuer_thread) from [<c015b208>] (kthread+0xd4/0xf0)
[  149.629852] [<c015b208>] (kthread) from [<c01078f0>] (ret_from_fork+0x14/0x24)
[  149.637512] bioset          S    0    50      2 0x00000000
[  149.643310] [<c07db6d0>] (__schedule) from [<c07dbffc>] (schedule+0x44/0x9c)
[  149.650787] [<c07dbffc>] (schedule) from [<c0155618>] (rescuer_thread+0x28c/0x300)
[  149.658782] [<c0155618>] (rescuer_thread) from [<c015b208>] (kthread+0xd4/0xf0)
[  149.666503] [<c015b208>] (kthread) from [<c01078f0>] (ret_from_fork+0x14/0x24)
[  149.674163] bioset          S    0    51      2 0x00000000
[  149.679962] [<c07db6d0>] (__schedule) from [<c07dbffc>] (schedule+0x44/0x9c)
[  149.687438] [<c07dbffc>] (schedule) from [<c0155618>] (rescuer_thread+0x28c/0x300)
[  149.695434] [<c0155618>] (rescuer_thread) from [<c015b208>] (kthread+0xd4/0xf0)
[  149.703186] [<c015b208>] (kthread) from [<c01078f0>] (ret_from_fork+0x14/0x24)
[  149.710815] bioset          S    0    52      2 0x00000000
[  149.716613] [<c07db6d0>] (__schedule) from [<c07dbffc>] (schedule+0x44/0x9c)
[  149.724090] [<c07dbffc>] (schedule) from [<c0155618>] (rescuer_thread+0x28c/0x300)
[  149.732086] [<c0155618>] (rescuer_thread) from [<c015b208>] (kthread+0xd4/0xf0)
[  149.739837] [<c015b208>] (kthread) from [<c01078f0>] (ret_from_fork+0x14/0x24)
[  149.747467] bioset          S    0    53      2 0x00000000
[  149.753265] [<c07db6d0>] (__schedule) from [<c07dbffc>] (schedule+0x44/0x9c)
[  149.760742] [<c07dbffc>] (schedule) from [<c0155618>] (rescuer_thread+0x28c/0x300)
[  149.768737] [<c0155618>] (rescuer_thread) from [<c015b208>] (kthread+0xd4/0xf0)
[  149.776489] [<c015b208>] (kthread) from [<c01078f0>] (ret_from_fork+0x14/0x24)
[  149.784118] bioset          S    0    54      2 0x00000000
[  149.789916] [<c07db6d0>] (__schedule) from [<c07dbffc>] (schedule+0x44/0x9c)
[  149.797393] [<c07dbffc>] (schedule) from [<c0155618>] (rescuer_thread+0x28c/0x300)
[  149.805389] [<c0155618>] (rescuer_thread) from [<c015b208>] (kthread+0xd4/0xf0)
[  149.813140] [<c015b208>] (kthread) from [<c01078f0>] (ret_from_fork+0x14/0x24)
[  149.820770] bioset          S    0    55      2 0x00000000
[  149.826599] [<c07db6d0>] (__schedule) from [<c07dbffc>] (schedule+0x44/0x9c)
[  149.834045] [<c07dbffc>] (schedule) from [<c0155618>] (rescuer_thread+0x28c/0x300)
[  149.842041] [<c0155618>] (rescuer_thread) from [<c015b208>] (kthread+0xd4/0xf0)
[  149.849792] [<c015b208>] (kthread) from [<c01078f0>] (ret_from_fork+0x14/0x24)
[  149.857421] bioset          S    0    56      2 0x00000000
[  149.863250] [<c07db6d0>] (__schedule) from [<c07dbffc>] (schedule+0x44/0x9c)
[  149.870697] [<c07dbffc>] (schedule) from [<c0155618>] (rescuer_thread+0x28c/0x300)
[  149.878692] [<c0155618>] (rescuer_thread) from [<c015b208>] (kthread+0xd4/0xf0)
[  149.886444] [<c015b208>] (kthread) from [<c01078f0>] (ret_from_fork+0x14/0x24)
[  149.894073] bioset          S    0    57      2 0x00000000
[  149.899902] [<c07db6d0>] (__schedule) from [<c07dbffc>] (schedule+0x44/0x9c)
[  149.907348] [<c07dbffc>] (schedule) from [<c0155618>] (rescuer_thread+0x28c/0x300)
[  149.915374] [<c0155618>] (rescuer_thread) from [<c015b208>] (kthread+0xd4/0xf0)
[  149.923095] [<c015b208>] (kthread) from [<c01078f0>] (ret_from_fork+0x14/0x24)
[  149.930725] bioset          S    0    58      2 0x00000000
[  149.936553] [<c07db6d0>] (__schedule) from [<c07dbffc>] (schedule+0x44/0x9c)
[  149.944000] [<c07dbffc>] (schedule) from [<c0155618>] (rescuer_thread+0x28c/0x300)
[  149.952026] [<c0155618>] (rescuer_thread) from [<c015b208>] (kthread+0xd4/0xf0)
[  149.959747] [<c015b208>] (kthread) from [<c01078f0>] (ret_from_fork+0x14/0x24)
[  149.967376] bioset          S    0    59      2 0x00000000
[  149.973205] [<c07db6d0>] (__schedule) from [<c07dbffc>] (schedule+0x44/0x9c)
[  149.980651] [<c07dbffc>] (schedule) from [<c0155618>] (rescuer_thread+0x28c/0x300)
[  149.988677] [<c0155618>] (rescuer_thread) from [<c015b208>] (kthread+0xd4/0xf0)
[  149.996398] [<c015b208>] (kthread) from [<c01078f0>] (ret_from_fork+0x14/0x24)
[  150.004028] bioset          S    0    60      2 0x00000000
[  150.009857] [<c07db6d0>] (__schedule) from [<c07dbffc>] (schedule+0x44/0x9c)
[  150.017303] [<c07dbffc>] (schedule) from [<c0155618>] (rescuer_thread+0x28c/0x300)
[  150.025329] [<c0155618>] (rescuer_thread) from [<c015b208>] (kthread+0xd4/0xf0)
[  150.033050] [<c015b208>] (kthread) from [<c01078f0>] (ret_from_fork+0x14/0x24)
[  150.040679] bioset          S    0    61      2 0x00000000
[  150.046508] [<c07db6d0>] (__schedule) from [<c07dbffc>] (schedule+0x44/0x9c)
[  150.053955] [<c07dbffc>] (schedule) from [<c0155618>] (rescuer_thread+0x28c/0x300)
[  150.061981] [<c0155618>] (rescuer_thread) from [<c015b208>] (kthread+0xd4/0xf0)
[  150.069702] [<c015b208>] (kthread) from [<c01078f0>] (ret_from_fork+0x14/0x24)
[  150.077331] bioset          S    0    62      2 0x00000000
[  150.083160] [<c07db6d0>] (__schedule) from [<c07dbffc>] (schedule+0x44/0x9c)
[  150.090606] [<c07dbffc>] (schedule) from [<c0155618>] (rescuer_thread+0x28c/0x300)
[  150.098632] [<c0155618>] (rescuer_thread) from [<c015b208>] (kthread+0xd4/0xf0)
[  150.106353] [<c015b208>] (kthread) from [<c01078f0>] (ret_from_fork+0x14/0x24)
[  150.114013] bioset          S    0    63      2 0x00000000
[  150.119812] [<c07db6d0>] (__schedule) from [<c07dbffc>] (schedule+0x44/0x9c)
[  150.127258] [<c07dbffc>] (schedule) from [<c0155618>] (rescuer_thread+0x28c/0x300)
[  150.135284] [<c0155618>] (rescuer_thread) from [<c015b208>] (kthread+0xd4/0xf0)
[  150.143005] [<c015b208>] (kthread) from [<c01078f0>] (ret_from_fork+0x14/0x24)
[  150.150665] bioset          S    0    64      2 0x00000000
[  150.156463] [<c07db6d0>] (__schedule) from [<c07dbffc>] (schedule+0x44/0x9c)
[  150.163940] [<c07dbffc>] (schedule) from [<c0155618>] (rescuer_thread+0x28c/0x300)
[  150.171936] [<c0155618>] (rescuer_thread) from [<c015b208>] (kthread+0xd4/0xf0)
[  150.179656] [<c015b208>] (kthread) from [<c01078f0>] (ret_from_fork+0x14/0x24)
[  150.187316] bioset          S    0    65      2 0x00000000
[  150.193115] [<c07db6d0>] (__schedule) from [<c07dbffc>] (schedule+0x44/0x9c)
[  150.200592] [<c07dbffc>] (schedule) from [<c0155618>] (rescuer_thread+0x28c/0x300)
[  150.208587] [<c0155618>] (rescuer_thread) from [<c015b208>] (kthread+0xd4/0xf0)
[  150.216308] [<c015b208>] (kthread) from [<c01078f0>] (ret_from_fork+0x14/0x24)
[  150.223968] kworker/u2:1    S    0    66      2 0x00000000
[  150.229766] [<c07db6d0>] (__schedule) from [<c07dbffc>] (schedule+0x44/0x9c)
[  150.237243] [<c07dbffc>] (schedule) from [<c0154f60>] (worker_thread+0xa4/0x4d0)
[  150.245056] [<c0154f60>] (worker_thread) from [<c015b208>] (kthread+0xd4/0xf0)
[  150.252685] [<c015b208>] (kthread) from [<c01078f0>] (ret_from_fork+0x14/0x24)
[  150.260345] kworker/0:2     S    0    68      2 0x00000000
[  150.266143] [<c07db6d0>] (__schedule) from [<c07dbffc>] (schedule+0x44/0x9c)
[  150.273620] [<c07dbffc>] (schedule) from [<c0154f60>] (worker_thread+0xa4/0x4d0)
[  150.281433] [<c0154f60>] (worker_thread) from [<c015b208>] (kthread+0xd4/0xf0)
[  150.289093] [<c015b208>] (kthread) from [<c01078f0>] (ret_from_fork+0x14/0x24)
[  150.296722] ipv6_addrconf   S    0    69      2 0x00000000
[  150.302520] [<c07db6d0>] (__schedule) from [<c07dbffc>] (schedule+0x44/0x9c)
[  150.309997] [<c07dbffc>] (schedule) from [<c0155618>] (rescuer_thread+0x28c/0x300)
[  150.317993] [<c0155618>] (rescuer_thread) from [<c015b208>] (kthread+0xd4/0xf0)
[  150.325744] [<c015b208>] (kthread) from [<c01078f0>] (ret_from_fork+0x14/0x24)
[  150.333374] bioset          S    0    70      2 0x00000000
[  150.339172] [<c07db6d0>] (__schedule) from [<c07dbffc>] (schedule+0x44/0x9c)
[  150.346649] [<c07dbffc>] (schedule) from [<c0155618>] (rescuer_thread+0x28c/0x300)
[  150.354644] [<c0155618>] (rescuer_thread) from [<c015b208>] (kthread+0xd4/0xf0)
[  150.362396] [<c015b208>] (kthread) from [<c01078f0>] (ret_from_fork+0x14/0x24)
[  150.370025] bioset          S    0    71      2 0x00000000
[  150.375854] [<c07db6d0>] (__schedule) from [<c07dbffc>] (schedule+0x44/0x9c)
[  150.383300] [<c07dbffc>] (schedule) from [<c0155618>] (rescuer_thread+0x28c/0x300)
[  150.391296] [<c0155618>] (rescuer_thread) from [<c015b208>] (kthread+0xd4/0xf0)
[  150.399047] [<c015b208>] (kthread) from [<c01078f0>] (ret_from_fork+0x14/0x24)
[  150.406677] bioset          S    0    72      2 0x00000000
[  150.412506] [<c07db6d0>] (__schedule) from [<c07dbffc>] (schedule+0x44/0x9c)
[  150.419952] [<c07dbffc>] (schedule) from [<c0155618>] (rescuer_thread+0x28c/0x300)
[  150.427947] [<c0155618>] (rescuer_thread) from [<c015b208>] (kthread+0xd4/0xf0)
[  150.435699] [<c015b208>] (kthread) from [<c01078f0>] (ret_from_fork+0x14/0x24)
[  150.443328] bioset          S    0    73      2 0x00000000
[  150.449157] [<c07db6d0>] (__schedule) from [<c07dbffc>] (schedule+0x44/0x9c)
[  150.456604] [<c07dbffc>] (schedule) from [<c0155618>] (rescuer_thread+0x28c/0x300)
[  150.464630] [<c0155618>] (rescuer_thread) from [<c015b208>] (kthread+0xd4/0xf0)
[  150.472351] [<c015b208>] (kthread) from [<c01078f0>] (ret_from_fork+0x14/0x24)
[  150.479980] bioset          S    0    74      2 0x00000000
[  150.485809] [<c07db6d0>] (__schedule) from [<c07dbffc>] (schedule+0x44/0x9c)
[  150.493255] [<c07dbffc>] (schedule) from [<c0155618>] (rescuer_thread+0x28c/0x300)
[  150.501281] [<c0155618>] (rescuer_thread) from [<c015b208>] (kthread+0xd4/0xf0)
[  150.509002] [<c015b208>] (kthread) from [<c01078f0>] (ret_from_fork+0x14/0x24)
[  150.516632] bioset          S    0    75      2 0x00000000
[  150.522460] [<c07db6d0>] (__schedule) from [<c07dbffc>] (schedule+0x44/0x9c)
[  150.529907] [<c07dbffc>] (schedule) from [<c0155618>] (rescuer_thread+0x28c/0x300)
[  150.537933] [<c0155618>] (rescuer_thread) from [<c015b208>] (kthread+0xd4/0xf0)
[  150.545654] [<c015b208>] (kthread) from [<c01078f0>] (ret_from_fork+0x14/0x24)
[  150.553283] bioset          S    0    76      2 0x00000000
[  150.559112] [<c07db6d0>] (__schedule) from [<c07dbffc>] (schedule+0x44/0x9c)
[  150.566558] [<c07dbffc>] (schedule) from [<c0155618>] (rescuer_thread+0x28c/0x300)
[  150.574584] [<c0155618>] (rescuer_thread) from [<c015b208>] (kthread+0xd4/0xf0)
[  150.582305] [<c015b208>] (kthread) from [<c01078f0>] (ret_from_fork+0x14/0x24)
[  150.589935] bioset          S    0    77      2 0x00000000
[  150.595764] [<c07db6d0>] (__schedule) from [<c07dbffc>] (schedule+0x44/0x9c)
[  150.603210] [<c07dbffc>] (schedule) from [<c0155618>] (rescuer_thread+0x28c/0x300)
[  150.611236] [<c0155618>] (rescuer_thread) from [<c015b208>] (kthread+0xd4/0xf0)
[  150.618957] [<c015b208>] (kthread) from [<c01078f0>] (ret_from_fork+0x14/0x24)
[  150.626586] bioset          S    0    78      2 0x00000000
[  150.632415] [<c07db6d0>] (__schedule) from [<c07dbffc>] (schedule+0x44/0x9c)
[  150.639862] [<c07dbffc>] (schedule) from [<c0155618>] (rescuer_thread+0x28c/0x300)
[  150.647888] [<c0155618>] (rescuer_thread) from [<c015b208>] (kthread+0xd4/0xf0)
[  150.655609] [<c015b208>] (kthread) from [<c01078f0>] (ret_from_fork+0x14/0x24)
[  150.663269] bioset          S    0    79      2 0x00000000
[  150.669067] [<c07db6d0>] (__schedule) from [<c07dbffc>] (schedule+0x44/0x9c)
[  150.676544] [<c07dbffc>] (schedule) from [<c0155618>] (rescuer_thread+0x28c/0x300)
[  150.684539] [<c0155618>] (rescuer_thread) from [<c015b208>] (kthread+0xd4/0xf0)
[  150.692260] [<c015b208>] (kthread) from [<c01078f0>] (ret_from_fork+0x14/0x24)
[  150.699920] irq/137-44e0b00 S    0    80      2 0x00000000
[  150.705718] [<c07db6d0>] (__schedule) from [<c07dbffc>] (schedule+0x44/0x9c)
[  150.713195] [<c07dbffc>] (schedule) from [<c01a6a8c>] (irq_thread+0xb0/0x200)
[  150.720733] [<c01a6a8c>] (irq_thread) from [<c015b208>] (kthread+0xd4/0xf0)
[  150.728118] [<c015b208>] (kthread) from [<c01078f0>] (ret_from_fork+0x14/0x24)
[  150.735748] irq/257-tps6521 S    0    81      2 0x00000000
[  150.741546] [<c07db6d0>] (__schedule) from [<c07dbffc>] (schedule+0x44/0x9c)
[  150.749023] [<c07dbffc>] (schedule) from [<c01a6a8c>] (irq_thread+0xb0/0x200)
[  150.756561] [<c01a6a8c>] (irq_thread) from [<c015b208>] (kthread+0xd4/0xf0)
[  150.763946] [<c015b208>] (kthread) from [<c01078f0>] (ret_from_fork+0x14/0x24)
[  150.771575] irq/138-4802a00 S    0    82      2 0x00000000
[  150.777374] [<c07db6d0>] (__schedule) from [<c07dbffc>] (schedule+0x44/0x9c)
[  150.784851] [<c07dbffc>] (schedule) from [<c01a6a8c>] (irq_thread+0xb0/0x200)
[  150.792388] [<c01a6a8c>] (irq_thread) from [<c015b208>] (kthread+0xd4/0xf0)
[  150.799743] [<c015b208>] (kthread) from [<c01078f0>] (ret_from_fork+0x14/0x24)
[  150.807403] irq/197-4806000 S    0    83      2 0x00000000
[  150.813201] [<c07db6d0>] (__schedule) from [<c07dbffc>] (schedule+0x44/0x9c)
[  150.820678] [<c07dbffc>] (schedule) from [<c01a6a8c>] (irq_thread+0xb0/0x200)
[  150.828216] [<c01a6a8c>] (irq_thread) from [<c015b208>] (kthread+0xd4/0xf0)
[  150.835571] [<c015b208>] (kthread) from [<c01078f0>] (ret_from_fork+0x14/0x24)
[  150.843231] kworker/0:3     S    0    84      2 0x00000000
[  150.849029] [<c07db6d0>] (__schedule) from [<c07dbffc>] (schedule+0x44/0x9c)
[  150.856506] [<c07dbffc>] (schedule) from [<c0154f60>] (worker_thread+0xa4/0x4d0)
[  150.864318] [<c0154f60>] (worker_thread) from [<c015b208>] (kthread+0xd4/0xf0)
[  150.871948] [<c015b208>] (kthread) from [<c01078f0>] (ret_from_fork+0x14/0x24)
[  150.879608] bioset          S    0    85      2 0x00000000
[  150.885406] [<c07db6d0>] (__schedule) from [<c07dbffc>] (schedule+0x44/0x9c)
[  150.892883] [<c07dbffc>] (schedule) from [<c0155618>] (rescuer_thread+0x28c/0x300)
[  150.900878] [<c0155618>] (rescuer_thread) from [<c015b208>] (kthread+0xd4/0xf0)
[  150.908630] [<c015b208>] (kthread) from [<c01078f0>] (ret_from_fork+0x14/0x24)
[  150.916259] mmcqd/1         S    0    86      2 0x00000000
[  150.922058] [<c07db6d0>] (__schedule) from [<c07dbffc>] (schedule+0x44/0x9c)
[  150.929534] [<c07dbffc>] (schedule) from [<c0649cf0>] (mmc_queue_thread+0x15c/0x194)
[  150.937713] [<c0649cf0>] (mmc_queue_thread) from [<c015b208>] (kthread+0xd4/0xf0)
[  150.945648] [<c015b208>] (kthread) from [<c01078f0>] (ret_from_fork+0x14/0x24)
[  150.953277] kworker/0:1H    S    0    87      2 0x00000000
[  150.959106] [<c07db6d0>] (__schedule) from [<c07dbffc>] (schedule+0x44/0x9c)
[  150.966552] [<c07dbffc>] (schedule) from [<c0154f60>] (worker_thread+0xa4/0x4d0)
[  150.974395] [<c0154f60>] (worker_thread) from [<c015b208>] (kthread+0xd4/0xf0)
[  150.982025] [<c015b208>] (kthread) from [<c01078f0>] (ret_from_fork+0x14/0x24)
[  150.989654] jbd2/mmcblk1p2- S    0    88      2 0x00000000
[  150.995483] [<c07db6d0>] (__schedule) from [<c07dbffc>] (schedule+0x44/0x9c)
[  151.002929] [<c07dbffc>] (schedule) from [<c0393798>] (kjournald2+0x1e8/0x274)
[  151.010589] [<c0393798>] (kjournald2) from [<c015b208>] (kthread+0xd4/0xf0)
[  151.017944] [<c015b208>] (kthread) from [<c01078f0>] (ret_from_fork+0x14/0x24)
[  151.025573] ext4-rsv-conver S    0    89      2 0x00000000
[  151.031402] [<c07db6d0>] (__schedule) from [<c07dbffc>] (schedule+0x44/0x9c)
[  151.038848] [<c07dbffc>] (schedule) from [<c0155618>] (rescuer_thread+0x28c/0x300)
[  151.046874] [<c0155618>] (rescuer_thread) from [<c015b208>] (kthread+0xd4/0xf0)
[  151.054595] [<c015b208>] (kthread) from [<c01078f0>] (ret_from_fork+0x14/0x24)
[  151.062225] udevd           S    0   115      1 0x00000000
[  151.068054] [<c07db6d0>] (__schedule) from [<c07dbffc>] (schedule+0x44/0x9c)
[  151.075500] [<c07dbffc>] (schedule) from [<c07e2180>] (schedule_hrtimeout_range_clock+0x118/0x124)
[  151.084991] [<c07e2180>] (schedule_hrtimeout_range_clock) from [<c07e21a8>] (schedule_hrtimeout_range+0x1c/0x24)
[  151.095764] [<c07e21a8>] (schedule_hrtimeout_range) from [<c02ef41c>] (SyS_epoll_wait+0x290/0x3f8)
[  151.105255] [<c02ef41c>] (SyS_epoll_wait) from [<c0107860>] (ret_fast_syscall+0x0/0x1c)
[  151.113708] udevd           S    0   251    115 0x00000000
[  151.119537] [<c07db6d0>] (__schedule) from [<c07dbffc>] (schedule+0x44/0x9c)
[  151.126983] [<c07dbffc>] (schedule) from [<c07e2180>] (schedule_hrtimeout_range_clock+0x118/0x124)
[  151.136474] [<c07e2180>] (schedule_hrtimeout_range_clock) from [<c07e21a8>] (schedule_hrtimeout_range+0x1c/0x24)
[  151.147216] [<c07e21a8>] (schedule_hrtimeout_range) from [<c02ef41c>] (SyS_epoll_wait+0x290/0x3f8)
[  151.156707] [<c02ef41c>] (SyS_epoll_wait) from [<c0107860>] (ret_fast_syscall+0x0/0x1c)
[  151.165161] udevd           S    0   252    115 0x00000000
[  151.170989] [<c07db6d0>] (__schedule) from [<c07dbffc>] (schedule+0x44/0x9c)
[  151.178436] [<c07dbffc>] (schedule) from [<c07e2180>] (schedule_hrtimeout_range_clock+0x118/0x124)
[  151.187927] [<c07e2180>] (schedule_hrtimeout_range_clock) from [<c07e21a8>] (schedule_hrtimeout_range+0x1c/0x24)
[  151.198699] [<c07e21a8>] (schedule_hrtimeout_range) from [<c02ef41c>] (SyS_epoll_wait+0x290/0x3f8)
[  151.208160] [<c02ef41c>] (SyS_epoll_wait) from [<c0107860>] (ret_fast_syscall+0x0/0x1c)
[  151.216644] ext4-rsv-conver S    0   533      2 0x00000000
[  151.222442] [<c07db6d0>] (__schedule) from [<c07dbffc>] (schedule+0x44/0x9c)
[  151.229919] [<c07dbffc>] (schedule) from [<c0155618>] (rescuer_thread+0x28c/0x300)
[  151.237915] [<c0155618>] (rescuer_thread) from [<c015b208>] (kthread+0xd4/0xf0)
[  151.245666] [<c015b208>] (kthread) from [<c01078f0>] (ret_from_fork+0x14/0x24)
[  151.253295] udhcpc          S    0   695      1 0x00000000
[  151.259094] [<c07db6d0>] (__schedule) from [<c07dbffc>] (schedule+0x44/0x9c)
[  151.266571] [<c07dbffc>] (schedule) from [<c07e210c>] (schedule_hrtimeout_range_clock+0xa4/0x124)
[  151.275939] [<c07e210c>] (schedule_hrtimeout_range_clock) from [<c07e21a8>] (schedule_hrtimeout_range+0x1c/0x24)
[  151.286712] [<c07e21a8>] (schedule_hrtimeout_range) from [<c02b3424>] (poll_schedule_timeout+0x48/0x78)
[  151.296661] [<c02b3424>] (poll_schedule_timeout) from [<c02b3fc0>] (do_select+0x6f0/0x7e8)
[  151.305419] [<c02b3fc0>] (do_select) from [<c02b4374>] (core_sys_select+0x2bc/0x5f8)
[  151.313598] [<c02b4374>] (core_sys_select) from [<c02b4794>] (SyS_select+0xe4/0x148)
[  151.321807] [<c02b4794>] (SyS_select) from [<c0107860>] (ret_fast_syscall+0x0/0x1c)
[  151.329895] dbus-daemon     S    0   702      1 0x00000000
[  151.335693] [<c07db6d0>] (__schedule) from [<c07dbffc>] (schedule+0x44/0x9c)
[  151.343170] [<c07dbffc>] (schedule) from [<c07e2180>] (schedule_hrtimeout_range_clock+0x118/0x124)
[  151.352630] [<c07e2180>] (schedule_hrtimeout_range_clock) from [<c07e21a8>] (schedule_hrtimeout_range+0x1c/0x24)
[  151.363403] [<c07e21a8>] (schedule_hrtimeout_range) from [<c02ef41c>] (SyS_epoll_wait+0x290/0x3f8)
[  151.372894] [<c02ef41c>] (SyS_epoll_wait) from [<c0107860>] (ret_fast_syscall+0x0/0x1c)
[  151.381347] dropbear        S    0   712      1 0x00000000
[  151.387176] [<c07db6d0>] (__schedule) from [<c07dbffc>] (schedule+0x44/0x9c)
[  151.394622] [<c07dbffc>] (schedule) from [<c07e2180>] (schedule_hrtimeout_range_clock+0x118/0x124)
[  151.404113] [<c07e2180>] (schedule_hrtimeout_range_clock) from [<c07e21a8>] (schedule_hrtimeout_range+0x1c/0x24)
[  151.414855] [<c07e21a8>] (schedule_hrtimeout_range) from [<c02b3424>] (poll_schedule_timeout+0x48/0x78)
[  151.424804] [<c02b3424>] (poll_schedule_timeout) from [<c02b3fc0>] (do_select+0x6f0/0x7e8)
[  151.433563] [<c02b3fc0>] (do_select) from [<c02b4374>] (core_sys_select+0x2bc/0x5f8)
[  151.441741] [<c02b4374>] (core_sys_select) from [<c02b4794>] (SyS_select+0xe4/0x148)
[  151.449951] [<c02b4794>] (SyS_select) from [<c0107860>] (ret_fast_syscall+0x0/0x1c)
[  151.458038] telnetd         S    0   715      1 0x00000000
[  151.463836] [<c07db6d0>] (__schedule) from [<c07dbffc>] (schedule+0x44/0x9c)
[  151.471313] [<c07dbffc>] (schedule) from [<c07e2180>] (schedule_hrtimeout_range_clock+0x118/0x124)
[  151.480773] [<c07e2180>] (schedule_hrtimeout_range_clock) from [<c07e21a8>] (schedule_hrtimeout_range+0x1c/0x24)
[  151.491546] [<c07e21a8>] (schedule_hrtimeout_range) from [<c02b3424>] (poll_schedule_timeout+0x48/0x78)
[  151.501495] [<c02b3424>] (poll_schedule_timeout) from [<c02b3fc0>] (do_select+0x6f0/0x7e8)
[  151.510223] [<c02b3fc0>] (do_select) from [<c02b4374>] (core_sys_select+0x2bc/0x5f8)
[  151.518432] [<c02b4374>] (core_sys_select) from [<c02b4794>] (SyS_select+0xe4/0x148)
[  151.526611] [<c02b4794>] (SyS_select) from [<c0107860>] (ret_fast_syscall+0x0/0x1c)
[  151.534729] rpcbind         S    0   719      1 0x00000000
[  151.540527] [<c07db6d0>] (__schedule) from [<c07dbffc>] (schedule+0x44/0x9c)
[  151.548004] [<c07dbffc>] (schedule) from [<c07e210c>] (schedule_hrtimeout_range_clock+0xa4/0x124)
[  151.557373] [<c07e210c>] (schedule_hrtimeout_range_clock) from [<c07e21a8>] (schedule_hrtimeout_range+0x1c/0x24)
[  151.568145] [<c07e21a8>] (schedule_hrtimeout_range) from [<c02b3424>] (poll_schedule_timeout+0x48/0x78)
[  151.578094] [<c02b3424>] (poll_schedule_timeout) from [<c02b501c>] (do_sys_poll+0x3ec/0x538)
[  151.587005] [<c02b501c>] (do_sys_poll) from [<c02b5224>] (SyS_poll+0x60/0x100)
[  151.594665] [<c02b5224>] (SyS_poll) from [<c0107860>] (ret_fast_syscall+0x0/0x1c)
[  151.602569] rpc.statd       S    0   730      1 0x00000000
[  151.608367] [<c07db6d0>] (__schedule) from [<c07dbffc>] (schedule+0x44/0x9c)
[  151.615844] [<c07dbffc>] (schedule) from [<c07e2180>] (schedule_hrtimeout_range_clock+0x118/0x124)
[  151.625305] [<c07e2180>] (schedule_hrtimeout_range_clock) from [<c07e21a8>] (schedule_hrtimeout_range+0x1c/0x24)
[  151.636077] [<c07e21a8>] (schedule_hrtimeout_range) from [<c02b3424>] (poll_schedule_timeout+0x48/0x78)
[  151.646026] [<c02b3424>] (poll_schedule_timeout) from [<c02b3fc0>] (do_select+0x6f0/0x7e8)
[  151.654754] [<c02b3fc0>] (do_select) from [<c02b4374>] (core_sys_select+0x2bc/0x5f8)
[  151.662963] [<c02b4374>] (core_sys_select) from [<c02b4794>] (SyS_select+0xe4/0x148)
[  151.671142] [<c02b4794>] (SyS_select) from [<c0107860>] (ret_fast_syscall+0x0/0x1c)
[  151.679260] syslogd         S    0   739      1 0x00000000
[  151.685058] [<c07db6d0>] (__schedule) from [<c07dbffc>] (schedule+0x44/0x9c)
[  151.692535] [<c07dbffc>] (schedule) from [<c07e1c30>] (schedule_timeout+0x25c/0x454)
[  151.700714] [<c07e1c30>] (schedule_timeout) from [<c067ba5c>] (__skb_wait_for_more_packets+0xf0/0x158)
[  151.710571] [<c067ba5c>] (__skb_wait_for_more_packets) from [<c07417dc>] (unix_dgram_recvmsg+0x84/0x3d8)
[  151.720642] [<c07417dc>] (unix_dgram_recvmsg) from [<c066b08c>] (sock_read_iter+0x94/0xc4)
[  151.729370] [<c066b08c>] (sock_read_iter) from [<c029da34>] (__vfs_read+0xc0/0x110)
[  151.737487] [<c029da34>] (__vfs_read) from [<c029e820>] (vfs_read+0x88/0x114)
[  151.745025] [<c029e820>] (vfs_read) from [<c029f63c>] (SyS_read+0x44/0x9c)
[  151.752319] [<c029f63c>] (SyS_read) from [<c0107860>] (ret_fast_syscall+0x0/0x1c)
[  151.760223] klogd           S    0   742      1 0x00000000
[  151.766021] [<c07db6d0>] (__schedule) from [<c07dbffc>] (schedule+0x44/0x9c)
[  151.773498] [<c07dbffc>] (schedule) from [<c01a2874>] (do_syslog+0x4e8/0x54c)
[  151.781036] [<c01a2874>] (do_syslog) from [<c0107860>] (ret_fast_syscall+0x0/0x1c)
[  151.789062] thttpd          S    0   744      1 0x00000000
[  151.794860] [<c07db6d0>] (__schedule) from [<c07dbffc>] (schedule+0x44/0x9c)
[  151.802337] [<c07dbffc>] (schedule) from [<c07e210c>] (schedule_hrtimeout_range_clock+0xa4/0x124)
[  151.811706] [<c07e210c>] (schedule_hrtimeout_range_clock) from [<c07e21a8>] (schedule_hrtimeout_range+0x1c/0x24)
[  151.822479] [<c07e21a8>] (schedule_hrtimeout_range) from [<c02b3424>] (poll_schedule_timeout+0x48/0x78)
[  151.832427] [<c02b3424>] (poll_schedule_timeout) from [<c02b501c>] (do_sys_poll+0x3ec/0x538)
[  151.841339] [<c02b501c>] (do_sys_poll) from [<c02b5224>] (SyS_poll+0x60/0x100)
[  151.848999] [<c02b5224>] (SyS_poll) from [<c0107860>] (ret_fast_syscall+0x0/0x1c)
[  151.856903] lighttpd        S    0   751      1 0x00000000
[  151.862701] [<c07db6d0>] (__schedule) from [<c07dbffc>] (schedule+0x44/0x9c)
[  151.870178] [<c07dbffc>] (schedule) from [<c07e210c>] (schedule_hrtimeout_range_clock+0xa4/0x124)
[  151.879547] [<c07e210c>] (schedule_hrtimeout_range_clock) from [<c07e21a8>] (schedule_hrtimeout_range+0x1c/0x24)
[  151.890319] [<c07e21a8>] (schedule_hrtimeout_range) from [<c02ef41c>] (SyS_epoll_wait+0x290/0x3f8)
[  151.899810] [<c02ef41c>] (SyS_epoll_wait) from [<c0107860>] (ret_fast_syscall+0x0/0x1c)
[  151.908264] getty           S    0   787      1 0x00000000
[  151.914093] [<c07db6d0>] (__schedule) from [<c07dbffc>] (schedule+0x44/0x9c)
[  151.921539] [<c07dbffc>] (schedule) from [<c07e1c30>] (schedule_timeout+0x25c/0x454)
[  151.929748] [<c07e1c30>] (schedule_timeout) from [<c0189cd0>] (wait_woken+0x58/0xa8)
[  151.937957] [<c0189cd0>] (wait_woken) from [<c051c58c>] (n_tty_read+0x560/0x8d0)
[  151.945770] [<c051c58c>] (n_tty_read) from [<c0516cdc>] (tty_read+0x8c/0xd0)
[  151.953247] [<c0516cdc>] (tty_read) from [<c029d994>] (__vfs_read+0x20/0x110)
[  151.960784] [<c029d994>] (__vfs_read) from [<c029e820>] (vfs_read+0x88/0x114)
[  151.968322] [<c029e820>] (vfs_read) from [<c029f63c>] (SyS_read+0x44/0x9c)
[  151.975616] [<c029f63c>] (SyS_read) from [<c0107860>] (ret_fast_syscall+0x0/0x1c)
[  151.983520] getty           S    0   793      1 0x00000000
[  151.989318] [<c07db6d0>] (__schedule) from [<c07dbffc>] (schedule+0x44/0x9c)
[  151.996795] [<c07dbffc>] (schedule) from [<c07e1c30>] (schedule_timeout+0x25c/0x454)
[  152.004974] [<c07e1c30>] (schedule_timeout) from [<c0189cd0>] (wait_woken+0x58/0xa8)
[  152.013183] [<c0189cd0>] (wait_woken) from [<c051c58c>] (n_tty_read+0x560/0x8d0)
[  152.020996] [<c051c58c>] (n_tty_read) from [<c0516cdc>] (tty_read+0x8c/0xd0)
[  152.028472] [<c0516cdc>] (tty_read) from [<c029d994>] (__vfs_read+0x20/0x110)
[  152.036010] [<c029d994>] (__vfs_read) from [<c029e820>] (vfs_read+0x88/0x114)
[  152.043548] [<c029e820>] (vfs_read) from [<c029f63c>] (SyS_read+0x44/0x9c)
[  152.050842] [<c029f63c>] (SyS_read) from [<c0107860>] (ret_fast_syscall+0x0/0x1c)
[  152.058776] Sched Debug Version: v0.11, 4.9.0-rc7-next-20161202-00002-g8b8589a999a0 #3
[  152.067169] ktime                                   : 152052.780760
[  152.073791] sched_clk                               : 152058.776854
[  152.080413] cpu_clk                                 : 152058.776854
[  152.087036] jiffies                                 : 4294952119
[  152.093383] 
[  152.094970] sysctl_sched
[  152.097625]   .sysctl_sched_latency                    : 6.000000
[  152.104064]   .sysctl_sched_min_granularity            : 0.750000
[  152.110504]   .sysctl_sched_wakeup_granularity         : 1.000000
[  152.116943]   .sysctl_sched_child_runs_first           : 0
[  152.122741]   .sysctl_sched_features                   : 44859
[  152.128936]   .sysctl_sched_tunable_scaling            : 1 (logaritmic)
[  152.135925] 
[  152.137481] cpu#0
[  152.139526]   .nr_running                    : 0
[  152.144409]   .load                          : 0
[  152.149261]   .nr_switches                   : 21232
[  152.154510]   .nr_load_updates               : 2691
[  152.159667]   .nr_uninterruptible            : 0
[  152.164550]   .next_balance                  : 4294.937296
[  152.170349]   .curr->pid                     : 0
[  152.175231]   .clock                         : 148091.430663
[  152.181213]   .clock_task                    : 148091.430663
[  152.187194]   .cpu_load[0]                   : 0
[  152.192077]   .cpu_load[1]                   : 0
[  152.196960]   .cpu_load[2]                   : 0
[  152.201843]   .cpu_load[3]                   : 0
[  152.206726]   .cpu_load[4]                   : 0
[  152.211578]   .avg_idle                      : 1000000
[  152.217010]   .max_idle_balance_cost         : 500000
[  152.222961] 
[  152.222961] cfs_rq[0]:/
[  152.227111]   .exec_clock                    : 0.000000
[  152.232696]   .MIN_vruntime                  : 0.000001
[  152.238220]   .min_vruntime                  : 9373.336414
[  152.244018]   .max_vruntime                  : 0.000001
[  152.249542]   .spread                        : 0.000000
[  152.255065]   .spread0                       : 0.000000
[  152.260589]   .nr_spread_over                : 0
[  152.265472]   .nr_running                    : 0
[  152.270355]   .load                          : 0
[  152.275238]   .load_avg                      : 0
[  152.280120]   .runnable_load_avg             : 0
[  152.285003]   .util_avg                      : 0
[  152.289886]   .removed_load_avg              : 0
[  152.294738]   .removed_util_avg              : 0
[  152.299621]   .tg_load_avg_contrib           : 0
[  152.304504]   .tg_load_avg                   : 0
[  152.309387]   .throttled                     : 0
[  152.314270]   .throttle_count                : 0
[  152.319152] 
[  152.319152] rt_rq[0]:/
[  152.323211]   .rt_nr_running                 : 0
[  152.328094]   .rt_throttled                  : 0
[  152.332977]   .rt_time                       : 0.000000
[  152.338500]   .rt_runtime                    : 950.000000
[  152.344207] 
[  152.344207] dl_rq[0]:
[  152.348175]   .dl_nr_running                 : 0
[  152.353027]   .dl_bw->bw                     : 996147
[  152.358367]   .dl_bw->total_bw               : 0
[  152.363250] 
[  152.363250] runnable tasks:
[  152.363250]             task   PID         tree-key  switches  prio     wait-time             sum-exec        sum-sleep
[  152.363250] ----------------------------------------------------------------------------------------------------------
[  152.390472]  [  152.391967]            init     1      9370.519520       498   120 
        0.000000      1853.637682         0.000000[  152.403198]  /
[  152.404968] 
[  152.406524]  [  152.408020]        kthreadd     2      3269.241195        88   120 
        0.000000        13.092035         0.000000[  152.419250]  /
[  152.420989] 
[  152.422576]  [  152.424041]     kworker/0:0     3      1785.482627        10   120 
        0.000000         1.586913         0.000000[  152.435272]  /
[  152.437042] 
[  152.438598]  [  152.440093]    kworker/0:0H     4      2039.847684         7   100 
        0.000000         0.854494         0.000000[  152.451324]  /
[  152.453094] 
[  152.454650]  [  152.456146]    kworker/u2:0     5      9370.366931       147   120 
        0.000000        33.782958         0.000000[  152.467376]  /
[  152.469116] 
[  152.470703]  [  152.472167]     ksoftirqd/0     6      9369.390369      1021   120 
        0.000000       146.453854         0.000000[  152.483398]  /
[  152.485168] 
[  152.486724]  [  152.488220]       rcu_sched     7      9342.595936      2638   120 
        0.000000       235.290542         0.000000[  152.499450]  /
[  152.501220] 
[  152.502777]  [  152.504272]          rcu_bh     8         8.677551         2   120 
        0.000000         0.061036         0.000000[  152.515502]  /
[  152.517242] 
[  152.518829]  [  152.520294]     migration/0     9         8.713936         6     0 
        0.000000         0.579834         0.000000[  152.531524]  /
[  152.533294] 
[  152.534881]  [  152.536346]   lru-add-drain    10         8.842227         2   100 
        0.000000         0.091553         0.000000[  152.547576]  /
[  152.549346] 
[  152.550903]  [  152.552398]         cpuhp/0    11      1427.272180         8   120 
        0.000000         0.366211         0.000000[  152.563629]  /
[  152.565368] 
[  152.566955]  [  152.568420]       kdevtmpfs    12      2289.762381       165   120 
        0.000000        22.766107         0.000000[  152.579650]  /
[  152.581420] 
[  152.583007]  [  152.584472]           netns    13        42.021004         2   100 
        0.000000         2.502441         0.000000[  152.595703]  /
[  152.597473] 
[  152.599029]  [  152.600524]     kworker/0:1    14      9373.336414       615   120 
        0.000000       213.470465         0.000000[  152.611755]  /
[  152.613494] 
[  152.615081]  [  152.616546]      oom_reaper    15       237.931889         2   120 
        0.000000         0.152587         0.000000[  152.627777]  /
[  152.629547] 
[  152.631134]  [  152.632598]       writeback    16       241.809817         2   100 
        0.000000         0.000000         0.000000[  152.643829]  /
[  152.645599] 
[  152.647155]  [  152.648651]      kcompactd0    17       242.053957         2   120 
        0.000000         0.152588         0.000000[  152.659881]  /
[  152.661621] 
[  152.663208]  [  152.664672]          crypto    18       243.931886         2   100 
        0.000000         0.030518         0.000000[  152.675903]  /
[  152.677673] 
[  152.679229]  [  152.680725]          bioset    19       245.962402         2   100 
        0.000000         0.061034         0.000000[  152.691955]  /
[  152.693725] 
[  152.695281]  [  152.696777]         kblockd    20       247.962401         2   100 
        0.000000         0.030518         0.000000[  152.708007]  /
[  152.709747] 
[  152.711334]  [  152.712799]         ata_sff    21       264.284913         2   100 
        0.000000         0.061035         0.000000[  152.724029]  /
[  152.725799] 
[  152.727355]  [  152.728851]       watchdogd    22       270.864743         2   100 
        0.000000         0.061034         0.000000[  152.740081]  /
[  152.741851] 
[  152.743408]  [  152.744903]          rpciod    23       377.108753         2   100 
        0.000000         0.061036         0.000000[  152.756134]  /
[  152.757873] 
[  152.759460]  [  152.760925]         xprtiod    24       383.622559         2   100 
        0.000000         0.030518         0.000000[  152.772155]  /
[  152.773925] 
[  152.775482]  [  152.776977]         kauditd    25       383.866701         2   120 
        0.000000         0.244142         0.000000[  152.788208]  /
[  152.789947] 
[  152.791534]  [  152.792999]         kswapd0    26       506.121321         3   120 
        0.000000         0.305176         0.000000[  152.804229]  /
[  152.805999] 
[  152.807556]  [  152.809051]          vmstat    27       392.650877         2   100 
        0.000000         0.030518         0.000000[  152.820281]  /
[  152.822052] 
[  152.823608]  [  152.825103]          bioset    28       394.681746         2   100 
        0.000000         0.061036         0.000000[  152.836334]  /
[  152.838073] 
[  152.839660]  [  152.841125]          nfsiod    29       396.803463         2   100 
        0.000000         0.183105         0.000000[  152.852355]  /
[  152.854125] 
[  152.855682]  [  152.857177]          bioset    42      1270.560880         2   100 
        0.000000         0.061035         0.000000[  152.868408]  /
[  152.870147] 
[  152.871734]  [  152.873199]          bioset    43      1272.652080         2   100 
        0.000000         0.091553         0.000000[  152.884429]  /
[  152.886199] 
[  152.887786]  [  152.889251]          bioset    44      1274.652079         2   100 
        0.000000         0.030518         0.000000[  152.900482]  /
