- 07:09:55 [INFO] Starting target session
- 07:09:55 [INFO] Connected to am437x-sk via serial 
- 07:09:55 [INFO] Host: #check prompt
- 07:09:58 [ERROR] On command: #check prompt waiting for #check prompt.+?(?-mix:((?-mix:login:)|[Pp]assword)) >>> error: execution expired
- 07:09:58 [INFO] Target: 
#check prompt
root@am437x-evm:/test# 
- 07:09:58 [INFO] Host: #check prompt
- 07:09:58 [INFO] Target: 
#check prompt
root@am437x-evm:/test# 
- 07:09:58 [INFO] Host: sync;poweroff
- 07:10:10 [INFO] Target: 
sync;poweroff
Broadcast message from root@am437x-evm (ttyO0) (Wed Sep 23 07:41:54 2015):
The system is going down for system halt NOW!
INIT: Switchin
INIT: Sending processesUIM SYSFS Node Not Found
Stopping Dropbear SSH server: stopped /usr/sbin/dropbear (pid 630)
dropbear.
Stopping telnet daemon.
Stopping system message bus: dbus.
hwclock: can't open '/dev/misc/rtc': No such file or directory
Error opening /dev/fb0: No such file or directory
Stopping syslogd/klogd: stopped syslogd (pid 650)
stopped klogd (pid 653)
done
Stopping thttpd.
Stopping Weston
stopping statd: done
Stopping random number generator daemon.
ALSA: Storing mixer settings...
/usr/sbin/alsactl: save_state:1590: No soundcards found...
Stopping rpcbind daemon...
done.
Stopping Lighttpd Web Server: stopped /usr/sbin/lighttpd (pid 660)
lighttpd.
Deconfiguring network interfaces... done.
Stopping Matrix GUI applicationstart-stop-daemon: warning: killing process 666: No such process
Disabling thermal zones...
/etc/rc0.d/K98thermal-zone-init: line 13: /sys/class/thermal/thermal_zone*/mode: No such file or directory
***************************************************************
***************************************************************
NOTICE: This file system contains the following GPLv3 packages:
	autoconf
	binutils
	cpp-symlinks
	cpp
	g++-symlinks
	g++
	gcc-symlinks
	gcc
	gdbserver
	gstreamer1.0-libav
	libgmp10
	libmpc3
	libmpfr4
	make
If you do not wish to distribute GPLv3 components please remove
the above packages prior to distribution.  This can be done using
the opkg remove command.  i.e.:
    opkg remove <package>
Where <package> is the name printed in the list above
NOTE: If the package is a dependency of another package you
      will be notified of the dependent packages.  You should
      use the --force-removal-of-dependent-packages option to
      also remove the dependent packages as well
***************************************************************
***************************************************************
Sending all processes the TERM signal...
Sending all processes the KILL signal...
Unmounting remote filesystems...
Deactivating swap...
Unmounting local filesystems...
[ 1172.184315] EXT4-fs (mmcblk0p2): re-mounted. Opts: data=ordered
[ 1174.509096] reboot: System halted
- 07:10:10 [INFO] Disconnected serial from am437x-sk
- 07:10:15 [INFO] Connected to am437x-sk via serial 
- 07:10:15 [INFO] Host: 
- 07:10:16 [INFO] Target: 
U-Boot SPL 2015.07 (Sep 23 2015 - 00:58:04)
SPL: Please implement spl_start_uboot() for your board
SPL: Direct Linux boot not active!
reading u-boot.img
reading u-boot.img
U-Boot 2015.07 (Sep 23 2015 - 00:58:04 -0400)
I2C:   ready
DRAM:  1 GiB
PMIC:  TPS65218
NAND:  0 MiB
MMC:   OMAP SD/MMC: 0, OMAP SD/MMC: 1
reading uboot.env
** Unable to read "uboot.env" from mmc0:1 **
Using default environment
Net:   <ethaddr> not set. Validating first E-fuse MAC
cpsw, usb_ether
Hit any key to stop autoboot:  1  0 
U-Boot# 
U-Boot# 
U-Boot# 
U-Boot# 
- 07:10:16 [INFO] Host: 
- 07:10:16 [INFO] Target: 
U-Boot# 
- 07:10:16 [INFO] Host: version
- 07:10:16 [INFO] Target: 
U-Boot# version
U-Boot 2015.07 (Sep 23 2015 - 00:58:04 -0400)
arm-linux-gnueabihf-gcc (Linaro GCC 4.9-2015.05) 4.9.3 20150413 (prerelease)
GNU ld (GNU Binutils) Linaro 2014.11-3-git 2.24.0.20141017
U-Boot# 
- 07:10:16 [INFO] Host: setenv bootargs 'console=ttyO0,115200n8 earlyprintk rootwait '
- 07:10:16 [INFO] Target: 
setenv bootargs 'console=ttyO0,115200n8 earlyprintk rootwait '
U-Boot# 
- 07:10:16 [INFO] Host: setenv bootcmd  ''
- 07:10:16 [INFO] Target: 
setenv bootcmd  ''
U-Boot# 
- 07:10:16 [INFO] Host: setenv autoload 'no'
- 07:10:16 [INFO] Target: 
setenv autoload 'no'
U-Boot# 
- 07:10:16 [INFO] Host: setenv serverip '192.168.0.1'
- 07:10:17 [INFO] Target: 
setenv serverip '192.168.0.1'
U-Boot# 
- 07:10:17 [INFO] Host: printenv
- 07:10:17 [INFO] Target: 
printenv
arch=arm
args_mmc=run finduuid;setenv bootargs console=${console} ${optargs} root=PARTUUID=${uuid} rw rootfstype=${mmcrootfstype}
autoload=no
baudrate=115200
board=am43xx
board_name=AM43__SK
board_rev=1.1A
bootargs=console=ttyO0,115200n8 earlyprintk rootwait 
bootcmd=
bootdelay=1
bootdir=/boot
bootenv=uEnv.txt
bootfile=zImage
bootm_size=0x10000000
bootpart=0:2
console=ttyO0,115200n8
cpu=armv7
dfu_alt_info_emmc=MLO raw 0x100 0x100 mmcpart 0;u-boot.img raw 0x300 0x1000 mmcpart 0
dfu_alt_info_mmc=boot part 0 1;rootfs part 0 2;MLO fat 0 1;spl-os-args fat 0 1;spl-os-image fat 0 1;u-boot.img fat 0 1;uEnv.txt fat 0 1
dfu_alt_info_ram=kernel ram 0x80200000 0x4000000;fdt ram 0x80f80000 0x80000;ramdisk ram 0x81000000 0x4000000
dfu_bufsiz=0x10000
eth1addr=34:b1:f7:3d:b9:02
ethact=cpsw
ethaddr=34:b1:f7:3d:b9:00
fdt_addr_r=0x88000000
fdtaddr=0x88000000
fdtfile=undefined
findfdt=if test $board_name = AM43EPOS; then setenv fdtfile am43x-epos-evm.dtb; fi; if test $board_name = AM43__GP; then setenv fdtfile am437x-gp-evm.dtb; fi; if test $board_name = AM43__SK; then setenv fdtfile am437x-sk-evm.dtb; fi; if test $board_name = AM43_IDK; then setenv fdtfile am437x-idk-evm.dtb; fi; if test $fdtfile = undefined; then echo WARNING: Could not determine device tree; fi; 
finduuid=part uuid mmc 0:2 uuid
importbootenv=echo Importing environment from mmc ...; env import -t $loadaddr $filesize
kernel_addr_r=0x82000000
loadaddr=0x82000000
loadbootenv=load ${devtype} ${devnum} ${loadaddr} ${bootenv}
loadfdt=load ${devtype} ${bootpart} ${fdtaddr} ${bootdir}/${fdtfile}
loadimage=load ${devtype} ${bootpart} ${loadaddr} ${bootdir}/${bootfile}
loadramdisk=load ${devtype} ${devnum} ${rdaddr} ramdisk.gz
mmcboot=mmc dev ${mmcdev}; setenv devnum ${mmcdev}; setenv devtype mmc; if mmc rescan; then echo SD/MMC found on device ${devnum};if run loadbootenv; then echo Loaded environment from ${bootenv};run importbootenv;fi;if test -n $uenvcmd; then echo Running uenvcmd ...;run uenvcmd;fi;if run loadimage; then run loadfdt; echo Booting from mmc${mmcdev} ...; run args_mmc; bootz ${loadaddr} - ${fdtaddr}; fi;fi;
mmcdev=0
mmcrootfstype=ext4 rootwait
mtdids=nand0=nand.0
mtdparts=mtdparts=nand.0:256k(NAND.SPL),256k(NAND.SPL.backup1),256k(NAND.SPL.backup2),256k(NAND.SPL.backup3),512k(NAND.u-boot-spl-os),1m(NAND.u-boot),256k(NAND.u-boot-env),256k(NAND.u-boot-env.backup1),7m(NAND.kernel),-(NAND.file-system)
nandargs=setenv bootargs console=${console} ${optargs} root=${nandroot} rootfstype=${nandrootfstype}
nandboot=echo Booting from nand ...; run nandargs; nand read ${fdtaddr} NAND.u-boot-spl-os; nand read ${loadaddr} NAND.kernel; bootz ${loadaddr} - ${fdtaddr}
nandroot=ubi0:rootfs rw ubi.mtd=NAND.file-system,4096
nandrootfstype=ubifs rootwait=1
netargs=setenv bootargs console=${console} ${optargs} root=/dev/nfs nfsroot=${serverip}:${rootpath},${nfsopts} rw ip=dhcp
netboot=echo Booting from network ...; setenv autoload no; dhcp; run netloadimage; run netloadfdt; run netargs; bootz ${loadaddr} - ${fdtaddr}
netloadfdt=tftp ${fdtaddr} ${fdtfile}
netloadimage=tftp ${loadaddr} ${bootfile}
nfsopts=nolock
partitions=uuid_disk=${uuid_gpt_disk};name=rootfs,start=2MiB,size=-,uuid=${uuid_gpt_rootfs}
ramargs=setenv bootargs console=${console} ${optargs} root=${ramroot} rootfstype=${ramrootfstype}
ramdisk_addr_r=0x88080000
ramroot=/dev/ram0 rw
ramrootfstype=ext2
rdaddr=0x88080000
rootpath=/export/rootfs
serverip=192.168.0.1
soc=am33xx
static_ip=${ipaddr}:${serverip}:${gatewayip}:${netmask}:${hostname}::off
stderr=serial
stdin=serial
stdout=serial
usbargs=setenv bootargs console=${console} ${optargs} root=${usbroot} rootfstype=${usbrootfstype}
usbboot=setenv devnum ${usbdev}; setenv devtype usb; usb start ${usbdev}; if usb dev ${usbdev}; then if run loadbootenv; then echo Loaded environment from ${bootenv};run importbootenv;fi;if test -n $uenvcmd; then echo Running uenvcmd ...;run uenvcmd;fi;if run loadimage; then run loadfdt; echo Booting from usb ${usbdev}...; run usbargs;bootz ${loadaddr} - ${fdtaddr}; fi;fi
usbdev=0
usbnet_devaddr=34:b1:f7:3d:b9:02
usbroot=/dev/sda2 rw
usbrootfstype=ext4 rootwait
vendor=ti
ver=U-Boot 2015.07 (Sep 23 2015 - 00:58:04 -0400)
Environment size: 4313/65532 bytes
U-Boot# 
- 07:10:17 [INFO] Host: printenv
- 07:10:17 [INFO] Target: 
printenv
arch=arm
args_mmc=run finduuid;setenv bootargs console=${console} ${optargs} root=PARTUUID=${uuid} rw rootfstype=${mmcrootfstype}
autoload=no
baudrate=115200
board=am43xx
board_name=AM43__SK
board_rev=1.1A
bootargs=console=ttyO0,115200n8 earlyprintk rootwait 
bootcmd=
bootdelay=1
bootdir=/boot
bootenv=uEnv.txt
bootfile=zImage
bootm_size=0x10000000
bootpart=0:2
console=ttyO0,115200n8
cpu=armv7
dfu_alt_info_emmc=MLO raw 0x100 0x100 mmcpart 0;u-boot.img raw 0x300 0x1000 mmcpart 0
dfu_alt_info_mmc=boot part 0 1;rootfs part 0 2;MLO fat 0 1;spl-os-args fat 0 1;spl-os-image fat 0 1;u-boot.img fat 0 1;uEnv.txt fat 0 1
dfu_alt_info_ram=kernel ram 0x80200000 0x4000000;fdt ram 0x80f80000 0x80000;ramdisk ram 0x81000000 0x4000000
dfu_bufsiz=0x10000
eth1addr=34:b1:f7:3d:b9:02
ethact=cpsw
ethaddr=34:b1:f7:3d:b9:00
fdt_addr_r=0x88000000
fdtaddr=0x88000000
fdtfile=undefined
findfdt=if test $board_name = AM43EPOS; then setenv fdtfile am43x-epos-evm.dtb; fi; if test $board_name = AM43__GP; then setenv fdtfile am437x-gp-evm.dtb; fi; if test $board_name = AM43__SK; then setenv fdtfile am437x-sk-evm.dtb; fi; if test $board_name = AM43_IDK; then setenv fdtfile am437x-idk-evm.dtb; fi; if test $fdtfile = undefined; then echo WARNING: Could not determine device tree; fi; 
finduuid=part uuid mmc 0:2 uuid
importbootenv=echo Importing environment from mmc ...; env import -t $loadaddr $filesize
kernel_addr_r=0x82000000
loadaddr=0x82000000
loadbootenv=load ${devtype} ${devnum} ${loadaddr} ${bootenv}
loadfdt=load ${devtype} ${bootpart} ${fdtaddr} ${bootdir}/${fdtfile}
loadimage=load ${devtype} ${bootpart} ${loadaddr} ${bootdir}/${bootfile}
loadramdisk=load ${devtype} ${devnum} ${rdaddr} ramdisk.gz
mmcboot=mmc dev ${mmcdev}; setenv devnum ${mmcdev}; setenv devtype mmc; if mmc rescan; then echo SD/MMC found on device ${devnum};if run loadbootenv; then echo Loaded environment from ${bootenv};run importbootenv;fi;if test -n $uenvcmd; then echo Running uenvcmd ...;run uenvcmd;fi;if run loadimage; then run loadfdt; echo Booting from mmc${mmcdev} ...; run args_mmc; bootz ${loadaddr} - ${fdtaddr}; fi;fi;
mmcdev=0
mmcrootfstype=ext4 rootwait
mtdids=nand0=nand.0
mtdparts=mtdparts=nand.0:256k(NAND.SPL),256k(NAND.SPL.backup1),256k(NAND.SPL.backup2),256k(NAND.SPL.backup3),512k(NAND.u-boot-spl-os),1m(NAND.u-boot),256k(NAND.u-boot-env),256k(NAND.u-boot-env.backup1),7m(NAND.kernel),-(NAND.file-system)
nandargs=setenv bootargs console=${console} ${optargs} root=${nandroot} rootfstype=${nandrootfstype}
nandboot=echo Booting from nand ...; run nandargs; nand read ${fdtaddr} NAND.u-boot-spl-os; nand read ${loadaddr} NAND.kernel; bootz ${loadaddr} - ${fdtaddr}
nandroot=ubi0:rootfs rw ubi.mtd=NAND.file-system,4096
nandrootfstype=ubifs rootwait=1
netargs=setenv bootargs console=${console} ${optargs} root=/dev/nfs nfsroot=${serverip}:${rootpath},${nfsopts} rw ip=dhcp
netboot=echo Booting from network ...; setenv autoload no; dhcp; run netloadimage; run netloadfdt; run netargs; bootz ${loadaddr} - ${fdtaddr}
netloadfdt=tftp ${fdtaddr} ${fdtfile}
netloadimage=tftp ${loadaddr} ${bootfile}
nfsopts=nolock
partitions=uuid_disk=${uuid_gpt_disk};name=rootfs,start=2MiB,size=-,uuid=${uuid_gpt_rootfs}
ramargs=setenv bootargs console=${console} ${optargs} root=${ramroot} rootfstype=${ramrootfstype}
ramdisk_addr_r=0x88080000
ramroot=/dev/ram0 rw
ramrootfstype=ext2
rdaddr=0x88080000
rootpath=/export/rootfs
serverip=192.168.0.1
soc=am33xx
static_ip=${ipaddr}:${serverip}:${gatewayip}:${netmask}:${hostname}::off
stderr=serial
stdin=serial
stdout=serial
usbargs=setenv bootargs console=${console} ${optargs} root=${usbroot} rootfstype=${usbrootfstype}
usbboot=setenv devnum ${usbdev}; setenv devtype usb; usb start ${usbdev}; if usb dev ${usbdev}; then if run loadbootenv; then echo Loaded environment from ${bootenv};run importbootenv;fi;if test -n $uenvcmd; then echo Running uenvcmd ...;run uenvcmd;fi;if run loadimage; then run loadfdt; echo Booting from usb ${usbdev}...; run usbargs;bootz ${loadaddr} - ${fdtaddr}; fi;fi
usbdev=0
usbnet_devaddr=34:b1:f7:3d:b9:02
usbroot=/dev/sda2 rw
usbrootfstype=ext4 rootwait
vendor=ti
ver=U-Boot 2015.07 (Sep 23 2015 - 00:58:04 -0400)
Environment size: 4313/65532 bytes
U-Boot# 
- 07:10:17 [INFO] Host: setenv bootargs ''${bootargs}' ip=:::::eth0:dhcp '
- 07:10:17 [INFO] Target: 
setenv bootargs ''${bootargs}' ip=:::::eth0:dhcp '
U-Boot# 
- 07:10:17 [INFO] Host: setenv serverip '192.168.0.1'
- 07:10:18 [INFO] Target: 
setenv serverip '192.168.0.1'
U-Boot# 
- 07:10:18 [INFO] Host: setenv autoload 'no'
- 07:10:18 [INFO] Target: 
setenv autoload 'no'
U-Boot# 
- 07:10:18 [INFO] Host: dhcp
- 07:10:23 [INFO] Target: 
dhcp
cpsw Waiting for PHY auto negotiation to complete....... done
link up on port 0, speed 1000, full duplex
BOOTP broadcast 1
BOOTP broadcast 2
BOOTP broadcast 3
DHCP client bound to address 192.168.0.147 (1047 ms)
U-Boot# 
- 07:10:23 [INFO] Host: tftp ${loadaddr} 192.168.0.1:vatf_am437x-sk/d0e4ad70b2d8d9adacfa5a2e1f483141
- 07:10:24 [INFO] Target: 
tftp ${loadaddr} 192.168.0.1:vatf_am437x-sk/d0e4ad70b2d8d9adacfa5a2e1f483141
link up on port 0, speed 1000, full duplex
Using cpsw device
TFTP from server 192.168.0.1; our IP address is 192.168.0.147
Filename 'vatf_am437x-sk/d0e4ad70b2d8d9adacfa5a2e1f483141'.
Load address: 0x82000000
Loading: *#################################################################
	 #################################################################
	 #################################################################
	 #################################################################
	 #################################################################
	 #################################################################
	 ###############################################
	 8.9 MiB/s
done
Bytes transferred = 6406888 (61c2e8 hex)
U-Boot# 
- 07:10:24 [INFO] Host: tftp ${fdt_addr_r} 192.168.0.1:vatf_am437x-sk/67216f00411d3355fd1e67182f9aca01
- 07:10:24 [INFO] Target: 
tftp ${fdt_addr_r} 192.168.0.1:vatf_am437x-sk/67216f00411d3355fd1e67182f9aca01
link up on port 0, speed 1000, full duplex
Using cpsw device
TFTP from server 192.168.0.1; our IP address is 192.168.0.147
Filename 'vatf_am437x-sk/67216f00411d3355fd1e67182f9aca01'.
Load address: 0x88000000
Loading: *###
	 6.7 MiB/s
done
Bytes transferred = 41875 (a393 hex)
U-Boot# 
- 07:10:24 [INFO] Host: ls mmc 0:1
- 07:10:24 [INFO] Target: 
ls mmc 0:1
    61672   mlo 
   341168   u-boot.img 
        4   ws-calibrate.rules 
       13   .ipaddr 
        0   pointercal 
5 file(s), 0 dir(s)
U-Boot# 
- 07:10:24 [INFO] Host: ls mmc 0:2
- 07:10:24 [INFO] Target: 
ls mmc 0:2
<DIR>       4096 .
<DIR>       4096 ..
<DIR>       4096 include
<DIR>       4096 srv
<DIR>       4096 home
<DIR>       4096 media
<DIR>       4096 opt
<DIR>       4096 var
<DIR>       4096 sys
<DIR>       4096 boot
<DIR>       4096 dev
<DIR>       4096 usr
<DIR>       4096 bin
<DIR>       4096 mnt
<DIR>       4096 etc
<DIR>       4096 sbin
<DIR>       4096 www
<SYM>          8 tmp
<DIR>       4096 proc
<DIR>       4096 run
<DIR>       4096 lib
<DIR>       4096 test
U-Boot# 
- 07:10:24 [INFO] Host: part uuid mmc 0:2
- 07:10:24 [INFO] Target: 
part uuid mmc 0:2
00000000-02
U-Boot# 
- 07:10:24 [INFO] Host: printenv
- 07:10:24 [INFO] Target: 
printenv
arch=arm
args_mmc=run finduuid;setenv bootargs console=${console} ${optargs} root=PARTUUID=${uuid} rw rootfstype=${mmcrootfstype}
autoload=no
baudrate=115200
board=am43xx
board_name=AM43__SK
board_rev=1.1A
bootargs=console=ttyO0,115200n8 earlyprintk rootwait  ip=:::::eth0:dhcp 
bootcmd=
bootdelay=1
bootdir=/boot
bootenv=uEnv.txt
bootfile=zImage
bootm_size=0x10000000
bootpart=0:2
console=ttyO0,115200n8
cpu=armv7
dfu_alt_info_emmc=MLO raw 0x100 0x100 mmcpart 0;u-boot.img raw 0x300 0x1000 mmcpart 0
dfu_alt_info_mmc=boot part 0 1;rootfs part 0 2;MLO fat 0 1;spl-os-args fat 0 1;spl-os-image fat 0 1;u-boot.img fat 0 1;uEnv.txt fat 0 1
dfu_alt_info_ram=kernel ram 0x80200000 0x4000000;fdt ram 0x80f80000 0x80000;ramdisk ram 0x81000000 0x4000000
dfu_bufsiz=0x10000
dnsip=192.0.2.2
dnsip2=192.0.2.3
eth1addr=34:b1:f7:3d:b9:02
ethact=cpsw
ethaddr=34:b1:f7:3d:b9:00
fdt_addr_r=0x88000000
fdtaddr=0x88000000
fdtfile=undefined
fileaddr=88000000
filesize=a393
findfdt=if test $board_name = AM43EPOS; then setenv fdtfile am43x-epos-evm.dtb; fi; if test $board_name = AM43__GP; then setenv fdtfile am437x-gp-evm.dtb; fi; if test $board_name = AM43__SK; then setenv fdtfile am437x-sk-evm.dtb; fi; if test $board_name = AM43_IDK; then setenv fdtfile am437x-idk-evm.dtb; fi; if test $fdtfile = undefined; then echo WARNING: Could not determine device tree; fi; 
finduuid=part uuid mmc 0:2 uuid
gatewayip=192.168.0.1
importbootenv=echo Importing environment from mmc ...; env import -t $loadaddr $filesize
ipaddr=192.168.0.147
kernel_addr_r=0x82000000
loadaddr=0x82000000
loadbootenv=load ${devtype} ${devnum} ${loadaddr} ${bootenv}
loadfdt=load ${devtype} ${bootpart} ${fdtaddr} ${bootdir}/${fdtfile}
loadimage=load ${devtype} ${bootpart} ${loadaddr} ${bootdir}/${bootfile}
loadramdisk=load ${devtype} ${devnum} ${rdaddr} ramdisk.gz
mmcboot=mmc dev ${mmcdev}; setenv devnum ${mmcdev}; setenv devtype mmc; if mmc rescan; then echo SD/MMC found on device ${devnum};if run loadbootenv; then echo Loaded environment from ${bootenv};run importbootenv;fi;if test -n $uenvcmd; then echo Running uenvcmd ...;run uenvcmd;fi;if run loadimage; then run loadfdt; echo Booting from mmc${mmcdev} ...; run args_mmc; bootz ${loadaddr} - ${fdtaddr}; fi;fi;
mmcdev=0
mmcrootfstype=ext4 rootwait
mtdids=nand0=nand.0
mtdparts=mtdparts=nand.0:256k(NAND.SPL),256k(NAND.SPL.backup1),256k(NAND.SPL.backup2),256k(NAND.SPL.backup3),512k(NAND.u-boot-spl-os),1m(NAND.u-boot),256k(NAND.u-boot-env),256k(NAND.u-boot-env.backup1),7m(NAND.kernel),-(NAND.file-system)
nandargs=setenv bootargs console=${console} ${optargs} root=${nandroot} rootfstype=${nandrootfstype}
nandboot=echo Booting from nand ...; run nandargs; nand read ${fdtaddr} NAND.u-boot-spl-os; nand read ${loadaddr} NAND.kernel; bootz ${loadaddr} - ${fdtaddr}
nandroot=ubi0:rootfs rw ubi.mtd=NAND.file-system,4096
nandrootfstype=ubifs rootwait=1
netargs=setenv bootargs console=${console} ${optargs} root=/dev/nfs nfsroot=${serverip}:${rootpath},${nfsopts} rw ip=dhcp
netboot=echo Booting from network ...; setenv autoload no; dhcp; run netloadimage; run netloadfdt; run netargs; bootz ${loadaddr} - ${fdtaddr}
netloadfdt=tftp ${fdtaddr} ${fdtfile}
netloadimage=tftp ${loadaddr} ${bootfile}
netmask=255.255.255.0
nfsopts=nolock
partitions=uuid_disk=${uuid_gpt_disk};name=rootfs,start=2MiB,size=-,uuid=${uuid_gpt_rootfs}
ramargs=setenv bootargs console=${console} ${optargs} root=${ramroot} rootfstype=${ramrootfstype}
ramdisk_addr_r=0x88080000
ramroot=/dev/ram0 rw
ramrootfstype=ext2
rdaddr=0x88080000
rootpath=/export/rootfs
serverip=192.168.0.1
soc=am33xx
static_ip=${ipaddr}:${serverip}:${gatewayip}:${netmask}:${hostname}::off
stderr=serial
stdin=serial
stdout=serial
usbargs=setenv bootargs console=${console} ${optargs} root=${usbroot} rootfstype=${usbrootfstype}
usbboot=setenv devnum ${usbdev}; setenv devtype usb; usb start ${usbdev}; if usb dev ${usbdev}; then if run loadbootenv; then echo Loaded environment from ${bootenv};run importbootenv;fi;if test -n $uenvcmd; then echo Running uenvcmd ...;run uenvcmd;fi;if run loadimage; then run loadfdt; echo Booting from usb ${usbdev}...; run usbargs;bootz ${loadaddr} - ${fdtaddr}; fi;fi
usbdev=0
usbnet_devaddr=34:b1:f7:3d:b9:02
usbroot=/dev/sda2 rw
usbrootfstype=ext4 rootwait
vendor=ti
ver=U-Boot 2015.07 (Sep 23 2015 - 00:58:04 -0400)
Environment size: 4476/65532 bytes
U-Boot# 
- 07:10:24 [INFO] Host: setenv bootargs ''${bootargs}' root=PARTUUID=00000000-02 rw rootfstype=ext4 rootwait '
- 07:10:25 [INFO] Target: 
setenv bootargs ''${bootargs}' root=PARTUUID=00000000-02 rw rootfstype=ext4 rootwait '
U-Boot# 
- 07:10:25 [INFO] Host: printenv
- 07:10:25 [INFO] Target: 
printenv
arch=arm
args_mmc=run finduuid;setenv bootargs console=${console} ${optargs} root=PARTUUID=${uuid} rw rootfstype=${mmcrootfstype}
autoload=no
baudrate=115200
board=am43xx
board_name=AM43__SK
board_rev=1.1A
bootargs=console=ttyO0,115200n8 earlyprintk rootwait  ip=:::::eth0:dhcp  root=PARTUUID=00000000-02 rw rootfstype=ext4 rootwait 
bootcmd=
bootdelay=1
bootdir=/boot
bootenv=uEnv.txt
bootfile=zImage
bootm_size=0x10000000
bootpart=0:2
console=ttyO0,115200n8
cpu=armv7
dfu_alt_info_emmc=MLO raw 0x100 0x100 mmcpart 0;u-boot.img raw 0x300 0x1000 mmcpart 0
dfu_alt_info_mmc=boot part 0 1;rootfs part 0 2;MLO fat 0 1;spl-os-args fat 0 1;spl-os-image fat 0 1;u-boot.img fat 0 1;uEnv.txt fat 0 1
dfu_alt_info_ram=kernel ram 0x80200000 0x4000000;fdt ram 0x80f80000 0x80000;ramdisk ram 0x81000000 0x4000000
dfu_bufsiz=0x10000
dnsip=192.0.2.2
dnsip2=192.0.2.3
eth1addr=34:b1:f7:3d:b9:02
ethact=cpsw
ethaddr=34:b1:f7:3d:b9:00
fdt_addr_r=0x88000000
fdtaddr=0x88000000
fdtfile=undefined
fileaddr=88000000
filesize=a393
findfdt=if test $board_name = AM43EPOS; then setenv fdtfile am43x-epos-evm.dtb; fi; if test $board_name = AM43__GP; then setenv fdtfile am437x-gp-evm.dtb; fi; if test $board_name = AM43__SK; then setenv fdtfile am437x-sk-evm.dtb; fi; if test $board_name = AM43_IDK; then setenv fdtfile am437x-idk-evm.dtb; fi; if test $fdtfile = undefined; then echo WARNING: Could not determine device tree; fi; 
finduuid=part uuid mmc 0:2 uuid
gatewayip=192.168.0.1
importbootenv=echo Importing environment from mmc ...; env import -t $loadaddr $filesize
ipaddr=192.168.0.147
kernel_addr_r=0x82000000
loadaddr=0x82000000
loadbootenv=load ${devtype} ${devnum} ${loadaddr} ${bootenv}
loadfdt=load ${devtype} ${bootpart} ${fdtaddr} ${bootdir}/${fdtfile}
loadimage=load ${devtype} ${bootpart} ${loadaddr} ${bootdir}/${bootfile}
loadramdisk=load ${devtype} ${devnum} ${rdaddr} ramdisk.gz
mmcboot=mmc dev ${mmcdev}; setenv devnum ${mmcdev}; setenv devtype mmc; if mmc rescan; then echo SD/MMC found on device ${devnum};if run loadbootenv; then echo Loaded environment from ${bootenv};run importbootenv;fi;if test -n $uenvcmd; then echo Running uenvcmd ...;run uenvcmd;fi;if run loadimage; then run loadfdt; echo Booting from mmc${mmcdev} ...; run args_mmc; bootz ${loadaddr} - ${fdtaddr}; fi;fi;
mmcdev=0
mmcrootfstype=ext4 rootwait
mtdids=nand0=nand.0
mtdparts=mtdparts=nand.0:256k(NAND.SPL),256k(NAND.SPL.backup1),256k(NAND.SPL.backup2),256k(NAND.SPL.backup3),512k(NAND.u-boot-spl-os),1m(NAND.u-boot),256k(NAND.u-boot-env),256k(NAND.u-boot-env.backup1),7m(NAND.kernel),-(NAND.file-system)
nandargs=setenv bootargs console=${console} ${optargs} root=${nandroot} rootfstype=${nandrootfstype}
nandboot=echo Booting from nand ...; run nandargs; nand read ${fdtaddr} NAND.u-boot-spl-os; nand read ${loadaddr} NAND.kernel; bootz ${loadaddr} - ${fdtaddr}
nandroot=ubi0:rootfs rw ubi.mtd=NAND.file-system,4096
nandrootfstype=ubifs rootwait=1
netargs=setenv bootargs console=${console} ${optargs} root=/dev/nfs nfsroot=${serverip}:${rootpath},${nfsopts} rw ip=dhcp
netboot=echo Booting from network ...; setenv autoload no; dhcp; run netloadimage; run netloadfdt; run netargs; bootz ${loadaddr} - ${fdtaddr}
netloadfdt=tftp ${fdtaddr} ${fdtfile}
netloadimage=tftp ${loadaddr} ${bootfile}
netmask=255.255.255.0
nfsopts=nolock
partitions=uuid_disk=${uuid_gpt_disk};name=rootfs,start=2MiB,size=-,uuid=${uuid_gpt_rootfs}
ramargs=setenv bootargs console=${console} ${optargs} root=${ramroot} rootfstype=${ramrootfstype}
ramdisk_addr_r=0x88080000
ramroot=/dev/ram0 rw
ramrootfstype=ext2
rdaddr=0x88080000
rootpath=/export/rootfs
serverip=192.168.0.1
soc=am33xx
static_ip=${ipaddr}:${serverip}:${gatewayip}:${netmask}:${hostname}::off
stderr=serial
stdin=serial
stdout=serial
usbargs=setenv bootargs console=${console} ${optargs} root=${usbroot} rootfstype=${usbrootfstype}
usbboot=setenv devnum ${usbdev}; setenv devtype usb; usb start ${usbdev}; if usb dev ${usbdev}; then if run loadbootenv; then echo Loaded environment from ${bootenv};run importbootenv;fi;if test -n $uenvcmd; then echo Running uenvcmd ...;run uenvcmd;fi;if run loadimage; then run loadfdt; echo Booting from usb ${usbdev}...; run usbargs;bootz ${loadaddr} - ${fdtaddr}; fi;fi
usbdev=0
usbnet_devaddr=34:b1:f7:3d:b9:02
usbroot=/dev/sda2 rw
usbrootfstype=ext4 rootwait
vendor=ti
ver=U-Boot 2015.07 (Sep 23 2015 - 00:58:04 -0400)
Environment size: 4531/65532 bytes
U-Boot# 
- 07:10:25 [INFO] Host: setenv bootcmd ''${bootcmd}' if iminfo ${loadaddr}; then bootm ${loadaddr} - ${fdt_addr_r}; else bootz ${loadaddr} - ${fdt_addr_r}; bootm ${loadaddr} - ${fdt_addr_r}; fi'
- 07:10:25 [INFO] Target: 
setenv bootcmd ''${bootcmd}' if iminfo ${loadaddr}; then bootm ${loadaddr} - ${fdt_addr_r}; else bootz ${loadaddr} - ${fdt_addr_r}; bootm ${loadaddr} - ${fdt_addr_r}; fi'
U-Boot# 
- 07:10:25 [INFO] Host: version
- 07:10:25 [INFO] Target: 
version
U-Boot 2015.07 (Sep 23 2015 - 00:58:04 -0400)
arm-linux-gnueabihf-gcc (Linaro GCC 4.9-2015.05) 4.9.3 20150413 (prerelease)
GNU ld (GNU Binutils) Linaro 2014.11-3-git 2.24.0.20141017
U-Boot# 
- 07:10:25 [INFO] Host: bdinfo
- 07:10:25 [INFO] Target: 
bdinfo
arch_number = 0x00000000
boot_params = 0x80000100
DRAM bank   = 0x00000000
-> start    = 0x80000000
-> size     = 0x40000000
eth0name    = cpsw
ethaddr     = 34:b1:f7:3d:b9:00
eth1name    = usb_ether
eth1addr    = 34:b1:f7:3d:b9:02
current eth = cpsw
ip_addr     = 192.168.0.147
baudrate    = 115200 bps
TLB addr    = 0xBFFF0000
relocaddr   = 0xBFF43000
reloc off   = 0x3F743000
irq_sp      = 0xBEF32EE0
sp start    = 0xBEF32ED0
U-Boot# 
- 07:10:25 [INFO] Host: mmc rescan; echo $?
- 07:10:25 [INFO] Target: 
mmc rescan; echo $?
U-Boot# 
- 07:10:25 [INFO] Host: fatwrite mmc ${mmcdev}:1 ${loadaddr} ws-calibrate.rules 4
- 07:10:25 [INFO] Target: 
fatwrite mmc ${mmcdev}:1 ${loadaddr} ws-calibrate.rules 4
writing ws-calibrate.rules
4 bytes written
U-Boot# 
- 07:10:25 [INFO] Host: boot
- 07:13:55 [ERROR] On command: boot waiting for boot.+?(?-mix:login:) >>> error: execution expired
- 07:13:55 [INFO] Target: 
boot
## Checking Image at 82000000 ...
Unknown image format!
Kernel image @ 0x82000000 [ 0x000000 - 0x61c2e8 ]
## Flattened Device Tree blob at 88000000
   Booting using the fdt blob at 0x88000000
   Loading Device Tree to 8fff2000, end 8ffff392 ... OK
Starting kernel ...
[    0.000000] Booting Linux on physical CPU 0x0
[    0.000000] Linux version 4.3.0-rc3-next-20151001-00002-g1354fbcac9c4 (nmenon@kahuna) (gcc version 4.6.3 (Ubuntu/Linaro 4.6.3-1ubuntu5) ) #1 SMP Thu Oct 1 06:00:55 CDT 2015
[    0.000000] CPU: ARMv7 Processor [412fc09a] revision 10 (ARMv7), cr=10c5387d
[    0.000000] CPU: PIPT / VIPT nonaliasing data cache, VIPT aliasing instruction cache
[    0.000000] Machine model: TI AM437x SK EVM
[    0.000000] cma: Reserved 64 MiB at 0xbc000000
[    0.000000] Memory policy: Data cache writeback
[    0.000000] CPU: All CPU(s) started in SVC mode.
[    0.000000] AM437x ES1.2 (sgx neon )
[    0.000000] PERCPU: Embedded 12 pages/cpu @ef7c6000 s19200 r8192 d21760 u49152
[    0.000000] Built 1 zonelists in Zone order, mobility grouping on.  Total pages: 260608
[    0.000000] Kernel command line: console=ttyO0,115200n8 earlyprintk rootwait  ip=:::::eth0:dhcp  root=PARTUUID=00000000-02 rw rootfstype=ext4 rootwait 
[    0.000000] PID hash table entries: 4096 (order: 2, 16384 bytes)
[    0.000000] Dentry cache hash table entries: 131072 (order: 7, 524288 bytes)
[    0.000000] Inode-cache hash table entries: 65536 (order: 6, 262144 bytes)
[    0.000000] Memory: 959592K/1048576K available (8149K kernel code, 1018K rwdata, 3624K rodata, 1036K init, 340K bss, 23448K reserved, 65536K cma-reserved, 196608K highmem)
[    0.000000] Virtual kernel memory layout:
[    0.000000]     vector  : 0xffff0000 - 0xffff1000   (   4 kB)
[    0.000000]     fixmap  : 0xffc00000 - 0xfff00000   (3072 kB)
[    0.000000]     vmalloc : 0xf0800000 - 0xff800000   ( 240 MB)
[    0.000000]     lowmem  : 0xc0000000 - 0xf0000000   ( 768 MB)
[    0.000000]     pkmap   : 0xbfe00000 - 0xc0000000   (   2 MB)
[    0.000000]     modules : 0xbf000000 - 0xbfe00000   (  14 MB)
[    0.000000]       .text : 0xc0208000 - 0xc0d88644   (11778 kB)
[    0.000000]       .init : 0xc0d89000 - 0xc0e8c000   (1036 kB)
[    0.000000]       .data : 0xc0e8c000 - 0xc0f8aaa0   (1019 kB)
[    0.000000]        .bss : 0xc0f8d000 - 0xc0fe22e0   ( 341 kB)
[    0.000000] SLUB: HWalign=64, Order=0-3, MinObjects=0, CPUs=1, Nodes=1
[    0.000000] Hierarchical RCU implementation.
[    0.000000] 	Build-time adjustment of leaf fanout to 32.
[    0.000000] 	RCU restricting CPUs from NR_CPUS=16 to nr_cpu_ids=1.
[    0.000000] RCU: Adjusting geometry for rcu_fanout_leaf=32, nr_cpu_ids=1
[    0.000000] NR_IRQS:16 nr_irqs:16 16
[    0.000000] L2C: platform modifies aux control register: 0x0e030000 -> 0x3e430000
[    0.000000] L2C: DT/platform modifies aux control register: 0x0e030000 -> 0x3e430000
[    0.000000] L2C-310 erratum 769419 enabled
[    0.000000] L2C-310 enabling early BRESP for Cortex-A9
[    0.000000] OMAP L2C310: ROM does not support power control setting
[    0.000000] L2C-310 dynamic clock gating disabled, standby mode disabled
[    0.000000] L2C-310 cache controller enabled, 16 ways, 256 kB
[    0.000000] L2C-310: CACHE_ID 0x410000c9, AUX_CTRL 0x4e430000
[    0.000000] OMAP clockevent source: timer2 at 24000000 Hz
[    0.000010] sched_clock: 32 bits at 24MHz, resolution 41ns, wraps every 89478484971ns
[    0.000025] clocksource: timer1: mask: 0xffffffff max_cycles: 0xffffffff, max_idle_ns: 79635851949 ns
[    0.000034] OMAP clocksource: timer1 at 24000000 Hz
[    0.000181] Console: colour dummy device 80x30
[    0.000212] Calibrating delay loop... 1992.29 BogoMIPS (lpj=4980736)
[    0.044386] pid_max: default: 32768 minimum: 301
[    0.044528] Mount-cache hash table entries: 2048 (order: 1, 8192 bytes)
[    0.044540] Mountpoint-cache hash table entries: 2048 (order: 1, 8192 bytes)
[    0.045228] CPU: Testing write buffer coherency: ok
[    0.045555] CPU0: thread -1, cpu 0, socket 0, mpidr 80000000
[    0.045658] Setting up static identity map for 0x80209000 - 0x80209098
[    0.049153] Brought up 1 CPUs
[    0.049169] SMP: Total of 1 processors activated (1992.29 BogoMIPS).
[    0.049178] CPU: All CPU(s) started in SVC mode.
[    0.050023] devtmpfs: initialized
[    0.058797] VFP support v0.3: implementor 41 architecture 3 part 30 variant 9 rev 4
[    0.071299] omap_hwmod: tptc0 using broken dt data from edma
[    0.071415] omap_hwmod: tptc1 using broken dt data from edma
[    0.071515] omap_hwmod: tptc2 using broken dt data from edma
[    0.129989] clocksource: jiffies: mask: 0xffffffff max_cycles: 0xffffffff, max_idle_ns: 9556302231375000 ns
[    0.133791] pinctrl core: initialized pinctrl subsystem
[    0.136093] NET: Registered protocol family 16
[    0.138083] DMA: preallocated 256 KiB pool for atomic coherent allocations
[    0.139886] cpuidle: using governor ladder
[    0.139904] cpuidle: using governor menu
[    0.141920] omap_l3_noc 44000000.ocp: L3 debug error: target 8 mod:0 (unclearable)
[    0.141990] omap_l3_noc 44000000.ocp: L3 application error: target 8 mod:0 (unclearable)
[    0.144876] platform 44e3e000.rtc: Cannot lookup hwmod 'rtc'
[    0.145810] OMAP GPIO hardware version 0.1
[    0.149235] platform 53701000.des: Cannot lookup hwmod 'des'
[    0.153653] No ATAGs?
[    0.153690] hw-breakpoint: found 5 (+1 reserved) breakpoint and 1 watchpoint registers.
[    0.153700] hw-breakpoint: maximum watchpoint size is 4 bytes.
[    0.155251] omap4_sram_init:Unable to allocate sram needed to handle errata I688
[    0.155265] omap4_sram_init:Unable to get sram pool needed to handle errata I688
[    0.157646] Serial: AMBA PL011 UART driver
[    0.173208] edma-dma-engine edma-dma-engine.0: TI EDMA DMA engine driver
[    0.175640] vgaarb: loaded
[    0.176384] SCSI subsystem initialized
[    0.176948] usbcore: registered new interface driver usbfs
[    0.177006] usbcore: registered new interface driver hub
[    0.177059] usbcore: registered new device driver usb
[    0.177799] omap_i2c 44e0b000.i2c: could not find pctldev for node /ocp/l4_wkup@44c00000/scm@210000/pinmux@800/i2c0_pins, deferring probe
[    0.177843] omap_i2c 4802a000.i2c: could not find pctldev for node /ocp/l4_wkup@44c00000/scm@210000/pinmux@800/i2c1_pins, deferring probe
[    0.178438] pps_core: LinuxPPS API ver. 1 registered
[    0.178446] pps_core: Software ver. 5.3.6 - Copyright 2005-2007 Rodolfo Giometti <giometti@linux.it>
[    0.178471] PTP clock support registered
[    0.178653] EDAC MC: Ver: 3.0.0
[    0.181171] clocksource: Switched to clocksource timer1
[    0.190101] NET: Registered protocol family 2
[    0.190694] TCP established hash table entries: 8192 (order: 3, 32768 bytes)
[    0.190773] TCP bind hash table entries: 8192 (order: 4, 65536 bytes)
[    0.190888] TCP: Hash tables configured (established 8192 bind 8192)
[    0.191028] UDP hash table entries: 512 (order: 2, 16384 bytes)
[    0.191079] UDP-Lite hash table entries: 512 (order: 2, 16384 bytes)
[    0.191366] NET: Registered protocol family 1
[    0.191735] RPC: Registered named UNIX socket transport module.
[    0.191747] RPC: Registered udp transport module.
[    0.191753] RPC: Registered tcp transport module.
[    0.191758] RPC: Registered tcp NFSv4.1 backchannel transport module.
[    0.193969] futex hash table entries: 256 (order: 2, 16384 bytes)
[    0.202646] squashfs: version 4.0 (2009/01/31) Phillip Lougher
[    0.203463] NFS: Registering the id_resolver key type
[    0.203514] Key type id_resolver registered
[    0.203521] Key type id_legacy registered
[    0.203586] ntfs: driver 2.1.32 [Flags: R/O].
[    0.204983] bounce: pool size: 64 pages
[    0.205203] Block layer SCSI generic (bsg) driver version 0.4 loaded (major 249)
[    0.205221] io scheduler noop registered
[    0.205231] io scheduler deadline registered
[    0.205266] io scheduler cfq registered (default)
[    0.210456] pinctrl-single 44e10800.pinmux: 199 pins at pa f9e10800 size 796
[    0.215630] backlight supply power not found, using dummy regulator
[    0.265634] Serial: 8250/16550 driver, 4 ports, IRQ sharing disabled
[    0.267981] SuperH (H)SCI(F) driver initialized
[    0.268751] msm_serial: driver initialized
[    0.269224] omap_uart 44e09000.serial: no wakeirq for uart0
[    0.269242] omap_uart 44e09000.serial: No clock speed specified: using default: 48000000
[    0.269381] 44e09000.serial: ttyO0 at MMIO 0x44e09000 (irq = 27, base_baud = 3000000) is a OMAP UART0
[    1.028193] console [ttyO0] enabled
[    1.032353] STMicroelectronics ASC driver initialized
[    1.039102] [drm] Initialized drm 1.1.0 20060810
[    1.052402] loop: module loaded
[    1.061488] CAN device driver interface
[    1.066609] igb: Intel(R) Gigabit Ethernet Network Driver - version 5.3.0-k
[    1.073966] igb: Copyright (c) 2007-2014 Intel Corporation.
[    1.081969] pegasus: v0.9.3 (2013/04/25), Pegasus/Pegasus II USB Ethernet driver
[    1.089850] usbcore: registered new interface driver pegasus
[    1.095877] usbcore: registered new interface driver asix
[    1.101637] usbcore: registered new interface driver ax88179_178a
[    1.108115] usbcore: registered new interface driver cdc_ether
[    1.114322] usbcore: registered new interface driver smsc75xx
[    1.120463] usbcore: registered new interface driver smsc95xx
[    1.126572] usbcore: registered new interface driver net1080
[    1.132569] usbcore: registered new interface driver cdc_subset
[    1.138861] usbcore: registered new interface driver zaurus
[    1.144850] usbcore: registered new interface driver cdc_ncm
[    1.557883] xhci-hcd xhci-hcd.0.auto: xHCI Host Controller
[    1.563764] xhci-hcd xhci-hcd.0.auto: new USB bus registered, assigned bus number 1
[    1.572317] xhci-hcd xhci-hcd.0.auto: hcc params 0x0238f06d hci version 0x100 quirks 0x00010010
[    1.581502] xhci-hcd xhci-hcd.0.auto: irq 180, io mem 0x483d0000
[    1.588605] hub 1-0:1.0: USB hub found
[    1.592650] hub 1-0:1.0: 1 port detected
[    1.597130] xhci-hcd xhci-hcd.0.auto: xHCI Host Controller
[    1.602931] xhci-hcd xhci-hcd.0.auto: new USB bus registered, assigned bus number 2
[    1.611055] usb usb2: We don't know the algorithms for LPM for this host, disabling LPM.
[    1.620208] hub 2-0:1.0: USB hub found
[    1.624230] hub 2-0:1.0: 1 port detected
[    1.628723] ehci_hcd: USB 2.0 'Enhanced' Host Controller (EHCI) Driver
[    1.635587] ehci-pci: EHCI PCI platform driver
[    1.640340] ehci-platform: EHCI generic platform driver
[    1.646220] ehci-omap: OMAP-EHCI Host Controller driver
[    1.651863] ehci-orion: EHCI orion driver
[    1.656195] SPEAr-ehci: EHCI SPEAr driver
[    1.660514] ehci-st: EHCI STMicroelectronics driver
[    1.665741] ehci-exynos: EHCI EXYNOS driver
[    1.670252] ehci-atmel: EHCI Atmel driver
[    1.674596] tegra-ehci: Tegra EHCI driver
[    1.678979] ohci_hcd: USB 1.1 'Open' Host Controller (OHCI) Driver
[    1.685525] ohci-pci: OHCI PCI platform driver
[    1.690288] ohci-platform: OHCI generic platform driver
[    1.695985] ohci-omap3: OHCI OMAP3 driver
[    1.700392] SPEAr-ohci: OHCI SPEAr driver
[    1.704764] ohci-st: OHCI STMicroelectronics driver
[    1.710021] ohci-atmel: OHCI Atmel driver
[    1.714478] usbcore: registered new interface driver usb-storage
[    1.722253] mousedev: PS/2 mouse device common for all mice
[    1.731835] i2c /dev entries driver
[    1.741257] sdhci: Secure Digital Host Controller Interface driver
[    1.747796] sdhci: Copyright(c) Pierre Ossman
[    1.753352] omap_hsmmc 48060000.mmc: Got CD GPIO
[    1.759746] Synopsys Designware Multimedia Card Interface Driver
[    1.766962] sdhci-pltfm: SDHCI platform and OF driver helper
[    1.774950] ledtrig-cpu: registered to indicate activity on CPUs
[    1.781552] usbcore: registered new interface driver usbhid
[    1.787464] usbhid: USB HID core driver
[    1.795099] NET: Registered protocol family 10
[    1.800905] sit: IPv6 over IPv4 tunneling driver
[    1.806530] NET: Registered protocol family 17
[    1.811240] can: controller area network core (rev 20120528 abi 9)
[    1.817794] NET: Registered protocol family 29
[    1.822475] can: raw protocol (rev 20120528)
[    1.826958] can: broadcast manager protocol (rev 20120528 t)
[    1.832890] can: netlink gateway (rev 20130117) max_hops=1
[    1.839211] Key type dns_resolver registered
[    1.843995] omap_voltage_late_init: Voltage driver support not added
[    1.851748] ThumbEE CPU extension supported.
[    1.856289] Registering SWP/SWPB emulation handler
[    1.865307] at24 0-0050: 32768 byte 24c256 EEPROM, writable, 64 bytes/write
[    1.872754] omap_i2c 44e0b000.i2c: bus 0 rev0.12 at 400 kHz
[    1.880371] omap_i2c 4802a000.i2c: bus 1 rev0.12 at 400 kHz
[    1.887008] backlight supply power not found, using dummy regulator
[    1.896001] omap_hsmmc 48060000.mmc: Got CD GPIO
[    1.956193] davinci_mdio 4a101000.mdio: davinci mdio revision 1.6
[    1.962606] davinci_mdio 4a101000.mdio: detected phy mask ffffffcf
[    1.970686] backlight supply power not found, using dummy regulator
[    1.979623] omap_hsmmc 48060000.mmc: Got CD GPIO
[    1.985830] usb 1-1: new high-speed USB device number 2 using xhci-hcd
[    1.993294] libphy: 4a101000.mdio: probed
[    1.997557] davinci_mdio 4a101000.mdio: phy[4]: device 4a101000.mdio:04, driver Micrel KSZ9031 Gigabit PHY
[    2.007671] davinci_mdio 4a101000.mdio: phy[5]: device 4a101000.mdio:05, driver Micrel KSZ9031 Gigabit PHY
[    2.019152] cpsw 4a100000.ethernet: Detected MACID = 34:b1:f7:3d:b9:00
[    2.027046] cpsw 4a100000.ethernet: cpsw: Detected MACID = 34:b1:f7:3d:b9:02
[    2.035601] hctosys: unable to open rtc device (rtc0)
[    2.045601] net eth0: initializing cpsw version 1.15 (0)
[    2.054130] backlight supply power not found, using dummy regulator
[    2.063266] omap_hsmmc 48060000.mmc: Got CD GPIO
[    2.117715] net eth0: phy found : id is : 0x221622
[    2.126566] IPv6: ADDRCONF(NETDEV_UP): eth0: link is not ready
[    2.177738] usb-storage 1-1:1.0: USB Mass Storage device detected
[    2.184586] scsi host0: usb-storage 1-1:1.0
[    2.190192] backlight supply power not found, using dummy regulator
[    2.199184] omap_hsmmc 48060000.mmc: Got CD GPIO
[    3.186944] scsi 0:0:0:0: Direct-Access     SanDisk  Cruzer           8.01 PQ: 0 ANSI: 0 CCS
[    3.197349] backlight supply power not found, using dummy regulator
[    3.206399] omap_hsmmc 48060000.mmc: Got CD GPIO
[    3.213347] sd 0:0:0:0: [sda] 15682559 512-byte logical blocks: (8.02 GB/7.47 GiB)
[    3.221853] scsi 0:0:0:1: CD-ROM            SanDisk  Cruzer           8.01 PQ: 0 ANSI: 0
[    3.230974] sd 0:0:0:0: [sda] Write Protect is off
[    3.236551] sd 0:0:0:0: [sda] No Caching mode page found
[    3.242134] sd 0:0:0:0: [sda] Assuming drive cache: write through
[    3.249543] sr 0:0:0:1: [sr0] scsi3-mmc drive: 48x/48x tray
[    3.255421] cdrom: Uniform CD-ROM driver Revision: 3.20
[    3.262437] backlight supply power not found, using dummy regulator
[    3.271572] omap_hsmmc 48060000.mmc: Got CD GPIO
[    3.282717]  sda: sda1
[    3.286958] sd 0:0:0:0: [sda] Attached SCSI removable disk
[    6.117040] cpsw 4a100000.ethernet eth0: Link is Up - 1Gbps/Full - flow control rx/tx
[    6.125282] IPv6: ADDRCONF(NETDEV_CHANGE): eth0: link becomes ready
[    6.136196] Sending DHCP requests ., OK
[    6.211648] IP-Config: Got DHCP answer from 192.168.0.1, my address is 192.168.0.147
[    6.219887] IP-Config: Complete:
[    6.223292]      device=eth0, hwaddr=34:b1:f7:3d:b9:00, ipaddr=192.168.0.147, mask=255.255.255.0, gw=192.168.0.1
[    6.233906]      host=192.168.0.147, domain=ti.com, nis-domain=(none)
[    6.240625]      bootserver=192.168.0.1, rootserver=192.168.0.1, rootpath=
[    6.247619]      nameserver0=192.0.2.2, nameserver1=192.0.2.3
[    6.254900] Waiting for root device PARTUUID=00000000-02...
[  117.276172] random: nonblocking pool is initialized
- 07:13:55 [INFO] Boot attempt 1/1 failed
URL:gtsystest.telogy.design.ti.com/vatf/tigitfarm04/tigitfarm04_vatf@am437x-sk/tigitfarm0410_01_2015_07_09_55/files/session_iteration_1/test_1
