- 19:38:27 [INFO] Starting target session
- 19:38:28 [INFO] Connected to am437x-sk via serial 
- 19:38:28 [INFO] Host: #check prompt
- 19:38:31 [ERROR] On command: #check prompt waiting for #check prompt.+?(?-mix:((?-mix:login:)|[Pp]assword)) >>> error: execution expired
- 19:38:31 [INFO] Target: 
#check prompt
root@am437x-evm:~# 
- 19:38:31 [INFO] Host: #check prompt
- 19:38:31 [INFO] Target: 
#check prompt
root@am437x-evm:~# 
- 19:38:31 [INFO] Host: sync;poweroff
- 19:38:36 [INFO] Target: 
sync;poweroff
         Stopping Session c1 of user root.
[[0;32m  OK  [0m] Stopped target Multi-User System.
         Stopping thermal-zone-init.service...
         Stopping System Logging Service...
         Stopping Network Name Resolution...
[[0;32m  OK  [0m] Stopped target System Time Synchronized.
         Stopping Kernel Logging Service...
         Stopping User Manager for UID 0...
[[0;32m  OK  [0m] Stopped target Timers.
[[0;32m  OK  [0m] Stopped Daily Cleanup of Temporary Directories.
[[0;32m  OK  [0m] Stopped target Login Prompts.
         Stopping Getty on tty1...
         Stopping Serial Getty on ttyS0...
         Stopping Serial Getty on ttyO0...
[[0;32m  OK  [0m] Stopped Kernel Logging Service.
[[0;32m  OK  [0m] Stopped System Logging Service.
[[0;32m  OK  [0m] Stopped Network Name Resolution.
[[0;32m  OK  [0m] Stopped Getty on tty1.
[[0;32m  OK  [0m] Stopped Serial Getty on ttyO0.
[[0;32m  OK  [0m] Stopped User Manager for UID 0.
[[0;32m  OK  [0m] Stopped Serial Getty on ttyS0.
[[0;32m  OK  [0m] Stopped Session c1 of user root.
[[0;32m  OK  [0m] Stopped thermal-zone-init.service.
[[0;32m  OK  [0m] Stopped User Manager for UID 0.
         Stopping thttpd.service...
[[0;32m  OK  [0m] Removed slice User Slice of root.
         Stopping Login Service...
[[0;32m  OK  [0m] Removed slice system-serial\x2dgetty.slice.
         Stopping Permit User Sessions...
[[0;32m  OK  [0m] Removed slice system-getty.slice.
[[0;32m  OK  [0m] Stopped target Network.
         Stopping Network Service...
[[0;32m  OK  [0m] Stopped Network Service.
[[0;32m  OK  [0m] Stopped Login Service.
[[0;32m  OK  [0m] Stopped thttpd.service.
[[0;32m  OK  [0m] Stopped Permit User Sessions.
[[0;32m  OK  [0m] Stopped target Remote File Systems.
         Stopping telnetd.service...
         Stopping D-Bus System Message Bus...
[[0;32m  OK  [0m] Stopped D-Bus System Message Bus.
[[0;32m  OK  [0m] Stopped telnetd.service.
[[0;32m  OK  [0m] Stopped target Basic System.
[[0;32m  OK  [0m] Stopped target Paths.
[[0;32m  OK  [0m] Stopped Forward Password Requests to Wall Directory Watch.
[[0;32m  OK  [0m] Stopped Dispatch Password Requests to Console Directory Watch.
[[0;32m  OK  [0m] Stopped target Sockets.
[[0;32m  OK  [0m] Closed RPCbind Server Activation Socket.
[[0;32m  OK  [0m] Closed Syslog Socket.
[[0;32m  OK  [0m] Stopped target Slices.
[[0;32m  OK  [0m] Removed slice User and Session Slice.
[[0;32m  OK  [0m] Closed D-Bus System Message Bus Socket.
[[0;32m  OK  [0m] Stopped target System Initialization.
[[0;32m  OK  [0m] Stopped Setup Virtual Console.
[[0;32m  OK  [0m] Stopped Apply Kernel Variables.
         Stopping Load/Save Random Seed...
         Stopping Load/Save Screen Backlight...htness of backlight:backlight...
         Stopping Network Time Synchronization...
[[0;32m  OK  [0m] Stopped target Swap.
[[0;32m  OK  [0m] Stopped Load/Save Random Seed.
[[0;32m  OK  [0m] Stopped Load/Save Screen Backlight Brightness of backlight:backlight.
[[0;32m  OK  [0m] Removed slice system-systemd\x2dbacklight.slice.
[[0;32m  OK  [0m] Stopped Network Time Synchronization.
[[0;32m  OK  [0m] Stopped Create Volatile Files and Directories.
[[0;32m  OK  [0m] Stopped target Local File Systems.
         Unmounting /run/user/0...
         Unmounting /media/ram...
         Unmounting /run/media/mmcblk0p2...
         Unmounting Temporary Directory...
         Unmounting /run/media/mmcblk0p1...
         Unmounting /run/media/mmcblk0p3...
         Unmounting /var/volatile...
         Unmounting /run/media/sda1...
[[0;32m  OK  [0m] Unmounted /run/user/0.
[[0;32m  OK  [0m] Unmounted /media/ram.
[[0;32m  OK  [0m] Unmounted /run/media/mmcblk0p2.
[[0;32m  OK  [0m] Unmounted Temporary Directory.
[[0;32m  OK  [0m] Unmounted /run/media/mmcblk0p1.
[[0;32m  OK  [0m] Unmounted /run/media/mmcblk0p3.
[[0;32m  OK  [0m] Unmounted /var/volatile.
[[0;32m  OK  [0m] Unmounted /run/media/sda1.
[[0;32m  OK  [0m] Reached target Unmount All Filesystems.
[[0;32m  OK  [0m] Stopped target Local File Systems (Pre).
[[0;32m  OK  [0m] Stopped Create Static Device Nodes in /dev.
[[0;32m  OK  [0m] Stopped Remount Root and Kernel File Systems.
[[0;32m  OK  [0m] Reached target Shutdown.
[11595.178728] systemd-shutdown[1]: Sending SIGTERM to remaining processes...
[11595.213114] systemd-journald[76]: Received SIGTERM from PID 1 (systemd-shutdow).
[11595.242118] systemd-shutdown[1]: Sending SIGKILL to remaining processes...
[11595.275072] systemd-shutdown[1]: Unmounting file systems.
[11595.281814] systemd-shutdown[1]: Remounting '/' read-only with options 'vers=3,rsize=4096,wsize=4096,namlen=255,hard,nolock,proto=tcp,timeo=600,retrans=2,sec=sys,mountaddr=192.168.0.1,mountvers=3,mountproto=tcp,local_lock=all,addr=192.168.0.1'.
[11595.345007] systemd-shutdown[1]: Remounting '/' read-only with options 'vers=3,rsize=4096,wsize=4096,namlen=255,hard,nolock,proto=tcp,timeo=600,retrans=2,sec=sys,mountaddr=192.168.0.1,mountvers=3,mountproto=tcp,local_lock=all,addr=192.168.0.1'.
[11595.368418] systemd-shutdown[1]: All filesystems unmounted.
[11595.374435] systemd-shutdown[1]: Deactivating swaps.
[11595.380135] systemd-shutdown[1]: All swaps deactivated.
[11595.386007] systemd-shutdown[1]: Detaching loop devices.
[11595.405315] systemd-shutdown[1]: All loop devices detached.
[11595.411190] systemd-shutdown[1]: Detaching DM devices.
[11595.418799] systemd-shutdown[1]: All DM devices detached.
[11595.431424] systemd-shutdown[1]: Powering off.
[11595.442858] reboot: Power down
[11595.446447] System will go to power_off state in approx. 1 second
- 19:38:36 [INFO] Disconnected serial from am437x-sk
- 19:38:41 [INFO] Connected to am437x-sk via serial 
- 19:38:41 [INFO] Host: 
- 19:38:42 [INFO] Target: 
PMIC:  TPS65218
NAND:  0 MiB
MMC:   OMAP SD/MMC: 0
reading uboot.env
Net:   
Warning: ethernet@4a100000 using MAC address from ROM
eth0: ethernet@4a100000
Hit any key to stop autoboot:  2  0 
=>  
=>  
=>  
=>  
=>  
=>  
=>  
- 19:38:42 [INFO] Host: 
- 19:38:42 [INFO] Target: 
- 19:38:42 [INFO] Host: version
- 19:38:42 [INFO] Target: 
=> version
U-Boot 2016.05-00041-ga456020 (Jul 08 2016 - 12:53:49 -0500)
arm-linux-gnueabihf-gcc (Linaro GCC 5.3-2016.02) 5.3.1 20160113
GNU ld (GNU Binutils) 2.25.0 Linaro 2015_10
- 19:38:42 [INFO] Host: setenv bootargs 'console=ttyO0,115200n8 earlyprintk=serial,ttyO0,115200n8 rootwait '
- 19:38:42 [INFO] Target: 
setenv bootargs 'console=ttyO0,115200n8 earlyprintk=serial,ttyO0,115200n8 rootwait '
- 19:38:42 [INFO] Host: setenv bootcmd  ''
- 19:38:42 [INFO] Target: 
setenv bootcmd  ''
- 19:38:42 [INFO] Host: setenv autoload 'no'
- 19:38:42 [INFO] Target: 
setenv autoload 'no'
- 19:38:42 [INFO] Host: setenv serverip '192.168.0.1'
- 19:38:42 [INFO] Target: 
setenv serverip '192.168.0.1'
- 19:38:42 [INFO] Host: setenv _initramfs -
- 19:38:42 [INFO] Target: 
setenv _initramfs -
- 19:38:42 [INFO] Host: printenv
- 19:38:43 [INFO] Target: 
printenv
_initramfs=-
arch=arm
args_mmc=run finduuid;setenv bootargs console=${console} ${optargs} root=PARTUUID=${uuid} rw rootfstype=${mmcrootfstype}
autoload=no
baudrate=115200
board=am43xx
board_name=AM43__SK
board_rev=1.1A
board_serial=11144P420035
bootargs=console=ttyO0,115200n8 earlyprintk=serial,ttyO0,115200n8 rootwait 
bootcmd=
bootdelay=2
bootdir=/boot
bootenvfile=uEnv.txt
bootfile=zImage
bootm_size=0x10000000
bootpart=0:2
bootscript=echo Running bootscript from mmc${mmcdev} ...; source ${loadaddr}
console=ttyO0,115200n8
cpu=armv7
dfu_alt_info_emmc=MLO raw 0x100 0x100 mmcpart 0;u-boot.img raw 0x300 0x1000 mmcpart 0
dfu_alt_info_mmc=boot part 0 1;rootfs part 0 2;MLO fat 0 1;spl-os-args fat 0 1;spl-os-image fat 0 1;u-boot.img fat 0 1;uEnv.txt fat 0 1
dfu_alt_info_qspi=u-boot.bin raw 0x0 0x080000;u-boot.backup raw 0x080000 0x080000;u-boot-spl-os raw 0x100000 0x010000;u-boot-env raw 0x110000 0x010000;u-boot-env.backup raw 0x120000 0x010000;kernel raw 0x130000 0x800000
dfu_alt_info_ram=kernel ram 0x80200000 0x4000000;fdt ram 0x80f80000 0x80000;ramdisk ram 0x81000000 0x4000000
dfu_bufsiz=0x10000
envboot=mmc dev ${mmcdev}; if mmc rescan; then echo SD/MMC found on device ${mmcdev};if run loadbootscript; then run bootscript;else if run loadbootenv; then echo Loaded env from ${bootenvfile};run importbootenv;fi;if test -n $uenvcmd; then echo Running uenvcmd ...;run uenvcmd;fi;fi;fi;
ethaddr=34:b1:f7:3d:b9:00
fdt_addr_r=0x88000000
fdtaddr=0x88000000
fdtcontroladdr=bef10298
fdtfile=undefined
findfdt=if test $board_name = AM43EPOS; then setenv fdtfile am43x-epos-evm.dtb; fi; if test $board_name = AM43__GP; then setenv fdtfile am437x-gp-evm.dtb; fi; if test $board_name = AM43XXHS; then setenv fdtfile am437x-gp-evm.dtb; fi; if test $board_name = AM43__SK; then setenv fdtfile am437x-sk-evm.dtb; fi; if test $board_name = AM43_IDK; then setenv fdtfile am437x-idk-evm.dtb; fi; if test $fdtfile = undefined; then echo WARNING: Could not determine device tree; fi; 
finduuid=part uuid mmc ${bootpart} uuid
importbootenv=echo Importing environment from mmc${mmcdev} ...; env import -t ${loadaddr} ${filesize}
kernel_addr_r=0x82000000
loadaddr=0x82000000
loadbootenv=fatload mmc ${mmcdev} ${loadaddr} ${bootenvfile}
loadbootscript=load mmc ${mmcdev} ${loadaddr} boot.scr
loadfdt=load ${devtype} ${bootpart} ${fdtaddr} ${bootdir}/${fdtfile}
loadimage=load ${devtype} ${bootpart} ${loadaddr} ${bootdir}/${bootfile}
loadramdisk=load ${devtype} ${devnum} ${rdaddr} ramdisk.gz
mmcboot=mmc dev ${mmcdev}; setenv devnum ${mmcdev}; setenv devtype mmc; if mmc rescan; then echo SD/MMC found on device ${devnum};if run loadimage; then run loadfdt; echo Booting from mmc${mmcdev} ...; run args_mmc; bootz ${loadaddr} - ${fdtaddr}; fi;fi;
mmcdev=0
mmcrootfstype=ext4 rootwait
mtdids=nand0=nand.0
mtdparts=mtdparts=nand.0:256k(NAND.SPL),256k(NAND.SPL.backup1),256k(NAND.SPL.backup2),256k(NAND.SPL.backup3),512k(NAND.u-boot-spl-os),1m(NAND.u-boot),256k(NAND.u-boot-env),256k(NAND.u-boot-env.backup1),7m(NAND.kernel),-(NAND.file-system)
nandargs=setenv bootargs console=${console} ${optargs} root=${nandroot} rootfstype=${nandrootfstype}
nandboot=echo Booting from nand ...; run nandargs; nand read ${fdtaddr} NAND.u-boot-spl-os; nand read ${loadaddr} NAND.kernel; bootz ${loadaddr} - ${fdtaddr}
nandroot=ubi0:rootfs rw ubi.mtd=NAND.file-system,4096
nandrootfstype=ubifs rootwait=1
netargs=setenv bootargs console=${console} ${optargs} root=/dev/nfs nfsroot=${serverip}:${rootpath},${nfsopts} rw ip=dhcp
netboot=echo Booting from network ...; setenv autoload no; dhcp; run netloadimage; run netloadfdt; run netargs; bootz ${loadaddr} - ${fdtaddr}
netloadfdt=tftp ${fdtaddr} ${fdtfile}
netloadimage=tftp ${loadaddr} ${bootfile}
nfsopts=nolock
partitions=uuid_disk=${uuid_gpt_disk};name=rootfs,start=2MiB,size=-,uuid=${uuid_gpt_rootfs}
pxefile_addr_r=0x80100000
ramargs=setenv bootargs console=${console} ${optargs} root=${ramroot} rootfstype=${ramrootfstype}
ramdisk_addr_r=0x88080000
ramroot=/dev/ram0 rw
ramrootfstype=ext2
rdaddr=0x88080000
rootpath=/export/rootfs
scriptaddr=0x80000000
serverip=192.168.0.1
soc=am33xx
static_ip=${ipaddr}:${serverip}:${gatewayip}:${netmask}:${hostname}::off
stderr=serial@44e09000
stdin=serial@44e09000
stdout=serial@44e09000
usbargs=setenv bootargs console=${console} ${optargs} root=${usbroot} rootfstype=${usbrootfstype}
usbboot=setenv devnum ${usbdev}; setenv devtype usb; usb start ${usbdev}; if usb dev ${usbdev}; then if run loadbootenv; then echo Loaded environment from ${bootenv};run importbootenv;fi;if test -n $uenvcmd; then echo Running uenvcmd ...;run uenvcmd;fi;if run loadimage; then run loadfdt; echo Booting from usb ${usbdev}...; run usbargs;bootz ${loadaddr} - ${fdtaddr}; fi;fi
usbdev=0
usbroot=/dev/sda2 rw
usbrootfstype=ext4 rootwait
vendor=ti
ver=U-Boot 2016.05-00041-ga456020 (Jul 08 2016 - 12:53:49 -0500)
Environment size: 5016/65532 bytes
- 19:38:43 [INFO] Host: printenv
- 19:38:43 [INFO] Target: 
printenv
_initramfs=-
arch=arm
args_mmc=run finduuid;setenv bootargs console=${console} ${optargs} root=PARTUUID=${uuid} rw rootfstype=${mmcrootfstype}
autoload=no
baudrate=115200
board=am43xx
board_name=AM43__SK
board_rev=1.1A
board_serial=11144P420035
bootargs=console=ttyO0,115200n8 earlyprintk=serial,ttyO0,115200n8 rootwait 
bootcmd=
bootdelay=2
bootdir=/boot
bootenvfile=uEnv.txt
bootfile=zImage
bootm_size=0x10000000
bootpart=0:2
bootscript=echo Running bootscript from mmc${mmcdev} ...; source ${loadaddr}
console=ttyO0,115200n8
cpu=armv7
dfu_alt_info_emmc=MLO raw 0x100 0x100 mmcpart 0;u-boot.img raw 0x300 0x1000 mmcpart 0
dfu_alt_info_mmc=boot part 0 1;rootfs part 0 2;MLO fat 0 1;spl-os-args fat 0 1;spl-os-image fat 0 1;u-boot.img fat 0 1;uEnv.txt fat 0 1
dfu_alt_info_qspi=u-boot.bin raw 0x0 0x080000;u-boot.backup raw 0x080000 0x080000;u-boot-spl-os raw 0x100000 0x010000;u-boot-env raw 0x110000 0x010000;u-boot-env.backup raw 0x120000 0x010000;kernel raw 0x130000 0x800000
dfu_alt_info_ram=kernel ram 0x80200000 0x4000000;fdt ram 0x80f80000 0x80000;ramdisk ram 0x81000000 0x4000000
dfu_bufsiz=0x10000
envboot=mmc dev ${mmcdev}; if mmc rescan; then echo SD/MMC found on device ${mmcdev};if run loadbootscript; then run bootscript;else if run loadbootenv; then echo Loaded env from ${bootenvfile};run importbootenv;fi;if test -n $uenvcmd; then echo Running uenvcmd ...;run uenvcmd;fi;fi;fi;
ethaddr=34:b1:f7:3d:b9:00
fdt_addr_r=0x88000000
fdtaddr=0x88000000
fdtcontroladdr=bef10298
fdtfile=undefined
findfdt=if test $board_name = AM43EPOS; then setenv fdtfile am43x-epos-evm.dtb; fi; if test $board_name = AM43__GP; then setenv fdtfile am437x-gp-evm.dtb; fi; if test $board_name = AM43XXHS; then setenv fdtfile am437x-gp-evm.dtb; fi; if test $board_name = AM43__SK; then setenv fdtfile am437x-sk-evm.dtb; fi; if test $board_name = AM43_IDK; then setenv fdtfile am437x-idk-evm.dtb; fi; if test $fdtfile = undefined; then echo WARNING: Could not determine device tree; fi; 
finduuid=part uuid mmc ${bootpart} uuid
importbootenv=echo Importing environment from mmc${mmcdev} ...; env import -t ${loadaddr} ${filesize}
kernel_addr_r=0x82000000
loadaddr=0x82000000
loadbootenv=fatload mmc ${mmcdev} ${loadaddr} ${bootenvfile}
loadbootscript=load mmc ${mmcdev} ${loadaddr} boot.scr
loadfdt=load ${devtype} ${bootpart} ${fdtaddr} ${bootdir}/${fdtfile}
loadimage=load ${devtype} ${bootpart} ${loadaddr} ${bootdir}/${bootfile}
loadramdisk=load ${devtype} ${devnum} ${rdaddr} ramdisk.gz
mmcboot=mmc dev ${mmcdev}; setenv devnum ${mmcdev}; setenv devtype mmc; if mmc rescan; then echo SD/MMC found on device ${devnum};if run loadimage; then run loadfdt; echo Booting from mmc${mmcdev} ...; run args_mmc; bootz ${loadaddr} - ${fdtaddr}; fi;fi;
mmcdev=0
mmcrootfstype=ext4 rootwait
mtdids=nand0=nand.0
mtdparts=mtdparts=nand.0:256k(NAND.SPL),256k(NAND.SPL.backup1),256k(NAND.SPL.backup2),256k(NAND.SPL.backup3),512k(NAND.u-boot-spl-os),1m(NAND.u-boot),256k(NAND.u-boot-env),256k(NAND.u-boot-env.backup1),7m(NAND.kernel),-(NAND.file-system)
nandargs=setenv bootargs console=${console} ${optargs} root=${nandroot} rootfstype=${nandrootfstype}
nandboot=echo Booting from nand ...; run nandargs; nand read ${fdtaddr} NAND.u-boot-spl-os; nand read ${loadaddr} NAND.kernel; bootz ${loadaddr} - ${fdtaddr}
nandroot=ubi0:rootfs rw ubi.mtd=NAND.file-system,4096
nandrootfstype=ubifs rootwait=1
netargs=setenv bootargs console=${console} ${optargs} root=/dev/nfs nfsroot=${serverip}:${rootpath},${nfsopts} rw ip=dhcp
netboot=echo Booting from network ...; setenv autoload no; dhcp; run netloadimage; run netloadfdt; run netargs; bootz ${loadaddr} - ${fdtaddr}
netloadfdt=tftp ${fdtaddr} ${fdtfile}
netloadimage=tftp ${loadaddr} ${bootfile}
nfsopts=nolock
partitions=uuid_disk=${uuid_gpt_disk};name=rootfs,start=2MiB,size=-,uuid=${uuid_gpt_rootfs}
pxefile_addr_r=0x80100000
ramargs=setenv bootargs console=${console} ${optargs} root=${ramroot} rootfstype=${ramrootfstype}
ramdisk_addr_r=0x88080000
ramroot=/dev/ram0 rw
ramrootfstype=ext2
rdaddr=0x88080000
rootpath=/export/rootfs
scriptaddr=0x80000000
serverip=192.168.0.1
soc=am33xx
static_ip=${ipaddr}:${serverip}:${gatewayip}:${netmask}:${hostname}::off
stderr=serial@44e09000
stdin=serial@44e09000
stdout=serial@44e09000
usbargs=setenv bootargs console=${console} ${optargs} root=${usbroot} rootfstype=${usbrootfstype}
usbboot=setenv devnum ${usbdev}; setenv devtype usb; usb start ${usbdev}; if usb dev ${usbdev}; then if run loadbootenv; then echo Loaded environment from ${bootenv};run importbootenv;fi;if test -n $uenvcmd; then echo Running uenvcmd ...;run uenvcmd;fi;if run loadimage; then run loadfdt; echo Booting from usb ${usbdev}...; run usbargs;bootz ${loadaddr} - ${fdtaddr}; fi;fi
usbdev=0
usbroot=/dev/sda2 rw
usbrootfstype=ext4 rootwait
vendor=ti
ver=U-Boot 2016.05-00041-ga456020 (Jul 08 2016 - 12:53:49 -0500)
Environment size: 5016/65532 bytes
- 19:38:43 [INFO] Host: setenv bootargs ''${bootargs}' ip=:::::eth0:dhcp '
- 19:38:43 [INFO] Target: 
setenv bootargs ''${bootargs}' ip=:::::eth0:dhcp '
- 19:38:43 [INFO] Host: setenv serverip '192.168.0.1'
- 19:38:43 [INFO] Target: 
setenv serverip '192.168.0.1'
- 19:38:43 [INFO] Host: setenv autoload 'no'
- 19:38:44 [INFO] Target: 
setenv autoload 'no'
- 19:38:44 [INFO] Host: dhcp
- 19:38:45 [INFO] Target: 
dhcp
link up on port 0, speed 1000, full duplex
BOOTP broadcast 1
BOOTP broadcast 2
BOOTP broadcast 3
DHCP client bound to address 192.168.0.227 (1042 ms)
- 19:38:45 [INFO] Host: tftp ${loadaddr} 192.168.0.1:vatf_am437x-sk/254393618404695f91e356a248a491b1
- 19:38:46 [INFO] Target: 
tftp ${loadaddr} 192.168.0.1:vatf_am437x-sk/254393618404695f91e356a248a491b1
link up on port 0, speed 1000, full duplex
Using ethernet@4a100000 device
TFTP from server 192.168.0.1; our IP address is 192.168.0.227
Filename 'vatf_am437x-sk/254393618404695f91e356a248a491b1'.
Load address: 0x82000000
Loading: *#################################################################
	 #################################################################
	 #################################################################
	 #################################################################
	 #################################################################
	 #################################################################
	 #################################################################
	 ############
	 6.3 MiB/s
done
Bytes transferred = 6848528 (688010 hex)
- 19:38:46 [INFO] Host: tftp ${fdt_addr_r} 192.168.0.1:vatf_am437x-sk/fb8854c99edae92413793c3e0d23d6bc
- 19:38:46 [INFO] Target: 
tftp ${fdt_addr_r} 192.168.0.1:vatf_am437x-sk/fb8854c99edae92413793c3e0d23d6bc
link up on port 0, speed 1000, full duplex
Using ethernet@4a100000 device
TFTP from server 192.168.0.1; our IP address is 192.168.0.227
Filename 'vatf_am437x-sk/fb8854c99edae92413793c3e0d23d6bc'.
Load address: 0x88000000
Loading: *####
	 4.8 MiB/s
done
Bytes transferred = 45651 (b253 hex)
- 19:38:46 [INFO] Host: ls mmc 0:1
- 19:38:46 [INFO] Target: 
ls mmc 0:1
    73264   mlo 
   597496   u-boot.img 
        4   ws-calibrate.rules 
       13   .ipaddr 
        0   pointercal 
    65536   uboot.env 
6 file(s), 0 dir(s)
- 19:38:46 [INFO] Host: ls mmc 0:2
- 19:38:46 [INFO] Target: 
ls mmc 0:2
<DIR>       4096 .
<DIR>       4096 ..
<DIR>       4096 include
<DIR>       4096 srv
<DIR>       4096 home
<DIR>       4096 media
<DIR>       4096 opt
<DIR>       4096 var
<DIR>       4096 sys
<DIR>       4096 boot
<DIR>       4096 dev
<DIR>       4096 usr
<DIR>       4096 bin
<DIR>       4096 mnt
<DIR>       4096 etc
<DIR>       4096 sbin
<DIR>       4096 www
<SYM>          8 tmp
<DIR>       4096 proc
<DIR>       4096 run
<DIR>       4096 lib
<DIR>       4096 test
- 19:38:46 [INFO] Host: part uuid mmc 0:2
- 19:38:46 [INFO] Target: 
part uuid mmc 0:2
00000000-02
- 19:38:46 [INFO] Host: printenv
- 19:38:47 [INFO] Target: 
printenv
_initramfs=-
arch=arm
args_mmc=run finduuid;setenv bootargs console=${console} ${optargs} root=PARTUUID=${uuid} rw rootfstype=${mmcrootfstype}
autoload=no
baudrate=115200
board=am43xx
board_name=AM43__SK
board_rev=1.1A
board_serial=11144P420035
bootargs=console=ttyO0,115200n8 earlyprintk=serial,ttyO0,115200n8 rootwait  ip=:::::eth0:dhcp 
bootcmd=
bootdelay=2
bootdir=/boot
bootenvfile=uEnv.txt
bootfile=zImage
bootm_size=0x10000000
bootpart=0:2
bootscript=echo Running bootscript from mmc${mmcdev} ...; source ${loadaddr}
console=ttyO0,115200n8
cpu=armv7
dfu_alt_info_emmc=MLO raw 0x100 0x100 mmcpart 0;u-boot.img raw 0x300 0x1000 mmcpart 0
dfu_alt_info_mmc=boot part 0 1;rootfs part 0 2;MLO fat 0 1;spl-os-args fat 0 1;spl-os-image fat 0 1;u-boot.img fat 0 1;uEnv.txt fat 0 1
dfu_alt_info_qspi=u-boot.bin raw 0x0 0x080000;u-boot.backup raw 0x080000 0x080000;u-boot-spl-os raw 0x100000 0x010000;u-boot-env raw 0x110000 0x010000;u-boot-env.backup raw 0x120000 0x010000;kernel raw 0x130000 0x800000
dfu_alt_info_ram=kernel ram 0x80200000 0x4000000;fdt ram 0x80f80000 0x80000;ramdisk ram 0x81000000 0x4000000
dfu_bufsiz=0x10000
dnsip=192.0.2.2
dnsip2=192.0.2.3
envboot=mmc dev ${mmcdev}; if mmc rescan; then echo SD/MMC found on device ${mmcdev};if run loadbootscript; then run bootscript;else if run loadbootenv; then echo Loaded env from ${bootenvfile};run importbootenv;fi;if test -n $uenvcmd; then echo Running uenvcmd ...;run uenvcmd;fi;fi;fi;
ethact=ethernet@4a100000
ethaddr=34:b1:f7:3d:b9:00
fdt_addr_r=0x88000000
fdtaddr=0x88000000
fdtcontroladdr=bef10298
fdtfile=undefined
fileaddr=88000000
filesize=b253
findfdt=if test $board_name = AM43EPOS; then setenv fdtfile am43x-epos-evm.dtb; fi; if test $board_name = AM43__GP; then setenv fdtfile am437x-gp-evm.dtb; fi; if test $board_name = AM43XXHS; then setenv fdtfile am437x-gp-evm.dtb; fi; if test $board_name = AM43__SK; then setenv fdtfile am437x-sk-evm.dtb; fi; if test $board_name = AM43_IDK; then setenv fdtfile am437x-idk-evm.dtb; fi; if test $fdtfile = undefined; then echo WARNING: Could not determine device tree; fi; 
finduuid=part uuid mmc ${bootpart} uuid
gatewayip=192.168.0.1
importbootenv=echo Importing environment from mmc${mmcdev} ...; env import -t ${loadaddr} ${filesize}
ipaddr=192.168.0.227
kernel_addr_r=0x82000000
loadaddr=0x82000000
loadbootenv=fatload mmc ${mmcdev} ${loadaddr} ${bootenvfile}
loadbootscript=load mmc ${mmcdev} ${loadaddr} boot.scr
loadfdt=load ${devtype} ${bootpart} ${fdtaddr} ${bootdir}/${fdtfile}
loadimage=load ${devtype} ${bootpart} ${loadaddr} ${bootdir}/${bootfile}
loadramdisk=load ${devtype} ${devnum} ${rdaddr} ramdisk.gz
mmcboot=mmc dev ${mmcdev}; setenv devnum ${mmcdev}; setenv devtype mmc; if mmc rescan; then echo SD/MMC found on device ${devnum};if run loadimage; then run loadfdt; echo Booting from mmc${mmcdev} ...; run args_mmc; bootz ${loadaddr} - ${fdtaddr}; fi;fi;
mmcdev=0
mmcrootfstype=ext4 rootwait
mtdids=nand0=nand.0
mtdparts=mtdparts=nand.0:256k(NAND.SPL),256k(NAND.SPL.backup1),256k(NAND.SPL.backup2),256k(NAND.SPL.backup3),512k(NAND.u-boot-spl-os),1m(NAND.u-boot),256k(NAND.u-boot-env),256k(NAND.u-boot-env.backup1),7m(NAND.kernel),-(NAND.file-system)
nandargs=setenv bootargs console=${console} ${optargs} root=${nandroot} rootfstype=${nandrootfstype}
nandboot=echo Booting from nand ...; run nandargs; nand read ${fdtaddr} NAND.u-boot-spl-os; nand read ${loadaddr} NAND.kernel; bootz ${loadaddr} - ${fdtaddr}
nandroot=ubi0:rootfs rw ubi.mtd=NAND.file-system,4096
nandrootfstype=ubifs rootwait=1
netargs=setenv bootargs console=${console} ${optargs} root=/dev/nfs nfsroot=${serverip}:${rootpath},${nfsopts} rw ip=dhcp
netboot=echo Booting from network ...; setenv autoload no; dhcp; run netloadimage; run netloadfdt; run netargs; bootz ${loadaddr} - ${fdtaddr}
netloadfdt=tftp ${fdtaddr} ${fdtfile}
netloadimage=tftp ${loadaddr} ${bootfile}
netmask=255.255.255.0
nfsopts=nolock
partitions=uuid_disk=${uuid_gpt_disk};name=rootfs,start=2MiB,size=-,uuid=${uuid_gpt_rootfs}
pxefile_addr_r=0x80100000
ramargs=setenv bootargs console=${console} ${optargs} root=${ramroot} rootfstype=${ramrootfstype}
ramdisk_addr_r=0x88080000
ramroot=/dev/ram0 rw
ramrootfstype=ext2
rdaddr=0x88080000
rootpath=/export/rootfs
scriptaddr=0x80000000
serverip=192.168.0.1
soc=am33xx
static_ip=${ipaddr}:${serverip}:${gatewayip}:${netmask}:${hostname}::off
stderr=serial@44e09000
stdin=serial@44e09000
stdout=serial@44e09000
usbargs=setenv bootargs console=${console} ${optargs} root=${usbroot} rootfstype=${usbrootfstype}
usbboot=setenv devnum ${usbdev}; setenv devtype usb; usb start ${usbdev}; if usb dev ${usbdev}; then if run loadbootenv; then echo Loaded environment from ${bootenv};run importbootenv;fi;if test -n $uenvcmd; then echo Running uenvcmd ...;run uenvcmd;fi;if run loadimage; then run loadfdt; echo Booting from usb ${usbdev}...; run usbargs;bootz ${loadaddr} - ${fdtaddr}; fi;fi
usbdev=0
usbroot=/dev/sda2 rw
usbrootfstype=ext4 rootwait
vendor=ti
ver=U-Boot 2016.05-00041-ga456020 (Jul 08 2016 - 12:53:49 -0500)
Environment size: 5206/65532 bytes
- 19:38:47 [INFO] Host: setenv bootargs ''${bootargs}' root=PARTUUID=00000000-02 rw rootfstype=ext4 rootwait '
- 19:38:47 [INFO] Target: 
setenv bootargs ''${bootargs}' root=PARTUUID=00000000-02 rw rootfstype=ext4 rootwait '
- 19:38:47 [INFO] Host: printenv
- 19:38:47 [INFO] Target: 
printenv
_initramfs=-
arch=arm
args_mmc=run finduuid;setenv bootargs console=${console} ${optargs} root=PARTUUID=${uuid} rw rootfstype=${mmcrootfstype}
autoload=no
baudrate=115200
board=am43xx
board_name=AM43__SK
board_rev=1.1A
board_serial=11144P420035
bootargs=console=ttyO0,115200n8 earlyprintk=serial,ttyO0,115200n8 rootwait  ip=:::::eth0:dhcp  root=PARTUUID=00000000-02 rw rootfstype=ext4 rootwait 
bootcmd=
bootdelay=2
bootdir=/boot
bootenvfile=uEnv.txt
bootfile=zImage
bootm_size=0x10000000
bootpart=0:2
bootscript=echo Running bootscript from mmc${mmcdev} ...; source ${loadaddr}
console=ttyO0,115200n8
cpu=armv7
dfu_alt_info_emmc=MLO raw 0x100 0x100 mmcpart 0;u-boot.img raw 0x300 0x1000 mmcpart 0
dfu_alt_info_mmc=boot part 0 1;rootfs part 0 2;MLO fat 0 1;spl-os-args fat 0 1;spl-os-image fat 0 1;u-boot.img fat 0 1;uEnv.txt fat 0 1
dfu_alt_info_qspi=u-boot.bin raw 0x0 0x080000;u-boot.backup raw 0x080000 0x080000;u-boot-spl-os raw 0x100000 0x010000;u-boot-env raw 0x110000 0x010000;u-boot-env.backup raw 0x120000 0x010000;kernel raw 0x130000 0x800000
dfu_alt_info_ram=kernel ram 0x80200000 0x4000000;fdt ram 0x80f80000 0x80000;ramdisk ram 0x81000000 0x4000000
dfu_bufsiz=0x10000
dnsip=192.0.2.2
dnsip2=192.0.2.3
envboot=mmc dev ${mmcdev}; if mmc rescan; then echo SD/MMC found on device ${mmcdev};if run loadbootscript; then run bootscript;else if run loadbootenv; then echo Loaded env from ${bootenvfile};run importbootenv;fi;if test -n $uenvcmd; then echo Running uenvcmd ...;run uenvcmd;fi;fi;fi;
ethact=ethernet@4a100000
ethaddr=34:b1:f7:3d:b9:00
fdt_addr_r=0x88000000
fdtaddr=0x88000000
fdtcontroladdr=bef10298
fdtfile=undefined
fileaddr=88000000
filesize=b253
findfdt=if test $board_name = AM43EPOS; then setenv fdtfile am43x-epos-evm.dtb; fi; if test $board_name = AM43__GP; then setenv fdtfile am437x-gp-evm.dtb; fi; if test $board_name = AM43XXHS; then setenv fdtfile am437x-gp-evm.dtb; fi; if test $board_name = AM43__SK; then setenv fdtfile am437x-sk-evm.dtb; fi; if test $board_name = AM43_IDK; then setenv fdtfile am437x-idk-evm.dtb; fi; if test $fdtfile = undefined; then echo WARNING: Could not determine device tree; fi; 
finduuid=part uuid mmc ${bootpart} uuid
gatewayip=192.168.0.1
importbootenv=echo Importing environment from mmc${mmcdev} ...; env import -t ${loadaddr} ${filesize}
ipaddr=192.168.0.227
kernel_addr_r=0x82000000
loadaddr=0x82000000
loadbootenv=fatload mmc ${mmcdev} ${loadaddr} ${bootenvfile}
loadbootscript=load mmc ${mmcdev} ${loadaddr} boot.scr
loadfdt=load ${devtype} ${bootpart} ${fdtaddr} ${bootdir}/${fdtfile}
loadimage=load ${devtype} ${bootpart} ${loadaddr} ${bootdir}/${bootfile}
loadramdisk=load ${devtype} ${devnum} ${rdaddr} ramdisk.gz
mmcboot=mmc dev ${mmcdev}; setenv devnum ${mmcdev}; setenv devtype mmc; if mmc rescan; then echo SD/MMC found on device ${devnum};if run loadimage; then run loadfdt; echo Booting from mmc${mmcdev} ...; run args_mmc; bootz ${loadaddr} - ${fdtaddr}; fi;fi;
mmcdev=0
mmcrootfstype=ext4 rootwait
mtdids=nand0=nand.0
mtdparts=mtdparts=nand.0:256k(NAND.SPL),256k(NAND.SPL.backup1),256k(NAND.SPL.backup2),256k(NAND.SPL.backup3),512k(NAND.u-boot-spl-os),1m(NAND.u-boot),256k(NAND.u-boot-env),256k(NAND.u-boot-env.backup1),7m(NAND.kernel),-(NAND.file-system)
nandargs=setenv bootargs console=${console} ${optargs} root=${nandroot} rootfstype=${nandrootfstype}
nandboot=echo Booting from nand ...; run nandargs; nand read ${fdtaddr} NAND.u-boot-spl-os; nand read ${loadaddr} NAND.kernel; bootz ${loadaddr} - ${fdtaddr}
nandroot=ubi0:rootfs rw ubi.mtd=NAND.file-system,4096
nandrootfstype=ubifs rootwait=1
netargs=setenv bootargs console=${console} ${optargs} root=/dev/nfs nfsroot=${serverip}:${rootpath},${nfsopts} rw ip=dhcp
netboot=echo Booting from network ...; setenv autoload no; dhcp; run netloadimage; run netloadfdt; run netargs; bootz ${loadaddr} - ${fdtaddr}
netloadfdt=tftp ${fdtaddr} ${fdtfile}
netloadimage=tftp ${loadaddr} ${bootfile}
netmask=255.255.255.0
nfsopts=nolock
partitions=uuid_disk=${uuid_gpt_disk};name=rootfs,start=2MiB,size=-,uuid=${uuid_gpt_rootfs}
pxefile_addr_r=0x80100000
ramargs=setenv bootargs console=${console} ${optargs} root=${ramroot} rootfstype=${ramrootfstype}
ramdisk_addr_r=0x88080000
ramroot=/dev/ram0 rw
ramrootfstype=ext2
rdaddr=0x88080000
rootpath=/export/rootfs
scriptaddr=0x80000000
serverip=192.168.0.1
soc=am33xx
static_ip=${ipaddr}:${serverip}:${gatewayip}:${netmask}:${hostname}::off
stderr=serial@44e09000
stdin=serial@44e09000
stdout=serial@44e09000
usbargs=setenv bootargs console=${console} ${optargs} root=${usbroot} rootfstype=${usbrootfstype}
usbboot=setenv devnum ${usbdev}; setenv devtype usb; usb start ${usbdev}; if usb dev ${usbdev}; then if run loadbootenv; then echo Loaded environment from ${bootenv};run importbootenv;fi;if test -n $uenvcmd; then echo Running uenvcmd ...;run uenvcmd;fi;if run loadimage; then run loadfdt; echo Booting from usb ${usbdev}...; run usbargs;bootz ${loadaddr} - ${fdtaddr}; fi;fi
usbdev=0
usbroot=/dev/sda2 rw
usbrootfstype=ext4 rootwait
vendor=ti
ver=U-Boot 2016.05-00041-ga456020 (Jul 08 2016 - 12:53:49 -0500)
Environment size: 5261/65532 bytes
- 19:38:47 [INFO] Host: setenv bootcmd ''${bootcmd}' if iminfo ${loadaddr}; then bootm ${loadaddr} ${_initramfs} ${fdt_addr_r}; else bootz ${loadaddr} ${_initramfs} ${fdt_addr_r}; bootm ${loadaddr} ${_initramfs} ${fdt_addr_r}; fi'
- 19:38:47 [INFO] Target: 
setenv bootcmd ''${bootcmd}' if iminfo ${loadaddr}; then bootm ${loadaddr} ${_initramfs} ${fdt_addr_r}; else bootz ${loadaddr} ${_initramfs} ${fdt_addr_r}; bootm ${loadaddr} ${_initramfs} ${fdt_addr_r}; fi'
- 19:38:47 [INFO] Host: version
- 19:38:48 [INFO] Target: 
version
U-Boot 2016.05-00041-ga456020 (Jul 08 2016 - 12:53:49 -0500)
arm-linux-gnueabihf-gcc (Linaro GCC 5.3-2016.02) 5.3.1 20160113
GNU ld (GNU Binutils) 2.25.0 Linaro 2015_10
- 19:38:48 [INFO] Host: bdinfo
- 19:38:48 [INFO] Target: 
bdinfo
arch_number = 0x00000000
boot_params = 0x80000100
DRAM bank   = 0x00000000
-> start    = 0x80000000
-> size     = 0x40000000
baudrate    = 115200 bps
TLB addr    = 0xBFFF0000
relocaddr   = 0xBFF2B000
reloc off   = 0x3F72B000
irq_sp      = 0xBEF10280
sp start    = 0xBEF10270
- 19:38:48 [INFO] Host: mmc rescan; echo $?
- 19:38:48 [INFO] Target: 
mmc rescan; echo $?
- 19:38:48 [INFO] Host: fatwrite mmc ${mmcdev}:1 ${loadaddr} ws-calibrate.rules 4
- 19:38:48 [INFO] Target: 
fatwrite mmc ${mmcdev}:1 ${loadaddr} ws-calibrate.rules 4
writing ws-calibrate.rules
4 bytes written
- 19:38:48 [INFO] Host: boot
- 19:39:11 [INFO] Target: 
boot
## Checking Image at 82000000 ...
Unknown image format!
Kernel image @ 0x82000000 [ 0x000000 - 0x688010 ]
## Flattened Device Tree blob at 88000000
   Booting using the fdt blob at 0x88000000
   Loading Device Tree to 8fff1000, end 8ffff252 ... OK
Starting kernel ...
[    0.000000] Booting Linux on physical CPU 0x0
[    0.000000] Linux version 4.7.0-rc7-next-20160714-00002-gb0f0c607998d (nmenon@horus) (gcc version 4.9.3 20150413 (prerelease) (Linaro GCC 4.9-2015.05) ) #1 SMP Thu Jul 14 18:33:06 CDT 2016
[    0.000000] CPU: ARMv7 Processor [412fc09a] revision 10 (ARMv7), cr=10c5387d
[    0.000000] CPU: PIPT / VIPT nonaliasing data cache, VIPT aliasing instruction cache
[    0.000000] Machine model: TI AM437x SK EVM
[    0.000000] cma: Reserved 64 MiB at 0xbc000000
[    0.000000] Memory policy: Data cache writeback
[    0.000000] CPU: All CPU(s) started in SVC mode.
[    0.000000] AM437x ES1.2 (sgx neon )
[    0.000000] percpu: Embedded 14 pages/cpu @ef7c4000 s26624 r8192 d22528 u57344
[    0.000000] Built 1 zonelists in Zone order, mobility grouping on.  Total pages: 260608
[    0.000000] Kernel command line: console=ttyO0,115200n8 earlyprintk=serial,ttyO0,115200n8 rootwait  ip=:::::eth0:dhcp  root=PARTUUID=00000000-02 rw rootfstype=ext4 rootwait 
[    0.000000] PID hash table entries: 4096 (order: 2, 16384 bytes)
[    0.000000] Dentry cache hash table entries: 131072 (order: 7, 524288 bytes)
[    0.000000] Inode-cache hash table entries: 65536 (order: 6, 262144 bytes)
[    0.000000] Memory: 956964K/1048576K available (9216K kernel code, 1088K rwdata, 3768K rodata, 2048K init, 343K bss, 26076K reserved, 65536K cma-reserved, 196608K highmem)
[    0.000000] Virtual kernel memory layout:
[    0.000000]     vector  : 0xffff0000 - 0xffff1000   (   4 kB)
[    0.000000]     fixmap  : 0xffc00000 - 0xfff00000   (3072 kB)
[    0.000000]     vmalloc : 0xf0800000 - 0xff800000   ( 240 MB)
[    0.000000]     lowmem  : 0xc0000000 - 0xf0000000   ( 768 MB)
[    0.000000]     pkmap   : 0xbfe00000 - 0xc0000000   (   2 MB)
[    0.000000]     modules : 0xbf000000 - 0xbfe00000   (  14 MB)
[    0.000000]       .text : 0xc0208000 - 0xc0c00000   (10208 kB)
[    0.000000]       .init : 0xc1000000 - 0xc1200000   (2048 kB)
[    0.000000]       .data : 0xc1200000 - 0xc1310380   (1089 kB)
[    0.000000]        .bss : 0xc1312000 - 0xc1367c08   ( 344 kB)
[    0.000000] SLUB: HWalign=64, Order=0-3, MinObjects=0, CPUs=1, Nodes=1
[    0.000000] Hierarchical RCU implementation.
[    0.000000] 	Build-time adjustment of leaf fanout to 32.
[    0.000000] 	RCU restricting CPUs from NR_CPUS=16 to nr_cpu_ids=1.
[    0.000000] RCU: Adjusting geometry for rcu_fanout_leaf=32, nr_cpu_ids=1
[    0.000000] NR_IRQS:16 nr_irqs:16 16
[    0.000000] L2C: platform modifies aux control register: 0x0e030000 -> 0x3e430000
[    0.000000] L2C: DT/platform modifies aux control register: 0x0e030000 -> 0x3e430000
[    0.000000] L2C-310 erratum 769419 enabled
[    0.000000] L2C-310 enabling early BRESP for Cortex-A9
[    0.000000] OMAP L2C310: ROM does not support power control setting
[    0.000000] L2C-310 dynamic clock gating disabled, standby mode disabled
[    0.000000] L2C-310 cache controller enabled, 16 ways, 256 kB
[    0.000000] L2C-310: CACHE_ID 0x410000c9, AUX_CTRL 0x4e430000
[    0.000000] OMAP clockevent source: timer1 at 32786 Hz
[    0.000011] sched_clock: 64 bits at 500MHz, resolution 2ns, wraps every 4398046511103ns
[    0.000030] clocksource: arm_global_timer: mask: 0xffffffffffffffff max_cycles: 0xe6a171a037, max_idle_ns: 881590485102 ns
[    0.000049] Switching to timer-based delay loop, resolution 2ns
[    0.002768] clocksource: 32k_counter: mask: 0xffffffff max_cycles: 0xffffffff, max_idle_ns: 58327039986419 ns
[    0.002776] OMAP clocksource: 32k_counter at 32768 Hz
[    0.004544] Console: colour dummy device 80x30
[    0.004576] Calibrating delay loop (skipped), value calculated using timer frequency.. 1000.00 BogoMIPS (lpj=2500000)
[    0.004590] pid_max: default: 32768 minimum: 301
[    0.004700] Mount-cache hash table entries: 2048 (order: 1, 8192 bytes)
[    0.004710] Mountpoint-cache hash table entries: 2048 (order: 1, 8192 bytes)
[    0.005506] CPU: Testing write buffer coherency: ok
[    0.005824] CPU0: thread -1, cpu 0, socket 0, mpidr 80000000
[    0.005886] Setting up static identity map for 0x80300000 - 0x80300098
[    0.009985] Brought up 1 CPUs
[    0.010001] SMP: Total of 1 processors activated (1000.00 BogoMIPS).
[    0.010009] CPU: All CPU(s) started in SVC mode.
[    0.010872] devtmpfs: initialized
[    0.021438] VFP support v0.3: implementor 41 architecture 3 part 30 variant 9 rev 4
[    0.022109] clocksource: jiffies: mask: 0xffffffff max_cycles: 0xffffffff, max_idle_ns: 9556302231375000 ns
[    0.025664] pinctrl core: initialized pinctrl subsystem
[    0.027957] NET: Registered protocol family 16
[    0.029854] DMA: preallocated 256 KiB pool for atomic coherent allocations
[    0.102578] cpuidle: using governor menu
[    0.104488] omap_l3_noc 44000000.ocp: L3 debug error: target 8 mod:0 (unclearable)
[    0.104562] omap_l3_noc 44000000.ocp: L3 application error: target 8 mod:0 (unclearable)
[    0.110176] OMAP GPIO hardware version 0.1
[    0.114778] platform 53701000.des: Cannot lookup hwmod 'des'
[    0.114999] platform 48310000.rng: Cannot lookup hwmod 'rng'
[    0.119386] No ATAGs?hw-breakpoint: found 5 (+1 reserved) breakpoint and 1 watchpoint registers.
[    0.119417] hw-breakpoint: maximum watchpoint size is 4 bytes.
[    0.120034] omap4_sram_init:Unable to allocate sram needed to handle errata I688
[    0.120043] omap4_sram_init:Unable to get sram pool needed to handle errata I688
[    0.123573] Serial: AMBA PL011 UART driver
[    0.140069] edma 49000000.edma: TI EDMA DMA engine driver
[    0.142960] vgaarb: loaded
[    0.143765] SCSI subsystem initialized
[    0.144314] usbcore: registered new interface driver usbfs
[    0.144391] usbcore: registered new interface driver hub
[    0.144448] usbcore: registered new device driver usb
[    0.145063] omap_i2c 44e0b000.i2c: could not find pctldev for node /ocp/l4_wkup@44c00000/scm@210000/pinmux@800/i2c0_pins, deferring probe
[    0.145111] omap_i2c 4802a000.i2c: could not find pctldev for node /ocp/l4_wkup@44c00000/scm@210000/pinmux@800/i2c1_pins, deferring probe
[    0.145818] pps_core: LinuxPPS API ver. 1 registered
[    0.145828] pps_core: Software ver. 5.3.6 - Copyright 2005-2007 Rodolfo Giometti <giometti@linux.it>
[    0.145849] PTP clock support registered
[    0.146016] EDAC MC: Ver: 3.0.0
[    0.148681] clocksource: Switched to clocksource arm_global_timer
[    0.157230] NET: Registered protocol family 2
[    0.157828] TCP established hash table entries: 8192 (order: 3, 32768 bytes)
[    0.157902] TCP bind hash table entries: 8192 (order: 4, 65536 bytes)
[    0.158008] TCP: Hash tables configured (established 8192 bind 8192)
[    0.158147] UDP hash table entries: 512 (order: 2, 16384 bytes)
[    0.158197] UDP-Lite hash table entries: 512 (order: 2, 16384 bytes)
[    0.158392] NET: Registered protocol family 1
[    0.158885] RPC: Registered named UNIX socket transport module.
[    0.158898] RPC: Registered udp transport module.
[    0.158904] RPC: Registered tcp transport module.
[    0.158909] RPC: Registered tcp NFSv4.1 backchannel transport module.
[    0.161164] futex hash table entries: 256 (order: 2, 16384 bytes)
[    0.161811] workingset: timestamp_bits=30 max_order=18 bucket_order=0
[    0.170264] squashfs: version 4.0 (2009/01/31) Phillip Lougher
[    0.171081] NFS: Registering the id_resolver key type
[    0.171134] Key type id_resolver registered
[    0.171141] Key type id_legacy registered
[    0.171183] ntfs: driver 2.1.32 [Flags: R/O].
[    0.172445] bounce: pool size: 64 pages
[    0.172669] Block layer SCSI generic (bsg) driver version 0.4 loaded (major 248)
[    0.172681] io scheduler noop registered
[    0.172687] io scheduler deadline registered
[    0.172826] io scheduler cfq registered (default)
[    0.177921] libphy: mdio_driver_register: phy-bcm-ns2-pci
[    0.179111] pinctrl-single 44e10800.pinmux: 199 pins at pa f9e10800 size 796
[    0.185608] backlight supply power not found, using dummy regulator
[    0.235817] Serial: 8250/16550 driver, 4 ports, IRQ sharing disabled
[    0.238408] SuperH (H)SCI(F) driver initialized
[    0.239290] msm_serial: driver initialized
[    0.239481] omap_uart 44e09000.serial: no wakeirq for uart0
[    0.239497] omap_uart 44e09000.serial: No clock speed specified: using default: 48000000
[    0.239636] 44e09000.serial: ttyO0 at MMIO 0x44e09000 (irq = 29, base_baud = 3000000) is a OMAP UART0
[    1.022589] console [ttyO0] enabled
[    1.026739] STMicroelectronics ASC driver initialized
[    1.033728] omap_rng 48310000.rng: _od_fail_runtime_resume: FIXME: missing hwmod/omap_dev info
[    1.042868] omap_rng 48310000.rng: Failed to runtime_get device: -19
[    1.049599] omap_rng 48310000.rng: initialization failed.
[    1.056505] [drm] Initialized drm 1.1.0 20060810
[    1.076869] brd: module loaded
[    1.086326] loop: module loaded
[    1.096553] libphy: Fixed MDIO Bus: probed
[    1.101744] CAN device driver interface
[    1.107275] igb: Intel(R) Gigabit Ethernet Network Driver - version 5.3.0-k
[    1.114666] igb: Copyright (c) 2007-2014 Intel Corporation.
[    1.178742] davinci_mdio 4a101000.mdio: davinci mdio revision 1.6
[    1.185229] davinci_mdio 4a101000.mdio: detected phy mask ffffffcf
[    1.193210] libphy: 4a101000.mdio: probed
[    1.197532] davinci_mdio 4a101000.mdio: phy[4]: device 4a101000.mdio:04, driver Micrel KSZ9031 Gigabit PHY
[    1.207764] davinci_mdio 4a101000.mdio: phy[5]: device 4a101000.mdio:05, driver Micrel KSZ9031 Gigabit PHY
[    1.219781] cpsw 4a100000.ethernet: Detected MACID = 34:b1:f7:3d:b9:00
[    1.227514] cpsw 4a100000.ethernet: cpsw: Detected MACID = 34:b1:f7:3d:b9:02
[    1.235970] pegasus: v0.9.3 (2013/04/25), Pegasus/Pegasus II USB Ethernet driver
[    1.243927] usbcore: registered new interface driver pegasus
[    1.249987] usbcore: registered new interface driver asix
[    1.255748] usbcore: registered new interface driver ax88179_178a
[    1.262241] usbcore: registered new interface driver cdc_ether
[    1.268469] usbcore: registered new interface driver smsc75xx
[    1.274618] usbcore: registered new interface driver smsc95xx
[    1.280746] usbcore: registered new interface driver net1080
[    1.286778] usbcore: registered new interface driver cdc_subset
[    1.293081] usbcore: registered new interface driver zaurus
[    1.299059] usbcore: registered new interface driver cdc_ncm
[    1.315581] ehci_hcd: USB 2.0 'Enhanced' Host Controller (EHCI) Driver
[    1.322560] ehci-pci: EHCI PCI platform driver
[    1.327329] ehci-platform: EHCI generic platform driver
[    1.333088] ehci-orion: EHCI orion driver
[    1.337477] SPEAr-ehci: EHCI SPEAr driver
[    1.341857] ehci-st: EHCI STMicroelectronics driver
[    1.347139] ehci-exynos: EHCI EXYNOS driver
[    1.351704] ehci-atmel: EHCI Atmel driver
[    1.356066] tegra-ehci: Tegra EHCI driver
[    1.360449] ohci_hcd: USB 1.1 'Open' Host Controller (OHCI) Driver
[    1.367018] ohci-pci: OHCI PCI platform driver
[    1.371797] ohci-platform: OHCI generic platform driver
[    1.377496] ohci-omap3: OHCI OMAP3 driver
[    1.381874] SPEAr-ohci: OHCI SPEAr driver
[    1.386244] ohci-st: OHCI STMicroelectronics driver
[    1.391527] ohci-atmel: OHCI Atmel driver
[    1.396264] xhci-hcd xhci-hcd.0.auto: xHCI Host Controller
[    1.402123] xhci-hcd xhci-hcd.0.auto: new USB bus registered, assigned bus number 1
[    1.410749] xhci-hcd xhci-hcd.0.auto: hcc params 0x0238f06d hci version 0x100 quirks 0x00010010
[    1.420084] xhci-hcd xhci-hcd.0.auto: irq 184, io mem 0x483d0000
[    1.427292] hub 1-0:1.0: USB hub found
[    1.431375] hub 1-0:1.0: 1 port detected
[    1.435889] xhci-hcd xhci-hcd.0.auto: xHCI Host Controller
[    1.441743] xhci-hcd xhci-hcd.0.auto: new USB bus registered, assigned bus number 2
[    1.449969] usb usb2: We don't know the algorithms for LPM for this host, disabling LPM.
[    1.459245] hub 2-0:1.0: USB hub found
[    1.463245] hub 2-0:1.0: 1 port detected
[    1.468323] usbcore: registered new interface driver usb-storage
[    1.476231] mousedev: PS/2 mouse device common for all mice
[    1.485182] i2c /dev entries driver
[    1.497979] sdhci: Secure Digital Host Controller Interface driver
[    1.504580] sdhci: Copyright(c) Pierre Ossman
[    1.510214] omap_hsmmc 48060000.mmc: Got CD GPIO
[    1.516368] Synopsys Designware Multimedia Card Interface Driver
[    1.523626] sdhci-pltfm: SDHCI platform and OF driver helper
[    1.532185] ledtrig-cpu: registered to indicate activity on CPUs
[    1.539017] usbcore: registered new interface driver usbhid
[    1.544946] usbhid: USB HID core driver
[    1.553972] NET: Registered protocol family 10
[    1.560133] sit: IPv6, IPv4 and MPLS over IPv4 tunneling driver
[    1.567181] NET: Registered protocol family 17
[    1.571957] can: controller area network core (rev 20120528 abi 9)
[    1.578595] NET: Registered protocol family 29
[    1.583315] can: raw protocol (rev 20120528)
[    1.587840] can: broadcast manager protocol (rev 20160617 t)
[    1.593838] can: netlink gateway (rev 20130117) max_hops=1
[    1.600223] Key type dns_resolver registered
[    1.605070] omap_voltage_late_init: Voltage driver support not added
[    1.611966] ThumbEE CPU extension supported.
[    1.616516] Registering SWP/SWPB emulation handler
[    1.647498] vdds_ddr: Bringing 1350000uV into 1500000-1500000uV
[    1.663438] at24 0-0050: 32768 byte 24c256 EEPROM, writable, 64 bytes/write
[    1.670956] omap_i2c 44e0b000.i2c: bus 0 rev0.12 at 100 kHz
[    1.679441] omap_i2c 4802a000.i2c: bus 1 rev0.12 at 400 kHz
[    1.686181] backlight supply power not found, using dummy regulator
[    1.695925] omap_hsmmc 48060000.mmc: Got CD GPIO
[    1.739663] backlight supply power not found, using dummy regulator
[    1.748752] hctosys: unable to open rtc device (rtc0)
[    1.771493] net eth0: initializing cpsw version 1.15 (0)
[    1.793704] usb 1-1: new high-speed USB device number 2 using xhci-hcd
[    1.852933] mmc0: host does not support reading read-only switch, assuming write-enable
[    1.863006] Micrel KSZ9031 Gigabit PHY 4a101000.mdio:04: attached PHY driver [Micrel KSZ9031 Gigabit PHY] (mii_bus:phy_addr=4a101000.mdio:04, irq=-1)
[    1.881353] IPv6: ADDRCONF(NETDEV_UP): eth0: link is not ready
[    1.887754] mmc0: new high speed SDHC card at address aaaa
[    1.894255] mmcblk0: mmc0:aaaa SL08G 7.40 GiB 
[    1.900854]  mmcblk0: p1 p2 p3
[    1.905828] backlight supply power not found, using dummy regulator
[    1.965262] usb-storage 1-1:1.0: USB Mass Storage device detected
[    1.972196] scsi host0: usb-storage 1-1:1.0
[    1.976813] scsi host0: runtime PM trying to activate child device host0 but parent (1-1:1.0) is not active
[    1.988365] backlight supply power not found, using dummy regulator
[    3.004437] scsi 0:0:0:0: Direct-Access     SanDisk  Cruzer           8.01 PQ: 0 ANSI: 0 CCS
[    3.015603] backlight supply power not found, using dummy regulator
[    3.023927] sd 0:0:0:0: [sda] 15682559 512-byte logical blocks: (8.03 GB/7.48 GiB)
[    3.032486] sd 0:0:0:0: [sda] Write Protect is off
[    3.037856] scsi 0:0:0:1: CD-ROM            SanDisk  Cruzer           8.01 PQ: 0 ANSI: 0
[    3.047286] sd 0:0:0:0: [sda] No Caching mode page found
[    3.052956] sd 0:0:0:0: [sda] Assuming drive cache: write through
[    3.060867] sr 0:0:0:1: [sr0] scsi3-mmc drive: 48x/48x tray
[    3.066810] cdrom: Uniform CD-ROM driver Revision: 3.20
[    3.074008] backlight supply power not found, using dummy regulator
[    3.086644]  sda: sda1
[    3.090907] sd 0:0:0:0: [sda] Attached SCSI removable disk
[    6.004781] cpsw 4a100000.ethernet eth0: Link is Up - 1Gbps/Full - flow control rx/tx
[    6.018711] IPv6: ADDRCONF(NETDEV_CHANGE): eth0: link becomes ready
[    6.038800] Sending DHCP requests ., OK
[    6.099159] IP-Config: Got DHCP answer from 192.168.0.1, my address is 192.168.0.227
[    6.107499] IP-Config: Complete:
[    6.110948]      device=eth0, hwaddr=34:b1:f7:3d:b9:00, ipaddr=192.168.0.227, mask=255.255.255.0, gw=192.168.0.1
[    6.121722]      host=192.168.0.227, domain=ti.com, nis-domain=(none)
[    6.128540]      bootserver=192.168.0.1, rootserver=192.168.0.1, rootpath=     nameserver0=192.0.2.2, nameserver1=192.0.2.3
[    6.157722] EXT4-fs (mmcblk0p2): mounted filesystem with ordered data mode. Opts: (null)
[    6.166412] VFS: Mounted root (ext4 filesystem) on device 179:2.
[    6.180503] devtmpfs: mounted
[    6.187335] Freeing unused kernel memory: 2048K (c1000000 - c1200000)
INIT: version 2.88 booting
Error opening /dev/fb0: No such file or directory
Starting udev
udev: Not using udev cache because of changes detected in the following files:
udev:     /proc/version /proc/cmdline /proc/devices
udev:     lib/udev/rules.d/* etc/udev/rules.d/*
udev: The udev cache will be regenerated. To identify the detected changes,
udev: compare the cached sysconf at   /etc/udev/cache.data
udev: against the current sysconf at  /dev/shm/udev.cache
[    6.767523] udevd[120]: starting version 182
[    8.549427] sr 0:0:0:1: [sr0] tag#0 UNKNOWN(0x2003) Result: hostbyte=0x07 driverbyte=0x08
[    8.558138] sr 0:0:0:1: [sr0] tag#0 Sense Key : 0x4 [current] 
[    8.564324] sr 0:0:0:1: [sr0] tag#0 ASC=0x0 ASCQ=0x0 
[    8.569680] sr 0:0:0:1: [sr0] tag#0 CDB: opcode=0x28 28 00 00 00 bf fc 00 00 02 00
[    8.577696] blk_update_request: I/O error, dev sr0, sector 196592
[    8.658780] sr 0:0:0:1: [sr0] tag#0 UNKNOWN(0x2003) Result: hostbyte=0x07 driverbyte=0x08
[    8.667471] sr 0:0:0:1: [sr0] tag#0 Sense Key : 0x4 [current] 
[    8.673651] sr 0:0:0:1: [sr0] tag#0 ASC=0x0 ASCQ=0x0 
[    8.679014] sr 0:0:0:1: [sr0] tag#0 CDB: opcode=0x28 28 00 00 00 bf fc 00 00 01 00
[    8.687030] blk_update_request: I/O error, dev sr0, sector 196592
[    8.693484] Buffer I/O error on dev sr0, logical block 49148, async page read
[    8.778775] sr 0:0:0:1: [sr0] tag#0 UNKNOWN(0x2003) Result: hostbyte=0x07 driverbyte=0x08
[    8.787463] sr 0:0:0:1: [sr0] tag#0 Sense Key : 0x4 [current] 
[    8.793645] sr 0:0:0:1: [sr0] tag#0 ASC=0x0 ASCQ=0x0 
[    8.799003] sr 0:0:0:1: [sr0] tag#0 CDB: opcode=0x28 28 00 00 00 bf fd 00 00 01 00
[    8.807021] blk_update_request: I/O error, dev sr0, sector 196596
[    8.813476] Buffer I/O error on dev sr0, logical block 49149, async page read
[   10.670803] sr 0:0:0:1: [sr0] GET_EVENT and TUR disagree continuously, suppress GET_EVENT events
[   10.817552] FAT-fs (mmcblk0p1): Volume was not properly unmounted. Some data may be corrupt. Please run fsck.
[   11.010276] FAT-fs (mmcblk0p3): Volume was not properly unmounted. Some data may be corrupt. Please run fsck.
[   11.234144] EXT4-fs (sda1): mounted filesystem without journal. Opts: (null)
[   11.947248] random: nonblocking pool is initialized
[   12.024075] sr 0:0:0:1: [sr0] tag#0 UNKNOWN(0x2003) Result: hostbyte=0x07 driverbyte=0x08
[   12.032772] sr 0:0:0:1: [sr0] tag#0 Sense Key : 0x4 [current] 
[   12.038953] sr 0:0:0:1: [sr0] tag#0 ASC=0x0 ASCQ=0x0 
[   12.044310] sr 0:0:0:1: [sr0] tag#0 CDB: opcode=0x28 28 00 00 00 bf fc 00 00 02 00
[   12.052326] blk_update_request: I/O error, dev sr0, sector 196592
[   12.119004] sr 0:0:0:1: [sr0] tag#0 UNKNOWN(0x2003) Result: hostbyte=0x07 driverbyte=0x08
[   12.127681] sr 0:0:0:1: [sr0] tag#0 Sense Key : 0x4 [current] 
[   12.133860] sr 0:0:0:1: [sr0] tag#0 ASC=0x0 ASCQ=0x0 
[   12.139212] sr 0:0:0:1: [sr0] tag#0 CDB: opcode=0x28 28 00 00 00 bf fc 00 00 01 00
[   12.147226] blk_update_request: I/O error, dev sr0, sector 196592
[   12.153679] Buffer I/O error on dev sr0, logical block 49148, async page read
[   12.219010] sr 0:0:0:1: [sr0] tag#0 UNKNOWN(0x2003) Result: hostbyte=0x07 driverbyte=0x08
[   12.227681] sr 0:0:0:1: [sr0] tag#0 Sense Key : 0x4 [current] 
[   12.233859] sr 0:0:0:1: [sr0] tag#0 ASC=0x0 ASCQ=0x0 
[   12.239212] sr 0:0:0:1: [sr0] tag#0 CDB: opcode=0x28 28 00 00 00 bf fd 00 00 01 00
[   12.247226] blk_update_request: I/O error, dev sr0, sector 196596
[   12.253677] Buffer I/O error on dev sr0, logical block 49149, async page read
[   12.429032] sr 0:0:0:1: [sr0] tag#0 UNKNOWN(0x2003) Result: hostbyte=0x07 driverbyte=0x08
[   12.437725] sr 0:0:0:1: [sr0] tag#0 Sense Key : 0x4 [current] 
[   12.443907] sr 0:0:0:1: [sr0] tag#0 ASC=0x0 ASCQ=0x0 
[   12.449262] sr 0:0:0:1: [sr0] tag#0 CDB: opcode=0x28 28 00 00 00 bf fc 00 00 02 00
[   12.457278] blk_update_request: I/O error, dev sr0, sector 196592
[   12.524016] sr 0:0:0:1: [sr0] tag#0 UNKNOWN(0x2003) Result: hostbyte=0x07 driverbyte=0x08
[   12.532690] sr 0:0:0:1: [sr0] tag#0 Sense Key : 0x4 [current] 
[   12.538871] sr 0:0:0:1: [sr0] tag#0 ASC=0x0 ASCQ=0x0 
[   12.544224] sr 0:0:0:1: [sr0] tag#0 CDB: opcode=0x28 28 00 00 00 bf fc 00 00 01 00
[   12.552239] blk_update_request: I/O error, dev sr0, sector 196592
[   12.558694] Buffer I/O error on dev sr0, logical block 49148, async page read
[   12.624010] sr 0:0:0:1: [sr0] tag#0 UNKNOWN(0x2003) Result: hostbyte=0x07 driverbyte=0x08
[   12.632682] sr 0:0:0:1: [sr0] tag#0 Sense Key : 0x4 [current] 
[   12.638862] sr 0:0:0:1: [sr0] tag#0 ASC=0x0 ASCQ=0x0 
[   12.644214] sr 0:0:0:1: [sr0] tag#0 CDB: opcode=0x28 28 00 00 00 bf fd 00 00 01 00
[   12.652226] blk_update_request: I/O error, dev sr0, sector 196596
[   12.658677] Buffer I/O error on dev sr0, logical block 49149, async page read
[   12.834033] sr 0:0:0:1: [sr0] tag#0 UNKNOWN(0x2003) Result: hostbyte=0x07 driverbyte=0x08
[   12.842727] sr 0:0:0:1: [sr0] tag#0 Sense Key : 0x4 [current] 
[   12.848910] sr 0:0:0:1: [sr0] tag#0 ASC=0x0 ASCQ=0x0 
[   12.854268] sr 0:0:0:1: [sr0] tag#0 CDB: opcode=0x28 28 00 00 00 bf fc 00 00 02 00
[   12.862283] blk_update_request: I/O error, dev sr0, sector 196592
[   12.929013] Buffer I/O error on dev sr0, logical block 49148, async page read
[   12.994016] Buffer I/O error on dev sr0, logical block 49149, async page read
[   13.229006] Buffer I/O error on dev sr0, logical block 49148, async page read
[   13.294061] Buffer I/O error on dev sr0, logical block 49149, async page read
[   13.589008] scsi_io_completion: 7 callbacks suppressed
[   13.594496] sr 0:0:0:1: [sr0] tag#0 UNKNOWN(0x2003) Result: hostbyte=0x07 driverbyte=0x08
[   13.603164] sr 0:0:0:1: [sr0] tag#0 Sense Key : 0x4 [current] 
[   13.609344] sr 0:0:0:1: [sr0] tag#0 ASC=0x0 ASCQ=0x0 
[   13.614699] sr 0:0:0:1: [sr0] tag#0 CDB: opcode=0x28 28 00 00 00 bf fd 00 00 01 00
[   13.622710] blk_update_request: 7 callbacks suppressed
[   13.628149] blk_update_request: I/O error, dev sr0, sector 196596
[   13.804032] sr 0:0:0:1: [sr0] tag#0 UNKNOWN(0x2003) Result: hostbyte=0x07 driverbyte=0x08
[   13.812728] sr 0:0:0:1: [sr0] tag#0 Sense Key : 0x4 [current] 
[   13.818910] sr 0:0:0:1: [sr0] tag#0 ASC=0x0 ASCQ=0x0 
[   13.824265] sr 0:0:0:1: [sr0] tag#0 CDB: opcode=0x28 28 00 00 00 bf fc 00 00 02 00
[   13.832282] blk_update_request: I/O error, dev sr0, sector 196592
[   13.899013] sr 0:0:0:1: [sr0] tag#0 UNKNOWN(0x2003) Result: hostbyte=0x07 driverbyte=0x08
[   13.907689] sr 0:0:0:1: [sr0] tag#0 Sense Key : 0x4 [current] 
[   13.913869] sr 0:0:0:1: [sr0] tag#0 ASC=0x0 ASCQ=0x0 
[   13.919221] sr 0:0:0:1: [sr0] tag#0 CDB: opcode=0x28 28 00 00 00 bf fc 00 00 01 00
[   13.927234] blk_update_request: I/O error, dev sr0, sector 196592
[   13.933685] buffer_io_error: 2 callbacks suppressed
[   13.938850] Buffer I/O error on dev sr0, logical block 49148, async page read
[   14.004022] sr 0:0:0:1: [sr0] tag#0 UNKNOWN(0x2003) Result: hostbyte=0x07 driverbyte=0x08
[   14.012707] sr 0:0:0:1: [sr0] tag#0 Sense Key : 0x4 [current] 
[   14.018888] sr 0:0:0:1: [sr0] tag#0 ASC=0x0 ASCQ=0x0 
[   14.024241] sr 0:0:0:1: [sr0] tag#0 CDB: opcode=0x28 28 00 00 00 bf fd 00 00 01 00
[   14.032255] blk_update_request: I/O error, dev sr0, sector 196596
[   14.038710] Buffer I/O error on dev sr0, logical block 49149, async page read
[   14.214031] sr 0:0:0:1: [sr0] tag#0 UNKNOWN(0x2003) Result: hostbyte=0x07 driverbyte=0x08
[   14.222724] sr 0:0:0:1: [sr0] tag#0 Sense Key : 0x4 [current] 
[   14.228906] sr 0:0:0:1: [sr0] tag#0 ASC=0x0 ASCQ=0x0 
[   14.234261] sr 0:0:0:1: [sr0] tag#0 CDB: opcode=0x28 28 00 00 00 bf fc 00 00 02 00
[   14.242277] blk_update_request: I/O error, dev sr0, sector 196592
[   14.309013] sr 0:0:0:1: [sr0] tag#0 UNKNOWN(0x2003) Result: hostbyte=0x07 driverbyte=0x08
[   14.317688] sr 0:0:0:1: [sr0] tag#0 Sense Key : 0x4 [current] 
[   14.323867] sr 0:0:0:1: [sr0] tag#0 ASC=0x0 ASCQ=0x0 
[   14.329221] sr 0:0:0:1: [sr0] tag#0 CDB: opcode=0x28 28 00 00 00 bf fc 00 00 01 00
[   14.337235] blk_update_request: I/O error, dev sr0, sector 196592
[   14.343689] Buffer I/O error on dev sr0, logical block 49148, async page read
[   14.409000] sr 0:0:0:1: [sr0] tag#0 UNKNOWN(0x2003) Result: hostbyte=0x07 driverbyte=0x08
[   14.417676] sr 0:0:0:1: [sr0] tag#0 Sense Key : 0x4 [current] 
[   14.423855] sr 0:0:0:1: [sr0] tag#0 ASC=0x0 ASCQ=0x0 
[   14.429206] sr 0:0:0:1: [sr0] tag#0 CDB: opcode=0x28 28 00 00 00 bf fd 00 00 01 00
[   14.437221] blk_update_request: I/O error, dev sr0, sector 196596
[   14.443673] Buffer I/O error on dev sr0, logical block 49149, async page read
depmod: ERROR: could not open directory /lib/modules/4.7.0-rc7-next-20160714-00002-gb0f0c607998d: No such file or directory
depmod: WARNING: -e needs -E or -F
depmod: ERROR: could not open directory /lib/modules/4.7.0-rc7-next-20160714-00002-gb0f0c607998d: No such file or directory
depmod: FATAL: could not search modules: No such file or directory
[   14.629212] EXT4-fs (mmcblk0p2): re-mounted. Opts: data=ordered
Starting random number generator daemonread error
read error
Populating dev cache
ALSA: Restoring mixer settings...
/usr/sbin/alsactl: load_state:1729: No soundcards found...
hwclock: can't open '/dev/misc/rtc': No such file or directory
Sun Jun 12 05:30:34 UTC 2016
hwclock: can't open '/dev/misc/rtc': No such file or directory
INIT: Entering runlevel: 5
Configuring network interfaces... udhcpc (v1.23.1) started
Sending discover...
Sending select for 192.168.0.82...
Lease of 192.168.0.82 obtained, lease time 7200
/etc/udhcpc.d/50default: Adding DNS 192.0.2.2
/etc/udhcpc.d/50default: Adding DNS 192.0.2.3
done.
Starting system message bus: dbus.
UIM SYSFS Node Not Found
Initializing the graphics driver ...
PVR:(Error): OpenServices: Cannot open device driver /dev/omapdrm_pvr. [140, /pvr_bridge_u.c]
PVR:(Error): PVRSRVInitSrvConnect: PVRSRVConnect failed [2572, /bridged_pvr_glue.c]
PVR:(Error): SrvInit: PVRSRVInitSrvConnect failed (4) [37, /srvinit.c]
PVR:(Error): main: SrvInit failed (4) [49, /pvrsrvinit.c]
Starting Dropbear SSH server: dropbear.
Starting telnet daemon.
Starting rpcbind daemon...done.
starting statd: done
hwclock: can't open '/dev/misc/rtc': No such file or directory
Starting syslogd/klogd: done
Starting thttpd.
Starting Lighttpd Web Server: lighttpd.
2016-06-12 05:30:37: (/home/jenkins/tisdk-build-fido/build-CORTEX_1/arago-tmp-external-linaro-toolchain/work/cortexa9hf-vfp-neon-linux-gnueabi/lighttpd/1.4.35-r1/lighttpd-1.4.35/src/log.c.164) server started 
Starting Matrix GUI application.
Enabling thermal zones...
/etc/rc5.d/S98thermal-zone-init: line 7: /sys/class/thermal/thermal_zone*/mode: No such file or directory
***************************************************************
***************************************************************
NOTICE: This file system contains the following GPLv3 packages:
	autoconf
	binutils
	cpp-symlinks
	cpp
	g++-symlinks
	g++
	gcc-symlinks
	gcc
	gdbserver
	gstreamer1.0-libav
	libgmp10
	libmpc3
	libmpfr4
	make
If you do not wish to distribute GPLv3 components please remove
the above packages prior to distribution.  This can be done using
the opkg remove command.  i.e.:
    opkg remove <package>
Where <package> is the name printed in the list above
NOTE: If the package is a dependency of another package you
      will be notified of the dependent packages.  You should
      use the --force-removal-of-dependent-packages option to
      also remove the dependent packages as well
***************************************************************
***************************************************************
 _____                    _____           _         _   
|  _  |___ ___ ___ ___   |  _  |___ ___  |_|___ ___| |_ 
|     |  _| .'| . | . |  |   __|  _| . | | | -_|  _|  _|
|__|__|_| |__,|_  |___|  |__|  |_| |___|_| |___|___|_|  
              |___|                    |___|            
Arago Project http://arago-project.org am437x-evm /dev/ttyO0
Arago 2015.09 am437x-evm /dev/ttyO0
am437x-evm login: 
- 19:39:11 [INFO] Host: root
- 19:39:11 [INFO] Target: 
root
root@am437x-evm:~# 
- 19:39:11 [INFO] Sleeping 15 secs to allow systemd to finish starting processes...
- 19:39:26 [INFO] Disconnected serial from am437x-sk
- 19:39:26 [INFO] Connected to am437x-sk via serial 
- 19:39:26 [INFO] Host: uname -a
- 19:39:26 [INFO] Target: 
uname -a
Linux am437x-evm 4.7.0-rc7-next-20160714-00002-gb0f0c607998d #1 SMP Thu Jul 14 18:33:06 CDT 2016 armv7l GNU/Linux
root@am437x-evm:~# 
- 19:39:26 [INFO] Host: cat /proc/cmdline
- 19:39:26 [INFO] Target: 
cat /proc/cmdline
console=ttyO0,115200n8 earlyprintk=serial,ttyO0,115200n8 rootwait  ip=:::::eth0:dhcp  root=PARTUUID=00000000-02 rw rootfstype=ext4 rootwait 
root@am437x-evm:~# 
- 19:39:26 [INFO] Host: uname -a
- 19:39:26 [INFO] Target: 
uname -a
Linux am437x-evm 4.7.0-rc7-next-20160714-00002-gb0f0c607998d #1 SMP Thu Jul 14 18:33:06 CDT 2016 armv7l GNU/Linux
root@am437x-evm:~# 
- 19:39:26 [INFO] Host: cat /proc/mtd
- 19:39:26 [INFO] Target: 
cat /proc/mtd
dev:    size   erasesize  name
root@am437x-evm:~# 
- 19:39:26 [INFO] Host: export IPERFHOST=192.168.0.1
- 19:39:27 [INFO] Target: 
export IPERFHOST=192.168.0.1
root@am437x-evm:~# 
- 19:39:27 [INFO] Host: export NFS_SERVER=192.168.0.1
- 19:39:27 [INFO] Target: 
export NFS_SERVER=192.168.0.1
root@am437x-evm:~# 
- 19:39:27 [INFO] Host: export NFS_ROOT_PATH=/home/tigtfarm04/NFS_exports/linux/am437x-sk
- 19:39:27 [INFO] Target: 
export NFS_ROOT_PATH=/home/tigtfarm04/NFS_exports/linux/am437 
x-sk
root@am437x-evm:~# 
- 19:39:27 [INFO] Host: export AP_SSID=
- 19:39:27 [INFO] Target: 
export AP_SSID=
root@am437x-evm:~# 
- 19:39:27 [INFO] Host: mkdir -p -m 777 /test
- 19:39:27 [INFO] Target: 
mkdir -p -m 777 /test
root@am437x-evm:~# 
- 19:39:27 [INFO] Host: cd /test
- 19:39:27 [INFO] Target: 
cd /test
root@am437x-evm:/test# 
- 19:39:27 [INFO] Host: cat > test.sh << EOF
- 19:39:27 [INFO] Target: 
cat > test.sh << EOF
- 19:39:27 [INFO] Host: failtest() {
- 19:39:27 [INFO] Target: 
failtest() {
- 19:39:27 [INFO] Host:   echo 1 >&3
- 19:39:27 [INFO] Target: 
  echo 1 >&3
- 19:39:27 [INFO] Host: }
- 19:39:27 [INFO] Target: 
- 19:39:27 [INFO] Host: timeout=600
- 19:39:28 [INFO] Target: 
timeout=600
- 19:39:28 [INFO] Host: 
- 19:39:28 [INFO] Target: 
- 19:39:28 [INFO] Host: # Start of user's script logic
- 19:39:28 [INFO] Target: 
# Start of user's script logic
- 19:39:28 [INFO] Host: mount -t proc proc /proc 2>/dev/null;
- 19:39:28 [INFO] Target: 
mount -t proc proc /proc 2>/dev/null;
- 19:39:28 [INFO] Host: 
- 19:39:28 [INFO] Target: 
- 19:39:28 [INFO] Host: mount -t sysfs sys /sys 2>/dev/null;
- 19:39:28 [INFO] Target: 
mount -t sysfs sys /sys 2>/dev/null;
- 19:39:28 [INFO] Host: 
- 19:39:28 [INFO] Target: 
- 19:39:28 [INFO] Host: mount -t debugfs none /sys/kernel/debug 2>/dev/null;
- 19:39:28 [INFO] Target: 
mount -t debugfs none /sys/kernel/debug 2>/dev/null;
- 19:39:28 [INFO] Host: 
- 19:39:28 [INFO] Target: 
- 19:39:28 [INFO] Host: echo 'cpuinfo:';cat /proc/cpuinfo; echo '=======';
- 19:39:28 [INFO] Target: 
echo 'cpuinfo:';cat /proc/cpuinfo; echo '=======';
- 19:39:28 [INFO] Host: 
- 19:39:29 [INFO] Target: 
- 19:39:29 [INFO] Host: echo 'soc info:';head /sys/devices/soc0/* 2>/dev/null; echo '=======';
- 19:39:29 [INFO] Target: 
echo 'soc info:';head /sys/devices/soc0/* 2>/dev/null; echo '=======';
- 19:39:29 [INFO] Host: 
- 19:39:29 [INFO] Target: 
- 19:39:29 [INFO] Host: echo 'DT Model info'; head /proc/device-tree/name /proc/device-tree/model /proc/device-tree/compatible 2>/dev/null;echo; echo '=======';
- 19:39:29 [INFO] Target: 
echo 'DT Model info'; head /proc/device-tree/name /proc/device-tree/model /pro 
c/device-tree/compatible 2>/dev/null;echo; echo '=======';
- 19:39:29 [INFO] Host: 
- 19:39:29 [INFO] Target: 
- 19:39:29 [INFO] Host: echo 'interrupts:';cat /proc/interrupts; echo '=======';
- 19:39:29 [INFO] Target: 
echo 'interrupts:';cat /proc/interrupts; echo '=======';
- 19:39:29 [INFO] Host: 
- 19:39:29 [INFO] Target: 
- 19:39:29 [INFO] Host: echo 'Clk_summary:';cat /sys/kernel/debug/clk/clk_summary; echo '=======';
- 19:39:29 [INFO] Target: 
echo 'Clk_summary:';cat /sys/kernel/debug/clk/clk_summary; echo '=======';
- 19:39:29 [INFO] Host: 
- 19:39:29 [INFO] Target: 
- 19:39:29 [INFO] Host: echo "Available frequencies"; cat /sys/devices/system/cpu/cpu0/cpufreq/scaling_available_frequencies 2>/dev/null;echo '=======';
- 19:39:29 [INFO] Target: 
echo "Available frequencies"; cat /sys/devices/system/cpu/cpu0/cpufreq/scaling 
_available_frequencies 2>/dev/null;echo '=======';
- 19:39:29 [INFO] Host: 
- 19:39:30 [INFO] Target: 
- 19:39:30 [INFO] Host: TMPF=/tmp/a.\$\$; TMPF2=/tmp/b.\$\$; STR=""
- 19:39:30 [INFO] Target: 
TMPF=/tmp/a.\$\$; TMPF2=/tmp/b.\$\$; STR=""
- 19:39:30 [INFO] Host: 
- 19:39:30 [INFO] Target: 
- 19:39:30 [INFO] Host: cp /dev/kmsg \$TMPF &
- 19:39:30 [INFO] Target: 
cp /dev/kmsg \$TMPF &
- 19:39:30 [INFO] Host: 
- 19:39:30 [INFO] Target: 
- 19:39:30 [INFO] Host: PID=\$! ; sleep 5; kill -9 \$PID
- 19:39:30 [INFO] Target: 
PID=\$! ; sleep 5; kill -9 \$PID
- 19:39:30 [INFO] Host: 
- 19:39:30 [INFO] Target: 
- 19:39:30 [INFO] Host: 
- 19:39:30 [INFO] Target: 
- 19:39:30 [INFO] Host: 
- 19:39:30 [INFO] Target: 
- 19:39:30 [INFO] Host: cat \$TMPF|grep "^0">\$TMPF2; N=\`cat \$TMPF2|wc -l\`; if [ "\$N" -ne 0 ]; then STR="\$STR emerg=\$N";echo "===== EMERGE++";cat \$TMPF2|cut -d ';' -f2;echo "====="; fi
- 19:39:30 [INFO] Target: 
cat \$TMPF|grep "^0">\$TMPF2; N=\`cat \$TMPF2|wc -l\`; if [ "\$N" -ne 0 ]; the 
n STR="\$STR emerg=\$N";echo "===== EMERGE++";cat \$TMPF2|cut -d ';' -f2;echo "= 
===="; fi
- 19:39:30 [INFO] Host: 
- 19:39:31 [INFO] Target: 
- 19:39:31 [INFO] Host: cat \$TMPF|grep "^1">\$TMPF2; N=\`cat \$TMPF2|wc -l\`; if [ "\$N" -ne 0 ]; then STR="\$STR alert=\$N";echo "===== ALERT ==";cat \$TMPF2|cut -d ';' -f2;echo "====="; fi
- 19:39:31 [INFO] Target: 
cat \$TMPF|grep "^1">\$TMPF2; N=\`cat \$TMPF2|wc -l\`; if [ "\$N" -ne 0 ]; the 
n STR="\$STR alert=\$N";echo "===== ALERT ==";cat \$TMPF2|cut -d ';' -f2;echo "= 
===="; fi
- 19:39:31 [INFO] Host: 
- 19:39:31 [INFO] Target: 
- 19:39:31 [INFO] Host: cat \$TMPF|grep "^2">\$TMPF2; N=\`cat \$TMPF2|wc -l\`; if [ "\$N" -ne 0 ]; then STR="\$STR crit=\$N";echo "===== CRIT ==";cat \$TMPF2|cut -d ';' -f2;echo "====="; fi
- 19:39:31 [INFO] Target: 
cat \$TMPF|grep "^2">\$TMPF2; N=\`cat \$TMPF2|wc -l\`; if [ "\$N" -ne 0 ]; the 
n STR="\$STR crit=\$N";echo "===== CRIT ==";cat \$TMPF2|cut -d ';' -f2;echo "=== 
=="; fi
- 19:39:31 [INFO] Host: 
- 19:39:31 [INFO] Target: 
- 19:39:31 [INFO] Host: cat \$TMPF|grep "^3">\$TMPF2; N=\`cat \$TMPF2|wc -l\`; if [ "\$N" -ne 0 ]; then STR="\$STR err=\$N";echo "===== ERR ==";cat \$TMPF2|cut -d ';' -f2;echo "=====" ;fi
- 19:39:31 [INFO] Target: 
cat \$TMPF|grep "^3">\$TMPF2; N=\`cat \$TMPF2|wc -l\`; if [ "\$N" -ne 0 ]; the 
n STR="\$STR err=\$N";echo "===== ERR ==";cat \$TMPF2|cut -d ';' -f2;echo "===== 
" ;fi
- 19:39:31 [INFO] Host: 
- 19:39:31 [INFO] Target: 
- 19:39:31 [INFO] Host: cat \$TMPF|grep "^4">\$TMPF2; N=\`cat \$TMPF2|wc -l\`; if [ "\$N" -ne 0 ]; then STR="\$STR warn=\$N";echo "===== WARN ==";cat \$TMPF2|cut -d ';' -f2;echo "=====" ;fi
- 19:39:31 [INFO] Target: 
cat \$TMPF|grep "^4">\$TMPF2; N=\`cat \$TMPF2|wc -l\`; if [ "\$N" -ne 0 ]; the 
n STR="\$STR warn=\$N";echo "===== WARN ==";cat \$TMPF2|cut -d ';' -f2;echo "=== 
==" ;fi
- 19:39:31 [INFO] Host: 
- 19:39:31 [INFO] Target: 
- 19:39:31 [INFO] Host: rm \$TMPF \$TMPF2; echo "SUM""MARY RESULT: BOOT:" 'PASS: H''ello World' 'B''oard' "Booted" "Boot Log has::::\$STR:"
- 19:39:31 [INFO] Target: 
rm \$TMPF \$TMPF2; echo "SUM""MARY RESULT: BOOT:" 'PASS: H''ello World' 'B''oa 
rd' "Booted" "Boot Log has::::\$STR:"
- 19:39:31 [INFO] Host: 
- 19:39:32 [INFO] Target: 
- 19:39:32 [INFO] Host: EOF
- 19:39:32 [INFO] Target: 
root@am437x-evm:/test# 
- 19:39:32 [INFO] Host: cd /test
- 19:39:32 [INFO] Target: 
cd /test
root@am437x-evm:/test# 
- 19:39:32 [INFO] Host: chmod +x test.sh
- 19:39:32 [INFO] Target: 
chmod +x test.sh
root@am437x-evm:/test# 
- 19:39:32 [INFO] Host: ./test.sh 2> stderr.log > stdout.log 3> result.log
- 19:39:37 [INFO] Target: 
./test.sh 2> stderr.log > stdout.log 3> result.log
root@am437x-evm:/test# 
- 19:39:37 [INFO] Host: echo $?
- 19:39:37 [INFO] Target: 
echo $?
root@am437x-evm:/test# 
- 19:39:37 [INFO] Host: cd /test
- 19:39:37 [INFO] Target: 
cd /test
root@am437x-evm:/test# 
- 19:39:37 [INFO] Host: cat stdout.log
- 19:39:39 [INFO] Target: 
cat stdout.log
cpuinfo:
processor	: 0
model name	: ARMv7 Processor rev 10 (v7l)
BogoMIPS	: 1000.00
Features	: half thumb fastmult vfp edsp thumbee neon vfpv3 tls vfpd32 
CPU implementer	: 0x41
CPU architecture: 7
CPU variant	: 0x2
CPU part	: 0xc09
CPU revision	: 10
Hardware	: Generic AM43 (Flattened Device Tree)
Revision	: 0000
Serial		: 0000000000000000
=======
soc info:
==> /sys/devices/soc0/family <==
AM43xx
==> /sys/devices/soc0/machine <==
AM437x
==> /sys/devices/soc0/power <==
==> /sys/devices/soc0/revision <==
ES1.2
==> /sys/devices/soc0/subsystem <==
==> /sys/devices/soc0/type <==
==> /sys/devices/soc0/uevent <==
=======
DT Model info
==> /proc/device-tree/name <==
==> /proc/device-tree/model <==
TI AM437x SK EVM
==> /proc/device-tree/compatible <==
ti,am437x-sk-evmti,am4372ti,am43
=======
interrupts:
           CPU0       
 16:          0     WUGEN  67 Level     gp_timer
 17:          0     GIC-0  27 Edge      gt
 18:       3752     GIC-0  29 Edge      twd
 19:          1     WUGEN   9 Level     l3-dbg-irq
 20:          1     WUGEN  10 Level     l3-app-irq
 23:       2246     WUGEN  12 Level     49000000.edma_ccint
 25:          0     WUGEN  14 Level     49000000.edma_ccerrint
 29:       6890     WUGEN  72 Level     OMAP UART0
 35:          0     WUGEN  96 Level     44e07000.gpio
 42:          0  44e07000.gpio   6 Edge      48060000.mmc cd
 68:          0     WUGEN  98 Level     4804c000.gpio
101:          0     WUGEN 148 Level     48322000.gpio
134:         79     WUGEN  70 Level     44e0b000.i2c
135:          0     WUGEN  71 Level     4802a000.i2c
136:       6809     WUGEN  64 Level     mmc0
138:         32     WUGEN  41 Level     4a100000.ethernet
139:         18     WUGEN  42 Level     4a100000.ethernet
146:          1     WUGEN 172 Level     dwc3-omap
147:          1     WUGEN 178 Level     dwc3-omap
160:          0      PRCM Edge      pinctrl
184:       2663     WUGEN 174 Level     xhci-hcd:usb1
185:          1     WUGEN   7 Level     tps65218
IPI0:          0  CPU wakeup interrupts
IPI1:          0  Timer broadcast interrupts
IPI2:          0  Rescheduling interrupts
IPI3:          0  Function call interrupts
IPI4:          0  CPU stop interrupts
IPI5:          0  IRQ work interrupts
IPI6:          0  completion interrupts
Err:          0
=======
Clk_summary:
   clock                         enable_cnt  prepare_cnt        rate   accuracy   phase
----------------------------------------------------------------------------------------
 clk_32k_rtc                              0            0       32768          0 0  
 clk_32k_mosc_ck                          0            0       32768          0 0  
 clk_32k_tpm_ck                           0            0       32768          0 0  
 tclkin_ck                                0            0    26000000          0 0  
 virt_26000000_ck                         0            0    26000000          0 0  
 virt_25000000_ck                         0            0    25000000          0 0  
 virt_24000000_ck                         1            1    24000000          0 0  
    sysboot_freq_sel_ck                   1            1    24000000          0 0  
       sys_clkin_ck                      19           38    24000000          0 0  
          clkout1_osc_div_ck              0            0    24000000          0 0  
             clkout1_mux_ck               0            0    24000000          0 0  
                clkout1_ck                0            0    24000000          0 0  
          vtp_clk_div                     0            0    12000000          0 0  
          dll_aging_clk_div               0            0     3000000          0 0  
          timer11_fck                     0            1    24000000          0 0  
          timer10_fck                     0            1    24000000          0 0  
          timer9_fck                      0            1    24000000          0 0  
          timer8_fck                      0            1    24000000          0 0  
          dpll_extdev_ck                  0            0   500000000          0 0  
             dpll_extdev_m2_ck            0            0    50000000          0 0  
          timer7_fck                      0            1    24000000          0 0  
          timer6_fck                      0            1    24000000          0 0  
          timer5_fck                      0            1    24000000          0 0  
          timer4_fck                      0            1    24000000          0 0  
          timer3_fck                      0            1    24000000          0 0  
          timer2_fck                      0            1    24000000          0 0  
          dpll_per_ck                     2            2   960000000          0 0  
             dpll_per_clkdcoldo           2            2   960000000          0 0  
                usb_otg_ss1_refclk960m           1            1   960000000          0 0  
                usb_otg_ss0_refclk960m           1            1   960000000          0 0  
             dpll_per_m2_ck               2            4   192000000          0 0  
                func_12m_clk              0            0    12000000          0 0  
                mmc_clk                   0            3    96000000          0 0  
                clk_24mhz                 1            1    24000000          0 0  
                   clkdiv32k_ck           1            1       32786          0 0  
                      clkdiv32k_ick           2            7       32786          0 0  
                         timer1_fck           1            1       32786          0 0  
                         gpio5_dbclk           0            2       32786          0 0  
                         gpio4_dbclk           0            1       32786          0 0  
                         gpio3_dbclk           0            1       32786          0 0  
                         gpio2_dbclk           0            1       32786          0 0  
                         gpio1_dbclk           0            2       32786          0 0  
                dpll_per_m2_div4_ck           0           12    48000000          0 0  
                dpll_per_m2_div4_wkupdm_ck           1            2    48000000          0 0  
          dpll_disp_ck                    0            1    24000000          0 0  
             dpll_disp_m2_ck              0            1    24000000          0 0  
                disp_clk                  0            3    24000000          0 0  
          dpll_ddr_ck                     1            1   400000000          0 0  
             dpll_ddr_x2_ck               0            0   800000000          0 0  
                dpll_ddr_m4_ck            0            0   400000000          0 0  
             dpll_ddr_m2_ck               1            1   400000000          0 0  
          dpll_mpu_ck                     1            1  1000000000          0 0  
             dpll_mpu_m2_ck               4            4  1000000000          0 0  
                mpu_periphclk             2            2   500000000          0 0  
          dpll_core_ck                    1            1  1000000000          0 0  
             dpll_core_x2_ck              2            2  2000000000          0 0  
                dpll_core_m6_ck           0            0   500000000          0 0  
                dpll_core_m5_ck           1            1   250000000          0 0  
                   cpsw_cpts_rft_clk           0            0   250000000          0 0  
                   cpsw_50m_clkdiv           0            0   250000000          0 0  
                      cpsw_5m_clkdiv           0            0    25000000          0 0  
                   dpll_clksel_mac_clk           0            0    50000000          0 0  
                   cpsw_125mhz_gclk           3            3   125000000          0 0  
                dpll_core_m4_ck           7            7   200000000          0 0  
                   l4hs_gclk              1            1   200000000          0 0  
                   l3_gclk               15           16   200000000          0 0  
                   sysclk_div             1            3   200000000          0 0  
                      div_core_25m_ck           0            0    25000000          0 0  
                      gfx_fclk_clksel_ck           0            1   200000000          0 0  
                         gfx_fck_div_ck           0            1   200000000          0 0  
                      dpll_core_m4_div2_ck           3            3   100000000          0 0  
                         l4ls_gclk          54           67   100000000          0 0  
                            ehrpwm5_tbclk           0            0   100000000          0 0  
                            ehrpwm4_tbclk           0            0   100000000          0 0  
                            ehrpwm3_tbclk           0            0   100000000          0 0  
                            ehrpwm2_tbclk           0            0   100000000          0 0  
                            ehrpwm1_tbclk           0            0   100000000          0 0  
                            ehrpwm0_tbclk           0            0   100000000          0 0  
                         l3s_gclk          13           15   100000000          0 0  
                      pruss_ocp_gclk           0            1   200000000          0 0  
          rng_fck                         0            0    24000000          0 0  
          aes0_fck                        1            2    24000000          0 0  
          sha0_fck                        1            1    24000000          0 0  
          smartreflex1_fck                0            1    24000000          0 0  
          smartreflex0_fck                0            1    24000000          0 0  
          mcasp1_fck                      0            1    24000000          0 0  
          mcasp0_fck                      0            1    24000000          0 0  
          dcan1_fck                       0            1    24000000          0 0  
          dcan0_fck                       0            1    24000000          0 0  
          adc_tsc_fck                     0            1    24000000          0 0  
 virt_19200000_ck                         0            0    19200000          0 0  
    crystal_freq_sel_ck                   0            0    19200000          0 0  
 clk_rc32k_ck                             0            2       32768          0 0  
    clkout1_src2_mux_ck                   0            0       32768          0 0  
       clkout1_src2_pre_div_ck            0            0       32768          0 0  
          clkout1_src2_post_div_ck           0            0       32768          0 0  
    gpio0_dbclk_mux_ck                    0            1       32768          0 0  
       gpio0_dbclk                        0            2       32768          0 0  
    wdt1_fck                              0            1       32768          0 0  
 clk_32768_ck                             2            3       32768          0 0  
    mux_synctimer32k_ck                   1            1       32768          0 0  
       synctimer_32kclk                   1            1       32768          0 0  
    usbphy_32khz_clkmux                   2            2       32768          0 0  
       usb_phy1_always_on_clk32k           1            1       32768          0 0  
       usb_phy0_always_on_clk32k           1            1       32768          0 0  
=======
Available frequencies
=======
===== ERR ==
omap_l3_noc 44000000.ocp: L3 debug error: target 8 mod:0 (unclearable)
omap_l3_noc 44000000.ocp: L3 application error: target 8 mod:0 (unclearable)
platform 53701000.des: Cannot lookup hwmod 'des'
platform 48310000.rng: Cannot lookup hwmod 'rng'
omap_rng 48310000.rng: Failed to runtime_get device: -19
omap_rng 48310000.rng: initialization failed.
omap_voltage_late_init: Voltage driver support not added
scsi host0: runtime PM trying to activate child device host0 but parent (1-1:1.0) is not active
sd 0:0:0:0: [sda] No Caching mode page found
sd 0:0:0:0: [sda] Assuming drive cache: write through
udevd[120]: starting version 182
blk_update_request: I/O error, dev sr0, sector 196592
blk_update_request: I/O error, dev sr0, sector 196592
Buffer I/O error on dev sr0, logical block 49148, async page read
blk_update_request: I/O error, dev sr0, sector 196596
Buffer I/O error on dev sr0, logical block 49149, async page read
blk_update_request: I/O error, dev sr0, sector 196592
blk_update_request: I/O error, dev sr0, sector 196592
Buffer I/O error on dev sr0, logical block 49148, async page read
blk_update_request: I/O error, dev sr0, sector 196596
Buffer I/O error on dev sr0, logical block 49149, async page read
blk_update_request: I/O error, dev sr0, sector 196592
blk_update_request: I/O error, dev sr0, sector 196592
Buffer I/O error on dev sr0, logical block 49148, async page read
blk_update_request: I/O error, dev sr0, sector 196596
Buffer I/O error on dev sr0, logical block 49149, async page read
blk_update_request: I/O error, dev sr0, sector 196592
Buffer I/O error on dev sr0, logical block 49148, async page read
Buffer I/O error on dev sr0, logical block 49149, async page read
Buffer I/O error on dev sr0, logical block 49148, async page read
Buffer I/O error on dev sr0, logical block 49149, async page read
blk_update_request: I/O error, dev sr0, sector 196596
blk_update_request: I/O error, dev sr0, sector 196592
blk_update_request: I/O error, dev sr0, sector 196592
Buffer I/O error on dev sr0, logical block 49148, async page read
blk_update_request: I/O error, dev sr0, sector 196596
Buffer I/O error on dev sr0, logical block 49149, async page read
blk_update_request: I/O error, dev sr0, sector 196592
blk_update_request: I/O error, dev sr0, sector 196592
Buffer I/O error on dev sr0, logical block 49148, async page read
blk_update_request: I/O error, dev sr0, sector 196596
Buffer I/O error on dev sr0, logical block 49149, async page read
=====
===== WARN ==
L2C: platform modifies aux control register: 0x0e030000 -> 0x3e430000
L2C: DT/platform modifies aux control register: 0x0e030000 -> 0x3e430000
omap4_sram_init:Unable to allocate sram needed to handle errata I688
omap4_sram_init:Unable to get sram pool needed to handle errata I688
backlight supply power not found, using dummy regulator
omap_uart 44e09000.serial: No clock speed specified: using default: 48000000
omap_rng 48310000.rng: _od_fail_runtime_resume: FIXME: missing hwmod/omap_dev info
backlight supply power not found, using dummy regulator
backlight supply power not found, using dummy regulator
mmc0: host does not support reading read-only switch, assuming write-enable
backlight supply power not found, using dummy regulator
backlight supply power not found, using dummy regulator
backlight supply power not found, using dummy regulator
backlight supply power not found, using dummy regulator
sr 0:0:0:1: [sr0] GET_EVENT and TUR disagree continuously, suppress GET_EVENT events
FAT-fs (mmcblk0p1): Volume was not properly unmounted. Some data may be corrupt. Please run fsck.
FAT-fs (mmcblk0p3): Volume was not properly unmounted. Some data may be corrupt. Please run fsck.
scsi_io_completion: 7 callbacks suppressed
blk_update_request: 7 callbacks suppressed
buffer_io_error: 2 callbacks suppressed
=====
SUMMARY RESULT: BOOT: PASS: Hello World Board Booted Boot Log has:::: err=42 warn=20:
root@am437x-evm:/test# 
- 19:39:39 [INFO] Host: cat stderr.log
- 19:39:39 [INFO] Target: 
cat stderr.log
./test.sh: line 33:   982 Killed                  cp /dev/kmsg $TMPF
root@am437x-evm:/test# 
- 19:39:39 [INFO] Host: cat result.log
- 19:39:41 [ERROR] On command: cat result.log waiting for cat result.log.+?(?m-ix:^1[\0\n\r]+) >>> error: execution expired
- 19:39:41 [INFO] Target: 
cat result.log
root@am437x-evm:/test# 
- 19:39:41 [INFO] Host: cd /test
- 19:39:41 [INFO] Target: 
cd /test
root@am437x-evm:/test# 
URL:gtsystest.telogy.design.ti.com/vatf/tigtfarm04/tigtfarm04_vatf@am437x-sk/tigtfarm0407_14_2016_19_38_27/files/session_iteration_1/test_1
