- 01:14:21 [INFO] Starting target session
- 01:14:23 [INFO] Connected to am43xx-gpevm via serial 
- 01:14:23 [INFO] Host: #check prompt
- 01:14:26 [ERROR] On command: #check prompt waiting for #check prompt.+?(?-mix:((?-mix:.*\s+login)|[Pp]assword)) >>> error: execution expired
- 01:14:26 [INFO] Target: 
- 01:14:26 [INFO] Host: #check prompt
- 01:14:28 [ERROR] On command: #check prompt waiting for #check prompt.+?(?m-ix:root@am437x-evm.*#) >>> error: execution expired
- 01:14:28 [INFO] Target: 
- 01:14:28 [INFO] Host: #check prompt
- 01:14:30 [ERROR] On command: #check prompt waiting for #check prompt.+?(?m-ix:root@am437x-evm.*#) >>> error: execution expired
- 01:14:30 [INFO] Target: 
- 01:14:30 [INFO] Host: #check prompt
- 01:14:32 [ERROR] On command: #check prompt waiting for #check prompt.+?(?m-ix:root@am437x-evm.*#) >>> error: execution expired
- 01:14:32 [INFO] Target: 
- 01:14:32 [INFO] Disconnected serial from am43xx-gpevm
- 01:14:33 [INFO] Connected to am43xx-gpevm via serial 
- 01:14:33 [INFO] Host: 
- 01:14:40 [INFO] Target: 
U-Boot SPL 2015.07 (Nov 16 2015 - 13:45:07)
SPL: Please implement spl_start_uboot() for your board
SPL: Direct Linux boot not active!
reading u-boot.img
reading u-boot.img
U-Boot 2015.07 (Nov 16 2015 - 13:45:07 -0500)
I2C:   ready
DRAM:  2 GiB
PMIC:  TPS65218
NAND:  512 MiB
MMC:   OMAP SD/MMC: 0, OMAP SD/MMC: 1
reading uboot.env
Net:   <ethaddr> not set. Validating first E-fuse MAC
cpsw, usb_ether
Hit any key to stop autoboot:  1  0 
U-Boot# 
U-Boot# 
U-Boot# 
U-Boot# 
U-Boot# 
U-Boot# 
U-Boot# 
U-Boot# 
U-Boot# 
- 01:14:40 [INFO] Host: 
- 01:14:40 [INFO] Target: 
U-Boot# 
- 01:14:40 [INFO] Host: version
- 01:14:40 [INFO] Target: 
version
U-Boot 2015.07 (Nov 16 2015 - 13:45:07 -0500)
arm-linux-gnueabihf-gcc (Linaro GCC 4.9-2015.05) 4.9.3 20150413 (prerelease)
GNU ld (GNU Binutils) Linaro 2014.11-3-git 2.24.0.20141017
U-Boot# 
- 01:14:40 [INFO] Host: setenv bootargs 'console=ttyO0,115200n8 earlyprintk rootwait '
- 01:14:40 [INFO] Target: 
setenv bootargs 'console=ttyO0,115200n8 earlyprintk rootwait '
U-Boot# 
- 01:14:40 [INFO] Host: setenv bootcmd  ''
- 01:14:40 [INFO] Target: 
setenv bootcmd  ''
U-Boot# 
- 01:14:40 [INFO] Host: setenv autoload 'no'
- 01:14:40 [INFO] Target: 
setenv autoload 'no'
U-Boot# 
- 01:14:40 [INFO] Host: setenv serverip '192.168.1.254'
- 01:14:40 [INFO] Target: 
setenv serverip '192.168.1.254'
U-Boot# 
- 01:14:40 [INFO] Host: printenv
- 01:14:41 [INFO] Target: 
printenv
arch=arm
args_mmc=run finduuid;setenv bootargs console=${console} ${optargs} root=PARTUUID=${uuid} rw rootfstype=${mmcrootfstype}
autoload=no
baudrate=115200
board=am43xx
board_name=AM43__GP
board_rev=1.5A
board_serial=06154P380026
bootargs=console=ttyO0,115200n8 earlyprintk rootwait 
bootcmd=
bootdelay=1
bootdir=/boot
bootenvfile=uEnv.txt
bootfile=zImage
bootm_size=0x10000000
bootpart=0:2
bootscript=echo Running bootscript from mmc${mmcdev} ...; source ${loadaddr}
console=ttyO0,115200n8
cpu=armv7
dfu_alt_info_emmc=MLO raw 0x100 0x100 mmcpart 0;u-boot.img raw 0x300 0x1000 mmcpart 0
dfu_alt_info_mmc=boot part 0 1;rootfs part 0 2;MLO fat 0 1;spl-os-args fat 0 1;spl-os-image fat 0 1;u-boot.img fat 0 1;uEnv.txt fat 0 1
dfu_alt_info_qspi=u-boot.bin raw 0x0 0x080000;u-boot.backup raw 0x080000 0x080000;u-boot-spl-os raw 0x100000 0x010000;u-boot-env raw 0x110000 0x010000;u-boot-env.backup raw 0x120000 0x010000;kernel raw 0x130000 0x800000
dfu_alt_info_ram=kernel ram 0x80200000 0x4000000;fdt ram 0x80f80000 0x80000;ramdisk ram 0x81000000 0x4000000
dfu_bufsiz=0x10000
envboot=mmc dev ${mmcdev}; if mmc rescan; then echo SD/MMC found on device ${mmcdev};if run loadbootscript; then run bootscript;else if run loadbootenv; then echo Loaded env from ${bootenvfile};run importbootenv;fi;if test -n $uenvcmd; then echo Running uenvcmd ...;run uenvcmd;fi;fi;fi;
eth1addr=34:b1:f7:3d:bb:48
ethact=cpsw
ethaddr=34:b1:f7:3d:bb:46
fdt_addr_r=0x88000000
fdtaddr=0x88000000
fdtfile=undefined
findfdt=if test $board_name = AM43EPOS; then setenv fdtfile am43x-epos-evm.dtb; fi; if test $board_name = AM43__GP; then setenv fdtfile am437x-gp-evm.dtb; fi; if test $board_name = AM43__SK; then setenv fdtfile am437x-sk-evm.dtb; fi; if test $board_name = AM43_IDK; then setenv fdtfile am437x-idk-evm.dtb; fi; if test $fdtfile = undefined; then echo WARNING: Could not determine device tree; fi; 
finduuid=part uuid mmc 0:2 uuid
importbootenv=echo Importing environment from mmc${mmcdev} ...; env import -t ${loadaddr} ${filesize}
kernel_addr_r=0x82000000
loadaddr=0x82000000
loadbootenv=fatload mmc ${mmcdev} ${loadaddr} ${bootenvfile}
loadbootscript=load mmc ${mmcdev} ${loadaddr} boot.scr
loadfdt=load ${devtype} ${bootpart} ${fdtaddr} ${bootdir}/${fdtfile}
loadimage=load ${devtype} ${bootpart} ${loadaddr} ${bootdir}/${bootfile}
loadramdisk=load ${devtype} ${devnum} ${rdaddr} ramdisk.gz
mmcboot=mmc dev ${mmcdev}; setenv devnum ${mmcdev}; setenv devtype mmc; if mmc rescan; then echo SD/MMC found on device ${devnum};if run loadimage; then run loadfdt; echo Booting from mmc${mmcdev} ...; run args_mmc; bootz ${loadaddr} - ${fdtaddr}; fi;fi;
mmcdev=0
mmcrootfstype=ext4 rootwait
mtdids=nand0=nand.0
mtdparts=mtdparts=nand.0:256k(NAND.SPL),256k(NAND.SPL.backup1),256k(NAND.SPL.backup2),256k(NAND.SPL.backup3),512k(NAND.u-boot-spl-os),1m(NAND.u-boot),256k(NAND.u-boot-env),256k(NAND.u-boot-env.backup1),7m(NAND.kernel),-(NAND.file-system)
nandargs=setenv bootargs console=${console} ${optargs} root=${nandroot} rootfstype=${nandrootfstype}
nandboot=echo Booting from nand ...; run nandargs; nand read ${fdtaddr} NAND.u-boot-spl-os; nand read ${loadaddr} NAND.kernel; bootz ${loadaddr} - ${fdtaddr}
nandroot=ubi0:rootfs rw ubi.mtd=NAND.file-system,4096
nandrootfstype=ubifs rootwait=1
netargs=setenv bootargs console=${console} ${optargs} root=/dev/nfs nfsroot=${serverip}:${rootpath},${nfsopts} rw ip=dhcp
netboot=echo Booting from network ...; setenv autoload no; dhcp; run netloadimage; run netloadfdt; run netargs; bootz ${loadaddr} - ${fdtaddr}
netloadfdt=tftp ${fdtaddr} ${fdtfile}
netloadimage=tftp ${loadaddr} ${bootfile}
nfsopts=nolock
partitions=uuid_disk=${uuid_gpt_disk};name=rootfs,start=2MiB,size=-,uuid=${uuid_gpt_rootfs}
ramargs=setenv bootargs console=${console} ${optargs} root=${ramroot} rootfstype=${ramrootfstype}
ramdisk_addr_r=0x88080000
ramroot=/dev/ram0 rw
ramrootfstype=ext2
rdaddr=0x88080000
rootpath=/export/rootfs
serverip=192.168.1.254
soc=am33xx
static_ip=${ipaddr}:${serverip}:${gatewayip}:${netmask}:${hostname}::off
stderr=serial
stdin=serial
stdout=serial
usbargs=setenv bootargs console=${console} ${optargs} root=${usbroot} rootfstype=${usbrootfstype}
usbboot=setenv devnum ${usbdev}; setenv devtype usb; usb start ${usbdev}; if usb dev ${usbdev}; then if run loadbootenv; then echo Loaded environment from ${bootenv};run importbootenv;fi;if test -n $uenvcmd; then echo Running uenvcmd ...;run uenvcmd;fi;if run loadimage; then run loadfdt; echo Booting from usb ${usbdev}...; run usbargs;bootz ${loadaddr} - ${fdtaddr}; fi;fi
usbdev=0
usbnet_devaddr=34:b1:f7:3d:bb:48
usbroot=/dev/sda2 rw
usbrootfstype=ext4 rootwait
vendor=ti
ver=U-Boot 2015.07 (Nov 16 2015 - 13:45:07 -0500)
Environment size: 4856/65532 bytes
U-Boot# 
- 01:14:41 [INFO] Host: setenv _initramfs -
- 01:14:41 [INFO] Target: 
setenv _initramfs -
U-Boot# 
- 01:14:41 [INFO] Host: printenv
- 01:14:42 [INFO] Target: 
printenv
_initramfs=-
arch=arm
args_mmc=run finduuid;setenv bootargs console=${console} ${optargs} root=PARTUUID=${uuid} rw rootfstype=${mmcrootfstype}
autoload=no
baudrate=115200
board=am43xx
board_name=AM43__GP
board_rev=1.5A
board_serial=06154P380026
bootargs=console=ttyO0,115200n8 earlyprintk rootwait 
bootcmd=
bootdelay=1
bootdir=/boot
bootenvfile=uEnv.txt
bootfile=zImage
bootm_size=0x10000000
bootpart=0:2
bootscript=echo Running bootscript from mmc${mmcdev} ...; source ${loadaddr}
console=ttyO0,115200n8
cpu=armv7
dfu_alt_info_emmc=MLO raw 0x100 0x100 mmcpart 0;u-boot.img raw 0x300 0x1000 mmcpart 0
dfu_alt_info_mmc=boot part 0 1;rootfs part 0 2;MLO fat 0 1;spl-os-args fat 0 1;spl-os-image fat 0 1;u-boot.img fat 0 1;uEnv.txt fat 0 1
dfu_alt_info_qspi=u-boot.bin raw 0x0 0x080000;u-boot.backup raw 0x080000 0x080000;u-boot-spl-os raw 0x100000 0x010000;u-boot-env raw 0x110000 0x010000;u-boot-env.backup raw 0x120000 0x010000;kernel raw 0x130000 0x800000
dfu_alt_info_ram=kernel ram 0x80200000 0x4000000;fdt ram 0x80f80000 0x80000;ramdisk ram 0x81000000 0x4000000
dfu_bufsiz=0x10000
envboot=mmc dev ${mmcdev}; if mmc rescan; then echo SD/MMC found on device ${mmcdev};if run loadbootscript; then run bootscript;else if run loadbootenv; then echo Loaded env from ${bootenvfile};run importbootenv;fi;if test -n $uenvcmd; then echo Running uenvcmd ...;run uenvcmd;fi;fi;fi;
eth1addr=34:b1:f7:3d:bb:48
ethact=cpsw
ethaddr=34:b1:f7:3d:bb:46
fdt_addr_r=0x88000000
fdtaddr=0x88000000
fdtfile=undefined
findfdt=if test $board_name = AM43EPOS; then setenv fdtfile am43x-epos-evm.dtb; fi; if test $board_name = AM43__GP; then setenv fdtfile am437x-gp-evm.dtb; fi; if test $board_name = AM43__SK; then setenv fdtfile am437x-sk-evm.dtb; fi; if test $board_name = AM43_IDK; then setenv fdtfile am437x-idk-evm.dtb; fi; if test $fdtfile = undefined; then echo WARNING: Could not determine device tree; fi; 
finduuid=part uuid mmc 0:2 uuid
importbootenv=echo Importing environment from mmc${mmcdev} ...; env import -t ${loadaddr} ${filesize}
kernel_addr_r=0x82000000
loadaddr=0x82000000
loadbootenv=fatload mmc ${mmcdev} ${loadaddr} ${bootenvfile}
loadbootscript=load mmc ${mmcdev} ${loadaddr} boot.scr
loadfdt=load ${devtype} ${bootpart} ${fdtaddr} ${bootdir}/${fdtfile}
loadimage=load ${devtype} ${bootpart} ${loadaddr} ${bootdir}/${bootfile}
loadramdisk=load ${devtype} ${devnum} ${rdaddr} ramdisk.gz
mmcboot=mmc dev ${mmcdev}; setenv devnum ${mmcdev}; setenv devtype mmc; if mmc rescan; then echo SD/MMC found on device ${devnum};if run loadimage; then run loadfdt; echo Booting from mmc${mmcdev} ...; run args_mmc; bootz ${loadaddr} - ${fdtaddr}; fi;fi;
mmcdev=0
mmcrootfstype=ext4 rootwait
mtdids=nand0=nand.0
mtdparts=mtdparts=nand.0:256k(NAND.SPL),256k(NAND.SPL.backup1),256k(NAND.SPL.backup2),256k(NAND.SPL.backup3),512k(NAND.u-boot-spl-os),1m(NAND.u-boot),256k(NAND.u-boot-env),256k(NAND.u-boot-env.backup1),7m(NAND.kernel),-(NAND.file-system)
nandargs=setenv bootargs console=${console} ${optargs} root=${nandroot} rootfstype=${nandrootfstype}
nandboot=echo Booting from nand ...; run nandargs; nand read ${fdtaddr} NAND.u-boot-spl-os; nand read ${loadaddr} NAND.kernel; bootz ${loadaddr} - ${fdtaddr}
nandroot=ubi0:rootfs rw ubi.mtd=NAND.file-system,4096
nandrootfstype=ubifs rootwait=1
netargs=setenv bootargs console=${console} ${optargs} root=/dev/nfs nfsroot=${serverip}:${rootpath},${nfsopts} rw ip=dhcp
netboot=echo Booting from network ...; setenv autoload no; dhcp; run netloadimage; run netloadfdt; run netargs; bootz ${loadaddr} - ${fdtaddr}
netloadfdt=tftp ${fdtaddr} ${fdtfile}
netloadimage=tftp ${loadaddr} ${bootfile}
nfsopts=nolock
partitions=uuid_disk=${uuid_gpt_disk};name=rootfs,start=2MiB,size=-,uuid=${uuid_gpt_rootfs}
ramargs=setenv bootargs console=${console} ${optargs} root=${ramroot} rootfstype=${ramrootfstype}
ramdisk_addr_r=0x88080000
ramroot=/dev/ram0 rw
ramrootfstype=ext2
rdaddr=0x88080000
rootpath=/export/rootfs
serverip=192.168.1.254
soc=am33xx
static_ip=${ipaddr}:${serverip}:${gatewayip}:${netmask}:${hostname}::off
stderr=serial
stdin=serial
stdout=serial
usbargs=setenv bootargs console=${console} ${optargs} root=${usbroot} rootfstype=${usbrootfstype}
usbboot=setenv devnum ${usbdev}; setenv devtype usb; usb start ${usbdev}; if usb dev ${usbdev}; then if run loadbootenv; then echo Loaded environment from ${bootenv};run importbootenv;fi;if test -n $uenvcmd; then echo Running uenvcmd ...;run uenvcmd;fi;if run loadimage; then run loadfdt; echo Booting from usb ${usbdev}...; run usbargs;bootz ${loadaddr} - ${fdtaddr}; fi;fi
usbdev=0
usbnet_devaddr=34:b1:f7:3d:bb:48
usbroot=/dev/sda2 rw
usbrootfstype=ext4 rootwait
vendor=ti
ver=U-Boot 2015.07 (Nov 16 2015 - 13:45:07 -0500)
Environment size: 4871/65532 bytes
U-Boot# 
- 01:14:42 [INFO] Host: setenv bootargs ''${bootargs}' ip=:::::eth0:dhcp '
- 01:14:42 [INFO] Target: 
setenv bootargs ''${bootargs}' ip=:::::eth0:dhcp '
U-Boot# 
- 01:14:42 [INFO] Host: setenv serverip '192.168.1.254'
- 01:14:42 [INFO] Target: 
setenv serverip '192.168.1.254'
U-Boot# 
- 01:14:42 [INFO] Host: setenv autoload 'no'
- 01:14:42 [INFO] Target: 
setenv autoload 'no'
U-Boot# 
- 01:14:42 [INFO] Host: dhcp
- 01:14:43 [INFO] Target: 
dhcp
cpsw Waiting for PHY auto negotiation to complete. done
link up on port 0, speed 1000, full duplex
BOOTP broadcast 1
BOOTP broadcast 2
BOOTP broadcast 3
DHCP client bound to address 192.168.1.179 (1039 ms)
U-Boot# 
- 01:14:43 [INFO] Host: tftp ${loadaddr} 192.168.1.254:vatf_am43xx-gpevm/e61c465c366d9115877e39ee2722ed90
- 01:14:44 [INFO] Target: 
tftp ${loadaddr} 192.168.1.254:vatf_am43xx-gpevm/e61c465c366d9115877e39ee2722ed90
link up on port 0, speed 1000, full duplex
Using cpsw device
TFTP from server 192.168.1.254; our IP address is 192.168.1.179
Filename 'vatf_am43xx-gpevm/e61c465c366d9115877e39ee2722ed90'.
Load address: 0x82000000
Loading: *#################################################################
	 #################################################################
	 #################################################################
	 #################################################################
	 #################################################################
	 #################################################################
	 #################################################################
	 #####
	 10.6 MiB/s
done
Bytes transferred = 6748432 (66f910 hex)
U-Boot# 
- 01:14:44 [INFO] Host: tftp ${fdtaddr} 192.168.1.254:vatf_am43xx-gpevm/67109a63b364d5ed138b7c1ffefbdcb8
- 01:14:44 [INFO] Target: 
tftp ${fdtaddr} 192.168.1.254:vatf_am43xx-gpevm/67109a63b364d5ed138b7c1ffefbdcb8
link up on port 0, speed 1000, full duplex
Using cpsw device
TFTP from server 192.168.1.254; our IP address is 192.168.1.179
Filename 'vatf_am43xx-gpevm/67109a63b364d5ed138b7c1ffefbdcb8'.
Load address: 0x88000000
Loading: *####
	 7.4 MiB/s
done
Bytes transferred = 46395 (b53b hex)
U-Boot# 
- 01:14:44 [INFO] Host: ls mmc 0:1
- 01:14:44 [INFO] Target: 
ls mmc 0:1
    61672   mlo 
   342664   u-boot.img 
       50   pointercal 
       14   .ipaddr 
        4   ws-calibrate.rules 
            .trash-1000/
       33   primary_bootloader.md5 
        0   uenv.txt~ 
    65536   uboot.env 
       33   fs.md5 
9 file(s), 1 dir(s)
U-Boot# 
- 01:14:44 [INFO] Host: ls mmc 0:2
- 01:14:44 [INFO] Target: 
ls mmc 0:2
<DIR>       4096 .
<DIR>       4096 ..
<DIR>       4096 include
<DIR>       4096 srv
<DIR>       4096 home
<DIR>       4096 media
<DIR>       4096 opt
<DIR>       4096 var
<DIR>       4096 sys
<DIR>       4096 boot
<DIR>       4096 dev
<DIR>       4096 usr
<DIR>       4096 bin
<DIR>       4096 mnt
<DIR>       4096 etc
<DIR>       4096 sbin
<DIR>       4096 www
<SYM>          8 tmp
<DIR>       4096 proc
<DIR>       4096 run
<DIR>       4096 lib
<DIR>       4096 test
U-Boot# 
- 01:14:44 [INFO] Host: part uuid mmc 0:2
- 01:14:44 [INFO] Target: 
part uuid mmc 0:2
00000000-02
U-Boot# 
- 01:14:44 [INFO] Host: printenv
- 01:14:45 [INFO] Target: 
printenv
_initramfs=-
arch=arm
args_mmc=run finduuid;setenv bootargs console=${console} ${optargs} root=PARTUUID=${uuid} rw rootfstype=${mmcrootfstype}
autoload=no
baudrate=115200
board=am43xx
board_name=AM43__GP
board_rev=1.5A
board_serial=06154P380026
bootargs=console=ttyO0,115200n8 earlyprintk rootwait  ip=:::::eth0:dhcp 
bootcmd=
bootdelay=1
bootdir=/boot
bootenvfile=uEnv.txt
bootfile=zImage
bootm_size=0x10000000
bootpart=0:2
bootscript=echo Running bootscript from mmc${mmcdev} ...; source ${loadaddr}
console=ttyO0,115200n8
cpu=armv7
dfu_alt_info_emmc=MLO raw 0x100 0x100 mmcpart 0;u-boot.img raw 0x300 0x1000 mmcpart 0
dfu_alt_info_mmc=boot part 0 1;rootfs part 0 2;MLO fat 0 1;spl-os-args fat 0 1;spl-os-image fat 0 1;u-boot.img fat 0 1;uEnv.txt fat 0 1
dfu_alt_info_qspi=u-boot.bin raw 0x0 0x080000;u-boot.backup raw 0x080000 0x080000;u-boot-spl-os raw 0x100000 0x010000;u-boot-env raw 0x110000 0x010000;u-boot-env.backup raw 0x120000 0x010000;kernel raw 0x130000 0x800000
dfu_alt_info_ram=kernel ram 0x80200000 0x4000000;fdt ram 0x80f80000 0x80000;ramdisk ram 0x81000000 0x4000000
dfu_bufsiz=0x10000
dnsip=192.0.2.2
dnsip2=192.0.2.3
envboot=mmc dev ${mmcdev}; if mmc rescan; then echo SD/MMC found on device ${mmcdev};if run loadbootscript; then run bootscript;else if run loadbootenv; then echo Loaded env from ${bootenvfile};run importbootenv;fi;if test -n $uenvcmd; then echo Running uenvcmd ...;run uenvcmd;fi;fi;fi;
eth1addr=34:b1:f7:3d:bb:48
ethact=cpsw
ethaddr=34:b1:f7:3d:bb:46
fdt_addr_r=0x88000000
fdtaddr=0x88000000
fdtfile=undefined
fileaddr=88000000
filesize=b53b
findfdt=if test $board_name = AM43EPOS; then setenv fdtfile am43x-epos-evm.dtb; fi; if test $board_name = AM43__GP; then setenv fdtfile am437x-gp-evm.dtb; fi; if test $board_name = AM43__SK; then setenv fdtfile am437x-sk-evm.dtb; fi; if test $board_name = AM43_IDK; then setenv fdtfile am437x-idk-evm.dtb; fi; if test $fdtfile = undefined; then echo WARNING: Could not determine device tree; fi; 
finduuid=part uuid mmc 0:2 uuid
gatewayip=192.168.1.254
importbootenv=echo Importing environment from mmc${mmcdev} ...; env import -t ${loadaddr} ${filesize}
ipaddr=192.168.1.179
kernel_addr_r=0x82000000
loadaddr=0x82000000
loadbootenv=fatload mmc ${mmcdev} ${loadaddr} ${bootenvfile}
loadbootscript=load mmc ${mmcdev} ${loadaddr} boot.scr
loadfdt=load ${devtype} ${bootpart} ${fdtaddr} ${bootdir}/${fdtfile}
loadimage=load ${devtype} ${bootpart} ${loadaddr} ${bootdir}/${bootfile}
loadramdisk=load ${devtype} ${devnum} ${rdaddr} ramdisk.gz
mmcboot=mmc dev ${mmcdev}; setenv devnum ${mmcdev}; setenv devtype mmc; if mmc rescan; then echo SD/MMC found on device ${devnum};if run loadimage; then run loadfdt; echo Booting from mmc${mmcdev} ...; run args_mmc; bootz ${loadaddr} - ${fdtaddr}; fi;fi;
mmcdev=0
mmcrootfstype=ext4 rootwait
mtdids=nand0=nand.0
mtdparts=mtdparts=nand.0:256k(NAND.SPL),256k(NAND.SPL.backup1),256k(NAND.SPL.backup2),256k(NAND.SPL.backup3),512k(NAND.u-boot-spl-os),1m(NAND.u-boot),256k(NAND.u-boot-env),256k(NAND.u-boot-env.backup1),7m(NAND.kernel),-(NAND.file-system)
nandargs=setenv bootargs console=${console} ${optargs} root=${nandroot} rootfstype=${nandrootfstype}
nandboot=echo Booting from nand ...; run nandargs; nand read ${fdtaddr} NAND.u-boot-spl-os; nand read ${loadaddr} NAND.kernel; bootz ${loadaddr} - ${fdtaddr}
nandroot=ubi0:rootfs rw ubi.mtd=NAND.file-system,4096
nandrootfstype=ubifs rootwait=1
netargs=setenv bootargs console=${console} ${optargs} root=/dev/nfs nfsroot=${serverip}:${rootpath},${nfsopts} rw ip=dhcp
netboot=echo Booting from network ...; setenv autoload no; dhcp; run netloadimage; run netloadfdt; run netargs; bootz ${loadaddr} - ${fdtaddr}
netloadfdt=tftp ${fdtaddr} ${fdtfile}
netloadimage=tftp ${loadaddr} ${bootfile}
netmask=255.255.255.0
nfsopts=nolock
partitions=uuid_disk=${uuid_gpt_disk};name=rootfs,start=2MiB,size=-,uuid=${uuid_gpt_rootfs}
ramargs=setenv bootargs console=${console} ${optargs} root=${ramroot} rootfstype=${ramrootfstype}
ramdisk_addr_r=0x88080000
ramroot=/dev/ram0 rw
ramrootfstype=ext2
rdaddr=0x88080000
rootpath=/export/rootfs
serverip=192.168.1.254
soc=am33xx
static_ip=${ipaddr}:${serverip}:${gatewayip}:${netmask}:${hostname}::off
stderr=serial
stdin=serial
stdout=serial
usbargs=setenv bootargs console=${console} ${optargs} root=${usbroot} rootfstype=${usbrootfstype}
usbboot=setenv devnum ${usbdev}; setenv devtype usb; usb start ${usbdev}; if usb dev ${usbdev}; then if run loadbootenv; then echo Loaded environment from ${bootenv};run importbootenv;fi;if test -n $uenvcmd; then echo Running uenvcmd ...;run uenvcmd;fi;if run loadimage; then run loadfdt; echo Booting from usb ${usbdev}...; run usbargs;bootz ${loadaddr} - ${fdtaddr}; fi;fi
usbdev=0
usbnet_devaddr=34:b1:f7:3d:bb:48
usbroot=/dev/sda2 rw
usbrootfstype=ext4 rootwait
vendor=ti
ver=U-Boot 2015.07 (Nov 16 2015 - 13:45:07 -0500)
Environment size: 5036/65532 bytes
U-Boot# 
- 01:14:45 [INFO] Host: setenv bootargs ''${bootargs}' root=PARTUUID=00000000-02 rw rootfstype=ext4 rootwait '
- 01:14:45 [INFO] Target: 
setenv bootargs ''${bootargs}' root=PARTUUID=00000000-02 rw rootfstype=ext4 rootwait '
U-Boot# 
- 01:14:45 [INFO] Host: printenv
- 01:14:45 [INFO] Target: 
printenv
_initramfs=-
arch=arm
args_mmc=run finduuid;setenv bootargs console=${console} ${optargs} root=PARTUUID=${uuid} rw rootfstype=${mmcrootfstype}
autoload=no
baudrate=115200
board=am43xx
board_name=AM43__GP
board_rev=1.5A
board_serial=06154P380026
bootargs=console=ttyO0,115200n8 earlyprintk rootwait  ip=:::::eth0:dhcp  root=PARTUUID=00000000-02 rw rootfstype=ext4 rootwait 
bootcmd=
bootdelay=1
bootdir=/boot
bootenvfile=uEnv.txt
bootfile=zImage
bootm_size=0x10000000
bootpart=0:2
bootscript=echo Running bootscript from mmc${mmcdev} ...; source ${loadaddr}
console=ttyO0,115200n8
cpu=armv7
dfu_alt_info_emmc=MLO raw 0x100 0x100 mmcpart 0;u-boot.img raw 0x300 0x1000 mmcpart 0
dfu_alt_info_mmc=boot part 0 1;rootfs part 0 2;MLO fat 0 1;spl-os-args fat 0 1;spl-os-image fat 0 1;u-boot.img fat 0 1;uEnv.txt fat 0 1
dfu_alt_info_qspi=u-boot.bin raw 0x0 0x080000;u-boot.backup raw 0x080000 0x080000;u-boot-spl-os raw 0x100000 0x010000;u-boot-env raw 0x110000 0x010000;u-boot-env.backup raw 0x120000 0x010000;kernel raw 0x130000 0x800000
dfu_alt_info_ram=kernel ram 0x80200000 0x4000000;fdt ram 0x80f80000 0x80000;ramdisk ram 0x81000000 0x4000000
dfu_bufsiz=0x10000
dnsip=192.0.2.2
dnsip2=192.0.2.3
envboot=mmc dev ${mmcdev}; if mmc rescan; then echo SD/MMC found on device ${mmcdev};if run loadbootscript; then run bootscript;else if run loadbootenv; then echo Loaded env from ${bootenvfile};run importbootenv;fi;if test -n $uenvcmd; then echo Running uenvcmd ...;run uenvcmd;fi;fi;fi;
eth1addr=34:b1:f7:3d:bb:48
ethact=cpsw
ethaddr=34:b1:f7:3d:bb:46
fdt_addr_r=0x88000000
fdtaddr=0x88000000
fdtfile=undefined
fileaddr=88000000
filesize=b53b
findfdt=if test $board_name = AM43EPOS; then setenv fdtfile am43x-epos-evm.dtb; fi; if test $board_name = AM43__GP; then setenv fdtfile am437x-gp-evm.dtb; fi; if test $board_name = AM43__SK; then setenv fdtfile am437x-sk-evm.dtb; fi; if test $board_name = AM43_IDK; then setenv fdtfile am437x-idk-evm.dtb; fi; if test $fdtfile = undefined; then echo WARNING: Could not determine device tree; fi; 
finduuid=part uuid mmc 0:2 uuid
gatewayip=192.168.1.254
importbootenv=echo Importing environment from mmc${mmcdev} ...; env import -t ${loadaddr} ${filesize}
ipaddr=192.168.1.179
kernel_addr_r=0x82000000
loadaddr=0x82000000
loadbootenv=fatload mmc ${mmcdev} ${loadaddr} ${bootenvfile}
loadbootscript=load mmc ${mmcdev} ${loadaddr} boot.scr
loadfdt=load ${devtype} ${bootpart} ${fdtaddr} ${bootdir}/${fdtfile}
loadimage=load ${devtype} ${bootpart} ${loadaddr} ${bootdir}/${bootfile}
loadramdisk=load ${devtype} ${devnum} ${rdaddr} ramdisk.gz
mmcboot=mmc dev ${mmcdev}; setenv devnum ${mmcdev}; setenv devtype mmc; if mmc rescan; then echo SD/MMC found on device ${devnum};if run loadimage; then run loadfdt; echo Booting from mmc${mmcdev} ...; run args_mmc; bootz ${loadaddr} - ${fdtaddr}; fi;fi;
mmcdev=0
mmcrootfstype=ext4 rootwait
mtdids=nand0=nand.0
mtdparts=mtdparts=nand.0:256k(NAND.SPL),256k(NAND.SPL.backup1),256k(NAND.SPL.backup2),256k(NAND.SPL.backup3),512k(NAND.u-boot-spl-os),1m(NAND.u-boot),256k(NAND.u-boot-env),256k(NAND.u-boot-env.backup1),7m(NAND.kernel),-(NAND.file-system)
nandargs=setenv bootargs console=${console} ${optargs} root=${nandroot} rootfstype=${nandrootfstype}
nandboot=echo Booting from nand ...; run nandargs; nand read ${fdtaddr} NAND.u-boot-spl-os; nand read ${loadaddr} NAND.kernel; bootz ${loadaddr} - ${fdtaddr}
nandroot=ubi0:rootfs rw ubi.mtd=NAND.file-system,4096
nandrootfstype=ubifs rootwait=1
netargs=setenv bootargs console=${console} ${optargs} root=/dev/nfs nfsroot=${serverip}:${rootpath},${nfsopts} rw ip=dhcp
netboot=echo Booting from network ...; setenv autoload no; dhcp; run netloadimage; run netloadfdt; run netargs; bootz ${loadaddr} - ${fdtaddr}
netloadfdt=tftp ${fdtaddr} ${fdtfile}
netloadimage=tftp ${loadaddr} ${bootfile}
netmask=255.255.255.0
nfsopts=nolock
partitions=uuid_disk=${uuid_gpt_disk};name=rootfs,start=2MiB,size=-,uuid=${uuid_gpt_rootfs}
ramargs=setenv bootargs console=${console} ${optargs} root=${ramroot} rootfstype=${ramrootfstype}
ramdisk_addr_r=0x88080000
ramroot=/dev/ram0 rw
ramrootfstype=ext2
rdaddr=0x88080000
rootpath=/export/rootfs
serverip=192.168.1.254
soc=am33xx
static_ip=${ipaddr}:${serverip}:${gatewayip}:${netmask}:${hostname}::off
stderr=serial
stdin=serial
stdout=serial
usbargs=setenv bootargs console=${console} ${optargs} root=${usbroot} rootfstype=${usbrootfstype}
usbboot=setenv devnum ${usbdev}; setenv devtype usb; usb start ${usbdev}; if usb dev ${usbdev}; then if run loadbootenv; then echo Loaded environment from ${bootenv};run importbootenv;fi;if test -n $uenvcmd; then echo Running uenvcmd ...;run uenvcmd;fi;if run loadimage; then run loadfdt; echo Booting from usb ${usbdev}...; run usbargs;bootz ${loadaddr} - ${fdtaddr}; fi;fi
usbdev=0
usbnet_devaddr=34:b1:f7:3d:bb:48
usbroot=/dev/sda2 rw
usbrootfstype=ext4 rootwait
vendor=ti
ver=U-Boot 2015.07 (Nov 16 2015 - 13:45:07 -0500)
Environment size: 5091/65532 bytes
U-Boot# 
- 01:14:45 [INFO] Host: setenv bootcmd ''${bootcmd}' if iminfo ${loadaddr}; then bootm ${loadaddr} ${_initramfs} ${fdtaddr}; else bootz ${loadaddr} ${_initramfs} ${fdtaddr}; bootm ${loadaddr} ${_initramfs} ${fdtaddr}; fi'
- 01:14:45 [INFO] Target: 
setenv bootcmd ''${bootcmd}' if iminfo ${loadaddr}; then bootm ${loadaddr} ${_initramfs} ${fdtaddr}; else bootz ${loadaddr} ${_initramfs} ${fdtaddr}; bootm ${loadaddr} ${_initramfs} ${fdtaddr}; fi'
U-Boot# 
- 01:14:45 [INFO] Host: version
- 01:14:46 [INFO] Target: 
version
U-Boot 2015.07 (Nov 16 2015 - 13:45:07 -0500)
arm-linux-gnueabihf-gcc (Linaro GCC 4.9-2015.05) 4.9.3 20150413 (prerelease)
GNU ld (GNU Binutils) Linaro 2014.11-3-git 2.24.0.20141017
U-Boot# 
- 01:14:46 [INFO] Host: bdinfo
- 01:14:46 [INFO] Target: 
bdinfo
arch_number = 0x00000000
boot_params = 0x80000100
DRAM bank   = 0x00000000
-> start    = 0x80000000
-> size     = 0x80000000
eth0name    = cpsw
ethaddr     = 34:b1:f7:3d:bb:46
eth1name    = usb_ether
eth1addr    = 34:b1:f7:3d:bb:48
current eth = cpsw
ip_addr     = 192.168.1.179
baudrate    = 115200 bps
TLB addr    = 0xFFFF0000
relocaddr   = 0xFFF43000
reloc off   = 0x7F743000
irq_sp      = 0xFEF32EE0
sp start    = 0xFEF32ED0
U-Boot# 
- 01:14:46 [INFO] Host: mmc rescan; echo $?
- 01:14:46 [INFO] Target: 
mmc rescan; echo $?
U-Boot# 
- 01:14:46 [INFO] Host: fatwrite mmc 0:1 ${loadaddr} ws-calibrate.rules 4
- 01:14:47 [INFO] Target: 
fatwrite mmc 0:1 ${loadaddr} ws-calibrate.rules 4
writing ws-calibrate.rules
4 bytes written
U-Boot# 
- 01:14:47 [INFO] Host: boot
- 01:15:11 [INFO] Target: 
boot
## Checking Image at 82000000 ...
Unknown image format!
Kernel image @ 0x82000000 [ 0x000000 - 0x66f910 ]
## Flattened Device Tree blob at 88000000
   Booting using the fdt blob at 0x88000000
   Loading Device Tree to 8fff1000, end 8ffff53a ... OK
Starting kernel ...
[    0.000000] Booting Linux on physical CPU 0x0
[    0.000000] Linux version 4.5.0-rc3-next-20160211-00002-ge0e6b2a2e66b (nmenon@horus) (gcc version 4.9.3 20150413 (prerelease) (Linaro GCC 4.9-2015.05) ) #1 SMP Thu Feb 11 01:06:14 CST 2016
[    0.000000] CPU: ARMv7 Processor [412fc09a] revision 10 (ARMv7), cr=10c5387d
[    0.000000] CPU: PIPT / VIPT nonaliasing data cache, VIPT aliasing instruction cache
[    0.000000] Machine model: TI AM437x GP EVM
[    0.000000] cma: Reserved 64 MiB at 0xfb800000
[    0.000000] Memory policy: Data cache writeback
[    0.000000] CPU: All CPU(s) started in SVC mode.
[    0.000000] AM437x ES1.2 (sgx neon )
[    0.000000] PERCPU: Embedded 13 pages/cpu @eefbd000 s23040 r8192 d22016 u53248
[    0.000000] Built 1 zonelists in Zone order, mobility grouping on.  Total pages: 522751
[    0.000000] Kernel command line: console=ttyO0,115200n8 earlyprintk rootwait  ip=:::::eth0:dhcp  root=PARTUUID=00000000-02 rw rootfstype=ext4 rootwait 
[    0.000000] PID hash table entries: 4096 (order: 2, 16384 bytes)
[    0.000000] Dentry cache hash table entries: 131072 (order: 7, 524288 bytes)
[    0.000000] Inode-cache hash table entries: 65536 (order: 6, 262144 bytes)
[    0.000000] Memory: 1996324K/2097148K available (9460K kernel code, 1053K rwdata, 4144K rodata, 2048K init, 341K bss, 35288K reserved, 65536K cma-reserved, 1245180K highmem)
[    0.000000] Virtual kernel memory layout:
[    0.000000]     vector  : 0xffff0000 - 0xffff1000   (   4 kB)
[    0.000000]     fixmap  : 0xffc00000 - 0xfff00000   (3072 kB)
[    0.000000]     vmalloc : 0xf0800000 - 0xff800000   ( 240 MB)
[    0.000000]     lowmem  : 0xc0000000 - 0xf0000000   ( 768 MB)
[    0.000000]     pkmap   : 0xbfe00000 - 0xc0000000   (   2 MB)
[    0.000000]     modules : 0xbf000000 - 0xbfe00000   (  14 MB)
[    0.000000]       .text : 0xc0208000 - 0xc104909c   (14597 kB)
[    0.000000]       .init : 0xc1100000 - 0xc1300000   (2048 kB)
[    0.000000]       .data : 0xc1300000 - 0xc1407740   (1054 kB)
[    0.000000]        .bss : 0xc140a000 - 0xc145f5e0   ( 342 kB)
[    0.000000] SLUB: HWalign=64, Order=0-3, MinObjects=0, CPUs=1, Nodes=1
[    0.000000] Hierarchical RCU implementation.
[    0.000000] 	Build-time adjustment of leaf fanout to 32.
[    0.000000] 	RCU restricting CPUs from NR_CPUS=16 to nr_cpu_ids=1.
[    0.000000] RCU: Adjusting geometry for rcu_fanout_leaf=32, nr_cpu_ids=1
[    0.000000] NR_IRQS:16 nr_irqs:16 16
[    0.000000] L2C: platform modifies aux control register: 0x0e030000 -> 0x3e430000
[    0.000000] L2C: DT/platform modifies aux control register: 0x0e030000 -> 0x3e430000
[    0.000000] L2C-310 erratum 769419 enabled
[    0.000000] L2C-310 enabling early BRESP for Cortex-A9
[    0.000000] OMAP L2C310: ROM does not support power control setting
[    0.000000] L2C-310 dynamic clock gating disabled, standby mode disabled
[    0.000000] L2C-310 cache controller enabled, 16 ways, 256 kB
[    0.000000] L2C-310: CACHE_ID 0x410000c9, AUX_CTRL 0x4e430000
[    0.000000] OMAP clockevent source: timer1 at 32786 Hz
[    0.000010] sched_clock: 64 bits at 500MHz, resolution 2ns, wraps every 4398046511103ns
[    0.000028] clocksource: arm_global_timer: mask: 0xffffffffffffffff max_cycles: 0xe6a171a037, max_idle_ns: 881590485102 ns
[    0.002460] clocksource: 32k_counter: mask: 0xffffffff max_cycles: 0xffffffff, max_idle_ns: 58327039986419 ns
[    0.002469] OMAP clocksource: 32k_counter at 32768 Hz
[    0.004220] Console: colour dummy device 80x30
[    0.004252] Calibrating delay loop... 1992.29 BogoMIPS (lpj=4980736)
[    0.045158] pid_max: default: 32768 minimum: 301
[    0.045295] Mount-cache hash table entries: 2048 (order: 1, 8192 bytes)
[    0.045306] Mountpoint-cache hash table entries: 2048 (order: 1, 8192 bytes)
[    0.045996] CPU: Testing write buffer coherency: ok
[    0.046298] CPU0: thread -1, cpu 0, socket 0, mpidr 80000000
[    0.046401] Setting up static identity map for 0x80300000 - 0x80300098
[    0.050271] Brought up 1 CPUs
[    0.050287] SMP: Total of 1 processors activated (1992.29 BogoMIPS).
[    0.050295] CPU: All CPU(s) started in SVC mode.
[    0.051174] devtmpfs: initialized
[    0.060633] VFP support v0.3: implementor 41 architecture 3 part 30 variant 9 rev 4
[    0.061645] clocksource: jiffies: mask: 0xffffffff max_cycles: 0xffffffff, max_idle_ns: 9556302231375000 ns
[    0.065342] pinctrl core: initialized pinctrl subsystem
[    0.067624] NET: Registered protocol family 16
[    0.069640] DMA: preallocated 256 KiB pool for atomic coherent allocations
[    0.143183] cpuidle: using governor menu
[    0.145302] omap_l3_noc 44000000.ocp: L3 debug error: target 8 mod:0 (unclearable)
[    0.145372] omap_l3_noc 44000000.ocp: L3 application error: target 8 mod:0 (unclearable)
[    0.149421] platform 44e3e000.rtc: Cannot lookup hwmod 'rtc'
[    0.149986] omap_gpio 44e07000.gpio: could not find pctldev for node /ocp/l4_wkup@44c00000/scm@210000/pinmux@800/gpio0_pins, deferring probe
[    0.150792] OMAP GPIO hardware version 0.1
[    0.152530] omap_gpio 48322000.gpio: could not find pctldev for node /ocp/l4_wkup@44c00000/scm@210000/pinmux@800/display_mux_pins, deferring probe
[    0.155137] platform 53701000.des: Cannot lookup hwmod 'des'
[    0.156016] omap-gpmc 50000000.gpmc: could not find pctldev for node /ocp/l4_wkup@44c00000/scm@210000/pinmux@800/nand_flash_x8, deferring probe
[    0.160988] No ATAGs?
[    0.161026] hw-breakpoint: found 5 (+1 reserved) breakpoint and 1 watchpoint registers.
[    0.161035] hw-breakpoint: maximum watchpoint size is 4 bytes.
[    0.161803] omap4_sram_init:Unable to allocate sram needed to handle errata I688
[    0.161812] omap4_sram_init:Unable to get sram pool needed to handle errata I688
[    0.165504] Serial: AMBA PL011 UART driver
[    0.181983] edma 49000000.edma: TI EDMA DMA engine driver
[    0.186235] vgaarb: loaded
[    0.187212] SCSI subsystem initialized
[    0.187760] usbcore: registered new interface driver usbfs
[    0.187816] usbcore: registered new interface driver hub
[    0.187868] usbcore: registered new device driver usb
[    0.188635] omap_i2c 44e0b000.i2c: could not find pctldev for node /ocp/l4_wkup@44c00000/scm@210000/pinmux@800/i2c0_pins, deferring probe
[    0.188680] omap_i2c 4802a000.i2c: could not find pctldev for node /ocp/l4_wkup@44c00000/scm@210000/pinmux@800/i2c1_pins, deferring probe
[    0.189376] pps_core: LinuxPPS API ver. 1 registered
[    0.189384] pps_core: Software ver. 5.3.6 - Copyright 2005-2007 Rodolfo Giometti <giometti@linux.it>
[    0.189417] PTP clock support registered
[    0.189608] EDAC MC: Ver: 3.0.0
[    0.192236] clocksource: Switched to clocksource arm_global_timer
[    0.200847] NET: Registered protocol family 2
[    0.201430] TCP established hash table entries: 8192 (order: 3, 32768 bytes)
[    0.201507] TCP bind hash table entries: 8192 (order: 4, 65536 bytes)
[    0.201613] TCP: Hash tables configured (established 8192 bind 8192)
[    0.201753] UDP hash table entries: 512 (order: 2, 16384 bytes)
[    0.201801] UDP-Lite hash table entries: 512 (order: 2, 16384 bytes)
[    0.202017] NET: Registered protocol family 1
[    0.202463] RPC: Registered named UNIX socket transport module.
[    0.202476] RPC: Registered udp transport module.
[    0.202482] RPC: Registered tcp transport module.
[    0.202488] RPC: Registered tcp NFSv4.1 backchannel transport module.
[    0.204947] futex hash table entries: 256 (order: 2, 16384 bytes)
[    0.205758] workingset: timestamp_bits=28 max_order=19 bucket_order=0
[    0.213847] squashfs: version 4.0 (2009/01/31) Phillip Lougher
[    0.214686] NFS: Registering the id_resolver key type
[    0.214731] Key type id_resolver registered
[    0.214738] Key type id_legacy registered
[    0.214798] ntfs: driver 2.1.32 [Flags: R/O].
[    0.216139] bounce: pool size: 64 pages
[    0.216371] Block layer SCSI generic (bsg) driver version 0.4 loaded (major 249)
[    0.216392] io scheduler noop registered
[    0.216403] io scheduler deadline registered
[    0.216438] io scheduler cfq registered (default)
[    0.222665] pinctrl-single 44e10800.pinmux: 199 pins at pa f9e10800 size 796
[    0.229795] backlight supply power not found, using dummy regulator
[    0.279468] Serial: 8250/16550 driver, 4 ports, IRQ sharing disabled
[    0.282096] SuperH (H)SCI(F) driver initialized
[    0.283059] msm_serial: driver initialized
[    0.283248] omap_uart 44e09000.serial: no wakeirq for uart0
[    0.283265] omap_uart 44e09000.serial: No clock speed specified: using default: 48000000
[    0.283390] 44e09000.serial: ttyO0 at MMIO 0x44e09000 (irq = 29, base_baud = 3000000) is a OMAP UART0
[    1.080867] console [ttyO0] enabled
[    1.085035] omap_uart 481a6000.serial: no wakeirq for uart3
[    1.090918] omap_uart 481a6000.serial: No clock speed specified: using default: 48000000
[    1.099490] 481a6000.serial: ttyO3 at MMIO 0x481a6000 (irq = 30, base_baud = 3000000) is a OMAP UART3
[    1.109593] STMicroelectronics ASC driver initialized
[    1.116569] [drm] Initialized drm 1.1.0 20060810
[    1.135928] brd: module loaded
[    1.145160] loop: module loaded
[    1.155499] libphy: Fixed MDIO Bus: probed
[    1.160570] CAN device driver interface
[    1.166152] igb: Intel(R) Gigabit Ethernet Network Driver - version 5.3.0-k
[    1.173519] igb: Copyright (c) 2007-2014 Intel Corporation.
[    1.232288] davinci_mdio 4a101000.mdio: davinci mdio revision 1.6
[    1.238725] davinci_mdio 4a101000.mdio: detected phy mask fffffffe
[    1.246030] libphy: 4a101000.mdio: probed
[    1.250312] davinci_mdio 4a101000.mdio: phy[0]: device 4a101000.mdio:00, driver Micrel KSZ9031 Gigabit PHY
[    1.261892] cpsw 4a100000.ethernet: Detected MACID = 34:b1:f7:3d:bb:46
[    1.270080] pegasus: v0.9.3 (2013/04/25), Pegasus/Pegasus II USB Ethernet driver
[    1.277989] usbcore: registered new interface driver pegasus
[    1.284026] usbcore: registered new interface driver asix
[    1.289721] usbcore: registered new interface driver ax88179_178a
[    1.296140] usbcore: registered new interface driver cdc_ether
[    1.302331] usbcore: registered new interface driver smsc75xx
[    1.308441] usbcore: registered new interface driver smsc95xx
[    1.314509] usbcore: registered new interface driver net1080
[    1.320533] usbcore: registered new interface driver cdc_subset
[    1.326807] usbcore: registered new interface driver zaurus
[    1.332722] usbcore: registered new interface driver cdc_ncm
[    1.745302] ehci_hcd: USB 2.0 'Enhanced' Host Controller (EHCI) Driver
[    1.752261] ehci-pci: EHCI PCI platform driver
[    1.756986] ehci-platform: EHCI generic platform driver
[    1.762720] ehci-omap: OMAP-EHCI Host Controller driver
[    1.768367] ehci-orion: EHCI orion driver
[    1.772718] SPEAr-ehci: EHCI SPEAr driver
[    1.777042] ehci-st: EHCI STMicroelectronics driver
[    1.782336] ehci-exynos: EHCI EXYNOS driver
[    1.786894] ehci-atmel: EHCI Atmel driver
[    1.791224] tegra-ehci: Tegra EHCI driver
[    1.795590] ohci_hcd: USB 1.1 'Open' Host Controller (OHCI) Driver
[    1.802115] ohci-pci: OHCI PCI platform driver
[    1.806855] ohci-platform: OHCI generic platform driver
[    1.812534] ohci-omap3: OHCI OMAP3 driver
[    1.816868] SPEAr-ohci: OHCI SPEAr driver
[    1.821228] ohci-st: OHCI STMicroelectronics driver
[    1.826498] ohci-atmel: OHCI Atmel driver
[    1.831362] usbcore: registered new interface driver usb-storage
[    1.839272] mousedev: PS/2 mouse device common for all mice
[    1.848633] i2c /dev entries driver
[    1.860821] sdhci: Secure Digital Host Controller Interface driver
[    1.867384] sdhci: Copyright(c) Pierre Ossman
[    1.903254] Synopsys Designware Multimedia Card Interface Driver
[    1.910639] sdhci-pltfm: SDHCI platform and OF driver helper
[    1.918386] ledtrig-cpu: registered to indicate activity on CPUs
[    1.925096] usbcore: registered new interface driver usbhid
[    1.931010] usbhid: USB HID core driver
[    1.939327] NET: Registered protocol family 10
[    1.945181] sit: IPv6 over IPv4 tunneling driver
[    1.950709] NET: Registered protocol family 17
[    1.955420] can: controller area network core (rev 20120528 abi 9)
[    1.961993] NET: Registered protocol family 29
[    1.966659] can: raw protocol (rev 20120528)
[    1.971144] can: broadcast manager protocol (rev 20120528 t)
[    1.977081] can: netlink gateway (rev 20130117) max_hops=1
[    1.983382] Key type dns_resolver registered
[    1.988162] omap_voltage_late_init: Voltage driver support not added
[    1.995626] cpu: dev_pm_opp_of_cpumask_add_table: couldn't find opp table for cpu:0, -19
[    2.004164] cpu cpu0: dev_pm_opp_get_opp_count: device OPP not found (-19)
[    2.011576] ThumbEE CPU extension supported.
[    2.016085] Registering SWP/SWPB emulation handler
[    2.026624] GPIO line 119 (SelEMMCorNAND) hogged as output/low
[    2.033698] GPIO line 136 (SelLCDorHDMI) hogged as output/high
[    2.040473] omap-gpmc 50000000.gpmc: GPMC revision 6.0
[    2.045883] gpmc_mem_init: disabling cs 0 mapped at 0x0-0x1000000
[    2.053572] omap_hsmmc 47810000.mmc: card claims to support voltages below defined range
[    2.073963] mmc0: new high speed SDIO card at address 0001
[    2.097040] omap_i2c 44e0b000.i2c: bus 0 rev0.12 at 100 kHz
[    2.104660] omap_i2c 4802a000.i2c: bus 1 rev0.12 at 100 kHz
[    2.111192] backlight supply power not found, using dummy regulator
[    2.120000] omap_hsmmc 48060000.mmc: Got CD GPIO
[    2.153140] backlight supply power not found, using dummy regulator
[    2.161727] hctosys: unable to open rtc device (rtc0)
[    2.171793] net eth0: initializing cpsw version 1.15 (0)
[    2.243793] Micrel KSZ9031 Gigabit PHY 4a101000.mdio:00: attached PHY driver [Micrel KSZ9031 Gigabit PHY] (mii_bus:phy_addr=4a101000.mdio:00, irq=-1)
[    2.261615] IPv6: ADDRCONF(NETDEV_UP): eth0: link is not ready
[    2.572278] mmc1: host does not support reading read-only switch, assuming write-enable
[    2.580745] mmc1: new SD card at address cf5b
[    2.585922] mmcblk0: mmc1:cf5b SD01G 983 MiB 
[    2.592094]  mmcblk0: p1 p2
[    2.596444] backlight supply power not found, using dummy regulator
[    7.243272] cpsw 4a100000.ethernet eth0: Link is Up - 1Gbps/Full - flow control rx/tx
[    7.252260] IPv6: ADDRCONF(NETDEV_CHANGE): eth0: link becomes ready
[    7.267347] Sending DHCP requests ., OK
[    7.302706] IP-Config: Got DHCP answer from 192.168.1.254, my address is 192.168.1.179
[    7.311129] IP-Config: Complete:
[    7.314527]      device=eth0, hwaddr=34:b1:f7:3d:bb:46, ipaddr=192.168.1.179, mask=255.255.255.0, gw=192.168.1.254
[    7.325341]      host=192.168.1.179, domain=tidfarm-02.internal.ti.com, nis-domain=(none)
[    7.333888]      bootserver=192.168.1.254, rootserver=192.168.1.254, rootpath=     nameserver0=192.0.2.2, nameserver1=192.0.2.3
[    7.346052] vmmcwl_fixed: disabling
[    7.366964] EXT4-fs (mmcblk0p2): warning: mounting fs with errors, running e2fsck is recommended
[    7.449912] EXT4-fs (mmcblk0p2): mounted filesystem with ordered data mode. Opts: (null)
[    7.458519] VFS: Mounted root (ext4 filesystem) on device 179:2.
[    7.466649] devtmpfs: mounted
[    7.473522] Freeing unused kernel memory: 2048K (c1100000 - c1300000)
INIT: version 2.88 booting
Error opening /dev/fb0: No such file or directory
Starting udev
udev: Not using udev cache because of changes detected in the following files:
udev:     /proc/version /proc/cmdline /proc/devices
udev:     lib/udev/rules.d/* etc/udev/rules.d/*
udev: The udev cache will be regenerated. To identify the detected changes,
udev: compare the cached sysconf at   /etc/udev/cache.data
udev: against the current sysconf at  /dev/shm/udev.cache
[    8.258258] udevd[106]: starting version 182
[   11.661498] FAT-fs (mmcblk0p1): Volume was not properly unmounted. Some data may be corrupt. Please run fsck.
depmod: ERROR: could not open directory /lib/modules/4.5.0-rc3-next-20160211-00002-ge0e6b2a2e66b: No such file or directory
depmod: WARNING: -e needs -E or -F
depmod: ERROR: could not open directory /lib/modules/4.5.0-rc3-next-20160211-00002-ge0e6b2a2e66b: No such file or directory
depmod: FATAL: could not search modules: No such file or directory
[   12.422827] EXT4-fs (mmcblk0p2): re-mounted. Opts: data=ordered
Starting random number generator daemonUnable to open file: /dev/tpm0
can't open any entropy source
Maybe RNG device modules are not loaded
[   12.850280] random: dd urandom read with 31 bits of entropy available
Populating dev cache
ALSA: Restoring mixer settings...
/usr/sbin/alsactl: load_state:1729: No soundcards found...
hwclock: can't open '/dev/misc/rtc': No such file or directory
Sun Jan 24 22:17:19 UTC 2016
hwclock: can't open '/dev/misc/rtc': No such file or directory
INIT: Entering runlevel: 5
Configuring network interfaces... udhcpc (v1.23.1) started
Sending discover...
Sending select for 192.168.1.150...
Lease of 192.168.1.150 obtained, lease time 600
/etc/udhcpc.d/50default: Adding DNS 192.0.2.2
/etc/udhcpc.d/50default: Adding DNS 192.0.2.3
done.
Starting system message bus: dbus.
UIM SYSFS Node Not Found
Initializing the graphics driver ...
PVR:(Error): OpenServices: drmOpen failed [123, /pvr_bridge_u.c]
PVR:(Error): PVRSRVInitSrvConnect: PVRSRVConnect failed [2572, /bridged_pvr_glue.c]
PVR:(Error): SrvInit: PVRSRVInitSrvConnect failed (4) [37, /srvinit.c]
PVR:(Error): main: SrvInit failed (4) [47, /pvrsrvinit.c]
Starting Dropbear SSH server: dropbear.
Starting telnet daemon.
Starting rpcbind daemon...done.
starting statd: done
hwclock: can't open '/dev/misc/rtc': No such file or directory
Starting syslogd/klogd: done
Starting thttpd.
Starting Lighttpd Web Server: lighttpd.
2016-01-24 22:17:22: (/home/jenkins/tisdk-build-fido/build-CORTEX_1/arago-tmp-external-linaro-toolchain/work/cortexa9hf-vfp-neon-linux-gnueabi/lighttpd/1.4.35-r1/lighttpd-1.4.35/src/log.c.164) server started 
Starting Matrix GUI application.
Enabling thermal zones...
/etc/rc5.d/S98thermal-zone-init: line 7: /sys/class/thermal/thermal_zone*/mode: No such file or directory
[   22.980586] random: nonblocking pool is initialized
***************************************************************
***************************************************************
NOTICE: This file system contains the following GPLv3 packages:
	autoconf
	binutils
	cpp-symlinks
	cpp
	g++-symlinks
	g++
	gcc-symlinks
	gcc
	gdbserver
	gstreamer1.0-libav
	libgmp10
	libmpc3
	libmpfr4
	make
If you do not wish to distribute GPLv3 components please remove
the above packages prior to distribution.  This can be done using
the opkg remove command.  i.e.:
    opkg remove <package>
Where <package> is the name printed in the list above
NOTE: If the package is a dependency of another package you
      will be notified of the dependent packages.  You should
      use the --force-removal-of-dependent-packages option to
      also remove the dependent packages as well
***************************************************************
***************************************************************
 _____                    _____           _         _   
|  _  |___ ___ ___ ___   |  _  |___ ___  |_|___ ___| |_ 
|     |  _| .'| . | . |  |   __|  _| . | | | -_|  _|  _|
|__|__|_| |__,|_  |___|  |__|  |_| |___|_| |___|___|_|  
              |___|                    |___|            
Arago Project http://arago-project.org am437x-evm /dev/ttyO0
Arago 2015.09 am437x-evm /dev/ttyO0
am437x-evm login: 
- 01:15:11 [INFO] Host: root
- 01:15:11 [INFO] Target: 
root
root@am437x-evm:~# 
- 01:15:11 [INFO] Disconnected serial from am43xx-gpevm
- 01:15:11 [INFO] Connected to am43xx-gpevm via serial 
- 01:15:11 [INFO] Host: uname -a
- 01:15:12 [INFO] Target: 
uname -a
Linux am437x-evm 4.5.0-rc3-next-20160211-00002-ge0e6b2a2e66b #1 SMP Thu Feb 11 01:06:14 CST 2016 armv7l GNU/Linux
root@am437x-evm:~# 
- 01:15:12 [INFO] Host: cat /proc/cmdline
- 01:15:12 [INFO] Target: 
cat /proc/cmdline
console=ttyO0,115200n8 earlyprintk rootwait  ip=:::::eth0:dhcp  root=PARTUUID=00000000-02 rw rootfstype=ext4 rootwait 
root@am437x-evm:~# 
- 01:15:12 [INFO] Host: uname -a
- 01:15:12 [INFO] Target: 
uname -a
Linux am437x-evm 4.5.0-rc3-next-20160211-00002-ge0e6b2a2e66b #1 SMP Thu Feb 11 01:06:14 CST 2016 armv7l GNU/Linux
root@am437x-evm:~# 
- 01:15:12 [INFO] Host: cat /proc/mtd
- 01:15:12 [INFO] Target: 
cat /proc/mtd
dev:    size   erasesize  name
root@am437x-evm:~# 
- 01:15:13 [INFO] Host: export IPERFHOST=192.168.1.254
- 01:15:14 [INFO] Target: 
export IPERFHOST=192.168.1.254
root@am437x-evm:~# 
- 01:15:14 [INFO] Host: export NFS_SERVER=192.168.1.254
- 01:15:14 [INFO] Target: 
export NFS_SERVER=192.168.1.254
root@am437x-evm:~# 
- 01:15:14 [INFO] Host: export NFS_ROOT_PATH=/home/NFS_exports/am43xx_gpevm
- 01:15:14 [INFO] Target: 
export NFS_ROOT_PATH=/home/NFS_exports/am43xx_gpevm
root@am437x-evm:~# 
- 01:15:14 [INFO] Host: export AP_SSID=gtaccess-open
- 01:15:14 [INFO] Target: 
export AP_SSID=gtaccess-open
root@am437x-evm:~# 
- 01:15:14 [INFO] Host: mkdir -p -m 777 /test
- 01:15:14 [INFO] Target: 
mkdir -p -m 777 /test
root@am437x-evm:~# 
- 01:15:14 [INFO] Host: cd /test
- 01:15:14 [INFO] Target: 
cd /test
root@am437x-evm:/test# 
- 01:15:14 [INFO] Host: cat > test.sh << EOF
- 01:15:14 [INFO] Target: 
cat > test.sh << EOF
- 01:15:14 [INFO] Host: failtest() {
- 01:15:14 [INFO] Target: 
failtest() {
- 01:15:14 [INFO] Host:   echo 1 >&3
- 01:15:14 [INFO] Target: 
  echo 1 >&3
- 01:15:14 [INFO] Host: }
- 01:15:14 [INFO] Target: 
- 01:15:14 [INFO] Host: timeout=600
- 01:15:15 [INFO] Target: 
timeout=600
- 01:15:15 [INFO] Host: 
- 01:15:15 [INFO] Target: 
- 01:15:15 [INFO] Host: # Start of user's script logic
- 01:15:15 [INFO] Target: 
# Start of user's script logic
- 01:15:15 [INFO] Host: mount -t proc proc /proc 2>/dev/null;
- 01:15:15 [INFO] Target: 
mount -t proc proc /proc 2>/dev/null;
- 01:15:15 [INFO] Host: 
- 01:15:15 [INFO] Target: 
- 01:15:15 [INFO] Host: mount -t sysfs sys /sys 2>/dev/null;
- 01:15:15 [INFO] Target: 
mount -t sysfs sys /sys 2>/dev/null;
- 01:15:15 [INFO] Host: 
- 01:15:15 [INFO] Target: 
- 01:15:15 [INFO] Host: mount -t debugfs none /sys/kernel/debug 2>/dev/null;
- 01:15:15 [INFO] Target: 
mount -t debugfs none /sys/kernel/debug 2>/dev/null;
- 01:15:15 [INFO] Host: 
- 01:15:15 [INFO] Target: 
- 01:15:15 [INFO] Host: echo 'cpuinfo:';cat /proc/cpuinfo; echo '=======';
- 01:15:16 [INFO] Target: 
echo 'cpuinfo:';cat /proc/cpuinfo; echo '=======';
- 01:15:16 [INFO] Host: 
- 01:15:16 [INFO] Target: 
- 01:15:16 [INFO] Host: echo 'soc info:';head /sys/devices/soc0/* 2>/dev/null; echo '=======';
- 01:15:16 [INFO] Target: 
echo 'soc info:';head /sys/devices/soc0/* 2>/dev/null; echo '=======';
- 01:15:16 [INFO] Host: 
- 01:15:16 [INFO] Target: 
- 01:15:16 [INFO] Host: echo 'DT Model info'; head /proc/device-tree/name /proc/device-tree/model /proc/device-tree/compatible 2>/dev/null;echo; echo '=======';
- 01:15:16 [INFO] Target: 
echo 'DT Model info'; head /proc/device-tree/name /proc/device-tree/model /pro 
c/device-tree/compatible 2>/dev/null;echo; echo '=======';
- 01:15:16 [INFO] Host: 
- 01:15:16 [INFO] Target: 
- 01:15:16 [INFO] Host: echo 'interrupts:';cat /proc/interrupts; echo '=======';
- 01:15:16 [INFO] Target: 
echo 'interrupts:';cat /proc/interrupts; echo '=======';
- 01:15:16 [INFO] Host: 
- 01:15:16 [INFO] Target: 
- 01:15:16 [INFO] Host: echo 'Clk_summary:';cat /sys/kernel/debug/clk/clk_summary; echo '=======';
- 01:15:16 [INFO] Target: 
echo 'Clk_summary:';cat /sys/kernel/debug/clk/clk_summary; echo '=======';
- 01:15:16 [INFO] Host: 
- 01:15:16 [INFO] Target: 
- 01:15:16 [INFO] Host: echo "Available frequencies"; cat /sys/devices/system/cpu/cpu0/cpufreq/scaling_available_frequencies 2>/dev/null;echo '=======';
- 01:15:17 [INFO] Target: 
echo "Available frequencies"; cat /sys/devices/system/cpu/cpu0/cpufreq/scaling 
_available_frequencies 2>/dev/null;echo '=======';
- 01:15:17 [INFO] Host: 
- 01:15:17 [INFO] Target: 
- 01:15:17 [INFO] Host: TMPF=/tmp/a.\$\$; TMPF2=/tmp/b.\$\$; STR=""
- 01:15:17 [INFO] Target: 
TMPF=/tmp/a.\$\$; TMPF2=/tmp/b.\$\$; STR=""
- 01:15:17 [INFO] Host: 
- 01:15:17 [INFO] Target: 
- 01:15:17 [INFO] Host: cp /dev/kmsg \$TMPF &
- 01:15:17 [INFO] Target: 
cp /dev/kmsg \$TMPF &
- 01:15:17 [INFO] Host: 
- 01:15:17 [INFO] Target: 
- 01:15:17 [INFO] Host: PID=\$! ; sleep 5; kill -9 \$PID
- 01:15:17 [INFO] Target: 
PID=\$! ; sleep 5; kill -9 \$PID
- 01:15:17 [INFO] Host: 
- 01:15:17 [INFO] Target: 
- 01:15:17 [INFO] Host: 
- 01:15:17 [INFO] Target: 
- 01:15:17 [INFO] Host: 
- 01:15:17 [INFO] Target: 
- 01:15:17 [INFO] Host: cat \$TMPF|grep "^0">\$TMPF2; N=\`cat \$TMPF2|wc -l\`; if [ "\$N" -ne 0 ]; then STR="\$STR emerg=\$N";echo "===== EMERGE++";cat \$TMPF2|cut -d ';' -f2;echo "====="; fi
- 01:15:18 [INFO] Target: 
cat \$TMPF|grep "^0">\$TMPF2; N=\`cat \$TMPF2|wc -l\`; if [ "\$N" -ne 0 ]; the 
n STR="\$STR emerg=\$N";echo "===== EMERGE++";cat \$TMPF2|cut -d ';' -f2;echo "= 
===="; fi
- 01:15:18 [INFO] Host: 
- 01:15:18 [INFO] Target: 
- 01:15:18 [INFO] Host: cat \$TMPF|grep "^1">\$TMPF2; N=\`cat \$TMPF2|wc -l\`; if [ "\$N" -ne 0 ]; then STR="\$STR alert=\$N";echo "===== ALERT ==";cat \$TMPF2|cut -d ';' -f2;echo "====="; fi
- 01:15:18 [INFO] Target: 
cat \$TMPF|grep "^1">\$TMPF2; N=\`cat \$TMPF2|wc -l\`; if [ "\$N" -ne 0 ]; the 
n STR="\$STR alert=\$N";echo "===== ALERT ==";cat \$TMPF2|cut -d ';' -f2;echo "= 
===="; fi
- 01:15:18 [INFO] Host: 
- 01:15:18 [INFO] Target: 
- 01:15:18 [INFO] Host: cat \$TMPF|grep "^2">\$TMPF2; N=\`cat \$TMPF2|wc -l\`; if [ "\$N" -ne 0 ]; then STR="\$STR crit=\$N";echo "===== CRIT ==";cat \$TMPF2|cut -d ';' -f2;echo "====="; fi
- 01:15:18 [INFO] Target: 
cat \$TMPF|grep "^2">\$TMPF2; N=\`cat \$TMPF2|wc -l\`; if [ "\$N" -ne 0 ]; the 
n STR="\$STR crit=\$N";echo "===== CRIT ==";cat \$TMPF2|cut -d ';' -f2;echo "=== 
=="; fi
- 01:15:18 [INFO] Host: 
- 01:15:18 [INFO] Target: 
- 01:15:18 [INFO] Host: cat \$TMPF|grep "^3">\$TMPF2; N=\`cat \$TMPF2|wc -l\`; if [ "\$N" -ne 0 ]; then STR="\$STR err=\$N";echo "===== ERR ==";cat \$TMPF2|cut -d ';' -f2;echo "=====" ;fi
- 01:15:18 [INFO] Target: 
cat \$TMPF|grep "^3">\$TMPF2; N=\`cat \$TMPF2|wc -l\`; if [ "\$N" -ne 0 ]; the 
n STR="\$STR err=\$N";echo "===== ERR ==";cat \$TMPF2|cut -d ';' -f2;echo "===== 
" ;fi
- 01:15:18 [INFO] Host: 
- 01:15:18 [INFO] Target: 
- 01:15:18 [INFO] Host: cat \$TMPF|grep "^4">\$TMPF2; N=\`cat \$TMPF2|wc -l\`; if [ "\$N" -ne 0 ]; then STR="\$STR warn=\$N";echo "===== WARN ==";cat \$TMPF2|cut -d ';' -f2;echo "=====" ;fi
- 01:15:18 [INFO] Target: 
cat \$TMPF|grep "^4">\$TMPF2; N=\`cat \$TMPF2|wc -l\`; if [ "\$N" -ne 0 ]; the 
n STR="\$STR warn=\$N";echo "===== WARN ==";cat \$TMPF2|cut -d ';' -f2;echo "=== 
==" ;fi
- 01:15:18 [INFO] Host: 
- 01:15:18 [INFO] Target: 
- 01:15:18 [INFO] Host: rm \$TMPF \$TMPF2; echo "SUM""MARY RESULT: BOOT:" 'PASS: H''ello World' 'B''oard' "Booted" "Boot Log has::::\$STR:"
- 01:15:19 [INFO] Target: 
rm \$TMPF \$TMPF2; echo "SUM""MARY RESULT: BOOT:" 'PASS: H''ello World' 'B''oa 
rd' "Booted" "Boot Log has::::\$STR:"
- 01:15:19 [INFO] Host: 
- 01:15:19 [INFO] Target: 
- 01:15:19 [INFO] Host: EOF
- 01:15:19 [INFO] Target: 
root@am437x-evm:/test# 
- 01:15:19 [INFO] Host: cd /test
- 01:15:19 [INFO] Target: 
cd /test
root@am437x-evm:/test# 
- 01:15:19 [INFO] Host: chmod +x test.sh
- 01:15:19 [INFO] Target: 
chmod +x test.sh
root@am437x-evm:/test# 
- 01:15:19 [INFO] Host: ./test.sh 2> stderr.log > stdout.log 3> result.log
- 01:15:24 [INFO] Target: 
./test.sh 2> stderr.log > stdout.log 3> result.log
root@am437x-evm:/test# 
- 01:15:24 [INFO] Host: echo $?
- 01:15:24 [INFO] Target: 
echo $?
root@am437x-evm:/test# 
- 01:15:24 [INFO] Host: cd /test
- 01:15:25 [INFO] Target: 
cd /test
root@am437x-evm:/test# 
- 01:15:25 [INFO] Host: cat stdout.log
- 01:15:26 [INFO] Target: 
cat stdout.log
cpuinfo:
processor	: 0
model name	: ARMv7 Processor rev 10 (v7l)
BogoMIPS	: 1992.29
Features	: half thumb fastmult vfp edsp thumbee neon vfpv3 tls vfpd32 
CPU implementer	: 0x41
CPU architecture: 7
CPU variant	: 0x2
CPU part	: 0xc09
CPU revision	: 10
Hardware	: Generic AM43 (Flattened Device Tree)
Revision	: 0000
Serial		: 0000000000000000
=======
soc info:
==> /sys/devices/soc0/family <==
AM43xx
==> /sys/devices/soc0/machine <==
AM437x
==> /sys/devices/soc0/power <==
==> /sys/devices/soc0/revision <==
ES1.2
==> /sys/devices/soc0/subsystem <==
==> /sys/devices/soc0/type <==
==> /sys/devices/soc0/uevent <==
=======
DT Model info
==> /proc/device-tree/name <==
==> /proc/device-tree/model <==
TI AM437x GP EVM
==> /proc/device-tree/compatible <==
ti,am437x-gp-evmti,am4372ti,am43
=======
interrupts:
           CPU0       
 16:          0     WUGEN  67 Level     gp_timer
 17:          0     GIC-0  27 Edge      gt
 18:       3423     GIC-0  29 Edge      twd
 19:          1     WUGEN   9 Level     l3-dbg-irq
 20:          1     WUGEN  10 Level     l3-app-irq
 23:       2450     WUGEN  12 Level     49000000.edma_ccint
 25:          0     WUGEN  14 Level     49000000.edma_ccerrint
 29:       6834     WUGEN  72 Level     OMAP UART0
 36:          0     WUGEN  96 Level     44e07000.gpio
 37:          0     WUGEN  98 Level     4804c000.gpio
 70:          0     WUGEN  62 Level     481ae000.gpio
103:          0     WUGEN 106 Level     48320000.gpio
136:          0     WUGEN 148 Level     48322000.gpio
137:         60     WUGEN  70 Level     44e0b000.i2c
138:          0     WUGEN  71 Level     4802a000.i2c
139:       7168     WUGEN  64 Level     mmc1
140:        147     WUGEN  29 Level     mmc0
142:         22     WUGEN  41 Level     4a100000.ethernet
143:         13     WUGEN  42 Level     4a100000.ethernet
150:          0     WUGEN 100 Level     gpmc
151:          1     WUGEN 172 Level     dwc3-omap
152:          1     WUGEN 178 Level     dwc3-omap
167:          0      PRCM Edge      pinctrl
198:          0  44e07000.gpio   6 Edge      48060000.mmc cd
258:          0     WUGEN   7 Edge      tps65218
IPI0:          0  CPU wakeup interrupts
IPI1:          0  Timer broadcast interrupts
IPI2:          0  Rescheduling interrupts
IPI3:          0  Function call interrupts
IPI4:          0  CPU stop interrupts
IPI5:          0  IRQ work interrupts
IPI6:          0  completion interrupts
Err:          0
=======
Clk_summary:
   clock                         enable_cnt  prepare_cnt        rate   accuracy   phase
----------------------------------------------------------------------------------------
 clk_32k_rtc                              0            0       32768          0 0  
 oscillator                               0            0    12000000          0 0  
 clk_32k_mosc_ck                          0            0       32768          0 0  
 clk_32k_tpm_ck                           0            0       32768          0 0  
 tclkin_ck                                0            0    26000000          0 0  
 virt_26000000_ck                         0            0    26000000          0 0  
 virt_25000000_ck                         0            0    25000000          0 0  
 virt_24000000_ck                         1            1    24000000          0 0  
    sysboot_freq_sel_ck                   1            1    24000000          0 0  
       sys_clkin_ck                      19           38    24000000          0 0  
          vtp_clk_div                     0            0    12000000          0 0  
          dll_aging_clk_div               0            0     3000000          0 0  
          timer11_fck                     0            1    24000000          0 0  
          timer10_fck                     0            1    24000000          0 0  
          timer9_fck                      0            1    24000000          0 0  
          timer8_fck                      0            1    24000000          0 0  
          dpll_extdev_ck                  0            0   500000000          0 0  
             dpll_extdev_m2_ck            0            0    50000000          0 0  
          timer7_fck                      0            1    24000000          0 0  
          timer6_fck                      0            1    24000000          0 0  
          timer5_fck                      0            1    24000000          0 0  
          timer4_fck                      0            1    24000000          0 0  
          timer3_fck                      0            1    24000000          0 0  
          timer2_fck                      0            1    24000000          0 0  
          dpll_per_ck                     2            2   960000000          0 0  
             dpll_per_clkdcoldo           2            2   960000000          0 0  
                usb_otg_ss1_refclk960m           1            1   960000000          0 0  
                usb_otg_ss0_refclk960m           1            1   960000000          0 0  
             dpll_per_m2_ck               3            4   192000000          0 0  
                func_12m_clk              0            0    12000000          0 0  
                mmc_clk                   0            3    96000000          0 0  
                clk_24mhz                 1            1    24000000          0 0  
                   clkdiv32k_ck           1            1       32786          0 0  
                      clkdiv32k_ick           1            6       32786          0 0  
                         timer1_fck           1            1       32786          0 0  
                         gpio5_dbclk           0            2       32786          0 0  
                         gpio4_dbclk           0            2       32786          0 0  
                         gpio3_dbclk           0            2       32786          0 0  
                         gpio2_dbclk           0            1       32786          0 0  
                         gpio1_dbclk           0            2       32786          0 0  
                dpll_per_m2_div4_ck           1           12    48000000          0 0  
                dpll_per_m2_div4_wkupdm_ck           1            2    48000000          0 0  
          dpll_disp_ck                    0            1    24000000          0 0  
             dpll_disp_m2_ck              0            1    24000000          0 0  
                disp_clk                  0            3    24000000          0 0  
          dpll_ddr_ck                     1            1   400000000          0 0  
             dpll_ddr_x2_ck               0            0   800000000          0 0  
                dpll_ddr_m4_ck            0            0   400000000          0 0  
             dpll_ddr_m2_ck               1            1   400000000          0 0  
          dpll_mpu_ck                     1            1  1000000000          0 0  
             dpll_mpu_m2_ck               4            4  1000000000          0 0  
                mpu_periphclk             2            2   500000000          0 0  
          dpll_core_ck                    1            1  1000000000          0 0  
             dpll_core_x2_ck              2            2  2000000000          0 0  
                dpll_core_m6_ck           0            0   500000000          0 0  
                dpll_core_m5_ck           1            1   250000000          0 0  
                   cpsw_cpts_rft_clk           0            0   250000000          0 0  
                   cpsw_50m_clkdiv           0            0   250000000          0 0  
                      cpsw_5m_clkdiv           0            0    25000000          0 0  
                   dpll_clksel_mac_clk           0            0    50000000          0 0  
                   cpsw_125mhz_gclk           3            3   125000000          0 0  
                dpll_core_m4_ck           7            7   200000000          0 0  
                   l4hs_gclk              1            1   200000000          0 0  
                   l3_gclk               13           16   200000000          0 0  
                   sysclk_div             1            3   200000000          0 0  
                      div_core_25m_ck           0            0    25000000          0 0  
                      gfx_fclk_clksel_ck           0            1   200000000          0 0  
                         gfx_fck_div_ck           0            1   200000000          0 0  
                      dpll_core_m4_div2_ck           3            3   100000000          0 0  
                         l4ls_gclk          67           91   100000000          0 0  
                            ehrpwm5_tbclk           0            0   100000000          0 0  
                            ehrpwm4_tbclk           0            0   100000000          0 0  
                            ehrpwm3_tbclk           0            0   100000000          0 0  
                            ehrpwm2_tbclk           0            0   100000000          0 0  
                            ehrpwm1_tbclk           0            0   100000000          0 0  
                            ehrpwm0_tbclk           0            0   100000000          0 0  
                         l3s_gclk          14           15   100000000          0 0  
                      pruss_ocp_gclk           0            1   200000000          0 0  
          aes0_fck                        1            2    24000000          0 0  
          sha0_fck                        1            1    24000000          0 0  
          smartreflex1_fck                0            1    24000000          0 0  
          smartreflex0_fck                0            1    24000000          0 0  
          mcasp1_fck                      0            1    24000000          0 0  
          mcasp0_fck                      0            1    24000000          0 0  
          dcan1_fck                       0            1    24000000          0 0  
          dcan0_fck                       0            1    24000000          0 0  
          adc_tsc_fck                     0            1    24000000          0 0  
 virt_19200000_ck                         0            0    19200000          0 0  
    crystal_freq_sel_ck                   0            0    19200000          0 0  
 clk_rc32k_ck                             0            2       32768          0 0  
    gpio0_dbclk_mux_ck                    0            1       32768          0 0  
       gpio0_dbclk                        0            2       32768          0 0  
    wdt1_fck                              0            1       32768          0 0  
 clk_32768_ck                             2            2       32768          0 0  
    mux_synctimer32k_ck                   1            1       32768          0 0  
       synctimer_32kclk                   1            1       32768          0 0  
    usbphy_32khz_clkmux                   2            2       32768          0 0  
       usb_phy1_always_on_clk32k           1            1       32768          0 0  
       usb_phy0_always_on_clk32k           1            1       32768          0 0  
=======
Available frequencies
=======
===== ERR ==
omap_l3_noc 44000000.ocp: L3 debug error: target 8 mod:0 (unclearable)
omap_l3_noc 44000000.ocp: L3 application error: target 8 mod:0 (unclearable)
platform 44e3e000.rtc: Cannot lookup hwmod 'rtc'
platform 53701000.des: Cannot lookup hwmod 'des'
omap_voltage_late_init: Voltage driver support not added
cpu: dev_pm_opp_of_cpumask_add_table: couldn't find opp table for cpu:0, -19
cpu cpu0: dev_pm_opp_get_opp_count: device OPP not found (-19)
udevd[106]: starting version 182
=====
===== WARN ==
L2C: platform modifies aux control register: 0x0e030000 -> 0x3e430000
L2C: DT/platform modifies aux control register: 0x0e030000 -> 0x3e430000
omap4_sram_init:Unable to allocate sram needed to handle errata I688
omap4_sram_init:Unable to get sram pool needed to handle errata I688
workingset: timestamp_bits=28 max_order=19 bucket_order=0
backlight supply power not found, using dummy regulator
omap_uart 44e09000.serial: No clock speed specified: using default: 48000000
omap_uart 481a6000.serial: No clock speed specified: using default: 48000000
gpmc_mem_init: disabling cs 0 mapped at 0x0-0x1000000
omap_hsmmc 47810000.mmc: card claims to support voltages below defined range
backlight supply power not found, using dummy regulator
backlight supply power not found, using dummy regulator
mmc1: host does not support reading read-only switch, assuming write-enable
backlight supply power not found, using dummy regulator
EXT4-fs (mmcblk0p2): warning: mounting fs with errors, running e2fsck is recommended
FAT-fs (mmcblk0p1): Volume was not properly unmounted. Some data may be corrupt. Please run fsck.
=====
SUMMARY RESULT: BOOT: PASS: Hello World Board Booted Boot Log has:::: err=8 warn=16:
root@am437x-evm:/test# 
- 01:15:26 [INFO] Host: cat stderr.log
- 01:15:26 [INFO] Target: 
cat stderr.log
./test.sh: line 33:   771 Killed                  cp /dev/kmsg $TMPF
root@am437x-evm:/test# 
- 01:15:26 [INFO] Host: cat result.log
- 01:15:28 [ERROR] On command: cat result.log waiting for cat result.log.+?(?m-ix:^1[\0\n\r]+) >>> error: execution expired
- 01:15:28 [INFO] Target: 
cat result.log
root@am437x-evm:/test# 
- 01:15:28 [INFO] Host: cd /test
- 01:15:28 [INFO] Target: 
cd /test
root@am437x-evm:/test# 
URL:gtsystest.telogy.design.ti.com/vatf/tidfarm-02/tidfarm-02_vatf@am43xx-gpevm/tidfarm-0202_11_2016_01_14_20/files/session_iteration_1/test_1
