- 19:59:49 [INFO] Starting target session
- 19:59:49 [INFO] Connected to am43xx-epos via serial 
- 19:59:49 [INFO] Host: #check prompt
- 19:59:52 [ERROR] On command: #check prompt waiting for #check prompt.+?(?-mix:((?-mix:login:)|[Pp]assword)) >>> error: execution expired
- 19:59:52 [INFO] Target: 
#check prompt
root@am437x-evm:/test# 
- 19:59:52 [INFO] Host: #check prompt
- 19:59:52 [INFO] Target: 
#check prompt
root@am437x-evm:/test# 
- 19:59:52 [INFO] Host: sync;poweroff
- 20:00:23 [INFO] Target: 
sync;poweroff
Broadcast message from root@am437x-evm (ttyO0) (Fri Oct 24 22:20:22 2014):
The system is going down for system halt NOW!
INIT: Switching to runlevel: root@am437x-evm:/test# 
INIT: Sending processes the TERM signal
UIM SYSFS Node Not Found
Stopping Dropbear SSH server: stopped /usr/sbin/dropbear (pid 593)
dropbear.
Stopping telnet daemon.
Stopping system message bus: dbus.
hwclock: can't open '/dev/misc/rtc': No such file or directory
Error opening /dev/fb0: No such file or directory
Stopping syslogd/klogd: stopped syslogd (pid 628)
stopped klogd (pid 631)
done
Stopping thttpd.
Stopping Weston
stopping statd: done
ALSA: Storing mixer settings...
/usr/sbin/alsactl: save_state:1590: No soundcards found...
Stopping rpcbind daemon...
done.
Stopping Lighttpd Web Server: stopped /usr/sbin/lighttpd (pid 644)
lighttpd.
Deconfiguring network interfaces... done.
Stopping Matrix GUI applicationstart-stop-daemon: warning: killing process 650: No such process
***************************************************************
***************************************************************
NOTICE: This file system contains the followin GPLv3 packages:
	binutils
	elfutils
	gdbserver
	libdw1
	libelf1
If you do not wish to distribute GPLv3 components please remove
the above packages prior to distribution.  This can be done using
the opkg remove command.  i.e.:
    opkg remove <package>
Where <package> is the name printed in the list above
NOTE: If the package is a dependency of another package you
      will be notified of the dependent packages.  You should
      use the --force-removal-of-dependent-packages option to
      also remove the dependent packages as well
***************************************************************
***************************************************************
Sending all processes the TERM signal...
Sending all processes the KILL signal...
Unmounting remote filesystems...
Deactivating swap...
Unmounting local filesystems...
[ 2708.284562] EXT4-fs (mmcblk0p2): re-mounted. Opts: data=ordered
[ 2711.374698] reboot: System halted
- 20:00:23 [INFO] Disconnected serial from am43xx-epos
- 20:00:53 [INFO] Connected to am43xx-epos via serial 
- 20:00:53 [INFO] Host: 
- 20:00:54 [ERROR] On command:  waiting for (?-mix:U-Boot#) >>> error: execution expired
- 20:00:54 [INFO] Target: 
NAND:  512 MiB
MMC:   OMAP SD/MMC: 0, OMAP SD/MMC: 1
- 20:00:54 [INFO] Host: 
- 20:00:54 [INFO] Target: 
Net:   cpsw
Hit any key to stop autoboot:  3  0 
U-Boot# 
U-Boot# 
- 20:00:54 [INFO] Host: 
- 20:00:55 [INFO] Target: 
U-Boot# 
- 20:00:55 [INFO] Host: version
- 20:00:55 [INFO] Target: 
version
U-Boot 2013.10-gf2dcae2 (Feb 21 2014 - 12:20:12)
arm-linux-gnueabihf-gcc (crosstool-NG linaro-1.13.1-4.7-2013.03-20130313 - Linaro GCC 2013.03) 4.7.3 20130226 (prerelease)
GNU ld (crosstool-NG linaro-1.13.1-4.7-2013.03-20130313 - Linaro GCC 2013.03) 2.23.1
U-Boot# 
- 20:00:55 [INFO] Host: setenv bootargs 'console=ttyO0,115200n8 earlyprintk rootwait '
- 20:00:56 [INFO] Target: 
setenv bootargs 'console=ttyO0,115200n8 earlyprintk rootwait '
U-Boot# 
- 20:00:56 [INFO] Host: setenv bootcmd  ''
- 20:00:56 [INFO] Target: 
setenv bootcmd  ''
U-Boot# 
- 20:00:56 [INFO] Host: setenv autoload 'no'
- 20:00:57 [INFO] Target: 
setenv autoload 'no'
U-Boot# 
- 20:00:57 [INFO] Host: setenv serverip '192.168.0.1'
- 20:00:57 [INFO] Target: 
setenv serverip '192.168.0.1'
U-Boot# 
- 20:00:57 [INFO] Host: printenv
- 20:00:58 [INFO] Target: 
printenv
arch=arm
autoload=no
baudrate=115200
board=am43xx
board_name=AM43EPOS
board_rev=1.2B
boot_targets=usb mmc0 nand 
bootargs=console=ttyO0,115200n8 earlyprintk rootwait 
bootcmd=
bootcmd_mmc0=setenv devnum 0; setenv rootpart 2; run mmc_boot;
bootcmd_nand=run nandboot;
bootcmd_usb=setenv devnum 0; run usb_boot;
bootdelay=3
bootdir=/boot
bootenv=uEnv.txt
bootfile=zImage
bootpart=0:2
console=ttyO0,115200n8
cpu=armv7
eth1addr=34:b1:f7:31:60:bf
ethact=cpsw
ethaddr=34:b1:f7:31:60:bd
fdt_high=0xa0000000
fdtaddr=0x80F80000
fdtfile=undefined
findfdt=if test $board_name = AM43EPOS; then setenv fdtfile am43x-epos-evm.dtb; fi; if test $board_name = AM43__GP; then setenv fdtfile am437x-gp-evm.dtb; fi; if test $fdtfile = undefined; then echo WARNING: Could not determine device tree; fi; 
importbootenv=echo Importing environment from mmc ...; env import -t $loadaddr $filesize
loadaddr=0x80200000
loadbootenv=load mmc ${mmcdev} ${loadaddr} ${bootenv}
loadfdt=load mmc ${bootpart} ${fdtaddr} ${bootdir}/${fdtfile}
loadimage=load mmc ${bootpart} ${loadaddr} ${bootdir}/${bootfile}
loadramdisk=load mmc ${mmcdev} ${rdaddr} ramdisk.gz
mmc_boot=setenv devtype mmc; if mmc dev ${devnum}; then run mmcargs;run scan_boot; run mmcboot;setenv mmcdev 1; setenv bootpart 1:2; run mmcboot;fi
mmcargs=setenv bootargs console=${console} ${optargs} root=${mmcroot} rootfstype=${mmcrootfstype}
mmcboot=mmc dev ${mmcdev}; if mmc rescan; then echo SD/MMC found on device ${mmcdev};if run loadbootenv; then echo Loaded environment from ${bootenv};run importbootenv;fi;if test -n $uenvcmd; then echo Running uenvcmd ...;run uenvcmd;fi;if run loadimage; then run loadfdt; echo Booting from mmc${mmcdev} ...; run mmcargs; bootz ${loadaddr} - ${fdtaddr}; fi;fi;
mmcdev=0
mmcroot=/dev/mmcblk0p2 rw
mmcrootfstype=ext4 rootwait
mtddevname=NAND.SPL
mtddevnum=0
mtdids=nand0=nand.0
mtdparts=mtdparts=nand.0:256k(NAND.SPL),256k(NAND.SPL.backup1),256k(NAND.SPL.backup2),256k(NAND.SPL.backup3),512k(NAND.u-boot-spl-os),1m(NAND.u-boot),256k(NAND.u-boot-env),256k(NAND.u-boot-env.backup1),7m(NAND.kernel),-(NAND.file-system)
nandargs=setenv bootargs console=${console} ${optargs} root=${nandroot} rootfstype=${nandrootfstype}
nandboot=echo Booting from nand ...; run nandargs; nand read ${fdtaddr} NAND.u-boot-spl-os; nand read ${loadaddr} NAND.kernel; bootz ${loadaddr} - ${fdtaddr}
nandroot=ubi0:rootfs rw ubi.mtd=NAND.file-system,4096
nandrootfstype=ubifs rootwait=1
netargs=setenv bootargs console=${console} ${optargs} root=/dev/nfs nfsroot=${serverip}:${rootpath},${nfsopts} rw ip=dhcp
netboot=echo Booting from network ...; setenv autoload no; dhcp; tftp ${loadaddr} ${bootfile}; tftp ${fdtaddr} ${fdtfile}; run netargs; bootz ${loadaddr} - ${fdtaddr}
nfsopts=nolock
partition=nand0,0
partitions=uuid_disk=${uuid_gpt_disk};name=rootfs,start=2MiB,size=-,uuid=${uuid_gpt_rootfs}
ramargs=setenv bootargs console=${console} ${optargs} root=${ramroot} rootfstype=${ramrootfstype}
ramroot=/dev/ram0 rw ramdisk_size=65536 initrd=${rdaddr},64M
ramrootfstype=ext2
rdaddr=0x81000000
rootpart=2
rootpath=/export/rootfs
scan_boot=echo Scanning ${devtype} ${devnum}...; for prefix in ${bootdir}; do for script in ${bootfile}; do run script_boot; done; done;
script_boot=if load ${devtype} ${devnum}:${rootpart} ${loadaddr} ${bootdir}/${bootfile}; then run findfdt; load ${devtype} ${devnum}:${rootpart} ${fdtaddr} ${bootdir}/${fdtfile};fi;
serverip=192.168.0.1
soc=am33xx
static_ip=${ipaddr}:${serverip}:${gatewayip}:${netmask}:${hostname}::off
stderr=serial
stdin=serial
stdout=serial
usb_boot=setenv devtype usb; run usb_init; if usb dev 0; then run usbargs;run scan_boot; bootz ${loadaddr} - ${fdtaddr}; fi
usb_init=usb start 0;
usbargs=setenv bootargs console=${console} ${optargs} root=${usbroot} rootfstype=${usbrootfstype}
usbroot=/dev/sda2 rw
usbrootfstype=ext4 rootwait
vendor=ti
ver=U-Boot 2013.10-gf2dcae2 (Feb 21 2014 - 12:20:12)
Environment size: 4041/131067 bytes
U-Boot# 
- 20:00:58 [INFO] Host: printenv
- 20:00:58 [INFO] Target: 
printenv
arch=arm
autoload=no
baudrate=115200
board=am43xx
board_name=AM43EPOS
board_rev=1.2B
boot_targets=usb mmc0 nand 
bootargs=console=ttyO0,115200n8 earlyprintk rootwait 
bootcmd=
bootcmd_mmc0=setenv devnum 0; setenv rootpart 2; run mmc_boot;
bootcmd_nand=run nandboot;
bootcmd_usb=setenv devnum 0; run usb_boot;
bootdelay=3
bootdir=/boot
bootenv=uEnv.txt
bootfile=zImage
bootpart=0:2
console=ttyO0,115200n8
cpu=armv7
eth1addr=34:b1:f7:31:60:bf
ethact=cpsw
ethaddr=34:b1:f7:31:60:bd
fdt_high=0xa0000000
fdtaddr=0x80F80000
fdtfile=undefined
findfdt=if test $board_name = AM43EPOS; then setenv fdtfile am43x-epos-evm.dtb; fi; if test $board_name = AM43__GP; then setenv fdtfile am437x-gp-evm.dtb; fi; if test $fdtfile = undefined; then echo WARNING: Could not determine device tree; fi; 
importbootenv=echo Importing environment from mmc ...; env import -t $loadaddr $filesize
loadaddr=0x80200000
loadbootenv=load mmc ${mmcdev} ${loadaddr} ${bootenv}
loadfdt=load mmc ${bootpart} ${fdtaddr} ${bootdir}/${fdtfile}
loadimage=load mmc ${bootpart} ${loadaddr} ${bootdir}/${bootfile}
loadramdisk=load mmc ${mmcdev} ${rdaddr} ramdisk.gz
mmc_boot=setenv devtype mmc; if mmc dev ${devnum}; then run mmcargs;run scan_boot; run mmcboot;setenv mmcdev 1; setenv bootpart 1:2; run mmcboot;fi
mmcargs=setenv bootargs console=${console} ${optargs} root=${mmcroot} rootfstype=${mmcrootfstype}
mmcboot=mmc dev ${mmcdev}; if mmc rescan; then echo SD/MMC found on device ${mmcdev};if run loadbootenv; then echo Loaded environment from ${bootenv};run importbootenv;fi;if test -n $uenvcmd; then echo Running uenvcmd ...;run uenvcmd;fi;if run loadimage; then run loadfdt; echo Booting from mmc${mmcdev} ...; run mmcargs; bootz ${loadaddr} - ${fdtaddr}; fi;fi;
mmcdev=0
mmcroot=/dev/mmcblk0p2 rw
mmcrootfstype=ext4 rootwait
mtddevname=NAND.SPL
mtddevnum=0
mtdids=nand0=nand.0
mtdparts=mtdparts=nand.0:256k(NAND.SPL),256k(NAND.SPL.backup1),256k(NAND.SPL.backup2),256k(NAND.SPL.backup3),512k(NAND.u-boot-spl-os),1m(NAND.u-boot),256k(NAND.u-boot-env),256k(NAND.u-boot-env.backup1),7m(NAND.kernel),-(NAND.file-system)
nandargs=setenv bootargs console=${console} ${optargs} root=${nandroot} rootfstype=${nandrootfstype}
nandboot=echo Booting from nand ...; run nandargs; nand read ${fdtaddr} NAND.u-boot-spl-os; nand read ${loadaddr} NAND.kernel; bootz ${loadaddr} - ${fdtaddr}
nandroot=ubi0:rootfs rw ubi.mtd=NAND.file-system,4096
nandrootfstype=ubifs rootwait=1
netargs=setenv bootargs console=${console} ${optargs} root=/dev/nfs nfsroot=${serverip}:${rootpath},${nfsopts} rw ip=dhcp
netboot=echo Booting from network ...; setenv autoload no; dhcp; tftp ${loadaddr} ${bootfile}; tftp ${fdtaddr} ${fdtfile}; run netargs; bootz ${loadaddr} - ${fdtaddr}
nfsopts=nolock
partition=nand0,0
partitions=uuid_disk=${uuid_gpt_disk};name=rootfs,start=2MiB,size=-,uuid=${uuid_gpt_rootfs}
ramargs=setenv bootargs console=${console} ${optargs} root=${ramroot} rootfstype=${ramrootfstype}
ramroot=/dev/ram0 rw ramdisk_size=65536 initrd=${rdaddr},64M
ramrootfstype=ext2
rdaddr=0x81000000
rootpart=2
rootpath=/export/rootfs
scan_boot=echo Scanning ${devtype} ${devnum}...; for prefix in ${bootdir}; do for script in ${bootfile}; do run script_boot; done; done;
script_boot=if load ${devtype} ${devnum}:${rootpart} ${loadaddr} ${bootdir}/${bootfile}; then run findfdt; load ${devtype} ${devnum}:${rootpart} ${fdtaddr} ${bootdir}/${fdtfile};fi;
serverip=192.168.0.1
soc=am33xx
static_ip=${ipaddr}:${serverip}:${gatewayip}:${netmask}:${hostname}::off
stderr=serial
stdin=serial
stdout=serial
usb_boot=setenv devtype usb; run usb_init; if usb dev 0; then run usbargs;run scan_boot; bootz ${loadaddr} - ${fdtaddr}; fi
usb_init=usb start 0;
usbargs=setenv bootargs console=${console} ${optargs} root=${usbroot} rootfstype=${usbrootfstype}
usbroot=/dev/sda2 rw
usbrootfstype=ext4 rootwait
vendor=ti
ver=U-Boot 2013.10-gf2dcae2 (Feb 21 2014 - 12:20:12)
Environment size: 4041/131067 bytes
U-Boot# 
- 20:00:58 [INFO] Host: setenv bootargs ''${bootargs}' ip=dhcp '
- 20:00:59 [INFO] Target: 
setenv bootargs ''${bootargs}' ip=dhcp '
U-Boot# 
- 20:00:59 [INFO] Host: setenv serverip '192.168.0.1'
- 20:00:59 [INFO] Target: 
setenv serverip '192.168.0.1'
U-Boot# 
- 20:00:59 [INFO] Host: setenv ipaddr dhcp
- 20:01:00 [INFO] Target: 
setenv ipaddr dhcp
U-Boot# 
- 20:01:00 [INFO] Host: setenv autoload 'no'
- 20:01:00 [INFO] Target: 
setenv autoload 'no'
U-Boot# 
- 20:01:00 [INFO] Host: dhcp
- 20:01:02 [INFO] Target: 
dhcp
link up on port 0, speed 100, full duplex
BOOTP broadcast 1
DHCP client bound to address 192.168.0.217
U-Boot# 
- 20:01:02 [INFO] Host: setenv serverip '192.168.0.1'
- 20:01:02 [INFO] Target: 
setenv serverip '192.168.0.1'
U-Boot# 
- 20:01:02 [INFO] Host: tftp ${loadaddr} 192.168.0.1:vatf_am43xx-epos/07618bac2288871def4af51741febe61
- 20:01:04 [INFO] Target: 
tftp ${loadaddr} 192.168.0.1:vatf_am43xx-epos/07618bac2288871def4af51741febe61
link up on port 0, speed 100, full duplex
Using cpsw device
TFTP from server 192.168.0.1; our IP address is 192.168.0.217
Filename 'vatf_am43xx-epos/07618bac2288871def4af51741febe61'.
Load address: 0x80200000
Loading: *#################################################################
	 #################################################################
	 #################################################################
	 #################################################################
	 #################################################################
	 #################################################################
	 4.5 MiB/s
done
Bytes transferred = 5715368 (5735a8 hex)
U-Boot# 
- 20:01:04 [INFO] Host: tftp ${fdtaddr} 192.168.0.1:vatf_am43xx-epos/a4da5377739ec3066f29d67be07b8704
- 20:01:04 [INFO] Target: 
tftp ${fdtaddr} 192.168.0.1:vatf_am43xx-epos/a4da5377739ec3066f29d67be07b8704
link up on port 0, speed 100, full duplex
Using cpsw device
TFTP from server 192.168.0.1; our IP address is 192.168.0.217
Filename 'vatf_am43xx-epos/a4da5377739ec3066f29d67be07b8704'.
Load address: 0x80f80000
Loading: *###
	 4.1 MiB/s
done
Bytes transferred = 38366 (95de hex)
U-Boot# 
- 20:01:04 [INFO] Host: ls mmc 0:1
- 20:01:05 [INFO] Target: 
ls mmc 0:1
   116420   mlo 
     1164   readme 
   401676   u-boot.img 
       14   .ipaddr 
        4   ws-calibrate.rules 
5 file(s), 0 dir(s)
U-Boot# 
- 20:01:05 [INFO] Host: ls mmc 0:2
- 20:01:05 [INFO] Target: 
ls mmc 0:2
<DIR>       4096 .
<DIR>       4096 ..
<DIR>       4096 bin
<DIR>       4096 boot
<DIR>       4096 dev
<DIR>       4096 etc
<DIR>       4096 home
<DIR>       4096 lib
<DIR>       4096 media
<DIR>       4096 mnt
<DIR>       4096 opt
<DIR>       4096 proc
<DIR>       4096 run
<DIR>       4096 sbin
<DIR>       4096 srv
<DIR>       4096 sys
<SYM>          8 tmp
<DIR>       4096 usr
<DIR>       4096 var
<DIR>       4096 www
<DIR>       4096 test
U-Boot# 
- 20:01:05 [INFO] Host: part uuid mmc 0:2
- 20:01:06 [INFO] Target: 
part uuid mmc 0:2
00000000-02
U-Boot# 
- 20:01:06 [INFO] Host: printenv
- 20:01:06 [INFO] Target: 
printenv
arch=arm
autoload=no
baudrate=115200
board=am43xx
board_name=AM43EPOS
board_rev=1.2B
boot_targets=usb mmc0 nand 
bootargs=console=ttyO0,115200n8 earlyprintk rootwait ip=dhcp
bootcmd=
bootcmd_mmc0=setenv devnum 0; setenv rootpart 2; run mmc_boot;
bootcmd_nand=run nandboot;
bootcmd_usb=setenv devnum 0; run usb_boot;
bootdelay=3
bootdir=/boot
bootenv=uEnv.txt
bootfile=zImage
bootpart=0:2
console=ttyO0,115200n8
cpu=armv7
dnsip=192.0.2.2
dnsip2=192.0.2.3
eth1addr=34:b1:f7:31:60:bf
ethact=cpsw
ethaddr=34:b1:f7:31:60:bd
fdt_high=0xa0000000
fdtaddr=0x80F80000
fdtfile=undefined
fileaddr=80f80000
filesize=95de
findfdt=if test $board_name = AM43EPOS; then setenv fdtfile am43x-epos-evm.dtb; fi; if test $board_name = AM43__GP; then setenv fdtfile am437x-gp-evm.dtb; fi; if test $fdtfile = undefined; then echo WARNING: Could not determine device tree; fi; 
gatewayip=192.168.0.1
importbootenv=echo Importing environment from mmc ...; env import -t $loadaddr $filesize
ipaddr=192.168.0.217
loadaddr=0x80200000
loadbootenv=load mmc ${mmcdev} ${loadaddr} ${bootenv}
loadfdt=load mmc ${bootpart} ${fdtaddr} ${bootdir}/${fdtfile}
loadimage=load mmc ${bootpart} ${loadaddr} ${bootdir}/${bootfile}
loadramdisk=load mmc ${mmcdev} ${rdaddr} ramdisk.gz
mmc_boot=setenv devtype mmc; if mmc dev ${devnum}; then run mmcargs;run scan_boot; run mmcboot;setenv mmcdev 1; setenv bootpart 1:2; run mmcboot;fi
mmcargs=setenv bootargs console=${console} ${optargs} root=${mmcroot} rootfstype=${mmcrootfstype}
mmcboot=mmc dev ${mmcdev}; if mmc rescan; then echo SD/MMC found on device ${mmcdev};if run loadbootenv; then echo Loaded environment from ${bootenv};run importbootenv;fi;if test -n $uenvcmd; then echo Running uenvcmd ...;run uenvcmd;fi;if run loadimage; then run loadfdt; echo Booting from mmc${mmcdev} ...; run mmcargs; bootz ${loadaddr} - ${fdtaddr}; fi;fi;
mmcdev=0
mmcroot=/dev/mmcblk0p2 rw
mmcrootfstype=ext4 rootwait
mtddevname=NAND.SPL
mtddevnum=0
mtdids=nand0=nand.0
mtdparts=mtdparts=nand.0:256k(NAND.SPL),256k(NAND.SPL.backup1),256k(NAND.SPL.backup2),256k(NAND.SPL.backup3),512k(NAND.u-boot-spl-os),1m(NAND.u-boot),256k(NAND.u-boot-env),256k(NAND.u-boot-env.backup1),7m(NAND.kernel),-(NAND.file-system)
nandargs=setenv bootargs console=${console} ${optargs} root=${nandroot} rootfstype=${nandrootfstype}
nandboot=echo Booting from nand ...; run nandargs; nand read ${fdtaddr} NAND.u-boot-spl-os; nand read ${loadaddr} NAND.kernel; bootz ${loadaddr} - ${fdtaddr}
nandroot=ubi0:rootfs rw ubi.mtd=NAND.file-system,4096
nandrootfstype=ubifs rootwait=1
netargs=setenv bootargs console=${console} ${optargs} root=/dev/nfs nfsroot=${serverip}:${rootpath},${nfsopts} rw ip=dhcp
netboot=echo Booting from network ...; setenv autoload no; dhcp; tftp ${loadaddr} ${bootfile}; tftp ${fdtaddr} ${fdtfile}; run netargs; bootz ${loadaddr} - ${fdtaddr}
netmask=255.255.255.0
nfsopts=nolock
partition=nand0,0
partitions=uuid_disk=${uuid_gpt_disk};name=rootfs,start=2MiB,size=-,uuid=${uuid_gpt_rootfs}
ramargs=setenv bootargs console=${console} ${optargs} root=${ramroot} rootfstype=${ramrootfstype}
ramroot=/dev/ram0 rw ramdisk_size=65536 initrd=${rdaddr},64M
ramrootfstype=ext2
rdaddr=0x81000000
rootpart=2
rootpath=/export/rootfs
scan_boot=echo Scanning ${devtype} ${devnum}...; for prefix in ${bootdir}; do for script in ${bootfile}; do run script_boot; done; done;
script_boot=if load ${devtype} ${devnum}:${rootpart} ${loadaddr} ${bootdir}/${bootfile}; then run findfdt; load ${devtype} ${devnum}:${rootpart} ${fdtaddr} ${bootdir}/${fdtfile};fi;
serverip=192.168.0.1
soc=am33xx
static_ip=${ipaddr}:${serverip}:${gatewayip}:${netmask}:${hostname}::off
stderr=serial
stdin=serial
stdout=serial
usb_boot=setenv devtype usb; run usb_init; if usb dev 0; then run usbargs;run scan_boot; bootz ${loadaddr} - ${fdtaddr}; fi
usb_init=usb start 0;
usbargs=setenv bootargs console=${console} ${optargs} root=${usbroot} rootfstype=${usbrootfstype}
usbroot=/dev/sda2 rw
usbrootfstype=ext4 rootwait
vendor=ti
ver=U-Boot 2013.10-gf2dcae2 (Feb 21 2014 - 12:20:12)
Environment size: 4192/131067 bytes
U-Boot# 
- 20:01:06 [INFO] Host: setenv bootargs ''${bootargs}' root=PARTUUID=00000000-02 rw rootfstype=ext4 rootwait '
- 20:01:07 [INFO] Target: 
setenv bootargs ''${bootargs}' root=PARTUUID=00000000-02 rw rootfstype=ext4 rootwait '
U-Boot# 
- 20:01:07 [INFO] Host: printenv
- 20:01:07 [INFO] Target: 
printenv
arch=arm
autoload=no
baudrate=115200
board=am43xx
board_name=AM43EPOS
board_rev=1.2B
boot_targets=usb mmc0 nand 
bootargs=console=ttyO0,115200n8 earlyprintk rootwait ip=dhcp root=PARTUUID=00000000-02 rw rootfstype=ext4 rootwait
bootcmd=
bootcmd_mmc0=setenv devnum 0; setenv rootpart 2; run mmc_boot;
bootcmd_nand=run nandboot;
bootcmd_usb=setenv devnum 0; run usb_boot;
bootdelay=3
bootdir=/boot
bootenv=uEnv.txt
bootfile=zImage
bootpart=0:2
console=ttyO0,115200n8
cpu=armv7
dnsip=192.0.2.2
dnsip2=192.0.2.3
eth1addr=34:b1:f7:31:60:bf
ethact=cpsw
ethaddr=34:b1:f7:31:60:bd
fdt_high=0xa0000000
fdtaddr=0x80F80000
fdtfile=undefined
fileaddr=80f80000
filesize=95de
findfdt=if test $board_name = AM43EPOS; then setenv fdtfile am43x-epos-evm.dtb; fi; if test $board_name = AM43__GP; then setenv fdtfile am437x-gp-evm.dtb; fi; if test $fdtfile = undefined; then echo WARNING: Could not determine device tree; fi; 
gatewayip=192.168.0.1
importbootenv=echo Importing environment from mmc ...; env import -t $loadaddr $filesize
ipaddr=192.168.0.217
loadaddr=0x80200000
loadbootenv=load mmc ${mmcdev} ${loadaddr} ${bootenv}
loadfdt=load mmc ${bootpart} ${fdtaddr} ${bootdir}/${fdtfile}
loadimage=load mmc ${bootpart} ${loadaddr} ${bootdir}/${bootfile}
loadramdisk=load mmc ${mmcdev} ${rdaddr} ramdisk.gz
mmc_boot=setenv devtype mmc; if mmc dev ${devnum}; then run mmcargs;run scan_boot; run mmcboot;setenv mmcdev 1; setenv bootpart 1:2; run mmcboot;fi
mmcargs=setenv bootargs console=${console} ${optargs} root=${mmcroot} rootfstype=${mmcrootfstype}
mmcboot=mmc dev ${mmcdev}; if mmc rescan; then echo SD/MMC found on device ${mmcdev};if run loadbootenv; then echo Loaded environment from ${bootenv};run importbootenv;fi;if test -n $uenvcmd; then echo Running uenvcmd ...;run uenvcmd;fi;if run loadimage; then run loadfdt; echo Booting from mmc${mmcdev} ...; run mmcargs; bootz ${loadaddr} - ${fdtaddr}; fi;fi;
mmcdev=0
mmcroot=/dev/mmcblk0p2 rw
mmcrootfstype=ext4 rootwait
mtddevname=NAND.SPL
mtddevnum=0
mtdids=nand0=nand.0
mtdparts=mtdparts=nand.0:256k(NAND.SPL),256k(NAND.SPL.backup1),256k(NAND.SPL.backup2),256k(NAND.SPL.backup3),512k(NAND.u-boot-spl-os),1m(NAND.u-boot),256k(NAND.u-boot-env),256k(NAND.u-boot-env.backup1),7m(NAND.kernel),-(NAND.file-system)
nandargs=setenv bootargs console=${console} ${optargs} root=${nandroot} rootfstype=${nandrootfstype}
nandboot=echo Booting from nand ...; run nandargs; nand read ${fdtaddr} NAND.u-boot-spl-os; nand read ${loadaddr} NAND.kernel; bootz ${loadaddr} - ${fdtaddr}
nandroot=ubi0:rootfs rw ubi.mtd=NAND.file-system,4096
nandrootfstype=ubifs rootwait=1
netargs=setenv bootargs console=${console} ${optargs} root=/dev/nfs nfsroot=${serverip}:${rootpath},${nfsopts} rw ip=dhcp
netboot=echo Booting from network ...; setenv autoload no; dhcp; tftp ${loadaddr} ${bootfile}; tftp ${fdtaddr} ${fdtfile}; run netargs; bootz ${loadaddr} - ${fdtaddr}
netmask=255.255.255.0
nfsopts=nolock
partition=nand0,0
partitions=uuid_disk=${uuid_gpt_disk};name=rootfs,start=2MiB,size=-,uuid=${uuid_gpt_rootfs}
ramargs=setenv bootargs console=${console} ${optargs} root=${ramroot} rootfstype=${ramrootfstype}
ramroot=/dev/ram0 rw ramdisk_size=65536 initrd=${rdaddr},64M
ramrootfstype=ext2
rdaddr=0x81000000
rootpart=2
rootpath=/export/rootfs
scan_boot=echo Scanning ${devtype} ${devnum}...; for prefix in ${bootdir}; do for script in ${bootfile}; do run script_boot; done; done;
script_boot=if load ${devtype} ${devnum}:${rootpart} ${loadaddr} ${bootdir}/${bootfile}; then run findfdt; load ${devtype} ${devnum}:${rootpart} ${fdtaddr} ${bootdir}/${fdtfile};fi;
serverip=192.168.0.1
soc=am33xx
static_ip=${ipaddr}:${serverip}:${gatewayip}:${netmask}:${hostname}::off
stderr=serial
stdin=serial
stdout=serial
usb_boot=setenv devtype usb; run usb_init; if usb dev 0; then run usbargs;run scan_boot; bootz ${loadaddr} - ${fdtaddr}; fi
usb_init=usb start 0;
usbargs=setenv bootargs console=${console} ${optargs} root=${usbroot} rootfstype=${usbrootfstype}
usbroot=/dev/sda2 rw
usbrootfstype=ext4 rootwait
vendor=ti
ver=U-Boot 2013.10-gf2dcae2 (Feb 21 2014 - 12:20:12)
Environment size: 4246/131067 bytes
U-Boot# 
- 20:01:07 [INFO] Host: setenv bootcmd ''${bootcmd}' if iminfo ${loadaddr}; then bootm ${loadaddr} - ${fdtaddr}; else bootz ${loadaddr} - ${fdtaddr}; bootm ${loadaddr} - ${fdtaddr}; fi'
- 20:01:08 [INFO] Target: 
setenv bootcmd ''${bootcmd}' if iminfo ${loadaddr}; then bootm ${loadaddr} - ${fdtaddr}; else bootz ${loadaddr} - ${fdtaddr}; bootm ${loadaddr} - ${fdtaddr}; fi'
U-Boot# 
- 20:01:08 [INFO] Host: bdinfo
- 20:01:08 [INFO] Target: 
bdinfo
arch_number = 0x1FBBBABF
boot_params = 0x80000100
DRAM bank   = 0x00000000
-> start    = 0x80000000
-> size     = 0x40000000
eth0name    = cpsw
ethaddr     = 34:b1:f7:31:60:bd
current eth = cpsw
ip_addr     = 192.168.0.217
baudrate    = 115200 bps
TLB addr    = 0xBFFF0000
relocaddr   = 0xBFF41000
reloc off   = 0x3F741000
irq_sp      = 0xBFE20F38
sp start    = 0xBFE20F28
U-Boot# 
- 20:01:08 [INFO] Host: mmc rescan
- 20:01:09 [INFO] Target: 
mmc rescan
U-Boot# 
- 20:01:09 [INFO] Host: fatwrite mmc ${mmcdev}:1 ${loadaddr} ws-calibrate.rules 4
- 20:01:09 [INFO] Target: 
fatwrite mmc ${mmcdev}:1 ${loadaddr} ws-calibrate.rules 4
writing ws-calibrate.rules
4 bytes written
U-Boot# 
- 20:01:09 [INFO] Host: boot
- 20:01:53 [INFO] Target: 
boot
## Checking Image at 80200000 ...
Unknown image format!
Kernel image @ 0x80200000 [ 0x000000 - 0x5735a8 ]
## Flattened Device Tree blob at 80f80000
   Booting using the fdt blob at 0x80f80000
   Loading Device Tree to 9fff3000, end 9ffff5dd ... OK
Starting kernel ...
[    0.000000] Booting Linux on physical CPU 0x0
[    0.000000] Linux version 3.19.0-rc3-00002-g4049774b7bba (nmenon@kahuna) (gcc version 4.6.3 (Ubuntu/Linaro 4.6.3-1ubuntu5) ) #1 SMP Tue Jan 6 18:57:20 CST 2015
[    0.000000] CPU: ARMv7 Processor [412fc09a] revision 10 (ARMv7), cr=10c5387d
[    0.000000] CPU: PIPT / VIPT nonaliasing data cache, VIPT aliasing instruction cache
[    0.000000] Machine model: TI AM43x EPOS EVM
[    0.000000] cma: Reserved 64 MiB at 0xbc000000
[    0.000000] Memory policy: Data cache writeback
[    0.000000] CPU: All CPU(s) started in SVC mode.
[    0.000000] AM437x ES1.1 (sgx neon )
[    0.000000] L2C: platform modifies aux control register: 0x0e030000 -> 0x3e430000
[    0.000000] L2C: DT/platform modifies aux control register: 0x0e030000 -> 0x3e430000
[    0.000000] L2C-310 erratum 769419 enabled
[    0.000000] L2C-310 enabling early BRESP for Cortex-A9
[    0.000000] L2C-310 ID prefetch enabled, offset 1 lines
[    0.000000] OMAP L2C310: ROM does not support power control setting
[    0.000000] L2C-310 dynamic clock gating disabled, standby mode disabled
[    0.000000] L2C-310 cache controller enabled, 16 ways, 256 kB
[    0.000000] L2C-310: CACHE_ID 0x410000c9, AUX_CTRL 0x7e430000
[    0.000000] PERCPU: Embedded 10 pages/cpu @eefca000 s8512 r8192 d24256 u40960
[    0.000000] Built 1 zonelists in Zone order, mobility grouping on.  Total pages: 260624
[    0.000000] Kernel command line: console=ttyO0,115200n8 earlyprintk rootwait ip=dhcp root=PARTUUID=00000000-02 rw rootfstype=ext4 rootwait
[    0.000000] PID hash table entries: 4096 (order: 2, 16384 bytes)
[    0.000000] Dentry cache hash table entries: 131072 (order: 7, 524288 bytes)
[    0.000000] Inode-cache hash table entries: 65536 (order: 6, 262144 bytes)
[    0.000000] Memory: 961232K/1048576K available (7487K kernel code, 953K rwdata, 3048K rodata, 764K init, 306K bss, 21808K reserved, 65536K cma-reserved, 204800K highmem)
[    0.000000] Virtual kernel memory layout:
[    0.000000]     vector  : 0xffff0000 - 0xffff1000   (   4 kB)
[    0.000000]     fixmap  : 0xffc00000 - 0xfff00000   (3072 kB)
[    0.000000]     vmalloc : 0xf0000000 - 0xff000000   ( 240 MB)
[    0.000000]     lowmem  : 0xc0000000 - 0xef800000   ( 760 MB)
[    0.000000]     pkmap   : 0xbfe00000 - 0xc0000000   (   2 MB)
[    0.000000]     modules : 0xbf000000 - 0xbfe00000   (  14 MB)
[    0.000000]       .text : 0xc0208000 - 0xc0c52150   (10537 kB)
[    0.000000]       .init : 0xc0c53000 - 0xc0d12000   ( 764 kB)
[    0.000000]       .data : 0xc0d12000 - 0xc0e00720   ( 954 kB)
[    0.000000]        .bss : 0xc0e00720 - 0xc0e4d020   ( 307 kB)
[    0.000000] SLUB: HWalign=64, Order=0-3, MinObjects=0, CPUs=1, Nodes=1
[    0.000000] Hierarchical RCU implementation.
[    0.000000] 	RCU restricting CPUs from NR_CPUS=8 to nr_cpu_ids=1.
[    0.000000] RCU: Adjusting geometry for rcu_fanout_leaf=16, nr_cpu_ids=1
[    0.000000] NR_IRQS:16 nr_irqs:16 16
[    0.000000] GIC CPU mask not found - kernel will fail to boot.
[    0.000000] GIC CPU mask not found - kernel will fail to boot.
[    0.000000] OMAP clockevent source: timer2 at 25000000 Hz
[    0.000014] sched_clock: 32 bits at 25MHz, resolution 40ns, wraps every 171798691800ns
[    0.000037] OMAP clocksource: timer1 at 25000000 Hz
[    0.000222] Console: colour dummy device 80x30
[    0.000261] Calibrating delay loop... 1195.21 BogoMIPS (lpj=2988032)
[    0.059256] pid_max: default: 32768 minimum: 301
[    0.059432] Mount-cache hash table entries: 2048 (order: 1, 8192 bytes)
[    0.059448] Mountpoint-cache hash table entries: 2048 (order: 1, 8192 bytes)
[    0.060306] CPU: Testing write buffer coherency: ok
[    0.060668] CPU0: thread -1, cpu 0, socket 0, mpidr 80000000
[    0.060780] Setting up static identity map for 0x809143d0 - 0x80914468
[    0.063709] Brought up 1 CPUs
[    0.063729] SMP: Total of 1 processors activated (1195.21 BogoMIPS).
[    0.063739] CPU: All CPU(s) started in SVC mode.
[    0.064514] devtmpfs: initialized
[    0.065481] VFP support v0.3: implementor 41 architecture 3 part 30 variant 9 rev 4
[    0.082577] omap_hwmod: tptc0 using broken dt data from edma
[    0.082734] omap_hwmod: tptc1 using broken dt data from edma
[    0.082869] omap_hwmod: tptc2 using broken dt data from edma
[    0.147286] omap_hwmod: dss_dispc: cannot be enabled for reset (3)
[    0.150687] omap_hwmod: dss_rfbi: cannot be enabled for reset (3)
[    0.155916] pinctrl core: initialized pinctrl subsystem
[    0.169623] NET: Registered protocol family 16
[    0.172154] DMA: preallocated 256 KiB pool for atomic coherent allocations
[    0.174435] cpuidle: using governor ladder
[    0.174461] cpuidle: using governor menu
[    0.176629] omap_l3_noc 44000000.ocp: L3 debug error: target 8 mod:0 (unclearable)
[    0.176737] omap_l3_noc 44000000.ocp: L3 application error: target 8 mod:0 (unclearable)
[    0.180020] OMAP GPIO hardware version 0.1
[    0.186439] platform 53701000.des: Cannot lookup hwmod 'des'
[    0.187205] omap-gpmc 50000000.gpmc: could not find pctldev for node /pinmux@44e10800/nand_flash_x8, deferring probe
[    0.187234] platform 50000000.gpmc: Driver omap-gpmc requests probe deferral
[    0.188987] platform 48347000.hdq: Cannot lookup hwmod 'hdq1w'
[    0.192051] No ATAGs?
[    0.192097] hw-breakpoint: found 5 (+1 reserved) breakpoint and 1 watchpoint registers.
[    0.192109] hw-breakpoint: maximum watchpoint size is 4 bytes.
[    0.197268] Serial: AMBA PL011 UART driver
[    0.218996] edma-dma-engine edma-dma-engine.0: TI EDMA DMA engine driver
[    0.222959] vgaarb: loaded
[    0.223854] SCSI subsystem initialized
[    0.224682] usbcore: registered new interface driver usbfs
[    0.224796] usbcore: registered new interface driver hub
[    0.224860] usbcore: registered new device driver usb
[    0.225649] omap_i2c 44e0b000.i2c: could not find pctldev for node /pinmux@44e10800/pinmux_i2c0_pins, deferring probe
[    0.225676] platform 44e0b000.i2c: Driver omap_i2c requests probe deferral
[    0.225715] omap_i2c 4819c000.i2c: could not find pctldev for node /pinmux@44e10800/pinmux_i2c2_pins, deferring probe
[    0.225731] platform 4819c000.i2c: Driver omap_i2c requests probe deferral
[    0.226258] Linux video capture interface: v2.00
[    0.226338] pps_core: LinuxPPS API ver. 1 registered
[    0.226349] pps_core: Software ver. 5.3.6 - Copyright 2005-2007 Rodolfo Giometti <giometti@linux.it>
[    0.226385] PTP clock support registered
[    0.226638] EDAC MC: Ver: 3.0.0
[    0.227670] Advanced Linux Sound Architecture Driver Initialized.
[    0.229212] Switched to clocksource timer1
[    0.242320] NET: Registered protocol family 2
[    0.243182] TCP established hash table entries: 8192 (order: 3, 32768 bytes)
[    0.243292] TCP bind hash table entries: 8192 (order: 4, 65536 bytes)
[    0.243481] TCP: Hash tables configured (established 8192 bind 8192)
[    0.243559] TCP: reno registered
[    0.243576] UDP hash table entries: 512 (order: 2, 16384 bytes)
[    0.243639] UDP-Lite hash table entries: 512 (order: 2, 16384 bytes)
[    0.243928] NET: Registered protocol family 1
[    0.244424] RPC: Registered named UNIX socket transport module.
[    0.244439] RPC: Registered udp transport module.
[    0.244447] RPC: Registered tcp transport module.
[    0.244455] RPC: Registered tcp NFSv4.1 backchannel transport module.
[    0.247341] futex hash table entries: 256 (order: 2, 16384 bytes)
[    0.260853] squashfs: version 4.0 (2009/01/31) Phillip Lougher
[    0.261856] NFS: Registering the id_resolver key type
[    0.261925] Key type id_resolver registered
[    0.261935] Key type id_legacy registered
[    0.262017] ntfs: driver 2.1.31 [Flags: R/O].
[    0.263581] bounce: pool size: 64 pages
[    0.263900] Block layer SCSI generic (bsg) driver version 0.4 loaded (major 249)
[    0.263927] io scheduler noop registered
[    0.263944] io scheduler deadline registered
[    0.264166] io scheduler cfq registered (default)
[    0.269801] pinctrl-single 44e10800.pinmux: 199 pins at pa f9e10800 size 796
[    0.274977] backlight supply power not found, using dummy regulator
[    0.275147] pwm-backlight backlight: unable to request PWM, trying legacy API
[    0.275165] pwm-backlight backlight: unable to request legacy PWM
[    0.275252] platform backlight: Driver pwm-backlight requests probe deferral
[    0.347901] Serial: 8250/16550 driver, 4 ports, IRQ sharing disabled
[    0.351031] msm_serial: driver initialized
[    0.351623] omap_uart 44e09000.serial: no wakeirq for uart0
[    0.351651] omap_uart 44e09000.serial: No clock speed specified: using default: 48000000
[    0.351828] omap_uart 44e09000.serial: ttyO0 at MMIO 0x44e09000 (irq = 23, base_baud = 3000000) is a OMAP UART0
[    1.165039] console [ttyO0] enabled
[    1.169443] STMicroelectronics ASC driver initialized
[    1.176090] [drm] Initialized drm 1.1.0 20060810
[    1.187963] loop: module loaded
[    1.198877] CAN device driver interface
[    1.204267] igb: Intel(R) Gigabit Ethernet Network Driver - version 5.2.15-k
[    1.211715] igb: Copyright (c) 2007-2014 Intel Corporation.
[    1.219495] pegasus: v0.9.3 (2013/04/25), Pegasus/Pegasus II USB Ethernet driver
[    1.227426] usbcore: registered new interface driver pegasus
[    1.233507] usbcore: registered new interface driver asix
[    1.239277] usbcore: registered new interface driver ax88179_178a
[    1.245771] usbcore: registered new interface driver cdc_ether
[    1.252015] usbcore: registered new interface driver smsc75xx
[    1.258179] usbcore: registered new interface driver smsc95xx
[    1.264338] usbcore: registered new interface driver net1080
[    1.270383] usbcore: registered new interface driver cdc_subset
[    1.276723] usbcore: registered new interface driver zaurus
[    1.282745] usbcore: registered new interface driver cdc_ncm
[    1.289159] ehci_hcd: USB 2.0 'Enhanced' Host Controller (EHCI) Driver
[    1.296091] ehci-pci: EHCI PCI platform driver
[    1.300888] ehci-platform: EHCI generic platform driver
[    1.306643] ehci-omap: OMAP-EHCI Host Controller driver
[    1.312329] ehci-orion: EHCI orion driver
[    1.316737] SPEAr-ehci: EHCI SPEAr driver
[    1.321134] ehci-st: EHCI STMicroelectronics driver
[    1.326441] ehci-exynos: EHCI EXYNOS driver
[    1.331042] tegra-ehci: Tegra EHCI driver
[    1.335465] ohci_hcd: USB 1.1 'Open' Host Controller (OHCI) Driver
[    1.342061] ohci-pci: OHCI PCI platform driver
[    1.346871] ohci-platform: OHCI generic platform driver
[    1.352596] ohci-omap3: OHCI OMAP3 driver
[    1.357014] SPEAr-ohci: OHCI SPEAr driver
[    1.361404] ohci-st: OHCI STMicroelectronics driver
[    1.367242] usbcore: registered new interface driver usb-storage
[    1.375646] mousedev: PS/2 mouse device common for all mice
[    1.385399] i2c /dev entries driver
[    1.390708] usbcore: registered new interface driver uvcvideo
[    1.396805] USB Video Class driver (1.1.1)
[    1.401144] gspca_main: v2.14.0 registered
[    1.409655] Driver 'mmcblk' needs updating - please use bus_type methods
[    1.416856] sdhci: Secure Digital Host Controller Interface driver
[    1.423397] sdhci: Copyright(c) Pierre Ossman
[    1.459844] Synopsys Designware Multimedia Card Interface Driver
[    1.467263] sdhci-pltfm: SDHCI platform and OF driver helper
[    1.474823] ledtrig-cpu: registered to indicate activity on CPUs
[    1.481541] usbcore: registered new interface driver usbhid
[    1.487452] usbhid: USB HID core driver
[    1.495174] usbcore: registered new interface driver snd-usb-audio
[    1.505566] TCP: cubic registered
[    1.509081] NET: Registered protocol family 17
[    1.513858] can: controller area network core (rev 20120528 abi 9)
[    1.520496] NET: Registered protocol family 29
[    1.525240] can: raw protocol (rev 20120528)
[    1.529794] can: broadcast manager protocol (rev 20120528 t)
[    1.535804] can: netlink gateway (rev 20130117) max_hops=1
[    1.542237] Key type dns_resolver registered
[    1.547076] omap_voltage_late_init: Voltage driver support not added
[    1.554556] cpu cpu0: dev_pm_opp_get_opp_count: device OPP not found (-19)
[    1.562075] ThumbEE CPU extension supported.
[    1.566638] Registering SWP/SWPB emulation handler
[    1.574292] omap-gpmc 50000000.gpmc: GPMC revision 6.0
[    1.582617] at24 0-0050: 32768 byte 24c256 EEPROM, writable, 64 bytes/write
[    1.590687] omap_i2c 44e0b000.i2c: bus 0 rev0.12 at 400 kHz
[    1.598025] omap_i2c 4819c000.i2c: bus 2 rev0.12 at 100 kHz
[    1.604689] backlight supply power not found, using dummy regulator
[    1.611505] pwm-backlight backlight: unable to request PWM, trying legacy API
[    1.619054] pwm-backlight backlight: unable to request legacy PWM
[    1.625564] platform backlight: Driver pwm-backlight requests probe deferral
[    1.681787] mmc0: host does not support reading read-only switch, assuming write-enable
[    1.690308] davinci_mdio 4a101000.mdio: davinci mdio revision 1.6
[    1.696773] davinci_mdio 4a101000.mdio: detected phy mask fffeffff
[    1.704264] libphy: 4a101000.mdio: probed
[    1.708518] davinci_mdio 4a101000.mdio: phy[16]: device 4a101000.mdio:10, driver unknown
[    1.718429] cpsw 4a100000.ethernet: Detected MACID = 34:b1:f7:31:60:bd
[    1.726958] drivers/rtc/hctosys.c: unable to open rtc device (rtc0)
[    1.739147] net eth0: initializing cpsw version 1.15 (0)
[    1.746868] backlight supply power not found, using dummy regulator
[    1.753760] pwm-backlight backlight: unable to request PWM, trying legacy API
[    1.761344] pwm-backlight backlight: unable to request legacy PWM
[    1.767855] platform backlight: Driver pwm-backlight requests probe deferral
[    1.776069] mmc0: new high speed SDHC card at address 1234
[    1.782487] mmcblk0: mmc0:1234 SA04G 3.63 GiB 
[    1.789465]  mmcblk0: p1 p2 p3
[    1.794555] backlight supply power not found, using dummy regulator
[    1.801380] pwm-backlight backlight: unable to request PWM, trying legacy API
[    1.808934] pwm-backlight backlight: unable to request legacy PWM
[    1.815445] platform backlight: Driver pwm-backlight requests probe deferral
[    1.829617] net eth0: phy found : id is : 0x20005c90
[    1.834980] libphy: PHY 4a101000.mdio:01 not found
[    1.840064] net eth0: phy 4a101000.mdio:01 not found on slave 1
[    3.829872] cpsw 4a100000.ethernet eth0: Link is Up - 100Mbps/Full - flow control rx/tx
[    3.849233] Sending DHCP requests ., OK
[    3.909707] IP-Config: Got DHCP answer from 192.168.0.1, my address is 192.168.0.217
[    3.918071] IP-Config: Complete:
[    3.921511]      device=eth0, hwaddr=34:b1:f7:31:60:bd, ipaddr=192.168.0.217, mask=255.255.255.0, gw=192.168.0.1
[    3.932260]      host=192.168.0.217, domain=ti.com, nis-domain=(none)
[    3.939051]      bootserver=192.168.0.1, rootserver=192.168.0.1, rootpath=
[    3.946123]      nameserver0=192.0.2.2, nameserver1=192.0.2.3
[    3.952673] ALSA device list:
[    3.955831]   No soundcards found.
[    3.984853] EXT4-fs (mmcblk0p2): mounted filesystem with ordered data mode. Opts: (null)
[    3.993503] VFS: Mounted root (ext4 filesystem) on device 179:2.
[    4.010308] devtmpfs: mounted
[    4.014380] Freeing unused kernel memory: 764K (c0c53000 - c0d12000)
INIT: version 2.88 booting
Error opening /dev/fb0: No such file or directory
Starting udev
[    4.714947] udevd[79]: starting version 182
[    7.603297] EXT4-fs (mmcblk0p3): warning: mounting unchecked fs, running e2fsck is recommended
[    7.627732] FAT-fs (mmcblk0p1): Volume was not properly unmounted. Some data may be corrupt. Please run fsck.
[    7.661000] EXT4-fs (mmcblk0p3): mounted filesystem without journal. Opts: (null)
depmod: ERROR: could not open directory /lib/modules/3.19.0-rc3-00002-g4049774b7bba: No such file or directory
depmod: WARNING: -e needs -E or -F
depmod: ERROR: could not open directory /lib/modules/3.19.0-rc3-00002-g4049774b7bba: No such file or directory
depmod: FATAL: could not search modules: No such file or directory
[    9.019684] EXT4-fs (mmcblk0p2): re-mounted. Opts: data=ordered
Starting Bootlog daemon: bootlogd.
[    9.194468] random: dd urandom read with 53 bits of entropy available
Populating dev cache
ALSA: Restoring mixer settings...
/usr/sbin/alsactl: load_state:1729: No soundcards found...
hwclock: can't open '/dev/misc/rtc': No such file or directory
Fri Oct 24 22:20:00 UTC 2014
hwclock: can't open '/dev/misc/rtc': No such file or directory
INIT: Entering runlevel: 5
Configuring network interfaces... udhcpc (v1.22.1) started
Sending discover...
Sending select for 192.168.0.232...
Lease of 192.168.0.232 obtained, lease time 7200
/etc/udhcpc.d/50default: Adding DNS 192.0.2.2
/etc/udhcpc.d/50default: Adding DNS 192.0.2.3
done.
Starting system message bus: dbus.
UIM SYSFS Node Not Found
Starting Dropbear SSH server: dropbear.
Starting telnet daemon.
Starting rpcbind daemon...rpcbind: cannot create socket for udp6
rpcbind: cannot create socket for tcp6
done.
creating NFS state directory: done
starting statd: done
hwclock: can't open '/dev/misc/rtc': No such file or directory
Starting syslogd/klogd: done
Starting thttpd.
Starting Lighttpd Web Server: lighttpd.
2014-10-24 22:20:03: (/scratch/jenkins/coresdk-nightly-build/build-CORTEX_2/arago-tmp-external-linaro-toolchain/work/cortexa9t2hf-vfp-neon-oe-linux-gnueabi/lighttpd/1.4.33-r1/lighttpd-1.4.33/src/log.c.166) server started 
Starting Matrix GUI application.
[   39.045796] random: nonblocking pool is initialized
***************************************************************
***************************************************************
NOTICE: This file system contains the followin GPLv3 packages:
	binutils
	elfutils
	gdbserver
	libdw1
	libelf1
If you do not wish to distribute GPLv3 components please remove
the above packages prior to distribution.  This can be done using
the opkg remove command.  i.e.:
    opkg remove <package>
Where <package> is the name printed in the list above
NOTE: If the package is a dependency of another package you
      will be notified of the dependent packages.  You should
      use the --force-removal-of-dependent-packages option to
      also remove the dependent packages as well
***************************************************************
***************************************************************
Stopping Bootlog daemon: bootlogd.
 _____                    _____           _         _   
|  _  |___ ___ ___ ___   |  _  |___ ___  |_|___ ___| |_ 
|     |  _| .'| . | . |  |   __|  _| . | | | -_|  _|  _|
|__|__|_| |__,|_  |___|  |__|  |_| |___|_| |___|___|_|  
              |___|                    |___|            
Arago Project http://arago-project.org am437x-evm /dev/ttyO0
Arago 2014.10 am437x-evm /dev/ttyO0
am437x-evm login: 
- 20:01:53 [INFO] Host: root
- 20:01:53 [INFO] Target: 
root
root@am437x-evm:~# 
- 20:01:53 [INFO] Host: uname -a
- 20:01:54 [INFO] Target: 
uname -a
Linux am437x-evm 3.19.0-rc3-00002-g4049774b7bba #1 SMP Tue Jan 6 18:57:20 CST 2015 armv7l GNU/Linux
root@am437x-evm:~# 
- 20:01:54 [INFO] Host: cat /proc/cmdline
- 20:01:54 [INFO] Target: 
cat /proc/cmdline
console=ttyO0,115200n8 earlyprintk rootwait ip=dhcp root=PARTUUID=00000000-02 rw rootfstype=ext4 rootwait
root@am437x-evm:~# 
- 20:01:54 [INFO] Host: uname -a
- 20:01:55 [INFO] Target: 
uname -a
Linux am437x-evm 3.19.0-rc3-00002-g4049774b7bba #1 SMP Tue Jan 6 18:57:20 CST 2015 armv7l GNU/Linux
root@am437x-evm:~# 
- 20:01:55 [INFO] Host: cat /proc/mtd
- 20:01:55 [INFO] Target: 
cat /proc/mtd
dev:    size   erasesize  name
root@am437x-evm:~# 
- 20:02:07 [INFO] Host: export IPERFHOST=192.168.0.1
- 20:02:08 [INFO] Target: 
export IPERFHOST=192.168.0.1
root@am437x-evm:~# 
- 20:02:08 [INFO] Host: export NFS_SERVER=192.168.0.1
- 20:02:08 [INFO] Target: 
export NFS_SERVER=192.168.0.1
root@am437x-evm:~# 
- 20:02:08 [INFO] Host: export NFS_ROOT_PATH=/home/tigtfarm02/NFS_exports/am43xx-epos
- 20:02:09 [INFO] Target: 
export NFS_ROOT_PATH=/home/tigtfarm02/NFS_exports/am43xx-epos 
[Aroot@am437x-evm:~# export NFS_ROOT_PATH=/home/tigtfarm02/NFS_exports/am43xx-epo[Ks
root@am437x-evm:~# 
- 20:02:09 [INFO] Host: mkdir -p -m 777 /test
- 20:02:09 [INFO] Target: 
mkdir -p -m 777 /test
root@am437x-evm:~# 
- 20:02:09 [INFO] Host: cd /test
- 20:02:10 [INFO] Target: 
cd /test
root@am437x-evm:/test# 
- 20:02:10 [INFO] Host: cat > test.sh << EOF
- 20:02:10 [INFO] Target: 
cat > test.sh << EOF
- 20:02:10 [INFO] Host: failtest() {
- 20:02:11 [INFO] Target: 
failtest() {
- 20:02:11 [INFO] Host:   echo 1 >&3
- 20:02:11 [INFO] Target: 
  echo 1 >&3
- 20:02:11 [INFO] Host: }
- 20:02:12 [INFO] Target: 
- 20:02:12 [INFO] Host: timeout=600
- 20:02:12 [INFO] Target: 
timeout=600
- 20:02:12 [INFO] Host: 
- 20:02:13 [INFO] Target: 
- 20:02:13 [INFO] Host: # Start of user's script logic
- 20:02:13 [INFO] Target: 
# Start of user's script logic
- 20:02:13 [INFO] Host: 
- 20:02:14 [INFO] Target: 
- 20:02:14 [INFO] Host: 
- 20:02:14 [INFO] Target: 
- 20:02:14 [INFO] Host: mount -t proc proc /proc 2>/dev/null;
- 20:02:15 [INFO] Target: 
mount -t proc proc /proc 2>/dev/null;
- 20:02:15 [INFO] Host: 
- 20:02:15 [INFO] Target: 
- 20:02:15 [INFO] Host: mount -t sysfs sys /sys 2>/dev/null;
- 20:02:16 [INFO] Target: 
mount -t sysfs sys /sys 2>/dev/null;
- 20:02:16 [INFO] Host: 
- 20:02:16 [INFO] Target: 
- 20:02:16 [INFO] Host: mount -t debugfs none /sys/kernel/debug 2>/dev/null;
- 20:02:17 [INFO] Target: 
mount -t debugfs none /sys/kernel/debug 2>/dev/null;
- 20:02:17 [INFO] Host: 
- 20:02:17 [INFO] Target: 
- 20:02:17 [INFO] Host: echo 'cpuinfo:';cat /proc/cpuinfo; echo '=======';
- 20:02:18 [INFO] Target: 
echo 'cpuinfo:';cat /proc/cpuinfo; echo '=======';
- 20:02:18 [INFO] Host: 
- 20:02:18 [INFO] Target: 
- 20:02:18 [INFO] Host: echo 'soc info:';head /sys/devices/soc0/* 2>/dev/null; echo '=======';
- 20:02:19 [INFO] Target: 
echo 'soc info:';head /sys/devices/soc0/* 2>/dev/null; echo '=======';
- 20:02:19 [INFO] Host: 
- 20:02:19 [INFO] Target: 
- 20:02:19 [INFO] Host: echo 'DT Model info'; head /proc/device-tree/name /proc/device-tree/model /proc/device-tree/compatible 2>/dev/null;echo; echo '=======';
- 20:02:20 [INFO] Target: 
echo 'DT Model info'; head /proc/device-tree/name /proc/device-tree/model /pro 
c/device-tree/compatible 2>/dev/null;echo; echo '=======';
- 20:02:20 [INFO] Host: 
- 20:02:20 [INFO] Target: 
- 20:02:20 [INFO] Host: echo 'interrupts:';cat /proc/interrupts; echo '=======';
- 20:02:21 [INFO] Target: 
echo 'interrupts:';cat /proc/interrupts; echo '=======';
- 20:02:21 [INFO] Host: 
- 20:02:21 [INFO] Target: 
- 20:02:21 [INFO] Host: echo 'Clk_summary:';cat /sys/kernel/debug/clk/clk_summary; echo '=======';
- 20:02:22 [INFO] Target: 
echo 'Clk_summary:';cat /sys/kernel/debug/clk/clk_summary; echo '=======';
- 20:02:22 [INFO] Host: 
- 20:02:22 [INFO] Target: 
- 20:02:22 [INFO] Host: echo 'Orphan Clks:';ls /sys/kernel/debug/clk/orphans/; echo '=======';
- 20:02:23 [INFO] Target: 
echo 'Orphan Clks:';ls /sys/kernel/debug/clk/orphans/; echo '=======';
- 20:02:23 [INFO] Host: 
- 20:02:23 [INFO] Target: 
- 20:02:23 [INFO] Host: echo "Available frequencies"; cat /sys/devices/system/cpu/cpu0/cpufreq/scaling_available_frequencies 2>/dev/null;echo '=======';
- 20:02:24 [INFO] Target: 
echo "Available frequencies"; cat /sys/devices/system/cpu/cpu0/cpufreq/scaling 
_available_frequencies 2>/dev/null;echo '=======';
- 20:02:24 [INFO] Host: 
- 20:02:24 [INFO] Target: 
- 20:02:24 [INFO] Host: echo 'H''ello World' 'B''oard Booted';
- 20:02:25 [INFO] Target: 
echo 'H''ello World' 'B''oard Booted';
- 20:02:25 [INFO] Host: 
- 20:02:26 [INFO] Target: 
- 20:02:26 [INFO] Host: EOF
- 20:02:26 [INFO] Target: 
root@am437x-evm:/test# 
- 20:02:26 [INFO] Host: cd /test
- 20:02:27 [INFO] Target: 
cd /test
root@am437x-evm:/test# 
- 20:02:27 [INFO] Host: chmod +x test.sh
- 20:02:27 [INFO] Target: 
chmod +x test.sh
root@am437x-evm:/test# 
- 20:02:27 [INFO] Host: ./test.sh 2> stderr.log > stdout.log 3> result.log
- 20:02:28 [INFO] Target: 
./test.sh 2> stderr.log > stdout.log 3> result.log
root@am437x-evm:/test# 
- 20:02:28 [INFO] Host: echo $?
- 20:02:28 [INFO] Target: 
echo $?
root@am437x-evm:/test# 
- 20:02:28 [INFO] Host: cd /test
- 20:02:29 [INFO] Target: 
cd /test
root@am437x-evm:/test# 
- 20:02:29 [INFO] Host: cat stdout.log
- 20:02:30 [INFO] Target: 
cat stdout.log
cpuinfo:
processor	: 0
model name	: ARMv7 Processor rev 10 (v7l)
BogoMIPS	: 1195.21
Features	: half thumb fastmult vfp edsp thumbee neon vfpv3 tls vfpd32 
CPU implementer	: 0x41
CPU architecture: 7
CPU variant	: 0x2
CPU part	: 0xc09
CPU revision	: 10
Hardware	: Generic AM43 (Flattened Device Tree)
Revision	: 0000
Serial		: 0000000000000000
=======
soc info:
==> /sys/devices/soc0/family <==
AM43xx
==> /sys/devices/soc0/machine <==
AM437x
==> /sys/devices/soc0/power <==
==> /sys/devices/soc0/revision <==
ES1.1
==> /sys/devices/soc0/subsystem <==
==> /sys/devices/soc0/type <==
==> /sys/devices/soc0/uevent <==
=======
DT Model info
==> /proc/device-tree/name <==
==> /proc/device-tree/model <==
TI AM43x EPOS EVM
==> /proc/device-tree/compatible <==
ti,am43x-epos-evmti,am4372ti,am43
=======
interrupts:
           CPU0       
 16:       3392       GIC 100  gp_timer
 18:          1       GIC  41  l3-dbg-irq
 19:          1       GIC  42  l3-app-irq
 20:       2222       GIC  44  edma
 22:          8       GIC  46  edma_error
 23:       4461       GIC 104  OMAP UART0
 33:          0  44e07000.gpio   6  mmc0
158:          0       GIC 102  44e0b000.i2c
159:          0       GIC  62  4819c000.i2c
161:       6785       GIC  96  mmc0
163:          0       GIC  72  4a100000.ethernet
164:         46       GIC  73  4a100000.ethernet
165:         15       GIC  74  4a100000.ethernet
166:          0       GIC  75  4a100000.ethernet
172:          0       GIC 132  gpmc
IPI0:          0  CPU wakeup interrupts
IPI1:          0  Timer broadcast interrupts
IPI2:          0  Rescheduling interrupts
IPI3:          0  Function call interrupts
IPI4:          0  Single function call interrupts
IPI5:          0  CPU stop interrupts
IPI6:          0  IRQ work interrupts
IPI7:          0  completion interrupts
Err:          0
=======
Clk_summary:
   clock                         enable_cnt  prepare_cnt        rate   accuracy   phase
----------------------------------------------------------------------------------------
 clk_32k_mosc_ck                          0            0       32768          0 0  
 clk_32k_tpm_ck                           0            0       32768          0 0  
 tclkin_ck                                0            0    26000000          0 0  
 virt_26000000_ck                         0            0    26000000          0 0  
 virt_25000000_ck                         1            1    25000000          0 0  
    sysboot_freq_sel_ck                   1            1    25000000          0 0  
       sys_clkin_ck                      20           38    25000000          0 0  
          vtp_clk_div                     0            0    12500000          0 0  
          dll_aging_clk_div               0            0     3125000          0 0  
          timer11_fck                     0            1    25000000          0 0  
          timer10_fck                     0            1    25000000          0 0  
          timer9_fck                      0            1    25000000          0 0  
          timer8_fck                      0            1    25000000          0 0  
          dpll_extdev_ck                  0            0    25000000          0 0  
             dpll_extdev_m2_ck            0            0    25000000          0 0  
          timer7_fck                      0            1    25000000          0 0  
          timer6_fck                      0            1    25000000          0 0  
          timer5_fck                      0            1    25000000          0 0  
          timer4_fck                      0            1    25000000          0 0  
          timer3_fck                      0            1    25000000          0 0  
          timer2_fck                      1            1    25000000          0 0  
          timer1_fck                      1            1    25000000          0 0  
          dpll_per_ck                     1            2   960000000          0 0  
             dpll_per_clkdcoldo           0            2   960000000          0 0  
                usb_otg_ss1_refclk960m           0            1   960000000          0 0  
                usb_otg_ss0_refclk960m           0            1   960000000          0 0  
             dpll_per_m2_ck               1            4   192000000          0 0  
                ehrpwm5_tbclk             0            0   192000000          0 0  
                ehrpwm4_tbclk             0            0   192000000          0 0  
                ehrpwm3_tbclk             0            0   192000000          0 0  
                ehrpwm2_tbclk             0            0   192000000          0 0  
                ehrpwm1_tbclk             0            0   192000000          0 0  
                ehrpwm0_tbclk             0            0   192000000          0 0  
                func_12m_clk              0            0    12000000          0 0  
                mmc_clk                   0            3    96000000          0 0  
                clk_24mhz                 0            1    24000000          0 0  
                   clkdiv32k_ck           0            1       32786          0 0  
                      clkdiv32k_ick           0            5       32786          0 0  
                         gpio5_dbclk           0            1       32786          0 0  
                         gpio4_dbclk           0            1       32786          0 0  
                         gpio3_dbclk           0            1       32786          0 0  
                         gpio2_dbclk           0            1       32786          0 0  
                         gpio1_dbclk           0            1       32786          0 0  
                dpll_per_m2_div4_ck           0           12    48000000          0 0  
                dpll_per_m2_div4_wkupdm_ck           1            2    48000000          0 0  
          dpll_disp_ck                    0            1    25000000          0 0  
             dpll_disp_m2_ck              0            1    25000000          0 0  
                disp_clk                  0            3    25000000          0 0  
          dpll_ddr_ck                     0            0   266000000          0 0  
             dpll_ddr_x2_ck               0            0   532000000          0 0  
                dpll_ddr_m4_ck            0            0   532000000          0 0  
             dpll_ddr_m2_ck               0            0   266000000          0 0  
          dpll_mpu_ck                     1            1   600000000          0 0  
             dpll_mpu_m2_ck               3            3   600000000          0 0  
          dpll_core_ck                    1            1  1000000000          0 0  
             dpll_core_x2_ck              2            2  2000000000          0 0  
                dpll_core_m6_ck           0            0   500000000          0 0  
                dpll_core_m5_ck           1            1   250000000          0 0  
                   cpsw_cpts_rft_clk           0            0   250000000          0 0  
                   cpsw_50m_clkdiv           0            0   250000000          0 0  
                      cpsw_5m_clkdiv           0            0    25000000          0 0  
                   cpsw_125mhz_gclk           3            3   125000000          0 0  
                dpll_core_m4_ck           6            6   200000000          0 0  
                   l4hs_gclk              1            1   200000000          0 0  
                   l3_gclk               13           14   200000000          0 0  
                   sysclk_div             1            3   200000000          0 0  
                      div_core_25m_ck           0            0    25000000          0 0  
                      gfx_fclk_clksel_ck           0            1   200000000          0 0  
                         gfx_fck_div_ck           0            1   200000000          0 0  
                      dpll_core_m4_div2_ck           3            3   100000000          0 0  
                         l4ls_gclk          60           88   100000000          0 0  
                         l3s_gclk          12           15   100000000          0 0  
                      pruss_ocp_gclk           0            1   200000000          0 0  
          aes0_fck                        1            2    25000000          0 0  
          sha0_fck                        1            1    25000000          0 0  
          smartreflex1_fck                0            1    25000000          0 0  
          smartreflex0_fck                0            1    25000000          0 0  
          mcasp1_fck                      0            1    25000000          0 0  
          mcasp0_fck                      0            1    25000000          0 0  
          dcan1_fck                       0            1    25000000          0 0  
          dcan0_fck                       0            1    25000000          0 0  
          adc_tsc_fck                     0            1    25000000          0 0  
 virt_24000000_ck                         0            0    24000000          0 0  
 virt_19200000_ck                         0            0    19200000          0 0  
    crystal_freq_sel_ck                   0            0    19200000          0 0  
 clk_rc32k_ck                             0            2       32768          0 0  
    gpio0_dbclk_mux_ck                    0            1       32768          0 0  
       gpio0_dbclk                        0            1       32768          0 0  
    wdt1_fck                              0            1       32768          0 0  
 clk_32768_ck                             0            2       32768          0 0  
    mux_synctimer32k_ck                   0            1       32768          0 0  
       synctimer_32kclk                   0            1       32768          0 0  
    usbphy_32khz_clkmux                   0            2       32768          0 0  
       usb_phy1_always_on_clk32k           0            1       32768          0 0  
       usb_phy0_always_on_clk32k           0            1       32768          0 0  
=======
Orphan Clks:
=======
Available frequencies
=======
Hello World Board Booted
root@am437x-evm:/test# 
- 20:02:30 [INFO] Host: cat stderr.log
- 20:02:30 [INFO] Target: 
cat stderr.log
ls: /sys/kernel/debug/clk/orphans/: No such file or directory
root@am437x-evm:/test# 
- 20:02:30 [INFO] Host: cat result.log
- 20:02:32 [ERROR] On command: cat result.log waiting for cat result.log.+?(?m-ix:^1[\0\n\r]+) >>> error: execution expired
- 20:02:32 [INFO] Target: 
cat result.log
root@am437x-evm:/test# 
- 20:02:32 [INFO] Host: cd /test
- 20:02:33 [INFO] Target: 
cd /test
root@am437x-evm:/test# 
URL:gtsystest.telogy.design.ti.com/vatf/tigtfarm02/tigtfarm02_vatf@am43xx-epos/tigtfarm0201_06_2015_19_59_49/files/session_iteration_1/test_1
