- 07:11:02 [INFO] Starting target session
- 07:11:02 [INFO] Connected to am43xx-gpevm via serial 
- 07:11:02 [INFO] Host: #check prompt
- 07:11:05 [ERROR] On command: #check prompt waiting for #check prompt.+?(?-mix:((?-mix:login:)|[Pp]assword)) >>> error: execution expired
- 07:11:05 [INFO] Target: 
#check prompt
root@am437x-evm:/test# 
- 07:11:05 [INFO] Host: #check prompt
- 07:11:05 [INFO] Target: 
#check prompt
root@am437x-evm:/test# 
- 07:11:05 [INFO] Host: sync;poweroff
- 07:11:19 [INFO] Target: 
sync;poweroff
INIT: Switchiv
INIT: Sending processes the TERM signal
Broadcast message from root@am437x-evm (ttyO0) (Thu Aug 28 01:26:14 2014):
The system is going down for system halt NOW!
root@am437x-evm:/test# 
INIT: SendinStopping syslogd/klogd: stopped syslogd (pid 1301)
stopped klogd (pid 1305)
done
Deconfiguring network interfaces... done.
Sending all processes the TERM signal...
Sending all processes the KILL signal...
Unmounting remote filesystems...
Deactivating swap...
Unmounting local filesystems...
[  747.056214] reboot: System halted
- 07:11:19 [INFO] Disconnected serial from am43xx-gpevm
- 07:11:59 [INFO] Connected to am43xx-gpevm via serial 
- 07:11:59 [INFO] Host: 
- 07:12:00 [INFO] Target: 
NAND:  512 MiB
MMC:   OMAP SD/MMC: 0, OMAP SD/MMC: 1
Using default environment
Net:   <ethaddr> not set. Validating first E-fuse MAC
cpsw
Hit any key to stop autoboot:  1  0 
U-Boot# 
- 07:12:00 [INFO] Host: 
- 07:12:00 [INFO] Target: 
U-Boot# 
- 07:12:00 [INFO] Host: version
- 07:12:01 [INFO] Target: 
version
U-Boot 2014.07-00071-gaca0808 (Oct 02 2014 - 11:23:51)
arm-linux-gnueabihf-gcc (crosstool-NG linaro-1.13.1-4.7-2013.03-20130313 - Linaro GCC 2013.03) 4.7.3 20130226 (prerelease)
GNU ld (crosstool-NG linaro-1.13.1-4.7-2013.03-20130313 - Linaro GCC 2013.03) 2.23.1
U-Boot# 
- 07:12:01 [INFO] Host: setenv bootargs 'console=ttyO0,115200n8 earlyprintk rootwait '
- 07:12:01 [INFO] Target: 
setenv bootargs 'console=ttyO0,115200n8 earlyprintk rootwait '
U-Boot# 
- 07:12:01 [INFO] Host: setenv bootcmd  ''
- 07:12:02 [INFO] Target: 
setenv bootcmd  ''
U-Boot# 
- 07:12:02 [INFO] Host: setenv autoload 'no'
- 07:12:02 [INFO] Target: 
setenv autoload 'no'
U-Boot# 
- 07:12:02 [INFO] Host: setenv serverip '192.168.0.1'
- 07:12:03 [INFO] Target: 
setenv serverip '192.168.0.1'
U-Boot# 
- 07:12:03 [INFO] Host: printenv
- 07:12:03 [INFO] Target: 
printenv
arch=arm
autoload=no
baudrate=115200
board=am43xx
board_name=AM43__GP
board_rev=1.4A
bootargs=console=ttyO0,115200n8 earlyprintk rootwait 
bootcmd=
bootdelay=1
bootdir=/boot
bootenv=uEnv.txt
bootfile=zImage
bootm_size=0x10000000
bootpart=0:2
console=ttyO0,115200n8
cpu=armv7
dfu_alt_info_emmc=MLO raw 0x100 0x100 mmcpart 0;u-boot.img raw 0x300 0x1000 mmcpart 0
dfu_alt_info_mmc=boot part 0 1;rootfs part 0 2;MLO fat 0 1;spl-os-args fat 0 1;spl-os-image fat 0 1;u-boot.img fat 0 1;uEnv.txt fat 0 1
dfu_alt_info_ram=kernel ram 0x80200000 0x4000000;fdt ram 0x80f80000 0x80000;ramdisk ram 0x81000000 0x4000000
dfu_bufsiz=0x10000
eth1addr=34:b1:f7:31:12:72
ethact=cpsw
ethaddr=34:b1:f7:31:12:70
fdt_addr_r=0x88000000
fdtaddr=0x88000000
fdtfile=undefined
findfdt=if test $board_name = AM43EPOS; then setenv fdtfile am43x-epos-evm.dtb; fi; if test $board_name = AM43__GP; then setenv fdtfile am437x-gp-evm.dtb; fi; if test $board_name = AM43__SK; then setenv fdtfile am437x-sk-evm.dtb; fi; if test $fdtfile = undefined; then echo WARNING: Could not determine device tree; fi; 
importbootenv=echo Importing environment from mmc ...; env import -t $loadaddr $filesize
kernel_addr_r=0x82000000
loadaddr=0x82000000
loadbootenv=load ${devtype} ${devnum} ${loadaddr} ${bootenv}
loadfdt=load ${devtype} ${bootpart} ${fdtaddr} ${bootdir}/${fdtfile}
loadimage=load ${devtype} ${bootpart} ${loadaddr} ${bootdir}/${bootfile}
loadramdisk=load ${devtype} ${devnum} ${rdaddr} ramdisk.gz
mmcargs=setenv bootargs console=${console} ${optargs} root=${mmcroot} rootfstype=${mmcrootfstype}
mmcboot=mmc dev ${mmcdev}; setenv devnum ${mmcdev}; setenv devtype mmc; if mmc rescan; then echo SD/MMC found on device ${devnum};if run loadbootenv; then echo Loaded environment from ${bootenv};run importbootenv;fi;if test -n $uenvcmd; then echo Running uenvcmd ...;run uenvcmd;fi;if run loadimage; then run loadfdt; echo Booting from mmc${mmcdev} ...; run mmcargs; bootz ${loadaddr} - ${fdtaddr}; fi;fi;
mmcdev=0
mmcroot=/dev/mmcblk0p2 rw
mmcrootfstype=ext4 rootwait
mtdids=nand0=nand.0
mtdparts=mtdparts=nand.0:256k(NAND.SPL),256k(NAND.SPL.backup1),256k(NAND.SPL.backup2),256k(NAND.SPL.backup3),512k(NAND.u-boot-spl-os),1m(NAND.u-boot),256k(NAND.u-boot-env),256k(NAND.u-boot-env.backup1),7m(NAND.kernel),-(NAND.file-system)
nandargs=setenv bootargs console=${console} ${optargs} root=${nandroot} rootfstype=${nandrootfstype}
nandboot=echo Booting from nand ...; run nandargs; nand read ${fdtaddr} NAND.u-boot-spl-os; nand read ${loadaddr} NAND.kernel; bootz ${loadaddr} - ${fdtaddr}
nandroot=ubi0:rootfs rw ubi.mtd=NAND.file-system,4096
nandrootfstype=ubifs rootwait=1
partitions=uuid_disk=${uuid_gpt_disk};name=rootfs,start=2MiB,size=-,uuid=${uuid_gpt_rootfs}
ramargs=setenv bootargs console=${console} ${optargs} root=${ramroot} rootfstype=${ramrootfstype}
ramdisk_addr_r=0x88080000
ramroot=/dev/ram0 rw
ramrootfstype=ext2
rdaddr=0x88080000
serverip=192.168.0.1
soc=am33xx
stderr=serial
stdin=serial
stdout=serial
usbargs=setenv bootargs console=${console} ${optargs} root=${usbroot} rootfstype=${usbrootfstype}
usbboot=setenv devnum ${usbdev}; setenv devtype usb; usb start ${usbdev}; if usb dev ${usbdev}; then if run loadbootenv; then echo Loaded environment from ${bootenv};run importbootenv;fi;if test -n $uenvcmd; then echo Running uenvcmd ...;run uenvcmd;fi;if run loadimage; then run loadfdt; echo Booting from usb ${usbdev}...; run usbargs;bootz ${loadaddr} - ${fdtaddr}; fi;fi
usbdev=0
usbroot=/dev/sda2 rw
usbrootfstype=ext4 rootwait
vendor=ti
ver=U-Boot 2014.07-00071-gaca0808 (Oct 02 2014 - 11:23:51)
Environment size: 3710/65532 bytes
U-Boot# 
- 07:12:03 [INFO] Host: printenv
- 07:12:04 [INFO] Target: 
printenv
arch=arm
autoload=no
baudrate=115200
board=am43xx
board_name=AM43__GP
board_rev=1.4A
bootargs=console=ttyO0,115200n8 earlyprintk rootwait 
bootcmd=
bootdelay=1
bootdir=/boot
bootenv=uEnv.txt
bootfile=zImage
bootm_size=0x10000000
bootpart=0:2
console=ttyO0,115200n8
cpu=armv7
dfu_alt_info_emmc=MLO raw 0x100 0x100 mmcpart 0;u-boot.img raw 0x300 0x1000 mmcpart 0
dfu_alt_info_mmc=boot part 0 1;rootfs part 0 2;MLO fat 0 1;spl-os-args fat 0 1;spl-os-image fat 0 1;u-boot.img fat 0 1;uEnv.txt fat 0 1
dfu_alt_info_ram=kernel ram 0x80200000 0x4000000;fdt ram 0x80f80000 0x80000;ramdisk ram 0x81000000 0x4000000
dfu_bufsiz=0x10000
eth1addr=34:b1:f7:31:12:72
ethact=cpsw
ethaddr=34:b1:f7:31:12:70
fdt_addr_r=0x88000000
fdtaddr=0x88000000
fdtfile=undefined
findfdt=if test $board_name = AM43EPOS; then setenv fdtfile am43x-epos-evm.dtb; fi; if test $board_name = AM43__GP; then setenv fdtfile am437x-gp-evm.dtb; fi; if test $board_name = AM43__SK; then setenv fdtfile am437x-sk-evm.dtb; fi; if test $fdtfile = undefined; then echo WARNING: Could not determine device tree; fi; 
importbootenv=echo Importing environment from mmc ...; env import -t $loadaddr $filesize
kernel_addr_r=0x82000000
loadaddr=0x82000000
loadbootenv=load ${devtype} ${devnum} ${loadaddr} ${bootenv}
loadfdt=load ${devtype} ${bootpart} ${fdtaddr} ${bootdir}/${fdtfile}
loadimage=load ${devtype} ${bootpart} ${loadaddr} ${bootdir}/${bootfile}
loadramdisk=load ${devtype} ${devnum} ${rdaddr} ramdisk.gz
mmcargs=setenv bootargs console=${console} ${optargs} root=${mmcroot} rootfstype=${mmcrootfstype}
mmcboot=mmc dev ${mmcdev}; setenv devnum ${mmcdev}; setenv devtype mmc; if mmc rescan; then echo SD/MMC found on device ${devnum};if run loadbootenv; then echo Loaded environment from ${bootenv};run importbootenv;fi;if test -n $uenvcmd; then echo Running uenvcmd ...;run uenvcmd;fi;if run loadimage; then run loadfdt; echo Booting from mmc${mmcdev} ...; run mmcargs; bootz ${loadaddr} - ${fdtaddr}; fi;fi;
mmcdev=0
mmcroot=/dev/mmcblk0p2 rw
mmcrootfstype=ext4 rootwait
mtdids=nand0=nand.0
mtdparts=mtdparts=nand.0:256k(NAND.SPL),256k(NAND.SPL.backup1),256k(NAND.SPL.backup2),256k(NAND.SPL.backup3),512k(NAND.u-boot-spl-os),1m(NAND.u-boot),256k(NAND.u-boot-env),256k(NAND.u-boot-env.backup1),7m(NAND.kernel),-(NAND.file-system)
nandargs=setenv bootargs console=${console} ${optargs} root=${nandroot} rootfstype=${nandrootfstype}
nandboot=echo Booting from nand ...; run nandargs; nand read ${fdtaddr} NAND.u-boot-spl-os; nand read ${loadaddr} NAND.kernel; bootz ${loadaddr} - ${fdtaddr}
nandroot=ubi0:rootfs rw ubi.mtd=NAND.file-system,4096
nandrootfstype=ubifs rootwait=1
partitions=uuid_disk=${uuid_gpt_disk};name=rootfs,start=2MiB,size=-,uuid=${uuid_gpt_rootfs}
ramargs=setenv bootargs console=${console} ${optargs} root=${ramroot} rootfstype=${ramrootfstype}
ramdisk_addr_r=0x88080000
ramroot=/dev/ram0 rw
ramrootfstype=ext2
rdaddr=0x88080000
serverip=192.168.0.1
soc=am33xx
stderr=serial
stdin=serial
stdout=serial
usbargs=setenv bootargs console=${console} ${optargs} root=${usbroot} rootfstype=${usbrootfstype}
usbboot=setenv devnum ${usbdev}; setenv devtype usb; usb start ${usbdev}; if usb dev ${usbdev}; then if run loadbootenv; then echo Loaded environment from ${bootenv};run importbootenv;fi;if test -n $uenvcmd; then echo Running uenvcmd ...;run uenvcmd;fi;if run loadimage; then run loadfdt; echo Booting from usb ${usbdev}...; run usbargs;bootz ${loadaddr} - ${fdtaddr}; fi;fi
usbdev=0
usbroot=/dev/sda2 rw
usbrootfstype=ext4 rootwait
vendor=ti
ver=U-Boot 2014.07-00071-gaca0808 (Oct 02 2014 - 11:23:51)
Environment size: 3710/65532 bytes
U-Boot# 
- 07:12:04 [INFO] Host: setenv bootargs ''${bootargs}' ip=dhcp '
- 07:12:04 [INFO] Target: 
setenv bootargs ''${bootargs}' ip=dhcp '
U-Boot# 
- 07:12:04 [INFO] Host: setenv serverip '192.168.0.1'
- 07:12:05 [INFO] Target: 
setenv serverip '192.168.0.1'
U-Boot# 
- 07:12:05 [INFO] Host: setenv ipaddr dhcp
- 07:12:05 [INFO] Target: 
setenv ipaddr dhcp
U-Boot# 
- 07:12:05 [INFO] Host: setenv autoload 'no'
- 07:12:06 [INFO] Target: 
setenv autoload 'no'
U-Boot# 
- 07:12:06 [INFO] Host: dhcp
- 07:12:07 [INFO] Target: 
dhcp
link up on port 0, speed 1000, full duplex
BOOTP broadcast 1
DHCP client bound to address 192.168.0.123
U-Boot# 
- 07:12:07 [INFO] Host: setenv serverip '192.168.0.1'
- 07:12:08 [INFO] Target: 
setenv serverip '192.168.0.1'
U-Boot# 
- 07:12:08 [INFO] Host: tftp ${loadaddr} 192.168.0.1:vatf_am43xx-gpevm2/02f598a8565a821e34188fa6ec296f73
- 07:12:09 [INFO] Target: 
tftp ${loadaddr} 192.168.0.1:vatf_am43xx-gpevm2/02f598a8565a821e34188fa6ec296f73
link up on port 0, speed 1000, full duplex
Using cpsw device
TFTP from server 192.168.0.1; our IP address is 192.168.0.123
Filename 'vatf_am43xx-gpevm2/02f598a8565a821e34188fa6ec296f73'.
Load address: 0x82000000
Loading: *#################################################################
	 #################################################################
	 #################################################################
	 #################################################################
	 #################################################################
	 #################################################################
	 ####
	 10.1 MiB/s
done
Bytes transferred = 5779944 (5831e8 hex)
U-Boot# 
- 07:12:09 [INFO] Host: tftp ${fdt_addr_r} 192.168.0.1:vatf_am43xx-gpevm2/eb1da4e255023310d09d780b388db7ba
- 07:12:09 [INFO] Target: 
tftp ${fdt_addr_r} 192.168.0.1:vatf_am43xx-gpevm2/eb1da4e255023310d09d780b388db7ba
link up on port 0, speed 1000, full duplex
Using cpsw device
TFTP from server 192.168.0.1; our IP address is 192.168.0.123
Filename 'vatf_am43xx-gpevm2/eb1da4e255023310d09d780b388db7ba'.
Load address: 0x88000000
Loading: *###
	 6.1 MiB/s
done
Bytes transferred = 38673 (9711 hex)
U-Boot# 
- 07:12:09 [INFO] Host: ls mmc 0:1
- 07:12:10 [INFO] Target: 
ls mmc 0:1
   116932   mlo 
     1164   readme 
   402732   u-boot.img 
       13   .ipaddr 
        4   ws-calibrate.rules 
5 file(s), 0 dir(s)
U-Boot# 
- 07:12:10 [INFO] Host: ls mmc 0:2
- 07:12:10 [INFO] Target: 
ls mmc 0:2
<DIR>       4096 .
<DIR>       4096 ..
<DIR>       4096 bin
<DIR>       4096 boot
<DIR>       4096 dev
<DIR>       4096 etc
<DIR>       4096 home
<DIR>       4096 lib
<DIR>       4096 media
<DIR>       4096 mnt
<DIR>       4096 opt
<DIR>       4096 proc
<DIR>       4096 run
<DIR>       4096 sbin
<DIR>       4096 srv
<DIR>       4096 sys
<SYM>          8 tmp
<DIR>       4096 usr
<DIR>       4096 var
<DIR>       4096 www
<DIR>       4096 test
U-Boot# 
- 07:12:10 [INFO] Host: part uuid mmc 0:2
- 07:12:11 [INFO] Target: 
part uuid mmc 0:2
00000000-02
U-Boot# 
- 07:12:11 [INFO] Host: printenv
- 07:12:11 [INFO] Target: 
printenv
arch=arm
autoload=no
baudrate=115200
board=am43xx
board_name=AM43__GP
board_rev=1.4A
bootargs=console=ttyO0,115200n8 earlyprintk rootwait  ip=dhcp 
bootcmd=
bootdelay=1
bootdir=/boot
bootenv=uEnv.txt
bootfile=zImage
bootm_size=0x10000000
bootpart=0:2
console=ttyO0,115200n8
cpu=armv7
dfu_alt_info_emmc=MLO raw 0x100 0x100 mmcpart 0;u-boot.img raw 0x300 0x1000 mmcpart 0
dfu_alt_info_mmc=boot part 0 1;rootfs part 0 2;MLO fat 0 1;spl-os-args fat 0 1;spl-os-image fat 0 1;u-boot.img fat 0 1;uEnv.txt fat 0 1
dfu_alt_info_ram=kernel ram 0x80200000 0x4000000;fdt ram 0x80f80000 0x80000;ramdisk ram 0x81000000 0x4000000
dfu_bufsiz=0x10000
dnsip=192.0.2.2
dnsip2=192.0.2.3
eth1addr=34:b1:f7:31:12:72
ethact=cpsw
ethaddr=34:b1:f7:31:12:70
fdt_addr_r=0x88000000
fdtaddr=0x88000000
fdtfile=undefined
fileaddr=88000000
filesize=9711
findfdt=if test $board_name = AM43EPOS; then setenv fdtfile am43x-epos-evm.dtb; fi; if test $board_name = AM43__GP; then setenv fdtfile am437x-gp-evm.dtb; fi; if test $board_name = AM43__SK; then setenv fdtfile am437x-sk-evm.dtb; fi; if test $fdtfile = undefined; then echo WARNING: Could not determine device tree; fi; 
gatewayip=192.168.0.1
importbootenv=echo Importing environment from mmc ...; env import -t $loadaddr $filesize
ipaddr=192.168.0.123
kernel_addr_r=0x82000000
loadaddr=0x82000000
loadbootenv=load ${devtype} ${devnum} ${loadaddr} ${bootenv}
loadfdt=load ${devtype} ${bootpart} ${fdtaddr} ${bootdir}/${fdtfile}
loadimage=load ${devtype} ${bootpart} ${loadaddr} ${bootdir}/${bootfile}
loadramdisk=load ${devtype} ${devnum} ${rdaddr} ramdisk.gz
mmcargs=setenv bootargs console=${console} ${optargs} root=${mmcroot} rootfstype=${mmcrootfstype}
mmcboot=mmc dev ${mmcdev}; setenv devnum ${mmcdev}; setenv devtype mmc; if mmc rescan; then echo SD/MMC found on device ${devnum};if run loadbootenv; then echo Loaded environment from ${bootenv};run importbootenv;fi;if test -n $uenvcmd; then echo Running uenvcmd ...;run uenvcmd;fi;if run loadimage; then run loadfdt; echo Booting from mmc${mmcdev} ...; run mmcargs; bootz ${loadaddr} - ${fdtaddr}; fi;fi;
mmcdev=0
mmcroot=/dev/mmcblk0p2 rw
mmcrootfstype=ext4 rootwait
mtdids=nand0=nand.0
mtdparts=mtdparts=nand.0:256k(NAND.SPL),256k(NAND.SPL.backup1),256k(NAND.SPL.backup2),256k(NAND.SPL.backup3),512k(NAND.u-boot-spl-os),1m(NAND.u-boot),256k(NAND.u-boot-env),256k(NAND.u-boot-env.backup1),7m(NAND.kernel),-(NAND.file-system)
nandargs=setenv bootargs console=${console} ${optargs} root=${nandroot} rootfstype=${nandrootfstype}
nandboot=echo Booting from nand ...; run nandargs; nand read ${fdtaddr} NAND.u-boot-spl-os; nand read ${loadaddr} NAND.kernel; bootz ${loadaddr} - ${fdtaddr}
nandroot=ubi0:rootfs rw ubi.mtd=NAND.file-system,4096
nandrootfstype=ubifs rootwait=1
netmask=255.255.255.0
partitions=uuid_disk=${uuid_gpt_disk};name=rootfs,start=2MiB,size=-,uuid=${uuid_gpt_rootfs}
ramargs=setenv bootargs console=${console} ${optargs} root=${ramroot} rootfstype=${ramrootfstype}
ramdisk_addr_r=0x88080000
ramroot=/dev/ram0 rw
ramrootfstype=ext2
rdaddr=0x88080000
serverip=192.168.0.1
soc=am33xx
stderr=serial
stdin=serial
stdout=serial
usbargs=setenv bootargs console=${console} ${optargs} root=${usbroot} rootfstype=${usbrootfstype}
usbboot=setenv devnum ${usbdev}; setenv devtype usb; usb start ${usbdev}; if usb dev ${usbdev}; then if run loadbootenv; then echo Loaded environment from ${bootenv};run importbootenv;fi;if test -n $uenvcmd; then echo Running uenvcmd ...;run uenvcmd;fi;if run loadimage; then run loadfdt; echo Booting from usb ${usbdev}...; run usbargs;bootz ${loadaddr} - ${fdtaddr}; fi;fi
usbdev=0
usbroot=/dev/sda2 rw
usbrootfstype=ext4 rootwait
vendor=ti
ver=U-Boot 2014.07-00071-gaca0808 (Oct 02 2014 - 11:23:51)
Environment size: 3863/65532 bytes
U-Boot# 
- 07:12:11 [INFO] Host: setenv bootargs ''${bootargs}' root=PARTUUID=00000000-02 rw rootfstype=ext4 rootwait '
- 07:12:12 [INFO] Target: 
setenv bootargs ''${bootargs}' root=PARTUUID=00000000-02 rw rootfstype=ext4 rootwait '
U-Boot# 
- 07:12:12 [INFO] Host: printenv
- 07:12:12 [INFO] Target: 
printenv
arch=arm
autoload=no
baudrate=115200
board=am43xx
board_name=AM43__GP
board_rev=1.4A
bootargs=console=ttyO0,115200n8 earlyprintk rootwait  ip=dhcp  root=PARTUUID=00000000-02 rw rootfstype=ext4 rootwait 
bootcmd=
bootdelay=1
bootdir=/boot
bootenv=uEnv.txt
bootfile=zImage
bootm_size=0x10000000
bootpart=0:2
console=ttyO0,115200n8
cpu=armv7
dfu_alt_info_emmc=MLO raw 0x100 0x100 mmcpart 0;u-boot.img raw 0x300 0x1000 mmcpart 0
dfu_alt_info_mmc=boot part 0 1;rootfs part 0 2;MLO fat 0 1;spl-os-args fat 0 1;spl-os-image fat 0 1;u-boot.img fat 0 1;uEnv.txt fat 0 1
dfu_alt_info_ram=kernel ram 0x80200000 0x4000000;fdt ram 0x80f80000 0x80000;ramdisk ram 0x81000000 0x4000000
dfu_bufsiz=0x10000
dnsip=192.0.2.2
dnsip2=192.0.2.3
eth1addr=34:b1:f7:31:12:72
ethact=cpsw
ethaddr=34:b1:f7:31:12:70
fdt_addr_r=0x88000000
fdtaddr=0x88000000
fdtfile=undefined
fileaddr=88000000
filesize=9711
findfdt=if test $board_name = AM43EPOS; then setenv fdtfile am43x-epos-evm.dtb; fi; if test $board_name = AM43__GP; then setenv fdtfile am437x-gp-evm.dtb; fi; if test $board_name = AM43__SK; then setenv fdtfile am437x-sk-evm.dtb; fi; if test $fdtfile = undefined; then echo WARNING: Could not determine device tree; fi; 
gatewayip=192.168.0.1
importbootenv=echo Importing environment from mmc ...; env import -t $loadaddr $filesize
ipaddr=192.168.0.123
kernel_addr_r=0x82000000
loadaddr=0x82000000
loadbootenv=load ${devtype} ${devnum} ${loadaddr} ${bootenv}
loadfdt=load ${devtype} ${bootpart} ${fdtaddr} ${bootdir}/${fdtfile}
loadimage=load ${devtype} ${bootpart} ${loadaddr} ${bootdir}/${bootfile}
loadramdisk=load ${devtype} ${devnum} ${rdaddr} ramdisk.gz
mmcargs=setenv bootargs console=${console} ${optargs} root=${mmcroot} rootfstype=${mmcrootfstype}
mmcboot=mmc dev ${mmcdev}; setenv devnum ${mmcdev}; setenv devtype mmc; if mmc rescan; then echo SD/MMC found on device ${devnum};if run loadbootenv; then echo Loaded environment from ${bootenv};run importbootenv;fi;if test -n $uenvcmd; then echo Running uenvcmd ...;run uenvcmd;fi;if run loadimage; then run loadfdt; echo Booting from mmc${mmcdev} ...; run mmcargs; bootz ${loadaddr} - ${fdtaddr}; fi;fi;
mmcdev=0
mmcroot=/dev/mmcblk0p2 rw
mmcrootfstype=ext4 rootwait
mtdids=nand0=nand.0
mtdparts=mtdparts=nand.0:256k(NAND.SPL),256k(NAND.SPL.backup1),256k(NAND.SPL.backup2),256k(NAND.SPL.backup3),512k(NAND.u-boot-spl-os),1m(NAND.u-boot),256k(NAND.u-boot-env),256k(NAND.u-boot-env.backup1),7m(NAND.kernel),-(NAND.file-system)
nandargs=setenv bootargs console=${console} ${optargs} root=${nandroot} rootfstype=${nandrootfstype}
nandboot=echo Booting from nand ...; run nandargs; nand read ${fdtaddr} NAND.u-boot-spl-os; nand read ${loadaddr} NAND.kernel; bootz ${loadaddr} - ${fdtaddr}
nandroot=ubi0:rootfs rw ubi.mtd=NAND.file-system,4096
nandrootfstype=ubifs rootwait=1
netmask=255.255.255.0
partitions=uuid_disk=${uuid_gpt_disk};name=rootfs,start=2MiB,size=-,uuid=${uuid_gpt_rootfs}
ramargs=setenv bootargs console=${console} ${optargs} root=${ramroot} rootfstype=${ramrootfstype}
ramdisk_addr_r=0x88080000
ramroot=/dev/ram0 rw
ramrootfstype=ext2
rdaddr=0x88080000
serverip=192.168.0.1
soc=am33xx
stderr=serial
stdin=serial
stdout=serial
usbargs=setenv bootargs console=${console} ${optargs} root=${usbroot} rootfstype=${usbrootfstype}
usbboot=setenv devnum ${usbdev}; setenv devtype usb; usb start ${usbdev}; if usb dev ${usbdev}; then if run loadbootenv; then echo Loaded environment from ${bootenv};run importbootenv;fi;if test -n $uenvcmd; then echo Running uenvcmd ...;run uenvcmd;fi;if run loadimage; then run loadfdt; echo Booting from usb ${usbdev}...; run usbargs;bootz ${loadaddr} - ${fdtaddr}; fi;fi
usbdev=0
usbroot=/dev/sda2 rw
usbrootfstype=ext4 rootwait
vendor=ti
ver=U-Boot 2014.07-00071-gaca0808 (Oct 02 2014 - 11:23:51)
Environment size: 3918/65532 bytes
U-Boot# 
- 07:12:12 [INFO] Host: setenv bootcmd ''${bootcmd}' if iminfo ${loadaddr}; then bootm ${loadaddr} - ${fdt_addr_r}; else bootz ${loadaddr} - ${fdt_addr_r}; bootm ${loadaddr} - ${fdt_addr_r}; fi'
- 07:12:13 [INFO] Target: 
setenv bootcmd ''${bootcmd}' if iminfo ${loadaddr}; then bootm ${loadaddr} - ${fdt_addr_r}; else bootz ${loadaddr} - ${fdt_addr_r}; bootm ${loadaddr} - ${fdt_addr_r}; fi'
U-Boot# 
- 07:12:13 [INFO] Host: bdinfo
- 07:12:13 [INFO] Target: 
bdinfo
arch_number = 0x00000000
boot_params = 0x80000100
DRAM bank   = 0x00000000
-> start    = 0x80000000
-> size     = 0x40000000
eth0name    = cpsw
ethaddr     = 34:b1:f7:31:12:70
current eth = cpsw
ip_addr     = 192.168.0.123
baudrate    = 115200 bps
TLB addr    = 0xBFFF0000
relocaddr   = 0xBF734000
reloc off   = 0x3EF34000
irq_sp      = 0xBE723EE0
sp start    = 0xBE723ED0
U-Boot# 
- 07:12:13 [INFO] Host: mmc rescan
- 07:12:14 [INFO] Target: 
mmc rescan
U-Boot# 
- 07:12:14 [INFO] Host: fatwrite mmc ${mmcdev}:1 ${loadaddr} ws-calibrate.rules 4
- 07:12:14 [INFO] Target: 
fatwrite mmc ${mmcdev}:1 ${loadaddr} ws-calibrate.rules 4
writing ws-calibrate.rules
4 bytes written
U-Boot# 
- 07:12:14 [INFO] Host: boot
- 07:14:44 [ERROR] On command: boot waiting for boot.+?(?-mix:login:) >>> error: execution expired
- 07:14:44 [INFO] Target: 
boot
## Checking Image at 82000000 ...
Unknown image format!
Kernel image @ 0x82000000 [ 0x000000 - 0x5831e8 ]
## Flattened Device Tree blob at 88000000
   Booting using the fdt blob at 0x88000000
   Loading Device Tree to 8fff3000, end 8ffff710 ... OK
Starting kernel ...
[    0.000000] Booting Linux on physical CPU 0x0
[    0.000000] Linux version 3.19.0-rc6-next-20150129-00002-g2c64c5c52b43 (nmenon@kahuna) (gcc version 4.6.3 (Ubuntu/Linaro 4.6.3-1ubuntu5) ) #1 SMP Thu Jan 29 06:07:16 CST 2015
[    0.000000] CPU: ARMv7 Processor [412fc09a] revision 10 (ARMv7), cr=10c5387d
[    0.000000] CPU: PIPT / VIPT nonaliasing data cache, VIPT aliasing instruction cache
[    0.000000] Machine model: TI AM437x GP EVM
[    0.000000] cma: Reserved 64 MiB at 0xbc000000
[    0.000000] Memory policy: Data cache writeback
[    0.000000] CPU: All CPU(s) started in SVC mode.
[    0.000000] AM437x ES1.1 (sgx neon )
[    0.000000] PERCPU: Embedded 11 pages/cpu @eefc9000 s13056 r8192 d23808 u45056
[    0.000000] Built 1 zonelists in Zone order, mobility grouping on.  Total pages: 260624
[    0.000000] Kernel command line: console=ttyO0,115200n8 earlyprintk rootwait  ip=dhcp  root=PARTUUID=00000000-02 rw rootfstype=ext4 rootwait 
[    0.000000] PID hash table entries: 4096 (order: 2, 16384 bytes)
[    0.000000] Dentry cache hash table entries: 131072 (order: 7, 524288 bytes)
[    0.000000] Inode-cache hash table entries: 65536 (order: 6, 262144 bytes)
[    0.000000] Memory: 961060K/1048576K available (7575K kernel code, 946K rwdata, 3132K rodata, 772K init, 307K bss, 21980K reserved, 65536K cma-reserved, 204800K highmem)
[    0.000000] Virtual kernel memory layout:
[    0.000000]     vector  : 0xffff0000 - 0xffff1000   (   4 kB)
[    0.000000]     fixmap  : 0xffc00000 - 0xfff00000   (3072 kB)
[    0.000000]     vmalloc : 0xf0000000 - 0xff000000   ( 240 MB)
[    0.000000]     lowmem  : 0xc0000000 - 0xef800000   ( 760 MB)
[    0.000000]     pkmap   : 0xbfe00000 - 0xc0000000   (   2 MB)
[    0.000000]     modules : 0xbf000000 - 0xbfe00000   (  14 MB)
[    0.000000]       .text : 0xc0208000 - 0xc0c7ce9c   (10708 kB)
[    0.000000]       .init : 0xc0c7d000 - 0xc0d3e000   ( 772 kB)
[    0.000000]       .data : 0xc0d3e000 - 0xc0e2a8e0   ( 947 kB)
[    0.000000]        .bss : 0xc0e2a8e0 - 0xc0e777e0   ( 308 kB)
[    0.000000] SLUB: HWalign=64, Order=0-3, MinObjects=0, CPUs=1, Nodes=1
[    0.000000] Hierarchical RCU implementation.
[    0.000000] 	Additional per-CPU info printed with stalls.
[    0.000000] 	RCU restricting CPUs from NR_CPUS=8 to nr_cpu_ids=1.
[    0.000000] RCU: Adjusting geometry for rcu_fanout_leaf=16, nr_cpu_ids=1
[    0.000000] NR_IRQS:16 nr_irqs:16 16
[    0.000000] GIC CPU mask not found - kernel will fail to boot.
[    0.000000] GIC CPU mask not found - kernel will fail to boot.
[    0.000000] L2C: platform modifies aux control register: 0x0e030000 -> 0x3e430000
[    0.000000] L2C: DT/platform modifies aux control register: 0x0e030000 -> 0x3e430000
[    0.000000] L2C-310 erratum 769419 enabled
[    0.000000] L2C-310 enabling early BRESP for Cortex-A9
[    0.000000] OMAP L2C310: ROM does not support power control setting
[    0.000000] L2C-310 ID prefetch enabled, offset 1 lines
[    0.000000] L2C-310 dynamic clock gating disabled, standby mode disabled
[    0.000000] L2C-310 cache controller enabled, 16 ways, 256 kB
[    0.000000] L2C-310: CACHE_ID 0x410000c9, AUX_CTRL 0x7e430000
[    0.000000] OMAP clockevent source: timer2 at 24000000 Hz
[    0.000009] sched_clock: 32 bits at 24MHz, resolution 41ns, wraps every 178956969942ns
[    0.000023] OMAP clocksource: timer1 at 24000000 Hz
[    0.000183] Console: colour dummy device 80x30
[    0.000212] Calibrating delay loop... 1992.29 BogoMIPS (lpj=4980736)
[    0.044419] pid_max: default: 32768 minimum: 301
[    0.044546] Mount-cache hash table entries: 2048 (order: 1, 8192 bytes)
[    0.044557] Mountpoint-cache hash table entries: 2048 (order: 1, 8192 bytes)
[    0.045217] CPU: Testing write buffer coherency: ok
[    0.045501] CPU0: thread -1, cpu 0, socket 0, mpidr 80000000
[    0.045594] Setting up static identity map for 0x80929858 - 0x809298f0
[    0.047631] Brought up 1 CPUs
[    0.047646] SMP: Total of 1 processors activated (1992.29 BogoMIPS).
[    0.047653] CPU: All CPU(s) started in SVC mode.
[    0.048175] devtmpfs: initialized
[    0.048821] VFP support v0.3: implementor 41 architecture 3 part 30 variant 9 rev 4
[    0.058931] omap_hwmod: tptc0 using broken dt data from edma
[    0.059028] omap_hwmod: tptc1 using broken dt data from edma
[    0.059105] omap_hwmod: tptc2 using broken dt data from edma
[    0.119758] pinctrl core: initialized pinctrl subsystem
[    0.129089] NET: Registered protocol family 16
[    0.131229] DMA: preallocated 256 KiB pool for atomic coherent allocations
[    0.132859] cpuidle: using governor ladder
[    0.132877] cpuidle: using governor menu
[    0.134328] omap_l3_noc 44000000.ocp: L3 debug error: target 8 mod:0 (unclearable)
[    0.134394] omap_l3_noc 44000000.ocp: L3 application error: target 8 mod:0 (unclearable)
[    0.136516] OMAP GPIO hardware version 0.1
[    0.140261] platform 53701000.des: Cannot lookup hwmod 'des'
[    0.140765] omap-gpmc 50000000.gpmc: could not find pctldev for node /pinmux@44e10800/nand_flash_x8, deferring probe
[    0.140785] platform 50000000.gpmc: Driver omap-gpmc requests probe deferral
[    0.142709] platform 48326000.vpfe: Cannot lookup hwmod 'vpfe0'
[    0.142895] platform 48328000.vpfe: Cannot lookup hwmod 'vpfe1'
[    0.144690] No ATAGs?
[    0.144722] hw-breakpoint: found 5 (+1 reserved) breakpoint and 1 watchpoint registers.
[    0.144730] hw-breakpoint: maximum watchpoint size is 4 bytes.
[    0.148125] Serial: AMBA PL011 UART driver
[    0.161852] edma-dma-engine edma-dma-engine.0: TI EDMA DMA engine driver
[    0.164995] vgaarb: loaded
[    0.165617] SCSI subsystem initialized
[    0.166177] usbcore: registered new interface driver usbfs
[    0.166233] usbcore: registered new interface driver hub
[    0.166299] usbcore: registered new device driver usb
[    0.166922] omap_i2c 44e0b000.i2c: could not find pctldev for node /pinmux@44e10800/i2c0_pins, deferring probe
[    0.166946] platform 44e0b000.i2c: Driver omap_i2c requests probe deferral
[    0.166970] omap_i2c 4802a000.i2c: could not find pctldev for node /pinmux@44e10800/i2c1_pins, deferring probe
[    0.166982] platform 4802a000.i2c: Driver omap_i2c requests probe deferral
[    0.167310] Linux video capture interface: v2.00
[    0.167355] pps_core: LinuxPPS API ver. 1 registered
[    0.167361] pps_core: Software ver. 5.3.6 - Copyright 2005-2007 Rodolfo Giometti <giometti@linux.it>
[    0.167385] PTP clock support registered
[    0.167565] EDAC MC: Ver: 3.0.0
[    0.168167] Advanced Linux Sound Architecture Driver Initialized.
[    0.169295] Switched to clocksource timer1
[    0.177692] NET: Registered protocol family 2
[    0.178304] TCP established hash table entries: 8192 (order: 3, 32768 bytes)
[    0.178372] TCP bind hash table entries: 8192 (order: 4, 65536 bytes)
[    0.178486] TCP: Hash tables configured (established 8192 bind 8192)
[    0.178617] TCP: reno registered
[    0.178630] UDP hash table entries: 512 (order: 2, 16384 bytes)
[    0.178685] UDP-Lite hash table entries: 512 (order: 2, 16384 bytes)
[    0.178893] NET: Registered protocol family 1
[    0.179354] RPC: Registered named UNIX socket transport module.
[    0.179366] RPC: Registered udp transport module.
[    0.179372] RPC: Registered tcp transport module.
[    0.179377] RPC: Registered tcp NFSv4.1 backchannel transport module.
[    0.181452] futex hash table entries: 256 (order: 2, 16384 bytes)
[    0.190048] squashfs: version 4.0 (2009/01/31) Phillip Lougher
[    0.190758] NFS: Registering the id_resolver key type
[    0.190805] Key type id_resolver registered
[    0.190812] Key type id_legacy registered
[    0.190876] ntfs: driver 2.1.31 [Flags: R/O].
[    0.191999] bounce: pool size: 64 pages
[    0.192213] Block layer SCSI generic (bsg) driver version 0.4 loaded (major 249)
[    0.192235] io scheduler noop registered
[    0.192247] io scheduler deadline registered
[    0.192389] io scheduler cfq registered (default)
[    0.196651] pinctrl-single 44e10800.pinmux: 199 pins at pa f9e10800 size 796
[    0.200203] backlight supply power not found, using dummy regulator
[    0.200318] pwm-backlight backlight: unable to request PWM, trying legacy API
[    0.200329] pwm-backlight backlight: unable to request legacy PWM
[    0.200390] platform backlight: Driver pwm-backlight requests probe deferral
[    0.247303] Serial: 8250/16550 driver, 4 ports, IRQ sharing disabled
[    0.249602] msm_serial: driver initialized
[    0.250023] omap_uart 44e09000.serial: no wakeirq for uart0
[    0.250043] omap_uart 44e09000.serial: No clock speed specified: using default: 48000000
[    0.250176] 44e09000.serial: ttyO0 at MMIO 0x44e09000 (irq = 23, base_baud = 3000000) is a OMAP UART0
[    1.056264] console [ttyO0] enabled
[    1.060412] STMicroelectronics ASC driver initialized
[    1.066938] [drm] Initialized drm 1.1.0 20060810
[    1.077949] loop: module loaded
[    1.085651] CAN device driver interface
[    1.090490] igb: Intel(R) Gigabit Ethernet Network Driver - version 5.2.15-k
[    1.097894] igb: Copyright (c) 2007-2014 Intel Corporation.
[    1.105015] pegasus: v0.9.3 (2013/04/25), Pegasus/Pegasus II USB Ethernet driver
[    1.112858] usbcore: registered new interface driver pegasus
[    1.118859] usbcore: registered new interface driver asix
[    1.124574] usbcore: registered new interface driver ax88179_178a
[    1.131019] usbcore: registered new interface driver cdc_ether
[    1.137189] usbcore: registered new interface driver smsc75xx
[    1.143259] usbcore: registered new interface driver smsc95xx
[    1.149328] usbcore: registered new interface driver net1080
[    1.155317] usbcore: registered new interface driver cdc_subset
[    1.161576] usbcore: registered new interface driver zaurus
[    1.167526] usbcore: registered new interface driver cdc_ncm
[    1.174400] ehci_hcd: USB 2.0 'Enhanced' Host Controller (EHCI) Driver
[    1.181265] ehci-pci: EHCI PCI platform driver
[    1.185985] ehci-platform: EHCI generic platform driver
[    1.191637] ehci-omap: OMAP-EHCI Host Controller driver
[    1.197234] ehci-orion: EHCI orion driver
[    1.201558] SPEAr-ehci: EHCI SPEAr driver
[    1.205889] ehci-st: EHCI STMicroelectronics driver
[    1.211114] ehci-exynos: EHCI EXYNOS driver
[    1.215624] tegra-ehci: Tegra EHCI driver
[    1.219950] ohci_hcd: USB 1.1 'Open' Host Controller (OHCI) Driver
[    1.226484] ohci-pci: OHCI PCI platform driver
[    1.231206] ohci-platform: OHCI generic platform driver
[    1.236839] ohci-omap3: OHCI OMAP3 driver
[    1.241170] SPEAr-ohci: OHCI SPEAr driver
[    1.245489] ohci-st: OHCI STMicroelectronics driver
[    1.250785] usbcore: registered new interface driver usb-storage
[    1.258544] mousedev: PS/2 mouse device common for all mice
[    1.267111] i2c /dev entries driver
[    1.271945] usbcore: registered new interface driver uvcvideo
[    1.277998] USB Video Class driver (1.1.1)
[    1.282303] gspca_main: v2.14.0 registered
[    1.289254] Driver 'mmcblk' needs updating - please use bus_type methods
[    1.296417] sdhci: Secure Digital Host Controller Interface driver
[    1.302908] sdhci: Copyright(c) Pierre Ossman
[    1.308312] omap_hsmmc 48060000.mmc: Got CD GPIO
[    1.339954] Synopsys Designware Multimedia Card Interface Driver
[    1.347033] sdhci-pltfm: SDHCI platform and OF driver helper
[    1.353955] ledtrig-cpu: registered to indicate activity on CPUs
[    1.360568] usbcore: registered new interface driver usbhid
[    1.366426] usbhid: USB HID core driver
[    1.373194] usbcore: registered new interface driver snd-usb-audio
[    1.382323] TCP: cubic registered
[    1.385890] NET: Registered protocol family 17
[    1.390578] can: controller area network core (rev 20120528 abi 9)
[    1.397162] NET: Registered protocol family 29
[    1.401842] can: raw protocol (rev 20120528)
[    1.406335] can: broadcast manager protocol (rev 20120528 t)
[    1.412289] can: netlink gateway (rev 20130117) max_hops=1
[    1.418523] Key type dns_resolver registered
[    1.423227] omap_voltage_late_init: Voltage driver support not added
[    1.430436] cpu cpu0: dev_pm_opp_get_opp_count: device OPP not found (-19)
[    1.437864] ThumbEE CPU extension supported.
[    1.442384] Registering SWP/SWPB emulation handler
[    1.452843] omap-gpmc 50000000.gpmc: GPMC revision 6.0
[    1.459885] omap_i2c 44e0b000.i2c: bus 0 rev0.12 at 100 kHz
[    1.467042] omap_i2c 4802a000.i2c: bus 1 rev0.12 at 100 kHz
[    1.473396] backlight supply power not found, using dummy regulator
[    1.480161] pwm-backlight backlight: unable to request PWM, trying legacy API
[    1.487663] pwm-backlight backlight: unable to request legacy PWM
[    1.494109] platform backlight: Driver pwm-backlight requests probe deferral
[    1.541588] mmc0: host does not support reading read-only switch, assuming write-enable
[    1.552251] mmc0: new high speed SDHC card at address 0007
[    1.558374] davinci_mdio 4a101000.mdio: davinci mdio revision 1.6
[    1.564800] davinci_mdio 4a101000.mdio: detected phy mask fffffffe
[    1.571703] mmcblk0: mmc0:0007 SD04G 3.70 GiB 
[    1.577320] libphy: 4a101000.mdio: probed
[    1.581607] davinci_mdio 4a101000.mdio: phy[0]: device 4a101000.mdio:00, driver unknown
[    1.591041] cpsw 4a100000.ethernet: Detected MACID = 34:b1:f7:31:12:70
[    1.599071] drivers/rtc/hctosys.c: unable to open rtc device (rtc0)
[    1.609821] net eth0: initializing cpsw version 1.15 (0)
[    1.616831]  mmcblk0: p1 p2 p3
[    1.620744] backlight supply power not found, using dummy regulator
[    1.627514] pwm-backlight backlight: unable to request PWM, trying legacy API
[    1.635028] pwm-backlight backlight: unable to request legacy PWM
[    1.641472] platform backlight: Driver pwm-backlight requests probe deferral
[    1.650937] backlight supply power not found, using dummy regulator
[    1.657766] pwm-backlight backlight: unable to request PWM, trying legacy API
[    1.665290] pwm-backlight backlight: unable to request legacy PWM
[    1.671753] platform backlight: Driver pwm-backlight requests probe deferral
[    1.689835] net eth0: phy found : id is : 0x221622
[    4.690178] cpsw 4a100000.ethernet eth0: Link is Up - 1Gbps/Full - flow control rx/tx
[    4.709311] Sending DHCP requests .
[    4.712852] Unable to handle kernel paging request at virtual address 6e75207b
[    4.720604] pgd = c0204000
[    4.723443] [6e75207b] *pgd=00000000
[    4.727192] Internal error: Oops: 5 [#1] SMP ARM
[    4.732023] Modules linked in:
[    4.735222] CPU: 0 PID: 0 Comm: swapper/0 Not tainted 3.19.0-rc6-next-20150129-00002-g2c64c5c52b43 #1
[    4.744869] Hardware name: Generic AM43 (Flattened Device Tree)
[    4.751066] task: c0d43968 ti: c0d3e000 task.ti: c0d3e000
[    4.756731] PC is at cpdma_chan_process+0x8/0x50
[    4.761563] LR is at cpsw_tx_interrupt+0x3c/0x44
[    4.766383] pc : [<c06bee6c>]    lr : [<c06c3474>]    psr: a0000193
[    4.766383] sp : c0d3fe50  ip : 00000000  fp : 00000001
[    4.778389] r10: ee0f1900  r9 : c0e2a700  r8 : 000000a3
[    4.783842] r7 : 00000000  r6 : 00000000  r5 : ee0f1960  r4 : 6e752067
[    4.790657] r3 : c0bcacf0  r2 : ee4ad330  r1 : 00000080  r0 : 6e752067
[    4.797458] Flags: NzCv  IRQs off  FIQs on  Mode SVC_32  ISA ARM  Segment kernel
[    4.805181] Control: 10c5387d  Table: 80204059  DAC: 00000015
[    4.811180] Process swapper/0 (pid: 0, stack limit = 0xc0d3e220)
[    4.817449] Stack: (0xc0d3fe50 to 0xc0d40000)
[    4.822003] fe40:                                     ee3c1cc0 ee0f1960 00000000 c06c3474
[    4.830546] fe60: ee4ba4c0 c027e62c 00000000 eefc9358 00000004 ee0f1900 ee0f1960 00000000
[    4.839079] fe80: 0000004a ee008000 00000000 00000002 c0d3ff54 c027e770 ee0f1900 c0d8c4b8
[    4.847628] fea0: 00000000 c02811c8 c0281120 000000a3 00000000 c027df60 c0d3abdc c027e05c
[    4.856169] fec0: fa24010c c0d40808 c0d3fef0 0000003a fa240100 c020895c c026265c 60000113
[    4.864720] fee0: ffffffff c0d3ff24 ee060000 c0211f80 ee060000 c0d43968 00000000 000013ed
[    4.873260] ff00: c0d86968 c0d3c9c0 eefcb9c0 2e28f000 ee060000 00000000 00000002 c0d3ff54
[    4.881796] ff20: 00000000 c0d3ff38 c0925e18 c026265c 60000113 ffffffff 00000000 eefcb9c0
[    4.890332] ff40: c0d43968 ee060000 c0d86968 c0932f1c c0d3ffa4 c0925e18 ffffffed c0e51f88
[    4.898866] ff60: 00000000 c028c748 00000000 c0d3c9c0 00000001 c0e51f88 c0d3c9c0 c0d3a76c
[    4.907401] ff80: 00000000 c0d40500 c0d4049c 00000000 c0d3c9c0 00000000 ffffffed c0d3bd38
[    4.915933] ffa0: c0d3ffac c09265a4 00000000 c0273b90 00000122 c0e2a900 00000000 c0c7dbd8
[    4.924464] ffc0: ffffffff ffffffff c0c7d664 00000000 00000000 c0cf77c8 00000000 c0e2ac94
[    4.932988] ffe0: c0d40480 c0cf77c4 c0d44a64 80204059 00000000 80208074 00000000 00000000
[    4.941529] [<c06bee6c>] (cpdma_chan_process) from [<c06c3474>] (cpsw_tx_interrupt+0x3c/0x44)
[    4.950429] [<c06c3474>] (cpsw_tx_interrupt) from [<c027e62c>] (handle_irq_event_percpu+0x50/0x150)
[    4.959862] [<c027e62c>] (handle_irq_event_percpu) from [<c027e770>] (handle_irq_event+0x44/0x64)
[    4.969122] [<c027e770>] (handle_irq_event) from [<c02811c8>] (handle_fasteoi_irq+0xa8/0x180)
[    4.978007] [<c02811c8>] (handle_fasteoi_irq) from [<c027df60>] (generic_handle_irq+0x20/0x30)
[    4.986984] [<c027df60>] (generic_handle_irq) from [<c027e05c>] (__handle_domain_irq+0x54/0xac)
[    4.996051] [<c027e05c>] (__handle_domain_irq) from [<c020895c>] (gic_handle_irq+0x2c/0x6c)
[    5.004762] [<c020895c>] (gic_handle_irq) from [<c0211f80>] (__irq_svc+0x40/0x54)
[    5.012557] Exception stack(0xc0d3fef0 to 0xc0d3ff38)
[    5.017814] fee0:                                     ee060000 c0d43968 00000000 000013ed
[    5.026337] ff00: c0d86968 c0d3c9c0 eefcb9c0 2e28f000 ee060000 00000000 00000002 c0d3ff54
[    5.034858] ff20: 00000000 c0d3ff38 c0925e18 c026265c 60000113 ffffffff
[    5.041759] [<c0211f80>] (__irq_svc) from [<c026265c>] (finish_task_switch+0x70/0x120)
[    5.050018] [<c026265c>] (finish_task_switch) from [<c0925e18>] (__schedule+0x1e8/0x5a4)
[    5.058452] [<c0925e18>] (__schedule) from [<c09265a4>] (schedule_preempt_disabled+0xc/0x10)
[    5.067254] [<c09265a4>] (schedule_preempt_disabled) from [<c0273b90>] (cpu_startup_entry+0xfc/0x278)
[    5.076868] [<c0273b90>] (cpu_startup_entry) from [<c0c7dbd8>] (start_kernel+0x34c/0x3b8)
[    5.085392] [<c0c7dbd8>] (start_kernel) from [<80208074>] (0x80208074)
[    5.092195] Code: e5853054 eafffff6 e92d4070 e1a04000 (e5903014) 
[    5.098550] ---[ end trace 5e047ed46d47b1a7 ]---
[    5.103356] Kernel panic - not syncing: Fatal exception in interrupt
[    5.109977] ---[ end Kernel panic - not syncing: Fatal exception in interrupt
URL:gtsystest.telogy.design.ti.com/vatf/tigtfarm07/tigtfarm07_vatf@am43xx-gpevm2/tigtfarm0701_29_2015_07_11_02/files/session_iteration_1/test_1
