- 07:01:57 [INFO] Starting target session
- 07:01:57 [INFO] Connected to am437x-sk via serial 
- 07:01:57 [INFO] Host: #check prompt
- 07:02:00 [ERROR] On command: #check prompt waiting for #check prompt.+?(?-mix:((?-mix:login:)|[Pp]assword)) >>> error: execution expired
- 07:02:00 [INFO] Target: 
- 07:02:00 [INFO] Host: #check prompt
- 07:02:02 [ERROR] On command: #check prompt waiting for #check prompt.+?(?-mix:[\w\d]+@.+[@:#]+) >>> error: execution expired
- 07:02:02 [INFO] Target: 
- 07:02:02 [INFO] Disconnected serial from am437x-sk
- 07:02:07 [INFO] Connected to am437x-sk via serial 
- 07:02:07 [INFO] Host: 
- 07:02:09 [INFO] Target: 
SPL: Please implement spl_start_uboot() for your board
SPL: Direct Linux boot not active!
reading u-boot.img
reading u-boot.img
U-Boot 2014.07-g8a51ac8 (Apr 23 2015 - 22:40:59)
I2C:   ready
DRAM:  1 GiB
NAND:  0 MiB
MMC:   OMAP SD/MMC: 0, OMAP SD/MMC: 1
reading uboot.env
** Unable to read "uboot.env" from mmc0:1 **
Using default environment
Net:   <ethaddr> not set. Validating first E-fuse MAC
cpsw, usb_ether
Hit any key to stop autoboot:  1  0 
U-Boot# 
U-Boot# 
U-Boot# 
U-Boot# 
U-Boot# 
U-Boot# 
U-Boot# 
U-Boot# 
- 07:02:09 [INFO] Host: 
- 07:02:09 [INFO] Target: 
U-Boot# 
U-Boot# 
U-Boot# 
U-Boot# 
U-Boot# 
U-Boot# 
U-Boot# 
U-Boot# 
U-Boot# 
- 07:02:09 [INFO] Host: version
- 07:02:09 [INFO] Target: 
version
U-Boot 2014.07-g8a51ac8 (Apr 23 2015 - 22:40:59)
arm-linux-gnueabihf-gcc (crosstool-NG linaro-1.13.1-4.7-2013.03-20130313 - Linaro GCC 2013.03) 4.7.3 20130226 (prerelease)
GNU ld (crosstool-NG linaro-1.13.1-4.7-2013.03-20130313 - Linaro GCC 2013.03) 2.23.1
U-Boot# 
- 07:02:09 [INFO] Host: setenv bootargs 'console=ttyO0,115200n8 earlyprintk rootwait '
- 07:02:10 [INFO] Target: 
setenv bootargs 'console=ttyO0,115200n8 earlyprintk rootwait '
U-Boot# 
- 07:02:10 [INFO] Host: setenv bootcmd  ''
- 07:02:10 [INFO] Target: 
setenv bootcmd  ''
U-Boot# 
- 07:02:10 [INFO] Host: setenv autoload 'no'
- 07:02:10 [INFO] Target: 
setenv autoload 'no'
U-Boot# 
- 07:02:10 [INFO] Host: setenv serverip '192.168.0.1'
- 07:02:10 [INFO] Target: 
setenv serverip '192.168.0.1'
U-Boot# 
- 07:02:10 [INFO] Host: printenv
- 07:02:10 [INFO] Target: 
printenv
arch=arm
autoload=no
baudrate=115200
board=am43xx
board_name=AM43__SK
board_rev=1.1A
bootargs=console=ttyO0,115200n8 earlyprintk rootwait 
bootcmd=
bootdelay=1
bootdir=/boot
bootenv=uEnv.txt
bootfile=zImage
bootm_size=0x10000000
bootpart=0:2
console=ttyO0,115200n8
cpu=armv7
dfu_alt_info_emmc=MLO raw 0x100 0x100 mmcpart 0;u-boot.img raw 0x300 0x1000 mmcpart 0
dfu_alt_info_mmc=boot part 0 1;rootfs part 0 2;MLO fat 0 1;spl-os-args fat 0 1;spl-os-image fat 0 1;u-boot.img fat 0 1;uEnv.txt fat 0 1
dfu_alt_info_ram=kernel ram 0x80200000 0x4000000;fdt ram 0x80f80000 0x80000;ramdisk ram 0x81000000 0x4000000
dfu_bufsiz=0x10000
eth1addr=34:b1:f7:3d:b9:0e
ethact=cpsw
ethaddr=34:b1:f7:3d:b9:0c
fdt_addr_r=0x88000000
fdtaddr=0x88000000
fdtfile=undefined
findfdt=if test $board_name = AM43EPOS; then setenv fdtfile am43x-epos-evm.dtb; fi; if test $board_name = AM43__GP; then setenv fdtfile am437x-gp-evm.dtb; fi; if test $board_name = AM43__SK; then setenv fdtfile am437x-sk-evm.dtb; fi; if test $fdtfile = undefined; then echo WARNING: Could not determine device tree; fi; 
importbootenv=echo Importing environment from mmc ...; env import -t $loadaddr $filesize
kernel_addr_r=0x82000000
loadaddr=0x82000000
loadbootenv=load ${devtype} ${devnum} ${loadaddr} ${bootenv}
loadfdt=load ${devtype} ${bootpart} ${fdtaddr} ${bootdir}/${fdtfile}
loadimage=load ${devtype} ${bootpart} ${loadaddr} ${bootdir}/${bootfile}
loadramdisk=load ${devtype} ${devnum} ${rdaddr} ramdisk.gz
mmcargs=setenv bootargs console=${console} ${optargs} root=${mmcroot} rootfstype=${mmcrootfstype}
mmcboot=mmc dev ${mmcdev}; setenv devnum ${mmcdev}; setenv devtype mmc; if mmc rescan; then echo SD/MMC found on device ${devnum};if run loadbootenv; then echo Loaded environment from ${bootenv};run importbootenv;fi;if test -n $uenvcmd; then echo Running uenvcmd ...;run uenvcmd;fi;if run loadimage; then run loadfdt; echo Booting from mmc${mmcdev} ...; run mmcargs; bootz ${loadaddr} - ${fdtaddr}; fi;fi;
mmcdev=0
mmcroot=/dev/mmcblk0p2 rw
mmcrootfstype=ext4 rootwait
mtdids=nand0=nand.0
mtdparts=mtdparts=nand.0:256k(NAND.SPL),256k(NAND.SPL.backup1),256k(NAND.SPL.backup2),256k(NAND.SPL.backup3),512k(NAND.u-boot-spl-os),1m(NAND.u-boot),256k(NAND.u-boot-env),256k(NAND.u-boot-env.backup1),7m(NAND.kernel),-(NAND.file-system)
nandargs=setenv bootargs console=${console} ${optargs} root=${nandroot} rootfstype=${nandrootfstype}
nandboot=echo Booting from nand ...; run nandargs; nand read ${fdtaddr} NAND.u-boot-spl-os; nand read ${loadaddr} NAND.kernel; bootz ${loadaddr} - ${fdtaddr}
nandroot=ubi0:rootfs rw ubi.mtd=NAND.file-system,4096
nandrootfstype=ubifs rootwait=1
netargs=setenv bootargs console=${console} ${optargs} root=/dev/nfs nfsroot=${serverip}:${rootpath},${nfsopts} rw ip=dhcp
netboot=echo Booting from network ...; setenv autoload no; dhcp; tftp ${loadaddr} ${bootfile}; tftp ${fdtaddr} ${fdtfile}; run netargs; bootz ${loadaddr} - ${fdtaddr}
nfsopts=nolock
partitions=uuid_disk=${uuid_gpt_disk};name=rootfs,start=2MiB,size=-,uuid=${uuid_gpt_rootfs}
ramargs=setenv bootargs console=${console} ${optargs} root=${ramroot} rootfstype=${ramrootfstype}
ramdisk_addr_r=0x88080000
ramroot=/dev/ram0 rw
ramrootfstype=ext2
rdaddr=0x88080000
rootpath=/export/rootfs
serverip=192.168.0.1
soc=am33xx
static_ip=${ipaddr}:${serverip}:${gatewayip}:${netmask}:${hostname}::off
stderr=serial
stdin=serial
stdout=serial
usbargs=setenv bootargs console=${console} ${optargs} root=${usbroot} rootfstype=${usbrootfstype}
usbboot=setenv devnum ${usbdev}; setenv devtype usb; usb start ${usbdev}; if usb dev ${usbdev}; then if run loadbootenv; then echo Loaded environment from ${bootenv};run importbootenv;fi;if test -n $uenvcmd; then echo Running uenvcmd ...;run uenvcmd;fi;if run loadimage; then run loadfdt; echo Booting from usb ${usbdev}...; run usbargs;bootz ${loadaddr} - ${fdtaddr}; fi;fi
usbdev=0
usbnet_devaddr=34:b1:f7:3d:b9:0e
usbroot=/dev/sda2 rw
usbrootfstype=ext4 rootwait
vendor=ti
ver=U-Boot 2014.07-g8a51ac8 (Apr 23 2015 - 22:40:59)
Environment size: 4150/65532 bytes
U-Boot# 
- 07:02:10 [INFO] Host: printenv
- 07:02:11 [INFO] Target: 
printenv
arch=arm
autoload=no
baudrate=115200
board=am43xx
board_name=AM43__SK
board_rev=1.1A
bootargs=console=ttyO0,115200n8 earlyprintk rootwait 
bootcmd=
bootdelay=1
bootdir=/boot
bootenv=uEnv.txt
bootfile=zImage
bootm_size=0x10000000
bootpart=0:2
console=ttyO0,115200n8
cpu=armv7
dfu_alt_info_emmc=MLO raw 0x100 0x100 mmcpart 0;u-boot.img raw 0x300 0x1000 mmcpart 0
dfu_alt_info_mmc=boot part 0 1;rootfs part 0 2;MLO fat 0 1;spl-os-args fat 0 1;spl-os-image fat 0 1;u-boot.img fat 0 1;uEnv.txt fat 0 1
dfu_alt_info_ram=kernel ram 0x80200000 0x4000000;fdt ram 0x80f80000 0x80000;ramdisk ram 0x81000000 0x4000000
dfu_bufsiz=0x10000
eth1addr=34:b1:f7:3d:b9:0e
ethact=cpsw
ethaddr=34:b1:f7:3d:b9:0c
fdt_addr_r=0x88000000
fdtaddr=0x88000000
fdtfile=undefined
findfdt=if test $board_name = AM43EPOS; then setenv fdtfile am43x-epos-evm.dtb; fi; if test $board_name = AM43__GP; then setenv fdtfile am437x-gp-evm.dtb; fi; if test $board_name = AM43__SK; then setenv fdtfile am437x-sk-evm.dtb; fi; if test $fdtfile = undefined; then echo WARNING: Could not determine device tree; fi; 
importbootenv=echo Importing environment from mmc ...; env import -t $loadaddr $filesize
kernel_addr_r=0x82000000
loadaddr=0x82000000
loadbootenv=load ${devtype} ${devnum} ${loadaddr} ${bootenv}
loadfdt=load ${devtype} ${bootpart} ${fdtaddr} ${bootdir}/${fdtfile}
loadimage=load ${devtype} ${bootpart} ${loadaddr} ${bootdir}/${bootfile}
loadramdisk=load ${devtype} ${devnum} ${rdaddr} ramdisk.gz
mmcargs=setenv bootargs console=${console} ${optargs} root=${mmcroot} rootfstype=${mmcrootfstype}
mmcboot=mmc dev ${mmcdev}; setenv devnum ${mmcdev}; setenv devtype mmc; if mmc rescan; then echo SD/MMC found on device ${devnum};if run loadbootenv; then echo Loaded environment from ${bootenv};run importbootenv;fi;if test -n $uenvcmd; then echo Running uenvcmd ...;run uenvcmd;fi;if run loadimage; then run loadfdt; echo Booting from mmc${mmcdev} ...; run mmcargs; bootz ${loadaddr} - ${fdtaddr}; fi;fi;
mmcdev=0
mmcroot=/dev/mmcblk0p2 rw
mmcrootfstype=ext4 rootwait
mtdids=nand0=nand.0
mtdparts=mtdparts=nand.0:256k(NAND.SPL),256k(NAND.SPL.backup1),256k(NAND.SPL.backup2),256k(NAND.SPL.backup3),512k(NAND.u-boot-spl-os),1m(NAND.u-boot),256k(NAND.u-boot-env),256k(NAND.u-boot-env.backup1),7m(NAND.kernel),-(NAND.file-system)
nandargs=setenv bootargs console=${console} ${optargs} root=${nandroot} rootfstype=${nandrootfstype}
nandboot=echo Booting from nand ...; run nandargs; nand read ${fdtaddr} NAND.u-boot-spl-os; nand read ${loadaddr} NAND.kernel; bootz ${loadaddr} - ${fdtaddr}
nandroot=ubi0:rootfs rw ubi.mtd=NAND.file-system,4096
nandrootfstype=ubifs rootwait=1
netargs=setenv bootargs console=${console} ${optargs} root=/dev/nfs nfsroot=${serverip}:${rootpath},${nfsopts} rw ip=dhcp
netboot=echo Booting from network ...; setenv autoload no; dhcp; tftp ${loadaddr} ${bootfile}; tftp ${fdtaddr} ${fdtfile}; run netargs; bootz ${loadaddr} - ${fdtaddr}
nfsopts=nolock
partitions=uuid_disk=${uuid_gpt_disk};name=rootfs,start=2MiB,size=-,uuid=${uuid_gpt_rootfs}
ramargs=setenv bootargs console=${console} ${optargs} root=${ramroot} rootfstype=${ramrootfstype}
ramdisk_addr_r=0x88080000
ramroot=/dev/ram0 rw
ramrootfstype=ext2
rdaddr=0x88080000
rootpath=/export/rootfs
serverip=192.168.0.1
soc=am33xx
static_ip=${ipaddr}:${serverip}:${gatewayip}:${netmask}:${hostname}::off
stderr=serial
stdin=serial
stdout=serial
usbargs=setenv bootargs console=${console} ${optargs} root=${usbroot} rootfstype=${usbrootfstype}
usbboot=setenv devnum ${usbdev}; setenv devtype usb; usb start ${usbdev}; if usb dev ${usbdev}; then if run loadbootenv; then echo Loaded environment from ${bootenv};run importbootenv;fi;if test -n $uenvcmd; then echo Running uenvcmd ...;run uenvcmd;fi;if run loadimage; then run loadfdt; echo Booting from usb ${usbdev}...; run usbargs;bootz ${loadaddr} - ${fdtaddr}; fi;fi
usbdev=0
usbnet_devaddr=34:b1:f7:3d:b9:0e
usbroot=/dev/sda2 rw
usbrootfstype=ext4 rootwait
vendor=ti
ver=U-Boot 2014.07-g8a51ac8 (Apr 23 2015 - 22:40:59)
Environment size: 4150/65532 bytes
U-Boot# 
- 07:02:11 [INFO] Host: setenv bootargs ''${bootargs}' ip=:::::eth0:dhcp '
- 07:02:11 [INFO] Target: 
setenv bootargs ''${bootargs}' ip=:::::eth0:dhcp '
U-Boot# 
- 07:02:11 [INFO] Host: setenv serverip '192.168.0.1'
- 07:02:11 [INFO] Target: 
setenv serverip '192.168.0.1'
U-Boot# 
- 07:02:11 [INFO] Host: setenv autoload 'no'
- 07:02:11 [INFO] Target: 
setenv autoload 'no'
U-Boot# 
- 07:02:11 [INFO] Host: dhcp
- 07:02:15 [INFO] Target: 
dhcp
cpsw Waiting for PHY auto negotiation to complete..... done
link up on port 0, speed 1000, full duplex
BOOTP broadcast 1
DHCP client bound to address 192.168.0.147
U-Boot# 
- 07:02:15 [INFO] Host: tftp ${loadaddr} 192.168.0.1:vatf_am437x-sk1/9a440c3b8f64d2eba93e55563eb852a8
- 07:02:16 [INFO] Target: 
tftp ${loadaddr} 192.168.0.1:vatf_am437x-sk1/9a440c3b8f64d2eba93e55563eb852a8
link up on port 0, speed 1000, full duplex
Using cpsw device
TFTP from server 192.168.0.1; our IP address is 192.168.0.147
Filename 'vatf_am437x-sk1/9a440c3b8f64d2eba93e55563eb852a8'.
Load address: 0x82000000
Loading: *#################################################################
	 #################################################################
	 #################################################################
	 #################################################################
	 #################################################################
	 #################################################################
	 ##############################################
	 9.9 MiB/s
done
Bytes transferred = 6390040 (618118 hex)
U-Boot# 
- 07:02:16 [INFO] Host: tftp ${fdt_addr_r} 192.168.0.1:vatf_am437x-sk1/e17621450c0ac8234751566fbc8653ad
- 07:02:16 [INFO] Target: 
tftp ${fdt_addr_r} 192.168.0.1:vatf_am437x-sk1/e17621450c0ac8234751566fbc8653ad
link up on port 0, speed 1000, full duplex
Using cpsw device
TFTP from server 192.168.0.1; our IP address is 192.168.0.147
Filename 'vatf_am437x-sk1/e17621450c0ac8234751566fbc8653ad'.
Load address: 0x88000000
Loading: *###
	 6.7 MiB/s
done
Bytes transferred = 41852 (a37c hex)
U-Boot# 
- 07:02:16 [INFO] Host: ls mmc 0:1
- 07:02:16 [INFO] Target: 
ls mmc 0:1
    93216   mlo 
   417224   u-boot.img 
       14   .ipaddr 
        0   pointercal 
        4   ws-calibrate.rules 
5 file(s), 0 dir(s)
U-Boot# 
- 07:02:16 [INFO] Host: ls mmc 0:2
- 07:02:16 [INFO] Target: 
ls mmc 0:2
<DIR>       4096 .
<DIR>       4096 ..
<DIR>       4096 include
<DIR>       4096 srv
<DIR>       4096 home
<DIR>       4096 media
<DIR>       4096 opt
<DIR>       4096 var
<DIR>       4096 sys
<DIR>       4096 boot
<DIR>       4096 dev
<DIR>       4096 usr
<DIR>       4096 bin
<DIR>       4096 mnt
<DIR>       4096 etc
<DIR>       4096 sbin
<DIR>       4096 www
<SYM>          8 tmp
<DIR>       4096 proc
<DIR>       4096 run
<DIR>       4096 lib
<DIR>       4096 test
U-Boot# 
- 07:02:16 [INFO] Host: part uuid mmc 0:2
- 07:02:16 [INFO] Target: 
part uuid mmc 0:2
00000000-02
U-Boot# 
- 07:02:16 [INFO] Host: printenv
- 07:02:16 [INFO] Target: 
printenv
arch=arm
autoload=no
baudrate=115200
board=am43xx
board_name=AM43__SK
board_rev=1.1A
bootargs=console=ttyO0,115200n8 earlyprintk rootwait  ip=:::::eth0:dhcp 
bootcmd=
bootdelay=1
bootdir=/boot
bootenv=uEnv.txt
bootfile=zImage
bootm_size=0x10000000
bootpart=0:2
console=ttyO0,115200n8
cpu=armv7
dfu_alt_info_emmc=MLO raw 0x100 0x100 mmcpart 0;u-boot.img raw 0x300 0x1000 mmcpart 0
dfu_alt_info_mmc=boot part 0 1;rootfs part 0 2;MLO fat 0 1;spl-os-args fat 0 1;spl-os-image fat 0 1;u-boot.img fat 0 1;uEnv.txt fat 0 1
dfu_alt_info_ram=kernel ram 0x80200000 0x4000000;fdt ram 0x80f80000 0x80000;ramdisk ram 0x81000000 0x4000000
dfu_bufsiz=0x10000
dnsip=192.0.2.2
dnsip2=192.0.2.3
eth1addr=34:b1:f7:3d:b9:0e
ethact=cpsw
ethaddr=34:b1:f7:3d:b9:0c
fdt_addr_r=0x88000000
fdtaddr=0x88000000
fdtfile=undefined
fileaddr=88000000
filesize=a37c
findfdt=if test $board_name = AM43EPOS; then setenv fdtfile am43x-epos-evm.dtb; fi; if test $board_name = AM43__GP; then setenv fdtfile am437x-gp-evm.dtb; fi; if test $board_name = AM43__SK; then setenv fdtfile am437x-sk-evm.dtb; fi; if test $fdtfile = undefined; then echo WARNING: Could not determine device tree; fi; 
gatewayip=192.168.0.1
importbootenv=echo Importing environment from mmc ...; env import -t $loadaddr $filesize
ipaddr=192.168.0.147
kernel_addr_r=0x82000000
loadaddr=0x82000000
loadbootenv=load ${devtype} ${devnum} ${loadaddr} ${bootenv}
loadfdt=load ${devtype} ${bootpart} ${fdtaddr} ${bootdir}/${fdtfile}
loadimage=load ${devtype} ${bootpart} ${loadaddr} ${bootdir}/${bootfile}
loadramdisk=load ${devtype} ${devnum} ${rdaddr} ramdisk.gz
mmcargs=setenv bootargs console=${console} ${optargs} root=${mmcroot} rootfstype=${mmcrootfstype}
mmcboot=mmc dev ${mmcdev}; setenv devnum ${mmcdev}; setenv devtype mmc; if mmc rescan; then echo SD/MMC found on device ${devnum};if run loadbootenv; then echo Loaded environment from ${bootenv};run importbootenv;fi;if test -n $uenvcmd; then echo Running uenvcmd ...;run uenvcmd;fi;if run loadimage; then run loadfdt; echo Booting from mmc${mmcdev} ...; run mmcargs; bootz ${loadaddr} - ${fdtaddr}; fi;fi;
mmcdev=0
mmcroot=/dev/mmcblk0p2 rw
mmcrootfstype=ext4 rootwait
mtdids=nand0=nand.0
mtdparts=mtdparts=nand.0:256k(NAND.SPL),256k(NAND.SPL.backup1),256k(NAND.SPL.backup2),256k(NAND.SPL.backup3),512k(NAND.u-boot-spl-os),1m(NAND.u-boot),256k(NAND.u-boot-env),256k(NAND.u-boot-env.backup1),7m(NAND.kernel),-(NAND.file-system)
nandargs=setenv bootargs console=${console} ${optargs} root=${nandroot} rootfstype=${nandrootfstype}
nandboot=echo Booting from nand ...; run nandargs; nand read ${fdtaddr} NAND.u-boot-spl-os; nand read ${loadaddr} NAND.kernel; bootz ${loadaddr} - ${fdtaddr}
nandroot=ubi0:rootfs rw ubi.mtd=NAND.file-system,4096
nandrootfstype=ubifs rootwait=1
netargs=setenv bootargs console=${console} ${optargs} root=/dev/nfs nfsroot=${serverip}:${rootpath},${nfsopts} rw ip=dhcp
netboot=echo Booting from network ...; setenv autoload no; dhcp; tftp ${loadaddr} ${bootfile}; tftp ${fdtaddr} ${fdtfile}; run netargs; bootz ${loadaddr} - ${fdtaddr}
netmask=255.255.255.0
nfsopts=nolock
partitions=uuid_disk=${uuid_gpt_disk};name=rootfs,start=2MiB,size=-,uuid=${uuid_gpt_rootfs}
ramargs=setenv bootargs console=${console} ${optargs} root=${ramroot} rootfstype=${ramrootfstype}
ramdisk_addr_r=0x88080000
ramroot=/dev/ram0 rw
ramrootfstype=ext2
rdaddr=0x88080000
rootpath=/export/rootfs
serverip=192.168.0.1
soc=am33xx
static_ip=${ipaddr}:${serverip}:${gatewayip}:${netmask}:${hostname}::off
stderr=serial
stdin=serial
stdout=serial
usbargs=setenv bootargs console=${console} ${optargs} root=${usbroot} rootfstype=${usbrootfstype}
usbboot=setenv devnum ${usbdev}; setenv devtype usb; usb start ${usbdev}; if usb dev ${usbdev}; then if run loadbootenv; then echo Loaded environment from ${bootenv};run importbootenv;fi;if test -n $uenvcmd; then echo Running uenvcmd ...;run uenvcmd;fi;if run loadimage; then run loadfdt; echo Booting from usb ${usbdev}...; run usbargs;bootz ${loadaddr} - ${fdtaddr}; fi;fi
usbdev=0
usbnet_devaddr=34:b1:f7:3d:b9:0e
usbroot=/dev/sda2 rw
usbrootfstype=ext4 rootwait
vendor=ti
ver=U-Boot 2014.07-g8a51ac8 (Apr 23 2015 - 22:40:59)
Environment size: 4313/65532 bytes
U-Boot# 
- 07:02:16 [INFO] Host: setenv bootargs ''${bootargs}' root=PARTUUID=00000000-02 rw rootfstype=ext4 rootwait '
- 07:02:17 [INFO] Target: 
setenv bootargs ''${bootargs}' root=PARTUUID=00000000-02 rw rootfstype=ext4 rootwait '
U-Boot# 
- 07:02:17 [INFO] Host: printenv
- 07:02:17 [INFO] Target: 
printenv
arch=arm
autoload=no
baudrate=115200
board=am43xx
board_name=AM43__SK
board_rev=1.1A
bootargs=console=ttyO0,115200n8 earlyprintk rootwait  ip=:::::eth0:dhcp  root=PARTUUID=00000000-02 rw rootfstype=ext4 rootwait 
bootcmd=
bootdelay=1
bootdir=/boot
bootenv=uEnv.txt
bootfile=zImage
bootm_size=0x10000000
bootpart=0:2
console=ttyO0,115200n8
cpu=armv7
dfu_alt_info_emmc=MLO raw 0x100 0x100 mmcpart 0;u-boot.img raw 0x300 0x1000 mmcpart 0
dfu_alt_info_mmc=boot part 0 1;rootfs part 0 2;MLO fat 0 1;spl-os-args fat 0 1;spl-os-image fat 0 1;u-boot.img fat 0 1;uEnv.txt fat 0 1
dfu_alt_info_ram=kernel ram 0x80200000 0x4000000;fdt ram 0x80f80000 0x80000;ramdisk ram 0x81000000 0x4000000
dfu_bufsiz=0x10000
dnsip=192.0.2.2
dnsip2=192.0.2.3
eth1addr=34:b1:f7:3d:b9:0e
ethact=cpsw
ethaddr=34:b1:f7:3d:b9:0c
fdt_addr_r=0x88000000
fdtaddr=0x88000000
fdtfile=undefined
fileaddr=88000000
filesize=a37c
findfdt=if test $board_name = AM43EPOS; then setenv fdtfile am43x-epos-evm.dtb; fi; if test $board_name = AM43__GP; then setenv fdtfile am437x-gp-evm.dtb; fi; if test $board_name = AM43__SK; then setenv fdtfile am437x-sk-evm.dtb; fi; if test $fdtfile = undefined; then echo WARNING: Could not determine device tree; fi; 
gatewayip=192.168.0.1
importbootenv=echo Importing environment from mmc ...; env import -t $loadaddr $filesize
ipaddr=192.168.0.147
kernel_addr_r=0x82000000
loadaddr=0x82000000
loadbootenv=load ${devtype} ${devnum} ${loadaddr} ${bootenv}
loadfdt=load ${devtype} ${bootpart} ${fdtaddr} ${bootdir}/${fdtfile}
loadimage=load ${devtype} ${bootpart} ${loadaddr} ${bootdir}/${bootfile}
loadramdisk=load ${devtype} ${devnum} ${rdaddr} ramdisk.gz
mmcargs=setenv bootargs console=${console} ${optargs} root=${mmcroot} rootfstype=${mmcrootfstype}
mmcboot=mmc dev ${mmcdev}; setenv devnum ${mmcdev}; setenv devtype mmc; if mmc rescan; then echo SD/MMC found on device ${devnum};if run loadbootenv; then echo Loaded environment from ${bootenv};run importbootenv;fi;if test -n $uenvcmd; then echo Running uenvcmd ...;run uenvcmd;fi;if run loadimage; then run loadfdt; echo Booting from mmc${mmcdev} ...; run mmcargs; bootz ${loadaddr} - ${fdtaddr}; fi;fi;
mmcdev=0
mmcroot=/dev/mmcblk0p2 rw
mmcrootfstype=ext4 rootwait
mtdids=nand0=nand.0
mtdparts=mtdparts=nand.0:256k(NAND.SPL),256k(NAND.SPL.backup1),256k(NAND.SPL.backup2),256k(NAND.SPL.backup3),512k(NAND.u-boot-spl-os),1m(NAND.u-boot),256k(NAND.u-boot-env),256k(NAND.u-boot-env.backup1),7m(NAND.kernel),-(NAND.file-system)
nandargs=setenv bootargs console=${console} ${optargs} root=${nandroot} rootfstype=${nandrootfstype}
nandboot=echo Booting from nand ...; run nandargs; nand read ${fdtaddr} NAND.u-boot-spl-os; nand read ${loadaddr} NAND.kernel; bootz ${loadaddr} - ${fdtaddr}
nandroot=ubi0:rootfs rw ubi.mtd=NAND.file-system,4096
nandrootfstype=ubifs rootwait=1
netargs=setenv bootargs console=${console} ${optargs} root=/dev/nfs nfsroot=${serverip}:${rootpath},${nfsopts} rw ip=dhcp
netboot=echo Booting from network ...; setenv autoload no; dhcp; tftp ${loadaddr} ${bootfile}; tftp ${fdtaddr} ${fdtfile}; run netargs; bootz ${loadaddr} - ${fdtaddr}
netmask=255.255.255.0
nfsopts=nolock
partitions=uuid_disk=${uuid_gpt_disk};name=rootfs,start=2MiB,size=-,uuid=${uuid_gpt_rootfs}
ramargs=setenv bootargs console=${console} ${optargs} root=${ramroot} rootfstype=${ramrootfstype}
ramdisk_addr_r=0x88080000
ramroot=/dev/ram0 rw
ramrootfstype=ext2
rdaddr=0x88080000
rootpath=/export/rootfs
serverip=192.168.0.1
soc=am33xx
static_ip=${ipaddr}:${serverip}:${gatewayip}:${netmask}:${hostname}::off
stderr=serial
stdin=serial
stdout=serial
usbargs=setenv bootargs console=${console} ${optargs} root=${usbroot} rootfstype=${usbrootfstype}
usbboot=setenv devnum ${usbdev}; setenv devtype usb; usb start ${usbdev}; if usb dev ${usbdev}; then if run loadbootenv; then echo Loaded environment from ${bootenv};run importbootenv;fi;if test -n $uenvcmd; then echo Running uenvcmd ...;run uenvcmd;fi;if run loadimage; then run loadfdt; echo Booting from usb ${usbdev}...; run usbargs;bootz ${loadaddr} - ${fdtaddr}; fi;fi
usbdev=0
usbnet_devaddr=34:b1:f7:3d:b9:0e
usbroot=/dev/sda2 rw
usbrootfstype=ext4 rootwait
vendor=ti
ver=U-Boot 2014.07-g8a51ac8 (Apr 23 2015 - 22:40:59)
Environment size: 4368/65532 bytes
U-Boot# 
- 07:02:17 [INFO] Host: setenv bootcmd ''${bootcmd}' if iminfo ${loadaddr}; then bootm ${loadaddr} - ${fdt_addr_r}; else bootz ${loadaddr} - ${fdt_addr_r}; bootm ${loadaddr} - ${fdt_addr_r}; fi'
- 07:02:17 [INFO] Target: 
setenv bootcmd ''${bootcmd}' if iminfo ${loadaddr}; then bootm ${loadaddr} - ${fdt_addr_r}; else bootz ${loadaddr} - ${fdt_addr_r}; bootm ${loadaddr} - ${fdt_addr_r}; fi'
U-Boot# 
- 07:02:17 [INFO] Host: version
- 07:02:17 [INFO] Target: 
version
U-Boot 2014.07-g8a51ac8 (Apr 23 2015 - 22:40:59)
arm-linux-gnueabihf-gcc (crosstool-NG linaro-1.13.1-4.7-2013.03-20130313 - Linaro GCC 2013.03) 4.7.3 20130226 (prerelease)
GNU ld (crosstool-NG linaro-1.13.1-4.7-2013.03-20130313 - Linaro GCC 2013.03) 2.23.1
U-Boot# 
- 07:02:17 [INFO] Host: bdinfo
- 07:02:17 [INFO] Target: 
bdinfo
arch_number = 0x00000000
boot_params = 0x80000100
DRAM bank   = 0x00000000
-> start    = 0x80000000
-> size     = 0x40000000
eth0name    = cpsw
ethaddr     = 34:b1:f7:3d:b9:0c
eth1name    = usb_ether
eth1addr    = 34:b1:f7:3d:b9:0e
current eth = cpsw
ip_addr     = 192.168.0.147
baudrate    = 115200 bps
TLB addr    = 0xBFFF0000
relocaddr   = 0xBF731000
reloc off   = 0x3EF31000
irq_sp      = 0xBE720EE0
sp start    = 0xBE720ED0
U-Boot# 
- 07:02:17 [INFO] Host: mmc rescan; echo $?
- 07:02:17 [INFO] Target: 
mmc rescan; echo $?
U-Boot# 
- 07:02:17 [INFO] Host: fatwrite mmc ${mmcdev}:1 ${loadaddr} ws-calibrate.rules 4
- 07:02:17 [INFO] Target: 
fatwrite mmc ${mmcdev}:1 ${loadaddr} ws-calibrate.rules 4
writing ws-calibrate.rules
4 bytes written
U-Boot# 
- 07:02:17 [INFO] Host: boot
- 07:04:47 [ERROR] On command: boot waiting for boot.+?(?-mix:login:) >>> error: execution expired
- 07:04:47 [INFO] Target: 
boot
## Checking Image at 82000000 ...
Unknown image format!
Kernel image @ 0x82000000 [ 0x000000 - 0x618118 ]
## Flattened Device Tree blob at 88000000
   Booting using the fdt blob at 0x88000000
   Loading Device Tree to 8fff2000, end 8ffff37b ... OK
Starting kernel ...
[    0.000000] Booting Linux on physical CPU 0x0
[    0.000000] Linux version 4.3.0-rc1-next-20150916-00002-gcf64e1b4e66d (nmenon@kahuna) (gcc version 4.6.3 (Ubuntu/Linaro 4.6.3-1ubuntu5) ) #1 SMP Wed Sep 16 05:56:15 CDT 2015
[    0.000000] CPU: ARMv7 Processor [412fc09a] revision 10 (ARMv7), cr=10c5387d
[    0.000000] CPU: PIPT / VIPT nonaliasing data cache, VIPT aliasing instruction cache
[    0.000000] Machine model: TI AM437x SK EVM
[    0.000000] cma: Reserved 64 MiB at 0xbc000000
[    0.000000] Memory policy: Data cache writeback
[    0.000000] CPU: All CPU(s) started in SVC mode.
[    0.000000] AM437x ES1.2 (sgx neon )
[    0.000000] PERCPU: Embedded 12 pages/cpu @eefc6000 s19136 r8192 d21824 u49152
[    0.000000] Built 1 zonelists in Zone order, mobility grouping on.  Total pages: 260624
[    0.000000] Kernel command line: console=ttyO0,115200n8 earlyprintk rootwait  ip=:::::eth0:dhcp  root=PARTUUID=00000000-02 rw rootfstype=ext4 rootwait 
[    0.000000] PID hash table entries: 4096 (order: 2, 16384 bytes)
[    0.000000] Dentry cache hash table entries: 131072 (order: 7, 524288 bytes)
[    0.000000] Inode-cache hash table entries: 65536 (order: 6, 262144 bytes)
[    0.000000] Memory: 959648K/1048576K available (8113K kernel code, 1012K rwdata, 3620K rodata, 1028K init, 340K bss, 23392K reserved, 65536K cma-reserved, 204800K highmem)
[    0.000000] Virtual kernel memory layout:
[    0.000000]     vector  : 0xffff0000 - 0xffff1000   (   4 kB)
[    0.000000]     fixmap  : 0xffc00000 - 0xfff00000   (3072 kB)
[    0.000000]     vmalloc : 0xf0000000 - 0xff000000   ( 240 MB)
[    0.000000]     lowmem  : 0xc0000000 - 0xef800000   ( 760 MB)
[    0.000000]     pkmap   : 0xbfe00000 - 0xc0000000   (   2 MB)
[    0.000000]     modules : 0xbf000000 - 0xbfe00000   (  14 MB)
[    0.000000]       .text : 0xc0208000 - 0xc0d7e4a0   (11738 kB)
[    0.000000]       .init : 0xc0d7f000 - 0xc0e80000   (1028 kB)
[    0.000000]       .data : 0xc0e80000 - 0xc0f7d0a0   (1013 kB)
[    0.000000]        .bss : 0xc0f80000 - 0xc0fd52e0   ( 341 kB)
[    0.000000] SLUB: HWalign=64, Order=0-3, MinObjects=0, CPUs=1, Nodes=1
[    0.000000] Hierarchical RCU implementation.
[    0.000000] 	Build-time adjustment of leaf fanout to 32.
[    0.000000] 	RCU restricting CPUs from NR_CPUS=16 to nr_cpu_ids=1.
[    0.000000] RCU: Adjusting geometry for rcu_fanout_leaf=32, nr_cpu_ids=1
[    0.000000] NR_IRQS:16 nr_irqs:16 16
[    0.000000] L2C: platform modifies aux control register: 0x0e030000 -> 0x3e430000
[    0.000000] L2C: DT/platform modifies aux control register: 0x0e030000 -> 0x3e430000
[    0.000000] L2C-310 erratum 769419 enabled
[    0.000000] L2C-310 enabling early BRESP for Cortex-A9
[    0.000000] OMAP L2C310: ROM does not support power control setting
[    0.000000] L2C-310 dynamic clock gating disabled, standby mode disabled
[    0.000000] L2C-310 cache controller enabled, 16 ways, 256 kB
[    0.000000] L2C-310: CACHE_ID 0x410000c9, AUX_CTRL 0x4e430000
[    0.000000] OMAP clockevent source: timer2 at 24000000 Hz
[    0.000011] sched_clock: 32 bits at 24MHz, resolution 41ns, wraps every 89478484971ns
[    0.000025] clocksource: timer1: mask: 0xffffffff max_cycles: 0xffffffff, max_idle_ns: 79635851949 ns
[    0.000034] OMAP clocksource: timer1 at 24000000 Hz
[    0.000179] Console: colour dummy device 80x30
[    0.000213] Calibrating delay loop... 1992.29 BogoMIPS (lpj=4980736)
[    0.044367] pid_max: default: 32768 minimum: 301
[    0.044508] Mount-cache hash table entries: 2048 (order: 1, 8192 bytes)
[    0.044520] Mountpoint-cache hash table entries: 2048 (order: 1, 8192 bytes)
[    0.045203] CPU: Testing write buffer coherency: ok
[    0.045521] CPU0: thread -1, cpu 0, socket 0, mpidr 80000000
[    0.045616] Setting up static identity map for 0x80209000 - 0x80209098
[    0.049221] Brought up 1 CPUs
[    0.049238] SMP: Total of 1 processors activated (1992.29 BogoMIPS).
[    0.049246] CPU: All CPU(s) started in SVC mode.
[    0.050082] devtmpfs: initialized
[    0.058901] VFP support v0.3: implementor 41 architecture 3 part 30 variant 9 rev 4
[    0.071733] omap_hwmod: tptc0 using broken dt data from edma
[    0.071858] omap_hwmod: tptc1 using broken dt data from edma
[    0.071962] omap_hwmod: tptc2 using broken dt data from edma
[    0.130465] clocksource: jiffies: mask: 0xffffffff max_cycles: 0xffffffff, max_idle_ns: 9556302231375000 ns
[    0.134189] pinctrl core: initialized pinctrl subsystem
[    0.136486] NET: Registered protocol family 16
[    0.138458] DMA: preallocated 256 KiB pool for atomic coherent allocations
[    0.140248] cpuidle: using governor ladder
[    0.140267] cpuidle: using governor menu
[    0.142279] omap_l3_noc 44000000.ocp: L3 debug error: target 8 mod:0 (unclearable)
[    0.142347] omap_l3_noc 44000000.ocp: L3 application error: target 8 mod:0 (unclearable)
[    0.145272] platform 44e3e000.rtc: Cannot lookup hwmod 'rtc'
[    0.146176] OMAP GPIO hardware version 0.1
[    0.149728] platform 53701000.des: Cannot lookup hwmod 'des'
[    0.154067] No ATAGs?
[    0.154102] hw-breakpoint: found 5 (+1 reserved) breakpoint and 1 watchpoint registers.
[    0.154112] hw-breakpoint: maximum watchpoint size is 4 bytes.
[    0.155647] omap4_sram_init:Unable to allocate sram needed to handle errata I688
[    0.155661] omap4_sram_init:Unable to get sram pool needed to handle errata I688
[    0.157970] Serial: AMBA PL011 UART driver
[    0.173358] edma-dma-engine edma-dma-engine.0: TI EDMA DMA engine driver
[    0.175857] vgaarb: loaded
[    0.176621] SCSI subsystem initialized
[    0.177204] usbcore: registered new interface driver usbfs
[    0.177259] usbcore: registered new interface driver hub
[    0.177315] usbcore: registered new device driver usb
[    0.178028] omap_i2c 44e0b000.i2c: could not find pctldev for node /ocp/l4_wkup@44c00000/scm@210000/pinmux@800/i2c0_pins, deferring probe
[    0.178072] omap_i2c 4802a000.i2c: could not find pctldev for node /ocp/l4_wkup@44c00000/scm@210000/pinmux@800/i2c1_pins, deferring probe
[    0.178653] pps_core: LinuxPPS API ver. 1 registered
[    0.178662] pps_core: Software ver. 5.3.6 - Copyright 2005-2007 Rodolfo Giometti <giometti@linux.it>
[    0.178689] PTP clock support registered
[    0.178876] EDAC MC: Ver: 3.0.0
[    0.181408] clocksource: Switched to clocksource timer1
[    0.190264] NET: Registered protocol family 2
[    0.190854] TCP established hash table entries: 8192 (order: 3, 32768 bytes)
[    0.190934] TCP bind hash table entries: 8192 (order: 4, 65536 bytes)
[    0.191041] TCP: Hash tables configured (established 8192 bind 8192)
[    0.191181] UDP hash table entries: 512 (order: 2, 16384 bytes)
[    0.191233] UDP-Lite hash table entries: 512 (order: 2, 16384 bytes)
[    0.191518] NET: Registered protocol family 1
[    0.191906] RPC: Registered named UNIX socket transport module.
[    0.191919] RPC: Registered udp transport module.
[    0.191924] RPC: Registered tcp transport module.
[    0.191930] RPC: Registered tcp NFSv4.1 backchannel transport module.
[    0.194155] futex hash table entries: 256 (order: 2, 16384 bytes)
[    0.202668] squashfs: version 4.0 (2009/01/31) Phillip Lougher
[    0.203496] NFS: Registering the id_resolver key type
[    0.203546] Key type id_resolver registered
[    0.203553] Key type id_legacy registered
[    0.203621] ntfs: driver 2.1.32 [Flags: R/O].
[    0.205028] bounce: pool size: 64 pages
[    0.205248] Block layer SCSI generic (bsg) driver version 0.4 loaded (major 249)
[    0.205268] io scheduler noop registered
[    0.205281] io scheduler deadline registered
[    0.205326] io scheduler cfq registered (default)
[    0.210463] pinctrl-single 44e10800.pinmux: 199 pins at pa f9e10800 size 796
[    0.215582] backlight supply power not found, using dummy regulator
[    0.265107] Serial: 8250/16550 driver, 4 ports, IRQ sharing disabled
[    0.267420] SuperH (H)SCI(F) driver initialized
[    0.268167] msm_serial: driver initialized
[    0.268617] omap_uart 44e09000.serial: no wakeirq for uart0
[    0.268636] omap_uart 44e09000.serial: No clock speed specified: using default: 48000000
[    0.268778] 44e09000.serial: ttyO0 at MMIO 0x44e09000 (irq = 27, base_baud = 3000000) is a OMAP UART0
[    1.027047] console [ttyO0] enabled
[    1.031205] STMicroelectronics ASC driver initialized
[    1.037945] [drm] Initialized drm 1.1.0 20060810
[    1.051041] loop: module loaded
[    1.060270] CAN device driver interface
[    1.065288] igb: Intel(R) Gigabit Ethernet Network Driver - version 5.3.0-k
[    1.072608] igb: Copyright (c) 2007-2014 Intel Corporation.
[    1.080539] pegasus: v0.9.3 (2013/04/25), Pegasus/Pegasus II USB Ethernet driver
[    1.088375] usbcore: registered new interface driver pegasus
[    1.094363] usbcore: registered new interface driver asix
[    1.100055] usbcore: registered new interface driver ax88179_178a
[    1.106475] usbcore: registered new interface driver cdc_ether
[    1.112634] usbcore: registered new interface driver smsc75xx
[    1.118714] usbcore: registered new interface driver smsc95xx
[    1.124775] usbcore: registered new interface driver net1080
[    1.130747] usbcore: registered new interface driver cdc_subset
[    1.136984] usbcore: registered new interface driver zaurus
[    1.142901] usbcore: registered new interface driver cdc_ncm
[    1.555885] xhci-hcd xhci-hcd.0.auto: xHCI Host Controller
[    1.561716] xhci-hcd xhci-hcd.0.auto: new USB bus registered, assigned bus number 1
[    1.570188] xhci-hcd xhci-hcd.0.auto: hcc params 0x0238f06d hci version 0x100 quirks 0x00010010
[    1.579352] xhci-hcd xhci-hcd.0.auto: irq 180, io mem 0x483d0000
[    1.586502] hub 1-0:1.0: USB hub found
[    1.590473] hub 1-0:1.0: 1 port detected
[    1.594930] xhci-hcd xhci-hcd.0.auto: xHCI Host Controller
[    1.600707] xhci-hcd xhci-hcd.0.auto: new USB bus registered, assigned bus number 2
[    1.608809] usb usb2: We don't know the algorithms for LPM for this host, disabling LPM.
[    1.617927] hub 2-0:1.0: USB hub found
[    1.621953] hub 2-0:1.0: 1 port detected
[    1.626451] ehci_hcd: USB 2.0 'Enhanced' Host Controller (EHCI) Driver
[    1.633285] ehci-pci: EHCI PCI platform driver
[    1.638015] ehci-platform: EHCI generic platform driver
[    1.643849] ehci-omap: OMAP-EHCI Host Controller driver
[    1.649492] ehci-orion: EHCI orion driver
[    1.653828] SPEAr-ehci: EHCI SPEAr driver
[    1.658146] ehci-st: EHCI STMicroelectronics driver
[    1.663363] ehci-exynos: EHCI EXYNOS driver
[    1.667860] ehci-atmel: EHCI Atmel driver
[    1.672164] tegra-ehci: Tegra EHCI driver
[    1.676492] ohci_hcd: USB 1.1 'Open' Host Controller (OHCI) Driver
[    1.682993] ohci-pci: OHCI PCI platform driver
[    1.687707] ohci-platform: OHCI generic platform driver
[    1.693349] ohci-omap3: OHCI OMAP3 driver
[    1.697689] SPEAr-ohci: OHCI SPEAr driver
[    1.702015] ohci-st: OHCI STMicroelectronics driver
[    1.707230] ohci-atmel: OHCI Atmel driver
[    1.711670] usbcore: registered new interface driver usb-storage
[    1.719372] mousedev: PS/2 mouse device common for all mice
[    1.728850] i2c /dev entries driver
[    1.738425] sdhci: Secure Digital Host Controller Interface driver
[    1.744928] sdhci: Copyright(c) Pierre Ossman
[    1.750443] omap_hsmmc 48060000.mmc: Got CD GPIO
[    1.756870] Synopsys Designware Multimedia Card Interface Driver
[    1.764000] sdhci-pltfm: SDHCI platform and OF driver helper
[    1.772153] ledtrig-cpu: registered to indicate activity on CPUs
[    1.778723] usbcore: registered new interface driver usbhid
[    1.784578] usbhid: USB HID core driver
[    1.792215] NET: Registered protocol family 10
[    1.797935] sit: IPv6 over IPv4 tunneling driver
[    1.803491] NET: Registered protocol family 17
[    1.808204] can: controller area network core (rev 20120528 abi 9)
[    1.814753] NET: Registered protocol family 29
[    1.819414] can: raw protocol (rev 20120528)
[    1.823886] can: broadcast manager protocol (rev 20120528 t)
[    1.829809] can: netlink gateway (rev 20130117) max_hops=1
[    1.836088] Key type dns_resolver registered
[    1.840863] omap_voltage_late_init: Voltage driver support not added
[    1.848601] ThumbEE CPU extension supported.
[    1.853133] Registering SWP/SWPB emulation handler
[    1.861784] at24 0-0050: 32768 byte 24c256 EEPROM, writable, 64 bytes/write
[    1.869145] omap_i2c 44e0b000.i2c: bus 0 rev0.12 at 400 kHz
[    1.876775] omap_i2c 4802a000.i2c: bus 1 rev0.12 at 400 kHz
[    1.883284] backlight supply power not found, using dummy regulator
[    1.892298] omap_hsmmc 48060000.mmc: Got CD GPIO
[    1.951428] davinci_mdio 4a101000.mdio: davinci mdio revision 1.6
[    1.957831] davinci_mdio 4a101000.mdio: detected phy mask ffffffcf
[    1.965883] backlight supply power not found, using dummy regulator
[    1.974847] omap_hsmmc 48060000.mmc: Got CD GPIO
[    1.981642] libphy: 4a101000.mdio: probed
[    1.985843] davinci_mdio 4a101000.mdio: phy[4]: device 4a101000.mdio:04, driver Micrel KSZ9031 Gigabit PHY
[    1.995946] davinci_mdio 4a101000.mdio: phy[5]: device 4a101000.mdio:05, driver Micrel KSZ9031 Gigabit PHY
[    2.007447] cpsw 4a100000.ethernet: Detected MACID = 34:b1:f7:3d:b9:0c
[    2.015256] cpsw 4a100000.ethernet: cpsw: Detected MACID = 34:b1:f7:3d:b9:0e
[    2.023769] hctosys: unable to open rtc device (rtc0)
[    2.033802] net eth0: initializing cpsw version 1.15 (0)
[    2.042094] backlight supply power not found, using dummy regulator
[    2.051146] omap_hsmmc 48060000.mmc: Got CD GPIO
[    2.102963] net eth0: phy found : id is : 0x221622
[    2.111817] IPv6: ADDRCONF(NETDEV_UP): eth0: link is not ready
[    2.516418] usb 1-1: new high-speed USB device number 2 using xhci-hcd
[    2.648087] usb-storage 1-1:1.0: USB Mass Storage device detected
[    2.654935] scsi host0: usb-storage 1-1:1.0
[    2.660544] backlight supply power not found, using dummy regulator
[    2.669549] omap_hsmmc 48060000.mmc: Got CD GPIO
[    3.657279] scsi 0:0:0:0: Direct-Access     Generic  Flash Disk       1.68 PQ: 0 ANSI: 2
[    3.667325] backlight supply power not found, using dummy regulator
[    3.676371] omap_hsmmc 48060000.mmc: Got CD GPIO
[    3.683376] sd 0:0:0:0: [sda] 2048000 512-byte logical blocks: (1.04 GB/1000 MiB)
[    3.692202] sd 0:0:0:0: [sda] Write Protect is off
[    3.697847] sd 0:0:0:0: [sda] No Caching mode page found
[    3.703435] sd 0:0:0:0: [sda] Assuming drive cache: write through
[    3.713789]  sda: sda1
[    3.718774] sd 0:0:0:0: [sda] Attached SCSI removable disk
[    6.102288] cpsw 4a100000.ethernet eth0: Link is Up - 1Gbps/Full - flow control rx/tx
[    6.110564] IPv6: ADDRCONF(NETDEV_CHANGE): eth0: link becomes ready
[    6.121432] Sending DHCP requests ., OK
[    6.166888] IP-Config: Got DHCP answer from 192.168.0.1, my address is 192.168.0.147
[    6.175134] IP-Config: Complete:
[    6.178536]      device=eth0, hwaddr=34:b1:f7:3d:b9:0c, ipaddr=192.168.0.147, mask=255.255.255.0, gw=192.168.0.1
[    6.189176]      host=192.168.0.147, domain=ti.com, nis-domain=(none)
[    6.195924]      bootserver=192.168.0.1, rootserver=192.168.0.1, rootpath=
[    6.202940]      nameserver0=192.0.2.2, nameserver1=192.0.2.3
[    6.210200] Waiting for root device PARTUUID=00000000-02...
[  117.521406] random: nonblocking pool is initialized
[  120.791648] Unable to handle kernel paging request at virtual address 79591c08
[  120.799207] pgd = c0204000
[  120.802026] [79591c08] *pgd=00000000
[  120.805769] Internal error: Oops: 5 [#1] SMP ARM
[  120.810592] Modules linked in:
[  120.813793] CPU: 0 PID: 0 Comm: swapper/0 Not tainted 4.3.0-rc1-next-20150916-00002-gcf64e1b4e66d #1
[  120.823341] Hardware name: Generic AM43 (Flattened Device Tree)
[  120.829519] task: c0e86428 ti: c0e80000 task.ti: c0e80000
[  120.835187] PC is at ip_route_input_noref+0x238/0x820
[  120.840485] LR is at dst_alloc+0x70/0x94
[  120.844575] pc : [<c08e1d18>]    lr : [<c08c506c>]    psr: 20000113
[  120.844575] sp : c0e81ce0  ip : 2e14c000  fp : 00000000
[  120.856565] r10: ee525800  r9 : ee4caf00  r8 : ffffffea
[  120.862022] r7 : c0f74c40  r6 : ee558800  r5 : 00000000  r4 : ee517780
[  120.868842] r3 : 79591c00  r2 : c08e07f0  r1 : 00000010  r0 : ee558800
[  120.875656] Flags: nzCv  IRQs on  FIQs on  Mode SVC_32  ISA ARM  Segment none
[  120.883103] Control: 10c5387d  Table: 80204059  DAC: 00000051
[  120.889105] Process swapper/0 (pid: 0, stack limit = 0xc0e80220)
[  120.895375] Stack: (0xc0e81ce0 to 0xc0e82000)
[  120.899929] 1ce0: 00000000 00000000 00000000 0000001b ffffffff 00000000 c0fa80b8 c0f83958
[  120.908480] 1d00: c0f83958 00000000 0000001c eefc6c40 00000000 00000000 eefc6c00 c0298028
[  120.917020] 1d20: c0e7ac00 f389c9e5 0000001b c0037bec f08eb000 00000000 79591c00 2c297a00
[  120.925565] 1d40: 00000000 ee062ac0 c0f83940 ee546850 ee517798 ee517780 c0f74c40 00000002
[  120.934118] 1d60: 00000000 c0e81db4 ee525800 c08e40c4 ee525800 00000000 00000000 ee517780
[  120.942663] 1d80: c0e84cf0 ee525848 ee525800 00000008 ee52585c c08b6bac 00000005 00000000
[  120.951213] 1da0: 00000000 00000000 c0fa7d30 ee517780 1fa52180 ee52585c ee525800 ee517780
[  120.959759] 1dc0: c0e83dd4 ee517780 ee525cc0 00000156 c0e7e940 00010000 2e14c000 c08ba654
[  120.968309] 1de0: 00000700 60000113 ee5aeb00 c08afe7c ee5aeb42 ee5499c0 ee525800 ee5499c0
[  120.976866] 1e00: ee525800 c07370bc ee5136b8 60000113 f015c040 ee4ffe50 ee513690 ee517780
[  120.985411] 1e20: 00000156 c07329a0 00000000 c028d200 c028d1ec 00010000 ee4ffe50 f015c040
[  120.993961] 1e40: 00000156 ee4ffe70 ee513690 c0732a94 00000001 ee4ffe50 00000000 00000040
[  121.002510] 1e60: 0000012c ffff7400 c0e81ea0 c0732b10 ee525cd0 ee525cd0 00000040 c073780c
[  121.011056] 1e80: ee525cd0 00000001 00000040 c08bada0 00000000 c0e82100 c0e81ea8 eefca940
[  121.019607] 1ea0: c0e81ea0 c0e81ea0 c0e81ea8 c0e81ea8 c0f82c00 00000000 c0e8208c 00000100
[  121.028158] 1ec0: c0e82080 c0e7a308 00000003 c0f82c00 00000003 c024dfbc ee0fbea4 00000000
[  121.036697] 1ee0: c0e82080 0000000a ffff73ff 00200000 00000000 c0e7b450 00000000 00000000
[  121.045241] 1f00: 00000049 ee008000 00000001 fa241100 00000000 c024e3a0 c0e7b450 c028934c
[  121.053791] 1f20: fa240100 c0e82848 c0ebecc4 c0e81f58 fa24010c c020a6fc c02113e0 c02113e4
[  121.062340] 1f40: 60000113 ffffffff c0e81f8c c0e8250c c0e7a364 c0214714 00000001 00000000
[  121.070876] 1f60: c0e81fb0 c02217c0 c0e82504 c0e824a4 00000000 c0e7d588 c0e8250c 00000001
[  121.079415] 1f80: c0e7a364 00000000 c0e7a388 c0e81fa8 c02113e0 c02113e4 60000113 ffffffff
[  121.087953] 1fa0: 00000051 c0e82504 00000000 c027e644 00000118 c0f80000 00000000 c0d7fbf0
[  121.096498] 1fc0: ffffffff ffffffff 00000000 c0d7f668 00000000 c0e17a28 00000000 c0f805d4
[  121.105046] 1fe0: c0e82480 c0e17a24 c0e87534 80204059 00000000 8020807c 00000000 00000000
[  121.113597] [<c08e1d18>] (ip_route_input_noref) from [<c08e40c4>] (ip_rcv+0x390/0x72c)
[  121.121874] [<c08e40c4>] (ip_rcv) from [<c08b6bac>] (__netif_receive_skb_core+0x304/0x764)
[  121.130500] [<c08b6bac>] (__netif_receive_skb_core) from [<c08ba654>] (netif_receive_skb_internal+0x30/0xa0)
[  121.140787] [<c08ba654>] (netif_receive_skb_internal) from [<c07370bc>] (cpsw_rx_handler+0xa8/0x1d8)
[  121.150336] [<c07370bc>] (cpsw_rx_handler) from [<c07329a0>] (__cpdma_chan_free+0x90/0xa0)
[  121.158954] [<c07329a0>] (__cpdma_chan_free) from [<c0732a94>] (__cpdma_chan_process+0xe4/0x120)
[  121.168117] [<c0732a94>] (__cpdma_chan_process) from [<c0732b10>] (cpdma_chan_process+0x40/0x50)
[  121.177285] [<c0732b10>] (cpdma_chan_process) from [<c073780c>] (cpsw_rx_poll+0x14/0x94)
[  121.185735] [<c073780c>] (cpsw_rx_poll) from [<c08bada0>] (net_rx_action+0xf8/0x2d4)
[  121.193836] [<c08bada0>] (net_rx_action) from [<c024dfbc>] (__do_softirq+0xe4/0x230)
[  121.201925] [<c024dfbc>] (__do_softirq) from [<c024e3a0>] (irq_exit+0xa8/0x114)
[  121.209554] [<c024e3a0>] (irq_exit) from [<c028934c>] (__handle_domain_irq+0x58/0xac)
[  121.217726] [<c028934c>] (__handle_domain_irq) from [<c020a6fc>] (gic_handle_irq+0x4c/0x98)
[  121.226432] [<c020a6fc>] (gic_handle_irq) from [<c0214714>] (__irq_svc+0x54/0x70)
[  121.234233] Exception stack(0xc0e81f58 to 0xc0e81fa0)
[  121.239495] 1f40:                                                       00000001 00000000
[  121.248028] 1f60: c0e81fb0 c02217c0 c0e82504 c0e824a4 00000000 c0e7d588 c0e8250c 00000001
[  121.256559] 1f80: c0e7a364 00000000 c0e7a388 c0e81fa8 c02113e0 c02113e4 60000113 ffffffff
[  121.265105] [<c0214714>] (__irq_svc) from [<c02113e4>] (arch_cpu_idle+0x30/0x3c)
[  121.272833] [<c02113e4>] (arch_cpu_idle) from [<c027e644>] (cpu_startup_entry+0x1cc/0x24c)
[  121.281472] [<c027e644>] (cpu_startup_entry) from [<c0d7fbf0>] (start_kernel+0x358/0x3c0)
[  121.290006] [<c0d7fbf0>] (start_kernel) from [<8020807c>] (0x8020807c)
[  121.296812] Code: e5c6205e e59f25cc e3530000 e586202c (15933008) 
[  121.303215] ---[ end trace eec72fe2868bf4fd ]---
[  121.308036] Kernel panic - not syncing: Fatal exception in interrupt
[  121.314668] ---[ end Kernel panic - not syncing: Fatal exception in interrupt
- 07:04:47 [INFO] Boot attempt 1/1 failed
URL:gtsystest.telogy.design.ti.com/vatf/tigtfarm07/tigtfarm07_vatf@am437x-sk1/tigtfarm0709_16_2015_07_01_57/files/session_iteration_1/test_1
