- 02:28:14 [INFO] Starting target session
- 02:28:14 [INFO] Connected to am437x-sk via serial 
- 02:28:14 [INFO] Host: #check prompt
- 02:28:17 [ERROR] On command: #check prompt waiting for #check prompt.+?(?-mix:((?-mix:login:)|[Pp]assword)) >>> error: execution expired
- 02:28:17 [INFO] Target: 
#check prompt
root@am437x-evm:/test# 
- 02:28:17 [INFO] Host: #check prompt
- 02:28:17 [INFO] Target: 
#check prompt
root@am437x-evm:/test# 
- 02:28:17 [INFO] Host: sync;poweroff
- 02:28:28 [INFO] Target: 
sync;poweroff
INIT: Sw
INIT: Sending prUIM SYSFS Node Not Found
Stopping Dropbear SSH server: stopped /usr/sbin/dropbear (pid 595)
dropbear.
Stopping telnet daemon.
Stopping system message bus: dbus.
hwclock: can't open '/dev/misc/rtc': No such file or directory
Error opening /dev/fb0: No such file or directory
Stopping syslogd/klogd: stopped syslogd (pid 627)
stopped klogd (pid 630)
done
Stopping thttpd.
Stopping Weston
stopping statd: done
ALSA: Storing mixer settings...
/usr/sbin/alsactl: save_state:1590: No soundcards found...
Stopping rpcbind daemon...
done.
Stopping Lighttpd Web Server: stopped /usr/sbin/lighttpd (pid 641)
lighttpd.
Deconfiguring network interfaces... done.
Stopping Matrix GUI applicationstart-stop-daemon: warning: killing process 648: No such process
Disabling thermal zones...
/etc/rc0.d/K98thermal-zone-init: line 13: /sys/class/thermal/thermal_zone*/mode: No such file or directory
***************************************************************
***************************************************************
NOTICE: This file system contains the followin GPLv3 packages:
	autoconf
	binutils
	cpp-symlinks
	cpp
	g++-symlinks
	g++
	gcc-symlinks
	gcc
	gdbserver
	libgmp10
	libmpc3
	libmpfr4
	make
If you do not wish to distribute GPLv3 components please remove
the above packages prior to distribution.  This can be done using
the opkg remove command.  i.e.:
    opkg remove <package>
Where <package> is the name printed in the list above
NOTE: If the package is a dependency of another package you
      will be notified of the dependent packages.  You should
      use the --force-removal-of-dependent-packages option to
      also remove the dependent packages as well
***************************************************************
***************************************************************
Sending all processes the TERM signal...
Sending all processes the KILL signal...
Unmounting remote filesystems...
Deactivating swap...
Unmounting local filesystems...
[ 3358.874755] EXT4-fs (mmcblk0p2): re-mounted. Opts: data=ordered
[ 3361.112152] reboot: System halted
- 02:28:28 [INFO] Disconnected serial from am437x-sk
- 02:28:33 [INFO] Connected to am437x-sk via serial 
- 02:28:33 [INFO] Host: 
- 02:28:34 [INFO] Target: 
PMIC:  TPS65218
NAND:  0 MiB
MMC:   OMAP SD/MMC: 0
reading uboot.env
Net:   
Warning: ethernet@4a100000 using MAC address from ROM
eth0: ethernet@4a100000
Hit any key to stop autoboot:  2  0 
=>  
=>  
=>  
=>  
=>  
=>  
=>  
=>  
- 02:28:34 [INFO] Host: 
- 02:28:34 [INFO] Target: 
- 02:28:34 [INFO] Host: version
- 02:28:34 [INFO] Target: 
version
U-Boot 2016.05-00291-ga32e59e (Nov 02 2016 - 00:35:46 -0500)
arm-linux-gnueabihf-gcc (Linaro GCC 5.3-2016.02) 5.3.1 20160113
GNU ld (GNU Binutils) 2.25.0 Linaro 2015_10
- 02:28:34 [INFO] Host: setenv bootargs 'console=ttyO0,115200n8 earlyprintk=serial,ttyO0,115200n8 rootwait '
- 02:28:34 [INFO] Target: 
setenv bootargs 'console=ttyO0,115200n8 earlyprintk=serial,ttyO0,115200n8 rootwait '
- 02:28:34 [INFO] Host: setenv bootcmd  ''
- 02:28:34 [INFO] Target: 
setenv bootcmd  ''
- 02:28:34 [INFO] Host: setenv autoload 'no'
- 02:28:34 [INFO] Target: 
setenv autoload 'no'
- 02:28:34 [INFO] Host: setenv serverip '192.168.0.1'
- 02:28:34 [INFO] Target: 
setenv serverip '192.168.0.1'
- 02:28:34 [INFO] Host: setenv _initramfs -
- 02:28:34 [INFO] Target: 
setenv _initramfs -
- 02:28:34 [INFO] Host: printenv
- 02:28:35 [INFO] Target: 
printenv
_initramfs=-
arch=arm
args_fit=setenv bootargs console=${console} 
args_mmc=run finduuid;setenv bootargs console=${console} ${optargs} root=PARTUUID=${uuid} rw rootfstype=${mmcrootfstype}
autoload=no
baudrate=115200
board=am43xx
board_name=AM43__SK
board_rev=1.1A
board_serial=11144P420018
boot_fdt=try
boot_fit=0
bootargs=console=ttyO0,115200n8 earlyprintk=serial,ttyO0,115200n8 rootwait 
bootcmd=
bootdelay=2
bootdir=/boot
bootenvfile=uEnv.txt
bootfile=zImage
bootm_size=0x10000000
bootpart=0:2
bootscript=echo Running bootscript from mmc${mmcdev} ...; source ${loadaddr}
console=ttyO0,115200n8
cpu=armv7
dfu_alt_info_emmc=MLO raw 0x100 0x100 mmcpart 0;u-boot.img raw 0x300 0x1000 mmcpart 0
dfu_alt_info_mmc=boot part 0 1;rootfs part 0 2;MLO fat 0 1;spl-os-args fat 0 1;spl-os-image fat 0 1;u-boot.img fat 0 1;uEnv.txt fat 0 1
dfu_alt_info_qspi=u-boot.bin raw 0x0 0x080000;u-boot.backup raw 0x080000 0x080000;u-boot-spl-os raw 0x100000 0x010000;u-boot-env raw 0x110000 0x010000;u-boot-env.backup raw 0x120000 0x010000;kernel raw 0x130000 0x800000
dfu_alt_info_ram=kernel ram 0x80200000 0x4000000;fdt ram 0x80f80000 0x80000;ramdisk ram 0x81000000 0x4000000
dfu_bufsiz=0x10000
envboot=mmc dev ${mmcdev}; if mmc rescan; then echo SD/MMC found on device ${mmcdev};if run loadbootscript; then run bootscript;else if run loadbootenv; then echo Loaded env from ${bootenvfile};run importbootenv;fi;if test -n $uenvcmd; then echo Running uenvcmd ...;run uenvcmd;fi;fi;fi;
ethaddr=34:b1:f7:3d:b6:e4
fdt_addr_r=0x88000000
fdtaddr=0x88000000
fdtcontroladdr=bef0f298
fdtfile=undefined
findfdt=if test $board_name = AM43EPOS; then setenv fdtfile am43x-epos-evm.dtb; fi; if test $board_name = AM43__GP; then setenv fdtfile am437x-gp-evm.dtb; fi; if test $board_name = AM43XXHS; then setenv fdtfile am437x-gp-evm.dtb; fi; if test $board_name = AM43__SK; then setenv fdtfile am437x-sk-evm.dtb; fi; if test $board_name = AM43_IDK; then setenv fdtfile am437x-idk-evm.dtb; fi; if test $fdtfile = undefined; then echo WARNING: Could not determine device tree; fi; 
finduuid=part uuid mmc ${bootpart} uuid
fit_bootfile=fitImage.itb
fit_loadaddr=0x88000000
importbootenv=echo Importing environment from mmc${mmcdev} ...; env import -t ${loadaddr} ${filesize}
kernel_addr_r=0x82000000
loadaddr=0x82000000
loadbootenv=fatload mmc ${mmcdev} ${loadaddr} ${bootenvfile}
loadbootscript=load mmc ${mmcdev} ${loadaddr} boot.scr
loadfdt=load ${devtype} ${bootpart} ${fdtaddr} ${bootdir}/${fdtfile}
loadfit=run args_fit; bootm ${loadaddr}#${fdtfile};
loadimage=load ${devtype} ${bootpart} ${loadaddr} ${bootdir}/${bootfile}
loadramdisk=load ${devtype} ${devnum} ${rdaddr} ramdisk.gz
mmcboot=mmc dev ${mmcdev}; setenv devnum ${mmcdev}; setenv devtype mmc; if mmc rescan; then echo SD/MMC found on device ${mmcdev};if run loadimage; then if test ${boot_fit} -eq 1; then run loadfit; else run mmcloados;fi;fi;fi;
mmcdev=0
mmcloados=run args_mmc; if test ${boot_fdt} = yes || test ${boot_fdt} = try; then if run loadfdt; then bootz ${loadaddr} - ${fdtaddr}; else if test ${boot_fdt} = try; then bootz; else echo WARN: Cannot load the DT; fi; fi; else bootz; fi;
mmcrootfstype=ext4 rootwait
mtdids=nand0=nand.0
mtdparts=mtdparts=nand.0:256k(NAND.SPL),256k(NAND.SPL.backup1),256k(NAND.SPL.backup2),256k(NAND.SPL.backup3),512k(NAND.u-boot-spl-os),1m(NAND.u-boot),256k(NAND.u-boot-env),256k(NAND.u-boot-env.backup1),7m(NAND.kernel),-(NAND.file-system)
nandargs=setenv bootargs console=${console} ${optargs} root=${nandroot} rootfstype=${nandrootfstype}
nandboot=echo Booting from nand ...; run nandargs; nand read ${fdtaddr} NAND.u-boot-spl-os; nand read ${loadaddr} NAND.kernel; bootz ${loadaddr} - ${fdtaddr}
nandroot=ubi0:rootfs rw ubi.mtd=NAND.file-system,4096
nandrootfstype=ubifs rootwait=1
netargs=setenv bootargs console=${console} ${optargs} root=/dev/nfs nfsroot=${serverip}:${rootpath},${nfsopts} rw ip=dhcp
netboot=echo Booting from network ...; setenv autoload no; dhcp; run netloadimage; run netloadfdt; run netargs; bootz ${loadaddr} - ${fdtaddr}
netloadfdt=tftp ${fdtaddr} ${fdtfile}
netloadimage=tftp ${loadaddr} ${bootfile}
nfsopts=nolock
partitions=uuid_disk=${uuid_gpt_disk};name=rootfs,start=2MiB,size=-,uuid=${uuid_gpt_rootfs}
pxefile_addr_r=0x80100000
ramargs=setenv bootargs console=${console} ${optargs} root=${ramroot} rootfstype=${ramrootfstype}
ramdisk_addr_r=0x88080000
ramroot=/dev/ram0 rw
ramrootfstype=ext2
rdaddr=0x88080000
rootpath=/export/rootfs
scriptaddr=0x80000000
serverip=192.168.0.1
soc=am33xx
static_ip=${ipaddr}:${serverip}:${gatewayip}:${netmask}:${hostname}::off
stderr=serial@44e09000
stdin=serial@44e09000
stdout=serial@44e09000
update_to_fit=setenv loadaddr ${fit_loadaddr}; setenv bootfile ${fit_bootfile}
usbargs=setenv bootargs console=${console} ${optargs} root=${usbroot} rootfstype=${usbrootfstype}
usbboot=setenv devnum ${usbdev}; setenv devtype usb; usb start ${usbdev}; if usb dev ${usbdev}; then if run loadbootenv; then echo Loaded environment from ${bootenv};run importbootenv;fi;if test -n $uenvcmd; then echo Running uenvcmd ...;run uenvcmd;fi;if run loadimage; then run loadfdt; echo Booting from usb ${usbdev}...; run usbargs;bootz ${loadaddr} - ${fdtaddr}; fi;fi
usbdev=0
usbroot=/dev/sda2 rw
usbrootfstype=ext4 rootwait
vendor=ti
ver=U-Boot 2016.05-00291-ga32e59e (Nov 02 2016 - 00:35:46 -0500)
Environment size: 5493/65532 bytes
- 02:28:35 [INFO] Host: printenv
- 02:28:35 [INFO] Target: 
printenv
_initramfs=-
arch=arm
args_fit=setenv bootargs console=${console} 
args_mmc=run finduuid;setenv bootargs console=${console} ${optargs} root=PARTUUID=${uuid} rw rootfstype=${mmcrootfstype}
autoload=no
baudrate=115200
board=am43xx
board_name=AM43__SK
board_rev=1.1A
board_serial=11144P420018
boot_fdt=try
boot_fit=0
bootargs=console=ttyO0,115200n8 earlyprintk=serial,ttyO0,115200n8 rootwait 
bootcmd=
bootdelay=2
bootdir=/boot
bootenvfile=uEnv.txt
bootfile=zImage
bootm_size=0x10000000
bootpart=0:2
bootscript=echo Running bootscript from mmc${mmcdev} ...; source ${loadaddr}
console=ttyO0,115200n8
cpu=armv7
dfu_alt_info_emmc=MLO raw 0x100 0x100 mmcpart 0;u-boot.img raw 0x300 0x1000 mmcpart 0
dfu_alt_info_mmc=boot part 0 1;rootfs part 0 2;MLO fat 0 1;spl-os-args fat 0 1;spl-os-image fat 0 1;u-boot.img fat 0 1;uEnv.txt fat 0 1
dfu_alt_info_qspi=u-boot.bin raw 0x0 0x080000;u-boot.backup raw 0x080000 0x080000;u-boot-spl-os raw 0x100000 0x010000;u-boot-env raw 0x110000 0x010000;u-boot-env.backup raw 0x120000 0x010000;kernel raw 0x130000 0x800000
dfu_alt_info_ram=kernel ram 0x80200000 0x4000000;fdt ram 0x80f80000 0x80000;ramdisk ram 0x81000000 0x4000000
dfu_bufsiz=0x10000
envboot=mmc dev ${mmcdev}; if mmc rescan; then echo SD/MMC found on device ${mmcdev};if run loadbootscript; then run bootscript;else if run loadbootenv; then echo Loaded env from ${bootenvfile};run importbootenv;fi;if test -n $uenvcmd; then echo Running uenvcmd ...;run uenvcmd;fi;fi;fi;
ethaddr=34:b1:f7:3d:b6:e4
fdt_addr_r=0x88000000
fdtaddr=0x88000000
fdtcontroladdr=bef0f298
fdtfile=undefined
findfdt=if test $board_name = AM43EPOS; then setenv fdtfile am43x-epos-evm.dtb; fi; if test $board_name = AM43__GP; then setenv fdtfile am437x-gp-evm.dtb; fi; if test $board_name = AM43XXHS; then setenv fdtfile am437x-gp-evm.dtb; fi; if test $board_name = AM43__SK; then setenv fdtfile am437x-sk-evm.dtb; fi; if test $board_name = AM43_IDK; then setenv fdtfile am437x-idk-evm.dtb; fi; if test $fdtfile = undefined; then echo WARNING: Could not determine device tree; fi; 
finduuid=part uuid mmc ${bootpart} uuid
fit_bootfile=fitImage.itb
fit_loadaddr=0x88000000
importbootenv=echo Importing environment from mmc${mmcdev} ...; env import -t ${loadaddr} ${filesize}
kernel_addr_r=0x82000000
loadaddr=0x82000000
loadbootenv=fatload mmc ${mmcdev} ${loadaddr} ${bootenvfile}
loadbootscript=load mmc ${mmcdev} ${loadaddr} boot.scr
loadfdt=load ${devtype} ${bootpart} ${fdtaddr} ${bootdir}/${fdtfile}
loadfit=run args_fit; bootm ${loadaddr}#${fdtfile};
loadimage=load ${devtype} ${bootpart} ${loadaddr} ${bootdir}/${bootfile}
loadramdisk=load ${devtype} ${devnum} ${rdaddr} ramdisk.gz
mmcboot=mmc dev ${mmcdev}; setenv devnum ${mmcdev}; setenv devtype mmc; if mmc rescan; then echo SD/MMC found on device ${mmcdev};if run loadimage; then if test ${boot_fit} -eq 1; then run loadfit; else run mmcloados;fi;fi;fi;
mmcdev=0
mmcloados=run args_mmc; if test ${boot_fdt} = yes || test ${boot_fdt} = try; then if run loadfdt; then bootz ${loadaddr} - ${fdtaddr}; else if test ${boot_fdt} = try; then bootz; else echo WARN: Cannot load the DT; fi; fi; else bootz; fi;
mmcrootfstype=ext4 rootwait
mtdids=nand0=nand.0
mtdparts=mtdparts=nand.0:256k(NAND.SPL),256k(NAND.SPL.backup1),256k(NAND.SPL.backup2),256k(NAND.SPL.backup3),512k(NAND.u-boot-spl-os),1m(NAND.u-boot),256k(NAND.u-boot-env),256k(NAND.u-boot-env.backup1),7m(NAND.kernel),-(NAND.file-system)
nandargs=setenv bootargs console=${console} ${optargs} root=${nandroot} rootfstype=${nandrootfstype}
nandboot=echo Booting from nand ...; run nandargs; nand read ${fdtaddr} NAND.u-boot-spl-os; nand read ${loadaddr} NAND.kernel; bootz ${loadaddr} - ${fdtaddr}
nandroot=ubi0:rootfs rw ubi.mtd=NAND.file-system,4096
nandrootfstype=ubifs rootwait=1
netargs=setenv bootargs console=${console} ${optargs} root=/dev/nfs nfsroot=${serverip}:${rootpath},${nfsopts} rw ip=dhcp
netboot=echo Booting from network ...; setenv autoload no; dhcp; run netloadimage; run netloadfdt; run netargs; bootz ${loadaddr} - ${fdtaddr}
netloadfdt=tftp ${fdtaddr} ${fdtfile}
netloadimage=tftp ${loadaddr} ${bootfile}
nfsopts=nolock
partitions=uuid_disk=${uuid_gpt_disk};name=rootfs,start=2MiB,size=-,uuid=${uuid_gpt_rootfs}
pxefile_addr_r=0x80100000
ramargs=setenv bootargs console=${console} ${optargs} root=${ramroot} rootfstype=${ramrootfstype}
ramdisk_addr_r=0x88080000
ramroot=/dev/ram0 rw
ramrootfstype=ext2
rdaddr=0x88080000
rootpath=/export/rootfs
scriptaddr=0x80000000
serverip=192.168.0.1
soc=am33xx
static_ip=${ipaddr}:${serverip}:${gatewayip}:${netmask}:${hostname}::off
stderr=serial@44e09000
stdin=serial@44e09000
stdout=serial@44e09000
update_to_fit=setenv loadaddr ${fit_loadaddr}; setenv bootfile ${fit_bootfile}
usbargs=setenv bootargs console=${console} ${optargs} root=${usbroot} rootfstype=${usbrootfstype}
usbboot=setenv devnum ${usbdev}; setenv devtype usb; usb start ${usbdev}; if usb dev ${usbdev}; then if run loadbootenv; then echo Loaded environment from ${bootenv};run importbootenv;fi;if test -n $uenvcmd; then echo Running uenvcmd ...;run uenvcmd;fi;if run loadimage; then run loadfdt; echo Booting from usb ${usbdev}...; run usbargs;bootz ${loadaddr} - ${fdtaddr}; fi;fi
usbdev=0
usbroot=/dev/sda2 rw
usbrootfstype=ext4 rootwait
vendor=ti
ver=U-Boot 2016.05-00291-ga32e59e (Nov 02 2016 - 00:35:46 -0500)
Environment size: 5493/65532 bytes
- 02:28:35 [INFO] Host: setenv bootargs ''${bootargs}' ip=:::::eth0:dhcp '
- 02:28:36 [INFO] Target: 
setenv bootargs ''${bootargs}' ip=:::::eth0:dhcp '
- 02:28:36 [INFO] Host: setenv serverip '192.168.0.1'
- 02:28:36 [INFO] Target: 
setenv serverip '192.168.0.1'
- 02:28:36 [INFO] Host: setenv autoload 'no'
- 02:28:36 [INFO] Target: 
setenv autoload 'no'
- 02:28:36 [INFO] Host: dhcp
- 02:28:37 [INFO] Target: 
dhcp
ethernet@4a100000 Waiting for PHY auto negotiation to complete. done
link up on port 0, speed 1000, full duplex
BOOTP broadcast 1
BOOTP broadcast 2
BOOTP broadcast 3
DHCP client bound to address 192.168.0.53 (1289 ms)
- 02:28:37 [INFO] Host: tftp ${loadaddr} 192.168.0.1:vatf_am437x-sk/cfaff6956bd9b6435d9ef31f2fd77cce
- 02:28:38 [INFO] Target: 
tftp ${loadaddr} 192.168.0.1:vatf_am437x-sk/cfaff6956bd9b6435d9ef31f2fd77cce
link up on port 0, speed 1000, full duplex
Using ethernet@4a100000 device
TFTP from server 192.168.0.1; our IP address is 192.168.0.53
Filename 'vatf_am437x-sk/cfaff6956bd9b6435d9ef31f2fd77cce'.
Load address: 0x82000000
Loading: *#################################################################
	 #################################################################
	 #################################################################
	 #################################################################
	 #################################################################
	 #################################################################
	 #################################################################
	 ############################
	 7.9 MiB/s
done
Bytes transferred = 7081816 (6c0f58 hex)
- 02:28:38 [INFO] Host: tftp ${fdt_addr_r} 192.168.0.1:vatf_am437x-sk/5ec65c8ed2b6e471f1f99de3975e3d12
- 02:28:38 [INFO] Target: 
tftp ${fdt_addr_r} 192.168.0.1:vatf_am437x-sk/5ec65c8ed2b6e471f1f99de3975e3d12
link up on port 0, speed 1000, full duplex
Using ethernet@4a100000 device
TFTP from server 192.168.0.1; our IP address is 192.168.0.53
Filename 'vatf_am437x-sk/5ec65c8ed2b6e471f1f99de3975e3d12'.
Load address: 0x88000000
Loading: *####
	 6.3 MiB/s
done
Bytes transferred = 46155 (b44b hex)
- 02:28:38 [INFO] Host: ls mmc 0:1
- 02:28:38 [INFO] Target: 
ls mmc 0:1
    74552   mlo 
   600636   u-boot.img 
       14   .ipaddr 
        4   ws-calibrate.rules 
        0   pointercal 
    65536   uboot.env 
6 file(s), 0 dir(s)
- 02:28:38 [INFO] Host: ls mmc 0:2
- 02:28:38 [INFO] Target: 
ls mmc 0:2
<DIR>       4096 .
<DIR>       4096 ..
<DIR>       4096 include
<DIR>       4096 srv
<DIR>       4096 home
<DIR>       4096 media
<DIR>       4096 opt
<DIR>       4096 var
<DIR>       4096 sys
<DIR>       4096 boot
<DIR>       4096 dev
<DIR>       4096 usr
<DIR>       4096 bin
<DIR>       4096 mnt
<DIR>       4096 etc
<DIR>       4096 sbin
<DIR>       4096 www
<SYM>          8 tmp
<DIR>       4096 proc
<DIR>       4096 run
<DIR>       4096 lib
<DIR>       4096 test
- 02:28:38 [INFO] Host: part uuid mmc 0:2
- 02:28:39 [INFO] Target: 
part uuid mmc 0:2
00000000-02
- 02:28:39 [INFO] Host: printenv
- 02:28:39 [INFO] Target: 
printenv
_initramfs=-
arch=arm
args_fit=setenv bootargs console=${console} 
args_mmc=run finduuid;setenv bootargs console=${console} ${optargs} root=PARTUUID=${uuid} rw rootfstype=${mmcrootfstype}
autoload=no
baudrate=115200
board=am43xx
board_name=AM43__SK
board_rev=1.1A
board_serial=11144P420018
boot_fdt=try
boot_fit=0
bootargs=console=ttyO0,115200n8 earlyprintk=serial,ttyO0,115200n8 rootwait  ip=:::::eth0:dhcp 
bootcmd=
bootdelay=2
bootdir=/boot
bootenvfile=uEnv.txt
bootfile=zImage
bootm_size=0x10000000
bootpart=0:2
bootscript=echo Running bootscript from mmc${mmcdev} ...; source ${loadaddr}
console=ttyO0,115200n8
cpu=armv7
dfu_alt_info_emmc=MLO raw 0x100 0x100 mmcpart 0;u-boot.img raw 0x300 0x1000 mmcpart 0
dfu_alt_info_mmc=boot part 0 1;rootfs part 0 2;MLO fat 0 1;spl-os-args fat 0 1;spl-os-image fat 0 1;u-boot.img fat 0 1;uEnv.txt fat 0 1
dfu_alt_info_qspi=u-boot.bin raw 0x0 0x080000;u-boot.backup raw 0x080000 0x080000;u-boot-spl-os raw 0x100000 0x010000;u-boot-env raw 0x110000 0x010000;u-boot-env.backup raw 0x120000 0x010000;kernel raw 0x130000 0x800000
dfu_alt_info_ram=kernel ram 0x80200000 0x4000000;fdt ram 0x80f80000 0x80000;ramdisk ram 0x81000000 0x4000000
dfu_bufsiz=0x10000
dnsip=192.0.2.2
dnsip2=192.0.2.3
envboot=mmc dev ${mmcdev}; if mmc rescan; then echo SD/MMC found on device ${mmcdev};if run loadbootscript; then run bootscript;else if run loadbootenv; then echo Loaded env from ${bootenvfile};run importbootenv;fi;if test -n $uenvcmd; then echo Running uenvcmd ...;run uenvcmd;fi;fi;fi;
ethact=ethernet@4a100000
ethaddr=34:b1:f7:3d:b6:e4
fdt_addr_r=0x88000000
fdtaddr=0x88000000
fdtcontroladdr=bef0f298
fdtfile=undefined
fileaddr=88000000
filesize=b44b
findfdt=if test $board_name = AM43EPOS; then setenv fdtfile am43x-epos-evm.dtb; fi; if test $board_name = AM43__GP; then setenv fdtfile am437x-gp-evm.dtb; fi; if test $board_name = AM43XXHS; then setenv fdtfile am437x-gp-evm.dtb; fi; if test $board_name = AM43__SK; then setenv fdtfile am437x-sk-evm.dtb; fi; if test $board_name = AM43_IDK; then setenv fdtfile am437x-idk-evm.dtb; fi; if test $fdtfile = undefined; then echo WARNING: Could not determine device tree; fi; 
finduuid=part uuid mmc ${bootpart} uuid
fit_bootfile=fitImage.itb
fit_loadaddr=0x88000000
gatewayip=192.168.0.1
importbootenv=echo Importing environment from mmc${mmcdev} ...; env import -t ${loadaddr} ${filesize}
ipaddr=192.168.0.53
kernel_addr_r=0x82000000
loadaddr=0x82000000
loadbootenv=fatload mmc ${mmcdev} ${loadaddr} ${bootenvfile}
loadbootscript=load mmc ${mmcdev} ${loadaddr} boot.scr
loadfdt=load ${devtype} ${bootpart} ${fdtaddr} ${bootdir}/${fdtfile}
loadfit=run args_fit; bootm ${loadaddr}#${fdtfile};
loadimage=load ${devtype} ${bootpart} ${loadaddr} ${bootdir}/${bootfile}
loadramdisk=load ${devtype} ${devnum} ${rdaddr} ramdisk.gz
mmcboot=mmc dev ${mmcdev}; setenv devnum ${mmcdev}; setenv devtype mmc; if mmc rescan; then echo SD/MMC found on device ${mmcdev};if run loadimage; then if test ${boot_fit} -eq 1; then run loadfit; else run mmcloados;fi;fi;fi;
mmcdev=0
mmcloados=run args_mmc; if test ${boot_fdt} = yes || test ${boot_fdt} = try; then if run loadfdt; then bootz ${loadaddr} - ${fdtaddr}; else if test ${boot_fdt} = try; then bootz; else echo WARN: Cannot load the DT; fi; fi; else bootz; fi;
mmcrootfstype=ext4 rootwait
mtdids=nand0=nand.0
mtdparts=mtdparts=nand.0:256k(NAND.SPL),256k(NAND.SPL.backup1),256k(NAND.SPL.backup2),256k(NAND.SPL.backup3),512k(NAND.u-boot-spl-os),1m(NAND.u-boot),256k(NAND.u-boot-env),256k(NAND.u-boot-env.backup1),7m(NAND.kernel),-(NAND.file-system)
nandargs=setenv bootargs console=${console} ${optargs} root=${nandroot} rootfstype=${nandrootfstype}
nandboot=echo Booting from nand ...; run nandargs; nand read ${fdtaddr} NAND.u-boot-spl-os; nand read ${loadaddr} NAND.kernel; bootz ${loadaddr} - ${fdtaddr}
nandroot=ubi0:rootfs rw ubi.mtd=NAND.file-system,4096
nandrootfstype=ubifs rootwait=1
netargs=setenv bootargs console=${console} ${optargs} root=/dev/nfs nfsroot=${serverip}:${rootpath},${nfsopts} rw ip=dhcp
netboot=echo Booting from network ...; setenv autoload no; dhcp; run netloadimage; run netloadfdt; run netargs; bootz ${loadaddr} - ${fdtaddr}
netloadfdt=tftp ${fdtaddr} ${fdtfile}
netloadimage=tftp ${loadaddr} ${bootfile}
netmask=255.255.255.0
nfsopts=nolock
partitions=uuid_disk=${uuid_gpt_disk};name=rootfs,start=2MiB,size=-,uuid=${uuid_gpt_rootfs}
pxefile_addr_r=0x80100000
ramargs=setenv bootargs console=${console} ${optargs} root=${ramroot} rootfstype=${ramrootfstype}
ramdisk_addr_r=0x88080000
ramroot=/dev/ram0 rw
ramrootfstype=ext2
rdaddr=0x88080000
rootpath=/export/rootfs
scriptaddr=0x80000000
serverip=192.168.0.1
soc=am33xx
static_ip=${ipaddr}:${serverip}:${gatewayip}:${netmask}:${hostname}::off
stderr=serial@44e09000
stdin=serial@44e09000
stdout=serial@44e09000
update_to_fit=setenv loadaddr ${fit_loadaddr}; setenv bootfile ${fit_bootfile}
usbargs=setenv bootargs console=${console} ${optargs} root=${usbroot} rootfstype=${usbrootfstype}
usbboot=setenv devnum ${usbdev}; setenv devtype usb; usb start ${usbdev}; if usb dev ${usbdev}; then if run loadbootenv; then echo Loaded environment from ${bootenv};run importbootenv;fi;if test -n $uenvcmd; then echo Running uenvcmd ...;run uenvcmd;fi;if run loadimage; then run loadfdt; echo Booting from usb ${usbdev}...; run usbargs;bootz ${loadaddr} - ${fdtaddr}; fi;fi
usbdev=0
usbroot=/dev/sda2 rw
usbrootfstype=ext4 rootwait
vendor=ti
ver=U-Boot 2016.05-00291-ga32e59e (Nov 02 2016 - 00:35:46 -0500)
Environment size: 5682/65532 bytes
- 02:28:39 [INFO] Host: setenv bootargs ''${bootargs}' root=PARTUUID=00000000-02 rw rootfstype=ext4 rootwait '
- 02:28:39 [INFO] Target: 
setenv bootargs ''${bootargs}' root=PARTUUID=00000000-02 rw rootfstype=ext4 rootwait '
- 02:28:39 [INFO] Host: printenv
- 02:28:40 [INFO] Target: 
printenv
_initramfs=-
arch=arm
args_fit=setenv bootargs console=${console} 
args_mmc=run finduuid;setenv bootargs console=${console} ${optargs} root=PARTUUID=${uuid} rw rootfstype=${mmcrootfstype}
autoload=no
baudrate=115200
board=am43xx
board_name=AM43__SK
board_rev=1.1A
board_serial=11144P420018
boot_fdt=try
boot_fit=0
bootargs=console=ttyO0,115200n8 earlyprintk=serial,ttyO0,115200n8 rootwait  ip=:::::eth0:dhcp  root=PARTUUID=00000000-02 rw rootfstype=ext4 rootwait 
bootcmd=
bootdelay=2
bootdir=/boot
bootenvfile=uEnv.txt
bootfile=zImage
bootm_size=0x10000000
bootpart=0:2
bootscript=echo Running bootscript from mmc${mmcdev} ...; source ${loadaddr}
console=ttyO0,115200n8
cpu=armv7
dfu_alt_info_emmc=MLO raw 0x100 0x100 mmcpart 0;u-boot.img raw 0x300 0x1000 mmcpart 0
dfu_alt_info_mmc=boot part 0 1;rootfs part 0 2;MLO fat 0 1;spl-os-args fat 0 1;spl-os-image fat 0 1;u-boot.img fat 0 1;uEnv.txt fat 0 1
dfu_alt_info_qspi=u-boot.bin raw 0x0 0x080000;u-boot.backup raw 0x080000 0x080000;u-boot-spl-os raw 0x100000 0x010000;u-boot-env raw 0x110000 0x010000;u-boot-env.backup raw 0x120000 0x010000;kernel raw 0x130000 0x800000
dfu_alt_info_ram=kernel ram 0x80200000 0x4000000;fdt ram 0x80f80000 0x80000;ramdisk ram 0x81000000 0x4000000
dfu_bufsiz=0x10000
dnsip=192.0.2.2
dnsip2=192.0.2.3
envboot=mmc dev ${mmcdev}; if mmc rescan; then echo SD/MMC found on device ${mmcdev};if run loadbootscript; then run bootscript;else if run loadbootenv; then echo Loaded env from ${bootenvfile};run importbootenv;fi;if test -n $uenvcmd; then echo Running uenvcmd ...;run uenvcmd;fi;fi;fi;
ethact=ethernet@4a100000
ethaddr=34:b1:f7:3d:b6:e4
fdt_addr_r=0x88000000
fdtaddr=0x88000000
fdtcontroladdr=bef0f298
fdtfile=undefined
fileaddr=88000000
filesize=b44b
findfdt=if test $board_name = AM43EPOS; then setenv fdtfile am43x-epos-evm.dtb; fi; if test $board_name = AM43__GP; then setenv fdtfile am437x-gp-evm.dtb; fi; if test $board_name = AM43XXHS; then setenv fdtfile am437x-gp-evm.dtb; fi; if test $board_name = AM43__SK; then setenv fdtfile am437x-sk-evm.dtb; fi; if test $board_name = AM43_IDK; then setenv fdtfile am437x-idk-evm.dtb; fi; if test $fdtfile = undefined; then echo WARNING: Could not determine device tree; fi; 
finduuid=part uuid mmc ${bootpart} uuid
fit_bootfile=fitImage.itb
fit_loadaddr=0x88000000
gatewayip=192.168.0.1
importbootenv=echo Importing environment from mmc${mmcdev} ...; env import -t ${loadaddr} ${filesize}
ipaddr=192.168.0.53
kernel_addr_r=0x82000000
loadaddr=0x82000000
loadbootenv=fatload mmc ${mmcdev} ${loadaddr} ${bootenvfile}
loadbootscript=load mmc ${mmcdev} ${loadaddr} boot.scr
loadfdt=load ${devtype} ${bootpart} ${fdtaddr} ${bootdir}/${fdtfile}
loadfit=run args_fit; bootm ${loadaddr}#${fdtfile};
loadimage=load ${devtype} ${bootpart} ${loadaddr} ${bootdir}/${bootfile}
loadramdisk=load ${devtype} ${devnum} ${rdaddr} ramdisk.gz
mmcboot=mmc dev ${mmcdev}; setenv devnum ${mmcdev}; setenv devtype mmc; if mmc rescan; then echo SD/MMC found on device ${mmcdev};if run loadimage; then if test ${boot_fit} -eq 1; then run loadfit; else run mmcloados;fi;fi;fi;
mmcdev=0
mmcloados=run args_mmc; if test ${boot_fdt} = yes || test ${boot_fdt} = try; then if run loadfdt; then bootz ${loadaddr} - ${fdtaddr}; else if test ${boot_fdt} = try; then bootz; else echo WARN: Cannot load the DT; fi; fi; else bootz; fi;
mmcrootfstype=ext4 rootwait
mtdids=nand0=nand.0
mtdparts=mtdparts=nand.0:256k(NAND.SPL),256k(NAND.SPL.backup1),256k(NAND.SPL.backup2),256k(NAND.SPL.backup3),512k(NAND.u-boot-spl-os),1m(NAND.u-boot),256k(NAND.u-boot-env),256k(NAND.u-boot-env.backup1),7m(NAND.kernel),-(NAND.file-system)
nandargs=setenv bootargs console=${console} ${optargs} root=${nandroot} rootfstype=${nandrootfstype}
nandboot=echo Booting from nand ...; run nandargs; nand read ${fdtaddr} NAND.u-boot-spl-os; nand read ${loadaddr} NAND.kernel; bootz ${loadaddr} - ${fdtaddr}
nandroot=ubi0:rootfs rw ubi.mtd=NAND.file-system,4096
nandrootfstype=ubifs rootwait=1
netargs=setenv bootargs console=${console} ${optargs} root=/dev/nfs nfsroot=${serverip}:${rootpath},${nfsopts} rw ip=dhcp
netboot=echo Booting from network ...; setenv autoload no; dhcp; run netloadimage; run netloadfdt; run netargs; bootz ${loadaddr} - ${fdtaddr}
netloadfdt=tftp ${fdtaddr} ${fdtfile}
netloadimage=tftp ${loadaddr} ${bootfile}
netmask=255.255.255.0
nfsopts=nolock
partitions=uuid_disk=${uuid_gpt_disk};name=rootfs,start=2MiB,size=-,uuid=${uuid_gpt_rootfs}
pxefile_addr_r=0x80100000
ramargs=setenv bootargs console=${console} ${optargs} root=${ramroot} rootfstype=${ramrootfstype}
ramdisk_addr_r=0x88080000
ramroot=/dev/ram0 rw
ramrootfstype=ext2
rdaddr=0x88080000
rootpath=/export/rootfs
scriptaddr=0x80000000
serverip=192.168.0.1
soc=am33xx
static_ip=${ipaddr}:${serverip}:${gatewayip}:${netmask}:${hostname}::off
stderr=serial@44e09000
stdin=serial@44e09000
stdout=serial@44e09000
update_to_fit=setenv loadaddr ${fit_loadaddr}; setenv bootfile ${fit_bootfile}
usbargs=setenv bootargs console=${console} ${optargs} root=${usbroot} rootfstype=${usbrootfstype}
usbboot=setenv devnum ${usbdev}; setenv devtype usb; usb start ${usbdev}; if usb dev ${usbdev}; then if run loadbootenv; then echo Loaded environment from ${bootenv};run importbootenv;fi;if test -n $uenvcmd; then echo Running uenvcmd ...;run uenvcmd;fi;if run loadimage; then run loadfdt; echo Booting from usb ${usbdev}...; run usbargs;bootz ${loadaddr} - ${fdtaddr}; fi;fi
usbdev=0
usbroot=/dev/sda2 rw
usbrootfstype=ext4 rootwait
vendor=ti
ver=U-Boot 2016.05-00291-ga32e59e (Nov 02 2016 - 00:35:46 -0500)
Environment size: 5737/65532 bytes
- 02:28:40 [INFO] Host: setenv bootcmd ''${bootcmd}' if iminfo ${loadaddr}; then bootm ${loadaddr} ${_initramfs} ${fdt_addr_r}; else bootz ${loadaddr} ${_initramfs} ${fdt_addr_r}; bootm ${loadaddr} ${_initramfs} ${fdt_addr_r}; fi'
- 02:28:40 [INFO] Target: 
setenv bootcmd ''${bootcmd}' if iminfo ${loadaddr}; then bootm ${loadaddr} ${_initramfs} ${fdt_addr_r}; else bootz ${loadaddr} ${_initramfs} ${fdt_addr_r}; bootm ${loadaddr} ${_initramfs} ${fdt_addr_r}; fi'
- 02:28:40 [INFO] Host: version
- 02:28:40 [INFO] Target: 
version
U-Boot 2016.05-00291-ga32e59e (Nov 02 2016 - 00:35:46 -0500)
arm-linux-gnueabihf-gcc (Linaro GCC 5.3-2016.02) 5.3.1 20160113
GNU ld (GNU Binutils) 2.25.0 Linaro 2015_10
- 02:28:40 [INFO] Host: bdinfo
- 02:28:40 [INFO] Target: 
bdinfo
arch_number = 0x00000000
boot_params = 0x80000100
DRAM bank   = 0x00000000
-> start    = 0x80000000
-> size     = 0x40000000
baudrate    = 115200 bps
TLB addr    = 0xBFFF0000
relocaddr   = 0xBFF2A000
reloc off   = 0x3F72A000
irq_sp      = 0xBEF0F280
sp start    = 0xBEF0F270
- 02:28:40 [INFO] Host: mmc rescan; echo $?
- 02:28:40 [INFO] Target: 
mmc rescan; echo $?
- 02:28:40 [INFO] Host: fatwrite mmc ${mmcdev}:1 ${loadaddr} ws-calibrate.rules 4
- 02:28:40 [INFO] Target: 
fatwrite mmc ${mmcdev}:1 ${loadaddr} ws-calibrate.rules 4
writing ws-calibrate.rules
4 bytes written
- 02:28:40 [INFO] Host: boot
- 02:29:00 [INFO] Target: 
boot
## Checking Image at 82000000 ...
Unknown image format!
Kernel image @ 0x82000000 [ 0x000000 - 0x6c0f58 ]
## Flattened Device Tree blob at 88000000
   Booting using the fdt blob at 0x88000000
   Loading Device Tree to 8fff1000, end 8ffff44a ... OK
Starting kernel ...
[    0.000000] Booting Linux on physical CPU 0x0
[    0.000000] Linux version 4.9.0-rc4-next-20161111-00002-g9241d9c65f3c (nmenon@horus) (gcc version 4.9.3 20150413 (prerelease) (Linaro GCC 4.9-2015.05) ) #3 SMP Fri Nov 11 01:22:33 CST 2016
[    0.000000] CPU: ARMv7 Processor [412fc09a] revision 10 (ARMv7), cr=10c5387d
[    0.000000] CPU: PIPT / VIPT nonaliasing data cache, VIPT aliasing instruction cache
[    0.000000] OF: fdt:Machine model: TI AM437x SK EVM
[    0.000000] efi: Getting EFI parameters from FDT:
[    0.000000] efi: UEFI not found.
[    0.000000] cma: Reserved 64 MiB at 0xbc000000
[    0.000000] Memory policy: Data cache writeback
[    0.000000] CPU: All CPU(s) started in SVC mode.
[    0.000000] AM437x ES1.2 (sgx neon)
[    0.000000] percpu: Embedded 14 pages/cpu @ef7c4000 s26688 r8192 d22464 u57344
[    0.000000] Built 1 zonelists in Zone order, mobility grouping on.  Total pages: 260608
[    0.000000] Kernel command line: console=ttyO0,115200n8 earlyprintk=serial,ttyO0,115200n8 rootwait  ip=:::::eth0:dhcp  root=PARTUUID=00000000-02 rw rootfstype=ext4 rootwait 
[    0.000000] PID hash table entries: 4096 (order: 2, 16384 bytes)
[    0.000000] Dentry cache hash table entries: 131072 (order: 7, 524288 bytes)
[    0.000000] Inode-cache hash table entries: 65536 (order: 6, 262144 bytes)
[    0.000000] Memory: 955904K/1048576K available (9216K kernel code, 1129K rwdata, 3900K rodata, 2048K init, 343K bss, 27136K reserved, 65536K cma-reserved, 196608K highmem)
[    0.000000] Virtual kernel memory layout:
[    0.000000]     vector  : 0xffff0000 - 0xffff1000   (   4 kB)
[    0.000000]     fixmap  : 0xffc00000 - 0xfff00000   (3072 kB)
[    0.000000]     vmalloc : 0xf0800000 - 0xff800000   ( 240 MB)
[    0.000000]     lowmem  : 0xc0000000 - 0xf0000000   ( 768 MB)
[    0.000000]     pkmap   : 0xbfe00000 - 0xc0000000   (   2 MB)
[    0.000000]     modules : 0xbf000000 - 0xbfe00000   (  14 MB)
[    0.000000]       .text : 0xc0208000 - 0xc0c00000   (10208 kB)
[    0.000000]       .init : 0xc1100000 - 0xc1300000   (2048 kB)
[    0.000000]       .data : 0xc1300000 - 0xc141a740   (1130 kB)
[    0.000000]        .bss : 0xc141c000 - 0xc1471d48   ( 344 kB)
[    0.000000] SLUB: HWalign=64, Order=0-3, MinObjects=0, CPUs=1, Nodes=1
[    0.000000] Hierarchical RCU implementation.
[    0.000000] 	Build-time adjustment of leaf fanout to 32.
[    0.000000] 	RCU restricting CPUs from NR_CPUS=16 to nr_cpu_ids=1.
[    0.000000] RCU: Adjusting geometry for rcu_fanout_leaf=32, nr_cpu_ids=1
[    0.000000] NR_IRQS:16 nr_irqs:16 16
[    0.000000] L2C: platform modifies aux control register: 0x0e030000 -> 0x3e430000
[    0.000000] L2C: DT/platform modifies aux control register: 0x0e030000 -> 0x3e430000
[    0.000000] L2C-310 erratum 769419 enabled
[    0.000000] L2C-310 enabling early BRESP for Cortex-A9
[    0.000000] OMAP L2C310: ROM does not support power control setting
[    0.000000] L2C-310 dynamic clock gating disabled, standby mode disabled
[    0.000000] L2C-310 cache controller enabled, 16 ways, 256 kB
[    0.000000] L2C-310: CACHE_ID 0x410000c9, AUX_CTRL 0x4e430000
[    0.000000] OMAP clockevent source: timer1 at 32786 Hz
[    0.000009] sched_clock: 64 bits at 500MHz, resolution 2ns, wraps every 4398046511103ns
[    0.000029] clocksource: arm_global_timer: mask: 0xffffffffffffffff max_cycles: 0xe6a171a037, max_idle_ns: 881590485102 ns
[    0.000052] Switching to timer-based delay loop, resolution 2ns
[    0.002704] clocksource: 32k_counter: mask: 0xffffffff max_cycles: 0xffffffff, max_idle_ns: 58327039986419 ns
[    0.002714] OMAP clocksource: 32k_counter at 32768 Hz
[    0.004474] Console: colour dummy device 80x30
[    0.004507] Calibrating delay loop (skipped), value calculated using timer frequency.. 1000.00 BogoMIPS (lpj=2500000)
[    0.004520] pid_max: default: 32768 minimum: 301
[    0.004630] Mount-cache hash table entries: 2048 (order: 1, 8192 bytes)
[    0.004641] Mountpoint-cache hash table entries: 2048 (order: 1, 8192 bytes)
[    0.005435] CPU: Testing write buffer coherency: ok
[    0.005748] CPU0: thread -1, cpu 0, socket 0, mpidr 80000000
[    0.006065] Setting up static identity map for 0x80300000 - 0x80300098
[    0.009703] EFI services will not be available.
[    0.009917] smp: Bringing up secondary CPUs ...
[    0.009930] smp: Brought up 1 node, 1 CPU
[    0.009939] SMP: Total of 1 processors activated (1000.00 BogoMIPS).
[    0.009945] CPU: All CPU(s) started in SVC mode.
[    0.010790] devtmpfs: initialized
[    0.021225] VFP support v0.3: implementor 41 architecture 3 part 30 variant 9 rev 4
[    0.021884] clocksource: jiffies: mask: 0xffffffff max_cycles: 0xffffffff, max_idle_ns: 9556302231375000 ns
[    0.025386] pinctrl core: initialized pinctrl subsystem
[    0.027677] NET: Registered protocol family 16
[    0.029563] DMA: preallocated 256 KiB pool for atomic coherent allocations
[    0.104614] cpuidle: using governor menu
[    0.113596] OMAP GPIO hardware version 0.1
[    0.125479] No ATAGs?
[    0.125510] hw-breakpoint: found 5 (+1 reserved) breakpoint and 1 watchpoint registers.
[    0.125520] hw-breakpoint: maximum watchpoint size is 4 bytes.
[    0.126193] omap4_sram_init:Unable to allocate sram needed to handle errata I688
[    0.126203] omap4_sram_init:Unable to get sram pool needed to handle errata I688
[    0.129560] Serial: AMBA PL011 UART driver
[    0.146920] edma 49000000.edma: TI EDMA DMA engine driver
[    0.150016] vgaarb: loaded
[    0.150898] SCSI subsystem initialized
[    0.151453] usbcore: registered new interface driver usbfs
[    0.151521] usbcore: registered new interface driver hub
[    0.151577] usbcore: registered new device driver usb
[    0.152184] omap_i2c 44e0b000.i2c: could not find pctldev for node /ocp@44000000/l4_wkup@44c00000/scm@210000/pinmux@800/i2c0_pins, deferring probe
[    0.152240] omap_i2c 4802a000.i2c: could not find pctldev for node /ocp@44000000/l4_wkup@44c00000/scm@210000/pinmux@800/i2c1_pins, deferring probe
[    0.152836] pps_core: LinuxPPS API ver. 1 registered
[    0.152844] pps_core: Software ver. 5.3.6 - Copyright 2005-2007 Rodolfo Giometti <giometti@linux.it>
[    0.152865] PTP clock support registered
[    0.153015] EDAC MC: Ver: 3.0.0
[    0.155753] clocksource: Switched to clocksource arm_global_timer
[    0.164205] NET: Registered protocol family 2
[    0.164776] TCP established hash table entries: 8192 (order: 3, 32768 bytes)
[    0.164850] TCP bind hash table entries: 8192 (order: 4, 65536 bytes)
[    0.164955] TCP: Hash tables configured (established 8192 bind 8192)
[    0.165098] UDP hash table entries: 512 (order: 2, 16384 bytes)
[    0.165148] UDP-Lite hash table entries: 512 (order: 2, 16384 bytes)
[    0.165337] NET: Registered protocol family 1
[    0.165852] RPC: Registered named UNIX socket transport module.
[    0.165864] RPC: Registered udp transport module.
[    0.165870] RPC: Registered tcp transport module.
[    0.165875] RPC: Registered tcp NFSv4.1 backchannel transport module.
[    0.168137] futex hash table entries: 256 (order: 2, 16384 bytes)
[    0.168753] workingset: timestamp_bits=30 max_order=18 bucket_order=0
[    0.176732] squashfs: version 4.0 (2009/01/31) Phillip Lougher
[    0.177538] NFS: Registering the id_resolver key type
[    0.177572] Key type id_resolver registered
[    0.177578] Key type id_legacy registered
[    0.177616] ntfs: driver 2.1.32 [Flags: R/O].
[    0.179129] bounce: pool size: 64 pages
[    0.179345] Block layer SCSI generic (bsg) driver version 0.4 loaded (major 248)
[    0.179357] io scheduler noop registered
[    0.179363] io scheduler deadline registered
[    0.179515] io scheduler cfq registered (default)
[    0.184514] libphy: mdio_driver_register: phy-bcm-ns2-pci
[    0.185903] pinctrl-single 44e10800.pinmux: 199 pins at pa f9e10800 size 796
[    0.192405] backlight supply power not found, using dummy regulator
[    0.246767] Serial: 8250/16550 driver, 4 ports, IRQ sharing disabled
[    0.249448] SuperH (H)SCI(F) driver initialized
[    0.250233] msm_serial: driver initialized
[    0.250440] omap_uart 44e09000.serial: no wakeirq for uart0
[    0.250458] omap_uart 44e09000.serial: No clock speed specified: using default: 48000000
[    0.250600] 44e09000.serial: ttyO0 at MMIO 0x44e09000 (irq = 29, base_baud = 3000000) is a OMAP UART0
[    1.025724] console [ttyO0] enabled
[    1.029880] STMicroelectronics ASC driver initialized
[    1.037242] omap_rng 48310000.rng: Random Number Generator ver. 20
[    1.045058] [drm] Initialized
[    1.063905] brd: module loaded
[    1.073664] loop: module loaded
[    1.083887] libphy: Fixed MDIO Bus: probed
[    1.089188] CAN device driver interface
[    1.094849] e1000e: Intel(R) PRO/1000 Network Driver - 3.2.6-k
[    1.101037] e1000e: Copyright(c) 1999 - 2015 Intel Corporation.
[    1.107361] igb: Intel(R) Gigabit Ethernet Network Driver - version 5.4.0-k
[    1.114714] igb: Copyright (c) 2007-2014 Intel Corporation.
[    1.180819] davinci_mdio 4a101000.mdio: davinci mdio revision 1.6
[    1.187283] davinci_mdio 4a101000.mdio: detected phy mask ffffffcf
[    1.195383] libphy: 4a101000.mdio: probed
[    1.199671] davinci_mdio 4a101000.mdio: phy[4]: device 4a101000.mdio:04, driver Micrel KSZ9031 Gigabit PHY
[    1.209864] davinci_mdio 4a101000.mdio: phy[5]: device 4a101000.mdio:05, driver Micrel KSZ9031 Gigabit PHY
[    1.222002] cpsw 4a100000.ethernet: Detected MACID = 34:b1:f7:3d:b6:e4
[    1.230237] cpsw 4a100000.ethernet: cpsw: Detected MACID = 34:b1:f7:3d:b6:e6
[    1.239158] pegasus: v0.9.3 (2013/04/25), Pegasus/Pegasus II USB Ethernet driver
[    1.247096] usbcore: registered new interface driver pegasus
[    1.253132] usbcore: registered new interface driver asix
[    1.258883] usbcore: registered new interface driver ax88179_178a
[    1.265353] usbcore: registered new interface driver cdc_ether
[    1.271562] usbcore: registered new interface driver smsc75xx
[    1.277673] usbcore: registered new interface driver smsc95xx
[    1.283771] usbcore: registered new interface driver net1080
[    1.289781] usbcore: registered new interface driver cdc_subset
[    1.296063] usbcore: registered new interface driver zaurus
[    1.302004] usbcore: registered new interface driver cdc_ncm
[    1.318924] ehci_hcd: USB 2.0 'Enhanced' Host Controller (EHCI) Driver
[    1.325882] ehci-pci: EHCI PCI platform driver
[    1.330637] ehci-platform: EHCI generic platform driver
[    1.336389] ehci-orion: EHCI orion driver
[    1.340765] SPEAr-ehci: EHCI SPEAr driver
[    1.345110] ehci-st: EHCI STMicroelectronics driver
[    1.350376] ehci-exynos: EHCI EXYNOS driver
[    1.354915] ehci-atmel: EHCI Atmel driver
[    1.359254] tegra-ehci: Tegra EHCI driver
[    1.363615] ohci_hcd: USB 1.1 'Open' Host Controller (OHCI) Driver
[    1.370163] ohci-pci: OHCI PCI platform driver
[    1.374921] ohci-platform: OHCI generic platform driver
[    1.380600] ohci-omap3: OHCI OMAP3 driver
[    1.384963] SPEAr-ohci: OHCI SPEAr driver
[    1.389313] ohci-st: OHCI STMicroelectronics driver
[    1.394589] ohci-atmel: OHCI Atmel driver
[    1.399345] xhci-hcd xhci-hcd.0.auto: xHCI Host Controller
[    1.405183] xhci-hcd xhci-hcd.0.auto: new USB bus registered, assigned bus number 1
[    1.413735] xhci-hcd xhci-hcd.0.auto: hcc params 0x0238f06d hci version 0x100 quirks 0x00010010
[    1.423009] xhci-hcd xhci-hcd.0.auto: irq 184, io mem 0x483d0000
[    1.430228] hub 1-0:1.0: USB hub found
[    1.434297] hub 1-0:1.0: 1 port detected
[    1.438795] xhci-hcd xhci-hcd.0.auto: xHCI Host Controller
[    1.444623] xhci-hcd xhci-hcd.0.auto: new USB bus registered, assigned bus number 2
[    1.452786] usb usb2: We don't know the algorithms for LPM for this host, disabling LPM.
[    1.462034] hub 2-0:1.0: USB hub found
[    1.466077] hub 2-0:1.0: 1 port detected
[    1.471137] usbcore: registered new interface driver usb-storage
[    1.479002] mousedev: PS/2 mouse device common for all mice
[    1.487620] i2c /dev entries driver
[    1.500582] sdhci: Secure Digital Host Controller Interface driver
[    1.507166] sdhci: Copyright(c) Pierre Ossman
[    1.512783] omap_hsmmc 48060000.mmc: Got CD GPIO
[    1.519010] Synopsys Designware Multimedia Card Interface Driver
[    1.526341] sdhci-pltfm: SDHCI platform and OF driver helper
[    1.535098] ledtrig-cpu: registered to indicate activity on CPUs
[    1.542005] usbcore: registered new interface driver usbhid
[    1.547920] usbhid: USB HID core driver
[    1.554944] NET: Registered protocol family 10
[    1.570900] IPv6: Attempt to unregister permanent protocol 6
[    1.576907] IPv6: Attempt to unregister permanent protocol 136
[    1.583065] IPv6: Attempt to unregister permanent protocol 17
[    1.680775] NET: Unregistered protocol family 10
[    1.685969] sit: IPv6, IPv4 and MPLS over IPv4 tunneling driver
[    1.692761] NET: Registered protocol family 17
[    1.697507] can: controller area network core (rev 20120528 abi 9)
[    1.704120] NET: Registered protocol family 29
[    1.708813] can: raw protocol (rev 20120528)
[    1.713316] can: broadcast manager protocol (rev 20160617 t)
[    1.719282] can: netlink gateway (rev 20130117) max_hops=1
[    1.725624] Key type dns_resolver registered
[    1.730451] omap_voltage_late_init: Voltage driver support not added
[    1.737335] ThumbEE CPU extension supported.
[    1.741872] Registering SWP/SWPB emulation handler
[    1.775889] vdds_ddr: Bringing 1350000uV into 1500000-1500000uV
[    1.793306] at24 0-0050: 32768 byte 24c256 EEPROM, writable, 64 bytes/write
[    1.800817] omap_i2c 44e0b000.i2c: bus 0 rev0.12 at 100 kHz
[    1.808833] omap_i2c 4802a000.i2c: bus 1 rev0.12 at 400 kHz
[    1.815595] backlight supply power not found, using dummy regulator
[    1.825583] omap_hsmmc 48060000.mmc: Got CD GPIO
[    1.865777] usb 1-1: new high-speed USB device number 2 using xhci-hcd
[    1.873858] backlight supply power not found, using dummy regulator
[    1.882837] hctosys: unable to open rtc device (rtc0)
[    1.902254] net eth0: initializing cpsw version 1.15 (0)
[    1.983333] Micrel KSZ9031 Gigabit PHY 4a101000.mdio:04: attached PHY driver [Micrel KSZ9031 Gigabit PHY] (mii_bus:phy_addr=4a101000.mdio:04, irq=-1)
[    2.003148] mmc0: host does not support reading read-only switch, assuming write-enable
[    2.014729] mmc0: new high speed SDHC card at address aaaa
[    2.021360] mmcblk0: mmc0:aaaa SL08G 7.40 GiB 
[    2.028390]  mmcblk0: p1 p2 p3
[    2.032113] usb-storage 1-1:1.0: USB Mass Storage device detected
[    2.040555] backlight supply power not found, using dummy regulator
[    2.047895] scsi host0: usb-storage 1-1:1.0
[    2.054963] backlight supply power not found, using dummy regulator
[    3.081953] scsi 0:0:0:0: Direct-Access     KINGSTON DataTraveler 3.0 1.01 PQ: 0 ANSI: 6
[    3.092436] backlight supply power not found, using dummy regulator
[    3.099965] sd 0:0:0:0: [sda] 15187968 512-byte logical blocks: (7.78 GB/7.24 GiB)
[    3.109922] sd 0:0:0:0: [sda] Write Protect is off
[    3.115521] sd 0:0:0:0: [sda] Write cache: disabled, read cache: enabled, supports DPO and FUA
[    3.129631] sd 0:0:0:0: [sda] Attached SCSI removable disk
[    6.161850] cpsw 4a100000.ethernet eth0: Link is Up - 1Gbps/Full - flow control rx/tx
[    6.190761] Sending DHCP requests ., OK
[    6.211228] IP-Config: Got DHCP answer from 192.168.0.1, my address is 192.168.0.53
[    6.219321] IP-Config: Complete:
[    6.222734]      device=eth0, hwaddr=34:b1:f7:3d:b6:e4, ipaddr=192.168.0.53, mask=255.255.255.0, gw=192.168.0.1
[    6.233379]      host=192.168.0.53, domain=ti.com, nis-domain=(none)
[    6.240081]      bootserver=0.0.0.0, rootserver=0.0.0.0, rootpath=     nameserver0=192.0.2.2, nameserver1=192.0.2.3
[    6.265197] random: fast init done
[    6.272601] EXT4-fs (mmcblk0p2): mounted filesystem with ordered data mode. Opts: (null)
[    6.281237] VFS: Mounted root (ext4 filesystem) on device 179:2.
[    6.295172] devtmpfs: mounted
[    6.302016] Freeing unused kernel memory: 2048K
INIT: version 2.88 booting
Error opening /dev/fb0: No such file or directory
Starting udev
[    6.855599] udevd[113]: starting version 182
[   10.609482] FAT-fs (sda): Volume was not properly unmounted. Some data may be corrupt. Please run fsck.
[   10.804021] FAT-fs (mmcblk0p1): Volume was not properly unmounted. Some data may be corrupt. Please run fsck.
[   10.883680] EXT4-fs (mmcblk0p3): warning: mounting unchecked fs, running e2fsck is recommended
[   10.939921] EXT4-fs (mmcblk0p3): mounted filesystem without journal. Opts: (null)
depmod: ERROR: could not open directory /lib/modules/4.9.0-rc4-next-20161111-00002-g9241d9c65f3c: No such file or directory
depmod: WARNING: -e needs -E or -F
depmod: ERROR: could not open directory /lib/modules/4.9.0-rc4-next-20161111-00002-g9241d9c65f3c: No such file or directory
depmod: FATAL: could not search modules: No such file or directory
[   12.148172] EXT4-fs (mmcblk0p2): re-mounted. Opts: data=ordered
Starting Bootlog daemon: bootlogd.
Populating dev cache
ALSA: Restoring mixer settings...
/usr/sbin/alsactl: load_state:1729: No soundcards found...
hwclock: can't open '/dev/misc/rtc': No such file or directory
Fri Jul 29 06:33:00 UTC 2016
hwclock: can't open '/dev/misc/rtc': No such file or directory
INIT: Entering runlevel: 5
Configuring network interfaces... udhcpc (v1.22.1) started
Sending discover...
Sending select for 192.168.0.219...
Lease of 192.168.0.219 obtained, lease time 600
/etc/udhcpc.d/50default: Adding DNS 192.0.2.2
/etc/udhcpc.d/50default: Adding DNS 192.0.2.3
done.
Starting system message bus: dbus.
UIM SYSFS Node Not Found
Starting Dropbear SSH server: dropbear.
Starting telnet daemon.
Starting rpcbind daemon...rpcbind: cannot create socket for udp6
rpcbind: cannot create socket for tcp6
done.
creating NFS state directory: done
starting statd: done
hwclock: can't open '/dev/misc/rtc': No such file or directory
Starting syslogd/klogd: done
Starting thttpd.
Starting Lighttpd Web Server: lighttpd.
2016-07-29 06:33:03: (/home/jenkins/tisdk-build/build-CORTEX_1/arago-tmp-external-linaro-toolchain/work/cortexa9t2hf-vfp-neon-linux-gnueabi/lighttpd/1.4.33-r1/lighttpd-1.4.33/src/log.c.166) server started 
Starting Matrix GUI application.
Enabling thermal zones...
/etc/rc5.d/S98thermal-zone-init: line 7: /sys/class/thermal/thermal_zone*/mode: No such file or directory
***************************************************************
***************************************************************
NOTICE: This file system contains the followin GPLv3 packages:
	autoconf
	binutils
	cpp-symlinks
	cpp
	g++-symlinks
	g++
	gcc-symlinks
	gcc
	gdbserver
	libgmp10
	libmpc3
	libmpfr4
	make
If you do not wish to distribute GPLv3 components please remove
the above packages prior to distribution.  This can be done using
the opkg remove command.  i.e.:
    opkg remove <package>
Where <package> is the name printed in the list above
NOTE: If the package is a dependency of another package you
      will be notified of the dependent packages.  You should
      use the --force-removal-of-dependent-packages option to
      also remove the dependent packages as well
***************************************************************
***************************************************************
Stopping Bootlog daemon: bootlogd.
 _____                    _____           _         _   
|  _  |___ ___ ___ ___   |  _  |___ ___  |_|___ ___| |_ 
|     |  _| .'| . | . |  |   __|  _| . | | | -_|  _|  _|
|__|__|_| |__,|_  |___|  |__|  |_| |___|_| |___|___|_|  
              |___|                    |___|            
Arago Project http://arago-project.org am437x-evm /dev/ttyO0
Arago 2015.03 am437x-evm /dev/ttyO0
am437x-evm login: 
- 02:29:00 [INFO] Host: root
- 02:29:00 [INFO] Target: 
root
root@am437x-evm:~# 
- 02:29:00 [INFO] Sleeping 15 secs to allow systemd to finish starting processes...
- 02:29:16 [INFO] Disconnected serial from am437x-sk
- 02:29:16 [INFO] Connected to am437x-sk via serial 
- 02:29:16 [INFO] Host: uname -a
- 02:29:16 [INFO] Target: 
uname -a
Linux am437x-evm 4.9.0-rc4-next-20161111-00002-g9241d9c65f3c #3 SMP Fri Nov 11 01:22:33 CST 2016 armv7l GNU/Linux
root@am437x-evm:~# 
- 02:29:16 [INFO] Host: cat /proc/cmdline
- 02:29:16 [INFO] Target: 
cat /proc/cmdline
console=ttyO0,115200n8 earlyprintk=serial,ttyO0,115200n8 rootwait  ip=:::::eth0:dhcp  root=PARTUUID=00000000-02 rw rootfstype=ext4 rootwait 
root@am437x-evm:~# 
- 02:29:16 [INFO] Host: uname -a
- 02:29:16 [INFO] Target: 
uname -a
Linux am437x-evm 4.9.0-rc4-next-20161111-00002-g9241d9c65f3c #3 SMP Fri Nov 11 01:22:33 CST 2016 armv7l GNU/Linux
root@am437x-evm:~# 
- 02:29:16 [INFO] Host: cat /proc/mtd
- 02:29:16 [INFO] Target: 
cat /proc/mtd
dev:    size   erasesize  name
root@am437x-evm:~# 
- 02:29:16 [INFO] Host: cat /proc/diskstats
- 02:29:16 [INFO] Target: 
cat /proc/diskstats
   1       0 ram0 0 0 0 0 0 0 0 0 0 0 0
   1       1 ram1 0 0 0 0 0 0 0 0 0 0 0
   1       2 ram2 0 0 0 0 0 0 0 0 0 0 0
   1       3 ram3 0 0 0 0 0 0 0 0 0 0 0
   1       4 ram4 0 0 0 0 0 0 0 0 0 0 0
   1       5 ram5 0 0 0 0 0 0 0 0 0 0 0
   1       6 ram6 0 0 0 0 0 0 0 0 0 0 0
   1       7 ram7 0 0 0 0 0 0 0 0 0 0 0
   1       8 ram8 0 0 0 0 0 0 0 0 0 0 0
   1       9 ram9 0 0 0 0 0 0 0 0 0 0 0
   1      10 ram10 0 0 0 0 0 0 0 0 0 0 0
   1      11 ram11 0 0 0 0 0 0 0 0 0 0 0
   1      12 ram12 0 0 0 0 0 0 0 0 0 0 0
   1      13 ram13 0 0 0 0 0 0 0 0 0 0 0
   1      14 ram14 0 0 0 0 0 0 0 0 0 0 0
   1      15 ram15 0 0 0 0 0 0 0 0 0 0 0
   7       0 loop0 0 0 0 0 0 0 0 0 0 0 0
   7       1 loop1 0 0 0 0 0 0 0 0 0 0 0
   7       2 loop2 0 0 0 0 0 0 0 0 0 0 0
   7       3 loop3 0 0 0 0 0 0 0 0 0 0 0
   7       4 loop4 0 0 0 0 0 0 0 0 0 0 0
   7       5 loop5 0 0 0 0 0 0 0 0 0 0 0
   7       6 loop6 0 0 0 0 0 0 0 0 0 0 0
   7       7 loop7 0 0 0 0 0 0 0 0 0 0 0
 179       0 mmcblk0 1964 656 85729 6135 34 31 1828 615 0 3335 6760
 179       1 mmcblk0p1 100 0 1399 360 4 0 4 115 0 330 475
 179       2 mmcblk0p2 1793 624 83080 5280 29 31 1816 500 0 3190 5790
 179       3 mmcblk0p3 54 32 1114 480 1 0 8 0 0 455 480
   8       0 sda 72 5 953 70 0 0 0 0 0 65 70
root@am437x-evm:~# 
- 02:29:16 [INFO] Host: cat /proc/interrupts
- 02:29:16 [INFO] Target: 
cat /proc/interrupts
           CPU0       
 16:          0     WUGEN  67 Level     gp_timer
 17:          0     GIC-0  27 Edge      gt
 18:       3193     GIC-0  29 Edge      twd
 19:          0     WUGEN   9 Level     l3-dbg-irq
 20:          0     WUGEN  10 Level     l3-app-irq
 23:       2032     WUGEN  12 Level     49000000.edma_ccint
 25:          1     WUGEN  14 Level     49000000.edma_ccerrint
 29:        666     WUGEN  72 Level     OMAP UART0
 35:          0     WUGEN  96 Level     44e07000.gpio
 42:          0  44e07000.gpio   6 Edge      48060000.mmc cd
 68:          0     WUGEN  98 Level     4804c000.gpio
101:          0     WUGEN 148 Level     48322000.gpio
134:        116     WUGEN  70 Level     44e0b000.i2c
135:          0     WUGEN  71 Level     4802a000.i2c
136:       6056     WUGEN  64 Level     mmc0
138:         44     WUGEN  41 Level     4a100000.ethernet
139:          5     WUGEN  42 Level     4a100000.ethernet
144:          0     WUGEN 111 Level     48310000.rng
146:          1     WUGEN 172 Level     dwc3-omap
147:          1     WUGEN 178 Level     dwc3-omap
160:          0      PRCM Edge      pinctrl
184:        320     WUGEN 174 Level     xhci-hcd:usb1
185:          1     WUGEN   7 Level     tps65218
IPI0:          0  CPU wakeup interrupts
IPI1:          0  Timer broadcast interrupts
IPI2:          0  Rescheduling interrupts
IPI3:          0  Function call interrupts
IPI4:          0  CPU stop interrupts
IPI5:          0  IRQ work interrupts
IPI6:          0  completion interrupts
Err:          0
root@am437x-evm:~# 
- 02:29:16 [INFO] Host: cat /proc/softirqs
- 02:29:16 [INFO] Target: 
cat /proc/softirqs
                    CPU0       
          HI:          2
       TIMER:       3100
      NET_TX:          6
      NET_RX:         36
       BLOCK:        105
    IRQ_POLL:          0
     TASKLET:       2045
       SCHED:          0
     HRTIMER:          0
         RCU:      44390
root@am437x-evm:~# 
- 02:29:22 [INFO] Host: export IPERFHOST=192.168.0.1
- 02:29:22 [INFO] Target: 
export IPERFHOST=192.168.0.1
root@am437x-evm:~# 
- 02:29:22 [INFO] Host: export NFS_SERVER=192.168.0.1
- 02:29:22 [INFO] Target: 
export NFS_SERVER=192.168.0.1
root@am437x-evm:~# 
- 02:29:22 [INFO] Host: export NFS_ROOT_PATH=/home/tigtfarm08/NFS_exports/linux/am437x-sk
- 02:29:22 [INFO] Target: 
export NFS_ROOT_PATH=/home/tigtfarm08/NFS_exports/linux/am437 
x-sk
root@am437x-evm:~# 
- 02:29:22 [INFO] Host: export AP_SSID=
- 02:29:22 [INFO] Target: 
export AP_SSID=
root@am437x-evm:~# 
- 02:29:22 [INFO] Host: mkdir -p -m 777 /test
- 02:29:22 [INFO] Target: 
mkdir -p -m 777 /test
root@am437x-evm:~# 
- 02:29:22 [INFO] Host: cd /test
- 02:29:22 [INFO] Target: 
cd /test
root@am437x-evm:/test# 
- 02:29:22 [INFO] Host: cat > test.sh << EOF
- 02:29:23 [INFO] Target: 
cat > test.sh << EOF
- 02:29:23 [INFO] Host: failtest() {
- 02:29:23 [INFO] Target: 
failtest() {
- 02:29:23 [INFO] Host:   echo 1 >&3
- 02:29:23 [INFO] Target: 
  echo 1 >&3
- 02:29:23 [INFO] Host: }
- 02:29:23 [INFO] Target: 
- 02:29:23 [INFO] Host: timeout=600
- 02:29:23 [INFO] Target: 
timeout=600
- 02:29:23 [INFO] Host: 
- 02:29:23 [INFO] Target: 
- 02:29:23 [INFO] Host: # Start of user's script logic
- 02:29:23 [INFO] Target: 
# Start of user's script logic
- 02:29:23 [INFO] Host: mount -t proc proc /proc 2>/dev/null;
- 02:29:23 [INFO] Target: 
mount -t proc proc /proc 2>/dev/null;
- 02:29:23 [INFO] Host: 
- 02:29:23 [INFO] Target: 
- 02:29:23 [INFO] Host: mount -t sysfs sys /sys 2>/dev/null;
- 02:29:23 [INFO] Target: 
mount -t sysfs sys /sys 2>/dev/null;
- 02:29:23 [INFO] Host: 
- 02:29:24 [INFO] Target: 
- 02:29:24 [INFO] Host: mount -t debugfs none /sys/kernel/debug 2>/dev/null;
- 02:29:24 [INFO] Target: 
mount -t debugfs none /sys/kernel/debug 2>/dev/null;
- 02:29:24 [INFO] Host: 
- 02:29:24 [INFO] Target: 
- 02:29:24 [INFO] Host: echo 'cpuinfo:';cat /proc/cpuinfo; echo '=======';
- 02:29:24 [INFO] Target: 
echo 'cpuinfo:';cat /proc/cpuinfo; echo '=======';
- 02:29:24 [INFO] Host: 
- 02:29:24 [INFO] Target: 
- 02:29:24 [INFO] Host: echo 'soc info:';head /sys/devices/soc0/* 2>/dev/null; echo '=======';
- 02:29:24 [INFO] Target: 
echo 'soc info:';head /sys/devices/soc0/* 2>/dev/null; echo '=======';
- 02:29:24 [INFO] Host: 
- 02:29:24 [INFO] Target: 
- 02:29:24 [INFO] Host: echo 'DT Model info'; head /proc/device-tree/name /proc/device-tree/model /proc/device-tree/compatible 2>/dev/null;echo; echo '=======';
- 02:29:24 [INFO] Target: 
echo 'DT Model info'; head /proc/device-tree/n[   43.138357] random: crng init done
ame /proc/device-tree/model /pro 
c/device-tree/compatible 2>/dev/null;echo; echo '=======';
- 02:29:24 [INFO] Host: 
- 02:29:24 [INFO] Target: 
- 02:29:24 [INFO] Host: echo 'interrupts:';cat /proc/interrupts; echo '=======';
- 02:29:24 [INFO] Target: 
echo 'interrupts:';cat /proc/interrupts; echo '=======';
- 02:29:24 [INFO] Host: 
- 02:29:25 [INFO] Target: 
- 02:29:25 [INFO] Host: echo 'Clk_summary:';cat /sys/kernel/debug/clk/clk_summary; echo '=======';
- 02:29:25 [INFO] Target: 
echo 'Clk_summary:';cat /sys/kernel/debug/clk/clk_summary; echo '=======';
- 02:29:25 [INFO] Host: 
- 02:29:25 [INFO] Target: 
- 02:29:25 [INFO] Host: echo "Available frequencies"; cat /sys/devices/system/cpu/cpu0/cpufreq/scaling_available_frequencies 2>/dev/null;echo '=======';
- 02:29:25 [INFO] Target: 
echo "Available frequencies"; cat /sys/devices/system/cpu/cpu0/cpufreq/scaling 
_available_frequencies 2>/dev/null;echo '=======';
- 02:29:25 [INFO] Host: 
- 02:29:25 [INFO] Target: 
- 02:29:25 [INFO] Host: TMPF=/tmp/a.\$\$; TMPF2=/tmp/b.\$\$; STR=""
- 02:29:25 [INFO] Target: 
TMPF=/tmp/a.\$\$; TMPF2=/tmp/b.\$\$; STR=""
- 02:29:25 [INFO] Host: 
- 02:29:25 [INFO] Target: 
- 02:29:25 [INFO] Host: cp /dev/kmsg \$TMPF &
- 02:29:25 [INFO] Target: 
cp /dev/kmsg \$TMPF &
- 02:29:25 [INFO] Host: 
- 02:29:25 [INFO] Target: 
- 02:29:25 [INFO] Host: PID=\$! ; sleep 5; kill -9 \$PID
- 02:29:25 [INFO] Target: 
PID=\$! ; sleep 5; kill -9 \$PID
- 02:29:25 [INFO] Host: 
- 02:29:26 [INFO] Target: 
- 02:29:26 [INFO] Host: 
- 02:29:26 [INFO] Target: 
- 02:29:26 [INFO] Host: 
- 02:29:26 [INFO] Target: 
- 02:29:26 [INFO] Host: cat \$TMPF|grep "^0">\$TMPF2; N=\`cat \$TMPF2|wc -l\`; if [ "\$N" -ne 0 ]; then STR="\$STR emerg=\$N";echo "===== EMERGE++";cat \$TMPF2|cut -d ';' -f2;echo "====="; fi
- 02:29:26 [INFO] Target: 
cat \$TMPF|grep "^0">\$TMPF2; N=\`cat \$TMPF2|wc -l\`; if [ "\$N" -ne 0 ]; the 
n STR="\$STR emerg=\$N";echo "===== EMERGE++";cat \$TMPF2|cut -d ';' -f2;echo "= 
===="; fi
- 02:29:26 [INFO] Host: 
- 02:29:26 [INFO] Target: 
- 02:29:26 [INFO] Host: cat \$TMPF|grep "^1">\$TMPF2; N=\`cat \$TMPF2|wc -l\`; if [ "\$N" -ne 0 ]; then STR="\$STR alert=\$N";echo "===== ALERT ==";cat \$TMPF2|cut -d ';' -f2;echo "====="; fi
- 02:29:26 [INFO] Target: 
cat \$TMPF|grep "^1">\$TMPF2; N=\`cat \$TMPF2|wc -l\`; if [ "\$N" -ne 0 ]; the 
n STR="\$STR alert=\$N";echo "===== ALERT ==";cat \$TMPF2|cut -d ';' -f2;echo "= 
===="; fi
- 02:29:26 [INFO] Host: 
- 02:29:26 [INFO] Target: 
- 02:29:26 [INFO] Host: cat \$TMPF|grep "^2">\$TMPF2; N=\`cat \$TMPF2|wc -l\`; if [ "\$N" -ne 0 ]; then STR="\$STR crit=\$N";echo "===== CRIT ==";cat \$TMPF2|cut -d ';' -f2;echo "====="; fi
- 02:29:26 [INFO] Target: 
cat \$TMPF|grep "^2">\$TMPF2; N=\`cat \$TMPF2|wc -l\`; if [ "\$N" -ne 0 ]; the 
n STR="\$STR crit=\$N";echo "===== CRIT ==";cat \$TMPF2|cut -d ';' -f2;echo "=== 
=="; fi
- 02:29:26 [INFO] Host: 
- 02:29:26 [INFO] Target: 
- 02:29:26 [INFO] Host: cat \$TMPF|grep "^3">\$TMPF2; N=\`cat \$TMPF2|wc -l\`; if [ "\$N" -ne 0 ]; then STR="\$STR err=\$N";echo "===== ERR ==";cat \$TMPF2|cut -d ';' -f2;echo "=====" ;fi
- 02:29:26 [INFO] Target: 
cat \$TMPF|grep "^3">\$TMPF2; N=\`cat \$TMPF2|wc -l\`; if [ "\$N" -ne 0 ]; the 
n STR="\$STR err=\$N";echo "===== ERR ==";cat \$TMPF2|cut -d ';' -f2;echo "===== 
" ;fi
- 02:29:26 [INFO] Host: 
- 02:29:27 [INFO] Target: 
- 02:29:27 [INFO] Host: cat \$TMPF|grep "^4">\$TMPF2; N=\`cat \$TMPF2|wc -l\`; if [ "\$N" -ne 0 ]; then STR="\$STR warn=\$N";echo "===== WARN ==";cat \$TMPF2|cut -d ';' -f2;echo "=====" ;fi
- 02:29:27 [INFO] Target: 
cat \$TMPF|grep "^4">\$TMPF2; N=\`cat \$TMPF2|wc -l\`; if [ "\$N" -ne 0 ]; the 
n STR="\$STR warn=\$N";echo "===== WARN ==";cat \$TMPF2|cut -d ';' -f2;echo "=== 
==" ;fi
- 02:29:27 [INFO] Host: 
- 02:29:27 [INFO] Target: 
- 02:29:27 [INFO] Host: rm \$TMPF \$TMPF2; echo "SUM""MARY RESULT: BOOT:" 'PASS: H''ello World' 'B''oard' "Booted" "Boot Log has::::\$STR:"
- 02:29:27 [INFO] Target: 
rm \$TMPF \$TMPF2; echo "SUM""MARY RESULT: BOOT:" 'PASS: H''ello World' 'B''oa 
rd' "Booted" "Boot Log has::::\$STR:"
- 02:29:27 [INFO] Host: 
- 02:29:27 [INFO] Target: 
- 02:29:27 [INFO] Host: EOF
- 02:29:27 [INFO] Target: 
root@am437x-evm:/test# 
- 02:29:27 [INFO] Host: cd /test
- 02:29:27 [INFO] Target: 
cd /test
root@am437x-evm:/test# 
- 02:29:27 [INFO] Host: chmod +x test.sh
- 02:29:27 [INFO] Target: 
chmod +x test.sh
root@am437x-evm:/test# 
- 02:29:27 [INFO] Host: ./test.sh 2> stderr.log > stdout.log 3> result.log
- 02:29:33 [INFO] Target: 
./test.sh 2> stderr.log > stdout.log 3> result.log
root@am437x-evm:/test# 
- 02:29:33 [INFO] Host: echo $?
- 02:29:33 [INFO] Target: 
echo $?
root@am437x-evm:/test# 
- 02:29:33 [INFO] Host: cd /test
- 02:29:33 [INFO] Target: 
cd /test
root@am437x-evm:/test# 
- 02:29:33 [INFO] Host: cat stdout.log
- 02:29:34 [INFO] Target: 
cat stdout.log
cpuinfo:
processor	: 0
model name	: ARMv7 Processor rev 10 (v7l)
BogoMIPS	: 1000.00
Features	: half thumb fastmult vfp edsp thumbee neon vfpv3 tls vfpd32 
CPU implementer	: 0x41
CPU architecture: 7
CPU variant	: 0x2
CPU part	: 0xc09
CPU revision	: 10
Hardware	: Generic AM43 (Flattened Device Tree)
Revision	: 0000
Serial		: 0000000000000000
=======
soc info:
==> /sys/devices/soc0/family <==
AM43xx
==> /sys/devices/soc0/machine <==
AM437x
==> /sys/devices/soc0/power <==
==> /sys/devices/soc0/revision <==
ES1.2
==> /sys/devices/soc0/subsystem <==
==> /sys/devices/soc0/type <==
==> /sys/devices/soc0/uevent <==
=======
DT Model info
==> /proc/device-tree/name <==
==> /proc/device-tree/model <==
TI AM437x SK EVM
==> /proc/device-tree/compatible <==
ti,am437x-sk-evmti,am4372ti,am43
=======
interrupts:
           CPU0       
 16:          0     WUGEN  67 Level     gp_timer
 17:          0     GIC-0  27 Edge      gt
 18:       3415     GIC-0  29 Edge      twd
 19:          0     WUGEN   9 Level     l3-dbg-irq
 20:          0     WUGEN  10 Level     l3-app-irq
 23:       2035     WUGEN  12 Level     49000000.edma_ccint
 25:          1     WUGEN  14 Level     49000000.edma_ccerrint
 29:       7119     WUGEN  72 Level     OMAP UART0
 35:          0     WUGEN  96 Level     44e07000.gpio
 42:          0  44e07000.gpio   6 Edge      48060000.mmc cd
 68:          0     WUGEN  98 Level     4804c000.gpio
101:          0     WUGEN 148 Level     48322000.gpio
134:        116     WUGEN  70 Level     44e0b000.i2c
135:          0     WUGEN  71 Level     4802a000.i2c
136:       6067     WUGEN  64 Level     mmc0
138:         44     WUGEN  41 Level     4a100000.ethernet
139:          5     WUGEN  42 Level     4a100000.ethernet
144:          0     WUGEN 111 Level     48310000.rng
146:          1     WUGEN 172 Level     dwc3-omap
147:          1     WUGEN 178 Level     dwc3-omap
160:          0      PRCM Edge      pinctrl
184:        320     WUGEN 174 Level     xhci-hcd:usb1
185:          1     WUGEN   7 Level     tps65218
IPI0:          0  CPU wakeup interrupts
IPI1:          0  Timer broadcast interrupts
IPI2:          0  Rescheduling interrupts
IPI3:          0  Function call interrupts
IPI4:          0  CPU stop interrupts
IPI5:          0  IRQ work interrupts
IPI6:          0  completion interrupts
Err:          0
=======
Clk_summary:
   clock                         enable_cnt  prepare_cnt        rate   accuracy   phase
----------------------------------------------------------------------------------------
 clk_32k_rtc                              0            0       32768          0 0  
 clk_32k_mosc_ck                          0            0       32768          0 0  
 clk_32k_tpm_ck                           0            0       32768          0 0  
 tclkin_ck                                0            0    26000000          0 0  
 virt_26000000_ck                         0            0    26000000          0 0  
 virt_25000000_ck                         0            0    25000000          0 0  
 virt_24000000_ck                         1            1    24000000          0 0  
    sysboot_freq_sel_ck                   1            1    24000000          0 0  
       sys_clkin_ck                      20           39    24000000          0 0  
          clkout1_osc_div_ck              0            0    24000000          0 0  
             clkout1_mux_ck               0            0    24000000          0 0  
                clkout1_ck                0            0    24000000          0 0  
          vtp_clk_div                     0            0    12000000          0 0  
          dll_aging_clk_div               0            0     3000000          0 0  
          timer11_fck                     0            1    24000000          0 0  
          timer10_fck                     0            1    24000000          0 0  
          timer9_fck                      0            1    24000000          0 0  
          timer8_fck                      0            1    24000000          0 0  
          dpll_extdev_ck                  0            0   500000000          0 0  
             dpll_extdev_m2_ck            0            0    50000000          0 0  
          timer7_fck                      0            1    24000000          0 0  
          timer6_fck                      0            1    24000000          0 0  
          timer5_fck                      0            1    24000000          0 0  
          timer4_fck                      0            1    24000000          0 0  
          timer3_fck                      0            1    24000000          0 0  
          timer2_fck                      0            1    24000000          0 0  
          dpll_per_ck                     2            2   960000000          0 0  
             dpll_per_clkdcoldo           2            2   960000000          0 0  
                usb_otg_ss1_refclk960m           1            1   960000000          0 0  
                usb_otg_ss0_refclk960m           1            1   960000000          0 0  
             dpll_per_m2_ck               2            4   192000000          0 0  
                func_12m_clk              0            0    12000000          0 0  
                mmc_clk                   0            3    96000000          0 0  
                clk_24mhz                 1            1    24000000          0 0  
                   clkdiv32k_ck           1            1       32786          0 0  
                      clkdiv32k_ick           2            7       32786          0 0  
                         timer1_fck           1            1       32786          0 0  
                         gpio5_dbclk           0            2       32786          0 0  
                         gpio4_dbclk           0            1       32786          0 0  
                         gpio3_dbclk           0            1       32786          0 0  
                         gpio2_dbclk           0            1       32786          0 0  
                         gpio1_dbclk           0            2       32786          0 0  
                dpll_per_m2_div4_ck           0           12    48000000          0 0  
                dpll_per_m2_div4_wkupdm_ck           1            2    48000000          0 0  
          dpll_disp_ck                    0            1    24000000          0 0  
             dpll_disp_m2_ck              0            1    24000000          0 0  
                disp_clk                  0            3    24000000          0 0  
          dpll_ddr_ck                     1            1   400000000          0 0  
             dpll_ddr_x2_ck               0            0   800000000          0 0  
                dpll_ddr_m4_ck            0            0   400000000          0 0  
             dpll_ddr_m2_ck               1            1   400000000          0 0  
          dpll_mpu_ck                     1            1  1000000000          0 0  
             dpll_mpu_m2_ck               4            4  1000000000          0 0  
                mpu_periphclk             2            2   500000000          0 0  
          dpll_core_ck                    1            1  1000000000          0 0  
             dpll_core_x2_ck              2            2  2000000000          0 0  
                dpll_core_m6_ck           0            0   500000000          0 0  
                dpll_core_m5_ck           1            1   250000000          0 0  
                   cpsw_cpts_rft_clk           0            0   250000000          0 0  
                   cpsw_50m_clkdiv           0            0   250000000          0 0  
                      cpsw_5m_clkdiv           0            0    25000000          0 0  
                   dpll_clksel_mac_clk           0            0    50000000          0 0  
                   cpsw_125mhz_gclk           2            3   125000000          0 0  
                dpll_core_m4_ck           7            7   200000000          0 0  
                   l4hs_gclk              1            1   200000000          0 0  
                   l3_gclk               16           18   200000000          0 0  
                   sysclk_div             1            3   200000000          0 0  
                      div_core_25m_ck           0            0    25000000          0 0  
                      gfx_fclk_clksel_ck           0            1   200000000          0 0  
                         gfx_fck_div_ck           0            1   200000000          0 0  
                      dpll_core_m4_div2_ck           3            3   100000000          0 0  
                         l4ls_gclk          54           67   100000000          0 0  
                            ehrpwm5_tbclk           0            0   100000000          0 0  
                            ehrpwm4_tbclk           0            0   100000000          0 0  
                            ehrpwm3_tbclk           0            0   100000000          0 0  
                            ehrpwm2_tbclk           0            0   100000000          0 0  
                            ehrpwm1_tbclk           0            0   100000000          0 0  
                            ehrpwm0_tbclk           0            0   100000000          0 0  
                         l3s_gclk          13           15   100000000          0 0  
                      pruss_ocp_gclk           0            1   200000000          0 0  
          rng_fck                         2            2    24000000          0 0  
          aes0_fck                        1            2    24000000          0 0  
          sha0_fck                        1            1    24000000          0 0  
          smartreflex1_fck                0            1    24000000          0 0  
          smartreflex0_fck                0            1    24000000          0 0  
          mcasp1_fck                      0            1    24000000          0 0  
          mcasp0_fck                      0            1    24000000          0 0  
          dcan1_fck                       0            1    24000000          0 0  
          dcan0_fck                       0            1    24000000          0 0  
          adc_tsc_fck                     0            1    24000000          0 0  
 virt_19200000_ck                         0            0    19200000          0 0  
    crystal_freq_sel_ck                   0            0    19200000          0 0  
 clk_rc32k_ck                             0            2       32768          0 0  
    clkout1_src2_mux_ck                   0            0       32768          0 0  
       clkout1_src2_pre_div_ck            0            0       32768          0 0  
          clkout1_src2_post_div_ck           0            0       32768          0 0  
    gpio0_dbclk_mux_ck                    0            1       32768          0 0  
       gpio0_dbclk                        0            2       32768          0 0  
    wdt1_fck                              0            1       32768          0 0  
 clk_32768_ck                             2            3       32768          0 0  
    mux_synctimer32k_ck                   1            1       32768          0 0  
       synctimer_32kclk                   1            1       32768          0 0  
    usbphy_32khz_clkmux                   2            2       32768          0 0  
       usb_phy1_always_on_clk32k           1            1       32768          0 0  
       usb_phy0_always_on_clk32k           1            1       32768          0 0  
=======
Available frequencies
=======
===== ERR ==
IPv6: Attempt to unregister permanent protocol 6
IPv6: Attempt to unregister permanent protocol 136
IPv6: Attempt to unregister permanent protocol 17
omap_voltage_late_init: Voltage driver support not added
udevd[113]: starting version 182
=====
===== WARN ==
L2C: platform modifies aux control register: 0x0e030000 -> 0x3e430000
L2C: DT/platform modifies aux control register: 0x0e030000 -> 0x3e430000
omap4_sram_init:Unable to allocate sram needed to handle errata I688
omap4_sram_init:Unable to get sram pool needed to handle errata I688
backlight supply power not found, using dummy regulator
omap_uart 44e09000.serial: No clock speed specified: using default: 48000000
backlight supply power not found, using dummy regulator
backlight supply power not found, using dummy regulator
mmc0: host does not support reading read-only switch, assuming write-enable
backlight supply power not found, using dummy regulator
backlight supply power not found, using dummy regulator
backlight supply power not found, using dummy regulator
FAT-fs (sda): Volume was not properly unmounted. Some data may be corrupt. Please run fsck.
FAT-fs (mmcblk0p1): Volume was not properly unmounted. Some data may be corrupt. Please run fsck.
EXT4-fs (mmcblk0p3): warning: mounting unchecked fs, running e2fsck is recommended
=====
SUMMARY RESULT: BOOT: PASS: Hello World Board Booted Boot Log has:::: err=5 warn=15:
root@am437x-evm:/test# 
- 02:29:34 [INFO] Host: cat stderr.log
- 02:29:34 [INFO] Target: 
cat stderr.log
./test.sh: line 33:   794 Killed                  cp /dev/kmsg $TMPF
root@am437x-evm:/test# 
- 02:29:34 [INFO] Host: cat result.log
- 02:29:36 [ERROR] On command: cat result.log waiting for cat result.log.+?(?m-ix:^1[\0\n\r]+) >>> error: execution expired
- 02:29:36 [INFO] Target: 
cat result.log
root@am437x-evm:/test# 
- 02:29:36 [INFO] Host: cd /test
- 02:29:36 [INFO] Target: 
cd /test
root@am437x-evm:/test# 
URL:gtsystest.telogy.design.ti.com/vatf/tigtfarm08/tigtfarm08_vatf@am437x-sk/tigtfarm0811_11_2016_02_28_13/files/session_iteration_1/test_1
