- 14:43:24 [INFO] Starting target session
- 14:43:24 [INFO] Connected to am43xx-epos via serial 
- 14:43:24 [INFO] Host: 
- 14:43:26 [ERROR] On command:  waiting for (?-mix:login:) >>> error: execution expired
- 14:43:26 [INFO] Target: 

root@am437x-evm:/test# 
- 14:43:26 [INFO] Host: 
- 14:43:27 [INFO] Target: 

root@am437x-evm:/test# 
- 14:43:27 [INFO] Host: sync;poweroff
- 14:43:50 [INFO] Target: 
sync;poweroff


Broadcast message from root@am437x-evm (ttyO0) (Tue Dec 24 06:05:35 2013):



The system is going down for system halt NOW!


INIT: Switching to runlevel: 0

root@am437x-evm:/test# 
INIT: Sending processes the TERM signal


INIT: Sending processes the KILL signaStopping Dropbear SSH server: stopped /usr/sbin/dropbear (pid 1111)
dropbear.
Stopping telnet daemon.
Stopping system message bus: hwclock: can't open '/dev/misc/rtc': No such file or directory
Error opening /dev/fb0: No such file or directory
Stopping syslogd/klogd: stopped syslogd (pid 1123)
stopped klogd (pid 1126)
done
Stopping thttpd.
ALSA: Storing mixer settings...
/usr/sbin/alsactl: save_state:1580: No soundcards found...
Deconfiguring network interfaces... [ 1155.833490] net eth0: initializing cpsw version 1.15 (0)
done.
[ 1155.919204] net eth0: phy found : id is : 0x20005c90
[ 1155.924507] cpsw 4a100000.ethernet: Phy mode driver DT not found
[ 1155.931068] libphy: PHY 4a101000.mdio:01 not found
[ 1155.936143] net eth0: phy 4a101000.mdio:01 not found on slave 1
Stopping Lighttpd Web Server: stopped /usr/sbin/lighttpd (pid 1139)
lighttpd.
/etc/rc0.d/K96am335x-pm-firmware-load: line 4: /sys/devices/44000000.ocp/44d00000.wkup_m3/firmware/am335x-pm-firmware.bin/loading: No such file or directory
/etc/rc0.d/K96am335x-pm-firmware-load: line 5: /sys/devices/44000000.ocp/44d00000.wkup_m3/firmware/am335x-pm-firmware.bin/data: No such file or directory
/etc/rc0.d/K96am335x-pm-firmware-load: line 6: /sys/devices/44000000.ocp/44d00000.wkup_m3/firmware/am335x-pm-firmware.bin/loading: No such file or directory
Stopping Matrix GUI applicationstart-stop-daemon: warning: killing process 1148: No such process
.
***************************************************************
***************************************************************
NOTICE: This file system contains the followin GPLv3 packages:
	binutils-symlinks
	binutils
	gdbserver

If you do not wish to distribute GPLv3 components please remove
the above packages prior to distribution.  This can be done using
the opkg remove command.  i.e.:
    opkg remove <package>
Where <package> is the name printed in the list above

NOTE: If the package is a dependency of another package you
      will be notified of the dependent packages.  You should
      use the --force-removal-of-dependent-packages option to
      also remove the dependent packages as well
***************************************************************
***************************************************************
Sending all processes the TERM signal...
[ 1157.919157] cpsw 4a100000.ethernet eth0: Link is Up - 100Mbps/Full - flow control rx/tx
Sending all processes the KILL signal...
Unmounting remote filesystems...
Deactivating swap...
Unmounting local filesystems...
[ 1170.835347] reboot: System halted

- 14:44:40 [INFO] Disconnected serial from am43xx-epos
- 14:44:40 [INFO] Connected to am43xx-epos via serial 
- 14:44:40 [INFO] Host: 
- 14:44:41 [INFO] Target: 
Net:   cpsw
U-Boot# 
U-Boot# 
- 14:44:41 [INFO] Host: 
- 14:44:41 [INFO] Target: 

U-Boot# 
- 14:44:41 [INFO] Host: version
- 14:44:42 [INFO] Target: 
version

U-Boot 2013.10-g562aa88 (Dec 18 2013 - 13:46:51)
arm-linux-gnueabihf-gcc (crosstool-NG linaro-1.13.1-4.7-2013.03-20130313 - Linaro GCC 2013.03) 4.7.3 20130226 (prerelease)
GNU ld (crosstool-NG linaro-1.13.1-4.7-2013.03-20130313 - Linaro GCC 2013.03) 2.23.1
U-Boot# 
- 14:44:42 [INFO] Host: setenv bootargs 'console=ttyO0,115200n8 earlyprintk rootwait '
- 14:44:42 [INFO] Target: 
setenv bootargs 'console=ttyO0,115200n8 earlyprintk rootwait '
U-Boot# 
- 14:44:42 [INFO] Host: setenv bootcmd  ''
- 14:44:43 [INFO] Target: 
setenv bootcmd  ''
U-Boot# 
- 14:44:43 [INFO] Host: setenv autoload 'no'
- 14:44:43 [INFO] Target: 
setenv autoload 'no'
U-Boot# 
- 14:44:43 [INFO] Host: setenv serverip '192.168.0.1'
- 14:44:44 [INFO] Target: 
setenv serverip '192.168.0.1'
U-Boot# 
- 14:44:44 [INFO] Host: printenv
- 14:44:44 [INFO] Target: 
printenv
arch=arm
autoload=no
baudrate=115200
board=am43xx
board_name=AM43EPOS
board_rev=1.1D
boot_targets=usb mmc0 nand 
bootargs=console=ttyO0,115200n8 earlyprintk rootwait 
bootcmd=
bootcmd_mmc0=setenv devnum 0; setenv rootpart 2; run mmc_boot;
bootcmd_nand=run nandboot;
bootcmd_usb=setenv devnum 0; run usb_boot;
bootdelay=6
bootdir=/boot
bootenv=uEnv.txt
bootfile=zImage
bootpart=0:2
console=ttyO0,115200n8
cpu=armv7
dnsip=192.0.2.2
dnsip2=192.0.2.3
eth1addr=34:b1:f7:31:60:cb
ethact=cpsw
ethaddr=34:b1:f7:31:60:c9
fdt_high=0xa0000000
fdtaddr=0x80F80000
fdtfile=undefined
findfdt=if test $board_name = AM43EPOS; then setenv fdtfile am43x-epos-evm.dtb; fi; if test $board_name = AM43__GP; then setenv fdtfile am437x-gp-evm.dtb; fi; if test $fdtfile = undefined; then echo WARNING: Could not determine device tree; fi; 
gatewayip=192.168.0.1
importbootenv=echo Importing environment from mmc ...; env import -t $loadaddr $filesize
ipaddr=192.168.0.219
loadaddr=0x80200000
loadbootenv=load mmc ${mmcdev} ${loadaddr} ${bootenv}
loadfdt=load mmc ${bootpart} ${fdtaddr} ${bootdir}/${fdtfile}
loadimage=load mmc ${bootpart} ${loadaddr} ${bootdir}/${bootfile}
loadramdisk=load mmc ${mmcdev} ${rdaddr} ramdisk.gz
mmc_boot=setenv devtype mmc; if mmc dev ${devnum}; then run mmcargs;run scan_boot; run mmcboot;setenv mmcdev 1; setenv bootpart 1:2; run mmcboot;fi
mmcargs=setenv bootargs console=${console} ${optargs} root=${mmcroot} rootfstype=${mmcrootfstype}
mmcboot=mmc dev ${mmcdev}; if mmc rescan; then echo SD/MMC found on device ${mmcdev};if run loadbootenv; then echo Loaded environment from ${bootenv};run importbootenv;fi;if test -n $uenvcmd; then echo Running uenvcmd ...;run uenvcmd;fi;if run loadimage; then run loadfdt; echo Booting from mmc${mmcdev} ...; run mmcargs; bootz ${loadaddr} - ${fdtaddr}; fi;fi;
mmcdev=0
mmcroot=/dev/mmcblk0p2 rw
mmcrootfstype=ext4 rootwait
mtdids=nand0=nand.0
mtdparts=mtdparts=nand.0:256k(SPL),256k(SPL.backup1),256k(SPL.backup2),256k(SPL.backup3),1m(u-boot),512k(u-boot-spl-os),256k(u-boot-env),256k(u-boot-env.backup1),5m(kernel),-(rootfs)
nand_erasesize=40000
nand_oobsize=e0
nand_writesize=1000
nandargs=setenv bootargs console=${console} ${optargs} root=${nandroot} rootfstype=${nandrootfstype}
nandboot=echo Booting from nand ...; run nandargs; nand read ${fdtaddr} u-boot-spl-os; nand read ${loadaddr} kernel; bootz ${loadaddr} - ${fdtaddr}
nandroot=ubi0:rootfs rw ubi.mtd=9,2048
nandrootfstype=ubifs rootwait=1
netargs=setenv bootargs console=${console} ${optargs} root=/dev/nfs nfsroot=${serverip}:${rootpath},${nfsopts} rw ip=dhcp
netboot=echo Booting from network ...; setenv autoload no; dhcp; tftp ${loadaddr} ${bootfile}; tftp ${fdtaddr} ${fdtfile}; run netargs; bootz ${loadaddr} - ${fdtaddr}
netmask=255.255.255.0
nfsopts=nolock
ramargs=setenv bootargs console=${console} ${optargs} root=${ramroot} rootfstype=${ramrootfstype}
ramroot=/dev/ram0 rw ramdisk_size=65536 initrd=${rdaddr},64M
ramrootfstype=ext2
rdaddr=0x81000000
rootpart=2
rootpath=/export/rootfs
scan_boot=echo Scanning ${devtype} ${devnum}...; for prefix in ${bootdir}; do for script in ${bootfile}; do run script_boot; done; done;
script_boot=if load ${devtype} ${devnum}:${rootpart} ${loadaddr} ${bootdir}/${bootfile}; then run findfdt; load ${devtype} ${devnum}:${rootpart} ${fdtaddr} ${bootdir}/${fdtfile};fi;
serverip=192.168.0.1
soc=am33xx
static_ip=${ipaddr}:${serverip}:${gatewayip}:${netmask}:${hostname}::off
stderr=serial
stdin=serial
stdout=serial
usb_boot=setenv devtype usb; run usb_init; if usb dev 0; then run usbargs;run scan_boot; bootz ${loadaddr} - ${fdtaddr}; fi
usb_init=usb start 0;
vendor=ti
ver=U-Boot 2013.10-g562aa88 (Dec 18 2013 - 13:46:51)

Environment size: 3829/131067 bytes
U-Boot# 
- 14:44:44 [INFO] Host: printenv
- 14:44:45 [INFO] Target: 
printenv
arch=arm
autoload=no
baudrate=115200
board=am43xx
board_name=AM43EPOS
board_rev=1.1D
boot_targets=usb mmc0 nand 
bootargs=console=ttyO0,115200n8 earlyprintk rootwait 
bootcmd=
bootcmd_mmc0=setenv devnum 0; setenv rootpart 2; run mmc_boot;
bootcmd_nand=run nandboot;
bootcmd_usb=setenv devnum 0; run usb_boot;
bootdelay=6
bootdir=/boot
bootenv=uEnv.txt
bootfile=zImage
bootpart=0:2
console=ttyO0,115200n8
cpu=armv7
dnsip=192.0.2.2
dnsip2=192.0.2.3
eth1addr=34:b1:f7:31:60:cb
ethact=cpsw
ethaddr=34:b1:f7:31:60:c9
fdt_high=0xa0000000
fdtaddr=0x80F80000
fdtfile=undefined
findfdt=if test $board_name = AM43EPOS; then setenv fdtfile am43x-epos-evm.dtb; fi; if test $board_name = AM43__GP; then setenv fdtfile am437x-gp-evm.dtb; fi; if test $fdtfile = undefined; then echo WARNING: Could not determine device tree; fi; 
gatewayip=192.168.0.1
importbootenv=echo Importing environment from mmc ...; env import -t $loadaddr $filesize
ipaddr=192.168.0.219
loadaddr=0x80200000
loadbootenv=load mmc ${mmcdev} ${loadaddr} ${bootenv}
loadfdt=load mmc ${bootpart} ${fdtaddr} ${bootdir}/${fdtfile}
loadimage=load mmc ${bootpart} ${loadaddr} ${bootdir}/${bootfile}
loadramdisk=load mmc ${mmcdev} ${rdaddr} ramdisk.gz
mmc_boot=setenv devtype mmc; if mmc dev ${devnum}; then run mmcargs;run scan_boot; run mmcboot;setenv mmcdev 1; setenv bootpart 1:2; run mmcboot;fi
mmcargs=setenv bootargs console=${console} ${optargs} root=${mmcroot} rootfstype=${mmcrootfstype}
mmcboot=mmc dev ${mmcdev}; if mmc rescan; then echo SD/MMC found on device ${mmcdev};if run loadbootenv; then echo Loaded environment from ${bootenv};run importbootenv;fi;if test -n $uenvcmd; then echo Running uenvcmd ...;run uenvcmd;fi;if run loadimage; then run loadfdt; echo Booting from mmc${mmcdev} ...; run mmcargs; bootz ${loadaddr} - ${fdtaddr}; fi;fi;
mmcdev=0
mmcroot=/dev/mmcblk0p2 rw
mmcrootfstype=ext4 rootwait
mtdids=nand0=nand.0
mtdparts=mtdparts=nand.0:256k(SPL),256k(SPL.backup1),256k(SPL.backup2),256k(SPL.backup3),1m(u-boot),512k(u-boot-spl-os),256k(u-boot-env),256k(u-boot-env.backup1),5m(kernel),-(rootfs)
nand_erasesize=40000
nand_oobsize=e0
nand_writesize=1000
nandargs=setenv bootargs console=${console} ${optargs} root=${nandroot} rootfstype=${nandrootfstype}
nandboot=echo Booting from nand ...; run nandargs; nand read ${fdtaddr} u-boot-spl-os; nand read ${loadaddr} kernel; bootz ${loadaddr} - ${fdtaddr}
nandroot=ubi0:rootfs rw ubi.mtd=9,2048
nandrootfstype=ubifs rootwait=1
netargs=setenv bootargs console=${console} ${optargs} root=/dev/nfs nfsroot=${serverip}:${rootpath},${nfsopts} rw ip=dhcp
netboot=echo Booting from network ...; setenv autoload no; dhcp; tftp ${loadaddr} ${bootfile}; tftp ${fdtaddr} ${fdtfile}; run netargs; bootz ${loadaddr} - ${fdtaddr}
netmask=255.255.255.0
nfsopts=nolock
ramargs=setenv bootargs console=${console} ${optargs} root=${ramroot} rootfstype=${ramrootfstype}
ramroot=/dev/ram0 rw ramdisk_size=65536 initrd=${rdaddr},64M
ramrootfstype=ext2
rdaddr=0x81000000
rootpart=2
rootpath=/export/rootfs
scan_boot=echo Scanning ${devtype} ${devnum}...; for prefix in ${bootdir}; do for script in ${bootfile}; do run script_boot; done; done;
script_boot=if load ${devtype} ${devnum}:${rootpart} ${loadaddr} ${bootdir}/${bootfile}; then run findfdt; load ${devtype} ${devnum}:${rootpart} ${fdtaddr} ${bootdir}/${fdtfile};fi;
serverip=192.168.0.1
soc=am33xx
static_ip=${ipaddr}:${serverip}:${gatewayip}:${netmask}:${hostname}::off
stderr=serial
stdin=serial
stdout=serial
usb_boot=setenv devtype usb; run usb_init; if usb dev 0; then run usbargs;run scan_boot; bootz ${loadaddr} - ${fdtaddr}; fi
usb_init=usb start 0;
vendor=ti
ver=U-Boot 2013.10-g562aa88 (Dec 18 2013 - 13:46:51)

Environment size: 3829/131067 bytes
U-Boot# 
- 14:44:45 [INFO] Host: setenv bootargs ''${bootargs}' ip=dhcp '
- 14:44:45 [INFO] Target: 
setenv bootargs ''${bootargs}' ip=dhcp '
U-Boot# 
- 14:44:45 [INFO] Host: setenv ipaddr dhcp
- 14:44:46 [INFO] Target: 
setenv ipaddr dhcp
U-Boot# 
- 14:44:46 [INFO] Host: dhcp
- 14:44:47 [INFO] Target: 
dhcp
link up on port 0, speed 100, full duplex
BOOTP broadcast 1
DHCP client bound to address 192.168.0.110
U-Boot# 
- 14:44:47 [INFO] Host: setenv serverip '192.168.0.1'
- 14:44:48 [INFO] Target: 
setenv serverip '192.168.0.1'
U-Boot# 
- 14:44:48 [INFO] Host: tftp ${loadaddr} 192.168.0.1:vatf_am43xx-epos/0c332dafec4ba1d74dd1260f9705013f
- 14:44:49 [INFO] Target: 
tftp ${loadaddr} 192.168.0.1:vatf_am43xx-epos/0c332dafec4ba1d74dd1260f9705013f
link up on port 0, speed 100, full duplex
Using cpsw device
TFTP from server 192.168.0.1; our IP address is 192.168.0.110
Filename 'vatf_am43xx-epos/0c332dafec4ba1d74dd1260f9705013f'.
Load address: 0x80200000
Loading: *#################################################################
	 #################################################################
	 #################################################################
	 #################################################################
	 ###########################################################
	 4.5 MiB/s
done
Bytes transferred = 4681616 (476f90 hex)
U-Boot# 
- 14:44:49 [INFO] Host: tftp ${fdtaddr} 192.168.0.1:vatf_am43xx-epos/3794a3750ab9cb9aa3ca19a8d9877fba
- 14:44:50 [INFO] Target: 
tftp ${fdtaddr} 192.168.0.1:vatf_am43xx-epos/3794a3750ab9cb9aa3ca19a8d9877fba
link up on port 0, speed 100, full duplex
Using cpsw device
TFTP from server 192.168.0.1; our IP address is 192.168.0.110
Filename 'vatf_am43xx-epos/3794a3750ab9cb9aa3ca19a8d9877fba'.
Load address: 0x80f80000
Loading: *##
	 4 MiB/s
done
Bytes transferred = 29340 (729c hex)
U-Boot# 
- 14:44:50 [INFO] Host: printenv
- 14:44:50 [INFO] Target: 
printenv
arch=arm
autoload=no
baudrate=115200
board=am43xx
board_name=AM43EPOS
board_rev=1.1D
boot_targets=usb mmc0 nand 
bootargs=console=ttyO0,115200n8 earlyprintk rootwait ip=dhcp
bootcmd=
bootcmd_mmc0=setenv devnum 0; setenv rootpart 2; run mmc_boot;
bootcmd_nand=run nandboot;
bootcmd_usb=setenv devnum 0; run usb_boot;
bootdelay=6
bootdir=/boot
bootenv=uEnv.txt
bootfile=zImage
bootpart=0:2
console=ttyO0,115200n8
cpu=armv7
dnsip=192.0.2.2
dnsip2=192.0.2.3
eth1addr=34:b1:f7:31:60:cb
ethact=cpsw
ethaddr=34:b1:f7:31:60:c9
fdt_high=0xa0000000
fdtaddr=0x80F80000
fdtfile=undefined
fileaddr=80f80000
filesize=729c
findfdt=if test $board_name = AM43EPOS; then setenv fdtfile am43x-epos-evm.dtb; fi; if test $board_name = AM43__GP; then setenv fdtfile am437x-gp-evm.dtb; fi; if test $fdtfile = undefined; then echo WARNING: Could not determine device tree; fi; 
gatewayip=192.168.0.1
importbootenv=echo Importing environment from mmc ...; env import -t $loadaddr $filesize
ipaddr=192.168.0.110
loadaddr=0x80200000
loadbootenv=load mmc ${mmcdev} ${loadaddr} ${bootenv}
loadfdt=load mmc ${bootpart} ${fdtaddr} ${bootdir}/${fdtfile}
loadimage=load mmc ${bootpart} ${loadaddr} ${bootdir}/${bootfile}
loadramdisk=load mmc ${mmcdev} ${rdaddr} ramdisk.gz
mmc_boot=setenv devtype mmc; if mmc dev ${devnum}; then run mmcargs;run scan_boot; run mmcboot;setenv mmcdev 1; setenv bootpart 1:2; run mmcboot;fi
mmcargs=setenv bootargs console=${console} ${optargs} root=${mmcroot} rootfstype=${mmcrootfstype}
mmcboot=mmc dev ${mmcdev}; if mmc rescan; then echo SD/MMC found on device ${mmcdev};if run loadbootenv; then echo Loaded environment from ${bootenv};run importbootenv;fi;if test -n $uenvcmd; then echo Running uenvcmd ...;run uenvcmd;fi;if run loadimage; then run loadfdt; echo Booting from mmc${mmcdev} ...; run mmcargs; bootz ${loadaddr} - ${fdtaddr}; fi;fi;
mmcdev=0
mmcroot=/dev/mmcblk0p2 rw
mmcrootfstype=ext4 rootwait
mtdids=nand0=nand.0
mtdparts=mtdparts=nand.0:256k(SPL),256k(SPL.backup1),256k(SPL.backup2),256k(SPL.backup3),1m(u-boot),512k(u-boot-spl-os),256k(u-boot-env),256k(u-boot-env.backup1),5m(kernel),-(rootfs)
nand_erasesize=40000
nand_oobsize=e0
nand_writesize=1000
nandargs=setenv bootargs console=${console} ${optargs} root=${nandroot} rootfstype=${nandrootfstype}
nandboot=echo Booting from nand ...; run nandargs; nand read ${fdtaddr} u-boot-spl-os; nand read ${loadaddr} kernel; bootz ${loadaddr} - ${fdtaddr}
nandroot=ubi0:rootfs rw ubi.mtd=9,2048
nandrootfstype=ubifs rootwait=1
netargs=setenv bootargs console=${console} ${optargs} root=/dev/nfs nfsroot=${serverip}:${rootpath},${nfsopts} rw ip=dhcp
netboot=echo Booting from network ...; setenv autoload no; dhcp; tftp ${loadaddr} ${bootfile}; tftp ${fdtaddr} ${fdtfile}; run netargs; bootz ${loadaddr} - ${fdtaddr}
netmask=255.255.255.0
nfsopts=nolock
ramargs=setenv bootargs console=${console} ${optargs} root=${ramroot} rootfstype=${ramrootfstype}
ramroot=/dev/ram0 rw ramdisk_size=65536 initrd=${rdaddr},64M
ramrootfstype=ext2
rdaddr=0x81000000
rootpart=2
rootpath=/export/rootfs
scan_boot=echo Scanning ${devtype} ${devnum}...; for prefix in ${bootdir}; do for script in ${bootfile}; do run script_boot; done; done;
script_boot=if load ${devtype} ${devnum}:${rootpart} ${loadaddr} ${bootdir}/${bootfile}; then run findfdt; load ${devtype} ${devnum}:${rootpart} ${fdtaddr} ${bootdir}/${fdtfile};fi;
serverip=192.168.0.1
soc=am33xx
static_ip=${ipaddr}:${serverip}:${gatewayip}:${netmask}:${hostname}::off
stderr=serial
stdin=serial
stdout=serial
usb_boot=setenv devtype usb; run usb_init; if usb dev 0; then run usbargs;run scan_boot; bootz ${loadaddr} - ${fdtaddr}; fi
usb_init=usb start 0;
vendor=ti
ver=U-Boot 2013.10-g562aa88 (Dec 18 2013 - 13:46:51)

Environment size: 3872/131067 bytes
U-Boot# 
- 14:44:50 [INFO] Host: setenv bootargs ''${bootargs}' root=/dev/mmcblk0p2 rw rootfstype=ext3 rootwait '
- 14:44:51 [INFO] Target: 
setenv bootargs ''${bootargs}' root=/dev/mmcblk0p2 rw rootfstype=ext3 rootwait '
U-Boot# 
- 14:44:51 [INFO] Host: printenv
- 14:44:51 [INFO] Target: 
printenv
arch=arm
autoload=no
baudrate=115200
board=am43xx
board_name=AM43EPOS
board_rev=1.1D
boot_targets=usb mmc0 nand 
bootargs=console=ttyO0,115200n8 earlyprintk rootwait ip=dhcp root=/dev/mmcblk0p2 rw rootfstype=ext3 rootwait
bootcmd=
bootcmd_mmc0=setenv devnum 0; setenv rootpart 2; run mmc_boot;
bootcmd_nand=run nandboot;
bootcmd_usb=setenv devnum 0; run usb_boot;
bootdelay=6
bootdir=/boot
bootenv=uEnv.txt
bootfile=zImage
bootpart=0:2
console=ttyO0,115200n8
cpu=armv7
dnsip=192.0.2.2
dnsip2=192.0.2.3
eth1addr=34:b1:f7:31:60:cb
ethact=cpsw
ethaddr=34:b1:f7:31:60:c9
fdt_high=0xa0000000
fdtaddr=0x80F80000
fdtfile=undefined
fileaddr=80f80000
filesize=729c
findfdt=if test $board_name = AM43EPOS; then setenv fdtfile am43x-epos-evm.dtb; fi; if test $board_name = AM43__GP; then setenv fdtfile am437x-gp-evm.dtb; fi; if test $fdtfile = undefined; then echo WARNING: Could not determine device tree; fi; 
gatewayip=192.168.0.1
importbootenv=echo Importing environment from mmc ...; env import -t $loadaddr $filesize
ipaddr=192.168.0.110
loadaddr=0x80200000
loadbootenv=load mmc ${mmcdev} ${loadaddr} ${bootenv}
loadfdt=load mmc ${bootpart} ${fdtaddr} ${bootdir}/${fdtfile}
loadimage=load mmc ${bootpart} ${loadaddr} ${bootdir}/${bootfile}
loadramdisk=load mmc ${mmcdev} ${rdaddr} ramdisk.gz
mmc_boot=setenv devtype mmc; if mmc dev ${devnum}; then run mmcargs;run scan_boot; run mmcboot;setenv mmcdev 1; setenv bootpart 1:2; run mmcboot;fi
mmcargs=setenv bootargs console=${console} ${optargs} root=${mmcroot} rootfstype=${mmcrootfstype}
mmcboot=mmc dev ${mmcdev}; if mmc rescan; then echo SD/MMC found on device ${mmcdev};if run loadbootenv; then echo Loaded environment from ${bootenv};run importbootenv;fi;if test -n $uenvcmd; then echo Running uenvcmd ...;run uenvcmd;fi;if run loadimage; then run loadfdt; echo Booting from mmc${mmcdev} ...; run mmcargs; bootz ${loadaddr} - ${fdtaddr}; fi;fi;
mmcdev=0
mmcroot=/dev/mmcblk0p2 rw
mmcrootfstype=ext4 rootwait
mtdids=nand0=nand.0
mtdparts=mtdparts=nand.0:256k(SPL),256k(SPL.backup1),256k(SPL.backup2),256k(SPL.backup3),1m(u-boot),512k(u-boot-spl-os),256k(u-boot-env),256k(u-boot-env.backup1),5m(kernel),-(rootfs)
nand_erasesize=40000
nand_oobsize=e0
nand_writesize=1000
nandargs=setenv bootargs console=${console} ${optargs} root=${nandroot} rootfstype=${nandrootfstype}
nandboot=echo Booting from nand ...; run nandargs; nand read ${fdtaddr} u-boot-spl-os; nand read ${loadaddr} kernel; bootz ${loadaddr} - ${fdtaddr}
nandroot=ubi0:rootfs rw ubi.mtd=9,2048
nandrootfstype=ubifs rootwait=1
netargs=setenv bootargs console=${console} ${optargs} root=/dev/nfs nfsroot=${serverip}:${rootpath},${nfsopts} rw ip=dhcp
netboot=echo Booting from network ...; setenv autoload no; dhcp; tftp ${loadaddr} ${bootfile}; tftp ${fdtaddr} ${fdtfile}; run netargs; bootz ${loadaddr} - ${fdtaddr}
netmask=255.255.255.0
nfsopts=nolock
ramargs=setenv bootargs console=${console} ${optargs} root=${ramroot} rootfstype=${ramrootfstype}
ramroot=/dev/ram0 rw ramdisk_size=65536 initrd=${rdaddr},64M
ramrootfstype=ext2
rdaddr=0x81000000
rootpart=2
rootpath=/export/rootfs
scan_boot=echo Scanning ${devtype} ${devnum}...; for prefix in ${bootdir}; do for script in ${bootfile}; do run script_boot; done; done;
script_boot=if load ${devtype} ${devnum}:${rootpart} ${loadaddr} ${bootdir}/${bootfile}; then run findfdt; load ${devtype} ${devnum}:${rootpart} ${fdtaddr} ${bootdir}/${fdtfile};fi;
serverip=192.168.0.1
soc=am33xx
static_ip=${ipaddr}:${serverip}:${gatewayip}:${netmask}:${hostname}::off
stderr=serial
stdin=serial
stdout=serial
usb_boot=setenv devtype usb; run usb_init; if usb dev 0; then run usbargs;run scan_boot; bootz ${loadaddr} - ${fdtaddr}; fi
usb_init=usb start 0;
vendor=ti
ver=U-Boot 2013.10-g562aa88 (Dec 18 2013 - 13:46:51)

Environment size: 3920/131067 bytes
U-Boot# 
- 14:44:51 [INFO] Host: setenv bootcmd ''${bootcmd}' if iminfo ${loadaddr}; then bootm ${loadaddr} - ${fdtaddr}; else bootz ${loadaddr} - ${fdtaddr}; bootm ${loadaddr} - ${fdtaddr}; fi'
- 14:44:52 [INFO] Target: 
setenv bootcmd ''${bootcmd}' if iminfo ${loadaddr}; then bootm ${loadaddr} - ${fdtaddr}; else bootz ${loadaddr} - ${fdtaddr}; bootm ${loadaddr} - ${fdtaddr}; fi'
U-Boot# 
- 14:44:52 [INFO] Host: bdinfo
- 14:44:52 [INFO] Target: 
bdinfo
arch_number = 0x6D535BDE
boot_params = 0x80000100
DRAM bank   = 0x00000000
-> start    = 0x80000000
-> size     = 0x40000000
eth0name    = cpsw
ethaddr     = 34:b1:f7:31:60:c9
current eth = cpsw
ip_addr     = 192.168.0.110
baudrate    = 115200 bps
TLB addr    = 0xBFFF0000
relocaddr   = 0xBFF43000
reloc off   = 0x3F743000
irq_sp      = 0xBFE22F38
sp start    = 0xBFE22F28
U-Boot# 
- 14:44:52 [INFO] Host: boot
- 14:45:17 [INFO] Target: 
boot

## Checking Image at 80200000 ...
Unknown image format!
Kernel image @ 0x80200000 [ 0x000000 - 0x476f90 ]
## Flattened Device Tree blob at 80f80000
   Booting using the fdt blob at 0x80f80000
   Loading Device Tree to 9fff5000, end 9ffff29b ... OK

Starting kernel ...

[    0.000000] Booting Linux on physical CPU 0x0
[    0.000000] Linux version 3.15.0-rc4-next-20140509-00002-g3420490 (nmenon@kahuna) (gcc version 4.6.3 (Ubuntu/Linaro 4.6.3-1ubuntu5) ) #1 SMP Fri May 9 05:45:47 CDT 2014
[    0.000000] CPU: ARMv7 Processor [412fc09a] revision 10 (ARMv7), cr=10c5387d
[    0.000000] CPU: PIPT / VIPT nonaliasing data cache, VIPT aliasing instruction cache
[    0.000000] Machine model: TI AM43x EPOS EVM
[    0.000000] cma: CMA: reserved 64 MiB at ab800000
[    0.000000] Memory policy: Data cache writeback
[    0.000000] CPU: All CPU(s) started in SVC mode.
[    0.000000] AM437x ES1.1 (sgx neon )
[    0.000000] PERCPU: Embedded 7 pages/cpu @eafb3000 s7744 r8192 d12736 u32768
[    0.000000] Built 1 zonelists in Zone order, mobility grouping on.  Total pages: 260624
[    0.000000] Kernel command line: console=ttyO0,115200n8 earlyprintk rootwait ip=dhcp root=/dev/mmcblk0p2 rw rootfstype=ext3 rootwait
[    0.000000] PID hash table entries: 4096 (order: 2, 16384 bytes)
[    0.000000] Dentry cache hash table entries: 131072 (order: 7, 524288 bytes)
[    0.000000] Inode-cache hash table entries: 65536 (order: 6, 262144 bytes)
[    0.000000] Memory: 963556K/1048576K available (6094K kernel code, 810K rwdata, 2412K rodata, 555K init, 289K bss, 85020K reserved, 270336K highmem)
[    0.000000] Virtual kernel memory layout:
[    0.000000]     vector  : 0xffff0000 - 0xffff1000   (   4 kB)
[    0.000000]     fixmap  : 0xffc00000 - 0xffe00000   (2048 kB)
[    0.000000]     vmalloc : 0xf0000000 - 0xff000000   ( 240 MB)
[    0.000000]     lowmem  : 0xc0000000 - 0xef800000   ( 760 MB)
[    0.000000]     pkmap   : 0xbfe00000 - 0xc0000000   (   2 MB)
[    0.000000]     modules : 0xbf000000 - 0xbfe00000   (  14 MB)
[    0.000000]       .text : 0xc0208000 - 0xc0a56c08   (8508 kB)
[    0.000000]       .init : 0xc0a57000 - 0xc0ae1e40   ( 556 kB)
[    0.000000]       .data : 0xc0ae2000 - 0xc0bac860   ( 811 kB)
[    0.000000]        .bss : 0xc0bac868 - 0xc0bf4ed8   ( 290 kB)
[    0.000000] SLUB: HWalign=64, Order=0-3, MinObjects=0, CPUs=1, Nodes=1
[    0.000000] Hierarchical RCU implementation.
[    0.000000] 	RCU restricting CPUs from NR_CPUS=4 to nr_cpu_ids=1.
[    0.000000] RCU: Adjusting geometry for rcu_fanout_leaf=16, nr_cpu_ids=1
[    0.000000] NR_IRQS:16 nr_irqs:16 16
[    0.000000] GIC CPU mask not found - kernel will fail to boot.
[    0.000000] GIC CPU mask not found - kernel will fail to boot.
[    0.000000] OMAP clockevent source: timer2 at 25000000 Hz
[    0.000026] sched_clock: 32 bits at 25MHz, resolution 40ns, wraps every 171798691800ns
[    0.000063] OMAP clocksource: timer1 at 25000000 Hz
[    0.000249] Console: colour dummy device 80x30
[    0.000304] Calibrating delay loop... 1196.85 BogoMIPS (lpj=5984256)
[    0.088991] pid_max: default: 32768 minimum: 301
[    0.089240] Mount-cache hash table entries: 2048 (order: 1, 8192 bytes)
[    0.089270] Mountpoint-cache hash table entries: 2048 (order: 1, 8192 bytes)
[    0.090200] CPU: Testing write buffer coherency: ok
[    0.090704] CPU0: thread -1, cpu 0, socket 0, mpidr 80000000
[    0.090841] Setting up static identity map for 0x807c2830 - 0x807c28c8
[    0.095133] Brought up 1 CPUs
[    0.095160] SMP: Total of 1 processors activated.
[    0.095172] CPU: All CPU(s) started in SVC mode.
[    0.096311] devtmpfs: initialized
[    0.108101] VFP support v0.3: implementor 41 architecture 3 part 30 variant 9 rev 4
[    0.122859] ------------[ cut here ]------------
[    0.122928] WARNING: CPU: 0 PID: 1 at arch/arm/mach-omap2/omap_hwmod.c:2538 _init+0x1c0/0x3d8()
[    0.122944] omap_hwmod: qspi: doesn't have mpu register target base
[    0.122953] Modules linked in:
[    0.122977] CPU: 0 PID: 1 Comm: swapper/0 Not tainted 3.15.0-rc4-next-20140509-00002-g3420490 #1
[    0.123053] [<c02152ec>] (unwind_backtrace) from [<c0210f90>] (show_stack+0x10/0x14)
[    0.123098] [<c0210f90>] (show_stack) from [<c07bdc70>] (dump_stack+0x70/0x8c)
[    0.123146] [<c07bdc70>] (dump_stack) from [<c0243374>] (warn_slowpath_common+0x64/0x84)
[    0.123178] [<c0243374>] (warn_slowpath_common) from [<c0243428>] (warn_slowpath_fmt+0x30/0x40)
[    0.123212] [<c0243428>] (warn_slowpath_fmt) from [<c0a70ee0>] (_init+0x1c0/0x3d8)
[    0.123258] [<c0a70ee0>] (_init) from [<c0227d7c>] (omap_hwmod_for_each+0x34/0x5c)
[    0.123288] [<c0227d7c>] (omap_hwmod_for_each) from [<c0a71568>] (__omap_hwmod_setup_all+0x24/0x40)
[    0.123319] [<c0a71568>] (__omap_hwmod_setup_all) from [<c0208bc4>] (do_one_initcall+0x80/0x1c4)
[    0.123353] [<c0208bc4>] (do_one_initcall) from [<c0a57d14>] (kernel_init_freeable+0x100/0x1cc)
[    0.123381] [<c0a57d14>] (kernel_init_freeable) from [<c07b95b0>] (kernel_init+0x8/0xe4)
[    0.123412] [<c07b95b0>] (kernel_init) from [<c020e678>] (ret_from_fork+0x14/0x3c)
[    0.123464] ---[ end trace ed13223be7374045 ]---
[    0.139528] omap_hwmod: tptc0 using broken dt data from edma
[    0.139828] omap_hwmod: tptc1 using broken dt data from edma
[    0.140096] omap_hwmod: tptc2 using broken dt data from edma
[    0.144060] ------------[ cut here ]------------
[    0.144119] WARNING: CPU: 0 PID: 1 at arch/arm/mach-omap2/omap_hwmod.c:2538 _init+0x1c0/0x3d8()
[    0.144135] omap_hwmod: usb_otg_ss0: doesn't have mpu register target base
[    0.144144] Modules linked in:
[    0.144169] CPU: 0 PID: 1 Comm: swapper/0 Tainted: G        W     3.15.0-rc4-next-20140509-00002-g3420490 #1
[    0.144239] [<c02152ec>] (unwind_backtrace) from [<c0210f90>] (show_stack+0x10/0x14)
[    0.144288] [<c0210f90>] (show_stack) from [<c07bdc70>] (dump_stack+0x70/0x8c)
[    0.144340] [<c07bdc70>] (dump_stack) from [<c0243374>] (warn_slowpath_common+0x64/0x84)
[    0.144372] [<c0243374>] (warn_slowpath_common) from [<c0243428>] (warn_slowpath_fmt+0x30/0x40)
[    0.144404] [<c0243428>] (warn_slowpath_fmt) from [<c0a70ee0>] (_init+0x1c0/0x3d8)
[    0.144446] [<c0a70ee0>] (_init) from [<c0227d7c>] (omap_hwmod_for_each+0x34/0x5c)
[    0.144478] [<c0227d7c>] (omap_hwmod_for_each) from [<c0a71568>] (__omap_hwmod_setup_all+0x24/0x40)
[    0.144504] [<c0a71568>] (__omap_hwmod_setup_all) from [<c0208bc4>] (do_one_initcall+0x80/0x1c4)
[    0.144538] [<c0208bc4>] (do_one_initcall) from [<c0a57d14>] (kernel_init_freeable+0x100/0x1cc)
[    0.144567] [<c0a57d14>] (kernel_init_freeable) from [<c07b95b0>] (kernel_init+0x8/0xe4)
[    0.144598] [<c07b95b0>] (kernel_init) from [<c020e678>] (ret_from_fork+0x14/0x3c)
[    0.144615] ---[ end trace ed13223be7374046 ]---
[    0.145199] ------------[ cut here ]------------
[    0.145251] WARNING: CPU: 0 PID: 1 at arch/arm/mach-omap2/omap_hwmod.c:2538 _init+0x1c0/0x3d8()
[    0.145263] omap_hwmod: usb_otg_ss1: doesn't have mpu register target base
[    0.145272] Modules linked in:
[    0.145291] CPU: 0 PID: 1 Comm: swapper/0 Tainted: G        W     3.15.0-rc4-next-20140509-00002-g3420490 #1
[    0.145358] [<c02152ec>] (unwind_backtrace) from [<c0210f90>] (show_stack+0x10/0x14)
[    0.145401] [<c0210f90>] (show_stack) from [<c07bdc70>] (dump_stack+0x70/0x8c)
[    0.145451] [<c07bdc70>] (dump_stack) from [<c0243374>] (warn_slowpath_common+0x64/0x84)
[    0.145482] [<c0243374>] (warn_slowpath_common) from [<c0243428>] (warn_slowpath_fmt+0x30/0x40)
[    0.145515] [<c0243428>] (warn_slowpath_fmt) from [<c0a70ee0>] (_init+0x1c0/0x3d8)
[    0.145561] [<c0a70ee0>] (_init) from [<c0227d7c>] (omap_hwmod_for_each+0x34/0x5c)
[    0.145593] [<c0227d7c>] (omap_hwmod_for_each) from [<c0a71568>] (__omap_hwmod_setup_all+0x24/0x40)
[    0.145621] [<c0a71568>] (__omap_hwmod_setup_all) from [<c0208bc4>] (do_one_initcall+0x80/0x1c4)
[    0.145654] [<c0208bc4>] (do_one_initcall) from [<c0a57d14>] (kernel_init_freeable+0x100/0x1cc)
[    0.145680] [<c0a57d14>] (kernel_init_freeable) from [<c07b95b0>] (kernel_init+0x8/0xe4)
[    0.145709] [<c07b95b0>] (kernel_init) from [<c020e678>] (ret_from_fork+0x14/0x3c)
[    0.145725] ---[ end trace ed13223be7374047 ]---
[    0.204004] pinctrl core: initialized pinctrl subsystem
[    0.204892] regulator-dummy: no parameters
[    0.224185] NET: Registered protocol family 16
[    0.227765] DMA: preallocated 256 KiB pool for atomic coherent allocations
[    0.230981] cpuidle: using governor ladder
[    0.231026] cpuidle: using governor menu
[    0.247919] platform 49000000.edma: alias fck already exists
[    0.247964] platform 49000000.edma: alias fck already exists
[    0.247987] platform 49000000.edma: alias fck already exists
[    0.250981] OMAP GPIO hardware version 0.1
[    0.260171] platform 53701000.des: Cannot lookup hwmod 'des'
[    0.261251] omap-gpmc 50000000.gpmc: could not find pctldev for node /pinmux@44e10800/nand_flash_x8, deferring probe
[    0.261298] platform 50000000.gpmc: Driver omap-gpmc requests probe deferral
[    0.263265] No ATAGs?
[    0.267333] Serial: AMBA PL011 UART driver
[    0.295360] edma-dma-engine edma-dma-engine.0: TI EDMA DMA engine driver
[    0.296515] vmmcsd_fixed: 3300 mV 
[    0.299722] vgaarb: loaded
[    0.300910] SCSI subsystem initialized
[    0.302038] usbcore: registered new interface driver usbfs
[    0.302185] usbcore: registered new interface driver hub
[    0.302534] usbcore: registered new device driver usb
[    0.303727] omap_i2c 44e0b000.i2c: could not find pctldev for node /pinmux@44e10800/pinmux_i2c0_pins, deferring probe
[    0.303770] platform 44e0b000.i2c: Driver omap_i2c requests probe deferral
[    0.303825] omap_i2c 4819c000.i2c: could not find pctldev for node /pinmux@44e10800/pinmux_i2c2_pins, deferring probe
[    0.303853] platform 4819c000.i2c: Driver omap_i2c requests probe deferral
[    0.304251] Linux video capture interface: v2.00
[    0.304379] pps_core: LinuxPPS API ver. 1 registered
[    0.304395] pps_core: Software ver. 5.3.6 - Copyright 2005-2007 Rodolfo Giometti <giometti@linux.it>
[    0.304452] PTP clock support registered
[    0.304619] EDAC MC: Ver: 3.0.0
[    0.306502] Advanced Linux Sound Architecture Driver Initialized.
[    0.308674] Switched to clocksource timer1
[    0.335853] NET: Registered protocol family 2
[    0.336838] TCP established hash table entries: 8192 (order: 3, 32768 bytes)
[    0.336965] TCP bind hash table entries: 8192 (order: 4, 65536 bytes)
[    0.337159] TCP: Hash tables configured (established 8192 bind 8192)
[    0.337284] TCP: reno registered
[    0.337318] UDP hash table entries: 512 (order: 2, 16384 bytes)
[    0.337390] UDP-Lite hash table entries: 512 (order: 2, 16384 bytes)
[    0.337777] NET: Registered protocol family 1
[    0.338410] RPC: Registered named UNIX socket transport module.
[    0.338439] RPC: Registered udp transport module.
[    0.338449] RPC: Registered tcp transport module.
[    0.338458] RPC: Registered tcp NFSv4.1 backchannel transport module.
[    0.341971] futex hash table entries: 256 (order: 2, 16384 bytes)
[    0.343485] bounce: pool size: 64 pages
[    0.357947] squashfs: version 4.0 (2009/01/31) Phillip Lougher
[    0.359497] NFS: Registering the id_resolver key type
[    0.359584] Key type id_resolver registered
[    0.359603] Key type id_legacy registered
[    0.359733] msgmni has been set to 1481
[    0.361247] Block layer SCSI generic (bsg) driver version 0.4 loaded (major 249)
[    0.361299] io scheduler noop registered
[    0.361325] io scheduler deadline registered
[    0.361641] io scheduler cfq registered (default)
[    0.363502] pinctrl-single 44e10800.pinmux: 199 pins at pa f9e10800 size 796
[    0.367658] backlight.3 supply power not found, using dummy regulator
[    0.367866] pwm-backlight backlight.3: unable to request PWM, trying legacy API
[    0.367896] pwm-backlight backlight.3: unable to request legacy PWM
[    0.368087] platform backlight.3: Driver pwm-backlight requests probe deferral
[    0.532421] Serial: 8250/16550 driver, 4 ports, IRQ sharing disabled
[    0.535587] Serial: IMX driver
[    0.536264] msm_serial: driver initialized
[    0.536984] omap_uart 44e09000.serial: no wakeirq for uart0
[    0.537029] omap_uart 44e09000.serial: No clock speed specified: using default: 48000000
[    0.537257] 44e09000.serial: ttyO0 at MMIO 0x44e09000 (irq = 104, base_baud = 3000000) is a OMAP UART0
[    1.670347] console [ttyO0] enabled
[    1.674916] STMicroelectronics ASC driver initialized
[    1.681766] serial: Freescale lpuart driver
[    1.686620] [drm] Initialized drm 1.1.0 20060810
[    1.701387] loop: module loaded
[    1.714724] pegasus: v0.9.3 (2013/04/25), Pegasus/Pegasus II USB Ethernet driver
[    1.722820] usbcore: registered new interface driver pegasus
[    1.729062] usbcore: registered new interface driver asix
[    1.734921] usbcore: registered new interface driver ax88179_178a
[    1.741588] usbcore: registered new interface driver cdc_ether
[    1.747920] usbcore: registered new interface driver smsc75xx
[    1.754258] usbcore: registered new interface driver smsc95xx
[    1.760611] usbcore: registered new interface driver net1080
[    1.766745] usbcore: registered new interface driver cdc_subset
[    1.773244] usbcore: registered new interface driver zaurus
[    1.779471] usbcore: registered new interface driver cdc_ncm
[    1.785537] ehci_hcd: USB 2.0 'Enhanced' Host Controller (EHCI) Driver
[    1.792546] ehci-pci: EHCI PCI platform driver
[    1.797415] ehci-platform: EHCI generic platform driver
[    1.803373] ehci-omap: OMAP-EHCI Host Controller driver
[    1.809275] ehci-orion: EHCI orion driver
[    1.813779] SPEAr-ehci: EHCI SPEAr driver
[    1.818266] tegra-ehci: Tegra EHCI driver
[    1.823832] usbcore: registered new interface driver usb-storage
[    1.833604] mousedev: PS/2 mouse device common for all mice
[    1.843967] i2c /dev entries driver
[    1.849285] usbcore: registered new interface driver uvcvideo
[    1.855390] USB Video Class driver (1.1.1)
[    1.859844] gspca_main: v2.14.0 registered
[    1.868015] sdhci: Secure Digital Host Controller Interface driver
[    1.874660] sdhci: Copyright(c) Pierre Ossman
[    1.919587] sdhci-pltfm: SDHCI platform and OF driver helper
[    1.926946] usbcore: registered new interface driver usbhid
[    1.932955] usbhid: USB HID core driver
[    1.945414] TCP: cubic registered
[    1.949096] NET: Registered protocol family 17
[    1.954324] Key type dns_resolver registered
[    1.960150] ThumbEE CPU extension supported.
[    1.964746] Registering SWP/SWPB emulation handler
[    1.972582] omap-gpmc 50000000.gpmc: GPMC revision 6.0
[    1.981161] at24 0-0050: 32768 byte 24c256 EEPROM, writable, 64 bytes/write
[    2.000809] omap_i2c 44e0b000.i2c: bus 0 rev0.12 at 100 kHz
[    2.011579] omap_i2c 4819c000.i2c: bus 2 rev0.12 at 100 kHz
[    2.018148] backlight.3 supply power not found, using dummy regulator
[    2.025338] pwm-backlight backlight.3: unable to request PWM, trying legacy API
[    2.033184] pwm-backlight backlight.3: unable to request legacy PWM
[    2.040006] platform backlight.3: Driver pwm-backlight requests probe deferral
[    2.072151] mmc0: host does not support reading read-only switch. assuming write-enable.
[    2.083464] mmc0: new high speed SDHC card at address 1234
[    2.090086] mmcblk0: mmc0:1234 SA04G 3.63 GiB 
[    2.097528]  mmcblk0: p1 p2 p3
[    2.103284] backlight.3 supply power not found, using dummy regulator
[    2.110485] pwm-backlight backlight.3: unable to request PWM, trying legacy API
[    2.118250] pwm-backlight backlight.3: unable to request legacy PWM
[    2.125103] platform backlight.3: Driver pwm-backlight requests probe deferral
[    2.133437] davinci_mdio 4a101000.mdio: davinci mdio revision 1.6
[    2.140011] davinci_mdio 4a101000.mdio: detected phy mask fffeffff
[    2.147696] libphy: 4a101000.mdio: probed
[    2.152090] davinci_mdio 4a101000.mdio: phy[16]: device 4a101000.mdio:10, driver unknown
[    2.160960] Detected MACID = 34:b1:f7:31:60:c9
[    2.167374] drivers/rtc/hctosys.c: unable to open rtc device (rtc0)
[    2.179108] net eth0: initializing cpsw version 1.15 (0)
[    2.186778] backlight.3 supply power not found, using dummy regulator
[    2.193947] pwm-backlight backlight.3: unable to request PWM, trying legacy API
[    2.201799] pwm-backlight backlight.3: unable to request legacy PWM
[    2.208591] platform backlight.3: Driver pwm-backlight requests probe deferral
[    2.259104] net eth0: phy found : id is : 0x20005c90
[    2.264395] cpsw 4a100000.ethernet: Phy mode driver DT not found
[    2.270846] libphy: PHY 4a101000.mdio:01 not found
[    2.275933] net eth0: phy 4a101000.mdio:01 not found on slave 1
[    4.259361] cpsw 4a100000.ethernet eth0: Link is Up - 100Mbps/Full - flow control rx/tx
[    4.278720] Sending DHCP requests ., OK
[    4.349181] IP-Config: Got DHCP answer from 192.168.0.1, my address is 192.168.0.110
[    4.357696] IP-Config: Complete:
[    4.361249]      device=eth0, hwaddr=34:b1:f7:31:60:c9, ipaddr=192.168.0.110, mask=255.255.255.0, gw=192.168.0.1
[    4.372089]      host=192.168.0.110, domain=ti.com, nis-domain=(none)
[    4.378966]      bootserver=192.168.0.1, rootserver=192.168.0.1, rootpath=
[    4.386064]      nameserver0=192.0.2.2, nameserver1=192.0.2.3
[    4.392673] ALSA device list:
[    4.395825]   No soundcards found.
[    4.402833] EXT4-fs (mmcblk0p2): mounting ext3 file system using the ext4 subsystem
[    4.435035] EXT4-fs (mmcblk0p2): mounted filesystem with ordered data mode. Opts: (null)
[    4.443774] VFS: Mounted root (ext3 filesystem) on device 179:2.
[    4.460446] devtmpfs: mounted
[    4.464222] Freeing unused kernel memory: 552K (c0a57000 - c0ae1000)

INIT: version 2.88 booting

Error opening /dev/fb0: No such file or directory
Starting udev
[    5.352553] udevd[76]: starting version 182
[   11.013045] EXT4-fs (mmcblk0p3): warning: mounting unchecked fs, running e2fsck is recommended
[   11.045550] FAT-fs (mmcblk0p1): codepage cp437 not found
[   11.066561] EXT4-fs (mmcblk0p3): mounted filesystem without journal. Opts: (null)
[   11.376758] FAT-fs (mmcblk0p1): codepage cp437 not found
[   12.096570] random: nonblocking pool is initialized
[   12.117815] FAT-fs (mmcblk0p1): codepage cp437 not found
[   12.176269] FAT-fs (mmcblk0p1): codepage cp437 not found
Starting Bootlog daemon: bootlogd.

[   12.445897] EXT4-fs (mmcblk0p2): re-mounted. Opts: data=ordered
ALSA: Restoring mixer settings...

/usr/sbin/alsactl: load_state:1696: No soundcards found...

Configuring network interfaces... udhcpc (v1.20.2) started

Sending discover...

Sending select for 192.168.0.184...

Lease of 192.168.0.184 obtained, lease time 7200

/etc/udhcpc.d/50default: Adding DNS 192.0.2.2

/etc/udhcpc.d/50default: Adding DNS 192.0.2.3

done.

hwclock: can't open '/dev/misc/rtc': No such file or directory

Tue Dec 24 06:05:00 UTC 2013

hwclock: can't open '/dev/misc/rtc': No such file or directory


INIT: Entering runlevel: 5


Starting system message bus: dbus.

Starting Dropbear SSH server: dropbear.

Starting telnet daemon.

hwclock: can't open '/dev/misc/rtc': No such file or directory

Starting syslogd/klogd: done

Starting thttpd.

Starting Lighttpd Web Server: lighttpd.

2013-12-24 06:05:00: (log.c.166) server started 

/etc/rc5.d/S96am335x-pm-firmware-load: line 4: /sys/devices/44000000.ocp/44d00000.wkup_m3/firmware/am335x-pm-firmware.bin/loading: No such file or directory

/etc/rc5.d/S96am335x-pm-firmware-load: line 5: /sys/devices/44000000.ocp/44d00000.wkup_m3/firmware/am335x-pm-firmware.bin/data: No such file or directory

/etc/rc5.d/S96am335x-pm-firmware-load: line 6: /sys/devices/44000000.ocp/44d00000.wkup_m3/firmware/am335x-pm-firmware.bin/loading: No such file or directory

/

Starting Matrix GUI application.

***************************************************************

***************************************************************

NOTICE: This file system contains the followin GPLv3 packages:

	binutils-symlinks

	binutils

	gdbserver



If you do not wish to distribute GPLv3 components please remove

the above packages prior to distribution.  This can be done using

the opkg remove command.  i.e.:

    opkg remove <package>

Where <package> is the name printed in the list above



NOTE: If the package is a dependency of another package you

      will be notified of the dependent packages.  You should

      use the --force-removal-of-dependent-packages option to

      also remove the dependent packages as well

***************************************************************

***************************************************************

Stopping Bootlog daemon: bootlogd.

 _____                    _____           _         _   
|  _  |___ ___ ___ ___   |  _  |___ ___  |_|___ ___| |_ 
|     |  _| .'| . | . |  |   __|  _| . | | | -_|  _|  _|
|__|__|_| |__,|_  |___|  |__|  |_| |___|_| |___|___|_|  
              |___|                    |___|            

Arago Project http://arago-project.org am437x-evm ttyO0

Arago 2013.12 am437x-evm ttyO0

am437x-evm login: 
- 14:45:17 [INFO] Host: root
- 14:45:17 [INFO] Target: 
root
root@am437x-evm:~# 
- 14:45:17 [INFO] Host: uname -a
- 14:45:18 [INFO] Target: 
uname -a
Linux am437x-evm 3.15.0-rc4-next-20140509-00002-g3420490 #1 SMP Fri May 9 05:45:47 CDT 2014 armv7l GNU/Linux
root@am437x-evm:~# 
- 14:45:18 [INFO] Host: cat /proc/cmdline
- 14:45:18 [INFO] Target: 
cat /proc/cmdline
console=ttyO0,115200n8 earlyprintk rootwait ip=dhcp root=/dev/mmcblk0p2 rw rootfstype=ext3 rootwait
root@am437x-evm:~# 
- 14:45:18 [INFO] Host: uname -a
- 14:45:19 [INFO] Target: 
uname -a
Linux am437x-evm 3.15.0-rc4-next-20140509-00002-g3420490 #1 SMP Fri May 9 05:45:47 CDT 2014 armv7l GNU/Linux
root@am437x-evm:~# 
- 14:45:19 [INFO] Host: cat /proc/mtd
- 14:45:19 [INFO] Target: 
cat /proc/mtd
dev:    size   erasesize  name
root@am437x-evm:~# 
- 14:45:27 [INFO] Host: export IPERFHOST=192.168.0.1
- 14:45:27 [INFO] Target: 
export IPERFHOST=192.168.0.1
root@am437x-evm:~# 
- 14:45:27 [INFO] Host: export NFS_SERVER=192.168.0.1
- 14:45:28 [INFO] Target: 
export NFS_SERVER=192.168.0.1
root@am437x-evm:~# 
- 14:45:28 [INFO] Host: export NFS_ROOT_PATH=/home/tigtfarm02/NFS_exports/am43xx-epos
- 14:45:28 [INFO] Target: 
export NFS_ROOT_PATH=/home/tigtfarm02/NFS_exports/am43xx-epos 
[Aroot@am437x-evm:~# export NFS_ROOT_PATH=/home/tigtfarm02/NFS_exports/am43xx-epo[Ks
root@am437x-evm:~# 
- 14:45:28 [INFO] Host: mkdir -p -m 777 /test
- 14:45:29 [INFO] Target: 
mkdir -p -m 777 /test
root@am437x-evm:~# 
- 14:45:29 [INFO] Host: cd /test
- 14:45:29 [INFO] Target: 
cd /test
root@am437x-evm:/test# 
- 14:45:29 [INFO] Host: cat > test.sh << EOF
- 14:45:30 [INFO] Target: 
cat > test.sh << EOF
> 
- 14:45:30 [INFO] Host: failtest() {

- 14:45:30 [INFO] Target: 
failtest() {
> 
- 14:45:30 [INFO] Host:   echo 1 >&3

- 14:45:31 [INFO] Target: 
  echo 1 >&3
> 
- 14:45:31 [INFO] Host: }

- 14:45:31 [INFO] Target: 
}
> 
- 14:45:31 [INFO] Host: script=anonymous:anonymous@gtautoftp.gt.design.ti.com/anonymous/opentest/target-test-basic.sh_md5_5d260c597a39e144f6dea1bc54ee8584

- 14:45:41 [ERROR] On command: script=anonymous:anonymous@gtautoftp.gt.design.ti.com/anonymous/opentest/target-test-basic.sh_md5_5d260c597a39e144f6dea1bc54ee8584
 waiting for (?-mix:.*) >>> error: execution expired
- 14:45:41 [INFO] Target: 
script=anonymous:anonymous@gtautoftp.gt.design.ti.com/anonymous/opentest/targe 
t-test-basic.sh_md5_5d260c597a39e144f6dea1bc54ee8584
> 
- 14:45:41 [INFO] Host: timeout=600

- 14:45:42 [INFO] Target: 
timeout=600
> 
- 14:45:42 [INFO] Host: 

- 14:45:42 [INFO] Target: 

> 
- 14:45:42 [INFO] Host: # Start of user's script logic

- 14:45:43 [INFO] Target: 
# Start of user's script logic
> 
- 14:45:43 [INFO] Host: 

- 14:45:43 [INFO] Target: 

> 
- 14:45:43 [INFO] Host: 

- 14:45:44 [INFO] Target: 

> 
- 14:45:44 [INFO] Host: mount -t proc proc /proc 2>/dev/null;

- 14:45:44 [INFO] Target: 
mount -t proc proc /proc 2>/dev/null;
> 
- 14:45:44 [INFO] Host: 

- 14:45:45 [INFO] Target: 

> 
- 14:45:45 [INFO] Host: mount -t sysfs sys /sys 2>/dev/null;

- 14:45:45 [INFO] Target: 
mount -t sysfs sys /sys 2>/dev/null;
> 
- 14:45:45 [INFO] Host: 

- 14:45:46 [INFO] Target: 

> 
- 14:45:46 [INFO] Host: mount -t debugfs none /sys/kernel/debug 2>/dev/null;

- 14:45:46 [INFO] Target: 
mount -t debugfs none /sys/kernel/debug 2>/dev/null;
> 
- 14:45:46 [INFO] Host: 

- 14:45:47 [INFO] Target: 

> 
- 14:45:47 [INFO] Host: echo 'cpuinfo:';cat /proc/cpuinfo; echo '=======';

- 14:45:47 [INFO] Target: 
echo 'cpuinfo:';cat /proc/cpuinfo; echo '=======';
> 
- 14:45:47 [INFO] Host: 

- 14:45:48 [INFO] Target: 

> 
- 14:45:48 [INFO] Host: echo 'soc info:';head /sys/devices/soc0/* 2>/dev/null; echo '=======';

- 14:45:48 [INFO] Target: 
echo 'soc info:';head /sys/devices/soc0/* 2>/dev/null; echo '=======';
> 
- 14:45:48 [INFO] Host: 

- 14:45:49 [INFO] Target: 

> 
- 14:45:49 [INFO] Host: echo 'interrupts:';cat /proc/interrupts; echo '=======';

- 14:45:49 [INFO] Target: 
echo 'interrupts:';cat /proc/interrupts; echo '=======';
> 
- 14:45:49 [INFO] Host: 

- 14:45:50 [INFO] Target: 

> 
- 14:45:50 [INFO] Host: echo 'Clk_summary:';cat /sys/kernel/debug/clk/clk_summary; echo '=======';

- 14:45:50 [INFO] Target: 
echo 'Clk_summary:';cat /sys/kernel/debug/clk/clk_summary; echo '=======';
> 
- 14:45:50 [INFO] Host: 

- 14:45:51 [INFO] Target: 

> 
- 14:45:51 [INFO] Host: echo 'Orphan Clks:';ls /sys/kernel/debug/clk/orphans/; echo '=======';

- 14:45:51 [INFO] Target: 
echo 'Orphan Clks:';ls /sys/kernel/debug/clk/orphans/; echo '=======';
> 
- 14:45:51 [INFO] Host: 

- 14:45:52 [INFO] Target: 

> 
- 14:45:52 [INFO] Host: echo 'H''ello World' 'B''oard Booted';

- 14:45:52 [INFO] Target: 
echo 'H''ello World' 'B''oard Booted';
> 
- 14:45:52 [INFO] Host: 

- 14:45:53 [INFO] Target: 

> 
- 14:45:53 [INFO] Host: EOF
- 14:45:53 [INFO] Target: 
EOF
root@am437x-evm:/test# 
- 14:45:53 [INFO] Host: cd /test
- 14:45:54 [INFO] Target: 
cd /test
root@am437x-evm:/test# 
- 14:45:54 [INFO] Host: chmod +x test.sh
- 14:45:54 [INFO] Target: 
chmod +x test.sh
root@am437x-evm:/test# 
- 14:45:54 [INFO] Host: ./test.sh 2> stderr.log > stdout.log 3> result.log
- 14:45:55 [INFO] Target: 
./test.sh 2> stderr.log > stdout.log 3> result.log
root@am437x-evm:/test# 
- 14:45:55 [INFO] Host: echo $?
- 14:45:55 [INFO] Target: 
echo $?
0
root@am437x-evm:/test# 
- 14:45:55 [INFO] Host: cd /test
- 14:45:56 [INFO] Target: 
cd /test
root@am437x-evm:/test# 
- 14:45:56 [INFO] Host: cat stdout.log
- 14:45:57 [INFO] Target: 
cat stdout.log
cpuinfo:
processor	: 0
model name	: ARMv7 Processor rev 10 (v7l)
Features	: swp half thumb fastmult vfp edsp thumbee neon vfpv3 tls vfpd32 
CPU implementer	: 0x41
CPU architecture: 7
CPU variant	: 0x2
CPU part	: 0xc09
CPU revision	: 10

Hardware	: Generic AM43 (Flattened Device Tree)
Revision	: 0000
Serial		: 0000000000000000
=======
soc info:
==> /sys/devices/soc0/family <==
AM43xx

==> /sys/devices/soc0/machine <==
AM437x

==> /sys/devices/soc0/power <==

==> /sys/devices/soc0/revision <==
ES1.1

==> /sys/devices/soc0/subsystem <==

==> /sys/devices/soc0/type <==
GP

==> /sys/devices/soc0/uevent <==
=======
interrupts:
           CPU0       
 44:       1806       GIC  44  edma
 46:         22       GIC  46  edma_error
 62:         30       GIC  62  4819c000.i2c
 72:          0       GIC  72  4a100000.ethernet
 73:         44       GIC  73  4a100000.ethernet
 74:         16       GIC  74  4a100000.ethernet
 75:          0       GIC  75  4a100000.ethernet
 96:       5412       GIC  96  mmc0
100:       3730       GIC 100  gp_timer
102:         41       GIC 102  44e0b000.i2c
104:       3956       GIC 104  OMAP UART0
132:          0       GIC 132  gpmc
262:          0      GPIO   6  mmc0
IPI0:          0  CPU wakeup interrupts
IPI1:          0  Timer broadcast interrupts
IPI2:          0  Rescheduling interrupts
IPI3:          0  Function call interrupts
IPI4:          0  Single function call interrupts
IPI5:          0  CPU stop interrupts
IPI6:          0  IRQ work interrupts
IPI7:          0  completion interrupts
Err:          0
=======
Clk_summary:
   clock                        enable_cnt  prepare_cnt  rate        accuracy
---------------------------------------------------------------------------------
 clk_32k_mosc_ck                0           0            32768      0          
 clk_32k_tpm_ck                 0           0            32768      0          
 tclkin_ck                      0           0            26000000   0          
 virt_26000000_ck               0           0            26000000   0          
 virt_25000000_ck               1           1            25000000   0          
    sys_clkin_ck                20          36           25000000   0          
       dpll_extdev_ck           0           0            25000000   0          
          dpll_extdev_m2_ck     0           0            25000000   0          
       dpll_per_ck              1           1            960000000  0          
          dpll_per_m2_ck        1           4            192000000  0          
             func_12m_clk       0           0            12000000   0          
             mmc_clk            0           3            96000000   0          
             clk_24mhz          0           1            24000000   0          
                clkdiv32k_ck    0           1            32786      0          
                   clkdiv32k_ick 0           5            32786      0          
                      gpio5_dbclk 0           1            32786      0          
                      gpio4_dbclk 0           1            32786      0          
                      gpio3_dbclk 0           1            32786      0          
                      gpio2_dbclk 0           1            32786      0          
                      gpio1_dbclk 0           1            32786      0          
             dpll_per_m2_div4_ck 0           12           48000000   0          
             dpll_per_m2_div4_wkupdm_ck 1           2            48000000   0          
          dpll_per_clkdcoldo    0           0            960000000  0          
       dpll_disp_ck             0           0            25000000   0          
          dpll_disp_m2_ck       0           0            25000000   0          
             disp_clk           0           0            25000000   0          
       dpll_ddr_ck              0           0            266000000  0          
          dpll_ddr_m2_ck        0           0            266000000  0          
          dpll_ddr_x2_ck        0           0            532000000  0          
             dpll_ddr_m4_ck     0           0            532000000  0          
       dpll_mpu_ck              1           1            600000000  0          
          dpll_mpu_m2_ck        3           3            600000000  0          
       dpll_core_ck             1           1            1000000000 0          
          dpll_core_x2_ck       2           2            2000000000 0          
             dpll_core_m6_ck    0           0            500000000  0          
             dpll_core_m5_ck    1           1            250000000  0          
                cpsw_cpts_rft_clk 0           0            250000000  0          
                cpsw_50m_clkdiv 0           0            250000000  0          
                   cpsw_5m_clkdiv 0           0            25000000   0          
                cpsw_125mhz_gclk 3           3            125000000  0          
             dpll_core_m4_ck    6           6            200000000  0          
                l4hs_gclk       1           1            200000000  0          
                l3_gclk         12          13           200000000  0          
                sysclk_div      1           3            200000000  0          
                   div_core_25m_ck 0           0            25000000   0          
                   gfx_fclk_clksel_ck 0           1            200000000  0          
                      gfx_fck_div_ck 0           1            200000000  0          
                   dpll_core_m4_div2_ck 2           2            100000000  0          
                      l4ls_gclk 57          85           100000000  0          
                      l3s_gclk  9           9            100000000  0          
                   pruss_ocp_gclk 0           1            200000000  0          
       aes0_fck                 1           2            25000000   0          
       sha0_fck                 1           1            25000000   0          
       smartreflex1_fck         0           1            25000000   0          
       smartreflex0_fck         0           1            25000000   0          
       mcasp1_fck               0           1            25000000   0          
       mcasp0_fck               0           1            25000000   0          
       dcan1_fck                0           1            25000000   0          
       dcan0_fck                0           1            25000000   0          
       adc_tsc_fck              0           0            25000000   0          
       timer1_fck               1           1            25000000   0          
       timer2_fck               1           1            25000000   0          
       timer3_fck               0           1            25000000   0          
       timer4_fck               0           1            25000000   0          
       timer5_fck               0           1            25000000   0          
       timer6_fck               0           1            25000000   0          
       timer7_fck               0           1            25000000   0          
       timer8_fck               0           1            25000000   0          
       timer9_fck               0           1            25000000   0          
       timer10_fck              0           1            25000000   0          
       timer11_fck              0           1            25000000   0          
       dll_aging_clk_div        0           0            3125000    0          
       vtp_clk_div              0           0            12500000   0          
 virt_24000000_ck               0           0            24000000   0          
 virt_19200000_ck               0           0            19200000   0          
 clk_rc32k_ck                   0           2            32768      0          
    gpio0_dbclk_mux_ck          0           1            32768      0          
       gpio0_dbclk              0           1            32768      0          
    wdt1_fck                    0           1            32768      0          
 clk_32768_ck                   0           1            32768      0          
    usbphy_32khz_clkmux         0           0            32768      0          
    mux_synctimer32k_ck         0           1            32768      0          
       synctimer_32kclk         0           1            32768      0          
=======
Orphan Clks:
=======
Hello World Board Booted
root@am437x-evm:/test# 
- 14:45:57 [INFO] Host: cat stderr.log
- 14:45:57 [INFO] Target: 
cat stderr.log
root@am437x-evm:/test# 
- 14:45:57 [INFO] Host: cat result.log
- 14:45:59 [ERROR] On command: cat result.log waiting for (?m-ix:^1[\0\n\r]+) >>> error: execution expired
- 14:45:59 [INFO] Target: 
cat result.log
root@am437x-evm:/test# 
- 14:45:59 [INFO] Host: cd /test
- 14:46:00 [INFO] Target: 
cd /test
root@am437x-evm:/test# 
