- 06:54:58 [INFO] Starting target session
- 06:54:58 [INFO] Connected to am43xx-gpevm via serial 
- 06:54:58 [INFO] Host: #check prompt
- 06:55:01 [ERROR] On command: #check prompt waiting for #check prompt.+?(?-mix:((?m-ix:.*login:)|[Pp]assword)) >>> error: execution expired
- 06:55:01 [INFO] Target: 
#check prompt
U-Boot# 
- 06:55:01 [INFO] Host: #check prompt
- 06:55:03 [ERROR] On command: #check prompt waiting for #check prompt.+?(?-mix:root@.+[@:#]+) >>> error: execution expired
- 06:55:03 [INFO] Target: 
#check prompt
U-Boot# 
- 06:55:03 [INFO] Disconnected serial from am43xx-gpevm
- 06:55:04 [INFO] Connected to am43xx-gpevm via serial 
- 06:55:04 [INFO] Host: 
- 06:55:06 [INFO] Target: 
U-Boot SPL 2014.07-g8f725ef (Oct 12 2014 - 06:29:01)
SPL: Please implement spl_start_uboot() for your board
SPL: Direct Linux boot not active!
reading u-boot.img
reading u-boot.img
U-Boot 2014.07-g8f725ef (Oct 12 2014 - 06:29:01)
I2C:   ready
DRAM:  1 GiB
NAND:  512 MiB
MMC:   OMAP SD/MMC: 0, OMAP SD/MMC: 1
Using default environment
Net:   <ethaddr> not set. Validating first E-fuse MAC
cpsw
Hit any key to stop autoboot:  1  0 
U-Boot# 
U-Boot# 
U-Boot# 
U-Boot# 
U-Boot# 
U-Boot# 
- 06:55:06 [INFO] Host: 
- 06:55:06 [INFO] Target: 
U-Boot# 
- 06:55:06 [INFO] Host: version
- 06:55:06 [INFO] Target: 
U-Boot# version
U-Boot 2014.07-g8f725ef (Oct 12 2014 - 06:29:01)
arm-linux-gnueabihf-gcc (crosstool-NG linaro-1.13.1-4.7-2013.03-20130313 - Linaro GCC 2013.03) 4.7.3 20130226 (prerelease)
GNU ld (crosstool-NG linaro-1.13.1-4.7-2013.03-20130313 - Linaro GCC 2013.03) 2.23.1
U-Boot# 
- 06:55:06 [INFO] Host: setenv bootargs 'console=ttyO0,115200n8 earlyprintk rootwait '
- 06:55:06 [INFO] Target: 
setenv bootargs 'console=ttyO0,115200n8 earlyprintk rootwait '
U-Boot# 
- 06:55:06 [INFO] Host: setenv bootcmd  ''
- 06:55:06 [INFO] Target: 
setenv bootcmd  ''
U-Boot# 
- 06:55:06 [INFO] Host: setenv autoload 'no'
- 06:55:06 [INFO] Target: 
setenv autoload 'no'
U-Boot# 
- 06:55:06 [INFO] Host: setenv serverip '192.168.0.1'
- 06:55:07 [INFO] Target: 
setenv serverip '192.168.0.1'
U-Boot# 
- 06:55:07 [INFO] Host: setenv mmcdev ' '
- 06:55:07 [INFO] Target: 
setenv mmcdev ' '
U-Boot# 
- 06:55:07 [INFO] Host: printenv
- 06:55:07 [INFO] Target: 
printenv
arch=arm
autoload=no
baudrate=115200
board=am43xx
board_name=AM43__GP
board_rev=1.2A
bootargs=console=ttyO0,115200n8 earlyprintk rootwait 
bootcmd=
bootdelay=1
bootdir=/boot
bootenv=uEnv.txt
bootfile=zImage
bootm_size=0x10000000
bootpart=0:2
console=ttyO0,115200n8
cpu=armv7
dfu_alt_info_emmc=MLO raw 0x100 0x100 mmcpart 0;u-boot.img raw 0x300 0x1000 mmcpart 0
dfu_alt_info_mmc=boot part 0 1;rootfs part 0 2;MLO fat 0 1;spl-os-args fat 0 1;spl-os-image fat 0 1;u-boot.img fat 0 1;uEnv.txt fat 0 1
dfu_alt_info_ram=kernel ram 0x80200000 0x4000000;fdt ram 0x80f80000 0x80000;ramdisk ram 0x81000000 0x4000000
dfu_bufsiz=0x10000
eth1addr=34:b1:f7:31:60:9b
ethact=cpsw
ethaddr=34:b1:f7:31:60:99
fdt_addr_r=0x88000000
fdtaddr=0x88000000
fdtfile=undefined
findfdt=if test $board_name = AM43EPOS; then setenv fdtfile am43x-epos-evm.dtb; fi; if test $board_name = AM43__GP; then setenv fdtfile am437x-gp-evm.dtb; fi; if test $board_name = AM43__SK; then setenv fdtfile am437x-sk-evm.dtb; fi; if test $fdtfile = undefined; then echo WARNING: Could not determine device tree; fi; 
importbootenv=echo Importing environment from mmc ...; env import -t $loadaddr $filesize
kernel_addr_r=0x82000000
loadaddr=0x82000000
loadbootenv=load ${devtype} ${devnum} ${loadaddr} ${bootenv}
loadfdt=load ${devtype} ${bootpart} ${fdtaddr} ${bootdir}/${fdtfile}
loadimage=load ${devtype} ${bootpart} ${loadaddr} ${bootdir}/${bootfile}
loadramdisk=load ${devtype} ${devnum} ${rdaddr} ramdisk.gz
mmcargs=setenv bootargs console=${console} ${optargs} root=${mmcroot} rootfstype=${mmcrootfstype}
mmcboot=mmc dev ${mmcdev}; setenv devnum ${mmcdev}; setenv devtype mmc; if mmc rescan; then echo SD/MMC found on device ${devnum};if run loadbootenv; then echo Loaded environment from ${bootenv};run importbootenv;fi;if test -n $uenvcmd; then echo Running uenvcmd ...;run uenvcmd;fi;if run loadimage; then run loadfdt; echo Booting from mmc${mmcdev} ...; run mmcargs; bootz ${loadaddr} - ${fdtaddr}; fi;fi;
mmcdev= 
mmcroot=/dev/mmcblk0p2 rw
mmcrootfstype=ext4 rootwait
mtdids=nand0=nand.0
mtdparts=mtdparts=nand.0:256k(NAND.SPL),256k(NAND.SPL.backup1),256k(NAND.SPL.backup2),256k(NAND.SPL.backup3),512k(NAND.u-boot-spl-os),1m(NAND.u-boot),256k(NAND.u-boot-env),256k(NAND.u-boot-env.backup1),7m(NAND.kernel),-(NAND.file-system)
nandargs=setenv bootargs console=${console} ${optargs} root=${nandroot} rootfstype=${nandrootfstype}
nandboot=echo Booting from nand ...; run nandargs; nand read ${fdtaddr} NAND.u-boot-spl-os; nand read ${loadaddr} NAND.kernel; bootz ${loadaddr} - ${fdtaddr}
nandroot=ubi0:rootfs rw ubi.mtd=NAND.file-system,4096
nandrootfstype=ubifs rootwait=1
partitions=uuid_disk=${uuid_gpt_disk};name=rootfs,start=2MiB,size=-,uuid=${uuid_gpt_rootfs}
ramargs=setenv bootargs console=${console} ${optargs} root=${ramroot} rootfstype=${ramrootfstype}
ramdisk_addr_r=0x88080000
ramroot=/dev/ram0 rw
ramrootfstype=ext2
rdaddr=0x88080000
serverip=192.168.0.1
soc=am33xx
stderr=serial
stdin=serial
stdout=serial
usbargs=setenv bootargs console=${console} ${optargs} root=${usbroot} rootfstype=${usbrootfstype}
usbboot=setenv devnum ${usbdev}; setenv devtype usb; usb start ${usbdev}; if usb dev ${usbdev}; then if run loadbootenv; then echo Loaded environment from ${bootenv};run importbootenv;fi;if test -n $uenvcmd; then echo Running uenvcmd ...;run uenvcmd;fi;if run loadimage; then run loadfdt; echo Booting from usb ${usbdev}...; run usbargs;bootz ${loadaddr} - ${fdtaddr}; fi;fi
usbdev=0
usbroot=/dev/sda2 rw
usbrootfstype=ext4 rootwait
vendor=ti
ver=U-Boot 2014.07-g8f725ef (Oct 12 2014 - 06:29:01)
Environment size: 3704/65532 bytes
U-Boot# 
- 06:55:07 [INFO] Host: printenv
- 06:55:07 [INFO] Target: 
printenv
arch=arm
autoload=no
baudrate=115200
board=am43xx
board_name=AM43__GP
board_rev=1.2A
bootargs=console=ttyO0,115200n8 earlyprintk rootwait 
bootcmd=
bootdelay=1
bootdir=/boot
bootenv=uEnv.txt
bootfile=zImage
bootm_size=0x10000000
bootpart=0:2
console=ttyO0,115200n8
cpu=armv7
dfu_alt_info_emmc=MLO raw 0x100 0x100 mmcpart 0;u-boot.img raw 0x300 0x1000 mmcpart 0
dfu_alt_info_mmc=boot part 0 1;rootfs part 0 2;MLO fat 0 1;spl-os-args fat 0 1;spl-os-image fat 0 1;u-boot.img fat 0 1;uEnv.txt fat 0 1
dfu_alt_info_ram=kernel ram 0x80200000 0x4000000;fdt ram 0x80f80000 0x80000;ramdisk ram 0x81000000 0x4000000
dfu_bufsiz=0x10000
eth1addr=34:b1:f7:31:60:9b
ethact=cpsw
ethaddr=34:b1:f7:31:60:99
fdt_addr_r=0x88000000
fdtaddr=0x88000000
fdtfile=undefined
findfdt=if test $board_name = AM43EPOS; then setenv fdtfile am43x-epos-evm.dtb; fi; if test $board_name = AM43__GP; then setenv fdtfile am437x-gp-evm.dtb; fi; if test $board_name = AM43__SK; then setenv fdtfile am437x-sk-evm.dtb; fi; if test $fdtfile = undefined; then echo WARNING: Could not determine device tree; fi; 
importbootenv=echo Importing environment from mmc ...; env import -t $loadaddr $filesize
kernel_addr_r=0x82000000
loadaddr=0x82000000
loadbootenv=load ${devtype} ${devnum} ${loadaddr} ${bootenv}
loadfdt=load ${devtype} ${bootpart} ${fdtaddr} ${bootdir}/${fdtfile}
loadimage=load ${devtype} ${bootpart} ${loadaddr} ${bootdir}/${bootfile}
loadramdisk=load ${devtype} ${devnum} ${rdaddr} ramdisk.gz
mmcargs=setenv bootargs console=${console} ${optargs} root=${mmcroot} rootfstype=${mmcrootfstype}
mmcboot=mmc dev ${mmcdev}; setenv devnum ${mmcdev}; setenv devtype mmc; if mmc rescan; then echo SD/MMC found on device ${devnum};if run loadbootenv; then echo Loaded environment from ${bootenv};run importbootenv;fi;if test -n $uenvcmd; then echo Running uenvcmd ...;run uenvcmd;fi;if run loadimage; then run loadfdt; echo Booting from mmc${mmcdev} ...; run mmcargs; bootz ${loadaddr} - ${fdtaddr}; fi;fi;
mmcdev= 
mmcroot=/dev/mmcblk0p2 rw
mmcrootfstype=ext4 rootwait
mtdids=nand0=nand.0
mtdparts=mtdparts=nand.0:256k(NAND.SPL),256k(NAND.SPL.backup1),256k(NAND.SPL.backup2),256k(NAND.SPL.backup3),512k(NAND.u-boot-spl-os),1m(NAND.u-boot),256k(NAND.u-boot-env),256k(NAND.u-boot-env.backup1),7m(NAND.kernel),-(NAND.file-system)
nandargs=setenv bootargs console=${console} ${optargs} root=${nandroot} rootfstype=${nandrootfstype}
nandboot=echo Booting from nand ...; run nandargs; nand read ${fdtaddr} NAND.u-boot-spl-os; nand read ${loadaddr} NAND.kernel; bootz ${loadaddr} - ${fdtaddr}
nandroot=ubi0:rootfs rw ubi.mtd=NAND.file-system,4096
nandrootfstype=ubifs rootwait=1
partitions=uuid_disk=${uuid_gpt_disk};name=rootfs,start=2MiB,size=-,uuid=${uuid_gpt_rootfs}
ramargs=setenv bootargs console=${console} ${optargs} root=${ramroot} rootfstype=${ramrootfstype}
ramdisk_addr_r=0x88080000
ramroot=/dev/ram0 rw
ramrootfstype=ext2
rdaddr=0x88080000
serverip=192.168.0.1
soc=am33xx
stderr=serial
stdin=serial
stdout=serial
usbargs=setenv bootargs console=${console} ${optargs} root=${usbroot} rootfstype=${usbrootfstype}
usbboot=setenv devnum ${usbdev}; setenv devtype usb; usb start ${usbdev}; if usb dev ${usbdev}; then if run loadbootenv; then echo Loaded environment from ${bootenv};run importbootenv;fi;if test -n $uenvcmd; then echo Running uenvcmd ...;run uenvcmd;fi;if run loadimage; then run loadfdt; echo Booting from usb ${usbdev}...; run usbargs;bootz ${loadaddr} - ${fdtaddr}; fi;fi
usbdev=0
usbroot=/dev/sda2 rw
usbrootfstype=ext4 rootwait
vendor=ti
ver=U-Boot 2014.07-g8f725ef (Oct 12 2014 - 06:29:01)
Environment size: 3704/65532 bytes
U-Boot# 
- 06:55:07 [INFO] Host: setenv bootargs ''${bootargs}' ip=dhcp '
- 06:55:08 [INFO] Target: 
setenv bootargs ''${bootargs}' ip=dhcp '
U-Boot# 
- 06:55:08 [INFO] Host: setenv serverip '192.168.0.1'
- 06:55:08 [INFO] Target: 
setenv serverip '192.168.0.1'
U-Boot# 
- 06:55:08 [INFO] Host: setenv ipaddr dhcp
- 06:55:08 [INFO] Target: 
setenv ipaddr dhcp
U-Boot# 
- 06:55:08 [INFO] Host: setenv autoload 'no'
- 06:55:08 [INFO] Target: 
setenv autoload 'no'
U-Boot# 
- 06:55:08 [INFO] Host: dhcp
- 06:55:09 [INFO] Target: 
dhcp
cpsw Waiting for PHY auto negotiation to complete. done
link up on port 0, speed 1000, full duplex
BOOTP broadcast 1
DHCP client bound to address 192.168.0.205
U-Boot# 
- 06:55:09 [INFO] Host: setenv serverip '192.168.0.1'
- 06:55:10 [INFO] Target: 
setenv serverip '192.168.0.1'
U-Boot# 
- 06:55:10 [INFO] Host: tftp ${loadaddr} 192.168.0.1:vatf_am43xx-gpevm/ec08f49111415137d86a3266f087960b
- 06:55:10 [INFO] Target: 
tftp ${loadaddr} 192.168.0.1:vatf_am43xx-gpevm/ec08f49111415137d86a3266f087960b
link up on port 0, speed 1000, full duplex
Using cpsw device
TFTP from server 192.168.0.1; our IP address is 192.168.0.205
Filename 'vatf_am43xx-gpevm/ec08f49111415137d86a3266f087960b'.
Load address: 0x82000000
Loading: *#################################################################
	 #################################################################
	 #################################################################
	 #################################################################
	 #################################################################
	 #################################################################
	 ############################################
	 10.6 MiB/s
done
Bytes transferred = 6366200 (6123f8 hex)
U-Boot# 
- 06:55:10 [INFO] Host: tftp ${fdt_addr_r} 192.168.0.1:vatf_am43xx-gpevm/ce69c7289e16c7adf93cfb48fa3a0894
- 06:55:10 [INFO] Target: 
tftp ${fdt_addr_r} 192.168.0.1:vatf_am43xx-gpevm/ce69c7289e16c7adf93cfb48fa3a0894
link up on port 0, speed 1000, full duplex
Using cpsw device
TFTP from server 192.168.0.1; our IP address is 192.168.0.205
Filename 'vatf_am43xx-gpevm/ce69c7289e16c7adf93cfb48fa3a0894'.
Load address: 0x88000000
Loading: *###
	 7.8 MiB/s
done
Bytes transferred = 41015 (a037 hex)
U-Boot# 
- 06:55:10 [INFO] Host: ls mmc 0:1
- 06:55:10 [INFO] Target: 
ls mmc 0:1
   116420   mlo 
     1164   readme 
   401676   u-boot.img 
       14   .ipaddr 
        4   ws-calibrate.rules 
        0   pointercal 
6 file(s), 0 dir(s)
U-Boot# 
- 06:55:10 [INFO] Host: ls mmc 0:2
- 06:55:11 [INFO] Target: 
ls mmc 0:2
<DIR>       4096 .
<DIR>       4096 ..
<DIR>       4096 bin
<DIR>       4096 boot
<DIR>       4096 dev
<DIR>       4096 etc
<DIR>       4096 home
<DIR>       4096 lib
<DIR>       4096 media
<DIR>       4096 mnt
<DIR>       4096 opt
<DIR>       4096 proc
<DIR>       4096 run
<DIR>       4096 sbin
<DIR>       4096 srv
<DIR>       4096 sys
<SYM>          8 tmp
<DIR>       4096 usr
<DIR>       4096 var
<DIR>       4096 www
<DIR>       4096 test
U-Boot# 
- 06:55:11 [INFO] Host: part uuid mmc 0:2
- 06:55:11 [INFO] Target: 
part uuid mmc 0:2
00000000-02
U-Boot# 
- 06:55:11 [INFO] Host: printenv
- 06:55:11 [INFO] Target: 
printenv
arch=arm
autoload=no
baudrate=115200
board=am43xx
board_name=AM43__GP
board_rev=1.2A
bootargs=console=ttyO0,115200n8 earlyprintk rootwait  ip=dhcp 
bootcmd=
bootdelay=1
bootdir=/boot
bootenv=uEnv.txt
bootfile=zImage
bootm_size=0x10000000
bootpart=0:2
console=ttyO0,115200n8
cpu=armv7
dfu_alt_info_emmc=MLO raw 0x100 0x100 mmcpart 0;u-boot.img raw 0x300 0x1000 mmcpart 0
dfu_alt_info_mmc=boot part 0 1;rootfs part 0 2;MLO fat 0 1;spl-os-args fat 0 1;spl-os-image fat 0 1;u-boot.img fat 0 1;uEnv.txt fat 0 1
dfu_alt_info_ram=kernel ram 0x80200000 0x4000000;fdt ram 0x80f80000 0x80000;ramdisk ram 0x81000000 0x4000000
dfu_bufsiz=0x10000
dnsip=192.0.2.2
dnsip2=192.0.2.3
eth1addr=34:b1:f7:31:60:9b
ethact=cpsw
ethaddr=34:b1:f7:31:60:99
fdt_addr_r=0x88000000
fdtaddr=0x88000000
fdtfile=undefined
fileaddr=88000000
filesize=a037
findfdt=if test $board_name = AM43EPOS; then setenv fdtfile am43x-epos-evm.dtb; fi; if test $board_name = AM43__GP; then setenv fdtfile am437x-gp-evm.dtb; fi; if test $board_name = AM43__SK; then setenv fdtfile am437x-sk-evm.dtb; fi; if test $fdtfile = undefined; then echo WARNING: Could not determine device tree; fi; 
gatewayip=192.168.0.1
importbootenv=echo Importing environment from mmc ...; env import -t $loadaddr $filesize
ipaddr=192.168.0.205
kernel_addr_r=0x82000000
loadaddr=0x82000000
loadbootenv=load ${devtype} ${devnum} ${loadaddr} ${bootenv}
loadfdt=load ${devtype} ${bootpart} ${fdtaddr} ${bootdir}/${fdtfile}
loadimage=load ${devtype} ${bootpart} ${loadaddr} ${bootdir}/${bootfile}
loadramdisk=load ${devtype} ${devnum} ${rdaddr} ramdisk.gz
mmcargs=setenv bootargs console=${console} ${optargs} root=${mmcroot} rootfstype=${mmcrootfstype}
mmcboot=mmc dev ${mmcdev}; setenv devnum ${mmcdev}; setenv devtype mmc; if mmc rescan; then echo SD/MMC found on device ${devnum};if run loadbootenv; then echo Loaded environment from ${bootenv};run importbootenv;fi;if test -n $uenvcmd; then echo Running uenvcmd ...;run uenvcmd;fi;if run loadimage; then run loadfdt; echo Booting from mmc${mmcdev} ...; run mmcargs; bootz ${loadaddr} - ${fdtaddr}; fi;fi;
mmcdev= 
mmcroot=/dev/mmcblk0p2 rw
mmcrootfstype=ext4 rootwait
mtdids=nand0=nand.0
mtdparts=mtdparts=nand.0:256k(NAND.SPL),256k(NAND.SPL.backup1),256k(NAND.SPL.backup2),256k(NAND.SPL.backup3),512k(NAND.u-boot-spl-os),1m(NAND.u-boot),256k(NAND.u-boot-env),256k(NAND.u-boot-env.backup1),7m(NAND.kernel),-(NAND.file-system)
nandargs=setenv bootargs console=${console} ${optargs} root=${nandroot} rootfstype=${nandrootfstype}
nandboot=echo Booting from nand ...; run nandargs; nand read ${fdtaddr} NAND.u-boot-spl-os; nand read ${loadaddr} NAND.kernel; bootz ${loadaddr} - ${fdtaddr}
nandroot=ubi0:rootfs rw ubi.mtd=NAND.file-system,4096
nandrootfstype=ubifs rootwait=1
netmask=255.255.255.0
partitions=uuid_disk=${uuid_gpt_disk};name=rootfs,start=2MiB,size=-,uuid=${uuid_gpt_rootfs}
ramargs=setenv bootargs console=${console} ${optargs} root=${ramroot} rootfstype=${ramrootfstype}
ramdisk_addr_r=0x88080000
ramroot=/dev/ram0 rw
ramrootfstype=ext2
rdaddr=0x88080000
serverip=192.168.0.1
soc=am33xx
stderr=serial
stdin=serial
stdout=serial
usbargs=setenv bootargs console=${console} ${optargs} root=${usbroot} rootfstype=${usbrootfstype}
usbboot=setenv devnum ${usbdev}; setenv devtype usb; usb start ${usbdev}; if usb dev ${usbdev}; then if run loadbootenv; then echo Loaded environment from ${bootenv};run importbootenv;fi;if test -n $uenvcmd; then echo Running uenvcmd ...;run uenvcmd;fi;if run loadimage; then run loadfdt; echo Booting from usb ${usbdev}...; run usbargs;bootz ${loadaddr} - ${fdtaddr}; fi;fi
usbdev=0
usbroot=/dev/sda2 rw
usbrootfstype=ext4 rootwait
vendor=ti
ver=U-Boot 2014.07-g8f725ef (Oct 12 2014 - 06:29:01)
Environment size: 3857/65532 bytes
U-Boot# 
- 06:55:11 [INFO] Host: setenv bootargs ''${bootargs}' root=PARTUUID=00000000-02 rw rootfstype=ext4 rootwait '
- 06:55:11 [INFO] Target: 
setenv bootargs ''${bootargs}' root=PARTUUID=00000000-02 rw rootfstype=ext4 rootwait '
U-Boot# 
- 06:55:11 [INFO] Host: printenv
- 06:55:12 [INFO] Target: 
printenv
arch=arm
autoload=no
baudrate=115200
board=am43xx
board_name=AM43__GP
board_rev=1.2A
bootargs=console=ttyO0,115200n8 earlyprintk rootwait  ip=dhcp  root=PARTUUID=00000000-02 rw rootfstype=ext4 rootwait 
bootcmd=
bootdelay=1
bootdir=/boot
bootenv=uEnv.txt
bootfile=zImage
bootm_size=0x10000000
bootpart=0:2
console=ttyO0,115200n8
cpu=armv7
dfu_alt_info_emmc=MLO raw 0x100 0x100 mmcpart 0;u-boot.img raw 0x300 0x1000 mmcpart 0
dfu_alt_info_mmc=boot part 0 1;rootfs part 0 2;MLO fat 0 1;spl-os-args fat 0 1;spl-os-image fat 0 1;u-boot.img fat 0 1;uEnv.txt fat 0 1
dfu_alt_info_ram=kernel ram 0x80200000 0x4000000;fdt ram 0x80f80000 0x80000;ramdisk ram 0x81000000 0x4000000
dfu_bufsiz=0x10000
dnsip=192.0.2.2
dnsip2=192.0.2.3
eth1addr=34:b1:f7:31:60:9b
ethact=cpsw
ethaddr=34:b1:f7:31:60:99
fdt_addr_r=0x88000000
fdtaddr=0x88000000
fdtfile=undefined
fileaddr=88000000
filesize=a037
findfdt=if test $board_name = AM43EPOS; then setenv fdtfile am43x-epos-evm.dtb; fi; if test $board_name = AM43__GP; then setenv fdtfile am437x-gp-evm.dtb; fi; if test $board_name = AM43__SK; then setenv fdtfile am437x-sk-evm.dtb; fi; if test $fdtfile = undefined; then echo WARNING: Could not determine device tree; fi; 
gatewayip=192.168.0.1
importbootenv=echo Importing environment from mmc ...; env import -t $loadaddr $filesize
ipaddr=192.168.0.205
kernel_addr_r=0x82000000
loadaddr=0x82000000
loadbootenv=load ${devtype} ${devnum} ${loadaddr} ${bootenv}
loadfdt=load ${devtype} ${bootpart} ${fdtaddr} ${bootdir}/${fdtfile}
loadimage=load ${devtype} ${bootpart} ${loadaddr} ${bootdir}/${bootfile}
loadramdisk=load ${devtype} ${devnum} ${rdaddr} ramdisk.gz
mmcargs=setenv bootargs console=${console} ${optargs} root=${mmcroot} rootfstype=${mmcrootfstype}
mmcboot=mmc dev ${mmcdev}; setenv devnum ${mmcdev}; setenv devtype mmc; if mmc rescan; then echo SD/MMC found on device ${devnum};if run loadbootenv; then echo Loaded environment from ${bootenv};run importbootenv;fi;if test -n $uenvcmd; then echo Running uenvcmd ...;run uenvcmd;fi;if run loadimage; then run loadfdt; echo Booting from mmc${mmcdev} ...; run mmcargs; bootz ${loadaddr} - ${fdtaddr}; fi;fi;
mmcdev= 
mmcroot=/dev/mmcblk0p2 rw
mmcrootfstype=ext4 rootwait
mtdids=nand0=nand.0
mtdparts=mtdparts=nand.0:256k(NAND.SPL),256k(NAND.SPL.backup1),256k(NAND.SPL.backup2),256k(NAND.SPL.backup3),512k(NAND.u-boot-spl-os),1m(NAND.u-boot),256k(NAND.u-boot-env),256k(NAND.u-boot-env.backup1),7m(NAND.kernel),-(NAND.file-system)
nandargs=setenv bootargs console=${console} ${optargs} root=${nandroot} rootfstype=${nandrootfstype}
nandboot=echo Booting from nand ...; run nandargs; nand read ${fdtaddr} NAND.u-boot-spl-os; nand read ${loadaddr} NAND.kernel; bootz ${loadaddr} - ${fdtaddr}
nandroot=ubi0:rootfs rw ubi.mtd=NAND.file-system,4096
nandrootfstype=ubifs rootwait=1
netmask=255.255.255.0
partitions=uuid_disk=${uuid_gpt_disk};name=rootfs,start=2MiB,size=-,uuid=${uuid_gpt_rootfs}
ramargs=setenv bootargs console=${console} ${optargs} root=${ramroot} rootfstype=${ramrootfstype}
ramdisk_addr_r=0x88080000
ramroot=/dev/ram0 rw
ramrootfstype=ext2
rdaddr=0x88080000
serverip=192.168.0.1
soc=am33xx
stderr=serial
stdin=serial
stdout=serial
usbargs=setenv bootargs console=${console} ${optargs} root=${usbroot} rootfstype=${usbrootfstype}
usbboot=setenv devnum ${usbdev}; setenv devtype usb; usb start ${usbdev}; if usb dev ${usbdev}; then if run loadbootenv; then echo Loaded environment from ${bootenv};run importbootenv;fi;if test -n $uenvcmd; then echo Running uenvcmd ...;run uenvcmd;fi;if run loadimage; then run loadfdt; echo Booting from usb ${usbdev}...; run usbargs;bootz ${loadaddr} - ${fdtaddr}; fi;fi
usbdev=0
usbroot=/dev/sda2 rw
usbrootfstype=ext4 rootwait
vendor=ti
ver=U-Boot 2014.07-g8f725ef (Oct 12 2014 - 06:29:01)
Environment size: 3912/65532 bytes
U-Boot# 
- 06:55:12 [INFO] Host: setenv bootcmd ''${bootcmd}' if iminfo ${loadaddr}; then bootm ${loadaddr} - ${fdt_addr_r}; else bootz ${loadaddr} - ${fdt_addr_r}; bootm ${loadaddr} - ${fdt_addr_r}; fi'
- 06:55:12 [INFO] Target: 
setenv bootcmd ''${bootcmd}' if iminfo ${loadaddr}; then bootm ${loadaddr} - ${fdt_addr_r}; else bootz ${loadaddr} - ${fdt_addr_r}; bootm ${loadaddr} - ${fdt_addr_r}; fi'
U-Boot# 
- 06:55:12 [INFO] Host: bdinfo
- 06:55:12 [INFO] Target: 
bdinfo
arch_number = 0x00000000
boot_params = 0x80000100
DRAM bank   = 0x00000000
-> start    = 0x80000000
-> size     = 0x40000000
eth0name    = cpsw
ethaddr     = 34:b1:f7:31:60:99
current eth = cpsw
ip_addr     = 192.168.0.205
baudrate    = 115200 bps
TLB addr    = 0xBFFF0000
relocaddr   = 0xBF735000
reloc off   = 0x3EF35000
irq_sp      = 0xBE724EE0
sp start    = 0xBE724ED0
U-Boot# 
- 06:55:12 [INFO] Host: mmc rescan
- 06:55:12 [INFO] Target: 
mmc rescan
U-Boot# 
- 06:55:12 [INFO] Host: fatwrite mmc ${mmcdev}:1 ${loadaddr} ws-calibrate.rules 4
- 06:55:12 [INFO] Target: 
fatwrite mmc ${mmcdev}:1 ${loadaddr} ws-calibrate.rules 4
writing ws-calibrate.rules
4 bytes written
U-Boot# 
- 06:55:12 [INFO] Host: boot
- 06:57:42 [ERROR] On command: boot waiting for boot.+?(?m-ix:.*login:) >>> error: execution expired
- 06:57:42 [INFO] Target: 
boot
## Checking Image at 82000000 ...
Unknown image format!
Kernel image @ 0x82000000 [ 0x000000 - 0x6123f8 ]
## Flattened Device Tree blob at 88000000
   Booting using the fdt blob at 0x88000000
   Loading Device Tree to 8fff2000, end 8ffff036 ... OK
Starting kernel ...
[    0.000000] Booting Linux on physical CPU 0x0
[    0.000000] Linux version 4.1.0-rc4-next-20150522-00002-g5e7d5ff4c5ca (nmenon@kahuna) (gcc version 4.6.3 (Ubuntu/Linaro 4.6.3-1ubuntu5) ) #1 SMP Mon May 25 05:54:13 CDT 2015
[    0.000000] CPU: ARMv7 Processor [412fc09a] revision 10 (ARMv7), cr=10c5387d
[    0.000000] CPU: PIPT / VIPT nonaliasing data cache, VIPT aliasing instruction cache
[    0.000000] Machine model: TI AM437x GP EVM
[    0.000000] cma: Reserved 64 MiB at 0xbc000000
[    0.000000] Memory policy: Data cache writeback
[    0.000000] CPU: All CPU(s) started in SVC mode.
[    0.000000] AM437x ES1.1 (sgx neon )
[    0.000000] PERCPU: Embedded 12 pages/cpu @eefc6000 s16896 r8192 d24064 u49152
[    0.000000] Built 1 zonelists in Zone order, mobility grouping on.  Total pages: 260624
[    0.000000] Kernel command line: console=ttyO0,115200n8 earlyprintk rootwait  ip=dhcp  root=PARTUUID=00000000-02 rw rootfstype=ext4 rootwait 
[    0.000000] PID hash table entries: 4096 (order: 2, 16384 bytes)
[    0.000000] Dentry cache hash table entries: 131072 (order: 7, 524288 bytes)
[    0.000000] Inode-cache hash table entries: 65536 (order: 6, 262144 bytes)
[    0.000000] Memory: 959564K/1048576K available (8155K kernel code, 1075K rwdata, 3720K rodata, 928K init, 326K bss, 23476K reserved, 65536K cma-reserved, 204800K highmem)
[    0.000000] Virtual kernel memory layout:
[    0.000000]     vector  : 0xffff0000 - 0xffff1000   (   4 kB)
[    0.000000]     fixmap  : 0xffc00000 - 0xfff00000   (3072 kB)
[    0.000000]     vmalloc : 0xf0000000 - 0xff000000   ( 240 MB)
[    0.000000]     lowmem  : 0xc0000000 - 0xef800000   ( 760 MB)
[    0.000000]     pkmap   : 0xbfe00000 - 0xc0000000   (   2 MB)
[    0.000000]     modules : 0xbf000000 - 0xbfe00000   (  14 MB)
[    0.000000]       .text : 0xc0208000 - 0xc0da1eb0   (11880 kB)
[    0.000000]       .init : 0xc0da2000 - 0xc0e8a000   ( 928 kB)
[    0.000000]       .data : 0xc0e8a000 - 0xc0f96c20   (1076 kB)
[    0.000000]        .bss : 0xc0f99000 - 0xc0feaa20   ( 327 kB)
[    0.000000] SLUB: HWalign=64, Order=0-3, MinObjects=0, CPUs=1, Nodes=1
[    0.000000] Hierarchical RCU implementation.
[    0.000000] 	Additional per-CPU info printed with stalls.
[    0.000000] 	Build-time adjustment of leaf fanout to 32.
[    0.000000] 	RCU restricting CPUs from NR_CPUS=16 to nr_cpu_ids=1.
[    0.000000] RCU: Adjusting geometry for rcu_fanout_leaf=32, nr_cpu_ids=1
[    0.000000] NR_IRQS:16 nr_irqs:16 16
[    0.000000] L2C: platform modifies aux control register: 0x0e030000 -> 0x3e430000
[    0.000000] L2C: DT/platform modifies aux control register: 0x0e030000 -> 0x3e430000
[    0.000000] L2C-310 erratum 769419 enabled
[    0.000000] L2C-310 enabling early BRESP for Cortex-A9
[    0.000000] OMAP L2C310: ROM does not support power control setting
[    0.000000] L2C-310 dynamic clock gating disabled, standby mode disabled
[    0.000000] L2C-310 cache controller enabled, 16 ways, 256 kB
[    0.000000] L2C-310: CACHE_ID 0x410000c9, AUX_CTRL 0x4e430000
[    0.000000] OMAP clockevent source: timer2 at 24000000 Hz
[    0.000010] sched_clock: 32 bits at 24MHz, resolution 41ns, wraps every 89478484971ns
[    0.000027] clocksource timer1: mask: 0xffffffff max_cycles: 0xffffffff, max_idle_ns: 79635851949 ns
[    0.000036] OMAP clocksource: timer1 at 24000000 Hz
[    0.000186] Console: colour dummy device 80x30
[    0.000217] Calibrating delay loop... 1992.29 BogoMIPS (lpj=4980736)
[    0.044384] pid_max: default: 32768 minimum: 301
[    0.044530] Mount-cache hash table entries: 2048 (order: 1, 8192 bytes)
[    0.044541] Mountpoint-cache hash table entries: 2048 (order: 1, 8192 bytes)
[    0.045238] CPU: Testing write buffer coherency: ok
[    0.045533] CPU0: thread -1, cpu 0, socket 0, mpidr 80000000
[    0.045633] Setting up static identity map for 0x80209000 - 0x80209098
[    0.049050] Brought up 1 CPUs
[    0.049067] SMP: Total of 1 processors activated (1992.29 BogoMIPS).
[    0.049075] CPU: All CPU(s) started in SVC mode.
[    0.049724] devtmpfs: initialized
[    0.050464] VFP support v0.3: implementor 41 architecture 3 part 30 variant 9 rev 4
[    0.062400] omap_hwmod: tptc0 using broken dt data from edma
[    0.062519] omap_hwmod: tptc1 using broken dt data from edma
[    0.062614] omap_hwmod: tptc2 using broken dt data from edma
[    0.120767] clocksource jiffies: mask: 0xffffffff max_cycles: 0xffffffff, max_idle_ns: 9556302231375000 ns
[    0.124841] pinctrl core: initialized pinctrl subsystem
[    0.135126] NET: Registered protocol family 16
[    0.137157] DMA: preallocated 256 KiB pool for atomic coherent allocations
[    0.139009] cpuidle: using governor ladder
[    0.139029] cpuidle: using governor menu
[    0.140679] omap_l3_noc 44000000.ocp: L3 debug error: target 8 mod:0 (unclearable)
[    0.140747] omap_l3_noc 44000000.ocp: L3 application error: target 8 mod:0 (unclearable)
[    0.143735] OMAP GPIO hardware version 0.1
[    0.148664] platform 53701000.des: Cannot lookup hwmod 'des'
[    0.149226] omap-gpmc 50000000.gpmc: could not find pctldev for node /ocp/l4_wkup@44c00000/scm@210000/pinmux@800/nand_flash_x8, deferring probe
[    0.153846] No ATAGs?
[    0.153884] hw-breakpoint: found 5 (+1 reserved) breakpoint and 1 watchpoint registers.
[    0.153894] hw-breakpoint: maximum watchpoint size is 4 bytes.
[    0.157850] Serial: AMBA PL011 UART driver
[    0.173487] edma-dma-engine edma-dma-engine.0: TI EDMA DMA engine driver
[    0.177335] vgaarb: loaded
[    0.178091] SCSI subsystem initialized
[    0.178660] usbcore: registered new interface driver usbfs
[    0.178718] usbcore: registered new interface driver hub
[    0.178773] usbcore: registered new device driver usb
[    0.179545] omap_i2c 44e0b000.i2c: could not find pctldev for node /ocp/l4_wkup@44c00000/scm@210000/pinmux@800/i2c0_pins, deferring probe
[    0.179590] omap_i2c 4802a000.i2c: could not find pctldev for node /ocp/l4_wkup@44c00000/scm@210000/pinmux@800/i2c1_pins, deferring probe
[    0.180172] media: Linux media interface: v0.10
[    0.180224] Linux video capture interface: v2.00
[    0.180288] pps_core: LinuxPPS API ver. 1 registered
[    0.180295] pps_core: Software ver. 5.3.6 - Copyright 2005-2007 Rodolfo Giometti <giometti@linux.it>
[    0.180320] PTP clock support registered
[    0.180536] EDAC MC: Ver: 3.0.0
[    0.181869] Advanced Linux Sound Architecture Driver Initialized.
[    0.183054] Switched to clocksource timer1
[    0.191683] NET: Registered protocol family 2
[    0.192281] TCP established hash table entries: 8192 (order: 3, 32768 bytes)
[    0.192350] TCP bind hash table entries: 8192 (order: 4, 65536 bytes)
[    0.192465] TCP: Hash tables configured (established 8192 bind 8192)
[    0.192604] UDP hash table entries: 512 (order: 2, 16384 bytes)
[    0.192656] UDP-Lite hash table entries: 512 (order: 2, 16384 bytes)
[    0.192857] NET: Registered protocol family 1
[    0.193310] RPC: Registered named UNIX socket transport module.
[    0.193322] RPC: Registered udp transport module.
[    0.193328] RPC: Registered tcp transport module.
[    0.193333] RPC: Registered tcp NFSv4.1 backchannel transport module.
[    0.195613] futex hash table entries: 256 (order: 2, 16384 bytes)
[    0.204203] squashfs: version 4.0 (2009/01/31) Phillip Lougher
[    0.205022] NFS: Registering the id_resolver key type
[    0.205069] Key type id_resolver registered
[    0.205076] Key type id_legacy registered
[    0.205137] ntfs: driver 2.1.32 [Flags: R/O].
[    0.206302] bounce: pool size: 64 pages
[    0.206529] Block layer SCSI generic (bsg) driver version 0.4 loaded (major 248)
[    0.206550] io scheduler noop registered
[    0.206562] io scheduler deadline registered
[    0.206724] io scheduler cfq registered (default)
[    0.211842] pinctrl-single 44e10800.pinmux: 199 pins at pa f9e10800 size 796
[    0.216786] backlight supply power not found, using dummy regulator
[    0.216941] pwm-backlight backlight: unable to request PWM, trying legacy API
[    0.216954] pwm-backlight backlight: unable to request legacy PWM
[    0.265215] Serial: 8250/16550 driver, 4 ports, IRQ sharing disabled
[    0.267387] SuperH (H)SCI(F) driver initialized
[    0.268259] msm_serial: driver initialized
[    0.268741] omap_uart 44e09000.serial: no wakeirq for uart0
[    0.268759] omap_uart 44e09000.serial: No clock speed specified: using default: 48000000
[    0.268893] 44e09000.serial: ttyO0 at MMIO 0x44e09000 (irq = 23, base_baud = 3000000) is a OMAP UART0
[    1.054138] console [ttyO0] enabled
[    1.058326] omap_uart 481a6000.serial: no wakeirq for uart3
[    1.064208] omap_uart 481a6000.serial: No clock speed specified: using default: 48000000
[    1.072795] 481a6000.serial: ttyO3 at MMIO 0x481a6000 (irq = 24, base_baud = 3000000) is a OMAP UART3
[    1.082933] STMicroelectronics ASC driver initialized
[    1.089647] [drm] Initialized drm 1.1.0 20060810
[    1.101330] loop: module loaded
[    1.110457] CAN device driver interface
[    1.115427] igb: Intel(R) Gigabit Ethernet Network Driver - version 5.2.15-k
[    1.122837] igb: Copyright (c) 2007-2014 Intel Corporation.
[    1.130639] pegasus: v0.9.3 (2013/04/25), Pegasus/Pegasus II USB Ethernet driver
[    1.138475] usbcore: registered new interface driver pegasus
[    1.144468] usbcore: registered new interface driver asix
[    1.150178] usbcore: registered new interface driver ax88179_178a
[    1.156631] usbcore: registered new interface driver cdc_ether
[    1.162801] usbcore: registered new interface driver smsc75xx
[    1.168881] usbcore: registered new interface driver smsc95xx
[    1.174948] usbcore: registered new interface driver net1080
[    1.180921] usbcore: registered new interface driver cdc_subset
[    1.187163] usbcore: registered new interface driver zaurus
[    1.193094] usbcore: registered new interface driver cdc_ncm
[    1.200313] ehci_hcd: USB 2.0 'Enhanced' Host Controller (EHCI) Driver
[    1.207210] ehci-pci: EHCI PCI platform driver
[    1.211932] ehci-platform: EHCI generic platform driver
[    1.217582] ehci-omap: OMAP-EHCI Host Controller driver
[    1.223198] ehci-orion: EHCI orion driver
[    1.227491] SPEAr-ehci: EHCI SPEAr driver
[    1.231811] ehci-st: EHCI STMicroelectronics driver
[    1.237035] ehci-exynos: EHCI EXYNOS driver
[    1.241542] ehci-atmel: EHCI Atmel driver
[    1.245855] tegra-ehci: Tegra EHCI driver
[    1.250176] ohci_hcd: USB 1.1 'Open' Host Controller (OHCI) Driver
[    1.256688] ohci-pci: OHCI PCI platform driver
[    1.261410] ohci-platform: OHCI generic platform driver
[    1.267029] ohci-omap3: OHCI OMAP3 driver
[    1.271350] SPEAr-ohci: OHCI SPEAr driver
[    1.275656] ohci-st: OHCI STMicroelectronics driver
[    1.280882] ohci-atmel: OHCI Atmel driver
[    1.285273] usbcore: registered new interface driver usb-storage
[    1.292781] mousedev: PS/2 mouse device common for all mice
[    1.301785] i2c /dev entries driver
[    1.307083] usbcore: registered new interface driver uvcvideo
[    1.313148] USB Video Class driver (1.1.1)
[    1.317435] gspca_main: v2.14.0 registered
[    1.325568] sdhci: Secure Digital Host Controller Interface driver
[    1.332088] sdhci: Copyright(c) Pierre Ossman
[    1.337625] omap_hsmmc 48060000.mmc: Got CD GPIO
[    1.404005] Synopsys Designware Multimedia Card Interface Driver
[    1.411203] sdhci-pltfm: SDHCI platform and OF driver helper
[    1.418447] ledtrig-cpu: registered to indicate activity on CPUs
[    1.425031] usbcore: registered new interface driver usbhid
[    1.430891] usbhid: USB HID core driver
[    1.438183] usbcore: registered new interface driver snd-usb-audio
[    1.447637] NET: Registered protocol family 17
[    1.452403] can: controller area network core (rev 20120528 abi 9)
[    1.459005] NET: Registered protocol family 29
[    1.463683] can: raw protocol (rev 20120528)
[    1.468170] can: broadcast manager protocol (rev 20120528 t)
[    1.474123] can: netlink gateway (rev 20130117) max_hops=1
[    1.480313] Key type dns_resolver registered
[    1.485077] omap_voltage_late_init: Voltage driver support not added
[    1.492518] cpufreq: cpufreq_add_dev: CPU0: Running at unlisted freq: 1000000 KHz
[    1.500482] cpufreq: cpufreq_add_dev: CPU0: Unlisted initial frequency changed to: 1020000 KHz
[   28.048301] NMI watchdog: BUG: soft lockup - CPU#0 stuck for 23s! [swapper/0:1]
[   28.064751] Modules linked in:
[   28.072104] CPU: 0 PID: 1 Comm: swapper/0 Not tainted 4.1.0-rc4-next-20150522-00002-g5e7d5ff4c5ca #1
[   28.092521] Hardware name: Generic AM43 (Flattened Device Tree)
[   28.105912] task: ee060000 ti: ee064000 task.ti: ee064000
[   28.118259] PC is at __loop_delay+0x0/0x10
[   28.127682] LR is at _omap3_wait_dpll_status+0x60/0xd0
[   28.139384] pc : [<c0472398>]    lr : [<c023ca18>]    psr: 20000113
[   28.139384] sp : ee065aa8  ip : 00000000  fp : 00000000
[   28.165003] r10: c0ed0d74  r9 : ee00f3c0  r8 : 00000001
[   28.176811] r7 : 000f4240  r6 : ee00f280  r5 : ee010000  r4 : 00040d6b
[   28.191479] r3 : c0472368  r2 : 00002647  r1 : ffffffff  r0 : 00000051
[   28.206181] Flags: nzCv  IRQs on  FIQs on  Mode SVC_32  ISA ARM  Segment kernel
[   28.222595] Control: 10c5387d  Table: 80204059  DAC: 00000015
[   28.235623] CPU: 0 PID: 1 Comm: swapper/0 Not tainted 4.1.0-rc4-next-20150522-00002-g5e7d5ff4c5ca #1
[   28.256023] Hardware name: Generic AM43 (Flattened Device Tree)
[   28.269871] [<c0217b04>] (unwind_backtrace) from [<c02134ec>] (show_stack+0x10/0x14)
[   28.287610] [<c02134ec>] (show_stack) from [<c09b269c>] (dump_stack+0x70/0x8c)
[   28.304144] [<c09b269c>] (dump_stack) from [<c02b3ee8>] (watchdog_timer_fn+0x1b0/0x220)
[   28.322412] [<c02b3ee8>] (watchdog_timer_fn) from [<c0294fcc>] (__hrtimer_run_queues+0xf0/0x184)
[   28.342343] [<c0294fcc>] (__hrtimer_run_queues) from [<c02952c0>] (hrtimer_interrupt+0xb4/0x214)
[   28.362293] [<c02952c0>] (hrtimer_interrupt) from [<c022e8dc>] (omap2_gp_timer_interrupt+0x2c/0x34)
[   28.382802] [<c022e8dc>] (omap2_gp_timer_interrupt) from [<c0286fd4>] (handle_irq_event_percpu+0x50/0x150)
[   28.404562] [<c0286fd4>] (handle_irq_event_percpu) from [<c0287118>] (handle_irq_event+0x44/0x64)
[   28.424609] [<c0287118>] (handle_irq_event) from [<c0289cec>] (handle_fasteoi_irq+0xa8/0x180)
[   28.443911] [<c0289cec>] (handle_fasteoi_irq) from [<c028690c>] (generic_handle_irq+0x20/0x30)
[   28.463358] [<c028690c>] (generic_handle_irq) from [<c0286a08>] (__handle_domain_irq+0x54/0xac)
[   28.482977] [<c0286a08>] (__handle_domain_irq) from [<c020a6ec>] (gic_handle_irq+0x2c/0x6c)
[   28.501815] [<c020a6ec>] (gic_handle_irq) from [<c0214000>] (__irq_svc+0x40/0x54)
[   28.518590] Exception stack(0xee065a60 to 0xee065aa8)
[   28.530166] 5a60: 00000051 ffffffff 00002647 c0472368 00040d6b ee010000 ee00f280 000f4240
[   28.548609] 5a80: 00000001 ee00f3c0 c0ed0d74 00000000 00000000 ee065aa8 c023ca18 c0472398
[   28.566909] 5aa0: 20000113 ffffffff
[   28.575111] [<c0214000>] (__irq_svc) from [<c0472398>] (__loop_delay+0x0/0x10)
[   42.048761] random: nonblocking pool is initialized
[  102.003104] clock: dpll_mpu_ck failed transition to 'locked'
[  102.021240] ThumbEE CPU extension supported.
[  102.032069] Registering SWP/SWPB emulation handler
[  102.084020] mmc0: host does not support reading read-only switch, assuming write-enable
[  102.119910] omap-gpmc 50000000.gpmc: GPMC revision 6.0
[  102.150709] mmc0: new high speed SDHC card at address aaaa
[  102.171944] mmcblk0: mmc0:aaaa SU08G 7.40 GiB 
[  102.213102] omap_i2c 44e0b000.i2c: bus 0 rev0.12 at 100 kHz
[  102.245738]  mmcblk0: p1 p2 p3
[  102.303112] omap_i2c 4802a000.i2c: bus 1 rev0.12 at 100 kHz
[  102.328929] backlight supply power not found, using dummy regulator
[  102.345674] pwm-backlight backlight: unable to request PWM, trying legacy API
[  102.362500] pwm-backlight backlight: unable to request legacy PWM
[  103.634682] davinci_mdio 4a101000.mdio: davinci mdio revision 1.6
[  103.649485] davinci_mdio 4a101000.mdio: detected phy mask fffffffe
[  103.677031] libphy: 4a101000.mdio: probed
[  103.687038] davinci_mdio 4a101000.mdio: phy[0]: device 4a101000.mdio:00, driver Micrel KSZ9031 Gigabit PHY
[  103.734777] cpsw 4a100000.ethernet: Detected MACID = 34:b1:f7:31:60:99
[  103.777728] hctosys: unable to open rtc device (rtc0)
[  103.897759] net eth0: initializing cpsw version 1.15 (0)
[  103.932304] backlight supply power not found, using dummy regulator
[  103.949650] pwm-backlight backlight: unable to request PWM, trying legacy API
[  103.966360] pwm-backlight backlight: unable to request legacy PWM
[  104.091987] net eth0: phy found : id is : 0x221622
[  108.089033] cpsw 4a100000.ethernet eth0: Link is Up - 1Gbps/Full - flow control rx/tx
[  108.108148] Sending DHCP requests ., OK
[  109.148691] IP-Config: Got DHCP answer from 192.168.0.1, my address is 192.168.0.205
[  109.157433] IP-Config: Complete:
[  109.161007]      device=eth0, hwaddr=34:b1:f7:31:60:99, ipaddr=192.168.0.205, mask=255.255.255.0, gw=192.168.0.1
[  109.171985]      host=192.168.0.205, domain=tim.com, nis-domain=(none)
[  109.179048]      bootserver=192.168.0.1, rootserver=192.168.0.1, rootpath=
[  109.186288]      nameserver0=192.0.2.2, nameserver1=192.0.2.3
[  109.193008] vmmcwl_fixed: disabling
[  109.197128] ALSA device list:
[  109.200392]   No soundcards found.
[  109.343419] EXT4-fs (mmcblk0p2): recovery complete
[  109.350459] EXT4-fs (mmcblk0p2): mounted filesystem with ordered data mode. Opts: (null)
[  109.359330] VFS: Mounted root (ext4 filesystem) on device 179:2.
[  109.376794] devtmpfs: mounted
[  109.383211] Freeing unused kernel memory: 928K (c0da2000 - c0e8a000)
INIT: version 2.88 booting
Error opening /dev/fb0: No such file or directory
Starting udev
[  109.912702] udevd[71]: starting version 182
[  131.003333] INFO: rcu_sched detected stalls on CPUs/tasks:
[  131.017800] 	(detected by 0, t=4202 jiffies, g=-145, c=-146, q=99)
[  131.034165] All QSes seen, last rcu_sched kthread activity 4202 (-33800--38002), jiffies_till_next_fqs=1, root ->qsmask 0x0
[  131.062775] kworker/0:2     R running      0    42      2 0x00000002
[  131.079783] Workqueue: events od_dbs_timer
[  131.091136] [<c0217b04>] (unwind_backtrace) from [<c02134ec>] (show_stack+0x10/0x14)
[  131.111492] [<c02134ec>] (show_stack) from [<c02922c0>] (rcu_check_callbacks+0x718/0x758)
[  131.132882] [<c02922c0>] (rcu_check_callbacks) from [<c02943b8>] (update_process_times+0x30/0x5c)
[  131.155992] [<c02943b8>] (update_process_times) from [<c02a2fb0>] (tick_sched_timer+0x44/0x84)
[  131.178421] [<c02a2fb0>] (tick_sched_timer) from [<c0294fcc>] (__hrtimer_run_queues+0xf0/0x184)
[  131.201092] [<c0294fcc>] (__hrtimer_run_queues) from [<c02952c0>] (hrtimer_interrupt+0xb4/0x214)
[  131.224035] [<c02952c0>] (hrtimer_interrupt) from [<c022e8dc>] (omap2_gp_timer_interrupt+0x2c/0x34)
[  131.247604] [<c022e8dc>] (omap2_gp_timer_interrupt) from [<c0286fd4>] (handle_irq_event_percpu+0x50/0x150)
[  131.272652] [<c0286fd4>] (handle_irq_event_percpu) from [<c0287118>] (handle_irq_event+0x44/0x64)
[  131.295721] [<c0287118>] (handle_irq_event) from [<c0289cec>] (handle_fasteoi_irq+0xa8/0x180)
[  131.317907] [<c0289cec>] (handle_fasteoi_irq) from [<c028690c>] (generic_handle_irq+0x20/0x30)
[  131.340269] [<c028690c>] (generic_handle_irq) from [<c0286a08>] (__handle_domain_irq+0x54/0xac)
[  131.362843] [<c0286a08>] (__handle_domain_irq) from [<c020a6ec>] (gic_handle_irq+0x2c/0x6c)
[  131.384510] [<c020a6ec>] (gic_handle_irq) from [<c0214000>] (__irq_svc+0x40/0x54)
[  131.403826] Exception stack(0xee541d38 to 0xee541d80)
[  131.417002] 1d20:                                                       0000018b ffffffff
[  131.438235] 1d40: 00001d12 c0472368 00043283 ee010000 ee00f280 000f4240 00000001 ee00f3c0
[  131.459438] 1d60: c0ed0d74 00000000 00000000 ee541d80 c023ca18 c0472398 200f0013 ffffffff
[  131.480756] [<c0214000>] (__irq_svc) from [<c0472398>] (__loop_delay+0x0/0x10)
[  131.499554] rcu_sched kthread starved for 4202 jiffies! g4294967151 c4294967150 f0x2 s3 ->state=0x0
[  136.048279] NMI watchdog: BUG: soft lockup - CPU#0 stuck for 22s! [kworker/0:2:42]
[  136.067848] Modules linked in:
[  136.076176] CPU: 0 PID: 42 Comm: kworker/0:2 Tainted: G             L  4.1.0-rc4-next-20150522-00002-g5e7d5ff4c5ca #1
[  136.103464] Hardware name: Generic AM43 (Flattened Device Tree)
[  136.118947] Workqueue: events od_dbs_timer
[  136.129844] task: ee25e600 ti: ee540000 task.ti: ee540000
[  136.143959] PC is at __loop_delay+0x0/0x10
[  136.154750] LR is at _omap3_wait_dpll_status+0x60/0xd0
[  136.168181] pc : [<c0472398>]    lr : [<c023ca18>]    psr: 200f0013
[  136.168181] sp : ee541d80  ip : 00000000  fp : 00000000
[  136.197717] r10: c0ed0d74  r9 : ee00f3c0  r8 : 00000001
[  136.211295] r7 : 000f4240  r6 : ee00f280  r5 : ee010000  r4 : 00051a06
[  136.228186] r3 : c0472368  r2 : 00001d12  r1 : ffffffff  r0 : 000000ec
[  136.245099] Flags: nzCv  IRQs on  FIQs on  Mode SVC_32  ISA ARM  Segment kernel
[  136.263998] Control: 10c5387d  Table: ae594059  DAC: 00000015
[  136.278991] CPU: 0 PID: 42 Comm: kworker/0:2 Tainted: G             L  4.1.0-rc4-next-20150522-00002-g5e7d5ff4c5ca #1
[  136.306230] Hardware name: Generic AM43 (Flattened Device Tree)
[  136.321626] Workqueue: events od_dbs_timer
[  136.332854] [<c0217b04>] (unwind_backtrace) from [<c02134ec>] (show_stack+0x10/0x14)
[  136.353189] [<c02134ec>] (show_stack) from [<c09b269c>] (dump_stack+0x70/0x8c)
[  136.372169] [<c09b269c>] (dump_stack) from [<c02b3ee8>] (watchdog_timer_fn+0x1b0/0x220)
[  136.393150] [<c02b3ee8>] (watchdog_timer_fn) from [<c0294fcc>] (__hrtimer_run_queues+0xf0/0x184)
[  136.416052] [<c0294fcc>] (__hrtimer_run_queues) from [<c02952c0>] (hrtimer_interrupt+0xb4/0x214)
[  136.438973] [<c02952c0>] (hrtimer_interrupt) from [<c022e8dc>] (omap2_gp_timer_interrupt+0x2c/0x34)
[  136.462550] [<c022e8dc>] (omap2_gp_timer_interrupt) from [<c0286fd4>] (handle_irq_event_percpu+0x50/0x150)
[  136.487601] [<c0286fd4>] (handle_irq_event_percpu) from [<c0287118>] (handle_irq_event+0x44/0x64)
[  136.510647] [<c0287118>] (handle_irq_event) from [<c0289cec>] (handle_fasteoi_irq+0xa8/0x180)
[  136.532820] [<c0289cec>] (handle_fasteoi_irq) from [<c028690c>] (generic_handle_irq+0x20/0x30)
[  136.555186] [<c028690c>] (generic_handle_irq) from [<c0286a08>] (__handle_domain_irq+0x54/0xac)
[  136.577775] [<c0286a08>] (__handle_domain_irq) from [<c020a6ec>] (gic_handle_irq+0x2c/0x6c)
[  136.599450] [<c020a6ec>] (gic_handle_irq) from [<c0214000>] (__irq_svc+0x40/0x54)
[  136.618770] Exception stack(0xee541d38 to 0xee541d80)
[  136.631943] 1d20:                                                       000000ec ffffffff
[  136.653178] 1d40: 00001d12 c0472368 00051a06 ee010000 ee00f280 000f4240 00000001 ee00f3c0
[  136.674382] 1d60: c0ed0d74 00000000 00000000 ee541d80 c023ca18 c0472398 200f0013 ffffffff
[  136.695673] [<c0214000>] (__irq_svc) from [<c0472398>] (__loop_delay+0x0/0x10)
URL:gtsystest.telogy.design.ti.com/vatf/tigtfarm06/tigtfarm06_vatf@am43xx-gpevm/tigtfarm0605_25_2015_06_54_58/files/session_iteration_1/test_1
