- 07:14:41 [INFO] Starting target session
- 07:14:41 [INFO] Connected to am43xx-gpevm via serial 
- 07:14:41 [INFO] Host: 
- 07:14:43 [ERROR] On command:  waiting for (?m-ix:.*login:) >>> error: execution expired
- 07:14:43 [INFO] Target: 

root@am437x-evm:/test# 
- 07:14:43 [INFO] Host: 
- 07:14:44 [INFO] Target: 

root@am437x-evm:/test# 
- 07:14:44 [INFO] Host: sync;poweroff
- 07:14:58 [INFO] Target: 
sync;poweroff



INIT: Sending processes the TERM signal

Broadcast message from root@am437x-evm (ttyO0) (Thu Apr 24 22:31:01 2014):



The system is going down for system halt NOW!

root@am437x-evm:/test# 
INIT: Sending proStopping telnet daemon.
Stopping system message bus: dbus.
Stopping syslogd/klogd: stopped syslogd (pid 1330)
stopped klogd (pid 1333)
done
Stopping thttpd.
ALSA: Storing mixer settings...
/usr/sbin/alsactl: save_state:1590: No soundcards found...
Deconfiguring network interfaces... done.
Sending all processes the TERM signal...
Sending all processes the KILL signal...
Unmounting remote filesystems...
Deactivating swap...
Unmounting local filesystems...
[  865.067732] reboot: System halted

- 07:14:59 [INFO] Disconnected serial from am43xx-gpevm
- 07:14:59 [INFO] Connected to am43xx-gpevm via serial 
- 07:14:59 [INFO] Host: 
- 07:15:00 [ERROR] On command:  waiting for (?m-ix:(U-Boot|AM335X_EVM)\s*#) >>> error: execution expired
- 07:15:00 [INFO] Target: 

- 07:15:00 [INFO] Host: 
- 07:15:00 [ERROR] On command:  waiting for (?m-ix:(U-Boot|AM335X_EVM)\s*#) >>> error: execution expired
- 07:15:00 [INFO] Target: 

U-Boot SPL 2013.10-g78d8ebd (Mar 06 2014 - 13:09:07)
SPL: Please implement spl_start_uboot() for your board
SPL: Direct Linux boot not active!
reading u-boot.img
reading u-boot.img


U-Boot 2013.10-g78d8ebd (Mar 06 2014 - 13:09:07)

I2C:   
- 07:15:00 [INFO] Host: 
- 07:15:01 [ERROR] On command:  waiting for (?m-ix:(U-Boot|AM335X_EVM)\s*#) >>> error: execution expired
- 07:15:01 [INFO] Target: 
ready
DRAM:  1 GiB
NAND:  512 MiB
MMC:   OMAP SD/MMC: 0, OMAP SD/MMC: 1

- 07:15:01 [INFO] Host: 
- 07:15:01 [INFO] Target: 
Net:   <ethaddr> not set. Validating first E-fuse MAC
cpsw
Hit any key to stop autoboot:  3  0 
U-Boot# 
U-Boot# 
- 07:15:01 [INFO] Host: 
- 07:15:02 [INFO] Target: 

U-Boot# 
- 07:15:02 [INFO] Host: version
- 07:15:02 [INFO] Target: 
version

U-Boot 2013.10-g78d8ebd (Mar 06 2014 - 13:09:07)
arm-linux-gnueabihf-gcc (crosstool-NG linaro-1.13.1-4.7-2013.03-20130313 - Linaro GCC 2013.03) 4.7.3 20130226 (prerelease)
GNU ld (crosstool-NG linaro-1.13.1-4.7-2013.03-20130313 - Linaro GCC 2013.03) 2.23.1
U-Boot# 
- 07:15:02 [INFO] Host: setenv bootargs 'console=ttyO0,115200n8 earlyprintk rootwait '
- 07:15:03 [INFO] Target: 
setenv bootargs 'console=ttyO0,115200n8 earlyprintk rootwait '
U-Boot# 
- 07:15:03 [INFO] Host: setenv bootcmd  ''
- 07:15:03 [INFO] Target: 
setenv bootcmd  ''
U-Boot# 
- 07:15:03 [INFO] Host: setenv autoload 'no'
- 07:15:04 [INFO] Target: 
setenv autoload 'no'
U-Boot# 
- 07:15:04 [INFO] Host: setenv serverip '192.168.0.1'
- 07:15:04 [INFO] Target: 
setenv serverip '192.168.0.1'
U-Boot# 
- 07:15:04 [INFO] Host: printenv
- 07:15:05 [INFO] Target: 
printenv
arch=arm
autoload=no
baudrate=115200
board=am43xx
board_name=AM43__GP
board_rev=1.2A
boot_targets=usb mmc0 nand 
bootargs=console=ttyO0,115200n8 earlyprintk rootwait 
bootcmd=
bootcmd_mmc0=setenv devnum 0; setenv rootpart 2; run mmc_boot;
bootcmd_nand=run nandboot;
bootcmd_usb=setenv devnum 0; run usb_boot;
bootdelay=3
bootdir=/boot
bootenv=uEnv.txt
bootfile=zImage
bootpart=0:2
console=ttyO0,115200n8
cpu=armv7
eth1addr=34:b1:f7:31:60:9b
ethact=cpsw
ethaddr=34:b1:f7:31:60:99
fdt_high=0xa0000000
fdtaddr=0x80F80000
fdtfile=undefined
findfdt=if test $board_name = AM43EPOS; then setenv fdtfile am43x-epos-evm.dtb; fi; if test $board_name = AM43__GP; then setenv fdtfile am437x-gp-evm.dtb; fi; if test $fdtfile = undefined; then echo WARNING: Could not determine device tree; fi; 
importbootenv=echo Importing environment from mmc ...; env import -t $loadaddr $filesize
loadaddr=0x80200000
loadbootenv=load mmc ${mmcdev} ${loadaddr} ${bootenv}
loadfdt=load mmc ${bootpart} ${fdtaddr} ${bootdir}/${fdtfile}
loadimage=load mmc ${bootpart} ${loadaddr} ${bootdir}/${bootfile}
loadramdisk=load mmc ${mmcdev} ${rdaddr} ramdisk.gz
mmc_boot=setenv devtype mmc; if mmc dev ${devnum}; then run mmcargs;run scan_boot; run mmcboot;setenv mmcdev 1; setenv bootpart 1:2; run mmcboot;fi
mmcargs=setenv bootargs console=${console} ${optargs} root=${mmcroot} rootfstype=${mmcrootfstype}
mmcboot=mmc dev ${mmcdev}; if mmc rescan; then echo SD/MMC found on device ${mmcdev};if run loadbootenv; then echo Loaded environment from ${bootenv};run importbootenv;fi;if test -n $uenvcmd; then echo Running uenvcmd ...;run uenvcmd;fi;if run loadimage; then run loadfdt; echo Booting from mmc${mmcdev} ...; run mmcargs; bootz ${loadaddr} - ${fdtaddr}; fi;fi;
mmcdev=0
mmcroot=/dev/mmcblk0p2 rw
mmcrootfstype=ext4 rootwait
mtdids=nand0=nand.0
mtdparts=mtdparts=nand.0:256k(NAND.SPL),256k(NAND.SPL.backup1),256k(NAND.SPL.backup2),256k(NAND.SPL.backup3),512k(NAND.u-boot-spl-os),1m(NAND.u-boot),256k(NAND.u-boot-env),256k(NAND.u-boot-env.backup1),7m(NAND.kernel),-(NAND.file-system)
nandargs=setenv bootargs console=${console} ${optargs} root=${nandroot} rootfstype=${nandrootfstype}
nandboot=echo Booting from nand ...; run nandargs; nand read ${fdtaddr} NAND.u-boot-spl-os; nand read ${loadaddr} NAND.kernel; bootz ${loadaddr} - ${fdtaddr}
nandroot=ubi0:rootfs rw ubi.mtd=NAND.file-system,4096
nandrootfstype=ubifs rootwait=1
netargs=setenv bootargs console=${console} ${optargs} root=/dev/nfs nfsroot=${serverip}:${rootpath},${nfsopts} rw ip=dhcp
netboot=echo Booting from network ...; setenv autoload no; dhcp; tftp ${loadaddr} ${bootfile}; tftp ${fdtaddr} ${fdtfile}; run netargs; bootz ${loadaddr} - ${fdtaddr}
nfsopts=nolock
partitions=uuid_disk=${uuid_gpt_disk};name=rootfs,start=2MiB,size=-,uuid=${uuid_gpt_rootfs}
ramargs=setenv bootargs console=${console} ${optargs} root=${ramroot} rootfstype=${ramrootfstype}
ramroot=/dev/ram0 rw ramdisk_size=65536 initrd=${rdaddr},64M
ramrootfstype=ext2
rdaddr=0x81000000
rootpart=2
rootpath=/export/rootfs
scan_boot=echo Scanning ${devtype} ${devnum}...; for prefix in ${bootdir}; do for script in ${bootfile}; do run script_boot; done; done;
script_boot=if load ${devtype} ${devnum}:${rootpart} ${loadaddr} ${bootdir}/${bootfile}; then run findfdt; load ${devtype} ${devnum}:${rootpart} ${fdtaddr} ${bootdir}/${fdtfile};fi;
serverip=192.168.0.1
soc=am33xx
static_ip=${ipaddr}:${serverip}:${gatewayip}:${netmask}:${hostname}::off
stderr=serial
stdin=serial
stdout=serial
usb_boot=setenv devtype usb; run usb_init; if usb dev 0; then run usbargs;run scan_boot; bootz ${loadaddr} - ${fdtaddr}; fi
usb_init=usb start 0;
usbargs=setenv bootargs console=${console} ${optargs} root=${usbroot} rootfstype=${usbrootfstype}
usbroot=/dev/sda2 rw
usbrootfstype=ext4 rootwait
vendor=ti
ver=U-Boot 2013.10-g78d8ebd (Mar 06 2014 - 13:09:07)

Environment size: 3985/131067 bytes
U-Boot# 
- 07:15:05 [INFO] Host: printenv
- 07:15:05 [INFO] Target: 
printenv
arch=arm
autoload=no
baudrate=115200
board=am43xx
board_name=AM43__GP
board_rev=1.2A
boot_targets=usb mmc0 nand 
bootargs=console=ttyO0,115200n8 earlyprintk rootwait 
bootcmd=
bootcmd_mmc0=setenv devnum 0; setenv rootpart 2; run mmc_boot;
bootcmd_nand=run nandboot;
bootcmd_usb=setenv devnum 0; run usb_boot;
bootdelay=3
bootdir=/boot
bootenv=uEnv.txt
bootfile=zImage
bootpart=0:2
console=ttyO0,115200n8
cpu=armv7
eth1addr=34:b1:f7:31:60:9b
ethact=cpsw
ethaddr=34:b1:f7:31:60:99
fdt_high=0xa0000000
fdtaddr=0x80F80000
fdtfile=undefined
findfdt=if test $board_name = AM43EPOS; then setenv fdtfile am43x-epos-evm.dtb; fi; if test $board_name = AM43__GP; then setenv fdtfile am437x-gp-evm.dtb; fi; if test $fdtfile = undefined; then echo WARNING: Could not determine device tree; fi; 
importbootenv=echo Importing environment from mmc ...; env import -t $loadaddr $filesize
loadaddr=0x80200000
loadbootenv=load mmc ${mmcdev} ${loadaddr} ${bootenv}
loadfdt=load mmc ${bootpart} ${fdtaddr} ${bootdir}/${fdtfile}
loadimage=load mmc ${bootpart} ${loadaddr} ${bootdir}/${bootfile}
loadramdisk=load mmc ${mmcdev} ${rdaddr} ramdisk.gz
mmc_boot=setenv devtype mmc; if mmc dev ${devnum}; then run mmcargs;run scan_boot; run mmcboot;setenv mmcdev 1; setenv bootpart 1:2; run mmcboot;fi
mmcargs=setenv bootargs console=${console} ${optargs} root=${mmcroot} rootfstype=${mmcrootfstype}
mmcboot=mmc dev ${mmcdev}; if mmc rescan; then echo SD/MMC found on device ${mmcdev};if run loadbootenv; then echo Loaded environment from ${bootenv};run importbootenv;fi;if test -n $uenvcmd; then echo Running uenvcmd ...;run uenvcmd;fi;if run loadimage; then run loadfdt; echo Booting from mmc${mmcdev} ...; run mmcargs; bootz ${loadaddr} - ${fdtaddr}; fi;fi;
mmcdev=0
mmcroot=/dev/mmcblk0p2 rw
mmcrootfstype=ext4 rootwait
mtdids=nand0=nand.0
mtdparts=mtdparts=nand.0:256k(NAND.SPL),256k(NAND.SPL.backup1),256k(NAND.SPL.backup2),256k(NAND.SPL.backup3),512k(NAND.u-boot-spl-os),1m(NAND.u-boot),256k(NAND.u-boot-env),256k(NAND.u-boot-env.backup1),7m(NAND.kernel),-(NAND.file-system)
nandargs=setenv bootargs console=${console} ${optargs} root=${nandroot} rootfstype=${nandrootfstype}
nandboot=echo Booting from nand ...; run nandargs; nand read ${fdtaddr} NAND.u-boot-spl-os; nand read ${loadaddr} NAND.kernel; bootz ${loadaddr} - ${fdtaddr}
nandroot=ubi0:rootfs rw ubi.mtd=NAND.file-system,4096
nandrootfstype=ubifs rootwait=1
netargs=setenv bootargs console=${console} ${optargs} root=/dev/nfs nfsroot=${serverip}:${rootpath},${nfsopts} rw ip=dhcp
netboot=echo Booting from network ...; setenv autoload no; dhcp; tftp ${loadaddr} ${bootfile}; tftp ${fdtaddr} ${fdtfile}; run netargs; bootz ${loadaddr} - ${fdtaddr}
nfsopts=nolock
partitions=uuid_disk=${uuid_gpt_disk};name=rootfs,start=2MiB,size=-,uuid=${uuid_gpt_rootfs}
ramargs=setenv bootargs console=${console} ${optargs} root=${ramroot} rootfstype=${ramrootfstype}
ramroot=/dev/ram0 rw ramdisk_size=65536 initrd=${rdaddr},64M
ramrootfstype=ext2
rdaddr=0x81000000
rootpart=2
rootpath=/export/rootfs
scan_boot=echo Scanning ${devtype} ${devnum}...; for prefix in ${bootdir}; do for script in ${bootfile}; do run script_boot; done; done;
script_boot=if load ${devtype} ${devnum}:${rootpart} ${loadaddr} ${bootdir}/${bootfile}; then run findfdt; load ${devtype} ${devnum}:${rootpart} ${fdtaddr} ${bootdir}/${fdtfile};fi;
serverip=192.168.0.1
soc=am33xx
static_ip=${ipaddr}:${serverip}:${gatewayip}:${netmask}:${hostname}::off
stderr=serial
stdin=serial
stdout=serial
usb_boot=setenv devtype usb; run usb_init; if usb dev 0; then run usbargs;run scan_boot; bootz ${loadaddr} - ${fdtaddr}; fi
usb_init=usb start 0;
usbargs=setenv bootargs console=${console} ${optargs} root=${usbroot} rootfstype=${usbrootfstype}
usbroot=/dev/sda2 rw
usbrootfstype=ext4 rootwait
vendor=ti
ver=U-Boot 2013.10-g78d8ebd (Mar 06 2014 - 13:09:07)

Environment size: 3985/131067 bytes
U-Boot# 
- 07:15:05 [INFO] Host: setenv bootargs ''${bootargs}' ip=dhcp '
- 07:15:06 [INFO] Target: 
setenv bootargs ''${bootargs}' ip=dhcp '
U-Boot# 
- 07:15:06 [INFO] Host: setenv ipaddr dhcp
- 07:15:06 [INFO] Target: 
setenv ipaddr dhcp
U-Boot# 
- 07:15:06 [INFO] Host: dhcp
- 07:15:08 [INFO] Target: 
dhcp
cpsw Waiting for PHY auto negotiation to complete. done
link up on port 0, speed 1000, full duplex
BOOTP broadcast 1
DHCP client bound to address 192.168.0.183
U-Boot# 
- 07:15:08 [INFO] Host: setenv serverip '192.168.0.1'
- 07:15:09 [INFO] Target: 
setenv serverip '192.168.0.1'
U-Boot# 
- 07:15:09 [INFO] Host: tftp ${loadaddr} 192.168.0.1:vatf_am43xx-gpevm/11407e414372bcb96a2db51dc8ddc345
- 07:15:10 [INFO] Target: 
tftp ${loadaddr} 192.168.0.1:vatf_am43xx-gpevm/11407e414372bcb96a2db51dc8ddc345
link up on port 0, speed 1000, full duplex
Using cpsw device
TFTP from server 192.168.0.1; our IP address is 192.168.0.183
Filename 'vatf_am43xx-gpevm/11407e414372bcb96a2db51dc8ddc345'.
Load address: 0x80200000
Loading: *#################################################################
	 #################################################################
	 #################################################################
	 #################################################################
	 #################################################################
	 #########################
	 10.5 MiB/s
done
Bytes transferred = 5128792 (4e4258 hex)
U-Boot# 
- 07:15:10 [INFO] Host: tftp ${fdtaddr} 192.168.0.1:vatf_am43xx-gpevm/e5dc62881d12bc0338f4b5b1a9b0b92e
- 07:15:10 [INFO] Target: 
tftp ${fdtaddr} 192.168.0.1:vatf_am43xx-gpevm/e5dc62881d12bc0338f4b5b1a9b0b92e
link up on port 0, speed 1000, full duplex
Using cpsw device
TFTP from server 192.168.0.1; our IP address is 192.168.0.183
Filename 'vatf_am43xx-gpevm/e5dc62881d12bc0338f4b5b1a9b0b92e'.
Load address: 0x80f80000
Loading: *###
	 8.5 MiB/s
done
Bytes transferred = 35860 (8c14 hex)
U-Boot# 
- 07:15:10 [INFO] Host: ls mmc 0:1
- 07:15:11 [INFO] Target: 
ls mmc 0:1
   108684   mlo 
     1164   readme 
   348828   u-boot.img 
       52   pointercal 
       13   .ipaddr 

5 file(s), 0 dir(s)

U-Boot# 
- 07:15:11 [INFO] Host: ls mmc 0:2
- 07:15:11 [INFO] Target: 
ls mmc 0:2
<DIR>       4096 .
<DIR>       4096 ..
<DIR>       4096 bin
<DIR>       4096 boot
<DIR>       4096 dev
<DIR>       4096 etc
<DIR>       4096 home
<DIR>       4096 lib
<DIR>       4096 media
<DIR>       4096 mnt
<DIR>       4096 opt
<DIR>       4096 proc
<SYM>          8 run
<DIR>       4096 sbin
<DIR>       4096 srv
<DIR>       4096 sys
<SYM>          8 tmp
<DIR>       4096 usr
<DIR>       4096 var
<DIR>       4096 www
<DIR>       4096 Settings
<DIR>       4096 test
U-Boot# 
- 07:15:11 [INFO] Host: part uuid mmc 0:2
- 07:15:12 [INFO] Target: 
part uuid mmc 0:2
00000000-02
U-Boot# 
- 07:15:12 [INFO] Host: printenv
- 07:15:12 [INFO] Target: 
printenv
arch=arm
autoload=no
baudrate=115200
board=am43xx
board_name=AM43__GP
board_rev=1.2A
boot_targets=usb mmc0 nand 
bootargs=console=ttyO0,115200n8 earlyprintk rootwait ip=dhcp
bootcmd=
bootcmd_mmc0=setenv devnum 0; setenv rootpart 2; run mmc_boot;
bootcmd_nand=run nandboot;
bootcmd_usb=setenv devnum 0; run usb_boot;
bootdelay=3
bootdir=/boot
bootenv=uEnv.txt
bootfile=zImage
bootpart=0:2
console=ttyO0,115200n8
cpu=armv7
dnsip=192.0.2.2
dnsip2=192.0.2.3
eth1addr=34:b1:f7:31:60:9b
ethact=cpsw
ethaddr=34:b1:f7:31:60:99
fdt_high=0xa0000000
fdtaddr=0x80F80000
fdtfile=undefined
fileaddr=80f80000
filesize=8c14
findfdt=if test $board_name = AM43EPOS; then setenv fdtfile am43x-epos-evm.dtb; fi; if test $board_name = AM43__GP; then setenv fdtfile am437x-gp-evm.dtb; fi; if test $fdtfile = undefined; then echo WARNING: Could not determine device tree; fi; 
gatewayip=192.168.0.1
importbootenv=echo Importing environment from mmc ...; env import -t $loadaddr $filesize
ipaddr=192.168.0.183
loadaddr=0x80200000
loadbootenv=load mmc ${mmcdev} ${loadaddr} ${bootenv}
loadfdt=load mmc ${bootpart} ${fdtaddr} ${bootdir}/${fdtfile}
loadimage=load mmc ${bootpart} ${loadaddr} ${bootdir}/${bootfile}
loadramdisk=load mmc ${mmcdev} ${rdaddr} ramdisk.gz
mmc_boot=setenv devtype mmc; if mmc dev ${devnum}; then run mmcargs;run scan_boot; run mmcboot;setenv mmcdev 1; setenv bootpart 1:2; run mmcboot;fi
mmcargs=setenv bootargs console=${console} ${optargs} root=${mmcroot} rootfstype=${mmcrootfstype}
mmcboot=mmc dev ${mmcdev}; if mmc rescan; then echo SD/MMC found on device ${mmcdev};if run loadbootenv; then echo Loaded environment from ${bootenv};run importbootenv;fi;if test -n $uenvcmd; then echo Running uenvcmd ...;run uenvcmd;fi;if run loadimage; then run loadfdt; echo Booting from mmc${mmcdev} ...; run mmcargs; bootz ${loadaddr} - ${fdtaddr}; fi;fi;
mmcdev=0
mmcroot=/dev/mmcblk0p2 rw
mmcrootfstype=ext4 rootwait
mtdids=nand0=nand.0
mtdparts=mtdparts=nand.0:256k(NAND.SPL),256k(NAND.SPL.backup1),256k(NAND.SPL.backup2),256k(NAND.SPL.backup3),512k(NAND.u-boot-spl-os),1m(NAND.u-boot),256k(NAND.u-boot-env),256k(NAND.u-boot-env.backup1),7m(NAND.kernel),-(NAND.file-system)
nandargs=setenv bootargs console=${console} ${optargs} root=${nandroot} rootfstype=${nandrootfstype}
nandboot=echo Booting from nand ...; run nandargs; nand read ${fdtaddr} NAND.u-boot-spl-os; nand read ${loadaddr} NAND.kernel; bootz ${loadaddr} - ${fdtaddr}
nandroot=ubi0:rootfs rw ubi.mtd=NAND.file-system,4096
nandrootfstype=ubifs rootwait=1
netargs=setenv bootargs console=${console} ${optargs} root=/dev/nfs nfsroot=${serverip}:${rootpath},${nfsopts} rw ip=dhcp
netboot=echo Booting from network ...; setenv autoload no; dhcp; tftp ${loadaddr} ${bootfile}; tftp ${fdtaddr} ${fdtfile}; run netargs; bootz ${loadaddr} - ${fdtaddr}
netmask=255.255.255.0
nfsopts=nolock
partitions=uuid_disk=${uuid_gpt_disk};name=rootfs,start=2MiB,size=-,uuid=${uuid_gpt_rootfs}
ramargs=setenv bootargs console=${console} ${optargs} root=${ramroot} rootfstype=${ramrootfstype}
ramroot=/dev/ram0 rw ramdisk_size=65536 initrd=${rdaddr},64M
ramrootfstype=ext2
rdaddr=0x81000000
rootpart=2
rootpath=/export/rootfs
scan_boot=echo Scanning ${devtype} ${devnum}...; for prefix in ${bootdir}; do for script in ${bootfile}; do run script_boot; done; done;
script_boot=if load ${devtype} ${devnum}:${rootpart} ${loadaddr} ${bootdir}/${bootfile}; then run findfdt; load ${devtype} ${devnum}:${rootpart} ${fdtaddr} ${bootdir}/${fdtfile};fi;
serverip=192.168.0.1
soc=am33xx
static_ip=${ipaddr}:${serverip}:${gatewayip}:${netmask}:${hostname}::off
stderr=serial
stdin=serial
stdout=serial
usb_boot=setenv devtype usb; run usb_init; if usb dev 0; then run usbargs;run scan_boot; bootz ${loadaddr} - ${fdtaddr}; fi
usb_init=usb start 0;
usbargs=setenv bootargs console=${console} ${optargs} root=${usbroot} rootfstype=${usbrootfstype}
usbroot=/dev/sda2 rw
usbrootfstype=ext4 rootwait
vendor=ti
ver=U-Boot 2013.10-g78d8ebd (Mar 06 2014 - 13:09:07)

Environment size: 4136/131067 bytes
U-Boot# 
- 07:15:12 [INFO] Host: setenv bootargs ''${bootargs}' root=PARTUUID=00000000-02 rw rootfstype=ext4 rootwait '
- 07:15:13 [INFO] Target: 
setenv bootargs ''${bootargs}' root=PARTUUID=00000000-02 rw rootfstype=ext4 rootwait '
U-Boot# 
- 07:15:13 [INFO] Host: printenv
- 07:15:13 [INFO] Target: 
printenv
arch=arm
autoload=no
baudrate=115200
board=am43xx
board_name=AM43__GP
board_rev=1.2A
boot_targets=usb mmc0 nand 
bootargs=console=ttyO0,115200n8 earlyprintk rootwait ip=dhcp root=PARTUUID=00000000-02 rw rootfstype=ext4 rootwait
bootcmd=
bootcmd_mmc0=setenv devnum 0; setenv rootpart 2; run mmc_boot;
bootcmd_nand=run nandboot;
bootcmd_usb=setenv devnum 0; run usb_boot;
bootdelay=3
bootdir=/boot
bootenv=uEnv.txt
bootfile=zImage
bootpart=0:2
console=ttyO0,115200n8
cpu=armv7
dnsip=192.0.2.2
dnsip2=192.0.2.3
eth1addr=34:b1:f7:31:60:9b
ethact=cpsw
ethaddr=34:b1:f7:31:60:99
fdt_high=0xa0000000
fdtaddr=0x80F80000
fdtfile=undefined
fileaddr=80f80000
filesize=8c14
findfdt=if test $board_name = AM43EPOS; then setenv fdtfile am43x-epos-evm.dtb; fi; if test $board_name = AM43__GP; then setenv fdtfile am437x-gp-evm.dtb; fi; if test $fdtfile = undefined; then echo WARNING: Could not determine device tree; fi; 
gatewayip=192.168.0.1
importbootenv=echo Importing environment from mmc ...; env import -t $loadaddr $filesize
ipaddr=192.168.0.183
loadaddr=0x80200000
loadbootenv=load mmc ${mmcdev} ${loadaddr} ${bootenv}
loadfdt=load mmc ${bootpart} ${fdtaddr} ${bootdir}/${fdtfile}
loadimage=load mmc ${bootpart} ${loadaddr} ${bootdir}/${bootfile}
loadramdisk=load mmc ${mmcdev} ${rdaddr} ramdisk.gz
mmc_boot=setenv devtype mmc; if mmc dev ${devnum}; then run mmcargs;run scan_boot; run mmcboot;setenv mmcdev 1; setenv bootpart 1:2; run mmcboot;fi
mmcargs=setenv bootargs console=${console} ${optargs} root=${mmcroot} rootfstype=${mmcrootfstype}
mmcboot=mmc dev ${mmcdev}; if mmc rescan; then echo SD/MMC found on device ${mmcdev};if run loadbootenv; then echo Loaded environment from ${bootenv};run importbootenv;fi;if test -n $uenvcmd; then echo Running uenvcmd ...;run uenvcmd;fi;if run loadimage; then run loadfdt; echo Booting from mmc${mmcdev} ...; run mmcargs; bootz ${loadaddr} - ${fdtaddr}; fi;fi;
mmcdev=0
mmcroot=/dev/mmcblk0p2 rw
mmcrootfstype=ext4 rootwait
mtdids=nand0=nand.0
mtdparts=mtdparts=nand.0:256k(NAND.SPL),256k(NAND.SPL.backup1),256k(NAND.SPL.backup2),256k(NAND.SPL.backup3),512k(NAND.u-boot-spl-os),1m(NAND.u-boot),256k(NAND.u-boot-env),256k(NAND.u-boot-env.backup1),7m(NAND.kernel),-(NAND.file-system)
nandargs=setenv bootargs console=${console} ${optargs} root=${nandroot} rootfstype=${nandrootfstype}
nandboot=echo Booting from nand ...; run nandargs; nand read ${fdtaddr} NAND.u-boot-spl-os; nand read ${loadaddr} NAND.kernel; bootz ${loadaddr} - ${fdtaddr}
nandroot=ubi0:rootfs rw ubi.mtd=NAND.file-system,4096
nandrootfstype=ubifs rootwait=1
netargs=setenv bootargs console=${console} ${optargs} root=/dev/nfs nfsroot=${serverip}:${rootpath},${nfsopts} rw ip=dhcp
netboot=echo Booting from network ...; setenv autoload no; dhcp; tftp ${loadaddr} ${bootfile}; tftp ${fdtaddr} ${fdtfile}; run netargs; bootz ${loadaddr} - ${fdtaddr}
netmask=255.255.255.0
nfsopts=nolock
partitions=uuid_disk=${uuid_gpt_disk};name=rootfs,start=2MiB,size=-,uuid=${uuid_gpt_rootfs}
ramargs=setenv bootargs console=${console} ${optargs} root=${ramroot} rootfstype=${ramrootfstype}
ramroot=/dev/ram0 rw ramdisk_size=65536 initrd=${rdaddr},64M
ramrootfstype=ext2
rdaddr=0x81000000
rootpart=2
rootpath=/export/rootfs
scan_boot=echo Scanning ${devtype} ${devnum}...; for prefix in ${bootdir}; do for script in ${bootfile}; do run script_boot; done; done;
script_boot=if load ${devtype} ${devnum}:${rootpart} ${loadaddr} ${bootdir}/${bootfile}; then run findfdt; load ${devtype} ${devnum}:${rootpart} ${fdtaddr} ${bootdir}/${fdtfile};fi;
serverip=192.168.0.1
soc=am33xx
static_ip=${ipaddr}:${serverip}:${gatewayip}:${netmask}:${hostname}::off
stderr=serial
stdin=serial
stdout=serial
usb_boot=setenv devtype usb; run usb_init; if usb dev 0; then run usbargs;run scan_boot; bootz ${loadaddr} - ${fdtaddr}; fi
usb_init=usb start 0;
usbargs=setenv bootargs console=${console} ${optargs} root=${usbroot} rootfstype=${usbrootfstype}
usbroot=/dev/sda2 rw
usbrootfstype=ext4 rootwait
vendor=ti
ver=U-Boot 2013.10-g78d8ebd (Mar 06 2014 - 13:09:07)

Environment size: 4190/131067 bytes
U-Boot# 
- 07:15:13 [INFO] Host: setenv bootcmd ''${bootcmd}' if iminfo ${loadaddr}; then bootm ${loadaddr} - ${fdtaddr}; else bootz ${loadaddr} - ${fdtaddr}; bootm ${loadaddr} - ${fdtaddr}; fi'
- 07:15:14 [INFO] Target: 
setenv bootcmd ''${bootcmd}' if iminfo ${loadaddr}; then bootm ${loadaddr} - ${fdtaddr}; else bootz ${loadaddr} - ${fdtaddr}; bootm ${loadaddr} - ${fdtaddr}; fi'
U-Boot# 
- 07:15:14 [INFO] Host: bdinfo
- 07:15:14 [INFO] Target: 
bdinfo
arch_number = 0x00000000
boot_params = 0x80000100
DRAM bank   = 0x00000000
-> start    = 0x80000000
-> size     = 0x40000000
eth0name    = cpsw
ethaddr     = 34:b1:f7:31:60:99
current eth = cpsw
ip_addr     = 192.168.0.183
baudrate    = 115200 bps
TLB addr    = 0xBFFF0000
relocaddr   = 0xBFF41000
reloc off   = 0x3F741000
irq_sp      = 0xBFB20F38
sp start    = 0xBFB20F28
U-Boot# 
- 07:15:14 [INFO] Host: boot
- 07:15:31 [INFO] Target: 
boot

## Checking Image at 80200000 ...
Unknown image format!
Kernel image @ 0x80200000 [ 0x000000 - 0x4e4258 ]
## Flattened Device Tree blob at 80f80000
   Booting using the fdt blob at 0x80f80000
   Loading Device Tree to 9fff4000, end 9ffffc13 ... OK

Starting kernel ...

[    0.000000] Booting Linux on physical CPU 0x0
[    0.000000] Linux version 3.17.0-rc1-next-20140820-00002-g8215a1a (nmenon@kahuna) (gcc version 4.6.3 (Ubuntu/Linaro 4.6.3-1ubuntu5) ) #1 SMP Thu Aug 21 06:12:27 CDT 2014
[    0.000000] CPU: ARMv7 Processor [412fc09a] revision 10 (ARMv7), cr=10c5387d
[    0.000000] CPU: PIPT / VIPT nonaliasing data cache, VIPT aliasing instruction cache
[    0.000000] Machine model: TI AM437x GP EVM
[    0.000000] cma: Reserved 64 MiB at ab800000
[    0.000000] Memory policy: Data cache writeback
[    0.000000] CPU: All CPU(s) started in SVC mode.
[    0.000000] AM437x ES1.1 (sgx neon )
[    0.000000] L2C: platform modifies aux control register: 0x0e030000 -> 0x3e430000
[    0.000000] L2C: DT/platform modifies aux control register: 0x0e030000 -> 0x3e430000
[    0.000000] L2C-310 erratum 769419 enabled
[    0.000000] L2C-310 enabling early BRESP for Cortex-A9
[    0.000000] L2C-310 ID prefetch enabled, offset 1 lines
[    0.000000] OMAP L2C310: ROM does not support power control setting
[    0.000000] L2C-310 dynamic clock gating disabled, standby mode disabled
[    0.000000] L2C-310 cache controller enabled, 16 ways, 256 kB
[    0.000000] L2C-310: CACHE_ID 0x410000c9, AUX_CTRL 0x7e430000
[    0.000000] PERCPU: Embedded 8 pages/cpu @eafae000 s8512 r8192 d16064 u32768
[    0.000000] Built 1 zonelists in Zone order, mobility grouping on.  Total pages: 260624
[    0.000000] Kernel command line: console=ttyO0,115200n8 earlyprintk rootwait ip=dhcp root=PARTUUID=00000000-02 rw rootfstype=ext4 rootwait
[    0.000000] PID hash table entries: 4096 (order: 2, 16384 bytes)
[    0.000000] Dentry cache hash table entries: 131072 (order: 7, 524288 bytes)
[    0.000000] Inode-cache hash table entries: 65536 (order: 6, 262144 bytes)
[    0.000000] Memory: 962380K/1048576K available (6694K kernel code, 926K rwdata, 2684K rodata, 696K init, 305K bss, 86196K reserved, 270336K highmem)
[    0.000000] Virtual kernel memory layout:
[    0.000000]     vector  : 0xffff0000 - 0xffff1000   (   4 kB)
[    0.000000]     fixmap  : 0xffc00000 - 0xffe00000   (2048 kB)
[    0.000000]     vmalloc : 0xf0000000 - 0xff000000   ( 240 MB)
[    0.000000]     lowmem  : 0xc0000000 - 0xef800000   ( 760 MB)
[    0.000000]     pkmap   : 0xbfe00000 - 0xc0000000   (   2 MB)
[    0.000000]     modules : 0xbf000000 - 0xbfe00000   (  14 MB)
[    0.000000]       .text : 0xc0208000 - 0xc0b30c28   (9380 kB)
[    0.000000]       .init : 0xc0b31000 - 0xc0bdf140   ( 697 kB)
[    0.000000]       .data : 0xc0be0000 - 0xc0cc7ac0   ( 927 kB)
[    0.000000]        .bss : 0xc0cc7ac0 - 0xc0d13fd0   ( 306 kB)
[    0.000000] SLUB: HWalign=64, Order=0-3, MinObjects=0, CPUs=1, Nodes=1
[    0.000000] Hierarchical RCU implementation.
[    0.000000] 	RCU restricting CPUs from NR_CPUS=8 to nr_cpu_ids=1.
[    0.000000] RCU: Adjusting geometry for rcu_fanout_leaf=16, nr_cpu_ids=1
[    0.000000] NR_IRQS:16 nr_irqs:16 16
[    0.000000] GIC CPU mask not found - kernel will fail to boot.
[    0.000000] GIC CPU mask not found - kernel will fail to boot.
[    0.000000] OMAP clockevent source: timer2 at 24000000 Hz
[    0.000012] sched_clock: 32 bits at 24MHz, resolution 41ns, wraps every 178956969942ns
[    0.000034] OMAP clocksource: timer1 at 24000000 Hz
[    0.000202] Console: colour dummy device 80x30
[    0.000236] Calibrating delay loop... 1195.21 BogoMIPS (lpj=2988032)
[    0.059324] pid_max: default: 32768 minimum: 301
[    0.059484] Mount-cache hash table entries: 2048 (order: 1, 8192 bytes)
[    0.059499] Mountpoint-cache hash table entries: 2048 (order: 1, 8192 bytes)
[    0.060149] CPU: Testing write buffer coherency: ok
[    0.060474] CPU0: thread -1, cpu 0, socket 0, mpidr 80000000
[    0.060565] Setting up static identity map for 0x80853f20 - 0x80853fb8
[    0.063118] Brought up 1 CPUs
[    0.063135] SMP: Total of 1 processors activated.
[    0.063145] CPU: All CPU(s) started in SVC mode.
[    0.063737] devtmpfs: initialized
[    0.070604] VFP support v0.3: implementor 41 architecture 3 part 30 variant 9 rev 4
[    0.086629] omap_hwmod: tptc0 using broken dt data from edma
[    0.086774] omap_hwmod: tptc1 using broken dt data from edma
[    0.086902] omap_hwmod: tptc2 using broken dt data from edma
[    0.150534] omap_hwmod: dss_dispc: cannot be enabled for reset (3)
[    0.153976] omap_hwmod: dss_rfbi: cannot be enabled for reset (3)
[    0.158530] pinctrl core: initialized pinctrl subsystem
[    0.159097] regulator-dummy: no parameters
[    0.170357] NET: Registered protocol family 16
[    0.172940] DMA: preallocated 256 KiB pool for atomic coherent allocations
[    0.175399] cpuidle: using governor ladder
[    0.175424] cpuidle: using governor menu
[    0.195020] platform 49000000.edma: alias fck already exists
[    0.195049] platform 49000000.edma: alias fck already exists
[    0.195067] platform 49000000.edma: alias fck already exists
[    0.197040] OMAP GPIO hardware version 0.1
[    0.201752] platform 53701000.des: Cannot lookup hwmod 'des'
[    0.202383] omap-gpmc 50000000.gpmc: could not find pctldev for node /pinmux@44e10800/nand_flash_x8, deferring probe
[    0.202408] platform 50000000.gpmc: Driver omap-gpmc requests probe deferral
[    0.206149] No ATAGs?
[    0.206190] hw-breakpoint: found 5 (+1 reserved) breakpoint and 1 watchpoint registers.
[    0.206203] hw-breakpoint: maximum watchpoint size is 4 bytes.
[    0.207203] EXYNOS: PMU not supported
[    0.210277] Serial: AMBA PL011 UART driver
[    0.230052] edma-dma-engine edma-dma-engine.0: TI EDMA DMA engine driver
[    0.230823] vmmcsd_fixed: 3300 mV 
[    0.231267] vtt_fixed: 1500 mV 
[    0.233674] vgaarb: loaded
[    0.234546] SCSI subsystem initialized
[    0.235239] usbcore: registered new interface driver usbfs
[    0.235317] usbcore: registered new interface driver hub
[    0.235473] usbcore: registered new device driver usb
[    0.236146] omap_i2c 44e0b000.i2c: could not find pctldev for node /pinmux@44e10800/i2c0_pins, deferring probe
[    0.236174] platform 44e0b000.i2c: Driver omap_i2c requests probe deferral
[    0.236209] omap_i2c 4802a000.i2c: could not find pctldev for node /pinmux@44e10800/i2c1_pins, deferring probe
[    0.236226] platform 4802a000.i2c: Driver omap_i2c requests probe deferral
[    0.236511] Linux video capture interface: v2.00
[    0.236572] pps_core: LinuxPPS API ver. 1 registered
[    0.236582] pps_core: Software ver. 5.3.6 - Copyright 2005-2007 Rodolfo Giometti <giometti@linux.it>
[    0.236627] PTP clock support registered
[    0.236864] EDAC MC: Ver: 3.0.0
[    0.237909] Advanced Linux Sound Architecture Driver Initialized.
[    0.239264] Switched to clocksource timer1
[    0.251147] NET: Registered protocol family 2
[    0.252050] TCP established hash table entries: 8192 (order: 3, 32768 bytes)
[    0.252160] TCP bind hash table entries: 8192 (order: 4, 65536 bytes)
[    0.252335] TCP: Hash tables configured (established 8192 bind 8192)
[    0.252406] TCP: reno registered
[    0.252424] UDP hash table entries: 512 (order: 2, 16384 bytes)
[    0.252489] UDP-Lite hash table entries: 512 (order: 2, 16384 bytes)
[    0.252759] NET: Registered protocol family 1
[    0.253149] RPC: Registered named UNIX socket transport module.
[    0.253164] RPC: Registered udp transport module.
[    0.253173] RPC: Registered tcp transport module.
[    0.253181] RPC: Registered tcp NFSv4.1 backchannel transport module.
[    0.255853] futex hash table entries: 256 (order: 2, 16384 bytes)
[    0.268849] squashfs: version 4.0 (2009/01/31) Phillip Lougher
[    0.269888] NFS: Registering the id_resolver key type
[    0.269943] Key type id_resolver registered
[    0.269953] Key type id_legacy registered
[    0.270027] msgmni has been set to 1479
[    0.270634] bounce: pool size: 64 pages
[    0.270907] Block layer SCSI generic (bsg) driver version 0.4 loaded (major 249)
[    0.270933] io scheduler noop registered
[    0.270950] io scheduler deadline registered
[    0.271160] io scheduler cfq registered (default)
[    0.275289] pinctrl-single 44e10800.pinmux: 199 pins at pa f9e10800 size 796
[    0.279424] backlight supply power not found, using dummy regulator
[    0.279579] pwm-backlight backlight: unable to request PWM, trying legacy API
[    0.279597] pwm-backlight backlight: unable to request legacy PWM
[    0.279694] platform backlight: Driver pwm-backlight requests probe deferral
[    0.349386] Serial: 8250/16550 driver, 4 ports, IRQ sharing disabled
[    0.351594] Serial: IMX driver
[    0.351962] msm_serial: driver initialized
[    0.352433] omap_uart 44e09000.serial: no wakeirq for uart0
[    0.352458] omap_uart 44e09000.serial: No clock speed specified: using default: 48000000
[    0.352624] 44e09000.serial: ttyO0 at MMIO 0x44e09000 (irq = 104, base_baud = 3000000) is a OMAP UART0
[    1.174783] console [ttyO0] enabled
[    1.179085] STMicroelectronics ASC driver initialized
[    1.185333] serial: Freescale lpuart driver
[    1.190082] [drm] Initialized drm 1.1.0 20060810
[    1.201154] loop: module loaded
[    1.209016] CAN device driver interface
[    1.213964] igb: Intel(R) Gigabit Ethernet Network Driver - version 5.2.13-k
[    1.221441] igb: Copyright (c) 2007-2014 Intel Corporation.
[    1.228689] pegasus: v0.9.3 (2013/04/25), Pegasus/Pegasus II USB Ethernet driver
[    1.236613] usbcore: registered new interface driver pegasus
[    1.242721] usbcore: registered new interface driver asix
[    1.248497] usbcore: registered new interface driver ax88179_178a
[    1.255000] usbcore: registered new interface driver cdc_ether
[    1.261244] usbcore: registered new interface driver smsc75xx
[    1.267424] usbcore: registered new interface driver smsc95xx
[    1.273589] usbcore: registered new interface driver net1080
[    1.279654] usbcore: registered new interface driver cdc_subset
[    1.285970] usbcore: registered new interface driver zaurus
[    1.291987] usbcore: registered new interface driver cdc_ncm
[    1.298012] ehci_hcd: USB 2.0 'Enhanced' Host Controller (EHCI) Driver
[    1.304929] ehci-pci: EHCI PCI platform driver
[    1.309710] ehci-platform: EHCI generic platform driver
[    1.315477] ehci-omap: OMAP-EHCI Host Controller driver
[    1.321169] ehci-orion: EHCI orion driver
[    1.325557] SPEAr-ehci: EHCI SPEAr driver
[    1.329937] tegra-ehci: Tegra EHCI driver
[    1.334348] ohci_hcd: USB 1.1 'Open' Host Controller (OHCI) Driver
[    1.340912] ohci-pci: OHCI PCI platform driver
[    1.345697] ohci-platform: OHCI generic platform driver
[    1.351395] ohci-omap3: OHCI OMAP3 driver
[    1.355789] SPEAr-ohci: OHCI SPEAr driver
[    1.360891] usbcore: registered new interface driver usb-storage
[    1.369147] mousedev: PS/2 mouse device common for all mice
[    1.377990] i2c /dev entries driver
[    1.382990] usbcore: registered new interface driver uvcvideo
[    1.389103] USB Video Class driver (1.1.1)
[    1.393453] gspca_main: v2.14.0 registered
[    1.400857] sdhci: Secure Digital Host Controller Interface driver
[    1.407427] sdhci: Copyright(c) Pierre Ossman
[    1.439783] Synopsys Designware Multimedia Card Interface Driver
[    1.446889] sdhci-pltfm: SDHCI platform and OF driver helper
[    1.454341] usbcore: registered new interface driver usbhid
[    1.460255] usbhid: USB HID core driver
[    1.470209] TCP: cubic registered
[    1.473728] NET: Registered protocol family 17
[    1.478496] can: controller area network core (rev 20120528 abi 9)
[    1.485127] NET: Registered protocol family 29
[    1.489854] can: raw protocol (rev 20120528)
[    1.494396] can: broadcast manager protocol (rev 20120528 t)
[    1.500402] can: netlink gateway (rev 20130117) max_hops=1
[    1.506759] Key type dns_resolver registered
[    1.511575] omap_voltage_late_init: Voltage driver support not added
[    1.519032] ThumbEE CPU extension supported.
[    1.523624] Registering SWP/SWPB emulation handler
[    1.530323] omap-gpmc 50000000.gpmc: GPMC revision 6.0
[    1.537742] omap_i2c 44e0b000.i2c: bus 0 rev0.12 at 400 kHz
[    1.545560] omap_i2c 4802a000.i2c: bus 1 rev0.12 at 100 kHz
[    1.552062] backlight supply power not found, using dummy regulator
[    1.558863] pwm-backlight backlight: unable to request PWM, trying legacy API
[    1.566423] pwm-backlight backlight: unable to request legacy PWM
[    1.572964] platform backlight: Driver pwm-backlight requests probe deferral
[    1.634292] davinci_mdio 4a101000.mdio: davinci mdio revision 1.6
[    1.640770] davinci_mdio 4a101000.mdio: detected phy mask fffffffe
[    1.648062] libphy: 4a101000.mdio: probed
[    1.652368] davinci_mdio 4a101000.mdio: phy[0]: device 4a101000.mdio:00, driver unknown
[    1.661907] cpsw 4a100000.ethernet: Detected MACID = 34:b1:f7:31:60:99
[    1.670224] drivers/rtc/hctosys.c: unable to open rtc device (rtc0)
[    1.681129] net eth0: initializing cpsw version 1.15 (0)
[    1.688793] backlight supply power not found, using dummy regulator
[    1.695633] pwm-backlight backlight: unable to request PWM, trying legacy API
[    1.703210] pwm-backlight backlight: unable to request legacy PWM
[    1.709752] platform backlight: Driver pwm-backlight requests probe deferral
[    1.725679] mmc0: host does not support reading read-only switch. assuming write-enable.
[    1.737021] mmc0: new high speed SDHC card at address aaaa
[    1.743471] mmcblk0: mmc0:aaaa SU08G 7.40 GiB 
[    1.749811] net eth0: phy found : id is : 0x221622
[    1.757920]  mmcblk0: p1 p2
[    1.762325] backlight supply power not found, using dummy regulator
[    1.769152] pwm-backlight backlight: unable to request PWM, trying legacy API
[    1.776744] pwm-backlight backlight: unable to request legacy PWM
[    1.783273] platform backlight: Driver pwm-backlight requests probe deferral
[    4.750154] cpsw 4a100000.ethernet eth0: Link is Up - 1Gbps/Full - flow control rx/tx
[    4.774289] Sending DHCP requests ., OK
[    4.814758] IP-Config: Got DHCP answer from 192.168.0.1, my address is 192.168.0.183
[    4.823115] IP-Config: Complete:
[    4.826562]      device=eth0, hwaddr=34:b1:f7:31:60:99, ipaddr=192.168.0.183, mask=255.255.255.0, gw=192.168.0.1
[    4.837301]      host=192.168.0.183, domain=tim.com, nis-domain=(none)
[    4.844199]      bootserver=192.168.0.1, rootserver=192.168.0.1, rootpath=
[    4.851265]      nameserver0=192.0.2.2, nameserver1=192.0.2.3
[    4.857779] ALSA device list:
[    4.860941]   No soundcards found.
[    4.878496] EXT4-fs (mmcblk0p2): warning: mounting fs with errors, running e2fsck is recommended
[    4.892602] EXT4-fs (mmcblk0p2): mounted filesystem with ordered data mode. Opts: (null)
[    4.901245] VFS: Mounted root (ext4 filesystem) on device 179:2.
[    4.915825] devtmpfs: mounted
[    4.919655] Freeing unused kernel memory: 696K (c0b31000 - c0bdf000)

INIT: version 2.88 booting

Error opening /dev/fb0: No such file or directory
Starting udev
[    5.501684] udevd[75]: starting version 182
[    7.844552] FAT-fs (mmcblk0p1): codepage cp437 not found
[    8.004186] FAT-fs (mmcblk0p1): codepage cp437 not found
[    8.299348] random: nonblocking pool is initialized
[    8.659480] FAT-fs (mmcblk0p1): codepage cp437 not found
[    8.791915] FAT-fs (mmcblk0p1): codepage cp437 not found
ERROR: could not open directory /lib/modules/3.17.0-rc1-next-20140820-00002-g8215a1a: No such file or directory
WARNING: -e needs -E or -F
ERROR: could not open directory /lib/modules/3.17.0-rc1-next-20140820-00002-g8215a1a: No such file or directory
FATAL: could not search modules: No such file or directory
Starting Bootlog daemon: bootlogd.

[    9.014858] EXT4-fs (mmcblk0p2): re-mounted. Opts: data=ordered
ALSA: Restoring mixer settings...

/usr/sbin/alsactl: load_state:1696: No soundcards found...

Configuring network interfaces... udhcpc (v1.20.2) started

Sending discover...

Sending select for 192.168.0.53...

Lease of 192.168.0.53 obtained, lease time 600

/etc/udhcpc.d/50default: Adding DNS 192.0.2.2

/etc/udhcpc.d/50default: Adding DNS 192.0.2.3

done.

hwclock: can't open '/dev/misc/rtc': No such file or directory

Thu Mar 20 04:24:00 UTC 2014

hwclock: can't open '/dev/misc/rtc': No such file or directory


INIT: Entering runlevel: 5


Starting system message bus: dbus.

UIM SYSFS Node Not Found

Starting Dropbear SSH server: dropbear.

Starting telnet daemon.

hwclock: can't open '/dev/misc/rtc': No such file or directory

Starting syslogd/klogd: done

Starting thttpd.

Starting Lighttpd Web Server: lighttpd.

2014-03-20 04:24:01: (log.c.166) server started 

/

Starting Matrix GUI application.

***************************************************************

***************************************************************

NOTICE: This file system contains the followin GPLv3 packages:

	binutils-symlinks

	binutils

	gdbserver



If you do not wish to distribute GPLv3 components please remove

the above packages prior to distribution.  This can be done using

the opkg remove command.  i.e.:

    opkg remove <package>

Where <package> is the name printed in the list above



NOTE: If the package is a dependency of another package you

      will be notified of the dependent packages.  You should

      use the --force-removal-of-dependent-packages option to

      also remove the dependent packages as well

***************************************************************

***************************************************************

Stopping Bootlog daemon: bootlogd.

 _____                    _____           _         _   
|  _  |___ ___ ___ ___   |  _  |___ ___  |_|___ ___| |_ 
|     |  _| .'| . | . |  |   __|  _| . | | | -_|  _|  _|
|__|__|_| |__,|_  |___|  |__|  |_| |___|_| |___|___|_|  
              |___|                    |___|            

Arago Project http://arago-project.org am437x-evm ttyO0

Arago 2013.12 am437x-evm ttyO0

am437x-evm login: 
- 07:15:31 [INFO] Host: root
- 07:15:32 [INFO] Target: 
root
root@am437x-evm:~# 
- 07:15:32 [INFO] Host: uname -a
- 07:15:32 [INFO] Target: 
uname -a
Linux am437x-evm 3.17.0-rc1-next-20140820-00002-g8215a1a #1 SMP Thu Aug 21 06:12:27 CDT 2014 armv7l GNU/Linux
root@am437x-evm:~# 
- 07:15:32 [INFO] Host: cat /proc/cmdline
- 07:15:33 [INFO] Target: 
cat /proc/cmdline
console=ttyO0,115200n8 earlyprintk rootwait ip=dhcp root=PARTUUID=00000000-02 rw rootfstype=ext4 rootwait
root@am437x-evm:~# 
- 07:15:33 [INFO] Host: uname -a
- 07:15:33 [INFO] Target: 
uname -a
Linux am437x-evm 3.17.0-rc1-next-20140820-00002-g8215a1a #1 SMP Thu Aug 21 06:12:27 CDT 2014 armv7l GNU/Linux
root@am437x-evm:~# 
- 07:15:33 [INFO] Host: cat /proc/mtd
- 07:15:34 [INFO] Target: 
cat /proc/mtd
dev:    size   erasesize  name
root@am437x-evm:~# 
- 07:15:46 [INFO] Host: export IPERFHOST=192.168.0.1
- 07:15:46 [INFO] Target: 
export IPERFHOST=192.168.0.1
root@am437x-evm:~# 
- 07:15:46 [INFO] Host: export NFS_SERVER=192.168.0.1
- 07:15:47 [INFO] Target: 
export NFS_SERVER=192.168.0.1
root@am437x-evm:~# 
- 07:15:47 [INFO] Host: export NFS_ROOT_PATH=/home/tigtfarm06/NFS_exports/linux/am43xx-gpevm
- 07:15:47 [INFO] Target: 
export NFS_ROOT_PATH=/home/tigtfarm06/NFS_exports/linux/am43x 
x-gpevm
root@am437x-evm:~# 
- 07:15:47 [INFO] Host: mkdir -p -m 777 /test
- 07:15:48 [INFO] Target: 
mkdir -p -m 777 /test
root@am437x-evm:~# 
- 07:15:48 [INFO] Host: cd /test
- 07:15:48 [INFO] Target: 
cd /test
root@am437x-evm:/test# 
- 07:15:48 [INFO] Host: cat > test.sh << EOF
- 07:15:49 [INFO] Target: 
cat > test.sh << EOF
> 
- 07:15:49 [INFO] Host: failtest() {

- 07:15:49 [INFO] Target: 
failtest() {
> 
- 07:15:49 [INFO] Host:   echo 1 >&3

- 07:15:50 [INFO] Target: 
  echo 1 >&3
> 
- 07:15:50 [INFO] Host: }

- 07:15:50 [INFO] Target: 
}
> 
- 07:15:50 [INFO] Host: timeout=600

- 07:15:51 [INFO] Target: 
timeout=600
> 
- 07:15:51 [INFO] Host: 

- 07:15:51 [INFO] Target: 

> 
- 07:15:51 [INFO] Host: # Start of user's script logic

- 07:15:52 [INFO] Target: 
# Start of user's script logic
> 
- 07:15:52 [INFO] Host: 

- 07:15:52 [INFO] Target: 

> 
- 07:15:52 [INFO] Host: 

- 07:15:53 [INFO] Target: 

> 
- 07:15:53 [INFO] Host: mount -t proc proc /proc 2>/dev/null;

- 07:15:53 [INFO] Target: 
mount -t proc proc /proc 2>/dev/null;
> 
- 07:15:53 [INFO] Host: 

- 07:15:54 [INFO] Target: 

> 
- 07:15:54 [INFO] Host: mount -t sysfs sys /sys 2>/dev/null;

- 07:15:54 [INFO] Target: 
mount -t sysfs sys /sys 2>/dev/null;
> 
- 07:15:54 [INFO] Host: 

- 07:15:55 [INFO] Target: 

> 
- 07:15:55 [INFO] Host: mount -t debugfs none /sys/kernel/debug 2>/dev/null;

- 07:15:55 [INFO] Target: 
mount -t debugfs none /sys/kernel/debug 2>/dev/null;
> 
- 07:15:55 [INFO] Host: 

- 07:15:56 [INFO] Target: 

> 
- 07:15:56 [INFO] Host: echo 'cpuinfo:';cat /proc/cpuinfo; echo '=======';

- 07:15:56 [INFO] Target: 
echo 'cpuinfo:';cat /proc/cpuinfo; echo '=======';
> 
- 07:15:56 [INFO] Host: 

- 07:15:57 [INFO] Target: 

> 
- 07:15:57 [INFO] Host: echo 'soc info:';head /sys/devices/soc0/* 2>/dev/null; echo '=======';

- 07:15:57 [INFO] Target: 
echo 'soc info:';head /sys/devices/soc0/* 2>/dev/null; echo '=======';
> 
- 07:15:57 [INFO] Host: 

- 07:15:58 [INFO] Target: 

> 
- 07:15:58 [INFO] Host: echo 'interrupts:';cat /proc/interrupts; echo '=======';

- 07:15:58 [INFO] Target: 
echo 'interrupts:';cat /proc/interrupts; echo '=======';
> 
- 07:15:58 [INFO] Host: 

- 07:15:59 [INFO] Target: 

> 
- 07:15:59 [INFO] Host: echo 'Clk_summary:';cat /sys/kernel/debug/clk/clk_summary; echo '=======';

- 07:15:59 [INFO] Target: 
echo 'Clk_summary:';cat /sys/kernel/debug/clk/clk_summary; echo '=======';
> 
- 07:15:59 [INFO] Host: 

- 07:16:00 [INFO] Target: 

> 
- 07:16:00 [INFO] Host: echo 'Orphan Clks:';ls /sys/kernel/debug/clk/orphans/; echo '=======';

- 07:16:00 [INFO] Target: 
echo 'Orphan Clks:';ls /sys/kernel/debug/clk/orphans/; echo '=======';
> 
- 07:16:00 [INFO] Host: 

- 07:16:01 [INFO] Target: 

> 
- 07:16:01 [INFO] Host: echo 'H''ello World' 'B''oard Booted';

- 07:16:01 [INFO] Target: 
echo 'H''ello World' 'B''oard Booted';
> 
- 07:16:01 [INFO] Host: 

- 07:16:02 [INFO] Target: 

> 
- 07:16:02 [INFO] Host: EOF
- 07:16:02 [INFO] Target: 
EOF
[   46.883940] EXT4-fs error (device mmcblk0p2): ext4_mb_generate_buddy:757: group 10, block bitmap and bg descriptor inconsistent: 32191 vs 32196 free clusters
root@am437x-evm:/test# 
- 07:16:02 [INFO] Host: cd /test
- 07:16:03 [INFO] Target: 
cd /test
root@am437x-evm:/test# 
- 07:16:03 [INFO] Host: chmod +x test.sh
- 07:16:03 [INFO] Target: 
chmod +x test.sh
root@am437x-evm:/test# 
- 07:16:03 [INFO] Host: ./test.sh 2> stderr.log > stdout.log 3> result.log
- 07:16:04 [INFO] Target: 
./test.sh 2> stderr.log > stdout.log 3> result.log
[   48.386579] JBD2: Spotted dirty metadata buffer (dev = mmcblk0p2, blocknr = 0). There's a risk of filesystem corruption in case of system crash.
root@am437x-evm:/test# 
- 07:16:04 [INFO] Host: echo $?
- 07:16:04 [INFO] Target: 
echo $?
0
root@am437x-evm:/test# 
- 07:16:04 [INFO] Host: cd /test
- 07:16:05 [INFO] Target: 
cd /test
root@am437x-evm:/test# 
- 07:16:05 [INFO] Host: cat stdout.log
- 07:16:06 [INFO] Target: 
cat stdout.log
cpuinfo:
processor	: 0
model name	: ARMv7 Processor rev 10 (v7l)
Features	: half thumb fastmult vfp edsp thumbee neon vfpv3 tls vfpd32 
CPU implementer	: 0x41
CPU architecture: 7
CPU variant	: 0x2
CPU part	: 0xc09
CPU revision	: 10

Hardware	: Generic AM43 (Flattened Device Tree)
Revision	: 0000
Serial		: 0000000000000000
=======
soc info:
==> /sys/devices/soc0/family <==
AM43xx

==> /sys/devices/soc0/machine <==
AM437x

==> /sys/devices/soc0/power <==

==> /sys/devices/soc0/revision <==
ES1.1

==> /sys/devices/soc0/subsystem <==

==> /sys/devices/soc0/type <==
GP

==> /sys/devices/soc0/uevent <==
=======
interrupts:
           CPU0       
 41:          0       GIC  41  l3-dbg-irq
 42:          0       GIC  42  l3-app-irq
 44:       1858       GIC  44  edma
 46:          4       GIC  46  edma_error
 72:          0       GIC  72  4a100000.ethernet
 73:         36       GIC  73  4a100000.ethernet
 74:         16       GIC  74  4a100000.ethernet
 75:          0       GIC  75  4a100000.ethernet
 96:       5578       GIC  96  mmc0
100:       3928       GIC 100  gp_timer
102:          0       GIC 102  44e0b000.i2c
103:          0       GIC 103  4802a000.i2c
104:       3053       GIC 104  OMAP UART0
132:          0       GIC 132  gpmc
262:          0      GPIO   6  mmc0
IPI0:          0  CPU wakeup interrupts
IPI1:          0  Timer broadcast interrupts
IPI2:          0  Rescheduling interrupts
IPI3:          0  Function call interrupts
IPI4:          0  Single function call interrupts
IPI5:          0  CPU stop interrupts
IPI6:          0  IRQ work interrupts
IPI7:          0  completion interrupts
Err:          0
=======
Clk_summary:
   clock                         enable_cnt  prepare_cnt        rate   accuracy
--------------------------------------------------------------------------------
 clk_32k_mosc_ck                          0            0       32768          0
 clk_32k_tpm_ck                           0            0       32768          0
 tclkin_ck                                0            0    26000000          0
 virt_26000000_ck                         0            0    26000000          0
 virt_25000000_ck                         0            0    25000000          0
 virt_24000000_ck                         1            1    24000000          0
    sysboot_freq_sel_ck                   1            1    24000000          0
       sys_clkin_ck                      20           37    24000000          0
          dpll_extdev_ck                  0            0    24000000          0
             dpll_extdev_m2_ck            0            0    24000000          0
          dpll_per_ck                     1            2   960000000          0
             dpll_per_m2_ck               1            4   192000000          0
                ehrpwm5_tbclk             0            0   192000000          0
                ehrpwm4_tbclk             0            0   192000000          0
                ehrpwm3_tbclk             0            0   192000000          0
                ehrpwm2_tbclk             0            0   192000000          0
                ehrpwm1_tbclk             0            0   192000000          0
                ehrpwm0_tbclk             0            0   192000000          0
                func_12m_clk              0            0    12000000          0
                mmc_clk                   0            3    96000000          0
                clk_24mhz                 0            1    24000000          0
                   clkdiv32k_ck           0            1       32786          0
                      clkdiv32k_ick           0            5       32786          0
                         gpio5_dbclk           0            1       32786          0
                         gpio4_dbclk           0            1       32786          0
                         gpio3_dbclk           0            1       32786          0
                         gpio2_dbclk           0            1       32786          0
                         gpio1_dbclk           0            1       32786          0
                dpll_per_m2_div4_ck           0           12    48000000          0
                dpll_per_m2_div4_wkupdm_ck           1            2    48000000          0
             dpll_per_clkdcoldo           0            2   960000000          0
                usb_otg_ss1_refclk960m           0            1   960000000          0
                usb_otg_ss0_refclk960m           0            1   960000000          0
          dpll_disp_ck                    0            1    24000000          0
             dpll_disp_m2_ck              0            1    24000000          0
                disp_clk                  0            3    24000000          0
          dpll_ddr_ck                     0            0   400000000          0
             dpll_ddr_m2_ck               0            0   400000000          0
             dpll_ddr_x2_ck               0            0   800000000          0
                dpll_ddr_m4_ck            0            0   800000000          0
          dpll_mpu_ck                     1            1   600000000          0
             dpll_mpu_m2_ck               3            3   600000000          0
          dpll_core_ck                    1            1  1000000000          0
             dpll_core_x2_ck              2            2  2000000000          0
                dpll_core_m6_ck           0            0   500000000          0
                dpll_core_m5_ck           1            1   250000000          0
                   cpsw_cpts_rft_clk           0            0   250000000          0
                   cpsw_50m_clkdiv           0            0   250000000          0
                      cpsw_5m_clkdiv           0            0    25000000          0
                   cpsw_125mhz_gclk           3            3   125000000          0
                dpll_core_m4_ck           6            6   200000000          0
                   l4hs_gclk              1            1   200000000          0
                   l3_gclk               13           14   200000000          0
                   sysclk_div             1            3   200000000          0
                      div_core_25m_ck           0            0    25000000          0
                      gfx_fclk_clksel_ck           0            1   200000000          0
                         gfx_fck_div_ck           0            1   200000000          0
                      dpll_core_m4_div2_ck           2            2   100000000          0
                         l4ls_gclk          61           88   100000000          0
                         l3s_gclk          12           15   100000000          0
                      pruss_ocp_gclk           0            1   200000000          0
          aes0_fck                        1            2    24000000          0
          sha0_fck                        1            1    24000000          0
          smartreflex1_fck                0            1    24000000          0
          smartreflex0_fck                0            1    24000000          0
          mcasp1_fck                      0            1    24000000          0
          mcasp0_fck                      0            1    24000000          0
          dcan1_fck                       0            1    24000000          0
          dcan0_fck                       0            1    24000000          0
          adc_tsc_fck                     0            0    24000000          0
          timer1_fck                      1            1    24000000          0
          timer2_fck                      1            1    24000000          0
          timer3_fck                      0            1    24000000          0
          timer4_fck                      0            1    24000000          0
          timer5_fck                      0            1    24000000          0
          timer6_fck                      0            1    24000000          0
          timer7_fck                      0            1    24000000          0
          timer8_fck                      0            1    24000000          0
          timer9_fck                      0            1    24000000          0
          timer10_fck                     0            1    24000000          0
          timer11_fck                     0            1    24000000          0
          dll_aging_clk_div               0            0     3000000          0
          vtp_clk_div                     0            0    12000000          0
 virt_19200000_ck                         0            0    19200000          0
    crystal_freq_sel_ck                   0            0    19200000          0
 clk_rc32k_ck                             0            2       32768          0
    gpio0_dbclk_mux_ck                    0            1       32768          0
       gpio0_dbclk                        0            1       32768          0
    wdt1_fck                              0            1       32768          0
 clk_32768_ck                             0            2       32768          0
    usbphy_32khz_clkmux                   0            2       32768          0
       usb_phy1_always_on_clk32k           0            1       32768          0
       usb_phy0_always_on_clk32k           0            1       32768          0
    mux_synctimer32k_ck                   0            1       32768          0
       synctimer_32kclk                   0            1       32768          0
=======
Orphan Clks:
=======
Hello World Board Booted
root@am437x-evm:/test# 
- 07:16:06 [INFO] Host: cat stderr.log
- 07:16:06 [INFO] Target: 
cat stderr.log
ls: /sys/kernel/debug/clk/orphans/: No such file or directory
root@am437x-evm:/test# 
- 07:16:06 [INFO] Host: cat result.log
- 07:16:08 [ERROR] On command: cat result.log waiting for (?m-ix:^1[\0\n\r]+) >>> error: execution expired
- 07:16:08 [INFO] Target: 
cat result.log
root@am437x-evm:/test# 
- 07:16:08 [INFO] Host: cd /test
- 07:16:09 [INFO] Target: 
cd /test
root@am437x-evm:/test# 
