- 03:13:29 [INFO] Starting target session
- 03:13:29 [INFO] Connected to am43xx-gpevm via serial 
- 03:13:29 [INFO] Host: #check prompt
- 03:13:32 [ERROR] On command: #check prompt waiting for #check prompt.+?(?-mix:((?m-ix:.*login:)|[Pp]assword)) >>> error: execution expired
- 03:13:32 [INFO] Target: 
#check prompt
root@am437x-evm:/test# 
- 03:13:32 [INFO] Host: #check prompt
- 03:13:32 [INFO] Target: 
#check prompt
root@am437x-evm:/test# 
- 03:13:32 [INFO] Host: sync;poweroff
- 03:13:43 [INFO] Target: 
sync;poweroff
Broadcast message from root@am437x-evm (ttyO0) (Sat Jun 20 16:01:51 2015):
The system is going down for system halt NO_
INIT: Sending processUIM SYSFS Node Not Found
Stopping Dropbear SSH server: stopped /usr/sbin/dropbear (pid 717)
dropbear.
Stopping telnet daemon.
Stopping system message bus: dbus.
hwclock: can't open '/dev/misc/rtc': No such file or directory
Error opening /dev/fb0: No such file or directory
Stopping syslogd/klogd: stopped syslogd (pid 744)
stopped klogd (pid 747)
done
Stopping thttpd.
Stopping Weston
stopping statd: done
ALSA: Storing mixer settings...
/usr/sbin/alsactl: save_state:1590: No soundcards found...
Stopping rpcbind daemon...
done.
Stopping Lighttpd Web Server: stopped /usr/sbin/lighttpd (pid 756)
lighttpd.
Deconfiguring network interfaces... done.
Stopping Matrix GUI applicationstart-stop-daemon: warning: killing process 762: No such process
Disabling thermal zones...
/etc/rc0.d/K98thermal-zone-init: line 13: /sys/class/thermal/thermal_zone*/mode: No such file or directory
***************************************************************
***************************************************************
NOTICE: This file system contains the followin GPLv3 packages:
	autoconf
	binutils
	cpp-symlinks
	cpp
	g++-symlinks
	g++
	gcc-symlinks
	gcc
	gdbserver
	gstreamer1.0-libav
	libgmp10
	libmpc3
	libmpfr4
	make
If you do not wish to distribute GPLv3 components please remove
the above packages prior to distribution.  This can be done using
the opkg remove command.  i.e.:
    opkg remove <package>
Where <package> is the name printed in the list above
NOTE: If the package is a dependency of another package you
      will be notified of the dependent packages.  You should
      use the --force-removal-of-dependent-packages option to
      also remove the dependent packages as well
***************************************************************
***************************************************************
Sending all processes the TERM signal...
Sending all processes the KILL signal...
Unmounting remote filesystems...
Deactivating swap...
Unmounting local filesystems...
[ 1275.084209] EXT4-fs (mmcblk0p2): re-mounted. Opts: data=ordered
[ 1277.435712] reboot: System halted
- 03:13:43 [INFO] Disconnected serial from am43xx-gpevm
- 03:13:44 [INFO] Connected to am43xx-gpevm via serial 
- 03:13:44 [INFO] Host: 
- 03:13:46 [INFO] Target: 
U-Boot SPL 2014.07-g93b92d2 (May 26 2015 - 23:13:55)
SPL: Please implement spl_start_uboot() for your board
SPL: Direct Linux boot not active!
reading u-boot.img
reading u-boot.img
U-Boot 2014.07-g93b92d2 (May 26 2015 - 23:13:55)
I2C:   ready
DRAM:  1 GiB
NAND:  512 MiB
MMC:   OMAP SD/MMC: 0, OMAP SD/MMC: 1
reading uboot.env
** Unable to read "uboot.env" from mmc0:1 **
Using default environment
Net:   <ethaddr> not set. Validating first E-fuse MAC
cpsw, usb_ether
Hit any key to stop autoboot:  1  0 
U-Boot# 
U-Boot# 
U-Boot# 
U-Boot# 
U-Boot# 
U-Boot# 
U-Boot# 
U-Boot# 
U-Boot# 
- 03:13:47 [INFO] Host: 
- 03:13:47 [INFO] Target: 
U-Boot# 
U-Boot# 
- 03:13:47 [INFO] Host: version
- 03:13:47 [INFO] Target: 
U-Boot# version
U-Boot 2014.07-g93b92d2 (May 26 2015 - 23:13:55)
arm-linux-gnueabihf-gcc (crosstool-NG linaro-1.13.1-4.7-2013.03-20130313 - Linaro GCC 2013.03) 4.7.3 20130226 (prerelease)
GNU ld (crosstool-NG linaro-1.13.1-4.7-2013.03-20130313 - Linaro GCC 2013.03) 2.23.1
U-Boot# 
- 03:13:47 [INFO] Host: setenv bootargs 'console=ttyO0,115200n8 earlyprintk rootwait '
- 03:13:47 [INFO] Target: 
setenv bootargs 'console=ttyO0,115200n8 earlyprintk rootwait '
U-Boot# 
- 03:13:47 [INFO] Host: setenv bootcmd  ''
- 03:13:47 [INFO] Target: 
setenv bootcmd  ''
U-Boot# 
- 03:13:47 [INFO] Host: setenv autoload 'no'
- 03:13:47 [INFO] Target: 
setenv autoload 'no'
U-Boot# 
- 03:13:47 [INFO] Host: setenv serverip '192.168.0.1'
- 03:13:47 [INFO] Target: 
setenv serverip '192.168.0.1'
U-Boot# 
- 03:13:47 [INFO] Host: setenv mmcdev ' '
- 03:13:47 [INFO] Target: 
setenv mmcdev ' '
U-Boot# 
- 03:13:47 [INFO] Host: printenv
- 03:13:48 [INFO] Target: 
printenv
arch=arm
autoload=no
baudrate=115200
board=am43xx
board_name=AM43__GP
board_rev=1.4A
bootargs=console=ttyO0,115200n8 earlyprintk rootwait 
bootcmd=
bootdelay=1
bootdir=/boot
bootenv=uEnv.txt
bootfile=zImage
bootm_size=0x10000000
bootpart=0:2
console=ttyO0,115200n8
cpu=armv7
dfu_alt_info_emmc=MLO raw 0x100 0x100 mmcpart 0;u-boot.img raw 0x300 0x1000 mmcpart 0
dfu_alt_info_mmc=boot part 0 1;rootfs part 0 2;MLO fat 0 1;spl-os-args fat 0 1;spl-os-image fat 0 1;u-boot.img fat 0 1;uEnv.txt fat 0 1
dfu_alt_info_ram=kernel ram 0x80200000 0x4000000;fdt ram 0x80f80000 0x80000;ramdisk ram 0x81000000 0x4000000
dfu_bufsiz=0x10000
eth1addr=34:b1:f7:31:25:16
ethact=cpsw
ethaddr=34:b1:f7:31:25:14
fdt_addr_r=0x88000000
fdtaddr=0x88000000
fdtfile=undefined
findfdt=if test $board_name = AM43EPOS; then setenv fdtfile am43x-epos-evm.dtb; fi; if test $board_name = AM43__GP; then setenv fdtfile am437x-gp-evm.dtb; fi; if test $board_name = AM43__SK; then setenv fdtfile am437x-sk-evm.dtb; fi; if test $fdtfile = undefined; then echo WARNING: Could not determine device tree; fi; 
importbootenv=echo Importing environment from mmc ...; env import -t $loadaddr $filesize
kernel_addr_r=0x82000000
loadaddr=0x82000000
loadbootenv=load ${devtype} ${devnum} ${loadaddr} ${bootenv}
loadfdt=load ${devtype} ${bootpart} ${fdtaddr} ${bootdir}/${fdtfile}
loadimage=load ${devtype} ${bootpart} ${loadaddr} ${bootdir}/${bootfile}
loadramdisk=load ${devtype} ${devnum} ${rdaddr} ramdisk.gz
mmcargs=setenv bootargs console=${console} ${optargs} root=${mmcroot} rootfstype=${mmcrootfstype}
mmcboot=mmc dev ${mmcdev}; setenv devnum ${mmcdev}; setenv devtype mmc; if mmc rescan; then echo SD/MMC found on device ${devnum};if run loadbootenv; then echo Loaded environment from ${bootenv};run importbootenv;fi;if test -n $uenvcmd; then echo Running uenvcmd ...;run uenvcmd;fi;if run loadimage; then run loadfdt; echo Booting from mmc${mmcdev} ...; run mmcargs; bootz ${loadaddr} - ${fdtaddr}; fi;fi;
mmcdev= 
mmcroot=/dev/mmcblk0p2 rw
mmcrootfstype=ext4 rootwait
mtdids=nand0=nand.0
mtdparts=mtdparts=nand.0:256k(NAND.SPL),256k(NAND.SPL.backup1),256k(NAND.SPL.backup2),256k(NAND.SPL.backup3),512k(NAND.u-boot-spl-os),1m(NAND.u-boot),256k(NAND.u-boot-env),256k(NAND.u-boot-env.backup1),7m(NAND.kernel),-(NAND.file-system)
nandargs=setenv bootargs console=${console} ${optargs} root=${nandroot} rootfstype=${nandrootfstype}
nandboot=echo Booting from nand ...; run nandargs; nand read ${fdtaddr} NAND.u-boot-spl-os; nand read ${loadaddr} NAND.kernel; bootz ${loadaddr} - ${fdtaddr}
nandroot=ubi0:rootfs rw ubi.mtd=NAND.file-system,4096
nandrootfstype=ubifs rootwait=1
netargs=setenv bootargs console=${console} ${optargs} root=/dev/nfs nfsroot=${serverip}:${rootpath},${nfsopts} rw ip=dhcp
netboot=echo Booting from network ...; setenv autoload no; dhcp; tftp ${loadaddr} ${bootfile}; tftp ${fdtaddr} ${fdtfile}; run netargs; bootz ${loadaddr} - ${fdtaddr}
nfsopts=nolock
partitions=uuid_disk=${uuid_gpt_disk};name=rootfs,start=2MiB,size=-,uuid=${uuid_gpt_rootfs}
ramargs=setenv bootargs console=${console} ${optargs} root=${ramroot} rootfstype=${ramrootfstype}
ramdisk_addr_r=0x88080000
ramroot=/dev/ram0 rw
ramrootfstype=ext2
rdaddr=0x88080000
rootpath=/export/rootfs
serverip=192.168.0.1
soc=am33xx
static_ip=${ipaddr}:${serverip}:${gatewayip}:${netmask}:${hostname}::off
stderr=serial
stdin=serial
stdout=serial
usbargs=setenv bootargs console=${console} ${optargs} root=${usbroot} rootfstype=${usbrootfstype}
usbboot=setenv devnum ${usbdev}; setenv devtype usb; usb start ${usbdev}; if usb dev ${usbdev}; then if run loadbootenv; then echo Loaded environment from ${bootenv};run importbootenv;fi;if test -n $uenvcmd; then echo Running uenvcmd ...;run uenvcmd;fi;if run loadimage; then run loadfdt; echo Booting from usb ${usbdev}...; run usbargs;bootz ${loadaddr} - ${fdtaddr}; fi;fi;usb stop ${usbdev};
usbdev=0
usbnet_devaddr=34:b1:f7:31:25:16
usbroot=/dev/sda2 rw
usbrootfstype=ext4 rootwait
vendor=ti
ver=U-Boot 2014.07-g93b92d2 (May 26 2015 - 23:13:55)
Environment size: 4170/65532 bytes
U-Boot# 
- 03:13:48 [INFO] Host: printenv
- 03:13:48 [INFO] Target: 
printenv
arch=arm
autoload=no
baudrate=115200
board=am43xx
board_name=AM43__GP
board_rev=1.4A
bootargs=console=ttyO0,115200n8 earlyprintk rootwait 
bootcmd=
bootdelay=1
bootdir=/boot
bootenv=uEnv.txt
bootfile=zImage
bootm_size=0x10000000
bootpart=0:2
console=ttyO0,115200n8
cpu=armv7
dfu_alt_info_emmc=MLO raw 0x100 0x100 mmcpart 0;u-boot.img raw 0x300 0x1000 mmcpart 0
dfu_alt_info_mmc=boot part 0 1;rootfs part 0 2;MLO fat 0 1;spl-os-args fat 0 1;spl-os-image fat 0 1;u-boot.img fat 0 1;uEnv.txt fat 0 1
dfu_alt_info_ram=kernel ram 0x80200000 0x4000000;fdt ram 0x80f80000 0x80000;ramdisk ram 0x81000000 0x4000000
dfu_bufsiz=0x10000
eth1addr=34:b1:f7:31:25:16
ethact=cpsw
ethaddr=34:b1:f7:31:25:14
fdt_addr_r=0x88000000
fdtaddr=0x88000000
fdtfile=undefined
findfdt=if test $board_name = AM43EPOS; then setenv fdtfile am43x-epos-evm.dtb; fi; if test $board_name = AM43__GP; then setenv fdtfile am437x-gp-evm.dtb; fi; if test $board_name = AM43__SK; then setenv fdtfile am437x-sk-evm.dtb; fi; if test $fdtfile = undefined; then echo WARNING: Could not determine device tree; fi; 
importbootenv=echo Importing environment from mmc ...; env import -t $loadaddr $filesize
kernel_addr_r=0x82000000
loadaddr=0x82000000
loadbootenv=load ${devtype} ${devnum} ${loadaddr} ${bootenv}
loadfdt=load ${devtype} ${bootpart} ${fdtaddr} ${bootdir}/${fdtfile}
loadimage=load ${devtype} ${bootpart} ${loadaddr} ${bootdir}/${bootfile}
loadramdisk=load ${devtype} ${devnum} ${rdaddr} ramdisk.gz
mmcargs=setenv bootargs console=${console} ${optargs} root=${mmcroot} rootfstype=${mmcrootfstype}
mmcboot=mmc dev ${mmcdev}; setenv devnum ${mmcdev}; setenv devtype mmc; if mmc rescan; then echo SD/MMC found on device ${devnum};if run loadbootenv; then echo Loaded environment from ${bootenv};run importbootenv;fi;if test -n $uenvcmd; then echo Running uenvcmd ...;run uenvcmd;fi;if run loadimage; then run loadfdt; echo Booting from mmc${mmcdev} ...; run mmcargs; bootz ${loadaddr} - ${fdtaddr}; fi;fi;
mmcdev= 
mmcroot=/dev/mmcblk0p2 rw
mmcrootfstype=ext4 rootwait
mtdids=nand0=nand.0
mtdparts=mtdparts=nand.0:256k(NAND.SPL),256k(NAND.SPL.backup1),256k(NAND.SPL.backup2),256k(NAND.SPL.backup3),512k(NAND.u-boot-spl-os),1m(NAND.u-boot),256k(NAND.u-boot-env),256k(NAND.u-boot-env.backup1),7m(NAND.kernel),-(NAND.file-system)
nandargs=setenv bootargs console=${console} ${optargs} root=${nandroot} rootfstype=${nandrootfstype}
nandboot=echo Booting from nand ...; run nandargs; nand read ${fdtaddr} NAND.u-boot-spl-os; nand read ${loadaddr} NAND.kernel; bootz ${loadaddr} - ${fdtaddr}
nandroot=ubi0:rootfs rw ubi.mtd=NAND.file-system,4096
nandrootfstype=ubifs rootwait=1
netargs=setenv bootargs console=${console} ${optargs} root=/dev/nfs nfsroot=${serverip}:${rootpath},${nfsopts} rw ip=dhcp
netboot=echo Booting from network ...; setenv autoload no; dhcp; tftp ${loadaddr} ${bootfile}; tftp ${fdtaddr} ${fdtfile}; run netargs; bootz ${loadaddr} - ${fdtaddr}
nfsopts=nolock
partitions=uuid_disk=${uuid_gpt_disk};name=rootfs,start=2MiB,size=-,uuid=${uuid_gpt_rootfs}
ramargs=setenv bootargs console=${console} ${optargs} root=${ramroot} rootfstype=${ramrootfstype}
ramdisk_addr_r=0x88080000
ramroot=/dev/ram0 rw
ramrootfstype=ext2
rdaddr=0x88080000
rootpath=/export/rootfs
serverip=192.168.0.1
soc=am33xx
static_ip=${ipaddr}:${serverip}:${gatewayip}:${netmask}:${hostname}::off
stderr=serial
stdin=serial
stdout=serial
usbargs=setenv bootargs console=${console} ${optargs} root=${usbroot} rootfstype=${usbrootfstype}
usbboot=setenv devnum ${usbdev}; setenv devtype usb; usb start ${usbdev}; if usb dev ${usbdev}; then if run loadbootenv; then echo Loaded environment from ${bootenv};run importbootenv;fi;if test -n $uenvcmd; then echo Running uenvcmd ...;run uenvcmd;fi;if run loadimage; then run loadfdt; echo Booting from usb ${usbdev}...; run usbargs;bootz ${loadaddr} - ${fdtaddr}; fi;fi;usb stop ${usbdev};
usbdev=0
usbnet_devaddr=34:b1:f7:31:25:16
usbroot=/dev/sda2 rw
usbrootfstype=ext4 rootwait
vendor=ti
ver=U-Boot 2014.07-g93b92d2 (May 26 2015 - 23:13:55)
Environment size: 4170/65532 bytes
U-Boot# 
- 03:13:48 [INFO] Host: setenv bootargs ''${bootargs}' ip=:::::eth0:dhcp '
- 03:13:48 [INFO] Target: 
setenv bootargs ''${bootargs}' ip=:::::eth0:dhcp '
U-Boot# 
- 03:13:48 [INFO] Host: setenv serverip '192.168.0.1'
- 03:13:48 [INFO] Target: 
setenv serverip '192.168.0.1'
U-Boot# 
- 03:13:48 [INFO] Host: setenv ipaddr dhcp
- 03:13:48 [INFO] Target: 
setenv ipaddr dhcp
U-Boot# 
- 03:13:48 [INFO] Host: setenv autoload 'no'
- 03:13:48 [INFO] Target: 
setenv autoload 'no'
U-Boot# 
- 03:13:48 [INFO] Host: dhcp
- 03:13:52 [INFO] Target: 
dhcp
cpsw Waiting for PHY auto negotiation to complete..... done
link up on port 0, speed 1000, full duplex
BOOTP broadcast 1
DHCP client bound to address 192.168.0.147
U-Boot# 
- 03:13:52 [INFO] Host: setenv serverip '192.168.0.1'
- 03:13:53 [INFO] Target: 
setenv serverip '192.168.0.1'
U-Boot# 
- 03:13:53 [INFO] Host: tftp ${loadaddr} 192.168.0.1:vatf_am43xx-gpevm/84e8a55042a9f5bb707de6217fe3f062
- 03:13:53 [INFO] Target: 
tftp ${loadaddr} 192.168.0.1:vatf_am43xx-gpevm/84e8a55042a9f5bb707de6217fe3f062
link up on port 0, speed 1000, full duplex
Using cpsw device
TFTP from server 192.168.0.1; our IP address is 192.168.0.147
Filename 'vatf_am43xx-gpevm/84e8a55042a9f5bb707de6217fe3f062'.
Load address: 0x82000000
Loading: *#################################################################
	 #################################################################
	 #################################################################
	 #################################################################
	 #################################################################
	 #################################################################
	 ##############################################
	 10.6 MiB/s
done
Bytes transferred = 6389168 (617db0 hex)
U-Boot# 
- 03:13:53 [INFO] Host: tftp ${fdt_addr_r} 192.168.0.1:vatf_am43xx-gpevm/c608cb7e93b84499d242d02b837a7744
- 03:13:53 [INFO] Target: 
tftp ${fdt_addr_r} 192.168.0.1:vatf_am43xx-gpevm/c608cb7e93b84499d242d02b837a7744
link up on port 0, speed 1000, full duplex
Using cpsw device
TFTP from server 192.168.0.1; our IP address is 192.168.0.147
Filename 'vatf_am43xx-gpevm/c608cb7e93b84499d242d02b837a7744'.
Load address: 0x88000000
Loading: *####
	 8.6 MiB/s
done
Bytes transferred = 44851 (af33 hex)
U-Boot# 
- 03:13:53 [INFO] Host: ls mmc 0:1
- 03:13:53 [INFO] Target: 
ls mmc 0:1
    93216   mlo 
   418212   u-boot.img 
       13   .ipaddr 
        4   ws-calibrate.rules 
        0   pointercal 
5 file(s), 0 dir(s)
U-Boot# 
- 03:13:53 [INFO] Host: ls mmc 0:2
- 03:13:54 [INFO] Target: 
ls mmc 0:2
<DIR>       4096 .
<DIR>       4096 ..
<DIR>       4096 include
<DIR>       4096 srv
<DIR>       4096 home
<DIR>       4096 media
<DIR>       4096 opt
<DIR>       4096 var
<DIR>       4096 sys
<DIR>       4096 boot
<DIR>       4096 dev
<DIR>       4096 usr
<DIR>       4096 bin
<DIR>       4096 mnt
<DIR>       4096 etc
<DIR>       4096 sbin
<DIR>       4096 www
<SYM>          8 tmp
<DIR>       4096 proc
<DIR>       4096 run
<DIR>       4096 lib
         4355952 kernel.img
           48896 dtb.img
        38535168 rootfs.img
<DIR>       4096 test
U-Boot# 
- 03:13:54 [INFO] Host: part uuid mmc 0:2
- 03:13:54 [INFO] Target: 
part uuid mmc 0:2
00000000-02
U-Boot# 
- 03:13:54 [INFO] Host: printenv
- 03:13:54 [INFO] Target: 
printenv
arch=arm
autoload=no
baudrate=115200
board=am43xx
board_name=AM43__GP
board_rev=1.4A
bootargs=console=ttyO0,115200n8 earlyprintk rootwait  ip=:::::eth0:dhcp 
bootcmd=
bootdelay=1
bootdir=/boot
bootenv=uEnv.txt
bootfile=zImage
bootm_size=0x10000000
bootpart=0:2
console=ttyO0,115200n8
cpu=armv7
dfu_alt_info_emmc=MLO raw 0x100 0x100 mmcpart 0;u-boot.img raw 0x300 0x1000 mmcpart 0
dfu_alt_info_mmc=boot part 0 1;rootfs part 0 2;MLO fat 0 1;spl-os-args fat 0 1;spl-os-image fat 0 1;u-boot.img fat 0 1;uEnv.txt fat 0 1
dfu_alt_info_ram=kernel ram 0x80200000 0x4000000;fdt ram 0x80f80000 0x80000;ramdisk ram 0x81000000 0x4000000
dfu_bufsiz=0x10000
dnsip=192.0.2.2
dnsip2=192.0.2.3
eth1addr=34:b1:f7:31:25:16
ethact=cpsw
ethaddr=34:b1:f7:31:25:14
fdt_addr_r=0x88000000
fdtaddr=0x88000000
fdtfile=undefined
fileaddr=88000000
filesize=af33
findfdt=if test $board_name = AM43EPOS; then setenv fdtfile am43x-epos-evm.dtb; fi; if test $board_name = AM43__GP; then setenv fdtfile am437x-gp-evm.dtb; fi; if test $board_name = AM43__SK; then setenv fdtfile am437x-sk-evm.dtb; fi; if test $fdtfile = undefined; then echo WARNING: Could not determine device tree; fi; 
gatewayip=192.168.0.1
importbootenv=echo Importing environment from mmc ...; env import -t $loadaddr $filesize
ipaddr=192.168.0.147
kernel_addr_r=0x82000000
loadaddr=0x82000000
loadbootenv=load ${devtype} ${devnum} ${loadaddr} ${bootenv}
loadfdt=load ${devtype} ${bootpart} ${fdtaddr} ${bootdir}/${fdtfile}
loadimage=load ${devtype} ${bootpart} ${loadaddr} ${bootdir}/${bootfile}
loadramdisk=load ${devtype} ${devnum} ${rdaddr} ramdisk.gz
mmcargs=setenv bootargs console=${console} ${optargs} root=${mmcroot} rootfstype=${mmcrootfstype}
mmcboot=mmc dev ${mmcdev}; setenv devnum ${mmcdev}; setenv devtype mmc; if mmc rescan; then echo SD/MMC found on device ${devnum};if run loadbootenv; then echo Loaded environment from ${bootenv};run importbootenv;fi;if test -n $uenvcmd; then echo Running uenvcmd ...;run uenvcmd;fi;if run loadimage; then run loadfdt; echo Booting from mmc${mmcdev} ...; run mmcargs; bootz ${loadaddr} - ${fdtaddr}; fi;fi;
mmcdev= 
mmcroot=/dev/mmcblk0p2 rw
mmcrootfstype=ext4 rootwait
mtdids=nand0=nand.0
mtdparts=mtdparts=nand.0:256k(NAND.SPL),256k(NAND.SPL.backup1),256k(NAND.SPL.backup2),256k(NAND.SPL.backup3),512k(NAND.u-boot-spl-os),1m(NAND.u-boot),256k(NAND.u-boot-env),256k(NAND.u-boot-env.backup1),7m(NAND.kernel),-(NAND.file-system)
nandargs=setenv bootargs console=${console} ${optargs} root=${nandroot} rootfstype=${nandrootfstype}
nandboot=echo Booting from nand ...; run nandargs; nand read ${fdtaddr} NAND.u-boot-spl-os; nand read ${loadaddr} NAND.kernel; bootz ${loadaddr} - ${fdtaddr}
nandroot=ubi0:rootfs rw ubi.mtd=NAND.file-system,4096
nandrootfstype=ubifs rootwait=1
netargs=setenv bootargs console=${console} ${optargs} root=/dev/nfs nfsroot=${serverip}:${rootpath},${nfsopts} rw ip=dhcp
netboot=echo Booting from network ...; setenv autoload no; dhcp; tftp ${loadaddr} ${bootfile}; tftp ${fdtaddr} ${fdtfile}; run netargs; bootz ${loadaddr} - ${fdtaddr}
netmask=255.255.255.0
nfsopts=nolock
partitions=uuid_disk=${uuid_gpt_disk};name=rootfs,start=2MiB,size=-,uuid=${uuid_gpt_rootfs}
ramargs=setenv bootargs console=${console} ${optargs} root=${ramroot} rootfstype=${ramrootfstype}
ramdisk_addr_r=0x88080000
ramroot=/dev/ram0 rw
ramrootfstype=ext2
rdaddr=0x88080000
rootpath=/export/rootfs
serverip=192.168.0.1
soc=am33xx
static_ip=${ipaddr}:${serverip}:${gatewayip}:${netmask}:${hostname}::off
stderr=serial
stdin=serial
stdout=serial
usbargs=setenv bootargs console=${console} ${optargs} root=${usbroot} rootfstype=${usbrootfstype}
usbboot=setenv devnum ${usbdev}; setenv devtype usb; usb start ${usbdev}; if usb dev ${usbdev}; then if run loadbootenv; then echo Loaded environment from ${bootenv};run importbootenv;fi;if test -n $uenvcmd; then echo Running uenvcmd ...;run uenvcmd;fi;if run loadimage; then run loadfdt; echo Booting from usb ${usbdev}...; run usbargs;bootz ${loadaddr} - ${fdtaddr}; fi;fi;usb stop ${usbdev};
usbdev=0
usbnet_devaddr=34:b1:f7:31:25:16
usbroot=/dev/sda2 rw
usbrootfstype=ext4 rootwait
vendor=ti
ver=U-Boot 2014.07-g93b92d2 (May 26 2015 - 23:13:55)
Environment size: 4333/65532 bytes
U-Boot# 
- 03:13:54 [INFO] Host: setenv bootargs ''${bootargs}' root=PARTUUID=00000000-02 rw rootfstype=ext4 rootwait '
- 03:13:54 [INFO] Target: 
setenv bootargs ''${bootargs}' root=PARTUUID=00000000-02 rw rootfstype=ext4 rootwait '
U-Boot# 
- 03:13:54 [INFO] Host: printenv
- 03:13:55 [INFO] Target: 
printenv
arch=arm
autoload=no
baudrate=115200
board=am43xx
board_name=AM43__GP
board_rev=1.4A
bootargs=console=ttyO0,115200n8 earlyprintk rootwait  ip=:::::eth0:dhcp  root=PARTUUID=00000000-02 rw rootfstype=ext4 rootwait 
bootcmd=
bootdelay=1
bootdir=/boot
bootenv=uEnv.txt
bootfile=zImage
bootm_size=0x10000000
bootpart=0:2
console=ttyO0,115200n8
cpu=armv7
dfu_alt_info_emmc=MLO raw 0x100 0x100 mmcpart 0;u-boot.img raw 0x300 0x1000 mmcpart 0
dfu_alt_info_mmc=boot part 0 1;rootfs part 0 2;MLO fat 0 1;spl-os-args fat 0 1;spl-os-image fat 0 1;u-boot.img fat 0 1;uEnv.txt fat 0 1
dfu_alt_info_ram=kernel ram 0x80200000 0x4000000;fdt ram 0x80f80000 0x80000;ramdisk ram 0x81000000 0x4000000
dfu_bufsiz=0x10000
dnsip=192.0.2.2
dnsip2=192.0.2.3
eth1addr=34:b1:f7:31:25:16
ethact=cpsw
ethaddr=34:b1:f7:31:25:14
fdt_addr_r=0x88000000
fdtaddr=0x88000000
fdtfile=undefined
fileaddr=88000000
filesize=af33
findfdt=if test $board_name = AM43EPOS; then setenv fdtfile am43x-epos-evm.dtb; fi; if test $board_name = AM43__GP; then setenv fdtfile am437x-gp-evm.dtb; fi; if test $board_name = AM43__SK; then setenv fdtfile am437x-sk-evm.dtb; fi; if test $fdtfile = undefined; then echo WARNING: Could not determine device tree; fi; 
gatewayip=192.168.0.1
importbootenv=echo Importing environment from mmc ...; env import -t $loadaddr $filesize
ipaddr=192.168.0.147
kernel_addr_r=0x82000000
loadaddr=0x82000000
loadbootenv=load ${devtype} ${devnum} ${loadaddr} ${bootenv}
loadfdt=load ${devtype} ${bootpart} ${fdtaddr} ${bootdir}/${fdtfile}
loadimage=load ${devtype} ${bootpart} ${loadaddr} ${bootdir}/${bootfile}
loadramdisk=load ${devtype} ${devnum} ${rdaddr} ramdisk.gz
mmcargs=setenv bootargs console=${console} ${optargs} root=${mmcroot} rootfstype=${mmcrootfstype}
mmcboot=mmc dev ${mmcdev}; setenv devnum ${mmcdev}; setenv devtype mmc; if mmc rescan; then echo SD/MMC found on device ${devnum};if run loadbootenv; then echo Loaded environment from ${bootenv};run importbootenv;fi;if test -n $uenvcmd; then echo Running uenvcmd ...;run uenvcmd;fi;if run loadimage; then run loadfdt; echo Booting from mmc${mmcdev} ...; run mmcargs; bootz ${loadaddr} - ${fdtaddr}; fi;fi;
mmcdev= 
mmcroot=/dev/mmcblk0p2 rw
mmcrootfstype=ext4 rootwait
mtdids=nand0=nand.0
mtdparts=mtdparts=nand.0:256k(NAND.SPL),256k(NAND.SPL.backup1),256k(NAND.SPL.backup2),256k(NAND.SPL.backup3),512k(NAND.u-boot-spl-os),1m(NAND.u-boot),256k(NAND.u-boot-env),256k(NAND.u-boot-env.backup1),7m(NAND.kernel),-(NAND.file-system)
nandargs=setenv bootargs console=${console} ${optargs} root=${nandroot} rootfstype=${nandrootfstype}
nandboot=echo Booting from nand ...; run nandargs; nand read ${fdtaddr} NAND.u-boot-spl-os; nand read ${loadaddr} NAND.kernel; bootz ${loadaddr} - ${fdtaddr}
nandroot=ubi0:rootfs rw ubi.mtd=NAND.file-system,4096
nandrootfstype=ubifs rootwait=1
netargs=setenv bootargs console=${console} ${optargs} root=/dev/nfs nfsroot=${serverip}:${rootpath},${nfsopts} rw ip=dhcp
netboot=echo Booting from network ...; setenv autoload no; dhcp; tftp ${loadaddr} ${bootfile}; tftp ${fdtaddr} ${fdtfile}; run netargs; bootz ${loadaddr} - ${fdtaddr}
netmask=255.255.255.0
nfsopts=nolock
partitions=uuid_disk=${uuid_gpt_disk};name=rootfs,start=2MiB,size=-,uuid=${uuid_gpt_rootfs}
ramargs=setenv bootargs console=${console} ${optargs} root=${ramroot} rootfstype=${ramrootfstype}
ramdisk_addr_r=0x88080000
ramroot=/dev/ram0 rw
ramrootfstype=ext2
rdaddr=0x88080000
rootpath=/export/rootfs
serverip=192.168.0.1
soc=am33xx
static_ip=${ipaddr}:${serverip}:${gatewayip}:${netmask}:${hostname}::off
stderr=serial
stdin=serial
stdout=serial
usbargs=setenv bootargs console=${console} ${optargs} root=${usbroot} rootfstype=${usbrootfstype}
usbboot=setenv devnum ${usbdev}; setenv devtype usb; usb start ${usbdev}; if usb dev ${usbdev}; then if run loadbootenv; then echo Loaded environment from ${bootenv};run importbootenv;fi;if test -n $uenvcmd; then echo Running uenvcmd ...;run uenvcmd;fi;if run loadimage; then run loadfdt; echo Booting from usb ${usbdev}...; run usbargs;bootz ${loadaddr} - ${fdtaddr}; fi;fi;usb stop ${usbdev};
usbdev=0
usbnet_devaddr=34:b1:f7:31:25:16
usbroot=/dev/sda2 rw
usbrootfstype=ext4 rootwait
vendor=ti
ver=U-Boot 2014.07-g93b92d2 (May 26 2015 - 23:13:55)
Environment size: 4388/65532 bytes
U-Boot# 
- 03:13:55 [INFO] Host: setenv bootcmd ''${bootcmd}' if iminfo ${loadaddr}; then bootm ${loadaddr} - ${fdt_addr_r}; else bootz ${loadaddr} - ${fdt_addr_r}; bootm ${loadaddr} - ${fdt_addr_r}; fi'
- 03:13:55 [INFO] Target: 
setenv bootcmd ''${bootcmd}' if iminfo ${loadaddr}; then bootm ${loadaddr} - ${fdt_addr_r}; else bootz ${loadaddr} - ${fdt_addr_r}; bootm ${loadaddr} - ${fdt_addr_r}; fi'
U-Boot# 
- 03:13:55 [INFO] Host: version
- 03:13:55 [INFO] Target: 
version
U-Boot 2014.07-g93b92d2 (May 26 2015 - 23:13:55)
arm-linux-gnueabihf-gcc (crosstool-NG linaro-1.13.1-4.7-2013.03-20130313 - Linaro GCC 2013.03) 4.7.3 20130226 (prerelease)
GNU ld (crosstool-NG linaro-1.13.1-4.7-2013.03-20130313 - Linaro GCC 2013.03) 2.23.1
U-Boot# 
- 03:13:55 [INFO] Host: bdinfo
- 03:13:55 [INFO] Target: 
bdinfo
arch_number = 0x00000000
boot_params = 0x80000100
DRAM bank   = 0x00000000
-> start    = 0x80000000
-> size     = 0x40000000
eth0name    = cpsw
ethaddr     = 34:b1:f7:31:25:14
eth1name    = usb_ether
eth1addr    = 34:b1:f7:31:25:16
current eth = cpsw
ip_addr     = 192.168.0.147
baudrate    = 115200 bps
TLB addr    = 0xBFFF0000
relocaddr   = 0xBF731000
reloc off   = 0x3EF31000
irq_sp      = 0xBE720EE0
sp start    = 0xBE720ED0
U-Boot# 
- 03:13:55 [INFO] Host: mmc rescan; echo $?
- 03:13:55 [INFO] Target: 
mmc rescan; echo $?
U-Boot# 
- 03:13:55 [INFO] Host: fatwrite mmc ${mmcdev}:1 ${loadaddr} ws-calibrate.rules 4
- 03:13:55 [INFO] Target: 
fatwrite mmc ${mmcdev}:1 ${loadaddr} ws-calibrate.rules 4
writing ws-calibrate.rules
4 bytes written
U-Boot# 
- 03:13:55 [INFO] Host: boot
- 03:14:13 [INFO] Target: 
boot
## Checking Image at 82000000 ...
Unknown image format!
Kernel image @ 0x82000000 [ 0x000000 - 0x617db0 ]
## Flattened Device Tree blob at 88000000
   Booting using the fdt blob at 0x88000000
   Loading Device Tree to 8fff2000, end 8fffff32 ... OK
Starting kernel ...
[    0.000000] Booting Linux on physical CPU 0x0
[    0.000000] Linux version 4.3.0-rc3-00002-g57c5151c2ca2 (nmenon@kahuna) (gcc version 4.6.3 (Ubuntu/Linaro 4.6.3-1ubuntu5) ) #1 SMP Mon Sep 28 02:23:35 CDT 2015
[    0.000000] CPU: ARMv7 Processor [412fc09a] revision 10 (ARMv7), cr=10c5387d
[    0.000000] CPU: PIPT / VIPT nonaliasing data cache, VIPT aliasing instruction cache
[    0.000000] Machine model: TI AM437x GP EVM
[    0.000000] cma: Reserved 64 MiB at 0xbc000000
[    0.000000] Memory policy: Data cache writeback
[    0.000000] CPU: All CPU(s) started in SVC mode.
[    0.000000] AM437x ES1.1 (sgx neon )
[    0.000000] PERCPU: Embedded 12 pages/cpu @eefc3000 s19136 r8192 d21824 u49152
[    0.000000] Built 1 zonelists in Zone order, mobility grouping on.  Total pages: 260624
[    0.000000] Kernel command line: console=ttyO0,115200n8 earlyprintk rootwait  ip=:::::eth0:dhcp  root=PARTUUID=00000000-02 rw rootfstype=ext4 rootwait 
[    0.000000] PID hash table entries: 4096 (order: 2, 16384 bytes)
[    0.000000] Dentry cache hash table entries: 131072 (order: 7, 524288 bytes)
[    0.000000] Inode-cache hash table entries: 65536 (order: 6, 262144 bytes)
[    0.000000] Memory: 959624K/1048576K available (8113K kernel code, 1013K rwdata, 3620K rodata, 1036K init, 340K bss, 23416K reserved, 65536K cma-reserved, 204800K highmem)
[    0.000000] Virtual kernel memory layout:
[    0.000000]     vector  : 0xffff0000 - 0xffff1000   (   4 kB)
[    0.000000]     fixmap  : 0xffc00000 - 0xfff00000   (3072 kB)
[    0.000000]     vmalloc : 0xf0000000 - 0xff000000   ( 240 MB)
[    0.000000]     lowmem  : 0xc0000000 - 0xef800000   ( 760 MB)
[    0.000000]     pkmap   : 0xbfe00000 - 0xc0000000   (   2 MB)
[    0.000000]     modules : 0xbf000000 - 0xbfe00000   (  14 MB)
[    0.000000]       .text : 0xc0208000 - 0xc0d7e51c   (11738 kB)
[    0.000000]       .init : 0xc0d7f000 - 0xc0e82000   (1036 kB)
[    0.000000]       .data : 0xc0e82000 - 0xc0f7f460   (1014 kB)
[    0.000000]        .bss : 0xc0f82000 - 0xc0fd72a0   ( 341 kB)
[    0.000000] SLUB: HWalign=64, Order=0-3, MinObjects=0, CPUs=1, Nodes=1
[    0.000000] Hierarchical RCU implementation.
[    0.000000] 	Build-time adjustment of leaf fanout to 32.
[    0.000000] 	RCU restricting CPUs from NR_CPUS=16 to nr_cpu_ids=1.
[    0.000000] RCU: Adjusting geometry for rcu_fanout_leaf=32, nr_cpu_ids=1
[    0.000000] NR_IRQS:16 nr_irqs:16 16
[    0.000000] L2C: platform modifies aux control register: 0x0e030000 -> 0x3e430000
[    0.000000] L2C: DT/platform modifies aux control register: 0x0e030000 -> 0x3e430000
[    0.000000] L2C-310 erratum 769419 enabled
[    0.000000] L2C-310 enabling early BRESP for Cortex-A9
[    0.000000] OMAP L2C310: ROM does not support power control setting
[    0.000000] L2C-310 dynamic clock gating disabled, standby mode disabled
[    0.000000] L2C-310 cache controller enabled, 16 ways, 256 kB
[    0.000000] L2C-310: CACHE_ID 0x410000c9, AUX_CTRL 0x4e430000
[    0.000000] OMAP clockevent source: timer2 at 24000000 Hz
[    0.000010] sched_clock: 32 bits at 24MHz, resolution 41ns, wraps every 89478484971ns
[    0.000027] clocksource: timer1: mask: 0xffffffff max_cycles: 0xffffffff, max_idle_ns: 79635851949 ns
[    0.000036] OMAP clocksource: timer1 at 24000000 Hz
[    0.000188] Console: colour dummy device 80x30
[    0.000219] Calibrating delay loop... 1992.29 BogoMIPS (lpj=4980736)
[    0.044352] pid_max: default: 32768 minimum: 301
[    0.044493] Mount-cache hash table entries: 2048 (order: 1, 8192 bytes)
[    0.044504] Mountpoint-cache hash table entries: 2048 (order: 1, 8192 bytes)
[    0.045196] CPU: Testing write buffer coherency: ok
[    0.045506] CPU0: thread -1, cpu 0, socket 0, mpidr 80000000
[    0.045602] Setting up static identity map for 0x80209000 - 0x80209098
[    0.049460] Brought up 1 CPUs
[    0.049477] SMP: Total of 1 processors activated (1992.29 BogoMIPS).
[    0.049486] CPU: All CPU(s) started in SVC mode.
[    0.050235] devtmpfs: initialized
[    0.059634] VFP support v0.3: implementor 41 architecture 3 part 30 variant 9 rev 4
[    0.072972] omap_hwmod: tptc0 using broken dt data from edma
[    0.073099] omap_hwmod: tptc1 using broken dt data from edma
[    0.073205] omap_hwmod: tptc2 using broken dt data from edma
[    0.131766] clocksource: jiffies: mask: 0xffffffff max_cycles: 0xffffffff, max_idle_ns: 9556302231375000 ns
[    0.135869] pinctrl core: initialized pinctrl subsystem
[    0.138083] NET: Registered protocol family 16
[    0.140180] DMA: preallocated 256 KiB pool for atomic coherent allocations
[    0.141969] cpuidle: using governor ladder
[    0.141991] cpuidle: using governor menu
[    0.144037] omap_l3_noc 44000000.ocp: L3 debug error: target 8 mod:0 (unclearable)
[    0.144105] omap_l3_noc 44000000.ocp: L3 application error: target 8 mod:0 (unclearable)
[    0.147219] platform 44e3e000.rtc: Cannot lookup hwmod 'rtc'
[    0.147810] omap_gpio 44e07000.gpio: could not find pctldev for node /ocp/l4_wkup@44c00000/scm@210000/pinmux@800/gpio0_pins, deferring probe
[    0.148455] OMAP GPIO hardware version 0.1
[    0.150100] omap_gpio 48322000.gpio: could not find pctldev for node /ocp/l4_wkup@44c00000/scm@210000/pinmux@800/display_mux_pins, deferring probe
[    0.152593] platform 53701000.des: Cannot lookup hwmod 'des'
[    0.153313] omap-gpmc 50000000.gpmc: could not find pctldev for node /ocp/l4_wkup@44c00000/scm@210000/pinmux@800/nand_flash_x8, deferring probe
[    0.158140] No ATAGs?
[    0.158175] hw-breakpoint: found 5 (+1 reserved) breakpoint and 1 watchpoint registers.
[    0.158186] hw-breakpoint: maximum watchpoint size is 4 bytes.
[    0.159846] omap4_sram_init:Unable to allocate sram needed to handle errata I688
[    0.159862] omap4_sram_init:Unable to get sram pool needed to handle errata I688
[    0.162453] Serial: AMBA PL011 UART driver
[    0.178217] edma-dma-engine edma-dma-engine.0: TI EDMA DMA engine driver
[    0.181723] vgaarb: loaded
[    0.182500] SCSI subsystem initialized
[    0.183062] usbcore: registered new interface driver usbfs
[    0.183129] usbcore: registered new interface driver hub
[    0.183185] usbcore: registered new device driver usb
[    0.183942] omap_i2c 44e0b000.i2c: could not find pctldev for node /ocp/l4_wkup@44c00000/scm@210000/pinmux@800/i2c0_pins, deferring probe
[    0.183987] omap_i2c 4802a000.i2c: could not find pctldev for node /ocp/l4_wkup@44c00000/scm@210000/pinmux@800/i2c1_pins, deferring probe
[    0.184767] pps_core: LinuxPPS API ver. 1 registered
[    0.184776] pps_core: Software ver. 5.3.6 - Copyright 2005-2007 Rodolfo Giometti <giometti@linux.it>
[    0.184805] PTP clock support registered
[    0.185023] EDAC MC: Ver: 3.0.0
[    0.187556] clocksource: Switched to clocksource timer1
[    0.196526] NET: Registered protocol family 2
[    0.197123] TCP established hash table entries: 8192 (order: 3, 32768 bytes)
[    0.197201] TCP bind hash table entries: 8192 (order: 4, 65536 bytes)
[    0.197316] TCP: Hash tables configured (established 8192 bind 8192)
[    0.197457] UDP hash table entries: 512 (order: 2, 16384 bytes)
[    0.197509] UDP-Lite hash table entries: 512 (order: 2, 16384 bytes)
[    0.197794] NET: Registered protocol family 1
[    0.198180] RPC: Registered named UNIX socket transport module.
[    0.198193] RPC: Registered udp transport module.
[    0.198198] RPC: Registered tcp transport module.
[    0.198204] RPC: Registered tcp NFSv4.1 backchannel transport module.
[    0.200567] futex hash table entries: 256 (order: 2, 16384 bytes)
[    0.209241] squashfs: version 4.0 (2009/01/31) Phillip Lougher
[    0.210084] NFS: Registering the id_resolver key type
[    0.210137] Key type id_resolver registered
[    0.210145] Key type id_legacy registered
[    0.210214] ntfs: driver 2.1.32 [Flags: R/O].
[    0.211604] bounce: pool size: 64 pages
[    0.211820] Block layer SCSI generic (bsg) driver version 0.4 loaded (major 249)
[    0.211842] io scheduler noop registered
[    0.211855] io scheduler deadline registered
[    0.211890] io scheduler cfq registered (default)
[    0.217336] pinctrl-single 44e10800.pinmux: 199 pins at pa f9e10800 size 796
[    0.223208] backlight supply power not found, using dummy regulator
[    0.273195] Serial: 8250/16550 driver, 4 ports, IRQ sharing disabled
[    0.275584] SuperH (H)SCI(F) driver initialized
[    0.276362] msm_serial: driver initialized
[    0.276874] omap_uart 44e09000.serial: no wakeirq for uart0
[    0.276892] omap_uart 44e09000.serial: No clock speed specified: using default: 48000000
[    0.277041] 44e09000.serial: ttyO0 at MMIO 0x44e09000 (irq = 27, base_baud = 3000000) is a OMAP UART0
[    1.076345] console [ttyO0] enabled
[    1.080526] omap_uart 481a6000.serial: no wakeirq for uart3
[    1.086426] omap_uart 481a6000.serial: No clock speed specified: using default: 48000000
[    1.094982] 481a6000.serial: ttyO3 at MMIO 0x481a6000 (irq = 28, base_baud = 3000000) is a OMAP UART3
[    1.105118] STMicroelectronics ASC driver initialized
[    1.112011] [drm] Initialized drm 1.1.0 20060810
[    1.125539] loop: module loaded
[    1.135184] CAN device driver interface
[    1.140282] igb: Intel(R) Gigabit Ethernet Network Driver - version 5.3.0-k
[    1.147604] igb: Copyright (c) 2007-2014 Intel Corporation.
[    1.155704] pegasus: v0.9.3 (2013/04/25), Pegasus/Pegasus II USB Ethernet driver
[    1.163572] usbcore: registered new interface driver pegasus
[    1.169573] usbcore: registered new interface driver asix
[    1.175295] usbcore: registered new interface driver ax88179_178a
[    1.181731] usbcore: registered new interface driver cdc_ether
[    1.187913] usbcore: registered new interface driver smsc75xx
[    1.193999] usbcore: registered new interface driver smsc95xx
[    1.200060] usbcore: registered new interface driver net1080
[    1.206031] usbcore: registered new interface driver cdc_subset
[    1.212265] usbcore: registered new interface driver zaurus
[    1.218194] usbcore: registered new interface driver cdc_ncm
[    1.631151] xhci-hcd xhci-hcd.0.auto: xHCI Host Controller
[    1.636981] xhci-hcd xhci-hcd.0.auto: new USB bus registered, assigned bus number 1
[    1.645504] xhci-hcd xhci-hcd.0.auto: hcc params 0x0238f06d hci version 0x100 quirks 0x00010010
[    1.654706] xhci-hcd xhci-hcd.0.auto: irq 188, io mem 0x483d0000
[    1.661822] hub 1-0:1.0: USB hub found
[    1.665872] hub 1-0:1.0: 1 port detected
[    1.670335] xhci-hcd xhci-hcd.0.auto: xHCI Host Controller
[    1.676142] xhci-hcd xhci-hcd.0.auto: new USB bus registered, assigned bus number 2
[    1.684251] usb usb2: We don't know the algorithms for LPM for this host, disabling LPM.
[    1.693404] hub 2-0:1.0: USB hub found
[    1.697367] hub 2-0:1.0: 1 port detected
[    1.701880] ehci_hcd: USB 2.0 'Enhanced' Host Controller (EHCI) Driver
[    1.708771] ehci-pci: EHCI PCI platform driver
[    1.713533] ehci-platform: EHCI generic platform driver
[    1.719409] ehci-omap: OMAP-EHCI Host Controller driver
[    1.725090] ehci-orion: EHCI orion driver
[    1.729453] SPEAr-ehci: EHCI SPEAr driver
[    1.733800] ehci-st: EHCI STMicroelectronics driver
[    1.739067] ehci-exynos: EHCI EXYNOS driver
[    1.743601] ehci-atmel: EHCI Atmel driver
[    1.747931] tegra-ehci: Tegra EHCI driver
[    1.752255] ohci_hcd: USB 1.1 'Open' Host Controller (OHCI) Driver
[    1.758761] ohci-pci: OHCI PCI platform driver
[    1.763499] ohci-platform: OHCI generic platform driver
[    1.769168] ohci-omap3: OHCI OMAP3 driver
[    1.773522] SPEAr-ohci: OHCI SPEAr driver
[    1.777857] ohci-st: OHCI STMicroelectronics driver
[    1.783108] ohci-atmel: OHCI Atmel driver
[    1.787579] usbcore: registered new interface driver usb-storage
[    1.795455] mousedev: PS/2 mouse device common for all mice
[    1.805143] i2c /dev entries driver
[    1.815252] sdhci: Secure Digital Host Controller Interface driver
[    1.821774] sdhci: Copyright(c) Pierre Ossman
[    1.858606] Synopsys Designware Multimedia Card Interface Driver
[    1.865900] sdhci-pltfm: SDHCI platform and OF driver helper
[    1.873424] ledtrig-cpu: registered to indicate activity on CPUs
[    1.879995] usbcore: registered new interface driver usbhid
[    1.885841] usbhid: USB HID core driver
[    1.893696] NET: Registered protocol family 10
[    1.899453] sit: IPv6 over IPv4 tunneling driver
[    1.905040] NET: Registered protocol family 17
[    1.909763] can: controller area network core (rev 20120528 abi 9)
[    1.916333] NET: Registered protocol family 29
[    1.921021] can: raw protocol (rev 20120528)
[    1.925538] can: broadcast manager protocol (rev 20120528 t)
[    1.931521] can: netlink gateway (rev 20130117) max_hops=1
[    1.937914] Key type dns_resolver registered
[    1.942729] omap_voltage_late_init: Voltage driver support not added
[    1.950266] of_cpumask_init_opp_table: couldn't find opp table for cpu:0, -19
[    1.957817] cpu cpu0: dev_pm_opp_get_opp_count: device OPP not found (-19)
[    1.965233] ThumbEE CPU extension supported.
[    1.969764] Registering SWP/SWPB emulation handler
[    1.980393] GPIO line 119 (SelEMMCorNAND) hogged as output/low
[    1.987197] GPIO line 136 (SelLCDorHDMI) hogged as output/high
[    1.993888] omap-gpmc 50000000.gpmc: GPMC revision 6.0
[    1.999319] gpmc_mem_init: disabling cs 0 mapped at 0x0-0x1000000
[    2.008120] omap_i2c 44e0b000.i2c: bus 0 rev0.12 at 100 kHz
[    2.015797] omap_i2c 4802a000.i2c: bus 1 rev0.12 at 100 kHz
[    2.022391] backlight supply power not found, using dummy regulator
[    2.031320] omap_hsmmc 48060000.mmc: Got CD GPIO
[    2.063452] backlight supply power not found, using dummy regulator
[    2.122574] davinci_mdio 4a101000.mdio: davinci mdio revision 1.6
[    2.128994] davinci_mdio 4a101000.mdio: detected phy mask fffffffe
[    2.136238] libphy: 4a101000.mdio: probed
[    2.140508] davinci_mdio 4a101000.mdio: phy[0]: device 4a101000.mdio:00, driver Micrel KSZ9031 Gigabit PHY
[    2.151994] cpsw 4a100000.ethernet: Detected MACID = 34:b1:f7:31:25:14
[    2.160326] hctosys: unable to open rtc device (rtc0)
[    2.170526] net eth0: initializing cpsw version 1.15 (0)
[    2.178244] backlight supply power not found, using dummy regulator
[    2.193396] mmc1: host does not support reading read-only switch, assuming write-enable
[    2.205283] mmc1: new high speed SDHC card at address aaaa
[    2.211630] mmcblk0: mmc1:aaaa SU08G 7.40 GiB 
[    2.217851]  mmcblk0: p1 p2 p3
[    2.222678] backlight supply power not found, using dummy regulator
[    2.239151] net eth0: phy found : id is : 0x221622
[    2.248043] IPv6: ADDRCONF(NETDEV_UP): eth0: link is not ready
[    6.238474] cpsw 4a100000.ethernet eth0: Link is Up - 1Gbps/Full - flow control rx/tx
[    6.246743] IPv6: ADDRCONF(NETDEV_CHANGE): eth0: link becomes ready
[    6.257574] Sending DHCP requests ., OK
[    6.303033] IP-Config: Got DHCP answer from 192.168.0.1, my address is 192.168.0.147
[    6.311283] IP-Config: Complete:
[    6.314680]      device=eth0, hwaddr=34:b1:f7:31:25:14, ipaddr=192.168.0.147, mask=255.255.255.0, gw=192.168.0.1
[    6.325298]      host=192.168.0.147, domain=tim.com, nis-domain=(none)
[    6.332113]      bootserver=192.168.0.1, rootserver=192.168.0.1, rootpath=
[    6.339111]      nameserver0=192.0.2.2, nameserver1=192.0.2.3
[    6.345461] vmmcwl_fixed: disabling
[    6.365081] EXT4-fs (mmcblk0p2): mounted filesystem with ordered data mode. Opts: (null)
[    6.373631] VFS: Mounted root (ext4 filesystem) on device 179:2.
[    6.387931] devtmpfs: mounted
[    6.392884] Freeing unused kernel memory: 1036K (c0d7f000 - c0e82000)
INIT: version 2.88 booting
Error opening /dev/fb0: No such file or directory
Starting udev
[    6.929712] udevd[82]: starting version 182
[    9.470996] EXT4-fs (mmcblk0p3): mounted filesystem with ordered data mode. Opts: (null)
[    9.481900] FAT-fs (mmcblk0p1): Volume was not properly unmounted. Some data may be corrupt. Please run fsck.
depmod: ERROR: could not open directory /lib/modules/4.3.0-rc3-00002-g57c5151c2ca2: No such file or directory
depmod: WARNING: -e needs -E or -F
depmod: ERROR: could not open directory /lib/modules/4.3.0-rc3-00002-g57c5151c2ca2: No such file or directory
depmod: FATAL: could not search modules: No such file or directory
[   10.562929] EXT4-fs (mmcblk0p2): re-mounted. Opts: data=ordered
Starting Bootlog daemon: bootlogd.
[   10.664351] random: dd urandom read with 54 bits of entropy available
Populating dev cache
ALSA: Restoring mixer settings...
/usr/sbin/alsactl: load_state:1729: No soundcards found...
hwclock: can't open '/dev/misc/rtc': No such file or directory
Sat Jun 20 16:02:00 UTC 2015
hwclock: can't open '/dev/misc/rtc': No such file or directory
INIT: Entering runlevel: 5
Configuring network interfaces... udhcpc (v1.22.1) started
Sending discover...
Sending select for 192.168.0.80...
Lease of 192.168.0.80 obtained, lease time 600
/etc/udhcpc.d/50default: Adding DNS 192.0.2.2
/etc/udhcpc.d/50default: Adding DNS 192.0.2.3
done.
Starting system message bus: dbus.
UIM SYSFS Node Not Found
Starting Dropbear SSH server: dropbear.
Starting telnet daemon.
Starting rpcbind daemon...done.
creating NFS state directory: done
starting statd: done
hwclock: can't open '/dev/misc/rtc': No such file or directory
Starting syslogd/klogd: done
Starting thttpd.
Starting Lighttpd Web Server: lighttpd.
2015-06-20 16:02:02: (/home/jenkins/tisdk-build/build-CORTEX_1/arago-tmp-external-linaro-toolchain/work/cortexa9t2hf-vfp-neon-linux-gnueabi/lighttpd/1.4.33-r1/lighttpd-1.4.33/src/log.c.166) server started 
Starting Matrix GUI application.
Enabling thermal zones...
/etc/rc5.d/S98thermal-zone-init: line 7: /sys/class/thermal/thermal_zone*/mode: No such file or directory
[   15.726812] random: nonblocking pool is initialized
***************************************************************
***************************************************************
NOTICE: This file system contains the followin GPLv3 packages:
	autoconf
	binutils
	cpp-symlinks
	cpp
	g++-symlinks
	g++
	gcc-symlinks
	gcc
	gdbserver
	gstreamer1.0-libav
	libgmp10
	libmpc3
	libmpfr4
	make
If you do not wish to distribute GPLv3 components please remove
the above packages prior to distribution.  This can be done using
the opkg remove command.  i.e.:
    opkg remove <package>
Where <package> is the name printed in the list above
NOTE: If the package is a dependency of another package you
      will be notified of the dependent packages.  You should
      use the --force-removal-of-dependent-packages option to
      also remove the dependent packages as well
***************************************************************
***************************************************************
Stopping Bootlog daemon: bootlogd.
 _____                    _____           _         _   
|  _  |___ ___ ___ ___   |  _  |___ ___  |_|___ ___| |_ 
|     |  _| .'| . | . |  |   __|  _| . | | | -_|  _|  _|
|__|__|_| |__,|_  |___|  |__|  |_| |___|_| |___|___|_|  
              |___|                    |___|            
Arago Project http://arago-project.org am437x-evm /dev/ttyO0
Arago 2015.05 am437x-evm /dev/ttyO0
am437x-evm login: 
- 03:14:13 [INFO] Host: root
- 03:14:13 [INFO] Target: 
root
root@am437x-evm:~# 
- 03:14:13 [INFO] Host: uname -a
- 03:14:13 [INFO] Target: 
uname -a
Linux am437x-evm 4.3.0-rc3-00002-g57c5151c2ca2 #1 SMP Mon Sep 28 02:23:35 CDT 2015 armv7l GNU/Linux
root@am437x-evm:~# 
- 03:14:13 [INFO] Host: cat /proc/cmdline
- 03:14:13 [INFO] Target: 
cat /proc/cmdline
console=ttyO0,115200n8 earlyprintk rootwait  ip=:::::eth0:dhcp  root=PARTUUID=00000000-02 rw rootfstype=ext4 rootwait 
root@am437x-evm:~# 
- 03:14:13 [INFO] Host: uname -a
- 03:14:14 [INFO] Target: 
uname -a
Linux am437x-evm 4.3.0-rc3-00002-g57c5151c2ca2 #1 SMP Mon Sep 28 02:23:35 CDT 2015 armv7l GNU/Linux
root@am437x-evm:~# 
- 03:14:14 [INFO] Host: cat /proc/mtd
- 03:14:14 [INFO] Target: 
cat /proc/mtd
dev:    size   erasesize  name
root@am437x-evm:~# 
- 03:14:26 [INFO] Host: export IPERFHOST=192.168.0.1
- 03:14:26 [INFO] Target: 
export IPERFHOST=192.168.0.1
root@am437x-evm:~# 
- 03:14:26 [INFO] Host: export NFS_SERVER=192.168.0.1
- 03:14:26 [INFO] Target: 
export NFS_SERVER=192.168.0.1
root@am437x-evm:~# 
- 03:14:26 [INFO] Host: export NFS_ROOT_PATH=/home/tigtfarm06/NFS_exports/linux/am43xx-gpevm
- 03:14:26 [INFO] Target: 
export NFS_ROOT_PATH=/home/tigtfarm06/NFS_exports/linux/am43x 
x-gpevm
root@am437x-evm:~# 
- 03:14:26 [INFO] Host: mkdir -p -m 777 /test
- 03:14:26 [INFO] Target: 
mkdir -p -m 777 /test
root@am437x-evm:~# 
- 03:14:26 [INFO] Host: cd /test
- 03:14:26 [INFO] Target: 
cd /test
root@am437x-evm:/test# 
- 03:14:26 [INFO] Host: cat > test.sh << EOF
- 03:14:26 [INFO] Target: 
cat > test.sh << EOF
- 03:14:26 [INFO] Host: failtest() {
- 03:14:26 [INFO] Target: 
failtest() {
- 03:14:26 [INFO] Host:   echo 1 >&3
- 03:14:27 [INFO] Target: 
  echo 1 >&3
- 03:14:27 [INFO] Host: }
- 03:14:27 [INFO] Target: 
- 03:14:27 [INFO] Host: timeout=600
- 03:14:27 [INFO] Target: 
timeout=600
- 03:14:27 [INFO] Host: 
- 03:14:27 [INFO] Target: 
- 03:14:27 [INFO] Host: # Start of user's script logic
- 03:14:27 [INFO] Target: 
# Start of user's script logic
- 03:14:27 [INFO] Host: mount -t proc proc /proc 2>/dev/null;
- 03:14:27 [INFO] Target: 
mount -t proc proc /proc 2>/dev/null;
- 03:14:27 [INFO] Host: 
- 03:14:27 [INFO] Target: 
- 03:14:27 [INFO] Host: mount -t sysfs sys /sys 2>/dev/null;
- 03:14:27 [INFO] Target: 
mount -t sysfs sys /sys 2>/dev/null;
- 03:14:27 [INFO] Host: 
- 03:14:27 [INFO] Target: 
- 03:14:27 [INFO] Host: mount -t debugfs none /sys/kernel/debug 2>/dev/null;
- 03:14:27 [INFO] Target: 
mount -t debugfs none /sys/kernel/debug 2>/dev/null;
- 03:14:27 [INFO] Host: 
- 03:14:28 [INFO] Target: 
- 03:14:28 [INFO] Host: echo 'cpuinfo:';cat /proc/cpuinfo; echo '=======';
- 03:14:28 [INFO] Target: 
echo 'cpuinfo:';cat /proc/cpuinfo; echo '=======';
- 03:14:28 [INFO] Host: 
- 03:14:28 [INFO] Target: 
- 03:14:28 [INFO] Host: echo 'soc info:';head /sys/devices/soc0/* 2>/dev/null; echo '=======';
- 03:14:28 [INFO] Target: 
echo 'soc info:';head /sys/devices/soc0/* 2>/dev/null; echo '=======';
- 03:14:28 [INFO] Host: 
- 03:14:28 [INFO] Target: 
- 03:14:28 [INFO] Host: echo 'DT Model info'; head /proc/device-tree/name /proc/device-tree/model /proc/device-tree/compatible 2>/dev/null;echo; echo '=======';
- 03:14:28 [INFO] Target: 
echo 'DT Model info'; head /proc/device-tree/name /proc/device-tree/model /pro 
c/device-tree/compatible 2>/dev/null;echo; echo '=======';
- 03:14:28 [INFO] Host: 
- 03:14:28 [INFO] Target: 
- 03:14:28 [INFO] Host: echo 'interrupts:';cat /proc/interrupts; echo '=======';
- 03:14:28 [INFO] Target: 
echo 'interrupts:';cat /proc/interrupts; echo '=======';
- 03:14:28 [INFO] Host: 
- 03:14:28 [INFO] Target: 
- 03:14:28 [INFO] Host: echo 'Clk_summary:';cat /sys/kernel/debug/clk/clk_summary; echo '=======';
- 03:14:28 [INFO] Target: 
echo 'Clk_summary:';cat /sys/kernel/debug/clk/clk_summary; echo '=======';
- 03:14:28 [INFO] Host: 
- 03:14:29 [INFO] Target: 
- 03:14:29 [INFO] Host: echo "Available frequencies"; cat /sys/devices/system/cpu/cpu0/cpufreq/scaling_available_frequencies 2>/dev/null;echo '=======';
- 03:14:29 [INFO] Target: 
echo "Available frequencies"; cat /sys/devices/system/cpu/cpu0/cpufreq/scaling 
_available_frequencies 2>/dev/null;echo '=======';
- 03:14:29 [INFO] Host: 
- 03:14:29 [INFO] Target: 
- 03:14:29 [INFO] Host: TMPF=/tmp/a.\$\$; TMPF2=/tmp/b.\$\$; STR=""
- 03:14:29 [INFO] Target: 
TMPF=/tmp/a.\$\$; TMPF2=/tmp/b.\$\$; STR=""
- 03:14:29 [INFO] Host: 
- 03:14:29 [INFO] Target: 
- 03:14:29 [INFO] Host: cp /dev/kmsg \$TMPF &
- 03:14:29 [INFO] Target: 
cp /dev/kmsg \$TMPF &
- 03:14:29 [INFO] Host: 
- 03:14:29 [INFO] Target: 
- 03:14:29 [INFO] Host: PID=\$! ; sleep 5; kill -9 \$PID
- 03:14:29 [INFO] Target: 
PID=\$! ; sleep 5; kill -9 \$PID
- 03:14:29 [INFO] Host: 
- 03:14:29 [INFO] Target: 
- 03:14:29 [INFO] Host: 
- 03:14:29 [INFO] Target: 
- 03:14:29 [INFO] Host: 
- 03:14:30 [INFO] Target: 
- 03:14:30 [INFO] Host: cat \$TMPF|grep "^0">\$TMPF2; N=\`cat \$TMPF2|wc -l\`; if [ "\$N" -ne 0 ]; then STR="\$STR emerg=\$N";echo "===== EMERGE++";cat \$TMPF2|cut -d ';' -f2;echo "====="; fi
- 03:14:30 [INFO] Target: 
cat \$TMPF|grep "^0">\$TMPF2; N=\`cat \$TMPF2|wc -l\`; if [ "\$N" -ne 0 ]; the 
n STR="\$STR emerg=\$N";echo "===== EMERGE++";cat \$TMPF2|cut -d ';' -f2;echo "= 
===="; fi
- 03:14:30 [INFO] Host: 
- 03:14:30 [INFO] Target: 
- 03:14:30 [INFO] Host: cat \$TMPF|grep "^1">\$TMPF2; N=\`cat \$TMPF2|wc -l\`; if [ "\$N" -ne 0 ]; then STR="\$STR alert=\$N";echo "===== ALERT ==";cat \$TMPF2|cut -d ';' -f2;echo "====="; fi
- 03:14:30 [INFO] Target: 
cat \$TMPF|grep "^1">\$TMPF2; N=\`cat \$TMPF2|wc -l\`; if [ "\$N" -ne 0 ]; the 
n STR="\$STR alert=\$N";echo "===== ALERT ==";cat \$TMPF2|cut -d ';' -f2;echo "= 
===="; fi
- 03:14:30 [INFO] Host: 
- 03:14:30 [INFO] Target: 
- 03:14:30 [INFO] Host: cat \$TMPF|grep "^2">\$TMPF2; N=\`cat \$TMPF2|wc -l\`; if [ "\$N" -ne 0 ]; then STR="\$STR crit=\$N";echo "===== CRIT ==";cat \$TMPF2|cut -d ';' -f2;echo "====="; fi
- 03:14:30 [INFO] Target: 
cat \$TMPF|grep "^2">\$TMPF2; N=\`cat \$TMPF2|wc -l\`; if [ "\$N" -ne 0 ]; the 
n STR="\$STR crit=\$N";echo "===== CRIT ==";cat \$TMPF2|cut -d ';' -f2;echo "=== 
=="; fi
- 03:14:30 [INFO] Host: 
- 03:14:30 [INFO] Target: 
- 03:14:30 [INFO] Host: cat \$TMPF|grep "^3">\$TMPF2; N=\`cat \$TMPF2|wc -l\`; if [ "\$N" -ne 0 ]; then STR="\$STR err=\$N";echo "===== ERR ==";cat \$TMPF2|cut -d ';' -f2;echo "=====" ;fi
- 03:14:30 [INFO] Target: 
cat \$TMPF|grep "^3">\$TMPF2; N=\`cat \$TMPF2|wc -l\`; if [ "\$N" -ne 0 ]; the 
n STR="\$STR err=\$N";echo "===== ERR ==";cat \$TMPF2|cut -d ';' -f2;echo "===== 
" ;fi
- 03:14:30 [INFO] Host: 
- 03:14:30 [INFO] Target: 
- 03:14:30 [INFO] Host: cat \$TMPF|grep "^4">\$TMPF2; N=\`cat \$TMPF2|wc -l\`; if [ "\$N" -ne 0 ]; then STR="\$STR warn=\$N";echo "===== WARN ==";cat \$TMPF2|cut -d ';' -f2;echo "=====" ;fi
- 03:14:30 [INFO] Target: 
cat \$TMPF|grep "^4">\$TMPF2; N=\`cat \$TMPF2|wc -l\`; if [ "\$N" -ne 0 ]; the 
n STR="\$STR warn=\$N";echo "===== WARN ==";cat \$TMPF2|cut -d ';' -f2;echo "=== 
==" ;fi
- 03:14:30 [INFO] Host: 
- 03:14:31 [INFO] Target: 
- 03:14:31 [INFO] Host: rm \$TMPF \$TMPF2; echo "SUM""MARY RESULT: BOOT:" 'PASS: H''ello World' 'B''oard' "Booted" "Boot Log has::::\$STR:"
- 03:14:31 [INFO] Target: 
rm \$TMPF \$TMPF2; echo "SUM""MARY RESULT: BOOT:" 'PASS: H''ello World' 'B''oa 
rd' "Booted" "Boot Log has::::\$STR:"
- 03:14:31 [INFO] Host: 
- 03:14:31 [INFO] Target: 
- 03:14:31 [INFO] Host: EOF
- 03:14:31 [INFO] Target: 
root@am437x-evm:/test# 
- 03:14:31 [INFO] Host: cd /test
- 03:14:31 [INFO] Target: 
cd /test
root@am437x-evm:/test# 
- 03:14:31 [INFO] Host: chmod +x test.sh
- 03:14:31 [INFO] Target: 
chmod +x test.sh
root@am437x-evm:/test# 
- 03:14:31 [INFO] Host: ./test.sh 2> stderr.log > stdout.log 3> result.log
- 03:14:36 [INFO] Target: 
./test.sh 2> stderr.log > stdout.log 3> result.log
root@am437x-evm:/test# 
- 03:14:36 [INFO] Host: echo $?
- 03:14:36 [INFO] Target: 
echo $?
root@am437x-evm:/test# 
- 03:14:36 [INFO] Host: cd /test
- 03:14:37 [INFO] Target: 
cd /test
root@am437x-evm:/test# 
- 03:14:37 [INFO] Host: cat stdout.log
- 03:14:38 [INFO] Target: 
cat stdout.log
cpuinfo:
processor	: 0
model name	: ARMv7 Processor rev 10 (v7l)
BogoMIPS	: 1992.29
Features	: half thumb fastmult vfp edsp thumbee neon vfpv3 tls vfpd32 
CPU implementer	: 0x41
CPU architecture: 7
CPU variant	: 0x2
CPU part	: 0xc09
CPU revision	: 10
Hardware	: Generic AM43 (Flattened Device Tree)
Revision	: 0000
Serial		: 0000000000000000
=======
soc info:
==> /sys/devices/soc0/family <==
AM43xx
==> /sys/devices/soc0/machine <==
AM437x
==> /sys/devices/soc0/power <==
==> /sys/devices/soc0/revision <==
ES1.1
==> /sys/devices/soc0/subsystem <==
==> /sys/devices/soc0/type <==
==> /sys/devices/soc0/uevent <==
=======
DT Model info
==> /proc/device-tree/name <==
==> /proc/device-tree/model <==
TI AM437x GP EVM
==> /proc/device-tree/compatible <==
ti,am437x-gp-evmti,am4372ti,am43
=======
interrupts:
           CPU0       
 16:       2988     WUGEN  68 Level     gp_timer
 20:          1     WUGEN   9 Level     l3-dbg-irq
 21:          1     WUGEN  10 Level     l3-app-irq
 24:       2269     WUGEN  12 Level     edma
 26:          1     WUGEN  14 Level     edma_error
 27:       6735     WUGEN  72 Level     OMAP UART0
134:          0     WUGEN  70 Level     44e0b000.i2c
135:          0     WUGEN  71 Level     4802a000.i2c
136:       6801     WUGEN  64 Level     mmc1
137:         13     WUGEN  29 Level     mmc0
139:         48     WUGEN  41 Level     4a100000.ethernet
140:         15     WUGEN  42 Level     4a100000.ethernet
147:          0     WUGEN 100 Level     gpmc
148:          1     WUGEN 172 Level     dwc3-omap
149:          3     WUGEN 178 Level     dwc3-omap
164:          0      PRCM Edge      pinctrl
188:          0     WUGEN 174 Level     xhci-hcd:usb1
195:          0  44e07000.gpio   6 Edge      48060000.mmc cd
IPI0:          0  CPU wakeup interrupts
IPI1:          0  Timer broadcast interrupts
IPI2:          0  Rescheduling interrupts
IPI3:          0  Function call interrupts
IPI4:          0  Single function call interrupts
IPI5:          0  CPU stop interrupts
IPI6:          0  IRQ work interrupts
IPI7:          0  completion interrupts
Err:          0
=======
Clk_summary:
   clock                         enable_cnt  prepare_cnt        rate   accuracy   phase
----------------------------------------------------------------------------------------
 clk_32k_rtc                              0            0       32768          0 0  
 oscillator                               0            0    12000000          0 0  
 clk_32k_mosc_ck                          0            0       32768          0 0  
 clk_32k_tpm_ck                           0            0       32768          0 0  
 tclkin_ck                                0            0    26000000          0 0  
 virt_26000000_ck                         0            0    26000000          0 0  
 virt_25000000_ck                         0            0    25000000          0 0  
 virt_24000000_ck                         1            1    24000000          0 0  
    sysboot_freq_sel_ck                   1            1    24000000          0 0  
       sys_clkin_ck                      21           39    24000000          0 0  
          vtp_clk_div                     0            0    12000000          0 0  
          dll_aging_clk_div               0            0     3000000          0 0  
          timer11_fck                     0            1    24000000          0 0  
          timer10_fck                     0            1    24000000          0 0  
          timer9_fck                      0            1    24000000          0 0  
          timer8_fck                      0            1    24000000          0 0  
          dpll_extdev_ck                  0            0    24000000          0 0  
             dpll_extdev_m2_ck            0            0    24000000          0 0  
          timer7_fck                      0            1    24000000          0 0  
          timer6_fck                      0            1    24000000          0 0  
          timer5_fck                      0            1    24000000          0 0  
          timer4_fck                      0            1    24000000          0 0  
          timer3_fck                      0            1    24000000          0 0  
          timer2_fck                      1            1    24000000          0 0  
          timer1_fck                      1            1    24000000          0 0  
          dpll_per_ck                     2            2   960000000          0 0  
             dpll_per_clkdcoldo           2            2   960000000          0 0  
                usb_otg_ss1_refclk960m           1            1   960000000          0 0  
                usb_otg_ss0_refclk960m           1            1   960000000          0 0  
             dpll_per_m2_ck               2            4   192000000          0 0  
                func_12m_clk              0            0    12000000          0 0  
                mmc_clk                   0            3    96000000          0 0  
                clk_24mhz                 0            1    24000000          0 0  
                   clkdiv32k_ck           0            1       32786          0 0  
                      clkdiv32k_ick           0            5       32786          0 0  
                         gpio5_dbclk           0            2       32786          0 0  
                         gpio4_dbclk           0            2       32786          0 0  
                         gpio3_dbclk           0            2       32786          0 0  
                         gpio2_dbclk           0            1       32786          0 0  
                         gpio1_dbclk           0            2       32786          0 0  
                dpll_per_m2_div4_ck           1           12    48000000          0 0  
                dpll_per_m2_div4_wkupdm_ck           1            2    48000000          0 0  
          dpll_disp_ck                    0            1    24000000          0 0  
             dpll_disp_m2_ck              0            1    24000000          0 0  
                disp_clk                  0            3    24000000          0 0  
          dpll_ddr_ck                     1            1   400000000          0 0  
             dpll_ddr_x2_ck               0            0   800000000          0 0  
                dpll_ddr_m4_ck            0            0   400000000          0 0  
             dpll_ddr_m2_ck               1            1   400000000          0 0  
          dpll_mpu_ck                     1            1  1000000000          0 0  
             dpll_mpu_m2_ck               3            3  1000000000          0 0  
          dpll_core_ck                    1            1  1000000000          0 0  
             dpll_core_x2_ck              2            2  2000000000          0 0  
                dpll_core_m6_ck           0            0   500000000          0 0  
                dpll_core_m5_ck           1            1   250000000          0 0  
                   cpsw_cpts_rft_clk           0            0   250000000          0 0  
                   cpsw_50m_clkdiv           0            0   250000000          0 0  
                      cpsw_5m_clkdiv           0            0    25000000          0 0  
                   dpll_clksel_mac_clk           0            0    50000000          0 0  
                   cpsw_125mhz_gclk           3            3   125000000          0 0  
                dpll_core_m4_ck           7            7   200000000          0 0  
                   l4hs_gclk              1            1   200000000          0 0  
                   l3_gclk               15           16   200000000          0 0  
                   sysclk_div             1            3   200000000          0 0  
                      div_core_25m_ck           0            0    25000000          0 0  
                      gfx_fclk_clksel_ck           0            1   200000000          0 0  
                         gfx_fck_div_ck           0            1   200000000          0 0  
                      dpll_core_m4_div2_ck           3            3   100000000          0 0  
                         l4ls_gclk          67           91   100000000          0 0  
                            ehrpwm5_tbclk           0            0   100000000          0 0  
                            ehrpwm4_tbclk           0            0   100000000          0 0  
                            ehrpwm3_tbclk           0            0   100000000          0 0  
                            ehrpwm2_tbclk           0            0   100000000          0 0  
                            ehrpwm1_tbclk           0            0   100000000          0 0  
                            ehrpwm0_tbclk           0            0   100000000          0 0  
                         l3s_gclk          14           15   100000000          0 0  
                      pruss_ocp_gclk           0            1   200000000          0 0  
          aes0_fck                        1            2    24000000          0 0  
          sha0_fck                        1            1    24000000          0 0  
          smartreflex1_fck                0            1    24000000          0 0  
          smartreflex0_fck                0            1    24000000          0 0  
          mcasp1_fck                      0            1    24000000          0 0  
          mcasp0_fck                      0            1    24000000          0 0  
          dcan1_fck                       0            1    24000000          0 0  
          dcan0_fck                       0            1    24000000          0 0  
          adc_tsc_fck                     0            1    24000000          0 0  
 virt_19200000_ck                         0            0    19200000          0 0  
    crystal_freq_sel_ck                   0            0    19200000          0 0  
 clk_rc32k_ck                             0            2       32768          0 0  
    gpio0_dbclk_mux_ck                    0            1       32768          0 0  
       gpio0_dbclk                        0            2       32768          0 0  
    wdt1_fck                              0            1       32768          0 0  
 clk_32768_ck                             1            2       32768          0 0  
    mux_synctimer32k_ck                   0            1       32768          0 0  
       synctimer_32kclk                   0            1       32768          0 0  
    usbphy_32khz_clkmux                   2            2       32768          0 0  
       usb_phy1_always_on_clk32k           1            1       32768          0 0  
       usb_phy0_always_on_clk32k           1            1       32768          0 0  
=======
Available frequencies
=======
===== ERR ==
omap_l3_noc 44000000.ocp: L3 debug error: target 8 mod:0 (unclearable)
omap_l3_noc 44000000.ocp: L3 application error: target 8 mod:0 (unclearable)
platform 44e3e000.rtc: Cannot lookup hwmod 'rtc'
platform 53701000.des: Cannot lookup hwmod 'des'
omap_voltage_late_init: Voltage driver support not added
of_cpumask_init_opp_table: couldn't find opp table for cpu:0, -19
cpu cpu0: dev_pm_opp_get_opp_count: device OPP not found (-19)
udevd[82]: starting version 182
=====
===== WARN ==
L2C: platform modifies aux control register: 0x0e030000 -> 0x3e430000
L2C: DT/platform modifies aux control register: 0x0e030000 -> 0x3e430000
omap_hwmod: tptc0 using broken dt data from edma
omap_hwmod: tptc1 using broken dt data from edma
omap_hwmod: tptc2 using broken dt data from edma
omap4_sram_init:Unable to allocate sram needed to handle errata I688
omap4_sram_init:Unable to get sram pool needed to handle errata I688
backlight supply power not found, using dummy regulator
omap_uart 44e09000.serial: No clock speed specified: using default: 48000000
omap_uart 481a6000.serial: No clock speed specified: using default: 48000000
gpmc_mem_init: disabling cs 0 mapped at 0x0-0x1000000
backlight supply power not found, using dummy regulator
backlight supply power not found, using dummy regulator
backlight supply power not found, using dummy regulator
mmc1: host does not support reading read-only switch, assuming write-enable
backlight supply power not found, using dummy regulator
IP-Config: Got DHCP answer from 192.168.0.1, my address is 192.168.0.147
, nameserver1=192.0.2.3
FAT-fs (mmcblk0p1): Volume was not properly unmounted. Some data may be corrupt. Please run fsck.
=====
SUMMARY RESULT: BOOT: PASS: Hello World Board Booted Boot Log has:::: err=8 warn=19:
root@am437x-evm:/test# 
- 03:14:38 [INFO] Host: cat stderr.log
- 03:14:38 [INFO] Target: 
cat stderr.log
./test.sh: line 33:   671 Killed                  cp /dev/kmsg $TMPF
root@am437x-evm:/test# 
- 03:14:38 [INFO] Host: cat result.log
- 03:14:40 [ERROR] On command: cat result.log waiting for cat result.log.+?(?m-ix:^1[\0\n\r]+) >>> error: execution expired
- 03:14:40 [INFO] Target: 
cat result.log
root@am437x-evm:/test# 
- 03:14:40 [INFO] Host: cd /test
- 03:14:40 [INFO] Target: 
cd /test
root@am437x-evm:/test# 
URL:gtsystest.telogy.design.ti.com/vatf/tigtfarm06/tigtfarm06_vatf@am43xx-gpevm/tigtfarm0609_28_2015_03_13_29/files/session_iteration_1/test_1
