- 22:08:58 [INFO] Starting target session
- 22:08:58 [INFO] Connected to am437x-sk via serial 
- 22:08:58 [INFO] Host: #check prompt
- 22:09:01 [ERROR] On command: #check prompt waiting for #check prompt.+?(?-mix:((?-mix:login:)|[Pp]assword)) >>> error: execution expired
- 22:09:01 [INFO] Target: 
#check prompt
root@am437x-evm:/test# 
- 22:09:01 [INFO] Host: #check prompt
- 22:09:01 [INFO] Target: 
#check prompt
root@am437x-evm:/test# 
- 22:09:01 [INFO] Host: sync;poweroff
- 22:09:20 [INFO] Target: 
sync;poweroff
[[0;32m  OK  [0m] Stopped target System Time Synchronized.
[[0;32m  OK  [0m] Stopped target Multi-User System.
         Stopping Network Name Resolution...
         Stopping strongSwan IPsec IKEv1/IKEv2 daemon using ipsec.conf...
[[0;32m  OK  [0m] Stopped target Login Prompts.
         Stopping parse-ip.service...
         Stopping Serial Getty on ttyS0...
         Stopping Serial Getty on ttyO0...
         Stopping Kernel Logging Service...
         Stopping System Logging Service...
         Stopping User Manager for UID 0...
         Stopping Lightning Fast Webserver With Light System Requirements...
[[0;32m  OK  [0m] Stopped target Timers.
[[0;32m  OK  [0m] Stopped Daily Cleanup of Temporary Directories.
[[0;32m  OK  [0m] Stopped Session c1 of user root.
         Stopping Getty on tty1...
         Stopping thermal-zone-init.service...
[[0;32m  OK  [0m] Stopped Kernel Logging Service.
[[0;32m  OK  [0m] Stopped strongSwan IPsec IKEv1/IKEv2 daemon using ipsec.conf.
[[0;32m  OK  [0m] Stopped System Logging Service.
[[0;32m  OK  [0m] Stopped Network Name Resolution.
[[0;32m  OK  [0m] Stopped Getty on tty1.
[[0;32m  OK  [0m] Stopped Serial Getty on ttyO0.
[[0;32m  OK  [0m] Stopped Lightning Fast Webserver With Light System Requirements.
[[0;32m  OK  [0m] Stopped User Manager for UID 0.
[[0;32m  OK  [0m] Stopped Serial Getty on ttyS0.
[[0;32m  OK  [0m] Stopped parse-ip.service.
[[0;32m  OK  [0m] Stopped thermal-zone-init.service.
[[0;32m  OK  [0m] Stopped User Manager for UID 0.
         Stopping matrix-gui-2.0.service...
[[0;32m  OK  [0m] Removed slice User Slice of root.
         Stopping Login Service...
[[0;32m  OK  [0m] Removed slice system-serial\x2dgetty.slice.
[[0;32m  OK  [0m] Removed slice system-getty.slice.
         Stopping Permit User Sessions...
[[0;32m  OK  [0m] Stopped target Network.
         Stopping Network Service...
[[0;32m  OK  [0m] Stopped Network Service.
[[0;32m  OK  [0m] Stopped Login Service.
[[0;32m  OK  [0m] Stopped matrix-gui-2.0.service.
[[0;32m  OK  [0m] Stopped Permit User Sessions.
         Stopping rng-tools.service...
         Stopping D-Bus System Message Bus...
[[0;32m  OK  [0m] Stopped D-Bus System Message Bus.
[[0;32m  OK  [0m] Stopped rng-tools.service.
         Stopping thttpd.service...
[[0;32m  OK  [0m] Stopped thttpd.service.
         Stopping telnetd.service...
[[0;32m  OK  [0m] Stopped telnetd.service.
         Stopping weston.service...
[[0;32m  OK  [0m] Stopped weston.service.
         Stopping rc.pvr.service...
[[0;32m  OK  [0m] Stopped target Remote File Systems.
[[0;32m  OK  [0m] Stopped rc.pvr.service.
         Stopping uim-sysfs.service...
[[0;32m  OK  [0m] Stopped uim-sysfs.service.
[[0;32m  OK  [0m] Stopped target Basic System.
[[0;32m  OK  [0m] Stopped target Paths.
[[0;32m  OK  [0m] Stopped Forward Password Requests to Wall Directory Watch.
[[0;32m  OK  [0m] Stopped Dispatch Password Requests to Console Directory Watch.
[[0;32m  OK  [0m] Stopped target Slices.
[[0;32m  OK  [0m] Removed slice User and Session Slice.
[[0;32m  OK  [0m] Stopped target Sockets.
[[0;32m  OK  [0m] Closed dropbear.socket.
[[0;32m  OK  [0m] Closed D-Bus System Message Bus Socket.
[[0;32m  OK  [0m] Closed RPCbind Server Activation Socket.
[[0;32m  OK  [0m] Stopped target System Initialization.
[[0;32m  OK  [0m] Stopped target Swap.
         Stopping Load/Save Random Seed...
         Stopping Network Time Synchronization...
         Stopping Update UTMP about System Boot/Shutdown...
[[0;32m  OK  [0m] Stopped Apply Kernel Variables.
[[0;32m  OK  [0m] Stopped Setup Virtual Console.
[[0;32m  OK  [0m] Closed Syslog Socket.
[[0;32m  OK  [0m] Stopped Network Time Synchronization.
[[0;32m  OK  [0m] Stopped Load/Save Random Seed.
[[0;32m  OK  [0m] Stopped Update UTMP about System Boot/Shutdown.
[[0;32m  OK  [0m] Stopped Create Volatile Files and Directories.
[[0;32m  OK  [0m] Stopped target Local File Systems.
         Unmounting /run/media/mmcblk0p1...
         Unmounting /sys/kernel/debug/tracing...
         Unmounting /media/ram...
         Unmounting Temporary Directory...
         Unmounting /run/media/mmcblk0p3...
         Unmounting /run/user/0...
         Unmounting /var/volatile...
[[0;32m  OK  [0m] Unmounted /run/media/mmcblk0p1.
[[0;32m  OK  [0m] Unmounted /sys/kernel/debug/tracing.
[[0;32m  OK  [0m] Unmounted /media/ram.
[[0;32m  OK  [0m] Unmounted Temporary Directory.
[[0;32m  OK  [0m] Unmounted /run/media/mmcblk0p3.
[[0;32m  OK  [0m] Unmounted /run/user/0.
[[0;32m  OK  [0m] Unmounted /var/volatile.
[[0;32m  OK  [0m] Reached target Unmount All Filesystems.
[[0;32m  OK  [0m] Stopped target Local File Systems (Pre).
[[0;32m  OK  [0m] Stopped Remount Root and Kernel File Systems.
[[0;32m  OK  [0m] Stopped Create Static Device Nodes in /dev.
[[0;32m  OK  [0m] Reached target Shutdown.
[10399.238525] systemd-shutdow: 23 output lines suppressed due to ratelimiting
[10399.259857] systemd-shutdown[1]: Sending SIGTERM to remaining processes...
[10399.304595] systemd-journald[97]: Received SIGTERM from PID 1 (systemd-shutdow).
[10409.320404] systemd-shutdown[1]: Sending SIGKILL to remaining processes...
[10409.353546] systemd-shutdown[1]: Sending SIGKILL to PID 605 (rngd).
[10409.370452] systemd-shutdown[1]: Unmounting file systems.
[10409.377349] systemd-shutdown[1]: Remounting '/' read-only with options 'data=ordered'.
[10410.378540] EXT4-fs (mmcblk0p2): re-mounted. Opts: data=ordered
[10410.404205] systemd-shutdown[1]: Remounting '/' read-only with options 'data=ordered'.
[10410.413269] EXT4-fs (mmcblk0p2): re-mounted. Opts: data=ordered
[10410.420013] systemd-shutdown[1]: All filesystems unmounted.
[10410.425933] systemd-shutdown[1]: Deactivating swaps.
[10410.431793] systemd-shutdown[1]: All swaps deactivated.
[10410.437347] systemd-shutdown[1]: Detaching loop devices.
[10410.459197] systemd-shutdown[1]: All loop devices detached.
[10410.486724] reboot: System halted
- 22:09:20 [INFO] Disconnected serial from am437x-sk
- 22:09:25 [INFO] Connected to am437x-sk via serial 
- 22:09:26 [INFO] Host: 
- 22:09:27 [INFO] Target: 
PMIC:  TPS65218
NAND:  0 MiB
MMC:   OMAP SD/MMC: 0
reading uboot.env
Net:   
Warning: ethernet@4a100000 using MAC address from ROM
eth0: ethernet@4a100000
Hit any key to stop autoboot:  2  0 
=>  
=>  
=>  
=>  
=>  
=>  
=>  
- 22:09:27 [INFO] Host: 
- 22:09:27 [INFO] Target: 
- 22:09:27 [INFO] Host: version
- 22:09:27 [INFO] Target: 
version
U-Boot 2016.05-00313-g89316b5 (Dec 19 2016 - 06:56:27 -0600)
arm-linux-gnueabihf-gcc (Linaro GCC 5.3-2016.02) 5.3.1 20160113
GNU ld (GNU Binutils) 2.25.0 Linaro 2015_10
- 22:09:27 [INFO] Host: setenv bootargs 'console=ttyO0,115200n8 earlyprintk=serial,ttyO0,115200n8 rootwait '
- 22:09:27 [INFO] Target: 
setenv bootargs 'console=ttyO0,115200n8 earlyprintk=serial,ttyO0,115200n8 rootwait '
- 22:09:27 [INFO] Host: setenv bootcmd  ''
- 22:09:27 [INFO] Target: 
setenv bootcmd  ''
- 22:09:27 [INFO] Host: setenv autoload 'no'
- 22:09:27 [INFO] Target: 
setenv autoload 'no'
- 22:09:27 [INFO] Host: setenv serverip '192.168.0.1'
- 22:09:27 [INFO] Target: 
setenv serverip '192.168.0.1'
- 22:09:27 [INFO] Host: setenv _initramfs -
- 22:09:27 [INFO] Target: 
setenv _initramfs -
- 22:09:27 [INFO] Host: printenv
- 22:09:28 [INFO] Target: 
printenv
_initramfs=-
arch=arm
args_fit=setenv bootargs console=${console} 
args_mmc=run finduuid;setenv bootargs console=${console} ${optargs} root=PARTUUID=${uuid} rw rootfstype=${mmcrootfstype}
autoload=no
baudrate=115200
board=am43xx
board_name=AM43__SK
board_rev=1.1A
board_serial=11144P420018
boot_fdt=try
boot_fit=0
bootargs=console=ttyO0,115200n8 earlyprintk=serial,ttyO0,115200n8 rootwait 
bootcmd=
bootdelay=2
bootdir=/boot
bootenvfile=uEnv.txt
bootfile=zImage
bootm_size=0x10000000
bootpart=0:2
bootscript=echo Running bootscript from mmc${mmcdev} ...; source ${loadaddr}
console=ttyO0,115200n8
cpu=armv7
dfu_alt_info_emmc=MLO raw 0x100 0x100 mmcpart 0;u-boot.img raw 0x300 0x1000 mmcpart 0
dfu_alt_info_mmc=boot part 0 1;rootfs part 0 2;MLO fat 0 1;spl-os-args fat 0 1;spl-os-image fat 0 1;u-boot.img fat 0 1;uEnv.txt fat 0 1
dfu_alt_info_qspi=u-boot.bin raw 0x0 0x080000;u-boot.backup raw 0x080000 0x080000;u-boot-spl-os raw 0x100000 0x010000;u-boot-env raw 0x110000 0x010000;u-boot-env.backup raw 0x120000 0x010000;kernel raw 0x130000 0x800000
dfu_alt_info_ram=kernel ram 0x80200000 0x4000000;fdt ram 0x80f80000 0x80000;ramdisk ram 0x81000000 0x4000000
dfu_bufsiz=0x10000
envboot=mmc dev ${mmcdev}; if mmc rescan; then echo SD/MMC found on device ${mmcdev};if run loadbootscript; then run bootscript;else if run loadbootenv; then echo Loaded env from ${bootenvfile};run importbootenv;fi;if test -n $uenvcmd; then echo Running uenvcmd ...;run uenvcmd;fi;fi;fi;
ethaddr=34:b1:f7:3d:b6:e4
fdt_addr_r=0x88000000
fdtaddr=0x88000000
fdtcontroladdr=bef0f298
fdtfile=undefined
findfdt=if test $board_name = AM43EPOS; then setenv fdtfile am43x-epos-evm.dtb; fi; if test $board_name = AM43__GP; then setenv fdtfile am437x-gp-evm.dtb; fi; if test $board_name = AM43XXHS; then setenv fdtfile am437x-gp-evm.dtb; fi; if test $board_name = AM43__SK; then setenv fdtfile am437x-sk-evm.dtb; fi; if test $board_name = AM43_IDK; then setenv fdtfile am437x-idk-evm.dtb; fi; if test $fdtfile = undefined; then echo WARNING: Could not determine device tree; fi; 
finduuid=part uuid mmc ${bootpart} uuid
fit_bootfile=fitImage.itb
fit_loadaddr=0x88000000
importbootenv=echo Importing environment from mmc${mmcdev} ...; env import -t ${loadaddr} ${filesize}
kernel_addr_r=0x82000000
loadaddr=0x82000000
loadbootenv=fatload mmc ${mmcdev} ${loadaddr} ${bootenvfile}
loadbootscript=load mmc ${mmcdev} ${loadaddr} boot.scr
loadfdt=load ${devtype} ${bootpart} ${fdtaddr} ${bootdir}/${fdtfile}
loadfit=run args_fit; bootm ${loadaddr}#${fdtfile};
loadimage=load ${devtype} ${bootpart} ${loadaddr} ${bootdir}/${bootfile}
loadramdisk=load ${devtype} ${devnum} ${rdaddr} ramdisk.gz
mmcboot=mmc dev ${mmcdev}; setenv devnum ${mmcdev}; setenv devtype mmc; if mmc rescan; then echo SD/MMC found on device ${mmcdev};if run loadimage; then if test ${boot_fit} -eq 1; then run loadfit; else run mmcloados;fi;fi;fi;
mmcdev=0
mmcloados=run args_mmc; if test ${boot_fdt} = yes || test ${boot_fdt} = try; then if run loadfdt; then bootz ${loadaddr} - ${fdtaddr}; else if test ${boot_fdt} = try; then bootz; else echo WARN: Cannot load the DT; fi; fi; else bootz; fi;
mmcrootfstype=ext4 rootwait
mtdids=nand0=nand.0
mtdparts=mtdparts=nand.0:256k(NAND.SPL),256k(NAND.SPL.backup1),256k(NAND.SPL.backup2),256k(NAND.SPL.backup3),512k(NAND.u-boot-spl-os),1m(NAND.u-boot),256k(NAND.u-boot-env),256k(NAND.u-boot-env.backup1),7m(NAND.kernel),-(NAND.file-system)
nandargs=setenv bootargs console=${console} ${optargs} root=${nandroot} rootfstype=${nandrootfstype}
nandboot=echo Booting from nand ...; run nandargs; nand read ${fdtaddr} NAND.u-boot-spl-os; nand read ${loadaddr} NAND.kernel; bootz ${loadaddr} - ${fdtaddr}
nandroot=ubi0:rootfs rw ubi.mtd=NAND.file-system,4096
nandrootfstype=ubifs rootwait=1
netargs=setenv bootargs console=${console} ${optargs} root=/dev/nfs nfsroot=${serverip}:${rootpath},${nfsopts} rw ip=dhcp
netboot=echo Booting from network ...; setenv autoload no; dhcp; run netloadimage; run netloadfdt; run netargs; bootz ${loadaddr} - ${fdtaddr}
netloadfdt=tftp ${fdtaddr} ${fdtfile}
netloadimage=tftp ${loadaddr} ${bootfile}
nfsopts=nolock
partitions=uuid_disk=${uuid_gpt_disk};name=rootfs,start=2MiB,size=-,uuid=${uuid_gpt_rootfs}
pxefile_addr_r=0x80100000
ramargs=setenv bootargs console=${console} ${optargs} root=${ramroot} rootfstype=${ramrootfstype}
ramdisk_addr_r=0x88080000
ramroot=/dev/ram0 rw
ramrootfstype=ext2
rdaddr=0x88080000
rootpath=/export/rootfs
scriptaddr=0x80000000
serverip=192.168.0.1
soc=am33xx
static_ip=${ipaddr}:${serverip}:${gatewayip}:${netmask}:${hostname}::off
stderr=serial@44e09000
stdin=serial@44e09000
stdout=serial@44e09000
update_to_fit=setenv loadaddr ${fit_loadaddr}; setenv bootfile ${fit_bootfile}
usbargs=setenv bootargs console=${console} ${optargs} root=${usbroot} rootfstype=${usbrootfstype}
usbboot=setenv devnum ${usbdev}; setenv devtype usb; usb start ${usbdev}; if usb dev ${usbdev}; then if run loadbootenv; then echo Loaded environment from ${bootenv};run importbootenv;fi;if test -n $uenvcmd; then echo Running uenvcmd ...;run uenvcmd;fi;if run loadimage; then run loadfdt; echo Booting from usb ${usbdev}...; run usbargs;bootz ${loadaddr} - ${fdtaddr}; fi;fi
usbdev=0
usbroot=/dev/sda2 rw
usbrootfstype=ext4 rootwait
vendor=ti
ver=U-Boot 2016.05-00313-g89316b5 (Dec 19 2016 - 06:56:27 -0600)
Environment size: 5493/65532 bytes
- 22:09:28 [INFO] Host: printenv
- 22:09:28 [INFO] Target: 
printenv
_initramfs=-
arch=arm
args_fit=setenv bootargs console=${console} 
args_mmc=run finduuid;setenv bootargs console=${console} ${optargs} root=PARTUUID=${uuid} rw rootfstype=${mmcrootfstype}
autoload=no
baudrate=115200
board=am43xx
board_name=AM43__SK
board_rev=1.1A
board_serial=11144P420018
boot_fdt=try
boot_fit=0
bootargs=console=ttyO0,115200n8 earlyprintk=serial,ttyO0,115200n8 rootwait 
bootcmd=
bootdelay=2
bootdir=/boot
bootenvfile=uEnv.txt
bootfile=zImage
bootm_size=0x10000000
bootpart=0:2
bootscript=echo Running bootscript from mmc${mmcdev} ...; source ${loadaddr}
console=ttyO0,115200n8
cpu=armv7
dfu_alt_info_emmc=MLO raw 0x100 0x100 mmcpart 0;u-boot.img raw 0x300 0x1000 mmcpart 0
dfu_alt_info_mmc=boot part 0 1;rootfs part 0 2;MLO fat 0 1;spl-os-args fat 0 1;spl-os-image fat 0 1;u-boot.img fat 0 1;uEnv.txt fat 0 1
dfu_alt_info_qspi=u-boot.bin raw 0x0 0x080000;u-boot.backup raw 0x080000 0x080000;u-boot-spl-os raw 0x100000 0x010000;u-boot-env raw 0x110000 0x010000;u-boot-env.backup raw 0x120000 0x010000;kernel raw 0x130000 0x800000
dfu_alt_info_ram=kernel ram 0x80200000 0x4000000;fdt ram 0x80f80000 0x80000;ramdisk ram 0x81000000 0x4000000
dfu_bufsiz=0x10000
envboot=mmc dev ${mmcdev}; if mmc rescan; then echo SD/MMC found on device ${mmcdev};if run loadbootscript; then run bootscript;else if run loadbootenv; then echo Loaded env from ${bootenvfile};run importbootenv;fi;if test -n $uenvcmd; then echo Running uenvcmd ...;run uenvcmd;fi;fi;fi;
ethaddr=34:b1:f7:3d:b6:e4
fdt_addr_r=0x88000000
fdtaddr=0x88000000
fdtcontroladdr=bef0f298
fdtfile=undefined
findfdt=if test $board_name = AM43EPOS; then setenv fdtfile am43x-epos-evm.dtb; fi; if test $board_name = AM43__GP; then setenv fdtfile am437x-gp-evm.dtb; fi; if test $board_name = AM43XXHS; then setenv fdtfile am437x-gp-evm.dtb; fi; if test $board_name = AM43__SK; then setenv fdtfile am437x-sk-evm.dtb; fi; if test $board_name = AM43_IDK; then setenv fdtfile am437x-idk-evm.dtb; fi; if test $fdtfile = undefined; then echo WARNING: Could not determine device tree; fi; 
finduuid=part uuid mmc ${bootpart} uuid
fit_bootfile=fitImage.itb
fit_loadaddr=0x88000000
importbootenv=echo Importing environment from mmc${mmcdev} ...; env import -t ${loadaddr} ${filesize}
kernel_addr_r=0x82000000
loadaddr=0x82000000
loadbootenv=fatload mmc ${mmcdev} ${loadaddr} ${bootenvfile}
loadbootscript=load mmc ${mmcdev} ${loadaddr} boot.scr
loadfdt=load ${devtype} ${bootpart} ${fdtaddr} ${bootdir}/${fdtfile}
loadfit=run args_fit; bootm ${loadaddr}#${fdtfile};
loadimage=load ${devtype} ${bootpart} ${loadaddr} ${bootdir}/${bootfile}
loadramdisk=load ${devtype} ${devnum} ${rdaddr} ramdisk.gz
mmcboot=mmc dev ${mmcdev}; setenv devnum ${mmcdev}; setenv devtype mmc; if mmc rescan; then echo SD/MMC found on device ${mmcdev};if run loadimage; then if test ${boot_fit} -eq 1; then run loadfit; else run mmcloados;fi;fi;fi;
mmcdev=0
mmcloados=run args_mmc; if test ${boot_fdt} = yes || test ${boot_fdt} = try; then if run loadfdt; then bootz ${loadaddr} - ${fdtaddr}; else if test ${boot_fdt} = try; then bootz; else echo WARN: Cannot load the DT; fi; fi; else bootz; fi;
mmcrootfstype=ext4 rootwait
mtdids=nand0=nand.0
mtdparts=mtdparts=nand.0:256k(NAND.SPL),256k(NAND.SPL.backup1),256k(NAND.SPL.backup2),256k(NAND.SPL.backup3),512k(NAND.u-boot-spl-os),1m(NAND.u-boot),256k(NAND.u-boot-env),256k(NAND.u-boot-env.backup1),7m(NAND.kernel),-(NAND.file-system)
nandargs=setenv bootargs console=${console} ${optargs} root=${nandroot} rootfstype=${nandrootfstype}
nandboot=echo Booting from nand ...; run nandargs; nand read ${fdtaddr} NAND.u-boot-spl-os; nand read ${loadaddr} NAND.kernel; bootz ${loadaddr} - ${fdtaddr}
nandroot=ubi0:rootfs rw ubi.mtd=NAND.file-system,4096
nandrootfstype=ubifs rootwait=1
netargs=setenv bootargs console=${console} ${optargs} root=/dev/nfs nfsroot=${serverip}:${rootpath},${nfsopts} rw ip=dhcp
netboot=echo Booting from network ...; setenv autoload no; dhcp; run netloadimage; run netloadfdt; run netargs; bootz ${loadaddr} - ${fdtaddr}
netloadfdt=tftp ${fdtaddr} ${fdtfile}
netloadimage=tftp ${loadaddr} ${bootfile}
nfsopts=nolock
partitions=uuid_disk=${uuid_gpt_disk};name=rootfs,start=2MiB,size=-,uuid=${uuid_gpt_rootfs}
pxefile_addr_r=0x80100000
ramargs=setenv bootargs console=${console} ${optargs} root=${ramroot} rootfstype=${ramrootfstype}
ramdisk_addr_r=0x88080000
ramroot=/dev/ram0 rw
ramrootfstype=ext2
rdaddr=0x88080000
rootpath=/export/rootfs
scriptaddr=0x80000000
serverip=192.168.0.1
soc=am33xx
static_ip=${ipaddr}:${serverip}:${gatewayip}:${netmask}:${hostname}::off
stderr=serial@44e09000
stdin=serial@44e09000
stdout=serial@44e09000
update_to_fit=setenv loadaddr ${fit_loadaddr}; setenv bootfile ${fit_bootfile}
usbargs=setenv bootargs console=${console} ${optargs} root=${usbroot} rootfstype=${usbrootfstype}
usbboot=setenv devnum ${usbdev}; setenv devtype usb; usb start ${usbdev}; if usb dev ${usbdev}; then if run loadbootenv; then echo Loaded environment from ${bootenv};run importbootenv;fi;if test -n $uenvcmd; then echo Running uenvcmd ...;run uenvcmd;fi;if run loadimage; then run loadfdt; echo Booting from usb ${usbdev}...; run usbargs;bootz ${loadaddr} - ${fdtaddr}; fi;fi
usbdev=0
usbroot=/dev/sda2 rw
usbrootfstype=ext4 rootwait
vendor=ti
ver=U-Boot 2016.05-00313-g89316b5 (Dec 19 2016 - 06:56:27 -0600)
Environment size: 5493/65532 bytes
- 22:09:28 [INFO] Host: setenv bootargs ''${bootargs}' ip=:::::eth0:dhcp '
- 22:09:28 [INFO] Target: 
setenv bootargs ''${bootargs}' ip=:::::eth0:dhcp '
- 22:09:28 [INFO] Host: setenv serverip '192.168.0.1'
- 22:09:29 [INFO] Target: 
setenv serverip '192.168.0.1'
- 22:09:29 [INFO] Host: setenv autoload 'no'
- 22:09:29 [INFO] Target: 
setenv autoload 'no'
- 22:09:29 [INFO] Host: dhcp
- 22:09:30 [INFO] Target: 
dhcp
ethernet@4a100000 Waiting for PHY auto negotiation to complete.. done
link up on port 0, speed 1000, full duplex
BOOTP broadcast 1
BOOTP broadcast 2
BOOTP broadcast 3
DHCP client bound to address 192.168.0.241 (1084 ms)
- 22:09:30 [INFO] Host: tftp ${loadaddr} 192.168.0.1:vatf_am437x-sk/7e45c0d700d76917b910c5672e7994af
- 22:09:31 [INFO] Target: 
tftp ${loadaddr} 192.168.0.1:vatf_am437x-sk/7e45c0d700d76917b910c5672e7994af
link up on port 0, speed 1000, full duplex
Using ethernet@4a100000 device
TFTP from server 192.168.0.1; our IP address is 192.168.0.241
Filename 'vatf_am437x-sk/7e45c0d700d76917b910c5672e7994af'.
Load address: 0x82000000
Loading: *#################################################################
	 #################################################################
	 #################################################################
	 #################################################################
	 #################################################################
	 #################################################################
	 #################################################################
	 ##################################
	 7.4 MiB/s
done
Bytes transferred = 7172400 (6d7130 hex)
- 22:09:31 [INFO] Host: tftp ${fdt_addr_r} 192.168.0.1:vatf_am437x-sk/5ec65c8ed2b6e471f1f99de3975e3d12
- 22:09:32 [INFO] Target: 
tftp ${fdt_addr_r} 192.168.0.1:vatf_am437x-sk/5ec65c8ed2b6e471f1f99de3975e3d12
link up on port 0, speed 1000, full duplex
Using ethernet@4a100000 device
TFTP from server 192.168.0.1; our IP address is 192.168.0.241
Filename 'vatf_am437x-sk/5ec65c8ed2b6e471f1f99de3975e3d12'.
Load address: 0x88000000
Loading: *####
	 6.3 MiB/s
done
Bytes transferred = 46155 (b44b hex)
- 22:09:32 [INFO] Host: ls mmc 0:1
- 22:09:32 [INFO] Target: 
ls mmc 0:1
    74560   mlo 
   600644   u-boot.img 
        4   ws-calibrate.rules 
       14   .ipaddr 
    65536   uboot.env 
5 file(s), 0 dir(s)
- 22:09:32 [INFO] Host: ls mmc 0:2
- 22:09:32 [INFO] Target: 
ls mmc 0:2
<DIR>       4096 .
<DIR>       4096 ..
<DIR>       4096 opt
<DIR>       4096 srv
<DIR>       4096 tmp
<DIR>       4096 run
<DIR>       4096 var
<DIR>       4096 home
<DIR>       4096 etc
<DIR>       4096 sbin
<DIR>       4096 include
<DIR>       4096 usr
<DIR>       4096 sys
<DIR>       4096 lib
<DIR>       4096 media
<DIR>       4096 bin
<DIR>       4096 boot
<DIR>       4096 dev
<DIR>       4096 mnt
<DIR>       4096 proc
<DIR>       4096 www
<DIR>       4096 test
- 22:09:32 [INFO] Host: part uuid mmc 0:2
- 22:09:32 [INFO] Target: 
part uuid mmc 0:2
00000000-02
- 22:09:32 [INFO] Host: printenv
- 22:09:32 [INFO] Target: 
printenv
_initramfs=-
arch=arm
args_fit=setenv bootargs console=${console} 
args_mmc=run finduuid;setenv bootargs console=${console} ${optargs} root=PARTUUID=${uuid} rw rootfstype=${mmcrootfstype}
autoload=no
baudrate=115200
board=am43xx
board_name=AM43__SK
board_rev=1.1A
board_serial=11144P420018
boot_fdt=try
boot_fit=0
bootargs=console=ttyO0,115200n8 earlyprintk=serial,ttyO0,115200n8 rootwait  ip=:::::eth0:dhcp 
bootcmd=
bootdelay=2
bootdir=/boot
bootenvfile=uEnv.txt
bootfile=zImage
bootm_size=0x10000000
bootpart=0:2
bootscript=echo Running bootscript from mmc${mmcdev} ...; source ${loadaddr}
console=ttyO0,115200n8
cpu=armv7
dfu_alt_info_emmc=MLO raw 0x100 0x100 mmcpart 0;u-boot.img raw 0x300 0x1000 mmcpart 0
dfu_alt_info_mmc=boot part 0 1;rootfs part 0 2;MLO fat 0 1;spl-os-args fat 0 1;spl-os-image fat 0 1;u-boot.img fat 0 1;uEnv.txt fat 0 1
dfu_alt_info_qspi=u-boot.bin raw 0x0 0x080000;u-boot.backup raw 0x080000 0x080000;u-boot-spl-os raw 0x100000 0x010000;u-boot-env raw 0x110000 0x010000;u-boot-env.backup raw 0x120000 0x010000;kernel raw 0x130000 0x800000
dfu_alt_info_ram=kernel ram 0x80200000 0x4000000;fdt ram 0x80f80000 0x80000;ramdisk ram 0x81000000 0x4000000
dfu_bufsiz=0x10000
dnsip=192.0.2.2
dnsip2=192.0.2.3
envboot=mmc dev ${mmcdev}; if mmc rescan; then echo SD/MMC found on device ${mmcdev};if run loadbootscript; then run bootscript;else if run loadbootenv; then echo Loaded env from ${bootenvfile};run importbootenv;fi;if test -n $uenvcmd; then echo Running uenvcmd ...;run uenvcmd;fi;fi;fi;
ethact=ethernet@4a100000
ethaddr=34:b1:f7:3d:b6:e4
fdt_addr_r=0x88000000
fdtaddr=0x88000000
fdtcontroladdr=bef0f298
fdtfile=undefined
fileaddr=88000000
filesize=b44b
findfdt=if test $board_name = AM43EPOS; then setenv fdtfile am43x-epos-evm.dtb; fi; if test $board_name = AM43__GP; then setenv fdtfile am437x-gp-evm.dtb; fi; if test $board_name = AM43XXHS; then setenv fdtfile am437x-gp-evm.dtb; fi; if test $board_name = AM43__SK; then setenv fdtfile am437x-sk-evm.dtb; fi; if test $board_name = AM43_IDK; then setenv fdtfile am437x-idk-evm.dtb; fi; if test $fdtfile = undefined; then echo WARNING: Could not determine device tree; fi; 
finduuid=part uuid mmc ${bootpart} uuid
fit_bootfile=fitImage.itb
fit_loadaddr=0x88000000
gatewayip=192.168.0.1
importbootenv=echo Importing environment from mmc${mmcdev} ...; env import -t ${loadaddr} ${filesize}
ipaddr=192.168.0.241
kernel_addr_r=0x82000000
loadaddr=0x82000000
loadbootenv=fatload mmc ${mmcdev} ${loadaddr} ${bootenvfile}
loadbootscript=load mmc ${mmcdev} ${loadaddr} boot.scr
loadfdt=load ${devtype} ${bootpart} ${fdtaddr} ${bootdir}/${fdtfile}
loadfit=run args_fit; bootm ${loadaddr}#${fdtfile};
loadimage=load ${devtype} ${bootpart} ${loadaddr} ${bootdir}/${bootfile}
loadramdisk=load ${devtype} ${devnum} ${rdaddr} ramdisk.gz
mmcboot=mmc dev ${mmcdev}; setenv devnum ${mmcdev}; setenv devtype mmc; if mmc rescan; then echo SD/MMC found on device ${mmcdev};if run loadimage; then if test ${boot_fit} -eq 1; then run loadfit; else run mmcloados;fi;fi;fi;
mmcdev=0
mmcloados=run args_mmc; if test ${boot_fdt} = yes || test ${boot_fdt} = try; then if run loadfdt; then bootz ${loadaddr} - ${fdtaddr}; else if test ${boot_fdt} = try; then bootz; else echo WARN: Cannot load the DT; fi; fi; else bootz; fi;
mmcrootfstype=ext4 rootwait
mtdids=nand0=nand.0
mtdparts=mtdparts=nand.0:256k(NAND.SPL),256k(NAND.SPL.backup1),256k(NAND.SPL.backup2),256k(NAND.SPL.backup3),512k(NAND.u-boot-spl-os),1m(NAND.u-boot),256k(NAND.u-boot-env),256k(NAND.u-boot-env.backup1),7m(NAND.kernel),-(NAND.file-system)
nandargs=setenv bootargs console=${console} ${optargs} root=${nandroot} rootfstype=${nandrootfstype}
nandboot=echo Booting from nand ...; run nandargs; nand read ${fdtaddr} NAND.u-boot-spl-os; nand read ${loadaddr} NAND.kernel; bootz ${loadaddr} - ${fdtaddr}
nandroot=ubi0:rootfs rw ubi.mtd=NAND.file-system,4096
nandrootfstype=ubifs rootwait=1
netargs=setenv bootargs console=${console} ${optargs} root=/dev/nfs nfsroot=${serverip}:${rootpath},${nfsopts} rw ip=dhcp
netboot=echo Booting from network ...; setenv autoload no; dhcp; run netloadimage; run netloadfdt; run netargs; bootz ${loadaddr} - ${fdtaddr}
netloadfdt=tftp ${fdtaddr} ${fdtfile}
netloadimage=tftp ${loadaddr} ${bootfile}
netmask=255.255.255.0
nfsopts=nolock
partitions=uuid_disk=${uuid_gpt_disk};name=rootfs,start=2MiB,size=-,uuid=${uuid_gpt_rootfs}
pxefile_addr_r=0x80100000
ramargs=setenv bootargs console=${console} ${optargs} root=${ramroot} rootfstype=${ramrootfstype}
ramdisk_addr_r=0x88080000
ramroot=/dev/ram0 rw
ramrootfstype=ext2
rdaddr=0x88080000
rootpath=/export/rootfs
scriptaddr=0x80000000
serverip=192.168.0.1
soc=am33xx
static_ip=${ipaddr}:${serverip}:${gatewayip}:${netmask}:${hostname}::off
stderr=serial@44e09000
stdin=serial@44e09000
stdout=serial@44e09000
update_to_fit=setenv loadaddr ${fit_loadaddr}; setenv bootfile ${fit_bootfile}
usbargs=setenv bootargs console=${console} ${optargs} root=${usbroot} rootfstype=${usbrootfstype}
usbboot=setenv devnum ${usbdev}; setenv devtype usb; usb start ${usbdev}; if usb dev ${usbdev}; then if run loadbootenv; then echo Loaded environment from ${bootenv};run importbootenv;fi;if test -n $uenvcmd; then echo Running uenvcmd ...;run uenvcmd;fi;if run loadimage; then run loadfdt; echo Booting from usb ${usbdev}...; run usbargs;bootz ${loadaddr} - ${fdtaddr}; fi;fi
usbdev=0
usbroot=/dev/sda2 rw
usbrootfstype=ext4 rootwait
vendor=ti
ver=U-Boot 2016.05-00313-g89316b5 (Dec 19 2016 - 06:56:27 -0600)
Environment size: 5683/65532 bytes
- 22:09:32 [INFO] Host: setenv bootargs ''${bootargs}' root=PARTUUID=00000000-02 rw rootfstype=ext4 rootwait '
- 22:09:32 [INFO] Target: 
setenv bootargs ''${bootargs}' root=PARTUUID=00000000-02 rw rootfstype=ext4 rootwait '
- 22:09:32 [INFO] Host: printenv
- 22:09:33 [INFO] Target: 
printenv
_initramfs=-
arch=arm
args_fit=setenv bootargs console=${console} 
args_mmc=run finduuid;setenv bootargs console=${console} ${optargs} root=PARTUUID=${uuid} rw rootfstype=${mmcrootfstype}
autoload=no
baudrate=115200
board=am43xx
board_name=AM43__SK
board_rev=1.1A
board_serial=11144P420018
boot_fdt=try
boot_fit=0
bootargs=console=ttyO0,115200n8 earlyprintk=serial,ttyO0,115200n8 rootwait  ip=:::::eth0:dhcp  root=PARTUUID=00000000-02 rw rootfstype=ext4 rootwait 
bootcmd=
bootdelay=2
bootdir=/boot
bootenvfile=uEnv.txt
bootfile=zImage
bootm_size=0x10000000
bootpart=0:2
bootscript=echo Running bootscript from mmc${mmcdev} ...; source ${loadaddr}
console=ttyO0,115200n8
cpu=armv7
dfu_alt_info_emmc=MLO raw 0x100 0x100 mmcpart 0;u-boot.img raw 0x300 0x1000 mmcpart 0
dfu_alt_info_mmc=boot part 0 1;rootfs part 0 2;MLO fat 0 1;spl-os-args fat 0 1;spl-os-image fat 0 1;u-boot.img fat 0 1;uEnv.txt fat 0 1
dfu_alt_info_qspi=u-boot.bin raw 0x0 0x080000;u-boot.backup raw 0x080000 0x080000;u-boot-spl-os raw 0x100000 0x010000;u-boot-env raw 0x110000 0x010000;u-boot-env.backup raw 0x120000 0x010000;kernel raw 0x130000 0x800000
dfu_alt_info_ram=kernel ram 0x80200000 0x4000000;fdt ram 0x80f80000 0x80000;ramdisk ram 0x81000000 0x4000000
dfu_bufsiz=0x10000
dnsip=192.0.2.2
dnsip2=192.0.2.3
envboot=mmc dev ${mmcdev}; if mmc rescan; then echo SD/MMC found on device ${mmcdev};if run loadbootscript; then run bootscript;else if run loadbootenv; then echo Loaded env from ${bootenvfile};run importbootenv;fi;if test -n $uenvcmd; then echo Running uenvcmd ...;run uenvcmd;fi;fi;fi;
ethact=ethernet@4a100000
ethaddr=34:b1:f7:3d:b6:e4
fdt_addr_r=0x88000000
fdtaddr=0x88000000
fdtcontroladdr=bef0f298
fdtfile=undefined
fileaddr=88000000
filesize=b44b
findfdt=if test $board_name = AM43EPOS; then setenv fdtfile am43x-epos-evm.dtb; fi; if test $board_name = AM43__GP; then setenv fdtfile am437x-gp-evm.dtb; fi; if test $board_name = AM43XXHS; then setenv fdtfile am437x-gp-evm.dtb; fi; if test $board_name = AM43__SK; then setenv fdtfile am437x-sk-evm.dtb; fi; if test $board_name = AM43_IDK; then setenv fdtfile am437x-idk-evm.dtb; fi; if test $fdtfile = undefined; then echo WARNING: Could not determine device tree; fi; 
finduuid=part uuid mmc ${bootpart} uuid
fit_bootfile=fitImage.itb
fit_loadaddr=0x88000000
gatewayip=192.168.0.1
importbootenv=echo Importing environment from mmc${mmcdev} ...; env import -t ${loadaddr} ${filesize}
ipaddr=192.168.0.241
kernel_addr_r=0x82000000
loadaddr=0x82000000
loadbootenv=fatload mmc ${mmcdev} ${loadaddr} ${bootenvfile}
loadbootscript=load mmc ${mmcdev} ${loadaddr} boot.scr
loadfdt=load ${devtype} ${bootpart} ${fdtaddr} ${bootdir}/${fdtfile}
loadfit=run args_fit; bootm ${loadaddr}#${fdtfile};
loadimage=load ${devtype} ${bootpart} ${loadaddr} ${bootdir}/${bootfile}
loadramdisk=load ${devtype} ${devnum} ${rdaddr} ramdisk.gz
mmcboot=mmc dev ${mmcdev}; setenv devnum ${mmcdev}; setenv devtype mmc; if mmc rescan; then echo SD/MMC found on device ${mmcdev};if run loadimage; then if test ${boot_fit} -eq 1; then run loadfit; else run mmcloados;fi;fi;fi;
mmcdev=0
mmcloados=run args_mmc; if test ${boot_fdt} = yes || test ${boot_fdt} = try; then if run loadfdt; then bootz ${loadaddr} - ${fdtaddr}; else if test ${boot_fdt} = try; then bootz; else echo WARN: Cannot load the DT; fi; fi; else bootz; fi;
mmcrootfstype=ext4 rootwait
mtdids=nand0=nand.0
mtdparts=mtdparts=nand.0:256k(NAND.SPL),256k(NAND.SPL.backup1),256k(NAND.SPL.backup2),256k(NAND.SPL.backup3),512k(NAND.u-boot-spl-os),1m(NAND.u-boot),256k(NAND.u-boot-env),256k(NAND.u-boot-env.backup1),7m(NAND.kernel),-(NAND.file-system)
nandargs=setenv bootargs console=${console} ${optargs} root=${nandroot} rootfstype=${nandrootfstype}
nandboot=echo Booting from nand ...; run nandargs; nand read ${fdtaddr} NAND.u-boot-spl-os; nand read ${loadaddr} NAND.kernel; bootz ${loadaddr} - ${fdtaddr}
nandroot=ubi0:rootfs rw ubi.mtd=NAND.file-system,4096
nandrootfstype=ubifs rootwait=1
netargs=setenv bootargs console=${console} ${optargs} root=/dev/nfs nfsroot=${serverip}:${rootpath},${nfsopts} rw ip=dhcp
netboot=echo Booting from network ...; setenv autoload no; dhcp; run netloadimage; run netloadfdt; run netargs; bootz ${loadaddr} - ${fdtaddr}
netloadfdt=tftp ${fdtaddr} ${fdtfile}
netloadimage=tftp ${loadaddr} ${bootfile}
netmask=255.255.255.0
nfsopts=nolock
partitions=uuid_disk=${uuid_gpt_disk};name=rootfs,start=2MiB,size=-,uuid=${uuid_gpt_rootfs}
pxefile_addr_r=0x80100000
ramargs=setenv bootargs console=${console} ${optargs} root=${ramroot} rootfstype=${ramrootfstype}
ramdisk_addr_r=0x88080000
ramroot=/dev/ram0 rw
ramrootfstype=ext2
rdaddr=0x88080000
rootpath=/export/rootfs
scriptaddr=0x80000000
serverip=192.168.0.1
soc=am33xx
static_ip=${ipaddr}:${serverip}:${gatewayip}:${netmask}:${hostname}::off
stderr=serial@44e09000
stdin=serial@44e09000
stdout=serial@44e09000
update_to_fit=setenv loadaddr ${fit_loadaddr}; setenv bootfile ${fit_bootfile}
usbargs=setenv bootargs console=${console} ${optargs} root=${usbroot} rootfstype=${usbrootfstype}
usbboot=setenv devnum ${usbdev}; setenv devtype usb; usb start ${usbdev}; if usb dev ${usbdev}; then if run loadbootenv; then echo Loaded environment from ${bootenv};run importbootenv;fi;if test -n $uenvcmd; then echo Running uenvcmd ...;run uenvcmd;fi;if run loadimage; then run loadfdt; echo Booting from usb ${usbdev}...; run usbargs;bootz ${loadaddr} - ${fdtaddr}; fi;fi
usbdev=0
usbroot=/dev/sda2 rw
usbrootfstype=ext4 rootwait
vendor=ti
ver=U-Boot 2016.05-00313-g89316b5 (Dec 19 2016 - 06:56:27 -0600)
Environment size: 5738/65532 bytes
- 22:09:33 [INFO] Host: setenv bootcmd ''${bootcmd}' if iminfo ${loadaddr}; then bootm ${loadaddr} ${_initramfs} ${fdt_addr_r}; else bootz ${loadaddr} ${_initramfs} ${fdt_addr_r}; bootm ${loadaddr} ${_initramfs} ${fdt_addr_r}; fi'
- 22:09:33 [INFO] Target: 
setenv bootcmd ''${bootcmd}' if iminfo ${loadaddr}; then bootm ${loadaddr} ${_initramfs} ${fdt_addr_r}; else bootz ${loadaddr} ${_initramfs} ${fdt_addr_r}; bootm ${loadaddr} ${_initramfs} ${fdt_addr_r}; fi'
- 22:09:33 [INFO] Host: version
- 22:09:33 [INFO] Target: 
version
U-Boot 2016.05-00313-g89316b5 (Dec 19 2016 - 06:56:27 -0600)
arm-linux-gnueabihf-gcc (Linaro GCC 5.3-2016.02) 5.3.1 20160113
GNU ld (GNU Binutils) 2.25.0 Linaro 2015_10
- 22:09:33 [INFO] Host: bdinfo
- 22:09:33 [INFO] Target: 
bdinfo
arch_number = 0x00000000
boot_params = 0x80000100
DRAM bank   = 0x00000000
-> start    = 0x80000000
-> size     = 0x40000000
baudrate    = 115200 bps
TLB addr    = 0xBFFF0000
relocaddr   = 0xBFF2A000
reloc off   = 0x3F72A000
irq_sp      = 0xBEF0F280
sp start    = 0xBEF0F270
- 22:09:33 [INFO] Host: mmc rescan; echo $?
- 22:09:33 [INFO] Target: 
mmc rescan; echo $?
- 22:09:33 [INFO] Host: fatwrite mmc ${mmcdev}:1 ${loadaddr} ws-calibrate.rules 4
- 22:09:34 [INFO] Target: 
fatwrite mmc ${mmcdev}:1 ${loadaddr} ws-calibrate.rules 4
writing ws-calibrate.rules
4 bytes written
- 22:09:34 [INFO] Host: boot
- 22:09:59 [INFO] Target: 
boot
## Checking Image at 82000000 ...
Unknown image format!
Kernel image @ 0x82000000 [ 0x000000 - 0x6d7130 ]
## Flattened Device Tree blob at 88000000
   Booting using the fdt blob at 0x88000000
   Loading Device Tree to 8fff1000, end 8ffff44a ... OK
Starting kernel ...
[    0.000000] Booting Linux on physical CPU 0x0
[    0.000000] Linux version 4.9.0-next-20161219-00002-g45a7d13a28f2 (nmenon@horus) (gcc version 4.9.3 20150413 (prerelease) (Linaro GCC 4.9-2015.05) ) #3 SMP Mon Dec 19 21:02:48 CST 2016
[    0.000000] CPU: ARMv7 Processor [412fc09a] revision 10 (ARMv7), cr=10c5387d
[    0.000000] CPU: PIPT / VIPT nonaliasing data cache, VIPT aliasing instruction cache
[    0.000000] OF: fdt:Machine model: TI AM437x SK EVM
[    0.000000] efi: Getting EFI parameters from FDT:
[    0.000000] efi: UEFI not found.
[    0.000000] cma: Reserved 64 MiB at 0xbc000000
[    0.000000] Memory policy: Data cache writeback
[    0.000000] CPU: All CPU(s) started in SVC mode.
[    0.000000] AM437x ES1.2 (sgx neon)
[    0.000000] percpu: Embedded 14 pages/cpu @ef7c4000 s26176 r8192 d22976 u57344
[    0.000000] Built 1 zonelists in Zone order, mobility grouping on.  Total pages: 260608
[    0.000000] Kernel command line: console=ttyO0,115200n8 earlyprintk=serial,ttyO0,115200n8 rootwait  ip=:::::eth0:dhcp  root=PARTUUID=00000000-02 rw rootfstype=ext4 rootwait 
[    0.000000] PID hash table entries: 4096 (order: 2, 16384 bytes)
[    0.000000] Dentry cache hash table entries: 131072 (order: 7, 524288 bytes)
[    0.000000] Inode-cache hash table entries: 65536 (order: 6, 262144 bytes)
[    0.000000] Memory: 954744K/1048576K available (10240K kernel code, 1135K rwdata, 3944K rodata, 2048K init, 472K bss, 28296K reserved, 65536K cma-reserved, 196608K highmem)
[    0.000000] Virtual kernel memory layout:
[    0.000000]     vector  : 0xffff0000 - 0xffff1000   (   4 kB)
[    0.000000]     fixmap  : 0xffc00000 - 0xfff00000   (3072 kB)
[    0.000000]     vmalloc : 0xf0800000 - 0xff800000   ( 240 MB)
[    0.000000]     lowmem  : 0xc0000000 - 0xf0000000   ( 768 MB)
[    0.000000]     pkmap   : 0xbfe00000 - 0xc0000000   (   2 MB)
[    0.000000]     modules : 0xbf000000 - 0xbfe00000   (  14 MB)
[    0.000000]       .text : 0xc0208000 - 0xc0d00000   (11232 kB)
[    0.000000]       .init : 0xc1200000 - 0xc1400000   (2048 kB)
[    0.000000]       .data : 0xc1400000 - 0xc151bd40   (1136 kB)
[    0.000000]        .bss : 0xc151d000 - 0xc15931b0   ( 473 kB)
[    0.000000] SLUB: HWalign=64, Order=0-3, MinObjects=0, CPUs=1, Nodes=1
[    0.000000] Hierarchical RCU implementation.
[    0.000000] 	Build-time adjustment of leaf fanout to 32.
[    0.000000] 	RCU restricting CPUs from NR_CPUS=16 to nr_cpu_ids=1.
[    0.000000] RCU: Adjusting geometry for rcu_fanout_leaf=32, nr_cpu_ids=1
[    0.000000] NR_IRQS:16 nr_irqs:16 16
[    0.000000] L2C: platform modifies aux control register: 0x0e030000 -> 0x3e430000
[    0.000000] L2C: DT/platform modifies aux control register: 0x0e030000 -> 0x3e430000
[    0.000000] L2C-310 erratum 769419 enabled
[    0.000000] L2C-310 enabling early BRESP for Cortex-A9
[    0.000000] OMAP L2C310: ROM does not support power control setting
[    0.000000] L2C-310 dynamic clock gating disabled, standby mode disabled
[    0.000000] L2C-310 cache controller enabled, 16 ways, 256 kB
[    0.000000] L2C-310: CACHE_ID 0x410000c9, AUX_CTRL 0x4e430000
[    0.000000] OMAP clockevent source: timer1 at 32786 Hz
[    0.000012] sched_clock: 64 bits at 500MHz, resolution 2ns, wraps every 4398046511103ns
[    0.000030] clocksource: arm_global_timer: mask: 0xffffffffffffffff max_cycles: 0xe6a171a037, max_idle_ns: 881590485102 ns
[    0.000053] Switching to timer-based delay loop, resolution 2ns
[    0.002812] clocksource: 32k_counter: mask: 0xffffffff max_cycles: 0xffffffff, max_idle_ns: 58327039986419 ns
[    0.002822] OMAP clocksource: 32k_counter at 32768 Hz
[    0.004651] Console: colour dummy device 80x30
[    0.004683] Calibrating delay loop (skipped), value calculated using timer frequency.. 1000.00 BogoMIPS (lpj=5000000)
[    0.004696] pid_max: default: 32768 minimum: 301
[    0.004806] Mount-cache hash table entries: 2048 (order: 1, 8192 bytes)
[    0.004815] Mountpoint-cache hash table entries: 2048 (order: 1, 8192 bytes)
[    0.005481] CPU: Testing write buffer coherency: ok
[    0.005812] CPU0: thread -1, cpu 0, socket 0, mpidr 80000000
[    0.006107] Setting up static identity map for 0x80300000 - 0x80300098
[    0.010082] EFI services will not be available.
[    0.010356] smp: Bringing up secondary CPUs ...
[    0.010368] smp: Brought up 1 node, 1 CPU
[    0.010377] SMP: Total of 1 processors activated (1000.00 BogoMIPS).
[    0.010383] CPU: All CPU(s) started in SVC mode.
[    0.011182] devtmpfs: initialized
[    0.020856] VFP support v0.3: implementor 41 architecture 3 part 30 variant 9 rev 4
[    0.021534] clocksource: jiffies: mask: 0xffffffff max_cycles: 0xffffffff, max_idle_ns: 19112604462750000 ns
[    0.025003] pinctrl core: initialized pinctrl subsystem
[    0.027304] NET: Registered protocol family 16
[    0.029173] DMA: preallocated 256 KiB pool for atomic coherent allocations
[    0.103052] cpuidle: using governor menu
[    0.111908] OMAP GPIO hardware version 0.1
[    0.123545] No ATAGs?
[    0.123676] hw-breakpoint: found 5 (+1 reserved) breakpoint and 1 watchpoint registers.
[    0.123692] hw-breakpoint: maximum watchpoint size is 4 bytes.
[    0.124425] omap4_sram_init:Unable to allocate sram needed to handle errata I688
[    0.124436] omap4_sram_init:Unable to get sram pool needed to handle errata I688
[    0.127751] Serial: AMBA PL011 UART driver
[    0.144445] edma 49000000.edma: TI EDMA DMA engine driver
[    0.147687] vgaarb: loaded
[    0.148497] SCSI subsystem initialized
[    0.149051] usbcore: registered new interface driver usbfs
[    0.149106] usbcore: registered new interface driver hub
[    0.149158] usbcore: registered new device driver usb
[    0.149778] omap_i2c 44e0b000.i2c: could not find pctldev for node /ocp@44000000/l4_wkup@44c00000/scm@210000/pinmux@800/i2c0_pins, deferring probe
[    0.149831] omap_i2c 4802a000.i2c: could not find pctldev for node /ocp@44000000/l4_wkup@44c00000/scm@210000/pinmux@800/i2c1_pins, deferring probe
[    0.150556] pps_core: LinuxPPS API ver. 1 registered
[    0.150566] pps_core: Software ver. 5.3.6 - Copyright 2005-2007 Rodolfo Giometti <giometti@linux.it>
[    0.150587] PTP clock support registered
[    0.150741] EDAC MC: Ver: 3.0.0
[    0.153383] clocksource: Switched to clocksource arm_global_timer
[    0.161746] NET: Registered protocol family 2
[    0.162323] TCP established hash table entries: 8192 (order: 3, 32768 bytes)
[    0.162397] TCP bind hash table entries: 8192 (order: 4, 65536 bytes)
[    0.162503] TCP: Hash tables configured (established 8192 bind 8192)
[    0.162642] UDP hash table entries: 512 (order: 2, 16384 bytes)
[    0.162693] UDP-Lite hash table entries: 512 (order: 2, 16384 bytes)
[    0.162879] NET: Registered protocol family 1
[    0.163312] RPC: Registered named UNIX socket transport module.
[    0.163323] RPC: Registered udp transport module.
[    0.163329] RPC: Registered tcp transport module.
[    0.163333] RPC: Registered tcp NFSv4.1 backchannel transport module.
[    0.165635] futex hash table entries: 256 (order: 2, 16384 bytes)
[    0.166281] workingset: timestamp_bits=30 max_order=18 bucket_order=0
[    0.173748] squashfs: version 4.0 (2009/01/31) Phillip Lougher
[    0.174519] NFS: Registering the id_resolver key type
[    0.174554] Key type id_resolver registered
[    0.174561] Key type id_legacy registered
[    0.174600] ntfs: driver 2.1.32 [Flags: R/O].
[    0.176079] bounce: pool size: 64 pages
[    0.176294] Block layer SCSI generic (bsg) driver version 0.4 loaded (major 248)
[    0.176306] io scheduler noop registered
[    0.176312] io scheduler deadline registered
[    0.176458] io scheduler cfq registered (default)
[    0.182658] pinctrl-single 44e10800.pinmux: 199 pins at pa f9e10800 size 796
[    0.189418] backlight supply power not found, using dummy regulator
[    0.243166] Serial: 8250/16550 driver, 4 ports, IRQ sharing disabled
[    0.245904] SuperH (H)SCI(F) driver initialized
[    0.246713] msm_serial: driver initialized
[    0.246941] omap_uart 44e09000.serial: no wakeirq for uart0
[    0.246959] omap_uart 44e09000.serial: No clock speed specified: using default: 48000000
[    0.247086] 44e09000.serial: ttyO0 at MMIO 0x44e09000 (irq = 29, base_baud = 3000000) is a OMAP UART0
[    1.015210] console [ttyO0] enabled
[    1.019347] STMicroelectronics ASC driver initialized
[    1.026680] omap_rng 48310000.rng: Random Number Generator ver. 20
[    1.034543] [drm] Initialized
[    1.053191] brd: module loaded
[    1.062626] loop: module loaded
[    1.072957] libphy: Fixed MDIO Bus: probed
[    1.078292] CAN device driver interface
[    1.083171] bgmac_bcma: Broadcom 47xx GBit MAC driver loaded
[    1.090121] e1000e: Intel(R) PRO/1000 Network Driver - 3.2.6-k
[    1.096289] e1000e: Copyright(c) 1999 - 2015 Intel Corporation.
[    1.102591] igb: Intel(R) Gigabit Ethernet Network Driver - version 5.4.0-k
[    1.109944] igb: Copyright (c) 2007-2014 Intel Corporation.
[    1.193407] davinci_mdio 4a101000.mdio: davinci mdio revision 1.6
[    1.199840] davinci_mdio 4a101000.mdio: detected phy mask ffffffcf
[    1.207674] libphy: 4a101000.mdio: probed
[    1.211914] davinci_mdio 4a101000.mdio: phy[4]: device 4a101000.mdio:04, driver Micrel KSZ9031 Gigabit PHY
[    1.222159] davinci_mdio 4a101000.mdio: phy[5]: device 4a101000.mdio:05, driver Micrel KSZ9031 Gigabit PHY
[    1.234424] cpsw 4a100000.ethernet: Detected MACID = 34:b1:f7:3d:b6:e4
[    1.242525] cpsw 4a100000.ethernet: cpsw: Detected MACID = 34:b1:f7:3d:b6:e6
[    1.251454] pegasus: v0.9.3 (2013/04/25), Pegasus/Pegasus II USB Ethernet driver
[    1.259385] usbcore: registered new interface driver pegasus
[    1.265417] usbcore: registered new interface driver asix
[    1.271144] usbcore: registered new interface driver ax88179_178a
[    1.277611] usbcore: registered new interface driver cdc_ether
[    1.283815] usbcore: registered new interface driver smsc75xx
[    1.289925] usbcore: registered new interface driver smsc95xx
[    1.296026] usbcore: registered new interface driver net1080
[    1.302020] usbcore: registered new interface driver cdc_subset
[    1.308296] usbcore: registered new interface driver zaurus
[    1.314234] usbcore: registered new interface driver cdc_ncm
[    1.331051] ehci_hcd: USB 2.0 'Enhanced' Host Controller (EHCI) Driver
[    1.338077] ehci-pci: EHCI PCI platform driver
[    1.342820] ehci-platform: EHCI generic platform driver
[    1.348598] ehci-orion: EHCI orion driver
[    1.352949] SPEAr-ehci: EHCI SPEAr driver
[    1.357322] ehci-st: EHCI STMicroelectronics driver
[    1.362580] ehci-exynos: EHCI EXYNOS driver
[    1.367145] ehci-atmel: EHCI Atmel driver
[    1.371474] tegra-ehci: Tegra EHCI driver
[    1.375848] ohci_hcd: USB 1.1 'Open' Host Controller (OHCI) Driver
[    1.382383] ohci-pci: OHCI PCI platform driver
[    1.387147] ohci-platform: OHCI generic platform driver
[    1.392805] ohci-omap3: OHCI OMAP3 driver
[    1.397163] SPEAr-ohci: OHCI SPEAr driver
[    1.401490] ohci-st: OHCI STMicroelectronics driver
[    1.406751] ohci-atmel: OHCI Atmel driver
[    1.411414] ------------[ cut here ]------------
[    1.416332] WARNING: CPU: 0 PID: 1 at drivers/usb/host/xhci-plat.c:168 xhci_plat_probe+0x198/0x46c
[    1.425777] Modules linked in:
[    1.429001] CPU: 0 PID: 1 Comm: swapper/0 Not tainted 4.9.0-next-20161219-00002-g45a7d13a28f2 #3
[    1.438261] Hardware name: Generic AM43 (Flattened Device Tree)
[    1.444531] [<c03105c0>] (unwind_backtrace) from [<c030bc0c>] (show_stack+0x10/0x14)
[    1.452700] [<c030bc0c>] (show_stack) from [<c05a04dc>] (dump_stack+0x98/0xac)
[    1.460317] [<c05a04dc>] (dump_stack) from [<c0341c58>] (__warn+0xe8/0x100)
[    1.467654] [<c0341c58>] (__warn) from [<c0341d20>] (warn_slowpath_null+0x20/0x28)
[    1.475631] [<c0341d20>] (warn_slowpath_null) from [<c09dbdc0>] (xhci_plat_probe+0x198/0x46c)
[    1.484630] [<c09dbdc0>] (xhci_plat_probe) from [<c07f0374>] (platform_drv_probe+0x4c/0xb0)
[    1.493432] [<c07f0374>] (platform_drv_probe) from [<c07eea20>] (driver_probe_device+0x238/0x2d8)
[    1.502788] [<c07eea20>] (driver_probe_device) from [<c07eeb6c>] (__driver_attach+0xac/0xb0)
[    1.511679] [<c07eeb6c>] (__driver_attach) from [<c07ecd7c>] (bus_for_each_dev+0x68/0x9c)
[    1.520293] [<c07ecd7c>] (bus_for_each_dev) from [<c07edffc>] (bus_add_driver+0x1a0/0x218)
[    1.529003] [<c07edffc>] (bus_add_driver) from [<c07ef404>] (driver_register+0x78/0xf8)
[    1.537442] [<c07ef404>] (driver_register) from [<c0301e90>] (do_one_initcall+0x40/0x174)
[    1.546070] [<c0301e90>] (do_one_initcall) from [<c1200dd4>] (kernel_init_freeable+0x160/0x200)
[    1.555256] [<c1200dd4>] (kernel_init_freeable) from [<c0c06fe8>] (kernel_init+0x8/0x114)
[    1.563878] [<c0c06fe8>] (kernel_init) from [<c0307eb8>] (ret_from_fork+0x14/0x3c)
[    1.571884] ---[ end trace b4b204de6962a420 ]---
[    1.576832] xhci-hcd xhci-hcd.0.auto: xHCI Host Controller
[    1.582638] xhci-hcd xhci-hcd.0.auto: new USB bus registered, assigned bus number 1
[    1.591278] xhci-hcd xhci-hcd.0.auto: hcc params 0x0238f06d hci version 0x100 quirks 0x00010010
[    1.600552] xhci-hcd xhci-hcd.0.auto: irq 184, io mem 0x483d0000
[    1.607731] hub 1-0:1.0: USB hub found
[    1.611728] hub 1-0:1.0: 1 port detected
[    1.616259] xhci-hcd xhci-hcd.0.auto: xHCI Host Controller
[    1.622056] xhci-hcd xhci-hcd.0.auto: new USB bus registered, assigned bus number 2
[    1.630246] usb usb2: We don't know the algorithms for LPM for this host, disabling LPM.
[    1.639467] hub 2-0:1.0: USB hub found
[    1.643502] hub 2-0:1.0: 1 port detected
[    1.648534] usbcore: registered new interface driver usb-storage
[    1.656427] mousedev: PS/2 mouse device common for all mice
[    1.665087] i2c /dev entries driver
[    1.678333] sdhci: Secure Digital Host Controller Interface driver
[    1.684904] sdhci: Copyright(c) Pierre Ossman
[    1.690525] omap_hsmmc 48060000.mmc: Got CD GPIO
[    1.696742] Synopsys Designware Multimedia Card Interface Driver
[    1.704069] sdhci-pltfm: SDHCI platform and OF driver helper
[    1.712776] ledtrig-cpu: registered to indicate activity on CPUs
[    1.719651] usbcore: registered new interface driver usbhid
[    1.725577] usbhid: USB HID core driver
[    1.732842] NET: Registered protocol family 10
[    1.738926] Segment Routing with IPv6
[    1.742845] sit: IPv6, IPv4 and MPLS over IPv4 tunneling driver
[    1.749797] NET: Registered protocol family 17
[    1.754539] can: controller area network core (rev 20120528 abi 9)
[    1.761131] NET: Registered protocol family 29
[    1.765836] can: raw protocol (rev 20120528)
[    1.770330] can: broadcast manager protocol (rev 20161123 t)
[    1.776303] can: netlink gateway (rev 20130117) max_hops=1
[    1.782653] Key type dns_resolver registered
[    1.787441] omap_voltage_late_init: Voltage driver support not added
[    1.794300] ThumbEE CPU extension supported.
[    1.798805] Registering SWP/SWPB emulation handler
[    1.843568] vdds_ddr: Bringing 1350000uV into 1500000-1500000uV
[    1.861236] at24 0-0050: 32768 byte 24c256 EEPROM, writable, 64 bytes/write
[    1.868680] omap_i2c 44e0b000.i2c: bus 0 rev0.12 at 100 kHz
[    1.876612] omap_i2c 4802a000.i2c: bus 1 rev0.12 at 400 kHz
[    1.883323] backlight supply power not found, using dummy regulator
[    1.893490] omap_hsmmc 48060000.mmc: Got CD GPIO
[    1.954480] backlight supply power not found, using dummy regulator
[    1.963281] hctosys: unable to open rtc device (rtc0)
[    1.982775] net eth0: initializing cpsw version 1.15 (0)
[    1.990325] usb 1-1: new high-speed USB device number 2 using xhci-hcd
[    2.071741] mmc0: host does not support reading read-only switch, assuming write-enable
[    2.080259] mmc0: new SD card at address f4d0
[    2.087785] Micrel KSZ9031 Gigabit PHY 4a101000.mdio:04: attached PHY driver [Micrel KSZ9031 Gigabit PHY] (mii_bus:phy_addr=4a101000.mdio:04, irq=-1)
[    2.106066] IPv6: ADDRCONF(NETDEV_UP): eth0: link is not ready
[    2.113302] mmcblk0: mmc0:f4d0 SU02G 1.84 GiB 
[    2.120115]  mmcblk0: p1 p2 p3
[    2.125125] backlight supply power not found, using dummy regulator
[    2.165607] usb-storage 1-1:1.0: USB Mass Storage device detected
[    2.172462] scsi host0: usb-storage 1-1:1.0
[    2.178312] backlight supply power not found, using dummy regulator
[    3.204574] scsi 0:0:0:0: Direct-Access     KINGSTON DataTraveler 3.0 1.01 PQ: 0 ANSI: 6
[    3.215049] backlight supply power not found, using dummy regulator
[    3.223759] sd 0:0:0:0: [sda] 15187968 512-byte logical blocks: (7.78 GB/7.24 GiB)
[    3.232135] sd 0:0:0:0: [sda] Write Protect is off
[    3.237677] sd 0:0:0:0: [sda] Write cache: disabled, read cache: enabled, supports DPO and FUA
[    3.251830] sd 0:0:0:0: [sda] Attached SCSI removable disk
[    6.244483] cpsw 4a100000.ethernet eth0: Link is Up - 1Gbps/Full - flow control rx/tx
[    6.273423] IPv6: ADDRCONF(NETDEV_CHANGE): eth0: link becomes ready
[    6.303494] Sending DHCP requests ., OK
[    6.347436] IP-Config: Got DHCP answer from 192.168.0.1, my address is 192.168.0.241
[    6.355621] IP-Config: Complete:
[    6.359019]      device=eth0, hwaddr=34:b1:f7:3d:b6:e4, ipaddr=192.168.0.241, mask=255.255.255.0, gw=192.168.0.1
[    6.369746]      host=192.168.0.241, domain=ti.com, nis-domain=(none)
[    6.376534]      bootserver=0.0.0.0, rootserver=0.0.0.0, rootpath=     nameserver0=192.0.2.2, nameserver1=192.0.2.3
[    6.406856] EXT4-fs (mmcblk0p2): warning: maximal mount count reached, running e2fsck is recommended
[    6.422348] random: fast init done
[    6.426456] EXT4-fs (mmcblk0p2): mounted filesystem with ordered data mode. Opts: (null)
[    6.435062] VFS: Mounted root (ext4 filesystem) on device 179:2.
[    6.447614] devtmpfs: mounted
[    6.454443] Freeing unused kernel memory: 2048K
[    6.894275] systemd[1]: System time before build time, advancing clock.
[    6.927130] systemd[1]: systemd 229 running in system mode. (+PAM -AUDIT -SELINUX +IMA -APPARMOR +SMACK +SYSVINIT +UTMP -LIBCRYPTSETUP -GCRYPT -GNUTLS +ACL +XZ -LZ4 -SECCOMP +BLKID -ELFUTILS +KMOD -IDN)
[    6.946771] systemd[1]: Detected architecture arm.
Welcome to [1mArago 2016.10[0m!
[    6.997539] systemd[1]: Set hostname to <am437x-evm>.
[    8.350470] systemd[1]: Listening on /dev/initctl Compatibility Named Pipe.
[[0;32m  OK  [0m] Listening on /dev/initctl Compatibility Named Pipe.
[    8.383901] systemd[1]: Started Dispatch Password Requests to Console Directory Watch.
[[0;32m  OK  [0m] Started Dispatch Password Requests to Console Directory Watch.
[    8.423837] systemd[1]: Created slice User and Session Slice.
[[0;32m  OK  [0m] Created slice User and Session Slice.
[    8.453584] systemd[1]: Reached target Remote File Systems.
[[0;32m  OK  [0m] Reached target Remote File Systems.
[    8.483813] systemd[1]: Started Forward Password Requests to Wall Directory Watch.
[[0;32m  OK  [0m] Started Forward Password Requests to Wall Directory Watch.
[    8.540725] systemd[1]: Listening on udev Kernel Socket.
[[0;32m  OK  [0m] Listening on udev Kernel Socket.
[    8.573885] systemd[1]: Created slice System Slice.
[[0;32m  OK  [0m] Created slice System Slice.
[[0;32m  OK  [0m] Reached target Slices.
[[0;32m  OK  [0m] Created slice system-getty.slice.
[[0;32m  OK  [0m] Reached target Swap.
[[0;32m  OK  [0m] Listening on udev Control Socket.
[[0;32m  OK  [0m] Listening on Journal Socket.
         Starting Setup Virtual Console...
         Mounting Temporary Directory...
         Mounting Debug File System...
[[0;32m  OK  [0m] Listening on Network Service Netlink Socket.
         Starting Load Kernel Modules...
[[0;32m  OK  [0m] Listening on Journal Socket (/dev/log).
         Starting Remount Root and Kernel File Systems...
[[0;32m  OK  [0m] Created slice system-serial\x2dgetty.slice.
[    9.002159] EXT4-fs (mmcblk0p2): re-mounted. Opts: (null)
         Starting Create Static Device Nodes in /dev...
[[0;32m  OK  [0m] Reached target Paths.
[[0;32m  OK  [0m] Listening on Syslog Socket.
         Starting Journal Service...
[[0;32m  OK  [0m] Mounted Debug File System.
[[0;32m  OK  [0m] Mounted Temporary Directory.
[[0;32m  OK  [0m] Started Journal Service.
[[0;32m  OK  [0m] Started Setup Virtual Console.
[[0;1;31mFAILED[0m] Failed to start Load Kernel Modules.
See 'systemctl status systemd-modules-load.service' for details.
[[0;32m  OK  [0m] Started Remount Root and Kernel File Systems.
[[0;32m  OK  [0m] Started Create Static Device Nodes in /dev.
         Starting udev Kernel Device Manager...
         Starting udev Coldplug all Devices...
[[0;32m  OK  [0m] Reached target Local File Systems (Pre).
         Mounting /var/volatile...
         Mounting /media/ram...
         Starting Apply Kernel Variables...
         Starting Flush Journal to Persistent Storage...
[[0;32m  OK  [0m] Mounted /var/volatile.
[[0;32m  OK  [0m] Mounted /media/ram.
[[0;32m  OK  [0m] Started udev Kernel Device Manager.
[[0;32m  OK  [0m] Started Apply Kernel Variables.
[   12.470550] systemd-journald[115]: Received request to flush runtime journal from PID 1
[[0;32m  OK  [0m] Started Flush Journal to Persistent Storage.
[[0;32m  OK  [0m] Reached target Local File Systems.
         Starting Create Volatile Files and Directories...
         Starting Load/Save Random Seed...
[[0;32m  OK  [0m] Started Create Volatile Files and Directories.
[[0;32m  OK  [0m] Started Load/Save Random Seed.
         Starting Update UTMP about System Boot/Shutdown...
         Starting Network Time Synchronization...
[[0;32m  OK  [0m] Started Update UTMP about System Boot/Shutdown.
[[0;32m  OK  [0m] Started Network Time Synchronization.
[[0;32m  OK  [0m] Reached target System Time Synchronized.
         Starting Synchronize System and HW clocks...
[[0;1;31mFAILED[0m] Failed to start Synchronize System and HW clocks.
See 'systemctl status sync-clocks.service' for details.
[[0;32m  OK  [0m] Started udev Coldplug all Devices.
[[0;32m  OK  [0m] Found device /dev/ttyO0.
[[0;32m  OK  [0m] Reached target System Initialization.
[[0;32m  OK  [0m] Listening on RPCbind Server Activation Socket.
[[0;32m  OK  [0m] Listening on D-Bus System Message Bus Socket.
[[0;32m  OK  [0m] Started Daily Cleanup of Temporary Directories.
[[0;32m  OK  [0m] Reached target Timers.
[[0;32m  OK  [0m] Listening on dropbear.socket.
[[0;32m  OK  [0m] Reached target Sockets.
[[0;32m  OK  [0m] Reached target Basic System.
[[0;32m  OK  [0m] Started System Logging Service.
[[0;32m  OK  [0m] Started Kernel Logging Service.
[[0;32m  OK  [0m] Started D-Bus System Message Bus.
         Starting Network Service...
[[0;32m  OK  [0m] Started strongSwan IPsec IKEv1/IKEv2 daemon using ipsec.conf.
         Starting Print notice about GPLv3 packages...
         Starting uim-sysfs.service...
         Starting Login Service...
         Starting Permit User Sessions...
[[0;32m  OK  [0m] Started Permit User Sessions.
[   15.642770] net eth1: initializing cpsw version 1.15 (0)
[[0;32m  OK  [0m] Started Network Service.
[   15.786248] Micrel KSZ9031 Gigabit PHY 4a101000.mdio:05: attached PHY driver [Micrel KSZ9031 Gigabit PHY] (mii_bus:phy_addr=4a101000.mdio:05, irq=-1)
[   15.803436] IPv6: ADDRCONF(NETDEV_UP): eth1: link is not ready
[[0;32m  OK  [0m] Found device /dev/ttyS0.
[[0;32m  OK  [0m] Started Login Service.
[[0;32m  OK  [0m] Reached target Network.
         Starting Network Name Resolution...
         Starting Lightning Fast Webserver With Light System Requirements...
[[0;32m  OK  [0m] Started Serial Getty on ttyS0.
[[0;32m  OK  [0m] Started Getty on tty1.
[[0;32m  OK  [0m] Started Serial Getty on ttyO0.
[[0;32m  OK  [0m] Reached target Login Prompts.
[[0;32m  OK  [0m] Started Lightning Fast Webserver With Light System Requirements.
[   17.371431] FAT-fs (mmcblk0p1): Volume was not properly unmounted. Some data may be corrupt. Please run fsck.
[   17.612315] FAT-fs (mmcblk0p3): Volume was not properly unmounted. Some data may be corrupt. Please run fsck.
[   19.800627] random: crng init done
[[0;32m  OK  [0m] Started Network Name Resolution.
[[0;32m  OK  [0m] Started uim-sysfs.service.
***************************************************************
***************************************************************
NOTICE: This file system contains the following GPLv3 packages:
	autoconf
	binutils
	cpp-symlinks
	cpp
	dosfstools
	g++-symlinks
	g++
	gcc-symlinks
	gcc
	gdb
	gdbserver
	gstreamer1.0-libav
	libgmp10
	libidn11
	libmpc3
	libmpfr4
	make
	nettle
If you do not wish to distribute GPLv3 components please remove
the above packages prior to distribution.  This can be done using
the opkg remove command.  i.e.:
    opkg remove <package>
Where <package> is the name printed in the list above
NOTE: If the package is a dependency of another package you
      will be notified of the dependent packages.  You should
      use the --force-removal-of-dependent-packages option to
      also remove the dependent packages as well
***************************************************************
***************************************************************
 _____                    _____           _         _   
|  _  |___ ___ ___ ___   |  _  |___ ___  |_|___ ___| |_ 
|     |  _| .'| . | . |  |   __|  _| . | | | -_|  _|  _|
|__|__|_| |__,|_  |___|  |__|  |_| |___|_| |___|___|_|  
              |___|                    |___|            
Arago Project http://arago-project.org am437x-evm ttyO0
Arago 2016.10 am437x-evm ttyO0
am437x-evm login: 
- 22:09:59 [INFO] Host: root
- 22:10:06 [INFO] Target: 
root
7[r[999;999H[6nroot@am437x-evm:~# 
- 22:10:06 [INFO] Sleeping 15 secs to allow systemd to finish starting processes...
- 22:10:21 [INFO] Disconnected serial from am437x-sk
- 22:10:21 [INFO] Connected to am437x-sk via serial 
- 22:10:21 [INFO] Host: uname -a
- 22:10:21 [INFO] Target: 
uname -a
Linux am437x-evm 4.9.0-next-20161219-00002-g45a7d13a28f2 #3 SMP Mon Dec 19 21:02:48 CST 2016 armv7l GNU/Linux
root@am437x-evm:~# 
- 22:10:21 [INFO] Host: cat /proc/cmdline
- 22:10:21 [INFO] Target: 
cat /proc/cmdline
console=ttyO0,115200n8 earlyprintk=serial,ttyO0,115200n8 rootwait  ip=:::::eth0:dhcp  root=PARTUUID=00000000-02 rw rootfstype=ext4 rootwait 
root@am437x-evm:~# 
- 22:10:21 [INFO] Host: uname -a
- 22:10:21 [INFO] Target: 
uname -a
Linux am437x-evm 4.9.0-next-20161219-00002-g45a7d13a28f2 #3 SMP Mon Dec 19 21:02:48 CST 2016 armv7l GNU/Linux
root@am437x-evm:~# 
- 22:10:21 [INFO] Host: cat /proc/mtd
- 22:10:21 [INFO] Target: 
cat /proc/mtd
dev:    size   erasesize  name
root@am437x-evm:~# 
- 22:10:21 [INFO] Host: cat /proc/diskstats
- 22:10:22 [INFO] Target: 
cat /proc/diskstats
   1       0 ram0 0 0 0 0 0 0 0 0 0 0 0
   1       1 ram1 0 0 0 0 0 0 0 0 0 0 0
   1       2 ram2 0 0 0 0 0 0 0 0 0 0 0
   1       3 ram3 0 0 0 0 0 0 0 0 0 0 0
   1       4 ram4 0 0 0 0 0 0 0 0 0 0 0
   1       5 ram5 0 0 0 0 0 0 0 0 0 0 0
   1       6 ram6 0 0 0 0 0 0 0 0 0 0 0
   1       7 ram7 0 0 0 0 0 0 0 0 0 0 0
   1       8 ram8 0 0 0 0 0 0 0 0 0 0 0
   1       9 ram9 0 0 0 0 0 0 0 0 0 0 0
   1      10 ram10 0 0 0 0 0 0 0 0 0 0 0
   1      11 ram11 0 0 0 0 0 0 0 0 0 0 0
   1      12 ram12 0 0 0 0 0 0 0 0 0 0 0
   1      13 ram13 0 0 0 0 0 0 0 0 0 0 0
   1      14 ram14 0 0 0 0 0 0 0 0 0 0 0
   1      15 ram15 0 0 0 0 0 0 0 0 0 0 0
   7       0 loop0 0 0 0 0 0 0 0 0 0 0 0
   7       1 loop1 0 0 0 0 0 0 0 0 0 0 0
   7       2 loop2 0 0 0 0 0 0 0 0 0 0 0
   7       3 loop3 0 0 0 0 0 0 0 0 0 0 0
   7       4 loop4 0 0 0 0 0 0 0 0 0 0 0
   7       5 loop5 0 0 0 0 0 0 0 0 0 0 0
   7       6 loop6 0 0 0 0 0 0 0 0 0 0 0
   7       7 loop7 0 0 0 0 0 0 0 0 0 0 0
 179       0 mmcblk0 2760 884 145186 26440 116 960 8573 46850 0 11650 73290
 179       1 mmcblk0p1 137 17 13564 1400 5 0 5 3950 0 2500 5350
 179       2 mmcblk0p2 2450 843 117876 23210 111 960 8568 42900 0 10720 66110
 179       3 mmcblk0p3 138 24 12642 1590 0 0 0 0 0 1220 1590
   8       0 sda 676 0 31088 1470 0 0 0 0 0 880 1470
root@am437x-evm:~# 
- 22:10:22 [INFO] Host: cat /proc/interrupts
- 22:10:22 [INFO] Target: 
cat /proc/interrupts
           CPU0       
 16:          0     WUGEN  67 Level     gp_timer
 17:          0     GIC-0  27 Edge      gt
 18:       3053     GIC-0  29 Edge      twd
 19:          0     WUGEN   9 Level     l3-dbg-irq
 20:          0     WUGEN  10 Level     l3-app-irq
 23:       3052     WUGEN  12 Level     49000000.edma_ccint
 25:          0     WUGEN  14 Level     49000000.edma_ccerrint
 29:       1118     WUGEN  72 Level     OMAP UART0
 35:          0     WUGEN  96 Level     44e07000.gpio
 42:          0  44e07000.gpio   6 Edge      48060000.mmc cd
 68:          0     WUGEN  98 Level     4804c000.gpio
101:          0     WUGEN 148 Level     48322000.gpio
134:        116     WUGEN  70 Level     44e0b000.i2c
135:          0     WUGEN  71 Level     4802a000.i2c
136:       8875     WUGEN  64 Level     mmc0
138:         88     WUGEN  41 Level     4a100000.ethernet
139:         74     WUGEN  42 Level     4a100000.ethernet
144:          0     WUGEN 111 Level     48310000.rng
146:          1     WUGEN 172 Level     dwc3-omap
147:          1     WUGEN 178 Level     dwc3-omap
160:          0      PRCM Edge      pinctrl
184:       2500     WUGEN 174 Level     xhci-hcd:usb1
185:          1     WUGEN   7 Level     tps65218
IPI0:          0  CPU wakeup interrupts
IPI1:          0  Timer broadcast interrupts
IPI2:          0  Rescheduling interrupts
IPI3:          0  Function call interrupts
IPI4:          0  CPU stop interrupts
IPI5:          0  IRQ work interrupts
IPI6:          0  completion interrupts
Err:          0
root@am437x-evm:~# 
- 22:10:22 [INFO] Host: cat /proc/softirqs
- 22:10:22 [INFO] Target: 
cat /proc/softirqs
                    CPU0       
          HI:          1
       TIMER:       2633
      NET_TX:         10
      NET_RX:        206
       BLOCK:        844
    IRQ_POLL:          0
     TASKLET:       2919
       SCHED:          0
     HRTIMER:          0
         RCU:      10562
root@am437x-evm:~# 
- 22:10:27 [INFO] Host: export IPERFHOST=192.168.0.1
- 22:10:28 [INFO] Target: 
export IPERFHOST=192.168.0.1
root@am437x-evm:~# 
- 22:10:28 [INFO] Host: export NFS_SERVER=192.168.0.1
- 22:10:28 [INFO] Target: 
export NFS_SERVER=192.168.0.1
root@am437x-evm:~# 
- 22:10:28 [INFO] Host: export NFS_ROOT_PATH=/home/tigtfarm08/NFS_exports/linux/am437x-sk
- 22:10:28 [INFO] Target: 
export NFS_ROOT_PATH=/home/tigtfarm08/NFS_exports/linux/am437 
x-sk
root@am437x-evm:~# 
- 22:10:28 [INFO] Host: export AP_SSID=
- 22:10:28 [INFO] Target: 
export AP_SSID=
root@am437x-evm:~# 
- 22:10:28 [INFO] Host: mkdir -p -m 777 /test
- 22:10:28 [INFO] Target: 
mkdir -p -m 777 /test
root@am437x-evm:~# 
- 22:10:28 [INFO] Host: cd /test
- 22:10:28 [INFO] Target: 
cd /test
root@am437x-evm:/test# 
- 22:10:28 [INFO] Host: cat > test.sh << EOF
- 22:10:28 [INFO] Target: 
cat > test.sh << EOF
- 22:10:28 [INFO] Host: failtest() {
- 22:10:28 [INFO] Target: 
failtest() {
- 22:10:28 [INFO] Host:   echo 1 >&3
- 22:10:28 [INFO] Target: 
  echo 1 >&3
- 22:10:28 [INFO] Host: }
- 22:10:28 [INFO] Target: 
- 22:10:28 [INFO] Host: timeout=600
- 22:10:29 [INFO] Target: 
timeout=600
- 22:10:29 [INFO] Host: 
- 22:10:29 [INFO] Target: 
- 22:10:29 [INFO] Host: # Start of user's script logic
- 22:10:29 [INFO] Target: 
# Start of user's script logic
- 22:10:29 [INFO] Host: mount -t proc proc /proc 2>/dev/null;
- 22:10:29 [INFO] Target: 
mount -t proc proc /proc 2>/dev/null;
- 22:10:29 [INFO] Host: 
- 22:10:29 [INFO] Target: 
- 22:10:29 [INFO] Host: mount -t sysfs sys /sys 2>/dev/null;
- 22:10:29 [INFO] Target: 
mount -t sysfs sys /sys 2>/dev/null;
- 22:10:29 [INFO] Host: 
- 22:10:29 [INFO] Target: 
- 22:10:29 [INFO] Host: mount -t debugfs none /sys/kernel/debug 2>/dev/null;
- 22:10:29 [INFO] Target: 
mount -t debugfs none /sys/kernel/debug 2>/dev/null;
- 22:10:29 [INFO] Host: 
- 22:10:29 [INFO] Target: 
- 22:10:29 [INFO] Host: echo 'cpuinfo:';cat /proc/cpuinfo; echo '=======';
- 22:10:29 [INFO] Target: 
echo 'cpuinfo:';cat /proc/cpuinfo; echo '=======';
- 22:10:29 [INFO] Host: 
- 22:10:30 [INFO] Target: 
- 22:10:30 [INFO] Host: echo 'soc info:';head /sys/devices/soc0/* 2>/dev/null; echo '=======';
- 22:10:30 [INFO] Target: 
echo 'soc info:';head /sys/devices/soc0/* 2>/dev/null; echo '=======';
- 22:10:30 [INFO] Host: 
- 22:10:30 [INFO] Target: 
- 22:10:30 [INFO] Host: echo 'DT Model info'; head /proc/device-tree/name /proc/device-tree/model /proc/device-tree/compatible 2>/dev/null;echo; echo '=======';
- 22:10:30 [INFO] Target: 
echo 'DT Model info'; head /proc/device-tree/name /proc/device-tree/model /pro 
c/device-tree/compatible 2>/dev/null;echo; echo '=======';
- 22:10:30 [INFO] Host: 
- 22:10:30 [INFO] Target: 
- 22:10:30 [INFO] Host: echo 'interrupts:';cat /proc/interrupts; echo '=======';
- 22:10:30 [INFO] Target: 
echo 'interrupts:';cat /proc/interrupts; echo '=======';
- 22:10:30 [INFO] Host: 
- 22:10:30 [INFO] Target: 
- 22:10:30 [INFO] Host: echo 'Clk_summary:';cat /sys/kernel/debug/clk/clk_summary; echo '=======';
- 22:10:30 [INFO] Target: 
echo 'Clk_summary:';cat /sys/kernel/debug/clk/clk_summary; echo '=======';
- 22:10:30 [INFO] Host: 
- 22:10:30 [INFO] Target: 
- 22:10:30 [INFO] Host: echo "Available frequencies"; cat /sys/devices/system/cpu/cpu0/cpufreq/scaling_available_frequencies 2>/dev/null;echo '=======';
- 22:10:30 [INFO] Target: 
echo "Available frequencies"; cat /sys/devices/system/cpu/cpu0/cpufreq/scaling 
_available_frequencies 2>/dev/null;echo '=======';
- 22:10:30 [INFO] Host: 
- 22:10:31 [INFO] Target: 
- 22:10:31 [INFO] Host: TMPF=/tmp/a.\$\$; TMPF2=/tmp/b.\$\$; STR=""
- 22:10:31 [INFO] Target: 
TMPF=/tmp/a.\$\$; TMPF2=/tmp/b.\$\$; STR=""
- 22:10:31 [INFO] Host: 
- 22:10:31 [INFO] Target: 
- 22:10:31 [INFO] Host: cp /dev/kmsg \$TMPF &
- 22:10:31 [INFO] Target: 
cp /dev/kmsg \$TMPF &
- 22:10:31 [INFO] Host: 
- 22:10:31 [INFO] Target: 
- 22:10:31 [INFO] Host: PID=\$! ; sleep 5; kill -9 \$PID
- 22:10:31 [INFO] Target: 
PID=\$! ; sleep 5; kill -9 \$PID
- 22:10:31 [INFO] Host: 
- 22:10:31 [INFO] Target: 
- 22:10:31 [INFO] Host: 
- 22:10:31 [INFO] Target: 
- 22:10:31 [INFO] Host: 
- 22:10:31 [INFO] Target: 
- 22:10:31 [INFO] Host: cat \$TMPF|grep "^0">\$TMPF2; N=\`cat \$TMPF2|wc -l\`; if [ "\$N" -ne 0 ]; then STR="\$STR emerg=\$N";echo "===== EMERGE++";cat \$TMPF2|cut -d ';' -f2;echo "====="; fi
- 22:10:31 [INFO] Target: 
cat \$TMPF|grep "^0">\$TMPF2; N=\`cat \$TMPF2|wc -l\`; if [ "\$N" -ne 0 ]; the 
n STR="\$STR emerg=\$N";echo "===== EMERGE++";cat \$TMPF2|cut -d ';' -f2;echo "= 
===="; fi
- 22:10:31 [INFO] Host: 
- 22:10:32 [INFO] Target: 
- 22:10:32 [INFO] Host: cat \$TMPF|grep "^1">\$TMPF2; N=\`cat \$TMPF2|wc -l\`; if [ "\$N" -ne 0 ]; then STR="\$STR alert=\$N";echo "===== ALERT ==";cat \$TMPF2|cut -d ';' -f2;echo "====="; fi
- 22:10:32 [INFO] Target: 
cat \$TMPF|grep "^1">\$TMPF2; N=\`cat \$TMPF2|wc -l\`; if [ "\$N" -ne 0 ]; the 
n STR="\$STR alert=\$N";echo "===== ALERT ==";cat \$TMPF2|cut -d ';' -f2;echo "= 
===="; fi
- 22:10:32 [INFO] Host: 
- 22:10:32 [INFO] Target: 
- 22:10:32 [INFO] Host: cat \$TMPF|grep "^2">\$TMPF2; N=\`cat \$TMPF2|wc -l\`; if [ "\$N" -ne 0 ]; then STR="\$STR crit=\$N";echo "===== CRIT ==";cat \$TMPF2|cut -d ';' -f2;echo "====="; fi
- 22:10:32 [INFO] Target: 
cat \$TMPF|grep "^2">\$TMPF2; N=\`cat \$TMPF2|wc -l\`; if [ "\$N" -ne 0 ]; the 
n STR="\$STR crit=\$N";echo "===== CRIT ==";cat \$TMPF2|cut -d ';' -f2;echo "=== 
=="; fi
- 22:10:32 [INFO] Host: 
- 22:10:32 [INFO] Target: 
- 22:10:32 [INFO] Host: cat \$TMPF|grep "^3">\$TMPF2; N=\`cat \$TMPF2|wc -l\`; if [ "\$N" -ne 0 ]; then STR="\$STR err=\$N";echo "===== ERR ==";cat \$TMPF2|cut -d ';' -f2;echo "=====" ;fi
- 22:10:32 [INFO] Target: 
cat \$TMPF|grep "^3">\$TMPF2; N=\`cat \$TMPF2|wc -l\`; if [ "\$N" -ne 0 ]; the 
n STR="\$STR err=\$N";echo "===== ERR ==";cat \$TMPF2|cut -d ';' -f2;echo "===== 
" ;fi
- 22:10:32 [INFO] Host: 
- 22:10:32 [INFO] Target: 
- 22:10:32 [INFO] Host: cat \$TMPF|grep "^4">\$TMPF2; N=\`cat \$TMPF2|wc -l\`; if [ "\$N" -ne 0 ]; then STR="\$STR warn=\$N";echo "===== WARN ==";cat \$TMPF2|cut -d ';' -f2;echo "=====" ;fi
- 22:10:32 [INFO] Target: 
cat \$TMPF|grep "^4">\$TMPF2; N=\`cat \$TMPF2|wc -l\`; if [ "\$N" -ne 0 ]; the 
n STR="\$STR warn=\$N";echo "===== WARN ==";cat \$TMPF2|cut -d ';' -f2;echo "=== 
==" ;fi
- 22:10:32 [INFO] Host: 
- 22:10:32 [INFO] Target: 
- 22:10:32 [INFO] Host: rm \$TMPF \$TMPF2; echo "SUM""MARY RESULT: BOOT:" 'PASS: H''ello World' 'B''oard' "Booted" "Boot Log has::::\$STR:"
- 22:10:33 [INFO] Target: 
rm \$TMPF \$TMPF2; echo "SUM""MARY RESULT: BOOT:" 'PASS: H''ello World' 'B''oa 
rd' "Booted" "Boot Log has::::\$STR:"
- 22:10:33 [INFO] Host: 
- 22:10:33 [INFO] Target: 
- 22:10:33 [INFO] Host: EOF
- 22:10:33 [INFO] Target: 
root@am437x-evm:/test# 
- 22:10:33 [INFO] Host: cd /test
- 22:10:33 [INFO] Target: 
cd /test
root@am437x-evm:/test# 
- 22:10:33 [INFO] Host: chmod +x test.sh
- 22:10:33 [INFO] Target: 
chmod +x test.sh
root@am437x-evm:/test# 
- 22:10:33 [INFO] Host: ./test.sh 2> stderr.log > stdout.log 3> result.log
- 22:10:40 [INFO] Target: 
./test.sh 2> stderr.log > stdout.log 3> result.log
root@am437x-evm:/test# 
- 22:10:40 [INFO] Host: echo $?
- 22:10:40 [INFO] Target: 
echo $?
root@am437x-evm:/test# 
- 22:10:40 [INFO] Host: cd /test
- 22:10:40 [INFO] Target: 
cd /test
root@am437x-evm:/test# 
- 22:10:40 [INFO] Host: cat stdout.log
- 22:10:41 [INFO] Target: 
cat stdout.log
cpuinfo:
processor	: 0
model name	: ARMv7 Processor rev 10 (v7l)
BogoMIPS	: 1000.00
Features	: half thumb fastmult vfp edsp thumbee neon vfpv3 tls vfpd32 
CPU implementer	: 0x41
CPU architecture: 7
CPU variant	: 0x2
CPU part	: 0xc09
CPU revision	: 10
Hardware	: Generic AM43 (Flattened Device Tree)
Revision	: 0000
Serial		: 0000000000000000
=======
soc info:
==> /sys/devices/soc0/deferred_probe <==
==> /sys/devices/soc0/family <==
AM43xx
==> /sys/devices/soc0/machine <==
AM437x
==> /sys/devices/soc0/power <==
==> /sys/devices/soc0/revision <==
ES1.2
==> /sys/devices/soc0/subsystem <==
==> /sys/devices/soc0/type <==
==> /sys/devices/soc0/uevent <==
=======
DT Model info
==> /proc/device-tree/name <==
==> /proc/device-tree/model <==
TI AM437x SK EVM
==> /proc/device-tree/compatible <==
ti,am437x-sk-evmti,am4372ti,am43
=======
interrupts:
           CPU0       
 16:          0     WUGEN  67 Level     gp_timer
 17:          0     GIC-0  27 Edge      gt
 18:       3437     GIC-0  29 Edge      twd
 19:          0     WUGEN   9 Level     l3-dbg-irq
 20:          0     WUGEN  10 Level     l3-app-irq
 23:       3083     WUGEN  12 Level     49000000.edma_ccint
 25:          0     WUGEN  14 Level     49000000.edma_ccerrint
 29:       7609     WUGEN  72 Level     OMAP UART0
 35:          0     WUGEN  96 Level     44e07000.gpio
 42:          0  44e07000.gpio   6 Edge      48060000.mmc cd
 68:          0     WUGEN  98 Level     4804c000.gpio
101:          0     WUGEN 148 Level     48322000.gpio
134:        116     WUGEN  70 Level     44e0b000.i2c
135:          0     WUGEN  71 Level     4802a000.i2c
136:       9028     WUGEN  64 Level     mmc0
138:        142     WUGEN  41 Level     4a100000.ethernet
139:        114     WUGEN  42 Level     4a100000.ethernet
144:          0     WUGEN 111 Level     48310000.rng
146:          1     WUGEN 172 Level     dwc3-omap
147:          1     WUGEN 178 Level     dwc3-omap
160:          0      PRCM Edge      pinctrl
184:       3470     WUGEN 174 Level     xhci-hcd:usb1
185:          1     WUGEN   7 Level     tps65218
IPI0:          0  CPU wakeup interrupts
IPI1:          0  Timer broadcast interrupts
IPI2:          0  Rescheduling interrupts
IPI3:          0  Function call interrupts
IPI4:          0  CPU stop interrupts
IPI5:          0  IRQ work interrupts
IPI6:          0  completion interrupts
Err:          0
=======
Clk_summary:
   clock                         enable_cnt  prepare_cnt        rate   accuracy   phase
----------------------------------------------------------------------------------------
 clk_32k_rtc                              0            0       32768          0 0  
 clk_32k_mosc_ck                          0            0       32768          0 0  
 clk_32k_tpm_ck                           0            0       32768          0 0  
 tclkin_ck                                0            0    26000000          0 0  
 virt_26000000_ck                         0            0    26000000          0 0  
 virt_25000000_ck                         0            0    25000000          0 0  
 virt_24000000_ck                         1            1    24000000          0 0  
    sysboot_freq_sel_ck                   1            1    24000000          0 0  
       sys_clkin_ck                      20           39    24000000          0 0  
          clkout1_osc_div_ck              0            0    24000000          0 0  
             clkout1_mux_ck               0            0    24000000          0 0  
                clkout1_ck                0            0    24000000          0 0  
          vtp_clk_div                     0            0    12000000          0 0  
          dll_aging_clk_div               0            0     3000000          0 0  
          timer11_fck                     0            1    24000000          0 0  
          timer10_fck                     0            1    24000000          0 0  
          timer9_fck                      0            1    24000000          0 0  
          timer8_fck                      0            1    24000000          0 0  
          dpll_extdev_ck                  0            0   500000000          0 0  
             dpll_extdev_m2_ck            0            0    50000000          0 0  
          timer7_fck                      0            1    24000000          0 0  
          timer6_fck                      0            1    24000000          0 0  
          timer5_fck                      0            1    24000000          0 0  
          timer4_fck                      0            1    24000000          0 0  
          timer3_fck                      0            1    24000000          0 0  
          timer2_fck                      0            1    24000000          0 0  
          dpll_per_ck                     2            2   960000000          0 0  
             dpll_per_clkdcoldo           2            2   960000000          0 0  
                usb_otg_ss1_refclk960m           1            1   960000000          0 0  
                usb_otg_ss0_refclk960m           1            1   960000000          0 0  
             dpll_per_m2_ck               2            4   192000000          0 0  
                func_12m_clk              0            0    12000000          0 0  
                mmc_clk                   0            3    96000000          0 0  
                clk_24mhz                 1            1    24000000          0 0  
                   clkdiv32k_ck           1            1       32786          0 0  
                      clkdiv32k_ick           2            7       32786          0 0  
                         timer1_fck           1            1       32786          0 0  
                         gpio5_dbclk           0            2       32786          0 0  
                         gpio4_dbclk           0            1       32786          0 0  
                         gpio3_dbclk           0            1       32786          0 0  
                         gpio2_dbclk           0            1       32786          0 0  
                         gpio1_dbclk           0            2       32786          0 0  
                dpll_per_m2_div4_ck           0           12    48000000          0 0  
                dpll_per_m2_div4_wkupdm_ck           1            2    48000000          0 0  
          dpll_disp_ck                    0            1    24000000          0 0  
             dpll_disp_m2_ck              0            1    24000000          0 0  
                disp_clk                  0            3    24000000          0 0  
          dpll_ddr_ck                     1            1   400000000          0 0  
             dpll_ddr_x2_ck               0            0   800000000          0 0  
                dpll_ddr_m4_ck            0            0   400000000          0 0  
             dpll_ddr_m2_ck               1            1   400000000          0 0  
          dpll_mpu_ck                     1            1  1000000000          0 0  
             dpll_mpu_m2_ck               4            4  1000000000          0 0  
                mpu_periphclk             2            2   500000000          0 0  
          dpll_core_ck                    1            1  1000000000          0 0  
             dpll_core_x2_ck              2            2  2000000000          0 0  
                dpll_core_m6_ck           0            0   500000000          0 0  
                dpll_core_m5_ck           1            1   250000000          0 0  
                   cpsw_cpts_rft_clk           0            0   250000000          0 0  
                   cpsw_50m_clkdiv           0            0   250000000          0 0  
                      cpsw_5m_clkdiv           0            0    25000000          0 0  
                   dpll_clksel_mac_clk           0            0    50000000          0 0  
                   cpsw_125mhz_gclk           3            3   125000000          0 0  
                dpll_core_m4_ck           7            7   200000000          0 0  
                   l4hs_gclk              1            1   200000000          0 0  
                   l3_gclk               16           18   200000000          0 0  
                   sysclk_div             1            3   200000000          0 0  
                      div_core_25m_ck           0            0    25000000          0 0  
                      gfx_fclk_clksel_ck           0            1   200000000          0 0  
                         gfx_fck_div_ck           0            1   200000000          0 0  
                      dpll_core_m4_div2_ck           3            3   100000000          0 0  
                         l4ls_gclk          54           67   100000000          0 0  
                            ehrpwm5_tbclk           0            0   100000000          0 0  
                            ehrpwm4_tbclk           0            0   100000000          0 0  
                            ehrpwm3_tbclk           0            0   100000000          0 0  
                            ehrpwm2_tbclk           0            0   100000000          0 0  
                            ehrpwm1_tbclk           0            0   100000000          0 0  
                            ehrpwm0_tbclk           0            0   100000000          0 0  
                         l3s_gclk          13           15   100000000          0 0  
                      pruss_ocp_gclk           0            1   200000000          0 0  
          rng_fck                         2            2    24000000          0 0  
          aes0_fck                        1            2    24000000          0 0  
          sha0_fck                        1            1    24000000          0 0  
          smartreflex1_fck                0            1    24000000          0 0  
          smartreflex0_fck                0            1    24000000          0 0  
          mcasp1_fck                      0            1    24000000          0 0  
          mcasp0_fck                      0            1    24000000          0 0  
          dcan1_fck                       0            1    24000000          0 0  
          dcan0_fck                       0            1    24000000          0 0  
          adc_tsc_fck                     0            1    24000000          0 0  
 virt_19200000_ck                         0            0    19200000          0 0  
    crystal_freq_sel_ck                   0            0    19200000          0 0  
 clk_rc32k_ck                             0            2       32768          0 0  
    clkout1_src2_mux_ck                   0            0       32768          0 0  
       clkout1_src2_pre_div_ck            0            0       32768          0 0  
          clkout1_src2_post_div_ck           0            0       32768          0 0  
    gpio0_dbclk_mux_ck                    0            1       32768          0 0  
       gpio0_dbclk                        0            2       32768          0 0  
    wdt1_fck                              0            1       32768          0 0  
 clk_32768_ck                             2            3       32768          0 0  
    mux_synctimer32k_ck                   1            1       32768          0 0  
       synctimer_32kclk                   1            1       32768          0 0  
    usbphy_32khz_clkmux                   2            2       32768          0 0  
       usb_phy1_always_on_clk32k           1            1       32768          0 0  
       usb_phy0_always_on_clk32k           1            1       32768          0 0  
=======
Available frequencies
=======
===== ERR ==
omap_voltage_late_init: Voltage driver support not added
systemd[1]: System time before build time, advancing clock.
systemd[1]: systemd 229 running in system mode. (+PAM -AUDIT -SELINUX +IMA -APPARMOR +SMACK +SYSVINIT +UTMP -LIBCRYPTSETUP -GCRYPT -GNUTLS +ACL +XZ -LZ4 -SECCOMP +BLKID -ELFUTILS +KMOD -IDN)
systemd[1]: Detected architecture arm.
systemd[1]: Set hostname to <am437x-evm>.
systemd[1]: Listening on /dev/initctl Compatibility Named Pipe.
systemd[1]: Started Dispatch Password Requests to Console Directory Watch.
systemd[1]: Created slice User and Session Slice.
systemd[1]: Reached target Remote File Systems.
systemd[1]: Started Forward Password Requests to Wall Directory Watch.
systemd[1]: Listening on udev Kernel Socket.
systemd[1]: Created slice System Slice.
=====
===== WARN ==
L2C: platform modifies aux control register: 0x0e030000 -> 0x3e430000
L2C: DT/platform modifies aux control register: 0x0e030000 -> 0x3e430000
omap4_sram_init:Unable to allocate sram needed to handle errata I688
omap4_sram_init:Unable to get sram pool needed to handle errata I688
backlight supply power not found, using dummy regulator
omap_uart 44e09000.serial: No clock speed specified: using default: 48000000
------------[ cut here ]------------
WARNING: CPU: 0 PID: 1 at drivers/usb/host/xhci-plat.c:168 xhci_plat_probe+0x198/0x46c
Modules linked in:
CPU: 0 PID: 1 Comm: swapper/0 Not tainted 4.9.0-next-20161219-00002-g45a7d13a28f2 #3
Hardware name: Generic AM43 (Flattened Device Tree)
[<c03105c0>] (unwind_backtrace) from [<c030bc0c>] (show_stack+0x10/0x14)
[<c030bc0c>] (show_stack) from [<c05a04dc>] (dump_stack+0x98/0xac)
[<c05a04dc>] (dump_stack) from [<c0341c58>] (__warn+0xe8/0x100)
[<c0341c58>] (__warn) from [<c0341d20>] (warn_slowpath_null+0x20/0x28)
[<c0341d20>] (warn_slowpath_null) from [<c09dbdc0>] (xhci_plat_probe+0x198/0x46c)
[<c09dbdc0>] (xhci_plat_probe) from [<c07f0374>] (platform_drv_probe+0x4c/0xb0)
[<c07f0374>] (platform_drv_probe) from [<c07eea20>] (driver_probe_device+0x238/0x2d8)
[<c07eea20>] (driver_probe_device) from [<c07eeb6c>] (__driver_attach+0xac/0xb0)
[<c07eeb6c>] (__driver_attach) from [<c07ecd7c>] (bus_for_each_dev+0x68/0x9c)
[<c07ecd7c>] (bus_for_each_dev) from [<c07edffc>] (bus_add_driver+0x1a0/0x218)
[<c07edffc>] (bus_add_driver) from [<c07ef404>] (driver_register+0x78/0xf8)
[<c07ef404>] (driver_register) from [<c0301e90>] (do_one_initcall+0x40/0x174)
[<c0301e90>] (do_one_initcall) from [<c1200dd4>] (kernel_init_freeable+0x160/0x200)
[<c1200dd4>] (kernel_init_freeable) from [<c0c06fe8>] (kernel_init+0x8/0x114)
[<c0c06fe8>] (kernel_init) from [<c0307eb8>] (ret_from_fork+0x14/0x3c)
---[ end trace b4b204de6962a420 ]---
backlight supply power not found, using dummy regulator
backlight supply power not found, using dummy regulator
mmc0: host does not support reading read-only switch, assuming write-enable
backlight supply power not found, using dummy regulator
backlight supply power not found, using dummy regulator
backlight supply power not found, using dummy regulator
EXT4-fs (mmcblk0p2): warning: maximal mount count reached, running e2fsck is recommended
systemd-journald[115]: Received request to flush runtime journal from PID 1
FAT-fs (mmcblk0p1): Volume was not properly unmounted. Some data may be corrupt. Please run fsck.
FAT-fs (mmcblk0p3): Volume was not properly unmounted. Some data may be corrupt. Please run fsck.
=====
SUMMARY RESULT: BOOT: PASS: Hello World Board Booted Boot Log has:::: err=12 warn=37:
root@am437x-evm:/test# 
- 22:10:41 [INFO] Host: cat stderr.log
- 22:10:42 [INFO] Target: 
cat stderr.log
./test.sh: line 33:   694 Killed                  cp /dev/kmsg $TMPF
root@am437x-evm:/test# 
- 22:10:42 [INFO] Host: cat result.log
- 22:10:44 [ERROR] On command: cat result.log waiting for cat result.log.+?(?m-ix:^1[\0\n\r]+) >>> error: execution expired
- 22:10:44 [INFO] Target: 
cat result.log
root@am437x-evm:/test# 
- 22:10:44 [INFO] Host: cd /test
- 22:10:44 [INFO] Target: 
cd /test
root@am437x-evm:/test# 
URL:gtsystest.telogy.design.ti.com/vatf/tigtfarm08/tigtfarm08_vatf@am437x-sk/tigtfarm0812_19_2016_22_08_58/files/session_iteration_1/test_1
