- 02:30:57 [INFO] Starting target session
- 02:30:57 [INFO] Connected to am43xx-epos via serial 
- 02:30:57 [INFO] Host: #check prompt
- 02:31:00 [ERROR] On command: #check prompt waiting for #check prompt.+?(?-mix:((?-mix:am437x-evm\s+login)|[Pp]assword)) >>> error: execution expired
- 02:31:00 [INFO] Target: 
#check prompt
root@am437x-evm:/test# 
- 02:31:00 [INFO] Host: #check prompt
- 02:31:00 [INFO] Target: 
#check prompt
root@am437x-evm:/test# 
- 02:31:00 [INFO] Host: sync;poweroff
- 02:31:15 [INFO] Target: 
sync;poweroff
Broadcast message from root@am437x-evm (ttyO0) (Mon Feb 17 01:57:01 2014):
The system is going down for system halt NOW!
INIT: Sending processes the TERM signal
root@am437x-evm:/test# 
INIT: Sending proceStopping Dropbear SSH server: stopped /usr/sbin/dropbear (pid 630)
dropbear.
Stopping telnet daemon.
Stopping system message bus: hwclock: can't open '/dev/misc/rtc': No such file or directory
Stopping syslogd/klogd: Error opening /dev/fb0: No such file or directory
stopped syslogd (pid 642)
stopped klogd (pid 645)
done
Stopping thttpd.
ALSA: Storing mixer settings...
/usr/sbin/alsactl: save_state:1580: No soundcards found...
Deconfiguring network interfaces... done.
Stopping Lighttpd Web Server: stopped /usr/sbin/lighttpd (pid 658)
lighttpd.
Stopping Matrix GUI applicationstart-stop-daemon: warning: killing process 665: No such process
***************************************************************
***************************************************************
NOTICE: This file system contains the followin GPLv3 packages:
	binutils-symlinks
	binutils
	gdbserver
If you do not wish to distribute GPLv3 components please remove
the above packages prior to distribution.  This can be done using
the opkg remove command.  i.e.:
    opkg remove <package>
Where <package> is the name printed in the list above
NOTE: If the package is a dependency of another package you
      will be notified of the dependent packages.  You should
      use the --force-removal-of-dependent-packages option to
      also remove the dependent packages as well
***************************************************************
***************************************************************
Sending all processes the TERM signal...
Sending all processes the KILL signal...
Unmounting remote filesystems...
Deactivating swap...
Unmounting local filesystems...
[ 1408.586409] EXT4-fs (mmcblk0p2): re-mounted. Opts: data=ordered
[ 1410.728887] reboot: System halted
- 02:31:16 [INFO] Disconnected serial from am43xx-epos
- 02:31:46 [INFO] Connected to am43xx-epos via serial 
- 02:31:46 [INFO] Host: 
- 02:31:46 [ERROR] On command:  waiting for (?-mix:U-Boot#) >>> error: execution expired
- 02:31:46 [INFO] Target: 
SPL: Please implement spl_start_uboot() for your board
SPL: Direct Linux boot not active!
reading u-boot.img
reading u-boot.img
U-Boot 2014.07 (Aug 11 2014 - 20:04:22)
I2C:   ready
DRAM:  1 GiB
MMC:   OMAP SD/MMC: 0, OMAP SD/MMC: 1
Using default environment
Net:   <ethaddr> not set. Validating first E-fuse MAC
cpsw
Hit any key to stop autoboot:  1 
- 02:31:46 [INFO] Host: 
- 02:31:47 [INFO] Target: 
U-Boot# 
- 02:31:47 [INFO] Host: 
- 02:31:47 [INFO] Target: 
U-Boot# 
- 02:31:47 [INFO] Host: version
- 02:31:48 [INFO] Target: 
version
U-Boot 2014.07 (Aug 11 2014 - 20:04:22)
arm-linux-gnueabihf-gcc (crosstool-NG linaro-1.13.1-4.7-2013.03-20130313 - Linaro GCC 2013.03) 4.7.3 20130226 (prerelease)
GNU ld (crosstool-NG linaro-1.13.1-4.7-2013.03-20130313 - Linaro GCC 2013.03) 2.23.1
U-Boot# 
- 02:31:48 [INFO] Host: setenv bootargs 'console=ttyO0,115200n8 earlyprintk rootwait '
- 02:31:48 [INFO] Target: 
setenv bootargs 'console=ttyO0,115200n8 earlyprintk rootwait '
U-Boot# 
- 02:31:48 [INFO] Host: setenv bootcmd  ''
- 02:31:49 [INFO] Target: 
setenv bootcmd  ''
U-Boot# 
- 02:31:49 [INFO] Host: setenv autoload 'no'
- 02:31:49 [INFO] Target: 
setenv autoload 'no'
U-Boot# 
- 02:31:49 [INFO] Host: setenv serverip '192.168.1.254'
- 02:31:50 [INFO] Target: 
setenv serverip '192.168.1.254'
U-Boot# 
- 02:31:50 [INFO] Host: printenv
- 02:31:50 [INFO] Target: 
printenv
arch=arm
autoload=no
baudrate=115200
board=am43xx
board_name=AM43EPOS
board_rev=1.2B
bootargs=console=ttyO0,115200n8 earlyprintk rootwait 
bootcmd=
bootdelay=1
bootdir=/boot
bootenv=uEnv.txt
bootfile=zImage
bootm_size=0x10000000
bootpart=0:2
console=ttyO0,115200n8
cpu=armv7
eth1addr=34:b1:f7:31:4c:2e
ethact=cpsw
ethaddr=34:b1:f7:31:4c:2c
fdt_addr_r=0x88000000
fdtaddr=0x88000000
fdtfile=undefined
findfdt=if test $board_name = AM43EPOS; then setenv fdtfile am43x-epos-evm.dtb; fi; if test $board_name = AM43__GP; then setenv fdtfile am437x-gp-evm.dtb; fi; if test $board_name = AM43__SK; then setenv fdtfile am437x-sk-evm.dtb; fi; if test $fdtfile = undefined; then echo WARNING: Could not determine device tree; fi; 
importbootenv=echo Importing environment from mmc ...; env import -t $loadaddr $filesize
kernel_addr_r=0x82000000
loadaddr=0x82000000
loadbootenv=load ${devtype} ${devnum} ${loadaddr} ${bootenv}
loadfdt=load ${devtype} ${bootpart} ${fdtaddr} ${bootdir}/${fdtfile}
loadimage=load ${devtype} ${bootpart} ${loadaddr} ${bootdir}/${bootfile}
loadramdisk=load ${devtype} ${devnum} ${rdaddr} ramdisk.gz
mmcargs=setenv bootargs console=${console} ${optargs} root=${mmcroot} rootfstype=${mmcrootfstype}
mmcboot=mmc dev ${mmcdev}; setenv devnum ${mmcdev}; setenv devtype mmc; if mmc rescan; then echo SD/MMC found on device ${devnum};if run loadbootenv; then echo Loaded environment from ${bootenv};run importbootenv;fi;if test -n $uenvcmd; then echo Running uenvcmd ...;run uenvcmd;fi;if run loadimage; then run loadfdt; echo Booting from mmc${mmcdev} ...; run mmcargs; bootz ${loadaddr} - ${fdtaddr}; fi;fi;
mmcdev=0
mmcroot=/dev/mmcblk0p2 rw
mmcrootfstype=ext4 rootwait
partitions=uuid_disk=${uuid_gpt_disk};name=rootfs,start=2MiB,size=-,uuid=${uuid_gpt_rootfs}
ramargs=setenv bootargs console=${console} ${optargs} root=${ramroot} rootfstype=${ramrootfstype}
ramdisk_addr_r=0x88080000
ramroot=/dev/ram0 rw
ramrootfstype=ext2
rdaddr=0x88080000
serverip=192.168.1.254
soc=am33xx
stderr=serial
stdin=serial
stdout=serial
usbargs=setenv bootargs console=${console} ${optargs} root=${usbroot} rootfstype=${usbrootfstype}
usbboot=setenv devnum ${usbdev}; setenv devtype usb; usb start ${usbdev}; if usb dev ${usbdev}; then if run loadbootenv; then echo Loaded environment from ${bootenv};run importbootenv;fi;if test -n $uenvcmd; then echo Running uenvcmd ...;run uenvcmd;fi;if run loadimage; then run loadfdt; echo Booting from usb ${usbdev}...; run usbargs;bootz ${loadaddr} - ${fdtaddr}; fi;fi
usbdev=0
usbroot=/dev/sda2 rw
usbrootfstype=ext4 rootwait
vendor=ti
ver=U-Boot 2014.07 (Aug 11 2014 - 20:04:22)
Environment size: 2724/65532 bytes
U-Boot# 
- 02:31:50 [INFO] Host: printenv
- 02:31:51 [INFO] Target: 
printenv
arch=arm
autoload=no
baudrate=115200
board=am43xx
board_name=AM43EPOS
board_rev=1.2B
bootargs=console=ttyO0,115200n8 earlyprintk rootwait 
bootcmd=
bootdelay=1
bootdir=/boot
bootenv=uEnv.txt
bootfile=zImage
bootm_size=0x10000000
bootpart=0:2
console=ttyO0,115200n8
cpu=armv7
eth1addr=34:b1:f7:31:4c:2e
ethact=cpsw
ethaddr=34:b1:f7:31:4c:2c
fdt_addr_r=0x88000000
fdtaddr=0x88000000
fdtfile=undefined
findfdt=if test $board_name = AM43EPOS; then setenv fdtfile am43x-epos-evm.dtb; fi; if test $board_name = AM43__GP; then setenv fdtfile am437x-gp-evm.dtb; fi; if test $board_name = AM43__SK; then setenv fdtfile am437x-sk-evm.dtb; fi; if test $fdtfile = undefined; then echo WARNING: Could not determine device tree; fi; 
importbootenv=echo Importing environment from mmc ...; env import -t $loadaddr $filesize
kernel_addr_r=0x82000000
loadaddr=0x82000000
loadbootenv=load ${devtype} ${devnum} ${loadaddr} ${bootenv}
loadfdt=load ${devtype} ${bootpart} ${fdtaddr} ${bootdir}/${fdtfile}
loadimage=load ${devtype} ${bootpart} ${loadaddr} ${bootdir}/${bootfile}
loadramdisk=load ${devtype} ${devnum} ${rdaddr} ramdisk.gz
mmcargs=setenv bootargs console=${console} ${optargs} root=${mmcroot} rootfstype=${mmcrootfstype}
mmcboot=mmc dev ${mmcdev}; setenv devnum ${mmcdev}; setenv devtype mmc; if mmc rescan; then echo SD/MMC found on device ${devnum};if run loadbootenv; then echo Loaded environment from ${bootenv};run importbootenv;fi;if test -n $uenvcmd; then echo Running uenvcmd ...;run uenvcmd;fi;if run loadimage; then run loadfdt; echo Booting from mmc${mmcdev} ...; run mmcargs; bootz ${loadaddr} - ${fdtaddr}; fi;fi;
mmcdev=0
mmcroot=/dev/mmcblk0p2 rw
mmcrootfstype=ext4 rootwait
partitions=uuid_disk=${uuid_gpt_disk};name=rootfs,start=2MiB,size=-,uuid=${uuid_gpt_rootfs}
ramargs=setenv bootargs console=${console} ${optargs} root=${ramroot} rootfstype=${ramrootfstype}
ramdisk_addr_r=0x88080000
ramroot=/dev/ram0 rw
ramrootfstype=ext2
rdaddr=0x88080000
serverip=192.168.1.254
soc=am33xx
stderr=serial
stdin=serial
stdout=serial
usbargs=setenv bootargs console=${console} ${optargs} root=${usbroot} rootfstype=${usbrootfstype}
usbboot=setenv devnum ${usbdev}; setenv devtype usb; usb start ${usbdev}; if usb dev ${usbdev}; then if run loadbootenv; then echo Loaded environment from ${bootenv};run importbootenv;fi;if test -n $uenvcmd; then echo Running uenvcmd ...;run uenvcmd;fi;if run loadimage; then run loadfdt; echo Booting from usb ${usbdev}...; run usbargs;bootz ${loadaddr} - ${fdtaddr}; fi;fi
usbdev=0
usbroot=/dev/sda2 rw
usbrootfstype=ext4 rootwait
vendor=ti
ver=U-Boot 2014.07 (Aug 11 2014 - 20:04:22)
Environment size: 2724/65532 bytes
U-Boot# 
- 02:31:51 [INFO] Host: setenv bootargs ''${bootargs}' ip=dhcp '
- 02:31:51 [INFO] Target: 
setenv bootargs ''${bootargs}' ip=dhcp '
U-Boot# 
- 02:31:51 [INFO] Host: setenv serverip '192.168.1.254'
- 02:31:52 [INFO] Target: 
setenv serverip '192.168.1.254'
U-Boot# 
- 02:31:52 [INFO] Host: setenv ipaddr dhcp
- 02:31:52 [INFO] Target: 
setenv ipaddr dhcp
U-Boot# 
- 02:31:52 [INFO] Host: setenv autoload 'no'
- 02:31:53 [INFO] Target: 
setenv autoload 'no'
U-Boot# 
- 02:31:53 [INFO] Host: dhcp
- 02:31:54 [INFO] Target: 
dhcp
link up on port 0, speed 100, full duplex
BOOTP broadcast 1
DHCP client bound to address 192.168.1.178
U-Boot# 
- 02:31:54 [INFO] Host: setenv serverip '192.168.1.254'
- 02:31:55 [INFO] Target: 
setenv serverip '192.168.1.254'
U-Boot# 
- 02:31:55 [INFO] Host: tftp ${loadaddr} 192.168.1.254:vatf_am43xx-epos/a9f2f89f5b77a7cf5a2b0d37b1472daf
- 02:31:56 [INFO] Target: 
tftp ${loadaddr} 192.168.1.254:vatf_am43xx-epos/a9f2f89f5b77a7cf5a2b0d37b1472daf
link up on port 0, speed 100, full duplex
Using cpsw device
TFTP from server 192.168.1.254; our IP address is 192.168.1.178
Filename 'vatf_am43xx-epos/a9f2f89f5b77a7cf5a2b0d37b1472daf'.
Load address: 0x82000000
Loading: *#################################################################
	 #################################################################
	 #################################################################
	 #################################################################
	 #################################################################
	 #################################################################
	 ######################
	 4.5 MiB/s
done
Bytes transferred = 6047920 (5c48b0 hex)
U-Boot# 
- 02:31:56 [INFO] Host: tftp ${fdt_addr_r} 192.168.1.254:vatf_am43xx-epos/2f450c0b21ad03192ab3aa000b5fec8e
- 02:31:57 [INFO] Target: 
tftp ${fdt_addr_r} 192.168.1.254:vatf_am43xx-epos/2f450c0b21ad03192ab3aa000b5fec8e
link up on port 0, speed 100, full duplex
Using cpsw device
TFTP from server 192.168.1.254; our IP address is 192.168.1.178
Filename 'vatf_am43xx-epos/2f450c0b21ad03192ab3aa000b5fec8e'.
Load address: 0x88000000
Loading: *###
	 4.2 MiB/s
done
Bytes transferred = 39179 (990b hex)
U-Boot# 
- 02:31:57 [INFO] Host: ls mmc 0:1
- 02:31:57 [INFO] Target: 
ls mmc 0:1
   109692   mlo 
   292904   u-boot.img 
       14   .ipaddr 
        0   pointercal 
        4   ws-calibrate.rules 
5 file(s), 0 dir(s)
U-Boot# 
- 02:31:57 [INFO] Host: ls mmc 0:2
- 02:31:58 [INFO] Target: 
ls mmc 0:2
<DIR>       4096 .
<DIR>       4096 ..
<DIR>      16384 lost+found
<DIR>       4096 bin
<DIR>       4096 boot
<DIR>       4096 dev
<DIR>       4096 etc
<DIR>       4096 home
<DIR>       4096 lib
<DIR>       4096 media
<DIR>       4096 mnt
<DIR>       4096 opt
<DIR>       4096 proc
<DIR>       4096 sbin
<DIR>       4096 srv
<DIR>       4096 sys
<SYM>          8 tmp
<DIR>       4096 usr
<DIR>       4096 var
<DIR>       4096 www
<SYM>          8 run
<DIR>       4096 Settings
<DIR>       4096 test
U-Boot# 
- 02:31:58 [INFO] Host: part uuid mmc 0:2
- 02:31:58 [INFO] Target: 
part uuid mmc 0:2
00000000-02
U-Boot# 
- 02:31:58 [INFO] Host: printenv
- 02:31:59 [INFO] Target: 
printenv
arch=arm
autoload=no
baudrate=115200
board=am43xx
board_name=AM43EPOS
board_rev=1.2B
bootargs=console=ttyO0,115200n8 earlyprintk rootwait  ip=dhcp 
bootcmd=
bootdelay=1
bootdir=/boot
bootenv=uEnv.txt
bootfile=zImage
bootm_size=0x10000000
bootpart=0:2
console=ttyO0,115200n8
cpu=armv7
dnsip=192.0.2.2
dnsip2=192.0.2.3
eth1addr=34:b1:f7:31:4c:2e
ethact=cpsw
ethaddr=34:b1:f7:31:4c:2c
fdt_addr_r=0x88000000
fdtaddr=0x88000000
fdtfile=undefined
fileaddr=88000000
filesize=990b
findfdt=if test $board_name = AM43EPOS; then setenv fdtfile am43x-epos-evm.dtb; fi; if test $board_name = AM43__GP; then setenv fdtfile am437x-gp-evm.dtb; fi; if test $board_name = AM43__SK; then setenv fdtfile am437x-sk-evm.dtb; fi; if test $fdtfile = undefined; then echo WARNING: Could not determine device tree; fi; 
gatewayip=192.168.1.254
importbootenv=echo Importing environment from mmc ...; env import -t $loadaddr $filesize
ipaddr=192.168.1.178
kernel_addr_r=0x82000000
loadaddr=0x82000000
loadbootenv=load ${devtype} ${devnum} ${loadaddr} ${bootenv}
loadfdt=load ${devtype} ${bootpart} ${fdtaddr} ${bootdir}/${fdtfile}
loadimage=load ${devtype} ${bootpart} ${loadaddr} ${bootdir}/${bootfile}
loadramdisk=load ${devtype} ${devnum} ${rdaddr} ramdisk.gz
mmcargs=setenv bootargs console=${console} ${optargs} root=${mmcroot} rootfstype=${mmcrootfstype}
mmcboot=mmc dev ${mmcdev}; setenv devnum ${mmcdev}; setenv devtype mmc; if mmc rescan; then echo SD/MMC found on device ${devnum};if run loadbootenv; then echo Loaded environment from ${bootenv};run importbootenv;fi;if test -n $uenvcmd; then echo Running uenvcmd ...;run uenvcmd;fi;if run loadimage; then run loadfdt; echo Booting from mmc${mmcdev} ...; run mmcargs; bootz ${loadaddr} - ${fdtaddr}; fi;fi;
mmcdev=0
mmcroot=/dev/mmcblk0p2 rw
mmcrootfstype=ext4 rootwait
netmask=255.255.255.0
partitions=uuid_disk=${uuid_gpt_disk};name=rootfs,start=2MiB,size=-,uuid=${uuid_gpt_rootfs}
ramargs=setenv bootargs console=${console} ${optargs} root=${ramroot} rootfstype=${ramrootfstype}
ramdisk_addr_r=0x88080000
ramroot=/dev/ram0 rw
ramrootfstype=ext2
rdaddr=0x88080000
serverip=192.168.1.254
soc=am33xx
stderr=serial
stdin=serial
stdout=serial
usbargs=setenv bootargs console=${console} ${optargs} root=${usbroot} rootfstype=${usbrootfstype}
usbboot=setenv devnum ${usbdev}; setenv devtype usb; usb start ${usbdev}; if usb dev ${usbdev}; then if run loadbootenv; then echo Loaded environment from ${bootenv};run importbootenv;fi;if test -n $uenvcmd; then echo Running uenvcmd ...;run uenvcmd;fi;if run loadimage; then run loadfdt; echo Booting from usb ${usbdev}...; run usbargs;bootz ${loadaddr} - ${fdtaddr}; fi;fi
usbdev=0
usbroot=/dev/sda2 rw
usbrootfstype=ext4 rootwait
vendor=ti
ver=U-Boot 2014.07 (Aug 11 2014 - 20:04:22)
Environment size: 2879/65532 bytes
U-Boot# 
- 02:31:59 [INFO] Host: setenv bootargs ''${bootargs}' root=PARTUUID=00000000-02 rw rootfstype=ext4 rootwait '
- 02:31:59 [INFO] Target: 
setenv bootargs ''${bootargs}' root=PARTUUID=00000000-02 rw rootfstype=ext4 rootwait '
U-Boot# 
- 02:31:59 [INFO] Host: printenv
- 02:32:00 [INFO] Target: 
printenv
arch=arm
autoload=no
baudrate=115200
board=am43xx
board_name=AM43EPOS
board_rev=1.2B
bootargs=console=ttyO0,115200n8 earlyprintk rootwait  ip=dhcp  root=PARTUUID=00000000-02 rw rootfstype=ext4 rootwait 
bootcmd=
bootdelay=1
bootdir=/boot
bootenv=uEnv.txt
bootfile=zImage
bootm_size=0x10000000
bootpart=0:2
console=ttyO0,115200n8
cpu=armv7
dnsip=192.0.2.2
dnsip2=192.0.2.3
eth1addr=34:b1:f7:31:4c:2e
ethact=cpsw
ethaddr=34:b1:f7:31:4c:2c
fdt_addr_r=0x88000000
fdtaddr=0x88000000
fdtfile=undefined
fileaddr=88000000
filesize=990b
findfdt=if test $board_name = AM43EPOS; then setenv fdtfile am43x-epos-evm.dtb; fi; if test $board_name = AM43__GP; then setenv fdtfile am437x-gp-evm.dtb; fi; if test $board_name = AM43__SK; then setenv fdtfile am437x-sk-evm.dtb; fi; if test $fdtfile = undefined; then echo WARNING: Could not determine device tree; fi; 
gatewayip=192.168.1.254
importbootenv=echo Importing environment from mmc ...; env import -t $loadaddr $filesize
ipaddr=192.168.1.178
kernel_addr_r=0x82000000
loadaddr=0x82000000
loadbootenv=load ${devtype} ${devnum} ${loadaddr} ${bootenv}
loadfdt=load ${devtype} ${bootpart} ${fdtaddr} ${bootdir}/${fdtfile}
loadimage=load ${devtype} ${bootpart} ${loadaddr} ${bootdir}/${bootfile}
loadramdisk=load ${devtype} ${devnum} ${rdaddr} ramdisk.gz
mmcargs=setenv bootargs console=${console} ${optargs} root=${mmcroot} rootfstype=${mmcrootfstype}
mmcboot=mmc dev ${mmcdev}; setenv devnum ${mmcdev}; setenv devtype mmc; if mmc rescan; then echo SD/MMC found on device ${devnum};if run loadbootenv; then echo Loaded environment from ${bootenv};run importbootenv;fi;if test -n $uenvcmd; then echo Running uenvcmd ...;run uenvcmd;fi;if run loadimage; then run loadfdt; echo Booting from mmc${mmcdev} ...; run mmcargs; bootz ${loadaddr} - ${fdtaddr}; fi;fi;
mmcdev=0
mmcroot=/dev/mmcblk0p2 rw
mmcrootfstype=ext4 rootwait
netmask=255.255.255.0
partitions=uuid_disk=${uuid_gpt_disk};name=rootfs,start=2MiB,size=-,uuid=${uuid_gpt_rootfs}
ramargs=setenv bootargs console=${console} ${optargs} root=${ramroot} rootfstype=${ramrootfstype}
ramdisk_addr_r=0x88080000
ramroot=/dev/ram0 rw
ramrootfstype=ext2
rdaddr=0x88080000
serverip=192.168.1.254
soc=am33xx
stderr=serial
stdin=serial
stdout=serial
usbargs=setenv bootargs console=${console} ${optargs} root=${usbroot} rootfstype=${usbrootfstype}
usbboot=setenv devnum ${usbdev}; setenv devtype usb; usb start ${usbdev}; if usb dev ${usbdev}; then if run loadbootenv; then echo Loaded environment from ${bootenv};run importbootenv;fi;if test -n $uenvcmd; then echo Running uenvcmd ...;run uenvcmd;fi;if run loadimage; then run loadfdt; echo Booting from usb ${usbdev}...; run usbargs;bootz ${loadaddr} - ${fdtaddr}; fi;fi
usbdev=0
usbroot=/dev/sda2 rw
usbrootfstype=ext4 rootwait
vendor=ti
ver=U-Boot 2014.07 (Aug 11 2014 - 20:04:22)
Environment size: 2934/65532 bytes
U-Boot# 
- 02:32:00 [INFO] Host: setenv bootcmd ''${bootcmd}' if iminfo ${loadaddr}; then bootm ${loadaddr} - ${fdt_addr_r}; else bootz ${loadaddr} - ${fdt_addr_r}; bootm ${loadaddr} - ${fdt_addr_r}; fi'
- 02:32:00 [INFO] Target: 
setenv bootcmd ''${bootcmd}' if iminfo ${loadaddr}; then bootm ${loadaddr} - ${fdt_addr_r}; else bootz ${loadaddr} - ${fdt_addr_r}; bootm ${loadaddr} - ${fdt_addr_r}; fi'
U-Boot# 
- 02:32:00 [INFO] Host: bdinfo
- 02:32:01 [INFO] Target: 
bdinfo
arch_number = 0x00000000
boot_params = 0x80000100
DRAM bank   = 0x00000000
-> start    = 0x80000000
-> size     = 0x40000000
eth0name    = cpsw
ethaddr     = 34:b1:f7:31:4c:2c
current eth = cpsw
ip_addr     = 192.168.1.178
baudrate    = 115200 bps
TLB addr    = 0xBFFF0000
relocaddr   = 0xBFF4E000
reloc off   = 0x3F74E000
irq_sp      = 0xBEF3DEE0
sp start    = 0xBEF3DED0
U-Boot# 
- 02:32:01 [INFO] Host: mmc rescan
- 02:32:01 [INFO] Target: 
mmc rescan
U-Boot# 
- 02:32:01 [INFO] Host: fatwrite mmc ${mmcdev}:1 ${loadaddr} ws-calibrate.rules 4
- 02:32:02 [INFO] Target: 
fatwrite mmc ${mmcdev}:1 ${loadaddr} ws-calibrate.rules 4
writing ws-calibrate.rules
4 bytes written
U-Boot# 
- 02:32:02 [INFO] Host: boot
- 02:32:16 [INFO] Target: 
boot
## Checking Image at 82000000 ...
Unknown image format!
Kernel image @ 0x82000000 [ 0x000000 - 0x5c48b0 ]
## Flattened Device Tree blob at 88000000
   Booting using the fdt blob at 0x88000000
   Loading Device Tree to 8fff3000, end 8ffff90a ... OK
Starting kernel ...
[    0.000000] Booting Linux on physical CPU 0x0
[    0.000000] Linux version 4.0.0-rc5-00002-g8d55e7a0ccf3 (nmenon@kahuna) (gcc version 4.6.3 (Ubuntu/Linaro 4.6.3-1ubuntu5) ) #1 SMP Mon Mar 23 02:26:40 CDT 2015
[    0.000000] CPU: ARMv7 Processor [412fc09a] revision 10 (ARMv7), cr=10c5387d
[    0.000000] CPU: PIPT / VIPT nonaliasing data cache, VIPT aliasing instruction cache
[    0.000000] Machine model: TI AM43x EPOS EVM
[    0.000000] cma: Reserved 64 MiB at 0xbc000000
[    0.000000] Memory policy: Data cache writeback
[    0.000000] CPU: All CPU(s) started in SVC mode.
[    0.000000] AM437x ES1.1 (sgx neon )
[    0.000000] PERCPU: Embedded 11 pages/cpu @eefc9000 s12480 r8192 d24384 u45056
[    0.000000] Built 1 zonelists in Zone order, mobility grouping on.  Total pages: 260624
[    0.000000] Kernel command line: console=ttyO0,115200n8 earlyprintk rootwait  ip=dhcp  root=PARTUUID=00000000-02 rw rootfstype=ext4 rootwait 
[    0.000000] PID hash table entries: 4096 (order: 2, 16384 bytes)
[    0.000000] Dentry cache hash table entries: 131072 (order: 7, 524288 bytes)
[    0.000000] Inode-cache hash table entries: 65536 (order: 6, 262144 bytes)
[    0.000000] Memory: 960412K/1048576K available (7841K kernel code, 1015K rwdata, 3408K rodata, 800K init, 316K bss, 22628K reserved, 65536K cma-reserved, 204800K highmem)
[    0.000000] Virtual kernel memory layout:
[    0.000000]     vector  : 0xffff0000 - 0xffff1000   (   4 kB)
[    0.000000]     fixmap  : 0xffc00000 - 0xfff00000   (3072 kB)
[    0.000000]     vmalloc : 0xf0000000 - 0xff000000   ( 240 MB)
[    0.000000]     lowmem  : 0xc0000000 - 0xef800000   ( 760 MB)
[    0.000000]     pkmap   : 0xbfe00000 - 0xc0000000   (   2 MB)
[    0.000000]     modules : 0xbf000000 - 0xbfe00000   (  14 MB)
[    0.000000]       .text : 0xc0208000 - 0xc0d054b8   (11254 kB)
[    0.000000]       .init : 0xc0d06000 - 0xc0dce000   ( 800 kB)
[    0.000000]       .data : 0xc0dce000 - 0xc0ecbd60   (1016 kB)
[    0.000000]        .bss : 0xc0ecbd60 - 0xc0f1ae20   ( 317 kB)
[    0.000000] SLUB: HWalign=64, Order=0-3, MinObjects=0, CPUs=1, Nodes=1
[    0.000000] Hierarchical RCU implementation.
[    0.000000] 	Additional per-CPU info printed with stalls.
[    0.000000] 	RCU restricting CPUs from NR_CPUS=16 to nr_cpu_ids=1.
[    0.000000] RCU: Adjusting geometry for rcu_fanout_leaf=16, nr_cpu_ids=1
[    0.000000] NR_IRQS:16 nr_irqs:16 16
[    0.000000] GIC CPU mask not found - kernel will fail to boot.
[    0.000000] GIC CPU mask not found - kernel will fail to boot.
[    0.000000] L2C: platform modifies aux control register: 0x0e030000 -> 0x3e430000
[    0.000000] L2C: DT/platform modifies aux control register: 0x0e030000 -> 0x3e430000
[    0.000000] L2C-310 erratum 769419 enabled
[    0.000000] L2C-310 enabling early BRESP for Cortex-A9
[    0.000000] OMAP L2C310: ROM does not support power control setting
[    0.000000] L2C-310 ID prefetch enabled, offset 1 lines
[    0.000000] L2C-310 dynamic clock gating disabled, standby mode disabled
[    0.000000] L2C-310 cache controller enabled, 16 ways, 256 kB
[    0.000000] L2C-310: CACHE_ID 0x410000c9, AUX_CTRL 0x7e430000
[    0.000000] OMAP clockevent source: timer2 at 25000000 Hz
[    0.000010] sched_clock: 32 bits at 25MHz, resolution 40ns, wraps every 171798691800ns
[    0.000026] OMAP clocksource: timer1 at 25000000 Hz
[    0.000188] Console: colour dummy device 80x30
[    0.000221] Calibrating delay loop... 1992.29 BogoMIPS (lpj=4980736)
[    0.044363] pid_max: default: 32768 minimum: 301
[    0.044501] Mount-cache hash table entries: 2048 (order: 1, 8192 bytes)
[    0.044513] Mountpoint-cache hash table entries: 2048 (order: 1, 8192 bytes)
[    0.045236] CPU: Testing write buffer coherency: ok
[    0.045557] CPU0: thread -1, cpu 0, socket 0, mpidr 80000000
[    0.045650] Setting up static identity map for 0x8096b008 - 0x8096b0a0
[    0.048295] Brought up 1 CPUs
[    0.048311] SMP: Total of 1 processors activated (1992.29 BogoMIPS).
[    0.048319] CPU: All CPU(s) started in SVC mode.
[    0.048902] devtmpfs: initialized
[    0.049698] VFP support v0.3: implementor 41 architecture 3 part 30 variant 9 rev 4
[    0.060743] omap_hwmod: tptc0 using broken dt data from edma
[    0.060843] omap_hwmod: tptc1 using broken dt data from edma
[    0.060926] omap_hwmod: tptc2 using broken dt data from edma
[    0.122588] pinctrl core: initialized pinctrl subsystem
[    0.132336] NET: Registered protocol family 16
[    0.134292] DMA: preallocated 256 KiB pool for atomic coherent allocations
[    0.136290] cpuidle: using governor ladder
[    0.136309] cpuidle: using governor menu
[    0.140330] OMAP GPIO hardware version 0.1
[    0.144992] platform 53701000.des: Cannot lookup hwmod 'des'
[    0.145565] omap-gpmc 50000000.gpmc: could not find pctldev for node /pinmux@44e10800/nand_flash_x8, deferring probe
[    0.145589] platform 50000000.gpmc: Driver omap-gpmc requests probe deferral
[    0.146834] platform 48347000.hdq: Cannot lookup hwmod 'hdq1w'
[    0.147488] platform 48328000.vpfe: Cannot lookup hwmod 'vpfe1'
[    0.149349] No ATAGs?
[    0.149453] hw-breakpoint: found 5 (+1 reserved) breakpoint and 1 watchpoint registers.
[    0.149463] hw-breakpoint: maximum watchpoint size is 4 bytes.
[    0.153144] Serial: AMBA PL011 UART driver
[    0.167353] edma-dma-engine edma-dma-engine.0: TI EDMA DMA engine driver
[    0.170322] vgaarb: loaded
[    0.171045] SCSI subsystem initialized
[    0.171655] usbcore: registered new interface driver usbfs
[    0.171713] usbcore: registered new interface driver hub
[    0.171772] usbcore: registered new device driver usb
[    0.172487] omap_i2c 44e0b000.i2c: could not find pctldev for node /pinmux@44e10800/pinmux_i2c0_pins, deferring probe
[    0.172509] platform 44e0b000.i2c: Driver omap_i2c requests probe deferral
[    0.172535] omap_i2c 4819c000.i2c: could not find pctldev for node /pinmux@44e10800/pinmux_i2c2_pins, deferring probe
[    0.172547] platform 4819c000.i2c: Driver omap_i2c requests probe deferral
[    0.173045] media: Linux media interface: v0.10
[    0.173108] Linux video capture interface: v2.00
[    0.173152] pps_core: LinuxPPS API ver. 1 registered
[    0.173159] pps_core: Software ver. 5.3.6 - Copyright 2005-2007 Rodolfo Giometti <giometti@linux.it>
[    0.173182] PTP clock support registered
[    0.173372] EDAC MC: Ver: 3.0.0
[    0.174547] Advanced Linux Sound Architecture Driver Initialized.
[    0.175749] Switched to clocksource timer1
[    0.184488] NET: Registered protocol family 2
[    0.185149] TCP established hash table entries: 8192 (order: 3, 32768 bytes)
[    0.185220] TCP bind hash table entries: 8192 (order: 4, 65536 bytes)
[    0.185335] TCP: Hash tables configured (established 8192 bind 8192)
[    0.185472] TCP: reno registered
[    0.185484] UDP hash table entries: 512 (order: 2, 16384 bytes)
[    0.185543] UDP-Lite hash table entries: 512 (order: 2, 16384 bytes)
[    0.185858] NET: Registered protocol family 1
[    0.186248] RPC: Registered named UNIX socket transport module.
[    0.186261] RPC: Registered udp transport module.
[    0.186266] RPC: Registered tcp transport module.
[    0.186272] RPC: Registered tcp NFSv4.1 backchannel transport module.
[    0.188473] futex hash table entries: 256 (order: 2, 16384 bytes)
[    0.197388] squashfs: version 4.0 (2009/01/31) Phillip Lougher
[    0.198219] NFS: Registering the id_resolver key type
[    0.198271] Key type id_resolver registered
[    0.198278] Key type id_legacy registered
[    0.198343] ntfs: driver 2.1.31 [Flags: R/O].
[    0.199577] bounce: pool size: 64 pages
[    0.199810] Block layer SCSI generic (bsg) driver version 0.4 loaded (major 248)
[    0.199831] io scheduler noop registered
[    0.199842] io scheduler deadline registered
[    0.199982] io scheduler cfq registered (default)
[    0.204664] pinctrl-single 44e10800.pinmux: 199 pins at pa f9e10800 size 796
[    0.209039] backlight supply power not found, using dummy regulator
[    0.209169] pwm-backlight backlight: unable to request PWM, trying legacy API
[    0.209182] pwm-backlight backlight: unable to request legacy PWM
[    0.209254] platform backlight: Driver pwm-backlight requests probe deferral
[    0.258322] Serial: 8250/16550 driver, 4 ports, IRQ sharing disabled
[    0.260387] SuperH (H)SCI(F) driver initialized
[    0.261184] msm_serial: driver initialized
[    0.261622] omap_uart 44e09000.serial: no wakeirq for uart0
[    0.261644] omap_uart 44e09000.serial: No clock speed specified: using default: 48000000
[    0.261794] 44e09000.serial: ttyO0 at MMIO 0x44e09000 (irq = 23, base_baud = 3000000) is a OMAP UART0
[    1.065181] console [ttyO0] enabled
[    1.069407] STMicroelectronics ASC driver initialized
[    1.076156] [drm] Initialized drm 1.1.0 20060810
[    1.087720] loop: module loaded
[    1.097578] CAN device driver interface
[    1.102542] igb: Intel(R) Gigabit Ethernet Network Driver - version 5.2.15-k
[    1.110004] igb: Copyright (c) 2007-2014 Intel Corporation.
[    1.117403] pegasus: v0.9.3 (2013/04/25), Pegasus/Pegasus II USB Ethernet driver
[    1.125316] usbcore: registered new interface driver pegasus
[    1.131354] usbcore: registered new interface driver asix
[    1.137096] usbcore: registered new interface driver ax88179_178a
[    1.143578] usbcore: registered new interface driver cdc_ether
[    1.149792] usbcore: registered new interface driver smsc75xx
[    1.155908] usbcore: registered new interface driver smsc95xx
[    1.162007] usbcore: registered new interface driver net1080
[    1.168017] usbcore: registered new interface driver cdc_subset
[    1.174296] usbcore: registered new interface driver zaurus
[    1.180257] usbcore: registered new interface driver cdc_ncm
[    1.187212] ehci_hcd: USB 2.0 'Enhanced' Host Controller (EHCI) Driver
[    1.194139] ehci-pci: EHCI PCI platform driver
[    1.198889] ehci-platform: EHCI generic platform driver
[    1.204612] ehci-omap: OMAP-EHCI Host Controller driver
[    1.210267] ehci-orion: EHCI orion driver
[    1.214635] SPEAr-ehci: EHCI SPEAr driver
[    1.218992] ehci-st: EHCI STMicroelectronics driver
[    1.224255] ehci-exynos: EHCI EXYNOS driver
[    1.228802] tegra-ehci: Tegra EHCI driver
[    1.233161] ohci_hcd: USB 1.1 'Open' Host Controller (OHCI) Driver
[    1.239722] ohci-pci: OHCI PCI platform driver
[    1.244485] ohci-platform: OHCI generic platform driver
[    1.250149] ohci-omap3: OHCI OMAP3 driver
[    1.254517] SPEAr-ohci: OHCI SPEAr driver
[    1.258870] ohci-st: OHCI STMicroelectronics driver
[    1.264205] usbcore: registered new interface driver usb-storage
[    1.272215] mousedev: PS/2 mouse device common for all mice
[    1.281408] i2c /dev entries driver
[    1.286718] usbcore: registered new interface driver uvcvideo
[    1.292806] USB Video Class driver (1.1.1)
[    1.297131] gspca_main: v2.14.0 registered
[    1.304495] Driver 'mmcblk' needs updating - please use bus_type methods
[    1.311692] sdhci: Secure Digital Host Controller Interface driver
[    1.318212] sdhci: Copyright(c) Pierre Ossman
[    1.323636] omap_hsmmc 48060000.mmc: Got CD GPIO
[    1.356785] Synopsys Designware Multimedia Card Interface Driver
[    1.364028] sdhci-pltfm: SDHCI platform and OF driver helper
[    1.371166] ledtrig-cpu: registered to indicate activity on CPUs
[    1.377797] usbcore: registered new interface driver usbhid
[    1.383697] usbhid: USB HID core driver
[    1.390996] usbcore: registered new interface driver snd-usb-audio
[    1.400434] TCP: cubic registered
[    1.404039] NET: Registered protocol family 17
[    1.408764] can: controller area network core (rev 20120528 abi 9)
[    1.415374] NET: Registered protocol family 29
[    1.420084] can: raw protocol (rev 20120528)
[    1.424598] can: broadcast manager protocol (rev 20120528 t)
[    1.430574] can: netlink gateway (rev 20130117) max_hops=1
[    1.436905] Key type dns_resolver registered
[    1.441708] omap_voltage_late_init: Voltage driver support not added
[    1.449077] cpu cpu0: dev_pm_opp_get_opp_count: device OPP not found (-19)
[    1.456575] ThumbEE CPU extension supported.
[    1.461126] Registering SWP/SWPB emulation handler
[    1.471688] omap-gpmc 50000000.gpmc: GPMC revision 6.0
[    1.479051] at24 0-0050: 32768 byte 24c256 EEPROM, writable, 64 bytes/write
[    1.486701] omap_i2c 44e0b000.i2c: bus 0 rev0.12 at 400 kHz
[    1.493850] omap_i2c 4819c000.i2c: bus 2 rev0.12 at 100 kHz
[    1.500372] backlight supply power not found, using dummy regulator
[    1.507162] pwm-backlight backlight: unable to request PWM, trying legacy API
[    1.514704] pwm-backlight backlight: unable to request legacy PWM
[    1.521195] platform backlight: Driver pwm-backlight requests probe deferral
[    1.585760] davinci_mdio 4a101000.mdio: davinci mdio revision 1.6
[    1.592210] davinci_mdio 4a101000.mdio: detected phy mask fffeffff
[    1.599488] libphy: 4a101000.mdio: probed
[    1.603793] davinci_mdio 4a101000.mdio: phy[16]: device 4a101000.mdio:10, driver unknown
[    1.613585] cpsw 4a100000.ethernet: Detected MACID = 34:b1:f7:31:4c:2c
[    1.621845] drivers/rtc/hctosys.c: unable to open rtc device (rtc0)
[    1.632995] net eth0: initializing cpsw version 1.15 (0)
[    1.640674] backlight supply power not found, using dummy regulator
[    1.647524] pwm-backlight backlight: unable to request PWM, trying legacy API
[    1.655076] pwm-backlight backlight: unable to request legacy PWM
[    1.661570] platform backlight: Driver pwm-backlight requests probe deferral
[    1.676772] mmc0: host does not support reading read-only switch, assuming write-enable
[    1.688234] mmc0: new high speed SDHC card at address aaaa
[    1.694664] mmcblk0: mmc0:aaaa SU08G 7.40 GiB 
[    1.701198] net eth0: phy found : id is : 0x20005c90
[    1.706525] libphy: PHY 4a101000.mdio:01 not found
[    1.711587] net eth0: phy 4a101000.mdio:01 not found on slave 1
[    1.720564]  mmcblk0: p1 p2 p3
[    1.725327] backlight supply power not found, using dummy regulator
[    1.732203] pwm-backlight backlight: unable to request PWM, trying legacy API
[    1.739761] pwm-backlight backlight: unable to request legacy PWM
[    1.746252] platform backlight: Driver pwm-backlight requests probe deferral
[    3.701389] cpsw 4a100000.ethernet eth0: Link is Up - 100Mbps/Full - flow control rx/tx
[    3.720764] Sending DHCP requests ., OK
[    3.756231] IP-Config: Got DHCP answer from 192.168.1.254, my address is 192.168.1.178
[    3.764729] IP-Config: Complete:
[    3.768161]      device=eth0, hwaddr=34:b1:f7:31:4c:2c, ipaddr=192.168.1.178, mask=255.255.255.0, gw=192.168.1.254
[    3.779065]      host=192.168.1.178, domain=ti.com, nis-domain=(none)
[    3.785850]      bootserver=192.168.1.254, rootserver=192.168.1.254, rootpath=
[    3.793268]      nameserver0=192.0.2.2, nameserver1=192.0.2.3
[    3.799764] ALSA device list:
[    3.802917]   No soundcards found.
[    3.820093] EXT4-fs (mmcblk0p2): warning: maximal mount count reached, running e2fsck is recommended
[    3.832485] EXT4-fs (mmcblk0p2): mounted filesystem with ordered data mode. Opts: (null)
[    3.841108] VFS: Mounted root (ext4 filesystem) on device 179:2.
[    3.855428] devtmpfs: mounted
[    3.859967] Freeing unused kernel memory: 800K (c0d06000 - c0dce000)
INIT: version 2.88 booting
Error opening /dev/fb0: No such file or directory
Starting udev
[    4.352993] udevd[75]: starting version 182
[    6.551074] FAT-fs (mmcblk0p1): Volume was not properly unmounted. Some data may be corrupt. Please run fsck.
[    6.733394] EXT4-fs (mmcblk0p3): warning: maximal mount count reached, running e2fsck is recommended
[    6.783914] EXT4-fs (mmcblk0p3): mounted filesystem with ordered data mode. Opts: (null)
Starting Bootlog daemon: bootlogd.
[    7.737752] EXT4-fs (mmcblk0p2): re-mounted. Opts: data=ordered
[    7.791527] random: dd urandom read with 55 bits of entropy available
ALSA: Restoring mixer settings...
/usr/sbin/alsactl: load_state:1696: No soundcards found...
Configuring network interfaces... udhcpc (v1.20.2) started
Sending discover...
Sending select for 192.168.1.161...
Lease of 192.168.1.161 obtained, lease time 600
/etc/udhcpc.d/50default: Adding DNS 192.0.2.2
/etc/udhcpc.d/50default: Adding DNS 192.0.2.3
done.
hwclock: can't open '/dev/misc/rtc': No such file or directory
Mon Feb 17 01:57:00 UTC 2014
hwclock: can't open '/dev/misc/rtc': No such file or directory
INIT: Entering runlevel: 5
Starting system message bus: dbus.
Starting Dropbear SSH server: dropbear.
Starting telnet daemon.
hwclock: can't open '/dev/misc/rtc': No such file or directory
Starting syslogd/klogd: done
Starting thttpd.
Starting Lighttpd Web Server: lighttpd.
2014-02-17 01:57:00: (log.c.166) server started 
Starting Matrix GUI application.
[   11.975847] random: nonblocking pool is initialized
***************************************************************
***************************************************************
NOTICE: This file system contains the followin GPLv3 packages:
	binutils-symlinks
	binutils
	gdbserver
If you do not wish to distribute GPLv3 components please remove
the above packages prior to distribution.  This can be done using
the opkg remove command.  i.e.:
    opkg remove <package>
Where <package> is the name printed in the list above
NOTE: If the package is a dependency of another package you
      will be notified of the dependent packages.  You should
      use the --force-removal-of-dependent-packages option to
      also remove the dependent packages as well
***************************************************************
***************************************************************
Stopping Bootlog daemon: bootlogd.
 _____                    _____           _         _   
|  _  |___ ___ ___ ___   |  _  |___ ___  |_|___ ___| |_ 
|     |  _| .'| . | . |  |   __|  _| . | | | -_|  _|  _|
|__|__|_| |__,|_  |___|  |__|  |_| |___|_| |___|___|_|  
              |___|                    |___|            
Arago Project http://arago-project.org am437x-evm ttyO0
Arago 2013.12 am437x-evm ttyO0
am437x-evm login: 
- 02:32:16 [INFO] Host: root
- 02:32:17 [INFO] Target: 
root
root@am437x-evm:~# 
- 02:32:17 [INFO] Host: uname -a
- 02:32:17 [INFO] Target: 
uname -a
Linux am437x-evm 4.0.0-rc5-00002-g8d55e7a0ccf3 #1 SMP Mon Mar 23 02:26:40 CDT 2015 armv7l GNU/Linux
root@am437x-evm:~# 
- 02:32:17 [INFO] Host: cat /proc/cmdline
- 02:32:18 [INFO] Target: 
cat /proc/cmdline
console=ttyO0,115200n8 earlyprintk rootwait  ip=dhcp  root=PARTUUID=00000000-02 rw rootfstype=ext4 rootwait 
root@am437x-evm:~# 
- 02:32:18 [INFO] Host: uname -a
- 02:32:18 [INFO] Target: 
uname -a
Linux am437x-evm 4.0.0-rc5-00002-g8d55e7a0ccf3 #1 SMP Mon Mar 23 02:26:40 CDT 2015 armv7l GNU/Linux
root@am437x-evm:~# 
- 02:32:18 [INFO] Host: cat /proc/mtd
- 02:32:19 [INFO] Target: 
cat /proc/mtd
dev:    size   erasesize  name
root@am437x-evm:~# 
- 02:32:27 [INFO] Host: export IPERFHOST=192.168.1.254
- 02:32:28 [INFO] Target: 
export IPERFHOST=192.168.1.254
root@am437x-evm:~# 
- 02:32:28 [INFO] Host: export NFS_SERVER=192.168.1.254
- 02:32:28 [INFO] Target: 
export NFS_SERVER=192.168.1.254
root@am437x-evm:~# 
- 02:32:28 [INFO] Host: export NFS_ROOT_PATH=/usr/workdir/filesys/linux/am43xx
- 02:32:29 [INFO] Target: 
export NFS_ROOT_PATH=/usr/workdir/filesys/linux/am43xx
root@am437x-evm:~# 
- 02:32:29 [INFO] Host: mkdir -p -m 777 /test
- 02:32:29 [INFO] Target: 
mkdir -p -m 777 /test
root@am437x-evm:~# 
- 02:32:29 [INFO] Host: cd /test
- 02:32:30 [INFO] Target: 
cd /test
root@am437x-evm:/test# 
- 02:32:30 [INFO] Host: cat > test.sh << EOF
- 02:32:30 [INFO] Target: 
cat > test.sh << EOF
- 02:32:30 [INFO] Host: failtest() {
- 02:32:31 [INFO] Target: 
failtest() {
- 02:32:31 [INFO] Host:   echo 1 >&3
- 02:32:31 [INFO] Target: 
  echo 1 >&3
- 02:32:31 [INFO] Host: }
- 02:32:32 [INFO] Target: 
- 02:32:32 [INFO] Host: timeout=600
- 02:32:32 [INFO] Target: 
timeout=600
- 02:32:32 [INFO] Host: 
- 02:32:33 [INFO] Target: 
- 02:32:33 [INFO] Host: # Start of user's script logic
- 02:32:33 [INFO] Target: 
# Start of user's script logic
- 02:32:33 [INFO] Host: 
- 02:32:34 [INFO] Target: 
- 02:32:34 [INFO] Host: 
- 02:32:34 [INFO] Target: 
- 02:32:34 [INFO] Host: mount -t proc proc /proc 2>/dev/null;
- 02:32:35 [INFO] Target: 
mount -t proc proc /proc 2>/dev/null;
- 02:32:35 [INFO] Host: 
- 02:32:35 [INFO] Target: 
- 02:32:35 [INFO] Host: mount -t sysfs sys /sys 2>/dev/null;
- 02:32:36 [INFO] Target: 
mount -t sysfs sys /sys 2>/dev/null;
- 02:32:36 [INFO] Host: 
- 02:32:36 [INFO] Target: 
- 02:32:36 [INFO] Host: mount -t debugfs none /sys/kernel/debug 2>/dev/null;
- 02:32:37 [INFO] Target: 
mount -t debugfs none /sys/kernel/debug 2>/dev/null;
- 02:32:37 [INFO] Host: 
- 02:32:37 [INFO] Target: 
- 02:32:37 [INFO] Host: echo 'cpuinfo:';cat /proc/cpuinfo; echo '=======';
- 02:32:38 [INFO] Target: 
echo 'cpuinfo:';cat /proc/cpuinfo; echo '=======';
- 02:32:38 [INFO] Host: 
- 02:32:38 [INFO] Target: 
- 02:32:38 [INFO] Host: echo 'soc info:';head /sys/devices/soc0/* 2>/dev/null; echo '=======';
- 02:32:39 [INFO] Target: 
echo 'soc info:';head /sys/devices/soc0/* 2>/dev/null; echo '=======';
- 02:32:39 [INFO] Host: 
- 02:32:39 [INFO] Target: 
- 02:32:39 [INFO] Host: echo 'DT Model info'; head /proc/device-tree/name /proc/device-tree/model /proc/device-tree/compatible 2>/dev/null;echo; echo '=======';
- 02:32:40 [INFO] Target: 
echo 'DT Model info'; head /proc/device-tree/name /proc/device-tree/model /pro 
c/device-tree/compatible 2>/dev/null;echo; echo '=======';
- 02:32:40 [INFO] Host: 
- 02:32:40 [INFO] Target: 
- 02:32:40 [INFO] Host: echo 'interrupts:';cat /proc/interrupts; echo '=======';
- 02:32:41 [INFO] Target: 
echo 'interrupts:';cat /proc/interrupts; echo '=======';
- 02:32:41 [INFO] Host: 
- 02:32:41 [INFO] Target: 
- 02:32:41 [INFO] Host: echo 'Clk_summary:';cat /sys/kernel/debug/clk/clk_summary; echo '=======';
- 02:32:42 [INFO] Target: 
echo 'Clk_summary:';cat /sys/kernel/debug/clk/clk_summary; echo '=======';
- 02:32:42 [INFO] Host: 
- 02:32:42 [INFO] Target: 
- 02:32:42 [INFO] Host: echo 'Orphan Clks:';ls /sys/kernel/debug/clk/orphans/; echo '=======';
- 02:32:43 [INFO] Target: 
echo 'Orphan Clks:';ls /sys/kernel/debug/clk/orphans/; echo '=======';
- 02:32:43 [INFO] Host: 
- 02:32:43 [INFO] Target: 
- 02:32:43 [INFO] Host: echo "Available frequencies"; cat /sys/devices/system/cpu/cpu0/cpufreq/scaling_available_frequencies 2>/dev/null;echo '=======';
- 02:32:44 [INFO] Target: 
echo "Available frequencies"; cat /sys/devices/system/cpu/cpu0/cpufreq/scaling 
_available_frequencies 2>/dev/null;echo '=======';
- 02:32:44 [INFO] Host: 
- 02:32:44 [INFO] Target: 
- 02:32:44 [INFO] Host: echo 'H''ello World' 'B''oard Booted';
- 02:32:45 [INFO] Target: 
echo 'H''ello World' 'B''oard Booted';
- 02:32:45 [INFO] Host: 
- 02:32:45 [INFO] Target: 
- 02:32:45 [INFO] Host: EOF
- 02:32:46 [INFO] Target: 
root@am437x-evm:/test# 
- 02:32:46 [INFO] Host: cd /test
- 02:32:46 [INFO] Target: 
cd /test
root@am437x-evm:/test# 
- 02:32:46 [INFO] Host: chmod +x test.sh
- 02:32:47 [INFO] Target: 
chmod +x test.sh
root@am437x-evm:/test# 
- 02:32:47 [INFO] Host: ./test.sh 2> stderr.log > stdout.log 3> result.log
- 02:32:47 [INFO] Target: 
./test.sh 2> stderr.log > stdout.log 3> result.log
root@am437x-evm:/test# 
- 02:32:47 [INFO] Host: echo $?
- 02:32:48 [INFO] Target: 
echo $?
root@am437x-evm:/test# 
- 02:32:48 [INFO] Host: cd /test
- 02:32:48 [INFO] Target: 
cd /test
root@am437x-evm:/test# 
- 02:32:48 [INFO] Host: cat stdout.log
- 02:32:49 [INFO] Target: 
cat stdout.log
cpuinfo:
processor	: 0
model name	: ARMv7 Processor rev 10 (v7l)
BogoMIPS	: 1992.29
Features	: half thumb fastmult vfp edsp thumbee neon vfpv3 tls vfpd32 
CPU implementer	: 0x41
CPU architecture: 7
CPU variant	: 0x2
CPU part	: 0xc09
CPU revision	: 10
Hardware	: Generic AM43 (Flattened Device Tree)
Revision	: 0000
Serial		: 0000000000000000
=======
soc info:
==> /sys/devices/soc0/family <==
AM43xx
==> /sys/devices/soc0/machine <==
AM437x
==> /sys/devices/soc0/power <==
==> /sys/devices/soc0/revision <==
ES1.1
==> /sys/devices/soc0/subsystem <==
==> /sys/devices/soc0/type <==
==> /sys/devices/soc0/uevent <==
=======
DT Model info
==> /proc/device-tree/name <==
==> /proc/device-tree/model <==
TI AM43x EPOS EVM
==> /proc/device-tree/compatible <==
ti,am43x-epos-evmti,am4372ti,am43
=======
interrupts:
           CPU0       
 16:       3143       GIC 100  gp_timer
 18:          0       GIC  41  l3-dbg-irq
 19:          0       GIC  42  l3-app-irq
 20:       1884       GIC  44  edma
 22:          6       GIC  46  edma_error
 23:       3785       GIC 104  OMAP UART0
 33:          0  44e07000.gpio   6  48060000.mmc cd
158:          0       GIC 102  44e0b000.i2c
159:          0       GIC  62  4819c000.i2c
161:       5672       GIC  96  mmc0
164:         72       GIC  73  4a100000.ethernet
165:         14       GIC  74  4a100000.ethernet
172:          0       GIC 132  gpmc
IPI0:          0  CPU wakeup interrupts
IPI1:          0  Timer broadcast interrupts
IPI2:          0  Rescheduling interrupts
IPI3:          0  Function call interrupts
IPI4:          0  Single function call interrupts
IPI5:          0  CPU stop interrupts
IPI6:          0  IRQ work interrupts
IPI7:          0  completion interrupts
Err:          0
=======
Clk_summary:
   clock                         enable_cnt  prepare_cnt        rate   accuracy   phase
----------------------------------------------------------------------------------------
 clk_32k_mosc_ck                          0            0       32768          0 0  
 clk_32k_tpm_ck                           0            0       32768          0 0  
 tclkin_ck                                0            0    26000000          0 0  
 virt_26000000_ck                         0            0    26000000          0 0  
 virt_25000000_ck                         1            1    25000000          0 0  
    sysboot_freq_sel_ck                   1            1    25000000          0 0  
       sys_clkin_ck                      20           38    25000000          0 0  
          vtp_clk_div                     0            0    12500000          0 0  
          dll_aging_clk_div               0            0     3125000          0 0  
          timer11_fck                     0            1    25000000          0 0  
          timer10_fck                     0            1    25000000          0 0  
          timer9_fck                      0            1    25000000          0 0  
          timer8_fck                      0            1    25000000          0 0  
          dpll_extdev_ck                  0            0    25000000          0 0  
             dpll_extdev_m2_ck            0            0    25000000          0 0  
          timer7_fck                      0            1    25000000          0 0  
          timer6_fck                      0            1    25000000          0 0  
          timer5_fck                      0            1    25000000          0 0  
          timer4_fck                      0            1    25000000          0 0  
          timer3_fck                      0            1    25000000          0 0  
          timer2_fck                      1            1    25000000          0 0  
          timer1_fck                      1            1    25000000          0 0  
          dpll_per_ck                     1            2   960000000          0 0  
             dpll_per_clkdcoldo           0            2   960000000          0 0  
                usb_otg_ss1_refclk960m           0            1   960000000          0 0  
                usb_otg_ss0_refclk960m           0            1   960000000          0 0  
             dpll_per_m2_ck               1            4   192000000          0 0  
                func_12m_clk              0            0    12000000          0 0  
                mmc_clk                   0            3    96000000          0 0  
                clk_24mhz                 0            1    24000000          0 0  
                   clkdiv32k_ck           0            1       32786          0 0  
                      clkdiv32k_ick           0            5       32786          0 0  
                         gpio5_dbclk           0            1       32786          0 0  
                         gpio4_dbclk           0            1       32786          0 0  
                         gpio3_dbclk           0            1       32786          0 0  
                         gpio2_dbclk           0            1       32786          0 0  
                         gpio1_dbclk           0            1       32786          0 0  
                dpll_per_m2_div4_ck           0           12    48000000          0 0  
                dpll_per_m2_div4_wkupdm_ck           1            2    48000000          0 0  
          dpll_disp_ck                    0            1    25000000          0 0  
             dpll_disp_m2_ck              0            1    25000000          0 0  
                disp_clk                  0            3    25000000          0 0  
          dpll_ddr_ck                     0            0   266000000          0 0  
             dpll_ddr_x2_ck               0            0   532000000          0 0  
                dpll_ddr_m4_ck            0            0   532000000          0 0  
             dpll_ddr_m2_ck               0            0   266000000          0 0  
          dpll_mpu_ck                     1            1  1000000000          0 0  
             dpll_mpu_m2_ck               3            3  1000000000          0 0  
          dpll_core_ck                    1            1  1000000000          0 0  
             dpll_core_x2_ck              2            2  2000000000          0 0  
                dpll_core_m6_ck           0            0   500000000          0 0  
                dpll_core_m5_ck           1            1   250000000          0 0  
                   cpsw_cpts_rft_clk           0            0   250000000          0 0  
                   cpsw_50m_clkdiv           0            0   250000000          0 0  
                      cpsw_5m_clkdiv           0            0    25000000          0 0  
                   cpsw_125mhz_gclk           3            3   125000000          0 0  
                dpll_core_m4_ck           6            6   200000000          0 0  
                   l4hs_gclk              1            1   200000000          0 0  
                   l3_gclk               13           14   200000000          0 0  
                   sysclk_div             1            3   200000000          0 0  
                      div_core_25m_ck           0            0    25000000          0 0  
                      gfx_fclk_clksel_ck           0            1   200000000          0 0  
                         gfx_fck_div_ck           0            1   200000000          0 0  
                      dpll_core_m4_div2_ck           3            3   100000000          0 0  
                         l4ls_gclk          60           88   100000000          0 0  
                            ehrpwm5_tbclk           0            0   100000000          0 0  
                            ehrpwm4_tbclk           0            0   100000000          0 0  
                            ehrpwm3_tbclk           0            0   100000000          0 0  
                            ehrpwm2_tbclk           0            0   100000000          0 0  
                            ehrpwm1_tbclk           0            0   100000000          0 0  
                            ehrpwm0_tbclk           0            0   100000000          0 0  
                         l3s_gclk          12           15   100000000          0 0  
                      pruss_ocp_gclk           0            1   200000000          0 0  
          aes0_fck                        1            2    25000000          0 0  
          sha0_fck                        1            1    25000000          0 0  
          smartreflex1_fck                0            1    25000000          0 0  
          smartreflex0_fck                0            1    25000000          0 0  
          mcasp1_fck                      0            1    25000000          0 0  
          mcasp0_fck                      0            1    25000000          0 0  
          dcan1_fck                       0            1    25000000          0 0  
          dcan0_fck                       0            1    25000000          0 0  
          adc_tsc_fck                     0            1    25000000          0 0  
 virt_24000000_ck                         0            0    24000000          0 0  
 virt_19200000_ck                         0            0    19200000          0 0  
    crystal_freq_sel_ck                   0            0    19200000          0 0  
 clk_rc32k_ck                             0            2       32768          0 0  
    gpio0_dbclk_mux_ck                    0            1       32768          0 0  
       gpio0_dbclk                        0            1       32768          0 0  
    wdt1_fck                              0            1       32768          0 0  
 clk_32768_ck                             0            2       32768          0 0  
    mux_synctimer32k_ck                   0            1       32768          0 0  
       synctimer_32kclk                   0            1       32768          0 0  
    usbphy_32khz_clkmux                   0            2       32768          0 0  
       usb_phy1_always_on_clk32k           0            1       32768          0 0  
       usb_phy0_always_on_clk32k           0            1       32768          0 0  
=======
Orphan Clks:
=======
Available frequencies
=======
Hello World Board Booted
root@am437x-evm:/test# 
- 02:32:49 [INFO] Host: cat stderr.log
- 02:32:50 [INFO] Target: 
cat stderr.log
ls: /sys/kernel/debug/clk/orphans/: No such file or directory
root@am437x-evm:/test# 
- 02:32:50 [INFO] Host: cat result.log
- 02:32:52 [ERROR] On command: cat result.log waiting for cat result.log.+?(?m-ix:^1[\0\n\r]+) >>> error: execution expired
- 02:32:52 [INFO] Target: 
cat result.log
root@am437x-evm:/test# 
- 02:32:52 [INFO] Host: cd /test
- 02:32:52 [INFO] Target: 
cd /test
root@am437x-evm:/test# 
URL:gtsystest.telogy.design.ti.com/vatf/tidfarm-01.dal.design.ti.com/tidfarm-01.dal.design.ti.com_vatf@am43xx-epos/tidfarm-01.dal.design.ti.com03_23_2015_02_30_55/files/session_iteration_1/test_1
