- 07:04:14 [INFO] Starting target session
- 07:04:14 [INFO] Connected to am437x-sk via serial 
- 07:04:14 [INFO] Host: #check prompt
- 07:04:17 [ERROR] On command: #check prompt waiting for #check prompt.+?(?-mix:((?-mix:login:)|[Pp]assword)) >>> error: execution expired
- 07:04:17 [INFO] Target: 
#check prompt
root@am437x-evm:/test# 
- 07:04:17 [INFO] Host: #check prompt
- 07:04:18 [INFO] Target: 
#check prompt
root@am437x-evm:/test# 
- 07:04:18 [INFO] Host: sync;poweroff
- 07:04:30 [INFO] Target: 
sync;poweroff
Broadcast message from root@am437x-evm (ttyO0) (Wed Apr 29 18:39:48 2015):
The system is going down for sj(*UUIM SYSFS Node Not Found
Stopping Dropbear SSH server: stopped /usr/sbin/dropbear (pid 596)
dropbear.
Stopping telnet daemon.
Stopping system message bus: dbus.
hwclock: can't open '/dev/misc/rtc': No such file or directory
Error opening /dev/fb0: No such file or directory
Stopping syslogd/klogd: stopped syslogd (pid 623)
stopped klogd (pid 626)
done
Stopping thttpd.
Stopping Weston
stopping statd: done
ALSA: Storing mixer settings...
/usr/sbin/alsactl: save_state:1590: No soundcards found...
Stopping rpcbind daemon...
done.
Stopping Lighttpd Web Server: stopped /usr/sbin/lighttpd (pid 635)
lighttpd.
Deconfiguring network interfaces... done.
Stopping Matrix GUI applicationstart-stop-daemon: warning: killing process 642: No such process
Disabling thermal zones...
/etc/rc0.d/K98thermal-zone-init: line 13: /sys/class/thermal/thermal_zone*/mode: No such file or directory
***************************************************************
***************************************************************
NOTICE: This file system contains the followin GPLv3 packages:
	autoconf
	binutils
	cpp-symlinks
	cpp
	g++-symlinks
	g++
	gcc-symlinks
	gcc
	gdbserver
	gstreamer1.0-libav
	libgmp10
	libmpc3
	libmpfr4
	make
If you do not wish to distribute GPLv3 components please remove
the above packages prior to distribution.  This can be done using
the opkg remove command.  i.e.:
    opkg remove <package>
Where <package> is the name printed in the list above
NOTE: If the package is a dependency of another package you
      will be notified of the dependent packages.  You should
      use the --force-removal-of-dependent-packages option to
      also remove the dependent packages as well
***************************************************************
***************************************************************
Sending all processes the TERM signal...
Sending all processes the KILL signal...
Unmounting remote filesystems...
Deactivating swap...
Unmounting local filesystems...
[ 1690.409667] EXT4-fs (mmcblk0p2): re-mounted. Opts: data=ordered
[ 1693.701812] reboot: System halted
- 07:04:30 [INFO] Disconnected serial from am437x-sk
- 07:04:35 [INFO] Connected to am437x-sk via serial 
- 07:04:35 [INFO] Host: 
- 07:04:36 [INFO] Target: 
SPL: Please implement spl_start_uboot() for your board
SPL: Direct Linux boot not active!
reading u-boot.img
reading u-boot.img
U-Boot 2014.07-00085-gb6f7378 (Dec 15 2014 - 04:23:13), Build: jenkins-ti-linux-3-14-y_opentest-85
I2C:   ready
DRAM:  1 GiB
NAND:  0 MiB
MMC:   OMAP SD/MMC: 0, OMAP SD/MMC: 1
reading uboot.env
** Unable to read "uboot.env" from mmc0:1 **
Using default environment
Net:   <ethaddr> not set. Validating first E-fuse MAC
cpsw
Hit any key to stop autoboot:  1  0 
U-Boot# 
U-Boot# 
U-Boot# 
U-Boot# 
U-Boot# 
U-Boot# 
U-Boot# 
U-Boot# 
- 07:04:36 [INFO] Host: 
- 07:04:36 [INFO] Target: 
U-Boot# 
- 07:04:36 [INFO] Host: version
- 07:04:36 [INFO] Target: 
version
U-Boot 2014.07-00085-gb6f7378 (Dec 15 2014 - 04:23:13)
arm-linux-gnueabihf-gcc (crosstool-NG linaro-1.13.1-4.7-2013.03-20130313 - Linaro GCC 2013.03) 4.7.3 20130226 (prerelease)
GNU ld (crosstool-NG linaro-1.13.1-4.7-2013.03-20130313 - Linaro GCC 2013.03) 2.23.1
U-Boot# 
- 07:04:36 [INFO] Host: setenv bootargs 'console=ttyO0,115200n8 earlyprintk rootwait '
- 07:04:36 [INFO] Target: 
setenv bootargs 'console=ttyO0,115200n8 earlyprintk rootwait '
U-Boot# 
- 07:04:36 [INFO] Host: setenv bootcmd  ''
- 07:04:36 [INFO] Target: 
setenv bootcmd  ''
U-Boot# 
- 07:04:36 [INFO] Host: setenv autoload 'no'
- 07:04:37 [INFO] Target: 
setenv autoload 'no'
U-Boot# 
- 07:04:37 [INFO] Host: setenv serverip '192.168.0.1'
- 07:04:37 [INFO] Target: 
setenv serverip '192.168.0.1'
U-Boot# 
- 07:04:37 [INFO] Host: printenv
- 07:04:37 [INFO] Target: 
printenv
arch=arm
autoload=no
baudrate=115200
board=am43xx
board_name=AM43__SK
board_rev=1.1A
bootargs=console=ttyO0,115200n8 earlyprintk rootwait 
bootcmd=
bootdelay=1
bootdir=/boot
bootenv=uEnv.txt
bootfile=zImage
bootm_size=0x10000000
bootpart=0:2
console=ttyO0,115200n8
cpu=armv7
dfu_alt_info_emmc=MLO raw 0x100 0x100 mmcpart 0;u-boot.img raw 0x300 0x1000 mmcpart 0
dfu_alt_info_mmc=boot part 0 1;rootfs part 0 2;MLO fat 0 1;spl-os-args fat 0 1;spl-os-image fat 0 1;u-boot.img fat 0 1;uEnv.txt fat 0 1
dfu_alt_info_ram=kernel ram 0x80200000 0x4000000;fdt ram 0x80f80000 0x80000;ramdisk ram 0x81000000 0x4000000
dfu_bufsiz=0x10000
eth1addr=34:b1:f7:3d:b9:0e
ethact=cpsw
ethaddr=34:b1:f7:3d:b9:0c
fdt_addr_r=0x88000000
fdtaddr=0x88000000
fdtfile=undefined
findfdt=if test $board_name = AM43EPOS; then setenv fdtfile am43x-epos-evm.dtb; fi; if test $board_name = AM43__GP; then setenv fdtfile am437x-gp-evm.dtb; fi; if test $board_name = AM43__SK; then setenv fdtfile am437x-sk-evm.dtb; fi; if test $fdtfile = undefined; then echo WARNING: Could not determine device tree; fi; 
importbootenv=echo Importing environment from mmc ...; env import -t $loadaddr $filesize
kernel_addr_r=0x82000000
loadaddr=0x82000000
loadbootenv=load ${devtype} ${devnum} ${loadaddr} ${bootenv}
loadfdt=load ${devtype} ${bootpart} ${fdtaddr} ${bootdir}/${fdtfile}
loadimage=load ${devtype} ${bootpart} ${loadaddr} ${bootdir}/${bootfile}
loadramdisk=load ${devtype} ${devnum} ${rdaddr} ramdisk.gz
mmcargs=setenv bootargs console=${console} ${optargs} root=${mmcroot} rootfstype=${mmcrootfstype}
mmcboot=mmc dev ${mmcdev}; setenv devnum ${mmcdev}; setenv devtype mmc; if mmc rescan; then echo SD/MMC found on device ${devnum};if run loadbootenv; then echo Loaded environment from ${bootenv};run importbootenv;fi;if test -n $uenvcmd; then echo Running uenvcmd ...;run uenvcmd;fi;if run loadimage; then run loadfdt; echo Booting from mmc${mmcdev} ...; run mmcargs; bootz ${loadaddr} - ${fdtaddr}; fi;fi;
mmcdev=0
mmcroot=/dev/mmcblk0p2 rw
mmcrootfstype=ext4 rootwait
mtdids=nand0=nand.0
mtdparts=mtdparts=nand.0:256k(NAND.SPL),256k(NAND.SPL.backup1),256k(NAND.SPL.backup2),256k(NAND.SPL.backup3),512k(NAND.u-boot-spl-os),1m(NAND.u-boot),256k(NAND.u-boot-env),256k(NAND.u-boot-env.backup1),7m(NAND.kernel),-(NAND.file-system)
nandargs=setenv bootargs console=${console} ${optargs} root=${nandroot} rootfstype=${nandrootfstype}
nandboot=echo Booting from nand ...; run nandargs; nand read ${fdtaddr} NAND.u-boot-spl-os; nand read ${loadaddr} NAND.kernel; bootz ${loadaddr} - ${fdtaddr}
nandroot=ubi0:rootfs rw ubi.mtd=NAND.file-system,4096
nandrootfstype=ubifs rootwait=1
partitions=uuid_disk=${uuid_gpt_disk};name=rootfs,start=2MiB,size=-,uuid=${uuid_gpt_rootfs}
ramargs=setenv bootargs console=${console} ${optargs} root=${ramroot} rootfstype=${ramrootfstype}
ramdisk_addr_r=0x88080000
ramroot=/dev/ram0 rw
ramrootfstype=ext2
rdaddr=0x88080000
serverip=192.168.0.1
soc=am33xx
stderr=serial
stdin=serial
stdout=serial
usbargs=setenv bootargs console=${console} ${optargs} root=${usbroot} rootfstype=${usbrootfstype}
usbboot=setenv devnum ${usbdev}; setenv devtype usb; usb start ${usbdev}; if usb dev ${usbdev}; then if run loadbootenv; then echo Loaded environment from ${bootenv};run importbootenv;fi;if test -n $uenvcmd; then echo Running uenvcmd ...;run uenvcmd;fi;if run loadimage; then run loadfdt; echo Booting from usb ${usbdev}...; run usbargs;bootz ${loadaddr} - ${fdtaddr}; fi;fi
usbdev=0
usbroot=/dev/sda2 rw
usbrootfstype=ext4 rootwait
vendor=ti
ver=U-Boot 2014.07-00085-gb6f7378 (Dec 15 2014 - 04:23:13)
Environment size: 3710/65532 bytes
U-Boot# 
- 07:04:37 [INFO] Host: printenv
- 07:04:37 [INFO] Target: 
printenv
arch=arm
autoload=no
baudrate=115200
board=am43xx
board_name=AM43__SK
board_rev=1.1A
bootargs=console=ttyO0,115200n8 earlyprintk rootwait 
bootcmd=
bootdelay=1
bootdir=/boot
bootenv=uEnv.txt
bootfile=zImage
bootm_size=0x10000000
bootpart=0:2
console=ttyO0,115200n8
cpu=armv7
dfu_alt_info_emmc=MLO raw 0x100 0x100 mmcpart 0;u-boot.img raw 0x300 0x1000 mmcpart 0
dfu_alt_info_mmc=boot part 0 1;rootfs part 0 2;MLO fat 0 1;spl-os-args fat 0 1;spl-os-image fat 0 1;u-boot.img fat 0 1;uEnv.txt fat 0 1
dfu_alt_info_ram=kernel ram 0x80200000 0x4000000;fdt ram 0x80f80000 0x80000;ramdisk ram 0x81000000 0x4000000
dfu_bufsiz=0x10000
eth1addr=34:b1:f7:3d:b9:0e
ethact=cpsw
ethaddr=34:b1:f7:3d:b9:0c
fdt_addr_r=0x88000000
fdtaddr=0x88000000
fdtfile=undefined
findfdt=if test $board_name = AM43EPOS; then setenv fdtfile am43x-epos-evm.dtb; fi; if test $board_name = AM43__GP; then setenv fdtfile am437x-gp-evm.dtb; fi; if test $board_name = AM43__SK; then setenv fdtfile am437x-sk-evm.dtb; fi; if test $fdtfile = undefined; then echo WARNING: Could not determine device tree; fi; 
importbootenv=echo Importing environment from mmc ...; env import -t $loadaddr $filesize
kernel_addr_r=0x82000000
loadaddr=0x82000000
loadbootenv=load ${devtype} ${devnum} ${loadaddr} ${bootenv}
loadfdt=load ${devtype} ${bootpart} ${fdtaddr} ${bootdir}/${fdtfile}
loadimage=load ${devtype} ${bootpart} ${loadaddr} ${bootdir}/${bootfile}
loadramdisk=load ${devtype} ${devnum} ${rdaddr} ramdisk.gz
mmcargs=setenv bootargs console=${console} ${optargs} root=${mmcroot} rootfstype=${mmcrootfstype}
mmcboot=mmc dev ${mmcdev}; setenv devnum ${mmcdev}; setenv devtype mmc; if mmc rescan; then echo SD/MMC found on device ${devnum};if run loadbootenv; then echo Loaded environment from ${bootenv};run importbootenv;fi;if test -n $uenvcmd; then echo Running uenvcmd ...;run uenvcmd;fi;if run loadimage; then run loadfdt; echo Booting from mmc${mmcdev} ...; run mmcargs; bootz ${loadaddr} - ${fdtaddr}; fi;fi;
mmcdev=0
mmcroot=/dev/mmcblk0p2 rw
mmcrootfstype=ext4 rootwait
mtdids=nand0=nand.0
mtdparts=mtdparts=nand.0:256k(NAND.SPL),256k(NAND.SPL.backup1),256k(NAND.SPL.backup2),256k(NAND.SPL.backup3),512k(NAND.u-boot-spl-os),1m(NAND.u-boot),256k(NAND.u-boot-env),256k(NAND.u-boot-env.backup1),7m(NAND.kernel),-(NAND.file-system)
nandargs=setenv bootargs console=${console} ${optargs} root=${nandroot} rootfstype=${nandrootfstype}
nandboot=echo Booting from nand ...; run nandargs; nand read ${fdtaddr} NAND.u-boot-spl-os; nand read ${loadaddr} NAND.kernel; bootz ${loadaddr} - ${fdtaddr}
nandroot=ubi0:rootfs rw ubi.mtd=NAND.file-system,4096
nandrootfstype=ubifs rootwait=1
partitions=uuid_disk=${uuid_gpt_disk};name=rootfs,start=2MiB,size=-,uuid=${uuid_gpt_rootfs}
ramargs=setenv bootargs console=${console} ${optargs} root=${ramroot} rootfstype=${ramrootfstype}
ramdisk_addr_r=0x88080000
ramroot=/dev/ram0 rw
ramrootfstype=ext2
rdaddr=0x88080000
serverip=192.168.0.1
soc=am33xx
stderr=serial
stdin=serial
stdout=serial
usbargs=setenv bootargs console=${console} ${optargs} root=${usbroot} rootfstype=${usbrootfstype}
usbboot=setenv devnum ${usbdev}; setenv devtype usb; usb start ${usbdev}; if usb dev ${usbdev}; then if run loadbootenv; then echo Loaded environment from ${bootenv};run importbootenv;fi;if test -n $uenvcmd; then echo Running uenvcmd ...;run uenvcmd;fi;if run loadimage; then run loadfdt; echo Booting from usb ${usbdev}...; run usbargs;bootz ${loadaddr} - ${fdtaddr}; fi;fi
usbdev=0
usbroot=/dev/sda2 rw
usbrootfstype=ext4 rootwait
vendor=ti
ver=U-Boot 2014.07-00085-gb6f7378 (Dec 15 2014 - 04:23:13)
Environment size: 3710/65532 bytes
U-Boot# 
- 07:04:37 [INFO] Host: setenv bootargs ''${bootargs}' ip=:::::eth0:dhcp '
- 07:04:38 [INFO] Target: 
setenv bootargs ''${bootargs}' ip=:::::eth0:dhcp '
U-Boot# 
- 07:04:38 [INFO] Host: setenv serverip '192.168.0.1'
- 07:04:38 [INFO] Target: 
setenv serverip '192.168.0.1'
U-Boot# 
- 07:04:38 [INFO] Host: setenv autoload 'no'
- 07:04:38 [INFO] Target: 
setenv autoload 'no'
U-Boot# 
- 07:04:38 [INFO] Host: dhcp
- 07:04:46 [INFO] Target: 
dhcp
cpsw Waiting for PHY auto negotiation to complete....... done
link up on port 0, speed 1000, full duplex
BOOTP broadcast 1
cpsw Waiting for PHY auto negotiation to complete.... done
BOOTP broadcast 2
DHCP client bound to address 192.168.0.134
U-Boot# 
- 07:04:46 [INFO] Host: tftp ${loadaddr} 192.168.0.1:vatf_am437x-sk1/b0b5fd2376ed2f2e42b91287f4207b00
- 07:04:47 [INFO] Target: 
tftp ${loadaddr} 192.168.0.1:vatf_am437x-sk1/b0b5fd2376ed2f2e42b91287f4207b00
link up on port 0, speed 1000, full duplex
Using cpsw device
TFTP from server 192.168.0.1; our IP address is 192.168.0.134
Filename 'vatf_am437x-sk1/b0b5fd2376ed2f2e42b91287f4207b00'.
Load address: 0x82000000
Loading: *#################################################################
	 #################################################################
	 #################################################################
	 #################################################################
	 #################################################################
	 #################################################################
	 #########################################################
	 10.1 MiB/s
done
Bytes transferred = 6559336 (641668 hex)
U-Boot# 
- 07:04:47 [INFO] Host: tftp ${fdt_addr_r} 192.168.0.1:vatf_am437x-sk1/72a90cc2783d16ef054246f051b5bbcc
- 07:04:47 [INFO] Target: 
tftp ${fdt_addr_r} 192.168.0.1:vatf_am437x-sk1/72a90cc2783d16ef054246f051b5bbcc
link up on port 0, speed 1000, full duplex
Using cpsw device
TFTP from server 192.168.0.1; our IP address is 192.168.0.134
Filename 'vatf_am437x-sk1/72a90cc2783d16ef054246f051b5bbcc'.
Load address: 0x88000000
Loading: *###
	 8 MiB/s
done
Bytes transferred = 41952 (a3e0 hex)
U-Boot# 
- 07:04:47 [INFO] Host: ls mmc 0:1
- 07:04:47 [INFO] Target: 
ls mmc 0:1
   119500   mlo 
   404508   u-boot.img 
       14   .ipaddr 
        0   pointercal 
        4   ws-calibrate.rules 
5 file(s), 0 dir(s)
U-Boot# 
- 07:04:47 [INFO] Host: ls mmc 0:2
- 07:04:47 [INFO] Target: 
ls mmc 0:2
<DIR>       4096 .
<DIR>       4096 ..
<DIR>       4096 include
<DIR>       4096 srv
<DIR>       4096 home
<DIR>       4096 media
<DIR>       4096 opt
<DIR>       4096 var
<DIR>       4096 sys
<DIR>       4096 boot
<DIR>       4096 dev
<DIR>       4096 usr
<DIR>       4096 bin
<DIR>       4096 mnt
<DIR>       4096 etc
<DIR>       4096 sbin
<DIR>       4096 www
<SYM>          8 tmp
<DIR>       4096 proc
<DIR>       4096 run
<DIR>       4096 lib
<DIR>       4096 test
U-Boot# 
- 07:04:47 [INFO] Host: part uuid mmc 0:2
- 07:04:47 [INFO] Target: 
part uuid mmc 0:2
00000000-02
U-Boot# 
- 07:04:47 [INFO] Host: printenv
- 07:04:47 [INFO] Target: 
printenv
arch=arm
autoload=no
baudrate=115200
board=am43xx
board_name=AM43__SK
board_rev=1.1A
bootargs=console=ttyO0,115200n8 earlyprintk rootwait  ip=:::::eth0:dhcp 
bootcmd=
bootdelay=1
bootdir=/boot
bootenv=uEnv.txt
bootfile=zImage
bootm_size=0x10000000
bootpart=0:2
console=ttyO0,115200n8
cpu=armv7
dfu_alt_info_emmc=MLO raw 0x100 0x100 mmcpart 0;u-boot.img raw 0x300 0x1000 mmcpart 0
dfu_alt_info_mmc=boot part 0 1;rootfs part 0 2;MLO fat 0 1;spl-os-args fat 0 1;spl-os-image fat 0 1;u-boot.img fat 0 1;uEnv.txt fat 0 1
dfu_alt_info_ram=kernel ram 0x80200000 0x4000000;fdt ram 0x80f80000 0x80000;ramdisk ram 0x81000000 0x4000000
dfu_bufsiz=0x10000
dnsip=192.0.2.2
dnsip2=192.0.2.3
eth1addr=34:b1:f7:3d:b9:0e
ethact=cpsw
ethaddr=34:b1:f7:3d:b9:0c
fdt_addr_r=0x88000000
fdtaddr=0x88000000
fdtfile=undefined
fileaddr=88000000
filesize=a3e0
findfdt=if test $board_name = AM43EPOS; then setenv fdtfile am43x-epos-evm.dtb; fi; if test $board_name = AM43__GP; then setenv fdtfile am437x-gp-evm.dtb; fi; if test $board_name = AM43__SK; then setenv fdtfile am437x-sk-evm.dtb; fi; if test $fdtfile = undefined; then echo WARNING: Could not determine device tree; fi; 
gatewayip=192.168.0.1
importbootenv=echo Importing environment from mmc ...; env import -t $loadaddr $filesize
ipaddr=192.168.0.134
kernel_addr_r=0x82000000
loadaddr=0x82000000
loadbootenv=load ${devtype} ${devnum} ${loadaddr} ${bootenv}
loadfdt=load ${devtype} ${bootpart} ${fdtaddr} ${bootdir}/${fdtfile}
loadimage=load ${devtype} ${bootpart} ${loadaddr} ${bootdir}/${bootfile}
loadramdisk=load ${devtype} ${devnum} ${rdaddr} ramdisk.gz
mmcargs=setenv bootargs console=${console} ${optargs} root=${mmcroot} rootfstype=${mmcrootfstype}
mmcboot=mmc dev ${mmcdev}; setenv devnum ${mmcdev}; setenv devtype mmc; if mmc rescan; then echo SD/MMC found on device ${devnum};if run loadbootenv; then echo Loaded environment from ${bootenv};run importbootenv;fi;if test -n $uenvcmd; then echo Running uenvcmd ...;run uenvcmd;fi;if run loadimage; then run loadfdt; echo Booting from mmc${mmcdev} ...; run mmcargs; bootz ${loadaddr} - ${fdtaddr}; fi;fi;
mmcdev=0
mmcroot=/dev/mmcblk0p2 rw
mmcrootfstype=ext4 rootwait
mtdids=nand0=nand.0
mtdparts=mtdparts=nand.0:256k(NAND.SPL),256k(NAND.SPL.backup1),256k(NAND.SPL.backup2),256k(NAND.SPL.backup3),512k(NAND.u-boot-spl-os),1m(NAND.u-boot),256k(NAND.u-boot-env),256k(NAND.u-boot-env.backup1),7m(NAND.kernel),-(NAND.file-system)
nandargs=setenv bootargs console=${console} ${optargs} root=${nandroot} rootfstype=${nandrootfstype}
nandboot=echo Booting from nand ...; run nandargs; nand read ${fdtaddr} NAND.u-boot-spl-os; nand read ${loadaddr} NAND.kernel; bootz ${loadaddr} - ${fdtaddr}
nandroot=ubi0:rootfs rw ubi.mtd=NAND.file-system,4096
nandrootfstype=ubifs rootwait=1
netmask=255.255.255.0
partitions=uuid_disk=${uuid_gpt_disk};name=rootfs,start=2MiB,size=-,uuid=${uuid_gpt_rootfs}
ramargs=setenv bootargs console=${console} ${optargs} root=${ramroot} rootfstype=${ramrootfstype}
ramdisk_addr_r=0x88080000
ramroot=/dev/ram0 rw
ramrootfstype=ext2
rdaddr=0x88080000
serverip=192.168.0.1
soc=am33xx
stderr=serial
stdin=serial
stdout=serial
usbargs=setenv bootargs console=${console} ${optargs} root=${usbroot} rootfstype=${usbrootfstype}
usbboot=setenv devnum ${usbdev}; setenv devtype usb; usb start ${usbdev}; if usb dev ${usbdev}; then if run loadbootenv; then echo Loaded environment from ${bootenv};run importbootenv;fi;if test -n $uenvcmd; then echo Running uenvcmd ...;run uenvcmd;fi;if run loadimage; then run loadfdt; echo Booting from usb ${usbdev}...; run usbargs;bootz ${loadaddr} - ${fdtaddr}; fi;fi
usbdev=0
usbroot=/dev/sda2 rw
usbrootfstype=ext4 rootwait
vendor=ti
ver=U-Boot 2014.07-00085-gb6f7378 (Dec 15 2014 - 04:23:13)
Environment size: 3873/65532 bytes
U-Boot# 
- 07:04:47 [INFO] Host: setenv bootargs ''${bootargs}' root=PARTUUID=00000000-02 rw rootfstype=ext4 rootwait '
- 07:04:47 [INFO] Target: 
setenv bootargs ''${bootargs}' root=PARTUUID=00000000-02 rw rootfstype=ext4 rootwait '
U-Boot# 
- 07:04:47 [INFO] Host: printenv
- 07:04:48 [INFO] Target: 
printenv
arch=arm
autoload=no
baudrate=115200
board=am43xx
board_name=AM43__SK
board_rev=1.1A
bootargs=console=ttyO0,115200n8 earlyprintk rootwait  ip=:::::eth0:dhcp  root=PARTUUID=00000000-02 rw rootfstype=ext4 rootwait 
bootcmd=
bootdelay=1
bootdir=/boot
bootenv=uEnv.txt
bootfile=zImage
bootm_size=0x10000000
bootpart=0:2
console=ttyO0,115200n8
cpu=armv7
dfu_alt_info_emmc=MLO raw 0x100 0x100 mmcpart 0;u-boot.img raw 0x300 0x1000 mmcpart 0
dfu_alt_info_mmc=boot part 0 1;rootfs part 0 2;MLO fat 0 1;spl-os-args fat 0 1;spl-os-image fat 0 1;u-boot.img fat 0 1;uEnv.txt fat 0 1
dfu_alt_info_ram=kernel ram 0x80200000 0x4000000;fdt ram 0x80f80000 0x80000;ramdisk ram 0x81000000 0x4000000
dfu_bufsiz=0x10000
dnsip=192.0.2.2
dnsip2=192.0.2.3
eth1addr=34:b1:f7:3d:b9:0e
ethact=cpsw
ethaddr=34:b1:f7:3d:b9:0c
fdt_addr_r=0x88000000
fdtaddr=0x88000000
fdtfile=undefined
fileaddr=88000000
filesize=a3e0
findfdt=if test $board_name = AM43EPOS; then setenv fdtfile am43x-epos-evm.dtb; fi; if test $board_name = AM43__GP; then setenv fdtfile am437x-gp-evm.dtb; fi; if test $board_name = AM43__SK; then setenv fdtfile am437x-sk-evm.dtb; fi; if test $fdtfile = undefined; then echo WARNING: Could not determine device tree; fi; 
gatewayip=192.168.0.1
importbootenv=echo Importing environment from mmc ...; env import -t $loadaddr $filesize
ipaddr=192.168.0.134
kernel_addr_r=0x82000000
loadaddr=0x82000000
loadbootenv=load ${devtype} ${devnum} ${loadaddr} ${bootenv}
loadfdt=load ${devtype} ${bootpart} ${fdtaddr} ${bootdir}/${fdtfile}
loadimage=load ${devtype} ${bootpart} ${loadaddr} ${bootdir}/${bootfile}
loadramdisk=load ${devtype} ${devnum} ${rdaddr} ramdisk.gz
mmcargs=setenv bootargs console=${console} ${optargs} root=${mmcroot} rootfstype=${mmcrootfstype}
mmcboot=mmc dev ${mmcdev}; setenv devnum ${mmcdev}; setenv devtype mmc; if mmc rescan; then echo SD/MMC found on device ${devnum};if run loadbootenv; then echo Loaded environment from ${bootenv};run importbootenv;fi;if test -n $uenvcmd; then echo Running uenvcmd ...;run uenvcmd;fi;if run loadimage; then run loadfdt; echo Booting from mmc${mmcdev} ...; run mmcargs; bootz ${loadaddr} - ${fdtaddr}; fi;fi;
mmcdev=0
mmcroot=/dev/mmcblk0p2 rw
mmcrootfstype=ext4 rootwait
mtdids=nand0=nand.0
mtdparts=mtdparts=nand.0:256k(NAND.SPL),256k(NAND.SPL.backup1),256k(NAND.SPL.backup2),256k(NAND.SPL.backup3),512k(NAND.u-boot-spl-os),1m(NAND.u-boot),256k(NAND.u-boot-env),256k(NAND.u-boot-env.backup1),7m(NAND.kernel),-(NAND.file-system)
nandargs=setenv bootargs console=${console} ${optargs} root=${nandroot} rootfstype=${nandrootfstype}
nandboot=echo Booting from nand ...; run nandargs; nand read ${fdtaddr} NAND.u-boot-spl-os; nand read ${loadaddr} NAND.kernel; bootz ${loadaddr} - ${fdtaddr}
nandroot=ubi0:rootfs rw ubi.mtd=NAND.file-system,4096
nandrootfstype=ubifs rootwait=1
netmask=255.255.255.0
partitions=uuid_disk=${uuid_gpt_disk};name=rootfs,start=2MiB,size=-,uuid=${uuid_gpt_rootfs}
ramargs=setenv bootargs console=${console} ${optargs} root=${ramroot} rootfstype=${ramrootfstype}
ramdisk_addr_r=0x88080000
ramroot=/dev/ram0 rw
ramrootfstype=ext2
rdaddr=0x88080000
serverip=192.168.0.1
soc=am33xx
stderr=serial
stdin=serial
stdout=serial
usbargs=setenv bootargs console=${console} ${optargs} root=${usbroot} rootfstype=${usbrootfstype}
usbboot=setenv devnum ${usbdev}; setenv devtype usb; usb start ${usbdev}; if usb dev ${usbdev}; then if run loadbootenv; then echo Loaded environment from ${bootenv};run importbootenv;fi;if test -n $uenvcmd; then echo Running uenvcmd ...;run uenvcmd;fi;if run loadimage; then run loadfdt; echo Booting from usb ${usbdev}...; run usbargs;bootz ${loadaddr} - ${fdtaddr}; fi;fi
usbdev=0
usbroot=/dev/sda2 rw
usbrootfstype=ext4 rootwait
vendor=ti
ver=U-Boot 2014.07-00085-gb6f7378 (Dec 15 2014 - 04:23:13)
Environment size: 3928/65532 bytes
U-Boot# 
- 07:04:48 [INFO] Host: setenv bootcmd ''${bootcmd}' if iminfo ${loadaddr}; then bootm ${loadaddr} - ${fdt_addr_r}; else bootz ${loadaddr} - ${fdt_addr_r}; bootm ${loadaddr} - ${fdt_addr_r}; fi'
- 07:04:48 [INFO] Target: 
setenv bootcmd ''${bootcmd}' if iminfo ${loadaddr}; then bootm ${loadaddr} - ${fdt_addr_r}; else bootz ${loadaddr} - ${fdt_addr_r}; bootm ${loadaddr} - ${fdt_addr_r}; fi'
U-Boot# 
- 07:04:48 [INFO] Host: version
- 07:04:48 [INFO] Target: 
version
U-Boot 2014.07-00085-gb6f7378 (Dec 15 2014 - 04:23:13)
arm-linux-gnueabihf-gcc (crosstool-NG linaro-1.13.1-4.7-2013.03-20130313 - Linaro GCC 2013.03) 4.7.3 20130226 (prerelease)
GNU ld (crosstool-NG linaro-1.13.1-4.7-2013.03-20130313 - Linaro GCC 2013.03) 2.23.1
U-Boot# 
- 07:04:48 [INFO] Host: bdinfo
- 07:04:48 [INFO] Target: 
bdinfo
arch_number = 0x00000000
boot_params = 0x80000100
DRAM bank   = 0x00000000
-> start    = 0x80000000
-> size     = 0x40000000
eth0name    = cpsw
ethaddr     = 34:b1:f7:3d:b9:0c
current eth = cpsw
ip_addr     = 192.168.0.134
baudrate    = 115200 bps
TLB addr    = 0xBFFF0000
relocaddr   = 0xBF734000
reloc off   = 0x3EF34000
irq_sp      = 0xBE723EE0
sp start    = 0xBE723ED0
U-Boot# 
- 07:04:48 [INFO] Host: mmc rescan; echo $?
- 07:04:48 [INFO] Target: 
mmc rescan; echo $?
U-Boot# 
- 07:04:48 [INFO] Host: fatwrite mmc ${mmcdev}:1 ${loadaddr} ws-calibrate.rules 4
- 07:04:48 [INFO] Target: 
fatwrite mmc ${mmcdev}:1 ${loadaddr} ws-calibrate.rules 4
writing ws-calibrate.rules
4 bytes written
U-Boot# 
- 07:04:48 [INFO] Host: boot
- 07:08:18 [ERROR] On command: boot waiting for boot.+?(?-mix:login:) >>> error: execution expired
- 07:08:18 [INFO] Target: 
boot
## Checking Image at 82000000 ...
Unknown image format!
Kernel image @ 0x82000000 [ 0x000000 - 0x641668 ]
## Flattened Device Tree blob at 88000000
   Booting using the fdt blob at 0x88000000
   Loading Device Tree to 8fff2000, end 8ffff3df ... OK
Starting kernel ...
[    0.000000] Booting Linux on physical CPU 0x0
[    0.000000] Linux version 4.4.0-rc4-next-20151208-00002-gb88ee61c516d (nmenon@kahuna) (gcc version 4.6.3 (Ubuntu/Linaro 4.6.3-1ubuntu5) ) #1 SMP Tue Dec 8 06:00:02 CST 2015
[    0.000000] CPU: ARMv7 Processor [412fc09a] revision 10 (ARMv7), cr=10c5387d
[    0.000000] CPU: PIPT / VIPT nonaliasing data cache, VIPT aliasing instruction cache
[    0.000000] Machine model: TI AM437x SK EVM
[    0.000000] cma: Reserved 64 MiB at 0xbc000000
[    0.000000] Memory policy: Data cache writeback
[    0.000000] CPU: All CPU(s) started in SVC mode.
[    0.000000] AM437x ES1.2 (sgx neon )
[    0.000000] PERCPU: Embedded 12 pages/cpu @ef7c6000 s19200 r8192 d21760 u49152
[    0.000000] Built 1 zonelists in Zone order, mobility grouping on.  Total pages: 260608
[    0.000000] Kernel command line: console=ttyO0,115200n8 earlyprintk rootwait  ip=:::::eth0:dhcp  root=PARTUUID=00000000-02 rw rootfstype=ext4 rootwait 
[    0.000000] PID hash table entries: 4096 (order: 2, 16384 bytes)
[    0.000000] Dentry cache hash table entries: 131072 (order: 7, 524288 bytes)
[    0.000000] Inode-cache hash table entries: 65536 (order: 6, 262144 bytes)
[    0.000000] Memory: 959144K/1048576K available (8339K kernel code, 1089K rwdata, 3832K rodata, 1016K init, 340K bss, 23896K reserved, 65536K cma-reserved, 196608K highmem)
[    0.000000] Virtual kernel memory layout:
[    0.000000]     vector  : 0xffff0000 - 0xffff1000   (   4 kB)
[    0.000000]     fixmap  : 0xffc00000 - 0xfff00000   (3072 kB)
[    0.000000]     vmalloc : 0xf0800000 - 0xff800000   ( 240 MB)
[    0.000000]     lowmem  : 0xc0000000 - 0xf0000000   ( 768 MB)
[    0.000000]     pkmap   : 0xbfe00000 - 0xc0000000   (   2 MB)
[    0.000000]     modules : 0xbf000000 - 0xbfe00000   (  14 MB)
[    0.000000]       .text : 0xc0208000 - 0xc0debd20   (12176 kB)
[    0.000000]       .init : 0xc0dec000 - 0xc0eea000   (1016 kB)
[    0.000000]       .data : 0xc0eea000 - 0xc0ffa780   (1090 kB)
[    0.000000]        .bss : 0xc0ffd000 - 0xc10520a0   ( 341 kB)
[    0.000000] SLUB: HWalign=64, Order=0-3, MinObjects=0, CPUs=1, Nodes=1
[    0.000000] Hierarchical RCU implementation.
[    0.000000] 	Build-time adjustment of leaf fanout to 32.
[    0.000000] 	RCU restricting CPUs from NR_CPUS=16 to nr_cpu_ids=1.
[    0.000000] RCU: Adjusting geometry for rcu_fanout_leaf=32, nr_cpu_ids=1
[    0.000000] NR_IRQS:16 nr_irqs:16 16
[    0.000000] L2C: platform modifies aux control register: 0x0e030000 -> 0x3e430000
[    0.000000] L2C: DT/platform modifies aux control register: 0x0e030000 -> 0x3e430000
[    0.000000] L2C-310 erratum 769419 enabled
[    0.000000] L2C-310 enabling early BRESP for Cortex-A9
[    0.000000] OMAP L2C310: ROM does not support power control setting
[    0.000000] L2C-310 dynamic clock gating disabled, standby mode disabled
[    0.000000] L2C-310 cache controller enabled, 16 ways, 256 kB
[    0.000000] L2C-310: CACHE_ID 0x410000c9, AUX_CTRL 0x4e430000
[    0.000000] OMAP clockevent source: timer1 at 32786 Hz
[    0.000006] sched_clock: 64 bits at 1000MHz, resolution 1ns, wraps every 4398046511103ns
[    0.000015] clocksource: arm_global_timer: mask: 0xffffffffffffffff max_cycles: 0x1cd42e4dffb, max_idle_ns: 881590591483 ns
[    0.001098] clocksource: 32k_counter: mask: 0xffffffff max_cycles: 0xffffffff, max_idle_ns: 58327039986419 ns
[    0.001102] OMAP clocksource: 32k_counter at 32768 Hz
[    0.001930] Console: colour dummy device 80x30
[    0.001946] Calibrating delay loop... 3974.75 BogoMIPS (lpj=9936896)
[    0.030105] pid_max: default: 32768 minimum: 301
[    0.030172] Mount-cache hash table entries: 2048 (order: 1, 8192 bytes)
[    0.030177] Mountpoint-cache hash table entries: 2048 (order: 1, 8192 bytes)
[    0.030519] CPU: Testing write buffer coherency: ok
[    0.030677] CPU0: thread -1, cpu 0, socket 0, mpidr 80000000
[    0.030731] Setting up static identity map for 0x80209000 - 0x80209098
[    0.032458] Brought up 1 CPUs
[    0.032466] SMP: Total of 1 processors activated (3974.75 BogoMIPS).
[    0.032470] CPU: All CPU(s) started in SVC mode.
[    0.032841] devtmpfs: initialized
[    0.037153] VFP support v0.3: implementor 41 architecture 3 part 30 variant 9 rev 4
[    0.043381] omap_hwmod: tptc0 using broken dt data from edma
[    0.043442] omap_hwmod: tptc1 using broken dt data from edma
[    0.043491] omap_hwmod: tptc2 using broken dt data from edma
[    0.093890] clocksource: jiffies: mask: 0xffffffff max_cycles: 0xffffffff, max_idle_ns: 9556302231375000 ns
[    0.095805] pinctrl core: initialized pinctrl subsystem
[    0.096885] NET: Registered protocol family 16
[    0.097872] DMA: preallocated 256 KiB pool for atomic coherent allocations
[    0.098770] cpuidle: using governor ladder
[    0.098779] cpuidle: using governor menu
[    0.099792] omap_l3_noc 44000000.ocp: L3 debug error: target 8 mod:0 (unclearable)
[    0.099831] omap_l3_noc 44000000.ocp: L3 application error: target 8 mod:0 (unclearable)
[    0.101431] platform 44e3e000.rtc: Cannot lookup hwmod 'rtc'
[    0.102003] OMAP GPIO hardware version 0.1
[    0.103841] platform 53701000.des: Cannot lookup hwmod 'des'
[    0.106079] No ATAGs?
[    0.106096] hw-breakpoint: found 5 (+1 reserved) breakpoint and 1 watchpoint registers.
[    0.106102] hw-breakpoint: maximum watchpoint size is 4 bytes.
[    0.106509] omap4_sram_init:Unable to allocate sram needed to handle errata I688
[    0.106514] omap4_sram_init:Unable to get sram pool needed to handle errata I688
[    0.108006] Serial: AMBA PL011 UART driver
[    0.113864] edma 49000000.edma: Legacy memcpy is enabled, things might not work
[    0.115982] edma 49000000.edma: TI EDMA DMA engine driver
[    0.117511] vgaarb: loaded
[    0.117991] SCSI subsystem initialized
[    0.118265] usbcore: registered new interface driver usbfs
[    0.118300] usbcore: registered new interface driver hub
[    0.118326] usbcore: registered new device driver usb
[    0.118678] omap_i2c 44e0b000.i2c: could not find pctldev for node /ocp/l4_wkup@44c00000/scm@210000/pinmux@800/i2c0_pins, deferring probe
[    0.118700] omap_i2c 4802a000.i2c: could not find pctldev for node /ocp/l4_wkup@44c00000/scm@210000/pinmux@800/i2c1_pins, deferring probe
[    0.119003] pps_core: LinuxPPS API ver. 1 registered
[    0.119008] pps_core: Software ver. 5.3.6 - Copyright 2005-2007 Rodolfo Giometti <giometti@linux.it>
[    0.119020] PTP clock support registered
[    0.119108] EDAC MC: Ver: 3.0.0
[    0.120368] clocksource: Switched to clocksource arm_global_timer
[    0.124589] NET: Registered protocol family 2
[    0.124885] TCP established hash table entries: 8192 (order: 3, 32768 bytes)
[    0.124922] TCP bind hash table entries: 8192 (order: 4, 65536 bytes)
[    0.124979] TCP: Hash tables configured (established 8192 bind 8192)
[    0.125048] UDP hash table entries: 512 (order: 2, 16384 bytes)
[    0.125074] UDP-Lite hash table entries: 512 (order: 2, 16384 bytes)
[    0.125230] NET: Registered protocol family 1
[    0.125426] RPC: Registered named UNIX socket transport module.
[    0.125432] RPC: Registered udp transport module.
[    0.125434] RPC: Registered tcp transport module.
[    0.125437] RPC: Registered tcp NFSv4.1 backchannel transport module.
[    0.126649] futex hash table entries: 256 (order: 2, 16384 bytes)
[    0.131038] squashfs: version 4.0 (2009/01/31) Phillip Lougher
[    0.131469] NFS: Registering the id_resolver key type
[    0.131496] Key type id_resolver registered
[    0.131500] Key type id_legacy registered
[    0.131531] ntfs: driver 2.1.32 [Flags: R/O].
[    0.132217] bounce: pool size: 64 pages
[    0.132336] Block layer SCSI generic (bsg) driver version 0.4 loaded (major 249)
[    0.132345] io scheduler noop registered
[    0.132351] io scheduler deadline registered
[    0.132368] io scheduler cfq registered (default)
[    0.135133] pinctrl-single 44e10800.pinmux: 199 pins at pa f9e10800 size 796
[    0.137980] backlight supply power not found, using dummy regulator
[    0.162367] Serial: 8250/16550 driver, 4 ports, IRQ sharing disabled
[    0.163518] SuperH (H)SCI(F) driver initialized
[    0.163882] msm_serial: driver initialized
[    0.164110] omap_uart 44e09000.serial: no wakeirq for uart0
[    0.164120] omap_uart 44e09000.serial: No clock speed specified: using default: 48000000
[    0.164192] 44e09000.serial: ttyO0 at MMIO 0x44e09000 (irq = 26, base_baud = 3000000) is a OMAP UART0
[    0.566497] console [ttyO0] enabled
[    0.568608] STMicroelectronics ASC driver initialized
[    0.572066] [drm] Initialized drm 1.1.0 20060810
[    0.578661] loop: module loaded
[    0.583458] libphy: Fixed MDIO Bus: probed
[    0.586036] CAN device driver interface
[    0.588608] igb: Intel(R) Gigabit Ethernet Network Driver - version 5.3.0-k
[    0.592387] igb: Copyright (c) 2007-2014 Intel Corporation.
[    0.645396] davinci_mdio 4a101000.mdio: davinci mdio revision 1.6
[    0.648694] davinci_mdio 4a101000.mdio: detected phy mask ffffffcf
[    0.652719] libphy: 4a101000.mdio: probed
[    0.654892] davinci_mdio 4a101000.mdio: phy[4]: device 4a101000.mdio:04, driver Micrel KSZ9031 Gigabit PHY
[    0.660143] davinci_mdio 4a101000.mdio: phy[5]: device 4a101000.mdio:05, driver Micrel KSZ9031 Gigabit PHY
[    0.666109] cpsw 4a100000.ethernet: Detected MACID = 34:b1:f7:3d:b9:0c
[    0.670016] cpsw 4a100000.ethernet: cpsw: Detected MACID = 34:b1:f7:3d:b9:0e
[    0.674354] pegasus: v0.9.3 (2013/04/25), Pegasus/Pegasus II USB Ethernet driver
[    0.678418] usbcore: registered new interface driver pegasus
[    0.681517] usbcore: registered new interface driver asix
[    0.684455] usbcore: registered new interface driver ax88179_178a
[    0.687784] usbcore: registered new interface driver cdc_ether
[    0.690973] usbcore: registered new interface driver smsc75xx
[    0.694102] usbcore: registered new interface driver smsc95xx
[    0.697233] usbcore: registered new interface driver net1080
[    0.700308] usbcore: registered new interface driver cdc_subset
[    0.703532] usbcore: registered new interface driver zaurus
[    0.706588] usbcore: registered new interface driver cdc_ncm
[    1.111366] ehci_hcd: USB 2.0 'Enhanced' Host Controller (EHCI) Driver
[    1.114900] ehci-pci: EHCI PCI platform driver
[    1.117356] ehci-platform: EHCI generic platform driver
[    1.120281] ehci-omap: OMAP-EHCI Host Controller driver
[    1.123188] ehci-orion: EHCI orion driver
[    1.125425] SPEAr-ehci: EHCI SPEAr driver
[    1.127649] ehci-st: EHCI STMicroelectronics driver
[    1.130337] ehci-exynos: EHCI EXYNOS driver
[    1.132670] ehci-atmel: EHCI Atmel driver
[    1.134888] tegra-ehci: Tegra EHCI driver
[    1.137126] ohci_hcd: USB 1.1 'Open' Host Controller (OHCI) Driver
[    1.140483] ohci-pci: OHCI PCI platform driver
[    1.142914] ohci-platform: OHCI generic platform driver
[    1.145819] ohci-omap3: OHCI OMAP3 driver
[    1.148042] SPEAr-ohci: OHCI SPEAr driver
[    1.150258] ohci-st: OHCI STMicroelectronics driver
[    1.152957] ohci-atmel: OHCI Atmel driver
[    1.155422] usbcore: registered new interface driver usb-storage
[    1.159377] mousedev: PS/2 mouse device common for all mice
[    1.163975] i2c /dev entries driver
[    1.169087] sdhci: Secure Digital Host Controller Interface driver
[    1.172454] sdhci: Copyright(c) Pierre Ossman
[    1.175293] omap_hsmmc 48060000.mmc: Got CD GPIO
[    1.178429] Synopsys Designware Multimedia Card Interface Driver
[    1.182152] sdhci-pltfm: SDHCI platform and OF driver helper
[    1.186416] ledtrig-cpu: registered to indicate activity on CPUs
[    1.189860] usbcore: registered new interface driver usbhid
[    1.192895] usbhid: USB HID core driver
[    1.196941] NET: Registered protocol family 10
[    1.199948] sit: IPv6 over IPv4 tunneling driver
[    1.202821] NET: Registered protocol family 17
[    1.205232] can: controller area network core (rev 20120528 abi 9)
[    1.208637] NET: Registered protocol family 29
[    1.211053] can: raw protocol (rev 20120528)
[    1.213361] can: broadcast manager protocol (rev 20120528 t)
[    1.216429] can: netlink gateway (rev 20130117) max_hops=1
[    1.219688] Key type dns_resolver registered
[    1.222144] omap_voltage_late_init: Voltage driver support not added
[    1.226136] ThumbEE CPU extension supported.
[    1.228455] Registering SWP/SWPB emulation handler
[    1.232863] at24 0-0050: 32768 byte 24c256 EEPROM, writable, 64 bytes/write
[    1.236699] omap_i2c 44e0b000.i2c: bus 0 rev0.12 at 400 kHz
[    1.240620] omap_i2c 4802a000.i2c: bus 1 rev0.12 at 400 kHz
[    1.243997] backlight supply power not found, using dummy regulator
[    1.248673] omap_hsmmc 48060000.mmc: Got CD GPIO
[    1.251269] omap_hsmmc 48060000.mmc: omap_device: omap_device_enable() called from invalid state 1
[    1.257035] hctosys: unable to open rtc device (rtc0)
[    1.262120] net eth0: initializing cpsw version 1.15 (0)
[    1.331131] net eth0: phy found : id is : 0x221622
[    1.335620] IPv6: ADDRCONF(NETDEV_UP): eth0: link is not ready
[    4.330885] cpsw 4a100000.ethernet eth0: Link is Up - 1Gbps/Full - flow control rx/tx
[    4.335380] IPv6: ADDRCONF(NETDEV_CHANGE): eth0: link becomes ready
[    4.350378] Sending DHCP requests ., OK
[    4.375614] IP-Config: Got DHCP answer from 192.168.0.1, my address is 192.168.0.134
[    4.379857] IP-Config: Complete:
[    4.381620]      device=eth0, hwaddr=34:b1:f7:3d:b9:0c, ipaddr=192.168.0.134, mask=255.255.255.0, gw=192.168.0.1
[    4.387122]      host=192.168.0.134, domain=ti.com, nis-domain=(none)
[    4.390604]      bootserver=192.168.0.1, rootserver=192.168.0.1, rootpath=     nameserver0=192.0.2.2, nameserver1=192.0.2.3
[    4.397156] Waiting for root device PARTUUID=00000000-02...
- 07:08:18 [INFO] Boot attempt 1/1 failed
- 07:08:18 [INFO] Disconnected serial from am437x-sk
URL:gtsystest.telogy.design.ti.com/vatf/tigtfarm07/tigtfarm07_vatf@am437x-sk1/tigtfarm0712_08_2015_07_04_14/files/session_iteration_1/test_1
