- 07:33:59 [INFO] Starting target session
- 07:34:00 [INFO] Connected to am43xx-epos via serial 
- 07:34:00 [INFO] Host: #check prompt
- 07:34:03 [ERROR] On command: #check prompt waiting for #check prompt.+?(?-mix:((?-mix:.*\s+login)|[Pp]assword)) >>> error: execution expired
- 07:34:03 [INFO] Target: 
- 07:34:03 [INFO] Host: #check prompt
- 07:34:05 [ERROR] On command: #check prompt waiting for #check prompt.+?(?m-ix:root@am437x-evm.*#) >>> error: execution expired
- 07:34:05 [INFO] Target: 
- 07:34:05 [INFO] Host: #check prompt
- 07:34:07 [ERROR] On command: #check prompt waiting for #check prompt.+?(?m-ix:root@am437x-evm.*#) >>> error: execution expired
- 07:34:07 [INFO] Target: 
- 07:34:07 [INFO] Host: #check prompt
- 07:34:09 [ERROR] On command: #check prompt waiting for #check prompt.+?(?m-ix:root@am437x-evm.*#) >>> error: execution expired
- 07:34:09 [INFO] Target: 
- 07:34:09 [INFO] Disconnected serial from am43xx-epos
- 07:34:30 [INFO] Connected to am43xx-epos via serial 
- 07:34:30 [INFO] Host: 
- 07:34:31 [INFO] Target: 
U-Boot# 
U-Boot#  
U-Boot#  
U-Boot# 
U-Boot#  
U-Boot#  
U-Boot#  
U-Boot#  
U-Boot#  
U-Boot#  
U-Boot#  
U-Boot#  
U-Boot#  
U-Boot#  
U-Boot#  
U-Boot# 
- 07:34:32 [INFO] Host: 
- 07:34:32 [INFO] Target: 
Boot#  
U-Boot#  
U-Boot# 
U-Boot# 
- 07:34:32 [INFO] Host: version
- 07:34:32 [INFO] Target: 
version
U-Boot 2014.07 (Aug 11 2014 - 20:04:22)
arm-linux-gnueabihf-gcc (crosstool-NG linaro-1.13.1-4.7-2013.03-20130313 - Linaro GCC 2013.03) 4.7.3 20130226 (prerelease)
GNU ld (crosstool-NG linaro-1.13.1-4.7-2013.03-20130313 - Linaro GCC 2013.03) 2.23.1
U-Boot# 
- 07:34:32 [INFO] Host: setenv bootargs 'console=ttyO0,115200n8 earlyprintk=serial,ttyO0,115200n8 rootwait '
- 07:34:32 [INFO] Target: 
setenv bootargs 'console=ttyO0,115200n8 earlyprintk=serial,ttyO0,115200n8 rootwait '
U-Boot# 
- 07:34:32 [INFO] Host: setenv bootcmd  ''
- 07:34:32 [INFO] Target: 
setenv bootcmd  ''
U-Boot# 
- 07:34:32 [INFO] Host: setenv autoload 'no'
- 07:34:32 [INFO] Target: 
setenv autoload 'no'
U-Boot# 
- 07:34:32 [INFO] Host: setenv serverip '192.168.1.254'
- 07:34:32 [INFO] Target: 
setenv serverip '192.168.1.254'
U-Boot# 
- 07:34:32 [INFO] Host: setenv _initramfs -
- 07:34:33 [INFO] Target: 
setenv _initramfs -
U-Boot# 
- 07:34:33 [INFO] Host: printenv
- 07:34:33 [INFO] Target: 
printenv
_initramfs=-
arch=arm
autoload=no
baudrate=115200
board=am43xx
board_name=AM43EPOS
board_rev=1.2B
bootargs=console=ttyO0,115200n8 earlyprintk=serial,ttyO0,115200n8 rootwait 
bootcmd=
bootdelay=1
bootdir=/boot
bootenv=uEnv.txt
bootfile=zImage
bootm_size=0x10000000
bootpart=0:2
console=ttyO0,115200n8
cpu=armv7
eth1addr=34:b1:f7:31:4c:2e
ethact=cpsw
ethaddr=34:b1:f7:31:4c:2c
fdt_addr_r=0x88000000
fdtaddr=0x88000000
fdtfile=undefined
findfdt=if test $board_name = AM43EPOS; then setenv fdtfile am43x-epos-evm.dtb; fi; if test $board_name = AM43__GP; then setenv fdtfile am437x-gp-evm.dtb; fi; if test $board_name = AM43__SK; then setenv fdtfile am437x-sk-evm.dtb; fi; if test $fdtfile = undefined; then echo WARNING: Could not determine device tree; fi; 
importbootenv=echo Importing environment from mmc ...; env import -t $loadaddr $filesize
kernel_addr_r=0x82000000
loadaddr=0x82000000
loadbootenv=load ${devtype} ${devnum} ${loadaddr} ${bootenv}
loadfdt=load ${devtype} ${bootpart} ${fdtaddr} ${bootdir}/${fdtfile}
loadimage=load ${devtype} ${bootpart} ${loadaddr} ${bootdir}/${bootfile}
loadramdisk=load ${devtype} ${devnum} ${rdaddr} ramdisk.gz
mmcargs=setenv bootargs console=${console} ${optargs} root=${mmcroot} rootfstype=${mmcrootfstype}
mmcboot=mmc dev ${mmcdev}; setenv devnum ${mmcdev}; setenv devtype mmc; if mmc rescan; then echo SD/MMC found on device ${devnum};if run loadbootenv; then echo Loaded environment from ${bootenv};run importbootenv;fi;if test -n $uenvcmd; then echo Running uenvcmd ...;run uenvcmd;fi;if run loadimage; then run loadfdt; echo Booting from mmc${mmcdev} ...; run mmcargs; bootz ${loadaddr} - ${fdtaddr}; fi;fi;
mmcdev=0
mmcroot=/dev/mmcblk0p2 rw
mmcrootfstype=ext4 rootwait
partitions=uuid_disk=${uuid_gpt_disk};name=rootfs,start=2MiB,size=-,uuid=${uuid_gpt_rootfs}
ramargs=setenv bootargs console=${console} ${optargs} root=${ramroot} rootfstype=${ramrootfstype}
ramdisk_addr_r=0x88080000
ramroot=/dev/ram0 rw
ramrootfstype=ext2
rdaddr=0x88080000
serverip=192.168.1.254
soc=am33xx
stderr=serial
stdin=serial
stdout=serial
usbargs=setenv bootargs console=${console} ${optargs} root=${usbroot} rootfstype=${usbrootfstype}
usbboot=setenv devnum ${usbdev}; setenv devtype usb; usb start ${usbdev}; if usb dev ${usbdev}; then if run loadbootenv; then echo Loaded environment from ${bootenv};run importbootenv;fi;if test -n $uenvcmd; then echo Running uenvcmd ...;run uenvcmd;fi;if run loadimage; then run loadfdt; echo Booting from usb ${usbdev}...; run usbargs;bootz ${loadaddr} - ${fdtaddr}; fi;fi
usbdev=0
usbroot=/dev/sda2 rw
usbrootfstype=ext4 rootwait
vendor=ti
ver=U-Boot 2014.07 (Aug 11 2014 - 20:04:22)
Environment size: 2761/65532 bytes
U-Boot# 
- 07:34:33 [INFO] Host: printenv
- 07:34:33 [INFO] Target: 
printenv
_initramfs=-
arch=arm
autoload=no
baudrate=115200
board=am43xx
board_name=AM43EPOS
board_rev=1.2B
bootargs=console=ttyO0,115200n8 earlyprintk=serial,ttyO0,115200n8 rootwait 
bootcmd=
bootdelay=1
bootdir=/boot
bootenv=uEnv.txt
bootfile=zImage
bootm_size=0x10000000
bootpart=0:2
console=ttyO0,115200n8
cpu=armv7
eth1addr=34:b1:f7:31:4c:2e
ethact=cpsw
ethaddr=34:b1:f7:31:4c:2c
fdt_addr_r=0x88000000
fdtaddr=0x88000000
fdtfile=undefined
findfdt=if test $board_name = AM43EPOS; then setenv fdtfile am43x-epos-evm.dtb; fi; if test $board_name = AM43__GP; then setenv fdtfile am437x-gp-evm.dtb; fi; if test $board_name = AM43__SK; then setenv fdtfile am437x-sk-evm.dtb; fi; if test $fdtfile = undefined; then echo WARNING: Could not determine device tree; fi; 
importbootenv=echo Importing environment from mmc ...; env import -t $loadaddr $filesize
kernel_addr_r=0x82000000
loadaddr=0x82000000
loadbootenv=load ${devtype} ${devnum} ${loadaddr} ${bootenv}
loadfdt=load ${devtype} ${bootpart} ${fdtaddr} ${bootdir}/${fdtfile}
loadimage=load ${devtype} ${bootpart} ${loadaddr} ${bootdir}/${bootfile}
loadramdisk=load ${devtype} ${devnum} ${rdaddr} ramdisk.gz
mmcargs=setenv bootargs console=${console} ${optargs} root=${mmcroot} rootfstype=${mmcrootfstype}
mmcboot=mmc dev ${mmcdev}; setenv devnum ${mmcdev}; setenv devtype mmc; if mmc rescan; then echo SD/MMC found on device ${devnum};if run loadbootenv; then echo Loaded environment from ${bootenv};run importbootenv;fi;if test -n $uenvcmd; then echo Running uenvcmd ...;run uenvcmd;fi;if run loadimage; then run loadfdt; echo Booting from mmc${mmcdev} ...; run mmcargs; bootz ${loadaddr} - ${fdtaddr}; fi;fi;
mmcdev=0
mmcroot=/dev/mmcblk0p2 rw
mmcrootfstype=ext4 rootwait
partitions=uuid_disk=${uuid_gpt_disk};name=rootfs,start=2MiB,size=-,uuid=${uuid_gpt_rootfs}
ramargs=setenv bootargs console=${console} ${optargs} root=${ramroot} rootfstype=${ramrootfstype}
ramdisk_addr_r=0x88080000
ramroot=/dev/ram0 rw
ramrootfstype=ext2
rdaddr=0x88080000
serverip=192.168.1.254
soc=am33xx
stderr=serial
stdin=serial
stdout=serial
usbargs=setenv bootargs console=${console} ${optargs} root=${usbroot} rootfstype=${usbrootfstype}
usbboot=setenv devnum ${usbdev}; setenv devtype usb; usb start ${usbdev}; if usb dev ${usbdev}; then if run loadbootenv; then echo Loaded environment from ${bootenv};run importbootenv;fi;if test -n $uenvcmd; then echo Running uenvcmd ...;run uenvcmd;fi;if run loadimage; then run loadfdt; echo Booting from usb ${usbdev}...; run usbargs;bootz ${loadaddr} - ${fdtaddr}; fi;fi
usbdev=0
usbroot=/dev/sda2 rw
usbrootfstype=ext4 rootwait
vendor=ti
ver=U-Boot 2014.07 (Aug 11 2014 - 20:04:22)
Environment size: 2761/65532 bytes
U-Boot# 
- 07:34:33 [INFO] Host: setenv bootargs ''${bootargs}' ip=:::::eth0:dhcp '
- 07:34:33 [INFO] Target: 
setenv bootargs ''${bootargs}' ip=:::::eth0:dhcp '
U-Boot# 
- 07:34:33 [INFO] Host: setenv serverip '192.168.1.254'
- 07:34:33 [INFO] Target: 
setenv serverip '192.168.1.254'
U-Boot# 
- 07:34:33 [INFO] Host: setenv autoload 'no'
- 07:34:33 [INFO] Target: 
setenv autoload 'no'
U-Boot# 
- 07:34:33 [INFO] Host: dhcp
- 07:34:35 [INFO] Target: 
dhcp
link up on port 0, speed 100, full duplex
BOOTP broadcast 1
DHCP client bound to address 192.168.1.165
U-Boot# 
- 07:34:35 [INFO] Host: tftp ${loadaddr} 192.168.1.254:vatf_am43xx-epos/5b7dc90d356fa02e016677e841c3e958
- 07:34:36 [INFO] Target: 
tftp ${loadaddr} 192.168.1.254:vatf_am43xx-epos/5b7dc90d356fa02e016677e841c3e958
link up on port 0, speed 100, full duplex
Using cpsw device
TFTP from server 192.168.1.254; our IP address is 192.168.1.165
Filename 'vatf_am43xx-epos/5b7dc90d356fa02e016677e841c3e958'.
Load address: 0x82000000
Loading: *#################################################################
	 #################################################################
	 #################################################################
	 #################################################################
	 #################################################################
	 #################################################################
	 #################################################################
	 ##########################
	 4.6 MiB/s
done
Bytes transferred = 7060952 (6bbdd8 hex)
U-Boot# 
- 07:34:36 [INFO] Host: tftp ${fdt_addr_r} 192.168.1.254:vatf_am43xx-epos/01f0404c0a59677a4c8c04c13b350f7e
- 07:34:36 [INFO] Target: 
tftp ${fdt_addr_r} 192.168.1.254:vatf_am43xx-epos/01f0404c0a59677a4c8c04c13b350f7e
link up on port 0, speed 100, full duplex
Using cpsw device
TFTP from server 192.168.1.254; our IP address is 192.168.1.165
Filename 'vatf_am43xx-epos/01f0404c0a59677a4c8c04c13b350f7e'.
Load address: 0x88000000
Loading: *####
	 4.5 MiB/s
done
Bytes transferred = 47115 (b80b hex)
U-Boot# 
- 07:34:36 [INFO] Host: ls mmc 0:1
- 07:34:36 [INFO] Target: 
ls mmc 0:1
   109692   mlo 
   292904   u-boot.img 
       14   .ipaddr 
        0   pointercal 
        4   ws-calibrate.rules 
5 file(s), 0 dir(s)
U-Boot# 
- 07:34:36 [INFO] Host: ls mmc 0:2
- 07:34:36 [INFO] Target: 
ls mmc 0:2
<DIR>       4096 .
<DIR>       4096 ..
<DIR>      16384 lost+found
<DIR>       4096 bin
<DIR>       4096 boot
<DIR>       4096 dev
<DIR>       4096 etc
<DIR>       4096 home
<DIR>       4096 lib
<DIR>       4096 media
<DIR>       4096 mnt
<DIR>       4096 opt
<DIR>       4096 proc
<DIR>       4096 sbin
<DIR>       4096 srv
<DIR>       4096 sys
<SYM>          8 tmp
<DIR>       4096 usr
<DIR>       4096 var
<DIR>       4096 www
<SYM>          8 run
<DIR>       4096 Settings
<DIR>       4096 test
U-Boot# 
- 07:34:36 [INFO] Host: part uuid mmc 0:2
- 07:34:36 [INFO] Target: 
part uuid mmc 0:2
00000000-02
U-Boot# 
- 07:34:36 [INFO] Host: printenv
- 07:34:37 [INFO] Target: 
printenv
_initramfs=-
arch=arm
autoload=no
baudrate=115200
board=am43xx
board_name=AM43EPOS
board_rev=1.2B
bootargs=console=ttyO0,115200n8 earlyprintk=serial,ttyO0,115200n8 rootwait  ip=:::::eth0:dhcp 
bootcmd=
bootdelay=1
bootdir=/boot
bootenv=uEnv.txt
bootfile=zImage
bootm_size=0x10000000
bootpart=0:2
console=ttyO0,115200n8
cpu=armv7
dnsip=192.0.2.2
dnsip2=192.0.2.3
eth1addr=34:b1:f7:31:4c:2e
ethact=cpsw
ethaddr=34:b1:f7:31:4c:2c
fdt_addr_r=0x88000000
fdtaddr=0x88000000
fdtfile=undefined
fileaddr=88000000
filesize=b80b
findfdt=if test $board_name = AM43EPOS; then setenv fdtfile am43x-epos-evm.dtb; fi; if test $board_name = AM43__GP; then setenv fdtfile am437x-gp-evm.dtb; fi; if test $board_name = AM43__SK; then setenv fdtfile am437x-sk-evm.dtb; fi; if test $fdtfile = undefined; then echo WARNING: Could not determine device tree; fi; 
gatewayip=192.168.1.254
importbootenv=echo Importing environment from mmc ...; env import -t $loadaddr $filesize
ipaddr=192.168.1.165
kernel_addr_r=0x82000000
loadaddr=0x82000000
loadbootenv=load ${devtype} ${devnum} ${loadaddr} ${bootenv}
loadfdt=load ${devtype} ${bootpart} ${fdtaddr} ${bootdir}/${fdtfile}
loadimage=load ${devtype} ${bootpart} ${loadaddr} ${bootdir}/${bootfile}
loadramdisk=load ${devtype} ${devnum} ${rdaddr} ramdisk.gz
mmcargs=setenv bootargs console=${console} ${optargs} root=${mmcroot} rootfstype=${mmcrootfstype}
mmcboot=mmc dev ${mmcdev}; setenv devnum ${mmcdev}; setenv devtype mmc; if mmc rescan; then echo SD/MMC found on device ${devnum};if run loadbootenv; then echo Loaded environment from ${bootenv};run importbootenv;fi;if test -n $uenvcmd; then echo Running uenvcmd ...;run uenvcmd;fi;if run loadimage; then run loadfdt; echo Booting from mmc${mmcdev} ...; run mmcargs; bootz ${loadaddr} - ${fdtaddr}; fi;fi;
mmcdev=0
mmcroot=/dev/mmcblk0p2 rw
mmcrootfstype=ext4 rootwait
netmask=255.255.255.0
partitions=uuid_disk=${uuid_gpt_disk};name=rootfs,start=2MiB,size=-,uuid=${uuid_gpt_rootfs}
ramargs=setenv bootargs console=${console} ${optargs} root=${ramroot} rootfstype=${ramrootfstype}
ramdisk_addr_r=0x88080000
ramroot=/dev/ram0 rw
ramrootfstype=ext2
rdaddr=0x88080000
serverip=192.168.1.254
soc=am33xx
stderr=serial
stdin=serial
stdout=serial
usbargs=setenv bootargs console=${console} ${optargs} root=${usbroot} rootfstype=${usbrootfstype}
usbboot=setenv devnum ${usbdev}; setenv devtype usb; usb start ${usbdev}; if usb dev ${usbdev}; then if run loadbootenv; then echo Loaded environment from ${bootenv};run importbootenv;fi;if test -n $uenvcmd; then echo Running uenvcmd ...;run uenvcmd;fi;if run loadimage; then run loadfdt; echo Booting from usb ${usbdev}...; run usbargs;bootz ${loadaddr} - ${fdtaddr}; fi;fi
usbdev=0
usbroot=/dev/sda2 rw
usbrootfstype=ext4 rootwait
vendor=ti
ver=U-Boot 2014.07 (Aug 11 2014 - 20:04:22)
Environment size: 2926/65532 bytes
U-Boot# 
- 07:34:37 [INFO] Host: setenv bootargs ''${bootargs}' root=PARTUUID=00000000-02 rw rootfstype=ext4 rootwait '
- 07:34:37 [INFO] Target: 
setenv bootargs ''${bootargs}' root=PARTUUID=00000000-02 rw rootfstype=ext4 rootwait '
U-Boot# 
- 07:34:37 [INFO] Host: printenv
- 07:34:37 [INFO] Target: 
printenv
_initramfs=-
arch=arm
autoload=no
baudrate=115200
board=am43xx
board_name=AM43EPOS
board_rev=1.2B
bootargs=console=ttyO0,115200n8 earlyprintk=serial,ttyO0,115200n8 rootwait  ip=:::::eth0:dhcp  root=PARTUUID=00000000-02 rw rootfstype=ext4 rootwait 
bootcmd=
bootdelay=1
bootdir=/boot
bootenv=uEnv.txt
bootfile=zImage
bootm_size=0x10000000
bootpart=0:2
console=ttyO0,115200n8
cpu=armv7
dnsip=192.0.2.2
dnsip2=192.0.2.3
eth1addr=34:b1:f7:31:4c:2e
ethact=cpsw
ethaddr=34:b1:f7:31:4c:2c
fdt_addr_r=0x88000000
fdtaddr=0x88000000
fdtfile=undefined
fileaddr=88000000
filesize=b80b
findfdt=if test $board_name = AM43EPOS; then setenv fdtfile am43x-epos-evm.dtb; fi; if test $board_name = AM43__GP; then setenv fdtfile am437x-gp-evm.dtb; fi; if test $board_name = AM43__SK; then setenv fdtfile am437x-sk-evm.dtb; fi; if test $fdtfile = undefined; then echo WARNING: Could not determine device tree; fi; 
gatewayip=192.168.1.254
importbootenv=echo Importing environment from mmc ...; env import -t $loadaddr $filesize
ipaddr=192.168.1.165
kernel_addr_r=0x82000000
loadaddr=0x82000000
loadbootenv=load ${devtype} ${devnum} ${loadaddr} ${bootenv}
loadfdt=load ${devtype} ${bootpart} ${fdtaddr} ${bootdir}/${fdtfile}
loadimage=load ${devtype} ${bootpart} ${loadaddr} ${bootdir}/${bootfile}
loadramdisk=load ${devtype} ${devnum} ${rdaddr} ramdisk.gz
mmcargs=setenv bootargs console=${console} ${optargs} root=${mmcroot} rootfstype=${mmcrootfstype}
mmcboot=mmc dev ${mmcdev}; setenv devnum ${mmcdev}; setenv devtype mmc; if mmc rescan; then echo SD/MMC found on device ${devnum};if run loadbootenv; then echo Loaded environment from ${bootenv};run importbootenv;fi;if test -n $uenvcmd; then echo Running uenvcmd ...;run uenvcmd;fi;if run loadimage; then run loadfdt; echo Booting from mmc${mmcdev} ...; run mmcargs; bootz ${loadaddr} - ${fdtaddr}; fi;fi;
mmcdev=0
mmcroot=/dev/mmcblk0p2 rw
mmcrootfstype=ext4 rootwait
netmask=255.255.255.0
partitions=uuid_disk=${uuid_gpt_disk};name=rootfs,start=2MiB,size=-,uuid=${uuid_gpt_rootfs}
ramargs=setenv bootargs console=${console} ${optargs} root=${ramroot} rootfstype=${ramrootfstype}
ramdisk_addr_r=0x88080000
ramroot=/dev/ram0 rw
ramrootfstype=ext2
rdaddr=0x88080000
serverip=192.168.1.254
soc=am33xx
stderr=serial
stdin=serial
stdout=serial
usbargs=setenv bootargs console=${console} ${optargs} root=${usbroot} rootfstype=${usbrootfstype}
usbboot=setenv devnum ${usbdev}; setenv devtype usb; usb start ${usbdev}; if usb dev ${usbdev}; then if run loadbootenv; then echo Loaded environment from ${bootenv};run importbootenv;fi;if test -n $uenvcmd; then echo Running uenvcmd ...;run uenvcmd;fi;if run loadimage; then run loadfdt; echo Booting from usb ${usbdev}...; run usbargs;bootz ${loadaddr} - ${fdtaddr}; fi;fi
usbdev=0
usbroot=/dev/sda2 rw
usbrootfstype=ext4 rootwait
vendor=ti
ver=U-Boot 2014.07 (Aug 11 2014 - 20:04:22)
Environment size: 2981/65532 bytes
U-Boot# 
- 07:34:37 [INFO] Host: setenv bootcmd ''${bootcmd}' if iminfo ${loadaddr}; then bootm ${loadaddr} ${_initramfs} ${fdt_addr_r}; else bootz ${loadaddr} ${_initramfs} ${fdt_addr_r}; bootm ${loadaddr} ${_initramfs} ${fdt_addr_r}; fi'
- 07:34:37 [INFO] Target: 
setenv bootcmd ''${bootcmd}' if iminfo ${loadaddr}; then bootm ${loadaddr} ${_initramfs} ${fdt_addr_r}; else bootz ${loadaddr} ${_initramfs} ${fdt_addr_r}; bootm ${loadaddr} ${_initramfs} ${fdt_addr_r}; fi'
U-Boot# 
- 07:34:37 [INFO] Host: version
- 07:34:37 [INFO] Target: 
version
U-Boot 2014.07 (Aug 11 2014 - 20:04:22)
arm-linux-gnueabihf-gcc (crosstool-NG linaro-1.13.1-4.7-2013.03-20130313 - Linaro GCC 2013.03) 4.7.3 20130226 (prerelease)
GNU ld (crosstool-NG linaro-1.13.1-4.7-2013.03-20130313 - Linaro GCC 2013.03) 2.23.1
U-Boot# 
- 07:34:37 [INFO] Host: bdinfo
- 07:34:37 [INFO] Target: 
bdinfo
arch_number = 0x00000000
boot_params = 0x80000100
DRAM bank   = 0x00000000
-> start    = 0x80000000
-> size     = 0x40000000
eth0name    = cpsw
ethaddr     = 34:b1:f7:31:4c:2c
current eth = cpsw
ip_addr     = 192.168.1.165
baudrate    = 115200 bps
TLB addr    = 0xBFFF0000
relocaddr   = 0xBFF4E000
reloc off   = 0x3F74E000
irq_sp      = 0xBEF3DEE0
sp start    = 0xBEF3DED0
U-Boot# 
- 07:34:37 [INFO] Host: mmc rescan; echo $?
- 07:34:38 [INFO] Target: 
mmc rescan; echo $?
U-Boot# 
- 07:34:38 [INFO] Host: fatwrite mmc ${mmcdev}:1 ${loadaddr} ws-calibrate.rules 4
- 07:34:38 [INFO] Target: 
fatwrite mmc ${mmcdev}:1 ${loadaddr} ws-calibrate.rules 4
writing ws-calibrate.rules
4 bytes written
U-Boot# 
- 07:34:38 [INFO] Host: boot
- 07:38:08 [ERROR] On command: boot waiting for boot.+?(?-mix:.*\s+login) >>> error: execution expired
- 07:38:08 [INFO] Target: 
boot
## Checking Image at 82000000 ...
Unknown image format!
Kernel image @ 0x82000000 [ 0x000000 - 0x6bbdd8 ]
## Flattened Device Tree blob at 88000000
   Booting using the fdt blob at 0x88000000
   Loading Device Tree to 8fff1000, end 8ffff80a ... OK
Starting kernel ...
[    0.000000] Booting Linux on physical CPU 0x0
[    0.000000] Linux version 4.7.0-rc4-next-20160623-00002-gf4b2d80a12d6 (nmenon@horus) (gcc version 4.9.3 20150413 (prerelease) (Linaro GCC 4.9-2015.05) ) #1 SMP Thu Jun 23 07:26:24 CDT 2016
[    0.000000] CPU: ARMv7 Processor [412fc09a] revision 10 (ARMv7), cr=10c5387d
[    0.000000] CPU: PIPT / VIPT nonaliasing data cache, VIPT aliasing instruction cache
[    0.000000] Machine model: TI AM43x EPOS EVM
[    0.000000] cma: Reserved 64 MiB at 0xbc000000
[    0.000000] Memory policy: Data cache writeback
[    0.000000] CPU: All CPU(s) started in SVC mode.
[    0.000000] AM437x ES1.1 (sgx neon )
[    0.000000] percpu: Embedded 14 pages/cpu @ef7c3000 s25984 r8192 d23168 u57344
[    0.000000] Built 1 zonelists in Zone order, mobility grouping on.  Total pages: 260608
[    0.000000] Kernel command line: console=ttyO0,115200n8 earlyprintk=serial,ttyO0,115200n8 rootwait  ip=:::::eth0:dhcp  root=PARTUUID=00000000-02 rw rootfstype=ext4 rootwait 
[    0.000000] PID hash table entries: 4096 (order: 2, 16384 bytes)
[    0.000000] Dentry cache hash table entries: 131072 (order: 7, 524288 bytes)
[    0.000000] Inode-cache hash table entries: 65536 (order: 6, 262144 bytes)
[    0.000000] Memory: 955944K/1048576K available (9472K kernel code, 1080K rwdata, 4344K rodata, 2048K init, 342K bss, 27096K reserved, 65536K cma-reserved, 196608K highmem)
[    0.000000] Virtual kernel memory layout:
[    0.000000]     vector  : 0xffff0000 - 0xffff1000   (   4 kB)
[    0.000000]     fixmap  : 0xffc00000 - 0xfff00000   (3072 kB)
[    0.000000]     vmalloc : 0xf0800000 - 0xff800000   ( 240 MB)
[    0.000000]     lowmem  : 0xc0000000 - 0xf0000000   ( 768 MB)
[    0.000000]     pkmap   : 0xbfe00000 - 0xc0000000   (   2 MB)
[    0.000000]     modules : 0xbf000000 - 0xbfe00000   (  14 MB)
[    0.000000]       .text : 0xc0208000 - 0xc107e098   (14809 kB)
[    0.000000]       .init : 0xc1100000 - 0xc1300000   (2048 kB)
[    0.000000]       .data : 0xc1300000 - 0xc140e1a0   (1081 kB)
[    0.000000]        .bss : 0xc1410000 - 0xc1465ac8   ( 343 kB)
[    0.000000] SLUB: HWalign=64, Order=0-3, MinObjects=0, CPUs=1, Nodes=1
[    0.000000] Hierarchical RCU implementation.
[    0.000000] 	Build-time adjustment of leaf fanout to 32.
[    0.000000] 	RCU restricting CPUs from NR_CPUS=16 to nr_cpu_ids=1.
[    0.000000] RCU: Adjusting geometry for rcu_fanout_leaf=32, nr_cpu_ids=1
[    0.000000] NR_IRQS:16 nr_irqs:16 16
[    0.000000] L2C: platform modifies aux control register: 0x0e030000 -> 0x3e430000
[    0.000000] L2C: DT/platform modifies aux control register: 0x0e030000 -> 0x3e430000
[    0.000000] L2C-310 erratum 769419 enabled
[    0.000000] L2C-310 enabling early BRESP for Cortex-A9
[    0.000000] OMAP L2C310: ROM does not support power control setting
[    0.000000] L2C-310 dynamic clock gating disabled, standby mode disabled
[    0.000000] L2C-310 cache controller enabled, 16 ways, 256 kB
[    0.000000] L2C-310: CACHE_ID 0x410000c9, AUX_CTRL 0x4e430000
[    0.000000] OMAP clockevent source: timer1 at 32786 Hz
[    0.000013] sched_clock: 64 bits at 500MHz, resolution 2ns, wraps every 4398046511103ns
[    0.000033] clocksource: arm_global_timer: mask: 0xffffffffffffffff max_cycles: 0xe6a171a037, max_idle_ns: 881590485102 ns
[    0.000054] Switching to timer-based delay loop, resolution 2ns
[    0.002757] clocksource: 32k_counter: mask: 0xffffffff max_cycles: 0xffffffff, max_idle_ns: 58327039986419 ns
[    0.002766] OMAP clocksource: 32k_counter at 32768 Hz
[    0.004720] Console: colour dummy device 80x30
[    0.004759] Calibrating delay loop (skipped), value calculated using timer frequency.. 1000.00 BogoMIPS (lpj=2500000)
[    0.004775] pid_max: default: 32768 minimum: 301
[    0.004895] Mount-cache hash table entries: 2048 (order: 1, 8192 bytes)
[    0.004906] Mountpoint-cache hash table entries: 2048 (order: 1, 8192 bytes)
[    0.005742] CPU: Testing write buffer coherency: ok
[    0.006110] CPU0: thread -1, cpu 0, socket 0, mpidr 80000000
[    0.006176] Setting up static identity map for 0x80300000 - 0x80300098
[    0.010621] Brought up 1 CPUs
[    0.010639] SMP: Total of 1 processors activated (1000.00 BogoMIPS).
[    0.010647] CPU: All CPU(s) started in SVC mode.
[    0.011470] devtmpfs: initialized
[    0.021280] VFP support v0.3: implementor 41 architecture 3 part 30 variant 9 rev 4
[    0.022006] clocksource: jiffies: mask: 0xffffffff max_cycles: 0xffffffff, max_idle_ns: 9556302231375000 ns
[    0.025933] pinctrl core: initialized pinctrl subsystem
[    0.028405] NET: Registered protocol family 16
[    0.030457] DMA: preallocated 256 KiB pool for atomic coherent allocations
[    0.101440] cpuidle: using governor menu
[    0.109202] OMAP GPIO hardware version 0.1
[    0.110976] omap_gpio 481ac000.gpio: could not find pctldev for node /ocp/l4_wkup@44c00000/scm@210000/pinmux@800/display_mux_pins, deferring probe
[    0.115244] platform 53701000.des: Cannot lookup hwmod 'des'
[    0.115570] platform 48310000.rng: Cannot lookup hwmod 'rng'
[    0.116451] omap-gpmc 50000000.gpmc: could not find pctldev for node /ocp/l4_wkup@44c00000/scm@210000/pinmux@800/nand_flash_x8, deferring probe
[    0.120464] No ATAGs?
[    0.120495] hw-breakpoint: found 5 (+1 reserved) breakpoint and 1 watchpoint registers.
[    0.120505] hw-breakpoint: maximum watchpoint size is 4 bytes.
[    0.121218] omap4_sram_init:Unable to allocate sram needed to handle errata I688
[    0.121229] omap4_sram_init:Unable to get sram pool needed to handle errata I688
[    0.124998] Serial: AMBA PL011 UART driver
[    0.141506] edma 49000000.edma: TI EDMA DMA engine driver
[    0.145320] vgaarb: loaded
[    0.146238] SCSI subsystem initialized
[    0.146809] usbcore: registered new interface driver usbfs
[    0.146864] usbcore: registered new interface driver hub
[    0.146916] usbcore: registered new device driver usb
[    0.147580] omap_i2c 44e0b000.i2c: could not find pctldev for node /ocp/l4_wkup@44c00000/scm@210000/pinmux@800/pinmux_i2c0_pins, deferring probe
[    0.147629] omap_i2c 4819c000.i2c: could not find pctldev for node /ocp/l4_wkup@44c00000/scm@210000/pinmux@800/pinmux_i2c2_pins, deferring probe
[    0.148326] pps_core: LinuxPPS API ver. 1 registered
[    0.148334] pps_core: Software ver. 5.3.6 - Copyright 2005-2007 Rodolfo Giometti <giometti@linux.it>
[    0.148355] PTP clock support registered
[    0.148519] EDAC MC: Ver: 3.0.0
[    0.151235] clocksource: Switched to clocksource arm_global_timer
[    0.159921] NET: Registered protocol family 2
[    0.160559] TCP established hash table entries: 8192 (order: 3, 32768 bytes)
[    0.160638] TCP bind hash table entries: 8192 (order: 4, 65536 bytes)
[    0.160744] TCP: Hash tables configured (established 8192 bind 8192)
[    0.160887] UDP hash table entries: 512 (order: 2, 16384 bytes)
[    0.160941] UDP-Lite hash table entries: 512 (order: 2, 16384 bytes)
[    0.161150] NET: Registered protocol family 1
[    0.161689] RPC: Registered named UNIX socket transport module.
[    0.161704] RPC: Registered udp transport module.
[    0.161709] RPC: Registered tcp transport module.
[    0.161714] RPC: Registered tcp NFSv4.1 backchannel transport module.
[    0.164197] futex hash table entries: 256 (order: 2, 16384 bytes)
[    0.164890] workingset: timestamp_bits=30 max_order=18 bucket_order=0
[    0.172933] squashfs: version 4.0 (2009/01/31) Phillip Lougher
[    0.173774] NFS: Registering the id_resolver key type
[    0.173828] Key type id_resolver registered
[    0.173836] Key type id_legacy registered
[    0.173880] ntfs: driver 2.1.32 [Flags: R/O].
[    0.175230] bounce: pool size: 64 pages
[    0.175453] Block layer SCSI generic (bsg) driver version 0.4 loaded (major 248)
[    0.175465] io scheduler noop registered
[    0.175471] io scheduler deadline registered
[    0.175625] io scheduler cfq registered (default)
[    0.181290] libphy: mdio_driver_register: phy-bcm-ns2-pci
[    0.182536] pinctrl-single 44e10800.pinmux: 199 pins at pa f9e10800 size 796
[    0.189658] backlight supply power not found, using dummy regulator
[    0.240504] Serial: 8250/16550 driver, 4 ports, IRQ sharing disabled
[    0.243462] SuperH (H)SCI(F) driver initialized
[    0.244360] msm_serial: driver initialized
[    0.244581] omap_uart 44e09000.serial: no wakeirq for uart0
[    0.244601] omap_uart 44e09000.serial: No clock speed specified: using default: 48000000
[    0.244739] 44e09000.serial: ttyO0 at MMIO 0x44e09000 (irq = 29, base_baud = 3000000) is a OMAP UART0
[    1.034249] console [ttyO0] enabled
[    1.038403] STMicroelectronics ASC driver initialized
[    1.045482] omap_rng 48310000.rng: _od_fail_runtime_resume: FIXME: missing hwmod/omap_dev info
[    1.054690] ------------[ cut here ]------------
[    1.059540] WARNING: CPU: 0 PID: 1 at drivers/bus/omap_l3_noc.c:147 l3_interrupt_handler+0x23c/0x340
[    1.069106] 44000000.ocp:L3 Custom Error: MASTER M2 (64-bit) TARGET L4_PER_0 (Idle): Data Access in Supervisor mode during Functional access
[    1.082309] Modules linked in:
[    1.085518] CPU: 0 PID: 1 Comm: swapper/0 Not tainted 4.7.0-rc4-next-20160623-00002-gf4b2d80a12d6 #1
[    1.095070] Hardware name: Generic AM43 (Flattened Device Tree)
[    1.101297] [<c0310440>] (unwind_backtrace) from [<c030bb20>] (show_stack+0x10/0x14)
[    1.109407] [<c030bb20>] (show_stack) from [<c0594f5c>] (dump_stack+0x98/0xac)
[    1.116980] [<c0594f5c>] (dump_stack) from [<c0342bf0>] (__warn+0xe8/0x100)
[    1.124284] [<c0342bf0>] (__warn) from [<c0342c40>] (warn_slowpath_fmt+0x38/0x48)
[    1.132132] [<c0342c40>] (warn_slowpath_fmt) from [<c05c664c>] (l3_interrupt_handler+0x23c/0x340)
[    1.141449] [<c05c664c>] (l3_interrupt_handler) from [<c0386a40>] (__handle_irq_event_percpu+0x88/0x118)
[    1.151386] [<c0386a40>] (__handle_irq_event_percpu) from [<c0386aec>] (handle_irq_event_percpu+0x1c/0x58)
[    1.161499] [<c0386aec>] (handle_irq_event_percpu) from [<c0386b6c>] (handle_irq_event+0x44/0x68)
[    1.170798] [<c0386b6c>] (handle_irq_event) from [<c0389ef8>] (handle_fasteoi_irq+0xb4/0x194)
[    1.179736] [<c0389ef8>] (handle_fasteoi_irq) from [<c03860ac>] (generic_handle_irq+0x24/0x34)
[    1.188755] [<c03860ac>] (generic_handle_irq) from [<c038635c>] (__handle_domain_irq+0x5c/0xb4)
[    1.197862] [<c038635c>] (__handle_domain_irq) from [<c0301764>] (gic_handle_irq+0x54/0x98)
[    1.206612] [<c0301764>] (gic_handle_irq) from [<c030c654>] (__irq_svc+0x54/0x70)
[    1.214441] Exception stack(0xee85fde0 to 0xee85fe28)
[    1.219738] fde0: c13a3d84 0000000c 00000002 c0705fc4 ee91be10 00000000 eec0ded0 c13a3ed0
[    1.228300] fe00: c1450c3c 00000000 00000000 00000000 00000000 ee85fe30 c0705ab8 c0b92d00
[    1.236856] fe20: a0000053 ffffffff
[    1.240521] [<c030c654>] (__irq_svc) from [<c0b92d00>] (mutex_lock+0x0/0x4c)
[    1.247906] [<c0b92d00>] (mutex_lock) from [<00000000>] (  (null))
[    1.254408] ---[ end trace b2afe40b5fec8043 ]---
[    1.259305] ------------[ cut here ]------------
[    1.264148] WARNING: CPU: 0 PID: 1 at drivers/bus/omap_l3_noc.c:147 l3_interrupt_handler+0x23c/0x340
[    1.273720] 44000000.ocp:L3 Custom Error: MASTER M2 (64-bit) TARGET L4_PER_0 (Read): Data Access in User mode during Functional access
[    1.286384] Modules linked in:
[    1.289589] CPU: 0 PID: 1 Comm: swapper/0 Tainted: G        W       4.7.0-rc4-next-20160623-00002-gf4b2d80a12d6 #1
[    1.300440] Hardware name: Generic AM43 (Flattened Device Tree)
[    1.306648] [<c0310440>] (unwind_backtrace) from [<c030bb20>] (show_stack+0x10/0x14)
[    1.314767] [<c030bb20>] (show_stack) from [<c0594f5c>] (dump_stack+0x98/0xac)
[    1.322341] [<c0594f5c>] (dump_stack) from [<c0342bf0>] (__warn+0xe8/0x100)
[    1.329636] [<c0342bf0>] (__warn) from [<c0342c40>] (warn_slowpath_fmt+0x38/0x48)
[    1.337480] [<c0342c40>] (warn_slowpath_fmt) from [<c05c664c>] (l3_interrupt_handler+0x23c/0x340)
[    1.346779] [<c05c664c>] (l3_interrupt_handler) from [<c0386a40>] (__handle_irq_event_percpu+0x88/0x118)
[    1.356717] [<c0386a40>] (__handle_irq_event_percpu) from [<c0386aec>] (handle_irq_event_percpu+0x1c/0x58)
[    1.366829] [<c0386aec>] (handle_irq_event_percpu) from [<c0386b6c>] (handle_irq_event+0x44/0x68)
[    1.376131] [<c0386b6c>] (handle_irq_event) from [<c0389ef8>] (handle_fasteoi_irq+0xb4/0x194)
[    1.385069] [<c0389ef8>] (handle_fasteoi_irq) from [<c03860ac>] (generic_handle_irq+0x24/0x34)
[    1.394088] [<c03860ac>] (generic_handle_irq) from [<c038635c>] (__handle_domain_irq+0x5c/0xb4)
[    1.403209] [<c038635c>] (__handle_domain_irq) from [<c0301764>] (gic_handle_irq+0x54/0x98)
[    1.411955] [<c0301764>] (gic_handle_irq) from [<c030c654>] (__irq_svc+0x54/0x70)
[    1.419800] Exception stack(0xee85fdc0 to 0xee85fe08)
[    1.425093] fdc0: c0d08b5c 00000000 fa310014 fa310000 c13a3ed0 c13a3d9c c13a3efc c13a3ed0
[    1.433664] fde0: c1450c3c c13a3d84 00000000 00000000 fa310024 ee85fe14 00220021 c0706120
[    1.442231] fe00: 40000053 ffffffff
[    1.445890] [<c030c654>] (__irq_svc) from [<c0706120>] (omap4_rng_init+0x40/0x84)
[    1.453734] [<c0706120>] (omap4_rng_init) from [<c07058a8>] (set_current_rng+0x64/0x16c)
[    1.462211] [<c07058a8>] (set_current_rng) from [<c0705c1c>] (hwrng_register+0x198/0x1c0)
[    1.470785] [<c0705c1c>] (hwrng_register) from [<c0706414>] (omap_rng_probe+0x178/0x234)
[    1.479278] [<c0706414>] (omap_rng_probe) from [<c0795f80>] (platform_drv_probe+0x4c/0xb0)
[    1.487965] [<c0795f80>] (platform_drv_probe) from [<c07946a8>] (driver_probe_device+0x214/0x2c0)
[    1.497269] [<c07946a8>] (driver_probe_device) from [<c0794800>] (__driver_attach+0xac/0xb0)
[    1.506109] [<c0794800>] (__driver_attach) from [<c0792a1c>] (bus_for_each_dev+0x68/0x9c)
[    1.514670] [<c0792a1c>] (bus_for_each_dev) from [<c0793c9c>] (bus_add_driver+0x1a0/0x218)
[    1.523329] [<c0793c9c>] (bus_add_driver) from [<c0795038>] (driver_register+0x78/0xf8)
[    1.531714] [<c0795038>] (driver_register) from [<c0301e80>] (do_one_initcall+0x40/0x174)
[    1.540287] [<c0301e80>] (do_one_initcall) from [<c1100db8>] (kernel_init_freeable+0x15c/0x1fc)
[    1.549430] [<c1100db8>] (kernel_init_freeable) from [<c0b8f978>] (kernel_init+0x8/0x114)
[    1.558008] [<c0b8f978>] (kernel_init) from [<c0307eb8>] (ret_from_fork+0x14/0x3c)
[    1.565938] ---[ end trace b2afe40b5fec8044 ]---
[    1.570838] Unhandled fault: imprecise external abort (0x1406) at 0x00000000
[    1.578242] pgd = c0204000
[    1.581074] [00000000] *pgd=00000000
[    1.584824] Internal error: : 1406 [#1] SMP ARM
[    1.589569] Modules linked in:
[    1.592770] CPU: 0 PID: 1 Comm: swapper/0 Tainted: G        W       4.7.0-rc4-next-20160623-00002-gf4b2d80a12d6 #1
[    1.603622] Hardware name: Generic AM43 (Flattened Device Tree)
[    1.609829] task: ee864000 ti: ee85e000 task.ti: ee85e000
[    1.615491] PC is at omap4_rng_init+0x40/0x84
[    1.620050] LR is at 0x220021
[    1.623158] pc : [<c0706120>]    lr : [<00220021>]    psr: 40000053
[    1.623158] sp : ee85fe14  ip : fa310024  fp : 00000000
[    1.635183] r10: 00000000  r9 : c13a3d84  r8 : c1450c3c
[    1.640653] r7 : c13a3ed0  r6 : c13a3efc  r5 : c13a3d9c  r4 : c13a3ed0
[    1.647483] r3 : fa310000  r2 : fa310014  r1 : 00000000  r0 : c0d08b5c
[    1.654320] Flags: nZcv  IRQs on  FIQs off  Mode SVC_32  ISA ARM  Segment none
[    1.661887] Control: 10c5387d  Table: 80204059  DAC: 00000051
[    1.667904] Process swapper/0 (pid: 1, stack limit = 0xee85e220)
[    1.674187] Stack: (0xee85fe14 to 0xee860000)
[    1.678746] fe00:                                              c07058a8 00000000 c13a3d9c
[    1.687322] fe20: c13a3efc c13a3ed0 c1450c3c c0705c1c ee91be10 00000000 eec0ded0 ee91be00
[    1.695889] fe40: 00000092 00000000 00000000 c0706414 00000000 ee905e40 eec0ded0 ee91be10
[    1.704449] fe60: ee91be10 ee91be10 c13a3e88 fffffdfb 00000000 c0795f80 ee91be10 c1450eb8
[    1.713009] fe80: c1450ec0 c13a3e88 00000000 c07946a8 ee91be10 c13a3e88 ee91be44 c13a6690
[    1.721575] fea0: c1410000 00000124 00000000 c0794800 00000000 c13a3e88 c0794754 c0792a1c
[    1.730133] fec0: ee83595c ee9134b4 c13a3e88 eec11380 00000000 c0793c9c c0eea3fc c11a6834
[    1.738701] fee0: c13a3e88 c13a3e88 c113d440 c11a6834 c1410000 c0795038 c1210e34 c113d440
[    1.747269] ff00: c11a6834 c0301e80 c0c07754 00000012 00000000 00000000 00000000 c046cffc
[    1.755833] ff20: 00000000 c1335fa0 00000123 c0c1d1c0 c103d530 c035d55c 0000cccd c0fa89b0
[    1.764409] ff40: c103be74 00000000 00000006 00000006 c1335f88 efffe040 c1210e34 00000006
[    1.772977] ff60: c11a6834 c1410000 c1410000 00000124 c11a683c c1100db8 00000006 00000006
[    1.781539] ff80: 00000000 c11005a0 00000000 c0b8f970 00000000 00000000 00000000 00000000
[    1.790107] ffa0: 00000000 c0b8f978 00000000 c0307eb8 00000000 00000000 00000000 00000000
[    1.798675] ffc0: 00000000 00000000 00000000 00000000 00000000 00000000 00000000 00000000
[    1.807248] ffe0: 00000000 00000000 00000000 00000000 00000013 00000000 ffffdfff ffffffff
[    1.815821] [<c0706120>] (omap4_rng_init) from [<c07058a8>] (set_current_rng+0x64/0x16c)
[    1.824289] [<c07058a8>] (set_current_rng) from [<c0705c1c>] (hwrng_register+0x198/0x1c0)
[    1.832847] [<c0705c1c>] (hwrng_register) from [<c0706414>] (omap_rng_probe+0x178/0x234)
[    1.841326] [<c0706414>] (omap_rng_probe) from [<c0795f80>] (platform_drv_probe+0x4c/0xb0)
[    1.849988] [<c0795f80>] (platform_drv_probe) from [<c07946a8>] (driver_probe_device+0x214/0x2c0)
[    1.859288] [<c07946a8>] (driver_probe_device) from [<c0794800>] (__driver_attach+0xac/0xb0)
[    1.868143] [<c0794800>] (__driver_attach) from [<c0792a1c>] (bus_for_each_dev+0x68/0x9c)
[    1.876709] [<c0792a1c>] (bus_for_each_dev) from [<c0793c9c>] (bus_add_driver+0x1a0/0x218)
[    1.885362] [<c0793c9c>] (bus_add_driver) from [<c0795038>] (driver_register+0x78/0xf8)
[    1.893749] [<c0795038>] (driver_register) from [<c0301e80>] (do_one_initcall+0x40/0x174)
[    1.902318] [<c0301e80>] (do_one_initcall) from [<c1100db8>] (kernel_init_freeable+0x15c/0x1fc)
[    1.911430] [<c1100db8>] (kernel_init_freeable) from [<c0b8f978>] (kernel_init+0x8/0x114)
[    1.919996] [<c0b8f978>] (kernel_init) from [<c0307eb8>] (ret_from_fork+0x14/0x3c)
[    1.927916] Code: e083c00c e58ce000 e1d0c1b2 e083c00c (e58c1000) 
[    1.934300] ---[ end trace b2afe40b5fec8045 ]---
[    1.939200] Kernel panic - not syncing: Attempted to kill init! exitcode=0x0000000b
[    1.939200] 
[    1.948767] ---[ end Kernel panic - not syncing: Attempted to kill init! exitcode=0x0000000b
[    1.948767] 
- 07:38:08 [INFO] Boot attempt 1/1 failed
- 07:38:08 [INFO] Collecting kernel traces via sysrq...
- 07:38:18 [INFO] 
- 07:38:28 [INFO] 
- 07:38:38 [INFO] 
- 07:38:38 [INFO] Disconnected serial from am43xx-epos
URL:gtsystest.telogy.design.ti.com/vatf/tidfarm-02/tidfarm-02_vatf@am43xx-epos/tidfarm-0206_23_2016_07_33_57/files/session_iteration_1/test_1
