- 02:27:50 [INFO] Starting target session
- 02:27:52 [INFO] Connected to am43xx-epos via serial 
- 02:27:52 [INFO] Host: #check prompt
- 02:27:55 [ERROR] On command: #check prompt waiting for #check prompt.+?(?-mix:((?-mix:am437x-evm\s+login)|[Pp]assword)) >>> error: execution expired
- 02:27:55 [INFO] Target: 
#check prompt
root@am437x-evm:/test# 
- 02:27:55 [INFO] Host: #check prompt
- 02:27:55 [INFO] Target: 
#check prompt
root@am437x-evm:/test# 
- 02:27:55 [INFO] Host: sync;poweroff
- 02:28:10 [INFO] Target: 
sync;poweroff
Broadcast message from root@am437x-evm (ttyO0) (Thu Mar  6 06:46:23 2014):
The system is going down for system halt NOW!
INIT: Swi
INIT: Sending processes the TERM signal
root@am437x-evm:/test# 
INIT: Sending procesStopping Dropbear SSH server: stopped /usr/sbin/dropbear (pid 629)
dropbear.
Stopping telnet daemon.
Stopping system message bus: hwclock: can't open '/dev/misc/rtc': No such file or directory
Error opening /dev/fb0: No such file or directory
Stopping syslogd/klogd: stopped syslogd (pid 641)
stopped klogd (pid 644)
done
Stopping thttpd.
ALSA: Storing mixer settings...
/usr/sbin/alsactl: save_state:1580: No soundcards found...
Deconfiguring network interfaces... done.
Stopping Lighttpd Web Server: stopped /usr/sbin/lighttpd (pid 657)
lighttpd.
Stopping Matrix GUI applicationstart-stop-daemon: warning: killing process 664: No such process
***************************************************************
***************************************************************
NOTICE: This file system contains the followin GPLv3 packages:
	binutils-symlinks
	binutils
	gdbserver
If you do not wish to distribute GPLv3 components please remove
the above packages prior to distribution.  This can be done using
the opkg remove command.  i.e.:
    opkg remove <package>
Where <package> is the name printed in the list above
NOTE: If the package is a dependency of another package you
      will be notified of the dependent packages.  You should
      use the --force-removal-of-dependent-packages option to
      also remove the dependent packages as well
***************************************************************
***************************************************************
Sending all processes the TERM signal...
Sending all processes the KILL signal...
Unmounting remote filesystems...
Deactivating swap...
Unmounting local filesystems...
[ 1132.489720] EXT4-fs (mmcblk0p2): re-mounted. Opts: data=ordered
[ 1134.644694] reboot: System halted
- 02:28:10 [INFO] Disconnected serial from am43xx-epos
- 02:28:40 [INFO] Connected to am43xx-epos via serial 
- 02:28:40 [INFO] Host: 
- 02:28:41 [INFO] Target: 
SPL: Please implement spl_start_uboot() for your board
SPL: Direct Linux boot not active!
reading u-boot.img
reading u-boot.img
U-Boot 2014.07 (Aug 11 2014 - 20:04:22)
I2C:   ready
DRAM:  1 GiB
MMC:   OMAP SD/MMC: 0, OMAP SD/MMC: 1
Using default environment
Net:   <ethaddr> not set. Validating first E-fuse MAC
cpsw
Hit any key to stop autoboot:  1  0 
U-Boot# 
U-Boot# 
U-Boot# 
U-Boot# 
U-Boot# 
U-Boot# 
U-Boot# 
U-Boot# 
- 02:28:42 [INFO] Host: 
- 02:28:42 [INFO] Target: 
U-Boot# 
U-Boot# 
- 02:28:42 [INFO] Host: version
- 02:28:42 [INFO] Target: 
version
U-Boot 2014.07 (Aug 11 2014 - 20:04:22)
arm-linux-gnueabihf-gcc (crosstool-NG linaro-1.13.1-4.7-2013.03-20130313 - Linaro GCC 2013.03) 4.7.3 20130226 (prerelease)
GNU ld (crosstool-NG linaro-1.13.1-4.7-2013.03-20130313 - Linaro GCC 2013.03) 2.23.1
U-Boot# 
- 02:28:42 [INFO] Host: setenv bootargs 'console=ttyO0,115200n8 earlyprintk rootwait '
- 02:28:42 [INFO] Target: 
setenv bootargs 'console=ttyO0,115200n8 earlyprintk rootwait '
U-Boot# 
- 02:28:42 [INFO] Host: setenv bootcmd  ''
- 02:28:42 [INFO] Target: 
setenv bootcmd  ''
U-Boot# 
- 02:28:42 [INFO] Host: setenv autoload 'no'
- 02:28:42 [INFO] Target: 
setenv autoload 'no'
U-Boot# 
- 02:28:42 [INFO] Host: setenv serverip '192.168.1.254'
- 02:28:42 [INFO] Target: 
setenv serverip '192.168.1.254'
U-Boot# 
- 02:28:42 [INFO] Host: setenv mmcdev ' '
- 02:28:42 [INFO] Target: 
setenv mmcdev ' '
U-Boot# 
- 02:28:42 [INFO] Host: printenv
- 02:28:43 [INFO] Target: 
printenv
arch=arm
autoload=no
baudrate=115200
board=am43xx
board_name=AM43EPOS
board_rev=1.2B
bootargs=console=ttyO0,115200n8 earlyprintk rootwait 
bootcmd=
bootdelay=1
bootdir=/boot
bootenv=uEnv.txt
bootfile=zImage
bootm_size=0x10000000
bootpart=0:2
console=ttyO0,115200n8
cpu=armv7
eth1addr=34:b1:f7:31:4c:2e
ethact=cpsw
ethaddr=34:b1:f7:31:4c:2c
fdt_addr_r=0x88000000
fdtaddr=0x88000000
fdtfile=undefined
findfdt=if test $board_name = AM43EPOS; then setenv fdtfile am43x-epos-evm.dtb; fi; if test $board_name = AM43__GP; then setenv fdtfile am437x-gp-evm.dtb; fi; if test $board_name = AM43__SK; then setenv fdtfile am437x-sk-evm.dtb; fi; if test $fdtfile = undefined; then echo WARNING: Could not determine device tree; fi; 
importbootenv=echo Importing environment from mmc ...; env import -t $loadaddr $filesize
kernel_addr_r=0x82000000
loadaddr=0x82000000
loadbootenv=load ${devtype} ${devnum} ${loadaddr} ${bootenv}
loadfdt=load ${devtype} ${bootpart} ${fdtaddr} ${bootdir}/${fdtfile}
loadimage=load ${devtype} ${bootpart} ${loadaddr} ${bootdir}/${bootfile}
loadramdisk=load ${devtype} ${devnum} ${rdaddr} ramdisk.gz
mmcargs=setenv bootargs console=${console} ${optargs} root=${mmcroot} rootfstype=${mmcrootfstype}
mmcboot=mmc dev ${mmcdev}; setenv devnum ${mmcdev}; setenv devtype mmc; if mmc rescan; then echo SD/MMC found on device ${devnum};if run loadbootenv; then echo Loaded environment from ${bootenv};run importbootenv;fi;if test -n $uenvcmd; then echo Running uenvcmd ...;run uenvcmd;fi;if run loadimage; then run loadfdt; echo Booting from mmc${mmcdev} ...; run mmcargs; bootz ${loadaddr} - ${fdtaddr}; fi;fi;
mmcdev= 
mmcroot=/dev/mmcblk0p2 rw
mmcrootfstype=ext4 rootwait
partitions=uuid_disk=${uuid_gpt_disk};name=rootfs,start=2MiB,size=-,uuid=${uuid_gpt_rootfs}
ramargs=setenv bootargs console=${console} ${optargs} root=${ramroot} rootfstype=${ramrootfstype}
ramdisk_addr_r=0x88080000
ramroot=/dev/ram0 rw
ramrootfstype=ext2
rdaddr=0x88080000
serverip=192.168.1.254
soc=am33xx
stderr=serial
stdin=serial
stdout=serial
usbargs=setenv bootargs console=${console} ${optargs} root=${usbroot} rootfstype=${usbrootfstype}
usbboot=setenv devnum ${usbdev}; setenv devtype usb; usb start ${usbdev}; if usb dev ${usbdev}; then if run loadbootenv; then echo Loaded environment from ${bootenv};run importbootenv;fi;if test -n $uenvcmd; then echo Running uenvcmd ...;run uenvcmd;fi;if run loadimage; then run loadfdt; echo Booting from usb ${usbdev}...; run usbargs;bootz ${loadaddr} - ${fdtaddr}; fi;fi
usbdev=0
usbroot=/dev/sda2 rw
usbrootfstype=ext4 rootwait
vendor=ti
ver=U-Boot 2014.07 (Aug 11 2014 - 20:04:22)
Environment size: 2724/65532 bytes
U-Boot# 
- 02:28:43 [INFO] Host: printenv
- 02:28:43 [INFO] Target: 
printenv
arch=arm
autoload=no
baudrate=115200
board=am43xx
board_name=AM43EPOS
board_rev=1.2B
bootargs=console=ttyO0,115200n8 earlyprintk rootwait 
bootcmd=
bootdelay=1
bootdir=/boot
bootenv=uEnv.txt
bootfile=zImage
bootm_size=0x10000000
bootpart=0:2
console=ttyO0,115200n8
cpu=armv7
eth1addr=34:b1:f7:31:4c:2e
ethact=cpsw
ethaddr=34:b1:f7:31:4c:2c
fdt_addr_r=0x88000000
fdtaddr=0x88000000
fdtfile=undefined
findfdt=if test $board_name = AM43EPOS; then setenv fdtfile am43x-epos-evm.dtb; fi; if test $board_name = AM43__GP; then setenv fdtfile am437x-gp-evm.dtb; fi; if test $board_name = AM43__SK; then setenv fdtfile am437x-sk-evm.dtb; fi; if test $fdtfile = undefined; then echo WARNING: Could not determine device tree; fi; 
importbootenv=echo Importing environment from mmc ...; env import -t $loadaddr $filesize
kernel_addr_r=0x82000000
loadaddr=0x82000000
loadbootenv=load ${devtype} ${devnum} ${loadaddr} ${bootenv}
loadfdt=load ${devtype} ${bootpart} ${fdtaddr} ${bootdir}/${fdtfile}
loadimage=load ${devtype} ${bootpart} ${loadaddr} ${bootdir}/${bootfile}
loadramdisk=load ${devtype} ${devnum} ${rdaddr} ramdisk.gz
mmcargs=setenv bootargs console=${console} ${optargs} root=${mmcroot} rootfstype=${mmcrootfstype}
mmcboot=mmc dev ${mmcdev}; setenv devnum ${mmcdev}; setenv devtype mmc; if mmc rescan; then echo SD/MMC found on device ${devnum};if run loadbootenv; then echo Loaded environment from ${bootenv};run importbootenv;fi;if test -n $uenvcmd; then echo Running uenvcmd ...;run uenvcmd;fi;if run loadimage; then run loadfdt; echo Booting from mmc${mmcdev} ...; run mmcargs; bootz ${loadaddr} - ${fdtaddr}; fi;fi;
mmcdev= 
mmcroot=/dev/mmcblk0p2 rw
mmcrootfstype=ext4 rootwait
partitions=uuid_disk=${uuid_gpt_disk};name=rootfs,start=2MiB,size=-,uuid=${uuid_gpt_rootfs}
ramargs=setenv bootargs console=${console} ${optargs} root=${ramroot} rootfstype=${ramrootfstype}
ramdisk_addr_r=0x88080000
ramroot=/dev/ram0 rw
ramrootfstype=ext2
rdaddr=0x88080000
serverip=192.168.1.254
soc=am33xx
stderr=serial
stdin=serial
stdout=serial
usbargs=setenv bootargs console=${console} ${optargs} root=${usbroot} rootfstype=${usbrootfstype}
usbboot=setenv devnum ${usbdev}; setenv devtype usb; usb start ${usbdev}; if usb dev ${usbdev}; then if run loadbootenv; then echo Loaded environment from ${bootenv};run importbootenv;fi;if test -n $uenvcmd; then echo Running uenvcmd ...;run uenvcmd;fi;if run loadimage; then run loadfdt; echo Booting from usb ${usbdev}...; run usbargs;bootz ${loadaddr} - ${fdtaddr}; fi;fi
usbdev=0
usbroot=/dev/sda2 rw
usbrootfstype=ext4 rootwait
vendor=ti
ver=U-Boot 2014.07 (Aug 11 2014 - 20:04:22)
Environment size: 2724/65532 bytes
U-Boot# 
- 02:28:43 [INFO] Host: setenv bootargs ''${bootargs}' ip=:::::eth0:dhcp '
- 02:28:43 [INFO] Target: 
setenv bootargs ''${bootargs}' ip=:::::eth0:dhcp '
U-Boot# 
- 02:28:43 [INFO] Host: setenv serverip '192.168.1.254'
- 02:28:43 [INFO] Target: 
setenv serverip '192.168.1.254'
U-Boot# 
- 02:28:43 [INFO] Host: setenv ipaddr dhcp
- 02:28:43 [INFO] Target: 
setenv ipaddr dhcp
U-Boot# 
- 02:28:43 [INFO] Host: setenv autoload 'no'
- 02:28:43 [INFO] Target: 
setenv autoload 'no'
U-Boot# 
- 02:28:43 [INFO] Host: dhcp
- 02:28:50 [INFO] Target: 
dhcp
link up on port 0, speed 100, full duplex
BOOTP broadcast 1
BOOTP broadcast 2
DHCP client bound to address 192.168.1.168
U-Boot# 
- 02:28:50 [INFO] Host: setenv serverip '192.168.1.254'
- 02:28:50 [INFO] Target: 
setenv serverip '192.168.1.254'
U-Boot# 
- 02:28:50 [INFO] Host: tftp ${loadaddr} 192.168.1.254:vatf_am43xx-epos/4db9fb05b5ddc4d8a38746064503a1f3
- 02:29:09 [INFO] Target: 
tftp ${loadaddr} 192.168.1.254:vatf_am43xx-epos/4db9fb05b5ddc4d8a38746064503a1f3
link up on port 0, speed 100, full duplex
Using cpsw device
TFTP from server 192.168.1.254; our IP address is 192.168.1.168
Filename 'vatf_am43xx-epos/4db9fb05b5ddc4d8a38746064503a1f3'.
Load address: 0x82000000
Loading: *#################################################################
	 #################################################################
	 #################################################################
	 #################################################################
	 #################################################################
	 #################################################################
	 ####################################
	 302.7 KiB/s
done
Bytes transferred = 6240040 (5f3728 hex)
U-Boot# 
- 02:29:09 [INFO] Host: tftp ${fdt_addr_r} 192.168.1.254:vatf_am43xx-epos/dc93c171da3dced36f68fdb1f994d024
- 02:29:09 [INFO] Target: 
tftp ${fdt_addr_r} 192.168.1.254:vatf_am43xx-epos/dc93c171da3dced36f68fdb1f994d024
link up on port 0, speed 100, full duplex
Using cpsw device
TFTP from server 192.168.1.254; our IP address is 192.168.1.168
Filename 'vatf_am43xx-epos/dc93c171da3dced36f68fdb1f994d024'.
Load address: 0x88000000
Loading: *###
	 247.1 KiB/s
done
Bytes transferred = 39587 (9aa3 hex)
U-Boot# 
- 02:29:09 [INFO] Host: ls mmc 0:1
- 02:29:10 [INFO] Target: 
ls mmc 0:1
   109692   mlo 
   292904   u-boot.img 
       14   .ipaddr 
        0   pointercal 
        4   ws-calibrate.rules 
5 file(s), 0 dir(s)
U-Boot# 
- 02:29:10 [INFO] Host: ls mmc 0:2
- 02:29:10 [INFO] Target: 
ls mmc 0:2
<DIR>       4096 .
<DIR>       4096 ..
<DIR>      16384 lost+found
<DIR>       4096 bin
<DIR>       4096 boot
<DIR>       4096 dev
<DIR>       4096 etc
<DIR>       4096 home
<DIR>       4096 lib
<DIR>       4096 media
<DIR>       4096 mnt
<DIR>       4096 opt
<DIR>       4096 proc
<DIR>       4096 sbin
<DIR>       4096 srv
<DIR>       4096 sys
<SYM>          8 tmp
<DIR>       4096 usr
<DIR>       4096 var
<DIR>       4096 www
<SYM>          8 run
<DIR>       4096 Settings
<DIR>       4096 test
U-Boot# 
- 02:29:10 [INFO] Host: part uuid mmc 0:2
- 02:29:10 [INFO] Target: 
part uuid mmc 0:2
00000000-02
U-Boot# 
- 02:29:10 [INFO] Host: printenv
- 02:29:10 [INFO] Target: 
printenv
arch=arm
autoload=no
baudrate=115200
board=am43xx
board_name=AM43EPOS
board_rev=1.2B
bootargs=console=ttyO0,115200n8 earlyprintk rootwait  ip=:::::eth0:dhcp 
bootcmd=
bootdelay=1
bootdir=/boot
bootenv=uEnv.txt
bootfile=zImage
bootm_size=0x10000000
bootpart=0:2
console=ttyO0,115200n8
cpu=armv7
dnsip=192.0.2.2
dnsip2=192.0.2.3
eth1addr=34:b1:f7:31:4c:2e
ethact=cpsw
ethaddr=34:b1:f7:31:4c:2c
fdt_addr_r=0x88000000
fdtaddr=0x88000000
fdtfile=undefined
fileaddr=88000000
filesize=9aa3
findfdt=if test $board_name = AM43EPOS; then setenv fdtfile am43x-epos-evm.dtb; fi; if test $board_name = AM43__GP; then setenv fdtfile am437x-gp-evm.dtb; fi; if test $board_name = AM43__SK; then setenv fdtfile am437x-sk-evm.dtb; fi; if test $fdtfile = undefined; then echo WARNING: Could not determine device tree; fi; 
gatewayip=192.168.1.254
importbootenv=echo Importing environment from mmc ...; env import -t $loadaddr $filesize
ipaddr=192.168.1.168
kernel_addr_r=0x82000000
loadaddr=0x82000000
loadbootenv=load ${devtype} ${devnum} ${loadaddr} ${bootenv}
loadfdt=load ${devtype} ${bootpart} ${fdtaddr} ${bootdir}/${fdtfile}
loadimage=load ${devtype} ${bootpart} ${loadaddr} ${bootdir}/${bootfile}
loadramdisk=load ${devtype} ${devnum} ${rdaddr} ramdisk.gz
mmcargs=setenv bootargs console=${console} ${optargs} root=${mmcroot} rootfstype=${mmcrootfstype}
mmcboot=mmc dev ${mmcdev}; setenv devnum ${mmcdev}; setenv devtype mmc; if mmc rescan; then echo SD/MMC found on device ${devnum};if run loadbootenv; then echo Loaded environment from ${bootenv};run importbootenv;fi;if test -n $uenvcmd; then echo Running uenvcmd ...;run uenvcmd;fi;if run loadimage; then run loadfdt; echo Booting from mmc${mmcdev} ...; run mmcargs; bootz ${loadaddr} - ${fdtaddr}; fi;fi;
mmcdev= 
mmcroot=/dev/mmcblk0p2 rw
mmcrootfstype=ext4 rootwait
netmask=255.255.255.0
partitions=uuid_disk=${uuid_gpt_disk};name=rootfs,start=2MiB,size=-,uuid=${uuid_gpt_rootfs}
ramargs=setenv bootargs console=${console} ${optargs} root=${ramroot} rootfstype=${ramrootfstype}
ramdisk_addr_r=0x88080000
ramroot=/dev/ram0 rw
ramrootfstype=ext2
rdaddr=0x88080000
serverip=192.168.1.254
soc=am33xx
stderr=serial
stdin=serial
stdout=serial
usbargs=setenv bootargs console=${console} ${optargs} root=${usbroot} rootfstype=${usbrootfstype}
usbboot=setenv devnum ${usbdev}; setenv devtype usb; usb start ${usbdev}; if usb dev ${usbdev}; then if run loadbootenv; then echo Loaded environment from ${bootenv};run importbootenv;fi;if test -n $uenvcmd; then echo Running uenvcmd ...;run uenvcmd;fi;if run loadimage; then run loadfdt; echo Booting from usb ${usbdev}...; run usbargs;bootz ${loadaddr} - ${fdtaddr}; fi;fi
usbdev=0
usbroot=/dev/sda2 rw
usbrootfstype=ext4 rootwait
vendor=ti
ver=U-Boot 2014.07 (Aug 11 2014 - 20:04:22)
Environment size: 2889/65532 bytes
U-Boot# 
- 02:29:10 [INFO] Host: setenv bootargs ''${bootargs}' root=PARTUUID=00000000-02 rw rootfstype=ext4 rootwait '
- 02:29:10 [INFO] Target: 
setenv bootargs ''${bootargs}' root=PARTUUID=00000000-02 rw rootfstype=ext4 rootwait '
U-Boot# 
- 02:29:10 [INFO] Host: printenv
- 02:29:10 [INFO] Target: 
printenv
arch=arm
autoload=no
baudrate=115200
board=am43xx
board_name=AM43EPOS
board_rev=1.2B
bootargs=console=ttyO0,115200n8 earlyprintk rootwait  ip=:::::eth0:dhcp  root=PARTUUID=00000000-02 rw rootfstype=ext4 rootwait 
bootcmd=
bootdelay=1
bootdir=/boot
bootenv=uEnv.txt
bootfile=zImage
bootm_size=0x10000000
bootpart=0:2
console=ttyO0,115200n8
cpu=armv7
dnsip=192.0.2.2
dnsip2=192.0.2.3
eth1addr=34:b1:f7:31:4c:2e
ethact=cpsw
ethaddr=34:b1:f7:31:4c:2c
fdt_addr_r=0x88000000
fdtaddr=0x88000000
fdtfile=undefined
fileaddr=88000000
filesize=9aa3
findfdt=if test $board_name = AM43EPOS; then setenv fdtfile am43x-epos-evm.dtb; fi; if test $board_name = AM43__GP; then setenv fdtfile am437x-gp-evm.dtb; fi; if test $board_name = AM43__SK; then setenv fdtfile am437x-sk-evm.dtb; fi; if test $fdtfile = undefined; then echo WARNING: Could not determine device tree; fi; 
gatewayip=192.168.1.254
importbootenv=echo Importing environment from mmc ...; env import -t $loadaddr $filesize
ipaddr=192.168.1.168
kernel_addr_r=0x82000000
loadaddr=0x82000000
loadbootenv=load ${devtype} ${devnum} ${loadaddr} ${bootenv}
loadfdt=load ${devtype} ${bootpart} ${fdtaddr} ${bootdir}/${fdtfile}
loadimage=load ${devtype} ${bootpart} ${loadaddr} ${bootdir}/${bootfile}
loadramdisk=load ${devtype} ${devnum} ${rdaddr} ramdisk.gz
mmcargs=setenv bootargs console=${console} ${optargs} root=${mmcroot} rootfstype=${mmcrootfstype}
mmcboot=mmc dev ${mmcdev}; setenv devnum ${mmcdev}; setenv devtype mmc; if mmc rescan; then echo SD/MMC found on device ${devnum};if run loadbootenv; then echo Loaded environment from ${bootenv};run importbootenv;fi;if test -n $uenvcmd; then echo Running uenvcmd ...;run uenvcmd;fi;if run loadimage; then run loadfdt; echo Booting from mmc${mmcdev} ...; run mmcargs; bootz ${loadaddr} - ${fdtaddr}; fi;fi;
mmcdev= 
mmcroot=/dev/mmcblk0p2 rw
mmcrootfstype=ext4 rootwait
netmask=255.255.255.0
partitions=uuid_disk=${uuid_gpt_disk};name=rootfs,start=2MiB,size=-,uuid=${uuid_gpt_rootfs}
ramargs=setenv bootargs console=${console} ${optargs} root=${ramroot} rootfstype=${ramrootfstype}
ramdisk_addr_r=0x88080000
ramroot=/dev/ram0 rw
ramrootfstype=ext2
rdaddr=0x88080000
serverip=192.168.1.254
soc=am33xx
stderr=serial
stdin=serial
stdout=serial
usbargs=setenv bootargs console=${console} ${optargs} root=${usbroot} rootfstype=${usbrootfstype}
usbboot=setenv devnum ${usbdev}; setenv devtype usb; usb start ${usbdev}; if usb dev ${usbdev}; then if run loadbootenv; then echo Loaded environment from ${bootenv};run importbootenv;fi;if test -n $uenvcmd; then echo Running uenvcmd ...;run uenvcmd;fi;if run loadimage; then run loadfdt; echo Booting from usb ${usbdev}...; run usbargs;bootz ${loadaddr} - ${fdtaddr}; fi;fi
usbdev=0
usbroot=/dev/sda2 rw
usbrootfstype=ext4 rootwait
vendor=ti
ver=U-Boot 2014.07 (Aug 11 2014 - 20:04:22)
Environment size: 2944/65532 bytes
U-Boot# 
- 02:29:10 [INFO] Host: setenv bootcmd ''${bootcmd}' if iminfo ${loadaddr}; then bootm ${loadaddr} - ${fdt_addr_r}; else bootz ${loadaddr} - ${fdt_addr_r}; bootm ${loadaddr} - ${fdt_addr_r}; fi'
- 02:29:11 [INFO] Target: 
setenv bootcmd ''${bootcmd}' if iminfo ${loadaddr}; then bootm ${loadaddr} - ${fdt_addr_r}; else bootz ${loadaddr} - ${fdt_addr_r}; bootm ${loadaddr} - ${fdt_addr_r}; fi'
U-Boot# 
- 02:29:11 [INFO] Host: bdinfo
- 02:29:11 [INFO] Target: 
bdinfo
arch_number = 0x00000000
boot_params = 0x80000100
DRAM bank   = 0x00000000
-> start    = 0x80000000
-> size     = 0x40000000
eth0name    = cpsw
ethaddr     = 34:b1:f7:31:4c:2c
current eth = cpsw
ip_addr     = 192.168.1.168
baudrate    = 115200 bps
TLB addr    = 0xBFFF0000
relocaddr   = 0xBFF4E000
reloc off   = 0x3F74E000
irq_sp      = 0xBEF3DEE0
sp start    = 0xBEF3DED0
U-Boot# 
- 02:29:11 [INFO] Host: mmc rescan
- 02:29:11 [INFO] Target: 
mmc rescan
U-Boot# 
- 02:29:11 [INFO] Host: fatwrite mmc ${mmcdev}:1 ${loadaddr} ws-calibrate.rules 4
- 02:29:11 [INFO] Target: 
fatwrite mmc ${mmcdev}:1 ${loadaddr} ws-calibrate.rules 4
writing ws-calibrate.rules
4 bytes written
U-Boot# 
- 02:29:11 [INFO] Host: boot
- 02:29:26 [INFO] Target: 
boot
## Checking Image at 82000000 ...
Unknown image format!
Kernel image @ 0x82000000 [ 0x000000 - 0x5f3728 ]
## Flattened Device Tree blob at 88000000
   Booting using the fdt blob at 0x88000000
   Loading Device Tree to 8fff3000, end 8ffffaa2 ... OK
Starting kernel ...
[    0.000000] Booting Linux on physical CPU 0x0
[    0.000000] Linux version 4.1.0-rc8-00002-gb93a9bdf6440 (nmenon@kahuna) (gcc version 4.6.3 (Ubuntu/Linaro 4.6.3-1ubuntu5) ) #1 SMP Mon Jun 22 02:23:30 CDT 2015
[    0.000000] CPU: ARMv7 Processor [412fc09a] revision 10 (ARMv7), cr=10c5387d
[    0.000000] CPU: PIPT / VIPT nonaliasing data cache, VIPT aliasing instruction cache
[    0.000000] Machine model: TI AM43x EPOS EVM
[    0.000000] cma: Reserved 64 MiB at 0xbc000000
[    0.000000] Memory policy: Data cache writeback
[    0.000000] CPU: All CPU(s) started in SVC mode.
[    0.000000] AM437x ES1.1 (sgx neon )
[    0.000000] PERCPU: Embedded 12 pages/cpu @eefc7000 s16960 r8192 d24000 u49152
[    0.000000] Built 1 zonelists in Zone order, mobility grouping on.  Total pages: 260624
[    0.000000] Kernel command line: console=ttyO0,115200n8 earlyprintk rootwait  ip=:::::eth0:dhcp  root=PARTUUID=00000000-02 rw rootfstype=ext4 rootwait 
[    0.000000] PID hash table entries: 4096 (order: 2, 16384 bytes)
[    0.000000] Dentry cache hash table entries: 131072 (order: 7, 524288 bytes)
[    0.000000] Inode-cache hash table entries: 65536 (order: 6, 262144 bytes)
[    0.000000] Memory: 959908K/1048576K available (8026K kernel code, 1025K rwdata, 3612K rodata, 884K init, 318K bss, 23132K reserved, 65536K cma-reserved, 204800K highmem)
[    0.000000] Virtual kernel memory layout:
[    0.000000]     vector  : 0xffff0000 - 0xffff1000   (   4 kB)
[    0.000000]     fixmap  : 0xffc00000 - 0xfff00000   (3072 kB)
[    0.000000]     vmalloc : 0xf0000000 - 0xff000000   ( 240 MB)
[    0.000000]     lowmem  : 0xc0000000 - 0xef800000   ( 760 MB)
[    0.000000]     pkmap   : 0xbfe00000 - 0xc0000000   (   2 MB)
[    0.000000]     modules : 0xbf000000 - 0xbfe00000   (  14 MB)
[    0.000000]       .text : 0xc0208000 - 0xc0d66ad8   (11643 kB)
[    0.000000]       .init : 0xc0d67000 - 0xc0e44000   ( 884 kB)
[    0.000000]       .data : 0xc0e44000 - 0xc0f44760   (1026 kB)
[    0.000000]        .bss : 0xc0f47000 - 0xc0f96a60   ( 319 kB)
[    0.000000] SLUB: HWalign=64, Order=0-3, MinObjects=0, CPUs=1, Nodes=1
[    0.000000] Hierarchical RCU implementation.
[    0.000000] 	Additional per-CPU info printed with stalls.
[    0.000000] 	RCU restricting CPUs from NR_CPUS=16 to nr_cpu_ids=1.
[    0.000000] RCU: Adjusting geometry for rcu_fanout_leaf=16, nr_cpu_ids=1
[    0.000000] NR_IRQS:16 nr_irqs:16 16
[    0.000000] L2C: platform modifies aux control register: 0x0e030000 -> 0x3e430000
[    0.000000] L2C: DT/platform modifies aux control register: 0x0e030000 -> 0x3e430000
[    0.000000] L2C-310 erratum 769419 enabled
[    0.000000] L2C-310 enabling early BRESP for Cortex-A9
[    0.000000] OMAP L2C310: ROM does not support power control setting
[    0.000000] L2C-310 ID prefetch enabled, offset 1 lines
[    0.000000] L2C-310 dynamic clock gating disabled, standby mode disabled
[    0.000000] L2C-310 cache controller enabled, 16 ways, 256 kB
[    0.000000] L2C-310: CACHE_ID 0x410000c9, AUX_CTRL 0x7e430000
[    0.000000] OMAP clockevent source: timer2 at 25000000 Hz
[    0.000012] sched_clock: 32 bits at 25MHz, resolution 40ns, wraps every 85899345900ns
[    0.000027] clocksource timer1: mask: 0xffffffff max_cycles: 0xffffffff, max_idle_ns: 76450417870 ns
[    0.000035] OMAP clocksource: timer1 at 25000000 Hz
[    0.000192] Console: colour dummy device 80x30
[    0.000224] Calibrating delay loop... 1992.29 BogoMIPS (lpj=4980736)
[    0.044372] pid_max: default: 32768 minimum: 301
[    0.044516] Mount-cache hash table entries: 2048 (order: 1, 8192 bytes)
[    0.044528] Mountpoint-cache hash table entries: 2048 (order: 1, 8192 bytes)
[    0.045238] CPU: Testing write buffer coherency: ok
[    0.045576] CPU0: thread -1, cpu 0, socket 0, mpidr 80000000
[    0.045669] Setting up static identity map for 0x80209000 - 0x80209098
[    0.048253] Brought up 1 CPUs
[    0.048271] SMP: Total of 1 processors activated (1992.29 BogoMIPS).
[    0.048280] CPU: All CPU(s) started in SVC mode.
[    0.048873] devtmpfs: initialized
[    0.057157] VFP support v0.3: implementor 41 architecture 3 part 30 variant 9 rev 4
[    0.069378] omap_hwmod: tptc0 using broken dt data from edma
[    0.069552] omap_hwmod: tptc1 using broken dt data from edma
[    0.069653] omap_hwmod: tptc2 using broken dt data from edma
[    0.128170] clocksource jiffies: mask: 0xffffffff max_cycles: 0xffffffff, max_idle_ns: 9556302231375000 ns
[    0.132250] pinctrl core: initialized pinctrl subsystem
[    0.134285] NET: Registered protocol family 16
[    0.136359] DMA: preallocated 256 KiB pool for atomic coherent allocations
[    0.138201] cpuidle: using governor ladder
[    0.138220] cpuidle: using governor menu
[    0.142732] OMAP GPIO hardware version 0.1
[    0.147529] platform 53701000.des: Cannot lookup hwmod 'des'
[    0.148108] omap-gpmc 50000000.gpmc: could not find pctldev for node /ocp/l4_wkup@44c00000/scm@210000/pinmux@800/nand_flash_x8, deferring probe
[    0.152182] No ATAGs?
[    0.152221] hw-breakpoint: found 5 (+1 reserved) breakpoint and 1 watchpoint registers.
[    0.152230] hw-breakpoint: maximum watchpoint size is 4 bytes.
[    0.156413] Serial: AMBA PL011 UART driver
[    0.171144] edma-dma-engine edma-dma-engine.0: TI EDMA DMA engine driver
[    0.174106] vgaarb: loaded
[    0.174907] SCSI subsystem initialized
[    0.175503] usbcore: registered new interface driver usbfs
[    0.175562] usbcore: registered new interface driver hub
[    0.175628] usbcore: registered new device driver usb
[    0.176344] omap_i2c 44e0b000.i2c: could not find pctldev for node /ocp/l4_wkup@44c00000/scm@210000/pinmux@800/pinmux_i2c0_pins, deferring probe
[    0.176391] omap_i2c 4819c000.i2c: could not find pctldev for node /ocp/l4_wkup@44c00000/scm@210000/pinmux@800/pinmux_i2c2_pins, deferring probe
[    0.176937] media: Linux media interface: v0.10
[    0.177013] Linux video capture interface: v2.00
[    0.177065] pps_core: LinuxPPS API ver. 1 registered
[    0.177071] pps_core: Software ver. 5.3.6 - Copyright 2005-2007 Rodolfo Giometti <giometti@linux.it>
[    0.177094] PTP clock support registered
[    0.177293] EDAC MC: Ver: 3.0.0
[    0.178538] Advanced Linux Sound Architecture Driver Initialized.
[    0.179785] Switched to clocksource timer1
[    0.188510] NET: Registered protocol family 2
[    0.189169] TCP established hash table entries: 8192 (order: 3, 32768 bytes)
[    0.189239] TCP bind hash table entries: 8192 (order: 4, 65536 bytes)
[    0.189354] TCP: Hash tables configured (established 8192 bind 8192)
[    0.189495] UDP hash table entries: 512 (order: 2, 16384 bytes)
[    0.189557] UDP-Lite hash table entries: 512 (order: 2, 16384 bytes)
[    0.189869] NET: Registered protocol family 1
[    0.190277] RPC: Registered named UNIX socket transport module.
[    0.190290] RPC: Registered udp transport module.
[    0.190295] RPC: Registered tcp transport module.
[    0.190301] RPC: Registered tcp NFSv4.1 backchannel transport module.
[    0.192544] futex hash table entries: 256 (order: 2, 16384 bytes)
[    0.201510] squashfs: version 4.0 (2009/01/31) Phillip Lougher
[    0.202325] NFS: Registering the id_resolver key type
[    0.202387] Key type id_resolver registered
[    0.202394] Key type id_legacy registered
[    0.202456] ntfs: driver 2.1.32 [Flags: R/O].
[    0.203660] bounce: pool size: 64 pages
[    0.203902] Block layer SCSI generic (bsg) driver version 0.4 loaded (major 248)
[    0.203923] io scheduler noop registered
[    0.203933] io scheduler deadline registered
[    0.204085] io scheduler cfq registered (default)
[    0.209235] pinctrl-single 44e10800.pinmux: 199 pins at pa f9e10800 size 796
[    0.213998] backlight supply power not found, using dummy regulator
[    0.262796] Serial: 8250/16550 driver, 4 ports, IRQ sharing disabled
[    0.265108] SuperH (H)SCI(F) driver initialized
[    0.265729] msm_serial: driver initialized
[    0.266188] omap_uart 44e09000.serial: no wakeirq for uart0
[    0.266206] omap_uart 44e09000.serial: No clock speed specified: using default: 48000000
[    0.266373] 44e09000.serial: ttyO0 at MMIO 0x44e09000 (irq = 23, base_baud = 3000000) is a OMAP UART0
[    1.026596] console [ttyO0] enabled
[    1.030806] STMicroelectronics ASC driver initialized
[    1.037473] [drm] Initialized drm 1.1.0 20060810
[    1.049672] loop: module loaded
[    1.059634] CAN device driver interface
[    1.064674] igb: Intel(R) Gigabit Ethernet Network Driver - version 5.2.15-k
[    1.072141] igb: Copyright (c) 2007-2014 Intel Corporation.
[    1.079589] pegasus: v0.9.3 (2013/04/25), Pegasus/Pegasus II USB Ethernet driver
[    1.087512] usbcore: registered new interface driver pegasus
[    1.093581] usbcore: registered new interface driver asix
[    1.099336] usbcore: registered new interface driver ax88179_178a
[    1.105813] usbcore: registered new interface driver cdc_ether
[    1.112021] usbcore: registered new interface driver smsc75xx
[    1.118148] usbcore: registered new interface driver smsc95xx
[    1.124256] usbcore: registered new interface driver net1080
[    1.130269] usbcore: registered new interface driver cdc_subset
[    1.136550] usbcore: registered new interface driver zaurus
[    1.142515] usbcore: registered new interface driver cdc_ncm
[    1.150138] ehci_hcd: USB 2.0 'Enhanced' Host Controller (EHCI) Driver
[    1.157054] ehci-pci: EHCI PCI platform driver
[    1.161820] ehci-platform: EHCI generic platform driver
[    1.167548] ehci-omap: OMAP-EHCI Host Controller driver
[    1.173218] ehci-orion: EHCI orion driver
[    1.177584] SPEAr-ehci: EHCI SPEAr driver
[    1.181938] ehci-st: EHCI STMicroelectronics driver
[    1.187205] ehci-exynos: EHCI EXYNOS driver
[    1.191747] tegra-ehci: Tegra EHCI driver
[    1.196102] ohci_hcd: USB 1.1 'Open' Host Controller (OHCI) Driver
[    1.202660] ohci-pci: OHCI PCI platform driver
[    1.207434] ohci-platform: OHCI generic platform driver
[    1.213134] ohci-omap3: OHCI OMAP3 driver
[    1.217515] SPEAr-ohci: OHCI SPEAr driver
[    1.221869] ohci-st: OHCI STMicroelectronics driver
[    1.227246] usbcore: registered new interface driver usb-storage
[    1.235009] mousedev: PS/2 mouse device common for all mice
[    1.244129] i2c /dev entries driver
[    1.249504] usbcore: registered new interface driver uvcvideo
[    1.255619] USB Video Class driver (1.1.1)
[    1.259950] gspca_main: v2.14.0 registered
[    1.267494] sdhci: Secure Digital Host Controller Interface driver
[    1.274053] sdhci: Copyright(c) Pierre Ossman
[    1.279646] omap_hsmmc 48060000.mmc: Got CD GPIO
[    1.315810] Synopsys Designware Multimedia Card Interface Driver
[    1.323040] sdhci-pltfm: SDHCI platform and OF driver helper
[    1.330281] ledtrig-cpu: registered to indicate activity on CPUs
[    1.336926] usbcore: registered new interface driver usbhid
[    1.342831] usbhid: USB HID core driver
[    1.350085] usbcore: registered new interface driver snd-usb-audio
[    1.359625] NET: Registered protocol family 17
[    1.364434] can: controller area network core (rev 20120528 abi 9)
[    1.371056] NET: Registered protocol family 29
[    1.375768] can: raw protocol (rev 20120528)
[    1.380282] can: broadcast manager protocol (rev 20120528 t)
[    1.386260] can: netlink gateway (rev 20130117) max_hops=1
[    1.392553] Key type dns_resolver registered
[    1.397321] omap_voltage_late_init: Voltage driver support not added
[    1.404722] cpu cpu0: dev_pm_opp_get_opp_count: device OPP not found (-19)
[    1.412203] ThumbEE CPU extension supported.
[    1.416754] Registering SWP/SWPB emulation handler
[    1.427489] omap-gpmc 50000000.gpmc: GPMC revision 6.0
[    1.435031] at24 0-0050: 32768 byte 24c256 EEPROM, writable, 64 bytes/write
[    1.442627] omap_i2c 44e0b000.i2c: bus 0 rev0.12 at 400 kHz
[    1.450000] omap_i2c 4819c000.i2c: bus 2 rev0.12 at 100 kHz
[    1.456522] backlight supply power not found, using dummy regulator
[    1.519796] davinci_mdio 4a101000.mdio: davinci mdio revision 1.6
[    1.526255] davinci_mdio 4a101000.mdio: detected phy mask fffeffff
[    1.533600] libphy: 4a101000.mdio: probed
[    1.537914] davinci_mdio 4a101000.mdio: phy[16]: device 4a101000.mdio:10, driver unknown
[    1.547771] cpsw 4a100000.ethernet: Detected MACID = 34:b1:f7:31:4c:2c
[    1.556010] hctosys: unable to open rtc device (rtc0)
[    1.565846] net eth0: initializing cpsw version 1.15 (0)
[    1.573562] backlight supply power not found, using dummy regulator
[    1.588261] mmc0: host does not support reading read-only switch, assuming write-enable
[    1.599719] mmc0: new high speed SDHC card at address aaaa
[    1.606043] mmcblk0: mmc0:aaaa SU08G 7.40 GiB 
[    1.612212]  mmcblk0: p1 p2 p3
[    1.616936] backlight supply power not found, using dummy regulator
[    1.635203] net eth0: phy found : id is : 0x20005c90
[    1.640534] libphy: PHY 4a101000.mdio:01 not found
[    1.645596] net eth0: phy 4a101000.mdio:01 not found on slave 1
[    3.635391] cpsw 4a100000.ethernet eth0: Link is Up - 100Mbps/Full - flow control rx/tx
[    3.654798] Sending DHCP requests ., OK
[    4.105268] IP-Config: Got DHCP answer from 192.168.1.254, my address is 192.168.1.168
[    4.113773] IP-Config: Complete:
[    4.117211]      device=eth0, hwaddr=34:b1:f7:31:4c:2c, ipaddr=192.168.1.168, mask=255.255.255.0, gw=192.168.1.254
[    4.128116]      host=192.168.1.168, domain=ti.com, nis-domain=(none)
[    4.134903]      bootserver=192.168.1.254, rootserver=192.168.1.254, rootpath=
[    4.142327]      nameserver0=192.0.2.2, nameserver1=192.0.2.3
[    4.148840] ALSA device list:
[    4.151996]   No soundcards found.
[    4.169146] EXT4-fs (mmcblk0p2): warning: maximal mount count reached, running e2fsck is recommended
[    4.181083] EXT4-fs (mmcblk0p2): mounted filesystem with ordered data mode. Opts: (null)
[    4.189708] VFS: Mounted root (ext4 filesystem) on device 179:2.
[    4.203990] devtmpfs: mounted
[    4.208678] Freeing unused kernel memory: 884K (c0d67000 - c0e44000)
INIT: version 2.88 booting
Error opening /dev/fb0: No such file or directory
Starting udev
[    4.703538] udevd[76]: starting version 182
[    6.863004] FAT-fs (mmcblk0p1): Volume was not properly unmounted. Some data may be corrupt. Please run fsck.
[    6.943297] EXT4-fs (mmcblk0p3): warning: maximal mount count reached, running e2fsck is recommended
[    6.990331] EXT4-fs (mmcblk0p3): mounted filesystem with ordered data mode. Opts: (null)
Starting Bootlog daemon: bootlogd.
[    8.130935] EXT4-fs (mmcblk0p2): re-mounted. Opts: data=ordered
[    8.185151] random: dd urandom read with 57 bits of entropy available
ALSA: Restoring mixer settings...
/usr/sbin/alsactl: load_state:1696: No soundcards found...
Configuring network interfaces... udhcpc (v1.20.2) started
Sending discover...
Sending select for 192.168.1.151...
Lease of 192.168.1.151 obtained, lease time 600
/etc/udhcpc.d/50default: Adding DNS 192.0.2.2
/etc/udhcpc.d/50default: Adding DNS 192.0.2.3
done.
hwclock: can't open '/dev/misc/rtc': No such file or directory
Thu Mar  6 06:46:00 UTC 2014
hwclock: can't open '/dev/misc/rtc': No such file or directory
INIT: Entering runlevel: 5
Starting system message bus: dbus.
Starting Dropbear SSH server: dropbear.
Starting telnet daemon.
hwclock: can't open '/dev/misc/rtc': No such file or directory
Starting syslogd/klogd: done
Starting thttpd.
Starting Lighttpd Web Server: lighttpd.
2014-03-06 06:46:00: (log.c.166) server started 
Starting Matrix GUI application.
[   12.671041] random: nonblocking pool is initialized
***************************************************************
***************************************************************
NOTICE: This file system contains the followin GPLv3 packages:
	binutils-symlinks
	binutils
	gdbserver
If you do not wish to distribute GPLv3 components please remove
the above packages prior to distribution.  This can be done using
the opkg remove command.  i.e.:
    opkg remove <package>
Where <package> is the name printed in the list above
NOTE: If the package is a dependency of another package you
      will be notified of the dependent packages.  You should
      use the --force-removal-of-dependent-packages option to
      also remove the dependent packages as well
***************************************************************
***************************************************************
Stopping Bootlog daemon: bootlogd.
 _____                    _____           _         _   
|  _  |___ ___ ___ ___   |  _  |___ ___  |_|___ ___| |_ 
|     |  _| .'| . | . |  |   __|  _| . | | | -_|  _|  _|
|__|__|_| |__,|_  |___|  |__|  |_| |___|_| |___|___|_|  
              |___|                    |___|            
Arago Project http://arago-project.org am437x-evm ttyO0
Arago 2013.12 am437x-evm ttyO0
am437x-evm login: 
- 02:29:26 [INFO] Host: root
- 02:29:26 [INFO] Target: 
root
root@am437x-evm:~# 
- 02:29:26 [INFO] Host: uname -a
- 02:29:26 [INFO] Target: 
uname -a
Linux am437x-evm 4.1.0-rc8-00002-gb93a9bdf6440 #1 SMP Mon Jun 22 02:23:30 CDT 2015 armv7l GNU/Linux
root@am437x-evm:~# 
- 02:29:26 [INFO] Host: cat /proc/cmdline
- 02:29:26 [INFO] Target: 
cat /proc/cmdline
console=ttyO0,115200n8 earlyprintk rootwait  ip=:::::eth0:dhcp  root=PARTUUID=00000000-02 rw rootfstype=ext4 rootwait 
root@am437x-evm:~# 
- 02:29:26 [INFO] Host: uname -a
- 02:29:26 [INFO] Target: 
uname -a
Linux am437x-evm 4.1.0-rc8-00002-gb93a9bdf6440 #1 SMP Mon Jun 22 02:23:30 CDT 2015 armv7l GNU/Linux
root@am437x-evm:~# 
- 02:29:26 [INFO] Host: cat /proc/mtd
- 02:29:27 [INFO] Target: 
cat /proc/mtd
dev:    size   erasesize  name
root@am437x-evm:~# 
- 02:29:46 [INFO] Host: export IPERFHOST=192.168.1.254
- 02:29:46 [INFO] Target: 
export IPERFHOST=192.168.1.254
root@am437x-evm:~# 
- 02:29:46 [INFO] Host: export NFS_SERVER=192.168.1.254
- 02:29:46 [INFO] Target: 
export NFS_SERVER=192.168.1.254
root@am437x-evm:~# 
- 02:29:46 [INFO] Host: export NFS_ROOT_PATH=/usr/workdir/filesys/linux/am43xx
- 02:29:46 [INFO] Target: 
export NFS_ROOT_PATH=/usr/workdir/filesys/linux/am43xx
root@am437x-evm:~# 
- 02:29:46 [INFO] Host: mkdir -p -m 777 /test
- 02:29:46 [INFO] Target: 
mkdir -p -m 777 /test
root@am437x-evm:~# 
- 02:29:46 [INFO] Host: cd /test
- 02:29:46 [INFO] Target: 
cd /test
root@am437x-evm:/test# 
- 02:29:46 [INFO] Host: cat > test.sh << EOF
- 02:29:47 [INFO] Target: 
cat > test.sh << EOF
- 02:29:47 [INFO] Host: failtest() {
- 02:29:47 [INFO] Target: 
failtest() {
- 02:29:47 [INFO] Host:   echo 1 >&3
- 02:29:47 [INFO] Target: 
  echo 1 >&3
- 02:29:47 [INFO] Host: }
- 02:29:47 [INFO] Target: 
- 02:29:47 [INFO] Host: timeout=600
- 02:29:47 [INFO] Target: 
timeout=600
- 02:29:47 [INFO] Host: 
- 02:29:47 [INFO] Target: 
- 02:29:47 [INFO] Host: # Start of user's script logic
- 02:29:47 [INFO] Target: 
# Start of user's script logic
- 02:29:47 [INFO] Host: mount -t proc proc /proc 2>/dev/null;
- 02:29:47 [INFO] Target: 
mount -t proc proc /proc 2>/dev/null;
- 02:29:47 [INFO] Host: 
- 02:29:47 [INFO] Target: 
- 02:29:47 [INFO] Host: mount -t sysfs sys /sys 2>/dev/null;
- 02:29:48 [INFO] Target: 
mount -t sysfs sys /sys 2>/dev/null;
- 02:29:48 [INFO] Host: 
- 02:29:48 [INFO] Target: 
- 02:29:48 [INFO] Host: mount -t debugfs none /sys/kernel/debug 2>/dev/null;
- 02:29:48 [INFO] Target: 
mount -t debugfs none /sys/kernel/debug 2>/dev/null;
- 02:29:48 [INFO] Host: 
- 02:29:48 [INFO] Target: 
- 02:29:48 [INFO] Host: echo 'cpuinfo:';cat /proc/cpuinfo; echo '=======';
- 02:29:48 [INFO] Target: 
echo 'cpuinfo:';cat /proc/cpuinfo; echo '=======';
- 02:29:48 [INFO] Host: 
- 02:29:48 [INFO] Target: 
- 02:29:48 [INFO] Host: echo 'soc info:';head /sys/devices/soc0/* 2>/dev/null; echo '=======';
- 02:29:48 [INFO] Target: 
echo 'soc info:';head /sys/devices/soc0/* 2>/dev/null; echo '=======';
- 02:29:48 [INFO] Host: 
- 02:29:48 [INFO] Target: 
- 02:29:48 [INFO] Host: echo 'DT Model info'; head /proc/device-tree/name /proc/device-tree/model /proc/device-tree/compatible 2>/dev/null;echo; echo '=======';
- 02:29:48 [INFO] Target: 
echo 'DT Model info'; head /proc/device-tree/name /proc/device-tree/model /pro 
c/device-tree/compatible 2>/dev/null;echo; echo '=======';
- 02:29:48 [INFO] Host: 
- 02:29:48 [INFO] Target: 
- 02:29:48 [INFO] Host: echo 'interrupts:';cat /proc/interrupts; echo '=======';
- 02:29:49 [INFO] Target: 
echo 'interrupts:';cat /proc/interrupts; echo '=======';
- 02:29:49 [INFO] Host: 
- 02:29:49 [INFO] Target: 
- 02:29:49 [INFO] Host: echo 'Clk_summary:';cat /sys/kernel/debug/clk/clk_summary; echo '=======';
- 02:29:49 [INFO] Target: 
echo 'Clk_summary:';cat /sys/kernel/debug/clk/clk_summary; echo '=======';
- 02:29:49 [INFO] Host: 
- 02:29:49 [INFO] Target: 
- 02:29:49 [INFO] Host: echo "Available frequencies"; cat /sys/devices/system/cpu/cpu0/cpufreq/scaling_available_frequencies 2>/dev/null;echo '=======';
- 02:29:49 [INFO] Target: 
echo "Available frequencies"; cat /sys/devices/system/cpu/cpu0/cpufreq/scaling 
_available_frequencies 2>/dev/null;echo '=======';
- 02:29:49 [INFO] Host: 
- 02:29:49 [INFO] Target: 
- 02:29:49 [INFO] Host: TMPF=/tmp/a.\$\$; TMPF2=/tmp/b.\$\$; STR=""
- 02:29:49 [INFO] Target: 
TMPF=/tmp/a.\$\$; TMPF2=/tmp/b.\$\$; STR=""
- 02:29:49 [INFO] Host: 
- 02:29:49 [INFO] Target: 
- 02:29:49 [INFO] Host: cp /dev/kmsg \$TMPF &
- 02:29:49 [INFO] Target: 
cp /dev/kmsg \$TMPF &
- 02:29:49 [INFO] Host: 
- 02:29:49 [INFO] Target: 
- 02:29:49 [INFO] Host: PID=\$! ; sleep 5; kill -9 \$PID
- 02:29:50 [INFO] Target: 
PID=\$! ; sleep 5; kill -9 \$PID
- 02:29:50 [INFO] Host: 
- 02:29:50 [INFO] Target: 
- 02:29:50 [INFO] Host: 
- 02:29:50 [INFO] Target: 
- 02:29:50 [INFO] Host: 
- 02:29:50 [INFO] Target: 
- 02:29:50 [INFO] Host: cat \$TMPF|grep "^0">\$TMPF2; N=\`cat \$TMPF2|wc -l\`; if [ "\$N" -ne 0 ]; then STR="\$STR emerg=\$N";echo "===== EMERGE++";cat \$TMPF2|cut -d ';' -f2;echo "====="; fi
- 02:29:50 [INFO] Target: 
cat \$TMPF|grep "^0">\$TMPF2; N=\`cat \$TMPF2|wc -l\`; if [ "\$N" -ne 0 ]; the 
n STR="\$STR emerg=\$N";echo "===== EMERGE++";cat \$TMPF2|cut -d ';' -f2;echo "= 
===="; fi
- 02:29:50 [INFO] Host: 
- 02:29:50 [INFO] Target: 
- 02:29:50 [INFO] Host: cat \$TMPF|grep "^1">\$TMPF2; N=\`cat \$TMPF2|wc -l\`; if [ "\$N" -ne 0 ]; then STR="\$STR alert=\$N";echo "===== ALERT ==";cat \$TMPF2|cut -d ';' -f2;echo "====="; fi
- 02:29:50 [INFO] Target: 
cat \$TMPF|grep "^1">\$TMPF2; N=\`cat \$TMPF2|wc -l\`; if [ "\$N" -ne 0 ]; the 
n STR="\$STR alert=\$N";echo "===== ALERT ==";cat \$TMPF2|cut -d ';' -f2;echo "= 
===="; fi
- 02:29:50 [INFO] Host: 
- 02:29:50 [INFO] Target: 
- 02:29:50 [INFO] Host: cat \$TMPF|grep "^2">\$TMPF2; N=\`cat \$TMPF2|wc -l\`; if [ "\$N" -ne 0 ]; then STR="\$STR crit=\$N";echo "===== CRIT ==";cat \$TMPF2|cut -d ';' -f2;echo "====="; fi
- 02:29:50 [INFO] Target: 
cat \$TMPF|grep "^2">\$TMPF2; N=\`cat \$TMPF2|wc -l\`; if [ "\$N" -ne 0 ]; the 
n STR="\$STR crit=\$N";echo "===== CRIT ==";cat \$TMPF2|cut -d ';' -f2;echo "=== 
=="; fi
- 02:29:50 [INFO] Host: 
- 02:29:50 [INFO] Target: 
- 02:29:50 [INFO] Host: cat \$TMPF|grep "^3">\$TMPF2; N=\`cat \$TMPF2|wc -l\`; if [ "\$N" -ne 0 ]; then STR="\$STR err=\$N";echo "===== ERR ==";cat \$TMPF2|cut -d ';' -f2;echo "=====" ;fi
- 02:29:51 [INFO] Target: 
cat \$TMPF|grep "^3">\$TMPF2; N=\`cat \$TMPF2|wc -l\`; if [ "\$N" -ne 0 ]; the 
n STR="\$STR err=\$N";echo "===== ERR ==";cat \$TMPF2|cut -d ';' -f2;echo "===== 
" ;fi
- 02:29:51 [INFO] Host: 
- 02:29:51 [INFO] Target: 
- 02:29:51 [INFO] Host: cat \$TMPF|grep "^4">\$TMPF2; N=\`cat \$TMPF2|wc -l\`; if [ "\$N" -ne 0 ]; then STR="\$STR warn=\$N";echo "===== WARN ==";cat \$TMPF2|cut -d ';' -f2;echo "=====" ;fi
- 02:29:51 [INFO] Target: 
cat \$TMPF|grep "^4">\$TMPF2; N=\`cat \$TMPF2|wc -l\`; if [ "\$N" -ne 0 ]; the 
n STR="\$STR warn=\$N";echo "===== WARN ==";cat \$TMPF2|cut -d ';' -f2;echo "=== 
==" ;fi
- 02:29:51 [INFO] Host: 
- 02:29:51 [INFO] Target: 
- 02:29:51 [INFO] Host: rm \$TMPF \$TMPF2; echo "SUM""MARY RESULT: BOOT:" 'PASS: H''ello World' 'B''oard' "Booted" "Boot Log has::::\$STR:"
- 02:29:51 [INFO] Target: 
rm \$TMPF \$TMPF2; echo "SUM""MARY RESULT: BOOT:" 'PASS: H''ello World' 'B''oa 
rd' "Booted" "Boot Log has::::\$STR:"
- 02:29:51 [INFO] Host: 
- 02:29:51 [INFO] Target: 
- 02:29:51 [INFO] Host: EOF
- 02:29:51 [INFO] Target: 
root@am437x-evm:/test# 
- 02:29:51 [INFO] Host: cd /test
- 02:29:51 [INFO] Target: 
cd /test
root@am437x-evm:/test# 
- 02:29:51 [INFO] Host: chmod +x test.sh
- 02:29:51 [INFO] Target: 
chmod +x test.sh
root@am437x-evm:/test# 
- 02:29:51 [INFO] Host: ./test.sh 2> stderr.log > stdout.log 3> result.log
- 02:29:57 [INFO] Target: 
./test.sh 2> stderr.log > stdout.log 3> result.log
root@am437x-evm:/test# 
- 02:29:57 [INFO] Host: echo $?
- 02:29:57 [INFO] Target: 
echo $?
root@am437x-evm:/test# 
- 02:29:57 [INFO] Host: cd /test
- 02:29:57 [INFO] Target: 
cd /test
root@am437x-evm:/test# 
- 02:29:57 [INFO] Host: cat stdout.log
- 02:29:58 [INFO] Target: 
cat stdout.log
cpuinfo:
processor	: 0
model name	: ARMv7 Processor rev 10 (v7l)
BogoMIPS	: 1992.29
Features	: half thumb fastmult vfp edsp thumbee neon vfpv3 tls vfpd32 
CPU implementer	: 0x41
CPU architecture: 7
CPU variant	: 0x2
CPU part	: 0xc09
CPU revision	: 10
Hardware	: Generic AM43 (Flattened Device Tree)
Revision	: 0000
Serial		: 0000000000000000
=======
soc info:
==> /sys/devices/soc0/family <==
AM43xx
==> /sys/devices/soc0/machine <==
AM437x
==> /sys/devices/soc0/power <==
==> /sys/devices/soc0/revision <==
ES1.1
==> /sys/devices/soc0/subsystem <==
==> /sys/devices/soc0/type <==
==> /sys/devices/soc0/uevent <==
=======
DT Model info
==> /proc/device-tree/name <==
==> /proc/device-tree/model <==
TI AM43x EPOS EVM
==> /proc/device-tree/compatible <==
ti,am43x-epos-evmti,am4372ti,am43
=======
interrupts:
           CPU0       
 16:       3266     WUGEN  68 Edge      gp_timer
 18:          0     WUGEN   9 Edge      l3-dbg-irq
 19:          0     WUGEN  10 Edge      l3-app-irq
 20:       1938     WUGEN  12 Edge      edma
 22:          7     WUGEN  14 Edge      edma_error
 23:       6651     WUGEN  72 Edge      OMAP UART0
 33:          0  44e07000.gpio   6 Edge      48060000.mmc cd
158:          0     WUGEN  70 Edge      44e0b000.i2c
159:          0     WUGEN  30 Edge      4819c000.i2c
161:       5827     WUGEN  64 Edge      mmc0
164:         69     WUGEN  41 Edge      4a100000.ethernet
165:         14     WUGEN  42 Edge      4a100000.ethernet
172:          0     WUGEN 100 Edge      gpmc
IPI0:          0  CPU wakeup interrupts
IPI1:          0  Timer broadcast interrupts
IPI2:          0  Rescheduling interrupts
IPI3:          0  Function call interrupts
IPI4:          0  Single function call interrupts
IPI5:          0  CPU stop interrupts
IPI6:          0  IRQ work interrupts
IPI7:          0  completion interrupts
Err:          0
=======
Clk_summary:
   clock                         enable_cnt  prepare_cnt        rate   accuracy   phase
----------------------------------------------------------------------------------------
 clk_32k_mosc_ck                          0            0       32768          0 0  
 clk_32k_tpm_ck                           0            0       32768          0 0  
 tclkin_ck                                0            0    26000000          0 0  
 virt_26000000_ck                         0            0    26000000          0 0  
 virt_25000000_ck                         1            1    25000000          0 0  
    sysboot_freq_sel_ck                   1            1    25000000          0 0  
       sys_clkin_ck                      20           38    25000000          0 0  
          vtp_clk_div                     0            0    12500000          0 0  
          dll_aging_clk_div               0            0     3125000          0 0  
          timer11_fck                     0            1    25000000          0 0  
          timer10_fck                     0            1    25000000          0 0  
          timer9_fck                      0            1    25000000          0 0  
          timer8_fck                      0            1    25000000          0 0  
          dpll_extdev_ck                  0            0    25000000          0 0  
             dpll_extdev_m2_ck            0            0    25000000          0 0  
          timer7_fck                      0            1    25000000          0 0  
          timer6_fck                      0            1    25000000          0 0  
          timer5_fck                      0            1    25000000          0 0  
          timer4_fck                      0            1    25000000          0 0  
          timer3_fck                      0            1    25000000          0 0  
          timer2_fck                      1            1    25000000          0 0  
          timer1_fck                      1            1    25000000          0 0  
          dpll_per_ck                     1            2   960000000          0 0  
             dpll_per_clkdcoldo           0            2   960000000          0 0  
                usb_otg_ss1_refclk960m           0            1   960000000          0 0  
                usb_otg_ss0_refclk960m           0            1   960000000          0 0  
             dpll_per_m2_ck               1            4   192000000          0 0  
                func_12m_clk              0            0    12000000          0 0  
                mmc_clk                   0            3    96000000          0 0  
                clk_24mhz                 0            1    24000000          0 0  
                   clkdiv32k_ck           0            1       32786          0 0  
                      clkdiv32k_ick           0            5       32786          0 0  
                         gpio5_dbclk           0            1       32786          0 0  
                         gpio4_dbclk           0            1       32786          0 0  
                         gpio3_dbclk           0            1       32786          0 0  
                         gpio2_dbclk           0            1       32786          0 0  
                         gpio1_dbclk           0            1       32786          0 0  
                dpll_per_m2_div4_ck           0           12    48000000          0 0  
                dpll_per_m2_div4_wkupdm_ck           1            2    48000000          0 0  
          dpll_disp_ck                    0            1    25000000          0 0  
             dpll_disp_m2_ck              0            1    25000000          0 0  
                disp_clk                  0            3    25000000          0 0  
          dpll_ddr_ck                     0            0   266000000          0 0  
             dpll_ddr_x2_ck               0            0   532000000          0 0  
                dpll_ddr_m4_ck            0            0   532000000          0 0  
             dpll_ddr_m2_ck               0            0   266000000          0 0  
          dpll_mpu_ck                     1            1  1000000000          0 0  
             dpll_mpu_m2_ck               3            3  1000000000          0 0  
          dpll_core_ck                    1            1  1000000000          0 0  
             dpll_core_x2_ck              2            2  2000000000          0 0  
                dpll_core_m6_ck           0            0   500000000          0 0  
                dpll_core_m5_ck           1            1   250000000          0 0  
                   cpsw_cpts_rft_clk           0            0   250000000          0 0  
                   cpsw_50m_clkdiv           0            0   250000000          0 0  
                      cpsw_5m_clkdiv           0            0    25000000          0 0  
                   cpsw_125mhz_gclk           3            3   125000000          0 0  
                dpll_core_m4_ck           6            6   200000000          0 0  
                   l4hs_gclk              1            1   200000000          0 0  
                   l3_gclk               15           16   200000000          0 0  
                   sysclk_div             1            3   200000000          0 0  
                      div_core_25m_ck           0            0    25000000          0 0  
                      gfx_fclk_clksel_ck           0            1   200000000          0 0  
                         gfx_fck_div_ck           0            1   200000000          0 0  
                      dpll_core_m4_div2_ck           3            3   100000000          0 0  
                         l4ls_gclk          63           91   100000000          0 0  
                            ehrpwm5_tbclk           0            0   100000000          0 0  
                            ehrpwm4_tbclk           0            0   100000000          0 0  
                            ehrpwm3_tbclk           0            0   100000000          0 0  
                            ehrpwm2_tbclk           0            0   100000000          0 0  
                            ehrpwm1_tbclk           0            0   100000000          0 0  
                            ehrpwm0_tbclk           0            0   100000000          0 0  
                         l3s_gclk          12           15   100000000          0 0  
                      pruss_ocp_gclk           0            1   200000000          0 0  
          aes0_fck                        1            2    25000000          0 0  
          sha0_fck                        1            1    25000000          0 0  
          smartreflex1_fck                0            1    25000000          0 0  
          smartreflex0_fck                0            1    25000000          0 0  
          mcasp1_fck                      0            1    25000000          0 0  
          mcasp0_fck                      0            1    25000000          0 0  
          dcan1_fck                       0            1    25000000          0 0  
          dcan0_fck                       0            1    25000000          0 0  
          adc_tsc_fck                     0            1    25000000          0 0  
 virt_24000000_ck                         0            0    24000000          0 0  
 virt_19200000_ck                         0            0    19200000          0 0  
    crystal_freq_sel_ck                   0            0    19200000          0 0  
 clk_rc32k_ck                             0            2       32768          0 0  
    gpio0_dbclk_mux_ck                    0            1       32768          0 0  
       gpio0_dbclk                        0            1       32768          0 0  
    wdt1_fck                              0            1       32768          0 0  
 clk_32768_ck                             0            2       32768          0 0  
    mux_synctimer32k_ck                   0            1       32768          0 0  
       synctimer_32kclk                   0            1       32768          0 0  
    usbphy_32khz_clkmux                   0            2       32768          0 0  
       usb_phy1_always_on_clk32k           0            1       32768          0 0  
       usb_phy0_always_on_clk32k           0            1       32768          0 0  
=======
Available frequencies
=======
===== ERR ==
platform 53701000.des: Cannot lookup hwmod 'des'
omap_voltage_late_init: Voltage driver support not added
cpu cpu0: dev_pm_opp_get_opp_count: device OPP not found (-19)
libphy: PHY 4a101000.mdio:01 not found
net eth0: phy 4a101000.mdio:01 not found on slave 1
udevd[76]: starting version 182
=====
===== WARN ==
L2C: platform modifies aux control register: 0x0e030000 -> 0x3e430000
L2C: DT/platform modifies aux control register: 0x0e030000 -> 0x3e430000
omap_hwmod: tptc0 using broken dt data from edma
omap_hwmod: tptc1 using broken dt data from edma
omap_hwmod: tptc2 using broken dt data from edma
backlight supply power not found, using dummy regulator
omap_uart 44e09000.serial: No clock speed specified: using default: 48000000
backlight supply power not found, using dummy regulator
backlight supply power not found, using dummy regulator
mmc0: host does not support reading read-only switch, assuming write-enable
backlight supply power not found, using dummy regulator
IP-Config: Got DHCP answer from 192.168.1.254, my address is 192.168.1.168
, nameserver1=192.0.2.3
EXT4-fs (mmcblk0p2): warning: maximal mount count reached, running e2fsck is recommended
FAT-fs (mmcblk0p1): Volume was not properly unmounted. Some data may be corrupt. Please run fsck.
EXT4-fs (mmcblk0p3): warning: maximal mount count reached, running e2fsck is recommended
=====
SUMMARY RESULT: BOOT: PASS: Hello World Board Booted Boot Log has:::: err=6 warn=16:
root@am437x-evm:/test# 
- 02:29:58 [INFO] Host: cat stderr.log
- 02:29:58 [INFO] Target: 
cat stderr.log
./test.sh: line 33:   566 Killed                  cp /dev/kmsg $TMPF
root@am437x-evm:/test# 
- 02:29:58 [INFO] Host: cat result.log
- 02:30:00 [ERROR] On command: cat result.log waiting for cat result.log.+?(?m-ix:^1[\0\n\r]+) >>> error: execution expired
- 02:30:00 [INFO] Target: 
cat result.log
root@am437x-evm:/test# 
- 02:30:00 [INFO] Host: cd /test
- 02:30:00 [INFO] Target: 
cd /test
root@am437x-evm:/test# 
URL:gtsystest.telogy.design.ti.com/vatf/tidfarm-01.dal.design.ti.com/tidfarm-01.dal.design.ti.com_vatf@am43xx-epos/tidfarm-01.dal.design.ti.com06_22_2015_02_27_49/files/session_iteration_1/test_1
