- 07:06:00 [INFO] Starting target session
- 07:06:00 [INFO] Connected to am437x-sk via serial 
- 07:06:00 [INFO] Host: #check prompt
- 07:06:03 [ERROR] On command: #check prompt waiting for #check prompt.+?(?-mix:((?-mix:login:)|[Pp]assword)) >>> error: execution expired
- 07:06:03 [INFO] Target: 
- 07:06:03 [INFO] Host: #check prompt
- 07:06:05 [ERROR] On command: #check prompt waiting for #check prompt.+?(?-mix:[\w\d]+@.+[@:#]+) >>> error: execution expired
- 07:06:05 [INFO] Target: 
- 07:06:05 [INFO] Disconnected serial from am437x-sk
- 07:06:10 [INFO] Connected to am437x-sk via serial 
- 07:06:10 [INFO] Host: 
- 07:06:17 [INFO] Target: 
U-Boot# 
U-Boot# 
U-Boot# 
U-Boot# 
U-Boot# 
U-Boot# 
U-Boot# 
U-Boot# 
- 07:06:18 [INFO] Host: 
- 07:06:18 [INFO] Target: 
U-Boot# 
U-Boot# 
U-Boot# 
U-Boot# 
- 07:06:18 [INFO] Host: version
- 07:06:18 [INFO] Target: 
version
U-Boot 2014.07-g8a51ac8 (Apr 23 2015 - 22:40:59)
arm-linux-gnueabihf-gcc (crosstool-NG linaro-1.13.1-4.7-2013.03-20130313 - Linaro GCC 2013.03) 4.7.3 20130226 (prerelease)
GNU ld (crosstool-NG linaro-1.13.1-4.7-2013.03-20130313 - Linaro GCC 2013.03) 2.23.1
U-Boot# 
- 07:06:18 [INFO] Host: setenv bootargs 'console=ttyO0,115200n8 earlyprintk rootwait '
- 07:06:18 [INFO] Target: 
setenv bootargs 'console=ttyO0,115200n8 earlyprintk rootwait '
U-Boot# 
- 07:06:18 [INFO] Host: setenv bootcmd  ''
- 07:06:18 [INFO] Target: 
setenv bootcmd  ''
U-Boot# 
- 07:06:18 [INFO] Host: setenv autoload 'no'
- 07:06:18 [INFO] Target: 
setenv autoload 'no'
U-Boot# 
- 07:06:18 [INFO] Host: setenv serverip '192.168.0.1'
- 07:06:18 [INFO] Target: 
setenv serverip '192.168.0.1'
U-Boot# 
- 07:06:18 [INFO] Host: printenv
- 07:06:19 [INFO] Target: 
printenv
arch=arm
autoload=no
baudrate=115200
board=am43xx
board_name=AM43__SK
board_rev=1.1A
bootargs=console=ttyO0,115200n8 earlyprintk rootwait 
bootcmd=
bootdelay=1
bootdir=/boot
bootenv=uEnv.txt
bootfile=zImage
bootm_size=0x10000000
bootpart=0:2
console=ttyO0,115200n8
cpu=armv7
dfu_alt_info_emmc=MLO raw 0x100 0x100 mmcpart 0;u-boot.img raw 0x300 0x1000 mmcpart 0
dfu_alt_info_mmc=boot part 0 1;rootfs part 0 2;MLO fat 0 1;spl-os-args fat 0 1;spl-os-image fat 0 1;u-boot.img fat 0 1;uEnv.txt fat 0 1
dfu_alt_info_ram=kernel ram 0x80200000 0x4000000;fdt ram 0x80f80000 0x80000;ramdisk ram 0x81000000 0x4000000
dfu_bufsiz=0x10000
eth1addr=34:b1:f7:3d:b9:0e
ethact=cpsw
ethaddr=34:b1:f7:3d:b9:0c
fdt_addr_r=0x88000000
fdtaddr=0x88000000
fdtfile=undefined
findfdt=if test $board_name = AM43EPOS; then setenv fdtfile am43x-epos-evm.dtb; fi; if test $board_name = AM43__GP; then setenv fdtfile am437x-gp-evm.dtb; fi; if test $board_name = AM43__SK; then setenv fdtfile am437x-sk-evm.dtb; fi; if test $fdtfile = undefined; then echo WARNING: Could not determine device tree; fi; 
importbootenv=echo Importing environment from mmc ...; env import -t $loadaddr $filesize
kernel_addr_r=0x82000000
loadaddr=0x82000000
loadbootenv=load ${devtype} ${devnum} ${loadaddr} ${bootenv}
loadfdt=load ${devtype} ${bootpart} ${fdtaddr} ${bootdir}/${fdtfile}
loadimage=load ${devtype} ${bootpart} ${loadaddr} ${bootdir}/${bootfile}
loadramdisk=load ${devtype} ${devnum} ${rdaddr} ramdisk.gz
mmcargs=setenv bootargs console=${console} ${optargs} root=${mmcroot} rootfstype=${mmcrootfstype}
mmcboot=mmc dev ${mmcdev}; setenv devnum ${mmcdev}; setenv devtype mmc; if mmc rescan; then echo SD/MMC found on device ${devnum};if run loadbootenv; then echo Loaded environment from ${bootenv};run importbootenv;fi;if test -n $uenvcmd; then echo Running uenvcmd ...;run uenvcmd;fi;if run loadimage; then run loadfdt; echo Booting from mmc${mmcdev} ...; run mmcargs; bootz ${loadaddr} - ${fdtaddr}; fi;fi;
mmcdev=0
mmcroot=/dev/mmcblk0p2 rw
mmcrootfstype=ext4 rootwait
mtdids=nand0=nand.0
mtdparts=mtdparts=nand.0:256k(NAND.SPL),256k(NAND.SPL.backup1),256k(NAND.SPL.backup2),256k(NAND.SPL.backup3),512k(NAND.u-boot-spl-os),1m(NAND.u-boot),256k(NAND.u-boot-env),256k(NAND.u-boot-env.backup1),7m(NAND.kernel),-(NAND.file-system)
nandargs=setenv bootargs console=${console} ${optargs} root=${nandroot} rootfstype=${nandrootfstype}
nandboot=echo Booting from nand ...; run nandargs; nand read ${fdtaddr} NAND.u-boot-spl-os; nand read ${loadaddr} NAND.kernel; bootz ${loadaddr} - ${fdtaddr}
nandroot=ubi0:rootfs rw ubi.mtd=NAND.file-system,4096
nandrootfstype=ubifs rootwait=1
netargs=setenv bootargs console=${console} ${optargs} root=/dev/nfs nfsroot=${serverip}:${rootpath},${nfsopts} rw ip=dhcp
netboot=echo Booting from network ...; setenv autoload no; dhcp; tftp ${loadaddr} ${bootfile}; tftp ${fdtaddr} ${fdtfile}; run netargs; bootz ${loadaddr} - ${fdtaddr}
nfsopts=nolock
partitions=uuid_disk=${uuid_gpt_disk};name=rootfs,start=2MiB,size=-,uuid=${uuid_gpt_rootfs}
ramargs=setenv bootargs console=${console} ${optargs} root=${ramroot} rootfstype=${ramrootfstype}
ramdisk_addr_r=0x88080000
ramroot=/dev/ram0 rw
ramrootfstype=ext2
rdaddr=0x88080000
rootpath=/export/rootfs
serverip=192.168.0.1
soc=am33xx
static_ip=${ipaddr}:${serverip}:${gatewayip}:${netmask}:${hostname}::off
stderr=serial
stdin=serial
stdout=serial
usbargs=setenv bootargs console=${console} ${optargs} root=${usbroot} rootfstype=${usbrootfstype}
usbboot=setenv devnum ${usbdev}; setenv devtype usb; usb start ${usbdev}; if usb dev ${usbdev}; then if run loadbootenv; then echo Loaded environment from ${bootenv};run importbootenv;fi;if test -n $uenvcmd; then echo Running uenvcmd ...;run uenvcmd;fi;if run loadimage; then run loadfdt; echo Booting from usb ${usbdev}...; run usbargs;bootz ${loadaddr} - ${fdtaddr}; fi;fi
usbdev=0
usbnet_devaddr=34:b1:f7:3d:b9:0e
usbroot=/dev/sda2 rw
usbrootfstype=ext4 rootwait
vendor=ti
ver=U-Boot 2014.07-g8a51ac8 (Apr 23 2015 - 22:40:59)
Environment size: 4150/65532 bytes
U-Boot# 
- 07:06:19 [INFO] Host: printenv
- 07:06:19 [INFO] Target: 
printenv
arch=arm
autoload=no
baudrate=115200
board=am43xx
board_name=AM43__SK
board_rev=1.1A
bootargs=console=ttyO0,115200n8 earlyprintk rootwait 
bootcmd=
bootdelay=1
bootdir=/boot
bootenv=uEnv.txt
bootfile=zImage
bootm_size=0x10000000
bootpart=0:2
console=ttyO0,115200n8
cpu=armv7
dfu_alt_info_emmc=MLO raw 0x100 0x100 mmcpart 0;u-boot.img raw 0x300 0x1000 mmcpart 0
dfu_alt_info_mmc=boot part 0 1;rootfs part 0 2;MLO fat 0 1;spl-os-args fat 0 1;spl-os-image fat 0 1;u-boot.img fat 0 1;uEnv.txt fat 0 1
dfu_alt_info_ram=kernel ram 0x80200000 0x4000000;fdt ram 0x80f80000 0x80000;ramdisk ram 0x81000000 0x4000000
dfu_bufsiz=0x10000
eth1addr=34:b1:f7:3d:b9:0e
ethact=cpsw
ethaddr=34:b1:f7:3d:b9:0c
fdt_addr_r=0x88000000
fdtaddr=0x88000000
fdtfile=undefined
findfdt=if test $board_name = AM43EPOS; then setenv fdtfile am43x-epos-evm.dtb; fi; if test $board_name = AM43__GP; then setenv fdtfile am437x-gp-evm.dtb; fi; if test $board_name = AM43__SK; then setenv fdtfile am437x-sk-evm.dtb; fi; if test $fdtfile = undefined; then echo WARNING: Could not determine device tree; fi; 
importbootenv=echo Importing environment from mmc ...; env import -t $loadaddr $filesize
kernel_addr_r=0x82000000
loadaddr=0x82000000
loadbootenv=load ${devtype} ${devnum} ${loadaddr} ${bootenv}
loadfdt=load ${devtype} ${bootpart} ${fdtaddr} ${bootdir}/${fdtfile}
loadimage=load ${devtype} ${bootpart} ${loadaddr} ${bootdir}/${bootfile}
loadramdisk=load ${devtype} ${devnum} ${rdaddr} ramdisk.gz
mmcargs=setenv bootargs console=${console} ${optargs} root=${mmcroot} rootfstype=${mmcrootfstype}
mmcboot=mmc dev ${mmcdev}; setenv devnum ${mmcdev}; setenv devtype mmc; if mmc rescan; then echo SD/MMC found on device ${devnum};if run loadbootenv; then echo Loaded environment from ${bootenv};run importbootenv;fi;if test -n $uenvcmd; then echo Running uenvcmd ...;run uenvcmd;fi;if run loadimage; then run loadfdt; echo Booting from mmc${mmcdev} ...; run mmcargs; bootz ${loadaddr} - ${fdtaddr}; fi;fi;
mmcdev=0
mmcroot=/dev/mmcblk0p2 rw
mmcrootfstype=ext4 rootwait
mtdids=nand0=nand.0
mtdparts=mtdparts=nand.0:256k(NAND.SPL),256k(NAND.SPL.backup1),256k(NAND.SPL.backup2),256k(NAND.SPL.backup3),512k(NAND.u-boot-spl-os),1m(NAND.u-boot),256k(NAND.u-boot-env),256k(NAND.u-boot-env.backup1),7m(NAND.kernel),-(NAND.file-system)
nandargs=setenv bootargs console=${console} ${optargs} root=${nandroot} rootfstype=${nandrootfstype}
nandboot=echo Booting from nand ...; run nandargs; nand read ${fdtaddr} NAND.u-boot-spl-os; nand read ${loadaddr} NAND.kernel; bootz ${loadaddr} - ${fdtaddr}
nandroot=ubi0:rootfs rw ubi.mtd=NAND.file-system,4096
nandrootfstype=ubifs rootwait=1
netargs=setenv bootargs console=${console} ${optargs} root=/dev/nfs nfsroot=${serverip}:${rootpath},${nfsopts} rw ip=dhcp
netboot=echo Booting from network ...; setenv autoload no; dhcp; tftp ${loadaddr} ${bootfile}; tftp ${fdtaddr} ${fdtfile}; run netargs; bootz ${loadaddr} - ${fdtaddr}
nfsopts=nolock
partitions=uuid_disk=${uuid_gpt_disk};name=rootfs,start=2MiB,size=-,uuid=${uuid_gpt_rootfs}
ramargs=setenv bootargs console=${console} ${optargs} root=${ramroot} rootfstype=${ramrootfstype}
ramdisk_addr_r=0x88080000
ramroot=/dev/ram0 rw
ramrootfstype=ext2
rdaddr=0x88080000
rootpath=/export/rootfs
serverip=192.168.0.1
soc=am33xx
static_ip=${ipaddr}:${serverip}:${gatewayip}:${netmask}:${hostname}::off
stderr=serial
stdin=serial
stdout=serial
usbargs=setenv bootargs console=${console} ${optargs} root=${usbroot} rootfstype=${usbrootfstype}
usbboot=setenv devnum ${usbdev}; setenv devtype usb; usb start ${usbdev}; if usb dev ${usbdev}; then if run loadbootenv; then echo Loaded environment from ${bootenv};run importbootenv;fi;if test -n $uenvcmd; then echo Running uenvcmd ...;run uenvcmd;fi;if run loadimage; then run loadfdt; echo Booting from usb ${usbdev}...; run usbargs;bootz ${loadaddr} - ${fdtaddr}; fi;fi
usbdev=0
usbnet_devaddr=34:b1:f7:3d:b9:0e
usbroot=/dev/sda2 rw
usbrootfstype=ext4 rootwait
vendor=ti
ver=U-Boot 2014.07-g8a51ac8 (Apr 23 2015 - 22:40:59)
Environment size: 4150/65532 bytes
U-Boot# 
- 07:06:19 [INFO] Host: setenv bootargs ''${bootargs}' ip=:::::eth0:dhcp '
- 07:06:19 [INFO] Target: 
setenv bootargs ''${bootargs}' ip=:::::eth0:dhcp '
U-Boot# 
- 07:06:19 [INFO] Host: setenv serverip '192.168.0.1'
- 07:06:19 [INFO] Target: 
setenv serverip '192.168.0.1'
U-Boot# 
- 07:06:19 [INFO] Host: setenv autoload 'no'
- 07:06:19 [INFO] Target: 
setenv autoload 'no'
U-Boot# 
- 07:06:19 [INFO] Host: dhcp
- 07:06:21 [INFO] Target: 
dhcp
cpsw Waiting for PHY auto negotiation to complete.. done
link up on port 0, speed 1000, full duplex
BOOTP broadcast 1
DHCP client bound to address 192.168.0.91
U-Boot# 
- 07:06:21 [INFO] Host: tftp ${loadaddr} 192.168.0.1:vatf_am437x-sk1/5ac847e25fecde2773df4aa9e445dd4d
- 07:06:22 [INFO] Target: 
tftp ${loadaddr} 192.168.0.1:vatf_am437x-sk1/5ac847e25fecde2773df4aa9e445dd4d
link up on port 0, speed 1000, full duplex
Using cpsw device
TFTP from server 192.168.0.1; our IP address is 192.168.0.91
Filename 'vatf_am437x-sk1/5ac847e25fecde2773df4aa9e445dd4d'.
Load address: 0x82000000
Loading: *#################################################################
	 #################################################################
	 #################################################################
	 #################################################################
	 #################################################################
	 #################################################################
	 ##############################################
	 9.9 MiB/s
done
Bytes transferred = 6395528 (619688 hex)
U-Boot# 
- 07:06:22 [INFO] Host: tftp ${fdt_addr_r} 192.168.0.1:vatf_am437x-sk1/e17621450c0ac8234751566fbc8653ad
- 07:06:22 [INFO] Target: 
tftp ${fdt_addr_r} 192.168.0.1:vatf_am437x-sk1/e17621450c0ac8234751566fbc8653ad
link up on port 0, speed 1000, full duplex
Using cpsw device
TFTP from server 192.168.0.1; our IP address is 192.168.0.91
Filename 'vatf_am437x-sk1/e17621450c0ac8234751566fbc8653ad'.
Load address: 0x88000000
Loading: *###
	 6.7 MiB/s
done
Bytes transferred = 41852 (a37c hex)
U-Boot# 
- 07:06:22 [INFO] Host: ls mmc 0:1
- 07:06:22 [INFO] Target: 
ls mmc 0:1
    93216   mlo 
   417224   u-boot.img 
       14   .ipaddr 
        0   pointercal 
        4   ws-calibrate.rules 
5 file(s), 0 dir(s)
U-Boot# 
- 07:06:22 [INFO] Host: ls mmc 0:2
- 07:06:22 [INFO] Target: 
ls mmc 0:2
<DIR>       4096 .
<DIR>       4096 ..
<DIR>       4096 include
<DIR>       4096 srv
<DIR>       4096 home
<DIR>       4096 media
<DIR>       4096 opt
<DIR>       4096 var
<DIR>       4096 sys
<DIR>       4096 boot
<DIR>       4096 dev
<DIR>       4096 usr
<DIR>       4096 bin
<DIR>       4096 mnt
<DIR>       4096 etc
<DIR>       4096 sbin
<DIR>       4096 www
<SYM>          8 tmp
<DIR>       4096 proc
<DIR>       4096 run
<DIR>       4096 lib
<DIR>       4096 test
U-Boot# 
- 07:06:22 [INFO] Host: part uuid mmc 0:2
- 07:06:23 [INFO] Target: 
part uuid mmc 0:2
00000000-02
U-Boot# 
- 07:06:23 [INFO] Host: printenv
- 07:06:23 [INFO] Target: 
printenv
arch=arm
autoload=no
baudrate=115200
board=am43xx
board_name=AM43__SK
board_rev=1.1A
bootargs=console=ttyO0,115200n8 earlyprintk rootwait  ip=:::::eth0:dhcp 
bootcmd=
bootdelay=1
bootdir=/boot
bootenv=uEnv.txt
bootfile=zImage
bootm_size=0x10000000
bootpart=0:2
console=ttyO0,115200n8
cpu=armv7
dfu_alt_info_emmc=MLO raw 0x100 0x100 mmcpart 0;u-boot.img raw 0x300 0x1000 mmcpart 0
dfu_alt_info_mmc=boot part 0 1;rootfs part 0 2;MLO fat 0 1;spl-os-args fat 0 1;spl-os-image fat 0 1;u-boot.img fat 0 1;uEnv.txt fat 0 1
dfu_alt_info_ram=kernel ram 0x80200000 0x4000000;fdt ram 0x80f80000 0x80000;ramdisk ram 0x81000000 0x4000000
dfu_bufsiz=0x10000
dnsip=192.0.2.2
dnsip2=192.0.2.3
eth1addr=34:b1:f7:3d:b9:0e
ethact=cpsw
ethaddr=34:b1:f7:3d:b9:0c
fdt_addr_r=0x88000000
fdtaddr=0x88000000
fdtfile=undefined
fileaddr=88000000
filesize=a37c
findfdt=if test $board_name = AM43EPOS; then setenv fdtfile am43x-epos-evm.dtb; fi; if test $board_name = AM43__GP; then setenv fdtfile am437x-gp-evm.dtb; fi; if test $board_name = AM43__SK; then setenv fdtfile am437x-sk-evm.dtb; fi; if test $fdtfile = undefined; then echo WARNING: Could not determine device tree; fi; 
gatewayip=192.168.0.1
importbootenv=echo Importing environment from mmc ...; env import -t $loadaddr $filesize
ipaddr=192.168.0.91
kernel_addr_r=0x82000000
loadaddr=0x82000000
loadbootenv=load ${devtype} ${devnum} ${loadaddr} ${bootenv}
loadfdt=load ${devtype} ${bootpart} ${fdtaddr} ${bootdir}/${fdtfile}
loadimage=load ${devtype} ${bootpart} ${loadaddr} ${bootdir}/${bootfile}
loadramdisk=load ${devtype} ${devnum} ${rdaddr} ramdisk.gz
mmcargs=setenv bootargs console=${console} ${optargs} root=${mmcroot} rootfstype=${mmcrootfstype}
mmcboot=mmc dev ${mmcdev}; setenv devnum ${mmcdev}; setenv devtype mmc; if mmc rescan; then echo SD/MMC found on device ${devnum};if run loadbootenv; then echo Loaded environment from ${bootenv};run importbootenv;fi;if test -n $uenvcmd; then echo Running uenvcmd ...;run uenvcmd;fi;if run loadimage; then run loadfdt; echo Booting from mmc${mmcdev} ...; run mmcargs; bootz ${loadaddr} - ${fdtaddr}; fi;fi;
mmcdev=0
mmcroot=/dev/mmcblk0p2 rw
mmcrootfstype=ext4 rootwait
mtdids=nand0=nand.0
mtdparts=mtdparts=nand.0:256k(NAND.SPL),256k(NAND.SPL.backup1),256k(NAND.SPL.backup2),256k(NAND.SPL.backup3),512k(NAND.u-boot-spl-os),1m(NAND.u-boot),256k(NAND.u-boot-env),256k(NAND.u-boot-env.backup1),7m(NAND.kernel),-(NAND.file-system)
nandargs=setenv bootargs console=${console} ${optargs} root=${nandroot} rootfstype=${nandrootfstype}
nandboot=echo Booting from nand ...; run nandargs; nand read ${fdtaddr} NAND.u-boot-spl-os; nand read ${loadaddr} NAND.kernel; bootz ${loadaddr} - ${fdtaddr}
nandroot=ubi0:rootfs rw ubi.mtd=NAND.file-system,4096
nandrootfstype=ubifs rootwait=1
netargs=setenv bootargs console=${console} ${optargs} root=/dev/nfs nfsroot=${serverip}:${rootpath},${nfsopts} rw ip=dhcp
netboot=echo Booting from network ...; setenv autoload no; dhcp; tftp ${loadaddr} ${bootfile}; tftp ${fdtaddr} ${fdtfile}; run netargs; bootz ${loadaddr} - ${fdtaddr}
netmask=255.255.255.0
nfsopts=nolock
partitions=uuid_disk=${uuid_gpt_disk};name=rootfs,start=2MiB,size=-,uuid=${uuid_gpt_rootfs}
ramargs=setenv bootargs console=${console} ${optargs} root=${ramroot} rootfstype=${ramrootfstype}
ramdisk_addr_r=0x88080000
ramroot=/dev/ram0 rw
ramrootfstype=ext2
rdaddr=0x88080000
rootpath=/export/rootfs
serverip=192.168.0.1
soc=am33xx
static_ip=${ipaddr}:${serverip}:${gatewayip}:${netmask}:${hostname}::off
stderr=serial
stdin=serial
stdout=serial
usbargs=setenv bootargs console=${console} ${optargs} root=${usbroot} rootfstype=${usbrootfstype}
usbboot=setenv devnum ${usbdev}; setenv devtype usb; usb start ${usbdev}; if usb dev ${usbdev}; then if run loadbootenv; then echo Loaded environment from ${bootenv};run importbootenv;fi;if test -n $uenvcmd; then echo Running uenvcmd ...;run uenvcmd;fi;if run loadimage; then run loadfdt; echo Booting from usb ${usbdev}...; run usbargs;bootz ${loadaddr} - ${fdtaddr}; fi;fi
usbdev=0
usbnet_devaddr=34:b1:f7:3d:b9:0e
usbroot=/dev/sda2 rw
usbrootfstype=ext4 rootwait
vendor=ti
ver=U-Boot 2014.07-g8a51ac8 (Apr 23 2015 - 22:40:59)
Environment size: 4312/65532 bytes
U-Boot# 
- 07:06:23 [INFO] Host: setenv bootargs ''${bootargs}' root=PARTUUID=00000000-02 rw rootfstype=ext4 rootwait '
- 07:06:23 [INFO] Target: 
setenv bootargs ''${bootargs}' root=PARTUUID=00000000-02 rw rootfstype=ext4 rootwait '
U-Boot# 
- 07:06:23 [INFO] Host: printenv
- 07:06:23 [INFO] Target: 
printenv
arch=arm
autoload=no
baudrate=115200
board=am43xx
board_name=AM43__SK
board_rev=1.1A
bootargs=console=ttyO0,115200n8 earlyprintk rootwait  ip=:::::eth0:dhcp  root=PARTUUID=00000000-02 rw rootfstype=ext4 rootwait 
bootcmd=
bootdelay=1
bootdir=/boot
bootenv=uEnv.txt
bootfile=zImage
bootm_size=0x10000000
bootpart=0:2
console=ttyO0,115200n8
cpu=armv7
dfu_alt_info_emmc=MLO raw 0x100 0x100 mmcpart 0;u-boot.img raw 0x300 0x1000 mmcpart 0
dfu_alt_info_mmc=boot part 0 1;rootfs part 0 2;MLO fat 0 1;spl-os-args fat 0 1;spl-os-image fat 0 1;u-boot.img fat 0 1;uEnv.txt fat 0 1
dfu_alt_info_ram=kernel ram 0x80200000 0x4000000;fdt ram 0x80f80000 0x80000;ramdisk ram 0x81000000 0x4000000
dfu_bufsiz=0x10000
dnsip=192.0.2.2
dnsip2=192.0.2.3
eth1addr=34:b1:f7:3d:b9:0e
ethact=cpsw
ethaddr=34:b1:f7:3d:b9:0c
fdt_addr_r=0x88000000
fdtaddr=0x88000000
fdtfile=undefined
fileaddr=88000000
filesize=a37c
findfdt=if test $board_name = AM43EPOS; then setenv fdtfile am43x-epos-evm.dtb; fi; if test $board_name = AM43__GP; then setenv fdtfile am437x-gp-evm.dtb; fi; if test $board_name = AM43__SK; then setenv fdtfile am437x-sk-evm.dtb; fi; if test $fdtfile = undefined; then echo WARNING: Could not determine device tree; fi; 
gatewayip=192.168.0.1
importbootenv=echo Importing environment from mmc ...; env import -t $loadaddr $filesize
ipaddr=192.168.0.91
kernel_addr_r=0x82000000
loadaddr=0x82000000
loadbootenv=load ${devtype} ${devnum} ${loadaddr} ${bootenv}
loadfdt=load ${devtype} ${bootpart} ${fdtaddr} ${bootdir}/${fdtfile}
loadimage=load ${devtype} ${bootpart} ${loadaddr} ${bootdir}/${bootfile}
loadramdisk=load ${devtype} ${devnum} ${rdaddr} ramdisk.gz
mmcargs=setenv bootargs console=${console} ${optargs} root=${mmcroot} rootfstype=${mmcrootfstype}
mmcboot=mmc dev ${mmcdev}; setenv devnum ${mmcdev}; setenv devtype mmc; if mmc rescan; then echo SD/MMC found on device ${devnum};if run loadbootenv; then echo Loaded environment from ${bootenv};run importbootenv;fi;if test -n $uenvcmd; then echo Running uenvcmd ...;run uenvcmd;fi;if run loadimage; then run loadfdt; echo Booting from mmc${mmcdev} ...; run mmcargs; bootz ${loadaddr} - ${fdtaddr}; fi;fi;
mmcdev=0
mmcroot=/dev/mmcblk0p2 rw
mmcrootfstype=ext4 rootwait
mtdids=nand0=nand.0
mtdparts=mtdparts=nand.0:256k(NAND.SPL),256k(NAND.SPL.backup1),256k(NAND.SPL.backup2),256k(NAND.SPL.backup3),512k(NAND.u-boot-spl-os),1m(NAND.u-boot),256k(NAND.u-boot-env),256k(NAND.u-boot-env.backup1),7m(NAND.kernel),-(NAND.file-system)
nandargs=setenv bootargs console=${console} ${optargs} root=${nandroot} rootfstype=${nandrootfstype}
nandboot=echo Booting from nand ...; run nandargs; nand read ${fdtaddr} NAND.u-boot-spl-os; nand read ${loadaddr} NAND.kernel; bootz ${loadaddr} - ${fdtaddr}
nandroot=ubi0:rootfs rw ubi.mtd=NAND.file-system,4096
nandrootfstype=ubifs rootwait=1
netargs=setenv bootargs console=${console} ${optargs} root=/dev/nfs nfsroot=${serverip}:${rootpath},${nfsopts} rw ip=dhcp
netboot=echo Booting from network ...; setenv autoload no; dhcp; tftp ${loadaddr} ${bootfile}; tftp ${fdtaddr} ${fdtfile}; run netargs; bootz ${loadaddr} - ${fdtaddr}
netmask=255.255.255.0
nfsopts=nolock
partitions=uuid_disk=${uuid_gpt_disk};name=rootfs,start=2MiB,size=-,uuid=${uuid_gpt_rootfs}
ramargs=setenv bootargs console=${console} ${optargs} root=${ramroot} rootfstype=${ramrootfstype}
ramdisk_addr_r=0x88080000
ramroot=/dev/ram0 rw
ramrootfstype=ext2
rdaddr=0x88080000
rootpath=/export/rootfs
serverip=192.168.0.1
soc=am33xx
static_ip=${ipaddr}:${serverip}:${gatewayip}:${netmask}:${hostname}::off
stderr=serial
stdin=serial
stdout=serial
usbargs=setenv bootargs console=${console} ${optargs} root=${usbroot} rootfstype=${usbrootfstype}
usbboot=setenv devnum ${usbdev}; setenv devtype usb; usb start ${usbdev}; if usb dev ${usbdev}; then if run loadbootenv; then echo Loaded environment from ${bootenv};run importbootenv;fi;if test -n $uenvcmd; then echo Running uenvcmd ...;run uenvcmd;fi;if run loadimage; then run loadfdt; echo Booting from usb ${usbdev}...; run usbargs;bootz ${loadaddr} - ${fdtaddr}; fi;fi
usbdev=0
usbnet_devaddr=34:b1:f7:3d:b9:0e
usbroot=/dev/sda2 rw
usbrootfstype=ext4 rootwait
vendor=ti
ver=U-Boot 2014.07-g8a51ac8 (Apr 23 2015 - 22:40:59)
Environment size: 4367/65532 bytes
U-Boot# 
- 07:06:23 [INFO] Host: setenv bootcmd ''${bootcmd}' if iminfo ${loadaddr}; then bootm ${loadaddr} - ${fdt_addr_r}; else bootz ${loadaddr} - ${fdt_addr_r}; bootm ${loadaddr} - ${fdt_addr_r}; fi'
- 07:06:24 [INFO] Target: 
setenv bootcmd ''${bootcmd}' if iminfo ${loadaddr}; then bootm ${loadaddr} - ${fdt_addr_r}; else bootz ${loadaddr} - ${fdt_addr_r}; bootm ${loadaddr} - ${fdt_addr_r}; fi'
U-Boot# 
- 07:06:24 [INFO] Host: version
- 07:06:24 [INFO] Target: 
version
U-Boot 2014.07-g8a51ac8 (Apr 23 2015 - 22:40:59)
arm-linux-gnueabihf-gcc (crosstool-NG linaro-1.13.1-4.7-2013.03-20130313 - Linaro GCC 2013.03) 4.7.3 20130226 (prerelease)
GNU ld (crosstool-NG linaro-1.13.1-4.7-2013.03-20130313 - Linaro GCC 2013.03) 2.23.1
U-Boot# 
- 07:06:24 [INFO] Host: bdinfo
- 07:06:24 [INFO] Target: 
bdinfo
arch_number = 0x00000000
boot_params = 0x80000100
DRAM bank   = 0x00000000
-> start    = 0x80000000
-> size     = 0x40000000
eth0name    = cpsw
ethaddr     = 34:b1:f7:3d:b9:0c
eth1name    = usb_ether
eth1addr    = 34:b1:f7:3d:b9:0e
current eth = cpsw
ip_addr     = 192.168.0.91
baudrate    = 115200 bps
TLB addr    = 0xBFFF0000
relocaddr   = 0xBF731000
reloc off   = 0x3EF31000
irq_sp      = 0xBE720EE0
sp start    = 0xBE720ED0
U-Boot# 
- 07:06:24 [INFO] Host: mmc rescan; echo $?
- 07:06:24 [INFO] Target: 
mmc rescan; echo $?
U-Boot# 
- 07:06:24 [INFO] Host: fatwrite mmc ${mmcdev}:1 ${loadaddr} ws-calibrate.rules 4
- 07:06:24 [INFO] Target: 
fatwrite mmc ${mmcdev}:1 ${loadaddr} ws-calibrate.rules 4
writing ws-calibrate.rules
4 bytes written
U-Boot# 
- 07:06:24 [INFO] Host: boot
- 07:08:54 [ERROR] On command: boot waiting for boot.+?(?-mix:login:) >>> error: execution expired
- 07:08:54 [INFO] Target: 
boot
## Checking Image at 82000000 ...
Unknown image format!
Kernel image @ 0x82000000 [ 0x000000 - 0x619688 ]
## Flattened Device Tree blob at 88000000
   Booting using the fdt blob at 0x88000000
   Loading Device Tree to 8fff2000, end 8ffff37b ... OK
Starting kernel ...
[    0.000000] Booting Linux on physical CPU 0x0
[    0.000000] Linux version 4.3.0-rc1-next-20150918-00002-g3377da53ceb1 (nmenon@kahuna) (gcc version 4.6.3 (Ubuntu/Linaro 4.6.3-1ubuntu5) ) #1 SMP Fri Sep 18 06:00:05 CDT 2015
[    0.000000] CPU: ARMv7 Processor [412fc09a] revision 10 (ARMv7), cr=10c5387d
[    0.000000] CPU: PIPT / VIPT nonaliasing data cache, VIPT aliasing instruction cache
[    0.000000] Machine model: TI AM437x SK EVM
[    0.000000] cma: Reserved 64 MiB at 0xbc000000
[    0.000000] Memory policy: Data cache writeback
[    0.000000] CPU: All CPU(s) started in SVC mode.
[    0.000000] AM437x ES1.2 (sgx neon )
[    0.000000] PERCPU: Embedded 12 pages/cpu @ef7c6000 s19200 r8192 d21760 u49152
[    0.000000] Built 1 zonelists in Zone order, mobility grouping on.  Total pages: 260608
[    0.000000] Kernel command line: console=ttyO0,115200n8 earlyprintk rootwait  ip=:::::eth0:dhcp  root=PARTUUID=00000000-02 rw rootfstype=ext4 rootwait 
[    0.000000] PID hash table entries: 4096 (order: 2, 16384 bytes)
[    0.000000] Dentry cache hash table entries: 131072 (order: 7, 524288 bytes)
[    0.000000] Inode-cache hash table entries: 65536 (order: 6, 262144 bytes)
[    0.000000] Memory: 959632K/1048576K available (8125K kernel code, 1019K rwdata, 3620K rodata, 1024K init, 340K bss, 23408K reserved, 65536K cma-reserved, 196608K highmem)
[    0.000000] Virtual kernel memory layout:
[    0.000000]     vector  : 0xffff0000 - 0xffff1000   (   4 kB)
[    0.000000]     fixmap  : 0xffc00000 - 0xfff00000   (3072 kB)
[    0.000000]     vmalloc : 0xf0800000 - 0xff800000   ( 240 MB)
[    0.000000]     lowmem  : 0xc0000000 - 0xf0000000   ( 768 MB)
[    0.000000]     pkmap   : 0xbfe00000 - 0xc0000000   (   2 MB)
[    0.000000]     modules : 0xbf000000 - 0xbfe00000   (  14 MB)
[    0.000000]       .text : 0xc0208000 - 0xc0d815d0   (11750 kB)
[    0.000000]       .init : 0xc0d82000 - 0xc0e82000   (1024 kB)
[    0.000000]       .data : 0xc0e82000 - 0xc0f80d60   (1020 kB)
[    0.000000]        .bss : 0xc0f83000 - 0xc0fd82e0   ( 341 kB)
[    0.000000] SLUB: HWalign=64, Order=0-3, MinObjects=0, CPUs=1, Nodes=1
[    0.000000] Hierarchical RCU implementation.
[    0.000000] 	Build-time adjustment of leaf fanout to 32.
[    0.000000] 	RCU restricting CPUs from NR_CPUS=16 to nr_cpu_ids=1.
[    0.000000] RCU: Adjusting geometry for rcu_fanout_leaf=32, nr_cpu_ids=1
[    0.000000] NR_IRQS:16 nr_irqs:16 16
[    0.000000] L2C: platform modifies aux control register: 0x0e030000 -> 0x3e430000
[    0.000000] L2C: DT/platform modifies aux control register: 0x0e030000 -> 0x3e430000
[    0.000000] L2C-310 erratum 769419 enabled
[    0.000000] L2C-310 enabling early BRESP for Cortex-A9
[    0.000000] OMAP L2C310: ROM does not support power control setting
[    0.000000] L2C-310 dynamic clock gating disabled, standby mode disabled
[    0.000000] L2C-310 cache controller enabled, 16 ways, 256 kB
[    0.000000] L2C-310: CACHE_ID 0x410000c9, AUX_CTRL 0x4e430000
[    0.000000] OMAP clockevent source: timer2 at 24000000 Hz
[    0.000010] sched_clock: 32 bits at 24MHz, resolution 41ns, wraps every 89478484971ns
[    0.000027] clocksource: timer1: mask: 0xffffffff max_cycles: 0xffffffff, max_idle_ns: 79635851949 ns
[    0.000036] OMAP clocksource: timer1 at 24000000 Hz
[    0.000185] Console: colour dummy device 80x30
[    0.000216] Calibrating delay loop... 1992.29 BogoMIPS (lpj=4980736)
[    0.044379] pid_max: default: 32768 minimum: 301
[    0.044522] Mount-cache hash table entries: 2048 (order: 1, 8192 bytes)
[    0.044533] Mountpoint-cache hash table entries: 2048 (order: 1, 8192 bytes)
[    0.045223] CPU: Testing write buffer coherency: ok
[    0.045542] CPU0: thread -1, cpu 0, socket 0, mpidr 80000000
[    0.045641] Setting up static identity map for 0x80209000 - 0x80209098
[    0.049288] Brought up 1 CPUs
[    0.049304] SMP: Total of 1 processors activated (1992.29 BogoMIPS).
[    0.049312] CPU: All CPU(s) started in SVC mode.
[    0.050158] devtmpfs: initialized
[    0.059078] VFP support v0.3: implementor 41 architecture 3 part 30 variant 9 rev 4
[    0.071552] omap_hwmod: tptc0 using broken dt data from edma
[    0.071671] omap_hwmod: tptc1 using broken dt data from edma
[    0.071771] omap_hwmod: tptc2 using broken dt data from edma
[    0.130121] clocksource: jiffies: mask: 0xffffffff max_cycles: 0xffffffff, max_idle_ns: 9556302231375000 ns
[    0.134115] pinctrl core: initialized pinctrl subsystem
[    0.136454] NET: Registered protocol family 16
[    0.138445] DMA: preallocated 256 KiB pool for atomic coherent allocations
[    0.140245] cpuidle: using governor ladder
[    0.140265] cpuidle: using governor menu
[    0.142295] omap_l3_noc 44000000.ocp: L3 debug error: target 8 mod:0 (unclearable)
[    0.142361] omap_l3_noc 44000000.ocp: L3 application error: target 8 mod:0 (unclearable)
[    0.145331] platform 44e3e000.rtc: Cannot lookup hwmod 'rtc'
[    0.146255] OMAP GPIO hardware version 0.1
[    0.149839] platform 53701000.des: Cannot lookup hwmod 'des'
[    0.154225] No ATAGs?
[    0.154262] hw-breakpoint: found 5 (+1 reserved) breakpoint and 1 watchpoint registers.
[    0.154272] hw-breakpoint: maximum watchpoint size is 4 bytes.
[    0.155855] omap4_sram_init:Unable to allocate sram needed to handle errata I688
[    0.155869] omap4_sram_init:Unable to get sram pool needed to handle errata I688
[    0.158304] Serial: AMBA PL011 UART driver
[    0.174086] edma-dma-engine edma-dma-engine.0: TI EDMA DMA engine driver
[    0.176517] vgaarb: loaded
[    0.177304] SCSI subsystem initialized
[    0.177878] usbcore: registered new interface driver usbfs
[    0.177932] usbcore: registered new interface driver hub
[    0.177985] usbcore: registered new device driver usb
[    0.178740] omap_i2c 44e0b000.i2c: could not find pctldev for node /ocp/l4_wkup@44c00000/scm@210000/pinmux@800/i2c0_pins, deferring probe
[    0.178784] omap_i2c 4802a000.i2c: could not find pctldev for node /ocp/l4_wkup@44c00000/scm@210000/pinmux@800/i2c1_pins, deferring probe
[    0.179370] pps_core: LinuxPPS API ver. 1 registered
[    0.179379] pps_core: Software ver. 5.3.6 - Copyright 2005-2007 Rodolfo Giometti <giometti@linux.it>
[    0.179475] PTP clock support registered
[    0.179687] EDAC MC: Ver: 3.0.0
[    0.182114] clocksource: Switched to clocksource timer1
[    0.191041] NET: Registered protocol family 2
[    0.191640] TCP established hash table entries: 8192 (order: 3, 32768 bytes)
[    0.191719] TCP bind hash table entries: 8192 (order: 4, 65536 bytes)
[    0.191827] TCP: Hash tables configured (established 8192 bind 8192)
[    0.191971] UDP hash table entries: 512 (order: 2, 16384 bytes)
[    0.192022] UDP-Lite hash table entries: 512 (order: 2, 16384 bytes)
[    0.192312] NET: Registered protocol family 1
[    0.192672] RPC: Registered named UNIX socket transport module.
[    0.192684] RPC: Registered udp transport module.
[    0.192690] RPC: Registered tcp transport module.
[    0.192696] RPC: Registered tcp NFSv4.1 backchannel transport module.
[    0.194966] futex hash table entries: 256 (order: 2, 16384 bytes)
[    0.203698] squashfs: version 4.0 (2009/01/31) Phillip Lougher
[    0.204511] NFS: Registering the id_resolver key type
[    0.204578] Key type id_resolver registered
[    0.204585] Key type id_legacy registered
[    0.204655] ntfs: driver 2.1.32 [Flags: R/O].
[    0.206079] bounce: pool size: 64 pages
[    0.206294] Block layer SCSI generic (bsg) driver version 0.4 loaded (major 249)
[    0.206316] io scheduler noop registered
[    0.206329] io scheduler deadline registered
[    0.206377] io scheduler cfq registered (default)
[    0.211627] pinctrl-single 44e10800.pinmux: 199 pins at pa f9e10800 size 796
[    0.216993] backlight supply power not found, using dummy regulator
[    0.266972] Serial: 8250/16550 driver, 4 ports, IRQ sharing disabled
[    0.269313] SuperH (H)SCI(F) driver initialized
[    0.270080] msm_serial: driver initialized
[    0.270547] omap_uart 44e09000.serial: no wakeirq for uart0
[    0.270566] omap_uart 44e09000.serial: No clock speed specified: using default: 48000000
[    0.270706] 44e09000.serial: ttyO0 at MMIO 0x44e09000 (irq = 27, base_baud = 3000000) is a OMAP UART0
[    1.028172] console [ttyO0] enabled
[    1.032360] STMicroelectronics ASC driver initialized
[    1.039114] [drm] Initialized drm 1.1.0 20060810
[    1.052389] loop: module loaded
[    1.061634] CAN device driver interface
[    1.066626] igb: Intel(R) Gigabit Ethernet Network Driver - version 5.3.0-k
[    1.073926] igb: Copyright (c) 2007-2014 Intel Corporation.
[    1.081833] pegasus: v0.9.3 (2013/04/25), Pegasus/Pegasus II USB Ethernet driver
[    1.089656] usbcore: registered new interface driver pegasus
[    1.095628] usbcore: registered new interface driver asix
[    1.101311] usbcore: registered new interface driver ax88179_178a
[    1.107710] usbcore: registered new interface driver cdc_ether
[    1.113865] usbcore: registered new interface driver smsc75xx
[    1.119929] usbcore: registered new interface driver smsc95xx
[    1.125985] usbcore: registered new interface driver net1080
[    1.131942] usbcore: registered new interface driver cdc_subset
[    1.138180] usbcore: registered new interface driver zaurus
[    1.144085] usbcore: registered new interface driver cdc_ncm
[    1.557159] xhci-hcd xhci-hcd.0.auto: xHCI Host Controller
[    1.562937] xhci-hcd xhci-hcd.0.auto: new USB bus registered, assigned bus number 1
[    1.571394] xhci-hcd xhci-hcd.0.auto: hcc params 0x0238f06d hci version 0x100 quirks 0x00010010
[    1.580560] xhci-hcd xhci-hcd.0.auto: irq 180, io mem 0x483d0000
[    1.587684] hub 1-0:1.0: USB hub found
[    1.591637] hub 1-0:1.0: 1 port detected
[    1.596139] xhci-hcd xhci-hcd.0.auto: xHCI Host Controller
[    1.601921] xhci-hcd xhci-hcd.0.auto: new USB bus registered, assigned bus number 2
[    1.610010] usb usb2: We don't know the algorithms for LPM for this host, disabling LPM.
[    1.619129] hub 2-0:1.0: USB hub found
[    1.623124] hub 2-0:1.0: 1 port detected
[    1.627602] ehci_hcd: USB 2.0 'Enhanced' Host Controller (EHCI) Driver
[    1.634450] ehci-pci: EHCI PCI platform driver
[    1.639183] ehci-platform: EHCI generic platform driver
[    1.645034] ehci-omap: OMAP-EHCI Host Controller driver
[    1.650679] ehci-orion: EHCI orion driver
[    1.655005] SPEAr-ehci: EHCI SPEAr driver
[    1.659320] ehci-st: EHCI STMicroelectronics driver
[    1.664535] ehci-exynos: EHCI EXYNOS driver
[    1.669035] ehci-atmel: EHCI Atmel driver
[    1.673344] tegra-ehci: Tegra EHCI driver
[    1.677665] ohci_hcd: USB 1.1 'Open' Host Controller (OHCI) Driver
[    1.684148] ohci-pci: OHCI PCI platform driver
[    1.688863] ohci-platform: OHCI generic platform driver
[    1.694497] ohci-omap3: OHCI OMAP3 driver
[    1.698835] SPEAr-ohci: OHCI SPEAr driver
[    1.703151] ohci-st: OHCI STMicroelectronics driver
[    1.708362] ohci-atmel: OHCI Atmel driver
[    1.712799] usbcore: registered new interface driver usb-storage
[    1.720515] mousedev: PS/2 mouse device common for all mice
[    1.730056] i2c /dev entries driver
[    1.739831] sdhci: Secure Digital Host Controller Interface driver
[    1.746317] sdhci: Copyright(c) Pierre Ossman
[    1.751836] omap_hsmmc 48060000.mmc: Got CD GPIO
[    1.758228] Synopsys Designware Multimedia Card Interface Driver
[    1.765380] sdhci-pltfm: SDHCI platform and OF driver helper
[    1.773420] ledtrig-cpu: registered to indicate activity on CPUs
[    1.779985] usbcore: registered new interface driver usbhid
[    1.785826] usbhid: USB HID core driver
[    1.793597] NET: Registered protocol family 10
[    1.799320] sit: IPv6 over IPv4 tunneling driver
[    1.804871] NET: Registered protocol family 17
[    1.809574] can: controller area network core (rev 20120528 abi 9)
[    1.816123] NET: Registered protocol family 29
[    1.820783] can: raw protocol (rev 20120528)
[    1.825250] can: broadcast manager protocol (rev 20120528 t)
[    1.831164] can: netlink gateway (rev 20130117) max_hops=1
[    1.837495] Key type dns_resolver registered
[    1.842269] omap_voltage_late_init: Voltage driver support not added
[    1.849927] ThumbEE CPU extension supported.
[    1.854469] Registering SWP/SWPB emulation handler
[    1.863099] at24 0-0050: 32768 byte 24c256 EEPROM, writable, 64 bytes/write
[    1.870492] omap_i2c 44e0b000.i2c: bus 0 rev0.12 at 400 kHz
[    1.878097] omap_i2c 4802a000.i2c: bus 1 rev0.12 at 400 kHz
[    1.884651] backlight supply power not found, using dummy regulator
[    1.893740] omap_hsmmc 48060000.mmc: Got CD GPIO
[    1.952131] davinci_mdio 4a101000.mdio: davinci mdio revision 1.6
[    1.958540] davinci_mdio 4a101000.mdio: detected phy mask ffffffcf
[    1.966657] backlight supply power not found, using dummy regulator
[    1.975664] omap_hsmmc 48060000.mmc: Got CD GPIO
[    1.982416] libphy: 4a101000.mdio: probed
[    1.986622] davinci_mdio 4a101000.mdio: phy[4]: device 4a101000.mdio:04, driver Micrel KSZ9031 Gigabit PHY
[    1.996724] davinci_mdio 4a101000.mdio: phy[5]: device 4a101000.mdio:05, driver Micrel KSZ9031 Gigabit PHY
[    2.008232] cpsw 4a100000.ethernet: Detected MACID = 34:b1:f7:3d:b9:0c
[    2.016068] cpsw 4a100000.ethernet: cpsw: Detected MACID = 34:b1:f7:3d:b9:0e
[    2.024639] hctosys: unable to open rtc device (rtc0)
[    2.034704] net eth0: initializing cpsw version 1.15 (0)
[    2.042975] backlight supply power not found, using dummy regulator
[    2.052181] omap_hsmmc 48060000.mmc: Got CD GPIO
[    2.108648] net eth0: phy found : id is : 0x221622
[    2.117497] IPv6: ADDRCONF(NETDEV_UP): eth0: link is not ready
[    2.507122] usb 1-1: new high-speed USB device number 2 using xhci-hcd
[    2.638823] usb-storage 1-1:1.0: USB Mass Storage device detected
[    2.645674] scsi host0: usb-storage 1-1:1.0
[    2.651300] backlight supply power not found, using dummy regulator
[    2.660380] omap_hsmmc 48060000.mmc: Got CD GPIO
[    3.647983] scsi 0:0:0:0: Direct-Access     Generic  Flash Disk       1.68 PQ: 0 ANSI: 2
[    3.658068] backlight supply power not found, using dummy regulator
[    3.667200] omap_hsmmc 48060000.mmc: Got CD GPIO
[    3.674114] sd 0:0:0:0: [sda] 2048000 512-byte logical blocks: (1.04 GB/1000 MiB)
[    3.682921] sd 0:0:0:0: [sda] Write Protect is off
[    3.688584] sd 0:0:0:0: [sda] No Caching mode page found
[    3.694182] sd 0:0:0:0: [sda] Assuming drive cache: write through
[    3.704547]  sda: sda1
[    3.709545] sd 0:0:0:0: [sda] Attached SCSI removable disk
[    6.108038] cpsw 4a100000.ethernet eth0: Link is Up - 1Gbps/Full - flow control rx/tx
[    6.116306] IPv6: ADDRCONF(NETDEV_CHANGE): eth0: link becomes ready
[    6.127136] Sending DHCP requests ., OK
[    6.182589] IP-Config: Got DHCP answer from 192.168.0.1, my address is 192.168.0.91
[    6.190743] IP-Config: Complete:
[    6.194148]      device=eth0, hwaddr=34:b1:f7:3d:b9:0c, ipaddr=192.168.0.91, mask=255.255.255.0, gw=192.168.0.1
[    6.204689]      host=192.168.0.91, domain=ti.com, nis-domain=(none)
[    6.211335]      bootserver=192.168.0.1, rootserver=192.168.0.1, rootpath=
[    6.218338]      nameserver0=192.0.2.2, nameserver1=192.0.2.3
[    6.225582] Waiting for root device PARTUUID=00000000-02...
[   51.776305] Unable to handle kernel paging request at virtual address b5d04c08
[   51.783858] pgd = c0204000
[   51.786679] [b5d04c08] *pgd=00000000
[   51.790421] Internal error: Oops: 5 [#1] SMP ARM
[   51.795250] Modules linked in:
[   51.798458] CPU: 0 PID: 0 Comm: swapper/0 Not tainted 4.3.0-rc1-next-20150918-00002-g3377da53ceb1 #1
[   51.808008] Hardware name: Generic AM43 (Flattened Device Tree)
[   51.814188] task: c0e88428 ti: c0e82000 task.ti: c0e82000
[   51.819837] PC is at ip_route_input_noref+0x238/0x820
[   51.825128] LR is at dst_alloc+0x70/0x94
[   51.829234] pc : [<c08e51dc>]    lr : [<c08c8524>]    psr: a0000113
[   51.829234] sp : c0e83ce0  ip : 2e949000  fp : 00000000
[   51.841235] r10: eed05800  r9 : eecb5f00  r8 : ffffffea
[   51.846696] r7 : c0f78900  r6 : eed39800  r5 : 00000000  r4 : eecfa780
[   51.853511] r3 : b5d04c00  r2 : c08e3cb4  r1 : 00000010  r0 : eed39800
[   51.860337] Flags: NzCv  IRQs on  FIQs on  Mode SVC_32  ISA ARM  Segment none
[   51.867788] Control: 10c5387d  Table: 80204059  DAC: 00000051
[   51.873800] Process swapper/0 (pid: 0, stack limit = 0xc0e82220)
[   51.880076] Stack: (0xc0e83ce0 to 0xc0e84000)
[   51.884626] 3ce0: 00000000 00000000 00000000 0000000a ffffffff 00000000 c0fab0b8 c0f86958
[   51.893183] 3d00: c0f86958 00000000 0000000b ef7c6c40 00000000 00000000 ef7c6c00 c0297eec
[   51.901739] 3d20: c0e7dc00 3000f47e 0000000b c0037ab0 2d05e000 00000000 b5d04c00 68a0aa00
[   51.910288] 3d40: 00000000 ee862ac0 c0f86940 eed46850 eecfa798 eecfa780 c0f78900 00000002
[   51.918838] 3d60: 00000000 c0e83db4 eed05800 c08e7588 eed05800 00000000 00000000 eecfa780
[   51.927395] 3d80: c0e86cf0 eed05848 eed05800 00000008 eed0585c c08ba064 00000005 00000000
[   51.935951] 3da0: 00000000 00000000 c0faad30 eecfa780 0dbb8280 eed0585c eed05800 eecfa780
[   51.944502] 3dc0: c0e85dd4 eecfa780 eed05cc0 00000156 c0e81980 00010000 2e949000 c08bdb0c
[   51.953064] 3de0: 00000700 60000113 eed8eb00 c08b3344 eed8eb42 eed2a9c0 eed05800 eed2a9c0
[   51.961625] 3e00: eed05800 c073a118 eecf5b38 60000113 f18f8040 eece3e50 eecf5b10 eecfa780
[   51.970174] 3e20: 00000156 c07359fc 00000000 c028d0bc c028d0a8 00010000 eece3e50 f18f8040
[   51.978729] 3e40: 00000156 eece3e70 eecf5b10 c0735af0 00000001 eece3e50 00000000 00000040
[   51.987280] 3e60: 0000012c ffff3e14 c0e83ea0 c0735b6c eed05cd0 eed05cd0 00000040 c073a868
[   51.995829] 3e80: eed05cd0 00000001 00000040 c08be258 00000000 c0e84100 c0e83ea8 ef7ca980
[   52.004381] 3ea0: c0e83ea0 c0e83ea0 c0e83ea8 c0e83ea8 c0f85c00 00000000 c0e8408c 00000100
[   52.012928] 3ec0: c0e84080 c0e7d308 00000003 c0f85c00 00000003 c024dfc0 ee8f7ea4 00000000
[   52.021484] 3ee0: c0e84080 0000000a ffff3e13 00200000 00000000 c0e7e494 00000000 00000000
[   52.030039] 3f00: 00000049 ee808000 00000001 fa241100 00000000 c024e3a4 c0e7e494 c0289208
[   52.038586] 3f20: fa240100 c0e84848 c0ec0c84 c0e83f58 fa24010c c020a6fc c02113e0 c02113e4
[   52.047146] 3f40: 60000013 ffffffff c0e83f8c c0e8450c c0e7d364 c0214694 00000001 00000000
[   52.055698] 3f60: c0e83fb0 c02215a0 c0e84504 c0e844a4 00000000 c0e805c8 c0e8450c 00000001
[   52.064247] 3f80: c0e7d364 00000000 c0e7d388 c0e83fa8 c02113e0 c02113e4 60000013 ffffffff
[   52.072801] 3fa0: 00000051 c0e84504 00000000 c027e500 00000118 c0f83000 00000000 c0d82bf0
[   52.081352] 3fc0: ffffffff ffffffff 00000000 c0d82668 00000000 c0e1aa28 00000000 c0f835d4
[   52.089902] 3fe0: c0e84480 c0e1aa24 c0e8952c 80204059 00000000 8020807c 00000000 00000000
[   52.098460] [<c08e51dc>] (ip_route_input_noref) from [<c08e7588>] (ip_rcv+0x390/0x72c)
[   52.106754] [<c08e7588>] (ip_rcv) from [<c08ba064>] (__netif_receive_skb_core+0x304/0x764)
[   52.115408] [<c08ba064>] (__netif_receive_skb_core) from [<c08bdb0c>] (netif_receive_skb_internal+0x30/0xa0)
[   52.125684] [<c08bdb0c>] (netif_receive_skb_internal) from [<c073a118>] (cpsw_rx_handler+0xa8/0x1d8)
[   52.135247] [<c073a118>] (cpsw_rx_handler) from [<c07359fc>] (__cpdma_chan_free+0x90/0xa0)
[   52.143887] [<c07359fc>] (__cpdma_chan_free) from [<c0735af0>] (__cpdma_chan_process+0xe4/0x120)
[   52.153070] [<c0735af0>] (__cpdma_chan_process) from [<c0735b6c>] (cpdma_chan_process+0x40/0x50)
[   52.162260] [<c0735b6c>] (cpdma_chan_process) from [<c073a868>] (cpsw_rx_poll+0x14/0x94)
[   52.170718] [<c073a868>] (cpsw_rx_poll) from [<c08be258>] (net_rx_action+0xf8/0x2d4)
[   52.178824] [<c08be258>] (net_rx_action) from [<c024dfc0>] (__do_softirq+0xe4/0x230)
[   52.186917] [<c024dfc0>] (__do_softirq) from [<c024e3a4>] (irq_exit+0xa8/0x114)
[   52.194555] [<c024e3a4>] (irq_exit) from [<c0289208>] (__handle_domain_irq+0x58/0xac)
[   52.202742] [<c0289208>] (__handle_domain_irq) from [<c020a6fc>] (gic_handle_irq+0x4c/0x98)
[   52.211483] [<c020a6fc>] (gic_handle_irq) from [<c0214694>] (__irq_svc+0x54/0x70)
[   52.219294] Exception stack(0xc0e83f58 to 0xc0e83fa0)
[   52.224572] 3f40:                                                       00000001 00000000
[   52.233120] 3f60: c0e83fb0 c02215a0 c0e84504 c0e844a4 00000000 c0e805c8 c0e8450c 00000001
[   52.241665] 3f80: c0e7d364 00000000 c0e7d388 c0e83fa8 c02113e0 c02113e4 60000013 ffffffff
[   52.250216] [<c0214694>] (__irq_svc) from [<c02113e4>] (arch_cpu_idle+0x30/0x3c)
[   52.257955] [<c02113e4>] (arch_cpu_idle) from [<c027e500>] (cpu_startup_entry+0x1cc/0x24c)
[   52.266617] [<c027e500>] (cpu_startup_entry) from [<c0d82bf0>] (start_kernel+0x358/0x3c0)
[   52.275170] [<c0d82bf0>] (start_kernel) from [<8020807c>] (0x8020807c)
[   52.281998] Code: e5c6205e e59f25cc e3530000 e586202c (15933008) 
[   52.288422] ---[ end trace dea0625701bdba5f ]---
[   52.293296] Kernel panic - not syncing: Fatal exception in interrupt
[   52.299985] ---[ end Kernel panic - not syncing: Fatal exception in interrupt
- 07:08:54 [INFO] Boot attempt 1/1 failed
URL:gtsystest.telogy.design.ti.com/vatf/tigtfarm07/tigtfarm07_vatf@am437x-sk1/tigtfarm0709_18_2015_07_06_00/files/session_iteration_1/test_1
