- 02:31:48 [INFO] Starting target session
- 02:31:48 [INFO] Connected to am43xx-gpevm via serial 
- 02:31:48 [INFO] Host: #check prompt
- 02:31:51 [ERROR] On command: #check prompt waiting for #check prompt.+?(?-mix:((?-mix:login:)|[Pp]assword)) >>> error: execution expired
- 02:31:51 [INFO] Target: 
#check prompt
root@am437x-evm:/test# 
- 02:31:51 [INFO] Host: #check prompt
- 02:31:51 [INFO] Target: 
#check prompt
root@am437x-evm:/test# 
- 02:31:51 [INFO] Host: sync;poweroff
- 02:32:06 [INFO] Target: 
sync;poweroff
INIT: Switchin
INIT: 
Sending processes the TERM signal
Broadcast message from root@am437x-evm (ttyO0) (Thu Jan 30 14:28:55 2014):
The system is going down for system halt NOW!
root@am437x-evm:/test# 
INIT: Sending processesStopping Dropbear SSH server: stopped /usr/sbin/dropbear (pid 653)
dropbear.
Stopping telnet daemon.
Stopping system message bus: hwclock: can't open '/dev/misc/rtc': No such file or directory
Error opening /dev/fb0: No such file or directory
Stopping syslogd/klogd: stopped syslogd (pid 663)
stopped klogd (pid 666)
done
Stopping thttpd.
ALSA: Storing mixer settings...
/usr/sbin/alsactl: save_state:1580: No soundcards found...
Deconfiguring network interfaces... done.
Stopping Lighttpd Web Server: stopped /usr/sbin/lighttpd (pid 674)
lighttpd.
Stopping Matrix GUI applicationstart-stop-daemon: warning: killing process 682: No such process
***************************************************************
***************************************************************
NOTICE: This file system contains the followin GPLv3 packages:
	binutils-symlinks
	binutils
	gdbserver
If you do not wish to distribute GPLv3 components please remove
the above packages prior to distribution.  This can be done using
the opkg remove command.  i.e.:
    opkg remove <package>
Where <package> is the name printed in the list above
NOTE: If the package is a dependency of another package you
      will be notified of the dependent packages.  You should
      use the --force-removal-of-dependent-packages option to
      also remove the dependent packages as well
***************************************************************
***************************************************************
Sending all processes the TERM signal...
Sending all processes the KILL signal...
Unmounting remote filesystems...
Deactivating swap...
Unmounting local filesystems...
[ 3508.082183] EXT4-fs (mmcblk1p2): re-mounted. Opts: data=ordered
[ 3510.256896] reboot: System halted
- 02:32:06 [INFO] Disconnected serial from am43xx-gpevm
- 02:32:07 [INFO] Connected to am43xx-gpevm via serial 
- 02:32:07 [INFO] Host: 
- 02:32:10 [INFO] Target: 
U-Boot SPL 2016.05-00100-g052f3bf (Aug 01 2016 - 10:36:01)
Trying to boot from MMC1
SPL: Please implement spl_start_uboot() for your board
SPL: Direct Linux boot not active!
reading u-boot.img
reading u-boot.img
reading u-boot.img
reading u-boot.img
U-Boot 2016.05-00100-g052f3bf (Aug 01 2016 - 10:36:01 -0500), Build: jenkins-ti-uboot-compile-test-156
I2C:   ready
DRAM:  2 GiB
PMIC:  TPS65218
NAND:  512 MiB
MMC:   OMAP SD/MMC: 0
reading uboot.env
Net:   
Warning: ethernet@4a100000 using MAC address from ROM
eth0: ethernet@4a100000
Hit any key to stop autoboot:  2  0 
=>  
=>  
=>  
=>  
=>  
=>  
=>  
=>  
=>  
=>  
- 02:32:10 [INFO] Host: 
- 02:32:10 [INFO] Target: 
- 02:32:10 [INFO] Host: version
- 02:32:10 [INFO] Target: 
version
U-Boot 2016.05-00100-g052f3bf (Aug 01 2016 - 10:36:01 -0500)
arm-linux-gnueabihf-gcc (Linaro GCC 5.3-2016.02) 5.3.1 20160113
GNU ld (GNU Binutils) 2.25.0 Linaro 2015_10
- 02:32:10 [INFO] Host: setenv bootargs 'console=ttyO0,115200n8 earlyprintk=serial,ttyO0,115200n8 rootwait '
- 02:32:10 [INFO] Target: 
setenv bootargs 'console=ttyO0,115200n8 earlyprintk=serial,ttyO0,115200n8 rootwait '
- 02:32:10 [INFO] Host: setenv bootcmd  ''
- 02:32:10 [INFO] Target: 
setenv bootcmd  ''
- 02:32:10 [INFO] Host: setenv autoload 'no'
- 02:32:10 [INFO] Target: 
setenv autoload 'no'
- 02:32:10 [INFO] Host: setenv serverip '192.168.0.1'
- 02:32:10 [INFO] Target: 
setenv serverip '192.168.0.1'
- 02:32:10 [INFO] Host: setenv _initramfs -
- 02:32:10 [INFO] Target: 
setenv _initramfs -
- 02:32:10 [INFO] Host: printenv
- 02:32:11 [INFO] Target: 
printenv
_initramfs=-
arch=arm
args_mmc=run finduuid;setenv bootargs console=${console} ${optargs} root=PARTUUID=${uuid} rw rootfstype=${mmcrootfstype}
autoload=no
baudrate=115200
board=am43xx
board_name=AM43__GP
board_rev=1.2A
board_serial=51134P380014
bootargs=console=ttyO0,115200n8 earlyprintk=serial,ttyO0,115200n8 rootwait 
bootcmd=
bootdelay=2
bootdir=/boot
bootenvfile=uEnv.txt
bootfile=zImage
bootm_size=0x10000000
bootpart=0:2
bootscript=echo Running bootscript from mmc${mmcdev} ...; source ${loadaddr}
console=ttyO0,115200n8
cpu=armv7
dfu_alt_info_emmc=MLO raw 0x100 0x100 mmcpart 0;u-boot.img raw 0x300 0x1000 mmcpart 0
dfu_alt_info_mmc=boot part 0 1;rootfs part 0 2;MLO fat 0 1;spl-os-args fat 0 1;spl-os-image fat 0 1;u-boot.img fat 0 1;uEnv.txt fat 0 1
dfu_alt_info_qspi=u-boot.bin raw 0x0 0x080000;u-boot.backup raw 0x080000 0x080000;u-boot-spl-os raw 0x100000 0x010000;u-boot-env raw 0x110000 0x010000;u-boot-env.backup raw 0x120000 0x010000;kernel raw 0x130000 0x800000
dfu_alt_info_ram=kernel ram 0x80200000 0x4000000;fdt ram 0x80f80000 0x80000;ramdisk ram 0x81000000 0x4000000
dfu_bufsiz=0x10000
envboot=mmc dev ${mmcdev}; if mmc rescan; then echo SD/MMC found on device ${mmcdev};if run loadbootscript; then run bootscript;else if run loadbootenv; then echo Loaded env from ${bootenvfile};run importbootenv;fi;if test -n $uenvcmd; then echo Running uenvcmd ...;run uenvcmd;fi;fi;fi;
ethaddr=34:b1:f7:31:5c:b3
fdt_addr_r=0x88000000
fdtaddr=0x88000000
fdtcontroladdr=fef0fcf8
fdtfile=undefined
findfdt=if test $board_name = AM43EPOS; then setenv fdtfile am43x-epos-evm.dtb; fi; if test $board_name = AM43__GP; then setenv fdtfile am437x-gp-evm.dtb; fi; if test $board_name = AM43XXHS; then setenv fdtfile am437x-gp-evm.dtb; fi; if test $board_name = AM43__SK; then setenv fdtfile am437x-sk-evm.dtb; fi; if test $board_name = AM43_IDK; then setenv fdtfile am437x-idk-evm.dtb; fi; if test $fdtfile = undefined; then echo WARNING: Could not determine device tree; fi; 
finduuid=part uuid mmc ${bootpart} uuid
importbootenv=echo Importing environment from mmc${mmcdev} ...; env import -t ${loadaddr} ${filesize}
kernel_addr_r=0x82000000
loadaddr=0x82000000
loadbootenv=fatload mmc ${mmcdev} ${loadaddr} ${bootenvfile}
loadbootscript=load mmc ${mmcdev} ${loadaddr} boot.scr
loadfdt=load ${devtype} ${bootpart} ${fdtaddr} ${bootdir}/${fdtfile}
loadimage=load ${devtype} ${bootpart} ${loadaddr} ${bootdir}/${bootfile}
loadramdisk=load ${devtype} ${devnum} ${rdaddr} ramdisk.gz
mmcboot=mmc dev ${mmcdev}; setenv devnum ${mmcdev}; setenv devtype mmc; if mmc rescan; then echo SD/MMC found on device ${devnum};if run loadimage; then run loadfdt; echo Booting from mmc${mmcdev} ...; run args_mmc; bootz ${loadaddr} - ${fdtaddr}; fi;fi;
mmcdev=0
mmcrootfstype=ext4 rootwait
mtdids=nand0=nand.0
mtdparts=mtdparts=nand.0:256k(NAND.SPL),256k(NAND.SPL.backup1),256k(NAND.SPL.backup2),256k(NAND.SPL.backup3),512k(NAND.u-boot-spl-os),1m(NAND.u-boot),256k(NAND.u-boot-env),256k(NAND.u-boot-env.backup1),7m(NAND.kernel),-(NAND.file-system)
nandargs=setenv bootargs console=${console} ${optargs} root=${nandroot} rootfstype=${nandrootfstype}
nandboot=echo Booting from nand ...; run nandargs; nand read ${fdtaddr} NAND.u-boot-spl-os; nand read ${loadaddr} NAND.kernel; bootz ${loadaddr} - ${fdtaddr}
nandroot=ubi0:rootfs rw ubi.mtd=NAND.file-system,4096
nandrootfstype=ubifs rootwait=1
netargs=setenv bootargs console=${console} ${optargs} root=/dev/nfs nfsroot=${serverip}:${rootpath},${nfsopts} rw ip=dhcp
netboot=echo Booting from network ...; setenv autoload no; dhcp; run netloadimage; run netloadfdt; run netargs; bootz ${loadaddr} - ${fdtaddr}
netloadfdt=tftp ${fdtaddr} ${fdtfile}
netloadimage=tftp ${loadaddr} ${bootfile}
nfsopts=nolock
partitions=uuid_disk=${uuid_gpt_disk};name=rootfs,start=2MiB,size=-,uuid=${uuid_gpt_rootfs}
pxefile_addr_r=0x80100000
ramargs=setenv bootargs console=${console} ${optargs} root=${ramroot} rootfstype=${ramrootfstype}
ramdisk_addr_r=0x88080000
ramroot=/dev/ram0 rw
ramrootfstype=ext2
rdaddr=0x88080000
rootpath=/export/rootfs
scriptaddr=0x80000000
serverip=192.168.0.1
soc=am33xx
static_ip=${ipaddr}:${serverip}:${gatewayip}:${netmask}:${hostname}::off
stderr=serial@44e09000
stdin=serial@44e09000
stdout=serial@44e09000
usbargs=setenv bootargs console=${console} ${optargs} root=${usbroot} rootfstype=${usbrootfstype}
usbboot=setenv devnum ${usbdev}; setenv devtype usb; usb start ${usbdev}; if usb dev ${usbdev}; then if run loadbootenv; then echo Loaded environment from ${bootenv};run importbootenv;fi;if test -n $uenvcmd; then echo Running uenvcmd ...;run uenvcmd;fi;if run loadimage; then run loadfdt; echo Booting from usb ${usbdev}...; run usbargs;bootz ${loadaddr} - ${fdtaddr}; fi;fi
usbdev=0
usbroot=/dev/sda2 rw
usbrootfstype=ext4 rootwait
vendor=ti
ver=U-Boot 2016.05-00100-g052f3bf (Aug 01 2016 - 10:36:01 -0500)
Environment size: 5016/65532 bytes
- 02:32:11 [INFO] Host: printenv
- 02:32:11 [INFO] Target: 
printenv
_initramfs=-
arch=arm
args_mmc=run finduuid;setenv bootargs console=${console} ${optargs} root=PARTUUID=${uuid} rw rootfstype=${mmcrootfstype}
autoload=no
baudrate=115200
board=am43xx
board_name=AM43__GP
board_rev=1.2A
board_serial=51134P380014
bootargs=console=ttyO0,115200n8 earlyprintk=serial,ttyO0,115200n8 rootwait 
bootcmd=
bootdelay=2
bootdir=/boot
bootenvfile=uEnv.txt
bootfile=zImage
bootm_size=0x10000000
bootpart=0:2
bootscript=echo Running bootscript from mmc${mmcdev} ...; source ${loadaddr}
console=ttyO0,115200n8
cpu=armv7
dfu_alt_info_emmc=MLO raw 0x100 0x100 mmcpart 0;u-boot.img raw 0x300 0x1000 mmcpart 0
dfu_alt_info_mmc=boot part 0 1;rootfs part 0 2;MLO fat 0 1;spl-os-args fat 0 1;spl-os-image fat 0 1;u-boot.img fat 0 1;uEnv.txt fat 0 1
dfu_alt_info_qspi=u-boot.bin raw 0x0 0x080000;u-boot.backup raw 0x080000 0x080000;u-boot-spl-os raw 0x100000 0x010000;u-boot-env raw 0x110000 0x010000;u-boot-env.backup raw 0x120000 0x010000;kernel raw 0x130000 0x800000
dfu_alt_info_ram=kernel ram 0x80200000 0x4000000;fdt ram 0x80f80000 0x80000;ramdisk ram 0x81000000 0x4000000
dfu_bufsiz=0x10000
envboot=mmc dev ${mmcdev}; if mmc rescan; then echo SD/MMC found on device ${mmcdev};if run loadbootscript; then run bootscript;else if run loadbootenv; then echo Loaded env from ${bootenvfile};run importbootenv;fi;if test -n $uenvcmd; then echo Running uenvcmd ...;run uenvcmd;fi;fi;fi;
ethaddr=34:b1:f7:31:5c:b3
fdt_addr_r=0x88000000
fdtaddr=0x88000000
fdtcontroladdr=fef0fcf8
fdtfile=undefined
findfdt=if test $board_name = AM43EPOS; then setenv fdtfile am43x-epos-evm.dtb; fi; if test $board_name = AM43__GP; then setenv fdtfile am437x-gp-evm.dtb; fi; if test $board_name = AM43XXHS; then setenv fdtfile am437x-gp-evm.dtb; fi; if test $board_name = AM43__SK; then setenv fdtfile am437x-sk-evm.dtb; fi; if test $board_name = AM43_IDK; then setenv fdtfile am437x-idk-evm.dtb; fi; if test $fdtfile = undefined; then echo WARNING: Could not determine device tree; fi; 
finduuid=part uuid mmc ${bootpart} uuid
importbootenv=echo Importing environment from mmc${mmcdev} ...; env import -t ${loadaddr} ${filesize}
kernel_addr_r=0x82000000
loadaddr=0x82000000
loadbootenv=fatload mmc ${mmcdev} ${loadaddr} ${bootenvfile}
loadbootscript=load mmc ${mmcdev} ${loadaddr} boot.scr
loadfdt=load ${devtype} ${bootpart} ${fdtaddr} ${bootdir}/${fdtfile}
loadimage=load ${devtype} ${bootpart} ${loadaddr} ${bootdir}/${bootfile}
loadramdisk=load ${devtype} ${devnum} ${rdaddr} ramdisk.gz
mmcboot=mmc dev ${mmcdev}; setenv devnum ${mmcdev}; setenv devtype mmc; if mmc rescan; then echo SD/MMC found on device ${devnum};if run loadimage; then run loadfdt; echo Booting from mmc${mmcdev} ...; run args_mmc; bootz ${loadaddr} - ${fdtaddr}; fi;fi;
mmcdev=0
mmcrootfstype=ext4 rootwait
mtdids=nand0=nand.0
mtdparts=mtdparts=nand.0:256k(NAND.SPL),256k(NAND.SPL.backup1),256k(NAND.SPL.backup2),256k(NAND.SPL.backup3),512k(NAND.u-boot-spl-os),1m(NAND.u-boot),256k(NAND.u-boot-env),256k(NAND.u-boot-env.backup1),7m(NAND.kernel),-(NAND.file-system)
nandargs=setenv bootargs console=${console} ${optargs} root=${nandroot} rootfstype=${nandrootfstype}
nandboot=echo Booting from nand ...; run nandargs; nand read ${fdtaddr} NAND.u-boot-spl-os; nand read ${loadaddr} NAND.kernel; bootz ${loadaddr} - ${fdtaddr}
nandroot=ubi0:rootfs rw ubi.mtd=NAND.file-system,4096
nandrootfstype=ubifs rootwait=1
netargs=setenv bootargs console=${console} ${optargs} root=/dev/nfs nfsroot=${serverip}:${rootpath},${nfsopts} rw ip=dhcp
netboot=echo Booting from network ...; setenv autoload no; dhcp; run netloadimage; run netloadfdt; run netargs; bootz ${loadaddr} - ${fdtaddr}
netloadfdt=tftp ${fdtaddr} ${fdtfile}
netloadimage=tftp ${loadaddr} ${bootfile}
nfsopts=nolock
partitions=uuid_disk=${uuid_gpt_disk};name=rootfs,start=2MiB,size=-,uuid=${uuid_gpt_rootfs}
pxefile_addr_r=0x80100000
ramargs=setenv bootargs console=${console} ${optargs} root=${ramroot} rootfstype=${ramrootfstype}
ramdisk_addr_r=0x88080000
ramroot=/dev/ram0 rw
ramrootfstype=ext2
rdaddr=0x88080000
rootpath=/export/rootfs
scriptaddr=0x80000000
serverip=192.168.0.1
soc=am33xx
static_ip=${ipaddr}:${serverip}:${gatewayip}:${netmask}:${hostname}::off
stderr=serial@44e09000
stdin=serial@44e09000
stdout=serial@44e09000
usbargs=setenv bootargs console=${console} ${optargs} root=${usbroot} rootfstype=${usbrootfstype}
usbboot=setenv devnum ${usbdev}; setenv devtype usb; usb start ${usbdev}; if usb dev ${usbdev}; then if run loadbootenv; then echo Loaded environment from ${bootenv};run importbootenv;fi;if test -n $uenvcmd; then echo Running uenvcmd ...;run uenvcmd;fi;if run loadimage; then run loadfdt; echo Booting from usb ${usbdev}...; run usbargs;bootz ${loadaddr} - ${fdtaddr}; fi;fi
usbdev=0
usbroot=/dev/sda2 rw
usbrootfstype=ext4 rootwait
vendor=ti
ver=U-Boot 2016.05-00100-g052f3bf (Aug 01 2016 - 10:36:01 -0500)
Environment size: 5016/65532 bytes
- 02:32:11 [INFO] Host: setenv bootargs ''${bootargs}' ip=:::::eth0:dhcp '
- 02:32:12 [INFO] Target: 
setenv bootargs ''${bootargs}' ip=:::::eth0:dhcp '
- 02:32:12 [INFO] Host: setenv serverip '192.168.0.1'
- 02:32:12 [INFO] Target: 
setenv serverip '192.168.0.1'
- 02:32:12 [INFO] Host: setenv autoload 'no'
- 02:32:12 [INFO] Target: 
setenv autoload 'no'
- 02:32:12 [INFO] Host: dhcp
- 02:32:32 [ERROR] On command: dhcp waiting for dhcp.+?(?mi-x:DHCP client bound to address.*(?-mix:(?-mix:U-Boot#)|=>)) >>> error: execution expired
- 02:32:32 [INFO] Target: 
dhcp
ethernet@4a100000 Waiting for PHY auto negotiation to complete................. TIMEOUT !
BOOTP broadcast 1
BOOTP broadcast 2
BOOTP broadcast 3
BOOTP broadcast 4
BOOTP broadcast 5
BOOTP broadcast 6
BOOTP broadcast 7
BOOTP broadcast 8
- 02:32:42 [INFO] 
Abort
- 02:32:42 [INFO] Host: dhcp
- 02:32:43 [INFO] Target: 
dhcp
link up on port 0, speed 1000, full duplex
BOOTP broadcast 1
BOOTP broadcast 2
BOOTP broadcast 3
DHCP client bound to address 192.168.0.126 (1003 ms)
- 02:32:43 [INFO] Host: tftp ${loadaddr} 192.168.0.1:vatf_am43xx-gpevm1/2e76692612a816a1ee623e8fdf7710d2
- 02:32:44 [INFO] Target: 
tftp ${loadaddr} 192.168.0.1:vatf_am43xx-gpevm1/2e76692612a816a1ee623e8fdf7710d2
link up on port 0, speed 1000, full duplex
Using ethernet@4a100000 device
TFTP from server 192.168.0.1; our IP address is 192.168.0.126
Filename 'vatf_am43xx-gpevm1/2e76692612a816a1ee623e8fdf7710d2'.
Load address: 0x82000000
Loading: *#################################################################
	 #################################################################
	 #################################################################
	 #################################################################
	 #################################################################
	 #################################################################
	 #################################################################
	 ##############
	 6.2 MiB/s
done
Bytes transferred = 6873000 (68dfa8 hex)
- 02:32:44 [INFO] Host: tftp ${fdt_addr_r} 192.168.0.1:vatf_am43xx-gpevm1/1b8db132767fa1f95c66078278fc37f2
- 02:32:44 [INFO] Target: 
tftp ${fdt_addr_r} 192.168.0.1:vatf_am43xx-gpevm1/1b8db132767fa1f95c66078278fc37f2
link up on port 0, speed 1000, full duplex
Using ethernet@4a100000 device
TFTP from server 192.168.0.1; our IP address is 192.168.0.126
Filename 'vatf_am43xx-gpevm1/1b8db132767fa1f95c66078278fc37f2'.
Load address: 0x88000000
Loading: *####
	 5.2 MiB/s
done
Bytes transferred = 49212 (c03c hex)
- 02:32:44 [INFO] Host: ls mmc 0:1
- 02:32:44 [INFO] Target: 
ls mmc 0:1
    74448   mlo 
   599344   u-boot.img 
  2424950   u-boot 
   402704   u-boot.bin 
  1054308   u-boot-spl 
   116124   u-boot-spl.bin 
      259   uboot_build.txt 
       13   .ipaddr 
        0   pointercal 
            old_uboot/
        4   ws-calibrate.rules 
    65536   uboot.env 
11 file(s), 1 dir(s)
- 02:32:44 [INFO] Host: ls mmc 0:2
- 02:32:44 [INFO] Target: 
ls mmc 0:2
<DIR>       4096 .
<DIR>       4096 ..
<DIR>       4096 bin
<DIR>       4096 boot
<DIR>       4096 dev
<DIR>       4096 etc
<DIR>       4096 home
<DIR>       4096 lib
<DIR>       4096 media
<DIR>       4096 mnt
<DIR>       4096 opt
<DIR>       4096 proc
<DIR>       4096 sbin
<DIR>       4096 srv
<DIR>       4096 sys
<SYM>          8 tmp
<DIR>       4096 usr
<DIR>       4096 var
<DIR>       4096 www
<SYM>          8 run
<DIR>       4096 Settings
<DIR>       4096 test
- 02:32:44 [INFO] Host: part uuid mmc 0:2
- 02:32:45 [INFO] Target: 
part uuid mmc 0:2
00000000-02
- 02:32:45 [INFO] Host: printenv
- 02:32:45 [INFO] Target: 
printenv
_initramfs=-
arch=arm
args_mmc=run finduuid;setenv bootargs console=${console} ${optargs} root=PARTUUID=${uuid} rw rootfstype=${mmcrootfstype}
autoload=no
baudrate=115200
board=am43xx
board_name=AM43__GP
board_rev=1.2A
board_serial=51134P380014
bootargs=console=ttyO0,115200n8 earlyprintk=serial,ttyO0,115200n8 rootwait  ip=:::::eth0:dhcp 
bootcmd=
bootdelay=2
bootdir=/boot
bootenvfile=uEnv.txt
bootfile=zImage
bootm_size=0x10000000
bootpart=0:2
bootscript=echo Running bootscript from mmc${mmcdev} ...; source ${loadaddr}
console=ttyO0,115200n8
cpu=armv7
dfu_alt_info_emmc=MLO raw 0x100 0x100 mmcpart 0;u-boot.img raw 0x300 0x1000 mmcpart 0
dfu_alt_info_mmc=boot part 0 1;rootfs part 0 2;MLO fat 0 1;spl-os-args fat 0 1;spl-os-image fat 0 1;u-boot.img fat 0 1;uEnv.txt fat 0 1
dfu_alt_info_qspi=u-boot.bin raw 0x0 0x080000;u-boot.backup raw 0x080000 0x080000;u-boot-spl-os raw 0x100000 0x010000;u-boot-env raw 0x110000 0x010000;u-boot-env.backup raw 0x120000 0x010000;kernel raw 0x130000 0x800000
dfu_alt_info_ram=kernel ram 0x80200000 0x4000000;fdt ram 0x80f80000 0x80000;ramdisk ram 0x81000000 0x4000000
dfu_bufsiz=0x10000
dnsip=192.0.2.2
dnsip2=192.0.2.3
envboot=mmc dev ${mmcdev}; if mmc rescan; then echo SD/MMC found on device ${mmcdev};if run loadbootscript; then run bootscript;else if run loadbootenv; then echo Loaded env from ${bootenvfile};run importbootenv;fi;if test -n $uenvcmd; then echo Running uenvcmd ...;run uenvcmd;fi;fi;fi;
ethact=ethernet@4a100000
ethaddr=34:b1:f7:31:5c:b3
fdt_addr_r=0x88000000
fdtaddr=0x88000000
fdtcontroladdr=fef0fcf8
fdtfile=undefined
fileaddr=88000000
filesize=c03c
findfdt=if test $board_name = AM43EPOS; then setenv fdtfile am43x-epos-evm.dtb; fi; if test $board_name = AM43__GP; then setenv fdtfile am437x-gp-evm.dtb; fi; if test $board_name = AM43XXHS; then setenv fdtfile am437x-gp-evm.dtb; fi; if test $board_name = AM43__SK; then setenv fdtfile am437x-sk-evm.dtb; fi; if test $board_name = AM43_IDK; then setenv fdtfile am437x-idk-evm.dtb; fi; if test $fdtfile = undefined; then echo WARNING: Could not determine device tree; fi; 
finduuid=part uuid mmc ${bootpart} uuid
gatewayip=192.168.0.1
importbootenv=echo Importing environment from mmc${mmcdev} ...; env import -t ${loadaddr} ${filesize}
ipaddr=192.168.0.126
kernel_addr_r=0x82000000
loadaddr=0x82000000
loadbootenv=fatload mmc ${mmcdev} ${loadaddr} ${bootenvfile}
loadbootscript=load mmc ${mmcdev} ${loadaddr} boot.scr
loadfdt=load ${devtype} ${bootpart} ${fdtaddr} ${bootdir}/${fdtfile}
loadimage=load ${devtype} ${bootpart} ${loadaddr} ${bootdir}/${bootfile}
loadramdisk=load ${devtype} ${devnum} ${rdaddr} ramdisk.gz
mmcboot=mmc dev ${mmcdev}; setenv devnum ${mmcdev}; setenv devtype mmc; if mmc rescan; then echo SD/MMC found on device ${devnum};if run loadimage; then run loadfdt; echo Booting from mmc${mmcdev} ...; run args_mmc; bootz ${loadaddr} - ${fdtaddr}; fi;fi;
mmcdev=0
mmcrootfstype=ext4 rootwait
mtdids=nand0=nand.0
mtdparts=mtdparts=nand.0:256k(NAND.SPL),256k(NAND.SPL.backup1),256k(NAND.SPL.backup2),256k(NAND.SPL.backup3),512k(NAND.u-boot-spl-os),1m(NAND.u-boot),256k(NAND.u-boot-env),256k(NAND.u-boot-env.backup1),7m(NAND.kernel),-(NAND.file-system)
nandargs=setenv bootargs console=${console} ${optargs} root=${nandroot} rootfstype=${nandrootfstype}
nandboot=echo Booting from nand ...; run nandargs; nand read ${fdtaddr} NAND.u-boot-spl-os; nand read ${loadaddr} NAND.kernel; bootz ${loadaddr} - ${fdtaddr}
nandroot=ubi0:rootfs rw ubi.mtd=NAND.file-system,4096
nandrootfstype=ubifs rootwait=1
netargs=setenv bootargs console=${console} ${optargs} root=/dev/nfs nfsroot=${serverip}:${rootpath},${nfsopts} rw ip=dhcp
netboot=echo Booting from network ...; setenv autoload no; dhcp; run netloadimage; run netloadfdt; run netargs; bootz ${loadaddr} - ${fdtaddr}
netloadfdt=tftp ${fdtaddr} ${fdtfile}
netloadimage=tftp ${loadaddr} ${bootfile}
netmask=255.255.255.0
nfsopts=nolock
partitions=uuid_disk=${uuid_gpt_disk};name=rootfs,start=2MiB,size=-,uuid=${uuid_gpt_rootfs}
pxefile_addr_r=0x80100000
ramargs=setenv bootargs console=${console} ${optargs} root=${ramroot} rootfstype=${ramrootfstype}
ramdisk_addr_r=0x88080000
ramroot=/dev/ram0 rw
ramrootfstype=ext2
rdaddr=0x88080000
rootpath=/export/rootfs
scriptaddr=0x80000000
serverip=192.168.0.1
soc=am33xx
static_ip=${ipaddr}:${serverip}:${gatewayip}:${netmask}:${hostname}::off
stderr=serial@44e09000
stdin=serial@44e09000
stdout=serial@44e09000
usbargs=setenv bootargs console=${console} ${optargs} root=${usbroot} rootfstype=${usbrootfstype}
usbboot=setenv devnum ${usbdev}; setenv devtype usb; usb start ${usbdev}; if usb dev ${usbdev}; then if run loadbootenv; then echo Loaded environment from ${bootenv};run importbootenv;fi;if test -n $uenvcmd; then echo Running uenvcmd ...;run uenvcmd;fi;if run loadimage; then run loadfdt; echo Booting from usb ${usbdev}...; run usbargs;bootz ${loadaddr} - ${fdtaddr}; fi;fi
usbdev=0
usbroot=/dev/sda2 rw
usbrootfstype=ext4 rootwait
vendor=ti
ver=U-Boot 2016.05-00100-g052f3bf (Aug 01 2016 - 10:36:01 -0500)
Environment size: 5206/65532 bytes
- 02:32:45 [INFO] Host: setenv bootargs ''${bootargs}' root=PARTUUID=00000000-02 rw rootfstype=ext4 rootwait '
- 02:32:45 [INFO] Target: 
setenv bootargs ''${bootargs}' root=PARTUUID=00000000-02 rw rootfstype=ext4 rootwait '
- 02:32:45 [INFO] Host: printenv
- 02:32:46 [INFO] Target: 
printenv
_initramfs=-
arch=arm
args_mmc=run finduuid;setenv bootargs console=${console} ${optargs} root=PARTUUID=${uuid} rw rootfstype=${mmcrootfstype}
autoload=no
baudrate=115200
board=am43xx
board_name=AM43__GP
board_rev=1.2A
board_serial=51134P380014
bootargs=console=ttyO0,115200n8 earlyprintk=serial,ttyO0,115200n8 rootwait  ip=:::::eth0:dhcp  root=PARTUUID=00000000-02 rw rootfstype=ext4 rootwait 
bootcmd=
bootdelay=2
bootdir=/boot
bootenvfile=uEnv.txt
bootfile=zImage
bootm_size=0x10000000
bootpart=0:2
bootscript=echo Running bootscript from mmc${mmcdev} ...; source ${loadaddr}
console=ttyO0,115200n8
cpu=armv7
dfu_alt_info_emmc=MLO raw 0x100 0x100 mmcpart 0;u-boot.img raw 0x300 0x1000 mmcpart 0
dfu_alt_info_mmc=boot part 0 1;rootfs part 0 2;MLO fat 0 1;spl-os-args fat 0 1;spl-os-image fat 0 1;u-boot.img fat 0 1;uEnv.txt fat 0 1
dfu_alt_info_qspi=u-boot.bin raw 0x0 0x080000;u-boot.backup raw 0x080000 0x080000;u-boot-spl-os raw 0x100000 0x010000;u-boot-env raw 0x110000 0x010000;u-boot-env.backup raw 0x120000 0x010000;kernel raw 0x130000 0x800000
dfu_alt_info_ram=kernel ram 0x80200000 0x4000000;fdt ram 0x80f80000 0x80000;ramdisk ram 0x81000000 0x4000000
dfu_bufsiz=0x10000
dnsip=192.0.2.2
dnsip2=192.0.2.3
envboot=mmc dev ${mmcdev}; if mmc rescan; then echo SD/MMC found on device ${mmcdev};if run loadbootscript; then run bootscript;else if run loadbootenv; then echo Loaded env from ${bootenvfile};run importbootenv;fi;if test -n $uenvcmd; then echo Running uenvcmd ...;run uenvcmd;fi;fi;fi;
ethact=ethernet@4a100000
ethaddr=34:b1:f7:31:5c:b3
fdt_addr_r=0x88000000
fdtaddr=0x88000000
fdtcontroladdr=fef0fcf8
fdtfile=undefined
fileaddr=88000000
filesize=c03c
findfdt=if test $board_name = AM43EPOS; then setenv fdtfile am43x-epos-evm.dtb; fi; if test $board_name = AM43__GP; then setenv fdtfile am437x-gp-evm.dtb; fi; if test $board_name = AM43XXHS; then setenv fdtfile am437x-gp-evm.dtb; fi; if test $board_name = AM43__SK; then setenv fdtfile am437x-sk-evm.dtb; fi; if test $board_name = AM43_IDK; then setenv fdtfile am437x-idk-evm.dtb; fi; if test $fdtfile = undefined; then echo WARNING: Could not determine device tree; fi; 
finduuid=part uuid mmc ${bootpart} uuid
gatewayip=192.168.0.1
importbootenv=echo Importing environment from mmc${mmcdev} ...; env import -t ${loadaddr} ${filesize}
ipaddr=192.168.0.126
kernel_addr_r=0x82000000
loadaddr=0x82000000
loadbootenv=fatload mmc ${mmcdev} ${loadaddr} ${bootenvfile}
loadbootscript=load mmc ${mmcdev} ${loadaddr} boot.scr
loadfdt=load ${devtype} ${bootpart} ${fdtaddr} ${bootdir}/${fdtfile}
loadimage=load ${devtype} ${bootpart} ${loadaddr} ${bootdir}/${bootfile}
loadramdisk=load ${devtype} ${devnum} ${rdaddr} ramdisk.gz
mmcboot=mmc dev ${mmcdev}; setenv devnum ${mmcdev}; setenv devtype mmc; if mmc rescan; then echo SD/MMC found on device ${devnum};if run loadimage; then run loadfdt; echo Booting from mmc${mmcdev} ...; run args_mmc; bootz ${loadaddr} - ${fdtaddr}; fi;fi;
mmcdev=0
mmcrootfstype=ext4 rootwait
mtdids=nand0=nand.0
mtdparts=mtdparts=nand.0:256k(NAND.SPL),256k(NAND.SPL.backup1),256k(NAND.SPL.backup2),256k(NAND.SPL.backup3),512k(NAND.u-boot-spl-os),1m(NAND.u-boot),256k(NAND.u-boot-env),256k(NAND.u-boot-env.backup1),7m(NAND.kernel),-(NAND.file-system)
nandargs=setenv bootargs console=${console} ${optargs} root=${nandroot} rootfstype=${nandrootfstype}
nandboot=echo Booting from nand ...; run nandargs; nand read ${fdtaddr} NAND.u-boot-spl-os; nand read ${loadaddr} NAND.kernel; bootz ${loadaddr} - ${fdtaddr}
nandroot=ubi0:rootfs rw ubi.mtd=NAND.file-system,4096
nandrootfstype=ubifs rootwait=1
netargs=setenv bootargs console=${console} ${optargs} root=/dev/nfs nfsroot=${serverip}:${rootpath},${nfsopts} rw ip=dhcp
netboot=echo Booting from network ...; setenv autoload no; dhcp; run netloadimage; run netloadfdt; run netargs; bootz ${loadaddr} - ${fdtaddr}
netloadfdt=tftp ${fdtaddr} ${fdtfile}
netloadimage=tftp ${loadaddr} ${bootfile}
netmask=255.255.255.0
nfsopts=nolock
partitions=uuid_disk=${uuid_gpt_disk};name=rootfs,start=2MiB,size=-,uuid=${uuid_gpt_rootfs}
pxefile_addr_r=0x80100000
ramargs=setenv bootargs console=${console} ${optargs} root=${ramroot} rootfstype=${ramrootfstype}
ramdisk_addr_r=0x88080000
ramroot=/dev/ram0 rw
ramrootfstype=ext2
rdaddr=0x88080000
rootpath=/export/rootfs
scriptaddr=0x80000000
serverip=192.168.0.1
soc=am33xx
static_ip=${ipaddr}:${serverip}:${gatewayip}:${netmask}:${hostname}::off
stderr=serial@44e09000
stdin=serial@44e09000
stdout=serial@44e09000
usbargs=setenv bootargs console=${console} ${optargs} root=${usbroot} rootfstype=${usbrootfstype}
usbboot=setenv devnum ${usbdev}; setenv devtype usb; usb start ${usbdev}; if usb dev ${usbdev}; then if run loadbootenv; then echo Loaded environment from ${bootenv};run importbootenv;fi;if test -n $uenvcmd; then echo Running uenvcmd ...;run uenvcmd;fi;if run loadimage; then run loadfdt; echo Booting from usb ${usbdev}...; run usbargs;bootz ${loadaddr} - ${fdtaddr}; fi;fi
usbdev=0
usbroot=/dev/sda2 rw
usbrootfstype=ext4 rootwait
vendor=ti
ver=U-Boot 2016.05-00100-g052f3bf (Aug 01 2016 - 10:36:01 -0500)
Environment size: 5261/65532 bytes
- 02:32:46 [INFO] Host: setenv bootcmd ''${bootcmd}' if iminfo ${loadaddr}; then bootm ${loadaddr} ${_initramfs} ${fdt_addr_r}; else bootz ${loadaddr} ${_initramfs} ${fdt_addr_r}; bootm ${loadaddr} ${_initramfs} ${fdt_addr_r}; fi'
- 02:32:46 [INFO] Target: 
setenv bootcmd ''${bootcmd}' if iminfo ${loadaddr}; then bootm ${loadaddr} ${_initramfs} ${fdt_addr_r}; else bootz ${loadaddr} ${_initramfs} ${fdt_addr_r}; bootm ${loadaddr} ${_initramfs} ${fdt_addr_r}; fi'
- 02:32:46 [INFO] Host: version
- 02:32:46 [INFO] Target: 
version
U-Boot 2016.05-00100-g052f3bf (Aug 01 2016 - 10:36:01 -0500)
arm-linux-gnueabihf-gcc (Linaro GCC 5.3-2016.02) 5.3.1 20160113
GNU ld (GNU Binutils) 2.25.0 Linaro 2015_10
- 02:32:46 [INFO] Host: bdinfo
- 02:32:46 [INFO] Target: 
bdinfo
arch_number = 0x00000000
boot_params = 0x80000100
DRAM bank   = 0x00000000
-> start    = 0x80000000
-> size     = 0x80000000
baudrate    = 115200 bps
TLB addr    = 0xFFFF0000
relocaddr   = 0xFFF2B000
reloc off   = 0x7F72B000
irq_sp      = 0xFEF0FCE0
sp start    = 0xFEF0FCD0
- 02:32:46 [INFO] Host: mmc rescan; echo $?
- 02:32:46 [INFO] Target: 
mmc rescan; echo $?
- 02:32:46 [INFO] Host: fatwrite mmc ${mmcdev}:1 ${loadaddr} ws-calibrate.rules 4
- 02:32:46 [INFO] Target: 
fatwrite mmc ${mmcdev}:1 ${loadaddr} ws-calibrate.rules 4
writing ws-calibrate.rules
4 bytes written
- 02:32:46 [INFO] Host: boot
- 02:33:06 [INFO] Target: 
boot
## Checking Image at 82000000 ...
Unknown image format!
Kernel image @ 0x82000000 [ 0x000000 - 0x68dfa8 ]
## Flattened Device Tree blob at 88000000
   Booting using the fdt blob at 0x88000000
   Loading Device Tree to 8fff0000, end 8ffff03b ... OK
Starting kernel ...
[    0.000000] Booting Linux on physical CPU 0x0
[    0.000000] Linux version 4.8.0-rc2-next-20160816-00002-g5f187a5f0210 (nmenon@horus) (gcc version 4.9.3 20150413 (prerelease) (Linaro GCC 4.9-2015.05) ) #1 SMP Tue Aug 16 01:27:39 CDT 2016
[    0.000000] CPU: ARMv7 Processor [412fc09a] revision 10 (ARMv7), cr=10c5387d
[    0.000000] CPU: PIPT / VIPT nonaliasing data cache, VIPT aliasing instruction cache
[    0.000000] OF: fdt:Machine model: TI AM437x GP EVM
[    0.000000] cma: Reserved 64 MiB at 0xfb800000
[    0.000000] Memory policy: Data cache writeback
[    0.000000] CPU: All CPU(s) started in SVC mode.
[    0.000000] AM437x ES1.1 (sgx neon )
[    0.000000] percpu: Embedded 14 pages/cpu @eefb9000 s26112 r8192 d23040 u57344
[    0.000000] Built 1 zonelists in Zone order, mobility grouping on.  Total pages: 522751
[    0.000000] Kernel command line: console=ttyO0,115200n8 earlyprintk=serial,ttyO0,115200n8 rootwait  ip=:::::eth0:dhcp  root=PARTUUID=00000000-02 rw rootfstype=ext4 rootwait 
[    0.000000] PID hash table entries: 4096 (order: 2, 16384 bytes)
[    0.000000] Dentry cache hash table entries: 131072 (order: 7, 524288 bytes)
[    0.000000] Inode-cache hash table entries: 65536 (order: 6, 262144 bytes)
[    0.000000] Memory: 1997308K/2097148K available (9216K kernel code, 1081K rwdata, 3780K rodata, 2048K init, 342K bss, 34304K reserved, 65536K cma-reserved, 1245180K highmem)
[    0.000000] Virtual kernel memory layout:
[    0.000000]     vector  : 0xffff0000 - 0xffff1000   (   4 kB)
[    0.000000]     fixmap  : 0xffc00000 - 0xfff00000   (3072 kB)
[    0.000000]     vmalloc : 0xf0800000 - 0xff800000   ( 240 MB)
[    0.000000]     lowmem  : 0xc0000000 - 0xf0000000   ( 768 MB)
[    0.000000]     pkmap   : 0xbfe00000 - 0xc0000000   (   2 MB)
[    0.000000]     modules : 0xbf000000 - 0xbfe00000   (  14 MB)
[    0.000000]       .text : 0xc0208000 - 0xc0c00000   (10208 kB)
[    0.000000]       .init : 0xc1000000 - 0xc1200000   (2048 kB)
[    0.000000]       .data : 0xc1200000 - 0xc130e560   (1082 kB)
[    0.000000]        .bss : 0xc1310000 - 0xc1365b88   ( 343 kB)
[    0.000000] SLUB: HWalign=64, Order=0-3, MinObjects=0, CPUs=1, Nodes=1
[    0.000000] Hierarchical RCU implementation.
[    0.000000] 	Build-time adjustment of leaf fanout to 32.
[    0.000000] 	RCU restricting CPUs from NR_CPUS=16 to nr_cpu_ids=1.
[    0.000000] RCU: Adjusting geometry for rcu_fanout_leaf=32, nr_cpu_ids=1
[    0.000000] NR_IRQS:16 nr_irqs:16 16
[    0.000000] L2C: platform modifies aux control register: 0x0e030000 -> 0x3e430000
[    0.000000] L2C: DT/platform modifies aux control register: 0x0e030000 -> 0x3e430000
[    0.000000] L2C-310 erratum 769419 enabled
[    0.000000] L2C-310 enabling early BRESP for Cortex-A9
[    0.000000] OMAP L2C310: ROM does not support power control setting
[    0.000000] L2C-310 dynamic clock gating disabled, standby mode disabled
[    0.000000] L2C-310 cache controller enabled, 16 ways, 256 kB
[    0.000000] L2C-310: CACHE_ID 0x410000c9, AUX_CTRL 0x4e430000
[    0.000000] OMAP clockevent source: timer1 at 32786 Hz
[    0.000012] sched_clock: 64 bits at 500MHz, resolution 2ns, wraps every 4398046511103ns
[    0.000031] clocksource: arm_global_timer: mask: 0xffffffffffffffff max_cycles: 0xe6a171a037, max_idle_ns: 881590485102 ns
[    0.000053] Switching to timer-based delay loop, resolution 2ns
[    0.002519] clocksource: 32k_counter: mask: 0xffffffff max_cycles: 0xffffffff, max_idle_ns: 58327039986419 ns
[    0.002528] OMAP clocksource: 32k_counter at 32768 Hz
[    0.004269] Console: colour dummy device 80x30
[    0.004303] Calibrating delay loop (skipped), value calculated using timer frequency.. 1000.00 BogoMIPS (lpj=2500000)
[    0.004318] pid_max: default: 32768 minimum: 301
[    0.004428] Mount-cache hash table entries: 2048 (order: 1, 8192 bytes)
[    0.004439] Mountpoint-cache hash table entries: 2048 (order: 1, 8192 bytes)
[    0.005164] CPU: Testing write buffer coherency: ok
[    0.005537] CPU0: thread -1, cpu 0, socket 0, mpidr 80000000
[    0.005600] Setting up static identity map for 0x80300000 - 0x80300098
[    0.009712] Brought up 1 CPUs
[    0.009728] SMP: Total of 1 processors activated (1000.00 BogoMIPS).
[    0.009735] CPU: All CPU(s) started in SVC mode.
[    0.010668] devtmpfs: initialized
[    0.021719] VFP support v0.3: implementor 41 architecture 3 part 30 variant 9 rev 4
[    0.022387] clocksource: jiffies: mask: 0xffffffff max_cycles: 0xffffffff, max_idle_ns: 9556302231375000 ns
[    0.025873] pinctrl core: initialized pinctrl subsystem
[    0.028165] NET: Registered protocol family 16
[    0.030073] DMA: preallocated 256 KiB pool for atomic coherent allocations
[    0.102306] cpuidle: using governor menu
[    0.108980] omap_gpio 44e07000.gpio: could not find pctldev for node /ocp@44000000/l4_wkup@44c00000/scm@210000/pinmux@800/gpio0_pins, deferring probe
[    0.110070] OMAP GPIO hardware version 0.1
[    0.112648] omap_gpio 48322000.gpio: could not find pctldev for node /ocp@44000000/l4_wkup@44c00000/scm@210000/pinmux@800/display_mux_pins, deferring probe
[    0.115410] platform 53701000.des: Cannot lookup hwmod 'des'
[    0.115657] platform 48310000.rng: Cannot lookup hwmod 'rng'
[    0.116472] omap-gpmc 50000000.gpmc: could not find pctldev for node /ocp@44000000/l4_wkup@44c00000/scm@210000/pinmux@800/nand_flash_x8, deferring probe
[    0.120948] No ATAGs?
[    0.120976] hw-breakpoint: found 5 (+1 reserved) breakpoint and 1 watchpoint registers.
[    0.120985] hw-breakpoint: maximum watchpoint size is 4 bytes.
[    0.121669] omap4_sram_init:Unable to allocate sram needed to handle errata I688
[    0.121678] omap4_sram_init:Unable to get sram pool needed to handle errata I688
[    0.125533] Serial: AMBA PL011 UART driver
[    0.141930] edma 49000000.edma: TI EDMA DMA engine driver
[    0.146211] vgaarb: loaded
[    0.147043] SCSI subsystem initialized
[    0.147554] usbcore: registered new interface driver usbfs
[    0.147612] usbcore: registered new interface driver hub
[    0.147664] usbcore: registered new device driver usb
[    0.148298] omap_i2c 44e0b000.i2c: could not find pctldev for node /ocp@44000000/l4_wkup@44c00000/scm@210000/pinmux@800/i2c0_pins, deferring probe
[    0.148342] omap_i2c 4802a000.i2c: could not find pctldev for node /ocp@44000000/l4_wkup@44c00000/scm@210000/pinmux@800/i2c1_pins, deferring probe
[    0.149008] pps_core: LinuxPPS API ver. 1 registered
[    0.149015] pps_core: Software ver. 5.3.6 - Copyright 2005-2007 Rodolfo Giometti <giometti@linux.it>
[    0.149037] PTP clock support registered
[    0.149197] EDAC MC: Ver: 3.0.0
[    0.151979] clocksource: Switched to clocksource arm_global_timer
[    0.160478] NET: Registered protocol family 2
[    0.161038] TCP established hash table entries: 8192 (order: 3, 32768 bytes)
[    0.161114] TCP bind hash table entries: 8192 (order: 4, 65536 bytes)
[    0.161219] TCP: Hash tables configured (established 8192 bind 8192)
[    0.161363] UDP hash table entries: 512 (order: 2, 16384 bytes)
[    0.161414] UDP-Lite hash table entries: 512 (order: 2, 16384 bytes)
[    0.161598] NET: Registered protocol family 1
[    0.162076] RPC: Registered named UNIX socket transport module.
[    0.162089] RPC: Registered udp transport module.
[    0.162095] RPC: Registered tcp transport module.
[    0.162100] RPC: Registered tcp NFSv4.1 backchannel transport module.
[    0.164419] futex hash table entries: 256 (order: 2, 16384 bytes)
[    0.165047] workingset: timestamp_bits=30 max_order=19 bucket_order=0
[    0.173121] squashfs: version 4.0 (2009/01/31) Phillip Lougher
[    0.173925] NFS: Registering the id_resolver key type
[    0.173956] Key type id_resolver registered
[    0.173963] Key type id_legacy registered
[    0.174010] ntfs: driver 2.1.32 [Flags: R/O].
[    0.175239] bounce: pool size: 64 pages
[    0.175447] Block layer SCSI generic (bsg) driver version 0.4 loaded (major 248)
[    0.175460] io scheduler noop registered
[    0.175467] io scheduler deadline registered
[    0.175621] io scheduler cfq registered (default)
[    0.181055] libphy: mdio_driver_register: phy-bcm-ns2-pci
[    0.182377] pinctrl-single 44e10800.pinmux: 199 pins at pa f9e10800 size 796
[    0.189429] backlight supply power not found, using dummy regulator
[    0.240447] Serial: 8250/16550 driver, 4 ports, IRQ sharing disabled
[    0.243227] SuperH (H)SCI(F) driver initialized
[    0.244085] msm_serial: driver initialized
[    0.244278] omap_uart 44e09000.serial: no wakeirq for uart0
[    0.244296] omap_uart 44e09000.serial: No clock speed specified: using default: 48000000
[    0.244426] 44e09000.serial: ttyO0 at MMIO 0x44e09000 (irq = 29, base_baud = 3000000) is a OMAP UART0
[    1.058287] console [ttyO0] enabled
[    1.062494] omap_uart 481a6000.serial: no wakeirq for uart3
[    1.068442] omap_uart 481a6000.serial: No clock speed specified: using default: 48000000
[    1.077102] 481a6000.serial: ttyO3 at MMIO 0x481a6000 (irq = 30, base_baud = 3000000) is a OMAP UART3
[    1.087338] STMicroelectronics ASC driver initialized
[    1.094395] omap_rng 48310000.rng: _od_fail_runtime_resume: FIXME: missing hwmod/omap_dev info
[    1.103564] omap_rng 48310000.rng: Failed to runtime_get device: -19
[    1.110295] omap_rng 48310000.rng: initialization failed.
[    1.117377] [drm] Initialized drm 1.1.0 20060810
[    1.137823] brd: module loaded
[    1.147203] loop: module loaded
[    1.157852] libphy: Fixed MDIO Bus: probed
[    1.163029] CAN device driver interface
[    1.168696] igb: Intel(R) Gigabit Ethernet Network Driver - version 5.3.0-k
[    1.176087] igb: Copyright (c) 2007-2014 Intel Corporation.
[    1.242002] davinci_mdio 4a101000.mdio: davinci mdio revision 1.6
[    1.248483] davinci_mdio 4a101000.mdio: detected phy mask fffffffe
[    1.255860] libphy: 4a101000.mdio: probed
[    1.260170] davinci_mdio 4a101000.mdio: phy[0]: device 4a101000.mdio:00, driver Micrel KSZ9031 Gigabit PHY
[    1.272112] cpsw 4a100000.ethernet: Detected MACID = 34:b1:f7:31:5c:b3
[    1.280354] pegasus: v0.9.3 (2013/04/25), Pegasus/Pegasus II USB Ethernet driver
[    1.288330] usbcore: registered new interface driver pegasus
[    1.294403] usbcore: registered new interface driver asix
[    1.300169] usbcore: registered new interface driver ax88179_178a
[    1.306662] usbcore: registered new interface driver cdc_ether
[    1.312900] usbcore: registered new interface driver smsc75xx
[    1.319040] usbcore: registered new interface driver smsc95xx
[    1.325165] usbcore: registered new interface driver net1080
[    1.331195] usbcore: registered new interface driver cdc_subset
[    1.337500] usbcore: registered new interface driver zaurus
[    1.343458] usbcore: registered new interface driver cdc_ncm
[    1.360078] ehci_hcd: USB 2.0 'Enhanced' Host Controller (EHCI) Driver
[    1.367081] ehci-pci: EHCI PCI platform driver
[    1.371842] ehci-platform: EHCI generic platform driver
[    1.377631] ehci-orion: EHCI orion driver
[    1.382029] SPEAr-ehci: EHCI SPEAr driver
[    1.386392] ehci-st: EHCI STMicroelectronics driver
[    1.391691] ehci-exynos: EHCI EXYNOS driver
[    1.396278] ehci-atmel: EHCI Atmel driver
[    1.400653] tegra-ehci: Tegra EHCI driver
[    1.405041] ohci_hcd: USB 1.1 'Open' Host Controller (OHCI) Driver
[    1.411610] ohci-pci: OHCI PCI platform driver
[    1.416381] ohci-platform: OHCI generic platform driver
[    1.422092] ohci-omap3: OHCI OMAP3 driver
[    1.426454] SPEAr-ohci: OHCI SPEAr driver
[    1.430829] ohci-st: OHCI STMicroelectronics driver
[    1.436118] ohci-atmel: OHCI Atmel driver
[    1.440896] xhci-hcd xhci-hcd.0.auto: xHCI Host Controller
[    1.446763] xhci-hcd xhci-hcd.0.auto: new USB bus registered, assigned bus number 1
[    1.455369] xhci-hcd xhci-hcd.0.auto: hcc params 0x0238f06d hci version 0x100 quirks 0x00010010
[    1.464688] xhci-hcd xhci-hcd.0.auto: irq 192, io mem 0x483d0000
[    1.471896] hub 1-0:1.0: USB hub found
[    1.475968] hub 1-0:1.0: 1 port detected
[    1.480460] xhci-hcd xhci-hcd.0.auto: xHCI Host Controller
[    1.486315] xhci-hcd xhci-hcd.0.auto: new USB bus registered, assigned bus number 2
[    1.494537] usb usb2: We don't know the algorithms for LPM for this host, disabling LPM.
[    1.503764] hub 2-0:1.0: USB hub found
[    1.507817] hub 2-0:1.0: 1 port detected
[    1.512848] usbcore: registered new interface driver usb-storage
[    1.520812] mousedev: PS/2 mouse device common for all mice
[    1.529842] i2c /dev entries driver
[    1.543457] sdhci: Secure Digital Host Controller Interface driver
[    1.550049] sdhci: Copyright(c) Pierre Ossman
[    1.593030] Synopsys Designware Multimedia Card Interface Driver
[    1.600363] sdhci-pltfm: SDHCI platform and OF driver helper
[    1.608446] ledtrig-cpu: registered to indicate activity on CPUs
[    1.615364] usbcore: registered new interface driver usbhid
[    1.621301] usbhid: USB HID core driver
[    1.630959] NET: Registered protocol family 10
[    1.637082] sit: IPv6, IPv4 and MPLS over IPv4 tunneling driver
[    1.643990] NET: Registered protocol family 17
[    1.648745] can: controller area network core (rev 20120528 abi 9)
[    1.655374] NET: Registered protocol family 29
[    1.660088] can: raw protocol (rev 20120528)
[    1.664611] can: broadcast manager protocol (rev 20160617 t)
[    1.670607] can: netlink gateway (rev 20130117) max_hops=1
[    1.677009] Key type dns_resolver registered
[    1.681799] omap_voltage_late_init: Voltage driver support not added
[    1.688698] ThumbEE CPU extension supported.
[    1.693246] Registering SWP/SWPB emulation handler
[    1.704089] GPIO line 119 (SelEMMCorNAND) hogged as output/low
[    1.711564] GPIO line 136 (SelLCDorHDMI) hogged as output/high
[    1.718812] omap-gpmc 50000000.gpmc: GPMC revision 6.0
[    1.724323] gpmc_mem_init: disabling cs 0 mapped at 0x0-0x1000000
[    1.765070] omap_i2c 44e0b000.i2c: bus 0 rev0.12 at 100 kHz
[    1.772931] omap_i2c 4802a000.i2c: bus 1 rev0.12 at 100 kHz
[    1.779663] backlight supply power not found, using dummy regulator
[    1.789433] omap_hsmmc 48060000.mmc: Got CD GPIO
[    1.817000] usb 1-1: new high-speed USB device number 2 using xhci-hcd
[    1.833018] backlight supply power not found, using dummy regulator
[    1.842297] hctosys: unable to open rtc device (rtc0)
[    1.865212] net eth0: initializing cpsw version 1.15 (0)
[    1.948511] Micrel KSZ9031 Gigabit PHY 4a101000.mdio:00: attached PHY driver [Micrel KSZ9031 Gigabit PHY] (mii_bus:phy_addr=4a101000.mdio:00, irq=-1)
[    1.966781] IPv6: ADDRCONF(NETDEV_UP): eth0: link is not ready
[    1.973030] mmc1: host does not support reading read-only switch, assuming write-enable
[    1.986617] mmc1: new high speed SDHC card at address aaaa
[    1.993127] mmcblk1: mmc1:aaaa SU08G 7.40 GiB 
[    2.001391]  mmcblk1: p1 p2 p3
[    2.006356] backlight supply power not found, using dummy regulator
[    2.014834] hub 1-1:1.0: USB hub found
[    2.019100] hub 1-1:1.0: 4 ports detected
[    2.032080] backlight supply power not found, using dummy regulator
[    2.326991] usb 1-1.1: new high-speed USB device number 3 using xhci-hcd
[    2.454799] hub 1-1.1:1.0: USB hub found
[    2.459174] hub 1-1.1:1.0: 4 ports detected
[    2.472308] backlight supply power not found, using dummy regulator
[    2.571990] usb 1-1.3: new full-speed USB device number 4 using xhci-hcd
[    2.716009] input: Logitech Logitech USB Headset as /devices/platform/44000000.ocp/483c0000.omap_dwc3/483d0000.usb/xhci-hcd.0.auto/usb1/1-1/1-1.3/1-1.3:1.3/0003:046D:0A44.0001/input/input0
[    2.791999] usb 1-1.1.1: new high-speed USB device number 5 using xhci-hcd
[    2.799604] hid-generic 0003:046D:0A44.0001: input: USB HID v1.00 Device [Logitech Logitech USB Headset] on usb-xhci-hcd.0.auto-1.3/input3
[    2.813904] backlight supply power not found, using dummy regulator
[    2.932255] random: fast init done
[    2.937647] usb-storage 1-1.1.1:1.0: USB Mass Storage device detected
[    2.944834] scsi host0: usb-storage 1-1.1.1:1.0
[    2.951134] backlight supply power not found, using dummy regulator
[    3.026987] usb 1-1.4: new high-speed USB device number 6 using xhci-hcd
[    3.149507] usb-storage 1-1.4:1.0: USB Mass Storage device detected
[    3.156523] scsi host1: usb-storage 1-1.4:1.0
[    3.162600] backlight supply power not found, using dummy regulator
[    3.236990] usb 1-1.1.2: new high-speed USB device number 7 using xhci-hcd
[    3.531820] usb-storage 1-1.1.2:1.0: USB Mass Storage device detected
[    3.539000] scsi host2: usb-storage 1-1.1.2:1.0
[    3.545208] backlight supply power not found, using dummy regulator
[    3.641996] usb 1-1.1.3: new high-speed USB device number 8 using xhci-hcd
[    3.962687] scsi 0:0:0:0: Direct-Access     SanDisk  Extreme          0001 PQ: 0 ANSI: 6
[    3.973394] backlight supply power not found, using dummy regulator
[    3.992261] backlight supply power not found, using dummy regulator
[    4.135109] sd 0:0:0:0: [sda] 30651688 512-byte logical blocks: (15.7 GB/14.6 GiB)
[    4.143515] sd 0:0:0:0: [sda] Write Protect is off
[    4.148933] sd 0:0:0:0: [sda] Write cache: disabled, read cache: enabled, doesn't support DPO or FUA
[    4.163075] scsi 1:0:0:0: Direct-Access     Kingston DataTraveler 3.0 PMAP PQ: 0 ANSI: 6
[    4.172915]  sda: sda1
[    4.176054] sd 1:0:0:0: [sdb] 30277632 512-byte logical blocks: (15.5 GB/14.4 GiB)
[    4.185833] backlight supply power not found, using dummy regulator
[    4.193823] sd 1:0:0:0: [sdb] Write Protect is off
[    4.199476] sd 0:0:0:0: [sda] Attached SCSI removable disk
[    4.206515] sd 1:0:0:0: [sdb] Write cache: disabled, read cache: enabled, doesn't support DPO or FUA
[    4.227582]  sdb: sdb1
[    4.231759] sd 1:0:0:0: [sdb] Attached SCSI removable disk
[    4.563002] scsi 2:0:0:0: Direct-Access     PNY      USB 3.0 FD       PMAP PQ: 0 ANSI: 6
[    4.573267] backlight supply power not found, using dummy regulator
[    5.110100] sd 2:0:0:0: [sdc] 30965760 512-byte logical blocks: (15.9 GB/14.8 GiB)
[    5.119432] sd 2:0:0:0: [sdc] Write Protect is off
[    5.125750] sd 2:0:0:0: [sdc] No Caching mode page found
[    5.131414] sd 2:0:0:0: [sdc] Assuming drive cache: write through
[    5.142952]  sdc: sdc1
[    5.149204] sd 2:0:0:0: [sdc] Attached SCSI removable disk
[    6.083089] cpsw 4a100000.ethernet eth0: Link is Up - 1Gbps/Full - flow control rx/tx
[    6.091455] IPv6: ADDRCONF(NETDEV_CHANGE): eth0: link becomes ready
[    6.107000] Sending DHCP requests ., OK
[    6.127454] IP-Config: Got DHCP answer from 192.168.0.1, my address is 192.168.0.126
[    6.135671] IP-Config: Complete:
[    6.139097]      device=eth0, hwaddr=34:b1:f7:31:5c:b3, ipaddr=192.168.0.126, mask=255.255.255.0, gw=192.168.0.1
[    6.149869]      host=192.168.0.126, domain=ti.com, nis-domain=(none)
[    6.156687]      bootserver=0.0.0.0, rootserver=0.0.0.0, rootpath=     nameserver0=192.0.2.2, nameserver1=192.0.2.3
[    6.167997] vmmcwl_fixed: disabling
[    6.194403] EXT4-fs (mmcblk1p2): mounted filesystem with ordered data mode. Opts: (null)
[    6.203071] VFS: Mounted root (ext4 filesystem) on device 179:2.
[    6.219078] devtmpfs: mounted
[    6.225912] Freeing unused kernel memory: 2048K (c1000000 - c1200000)
INIT: version 2.88 booting
Error opening /dev/fb0: No such file or directory
Starting udev
[    6.818261] udevd[125]: starting version 182
[   10.707332] FAT-fs (mmcblk1p1): Volume was not properly unmounted. Some data may be corrupt. Please run fsck.
[   10.805292] EXT4-fs (mmcblk1p3): warning: mounting unchecked fs, running e2fsck is recommended
[   10.893440] EXT4-fs (mmcblk1p3): mounted filesystem without journal. Opts: (null)
[   11.487355] random: crng init done
[   11.499934] FAT-fs (sdc1): Volume was not properly unmounted. Some data may be corrupt. Please run fsck.
[   11.517408] FAT-fs (sda1): Volume was not properly unmounted. Some data may be corrupt. Please run fsck.
[   11.537040] FAT-fs (sdb1): Volume was not properly unmounted. Some data may be corrupt. Please run fsck.
Starting Bootlog daemon: bootlogd.
[   12.334720] EXT4-fs (mmcblk1p2): re-mounted. Opts: data=ordered
ALSA: Restoring mixer settings...
/usr/sbin/alsactl: load_state:1696: No soundcards found...
Configuring network interfaces... udhcpc (v1.20.2) started
Sending discover...
Sending select for 192.168.0.77...
Lease of 192.168.0.77 obtained, lease time 7200
/etc/udhcpc.d/50default: Adding DNS 192.0.2.2
/etc/udhcpc.d/50default: Adding DNS 192.0.2.3
done.
hwclock: can't open '/dev/misc/rtc': No such file or directory
Thu Jan 30 14:29:00 UTC 2014
hwclock: can't open '/dev/misc/rtc': No such file or directory
INIT: Entering runlevel: 5
Starting system message bus: dbus.
Starting Dropbear SSH server: dropbear.
Starting telnet daemon.
hwclock: can't open '/dev/misc/rtc': No such file or directory
Starting syslogd/klogd: done
Starting thttpd.
Starting Lighttpd Web Server: lighttpd.
2014-01-30 14:29:00: (log.c.166) server started 
Starting Matrix GUI application.
***************************************************************
***************************************************************
NOTICE: This file system contains the followin GPLv3 packages:
	binutils-symlinks
	binutils
	gdbserver
If you do not wish to distribute GPLv3 components please remove
the above packages prior to distribution.  This can be done using
the opkg remove command.  i.e.:
    opkg remove <package>
Where <package> is the name printed in the list above
NOTE: If the package is a dependency of another package you
      will be notified of the dependent packages.  You should
      use the --force-removal-of-dependent-packages option to
      also remove the dependent packages as well
***************************************************************
***************************************************************
Stopping Bootlog daemon: bootlogd.
 _____                    _____           _         _   
|  _  |___ ___ ___ ___   |  _  |___ ___  |_|___ ___| |_ 
|     |  _| .'| . | . |  |   __|  _| . | | | -_|  _|  _|
|__|__|_| |__,|_  |___|  |__|  |_| |___|_| |___|___|_|  
              |___|                    |___|            
Arago Project http://arago-project.org am437x-evm ttyO0
Arago 2013.12 am437x-evm ttyO0
am437x-evm login: 
- 02:33:06 [INFO] Host: root
- 02:33:06 [INFO] Target: 
root
root@am437x-evm:~# 
- 02:33:06 [INFO] Sleeping 15 secs to allow systemd to finish starting processes...
- 02:33:21 [INFO] Disconnected serial from am43xx-gpevm
- 02:33:21 [INFO] Connected to am43xx-gpevm via serial 
- 02:33:21 [INFO] Host: uname -a
- 02:33:21 [INFO] Target: 
uname -a
Linux am437x-evm 4.8.0-rc2-next-20160816-00002-g5f187a5f0210 #1 SMP Tue Aug 16 01:27:39 CDT 2016 armv7l GNU/Linux
root@am437x-evm:~# 
- 02:33:21 [INFO] Host: cat /proc/cmdline
- 02:33:21 [INFO] Target: 
cat /proc/cmdline
console=ttyO0,115200n8 earlyprintk=serial,ttyO0,115200n8 rootwait  ip=:::::eth0:dhcp  root=PARTUUID=00000000-02 rw rootfstype=ext4 rootwait 
root@am437x-evm:~# 
- 02:33:21 [INFO] Host: uname -a
- 02:33:21 [INFO] Target: 
uname -a
Linux am437x-evm 4.8.0-rc2-next-20160816-00002-g5f187a5f0210 #1 SMP Tue Aug 16 01:27:39 CDT 2016 armv7l GNU/Linux
root@am437x-evm:~# 
- 02:33:21 [INFO] Host: cat /proc/mtd
- 02:33:21 [INFO] Target: 
cat /proc/mtd
dev:    size   erasesize  name
root@am437x-evm:~# 
- 02:33:21 [INFO] Host: cat /proc/diskstats
- 02:33:22 [INFO] Target: 
cat /proc/diskstats
   1       0 ram0 0 0 0 0 0 0 0 0 0 0 0
   1       1 ram1 0 0 0 0 0 0 0 0 0 0 0
   1       2 ram2 0 0 0 0 0 0 0 0 0 0 0
   1       3 ram3 0 0 0 0 0 0 0 0 0 0 0
   1       4 ram4 0 0 0 0 0 0 0 0 0 0 0
   1       5 ram5 0 0 0 0 0 0 0 0 0 0 0
   1       6 ram6 0 0 0 0 0 0 0 0 0 0 0
   1       7 ram7 0 0 0 0 0 0 0 0 0 0 0
   1       8 ram8 0 0 0 0 0 0 0 0 0 0 0
   1       9 ram9 0 0 0 0 0 0 0 0 0 0 0
   1      10 ram10 0 0 0 0 0 0 0 0 0 0 0
   1      11 ram11 0 0 0 0 0 0 0 0 0 0 0
   1      12 ram12 0 0 0 0 0 0 0 0 0 0 0
   1      13 ram13 0 0 0 0 0 0 0 0 0 0 0
   1      14 ram14 0 0 0 0 0 0 0 0 0 0 0
   1      15 ram15 0 0 0 0 0 0 0 0 0 0 0
   7       0 loop0 0 0 0 0 0 0 0 0 0 0 0
   7       1 loop1 0 0 0 0 0 0 0 0 0 0 0
   7       2 loop2 0 0 0 0 0 0 0 0 0 0 0
   7       3 loop3 0 0 0 0 0 0 0 0 0 0 0
   7       4 loop4 0 0 0 0 0 0 0 0 0 0 0
   7       5 loop5 0 0 0 0 0 0 0 0 0 0 0
   7       6 loop6 0 0 0 0 0 0 0 0 0 0 0
   7       7 loop7 0 0 0 0 0 0 0 0 0 0 0
 179       0 mmcblk1 1851 685 68831 6855 31 65 768 1475 0 3685 8325
 179       1 mmcblk1p1 162 0 1223 580 0 0 0 0 0 580 580
 179       2 mmcblk1p2 1590 653 66568 5840 30 65 760 1475 0 3335 7310
 179       3 mmcblk1p3 85 32 928 425 1 0 8 0 0 425 425
   8       0 sda 175 13 1385 105 0 0 0 0 0 105 105
   8       1 sda1 169 13 1337 85 0 0 0 0 0 85 85
   8      16 sdb 175 29 1393 110 0 0 0 0 0 110 110
   8      17 sdb1 97 29 769 75 0 0 0 0 0 75 75
   8      32 sdc 175 29 1393 80 0 0 0 0 0 80 80
   8      33 sdc1 97 29 769 55 0 0 0 0 0 55 55
root@am437x-evm:~# 
- 02:33:22 [INFO] Host: cat /proc/interrupts
- 02:33:22 [INFO] Target: 
cat /proc/interrupts
           CPU0       
 16:          0     WUGEN  67 Level     gp_timer
 17:          0     GIC-0  27 Edge      gt
 18:       3813     GIC-0  29 Edge      twd
 19:          0     WUGEN   9 Level     l3-dbg-irq
 20:          0     WUGEN  10 Level     l3-app-irq
 23:       1912     WUGEN  12 Level     49000000.edma_ccint
 25:          1     WUGEN  14 Level     49000000.edma_ccerrint
 29:        604     WUGEN  72 Level     OMAP UART0
 36:          0     WUGEN  96 Level     44e07000.gpio
 37:          0     WUGEN  98 Level     4804c000.gpio
 70:          0     WUGEN  62 Level     481ae000.gpio
103:          0     WUGEN 106 Level     48320000.gpio
136:          0     WUGEN 148 Level     48322000.gpio
137:         80     WUGEN  70 Level     44e0b000.i2c
138:          0     WUGEN  71 Level     4802a000.i2c
139:       5737     WUGEN  64 Level     mmc1
140:         13     WUGEN  29 Level     mmc0
142:         56     WUGEN  41 Level     4a100000.ethernet
143:         14     WUGEN  42 Level     4a100000.ethernet
151:          0     WUGEN 100 Level     gpmc
152:          1     WUGEN 172 Level     dwc3-omap
153:          1     WUGEN 178 Level     dwc3-omap
168:          0      PRCM Edge      pinctrl
192:       1994     WUGEN 174 Level     xhci-hcd:usb1
199:          0  44e07000.gpio   6 Edge      48060000.mmc cd
259:          0     WUGEN   7 Edge      tps65218
IPI0:          0  CPU wakeup interrupts
IPI1:          0  Timer broadcast interrupts
IPI2:          0  Rescheduling interrupts
IPI3:          0  Function call interrupts
IPI4:          0  CPU stop interrupts
IPI5:          0  IRQ work interrupts
IPI6:          0  completion interrupts
Err:          0
root@am437x-evm:~# 
- 02:33:22 [INFO] Host: cat /proc/softirqs
- 02:33:22 [INFO] Target: 
cat /proc/softirqs
                    CPU0       
          HI:          1
       TIMER:       3695
      NET_TX:          6
      NET_RX:         43
       BLOCK:        661
BLOCK_IOPOLL:          0
     TASKLET:       1928
       SCHED:          0
     HRTIMER:          0
         RCU:      13711
root@am437x-evm:~# 
- 02:33:27 [INFO] Host: export IPERFHOST=192.168.0.1
- 02:33:27 [INFO] Target: 
export IPERFHOST=192.168.0.1
root@am437x-evm:~# 
- 02:33:27 [INFO] Host: export NFS_SERVER=192.168.0.1
- 02:33:28 [INFO] Target: 
export NFS_SERVER=192.168.0.1
root@am437x-evm:~# 
- 02:33:28 [INFO] Host: export NFS_ROOT_PATH=/home/tigtfarm04/NFS_exports/linux/am43xx-gpevm1
- 02:33:28 [INFO] Target: 
export NFS_ROOT_PATH=/home/tigtfarm04/NFS_exports/linux/am43x 
x-gpevm1
root@am437x-evm:~# 
- 02:33:28 [INFO] Host: export AP_SSID=
- 02:33:28 [INFO] Target: 
export AP_SSID=
root@am437x-evm:~# 
- 02:33:28 [INFO] Host: mkdir -p -m 777 /test
- 02:33:28 [INFO] Target: 
mkdir -p -m 777 /test
root@am437x-evm:~# 
- 02:33:28 [INFO] Host: cd /test
- 02:33:28 [INFO] Target: 
cd /test
root@am437x-evm:/test# 
- 02:33:28 [INFO] Host: cat > test.sh << EOF
- 02:33:28 [INFO] Target: 
cat > test.sh << EOF
- 02:33:28 [INFO] Host: failtest() {
- 02:33:28 [INFO] Target: 
failtest() {
- 02:33:28 [INFO] Host:   echo 1 >&3
- 02:33:28 [INFO] Target: 
  echo 1 >&3
- 02:33:28 [INFO] Host: }
- 02:33:28 [INFO] Target: 
- 02:33:28 [INFO] Host: timeout=600
- 02:33:28 [INFO] Target: 
timeout=600
- 02:33:28 [INFO] Host: 
- 02:33:29 [INFO] Target: 
- 02:33:29 [INFO] Host: # Start of user's script logic
- 02:33:29 [INFO] Target: 
# Start of user's script logic
- 02:33:29 [INFO] Host: mount -t proc proc /proc 2>/dev/null;
- 02:33:29 [INFO] Target: 
mount -t proc proc /proc 2>/dev/null;
- 02:33:29 [INFO] Host: 
- 02:33:29 [INFO] Target: 
- 02:33:29 [INFO] Host: mount -t sysfs sys /sys 2>/dev/null;
- 02:33:29 [INFO] Target: 
mount -t sysfs sys /sys 2>/dev/null;
- 02:33:29 [INFO] Host: 
- 02:33:29 [INFO] Target: 
- 02:33:29 [INFO] Host: mount -t debugfs none /sys/kernel/debug 2>/dev/null;
- 02:33:29 [INFO] Target: 
mount -t debugfs none /sys/kernel/debug 2>/dev/null;
- 02:33:29 [INFO] Host: 
- 02:33:29 [INFO] Target: 
- 02:33:29 [INFO] Host: echo 'cpuinfo:';cat /proc/cpuinfo; echo '=======';
- 02:33:29 [INFO] Target: 
echo 'cpuinfo:';cat /proc/cpuinfo; echo '=======';
- 02:33:29 [INFO] Host: 
- 02:33:29 [INFO] Target: 
- 02:33:29 [INFO] Host: echo 'soc info:';head /sys/devices/soc0/* 2>/dev/null; echo '=======';
- 02:33:30 [INFO] Target: 
echo 'soc info:';head /sys/devices/soc0/* 2>/dev/null; echo '=======';
- 02:33:30 [INFO] Host: 
- 02:33:30 [INFO] Target: 
- 02:33:30 [INFO] Host: echo 'DT Model info'; head /proc/device-tree/name /proc/device-tree/model /proc/device-tree/compatible 2>/dev/null;echo; echo '=======';
- 02:33:30 [INFO] Target: 
echo 'DT Model info'; head /proc/device-tree/name /proc/device-tree/model /pro 
c/device-tree/compatible 2>/dev/null;echo; echo '=======';
- 02:33:30 [INFO] Host: 
- 02:33:30 [INFO] Target: 
- 02:33:30 [INFO] Host: echo 'interrupts:';cat /proc/interrupts; echo '=======';
- 02:33:30 [INFO] Target: 
echo 'interrupts:';cat /proc/interrupts; echo '=======';
- 02:33:30 [INFO] Host: 
- 02:33:30 [INFO] Target: 
- 02:33:30 [INFO] Host: echo 'Clk_summary:';cat /sys/kernel/debug/clk/clk_summary; echo '=======';
- 02:33:30 [INFO] Target: 
echo 'Clk_summary:';cat /sys/kernel/debug/clk/clk_summary; echo '=======';
- 02:33:30 [INFO] Host: 
- 02:33:30 [INFO] Target: 
- 02:33:30 [INFO] Host: echo "Available frequencies"; cat /sys/devices/system/cpu/cpu0/cpufreq/scaling_available_frequencies 2>/dev/null;echo '=======';
- 02:33:30 [INFO] Target: 
echo "Available frequencies"; cat /sys/devices/system/cpu/cpu0/cpufreq/scaling 
_available_frequencies 2>/dev/null;echo '=======';
- 02:33:30 [INFO] Host: 
- 02:33:30 [INFO] Target: 
- 02:33:30 [INFO] Host: TMPF=/tmp/a.\$\$; TMPF2=/tmp/b.\$\$; STR=""
- 02:33:31 [INFO] Target: 
TMPF=/tmp/a.\$\$; TMPF2=/tmp/b.\$\$; STR=""
- 02:33:31 [INFO] Host: 
- 02:33:31 [INFO] Target: 
- 02:33:31 [INFO] Host: cp /dev/kmsg \$TMPF &
- 02:33:31 [INFO] Target: 
cp /dev/kmsg \$TMPF &
- 02:33:31 [INFO] Host: 
- 02:33:31 [INFO] Target: 
- 02:33:31 [INFO] Host: PID=\$! ; sleep 5; kill -9 \$PID
- 02:33:31 [INFO] Target: 
PID=\$! ; sleep 5; kill -9 \$PID
- 02:33:31 [INFO] Host: 
- 02:33:31 [INFO] Target: 
- 02:33:31 [INFO] Host: 
- 02:33:31 [INFO] Target: 
- 02:33:31 [INFO] Host: 
- 02:33:31 [INFO] Target: 
- 02:33:31 [INFO] Host: cat \$TMPF|grep "^0">\$TMPF2; N=\`cat \$TMPF2|wc -l\`; if [ "\$N" -ne 0 ]; then STR="\$STR emerg=\$N";echo "===== EMERGE++";cat \$TMPF2|cut -d ';' -f2;echo "====="; fi
- 02:33:31 [INFO] Target: 
cat \$TMPF|grep "^0">\$TMPF2; N=\`cat \$TMPF2|wc -l\`; if [ "\$N" -ne 0 ]; the 
n STR="\$STR emerg=\$N";echo "===== EMERGE++";cat \$TMPF2|cut -d ';' -f2;echo "= 
===="; fi
- 02:33:31 [INFO] Host: 
- 02:33:31 [INFO] Target: 
- 02:33:31 [INFO] Host: cat \$TMPF|grep "^1">\$TMPF2; N=\`cat \$TMPF2|wc -l\`; if [ "\$N" -ne 0 ]; then STR="\$STR alert=\$N";echo "===== ALERT ==";cat \$TMPF2|cut -d ';' -f2;echo "====="; fi
- 02:33:32 [INFO] Target: 
cat \$TMPF|grep "^1">\$TMPF2; N=\`cat \$TMPF2|wc -l\`; if [ "\$N" -ne 0 ]; the 
n STR="\$STR alert=\$N";echo "===== ALERT ==";cat \$TMPF2|cut -d ';' -f2;echo "= 
===="; fi
- 02:33:32 [INFO] Host: 
- 02:33:32 [INFO] Target: 
- 02:33:32 [INFO] Host: cat \$TMPF|grep "^2">\$TMPF2; N=\`cat \$TMPF2|wc -l\`; if [ "\$N" -ne 0 ]; then STR="\$STR crit=\$N";echo "===== CRIT ==";cat \$TMPF2|cut -d ';' -f2;echo "====="; fi
- 02:33:32 [INFO] Target: 
cat \$TMPF|grep "^2">\$TMPF2; N=\`cat \$TMPF2|wc -l\`; if [ "\$N" -ne 0 ]; the 
n STR="\$STR crit=\$N";echo "===== CRIT ==";cat \$TMPF2|cut -d ';' -f2;echo "=== 
=="; fi
- 02:33:32 [INFO] Host: 
- 02:33:32 [INFO] Target: 
- 02:33:32 [INFO] Host: cat \$TMPF|grep "^3">\$TMPF2; N=\`cat \$TMPF2|wc -l\`; if [ "\$N" -ne 0 ]; then STR="\$STR err=\$N";echo "===== ERR ==";cat \$TMPF2|cut -d ';' -f2;echo "=====" ;fi
- 02:33:32 [INFO] Target: 
cat \$TMPF|grep "^3">\$TMPF2; N=\`cat \$TMPF2|wc -l\`; if [ "\$N" -ne 0 ]; the 
n STR="\$STR err=\$N";echo "===== ERR ==";cat \$TMPF2|cut -d ';' -f2;echo "===== 
" ;fi
- 02:33:32 [INFO] Host: 
- 02:33:32 [INFO] Target: 
- 02:33:32 [INFO] Host: cat \$TMPF|grep "^4">\$TMPF2; N=\`cat \$TMPF2|wc -l\`; if [ "\$N" -ne 0 ]; then STR="\$STR warn=\$N";echo "===== WARN ==";cat \$TMPF2|cut -d ';' -f2;echo "=====" ;fi
- 02:33:32 [INFO] Target: 
cat \$TMPF|grep "^4">\$TMPF2; N=\`cat \$TMPF2|wc -l\`; if [ "\$N" -ne 0 ]; the 
n STR="\$STR warn=\$N";echo "===== WARN ==";cat \$TMPF2|cut -d ';' -f2;echo "=== 
==" ;fi
- 02:33:32 [INFO] Host: 
- 02:33:32 [INFO] Target: 
- 02:33:32 [INFO] Host: rm \$TMPF \$TMPF2; echo "SUM""MARY RESULT: BOOT:" 'PASS: H''ello World' 'B''oard' "Booted" "Boot Log has::::\$STR:"
- 02:33:32 [INFO] Target: 
rm \$TMPF \$TMPF2; echo "SUM""MARY RESULT: BOOT:" 'PASS: H''ello World' 'B''oa 
rd' "Booted" "Boot Log has::::\$STR:"
- 02:33:32 [INFO] Host: 
- 02:33:32 [INFO] Target: 
- 02:33:32 [INFO] Host: EOF
- 02:33:33 [INFO] Target: 
root@am437x-evm:/test# 
- 02:33:33 [INFO] Host: cd /test
- 02:33:33 [INFO] Target: 
cd /test
root@am437x-evm:/test# 
- 02:33:33 [INFO] Host: chmod +x test.sh
- 02:33:33 [INFO] Target: 
chmod +x test.sh
root@am437x-evm:/test# 
- 02:33:33 [INFO] Host: ./test.sh 2> stderr.log > stdout.log 3> result.log
- 02:33:38 [INFO] Target: 
./test.sh 2> stderr.log > stdout.log 3> result.log
root@am437x-evm:/test# 
- 02:33:38 [INFO] Host: echo $?
- 02:33:38 [INFO] Target: 
echo $?
root@am437x-evm:/test# 
- 02:33:38 [INFO] Host: cd /test
- 02:33:38 [INFO] Target: 
cd /test
root@am437x-evm:/test# 
- 02:33:38 [INFO] Host: cat stdout.log
- 02:33:40 [INFO] Target: 
cat stdout.log
cpuinfo:
processor	: 0
model name	: ARMv7 Processor rev 10 (v7l)
BogoMIPS	: 1000.00
Features	: half thumb fastmult vfp edsp thumbee neon vfpv3 tls vfpd32 
CPU implementer	: 0x41
CPU architecture: 7
CPU variant	: 0x2
CPU part	: 0xc09
CPU revision	: 10
Hardware	: Generic AM43 (Flattened Device Tree)
Revision	: 0000
Serial		: 0000000000000000
=======
soc info:
==> /sys/devices/soc0/family <==
AM43xx
==> /sys/devices/soc0/machine <==
AM437x
==> /sys/devices/soc0/power <==
==> /sys/devices/soc0/revision <==
ES1.1
==> /sys/devices/soc0/subsystem <==
==> /sys/devices/soc0/type <==
==> /sys/devices/soc0/uevent <==
=======
DT Model info
==> /proc/device-tree/name <==
==> /proc/device-tree/model <==
TI AM437x GP EVM
==> /proc/device-tree/compatible <==
ti,am437x-gp-evmti,am4372ti,am43
=======
interrupts:
           CPU0       
 16:          0     WUGEN  67 Level     gp_timer
 17:          0     GIC-0  27 Edge      gt
 18:       3994     GIC-0  29 Edge      twd
 19:          0     WUGEN   9 Level     l3-dbg-irq
 20:          0     WUGEN  10 Level     l3-app-irq
 23:       1914     WUGEN  12 Level     49000000.edma_ccint
 25:          1     WUGEN  14 Level     49000000.edma_ccerrint
 29:       7132     WUGEN  72 Level     OMAP UART0
 36:          0     WUGEN  96 Level     44e07000.gpio
 37:          0     WUGEN  98 Level     4804c000.gpio
 70:          0     WUGEN  62 Level     481ae000.gpio
103:          0     WUGEN 106 Level     48320000.gpio
136:          0     WUGEN 148 Level     48322000.gpio
137:         80     WUGEN  70 Level     44e0b000.i2c
138:          0     WUGEN  71 Level     4802a000.i2c
139:       5745     WUGEN  64 Level     mmc1
140:         13     WUGEN  29 Level     mmc0
142:         58     WUGEN  41 Level     4a100000.ethernet
143:         14     WUGEN  42 Level     4a100000.ethernet
151:          0     WUGEN 100 Level     gpmc
152:          1     WUGEN 172 Level     dwc3-omap
153:          1     WUGEN 178 Level     dwc3-omap
168:          0      PRCM Edge      pinctrl
192:       1994     WUGEN 174 Level     xhci-hcd:usb1
199:          0  44e07000.gpio   6 Edge      48060000.mmc cd
259:          0     WUGEN   7 Edge      tps65218
IPI0:          0  CPU wakeup interrupts
IPI1:          0  Timer broadcast interrupts
IPI2:          0  Rescheduling interrupts
IPI3:          0  Function call interrupts
IPI4:          0  CPU stop interrupts
IPI5:          0  IRQ work interrupts
IPI6:          0  completion interrupts
Err:          0
=======
Clk_summary:
   clock                         enable_cnt  prepare_cnt        rate   accuracy   phase
----------------------------------------------------------------------------------------
 clk_32k_rtc                              0            0       32768          0 0  
 oscillator                               0            0    12000000          0 0  
 clk_32k_mosc_ck                          0            0       32768          0 0  
 clk_32k_tpm_ck                           0            0       32768          0 0  
 tclkin_ck                                0            0    26000000          0 0  
 virt_26000000_ck                         0            0    26000000          0 0  
 virt_25000000_ck                         0            0    25000000          0 0  
 virt_24000000_ck                         1            1    24000000          0 0  
    sysboot_freq_sel_ck                   1            1    24000000          0 0  
       sys_clkin_ck                      19           38    24000000          0 0  
          clkout1_osc_div_ck              0            0    24000000          0 0  
             clkout1_mux_ck               0            0    24000000          0 0  
                clkout1_ck                0            0    24000000          0 0  
          vtp_clk_div                     0            0    12000000          0 0  
          dll_aging_clk_div               0            0     3000000          0 0  
          timer11_fck                     0            1    24000000          0 0  
          timer10_fck                     0            1    24000000          0 0  
          timer9_fck                      0            1    24000000          0 0  
          timer8_fck                      0            1    24000000          0 0  
          dpll_extdev_ck                  0            0    24000000          0 0  
             dpll_extdev_m2_ck            0            0    24000000          0 0  
          timer7_fck                      0            1    24000000          0 0  
          timer6_fck                      0            1    24000000          0 0  
          timer5_fck                      0            1    24000000          0 0  
          timer4_fck                      0            1    24000000          0 0  
          timer3_fck                      0            1    24000000          0 0  
          timer2_fck                      0            1    24000000          0 0  
          dpll_per_ck                     2            2   960000000          0 0  
             dpll_per_clkdcoldo           2            2   960000000          0 0  
                usb_otg_ss1_refclk960m           1            1   960000000          0 0  
                usb_otg_ss0_refclk960m           1            1   960000000          0 0  
             dpll_per_m2_ck               3            4   192000000          0 0  
                func_12m_clk              0            0    12000000          0 0  
                mmc_clk                   0            3    96000000          0 0  
                clk_24mhz                 1            1    24000000          0 0  
                   clkdiv32k_ck           1            1       32786          0 0  
                      clkdiv32k_ick           2            7       32786          0 0  
                         timer1_fck           1            1       32786          0 0  
                         gpio5_dbclk           0            2       32786          0 0  
                         gpio4_dbclk           0            2       32786          0 0  
                         gpio3_dbclk           0            2       32786          0 0  
                         gpio2_dbclk           0            1       32786          0 0  
                         gpio1_dbclk           0            2       32786          0 0  
                dpll_per_m2_div4_ck           1           12    48000000          0 0  
                dpll_per_m2_div4_wkupdm_ck           1            2    48000000          0 0  
          dpll_disp_ck                    0            1    24000000          0 0  
             dpll_disp_m2_ck              0            1    24000000          0 0  
                disp_clk                  0            3    24000000          0 0  
          dpll_ddr_ck                     1            1   400000000          0 0  
             dpll_ddr_x2_ck               0            0   800000000          0 0  
                dpll_ddr_m4_ck            0            0   400000000          0 0  
             dpll_ddr_m2_ck               1            1   400000000          0 0  
          dpll_mpu_ck                     1            1  1000000000          0 0  
             dpll_mpu_m2_ck               4            4  1000000000          0 0  
                mpu_periphclk             2            2   500000000          0 0  
          dpll_core_ck                    1            1  1000000000          0 0  
             dpll_core_x2_ck              2            2  2000000000          0 0  
                dpll_core_m6_ck           0            0   500000000          0 0  
                dpll_core_m5_ck           1            1   250000000          0 0  
                   cpsw_cpts_rft_clk           0            0   250000000          0 0  
                   cpsw_50m_clkdiv           0            0   250000000          0 0  
                      cpsw_5m_clkdiv           0            0    25000000          0 0  
                   dpll_clksel_mac_clk           0            0    50000000          0 0  
                   cpsw_125mhz_gclk           3            3   125000000          0 0  
                dpll_core_m4_ck           7            7   200000000          0 0  
                   l4hs_gclk              1            1   200000000          0 0  
                   l3_gclk               15           16   200000000          0 0  
                   sysclk_div             1            3   200000000          0 0  
                      div_core_25m_ck           0            0    25000000          0 0  
                      gfx_fclk_clksel_ck           0            1   200000000          0 0  
                         gfx_fck_div_ck           0            1   200000000          0 0  
                      dpll_core_m4_div2_ck           3            3   100000000          0 0  
                         l4ls_gclk          55           67   100000000          0 0  
                            ehrpwm5_tbclk           0            0   100000000          0 0  
                            ehrpwm4_tbclk           0            0   100000000          0 0  
                            ehrpwm3_tbclk           0            0   100000000          0 0  
                            ehrpwm2_tbclk           0            0   100000000          0 0  
                            ehrpwm1_tbclk           0            0   100000000          0 0  
                            ehrpwm0_tbclk           0            0   100000000          0 0  
                         l3s_gclk          14           15   100000000          0 0  
                      pruss_ocp_gclk           0            1   200000000          0 0  
          rng_fck                         0            0    24000000          0 0  
          aes0_fck                        1            2    24000000          0 0  
          sha0_fck                        1            1    24000000          0 0  
          smartreflex1_fck                0            1    24000000          0 0  
          smartreflex0_fck                0            1    24000000          0 0  
          mcasp1_fck                      0            1    24000000          0 0  
          mcasp0_fck                      0            1    24000000          0 0  
          dcan1_fck                       0            1    24000000          0 0  
          dcan0_fck                       0            1    24000000          0 0  
          adc_tsc_fck                     0            1    24000000          0 0  
 virt_19200000_ck                         0            0    19200000          0 0  
    crystal_freq_sel_ck                   0            0    19200000          0 0  
 clk_rc32k_ck                             0            2       32768          0 0  
    clkout1_src2_mux_ck                   0            0       32768          0 0  
       clkout1_src2_pre_div_ck            0            0       32768          0 0  
          clkout1_src2_post_div_ck           0            0       32768          0 0  
    gpio0_dbclk_mux_ck                    0            1       32768          0 0  
       gpio0_dbclk                        0            2       32768          0 0  
    wdt1_fck                              0            1       32768          0 0  
 clk_32768_ck                             2            3       32768          0 0  
    mux_synctimer32k_ck                   1            1       32768          0 0  
       synctimer_32kclk                   1            1       32768          0 0  
    usbphy_32khz_clkmux                   2            2       32768          0 0  
       usb_phy1_always_on_clk32k           1            1       32768          0 0  
       usb_phy0_always_on_clk32k           1            1       32768          0 0  
=======
Available frequencies
=======
===== ERR ==
platform 53701000.des: Cannot lookup hwmod 'des'
platform 48310000.rng: Cannot lookup hwmod 'rng'
omap_rng 48310000.rng: Failed to runtime_get device: -19
omap_rng 48310000.rng: initialization failed.
omap_voltage_late_init: Voltage driver support not added
sd 2:0:0:0: [sdc] No Caching mode page found
sd 2:0:0:0: [sdc] Assuming drive cache: write through
udevd[125]: starting version 182
=====
===== WARN ==
L2C: platform modifies aux control register: 0x0e030000 -> 0x3e430000
L2C: DT/platform modifies aux control register: 0x0e030000 -> 0x3e430000
omap4_sram_init:Unable to allocate sram needed to handle errata I688
omap4_sram_init:Unable to get sram pool needed to handle errata I688
backlight supply power not found, using dummy regulator
omap_uart 44e09000.serial: No clock speed specified: using default: 48000000
omap_uart 481a6000.serial: No clock speed specified: using default: 48000000
omap_rng 48310000.rng: _od_fail_runtime_resume: FIXME: missing hwmod/omap_dev info
gpmc_mem_init: disabling cs 0 mapped at 0x0-0x1000000
backlight supply power not found, using dummy regulator
backlight supply power not found, using dummy regulator
mmc1: host does not support reading read-only switch, assuming write-enable
backlight supply power not found, using dummy regulator
backlight supply power not found, using dummy regulator
backlight supply power not found, using dummy regulator
backlight supply power not found, using dummy regulator
backlight supply power not found, using dummy regulator
backlight supply power not found, using dummy regulator
backlight supply power not found, using dummy regulator
backlight supply power not found, using dummy regulator
backlight supply power not found, using dummy regulator
backlight supply power not found, using dummy regulator
backlight supply power not found, using dummy regulator
FAT-fs (mmcblk1p1): Volume was not properly unmounted. Some data may be corrupt. Please run fsck.
EXT4-fs (mmcblk1p3): warning: mounting unchecked fs, running e2fsck is recommended
FAT-fs (sdc1): Volume was not properly unmounted. Some data may be corrupt. Please run fsck.
FAT-fs (sda1): Volume was not properly unmounted. Some data may be corrupt. Please run fsck.
FAT-fs (sdb1): Volume was not properly unmounted. Some data may be corrupt. Please run fsck.
=====
SUMMARY RESULT: BOOT: PASS: Hello World Board Booted Boot Log has:::: err=8 warn=28:
root@am437x-evm:/test# 
- 02:33:40 [INFO] Host: cat stderr.log
- 02:33:40 [INFO] Target: 
cat stderr.log
./test.sh: line 33:   798 Killed                  cp /dev/kmsg $TMPF
root@am437x-evm:/test# 
- 02:33:40 [INFO] Host: cat result.log
- 02:33:42 [ERROR] On command: cat result.log waiting for cat result.log.+?(?m-ix:^1[\0\n\r]+) >>> error: execution expired
- 02:33:42 [INFO] Target: 
cat result.log
root@am437x-evm:/test# 
- 02:33:42 [INFO] Host: cd /test
- 02:33:42 [INFO] Target: 
cd /test
root@am437x-evm:/test# 
URL:gtsystest.telogy.design.ti.com/vatf/tigtfarm04/tigtfarm04_vatf@am43xx-gpevm1/tigtfarm0408_16_2016_02_31_48/files/session_iteration_1/test_1
