- 07:05:52 [INFO] Starting target session
- 07:05:53 [INFO] Connected to am43xx-gpevm via serial 
- 07:05:53 [INFO] Host: #check prompt
- 07:05:56 [ERROR] On command: #check prompt waiting for #check prompt.+?(?-mix:((?m-ix:.*login:)|[Pp]assword)) >>> error: execution expired
- 07:05:56 [INFO] Target: 
#check prompt
root@am437x-evm:/test# 
- 07:05:56 [INFO] Host: #check prompt
- 07:05:56 [INFO] Target: 
#check prompt
root@am437x-evm:/test# 
- 07:05:56 [INFO] Host: sync;poweroff
- 07:06:06 [INFO] Target: 
sync;poweroff
Broadcast message from root@am437x-evm (ttyO0) (Fri Nov  7 11:12:46 2014):
The system is going down for system halt NOW!
INIT: 
INIT: Sending processUIM SYSFS Node Not Found
Stopping Dropbear SSH server: stopped /usr/sbin/dropbear (pid 670)
dropbear.
Stopping telnet daemon.
Stopping system message bus: dbus.
hwclock: can't open '/dev/misc/rtc': No such file or directory
Error opening /dev/fb0: No such file or directory
Stopping syslogd/klogd: stopped syslogd (pid 705)
stopped klogd (pid 708)
done
Stopping thttpd.
Stopping Weston
stopping statd: done
ALSA: Storing mixer settings...
/usr/sbin/alsactl: save_state:1590: No soundcards found...
Stopping rpcbind daemon...
done.
Stopping Lighttpd Web Server: stopped /usr/sbin/lighttpd (pid 721)
lighttpd.
Deconfiguring network interfaces... done.
Stopping Matrix GUI applicationstart-stop-daemon: warning: killing process 727: No such process
***************************************************************
***************************************************************
NOTICE: This file system contains the followin GPLv3 packages:
	binutils
	elfutils
	gdbserver
	libdw1
	libelf1
If you do not wish to distribute GPLv3 components please remove
the above packages prior to distribution.  This can be done using
the opkg remove command.  i.e.:
    opkg remove <package>
Where <package> is the name printed in the list above
NOTE: If the package is a dependency of another package you
      will be notified of the dependent packages.  You should
      use the --force-removal-of-dependent-packages option to
      also remove the dependent packages as well
***************************************************************
***************************************************************
Sending all processes the TERM signal...
Sending all processes the KILL signal...
Unmounting remote filesystems...
Deactivating swap...
Unmounting local filesystems...
[ 1209.973149] EXT4-fs (mmcblk0p2): re-mounted. Opts: data=ordered
[ 1212.304150] reboot: System halted
- 07:06:06 [INFO] Disconnected serial from am43xx-gpevm
- 07:06:07 [INFO] Connected to am43xx-gpevm via serial 
- 07:06:07 [INFO] Host: 
- 07:06:10 [INFO] Target: 
U-Boot SPL 2014.07-g8f725ef (Oct 12 2014 - 06:29:01)
SPL: Please implement spl_start_uboot() for your board
SPL: Direct Linux boot not active!
reading u-boot.img
reading u-boot.img
U-Boot 2014.07-g8f725ef (Oct 12 2014 - 06:29:01)
I2C:   ready
DRAM:  1 GiB
NAND:  512 MiB
MMC:   OMAP SD/MMC: 0, OMAP SD/MMC: 1
Using default environment
Net:   <ethaddr> not set. Validating first E-fuse MAC
cpsw
Hit any key to stop autoboot:  1  0 
U-Boot# 
U-Boot# 
U-Boot# 
U-Boot# 
U-Boot# 
U-Boot# 
U-Boot# 
U-Boot# 
- 07:06:10 [INFO] Host: 
- 07:06:10 [INFO] Target: 
U-Boot# 
- 07:06:10 [INFO] Host: version
- 07:06:10 [INFO] Target: 
U-Boot# version
U-Boot 2014.07-g8f725ef (Oct 12 2014 - 06:29:01)
arm-linux-gnueabihf-gcc (crosstool-NG linaro-1.13.1-4.7-2013.03-20130313 - Linaro GCC 2013.03) 4.7.3 20130226 (prerelease)
GNU ld (crosstool-NG linaro-1.13.1-4.7-2013.03-20130313 - Linaro GCC 2013.03) 2.23.1
U-Boot# 
- 07:06:10 [INFO] Host: setenv bootargs 'console=ttyO0,115200n8 earlyprintk rootwait '
- 07:06:10 [INFO] Target: 
setenv bootargs 'console=ttyO0,115200n8 earlyprintk rootwait '
U-Boot# 
- 07:06:10 [INFO] Host: setenv bootcmd  ''
- 07:06:10 [INFO] Target: 
setenv bootcmd  ''
U-Boot# 
- 07:06:10 [INFO] Host: setenv autoload 'no'
- 07:06:10 [INFO] Target: 
setenv autoload 'no'
U-Boot# 
- 07:06:10 [INFO] Host: setenv serverip '192.168.0.1'
- 07:06:10 [INFO] Target: 
setenv serverip '192.168.0.1'
U-Boot# 
- 07:06:10 [INFO] Host: setenv mmcdev ' '
- 07:06:11 [INFO] Target: 
setenv mmcdev ' '
U-Boot# 
- 07:06:11 [INFO] Host: printenv
- 07:06:11 [INFO] Target: 
printenv
arch=arm
autoload=no
baudrate=115200
board=am43xx
board_name=AM43__GP
board_rev=1.2A
bootargs=console=ttyO0,115200n8 earlyprintk rootwait 
bootcmd=
bootdelay=1
bootdir=/boot
bootenv=uEnv.txt
bootfile=zImage
bootm_size=0x10000000
bootpart=0:2
console=ttyO0,115200n8
cpu=armv7
dfu_alt_info_emmc=MLO raw 0x100 0x100 mmcpart 0;u-boot.img raw 0x300 0x1000 mmcpart 0
dfu_alt_info_mmc=boot part 0 1;rootfs part 0 2;MLO fat 0 1;spl-os-args fat 0 1;spl-os-image fat 0 1;u-boot.img fat 0 1;uEnv.txt fat 0 1
dfu_alt_info_ram=kernel ram 0x80200000 0x4000000;fdt ram 0x80f80000 0x80000;ramdisk ram 0x81000000 0x4000000
dfu_bufsiz=0x10000
eth1addr=34:b1:f7:31:60:9b
ethact=cpsw
ethaddr=34:b1:f7:31:60:99
fdt_addr_r=0x88000000
fdtaddr=0x88000000
fdtfile=undefined
findfdt=if test $board_name = AM43EPOS; then setenv fdtfile am43x-epos-evm.dtb; fi; if test $board_name = AM43__GP; then setenv fdtfile am437x-gp-evm.dtb; fi; if test $board_name = AM43__SK; then setenv fdtfile am437x-sk-evm.dtb; fi; if test $fdtfile = undefined; then echo WARNING: Could not determine device tree; fi; 
importbootenv=echo Importing environment from mmc ...; env import -t $loadaddr $filesize
kernel_addr_r=0x82000000
loadaddr=0x82000000
loadbootenv=load ${devtype} ${devnum} ${loadaddr} ${bootenv}
loadfdt=load ${devtype} ${bootpart} ${fdtaddr} ${bootdir}/${fdtfile}
loadimage=load ${devtype} ${bootpart} ${loadaddr} ${bootdir}/${bootfile}
loadramdisk=load ${devtype} ${devnum} ${rdaddr} ramdisk.gz
mmcargs=setenv bootargs console=${console} ${optargs} root=${mmcroot} rootfstype=${mmcrootfstype}
mmcboot=mmc dev ${mmcdev}; setenv devnum ${mmcdev}; setenv devtype mmc; if mmc rescan; then echo SD/MMC found on device ${devnum};if run loadbootenv; then echo Loaded environment from ${bootenv};run importbootenv;fi;if test -n $uenvcmd; then echo Running uenvcmd ...;run uenvcmd;fi;if run loadimage; then run loadfdt; echo Booting from mmc${mmcdev} ...; run mmcargs; bootz ${loadaddr} - ${fdtaddr}; fi;fi;
mmcdev= 
mmcroot=/dev/mmcblk0p2 rw
mmcrootfstype=ext4 rootwait
mtdids=nand0=nand.0
mtdparts=mtdparts=nand.0:256k(NAND.SPL),256k(NAND.SPL.backup1),256k(NAND.SPL.backup2),256k(NAND.SPL.backup3),512k(NAND.u-boot-spl-os),1m(NAND.u-boot),256k(NAND.u-boot-env),256k(NAND.u-boot-env.backup1),7m(NAND.kernel),-(NAND.file-system)
nandargs=setenv bootargs console=${console} ${optargs} root=${nandroot} rootfstype=${nandrootfstype}
nandboot=echo Booting from nand ...; run nandargs; nand read ${fdtaddr} NAND.u-boot-spl-os; nand read ${loadaddr} NAND.kernel; bootz ${loadaddr} - ${fdtaddr}
nandroot=ubi0:rootfs rw ubi.mtd=NAND.file-system,4096
nandrootfstype=ubifs rootwait=1
partitions=uuid_disk=${uuid_gpt_disk};name=rootfs,start=2MiB,size=-,uuid=${uuid_gpt_rootfs}
ramargs=setenv bootargs console=${console} ${optargs} root=${ramroot} rootfstype=${ramrootfstype}
ramdisk_addr_r=0x88080000
ramroot=/dev/ram0 rw
ramrootfstype=ext2
rdaddr=0x88080000
serverip=192.168.0.1
soc=am33xx
stderr=serial
stdin=serial
stdout=serial
usbargs=setenv bootargs console=${console} ${optargs} root=${usbroot} rootfstype=${usbrootfstype}
usbboot=setenv devnum ${usbdev}; setenv devtype usb; usb start ${usbdev}; if usb dev ${usbdev}; then if run loadbootenv; then echo Loaded environment from ${bootenv};run importbootenv;fi;if test -n $uenvcmd; then echo Running uenvcmd ...;run uenvcmd;fi;if run loadimage; then run loadfdt; echo Booting from usb ${usbdev}...; run usbargs;bootz ${loadaddr} - ${fdtaddr}; fi;fi
usbdev=0
usbroot=/dev/sda2 rw
usbrootfstype=ext4 rootwait
vendor=ti
ver=U-Boot 2014.07-g8f725ef (Oct 12 2014 - 06:29:01)
Environment size: 3704/65532 bytes
U-Boot# 
- 07:06:11 [INFO] Host: printenv
- 07:06:11 [INFO] Target: 
printenv
arch=arm
autoload=no
baudrate=115200
board=am43xx
board_name=AM43__GP
board_rev=1.2A
bootargs=console=ttyO0,115200n8 earlyprintk rootwait 
bootcmd=
bootdelay=1
bootdir=/boot
bootenv=uEnv.txt
bootfile=zImage
bootm_size=0x10000000
bootpart=0:2
console=ttyO0,115200n8
cpu=armv7
dfu_alt_info_emmc=MLO raw 0x100 0x100 mmcpart 0;u-boot.img raw 0x300 0x1000 mmcpart 0
dfu_alt_info_mmc=boot part 0 1;rootfs part 0 2;MLO fat 0 1;spl-os-args fat 0 1;spl-os-image fat 0 1;u-boot.img fat 0 1;uEnv.txt fat 0 1
dfu_alt_info_ram=kernel ram 0x80200000 0x4000000;fdt ram 0x80f80000 0x80000;ramdisk ram 0x81000000 0x4000000
dfu_bufsiz=0x10000
eth1addr=34:b1:f7:31:60:9b
ethact=cpsw
ethaddr=34:b1:f7:31:60:99
fdt_addr_r=0x88000000
fdtaddr=0x88000000
fdtfile=undefined
findfdt=if test $board_name = AM43EPOS; then setenv fdtfile am43x-epos-evm.dtb; fi; if test $board_name = AM43__GP; then setenv fdtfile am437x-gp-evm.dtb; fi; if test $board_name = AM43__SK; then setenv fdtfile am437x-sk-evm.dtb; fi; if test $fdtfile = undefined; then echo WARNING: Could not determine device tree; fi; 
importbootenv=echo Importing environment from mmc ...; env import -t $loadaddr $filesize
kernel_addr_r=0x82000000
loadaddr=0x82000000
loadbootenv=load ${devtype} ${devnum} ${loadaddr} ${bootenv}
loadfdt=load ${devtype} ${bootpart} ${fdtaddr} ${bootdir}/${fdtfile}
loadimage=load ${devtype} ${bootpart} ${loadaddr} ${bootdir}/${bootfile}
loadramdisk=load ${devtype} ${devnum} ${rdaddr} ramdisk.gz
mmcargs=setenv bootargs console=${console} ${optargs} root=${mmcroot} rootfstype=${mmcrootfstype}
mmcboot=mmc dev ${mmcdev}; setenv devnum ${mmcdev}; setenv devtype mmc; if mmc rescan; then echo SD/MMC found on device ${devnum};if run loadbootenv; then echo Loaded environment from ${bootenv};run importbootenv;fi;if test -n $uenvcmd; then echo Running uenvcmd ...;run uenvcmd;fi;if run loadimage; then run loadfdt; echo Booting from mmc${mmcdev} ...; run mmcargs; bootz ${loadaddr} - ${fdtaddr}; fi;fi;
mmcdev= 
mmcroot=/dev/mmcblk0p2 rw
mmcrootfstype=ext4 rootwait
mtdids=nand0=nand.0
mtdparts=mtdparts=nand.0:256k(NAND.SPL),256k(NAND.SPL.backup1),256k(NAND.SPL.backup2),256k(NAND.SPL.backup3),512k(NAND.u-boot-spl-os),1m(NAND.u-boot),256k(NAND.u-boot-env),256k(NAND.u-boot-env.backup1),7m(NAND.kernel),-(NAND.file-system)
nandargs=setenv bootargs console=${console} ${optargs} root=${nandroot} rootfstype=${nandrootfstype}
nandboot=echo Booting from nand ...; run nandargs; nand read ${fdtaddr} NAND.u-boot-spl-os; nand read ${loadaddr} NAND.kernel; bootz ${loadaddr} - ${fdtaddr}
nandroot=ubi0:rootfs rw ubi.mtd=NAND.file-system,4096
nandrootfstype=ubifs rootwait=1
partitions=uuid_disk=${uuid_gpt_disk};name=rootfs,start=2MiB,size=-,uuid=${uuid_gpt_rootfs}
ramargs=setenv bootargs console=${console} ${optargs} root=${ramroot} rootfstype=${ramrootfstype}
ramdisk_addr_r=0x88080000
ramroot=/dev/ram0 rw
ramrootfstype=ext2
rdaddr=0x88080000
serverip=192.168.0.1
soc=am33xx
stderr=serial
stdin=serial
stdout=serial
usbargs=setenv bootargs console=${console} ${optargs} root=${usbroot} rootfstype=${usbrootfstype}
usbboot=setenv devnum ${usbdev}; setenv devtype usb; usb start ${usbdev}; if usb dev ${usbdev}; then if run loadbootenv; then echo Loaded environment from ${bootenv};run importbootenv;fi;if test -n $uenvcmd; then echo Running uenvcmd ...;run uenvcmd;fi;if run loadimage; then run loadfdt; echo Booting from usb ${usbdev}...; run usbargs;bootz ${loadaddr} - ${fdtaddr}; fi;fi
usbdev=0
usbroot=/dev/sda2 rw
usbrootfstype=ext4 rootwait
vendor=ti
ver=U-Boot 2014.07-g8f725ef (Oct 12 2014 - 06:29:01)
Environment size: 3704/65532 bytes
U-Boot# 
- 07:06:11 [INFO] Host: setenv bootargs ''${bootargs}' ip=dhcp '
- 07:06:11 [INFO] Target: 
setenv bootargs ''${bootargs}' ip=dhcp '
U-Boot# 
- 07:06:11 [INFO] Host: setenv serverip '192.168.0.1'
- 07:06:12 [INFO] Target: 
setenv serverip '192.168.0.1'
U-Boot# 
- 07:06:12 [INFO] Host: setenv ipaddr dhcp
- 07:06:12 [INFO] Target: 
setenv ipaddr dhcp
U-Boot# 
- 07:06:12 [INFO] Host: setenv autoload 'no'
- 07:06:12 [INFO] Target: 
setenv autoload 'no'
U-Boot# 
- 07:06:12 [INFO] Host: dhcp
- 07:06:13 [INFO] Target: 
dhcp
cpsw Waiting for PHY auto negotiation to complete. done
link up on port 0, speed 1000, full duplex
BOOTP broadcast 1
DHCP client bound to address 192.168.0.86
U-Boot# 
- 07:06:13 [INFO] Host: setenv serverip '192.168.0.1'
- 07:06:13 [INFO] Target: 
setenv serverip '192.168.0.1'
U-Boot# 
- 07:06:13 [INFO] Host: tftp ${loadaddr} 192.168.0.1:vatf_am43xx-gpevm/a726e2430a8e78505f20f103272d8710
- 07:06:14 [INFO] Target: 
tftp ${loadaddr} 192.168.0.1:vatf_am43xx-gpevm/a726e2430a8e78505f20f103272d8710
link up on port 0, speed 1000, full duplex
Using cpsw device
TFTP from server 192.168.0.1; our IP address is 192.168.0.86
Filename 'vatf_am43xx-gpevm/a726e2430a8e78505f20f103272d8710'.
Load address: 0x82000000
Loading: *#################################################################
	 #################################################################
	 #################################################################
	 #################################################################
	 #################################################################
	 #################################################################
	 ##############################################
	 10.6 MiB/s
done
Bytes transferred = 6386344 (6172a8 hex)
U-Boot# 
- 07:06:14 [INFO] Host: tftp ${fdt_addr_r} 192.168.0.1:vatf_am43xx-gpevm/ce69c7289e16c7adf93cfb48fa3a0894
- 07:06:14 [INFO] Target: 
tftp ${fdt_addr_r} 192.168.0.1:vatf_am43xx-gpevm/ce69c7289e16c7adf93cfb48fa3a0894
link up on port 0, speed 1000, full duplex
Using cpsw device
TFTP from server 192.168.0.1; our IP address is 192.168.0.86
Filename 'vatf_am43xx-gpevm/ce69c7289e16c7adf93cfb48fa3a0894'.
Load address: 0x88000000
Loading: *###
	 9.8 MiB/s
done
Bytes transferred = 41015 (a037 hex)
U-Boot# 
- 07:06:14 [INFO] Host: ls mmc 0:1
- 07:06:14 [INFO] Target: 
ls mmc 0:1
   116420   mlo 
     1164   readme 
   401676   u-boot.img 
       14   .ipaddr 
        4   ws-calibrate.rules 
        0   pointercal 
6 file(s), 0 dir(s)
U-Boot# 
- 07:06:14 [INFO] Host: ls mmc 0:2
- 07:06:14 [INFO] Target: 
ls mmc 0:2
<DIR>       4096 .
<DIR>       4096 ..
<DIR>       4096 bin
<DIR>       4096 boot
<DIR>       4096 dev
<DIR>       4096 etc
<DIR>       4096 home
<DIR>       4096 lib
<DIR>       4096 media
<DIR>       4096 mnt
<DIR>       4096 opt
<DIR>       4096 proc
<DIR>       4096 run
<DIR>       4096 sbin
<DIR>       4096 srv
<DIR>       4096 sys
<SYM>          8 tmp
<DIR>       4096 usr
<DIR>       4096 var
<DIR>       4096 www
<DIR>       4096 test
U-Boot# 
- 07:06:14 [INFO] Host: part uuid mmc 0:2
- 07:06:14 [INFO] Target: 
part uuid mmc 0:2
00000000-02
U-Boot# 
- 07:06:14 [INFO] Host: printenv
- 07:06:15 [INFO] Target: 
printenv
arch=arm
autoload=no
baudrate=115200
board=am43xx
board_name=AM43__GP
board_rev=1.2A
bootargs=console=ttyO0,115200n8 earlyprintk rootwait  ip=dhcp 
bootcmd=
bootdelay=1
bootdir=/boot
bootenv=uEnv.txt
bootfile=zImage
bootm_size=0x10000000
bootpart=0:2
console=ttyO0,115200n8
cpu=armv7
dfu_alt_info_emmc=MLO raw 0x100 0x100 mmcpart 0;u-boot.img raw 0x300 0x1000 mmcpart 0
dfu_alt_info_mmc=boot part 0 1;rootfs part 0 2;MLO fat 0 1;spl-os-args fat 0 1;spl-os-image fat 0 1;u-boot.img fat 0 1;uEnv.txt fat 0 1
dfu_alt_info_ram=kernel ram 0x80200000 0x4000000;fdt ram 0x80f80000 0x80000;ramdisk ram 0x81000000 0x4000000
dfu_bufsiz=0x10000
dnsip=192.0.2.2
dnsip2=192.0.2.3
eth1addr=34:b1:f7:31:60:9b
ethact=cpsw
ethaddr=34:b1:f7:31:60:99
fdt_addr_r=0x88000000
fdtaddr=0x88000000
fdtfile=undefined
fileaddr=88000000
filesize=a037
findfdt=if test $board_name = AM43EPOS; then setenv fdtfile am43x-epos-evm.dtb; fi; if test $board_name = AM43__GP; then setenv fdtfile am437x-gp-evm.dtb; fi; if test $board_name = AM43__SK; then setenv fdtfile am437x-sk-evm.dtb; fi; if test $fdtfile = undefined; then echo WARNING: Could not determine device tree; fi; 
gatewayip=192.168.0.1
importbootenv=echo Importing environment from mmc ...; env import -t $loadaddr $filesize
ipaddr=192.168.0.86
kernel_addr_r=0x82000000
loadaddr=0x82000000
loadbootenv=load ${devtype} ${devnum} ${loadaddr} ${bootenv}
loadfdt=load ${devtype} ${bootpart} ${fdtaddr} ${bootdir}/${fdtfile}
loadimage=load ${devtype} ${bootpart} ${loadaddr} ${bootdir}/${bootfile}
loadramdisk=load ${devtype} ${devnum} ${rdaddr} ramdisk.gz
mmcargs=setenv bootargs console=${console} ${optargs} root=${mmcroot} rootfstype=${mmcrootfstype}
mmcboot=mmc dev ${mmcdev}; setenv devnum ${mmcdev}; setenv devtype mmc; if mmc rescan; then echo SD/MMC found on device ${devnum};if run loadbootenv; then echo Loaded environment from ${bootenv};run importbootenv;fi;if test -n $uenvcmd; then echo Running uenvcmd ...;run uenvcmd;fi;if run loadimage; then run loadfdt; echo Booting from mmc${mmcdev} ...; run mmcargs; bootz ${loadaddr} - ${fdtaddr}; fi;fi;
mmcdev= 
mmcroot=/dev/mmcblk0p2 rw
mmcrootfstype=ext4 rootwait
mtdids=nand0=nand.0
mtdparts=mtdparts=nand.0:256k(NAND.SPL),256k(NAND.SPL.backup1),256k(NAND.SPL.backup2),256k(NAND.SPL.backup3),512k(NAND.u-boot-spl-os),1m(NAND.u-boot),256k(NAND.u-boot-env),256k(NAND.u-boot-env.backup1),7m(NAND.kernel),-(NAND.file-system)
nandargs=setenv bootargs console=${console} ${optargs} root=${nandroot} rootfstype=${nandrootfstype}
nandboot=echo Booting from nand ...; run nandargs; nand read ${fdtaddr} NAND.u-boot-spl-os; nand read ${loadaddr} NAND.kernel; bootz ${loadaddr} - ${fdtaddr}
nandroot=ubi0:rootfs rw ubi.mtd=NAND.file-system,4096
nandrootfstype=ubifs rootwait=1
netmask=255.255.255.0
partitions=uuid_disk=${uuid_gpt_disk};name=rootfs,start=2MiB,size=-,uuid=${uuid_gpt_rootfs}
ramargs=setenv bootargs console=${console} ${optargs} root=${ramroot} rootfstype=${ramrootfstype}
ramdisk_addr_r=0x88080000
ramroot=/dev/ram0 rw
ramrootfstype=ext2
rdaddr=0x88080000
serverip=192.168.0.1
soc=am33xx
stderr=serial
stdin=serial
stdout=serial
usbargs=setenv bootargs console=${console} ${optargs} root=${usbroot} rootfstype=${usbrootfstype}
usbboot=setenv devnum ${usbdev}; setenv devtype usb; usb start ${usbdev}; if usb dev ${usbdev}; then if run loadbootenv; then echo Loaded environment from ${bootenv};run importbootenv;fi;if test -n $uenvcmd; then echo Running uenvcmd ...;run uenvcmd;fi;if run loadimage; then run loadfdt; echo Booting from usb ${usbdev}...; run usbargs;bootz ${loadaddr} - ${fdtaddr}; fi;fi
usbdev=0
usbroot=/dev/sda2 rw
usbrootfstype=ext4 rootwait
vendor=ti
ver=U-Boot 2014.07-g8f725ef (Oct 12 2014 - 06:29:01)
Environment size: 3856/65532 bytes
U-Boot# 
- 07:06:15 [INFO] Host: setenv bootargs ''${bootargs}' root=PARTUUID=00000000-02 rw rootfstype=ext4 rootwait '
- 07:06:15 [INFO] Target: 
setenv bootargs ''${bootargs}' root=PARTUUID=00000000-02 rw rootfstype=ext4 rootwait '
U-Boot# 
- 07:06:15 [INFO] Host: printenv
- 07:06:15 [INFO] Target: 
printenv
arch=arm
autoload=no
baudrate=115200
board=am43xx
board_name=AM43__GP
board_rev=1.2A
bootargs=console=ttyO0,115200n8 earlyprintk rootwait  ip=dhcp  root=PARTUUID=00000000-02 rw rootfstype=ext4 rootwait 
bootcmd=
bootdelay=1
bootdir=/boot
bootenv=uEnv.txt
bootfile=zImage
bootm_size=0x10000000
bootpart=0:2
console=ttyO0,115200n8
cpu=armv7
dfu_alt_info_emmc=MLO raw 0x100 0x100 mmcpart 0;u-boot.img raw 0x300 0x1000 mmcpart 0
dfu_alt_info_mmc=boot part 0 1;rootfs part 0 2;MLO fat 0 1;spl-os-args fat 0 1;spl-os-image fat 0 1;u-boot.img fat 0 1;uEnv.txt fat 0 1
dfu_alt_info_ram=kernel ram 0x80200000 0x4000000;fdt ram 0x80f80000 0x80000;ramdisk ram 0x81000000 0x4000000
dfu_bufsiz=0x10000
dnsip=192.0.2.2
dnsip2=192.0.2.3
eth1addr=34:b1:f7:31:60:9b
ethact=cpsw
ethaddr=34:b1:f7:31:60:99
fdt_addr_r=0x88000000
fdtaddr=0x88000000
fdtfile=undefined
fileaddr=88000000
filesize=a037
findfdt=if test $board_name = AM43EPOS; then setenv fdtfile am43x-epos-evm.dtb; fi; if test $board_name = AM43__GP; then setenv fdtfile am437x-gp-evm.dtb; fi; if test $board_name = AM43__SK; then setenv fdtfile am437x-sk-evm.dtb; fi; if test $fdtfile = undefined; then echo WARNING: Could not determine device tree; fi; 
gatewayip=192.168.0.1
importbootenv=echo Importing environment from mmc ...; env import -t $loadaddr $filesize
ipaddr=192.168.0.86
kernel_addr_r=0x82000000
loadaddr=0x82000000
loadbootenv=load ${devtype} ${devnum} ${loadaddr} ${bootenv}
loadfdt=load ${devtype} ${bootpart} ${fdtaddr} ${bootdir}/${fdtfile}
loadimage=load ${devtype} ${bootpart} ${loadaddr} ${bootdir}/${bootfile}
loadramdisk=load ${devtype} ${devnum} ${rdaddr} ramdisk.gz
mmcargs=setenv bootargs console=${console} ${optargs} root=${mmcroot} rootfstype=${mmcrootfstype}
mmcboot=mmc dev ${mmcdev}; setenv devnum ${mmcdev}; setenv devtype mmc; if mmc rescan; then echo SD/MMC found on device ${devnum};if run loadbootenv; then echo Loaded environment from ${bootenv};run importbootenv;fi;if test -n $uenvcmd; then echo Running uenvcmd ...;run uenvcmd;fi;if run loadimage; then run loadfdt; echo Booting from mmc${mmcdev} ...; run mmcargs; bootz ${loadaddr} - ${fdtaddr}; fi;fi;
mmcdev= 
mmcroot=/dev/mmcblk0p2 rw
mmcrootfstype=ext4 rootwait
mtdids=nand0=nand.0
mtdparts=mtdparts=nand.0:256k(NAND.SPL),256k(NAND.SPL.backup1),256k(NAND.SPL.backup2),256k(NAND.SPL.backup3),512k(NAND.u-boot-spl-os),1m(NAND.u-boot),256k(NAND.u-boot-env),256k(NAND.u-boot-env.backup1),7m(NAND.kernel),-(NAND.file-system)
nandargs=setenv bootargs console=${console} ${optargs} root=${nandroot} rootfstype=${nandrootfstype}
nandboot=echo Booting from nand ...; run nandargs; nand read ${fdtaddr} NAND.u-boot-spl-os; nand read ${loadaddr} NAND.kernel; bootz ${loadaddr} - ${fdtaddr}
nandroot=ubi0:rootfs rw ubi.mtd=NAND.file-system,4096
nandrootfstype=ubifs rootwait=1
netmask=255.255.255.0
partitions=uuid_disk=${uuid_gpt_disk};name=rootfs,start=2MiB,size=-,uuid=${uuid_gpt_rootfs}
ramargs=setenv bootargs console=${console} ${optargs} root=${ramroot} rootfstype=${ramrootfstype}
ramdisk_addr_r=0x88080000
ramroot=/dev/ram0 rw
ramrootfstype=ext2
rdaddr=0x88080000
serverip=192.168.0.1
soc=am33xx
stderr=serial
stdin=serial
stdout=serial
usbargs=setenv bootargs console=${console} ${optargs} root=${usbroot} rootfstype=${usbrootfstype}
usbboot=setenv devnum ${usbdev}; setenv devtype usb; usb start ${usbdev}; if usb dev ${usbdev}; then if run loadbootenv; then echo Loaded environment from ${bootenv};run importbootenv;fi;if test -n $uenvcmd; then echo Running uenvcmd ...;run uenvcmd;fi;if run loadimage; then run loadfdt; echo Booting from usb ${usbdev}...; run usbargs;bootz ${loadaddr} - ${fdtaddr}; fi;fi
usbdev=0
usbroot=/dev/sda2 rw
usbrootfstype=ext4 rootwait
vendor=ti
ver=U-Boot 2014.07-g8f725ef (Oct 12 2014 - 06:29:01)
Environment size: 3911/65532 bytes
U-Boot# 
- 07:06:15 [INFO] Host: setenv bootcmd ''${bootcmd}' if iminfo ${loadaddr}; then bootm ${loadaddr} - ${fdt_addr_r}; else bootz ${loadaddr} - ${fdt_addr_r}; bootm ${loadaddr} - ${fdt_addr_r}; fi'
- 07:06:15 [INFO] Target: 
setenv bootcmd ''${bootcmd}' if iminfo ${loadaddr}; then bootm ${loadaddr} - ${fdt_addr_r}; else bootz ${loadaddr} - ${fdt_addr_r}; bootm ${loadaddr} - ${fdt_addr_r}; fi'
U-Boot# 
- 07:06:15 [INFO] Host: bdinfo
- 07:06:15 [INFO] Target: 
bdinfo
arch_number = 0x00000000
boot_params = 0x80000100
DRAM bank   = 0x00000000
-> start    = 0x80000000
-> size     = 0x40000000
eth0name    = cpsw
ethaddr     = 34:b1:f7:31:60:99
current eth = cpsw
ip_addr     = 192.168.0.86
baudrate    = 115200 bps
TLB addr    = 0xBFFF0000
relocaddr   = 0xBF735000
reloc off   = 0x3EF35000
irq_sp      = 0xBE724EE0
sp start    = 0xBE724ED0
U-Boot# 
- 07:06:15 [INFO] Host: mmc rescan
- 07:06:15 [INFO] Target: 
mmc rescan
U-Boot# 
- 07:06:15 [INFO] Host: fatwrite mmc ${mmcdev}:1 ${loadaddr} ws-calibrate.rules 4
- 07:06:16 [INFO] Target: 
fatwrite mmc ${mmcdev}:1 ${loadaddr} ws-calibrate.rules 4
writing ws-calibrate.rules
4 bytes written
U-Boot# 
- 07:06:16 [INFO] Host: boot
- 07:08:46 [ERROR] On command: boot waiting for boot.+?(?m-ix:.*login:) >>> error: execution expired
- 07:08:46 [INFO] Target: 
boot
## Checking Image at 82000000 ...
Unknown image format!
Kernel image @ 0x82000000 [ 0x000000 - 0x6172a8 ]
## Flattened Device Tree blob at 88000000
   Booting using the fdt blob at 0x88000000
   Loading Device Tree to 8fff2000, end 8ffff036 ... OK
Starting kernel ...
[    0.000000] Booting Linux on physical CPU 0x0
[    0.000000] Linux version 4.1.0-rc5-next-20150526-00002-gb61d5ce61b3a (nmenon@kahuna) (gcc version 4.6.3 (Ubuntu/Linaro 4.6.3-1ubuntu5) ) #3 SMP Tue May 26 06:05:16 CDT 2015
[    0.000000] CPU: ARMv7 Processor [412fc09a] revision 10 (ARMv7), cr=10c5387d
[    0.000000] CPU: PIPT / VIPT nonaliasing data cache, VIPT aliasing instruction cache
[    0.000000] Machine model: TI AM437x GP EVM
[    0.000000] cma: Reserved 64 MiB at 0xbc000000
[    0.000000] Memory policy: Data cache writeback
[    0.000000] CPU: All CPU(s) started in SVC mode.
[    0.000000] AM437x ES1.1 (sgx neon )
[    0.000000] PERCPU: Embedded 12 pages/cpu @eefc6000 s16896 r8192 d24064 u49152
[    0.000000] Built 1 zonelists in Zone order, mobility grouping on.  Total pages: 260624
[    0.000000] Kernel command line: console=ttyO0,115200n8 earlyprintk rootwait  ip=dhcp  root=PARTUUID=00000000-02 rw rootfstype=ext4 rootwait 
[    0.000000] PID hash table entries: 4096 (order: 2, 16384 bytes)
[    0.000000] Dentry cache hash table entries: 131072 (order: 7, 524288 bytes)
[    0.000000] Inode-cache hash table entries: 65536 (order: 6, 262144 bytes)
[    0.000000] Memory: 959504K/1048576K available (8168K kernel code, 1078K rwdata, 3744K rodata, 936K init, 334K bss, 23536K reserved, 65536K cma-reserved, 204800K highmem)
[    0.000000] Virtual kernel memory layout:
[    0.000000]     vector  : 0xffff0000 - 0xffff1000   (   4 kB)
[    0.000000]     fixmap  : 0xffc00000 - 0xfff00000   (3072 kB)
[    0.000000]     vmalloc : 0xf0000000 - 0xff000000   ( 240 MB)
[    0.000000]     lowmem  : 0xc0000000 - 0xef800000   ( 760 MB)
[    0.000000]     pkmap   : 0xbfe00000 - 0xc0000000   (   2 MB)
[    0.000000]     modules : 0xbf000000 - 0xbfe00000   (  14 MB)
[    0.000000]       .text : 0xc0208000 - 0xc0dab060   (11917 kB)
[    0.000000]       .init : 0xc0dac000 - 0xc0e96000   ( 936 kB)
[    0.000000]       .data : 0xc0e96000 - 0xc0fa38e0   (1079 kB)
[    0.000000]        .bss : 0xc0fa6000 - 0xc0ff9aa0   ( 335 kB)
[    0.000000] SLUB: HWalign=64, Order=0-3, MinObjects=0, CPUs=1, Nodes=1
[    0.000000] Hierarchical RCU implementation.
[    0.000000] 	Additional per-CPU info printed with stalls.
[    0.000000] 	Build-time adjustment of leaf fanout to 32.
[    0.000000] 	RCU restricting CPUs from NR_CPUS=16 to nr_cpu_ids=1.
[    0.000000] RCU: Adjusting geometry for rcu_fanout_leaf=32, nr_cpu_ids=1
[    0.000000] NR_IRQS:16 nr_irqs:16 16
[    0.000000] L2C: platform modifies aux control register: 0x0e030000 -> 0x3e430000
[    0.000000] L2C: DT/platform modifies aux control register: 0x0e030000 -> 0x3e430000
[    0.000000] L2C-310 erratum 769419 enabled
[    0.000000] L2C-310 enabling early BRESP for Cortex-A9
[    0.000000] OMAP L2C310: ROM does not support power control setting
[    0.000000] L2C-310 dynamic clock gating disabled, standby mode disabled
[    0.000000] L2C-310 cache controller enabled, 16 ways, 256 kB
[    0.000000] L2C-310: CACHE_ID 0x410000c9, AUX_CTRL 0x4e430000
[    0.000000] OMAP clockevent source: timer2 at 24000000 Hz
[    0.000010] sched_clock: 32 bits at 24MHz, resolution 41ns, wraps every 89478484971ns
[    0.000025] clocksource timer1: mask: 0xffffffff max_cycles: 0xffffffff, max_idle_ns: 79635851949 ns
[    0.000035] OMAP clocksource: timer1 at 24000000 Hz
[    0.000183] Console: colour dummy device 80x30
[    0.000214] Calibrating delay loop... 1992.29 BogoMIPS (lpj=4980736)
[    0.044400] pid_max: default: 32768 minimum: 301
[    0.044543] Mount-cache hash table entries: 2048 (order: 1, 8192 bytes)
[    0.044554] Mountpoint-cache hash table entries: 2048 (order: 1, 8192 bytes)
[    0.045243] CPU: Testing write buffer coherency: ok
[    0.045541] CPU0: thread -1, cpu 0, socket 0, mpidr 80000000
[    0.045638] Setting up static identity map for 0x80209000 - 0x80209098
[    0.049052] Brought up 1 CPUs
[    0.049071] SMP: Total of 1 processors activated (1992.29 BogoMIPS).
[    0.049079] CPU: All CPU(s) started in SVC mode.
[    0.049722] devtmpfs: initialized
[    0.050472] VFP support v0.3: implementor 41 architecture 3 part 30 variant 9 rev 4
[    0.062387] omap_hwmod: tptc0 using broken dt data from edma
[    0.062498] omap_hwmod: tptc1 using broken dt data from edma
[    0.062594] omap_hwmod: tptc2 using broken dt data from edma
[    0.120731] clocksource jiffies: mask: 0xffffffff max_cycles: 0xffffffff, max_idle_ns: 9556302231375000 ns
[    0.124927] pinctrl core: initialized pinctrl subsystem
[    0.135149] NET: Registered protocol family 16
[    0.137138] DMA: preallocated 256 KiB pool for atomic coherent allocations
[    0.139001] cpuidle: using governor ladder
[    0.139020] cpuidle: using governor menu
[    0.140629] omap_l3_noc 44000000.ocp: L3 debug error: target 8 mod:0 (unclearable)
[    0.140699] omap_l3_noc 44000000.ocp: L3 application error: target 8 mod:0 (unclearable)
[    0.143726] OMAP GPIO hardware version 0.1
[    0.148667] platform 53701000.des: Cannot lookup hwmod 'des'
[    0.149232] omap-gpmc 50000000.gpmc: could not find pctldev for node /ocp/l4_wkup@44c00000/scm@210000/pinmux@800/nand_flash_x8, deferring probe
[    0.153918] No ATAGs?
[    0.153955] hw-breakpoint: found 5 (+1 reserved) breakpoint and 1 watchpoint registers.
[    0.153966] hw-breakpoint: maximum watchpoint size is 4 bytes.
[    0.157906] Serial: AMBA PL011 UART driver
[    0.173626] edma-dma-engine edma-dma-engine.0: TI EDMA DMA engine driver
[    0.177392] vgaarb: loaded
[    0.178171] SCSI subsystem initialized
[    0.178732] usbcore: registered new interface driver usbfs
[    0.178788] usbcore: registered new interface driver hub
[    0.178843] usbcore: registered new device driver usb
[    0.179632] omap_i2c 44e0b000.i2c: could not find pctldev for node /ocp/l4_wkup@44c00000/scm@210000/pinmux@800/i2c0_pins, deferring probe
[    0.179675] omap_i2c 4802a000.i2c: could not find pctldev for node /ocp/l4_wkup@44c00000/scm@210000/pinmux@800/i2c1_pins, deferring probe
[    0.180254] media: Linux media interface: v0.10
[    0.180307] Linux video capture interface: v2.00
[    0.180363] pps_core: LinuxPPS API ver. 1 registered
[    0.180370] pps_core: Software ver. 5.3.6 - Copyright 2005-2007 Rodolfo Giometti <giometti@linux.it>
[    0.180397] PTP clock support registered
[    0.180631] EDAC MC: Ver: 3.0.0
[    0.181926] Advanced Linux Sound Architecture Driver Initialized.
[    0.183103] Switched to clocksource timer1
[    0.191836] NET: Registered protocol family 2
[    0.192435] TCP established hash table entries: 8192 (order: 3, 32768 bytes)
[    0.192504] TCP bind hash table entries: 8192 (order: 4, 65536 bytes)
[    0.192618] TCP: Hash tables configured (established 8192 bind 8192)
[    0.192757] UDP hash table entries: 512 (order: 2, 16384 bytes)
[    0.192808] UDP-Lite hash table entries: 512 (order: 2, 16384 bytes)
[    0.193022] NET: Registered protocol family 1
[    0.193476] RPC: Registered named UNIX socket transport module.
[    0.193489] RPC: Registered udp transport module.
[    0.193495] RPC: Registered tcp transport module.
[    0.193502] RPC: Registered tcp NFSv4.1 backchannel transport module.
[    0.195776] futex hash table entries: 256 (order: 2, 16384 bytes)
[    0.204685] squashfs: version 4.0 (2009/01/31) Phillip Lougher
[    0.205505] NFS: Registering the id_resolver key type
[    0.205559] Key type id_resolver registered
[    0.205566] Key type id_legacy registered
[    0.205639] ntfs: driver 2.1.32 [Flags: R/O].
[    0.206800] bounce: pool size: 64 pages
[    0.207034] Block layer SCSI generic (bsg) driver version 0.4 loaded (major 248)
[    0.207053] io scheduler noop registered
[    0.207063] io scheduler deadline registered
[    0.207217] io scheduler cfq registered (default)
[    0.212268] pinctrl-single 44e10800.pinmux: 199 pins at pa f9e10800 size 796
[    0.217299] backlight supply power not found, using dummy regulator
[    0.217454] pwm-backlight backlight: unable to request PWM, trying legacy API
[    0.217465] pwm-backlight backlight: unable to request legacy PWM
[    0.266170] Serial: 8250/16550 driver, 4 ports, IRQ sharing disabled
[    0.268433] SuperH (H)SCI(F) driver initialized
[    0.269232] msm_serial: driver initialized
[    0.269685] omap_uart 44e09000.serial: no wakeirq for uart0
[    0.269703] omap_uart 44e09000.serial: No clock speed specified: using default: 48000000
[    0.269844] 44e09000.serial: ttyO0 at MMIO 0x44e09000 (irq = 23, base_baud = 3000000) is a OMAP UART0
[    1.054158] console [ttyO0] enabled
[    1.058349] omap_uart 481a6000.serial: no wakeirq for uart3
[    1.064216] omap_uart 481a6000.serial: No clock speed specified: using default: 48000000
[    1.072783] 481a6000.serial: ttyO3 at MMIO 0x481a6000 (irq = 24, base_baud = 3000000) is a OMAP UART3
[    1.082913] STMicroelectronics ASC driver initialized
[    1.089655] [drm] Initialized drm 1.1.0 20060810
[    1.101430] loop: module loaded
[    1.110537] CAN device driver interface
[    1.115485] igb: Intel(R) Gigabit Ethernet Network Driver - version 5.2.15-k
[    1.122889] igb: Copyright (c) 2007-2014 Intel Corporation.
[    1.130679] pegasus: v0.9.3 (2013/04/25), Pegasus/Pegasus II USB Ethernet driver
[    1.138525] usbcore: registered new interface driver pegasus
[    1.144526] usbcore: registered new interface driver asix
[    1.150234] usbcore: registered new interface driver ax88179_178a
[    1.156665] usbcore: registered new interface driver cdc_ether
[    1.162827] usbcore: registered new interface driver smsc75xx
[    1.168915] usbcore: registered new interface driver smsc95xx
[    1.174968] usbcore: registered new interface driver net1080
[    1.180933] usbcore: registered new interface driver cdc_subset
[    1.187175] usbcore: registered new interface driver zaurus
[    1.193120] usbcore: registered new interface driver cdc_ncm
[    1.200294] ehci_hcd: USB 2.0 'Enhanced' Host Controller (EHCI) Driver
[    1.207169] ehci-pci: EHCI PCI platform driver
[    1.211900] ehci-platform: EHCI generic platform driver
[    1.217554] ehci-omap: OMAP-EHCI Host Controller driver
[    1.223172] ehci-orion: EHCI orion driver
[    1.227475] SPEAr-ehci: EHCI SPEAr driver
[    1.231788] ehci-st: EHCI STMicroelectronics driver
[    1.237004] ehci-exynos: EHCI EXYNOS driver
[    1.241505] ehci-atmel: EHCI Atmel driver
[    1.245815] tegra-ehci: Tegra EHCI driver
[    1.250144] ohci_hcd: USB 1.1 'Open' Host Controller (OHCI) Driver
[    1.256646] ohci-pci: OHCI PCI platform driver
[    1.261365] ohci-platform: OHCI generic platform driver
[    1.266998] ohci-omap3: OHCI OMAP3 driver
[    1.271335] SPEAr-ohci: OHCI SPEAr driver
[    1.275648] ohci-st: OHCI STMicroelectronics driver
[    1.280876] ohci-atmel: OHCI Atmel driver
[    1.285271] usbcore: registered new interface driver usb-storage
[    1.292792] mousedev: PS/2 mouse device common for all mice
[    1.301939] i2c /dev entries driver
[    1.307252] usbcore: registered new interface driver uvcvideo
[    1.313321] USB Video Class driver (1.1.1)
[    1.317622] gspca_main: v2.14.0 registered
[    1.325784] sdhci: Secure Digital Host Controller Interface driver
[    1.332294] sdhci: Copyright(c) Pierre Ossman
[    1.337788] omap_hsmmc 48060000.mmc: Got CD GPIO
[    1.404048] Synopsys Designware Multimedia Card Interface Driver
[    1.411235] sdhci-pltfm: SDHCI platform and OF driver helper
[    1.418426] ledtrig-cpu: registered to indicate activity on CPUs
[    1.424993] usbcore: registered new interface driver usbhid
[    1.430863] usbhid: USB HID core driver
[    1.438062] usbcore: registered new interface driver snd-usb-audio
[    1.447487] NET: Registered protocol family 17
[    1.452253] can: controller area network core (rev 20120528 abi 9)
[    1.458835] NET: Registered protocol family 29
[    1.463522] can: raw protocol (rev 20120528)
[    1.467990] can: broadcast manager protocol (rev 20120528 t)
[    1.473938] can: netlink gateway (rev 20130117) max_hops=1
[    1.480151] Key type dns_resolver registered
[    1.484897] omap_voltage_late_init: Voltage driver support not added
[    1.492305] cpufreq: cpufreq_add_dev: CPU0: Running at unlisted freq: 1000000 KHz
[    1.500268] cpufreq: cpufreq_add_dev: CPU0: Unlisted initial frequency changed to: 1020000 KHz
[   28.048341] NMI watchdog: BUG: soft lockup - CPU#0 stuck for 23s! [swapper/0:1]
[   28.064788] Modules linked in:
[   28.072138] CPU: 0 PID: 1 Comm: swapper/0 Not tainted 4.1.0-rc5-next-20150526-00002-gb61d5ce61b3a #3
[   28.092565] Hardware name: Generic AM43 (Flattened Device Tree)
[   28.105952] task: ee060000 ti: ee064000 task.ti: ee064000
[   28.118316] PC is at __loop_delay+0x0/0x10
[   28.127730] LR is at _omap3_wait_dpll_status+0x60/0xd0
[   28.139425] pc : [<c0474d18>]    lr : [<c023cb60>]    psr: 20000113
[   28.139425] sp : ee065aa8  ip : 00000000  fp : 00000000
[   28.165048] r10: c0edcdb4  r9 : ee00f3c0  r8 : 00000001
[   28.176852] r7 : 000f4240  r6 : ee00f280  r5 : ee010000  r4 : 00041606
[   28.191513] r3 : c0474ce8  r2 : 00002647  r1 : ffffffff  r0 : 00000170
[   28.206212] Flags: nzCv  IRQs on  FIQs on  Mode SVC_32  ISA ARM  Segment kernel
[   28.222630] Control: 10c5387d  Table: 80204059  DAC: 00000015
[   28.235670] CPU: 0 PID: 1 Comm: swapper/0 Not tainted 4.1.0-rc5-next-20150526-00002-gb61d5ce61b3a #3
[   28.256050] Hardware name: Generic AM43 (Flattened Device Tree)
[   28.269860] [<c0217b3c>] (unwind_backtrace) from [<c02134ec>] (show_stack+0x10/0x14)
[   28.287573] [<c02134ec>] (show_stack) from [<c09b5728>] (dump_stack+0x70/0x8c)
[   28.304115] [<c09b5728>] (dump_stack) from [<c02b453c>] (watchdog_timer_fn+0x1b0/0x220)
[   28.322378] [<c02b453c>] (watchdog_timer_fn) from [<c0295358>] (__hrtimer_run_queues+0xf0/0x184)
[   28.342307] [<c0295358>] (__hrtimer_run_queues) from [<c029565c>] (hrtimer_interrupt+0xc4/0x230)
[   28.362247] [<c029565c>] (hrtimer_interrupt) from [<c022ea24>] (omap2_gp_timer_interrupt+0x2c/0x34)
[   28.382733] [<c022ea24>] (omap2_gp_timer_interrupt) from [<c02872d0>] (handle_irq_event_percpu+0x50/0x150)
[   28.404465] [<c02872d0>] (handle_irq_event_percpu) from [<c0287414>] (handle_irq_event+0x44/0x64)
[   28.424488] [<c0287414>] (handle_irq_event) from [<c028a058>] (handle_fasteoi_irq+0xa8/0x180)
[   28.443739] [<c028a058>] (handle_fasteoi_irq) from [<c0286c08>] (generic_handle_irq+0x20/0x30)
[   28.463154] [<c0286c08>] (generic_handle_irq) from [<c0286d04>] (__handle_domain_irq+0x54/0xac)
[   28.482758] [<c0286d04>] (__handle_domain_irq) from [<c020a6ec>] (gic_handle_irq+0x2c/0x6c)
[   28.501570] [<c020a6ec>] (gic_handle_irq) from [<c0214040>] (__irq_svc+0x40/0x54)
[   28.518346] Exception stack(0xee065a60 to 0xee065aa8)
[   28.529909] 5a60: 00000170 ffffffff 00002647 c0474ce8 00041606 ee010000 ee00f280 000f4240
[   28.548342] 5a80: 00000001 ee00f3c0 c0edcdb4 00000000 00000000 ee065aa8 c023cb60 c0474d18
[   28.566630] 5aa0: 20000113 ffffffff
[   28.574843] [<c0214040>] (__irq_svc) from [<c0474d18>] (__loop_delay+0x0/0x10)
[   42.038793] random: nonblocking pool is initialized
[  101.154092] clock: dpll_mpu_ck failed transition to 'locked'
[  101.171823] ThumbEE CPU extension supported.
[  101.182590] Registering SWP/SWPB emulation handler
[  101.234678] mmc0: host does not support reading read-only switch, assuming write-enable
[  101.271532] omap-gpmc 50000000.gpmc: GPMC revision 6.0
[  101.301185] mmc0: new high speed SDHC card at address aaaa
[  101.330458] mmcblk0: mmc0:aaaa SU08G 7.40 GiB 
[  101.364446] omap_i2c 44e0b000.i2c: bus 0 rev0.12 at 100 kHz
[  101.405003]  mmcblk0: p1 p2 p3
[  101.433039] omap_i2c 4802a000.i2c: bus 1 rev0.12 at 100 kHz
[  101.457966] backlight supply power not found, using dummy regulator
[  101.474992] pwm-backlight backlight: unable to request PWM, trying legacy API
[  101.491698] pwm-backlight backlight: unable to request legacy PWM
[  101.556759] backlight supply power not found, using dummy regulator
[  101.573868] pwm-backlight backlight: unable to request PWM, trying legacy API
[  101.590488] pwm-backlight backlight: unable to request legacy PWM
[  102.858847] davinci_mdio 4a101000.mdio: davinci mdio revision 1.6
[  102.873813] davinci_mdio 4a101000.mdio: detected phy mask fffffffe
[  102.901464] libphy: 4a101000.mdio: probed
[  102.911453] davinci_mdio 4a101000.mdio: phy[0]: device 4a101000.mdio:00, driver Micrel KSZ9031 Gigabit PHY
[  102.959794] cpsw 4a100000.ethernet: Detected MACID = 34:b1:f7:31:60:99
[  103.003911] hctosys: unable to open rtc device (rtc0)
[  103.122261] net eth0: initializing cpsw version 1.15 (0)
[  103.156619] backlight supply power not found, using dummy regulator
[  103.173975] pwm-backlight backlight: unable to request PWM, trying legacy API
[  103.190622] pwm-backlight backlight: unable to request legacy PWM
[  103.314618] net eth0: phy found : id is : 0x221622
[  107.314078] cpsw 4a100000.ethernet eth0: Link is Up - 1Gbps/Full - flow control rx/tx
[  107.333196] Sending DHCP requests ., OK
[  108.388811] IP-Config: Got DHCP answer from 192.168.0.1, my address is 192.168.0.86
[  108.397454] IP-Config: Complete:
[  108.401037]      device=eth0, hwaddr=34:b1:f7:31:60:99, ipaddr=192.168.0.86, mask=255.255.255.0, gw=192.168.0.1
[  108.411929]      host=192.168.0.86, domain=tim.com, nis-domain=(none)
[  108.418903]      bootserver=192.168.0.1, rootserver=192.168.0.1, rootpath=
[  108.426147]      nameserver0=192.0.2.2, nameserver1=192.0.2.3
[  108.432861] vmmcwl_fixed: disabling
[  108.436984] ALSA device list:
[  108.440251]   No soundcards found.
[  108.466553] EXT4-fs (mmcblk0p2): mounted filesystem with ordered data mode. Opts: (null)
[  108.475453] VFS: Mounted root (ext4 filesystem) on device 179:2.
[  108.492542] devtmpfs: mounted
[  108.498369] Freeing unused kernel memory: 936K (c0dac000 - c0e96000)
INIT: version 2.88 booting
Error opening /dev/fb0: No such file or directory
Starting udev
[  109.061127] udevd[71]: starting version 182
[  130.228318] INFO: rcu_sched detected stalls on CPUs/tasks:
[  130.242786] 	(detected by 0, t=4202 jiffies, g=-133, c=-134, q=60)
[  130.259148] All QSes seen, last rcu_sched kthread activity 4202 (-33955--38157), jiffies_till_next_fqs=1, root ->qsmask 0x0
[  130.287754] kworker/0:2     R running      0    42      2 0x00000002
[  130.304775] Workqueue: events od_dbs_timer
[  130.316095] [<c0217b3c>] (unwind_backtrace) from [<c02134ec>] (show_stack+0x10/0x14)
[  130.336440] [<c02134ec>] (show_stack) from [<c029264c>] (rcu_check_callbacks+0x718/0x758)
[  130.357823] [<c029264c>] (rcu_check_callbacks) from [<c029475c>] (update_process_times+0x30/0x5c)
[  130.380919] [<c029475c>] (update_process_times) from [<c02a34b4>] (tick_sched_timer+0x44/0x84)
[  130.403334] [<c02a34b4>] (tick_sched_timer) from [<c0295358>] (__hrtimer_run_queues+0xf0/0x184)
[  130.426013] [<c0295358>] (__hrtimer_run_queues) from [<c029565c>] (hrtimer_interrupt+0xc4/0x230)
[  130.448954] [<c029565c>] (hrtimer_interrupt) from [<c022ea24>] (omap2_gp_timer_interrupt+0x2c/0x34)
[  130.472508] [<c022ea24>] (omap2_gp_timer_interrupt) from [<c02872d0>] (handle_irq_event_percpu+0x50/0x150)
[  130.497531] [<c02872d0>] (handle_irq_event_percpu) from [<c0287414>] (handle_irq_event+0x44/0x64)
[  130.520582] [<c0287414>] (handle_irq_event) from [<c028a058>] (handle_fasteoi_irq+0xa8/0x180)
[  130.542736] [<c028a058>] (handle_fasteoi_irq) from [<c0286c08>] (generic_handle_irq+0x20/0x30)
[  130.565078] [<c0286c08>] (generic_handle_irq) from [<c0286d04>] (__handle_domain_irq+0x54/0xac)
[  130.587629] [<c0286d04>] (__handle_domain_irq) from [<c020a6ec>] (gic_handle_irq+0x2c/0x6c)
[  130.609293] [<c020a6ec>] (gic_handle_irq) from [<c0214040>] (__irq_svc+0x40/0x54)
[  130.628605] Exception stack(0xee541d38 to 0xee541d80)
[  130.641770] 1d20:                                                       000005c8 ffffffff
[  130.662992] 1d40: 00001d12 c0474ce8 00043a46 ee010000 ee00f280 000f4240 00000001 ee00f3c0
[  130.684201] 1d60: c0edcdb4 00000000 00000000 ee541d80 c023cb60 c0474d18 200f0013 ffffffff
[  130.705525] [<c0214040>] (__irq_svc) from [<c0474d18>] (__loop_delay+0x0/0x10)
[  130.724331] rcu_sched kthread starved for 4202 jiffies! g4294967163 c4294967162 f0x2 s3 ->state=0x0
[  136.048328] NMI watchdog: BUG: soft lockup - CPU#0 stuck for 22s! [kworker/0:2:42]
[  136.067878] Modules linked in:
[  136.076218] CPU: 0 PID: 42 Comm: kworker/0:2 Tainted: G             L  4.1.0-rc5-next-20150526-00002-gb61d5ce61b3a #3
[  136.103492] Hardware name: Generic AM43 (Flattened Device Tree)
[  136.118985] Workqueue: events od_dbs_timer
[  136.129856] task: ee25e600 ti: ee540000 task.ti: ee540000
[  136.143953] PC is at _omap3_wait_dpll_status+0x80/0xd0
[  136.157336] LR is at _omap3_wait_dpll_status+0x6c/0xd0
[  136.170757] pc : [<c023cb80>]    lr : [<c023cb6c>]    psr: 800f0013
[  136.170757] sp : ee541d80  ip : 00000000  fp : 00000000
[  136.200272] r10: c0edcdb4  r9 : ee00f3c0  r8 : 00000001
[  136.213843] r7 : 000f4240  r6 : ee00f280  r5 : ee010000  r4 : 00054b55
[  136.230713] r3 : 00000000  r2 : 00000002  r1 : f9df2d64  r0 : 000346dc
[  136.247634] Flags: Nzcv  IRQs on  FIQs on  Mode SVC_32  ISA ARM  Segment kernel
[  136.266534] Control: 10c5387d  Table: ae58c059  DAC: 00000015
[  136.281523] CPU: 0 PID: 42 Comm: kworker/0:2 Tainted: G             L  4.1.0-rc5-next-20150526-00002-gb61d5ce61b3a #3
[  136.308779] Hardware name: Generic AM43 (Flattened Device Tree)
[  136.324186] Workqueue: events od_dbs_timer
[  136.335398] [<c0217b3c>] (unwind_backtrace) from [<c02134ec>] (show_stack+0x10/0x14)
[  136.355726] [<c02134ec>] (show_stack) from [<c09b5728>] (dump_stack+0x70/0x8c)
[  136.374712] [<c09b5728>] (dump_stack) from [<c02b453c>] (watchdog_timer_fn+0x1b0/0x220)
[  136.395693] [<c02b453c>] (watchdog_timer_fn) from [<c0295358>] (__hrtimer_run_queues+0xf0/0x184)
[  136.418594] [<c0295358>] (__hrtimer_run_queues) from [<c029565c>] (hrtimer_interrupt+0xc4/0x230)
[  136.441507] [<c029565c>] (hrtimer_interrupt) from [<c022ea24>] (omap2_gp_timer_interrupt+0x2c/0x34)
[  136.465057] [<c022ea24>] (omap2_gp_timer_interrupt) from [<c02872d0>] (handle_irq_event_percpu+0x50/0x150)
[  136.490086] [<c02872d0>] (handle_irq_event_percpu) from [<c0287414>] (handle_irq_event+0x44/0x64)
[  136.513119] [<c0287414>] (handle_irq_event) from [<c028a058>] (handle_fasteoi_irq+0xa8/0x180)
[  136.535276] [<c028a058>] (handle_fasteoi_irq) from [<c0286c08>] (generic_handle_irq+0x20/0x30)
[  136.557616] [<c0286c08>] (generic_handle_irq) from [<c0286d04>] (__handle_domain_irq+0x54/0xac)
[  136.580175] [<c0286d04>] (__handle_domain_irq) from [<c020a6ec>] (gic_handle_irq+0x2c/0x6c)
[  136.601837] [<c020a6ec>] (gic_handle_irq) from [<c0214040>] (__irq_svc+0x40/0x54)
[  136.621149] Exception stack(0xee541d38 to 0xee541d80)
[  136.634323] 1d20:                                                       000346dc f9df2d64
[  136.655548] 1d40: 00000002 00000000 00054b55 ee010000 ee00f280 000f4240 00000001 ee00f3c0
[  136.676749] 1d60: c0edcdb4 00000000 00000000 ee541d80 c023cb6c c023cb80 800f0013 ffffffff
[  136.698010] [<c0214040>] (__irq_svc) from [<c023cb80>] (_omap3_wait_dpll_status+0x80/0xd0)
[  136.719506] [<c023cb80>] (_omap3_wait_dpll_status) from [<c023ce2c>] (_omap3_noncore_dpll_lock+0xa4/0xb8)
[  136.744309] [<c023ce2c>] (_omap3_noncore_dpll_lock) from [<c023cf9c>] (omap3_noncore_dpll_set_rate+0x15c/0x430)
[  136.770493] [<c023cf9c>] (omap3_noncore_dpll_set_rate) from [<c086c9f4>] (clk_change_rate+0x134/0x174)
[  136.794656] [<c086c9f4>] (clk_change_rate) from [<c086d1d8>] (clk_core_set_rate_nolock+0x74/0xa8)
[  136.817695] [<c086d1d8>] (clk_core_set_rate_nolock) from [<c086d22c>] (clk_set_rate+0x20/0x30)
[  136.840095] [<c086d22c>] (clk_set_rate) from [<c08117a8>] (set_target+0xe0/0x230)
[  136.859613] [<c08117a8>] (set_target) from [<c080cd90>] (__cpufreq_driver_target+0x154/0x278)
[  136.881768] [<c080cd90>] (__cpufreq_driver_target) from [<c0810ee4>] (dbs_check_cpu+0x184/0x1cc)
[  136.904588] [<c0810ee4>] (dbs_check_cpu) from [<c0810964>] (od_dbs_timer+0xd0/0x128)
[  136.924796] [<c0810964>] (od_dbs_timer) from [<c02600cc>] (process_one_work+0x134/0x338)
[  136.945865] [<c02600cc>] (process_one_work) from [<c0260334>] (worker_thread+0x30/0x47c)
[  136.966895] [<c0260334>] (worker_thread) from [<c0265050>] (kthread+0xd8/0xf4)
[  136.985750] [<c0265050>] (kthread) from [<c02107e8>] (ret_from_fork+0x14/0x2c)
URL:gtsystest.telogy.design.ti.com/vatf/tigtfarm06/tigtfarm06_vatf@am43xx-gpevm/tigtfarm0605_26_2015_07_05_52/files/session_iteration_1/test_1
