- 07:14:05 [INFO] Starting target session
- 07:14:06 [INFO] Connected to am437x-sk via serial 
- 07:14:06 [INFO] Host: #check prompt
- 07:14:09 [ERROR] On command: #check prompt waiting for #check prompt.+?(?-mix:((?-mix:login:)|[Pp]assword)) >>> error: execution expired
- 07:14:09 [INFO] Target: 
#check prompt
root@am437x-evm:/test# 
- 07:14:09 [INFO] Host: #check prompt
- 07:14:09 [INFO] Target: 
#check prompt
root@am437x-evm:/test# 
- 07:14:09 [INFO] Host: sync;poweroff
- 07:14:23 [INFO] Target: 
sync;poweroff
INIT: Switchi
INIT: Sending processes the TERM signal
Broadcast message from root@am437x-evm (ttyO0) (Sat Jan  1 00:10:05 2000):
The system is going down for system halt NOW!
root@am437x-evm:/test# 
INIT: SendieStopping syslogd/klogd: stopped syslogd (pid 1103)
stopped klogd (pid 1106)
done
Deconfiguring network interfaces... done.
Sending all processes the TERM signal...
Sending all processes the KILL signal...
Unmounting remote filesystems...
Deactivating swap...
Unmounting local filesystems...
[  635.041644] reboot: System halted
- 07:14:23 [INFO] Disconnected serial from am437x-sk
- 07:14:44 [INFO] Connected to am437x-sk via serial 
- 07:14:44 [INFO] Host: 
- 07:14:45 [INFO] Target: 
0 MiB
MMC:   OMAP SD/MMC: 0, OMAP SD/MMC: 1
Using default environment
Net:   <ethaddr> not set. Validating first E-fuse MAC
cpsw
Hit any key to stop autoboot:  1  0 
U-Boot# 
- 07:14:45 [INFO] Host: 
- 07:14:45 [INFO] Target: 
U-Boot# 
- 07:14:45 [INFO] Host: version
- 07:14:46 [INFO] Target: 
version
U-Boot 2014.07-00071-gaca0808 (Oct 02 2014 - 11:23:51)
arm-linux-gnueabihf-gcc (crosstool-NG linaro-1.13.1-4.7-2013.03-20130313 - Linaro GCC 2013.03) 4.7.3 20130226 (prerelease)
GNU ld (crosstool-NG linaro-1.13.1-4.7-2013.03-20130313 - Linaro GCC 2013.03) 2.23.1
U-Boot# 
- 07:14:46 [INFO] Host: setenv bootargs 'console=ttyO0,115200n8 earlyprintk rootwait '
- 07:14:46 [INFO] Target: 
setenv bootargs 'console=ttyO0,115200n8 earlyprintk rootwait '
U-Boot# 
- 07:14:46 [INFO] Host: setenv bootcmd  ''
- 07:14:47 [INFO] Target: 
setenv bootcmd  ''
U-Boot# 
- 07:14:47 [INFO] Host: setenv autoload 'no'
- 07:14:47 [INFO] Target: 
setenv autoload 'no'
U-Boot# 
- 07:14:47 [INFO] Host: setenv serverip '192.168.0.1'
- 07:14:48 [INFO] Target: 
setenv serverip '192.168.0.1'
U-Boot# 
- 07:14:48 [INFO] Host: printenv
- 07:14:48 [INFO] Target: 
printenv
arch=arm
autoload=no
baudrate=115200
board=am43xx
board_name=AM43__SK
board_rev=1.0A
bootargs=console=ttyO0,115200n8 earlyprintk rootwait 
bootcmd=
bootdelay=1
bootdir=/boot
bootenv=uEnv.txt
bootfile=zImage
bootm_size=0x10000000
bootpart=0:2
console=ttyO0,115200n8
cpu=armv7
dfu_alt_info_emmc=MLO raw 0x100 0x100 mmcpart 0;u-boot.img raw 0x300 0x1000 mmcpart 0
dfu_alt_info_mmc=boot part 0 1;rootfs part 0 2;MLO fat 0 1;spl-os-args fat 0 1;spl-os-image fat 0 1;u-boot.img fat 0 1;uEnv.txt fat 0 1
dfu_alt_info_ram=kernel ram 0x80200000 0x4000000;fdt ram 0x80f80000 0x80000;ramdisk ram 0x81000000 0x4000000
dfu_bufsiz=0x10000
eth1addr=34:b1:f7:31:60:ce
ethact=cpsw
ethaddr=34:b1:f7:31:60:cc
fdt_addr_r=0x88000000
fdtaddr=0x88000000
fdtfile=undefined
findfdt=if test $board_name = AM43EPOS; then setenv fdtfile am43x-epos-evm.dtb; fi; if test $board_name = AM43__GP; then setenv fdtfile am437x-gp-evm.dtb; fi; if test $board_name = AM43__SK; then setenv fdtfile am437x-sk-evm.dtb; fi; if test $fdtfile = undefined; then echo WARNING: Could not determine device tree; fi; 
importbootenv=echo Importing environment from mmc ...; env import -t $loadaddr $filesize
kernel_addr_r=0x82000000
loadaddr=0x82000000
loadbootenv=load ${devtype} ${devnum} ${loadaddr} ${bootenv}
loadfdt=load ${devtype} ${bootpart} ${fdtaddr} ${bootdir}/${fdtfile}
loadimage=load ${devtype} ${bootpart} ${loadaddr} ${bootdir}/${bootfile}
loadramdisk=load ${devtype} ${devnum} ${rdaddr} ramdisk.gz
mmcargs=setenv bootargs console=${console} ${optargs} root=${mmcroot} rootfstype=${mmcrootfstype}
mmcboot=mmc dev ${mmcdev}; setenv devnum ${mmcdev}; setenv devtype mmc; if mmc rescan; then echo SD/MMC found on device ${devnum};if run loadbootenv; then echo Loaded environment from ${bootenv};run importbootenv;fi;if test -n $uenvcmd; then echo Running uenvcmd ...;run uenvcmd;fi;if run loadimage; then run loadfdt; echo Booting from mmc${mmcdev} ...; run mmcargs; bootz ${loadaddr} - ${fdtaddr}; fi;fi;
mmcdev=0
mmcroot=/dev/mmcblk0p2 rw
mmcrootfstype=ext4 rootwait
mtdids=nand0=nand.0
mtdparts=mtdparts=nand.0:256k(NAND.SPL),256k(NAND.SPL.backup1),256k(NAND.SPL.backup2),256k(NAND.SPL.backup3),512k(NAND.u-boot-spl-os),1m(NAND.u-boot),256k(NAND.u-boot-env),256k(NAND.u-boot-env.backup1),7m(NAND.kernel),-(NAND.file-system)
nandargs=setenv bootargs console=${console} ${optargs} root=${nandroot} rootfstype=${nandrootfstype}
nandboot=echo Booting from nand ...; run nandargs; nand read ${fdtaddr} NAND.u-boot-spl-os; nand read ${loadaddr} NAND.kernel; bootz ${loadaddr} - ${fdtaddr}
nandroot=ubi0:rootfs rw ubi.mtd=NAND.file-system,4096
nandrootfstype=ubifs rootwait=1
partitions=uuid_disk=${uuid_gpt_disk};name=rootfs,start=2MiB,size=-,uuid=${uuid_gpt_rootfs}
ramargs=setenv bootargs console=${console} ${optargs} root=${ramroot} rootfstype=${ramrootfstype}
ramdisk_addr_r=0x88080000
ramroot=/dev/ram0 rw
ramrootfstype=ext2
rdaddr=0x88080000
serverip=192.168.0.1
soc=am33xx
stderr=serial
stdin=serial
stdout=serial
usbargs=setenv bootargs console=${console} ${optargs} root=${usbroot} rootfstype=${usbrootfstype}
usbboot=setenv devnum ${usbdev}; setenv devtype usb; usb start ${usbdev}; if usb dev ${usbdev}; then if run loadbootenv; then echo Loaded environment from ${bootenv};run importbootenv;fi;if test -n $uenvcmd; then echo Running uenvcmd ...;run uenvcmd;fi;if run loadimage; then run loadfdt; echo Booting from usb ${usbdev}...; run usbargs;bootz ${loadaddr} - ${fdtaddr}; fi;fi
usbdev=0
usbroot=/dev/sda2 rw
usbrootfstype=ext4 rootwait
vendor=ti
ver=U-Boot 2014.07-00071-gaca0808 (Oct 02 2014 - 11:23:51)
Environment size: 3710/65532 bytes
U-Boot# 
- 07:14:48 [INFO] Host: printenv
- 07:14:49 [INFO] Target: 
printenv
arch=arm
autoload=no
baudrate=115200
board=am43xx
board_name=AM43__SK
board_rev=1.0A
bootargs=console=ttyO0,115200n8 earlyprintk rootwait 
bootcmd=
bootdelay=1
bootdir=/boot
bootenv=uEnv.txt
bootfile=zImage
bootm_size=0x10000000
bootpart=0:2
console=ttyO0,115200n8
cpu=armv7
dfu_alt_info_emmc=MLO raw 0x100 0x100 mmcpart 0;u-boot.img raw 0x300 0x1000 mmcpart 0
dfu_alt_info_mmc=boot part 0 1;rootfs part 0 2;MLO fat 0 1;spl-os-args fat 0 1;spl-os-image fat 0 1;u-boot.img fat 0 1;uEnv.txt fat 0 1
dfu_alt_info_ram=kernel ram 0x80200000 0x4000000;fdt ram 0x80f80000 0x80000;ramdisk ram 0x81000000 0x4000000
dfu_bufsiz=0x10000
eth1addr=34:b1:f7:31:60:ce
ethact=cpsw
ethaddr=34:b1:f7:31:60:cc
fdt_addr_r=0x88000000
fdtaddr=0x88000000
fdtfile=undefined
findfdt=if test $board_name = AM43EPOS; then setenv fdtfile am43x-epos-evm.dtb; fi; if test $board_name = AM43__GP; then setenv fdtfile am437x-gp-evm.dtb; fi; if test $board_name = AM43__SK; then setenv fdtfile am437x-sk-evm.dtb; fi; if test $fdtfile = undefined; then echo WARNING: Could not determine device tree; fi; 
importbootenv=echo Importing environment from mmc ...; env import -t $loadaddr $filesize
kernel_addr_r=0x82000000
loadaddr=0x82000000
loadbootenv=load ${devtype} ${devnum} ${loadaddr} ${bootenv}
loadfdt=load ${devtype} ${bootpart} ${fdtaddr} ${bootdir}/${fdtfile}
loadimage=load ${devtype} ${bootpart} ${loadaddr} ${bootdir}/${bootfile}
loadramdisk=load ${devtype} ${devnum} ${rdaddr} ramdisk.gz
mmcargs=setenv bootargs console=${console} ${optargs} root=${mmcroot} rootfstype=${mmcrootfstype}
mmcboot=mmc dev ${mmcdev}; setenv devnum ${mmcdev}; setenv devtype mmc; if mmc rescan; then echo SD/MMC found on device ${devnum};if run loadbootenv; then echo Loaded environment from ${bootenv};run importbootenv;fi;if test -n $uenvcmd; then echo Running uenvcmd ...;run uenvcmd;fi;if run loadimage; then run loadfdt; echo Booting from mmc${mmcdev} ...; run mmcargs; bootz ${loadaddr} - ${fdtaddr}; fi;fi;
mmcdev=0
mmcroot=/dev/mmcblk0p2 rw
mmcrootfstype=ext4 rootwait
mtdids=nand0=nand.0
mtdparts=mtdparts=nand.0:256k(NAND.SPL),256k(NAND.SPL.backup1),256k(NAND.SPL.backup2),256k(NAND.SPL.backup3),512k(NAND.u-boot-spl-os),1m(NAND.u-boot),256k(NAND.u-boot-env),256k(NAND.u-boot-env.backup1),7m(NAND.kernel),-(NAND.file-system)
nandargs=setenv bootargs console=${console} ${optargs} root=${nandroot} rootfstype=${nandrootfstype}
nandboot=echo Booting from nand ...; run nandargs; nand read ${fdtaddr} NAND.u-boot-spl-os; nand read ${loadaddr} NAND.kernel; bootz ${loadaddr} - ${fdtaddr}
nandroot=ubi0:rootfs rw ubi.mtd=NAND.file-system,4096
nandrootfstype=ubifs rootwait=1
partitions=uuid_disk=${uuid_gpt_disk};name=rootfs,start=2MiB,size=-,uuid=${uuid_gpt_rootfs}
ramargs=setenv bootargs console=${console} ${optargs} root=${ramroot} rootfstype=${ramrootfstype}
ramdisk_addr_r=0x88080000
ramroot=/dev/ram0 rw
ramrootfstype=ext2
rdaddr=0x88080000
serverip=192.168.0.1
soc=am33xx
stderr=serial
stdin=serial
stdout=serial
usbargs=setenv bootargs console=${console} ${optargs} root=${usbroot} rootfstype=${usbrootfstype}
usbboot=setenv devnum ${usbdev}; setenv devtype usb; usb start ${usbdev}; if usb dev ${usbdev}; then if run loadbootenv; then echo Loaded environment from ${bootenv};run importbootenv;fi;if test -n $uenvcmd; then echo Running uenvcmd ...;run uenvcmd;fi;if run loadimage; then run loadfdt; echo Booting from usb ${usbdev}...; run usbargs;bootz ${loadaddr} - ${fdtaddr}; fi;fi
usbdev=0
usbroot=/dev/sda2 rw
usbrootfstype=ext4 rootwait
vendor=ti
ver=U-Boot 2014.07-00071-gaca0808 (Oct 02 2014 - 11:23:51)
Environment size: 3710/65532 bytes
U-Boot# 
- 07:14:49 [INFO] Host: setenv bootargs ''${bootargs}' ip=dhcp '
- 07:14:49 [INFO] Target: 
setenv bootargs ''${bootargs}' ip=dhcp '
U-Boot# 
- 07:14:49 [INFO] Host: setenv serverip '192.168.0.1'
- 07:14:50 [INFO] Target: 
setenv serverip '192.168.0.1'
U-Boot# 
- 07:14:50 [INFO] Host: setenv ipaddr dhcp
- 07:14:50 [INFO] Target: 
setenv ipaddr dhcp
U-Boot# 
- 07:14:50 [INFO] Host: setenv autoload 'no'
- 07:14:51 [INFO] Target: 
setenv autoload 'no'
U-Boot# 
- 07:14:51 [INFO] Host: dhcp
- 07:14:52 [INFO] Target: 
dhcp
link up on port 0, speed 1000, full duplex
BOOTP broadcast 1
DHCP client bound to address 192.168.0.122
U-Boot# 
- 07:14:52 [INFO] Host: setenv serverip '192.168.0.1'
- 07:14:53 [INFO] Target: 
setenv serverip '192.168.0.1'
U-Boot# 
- 07:14:53 [INFO] Host: tftp ${loadaddr} 192.168.0.1:vatf_am437x-sk1/74f44b938baf209e7cf5912373429df1
- 07:14:54 [INFO] Target: 
tftp ${loadaddr} 192.168.0.1:vatf_am437x-sk1/74f44b938baf209e7cf5912373429df1
link up on port 0, speed 1000, full duplex
Using cpsw device
TFTP from server 192.168.0.1; our IP address is 192.168.0.122
Filename 'vatf_am437x-sk1/74f44b938baf209e7cf5912373429df1'.
Load address: 0x82000000
Loading: *#################################################################
	 #################################################################
	 #################################################################
	 #################################################################
	 #################################################################
	 #################################################################
	 10 MiB/s
done
Bytes transferred = 5738136 (578e98 hex)
U-Boot# 
- 07:14:54 [INFO] Host: tftp ${fdt_addr_r} 192.168.0.1:vatf_am437x-sk1/438ce3b11d5af103fc0cd3a16820d2fa
- 07:14:54 [INFO] Target: 
tftp ${fdt_addr_r} 192.168.0.1:vatf_am437x-sk1/438ce3b11d5af103fc0cd3a16820d2fa
link up on port 0, speed 1000, full duplex
Using cpsw device
TFTP from server 192.168.0.1; our IP address is 192.168.0.122
Filename 'vatf_am437x-sk1/438ce3b11d5af103fc0cd3a16820d2fa'.
Load address: 0x88000000
Loading: *###
	 7.5 MiB/s
done
Bytes transferred = 39152 (98f0 hex)
U-Boot# 
- 07:14:54 [INFO] Host: ls mmc 0:1
- 07:14:55 [INFO] Target: 
ls mmc 0:1
   116932   mlo 
     1164   readme 
   402732   u-boot.img 
       13   .ipaddr 
        4   ws-calibrate.rules 
5 file(s), 0 dir(s)
U-Boot# 
- 07:14:55 [INFO] Host: ls mmc 0:2
- 07:14:55 [INFO] Target: 
ls mmc 0:2
<DIR>       4096 .
<DIR>       4096 ..
<DIR>       4096 bin
<DIR>       4096 boot
<DIR>       4096 dev
<DIR>       4096 etc
<DIR>       4096 home
<DIR>       4096 lib
<DIR>       4096 media
<DIR>       4096 mnt
<DIR>       4096 opt
<DIR>       4096 proc
<DIR>       4096 run
<DIR>       4096 sbin
<DIR>       4096 srv
<DIR>       4096 sys
<SYM>          8 tmp
<DIR>       4096 usr
<DIR>       4096 var
<DIR>       4096 www
<DIR>       4096 test
U-Boot# 
- 07:14:55 [INFO] Host: part uuid mmc 0:2
- 07:14:56 [INFO] Target: 
part uuid mmc 0:2
00000000-02
U-Boot# 
- 07:14:56 [INFO] Host: printenv
- 07:14:56 [INFO] Target: 
printenv
arch=arm
autoload=no
baudrate=115200
board=am43xx
board_name=AM43__SK
board_rev=1.0A
bootargs=console=ttyO0,115200n8 earlyprintk rootwait  ip=dhcp 
bootcmd=
bootdelay=1
bootdir=/boot
bootenv=uEnv.txt
bootfile=zImage
bootm_size=0x10000000
bootpart=0:2
console=ttyO0,115200n8
cpu=armv7
dfu_alt_info_emmc=MLO raw 0x100 0x100 mmcpart 0;u-boot.img raw 0x300 0x1000 mmcpart 0
dfu_alt_info_mmc=boot part 0 1;rootfs part 0 2;MLO fat 0 1;spl-os-args fat 0 1;spl-os-image fat 0 1;u-boot.img fat 0 1;uEnv.txt fat 0 1
dfu_alt_info_ram=kernel ram 0x80200000 0x4000000;fdt ram 0x80f80000 0x80000;ramdisk ram 0x81000000 0x4000000
dfu_bufsiz=0x10000
dnsip=192.0.2.2
dnsip2=192.0.2.3
eth1addr=34:b1:f7:31:60:ce
ethact=cpsw
ethaddr=34:b1:f7:31:60:cc
fdt_addr_r=0x88000000
fdtaddr=0x88000000
fdtfile=undefined
fileaddr=88000000
filesize=98f0
findfdt=if test $board_name = AM43EPOS; then setenv fdtfile am43x-epos-evm.dtb; fi; if test $board_name = AM43__GP; then setenv fdtfile am437x-gp-evm.dtb; fi; if test $board_name = AM43__SK; then setenv fdtfile am437x-sk-evm.dtb; fi; if test $fdtfile = undefined; then echo WARNING: Could not determine device tree; fi; 
gatewayip=192.168.0.1
importbootenv=echo Importing environment from mmc ...; env import -t $loadaddr $filesize
ipaddr=192.168.0.122
kernel_addr_r=0x82000000
loadaddr=0x82000000
loadbootenv=load ${devtype} ${devnum} ${loadaddr} ${bootenv}
loadfdt=load ${devtype} ${bootpart} ${fdtaddr} ${bootdir}/${fdtfile}
loadimage=load ${devtype} ${bootpart} ${loadaddr} ${bootdir}/${bootfile}
loadramdisk=load ${devtype} ${devnum} ${rdaddr} ramdisk.gz
mmcargs=setenv bootargs console=${console} ${optargs} root=${mmcroot} rootfstype=${mmcrootfstype}
mmcboot=mmc dev ${mmcdev}; setenv devnum ${mmcdev}; setenv devtype mmc; if mmc rescan; then echo SD/MMC found on device ${devnum};if run loadbootenv; then echo Loaded environment from ${bootenv};run importbootenv;fi;if test -n $uenvcmd; then echo Running uenvcmd ...;run uenvcmd;fi;if run loadimage; then run loadfdt; echo Booting from mmc${mmcdev} ...; run mmcargs; bootz ${loadaddr} - ${fdtaddr}; fi;fi;
mmcdev=0
mmcroot=/dev/mmcblk0p2 rw
mmcrootfstype=ext4 rootwait
mtdids=nand0=nand.0
mtdparts=mtdparts=nand.0:256k(NAND.SPL),256k(NAND.SPL.backup1),256k(NAND.SPL.backup2),256k(NAND.SPL.backup3),512k(NAND.u-boot-spl-os),1m(NAND.u-boot),256k(NAND.u-boot-env),256k(NAND.u-boot-env.backup1),7m(NAND.kernel),-(NAND.file-system)
nandargs=setenv bootargs console=${console} ${optargs} root=${nandroot} rootfstype=${nandrootfstype}
nandboot=echo Booting from nand ...; run nandargs; nand read ${fdtaddr} NAND.u-boot-spl-os; nand read ${loadaddr} NAND.kernel; bootz ${loadaddr} - ${fdtaddr}
nandroot=ubi0:rootfs rw ubi.mtd=NAND.file-system,4096
nandrootfstype=ubifs rootwait=1
netmask=255.255.255.0
partitions=uuid_disk=${uuid_gpt_disk};name=rootfs,start=2MiB,size=-,uuid=${uuid_gpt_rootfs}
ramargs=setenv bootargs console=${console} ${optargs} root=${ramroot} rootfstype=${ramrootfstype}
ramdisk_addr_r=0x88080000
ramroot=/dev/ram0 rw
ramrootfstype=ext2
rdaddr=0x88080000
serverip=192.168.0.1
soc=am33xx
stderr=serial
stdin=serial
stdout=serial
usbargs=setenv bootargs console=${console} ${optargs} root=${usbroot} rootfstype=${usbrootfstype}
usbboot=setenv devnum ${usbdev}; setenv devtype usb; usb start ${usbdev}; if usb dev ${usbdev}; then if run loadbootenv; then echo Loaded environment from ${bootenv};run importbootenv;fi;if test -n $uenvcmd; then echo Running uenvcmd ...;run uenvcmd;fi;if run loadimage; then run loadfdt; echo Booting from usb ${usbdev}...; run usbargs;bootz ${loadaddr} - ${fdtaddr}; fi;fi
usbdev=0
usbroot=/dev/sda2 rw
usbrootfstype=ext4 rootwait
vendor=ti
ver=U-Boot 2014.07-00071-gaca0808 (Oct 02 2014 - 11:23:51)
Environment size: 3863/65532 bytes
U-Boot# 
- 07:14:56 [INFO] Host: setenv bootargs ''${bootargs}' root=PARTUUID=00000000-02 rw rootfstype=ext4 rootwait '
- 07:14:57 [INFO] Target: 
setenv bootargs ''${bootargs}' root=PARTUUID=00000000-02 rw rootfstype=ext4 rootwait '
U-Boot# 
- 07:14:57 [INFO] Host: printenv
- 07:14:57 [INFO] Target: 
printenv
arch=arm
autoload=no
baudrate=115200
board=am43xx
board_name=AM43__SK
board_rev=1.0A
bootargs=console=ttyO0,115200n8 earlyprintk rootwait  ip=dhcp  root=PARTUUID=00000000-02 rw rootfstype=ext4 rootwait 
bootcmd=
bootdelay=1
bootdir=/boot
bootenv=uEnv.txt
bootfile=zImage
bootm_size=0x10000000
bootpart=0:2
console=ttyO0,115200n8
cpu=armv7
dfu_alt_info_emmc=MLO raw 0x100 0x100 mmcpart 0;u-boot.img raw 0x300 0x1000 mmcpart 0
dfu_alt_info_mmc=boot part 0 1;rootfs part 0 2;MLO fat 0 1;spl-os-args fat 0 1;spl-os-image fat 0 1;u-boot.img fat 0 1;uEnv.txt fat 0 1
dfu_alt_info_ram=kernel ram 0x80200000 0x4000000;fdt ram 0x80f80000 0x80000;ramdisk ram 0x81000000 0x4000000
dfu_bufsiz=0x10000
dnsip=192.0.2.2
dnsip2=192.0.2.3
eth1addr=34:b1:f7:31:60:ce
ethact=cpsw
ethaddr=34:b1:f7:31:60:cc
fdt_addr_r=0x88000000
fdtaddr=0x88000000
fdtfile=undefined
fileaddr=88000000
filesize=98f0
findfdt=if test $board_name = AM43EPOS; then setenv fdtfile am43x-epos-evm.dtb; fi; if test $board_name = AM43__GP; then setenv fdtfile am437x-gp-evm.dtb; fi; if test $board_name = AM43__SK; then setenv fdtfile am437x-sk-evm.dtb; fi; if test $fdtfile = undefined; then echo WARNING: Could not determine device tree; fi; 
gatewayip=192.168.0.1
importbootenv=echo Importing environment from mmc ...; env import -t $loadaddr $filesize
ipaddr=192.168.0.122
kernel_addr_r=0x82000000
loadaddr=0x82000000
loadbootenv=load ${devtype} ${devnum} ${loadaddr} ${bootenv}
loadfdt=load ${devtype} ${bootpart} ${fdtaddr} ${bootdir}/${fdtfile}
loadimage=load ${devtype} ${bootpart} ${loadaddr} ${bootdir}/${bootfile}
loadramdisk=load ${devtype} ${devnum} ${rdaddr} ramdisk.gz
mmcargs=setenv bootargs console=${console} ${optargs} root=${mmcroot} rootfstype=${mmcrootfstype}
mmcboot=mmc dev ${mmcdev}; setenv devnum ${mmcdev}; setenv devtype mmc; if mmc rescan; then echo SD/MMC found on device ${devnum};if run loadbootenv; then echo Loaded environment from ${bootenv};run importbootenv;fi;if test -n $uenvcmd; then echo Running uenvcmd ...;run uenvcmd;fi;if run loadimage; then run loadfdt; echo Booting from mmc${mmcdev} ...; run mmcargs; bootz ${loadaddr} - ${fdtaddr}; fi;fi;
mmcdev=0
mmcroot=/dev/mmcblk0p2 rw
mmcrootfstype=ext4 rootwait
mtdids=nand0=nand.0
mtdparts=mtdparts=nand.0:256k(NAND.SPL),256k(NAND.SPL.backup1),256k(NAND.SPL.backup2),256k(NAND.SPL.backup3),512k(NAND.u-boot-spl-os),1m(NAND.u-boot),256k(NAND.u-boot-env),256k(NAND.u-boot-env.backup1),7m(NAND.kernel),-(NAND.file-system)
nandargs=setenv bootargs console=${console} ${optargs} root=${nandroot} rootfstype=${nandrootfstype}
nandboot=echo Booting from nand ...; run nandargs; nand read ${fdtaddr} NAND.u-boot-spl-os; nand read ${loadaddr} NAND.kernel; bootz ${loadaddr} - ${fdtaddr}
nandroot=ubi0:rootfs rw ubi.mtd=NAND.file-system,4096
nandrootfstype=ubifs rootwait=1
netmask=255.255.255.0
partitions=uuid_disk=${uuid_gpt_disk};name=rootfs,start=2MiB,size=-,uuid=${uuid_gpt_rootfs}
ramargs=setenv bootargs console=${console} ${optargs} root=${ramroot} rootfstype=${ramrootfstype}
ramdisk_addr_r=0x88080000
ramroot=/dev/ram0 rw
ramrootfstype=ext2
rdaddr=0x88080000
serverip=192.168.0.1
soc=am33xx
stderr=serial
stdin=serial
stdout=serial
usbargs=setenv bootargs console=${console} ${optargs} root=${usbroot} rootfstype=${usbrootfstype}
usbboot=setenv devnum ${usbdev}; setenv devtype usb; usb start ${usbdev}; if usb dev ${usbdev}; then if run loadbootenv; then echo Loaded environment from ${bootenv};run importbootenv;fi;if test -n $uenvcmd; then echo Running uenvcmd ...;run uenvcmd;fi;if run loadimage; then run loadfdt; echo Booting from usb ${usbdev}...; run usbargs;bootz ${loadaddr} - ${fdtaddr}; fi;fi
usbdev=0
usbroot=/dev/sda2 rw
usbrootfstype=ext4 rootwait
vendor=ti
ver=U-Boot 2014.07-00071-gaca0808 (Oct 02 2014 - 11:23:51)
Environment size: 3918/65532 bytes
U-Boot# 
- 07:14:57 [INFO] Host: setenv bootcmd ''${bootcmd}' if iminfo ${loadaddr}; then bootm ${loadaddr} - ${fdt_addr_r}; else bootz ${loadaddr} - ${fdt_addr_r}; bootm ${loadaddr} - ${fdt_addr_r}; fi'
- 07:14:58 [INFO] Target: 
setenv bootcmd ''${bootcmd}' if iminfo ${loadaddr}; then bootm ${loadaddr} - ${fdt_addr_r}; else bootz ${loadaddr} - ${fdt_addr_r}; bootm ${loadaddr} - ${fdt_addr_r}; fi'
U-Boot# 
- 07:14:58 [INFO] Host: bdinfo
- 07:14:58 [INFO] Target: 
bdinfo
arch_number = 0x00000000
boot_params = 0x80000100
DRAM bank   = 0x00000000
-> start    = 0x80000000
-> size     = 0x40000000
eth0name    = cpsw
ethaddr     = 34:b1:f7:31:60:cc
current eth = cpsw
ip_addr     = 192.168.0.122
baudrate    = 115200 bps
TLB addr    = 0xBFFF0000
relocaddr   = 0xBF734000
reloc off   = 0x3EF34000
irq_sp      = 0xBE723EE0
sp start    = 0xBE723ED0
U-Boot# 
- 07:14:58 [INFO] Host: mmc rescan
- 07:14:59 [INFO] Target: 
mmc rescan
U-Boot# 
- 07:14:59 [INFO] Host: fatwrite mmc ${mmcdev}:1 ${loadaddr} ws-calibrate.rules 4
- 07:14:59 [INFO] Target: 
fatwrite mmc ${mmcdev}:1 ${loadaddr} ws-calibrate.rules 4
writing ws-calibrate.rules
4 bytes written
U-Boot# 
- 07:14:59 [INFO] Host: boot
- 07:17:29 [ERROR] On command: boot waiting for boot.+?(?-mix:login:) >>> error: execution expired
- 07:17:29 [INFO] Target: 
boot
## Checking Image at 82000000 ...
Unknown image format!
Kernel image @ 0x82000000 [ 0x000000 - 0x578e98 ]
## Flattened Device Tree blob at 88000000
   Booting using the fdt blob at 0x88000000
   Loading Device Tree to 8fff3000, end 8ffff8ef ... OK
Starting kernel ...
[    0.000000] Booting Linux on physical CPU 0x0
[    0.000000] Linux version 3.19.0-rc4-next-20150115-00002-g8a9f37b3c996 (nmenon@kahuna) (gcc version 4.6.3 (Ubuntu/Linaro 4.6.3-1ubuntu5) ) #1 SMP Thu Jan 15 06:10:08 CST 2015
[    0.000000] CPU: ARMv7 Processor [412fc09a] revision 10 (ARMv7), cr=10c5387d
[    0.000000] CPU: PIPT / VIPT nonaliasing data cache, VIPT aliasing instruction cache
[    0.000000] Machine model: TI AM437x SK EVM
[    0.000000] cma: Reserved 64 MiB at 0xbc000000
[    0.000000] Memory policy: Data cache writeback
[    0.000000] CPU: All CPU(s) started in SVC mode.
[    0.000000] AM437x ES1.1 (sgx neon )
[    0.000000] L2C: platform modifies aux control register: 0x0e030000 -> 0x3e430000
[    0.000000] L2C: DT/platform modifies aux control register: 0x0e030000 -> 0x3e430000
[    0.000000] L2C-310 erratum 769419 enabled
[    0.000000] L2C-310 enabling early BRESP for Cortex-A9
[    0.000000] L2C-310 ID prefetch enabled, offset 1 lines
[    0.000000] OMAP L2C310: ROM does not support power control setting
[    0.000000] L2C-310 dynamic clock gating disabled, standby mode disabled
[    0.000000] L2C-310 cache controller enabled, 16 ways, 256 kB
[    0.000000] L2C-310: CACHE_ID 0x410000c9, AUX_CTRL 0x7e430000
[    0.000000] PERCPU: Embedded 11 pages/cpu @eefc9000 s12736 r8192 d24128 u45056
[    0.000000] Built 1 zonelists in Zone order, mobility grouping on.  Total pages: 260624
[    0.000000] Kernel command line: console=ttyO0,115200n8 earlyprintk rootwait  ip=dhcp  root=PARTUUID=00000000-02 rw rootfstype=ext4 rootwait 
[    0.000000] PID hash table entries: 4096 (order: 2, 16384 bytes)
[    0.000000] Dentry cache hash table entries: 131072 (order: 7, 524288 bytes)
[    0.000000] Inode-cache hash table entries: 65536 (order: 6, 262144 bytes)
[    0.000000] Memory: 961160K/1048576K available (7516K kernel code, 942K rwdata, 3088K rodata, 776K init, 306K bss, 21880K reserved, 65536K cma-reserved, 204800K highmem)
[    0.000000] Virtual kernel memory layout:
[    0.000000]     vector  : 0xffff0000 - 0xffff1000   (   4 kB)
[    0.000000]     fixmap  : 0xffc00000 - 0xfff00000   (3072 kB)
[    0.000000]     vmalloc : 0xf0000000 - 0xff000000   ( 240 MB)
[    0.000000]     lowmem  : 0xc0000000 - 0xef800000   ( 760 MB)
[    0.000000]     pkmap   : 0xbfe00000 - 0xc0000000   (   2 MB)
[    0.000000]     modules : 0xbf000000 - 0xbfe00000   (  14 MB)
[    0.000000]       .text : 0xc0208000 - 0xc0c63544   (10606 kB)
[    0.000000]       .init : 0xc0c64000 - 0xc0d26000   ( 776 kB)
[    0.000000]       .data : 0xc0d26000 - 0xc0e11b80   ( 943 kB)
[    0.000000]        .bss : 0xc0e11b80 - 0xc0e5e660   ( 307 kB)
[    0.000000] SLUB: HWalign=64, Order=0-3, MinObjects=0, CPUs=1, Nodes=1
[    0.000000] Hierarchical RCU implementation.
[    0.000000] 	Additional per-CPU info printed with stalls.
[    0.000000] 	RCU restricting CPUs from NR_CPUS=8 to nr_cpu_ids=1.
[    0.000000] RCU: Adjusting geometry for rcu_fanout_leaf=16, nr_cpu_ids=1
[    0.000000] NR_IRQS:16 nr_irqs:16 16
[    0.000000] GIC CPU mask not found - kernel will fail to boot.
[    0.000000] GIC CPU mask not found - kernel will fail to boot.
[    0.000000] OMAP clockevent source: timer2 at 24000000 Hz
[    0.000009] sched_clock: 32 bits at 24MHz, resolution 41ns, wraps every 178956969942ns
[    0.000024] OMAP clocksource: timer1 at 24000000 Hz
[    0.000173] Console: colour dummy device 80x30
[    0.000203] Calibrating delay loop... 1992.29 BogoMIPS (lpj=4980736)
[    0.044480] pid_max: default: 32768 minimum: 301
[    0.044618] Mount-cache hash table entries: 2048 (order: 1, 8192 bytes)
[    0.044629] Mountpoint-cache hash table entries: 2048 (order: 1, 8192 bytes)
[    0.045336] CPU: Testing write buffer coherency: ok
[    0.045647] CPU0: thread -1, cpu 0, socket 0, mpidr 80000000
[    0.045745] Setting up static identity map for 0x8091bf30 - 0x8091bfc8
[    0.047814] Brought up 1 CPUs
[    0.047828] SMP: Total of 1 processors activated (1992.29 BogoMIPS).
[    0.047835] CPU: All CPU(s) started in SVC mode.
[    0.048330] devtmpfs: initialized
[    0.048984] VFP support v0.3: implementor 41 architecture 3 part 30 variant 9 rev 4
[    0.059740] omap_hwmod: tptc0 using broken dt data from edma
[    0.059839] omap_hwmod: tptc1 using broken dt data from edma
[    0.059919] omap_hwmod: tptc2 using broken dt data from edma
[    0.120630] pinctrl core: initialized pinctrl subsystem
[    0.129422] NET: Registered protocol family 16
[    0.131596] DMA: preallocated 256 KiB pool for atomic coherent allocations
[    0.133235] cpuidle: using governor ladder
[    0.133254] cpuidle: using governor menu
[    0.134795] omap_l3_noc 44000000.ocp: L3 debug error: target 8 mod:0 (unclearable)
[    0.134868] omap_l3_noc 44000000.ocp: L3 application error: target 8 mod:0 (unclearable)
[    0.136391] platform 44e3e000.rtc: Cannot lookup hwmod 'rtc'
[    0.137158] OMAP GPIO hardware version 0.1
[    0.140315] platform 53701000.des: Cannot lookup hwmod 'des'
[    0.142446] platform 48326000.vpfe: Cannot lookup hwmod 'vpfe0'
[    0.144163] No ATAGs?
[    0.144195] hw-breakpoint: found 5 (+1 reserved) breakpoint and 1 watchpoint registers.
[    0.144204] hw-breakpoint: maximum watchpoint size is 4 bytes.
[    0.147637] Serial: AMBA PL011 UART driver
[    0.161793] edma-dma-engine edma-dma-engine.0: TI EDMA DMA engine driver
[    0.164108] vgaarb: loaded
[    0.164793] SCSI subsystem initialized
[    0.165401] usbcore: registered new interface driver usbfs
[    0.165467] usbcore: registered new interface driver hub
[    0.165521] usbcore: registered new device driver usb
[    0.166086] omap_i2c 44e0b000.i2c: could not find pctldev for node /pinmux@44e10800/i2c0_pins, deferring probe
[    0.166108] platform 44e0b000.i2c: Driver omap_i2c requests probe deferral
[    0.166132] omap_i2c 4802a000.i2c: could not find pctldev for node /pinmux@44e10800/i2c1_pins, deferring probe
[    0.166143] platform 4802a000.i2c: Driver omap_i2c requests probe deferral
[    0.166467] Linux video capture interface: v2.00
[    0.166513] pps_core: LinuxPPS API ver. 1 registered
[    0.166519] pps_core: Software ver. 5.3.6 - Copyright 2005-2007 Rodolfo Giometti <giometti@linux.it>
[    0.166544] PTP clock support registered
[    0.166711] EDAC MC: Ver: 3.0.0
[    0.167313] Advanced Linux Sound Architecture Driver Initialized.
[    0.168500] Switched to clocksource timer1
[    0.177122] NET: Registered protocol family 2
[    0.177722] TCP established hash table entries: 8192 (order: 3, 32768 bytes)
[    0.177791] TCP bind hash table entries: 8192 (order: 4, 65536 bytes)
[    0.177905] TCP: Hash tables configured (established 8192 bind 8192)
[    0.178037] TCP: reno registered
[    0.178050] UDP hash table entries: 512 (order: 2, 16384 bytes)
[    0.178102] UDP-Lite hash table entries: 512 (order: 2, 16384 bytes)
[    0.178329] NET: Registered protocol family 1
[    0.178770] RPC: Registered named UNIX socket transport module.
[    0.178782] RPC: Registered udp transport module.
[    0.178787] RPC: Registered tcp transport module.
[    0.178792] RPC: Registered tcp NFSv4.1 backchannel transport module.
[    0.180866] futex hash table entries: 256 (order: 2, 16384 bytes)
[    0.189612] squashfs: version 4.0 (2009/01/31) Phillip Lougher
[    0.190338] NFS: Registering the id_resolver key type
[    0.190385] Key type id_resolver registered
[    0.190392] Key type id_legacy registered
[    0.190459] ntfs: driver 2.1.31 [Flags: R/O].
[    0.191580] bounce: pool size: 64 pages
[    0.191793] Block layer SCSI generic (bsg) driver version 0.4 loaded (major 249)
[    0.191812] io scheduler noop registered
[    0.191822] io scheduler deadline registered
[    0.191959] io scheduler cfq registered (default)
[    0.195987] pinctrl-single 44e10800.pinmux: 199 pins at pa f9e10800 size 796
[    0.199413] backlight supply power not found, using dummy regulator
[    0.199529] pwm-backlight backlight: unable to request PWM, trying legacy API
[    0.199541] pwm-backlight backlight: unable to request legacy PWM
[    0.199600] platform backlight: Driver pwm-backlight requests probe deferral
[    0.247223] Serial: 8250/16550 driver, 4 ports, IRQ sharing disabled
[    0.249542] msm_serial: driver initialized
[    0.249931] omap_uart 44e09000.serial: no wakeirq for uart0
[    0.249951] omap_uart 44e09000.serial: No clock speed specified: using default: 48000000
[    0.250095] 44e09000.serial: ttyO0 at MMIO 0x44e09000 (irq = 23, base_baud = 3000000) is a OMAP UART0
[    1.035078] console [ttyO0] enabled
[    1.039195] STMicroelectronics ASC driver initialized
[    1.045413] [drm] Initialized drm 1.1.0 20060810
[    1.056611] loop: module loaded
[    1.064396] CAN device driver interface
[    1.069262] igb: Intel(R) Gigabit Ethernet Network Driver - version 5.2.15-k
[    1.076637] igb: Copyright (c) 2007-2014 Intel Corporation.
[    1.083707] pegasus: v0.9.3 (2013/04/25), Pegasus/Pegasus II USB Ethernet driver
[    1.091512] usbcore: registered new interface driver pegasus
[    1.097493] usbcore: registered new interface driver asix
[    1.103178] usbcore: registered new interface driver ax88179_178a
[    1.109585] usbcore: registered new interface driver cdc_ether
[    1.115723] usbcore: registered new interface driver smsc75xx
[    1.121788] usbcore: registered new interface driver smsc95xx
[    1.127849] usbcore: registered new interface driver net1080
[    1.133802] usbcore: registered new interface driver cdc_subset
[    1.140029] usbcore: registered new interface driver zaurus
[    1.145927] usbcore: registered new interface driver cdc_ncm
[    1.152127] ehci_hcd: USB 2.0 'Enhanced' Host Controller (EHCI) Driver
[    1.158957] ehci-pci: EHCI PCI platform driver
[    1.163648] ehci-platform: EHCI generic platform driver
[    1.169260] ehci-omap: OMAP-EHCI Host Controller driver
[    1.174829] ehci-orion: EHCI orion driver
[    1.179122] SPEAr-ehci: EHCI SPEAr driver
[    1.183385] ehci-st: EHCI STMicroelectronics driver
[    1.188585] ehci-exynos: EHCI EXYNOS driver
[    1.193044] tegra-ehci: Tegra EHCI driver
[    1.197341] ohci_hcd: USB 1.1 'Open' Host Controller (OHCI) Driver
[    1.203837] ohci-pci: OHCI PCI platform driver
[    1.208547] ohci-platform: OHCI generic platform driver
[    1.214139] ohci-omap3: OHCI OMAP3 driver
[    1.218414] SPEAr-ohci: OHCI SPEAr driver
[    1.222712] ohci-st: OHCI STMicroelectronics driver
[    1.228252] usbcore: registered new interface driver usb-storage
[    1.235881] mousedev: PS/2 mouse device common for all mice
[    1.244566] i2c /dev entries driver
[    1.249275] usbcore: registered new interface driver uvcvideo
[    1.255294] USB Video Class driver (1.1.1)
[    1.259583] gspca_main: v2.14.0 registered
[    1.266506] Driver 'mmcblk' needs updating - please use bus_type methods
[    1.273627] sdhci: Secure Digital Host Controller Interface driver
[    1.280087] sdhci: Copyright(c) Pierre Ossman
[    1.285460] omap_hsmmc 48060000.mmc: Got CD GPIO
[    1.290739] omap_hsmmc 48060000.mmc: unable to get vmmc regulator -517
[    1.297695] platform 48060000.mmc: Driver omap_hsmmc requests probe deferral
[    1.305434] Synopsys Designware Multimedia Card Interface Driver
[    1.312405] sdhci-pltfm: SDHCI platform and OF driver helper
[    1.320039] ledtrig-cpu: registered to indicate activity on CPUs
[    1.326623] usbcore: registered new interface driver usbhid
[    1.332454] usbhid: USB HID core driver
[    1.338938] usbcore: registered new interface driver snd-usb-audio
[    1.347909] TCP: cubic registered
[    1.351458] NET: Registered protocol family 17
[    1.356134] can: controller area network core (rev 20120528 abi 9)
[    1.362673] NET: Registered protocol family 29
[    1.367330] can: raw protocol (rev 20120528)
[    1.371792] can: broadcast manager protocol (rev 20120528 t)
[    1.377716] can: netlink gateway (rev 20130117) max_hops=1
[    1.383917] Key type dns_resolver registered
[    1.388621] omap_voltage_late_init: Voltage driver support not added
[    1.395799] platform cpufreq-dt.0: Driver cpufreq-dt requests probe deferral
[    1.403410] ThumbEE CPU extension supported.
[    1.407913] Registering SWP/SWPB emulation handler
[    1.416760] at24 0-0050: 32768 byte 24c256 EEPROM, writable, 64 bytes/write
[    1.424182] omap_i2c 44e0b000.i2c: bus 0 rev0.12 at 400 kHz
[    1.432248] omap_i2c 4802a000.i2c: bus 1 rev0.12 at 400 kHz
[    1.438663] backlight supply power not found, using dummy regulator
[    1.445388] pwm-backlight backlight: unable to request PWM, trying legacy API
[    1.452864] pwm-backlight backlight: unable to request legacy PWM
[    1.459283] platform backlight: Driver pwm-backlight requests probe deferral
[    1.468090] omap_hsmmc 48060000.mmc: Got CD GPIO
[    1.473213] omap_hsmmc 48060000.mmc: unable to get vmmc regulator -517
[    1.480157] platform 48060000.mmc: Driver omap_hsmmc requests probe deferral
[    1.488015] platform cpufreq-dt.0: Driver cpufreq-dt requests probe deferral
[    1.548520] davinci_mdio 4a101000.mdio: davinci mdio revision 1.6
[    1.554906] davinci_mdio 4a101000.mdio: detected phy mask ffffffcf
[    1.562566] libphy: 4a101000.mdio: probed
[    1.566833] davinci_mdio 4a101000.mdio: phy[4]: device 4a101000.mdio:04, driver unknown
[    1.575194] davinci_mdio 4a101000.mdio: phy[5]: device 4a101000.mdio:05, driver unknown
[    1.584569] cpsw 4a100000.ethernet: Detected MACID = 34:b1:f7:31:60:cc
[    1.592199] cpsw 4a100000.ethernet: cpsw: Detected MACID = 34:b1:f7:31:60:ce
[    1.600469] drivers/rtc/hctosys.c: unable to open rtc device (rtc0)
[    1.611284] net eth0: initializing cpsw version 1.15 (0)
[    1.619307] backlight supply power not found, using dummy regulator
[    1.626055] pwm-backlight backlight: unable to request PWM, trying legacy API
[    1.633539] pwm-backlight backlight: unable to request legacy PWM
[    1.639964] platform backlight: Driver pwm-backlight requests probe deferral
[    1.648866] omap_hsmmc 48060000.mmc: Got CD GPIO
[    1.653963] omap_hsmmc 48060000.mmc: unable to get vmmc regulator -517
[    1.660917] platform 48060000.mmc: Driver omap_hsmmc requests probe deferral
[    1.668813] platform cpufreq-dt.0: Driver cpufreq-dt requests probe deferral
[    1.684009] net eth0: phy found : id is : 0x221621
[    1.691727] net eth1: initializing cpsw version 1.15 (0)
[    1.699645] backlight supply power not found, using dummy regulator
[    1.706390] pwm-backlight backlight: unable to request PWM, trying legacy API
[    1.713864] pwm-backlight backlight: unable to request legacy PWM
[    1.720279] platform backlight: Driver pwm-backlight requests probe deferral
[    1.729150] omap_hsmmc 48060000.mmc: Got CD GPIO
[    1.734232] omap_hsmmc 48060000.mmc: unable to get vmmc regulator -517
[    1.741186] platform 48060000.mmc: Driver omap_hsmmc requests probe deferral
[    1.749068] platform cpufreq-dt.0: Driver cpufreq-dt requests probe deferral
[    1.764023] net eth1: phy found : id is : 0x221621
[    6.684403] cpsw 4a100000.ethernet eth0: Link is Up - 1Gbps/Full - flow control rx/tx
[    6.703517] Sending DHCP requests ., OK
[    6.748984] IP-Config: Got DHCP answer from 192.168.0.1, my address is 192.168.0.122
[    6.758695] IP-Config: Complete:
[    6.762080]      device=eth0, hwaddr=34:b1:f7:31:60:cc, ipaddr=192.168.0.122, mask=255.255.255.0, gw=192.168.0.1
[    6.772744]      host=192.168.0.122, domain=ti.com, nis-domain=(none)
[    6.779479]      bootserver=192.168.0.1, rootserver=192.168.0.1, rootpath=
[    6.786488]      nameserver0=192.0.2.2, nameserver1=192.0.2.3
[    6.792925] ALSA device list:
[    6.796052]   No soundcards found.
[    6.800402] Waiting for root device PARTUUID=00000000-02...
[  128.173508] random: nonblocking pool is initialized
URL:gtsystest.telogy.design.ti.com/vatf/tigtfarm07/tigtfarm07_vatf@am437x-sk1/tigtfarm0701_15_2015_07_14_05/files/session_iteration_1/test_1
