- 14:44:51 [INFO] Starting target session
- 14:44:51 [INFO] Connected to am437x-sk via serial 
- 14:44:51 [INFO] Host: #check prompt
- 14:44:54 [ERROR] On command: #check prompt waiting for #check prompt.+?(?-mix:((?-mix:login:)|[Pp]assword)) >>> error: execution expired
- 14:44:54 [INFO] Target: 
#check prompt
root@am437x-evm:/test# 
- 14:44:54 [INFO] Host: #check prompt
- 14:44:54 [INFO] Target: 
#check prompt
root@am437x-evm:/test# 
- 14:44:54 [INFO] Host: sync;poweroff
- 14:45:04 [INFO] Target: 
sync;poweroff
INIT: Sw
INIT: Sending pUIM SYSFS Node Not Found
Stopping Dropbear SSH server: stopped /usr/sbin/dropbear (pid 595)
dropbear.
Stopping telnet daemon.
Stopping system message bus: dbus.
hwclock: can't open '/dev/misc/rtc': No such file or directory
Error opening /dev/fb0: No such file or directory
Stopping syslogd/klogd: stopped syslogd (pid 622)
stopped klogd (pid 625)
done
Stopping thttpd.
Stopping Weston
stopping statd: done
ALSA: Storing mixer settings...
/usr/sbin/alsactl: save_state:1590: No soundcards found...
Stopping rpcbind daemon...
done.
Stopping Lighttpd Web Server: stopped /usr/sbin/lighttpd (pid 634)
lighttpd.
Deconfiguring network interfaces... done.
Stopping Matrix GUI applicationstart-stop-daemon: warning: killing process 641: No such process
Disabling thermal zones...
/etc/rc0.d/K98thermal-zone-init: line 13: /sys/class/thermal/thermal_zone*/mode: No such file or directory
***************************************************************
***************************************************************
NOTICE: This file system contains the followin GPLv3 packages:
	autoconf
	binutils
	cpp-symlinks
	cpp
	g++-symlinks
	g++
	gcc-symlinks
	gcc
	gdbserver
	libgmp10
	libmpc3
	libmpfr4
	make
If you do not wish to distribute GPLv3 components please remove
the above packages prior to distribution.  This can be done using
the opkg remove command.  i.e.:
    opkg remove <package>
Where <package> is the name printed in the list above
NOTE: If the package is a dependency of another package you
      will be notified of the dependent packages.  You should
      use the --force-removal-of-dependent-packages option to
      also remove the dependent packages as well
***************************************************************
***************************************************************
Sending all processes the TERM signal...
Sending all processes the KILL signal...
Unmounting remote filesystems...
Deactivating swap...
Unmounting local filesystems...
[ 4224.700744] EXT4-fs (mmcblk0p2): re-mounted. Opts: data=ordered
[ 4226.917114] reboot: System halted
- 14:45:04 [INFO] Disconnected serial from am437x-sk
- 14:45:09 [INFO] Connected to am437x-sk via serial 
- 14:45:10 [INFO] Host: 
- 14:45:11 [INFO] Target: 
PMIC:  TPS65218
NAND:  0 MiB
MMC:   OMAP SD/MMC: 0
reading uboot.env
Net:   
Warning: ethernet@4a100000 using MAC address from ROM
eth0: ethernet@4a100000
Hit any key to stop autoboot:  2  0 
=>  
=>  
=>  
=>  
=>  
=>  
=>  
=>  
=>  
=>  
- 14:45:11 [INFO] Host: 
- 14:45:11 [INFO] Target: 
- 14:45:11 [INFO] Host: version
- 14:45:11 [INFO] Target: 
version
U-Boot 2016.05-00303-g6c5519b (Nov 18 2016 - 09:12:39 -0600)
arm-linux-gnueabihf-gcc (Linaro GCC 5.3-2016.02) 5.3.1 20160113
GNU ld (GNU Binutils) 2.25.0 Linaro 2015_10
- 14:45:11 [INFO] Host: setenv bootargs 'console=ttyO0,115200n8 earlyprintk=serial,ttyO0,115200n8 rootwait '
- 14:45:11 [INFO] Target: 
setenv bootargs 'console=ttyO0,115200n8 earlyprintk=serial,ttyO0,115200n8 rootwait '
- 14:45:11 [INFO] Host: setenv bootcmd  ''
- 14:45:11 [INFO] Target: 
setenv bootcmd  ''
- 14:45:11 [INFO] Host: setenv autoload 'no'
- 14:45:11 [INFO] Target: 
setenv autoload 'no'
- 14:45:11 [INFO] Host: setenv serverip '192.168.0.1'
- 14:45:11 [INFO] Target: 
setenv serverip '192.168.0.1'
- 14:45:11 [INFO] Host: setenv _initramfs -
- 14:45:11 [INFO] Target: 
setenv _initramfs -
- 14:45:11 [INFO] Host: printenv
- 14:45:12 [INFO] Target: 
printenv
_initramfs=-
arch=arm
args_fit=setenv bootargs console=${console} 
args_mmc=run finduuid;setenv bootargs console=${console} ${optargs} root=PARTUUID=${uuid} rw rootfstype=${mmcrootfstype}
autoload=no
baudrate=115200
board=am43xx
board_name=AM43__SK
board_rev=1.1A
board_serial=11144P420018
boot_fdt=try
boot_fit=0
bootargs=console=ttyO0,115200n8 earlyprintk=serial,ttyO0,115200n8 rootwait 
bootcmd=
bootdelay=2
bootdir=/boot
bootenvfile=uEnv.txt
bootfile=zImage
bootm_size=0x10000000
bootpart=0:2
bootscript=echo Running bootscript from mmc${mmcdev} ...; source ${loadaddr}
console=ttyO0,115200n8
cpu=armv7
dfu_alt_info_emmc=MLO raw 0x100 0x100 mmcpart 0;u-boot.img raw 0x300 0x1000 mmcpart 0
dfu_alt_info_mmc=boot part 0 1;rootfs part 0 2;MLO fat 0 1;spl-os-args fat 0 1;spl-os-image fat 0 1;u-boot.img fat 0 1;uEnv.txt fat 0 1
dfu_alt_info_qspi=u-boot.bin raw 0x0 0x080000;u-boot.backup raw 0x080000 0x080000;u-boot-spl-os raw 0x100000 0x010000;u-boot-env raw 0x110000 0x010000;u-boot-env.backup raw 0x120000 0x010000;kernel raw 0x130000 0x800000
dfu_alt_info_ram=kernel ram 0x80200000 0x4000000;fdt ram 0x80f80000 0x80000;ramdisk ram 0x81000000 0x4000000
dfu_bufsiz=0x10000
envboot=mmc dev ${mmcdev}; if mmc rescan; then echo SD/MMC found on device ${mmcdev};if run loadbootscript; then run bootscript;else if run loadbootenv; then echo Loaded env from ${bootenvfile};run importbootenv;fi;if test -n $uenvcmd; then echo Running uenvcmd ...;run uenvcmd;fi;fi;fi;
ethaddr=34:b1:f7:3d:b6:e4
fdt_addr_r=0x88000000
fdtaddr=0x88000000
fdtcontroladdr=bef0f298
fdtfile=undefined
findfdt=if test $board_name = AM43EPOS; then setenv fdtfile am43x-epos-evm.dtb; fi; if test $board_name = AM43__GP; then setenv fdtfile am437x-gp-evm.dtb; fi; if test $board_name = AM43XXHS; then setenv fdtfile am437x-gp-evm.dtb; fi; if test $board_name = AM43__SK; then setenv fdtfile am437x-sk-evm.dtb; fi; if test $board_name = AM43_IDK; then setenv fdtfile am437x-idk-evm.dtb; fi; if test $fdtfile = undefined; then echo WARNING: Could not determine device tree; fi; 
finduuid=part uuid mmc ${bootpart} uuid
fit_bootfile=fitImage.itb
fit_loadaddr=0x88000000
importbootenv=echo Importing environment from mmc${mmcdev} ...; env import -t ${loadaddr} ${filesize}
kernel_addr_r=0x82000000
loadaddr=0x82000000
loadbootenv=fatload mmc ${mmcdev} ${loadaddr} ${bootenvfile}
loadbootscript=load mmc ${mmcdev} ${loadaddr} boot.scr
loadfdt=load ${devtype} ${bootpart} ${fdtaddr} ${bootdir}/${fdtfile}
loadfit=run args_fit; bootm ${loadaddr}#${fdtfile};
loadimage=load ${devtype} ${bootpart} ${loadaddr} ${bootdir}/${bootfile}
loadramdisk=load ${devtype} ${devnum} ${rdaddr} ramdisk.gz
mmcboot=mmc dev ${mmcdev}; setenv devnum ${mmcdev}; setenv devtype mmc; if mmc rescan; then echo SD/MMC found on device ${mmcdev};if run loadimage; then if test ${boot_fit} -eq 1; then run loadfit; else run mmcloados;fi;fi;fi;
mmcdev=0
mmcloados=run args_mmc; if test ${boot_fdt} = yes || test ${boot_fdt} = try; then if run loadfdt; then bootz ${loadaddr} - ${fdtaddr}; else if test ${boot_fdt} = try; then bootz; else echo WARN: Cannot load the DT; fi; fi; else bootz; fi;
mmcrootfstype=ext4 rootwait
mtdids=nand0=nand.0
mtdparts=mtdparts=nand.0:256k(NAND.SPL),256k(NAND.SPL.backup1),256k(NAND.SPL.backup2),256k(NAND.SPL.backup3),512k(NAND.u-boot-spl-os),1m(NAND.u-boot),256k(NAND.u-boot-env),256k(NAND.u-boot-env.backup1),7m(NAND.kernel),-(NAND.file-system)
nandargs=setenv bootargs console=${console} ${optargs} root=${nandroot} rootfstype=${nandrootfstype}
nandboot=echo Booting from nand ...; run nandargs; nand read ${fdtaddr} NAND.u-boot-spl-os; nand read ${loadaddr} NAND.kernel; bootz ${loadaddr} - ${fdtaddr}
nandroot=ubi0:rootfs rw ubi.mtd=NAND.file-system,4096
nandrootfstype=ubifs rootwait=1
netargs=setenv bootargs console=${console} ${optargs} root=/dev/nfs nfsroot=${serverip}:${rootpath},${nfsopts} rw ip=dhcp
netboot=echo Booting from network ...; setenv autoload no; dhcp; run netloadimage; run netloadfdt; run netargs; bootz ${loadaddr} - ${fdtaddr}
netloadfdt=tftp ${fdtaddr} ${fdtfile}
netloadimage=tftp ${loadaddr} ${bootfile}
nfsopts=nolock
partitions=uuid_disk=${uuid_gpt_disk};name=rootfs,start=2MiB,size=-,uuid=${uuid_gpt_rootfs}
pxefile_addr_r=0x80100000
ramargs=setenv bootargs console=${console} ${optargs} root=${ramroot} rootfstype=${ramrootfstype}
ramdisk_addr_r=0x88080000
ramroot=/dev/ram0 rw
ramrootfstype=ext2
rdaddr=0x88080000
rootpath=/export/rootfs
scriptaddr=0x80000000
serverip=192.168.0.1
soc=am33xx
static_ip=${ipaddr}:${serverip}:${gatewayip}:${netmask}:${hostname}::off
stderr=serial@44e09000
stdin=serial@44e09000
stdout=serial@44e09000
update_to_fit=setenv loadaddr ${fit_loadaddr}; setenv bootfile ${fit_bootfile}
usbargs=setenv bootargs console=${console} ${optargs} root=${usbroot} rootfstype=${usbrootfstype}
usbboot=setenv devnum ${usbdev}; setenv devtype usb; usb start ${usbdev}; if usb dev ${usbdev}; then if run loadbootenv; then echo Loaded environment from ${bootenv};run importbootenv;fi;if test -n $uenvcmd; then echo Running uenvcmd ...;run uenvcmd;fi;if run loadimage; then run loadfdt; echo Booting from usb ${usbdev}...; run usbargs;bootz ${loadaddr} - ${fdtaddr}; fi;fi
usbdev=0
usbroot=/dev/sda2 rw
usbrootfstype=ext4 rootwait
vendor=ti
ver=U-Boot 2016.05-00303-g6c5519b (Nov 18 2016 - 09:12:39 -0600)
Environment size: 5493/65532 bytes
- 14:45:12 [INFO] Host: printenv
- 14:45:12 [INFO] Target: 
printenv
_initramfs=-
arch=arm
args_fit=setenv bootargs console=${console} 
args_mmc=run finduuid;setenv bootargs console=${console} ${optargs} root=PARTUUID=${uuid} rw rootfstype=${mmcrootfstype}
autoload=no
baudrate=115200
board=am43xx
board_name=AM43__SK
board_rev=1.1A
board_serial=11144P420018
boot_fdt=try
boot_fit=0
bootargs=console=ttyO0,115200n8 earlyprintk=serial,ttyO0,115200n8 rootwait 
bootcmd=
bootdelay=2
bootdir=/boot
bootenvfile=uEnv.txt
bootfile=zImage
bootm_size=0x10000000
bootpart=0:2
bootscript=echo Running bootscript from mmc${mmcdev} ...; source ${loadaddr}
console=ttyO0,115200n8
cpu=armv7
dfu_alt_info_emmc=MLO raw 0x100 0x100 mmcpart 0;u-boot.img raw 0x300 0x1000 mmcpart 0
dfu_alt_info_mmc=boot part 0 1;rootfs part 0 2;MLO fat 0 1;spl-os-args fat 0 1;spl-os-image fat 0 1;u-boot.img fat 0 1;uEnv.txt fat 0 1
dfu_alt_info_qspi=u-boot.bin raw 0x0 0x080000;u-boot.backup raw 0x080000 0x080000;u-boot-spl-os raw 0x100000 0x010000;u-boot-env raw 0x110000 0x010000;u-boot-env.backup raw 0x120000 0x010000;kernel raw 0x130000 0x800000
dfu_alt_info_ram=kernel ram 0x80200000 0x4000000;fdt ram 0x80f80000 0x80000;ramdisk ram 0x81000000 0x4000000
dfu_bufsiz=0x10000
envboot=mmc dev ${mmcdev}; if mmc rescan; then echo SD/MMC found on device ${mmcdev};if run loadbootscript; then run bootscript;else if run loadbootenv; then echo Loaded env from ${bootenvfile};run importbootenv;fi;if test -n $uenvcmd; then echo Running uenvcmd ...;run uenvcmd;fi;fi;fi;
ethaddr=34:b1:f7:3d:b6:e4
fdt_addr_r=0x88000000
fdtaddr=0x88000000
fdtcontroladdr=bef0f298
fdtfile=undefined
findfdt=if test $board_name = AM43EPOS; then setenv fdtfile am43x-epos-evm.dtb; fi; if test $board_name = AM43__GP; then setenv fdtfile am437x-gp-evm.dtb; fi; if test $board_name = AM43XXHS; then setenv fdtfile am437x-gp-evm.dtb; fi; if test $board_name = AM43__SK; then setenv fdtfile am437x-sk-evm.dtb; fi; if test $board_name = AM43_IDK; then setenv fdtfile am437x-idk-evm.dtb; fi; if test $fdtfile = undefined; then echo WARNING: Could not determine device tree; fi; 
finduuid=part uuid mmc ${bootpart} uuid
fit_bootfile=fitImage.itb
fit_loadaddr=0x88000000
importbootenv=echo Importing environment from mmc${mmcdev} ...; env import -t ${loadaddr} ${filesize}
kernel_addr_r=0x82000000
loadaddr=0x82000000
loadbootenv=fatload mmc ${mmcdev} ${loadaddr} ${bootenvfile}
loadbootscript=load mmc ${mmcdev} ${loadaddr} boot.scr
loadfdt=load ${devtype} ${bootpart} ${fdtaddr} ${bootdir}/${fdtfile}
loadfit=run args_fit; bootm ${loadaddr}#${fdtfile};
loadimage=load ${devtype} ${bootpart} ${loadaddr} ${bootdir}/${bootfile}
loadramdisk=load ${devtype} ${devnum} ${rdaddr} ramdisk.gz
mmcboot=mmc dev ${mmcdev}; setenv devnum ${mmcdev}; setenv devtype mmc; if mmc rescan; then echo SD/MMC found on device ${mmcdev};if run loadimage; then if test ${boot_fit} -eq 1; then run loadfit; else run mmcloados;fi;fi;fi;
mmcdev=0
mmcloados=run args_mmc; if test ${boot_fdt} = yes || test ${boot_fdt} = try; then if run loadfdt; then bootz ${loadaddr} - ${fdtaddr}; else if test ${boot_fdt} = try; then bootz; else echo WARN: Cannot load the DT; fi; fi; else bootz; fi;
mmcrootfstype=ext4 rootwait
mtdids=nand0=nand.0
mtdparts=mtdparts=nand.0:256k(NAND.SPL),256k(NAND.SPL.backup1),256k(NAND.SPL.backup2),256k(NAND.SPL.backup3),512k(NAND.u-boot-spl-os),1m(NAND.u-boot),256k(NAND.u-boot-env),256k(NAND.u-boot-env.backup1),7m(NAND.kernel),-(NAND.file-system)
nandargs=setenv bootargs console=${console} ${optargs} root=${nandroot} rootfstype=${nandrootfstype}
nandboot=echo Booting from nand ...; run nandargs; nand read ${fdtaddr} NAND.u-boot-spl-os; nand read ${loadaddr} NAND.kernel; bootz ${loadaddr} - ${fdtaddr}
nandroot=ubi0:rootfs rw ubi.mtd=NAND.file-system,4096
nandrootfstype=ubifs rootwait=1
netargs=setenv bootargs console=${console} ${optargs} root=/dev/nfs nfsroot=${serverip}:${rootpath},${nfsopts} rw ip=dhcp
netboot=echo Booting from network ...; setenv autoload no; dhcp; run netloadimage; run netloadfdt; run netargs; bootz ${loadaddr} - ${fdtaddr}
netloadfdt=tftp ${fdtaddr} ${fdtfile}
netloadimage=tftp ${loadaddr} ${bootfile}
nfsopts=nolock
partitions=uuid_disk=${uuid_gpt_disk};name=rootfs,start=2MiB,size=-,uuid=${uuid_gpt_rootfs}
pxefile_addr_r=0x80100000
ramargs=setenv bootargs console=${console} ${optargs} root=${ramroot} rootfstype=${ramrootfstype}
ramdisk_addr_r=0x88080000
ramroot=/dev/ram0 rw
ramrootfstype=ext2
rdaddr=0x88080000
rootpath=/export/rootfs
scriptaddr=0x80000000
serverip=192.168.0.1
soc=am33xx
static_ip=${ipaddr}:${serverip}:${gatewayip}:${netmask}:${hostname}::off
stderr=serial@44e09000
stdin=serial@44e09000
stdout=serial@44e09000
update_to_fit=setenv loadaddr ${fit_loadaddr}; setenv bootfile ${fit_bootfile}
usbargs=setenv bootargs console=${console} ${optargs} root=${usbroot} rootfstype=${usbrootfstype}
usbboot=setenv devnum ${usbdev}; setenv devtype usb; usb start ${usbdev}; if usb dev ${usbdev}; then if run loadbootenv; then echo Loaded environment from ${bootenv};run importbootenv;fi;if test -n $uenvcmd; then echo Running uenvcmd ...;run uenvcmd;fi;if run loadimage; then run loadfdt; echo Booting from usb ${usbdev}...; run usbargs;bootz ${loadaddr} - ${fdtaddr}; fi;fi
usbdev=0
usbroot=/dev/sda2 rw
usbrootfstype=ext4 rootwait
vendor=ti
ver=U-Boot 2016.05-00303-g6c5519b (Nov 18 2016 - 09:12:39 -0600)
Environment size: 5493/65532 bytes
- 14:45:12 [INFO] Host: setenv bootargs ''${bootargs}' ip=:::::eth0:dhcp '
- 14:45:12 [INFO] Target: 
setenv bootargs ''${bootargs}' ip=:::::eth0:dhcp '
- 14:45:12 [INFO] Host: setenv serverip '192.168.0.1'
- 14:45:13 [INFO] Target: 
setenv serverip '192.168.0.1'
- 14:45:13 [INFO] Host: setenv autoload 'no'
- 14:45:13 [INFO] Target: 
setenv autoload 'no'
- 14:45:13 [INFO] Host: dhcp
- 14:45:14 [INFO] Target: 
dhcp
ethernet@4a100000 Waiting for PHY auto negotiation to complete. done
link up on port 0, speed 1000, full duplex
BOOTP broadcast 1
BOOTP broadcast 2
BOOTP broadcast 3
DHCP client bound to address 192.168.0.143 (1047 ms)
- 14:45:14 [INFO] Host: tftp ${loadaddr} 192.168.0.1:vatf_am437x-sk/e84d9458522f822751d2f83b72d8fdbf
- 14:45:15 [INFO] Target: 
tftp ${loadaddr} 192.168.0.1:vatf_am437x-sk/e84d9458522f822751d2f83b72d8fdbf
link up on port 0, speed 1000, full duplex
Using ethernet@4a100000 device
TFTP from server 192.168.0.1; our IP address is 192.168.0.143
Filename 'vatf_am437x-sk/e84d9458522f822751d2f83b72d8fdbf'.
Load address: 0x82000000
Loading: *#################################################################
	 #################################################################
	 #################################################################
	 #################################################################
	 #################################################################
	 #################################################################
	 #################################################################
	 ###############################
	 7.6 MiB/s
done
Bytes transferred = 7130528 (6ccda0 hex)
- 14:45:15 [INFO] Host: tftp ${fdt_addr_r} 192.168.0.1:vatf_am437x-sk/5ec65c8ed2b6e471f1f99de3975e3d12
- 14:45:15 [INFO] Target: 
tftp ${fdt_addr_r} 192.168.0.1:vatf_am437x-sk/5ec65c8ed2b6e471f1f99de3975e3d12
link up on port 0, speed 1000, full duplex
Using ethernet@4a100000 device
TFTP from server 192.168.0.1; our IP address is 192.168.0.143
Filename 'vatf_am437x-sk/5ec65c8ed2b6e471f1f99de3975e3d12'.
Load address: 0x88000000
Loading: *####
	 5.5 MiB/s
done
Bytes transferred = 46155 (b44b hex)
- 14:45:15 [INFO] Host: ls mmc 0:1
- 14:45:15 [INFO] Target: 
ls mmc 0:1
    74552   mlo 
   600636   u-boot.img 
       14   .ipaddr 
        4   ws-calibrate.rules 
        0   pointercal 
    65536   uboot.env 
6 file(s), 0 dir(s)
- 14:45:15 [INFO] Host: ls mmc 0:2
- 14:45:15 [INFO] Target: 
ls mmc 0:2
<DIR>       4096 .
<DIR>       4096 ..
<DIR>       4096 include
<DIR>       4096 srv
<DIR>       4096 home
<DIR>       4096 media
<DIR>       4096 opt
<DIR>       4096 var
<DIR>       4096 sys
<DIR>       4096 boot
<DIR>       4096 dev
<DIR>       4096 usr
<DIR>       4096 bin
<DIR>       4096 mnt
<DIR>       4096 etc
<DIR>       4096 sbin
<DIR>       4096 www
<SYM>          8 tmp
<DIR>       4096 proc
<DIR>       4096 run
<DIR>       4096 lib
<DIR>       4096 test
- 14:45:15 [INFO] Host: part uuid mmc 0:2
- 14:45:15 [INFO] Target: 
part uuid mmc 0:2
00000000-02
- 14:45:15 [INFO] Host: printenv
- 14:45:16 [INFO] Target: 
printenv
_initramfs=-
arch=arm
args_fit=setenv bootargs console=${console} 
args_mmc=run finduuid;setenv bootargs console=${console} ${optargs} root=PARTUUID=${uuid} rw rootfstype=${mmcrootfstype}
autoload=no
baudrate=115200
board=am43xx
board_name=AM43__SK
board_rev=1.1A
board_serial=11144P420018
boot_fdt=try
boot_fit=0
bootargs=console=ttyO0,115200n8 earlyprintk=serial,ttyO0,115200n8 rootwait  ip=:::::eth0:dhcp 
bootcmd=
bootdelay=2
bootdir=/boot
bootenvfile=uEnv.txt
bootfile=zImage
bootm_size=0x10000000
bootpart=0:2
bootscript=echo Running bootscript from mmc${mmcdev} ...; source ${loadaddr}
console=ttyO0,115200n8
cpu=armv7
dfu_alt_info_emmc=MLO raw 0x100 0x100 mmcpart 0;u-boot.img raw 0x300 0x1000 mmcpart 0
dfu_alt_info_mmc=boot part 0 1;rootfs part 0 2;MLO fat 0 1;spl-os-args fat 0 1;spl-os-image fat 0 1;u-boot.img fat 0 1;uEnv.txt fat 0 1
dfu_alt_info_qspi=u-boot.bin raw 0x0 0x080000;u-boot.backup raw 0x080000 0x080000;u-boot-spl-os raw 0x100000 0x010000;u-boot-env raw 0x110000 0x010000;u-boot-env.backup raw 0x120000 0x010000;kernel raw 0x130000 0x800000
dfu_alt_info_ram=kernel ram 0x80200000 0x4000000;fdt ram 0x80f80000 0x80000;ramdisk ram 0x81000000 0x4000000
dfu_bufsiz=0x10000
dnsip=192.0.2.2
dnsip2=192.0.2.3
envboot=mmc dev ${mmcdev}; if mmc rescan; then echo SD/MMC found on device ${mmcdev};if run loadbootscript; then run bootscript;else if run loadbootenv; then echo Loaded env from ${bootenvfile};run importbootenv;fi;if test -n $uenvcmd; then echo Running uenvcmd ...;run uenvcmd;fi;fi;fi;
ethact=ethernet@4a100000
ethaddr=34:b1:f7:3d:b6:e4
fdt_addr_r=0x88000000
fdtaddr=0x88000000
fdtcontroladdr=bef0f298
fdtfile=undefined
fileaddr=88000000
filesize=b44b
findfdt=if test $board_name = AM43EPOS; then setenv fdtfile am43x-epos-evm.dtb; fi; if test $board_name = AM43__GP; then setenv fdtfile am437x-gp-evm.dtb; fi; if test $board_name = AM43XXHS; then setenv fdtfile am437x-gp-evm.dtb; fi; if test $board_name = AM43__SK; then setenv fdtfile am437x-sk-evm.dtb; fi; if test $board_name = AM43_IDK; then setenv fdtfile am437x-idk-evm.dtb; fi; if test $fdtfile = undefined; then echo WARNING: Could not determine device tree; fi; 
finduuid=part uuid mmc ${bootpart} uuid
fit_bootfile=fitImage.itb
fit_loadaddr=0x88000000
gatewayip=192.168.0.1
importbootenv=echo Importing environment from mmc${mmcdev} ...; env import -t ${loadaddr} ${filesize}
ipaddr=192.168.0.143
kernel_addr_r=0x82000000
loadaddr=0x82000000
loadbootenv=fatload mmc ${mmcdev} ${loadaddr} ${bootenvfile}
loadbootscript=load mmc ${mmcdev} ${loadaddr} boot.scr
loadfdt=load ${devtype} ${bootpart} ${fdtaddr} ${bootdir}/${fdtfile}
loadfit=run args_fit; bootm ${loadaddr}#${fdtfile};
loadimage=load ${devtype} ${bootpart} ${loadaddr} ${bootdir}/${bootfile}
loadramdisk=load ${devtype} ${devnum} ${rdaddr} ramdisk.gz
mmcboot=mmc dev ${mmcdev}; setenv devnum ${mmcdev}; setenv devtype mmc; if mmc rescan; then echo SD/MMC found on device ${mmcdev};if run loadimage; then if test ${boot_fit} -eq 1; then run loadfit; else run mmcloados;fi;fi;fi;
mmcdev=0
mmcloados=run args_mmc; if test ${boot_fdt} = yes || test ${boot_fdt} = try; then if run loadfdt; then bootz ${loadaddr} - ${fdtaddr}; else if test ${boot_fdt} = try; then bootz; else echo WARN: Cannot load the DT; fi; fi; else bootz; fi;
mmcrootfstype=ext4 rootwait
mtdids=nand0=nand.0
mtdparts=mtdparts=nand.0:256k(NAND.SPL),256k(NAND.SPL.backup1),256k(NAND.SPL.backup2),256k(NAND.SPL.backup3),512k(NAND.u-boot-spl-os),1m(NAND.u-boot),256k(NAND.u-boot-env),256k(NAND.u-boot-env.backup1),7m(NAND.kernel),-(NAND.file-system)
nandargs=setenv bootargs console=${console} ${optargs} root=${nandroot} rootfstype=${nandrootfstype}
nandboot=echo Booting from nand ...; run nandargs; nand read ${fdtaddr} NAND.u-boot-spl-os; nand read ${loadaddr} NAND.kernel; bootz ${loadaddr} - ${fdtaddr}
nandroot=ubi0:rootfs rw ubi.mtd=NAND.file-system,4096
nandrootfstype=ubifs rootwait=1
netargs=setenv bootargs console=${console} ${optargs} root=/dev/nfs nfsroot=${serverip}:${rootpath},${nfsopts} rw ip=dhcp
netboot=echo Booting from network ...; setenv autoload no; dhcp; run netloadimage; run netloadfdt; run netargs; bootz ${loadaddr} - ${fdtaddr}
netloadfdt=tftp ${fdtaddr} ${fdtfile}
netloadimage=tftp ${loadaddr} ${bootfile}
netmask=255.255.255.0
nfsopts=nolock
partitions=uuid_disk=${uuid_gpt_disk};name=rootfs,start=2MiB,size=-,uuid=${uuid_gpt_rootfs}
pxefile_addr_r=0x80100000
ramargs=setenv bootargs console=${console} ${optargs} root=${ramroot} rootfstype=${ramrootfstype}
ramdisk_addr_r=0x88080000
ramroot=/dev/ram0 rw
ramrootfstype=ext2
rdaddr=0x88080000
rootpath=/export/rootfs
scriptaddr=0x80000000
serverip=192.168.0.1
soc=am33xx
static_ip=${ipaddr}:${serverip}:${gatewayip}:${netmask}:${hostname}::off
stderr=serial@44e09000
stdin=serial@44e09000
stdout=serial@44e09000
update_to_fit=setenv loadaddr ${fit_loadaddr}; setenv bootfile ${fit_bootfile}
usbargs=setenv bootargs console=${console} ${optargs} root=${usbroot} rootfstype=${usbrootfstype}
usbboot=setenv devnum ${usbdev}; setenv devtype usb; usb start ${usbdev}; if usb dev ${usbdev}; then if run loadbootenv; then echo Loaded environment from ${bootenv};run importbootenv;fi;if test -n $uenvcmd; then echo Running uenvcmd ...;run uenvcmd;fi;if run loadimage; then run loadfdt; echo Booting from usb ${usbdev}...; run usbargs;bootz ${loadaddr} - ${fdtaddr}; fi;fi
usbdev=0
usbroot=/dev/sda2 rw
usbrootfstype=ext4 rootwait
vendor=ti
ver=U-Boot 2016.05-00303-g6c5519b (Nov 18 2016 - 09:12:39 -0600)
Environment size: 5683/65532 bytes
- 14:45:16 [INFO] Host: setenv bootargs ''${bootargs}' root=PARTUUID=00000000-02 rw rootfstype=ext4 rootwait '
- 14:45:16 [INFO] Target: 
setenv bootargs ''${bootargs}' root=PARTUUID=00000000-02 rw rootfstype=ext4 rootwait '
- 14:45:16 [INFO] Host: printenv
- 14:45:17 [INFO] Target: 
printenv
_initramfs=-
arch=arm
args_fit=setenv bootargs console=${console} 
args_mmc=run finduuid;setenv bootargs console=${console} ${optargs} root=PARTUUID=${uuid} rw rootfstype=${mmcrootfstype}
autoload=no
baudrate=115200
board=am43xx
board_name=AM43__SK
board_rev=1.1A
board_serial=11144P420018
boot_fdt=try
boot_fit=0
bootargs=console=ttyO0,115200n8 earlyprintk=serial,ttyO0,115200n8 rootwait  ip=:::::eth0:dhcp  root=PARTUUID=00000000-02 rw rootfstype=ext4 rootwait 
bootcmd=
bootdelay=2
bootdir=/boot
bootenvfile=uEnv.txt
bootfile=zImage
bootm_size=0x10000000
bootpart=0:2
bootscript=echo Running bootscript from mmc${mmcdev} ...; source ${loadaddr}
console=ttyO0,115200n8
cpu=armv7
dfu_alt_info_emmc=MLO raw 0x100 0x100 mmcpart 0;u-boot.img raw 0x300 0x1000 mmcpart 0
dfu_alt_info_mmc=boot part 0 1;rootfs part 0 2;MLO fat 0 1;spl-os-args fat 0 1;spl-os-image fat 0 1;u-boot.img fat 0 1;uEnv.txt fat 0 1
dfu_alt_info_qspi=u-boot.bin raw 0x0 0x080000;u-boot.backup raw 0x080000 0x080000;u-boot-spl-os raw 0x100000 0x010000;u-boot-env raw 0x110000 0x010000;u-boot-env.backup raw 0x120000 0x010000;kernel raw 0x130000 0x800000
dfu_alt_info_ram=kernel ram 0x80200000 0x4000000;fdt ram 0x80f80000 0x80000;ramdisk ram 0x81000000 0x4000000
dfu_bufsiz=0x10000
dnsip=192.0.2.2
dnsip2=192.0.2.3
envboot=mmc dev ${mmcdev}; if mmc rescan; then echo SD/MMC found on device ${mmcdev};if run loadbootscript; then run bootscript;else if run loadbootenv; then echo Loaded env from ${bootenvfile};run importbootenv;fi;if test -n $uenvcmd; then echo Running uenvcmd ...;run uenvcmd;fi;fi;fi;
ethact=ethernet@4a100000
ethaddr=34:b1:f7:3d:b6:e4
fdt_addr_r=0x88000000
fdtaddr=0x88000000
fdtcontroladdr=bef0f298
fdtfile=undefined
fileaddr=88000000
filesize=b44b
findfdt=if test $board_name = AM43EPOS; then setenv fdtfile am43x-epos-evm.dtb; fi; if test $board_name = AM43__GP; then setenv fdtfile am437x-gp-evm.dtb; fi; if test $board_name = AM43XXHS; then setenv fdtfile am437x-gp-evm.dtb; fi; if test $board_name = AM43__SK; then setenv fdtfile am437x-sk-evm.dtb; fi; if test $board_name = AM43_IDK; then setenv fdtfile am437x-idk-evm.dtb; fi; if test $fdtfile = undefined; then echo WARNING: Could not determine device tree; fi; 
finduuid=part uuid mmc ${bootpart} uuid
fit_bootfile=fitImage.itb
fit_loadaddr=0x88000000
gatewayip=192.168.0.1
importbootenv=echo Importing environment from mmc${mmcdev} ...; env import -t ${loadaddr} ${filesize}
ipaddr=192.168.0.143
kernel_addr_r=0x82000000
loadaddr=0x82000000
loadbootenv=fatload mmc ${mmcdev} ${loadaddr} ${bootenvfile}
loadbootscript=load mmc ${mmcdev} ${loadaddr} boot.scr
loadfdt=load ${devtype} ${bootpart} ${fdtaddr} ${bootdir}/${fdtfile}
loadfit=run args_fit; bootm ${loadaddr}#${fdtfile};
loadimage=load ${devtype} ${bootpart} ${loadaddr} ${bootdir}/${bootfile}
loadramdisk=load ${devtype} ${devnum} ${rdaddr} ramdisk.gz
mmcboot=mmc dev ${mmcdev}; setenv devnum ${mmcdev}; setenv devtype mmc; if mmc rescan; then echo SD/MMC found on device ${mmcdev};if run loadimage; then if test ${boot_fit} -eq 1; then run loadfit; else run mmcloados;fi;fi;fi;
mmcdev=0
mmcloados=run args_mmc; if test ${boot_fdt} = yes || test ${boot_fdt} = try; then if run loadfdt; then bootz ${loadaddr} - ${fdtaddr}; else if test ${boot_fdt} = try; then bootz; else echo WARN: Cannot load the DT; fi; fi; else bootz; fi;
mmcrootfstype=ext4 rootwait
mtdids=nand0=nand.0
mtdparts=mtdparts=nand.0:256k(NAND.SPL),256k(NAND.SPL.backup1),256k(NAND.SPL.backup2),256k(NAND.SPL.backup3),512k(NAND.u-boot-spl-os),1m(NAND.u-boot),256k(NAND.u-boot-env),256k(NAND.u-boot-env.backup1),7m(NAND.kernel),-(NAND.file-system)
nandargs=setenv bootargs console=${console} ${optargs} root=${nandroot} rootfstype=${nandrootfstype}
nandboot=echo Booting from nand ...; run nandargs; nand read ${fdtaddr} NAND.u-boot-spl-os; nand read ${loadaddr} NAND.kernel; bootz ${loadaddr} - ${fdtaddr}
nandroot=ubi0:rootfs rw ubi.mtd=NAND.file-system,4096
nandrootfstype=ubifs rootwait=1
netargs=setenv bootargs console=${console} ${optargs} root=/dev/nfs nfsroot=${serverip}:${rootpath},${nfsopts} rw ip=dhcp
netboot=echo Booting from network ...; setenv autoload no; dhcp; run netloadimage; run netloadfdt; run netargs; bootz ${loadaddr} - ${fdtaddr}
netloadfdt=tftp ${fdtaddr} ${fdtfile}
netloadimage=tftp ${loadaddr} ${bootfile}
netmask=255.255.255.0
nfsopts=nolock
partitions=uuid_disk=${uuid_gpt_disk};name=rootfs,start=2MiB,size=-,uuid=${uuid_gpt_rootfs}
pxefile_addr_r=0x80100000
ramargs=setenv bootargs console=${console} ${optargs} root=${ramroot} rootfstype=${ramrootfstype}
ramdisk_addr_r=0x88080000
ramroot=/dev/ram0 rw
ramrootfstype=ext2
rdaddr=0x88080000
rootpath=/export/rootfs
scriptaddr=0x80000000
serverip=192.168.0.1
soc=am33xx
static_ip=${ipaddr}:${serverip}:${gatewayip}:${netmask}:${hostname}::off
stderr=serial@44e09000
stdin=serial@44e09000
stdout=serial@44e09000
update_to_fit=setenv loadaddr ${fit_loadaddr}; setenv bootfile ${fit_bootfile}
usbargs=setenv bootargs console=${console} ${optargs} root=${usbroot} rootfstype=${usbrootfstype}
usbboot=setenv devnum ${usbdev}; setenv devtype usb; usb start ${usbdev}; if usb dev ${usbdev}; then if run loadbootenv; then echo Loaded environment from ${bootenv};run importbootenv;fi;if test -n $uenvcmd; then echo Running uenvcmd ...;run uenvcmd;fi;if run loadimage; then run loadfdt; echo Booting from usb ${usbdev}...; run usbargs;bootz ${loadaddr} - ${fdtaddr}; fi;fi
usbdev=0
usbroot=/dev/sda2 rw
usbrootfstype=ext4 rootwait
vendor=ti
ver=U-Boot 2016.05-00303-g6c5519b (Nov 18 2016 - 09:12:39 -0600)
Environment size: 5738/65532 bytes
- 14:45:17 [INFO] Host: setenv bootcmd ''${bootcmd}' if iminfo ${loadaddr}; then bootm ${loadaddr} ${_initramfs} ${fdt_addr_r}; else bootz ${loadaddr} ${_initramfs} ${fdt_addr_r}; bootm ${loadaddr} ${_initramfs} ${fdt_addr_r}; fi'
- 14:45:17 [INFO] Target: 
setenv bootcmd ''${bootcmd}' if iminfo ${loadaddr}; then bootm ${loadaddr} ${_initramfs} ${fdt_addr_r}; else bootz ${loadaddr} ${_initramfs} ${fdt_addr_r}; bootm ${loadaddr} ${_initramfs} ${fdt_addr_r}; fi'
- 14:45:17 [INFO] Host: version
- 14:45:17 [INFO] Target: 
version
U-Boot 2016.05-00303-g6c5519b (Nov 18 2016 - 09:12:39 -0600)
arm-linux-gnueabihf-gcc (Linaro GCC 5.3-2016.02) 5.3.1 20160113
GNU ld (GNU Binutils) 2.25.0 Linaro 2015_10
- 14:45:17 [INFO] Host: bdinfo
- 14:45:17 [INFO] Target: 
bdinfo
arch_number = 0x00000000
boot_params = 0x80000100
DRAM bank   = 0x00000000
-> start    = 0x80000000
-> size     = 0x40000000
baudrate    = 115200 bps
TLB addr    = 0xBFFF0000
relocaddr   = 0xBFF2A000
reloc off   = 0x3F72A000
irq_sp      = 0xBEF0F280
sp start    = 0xBEF0F270
- 14:45:17 [INFO] Host: mmc rescan; echo $?
- 14:45:17 [INFO] Target: 
mmc rescan; echo $?
- 14:45:17 [INFO] Host: fatwrite mmc ${mmcdev}:1 ${loadaddr} ws-calibrate.rules 4
- 14:45:17 [INFO] Target: 
fatwrite mmc ${mmcdev}:1 ${loadaddr} ws-calibrate.rules 4
writing ws-calibrate.rules
4 bytes written
- 14:45:17 [INFO] Host: boot
- 14:48:47 [ERROR] On command: boot waiting for boot.+?(?-mix:login:) >>> error: execution expired
- 14:48:47 [INFO] Target: 
boot
## Checking Image at 82000000 ...
Unknown image format!
Kernel image @ 0x82000000 [ 0x000000 - 0x6ccda0 ]
## Flattened Device Tree blob at 88000000
   Booting using the fdt blob at 0x88000000
   Loading Device Tree to 8fff1000, end 8ffff44a ... OK
Starting kernel ...
[    0.000000] Booting Linux on physical CPU 0x0
[    0.000000] Linux version 4.9.0-rc7-next-20161128-00002-gb91bcecd5a5f (nmenon@horus) (gcc version 4.9.3 20150413 (prerelease) (Linaro GCC 4.9-2015.05) ) #3 SMP Mon Nov 28 13:39:08 CST 2016
[    0.000000] CPU: ARMv7 Processor [412fc09a] revision 10 (ARMv7), cr=10c5387d
[    0.000000] CPU: PIPT / VIPT nonaliasing data cache, VIPT aliasing instruction cache
[    0.000000] OF: fdt:Machine model: TI AM437x SK EVM
[    0.000000] efi: Getting EFI parameters from FDT:
[    0.000000] efi: UEFI not found.
[    0.000000] cma: Reserved 64 MiB at 0xbc000000
[    0.000000] Memory policy: Data cache writeback
[    0.000000] CPU: All CPU(s) started in SVC mode.
[    0.000000] AM437x ES1.2 (sgx neon)
[    0.000000] percpu: Embedded 14 pages/cpu @ef7c4000 s26176 r8192 d22976 u57344
[    0.000000] Built 1 zonelists in Zone order, mobility grouping on.  Total pages: 260608
[    0.000000] Kernel command line: console=ttyO0,115200n8 earlyprintk=serial,ttyO0,115200n8 rootwait  ip=:::::eth0:dhcp  root=PARTUUID=00000000-02 rw rootfstype=ext4 rootwait 
[    0.000000] PID hash table entries: 4096 (order: 2, 16384 bytes)
[    0.000000] Dentry cache hash table entries: 131072 (order: 7, 524288 bytes)
[    0.000000] Inode-cache hash table entries: 65536 (order: 6, 262144 bytes)
[    0.000000] Memory: 955768K/1048576K available (9216K kernel code, 1132K rwdata, 3916K rodata, 2048K init, 473K bss, 27272K reserved, 65536K cma-reserved, 196608K highmem)
[    0.000000] Virtual kernel memory layout:
[    0.000000]     vector  : 0xffff0000 - 0xffff1000   (   4 kB)
[    0.000000]     fixmap  : 0xffc00000 - 0xfff00000   (3072 kB)
[    0.000000]     vmalloc : 0xf0800000 - 0xff800000   ( 240 MB)
[    0.000000]     lowmem  : 0xc0000000 - 0xf0000000   ( 768 MB)
[    0.000000]     pkmap   : 0xbfe00000 - 0xc0000000   (   2 MB)
[    0.000000]     modules : 0xbf000000 - 0xbfe00000   (  14 MB)
[    0.000000]       .text : 0xc0208000 - 0xc0c00000   (10208 kB)
[    0.000000]       .init : 0xc1100000 - 0xc1300000   (2048 kB)
[    0.000000]       .data : 0xc1300000 - 0xc141b080   (1133 kB)
[    0.000000]        .bss : 0xc141d000 - 0xc1493488   ( 474 kB)
[    0.000000] SLUB: HWalign=64, Order=0-3, MinObjects=0, CPUs=1, Nodes=1
[    0.000000] Hierarchical RCU implementation.
[    0.000000] 	Build-time adjustment of leaf fanout to 32.
[    0.000000] 	RCU restricting CPUs from NR_CPUS=16 to nr_cpu_ids=1.
[    0.000000] RCU: Adjusting geometry for rcu_fanout_leaf=32, nr_cpu_ids=1
[    0.000000] NR_IRQS:16 nr_irqs:16 16
[    0.000000] L2C: platform modifies aux control register: 0x0e030000 -> 0x3e430000
[    0.000000] L2C: DT/platform modifies aux control register: 0x0e030000 -> 0x3e430000
[    0.000000] L2C-310 erratum 769419 enabled
[    0.000000] L2C-310 enabling early BRESP for Cortex-A9
[    0.000000] OMAP L2C310: ROM does not support power control setting
[    0.000000] L2C-310 dynamic clock gating disabled, standby mode disabled
[    0.000000] L2C-310 cache controller enabled, 16 ways, 256 kB
[    0.000000] L2C-310: CACHE_ID 0x410000c9, AUX_CTRL 0x4e430000
[    0.000000] OMAP clockevent source: timer1 at 32786 Hz
[    0.000012] sched_clock: 64 bits at 500MHz, resolution 2ns, wraps every 4398046511103ns
[    0.000031] clocksource: arm_global_timer: mask: 0xffffffffffffffff max_cycles: 0xe6a171a037, max_idle_ns: 881590485102 ns
[    0.000055] Switching to timer-based delay loop, resolution 2ns
[    0.002732] clocksource: 32k_counter: mask: 0xffffffff max_cycles: 0xffffffff, max_idle_ns: 58327039986419 ns
[    0.002740] OMAP clocksource: 32k_counter at 32768 Hz
[    0.004504] Console: colour dummy device 80x30
[    0.004537] Calibrating delay loop (skipped), value calculated using timer frequency.. 1000.00 BogoMIPS (lpj=5000000)
[    0.004550] pid_max: default: 32768 minimum: 301
[    0.004661] Mount-cache hash table entries: 2048 (order: 1, 8192 bytes)
[    0.004672] Mountpoint-cache hash table entries: 2048 (order: 1, 8192 bytes)
[    0.005395] CPU: Testing write buffer coherency: ok
[    0.005729] CPU0: thread -1, cpu 0, socket 0, mpidr 80000000
[    0.006045] Setting up static identity map for 0x80300000 - 0x80300098
[    0.009686] EFI services will not be available.
[    0.009899] smp: Bringing up secondary CPUs ...
[    0.009910] smp: Brought up 1 node, 1 CPU
[    0.009918] SMP: Total of 1 processors activated (1000.00 BogoMIPS).
[    0.009925] CPU: All CPU(s) started in SVC mode.
[    0.010788] devtmpfs: initialized
[    0.021007] VFP support v0.3: implementor 41 architecture 3 part 30 variant 9 rev 4
[    0.021679] clocksource: jiffies: mask: 0xffffffff max_cycles: 0xffffffff, max_idle_ns: 19112604462750000 ns
[    0.025230] pinctrl core: initialized pinctrl subsystem
[    0.027520] NET: Registered protocol family 16
[    0.029407] DMA: preallocated 256 KiB pool for atomic coherent allocations
[    0.104765] cpuidle: using governor menu
[    0.113838] OMAP GPIO hardware version 0.1
[    0.125811] No ATAGs?
[    0.125901] hw-breakpoint: found 5 (+1 reserved) breakpoint and 1 watchpoint registers.
[    0.125913] hw-breakpoint: maximum watchpoint size is 4 bytes.
[    0.126595] omap4_sram_init:Unable to allocate sram needed to handle errata I688
[    0.126605] omap4_sram_init:Unable to get sram pool needed to handle errata I688
[    0.129892] Serial: AMBA PL011 UART driver
[    0.147138] edma 49000000.edma: TI EDMA DMA engine driver
[    0.150271] vgaarb: loaded
[    0.151193] SCSI subsystem initialized
[    0.151764] usbcore: registered new interface driver usbfs
[    0.151826] usbcore: registered new interface driver hub
[    0.151879] usbcore: registered new device driver usb
[    0.152522] omap_i2c 44e0b000.i2c: could not find pctldev for node /ocp@44000000/l4_wkup@44c00000/scm@210000/pinmux@800/i2c0_pins, deferring probe
[    0.152580] omap_i2c 4802a000.i2c: could not find pctldev for node /ocp@44000000/l4_wkup@44c00000/scm@210000/pinmux@800/i2c1_pins, deferring probe
[    0.153179] pps_core: LinuxPPS API ver. 1 registered
[    0.153187] pps_core: Software ver. 5.3.6 - Copyright 2005-2007 Rodolfo Giometti <giometti@linux.it>
[    0.153207] PTP clock support registered
[    0.153351] EDAC MC: Ver: 3.0.0
[    0.156002] clocksource: Switched to clocksource arm_global_timer
[    0.164632] NET: Registered protocol family 2
[    0.165246] TCP established hash table entries: 8192 (order: 3, 32768 bytes)
[    0.165330] TCP bind hash table entries: 8192 (order: 4, 65536 bytes)
[    0.165436] TCP: Hash tables configured (established 8192 bind 8192)
[    0.165580] UDP hash table entries: 512 (order: 2, 16384 bytes)
[    0.165628] UDP-Lite hash table entries: 512 (order: 2, 16384 bytes)
[    0.165802] NET: Registered protocol family 1
[    0.166249] RPC: Registered named UNIX socket transport module.
[    0.166262] RPC: Registered udp transport module.
[    0.166267] RPC: Registered tcp transport module.
[    0.166273] RPC: Registered tcp NFSv4.1 backchannel transport module.
[    0.168547] futex hash table entries: 256 (order: 2, 16384 bytes)
[    0.169198] workingset: timestamp_bits=30 max_order=18 bucket_order=0
[    0.176972] squashfs: version 4.0 (2009/01/31) Phillip Lougher
[    0.177725] NFS: Registering the id_resolver key type
[    0.177756] Key type id_resolver registered
[    0.177762] Key type id_legacy registered
[    0.177800] ntfs: driver 2.1.32 [Flags: R/O].
[    0.179297] bounce: pool size: 64 pages
[    0.179516] Block layer SCSI generic (bsg) driver version 0.4 loaded (major 248)
[    0.179527] io scheduler noop registered
[    0.179533] io scheduler deadline registered
[    0.179692] io scheduler cfq registered (default)
[    0.185938] pinctrl-single 44e10800.pinmux: 199 pins at pa f9e10800 size 796
[    0.192570] backlight supply power not found, using dummy regulator
[    0.247952] Serial: 8250/16550 driver, 4 ports, IRQ sharing disabled
[    0.250631] SuperH (H)SCI(F) driver initialized
[    0.251461] msm_serial: driver initialized
[    0.251664] omap_uart 44e09000.serial: no wakeirq for uart0
[    0.251683] omap_uart 44e09000.serial: No clock speed specified: using default: 48000000
[    0.251814] 44e09000.serial: ttyO0 at MMIO 0x44e09000 (irq = 29, base_baud = 3000000) is a OMAP UART0
[    1.020199] console [ttyO0] enabled
[    1.024341] STMicroelectronics ASC driver initialized
[    1.031694] omap_rng 48310000.rng: Random Number Generator ver. 20
[    1.039514] [drm] Initialized
[    1.058332] brd: module loaded
[    1.067878] loop: module loaded
[    1.078360] libphy: Fixed MDIO Bus: probed
[    1.083635] CAN device driver interface
[    1.089333] e1000e: Intel(R) PRO/1000 Network Driver - 3.2.6-k
[    1.095477] e1000e: Copyright(c) 1999 - 2015 Intel Corporation.
[    1.101826] igb: Intel(R) Gigabit Ethernet Network Driver - version 5.4.0-k
[    1.109174] igb: Copyright (c) 2007-2014 Intel Corporation.
[    1.186069] davinci_mdio 4a101000.mdio: davinci mdio revision 1.6
[    1.192505] davinci_mdio 4a101000.mdio: detected phy mask ffffffcf
[    1.200426] libphy: 4a101000.mdio: probed
[    1.204666] davinci_mdio 4a101000.mdio: phy[4]: device 4a101000.mdio:04, driver Micrel KSZ9031 Gigabit PHY
[    1.214902] davinci_mdio 4a101000.mdio: phy[5]: device 4a101000.mdio:05, driver Micrel KSZ9031 Gigabit PHY
[    1.227071] cpsw 4a100000.ethernet: Detected MACID = 34:b1:f7:3d:b6:e4
[    1.235275] cpsw 4a100000.ethernet: cpsw: Detected MACID = 34:b1:f7:3d:b6:e6
[    1.244253] pegasus: v0.9.3 (2013/04/25), Pegasus/Pegasus II USB Ethernet driver
[    1.252245] usbcore: registered new interface driver pegasus
[    1.258293] usbcore: registered new interface driver asix
[    1.264104] usbcore: registered new interface driver ax88179_178a
[    1.270599] usbcore: registered new interface driver cdc_ether
[    1.276811] usbcore: registered new interface driver smsc75xx
[    1.282907] usbcore: registered new interface driver smsc95xx
[    1.289008] usbcore: registered new interface driver net1080
[    1.295000] usbcore: registered new interface driver cdc_subset
[    1.301284] usbcore: registered new interface driver zaurus
[    1.307326] usbcore: registered new interface driver cdc_ncm
[    1.323933] ehci_hcd: USB 2.0 'Enhanced' Host Controller (EHCI) Driver
[    1.330892] ehci-pci: EHCI PCI platform driver
[    1.335682] ehci-platform: EHCI generic platform driver
[    1.341455] ehci-orion: EHCI orion driver
[    1.345806] SPEAr-ehci: EHCI SPEAr driver
[    1.350176] ehci-st: EHCI STMicroelectronics driver
[    1.355422] ehci-exynos: EHCI EXYNOS driver
[    1.359972] ehci-atmel: EHCI Atmel driver
[    1.364296] tegra-ehci: Tegra EHCI driver
[    1.368660] ohci_hcd: USB 1.1 'Open' Host Controller (OHCI) Driver
[    1.375190] ohci-pci: OHCI PCI platform driver
[    1.379956] ohci-platform: OHCI generic platform driver
[    1.385610] ohci-omap3: OHCI OMAP3 driver
[    1.389982] SPEAr-ohci: OHCI SPEAr driver
[    1.394311] ohci-st: OHCI STMicroelectronics driver
[    1.399582] ohci-atmel: OHCI Atmel driver
[    1.404232] ------------[ cut here ]------------
[    1.409137] WARNING: CPU: 0 PID: 1 at drivers/usb/host/xhci-plat.c:168 xhci_plat_probe+0x198/0x46c
[    1.418580] Modules linked in:
[    1.421807] CPU: 0 PID: 1 Comm: swapper/0 Not tainted 4.9.0-rc7-next-20161128-00002-gb91bcecd5a5f #3
[    1.431426] Hardware name: Generic AM43 (Flattened Device Tree)
[    1.437687] [<c03105c0>] (unwind_backtrace) from [<c030bc0c>] (show_stack+0x10/0x14)
[    1.445854] [<c030bc0c>] (show_stack) from [<c059d19c>] (dump_stack+0x98/0xac)
[    1.453475] [<c059d19c>] (dump_stack) from [<c0341c40>] (__warn+0xe8/0x100)
[    1.460811] [<c0341c40>] (__warn) from [<c0341d08>] (warn_slowpath_null+0x20/0x28)
[    1.468787] [<c0341d08>] (warn_slowpath_null) from [<c09ce92c>] (xhci_plat_probe+0x198/0x46c)
[    1.477770] [<c09ce92c>] (xhci_plat_probe) from [<c07e6ce0>] (platform_drv_probe+0x4c/0xb0)
[    1.486582] [<c07e6ce0>] (platform_drv_probe) from [<c07e53b4>] (driver_probe_device+0x238/0x2d8)
[    1.495928] [<c07e53b4>] (driver_probe_device) from [<c07e5500>] (__driver_attach+0xac/0xb0)
[    1.504818] [<c07e5500>] (__driver_attach) from [<c07e3710>] (bus_for_each_dev+0x68/0x9c)
[    1.513431] [<c07e3710>] (bus_for_each_dev) from [<c07e4990>] (bus_add_driver+0x1a0/0x218)
[    1.522134] [<c07e4990>] (bus_add_driver) from [<c07e5d98>] (driver_register+0x78/0xf8)
[    1.530567] [<c07e5d98>] (driver_register) from [<c0301e90>] (do_one_initcall+0x40/0x174)
[    1.539183] [<c0301e90>] (do_one_initcall) from [<c1100dcc>] (kernel_init_freeable+0x160/0x200)
[    1.548346] [<c1100dcc>] (kernel_init_freeable) from [<c0bf9a40>] (kernel_init+0x8/0x114)
[    1.556969] [<c0bf9a40>] (kernel_init) from [<c0307eb8>] (ret_from_fork+0x14/0x3c)
[    1.564975] ---[ end trace 2bdef678d420e92d ]---
[    1.569919] xhci-hcd xhci-hcd.0.auto: xHCI Host Controller
[    1.575727] xhci-hcd xhci-hcd.0.auto: new USB bus registered, assigned bus number 1
[    1.584251] xhci-hcd xhci-hcd.0.auto: hcc params 0x0238f06d hci version 0x100 quirks 0x00010010
[    1.593510] xhci-hcd xhci-hcd.0.auto: irq 184, io mem 0x483d0000
[    1.600696] hub 1-0:1.0: USB hub found
[    1.604692] hub 1-0:1.0: 1 port detected
[    1.609249] xhci-hcd xhci-hcd.0.auto: xHCI Host Controller
[    1.615052] xhci-hcd xhci-hcd.0.auto: new USB bus registered, assigned bus number 2
[    1.623238] usb usb2: We don't know the algorithms for LPM for this host, disabling LPM.
[    1.632472] hub 2-0:1.0: USB hub found
[    1.636514] hub 2-0:1.0: 1 port detected
[    1.641510] usbcore: registered new interface driver usb-storage
[    1.649432] mousedev: PS/2 mouse device common for all mice
[    1.658173] i2c /dev entries driver
[    1.671403] sdhci: Secure Digital Host Controller Interface driver
[    1.677998] sdhci: Copyright(c) Pierre Ossman
[    1.683716] omap_hsmmc 48060000.mmc: Got CD GPIO
[    1.689962] Synopsys Designware Multimedia Card Interface Driver
[    1.697297] sdhci-pltfm: SDHCI platform and OF driver helper
[    1.706167] ledtrig-cpu: registered to indicate activity on CPUs
[    1.712930] usbcore: registered new interface driver usbhid
[    1.718864] usbhid: USB HID core driver
[    1.726408] NET: Registered protocol family 10
[    1.732331] Segment Routing with IPv6
[    1.736314] sit: IPv6, IPv4 and MPLS over IPv4 tunneling driver
[    1.743289] NET: Registered protocol family 17
[    1.748039] can: controller area network core (rev 20120528 abi 9)
[    1.754626] NET: Registered protocol family 29
[    1.759328] can: raw protocol (rev 20120528)
[    1.763821] can: broadcast manager protocol (rev 20161123 t)
[    1.769793] can: netlink gateway (rev 20130117) max_hops=1
[    1.776381] Key type dns_resolver registered
[    1.781124] omap_voltage_late_init: Voltage driver support not added
[    1.788006] ThumbEE CPU extension supported.
[    1.792527] Registering SWP/SWPB emulation handler
[    1.835804] vdds_ddr: Bringing 1350000uV into 1500000-1500000uV
[    1.853303] at24 0-0050: 32768 byte 24c256 EEPROM, writable, 64 bytes/write
[    1.860750] omap_i2c 44e0b000.i2c: bus 0 rev0.12 at 100 kHz
[    1.868680] omap_i2c 4802a000.i2c: bus 1 rev0.12 at 400 kHz
[    1.875362] backlight supply power not found, using dummy regulator
[    1.885271] omap_hsmmc 48060000.mmc: Got CD GPIO
[    1.947047] backlight supply power not found, using dummy regulator
[    1.955770] hctosys: unable to open rtc device (rtc0)
[    1.975421] net eth0: initializing cpsw version 1.15 (0)
[    2.078598] Micrel KSZ9031 Gigabit PHY 4a101000.mdio:04: attached PHY driver [Micrel KSZ9031 Gigabit PHY] (mii_bus:phy_addr=4a101000.mdio:04, irq=-1)
[    2.097097] IPv6: ADDRCONF(NETDEV_UP): eth0: link is not ready
[    2.110623] mmc0: host does not support reading read-only switch, assuming write-enable
[    2.122023] mmc0: new high speed SDHC card at address aaaa
[    2.128475] mmcblk0: mmc0:aaaa SL08G 7.40 GiB 
[    2.134714]  mmcblk0: p1 p2 p3
[    2.139686] backlight supply power not found, using dummy regulator
[    3.146035] usb 1-1: new high-speed USB device number 2 using xhci-hcd
[    3.318140] usb-storage 1-1:1.0: USB Mass Storage device detected
[    3.324994] scsi host0: usb-storage 1-1:1.0
[    3.330851] backlight supply power not found, using dummy regulator
[    4.407205] scsi 0:0:0:0: Direct-Access     KINGSTON DataTraveler 3.0 1.01 PQ: 0 ANSI: 6
[    4.417813] backlight supply power not found, using dummy regulator
[    4.426114] sd 0:0:0:0: [sda] 15187968 512-byte logical blocks: (7.78 GB/7.24 GiB)
[    4.434656] sd 0:0:0:0: [sda] Write Protect is off
[    4.440172] sd 0:0:0:0: [sda] Write cache: disabled, read cache: enabled, supports DPO and FUA
- 14:48:47 [INFO] Host: root
- 14:49:27 [ERROR] On command: root waiting for (?-mix:root@.+[@:#]+) >>> error: execution expired
- 14:49:27 [INFO] Target: 
- 14:49:27 [INFO] Host: root
- 14:50:07 [ERROR] On command: root waiting for (?-mix:root@.+[@:#]+) >>> error: execution expired
- 14:50:07 [INFO] Target: 
- 14:50:07 [INFO] Host: root
- 14:50:47 [ERROR] On command: root waiting for (?-mix:root@.+[@:#]+) >>> error: execution expired
- 14:50:47 [INFO] Target: 
- 14:50:47 [INFO] Boot attempt 1/1 failed
- 14:50:47 [INFO] Collecting kernel traces via sysrq...
- 14:50:57 [INFO] 
- 14:51:08 [INFO] 
- 14:51:18 [INFO] 
- 14:51:18 [INFO] Disconnected serial from am437x-sk
URL:gtsystest.telogy.design.ti.com/vatf/tigtfarm08/tigtfarm08_vatf@am437x-sk/tigtfarm0811_28_2016_14_44_51/files/session_iteration_1/test_1
