- 05:59:54 [INFO] Starting target session
- 05:59:56 [INFO] Connected to am43xx-epos via serial 
- 05:59:56 [INFO] Host: #check prompt
- 05:59:59 [ERROR] On command: #check prompt waiting for #check prompt.+?(?-mix:((?-mix:am437x-evm\s+login)|[Pp]assword)) >>> error: execution expired
- 05:59:59 [INFO] Target: 
#check prompt
root@am437x-evm:/test# 
- 05:59:59 [INFO] Host: #check prompt
- 05:59:59 [INFO] Target: 
#check prompt
root@am437x-evm:/test# 
- 05:59:59 [INFO] Host: sync;poweroff
- 06:00:15 [INFO] Target: 
sync;poweroff
INIT: Switchi
INIT: Sending processes the TERM signal
Broadcast message from root@am437x-evm (ttyO0) (Mon Mar 10 19:39:19 2014):
The system is going down for system halt NOW!
root@am437x-evm:/test# 
INIT: Sending processesStopping Dropbear SSH server: stopped /usr/sbin/dropbear (pid 635)
dropbear.
Stopping telnet daemon.
Stopping system message bus: hwclock: can't open '/dev/misc/rtc': No such file or directory
Error opening /dev/fb0: No such file or directory
Stopping syslogd/klogd: stopped syslogd (pid 645)
stopped klogd (pid 648)
done
Stopping thttpd.
ALSA: Storing mixer settings...
/usr/sbin/alsactl: save_state:1580: No soundcards found...
Deconfiguring network interfaces... done.
Stopping Lighttpd Web Server: stopped /usr/sbin/lighttpd (pid 657)
lighttpd.
Stopping Matrix GUI applicationstart-stop-daemon: warning: killing process 664: No such process
***************************************************************
***************************************************************
NOTICE: This file system contains the followin GPLv3 packages:
	binutils-symlinks
	binutils
	gdbserver
If you do not wish to distribute GPLv3 components please remove
the above packages prior to distribution.  This can be done using
the opkg remove command.  i.e.:
    opkg remove <package>
Where <package> is the name printed in the list above
NOTE: If the package is a dependency of another package you
      will be notified of the dependent packages.  You should
      use the --force-removal-of-dependent-packages option to
      also remove the dependent packages as well
***************************************************************
***************************************************************
Sending all processes the TERM signal...
Sending all processes the KILL signal...
Unmounting remote filesystems...
Deactivating swap...
Unmounting local filesystems...
[ 1189.437808] EXT4-fs (mmcblk0p2): re-mounted. Opts: data=ordered
[ 1191.605282] reboot: System halted
- 06:00:15 [INFO] Disconnected serial from am43xx-epos
- 06:00:48 [INFO] Connected to am43xx-epos via serial 
- 06:00:48 [INFO] Host: 
- 06:00:48 [INFO] Target: 
SPL: Please implement spl_start_uboot() for your board
SPL: Direct Linux boot not active!
reading u-boot.img
reading u-boot.img
U-Boot 2014.07 (Aug 11 2014 - 20:04:22)
I2C:   ready
DRAM:  1 GiB
MMC:   OMAP SD/MMC: 0, OMAP SD/MMC: 1
Using default environment
Net:   <ethaddr> not set. Validating first E-fuse MAC
cpsw
Hit any key to stop autoboot:  1  0 
U-Boot# 
U-Boot# 
U-Boot# 
U-Boot# 
- 06:00:49 [INFO] Host: 
- 06:00:49 [INFO] Target: 
U-Boot# 
- 06:00:49 [INFO] Host: version
- 06:00:49 [INFO] Target: 
version
U-Boot 2014.07 (Aug 11 2014 - 20:04:22)
arm-linux-gnueabihf-gcc (crosstool-NG linaro-1.13.1-4.7-2013.03-20130313 - Linaro GCC 2013.03) 4.7.3 20130226 (prerelease)
GNU ld (crosstool-NG linaro-1.13.1-4.7-2013.03-20130313 - Linaro GCC 2013.03) 2.23.1
U-Boot# 
- 06:00:49 [INFO] Host: setenv bootargs 'console=ttyO0,115200n8 earlyprintk rootwait '
- 06:00:49 [INFO] Target: 
setenv bootargs 'console=ttyO0,115200n8 earlyprintk rootwait '
U-Boot# 
- 06:00:49 [INFO] Host: setenv bootcmd  ''
- 06:00:49 [INFO] Target: 
setenv bootcmd  ''
U-Boot# 
- 06:00:49 [INFO] Host: setenv autoload 'no'
- 06:00:49 [INFO] Target: 
setenv autoload 'no'
U-Boot# 
- 06:00:49 [INFO] Host: setenv serverip '192.168.1.254'
- 06:00:49 [INFO] Target: 
setenv serverip '192.168.1.254'
U-Boot# 
- 06:00:49 [INFO] Host: setenv mmcdev ' '
- 06:00:50 [INFO] Target: 
setenv mmcdev ' '
U-Boot# 
- 06:00:50 [INFO] Host: printenv
- 06:00:50 [INFO] Target: 
printenv
arch=arm
autoload=no
baudrate=115200
board=am43xx
board_name=AM43EPOS
board_rev=1.2B
bootargs=console=ttyO0,115200n8 earlyprintk rootwait 
bootcmd=
bootdelay=1
bootdir=/boot
bootenv=uEnv.txt
bootfile=zImage
bootm_size=0x10000000
bootpart=0:2
console=ttyO0,115200n8
cpu=armv7
eth1addr=34:b1:f7:31:4c:2e
ethact=cpsw
ethaddr=34:b1:f7:31:4c:2c
fdt_addr_r=0x88000000
fdtaddr=0x88000000
fdtfile=undefined
findfdt=if test $board_name = AM43EPOS; then setenv fdtfile am43x-epos-evm.dtb; fi; if test $board_name = AM43__GP; then setenv fdtfile am437x-gp-evm.dtb; fi; if test $board_name = AM43__SK; then setenv fdtfile am437x-sk-evm.dtb; fi; if test $fdtfile = undefined; then echo WARNING: Could not determine device tree; fi; 
importbootenv=echo Importing environment from mmc ...; env import -t $loadaddr $filesize
kernel_addr_r=0x82000000
loadaddr=0x82000000
loadbootenv=load ${devtype} ${devnum} ${loadaddr} ${bootenv}
loadfdt=load ${devtype} ${bootpart} ${fdtaddr} ${bootdir}/${fdtfile}
loadimage=load ${devtype} ${bootpart} ${loadaddr} ${bootdir}/${bootfile}
loadramdisk=load ${devtype} ${devnum} ${rdaddr} ramdisk.gz
mmcargs=setenv bootargs console=${console} ${optargs} root=${mmcroot} rootfstype=${mmcrootfstype}
mmcboot=mmc dev ${mmcdev}; setenv devnum ${mmcdev}; setenv devtype mmc; if mmc rescan; then echo SD/MMC found on device ${devnum};if run loadbootenv; then echo Loaded environment from ${bootenv};run importbootenv;fi;if test -n $uenvcmd; then echo Running uenvcmd ...;run uenvcmd;fi;if run loadimage; then run loadfdt; echo Booting from mmc${mmcdev} ...; run mmcargs; bootz ${loadaddr} - ${fdtaddr}; fi;fi;
mmcdev= 
mmcroot=/dev/mmcblk0p2 rw
mmcrootfstype=ext4 rootwait
partitions=uuid_disk=${uuid_gpt_disk};name=rootfs,start=2MiB,size=-,uuid=${uuid_gpt_rootfs}
ramargs=setenv bootargs console=${console} ${optargs} root=${ramroot} rootfstype=${ramrootfstype}
ramdisk_addr_r=0x88080000
ramroot=/dev/ram0 rw
ramrootfstype=ext2
rdaddr=0x88080000
serverip=192.168.1.254
soc=am33xx
stderr=serial
stdin=serial
stdout=serial
usbargs=setenv bootargs console=${console} ${optargs} root=${usbroot} rootfstype=${usbrootfstype}
usbboot=setenv devnum ${usbdev}; setenv devtype usb; usb start ${usbdev}; if usb dev ${usbdev}; then if run loadbootenv; then echo Loaded environment from ${bootenv};run importbootenv;fi;if test -n $uenvcmd; then echo Running uenvcmd ...;run uenvcmd;fi;if run loadimage; then run loadfdt; echo Booting from usb ${usbdev}...; run usbargs;bootz ${loadaddr} - ${fdtaddr}; fi;fi
usbdev=0
usbroot=/dev/sda2 rw
usbrootfstype=ext4 rootwait
vendor=ti
ver=U-Boot 2014.07 (Aug 11 2014 - 20:04:22)
Environment size: 2724/65532 bytes
U-Boot# 
- 06:00:50 [INFO] Host: printenv
- 06:00:50 [INFO] Target: 
printenv
arch=arm
autoload=no
baudrate=115200
board=am43xx
board_name=AM43EPOS
board_rev=1.2B
bootargs=console=ttyO0,115200n8 earlyprintk rootwait 
bootcmd=
bootdelay=1
bootdir=/boot
bootenv=uEnv.txt
bootfile=zImage
bootm_size=0x10000000
bootpart=0:2
console=ttyO0,115200n8
cpu=armv7
eth1addr=34:b1:f7:31:4c:2e
ethact=cpsw
ethaddr=34:b1:f7:31:4c:2c
fdt_addr_r=0x88000000
fdtaddr=0x88000000
fdtfile=undefined
findfdt=if test $board_name = AM43EPOS; then setenv fdtfile am43x-epos-evm.dtb; fi; if test $board_name = AM43__GP; then setenv fdtfile am437x-gp-evm.dtb; fi; if test $board_name = AM43__SK; then setenv fdtfile am437x-sk-evm.dtb; fi; if test $fdtfile = undefined; then echo WARNING: Could not determine device tree; fi; 
importbootenv=echo Importing environment from mmc ...; env import -t $loadaddr $filesize
kernel_addr_r=0x82000000
loadaddr=0x82000000
loadbootenv=load ${devtype} ${devnum} ${loadaddr} ${bootenv}
loadfdt=load ${devtype} ${bootpart} ${fdtaddr} ${bootdir}/${fdtfile}
loadimage=load ${devtype} ${bootpart} ${loadaddr} ${bootdir}/${bootfile}
loadramdisk=load ${devtype} ${devnum} ${rdaddr} ramdisk.gz
mmcargs=setenv bootargs console=${console} ${optargs} root=${mmcroot} rootfstype=${mmcrootfstype}
mmcboot=mmc dev ${mmcdev}; setenv devnum ${mmcdev}; setenv devtype mmc; if mmc rescan; then echo SD/MMC found on device ${devnum};if run loadbootenv; then echo Loaded environment from ${bootenv};run importbootenv;fi;if test -n $uenvcmd; then echo Running uenvcmd ...;run uenvcmd;fi;if run loadimage; then run loadfdt; echo Booting from mmc${mmcdev} ...; run mmcargs; bootz ${loadaddr} - ${fdtaddr}; fi;fi;
mmcdev= 
mmcroot=/dev/mmcblk0p2 rw
mmcrootfstype=ext4 rootwait
partitions=uuid_disk=${uuid_gpt_disk};name=rootfs,start=2MiB,size=-,uuid=${uuid_gpt_rootfs}
ramargs=setenv bootargs console=${console} ${optargs} root=${ramroot} rootfstype=${ramrootfstype}
ramdisk_addr_r=0x88080000
ramroot=/dev/ram0 rw
ramrootfstype=ext2
rdaddr=0x88080000
serverip=192.168.1.254
soc=am33xx
stderr=serial
stdin=serial
stdout=serial
usbargs=setenv bootargs console=${console} ${optargs} root=${usbroot} rootfstype=${usbrootfstype}
usbboot=setenv devnum ${usbdev}; setenv devtype usb; usb start ${usbdev}; if usb dev ${usbdev}; then if run loadbootenv; then echo Loaded environment from ${bootenv};run importbootenv;fi;if test -n $uenvcmd; then echo Running uenvcmd ...;run uenvcmd;fi;if run loadimage; then run loadfdt; echo Booting from usb ${usbdev}...; run usbargs;bootz ${loadaddr} - ${fdtaddr}; fi;fi
usbdev=0
usbroot=/dev/sda2 rw
usbrootfstype=ext4 rootwait
vendor=ti
ver=U-Boot 2014.07 (Aug 11 2014 - 20:04:22)
Environment size: 2724/65532 bytes
U-Boot# 
- 06:00:50 [INFO] Host: setenv bootargs ''${bootargs}' ip=:::::eth0:dhcp '
- 06:00:50 [INFO] Target: 
setenv bootargs ''${bootargs}' ip=:::::eth0:dhcp '
U-Boot# 
- 06:00:50 [INFO] Host: setenv serverip '192.168.1.254'
- 06:00:50 [INFO] Target: 
setenv serverip '192.168.1.254'
U-Boot# 
- 06:00:50 [INFO] Host: setenv ipaddr dhcp
- 06:00:50 [INFO] Target: 
setenv ipaddr dhcp
U-Boot# 
- 06:00:50 [INFO] Host: setenv autoload 'no'
- 06:00:51 [INFO] Target: 
setenv autoload 'no'
U-Boot# 
- 06:00:51 [INFO] Host: dhcp
- 06:00:52 [INFO] Target: 
dhcp
cpsw Waiting for PHY auto negotiation to complete. done
link up on port 0, speed 100, full duplex
BOOTP broadcast 1
DHCP client bound to address 192.168.1.157
U-Boot# 
- 06:00:52 [INFO] Host: setenv serverip '192.168.1.254'
- 06:00:52 [INFO] Target: 
setenv serverip '192.168.1.254'
U-Boot# 
- 06:00:52 [INFO] Host: tftp ${loadaddr} 192.168.1.254:vatf_am43xx-epos/3ee8940dc9abdd2c5bb52c0ee9cd14d3
- 06:01:16 [INFO] Target: 
tftp ${loadaddr} 192.168.1.254:vatf_am43xx-epos/3ee8940dc9abdd2c5bb52c0ee9cd14d3
link up on port 0, speed 100, full duplex
Using cpsw device
TFTP from server 192.168.1.254; our IP address is 192.168.1.157
Filename 'vatf_am43xx-epos/3ee8940dc9abdd2c5bb52c0ee9cd14d3'.
Load address: 0x82000000
Loading: *######################################T ###########################
	 #################################################################
	 #################################################################
	 #################################################################
	 #################################################################
	 #################################################################
	 #######################################
	 245.1 KiB/s
done
Bytes transferred = 6288816 (5ff5b0 hex)
U-Boot# 
- 06:01:16 [INFO] Host: tftp ${fdt_addr_r} 192.168.1.254:vatf_am43xx-epos/1b64eb82709b9482b4838af796e30366
- 06:01:17 [INFO] Target: 
tftp ${fdt_addr_r} 192.168.1.254:vatf_am43xx-epos/1b64eb82709b9482b4838af796e30366
link up on port 0, speed 100, full duplex
Using cpsw device
TFTP from server 192.168.1.254; our IP address is 192.168.1.157
Filename 'vatf_am43xx-epos/1b64eb82709b9482b4838af796e30366'.
Load address: 0x88000000
Loading: *###
	 246.1 KiB/s
done
Bytes transferred = 39703 (9b17 hex)
U-Boot# 
- 06:01:17 [INFO] Host: ls mmc 0:1
- 06:01:17 [INFO] Target: 
ls mmc 0:1
   109692   mlo 
   292904   u-boot.img 
       14   .ipaddr 
        0   pointercal 
        4   ws-calibrate.rules 
5 file(s), 0 dir(s)
U-Boot# 
- 06:01:17 [INFO] Host: ls mmc 0:2
- 06:01:17 [INFO] Target: 
ls mmc 0:2
<DIR>       4096 .
<DIR>       4096 ..
<DIR>      16384 lost+found
<DIR>       4096 bin
<DIR>       4096 boot
<DIR>       4096 dev
<DIR>       4096 etc
<DIR>       4096 home
<DIR>       4096 lib
<DIR>       4096 media
<DIR>       4096 mnt
<DIR>       4096 opt
<DIR>       4096 proc
<DIR>       4096 sbin
<DIR>       4096 srv
<DIR>       4096 sys
<SYM>          8 tmp
<DIR>       4096 usr
<DIR>       4096 var
<DIR>       4096 www
<SYM>          8 run
<DIR>       4096 Settings
<DIR>       4096 test
U-Boot# 
- 06:01:17 [INFO] Host: part uuid mmc 0:2
- 06:01:17 [INFO] Target: 
part uuid mmc 0:2
00000000-02
U-Boot# 
- 06:01:17 [INFO] Host: printenv
- 06:01:17 [INFO] Target: 
printenv
arch=arm
autoload=no
baudrate=115200
board=am43xx
board_name=AM43EPOS
board_rev=1.2B
bootargs=console=ttyO0,115200n8 earlyprintk rootwait  ip=:::::eth0:dhcp 
bootcmd=
bootdelay=1
bootdir=/boot
bootenv=uEnv.txt
bootfile=zImage
bootm_size=0x10000000
bootpart=0:2
console=ttyO0,115200n8
cpu=armv7
dnsip=192.0.2.2
dnsip2=192.0.2.3
eth1addr=34:b1:f7:31:4c:2e
ethact=cpsw
ethaddr=34:b1:f7:31:4c:2c
fdt_addr_r=0x88000000
fdtaddr=0x88000000
fdtfile=undefined
fileaddr=88000000
filesize=9b17
findfdt=if test $board_name = AM43EPOS; then setenv fdtfile am43x-epos-evm.dtb; fi; if test $board_name = AM43__GP; then setenv fdtfile am437x-gp-evm.dtb; fi; if test $board_name = AM43__SK; then setenv fdtfile am437x-sk-evm.dtb; fi; if test $fdtfile = undefined; then echo WARNING: Could not determine device tree; fi; 
gatewayip=192.168.1.254
importbootenv=echo Importing environment from mmc ...; env import -t $loadaddr $filesize
ipaddr=192.168.1.157
kernel_addr_r=0x82000000
loadaddr=0x82000000
loadbootenv=load ${devtype} ${devnum} ${loadaddr} ${bootenv}
loadfdt=load ${devtype} ${bootpart} ${fdtaddr} ${bootdir}/${fdtfile}
loadimage=load ${devtype} ${bootpart} ${loadaddr} ${bootdir}/${bootfile}
loadramdisk=load ${devtype} ${devnum} ${rdaddr} ramdisk.gz
mmcargs=setenv bootargs console=${console} ${optargs} root=${mmcroot} rootfstype=${mmcrootfstype}
mmcboot=mmc dev ${mmcdev}; setenv devnum ${mmcdev}; setenv devtype mmc; if mmc rescan; then echo SD/MMC found on device ${devnum};if run loadbootenv; then echo Loaded environment from ${bootenv};run importbootenv;fi;if test -n $uenvcmd; then echo Running uenvcmd ...;run uenvcmd;fi;if run loadimage; then run loadfdt; echo Booting from mmc${mmcdev} ...; run mmcargs; bootz ${loadaddr} - ${fdtaddr}; fi;fi;
mmcdev= 
mmcroot=/dev/mmcblk0p2 rw
mmcrootfstype=ext4 rootwait
netmask=255.255.255.0
partitions=uuid_disk=${uuid_gpt_disk};name=rootfs,start=2MiB,size=-,uuid=${uuid_gpt_rootfs}
ramargs=setenv bootargs console=${console} ${optargs} root=${ramroot} rootfstype=${ramrootfstype}
ramdisk_addr_r=0x88080000
ramroot=/dev/ram0 rw
ramrootfstype=ext2
rdaddr=0x88080000
serverip=192.168.1.254
soc=am33xx
stderr=serial
stdin=serial
stdout=serial
usbargs=setenv bootargs console=${console} ${optargs} root=${usbroot} rootfstype=${usbrootfstype}
usbboot=setenv devnum ${usbdev}; setenv devtype usb; usb start ${usbdev}; if usb dev ${usbdev}; then if run loadbootenv; then echo Loaded environment from ${bootenv};run importbootenv;fi;if test -n $uenvcmd; then echo Running uenvcmd ...;run uenvcmd;fi;if run loadimage; then run loadfdt; echo Booting from usb ${usbdev}...; run usbargs;bootz ${loadaddr} - ${fdtaddr}; fi;fi
usbdev=0
usbroot=/dev/sda2 rw
usbrootfstype=ext4 rootwait
vendor=ti
ver=U-Boot 2014.07 (Aug 11 2014 - 20:04:22)
Environment size: 2889/65532 bytes
U-Boot# 
- 06:01:17 [INFO] Host: setenv bootargs ''${bootargs}' root=PARTUUID=00000000-02 rw rootfstype=ext4 rootwait '
- 06:01:17 [INFO] Target: 
setenv bootargs ''${bootargs}' root=PARTUUID=00000000-02 rw rootfstype=ext4 rootwait '
U-Boot# 
- 06:01:17 [INFO] Host: printenv
- 06:01:18 [INFO] Target: 
printenv
arch=arm
autoload=no
baudrate=115200
board=am43xx
board_name=AM43EPOS
board_rev=1.2B
bootargs=console=ttyO0,115200n8 earlyprintk rootwait  ip=:::::eth0:dhcp  root=PARTUUID=00000000-02 rw rootfstype=ext4 rootwait 
bootcmd=
bootdelay=1
bootdir=/boot
bootenv=uEnv.txt
bootfile=zImage
bootm_size=0x10000000
bootpart=0:2
console=ttyO0,115200n8
cpu=armv7
dnsip=192.0.2.2
dnsip2=192.0.2.3
eth1addr=34:b1:f7:31:4c:2e
ethact=cpsw
ethaddr=34:b1:f7:31:4c:2c
fdt_addr_r=0x88000000
fdtaddr=0x88000000
fdtfile=undefined
fileaddr=88000000
filesize=9b17
findfdt=if test $board_name = AM43EPOS; then setenv fdtfile am43x-epos-evm.dtb; fi; if test $board_name = AM43__GP; then setenv fdtfile am437x-gp-evm.dtb; fi; if test $board_name = AM43__SK; then setenv fdtfile am437x-sk-evm.dtb; fi; if test $fdtfile = undefined; then echo WARNING: Could not determine device tree; fi; 
gatewayip=192.168.1.254
importbootenv=echo Importing environment from mmc ...; env import -t $loadaddr $filesize
ipaddr=192.168.1.157
kernel_addr_r=0x82000000
loadaddr=0x82000000
loadbootenv=load ${devtype} ${devnum} ${loadaddr} ${bootenv}
loadfdt=load ${devtype} ${bootpart} ${fdtaddr} ${bootdir}/${fdtfile}
loadimage=load ${devtype} ${bootpart} ${loadaddr} ${bootdir}/${bootfile}
loadramdisk=load ${devtype} ${devnum} ${rdaddr} ramdisk.gz
mmcargs=setenv bootargs console=${console} ${optargs} root=${mmcroot} rootfstype=${mmcrootfstype}
mmcboot=mmc dev ${mmcdev}; setenv devnum ${mmcdev}; setenv devtype mmc; if mmc rescan; then echo SD/MMC found on device ${devnum};if run loadbootenv; then echo Loaded environment from ${bootenv};run importbootenv;fi;if test -n $uenvcmd; then echo Running uenvcmd ...;run uenvcmd;fi;if run loadimage; then run loadfdt; echo Booting from mmc${mmcdev} ...; run mmcargs; bootz ${loadaddr} - ${fdtaddr}; fi;fi;
mmcdev= 
mmcroot=/dev/mmcblk0p2 rw
mmcrootfstype=ext4 rootwait
netmask=255.255.255.0
partitions=uuid_disk=${uuid_gpt_disk};name=rootfs,start=2MiB,size=-,uuid=${uuid_gpt_rootfs}
ramargs=setenv bootargs console=${console} ${optargs} root=${ramroot} rootfstype=${ramrootfstype}
ramdisk_addr_r=0x88080000
ramroot=/dev/ram0 rw
ramrootfstype=ext2
rdaddr=0x88080000
serverip=192.168.1.254
soc=am33xx
stderr=serial
stdin=serial
stdout=serial
usbargs=setenv bootargs console=${console} ${optargs} root=${usbroot} rootfstype=${usbrootfstype}
usbboot=setenv devnum ${usbdev}; setenv devtype usb; usb start ${usbdev}; if usb dev ${usbdev}; then if run loadbootenv; then echo Loaded environment from ${bootenv};run importbootenv;fi;if test -n $uenvcmd; then echo Running uenvcmd ...;run uenvcmd;fi;if run loadimage; then run loadfdt; echo Booting from usb ${usbdev}...; run usbargs;bootz ${loadaddr} - ${fdtaddr}; fi;fi
usbdev=0
usbroot=/dev/sda2 rw
usbrootfstype=ext4 rootwait
vendor=ti
ver=U-Boot 2014.07 (Aug 11 2014 - 20:04:22)
Environment size: 2944/65532 bytes
U-Boot# 
- 06:01:18 [INFO] Host: setenv bootcmd ''${bootcmd}' if iminfo ${loadaddr}; then bootm ${loadaddr} - ${fdt_addr_r}; else bootz ${loadaddr} - ${fdt_addr_r}; bootm ${loadaddr} - ${fdt_addr_r}; fi'
- 06:01:18 [INFO] Target: 
setenv bootcmd ''${bootcmd}' if iminfo ${loadaddr}; then bootm ${loadaddr} - ${fdt_addr_r}; else bootz ${loadaddr} - ${fdt_addr_r}; bootm ${loadaddr} - ${fdt_addr_r}; fi'
U-Boot# 
- 06:01:18 [INFO] Host: bdinfo
- 06:01:18 [INFO] Target: 
bdinfo
arch_number = 0x00000000
boot_params = 0x80000100
DRAM bank   = 0x00000000
-> start    = 0x80000000
-> size     = 0x40000000
eth0name    = cpsw
ethaddr     = 34:b1:f7:31:4c:2c
current eth = cpsw
ip_addr     = 192.168.1.157
baudrate    = 115200 bps
TLB addr    = 0xBFFF0000
relocaddr   = 0xBFF4E000
reloc off   = 0x3F74E000
irq_sp      = 0xBEF3DEE0
sp start    = 0xBEF3DED0
U-Boot# 
- 06:01:18 [INFO] Host: mmc rescan
- 06:01:18 [INFO] Target: 
mmc rescan
U-Boot# 
- 06:01:18 [INFO] Host: fatwrite mmc ${mmcdev}:1 ${loadaddr} ws-calibrate.rules 4
- 06:01:18 [INFO] Target: 
fatwrite mmc ${mmcdev}:1 ${loadaddr} ws-calibrate.rules 4
writing ws-calibrate.rules
4 bytes written
U-Boot# 
- 06:01:18 [INFO] Host: boot
- 06:01:34 [INFO] Target: 
boot
## Checking Image at 82000000 ...
Unknown image format!
Kernel image @ 0x82000000 [ 0x000000 - 0x5ff5b0 ]
## Flattened Device Tree blob at 88000000
   Booting using the fdt blob at 0x88000000
   Loading Device Tree to 8fff3000, end 8ffffb16 ... OK
Starting kernel ...
[    0.000000] Booting Linux on physical CPU 0x0
[    0.000000] Linux version 4.2.0-rc2-next-20150714-00002-g317e78a576a0 (nmenon@kahuna) (gcc version 4.6.3 (Ubuntu/Linaro 4.6.3-1ubuntu5) ) #1 SMP Tue Jul 14 05:55:38 CDT 2015
[    0.000000] CPU: ARMv7 Processor [412fc09a] revision 10 (ARMv7), cr=10c5387d
[    0.000000] CPU: PIPT / VIPT nonaliasing data cache, VIPT aliasing instruction cache
[    0.000000] Machine model: TI AM43x EPOS EVM
[    0.000000] cma: Reserved 64 MiB at 0xbc000000
[    0.000000] Memory policy: Data cache writeback
[    0.000000] CPU: All CPU(s) started in SVC mode.
[    0.000000] AM437x ES1.1 (sgx neon )
[    0.000000] PERCPU: Embedded 11 pages/cpu @eefc8000 s14912 r8192 d21952 u45056
[    0.000000] Built 1 zonelists in Zone order, mobility grouping on.  Total pages: 260624
[    0.000000] Kernel command line: console=ttyO0,115200n8 earlyprintk rootwait  ip=:::::eth0:dhcp  root=PARTUUID=00000000-02 rw rootfstype=ext4 rootwait 
[    0.000000] PID hash table entries: 4096 (order: 2, 16384 bytes)
[    0.000000] Dentry cache hash table entries: 131072 (order: 7, 524288 bytes)
[    0.000000] Inode-cache hash table entries: 65536 (order: 6, 262144 bytes)
[    0.000000] Memory: 959848K/1048576K available (8059K kernel code, 1022K rwdata, 3548K rodata, 964K init, 337K bss, 23192K reserved, 65536K cma-reserved, 204800K highmem)
[    0.000000] Virtual kernel memory layout:
[    0.000000]     vector  : 0xffff0000 - 0xffff1000   (   4 kB)
[    0.000000]     fixmap  : 0xffc00000 - 0xfff00000   (3072 kB)
[    0.000000]     vmalloc : 0xf0000000 - 0xff000000   ( 240 MB)
[    0.000000]     lowmem  : 0xc0000000 - 0xef800000   ( 760 MB)
[    0.000000]     pkmap   : 0xbfe00000 - 0xc0000000   (   2 MB)
[    0.000000]     modules : 0xbf000000 - 0xbfe00000   (  14 MB)
[    0.000000]       .text : 0xc0208000 - 0xc0d5ec0c   (11612 kB)
[    0.000000]       .init : 0xc0d5f000 - 0xc0e50000   ( 964 kB)
[    0.000000]       .data : 0xc0e50000 - 0xc0f4f840   (1023 kB)
[    0.000000]        .bss : 0xc0f52000 - 0xc0fa6618   ( 338 kB)
[    0.000000] SLUB: HWalign=64, Order=0-3, MinObjects=0, CPUs=1, Nodes=1
[    0.000000] Hierarchical RCU implementation.
[    0.000000] 	Additional per-CPU info printed with stalls.
[    0.000000] 	Build-time adjustment of leaf fanout to 32.
[    0.000000] 	RCU restricting CPUs from NR_CPUS=16 to nr_cpu_ids=1.
[    0.000000] RCU: Adjusting geometry for rcu_fanout_leaf=32, nr_cpu_ids=1
[    0.000000] NR_IRQS:16 nr_irqs:16 16
[    0.000000] L2C: platform modifies aux control register: 0x0e030000 -> 0x3e430000
[    0.000000] L2C: DT/platform modifies aux control register: 0x0e030000 -> 0x3e430000
[    0.000000] L2C-310 erratum 769419 enabled
[    0.000000] L2C-310 enabling early BRESP for Cortex-A9
[    0.000000] OMAP L2C310: ROM does not support power control setting
[    0.000000] L2C-310 dynamic clock gating disabled, standby mode disabled
[    0.000000] L2C-310 cache controller enabled, 16 ways, 256 kB
[    0.000000] L2C-310: CACHE_ID 0x410000c9, AUX_CTRL 0x4e430000
[    0.000000] OMAP clockevent source: timer2 at 25000000 Hz
[    0.000012] sched_clock: 32 bits at 25MHz, resolution 40ns, wraps every 85899345900ns
[    0.000028] clocksource: timer1: mask: 0xffffffff max_cycles: 0xffffffff, max_idle_ns: 76450417870 ns
[    0.000038] OMAP clocksource: timer1 at 25000000 Hz
[    0.000200] Console: colour dummy device 80x30
[    0.000233] Calibrating delay loop... 1992.29 BogoMIPS (lpj=4980736)
[    0.044377] pid_max: default: 32768 minimum: 301
[    0.044543] Mount-cache hash table entries: 2048 (order: 1, 8192 bytes)
[    0.044554] Mountpoint-cache hash table entries: 2048 (order: 1, 8192 bytes)
[    0.045305] CPU: Testing write buffer coherency: ok
[    0.045631] CPU0: thread -1, cpu 0, socket 0, mpidr 80000000
[    0.045739] Setting up static identity map for 0x80209000 - 0x80209098
[    0.049262] Brought up 1 CPUs
[    0.049279] SMP: Total of 1 processors activated (1992.29 BogoMIPS).
[    0.049288] CPU: All CPU(s) started in SVC mode.
[    0.050003] devtmpfs: initialized
[    0.059049] VFP support v0.3: implementor 41 architecture 3 part 30 variant 9 rev 4
[    0.071689] omap_hwmod: tptc0 using broken dt data from edma
[    0.071807] omap_hwmod: tptc1 using broken dt data from edma
[    0.071904] omap_hwmod: tptc2 using broken dt data from edma
[    0.130435] clocksource: jiffies: mask: 0xffffffff max_cycles: 0xffffffff, max_idle_ns: 9556302231375000 ns
[    0.135030] pinctrl core: initialized pinctrl subsystem
[    0.137256] NET: Registered protocol family 16
[    0.139297] DMA: preallocated 256 KiB pool for atomic coherent allocations
[    0.141280] cpuidle: using governor ladder
[    0.141298] cpuidle: using governor menu
[    0.146207] OMAP GPIO hardware version 0.1
[    0.151080] platform 53701000.des: Cannot lookup hwmod 'des'
[    0.151690] omap-gpmc 50000000.gpmc: could not find pctldev for node /ocp/l4_wkup@44c00000/scm@210000/pinmux@800/nand_flash_x8, deferring probe
[    0.155592] No ATAGs?
[    0.155632] hw-breakpoint: found 5 (+1 reserved) breakpoint and 1 watchpoint registers.
[    0.155642] hw-breakpoint: maximum watchpoint size is 4 bytes.
[    0.159289] Serial: AMBA PL011 UART driver
[    0.174929] edma-dma-engine edma-dma-engine.0: TI EDMA DMA engine driver
[    0.177870] vgaarb: loaded
[    0.178705] SCSI subsystem initialized
[    0.179300] usbcore: registered new interface driver usbfs
[    0.179376] usbcore: registered new interface driver hub
[    0.179510] usbcore: registered new device driver usb
[    0.180309] omap_i2c 44e0b000.i2c: could not find pctldev for node /ocp/l4_wkup@44c00000/scm@210000/pinmux@800/pinmux_i2c0_pins, deferring probe
[    0.180358] omap_i2c 4819c000.i2c: could not find pctldev for node /ocp/l4_wkup@44c00000/scm@210000/pinmux@800/pinmux_i2c2_pins, deferring probe
[    0.180926] pps_core: LinuxPPS API ver. 1 registered
[    0.180935] pps_core: Software ver. 5.3.6 - Copyright 2005-2007 Rodolfo Giometti <giometti@linux.it>
[    0.180963] PTP clock support registered
[    0.181153] EDAC MC: Ver: 3.0.0
[    0.183742] clocksource: Switched to clocksource timer1
[    0.192909] NET: Registered protocol family 2
[    0.193545] TCP established hash table entries: 8192 (order: 3, 32768 bytes)
[    0.193627] TCP bind hash table entries: 8192 (order: 4, 65536 bytes)
[    0.193820] TCP: Hash tables configured (established 8192 bind 8192)
[    0.193991] UDP hash table entries: 512 (order: 2, 16384 bytes)
[    0.194047] UDP-Lite hash table entries: 512 (order: 2, 16384 bytes)
[    0.194287] NET: Registered protocol family 1
[    0.194689] RPC: Registered named UNIX socket transport module.
[    0.194702] RPC: Registered udp transport module.
[    0.194707] RPC: Registered tcp transport module.
[    0.194713] RPC: Registered tcp NFSv4.1 backchannel transport module.
[    0.197086] futex hash table entries: 256 (order: 2, 16384 bytes)
[    0.206042] squashfs: version 4.0 (2009/01/31) Phillip Lougher
[    0.206887] NFS: Registering the id_resolver key type
[    0.206944] Key type id_resolver registered
[    0.206952] Key type id_legacy registered
[    0.207017] ntfs: driver 2.1.32 [Flags: R/O].
[    0.208146] bounce: pool size: 64 pages
[    0.208390] Block layer SCSI generic (bsg) driver version 0.4 loaded (major 249)
[    0.208409] io scheduler noop registered
[    0.208419] io scheduler deadline registered
[    0.208578] io scheduler cfq registered (default)
[    0.213675] pinctrl-single 44e10800.pinmux: 199 pins at pa f9e10800 size 796
[    0.218909] backlight supply power not found, using dummy regulator
[    0.268598] Serial: 8250/16550 driver, 4 ports, IRQ sharing disabled
[    0.270972] SuperH (H)SCI(F) driver initialized
[    0.271715] msm_serial: driver initialized
[    0.272176] omap_uart 44e09000.serial: no wakeirq for uart0
[    0.272197] omap_uart 44e09000.serial: No clock speed specified: using default: 48000000
[    0.272367] 44e09000.serial: ttyO0 at MMIO 0x44e09000 (irq = 23, base_baud = 3000000) is a OMAP UART0
[    1.019411] console [ttyO0] enabled
[    1.023600] STMicroelectronics ASC driver initialized
[    1.030414] [drm] Initialized drm 1.1.0 20060810
[    1.042474] loop: module loaded
[    1.053096] CAN device driver interface
[    1.058132] igb: Intel(R) Gigabit Ethernet Network Driver - version 5.2.18-k
[    1.065592] igb: Copyright (c) 2007-2014 Intel Corporation.
[    1.073556] pegasus: v0.9.3 (2013/04/25), Pegasus/Pegasus II USB Ethernet driver
[    1.081481] usbcore: registered new interface driver pegasus
[    1.087526] usbcore: registered new interface driver asix
[    1.093282] usbcore: registered new interface driver ax88179_178a
[    1.099760] usbcore: registered new interface driver cdc_ether
[    1.105965] usbcore: registered new interface driver smsc75xx
[    1.112082] usbcore: registered new interface driver smsc95xx
[    1.118186] usbcore: registered new interface driver net1080
[    1.124199] usbcore: registered new interface driver cdc_subset
[    1.130474] usbcore: registered new interface driver zaurus
[    1.136450] usbcore: registered new interface driver cdc_ncm
[    1.144043] ehci_hcd: USB 2.0 'Enhanced' Host Controller (EHCI) Driver
[    1.150954] ehci-pci: EHCI PCI platform driver
[    1.155705] ehci-platform: EHCI generic platform driver
[    1.161403] ehci-omap: OMAP-EHCI Host Controller driver
[    1.167048] ehci-orion: EHCI orion driver
[    1.171396] SPEAr-ehci: EHCI SPEAr driver
[    1.175741] ehci-st: EHCI STMicroelectronics driver
[    1.180998] ehci-exynos: EHCI EXYNOS driver
[    1.185533] ehci-atmel: EHCI Atmel driver
[    1.189880] tegra-ehci: Tegra EHCI driver
[    1.194242] ohci_hcd: USB 1.1 'Open' Host Controller (OHCI) Driver
[    1.200789] ohci-pci: OHCI PCI platform driver
[    1.205549] ohci-platform: OHCI generic platform driver
[    1.211215] ohci-omap3: OHCI OMAP3 driver
[    1.215566] SPEAr-ohci: OHCI SPEAr driver
[    1.219915] ohci-st: OHCI STMicroelectronics driver
[    1.225167] ohci-atmel: OHCI Atmel driver
[    1.229586] usbcore: registered new interface driver usb-storage
[    1.237261] mousedev: PS/2 mouse device common for all mice
[    1.246550] i2c /dev entries driver
[    1.255612] sdhci: Secure Digital Host Controller Interface driver
[    1.262172] sdhci: Copyright(c) Pierre Ossman
[    1.267725] omap_hsmmc 48060000.mmc: Got CD GPIO
[    1.299874] Synopsys Designware Multimedia Card Interface Driver
[    1.307198] sdhci-pltfm: SDHCI platform and OF driver helper
[    1.314449] ledtrig-cpu: registered to indicate activity on CPUs
[    1.321076] usbcore: registered new interface driver usbhid
[    1.326965] usbhid: USB HID core driver
[    1.334727] NET: Registered protocol family 10
[    1.340743] sit: IPv6 over IPv4 tunneling driver
[    1.346358] NET: Registered protocol family 17
[    1.351105] can: controller area network core (rev 20120528 abi 9)
[    1.357711] NET: Registered protocol family 29
[    1.362419] can: raw protocol (rev 20120528)
[    1.366930] can: broadcast manager protocol (rev 20120528 t)
[    1.372905] can: netlink gateway (rev 20130117) max_hops=1
[    1.379281] Key type dns_resolver registered
[    1.384101] omap_voltage_late_init: Voltage driver support not added
[    1.391757] cpu cpu0: dev_pm_opp_get_opp_count: device OPP not found (-19)
[    1.399306] ThumbEE CPU extension supported.
[    1.403856] Registering SWP/SWPB emulation handler
[    1.414639] omap-gpmc 50000000.gpmc: GPMC revision 6.0
[    1.420135] gpmc_mem_init: disabling cs 0 mapped at 0x0-0x1000000
[    1.428621] at24 0-0050: 32768 byte 24c256 EEPROM, writable, 64 bytes/write
[    1.436263] omap_i2c 44e0b000.i2c: bus 0 rev0.12 at 400 kHz
[    1.443534] omap_i2c 4819c000.i2c: bus 2 rev0.12 at 100 kHz
[    1.450206] backlight supply power not found, using dummy regulator
[    1.513749] davinci_mdio 4a101000.mdio: davinci mdio revision 1.6
[    1.520200] davinci_mdio 4a101000.mdio: detected phy mask fffeffff
[    1.527551] libphy: 4a101000.mdio: probed
[    1.531876] davinci_mdio 4a101000.mdio: phy[16]: device 4a101000.mdio:10, driver unknown
[    1.541922] cpsw 4a100000.ethernet: Detected MACID = 34:b1:f7:31:4c:2c
[    1.550350] hctosys: unable to open rtc device (rtc0)
[    1.560901] net eth0: initializing cpsw version 1.15 (0)
[    1.568892] backlight supply power not found, using dummy regulator
[    1.584126] mmc0: host does not support reading read-only switch, assuming write-enable
[    1.595317] mmc0: new high speed SDHC card at address aaaa
[    1.601606] mmcblk0: mmc0:aaaa SU08G 7.40 GiB 
[    1.607766]  mmcblk0: p1 p2 p3
[    1.612630] backlight supply power not found, using dummy regulator
[    1.629175] net eth0: phy found : id is : 0x20005c90
[    1.634538] libphy: PHY 4a101000.mdio:01 not found
[    1.639604] net eth0: phy 4a101000.mdio:01 not found on slave 1
[    1.649626] IPv6: ADDRCONF(NETDEV_UP): eth0: link is not ready
[    3.629358] cpsw 4a100000.ethernet eth0: Link is Up - 100Mbps/Full - flow control rx/tx
[    3.637860] IPv6: ADDRCONF(NETDEV_CHANGE): eth0: link becomes ready
[    3.648760] Sending DHCP requests ., OK
[    4.414227] IP-Config: Got DHCP answer from 192.168.1.254, my address is 192.168.1.157
[    4.422728] IP-Config: Complete:
[    4.426160]      device=eth0, hwaddr=34:b1:f7:31:4c:2c, ipaddr=192.168.1.157, mask=255.255.255.0, gw=192.168.1.254
[    4.437065]      host=192.168.1.157, domain=ti.com, nis-domain=(none)
[    4.443851]      bootserver=192.168.1.254, rootserver=192.168.1.254, rootpath=
[    4.451275]      nameserver0=192.0.2.2, nameserver1=192.0.2.3
[    4.471530] EXT4-fs (mmcblk0p2): warning: maximal mount count reached, running e2fsck is recommended
[    4.483477] EXT4-fs (mmcblk0p2): mounted filesystem with ordered data mode. Opts: (null)
[    4.492108] VFS: Mounted root (ext4 filesystem) on device 179:2.
[    4.507730] devtmpfs: mounted
[    4.512597] Freeing unused kernel memory: 964K (c0d5f000 - c0e50000)
INIT: version 2.88 booting
Error opening /dev/fb0: No such file or directory
Starting udev
[    5.021695] udevd[74]: starting version 182
[    7.412878] FAT-fs (mmcblk0p1): Volume was not properly unmounted. Some data may be corrupt. Please run fsck.
[    7.470121] EXT4-fs (mmcblk0p3): warning: maximal mount count reached, running e2fsck is recommended
[    7.521187] EXT4-fs (mmcblk0p3): mounted filesystem with ordered data mode. Opts: (null)
Starting Bootlog daemon: bootlogd.
[    8.589147] EXT4-fs (mmcblk0p2): re-mounted. Opts: data=ordered
[    8.648397] random: dd urandom read with 58 bits of entropy available
ALSA: Restoring mixer settings...
/usr/sbin/alsactl: load_state:1696: No soundcards found...
Configuring network interfaces... udhcpc (v1.20.2) started
Sending discover...
Sending select for 192.168.1.151...
Lease of 192.168.1.151 obtained, lease time 600
/etc/udhcpc.d/50default: Adding DNS 192.0.2.2
/etc/udhcpc.d/50default: Adding DNS 192.0.2.3
done.
hwclock: can't open '/dev/misc/rtc': No such file or directory
Mon Mar 10 19:39:00 UTC 2014
hwclock: can't open '/dev/misc/rtc': No such file or directory
INIT: Entering runlevel: 5
Starting system message bus: dbus.
Starting Dropbear SSH server: dropbear.
Starting telnet daemon.
hwclock: can't open '/dev/misc/rtc': No such file or directory
Starting syslogd/klogd: done
Starting thttpd.
Starting Lighttpd Web Server: lighttpd.
2014-03-10 19:39:00: (log.c.166) server started 
Starting Matrix GUI application.
[   13.280179] random: nonblocking pool is initialized
***************************************************************
***************************************************************
NOTICE: This file system contains the followin GPLv3 packages:
	binutils-symlinks
	binutils
	gdbserver
If you do not wish to distribute GPLv3 components please remove
the above packages prior to distribution.  This can be done using
the opkg remove command.  i.e.:
    opkg remove <package>
Where <package> is the name printed in the list above
NOTE: If the package is a dependency of another package you
      will be notified of the dependent packages.  You should
      use the --force-removal-of-dependent-packages option to
      also remove the dependent packages as well
***************************************************************
***************************************************************
Stopping Bootlog daemon: bootlogd.
 _____                    _____           _         _   
|  _  |___ ___ ___ ___   |  _  |___ ___  |_|___ ___| |_ 
|     |  _| .'| . | . |  |   __|  _| . | | | -_|  _|  _|
|__|__|_| |__,|_  |___|  |__|  |_| |___|_| |___|___|_|  
              |___|                    |___|            
Arago Project http://arago-project.org am437x-evm ttyO0
Arago 2013.12 am437x-evm ttyO0
am437x-evm login: 
- 06:01:34 [INFO] Host: root
- 06:01:34 [INFO] Target: 
root
root@am437x-evm:~# 
- 06:01:34 [INFO] Host: uname -a
- 06:01:34 [INFO] Target: 
uname -a
Linux am437x-evm 4.2.0-rc2-next-20150714-00002-g317e78a576a0 #1 SMP Tue Jul 14 05:55:38 CDT 2015 armv7l GNU/Linux
root@am437x-evm:~# 
- 06:01:34 [INFO] Host: cat /proc/cmdline
- 06:01:34 [INFO] Target: 
cat /proc/cmdline
console=ttyO0,115200n8 earlyprintk rootwait  ip=:::::eth0:dhcp  root=PARTUUID=00000000-02 rw rootfstype=ext4 rootwait 
root@am437x-evm:~# 
- 06:01:34 [INFO] Host: uname -a
- 06:01:34 [INFO] Target: 
uname -a
Linux am437x-evm 4.2.0-rc2-next-20150714-00002-g317e78a576a0 #1 SMP Tue Jul 14 05:55:38 CDT 2015 armv7l GNU/Linux
root@am437x-evm:~# 
- 06:01:34 [INFO] Host: cat /proc/mtd
- 06:01:34 [INFO] Target: 
cat /proc/mtd
dev:    size   erasesize  name
root@am437x-evm:~# 
- 06:01:43 [INFO] Host: export IPERFHOST=192.168.1.254
- 06:01:43 [INFO] Target: 
export IPERFHOST=192.168.1.254
root@am437x-evm:~# 
- 06:01:43 [INFO] Host: export NFS_SERVER=192.168.1.254
- 06:01:43 [INFO] Target: 
export NFS_SERVER=192.168.1.254
root@am437x-evm:~# 
- 06:01:43 [INFO] Host: export NFS_ROOT_PATH=/usr/workdir/filesys/linux/am43xx
- 06:01:43 [INFO] Target: 
export NFS_ROOT_PATH=/usr/workdir/filesys/linux/am43xx
root@am437x-evm:~# 
- 06:01:43 [INFO] Host: mkdir -p -m 777 /test
- 06:01:43 [INFO] Target: 
mkdir -p -m 777 /test
root@am437x-evm:~# 
- 06:01:43 [INFO] Host: cd /test
- 06:01:43 [INFO] Target: 
cd /test
root@am437x-evm:/test# 
- 06:01:43 [INFO] Host: cat > test.sh << EOF
- 06:01:44 [INFO] Target: 
cat > test.sh << EOF
- 06:01:44 [INFO] Host: failtest() {
- 06:01:44 [INFO] Target: 
failtest() {
- 06:01:44 [INFO] Host:   echo 1 >&3
- 06:01:44 [INFO] Target: 
  echo 1 >&3
- 06:01:44 [INFO] Host: }
- 06:01:44 [INFO] Target: 
- 06:01:44 [INFO] Host: timeout=600
- 06:01:44 [INFO] Target: 
timeout=600
- 06:01:44 [INFO] Host: 
- 06:01:44 [INFO] Target: 
- 06:01:44 [INFO] Host: # Start of user's script logic
- 06:01:44 [INFO] Target: 
# Start of user's script logic
- 06:01:44 [INFO] Host: mount -t proc proc /proc 2>/dev/null;
- 06:01:44 [INFO] Target: 
mount -t proc proc /proc 2>/dev/null;
- 06:01:44 [INFO] Host: 
- 06:01:44 [INFO] Target: 
- 06:01:44 [INFO] Host: mount -t sysfs sys /sys 2>/dev/null;
- 06:01:45 [INFO] Target: 
mount -t sysfs sys /sys 2>/dev/null;
- 06:01:45 [INFO] Host: 
- 06:01:45 [INFO] Target: 
- 06:01:45 [INFO] Host: mount -t debugfs none /sys/kernel/debug 2>/dev/null;
- 06:01:45 [INFO] Target: 
mount -t debugfs none /sys/kernel/debug 2>/dev/null;
- 06:01:45 [INFO] Host: 
- 06:01:45 [INFO] Target: 
- 06:01:45 [INFO] Host: echo 'cpuinfo:';cat /proc/cpuinfo; echo '=======';
- 06:01:45 [INFO] Target: 
echo 'cpuinfo:';cat /proc/cpuinfo; echo '=======';
- 06:01:45 [INFO] Host: 
- 06:01:45 [INFO] Target: 
- 06:01:45 [INFO] Host: echo 'soc info:';head /sys/devices/soc0/* 2>/dev/null; echo '=======';
- 06:01:45 [INFO] Target: 
echo 'soc info:';head /sys/devices/soc0/* 2>/dev/null; echo '=======';
- 06:01:45 [INFO] Host: 
- 06:01:45 [INFO] Target: 
- 06:01:45 [INFO] Host: echo 'DT Model info'; head /proc/device-tree/name /proc/device-tree/model /proc/device-tree/compatible 2>/dev/null;echo; echo '=======';
- 06:01:45 [INFO] Target: 
echo 'DT Model info'; head /proc/device-tree/name /proc/device-tree/model /pro 
c/device-tree/compatible 2>/dev/null;echo; echo '=======';
- 06:01:45 [INFO] Host: 
- 06:01:45 [INFO] Target: 
- 06:01:45 [INFO] Host: echo 'interrupts:';cat /proc/interrupts; echo '=======';
- 06:01:46 [INFO] Target: 
echo 'interrupts:';cat /proc/interrupts; echo '=======';
- 06:01:46 [INFO] Host: 
- 06:01:46 [INFO] Target: 
- 06:01:46 [INFO] Host: echo 'Clk_summary:';cat /sys/kernel/debug/clk/clk_summary; echo '=======';
- 06:01:46 [INFO] Target: 
echo 'Clk_summary:';cat /sys/kernel/debug/clk/clk_summary; echo '=======';
- 06:01:46 [INFO] Host: 
- 06:01:46 [INFO] Target: 
- 06:01:46 [INFO] Host: echo "Available frequencies"; cat /sys/devices/system/cpu/cpu0/cpufreq/scaling_available_frequencies 2>/dev/null;echo '=======';
- 06:01:46 [INFO] Target: 
echo "Available frequencies"; cat /sys/devices/system/cpu/cpu0/cpufreq/scaling 
_available_frequencies 2>/dev/null;echo '=======';
- 06:01:46 [INFO] Host: 
- 06:01:46 [INFO] Target: 
- 06:01:46 [INFO] Host: TMPF=/tmp/a.\$\$; TMPF2=/tmp/b.\$\$; STR=""
- 06:01:46 [INFO] Target: 
TMPF=/tmp/a.\$\$; TMPF2=/tmp/b.\$\$; STR=""
- 06:01:46 [INFO] Host: 
- 06:01:46 [INFO] Target: 
- 06:01:46 [INFO] Host: cp /dev/kmsg \$TMPF &
- 06:01:46 [INFO] Target: 
cp /dev/kmsg \$TMPF &
- 06:01:46 [INFO] Host: 
- 06:01:46 [INFO] Target: 
- 06:01:46 [INFO] Host: PID=\$! ; sleep 5; kill -9 \$PID
- 06:01:47 [INFO] Target: 
PID=\$! ; sleep 5; kill -9 \$PID
- 06:01:47 [INFO] Host: 
- 06:01:47 [INFO] Target: 
- 06:01:47 [INFO] Host: 
- 06:01:47 [INFO] Target: 
- 06:01:47 [INFO] Host: 
- 06:01:47 [INFO] Target: 
- 06:01:47 [INFO] Host: cat \$TMPF|grep "^0">\$TMPF2; N=\`cat \$TMPF2|wc -l\`; if [ "\$N" -ne 0 ]; then STR="\$STR emerg=\$N";echo "===== EMERGE++";cat \$TMPF2|cut -d ';' -f2;echo "====="; fi
- 06:01:47 [INFO] Target: 
cat \$TMPF|grep "^0">\$TMPF2; N=\`cat \$TMPF2|wc -l\`; if [ "\$N" -ne 0 ]; the 
n STR="\$STR emerg=\$N";echo "===== EMERGE++";cat \$TMPF2|cut -d ';' -f2;echo "= 
===="; fi
- 06:01:47 [INFO] Host: 
- 06:01:47 [INFO] Target: 
- 06:01:47 [INFO] Host: cat \$TMPF|grep "^1">\$TMPF2; N=\`cat \$TMPF2|wc -l\`; if [ "\$N" -ne 0 ]; then STR="\$STR alert=\$N";echo "===== ALERT ==";cat \$TMPF2|cut -d ';' -f2;echo "====="; fi
- 06:01:47 [INFO] Target: 
cat \$TMPF|grep "^1">\$TMPF2; N=\`cat \$TMPF2|wc -l\`; if [ "\$N" -ne 0 ]; the 
n STR="\$STR alert=\$N";echo "===== ALERT ==";cat \$TMPF2|cut -d ';' -f2;echo "= 
===="; fi
- 06:01:47 [INFO] Host: 
- 06:01:47 [INFO] Target: 
- 06:01:47 [INFO] Host: cat \$TMPF|grep "^2">\$TMPF2; N=\`cat \$TMPF2|wc -l\`; if [ "\$N" -ne 0 ]; then STR="\$STR crit=\$N";echo "===== CRIT ==";cat \$TMPF2|cut -d ';' -f2;echo "====="; fi
- 06:01:47 [INFO] Target: 
cat \$TMPF|grep "^2">\$TMPF2; N=\`cat \$TMPF2|wc -l\`; if [ "\$N" -ne 0 ]; the 
n STR="\$STR crit=\$N";echo "===== CRIT ==";cat \$TMPF2|cut -d ';' -f2;echo "=== 
=="; fi
- 06:01:47 [INFO] Host: 
- 06:01:47 [INFO] Target: 
- 06:01:47 [INFO] Host: cat \$TMPF|grep "^3">\$TMPF2; N=\`cat \$TMPF2|wc -l\`; if [ "\$N" -ne 0 ]; then STR="\$STR err=\$N";echo "===== ERR ==";cat \$TMPF2|cut -d ';' -f2;echo "=====" ;fi
- 06:01:48 [INFO] Target: 
cat \$TMPF|grep "^3">\$TMPF2; N=\`cat \$TMPF2|wc -l\`; if [ "\$N" -ne 0 ]; the 
n STR="\$STR err=\$N";echo "===== ERR ==";cat \$TMPF2|cut -d ';' -f2;echo "===== 
" ;fi
- 06:01:48 [INFO] Host: 
- 06:01:48 [INFO] Target: 
- 06:01:48 [INFO] Host: cat \$TMPF|grep "^4">\$TMPF2; N=\`cat \$TMPF2|wc -l\`; if [ "\$N" -ne 0 ]; then STR="\$STR warn=\$N";echo "===== WARN ==";cat \$TMPF2|cut -d ';' -f2;echo "=====" ;fi
- 06:01:48 [INFO] Target: 
cat \$TMPF|grep "^4">\$TMPF2; N=\`cat \$TMPF2|wc -l\`; if [ "\$N" -ne 0 ]; the 
n STR="\$STR warn=\$N";echo "===== WARN ==";cat \$TMPF2|cut -d ';' -f2;echo "=== 
==" ;fi
- 06:01:48 [INFO] Host: 
- 06:01:48 [INFO] Target: 
- 06:01:48 [INFO] Host: rm \$TMPF \$TMPF2; echo "SUM""MARY RESULT: BOOT:" 'PASS: H''ello World' 'B''oard' "Booted" "Boot Log has::::\$STR:"
- 06:01:48 [INFO] Target: 
rm \$TMPF \$TMPF2; echo "SUM""MARY RESULT: BOOT:" 'PASS: H''ello World' 'B''oa 
rd' "Booted" "Boot Log has::::\$STR:"
- 06:01:48 [INFO] Host: 
- 06:01:48 [INFO] Target: 
- 06:01:48 [INFO] Host: EOF
- 06:01:48 [INFO] Target: 
root@am437x-evm:/test# 
- 06:01:48 [INFO] Host: cd /test
- 06:01:48 [INFO] Target: 
cd /test
root@am437x-evm:/test# 
- 06:01:48 [INFO] Host: chmod +x test.sh
- 06:01:48 [INFO] Target: 
chmod +x test.sh
root@am437x-evm:/test# 
- 06:01:48 [INFO] Host: ./test.sh 2> stderr.log > stdout.log 3> result.log
- 06:01:54 [INFO] Target: 
./test.sh 2> stderr.log > stdout.log 3> result.log
root@am437x-evm:/test# 
- 06:01:54 [INFO] Host: echo $?
- 06:01:54 [INFO] Target: 
echo $?
root@am437x-evm:/test# 
- 06:01:54 [INFO] Host: cd /test
- 06:01:54 [INFO] Target: 
cd /test
root@am437x-evm:/test# 
- 06:01:54 [INFO] Host: cat stdout.log
- 06:01:55 [INFO] Target: 
cat stdout.log
cpuinfo:
processor	: 0
model name	: ARMv7 Processor rev 10 (v7l)
BogoMIPS	: 1992.29
Features	: half thumb fastmult vfp edsp thumbee neon vfpv3 tls vfpd32 
CPU implementer	: 0x41
CPU architecture: 7
CPU variant	: 0x2
CPU part	: 0xc09
CPU revision	: 10
Hardware	: Generic AM43 (Flattened Device Tree)
Revision	: 0000
Serial		: 0000000000000000
=======
soc info:
==> /sys/devices/soc0/family <==
AM43xx
==> /sys/devices/soc0/machine <==
AM437x
==> /sys/devices/soc0/power <==
==> /sys/devices/soc0/revision <==
ES1.1
==> /sys/devices/soc0/subsystem <==
==> /sys/devices/soc0/type <==
==> /sys/devices/soc0/uevent <==
=======
DT Model info
==> /proc/device-tree/name <==
==> /proc/device-tree/model <==
TI AM43x EPOS EVM
==> /proc/device-tree/compatible <==
ti,am43x-epos-evmti,am4372ti,am43
=======
interrupts:
           CPU0       
 16:       3287     WUGEN  68 Edge      gp_timer
 18:          0     WUGEN   9 Edge      l3-dbg-irq
 19:          0     WUGEN  10 Edge      l3-app-irq
 20:       1946     WUGEN  12 Edge      edma
 22:          4     WUGEN  14 Edge      edma_error
 23:       6664     WUGEN  72 Edge      OMAP UART0
 33:          0  44e07000.gpio   6 Edge      48060000.mmc cd
158:          0     WUGEN  70 Edge      44e0b000.i2c
159:          0     WUGEN  30 Edge      4819c000.i2c
161:       5827     WUGEN  64 Edge      mmc0
164:         48     WUGEN  41 Edge      4a100000.ethernet
165:         30     WUGEN  42 Edge      4a100000.ethernet
172:          0     WUGEN 100 Edge      gpmc
IPI0:          0  CPU wakeup interrupts
IPI1:          0  Timer broadcast interrupts
IPI2:          0  Rescheduling interrupts
IPI3:          0  Function call interrupts
IPI4:          0  Single function call interrupts
IPI5:          0  CPU stop interrupts
IPI6:          0  IRQ work interrupts
IPI7:          0  completion interrupts
Err:          0
=======
Clk_summary:
   clock                         enable_cnt  prepare_cnt        rate   accuracy   phase
----------------------------------------------------------------------------------------
 clk_32k_mosc_ck                          0            0       32768          0 0  
 clk_32k_tpm_ck                           0            0       32768          0 0  
 tclkin_ck                                0            0    26000000          0 0  
 virt_26000000_ck                         0            0    26000000          0 0  
 virt_25000000_ck                         1            1    25000000          0 0  
    sysboot_freq_sel_ck                   1            1    25000000          0 0  
       sys_clkin_ck                      21           39    25000000          0 0  
          vtp_clk_div                     0            0    12500000          0 0  
          dll_aging_clk_div               0            0     3125000          0 0  
          timer11_fck                     0            1    25000000          0 0  
          timer10_fck                     0            1    25000000          0 0  
          timer9_fck                      0            1    25000000          0 0  
          timer8_fck                      0            1    25000000          0 0  
          dpll_extdev_ck                  0            0    25000000          0 0  
             dpll_extdev_m2_ck            0            0    25000000          0 0  
          timer7_fck                      0            1    25000000          0 0  
          timer6_fck                      0            1    25000000          0 0  
          timer5_fck                      0            1    25000000          0 0  
          timer4_fck                      0            1    25000000          0 0  
          timer3_fck                      0            1    25000000          0 0  
          timer2_fck                      1            1    25000000          0 0  
          timer1_fck                      1            1    25000000          0 0  
          dpll_per_ck                     1            2   960000000          0 0  
             dpll_per_clkdcoldo           0            2   960000000          0 0  
                usb_otg_ss1_refclk960m           0            1   960000000          0 0  
                usb_otg_ss0_refclk960m           0            1   960000000          0 0  
             dpll_per_m2_ck               1            4   192000000          0 0  
                func_12m_clk              0            0    12000000          0 0  
                mmc_clk                   0            3    96000000          0 0  
                clk_24mhz                 0            1    24000000          0 0  
                   clkdiv32k_ck           0            1       32786          0 0  
                      clkdiv32k_ick           0            5       32786          0 0  
                         gpio5_dbclk           0            1       32786          0 0  
                         gpio4_dbclk           0            1       32786          0 0  
                         gpio3_dbclk           0            1       32786          0 0  
                         gpio2_dbclk           0            1       32786          0 0  
                         gpio1_dbclk           0            1       32786          0 0  
                dpll_per_m2_div4_ck           0           12    48000000          0 0  
                dpll_per_m2_div4_wkupdm_ck           1            2    48000000          0 0  
          dpll_disp_ck                    0            1    25000000          0 0  
             dpll_disp_m2_ck              0            1    25000000          0 0  
                disp_clk                  0            3    25000000          0 0  
          dpll_ddr_ck                     1            1   266000000          0 0  
             dpll_ddr_x2_ck               0            0   532000000          0 0  
                dpll_ddr_m4_ck            0            0   532000000          0 0  
             dpll_ddr_m2_ck               1            1   266000000          0 0  
          dpll_mpu_ck                     1            1  1000000000          0 0  
             dpll_mpu_m2_ck               3            3  1000000000          0 0  
          dpll_core_ck                    1            1  1000000000          0 0  
             dpll_core_x2_ck              2            2  2000000000          0 0  
                dpll_core_m6_ck           0            0   500000000          0 0  
                dpll_core_m5_ck           1            1   250000000          0 0  
                   cpsw_cpts_rft_clk           0            0   250000000          0 0  
                   cpsw_50m_clkdiv           0            0   250000000          0 0  
                      cpsw_5m_clkdiv           0            0    25000000          0 0  
                   cpsw_125mhz_gclk           3            3   125000000          0 0  
                dpll_core_m4_ck           7            7   200000000          0 0  
                   l4hs_gclk              1            1   200000000          0 0  
                   l3_gclk               15           16   200000000          0 0  
                   sysclk_div             1            3   200000000          0 0  
                      div_core_25m_ck           0            0    25000000          0 0  
                      gfx_fclk_clksel_ck           0            1   200000000          0 0  
                         gfx_fck_div_ck           0            1   200000000          0 0  
                      dpll_core_m4_div2_ck           3            3   100000000          0 0  
                         l4ls_gclk          63           91   100000000          0 0  
                            ehrpwm5_tbclk           0            0   100000000          0 0  
                            ehrpwm4_tbclk           0            0   100000000          0 0  
                            ehrpwm3_tbclk           0            0   100000000          0 0  
                            ehrpwm2_tbclk           0            0   100000000          0 0  
                            ehrpwm1_tbclk           0            0   100000000          0 0  
                            ehrpwm0_tbclk           0            0   100000000          0 0  
                         l3s_gclk          12           15   100000000          0 0  
                      pruss_ocp_gclk           0            1   200000000          0 0  
          aes0_fck                        1            2    25000000          0 0  
          sha0_fck                        1            1    25000000          0 0  
          smartreflex1_fck                0            1    25000000          0 0  
          smartreflex0_fck                0            1    25000000          0 0  
          mcasp1_fck                      0            1    25000000          0 0  
          mcasp0_fck                      0            1    25000000          0 0  
          dcan1_fck                       0            1    25000000          0 0  
          dcan0_fck                       0            1    25000000          0 0  
          adc_tsc_fck                     0            1    25000000          0 0  
 virt_24000000_ck                         0            0    24000000          0 0  
 virt_19200000_ck                         0            0    19200000          0 0  
    crystal_freq_sel_ck                   0            0    19200000          0 0  
 clk_rc32k_ck                             0            2       32768          0 0  
    gpio0_dbclk_mux_ck                    0            1       32768          0 0  
       gpio0_dbclk                        0            1       32768          0 0  
    wdt1_fck                              0            1       32768          0 0  
 clk_32768_ck                             0            2       32768          0 0  
    mux_synctimer32k_ck                   0            1       32768          0 0  
       synctimer_32kclk                   0            1       32768          0 0  
    usbphy_32khz_clkmux                   0            2       32768          0 0  
       usb_phy1_always_on_clk32k           0            1       32768          0 0  
       usb_phy0_always_on_clk32k           0            1       32768          0 0  
=======
Available frequencies
=======
===== ERR ==
platform 53701000.des: Cannot lookup hwmod 'des'
omap_voltage_late_init: Voltage driver support not added
cpu cpu0: dev_pm_opp_get_opp_count: device OPP not found (-19)
libphy: PHY 4a101000.mdio:01 not found
net eth0: phy 4a101000.mdio:01 not found on slave 1
udevd[74]: starting version 182
=====
===== WARN ==
L2C: platform modifies aux control register: 0x0e030000 -> 0x3e430000
L2C: DT/platform modifies aux control register: 0x0e030000 -> 0x3e430000
omap_hwmod: tptc0 using broken dt data from edma
omap_hwmod: tptc1 using broken dt data from edma
omap_hwmod: tptc2 using broken dt data from edma
backlight supply power not found, using dummy regulator
omap_uart 44e09000.serial: No clock speed specified: using default: 48000000
gpmc_mem_init: disabling cs 0 mapped at 0x0-0x1000000
backlight supply power not found, using dummy regulator
backlight supply power not found, using dummy regulator
mmc0: host does not support reading read-only switch, assuming write-enable
backlight supply power not found, using dummy regulator
IP-Config: Got DHCP answer from 192.168.1.254, my address is 192.168.1.157
, nameserver1=192.0.2.3
EXT4-fs (mmcblk0p2): warning: maximal mount count reached, running e2fsck is recommended
FAT-fs (mmcblk0p1): Volume was not properly unmounted. Some data may be corrupt. Please run fsck.
EXT4-fs (mmcblk0p3): warning: maximal mount count reached, running e2fsck is recommended
=====
SUMMARY RESULT: BOOT: PASS: Hello World Board Booted Boot Log has:::: err=6 warn=17:
root@am437x-evm:/test# 
- 06:01:55 [INFO] Host: cat stderr.log
- 06:01:55 [INFO] Target: 
cat stderr.log
./test.sh: line 33:   552 Killed                  cp /dev/kmsg $TMPF
root@am437x-evm:/test# 
- 06:01:55 [INFO] Host: cat result.log
- 06:01:57 [ERROR] On command: cat result.log waiting for cat result.log.+?(?m-ix:^1[\0\n\r]+) >>> error: execution expired
- 06:01:57 [INFO] Target: 
cat result.log
root@am437x-evm:/test# 
- 06:01:57 [INFO] Host: cd /test
- 06:01:57 [INFO] Target: 
cd /test
root@am437x-evm:/test# 
URL:gtsystest.telogy.design.ti.com/vatf/tidfarm-01.dal.design.ti.com/tidfarm-01.dal.design.ti.com_vatf@am43xx-epos/tidfarm-01.dal.design.ti.com07_14_2015_05_59_53/files/session_iteration_1/test_1
