- 03:00:33 [INFO] Starting target session
- 03:00:33 [INFO] Connected to am43xx-gpevm via serial 
- 03:00:33 [INFO] Host: #check prompt
- 03:00:36 [ERROR] On command: #check prompt waiting for #check prompt.+?(?-mix:((?-mix:login:)|[Pp]assword)) >>> error: execution expired
- 03:00:36 [INFO] Target: 
#check prompt
root@am437x-evm:/test# 
- 03:00:36 [INFO] Host: #check prompt
- 03:00:36 [INFO] Target: 
#check prompt
root@am437x-evm:/test# 
- 03:00:36 [INFO] Host: sync;poweroff
- 03:01:01 [INFO] Target: 
sync;poweroff
         Stopping Session c1 of user root.
[[0;32m  OK  [0m] Stopped target Multi-User System.
         Stopping thermal-zone-init.service...
         Stopping Network Name Resolution...
         Stopping System Logging Service...
[[0;32m  OK  [0m] Stopped target Sound Card.
         Stopping User Manager for UID 0...
[[0;32m  OK  [0m] Stopped target Timers.
[[0;32m  OK  [0m] Stopped Daily Cleanup of Temporary Directories.
[[0;32m  OK  [0m] Stopped target System Time Synchronized.
[[0;32m  OK  [0m] Closed Load/Save RF Kill Switch Status /dev/rfkill Watch.
         Stopping Kernel Logging Service...
[[0;32m  OK  [0m] Stopped target Login Prompts.
         Stopping Getty on tty1...
         Stopping Serial Getty on ttyS0...
[[0;32m  OK  [0m] Stopped Kernel Logging Service.
[[0;32m  OK  [0m] Stopped System Logging Service.
[[0;32m  OK  [0m] Stopped Network Name Resolution.
[[0;32m  OK  [0m] Stopped Getty on tty1.
[[0;32m  OK  [0m] Stopped Serial Getty on ttyS0.
[[0;32m  OK  [0m] Stopped Session c1 of user root.
[[0;32m  OK  [0m] Stopped thermal-zone-init.service.
[[0;32m  OK  [0m] Stopped User Manager for UID 0.
[[0;32m  OK  [0m] Stopped User Manager for UID 0.
         Stopping rng-tools.service...
[[0;32m  OK  [0m] Removed slice User Slice of root.
         Stopping Login Service...
[[0;32m  OK  [0m] Removed slice system-serial\x2dgetty.slice.
[[0;32m  OK  [0m] Removed slice system-getty.slice.
         Stopping Permit User Sessions...
[[0;32m  OK  [0m] Stopped target Network.
         Stopping Network Service...
[[0;32m  OK  [0m] Stopped Network Service.
[[0;32m  OK  [0m] Stopped Login Service.
[[0;32m  OK  [0m] Stopped rng-tools.service.
[[0;32m  OK  [0m] Stopped Permit User Sessions.
[[0;32m  OK  [0m] Stopped target Remote File Systems.
         Stopping thttpd.service...
         Stopping D-Bus System Message Bus...
[[0;32m  OK  [0m] Stopped D-Bus System Message Bus.
[[0;32m  OK  [0m] Stopped thttpd.service.
         Stopping telnetd.service...
[[0;32m  OK  [0m] Stopped telnetd.service.
[[0;32m  OK  [0m] Stopped target Basic System.
[[0;32m  OK  [0m] Stopped target Sockets.
[[0;32m  OK  [0m] Closed RPCbind Server Activation Socket.
[[0;32m  OK  [0m] Closed Syslog Socket.
[[0;32m  OK  [0m] Closed D-Bus System Message Bus Socket.
[[0;32m  OK  [0m] Stopped target Paths.
[[0;32m  OK  [0m] Stopped Forward Password Requests to Wall Directory Watch.
[[0;32m  OK  [0m] Stopped Dispatch Password Requests to Console Directory Watch.
[[0;32m  OK  [0m] Stopped target Slices.
[[0;32m  OK  [0m] Removed slice User and Session Slice.
[[0;32m  OK  [0m] Stopped target System Initialization.
         Stopping Update UTMP about System Boot/Shutdown...
[[0;32m  OK  [0m] Stopped target Swap.
[[0;32m  OK  [0m] Stopped Update is Completed.
[[0;32m  OK  [0m] Stopped Rebuild Dynamic Linker Cache.
[[0;32m  OK  [0m] Stopped Apply Kernel Variables.
         Stopping Load/Save Random Seed...
[[0;32m  OK  [0m] Stopped Setup Virtual Console.
[[0;32m  OK  [0m] Stopped Rebuild Hardware Database.
[[0;32m  OK  [0m] Stopped Rebuild Journal Catalog.
         Stopping Network Time Synchronization...
         Stopping Load/Save Screen Backlight...htness of backlight:backlight...
[[0;32m  OK  [0m] Stopped Load/Save Random Seed.
[[0;32m  OK  [0m] Stopped Load/Save Screen Backlight Brightness of backlight:backlight.
[[0;32m  OK  [0m] Stopped Update UTMP about System Boot/Shutdown.
[[0;32m  OK  [0m] Removed slice system-systemd\x2dbacklight.slice.
[[0;32m  OK  [0m] Stopped Network Time Synchronization.
[[0;32m  OK  [0m] Stopped Create Volatile Files and Directories.
[[0;32m  OK  [0m] Stopped target Local File Systems.
         Unmounting /run/media/sdb1...
         Unmounting /run/media/mmcblk0p1...
         Unmounting /var/volatile...
         Unmounting /run/media/mmcblk0p2...
         Unmounting /run/user/0...
         Unmounting /run/media/mmcblk0p3...
         Unmounting /media/ram...
         Unmounting /run/media/sda1...
         Unmounting Debug File System...
         Unmounting Temporary Directory...
[[0;32m  OK  [0m] Unmounted /run/media/sdb1.
[[0;32m  OK  [0m] Unmounted /run/media/mmcblk0p1.
[[0;32m  OK  [0m] Unmounted /var/volatile.
[[0;32m  OK  [0m] Unmounted /run/media/mmcblk0p2.
[[0;32m  OK  [0m] Unmounted /run/user/0.
[[0;32m  OK  [0m] Unmounted /run/media/mmcblk0p3.
[[0;1;31mFAILED[0m] Failed unmounting /media/ram.
[[0;32m  OK  [0m] Unmounted /run/media/sda1.
[[0;32m  OK  [0m] Unmounted Debug File System.
[[0;32m  OK  [0m] Unmounted Temporary Directory.
[[0;32m  OK  [0m] Reached target Unmount All Filesystems.
[[0;32m  OK  [0m] Stopped target Local File Systems (Pre).
[[0;32m  OK  [0m] Stopped Create Static Device Nodes in /dev.
[[0;32m  OK  [0m] Stopped Remount Root and Kernel File Systems.
[[0;32m  OK  [0m] Reached target Shutdown.
[ 2415.903420] systemd-shutdown[1]: Sending SIGTERM to remaining processes...
[ 2416.006948] systemd-journald[106]: Received SIGTERM from PID 1 (systemd-shutdow).
[ 2426.035776] systemd-shutdown[1]: Sending SIGKILL to remaining processes...
[ 2426.210662] systemd-shutdown[1]: Sending SIGKILL to PID 806 (rngd).
[ 2426.280943] systemd-shutdown[1]: Unmounting file systems.
[ 2426.291415] systemd-shutdown[1]: Remounting '/' read-only with options 'vers=3,rsize=4096,wsize=4096,namlen=255,hard,nolock,proto=tcp,timeo=600,retrans=2,sec=sys,mountaddr=192.168.0.1,mountvers=3,mountproto=tcp,local_lock=all,addr=192.168.0.1'.
[ 2426.858572] systemd-shutdown[1]: Remounting '/' read-only with options 'vers=3,rsize=4096,wsize=4096,namlen=255,hard,nolock,proto=tcp,timeo=600,retrans=2,sec=sys,mountaddr=192.168.0.1,mountvers=3,mountproto=tcp,local_lock=all,addr=192.168.0.1'.
[ 2426.920795] systemd-shutdown[1]: All filesystems unmounted.
[ 2426.945681] systemd-shutdown[1]: Deactivating swaps.
[ 2426.951620] systemd-shutdown[1]: All swaps deactivated.
[ 2426.965647] systemd-shutdown[1]: Detaching loop devices.
[ 2426.999474] systemd-shutdown[1]: All loop devices detached.
[ 2427.005134] systemd-shutdown[1]: Detaching DM devices.
[ 2427.016274] systemd-shutdown[1]: All DM devices detached.
[ 2427.031383] systemd-shutdown[1]: Powering off.
[ 2427.068297] reboot: Power down
- 03:01:01 [INFO] Disconnected serial from am43xx-gpevm
- 03:01:02 [INFO] Connected to am43xx-gpevm via serial 
- 03:01:02 [INFO] Host: 
- 03:01:04 [INFO] Target: 
U-Boot SPL 2016.05-00313-g89316b5 (Dec 19 2016 - 06:56:27)
Trying to boot from MMC1
SPL: Please implement spl_start_uboot() for your board
SPL: Direct Linux boot not active!
reading u-boot.img
reading u-boot.img
reading u-boot.img
reading u-boot.img
U-Boot 2016.05-00313-g89316b5 (Dec 19 2016 - 06:56:27 -0600), Build: jenkins-ti-uboot-compile-test-210
CPU  : AM437X-GP rev 2.0
Model: TI AM437x GP EVM
I2C:   ready
DRAM:  2 GiB
PMIC:  TPS65218
NAND:  512 MiB
MMC:   OMAP SD/MMC: 0
reading uboot.env
Net:   
Warning: ethernet@4a100000 using MAC address from ROM
eth0: ethernet@4a100000
Hit any key to stop autoboot:  2  0 
=>  
=>  
=>  
=>  
=>  
=>  
=>  
=>  
=>  
=>  
=>  
- 03:01:04 [INFO] Host: 
- 03:01:04 [INFO] Target: 
- 03:01:04 [INFO] Host: version
- 03:01:04 [INFO] Target: 
version
U-Boot 2016.05-00313-g89316b5 (Dec 19 2016 - 06:56:27 -0600)
arm-linux-gnueabihf-gcc (Linaro GCC 5.3-2016.02) 5.3.1 20160113
GNU ld (GNU Binutils) 2.25.0 Linaro 2015_10
- 03:01:04 [INFO] Host: setenv bootargs 'console=ttyO0,115200n8 earlyprintk=serial,ttyO0,115200n8 rootwait '
- 03:01:04 [INFO] Target: 
setenv bootargs 'console=ttyO0,115200n8 earlyprintk=serial,ttyO0,115200n8 rootwait '
- 03:01:04 [INFO] Host: setenv bootcmd  ''
- 03:01:05 [INFO] Target: 
setenv bootcmd  ''
- 03:01:05 [INFO] Host: setenv autoload 'no'
- 03:01:05 [INFO] Target: 
setenv autoload 'no'
- 03:01:05 [INFO] Host: setenv serverip '192.168.0.1'
- 03:01:05 [INFO] Target: 
setenv serverip '192.168.0.1'
- 03:01:05 [INFO] Host: setenv _initramfs -
- 03:01:05 [INFO] Target: 
setenv _initramfs -
- 03:01:05 [INFO] Host: printenv
- 03:01:05 [INFO] Target: 
printenv
_initramfs=-
arch=arm
args_fit=setenv bootargs console=${console} 
args_mmc=run finduuid;setenv bootargs console=${console} ${optargs} root=PARTUUID=${uuid} rw rootfstype=${mmcrootfstype}
autoload=no
baudrate=115200
board=am43xx
board_name=AM43__GP
board_rev=1.2A
board_serial=51134P380014
boot_fdt=try
boot_fit=0
bootargs=console=ttyO0,115200n8 earlyprintk=serial,ttyO0,115200n8 rootwait 
bootcmd=
bootdelay=2
bootdir=/boot
bootenvfile=uEnv.txt
bootfile=zImage
bootm_size=0x10000000
bootpart=0:2
bootscript=echo Running bootscript from mmc${mmcdev} ...; source ${loadaddr}
console=ttyO0,115200n8
cpu=armv7
dfu_alt_info_emmc=MLO raw 0x100 0x100 mmcpart 0;u-boot.img raw 0x300 0x1000 mmcpart 0
dfu_alt_info_mmc=boot part 0 1;rootfs part 0 2;MLO fat 0 1;spl-os-args fat 0 1;spl-os-image fat 0 1;u-boot.img fat 0 1;uEnv.txt fat 0 1
dfu_alt_info_qspi=u-boot.bin raw 0x0 0x080000;u-boot.backup raw 0x080000 0x080000;u-boot-spl-os raw 0x100000 0x010000;u-boot-env raw 0x110000 0x010000;u-boot-env.backup raw 0x120000 0x010000;kernel raw 0x130000 0x800000
dfu_alt_info_ram=kernel ram 0x80200000 0x4000000;fdt ram 0x80f80000 0x80000;ramdisk ram 0x81000000 0x4000000
dfu_bufsiz=0x10000
envboot=mmc dev ${mmcdev}; if mmc rescan; then echo SD/MMC found on device ${mmcdev};if run loadbootscript; then run bootscript;else if run loadbootenv; then echo Loaded env from ${bootenvfile};run importbootenv;fi;if test -n $uenvcmd; then echo Running uenvcmd ...;run uenvcmd;fi;fi;fi;
ethaddr=34:b1:f7:31:5c:b3
fdt_addr_r=0x88000000
fdtaddr=0x88000000
fdtcontroladdr=fef0ecf8
fdtfile=undefined
findfdt=if test $board_name = AM43EPOS; then setenv fdtfile am43x-epos-evm.dtb; fi; if test $board_name = AM43__GP; then setenv fdtfile am437x-gp-evm.dtb; fi; if test $board_name = AM43XXHS; then setenv fdtfile am437x-gp-evm.dtb; fi; if test $board_name = AM43__SK; then setenv fdtfile am437x-sk-evm.dtb; fi; if test $board_name = AM43_IDK; then setenv fdtfile am437x-idk-evm.dtb; fi; if test $fdtfile = undefined; then echo WARNING: Could not determine device tree; fi; 
finduuid=part uuid mmc ${bootpart} uuid
fit_bootfile=fitImage.itb
fit_loadaddr=0x88000000
importbootenv=echo Importing environment from mmc${mmcdev} ...; env import -t ${loadaddr} ${filesize}
kernel_addr_r=0x82000000
loadaddr=0x82000000
loadbootenv=fatload mmc ${mmcdev} ${loadaddr} ${bootenvfile}
loadbootscript=load mmc ${mmcdev} ${loadaddr} boot.scr
loadfdt=load ${devtype} ${bootpart} ${fdtaddr} ${bootdir}/${fdtfile}
loadfit=run args_fit; bootm ${loadaddr}#${fdtfile};
loadimage=load ${devtype} ${bootpart} ${loadaddr} ${bootdir}/${bootfile}
loadramdisk=load ${devtype} ${devnum} ${rdaddr} ramdisk.gz
mmcboot=mmc dev ${mmcdev}; setenv devnum ${mmcdev}; setenv devtype mmc; if mmc rescan; then echo SD/MMC found on device ${mmcdev};if run loadimage; then if test ${boot_fit} -eq 1; then run loadfit; else run mmcloados;fi;fi;fi;
mmcdev=0
mmcloados=run args_mmc; if test ${boot_fdt} = yes || test ${boot_fdt} = try; then if run loadfdt; then bootz ${loadaddr} - ${fdtaddr}; else if test ${boot_fdt} = try; then bootz; else echo WARN: Cannot load the DT; fi; fi; else bootz; fi;
mmcrootfstype=ext4 rootwait
mtdids=nand0=nand.0
mtdparts=mtdparts=nand.0:256k(NAND.SPL),256k(NAND.SPL.backup1),256k(NAND.SPL.backup2),256k(NAND.SPL.backup3),512k(NAND.u-boot-spl-os),1m(NAND.u-boot),256k(NAND.u-boot-env),256k(NAND.u-boot-env.backup1),7m(NAND.kernel),-(NAND.file-system)
nandargs=setenv bootargs console=${console} ${optargs} root=${nandroot} rootfstype=${nandrootfstype}
nandboot=echo Booting from nand ...; run nandargs; nand read ${fdtaddr} NAND.u-boot-spl-os; nand read ${loadaddr} NAND.kernel; bootz ${loadaddr} - ${fdtaddr}
nandroot=ubi0:rootfs rw ubi.mtd=NAND.file-system,4096
nandrootfstype=ubifs rootwait=1
netargs=setenv bootargs console=${console} ${optargs} root=/dev/nfs nfsroot=${serverip}:${rootpath},${nfsopts} rw ip=dhcp
netboot=echo Booting from network ...; setenv autoload no; dhcp; run netloadimage; run netloadfdt; run netargs; bootz ${loadaddr} - ${fdtaddr}
netloadfdt=tftp ${fdtaddr} ${fdtfile}
netloadimage=tftp ${loadaddr} ${bootfile}
nfsopts=nolock
partitions=uuid_disk=${uuid_gpt_disk};name=rootfs,start=2MiB,size=-,uuid=${uuid_gpt_rootfs}
pxefile_addr_r=0x80100000
ramargs=setenv bootargs console=${console} ${optargs} root=${ramroot} rootfstype=${ramrootfstype}
ramdisk_addr_r=0x88080000
ramroot=/dev/ram0 rw
ramrootfstype=ext2
rdaddr=0x88080000
rootpath=/export/rootfs
scriptaddr=0x80000000
serverip=192.168.0.1
soc=am33xx
static_ip=${ipaddr}:${serverip}:${gatewayip}:${netmask}:${hostname}::off
stderr=serial@44e09000
stdin=serial@44e09000
stdout=serial@44e09000
update_to_fit=setenv loadaddr ${fit_loadaddr}; setenv bootfile ${fit_bootfile}
usbargs=setenv bootargs console=${console} ${optargs} root=${usbroot} rootfstype=${usbrootfstype}
usbboot=setenv devnum ${usbdev}; setenv devtype usb; usb start ${usbdev}; if usb dev ${usbdev}; then if run loadbootenv; then echo Loaded environment from ${bootenv};run importbootenv;fi;if test -n $uenvcmd; then echo Running uenvcmd ...;run uenvcmd;fi;if run loadimage; then run loadfdt; echo Booting from usb ${usbdev}...; run usbargs;bootz ${loadaddr} - ${fdtaddr}; fi;fi
usbdev=0
usbroot=/dev/sda2 rw
usbrootfstype=ext4 rootwait
vendor=ti
ver=U-Boot 2016.05-00313-g89316b5 (Dec 19 2016 - 06:56:27 -0600)
Environment size: 5493/65532 bytes
- 03:01:05 [INFO] Host: printenv
- 03:01:06 [INFO] Target: 
printenv
_initramfs=-
arch=arm
args_fit=setenv bootargs console=${console} 
args_mmc=run finduuid;setenv bootargs console=${console} ${optargs} root=PARTUUID=${uuid} rw rootfstype=${mmcrootfstype}
autoload=no
baudrate=115200
board=am43xx
board_name=AM43__GP
board_rev=1.2A
board_serial=51134P380014
boot_fdt=try
boot_fit=0
bootargs=console=ttyO0,115200n8 earlyprintk=serial,ttyO0,115200n8 rootwait 
bootcmd=
bootdelay=2
bootdir=/boot
bootenvfile=uEnv.txt
bootfile=zImage
bootm_size=0x10000000
bootpart=0:2
bootscript=echo Running bootscript from mmc${mmcdev} ...; source ${loadaddr}
console=ttyO0,115200n8
cpu=armv7
dfu_alt_info_emmc=MLO raw 0x100 0x100 mmcpart 0;u-boot.img raw 0x300 0x1000 mmcpart 0
dfu_alt_info_mmc=boot part 0 1;rootfs part 0 2;MLO fat 0 1;spl-os-args fat 0 1;spl-os-image fat 0 1;u-boot.img fat 0 1;uEnv.txt fat 0 1
dfu_alt_info_qspi=u-boot.bin raw 0x0 0x080000;u-boot.backup raw 0x080000 0x080000;u-boot-spl-os raw 0x100000 0x010000;u-boot-env raw 0x110000 0x010000;u-boot-env.backup raw 0x120000 0x010000;kernel raw 0x130000 0x800000
dfu_alt_info_ram=kernel ram 0x80200000 0x4000000;fdt ram 0x80f80000 0x80000;ramdisk ram 0x81000000 0x4000000
dfu_bufsiz=0x10000
envboot=mmc dev ${mmcdev}; if mmc rescan; then echo SD/MMC found on device ${mmcdev};if run loadbootscript; then run bootscript;else if run loadbootenv; then echo Loaded env from ${bootenvfile};run importbootenv;fi;if test -n $uenvcmd; then echo Running uenvcmd ...;run uenvcmd;fi;fi;fi;
ethaddr=34:b1:f7:31:5c:b3
fdt_addr_r=0x88000000
fdtaddr=0x88000000
fdtcontroladdr=fef0ecf8
fdtfile=undefined
findfdt=if test $board_name = AM43EPOS; then setenv fdtfile am43x-epos-evm.dtb; fi; if test $board_name = AM43__GP; then setenv fdtfile am437x-gp-evm.dtb; fi; if test $board_name = AM43XXHS; then setenv fdtfile am437x-gp-evm.dtb; fi; if test $board_name = AM43__SK; then setenv fdtfile am437x-sk-evm.dtb; fi; if test $board_name = AM43_IDK; then setenv fdtfile am437x-idk-evm.dtb; fi; if test $fdtfile = undefined; then echo WARNING: Could not determine device tree; fi; 
finduuid=part uuid mmc ${bootpart} uuid
fit_bootfile=fitImage.itb
fit_loadaddr=0x88000000
importbootenv=echo Importing environment from mmc${mmcdev} ...; env import -t ${loadaddr} ${filesize}
kernel_addr_r=0x82000000
loadaddr=0x82000000
loadbootenv=fatload mmc ${mmcdev} ${loadaddr} ${bootenvfile}
loadbootscript=load mmc ${mmcdev} ${loadaddr} boot.scr
loadfdt=load ${devtype} ${bootpart} ${fdtaddr} ${bootdir}/${fdtfile}
loadfit=run args_fit; bootm ${loadaddr}#${fdtfile};
loadimage=load ${devtype} ${bootpart} ${loadaddr} ${bootdir}/${bootfile}
loadramdisk=load ${devtype} ${devnum} ${rdaddr} ramdisk.gz
mmcboot=mmc dev ${mmcdev}; setenv devnum ${mmcdev}; setenv devtype mmc; if mmc rescan; then echo SD/MMC found on device ${mmcdev};if run loadimage; then if test ${boot_fit} -eq 1; then run loadfit; else run mmcloados;fi;fi;fi;
mmcdev=0
mmcloados=run args_mmc; if test ${boot_fdt} = yes || test ${boot_fdt} = try; then if run loadfdt; then bootz ${loadaddr} - ${fdtaddr}; else if test ${boot_fdt} = try; then bootz; else echo WARN: Cannot load the DT; fi; fi; else bootz; fi;
mmcrootfstype=ext4 rootwait
mtdids=nand0=nand.0
mtdparts=mtdparts=nand.0:256k(NAND.SPL),256k(NAND.SPL.backup1),256k(NAND.SPL.backup2),256k(NAND.SPL.backup3),512k(NAND.u-boot-spl-os),1m(NAND.u-boot),256k(NAND.u-boot-env),256k(NAND.u-boot-env.backup1),7m(NAND.kernel),-(NAND.file-system)
nandargs=setenv bootargs console=${console} ${optargs} root=${nandroot} rootfstype=${nandrootfstype}
nandboot=echo Booting from nand ...; run nandargs; nand read ${fdtaddr} NAND.u-boot-spl-os; nand read ${loadaddr} NAND.kernel; bootz ${loadaddr} - ${fdtaddr}
nandroot=ubi0:rootfs rw ubi.mtd=NAND.file-system,4096
nandrootfstype=ubifs rootwait=1
netargs=setenv bootargs console=${console} ${optargs} root=/dev/nfs nfsroot=${serverip}:${rootpath},${nfsopts} rw ip=dhcp
netboot=echo Booting from network ...; setenv autoload no; dhcp; run netloadimage; run netloadfdt; run netargs; bootz ${loadaddr} - ${fdtaddr}
netloadfdt=tftp ${fdtaddr} ${fdtfile}
netloadimage=tftp ${loadaddr} ${bootfile}
nfsopts=nolock
partitions=uuid_disk=${uuid_gpt_disk};name=rootfs,start=2MiB,size=-,uuid=${uuid_gpt_rootfs}
pxefile_addr_r=0x80100000
ramargs=setenv bootargs console=${console} ${optargs} root=${ramroot} rootfstype=${ramrootfstype}
ramdisk_addr_r=0x88080000
ramroot=/dev/ram0 rw
ramrootfstype=ext2
rdaddr=0x88080000
rootpath=/export/rootfs
scriptaddr=0x80000000
serverip=192.168.0.1
soc=am33xx
static_ip=${ipaddr}:${serverip}:${gatewayip}:${netmask}:${hostname}::off
stderr=serial@44e09000
stdin=serial@44e09000
stdout=serial@44e09000
update_to_fit=setenv loadaddr ${fit_loadaddr}; setenv bootfile ${fit_bootfile}
usbargs=setenv bootargs console=${console} ${optargs} root=${usbroot} rootfstype=${usbrootfstype}
usbboot=setenv devnum ${usbdev}; setenv devtype usb; usb start ${usbdev}; if usb dev ${usbdev}; then if run loadbootenv; then echo Loaded environment from ${bootenv};run importbootenv;fi;if test -n $uenvcmd; then echo Running uenvcmd ...;run uenvcmd;fi;if run loadimage; then run loadfdt; echo Booting from usb ${usbdev}...; run usbargs;bootz ${loadaddr} - ${fdtaddr}; fi;fi
usbdev=0
usbroot=/dev/sda2 rw
usbrootfstype=ext4 rootwait
vendor=ti
ver=U-Boot 2016.05-00313-g89316b5 (Dec 19 2016 - 06:56:27 -0600)
Environment size: 5493/65532 bytes
- 03:01:06 [INFO] Host: setenv bootargs ''${bootargs}' ip=:::::eth0:dhcp '
- 03:01:06 [INFO] Target: 
setenv bootargs ''${bootargs}' ip=:::::eth0:dhcp '
- 03:01:06 [INFO] Host: setenv serverip '192.168.0.1'
- 03:01:06 [INFO] Target: 
setenv serverip '192.168.0.1'
- 03:01:06 [INFO] Host: setenv autoload 'no'
- 03:01:06 [INFO] Target: 
setenv autoload 'no'
- 03:01:06 [INFO] Host: dhcp
- 03:01:26 [ERROR] On command: dhcp waiting for dhcp.+?(?mi-x:DHCP client bound to address.*(?-mix:(?-mix:U-Boot#)|=>)) >>> error: execution expired
- 03:01:26 [INFO] Target: 
dhcp
ethernet@4a100000 Waiting for PHY auto negotiation to complete................. TIMEOUT !
BOOTP broadcast 1
BOOTP broadcast 2
BOOTP broadcast 3
BOOTP broadcast 4
BOOTP broadcast 5
BOOTP broadcast 6
BOOTP broadcast 7
BOOTP broadcast 8
- 03:01:36 [INFO] 
Abort
- 03:01:36 [INFO] Host: dhcp
- 03:01:37 [INFO] Target: 
dhcp
link up on port 0, speed 1000, full duplex
BOOTP broadcast 1
BOOTP broadcast 2
BOOTP broadcast 3
DHCP client bound to address 192.168.0.137 (1003 ms)
- 03:01:37 [INFO] Host: tftp ${loadaddr} 192.168.0.1:vatf_am43xx-gpevm1/49497d6e7a13cca02894e50ba0452248
- 03:01:39 [INFO] Target: 
tftp ${loadaddr} 192.168.0.1:vatf_am43xx-gpevm1/49497d6e7a13cca02894e50ba0452248
link up on port 0, speed 1000, full duplex
Using ethernet@4a100000 device
TFTP from server 192.168.0.1; our IP address is 192.168.0.137
Filename 'vatf_am43xx-gpevm1/49497d6e7a13cca02894e50ba0452248'.
Load address: 0x82000000
Loading: *#################################################################
	 #################################################################
	 #################################################################
	 #################################################################
	 #################################################################
	 #################################################################
	 #################################################################
	 ##################################
	 6.1 MiB/s
done
Bytes transferred = 7169048 (6d6418 hex)
- 03:01:39 [INFO] Host: tftp ${fdt_addr_r} 192.168.0.1:vatf_am43xx-gpevm1/0820e4ce26769b6479c78c1958c17086
- 03:01:39 [INFO] Target: 
tftp ${fdt_addr_r} 192.168.0.1:vatf_am43xx-gpevm1/0820e4ce26769b6479c78c1958c17086
link up on port 0, speed 1000, full duplex
Using ethernet@4a100000 device
TFTP from server 192.168.0.1; our IP address is 192.168.0.137
Filename 'vatf_am43xx-gpevm1/0820e4ce26769b6479c78c1958c17086'.
Load address: 0x88000000
Loading: *####
	 5.2 MiB/s
done
Bytes transferred = 49312 (c0a0 hex)
- 03:01:39 [INFO] Host: ls mmc 0:1
- 03:01:39 [INFO] Target: 
ls mmc 0:1
    74560   mlo 
   600644   u-boot.img 
  2424950   u-boot 
   402704   u-boot.bin 
  1054308   u-boot-spl 
   116124   u-boot-spl.bin 
      259   uboot_build.txt 
       14   .ipaddr 
        0   pointercal 
            old_uboot/
        4   ws-calibrate.rules 
    65536   uboot.env 
11 file(s), 1 dir(s)
- 03:01:39 [INFO] Host: ls mmc 0:2
- 03:01:39 [INFO] Target: 
ls mmc 0:2
<DIR>       4096 .
<DIR>       4096 ..
<DIR>       4096 bin
<DIR>       4096 boot
<DIR>       4096 dev
<DIR>       4096 etc
<DIR>       4096 home
<DIR>       4096 lib
<DIR>       4096 media
<DIR>       4096 mnt
<DIR>       4096 opt
<DIR>       4096 proc
<DIR>       4096 sbin
<DIR>       4096 srv
<DIR>       4096 sys
<SYM>          8 tmp
<DIR>       4096 usr
<DIR>       4096 var
<DIR>       4096 www
<SYM>          8 run
<DIR>       4096 Settings
<DIR>       4096 test
- 03:01:39 [INFO] Host: part uuid mmc 0:2
- 03:01:39 [INFO] Target: 
part uuid mmc 0:2
00000000-02
- 03:01:39 [INFO] Host: printenv
- 03:01:40 [INFO] Target: 
printenv
_initramfs=-
arch=arm
args_fit=setenv bootargs console=${console} 
args_mmc=run finduuid;setenv bootargs console=${console} ${optargs} root=PARTUUID=${uuid} rw rootfstype=${mmcrootfstype}
autoload=no
baudrate=115200
board=am43xx
board_name=AM43__GP
board_rev=1.2A
board_serial=51134P380014
boot_fdt=try
boot_fit=0
bootargs=console=ttyO0,115200n8 earlyprintk=serial,ttyO0,115200n8 rootwait  ip=:::::eth0:dhcp 
bootcmd=
bootdelay=2
bootdir=/boot
bootenvfile=uEnv.txt
bootfile=zImage
bootm_size=0x10000000
bootpart=0:2
bootscript=echo Running bootscript from mmc${mmcdev} ...; source ${loadaddr}
console=ttyO0,115200n8
cpu=armv7
dfu_alt_info_emmc=MLO raw 0x100 0x100 mmcpart 0;u-boot.img raw 0x300 0x1000 mmcpart 0
dfu_alt_info_mmc=boot part 0 1;rootfs part 0 2;MLO fat 0 1;spl-os-args fat 0 1;spl-os-image fat 0 1;u-boot.img fat 0 1;uEnv.txt fat 0 1
dfu_alt_info_qspi=u-boot.bin raw 0x0 0x080000;u-boot.backup raw 0x080000 0x080000;u-boot-spl-os raw 0x100000 0x010000;u-boot-env raw 0x110000 0x010000;u-boot-env.backup raw 0x120000 0x010000;kernel raw 0x130000 0x800000
dfu_alt_info_ram=kernel ram 0x80200000 0x4000000;fdt ram 0x80f80000 0x80000;ramdisk ram 0x81000000 0x4000000
dfu_bufsiz=0x10000
dnsip=192.0.2.2
dnsip2=192.0.2.3
envboot=mmc dev ${mmcdev}; if mmc rescan; then echo SD/MMC found on device ${mmcdev};if run loadbootscript; then run bootscript;else if run loadbootenv; then echo Loaded env from ${bootenvfile};run importbootenv;fi;if test -n $uenvcmd; then echo Running uenvcmd ...;run uenvcmd;fi;fi;fi;
ethact=ethernet@4a100000
ethaddr=34:b1:f7:31:5c:b3
fdt_addr_r=0x88000000
fdtaddr=0x88000000
fdtcontroladdr=fef0ecf8
fdtfile=undefined
fileaddr=88000000
filesize=c0a0
findfdt=if test $board_name = AM43EPOS; then setenv fdtfile am43x-epos-evm.dtb; fi; if test $board_name = AM43__GP; then setenv fdtfile am437x-gp-evm.dtb; fi; if test $board_name = AM43XXHS; then setenv fdtfile am437x-gp-evm.dtb; fi; if test $board_name = AM43__SK; then setenv fdtfile am437x-sk-evm.dtb; fi; if test $board_name = AM43_IDK; then setenv fdtfile am437x-idk-evm.dtb; fi; if test $fdtfile = undefined; then echo WARNING: Could not determine device tree; fi; 
finduuid=part uuid mmc ${bootpart} uuid
fit_bootfile=fitImage.itb
fit_loadaddr=0x88000000
gatewayip=192.168.0.1
importbootenv=echo Importing environment from mmc${mmcdev} ...; env import -t ${loadaddr} ${filesize}
ipaddr=192.168.0.137
kernel_addr_r=0x82000000
loadaddr=0x82000000
loadbootenv=fatload mmc ${mmcdev} ${loadaddr} ${bootenvfile}
loadbootscript=load mmc ${mmcdev} ${loadaddr} boot.scr
loadfdt=load ${devtype} ${bootpart} ${fdtaddr} ${bootdir}/${fdtfile}
loadfit=run args_fit; bootm ${loadaddr}#${fdtfile};
loadimage=load ${devtype} ${bootpart} ${loadaddr} ${bootdir}/${bootfile}
loadramdisk=load ${devtype} ${devnum} ${rdaddr} ramdisk.gz
mmcboot=mmc dev ${mmcdev}; setenv devnum ${mmcdev}; setenv devtype mmc; if mmc rescan; then echo SD/MMC found on device ${mmcdev};if run loadimage; then if test ${boot_fit} -eq 1; then run loadfit; else run mmcloados;fi;fi;fi;
mmcdev=0
mmcloados=run args_mmc; if test ${boot_fdt} = yes || test ${boot_fdt} = try; then if run loadfdt; then bootz ${loadaddr} - ${fdtaddr}; else if test ${boot_fdt} = try; then bootz; else echo WARN: Cannot load the DT; fi; fi; else bootz; fi;
mmcrootfstype=ext4 rootwait
mtdids=nand0=nand.0
mtdparts=mtdparts=nand.0:256k(NAND.SPL),256k(NAND.SPL.backup1),256k(NAND.SPL.backup2),256k(NAND.SPL.backup3),512k(NAND.u-boot-spl-os),1m(NAND.u-boot),256k(NAND.u-boot-env),256k(NAND.u-boot-env.backup1),7m(NAND.kernel),-(NAND.file-system)
nandargs=setenv bootargs console=${console} ${optargs} root=${nandroot} rootfstype=${nandrootfstype}
nandboot=echo Booting from nand ...; run nandargs; nand read ${fdtaddr} NAND.u-boot-spl-os; nand read ${loadaddr} NAND.kernel; bootz ${loadaddr} - ${fdtaddr}
nandroot=ubi0:rootfs rw ubi.mtd=NAND.file-system,4096
nandrootfstype=ubifs rootwait=1
netargs=setenv bootargs console=${console} ${optargs} root=/dev/nfs nfsroot=${serverip}:${rootpath},${nfsopts} rw ip=dhcp
netboot=echo Booting from network ...; setenv autoload no; dhcp; run netloadimage; run netloadfdt; run netargs; bootz ${loadaddr} - ${fdtaddr}
netloadfdt=tftp ${fdtaddr} ${fdtfile}
netloadimage=tftp ${loadaddr} ${bootfile}
netmask=255.255.255.0
nfsopts=nolock
partitions=uuid_disk=${uuid_gpt_disk};name=rootfs,start=2MiB,size=-,uuid=${uuid_gpt_rootfs}
pxefile_addr_r=0x80100000
ramargs=setenv bootargs console=${console} ${optargs} root=${ramroot} rootfstype=${ramrootfstype}
ramdisk_addr_r=0x88080000
ramroot=/dev/ram0 rw
ramrootfstype=ext2
rdaddr=0x88080000
rootpath=/export/rootfs
scriptaddr=0x80000000
serverip=192.168.0.1
soc=am33xx
static_ip=${ipaddr}:${serverip}:${gatewayip}:${netmask}:${hostname}::off
stderr=serial@44e09000
stdin=serial@44e09000
stdout=serial@44e09000
update_to_fit=setenv loadaddr ${fit_loadaddr}; setenv bootfile ${fit_bootfile}
usbargs=setenv bootargs console=${console} ${optargs} root=${usbroot} rootfstype=${usbrootfstype}
usbboot=setenv devnum ${usbdev}; setenv devtype usb; usb start ${usbdev}; if usb dev ${usbdev}; then if run loadbootenv; then echo Loaded environment from ${bootenv};run importbootenv;fi;if test -n $uenvcmd; then echo Running uenvcmd ...;run uenvcmd;fi;if run loadimage; then run loadfdt; echo Booting from usb ${usbdev}...; run usbargs;bootz ${loadaddr} - ${fdtaddr}; fi;fi
usbdev=0
usbroot=/dev/sda2 rw
usbrootfstype=ext4 rootwait
vendor=ti
ver=U-Boot 2016.05-00313-g89316b5 (Dec 19 2016 - 06:56:27 -0600)
Environment size: 5683/65532 bytes
- 03:01:40 [INFO] Host: setenv bootargs ''${bootargs}' root=PARTUUID=00000000-02 rw rootfstype=ext4 rootwait '
- 03:01:40 [INFO] Target: 
setenv bootargs ''${bootargs}' root=PARTUUID=00000000-02 rw rootfstype=ext4 rootwait '
- 03:01:40 [INFO] Host: printenv
- 03:01:40 [INFO] Target: 
printenv
_initramfs=-
arch=arm
args_fit=setenv bootargs console=${console} 
args_mmc=run finduuid;setenv bootargs console=${console} ${optargs} root=PARTUUID=${uuid} rw rootfstype=${mmcrootfstype}
autoload=no
baudrate=115200
board=am43xx
board_name=AM43__GP
board_rev=1.2A
board_serial=51134P380014
boot_fdt=try
boot_fit=0
bootargs=console=ttyO0,115200n8 earlyprintk=serial,ttyO0,115200n8 rootwait  ip=:::::eth0:dhcp  root=PARTUUID=00000000-02 rw rootfstype=ext4 rootwait 
bootcmd=
bootdelay=2
bootdir=/boot
bootenvfile=uEnv.txt
bootfile=zImage
bootm_size=0x10000000
bootpart=0:2
bootscript=echo Running bootscript from mmc${mmcdev} ...; source ${loadaddr}
console=ttyO0,115200n8
cpu=armv7
dfu_alt_info_emmc=MLO raw 0x100 0x100 mmcpart 0;u-boot.img raw 0x300 0x1000 mmcpart 0
dfu_alt_info_mmc=boot part 0 1;rootfs part 0 2;MLO fat 0 1;spl-os-args fat 0 1;spl-os-image fat 0 1;u-boot.img fat 0 1;uEnv.txt fat 0 1
dfu_alt_info_qspi=u-boot.bin raw 0x0 0x080000;u-boot.backup raw 0x080000 0x080000;u-boot-spl-os raw 0x100000 0x010000;u-boot-env raw 0x110000 0x010000;u-boot-env.backup raw 0x120000 0x010000;kernel raw 0x130000 0x800000
dfu_alt_info_ram=kernel ram 0x80200000 0x4000000;fdt ram 0x80f80000 0x80000;ramdisk ram 0x81000000 0x4000000
dfu_bufsiz=0x10000
dnsip=192.0.2.2
dnsip2=192.0.2.3
envboot=mmc dev ${mmcdev}; if mmc rescan; then echo SD/MMC found on device ${mmcdev};if run loadbootscript; then run bootscript;else if run loadbootenv; then echo Loaded env from ${bootenvfile};run importbootenv;fi;if test -n $uenvcmd; then echo Running uenvcmd ...;run uenvcmd;fi;fi;fi;
ethact=ethernet@4a100000
ethaddr=34:b1:f7:31:5c:b3
fdt_addr_r=0x88000000
fdtaddr=0x88000000
fdtcontroladdr=fef0ecf8
fdtfile=undefined
fileaddr=88000000
filesize=c0a0
findfdt=if test $board_name = AM43EPOS; then setenv fdtfile am43x-epos-evm.dtb; fi; if test $board_name = AM43__GP; then setenv fdtfile am437x-gp-evm.dtb; fi; if test $board_name = AM43XXHS; then setenv fdtfile am437x-gp-evm.dtb; fi; if test $board_name = AM43__SK; then setenv fdtfile am437x-sk-evm.dtb; fi; if test $board_name = AM43_IDK; then setenv fdtfile am437x-idk-evm.dtb; fi; if test $fdtfile = undefined; then echo WARNING: Could not determine device tree; fi; 
finduuid=part uuid mmc ${bootpart} uuid
fit_bootfile=fitImage.itb
fit_loadaddr=0x88000000
gatewayip=192.168.0.1
importbootenv=echo Importing environment from mmc${mmcdev} ...; env import -t ${loadaddr} ${filesize}
ipaddr=192.168.0.137
kernel_addr_r=0x82000000
loadaddr=0x82000000
loadbootenv=fatload mmc ${mmcdev} ${loadaddr} ${bootenvfile}
loadbootscript=load mmc ${mmcdev} ${loadaddr} boot.scr
loadfdt=load ${devtype} ${bootpart} ${fdtaddr} ${bootdir}/${fdtfile}
loadfit=run args_fit; bootm ${loadaddr}#${fdtfile};
loadimage=load ${devtype} ${bootpart} ${loadaddr} ${bootdir}/${bootfile}
loadramdisk=load ${devtype} ${devnum} ${rdaddr} ramdisk.gz
mmcboot=mmc dev ${mmcdev}; setenv devnum ${mmcdev}; setenv devtype mmc; if mmc rescan; then echo SD/MMC found on device ${mmcdev};if run loadimage; then if test ${boot_fit} -eq 1; then run loadfit; else run mmcloados;fi;fi;fi;
mmcdev=0
mmcloados=run args_mmc; if test ${boot_fdt} = yes || test ${boot_fdt} = try; then if run loadfdt; then bootz ${loadaddr} - ${fdtaddr}; else if test ${boot_fdt} = try; then bootz; else echo WARN: Cannot load the DT; fi; fi; else bootz; fi;
mmcrootfstype=ext4 rootwait
mtdids=nand0=nand.0
mtdparts=mtdparts=nand.0:256k(NAND.SPL),256k(NAND.SPL.backup1),256k(NAND.SPL.backup2),256k(NAND.SPL.backup3),512k(NAND.u-boot-spl-os),1m(NAND.u-boot),256k(NAND.u-boot-env),256k(NAND.u-boot-env.backup1),7m(NAND.kernel),-(NAND.file-system)
nandargs=setenv bootargs console=${console} ${optargs} root=${nandroot} rootfstype=${nandrootfstype}
nandboot=echo Booting from nand ...; run nandargs; nand read ${fdtaddr} NAND.u-boot-spl-os; nand read ${loadaddr} NAND.kernel; bootz ${loadaddr} - ${fdtaddr}
nandroot=ubi0:rootfs rw ubi.mtd=NAND.file-system,4096
nandrootfstype=ubifs rootwait=1
netargs=setenv bootargs console=${console} ${optargs} root=/dev/nfs nfsroot=${serverip}:${rootpath},${nfsopts} rw ip=dhcp
netboot=echo Booting from network ...; setenv autoload no; dhcp; run netloadimage; run netloadfdt; run netargs; bootz ${loadaddr} - ${fdtaddr}
netloadfdt=tftp ${fdtaddr} ${fdtfile}
netloadimage=tftp ${loadaddr} ${bootfile}
netmask=255.255.255.0
nfsopts=nolock
partitions=uuid_disk=${uuid_gpt_disk};name=rootfs,start=2MiB,size=-,uuid=${uuid_gpt_rootfs}
pxefile_addr_r=0x80100000
ramargs=setenv bootargs console=${console} ${optargs} root=${ramroot} rootfstype=${ramrootfstype}
ramdisk_addr_r=0x88080000
ramroot=/dev/ram0 rw
ramrootfstype=ext2
rdaddr=0x88080000
rootpath=/export/rootfs
scriptaddr=0x80000000
serverip=192.168.0.1
soc=am33xx
static_ip=${ipaddr}:${serverip}:${gatewayip}:${netmask}:${hostname}::off
stderr=serial@44e09000
stdin=serial@44e09000
stdout=serial@44e09000
update_to_fit=setenv loadaddr ${fit_loadaddr}; setenv bootfile ${fit_bootfile}
usbargs=setenv bootargs console=${console} ${optargs} root=${usbroot} rootfstype=${usbrootfstype}
usbboot=setenv devnum ${usbdev}; setenv devtype usb; usb start ${usbdev}; if usb dev ${usbdev}; then if run loadbootenv; then echo Loaded environment from ${bootenv};run importbootenv;fi;if test -n $uenvcmd; then echo Running uenvcmd ...;run uenvcmd;fi;if run loadimage; then run loadfdt; echo Booting from usb ${usbdev}...; run usbargs;bootz ${loadaddr} - ${fdtaddr}; fi;fi
usbdev=0
usbroot=/dev/sda2 rw
usbrootfstype=ext4 rootwait
vendor=ti
ver=U-Boot 2016.05-00313-g89316b5 (Dec 19 2016 - 06:56:27 -0600)
Environment size: 5738/65532 bytes
- 03:01:40 [INFO] Host: setenv bootcmd ''${bootcmd}' if iminfo ${loadaddr}; then bootm ${loadaddr} ${_initramfs} ${fdt_addr_r}; else bootz ${loadaddr} ${_initramfs} ${fdt_addr_r}; bootm ${loadaddr} ${_initramfs} ${fdt_addr_r}; fi'
- 03:01:40 [INFO] Target: 
setenv bootcmd ''${bootcmd}' if iminfo ${loadaddr}; then bootm ${loadaddr} ${_initramfs} ${fdt_addr_r}; else bootz ${loadaddr} ${_initramfs} ${fdt_addr_r}; bootm ${loadaddr} ${_initramfs} ${fdt_addr_r}; fi'
- 03:01:40 [INFO] Host: version
- 03:01:40 [INFO] Target: 
version
U-Boot 2016.05-00313-g89316b5 (Dec 19 2016 - 06:56:27 -0600)
arm-linux-gnueabihf-gcc (Linaro GCC 5.3-2016.02) 5.3.1 20160113
GNU ld (GNU Binutils) 2.25.0 Linaro 2015_10
- 03:01:40 [INFO] Host: bdinfo
- 03:01:41 [INFO] Target: 
bdinfo
arch_number = 0x00000000
boot_params = 0x80000100
DRAM bank   = 0x00000000
-> start    = 0x80000000
-> size     = 0x80000000
baudrate    = 115200 bps
TLB addr    = 0xFFFF0000
relocaddr   = 0xFFF2A000
reloc off   = 0x7F72A000
irq_sp      = 0xFEF0ECE0
sp start    = 0xFEF0ECD0
- 03:01:41 [INFO] Host: mmc rescan; echo $?
- 03:01:41 [INFO] Target: 
mmc rescan; echo $?
- 03:01:41 [INFO] Host: fatwrite mmc ${mmcdev}:1 ${loadaddr} ws-calibrate.rules 4
- 03:01:41 [INFO] Target: 
fatwrite mmc ${mmcdev}:1 ${loadaddr} ws-calibrate.rules 4
writing ws-calibrate.rules
4 bytes written
- 03:01:41 [INFO] Host: boot
- 03:02:02 [INFO] Target: 
boot
## Checking Image at 82000000 ...
Unknown image format!
Kernel image @ 0x82000000 [ 0x000000 - 0x6d6418 ]
## Flattened Device Tree blob at 88000000
   Booting using the fdt blob at 0x88000000
   Loading Device Tree to 8fff0000, end 8ffff09f ... OK
Starting kernel ...
[    0.000000] Booting Linux on physical CPU 0x0
[    0.000000] Linux version 4.9.0-next-20161221-00002-g789c0f86b766 (nmenon@horus) (gcc version 4.9.3 20150413 (prerelease) (Linaro GCC 4.9-2015.05) ) #3 SMP Wed Dec 21 01:54:56 CST 2016
[    0.000000] CPU: ARMv7 Processor [412fc09a] revision 10 (ARMv7), cr=10c5387d
[    0.000000] CPU: PIPT / VIPT nonaliasing data cache, VIPT aliasing instruction cache
[    0.000000] OF: fdt:Machine model: TI AM437x GP EVM
[    0.000000] efi: Getting EFI parameters from FDT:
[    0.000000] efi: UEFI not found.
[    0.000000] cma: Reserved 64 MiB at 0xfb800000
[    0.000000] Memory policy: Data cache writeback
[    0.000000] CPU: All CPU(s) started in SVC mode.
[    0.000000] AM437x ES1.1 (sgx neon)
[    0.000000] percpu: Embedded 14 pages/cpu @eefc2000 s26048 r8192 d23104 u57344
[    0.000000] Built 1 zonelists in Zone order, mobility grouping on.  Total pages: 522751
[    0.000000] Kernel command line: console=ttyO0,115200n8 earlyprintk=serial,ttyO0,115200n8 rootwait  ip=:::::eth0:dhcp  root=PARTUUID=00000000-02 rw rootfstype=ext4 rootwait 
[    0.000000] PID hash table entries: 4096 (order: 2, 16384 bytes)
[    0.000000] Dentry cache hash table entries: 131072 (order: 7, 524288 bytes)
[    0.000000] Inode-cache hash table entries: 65536 (order: 6, 262144 bytes)
[    0.000000] Memory: 1995116K/2097148K available (10240K kernel code, 1135K rwdata, 3944K rodata, 2048K init, 470K bss, 36496K reserved, 65536K cma-reserved, 1245180K highmem)
[    0.000000] Virtual kernel memory layout:
[    0.000000]     vector  : 0xffff0000 - 0xffff1000   (   4 kB)
[    0.000000]     fixmap  : 0xffc00000 - 0xfff00000   (3072 kB)
[    0.000000]     vmalloc : 0xf0800000 - 0xff800000   ( 240 MB)
[    0.000000]     lowmem  : 0xc0000000 - 0xf0000000   ( 768 MB)
[    0.000000]     pkmap   : 0xbfe00000 - 0xc0000000   (   2 MB)
[    0.000000]     modules : 0xbf000000 - 0xbfe00000   (  14 MB)
[    0.000000]       .text : 0xc0208000 - 0xc0d00000   (11232 kB)
[    0.000000]       .init : 0xc1200000 - 0xc1400000   (2048 kB)
[    0.000000]       .data : 0xc1400000 - 0xc151bdc0   (1136 kB)
[    0.000000]        .bss : 0xc151d000 - 0xc1592b70   ( 471 kB)
[    0.000000] SLUB: HWalign=64, Order=0-3, MinObjects=0, CPUs=1, Nodes=1
[    0.000000] Hierarchical RCU implementation.
[    0.000000] 	Build-time adjustment of leaf fanout to 32.
[    0.000000] 	RCU restricting CPUs from NR_CPUS=16 to nr_cpu_ids=1.
[    0.000000] RCU: Adjusting geometry for rcu_fanout_leaf=32, nr_cpu_ids=1
[    0.000000] NR_IRQS:16 nr_irqs:16 16
[    0.000000] L2C: platform modifies aux control register: 0x0e030000 -> 0x3e430000
[    0.000000] L2C: DT/platform modifies aux control register: 0x0e030000 -> 0x3e430000
[    0.000000] L2C-310 erratum 769419 enabled
[    0.000000] L2C-310 enabling early BRESP for Cortex-A9
[    0.000000] OMAP L2C310: ROM does not support power control setting
[    0.000000] L2C-310 dynamic clock gating disabled, standby mode disabled
[    0.000000] L2C-310 cache controller enabled, 16 ways, 256 kB
[    0.000000] L2C-310: CACHE_ID 0x410000c9, AUX_CTRL 0x4e430000
[    0.000000] OMAP clockevent source: timer1 at 32786 Hz
[    0.000011] sched_clock: 64 bits at 500MHz, resolution 2ns, wraps every 4398046511103ns
[    0.000030] clocksource: arm_global_timer: mask: 0xffffffffffffffff max_cycles: 0xe6a171a037, max_idle_ns: 881590485102 ns
[    0.000052] Switching to timer-based delay loop, resolution 2ns
[    0.002785] clocksource: 32k_counter: mask: 0xffffffff max_cycles: 0xffffffff, max_idle_ns: 58327039986419 ns
[    0.002794] OMAP clocksource: 32k_counter at 32768 Hz
[    0.004610] Console: colour dummy device 80x30
[    0.004645] Calibrating delay loop (skipped), value calculated using timer frequency.. 1000.00 BogoMIPS (lpj=5000000)
[    0.004659] pid_max: default: 32768 minimum: 301
[    0.004768] Mount-cache hash table entries: 2048 (order: 1, 8192 bytes)
[    0.004779] Mountpoint-cache hash table entries: 2048 (order: 1, 8192 bytes)
[    0.005402] CPU: Testing write buffer coherency: ok
[    0.005729] CPU0: thread -1, cpu 0, socket 0, mpidr 80000000
[    0.005990] Setting up static identity map for 0x80300000 - 0x80300098
[    0.010128] EFI services will not be available.
[    0.010414] smp: Bringing up secondary CPUs ...
[    0.010426] smp: Brought up 1 node, 1 CPU
[    0.010434] SMP: Total of 1 processors activated (1000.00 BogoMIPS).
[    0.010442] CPU: All CPU(s) started in SVC mode.
[    0.011307] devtmpfs: initialized
[    0.021145] VFP support v0.3: implementor 41 architecture 3 part 30 variant 9 rev 4
[    0.021830] clocksource: jiffies: mask: 0xffffffff max_cycles: 0xffffffff, max_idle_ns: 19112604462750000 ns
[    0.025217] pinctrl core: initialized pinctrl subsystem
[    0.027575] NET: Registered protocol family 16
[    0.029473] DMA: preallocated 256 KiB pool for atomic coherent allocations
[    0.104831] cpuidle: using governor menu
[    0.112378] omap_gpio 44e07000.gpio: could not find pctldev for node /ocp@44000000/l4_wkup@44c00000/scm@210000/pinmux@800/gpio0_pins, deferring probe
[    0.114060] OMAP GPIO hardware version 0.1
[    0.118231] omap_gpio 48322000.gpio: could not find pctldev for node /ocp@44000000/l4_wkup@44c00000/scm@210000/pinmux@800/display_mux_pins, deferring probe
[    0.122668] omap-gpmc 50000000.gpmc: could not find pctldev for node /ocp@44000000/l4_wkup@44c00000/scm@210000/pinmux@800/nand_flash_x8, deferring probe
[    0.127603] No ATAGs?
[    0.127733] hw-breakpoint: found 5 (+1 reserved) breakpoint and 1 watchpoint registers.
[    0.127749] hw-breakpoint: maximum watchpoint size is 4 bytes.
[    0.128496] omap4_sram_init:Unable to allocate sram needed to handle errata I688
[    0.128507] omap4_sram_init:Unable to get sram pool needed to handle errata I688
[    0.132415] Serial: AMBA PL011 UART driver
[    0.149456] edma 49000000.edma: TI EDMA DMA engine driver
[    0.153951] vgaarb: loaded
[    0.154826] SCSI subsystem initialized
[    0.155340] usbcore: registered new interface driver usbfs
[    0.155398] usbcore: registered new interface driver hub
[    0.155449] usbcore: registered new device driver usb
[    0.156069] omap_i2c 44e0b000.i2c: could not find pctldev for node /ocp@44000000/l4_wkup@44c00000/scm@210000/pinmux@800/i2c0_pins, deferring probe
[    0.156120] omap_i2c 4802a000.i2c: could not find pctldev for node /ocp@44000000/l4_wkup@44c00000/scm@210000/pinmux@800/i2c1_pins, deferring probe
[    0.156859] pps_core: LinuxPPS API ver. 1 registered
[    0.156867] pps_core: Software ver. 5.3.6 - Copyright 2005-2007 Rodolfo Giometti <giometti@linux.it>
[    0.156887] PTP clock support registered
[    0.157058] EDAC MC: Ver: 3.0.0
[    0.159669] clocksource: Switched to clocksource arm_global_timer
[    0.167959] NET: Registered protocol family 2
[    0.168523] TCP established hash table entries: 8192 (order: 3, 32768 bytes)
[    0.168597] TCP bind hash table entries: 8192 (order: 4, 65536 bytes)
[    0.168702] TCP: Hash tables configured (established 8192 bind 8192)
[    0.168841] UDP hash table entries: 512 (order: 2, 16384 bytes)
[    0.168892] UDP-Lite hash table entries: 512 (order: 2, 16384 bytes)
[    0.169068] NET: Registered protocol family 1
[    0.169472] RPC: Registered named UNIX socket transport module.
[    0.169485] RPC: Registered udp transport module.
[    0.169490] RPC: Registered tcp transport module.
[    0.169495] RPC: Registered tcp NFSv4.1 backchannel transport module.
[    0.171883] futex hash table entries: 256 (order: 2, 16384 bytes)
[    0.172518] workingset: timestamp_bits=30 max_order=19 bucket_order=0
[    0.179539] squashfs: version 4.0 (2009/01/31) Phillip Lougher
[    0.180380] NFS: Registering the id_resolver key type
[    0.180413] Key type id_resolver registered
[    0.180418] Key type id_legacy registered
[    0.180455] ntfs: driver 2.1.32 [Flags: R/O].
[    0.181932] bounce: pool size: 64 pages
[    0.182138] Block layer SCSI generic (bsg) driver version 0.4 loaded (major 248)
[    0.182150] io scheduler noop registered
[    0.182156] io scheduler deadline registered
[    0.182300] io scheduler cfq registered (default)
[    0.189037] pinctrl-single 44e10800.pinmux: 199 pins at pa f9e10800 size 796
[    0.196500] backlight supply power not found, using dummy regulator
[    0.250251] Serial: 8250/16550 driver, 4 ports, IRQ sharing disabled
[    0.252992] SuperH (H)SCI(F) driver initialized
[    0.253891] msm_serial: driver initialized
[    0.254083] omap_uart 44e09000.serial: no wakeirq for uart0
[    0.254101] omap_uart 44e09000.serial: No clock speed specified: using default: 48000000
[    0.254225] 44e09000.serial: ttyO0 at MMIO 0x44e09000 (irq = 29, base_baud = 3000000) is a OMAP UART0
[    1.065299] console [ttyO0] enabled
[    1.069473] omap_uart 481a6000.serial: no wakeirq for uart3
[    1.075389] omap_uart 481a6000.serial: No clock speed specified: using default: 48000000
[    1.084006] 481a6000.serial: ttyO3 at MMIO 0x481a6000 (irq = 30, base_baud = 3000000) is a OMAP UART3
[    1.094163] STMicroelectronics ASC driver initialized
[    1.101631] omap_rng 48310000.rng: Random Number Generator ver. 20
[    1.109526] [drm] Initialized
[    1.128418] brd: module loaded
[    1.137788] loop: module loaded
[    1.148720] libphy: Fixed MDIO Bus: probed
[    1.154096] CAN device driver interface
[    1.159011] bgmac_bcma: Broadcom 47xx GBit MAC driver loaded
[    1.166076] e1000e: Intel(R) PRO/1000 Network Driver - 3.2.6-k
[    1.172244] e1000e: Copyright(c) 1999 - 2015 Intel Corporation.
[    1.178534] igb: Intel(R) Gigabit Ethernet Network Driver - version 5.4.0-k
[    1.185874] igb: Copyright (c) 2007-2014 Intel Corporation.
[    1.269687] davinci_mdio 4a101000.mdio: davinci mdio revision 1.6
[    1.276118] davinci_mdio 4a101000.mdio: detected phy mask fffffffe
[    1.283480] libphy: 4a101000.mdio: probed
[    1.287720] davinci_mdio 4a101000.mdio: phy[0]: device 4a101000.mdio:00, driver Micrel KSZ9031 Gigabit PHY
[    1.299895] cpsw 4a100000.ethernet: Detected MACID = 34:b1:f7:31:5c:b3
[    1.308466] pegasus: v0.9.3 (2013/04/25), Pegasus/Pegasus II USB Ethernet driver
[    1.316413] usbcore: registered new interface driver pegasus
[    1.322441] usbcore: registered new interface driver asix
[    1.328159] usbcore: registered new interface driver ax88179_178a
[    1.334639] usbcore: registered new interface driver cdc_ether
[    1.340843] usbcore: registered new interface driver smsc75xx
[    1.346933] usbcore: registered new interface driver smsc95xx
[    1.353026] usbcore: registered new interface driver net1080
[    1.359014] usbcore: registered new interface driver cdc_subset
[    1.365289] usbcore: registered new interface driver zaurus
[    1.371219] usbcore: registered new interface driver cdc_ncm
[    1.387991] ehci_hcd: USB 2.0 'Enhanced' Host Controller (EHCI) Driver
[    1.395007] ehci-pci: EHCI PCI platform driver
[    1.399774] ehci-platform: EHCI generic platform driver
[    1.405570] ehci-orion: EHCI orion driver
[    1.409980] SPEAr-ehci: EHCI SPEAr driver
[    1.414334] ehci-st: EHCI STMicroelectronics driver
[    1.419588] ehci-exynos: EHCI EXYNOS driver
[    1.424160] ehci-atmel: EHCI Atmel driver
[    1.428494] tegra-ehci: Tegra EHCI driver
[    1.432875] ohci_hcd: USB 1.1 'Open' Host Controller (OHCI) Driver
[    1.439401] ohci-pci: OHCI PCI platform driver
[    1.444161] ohci-platform: OHCI generic platform driver
[    1.449859] ohci-omap3: OHCI OMAP3 driver
[    1.454216] SPEAr-ohci: OHCI SPEAr driver
[    1.458557] ohci-st: OHCI STMicroelectronics driver
[    1.463835] ohci-atmel: OHCI Atmel driver
[    1.468569] ------------[ cut here ]------------
[    1.473481] WARNING: CPU: 0 PID: 1 at drivers/usb/host/xhci-plat.c:168 xhci_plat_probe+0x198/0x46c
[    1.482925] Modules linked in:
[    1.486148] CPU: 0 PID: 1 Comm: swapper/0 Not tainted 4.9.0-next-20161221-00002-g789c0f86b766 #3
[    1.495396] Hardware name: Generic AM43 (Flattened Device Tree)
[    1.501656] [<c03105c0>] (unwind_backtrace) from [<c030bc0c>] (show_stack+0x10/0x14)
[    1.509825] [<c030bc0c>] (show_stack) from [<c05a035c>] (dump_stack+0x98/0xac)
[    1.517440] [<c05a035c>] (dump_stack) from [<c0341c58>] (__warn+0xe8/0x100)
[    1.524772] [<c0341c58>] (__warn) from [<c0341d20>] (warn_slowpath_null+0x20/0x28)
[    1.532746] [<c0341d20>] (warn_slowpath_null) from [<c09db4dc>] (xhci_plat_probe+0x198/0x46c)
[    1.541739] [<c09db4dc>] (xhci_plat_probe) from [<c07efb00>] (platform_drv_probe+0x4c/0xb0)
[    1.550537] [<c07efb00>] (platform_drv_probe) from [<c07ee1b0>] (driver_probe_device+0x238/0x2d8)
[    1.559882] [<c07ee1b0>] (driver_probe_device) from [<c07ee2fc>] (__driver_attach+0xac/0xb0)
[    1.568766] [<c07ee2fc>] (__driver_attach) from [<c07ec50c>] (bus_for_each_dev+0x68/0x9c)
[    1.577378] [<c07ec50c>] (bus_for_each_dev) from [<c07ed78c>] (bus_add_driver+0x1a0/0x218)
[    1.586082] [<c07ed78c>] (bus_add_driver) from [<c07eeb94>] (driver_register+0x78/0xf8)
[    1.594516] [<c07eeb94>] (driver_register) from [<c0301e90>] (do_one_initcall+0x40/0x174)
[    1.603140] [<c0301e90>] (do_one_initcall) from [<c1200dd0>] (kernel_init_freeable+0x160/0x200)
[    1.612315] [<c1200dd0>] (kernel_init_freeable) from [<c0c0651c>] (kernel_init+0x8/0x114)
[    1.620934] [<c0c0651c>] (kernel_init) from [<c0307eb8>] (ret_from_fork+0x14/0x3c)
[    1.628938] ---[ end trace dc349a03f5d8d5d0 ]---
[    1.633890] xhci-hcd xhci-hcd.0.auto: xHCI Host Controller
[    1.639718] xhci-hcd xhci-hcd.0.auto: new USB bus registered, assigned bus number 1
[    1.648367] xhci-hcd xhci-hcd.0.auto: hcc params 0x0238f06d hci version 0x100 quirks 0x00010010
[    1.657652] xhci-hcd xhci-hcd.0.auto: irq 192, io mem 0x483d0000
[    1.664817] hub 1-0:1.0: USB hub found
[    1.668810] hub 1-0:1.0: 1 port detected
[    1.673353] xhci-hcd xhci-hcd.0.auto: xHCI Host Controller
[    1.679146] xhci-hcd xhci-hcd.0.auto: new USB bus registered, assigned bus number 2
[    1.687359] usb usb2: We don't know the algorithms for LPM for this host, disabling LPM.
[    1.696623] hub 2-0:1.0: USB hub found
[    1.700663] hub 2-0:1.0: 1 port detected
[    1.705724] usbcore: registered new interface driver usb-storage
[    1.713729] mousedev: PS/2 mouse device common for all mice
[    1.722498] i2c /dev entries driver
[    1.736508] sdhci: Secure Digital Host Controller Interface driver
[    1.743079] sdhci: Copyright(c) Pierre Ossman
[    1.800771] Synopsys Designware Multimedia Card Interface Driver
[    1.808132] sdhci-pltfm: SDHCI platform and OF driver helper
[    1.816492] ledtrig-cpu: registered to indicate activity on CPUs
[    1.823437] usbcore: registered new interface driver usbhid
[    1.829306] usbhid: USB HID core driver
[    1.836931] NET: Registered protocol family 10
[    1.842858] Segment Routing with IPv6
[    1.846773] sit: IPv6, IPv4 and MPLS over IPv4 tunneling driver
[    1.853729] NET: Registered protocol family 17
[    1.858426] can: controller area network core (rev 20120528 abi 9)
[    1.865048] NET: Registered protocol family 29
[    1.869748] can: raw protocol (rev 20120528)
[    1.874241] can: broadcast manager protocol (rev 20161123 t)
[    1.880212] can: netlink gateway (rev 20130117) max_hops=1
[    1.886567] Key type dns_resolver registered
[    1.891351] omap_voltage_late_init: Voltage driver support not added
[    1.898192] ThumbEE CPU extension supported.
[    1.902726] Registering SWP/SWPB emulation handler
[    1.917651] GPIO line 119 (SelEMMCorNAND) hogged as output/low
[    1.925783] GPIO line 136 (SelLCDorHDMI) hogged as output/high
[    1.933692] omap-gpmc 50000000.gpmc: GPMC revision 6.0
[    1.939120] gpmc_mem_init: disabling cs 0 mapped at 0x0-0x1000000
[    1.996988] omap_i2c 44e0b000.i2c: bus 0 rev0.12 at 100 kHz
[    2.004950] omap_i2c 4802a000.i2c: bus 1 rev0.12 at 100 kHz
[    2.011710] backlight supply power not found, using dummy regulator
[    2.021605] omap_hsmmc 48060000.mmc: Got CD GPIO
[    2.049916] usb 1-1: new high-speed USB device number 2 using xhci-hcd
[    2.080749] backlight supply power not found, using dummy regulator
[    2.089553] hctosys: unable to open rtc device (rtc0)
[    2.109145] net eth0: initializing cpsw version 1.15 (0)
[    2.212292] Micrel KSZ9031 Gigabit PHY 4a101000.mdio:00: attached PHY driver [Micrel KSZ9031 Gigabit PHY] (mii_bus:phy_addr=4a101000.mdio:00, irq=-1)
[    2.230559] IPv6: ADDRCONF(NETDEV_UP): eth0: link is not ready
[    2.247875] mmc1: host does not support reading read-only switch, assuming write-enable
[    2.261809] mmc1: new high speed SDHC card at address aaaa
[    2.268428] hub 1-1:1.0: USB hub found
[    2.272568] mmcblk1: mmc1:aaaa SU08G 7.40 GiB 
[    2.277615] hub 1-1:1.0: 4 ports detected
[    2.285136]  mmcblk1: p1 p2 p3
[    2.290214] backlight supply power not found, using dummy regulator
[    2.299897] backlight supply power not found, using dummy regulator
[    2.619681] usb 1-1.1: new high-speed USB device number 3 using xhci-hcd
[    2.775627] hub 1-1.1:1.0: USB hub found
[    2.779941] hub 1-1.1:1.0: 4 ports detected
[    2.792939] backlight supply power not found, using dummy regulator
[    2.909682] usb 1-1.3: new full-speed USB device number 4 using xhci-hcd
[    3.096697] random: fast init done
[    3.104352] input: Logitech Logitech USB Headset as /devices/platform/44000000.ocp/483c0000.omap_dwc3/483d0000.usb/xhci-hcd.0.auto/usb1/1-1/1-1.3/1-1.3:1.3/0003:046D:0A44.0001/input/input0
[    3.169682] usb 1-1.1.1: new high-speed USB device number 5 using xhci-hcd
[    3.189943] hid-generic 0003:046D:0A44.0001: input: USB HID v1.00 Device [Logitech Logitech USB Headset] on usb-xhci-hcd.0.auto-1.3/input3
[    3.204128] backlight supply power not found, using dummy regulator
[    3.331493] usb-storage 1-1.1.1:1.0: USB Mass Storage device detected
[    3.338608] scsi host0: usb-storage 1-1.1.1:1.0
[    3.344885] backlight supply power not found, using dummy regulator
[    3.459687] usb 1-1.1.2: new high-speed USB device number 6 using xhci-hcd
[    3.769497] usb-storage 1-1.1.2:1.0: USB Mass Storage device detected
[    3.776646] scsi host1: usb-storage 1-1.1.2:1.0
[    3.782893] backlight supply power not found, using dummy regulator
[    3.899678] usb 1-1.1.3: new high-speed USB device number 7 using xhci-hcd
[    4.281115] backlight supply power not found, using dummy regulator
[    4.410412] scsi 0:0:0:0: Direct-Access     SanDisk  Extreme          0001 PQ: 0 ANSI: 6
[    4.420852] backlight supply power not found, using dummy regulator
[    4.580607] sd 0:0:0:0: [sda] 30651688 512-byte logical blocks: (15.7 GB/14.6 GiB)
[    4.588869] sd 0:0:0:0: [sda] Write Protect is off
[    4.594269] sd 0:0:0:0: [sda] Write cache: disabled, read cache: enabled, doesn't support DPO or FUA
[    4.616652]  sda: sda1
[    4.620963] sd 0:0:0:0: [sda] Attached SCSI removable disk
[    4.810666] scsi 1:0:0:0: Direct-Access     PNY      USB 3.0 FD       PMAP PQ: 0 ANSI: 6
[    4.821042] backlight supply power not found, using dummy regulator
[    5.370792] cpsw 4a100000.ethernet eth0: Link is Up - 1Gbps/Full - flow control rx/tx
[    5.379723] IPv6: ADDRCONF(NETDEV_CHANGE): eth0: link becomes ready
[    5.409758] Sending DHCP requests .
[    5.424138] sd 1:0:0:0: [sdb] 30965760 512-byte logical blocks: (15.9 GB/14.8 GiB)
[    5.435862] ,
[    5.437129] sd 1:0:0:0: [sdb] Write Protect is off
[    5.445118] sd 1:0:0:0: [sdb] No Caching mode page found
[    5.450769] sd 1:0:0:0: [sdb] Assuming drive cache: write through
[    5.457472]  OK
[    5.459326] IP-Config: Got DHCP answer from 192.168.0.1, my address is 192.168.0.137
[    5.467512] IP-Config: Complete:
[    5.470922]      device=eth0, hwaddr=34:b1:f7:31:5c:b3, ipaddr=192.168.0.137, mask=255.255.255.0, gw=192.168.0.1
[    5.481655]      host=192.168.0.137, domain=ti.com, nis-domain=(none)
[    5.488437]      bootserver=0.0.0.0, rootserver=0.0.0.0, rootpath=     nameserver0=192.0.2.2, nameserver1=192.0.2.3
[    5.499811] vmmcwl_fixed: disabling
[    5.509013]  sdb: sdb1
[    5.515372] sd 1:0:0:0: [sdb] Attached SCSI removable disk
[    5.542225] EXT4-fs (mmcblk1p2): mounted filesystem with ordered data mode. Opts: (null)
[    5.550871] VFS: Mounted root (ext4 filesystem) on device 179:2.
[    5.566781] devtmpfs: mounted
[    5.573610] Freeing unused kernel memory: 2048K
INIT: version 2.88 booting
Error opening /dev/fb0: No such file or directory
Starting udev
[    6.220841] udevd[119]: starting version 182
[    9.847342] FAT-fs (mmcblk1p1): Volume was not properly unmounted. Some data may be corrupt. Please run fsck.
[    9.944028] FAT-fs (sdb1): Volume was not properly unmounted. Some data may be corrupt. Please run fsck.
[    9.972709] FAT-fs (mmcblk1p3): Volume was not properly unmounted. Some data may be corrupt. Please run fsck.
[   10.033944] FAT-fs (sda1): Volume was not properly unmounted. Some data may be corrupt. Please run fsck.
Starting Bootlog daemon: bootlogd.
[   11.116690] EXT4-fs (mmcblk1p2): re-mounted. Opts: data=ordered
ALSA: Restoring mixer settings...
/usr/sbin/alsactl: load_state:1696: No soundcards found...
Configuring network interfaces... udhcpc (v1.20.2) started
Sending discover...
[   12.650666] cpsw 4a100000.ethernet eth0: Link is Down
[   14.730810] cpsw 4a100000.ethernet eth0: Link is Up - 1Gbps/Full - flow control rx/tx
Sending discover...
Sending select for 192.168.0.77...
Lease of 192.168.0.77 obtained, lease time 7200
/etc/udhcpc.d/50default: Adding DNS 192.0.2.2
/etc/udhcpc.d/50default: Adding DNS 192.0.2.3
done.
hwclock: can't open '/dev/misc/rtc': No such file or directory
Mon Mar 10 12:01:00 UTC 2014
hwclock: can't open '/dev/misc/rtc': No such file or directory
INIT: Entering runlevel: 5
Starting system message bus: dbus.
Starting Dropbear SSH server: dropbear.
Starting telnet daemon.
hwclock: can't open '/dev/misc/rtc': No such file or directory
Starting syslogd/klogd: done
Starting thttpd.
Starting Lighttpd Web Server: lighttpd.
2014-03-10 12:01:00: (log.c.166) server started 
Starting Matrix GUI application.
[   18.907748] random: crng init done
***************************************************************
***************************************************************
NOTICE: This file system contains the followin GPLv3 packages:
	binutils-symlinks
	binutils
	gdbserver
If you do not wish to distribute GPLv3 components please remove
the above packages prior to distribution.  This can be done using
the opkg remove command.  i.e.:
    opkg remove <package>
Where <package> is the name printed in the list above
NOTE: If the package is a dependency of another package you
      will be notified of the dependent packages.  You should
      use the --force-removal-of-dependent-packages option to
      also remove the dependent packages as well
***************************************************************
***************************************************************
Stopping Bootlog daemon: bootlogd.
 _____                    _____           _         _   
|  _  |___ ___ ___ ___   |  _  |___ ___  |_|___ ___| |_ 
|     |  _| .'| . | . |  |   __|  _| . | | | -_|  _|  _|
|__|__|_| |__,|_  |___|  |__|  |_| |___|_| |___|___|_|  
              |___|                    |___|            
Arago Project http://arago-project.org am437x-evm ttyO0
Arago 2013.12 am437x-evm ttyO0
am437x-evm login: 
- 03:02:02 [INFO] Host: root
- 03:02:02 [INFO] Target: 
root
root@am437x-evm:~# 
- 03:02:02 [INFO] Sleeping 15 secs to allow systemd to finish starting processes...
- 03:02:17 [INFO] Disconnected serial from am43xx-gpevm
- 03:02:17 [INFO] Connected to am43xx-gpevm via serial 
- 03:02:17 [INFO] Host: uname -a
- 03:02:17 [INFO] Target: 
uname -a
Linux am437x-evm 4.9.0-next-20161221-00002-g789c0f86b766 #3 SMP Wed Dec 21 01:54:56 CST 2016 armv7l GNU/Linux
root@am437x-evm:~# 
- 03:02:17 [INFO] Host: cat /proc/cmdline
- 03:02:18 [INFO] Target: 
cat /proc/cmdline
console=ttyO0,115200n8 earlyprintk=serial,ttyO0,115200n8 rootwait  ip=:::::eth0:dhcp  root=PARTUUID=00000000-02 rw rootfstype=ext4 rootwait 
root@am437x-evm:~# 
- 03:02:18 [INFO] Host: uname -a
- 03:02:18 [INFO] Target: 
uname -a
Linux am437x-evm 4.9.0-next-20161221-00002-g789c0f86b766 #3 SMP Wed Dec 21 01:54:56 CST 2016 armv7l GNU/Linux
root@am437x-evm:~# 
- 03:02:18 [INFO] Host: cat /proc/mtd
- 03:02:18 [INFO] Target: 
cat /proc/mtd
dev:    size   erasesize  name
root@am437x-evm:~# 
- 03:02:18 [INFO] Host: cat /proc/diskstats
- 03:02:18 [INFO] Target: 
cat /proc/diskstats
   1       0 ram0 0 0 0 0 0 0 0 0 0 0 0
   1       1 ram1 0 0 0 0 0 0 0 0 0 0 0
   1       2 ram2 0 0 0 0 0 0 0 0 0 0 0
   1       3 ram3 0 0 0 0 0 0 0 0 0 0 0
   1       4 ram4 0 0 0 0 0 0 0 0 0 0 0
   1       5 ram5 0 0 0 0 0 0 0 0 0 0 0
   1       6 ram6 0 0 0 0 0 0 0 0 0 0 0
   1       7 ram7 0 0 0 0 0 0 0 0 0 0 0
   1       8 ram8 0 0 0 0 0 0 0 0 0 0 0
   1       9 ram9 0 0 0 0 0 0 0 0 0 0 0
   1      10 ram10 0 0 0 0 0 0 0 0 0 0 0
   1      11 ram11 0 0 0 0 0 0 0 0 0 0 0
   1      12 ram12 0 0 0 0 0 0 0 0 0 0 0
   1      13 ram13 0 0 0 0 0 0 0 0 0 0 0
   1      14 ram14 0 0 0 0 0 0 0 0 0 0 0
   1      15 ram15 0 0 0 0 0 0 0 0 0 0 0
   7       0 loop0 0 0 0 0 0 0 0 0 0 0 0
   7       1 loop1 0 0 0 0 0 0 0 0 0 0 0
   7       2 loop2 0 0 0 0 0 0 0 0 0 0 0
   7       3 loop3 0 0 0 0 0 0 0 0 0 0 0
   7       4 loop4 0 0 0 0 0 0 0 0 0 0 0
   7       5 loop5 0 0 0 0 0 0 0 0 0 0 0
   7       6 loop6 0 0 0 0 0 0 0 0 0 0 0
   7       7 loop7 0 0 0 0 0 0 0 0 0 0 0
 179       0 mmcblk1 1852 662 68582 6370 61 104 1320 2460 0 3560 8800
 179       1 mmcblk1p1 162 0 1223 300 0 0 0 0 0 300 300
 179       2 mmcblk1p2 1587 655 66560 5840 61 104 1320 2460 0 3420 8270
 179       3 mmcblk1p3 89 7 687 230 0 0 0 0 0 230 230
   8       0 sda 175 13 1385 200 0 0 0 0 0 200 200
   8       1 sda1 169 13 1337 190 0 0 0 0 0 190 190
   8      16 sdb 175 29 1393 260 0 0 0 0 0 260 260
   8      17 sdb1 97 29 769 220 0 0 0 0 0 220 220
root@am437x-evm:~# 
- 03:02:18 [INFO] Host: cat /proc/interrupts
- 03:02:18 [INFO] Target: 
cat /proc/interrupts
           CPU0       
 16:          0     WUGEN  67 Level     gp_timer
 17:          0     GIC-0  27 Edge      gt
 18:       1972     GIC-0  29 Edge      twd
 19:          0     WUGEN   9 Level     l3-dbg-irq
 20:          0     WUGEN  10 Level     l3-app-irq
 23:       1942     WUGEN  12 Level     49000000.edma_ccint
 25:          0     WUGEN  14 Level     49000000.edma_ccerrint
 29:        605     WUGEN  72 Level     OMAP UART0
 36:          0     WUGEN  96 Level     44e07000.gpio
 37:          0     WUGEN  98 Level     4804c000.gpio
 70:          0     WUGEN  62 Level     481ae000.gpio
103:          0     WUGEN 106 Level     48320000.gpio
136:          0     WUGEN 148 Level     48322000.gpio
137:        100     WUGEN  70 Level     44e0b000.i2c
138:          0     WUGEN  71 Level     4802a000.i2c
139:       5887     WUGEN  64 Level     mmc1
140:         13     WUGEN  29 Level     mmc0
142:         26     WUGEN  41 Level     4a100000.ethernet
143:         13     WUGEN  42 Level     4a100000.ethernet
149:          0     WUGEN 111 Level     48310000.rng
151:          0     WUGEN 100 Level     gpmc
152:          1     WUGEN 172 Level     dwc3-omap
153:          1     WUGEN 178 Level     dwc3-omap
168:          0      PRCM Edge      pinctrl
192:       1468     WUGEN 174 Level     xhci-hcd:usb1
199:          0  44e07000.gpio   6 Edge      48060000.mmc cd
259:          0     WUGEN   7 Edge      tps65218
IPI0:          0  CPU wakeup interrupts
IPI1:          0  Timer broadcast interrupts
IPI2:          0  Rescheduling interrupts
IPI3:          0  Function call interrupts
IPI4:          0  CPU stop interrupts
IPI5:          0  IRQ work interrupts
IPI6:          0  completion interrupts
Err:          0
root@am437x-evm:~# 
- 03:02:18 [INFO] Host: cat /proc/softirqs
- 03:02:18 [INFO] Target: 
cat /proc/softirqs
                    CPU0       
          HI:          1
       TIMER:       1903
      NET_TX:          7
      NET_RX:         26
       BLOCK:        449
    IRQ_POLL:          0
     TASKLET:       1959
       SCHED:          0
     HRTIMER:          0
         RCU:      12484
root@am437x-evm:~# 
- 03:02:24 [INFO] Host: export IPERFHOST=192.168.0.1
- 03:02:24 [INFO] Target: 
export IPERFHOST=192.168.0.1
root@am437x-evm:~# 
- 03:02:24 [INFO] Host: export NFS_SERVER=192.168.0.1
- 03:02:24 [INFO] Target: 
export NFS_SERVER=192.168.0.1
root@am437x-evm:~# 
- 03:02:24 [INFO] Host: export NFS_ROOT_PATH=/home/tigtfarm04/NFS_exports/linux/am43xx-gpevm1
- 03:02:24 [INFO] Target: 
export NFS_ROOT_PATH=/home/tigtfarm04/NFS_exports/linux/am43x 
x-gpevm1
root@am437x-evm:~# 
- 03:02:24 [INFO] Host: export AP_SSID=
- 03:02:24 [INFO] Target: 
export AP_SSID=
root@am437x-evm:~# 
- 03:02:24 [INFO] Host: mkdir -p -m 777 /test
- 03:02:24 [INFO] Target: 
mkdir -p -m 777 /test
root@am437x-evm:~# 
- 03:02:24 [INFO] Host: cd /test
- 03:02:24 [INFO] Target: 
cd /test
root@am437x-evm:/test# 
- 03:02:24 [INFO] Host: cat > test.sh << EOF
- 03:02:24 [INFO] Target: 
cat > test.sh << EOF
- 03:02:24 [INFO] Host: failtest() {
- 03:02:25 [INFO] Target: 
failtest() {
- 03:02:25 [INFO] Host:   echo 1 >&3
- 03:02:25 [INFO] Target: 
  echo 1 >&3
- 03:02:25 [INFO] Host: }
- 03:02:25 [INFO] Target: 
- 03:02:25 [INFO] Host: timeout=600
- 03:02:25 [INFO] Target: 
timeout=600
- 03:02:25 [INFO] Host: 
- 03:02:25 [INFO] Target: 
- 03:02:25 [INFO] Host: # Start of user's script logic
- 03:02:25 [INFO] Target: 
# Start of user's script logic
- 03:02:25 [INFO] Host: mount -t proc proc /proc 2>/dev/null;
- 03:02:25 [INFO] Target: 
mount -t proc proc /proc 2>/dev/null;
- 03:02:25 [INFO] Host: 
- 03:02:25 [INFO] Target: 
- 03:02:25 [INFO] Host: mount -t sysfs sys /sys 2>/dev/null;
- 03:02:25 [INFO] Target: 
mount -t sysfs sys /sys 2>/dev/null;
- 03:02:25 [INFO] Host: 
- 03:02:25 [INFO] Target: 
- 03:02:25 [INFO] Host: mount -t debugfs none /sys/kernel/debug 2>/dev/null;
- 03:02:26 [INFO] Target: 
mount -t debugfs none /sys/kernel/debug 2>/dev/null;
- 03:02:26 [INFO] Host: 
- 03:02:26 [INFO] Target: 
- 03:02:26 [INFO] Host: echo 'cpuinfo:';cat /proc/cpuinfo; echo '=======';
- 03:02:26 [INFO] Target: 
echo 'cpuinfo:';cat /proc/cpuinfo; echo '=======';
- 03:02:26 [INFO] Host: 
- 03:02:26 [INFO] Target: 
- 03:02:26 [INFO] Host: echo 'soc info:';head /sys/devices/soc0/* 2>/dev/null; echo '=======';
- 03:02:26 [INFO] Target: 
echo 'soc info:';head /sys/devices/soc0/* 2>/dev/null; echo '=======';
- 03:02:26 [INFO] Host: 
- 03:02:26 [INFO] Target: 
- 03:02:26 [INFO] Host: echo 'DT Model info'; head /proc/device-tree/name /proc/device-tree/model /proc/device-tree/compatible 2>/dev/null;echo; echo '=======';
- 03:02:26 [INFO] Target: 
echo 'DT Model info'; head /proc/device-tree/name /proc/device-tree/model /pro 
c/device-tree/compatible 2>/dev/null;echo; echo '=======';
- 03:02:26 [INFO] Host: 
- 03:02:26 [INFO] Target: 
- 03:02:26 [INFO] Host: echo 'interrupts:';cat /proc/interrupts; echo '=======';
- 03:02:26 [INFO] Target: 
echo 'interrupts:';cat /proc/interrupts; echo '=======';
- 03:02:26 [INFO] Host: 
- 03:02:26 [INFO] Target: 
- 03:02:26 [INFO] Host: echo 'Clk_summary:';cat /sys/kernel/debug/clk/clk_summary; echo '=======';
- 03:02:27 [INFO] Target: 
echo 'Clk_summary:';cat /sys/kernel/debug/clk/clk_summary; echo '=======';
- 03:02:27 [INFO] Host: 
- 03:02:27 [INFO] Target: 
- 03:02:27 [INFO] Host: echo "Available frequencies"; cat /sys/devices/system/cpu/cpu0/cpufreq/scaling_available_frequencies 2>/dev/null;echo '=======';
- 03:02:27 [INFO] Target: 
echo "Available frequencies"; cat /sys/devices/system/cpu/cpu0/cpufreq/scaling 
_available_frequencies 2>/dev/null;echo '=======';
- 03:02:27 [INFO] Host: 
- 03:02:27 [INFO] Target: 
- 03:02:27 [INFO] Host: TMPF=/tmp/a.\$\$; TMPF2=/tmp/b.\$\$; STR=""
- 03:02:27 [INFO] Target: 
TMPF=/tmp/a.\$\$; TMPF2=/tmp/b.\$\$; STR=""
- 03:02:27 [INFO] Host: 
- 03:02:27 [INFO] Target: 
- 03:02:27 [INFO] Host: cp /dev/kmsg \$TMPF &
- 03:02:27 [INFO] Target: 
cp /dev/kmsg \$TMPF &
- 03:02:27 [INFO] Host: 
- 03:02:27 [INFO] Target: 
- 03:02:27 [INFO] Host: PID=\$! ; sleep 5; kill -9 \$PID
- 03:02:27 [INFO] Target: 
PID=\$! ; sleep 5; kill -9 \$PID
- 03:02:27 [INFO] Host: 
- 03:02:27 [INFO] Target: 
- 03:02:27 [INFO] Host: 
- 03:02:28 [INFO] Target: 
- 03:02:28 [INFO] Host: 
- 03:02:28 [INFO] Target: 
- 03:02:28 [INFO] Host: cat \$TMPF|grep "^0">\$TMPF2; N=\`cat \$TMPF2|wc -l\`; if [ "\$N" -ne 0 ]; then STR="\$STR emerg=\$N";echo "===== EMERGE++";cat \$TMPF2|cut -d ';' -f2;echo "====="; fi
- 03:02:28 [INFO] Target: 
cat \$TMPF|grep "^0">\$TMPF2; N=\`cat \$TMPF2|wc -l\`; if [ "\$N" -ne 0 ]; the 
n STR="\$STR emerg=\$N";echo "===== EMERGE++";cat \$TMPF2|cut -d ';' -f2;echo "= 
===="; fi
- 03:02:28 [INFO] Host: 
- 03:02:28 [INFO] Target: 
- 03:02:28 [INFO] Host: cat \$TMPF|grep "^1">\$TMPF2; N=\`cat \$TMPF2|wc -l\`; if [ "\$N" -ne 0 ]; then STR="\$STR alert=\$N";echo "===== ALERT ==";cat \$TMPF2|cut -d ';' -f2;echo "====="; fi
- 03:02:28 [INFO] Target: 
cat \$TMPF|grep "^1">\$TMPF2; N=\`cat \$TMPF2|wc -l\`; if [ "\$N" -ne 0 ]; the 
n STR="\$STR alert=\$N";echo "===== ALERT ==";cat \$TMPF2|cut -d ';' -f2;echo "= 
===="; fi
- 03:02:28 [INFO] Host: 
- 03:02:28 [INFO] Target: 
- 03:02:28 [INFO] Host: cat \$TMPF|grep "^2">\$TMPF2; N=\`cat \$TMPF2|wc -l\`; if [ "\$N" -ne 0 ]; then STR="\$STR crit=\$N";echo "===== CRIT ==";cat \$TMPF2|cut -d ';' -f2;echo "====="; fi
- 03:02:28 [INFO] Target: 
cat \$TMPF|grep "^2">\$TMPF2; N=\`cat \$TMPF2|wc -l\`; if [ "\$N" -ne 0 ]; the 
n STR="\$STR crit=\$N";echo "===== CRIT ==";cat \$TMPF2|cut -d ';' -f2;echo "=== 
=="; fi
- 03:02:28 [INFO] Host: 
- 03:02:28 [INFO] Target: 
- 03:02:28 [INFO] Host: cat \$TMPF|grep "^3">\$TMPF2; N=\`cat \$TMPF2|wc -l\`; if [ "\$N" -ne 0 ]; then STR="\$STR err=\$N";echo "===== ERR ==";cat \$TMPF2|cut -d ';' -f2;echo "=====" ;fi
- 03:02:28 [INFO] Target: 
cat \$TMPF|grep "^3">\$TMPF2; N=\`cat \$TMPF2|wc -l\`; if [ "\$N" -ne 0 ]; the 
n STR="\$STR err=\$N";echo "===== ERR ==";cat \$TMPF2|cut -d ';' -f2;echo "===== 
" ;fi
- 03:02:28 [INFO] Host: 
- 03:02:28 [INFO] Target: 
- 03:02:28 [INFO] Host: cat \$TMPF|grep "^4">\$TMPF2; N=\`cat \$TMPF2|wc -l\`; if [ "\$N" -ne 0 ]; then STR="\$STR warn=\$N";echo "===== WARN ==";cat \$TMPF2|cut -d ';' -f2;echo "=====" ;fi
- 03:02:29 [INFO] Target: 
cat \$TMPF|grep "^4">\$TMPF2; N=\`cat \$TMPF2|wc -l\`; if [ "\$N" -ne 0 ]; the 
n STR="\$STR warn=\$N";echo "===== WARN ==";cat \$TMPF2|cut -d ';' -f2;echo "=== 
==" ;fi
- 03:02:29 [INFO] Host: 
- 03:02:29 [INFO] Target: 
- 03:02:29 [INFO] Host: rm \$TMPF \$TMPF2; echo "SUM""MARY RESULT: BOOT:" 'PASS: H''ello World' 'B''oard' "Booted" "Boot Log has::::\$STR:"
- 03:02:29 [INFO] Target: 
rm \$TMPF \$TMPF2; echo "SUM""MARY RESULT: BOOT:" 'PASS: H''ello World' 'B''oa 
rd' "Booted" "Boot Log has::::\$STR:"
- 03:02:29 [INFO] Host: 
- 03:02:29 [INFO] Target: 
- 03:02:29 [INFO] Host: EOF
- 03:02:29 [INFO] Target: 
root@am437x-evm:/test# 
- 03:02:29 [INFO] Host: cd /test
- 03:02:29 [INFO] Target: 
cd /test
root@am437x-evm:/test# 
- 03:02:29 [INFO] Host: chmod +x test.sh
- 03:02:29 [INFO] Target: 
chmod +x test.sh
root@am437x-evm:/test# 
- 03:02:29 [INFO] Host: ./test.sh 2> stderr.log > stdout.log 3> result.log
- 03:02:34 [INFO] Target: 
./test.sh 2> stderr.log > stdout.log 3> result.log
root@am437x-evm:/test# 
- 03:02:34 [INFO] Host: echo $?
- 03:02:35 [INFO] Target: 
echo $?
root@am437x-evm:/test# 
- 03:02:35 [INFO] Host: cd /test
- 03:02:35 [INFO] Target: 
cd /test
root@am437x-evm:/test# 
- 03:02:35 [INFO] Host: cat stdout.log
- 03:02:36 [INFO] Target: 
cat stdout.log
cpuinfo:
processor	: 0
model name	: ARMv7 Processor rev 10 (v7l)
BogoMIPS	: 1000.00
Features	: half thumb fastmult vfp edsp thumbee neon vfpv3 tls vfpd32 
CPU implementer	: 0x41
CPU architecture: 7
CPU variant	: 0x2
CPU part	: 0xc09
CPU revision	: 10
Hardware	: Generic AM43 (Flattened Device Tree)
Revision	: 0000
Serial		: 0000000000000000
=======
soc info:
==> /sys/devices/soc0/deferred_probe <==
==> /sys/devices/soc0/family <==
AM43xx
==> /sys/devices/soc0/machine <==
AM437x
==> /sys/devices/soc0/power <==
==> /sys/devices/soc0/revision <==
ES1.1
==> /sys/devices/soc0/subsystem <==
==> /sys/devices/soc0/type <==
==> /sys/devices/soc0/uevent <==
=======
DT Model info
==> /proc/device-tree/name <==
==> /proc/device-tree/model <==
TI AM437x GP EVM
==> /proc/device-tree/compatible <==
ti,am437x-gp-evmti,am4372ti,am43
=======
interrupts:
           CPU0       
 16:          0     WUGEN  67 Level     gp_timer
 17:          0     GIC-0  27 Edge      gt
 18:       2141     GIC-0  29 Edge      twd
 19:          0     WUGEN   9 Level     l3-dbg-irq
 20:          0     WUGEN  10 Level     l3-app-irq
 23:       1944     WUGEN  12 Level     49000000.edma_ccint
 25:          0     WUGEN  14 Level     49000000.edma_ccerrint
 29:       7110     WUGEN  72 Level     OMAP UART0
 36:          0     WUGEN  96 Level     44e07000.gpio
 37:          0     WUGEN  98 Level     4804c000.gpio
 70:          0     WUGEN  62 Level     481ae000.gpio
103:          0     WUGEN 106 Level     48320000.gpio
136:          0     WUGEN 148 Level     48322000.gpio
137:        100     WUGEN  70 Level     44e0b000.i2c
138:          0     WUGEN  71 Level     4802a000.i2c
139:       5895     WUGEN  64 Level     mmc1
140:         13     WUGEN  29 Level     mmc0
142:         38     WUGEN  41 Level     4a100000.ethernet
143:         13     WUGEN  42 Level     4a100000.ethernet
149:          0     WUGEN 111 Level     48310000.rng
151:          0     WUGEN 100 Level     gpmc
152:          1     WUGEN 172 Level     dwc3-omap
153:          1     WUGEN 178 Level     dwc3-omap
168:          0      PRCM Edge      pinctrl
192:       1468     WUGEN 174 Level     xhci-hcd:usb1
199:          0  44e07000.gpio   6 Edge      48060000.mmc cd
259:          0     WUGEN   7 Edge      tps65218
IPI0:          0  CPU wakeup interrupts
IPI1:          0  Timer broadcast interrupts
IPI2:          0  Rescheduling interrupts
IPI3:          0  Function call interrupts
IPI4:          0  CPU stop interrupts
IPI5:          0  IRQ work interrupts
IPI6:          0  completion interrupts
Err:          0
=======
Clk_summary:
   clock                         enable_cnt  prepare_cnt        rate   accuracy   phase
----------------------------------------------------------------------------------------
 clk_32k_rtc                              0            0       32768          0 0  
 oscillator                               0            0    12000000          0 0  
 clk_32k_mosc_ck                          0            0       32768          0 0  
 clk_32k_tpm_ck                           0            0       32768          0 0  
 tclkin_ck                                0            0    26000000          0 0  
 virt_26000000_ck                         0            0    26000000          0 0  
 virt_25000000_ck                         0            0    25000000          0 0  
 virt_24000000_ck                         1            1    24000000          0 0  
    sysboot_freq_sel_ck                   1            1    24000000          0 0  
       sys_clkin_ck                      20           39    24000000          0 0  
          clkout1_osc_div_ck              0            0    24000000          0 0  
             clkout1_mux_ck               0            0    24000000          0 0  
                clkout1_ck                0            0    24000000          0 0  
          vtp_clk_div                     0            0    12000000          0 0  
          dll_aging_clk_div               0            0     3000000          0 0  
          timer11_fck                     0            1    24000000          0 0  
          timer10_fck                     0            1    24000000          0 0  
          timer9_fck                      0            1    24000000          0 0  
          timer8_fck                      0            1    24000000          0 0  
          dpll_extdev_ck                  0            0    24000000          0 0  
             dpll_extdev_m2_ck            0            0    24000000          0 0  
          timer7_fck                      0            1    24000000          0 0  
          timer6_fck                      0            1    24000000          0 0  
          timer5_fck                      0            1    24000000          0 0  
          timer4_fck                      0            1    24000000          0 0  
          timer3_fck                      0            1    24000000          0 0  
          timer2_fck                      0            1    24000000          0 0  
          dpll_per_ck                     2            2   960000000          0 0  
             dpll_per_clkdcoldo           2            2   960000000          0 0  
                usb_otg_ss1_refclk960m           1            1   960000000          0 0  
                usb_otg_ss0_refclk960m           1            1   960000000          0 0  
             dpll_per_m2_ck               3            4   192000000          0 0  
                func_12m_clk              0            0    12000000          0 0  
                mmc_clk                   0            3    96000000          0 0  
                clk_24mhz                 1            1    24000000          0 0  
                   clkdiv32k_ck           1            1       32786          0 0  
                      clkdiv32k_ick           2            7       32786          0 0  
                         timer1_fck           1            1       32786          0 0  
                         gpio5_dbclk           0            2       32786          0 0  
                         gpio4_dbclk           0            2       32786          0 0  
                         gpio3_dbclk           0            2       32786          0 0  
                         gpio2_dbclk           0            1       32786          0 0  
                         gpio1_dbclk           0            2       32786          0 0  
                dpll_per_m2_div4_ck           1           12    48000000          0 0  
                dpll_per_m2_div4_wkupdm_ck           1            2    48000000          0 0  
          dpll_disp_ck                    0            1    24000000          0 0  
             dpll_disp_m2_ck              0            1    24000000          0 0  
                disp_clk                  0            3    24000000          0 0  
          dpll_ddr_ck                     1            1   400000000          0 0  
             dpll_ddr_x2_ck               0            0   800000000          0 0  
                dpll_ddr_m4_ck            0            0   400000000          0 0  
             dpll_ddr_m2_ck               1            1   400000000          0 0  
          dpll_mpu_ck                     1            1  1000000000          0 0  
             dpll_mpu_m2_ck               4            4  1000000000          0 0  
                mpu_periphclk             2            2   500000000          0 0  
          dpll_core_ck                    1            1  1000000000          0 0  
             dpll_core_x2_ck              2            2  2000000000          0 0  
                dpll_core_m6_ck           0            0   500000000          0 0  
                dpll_core_m5_ck           1            1   250000000          0 0  
                   cpsw_cpts_rft_clk           0            0   250000000          0 0  
                   cpsw_50m_clkdiv           0            0   250000000          0 0  
                      cpsw_5m_clkdiv           0            0    25000000          0 0  
                   dpll_clksel_mac_clk           0            0    50000000          0 0  
                   cpsw_125mhz_gclk           2            3   125000000          0 0  
                dpll_core_m4_ck           7            7   200000000          0 0  
                   l4hs_gclk              1            1   200000000          0 0  
                   l3_gclk               16           18   200000000          0 0  
                   sysclk_div             1            3   200000000          0 0  
                      div_core_25m_ck           0            0    25000000          0 0  
                      gfx_fclk_clksel_ck           0            1   200000000          0 0  
                         gfx_fck_div_ck           0            1   200000000          0 0  
                      dpll_core_m4_div2_ck           3            3   100000000          0 0  
                         l4ls_gclk          55           67   100000000          0 0  
                            ehrpwm5_tbclk           0            0   100000000          0 0  
                            ehrpwm4_tbclk           0            0   100000000          0 0  
                            ehrpwm3_tbclk           0            0   100000000          0 0  
                            ehrpwm2_tbclk           0            0   100000000          0 0  
                            ehrpwm1_tbclk           0            0   100000000          0 0  
                            ehrpwm0_tbclk           0            0   100000000          0 0  
                         l3s_gclk          14           15   100000000          0 0  
                      pruss_ocp_gclk           0            1   200000000          0 0  
          rng_fck                         2            2    24000000          0 0  
          aes0_fck                        1            2    24000000          0 0  
          sha0_fck                        1            1    24000000          0 0  
          smartreflex1_fck                0            1    24000000          0 0  
          smartreflex0_fck                0            1    24000000          0 0  
          mcasp1_fck                      0            1    24000000          0 0  
          mcasp0_fck                      0            1    24000000          0 0  
          dcan1_fck                       0            1    24000000          0 0  
          dcan0_fck                       0            1    24000000          0 0  
          adc_tsc_fck                     0            1    24000000          0 0  
 virt_19200000_ck                         0            0    19200000          0 0  
    crystal_freq_sel_ck                   0            0    19200000          0 0  
 clk_rc32k_ck                             0            2       32768          0 0  
    clkout1_src2_mux_ck                   0            0       32768          0 0  
       clkout1_src2_pre_div_ck            0            0       32768          0 0  
          clkout1_src2_post_div_ck           0            0       32768          0 0  
    gpio0_dbclk_mux_ck                    0            1       32768          0 0  
       gpio0_dbclk                        0            2       32768          0 0  
    wdt1_fck                              0            1       32768          0 0  
 clk_32768_ck                             2            3       32768          0 0  
    mux_synctimer32k_ck                   1            1       32768          0 0  
       synctimer_32kclk                   1            1       32768          0 0  
    usbphy_32khz_clkmux                   2            2       32768          0 0  
       usb_phy1_always_on_clk32k           1            1       32768          0 0  
       usb_phy0_always_on_clk32k           1            1       32768          0 0  
=======
Available frequencies
=======
===== ERR ==
omap_voltage_late_init: Voltage driver support not added
sd 1:0:0:0: [sdb] No Caching mode page found
sd 1:0:0:0: [sdb] Assuming drive cache: write through
udevd[119]: starting version 182
=====
===== WARN ==
L2C: platform modifies aux control register: 0x0e030000 -> 0x3e430000
L2C: DT/platform modifies aux control register: 0x0e030000 -> 0x3e430000
omap4_sram_init:Unable to allocate sram needed to handle errata I688
omap4_sram_init:Unable to get sram pool needed to handle errata I688
backlight supply power not found, using dummy regulator
omap_uart 44e09000.serial: No clock speed specified: using default: 48000000
omap_uart 481a6000.serial: No clock speed specified: using default: 48000000
------------[ cut here ]------------
WARNING: CPU: 0 PID: 1 at drivers/usb/host/xhci-plat.c:168 xhci_plat_probe+0x198/0x46c
Modules linked in:
CPU: 0 PID: 1 Comm: swapper/0 Not tainted 4.9.0-next-20161221-00002-g789c0f86b766 #3
Hardware name: Generic AM43 (Flattened Device Tree)
[<c03105c0>] (unwind_backtrace) from [<c030bc0c>] (show_stack+0x10/0x14)
[<c030bc0c>] (show_stack) from [<c05a035c>] (dump_stack+0x98/0xac)
[<c05a035c>] (dump_stack) from [<c0341c58>] (__warn+0xe8/0x100)
[<c0341c58>] (__warn) from [<c0341d20>] (warn_slowpath_null+0x20/0x28)
[<c0341d20>] (warn_slowpath_null) from [<c09db4dc>] (xhci_plat_probe+0x198/0x46c)
[<c09db4dc>] (xhci_plat_probe) from [<c07efb00>] (platform_drv_probe+0x4c/0xb0)
[<c07efb00>] (platform_drv_probe) from [<c07ee1b0>] (driver_probe_device+0x238/0x2d8)
[<c07ee1b0>] (driver_probe_device) from [<c07ee2fc>] (__driver_attach+0xac/0xb0)
[<c07ee2fc>] (__driver_attach) from [<c07ec50c>] (bus_for_each_dev+0x68/0x9c)
[<c07ec50c>] (bus_for_each_dev) from [<c07ed78c>] (bus_add_driver+0x1a0/0x218)
[<c07ed78c>] (bus_add_driver) from [<c07eeb94>] (driver_register+0x78/0xf8)
[<c07eeb94>] (driver_register) from [<c0301e90>] (do_one_initcall+0x40/0x174)
[<c0301e90>] (do_one_initcall) from [<c1200dd0>] (kernel_init_freeable+0x160/0x200)
[<c1200dd0>] (kernel_init_freeable) from [<c0c0651c>] (kernel_init+0x8/0x114)
[<c0c0651c>] (kernel_init) from [<c0307eb8>] (ret_from_fork+0x14/0x3c)
---[ end trace dc349a03f5d8d5d0 ]---
gpmc_mem_init: disabling cs 0 mapped at 0x0-0x1000000
backlight supply power not found, using dummy regulator
backlight supply power not found, using dummy regulator
mmc1: host does not support reading read-only switch, assuming write-enable
backlight supply power not found, using dummy regulator
backlight supply power not found, using dummy regulator
backlight supply power not found, using dummy regulator
backlight supply power not found, using dummy regulator
backlight supply power not found, using dummy regulator
backlight supply power not found, using dummy regulator
backlight supply power not found, using dummy regulator
backlight supply power not found, using dummy regulator
backlight supply power not found, using dummy regulator
FAT-fs (mmcblk1p1): Volume was not properly unmounted. Some data may be corrupt. Please run fsck.
FAT-fs (sdb1): Volume was not properly unmounted. Some data may be corrupt. Please run fsck.
FAT-fs (mmcblk1p3): Volume was not properly unmounted. Some data may be corrupt. Please run fsck.
FAT-fs (sda1): Volume was not properly unmounted. Some data may be corrupt. Please run fsck.
=====
SUMMARY RESULT: BOOT: PASS: Hello World Board Booted Boot Log has:::: err=4 warn=47:
root@am437x-evm:/test# 
- 03:02:36 [INFO] Host: cat stderr.log
- 03:02:36 [INFO] Target: 
cat stderr.log
./test.sh: line 33:   729 Killed                  cp /dev/kmsg $TMPF
root@am437x-evm:/test# 
- 03:02:36 [INFO] Host: cat result.log
- 03:02:38 [ERROR] On command: cat result.log waiting for cat result.log.+?(?m-ix:^1[\0\n\r]+) >>> error: execution expired
- 03:02:38 [INFO] Target: 
cat result.log
root@am437x-evm:/test# 
- 03:02:38 [INFO] Host: cd /test
- 03:02:38 [INFO] Target: 
cd /test
root@am437x-evm:/test# 
URL:gtsystest.telogy.design.ti.com/vatf/tigtfarm04/tigtfarm04_vatf@am43xx-gpevm1/tigtfarm0412_21_2016_03_00_33/files/session_iteration_1/test_1
