- 07:03:13 [INFO] Starting target session
- 07:03:13 [INFO] Connected to am43xx-gpevm via serial 
- 07:03:13 [INFO] Host: #check prompt
- 07:03:16 [ERROR] On command: #check prompt waiting for #check prompt.+?(?-mix:((?-mix:login:)|[Pp]assword)) >>> error: execution expired
- 07:03:16 [INFO] Target: 
#check prompt
root@am437x-evm:/test# 
- 07:03:16 [INFO] Host: #check prompt
- 07:03:17 [INFO] Target: 
#check prompt
root@am437x-evm:/test# 
- 07:03:17 [INFO] Host: sync;poweroff
- 07:03:31 [INFO] Target: 
sync;poweroff
Broadcast message from root@am437x-evm (ttyO0) (
K.]Y[alt NOW!
INIT: Switching 
INIT: Sending processes the TERM signal
root@am437x-evm:/test# 
INIT: SendinStopping syslogd/klogd: stopped syslogd (pid 1288)
stopped klogd (pid 1291)
done
Deconfiguring network interfaces... done.
Sending all processes the TERM signal...
Sending all processes the KILL signal...
Unmounting remote filesystems...
Deactivating swap...
Unmounting local filesystems...
[  185.146003] reboot: System halted
- 07:03:31 [INFO] Disconnected serial from am43xx-gpevm
- 07:03:32 [INFO] Connected to am43xx-gpevm via serial 
- 07:03:32 [INFO] Host: 
- 07:03:32 [ERROR] On command:  waiting for (?-mix:U-Boot#) >>> error: execution expired
- 07:03:32 [INFO] Target: 
- 07:03:32 [INFO] Host: 
- 07:03:33 [ERROR] On command:  waiting for (?-mix:U-Boot#) >>> error: execution expired
- 07:03:33 [INFO] Target: 
U-Boot SPL 2014.07-00071-gaca0808 (Oct 02 2014 - 11:23:51)
- 07:03:33 [INFO] Host: 
- 07:03:33 [ERROR] On command:  waiting for (?-mix:U-Boot#) >>> error: execution expired
- 07:03:33 [INFO] Target: 
SPL: Please implement spl_start_uboot() for your board
SPL: Direct Linux boot not active!
reading u-boot.img
reading u-boot.img
- 07:03:33 [INFO] Host: 
- 07:03:34 [ERROR] On command:  waiting for (?-mix:U-Boot#) >>> error: execution expired
- 07:03:34 [INFO] Target: 
U-Boot 2014.07-00071-gaca0808 (Oct 02 2014 - 11:23:51), Build: jenkins-ti-linux-3-14-y_opentest-216
I2C:   ready
DRAM:  1 GiB
NAND:  512 MiB
MMC:   OMAP SD/MMC: 0, OMAP SD/MMC: 1
Using default environment
- 07:03:34 [INFO] Host: 
- 07:03:34 [INFO] Target: 
Net:   <ethaddr> not set. Validating first E-fuse MAC
cpsw
Hit any key to stop autoboot:  1  0 
U-Boot# 
- 07:03:34 [INFO] Host: 
- 07:03:35 [INFO] Target: 
U-Boot# 
- 07:03:35 [INFO] Host: version
- 07:03:35 [INFO] Target: 
version
U-Boot 2014.07-00071-gaca0808 (Oct 02 2014 - 11:23:51)
arm-linux-gnueabihf-gcc (crosstool-NG linaro-1.13.1-4.7-2013.03-20130313 - Linaro GCC 2013.03) 4.7.3 20130226 (prerelease)
GNU ld (crosstool-NG linaro-1.13.1-4.7-2013.03-20130313 - Linaro GCC 2013.03) 2.23.1
U-Boot# 
- 07:03:35 [INFO] Host: setenv bootargs 'console=ttyO0,115200n8 earlyprintk rootwait '
- 07:03:36 [INFO] Target: 
setenv bootargs 'console=ttyO0,115200n8 earlyprintk rootwait '
U-Boot# 
- 07:03:36 [INFO] Host: setenv bootcmd  ''
- 07:03:36 [INFO] Target: 
setenv bootcmd  ''
U-Boot# 
- 07:03:36 [INFO] Host: setenv autoload 'no'
- 07:03:37 [INFO] Target: 
setenv autoload 'no'
U-Boot# 
- 07:03:37 [INFO] Host: setenv serverip '192.168.0.1'
- 07:03:37 [INFO] Target: 
setenv serverip '192.168.0.1'
U-Boot# 
- 07:03:37 [INFO] Host: printenv
- 07:03:38 [INFO] Target: 
printenv
arch=arm
autoload=no
baudrate=115200
board=am43xx
board_name=AM43__GP
board_rev=1.4A
bootargs=console=ttyO0,115200n8 earlyprintk rootwait 
bootcmd=
bootdelay=1
bootdir=/boot
bootenv=uEnv.txt
bootfile=zImage
bootm_size=0x10000000
bootpart=0:2
console=ttyO0,115200n8
cpu=armv7
dfu_alt_info_emmc=MLO raw 0x100 0x100 mmcpart 0;u-boot.img raw 0x300 0x1000 mmcpart 0
dfu_alt_info_mmc=boot part 0 1;rootfs part 0 2;MLO fat 0 1;spl-os-args fat 0 1;spl-os-image fat 0 1;u-boot.img fat 0 1;uEnv.txt fat 0 1
dfu_alt_info_ram=kernel ram 0x80200000 0x4000000;fdt ram 0x80f80000 0x80000;ramdisk ram 0x81000000 0x4000000
dfu_bufsiz=0x10000
eth1addr=34:b1:f7:31:12:72
ethact=cpsw
ethaddr=34:b1:f7:31:12:70
fdt_addr_r=0x88000000
fdtaddr=0x88000000
fdtfile=undefined
findfdt=if test $board_name = AM43EPOS; then setenv fdtfile am43x-epos-evm.dtb; fi; if test $board_name = AM43__GP; then setenv fdtfile am437x-gp-evm.dtb; fi; if test $board_name = AM43__SK; then setenv fdtfile am437x-sk-evm.dtb; fi; if test $fdtfile = undefined; then echo WARNING: Could not determine device tree; fi; 
importbootenv=echo Importing environment from mmc ...; env import -t $loadaddr $filesize
kernel_addr_r=0x82000000
loadaddr=0x82000000
loadbootenv=load ${devtype} ${devnum} ${loadaddr} ${bootenv}
loadfdt=load ${devtype} ${bootpart} ${fdtaddr} ${bootdir}/${fdtfile}
loadimage=load ${devtype} ${bootpart} ${loadaddr} ${bootdir}/${bootfile}
loadramdisk=load ${devtype} ${devnum} ${rdaddr} ramdisk.gz
mmcargs=setenv bootargs console=${console} ${optargs} root=${mmcroot} rootfstype=${mmcrootfstype}
mmcboot=mmc dev ${mmcdev}; setenv devnum ${mmcdev}; setenv devtype mmc; if mmc rescan; then echo SD/MMC found on device ${devnum};if run loadbootenv; then echo Loaded environment from ${bootenv};run importbootenv;fi;if test -n $uenvcmd; then echo Running uenvcmd ...;run uenvcmd;fi;if run loadimage; then run loadfdt; echo Booting from mmc${mmcdev} ...; run mmcargs; bootz ${loadaddr} - ${fdtaddr}; fi;fi;
mmcdev=0
mmcroot=/dev/mmcblk0p2 rw
mmcrootfstype=ext4 rootwait
mtdids=nand0=nand.0
mtdparts=mtdparts=nand.0:256k(NAND.SPL),256k(NAND.SPL.backup1),256k(NAND.SPL.backup2),256k(NAND.SPL.backup3),512k(NAND.u-boot-spl-os),1m(NAND.u-boot),256k(NAND.u-boot-env),256k(NAND.u-boot-env.backup1),7m(NAND.kernel),-(NAND.file-system)
nandargs=setenv bootargs console=${console} ${optargs} root=${nandroot} rootfstype=${nandrootfstype}
nandboot=echo Booting from nand ...; run nandargs; nand read ${fdtaddr} NAND.u-boot-spl-os; nand read ${loadaddr} NAND.kernel; bootz ${loadaddr} - ${fdtaddr}
nandroot=ubi0:rootfs rw ubi.mtd=NAND.file-system,4096
nandrootfstype=ubifs rootwait=1
partitions=uuid_disk=${uuid_gpt_disk};name=rootfs,start=2MiB,size=-,uuid=${uuid_gpt_rootfs}
ramargs=setenv bootargs console=${console} ${optargs} root=${ramroot} rootfstype=${ramrootfstype}
ramdisk_addr_r=0x88080000
ramroot=/dev/ram0 rw
ramrootfstype=ext2
rdaddr=0x88080000
serverip=192.168.0.1
soc=am33xx
stderr=serial
stdin=serial
stdout=serial
usbargs=setenv bootargs console=${console} ${optargs} root=${usbroot} rootfstype=${usbrootfstype}
usbboot=setenv devnum ${usbdev}; setenv devtype usb; usb start ${usbdev}; if usb dev ${usbdev}; then if run loadbootenv; then echo Loaded environment from ${bootenv};run importbootenv;fi;if test -n $uenvcmd; then echo Running uenvcmd ...;run uenvcmd;fi;if run loadimage; then run loadfdt; echo Booting from usb ${usbdev}...; run usbargs;bootz ${loadaddr} - ${fdtaddr}; fi;fi
usbdev=0
usbroot=/dev/sda2 rw
usbrootfstype=ext4 rootwait
vendor=ti
ver=U-Boot 2014.07-00071-gaca0808 (Oct 02 2014 - 11:23:51)
Environment size: 3710/65532 bytes
U-Boot# 
- 07:03:38 [INFO] Host: printenv
- 07:03:38 [INFO] Target: 
printenv
arch=arm
autoload=no
baudrate=115200
board=am43xx
board_name=AM43__GP
board_rev=1.4A
bootargs=console=ttyO0,115200n8 earlyprintk rootwait 
bootcmd=
bootdelay=1
bootdir=/boot
bootenv=uEnv.txt
bootfile=zImage
bootm_size=0x10000000
bootpart=0:2
console=ttyO0,115200n8
cpu=armv7
dfu_alt_info_emmc=MLO raw 0x100 0x100 mmcpart 0;u-boot.img raw 0x300 0x1000 mmcpart 0
dfu_alt_info_mmc=boot part 0 1;rootfs part 0 2;MLO fat 0 1;spl-os-args fat 0 1;spl-os-image fat 0 1;u-boot.img fat 0 1;uEnv.txt fat 0 1
dfu_alt_info_ram=kernel ram 0x80200000 0x4000000;fdt ram 0x80f80000 0x80000;ramdisk ram 0x81000000 0x4000000
dfu_bufsiz=0x10000
eth1addr=34:b1:f7:31:12:72
ethact=cpsw
ethaddr=34:b1:f7:31:12:70
fdt_addr_r=0x88000000
fdtaddr=0x88000000
fdtfile=undefined
findfdt=if test $board_name = AM43EPOS; then setenv fdtfile am43x-epos-evm.dtb; fi; if test $board_name = AM43__GP; then setenv fdtfile am437x-gp-evm.dtb; fi; if test $board_name = AM43__SK; then setenv fdtfile am437x-sk-evm.dtb; fi; if test $fdtfile = undefined; then echo WARNING: Could not determine device tree; fi; 
importbootenv=echo Importing environment from mmc ...; env import -t $loadaddr $filesize
kernel_addr_r=0x82000000
loadaddr=0x82000000
loadbootenv=load ${devtype} ${devnum} ${loadaddr} ${bootenv}
loadfdt=load ${devtype} ${bootpart} ${fdtaddr} ${bootdir}/${fdtfile}
loadimage=load ${devtype} ${bootpart} ${loadaddr} ${bootdir}/${bootfile}
loadramdisk=load ${devtype} ${devnum} ${rdaddr} ramdisk.gz
mmcargs=setenv bootargs console=${console} ${optargs} root=${mmcroot} rootfstype=${mmcrootfstype}
mmcboot=mmc dev ${mmcdev}; setenv devnum ${mmcdev}; setenv devtype mmc; if mmc rescan; then echo SD/MMC found on device ${devnum};if run loadbootenv; then echo Loaded environment from ${bootenv};run importbootenv;fi;if test -n $uenvcmd; then echo Running uenvcmd ...;run uenvcmd;fi;if run loadimage; then run loadfdt; echo Booting from mmc${mmcdev} ...; run mmcargs; bootz ${loadaddr} - ${fdtaddr}; fi;fi;
mmcdev=0
mmcroot=/dev/mmcblk0p2 rw
mmcrootfstype=ext4 rootwait
mtdids=nand0=nand.0
mtdparts=mtdparts=nand.0:256k(NAND.SPL),256k(NAND.SPL.backup1),256k(NAND.SPL.backup2),256k(NAND.SPL.backup3),512k(NAND.u-boot-spl-os),1m(NAND.u-boot),256k(NAND.u-boot-env),256k(NAND.u-boot-env.backup1),7m(NAND.kernel),-(NAND.file-system)
nandargs=setenv bootargs console=${console} ${optargs} root=${nandroot} rootfstype=${nandrootfstype}
nandboot=echo Booting from nand ...; run nandargs; nand read ${fdtaddr} NAND.u-boot-spl-os; nand read ${loadaddr} NAND.kernel; bootz ${loadaddr} - ${fdtaddr}
nandroot=ubi0:rootfs rw ubi.mtd=NAND.file-system,4096
nandrootfstype=ubifs rootwait=1
partitions=uuid_disk=${uuid_gpt_disk};name=rootfs,start=2MiB,size=-,uuid=${uuid_gpt_rootfs}
ramargs=setenv bootargs console=${console} ${optargs} root=${ramroot} rootfstype=${ramrootfstype}
ramdisk_addr_r=0x88080000
ramroot=/dev/ram0 rw
ramrootfstype=ext2
rdaddr=0x88080000
serverip=192.168.0.1
soc=am33xx
stderr=serial
stdin=serial
stdout=serial
usbargs=setenv bootargs console=${console} ${optargs} root=${usbroot} rootfstype=${usbrootfstype}
usbboot=setenv devnum ${usbdev}; setenv devtype usb; usb start ${usbdev}; if usb dev ${usbdev}; then if run loadbootenv; then echo Loaded environment from ${bootenv};run importbootenv;fi;if test -n $uenvcmd; then echo Running uenvcmd ...;run uenvcmd;fi;if run loadimage; then run loadfdt; echo Booting from usb ${usbdev}...; run usbargs;bootz ${loadaddr} - ${fdtaddr}; fi;fi
usbdev=0
usbroot=/dev/sda2 rw
usbrootfstype=ext4 rootwait
vendor=ti
ver=U-Boot 2014.07-00071-gaca0808 (Oct 02 2014 - 11:23:51)
Environment size: 3710/65532 bytes
U-Boot# 
- 07:03:38 [INFO] Host: setenv bootargs ''${bootargs}' ip=dhcp '
- 07:03:39 [INFO] Target: 
setenv bootargs ''${bootargs}' ip=dhcp '
U-Boot# 
- 07:03:39 [INFO] Host: setenv serverip '192.168.0.1'
- 07:03:39 [INFO] Target: 
setenv serverip '192.168.0.1'
U-Boot# 
- 07:03:39 [INFO] Host: setenv ipaddr dhcp
- 07:03:40 [INFO] Target: 
setenv ipaddr dhcp
U-Boot# 
- 07:03:40 [INFO] Host: setenv autoload 'no'
- 07:03:40 [INFO] Target: 
setenv autoload 'no'
U-Boot# 
- 07:03:40 [INFO] Host: dhcp
- 07:03:42 [INFO] Target: 
dhcp
link up on port 0, speed 1000, full duplex
BOOTP broadcast 1
DHCP client bound to address 192.168.0.62
U-Boot# 
- 07:03:42 [INFO] Host: setenv serverip '192.168.0.1'
- 07:03:42 [INFO] Target: 
setenv serverip '192.168.0.1'
U-Boot# 
- 07:03:42 [INFO] Host: tftp ${loadaddr} 192.168.0.1:vatf_am43xx-gpevm2/ef2e68e37489ccfe48c9b197aa7e9870
- 07:03:43 [INFO] Target: 
tftp ${loadaddr} 192.168.0.1:vatf_am43xx-gpevm2/ef2e68e37489ccfe48c9b197aa7e9870
link up on port 0, speed 1000, full duplex
Using cpsw device
TFTP from server 192.168.0.1; our IP address is 192.168.0.62
Filename 'vatf_am43xx-gpevm2/ef2e68e37489ccfe48c9b197aa7e9870'.
Load address: 0x82000000
Loading: *#################################################################
	 #################################################################
	 #################################################################
	 #################################################################
	 #################################################################
	 #################################################################
	 #######
	 10.1 MiB/s
done
Bytes transferred = 5816880 (58c230 hex)
U-Boot# 
- 07:03:43 [INFO] Host: tftp ${fdt_addr_r} 192.168.0.1:vatf_am43xx-gpevm2/eb1da4e255023310d09d780b388db7ba
- 07:03:44 [INFO] Target: 
tftp ${fdt_addr_r} 192.168.0.1:vatf_am43xx-gpevm2/eb1da4e255023310d09d780b388db7ba
link up on port 0, speed 1000, full duplex
Using cpsw device
TFTP from server 192.168.0.1; our IP address is 192.168.0.62
Filename 'vatf_am43xx-gpevm2/eb1da4e255023310d09d780b388db7ba'.
Load address: 0x88000000
Loading: *###
	 7.4 MiB/s
done
Bytes transferred = 38673 (9711 hex)
U-Boot# 
- 07:03:44 [INFO] Host: ls mmc 0:1
- 07:03:44 [INFO] Target: 
ls mmc 0:1
   116932   mlo 
     1164   readme 
   402732   u-boot.img 
       13   .ipaddr 
        4   ws-calibrate.rules 
5 file(s), 0 dir(s)
U-Boot# 
- 07:03:44 [INFO] Host: ls mmc 0:2
- 07:03:45 [INFO] Target: 
ls mmc 0:2
<DIR>       4096 .
<DIR>       4096 ..
<DIR>       4096 bin
<DIR>       4096 boot
<DIR>       4096 dev
<DIR>       4096 etc
<DIR>       4096 home
<DIR>       4096 lib
<DIR>       4096 media
<DIR>       4096 mnt
<DIR>       4096 opt
<DIR>       4096 proc
<DIR>       4096 run
<DIR>       4096 sbin
<DIR>       4096 srv
<DIR>       4096 sys
<SYM>          8 tmp
<DIR>       4096 usr
<DIR>       4096 var
<DIR>       4096 www
<DIR>       4096 test
U-Boot# 
- 07:03:45 [INFO] Host: part uuid mmc 0:2
- 07:03:45 [INFO] Target: 
part uuid mmc 0:2
00000000-02
U-Boot# 
- 07:03:45 [INFO] Host: printenv
- 07:03:46 [INFO] Target: 
printenv
arch=arm
autoload=no
baudrate=115200
board=am43xx
board_name=AM43__GP
board_rev=1.4A
bootargs=console=ttyO0,115200n8 earlyprintk rootwait  ip=dhcp 
bootcmd=
bootdelay=1
bootdir=/boot
bootenv=uEnv.txt
bootfile=zImage
bootm_size=0x10000000
bootpart=0:2
console=ttyO0,115200n8
cpu=armv7
dfu_alt_info_emmc=MLO raw 0x100 0x100 mmcpart 0;u-boot.img raw 0x300 0x1000 mmcpart 0
dfu_alt_info_mmc=boot part 0 1;rootfs part 0 2;MLO fat 0 1;spl-os-args fat 0 1;spl-os-image fat 0 1;u-boot.img fat 0 1;uEnv.txt fat 0 1
dfu_alt_info_ram=kernel ram 0x80200000 0x4000000;fdt ram 0x80f80000 0x80000;ramdisk ram 0x81000000 0x4000000
dfu_bufsiz=0x10000
dnsip=192.0.2.2
dnsip2=192.0.2.3
eth1addr=34:b1:f7:31:12:72
ethact=cpsw
ethaddr=34:b1:f7:31:12:70
fdt_addr_r=0x88000000
fdtaddr=0x88000000
fdtfile=undefined
fileaddr=88000000
filesize=9711
findfdt=if test $board_name = AM43EPOS; then setenv fdtfile am43x-epos-evm.dtb; fi; if test $board_name = AM43__GP; then setenv fdtfile am437x-gp-evm.dtb; fi; if test $board_name = AM43__SK; then setenv fdtfile am437x-sk-evm.dtb; fi; if test $fdtfile = undefined; then echo WARNING: Could not determine device tree; fi; 
gatewayip=192.168.0.1
importbootenv=echo Importing environment from mmc ...; env import -t $loadaddr $filesize
ipaddr=192.168.0.62
kernel_addr_r=0x82000000
loadaddr=0x82000000
loadbootenv=load ${devtype} ${devnum} ${loadaddr} ${bootenv}
loadfdt=load ${devtype} ${bootpart} ${fdtaddr} ${bootdir}/${fdtfile}
loadimage=load ${devtype} ${bootpart} ${loadaddr} ${bootdir}/${bootfile}
loadramdisk=load ${devtype} ${devnum} ${rdaddr} ramdisk.gz
mmcargs=setenv bootargs console=${console} ${optargs} root=${mmcroot} rootfstype=${mmcrootfstype}
mmcboot=mmc dev ${mmcdev}; setenv devnum ${mmcdev}; setenv devtype mmc; if mmc rescan; then echo SD/MMC found on device ${devnum};if run loadbootenv; then echo Loaded environment from ${bootenv};run importbootenv;fi;if test -n $uenvcmd; then echo Running uenvcmd ...;run uenvcmd;fi;if run loadimage; then run loadfdt; echo Booting from mmc${mmcdev} ...; run mmcargs; bootz ${loadaddr} - ${fdtaddr}; fi;fi;
mmcdev=0
mmcroot=/dev/mmcblk0p2 rw
mmcrootfstype=ext4 rootwait
mtdids=nand0=nand.0
mtdparts=mtdparts=nand.0:256k(NAND.SPL),256k(NAND.SPL.backup1),256k(NAND.SPL.backup2),256k(NAND.SPL.backup3),512k(NAND.u-boot-spl-os),1m(NAND.u-boot),256k(NAND.u-boot-env),256k(NAND.u-boot-env.backup1),7m(NAND.kernel),-(NAND.file-system)
nandargs=setenv bootargs console=${console} ${optargs} root=${nandroot} rootfstype=${nandrootfstype}
nandboot=echo Booting from nand ...; run nandargs; nand read ${fdtaddr} NAND.u-boot-spl-os; nand read ${loadaddr} NAND.kernel; bootz ${loadaddr} - ${fdtaddr}
nandroot=ubi0:rootfs rw ubi.mtd=NAND.file-system,4096
nandrootfstype=ubifs rootwait=1
netmask=255.255.255.0
partitions=uuid_disk=${uuid_gpt_disk};name=rootfs,start=2MiB,size=-,uuid=${uuid_gpt_rootfs}
ramargs=setenv bootargs console=${console} ${optargs} root=${ramroot} rootfstype=${ramrootfstype}
ramdisk_addr_r=0x88080000
ramroot=/dev/ram0 rw
ramrootfstype=ext2
rdaddr=0x88080000
serverip=192.168.0.1
soc=am33xx
stderr=serial
stdin=serial
stdout=serial
usbargs=setenv bootargs console=${console} ${optargs} root=${usbroot} rootfstype=${usbrootfstype}
usbboot=setenv devnum ${usbdev}; setenv devtype usb; usb start ${usbdev}; if usb dev ${usbdev}; then if run loadbootenv; then echo Loaded environment from ${bootenv};run importbootenv;fi;if test -n $uenvcmd; then echo Running uenvcmd ...;run uenvcmd;fi;if run loadimage; then run loadfdt; echo Booting from usb ${usbdev}...; run usbargs;bootz ${loadaddr} - ${fdtaddr}; fi;fi
usbdev=0
usbroot=/dev/sda2 rw
usbrootfstype=ext4 rootwait
vendor=ti
ver=U-Boot 2014.07-00071-gaca0808 (Oct 02 2014 - 11:23:51)
Environment size: 3862/65532 bytes
U-Boot# 
- 07:03:46 [INFO] Host: setenv bootargs ''${bootargs}' root=PARTUUID=00000000-02 rw rootfstype=ext4 rootwait '
- 07:03:46 [INFO] Target: 
setenv bootargs ''${bootargs}' root=PARTUUID=00000000-02 rw rootfstype=ext4 rootwait '
U-Boot# 
- 07:03:46 [INFO] Host: printenv
- 07:03:47 [INFO] Target: 
printenv
arch=arm
autoload=no
baudrate=115200
board=am43xx
board_name=AM43__GP
board_rev=1.4A
bootargs=console=ttyO0,115200n8 earlyprintk rootwait  ip=dhcp  root=PARTUUID=00000000-02 rw rootfstype=ext4 rootwait 
bootcmd=
bootdelay=1
bootdir=/boot
bootenv=uEnv.txt
bootfile=zImage
bootm_size=0x10000000
bootpart=0:2
console=ttyO0,115200n8
cpu=armv7
dfu_alt_info_emmc=MLO raw 0x100 0x100 mmcpart 0;u-boot.img raw 0x300 0x1000 mmcpart 0
dfu_alt_info_mmc=boot part 0 1;rootfs part 0 2;MLO fat 0 1;spl-os-args fat 0 1;spl-os-image fat 0 1;u-boot.img fat 0 1;uEnv.txt fat 0 1
dfu_alt_info_ram=kernel ram 0x80200000 0x4000000;fdt ram 0x80f80000 0x80000;ramdisk ram 0x81000000 0x4000000
dfu_bufsiz=0x10000
dnsip=192.0.2.2
dnsip2=192.0.2.3
eth1addr=34:b1:f7:31:12:72
ethact=cpsw
ethaddr=34:b1:f7:31:12:70
fdt_addr_r=0x88000000
fdtaddr=0x88000000
fdtfile=undefined
fileaddr=88000000
filesize=9711
findfdt=if test $board_name = AM43EPOS; then setenv fdtfile am43x-epos-evm.dtb; fi; if test $board_name = AM43__GP; then setenv fdtfile am437x-gp-evm.dtb; fi; if test $board_name = AM43__SK; then setenv fdtfile am437x-sk-evm.dtb; fi; if test $fdtfile = undefined; then echo WARNING: Could not determine device tree; fi; 
gatewayip=192.168.0.1
importbootenv=echo Importing environment from mmc ...; env import -t $loadaddr $filesize
ipaddr=192.168.0.62
kernel_addr_r=0x82000000
loadaddr=0x82000000
loadbootenv=load ${devtype} ${devnum} ${loadaddr} ${bootenv}
loadfdt=load ${devtype} ${bootpart} ${fdtaddr} ${bootdir}/${fdtfile}
loadimage=load ${devtype} ${bootpart} ${loadaddr} ${bootdir}/${bootfile}
loadramdisk=load ${devtype} ${devnum} ${rdaddr} ramdisk.gz
mmcargs=setenv bootargs console=${console} ${optargs} root=${mmcroot} rootfstype=${mmcrootfstype}
mmcboot=mmc dev ${mmcdev}; setenv devnum ${mmcdev}; setenv devtype mmc; if mmc rescan; then echo SD/MMC found on device ${devnum};if run loadbootenv; then echo Loaded environment from ${bootenv};run importbootenv;fi;if test -n $uenvcmd; then echo Running uenvcmd ...;run uenvcmd;fi;if run loadimage; then run loadfdt; echo Booting from mmc${mmcdev} ...; run mmcargs; bootz ${loadaddr} - ${fdtaddr}; fi;fi;
mmcdev=0
mmcroot=/dev/mmcblk0p2 rw
mmcrootfstype=ext4 rootwait
mtdids=nand0=nand.0
mtdparts=mtdparts=nand.0:256k(NAND.SPL),256k(NAND.SPL.backup1),256k(NAND.SPL.backup2),256k(NAND.SPL.backup3),512k(NAND.u-boot-spl-os),1m(NAND.u-boot),256k(NAND.u-boot-env),256k(NAND.u-boot-env.backup1),7m(NAND.kernel),-(NAND.file-system)
nandargs=setenv bootargs console=${console} ${optargs} root=${nandroot} rootfstype=${nandrootfstype}
nandboot=echo Booting from nand ...; run nandargs; nand read ${fdtaddr} NAND.u-boot-spl-os; nand read ${loadaddr} NAND.kernel; bootz ${loadaddr} - ${fdtaddr}
nandroot=ubi0:rootfs rw ubi.mtd=NAND.file-system,4096
nandrootfstype=ubifs rootwait=1
netmask=255.255.255.0
partitions=uuid_disk=${uuid_gpt_disk};name=rootfs,start=2MiB,size=-,uuid=${uuid_gpt_rootfs}
ramargs=setenv bootargs console=${console} ${optargs} root=${ramroot} rootfstype=${ramrootfstype}
ramdisk_addr_r=0x88080000
ramroot=/dev/ram0 rw
ramrootfstype=ext2
rdaddr=0x88080000
serverip=192.168.0.1
soc=am33xx
stderr=serial
stdin=serial
stdout=serial
usbargs=setenv bootargs console=${console} ${optargs} root=${usbroot} rootfstype=${usbrootfstype}
usbboot=setenv devnum ${usbdev}; setenv devtype usb; usb start ${usbdev}; if usb dev ${usbdev}; then if run loadbootenv; then echo Loaded environment from ${bootenv};run importbootenv;fi;if test -n $uenvcmd; then echo Running uenvcmd ...;run uenvcmd;fi;if run loadimage; then run loadfdt; echo Booting from usb ${usbdev}...; run usbargs;bootz ${loadaddr} - ${fdtaddr}; fi;fi
usbdev=0
usbroot=/dev/sda2 rw
usbrootfstype=ext4 rootwait
vendor=ti
ver=U-Boot 2014.07-00071-gaca0808 (Oct 02 2014 - 11:23:51)
Environment size: 3917/65532 bytes
U-Boot# 
- 07:03:47 [INFO] Host: setenv bootcmd ''${bootcmd}' if iminfo ${loadaddr}; then bootm ${loadaddr} - ${fdt_addr_r}; else bootz ${loadaddr} - ${fdt_addr_r}; bootm ${loadaddr} - ${fdt_addr_r}; fi'
- 07:03:47 [INFO] Target: 
setenv bootcmd ''${bootcmd}' if iminfo ${loadaddr}; then bootm ${loadaddr} - ${fdt_addr_r}; else bootz ${loadaddr} - ${fdt_addr_r}; bootm ${loadaddr} - ${fdt_addr_r}; fi'
U-Boot# 
- 07:03:47 [INFO] Host: bdinfo
- 07:03:48 [INFO] Target: 
bdinfo
arch_number = 0x00000000
boot_params = 0x80000100
DRAM bank   = 0x00000000
-> start    = 0x80000000
-> size     = 0x40000000
eth0name    = cpsw
ethaddr     = 34:b1:f7:31:12:70
current eth = cpsw
ip_addr     = 192.168.0.62
baudrate    = 115200 bps
TLB addr    = 0xBFFF0000
relocaddr   = 0xBF734000
reloc off   = 0x3EF34000
irq_sp      = 0xBE723EE0
sp start    = 0xBE723ED0
U-Boot# 
- 07:03:48 [INFO] Host: mmc rescan
- 07:03:48 [INFO] Target: 
mmc rescan
U-Boot# 
- 07:03:48 [INFO] Host: fatwrite mmc ${mmcdev}:1 ${loadaddr} ws-calibrate.rules 4
- 07:03:49 [INFO] Target: 
fatwrite mmc ${mmcdev}:1 ${loadaddr} ws-calibrate.rules 4
writing ws-calibrate.rules
4 bytes written
U-Boot# 
- 07:03:49 [INFO] Host: boot
- 07:06:19 [ERROR] On command: boot waiting for boot.+?(?-mix:login:) >>> error: execution expired
- 07:06:19 [INFO] Target: 
boot
## Checking Image at 82000000 ...
Unknown image format!
Kernel image @ 0x82000000 [ 0x000000 - 0x58c230 ]
## Flattened Device Tree blob at 88000000
   Booting using the fdt blob at 0x88000000
   Loading Device Tree to 8fff3000, end 8ffff710 ... OK
Starting kernel ...
[    0.000000] Booting Linux on physical CPU 0x0
[    0.000000] Linux version 4.0.0-rc1-next-20150224-00002-g600b93e74d8d (nmenon@kahuna) (gcc version 4.6.3 (Ubuntu/Linaro 4.6.3-1ubuntu5) ) #1 SMP Tue Feb 24 05:58:23 CST 2015
[    0.000000] CPU: ARMv7 Processor [412fc09a] revision 10 (ARMv7), cr=10c5387d
[    0.000000] CPU: PIPT / VIPT nonaliasing data cache, VIPT aliasing instruction cache
[    0.000000] Machine model: TI AM437x GP EVM
[    0.000000] cma: Reserved 64 MiB at 0xbc000000
[    0.000000] Memory policy: Data cache writeback
[    0.000000] CPU: All CPU(s) started in SVC mode.
[    0.000000] AM437x ES1.1 (sgx neon )
[    0.000000] PERCPU: Embedded 11 pages/cpu @eefc9000 s12480 r8192 d24384 u45056
[    0.000000] Built 1 zonelists in Zone order, mobility grouping on.  Total pages: 260624
[    0.000000] Kernel command line: console=ttyO0,115200n8 earlyprintk rootwait  ip=dhcp  root=PARTUUID=00000000-02 rw rootfstype=ext4 rootwait 
[    0.000000] PID hash table entries: 4096 (order: 2, 16384 bytes)
[    0.000000] Dentry cache hash table entries: 131072 (order: 7, 524288 bytes)
[    0.000000] Inode-cache hash table entries: 65536 (order: 6, 262144 bytes)
[    0.000000] Memory: 960992K/1048576K available (7620K kernel code, 926K rwdata, 3168K rodata, 776K init, 308K bss, 22048K reserved, 65536K cma-reserved, 204800K highmem)
[    0.000000] Virtual kernel memory layout:
[    0.000000]     vector  : 0xffff0000 - 0xffff1000   (   4 kB)
[    0.000000]     fixmap  : 0xffc00000 - 0xfff00000   (3072 kB)
[    0.000000]     vmalloc : 0xf0000000 - 0xff000000   ( 240 MB)
[    0.000000]     lowmem  : 0xc0000000 - 0xef800000   ( 760 MB)
[    0.000000]     pkmap   : 0xbfe00000 - 0xc0000000   (   2 MB)
[    0.000000]     modules : 0xbf000000 - 0xbfe00000   (  14 MB)
[    0.000000]       .text : 0xc0208000 - 0xc0c915bc   (10790 kB)
[    0.000000]       .init : 0xc0c92000 - 0xc0d54000   ( 776 kB)
[    0.000000]       .data : 0xc0d54000 - 0xc0e3b8a0   ( 927 kB)
[    0.000000]        .bss : 0xc0e3b8a0 - 0xc0e888e0   ( 309 kB)
[    0.000000] SLUB: HWalign=64, Order=0-3, MinObjects=0, CPUs=1, Nodes=1
[    0.000000] Hierarchical RCU implementation.
[    0.000000] 	Additional per-CPU info printed with stalls.
[    0.000000] 	RCU restricting CPUs from NR_CPUS=8 to nr_cpu_ids=1.
[    0.000000] RCU: Adjusting geometry for rcu_fanout_leaf=16, nr_cpu_ids=1
[    0.000000] NR_IRQS:16 nr_irqs:16 16
[    0.000000] GIC CPU mask not found - kernel will fail to boot.
[    0.000000] GIC CPU mask not found - kernel will fail to boot.
[    0.000000] L2C: platform modifies aux control register: 0x0e030000 -> 0x3e430000
[    0.000000] L2C: DT/platform modifies aux control register: 0x0e030000 -> 0x3e430000
[    0.000000] L2C-310 erratum 769419 enabled
[    0.000000] L2C-310 enabling early BRESP for Cortex-A9
[    0.000000] OMAP L2C310: ROM does not support power control setting
[    0.000000] L2C-310 ID prefetch enabled, offset 1 lines
[    0.000000] L2C-310 dynamic clock gating disabled, standby mode disabled
[    0.000000] L2C-310 cache controller enabled, 16 ways, 256 kB
[    0.000000] L2C-310: CACHE_ID 0x410000c9, AUX_CTRL 0x7e430000
[    0.000000] OMAP clockevent source: timer2 at 24000000 Hz
[    0.000010] sched_clock: 32 bits at 24MHz, resolution 41ns, wraps every 178956969942ns
[    0.000026] OMAP clocksource: timer1 at 24000000 Hz
[    0.000173] Console: colour dummy device 80x30
[    0.000203] Calibrating delay loop... 1992.29 BogoMIPS (lpj=4980736)
[    0.044408] pid_max: default: 32768 minimum: 301
[    0.044545] Mount-cache hash table entries: 2048 (order: 1, 8192 bytes)
[    0.044555] Mountpoint-cache hash table entries: 2048 (order: 1, 8192 bytes)
[    0.045211] CPU: Testing write buffer coherency: ok
[    0.045498] CPU0: thread -1, cpu 0, socket 0, mpidr 80000000
[    0.045593] Setting up static identity map for 0x80934f58 - 0x80934ff0
[    0.048023] Brought up 1 CPUs
[    0.048037] SMP: Total of 1 processors activated (1992.29 BogoMIPS).
[    0.048046] CPU: All CPU(s) started in SVC mode.
[    0.048576] devtmpfs: initialized
[    0.049239] VFP support v0.3: implementor 41 architecture 3 part 30 variant 9 rev 4
[    0.059599] omap_hwmod: tptc0 using broken dt data from edma
[    0.059703] omap_hwmod: tptc1 using broken dt data from edma
[    0.059784] omap_hwmod: tptc2 using broken dt data from edma
[    0.120406] pinctrl core: initialized pinctrl subsystem
[    0.129699] NET: Registered protocol family 16
[    0.131626] DMA: preallocated 256 KiB pool for atomic coherent allocations
[    0.133234] cpuidle: using governor ladder
[    0.133253] cpuidle: using governor menu
[    0.134807] omap_l3_noc 44000000.ocp: L3 debug error: target 8 mod:0 (unclearable)
[    0.134877] omap_l3_noc 44000000.ocp: L3 application error: target 8 mod:0 (unclearable)
[    0.136985] OMAP GPIO hardware version 0.1
[    0.140882] platform 53701000.des: Cannot lookup hwmod 'des'
[    0.141359] omap-gpmc 50000000.gpmc: could not find pctldev for node /pinmux@44e10800/nand_flash_x8, deferring probe
[    0.141377] platform 50000000.gpmc: Driver omap-gpmc requests probe deferral
[    0.143350] platform 48326000.vpfe: Cannot lookup hwmod 'vpfe0'
[    0.143549] platform 48328000.vpfe: Cannot lookup hwmod 'vpfe1'
[    0.145359] No ATAGs?
[    0.145392] hw-breakpoint: found 5 (+1 reserved) breakpoint and 1 watchpoint registers.
[    0.145400] hw-breakpoint: maximum watchpoint size is 4 bytes.
[    0.148750] Serial: AMBA PL011 UART driver
[    0.162413] edma-dma-engine edma-dma-engine.0: TI EDMA DMA engine driver
[    0.165581] vgaarb: loaded
[    0.166220] SCSI subsystem initialized
[    0.166782] usbcore: registered new interface driver usbfs
[    0.166836] usbcore: registered new interface driver hub
[    0.166904] usbcore: registered new device driver usb
[    0.167510] omap_i2c 44e0b000.i2c: could not find pctldev for node /pinmux@44e10800/i2c0_pins, deferring probe
[    0.167529] platform 44e0b000.i2c: Driver omap_i2c requests probe deferral
[    0.167554] omap_i2c 4802a000.i2c: could not find pctldev for node /pinmux@44e10800/i2c1_pins, deferring probe
[    0.167565] platform 4802a000.i2c: Driver omap_i2c requests probe deferral
[    0.167900] Linux video capture interface: v2.00
[    0.167946] pps_core: LinuxPPS API ver. 1 registered
[    0.167952] pps_core: Software ver. 5.3.6 - Copyright 2005-2007 Rodolfo Giometti <giometti@linux.it>
[    0.167977] PTP clock support registered
[    0.168183] EDAC MC: Ver: 3.0.0
[    0.168776] Advanced Linux Sound Architecture Driver Initialized.
[    0.169984] Switched to clocksource timer1
[    0.178360] NET: Registered protocol family 2
[    0.178977] TCP established hash table entries: 8192 (order: 3, 32768 bytes)
[    0.179047] TCP bind hash table entries: 8192 (order: 4, 65536 bytes)
[    0.179153] TCP: Hash tables configured (established 8192 bind 8192)
[    0.179291] UDP hash table entries: 512 (order: 2, 16384 bytes)
[    0.179342] UDP-Lite hash table entries: 512 (order: 2, 16384 bytes)
[    0.179549] NET: Registered protocol family 1
[    0.179902] RPC: Registered named UNIX socket transport module.
[    0.179915] RPC: Registered udp transport module.
[    0.179920] RPC: Registered tcp transport module.
[    0.179925] RPC: Registered tcp NFSv4.1 backchannel transport module.
[    0.182101] futex hash table entries: 256 (order: 2, 16384 bytes)
[    0.190627] squashfs: version 4.0 (2009/01/31) Phillip Lougher
[    0.191444] NFS: Registering the id_resolver key type
[    0.191491] Key type id_resolver registered
[    0.191497] Key type id_legacy registered
[    0.191562] ntfs: driver 2.1.31 [Flags: R/O].
[    0.192708] bounce: pool size: 64 pages
[    0.192913] Block layer SCSI generic (bsg) driver version 0.4 loaded (major 249)
[    0.192930] io scheduler noop registered
[    0.192939] io scheduler deadline registered
[    0.193089] io scheduler cfq registered (default)
[    0.197404] pinctrl-single 44e10800.pinmux: 199 pins at pa f9e10800 size 796
[    0.201145] backlight supply power not found, using dummy regulator
[    0.201261] pwm-backlight backlight: unable to request PWM, trying legacy API
[    0.201273] pwm-backlight backlight: unable to request legacy PWM
[    0.201335] platform backlight: Driver pwm-backlight requests probe deferral
[    0.248159] Serial: 8250/16550 driver, 4 ports, IRQ sharing disabled
[    0.250460] msm_serial: driver initialized
[    0.250926] omap_uart 44e09000.serial: no wakeirq for uart0
[    0.250944] omap_uart 44e09000.serial: No clock speed specified: using default: 48000000
[    0.251078] 44e09000.serial: ttyO0 at MMIO 0x44e09000 (irq = 23, base_baud = 3000000) is a OMAP UART0
[    1.050360] console [ttyO0] enabled
[    1.054483] STMicroelectronics ASC driver initialized
[    1.061005] [drm] Initialized drm 1.1.0 20060810
[    1.072108] loop: module loaded
[    1.079767] CAN device driver interface
[    1.084656] igb: Intel(R) Gigabit Ethernet Network Driver - version 5.2.15-k
[    1.092044] igb: Copyright (c) 2007-2014 Intel Corporation.
[    1.099107] pegasus: v0.9.3 (2013/04/25), Pegasus/Pegasus II USB Ethernet driver
[    1.106927] usbcore: registered new interface driver pegasus
[    1.112901] usbcore: registered new interface driver asix
[    1.118582] usbcore: registered new interface driver ax88179_178a
[    1.124998] usbcore: registered new interface driver cdc_ether
[    1.131138] usbcore: registered new interface driver smsc75xx
[    1.137201] usbcore: registered new interface driver smsc95xx
[    1.143250] usbcore: registered new interface driver net1080
[    1.149208] usbcore: registered new interface driver cdc_subset
[    1.155426] usbcore: registered new interface driver zaurus
[    1.161335] usbcore: registered new interface driver cdc_ncm
[    1.168133] ehci_hcd: USB 2.0 'Enhanced' Host Controller (EHCI) Driver
[    1.174991] ehci-pci: EHCI PCI platform driver
[    1.179673] ehci-platform: EHCI generic platform driver
[    1.185291] ehci-omap: OMAP-EHCI Host Controller driver
[    1.190859] ehci-orion: EHCI orion driver
[    1.195159] SPEAr-ehci: EHCI SPEAr driver
[    1.199433] ehci-st: EHCI STMicroelectronics driver
[    1.204623] ehci-exynos: EHCI EXYNOS driver
[    1.209110] tegra-ehci: Tegra EHCI driver
[    1.213434] ohci_hcd: USB 1.1 'Open' Host Controller (OHCI) Driver
[    1.219923] ohci-pci: OHCI PCI platform driver
[    1.224631] ohci-platform: OHCI generic platform driver
[    1.230233] ohci-omap3: OHCI OMAP3 driver
[    1.234510] SPEAr-ohci: OHCI SPEAr driver
[    1.238811] ohci-st: OHCI STMicroelectronics driver
[    1.244077] usbcore: registered new interface driver usb-storage
[    1.251815] mousedev: PS/2 mouse device common for all mice
[    1.260601] i2c /dev entries driver
[    1.265467] usbcore: registered new interface driver uvcvideo
[    1.271497] USB Video Class driver (1.1.1)
[    1.275786] gspca_main: v2.14.0 registered
[    1.282731] Driver 'mmcblk' needs updating - please use bus_type methods
[    1.289843] sdhci: Secure Digital Host Controller Interface driver
[    1.296307] sdhci: Copyright(c) Pierre Ossman
[    1.301611] omap_hsmmc 48060000.mmc: Got CD GPIO
[    1.335650] Synopsys Designware Multimedia Card Interface Driver
[    1.342691] sdhci-pltfm: SDHCI platform and OF driver helper
[    1.349629] ledtrig-cpu: registered to indicate activity on CPUs
[    1.356190] usbcore: registered new interface driver usbhid
[    1.362025] usbhid: USB HID core driver
[    1.368784] usbcore: registered new interface driver snd-usb-audio
[    1.377885] NET: Registered protocol family 17
[    1.382630] can: controller area network core (rev 20120528 abi 9)
[    1.389174] NET: Registered protocol family 29
[    1.393832] can: raw protocol (rev 20120528)
[    1.398298] can: broadcast manager protocol (rev 20120528 t)
[    1.404219] can: netlink gateway (rev 20130117) max_hops=1
[    1.410408] Key type dns_resolver registered
[    1.415105] omap_voltage_late_init: Voltage driver support not added
[    1.422305] cpu cpu0: dev_pm_opp_get_opp_count: device OPP not found (-19)
[    1.429695] ThumbEE CPU extension supported.
[    1.434197] Registering SWP/SWPB emulation handler
[    1.444559] omap-gpmc 50000000.gpmc: GPMC revision 6.0
[    1.451522] omap_i2c 44e0b000.i2c: bus 0 rev0.12 at 100 kHz
[    1.458703] omap_i2c 4802a000.i2c: bus 1 rev0.12 at 100 kHz
[    1.465097] backlight supply power not found, using dummy regulator
[    1.471793] pwm-backlight backlight: unable to request PWM, trying legacy API
[    1.479276] pwm-backlight backlight: unable to request legacy PWM
[    1.485698] platform backlight: Driver pwm-backlight requests probe deferral
[    1.532301] mmc0: host does not support reading read-only switch, assuming write-enable
[    1.542946] mmc0: new high speed SDHC card at address 0007
[    1.549042] davinci_mdio 4a101000.mdio: davinci mdio revision 1.6
[    1.555437] davinci_mdio 4a101000.mdio: detected phy mask fffffffe
[    1.562286] mmcblk0: mmc0:0007 SD04G 3.70 GiB 
[    1.567901] libphy: 4a101000.mdio: probed
[    1.572181] davinci_mdio 4a101000.mdio: phy[0]: device 4a101000.mdio:00, driver unknown
[    1.581595] cpsw 4a100000.ethernet: Detected MACID = 34:b1:f7:31:12:70
[    1.589630] drivers/rtc/hctosys.c: unable to open rtc device (rtc0)
[    1.600338] net eth0: initializing cpsw version 1.15 (0)
[    1.607353]  mmcblk0: p1 p2 p3
[    1.611275] backlight supply power not found, using dummy regulator
[    1.618027] pwm-backlight backlight: unable to request PWM, trying legacy API
[    1.625516] pwm-backlight backlight: unable to request legacy PWM
[    1.631952] platform backlight: Driver pwm-backlight requests probe deferral
[    1.641424] backlight supply power not found, using dummy regulator
[    1.648219] pwm-backlight backlight: unable to request PWM, trying legacy API
[    1.655707] pwm-backlight backlight: unable to request legacy PWM
[    1.662133] platform backlight: Driver pwm-backlight requests probe deferral
[    1.680487] net eth0: phy found : id is : 0x221622
[    4.680892] cpsw 4a100000.ethernet eth0: Link is Up - 1Gbps/Full - flow control rx/tx
[    4.700004] Sending DHCP requests .
[    4.703523] Unable to handle kernel NULL pointer dereference at virtual address 00000013
[    4.712139] pgd = c0204000
[    4.714954] [00000013] *pgd=00000000
[    4.718681] Internal error: Oops: 5 [#1] SMP ARM
[    4.723492] Modules linked in:
[    4.726681] CPU: 0 PID: 0 Comm: swapper/0 Not tainted 4.0.0-rc1-next-20150224-00002-g600b93e74d8d #1
[    4.736196] Hardware name: Generic AM43 (Flattened Device Tree)
[    4.742360] task: c0d59968 ti: c0d54000 task.ti: c0d54000
[    4.747999] PC is at cpdma_chan_process+0x8/0x50
[    4.752820] LR is at cpsw_tx_interrupt+0x3c/0x44
[    4.757631] pc : [<c06c9388>]    lr : [<c06cd920>]    psr: a0000193
[    4.757631] sp : c0d55e48  ip : 00000000  fp : 00000001
[    4.769600] r10: ee0f2900  r9 : c0e3b6c0  r8 : 000000a3
[    4.775048] r7 : 00000000  r6 : 00000000  r5 : ee0f2960  r4 : ffffffff
[    4.781859] r3 : ef1e0f5c  r2 : ee222e70  r1 : 00000080  r0 : ffffffff
[    4.788669] Flags: NzCv  IRQs off  FIQs on  Mode SVC_32  ISA ARM  Segment kernel
[    4.796382] Control: 10c5387d  Table: 80204059  DAC: 00000015
[    4.802381] Process swapper/0 (pid: 0, stack limit = 0xc0d54220)
[    4.808655] Stack: (0xc0d55e48 to 0xc0d56000)
[    4.813205] 5e40:                   ee3c5d00 ee0f2960 00000000 c06cd920 ee4c1500 c027f1fc
[    4.821760] 5e60: 00000004 eefc9398 eefc9360 ee0f2900 ee0f2960 00000000 0000004a ee008000
[    4.830299] 5e80: 00000000 00000002 c0d55f4c c027f340 ee0f2900 c0d95b38 00000000 c0281da4
[    4.838836] 5ea0: c0281cfc 000000a3 00000000 c027eb30 c0d50be4 c027ec2c fa24010c c0d56810
[    4.847398] 5ec0: c0d55ee8 0000003a fa240100 c020895c c0262b80 60000113 ffffffff c0d55f1c
[    4.855935] 5ee0: ee060000 c0211f80 ee060000 c0d59968 00000000 000013e7 c0d8ffe8 c0d52780
[    4.864490] 5f00: eefcb780 2e279000 ee060000 00000000 00000002 c0d55f4c 00000000 c0d55f30
[    4.873038] 5f20: c0931650 c0262b80 60000113 ffffffff 00000000 eefcb780 c0d59968 ee060000
[    4.881590] 5f40: c0d8ffe8 c093f0d8 c0d55f8c c0931650 00000000 c028d4c8 00000000 00000002
[    4.890121] 5f60: 00000001 2e279000 00000000 c0d56500 c0d5649c 00000000 c0d52780 c0d56508
[    4.898675] 5f80: ffffffed 00000000 c0d55f94 c0931abc c0d55f9c c0931d44 00000000 c0274668
[    4.907217] 5fa0: c0d55fac c0931abc c0d51d38 c0d50324 00000000 c0e3b8c0 00000000 c0c92bd8
[    4.915767] 5fc0: ffffffff ffffffff c0c92664 00000000 00000000 c0d0ceb8 00000000 c0e3bc54
[    4.924314] 5fe0: c0d56480 c0d0ceb4 c0d5aa64 80204059 00000000 80208074 00000000 00000000
[    4.932877] [<c06c9388>] (cpdma_chan_process) from [<c06cd920>] (cpsw_tx_interrupt+0x3c/0x44)
[    4.941816] [<c06cd920>] (cpsw_tx_interrupt) from [<c027f1fc>] (handle_irq_event_percpu+0x50/0x150)
[    4.951274] [<c027f1fc>] (handle_irq_event_percpu) from [<c027f340>] (handle_irq_event+0x44/0x64)
[    4.960556] [<c027f340>] (handle_irq_event) from [<c0281da4>] (handle_fasteoi_irq+0xa8/0x180)
[    4.969474] [<c0281da4>] (handle_fasteoi_irq) from [<c027eb30>] (generic_handle_irq+0x20/0x30)
[    4.978478] [<c027eb30>] (generic_handle_irq) from [<c027ec2c>] (__handle_domain_irq+0x54/0xac)
[    4.987596] [<c027ec2c>] (__handle_domain_irq) from [<c020895c>] (gic_handle_irq+0x2c/0x6c)
[    4.996359] [<c020895c>] (gic_handle_irq) from [<c0211f80>] (__irq_svc+0x40/0x54)
[    5.004174] Exception stack(0xc0d55ee8 to 0xc0d55f30)
[    5.009458] 5ee0:                   ee060000 c0d59968 00000000 000013e7 c0d8ffe8 c0d52780
[    5.018014] 5f00: eefcb780 2e279000 ee060000 00000000 00000002 c0d55f4c 00000000 c0d55f30
[    5.026567] 5f20: c0931650 c0262b80 60000113 ffffffff
[    5.031866] [<c0211f80>] (__irq_svc) from [<c0262b80>] (finish_task_switch+0x70/0x120)
[    5.040158] [<c0262b80>] (finish_task_switch) from [<c0931650>] (__schedule+0x1d8/0x54c)
[    5.048619] [<c0931650>] (__schedule) from [<c0931abc>] (schedule+0x34/0x98)
[    5.055985] [<c0931abc>] (schedule) from [<c0931d44>] (schedule_preempt_disabled+0xc/0x10)
[    5.064635] [<c0931d44>] (schedule_preempt_disabled) from [<c0274668>] (cpu_startup_entry+0x130/0x308)
[    5.074371] [<c0274668>] (cpu_startup_entry) from [<c0c92bd8>] (start_kernel+0x34c/0x3b8)
[    5.082935] [<c0c92bd8>] (start_kernel) from [<80208074>] (0x80208074)
[    5.089750] Code: e5853054 eafffff6 e92d4070 e1a04000 (e5903014) 
[    5.096114] ---[ end trace d2943faf385bbbbd ]---
[    5.100944] Kernel panic - not syncing: Fatal exception in interrupt
[    5.107585] ---[ end Kernel panic - not syncing: Fatal exception in interrupt
URL:gtsystest.telogy.design.ti.com/vatf/tigtfarm07/tigtfarm07_vatf@am43xx-gpevm2/tigtfarm0702_24_2015_07_03_13/files/session_iteration_1/test_1
