- 06:52:52 [INFO] Starting target session
- 06:52:52 [INFO] Connected to am43xx-epos via serial 
- 06:52:52 [INFO] Host: 
- 06:52:53 [INFO] Target: 

 _____                    _____           _         _   
|  _  |___ ___ ___ ___   |  _  |___ ___  |_|___ ___| |_ 
|     |  _| .'| . | . |  |   __|  _| . | | | -_|  _|  _|
|__|__|_| |__,|_  |___|  |__|  |_| |___|_| |___|___|_|  
              |___|                    |___|            

Arago Project http://arago-project.org am437x-evm ttyO0

Arago 2013.12 am437x-evm ttyO0

am437x-evm login: 
- 06:52:53 [INFO] Host: root
- 06:52:53 [INFO] Target: 
root
root@am437x-evm:~# 
- 06:52:53 [INFO] Host: 
- 06:52:54 [INFO] Target: 

root@am437x-evm:~# 
- 06:52:54 [INFO] Host: sync;poweroff
- 06:53:14 [INFO] Target: 
sync;poweroff


Broadcast message from root@am437x-evm (ttyO0) (Sat Dec 28 09:04:28 2013):



The system is going down for system halt NOW!


INIT: Switching to runleveroot@am437x-evm:~# 
INIT: Sending processes the TERM signal


INIT: Sending proceStopping Dropbear SSH server: stopped /usr/sbin/dropbear (pid 1139)
dropbear.
Stopping telnet daemon.
Stopping system message bus: hwclock: can't open '/dev/misc/rtc': No such file or directory
Error opening /dev/fb0: No such file or directory
Stopping syslogd/klogd: stopped syslogd (pid 1151)
stopped klogd (pid 1154)
done
Stopping thttpd.
ALSA: Storing mixer settings...
/usr/sbin/alsactl: save_state:1580: No soundcards found...
Deconfiguring network interfaces... ifdown: interface eth0 not configured
done.
Stopping Lighttpd Web Server: stopped /usr/sbin/lighttpd (pid 1167)
lighttpd.
/etc/rc0.d/K96am335x-pm-firmware-load: line 4: /sys/devices/44000000.ocp/44d00000.wkup_m3/firmware/am335x-pm-firmware.bin/loading: No such file or directory
/etc/rc0.d/K96am335x-pm-firmware-load: line 5: /sys/devices/44000000.ocp/44d00000.wkup_m3/firmware/am335x-pm-firmware.bin/data: No such file or directory
/etc/rc0.d/K96am335x-pm-firmware-load: line 6: /sys/devices/44000000.ocp/44d00000.wkup_m3/firmware/am335x-pm-firmware.bin/loading: No such file or directory
Stopping Matrix GUI applicationstart-stop-daemon: warning: killing process 1176: No such process
.
***************************************************************
***************************************************************
NOTICE: This file system contains the followin GPLv3 packages:
	binutils-symlinks
	binutils
	gdbserver

If you do not wish to distribute GPLv3 components please remove
the above packages prior to distribution.  This can be done using
the opkg remove command.  i.e.:
    opkg remove <package>
Where <package> is the name printed in the list above

NOTE: If the package is a dependency of another package you
      will be notified of the dependent packages.  You should
      use the --force-removal-of-dependent-packages option to
      also remove the dependent packages as well
***************************************************************
***************************************************************
Sending all processes the TERM signal...
Sending all processes the KILL signal...
Unmounting remote filesystems...
Deactivating swap...
Unmounting local filesystems...
[ 1191.517141] EXT4-fs (mmcblk0p2): re-mounted. Opts: data=ordered
[ 1194.380013] reboot: System halted

- 06:53:58 [INFO] Disconnected serial from am43xx-epos
- 06:53:58 [INFO] Connected to am43xx-epos via serial 
- 06:53:58 [INFO] Host: 
- 06:53:59 [INFO] Target: 
Net:   <ethaddr> not set. Validating first E-fuse MAC
cpsw
Hit any key to stop autoboot:  3  0 
U-Boot# 
- 06:53:59 [INFO] Host: 
- 06:53:59 [INFO] Target: 

U-Boot# 
- 06:53:59 [INFO] Host: version
- 06:54:00 [INFO] Target: 
version

U-Boot 2013.10-g78d8ebd (Mar 06 2014 - 13:09:07)
arm-linux-gnueabihf-gcc (crosstool-NG linaro-1.13.1-4.7-2013.03-20130313 - Linaro GCC 2013.03) 4.7.3 20130226 (prerelease)
GNU ld (crosstool-NG linaro-1.13.1-4.7-2013.03-20130313 - Linaro GCC 2013.03) 2.23.1
U-Boot# 
- 06:54:00 [INFO] Host: setenv bootargs 'console=ttyO0,115200n8 earlyprintk rootwait '
- 06:54:00 [INFO] Target: 
setenv bootargs 'console=ttyO0,115200n8 earlyprintk rootwait '
U-Boot# 
- 06:54:00 [INFO] Host: setenv bootcmd  ''
- 06:54:01 [INFO] Target: 
setenv bootcmd  ''
U-Boot# 
- 06:54:01 [INFO] Host: setenv autoload 'no'
- 06:54:01 [INFO] Target: 
setenv autoload 'no'
U-Boot# 
- 06:54:01 [INFO] Host: setenv serverip '192.168.0.1'
- 06:54:02 [INFO] Target: 
setenv serverip '192.168.0.1'
U-Boot# 
- 06:54:02 [INFO] Host: printenv
- 06:54:02 [INFO] Target: 
printenv
arch=arm
autoload=no
baudrate=115200
board=am43xx
board_name=AM43EPOS
board_rev=1.1D
boot_targets=usb mmc0 nand 
bootargs=console=ttyO0,115200n8 earlyprintk rootwait 
bootcmd=
bootcmd_mmc0=setenv devnum 0; setenv rootpart 2; run mmc_boot;
bootcmd_nand=run nandboot;
bootcmd_usb=setenv devnum 0; run usb_boot;
bootdelay=3
bootdir=/boot
bootenv=uEnv.txt
bootfile=zImage
bootpart=0:2
console=ttyO0,115200n8
cpu=armv7
eth1addr=34:b1:f7:31:60:cb
ethact=cpsw
ethaddr=34:b1:f7:31:60:c9
fdt_high=0xa0000000
fdtaddr=0x80F80000
fdtfile=undefined
findfdt=if test $board_name = AM43EPOS; then setenv fdtfile am43x-epos-evm.dtb; fi; if test $board_name = AM43__GP; then setenv fdtfile am437x-gp-evm.dtb; fi; if test $fdtfile = undefined; then echo WARNING: Could not determine device tree; fi; 
importbootenv=echo Importing environment from mmc ...; env import -t $loadaddr $filesize
loadaddr=0x80200000
loadbootenv=load mmc ${mmcdev} ${loadaddr} ${bootenv}
loadfdt=load mmc ${bootpart} ${fdtaddr} ${bootdir}/${fdtfile}
loadimage=load mmc ${bootpart} ${loadaddr} ${bootdir}/${bootfile}
loadramdisk=load mmc ${mmcdev} ${rdaddr} ramdisk.gz
mmc_boot=setenv devtype mmc; if mmc dev ${devnum}; then run mmcargs;run scan_boot; run mmcboot;setenv mmcdev 1; setenv bootpart 1:2; run mmcboot;fi
mmcargs=setenv bootargs console=${console} ${optargs} root=${mmcroot} rootfstype=${mmcrootfstype}
mmcboot=mmc dev ${mmcdev}; if mmc rescan; then echo SD/MMC found on device ${mmcdev};if run loadbootenv; then echo Loaded environment from ${bootenv};run importbootenv;fi;if test -n $uenvcmd; then echo Running uenvcmd ...;run uenvcmd;fi;if run loadimage; then run loadfdt; echo Booting from mmc${mmcdev} ...; run mmcargs; bootz ${loadaddr} - ${fdtaddr}; fi;fi;
mmcdev=0
mmcroot=/dev/mmcblk0p2 rw
mmcrootfstype=ext4 rootwait
mtdids=nand0=nand.0
mtdparts=mtdparts=nand.0:256k(SPL),256k(SPL.backup1),256k(SPL.backup2),256k(SPL.backup3),1m(u-boot),512k(u-boot-spl-os),256k(u-boot-env),256k(u-boot-env.backup1),5m(kernel),-(rootfs)
nandargs=setenv bootargs console=${console} ${optargs} root=${nandroot} rootfstype=${nandrootfstype}
nandboot=echo Booting from nand ...; run nandargs; nand read ${fdtaddr} u-boot-spl-os; nand read ${loadaddr} kernel; bootz ${loadaddr} - ${fdtaddr}
nandroot=ubi0:rootfs rw ubi.mtd=9,2048
nandrootfstype=ubifs rootwait=1
netargs=setenv bootargs console=${console} ${optargs} root=/dev/nfs nfsroot=${serverip}:${rootpath},${nfsopts} rw ip=dhcp
netboot=echo Booting from network ...; setenv autoload no; dhcp; tftp ${loadaddr} ${bootfile}; tftp ${fdtaddr} ${fdtfile}; run netargs; bootz ${loadaddr} - ${fdtaddr}
nfsopts=nolock
ramargs=setenv bootargs console=${console} ${optargs} root=${ramroot} rootfstype=${ramrootfstype}
ramroot=/dev/ram0 rw ramdisk_size=65536 initrd=${rdaddr},64M
ramrootfstype=ext2
rdaddr=0x81000000
rootpart=2
rootpath=/export/rootfs
scan_boot=echo Scanning ${devtype} ${devnum}...; for prefix in ${bootdir}; do for script in ${bootfile}; do run script_boot; done; done;
script_boot=if load ${devtype} ${devnum}:${rootpart} ${loadaddr} ${bootdir}/${bootfile}; then run findfdt; load ${devtype} ${devnum}:${rootpart} ${fdtaddr} ${bootdir}/${fdtfile};fi;
serverip=192.168.0.1
soc=am33xx
static_ip=${ipaddr}:${serverip}:${gatewayip}:${netmask}:${hostname}::off
stderr=serial
stdin=serial
stdout=serial
usb_boot=setenv devtype usb; run usb_init; if usb dev 0; then run usbargs;run scan_boot; bootz ${loadaddr} - ${fdtaddr}; fi
usb_init=usb start 0;
vendor=ti
ver=U-Boot 2013.10-g78d8ebd (Mar 06 2014 - 13:09:07)

Environment size: 3658/131067 bytes
U-Boot# 
- 06:54:02 [INFO] Host: printenv
- 06:54:03 [INFO] Target: 
printenv
arch=arm
autoload=no
baudrate=115200
board=am43xx
board_name=AM43EPOS
board_rev=1.1D
boot_targets=usb mmc0 nand 
bootargs=console=ttyO0,115200n8 earlyprintk rootwait 
bootcmd=
bootcmd_mmc0=setenv devnum 0; setenv rootpart 2; run mmc_boot;
bootcmd_nand=run nandboot;
bootcmd_usb=setenv devnum 0; run usb_boot;
bootdelay=3
bootdir=/boot
bootenv=uEnv.txt
bootfile=zImage
bootpart=0:2
console=ttyO0,115200n8
cpu=armv7
eth1addr=34:b1:f7:31:60:cb
ethact=cpsw
ethaddr=34:b1:f7:31:60:c9
fdt_high=0xa0000000
fdtaddr=0x80F80000
fdtfile=undefined
findfdt=if test $board_name = AM43EPOS; then setenv fdtfile am43x-epos-evm.dtb; fi; if test $board_name = AM43__GP; then setenv fdtfile am437x-gp-evm.dtb; fi; if test $fdtfile = undefined; then echo WARNING: Could not determine device tree; fi; 
importbootenv=echo Importing environment from mmc ...; env import -t $loadaddr $filesize
loadaddr=0x80200000
loadbootenv=load mmc ${mmcdev} ${loadaddr} ${bootenv}
loadfdt=load mmc ${bootpart} ${fdtaddr} ${bootdir}/${fdtfile}
loadimage=load mmc ${bootpart} ${loadaddr} ${bootdir}/${bootfile}
loadramdisk=load mmc ${mmcdev} ${rdaddr} ramdisk.gz
mmc_boot=setenv devtype mmc; if mmc dev ${devnum}; then run mmcargs;run scan_boot; run mmcboot;setenv mmcdev 1; setenv bootpart 1:2; run mmcboot;fi
mmcargs=setenv bootargs console=${console} ${optargs} root=${mmcroot} rootfstype=${mmcrootfstype}
mmcboot=mmc dev ${mmcdev}; if mmc rescan; then echo SD/MMC found on device ${mmcdev};if run loadbootenv; then echo Loaded environment from ${bootenv};run importbootenv;fi;if test -n $uenvcmd; then echo Running uenvcmd ...;run uenvcmd;fi;if run loadimage; then run loadfdt; echo Booting from mmc${mmcdev} ...; run mmcargs; bootz ${loadaddr} - ${fdtaddr}; fi;fi;
mmcdev=0
mmcroot=/dev/mmcblk0p2 rw
mmcrootfstype=ext4 rootwait
mtdids=nand0=nand.0
mtdparts=mtdparts=nand.0:256k(SPL),256k(SPL.backup1),256k(SPL.backup2),256k(SPL.backup3),1m(u-boot),512k(u-boot-spl-os),256k(u-boot-env),256k(u-boot-env.backup1),5m(kernel),-(rootfs)
nandargs=setenv bootargs console=${console} ${optargs} root=${nandroot} rootfstype=${nandrootfstype}
nandboot=echo Booting from nand ...; run nandargs; nand read ${fdtaddr} u-boot-spl-os; nand read ${loadaddr} kernel; bootz ${loadaddr} - ${fdtaddr}
nandroot=ubi0:rootfs rw ubi.mtd=9,2048
nandrootfstype=ubifs rootwait=1
netargs=setenv bootargs console=${console} ${optargs} root=/dev/nfs nfsroot=${serverip}:${rootpath},${nfsopts} rw ip=dhcp
netboot=echo Booting from network ...; setenv autoload no; dhcp; tftp ${loadaddr} ${bootfile}; tftp ${fdtaddr} ${fdtfile}; run netargs; bootz ${loadaddr} - ${fdtaddr}
nfsopts=nolock
ramargs=setenv bootargs console=${console} ${optargs} root=${ramroot} rootfstype=${ramrootfstype}
ramroot=/dev/ram0 rw ramdisk_size=65536 initrd=${rdaddr},64M
ramrootfstype=ext2
rdaddr=0x81000000
rootpart=2
rootpath=/export/rootfs
scan_boot=echo Scanning ${devtype} ${devnum}...; for prefix in ${bootdir}; do for script in ${bootfile}; do run script_boot; done; done;
script_boot=if load ${devtype} ${devnum}:${rootpart} ${loadaddr} ${bootdir}/${bootfile}; then run findfdt; load ${devtype} ${devnum}:${rootpart} ${fdtaddr} ${bootdir}/${fdtfile};fi;
serverip=192.168.0.1
soc=am33xx
static_ip=${ipaddr}:${serverip}:${gatewayip}:${netmask}:${hostname}::off
stderr=serial
stdin=serial
stdout=serial
usb_boot=setenv devtype usb; run usb_init; if usb dev 0; then run usbargs;run scan_boot; bootz ${loadaddr} - ${fdtaddr}; fi
usb_init=usb start 0;
vendor=ti
ver=U-Boot 2013.10-g78d8ebd (Mar 06 2014 - 13:09:07)

Environment size: 3658/131067 bytes
U-Boot# 
- 06:54:03 [INFO] Host: setenv bootargs ''${bootargs}' ip=dhcp '
- 06:54:03 [INFO] Target: 
setenv bootargs ''${bootargs}' ip=dhcp '
U-Boot# 
- 06:54:03 [INFO] Host: setenv ipaddr dhcp
- 06:54:04 [INFO] Target: 
setenv ipaddr dhcp
U-Boot# 
- 06:54:04 [INFO] Host: dhcp
- 06:54:05 [INFO] Target: 
dhcp
link up on port 0, speed 100, full duplex
BOOTP broadcast 1
DHCP client bound to address 192.168.0.202
U-Boot# 
- 06:54:05 [INFO] Host: setenv serverip '192.168.0.1'
- 06:54:06 [INFO] Target: 
setenv serverip '192.168.0.1'
U-Boot# 
- 06:54:06 [INFO] Host: tftp ${loadaddr} 192.168.0.1:vatf_am43xx-epos/516e103614242762bce12ce1e260d0f3
- 06:54:07 [INFO] Target: 
tftp ${loadaddr} 192.168.0.1:vatf_am43xx-epos/516e103614242762bce12ce1e260d0f3
link up on port 0, speed 100, full duplex
Using cpsw device
TFTP from server 192.168.0.1; our IP address is 192.168.0.202
Filename 'vatf_am43xx-epos/516e103614242762bce12ce1e260d0f3'.
Load address: 0x80200000
Loading: *#################################################################
	 #################################################################
	 #################################################################
	 #################################################################
	 #################################################################
	 ##########
	 4.4 MiB/s
done
Bytes transferred = 4911936 (4af340 hex)
U-Boot# 
- 06:54:07 [INFO] Host: tftp ${fdtaddr} 192.168.0.1:vatf_am43xx-epos/e188a51c9d77de91db090f983ef811ee
- 06:54:08 [INFO] Target: 
tftp ${fdtaddr} 192.168.0.1:vatf_am43xx-epos/e188a51c9d77de91db090f983ef811ee
link up on port 0, speed 100, full duplex
Using cpsw device
TFTP from server 192.168.0.1; our IP address is 192.168.0.202
Filename 'vatf_am43xx-epos/e188a51c9d77de91db090f983ef811ee'.
Load address: 0x80f80000
Loading: *###
	 4.3 MiB/s
done
Bytes transferred = 36234 (8d8a hex)
U-Boot# 
- 06:54:08 [INFO] Host: ls mmc 0:1
- 06:54:08 [INFO] Target: 
ls mmc 0:1
   108684   mlo 
     1164   readme 
   348828   u-boot.img 
       50   pointercal 
        1   .ipaddr 

5 file(s), 0 dir(s)

U-Boot# 
- 06:54:08 [INFO] Host: ls mmc 0:2
- 06:54:09 [INFO] Target: 
ls mmc 0:2
<DIR>       4096 .
<DIR>       4096 ..
<DIR>       4096 bin
<DIR>       4096 boot
<DIR>       4096 dev
<DIR>       4096 etc
<DIR>       4096 home
<DIR>       4096 lib
<DIR>       4096 media
<DIR>       4096 mnt
<DIR>       4096 opt
<DIR>       4096 proc
<DIR>       4096 sbin
<DIR>       4096 srv
<DIR>       4096 sys
<SYM>          8 tmp
<DIR>       4096 usr
<DIR>       4096 var
<DIR>       4096 www
<SYM>          8 run
<DIR>       4096 Settings
<DIR>       4096 test
U-Boot# 
- 06:54:09 [INFO] Host: part uuid mmc 0:2
- 06:54:09 [INFO] Target: 
part uuid mmc 0:2
00000000-02
U-Boot# 
- 06:54:09 [INFO] Host: printenv
- 06:54:10 [INFO] Target: 
printenv
arch=arm
autoload=no
baudrate=115200
board=am43xx
board_name=AM43EPOS
board_rev=1.1D
boot_targets=usb mmc0 nand 
bootargs=console=ttyO0,115200n8 earlyprintk rootwait ip=dhcp
bootcmd=
bootcmd_mmc0=setenv devnum 0; setenv rootpart 2; run mmc_boot;
bootcmd_nand=run nandboot;
bootcmd_usb=setenv devnum 0; run usb_boot;
bootdelay=3
bootdir=/boot
bootenv=uEnv.txt
bootfile=zImage
bootpart=0:2
console=ttyO0,115200n8
cpu=armv7
dnsip=192.0.2.2
dnsip2=192.0.2.3
eth1addr=34:b1:f7:31:60:cb
ethact=cpsw
ethaddr=34:b1:f7:31:60:c9
fdt_high=0xa0000000
fdtaddr=0x80F80000
fdtfile=undefined
fileaddr=80f80000
filesize=8d8a
findfdt=if test $board_name = AM43EPOS; then setenv fdtfile am43x-epos-evm.dtb; fi; if test $board_name = AM43__GP; then setenv fdtfile am437x-gp-evm.dtb; fi; if test $fdtfile = undefined; then echo WARNING: Could not determine device tree; fi; 
gatewayip=192.168.0.1
importbootenv=echo Importing environment from mmc ...; env import -t $loadaddr $filesize
ipaddr=192.168.0.202
loadaddr=0x80200000
loadbootenv=load mmc ${mmcdev} ${loadaddr} ${bootenv}
loadfdt=load mmc ${bootpart} ${fdtaddr} ${bootdir}/${fdtfile}
loadimage=load mmc ${bootpart} ${loadaddr} ${bootdir}/${bootfile}
loadramdisk=load mmc ${mmcdev} ${rdaddr} ramdisk.gz
mmc_boot=setenv devtype mmc; if mmc dev ${devnum}; then run mmcargs;run scan_boot; run mmcboot;setenv mmcdev 1; setenv bootpart 1:2; run mmcboot;fi
mmcargs=setenv bootargs console=${console} ${optargs} root=${mmcroot} rootfstype=${mmcrootfstype}
mmcboot=mmc dev ${mmcdev}; if mmc rescan; then echo SD/MMC found on device ${mmcdev};if run loadbootenv; then echo Loaded environment from ${bootenv};run importbootenv;fi;if test -n $uenvcmd; then echo Running uenvcmd ...;run uenvcmd;fi;if run loadimage; then run loadfdt; echo Booting from mmc${mmcdev} ...; run mmcargs; bootz ${loadaddr} - ${fdtaddr}; fi;fi;
mmcdev=0
mmcroot=/dev/mmcblk0p2 rw
mmcrootfstype=ext4 rootwait
mtdids=nand0=nand.0
mtdparts=mtdparts=nand.0:256k(SPL),256k(SPL.backup1),256k(SPL.backup2),256k(SPL.backup3),1m(u-boot),512k(u-boot-spl-os),256k(u-boot-env),256k(u-boot-env.backup1),5m(kernel),-(rootfs)
nandargs=setenv bootargs console=${console} ${optargs} root=${nandroot} rootfstype=${nandrootfstype}
nandboot=echo Booting from nand ...; run nandargs; nand read ${fdtaddr} u-boot-spl-os; nand read ${loadaddr} kernel; bootz ${loadaddr} - ${fdtaddr}
nandroot=ubi0:rootfs rw ubi.mtd=9,2048
nandrootfstype=ubifs rootwait=1
netargs=setenv bootargs console=${console} ${optargs} root=/dev/nfs nfsroot=${serverip}:${rootpath},${nfsopts} rw ip=dhcp
netboot=echo Booting from network ...; setenv autoload no; dhcp; tftp ${loadaddr} ${bootfile}; tftp ${fdtaddr} ${fdtfile}; run netargs; bootz ${loadaddr} - ${fdtaddr}
netmask=255.255.255.0
nfsopts=nolock
ramargs=setenv bootargs console=${console} ${optargs} root=${ramroot} rootfstype=${ramrootfstype}
ramroot=/dev/ram0 rw ramdisk_size=65536 initrd=${rdaddr},64M
ramrootfstype=ext2
rdaddr=0x81000000
rootpart=2
rootpath=/export/rootfs
scan_boot=echo Scanning ${devtype} ${devnum}...; for prefix in ${bootdir}; do for script in ${bootfile}; do run script_boot; done; done;
script_boot=if load ${devtype} ${devnum}:${rootpart} ${loadaddr} ${bootdir}/${bootfile}; then run findfdt; load ${devtype} ${devnum}:${rootpart} ${fdtaddr} ${bootdir}/${fdtfile};fi;
serverip=192.168.0.1
soc=am33xx
static_ip=${ipaddr}:${serverip}:${gatewayip}:${netmask}:${hostname}::off
stderr=serial
stdin=serial
stdout=serial
usb_boot=setenv devtype usb; run usb_init; if usb dev 0; then run usbargs;run scan_boot; bootz ${loadaddr} - ${fdtaddr}; fi
usb_init=usb start 0;
vendor=ti
ver=U-Boot 2013.10-g78d8ebd (Mar 06 2014 - 13:09:07)

Environment size: 3809/131067 bytes
U-Boot# 
- 06:54:10 [INFO] Host: setenv bootargs ''${bootargs}' root=PARTUUID=00000000-02 rw rootfstype=ext4 rootwait '
- 06:54:10 [INFO] Target: 
setenv bootargs ''${bootargs}' root=PARTUUID=00000000-02 rw rootfstype=ext4 rootwait '
U-Boot# 
- 06:54:10 [INFO] Host: printenv
- 06:54:11 [INFO] Target: 
printenv
arch=arm
autoload=no
baudrate=115200
board=am43xx
board_name=AM43EPOS
board_rev=1.1D
boot_targets=usb mmc0 nand 
bootargs=console=ttyO0,115200n8 earlyprintk rootwait ip=dhcp root=PARTUUID=00000000-02 rw rootfstype=ext4 rootwait
bootcmd=
bootcmd_mmc0=setenv devnum 0; setenv rootpart 2; run mmc_boot;
bootcmd_nand=run nandboot;
bootcmd_usb=setenv devnum 0; run usb_boot;
bootdelay=3
bootdir=/boot
bootenv=uEnv.txt
bootfile=zImage
bootpart=0:2
console=ttyO0,115200n8
cpu=armv7
dnsip=192.0.2.2
dnsip2=192.0.2.3
eth1addr=34:b1:f7:31:60:cb
ethact=cpsw
ethaddr=34:b1:f7:31:60:c9
fdt_high=0xa0000000
fdtaddr=0x80F80000
fdtfile=undefined
fileaddr=80f80000
filesize=8d8a
findfdt=if test $board_name = AM43EPOS; then setenv fdtfile am43x-epos-evm.dtb; fi; if test $board_name = AM43__GP; then setenv fdtfile am437x-gp-evm.dtb; fi; if test $fdtfile = undefined; then echo WARNING: Could not determine device tree; fi; 
gatewayip=192.168.0.1
importbootenv=echo Importing environment from mmc ...; env import -t $loadaddr $filesize
ipaddr=192.168.0.202
loadaddr=0x80200000
loadbootenv=load mmc ${mmcdev} ${loadaddr} ${bootenv}
loadfdt=load mmc ${bootpart} ${fdtaddr} ${bootdir}/${fdtfile}
loadimage=load mmc ${bootpart} ${loadaddr} ${bootdir}/${bootfile}
loadramdisk=load mmc ${mmcdev} ${rdaddr} ramdisk.gz
mmc_boot=setenv devtype mmc; if mmc dev ${devnum}; then run mmcargs;run scan_boot; run mmcboot;setenv mmcdev 1; setenv bootpart 1:2; run mmcboot;fi
mmcargs=setenv bootargs console=${console} ${optargs} root=${mmcroot} rootfstype=${mmcrootfstype}
mmcboot=mmc dev ${mmcdev}; if mmc rescan; then echo SD/MMC found on device ${mmcdev};if run loadbootenv; then echo Loaded environment from ${bootenv};run importbootenv;fi;if test -n $uenvcmd; then echo Running uenvcmd ...;run uenvcmd;fi;if run loadimage; then run loadfdt; echo Booting from mmc${mmcdev} ...; run mmcargs; bootz ${loadaddr} - ${fdtaddr}; fi;fi;
mmcdev=0
mmcroot=/dev/mmcblk0p2 rw
mmcrootfstype=ext4 rootwait
mtdids=nand0=nand.0
mtdparts=mtdparts=nand.0:256k(SPL),256k(SPL.backup1),256k(SPL.backup2),256k(SPL.backup3),1m(u-boot),512k(u-boot-spl-os),256k(u-boot-env),256k(u-boot-env.backup1),5m(kernel),-(rootfs)
nandargs=setenv bootargs console=${console} ${optargs} root=${nandroot} rootfstype=${nandrootfstype}
nandboot=echo Booting from nand ...; run nandargs; nand read ${fdtaddr} u-boot-spl-os; nand read ${loadaddr} kernel; bootz ${loadaddr} - ${fdtaddr}
nandroot=ubi0:rootfs rw ubi.mtd=9,2048
nandrootfstype=ubifs rootwait=1
netargs=setenv bootargs console=${console} ${optargs} root=/dev/nfs nfsroot=${serverip}:${rootpath},${nfsopts} rw ip=dhcp
netboot=echo Booting from network ...; setenv autoload no; dhcp; tftp ${loadaddr} ${bootfile}; tftp ${fdtaddr} ${fdtfile}; run netargs; bootz ${loadaddr} - ${fdtaddr}
netmask=255.255.255.0
nfsopts=nolock
ramargs=setenv bootargs console=${console} ${optargs} root=${ramroot} rootfstype=${ramrootfstype}
ramroot=/dev/ram0 rw ramdisk_size=65536 initrd=${rdaddr},64M
ramrootfstype=ext2
rdaddr=0x81000000
rootpart=2
rootpath=/export/rootfs
scan_boot=echo Scanning ${devtype} ${devnum}...; for prefix in ${bootdir}; do for script in ${bootfile}; do run script_boot; done; done;
script_boot=if load ${devtype} ${devnum}:${rootpart} ${loadaddr} ${bootdir}/${bootfile}; then run findfdt; load ${devtype} ${devnum}:${rootpart} ${fdtaddr} ${bootdir}/${fdtfile};fi;
serverip=192.168.0.1
soc=am33xx
static_ip=${ipaddr}:${serverip}:${gatewayip}:${netmask}:${hostname}::off
stderr=serial
stdin=serial
stdout=serial
usb_boot=setenv devtype usb; run usb_init; if usb dev 0; then run usbargs;run scan_boot; bootz ${loadaddr} - ${fdtaddr}; fi
usb_init=usb start 0;
vendor=ti
ver=U-Boot 2013.10-g78d8ebd (Mar 06 2014 - 13:09:07)

Environment size: 3863/131067 bytes
U-Boot# 
- 06:54:11 [INFO] Host: setenv bootcmd ''${bootcmd}' if iminfo ${loadaddr}; then bootm ${loadaddr} - ${fdtaddr}; else bootz ${loadaddr} - ${fdtaddr}; bootm ${loadaddr} - ${fdtaddr}; fi'
- 06:54:11 [INFO] Target: 
setenv bootcmd ''${bootcmd}' if iminfo ${loadaddr}; then bootm ${loadaddr} - ${fdtaddr}; else bootz ${loadaddr} - ${fdtaddr}; bootm ${loadaddr} - ${fdtaddr}; fi'
U-Boot# 
- 06:54:11 [INFO] Host: bdinfo
- 06:54:12 [INFO] Target: 
bdinfo
arch_number = 0xBEBE7ACB
boot_params = 0x80000100
DRAM bank   = 0x00000000
-> start    = 0x80000000
-> size     = 0x40000000
eth0name    = cpsw
ethaddr     = 34:b1:f7:31:60:c9
current eth = cpsw
ip_addr     = 192.168.0.202
baudrate    = 115200 bps
TLB addr    = 0xBFFF0000
relocaddr   = 0xBFF41000
reloc off   = 0x3F741000
irq_sp      = 0xBFB20F38
sp start    = 0xBFB20F28
U-Boot# 
- 06:54:12 [INFO] Host: boot
- 06:54:53 [INFO] Target: 
boot

## Checking Image at 80200000 ...
Unknown image format!
Kernel image @ 0x80200000 [ 0x000000 - 0x4af340 ]
## Flattened Device Tree blob at 80f80000
   Booting using the fdt blob at 0x80f80000
   Loading Device Tree to 9fff4000, end 9ffffd89 ... OK

Starting kernel ...

[    0.000000] Booting Linux on physical CPU 0x0
[    0.000000] Linux version 3.16.0-rc1-next-20140617-00002-g2e3d16e (nmenon@kahuna) (gcc version 4.6.3 (Ubuntu/Linaro 4.6.3-1ubuntu5) ) #1 SMP Tue Jun 17 05:48:15 CDT 2014
[    0.000000] CPU: ARMv7 Processor [412fc09a] revision 10 (ARMv7), cr=10c5387d
[    0.000000] CPU: PIPT / VIPT nonaliasing data cache, VIPT aliasing instruction cache
[    0.000000] Machine model: TI AM43x EPOS EVM
[    0.000000] cma: CMA: reserved 64 MiB at ab800000
[    0.000000] Memory policy: Data cache writeback
[    0.000000] CPU: All CPU(s) started in SVC mode.
[    0.000000] AM437x ES1.1 (sgx neon )
[    0.000000] L2C: platform modifies aux control register: 0x0e030000 -> 0x3e430000
[    0.000000] L2C: DT/platform modifies aux control register: 0x0e030000 -> 0x3e430000
[    0.000000] L2C-310 erratum 769419 enabled
[    0.000000] L2C-310 enabling early BRESP for Cortex-A9
[    0.000000] L2C-310 ID prefetch enabled, offset 1 lines
[    0.000000] ------------[ cut here ]------------
[    0.000000] WARNING: CPU: 0 PID: 0 at arch/arm/mach-omap2/omap4-common.c:192 omap4_l2c310_write_sec+0x5c/0x8c()
[    0.000000] OMAP L2C310: ignoring write to reg 0xf80
[    0.000000] Modules linked in:
[    0.000000] CPU: 0 PID: 0 Comm: swapper Not tainted 3.16.0-rc1-next-20140617-00002-g2e3d16e #1
[    0.000000] [<c02157bc>] (unwind_backtrace) from [<c02113ec>] (show_stack+0x10/0x14)
[    0.000000] [<c02113ec>] (show_stack) from [<c07fff64>] (dump_stack+0x70/0x8c)
[    0.000000] [<c07fff64>] (dump_stack) from [<c0247d48>] (warn_slowpath_common+0x64/0x84)
[    0.000000] [<c0247d48>] (warn_slowpath_common) from [<c0247dfc>] (warn_slowpath_fmt+0x30/0x40)
[    0.000000] [<c0247dfc>] (warn_slowpath_fmt) from [<c022f3a8>] (omap4_l2c310_write_sec+0x5c/0x8c)
[    0.000000] [<c022f3a8>] (omap4_l2c310_write_sec) from [<c0ac95c8>] (l2c310_enable+0x150/0x1f8)
[    0.000000] [<c0ac95c8>] (l2c310_enable) from [<c0ac91b4>] (__l2c_init+0x15c/0x1e4)
[    0.000000] [<c0ac91b4>] (__l2c_init) from [<c0ac9868>] (l2x0_of_init+0x134/0x160)
[    0.000000] [<c0ac9868>] (l2x0_of_init) from [<c0addd3c>] (omap_l2_cache_init+0x68/0x9c)
[    0.000000] [<c0addd3c>] (omap_l2_cache_init) from [<c0ad93c0>] (am43xx_init_early+0x68/0x80)
[    0.000000] [<c0ad93c0>] (am43xx_init_early) from [<c0ac5390>] (setup_arch+0x88c/0x960)
[    0.000000] [<c0ac5390>] (setup_arch) from [<c0ac2888>] (start_kernel+0x7c/0x37c)
[    0.000000] [<c0ac2888>] (start_kernel) from [<80208074>] (0x80208074)
[    0.000000] ---[ end trace cb88537fdc8fa200 ]---
[    0.000000] L2C-310 dynamic clock gating disabled, standby mode disabled
[    0.000000] L2C-310 cache controller enabled, 16 ways, 256 kB
[    0.000000] L2C-310: CACHE_ID 0x410000c9, AUX_CTRL 0x7e430000
[    0.000000] PERCPU: Embedded 8 pages/cpu @eafae000 s8448 r8192 d16128 u32768
[    0.000000] Built 1 zonelists in Zone order, mobility grouping on.  Total pages: 260624
[    0.000000] Kernel command line: console=ttyO0,115200n8 earlyprintk rootwait ip=dhcp root=PARTUUID=00000000-02 rw rootfstype=ext4 rootwait
[    0.000000] PID hash table entries: 4096 (order: 2, 16384 bytes)
[    0.000000] Dentry cache hash table entries: 131072 (order: 7, 524288 bytes)
[    0.000000] Inode-cache hash table entries: 65536 (order: 6, 262144 bytes)
[    0.000000] Memory: 962892K/1048576K available (6368K kernel code, 895K rwdata, 2564K rodata, 656K init, 304K bss, 85684K reserved, 270336K highmem)
[    0.000000] Virtual kernel memory layout:
[    0.000000]     vector  : 0xffff0000 - 0xffff1000   (   4 kB)
[    0.000000]     fixmap  : 0xffc00000 - 0xffe00000   (2048 kB)
[    0.000000]     vmalloc : 0xf0000000 - 0xff000000   ( 240 MB)
[    0.000000]     lowmem  : 0xc0000000 - 0xef800000   ( 760 MB)
[    0.000000]     pkmap   : 0xbfe00000 - 0xc0000000   (   2 MB)
[    0.000000]     modules : 0xbf000000 - 0xbfe00000   (  14 MB)
[    0.000000]       .text : 0xc0208000 - 0xc0ac1420   (8934 kB)
[    0.000000]       .init : 0xc0ac2000 - 0xc0b66100   ( 657 kB)
[    0.000000]       .data : 0xc0b68000 - 0xc0c47d40   ( 896 kB)
[    0.000000]        .bss : 0xc0c47d48 - 0xc0c93e50   ( 305 kB)
[    0.000000] SLUB: HWalign=64, Order=0-3, MinObjects=0, CPUs=1, Nodes=1
[    0.000000] Hierarchical RCU implementation.
[    0.000000] 	RCU restricting CPUs from NR_CPUS=8 to nr_cpu_ids=1.
[    0.000000] RCU: Adjusting geometry for rcu_fanout_leaf=16, nr_cpu_ids=1
[    0.000000] NR_IRQS:16 nr_irqs:16 16
[    0.000000] GIC CPU mask not found - kernel will fail to boot.
[    0.000000] GIC CPU mask not found - kernel will fail to boot.
[    0.000000] OMAP clockevent source: timer2 at 25000000 Hz
[    0.000013] sched_clock: 32 bits at 25MHz, resolution 40ns, wraps every 171798691800ns
[    0.000035] OMAP clocksource: timer1 at 25000000 Hz
[    0.000216] Console: colour dummy device 80x30
[    0.000251] Calibrating delay loop... 1195.21 BogoMIPS (lpj=2988032)
[    0.059313] pid_max: default: 32768 minimum: 301
[    0.059483] Mount-cache hash table entries: 2048 (order: 1, 8192 bytes)
[    0.059499] Mountpoint-cache hash table entries: 2048 (order: 1, 8192 bytes)
[    0.060191] CPU: Testing write buffer coherency: ok
[    0.060550] CPU0: thread -1, cpu 0, socket 0, mpidr 80000000
[    0.060651] Setting up static identity map for 0x80805018 - 0x808050b0
[    0.063408] Brought up 1 CPUs
[    0.063425] SMP: Total of 1 processors activated.
[    0.063435] CPU: All CPU(s) started in SVC mode.
[    0.064094] devtmpfs: initialized
[    0.071305] VFP support v0.3: implementor 41 architecture 3 part 30 variant 9 rev 4
[    0.086730] omap_hwmod: tptc0 using broken dt data from edma
[    0.086876] omap_hwmod: tptc1 using broken dt data from edma
[    0.086999] omap_hwmod: tptc2 using broken dt data from edma
[    0.147192] pinctrl core: initialized pinctrl subsystem
[    0.147766] regulator-dummy: no parameters
[    0.163926] NET: Registered protocol family 16
[    0.166705] DMA: preallocated 256 KiB pool for atomic coherent allocations
[    0.169231] cpuidle: using governor ladder
[    0.169258] cpuidle: using governor menu
[    0.188231] omap_l3_noc 44000000.ocp: L3 debug error: target 8 mod:0 (unclearable)
[    0.188301] omap_l3_noc 44000000.ocp: L3 application error: target 8 mod:0 (unclearable)
[    0.189059] platform 49000000.edma: alias fck already exists
[    0.189086] platform 49000000.edma: alias fck already exists
[    0.189103] platform 49000000.edma: alias fck already exists
[    0.191034] OMAP GPIO hardware version 0.1
[    0.196452] platform 53701000.des: Cannot lookup hwmod 'des'
[    0.197092] omap-gpmc 50000000.gpmc: could not find pctldev for node /pinmux@44e10800/nand_flash_x8, deferring probe
[    0.197121] platform 50000000.gpmc: Driver omap-gpmc requests probe deferral
[    0.198937] platform 48347000.hdq: Cannot lookup hwmod 'hdq1w'
[    0.199185] platform 4832a000.dss: Cannot lookup hwmod 'dss_core'
[    0.200848] platform 4832a400.dispc: Cannot lookup hwmod 'dss_dispc'
[    0.201123] platform 4832a800.rfbi: Cannot lookup hwmod 'dss_rfbi'
[    0.201358] No ATAGs?
[    0.201396] hw-breakpoint: found 5 (+1 reserved) breakpoint and 1 watchpoint registers.
[    0.201408] hw-breakpoint: maximum watchpoint size is 4 bytes.
[    0.202422] EXYNOS: PMU not supported
[    0.205413] Serial: AMBA PL011 UART driver
[    0.226083] edma-dma-engine edma-dma-engine.0: TI EDMA DMA engine driver
[    0.226951] vmmcsd_fixed: 3300 mV 
[    0.229739] vgaarb: loaded
[    0.230566] SCSI subsystem initialized
[    0.231280] usbcore: registered new interface driver usbfs
[    0.231361] usbcore: registered new interface driver hub
[    0.231526] usbcore: registered new device driver usb
[    0.232289] omap_i2c 44e0b000.i2c: could not find pctldev for node /pinmux@44e10800/pinmux_i2c0_pins, deferring probe
[    0.232319] platform 44e0b000.i2c: Driver omap_i2c requests probe deferral
[    0.232356] omap_i2c 4819c000.i2c: could not find pctldev for node /pinmux@44e10800/pinmux_i2c2_pins, deferring probe
[    0.232373] platform 4819c000.i2c: Driver omap_i2c requests probe deferral
[    0.232677] Linux video capture interface: v2.00
[    0.232738] pps_core: LinuxPPS API ver. 1 registered
[    0.232748] pps_core: Software ver. 5.3.6 - Copyright 2005-2007 Rodolfo Giometti <giometti@linux.it>
[    0.232782] PTP clock support registered
[    0.232876] EDAC MC: Ver: 3.0.0
[    0.233930] Advanced Linux Sound Architecture Driver Initialized.
[    0.235496] Switched to clocksource timer1
[    0.247922] NET: Registered protocol family 2
[    0.248693] TCP established hash table entries: 8192 (order: 3, 32768 bytes)
[    0.248803] TCP bind hash table entries: 8192 (order: 4, 65536 bytes)
[    0.248992] TCP: Hash tables configured (established 8192 bind 8192)
[    0.249070] TCP: reno registered
[    0.249088] UDP hash table entries: 512 (order: 2, 16384 bytes)
[    0.249156] UDP-Lite hash table entries: 512 (order: 2, 16384 bytes)
[    0.249435] NET: Registered protocol family 1
[    0.249876] RPC: Registered named UNIX socket transport module.
[    0.249892] RPC: Registered udp transport module.
[    0.249901] RPC: Registered tcp transport module.
[    0.249910] RPC: Registered tcp NFSv4.1 backchannel transport module.
[    0.252796] futex hash table entries: 256 (order: 2, 16384 bytes)
[    0.266583] squashfs: version 4.0 (2009/01/31) Phillip Lougher
[    0.267649] NFS: Registering the id_resolver key type
[    0.267709] Key type id_resolver registered
[    0.267719] Key type id_legacy registered
[    0.267799] msgmni has been set to 1480
[    0.268433] bounce: pool size: 64 pages
[    0.268728] Block layer SCSI generic (bsg) driver version 0.4 loaded (major 249)
[    0.268757] io scheduler noop registered
[    0.268774] io scheduler deadline registered
[    0.269047] io scheduler cfq registered (default)
[    0.272943] pinctrl-single 44e10800.pinmux: 199 pins at pa f9e10800 size 796
[    0.276914] backlight supply power not found, using dummy regulator
[    0.277059] pwm-backlight backlight: unable to request PWM, trying legacy API
[    0.277077] pwm-backlight backlight: unable to request legacy PWM
[    0.277178] platform backlight: Driver pwm-backlight requests probe deferral
[    0.349197] Serial: 8250/16550 driver, 4 ports, IRQ sharing disabled
[    0.351661] Serial: IMX driver
[    0.352026] msm_serial: driver initialized
[    0.352577] omap_uart 44e09000.serial: no wakeirq for uart0
[    0.352605] omap_uart 44e09000.serial: No clock speed specified: using default: 48000000
[    0.352781] 44e09000.serial: ttyO0 at MMIO 0x44e09000 (irq = 104, base_baud = 3000000) is a OMAP UART0
[    1.341082] console [ttyO0] enabled
[    1.345459] STMicroelectronics ASC driver initialized
[    1.351753] serial: Freescale lpuart driver
[    1.356448] [drm] Initialized drm 1.1.0 20060810
[    1.367579] loop: module loaded
[    1.376560] CAN device driver interface
[    1.382735] pegasus: v0.9.3 (2013/04/25), Pegasus/Pegasus II USB Ethernet driver
[    1.390686] usbcore: registered new interface driver pegasus
[    1.396764] usbcore: registered new interface driver asix
[    1.402540] usbcore: registered new interface driver ax88179_178a
[    1.409040] usbcore: registered new interface driver cdc_ether
[    1.415283] usbcore: registered new interface driver smsc75xx
[    1.421438] usbcore: registered new interface driver smsc95xx
[    1.427566] usbcore: registered new interface driver net1080
[    1.433609] usbcore: registered new interface driver cdc_subset
[    1.439939] usbcore: registered new interface driver zaurus
[    1.445937] usbcore: registered new interface driver cdc_ncm
[    1.451974] ehci_hcd: USB 2.0 'Enhanced' Host Controller (EHCI) Driver
[    1.458877] ehci-pci: EHCI PCI platform driver
[    1.463654] ehci-platform: EHCI generic platform driver
[    1.469441] ehci-omap: OMAP-EHCI Host Controller driver
[    1.475151] ehci-orion: EHCI orion driver
[    1.479544] SPEAr-ehci: EHCI SPEAr driver
[    1.483918] tegra-ehci: Tegra EHCI driver
[    1.488320] ohci_hcd: USB 1.1 'Open' Host Controller (OHCI) Driver
[    1.494888] ohci-pci: OHCI PCI platform driver
[    1.499679] ohci-platform: OHCI generic platform driver
[    1.505363] ohci-omap3: OHCI OMAP3 driver
[    1.509755] SPEAr-ohci: OHCI SPEAr driver
[    1.514849] usbcore: registered new interface driver usb-storage
[    1.523299] mousedev: PS/2 mouse device common for all mice
[    1.532247] i2c /dev entries driver
[    1.537165] usbcore: registered new interface driver uvcvideo
[    1.543255] USB Video Class driver (1.1.1)
[    1.547593] gspca_main: v2.14.0 registered
[    1.554648] sdhci: Secure Digital Host Controller Interface driver
[    1.561198] sdhci: Copyright(c) Pierre Ossman
[    1.596064] Synopsys Designware Multimedia Card Interface Driver
[    1.603241] sdhci-pltfm: SDHCI platform and OF driver helper
[    1.610419] usbcore: registered new interface driver usbhid
[    1.616347] usbhid: USB HID core driver
[    1.626318] TCP: cubic registered
[    1.629835] NET: Registered protocol family 17
[    1.634594] can: controller area network core (rev 20120528 abi 9)
[    1.641220] NET: Registered protocol family 29
[    1.645950] can: raw protocol (rev 20120528)
[    1.650482] can: broadcast manager protocol (rev 20120528 t)
[    1.656486] can: netlink gateway (rev 20130117) max_hops=1
[    1.662883] Key type dns_resolver registered
[    1.667726] omap_voltage_late_init: Voltage driver support not added
[    1.675116] ThumbEE CPU extension supported.
[    1.679715] Registering SWP/SWPB emulation handler
[    1.686472] omap-gpmc 50000000.gpmc: GPMC revision 6.0
[    1.693976] at24 0-0050: 32768 byte 24c256 EEPROM, writable, 64 bytes/write
[    1.711756] omap_i2c 44e0b000.i2c: bus 0 rev0.12 at 100 kHz
[    1.721276] omap_i2c 4819c000.i2c: bus 2 rev0.12 at 100 kHz
[    1.727735] backlight supply power not found, using dummy regulator
[    1.734578] pwm-backlight backlight: unable to request PWM, trying legacy API
[    1.742143] pwm-backlight backlight: unable to request legacy PWM
[    1.748674] platform backlight: Driver pwm-backlight requests probe deferral
[    1.779687] mmc0: host does not support reading read-only switch. assuming write-enable.
[    1.790773] mmc0: new high speed SDHC card at address 1234
[    1.797090] mmcblk0: mmc0:1234 SA04G 3.63 GiB 
[    1.804073]  mmcblk0: p1 p2 p3
[    1.808999] backlight supply power not found, using dummy regulator
[    1.815865] pwm-backlight backlight: unable to request PWM, trying legacy API
[    1.823434] pwm-backlight backlight: unable to request legacy PWM
[    1.829957] platform backlight: Driver pwm-backlight requests probe deferral
[    1.837990] davinci_mdio 4a101000.mdio: davinci mdio revision 1.6
[    1.844481] davinci_mdio 4a101000.mdio: detected phy mask fffeffff
[    1.851811] libphy: 4a101000.mdio: probed
[    1.856126] davinci_mdio 4a101000.mdio: phy[16]: device 4a101000.mdio:10, driver unknown
[    1.865878] cpsw 4a100000.ethernet: Detected MACID = 34:b1:f7:31:60:c9
[    1.874244] drivers/rtc/hctosys.c: unable to open rtc device (rtc0)
[    1.885357] net eth0: initializing cpsw version 1.15 (0)
[    1.892955] backlight supply power not found, using dummy regulator
[    1.899818] pwm-backlight backlight: unable to request PWM, trying legacy API
[    1.907391] pwm-backlight backlight: unable to request legacy PWM
[    1.913922] platform backlight: Driver pwm-backlight requests probe deferral
[    1.955878] net eth0: phy found : id is : 0x20005c90
[    1.961220] libphy: PHY 4a101000.mdio:01 not found
[    1.966290] net eth0: phy 4a101000.mdio:01 not found on slave 1
[    3.956130] cpsw 4a100000.ethernet eth0: Link is Up - 100Mbps/Full - flow control rx/tx
[    3.975511] Sending DHCP requests .,... OK
[   19.080974] IP-Config: Got DHCP answer from 192.168.0.1, my address is 192.168.0.202
[   19.089324] IP-Config: Complete:
[   19.092793]      device=eth0, hwaddr=34:b1:f7:31:60:c9, ipaddr=192.168.0.202, mask=255.255.255.0, gw=192.168.0.1
[   19.103542]      host=192.168.0.202, domain=ti.com, nis-domain=(none)
[   19.110347]      bootserver=192.168.0.1, rootserver=192.168.0.1, rootpath=
[   19.117431]      nameserver0=192.0.2.2, nameserver1=192.0.2.3
[   19.123992] ALSA device list:
[   19.127164]   No soundcards found.
[   19.156572] EXT4-fs (mmcblk0p2): mounted filesystem with ordered data mode. Opts: (null)
[   19.165202] VFS: Mounted root (ext4 filesystem) on device 179:2.
[   19.181235] devtmpfs: mounted
[   19.184982] Freeing unused kernel memory: 656K (c0ac2000 - c0b66000)

INIT: version 2.88 booting

Error opening /dev/fb0: No such file or directory
Starting udev
[   19.789396] udevd[76]: starting version 182
[   20.803009] random: nonblocking pool is initialized
[   22.480766] EXT4-fs (mmcblk0p3): mounted filesystem without journal. Opts: (null)
[   22.518797] FAT-fs (mmcblk0p1): codepage cp437 not found
[   22.706020] FAT-fs (mmcblk0p1): codepage cp437 not found
[   23.474135] FAT-fs (mmcblk0p1): codepage cp437 not found
[   23.624595] FAT-fs (mmcblk0p1): codepage cp437 not found
Starting Bootlog daemon: bootlogd.

[   23.793544] EXT4-fs (mmcblk0p2): re-mounted. Opts: data=ordered
ALSA: Restoring mixer settings...

/usr/sbin/alsactl: load_state:1696: No soundcards found...

Configuring network interfaces... udhcpc (v1.20.2) started

Sending discover...

Sending select for 192.168.0.184...

Sending select for 192.168.0.184...

Sending select for 192.168.0.184...

No lease, failing

done.

hwclock: can't open '/dev/misc/rtc': No such file or directory

Sat Dec 28 09:04:00 UTC 2013

hwclock: can't open '/dev/misc/rtc': No such file or directory


INIT: Entering runlevel: 5


Starting system message bus: dbus.

Starting Dropbear SSH server: dropbear.

Starting telnet daemon.

hwclock: can't open '/dev/misc/rtc': No such file or directory

Starting syslogd/klogd: done

Starting thttpd.

Starting Lighttpd Web Server: lighttpd.

2013-12-28 09:04:00: (log.c.166) server started 

/etc/rc5.d/S96am335x-pm-firmware-load: line 4: /sys/devices/44000000.ocp/44d00000.wkup_m3/firmware/am335x-pm-firmware.bin/loading: No such file or directory

/etc/rc5.d/S96am335x-pm-firmware-load: line 5: /sys/devices/44000000.ocp/44d00000.wkup_m3/firmware/am335x-pm-firmware.bin/data: No such file or directory

/etc/rc5.d/S96am335x-pm-firmware-load: line 6: /sys/devices/44000000.ocp/44d00000.wkup_m3/firmware/am335x-pm-firmware.bin/loading: No such file or directory

/

Starting Matrix GUI application.

***************************************************************

***************************************************************

NOTICE: This file system contains the followin GPLv3 packages:

	binutils-symlinks

	binutils

	gdbserver



If you do not wish to distribute GPLv3 components please remove

the above packages prior to distribution.  This can be done using

the opkg remove command.  i.e.:

    opkg remove <package>

Where <package> is the name printed in the list above



NOTE: If the package is a dependency of another package you

      will be notified of the dependent packages.  You should

      use the --force-removal-of-dependent-packages option to

      also remove the dependent packages as well

***************************************************************

***************************************************************

Stopping Bootlog daemon: bootlogd.

 _____                    _____           _         _   
|  _  |___ ___ ___ ___   |  _  |___ ___  |_|___ ___| |_ 
|     |  _| .'| . | . |  |   __|  _| . | | | -_|  _|  _|
|__|__|_| |__,|_  |___|  |__|  |_| |___|_| |___|___|_|  
              |___|                    |___|            

Arago Project http://arago-project.org am437x-evm ttyO0

Arago 2013.12 am437x-evm ttyO0

am437x-evm login: 
- 06:54:53 [INFO] Host: root
- 06:54:54 [INFO] Target: 
root
root@am437x-evm:~# 
- 06:54:54 [INFO] Host: uname -a
- 06:54:54 [INFO] Target: 
uname -a
Linux am437x-evm 3.16.0-rc1-next-20140617-00002-g2e3d16e #1 SMP Tue Jun 17 05:48:15 CDT 2014 armv7l GNU/Linux
root@am437x-evm:~# 
- 06:54:54 [INFO] Host: cat /proc/cmdline
- 06:54:55 [INFO] Target: 
cat /proc/cmdline
console=ttyO0,115200n8 earlyprintk rootwait ip=dhcp root=PARTUUID=00000000-02 rw rootfstype=ext4 rootwait
root@am437x-evm:~# 
- 06:54:55 [INFO] Host: uname -a
- 06:54:56 [INFO] Target: 
uname -a
Linux am437x-evm 3.16.0-rc1-next-20140617-00002-g2e3d16e #1 SMP Tue Jun 17 05:48:15 CDT 2014 armv7l GNU/Linux
root@am437x-evm:~# 
- 06:54:56 [INFO] Host: cat /proc/mtd
- 06:54:56 [INFO] Target: 
cat /proc/mtd
dev:    size   erasesize  name
root@am437x-evm:~# 
- 06:55:03 [INFO] Host: export IPERFHOST=192.168.0.1
- 06:55:04 [INFO] Target: 
export IPERFHOST=192.168.0.1
root@am437x-evm:~# 
- 06:55:04 [INFO] Host: export NFS_SERVER=192.168.0.1
- 06:55:04 [INFO] Target: 
export NFS_SERVER=192.168.0.1
root@am437x-evm:~# 
- 06:55:04 [INFO] Host: export NFS_ROOT_PATH=/home/tigtfarm02/NFS_exports/am43xx-epos
- 06:55:05 [INFO] Target: 
export NFS_ROOT_PATH=/home/tigtfarm02/NFS_exports/am43xx-epos 
[Aroot@am437x-evm:~# export NFS_ROOT_PATH=/home/tigtfarm02/NFS_exports/am43xx-epo[Ks
root@am437x-evm:~# 
- 06:55:05 [INFO] Host: mkdir -p -m 777 /test
- 06:55:05 [INFO] Target: 
mkdir -p -m 777 /test
root@am437x-evm:~# 
- 06:55:05 [INFO] Host: cd /test
- 06:55:06 [INFO] Target: 
cd /test
root@am437x-evm:/test# 
- 06:55:06 [INFO] Host: cat > test.sh << EOF
- 06:55:06 [INFO] Target: 
cat > test.sh << EOF
> 
- 06:55:06 [INFO] Host: failtest() {

- 06:55:07 [INFO] Target: 
failtest() {
> 
- 06:55:07 [INFO] Host:   echo 1 >&3

- 06:55:07 [INFO] Target: 
  echo 1 >&3
> 
- 06:55:07 [INFO] Host: }

- 06:55:08 [INFO] Target: 
}
> 
- 06:55:08 [INFO] Host: script=anonymous:anonymous@gtautoftp.gt.design.ti.com/anonymous/opentest/target-test-basic.sh_md5_5d260c597a39e144f6dea1bc54ee8584

- 06:55:18 [ERROR] On command: script=anonymous:anonymous@gtautoftp.gt.design.ti.com/anonymous/opentest/target-test-basic.sh_md5_5d260c597a39e144f6dea1bc54ee8584
 waiting for (?-mix:.*) >>> error: execution expired
- 06:55:18 [INFO] Target: 
script=anonymous:anonymous@gtautoftp.gt.design.ti.com/anonymous/opentest/targe 
t-test-basic.sh_md5_5d260c597a39e144f6dea1bc54ee8584
> 
- 06:55:18 [INFO] Host: timeout=600

- 06:55:18 [INFO] Target: 
timeout=600
> 
- 06:55:18 [INFO] Host: 

- 06:55:19 [INFO] Target: 

> 
- 06:55:19 [INFO] Host: # Start of user's script logic

- 06:55:19 [INFO] Target: 
# Start of user's script logic
> 
- 06:55:19 [INFO] Host: 

- 06:55:20 [INFO] Target: 

> 
- 06:55:20 [INFO] Host: 

- 06:55:20 [INFO] Target: 

> 
- 06:55:20 [INFO] Host: mount -t proc proc /proc 2>/dev/null;

- 06:55:21 [INFO] Target: 
mount -t proc proc /proc 2>/dev/null;
> 
- 06:55:21 [INFO] Host: 

- 06:55:21 [INFO] Target: 

> 
- 06:55:21 [INFO] Host: mount -t sysfs sys /sys 2>/dev/null;

- 06:55:22 [INFO] Target: 
mount -t sysfs sys /sys 2>/dev/null;
> 
- 06:55:22 [INFO] Host: 

- 06:55:22 [INFO] Target: 

> 
- 06:55:22 [INFO] Host: mount -t debugfs none /sys/kernel/debug 2>/dev/null;

- 06:55:23 [INFO] Target: 
mount -t debugfs none /sys/kernel/debug 2>/dev/null;
> 
- 06:55:23 [INFO] Host: 

- 06:55:23 [INFO] Target: 

> 
- 06:55:23 [INFO] Host: echo 'cpuinfo:';cat /proc/cpuinfo; echo '=======';

- 06:55:24 [INFO] Target: 
echo 'cpuinfo:';cat /proc/cpuinfo; echo '=======';
> 
- 06:55:24 [INFO] Host: 

- 06:55:24 [INFO] Target: 

> 
- 06:55:24 [INFO] Host: echo 'soc info:';head /sys/devices/soc0/* 2>/dev/null; echo '=======';

- 06:55:25 [INFO] Target: 
echo 'soc info:';head /sys/devices/soc0/* 2>/dev/null; echo '=======';
> 
- 06:55:25 [INFO] Host: 

- 06:55:25 [INFO] Target: 

> 
- 06:55:25 [INFO] Host: echo 'interrupts:';cat /proc/interrupts; echo '=======';

- 06:55:26 [INFO] Target: 
echo 'interrupts:';cat /proc/interrupts; echo '=======';
> 
- 06:55:26 [INFO] Host: 

- 06:55:26 [INFO] Target: 

> 
- 06:55:26 [INFO] Host: echo 'Clk_summary:';cat /sys/kernel/debug/clk/clk_summary; echo '=======';

- 06:55:27 [INFO] Target: 
echo 'Clk_summary:';cat /sys/kernel/debug/clk/clk_summary; echo '=======';
> 
- 06:55:27 [INFO] Host: 

- 06:55:27 [INFO] Target: 

> 
- 06:55:27 [INFO] Host: echo 'Orphan Clks:';ls /sys/kernel/debug/clk/orphans/; echo '=======';

- 06:55:28 [INFO] Target: 
echo 'Orphan Clks:';ls /sys/kernel/debug/clk/orphans/; echo '=======';
> 
- 06:55:28 [INFO] Host: 

- 06:55:28 [INFO] Target: 

> 
- 06:55:28 [INFO] Host: echo 'H''ello World' 'B''oard Booted';

- 06:55:29 [INFO] Target: 
echo 'H''ello World' 'B''oard Booted';
> 
- 06:55:29 [INFO] Host: 

- 06:55:29 [INFO] Target: 

> 
- 06:55:29 [INFO] Host: EOF
- 06:55:30 [INFO] Target: 
EOF
root@am437x-evm:/test# 
- 06:55:30 [INFO] Host: cd /test
- 06:55:30 [INFO] Target: 
cd /test
root@am437x-evm:/test# 
- 06:55:30 [INFO] Host: chmod +x test.sh
- 06:55:31 [INFO] Target: 
chmod +x test.sh
root@am437x-evm:/test# 
- 06:55:31 [INFO] Host: ./test.sh 2> stderr.log > stdout.log 3> result.log
- 06:55:31 [INFO] Target: 
./test.sh 2> stderr.log > stdout.log 3> result.log
root@am437x-evm:/test# 
- 06:55:31 [INFO] Host: echo $?
- 06:55:32 [INFO] Target: 
echo $?
0
root@am437x-evm:/test# 
- 06:55:32 [INFO] Host: cd /test
- 06:55:32 [INFO] Target: 
cd /test
root@am437x-evm:/test# 
- 06:55:32 [INFO] Host: cat stdout.log
- 06:55:33 [INFO] Target: 
cat stdout.log
cpuinfo:
processor	: 0
model name	: ARMv7 Processor rev 10 (v7l)
Features	: swp half thumb fastmult vfp edsp thumbee neon vfpv3 tls vfpd32 
CPU implementer	: 0x41
CPU architecture: 7
CPU variant	: 0x2
CPU part	: 0xc09
CPU revision	: 10

Hardware	: Generic AM43 (Flattened Device Tree)
Revision	: 0000
Serial		: 0000000000000000
=======
soc info:
==> /sys/devices/soc0/family <==
AM43xx

==> /sys/devices/soc0/machine <==
AM437x

==> /sys/devices/soc0/power <==

==> /sys/devices/soc0/revision <==
ES1.1

==> /sys/devices/soc0/subsystem <==

==> /sys/devices/soc0/type <==
GP

==> /sys/devices/soc0/uevent <==
=======
interrupts:
           CPU0       
 41:          1       GIC  41  l3-dbg-irq
 42:          1       GIC  42  l3-app-irq
 44:       1804       GIC  44  edma
 46:          5       GIC  46  edma_error
 62:         30       GIC  62  4819c000.i2c
 72:          0       GIC  72  4a100000.ethernet
 73:         16       GIC  73  4a100000.ethernet
 74:         18       GIC  74  4a100000.ethernet
 75:          0       GIC  75  4a100000.ethernet
 96:       5436       GIC  96  mmc0
100:       7043       GIC 100  gp_timer
102:         45       GIC 102  44e0b000.i2c
104:       3681       GIC 104  OMAP UART0
132:          0       GIC 132  gpmc
262:          0      GPIO   6  mmc0
IPI0:          0  CPU wakeup interrupts
IPI1:          0  Timer broadcast interrupts
IPI2:          0  Rescheduling interrupts
IPI3:          0  Function call interrupts
IPI4:          0  Single function call interrupts
IPI5:          0  CPU stop interrupts
IPI6:          0  IRQ work interrupts
IPI7:          0  completion interrupts
Err:          0
=======
Clk_summary:
   clock                         enable_cnt  prepare_cnt        rate   accuracy
--------------------------------------------------------------------------------
 clk_32k_mosc_ck                          0            0       32768          0
 clk_32k_tpm_ck                           0            0       32768          0
 tclkin_ck                                0            0    26000000          0
 virt_26000000_ck                         0            0    26000000          0
 virt_25000000_ck                         1            1    25000000          0
    sysboot_freq_sel_ck                   1            1    25000000          0
       sys_clkin_ck                      20           36    25000000          0
          dpll_extdev_ck                  0            0    25000000          0
             dpll_extdev_m2_ck            0            0    25000000          0
          dpll_per_ck                     1            2   960000000          0
             dpll_per_m2_ck               1            4   192000000          0
                ehrpwm5_tbclk             0            0   192000000          0
                ehrpwm4_tbclk             0            0   192000000          0
                ehrpwm3_tbclk             0            0   192000000          0
                ehrpwm2_tbclk             0            0   192000000          0
                ehrpwm1_tbclk             0            0   192000000          0
                ehrpwm0_tbclk             0            0   192000000          0
                func_12m_clk              0            0    12000000          0
                mmc_clk                   0            3    96000000          0
                clk_24mhz                 0            1    24000000          0
                   clkdiv32k_ck           0            1       32786          0
                      clkdiv32k_ick           0            5       32786          0
                         gpio5_dbclk           0            1       32786          0
                         gpio4_dbclk           0            1       32786          0
                         gpio3_dbclk           0            1       32786          0
                         gpio2_dbclk           0            1       32786          0
                         gpio1_dbclk           0            1       32786          0
                dpll_per_m2_div4_ck           0           12    48000000          0
                dpll_per_m2_div4_wkupdm_ck           1            2    48000000          0
             dpll_per_clkdcoldo           0            2   960000000          0
                usb_otg_ss1_refclk960m           0            1   960000000          0
                usb_otg_ss0_refclk960m           0            1   960000000          0
          dpll_disp_ck                    0            0    25000000          0
             dpll_disp_m2_ck              0            0    25000000          0
                disp_clk                  0            0    25000000          0
          dpll_ddr_ck                     0            0   266000000          0
             dpll_ddr_m2_ck               0            0   266000000          0
             dpll_ddr_x2_ck               0            0   532000000          0
                dpll_ddr_m4_ck            0            0   532000000          0
          dpll_mpu_ck                     1            1   600000000          0
             dpll_mpu_m2_ck               3            3   600000000          0
          dpll_core_ck                    1            1  1000000000          0
             dpll_core_x2_ck              2            2  2000000000          0
                dpll_core_m6_ck           0            0   500000000          0
                dpll_core_m5_ck           1            1   250000000          0
                   cpsw_cpts_rft_clk           0            0   250000000          0
                   cpsw_50m_clkdiv           0            0   250000000          0
                      cpsw_5m_clkdiv           0            0    25000000          0
                   cpsw_125mhz_gclk           3            3   125000000          0
                dpll_core_m4_ck           6            6   200000000          0
                   l4hs_gclk              1            1   200000000          0
                   l3_gclk               12           13   200000000          0
                   sysclk_div             1            3   200000000          0
                      div_core_25m_ck           0            0    25000000          0
                      gfx_fclk_clksel_ck           0            1   200000000          0
                         gfx_fck_div_ck           0            1   200000000          0
                      dpll_core_m4_div2_ck           2            2   100000000          0
                         l4ls_gclk          57           85   100000000          0
                         l3s_gclk          12           15   100000000          0
                      pruss_ocp_gclk           0            1   200000000          0
          aes0_fck                        1            2    25000000          0
          sha0_fck                        1            1    25000000          0
          smartreflex1_fck                0            1    25000000          0
          smartreflex0_fck                0            1    25000000          0
          mcasp1_fck                      0            1    25000000          0
          mcasp0_fck                      0            1    25000000          0
          dcan1_fck                       0            1    25000000          0
          dcan0_fck                       0            1    25000000          0
          adc_tsc_fck                     0            0    25000000          0
          timer1_fck                      1            1    25000000          0
          timer2_fck                      1            1    25000000          0
          timer3_fck                      0            1    25000000          0
          timer4_fck                      0            1    25000000          0
          timer5_fck                      0            1    25000000          0
          timer6_fck                      0            1    25000000          0
          timer7_fck                      0            1    25000000          0
          timer8_fck                      0            1    25000000          0
          timer9_fck                      0            1    25000000          0
          timer10_fck                     0            1    25000000          0
          timer11_fck                     0            1    25000000          0
          dll_aging_clk_div               0            0     3125000          0
          vtp_clk_div                     0            0    12500000          0
 virt_24000000_ck                         0            0    24000000          0
 virt_19200000_ck                         0            0    19200000          0
    crystal_freq_sel_ck                   0            0    19200000          0
 clk_rc32k_ck                             0            2       32768          0
    gpio0_dbclk_mux_ck                    0            1       32768          0
       gpio0_dbclk                        0            1       32768          0
    wdt1_fck                              0            1       32768          0
 clk_32768_ck                             0            2       32768          0
    usbphy_32khz_clkmux                   0            2       32768          0
       usb_phy1_always_on_clk32k           0            1       32768          0
       usb_phy0_always_on_clk32k           0            1       32768          0
    mux_synctimer32k_ck                   0            1       32768          0
       synctimer_32kclk                   0            1       32768          0
=======
Orphan Clks:
=======
Hello World Board Booted
root@am437x-evm:/test# 
- 06:55:33 [INFO] Host: cat stderr.log
- 06:55:34 [INFO] Target: 
cat stderr.log
root@am437x-evm:/test# 
- 06:55:34 [INFO] Host: cat result.log
- 06:55:36 [ERROR] On command: cat result.log waiting for (?m-ix:^1[\0\n\r]+) >>> error: execution expired
- 06:55:36 [INFO] Target: 
cat result.log
root@am437x-evm:/test# 
- 06:55:36 [INFO] Host: cd /test
- 06:55:36 [INFO] Target: 
cd /test
root@am437x-evm:/test# 
FOR DEBUG:URL:http://gtsystest.telogy.design.ti.com/vatf/tigtfarm02/tigtfarm02_vatf@am43xx-epos/tigtfarm0206_17_2014_06_52_52/files/session_iteration_1/test_1/dut1_1_log.txt
