- 14:43:16 [INFO] Starting target session
- 14:43:16 [INFO] Connected to am57xx-evm via serial 
- 14:43:16 [INFO] Host: #check prompt
- 14:43:19 [ERROR] On command: #check prompt waiting for #check prompt.+?(?-mix:((?-mix:login:)|[Pp]assword)) >>> error: execution expired
- 14:43:19 [INFO] Target: 
#check prompt
root@am57xx-evm:/test# 
- 14:43:19 [INFO] Host: #check prompt
- 14:43:19 [INFO] Target: 
#check prompt
root@am57xx-evm:/test# 
- 14:43:19 [INFO] Host: sync;poweroff
- 14:43:33 [INFO] Target: 
sync;poweroff
WARNING: could not determine runlevel - doing soft poweroff
  (it's better to use shutdown instead of poweroff from the command line)
Broadcast message from root@am57xx-evm (ttyS2) (Fri Sep 18 01:08:43 2015):
The system is going down for system halt NOW!
INIT: x-evm login: root
root@am57xx-evm:~# uname -a
Linux am57xx-evm 3.14.38-g27989b8 #2 SMP Thu Apr 16 02:35:02 EDT 2015 armv7l GNU/Linux
root@am57xx-evm:~# cat /proc/cmdline
console=ttyO2,115200n8 earlyprintk rootwait ip=:::::eth0:dhcp root=/dev/nfs rw nfsroot=192.168.0.1:/home/tigtfarm11/NFS_exports/linux/am57xx-evm/autofs/1e515548d355e3c387e363cf36570ce3,nolock,v3,tcp,rsize=4096,wsize=4096 ramdisk_size=80000
root@am57xx-evm:~# uname -a
Linux am57xx-evm 3.14.38-g27989b8 #2 SMP Thu Apr 16 02:35:02 EDT 2015 armv7l GNU/Linux
root@am57xx-evm:~# cat /proc/mtd
dev:    size   erasesize  name
root@am57xx-evm:~# export IPERFHOST=192.168.0.1
root@am57xx-evm:~# export NFS_SERVER=192.168.0.1
root@am57xx-evm:~# export NFS_ROOT_PATH=/home/tigtfarm11/NFS_exports/linux/am57x
x-evm
root@am57xx-evm:~# export AP_SSID=
root@am57xx-evm:~# mkdir -p -m 777 /test
root@am57xx-evm:~# cd /test
root@am57xx-evm:/test# cat > test.sh << EOF
> failtest() {
>   echo 1 >&3
> timeout=600
> # Start of user's script logic
> uname -a
> EOF
root@am57xx-evm:/test# cd /test
root@am57xx-evm:/test# chmod +x test.sh
root@am57xx-evm:/test# ./test.sh 2> stderr.log > stdout.log 3> result.log
root@am57xx-evm:/test# echo $?
root@am57xx-evm:/test# cd /test
root@am57xx-evm:/test# cat stdout.log
Linux am57xx-evm 3.14.38-g27989b8 #2 SMP Thu Apr 16 02:35:02 EDT 2015 armv7l GNU/Linux
root@am57xx-evm:/test# cat stderr.log
root@am57xx-evm:/test# cat result.log
root@am57xx-evm:/test# cd /test
root@am57xx-evm:/test# #check prompt
root@am57xx-evm:/test# #check prompt
root@am57xx-evm:/test# sync;poweroff
WARNING: could not determine runlevel - doing soft poweroff
  (it's better to use shutdown instead of poweroff from the command line)
Broadcast message from root@am57xx-evm (ttyS2) (Fri Sep 18 01:08:43 2015):
The system is going down for system halt NOW!
INIT: Switching to runlevel: 0
root@am57xx-evm:/test# 
INIT: Sending processes the TERM signal
Stopping syslogd/klogd: stopped syslogd (pid 1670)
stopped klogd (pid 1673)
done
not deconfiguring network interfaces: network file systems still mounted.
Sending all processes the TERM signal...
Sending all processes the KILL signal...
Unmounting remote filesystems...
Deactivating swap...
Unmounting local filesystems...
[  163.007513] reboot: Power down
- 14:43:33 [INFO] Disconnected serial from am57xx-evm
- 14:43:38 [INFO] Connected to am57xx-evm via serial 
- 14:43:38 [INFO] Host: 
- 14:43:39 [INFO] Target: 
SATA link 0 timeout.
AHCI 0001.0300 32 slots 1 ports 3 Gbps 0x1 impl SATA mode
flags: 64bit ncq stag pm led clo only pmp pio slum part ccc apst 
SCSI:  SATA link 0 timeout.
AHCI 0001.0300 32 slots 1 ports 3 Gbps 0x1 impl SATA mode
flags: 64bit ncq stag pm led clo only pmp pio slum part ccc apst 
scanning bus for devices...
Found 0 device(s).
Net:   <ethaddr> not set. Validating first E-fuse MAC
cpsw
Hit any key to stop autoboot:  1  0 
U-Boot# 
U-Boot# 
U-Boot# 
U-Boot# 
U-Boot# 
U-Boot# 
U-Boot# 
U-Boot# 
U-Boot# 
U-Boot# 
U-Boot# 
U-Boot# 
U-Boot# 
U-Boot# 
U-Boot# 
U-Boot# 
U-Boot# 
U-Boot# 
U-Boot# 
- 14:43:40 [INFO] Host: 
- 14:43:40 [INFO] Target: 
U-Boot# 
U-Boot# 
- 14:43:40 [INFO] Host: version
- 14:43:40 [INFO] Target: 
version
U-Boot 2015.07 (Sep 11 2015 - 17:59:15 -0400)
arm-linux-gnueabihf-gcc (Linaro GCC 4.9-2015.05) 4.9.3 20150413 (prerelease)
GNU ld (GNU Binutils) Linaro 2014.11-3-git 2.24.0.20141017
U-Boot# 
- 14:43:40 [INFO] Host: setenv bootargs 'console=ttyO2,115200n8  earlyprintk rootwait '
- 14:43:40 [INFO] Target: 
setenv bootargs 'console=ttyO2,115200n8  earlyprintk rootwait '
U-Boot# 
- 14:43:40 [INFO] Host: setenv bootcmd  ''
- 14:43:40 [INFO] Target: 
setenv bootcmd  ''
U-Boot# 
- 14:43:40 [INFO] Host: setenv autoload 'no'
- 14:43:40 [INFO] Target: 
setenv autoload 'no'
U-Boot# 
- 14:43:40 [INFO] Host: setenv serverip '192.168.0.1'
- 14:43:40 [INFO] Target: 
setenv serverip '192.168.0.1'
U-Boot# 
- 14:43:40 [INFO] Host: printenv
- 14:43:40 [INFO] Target: 
printenv
arch=arm
args_mmc=run finduuid;setenv bootargs console=${console} ${optargs} root=PARTUUID=${uuid} rw rootfstype=${mmcrootfstype}
autoload=no
baudrate=115200
board=beagle_x15
board_name=beagle_x15
bootargs=console=ttyO2,115200n8  earlyprintk rootwait 
bootcmd=
bootdelay=1
bootdir=/boot
bootenv=uEnv.txt
bootfile=zImage
bootm_size=0x10000000
bootpart=0:2
bootscript=echo Running bootscript from mmc${mmcdev} ...; source ${loadaddr}
console=ttyO2,115200n8
cpu=armv7
dfu_alt_info_emmc=rawemmc raw 0 3751936;boot part 1 1;rootfs part 1 2;MLO fat 1 1;MLO.raw raw 0x100 0x100;u-boot.img.raw raw 0x300 0x400;spl-os-args.raw raw 0x80 0x80;spl-os-image.raw raw 0x900 0x2000;spl-os-args fat 1 1;spl-os-image fat 1 1;u-boot.img fat 1 1;uEnv.txt fat 1 1
dfu_alt_info_mmc=boot part 0 1;rootfs part 0 2;MLO fat 0 1;MLO.raw raw 0x100 0x100;u-boot.img.raw raw 0x300 0x400;spl-os-args.raw raw 0x80 0x80;spl-os-image.raw raw 0x900 0x2000;spl-os-args fat 0 1;spl-os-image fat 0 1;u-boot.img fat 0 1;uEnv.txt fat 0 1
dfu_alt_info_ram=kernel ram 0x80200000 0x4000000;fdt ram 0x80f80000 0x80000;ramdisk ram 0x81000000 0x4000000
dfu_bufsiz=0x10000
dofastboot=0
eth1addr=74:da:ea:08:7b:07
ethact=cpsw
ethaddr=74:da:ea:08:7b:06
fdt_addr_r=0x88000000
fdtaddr=0x88000000
fdtfile=undefined
findfdt=if test $board_name = omap5_uevm; then setenv fdtfile omap5-uevm.dtb; fi; if test $board_name = dra7xx; then setenv fdtfile dra7-evm.dtb; fi;if test $board_name = dra72x; then setenv fdtfile dra72-evm.dtb; fi;if test $board_name = beagle_x15; then setenv fdtfile am57xx-beagle-x15.dtb; fi;if test $fdtfile = undefined; then echo WARNING: Could not determine device tree to use; fi; 
finduuid=part uuid mmc 0:2 uuid
importbootenv=echo Importing environment from mmc${mmcdev} ...; env import -t ${loadaddr} ${filesize}
kernel_addr_r=0x82000000
loadaddr=0x82000000
loadbootenv=fatload mmc ${mmcdev} ${loadaddr} ${bootenv}
loadbootscript=fatload mmc ${mmcdev} ${loadaddr} boot.scr
loadfdt=load mmc ${bootpart} ${fdtaddr} ${bootdir}/${fdtfile};
loadimage=load mmc ${bootpart} ${loadaddr} ${bootdir}/${bootfile}
mmcboot=mmc dev ${mmcdev}; if mmc rescan; then echo SD/MMC found on device ${mmcdev};if run loadbootenv; then echo Loaded environment from ${bootenv};run importbootenv;fi;if test -n $uenvcmd; then echo Running uenvcmd ...;run uenvcmd;fi;if run loadimage; then run loadfdt; echo Booting from mmc${mmcdev} ...; run args_mmc; bootz ${loadaddr} - ${fdtaddr}; fi;fi;
mmcdev=0
mmcrootfstype=ext4 rootwait
netargs=setenv bootargs console=${console} ${optargs} root=/dev/nfs nfsroot=${serverip}:${rootpath},${nfsopts} rw ip=dhcp
netboot=echo Booting from network ...; setenv autoload no; dhcp; run netloadimage; run netloadfdt; run netargs; bootz ${loadaddr} - ${fdtaddr}
netloadfdt=tftp ${fdtaddr} ${fdtfile}
netloadimage=tftp ${loadaddr} ${bootfile}
nfsopts=nolock
partitions=uuid_disk=${uuid_gpt_disk};name=rootfs,start=2MiB,size=-,uuid=${uuid_gpt_rootfs}
ramdisk_addr_r=0x88080000
rdaddr=0x88080000
rootpath=/export/rootfs
scsidevs=0
serverip=192.168.0.1
soc=omap5
static_ip=${ipaddr}:${serverip}:${gatewayip}:${netmask}:${hostname}::off
stderr=serial
stdin=serial
stdout=serial
usbtty=cdc_acm
vendor=ti
ver=U-Boot 2015.07 (Sep 11 2015 - 17:59:15 -0400)
vram=16M
Environment size: 3357/65532 bytes
U-Boot# 
- 14:43:40 [INFO] Host: printenv
- 14:43:41 [INFO] Target: 
printenv
arch=arm
args_mmc=run finduuid;setenv bootargs console=${console} ${optargs} root=PARTUUID=${uuid} rw rootfstype=${mmcrootfstype}
autoload=no
baudrate=115200
board=beagle_x15
board_name=beagle_x15
bootargs=console=ttyO2,115200n8  earlyprintk rootwait 
bootcmd=
bootdelay=1
bootdir=/boot
bootenv=uEnv.txt
bootfile=zImage
bootm_size=0x10000000
bootpart=0:2
bootscript=echo Running bootscript from mmc${mmcdev} ...; source ${loadaddr}
console=ttyO2,115200n8
cpu=armv7
dfu_alt_info_emmc=rawemmc raw 0 3751936;boot part 1 1;rootfs part 1 2;MLO fat 1 1;MLO.raw raw 0x100 0x100;u-boot.img.raw raw 0x300 0x400;spl-os-args.raw raw 0x80 0x80;spl-os-image.raw raw 0x900 0x2000;spl-os-args fat 1 1;spl-os-image fat 1 1;u-boot.img fat 1 1;uEnv.txt fat 1 1
dfu_alt_info_mmc=boot part 0 1;rootfs part 0 2;MLO fat 0 1;MLO.raw raw 0x100 0x100;u-boot.img.raw raw 0x300 0x400;spl-os-args.raw raw 0x80 0x80;spl-os-image.raw raw 0x900 0x2000;spl-os-args fat 0 1;spl-os-image fat 0 1;u-boot.img fat 0 1;uEnv.txt fat 0 1
dfu_alt_info_ram=kernel ram 0x80200000 0x4000000;fdt ram 0x80f80000 0x80000;ramdisk ram 0x81000000 0x4000000
dfu_bufsiz=0x10000
dofastboot=0
eth1addr=74:da:ea:08:7b:07
ethact=cpsw
ethaddr=74:da:ea:08:7b:06
fdt_addr_r=0x88000000
fdtaddr=0x88000000
fdtfile=undefined
findfdt=if test $board_name = omap5_uevm; then setenv fdtfile omap5-uevm.dtb; fi; if test $board_name = dra7xx; then setenv fdtfile dra7-evm.dtb; fi;if test $board_name = dra72x; then setenv fdtfile dra72-evm.dtb; fi;if test $board_name = beagle_x15; then setenv fdtfile am57xx-beagle-x15.dtb; fi;if test $fdtfile = undefined; then echo WARNING: Could not determine device tree to use; fi; 
finduuid=part uuid mmc 0:2 uuid
importbootenv=echo Importing environment from mmc${mmcdev} ...; env import -t ${loadaddr} ${filesize}
kernel_addr_r=0x82000000
loadaddr=0x82000000
loadbootenv=fatload mmc ${mmcdev} ${loadaddr} ${bootenv}
loadbootscript=fatload mmc ${mmcdev} ${loadaddr} boot.scr
loadfdt=load mmc ${bootpart} ${fdtaddr} ${bootdir}/${fdtfile};
loadimage=load mmc ${bootpart} ${loadaddr} ${bootdir}/${bootfile}
mmcboot=mmc dev ${mmcdev}; if mmc rescan; then echo SD/MMC found on device ${mmcdev};if run loadbootenv; then echo Loaded environment from ${bootenv};run importbootenv;fi;if test -n $uenvcmd; then echo Running uenvcmd ...;run uenvcmd;fi;if run loadimage; then run loadfdt; echo Booting from mmc${mmcdev} ...; run args_mmc; bootz ${loadaddr} - ${fdtaddr}; fi;fi;
mmcdev=0
mmcrootfstype=ext4 rootwait
netargs=setenv bootargs console=${console} ${optargs} root=/dev/nfs nfsroot=${serverip}:${rootpath},${nfsopts} rw ip=dhcp
netboot=echo Booting from network ...; setenv autoload no; dhcp; run netloadimage; run netloadfdt; run netargs; bootz ${loadaddr} - ${fdtaddr}
netloadfdt=tftp ${fdtaddr} ${fdtfile}
netloadimage=tftp ${loadaddr} ${bootfile}
nfsopts=nolock
partitions=uuid_disk=${uuid_gpt_disk};name=rootfs,start=2MiB,size=-,uuid=${uuid_gpt_rootfs}
ramdisk_addr_r=0x88080000
rdaddr=0x88080000
rootpath=/export/rootfs
scsidevs=0
serverip=192.168.0.1
soc=omap5
static_ip=${ipaddr}:${serverip}:${gatewayip}:${netmask}:${hostname}::off
stderr=serial
stdin=serial
stdout=serial
usbtty=cdc_acm
vendor=ti
ver=U-Boot 2015.07 (Sep 11 2015 - 17:59:15 -0400)
vram=16M
Environment size: 3357/65532 bytes
U-Boot# 
- 14:43:41 [INFO] Host: setenv bootargs ''${bootargs}' ip=:::::eth0:dhcp '
- 14:43:41 [INFO] Target: 
setenv bootargs ''${bootargs}' ip=:::::eth0:dhcp '
U-Boot# 
- 14:43:41 [INFO] Host: setenv serverip '192.168.0.1'
- 14:43:41 [INFO] Target: 
setenv serverip '192.168.0.1'
U-Boot# 
- 14:43:41 [INFO] Host: setenv autoload 'no'
- 14:43:41 [INFO] Target: 
setenv autoload 'no'
U-Boot# 
- 14:43:41 [INFO] Host: dhcp
- 14:43:42 [INFO] Target: 
dhcp
link up on port 0, speed 1000, full duplex
BOOTP broadcast 1
BOOTP broadcast 2
BOOTP broadcast 3
DHCP client bound to address 192.168.0.61 (1003 ms)
U-Boot# 
- 14:43:42 [INFO] Host: tftp ${loadaddr} 192.168.0.1:vatf_am57xx-evm/95bf9de78cde8d11ecbb45a68e899628
- 14:43:43 [INFO] Target: 
tftp ${loadaddr} 192.168.0.1:vatf_am57xx-evm/95bf9de78cde8d11ecbb45a68e899628
link up on port 0, speed 1000, full duplex
Using cpsw device
TFTP from server 192.168.0.1; our IP address is 192.168.0.61
Filename 'vatf_am57xx-evm/95bf9de78cde8d11ecbb45a68e899628'.
Load address: 0x82000000
Loading: *#################################################################
	 #################################################################
	 #################################################################
	 #################################################################
	 #################################################################
	 #################################################################
	 #######################################################
	 12 MiB/s
done
Bytes transferred = 6532128 (63ac20 hex)
U-Boot# 
- 14:43:43 [INFO] Host: tftp ${fdt_addr_r} 192.168.0.1:vatf_am57xx-evm/f433bf6a22b7e9fb87c0c4ad8c9fef0f
- 14:43:43 [INFO] Target: 
tftp ${fdt_addr_r} 192.168.0.1:vatf_am57xx-evm/f433bf6a22b7e9fb87c0c4ad8c9fef0f
link up on port 0, speed 1000, full duplex
Using cpsw device
TFTP from server 192.168.0.1; our IP address is 192.168.0.61
Filename 'vatf_am57xx-evm/f433bf6a22b7e9fb87c0c4ad8c9fef0f'.
Load address: 0x88000000
Loading: *######
	 9.6 MiB/s
done
Bytes transferred = 80718 (13b4e hex)
U-Boot# 
- 14:43:43 [INFO] Host: ls mmc 0:1
- 14:43:43 [INFO] Target: 
ls mmc 0:1
    54224   mlo 
   285932   u-boot.img 
        4   ws-calibrate.rules 
        0   pointercal 
    65536   uboot.env 
       33   primary_bootloader.md5 
       33   fs.md5 
7 file(s), 0 dir(s)
U-Boot# 
- 14:43:43 [INFO] Host: ls mmc 0:2
- 14:43:43 [INFO] Target: 
ls mmc 0:2
<DIR>       4096 .
<DIR>       4096 ..
<DIR>       4096 srv
<DIR>       4096 home
<DIR>       4096 media
<DIR>       4096 opt
<DIR>       4096 var
<DIR>       4096 sys
<DIR>       4096 boot
<DIR>       4096 dev
<DIR>       4096 usr
<DIR>       4096 bin
<DIR>       4096 mnt
<DIR>       4096 etc
<DIR>       4096 sbin
<DIR>       4096 www
<SYM>          8 tmp
<DIR>       4096 proc
<DIR>       4096 run
<DIR>       4096 lib
<DIR>       4096 test
U-Boot# 
- 14:43:43 [INFO] Host: part uuid mmc 0:2
- 14:43:43 [INFO] Target: 
part uuid mmc 0:2
00000000-02
U-Boot# 
- 14:43:43 [INFO] Host: printenv
- 14:43:44 [INFO] Target: 
printenv
arch=arm
args_mmc=run finduuid;setenv bootargs console=${console} ${optargs} root=PARTUUID=${uuid} rw rootfstype=${mmcrootfstype}
autoload=no
baudrate=115200
board=beagle_x15
board_name=beagle_x15
bootargs=console=ttyO2,115200n8  earlyprintk rootwait  ip=:::::eth0:dhcp 
bootcmd=
bootdelay=1
bootdir=/boot
bootenv=uEnv.txt
bootfile=zImage
bootm_size=0x10000000
bootpart=0:2
bootscript=echo Running bootscript from mmc${mmcdev} ...; source ${loadaddr}
console=ttyO2,115200n8
cpu=armv7
dfu_alt_info_emmc=rawemmc raw 0 3751936;boot part 1 1;rootfs part 1 2;MLO fat 1 1;MLO.raw raw 0x100 0x100;u-boot.img.raw raw 0x300 0x400;spl-os-args.raw raw 0x80 0x80;spl-os-image.raw raw 0x900 0x2000;spl-os-args fat 1 1;spl-os-image fat 1 1;u-boot.img fat 1 1;uEnv.txt fat 1 1
dfu_alt_info_mmc=boot part 0 1;rootfs part 0 2;MLO fat 0 1;MLO.raw raw 0x100 0x100;u-boot.img.raw raw 0x300 0x400;spl-os-args.raw raw 0x80 0x80;spl-os-image.raw raw 0x900 0x2000;spl-os-args fat 0 1;spl-os-image fat 0 1;u-boot.img fat 0 1;uEnv.txt fat 0 1
dfu_alt_info_ram=kernel ram 0x80200000 0x4000000;fdt ram 0x80f80000 0x80000;ramdisk ram 0x81000000 0x4000000
dfu_bufsiz=0x10000
dnsip=192.0.2.2
dnsip2=192.0.2.3
dofastboot=0
eth1addr=74:da:ea:08:7b:07
ethact=cpsw
ethaddr=74:da:ea:08:7b:06
fdt_addr_r=0x88000000
fdtaddr=0x88000000
fdtfile=undefined
fileaddr=88000000
filesize=13b4e
findfdt=if test $board_name = omap5_uevm; then setenv fdtfile omap5-uevm.dtb; fi; if test $board_name = dra7xx; then setenv fdtfile dra7-evm.dtb; fi;if test $board_name = dra72x; then setenv fdtfile dra72-evm.dtb; fi;if test $board_name = beagle_x15; then setenv fdtfile am57xx-beagle-x15.dtb; fi;if test $fdtfile = undefined; then echo WARNING: Could not determine device tree to use; fi; 
finduuid=part uuid mmc 0:2 uuid
gatewayip=192.168.0.1
importbootenv=echo Importing environment from mmc${mmcdev} ...; env import -t ${loadaddr} ${filesize}
ipaddr=192.168.0.61
kernel_addr_r=0x82000000
loadaddr=0x82000000
loadbootenv=fatload mmc ${mmcdev} ${loadaddr} ${bootenv}
loadbootscript=fatload mmc ${mmcdev} ${loadaddr} boot.scr
loadfdt=load mmc ${bootpart} ${fdtaddr} ${bootdir}/${fdtfile};
loadimage=load mmc ${bootpart} ${loadaddr} ${bootdir}/${bootfile}
mmcboot=mmc dev ${mmcdev}; if mmc rescan; then echo SD/MMC found on device ${mmcdev};if run loadbootenv; then echo Loaded environment from ${bootenv};run importbootenv;fi;if test -n $uenvcmd; then echo Running uenvcmd ...;run uenvcmd;fi;if run loadimage; then run loadfdt; echo Booting from mmc${mmcdev} ...; run args_mmc; bootz ${loadaddr} - ${fdtaddr}; fi;fi;
mmcdev=0
mmcrootfstype=ext4 rootwait
netargs=setenv bootargs console=${console} ${optargs} root=/dev/nfs nfsroot=${serverip}:${rootpath},${nfsopts} rw ip=dhcp
netboot=echo Booting from network ...; setenv autoload no; dhcp; run netloadimage; run netloadfdt; run netargs; bootz ${loadaddr} - ${fdtaddr}
netloadfdt=tftp ${fdtaddr} ${fdtfile}
netloadimage=tftp ${loadaddr} ${bootfile}
netmask=255.255.255.0
nfsopts=nolock
partitions=uuid_disk=${uuid_gpt_disk};name=rootfs,start=2MiB,size=-,uuid=${uuid_gpt_rootfs}
ramdisk_addr_r=0x88080000
rdaddr=0x88080000
rootpath=/export/rootfs
scsidevs=0
serverip=192.168.0.1
soc=omap5
static_ip=${ipaddr}:${serverip}:${gatewayip}:${netmask}:${hostname}::off
stderr=serial
stdin=serial
stdout=serial
usbtty=cdc_acm
vendor=ti
ver=U-Boot 2015.07 (Sep 11 2015 - 17:59:15 -0400)
vram=16M
Environment size: 3520/65532 bytes
U-Boot# 
- 14:43:44 [INFO] Host: setenv bootargs ''${bootargs}' root=PARTUUID=00000000-02 rw rootfstype=ext4 rootwait '
- 14:43:44 [INFO] Target: 
setenv bootargs ''${bootargs}' root=PARTUUID=00000000-02 rw rootfstype=ext4 rootwait '
U-Boot# 
- 14:43:44 [INFO] Host: printenv
- 14:43:44 [INFO] Target: 
printenv
arch=arm
args_mmc=run finduuid;setenv bootargs console=${console} ${optargs} root=PARTUUID=${uuid} rw rootfstype=${mmcrootfstype}
autoload=no
baudrate=115200
board=beagle_x15
board_name=beagle_x15
bootargs=console=ttyO2,115200n8  earlyprintk rootwait  ip=:::::eth0:dhcp  root=PARTUUID=00000000-02 rw rootfstype=ext4 rootwait 
bootcmd=
bootdelay=1
bootdir=/boot
bootenv=uEnv.txt
bootfile=zImage
bootm_size=0x10000000
bootpart=0:2
bootscript=echo Running bootscript from mmc${mmcdev} ...; source ${loadaddr}
console=ttyO2,115200n8
cpu=armv7
dfu_alt_info_emmc=rawemmc raw 0 3751936;boot part 1 1;rootfs part 1 2;MLO fat 1 1;MLO.raw raw 0x100 0x100;u-boot.img.raw raw 0x300 0x400;spl-os-args.raw raw 0x80 0x80;spl-os-image.raw raw 0x900 0x2000;spl-os-args fat 1 1;spl-os-image fat 1 1;u-boot.img fat 1 1;uEnv.txt fat 1 1
dfu_alt_info_mmc=boot part 0 1;rootfs part 0 2;MLO fat 0 1;MLO.raw raw 0x100 0x100;u-boot.img.raw raw 0x300 0x400;spl-os-args.raw raw 0x80 0x80;spl-os-image.raw raw 0x900 0x2000;spl-os-args fat 0 1;spl-os-image fat 0 1;u-boot.img fat 0 1;uEnv.txt fat 0 1
dfu_alt_info_ram=kernel ram 0x80200000 0x4000000;fdt ram 0x80f80000 0x80000;ramdisk ram 0x81000000 0x4000000
dfu_bufsiz=0x10000
dnsip=192.0.2.2
dnsip2=192.0.2.3
dofastboot=0
eth1addr=74:da:ea:08:7b:07
ethact=cpsw
ethaddr=74:da:ea:08:7b:06
fdt_addr_r=0x88000000
fdtaddr=0x88000000
fdtfile=undefined
fileaddr=88000000
filesize=13b4e
findfdt=if test $board_name = omap5_uevm; then setenv fdtfile omap5-uevm.dtb; fi; if test $board_name = dra7xx; then setenv fdtfile dra7-evm.dtb; fi;if test $board_name = dra72x; then setenv fdtfile dra72-evm.dtb; fi;if test $board_name = beagle_x15; then setenv fdtfile am57xx-beagle-x15.dtb; fi;if test $fdtfile = undefined; then echo WARNING: Could not determine device tree to use; fi; 
finduuid=part uuid mmc 0:2 uuid
gatewayip=192.168.0.1
importbootenv=echo Importing environment from mmc${mmcdev} ...; env import -t ${loadaddr} ${filesize}
ipaddr=192.168.0.61
kernel_addr_r=0x82000000
loadaddr=0x82000000
loadbootenv=fatload mmc ${mmcdev} ${loadaddr} ${bootenv}
loadbootscript=fatload mmc ${mmcdev} ${loadaddr} boot.scr
loadfdt=load mmc ${bootpart} ${fdtaddr} ${bootdir}/${fdtfile};
loadimage=load mmc ${bootpart} ${loadaddr} ${bootdir}/${bootfile}
mmcboot=mmc dev ${mmcdev}; if mmc rescan; then echo SD/MMC found on device ${mmcdev};if run loadbootenv; then echo Loaded environment from ${bootenv};run importbootenv;fi;if test -n $uenvcmd; then echo Running uenvcmd ...;run uenvcmd;fi;if run loadimage; then run loadfdt; echo Booting from mmc${mmcdev} ...; run args_mmc; bootz ${loadaddr} - ${fdtaddr}; fi;fi;
mmcdev=0
mmcrootfstype=ext4 rootwait
netargs=setenv bootargs console=${console} ${optargs} root=/dev/nfs nfsroot=${serverip}:${rootpath},${nfsopts} rw ip=dhcp
netboot=echo Booting from network ...; setenv autoload no; dhcp; run netloadimage; run netloadfdt; run netargs; bootz ${loadaddr} - ${fdtaddr}
netloadfdt=tftp ${fdtaddr} ${fdtfile}
netloadimage=tftp ${loadaddr} ${bootfile}
netmask=255.255.255.0
nfsopts=nolock
partitions=uuid_disk=${uuid_gpt_disk};name=rootfs,start=2MiB,size=-,uuid=${uuid_gpt_rootfs}
ramdisk_addr_r=0x88080000
rdaddr=0x88080000
rootpath=/export/rootfs
scsidevs=0
serverip=192.168.0.1
soc=omap5
static_ip=${ipaddr}:${serverip}:${gatewayip}:${netmask}:${hostname}::off
stderr=serial
stdin=serial
stdout=serial
usbtty=cdc_acm
vendor=ti
ver=U-Boot 2015.07 (Sep 11 2015 - 17:59:15 -0400)
vram=16M
Environment size: 3575/65532 bytes
U-Boot# 
- 14:43:44 [INFO] Host: setenv bootcmd ''${bootcmd}' if iminfo ${loadaddr}; then bootm ${loadaddr} - ${fdt_addr_r}; else bootz ${loadaddr} - ${fdt_addr_r}; bootm ${loadaddr} - ${fdt_addr_r}; fi'
- 14:43:44 [INFO] Target: 
setenv bootcmd ''${bootcmd}' if iminfo ${loadaddr}; then bootm ${loadaddr} - ${fdt_addr_r}; else bootz ${loadaddr} - ${fdt_addr_r}; bootm ${loadaddr} - ${fdt_addr_r}; fi'
U-Boot# 
- 14:43:44 [INFO] Host: version
- 14:43:44 [INFO] Target: 
version
U-Boot 2015.07 (Sep 11 2015 - 17:59:15 -0400)
arm-linux-gnueabihf-gcc (Linaro GCC 4.9-2015.05) 4.9.3 20150413 (prerelease)
GNU ld (GNU Binutils) Linaro 2014.11-3-git 2.24.0.20141017
U-Boot# 
- 14:43:44 [INFO] Host: bdinfo
- 14:43:44 [INFO] Target: 
bdinfo
arch_number = 0x00000000
boot_params = 0x80000100
DRAM bank   = 0x00000000
-> start    = 0x80000000
-> size     = 0x80000000
DRAM bank   = 0x00000001
-> start    = 0x00000000
-> size     = 0x00000000
eth0name    = cpsw
ethaddr     = 74:da:ea:08:7b:06
current eth = cpsw
ip_addr     = 192.168.0.61
baudrate    = 115200 bps
TLB addr    = 0xFFFF0000
relocaddr   = 0xFFF67000
reloc off   = 0x7F767000
irq_sp      = 0xFEF56EE0
sp start    = 0xFEF56ED0
U-Boot# 
- 14:43:44 [INFO] Host: mmc rescan; echo $?
- 14:43:44 [INFO] Target: 
mmc rescan; echo $?
U-Boot# 
- 14:43:44 [INFO] Host: fatwrite mmc ${mmcdev}:1 ${loadaddr} ws-calibrate.rules 4
- 14:43:45 [INFO] Target: 
fatwrite mmc ${mmcdev}:1 ${loadaddr} ws-calibrate.rules 4
writing ws-calibrate.rules
4 bytes written
U-Boot# 
- 14:43:45 [INFO] Host: boot
- 14:43:58 [INFO] Target: 
boot
## Checking Image at 82000000 ...
Unknown image format!
Kernel image @ 0x82000000 [ 0x000000 - 0x63ac20 ]
## Flattened Device Tree blob at 88000000
   Booting using the fdt blob at 0x88000000
   Loading Device Tree to 8ffe9000, end 8ffffb4d ... OK
Starting kernel ...
[    0.000000] Booting Linux on physical CPU 0x0
[    0.000000] Linux version 4.4.0-rc3-next-20151202-00002-g21597efe5c44 (nmenon@kahuna) (gcc version 4.6.3 (Ubuntu/Linaro 4.6.3-1ubuntu5) ) #1 SMP Thu Dec 3 05:38:31 CST 2015
[    0.000000] CPU: ARMv7 Processor [412fc0f2] revision 2 (ARMv7), cr=10c5387d
[    0.000000] CPU: PIPT / VIPT nonaliasing data cache, PIPT instruction cache
[    0.000000] Machine model: TI AM5728 BeagleBoard-X15
[    0.000000] cma: Reserved 64 MiB at 0xfb800000
[    0.000000] Memory policy: Data cache writealloc
[    0.000000] DRA752 ES1.1
[    0.000000] PERCPU: Embedded 12 pages/cpu @eef93000 s19136 r8192 d21824 u49152
[    0.000000] Built 1 zonelists in Zone order, mobility grouping on.  Total pages: 522239
[    0.000000] Kernel command line: console=ttyO2,115200n8  earlyprintk rootwait  ip=:::::eth0:dhcp  root=PARTUUID=00000000-02 rw rootfstype=ext4 rootwait 
[    0.000000] PID hash table entries: 4096 (order: 2, 16384 bytes)
[    0.000000] Dentry cache hash table entries: 131072 (order: 7, 524288 bytes)
[    0.000000] Inode-cache hash table entries: 65536 (order: 6, 262144 bytes)
[    0.000000] Memory: 1997360K/2095100K available (8322K kernel code, 1063K rwdata, 3748K rodata, 1020K init, 340K bss, 32204K reserved, 65536K cma-reserved, 1243132K highmem)
[    0.000000] Virtual kernel memory layout:
[    0.000000]     vector  : 0xffff0000 - 0xffff1000   (   4 kB)
[    0.000000]     fixmap  : 0xffc00000 - 0xfff00000   (3072 kB)
[    0.000000]     vmalloc : 0xf0800000 - 0xff800000   ( 240 MB)
[    0.000000]     lowmem  : 0xc0000000 - 0xf0000000   ( 768 MB)
[    0.000000]     pkmap   : 0xbfe00000 - 0xc0000000   (   2 MB)
[    0.000000]     modules : 0xbf000000 - 0xbfe00000   (  14 MB)
[    0.000000]       .text : 0xc0208000 - 0xc0dd2a50   (12075 kB)
[    0.000000]       .init : 0xc0dd3000 - 0xc0ed2000   (1020 kB)
[    0.000000]       .data : 0xc0ed2000 - 0xc0fdbda0   (1064 kB)
[    0.000000]        .bss : 0xc0fde000 - 0xc1033020   ( 341 kB)
[    0.000000] SLUB: HWalign=64, Order=0-3, MinObjects=0, CPUs=2, Nodes=1
[    0.000000] Hierarchical RCU implementation.
[    0.000000] 	Build-time adjustment of leaf fanout to 32.
[    0.000000] 	RCU restricting CPUs from NR_CPUS=16 to nr_cpu_ids=2.
[    0.000000] RCU: Adjusting geometry for rcu_fanout_leaf=32, nr_cpu_ids=2
[    0.000000] NR_IRQS:16 nr_irqs:16 16
[    0.000000] OMAP clockevent source: timer1 at 32768 Hz
[    0.000000] Architected cp15 timer(s) running at 6.14MHz (virt).
[    0.000000] clocksource: arch_sys_counter: mask: 0xffffffffffffff max_cycles: 0x16af5adb9, max_idle_ns: 440795202250 ns
[    0.000004] sched_clock: 56 bits at 6MHz, resolution 162ns, wraps every 4398046511023ns
[    0.000014] Switching to timer-based delay loop, resolution 162ns
[    0.003095] clocksource: 32k_counter: mask: 0xffffffff max_cycles: 0xffffffff, max_idle_ns: 58327039986419 ns
[    0.003101] OMAP clocksource: 32k_counter at 32768 Hz
[    0.005758] Console: colour dummy device 80x30
[    0.005775] Calibrating delay loop (skipped), value calculated using timer frequency.. 12.29 BogoMIPS (lpj=30737)
[    0.005787] pid_max: default: 32768 minimum: 301
[    0.005868] Mount-cache hash table entries: 2048 (order: 1, 8192 bytes)
[    0.005876] Mountpoint-cache hash table entries: 2048 (order: 1, 8192 bytes)
[    0.006324] CPU: Testing write buffer coherency: ok
[    0.006514] /cpus/cpu@0 missing clock-frequency property
[    0.006549] /cpus/cpu@1 missing clock-frequency property
[    0.006559] CPU0: thread -1, cpu 0, socket 0, mpidr 80000000
[    0.006605] Setting up static identity map for 0x80209000 - 0x80209098
[    0.011030] CPU1: thread -1, cpu 1, socket 0, mpidr 80000001
[    0.011091] Brought up 2 CPUs
[    0.011103] SMP: Total of 2 processors activated (24.58 BogoMIPS).
[    0.011109] CPU: All CPU(s) started in SVC mode.
[    0.012068] devtmpfs: initialized
[    0.029949] VFP support v0.3: implementor 41 architecture 4 part 30 variant f rev 0
[    0.030855] omap_hwmod: l3_main_2 using broken dt data from ocp
[    0.172896] clocksource: jiffies: mask: 0xffffffff max_cycles: 0xffffffff, max_idle_ns: 9556302231375000 ns
[    0.174281] pinctrl core: initialized pinctrl subsystem
[    0.175608] NET: Registered protocol family 16
[    0.177150] DMA: preallocated 256 KiB pool for atomic coherent allocations
[    0.190988] cpuidle: using governor ladder
[    0.206004] cpuidle: using governor menu
[    0.212025] OMAP GPIO hardware version 0.1
[    0.217024] irq: no irq domain found for /ocp/l4@4a000000/scm@2000/pinmux@1400 !
[    0.229904] No ATAGs?
[    0.229931] hw-breakpoint: found 5 (+1 reserved) breakpoint and 4 watchpoint registers.
[    0.229938] hw-breakpoint: maximum watchpoint size is 8 bytes.
[    0.231042] omap4_sram_init:Unable to allocate sram needed to handle errata I688
[    0.231050] omap4_sram_init:Unable to get sram pool needed to handle errata I688
[    0.231190] OMAP DMA hardware revision 0.0
[    0.234811] Serial: AMBA PL011 UART driver
[    0.260984] omap-dma-engine 4a056000.dma-controller: OMAP DMA engine driver
[    0.265713] vgaarb: loaded
[    0.266458] SCSI subsystem initialized
[    0.266783] usbcore: registered new interface driver usbfs
[    0.266834] usbcore: registered new interface driver hub
[    0.266874] usbcore: registered new device driver usb
[    0.267564] omap_i2c 48070000.i2c: could not find pctldev for node /ocp/l4@4a000000/scm@2000/pinmux@1400/i2c1_pins_default, deferring probe
[    0.267589] omap_i2c 48060000.i2c: could not find pctldev for node /ocp/l4@4a000000/scm@2000/pinmux@1400/i2c3_pins_default, deferring probe
[    0.268337] pps_core: LinuxPPS API ver. 1 registered
[    0.268343] pps_core: Software ver. 5.3.6 - Copyright 2005-2007 Rodolfo Giometti <giometti@linux.it>
[    0.268363] PTP clock support registered
[    0.268544] EDAC MC: Ver: 3.0.0
[    0.270420] clocksource: Switched to clocksource arch_sys_counter
[    0.278830] NET: Registered protocol family 2
[    0.279179] TCP established hash table entries: 8192 (order: 3, 32768 bytes)
[    0.279248] TCP bind hash table entries: 8192 (order: 4, 65536 bytes)
[    0.279378] TCP: Hash tables configured (established 8192 bind 8192)
[    0.279419] UDP hash table entries: 512 (order: 2, 16384 bytes)
[    0.279448] UDP-Lite hash table entries: 512 (order: 2, 16384 bytes)
[    0.279564] NET: Registered protocol family 1
[    0.279764] RPC: Registered named UNIX socket transport module.
[    0.279771] RPC: Registered udp transport module.
[    0.279776] RPC: Registered tcp transport module.
[    0.279781] RPC: Registered tcp NFSv4.1 backchannel transport module.
[    0.280532] hw perfevents: enabled with armv7_cortex_a15 PMU driver, 7 counters available
[    0.281986] futex hash table entries: 512 (order: 3, 32768 bytes)
[    0.291094] squashfs: version 4.0 (2009/01/31) Phillip Lougher
[    0.291751] NFS: Registering the id_resolver key type
[    0.291774] Key type id_resolver registered
[    0.291780] Key type id_legacy registered
[    0.291830] ntfs: driver 2.1.32 [Flags: R/O].
[    0.292826] bounce: pool size: 64 pages
[    0.292981] Block layer SCSI generic (bsg) driver version 0.4 loaded (major 249)
[    0.292994] io scheduler noop registered
[    0.293005] io scheduler deadline registered
[    0.293032] io scheduler cfq registered (default)
[    0.300222] pinctrl-single 4a003400.pinmux: 282 pins at pa fc003400 size 1128
[    0.352499] Serial: 8250/16550 driver, 4 ports, IRQ sharing disabled
[    0.354437] SuperH (H)SCI(F) driver initialized
[    0.355272] msm_serial: driver initialized
[    0.355977] 48020000.serial: ttyO2 at MMIO 0x48020000 (irq = 296, base_baud = 3000000) is a OMAP UART2
[    1.064743] console [ttyO2] enabled
[    1.068740] STMicroelectronics ASC driver initialized
[    1.075575] [drm] Initialized drm 1.1.0 20060810
[    1.087397] loop: module loaded
[    1.092160] ahci 4a140000.sata: SSS flag set, parallel bus scan disabled
[    1.099192] ahci 4a140000.sata: AHCI 0001.0300 32 slots 1 ports 3 Gbps 0x1 impl platform mode
[    1.108111] ahci 4a140000.sata: flags: 64bit ncq sntf stag pm led clo only pmp pio slum part ccc apst 
[    1.118557] scsi host0: ahci
[    1.121798] ata1: SATA max UDMA/133 mmio [mem 0x4a140000-0x4a1410ff] port 0x100 irq 321
[    1.135427] libphy: Fixed MDIO Bus: probed
[    1.140241] CAN device driver interface
[    1.145542] igb: Intel(R) Gigabit Ethernet Network Driver - version 5.3.0-k
[    1.152815] igb: Copyright (c) 2007-2014 Intel Corporation.
[    1.215439] davinci_mdio 48485000.mdio: davinci mdio revision 1.6
[    1.221809] davinci_mdio 48485000.mdio: detected phy mask fffffff9
[    1.232129] libphy: 48485000.mdio: probed
[    1.236339] davinci_mdio 48485000.mdio: phy[1]: device 48485000.mdio:01, driver Micrel KSZ9031 Gigabit PHY
[    1.246427] davinci_mdio 48485000.mdio: phy[2]: device 48485000.mdio:02, driver Micrel KSZ9031 Gigabit PHY
[    1.257310] cpsw 48484000.ethernet: Detected MACID = 74:da:ea:08:7b:06
[    1.264724] cpsw 48484000.ethernet: cpsw: Detected MACID = 74:da:ea:08:7b:07
[    1.272759] pegasus: v0.9.3 (2013/04/25), Pegasus/Pegasus II USB Ethernet driver
[    1.280545] usbcore: registered new interface driver pegasus
[    1.286513] usbcore: registered new interface driver asix
[    1.292194] usbcore: registered new interface driver ax88179_178a
[    1.298599] usbcore: registered new interface driver cdc_ether
[    1.304744] usbcore: registered new interface driver smsc75xx
[    1.310803] usbcore: registered new interface driver smsc95xx
[    1.316849] usbcore: registered new interface driver net1080
[    1.322808] usbcore: registered new interface driver cdc_subset
[    1.329029] usbcore: registered new interface driver zaurus
[    1.334918] usbcore: registered new interface driver cdc_ncm
[    1.342675] ehci_hcd: USB 2.0 'Enhanced' Host Controller (EHCI) Driver
[    1.349506] ehci-pci: EHCI PCI platform driver
[    1.354191] ehci-platform: EHCI generic platform driver
[    1.359842] ehci-omap: OMAP-EHCI Host Controller driver
[    1.365449] ehci-orion: EHCI orion driver
[    1.369757] SPEAr-ehci: EHCI SPEAr driver
[    1.374085] ehci-st: EHCI STMicroelectronics driver
[    1.379314] ehci-exynos: EHCI EXYNOS driver
[    1.383834] ehci-atmel: EHCI Atmel driver
[    1.388154] tegra-ehci: Tegra EHCI driver
[    1.392502] ohci_hcd: USB 1.1 'Open' Host Controller (OHCI) Driver
[    1.398979] ohci-pci: OHCI PCI platform driver
[    1.403663] ohci-platform: OHCI generic platform driver
[    1.409278] ohci-omap3: OHCI OMAP3 driver
[    1.413609] SPEAr-ohci: OHCI SPEAr driver
[    1.417936] ohci-st: OHCI STMicroelectronics driver
[    1.423166] ohci-atmel: OHCI Atmel driver
[    1.427839] usbcore: registered new interface driver usb-storage
[    1.435438] mousedev: PS/2 mouse device common for all mice
[    1.444348] i2c /dev entries driver
[    1.450438] ata1: SATA link down (SStatus 0 SControl 300)
[    1.456490] sdhci: Secure Digital Host Controller Interface driver
[    1.462946] sdhci: Copyright(c) Pierre Ossman
[    1.468383] omap_hsmmc 4809c000.mmc: Got CD GPIO
[    1.501209] Synopsys Designware Multimedia Card Interface Driver
[    1.508530] sdhci-pltfm: SDHCI platform and OF driver helper
[    1.516717] ledtrig-cpu: registered to indicate activity on CPUs
[    1.523282] usbcore: registered new interface driver usbhid
[    1.529114] usbhid: USB HID core driver
[    1.537151] NET: Registered protocol family 10
[    1.542443] sit: IPv6 over IPv4 tunneling driver
[    1.547732] NET: Registered protocol family 17
[    1.552400] can: controller area network core (rev 20120528 abi 9)
[    1.558910] NET: Registered protocol family 29
[    1.563571] can: raw protocol (rev 20120528)
[    1.568052] can: broadcast manager protocol (rev 20120528 t)
[    1.573979] can: netlink gateway (rev 20130117) max_hops=1
[    1.580011] Key type dns_resolver registered
[    1.584628] omap_voltage_late_init: Voltage driver support not added
[    1.591785] Power Management for TI OMAP4+ devices.
[    1.597079] ThumbEE CPU extension supported.
[    1.601581] Registering SWP/SWPB emulation handler
[    1.608513] palmas 0-0058: Irq flag is 0x00000008
[    1.632621] palmas 0-0058: Muxing GPIO 2f, PWM 0, LED 0
[    1.663777] palmas-rtc 48070000.i2c:tps659038@58:tps659038_rtc: rtc core: registered 48070000.i2c:tps659 as rtc1
[    1.678008] omap_i2c 48070000.i2c: bus 0 rev0.12 at 400 kHz
[    1.700934] rtc-ds1307 2-006f: SET TIME!
[    1.706671] rtc-ds1307 2-006f: rtc core: registered mcp7941x as rtc0
[    1.713440] rtc-ds1307 2-006f: 64 bytes nvram
[    1.718051] omap_i2c 48060000.i2c: bus 2 rev0.12 at 400 kHz
[    1.726981] omap_hsmmc 4809c000.mmc: Got CD GPIO
[    1.731925] omap_hsmmc 4809c000.mmc: omap_device: omap_device_enable() called from invalid state 1
[    1.771306] omap_hsmmc 480b4000.mmc: omap_device: omap_device_enable() called from invalid state 1
[    1.780876] vdd_3v3: supplied by regen1
[    1.814393] rtc-ds1307 2-006f: setting system clock to 2001-01-01 00:00:00 UTC (978307200)
[    1.831541] net eth0: initializing cpsw version 1.15 (0)
[    1.846286] mmc0: host does not support reading read-only switch, assuming write-enable
[    1.858103] mmc0: new high speed SDHC card at address aaaa
[    1.864187] mmcblk0: mmc0:aaaa SL08G 7.40 GiB 
[    1.870201]  mmcblk0: p1 p2 p3
[    1.914938] mmc1: MAN_BKOPS_EN bit is not set
[    1.917811] net eth0: phy found : id is : 0x221622
[    1.924181] IPv6: ADDRCONF(NETDEV_UP): eth0: link is not ready
[    1.938146] mmc1: new high speed MMC card at address 0001
[    1.944093] mmcblk1: mmc1:0001 S10004 3.56 GiB 
[    1.948973] mmcblk1boot0: mmc1:0001 S10004 partition 1 4.00 MiB
[    1.955314] mmcblk1boot1: mmc1:0001 S10004 partition 2 4.00 MiB
[    1.962241]  mmcblk1: p1 p2 p3
[    5.938456] cpsw 48484000.ethernet eth0: Link is Up - 1Gbps/Full - flow control rx/tx
[    5.946711] IPv6: ADDRCONF(NETDEV_CHANGE): eth0: link becomes ready
[    5.960430] Sending DHCP requests ., OK
[    5.985435] IP-Config: Got DHCP answer from 192.168.0.1, my address is 192.168.0.61
[    5.993553] IP-Config: Complete:
[    5.996955]      device=eth0, hwaddr=74:da:ea:08:7b:06, ipaddr=192.168.0.61, mask=255.255.255.0, gw=192.168.0.1
[    6.007543]      host=192.168.0.61, domain=ti.com, nis-domain=(none)
[    6.014218]      bootserver=0.0.0.0, rootserver=0.0.0.0, rootpath=     nameserver0=192.0.2.2, nameserver1=192.0.2.3
[    6.025296] aic_dvdd_fixed: disabling
[    6.029324] ldousb: disabling
[    6.049317] EXT4-fs (mmcblk0p2): mounted filesystem with ordered data mode. Opts: (null)
[    6.057837] VFS: Mounted root (ext4 filesystem) on device 179:2.
[    6.072255] devtmpfs: mounted
[    6.075939] Freeing unused kernel memory: 1020K (c0dd3000 - c0ed2000)
INIT: version 2.88 booting
Error opening /dev/fb0: No such file or directory
Starting udev
[    6.467641] udevd[107]: starting version 182
[    7.596220] FAT-fs (mmcblk1p2): Volume was not properly unmounted. Some data may be corrupt. Please run fsck.
[    7.623473] FAT-fs (mmcblk1p3): Volume was not properly unmounted. Some data may be corrupt. Please run fsck.
[    7.641525] FAT-fs (mmcblk0p3): Volume was not properly unmounted. Some data may be corrupt. Please run fsck.
[    7.654475] FAT-fs (mmcblk0p1): Volume was not properly unmounted. Some data may be corrupt. Please run fsck.
[    7.686018] FAT-fs (mmcblk1p1): Volume was not properly unmounted. Some data may be corrupt. Please run fsck.
depmod: ERROR: could not open directory /lib/modules/4.4.0-rc3-next-20151202-00002-g21597efe5c44: No such file or directory
depmod: WARNING: -e needs -E or -F
depmod: ERROR: could not open directory /lib/modules/4.4.0-rc3-next-20151202-00002-g21597efe5c44: No such file or directory
depmod: FATAL: could not search modules: No such file or directory
[    7.841656] EXT4-fs (mmcblk0p2): re-mounted. Opts: data=ordered
Starting random number generator daemonUnable to open file: /dev/tpm0
can't open any entropy source
Maybe RNG device modules are not loaded
[    7.910655] random: dd urandom read with 70 bits of entropy available
ALSA: Restoring mixer settings...
/usr/sbin/alsactl: load_state:1729: No soundcards found...
Fri Oct 30 14:38:28 UTC 2015
INIT: Entering runlevel: 5
Configuring network interfaces... udhcpc (v1.23.1) started
Sending discover...
Sending select for 192.168.0.122...
Lease of 192.168.0.122 obtained, lease time 7200
/etc/udhcpc.d/50default: Adding DNS 192.0.2.2
/etc/udhcpc.d/50default: Adding DNS 192.0.2.3
done.
Starting system message bus: dbus.
UIM SYSFS Node Not Found
Initializing the graphics driver ...
PVR:(Error): OpenServices: drmOpen failed [120, /pvr_bridge_u.c]
PVR:(Error): PVRSRVInitSrvConnect: PVRSRVConnect failed [2572, /bridged_pvr_glue.c]
PVR:(Error): SrvInit: PVRSRVInitSrvConnect failed (4) [37, /srvinit.c]
PVR:(Error): main: SrvInit failed (4) [47, /pvrsrvinit.c]
Starting Dropbear SSH server: dropbear.
Starting telnet daemon.
Starting tiipclad daemon
GateMP support enabled on host
Opened log file: lad.txt
numProcessors = 5 id = 0 baseId = 0
Spawned daemon: /usr/bin/lad_dra7xx
Starting rpcbind daemon...done.
starting statd: done
Starting syslogd/klogd: done
Starting thttpd.
Starting Lighttpd Web Server: lighttpd.
2015-10-30 14:38:31: (/home/jenkins/tisdk-build-fido/build-CORTEX_1/arago-tmp-external-linaro-toolchain/work/cortexa15hf-vfp-neon-linux-gnueabi/lighttpd/1.4.35-r1/lighttpd-1.4.35/src/log.c.164) server started 
Starting Matrix GUI application.
Enabling thermal zones...
[   11.307686] random: nonblocking pool is initialized
***************************************************************
***************************************************************
NOTICE: This file system contains the following GPLv3 packages:
	autoconf
	binutils
	cpp-symlinks
	cpp
	g++-symlinks
	g++
	gcc-symlinks
	gcc
	gdbc6x
	gdbserver
	gstreamer1.0-libav
	libgmp10
	libmpc3
	libmpfr4
	make
	parted
If you do not wish to distribute GPLv3 components please remove
the above packages prior to distribution.  This can be done using
the opkg remove command.  i.e.:
    opkg remove <package>
Where <package> is the name printed in the list above
NOTE: If the package is a dependency of another package you
      will be notified of the dependent packages.  You should
      use the --force-removal-of-dependent-packages option to
      also remove the dependent packages as well
***************************************************************
***************************************************************
 _____                    _____           _         _   
|  _  |___ ___ ___ ___   |  _  |___ ___  |_|___ ___| |_ 
|     |  _| .'| . | . |  |   __|  _| . | | | -_|  _|  _|
|__|__|_| |__,|_  |___|  |__|  |_| |___|_| |___|___|_|  
              |___|                    |___|            
Arago Project http://arago-project.org am57xx-evm /dev/ttyO2
Arago 2015.09 am57xx-evm /dev/ttyO2
am57xx-evm login: 
- 14:43:58 [INFO] Host: root
- 14:43:59 [INFO] Target: 
root
root@am57xx-evm:~# 
- 14:43:59 [INFO] Host: uname -a
- 14:43:59 [INFO] Target: 
uname -a
Linux am57xx-evm 4.4.0-rc3-next-20151202-00002-g21597efe5c44 #1 SMP Thu Dec 3 05:38:31 CST 2015 armv7l GNU/Linux
root@am57xx-evm:~# 
- 14:43:59 [INFO] Host: cat /proc/cmdline
- 14:43:59 [INFO] Target: 
cat /proc/cmdline
console=ttyO2,115200n8  earlyprintk rootwait  ip=:::::eth0:dhcp  root=PARTUUID=00000000-02 rw rootfstype=ext4 rootwait 
root@am57xx-evm:~# 
- 14:43:59 [INFO] Host: uname -a
- 14:43:59 [INFO] Target: 
uname -a
Linux am57xx-evm 4.4.0-rc3-next-20151202-00002-g21597efe5c44 #1 SMP Thu Dec 3 05:38:31 CST 2015 armv7l GNU/Linux
root@am57xx-evm:~# 
- 14:43:59 [INFO] Host: cat /proc/mtd
- 14:43:59 [INFO] Target: 
cat /proc/mtd
dev:    size   erasesize  name
root@am57xx-evm:~# 
- 14:43:59 [INFO] Host: export IPERFHOST=192.168.0.1
- 14:43:59 [INFO] Target: 
export IPERFHOST=192.168.0.1
root@am57xx-evm:~# 
- 14:43:59 [INFO] Host: export NFS_SERVER=192.168.0.1
- 14:43:59 [INFO] Target: 
export NFS_SERVER=192.168.0.1
root@am57xx-evm:~# 
- 14:43:59 [INFO] Host: export NFS_ROOT_PATH=/home/tigtfarm11/NFS_exports/linux/am57xx-evm
- 14:44:00 [INFO] Target: 
export NFS_ROOT_PATH=/home/tigtfarm11/NFS_exports/linux/am57x 
x-evm
root@am57xx-evm:~# 
- 14:44:00 [INFO] Host: export AP_SSID=
- 14:44:00 [INFO] Target: 
export AP_SSID=
root@am57xx-evm:~# 
- 14:44:00 [INFO] Host: mkdir -p -m 777 /test
- 14:44:00 [INFO] Target: 
mkdir -p -m 777 /test
root@am57xx-evm:~# 
- 14:44:00 [INFO] Host: cd /test
- 14:44:00 [INFO] Target: 
cd /test
root@am57xx-evm:/test# 
- 14:44:00 [INFO] Host: cat > test.sh << EOF
- 14:44:00 [INFO] Target: 
cat > test.sh << EOF
- 14:44:00 [INFO] Host: failtest() {
- 14:44:00 [INFO] Target: 
failtest() {
- 14:44:00 [INFO] Host:   echo 1 >&3
- 14:44:00 [INFO] Target: 
  echo 1 >&3
- 14:44:00 [INFO] Host: }
- 14:44:00 [INFO] Target: 
- 14:44:00 [INFO] Host: timeout=600
- 14:44:00 [INFO] Target: 
timeout=600
- 14:44:00 [INFO] Host: 
- 14:44:00 [INFO] Target: 
- 14:44:00 [INFO] Host: # Start of user's script logic
- 14:44:01 [INFO] Target: 
# Start of user's script logic
- 14:44:01 [INFO] Host: mount -t proc proc /proc 2>/dev/null;
- 14:44:01 [INFO] Target: 
mount -t proc proc /proc 2>/dev/null;
- 14:44:01 [INFO] Host: 
- 14:44:01 [INFO] Target: 
- 14:44:01 [INFO] Host: mount -t sysfs sys /sys 2>/dev/null;
- 14:44:01 [INFO] Target: 
mount -t sysfs sys /sys 2>/dev/null;
- 14:44:01 [INFO] Host: 
- 14:44:01 [INFO] Target: 
- 14:44:01 [INFO] Host: mount -t debugfs none /sys/kernel/debug 2>/dev/null;
- 14:44:01 [INFO] Target: 
mount -t debugfs none /sys/kernel/debug 2>/dev/null;
- 14:44:01 [INFO] Host: 
- 14:44:01 [INFO] Target: 
- 14:44:01 [INFO] Host: echo 'cpuinfo:';cat /proc/cpuinfo; echo '=======';
- 14:44:01 [INFO] Target: 
echo 'cpuinfo:';cat /proc/cpuinfo; echo '=======';
- 14:44:01 [INFO] Host: 
- 14:44:01 [INFO] Target: 
- 14:44:01 [INFO] Host: echo 'soc info:';head /sys/devices/soc0/* 2>/dev/null; echo '=======';
- 14:44:01 [INFO] Target: 
echo 'soc info:';head /sys/devices/soc0/* 2>/dev/null; echo '=======';
- 14:44:01 [INFO] Host: 
- 14:44:02 [INFO] Target: 
- 14:44:02 [INFO] Host: echo 'DT Model info'; head /proc/device-tree/name /proc/device-tree/model /proc/device-tree/compatible 2>/dev/null;echo; echo '=======';
- 14:44:02 [INFO] Target: 
echo 'DT Model info'; head /proc/device-tree/name /proc/device-tree/model /pro 
c/device-tree/compatible 2>/dev/null;echo; echo '=======';
- 14:44:02 [INFO] Host: 
- 14:44:02 [INFO] Target: 
- 14:44:02 [INFO] Host: echo 'interrupts:';cat /proc/interrupts; echo '=======';
- 14:44:02 [INFO] Target: 
echo 'interrupts:';cat /proc/interrupts; echo '=======';
- 14:44:02 [INFO] Host: 
- 14:44:02 [INFO] Target: 
- 14:44:02 [INFO] Host: echo 'Clk_summary:';cat /sys/kernel/debug/clk/clk_summary; echo '=======';
- 14:44:02 [INFO] Target: 
echo 'Clk_summary:';cat /sys/kernel/debug/clk/clk_summary; echo '=======';
- 14:44:02 [INFO] Host: 
- 14:44:02 [INFO] Target: 
- 14:44:02 [INFO] Host: echo "Available frequencies"; cat /sys/devices/system/cpu/cpu0/cpufreq/scaling_available_frequencies 2>/dev/null;echo '=======';
- 14:44:02 [INFO] Target: 
echo "Available frequencies"; cat /sys/devices/system/cpu/cpu0/cpufreq/scaling 
_available_frequencies 2>/dev/null;echo '=======';
- 14:44:02 [INFO] Host: 
- 14:44:02 [INFO] Target: 
- 14:44:02 [INFO] Host: TMPF=/tmp/a.\$\$; TMPF2=/tmp/b.\$\$; STR=""
- 14:44:03 [INFO] Target: 
TMPF=/tmp/a.\$\$; TMPF2=/tmp/b.\$\$; STR=""
- 14:44:03 [INFO] Host: 
- 14:44:03 [INFO] Target: 
- 14:44:03 [INFO] Host: cp /dev/kmsg \$TMPF &
- 14:44:03 [INFO] Target: 
cp /dev/kmsg \$TMPF &
- 14:44:03 [INFO] Host: 
- 14:44:03 [INFO] Target: 
- 14:44:03 [INFO] Host: PID=\$! ; sleep 5; kill -9 \$PID
- 14:44:03 [INFO] Target: 
PID=\$! ; sleep 5; kill -9 \$PID
- 14:44:03 [INFO] Host: 
- 14:44:03 [INFO] Target: 
- 14:44:03 [INFO] Host: 
- 14:44:03 [INFO] Target: 
- 14:44:03 [INFO] Host: 
- 14:44:03 [INFO] Target: 
- 14:44:03 [INFO] Host: cat \$TMPF|grep "^0">\$TMPF2; N=\`cat \$TMPF2|wc -l\`; if [ "\$N" -ne 0 ]; then STR="\$STR emerg=\$N";echo "===== EMERGE++";cat \$TMPF2|cut -d ';' -f2;echo "====="; fi
- 14:44:03 [INFO] Target: 
cat \$TMPF|grep "^0">\$TMPF2; N=\`cat \$TMPF2|wc -l\`; if [ "\$N" -ne 0 ]; the 
n STR="\$STR emerg=\$N";echo "===== EMERGE++";cat \$TMPF2|cut -d ';' -f2;echo "= 
===="; fi
- 14:44:03 [INFO] Host: 
- 14:44:03 [INFO] Target: 
- 14:44:03 [INFO] Host: cat \$TMPF|grep "^1">\$TMPF2; N=\`cat \$TMPF2|wc -l\`; if [ "\$N" -ne 0 ]; then STR="\$STR alert=\$N";echo "===== ALERT ==";cat \$TMPF2|cut -d ';' -f2;echo "====="; fi
- 14:44:04 [INFO] Target: 
cat \$TMPF|grep "^1">\$TMPF2; N=\`cat \$TMPF2|wc -l\`; if [ "\$N" -ne 0 ]; the 
n STR="\$STR alert=\$N";echo "===== ALERT ==";cat \$TMPF2|cut -d ';' -f2;echo "= 
===="; fi
- 14:44:04 [INFO] Host: 
- 14:44:04 [INFO] Target: 
- 14:44:04 [INFO] Host: cat \$TMPF|grep "^2">\$TMPF2; N=\`cat \$TMPF2|wc -l\`; if [ "\$N" -ne 0 ]; then STR="\$STR crit=\$N";echo "===== CRIT ==";cat \$TMPF2|cut -d ';' -f2;echo "====="; fi
- 14:44:04 [INFO] Target: 
cat \$TMPF|grep "^2">\$TMPF2; N=\`cat \$TMPF2|wc -l\`; if [ "\$N" -ne 0 ]; the 
n STR="\$STR crit=\$N";echo "===== CRIT ==";cat \$TMPF2|cut -d ';' -f2;echo "=== 
=="; fi
- 14:44:04 [INFO] Host: 
- 14:44:04 [INFO] Target: 
- 14:44:04 [INFO] Host: cat \$TMPF|grep "^3">\$TMPF2; N=\`cat \$TMPF2|wc -l\`; if [ "\$N" -ne 0 ]; then STR="\$STR err=\$N";echo "===== ERR ==";cat \$TMPF2|cut -d ';' -f2;echo "=====" ;fi
- 14:44:04 [INFO] Target: 
cat \$TMPF|grep "^3">\$TMPF2; N=\`cat \$TMPF2|wc -l\`; if [ "\$N" -ne 0 ]; the 
n STR="\$STR err=\$N";echo "===== ERR ==";cat \$TMPF2|cut -d ';' -f2;echo "===== 
" ;fi
- 14:44:04 [INFO] Host: 
- 14:44:04 [INFO] Target: 
- 14:44:04 [INFO] Host: cat \$TMPF|grep "^4">\$TMPF2; N=\`cat \$TMPF2|wc -l\`; if [ "\$N" -ne 0 ]; then STR="\$STR warn=\$N";echo "===== WARN ==";cat \$TMPF2|cut -d ';' -f2;echo "=====" ;fi
- 14:44:04 [INFO] Target: 
cat \$TMPF|grep "^4">\$TMPF2; N=\`cat \$TMPF2|wc -l\`; if [ "\$N" -ne 0 ]; the 
n STR="\$STR warn=\$N";echo "===== WARN ==";cat \$TMPF2|cut -d ';' -f2;echo "=== 
==" ;fi
- 14:44:04 [INFO] Host: 
- 14:44:04 [INFO] Target: 
- 14:44:04 [INFO] Host: rm \$TMPF \$TMPF2; echo "SUM""MARY RESULT: BOOT:" 'PASS: H''ello World' 'B''oard' "Booted" "Boot Log has::::\$STR:"
- 14:44:04 [INFO] Target: 
rm \$TMPF \$TMPF2; echo "SUM""MARY RESULT: BOOT:" 'PASS: H''ello World' 'B''oa 
rd' "Booted" "Boot Log has::::\$STR:"
- 14:44:04 [INFO] Host: 
- 14:44:04 [INFO] Target: 
- 14:44:04 [INFO] Host: EOF
- 14:44:05 [INFO] Target: 
root@am57xx-evm:/test# 
- 14:44:05 [INFO] Host: cd /test
- 14:44:05 [INFO] Target: 
cd /test
root@am57xx-evm:/test# 
- 14:44:05 [INFO] Host: chmod +x test.sh
- 14:44:05 [INFO] Target: 
chmod +x test.sh
root@am57xx-evm:/test# 
- 14:44:05 [INFO] Host: ./test.sh 2> stderr.log > stdout.log 3> result.log
- 14:44:10 [INFO] Target: 
./test.sh 2> stderr.log > stdout.log 3> result.log
root@am57xx-evm:/
- 14:44:10 [INFO] Host: echo $?
- 14:44:10 [INFO] Target: 
test# echo $?
root@am57xx-evm:/test# 
- 14:44:10 [INFO] Host: cd /test
- 14:44:10 [INFO] Target: 
cd /test
root@am57xx-evm:/test# 
- 14:44:10 [INFO] Host: cat stdout.log
- 14:44:13 [INFO] Target: 
cat stdout.log
cpuinfo:
processor	: 0
model name	: ARMv7 Processor rev 2 (v7l)
BogoMIPS	: 12.29
Features	: half thumb fastmult vfp edsp thumbee neon vfpv3 tls vfpv4 idiva idivt vfpd32 lpae evtstrm 
CPU implementer	: 0x41
CPU architecture: 7
CPU variant	: 0x2
CPU part	: 0xc0f
CPU revision	: 2
processor	: 1
model name	: ARMv7 Processor rev 2 (v7l)
BogoMIPS	: 12.29
Features	: half thumb fastmult vfp edsp thumbee neon vfpv3 tls vfpv4 idiva idivt vfpd32 lpae evtstrm 
CPU implementer	: 0x41
CPU architecture: 7
CPU variant	: 0x2
CPU part	: 0xc0f
CPU revision	: 2
Hardware	: Generic DRA74X (Flattened Device Tree)
Revision	: 0000
Serial		: 0000000000000000
=======
soc info:
==> /sys/devices/soc0/family <==
DRA7
==> /sys/devices/soc0/machine <==
DRA752
==> /sys/devices/soc0/power <==
==> /sys/devices/soc0/revision <==
ES1.1
==> /sys/devices/soc0/subsystem <==
==> /sys/devices/soc0/type <==
==> /sys/devices/soc0/uevent <==
=======
DT Model info
==> /proc/device-tree/name <==
==> /proc/device-tree/model <==
TI AM5728 BeagleBoard-X15
==> /proc/device-tree/compatible <==
ti,am572x-beagle-x15ti,am5728ti,dra742ti,dra74ti,dra7
=======
interrupts:
           CPU0       CPU1       
 16:          0          0      CBAR  32 Level     gp_timer
 19:       1926       1143       GIC  27 Edge      arch_timer
 22:          0          0      CBAR   4 Level     l3-dbg-irq
 23:          0          0     WUGEN  10 Level     l3-app-irq
 29:       5262          0      CBAR   8 Level     omap-dma-engine
 32:          1          0      CBAR  24 Level     4ae10000.gpio
 33:          1          0  4ae10000.gpio   0 Level     palmas
 65:          0          0      CBAR  25 Level     48055000.gpio
 98:          0          0      CBAR  26 Level     48057000.gpio
131:          0          0      CBAR  27 Level     48059000.gpio
164:          0          0      CBAR  28 Level     4805b000.gpio
197:          0          0      CBAR  29 Level     4805d000.gpio
225:          0          0  4805d000.gpio  27 Edge      4809c000.mmc cd
230:          0          0      CBAR  30 Level     48051000.gpio
263:          0          0      CBAR 116 Level     48053000.gpio
296:       8916          0      CBAR  69 Level     OMAP UART2
317:        562          0      CBAR  51 Level     48070000.i2c
318:         42          0      CBAR  56 Level     48060000.i2c
319:       6740          0      CBAR  78 Level     mmc0
320:       1068          0      CBAR  81 Level     mmc1
321:          0          0      CBAR  49 Level     4a140000.sata
328:         14          0      CBAR 335 Level     48484000.ethernet
329:         13          0      CBAR 336 Level     48484000.ethernet
399:          0          0   pinctrl 1016 Edge      48020000.serial
400:          0          0    palmas   8 Edge      48070000.i2c:tps659038@58:tps659038_rtc
402:          0          0      CBAR   2 Edge      mcp7941x
403:          0          0   pinctrl 1060 Edge      2-006f
IPI0:          0          1  CPU wakeup interrupts
IPI1:          0          0  Timer broadcast interrupts
IPI2:       3573      10063  Rescheduling interrupts
IPI3:          0          0  Function call interrupts
IPI4:         37         13  Single function call interrupts
IPI5:          0          0  CPU stop interrupts
IPI6:          0          0  IRQ work interrupts
IPI7:          0          0  completion interrupts
Err:          0
=======
Clk_summary:
   clock                         enable_cnt  prepare_cnt        rate   accuracy   phase
----------------------------------------------------------------------------------------
 dummy_ck                                 0            0           0          0 0  
 video2_m2_clkin_ck                       0            0           0          0 0  
    video2_dclk_div                       0            0           0          0 0  
 video2_clkin_ck                          0            0           0          0 0  
    video2_div_clk                        0            0           0          0 0  
    video2_clk2_div                       0            0           0          0 0  
 video1_m2_clkin_ck                       0            0           0          0 0  
    video1_dclk_div                       0            0           0          0 0  
 video1_clkin_ck                          0            0           0          0 0  
    video1_div_clk                        0            0           0          0 0  
    video1_clk2_div                       0            0           0          0 0  
 usb_otg_clkin_ck                         0            0           0          0 0  
    usb_otg_dclk_div                      0            0           0          0 0  
 sys_clkin2                               0            0    22579200          0 0  
    sys_clk2_dclk_div                     0            0    22579200          0 0  
 virt_38400000_ck                         0            0    38400000          0 0  
 virt_27000000_ck                         0            0    27000000          0 0  
 virt_26000000_ck                         0            0    26000000          0 0  
 virt_20000000_ck                         1            1    20000000          0 0  
    sys_clkin1                            6           14    20000000          0 0  
       wkupaon_iclk_mux                  10           12    20000000          0 0  
          l3instr_ts_gclk_div             0            0      625000          0 0  
       sata_ref_clk                       3            3    20000000          0 0  
       dpll_usb_ck                        0            1   960000000          0 0  
          dpll_usb_clkdcoldo              0            1   960000000          0 0  
             l3init_960m_gfclk            0            2   960000000          0 0  
                usb_otg_ss2_refclk960m           0            2   960000000          0 0  
                usb_otg_ss1_refclk960m           0            2   960000000          0 0  
          dpll_usb_m2_ck                  0            0   480000000          0 0  
             l3init_480m_dclk_div           0            0   480000000          0 0  
             l3init_60m_fclk              0            0    60000000          0 0  
       dpll_usb_byp_mux                   0            0    20000000          0 0  
       dpll_per_ck                        1            1   384000000          0 0  
          dpll_per_x2_ck                  1            3   768000000          0 0  
             dpll_per_m2x2_ck             3            5   192000000          0 0  
                mmc2_fclk_mux             1            1   192000000          0 0  
                   mmc2_fclk_div           1            1    96000000          0 0  
                mmc1_fclk_mux             1            1   192000000          0 0  
                   mmc1_fclk_div           1            1    96000000          0 0  
                func_96m_fclk             0            5    96000000          0 0  
                func_48m_fclk             2           18    48000000          0 0  
                   uart6_gfclk_mux           0            1    48000000          0 0  
                   uart10_gfclk_mux           0            1    48000000          0 0  
                   uart9_gfclk_mux           0            1    48000000          0 0  
                   uart8_gfclk_mux           0            1    48000000          0 0  
                   uart7_gfclk_mux           0            1    48000000          0 0  
                   uart5_gfclk_mux           0            1    48000000          0 0  
                   uart4_gfclk_mux           0            1    48000000          0 0  
                   uart3_gfclk_mux           1            1    48000000          0 0  
                   uart2_gfclk_mux           0            1    48000000          0 0  
                   uart1_gfclk_mux           0            1    48000000          0 0  
                   mmc4_gfclk_mux           0            1    48000000          0 0  
                      mmc4_gfclk_div           0            1    48000000          0 0  
                   mmc3_gfclk_mux           0            1    48000000          0 0  
                      mmc3_gfclk_div           0            1    48000000          0 0  
                   dss_48mhz_clk           0            2    48000000          0 0  
                func_12m_fclk             0            1    12000000          0 0  
             dpll_per_h14x2_ck            0            0   384000000          0 0  
             dpll_per_h13x2_ck            0            0   192000000          0 0  
             dpll_per_h12x2_ck            0            1   192000000          0 0  
                dss_dss_clk               0            3   192000000          0 0  
             dpll_per_h11x2_ck            0            1   256000000          0 0  
                func_128m_clk             0            1   128000000          0 0  
                   qspi_gfclk_mux           0            1   128000000          0 0  
                      qspi_gfclk_div           0            1   128000000          0 0  
          dpll_per_m2_ck                  0            0    96000000          0 0  
             func_24m_clk                 0            0    24000000          0 0  
             func_96m_aon_dclk_div           0            0    96000000          0 0  
       dpll_per_byp_mux                   0            0    20000000          0 0  
       dpll_pcie_ref_ck                   0            0  1500000000          0 0  
          dpll_pcie_ref_m2_ck             0            0  1500000000          0 0  
             pcie2_dclk_div               0            0  1500000000          0 0  
          dpll_pcie_ref_m2ldo_ck           0            0   100000000          0 0  
             apll_pcie_in_clk_mux           0            0   100000000          0 0  
                apll_pcie_ck              0            0   100000000          0 0  
                   apll_pcie_m2_ck           0            0   100000000          0 0  
                      pcie_dclk_div           0            0   100000000          0 0  
                   apll_pcie_clkvcoldo_div           0            0   100000000          0 0  
                   apll_pcie_clkvcoldo           0            0   100000000          0 0  
                   optfclk_pciephy2_clk           0            0   100000000          0 0  
                   optfclk_pciephy1_clk           0            0   100000000          0 0  
                   optfclk_pciephy_div           0            0   100000000          0 0  
                      optfclk_pciephy2_div_clk           0            0   100000000          0 0  
                      optfclk_pciephy1_div_clk           0            0   100000000          0 0  
       dpll_eve_byp_mux                   0            0    20000000          0 0  
          dpll_eve_ck                     0            0    20000000          0 0  
             dpll_eve_m2_ck               0            0    20000000          0 0  
                eve_clk                   0            0    20000000          0 0  
                eve_dclk_div              0            0    20000000          0 0  
       dpll_gmac_ck                       3            3  1000000000          0 0  
          dpll_gmac_x2_ck                 0            0  2000000000          0 0  
             dpll_gmac_m3x2_ck            0            0   200000000          0 0  
             dpll_gmac_h13x2_ck           0            0   200000000          0 0  
             dpll_gmac_h12x2_ck           0            0   250000000          0 0  
             dpll_gmac_h11x2_ck           0            0    50000000          0 0  
                gmii_m_clk_div            0            0    25000000          0 0  
          dpll_gmac_m2_ck                 0            0   250000000          0 0  
             gmac_250m_dclk_div           0            0   250000000          0 0  
             gmac_gmii_ref_clk_div           0            0   125000000          0 0  
       dpll_gmac_byp_mux                  0            0    20000000          0 0  
       dpll_ddr_ck                        0            0  1064000000          0 0  
          dpll_ddr_x2_ck                  0            0  2128000000          0 0  
             dpll_ddr_h11x2_ck            0            0   266000000          0 0  
          dpll_ddr_m2_ck                  0            0   532000000          0 0  
             emif_phy_dclk_div            0            0   532000000          0 0  
       dpll_ddr_byp_mux                   0            0    20000000          0 0  
       dpll_gpu_byp_mux                   0            0    20000000          0 0  
          dpll_gpu_ck                     0            0    20000000          0 0  
             dpll_gpu_m2_ck               0            0    20000000          0 0  
                gpu_dclk                  0            0    20000000          0 0  
       dpll_iva_byp_mux                   0            0    20000000          0 0  
          dpll_iva_ck                     0            0    20000000          0 0  
             dpll_iva_m2_ck               0            0    20000000          0 0  
                iva_dclk                  0            0    20000000          0 0  
       dpll_dsp_byp_mux                   0            0    20000000          0 0  
          dpll_dsp_ck                     0            0    20000000          0 0  
             dpll_dsp_x2_ck               0            0    20000000          0 0  
                dpll_dsp_m3x2_ck           0            0    20000000          0 0  
             dpll_dsp_m2_ck               0            0    20000000          0 0  
                dsp_gclk_div              0            0    20000000          0 0  
       dpll_mpu_ck                        1            1  1000000000          0 0  
          dpll_mpu_m2_ck                  1            1  1000000000          0 0  
             mpu_dclk_div                 0            0  1000000000          0 0  
       dpll_core_ck                       1            1  1064000000          0 0  
          dpll_core_m2_ck                 0            0   532000000          0 0  
             core_dpll_out_dclk_div           0            0   532000000          0 0  
          dpll_core_x2_ck                 2            3  2128000000          0 0  
             dpll_core_h24x2_ck           0            1   354666667          0 0  
             dpll_core_h23x2_ck           0            0   532000000          0 0  
             dpll_core_h22x2_ck           0            0   425600000          0 0  
             dpll_core_h14x2_ck           0            0   425600000          0 0  
                gpu_hyd_gclk_mux           0            0   425600000          0 0  
                gpu_core_gclk_mux           0            0   425600000          0 0  
             dpll_core_h13x2_ck           4            8    34322581          0 0  
             dpll_core_h12x2_ck           1            1   532000000          0 0  
                l3_iclk_div              91          103   266000000          0 0  
                   dss_deshdcp_clk           1            2   266000000          0 0  
                   vip3_gclk_mux           0            0   266000000          0 0  
                   vip2_gclk_mux           0            0   266000000          0 0  
                   vip1_gclk_mux           0            0   266000000          0 0  
                   gmac_rft_clk_mux           0            0   266000000          0 0  
                   atl_gfclk_mux           0            1   266000000          0 0  
                      atl_clkin3_ck           0            0   266000000          0 0  
                      atl_clkin2_ck           0            0   266000000          0 0  
                      atl_clkin1_ck           0            0   266000000          0 0  
                      atl_clkin0_ck           0            0   266000000          0 0  
                   l4_root_clk_div           9           12   133000000          0 0  
                eve_dpll_hs_clk_div           0            0   532000000          0 0  
                iva_dpll_hs_clk_div           0            0   532000000          0 0  
                dsp_dpll_hs_clk_div           0            0   532000000          0 0  
                mpu_dpll_hs_clk_div           0            0   532000000          0 0  
       dpll_core_byp_mux                  0            0    20000000          0 0  
       dcan1_sys_clk_mux                  0            1    20000000          0 0  
       video2_dpll_clk_mux                0            1    20000000          0 0  
          dss_video2_clk                  0            1    20000000          0 0  
       video1_dpll_clk_mux                0            1    20000000          0 0  
          dss_video1_clk                  0            1    20000000          0 0  
       timer_sys_clk_div                  0           14    20000000          0 0  
          timer9_gfclk_mux                0            1    20000000          0 0  
          timer4_gfclk_mux                0            1    20000000          0 0  
          timer3_gfclk_mux                0            1    20000000          0 0  
          timer2_gfclk_mux                0            1    20000000          0 0  
          timer16_gfclk_mux               0            1    20000000          0 0  
          timer15_gfclk_mux               0            1    20000000          0 0  
          timer14_gfclk_mux               0            1    20000000          0 0  
          timer13_gfclk_mux               0            1    20000000          0 0  
          timer11_gfclk_mux               0            1    20000000          0 0  
          timer10_gfclk_mux               0            1    20000000          0 0  
          timer8_gfclk_mux                0            1    20000000          0 0  
          timer7_gfclk_mux                0            1    20000000          0 0  
          timer6_gfclk_mux                0            1    20000000          0 0  
          timer5_gfclk_mux                0            1    20000000          0 0  
       hdmi_dpll_clk_mux                  0            1    20000000          0 0  
          dss_hdmi_clk                    0            2    20000000          0 0  
       custefuse_sys_gfclk_div            0            0    10000000          0 0  
       emu_dclk_div                       0            0    20000000          0 0  
       sata_dclk_div                      0            0    20000000          0 0  
       sys_clk1_dclk_div                  0            0    20000000          0 0  
          clkoutmux2_clk_mux              0            0    20000000          0 0  
             clkout2_clk                  0            0    20000000          0 0  
          clkoutmux1_clk_mux              0            0    20000000          0 0  
          clkoutmux0_clk_mux              0            0    20000000          0 0  
       adc_gfclk_mux                      0            0    20000000          0 0  
       abe_sys_clk_div                    0            0    20000000          0 0  
       abe_dpll_sys_clk_mux               0            1    20000000          0 0  
          abe_dpll_clk_mux                0            0    20000000          0 0  
          abe_dpll_bypass_clk_mux           0            1    20000000          0 0  
             dpll_abe_ck                  0            2    20000000          0 0  
                dpll_abe_m2_ck            0            1    20000000          0 0  
                   per_abe_x1_gfclk2_div           0            1    20000000          0 0  
                      mcasp8_aux_gfclk_mux           0            0    20000000          0 0  
                      mcasp7_aux_gfclk_mux           0            0    20000000          0 0  
                      mcasp6_aux_gfclk_mux           0            0    20000000          0 0  
                      mcasp5_aux_gfclk_mux           0            0    20000000          0 0  
                      mcasp4_aux_gfclk_mux           0            0    20000000          0 0  
                      mcasp3_aux_gfclk_mux           0            1    20000000          0 0  
                      mcasp2_aux_gfclk_mux           0            0    20000000          0 0  
                      mcasp1_aux_gfclk_mux           0            0    20000000          0 0  
                   per_abe_x1_dclk_div           0            0    20000000          0 0  
                dpll_abe_x2_ck            0            1    20000000          0 0  
                   dpll_abe_m3x2_ck           0            0    20000000          0 0  
                      usb_dpll_hs_clk_div           0            0     6666666          0 0  
                      per_dpll_hs_clk_div           0            0    10000000          0 0  
                   dpll_abe_m2x2_ck           0            1    20000000          0 0  
                      abe_lp_clk_div           0            0     1250000          0 0  
                      abe_24m_fclk           0            1     2500000          0 0  
                         mcasp8_ahclk_mux           0            0     2500000          0 0  
                         mcasp7_ahclkx_mux           0            0     2500000          0 0  
                         mcasp6_ahclkx_mux           0            0     2500000          0 0  
                         mcasp5_ahclkx_mux           0            0     2500000          0 0  
                         mcasp4_ahclkx_mux           0            0     2500000          0 0  
                         mcasp3_ahclkx_mux           0            1     2500000          0 0  
                         mcasp2_ahclkx_mux           0            0     2500000          0 0  
                         mcasp2_ahclkr_mux           0            0     2500000          0 0  
                         mcasp1_ahclkx_mux           0            0     2500000          0 0  
                         mcasp1_ahclkr_mux           0            0     2500000          0 0  
                      ipu1_gfclk_mux           0            0    20000000          0 0  
                      abe_clk             0            0    20000000          0 0  
                         aess_fclk           0            0    20000000          0 0  
                            abe_giclk_div           0            0    20000000          0 0  
 virt_19200000_ck                         0            0    19200000          0 0  
 virt_16800000_ck                         0            0    16800000          0 0  
 virt_13000000_ck                         0            0    13000000          0 0  
 virt_12000000_ck                         0            0    12000000          0 0  
 sys_32k_ck                               1           18       32768          0 0  
    timer1_gfclk_mux                      1            1       32768          0 0  
    gpio1_dbclk                           0            2       32768          0 0  
    atl_dpll_clk_mux                      0            0       32768          0 0  
    usb_phy3_always_on_clk32k             0            0       32768          0 0  
    usb_phy2_always_on_clk32k             0            1       32768          0 0  
    usb_phy1_always_on_clk32k             0            1       32768          0 0  
    mmc4_clk32k                           0            1       32768          0 0  
    mmc3_clk32k                           0            1       32768          0 0  
    mmc2_clk32k                           0            1       32768          0 0  
    mmc1_clk32k                           0            1       32768          0 0  
    gpio8_dbclk                           0            2       32768          0 0  
    gpio7_dbclk                           0            2       32768          0 0  
    gpio6_dbclk                           0            2       32768          0 0  
    gpio5_dbclk                           0            2       32768          0 0  
    gpio4_dbclk                           0            2       32768          0 0  
    gpio3_dbclk                           0            2       32768          0 0  
    gpio2_dbclk                           0            2       32768          0 0  
    dss_32khz_clk                         0            1       32768          0 0  
    optfclk_pciephy2_32khz                0            0       32768          0 0  
    optfclk_pciephy1_32khz                0            0       32768          0 0  
 secure_32k_clk_src_ck                    0            0       32768          0 0  
    secure_32k_dclk_div                   0            0       32768          0 0  
 sdvenc_clkin_ck                          0            0           0          0 0  
 rmii_clk_ck                              0            0           0          0 0  
 ref_clkin3_ck                            0            0           0          0 0  
 ref_clkin2_ck                            0            0           0          0 0  
 ref_clkin1_ck                            0            0           0          0 0  
 ref_clkin0_ck                            0            0           0          0 0  
 pciesref_acs_clk_ck                      0            0   100000000          0 0  
 mlbp_clkin_ck                            0            0           0          0 0  
    mlbp_clk                              0            0           0          0 0  
 mlb_clkin_ck                             0            0           0          0 0  
    mlb_clk                               0            0           0          0 0  
 hdmi_clkin_ck                            0            0           0          0 0  
    hdmi_div_clk                          0            0           0          0 0  
    hdmi_clk2_div                         0            0           0          0 0  
    hdmi_dclk_div                         0            0           0          0 0  
=======
Available frequencies
1000000 1176000 
=======
===== ERR ==
/cpus/cpu@0 missing clock-frequency property
/cpus/cpu@1 missing clock-frequency property
omap_voltage_late_init: Voltage driver support not added
udevd[107]: starting version 182
=====
===== WARN ==
omap_hwmod: l3_main_2 using broken dt data from ocp
irq: no irq domain found for /ocp/l4@4a000000/scm@2000/pinmux@1400 !
omap4_sram_init:Unable to allocate sram needed to handle errata I688
omap4_sram_init:Unable to get sram pool needed to handle errata I688
rtc-ds1307 2-006f: SET TIME!
omap_hsmmc 4809c000.mmc: omap_device: omap_device_enable() called from invalid state 1
omap_hsmmc 480b4000.mmc: omap_device: omap_device_enable() called from invalid state 1
mmc0: host does not support reading read-only switch, assuming write-enable
FAT-fs (mmcblk1p2): Volume was not properly unmounted. Some data may be corrupt. Please run fsck.
FAT-fs (mmcblk1p3): Volume was not properly unmounted. Some data may be corrupt. Please run fsck.
FAT-fs (mmcblk0p3): Volume was not properly unmounted. Some data may be corrupt. Please run fsck.
FAT-fs (mmcblk0p1): Volume was not properly unmounted. Some data may be corrupt. Please run fsck.
FAT-fs (mmcblk1p1): Volume was not properly unmounted. Some data may be corrupt. Please run fsck.
=====
SUMMARY RESULT: BOOT: PASS: Hello World Board Booted Boot Log has:::: err=4 warn=13:
root@am57xx-evm:/test# 
- 14:44:13 [INFO] Host: cat stderr.log
- 14:44:13 [INFO] Target: 
cat stderr.log
./test.sh: line 33:   877 Killed                  cp /dev/kmsg $TMPF
root@am57xx-evm:/test# 
- 14:44:13 [INFO] Host: cat result.log
- 14:44:15 [ERROR] On command: cat result.log waiting for cat result.log.+?(?m-ix:^1[\0\n\r]+) >>> error: execution expired
- 14:44:15 [INFO] Target: 
cat result.log
root@am57xx-evm:/test# 
- 14:44:15 [INFO] Host: cd /test
- 14:44:15 [INFO] Target: 
cd /test
root@am57xx-evm:/test# 
URL:gtsystest.telogy.design.ti.com/vatf/tigtfarm11/tigtfarm11_vatf@am57xx-evm/tigtfarm1112_03_2015_14_43_16/files/session_iteration_1/test_1
