- 08:22:14 [INFO] Starting target session
- 08:22:15 [INFO] Connected to am57xx-evm via serial 
- 08:22:15 [INFO] Host: #check prompt
- 08:22:18 [ERROR] On command: #check prompt waiting for #check prompt.+?(?-mix:((?-mix:login:)|[Pp]assword)) >>> error: execution expired
- 08:22:18 [INFO] Target: 
#check prompt
root@am57xx-evm:/test# 
- 08:22:18 [INFO] Host: #check prompt
- 08:22:18 [INFO] Target: 
#check prompt
root@am57xx-evm:/test# 
- 08:22:18 [INFO] Host: sync;poweroff
- 08:22:28 [INFO] Target: 
sync;poweroff
Broadcast message from root@am57xx-evm (ttyO2) (Fri Mar 18 22:37:16 2016):
em halt NOW!
INIT: Switching to runlevel: 0
INIT: Sending pStopping telnet daemon.
Stopping system message bus: dbus.
hwclock: can't open '/dev/misc/rtc': No such file or directory
Stopping syslogd/klogd: Error opening /dev/fb0: No such file or directory
stopped syslogd (pid 819)
stopped klogd (pid 822)
done
Stopping thttpd.
stopping statd: done
ALSA: Storing mixer settings...
/usr/sbin/alsactl: save_state:1590: No soundcards found...
Stopping rpcbind daemon...
done.
Deconfiguring network interfaces... done.
Disabling thermal zones...
/etc/rc0.d/K98thermal-zone-init: line 13: /sys/class/thermal/thermal_zone*/mode: No such file or directory
Sending all processes the TERM signal...
Sending all processes the KILL signal...
Unmounting remote filesystems...
Deactivating swap...
Unmounting local filesystems...
[ 3366.667911] EXT4-fs (mmcblk0p2): re-mounted. Opts: data=ordered
[ 3369.135952] reboot: Power down
- 08:22:28 [INFO] Disconnected serial from am57xx-evm
- 08:22:33 [INFO] Connected to am57xx-evm via serial 
- 08:22:33 [INFO] Host: 
- 08:22:34 [INFO] Target: 
MMC:   OMAP SD/MMC: 0, OMAP SD/MMC: 1
reading uboot.env
SCSI:  SATA link 0 timeout.
AHCI 0001.0300 32 slots 1 ports 3 Gbps 0x1 impl SATA mode
flags: 64bit ncq stag pm led clo only pmp pio slum part ccc apst 
scanning bus for devices...
Found 0 device(s).
Net:   
Warning: ethernet@48484000 using MAC address from ROM
eth0: ethernet@48484000
Hit any key to stop autoboot:  2  0 
=>  
=>  
=>  
=>  
=>  
=>  
=>  
=>  
- 08:22:34 [INFO] Host: 
- 08:22:34 [INFO] Target: 
- 08:22:34 [INFO] Host: version
- 08:22:35 [INFO] Target: 
version
U-Boot 2016.05-00022-g64be216 (Jun 20 2016 - 11:36:12 -0500)
arm-linux-gnueabihf-gcc (Linaro GCC 5.3-2016.02) 5.3.1 20160113
GNU ld (GNU Binutils) 2.25.0 Linaro 2015_10
- 08:22:35 [INFO] Host: setenv bootargs 'console=ttyO2,115200n8  earlyprintk=serial,ttyO2,115200n8 rootwait '
- 08:22:35 [INFO] Target: 
setenv bootargs 'console=ttyO2,115200n8  earlyprintk=serial,ttyO2,115200n8 rootwait '
- 08:22:35 [INFO] Host: setenv bootcmd  ''
- 08:22:35 [INFO] Target: 
setenv bootcmd  ''
- 08:22:35 [INFO] Host: setenv autoload 'no'
- 08:22:35 [INFO] Target: 
setenv autoload 'no'
- 08:22:35 [INFO] Host: setenv serverip '192.168.0.1'
- 08:22:35 [INFO] Target: 
setenv serverip '192.168.0.1'
- 08:22:35 [INFO] Host: setenv _initramfs -
- 08:22:35 [INFO] Target: 
setenv _initramfs -
- 08:22:35 [INFO] Host: printenv
- 08:22:35 [INFO] Target: 
printenv
_initramfs=-
arch=arm
args_mmc=run finduuid;setenv bootargs console=${console} ${optargs} root=PARTUUID=${uuid} rw rootfstype=${mmcrootfstype}
autoload=no
baudrate=115200
board=am57xx
board_name=am57xx_evm
board_rev=A.20
board_serial=33154P550004
bootargs=console=ttyO2,115200n8  earlyprintk=serial,ttyO2,115200n8 rootwait 
bootcmd=
bootdelay=2
bootdir=/boot
bootenvfile=uEnv.txt
bootfile=zImage
bootm_size=0x10000000
bootpart=0:2
bootscript=echo Running bootscript from mmc${mmcdev} ...; source ${loadaddr}
console=ttyO2,115200n8
cpu=armv7
dofastboot=0
envboot=mmc dev ${mmcdev}; if mmc rescan; then echo SD/MMC found on device ${mmcdev};if run loadbootscript; then run bootscript;else if run loadbootenv; then echo Loaded env from ${bootenvfile};run importbootenv;fi;if test -n $uenvcmd; then echo Running uenvcmd ...;run uenvcmd;fi;fi;fi;
ethaddr=74:da:ea:08:38:a8
fdt_addr_r=0x88000000
fdtaddr=0x88000000
fdtcontroladdr=fef300f0
fdtfile=undefined
findfdt=if test $board_name = omap5_uevm; then setenv fdtfile omap5-uevm.dtb; fi; if test $board_name = dra7xx; then setenv fdtfile dra7-evm.dtb; fi;if test $board_name = dra72x-revc; then setenv fdtfile dra72-evm-revc.dtb; fi;if test $board_name = dra72x; then setenv fdtfile dra72-evm.dtb; fi;if test $board_name = beagle_x15; then setenv fdtfile am57xx-beagle-x15.dtb; fi;if test $board_name = beagle_x15_revb1; then setenv fdtfile am57xx-beagle-x15-revb1.dtb; fi;if test $board_name = am57xx_evm; then setenv fdtfile am57xx-evm.dtb; fi;if test $board_name = am57xx_evm_reva3; then setenv fdtfile am57xx-evm-reva3.dtb; fi;if test $board_name = am572x_idk; then setenv fdtfile am572x-idk.dtb; fi;if test $board_name = am571x_idk; then setenv fdtfile am571x-idk.dtb; fi;if test $fdtfile = undefined; then echo WARNING: Could not determine device tree to use; fi; 
finduuid=part uuid mmc 0:2 uuid
importbootenv=echo Importing environment from mmc${mmcdev} ...; env import -t ${loadaddr} ${filesize}
kernel_addr_r=0x82000000
loadaddr=0x82000000
loadbootenv=fatload mmc ${mmcdev} ${loadaddr} ${bootenvfile}
loadbootscript=fatload mmc ${mmcdev} ${loadaddr} boot.scr
loadfdt=load mmc ${bootpart} ${fdtaddr} ${bootdir}/${fdtfile};
loadimage=load mmc ${bootpart} ${loadaddr} ${bootdir}/${bootfile}
mmcboot=mmc dev ${mmcdev}; if mmc rescan; then echo SD/MMC found on device ${mmcdev};if run loadimage; then run loadfdt; echo Booting from mmc${mmcdev} ...; run args_mmc; bootz ${loadaddr} - ${fdtaddr}; fi;fi;
mmcdev=0
mmcrootfstype=ext4 rootwait
netargs=setenv bootargs console=${console} ${optargs} root=/dev/nfs nfsroot=${serverip}:${rootpath},${nfsopts} rw ip=dhcp
netboot=echo Booting from network ...; setenv autoload no; dhcp; run netloadimage; run netloadfdt; run netargs; bootz ${loadaddr} - ${fdtaddr}
netloadfdt=tftp ${fdtaddr} ${fdtfile}
netloadimage=tftp ${loadaddr} ${bootfile}
nfsopts=nolock
partitions=uuid_disk=${uuid_gpt_disk};name=rootfs,start=2MiB,size=-,uuid=${uuid_gpt_rootfs}
pxefile_addr_r=0x80100000
ramdisk_addr_r=0x88080000
rdaddr=0x88080000
rootpath=/export/rootfs
scriptaddr=0x80000000
scsidevs=0
serverip=192.168.0.1
soc=omap5
static_ip=${ipaddr}:${serverip}:${gatewayip}:${netmask}:${hostname}::off
stderr=serial@48020000
stdin=serial@48020000
stdout=serial@48020000
usbtty=cdc_acm
vendor=ti
ver=U-Boot 2016.05-00022-g64be216 (Jun 20 2016 - 11:36:12 -0500)
vram=16M
Environment size: 3463/65532 bytes
- 08:22:35 [INFO] Host: printenv
- 08:22:36 [INFO] Target: 
printenv
_initramfs=-
arch=arm
args_mmc=run finduuid;setenv bootargs console=${console} ${optargs} root=PARTUUID=${uuid} rw rootfstype=${mmcrootfstype}
autoload=no
baudrate=115200
board=am57xx
board_name=am57xx_evm
board_rev=A.20
board_serial=33154P550004
bootargs=console=ttyO2,115200n8  earlyprintk=serial,ttyO2,115200n8 rootwait 
bootcmd=
bootdelay=2
bootdir=/boot
bootenvfile=uEnv.txt
bootfile=zImage
bootm_size=0x10000000
bootpart=0:2
bootscript=echo Running bootscript from mmc${mmcdev} ...; source ${loadaddr}
console=ttyO2,115200n8
cpu=armv7
dofastboot=0
envboot=mmc dev ${mmcdev}; if mmc rescan; then echo SD/MMC found on device ${mmcdev};if run loadbootscript; then run bootscript;else if run loadbootenv; then echo Loaded env from ${bootenvfile};run importbootenv;fi;if test -n $uenvcmd; then echo Running uenvcmd ...;run uenvcmd;fi;fi;fi;
ethaddr=74:da:ea:08:38:a8
fdt_addr_r=0x88000000
fdtaddr=0x88000000
fdtcontroladdr=fef300f0
fdtfile=undefined
findfdt=if test $board_name = omap5_uevm; then setenv fdtfile omap5-uevm.dtb; fi; if test $board_name = dra7xx; then setenv fdtfile dra7-evm.dtb; fi;if test $board_name = dra72x-revc; then setenv fdtfile dra72-evm-revc.dtb; fi;if test $board_name = dra72x; then setenv fdtfile dra72-evm.dtb; fi;if test $board_name = beagle_x15; then setenv fdtfile am57xx-beagle-x15.dtb; fi;if test $board_name = beagle_x15_revb1; then setenv fdtfile am57xx-beagle-x15-revb1.dtb; fi;if test $board_name = am57xx_evm; then setenv fdtfile am57xx-evm.dtb; fi;if test $board_name = am57xx_evm_reva3; then setenv fdtfile am57xx-evm-reva3.dtb; fi;if test $board_name = am572x_idk; then setenv fdtfile am572x-idk.dtb; fi;if test $board_name = am571x_idk; then setenv fdtfile am571x-idk.dtb; fi;if test $fdtfile = undefined; then echo WARNING: Could not determine device tree to use; fi; 
finduuid=part uuid mmc 0:2 uuid
importbootenv=echo Importing environment from mmc${mmcdev} ...; env import -t ${loadaddr} ${filesize}
kernel_addr_r=0x82000000
loadaddr=0x82000000
loadbootenv=fatload mmc ${mmcdev} ${loadaddr} ${bootenvfile}
loadbootscript=fatload mmc ${mmcdev} ${loadaddr} boot.scr
loadfdt=load mmc ${bootpart} ${fdtaddr} ${bootdir}/${fdtfile};
loadimage=load mmc ${bootpart} ${loadaddr} ${bootdir}/${bootfile}
mmcboot=mmc dev ${mmcdev}; if mmc rescan; then echo SD/MMC found on device ${mmcdev};if run loadimage; then run loadfdt; echo Booting from mmc${mmcdev} ...; run args_mmc; bootz ${loadaddr} - ${fdtaddr}; fi;fi;
mmcdev=0
mmcrootfstype=ext4 rootwait
netargs=setenv bootargs console=${console} ${optargs} root=/dev/nfs nfsroot=${serverip}:${rootpath},${nfsopts} rw ip=dhcp
netboot=echo Booting from network ...; setenv autoload no; dhcp; run netloadimage; run netloadfdt; run netargs; bootz ${loadaddr} - ${fdtaddr}
netloadfdt=tftp ${fdtaddr} ${fdtfile}
netloadimage=tftp ${loadaddr} ${bootfile}
nfsopts=nolock
partitions=uuid_disk=${uuid_gpt_disk};name=rootfs,start=2MiB,size=-,uuid=${uuid_gpt_rootfs}
pxefile_addr_r=0x80100000
ramdisk_addr_r=0x88080000
rdaddr=0x88080000
rootpath=/export/rootfs
scriptaddr=0x80000000
scsidevs=0
serverip=192.168.0.1
soc=omap5
static_ip=${ipaddr}:${serverip}:${gatewayip}:${netmask}:${hostname}::off
stderr=serial@48020000
stdin=serial@48020000
stdout=serial@48020000
usbtty=cdc_acm
vendor=ti
ver=U-Boot 2016.05-00022-g64be216 (Jun 20 2016 - 11:36:12 -0500)
vram=16M
Environment size: 3463/65532 bytes
- 08:22:36 [INFO] Host: setenv bootargs ''${bootargs}' ip=:::::eth0:dhcp '
- 08:22:36 [INFO] Target: 
setenv bootargs ''${bootargs}' ip=:::::eth0:dhcp '
- 08:22:36 [INFO] Host: setenv serverip '192.168.0.1'
- 08:22:36 [INFO] Target: 
setenv serverip '192.168.0.1'
- 08:22:36 [INFO] Host: setenv autoload 'no'
- 08:22:36 [INFO] Target: 
setenv autoload 'no'
- 08:22:36 [INFO] Host: dhcp
- 08:22:41 [INFO] Target: 
dhcp
ethernet@48484000 Waiting for PHY auto negotiation to complete........ done
link up on port 0, speed 1000, full duplex
BOOTP broadcast 1
BOOTP broadcast 2
BOOTP broadcast 3
DHCP client bound to address 192.168.0.194 (1068 ms)
- 08:22:41 [INFO] Host: tftp ${loadaddr} 192.168.0.1:vatf_am57xx-evm1/6a8f2111d2f56b10ff647686a9097c9b
- 08:22:42 [INFO] Target: 
tftp ${loadaddr} 192.168.0.1:vatf_am57xx-evm1/6a8f2111d2f56b10ff647686a9097c9b
link up on port 0, speed 1000, full duplex
Using ethernet@48484000 device
TFTP from server 192.168.0.1; our IP address is 192.168.0.194
Filename 'vatf_am57xx-evm1/6a8f2111d2f56b10ff647686a9097c9b'.
Load address: 0x82000000
Loading: *#################################################################
	 #################################################################
	 #################################################################
	 #################################################################
	 #################################################################
	 #################################################################
	 #################################################################
	 #######################
	 9.2 MiB/s
done
Bytes transferred = 7016424 (6b0fe8 hex)
- 08:22:42 [INFO] Host: tftp ${fdt_addr_r} 192.168.0.1:vatf_am57xx-evm1/cb242e75cf709d5cdeca30856e6bd971
- 08:22:42 [INFO] Target: 
tftp ${fdt_addr_r} 192.168.0.1:vatf_am57xx-evm1/cb242e75cf709d5cdeca30856e6bd971
link up on port 0, speed 1000, full duplex
Using ethernet@48484000 device
TFTP from server 192.168.0.1; our IP address is 192.168.0.194
Filename 'vatf_am57xx-evm1/cb242e75cf709d5cdeca30856e6bd971'.
Load address: 0x88000000
Loading: *######
	 8.2 MiB/s
done
Bytes transferred = 85516 (14e0c hex)
- 08:22:42 [INFO] Host: ls mmc 0:1
- 08:22:42 [INFO] Target: 
ls mmc 0:1
    68656   mlo 
   578976   u-boot.img 
        4   ws-calibrate.rules 
        0   pointercal 
       33   primary_bootloader.md5 
       33   fs.md5 
    65536   uboot.env 
7 file(s), 0 dir(s)
- 08:22:42 [INFO] Host: ls mmc 0:2
- 08:22:43 [INFO] Target: 
ls mmc 0:2
<DIR>       4096 .
<DIR>       4096 ..
<DIR>       4096 srv
<DIR>       4096 home
<DIR>       4096 media
<DIR>       4096 var
<DIR>       4096 sys
<DIR>       4096 boot
<DIR>       4096 dev
<DIR>       4096 usr
<DIR>       4096 bin
<DIR>       4096 mnt
<DIR>       4096 etc
<DIR>       4096 sbin
<SYM>          8 tmp
<DIR>       4096 proc
<DIR>       4096 run
<DIR>       4096 lib
<DIR>       4096 test
- 08:22:43 [INFO] Host: part uuid mmc 0:2
- 08:22:43 [INFO] Target: 
part uuid mmc 0:2
00000000-02
- 08:22:43 [INFO] Host: printenv
- 08:22:43 [INFO] Target: 
printenv
_initramfs=-
arch=arm
args_mmc=run finduuid;setenv bootargs console=${console} ${optargs} root=PARTUUID=${uuid} rw rootfstype=${mmcrootfstype}
autoload=no
baudrate=115200
board=am57xx
board_name=am57xx_evm
board_rev=A.20
board_serial=33154P550004
bootargs=console=ttyO2,115200n8  earlyprintk=serial,ttyO2,115200n8 rootwait  ip=:::::eth0:dhcp 
bootcmd=
bootdelay=2
bootdir=/boot
bootenvfile=uEnv.txt
bootfile=zImage
bootm_size=0x10000000
bootpart=0:2
bootscript=echo Running bootscript from mmc${mmcdev} ...; source ${loadaddr}
console=ttyO2,115200n8
cpu=armv7
dnsip=192.0.2.2
dnsip2=192.0.2.3
dofastboot=0
envboot=mmc dev ${mmcdev}; if mmc rescan; then echo SD/MMC found on device ${mmcdev};if run loadbootscript; then run bootscript;else if run loadbootenv; then echo Loaded env from ${bootenvfile};run importbootenv;fi;if test -n $uenvcmd; then echo Running uenvcmd ...;run uenvcmd;fi;fi;fi;
ethact=ethernet@48484000
ethaddr=74:da:ea:08:38:a8
fdt_addr_r=0x88000000
fdtaddr=0x88000000
fdtcontroladdr=fef300f0
fdtfile=undefined
fileaddr=88000000
filesize=14e0c
findfdt=if test $board_name = omap5_uevm; then setenv fdtfile omap5-uevm.dtb; fi; if test $board_name = dra7xx; then setenv fdtfile dra7-evm.dtb; fi;if test $board_name = dra72x-revc; then setenv fdtfile dra72-evm-revc.dtb; fi;if test $board_name = dra72x; then setenv fdtfile dra72-evm.dtb; fi;if test $board_name = beagle_x15; then setenv fdtfile am57xx-beagle-x15.dtb; fi;if test $board_name = beagle_x15_revb1; then setenv fdtfile am57xx-beagle-x15-revb1.dtb; fi;if test $board_name = am57xx_evm; then setenv fdtfile am57xx-evm.dtb; fi;if test $board_name = am57xx_evm_reva3; then setenv fdtfile am57xx-evm-reva3.dtb; fi;if test $board_name = am572x_idk; then setenv fdtfile am572x-idk.dtb; fi;if test $board_name = am571x_idk; then setenv fdtfile am571x-idk.dtb; fi;if test $fdtfile = undefined; then echo WARNING: Could not determine device tree to use; fi; 
finduuid=part uuid mmc 0:2 uuid
gatewayip=192.168.0.1
importbootenv=echo Importing environment from mmc${mmcdev} ...; env import -t ${loadaddr} ${filesize}
ipaddr=192.168.0.194
kernel_addr_r=0x82000000
loadaddr=0x82000000
loadbootenv=fatload mmc ${mmcdev} ${loadaddr} ${bootenvfile}
loadbootscript=fatload mmc ${mmcdev} ${loadaddr} boot.scr
loadfdt=load mmc ${bootpart} ${fdtaddr} ${bootdir}/${fdtfile};
loadimage=load mmc ${bootpart} ${loadaddr} ${bootdir}/${bootfile}
mmcboot=mmc dev ${mmcdev}; if mmc rescan; then echo SD/MMC found on device ${mmcdev};if run loadimage; then run loadfdt; echo Booting from mmc${mmcdev} ...; run args_mmc; bootz ${loadaddr} - ${fdtaddr}; fi;fi;
mmcdev=0
mmcrootfstype=ext4 rootwait
netargs=setenv bootargs console=${console} ${optargs} root=/dev/nfs nfsroot=${serverip}:${rootpath},${nfsopts} rw ip=dhcp
netboot=echo Booting from network ...; setenv autoload no; dhcp; run netloadimage; run netloadfdt; run netargs; bootz ${loadaddr} - ${fdtaddr}
netloadfdt=tftp ${fdtaddr} ${fdtfile}
netloadimage=tftp ${loadaddr} ${bootfile}
netmask=255.255.255.0
nfsopts=nolock
partitions=uuid_disk=${uuid_gpt_disk};name=rootfs,start=2MiB,size=-,uuid=${uuid_gpt_rootfs}
pxefile_addr_r=0x80100000
ramdisk_addr_r=0x88080000
rdaddr=0x88080000
rootpath=/export/rootfs
scriptaddr=0x80000000
scsidevs=0
serverip=192.168.0.1
soc=omap5
static_ip=${ipaddr}:${serverip}:${gatewayip}:${netmask}:${hostname}::off
stderr=serial@48020000
stdin=serial@48020000
stdout=serial@48020000
usbtty=cdc_acm
vendor=ti
ver=U-Boot 2016.05-00022-g64be216 (Jun 20 2016 - 11:36:12 -0500)
vram=16M
Environment size: 3654/65532 bytes
- 08:22:43 [INFO] Host: setenv bootargs ''${bootargs}' root=PARTUUID=00000000-02 rw rootfstype=ext4 rootwait '
- 08:22:43 [INFO] Target: 
setenv bootargs ''${bootargs}' root=PARTUUID=00000000-02 rw rootfstype=ext4 rootwait '
- 08:22:43 [INFO] Host: printenv
- 08:22:44 [INFO] Target: 
printenv
_initramfs=-
arch=arm
args_mmc=run finduuid;setenv bootargs console=${console} ${optargs} root=PARTUUID=${uuid} rw rootfstype=${mmcrootfstype}
autoload=no
baudrate=115200
board=am57xx
board_name=am57xx_evm
board_rev=A.20
board_serial=33154P550004
bootargs=console=ttyO2,115200n8  earlyprintk=serial,ttyO2,115200n8 rootwait  ip=:::::eth0:dhcp  root=PARTUUID=00000000-02 rw rootfstype=ext4 rootwait 
bootcmd=
bootdelay=2
bootdir=/boot
bootenvfile=uEnv.txt
bootfile=zImage
bootm_size=0x10000000
bootpart=0:2
bootscript=echo Running bootscript from mmc${mmcdev} ...; source ${loadaddr}
console=ttyO2,115200n8
cpu=armv7
dnsip=192.0.2.2
dnsip2=192.0.2.3
dofastboot=0
envboot=mmc dev ${mmcdev}; if mmc rescan; then echo SD/MMC found on device ${mmcdev};if run loadbootscript; then run bootscript;else if run loadbootenv; then echo Loaded env from ${bootenvfile};run importbootenv;fi;if test -n $uenvcmd; then echo Running uenvcmd ...;run uenvcmd;fi;fi;fi;
ethact=ethernet@48484000
ethaddr=74:da:ea:08:38:a8
fdt_addr_r=0x88000000
fdtaddr=0x88000000
fdtcontroladdr=fef300f0
fdtfile=undefined
fileaddr=88000000
filesize=14e0c
findfdt=if test $board_name = omap5_uevm; then setenv fdtfile omap5-uevm.dtb; fi; if test $board_name = dra7xx; then setenv fdtfile dra7-evm.dtb; fi;if test $board_name = dra72x-revc; then setenv fdtfile dra72-evm-revc.dtb; fi;if test $board_name = dra72x; then setenv fdtfile dra72-evm.dtb; fi;if test $board_name = beagle_x15; then setenv fdtfile am57xx-beagle-x15.dtb; fi;if test $board_name = beagle_x15_revb1; then setenv fdtfile am57xx-beagle-x15-revb1.dtb; fi;if test $board_name = am57xx_evm; then setenv fdtfile am57xx-evm.dtb; fi;if test $board_name = am57xx_evm_reva3; then setenv fdtfile am57xx-evm-reva3.dtb; fi;if test $board_name = am572x_idk; then setenv fdtfile am572x-idk.dtb; fi;if test $board_name = am571x_idk; then setenv fdtfile am571x-idk.dtb; fi;if test $fdtfile = undefined; then echo WARNING: Could not determine device tree to use; fi; 
finduuid=part uuid mmc 0:2 uuid
gatewayip=192.168.0.1
importbootenv=echo Importing environment from mmc${mmcdev} ...; env import -t ${loadaddr} ${filesize}
ipaddr=192.168.0.194
kernel_addr_r=0x82000000
loadaddr=0x82000000
loadbootenv=fatload mmc ${mmcdev} ${loadaddr} ${bootenvfile}
loadbootscript=fatload mmc ${mmcdev} ${loadaddr} boot.scr
loadfdt=load mmc ${bootpart} ${fdtaddr} ${bootdir}/${fdtfile};
loadimage=load mmc ${bootpart} ${loadaddr} ${bootdir}/${bootfile}
mmcboot=mmc dev ${mmcdev}; if mmc rescan; then echo SD/MMC found on device ${mmcdev};if run loadimage; then run loadfdt; echo Booting from mmc${mmcdev} ...; run args_mmc; bootz ${loadaddr} - ${fdtaddr}; fi;fi;
mmcdev=0
mmcrootfstype=ext4 rootwait
netargs=setenv bootargs console=${console} ${optargs} root=/dev/nfs nfsroot=${serverip}:${rootpath},${nfsopts} rw ip=dhcp
netboot=echo Booting from network ...; setenv autoload no; dhcp; run netloadimage; run netloadfdt; run netargs; bootz ${loadaddr} - ${fdtaddr}
netloadfdt=tftp ${fdtaddr} ${fdtfile}
netloadimage=tftp ${loadaddr} ${bootfile}
netmask=255.255.255.0
nfsopts=nolock
partitions=uuid_disk=${uuid_gpt_disk};name=rootfs,start=2MiB,size=-,uuid=${uuid_gpt_rootfs}
pxefile_addr_r=0x80100000
ramdisk_addr_r=0x88080000
rdaddr=0x88080000
rootpath=/export/rootfs
scriptaddr=0x80000000
scsidevs=0
serverip=192.168.0.1
soc=omap5
static_ip=${ipaddr}:${serverip}:${gatewayip}:${netmask}:${hostname}::off
stderr=serial@48020000
stdin=serial@48020000
stdout=serial@48020000
usbtty=cdc_acm
vendor=ti
ver=U-Boot 2016.05-00022-g64be216 (Jun 20 2016 - 11:36:12 -0500)
vram=16M
Environment size: 3709/65532 bytes
- 08:22:44 [INFO] Host: setenv bootcmd ''${bootcmd}' if iminfo ${loadaddr}; then bootm ${loadaddr} ${_initramfs} ${fdt_addr_r}; else bootz ${loadaddr} ${_initramfs} ${fdt_addr_r}; bootm ${loadaddr} ${_initramfs} ${fdt_addr_r}; fi'
- 08:22:44 [INFO] Target: 
setenv bootcmd ''${bootcmd}' if iminfo ${loadaddr}; then bootm ${loadaddr} ${_initramfs} ${fdt_addr_r}; else bootz ${loadaddr} ${_initramfs} ${fdt_addr_r}; bootm ${loadaddr} ${_initramfs} ${fdt_addr_r}; fi'
- 08:22:44 [INFO] Host: version
- 08:22:44 [INFO] Target: 
version
U-Boot 2016.05-00022-g64be216 (Jun 20 2016 - 11:36:12 -0500)
arm-linux-gnueabihf-gcc (Linaro GCC 5.3-2016.02) 5.3.1 20160113
GNU ld (GNU Binutils) 2.25.0 Linaro 2015_10
- 08:22:44 [INFO] Host: bdinfo
- 08:22:44 [INFO] Target: 
bdinfo
arch_number = 0x00000000
boot_params = 0x80000100
DRAM bank   = 0x00000000
-> start    = 0x80000000
-> size     = 0x80000000
DRAM bank   = 0x00000001
-> start    = 0x00000000
-> size     = 0x00000000
baudrate    = 115200 bps
TLB addr    = 0xFFFF0000
relocaddr   = 0xFFF54000
reloc off   = 0x7F754000
irq_sp      = 0xFEF300E0
sp start    = 0xFEF300D0
- 08:22:44 [INFO] Host: mmc rescan; echo $?
- 08:22:44 [INFO] Target: 
mmc rescan; echo $?
- 08:22:44 [INFO] Host: fatwrite mmc ${mmcdev}:1 ${loadaddr} ws-calibrate.rules 4
- 08:22:44 [INFO] Target: 
fatwrite mmc ${mmcdev}:1 ${loadaddr} ws-calibrate.rules 4
writing ws-calibrate.rules
4 bytes written
- 08:22:44 [INFO] Host: boot
- 08:22:57 [INFO] Target: 
boot
## Checking Image at 82000000 ...
Unknown image format!
Kernel image @ 0x82000000 [ 0x000000 - 0x6b0fe8 ]
## Flattened Device Tree blob at 88000000
   Booting using the fdt blob at 0x88000000
   Loading Device Tree to 8ffe8000, end 8ffffe0b ... OK
Starting kernel ...
[    0.000000] Booting Linux on physical CPU 0x0
[    0.000000] Linux version 4.7.0-rc6-00002-g1bdb3fd18072 (nmenon@horus) (gcc version 4.9.3 20150413 (prerelease) (Linaro GCC 4.9-2015.05) ) #1 SMP Mon Jul 4 07:23:33 CDT 2016
[    0.000000] CPU: ARMv7 Processor [412fc0f2] revision 2 (ARMv7), cr=10c5387d
[    0.000000] CPU: div instructions available: patching division code
[    0.000000] CPU: PIPT / VIPT nonaliasing data cache, PIPT instruction cache
[    0.000000] Machine model: TI AM5728 BeagleBoard-X15
[    0.000000] cma: Reserved 64 MiB at 0xfb800000
[    0.000000] Memory policy: Data cache writealloc
[    0.000000] OMAP4: Map 0xffd00000 to fe600000 for dram barrier
[    0.000000] DRA752 ES1.1
[    0.000000] percpu: Embedded 13 pages/cpu @eef8e000 s23744 r8192 d21312 u53248
[    0.000000] Built 1 zonelists in Zone order, mobility grouping on.  Total pages: 522239
[    0.000000] Kernel command line: console=ttyO2,115200n8  earlyprintk=serial,ttyO2,115200n8 rootwait  ip=:::::eth0:dhcp  root=PARTUUID=00000000-02 rw rootfstype=ext4 rootwait 
[    0.000000] PID hash table entries: 4096 (order: 2, 16384 bytes)
[    0.000000] Dentry cache hash table entries: 131072 (order: 7, 524288 bytes)
[    0.000000] Inode-cache hash table entries: 65536 (order: 6, 262144 bytes)
[    0.000000] Memory: 1994032K/2095100K available (9470K kernel code, 1082K rwdata, 4300K rodata, 2048K init, 343K bss, 35532K reserved, 65536K cma-reserved, 1243132K highmem)
[    0.000000] Virtual kernel memory layout:
[    0.000000]     vector  : 0xffff0000 - 0xffff1000   (   4 kB)
[    0.000000]     fixmap  : 0xffc00000 - 0xfff00000   (3072 kB)
[    0.000000]     vmalloc : 0xf0800000 - 0xff800000   ( 240 MB)
[    0.000000]     lowmem  : 0xc0000000 - 0xf0000000   ( 768 MB)
[    0.000000]     pkmap   : 0xbfe00000 - 0xc0000000   (   2 MB)
[    0.000000]     modules : 0xbf000000 - 0xbfe00000   (  14 MB)
[    0.000000]       .text : 0xc0208000 - 0xc1072a0c   (14763 kB)
[    0.000000]       .init : 0xc1100000 - 0xc1300000   (2048 kB)
[    0.000000]       .data : 0xc1300000 - 0xc140ea20   (1083 kB)
[    0.000000]        .bss : 0xc1410000 - 0xc1465c20   ( 344 kB)
[    0.000000] SLUB: HWalign=64, Order=0-3, MinObjects=0, CPUs=2, Nodes=1
[    0.000000] Hierarchical RCU implementation.
[    0.000000] 	Build-time adjustment of leaf fanout to 32.
[    0.000000] 	RCU restricting CPUs from NR_CPUS=16 to nr_cpu_ids=2.
[    0.000000] RCU: Adjusting geometry for rcu_fanout_leaf=32, nr_cpu_ids=2
[    0.000000] NR_IRQS:16 nr_irqs:16 16
[    0.000000] OMAP clockevent source: timer1 at 32786 Hz
[    0.000000] Architected cp15 timer(s) running at 6.14MHz (virt).
[    0.000000] clocksource: arch_sys_counter: mask: 0xffffffffffffff max_cycles: 0x16af5adb9, max_idle_ns: 440795202250 ns
[    0.000004] sched_clock: 56 bits at 6MHz, resolution 162ns, wraps every 4398046511023ns
[    0.000014] Switching to timer-based delay loop, resolution 162ns
[    0.003155] clocksource: 32k_counter: mask: 0xffffffff max_cycles: 0xffffffff, max_idle_ns: 58327039986419 ns
[    0.003162] OMAP clocksource: 32k_counter at 32768 Hz
[    0.005911] Console: colour dummy device 80x30
[    0.005930] Calibrating delay loop (skipped), value calculated using timer frequency.. 12.29 BogoMIPS (lpj=30737)
[    0.005943] pid_max: default: 32768 minimum: 301
[    0.006016] Mount-cache hash table entries: 2048 (order: 1, 8192 bytes)
[    0.006025] Mountpoint-cache hash table entries: 2048 (order: 1, 8192 bytes)
[    0.006491] CPU: Testing write buffer coherency: ok
[    0.006688] /cpus/cpu@0 missing clock-frequency property
[    0.006728] /cpus/cpu@1 missing clock-frequency property
[    0.006737] CPU0: thread -1, cpu 0, socket 0, mpidr 80000000
[    0.006756] Setting up static identity map for 0x80300000 - 0x80300098
[    0.011611] CPU1: thread -1, cpu 1, socket 0, mpidr 80000001
[    0.011683] Brought up 2 CPUs
[    0.011695] SMP: Total of 2 processors activated (24.58 BogoMIPS).
[    0.011701] CPU: All CPU(s) started in SVC mode.
[    0.012695] devtmpfs: initialized
[    0.030908] VFP support v0.3: implementor 41 architecture 4 part 30 variant f rev 0
[    0.031577] clocksource: jiffies: mask: 0xffffffff max_cycles: 0xffffffff, max_idle_ns: 9556302231375000 ns
[    0.032515] pinctrl core: initialized pinctrl subsystem
[    0.033843] NET: Registered protocol family 16
[    0.035296] DMA: preallocated 256 KiB pool for atomic coherent allocations
[    0.036384] omap_hwmod: l3_main_2 using broken dt data from ocp
[    0.098169] omap_hwmod: epwmss0: no dt node
[    0.098175] ------------[ cut here ]------------
[    0.098193] WARNING: CPU: 0 PID: 1 at arch/arm/mach-omap2/omap_hwmod.c:2497 _init+0x1f0/0x418
[    0.098199] omap_hwmod: epwmss0: doesn't have mpu register target base
[    0.098204] Modules linked in:
[    0.098216] CPU: 0 PID: 1 Comm: swapper/0 Not tainted 4.7.0-rc6-00002-g1bdb3fd18072 #1
[    0.098223] Hardware name: Generic DRA74X (Flattened Device Tree)
[    0.098243] [<c0310468>] (unwind_backtrace) from [<c030bb5c>] (show_stack+0x10/0x14)
[    0.098257] [<c030bb5c>] (show_stack) from [<c058f1b4>] (dump_stack+0x98/0xac)
[    0.098273] [<c058f1b4>] (dump_stack) from [<c0341bc8>] (__warn+0xe8/0x100)
[    0.098286] [<c0341bc8>] (__warn) from [<c0341c18>] (warn_slowpath_fmt+0x38/0x48)
[    0.098298] [<c0341c18>] (warn_slowpath_fmt) from [<c1113b88>] (_init+0x1f0/0x418)
[    0.098313] [<c1113b88>] (_init) from [<c032840c>] (omap_hwmod_for_each+0x38/0x60)
[    0.098326] [<c032840c>] (omap_hwmod_for_each) from [<c11140f4>] (__omap_hwmod_setup_all+0x28/0x40)
[    0.098337] [<c11140f4>] (__omap_hwmod_setup_all) from [<c0301ec0>] (do_one_initcall+0x40/0x174)
[    0.098348] [<c0301ec0>] (do_one_initcall) from [<c1100db8>] (kernel_init_freeable+0x15c/0x1fc)
[    0.098359] [<c1100db8>] (kernel_init_freeable) from [<c0b7e37c>] (kernel_init+0x8/0x114)
[    0.098371] [<c0b7e37c>] (kernel_init) from [<c0307ef8>] (ret_from_fork+0x14/0x3c)
[    0.098384] ---[ end trace e4237c6ae2c9c966 ]---
[    0.099087] omap_hwmod: epwmss1: no dt node
[    0.099092] ------------[ cut here ]------------
[    0.099103] WARNING: CPU: 0 PID: 1 at arch/arm/mach-omap2/omap_hwmod.c:2497 _init+0x1f0/0x418
[    0.099108] omap_hwmod: epwmss1: doesn't have mpu register target base
[    0.099112] Modules linked in:
[    0.099123] CPU: 0 PID: 1 Comm: swapper/0 Tainted: G        W       4.7.0-rc6-00002-g1bdb3fd18072 #1
[    0.099128] Hardware name: Generic DRA74X (Flattened Device Tree)
[    0.099140] [<c0310468>] (unwind_backtrace) from [<c030bb5c>] (show_stack+0x10/0x14)
[    0.099151] [<c030bb5c>] (show_stack) from [<c058f1b4>] (dump_stack+0x98/0xac)
[    0.099163] [<c058f1b4>] (dump_stack) from [<c0341bc8>] (__warn+0xe8/0x100)
[    0.099173] [<c0341bc8>] (__warn) from [<c0341c18>] (warn_slowpath_fmt+0x38/0x48)
[    0.099185] [<c0341c18>] (warn_slowpath_fmt) from [<c1113b88>] (_init+0x1f0/0x418)
[    0.099198] [<c1113b88>] (_init) from [<c032840c>] (omap_hwmod_for_each+0x38/0x60)
[    0.099209] [<c032840c>] (omap_hwmod_for_each) from [<c11140f4>] (__omap_hwmod_setup_all+0x28/0x40)
[    0.099220] [<c11140f4>] (__omap_hwmod_setup_all) from [<c0301ec0>] (do_one_initcall+0x40/0x174)
[    0.099229] [<c0301ec0>] (do_one_initcall) from [<c1100db8>] (kernel_init_freeable+0x15c/0x1fc)
[    0.099238] [<c1100db8>] (kernel_init_freeable) from [<c0b7e37c>] (kernel_init+0x8/0x114)
[    0.099249] [<c0b7e37c>] (kernel_init) from [<c0307ef8>] (ret_from_fork+0x14/0x3c)
[    0.099255] ---[ end trace e4237c6ae2c9c967 ]---
[    0.099949] omap_hwmod: epwmss2: no dt node
[    0.099953] ------------[ cut here ]------------
[    0.099963] WARNING: CPU: 0 PID: 1 at arch/arm/mach-omap2/omap_hwmod.c:2497 _init+0x1f0/0x418
[    0.099968] omap_hwmod: epwmss2: doesn't have mpu register target base
[    0.099973] Modules linked in:
[    0.099982] CPU: 0 PID: 1 Comm: swapper/0 Tainted: G        W       4.7.0-rc6-00002-g1bdb3fd18072 #1
[    0.099988] Hardware name: Generic DRA74X (Flattened Device Tree)
[    0.099999] [<c0310468>] (unwind_backtrace) from [<c030bb5c>] (show_stack+0x10/0x14)
[    0.100010] [<c030bb5c>] (show_stack) from [<c058f1b4>] (dump_stack+0x98/0xac)
[    0.100021] [<c058f1b4>] (dump_stack) from [<c0341bc8>] (__warn+0xe8/0x100)
[    0.100032] [<c0341bc8>] (__warn) from [<c0341c18>] (warn_slowpath_fmt+0x38/0x48)
[    0.100043] [<c0341c18>] (warn_slowpath_fmt) from [<c1113b88>] (_init+0x1f0/0x418)
[    0.100056] [<c1113b88>] (_init) from [<c032840c>] (omap_hwmod_for_each+0x38/0x60)
[    0.100067] [<c032840c>] (omap_hwmod_for_each) from [<c11140f4>] (__omap_hwmod_setup_all+0x28/0x40)
[    0.100078] [<c11140f4>] (__omap_hwmod_setup_all) from [<c0301ec0>] (do_one_initcall+0x40/0x174)
[    0.100087] [<c0301ec0>] (do_one_initcall) from [<c1100db8>] (kernel_init_freeable+0x15c/0x1fc)
[    0.100096] [<c1100db8>] (kernel_init_freeable) from [<c0b7e37c>] (kernel_init+0x8/0x114)
[    0.100107] [<c0b7e37c>] (kernel_init) from [<c0307ef8>] (ret_from_fork+0x14/0x3c)
[    0.100113] ---[ end trace e4237c6ae2c9c968 ]---
[    0.211412] cpuidle: using governor menu
[    0.218949] OMAP GPIO hardware version 0.1
[    0.225046] irq: no irq domain found for /ocp/l4@4a000000/scm@2000/pinmux@1400 !
[    0.238729] No ATAGs?
[    0.238750] hw-breakpoint: found 5 (+1 reserved) breakpoint and 4 watchpoint registers.
[    0.238758] hw-breakpoint: maximum watchpoint size is 8 bytes.
[    0.239730] omap4_sram_init:Unable to allocate sram needed to handle errata I688
[    0.239737] omap4_sram_init:Unable to get sram pool needed to handle errata I688
[    0.239872] OMAP DMA hardware revision 0.0
[    0.244515] Serial: AMBA PL011 UART driver
[    0.266258] omap-dma-engine 4a056000.dma-controller: OMAP DMA engine driver
[    0.267835] edma 43300000.edma: memcpy is disabled
[    0.271760] edma 43300000.edma: TI EDMA DMA engine driver
[    0.275470] vgaarb: loaded
[    0.276083] SCSI subsystem initialized
[    0.276388] usbcore: registered new interface driver usbfs
[    0.276434] usbcore: registered new interface driver hub
[    0.276480] usbcore: registered new device driver usb
[    0.277158] omap_i2c 48070000.i2c: could not find pctldev for node /ocp/l4@4a000000/scm@2000/pinmux@1400/i2c1_pins_default, deferring probe
[    0.277187] omap_i2c 48060000.i2c: could not find pctldev for node /ocp/l4@4a000000/scm@2000/pinmux@1400/i2c3_pins_default, deferring probe
[    0.277935] pps_core: LinuxPPS API ver. 1 registered
[    0.277941] pps_core: Software ver. 5.3.6 - Copyright 2005-2007 Rodolfo Giometti <giometti@linux.it>
[    0.277957] PTP clock support registered
[    0.278121] EDAC MC: Ver: 3.0.0
[    0.279946] clocksource: Switched to clocksource arch_sys_counter
[    0.287659] NET: Registered protocol family 2
[    0.288025] TCP established hash table entries: 8192 (order: 3, 32768 bytes)
[    0.288086] TCP bind hash table entries: 8192 (order: 4, 65536 bytes)
[    0.288209] TCP: Hash tables configured (established 8192 bind 8192)
[    0.288250] UDP hash table entries: 512 (order: 2, 16384 bytes)
[    0.288279] UDP-Lite hash table entries: 512 (order: 2, 16384 bytes)
[    0.288382] NET: Registered protocol family 1
[    0.288545] RPC: Registered named UNIX socket transport module.
[    0.288551] RPC: Registered udp transport module.
[    0.288557] RPC: Registered tcp transport module.
[    0.288562] RPC: Registered tcp NFSv4.1 backchannel transport module.
[    0.289292] hw perfevents: enabled with armv7_cortex_a15 PMU driver, 7 counters available
[    0.290828] futex hash table entries: 512 (order: 3, 32768 bytes)
[    0.291396] workingset: timestamp_bits=28 max_order=19 bucket_order=0
[    0.299414] squashfs: version 4.0 (2009/01/31) Phillip Lougher
[    0.300057] NFS: Registering the id_resolver key type
[    0.300080] Key type id_resolver registered
[    0.300086] Key type id_legacy registered
[    0.300121] ntfs: driver 2.1.32 [Flags: R/O].
[    0.301037] bounce: pool size: 64 pages
[    0.301189] Block layer SCSI generic (bsg) driver version 0.4 loaded (major 248)
[    0.301197] io scheduler noop registered
[    0.301203] io scheduler deadline registered
[    0.301225] io scheduler cfq registered (default)
[    0.309302] pinctrl-single 4a003400.pinmux: 282 pins at pa fc003400 size 1128
[    0.365003] Serial: 8250/16550 driver, 4 ports, IRQ sharing disabled
[    0.367376] SuperH (H)SCI(F) driver initialized
[    0.368303] msm_serial: driver initialized
[    0.368636] 48020000.serial: ttyO2 at MMIO 0x48020000 (irq = 301, base_baud = 3000000) is a OMAP UART2
[    1.523581] console [ttyO2] enabled
[    1.527544] STMicroelectronics ASC driver initialized
[    1.535703] [drm] Initialized drm 1.1.0 20060810
[    1.551936] brd: module loaded
[    1.559061] loop: module loaded
[    1.563944] ahci 4a140000.sata: SSS flag set, parallel bus scan disabled
[    1.570989] ahci 4a140000.sata: AHCI 0001.0300 32 slots 1 ports 3 Gbps 0x1 impl platform mode
[    1.579911] ahci 4a140000.sata: flags: 64bit ncq sntf stag pm led clo only pmp pio slum part ccc apst 
[    1.590395] scsi host0: ahci
[    1.593625] ata1: SATA max UDMA/133 mmio [mem 0x4a140000-0x4a1410ff] port 0x100 irq 331
[    1.608000] libphy: Fixed MDIO Bus: probed
[    1.612831] CAN device driver interface
[    1.618643] igb: Intel(R) Gigabit Ethernet Network Driver - version 5.3.0-k
[    1.625925] igb: Copyright (c) 2007-2014 Intel Corporation.
[    1.674973] davinci_mdio 48485000.mdio: davinci mdio revision 1.6
[    1.681360] davinci_mdio 48485000.mdio: detected phy mask fffffff9
[    1.691878] libphy: 48485000.mdio: probed
[    1.696078] davinci_mdio 48485000.mdio: phy[1]: device 48485000.mdio:01, driver Micrel KSZ9031 Gigabit PHY
[    1.706173] davinci_mdio 48485000.mdio: phy[2]: device 48485000.mdio:02, driver Micrel KSZ9031 Gigabit PHY
[    1.717169] cpsw 48484000.ethernet: Detected MACID = 74:da:ea:08:38:a8
[    1.724606] cpsw 48484000.ethernet: cpsw: Detected MACID = 74:da:ea:08:38:a9
[    1.732636] pegasus: v0.9.3 (2013/04/25), Pegasus/Pegasus II USB Ethernet driver
[    1.740411] usbcore: registered new interface driver pegasus
[    1.746375] usbcore: registered new interface driver asix
[    1.752052] usbcore: registered new interface driver ax88179_178a
[    1.758453] usbcore: registered new interface driver cdc_ether
[    1.764607] usbcore: registered new interface driver smsc75xx
[    1.770662] usbcore: registered new interface driver smsc95xx
[    1.776702] usbcore: registered new interface driver net1080
[    1.782648] usbcore: registered new interface driver cdc_subset
[    1.788863] usbcore: registered new interface driver zaurus
[    1.794757] usbcore: registered new interface driver cdc_ncm
[    1.803709] ehci_hcd: USB 2.0 'Enhanced' Host Controller (EHCI) Driver
[    1.810537] ehci-pci: EHCI PCI platform driver
[    1.815219] ehci-platform: EHCI generic platform driver
[    1.820877] ehci-omap: OMAP-EHCI Host Controller driver
[    1.826477] ehci-orion: EHCI orion driver
[    1.830815] SPEAr-ehci: EHCI SPEAr driver
[    1.835146] ehci-st: EHCI STMicroelectronics driver
[    1.840383] ehci-exynos: EHCI EXYNOS driver
[    1.844904] ehci-atmel: EHCI Atmel driver
[    1.849235] tegra-ehci: Tegra EHCI driver
[    1.853586] ohci_hcd: USB 1.1 'Open' Host Controller (OHCI) Driver
[    1.860064] ohci-pci: OHCI PCI platform driver
[    1.864737] ohci-platform: OHCI generic platform driver
[    1.870358] ohci-omap3: OHCI OMAP3 driver
[    1.874681] SPEAr-ohci: OHCI SPEAr driver
[    1.879016] ohci-st: OHCI STMicroelectronics driver
[    1.884257] ohci-atmel: OHCI Atmel driver
[    1.889127] usbcore: registered new interface driver usb-storage
[    1.896862] mousedev: PS/2 mouse device common for all mice
[    1.905691] i2c /dev entries driver
[    1.916234] ata1: SATA link down (SStatus 0 SControl 300)
[    1.920859] sdhci: Secure Digital Host Controller Interface driver
[    1.920861] sdhci: Copyright(c) Pierre Ossman
[    1.921894] omap_hsmmc 4809c000.mmc: Got CD GPIO
[    1.960759] Synopsys Designware Multimedia Card Interface Driver
[    1.968088] sdhci-pltfm: SDHCI platform and OF driver helper
[    1.976458] ledtrig-cpu: registered to indicate activity on CPUs
[    1.983020] usbcore: registered new interface driver usbhid
[    1.988860] usbhid: USB HID core driver
[    1.997797] NET: Registered protocol family 10
[    2.003059] sit: IPv6 over IPv4 tunneling driver
[    2.008349] NET: Registered protocol family 17
[    2.013015] can: controller area network core (rev 20120528 abi 9)
[    2.019532] NET: Registered protocol family 29
[    2.024181] can: raw protocol (rev 20120528)
[    2.028652] can: broadcast manager protocol (rev 20120528 t)
[    2.034583] can: netlink gateway (rev 20130117) max_hops=1
[    2.040622] Key type dns_resolver registered
[    2.045252] omap_voltage_late_init: Voltage driver support not added
[    2.051994] Power Management for TI OMAP4+ devices.
[    2.057265] ThumbEE CPU extension supported.
[    2.061749] Registering SWP/SWPB emulation handler
[    2.068510] palmas 0-0058: Irq flag is 0x00000008
[    2.092124] palmas 0-0058: Muxing GPIO 2f, PWM 0, LED 0
[    2.101303] vtt_fixed: supplied by smps3
[    2.126423] vdd_3v3: supplied by regen1
[    2.130650] aic_dvdd_fixed: supplied by vdd_3v3
[    2.140846] palmas-rtc 48070000.i2c:tps659038@58:tps659038_rtc: rtc core: registered 48070000.i2c:tps659 as rtc1
[    2.155553] at24 0-0050: 4096 byte 24c32 EEPROM, writable, 1 bytes/write
[    2.162618] omap_i2c 48070000.i2c: bus 0 rev0.12 at 400 kHz
[    2.185458] rtc-ds1307 2-006f: SET TIME!
[    2.191188] rtc-ds1307 2-006f: rtc core: registered mcp7941x as rtc0
[    2.197938] rtc-ds1307 2-006f: 64 bytes nvram
[    2.202546] omap_i2c 48060000.i2c: bus 2 rev0.12 at 400 kHz
[    2.210758] xhci-hcd xhci-hcd.0.auto: xHCI Host Controller
[    2.216531] xhci-hcd xhci-hcd.0.auto: new USB bus registered, assigned bus number 1
[    2.224769] xhci-hcd xhci-hcd.0.auto: hcc params 0x0220f04c hci version 0x100 quirks 0x00010010
[    2.233928] xhci-hcd xhci-hcd.0.auto: irq 410, io mem 0x48890000
[    2.240809] hub 1-0:1.0: USB hub found
[    2.244758] hub 1-0:1.0: 1 port detected
[    2.249157] xhci-hcd xhci-hcd.0.auto: xHCI Host Controller
[    2.254926] xhci-hcd xhci-hcd.0.auto: new USB bus registered, assigned bus number 2
[    2.263008] usb usb2: We don't know the algorithms for LPM for this host, disabling LPM.
[    2.272023] hub 2-0:1.0: USB hub found
[    2.275988] hub 2-0:1.0: 1 port detected
[    2.282073] omap_hsmmc 4809c000.mmc: Got CD GPIO
[    2.346458] rtc-ds1307 2-006f: setting system clock to 2001-01-01 00:00:00 UTC (978307200)
[    2.364622] net eth0: initializing cpsw version 1.15 (0)
[    2.380337] mmc0: host does not support reading read-only switch, assuming write-enable
[    2.392638] mmc0: new high speed SD card at address aaaa
[    2.398556] mmcblk0: mmc0:aaaa SU02G 1.84 GiB 
[    2.405004]  mmcblk0: p1 p2 p3
[    2.413295] mmc1: new high speed MMC card at address 0001
[    2.419305] mmcblk1: mmc1:0001 S10004 3.56 GiB 
[    2.424203] mmcblk1boot0: mmc1:0001 S10004 partition 1 4.00 MiB
[    2.430555] mmcblk1boot1: mmc1:0001 S10004 partition 2 4.00 MiB
[    2.437489]  mmcblk1: p1 p2 p3
[    2.452450] Micrel KSZ9031 Gigabit PHY 48485000.mdio:01: attached PHY driver [Micrel KSZ9031 Gigabit PHY] (mii_bus:phy_addr=48485000.mdio:01, irq=-1)
[    2.472816] IPv6: ADDRCONF(NETDEV_UP): eth0: link is not ready
[    2.554964] usb 1-1: new high-speed USB device number 2 using xhci-hcd
[    2.711150] hub 1-1:1.0: USB hub found
[    2.715128] hub 1-1:1.0: 4 ports detected
[    2.794995] usb 2-1: new SuperSpeed USB device number 2 using xhci-hcd
[    2.823150] hub 2-1:1.0: USB hub found
[    2.827125] hub 2-1:1.0: 4 ports detected
[    3.009964] usb 1-1.2: new high-speed USB device number 3 using xhci-hcd
[    3.106144] usb-storage 1-1.2:1.0: USB Mass Storage device detected
[    3.112919] scsi host1: usb-storage 1-1.2:1.0
[    4.138682] scsi 1:0:0:0: Direct-Access     Kingston DataTraveler 2.0 PMAP PQ: 0 ANSI: 4
[    5.639222] sd 1:0:0:0: [sda] 15248832 512-byte logical blocks: (7.81 GB/7.27 GiB)
[    5.647363] sd 1:0:0:0: [sda] Write Protect is off
[    5.652575] sd 1:0:0:0: [sda] No Caching mode page found
[    5.658161] sd 1:0:0:0: [sda] Assuming drive cache: write through
[    5.690488]  sda: sda1
[    5.694324] sd 1:0:0:0: [sda] Attached SCSI removable disk
[    6.473093] cpsw 48484000.ethernet eth0: Link is Up - 1Gbps/Full - flow control rx/tx
[    6.481324] IPv6: ADDRCONF(NETDEV_CHANGE): eth0: link becomes ready
[    6.494958] Sending DHCP requests ., OK
[    6.524968] IP-Config: Got DHCP answer from 192.168.0.1, my address is 192.168.0.194
[    6.533163] IP-Config: Complete:
[    6.536565]      device=eth0, hwaddr=74:da:ea:08:38:a8, ipaddr=192.168.0.194, mask=255.255.255.0, gw=192.168.0.1
[    6.547234]      host=192.168.0.194, domain=ti.com, nis-domain=(none)
[    6.553988]      bootserver=0.0.0.0, rootserver=0.0.0.0, rootpath=     nameserver0=192.0.2.2, nameserver1=192.0.2.3
[    6.565061] aic_dvdd_fixed: disabling
[    6.591889] EXT4-fs (mmcblk0p2): mounted filesystem with ordered data mode. Opts: (null)
[    6.600394] VFS: Mounted root (ext4 filesystem) on device 179:2.
[    6.612003] devtmpfs: mounted
[    6.616338] Freeing unused kernel memory: 2048K (c1100000 - c1300000)
INIT: version 2.88 booting
Error opening /dev/fb0: No such file or directory
Starting udev
[    7.078587] udevd[135]: starting version 182
[    8.951516] FAT-fs (sda1): Volume was not properly unmounted. Some data may be corrupt. Please run fsck.
[    8.964868] FAT-fs (mmcblk0p1): Volume was not properly unmounted. Some data may be corrupt. Please run fsck.
[    8.986995] FAT-fs (mmcblk0p3): Volume was not properly unmounted. Some data may be corrupt. Please run fsck.
[    8.999286] EXT4-fs (mmcblk1p3): mounted filesystem without journal. Opts: (null)
[    9.014114] FAT-fs (mmcblk1p2): Volume was not properly unmounted. Some data may be corrupt. Please run fsck.
[    9.026880] FAT-fs (mmcblk1p1): Volume was not properly unmounted. Some data may be corrupt. Please run fsck.
[    9.168214] EXT4-fs (mmcblk0p2): re-mounted. Opts: data=ordered
[    9.238921] random: dd urandom read with 110 bits of entropy available
ALSA: Restoring mixer settings...
/usr/sbin/alsactl: load_state:1729: No soundcards found...
Fri Mar 18 22:37:23 UTC 2016
INIT: Entering runlevel: 5
Configuring network interfaces... udhcpc (v1.23.1) started
Sending discover...
Sending select for 192.168.0.148...
Lease of 192.168.0.148 obtained, lease time 3600
/etc/udhcpc.d/50default: Adding DNS 192.0.2.2
/etc/udhcpc.d/50default: Adding DNS 192.0.2.3
done.
Starting system message bus: dbus.
Starting telnet daemon.
Starting rpcbind daemon...done.
starting statd: done
Starting syslogd/klogd: done
Starting thttpd.
[   11.121322] random: nonblocking pool is initialized
Enabling thermal zones...
 _____                    _____           _         _   
|  _  |___ ___ ___ ___   |  _  |___ ___  |_|___ ___| |_ 
|     |  _| .'| . | . |  |   __|  _| . | | | -_|  _|  _|
|__|__|_| |__,|_  |___|  |__|  |_| |___|_| |___|___|_|  
              |___|                    |___|            
Arago Project http://arago-project.org am57xx-evm /dev/ttyO2
Arago 2015.12 am57xx-evm /dev/ttyO2
am57xx-evm login: 
- 08:22:57 [INFO] Host: root
- 08:22:57 [INFO] Target: 
root
root@am57xx-evm:~# 
- 08:22:57 [INFO] Sleeping 15 secs to allow systemd to finish starting processes...
- 08:23:12 [INFO] Disconnected serial from am57xx-evm
- 08:23:12 [INFO] Connected to am57xx-evm via serial 
- 08:23:12 [INFO] Host: uname -a
- 08:23:12 [INFO] Target: 
uname -a
Linux am57xx-evm 4.7.0-rc6-00002-g1bdb3fd18072 #1 SMP Mon Jul 4 07:23:33 CDT 2016 armv7l GNU/Linux
root@am57xx-evm:~# 
- 08:23:12 [INFO] Host: cat /proc/cmdline
- 08:23:12 [INFO] Target: 
cat /proc/cmdline
console=ttyO2,115200n8  earlyprintk=serial,ttyO2,115200n8 rootwait  ip=:::::eth0:dhcp  root=PARTUUID=00000000-02 rw rootfstype=ext4 rootwait 
root@am57xx-evm:~# 
- 08:23:12 [INFO] Host: uname -a
- 08:23:12 [INFO] Target: 
uname -a
Linux am57xx-evm 4.7.0-rc6-00002-g1bdb3fd18072 #1 SMP Mon Jul 4 07:23:33 CDT 2016 armv7l GNU/Linux
root@am57xx-evm:~# 
- 08:23:12 [INFO] Host: cat /proc/mtd
- 08:23:12 [INFO] Target: 
cat /proc/mtd
dev:    size   erasesize  name
root@am57xx-evm:~# 
- 08:23:13 [INFO] Host: export IPERFHOST=192.168.0.1
- 08:23:13 [INFO] Target: 
export IPERFHOST=192.168.0.1
root@am57xx-evm:~# 
- 08:23:13 [INFO] Host: export NFS_SERVER=192.168.0.1
- 08:23:13 [INFO] Target: 
export NFS_SERVER=192.168.0.1
root@am57xx-evm:~# 
- 08:23:13 [INFO] Host: export NFS_ROOT_PATH=/home/tigtfarm03/NFS_exports/am57xx-evm1/
- 08:23:13 [INFO] Target: 
export NFS_ROOT_PATH=/home/tigtfarm03/NFS_exports/am57xx-evm1 
root@am57xx-evm:~# 
- 08:23:13 [INFO] Host: export AP_SSID=
- 08:23:13 [INFO] Target: 
export AP_SSID=
root@am57xx-evm:~# 
- 08:23:13 [INFO] Host: mkdir -p -m 777 /test
- 08:23:13 [INFO] Target: 
mkdir -p -m 777 /test
root@am57xx-evm:~# 
- 08:23:13 [INFO] Host: cd /test
- 08:23:13 [INFO] Target: 
cd /test
root@am57xx-evm:/test# 
- 08:23:13 [INFO] Host: cat > test.sh << EOF
- 08:23:13 [INFO] Target: 
cat > test.sh << EOF
- 08:23:13 [INFO] Host: failtest() {
- 08:23:14 [INFO] Target: 
failtest() {
- 08:23:14 [INFO] Host:   echo 1 >&3
- 08:23:14 [INFO] Target: 
  echo 1 >&3
- 08:23:14 [INFO] Host: }
- 08:23:14 [INFO] Target: 
- 08:23:14 [INFO] Host: timeout=600
- 08:23:14 [INFO] Target: 
timeout=600
- 08:23:14 [INFO] Host: 
- 08:23:14 [INFO] Target: 
- 08:23:14 [INFO] Host: # Start of user's script logic
- 08:23:14 [INFO] Target: 
# Start of user's script logic
- 08:23:14 [INFO] Host: mount -t proc proc /proc 2>/dev/null;
- 08:23:14 [INFO] Target: 
mount -t proc proc /proc 2>/dev/null;
- 08:23:14 [INFO] Host: 
- 08:23:14 [INFO] Target: 
- 08:23:14 [INFO] Host: mount -t sysfs sys /sys 2>/dev/null;
- 08:23:14 [INFO] Target: 
mount -t sysfs sys /sys 2>/dev/null;
- 08:23:14 [INFO] Host: 
- 08:23:14 [INFO] Target: 
- 08:23:14 [INFO] Host: mount -t debugfs none /sys/kernel/debug 2>/dev/null;
- 08:23:15 [INFO] Target: 
mount -t debugfs none /sys/kernel/debug 2>/dev/null;
- 08:23:15 [INFO] Host: 
- 08:23:15 [INFO] Target: 
- 08:23:15 [INFO] Host: echo 'cpuinfo:';cat /proc/cpuinfo; echo '=======';
- 08:23:15 [INFO] Target: 
echo 'cpuinfo:';cat /proc/cpuinfo; echo '=======';
- 08:23:15 [INFO] Host: 
- 08:23:15 [INFO] Target: 
- 08:23:15 [INFO] Host: echo 'soc info:';head /sys/devices/soc0/* 2>/dev/null; echo '=======';
- 08:23:15 [INFO] Target: 
echo 'soc info:';head /sys/devices/soc0/* 2>/dev/null; echo '=======';
- 08:23:15 [INFO] Host: 
- 08:23:15 [INFO] Target: 
- 08:23:15 [INFO] Host: echo 'DT Model info'; head /proc/device-tree/name /proc/device-tree/model /proc/device-tree/compatible 2>/dev/null;echo; echo '=======';
- 08:23:15 [INFO] Target: 
echo 'DT Model info'; head /proc/device-tree/name /proc/device-tree/model /pro 
c/device-tree/compatible 2>/dev/null;echo; echo '=======';
- 08:23:15 [INFO] Host: 
- 08:23:15 [INFO] Target: 
- 08:23:15 [INFO] Host: echo 'interrupts:';cat /proc/interrupts; echo '=======';
- 08:23:15 [INFO] Target: 
echo 'interrupts:';cat /proc/interrupts; echo '=======';
- 08:23:15 [INFO] Host: 
- 08:23:15 [INFO] Target: 
- 08:23:15 [INFO] Host: echo 'Clk_summary:';cat /sys/kernel/debug/clk/clk_summary; echo '=======';
- 08:23:16 [INFO] Target: 
echo 'Clk_summary:';cat /sys/kernel/debug/clk/clk_summary; echo '=======';
- 08:23:16 [INFO] Host: 
- 08:23:16 [INFO] Target: 
- 08:23:16 [INFO] Host: echo "Available frequencies"; cat /sys/devices/system/cpu/cpu0/cpufreq/scaling_available_frequencies 2>/dev/null;echo '=======';
- 08:23:16 [INFO] Target: 
echo "Available frequencies"; cat /sys/devices/system/cpu/cpu0/cpufreq/scaling 
_available_frequencies 2>/dev/null;echo '=======';
- 08:23:16 [INFO] Host: 
- 08:23:16 [INFO] Target: 
- 08:23:16 [INFO] Host: TMPF=/tmp/a.\$\$; TMPF2=/tmp/b.\$\$; STR=""
- 08:23:16 [INFO] Target: 
TMPF=/tmp/a.\$\$; TMPF2=/tmp/b.\$\$; STR=""
- 08:23:16 [INFO] Host: 
- 08:23:16 [INFO] Target: 
- 08:23:16 [INFO] Host: cp /dev/kmsg \$TMPF &
- 08:23:16 [INFO] Target: 
cp /dev/kmsg \$TMPF &
- 08:23:16 [INFO] Host: 
- 08:23:16 [INFO] Target: 
- 08:23:16 [INFO] Host: PID=\$! ; sleep 5; kill -9 \$PID
- 08:23:16 [INFO] Target: 
PID=\$! ; sleep 5; kill -9 \$PID
- 08:23:16 [INFO] Host: 
- 08:23:16 [INFO] Target: 
- 08:23:16 [INFO] Host: 
- 08:23:17 [INFO] Target: 
- 08:23:17 [INFO] Host: 
- 08:23:17 [INFO] Target: 
- 08:23:17 [INFO] Host: cat \$TMPF|grep "^0">\$TMPF2; N=\`cat \$TMPF2|wc -l\`; if [ "\$N" -ne 0 ]; then STR="\$STR emerg=\$N";echo "===== EMERGE++";cat \$TMPF2|cut -d ';' -f2;echo "====="; fi
- 08:23:17 [INFO] Target: 
cat \$TMPF|grep "^0">\$TMPF2; N=\`cat \$TMPF2|wc -l\`; if [ "\$N" -ne 0 ]; the 
n STR="\$STR emerg=\$N";echo "===== EMERGE++";cat \$TMPF2|cut -d ';' -f2;echo "= 
===="; fi
- 08:23:17 [INFO] Host: 
- 08:23:17 [INFO] Target: 
- 08:23:17 [INFO] Host: cat \$TMPF|grep "^1">\$TMPF2; N=\`cat \$TMPF2|wc -l\`; if [ "\$N" -ne 0 ]; then STR="\$STR alert=\$N";echo "===== ALERT ==";cat \$TMPF2|cut -d ';' -f2;echo "====="; fi
- 08:23:17 [INFO] Target: 
cat \$TMPF|grep "^1">\$TMPF2; N=\`cat \$TMPF2|wc -l\`; if [ "\$N" -ne 0 ]; the 
n STR="\$STR alert=\$N";echo "===== ALERT ==";cat \$TMPF2|cut -d ';' -f2;echo "= 
===="; fi
- 08:23:17 [INFO] Host: 
- 08:23:17 [INFO] Target: 
- 08:23:17 [INFO] Host: cat \$TMPF|grep "^2">\$TMPF2; N=\`cat \$TMPF2|wc -l\`; if [ "\$N" -ne 0 ]; then STR="\$STR crit=\$N";echo "===== CRIT ==";cat \$TMPF2|cut -d ';' -f2;echo "====="; fi
- 08:23:17 [INFO] Target: 
cat \$TMPF|grep "^2">\$TMPF2; N=\`cat \$TMPF2|wc -l\`; if [ "\$N" -ne 0 ]; the 
n STR="\$STR crit=\$N";echo "===== CRIT ==";cat \$TMPF2|cut -d ';' -f2;echo "=== 
=="; fi
- 08:23:17 [INFO] Host: 
- 08:23:17 [INFO] Target: 
- 08:23:17 [INFO] Host: cat \$TMPF|grep "^3">\$TMPF2; N=\`cat \$TMPF2|wc -l\`; if [ "\$N" -ne 0 ]; then STR="\$STR err=\$N";echo "===== ERR ==";cat \$TMPF2|cut -d ';' -f2;echo "=====" ;fi
- 08:23:17 [INFO] Target: 
cat \$TMPF|grep "^3">\$TMPF2; N=\`cat \$TMPF2|wc -l\`; if [ "\$N" -ne 0 ]; the 
n STR="\$STR err=\$N";echo "===== ERR ==";cat \$TMPF2|cut -d ';' -f2;echo "===== 
" ;fi
- 08:23:17 [INFO] Host: 
- 08:23:17 [INFO] Target: 
- 08:23:17 [INFO] Host: cat \$TMPF|grep "^4">\$TMPF2; N=\`cat \$TMPF2|wc -l\`; if [ "\$N" -ne 0 ]; then STR="\$STR warn=\$N";echo "===== WARN ==";cat \$TMPF2|cut -d ';' -f2;echo "=====" ;fi
- 08:23:18 [INFO] Target: 
cat \$TMPF|grep "^4">\$TMPF2; N=\`cat \$TMPF2|wc -l\`; if [ "\$N" -ne 0 ]; the 
n STR="\$STR warn=\$N";echo "===== WARN ==";cat \$TMPF2|cut -d ';' -f2;echo "=== 
==" ;fi
- 08:23:18 [INFO] Host: 
- 08:23:18 [INFO] Target: 
- 08:23:18 [INFO] Host: rm \$TMPF \$TMPF2; echo "SUM""MARY RESULT: BOOT:" 'PASS: H''ello World' 'B''oard' "Booted" "Boot Log has::::\$STR:"
- 08:23:18 [INFO] Target: 
rm \$TMPF \$TMPF2; echo "SUM""MARY RESULT: BOOT:" 'PASS: H''ello World' 'B''oa 
rd' "Booted" "Boot Log has::::\$STR:"
- 08:23:18 [INFO] Host: 
- 08:23:18 [INFO] Target: 
- 08:23:18 [INFO] Host: EOF
- 08:23:18 [INFO] Target: 
root@am57xx-evm:/test# 
- 08:23:18 [INFO] Host: cd /test
- 08:23:18 [INFO] Target: 
cd /test
root@am57xx-evm:/test# 
- 08:23:18 [INFO] Host: chmod +x test.sh
- 08:23:18 [INFO] Target: 
chmod +x test.sh
root@am57xx-evm:/test# 
- 08:23:18 [INFO] Host: ./test.sh 2> stderr.log > stdout.log 3> result.log
- 08:23:23 [INFO] Target: 
./test.sh 2> stderr.log > stdout.log 3> result.log
root@am57xx-evm:/test# 
- 08:23:23 [INFO] Host: echo $?
- 08:23:23 [INFO] Target: 
echo $?
root@am57xx-evm:/test# 
- 08:23:23 [INFO] Host: cd /test
- 08:23:24 [INFO] Target: 
cd /test
root@am57xx-evm:/test# 
- 08:23:24 [INFO] Host: cat stdout.log
- 08:23:24 [INFO] Target: 
cat stdout.log
cpuinfo:
processor	: 0
model name	: ARMv7 Processor rev 2 (v7l)
BogoMIPS	: 12.29
Features	: half thumb fastmult vfp edsp thumbee neon vfpv3 tls vfpv4 idiva idivt vfpd32 lpae evtstrm 
CPU implementer	: 0x41
CPU architecture: 7
CPU variant	: 0x2
CPU part	: 0xc0f
CPU revision	: 2
processor	: 1
model name	: ARMv7 Processor rev 2 (v7l)
BogoMIPS	: 12.29
Features	: half thumb fastmult vfp edsp thumbee neon vfpv3 tls vfpv4 idiva idivt vfpd32 lpae evtstrm 
CPU implementer	: 0x41
CPU architecture: 7
CPU variant	: 0x2
CPU part	: 0xc0f
CPU revision	: 2
Hardware	: Generic DRA74X (Flattened Device Tree)
Revision	: 0000
Serial		: 0000000000000000
=======
soc info:
==> /sys/devices/soc0/family <==
DRA7
==> /sys/devices/soc0/machine <==
DRA752
==> /sys/devices/soc0/power <==
==> /sys/devices/soc0/revision <==
ES1.1
==> /sys/devices/soc0/subsystem <==
==> /sys/devices/soc0/type <==
==> /sys/devices/soc0/uevent <==
=======
DT Model info
==> /proc/device-tree/name <==
==> /proc/device-tree/model <==
TI AM5728 BeagleBoard-X15
==> /proc/device-tree/compatible <==
ti,am572x-beagle-x15ti,am5728ti,dra742ti,dra74ti,dra7
=======
interrupts:
           CPU0       CPU1       
 17:          0          0      CBAR  32 Level     gp_timer
 20:       1558       2400     GIC-0  27 Edge      arch_timer
 22:          0          0      CBAR   4 Level     l3-dbg-irq
 23:          0          0     WUGEN  10 Level     l3-app-irq
 29:       2901          0      CBAR   8 Level     omap-dma-engine
 32:          0          0      CBAR 361 Level     43300000.edma_ccint
 34:          0          0      CBAR 359 Level     43300000.edma_ccerrint
 37:          1          0      CBAR  24 Level     4ae10000.gpio
 38:          1          0  4ae10000.gpio   0 Level     palmas
 70:          0          0      CBAR  25 Level     48055000.gpio
103:          0          0      CBAR  26 Level     48057000.gpio
136:          0          0      CBAR  27 Level     48059000.gpio
169:          0          0      CBAR  28 Level     4805b000.gpio
202:          0          0      CBAR  29 Level     4805d000.gpio
230:          0          0  4805d000.gpio  27 Edge      4809c000.mmc cd
235:          0          0      CBAR  30 Level     48051000.gpio
268:          0          0      CBAR 116 Level     48053000.gpio
301:       8494          0      CBAR  69 Level     OMAP UART2
327:        441          0      CBAR  51 Level     48070000.i2c
328:         44          0      CBAR  56 Level     48060000.i2c
329:       3804          0      CBAR  78 Level     mmc0
330:       1067          0      CBAR  81 Level     mmc1
331:          0          0      CBAR  49 Level     ahci[4a140000.sata]
333:          5          0      CBAR  72 Level     dwc3-omap
338:         12          0      CBAR 335 Level     48484000.ethernet
339:         13          0      CBAR 336 Level     48484000.ethernet
409:          0          0   pinctrl 1016 Edge      48020000.serial
410:        568          0      CBAR  71 Level     xhci-hcd:usb1
411:          0          0    palmas   8 Level     48070000.i2c:tps659038@58:tps659038_rtc
413:          0          0      CBAR   2 Edge      mcp7941x
414:          0          0   pinctrl 1060 Edge      2-006f
IPI0:          0          1  CPU wakeup i
- 08:23:24 [INFO] Host: cat stderr.log
- 08:23:26 [INFO] Target: 
nterrupts
IPI1:          0          0  Timer broadcast interrupts
IPI2:       2521       3743  Rescheduling interrupts
IPI3:         39         81  Function call interrupts
IPI4:          0          0  CPU stop interrupts
IPI5:          0          0  IRQ work interrupts
IPI6:          0          0  completion interrupts
Err:          0
=======
Clk_summary:
   clock                         enable_cnt  prepare_cnt        rate   accuracy   phase
----------------------------------------------------------------------------------------
 dummy_ck                                 0            0           0          0 0  
 video2_m2_clkin_ck                       0            0           0          0 0  
    video2_dclk_div                       0            0           0          0 0  
 vidcat stderr.log
eo2_clkin_ck                          0            0           0          0 0  
    video2_div_clk                        0            0           0          0 0  
    video2_clk2_div                       0            0           0          0 0  
 video1_m2_clkin_ck                       0            0           0          0 0  
    video1_dclk_div                       0            0           0          0 0  
 video1_clkin_ck                          0            0           0          0 0  
    video1_div_clk                        0            0           0          0 0  
    video1_clk2_div                       0            0           0          0 0  
 usb_otg_clkin_ck                         0            0           0          0 0  
    usb_otg_dclk_div                      0            0           0          0 0  
 sys_clkin2                               0            0    22579200          0 0  
    sys_clk2_dclk_div                     0            0    22579200          0 0  
 virt_38400000_ck                         0            0    38400000          0 0  
 virt_27000000_ck                         0            0    27000000          0 0  
 virt_26000000_ck                         0            0    26000000          0 0  
 virt_20000000_ck                         1            1    20000000          0 0  
    sys_clkin1                            8           15    20000000          0 0  
       wkupaon_iclk_mux                  11           13    20000000          0 0  
          l3instr_ts_gclk_div             0            0      625000          0 0  
       dpll_usb_ck                        1            1   960000000          0 0  
          dpll_usb_clkdcoldo              1            1   960000000          0 0  
             l3init_960m_gfclk            1            2   960000000          0 0  
                usb_otg_ss2_refclk960m           0            2   960000000          0 0  
                usb_otg_ss1_refclk960m           2            3   960000000          0 0  
          dpll_usb_m2_ck                  0            0   480000000          0 0  
             l3init_480m_dclk_div           0            0   480000000          0 0  
             l3init_60m_fclk              0            0    60000000          0 0  
       dpll_usb_byp_mux                   0            0    20000000          0 0  
       dpll_per_ck                        1            1   384000000          0 0  
          dpll_per_x2_ck                  1            3   768000000          0 0  
             dpll_per_m2x2_ck             1            5   192000000          0 0  
                mmc2_fclk_mux             0            1   192000000          0 0  
                   mmc2_fclk_div           0            1   192000000          0 0  
                mmc1_fclk_mux             0            1   192000000          0 0  
                   mmc1_fclk_div           0            1    96000000          0 0  
                func_96m_fclk             0            5    96000000          0 0  
                func_48m_fclk             2           18    48000000          0 0  
                   uart6_gfclk_mux           0            1    48000000          0 0  
                   uart10_gfclk_mux           0            1    48000000          0 0  
                   uart9_gfclk_mux           0            1    48000000          0 0  
                   uart8_gfclk_mux           0            1    48000000          0 0  
                   uart7_gfclk_mux           0            1    48000000          0 0  
                   uart5_gfclk_mux           0            1    48000000          0 0  
                   uart4_gfclk_mux           0            1    48000000          0 0  
                   uart3_gfclk_mux           1            1    48000000          0 0  
                   uart2_gfclk_mux           0            1    48000000          0 0  
                   uart1_gfclk_mux           0            1    48000000          0 0  
                   mmc4_gfclk_mux           0            1    48000000          0 0  
                      mmc4_gfclk_div           0            1    48000000          0 0  
                   mmc3_gfclk_mux           0            1    48000000          0 0  
                      mmc3_gfclk_div           0            1    48000000          0 0  
                   dss_48mhz_clk           0            2    48000000          0 0  
                func_12m_fclk             0            1    12000000          0 0  
             dpll_per_h14x2_ck            0            0   384000000          0 0  
             dpll_per_h13x2_ck            0            0   192000000          0 0  
             dpll_per_h12x2_ck            0            1   192000000          0 0  
                dss_dss_clk               0            3   192000000          0 0  
             dpll_per_h11x2_ck            0            1   256000000          0 0  
                func_128m_clk             0            1   128000000          0 0  
                   qspi_gfclk_mux           0            1   128000000          0 0  
                      qspi_gfclk_div           0            1   128000000          0 0  
          dpll_per_m2_ck                  0            0    96000000          0 0  
             func_24m_clk                 0            0    24000000          0 0  
             func_96m_aon_dclk_div           0            0    96000000          0 0  
       dpll_per_byp_mux                   0            0    20000000          0 0  
       dpll_eve_byp_mux                   0            0    20000000          0 0  
          dpll_eve_ck                     0            0    20000000          0 0  
             dpll_eve_m2_ck               0            0    20000000          0 0  
                eve_clk                   0            0    20000000          0 0  
                eve_dclk_div              0            0    20000000          0 0  
       dpll_gmac_ck                       3            3  1000000000          0 0  
          dpll_gmac_x2_ck                 0            0  2000000000          0 0  
             dpll_gmac_m3x2_ck            0            0   200000000          0 0  
             dpll_gmac_h13x2_ck           0            0   200000000          0 0  
             dpll_gmac_h12x2_ck           0            0   250000000          0 0  
             dpll_gmac_h11x2_ck           0            0    50000000          0 0  
                gmii_m_clk_div            0            0    25000000          0 0  
          dpll_gmac_m2_ck                 0            0   250000000          0 0  
             gmac_250m_dclk_div           0            0   250000000          0 0  
             gmac_gmii_ref_clk_div           0            0   125000000          0 0  
       dpll_gmac_byp_mux                  0            0    20000000          0 0  
       dpll_ddr_ck                        0            0  1064000000          0 0  
          dpll_ddr_x2_ck                  0            0  2128000000          0 0  
             dpll_ddr_h11x2_ck            0            0   266000000          0 0  
          dpll_ddr_m2_ck                  0            0   532000000          0 0  
             emif_phy_dclk_div            0            0   532000000          0 0  
       dpll_ddr_byp_mux                   0            0    20000000          0 0  
       dpll_gpu_byp_mux                   0            0    20000000          0 0  
          dpll_gpu_ck                     0            0    20000000          0 0  
             dpll_gpu_m2_ck               0            0    20000000          0 0  
                gpu_dclk                  0            0    20000000          0 0  
       dpll_iva_ck                        0            0  1064000000          0 0  
          dpll_iva_m2_ck                  0            0   532000000          0 0  
             iva_dclk                     0            0   532000000          0 0  
       dpll_iva_byp_mux                   0            0    20000000          0 0  
       dpll_dsp_ck                        0            0   750000000          0 0  
          dpll_dsp_x2_ck                  0            0  1500000000          0 0  
             dpll_dsp_m3x2_ck             0            0   500000000          0 0  
          dpll_dsp_m2_ck                  0            0   750000000          0 0  
             dsp_gclk_div                 0            0   750000000          0 0  
       dpll_dsp_byp_mux                   0            0    20000000          0 0  
       dpll_mpu_ck                        1            1  1000000000          0 0  
          dpll_mpu_m2_ck                  1            1  1000000000          0 0  
             mpu_dclk_div                 0            0  1000000000          0 0  
       dpll_core_ck                       1            1  1064000000          0 0  
          dpll_core_m2_ck                 0            0   532000000          0 0  
             core_dpll_out_dclk_div           0            0   532000000          0 0  
          dpll_core_x2_ck                 2            3  2128000000          0 0  
             dpll_core_h24x2_ck           0            1   354666667          0 0  
             dpll_core_h23x2_ck           0            0   532000000          0 0  
             dpll_core_h22x2_ck           0            0   425600000          0 0  
             dpll_core_h14x2_ck           0            0   425600000          0 0  
                gpu_hyd_gclk_mux           0            0   425600000          0 0  
                gpu_core_gclk_mux           0            0   425600000          0 0  
             dpll_core_h13x2_ck           5            8    34322581          0 0  
             dpll_core_h12x2_ck           1            1   532000000          0 0  
                l3_iclk_div              99          111   266000000          0 0  
                   dss_deshdcp_clk           1            2   266000000          0 0  
                   vip3_gclk_mux           0            0   266000000          0 0  
                   vip2_gclk_mux           0            0   266000000          0 0  
                   vip1_gclk_mux           0            0   266000000          0 0  
                   gmac_rft_clk_mux           0            0   266000000          0 0  
                   atl_gfclk_mux           0            1   266000000          0 0  
                      atl_clkin3_ck           0            0   266000000          0 0  
                      atl_clkin2_ck           0            0   266000000          0 0  
                      atl_clkin1_ck           0            0   266000000          0 0  
                      atl_clkin0_ck           0            0   266000000          0 0  
                   l4_root_clk_div          17           19   133000000          0 0  
                      ehrpwm2_tbclk           0            0   133000000          0 0  
                      ehrpwm1_tbclk           0            0   133000000          0 0  
                      ehrpwm0_tbclk           0            0   133000000          0 0  
                eve_dpll_hs_clk_div           0            0   532000000          0 0  
                iva_dpll_hs_clk_div           0            0   532000000          0 0  
                dsp_dpll_hs_clk_div           0            0   532000000          0 0  
                mpu_dpll_hs_clk_div           0            0   532000000          0 0  
       dpll_core_byp_mux                  0            0    20000000          0 0  
       adc_gfclk_mux                      0            0    20000000          0 0  
       sata_ref_clk                       3            3    20000000          0 0  
       dpll_pcie_ref_ck                   0            0  1500000000          0 0  
          dpll_pcie_ref_m2_ck             0            0  1500000000          0 0  
             pcie2_dclk_div               0            0  1500000000          0 0  
          dpll_pcie_ref_m2ldo_ck           0            0   100000000          0 0  
             apll_pcie_in_clk_mux           0            0   100000000          0 0  
                apll_pcie_ck              0            0   100000000          0 0  
                   apll_pcie_m2_ck           0            0   100000000          0 0  
                      pcie_dclk_div           0            0   100000000          0 0  
                   apll_pcie_clkvcoldo_div           0            0   100000000          0 0  
                   apll_pcie_clkvcoldo           0            0   100000000          0 0  
                   optfclk_pciephy2_clk           0            0   100000000          0 0  
                   optfclk_pciephy1_clk           0            0   100000000          0 0  
                   optfclk_pciephy_div           0            0   100000000          0 0  
                      optfclk_pciephy2_div_clk           0            0   100000000          0 0  
                      optfclk_pciephy1_div_clk           0            0   100000000          0 0  
       sys_clk32_pseudo_ck                1            1       32786          0 0  
          sys_32k_ck                      3           19       32786          0 0  
             timer1_gfclk_mux             1            1       32786          0 0  
             gpio1_dbclk                  0            2       32786          0 0  
             atl_dpll_clk_mux             0            0       32786          0 0  
             usb_phy3_always_on_clk32k           1            1       32786          0 0  
             usb_phy2_always_on_clk32k           0            1       32786          0 0  
             usb_phy1_always_on_clk32k           1            1       32786          0 0  
             mmc4_clk32k                  0            1       32786          0 0  
             mmc3_clk32k                  0            1       32786          0 0  
             mmc2_clk32k                  0            1       32786          0 0  
             mmc1_clk32k                  0            1       32786          0 0  
             gpio8_dbclk                  0            2       32786          0 0  
             gpio7_dbclk                  0            2       32786          0 0  
             gpio6_dbclk                  0            2       32786          0 0  
             gpio5_dbclk                  0            2       32786          0 0  
             gpio4_dbclk                  0            2       32786          0 0  
             gpio3_dbclk                  0            2       32786          0 0  
             gpio2_dbclk                  0            2       32786          0 0  
             dss_32khz_clk                0            1       32786          0 0  
             optfclk_pciephy2_32khz           0            0       32786          0 0  
             optfclk_pciephy1_32khz           0            0       32786          0 0  
       dcan1_sys_clk_mux                  0            1    20000000          0 0  
       video2_dpll_clk_mux                0            1    20000000          0 0  
          dss_video2_clk                  0            1    20000000          0 0  
       video1_dpll_clk_mux                0            1    20000000          0 0  
          dss_video1_clk                  0            1    20000000          0 0  
       timer_sys_clk_div                  0           14    20000000          0 0  
          timer9_gfclk_mux                0            1    20000000          0 0  
          timer4_gfclk_mux                0            1    20000000          0 0  
          timer3_gfclk_mux                0            1    20000000          0 0  
          timer2_gfclk_mux                0            1    20000000          0 0  
          timer16_gfclk_mux               0            1    20000000          0 0  
          timer15_gfclk_mux               0            1    20000000          0 0  
          timer14_gfclk_mux               0            1    20000000          0 0  
          timer13_gfclk_mux               0            1    20000000          0 0  
          timer11_gfclk_mux               0            1    20000000          0 0  
          timer10_gfclk_mux               0            1    20000000          0 0  
          timer8_gfclk_mux                0            1    20000000          0 0  
          timer7_gfclk_mux                0            1    20000000          0 0  
          timer6_gfclk_mux                0            1    20000000          0 0  
          timer5_gfclk_mux                0            1    20000000          0 0  
       hdmi_dpll_clk_mux                  0            1    20000000          0 0  
          dss_hdmi_clk                    0            2    20000000          0 0  
       custefuse_sys_gfclk_div            0            0    10000000          0 0  
       emu_dclk_div                       0            0    20000000          0 0  
       sata_dclk_div                      0            0    20000000          0 0  
       sys_clk1_dclk_div                  0            0    20000000          0 0  
          clkoutmux2_clk_mux              0            0    20000000          0 0  
             clkout2_clk                  0            0    20000000          0 0  
          clkoutmux1_clk_mux              0            0    20000000          0 0  
          clkoutmux0_clk_mux              0            0    20000000          0 0  
       abe_sys_clk_div                    0            0    20000000          0 0  
       abe_dpll_sys_clk_mux               0            1    20000000          0 0  
          abe_dpll_clk_mux                0            0    20000000          0 0  
          abe_dpll_bypass_clk_mux           0            1    20000000          0 0  
             dpll_abe_ck                  0            2    20000000          0 0  
                dpll_abe_m2_ck            0            1    20000000          0 0  
                   per_abe_x1_gfclk2_div           0            8    20000000          0 0  
                      mcasp8_aux_gfclk_mux           0            1    20000000          0 0  
                      mcasp7_aux_gfclk_mux           0            1    20000000          0 0  
                      mcasp6_aux_gfclk_mux           0            1    20000000          0 0  
                      mcasp5_aux_gfclk_mux           0            1    20000000          0 0  
                      mcasp4_aux_gfclk_mux           0            1    20000000          0 0  
                      mcasp3_aux_gfclk_mux           0            1    20000000          0 0  
                      mcasp2_aux_gfclk_mux           0            1    20000000          0 0  
                      mcasp1_aux_gfclk_mux           0            1    20000000          0 0  
                   per_abe_x1_dclk_div           0            0    20000000          0 0  
                dpll_abe_x2_ck            0            1    20000000          0 0  
                   dpll_abe_m3x2_ck           0            0    20000000          0 0  
                      usb_dpll_hs_clk_div           0            0     6666666          0 0  
                      per_dpll_hs_clk_div           0            0    10000000          0 0  
                   dpll_abe_m2x2_ck           0            1    20000000          0 0  
                      abe_lp_clk_div           0            0     1250000          0 0  
                      abe_24m_fclk           0           10     2500000          0 0  
                         mcasp8_ahclkx_mux           0            1     2500000          0 0  
                         mcasp7_ahclkx_mux           0            1     2500000          0 0  
                         mcasp6_ahclkx_mux           0            1     2500000          0 0  
                         mcasp5_ahclkx_mux           0            1     2500000          0 0  
                         mcasp4_ahclkx_mux           0            1     2500000          0 0  
                         mcasp3_ahclkx_mux           0            1     2500000          0 0  
                         mcasp2_ahclkx_mux           0            1     2500000          0 0  
                         mcasp2_ahclkr_mux           0            1     2500000          0 0  
                         mcasp1_ahclkx_mux           0            1     2500000          0 0  
                         mcasp1_ahclkr_mux           0            1     2500000          0 0  
                      ipu1_gfclk_mux           0            0    20000000          0 0  
                      abe_clk             0            0    20000000          0 0  
                         aess_fclk           0            0    20000000          0 0  
                            abe_giclk_div           0            0    20000000          0 0  
 virt_19200000_ck                         0            0    19200000          0 0  
 virt_16800000_ck                         0            0    16800000          0 0  
 virt_13000000_ck                         0            0    13000000          0 0  
 virt_12000000_ck                         0            0    12000000          0 0  
 sys_clk32_crystal_ck                     0            0       32768          0 0  
 secure_32k_clk_src_ck                    0            1       32768          0 0  
    secure_32k_dclk_div                   0            0       32768          0 0  
 sdvenc_clkin_ck                          0            0           0          0 0  
 rmii_clk_ck                              0            0           0          0 0  
 ref_clkin3_ck                            0            0           0          0 0  
 ref_clkin2_ck                            0            0           0          0 0  
 ref_clkin1_ck                            0            0           0          0 0  
 ref_clkin0_ck                            0            0           0          0 0  
 pciesref_acs_clk_ck                      0            0   100000000          0 0  
 mlbp_clkin_ck                            0            0           0          0 0  
    mlbp_clk                              0            0           0          0 0  
 mlb_clkin_ck                             0            0           0          0 0  
    mlb_clk                               0            0           0          0 0  
 hdmi_clkin_ck                            0            0           0          0 0  
    hdmi_div_clk                          0            0           0          0 0  
    hdmi_clk2_div                         0            0           0          0 0  
    hdmi_dclk_div                         0            0           0          0 0  
=======
Available frequencies
=======
===== ERR ==
/cpus/cpu@0 missing clock-frequency property
/cpus/cpu@1 missing clock-frequency property
omap_hwmod: epwmss0: no dt node
omap_hwmod: epwmss1: no dt node
omap_hwmod: epwmss2: no dt node
omap_voltage_late_init: Voltage driver support not added
sd 1:0:0:0: [sda] No Caching mode page found
sd 1:0:0:0: [sda] Assuming drive cache: write through
udevd[135]: starting version 182
=====
===== WARN ==
omap_hwmod: l3_main_2 using broken dt data from ocp
------------[ cut here ]------------
WARNING: CPU: 0 PID: 1 at arch/arm/mach-omap2/omap_hwmod.c:2497 _init+0x1f0/0x418
omap_hwmod: epwmss0: doesn't have mpu register target base
Modules linked in:
CPU: 0 PID: 1 Comm: swapper/0 Not tainted 4.7.0-rc6-00002-g1bdb3fd18072 #1
Hardware name: Generic DRA74X (Flattened Device Tree)
[<c0310468>] (unwind_backtrace) from [<c030bb5c>] (show_stack+0x10/0x14)
[<c030bb5c>] (show_stack) from [<c058f1b4>] (dump_stack+0x98/0xac)
[<c058f1b4>] (dump_stack) from [<c0341bc8>] (__warn+0xe8/0x100)
[<c0341bc8>] (__warn) from [<c0341c18>] (warn_slowpath_fmt+0x38/0x48)
[<c0341c18>] (warn_slowpath_fmt) from [<c1113b88>] (_init+0x1f0/0x418)
[<c1113b88>] (_init) from [<c032840c>] (omap_hwmod_for_each+0x38/0x60)
[<c032840c>] (omap_hwmod_for_each) from [<c11140f4>] (__omap_hwmod_setup_all+0x28/0x40)
[<c11140f4>] (__omap_hwmod_setup_all) from [<c0301ec0>] (do_one_initcall+0x40/0x174)
[<c0301ec0>] (do_one_initcall) from [<c1100db8>] (kernel_init_freeable+0x15c/0x1fc)
[<c1100db8>] (kernel_init_freeable) from [<c0b7e37c>] (kernel_init+0x8/0x114)
[<c0b7e37c>] (kernel_init) from [<c0307ef8>] (ret_from_fork+0x14/0x3c)
---[ end trace e4237c6ae2c9c966 ]---
------------[ cut here ]------------
WARNING: CPU: 0 PID: 1 at arch/arm/mach-omap2/omap_hwmod.c:2497 _init+0x1f0/0x418
omap_hwmod: epwmss1: doesn't have mpu register target base
Modules linked in:
CPU: 0 PID: 1 Comm: swapper/0 Tainted: G        W       4.7.0-rc6-00002-g1bdb3fd18072 #1
Hardware name: Generic DRA74X (Flattened Device Tree)
[<c0310468>] (unwind_backtrace) from [<c030bb5c>] (show_stack+0x10/0x14)
[<c030bb5c>] (show_stack) from [<c058f1b4>] (dump_stack+0x98/0xac)
[<c058f1b4>] (dump_stack) from [<c0341bc8>] (__warn+0xe8/0x100)
[<c0341bc8>] (__warn) from [<c0341c18>] (warn_slowpath_fmt+0x38/0x48)
[<c0341c18>] (warn_slowpath_fmt) from [<c1113b88>] (_init+0x1f0/0x418)
[<c1113b88>] (_init) from [<c032840c>] (omap_hwmod_for_each+0x38/0x60)
[<c032840c>] (omap_hwmod_for_each) from [<c11140f4>] (__omap_hwmod_setup_all+0x28/0x40)
[<c11140f4>] (__omap_hwmod_setup_all) from [<c0301ec0>] (do_one_initcall+0x40/0x174)
[<c0301ec0>] (do_one_initcall) from [<c1100db8>] (kernel_init_freeable+0x15c/0x1fc)
[<c1100db8>] (kernel_init_freeable) from [<c0b7e37c>] (kernel_init+0x8/0x114)
[<c0b7e37c>] (kernel_init) from [<c0307ef8>] (ret_from_fork+0x14/0x3c)
---[ end trace e4237c6ae2c9c967 ]---
------------[ cut here ]------------
WARNING: CPU: 0 PID: 1 at arch/arm/mach-omap2/omap_hwmod.c:2497 _init+0x1f0/0x418
omap_hwmod: epwmss2: doesn't have mpu register target base
Modules linked in:
CPU: 0 PID: 1 Comm: swapper/0 Tainted: G        W       4.7.0-rc6-00002-g1bdb3fd18072 #1
Hardware name: Generic DRA74X (Flattened Device Tree)
[<c0310468>] (unwind_backtrace) from [<c030bb5c>] (show_stack+0x10/0x14)
[<c030bb5c>] (show_stack) from [<c058f1b4>] (dump_stack+0x98/0xac)
[<c058f1b4>] (dump_stack) from [<c0341bc8>] (__warn+0xe8/0x100)
[<c0341bc8>] (__warn) from [<c0341c18>] (warn_slowpath_fmt+0x38/0x48)
[<c0341c18>] (warn_slowpath_fmt) from [<c1113b88>] (_init+0x1f0/0x418)
[<c1113b88>] (_init) from [<c032840c>] (omap_hwmod_for_each+0x38/0x60)
[<c032840c>] (omap_hwmod_for_each) from [<c11140f4>] (__omap_hwmod_setup_all+0x28/0x40)
[<c11140f4>] (__omap_hwmod_setup_all) from [<c0301ec0>] (do_one_initcall+0x40/0x174)
[<c0301ec0>] (do_one_initcall) from [<c1100db8>] (kernel_init_freeable+0x15c/0x1fc)
[<c1100db8>] (kernel_init_freeable) from [<c0b7e37c>] (kernel_init+0x8/0x114)
[<c0b7e37c>] (kernel_init) from [<c0307ef8>] (ret_from_fork+0x14/0x3c)
---[ end trace e4237c6ae2c9c968 ]---
irq: no irq domain found for /ocp/l4@4a000000/scm@2000/pinmux@1400 !
omap4_sram_init:Unable to allocate sram needed to handle errata I688
omap4_sram_init:Unable to get sram pool needed to handle errata I688
workingset: timestamp_bits=28 max_order=19 bucket_order=0
rtc-ds1307 2-006f: SET TIME!
mmc0: host does not support reading read-only switch, assuming write-enable
FAT-fs (sda1): Volume was not properly unmounted. Some data may be corrupt. Please run fsck.
FAT-fs (mmcblk0p1): Volume was not properly unmounted. Some data may be corrupt. Please run fsck.
FAT-fs (mmcblk0p3): Volume was not properly unmounted. Some data may be corrupt. Please run fsck.
FAT-fs (mmcblk1p2): Volume was not properly unmounted. Some data may be corrupt. Please run fsck.
FAT-fs (mmcblk1p1): Volume was not properly unmounted. Some data may be corrupt. Please run fsck.
=====
SUMMARY RESULT: BOOT: PASS: Hello World Board Booted Boot Log has:::: err=9 warn=66:
root@am57xx-evm:/test# cat stderr.log
- 08:23:26 [INFO] Host: cat result.log
- 08:23:28 [ERROR] On command: cat result.log waiting for cat result.log.+?(?m-ix:^1[\0\n\r]+) >>> error: execution expired
- 08:23:28 [INFO] Target: 
               cp /dev/kmsg $TMPF
root@am57xx-evm:/test# cat result.log
root@am57xx-evm:/test# 
- 08:23:28 [INFO] Host: cd /test
- 08:23:28 [INFO] Target: 
cd /test
root@am57xx-evm:/test# 
URL:gtsystest.telogy.design.ti.com/vatf/tigtfarm03/tigtfarm03_vatf@am57xx-evm1/tigtfarm0307_04_2016_08_22_14/files/session_iteration_1/test_1
