- 03:01:46 [INFO] Starting target session
- 03:01:47 [INFO] Connected to am57xx-evm via serial 
- 03:01:47 [INFO] Host: #check prompt
- 03:01:50 [ERROR] On command: #check prompt waiting for #check prompt.+?(?-mix:((?-mix:login:)|[Pp]assword)) >>> error: execution expired
- 03:01:50 [INFO] Target: 
#check prompt
root@am57xx-evm:~# 
- 03:01:50 [INFO] Host: #check prompt
- 03:01:50 [INFO] Target: 
#check prompt
root@am57xx-evm:~# 
- 03:01:50 [INFO] Host: sync;poweroff
- 03:02:19 [INFO] Target: 
sync;poweroff
[[0;32m  OK  [0m] Stopped Create Static Device Nodes in /dev.
[[0;32m  OK  [0m] Stopped target Local File Systems.
[[0;32m  OK  [0m] Stopped target System Time Synchronized.
[[0;32m  OK  [0m] Stopped Synchronize System and HW clocks.
         Stopping Network Time Synchronization...
         Stopping User Manager for UID 0...
[[0;32m  OK  [0m] Stopped target Multi-User System.
         Stopping Telephony service...
         Stopping System Logging Service...
[[0;32m  OK  [0m] Closed Load/Save RF Kill Switch Status /dev/rfkill Watch.
         Stopping Update UTMP about System Boot/Shutdown...
[[0;32m  OK  [0m] Stopped target Sound Card.
         Unmounting /var/volatile...
         Unmounting /run/media/mmcblk0p3...
         Unmounting /run/media/mmcblk1p3...
         Stopping Network Name Resolution...
         Unmounting /run/media/sda1...
         Stopping thermal-zone-init.service...
         Stopping Session c1 of user root.
         Unmounting /run/media/mmcblk1p1...
         Stopping Kernel Logging Service...
         Unmounting /media/ram...
         Stopping strongSwan IPsec IKEv1/IKEv2 daemon using ipsec.conf...
         Unmounting /run/media/mmcblk1p2...
         Stopping Load/Save Screen Backlight...htness of backlight:backlight...
[[0;32m  OK  [0m] Stopped target Timers.
[[0;32m  OK  [0m] Stopped Daily Cleanup of Temporary Directories.
[[0;32m  OK  [0m] Stopped target Login Prompts.
         Stopping Getty on tty1...
         Stopping Serial Getty on ttyS2...
         Stopping Lightning Fast Webserver With Light System Requirements...
         Unmounting /run/user/0...
         Unmounting /run/media/mmcblk0p2...
         Unmounting /run/media/mmcblk0p1...
         Stopping Avahi mDNS/DNS-SD Stack...
[[0;32m  OK  [0m] Stopped Telephony service.
[[0;32m  OK  [0m] Stopped System Logging Service.
[[0;32m  OK  [0m] Stopped strongSwan IPsec IKEv1/IKEv2 daemon using ipsec.conf.
[[0;32m  OK  [0m] Stopped Kernel Logging Service.
[[0;32m  OK  [0m] Stopped Avahi mDNS/DNS-SD Stack.
[[0;32m  OK  [0m] Stopped Getty on tty1.
[[0;32m  OK  [0m] Stopped Serial Getty on ttyS2.
[[0;32m  OK  [0m] Stopped Network Name Resolution.
[[0;32m  OK  [0m] Stopped Lightning Fast Webserver With Light System Requirements.
[[0;32m  OK  [0m] Stopped User Manager for UID 0.
[[0;1;31mFAILED[0m] Failed unmounting /var/volatile.
[[0;32m  OK  [0m] Unmounted /run/media/mmcblk0p3.
[[0;32m  OK  [0m] Unmounted /run/media/mmcblk1p3.
[[0;32m  OK  [0m] Unmounted /run/media/sda1.
[[0;32m  OK  [0m] Stopped thermal-zone-init.service.
[[0;32m  OK  [0m] Unmounted /run/media/mmcblk1p1.
[[0;32m  OK  [0m] Stopped Session c1 of user root.
[[0;32m  OK  [0m] Unmounted /media/ram.
[[0;32m  OK  [0m] Unmounted /run/media/mmcblk1p2.
[[0;32m  OK  [0m] Stopped Load/Save Screen Backlight Brightness of backlight:backlight.
[[0;32m  OK  [0m] Unmounted /run/user/0.
[[0;32m  OK  [0m] Unmounted /run/media/mmcblk0p2.
[[0;32m  OK  [0m] Unmounted /run/media/mmcblk0p1.
[[0;32m  OK  [0m] Stopped Update UTMP about System Boot/Shutdown.
[[0;32m  OK  [0m] Removed slice system-systemd\x2dbacklight.slice.
         Stopping matrix-gui-2.0.service...
[[0;32m  OK  [0m] Removed slice User Slice of root.
         Stopping Login Service...
[[0;32m  OK  [0m] Stopped target Network.
         Stopping Network Service...
[[0;32m  OK  [0m] Removed slice system-serial\x2dgetty.slice.
         Stopping Permit User Sessions...
[[0;32m  OK  [0m] Removed slice system-getty.slice.
[[0;32m  OK  [0m] Stopped Login Service.
[[0;32m  OK  [0m] Stopped Network Service.
[[0;32m  OK  [0m] Stopped matrix-gui-2.0.service.
[[0;32m  OK  [0m] Stopped Permit User Sessions.
         Stopping gdbserverproxy.service...
         Stopping D-Bus System Message Bus...
[[0;32m  OK  [0m] Stopped Apply Kernel Variables.
[[0;32m  OK  [0m] Stopped D-Bus System Message Bus.
[[0;32m  OK  [0m] Stopped gdbserverproxy.service.
         Stopping rng-tools.service...
[[0;32m  OK  [0m] Stopped rng-tools.service.
         Stopping thttpd.service...
[[0;32m  OK  [0m] Stopped thttpd.service.
         Stopping telnetd.service...
         Stopping tiipclad-daemon.service...
[[0;32m  OK  [0m] Stopped telnetd.service.
[[0;32m  OK  [0m] Stopped tiipclad-daemon.service.
         Stopping weston.service...
[[0;32m  OK  [0m] Stopped weston.service.
         Stopping rc.pvr.service...
[[0;32m  OK  [0m] Stopped target Remote File Systems.
[[0;32m  OK  [0m] Stopped rc.pvr.service.
         Stopping uim-sysfs.service...
[[0;32m  OK  [0m] Stopped uim-sysfs.service.
[[0;32m  OK  [0m] Stopped target Basic System.
[[0;32m  OK  [0m] Stopped target Slices.
[[0;32m  OK  [0m] Removed slice User and Session Slice.
[[0;32m  OK  [0m] Stopped target Paths.
[[0;32m  OK  [0m] Stopped Forward Password Requests to Wall Directory Watch.
[[0;32m  OK  [0m] Stopped Dispatch Password Requests to Console Directory Watch.
[[0;32m  OK  [0m] Stopped target Sockets.
[[0;32m  OK  [0m] Closed RPCbind Server Activation Socket.
[[0;32m  OK  [0m] Closed D-Bus System Message Bus Socket.
[[0;32m  OK  [0m] Closed Syslog Socket.
[[0;32m  OK  [0m] Closed Avahi mDNS/DNS-SD Stack Activation Socket.
[[0;32m  OK  [0m] Closed dropbear.socket.
[   [0;31m*[0;1;31m*[0m[0;31m*[0m] A stop job is running for Network T...Synchronization (10s / 1min 30s)
[K[    [0;31m*[0;1;31m*[0m] A stop job is running for Network T...Synchronization (10s / 1min 30s)
[K[     [0;31m*[0m] A stop job is running for Network T...Synchronization (11s / 1min 30s)
[K[    [0;31m*[0;1;31m*[0m] A stop job is running for Network T...Synchronization (11s / 1min 30s)
[K[   [0;31m*[0;1;31m*[0m[0;31m*[0m] A stop job is running for Network T...Synchronization (12s / 1min 30s)
[K[  [0;31m*[0;1;31m*[0m[0;31m* [0m] A stop job is running for Network T...Synchronization (12s / 1min 30s)
[K[ [0;31m*[0;1;31m*[0m[0;31m*  [0m] A stop job is running for Network T...Synchronization (13s / 1min 30s)
[K[[0;31m*[0;1;31m*[0m[0;31m*   [0m] A stop job is running for Network T...Synchronization (13s / 1min 30s)
[K[[0;1;31m*[0m[0;31m*    [0m] A stop job is running for Network T...Synchronization (14s / 1min 30s)
[K[[0m[0;31m*     [0m] A stop job is running for Network T...Synchronization (14s / 1min 30s)
[K[[0;1;31m*[0m[0;31m*    [0m] A stop job is running for Network T...Synchronization (15s / 1min 30s)
[K[[0;31m*[0;1;31m*[0m[0;31m*   [0m] A stop job is running for Network T...Synchronization (15s / 1min 30s)
[K[ [0;31m*[0;1;31m*[0m[0;31m*  [0m] A stop job is running for Network T...Synchronization (16s / 1min 30s)
[K[  [0;31m*[0;1;31m*[0m[0;31m* [0m] A stop job is running for Network T...Synchronization (16s / 1min 30s)
[K[   [0;31m*[0;1;31m*[0m[0;31m*[0m] A stop job is running for Network T...Synchronization (17s / 1min 30s)
[K[    [0;31m*[0;1;31m*[0m] A stop job is running for Network T...Synchronization (17s / 1min 30s)
[K[     [0;31m*[0m] A stop job is running for Network T...Synchronization (18s / 1min 30s)
[K[[0;32m  OK  [0m] Stopped Network Time Synchronization.
[[0;32m  OK  [0m] Stopped Remount Root and Kernel File Systems.
[[0;32m  OK  [0m] Reached target Shutdown.
[ 2257.908809] systemd-shutdown[1]: Sending SIGTERM to remaining processes...
[ 2257.951419] systemd-journald[211]: Received SIGTERM from PID 1 (systemd-shutdow).
[ 2267.968544] systemd-shutdown[1]: Sending SIGKILL to remaining processes...
[ 2268.004368] systemd-shutdown[1]: Sending SIGKILL to PID 1348 (rngd).
[ 2268.016346] systemd-shutdown[1]: Unmounting file systems.
[ 2268.022308] systemd-shutdown[1]: Remounting '/var/volatile' read-only with options 'size=51200k'.
[ 2268.031325] systemd-shutdown[1]: Unmounting /var/volatile.
[ 2268.068690] systemd-shutdown[1]: Remounting '/tmp' read-only with options ''.
[ 2268.075902] systemd-shutdown[1]: Unmounting /tmp.
[ 2268.129238] systemd-shutdown[1]: Remounting '/' read-only with options 'vers=3,rsize=4096,wsize=4096,namlen=255,hard,nolock,proto=tcp,timeo=600,retrans=2,sec=sys,mountaddr=192.168.0.1,mountvers=3,mountproto=tcp,local_lock=all,addr=192.168.0.1'.
[ 2268.191937] systemd-shutdown[1]: Remounting '/' read-only with options 'vers=3,rsize=4096,wsize=4096,namlen=255,hard,nolock,proto=tcp,timeo=600,retrans=2,sec=sys,mountaddr=192.168.0.1,mountvers=3,mountproto=tcp,local_lock=all,addr=192.168.0.1'.
[ 2268.218404] systemd-shutdown[1]: Remounting '/' read-only with options 'vers=3,rsize=4096,wsize=4096,namlen=255,hard,nolock,proto=tcp,timeo=600,retrans=2,sec=sys,mountaddr=192.168.0.1,mountvers=3,mountproto=tcp,local_lock=all,addr=192.168.0.1'.
[ 2268.241361] systemd-shutdown[1]: All filesystems unmounted.
[ 2268.246965] systemd-shutdown[1]: Deactivating swaps.
[ 2268.252151] systemd-shutdown[1]: All swaps deactivated.
[ 2268.257407] systemd-shutdown[1]: Detaching loop devices.
[ 2268.268009] systemd-shutdown[1]: All loop devices detached.
[ 2268.273619] systemd-shutdown[1]: Detaching DM devices.
[ 2268.279399] systemd-shutdown[1]: All DM devices detached.
[ 2268.286858] systemd-shutdown[1]: Powering off.
[ 2268.325904] reboot: Power down
- 03:02:19 [INFO] Disconnected serial from am57xx-evm
- 03:02:25 [INFO] Connected to am57xx-evm via serial 
- 03:02:25 [INFO] Host: 
- 03:02:25 [INFO] Target: 
 uboot.env
SCSI:  Target spinup took 0 ms.
AHCI 0001.0300 32 slots 1 ports 3 Gbps 0x1 impl SATA mode
flags: 64bit ncq stag pm led clo only pmp pio slum part ccc apst 
scanning bus for devices...
ERROR: v7_dcache_inval_range - start address is not aligned - 0xfffbac0c
ERROR: v7_dcache_inval_range - stop address is not aligned - 0xfffbb40c
** First descriptor is NOT a primary desc on 0:1 **
  Device 0: (0:0) Vendor: ATA Prod.: Samsung SSD 850 Rev: EMT0
            Type: Hard Disk
            Capacity: 114473.4 MB = 111.7 GB (234441648 x 512)
Found 1 device(s).
Net:   
Warning: ethernet@48484000 using MAC address from ROM
eth0: ethernet@48484000
Hit any key to stop autoboot:  2  0 
=>  
=>  
=>  
- 03:02:25 [INFO] Host: 
- 03:02:25 [INFO] Target: 
- 03:02:25 [INFO] Host: version
- 03:02:25 [INFO] Target: 
version
U-Boot 2016.05-g89316b5692 (Dec 16 2016 - 18:51:09 -0500)
arm-linux-gnueabihf-gcc (Linaro GCC 5.3-2016.02) 5.3.1 20160113
GNU ld (GNU Binutils) 2.25.0 Linaro 2015_10
- 03:02:25 [INFO] Host: setenv bootargs 'console=ttyO2,115200n8  earlyprintk=serial,ttyO2,115200n8 rootwait '
- 03:02:25 [INFO] Target: 
setenv bootargs 'console=ttyO2,115200n8  earlyprintk=serial,ttyO2,115200n8 rootwait '
- 03:02:25 [INFO] Host: setenv bootcmd  ''
- 03:02:25 [INFO] Target: 
setenv bootcmd  ''
- 03:02:25 [INFO] Host: setenv autoload 'no'
- 03:02:26 [INFO] Target: 
setenv autoload 'no'
- 03:02:26 [INFO] Host: setenv serverip '192.168.0.1'
- 03:02:26 [INFO] Target: 
setenv serverip '192.168.0.1'
- 03:02:26 [INFO] Host: setenv _initramfs -
- 03:02:26 [INFO] Target: 
setenv _initramfs -
- 03:02:26 [INFO] Host: printenv
- 03:02:26 [INFO] Target: 
printenv
_initramfs=-
arch=arm
args_fit=setenv bootargs console=${console} 
args_mmc=run finduuid;setenv bootargs console=${console} ${optargs} root=PARTUUID=${uuid} rw rootfstype=${mmcrootfstype}
autoload=no
baudrate=115200
board=am57xx
board_name=am57xx_evm_reva3
board_rev=A.30
board_serial=07164P550064
boot_fdt=try
boot_fit=0
bootargs=console=ttyO2,115200n8  earlyprintk=serial,ttyO2,115200n8 rootwait 
bootcmd=
bootdelay=2
bootdir=/boot
bootenvfile=uEnv.txt
bootfile=zImage
bootm_size=0x10000000
bootpart=0:2
bootscript=echo Running bootscript from mmc${mmcdev} ...; source ${loadaddr}
console=ttyO2,115200n8
cpu=armv7
dfu_alt_info_emmc=rawemmc raw 0 3751936;boot part 1 1;rootfs part 1 2;MLO fat 1 1;MLO.raw raw 0x100 0x100;u-boot.img.raw raw 0x300 0x400;spl-os-args.raw raw 0x80 0x80;spl-os-image.raw raw 0x900 0x2000;spl-os-args fat 1 1;spl-os-image fat 1 1;u-boot.img fat 1 1;uEnv.txt fat 1 1
dfu_alt_info_mmc=boot part 0 1;rootfs part 0 2;MLO fat 0 1;MLO.raw raw 0x100 0x100;u-boot.img.raw raw 0x300 0x400;spl-os-args.raw raw 0x80 0x80;spl-os-image.raw raw 0x900 0x2000;spl-os-args fat 0 1;spl-os-image fat 0 1;u-boot.img fat 0 1;uEnv.txt fat 0 1
dfu_alt_info_qspi=MLO raw 0x0 0x040000;u-boot.img raw 0x040000 0x0100000;u-boot-spl-os raw 0x140000 0x080000;u-boot-env raw 0x1C0000 0x010000;u-boot-env.backup raw 0x1D0000 0x010000;kernel raw 0x1E0000 0x800000
dfu_alt_info_ram=kernel ram 0x80200000 0x4000000;fdt ram 0x80f80000 0x80000;ramdisk ram 0x81000000 0x4000000
dfu_bufsiz=0x10000
dofastboot=0
envboot=mmc dev ${mmcdev}; if mmc rescan; then echo SD/MMC found on device ${mmcdev};if run loadbootscript; then run bootscript;else if run loadbootenv; then echo Loaded env from ${bootenvfile};run importbootenv;fi;if test -n $uenvcmd; then echo Running uenvcmd ...;run uenvcmd;fi;fi;fi;
ethaddr=a0:f6:fd:a4:01:7e
fdt_addr_r=0x88000000
fdtaddr=0x88000000
fdtcontroladdr=fef22fd8
fdtfile=undefined
findfdt=if test $board_name = omap5_uevm; then setenv fdtfile omap5-uevm.dtb; fi; if test $board_name = dra7xx; then setenv fdtfile dra7-evm.dtb; fi;if test $board_name = dra72x-revc; then setenv fdtfile dra72-evm-revc.dtb; fi;if test $board_name = dra72x; then setenv fdtfile dra72-evm.dtb; fi;if test $board_name = dra71x; then setenv fdtfile dra71-evm.dtb; fi;if test $board_name = beagle_x15; then setenv fdtfile am57xx-beagle-x15.dtb; fi;if test $board_name = beagle_x15_revb1; then setenv fdtfile am57xx-beagle-x15-revb1.dtb; fi;if test $board_name = am57xx_evm; then setenv fdtfile am57xx-evm.dtb; fi;if test $board_name = am57xx_evm_reva3; then setenv fdtfile am57xx-evm-reva3.dtb; fi;if test $board_name = am572x_idk && test $idk_lcd = no; then setenv fdtfile am572x-idk.dtb; fi;if test $board_name = am572x_idk && test $idk_lcd = osd101t2045; then setenv fdtfile am572x-idk-lcd-osd.dtb; fi;if test $board_name = am572x_idk && test $idk_lcd = osd101t2587; then setenv fdtfile am572x-idk-lcd-osd101t2587.dtb; fi;if test $board_name = am571x_idk && test $idk_lcd = no; then setenv fdtfile am571x-idk.dtb; fi;if test $board_name = am571x_idk && test $idk_lcd = osd101t2045; then setenv fdtfile am571x-idk-lcd-osd.dtb; fi;if test $board_name = am571x_idk && test $idk_lcd = osd101t2587; then setenv fdtfile am571x-idk-lcd-osd101t2587.dtb; fi;if test $fdtfile = undefined; then echo WARNING: Could not determine device tree to use; fi; 
finduuid=part uuid mmc ${bootpart} uuid
fit_bootfile=fitImage.itb
fit_loadaddr=0x88000000
importbootenv=echo Importing environment from mmc${mmcdev} ...; env import -t ${loadaddr} ${filesize}
kernel_addr_r=0x82000000
loadaddr=0x82000000
loadbootenv=fatload mmc ${mmcdev} ${loadaddr} ${bootenvfile}
loadbootscript=load mmc ${mmcdev} ${loadaddr} boot.scr
loadfdt=load ${devtype} ${bootpart} ${fdtaddr} ${bootdir}/${fdtfile}
loadfit=run args_fit; bootm ${loadaddr}#${fdtfile};
loadimage=load ${devtype} ${bootpart} ${loadaddr} ${bootdir}/${bootfile}
mmcboot=mmc dev ${mmcdev}; setenv devnum ${mmcdev}; setenv devtype mmc; if mmc rescan; then echo SD/MMC found on device ${mmcdev};if run loadimage; then if test ${boot_fit} -eq 1; then run loadfit; else run mmcloados;fi;fi;fi;
mmcdev=0
mmcloados=run args_mmc; if test ${boot_fdt} = yes || test ${boot_fdt} = try; then if run loadfdt; then bootz ${loadaddr} - ${fdtaddr}; else if test ${boot_fdt} = try; then bootz; else echo WARN: Cannot load the DT; fi; fi; else bootz; fi;
mmcrootfstype=ext4 rootwait
netargs=setenv bootargs console=${console} ${optargs} root=/dev/nfs nfsroot=${serverip}:${rootpath},${nfsopts} rw ip=dhcp
netboot=echo Booting from network ...; setenv autoload no; dhcp; run netloadimage; run netloadfdt; run netargs; bootz ${loadaddr} - ${fdtaddr}
netloadfdt=tftp ${fdtaddr} ${fdtfile}
netloadimage=tftp ${loadaddr} ${bootfile}
nfsopts=nolock
partitions=uuid_disk=${uuid_gpt_disk};name=rootfs,start=2MiB,size=-,uuid=${uuid_gpt_rootfs}
pxefile_addr_r=0x80100000
ramdisk_addr_r=0x88080000
rdaddr=0x88080000
rootpath=/export/rootfs
scriptaddr=0x80000000
scsidevs=1
serverip=192.168.0.1
soc=omap5
static_ip=${ipaddr}:${serverip}:${gatewayip}:${netmask}:${hostname}::off
stderr=serial@48020000
stdin=serial@48020000
stdout=serial@48020000
update_to_fit=setenv loadaddr ${fit_loadaddr}; setenv bootfile ${fit_bootfile}
usbtty=cdc_acm
vendor=ti
ver=U-Boot 2016.05-g89316b5692 (Dec 16 2016 - 18:51:09 -0500)
vram=16M
Environment size: 5464/65532 bytes
- 03:02:26 [INFO] Host: printenv
- 03:02:27 [INFO] Target: 
printenv
_initramfs=-
arch=arm
args_fit=setenv bootargs console=${console} 
args_mmc=run finduuid;setenv bootargs console=${console} ${optargs} root=PARTUUID=${uuid} rw rootfstype=${mmcrootfstype}
autoload=no
baudrate=115200
board=am57xx
board_name=am57xx_evm_reva3
board_rev=A.30
board_serial=07164P550064
boot_fdt=try
boot_fit=0
bootargs=console=ttyO2,115200n8  earlyprintk=serial,ttyO2,115200n8 rootwait 
bootcmd=
bootdelay=2
bootdir=/boot
bootenvfile=uEnv.txt
bootfile=zImage
bootm_size=0x10000000
bootpart=0:2
bootscript=echo Running bootscript from mmc${mmcdev} ...; source ${loadaddr}
console=ttyO2,115200n8
cpu=armv7
dfu_alt_info_emmc=rawemmc raw 0 3751936;boot part 1 1;rootfs part 1 2;MLO fat 1 1;MLO.raw raw 0x100 0x100;u-boot.img.raw raw 0x300 0x400;spl-os-args.raw raw 0x80 0x80;spl-os-image.raw raw 0x900 0x2000;spl-os-args fat 1 1;spl-os-image fat 1 1;u-boot.img fat 1 1;uEnv.txt fat 1 1
dfu_alt_info_mmc=boot part 0 1;rootfs part 0 2;MLO fat 0 1;MLO.raw raw 0x100 0x100;u-boot.img.raw raw 0x300 0x400;spl-os-args.raw raw 0x80 0x80;spl-os-image.raw raw 0x900 0x2000;spl-os-args fat 0 1;spl-os-image fat 0 1;u-boot.img fat 0 1;uEnv.txt fat 0 1
dfu_alt_info_qspi=MLO raw 0x0 0x040000;u-boot.img raw 0x040000 0x0100000;u-boot-spl-os raw 0x140000 0x080000;u-boot-env raw 0x1C0000 0x010000;u-boot-env.backup raw 0x1D0000 0x010000;kernel raw 0x1E0000 0x800000
dfu_alt_info_ram=kernel ram 0x80200000 0x4000000;fdt ram 0x80f80000 0x80000;ramdisk ram 0x81000000 0x4000000
dfu_bufsiz=0x10000
dofastboot=0
envboot=mmc dev ${mmcdev}; if mmc rescan; then echo SD/MMC found on device ${mmcdev};if run loadbootscript; then run bootscript;else if run loadbootenv; then echo Loaded env from ${bootenvfile};run importbootenv;fi;if test -n $uenvcmd; then echo Running uenvcmd ...;run uenvcmd;fi;fi;fi;
ethaddr=a0:f6:fd:a4:01:7e
fdt_addr_r=0x88000000
fdtaddr=0x88000000
fdtcontroladdr=fef22fd8
fdtfile=undefined
findfdt=if test $board_name = omap5_uevm; then setenv fdtfile omap5-uevm.dtb; fi; if test $board_name = dra7xx; then setenv fdtfile dra7-evm.dtb; fi;if test $board_name = dra72x-revc; then setenv fdtfile dra72-evm-revc.dtb; fi;if test $board_name = dra72x; then setenv fdtfile dra72-evm.dtb; fi;if test $board_name = dra71x; then setenv fdtfile dra71-evm.dtb; fi;if test $board_name = beagle_x15; then setenv fdtfile am57xx-beagle-x15.dtb; fi;if test $board_name = beagle_x15_revb1; then setenv fdtfile am57xx-beagle-x15-revb1.dtb; fi;if test $board_name = am57xx_evm; then setenv fdtfile am57xx-evm.dtb; fi;if test $board_name = am57xx_evm_reva3; then setenv fdtfile am57xx-evm-reva3.dtb; fi;if test $board_name = am572x_idk && test $idk_lcd = no; then setenv fdtfile am572x-idk.dtb; fi;if test $board_name = am572x_idk && test $idk_lcd = osd101t2045; then setenv fdtfile am572x-idk-lcd-osd.dtb; fi;if test $board_name = am572x_idk && test $idk_lcd = osd101t2587; then setenv fdtfile am572x-idk-lcd-osd101t2587.dtb; fi;if test $board_name = am571x_idk && test $idk_lcd = no; then setenv fdtfile am571x-idk.dtb; fi;if test $board_name = am571x_idk && test $idk_lcd = osd101t2045; then setenv fdtfile am571x-idk-lcd-osd.dtb; fi;if test $board_name = am571x_idk && test $idk_lcd = osd101t2587; then setenv fdtfile am571x-idk-lcd-osd101t2587.dtb; fi;if test $fdtfile = undefined; then echo WARNING: Could not determine device tree to use; fi; 
finduuid=part uuid mmc ${bootpart} uuid
fit_bootfile=fitImage.itb
fit_loadaddr=0x88000000
importbootenv=echo Importing environment from mmc${mmcdev} ...; env import -t ${loadaddr} ${filesize}
kernel_addr_r=0x82000000
loadaddr=0x82000000
loadbootenv=fatload mmc ${mmcdev} ${loadaddr} ${bootenvfile}
loadbootscript=load mmc ${mmcdev} ${loadaddr} boot.scr
loadfdt=load ${devtype} ${bootpart} ${fdtaddr} ${bootdir}/${fdtfile}
loadfit=run args_fit; bootm ${loadaddr}#${fdtfile};
loadimage=load ${devtype} ${bootpart} ${loadaddr} ${bootdir}/${bootfile}
mmcboot=mmc dev ${mmcdev}; setenv devnum ${mmcdev}; setenv devtype mmc; if mmc rescan; then echo SD/MMC found on device ${mmcdev};if run loadimage; then if test ${boot_fit} -eq 1; then run loadfit; else run mmcloados;fi;fi;fi;
mmcdev=0
mmcloados=run args_mmc; if test ${boot_fdt} = yes || test ${boot_fdt} = try; then if run loadfdt; then bootz ${loadaddr} - ${fdtaddr}; else if test ${boot_fdt} = try; then bootz; else echo WARN: Cannot load the DT; fi; fi; else bootz; fi;
mmcrootfstype=ext4 rootwait
netargs=setenv bootargs console=${console} ${optargs} root=/dev/nfs nfsroot=${serverip}:${rootpath},${nfsopts} rw ip=dhcp
netboot=echo Booting from network ...; setenv autoload no; dhcp; run netloadimage; run netloadfdt; run netargs; bootz ${loadaddr} - ${fdtaddr}
netloadfdt=tftp ${fdtaddr} ${fdtfile}
netloadimage=tftp ${loadaddr} ${bootfile}
nfsopts=nolock
partitions=uuid_disk=${uuid_gpt_disk};name=rootfs,start=2MiB,size=-,uuid=${uuid_gpt_rootfs}
pxefile_addr_r=0x80100000
ramdisk_addr_r=0x88080000
rdaddr=0x88080000
rootpath=/export/rootfs
scriptaddr=0x80000000
scsidevs=1
serverip=192.168.0.1
soc=omap5
static_ip=${ipaddr}:${serverip}:${gatewayip}:${netmask}:${hostname}::off
stderr=serial@48020000
stdin=serial@48020000
stdout=serial@48020000
update_to_fit=setenv loadaddr ${fit_loadaddr}; setenv bootfile ${fit_bootfile}
usbtty=cdc_acm
vendor=ti
ver=U-Boot 2016.05-g89316b5692 (Dec 16 2016 - 18:51:09 -0500)
vram=16M
Environment size: 5464/65532 bytes
- 03:02:27 [INFO] Host: setenv bootargs ''${bootargs}' ip=:::::eth0:dhcp '
- 03:02:27 [INFO] Target: 
setenv bootargs ''${bootargs}' ip=:::::eth0:dhcp '
- 03:02:27 [INFO] Host: setenv serverip '192.168.0.1'
- 03:02:27 [INFO] Target: 
setenv serverip '192.168.0.1'
- 03:02:27 [INFO] Host: setenv autoload 'no'
- 03:02:27 [INFO] Target: 
setenv autoload 'no'
- 03:02:27 [INFO] Host: dhcp
- 03:02:32 [INFO] Target: 
dhcp
ethernet@48484000 Waiting for PHY auto negotiation to complete....... done
link up on port 0, speed 1000, full duplex
BOOTP broadcast 1
BOOTP broadcast 2
BOOTP broadcast 3
DHCP client bound to address 192.168.0.51 (1003 ms)
- 03:02:32 [INFO] Host: tftp ${loadaddr} 192.168.0.1:vatf_am57xx-evm/49497d6e7a13cca02894e50ba0452248
- 03:02:33 [INFO] Target: 
tftp ${loadaddr} 192.168.0.1:vatf_am57xx-evm/49497d6e7a13cca02894e50ba0452248
link up on port 0, speed 1000, full duplex
Using ethernet@48484000 device
TFTP from server 192.168.0.1; our IP address is 192.168.0.51
Filename 'vatf_am57xx-evm/49497d6e7a13cca02894e50ba0452248'.
Load address: 0x82000000
Loading: *#################################################################
	 #################################################################
	 #################################################################
	 #################################################################
	 #################################################################
	 #################################################################
	 #################################################################
	 ##################################
	 9.3 MiB/s
done
Bytes transferred = 7169048 (6d6418 hex)
- 03:02:33 [INFO] Host: tftp ${fdt_addr_r} 192.168.0.1:vatf_am57xx-evm/4198728f80dc756fa3cbf6977eaee6a0
- 03:02:33 [INFO] Target: 
tftp ${fdt_addr_r} 192.168.0.1:vatf_am57xx-evm/4198728f80dc756fa3cbf6977eaee6a0
link up on port 0, speed 1000, full duplex
Using ethernet@48484000 device
TFTP from server 192.168.0.1; our IP address is 192.168.0.51
Filename 'vatf_am57xx-evm/4198728f80dc756fa3cbf6977eaee6a0'.
Load address: 0x88000000
Loading: *######
	 8.2 MiB/s
done
Bytes transferred = 86357 (15155 hex)
- 03:02:33 [INFO] Host: ls mmc 0:1
- 03:02:33 [INFO] Target: 
ls mmc 0:1
    76764   mlo 
   640996   u-boot.img 
        4   ws-calibrate.rules 
    65536   uboot.env 
       33   primary_bootloader.md5 
       33   fs.md5 
6 file(s), 0 dir(s)
- 03:02:33 [INFO] Host: ls mmc 0:2
- 03:02:33 [INFO] Target: 
ls mmc 0:2
<DIR>       4096 .
<DIR>       4096 ..
<DIR>       4096 opt
<DIR>       4096 srv
<DIR>       4096 tmp
<DIR>       4096 run
<DIR>       4096 var
<DIR>       4096 home
<DIR>       4096 etc
<DIR>       4096 sbin
<DIR>       4096 include
<DIR>       4096 usr
<DIR>       4096 sys
<DIR>       4096 lib
<DIR>       4096 media
<DIR>       4096 bin
<DIR>       4096 boot
<DIR>       4096 dev
<DIR>       4096 mnt
<DIR>       4096 proc
<DIR>       4096 www
<DIR>       4096 test
- 03:02:33 [INFO] Host: part uuid mmc 0:2
- 03:02:33 [INFO] Target: 
part uuid mmc 0:2
00000000-02
- 03:02:33 [INFO] Host: printenv
- 03:02:34 [INFO] Target: 
printenv
_initramfs=-
arch=arm
args_fit=setenv bootargs console=${console} 
args_mmc=run finduuid;setenv bootargs console=${console} ${optargs} root=PARTUUID=${uuid} rw rootfstype=${mmcrootfstype}
autoload=no
baudrate=115200
board=am57xx
board_name=am57xx_evm_reva3
board_rev=A.30
board_serial=07164P550064
boot_fdt=try
boot_fit=0
bootargs=console=ttyO2,115200n8  earlyprintk=serial,ttyO2,115200n8 rootwait  ip=:::::eth0:dhcp 
bootcmd=
bootdelay=2
bootdir=/boot
bootenvfile=uEnv.txt
bootfile=zImage
bootm_size=0x10000000
bootpart=0:2
bootscript=echo Running bootscript from mmc${mmcdev} ...; source ${loadaddr}
console=ttyO2,115200n8
cpu=armv7
dfu_alt_info_emmc=rawemmc raw 0 3751936;boot part 1 1;rootfs part 1 2;MLO fat 1 1;MLO.raw raw 0x100 0x100;u-boot.img.raw raw 0x300 0x400;spl-os-args.raw raw 0x80 0x80;spl-os-image.raw raw 0x900 0x2000;spl-os-args fat 1 1;spl-os-image fat 1 1;u-boot.img fat 1 1;uEnv.txt fat 1 1
dfu_alt_info_mmc=boot part 0 1;rootfs part 0 2;MLO fat 0 1;MLO.raw raw 0x100 0x100;u-boot.img.raw raw 0x300 0x400;spl-os-args.raw raw 0x80 0x80;spl-os-image.raw raw 0x900 0x2000;spl-os-args fat 0 1;spl-os-image fat 0 1;u-boot.img fat 0 1;uEnv.txt fat 0 1
dfu_alt_info_qspi=MLO raw 0x0 0x040000;u-boot.img raw 0x040000 0x0100000;u-boot-spl-os raw 0x140000 0x080000;u-boot-env raw 0x1C0000 0x010000;u-boot-env.backup raw 0x1D0000 0x010000;kernel raw 0x1E0000 0x800000
dfu_alt_info_ram=kernel ram 0x80200000 0x4000000;fdt ram 0x80f80000 0x80000;ramdisk ram 0x81000000 0x4000000
dfu_bufsiz=0x10000
dnsip=192.0.2.2
dnsip2=192.0.2.3
dofastboot=0
envboot=mmc dev ${mmcdev}; if mmc rescan; then echo SD/MMC found on device ${mmcdev};if run loadbootscript; then run bootscript;else if run loadbootenv; then echo Loaded env from ${bootenvfile};run importbootenv;fi;if test -n $uenvcmd; then echo Running uenvcmd ...;run uenvcmd;fi;fi;fi;
ethact=ethernet@48484000
ethaddr=a0:f6:fd:a4:01:7e
fdt_addr_r=0x88000000
fdtaddr=0x88000000
fdtcontroladdr=fef22fd8
fdtfile=undefined
fileaddr=88000000
filesize=15155
findfdt=if test $board_name = omap5_uevm; then setenv fdtfile omap5-uevm.dtb; fi; if test $board_name = dra7xx; then setenv fdtfile dra7-evm.dtb; fi;if test $board_name = dra72x-revc; then setenv fdtfile dra72-evm-revc.dtb; fi;if test $board_name = dra72x; then setenv fdtfile dra72-evm.dtb; fi;if test $board_name = dra71x; then setenv fdtfile dra71-evm.dtb; fi;if test $board_name = beagle_x15; then setenv fdtfile am57xx-beagle-x15.dtb; fi;if test $board_name = beagle_x15_revb1; then setenv fdtfile am57xx-beagle-x15-revb1.dtb; fi;if test $board_name = am57xx_evm; then setenv fdtfile am57xx-evm.dtb; fi;if test $board_name = am57xx_evm_reva3; then setenv fdtfile am57xx-evm-reva3.dtb; fi;if test $board_name = am572x_idk && test $idk_lcd = no; then setenv fdtfile am572x-idk.dtb; fi;if test $board_name = am572x_idk && test $idk_lcd = osd101t2045; then setenv fdtfile am572x-idk-lcd-osd.dtb; fi;if test $board_name = am572x_idk && test $idk_lcd = osd101t2587; then setenv fdtfile am572x-idk-lcd-osd101t2587.dtb; fi;if test $board_name = am571x_idk && test $idk_lcd = no; then setenv fdtfile am571x-idk.dtb; fi;if test $board_name = am571x_idk && test $idk_lcd = osd101t2045; then setenv fdtfile am571x-idk-lcd-osd.dtb; fi;if test $board_name = am571x_idk && test $idk_lcd = osd101t2587; then setenv fdtfile am571x-idk-lcd-osd101t2587.dtb; fi;if test $fdtfile = undefined; then echo WARNING: Could not determine device tree to use; fi; 
finduuid=part uuid mmc ${bootpart} uuid
fit_bootfile=fitImage.itb
fit_loadaddr=0x88000000
gatewayip=192.168.0.1
importbootenv=echo Importing environment from mmc${mmcdev} ...; env import -t ${loadaddr} ${filesize}
ipaddr=192.168.0.51
kernel_addr_r=0x82000000
loadaddr=0x82000000
loadbootenv=fatload mmc ${mmcdev} ${loadaddr} ${bootenvfile}
loadbootscript=load mmc ${mmcdev} ${loadaddr} boot.scr
loadfdt=load ${devtype} ${bootpart} ${fdtaddr} ${bootdir}/${fdtfile}
loadfit=run args_fit; bootm ${loadaddr}#${fdtfile};
loadimage=load ${devtype} ${bootpart} ${loadaddr} ${bootdir}/${bootfile}
mmcboot=mmc dev ${mmcdev}; setenv devnum ${mmcdev}; setenv devtype mmc; if mmc rescan; then echo SD/MMC found on device ${mmcdev};if run loadimage; then if test ${boot_fit} -eq 1; then run loadfit; else run mmcloados;fi;fi;fi;
mmcdev=0
mmcloados=run args_mmc; if test ${boot_fdt} = yes || test ${boot_fdt} = try; then if run loadfdt; then bootz ${loadaddr} - ${fdtaddr}; else if test ${boot_fdt} = try; then bootz; else echo WARN: Cannot load the DT; fi; fi; else bootz; fi;
mmcrootfstype=ext4 rootwait
netargs=setenv bootargs console=${console} ${optargs} root=/dev/nfs nfsroot=${serverip}:${rootpath},${nfsopts} rw ip=dhcp
netboot=echo Booting from network ...; setenv autoload no; dhcp; run netloadimage; run netloadfdt; run netargs; bootz ${loadaddr} - ${fdtaddr}
netloadfdt=tftp ${fdtaddr} ${fdtfile}
netloadimage=tftp ${loadaddr} ${bootfile}
netmask=255.255.255.0
nfsopts=nolock
partitions=uuid_disk=${uuid_gpt_disk};name=rootfs,start=2MiB,size=-,uuid=${uuid_gpt_rootfs}
pxefile_addr_r=0x80100000
ramdisk_addr_r=0x88080000
rdaddr=0x88080000
rootpath=/export/rootfs
scriptaddr=0x80000000
scsidevs=1
serverip=192.168.0.1
soc=omap5
static_ip=${ipaddr}:${serverip}:${gatewayip}:${netmask}:${hostname}::off
stderr=serial@48020000
stdin=serial@48020000
stdout=serial@48020000
update_to_fit=setenv loadaddr ${fit_loadaddr}; setenv bootfile ${fit_bootfile}
usbtty=cdc_acm
vendor=ti
ver=U-Boot 2016.05-g89316b5692 (Dec 16 2016 - 18:51:09 -0500)
vram=16M
Environment size: 5654/65532 bytes
- 03:02:34 [INFO] Host: setenv bootargs ''${bootargs}' root=PARTUUID=00000000-02 rw rootfstype=ext4 rootwait '
- 03:02:34 [INFO] Target: 
setenv bootargs ''${bootargs}' root=PARTUUID=00000000-02 rw rootfstype=ext4 rootwait '
- 03:02:34 [INFO] Host: printenv
- 03:02:34 [INFO] Target: 
printenv
_initramfs=-
arch=arm
args_fit=setenv bootargs console=${console} 
args_mmc=run finduuid;setenv bootargs console=${console} ${optargs} root=PARTUUID=${uuid} rw rootfstype=${mmcrootfstype}
autoload=no
baudrate=115200
board=am57xx
board_name=am57xx_evm_reva3
board_rev=A.30
board_serial=07164P550064
boot_fdt=try
boot_fit=0
bootargs=console=ttyO2,115200n8  earlyprintk=serial,ttyO2,115200n8 rootwait  ip=:::::eth0:dhcp  root=PARTUUID=00000000-02 rw rootfstype=ext4 rootwait 
bootcmd=
bootdelay=2
bootdir=/boot
bootenvfile=uEnv.txt
bootfile=zImage
bootm_size=0x10000000
bootpart=0:2
bootscript=echo Running bootscript from mmc${mmcdev} ...; source ${loadaddr}
console=ttyO2,115200n8
cpu=armv7
dfu_alt_info_emmc=rawemmc raw 0 3751936;boot part 1 1;rootfs part 1 2;MLO fat 1 1;MLO.raw raw 0x100 0x100;u-boot.img.raw raw 0x300 0x400;spl-os-args.raw raw 0x80 0x80;spl-os-image.raw raw 0x900 0x2000;spl-os-args fat 1 1;spl-os-image fat 1 1;u-boot.img fat 1 1;uEnv.txt fat 1 1
dfu_alt_info_mmc=boot part 0 1;rootfs part 0 2;MLO fat 0 1;MLO.raw raw 0x100 0x100;u-boot.img.raw raw 0x300 0x400;spl-os-args.raw raw 0x80 0x80;spl-os-image.raw raw 0x900 0x2000;spl-os-args fat 0 1;spl-os-image fat 0 1;u-boot.img fat 0 1;uEnv.txt fat 0 1
dfu_alt_info_qspi=MLO raw 0x0 0x040000;u-boot.img raw 0x040000 0x0100000;u-boot-spl-os raw 0x140000 0x080000;u-boot-env raw 0x1C0000 0x010000;u-boot-env.backup raw 0x1D0000 0x010000;kernel raw 0x1E0000 0x800000
dfu_alt_info_ram=kernel ram 0x80200000 0x4000000;fdt ram 0x80f80000 0x80000;ramdisk ram 0x81000000 0x4000000
dfu_bufsiz=0x10000
dnsip=192.0.2.2
dnsip2=192.0.2.3
dofastboot=0
envboot=mmc dev ${mmcdev}; if mmc rescan; then echo SD/MMC found on device ${mmcdev};if run loadbootscript; then run bootscript;else if run loadbootenv; then echo Loaded env from ${bootenvfile};run importbootenv;fi;if test -n $uenvcmd; then echo Running uenvcmd ...;run uenvcmd;fi;fi;fi;
ethact=ethernet@48484000
ethaddr=a0:f6:fd:a4:01:7e
fdt_addr_r=0x88000000
fdtaddr=0x88000000
fdtcontroladdr=fef22fd8
fdtfile=undefined
fileaddr=88000000
filesize=15155
findfdt=if test $board_name = omap5_uevm; then setenv fdtfile omap5-uevm.dtb; fi; if test $board_name = dra7xx; then setenv fdtfile dra7-evm.dtb; fi;if test $board_name = dra72x-revc; then setenv fdtfile dra72-evm-revc.dtb; fi;if test $board_name = dra72x; then setenv fdtfile dra72-evm.dtb; fi;if test $board_name = dra71x; then setenv fdtfile dra71-evm.dtb; fi;if test $board_name = beagle_x15; then setenv fdtfile am57xx-beagle-x15.dtb; fi;if test $board_name = beagle_x15_revb1; then setenv fdtfile am57xx-beagle-x15-revb1.dtb; fi;if test $board_name = am57xx_evm; then setenv fdtfile am57xx-evm.dtb; fi;if test $board_name = am57xx_evm_reva3; then setenv fdtfile am57xx-evm-reva3.dtb; fi;if test $board_name = am572x_idk && test $idk_lcd = no; then setenv fdtfile am572x-idk.dtb; fi;if test $board_name = am572x_idk && test $idk_lcd = osd101t2045; then setenv fdtfile am572x-idk-lcd-osd.dtb; fi;if test $board_name = am572x_idk && test $idk_lcd = osd101t2587; then setenv fdtfile am572x-idk-lcd-osd101t2587.dtb; fi;if test $board_name = am571x_idk && test $idk_lcd = no; then setenv fdtfile am571x-idk.dtb; fi;if test $board_name = am571x_idk && test $idk_lcd = osd101t2045; then setenv fdtfile am571x-idk-lcd-osd.dtb; fi;if test $board_name = am571x_idk && test $idk_lcd = osd101t2587; then setenv fdtfile am571x-idk-lcd-osd101t2587.dtb; fi;if test $fdtfile = undefined; then echo WARNING: Could not determine device tree to use; fi; 
finduuid=part uuid mmc ${bootpart} uuid
fit_bootfile=fitImage.itb
fit_loadaddr=0x88000000
gatewayip=192.168.0.1
importbootenv=echo Importing environment from mmc${mmcdev} ...; env import -t ${loadaddr} ${filesize}
ipaddr=192.168.0.51
kernel_addr_r=0x82000000
loadaddr=0x82000000
loadbootenv=fatload mmc ${mmcdev} ${loadaddr} ${bootenvfile}
loadbootscript=load mmc ${mmcdev} ${loadaddr} boot.scr
loadfdt=load ${devtype} ${bootpart} ${fdtaddr} ${bootdir}/${fdtfile}
loadfit=run args_fit; bootm ${loadaddr}#${fdtfile};
loadimage=load ${devtype} ${bootpart} ${loadaddr} ${bootdir}/${bootfile}
mmcboot=mmc dev ${mmcdev}; setenv devnum ${mmcdev}; setenv devtype mmc; if mmc rescan; then echo SD/MMC found on device ${mmcdev};if run loadimage; then if test ${boot_fit} -eq 1; then run loadfit; else run mmcloados;fi;fi;fi;
mmcdev=0
mmcloados=run args_mmc; if test ${boot_fdt} = yes || test ${boot_fdt} = try; then if run loadfdt; then bootz ${loadaddr} - ${fdtaddr}; else if test ${boot_fdt} = try; then bootz; else echo WARN: Cannot load the DT; fi; fi; else bootz; fi;
mmcrootfstype=ext4 rootwait
netargs=setenv bootargs console=${console} ${optargs} root=/dev/nfs nfsroot=${serverip}:${rootpath},${nfsopts} rw ip=dhcp
netboot=echo Booting from network ...; setenv autoload no; dhcp; run netloadimage; run netloadfdt; run netargs; bootz ${loadaddr} - ${fdtaddr}
netloadfdt=tftp ${fdtaddr} ${fdtfile}
netloadimage=tftp ${loadaddr} ${bootfile}
netmask=255.255.255.0
nfsopts=nolock
partitions=uuid_disk=${uuid_gpt_disk};name=rootfs,start=2MiB,size=-,uuid=${uuid_gpt_rootfs}
pxefile_addr_r=0x80100000
ramdisk_addr_r=0x88080000
rdaddr=0x88080000
rootpath=/export/rootfs
scriptaddr=0x80000000
scsidevs=1
serverip=192.168.0.1
soc=omap5
static_ip=${ipaddr}:${serverip}:${gatewayip}:${netmask}:${hostname}::off
stderr=serial@48020000
stdin=serial@48020000
stdout=serial@48020000
update_to_fit=setenv loadaddr ${fit_loadaddr}; setenv bootfile ${fit_bootfile}
usbtty=cdc_acm
vendor=ti
ver=U-Boot 2016.05-g89316b5692 (Dec 16 2016 - 18:51:09 -0500)
vram=16M
Environment size: 5709/65532 bytes
- 03:02:34 [INFO] Host: setenv bootcmd ''${bootcmd}' if iminfo ${loadaddr}; then bootm ${loadaddr} ${_initramfs} ${fdt_addr_r}; else bootz ${loadaddr} ${_initramfs} ${fdt_addr_r}; bootm ${loadaddr} ${_initramfs} ${fdt_addr_r}; fi'
- 03:02:35 [INFO] Target: 
setenv bootcmd ''${bootcmd}' if iminfo ${loadaddr}; then bootm ${loadaddr} ${_initramfs} ${fdt_addr_r}; else bootz ${loadaddr} ${_initramfs} ${fdt_addr_r}; bootm ${loadaddr} ${_initramfs} ${fdt_addr_r}; fi'
- 03:02:35 [INFO] Host: version
- 03:02:35 [INFO] Target: 
version
U-Boot 2016.05-g89316b5692 (Dec 16 2016 - 18:51:09 -0500)
arm-linux-gnueabihf-gcc (Linaro GCC 5.3-2016.02) 5.3.1 20160113
GNU ld (GNU Binutils) 2.25.0 Linaro 2015_10
- 03:02:35 [INFO] Host: bdinfo
- 03:02:35 [INFO] Target: 
bdinfo
arch_number = 0x00000000
boot_params = 0x80000100
DRAM bank   = 0x00000000
-> start    = 0x80000000
-> size     = 0x80000000
DRAM bank   = 0x00000001
-> start    = 0x00000000
-> size     = 0x00000000
baudrate    = 115200 bps
TLB addr    = 0xFFFF0000
relocaddr   = 0xFFF47000
reloc off   = 0x7F747000
irq_sp      = 0xFEF22FC0
sp start    = 0xFEF22FB0
- 03:02:35 [INFO] Host: mmc rescan; echo $?
- 03:02:35 [INFO] Target: 
mmc rescan; echo $?
- 03:02:35 [INFO] Host: fatwrite mmc ${mmcdev}:1 ${loadaddr} ws-calibrate.rules 4
- 03:02:35 [INFO] Target: 
fatwrite mmc ${mmcdev}:1 ${loadaddr} ws-calibrate.rules 4
writing ws-calibrate.rules
4 bytes written
- 03:02:35 [INFO] Host: boot
- 03:03:04 [INFO] Target: 
boot
## Checking Image at 82000000 ...
Unknown image format!
Kernel image @ 0x82000000 [ 0x000000 - 0x6d6418 ]
## Flattened Device Tree blob at 88000000
   Booting using the fdt blob at 0x88000000
   Loading Device Tree to 8ffe7000, end 8ffff154 ... OK
Starting kernel ...
[    0.000000] Booting Linux on physical CPU 0x0
[    0.000000] Linux version 4.9.0-next-20161221-00002-g789c0f86b766 (nmenon@horus) (gcc version 4.9.3 20150413 (prerelease) (Linaro GCC 4.9-2015.05) ) #3 SMP Wed Dec 21 01:54:56 CST 2016
[    0.000000] CPU: ARMv7 Processor [412fc0f2] revision 2 (ARMv7), cr=10c5387d
[    0.000000] CPU: div instructions available: patching division code
[    0.000000] CPU: PIPT / VIPT nonaliasing data cache, PIPT instruction cache
[    0.000000] OF: fdt:Machine model: TI AM5728 BeagleBoard-X15
[    0.000000] efi: Getting EFI parameters from FDT:
[    0.000000] efi: UEFI not found.
[    0.000000] cma: Reserved 64 MiB at 0xfb800000
[    0.000000] Memory policy: Data cache writealloc
[    0.000000] OMAP4: Map 0xffd00000 to fe600000 for dram barrier
[    0.000000] DRA752 ES2.0
[    0.000000] percpu: Embedded 14 pages/cpu @eef94000 s26048 r8192 d23104 u57344
[    0.000000] Built 1 zonelists in Zone order, mobility grouping on.  Total pages: 522239
[    0.000000] Kernel command line: console=ttyO2,115200n8  earlyprintk=serial,ttyO2,115200n8 rootwait  ip=:::::eth0:dhcp  root=PARTUUID=00000000-02 rw rootfstype=ext4 rootwait 
[    0.000000] PID hash table entries: 4096 (order: 2, 16384 bytes)
[    0.000000] Dentry cache hash table entries: 131072 (order: 7, 524288 bytes)
[    0.000000] Inode-cache hash table entries: 65536 (order: 6, 262144 bytes)
[    0.000000] Memory: 1992848K/2095100K available (10240K kernel code, 1135K rwdata, 3944K rodata, 2048K init, 470K bss, 36716K reserved, 65536K cma-reserved, 1243132K highmem)
[    0.000000] Virtual kernel memory layout:
[    0.000000]     vector  : 0xffff0000 - 0xffff1000   (   4 kB)
[    0.000000]     fixmap  : 0xffc00000 - 0xfff00000   (3072 kB)
[    0.000000]     vmalloc : 0xf0800000 - 0xff800000   ( 240 MB)
[    0.000000]     lowmem  : 0xc0000000 - 0xf0000000   ( 768 MB)
[    0.000000]     pkmap   : 0xbfe00000 - 0xc0000000   (   2 MB)
[    0.000000]     modules : 0xbf000000 - 0xbfe00000   (  14 MB)
[    0.000000]       .text : 0xc0208000 - 0xc0d00000   (11232 kB)
[    0.000000]       .init : 0xc1200000 - 0xc1400000   (2048 kB)
[    0.000000]       .data : 0xc1400000 - 0xc151bdc0   (1136 kB)
[    0.000000]        .bss : 0xc151d000 - 0xc1592b70   ( 471 kB)
[    0.000000] SLUB: HWalign=64, Order=0-3, MinObjects=0, CPUs=2, Nodes=1
[    0.000000] Hierarchical RCU implementation.
[    0.000000] 	Build-time adjustment of leaf fanout to 32.
[    0.000000] 	RCU restricting CPUs from NR_CPUS=16 to nr_cpu_ids=2.
[    0.000000] RCU: Adjusting geometry for rcu_fanout_leaf=32, nr_cpu_ids=2
[    0.000000] NR_IRQS:16 nr_irqs:16 16
[    0.000000] OMAP clockevent source: timer1 at 32786 Hz
[    0.000000] arm_arch_timer: Architected cp15 timer(s) running at 6.14MHz (phys).
[    0.000000] clocksource: arch_sys_counter: mask: 0xffffffffffffff max_cycles: 0x16af5adb9, max_idle_ns: 440795202250 ns
[    0.000004] sched_clock: 56 bits at 6MHz, resolution 162ns, wraps every 4398046511023ns
[    0.000014] Switching to timer-based delay loop, resolution 162ns
[    0.003216] clocksource: 32k_counter: mask: 0xffffffff max_cycles: 0xffffffff, max_idle_ns: 58327039986419 ns
[    0.003222] OMAP clocksource: 32k_counter at 32768 Hz
[    0.006285] Console: colour dummy device 80x30
[    0.006306] Calibrating delay loop (skipped), value calculated using timer frequency.. 12.29 BogoMIPS (lpj=61475)
[    0.006317] pid_max: default: 32768 minimum: 301
[    0.006384] Mount-cache hash table entries: 2048 (order: 1, 8192 bytes)
[    0.006392] Mountpoint-cache hash table entries: 2048 (order: 1, 8192 bytes)
[    0.006775] CPU: Testing write buffer coherency: ok
[    0.006930] /cpus/cpu@0 missing clock-frequency property
[    0.006941] /cpus/cpu@1 missing clock-frequency property
[    0.006950] CPU0: thread -1, cpu 0, socket 0, mpidr 80000000
[    0.007097] Setting up static identity map for 0x80300000 - 0x80300098
[    0.011769] EFI services will not be available.
[    0.011916] smp: Bringing up secondary CPUs ...
[    0.012328] CPU1: thread -1, cpu 1, socket 0, mpidr 80000001
[    0.012391] smp: Brought up 1 node, 2 CPUs
[    0.012401] SMP: Total of 2 processors activated (24.59 BogoMIPS).
[    0.012406] CPU: All CPU(s) started in HYP mode.
[    0.012411] CPU: Virtualization extensions available.
[    0.013407] devtmpfs: initialized
[    0.028840] VFP support v0.3: implementor 41 architecture 4 part 30 variant f rev 0
[    0.029230] clocksource: jiffies: mask: 0xffffffff max_cycles: 0xffffffff, max_idle_ns: 19112604462750000 ns
[    0.030156] pinctrl core: initialized pinctrl subsystem
[    0.031573] NET: Registered protocol family 16
[    0.033035] DMA: preallocated 256 KiB pool for atomic coherent allocations
[    0.034138] omap_hwmod: l3_main_2 using broken dt data from ocp
[    0.220584] cpuidle: using governor menu
[    0.228744] OMAP GPIO hardware version 0.1
[    0.238308] irq: no irq domain found for /ocp/l4@4a000000/scm@2000/pinmux@1400 !
[    0.254148] No ATAGs?
[    0.254223] hw-breakpoint: found 5 (+1 reserved) breakpoint and 4 watchpoint registers.
[    0.254233] hw-breakpoint: maximum watchpoint size is 8 bytes.
[    0.255245] omap4_sram_init:Unable to allocate sram needed to handle errata I688
[    0.255253] omap4_sram_init:Unable to get sram pool needed to handle errata I688
[    0.255384] OMAP DMA hardware revision 0.0
[    0.259931] Serial: AMBA PL011 UART driver
[    0.309811] omap-dma-engine 4a056000.dma-controller: OMAP DMA engine driver (LinkedList1/2/3 supported)
[    0.311443] edma 43300000.edma: memcpy is disabled
[    0.314699] edma 43300000.edma: TI EDMA DMA engine driver
[    0.318662] vgaarb: loaded
[    0.319268] SCSI subsystem initialized
[    0.319540] usbcore: registered new interface driver usbfs
[    0.319580] usbcore: registered new interface driver hub
[    0.319616] usbcore: registered new device driver usb
[    0.320601] palmas 0-0058: Irq flag is 0x00000008
[    0.352794] palmas 0-0058: Muxing GPIO 2f, PWM 0, LED 0
[    0.356352] vtt_fixed: supplied by smps3
[    0.371359] random: fast init done
[    0.431848] vdd_3v3: supplied by regen1
[    0.432035] aic_dvdd_fixed: supplied by vdd_3v3
[    0.434958] omap_i2c 48070000.i2c: bus 0 rev0.12 at 400 kHz
[    0.435355] omap_i2c 48060000.i2c: bus 2 rev0.12 at 400 kHz
[    0.436230] pps_core: LinuxPPS API ver. 1 registered
[    0.436236] pps_core: Software ver. 5.3.6 - Copyright 2005-2007 Rodolfo Giometti <giometti@linux.it>
[    0.436251] PTP clock support registered
[    0.436426] EDAC MC: Ver: 3.0.0
[    0.438224] clocksource: Switched to clocksource arch_sys_counter
[    0.445320] NET: Registered protocol family 2
[    0.445681] TCP established hash table entries: 8192 (order: 3, 32768 bytes)
[    0.445741] TCP bind hash table entries: 8192 (order: 4, 65536 bytes)
[    0.445864] TCP: Hash tables configured (established 8192 bind 8192)
[    0.445906] UDP hash table entries: 512 (order: 2, 16384 bytes)
[    0.445937] UDP-Lite hash table entries: 512 (order: 2, 16384 bytes)
[    0.446030] NET: Registered protocol family 1
[    0.446240] RPC: Registered named UNIX socket transport module.
[    0.446247] RPC: Registered udp transport module.
[    0.446251] RPC: Registered tcp transport module.
[    0.446256] RPC: Registered tcp NFSv4.1 backchannel transport module.
[    0.447019] hw perfevents: enabled with armv7_cortex_a15 PMU driver, 7 counters available
[    0.448467] futex hash table entries: 512 (order: 3, 32768 bytes)
[    0.448971] workingset: timestamp_bits=30 max_order=19 bucket_order=0
[    0.454631] squashfs: version 4.0 (2009/01/31) Phillip Lougher
[    0.455088] NFS: Registering the id_resolver key type
[    0.455106] Key type id_resolver registered
[    0.455112] Key type id_legacy registered
[    0.455140] ntfs: driver 2.1.32 [Flags: R/O].
[    0.456117] bounce: pool size: 64 pages
[    0.456232] Block layer SCSI generic (bsg) driver version 0.4 loaded (major 248)
[    0.456240] io scheduler noop registered
[    0.456246] io scheduler deadline registered
[    0.456347] io scheduler cfq registered (default)
[    0.464953] pinctrl-single 4a003400.pinmux: 282 pins at pa fc003400 size 1128
[    0.522948] Serial: 8250/16550 driver, 4 ports, IRQ sharing disabled
[    0.525159] SuperH (H)SCI(F) driver initialized
[    0.526140] msm_serial: driver initialized
[    0.526451] 48020000.serial: ttyO2 at MMIO 0x48020000 (irq = 301, base_baud = 3000000) is a OMAP UART2
[    1.305869] console [ttyO2] enabled
[    1.309805] STMicroelectronics ASC driver initialized
[    1.317024] omap_rng 48090000.rng: Random Number Generator ver. 20
[    1.325068] [drm] Initialized
[    1.339603] brd: module loaded
[    1.346258] loop: module loaded
[    1.349985] at24 0-0050: 4096 byte 24c32 EEPROM, writable, 1 bytes/write
[    1.358586] ahci 4a140000.sata: SSS flag set, parallel bus scan disabled
[    1.365607] ahci 4a140000.sata: AHCI 0001.0300 32 slots 1 ports 3 Gbps 0x1 impl platform mode
[    1.374548] ahci 4a140000.sata: flags: 64bit ncq sntf stag pm led clo only pmp pio slum part ccc apst 
[    1.384972] scsi host0: ahci
[    1.388162] ata1: SATA max UDMA/133 mmio [mem 0x4a140000-0x4a1410ff] port 0x100 irq 331
[    1.403235] libphy: Fixed MDIO Bus: probed
[    1.408141] CAN device driver interface
[    1.413037] bgmac_bcma: Broadcom 47xx GBit MAC driver loaded
[    1.420267] e1000e: Intel(R) PRO/1000 Network Driver - 3.2.6-k
[    1.426360] e1000e: Copyright(c) 1999 - 2015 Intel Corporation.
[    1.432586] igb: Intel(R) Gigabit Ethernet Network Driver - version 5.4.0-k
[    1.439869] igb: Copyright (c) 2007-2014 Intel Corporation.
[    1.508251] davinci_mdio 48485000.mdio: davinci mdio revision 1.6
[    1.514611] davinci_mdio 48485000.mdio: detected phy mask fffffff9
[    1.525401] libphy: 48485000.mdio: probed
[    1.529614] davinci_mdio 48485000.mdio: phy[1]: device 48485000.mdio:01, driver Micrel KSZ9031 Gigabit PHY
[    1.539716] davinci_mdio 48485000.mdio: phy[2]: device 48485000.mdio:02, driver Micrel KSZ9031 Gigabit PHY
[    1.550822] cpsw 48484000.ethernet: Detected MACID = a0:f6:fd:a4:01:7e
[    1.558471] cpsw 48484000.ethernet: cpsw: Detected MACID = a0:f6:fd:a4:01:7f
[    1.566808] pegasus: v0.9.3 (2013/04/25), Pegasus/Pegasus II USB Ethernet driver
[    1.574586] usbcore: registered new interface driver pegasus
[    1.580538] usbcore: registered new interface driver asix
[    1.586208] usbcore: registered new interface driver ax88179_178a
[    1.592606] usbcore: registered new interface driver cdc_ether
[    1.598747] usbcore: registered new interface driver smsc75xx
[    1.604790] usbcore: registered new interface driver smsc95xx
[    1.610833] usbcore: registered new interface driver net1080
[    1.616766] usbcore: registered new interface driver cdc_subset
[    1.622984] usbcore: registered new interface driver zaurus
[    1.628851] usbcore: registered new interface driver cdc_ncm
[    1.638900] ehci_hcd: USB 2.0 'Enhanced' Host Controller (EHCI) Driver
[    1.645723] ehci-pci: EHCI PCI platform driver
[    1.650411] ehci-platform: EHCI generic platform driver
[    1.656081] ehci-orion: EHCI orion driver
[    1.660433] SPEAr-ehci: EHCI SPEAr driver
[    1.664762] ehci-st: EHCI STMicroelectronics driver
[    1.670010] ehci-exynos: EHCI EXYNOS driver
[    1.674538] ehci-atmel: EHCI Atmel driver
[    1.678879] tegra-ehci: Tegra EHCI driver
[    1.683229] ohci_hcd: USB 1.1 'Open' Host Controller (OHCI) Driver
[    1.689706] ohci-pci: OHCI PCI platform driver
[    1.694371] ohci-platform: OHCI generic platform driver
[    1.700012] ohci-omap3: OHCI OMAP3 driver
[    1.704342] SPEAr-ohci: OHCI SPEAr driver
[    1.708683] ohci-st: OHCI STMicroelectronics driver
[    1.713921] ohci-atmel: OHCI Atmel driver
[    1.718640] ------------[ cut here ]------------
[    1.723473] WARNING: CPU: 1 PID: 1 at drivers/usb/host/xhci-plat.c:168 xhci_plat_probe+0x198/0x46c
[    1.732850] Modules linked in:
[    1.736040] CPU: 1 PID: 1 Comm: swapper/0 Not tainted 4.9.0-next-20161221-00002-g789c0f86b766 #3
[    1.745219] Hardware name: Generic DRA74X (Flattened Device Tree)
[    1.751597] [<c03105c0>] (unwind_backtrace) from [<c030bc0c>] (show_stack+0x10/0x14)
[    1.759690] [<c030bc0c>] (show_stack) from [<c05a035c>] (dump_stack+0x98/0xac)
[    1.767238] [<c05a035c>] (dump_stack) from [<c0341c58>] (__warn+0xe8/0x100)
[    1.774520] [<c0341c58>] (__warn) from [<c0341d20>] (warn_slowpath_null+0x20/0x28)
[    1.782436] [<c0341d20>] (warn_slowpath_null) from [<c09db4dc>] (xhci_plat_probe+0x198/0x46c)
[    1.791349] [<c09db4dc>] (xhci_plat_probe) from [<c07efb00>] (platform_drv_probe+0x4c/0xb0)
[    1.800070] [<c07efb00>] (platform_drv_probe) from [<c07ee1b0>] (driver_probe_device+0x238/0x2d8)
[    1.809341] [<c07ee1b0>] (driver_probe_device) from [<c07ee2fc>] (__driver_attach+0xac/0xb0)
[    1.818149] [<c07ee2fc>] (__driver_attach) from [<c07ec50c>] (bus_for_each_dev+0x68/0x9c)
[    1.826701] [<c07ec50c>] (bus_for_each_dev) from [<c07ed78c>] (bus_add_driver+0x1a0/0x218)
[    1.835330] [<c07ed78c>] (bus_add_driver) from [<c07eeb94>] (driver_register+0x78/0xf8)
[    1.843709] [<c07eeb94>] (driver_register) from [<c0301e90>] (do_one_initcall+0x40/0x174)
[    1.852251] [<c0301e90>] (do_one_initcall) from [<c1200dd0>] (kernel_init_freeable+0x160/0x200)
[    1.861345] [<c1200dd0>] (kernel_init_freeable) from [<c0c0651c>] (kernel_init+0x8/0x114)
[    1.869896] [<c0c0651c>] (kernel_init) from [<c0307eb8>] (ret_from_fork+0x14/0x3c)
[    1.877824] ---[ end trace 1b379c717b6b5c89 ]---
[    1.882696] xhci-hcd xhci-hcd.0.auto: xHCI Host Controller
[    1.888447] xhci-hcd xhci-hcd.0.auto: new USB bus registered, assigned bus number 1
[    1.896663] xhci-hcd xhci-hcd.0.auto: hcc params 0x0220f04c hci version 0x100 quirks 0x00010010
[    1.898253] ata1: SATA link up 3.0 Gbps (SStatus 123 SControl 300)
[    1.898476] ata1.15: Port Multiplier 1.2, 0x197b:0x0325 r0, 15 ports, feat 0x5/0xf
[    1.902009] ata1.00: hard resetting link
[    1.924278] xhci-hcd xhci-hcd.0.auto: irq 417, io mem 0x48890000
[    1.931111] hub 1-0:1.0: USB hub found
[    1.935056] hub 1-0:1.0: 1 port detected
[    1.939420] xhci-hcd xhci-hcd.0.auto: xHCI Host Controller
[    1.945158] xhci-hcd xhci-hcd.0.auto: new USB bus registered, assigned bus number 2
[    1.953224] usb usb2: We don't know the algorithms for LPM for this host, disabling LPM.
[    1.962174] hub 2-0:1.0: USB hub found
[    1.966107] hub 2-0:1.0: 1 port detected
[    1.970725] usbcore: registered new interface driver usb-storage
[    1.978429] mousedev: PS/2 mouse device common for all mice
[    2.008725] rtc-ds1307 2-006f: SET TIME!
[    2.014913] rtc-ds1307 2-006f: rtc core: registered mcp7941x as rtc0
[    2.021629] rtc-ds1307 2-006f: 64 bytes nvram
[    2.028956] palmas-rtc 48070000.i2c:tps659038@58:tps659038_rtc: rtc core: registered 48070000.i2c:tps659 as rtc1
[    2.041499] i2c /dev entries driver
[    2.058741] sdhci: Secure Digital Host Controller Interface driver
[    2.065208] sdhci: Copyright(c) Pierre Ossman
[    2.070738] omap_hsmmc 4809c000.mmc: Got CD GPIO
[    2.189008] Synopsys Designware Multimedia Card Interface Driver
[    2.196227] sdhci-pltfm: SDHCI platform and OF driver helper
[    2.204514] ledtrig-cpu: registered to indicate activity on CPUs
[    2.211090] usbcore: registered new interface driver usbhid
[    2.216943] usbhid: USB HID core driver
[    2.223942] NET: Registered protocol family 10
[    2.229238] Segment Routing with IPv6
[    2.233136] sit: IPv6, IPv4 and MPLS over IPv4 tunneling driver
[    2.239690] NET: Registered protocol family 17
[    2.244405] can: controller area network core (rev 20120528 abi 9)
[    2.250935] NET: Registered protocol family 29
[    2.255578] can: raw protocol (rev 20120528)
[    2.260049] can: broadcast manager protocol (rev 20161123 t)
[    2.265962] can: netlink gateway (rev 20130117) max_hops=1
[    2.271906] Key type dns_resolver registered
[    2.276488] omap_voltage_late_init: Voltage driver support not added
[    2.283180] Power Management for TI OMAP4+ devices.
[    2.288460] ThumbEE CPU extension supported.
[    2.292947] Registering SWP/SWPB emulation handler
[    2.298073] mmc0: host does not support reading read-only switch, assuming write-enable
[    2.308243] usb 1-1: new high-speed USB device number 2 using xhci-hcd
[    2.315201] mmc0: new high speed SDHC card at address aaaa
[    2.321351] mmcblk0: mmc0:aaaa SL08G 7.40 GiB 
[    2.326785] rtc-ds1307 2-006f: setting system clock to 2001-01-01 00:00:00 UTC (978307200)
[    2.335547] ata1.00: link resume succeeded after 1 retries
[    2.336354] net eth0: initializing cpsw version 1.15 (0)
[    2.346960]  mmcblk0: p1 p2 p3
[    2.353471] mmc1: new high speed MMC card at address 0001
[    2.359499] mmcblk1: mmc1:0001 S10004 3.56 GiB 
[    2.364415] mmcblk1boot0: mmc1:0001 S10004 partition 1 4.00 MiB
[    2.370806] mmcblk1boot1: mmc1:0001 S10004 partition 2 4.00 MiB
[    2.377712]  mmcblk1: p1 p2 p3
[    2.458748] Micrel KSZ9031 Gigabit PHY 48485000.mdio:01: attached PHY driver [Micrel KSZ9031 Gigabit PHY] (mii_bus:phy_addr=48485000.mdio:01, irq=-1)
[    2.473114] ata1.00: SATA link up 1.5 Gbps (SStatus 113 SControl 300)
[    2.479655] IPv6: ADDRCONF(NETDEV_UP): eth0: link is not ready
[    2.486111] ata1.01: hard resetting link
[    2.497349] hub 1-1:1.0: USB hub found
[    2.501331] hub 1-1:1.0: 4 ports detected
[    2.628274] usb 2-1: new SuperSpeed USB device number 2 using xhci-hcd
[    2.673330] hub 2-1:1.0: USB hub found
[    2.677289] hub 2-1:1.0: 4 ports detected
[    2.848238] usb 1-1.3: new high-speed USB device number 3 using xhci-hcd
[    2.928270] ata1.01: link resume succeeded after 1 retries
[    2.984309] usb-storage 1-1.3:1.0: USB Mass Storage device detected
[    2.991081] scsi host1: usb-storage 1-1.3:1.0
[    3.042815] ata1.01: SATA link up 3.0 Gbps (SStatus 123 SControl 300)
[    3.049605] ata1.02: hard resetting link
[    3.380668] ata1.02: SATA link up 3.0 Gbps (SStatus 123 SControl 320)
[    3.387444] ata1.03: hard resetting link
[    4.029711] scsi 1:0:0:0: Direct-Access              Patriot Memory   PMAP PQ: 0 ANSI: 4
[    4.488260] ata1.03: failed to resume link (SControl 0)
[    4.493937] ata1.03: SATA link down (SStatus 0 SControl 0)
[    4.499755] ata1.04: hard resetting link
[    4.913216] sd 1:0:0:0: [sda] 7587264 512-byte logical blocks: (3.88 GB/3.62 GiB)
[    4.921232] sd 1:0:0:0: [sda] Write Protect is off
[    4.926439] sd 1:0:0:0: [sda] No Caching mode page found
[    4.932014] sd 1:0:0:0: [sda] Assuming drive cache: write through
[    4.959109]  sda: sda1
[    4.962881] sd 1:0:0:0: [sda] Attached SCSI removable disk
[    5.598269] ata1.04: failed to resume link (SControl 0)
[    5.603961] ata1.04: SATA link down (SStatus 0 SControl 0)
[    5.609817] ata1.05: hard resetting link
[    6.656842] cpsw 48484000.ethernet eth0: Link is Up - 1Gbps/Full - flow control rx/tx
[    6.665085] IPv6: ADDRCONF(NETDEV_CHANGE): eth0: link becomes ready
[    6.688240] Sending DHCP requests .,
[    6.708272] ata1.05: failed to resume link (SControl 0)
[    6.717706] ata1.05: SATA link down (SStatus 0 SControl 0)
[    6.723518] ata1.06: hard resetting link
[    6.728232]  OK
[    6.768238] IP-Config: Got DHCP answer from 192.168.0.1, my address is 192.168.0.51
[    6.776248] IP-Config: Complete:
[    6.779641]      device=eth0, hwaddr=a0:f6:fd:a4:01:7e, ipaddr=192.168.0.51, mask=255.255.255.0, gw=192.168.0.1
[    6.790216]      host=192.168.0.51, domain=ti.com, nis-domain=(none)
[    6.796858]      bootserver=0.0.0.0, rootserver=0.0.0.0, rootpath=     nameserver0=192.0.2.2, nameserver1=192.0.2.3
[    6.808145] aic_dvdd_fixed: disabling
[    7.828265] ata1.06: failed to resume link (SControl 0)
[    7.833959] ata1.06: SATA link down (SStatus 0 SControl 0)
[    7.839778] ata1.07: hard resetting link
[    8.938268] ata1.07: failed to resume link (SControl 0)
[    8.943967] ata1.07: SATA link down (SStatus 0 SControl 0)
[    8.949786] ata1.08: hard resetting link
[   10.048265] ata1.08: failed to resume link (SControl 0)
[   10.053962] ata1.08: SATA link down (SStatus 0 SControl 0)
[   10.059775] ata1.09: hard resetting link
[   11.158265] ata1.09: failed to resume link (SControl 0)
[   11.163959] ata1.09: SATA link down (SStatus 0 SControl 0)
[   11.169773] ata1.10: hard resetting link
[   12.268277] ata1.10: failed to resume link (SControl 0)
[   12.273971] ata1.10: SATA link down (SStatus 0 SControl 0)
[   12.279788] ata1.11: hard resetting link
[   13.378276] ata1.11: failed to resume link (SControl 0)
[   13.383972] ata1.11: SATA link down (SStatus 0 SControl 0)
[   13.389783] ata1.12: hard resetting link
[   14.488275] ata1.12: failed to resume link (SControl 0)
[   14.493963] ata1.12: SATA link down (SStatus 0 SControl 0)
[   14.499781] ata1.13: hard resetting link
[   15.598274] ata1.13: failed to resume link (SControl 0)
[   15.603964] ata1.13: SATA link down (SStatus 0 SControl 0)
[   15.609776] ata1.14: hard resetting link
[   16.708265] ata1.14: failed to resume link (SControl 0)
[   16.713961] ata1.14: SATA link down (SStatus 0 SControl 0)
[   16.721432] ata1.00: supports DRM functions and may not be fully accessible
[   16.728737] ata1.00: ATA-9: Samsung SSD 850 EVO 120GB, EMT02B6Q, max UDMA/133
[   16.736203] ata1.00: 234441648 sectors, multi 1: LBA48 NCQ (depth 31/32)
[   16.743783] ata1.00: supports DRM functions and may not be fully accessible
[   16.751296] ata1.00: configured for UDMA/133
[   16.756800] ata1.01: ATA-8: ST3320418AS, CC49, max UDMA/133
[   16.762648] ata1.01: 625142448 sectors, multi 0: LBA48 NCQ (depth 31/32)
[   16.770880] ata1.01: configured for UDMA/133
[   16.776198] ata1.02: ATA-8: ST1000DM003-1SB10C, CC43, max UDMA/133
[   16.782680] ata1.02: 1953525168 sectors, multi 0: LBA48 NCQ (depth 31/32)
[   16.797817] ata1.02: configured for UDMA/133
[   16.802370] ata1: EH complete
[   16.805702] scsi 0:0:0:0: Direct-Access     ATA      Samsung SSD 850  2B6Q PQ: 0 ANSI: 5
[   16.889878] sd 0:0:0:0: [sdb] 234441648 512-byte logical blocks: (120 GB/112 GiB)
[   16.890095] scsi 0:1:0:0: Direct-Access     ATA      ST3320418AS      CC49 PQ: 0 ANSI: 5
[   16.906244] sd 0:0:0:0: [sdb] Write Protect is off
[   16.911345] sd 0:0:0:0: [sdb] Write cache: enabled, read cache: enabled, doesn't support DPO or FUA
[   16.923719] sd 0:0:0:0: [sdb] Attached SCSI disk
[   16.968714] sd 0:1:0:0: [sdc] 625142448 512-byte logical blocks: (320 GB/298 GiB)
[   16.976646] sd 0:1:0:0: [sdc] Write Protect is off
[   16.977126] scsi 0:2:0:0: Direct-Access     ATA      ST1000DM003-1SB1 CC43 PQ: 0 ANSI: 5
[   16.990234] sd 0:1:0:0: [sdc] Write cache: enabled, read cache: enabled, doesn't support DPO or FUA
[   17.043673]  sdc: sdc1 sdc2 < sdc5 >
[   17.055938] sd 0:1:0:0: [sdc] Attached SCSI disk
[   17.059728] sd 0:2:0:0: [sdd] 1953525168 512-byte logical blocks: (1.00 TB/932 GiB)
[   17.059733] sd 0:2:0:0: [sdd] 4096-byte physical blocks
[   17.059775] sd 0:2:0:0: [sdd] Write Protect is off
[   17.059853] sd 0:2:0:0: [sdd] Write cache: enabled, read cache: enabled, doesn't support DPO or FUA
[   17.069502] sd 0:2:0:0: [sdd] Attached SCSI disk
[   17.107940] EXT4-fs (mmcblk0p2): mounted filesystem with ordered data mode. Opts: (null)
[   17.116460] VFS: Mounted root (ext4 filesystem) on device 179:2.
[   17.126351] devtmpfs: mounted
[   17.130701] Freeing unused kernel memory: 2048K
[   17.365170] systemd[1]: System time before build time, advancing clock.
[   17.396472] systemd[1]: systemd 229 running in system mode. (+PAM -AUDIT -SELINUX +IMA -APPARMOR +SMACK +SYSVINIT +UTMP -LIBCRYPTSETUP -GCRYPT -GNUTLS +ACL +XZ -LZ4 -SECCOMP +BLKID -ELFUTILS +KMOD -IDN)
[   17.415693] systemd[1]: Detected architecture arm.
Welcome to [1mArago 2016.07[0m!
[   17.459057] systemd[1]: Set hostname to <am57xx-evm>.
[   18.629371] systemd[1]: sysinit.target: Found ordering cycle on sysinit.target/start
[   18.637489] systemd[1]: sysinit.target: Found dependency on alignment.service/start
[   18.645557] systemd[1]: sysinit.target: Found dependency on basic.target/start
[   18.653138] systemd[1]: sysinit.target: Found dependency on sockets.target/start
[   18.660894] systemd[1]: sysinit.target: Found dependency on avahi-daemon.socket/start
[   18.669100] systemd[1]: sysinit.target: Found dependency on sysinit.target/start
[   18.676843] systemd[1]: sysinit.target: Breaking ordering cycle by deleting job alignment.service/start
[[0;1;31m SKIP [0m] Ordering cycle found, skipping alignment.service
[[0;32m  OK  [0m] Reached target Swap.
[[0;32m  OK  [0m] Listening on Journal Socket.
[[0;32m  OK  [0m] Listening on /dev/initctl Compatibility Named Pipe.
[[0;32m  OK  [0m] Listening on Syslog Socket.
[[0;32m  OK  [0m] Listening on Network Service Netlink Socket.
[[0;32m  OK  [0m] Created slice User and Session Slice.
[[0;32m  OK  [0m] Listening on Journal Socket (/dev/log).
[[0;32m  OK  [0m] Created slice System Slice.
         Mounting Temporary Directory...
[[0;32m  OK  [0m] Created slice system-getty.slice.
[[0;32m  OK  [0m] Listening on udev Control Socket.
         Starting Remount Root and Kernel File Systems...
[   19.070018] EXT4-fs (mmcblk0p2): re-mounted. Opts: (null)
[[0;32m  OK  [0m] Reached target Remote File Systems.
[[0;32m  OK  [0m] Reached target Slices.
[[0;32m  OK  [0m] Started Dispatch Password Requests to Console Directory Watch.
         Starting Load Kernel Modules...
         Starting Setup Virtual Console...
[[0;32m  OK  [0m] Listening on udev Kernel Socket.
         Starting Create Static Device Nodes in /dev...
         Starting Journal Service...
[[0;32m  OK  [0m] Created slice system-serial\x2dgetty.slice.
[[0;32m  OK  [0m] Started Forward Password Requests to Wall Directory Watch.
[[0;32m  OK  [0m] Reached target Paths.
         Mounting Debug File System...
[[0;32m  OK  [0m] Mounted Debug File System.
[[0;32m  OK  [0m] Mounted Temporary Directory.
[[0;32m  OK  [0m] Started Journal Service.
[[0;32m  OK  [0m] Started Remount Root and Kernel File Systems.
[[0;1;31mFAILED[0m] Failed to start Load Kernel Modules.
See 'systemctl status systemd-modules-load.service' for details.
[[0;32m  OK  [0m] Started Setup Virtual Console.
[[0;32m  OK  [0m] Started Create Static Device Nodes in /dev.
         Starting udev Kernel Device Manager...
         Starting Apply Kernel Variables...
[[0;32m  OK  [0m] Reached target Local File Systems (Pre).
         Mounting /media/ram...
         Mounting /var/volatile...
         Starting udev Coldplug all Devices...
         Starting Flush Journal to Persistent Storage...
[   20.761692] random: crng init done
[[0;32m  OK  [0m] Mounted /var/volatile.
[[0;32m  OK  [0m] Mounted /media/ram.
[[0;32m  OK  [0m] Started udev Kernel Device Manager.
[[0;32m  OK  [0m] Started Apply Kernel Variables.
[   21.158883] systemd-journald[149]: Received request to flush runtime journal from PID 1
[[0;32m  OK  [0m] Started Flush Journal to Persistent Storage.
         Starting Load/Save Random Seed...
[[0;32m  OK  [0m] Reached target Local File Systems.
         Starting Create Volatile Files and Directories...
[[0;32m  OK  [0m] Started Load/Save Random Seed.
[[0;32m  OK  [0m] Started Create Volatile Files and Directories.
         Starting Update UTMP about System Boot/Shutdown...
         Starting Network Time Synchronization...
[[0;32m  OK  [0m] Started Network Time Synchronization.
[[0;32m  OK  [0m] Started udev Coldplug all Devices.
[[0;32m  OK  [0m] Started Update UTMP about System Boot/Shutdown.
[[0;32m  OK  [0m] Found device /dev/ttyO2.
         Starting Synchronize System and HW clocks...
[[0;32m  OK  [0m] Reached target System Time Synchronized.
[[0;32m  OK  [0m] Started Synchronize System and HW clocks.
[[0;32m  OK  [0m] Reached target System Initialization.
[[0;32m  OK  [0m] Started Daily Cleanup of Temporary Directories.
[[0;32m  OK  [0m] Reached target Timers.
[[0;32m  OK  [0m] Listening on D-Bus System Message Bus Socket.
[[0;32m  OK  [0m] Listening on RPCbind Server Activation Socket.
[[0;32m  OK  [0m] Listening on dropbear.socket.
[[0;32m  OK  [0m] Listening on Avahi mDNS/DNS-SD Stack Activation Socket.
[[0;32m  OK  [0m] Reached target Sockets.
[[0;32m  OK  [0m] Reached target Basic System.
         Starting Permit User Sessions...
         Starting Print notice about GPLv3 packages...
[[0;32m  OK  [0m] Started Kernel Logging Service.
         Starting Telephony service...
         Starting Avahi mDNS/DNS-SD Stack...
[[0;32m  OK  [0m] Started System Logging Service.
[[0;32m  OK  [0m] Started D-Bus System Message Bus.
[[0;32m  OK  [0m] Started Telephony service.
[[0;32m  OK  [0m] Started Avahi mDNS/DNS-SD Stack.
         Starting Login Service...
[[0;32m  OK  [0m] Started strongSwan IPsec IKEv1/IKEv2 daemon using ipsec.conf.
         Starting uim-sysfs.service...
         Starting Network Service...
[[0;32m  OK  [0m] Started Permit User Sessions.
[   22.822089] net eth1: initializing cpsw version 1.15 (0)
[[0;32m  OK  [0m] Started Network Service.
[   22.873324] FAT-fs (mmcblk1p1): Volume was not properly unmounted. Some data may be corrupt. Please run fsck.
[   22.948996] Micrel KSZ9031 Gigabit PHY 48485000.mdio:02: attached PHY driver [Micrel KSZ9031 Gigabit PHY] (mii_bus:phy_addr=48485000.mdio:02, irq=-1)
[   22.968062] IPv6: ADDRCONF(NETDEV_UP): eth1: link is not ready
[   22.985006] FAT-fs (mmcblk1p2): Volume was not properly unmounted. Some data may be corrupt. Please run fsck.
[   23.014079] FAT-fs (mmcblk0p1): Volume was not properly unmounted. Some data may be corrupt. Please run fsck.
[   23.037907] FAT-fs (mmcblk0p3): Volume was not properly unmounted. Some data may be corrupt. Please run fsck.
[   23.057453] FAT-fs (mmcblk1p3): Volume was not properly unmounted. Some data may be corrupt. Please run fsck.
[   23.506158] EXT4-fs (sdc1): recovery complete
[   23.510782] EXT4-fs (sdc1): mounted filesystem with ordered data mode. Opts: (null)
[   23.752424] EXT4-fs (sda1): mounting ext2 file system using the ext4 subsystem
[   23.817796] EXT4-fs (sda1): warning: mounting unchecked fs, running e2fsck is recommended
[   23.866394] EXT4-fs (sda1): mounted filesystem without journal. Opts: (null)
***************************************************************
***************************************************************
NOTICE: This file system contains the following GPLv3 packages:
	autoconf
	binutils-dev
	binutils
	bison-dev
	bison
	cpp-symlinks
	cpp
	dosfstools
	g++-symlinks
	g++
	gawk-dev
	gawk
	gcc-symlinks
	gcc
	gdb
	gdbc6x
	gdbserver
	gstreamer1.0-libav
	libgmp10
	libidn11
	libmpc3
	libmpfr4
	make
	nettle
	parted
	swig-dev
	swig
If you do not wish to distribute GPLv3 components please remove
the above packages prior to distribution.  This can be done using
the opkg remove command.  i.e.:
    opkg remove <package>
Where <package> is the name printed in the list above
NOTE: If the package is a dependency of another package you
      will be notified of the dependent packages.  You should
      use the --force-removal-of-dependent-packages option to
      also remove the dependent packages as well
***************************************************************
***************************************************************
[[0;32m  OK  [0m] Found device /dev/ttyS2.
[[0;32m  OK  [0m] Started Print notice about GPLv3 packages.
[[0;32m  OK  [0m] Started uim-sysfs.service.
         Starting rc.pvr.service...
[[0;32m  OK  [0m] Listening on Load/Save RF Kill Switch Status /dev/rfkill Watch.
[[0;32m  OK  [0m] Reached target Network.
         Starting Lightning Fast Webserver With Light System Requirements...
         Starting Network Name Resolution...
[[0;32m  OK  [0m] Started Serial Getty on ttyS2.
[[0;32m  OK  [0m] Started Serial Getty on ttyO2.
[[0;32m  OK  [0m] Started Getty on tty1.
[[0;32m  OK  [0m] Reached target Login Prompts.
[[0;32m  OK  [0m] Started Network Name Resolution.
[[0;32m  OK  [0m] Started rc.pvr.service.
[[0;32m  OK  [0m] Started Lightning Fast Webserver With Light System Requirements.
[[0;32m  OK  [0m] Started Login Service.
         Starting weston.service...
[[0;32m  OK  [0m] Started weston.service.
         Starting tiipclad-daemon.service...
         Starting telnetd.service...
[[0;32m  OK  [0m] Started tiipclad-daemon.service.
[[0;32m  OK  [0m] Started telnetd.service.
         Starting thttpd.service...
[[0;32m  OK  [0m] Started thttpd.service.
         Starting rng-tools.service...
[[0;32m  OK  [0m] Started rng-tools.service.
         Starting gdbserverproxy.service...
[[0;32m  OK  [0m] Started gdbserverproxy.service.
         Starting matrix-gui-2.0.service...
[[0;32m  OK  [0m] Started matrix-gui-2.0.service.
         Starting thermal-zone-init.service...
[[0;32m  OK  [0m] Started thermal-zone-init.service.
[[0;32m  OK  [0m] Reached target Multi-User System.
         Starting Update UTMP about System Runlevel Changes...
[[0;32m  OK  [0m] Started Update UTMP about System Runlevel Changes.
 _____                    _____           _         _   
|  _  |___ ___ ___ ___   |  _  |___ ___  |_|___ ___| |_ 
|     |  _| .'| . | . |  |   __|  _| . | | | -_|  _|  _|
|__|__|_| |__,|_  |___|  |__|  |_| |___|_| |___|___|_|  
              |___|                    |___|            
Arago Project http://arago-project.org am57xx-evm ttyO2
Arago 2016.07 am57xx-evm ttyO2
am57xx-evm login: 
- 03:03:04 [INFO] Host: root
- 03:03:08 [INFO] Target: 
root
7[r[999;999H[6nroot@am57xx-evm:~# 
- 03:03:08 [INFO] Sleeping 15 secs to allow systemd to finish starting processes...
- 03:03:23 [INFO] Disconnected serial from am57xx-evm
- 03:03:23 [INFO] Connected to am57xx-evm via serial 
- 03:03:23 [INFO] Host: uname -a
- 03:03:23 [INFO] Target: 
uname -a
Linux am57xx-evm 4.9.0-next-20161221-00002-g789c0f86b766 #3 SMP Wed Dec 21 01:54:56 CST 2016 armv7l GNU/Linux
root@am57xx-evm:~# 
- 03:03:23 [INFO] Host: cat /proc/cmdline
- 03:03:23 [INFO] Target: 
cat /proc/cmdline
console=ttyO2,115200n8  earlyprintk=serial,ttyO2,115200n8 rootwait  ip=:::::eth0:dhcp  root=PARTUUID=00000000-02 rw rootfstype=ext4 rootwait 
root@am57xx-evm:~# 
- 03:03:23 [INFO] Host: uname -a
- 03:03:23 [INFO] Target: 
uname -a
Linux am57xx-evm 4.9.0-next-20161221-00002-g789c0f86b766 #3 SMP Wed Dec 21 01:54:56 CST 2016 armv7l GNU/Linux
root@am57xx-evm:~# 
- 03:03:23 [INFO] Host: cat /proc/mtd
- 03:03:24 [INFO] Target: 
cat /proc/mtd
dev:    size   erasesize  name
root@am57xx-evm:~# 
- 03:03:24 [INFO] Host: cat /proc/diskstats
- 03:03:24 [INFO] Target: 
cat /proc/diskstats
   1       0 ram0 0 0 0 0 0 0 0 0 0 0 0
   1       1 ram1 0 0 0 0 0 0 0 0 0 0 0
   1       2 ram2 0 0 0 0 0 0 0 0 0 0 0
   1       3 ram3 0 0 0 0 0 0 0 0 0 0 0
   1       4 ram4 0 0 0 0 0 0 0 0 0 0 0
   1       5 ram5 0 0 0 0 0 0 0 0 0 0 0
   1       6 ram6 0 0 0 0 0 0 0 0 0 0 0
   1       7 ram7 0 0 0 0 0 0 0 0 0 0 0
   1       8 ram8 0 0 0 0 0 0 0 0 0 0 0
   1       9 ram9 0 0 0 0 0 0 0 0 0 0 0
   1      10 ram10 0 0 0 0 0 0 0 0 0 0 0
   1      11 ram11 0 0 0 0 0 0 0 0 0 0 0
   1      12 ram12 0 0 0 0 0 0 0 0 0 0 0
   1      13 ram13 0 0 0 0 0 0 0 0 0 0 0
   1      14 ram14 0 0 0 0 0 0 0 0 0 0 0
   1      15 ram15 0 0 0 0 0 0 0 0 0 0 0
   7       0 loop0 0 0 0 0 0 0 0 0 0 0 0
   7       1 loop1 0 0 0 0 0 0 0 0 0 0 0
   7       2 loop2 0 0 0 0 0 0 0 0 0 0 0
   7       3 loop3 0 0 0 0 0 0 0 0 0 0 0
   7       4 loop4 0 0 0 0 0 0 0 0 0 0 0
   7       5 loop5 0 0 0 0 0 0 0 0 0 0 0
   7       6 loop6 0 0 0 0 0 0 0 0 0 0 0
   7       7 loop7 0 0 0 0 0 0 0 0 0 0 0
 179       0 mmcblk0 3165 1082 151691 10940 29 492 4168 3340 0 5450 14280
 179       1 mmcblk0p1 116 17 11577 730 0 0 0 0 0 620 730
 179       2 mmcblk0p2 2906 1043 128476 9420 29 492 4168 3340 0 5070 12760
 179       3 mmcblk0p3 113 22 10590 660 0 0 0 0 0 560 660
 179      16 mmcblk1 573 51 41554 1740 0 0 0 0 0 840 1740
 179      17 mmcblk1p1 133 13 10445 390 0 0 0 0 0 240 390
 179      18 mmcblk1p2 125 20 10405 490 0 0 0 0 0 290 490
 179      19 mmcblk1p3 262 18 15560 700 0 0 0 0 0 400 700
 179      48 mmcblk1boot1 405 0 3240 450 0 0 0 0 0 450 450
 179      32 mmcblk1boot0 405 0 3240 460 0 0 0 0 0 460 460
   8       0 sda 196 29 12818 750 1 0 8 20 0 500 760
   8       1 sda1 176 29 11746 690 1 0 8 20 0 450 700
   8      16 sdb 526 0 31928 430 0 0 0 0 0 270 430
   8      32 sdc 283 0 24900 1180 1 0 8 30 0 690 1210
   8      33 sdc1 118 0 10362 420 1 0 8 30 0 390 450
   8      34 sdc2 1 0 2 0 0 0 0 0 0 0 0
   8      37 sdc5 132 0 12904 480 0 0 0 0 0 240 480
   8      48 sdd 526 0 31928 460 0 0 0 0 0 370 460
root@am57xx-evm:~# 
- 03:03:24 [INFO] Host: cat /proc/interrupts
- 03:03:24 [INFO] Target: 
cat /proc/interrupts
           CPU0       CPU1       
 17:          0          0      CBAR  32 Level     gp_timer
 18:          0          0     GIC-0  29 Level     arch_timer
 19:       2254       1768     GIC-0  30 Level     arch_timer
 22:          0          0      CBAR   4 Level     l3-dbg-irq
 23:          0          0     WUGEN  10 Level     l3-app-irq
 29:       4576          0      CBAR   8 Level     omap-dma-engine
 32:          0          0      CBAR 361 Level     43300000.edma_ccint
 34:          0          0      CBAR 359 Level     43300000.edma_ccerrint
 37:          1          0      CBAR  24 Level     4ae10000.gpio
 38:          1          0  4ae10000.gpio   0 Level     palmas
 70:          0          0      CBAR  25 Level     48055000.gpio
103:          0          0      CBAR  26 Level     48057000.gpio
136:          0          0      CBAR  27 Level     48059000.gpio
169:          0          0      CBAR  28 Level     4805b000.gpio
202:          0          0      CBAR  29 Level     4805d000.gpio
230:          0          0  4805d000.gpio  27 Edge      4809c000.mmc cd
235:          0          0      CBAR  30 Level     48051000.gpio
268:          0          0      CBAR 116 Level     48053000.gpio
301:       1338          0      CBAR  69 Level     OMAP UART2
327:        629          0      CBAR  51 Level     48070000.i2c
328:         47          0      CBAR  56 Level     48060000.i2c
329:       9667          0      CBAR  78 Level     mmc0
330:       4438          0      CBAR  81 Level     mmc1
331:       1850          0      CBAR  49 Level     ahci[4a140000.sata]
333:          2          0      CBAR  72 Level     dwc3-omap
338:         58          0      CBAR 335 Level     48484000.ethernet
339:         88          0      CBAR 336 Level     48484000.ethernet
345:          0          0      CBAR  47 Level     48090000.rng
414:          0          0    palmas   8 Level     48070000.i2c:tps659038@58:tps659038_rtc
416:          0          0   pinctrl 1016 Edge      48020000.serial
417:        927          0      CBAR  71 Level     xhci-hcd:usb1
418:          0          0      CBAR   2 Edge      mcp7941x
419:          0          0   pinctrl 1060 Edge      2-006f
IPI0:          0          1  CPU wakeup interrupts
IPI1:          0          0  Timer broadcast interrupts
IPI2:       5114       8500  Rescheduling interrupts
IPI3:         58        655  Function call interrupts
IPI4:          0          0  CPU stop interrupts
IPI5:         71         68  IRQ work interrupts
IPI6:          0          0  completion interrupts
Err:          0
root@am57xx-evm:~# 
- 03:03:24 [INFO] Host: cat /proc/softirqs
- 03:03:24 [INFO] Target: 
cat /proc/softirqs
                    CPU0       CPU1       
          HI:          0          1
       TIMER:       1560       1463
      NET_TX:          9          0
      NET_RX:        196         19
       BLOCK:       1261        560
    IRQ_POLL:          0          0
     TASKLET:       4576         52
       SCHED:       1093       1100
     HRTIMER:          0          0
         RCU:       7537       5147
root@am57xx-evm:~# 
- 03:03:30 [INFO] Host: export IPERFHOST=192.168.0.1
- 03:03:30 [INFO] Target: 
export IPERFHOST=192.168.0.1
root@am57xx-evm:~# 
- 03:03:30 [INFO] Host: export NFS_SERVER=192.168.0.1
- 03:03:30 [INFO] Target: 
export NFS_SERVER=192.168.0.1
root@am57xx-evm:~# 
- 03:03:30 [INFO] Host: export NFS_ROOT_PATH=/home/tigtfarm20/NFS_exports/am57xx-evm
- 03:03:30 [INFO] Target: 
export NFS_ROOT_PATH=/home/tigtfarm20/NFS_exports/am57xx-evm
root@am57xx-evm:~# 
- 03:03:30 [INFO] Host: export AP_SSID=
- 03:03:30 [INFO] Target: 
export AP_SSID=
root@am57xx-evm:~# 
- 03:03:30 [INFO] Host: mkdir -p -m 777 /test
- 03:03:30 [INFO] Target: 
mkdir -p -m 777 /test
root@am57xx-evm:~# 
- 03:03:30 [INFO] Host: cd /test
- 03:03:30 [INFO] Target: 
cd /test
root@am57xx-evm:/test# 
- 03:03:30 [INFO] Host: cat > test.sh << EOF
- 03:03:30 [INFO] Target: 
cat > test.sh << EOF
- 03:03:30 [INFO] Host: failtest() {
- 03:03:30 [INFO] Target: 
failtest() {
- 03:03:30 [INFO] Host:   echo 1 >&3
- 03:03:31 [INFO] Target: 
  echo 1 >&3
- 03:03:31 [INFO] Host: }
- 03:03:31 [INFO] Target: 
- 03:03:31 [INFO] Host: timeout=600
- 03:03:31 [INFO] Target: 
timeout=600
- 03:03:31 [INFO] Host: 
- 03:03:31 [INFO] Target: 
- 03:03:31 [INFO] Host: # Start of user's script logic
- 03:03:31 [INFO] Target: 
# Start of user's script logic
- 03:03:31 [INFO] Host: mount -t proc proc /proc 2>/dev/null;
- 03:03:31 [INFO] Target: 
mount -t proc proc /proc 2>/dev/null;
- 03:03:31 [INFO] Host: 
- 03:03:31 [INFO] Target: 
- 03:03:31 [INFO] Host: mount -t sysfs sys /sys 2>/dev/null;
- 03:03:31 [INFO] Target: 
mount -t sysfs sys /sys 2>/dev/null;
- 03:03:31 [INFO] Host: 
- 03:03:31 [INFO] Target: 
- 03:03:31 [INFO] Host: mount -t debugfs none /sys/kernel/debug 2>/dev/null;
- 03:03:31 [INFO] Target: 
mount -t debugfs none /sys/kernel/debug 2>/dev/null;
- 03:03:31 [INFO] Host: 
- 03:03:32 [INFO] Target: 
- 03:03:32 [INFO] Host: echo 'cpuinfo:';cat /proc/cpuinfo; echo '=======';
- 03:03:32 [INFO] Target: 
echo 'cpuinfo:';cat /proc/cpuinfo; echo '=======';
- 03:03:32 [INFO] Host: 
- 03:03:32 [INFO] Target: 
- 03:03:32 [INFO] Host: echo 'soc info:';head /sys/devices/soc0/* 2>/dev/null; echo '=======';
- 03:03:32 [INFO] Target: 
echo 'soc info:';head /sys/devices/soc0/* 2>/dev/null; echo '=======';
- 03:03:32 [INFO] Host: 
- 03:03:32 [INFO] Target: 
- 03:03:32 [INFO] Host: echo 'DT Model info'; head /proc/device-tree/name /proc/device-tree/model /proc/device-tree/compatible 2>/dev/null;echo; echo '=======';
- 03:03:32 [INFO] Target: 
echo 'DT Model info'; head /proc/device-tree/name /proc/device-tree/model /pro 
c/device-tree/compatible 2>/dev/null;echo; echo '=======';
- 03:03:32 [INFO] Host: 
- 03:03:32 [INFO] Target: 
- 03:03:32 [INFO] Host: echo 'interrupts:';cat /proc/interrupts; echo '=======';
- 03:03:32 [INFO] Target: 
echo 'interrupts:';cat /proc/interrupts; echo '=======';
- 03:03:32 [INFO] Host: 
- 03:03:32 [INFO] Target: 
- 03:03:32 [INFO] Host: echo 'Clk_summary:';cat /sys/kernel/debug/clk/clk_summary; echo '=======';
- 03:03:32 [INFO] Target: 
echo 'Clk_summary:';cat /sys/kernel/debug/clk/clk_summary; echo '=======';
- 03:03:32 [INFO] Host: 
- 03:03:33 [INFO] Target: 
- 03:03:33 [INFO] Host: echo "Available frequencies"; cat /sys/devices/system/cpu/cpu0/cpufreq/scaling_available_frequencies 2>/dev/null;echo '=======';
- 03:03:33 [INFO] Target: 
echo "Available frequencies"; cat /sys/devices/system/cpu/cpu0/cpufreq/scaling 
_available_frequencies 2>/dev/null;echo '=======';
- 03:03:33 [INFO] Host: 
- 03:03:33 [INFO] Target: 
- 03:03:33 [INFO] Host: TMPF=/tmp/a.\$\$; TMPF2=/tmp/b.\$\$; STR=""
- 03:03:33 [INFO] Target: 
TMPF=/tmp/a.\$\$; TMPF2=/tmp/b.\$\$; STR=""
- 03:03:33 [INFO] Host: 
- 03:03:33 [INFO] Target: 
- 03:03:33 [INFO] Host: cp /dev/kmsg \$TMPF &
- 03:03:33 [INFO] Target: 
cp /dev/kmsg \$TMPF &
- 03:03:33 [INFO] Host: 
- 03:03:33 [INFO] Target: 
- 03:03:33 [INFO] Host: PID=\$! ; sleep 5; kill -9 \$PID
- 03:03:33 [INFO] Target: 
PID=\$! ; sleep 5; kill -9 \$PID
- 03:03:33 [INFO] Host: 
- 03:03:33 [INFO] Target: 
- 03:03:33 [INFO] Host: 
- 03:03:33 [INFO] Target: 
- 03:03:33 [INFO] Host: 
- 03:03:34 [INFO] Target: 
- 03:03:34 [INFO] Host: cat \$TMPF|grep "^0">\$TMPF2; N=\`cat \$TMPF2|wc -l\`; if [ "\$N" -ne 0 ]; then STR="\$STR emerg=\$N";echo "===== EMERGE++";cat \$TMPF2|cut -d ';' -f2;echo "====="; fi
- 03:03:34 [INFO] Target: 
cat \$TMPF|grep "^0">\$TMPF2; N=\`cat \$TMPF2|wc -l\`; if [ "\$N" -ne 0 ]; the 
n STR="\$STR emerg=\$N";echo "===== EMERGE++";cat \$TMPF2|cut -d ';' -f2;echo "= 
===="; fi
- 03:03:34 [INFO] Host: 
- 03:03:34 [INFO] Target: 
- 03:03:34 [INFO] Host: cat \$TMPF|grep "^1">\$TMPF2; N=\`cat \$TMPF2|wc -l\`; if [ "\$N" -ne 0 ]; then STR="\$STR alert=\$N";echo "===== ALERT ==";cat \$TMPF2|cut -d ';' -f2;echo "====="; fi
- 03:03:34 [INFO] Target: 
cat \$TMPF|grep "^1">\$TMPF2; N=\`cat \$TMPF2|wc -l\`; if [ "\$N" -ne 0 ]; the 
n STR="\$STR alert=\$N";echo "===== ALERT ==";cat \$TMPF2|cut -d ';' -f2;echo "= 
===="; fi
- 03:03:34 [INFO] Host: 
- 03:03:34 [INFO] Target: 
- 03:03:34 [INFO] Host: cat \$TMPF|grep "^2">\$TMPF2; N=\`cat \$TMPF2|wc -l\`; if [ "\$N" -ne 0 ]; then STR="\$STR crit=\$N";echo "===== CRIT ==";cat \$TMPF2|cut -d ';' -f2;echo "====="; fi
- 03:03:34 [INFO] Target: 
cat \$TMPF|grep "^2">\$TMPF2; N=\`cat \$TMPF2|wc -l\`; if [ "\$N" -ne 0 ]; the 
n STR="\$STR crit=\$N";echo "===== CRIT ==";cat \$TMPF2|cut -d ';' -f2;echo "=== 
=="; fi
- 03:03:34 [INFO] Host: 
- 03:03:34 [INFO] Target: 
- 03:03:34 [INFO] Host: cat \$TMPF|grep "^3">\$TMPF2; N=\`cat \$TMPF2|wc -l\`; if [ "\$N" -ne 0 ]; then STR="\$STR err=\$N";echo "===== ERR ==";cat \$TMPF2|cut -d ';' -f2;echo "=====" ;fi
- 03:03:34 [INFO] Target: 
cat \$TMPF|grep "^3">\$TMPF2; N=\`cat \$TMPF2|wc -l\`; if [ "\$N" -ne 0 ]; the 
n STR="\$STR err=\$N";echo "===== ERR ==";cat \$TMPF2|cut -d ';' -f2;echo "===== 
" ;fi
- 03:03:34 [INFO] Host: 
- 03:03:34 [INFO] Target: 
- 03:03:34 [INFO] Host: cat \$TMPF|grep "^4">\$TMPF2; N=\`cat \$TMPF2|wc -l\`; if [ "\$N" -ne 0 ]; then STR="\$STR warn=\$N";echo "===== WARN ==";cat \$TMPF2|cut -d ';' -f2;echo "=====" ;fi
- 03:03:34 [INFO] Target: 
cat \$TMPF|grep "^4">\$TMPF2; N=\`cat \$TMPF2|wc -l\`; if [ "\$N" -ne 0 ]; the 
n STR="\$STR warn=\$N";echo "===== WARN ==";cat \$TMPF2|cut -d ';' -f2;echo "=== 
==" ;fi
- 03:03:34 [INFO] Host: 
- 03:03:35 [INFO] Target: 
- 03:03:35 [INFO] Host: rm \$TMPF \$TMPF2; echo "SUM""MARY RESULT: BOOT:" 'PASS: H''ello World' 'B''oard' "Booted" "Boot Log has::::\$STR:"
- 03:03:35 [INFO] Target: 
rm \$TMPF \$TMPF2; echo "SUM""MARY RESULT: BOOT:" 'PASS: H''ello World' 'B''oa 
rd' "Booted" "Boot Log has::::\$STR:"
- 03:03:35 [INFO] Host: 
- 03:03:35 [INFO] Target: 
- 03:03:35 [INFO] Host: EOF
- 03:03:35 [INFO] Target: 
root@am57xx-evm:/test# 
- 03:03:35 [INFO] Host: cd /test
- 03:03:35 [INFO] Target: 
cd /test
root@am57xx-evm:/test# 
- 03:03:35 [INFO] Host: chmod +x test.sh
- 03:03:35 [INFO] Target: 
chmod +x test.sh
root@am57xx-evm:/test# 
- 03:03:35 [INFO] Host: ./test.sh 2> stderr.log > stdout.log 3> result.log
- 03:03:41 [INFO] Target: 
./test.sh 2> stderr.log > stdout.log 3> result.log
root@am57xx-evm:/test# 
- 03:03:41 [INFO] Host: echo $?
- 03:03:41 [INFO] Target: 
echo $?
root@am57xx-evm:/test# 
- 03:03:41 [INFO] Host: cd /test
- 03:03:41 [INFO] Target: 
cd /test
root@am57xx-evm:/test# 
- 03:03:41 [INFO] Host: cat stdout.log
- 03:03:44 [INFO] Target: 
cat stdout.log
cpuinfo:
processor	: 0
model name	: ARMv7 Processor rev 2 (v7l)
BogoMIPS	: 12.29
Features	: half thumb fastmult vfp edsp thumbee neon vfpv3 tls vfpv4 idiva idivt vfpd32 lpae evtstrm 
CPU implementer	: 0x41
CPU architecture: 7
CPU variant	: 0x2
CPU part	: 0xc0f
CPU revision	: 2
processor	: 1
model name	: ARMv7 Processor rev 2 (v7l)
BogoMIPS	: 12.29
Features	: half thumb fastmult vfp edsp thumbee neon vfpv3 tls vfpv4 idiva idivt vfpd32 lpae evtstrm 
CPU implementer	: 0x41
CPU architecture: 7
CPU variant	: 0x2
CPU part	: 0xc0f
CPU revision	: 2
Hardware	: Generic DRA74X (Flattened Device Tree)
Revision	: 0000
Serial		: 0000000000000000
=======
soc info:
==> /sys/devices/soc0/deferred_probe <==
==> /sys/devices/soc0/family <==
DRA7
==> /sys/devices/soc0/machine <==
DRA752
==> /sys/devices/soc0/power <==
==> /sys/devices/soc0/revision <==
ES2.0
==> /sys/devices/soc0/subsystem <==
==> /sys/devices/soc0/type <==
==> /sys/devices/soc0/uevent <==
=======
DT Model info
==> /proc/device-tree/name <==
==> /proc/device-tree/model <==
TI AM5728 BeagleBoard-X15
==> /proc/device-tree/compatible <==
ti,am572x-beagle-x15ti,am5728ti,dra742ti,dra74ti,dra7
=======
interrupts:
           CPU0       CPU1       
 17:          0          0      CBAR  32 Level     gp_timer
 18:          0          0     GIC-0  29 Level     arch_timer
 19:       2428       2015     GIC-0  30 Level     arch_timer
 22:          0          0      CBAR   4 Level     l3-dbg-irq
 23:          0          0     WUGEN  10 Level     l3-app-irq
 29:       4972          0      CBAR   8 Level     omap-dma-engine
 32:          0          0      CBAR 361 Level     43300000.edma_ccint
 34:          0          0      CBAR 359 Level     43300000.edma_ccerrint
 37:          1          0      CBAR  24 Level     4ae10000.gpio
 38:          1          0  4ae10000.gpio   0 Level     palmas
 70:          0          0      CBAR  25 Level     48055000.gpio
103:          0          0      CBAR  26 Level     48057000.gpio
136:          0          0      CBAR  27 Level     48059000.gpio
169:          0          0      CBAR  28 Level     4805b000.gpio
202:          0          0      CBAR  29 Level     4805d000.gpio
230:          0          0  4805d000.gpio  27 Edge      4809c000.mmc cd
235:          0          0      CBAR  30 Level     48051000.gpio
268:          0          0      CBAR 116 Level     48053000.gpio
301:       8408          0      CBAR  69 Level     OMAP UART2
327:        629          0      CBAR  51 Level     48070000.i2c
328:         47          0      CBAR  56 Level     48060000.i2c
329:      10017          0      CBAR  78 Level     mmc0
330:       5446          0      CBAR  81 Level     mmc1
331:       2290          0      CBAR  49 Level     ahci[4a140000.sata]
333:          2          0      CBAR  72 Level     dwc3-omap
338:         58          0      CBAR 335 Level     48484000.ethernet
339:         89          0      CBAR 336 Level     48484000.ethernet
345:          0          0      CBAR  47 Level     48090000.rng
414:          0          0    palmas   8 Level     48070000.i2c:tps659038@58:tps659038_rtc
416:          0          0   pinctrl 1016 Edge      48020000.serial
417:        943          0      CBAR  71 Level     xhci-hcd:usb1
418:          0          0      CBAR   2 Edge      mcp7941x
419:          0          0   pinctrl 1060 Edge      2-006f
IPI0:          0          1  CPU wakeup interrupts
IPI1:          0          0  Timer broadcast interrupts
IPI2:       5789      15356  Rescheduling interrupts
IPI3:         58        866  Function call interrupts
IPI4:          0          0  CPU stop interrupts
IPI5:         83         94  IRQ work interrupts
IPI6:          0          0  completion interrupts
Err:          0
=======
Clk_summary:
   clock                         enable_cnt  prepare_cnt        rate   accuracy   phase
----------------------------------------------------------------------------------------
 dummy_ck                                 0            0           0          0 0  
 video2_m2_clkin_ck                       0            0           0          0 0  
    video2_dclk_div                       0            0           0          0 0  
 video2_clkin_ck                          0            0           0          0 0  
    video2_div_clk                        0            0           0          0 0  
    video2_clk2_div                       0            0           0          0 0  
 video1_m2_clkin_ck                       0            0           0          0 0  
    video1_dclk_div                       0            0           0          0 0  
 video1_clkin_ck                          0            0           0          0 0  
    video1_div_clk                        0            0           0          0 0  
    video1_clk2_div                       0            0           0          0 0  
 usb_otg_clkin_ck                         0            0           0          0 0  
    usb_otg_dclk_div                      0            0           0          0 0  
 sys_clkin2                               0            0    22579200          0 0  
    sys_clk2_dclk_div                     0            0    22579200          0 0  
 virt_38400000_ck                         0            0    38400000          0 0  
 virt_27000000_ck                         0            0    27000000          0 0  
 virt_26000000_ck                         0            0    26000000          0 0  
 virt_20000000_ck                         1            1    20000000          0 0  
    sys_clkin1                            8           15    20000000          0 0  
       wkupaon_iclk_mux                  11           13    20000000          0 0  
          l3instr_ts_gclk_div             0            0      625000          0 0  
       dpll_usb_ck                        1            1   960000000          0 0  
          dpll_usb_clkdcoldo              1            1   960000000          0 0  
             l3init_960m_gfclk            1            2   960000000          0 0  
                usb_otg_ss2_refclk960m           0            2   960000000          0 0  
                usb_otg_ss1_refclk960m           2            3   960000000          0 0  
          dpll_usb_m2_ck                  0            0   480000000          0 0  
             l3init_480m_dclk_div           0            0   480000000          0 0  
             l3init_60m_fclk              0            0    60000000          0 0  
       dpll_usb_byp_mux                   0            0    20000000          0 0  
       dpll_per_ck                        1            1   384000000          0 0  
          dpll_per_x2_ck                  1            3   768000000          0 0  
             dpll_per_m2x2_ck             2            5   192000000          0 0  
                mmc2_fclk_mux             1            1   192000000          0 0  
                   mmc2_fclk_div           1            1   192000000          0 0  
                mmc1_fclk_mux             0            1   192000000          0 0  
                   mmc1_fclk_div           0            1   192000000          0 0  
                func_96m_fclk             0            5    96000000          0 0  
                func_48m_fclk             2           18    48000000          0 0  
                   uart6_gfclk_mux           0            1    48000000          0 0  
                   uart10_gfclk_mux           0            1    48000000          0 0  
                   uart9_gfclk_mux           0            1    48000000          0 0  
                   uart8_gfclk_mux           0            1    48000000          0 0  
                   uart7_gfclk_mux           0            1    48000000          0 0  
                   uart5_gfclk_mux           0            1    48000000          0 0  
                   uart4_gfclk_mux           0            1    48000000          0 0  
                   uart3_gfclk_mux           1            1    48000000          0 0  
                   uart2_gfclk_mux           0            1    48000000          0 0  
                   uart1_gfclk_mux           0            1    48000000          0 0  
                   mmc4_gfclk_mux           0            1    48000000          0 0  
                      mmc4_gfclk_div           0            1    48000000          0 0  
                   mmc3_gfclk_mux           0            1    48000000          0 0  
                      mmc3_gfclk_div           0            1    48000000          0 0  
                   dss_48mhz_clk           0            2    48000000          0 0  
                func_12m_fclk             0            1    12000000          0 0  
             dpll_per_h14x2_ck            0            0   384000000          0 0  
             dpll_per_h13x2_ck            0            1    76800000          0 0  
                qspi_gfclk_mux            0            1    76800000          0 0  
                   qspi_gfclk_div           0            1    76800000          0 0  
             dpll_per_h12x2_ck            0            1   192000000          0 0  
                dss_dss_clk               0            3   192000000          0 0  
             dpll_per_h11x2_ck            0            0   256000000          0 0  
                func_128m_clk             0            0   128000000          0 0  
          dpll_per_m2_ck                  0            0    96000000          0 0  
             func_24m_clk                 0            0    24000000          0 0  
             func_96m_aon_dclk_div           0            0    96000000          0 0  
       dpll_per_byp_mux                   0            0    20000000          0 0  
       dpll_eve_byp_mux                   0            0    20000000          0 0  
          dpll_eve_ck                     0            0    20000000          0 0  
             dpll_eve_m2_ck               0            0    20000000          0 0  
                eve_clk                   0            0    20000000          0 0  
                eve_dclk_div              0            0    20000000          0 0  
       dpll_gmac_ck                       2            3  1000000000          0 0  
          dpll_gmac_x2_ck                 0            0  2000000000          0 0  
             dpll_gmac_m3x2_ck            0            0   200000000          0 0  
             dpll_gmac_h13x2_ck           0            0   200000000          0 0  
             dpll_gmac_h12x2_ck           0            0   250000000          0 0  
             dpll_gmac_h11x2_ck           0            0    50000000          0 0  
                rmii_50mhz_clk_mux           0            0    50000000          0 0  
                gmii_m_clk_div            0            0    25000000          0 0  
          dpll_gmac_m2_ck                 0            0   250000000          0 0  
             gmac_250m_dclk_div           0            0   250000000          0 0  
                gmac_main_clk             0            0   125000000          0 0  
       dpll_gmac_byp_mux                  0            0    20000000          0 0  
       dpll_ddr_ck                        0            0  1064000000          0 0  
          dpll_ddr_x2_ck                  0            0  2128000000          0 0  
             dpll_ddr_h11x2_ck            0            0   266000000          0 0  
          dpll_ddr_m2_ck                  0            0   532000000          0 0  
             emif_phy_dclk_div            0            0   532000000          0 0  
       dpll_ddr_byp_mux                   0            0    20000000          0 0  
       dpll_gpu_ck                        0            0  1064000000          0 0  
          dpll_gpu_m2_ck                  0            0   532000000          0 0  
             gpu_dclk                     0            0   532000000          0 0  
       dpll_gpu_byp_mux                   0            0    20000000          0 0  
       dpll_iva_ck                        0            0  1064000000          0 0  
          dpll_iva_m2_ck                  0            0   532000000          0 0  
             iva_dclk                     0            0   532000000          0 0  
       dpll_iva_byp_mux                   0            0    20000000          0 0  
       dpll_dsp_ck                        0            0   750000000          0 0  
          dpll_dsp_x2_ck                  0            0  1500000000          0 0  
             dpll_dsp_m3x2_ck             0            0   500000000          0 0  
          dpll_dsp_m2_ck                  0            0   750000000          0 0  
             dsp_gclk_div                 0            0   750000000          0 0  
       dpll_dsp_byp_mux                   0            0    20000000          0 0  
       dpll_mpu_ck                        1            1  1000000000          0 0  
          dpll_mpu_m2_ck                  1            1  1000000000          0 0  
             mpu_dclk_div                 0            0  1000000000          0 0  
       dpll_core_ck                       1            1  1064000000          0 0  
          dpll_core_m2_ck                 0            0   532000000          0 0  
             core_dpll_out_dclk_div           0            0   532000000          0 0  
          dpll_core_x2_ck                 2            3  2128000000          0 0  
             dpll_core_h24x2_ck           0            1   354666667          0 0  
             dpll_core_h23x2_ck           0            0   532000000          0 0  
             dpll_core_h22x2_ck           0            0   425600000          0 0  
             dpll_core_h14x2_ck           0            0   425600000          0 0  
                gpu_hyd_gclk_mux           0            0   425600000          0 0  
                gpu_core_gclk_mux           0            0   425600000          0 0  
             dpll_core_h13x2_ck           5            8    34322581          0 0  
             dpll_core_h12x2_ck           1            1   532000000          0 0  
                l3_iclk_div             104          120   266000000          0 0  
                   dss_deshdcp_clk           1            2   266000000          0 0  
                   vip3_gclk_mux           0            0   266000000          0 0  
                   vip2_gclk_mux           0            0   266000000          0 0  
                   vip1_gclk_mux           0            0   266000000          0 0  
