- 01:52:00 [INFO] Starting target session
- 01:52:00 [INFO] Connected to am57xx-evm via serial 
- 01:52:00 [INFO] Host: #check prompt
- 01:52:03 [ERROR] On command: #check prompt waiting for #check prompt.+?(?-mix:((?-mix:login:)|[Pp]assword)) >>> error: execution expired
- 01:52:03 [INFO] Target: 
#check prompt
root@am57xx-evm:/test# 
- 01:52:03 [INFO] Host: #check prompt
- 01:52:03 [INFO] Target: 
#check prompt
root@am57xx-evm:/test# 
- 01:52:03 [INFO] Host: sync;poweroff
- 01:52:15 [INFO] Target: 
sync;poweroff
Broadcast message from root@am57xx-evm (ttyO2) (Sun Feb 21 17:25:34 2016):
The system is going down forlevel: 0
INIT: Sending processes theUIM SYSFS Node Not Found
Stopping Dropbear SSH server: stopped /usr/sbin/dropbear (pid 987)
dropbear.
Stopping telnet daemon.
Stopping tiipclad daemon.
Stopping system message bus: dbus.
hwclock: can't open '/dev/misc/rtc': No such file or directory
Error opening /dev/fb0: No such file or directory
Stopping syslogd/klogd: stopped syslogd (pid 1010)
stopped klogd (pid 1013)
done
Stopping thttpd.
Stopping Weston
stopping statd: done
Stopping random number generator daemon.
ALSA: Storing mixer settings...
/usr/sbin/alsactl: save_state:1590: No soundcards found...
Stopping rpcbind daemon...
done.
Stopping Lighttpd Web Server: stopped /usr/sbin/lighttpd (pid 1020)
lighttpd.
Deconfiguring network interfaces... done.
Stopping Matrix GUI applicationstart-stop-daemon: warning: killing process 1028: No such process
Disabling thermal zones...
/etc/rc0.d/K98thermal-zone-init: line 13: /sys/class/thermal/thermal_zone*/mode: No such file or directory
***************************************************************
***************************************************************
NOTICE: This file system contains the following GPLv3 packages:
	autoconf
	binutils
	cpp-symlinks
	cpp
	g++-symlinks
	g++
	gcc-symlinks
	gcc
	gdbc6x
	gdbserver
	gstreamer1.0-libav
	libgmp10
	libmpc3
	libmpfr4
	make
	parted
If you do not wish to distribute GPLv3 components please remove
the above packages prior to distribution.  This can be done using
the opkg remove command.  i.e.:
    opkg remove <package>
Where <package> is the name printed in the list above
NOTE: If the package is a dependency of another package you
      will be notified of the dependent packages.  You should
      use the --force-removal-of-dependent-packages option to
      also remove the dependent packages as well
***************************************************************
***************************************************************
Sending all processes the TERM signal...
Sending all processes the KILL signal...
Unmounting remote filesystems...
Deactivating swap...
Unmounting local filesystems...
[ 1902.296728] EXT4-fs (mmcblk0p2): re-mounted. Opts: data=ordered
[ 1905.043818] reboot: Power down
- 01:52:15 [INFO] Disconnected serial from am57xx-evm
- 01:52:20 [INFO] Connected to am57xx-evm via serial 
- 01:52:20 [INFO] Host: 
- 01:52:21 [INFO] Target: 
U-Boot 2016.05-rc3-00242-g359d4c4 (May 11 2016 - 07:03:51 -0500), Build: jenkins-ti-uboot-compile-test-111
CPU  : DRA752-GP ES1.1
Model: TI AM5728 BeagleBoard-X15
Board: AM572x EVM REV A.20
I2C:   ready
DRAM:  2 GiB
MMC:   OMAP SD/MMC: 0, OMAP SD/MMC: 1
reading uboot.env
SCSI:  0 device not found
ERROR: scsi device not found
at /home/lcpdbld/jenkins_ws/workspace/ti-uboot-compile-test/uboot/drivers/block/disk-uclass.c:43/scsi_init()
Net:   cpsw
Hit any key to stop autoboot:  6  0 
=>  
=>  
- 01:52:21 [INFO] Host: 
- 01:52:21 [INFO] Target: 
- 01:52:21 [INFO] Host: version
- 01:52:21 [INFO] Target: 
version
U-Boot 2016.05-rc3-00242-g359d4c4 (May 11 2016 - 07:03:51 -0500)
arm-linux-gnueabihf-gcc (Linaro GCC 5.3-2016.02) 5.3.1 20160113
GNU ld (GNU Binutils) 2.25.0 Linaro 2015_10
- 01:52:21 [INFO] Host: setenv bootargs 'console=ttyO2,115200n8  earlyprintk=serial,ttyO2,115200n8 rootwait '
- 01:52:21 [INFO] Target: 
setenv bootargs 'console=ttyO2,115200n8  earlyprintk=serial,ttyO2,115200n8 rootwait '
- 01:52:21 [INFO] Host: setenv bootcmd  ''
- 01:52:21 [INFO] Target: 
setenv bootcmd  ''
- 01:52:21 [INFO] Host: setenv autoload 'no'
- 01:52:21 [INFO] Target: 
setenv autoload 'no'
- 01:52:21 [INFO] Host: setenv serverip '192.168.0.1'
- 01:52:21 [INFO] Target: 
setenv serverip '192.168.0.1'
- 01:52:21 [INFO] Host: setenv _initramfs -
- 01:52:21 [INFO] Target: 
setenv _initramfs -
- 01:52:21 [INFO] Host: printenv
- 01:52:22 [INFO] Target: 
printenv
_initramfs=-
arch=arm
args_mmc=run finduuid;setenv bootargs console=${console} ${optargs} root=PARTUUID=${uuid} rw rootfstype=${mmcrootfstype}
autoload=no
baudrate=115200
board=am57xx
board_name=am57xx_evm
board_rev=A.20
board_serial=33154P550015
bootargs=console=ttyO2,115200n8  earlyprintk=serial,ttyO2,115200n8 rootwait 
bootcmd=
bootdelay=6
bootdir=/boot
bootenvfile=uEnv.txt
bootfile=zImage
bootm_size=0x10000000
bootpart=0:2
bootscript=echo Running bootscript from mmc${mmcdev} ...; source ${loadaddr}
console=ttyO2,115200n8
cpu=armv7
dfu_alt_info_emmc=rawemmc raw 0 3751936;boot part 1 1;rootfs part 1 2;MLO fat 1 1;MLO.raw raw 0x100 0x100;u-boot.img.raw raw 0x300 0x400;spl-os-args.raw raw 0x80 0x80;spl-os-image.raw raw 0x900 0x2000;spl-os-args fat 1 1;spl-os-image fat 1 1;u-boot.img fat 1 1;uEnv.txt fat 1 1
dfu_alt_info_mmc=boot part 0 1;rootfs part 0 2;MLO fat 0 1;MLO.raw raw 0x100 0x100;u-boot.img.raw raw 0x300 0x400;spl-os-args.raw raw 0x80 0x80;spl-os-image.raw raw 0x900 0x2000;spl-os-args fat 0 1;spl-os-image fat 0 1;u-boot.img fat 0 1;uEnv.txt fat 0 1
dfu_alt_info_qspi=MLO raw 0x0 0x010000;MLO.backup1 raw 0x010000 0x010000;MLO.backup2 raw 0x020000 0x010000;MLO.backup3 raw 0x030000 0x010000;u-boot.img raw 0x040000 0x0100000;u-boot-spl-os raw 0x140000 0x080000;u-boot-env raw 0x1C0000 0x010000;u-boot-env.backup raw 0x1D0000 0x010000;kernel raw 0x1E0000 0x800000
dfu_alt_info_ram=kernel ram 0x80200000 0x4000000;fdt ram 0x80f80000 0x80000;ramdisk ram 0x81000000 0x4000000
dfu_bufsiz=0x10000
dofastboot=0
envboot=mmc dev ${mmcdev}; if mmc rescan; then echo SD/MMC found on device ${mmcdev};if run loadbootscript; then run bootscript;else if run loadbootenv; then echo Loaded env from ${bootenvfile};run importbootenv;fi;if test -n $uenvcmd; then echo Running uenvcmd ...;run uenvcmd;fi;fi;fi;
eth1addr=74:da:ea:08:7b:07
ethact=cpsw
ethaddr=74:da:ea:08:7b:06
fdt_addr_r=0x88000000
fdtaddr=0x88000000
fdtcontroladdr=fef340f0
fdtfile=undefined
findfdt=if test $board_name = omap5_uevm; then setenv fdtfile omap5-uevm.dtb; fi; if test $board_name = dra7xx; then setenv fdtfile dra7-evm.dtb; fi;if test $board_name = dra72x; then setenv fdtfile dra72-evm.dtb; fi;if test $board_name = beagle_x15; then setenv fdtfile am57xx-beagle-x15.dtb; fi;if test $board_name = beagle_x15_es2plus; then setenv fdtfile am57xx-beagle-x15-es2plus.dtb; fi;if test $board_name = am57xx_evm; then setenv fdtfile am57xx-evm.dtb; fi;if test $board_name = am57xx_evm_es2plus; then setenv fdtfile am57xx-evm-es2plus.dtb; fi;if test $board_name = am572x_idk; then setenv fdtfile am572x-idk.dtb; fi;if test $board_name = am571x_idk; then setenv fdtfile am571x-idk.dtb; fi;if test $board_name = am572x_idk_osd; then setenv fdtfile am572x-idk-lcd-osd.dtb; fi;if test $board_name = am571x_idk_osd; then setenv fdtfile am571x-idk-lcd-osd.dtb; fi;if test $fdtfile = undefined; then echo WARNING: Could not determine device tree to use; fi; 
finduuid=part uuid mmc 0:2 uuid
importbootenv=echo Importing environment from mmc${mmcdev} ...; env import -t ${loadaddr} ${filesize}
kernel_addr_r=0x82000000
loadaddr=0x82000000
loadbootenv=fatload mmc ${mmcdev} ${loadaddr} ${bootenvfile}
loadbootscript=fatload mmc ${mmcdev} ${loadaddr} boot.scr
loadfdt=load mmc ${bootpart} ${fdtaddr} ${bootdir}/${fdtfile};
loadimage=load mmc ${bootpart} ${loadaddr} ${bootdir}/${bootfile}
mmcboot=mmc dev ${mmcdev}; if mmc rescan; then echo SD/MMC found on device ${mmcdev};if run loadimage; then run loadfdt; echo Booting from mmc${mmcdev} ...; run args_mmc; bootz ${loadaddr} - ${fdtaddr}; fi;fi;
mmcdev=0
mmcrootfstype=ext4 rootwait
netargs=setenv bootargs console=${console} ${optargs} root=/dev/nfs nfsroot=${serverip}:${rootpath},${nfsopts} rw ip=dhcp
netboot=echo Booting from network ...; setenv autoload no; dhcp; run netloadimage; run netloadfdt; run netargs; bootz ${loadaddr} - ${fdtaddr}
netloadfdt=tftp ${fdtaddr} ${fdtfile}
netloadimage=tftp ${loadaddr} ${bootfile}
nfsopts=nolock
partitions=uuid_disk=${uuid_gpt_disk};name=rootfs,start=2MiB,size=-,uuid=${uuid_gpt_rootfs}
ramdisk_addr_r=0x88080000
rdaddr=0x88080000
rootpath=/export/rootfs
scsidevs=0
serverip=192.168.0.1
soc=omap5
static_ip=${ipaddr}:${serverip}:${gatewayip}:${netmask}:${hostname}::off
stderr=serial@48020000
stdin=serial@48020000
stdout=serial@48020000
usbtty=cdc_acm
vendor=ti
ver=U-Boot 2016.05-rc3-00242-g359d4c4 (May 11 2016 - 07:03:51 -0500)
vram=16M
Environment size: 4542/65532 bytes
- 01:52:22 [INFO] Host: printenv
- 01:52:22 [INFO] Target: 
printenv
_initramfs=-
arch=arm
args_mmc=run finduuid;setenv bootargs console=${console} ${optargs} root=PARTUUID=${uuid} rw rootfstype=${mmcrootfstype}
autoload=no
baudrate=115200
board=am57xx
board_name=am57xx_evm
board_rev=A.20
board_serial=33154P550015
bootargs=console=ttyO2,115200n8  earlyprintk=serial,ttyO2,115200n8 rootwait 
bootcmd=
bootdelay=6
bootdir=/boot
bootenvfile=uEnv.txt
bootfile=zImage
bootm_size=0x10000000
bootpart=0:2
bootscript=echo Running bootscript from mmc${mmcdev} ...; source ${loadaddr}
console=ttyO2,115200n8
cpu=armv7
dfu_alt_info_emmc=rawemmc raw 0 3751936;boot part 1 1;rootfs part 1 2;MLO fat 1 1;MLO.raw raw 0x100 0x100;u-boot.img.raw raw 0x300 0x400;spl-os-args.raw raw 0x80 0x80;spl-os-image.raw raw 0x900 0x2000;spl-os-args fat 1 1;spl-os-image fat 1 1;u-boot.img fat 1 1;uEnv.txt fat 1 1
dfu_alt_info_mmc=boot part 0 1;rootfs part 0 2;MLO fat 0 1;MLO.raw raw 0x100 0x100;u-boot.img.raw raw 0x300 0x400;spl-os-args.raw raw 0x80 0x80;spl-os-image.raw raw 0x900 0x2000;spl-os-args fat 0 1;spl-os-image fat 0 1;u-boot.img fat 0 1;uEnv.txt fat 0 1
dfu_alt_info_qspi=MLO raw 0x0 0x010000;MLO.backup1 raw 0x010000 0x010000;MLO.backup2 raw 0x020000 0x010000;MLO.backup3 raw 0x030000 0x010000;u-boot.img raw 0x040000 0x0100000;u-boot-spl-os raw 0x140000 0x080000;u-boot-env raw 0x1C0000 0x010000;u-boot-env.backup raw 0x1D0000 0x010000;kernel raw 0x1E0000 0x800000
dfu_alt_info_ram=kernel ram 0x80200000 0x4000000;fdt ram 0x80f80000 0x80000;ramdisk ram 0x81000000 0x4000000
dfu_bufsiz=0x10000
dofastboot=0
envboot=mmc dev ${mmcdev}; if mmc rescan; then echo SD/MMC found on device ${mmcdev};if run loadbootscript; then run bootscript;else if run loadbootenv; then echo Loaded env from ${bootenvfile};run importbootenv;fi;if test -n $uenvcmd; then echo Running uenvcmd ...;run uenvcmd;fi;fi;fi;
eth1addr=74:da:ea:08:7b:07
ethact=cpsw
ethaddr=74:da:ea:08:7b:06
fdt_addr_r=0x88000000
fdtaddr=0x88000000
fdtcontroladdr=fef340f0
fdtfile=undefined
findfdt=if test $board_name = omap5_uevm; then setenv fdtfile omap5-uevm.dtb; fi; if test $board_name = dra7xx; then setenv fdtfile dra7-evm.dtb; fi;if test $board_name = dra72x; then setenv fdtfile dra72-evm.dtb; fi;if test $board_name = beagle_x15; then setenv fdtfile am57xx-beagle-x15.dtb; fi;if test $board_name = beagle_x15_es2plus; then setenv fdtfile am57xx-beagle-x15-es2plus.dtb; fi;if test $board_name = am57xx_evm; then setenv fdtfile am57xx-evm.dtb; fi;if test $board_name = am57xx_evm_es2plus; then setenv fdtfile am57xx-evm-es2plus.dtb; fi;if test $board_name = am572x_idk; then setenv fdtfile am572x-idk.dtb; fi;if test $board_name = am571x_idk; then setenv fdtfile am571x-idk.dtb; fi;if test $board_name = am572x_idk_osd; then setenv fdtfile am572x-idk-lcd-osd.dtb; fi;if test $board_name = am571x_idk_osd; then setenv fdtfile am571x-idk-lcd-osd.dtb; fi;if test $fdtfile = undefined; then echo WARNING: Could not determine device tree to use; fi; 
finduuid=part uuid mmc 0:2 uuid
importbootenv=echo Importing environment from mmc${mmcdev} ...; env import -t ${loadaddr} ${filesize}
kernel_addr_r=0x82000000
loadaddr=0x82000000
loadbootenv=fatload mmc ${mmcdev} ${loadaddr} ${bootenvfile}
loadbootscript=fatload mmc ${mmcdev} ${loadaddr} boot.scr
loadfdt=load mmc ${bootpart} ${fdtaddr} ${bootdir}/${fdtfile};
loadimage=load mmc ${bootpart} ${loadaddr} ${bootdir}/${bootfile}
mmcboot=mmc dev ${mmcdev}; if mmc rescan; then echo SD/MMC found on device ${mmcdev};if run loadimage; then run loadfdt; echo Booting from mmc${mmcdev} ...; run args_mmc; bootz ${loadaddr} - ${fdtaddr}; fi;fi;
mmcdev=0
mmcrootfstype=ext4 rootwait
netargs=setenv bootargs console=${console} ${optargs} root=/dev/nfs nfsroot=${serverip}:${rootpath},${nfsopts} rw ip=dhcp
netboot=echo Booting from network ...; setenv autoload no; dhcp; run netloadimage; run netloadfdt; run netargs; bootz ${loadaddr} - ${fdtaddr}
netloadfdt=tftp ${fdtaddr} ${fdtfile}
netloadimage=tftp ${loadaddr} ${bootfile}
nfsopts=nolock
partitions=uuid_disk=${uuid_gpt_disk};name=rootfs,start=2MiB,size=-,uuid=${uuid_gpt_rootfs}
ramdisk_addr_r=0x88080000
rdaddr=0x88080000
rootpath=/export/rootfs
scsidevs=0
serverip=192.168.0.1
soc=omap5
static_ip=${ipaddr}:${serverip}:${gatewayip}:${netmask}:${hostname}::off
stderr=serial@48020000
stdin=serial@48020000
stdout=serial@48020000
usbtty=cdc_acm
vendor=ti
ver=U-Boot 2016.05-rc3-00242-g359d4c4 (May 11 2016 - 07:03:51 -0500)
vram=16M
Environment size: 4542/65532 bytes
- 01:52:22 [INFO] Host: setenv bootargs ''${bootargs}' ip=:::::eth0:dhcp '
- 01:52:22 [INFO] Target: 
setenv bootargs ''${bootargs}' ip=:::::eth0:dhcp '
- 01:52:22 [INFO] Host: setenv serverip '192.168.0.1'
- 01:52:22 [INFO] Target: 
setenv serverip '192.168.0.1'
- 01:52:22 [INFO] Host: setenv autoload 'no'
- 01:52:23 [INFO] Target: 
setenv autoload 'no'
- 01:52:23 [INFO] Host: dhcp
- 01:52:27 [INFO] Target: 
dhcp
cpsw Waiting for PHY auto negotiation to complete...... done
link up on port 0, speed 1000, full duplex
BOOTP broadcast 1
BOOTP broadcast 2
BOOTP broadcast 3
DHCP client bound to address 192.168.0.74 (1002 ms)
- 01:52:27 [INFO] Host: tftp ${loadaddr} 192.168.0.1:vatf_am57xx-evm/0bd8e37fb0db963daae757a897bd1261
- 01:52:28 [INFO] Target: 
tftp ${loadaddr} 192.168.0.1:vatf_am57xx-evm/0bd8e37fb0db963daae757a897bd1261
link up on port 0, speed 1000, full duplex
Using cpsw device
TFTP from server 192.168.0.1; our IP address is 192.168.0.74
Filename 'vatf_am57xx-evm/0bd8e37fb0db963daae757a897bd1261'.
Load address: 0x82000000
Loading: *#################################################################
	 #################################################################
	 #################################################################
	 #################################################################
	 #################################################################
	 #################################################################
	 #################################################################
	 ########################
	 12.8 MiB/s
done
Bytes transferred = 7017288 (6b1348 hex)
- 01:52:28 [INFO] Host: tftp ${fdt_addr_r} 192.168.0.1:vatf_am57xx-evm/5a083865a8485526056aff9dbfbc08b0
- 01:52:28 [INFO] Target: 
tftp ${fdt_addr_r} 192.168.0.1:vatf_am57xx-evm/5a083865a8485526056aff9dbfbc08b0
link up on port 0, speed 1000, full duplex
Using cpsw device
TFTP from server 192.168.0.1; our IP address is 192.168.0.74
Filename 'vatf_am57xx-evm/5a083865a8485526056aff9dbfbc08b0'.
Load address: 0x88000000
Loading: *######
	 11.7 MiB/s
done
Bytes transferred = 85516 (14e0c hex)
- 01:52:28 [INFO] Host: ls mmc 0:1
- 01:52:28 [INFO] Target: 
ls mmc 0:1
    68192   mlo 
   572488   u-boot.img 
        4   ws-calibrate.rules 
        0   pointercal 
    65536   uboot.env 
       33   primary_bootloader.md5 
       33   fs.md5 
7 file(s), 0 dir(s)
- 01:52:28 [INFO] Host: ls mmc 0:2
- 01:52:28 [INFO] Target: 
ls mmc 0:2
<DIR>       4096 .
<DIR>       4096 ..
<DIR>       4096 srv
<DIR>       4096 home
<DIR>       4096 media
<DIR>       4096 opt
<DIR>       4096 var
<DIR>       4096 sys
<DIR>       4096 boot
<DIR>       4096 dev
<DIR>       4096 usr
<DIR>       4096 bin
<DIR>       4096 mnt
<DIR>       4096 etc
<DIR>       4096 sbin
<DIR>       4096 www
<SYM>          8 tmp
<DIR>       4096 proc
<DIR>       4096 run
<DIR>       4096 lib
<DIR>       4096 test
<DIR>       4096 mmcblk0p3
<DIR>       4096 sda1
- 01:52:28 [INFO] Host: part uuid mmc 0:2
- 01:52:28 [INFO] Target: 
part uuid mmc 0:2
00000000-02
- 01:52:28 [INFO] Host: printenv
- 01:52:29 [INFO] Target: 
printenv
_initramfs=-
arch=arm
args_mmc=run finduuid;setenv bootargs console=${console} ${optargs} root=PARTUUID=${uuid} rw rootfstype=${mmcrootfstype}
autoload=no
baudrate=115200
board=am57xx
board_name=am57xx_evm
board_rev=A.20
board_serial=33154P550015
bootargs=console=ttyO2,115200n8  earlyprintk=serial,ttyO2,115200n8 rootwait  ip=:::::eth0:dhcp 
bootcmd=
bootdelay=6
bootdir=/boot
bootenvfile=uEnv.txt
bootfile=zImage
bootm_size=0x10000000
bootpart=0:2
bootscript=echo Running bootscript from mmc${mmcdev} ...; source ${loadaddr}
console=ttyO2,115200n8
cpu=armv7
dfu_alt_info_emmc=rawemmc raw 0 3751936;boot part 1 1;rootfs part 1 2;MLO fat 1 1;MLO.raw raw 0x100 0x100;u-boot.img.raw raw 0x300 0x400;spl-os-args.raw raw 0x80 0x80;spl-os-image.raw raw 0x900 0x2000;spl-os-args fat 1 1;spl-os-image fat 1 1;u-boot.img fat 1 1;uEnv.txt fat 1 1
dfu_alt_info_mmc=boot part 0 1;rootfs part 0 2;MLO fat 0 1;MLO.raw raw 0x100 0x100;u-boot.img.raw raw 0x300 0x400;spl-os-args.raw raw 0x80 0x80;spl-os-image.raw raw 0x900 0x2000;spl-os-args fat 0 1;spl-os-image fat 0 1;u-boot.img fat 0 1;uEnv.txt fat 0 1
dfu_alt_info_qspi=MLO raw 0x0 0x010000;MLO.backup1 raw 0x010000 0x010000;MLO.backup2 raw 0x020000 0x010000;MLO.backup3 raw 0x030000 0x010000;u-boot.img raw 0x040000 0x0100000;u-boot-spl-os raw 0x140000 0x080000;u-boot-env raw 0x1C0000 0x010000;u-boot-env.backup raw 0x1D0000 0x010000;kernel raw 0x1E0000 0x800000
dfu_alt_info_ram=kernel ram 0x80200000 0x4000000;fdt ram 0x80f80000 0x80000;ramdisk ram 0x81000000 0x4000000
dfu_bufsiz=0x10000
dnsip=192.0.2.2
dnsip2=192.0.2.3
dofastboot=0
envboot=mmc dev ${mmcdev}; if mmc rescan; then echo SD/MMC found on device ${mmcdev};if run loadbootscript; then run bootscript;else if run loadbootenv; then echo Loaded env from ${bootenvfile};run importbootenv;fi;if test -n $uenvcmd; then echo Running uenvcmd ...;run uenvcmd;fi;fi;fi;
eth1addr=74:da:ea:08:7b:07
ethact=cpsw
ethaddr=74:da:ea:08:7b:06
fdt_addr_r=0x88000000
fdtaddr=0x88000000
fdtcontroladdr=fef340f0
fdtfile=undefined
fileaddr=88000000
filesize=14e0c
findfdt=if test $board_name = omap5_uevm; then setenv fdtfile omap5-uevm.dtb; fi; if test $board_name = dra7xx; then setenv fdtfile dra7-evm.dtb; fi;if test $board_name = dra72x; then setenv fdtfile dra72-evm.dtb; fi;if test $board_name = beagle_x15; then setenv fdtfile am57xx-beagle-x15.dtb; fi;if test $board_name = beagle_x15_es2plus; then setenv fdtfile am57xx-beagle-x15-es2plus.dtb; fi;if test $board_name = am57xx_evm; then setenv fdtfile am57xx-evm.dtb; fi;if test $board_name = am57xx_evm_es2plus; then setenv fdtfile am57xx-evm-es2plus.dtb; fi;if test $board_name = am572x_idk; then setenv fdtfile am572x-idk.dtb; fi;if test $board_name = am571x_idk; then setenv fdtfile am571x-idk.dtb; fi;if test $board_name = am572x_idk_osd; then setenv fdtfile am572x-idk-lcd-osd.dtb; fi;if test $board_name = am571x_idk_osd; then setenv fdtfile am571x-idk-lcd-osd.dtb; fi;if test $fdtfile = undefined; then echo WARNING: Could not determine device tree to use; fi; 
finduuid=part uuid mmc 0:2 uuid
gatewayip=192.168.0.1
importbootenv=echo Importing environment from mmc${mmcdev} ...; env import -t ${loadaddr} ${filesize}
ipaddr=192.168.0.74
kernel_addr_r=0x82000000
loadaddr=0x82000000
loadbootenv=fatload mmc ${mmcdev} ${loadaddr} ${bootenvfile}
loadbootscript=fatload mmc ${mmcdev} ${loadaddr} boot.scr
loadfdt=load mmc ${bootpart} ${fdtaddr} ${bootdir}/${fdtfile};
loadimage=load mmc ${bootpart} ${loadaddr} ${bootdir}/${bootfile}
mmcboot=mmc dev ${mmcdev}; if mmc rescan; then echo SD/MMC found on device ${mmcdev};if run loadimage; then run loadfdt; echo Booting from mmc${mmcdev} ...; run args_mmc; bootz ${loadaddr} - ${fdtaddr}; fi;fi;
mmcdev=0
mmcrootfstype=ext4 rootwait
netargs=setenv bootargs console=${console} ${optargs} root=/dev/nfs nfsroot=${serverip}:${rootpath},${nfsopts} rw ip=dhcp
netboot=echo Booting from network ...; setenv autoload no; dhcp; run netloadimage; run netloadfdt; run netargs; bootz ${loadaddr} - ${fdtaddr}
netloadfdt=tftp ${fdtaddr} ${fdtfile}
netloadimage=tftp ${loadaddr} ${bootfile}
netmask=255.255.255.0
nfsopts=nolock
partitions=uuid_disk=${uuid_gpt_disk};name=rootfs,start=2MiB,size=-,uuid=${uuid_gpt_rootfs}
ramdisk_addr_r=0x88080000
rdaddr=0x88080000
rootpath=/export/rootfs
scsidevs=0
serverip=192.168.0.1
soc=omap5
static_ip=${ipaddr}:${serverip}:${gatewayip}:${netmask}:${hostname}::off
stderr=serial@48020000
stdin=serial@48020000
stdout=serial@48020000
usbtty=cdc_acm
vendor=ti
ver=U-Boot 2016.05-rc3-00242-g359d4c4 (May 11 2016 - 07:03:51 -0500)
vram=16M
Environment size: 4705/65532 bytes
- 01:52:29 [INFO] Host: setenv bootargs ''${bootargs}' root=PARTUUID=00000000-02 rw rootfstype=ext4 rootwait '
- 01:52:29 [INFO] Target: 
setenv bootargs ''${bootargs}' root=PARTUUID=00000000-02 rw rootfstype=ext4 rootwait '
- 01:52:29 [INFO] Host: printenv
- 01:52:29 [INFO] Target: 
printenv
_initramfs=-
arch=arm
args_mmc=run finduuid;setenv bootargs console=${console} ${optargs} root=PARTUUID=${uuid} rw rootfstype=${mmcrootfstype}
autoload=no
baudrate=115200
board=am57xx
board_name=am57xx_evm
board_rev=A.20
board_serial=33154P550015
bootargs=console=ttyO2,115200n8  earlyprintk=serial,ttyO2,115200n8 rootwait  ip=:::::eth0:dhcp  root=PARTUUID=00000000-02 rw rootfstype=ext4 rootwait 
bootcmd=
bootdelay=6
bootdir=/boot
bootenvfile=uEnv.txt
bootfile=zImage
bootm_size=0x10000000
bootpart=0:2
bootscript=echo Running bootscript from mmc${mmcdev} ...; source ${loadaddr}
console=ttyO2,115200n8
cpu=armv7
dfu_alt_info_emmc=rawemmc raw 0 3751936;boot part 1 1;rootfs part 1 2;MLO fat 1 1;MLO.raw raw 0x100 0x100;u-boot.img.raw raw 0x300 0x400;spl-os-args.raw raw 0x80 0x80;spl-os-image.raw raw 0x900 0x2000;spl-os-args fat 1 1;spl-os-image fat 1 1;u-boot.img fat 1 1;uEnv.txt fat 1 1
dfu_alt_info_mmc=boot part 0 1;rootfs part 0 2;MLO fat 0 1;MLO.raw raw 0x100 0x100;u-boot.img.raw raw 0x300 0x400;spl-os-args.raw raw 0x80 0x80;spl-os-image.raw raw 0x900 0x2000;spl-os-args fat 0 1;spl-os-image fat 0 1;u-boot.img fat 0 1;uEnv.txt fat 0 1
dfu_alt_info_qspi=MLO raw 0x0 0x010000;MLO.backup1 raw 0x010000 0x010000;MLO.backup2 raw 0x020000 0x010000;MLO.backup3 raw 0x030000 0x010000;u-boot.img raw 0x040000 0x0100000;u-boot-spl-os raw 0x140000 0x080000;u-boot-env raw 0x1C0000 0x010000;u-boot-env.backup raw 0x1D0000 0x010000;kernel raw 0x1E0000 0x800000
dfu_alt_info_ram=kernel ram 0x80200000 0x4000000;fdt ram 0x80f80000 0x80000;ramdisk ram 0x81000000 0x4000000
dfu_bufsiz=0x10000
dnsip=192.0.2.2
dnsip2=192.0.2.3
dofastboot=0
envboot=mmc dev ${mmcdev}; if mmc rescan; then echo SD/MMC found on device ${mmcdev};if run loadbootscript; then run bootscript;else if run loadbootenv; then echo Loaded env from ${bootenvfile};run importbootenv;fi;if test -n $uenvcmd; then echo Running uenvcmd ...;run uenvcmd;fi;fi;fi;
eth1addr=74:da:ea:08:7b:07
ethact=cpsw
ethaddr=74:da:ea:08:7b:06
fdt_addr_r=0x88000000
fdtaddr=0x88000000
fdtcontroladdr=fef340f0
fdtfile=undefined
fileaddr=88000000
filesize=14e0c
findfdt=if test $board_name = omap5_uevm; then setenv fdtfile omap5-uevm.dtb; fi; if test $board_name = dra7xx; then setenv fdtfile dra7-evm.dtb; fi;if test $board_name = dra72x; then setenv fdtfile dra72-evm.dtb; fi;if test $board_name = beagle_x15; then setenv fdtfile am57xx-beagle-x15.dtb; fi;if test $board_name = beagle_x15_es2plus; then setenv fdtfile am57xx-beagle-x15-es2plus.dtb; fi;if test $board_name = am57xx_evm; then setenv fdtfile am57xx-evm.dtb; fi;if test $board_name = am57xx_evm_es2plus; then setenv fdtfile am57xx-evm-es2plus.dtb; fi;if test $board_name = am572x_idk; then setenv fdtfile am572x-idk.dtb; fi;if test $board_name = am571x_idk; then setenv fdtfile am571x-idk.dtb; fi;if test $board_name = am572x_idk_osd; then setenv fdtfile am572x-idk-lcd-osd.dtb; fi;if test $board_name = am571x_idk_osd; then setenv fdtfile am571x-idk-lcd-osd.dtb; fi;if test $fdtfile = undefined; then echo WARNING: Could not determine device tree to use; fi; 
finduuid=part uuid mmc 0:2 uuid
gatewayip=192.168.0.1
importbootenv=echo Importing environment from mmc${mmcdev} ...; env import -t ${loadaddr} ${filesize}
ipaddr=192.168.0.74
kernel_addr_r=0x82000000
loadaddr=0x82000000
loadbootenv=fatload mmc ${mmcdev} ${loadaddr} ${bootenvfile}
loadbootscript=fatload mmc ${mmcdev} ${loadaddr} boot.scr
loadfdt=load mmc ${bootpart} ${fdtaddr} ${bootdir}/${fdtfile};
loadimage=load mmc ${bootpart} ${loadaddr} ${bootdir}/${bootfile}
mmcboot=mmc dev ${mmcdev}; if mmc rescan; then echo SD/MMC found on device ${mmcdev};if run loadimage; then run loadfdt; echo Booting from mmc${mmcdev} ...; run args_mmc; bootz ${loadaddr} - ${fdtaddr}; fi;fi;
mmcdev=0
mmcrootfstype=ext4 rootwait
netargs=setenv bootargs console=${console} ${optargs} root=/dev/nfs nfsroot=${serverip}:${rootpath},${nfsopts} rw ip=dhcp
netboot=echo Booting from network ...; setenv autoload no; dhcp; run netloadimage; run netloadfdt; run netargs; bootz ${loadaddr} - ${fdtaddr}
netloadfdt=tftp ${fdtaddr} ${fdtfile}
netloadimage=tftp ${loadaddr} ${bootfile}
netmask=255.255.255.0
nfsopts=nolock
partitions=uuid_disk=${uuid_gpt_disk};name=rootfs,start=2MiB,size=-,uuid=${uuid_gpt_rootfs}
ramdisk_addr_r=0x88080000
rdaddr=0x88080000
rootpath=/export/rootfs
scsidevs=0
serverip=192.168.0.1
soc=omap5
static_ip=${ipaddr}:${serverip}:${gatewayip}:${netmask}:${hostname}::off
stderr=serial@48020000
stdin=serial@48020000
stdout=serial@48020000
usbtty=cdc_acm
vendor=ti
ver=U-Boot 2016.05-rc3-00242-g359d4c4 (May 11 2016 - 07:03:51 -0500)
vram=16M
Environment size: 4760/65532 bytes
- 01:52:29 [INFO] Host: setenv bootcmd ''${bootcmd}' if iminfo ${loadaddr}; then bootm ${loadaddr} ${_initramfs} ${fdt_addr_r}; else bootz ${loadaddr} ${_initramfs} ${fdt_addr_r}; bootm ${loadaddr} ${_initramfs} ${fdt_addr_r}; fi'
- 01:52:29 [INFO] Target: 
setenv bootcmd ''${bootcmd}' if iminfo ${loadaddr}; then bootm ${loadaddr} ${_initramfs} ${fdt_addr_r}; else bootz ${loadaddr} ${_initramfs} ${fdt_addr_r}; bootm ${loadaddr} ${_initramfs} ${fdt_addr_r}; fi'
- 01:52:29 [INFO] Host: version
- 01:52:29 [INFO] Target: 
version
U-Boot 2016.05-rc3-00242-g359d4c4 (May 11 2016 - 07:03:51 -0500)
arm-linux-gnueabihf-gcc (Linaro GCC 5.3-2016.02) 5.3.1 20160113
GNU ld (GNU Binutils) 2.25.0 Linaro 2015_10
- 01:52:29 [INFO] Host: bdinfo
- 01:52:30 [INFO] Target: 
bdinfo
arch_number = 0x00000000
boot_params = 0x80000100
DRAM bank   = 0x00000000
-> start    = 0x80000000
-> size     = 0x80000000
DRAM bank   = 0x00000001
-> start    = 0x00000000
-> size     = 0x00000000
eth0name    = cpsw
ethaddr     = 74:da:ea:08:7b:06
current eth = cpsw
ip_addr     = 192.168.0.74
baudrate    = 115200 bps
TLB addr    = 0xFFFF0000
relocaddr   = 0xFFF58000
reloc off   = 0x7F758000
irq_sp      = 0xFEF340E0
sp start    = 0xFEF340D0
- 01:52:30 [INFO] Host: mmc rescan; echo $?
- 01:52:30 [INFO] Target: 
mmc rescan; echo $?
- 01:52:30 [INFO] Host: fatwrite mmc ${mmcdev}:1 ${loadaddr} ws-calibrate.rules 4
- 01:52:30 [INFO] Target: 
fatwrite mmc ${mmcdev}:1 ${loadaddr} ws-calibrate.rules 4
writing ws-calibrate.rules
4 bytes written
- 01:52:30 [INFO] Host: boot
- 01:52:47 [INFO] Target: 
boot
## Checking Image at 82000000 ...
Unknown image format!
Kernel image @ 0x82000000 [ 0x000000 - 0x6b1348 ]
## Flattened Device Tree blob at 88000000
   Booting using the fdt blob at 0x88000000
   Loading Device Tree to 8ffe8000, end 8ffffe0b ... OK
Starting kernel ...
[    0.000000] Booting Linux on physical CPU 0x0
[    0.000000] Linux version 4.6.0-next-20160526-00002-gefd96220b92f (nmenon@horus) (gcc version 4.9.3 20150413 (prerelease) (Linaro GCC 4.9-2015.05) ) #1 SMP Thu May 26 00:44:15 CDT 2016
[    0.000000] CPU: ARMv7 Processor [412fc0f2] revision 2 (ARMv7), cr=10c5387d
[    0.000000] CPU: div instructions available: patching division code
[    0.000000] CPU: PIPT / VIPT nonaliasing data cache, PIPT instruction cache
[    0.000000] Machine model: TI AM5728 BeagleBoard-X15
[    0.000000] cma: Reserved 64 MiB at 0xfb800000
[    0.000000] Memory policy: Data cache writealloc
[    0.000000] OMAP4: Map 0xffd00000 to fe600000 for dram barrier
[    0.000000] DRA752 ES1.1
[    0.000000] percpu: Embedded 13 pages/cpu @eef8e000 s23744 r8192 d21312 u53248
[    0.000000] Built 1 zonelists in Zone order, mobility grouping on.  Total pages: 522239
[    0.000000] Kernel command line: console=ttyO2,115200n8  earlyprintk=serial,ttyO2,115200n8 rootwait  ip=:::::eth0:dhcp  root=PARTUUID=00000000-02 rw rootfstype=ext4 rootwait 
[    0.000000] PID hash table entries: 4096 (order: 2, 16384 bytes)
[    0.000000] Dentry cache hash table entries: 131072 (order: 7, 524288 bytes)
[    0.000000] Inode-cache hash table entries: 65536 (order: 6, 262144 bytes)
[    0.000000] Memory: 1994032K/2095100K available (9470K kernel code, 1082K rwdata, 4300K rodata, 2048K init, 343K bss, 35532K reserved, 65536K cma-reserved, 1243132K highmem)
[    0.000000] Virtual kernel memory layout:
[    0.000000]     vector  : 0xffff0000 - 0xffff1000   (   4 kB)
[    0.000000]     fixmap  : 0xffc00000 - 0xfff00000   (3072 kB)
[    0.000000]     vmalloc : 0xf0800000 - 0xff800000   ( 240 MB)
[    0.000000]     lowmem  : 0xc0000000 - 0xf0000000   ( 768 MB)
[    0.000000]     pkmap   : 0xbfe00000 - 0xc0000000   (   2 MB)
[    0.000000]     modules : 0xbf000000 - 0xbfe00000   (  14 MB)
[    0.000000]       .text : 0xc0208000 - 0xc1072a5c   (14763 kB)
[    0.000000]       .init : 0xc1100000 - 0xc1300000   (2048 kB)
[    0.000000]       .data : 0xc1300000 - 0xc140ea60   (1083 kB)
[    0.000000]        .bss : 0xc1410000 - 0xc1465c20   ( 344 kB)
[    0.000000] SLUB: HWalign=64, Order=0-3, MinObjects=0, CPUs=2, Nodes=1
[    0.000000] Hierarchical RCU implementation.
[    0.000000] 	Build-time adjustment of leaf fanout to 32.
[    0.000000] 	RCU restricting CPUs from NR_CPUS=16 to nr_cpu_ids=2.
[    0.000000] RCU: Adjusting geometry for rcu_fanout_leaf=32, nr_cpu_ids=2
[    0.000000] NR_IRQS:16 nr_irqs:16 16
[    0.000000] OMAP clockevent source: timer1 at 32786 Hz
[    0.000000] Architected cp15 timer(s) running at 6.14MHz (virt).
[    0.000000] clocksource: arch_sys_counter: mask: 0xffffffffffffff max_cycles: 0x16af5adb9, max_idle_ns: 440795202250 ns
[    0.000003] sched_clock: 56 bits at 6MHz, resolution 162ns, wraps every 4398046511023ns
[    0.000014] Switching to timer-based delay loop, resolution 162ns
[    0.003218] clocksource: 32k_counter: mask: 0xffffffff max_cycles: 0xffffffff, max_idle_ns: 58327039986419 ns
[    0.003224] OMAP clocksource: 32k_counter at 32768 Hz
[    0.005980] Console: colour dummy device 80x30
[    0.006000] Calibrating delay loop (skipped), value calculated using timer frequency.. 12.29 BogoMIPS (lpj=30737)
[    0.006011] pid_max: default: 32768 minimum: 301
[    0.006085] Mount-cache hash table entries: 2048 (order: 1, 8192 bytes)
[    0.006093] Mountpoint-cache hash table entries: 2048 (order: 1, 8192 bytes)
[    0.006563] CPU: Testing write buffer coherency: ok
[    0.006754] /cpus/cpu@0 missing clock-frequency property
[    0.006793] /cpus/cpu@1 missing clock-frequency property
[    0.006802] CPU0: thread -1, cpu 0, socket 0, mpidr 80000000
[    0.006821] Setting up static identity map for 0x80300000 - 0x80300098
[    0.011630] CPU1: thread -1, cpu 1, socket 0, mpidr 80000001
[    0.011693] Brought up 2 CPUs
[    0.011705] SMP: Total of 2 processors activated (24.58 BogoMIPS).
[    0.011711] CPU: All CPU(s) started in SVC mode.
[    0.012706] devtmpfs: initialized
[    0.031167] VFP support v0.3: implementor 41 architecture 4 part 30 variant f rev 0
[    0.031824] clocksource: jiffies: mask: 0xffffffff max_cycles: 0xffffffff, max_idle_ns: 9556302231375000 ns
[    0.032767] pinctrl core: initialized pinctrl subsystem
[    0.034099] NET: Registered protocol family 16
[    0.035553] DMA: preallocated 256 KiB pool for atomic coherent allocations
[    0.036644] omap_hwmod: l3_main_2 using broken dt data from ocp
[    0.098590] omap_hwmod: epwmss0: no dt node
[    0.098597] ------------[ cut here ]------------
[    0.098614] WARNING: CPU: 0 PID: 1 at arch/arm/mach-omap2/omap_hwmod.c:2497 _init+0x1f0/0x418
[    0.098619] omap_hwmod: epwmss0: doesn't have mpu register target base
[    0.098625] Modules linked in:
[    0.098637] CPU: 0 PID: 1 Comm: swapper/0 Not tainted 4.6.0-next-20160526-00002-gefd96220b92f #1
[    0.098643] Hardware name: Generic DRA74X (Flattened Device Tree)
[    0.098664] [<c0310468>] (unwind_backtrace) from [<c030bb68>] (show_stack+0x10/0x14)
[    0.098679] [<c030bb68>] (show_stack) from [<c058f594>] (dump_stack+0x98/0xac)
[    0.098693] [<c058f594>] (dump_stack) from [<c0341bec>] (__warn+0xe8/0x100)
[    0.098705] [<c0341bec>] (__warn) from [<c0341c3c>] (warn_slowpath_fmt+0x38/0x48)
[    0.098718] [<c0341c3c>] (warn_slowpath_fmt) from [<c1113b98>] (_init+0x1f0/0x418)
[    0.098734] [<c1113b98>] (_init) from [<c032840c>] (omap_hwmod_for_each+0x38/0x60)
[    0.098746] [<c032840c>] (omap_hwmod_for_each) from [<c1114104>] (__omap_hwmod_setup_all+0x28/0x40)
[    0.098758] [<c1114104>] (__omap_hwmod_setup_all) from [<c0301ec0>] (do_one_initcall+0x40/0x174)
[    0.098768] [<c0301ec0>] (do_one_initcall) from [<c1100db8>] (kernel_init_freeable+0x15c/0x1fc)
[    0.098780] [<c1100db8>] (kernel_init_freeable) from [<c0b7f1a4>] (kernel_init+0x8/0x114)
[    0.098791] [<c0b7f1a4>] (kernel_init) from [<c0307ef8>] (ret_from_fork+0x14/0x3c)
[    0.098803] ---[ end trace 72eba1b2c84395f2 ]---
[    0.099508] omap_hwmod: epwmss1: no dt node
[    0.099513] ------------[ cut here ]------------
[    0.099524] WARNING: CPU: 0 PID: 1 at arch/arm/mach-omap2/omap_hwmod.c:2497 _init+0x1f0/0x418
[    0.099529] omap_hwmod: epwmss1: doesn't have mpu register target base
[    0.099533] Modules linked in:
[    0.099543] CPU: 0 PID: 1 Comm: swapper/0 Tainted: G        W       4.6.0-next-20160526-00002-gefd96220b92f #1
[    0.099549] Hardware name: Generic DRA74X (Flattened Device Tree)
[    0.099560] [<c0310468>] (unwind_backtrace) from [<c030bb68>] (show_stack+0x10/0x14)
[    0.099571] [<c030bb68>] (show_stack) from [<c058f594>] (dump_stack+0x98/0xac)
[    0.099583] [<c058f594>] (dump_stack) from [<c0341bec>] (__warn+0xe8/0x100)
[    0.099593] [<c0341bec>] (__warn) from [<c0341c3c>] (warn_slowpath_fmt+0x38/0x48)
[    0.099605] [<c0341c3c>] (warn_slowpath_fmt) from [<c1113b98>] (_init+0x1f0/0x418)
[    0.099617] [<c1113b98>] (_init) from [<c032840c>] (omap_hwmod_for_each+0x38/0x60)
[    0.099629] [<c032840c>] (omap_hwmod_for_each) from [<c1114104>] (__omap_hwmod_setup_all+0x28/0x40)
[    0.099640] [<c1114104>] (__omap_hwmod_setup_all) from [<c0301ec0>] (do_one_initcall+0x40/0x174)
[    0.099649] [<c0301ec0>] (do_one_initcall) from [<c1100db8>] (kernel_init_freeable+0x15c/0x1fc)
[    0.099659] [<c1100db8>] (kernel_init_freeable) from [<c0b7f1a4>] (kernel_init+0x8/0x114)
[    0.099669] [<c0b7f1a4>] (kernel_init) from [<c0307ef8>] (ret_from_fork+0x14/0x3c)
[    0.099675] ---[ end trace 72eba1b2c84395f3 ]---
[    0.100371] omap_hwmod: epwmss2: no dt node
[    0.100376] ------------[ cut here ]------------
[    0.100386] WARNING: CPU: 0 PID: 1 at arch/arm/mach-omap2/omap_hwmod.c:2497 _init+0x1f0/0x418
[    0.100391] omap_hwmod: epwmss2: doesn't have mpu register target base
[    0.100395] Modules linked in:
[    0.100404] CPU: 0 PID: 1 Comm: swapper/0 Tainted: G        W       4.6.0-next-20160526-00002-gefd96220b92f #1
[    0.100409] Hardware name: Generic DRA74X (Flattened Device Tree)
[    0.100420] [<c0310468>] (unwind_backtrace) from [<c030bb68>] (show_stack+0x10/0x14)
[    0.100431] [<c030bb68>] (show_stack) from [<c058f594>] (dump_stack+0x98/0xac)
[    0.100442] [<c058f594>] (dump_stack) from [<c0341bec>] (__warn+0xe8/0x100)
[    0.100453] [<c0341bec>] (__warn) from [<c0341c3c>] (warn_slowpath_fmt+0x38/0x48)
[    0.100464] [<c0341c3c>] (warn_slowpath_fmt) from [<c1113b98>] (_init+0x1f0/0x418)
[    0.100477] [<c1113b98>] (_init) from [<c032840c>] (omap_hwmod_for_each+0x38/0x60)
[    0.100488] [<c032840c>] (omap_hwmod_for_each) from [<c1114104>] (__omap_hwmod_setup_all+0x28/0x40)
[    0.100499] [<c1114104>] (__omap_hwmod_setup_all) from [<c0301ec0>] (do_one_initcall+0x40/0x174)
[    0.100508] [<c0301ec0>] (do_one_initcall) from [<c1100db8>] (kernel_init_freeable+0x15c/0x1fc)
[    0.100518] [<c1100db8>] (kernel_init_freeable) from [<c0b7f1a4>] (kernel_init+0x8/0x114)
[    0.100528] [<c0b7f1a4>] (kernel_init) from [<c0307ef8>] (ret_from_fork+0x14/0x3c)
[    0.100534] ---[ end trace 72eba1b2c84395f4 ]---
[    0.211273] cpuidle: using governor menu
[    0.218826] OMAP GPIO hardware version 0.1
[    0.224882] irq: no irq domain found for /ocp/l4@4a000000/scm@2000/pinmux@1400 !
[    0.238576] No ATAGs?
[    0.238596] hw-breakpoint: found 5 (+1 reserved) breakpoint and 4 watchpoint registers.
[    0.238603] hw-breakpoint: maximum watchpoint size is 8 bytes.
[    0.239583] omap4_sram_init:Unable to allocate sram needed to handle errata I688
[    0.239591] omap4_sram_init:Unable to get sram pool needed to handle errata I688
[    0.239717] OMAP DMA hardware revision 0.0
[    0.244370] Serial: AMBA PL011 UART driver
[    0.270913] omap-dma-engine 4a056000.dma-controller: OMAP DMA engine driver
[    0.272498] edma 43300000.edma: memcpy is disabled
[    0.276522] edma 43300000.edma: TI EDMA DMA engine driver
[    0.280248] vgaarb: loaded
[    0.280864] SCSI subsystem initialized
[    0.281165] usbcore: registered new interface driver usbfs
[    0.281212] usbcore: registered new interface driver hub
[    0.281251] usbcore: registered new device driver usb
[    0.281943] omap_i2c 48070000.i2c: could not find pctldev for node /ocp/l4@4a000000/scm@2000/pinmux@1400/i2c1_pins_default, deferring probe
[    0.281971] omap_i2c 48060000.i2c: could not find pctldev for node /ocp/l4@4a000000/scm@2000/pinmux@1400/i2c3_pins_default, deferring probe
[    0.282719] pps_core: LinuxPPS API ver. 1 registered
[    0.282725] pps_core: Software ver. 5.3.6 - Copyright 2005-2007 Rodolfo Giometti <giometti@linux.it>
[    0.282742] PTP clock support registered
[    0.282905] EDAC MC: Ver: 3.0.0
[    0.284736] clocksource: Switched to clocksource arch_sys_counter
[    0.292998] NET: Registered protocol family 2
[    0.293356] TCP established hash table entries: 8192 (order: 3, 32768 bytes)
[    0.293418] TCP bind hash table entries: 8192 (order: 4, 65536 bytes)
[    0.293542] TCP: Hash tables configured (established 8192 bind 8192)
[    0.293585] UDP hash table entries: 512 (order: 2, 16384 bytes)
[    0.293613] UDP-Lite hash table entries: 512 (order: 2, 16384 bytes)
[    0.293719] NET: Registered protocol family 1
[    0.293895] RPC: Registered named UNIX socket transport module.
[    0.293902] RPC: Registered udp transport module.
[    0.293907] RPC: Registered tcp transport module.
[    0.293911] RPC: Registered tcp NFSv4.1 backchannel transport module.
[    0.294633] hw perfevents: enabled with armv7_cortex_a15 PMU driver, 7 counters available
[    0.296202] futex hash table entries: 512 (order: 3, 32768 bytes)
[    0.296792] workingset: timestamp_bits=28 max_order=19 bucket_order=0
[    0.304964] squashfs: version 4.0 (2009/01/31) Phillip Lougher
[    0.305579] NFS: Registering the id_resolver key type
[    0.305606] Key type id_resolver registered
[    0.305612] Key type id_legacy registered
[    0.305645] ntfs: driver 2.1.32 [Flags: R/O].
[    0.306546] bounce: pool size: 64 pages
[    0.306699] Block layer SCSI generic (bsg) driver version 0.4 loaded (major 248)
[    0.306707] io scheduler noop registered
[    0.306713] io scheduler deadline registered
[    0.306734] io scheduler cfq registered (default)
[    0.314887] pinctrl-single 4a003400.pinmux: 282 pins at pa fc003400 size 1128
[    0.369710] Serial: 8250/16550 driver, 4 ports, IRQ sharing disabled
[    0.372053] SuperH (H)SCI(F) driver initialized
[    0.372970] msm_serial: driver initialized
[    0.373304] 48020000.serial: ttyO2 at MMIO 0x48020000 (irq = 301, base_baud = 3000000) is a OMAP UART2
[    1.531991] console [ttyO2] enabled
[    1.535958] STMicroelectronics ASC driver initialized
[    1.544099] [drm] Initialized drm 1.1.0 20060810
[    1.560518] brd: module loaded
[    1.567778] loop: module loaded
[    1.572779] ahci 4a140000.sata: AHCI 0001.0300 32 slots 1 ports 3 Gbps 0x0 impl platform mode
[    1.581716] ahci 4a140000.sata: flags: 64bit ncq sntf pm led clo only pmp pio slum part ccc apst 
[    1.591516] scsi host0: ahci
[    1.594763] ata1: DUMMY
[    1.603315] libphy: Fixed MDIO Bus: probed
[    1.608149] CAN device driver interface
[    1.613965] igb: Intel(R) Gigabit Ethernet Network Driver - version 5.3.0-k
[    1.621248] igb: Copyright (c) 2007-2014 Intel Corporation.
[    1.669761] davinci_mdio 48485000.mdio: davinci mdio revision 1.6
[    1.676153] davinci_mdio 48485000.mdio: detected phy mask fffffff9
[    1.686621] libphy: 48485000.mdio: probed
[    1.690824] davinci_mdio 48485000.mdio: phy[1]: device 48485000.mdio:01, driver Micrel KSZ9031 Gigabit PHY
[    1.700918] davinci_mdio 48485000.mdio: phy[2]: device 48485000.mdio:02, driver Micrel KSZ9031 Gigabit PHY
[    1.711901] cpsw 48484000.ethernet: Detected MACID = 74:da:ea:08:7b:06
[    1.719332] cpsw 48484000.ethernet: cpsw: Detected MACID = 74:da:ea:08:7b:07
[    1.727364] pegasus: v0.9.3 (2013/04/25), Pegasus/Pegasus II USB Ethernet driver
[    1.735143] usbcore: registered new interface driver pegasus
[    1.741112] usbcore: registered new interface driver asix
[    1.746800] usbcore: registered new interface driver ax88179_178a
[    1.753217] usbcore: registered new interface driver cdc_ether
[    1.759362] usbcore: registered new interface driver smsc75xx
[    1.765418] usbcore: registered new interface driver smsc95xx
[    1.771459] usbcore: registered new interface driver net1080
[    1.777415] usbcore: registered new interface driver cdc_subset
[    1.783648] usbcore: registered new interface driver zaurus
[    1.789535] usbcore: registered new interface driver cdc_ncm
[    1.798505] ehci_hcd: USB 2.0 'Enhanced' Host Controller (EHCI) Driver
[    1.805340] ehci-pci: EHCI PCI platform driver
[    1.810019] ehci-platform: EHCI generic platform driver
[    1.815682] ehci-omap: OMAP-EHCI Host Controller driver
[    1.821292] ehci-orion: EHCI orion driver
[    1.825620] SPEAr-ehci: EHCI SPEAr driver
[    1.829960] ehci-st: EHCI STMicroelectronics driver
[    1.835207] ehci-exynos: EHCI EXYNOS driver
[    1.839747] ehci-atmel: EHCI Atmel driver
[    1.844073] tegra-ehci: Tegra EHCI driver
[    1.848434] ohci_hcd: USB 1.1 'Open' Host Controller (OHCI) Driver
[    1.854904] ohci-pci: OHCI PCI platform driver
[    1.859576] ohci-platform: OHCI generic platform driver
[    1.865207] ohci-omap3: OHCI OMAP3 driver
[    1.869533] SPEAr-ohci: OHCI SPEAr driver
[    1.873872] ohci-st: OHCI STMicroelectronics driver
[    1.879117] ohci-atmel: OHCI Atmel driver
[    1.883987] usbcore: registered new interface driver usb-storage
[    1.891711] mousedev: PS/2 mouse device common for all mice
[    1.900539] i2c /dev entries driver
[    1.915156] sdhci: Secure Digital Host Controller Interface driver
[    1.921618] sdhci: Copyright(c) Pierre Ossman
[    1.927099] omap_hsmmc 4809c000.mmc: Got CD GPIO
[    1.960530] Synopsys Designware Multimedia Card Interface Driver
[    1.967845] sdhci-pltfm: SDHCI platform and OF driver helper
[    1.976206] ledtrig-cpu: registered to indicate activity on CPUs
[    1.982754] usbcore: registered new interface driver usbhid
[    1.988579] usbhid: USB HID core driver
[    1.997517] NET: Registered protocol family 10
[    2.002768] sit: IPv6 over IPv4 tunneling driver
[    2.008060] NET: Registered protocol family 17
[    2.012717] can: controller area network core (rev 20120528 abi 9)
[    2.019222] NET: Registered protocol family 29
[    2.023874] can: raw protocol (rev 20120528)
[    2.028342] can: broadcast manager protocol (rev 20120528 t)
[    2.034265] can: netlink gateway (rev 20130117) max_hops=1
[    2.040312] Key type dns_resolver registered
[    2.044927] omap_voltage_late_init: Voltage driver support not added
[    2.051655] Power Management for TI OMAP4+ devices.
[    2.056924] ThumbEE CPU extension supported.
[    2.061403] Registering SWP/SWPB emulation handler
[    2.068191] palmas 0-0058: Irq flag is 0x00000008
[    2.091917] palmas 0-0058: Muxing GPIO 2f, PWM 0, LED 0
[    2.101100] vtt_fixed: supplied by smps3
[    2.126280] vdd_3v3: supplied by regen1
[    2.130500] aic_dvdd_fixed: supplied by vdd_3v3
[    2.140674] palmas-rtc 48070000.i2c:tps659038@58:tps659038_rtc: rtc core: registered 48070000.i2c:tps659 as rtc1
[    2.155423] at24 0-0050: 4096 byte 24c32 EEPROM, writable, 1 bytes/write
[    2.162487] omap_i2c 48070000.i2c: bus 0 rev0.12 at 400 kHz
[    2.185251] rtc-ds1307 2-006f: SET TIME!
[    2.190979] rtc-ds1307 2-006f: rtc core: registered mcp7941x as rtc0
[    2.197718] rtc-ds1307 2-006f: 64 bytes nvram
[    2.202325] omap_i2c 48060000.i2c: bus 2 rev0.12 at 400 kHz
[    2.210598] xhci-hcd xhci-hcd.0.auto: xHCI Host Controller
[    2.216376] xhci-hcd xhci-hcd.0.auto: new USB bus registered, assigned bus number 1
[    2.224601] xhci-hcd xhci-hcd.0.auto: hcc params 0x0220f04c hci version 0x100 quirks 0x00010010
[    2.233755] xhci-hcd xhci-hcd.0.auto: irq 410, io mem 0x48890000
[    2.240646] hub 1-0:1.0: USB hub found
[    2.244594] hub 1-0:1.0: 1 port detected
[    2.248981] xhci-hcd xhci-hcd.0.auto: xHCI Host Controller
[    2.254744] xhci-hcd xhci-hcd.0.auto: new USB bus registered, assigned bus number 2
[    2.262835] usb usb2: We don't know the algorithms for LPM for this host, disabling LPM.
[    2.271849] hub 2-0:1.0: USB hub found
[    2.275808] hub 2-0:1.0: 1 port detected
[    2.281858] omap_hsmmc 4809c000.mmc: Got CD GPIO
[    2.346321] rtc-ds1307 2-006f: setting system clock to 2001-01-01 00:00:00 UTC (978307200)
[    2.364080] net eth0: initializing cpsw version 1.15 (0)
[    2.398694] mmc0: host does not support reading read-only switch, assuming write-enable
[    2.410792] mmc0: new high speed SDHC card at address aaaa
[    2.416888] mmcblk0: mmc0:aaaa SL08G 7.40 GiB 
[    2.422978]  mmcblk0: p1 p2 p3
[    2.447185] Micrel KSZ9031 Gigabit PHY 48485000.mdio:01: attached PHY driver [Micrel KSZ9031 Gigabit PHY] (mii_bus:phy_addr=48485000.mdio:01, irq=-1)
[    2.467543] IPv6: ADDRCONF(NETDEV_UP): eth0: link is not ready
[    2.480200] mmc1: new high speed MMC card at address 0001
[    2.486200] mmcblk1: mmc1:0001 S10004 3.56 GiB 
[    2.491107] mmcblk1boot0: mmc1:0001 S10004 partition 1 4.00 MiB
[    2.497457] mmcblk1boot1: mmc1:0001 S10004 partition 2 4.00 MiB
[    2.504489]  mmcblk1: p1 p2 p3
[    2.579759] usb 1-1: new high-speed USB device number 2 using xhci-hcd
[    2.710977] hub 1-1:1.0: USB hub found
[    2.714953] hub 1-1:1.0: 4 ports detected
[    2.819785] usb 2-1: new SuperSpeed USB device number 2 using xhci-hcd
[    2.854975] hub 2-1:1.0: USB hub found
[    2.858935] hub 2-1:1.0: 4 ports detected
[    3.129989] usb 2-1.2: new SuperSpeed USB device number 3 using xhci-hcd
[    3.156712] usb-storage 2-1.2:1.0: USB Mass Storage device detected
[    3.163482] scsi host1: usb-storage 2-1.2:1.0
[    4.367317] scsi 1:0:0:0: Direct-Access     ADATA    USB Flash Drive  1100 PQ: 0 ANSI: 6
[    4.377204] sd 1:0:0:0: [sda] 15155200 512-byte logical blocks: (7.76 GB/7.23 GiB)
[    4.385848] sd 1:0:0:0: [sda] Write Protect is off
[    4.391591] sd 1:0:0:0: [sda] Write cache: enabled, read cache: enabled, doesn't support DPO or FUA
[    4.407271]  sda: sda1
[    4.412471] sd 1:0:0:0: [sda] Attached SCSI removable disk
[    6.467825] cpsw 48484000.ethernet eth0: Link is Up - 1Gbps/Full - flow control rx/tx
[    6.476056] IPv6: ADDRCONF(NETDEV_CHANGE): eth0: link becomes ready
[    6.484751] Sending DHCP requests ., OK
[    6.504753] IP-Config: Got DHCP answer from 192.168.0.1, my address is 192.168.0.74
[    6.512846] IP-Config: Complete:
[    6.516238]      device=eth0, hwaddr=74:da:ea:08:7b:06, ipaddr=192.168.0.74, mask=255.255.255.0, gw=192.168.0.1
[    6.526813]      host=192.168.0.74, domain=ti.com, nis-domain=(none)
[    6.533471]      bootserver=0.0.0.0, rootserver=0.0.0.0, rootpath=     nameserver0=192.0.2.2, nameserver1=192.0.2.3
[    6.544518] aic_dvdd_fixed: disabling
[    6.564249] EXT4-fs (mmcblk0p2): mounted filesystem with ordered data mode. Opts: (null)
[    6.572754] VFS: Mounted root (ext4 filesystem) on device 179:2.
[    6.586449] devtmpfs: mounted
[    6.590775] Freeing unused kernel memory: 2048K (c1100000 - c1300000)
INIT: version 2.88 booting
Error opening /dev/fb0: No such file or directory
Starting udev
[    6.986070] udevd[134]: starting version 182
[    9.954810] FAT-fs (mmcblk0p1): Volume was not properly unmounted. Some data may be corrupt. Please run fsck.
[   10.129426] FAT-fs (mmcblk1p1): Volume was not properly unmounted. Some data may be corrupt. Please run fsck.
[   10.160548] FAT-fs (mmcblk0p3): Volume was not properly unmounted. Some data may be corrupt. Please run fsck.
[   10.171191] EXT4-fs (mmcblk1p3): warning: mounting unchecked fs, running e2fsck is recommended
[   10.196669] EXT4-fs (mmcblk1p3): mounted filesystem without journal. Opts: (null)
[   10.204607] FAT-fs (mmcblk1p2): Volume was not properly unmounted. Some data may be corrupt. Please run fsck.
[   11.049154] EXT4-fs (sda1): warning: mounting unchecked fs, running e2fsck is recommended
[   11.075520] EXT4-fs (sda1): mounted filesystem without journal. Opts: (null)
depmod: ERROR: could not open directory /lib/modules/4.6.0-next-20160526-00002-gefd96220b92f: No such file or directory
depmod: WARNING: -e needs -E or -F
depmod: ERROR: could not open directory /lib/modules/4.6.0-next-20160526-00002-gefd96220b92f: No such file or directory
depmod: FATAL: could not search modules: No such file or directory
[   11.156066] EXT4-fs (mmcblk0p2): re-mounted. Opts: data=ordered
Starting random number generator daemonread error
read error
[   11.269667] random: dd urandom read with 102 bits of entropy available
ALSA: Restoring mixer settings...
/usr/sbin/alsactl: load_state:1729: No soundcards found...
Sun Feb 21 17:25:43 UTC 2016
INIT: Entering runlevel: 5
Configuring network interfaces... udhcpc (v1.23.1) started
Sending discover...
Sending select for 192.168.0.197...
Lease of 192.168.0.197 obtained, lease time 7200
/etc/udhcpc.d/50default: Adding DNS 192.0.2.2
/etc/udhcpc.d/50default: Adding DNS 192.0.2.3
done.
Starting system message bus: dbus.
UIM SYSFS Node Not Found
Initializing the graphics driver ...
PVR:(Error): OpenServices: drmOpen failed [120, /pvr_bridge_u.c]
PVR:(Error): PVRSRVInitSrvConnect: PVRSRVConnect failed [2572, /bridged_pvr_glue.c]
PVR:(Error): SrvInit: PVRSRVInitSrvConnect failed (4) [37, /srvinit.c]
PVR:(Error): main: SrvInit failed (4) [47, /pvrsrvinit.c]
Starting Dropbear SSH server: dropbear.
Starting telnet daemon.
Starting tiipclad daemon
GateMP support enabled on host
Opened log file: lad.txt
numProcessors = 5 id = 0 baseId = 0
Spawned daemon: /usr/bin/lad_dra7xx
Starting rpcbind daemon...done.
starting statd: done
Starting syslogd/klogd: done
Starting thttpd.
Starting Lighttpd Web Server: [   14.219666] random: nonblocking pool is initialized
lighttpd.
2016-02-21 17:25:46: (/home/jenkins/tisdk-build-fido/build-CORTEX_1/arago-tmp-external-linaro-toolchain/work/cortexa15hf-vfp-neon-linux-gnueabi/lighttpd/1.4.35-r1/lighttpd-1.4.35/src/log.c.164) server started 
Starting Matrix GUI application.
Enabling thermal zones...
***************************************************************
***************************************************************
NOTICE: This file system contains the following GPLv3 packages:
	autoconf
	binutils
	cpp-symlinks
	cpp
	g++-symlinks
	g++
	gcc-symlinks
	gcc
	gdbc6x
	gdbserver
	gstreamer1.0-libav
	libgmp10
	libmpc3
	libmpfr4
	make
	parted
If you do not wish to distribute GPLv3 components please remove
the above packages prior to distribution.  This can be done using
the opkg remove command.  i.e.:
    opkg remove <package>
Where <package> is the name printed in the list above
NOTE: If the package is a dependency of another package you
      will be notified of the dependent packages.  You should
      use the --force-removal-of-dependent-packages option to
      also remove the dependent packages as well
***************************************************************
***************************************************************
 _____                    _____           _         _   
|  _  |___ ___ ___ ___   |  _  |___ ___  |_|___ ___| |_ 
|     |  _| .'| . | . |  |   __|  _| . | | | -_|  _|  _|
|__|__|_| |__,|_  |___|  |__|  |_| |___|_| |___|___|_|  
              |___|                    |___|            
Arago Project http://arago-project.org am57xx-evm /dev/ttyO2
Arago 2015.09 am57xx-evm /dev/ttyO2
am57xx-evm login: 
- 01:52:47 [INFO] Host: root
- 01:52:48 [INFO] Target: 
root
root@am57xx-evm:~# 
- 01:52:48 [INFO] Sleeping 15 secs to allow systemd to finish starting processes...
- 01:53:03 [INFO] Disconnected serial from am57xx-evm
- 01:53:03 [INFO] Connected to am57xx-evm via serial 
- 01:53:03 [INFO] Host: uname -a
- 01:53:03 [INFO] Target: 
uname -a
Linux am57xx-evm 4.6.0-next-20160526-00002-gefd96220b92f #1 SMP Thu May 26 00:44:15 CDT 2016 armv7l GNU/Linux
root@am57xx-evm:~# 
- 01:53:03 [INFO] Host: cat /proc/cmdline
- 01:53:03 [INFO] Target: 
cat /proc/cmdline
console=ttyO2,115200n8  earlyprintk=serial,ttyO2,115200n8 rootwait  ip=:::::eth0:dhcp  root=PARTUUID=00000000-02 rw rootfstype=ext4 rootwait 
root@am57xx-evm:~# 
- 01:53:03 [INFO] Host: uname -a
- 01:53:03 [INFO] Target: 
uname -a
Linux am57xx-evm 4.6.0-next-20160526-00002-gefd96220b92f #1 SMP Thu May 26 00:44:15 CDT 2016 armv7l GNU/Linux
root@am57xx-evm:~# 
- 01:53:03 [INFO] Host: cat /proc/mtd
- 01:53:03 [INFO] Target: 
cat /proc/mtd
dev:    size   erasesize  name
root@am57xx-evm:~# 
- 01:53:03 [INFO] Host: export IPERFHOST=192.168.0.1
- 01:53:03 [INFO] Target: 
export IPERFHOST=192.168.0.1
root@am57xx-evm:~# 
- 01:53:03 [INFO] Host: export NFS_SERVER=192.168.0.1
- 01:53:04 [INFO] Target: 
export NFS_SERVER=192.168.0.1
root@am57xx-evm:~# 
- 01:53:04 [INFO] Host: export NFS_ROOT_PATH=/home/tigtfarm11/NFS_exports/linux/am57xx-evm
- 01:53:04 [INFO] Target: 
export NFS_ROOT_PATH=/home/tigtfarm11/NFS_exports/linux/am57x 
x-evm
root@am57xx-evm:~# 
- 01:53:04 [INFO] Host: export AP_SSID=
- 01:53:04 [INFO] Target: 
export AP_SSID=
root@am57xx-evm:~# 
- 01:53:04 [INFO] Host: mkdir -p -m 777 /test
- 01:53:04 [INFO] Target: 
mkdir -p -m 777 /test
root@am57xx-evm:~# 
- 01:53:04 [INFO] Host: cd /test
- 01:53:04 [INFO] Target: 
cd /test
root@am57xx-evm:/test# 
- 01:53:04 [INFO] Host: cat > test.sh << EOF
- 01:53:04 [INFO] Target: 
cat > test.sh << EOF
- 01:53:04 [INFO] Host: failtest() {
- 01:53:04 [INFO] Target: 
failtest() {
- 01:53:04 [INFO] Host:   echo 1 >&3
- 01:53:04 [INFO] Target: 
  echo 1 >&3
- 01:53:04 [INFO] Host: }
- 01:53:04 [INFO] Target: 
- 01:53:04 [INFO] Host: timeout=600
- 01:53:04 [INFO] Target: 
timeout=600
- 01:53:04 [INFO] Host: 
- 01:53:05 [INFO] Target: 
- 01:53:05 [INFO] Host: # Start of user's script logic
- 01:53:05 [INFO] Target: 
# Start of user's script logic
- 01:53:05 [INFO] Host: mount -t proc proc /proc 2>/dev/null;
- 01:53:05 [INFO] Target: 
mount -t proc proc /proc 2>/dev/null;
- 01:53:05 [INFO] Host: 
- 01:53:05 [INFO] Target: 
- 01:53:05 [INFO] Host: mount -t sysfs sys /sys 2>/dev/null;
- 01:53:05 [INFO] Target: 
mount -t sysfs sys /sys 2>/dev/null;
- 01:53:05 [INFO] Host: 
- 01:53:05 [INFO] Target: 
- 01:53:05 [INFO] Host: mount -t debugfs none /sys/kernel/debug 2>/dev/null;
- 01:53:05 [INFO] Target: 
mount -t debugfs none /sys/kernel/debug 2>/dev/null;
- 01:53:05 [INFO] Host: 
- 01:53:05 [INFO] Target: 
- 01:53:05 [INFO] Host: echo 'cpuinfo:';cat /proc/cpuinfo; echo '=======';
- 01:53:05 [INFO] Target: 
echo 'cpuinfo:';cat /proc/cpuinfo; echo '=======';
- 01:53:05 [INFO] Host: 
- 01:53:05 [INFO] Target: 
- 01:53:05 [INFO] Host: echo 'soc info:';head /sys/devices/soc0/* 2>/dev/null; echo '=======';
- 01:53:06 [INFO] Target: 
echo 'soc info:';head /sys/devices/soc0/* 2>/dev/null; echo '=======';
- 01:53:06 [INFO] Host: 
- 01:53:06 [INFO] Target: 
- 01:53:06 [INFO] Host: echo 'DT Model info'; head /proc/device-tree/name /proc/device-tree/model /proc/device-tree/compatible 2>/dev/null;echo; echo '=======';
- 01:53:06 [INFO] Target: 
echo 'DT Model info'; head /proc/device-tree/name /proc/device-tree/model /pro 
c/device-tree/compatible 2>/dev/null;echo; echo '=======';
- 01:53:06 [INFO] Host: 
- 01:53:06 [INFO] Target: 
- 01:53:06 [INFO] Host: echo 'interrupts:';cat /proc/interrupts; echo '=======';
- 01:53:06 [INFO] Target: 
echo 'interrupts:';cat /proc/interrupts; echo '=======';
- 01:53:06 [INFO] Host: 
- 01:53:06 [INFO] Target: 
- 01:53:06 [INFO] Host: echo 'Clk_summary:';cat /sys/kernel/debug/clk/clk_summary; echo '=======';
- 01:53:06 [INFO] Target: 
echo 'Clk_summary:';cat /sys/kernel/debug/clk/clk_summary; echo '=======';
- 01:53:06 [INFO] Host: 
- 01:53:06 [INFO] Target: 
- 01:53:06 [INFO] Host: echo "Available frequencies"; cat /sys/devices/system/cpu/cpu0/cpufreq/scaling_available_frequencies 2>/dev/null;echo '=======';
- 01:53:06 [INFO] Target: 
echo "Available frequencies"; cat /sys/devices/system/cpu/cpu0/cpufreq/scaling 
_available_frequencies 2>/dev/null;echo '=======';
- 01:53:06 [INFO] Host: 
- 01:53:06 [INFO] Target: 
- 01:53:06 [INFO] Host: TMPF=/tmp/a.\$\$; TMPF2=/tmp/b.\$\$; STR=""
- 01:53:07 [INFO] Target: 
TMPF=/tmp/a.\$\$; TMPF2=/tmp/b.\$\$; STR=""
- 01:53:07 [INFO] Host: 
- 01:53:07 [INFO] Target: 
- 01:53:07 [INFO] Host: cp /dev/kmsg \$TMPF &
- 01:53:07 [INFO] Target: 
cp /dev/kmsg \$TMPF &
- 01:53:07 [INFO] Host: 
- 01:53:07 [INFO] Target: 
- 01:53:07 [INFO] Host: PID=\$! ; sleep 5; kill -9 \$PID
- 01:53:07 [INFO] Target: 
PID=\$! ; sleep 5; kill -9 \$PID
- 01:53:07 [INFO] Host: 
- 01:53:07 [INFO] Target: 
- 01:53:07 [INFO] Host: 
- 01:53:07 [INFO] Target: 
- 01:53:07 [INFO] Host: 
- 01:53:07 [INFO] Target: 
- 01:53:07 [INFO] Host: cat \$TMPF|grep "^0">\$TMPF2; N=\`cat \$TMPF2|wc -l\`; if [ "\$N" -ne 0 ]; then STR="\$STR emerg=\$N";echo "===== EMERGE++";cat \$TMPF2|cut -d ';' -f2;echo "====="; fi
- 01:53:07 [INFO] Target: 
cat \$TMPF|grep "^0">\$TMPF2; N=\`cat \$TMPF2|wc -l\`; if [ "\$N" -ne 0 ]; the 
n STR="\$STR emerg=\$N";echo "===== EMERGE++";cat \$TMPF2|cut -d ';' -f2;echo "= 
===="; fi
- 01:53:07 [INFO] Host: 
- 01:53:07 [INFO] Target: 
- 01:53:07 [INFO] Host: cat \$TMPF|grep "^1">\$TMPF2; N=\`cat \$TMPF2|wc -l\`; if [ "\$N" -ne 0 ]; then STR="\$STR alert=\$N";echo "===== ALERT ==";cat \$TMPF2|cut -d ';' -f2;echo "====="; fi
- 01:53:08 [INFO] Target: 
cat \$TMPF|grep "^1">\$TMPF2; N=\`cat \$TMPF2|wc -l\`; if [ "\$N" -ne 0 ]; the 
n STR="\$STR alert=\$N";echo "===== ALERT ==";cat \$TMPF2|cut -d ';' -f2;echo "= 
===="; fi
- 01:53:08 [INFO] Host: 
- 01:53:08 [INFO] Target: 
- 01:53:08 [INFO] Host: cat \$TMPF|grep "^2">\$TMPF2; N=\`cat \$TMPF2|wc -l\`; if [ "\$N" -ne 0 ]; then STR="\$STR crit=\$N";echo "===== CRIT ==";cat \$TMPF2|cut -d ';' -f2;echo "====="; fi
- 01:53:08 [INFO] Target: 
cat \$TMPF|grep "^2">\$TMPF2; N=\`cat \$TMPF2|wc -l\`; if [ "\$N" -ne 0 ]; the 
n STR="\$STR crit=\$N";echo "===== CRIT ==";cat \$TMPF2|cut -d ';' -f2;echo "=== 
=="; fi
- 01:53:08 [INFO] Host: 
- 01:53:08 [INFO] Target: 
- 01:53:08 [INFO] Host: cat \$TMPF|grep "^3">\$TMPF2; N=\`cat \$TMPF2|wc -l\`; if [ "\$N" -ne 0 ]; then STR="\$STR err=\$N";echo "===== ERR ==";cat \$TMPF2|cut -d ';' -f2;echo "=====" ;fi
- 01:53:08 [INFO] Target: 
cat \$TMPF|grep "^3">\$TMPF2; N=\`cat \$TMPF2|wc -l\`; if [ "\$N" -ne 0 ]; the 
n STR="\$STR err=\$N";echo "===== ERR ==";cat \$TMPF2|cut -d ';' -f2;echo "===== 
" ;fi
- 01:53:08 [INFO] Host: 
- 01:53:08 [INFO] Target: 
- 01:53:08 [INFO] Host: cat \$TMPF|grep "^4">\$TMPF2; N=\`cat \$TMPF2|wc -l\`; if [ "\$N" -ne 0 ]; then STR="\$STR warn=\$N";echo "===== WARN ==";cat \$TMPF2|cut -d ';' -f2;echo "=====" ;fi
- 01:53:08 [INFO] Target: 
cat \$TMPF|grep "^4">\$TMPF2; N=\`cat \$TMPF2|wc -l\`; if [ "\$N" -ne 0 ]; the 
n STR="\$STR warn=\$N";echo "===== WARN ==";cat \$TMPF2|cut -d ';' -f2;echo "=== 
==" ;fi
- 01:53:08 [INFO] Host: 
- 01:53:08 [INFO] Target: 
- 01:53:08 [INFO] Host: rm \$TMPF \$TMPF2; echo "SUM""MARY RESULT: BOOT:" 'PASS: H''ello World' 'B''oard' "Booted" "Boot Log has::::\$STR:"
- 01:53:08 [INFO] Target: 
rm \$TMPF \$TMPF2; echo "SUM""MARY RESULT: BOOT:" 'PASS: H''ello World' 'B''oa 
rd' "Booted" "Boot Log has::::\$STR:"
- 01:53:08 [INFO] Host: 
- 01:53:09 [INFO] Target: 
- 01:53:09 [INFO] Host: EOF
- 01:53:09 [INFO] Target: 
root@am57xx-evm:/test# 
- 01:53:09 [INFO] Host: cd /test
- 01:53:09 [INFO] Target: 
cd /test
root@am57xx-evm:/test# 
- 01:53:09 [INFO] Host: chmod +x test.sh
- 01:53:09 [INFO] Target: 
chmod +x test.sh
root@am57xx-evm:/test# 
- 01:53:09 [INFO] Host: ./test.sh 2> stderr.log > stdout.log 3> result.log
- 01:53:14 [INFO] Target: 
./test.sh 2> stderr.log > stdout.log 3> result.log
root@am57xx-evm:/test# 
- 01:53:14 [INFO] Host: echo $?
- 01:53:14 [INFO] Target: 
echo $?
root@am57xx-evm:/test# 
- 01:53:14 [INFO] Host: cd /test
- 01:53:14 [INFO] Target: 
cd /test
root@am57xx-evm:/test# 
- 01:53:14 [INFO] Host: cat stdout.log
- 01:53:17 [INFO] Target: 
cat stdout.log
cpuinfo:
processor	: 0
model name	: ARMv7 Processor rev 2 (v7l)
BogoMIPS	: 12.29
Features	: half thumb fastmult vfp edsp thumbee neon vfpv3 tls vfpv4 idiva idivt vfpd32 lpae evtstrm 
CPU implementer	: 0x41
CPU architecture: 7
CPU variant	: 0x2
CPU part	: 0xc0f
CPU revision	: 2
processor	: 1
model name	: ARMv7 Processor rev 2 (v7l)
BogoMIPS	: 12.29
Features	: half thumb fastmult vfp edsp thumbee neon vfpv3 tls vfpv4 idiva idivt vfpd32 lpae evtstrm 
CPU implementer	: 0x41
CPU architecture: 7
CPU variant	: 0x2
CPU part	: 0xc0f
CPU revision	: 2
Hardware	: Generic DRA74X (Flattened Device Tree)
Revision	: 0000
Serial		: 0000000000000000
=======
soc info:
==> /sys/devices/soc0/family <==
DRA7
==> /sys/devices/soc0/machine <==
DRA752
==> /sys/devices/soc0/power <==
==> /sys/devices/soc0/revision <==
ES1.1
==> /sys/devices/soc0/subsystem <==
==> /sys/devices/soc0/type <==
==> /sys/devices/soc0/uevent <==
=======
DT Model info
==> /proc/device-tree/name <==
==> /proc/device-tree/model <==
TI AM5728 BeagleBoard-X15
==> /proc/device-tree/compatible <==
ti,am572x-beagle-x15ti,am5728ti,dra742ti,dra74ti,dra7
=======
interrupts:
           CPU0       CPU1       
 17:          0          0      CBAR  32 Level     gp_timer
 20:       2509       2425     GIC-0  27 Edge      arch_timer
 22:          0          0      CBAR   4 Level     l3-dbg-irq
 23:          0          0     WUGEN  10 Level     l3-app-irq
 29:       5249          0      CBAR   8 Level     omap-dma-engine
 32:          0          0      CBAR 361 Level     43300000.edma_ccint
 34:          0          0      CBAR 359 Level     43300000.edma_ccerrint
 37:          1          0      CBAR  24 Level     4ae10000.gpio
 38:          1          0  4ae10000.gpio   0 Level     palmas
 70:          0          0      CBAR  25 Level     48055000.gpio
103:          0          0      CBAR  26 Level     48057000.gpio
136:          0          0      CBAR  27 Level     48059000.gpio
169:          0          0      CBAR  28 Level     4805b000.gpio
202:          0          0      CBAR  29 Level     4805d000.gpio
230:          0          0  4805d000.gpio  27 Edge      4809c000.mmc cd
235:          0          0      CBAR  30 Level     48051000.gpio
268:          0          0      CBAR 116 Level     48053000.gpio
301:       8897          0      CBAR  69 Level     OMAP UART2
327:        446          0      CBAR  51 Level     48070000.i2c
328:         42          0      CBAR  56 Level     48060000.i2c
329:       6705          0      CBAR  78 Level     mmc0
330:       1020          0      CBAR  81 Level     mmc1
331:          0          0      CBAR  49 Level     ahci[4a140000.sata]
333:          5          0      CBAR  72 Level     dwc3-omap
338:         12          0      CBAR 335 Level     48484000.ethernet
339:         13          0      CBAR 336 Level     48484000.ethernet
409:          0          0   pinctrl 1016 Edge      48020000.serial
410:        544          0      CBAR  71 Level     xhci-hcd:usb1
411:          0          0    palmas   8 Level     48070000.i2c:tps659038@58:tps659038_rtc
413:          0          0      CBAR   2 Edge      mcp7941x
414:          0          0   pinctrl 1060 Edge      2-006f
IPI0:          0          1  CPU wakeup interrupts
IPI1:          0          0  Timer broadcast interrupts
IPI2:       4008       9361  Rescheduling interrupts
IPI3:         14        350  Function call interrupts
IPI4:          0          0  CPU stop interrupts
IPI5:          0          0  IRQ work interrupts
IPI6:          0          0  completion interrupts
Err:          0
=======
Clk_summary:
   clock                         enable_cnt  prepare_cnt        rate   accuracy   phase
----------------------------------------------------------------------------------------
 dummy_ck                                 0            0           0          0 0  
 video2_m2_clkin_ck                       0            0           0          0 0  
    video2_dclk_div                       0            0           0          0 0  
 video2_clkin_ck                          0            0           0          0 0  
    video2_div_clk                        0            0           0          0 0  
    video2_clk2_div                       0            0           0          0 0  
 video1_m2_clkin_ck                       0            0           0          0 0  
    video1_dclk_div                       0            0           0          0 0  
 video1_clkin_ck                          0            0           0          0 0  
    video1_div_clk                        0            0           0          0 0  
    video1_clk2_div                       0            0           0          0 0  
 usb_otg_clkin_ck                         0            0           0          0 0  
    usb_otg_dclk_div                      0            0           0          0 0  
 sys_clkin2                               0            0    22579200          0 0  
    sys_clk2_dclk_div                     0            0    22579200          0 0  
 virt_38400000_ck                         0            0    38400000          0 0  
 virt_27000000_ck                         0            0    27000000          0 0  
 virt_26000000_ck                         0            0    26000000          0 0  
 virt_20000000_ck                         1            1    20000000          0 0  
    sys_clkin1                            8           15    20000000          0 0  
       wkupaon_iclk_mux                  11           13    20000000          0 0  
          l3instr_ts_gclk_div             0            0      625000          0 0  
       dpll_usb_ck                        1            1   960000000          0 0  
          dpll_usb_clkdcoldo              1            1   960000000          0 0  
             l3init_960m_gfclk            1            2   960000000          0 0  
                usb_otg_ss2_refclk960m           0            2   960000000          0 0  
                usb_otg_ss1_refclk960m           2            3   960000000          0 0  
          dpll_usb_m2_ck                  0            0   480000000          0 0  
             l3init_480m_dclk_div           0            0   480000000          0 0  
             l3init_60m_fclk              0            0    60000000          0 0  
       dpll_usb_byp_mux                   0            0    20000000          0 0  
       dpll_per_ck                        1            1   384000000          0 0  
          dpll_per_x2_ck                  1            3   768000000          0 0  
             dpll_per_m2x2_ck             1            5   192000000          0 0  
                mmc2_fclk_mux             0            1   192000000          0 0  
                   mmc2_fclk_div           0            1   192000000          0 0  
                mmc1_fclk_mux             0            1   192000000          0 0  
                   mmc1_fclk_div           0            1    96000000          0 0  
                func_96m_fclk             0            5    96000000          0 0  
                func_48m_fclk             2           18    48000000          0 0  
                   uart6_gfclk_mux           0            1    48000000          0 0  
                   uart10_gfclk_mux           0            1    48000000          0 0  
                   uart9_gfclk_mux           0            1    48000000          0 0  
                   uart8_gfclk_mux           0            1    48000000          0 0  
                   uart7_gfclk_mux           0            1    48000000          0 0  
                   uart5_gfclk_mux           0            1    48000000          0 0  
                   uart4_gfclk_mux           0            1    48000000          0 0  
                   uart3_gfclk_mux           1            1    48000000          0 0  
                   uart2_gfclk_mux           0            1    48000000          0 0  
                   uart1_gfclk_mux           0            1    48000000          0 0  
                   mmc4_gfclk_mux           0            1    48000000          0 0  
                      mmc4_gfclk_div           0            1    48000000          0 0  
                   mmc3_gfclk_mux           0            1    48000000          0 0  
                      mmc3_gfclk_div           0            1    48000000          0 0  
                   dss_48mhz_clk           0            2    48000000          0 0  
                func_12m_fclk             0            1    12000000          0 0  
             dpll_per_h14x2_ck            0            0   384000000          0 0  
             dpll_per_h13x2_ck            0            0   192000000          0 0  
             dpll_per_h12x2_ck            0            1   192000000          0 0  
                dss_dss_clk               0            3   192000000          0 0  
             dpll_per_h11x2_ck            0            1   256000000          0 0  
                func_128m_clk             0            1   128000000          0 0  
                   qspi_gfclk_mux           0            1   128000000          0 0  
                      qspi_gfclk_div           0            1   128000000          0 0  
          dpll_per_m2_ck                  0            0    96000000          0 0  
             func_24m_clk                 0            0    24000000          0 0  
             func_96m_aon_dclk_div           0            0    96000000          0 0  
       dpll_per_byp_mux                   0            0    20000000          0 0  
       dpll_eve_byp_mux                   0            0    20000000          0 0  
          dpll_eve_ck                     0            0    20000000          0 0  
             dpll_eve_m2_ck               0            0    20000000          0 0  
                eve_clk                   0            0    20000000          0 0  
                eve_dclk_div              0            0    20000000          0 0  
       dpll_gmac_ck                       3            3  1000000000          0 0  
          dpll_gmac_x2_ck                 0            0  2000000000          0 0  
             dpll_gmac_m3x2_ck            0            0   200000000          0 0  
             dpll_gmac_h13x2_ck           0            0   200000000          0 0  
             dpll_gmac_h12x2_ck           0            0   250000000          0 0  
             dpll_gmac_h11x2_ck           0            0    50000000          0 0  
                gmii_m_clk_div            0            0    25000000          0 0  
          dpll_gmac_m2_ck                 0            0   250000000          0 0  
             gmac_250m_dclk_div           0            0   250000000          0 0  
             gmac_gmii_ref_clk_div           0            0   125000000          0 0  
       dpll_gmac_byp_mux                  0            0    20000000          0 0  
       dpll_ddr_ck                        0            0  1064000000          0 0  
          dpll_ddr_x2_ck                  0            0  2128000000          0 0  
             dpll_ddr_h11x2_ck            0            0   266000000          0 0  
          dpll_ddr_m2_ck                  0            0   532000000          0 0  
             emif_phy_dclk_div            0            0   532000000          0 0  
       dpll_ddr_byp_mux                   0            0    20000000          0 0  
       dpll_gpu_byp_mux                   0            0    20000000          0 0  
          dpll_gpu_ck                     0            0    20000000          0 0  
             dpll_gpu_m2_ck               0            0    20000000          0 0  
                gpu_dclk                  0            0    20000000          0 0  
       dpll_iva_byp_mux                   0            0    20000000          0 0  
          dpll_iva_ck                     0            0    20000000          0 0  
             dpll_iva_m2_ck               0            0    20000000          0 0  
                iva_dclk                  0            0    20000000          0 0  
       dpll_dsp_byp_mux                   0            0    20000000          0 0  
          dpll_dsp_ck                     0            0    20000000          0 0  
             dpll_dsp_x2_ck               0            0    20000000          0 0  
                dpll_dsp_m3x2_ck           0            0    20000000          0 0  
             dpll_dsp_m2_ck               0            0    20000000          0 0  
                dsp_gclk_div              0            0    20000000          0 0  
       dpll_mpu_ck                        1            1  1000000000          0 0  
          dpll_mpu_m2_ck                  1            1  1000000000          0 0  
             mpu_dclk_div                 0            0  1000000000          0 0  
       dpll_core_ck                       1            1  1064000000          0 0  
          dpll_core_m2_ck                 0            0   532000000          0 0  
             core_dpll_out_dclk_div           0            0   532000000          0 0  
          dpll_core_x2_ck                 2            3  2128000000          0 0  
             dpll_core_h24x2_ck           0            1   354666667          0 0  
             dpll_core_h23x2_ck           0            0   532000000          0 0  
             dpll_core_h22x2_ck           0            0   425600000          0 0  
             dpll_core_h14x2_ck           0            0   425600000          0 0  
                gpu_hyd_gclk_mux           0            0   425600000          0 0  
                gpu_core_gclk_mux           0            0   425600000          0 0  
             dpll_core_h13x2_ck           5            8    34322581          0 0  
             dpll_core_h12x2_ck           1            1   532000000          0 0  
                l3_iclk_div              99          111   266000000          0 0  
                   dss_deshdcp_clk           1            2   266000000          0 0  
                   vip3_gclk_mux           0            0   266000000          0 0  
                   vip2_gclk_mux           0            0   266000000          0 0  
                   vip1_gclk_mux           0            0   266000000          0 0  
                   gmac_rft_clk_mux           0            0   266000000          0 0  
                   atl_gfclk_mux           0            1   266000000          0 0  
                      atl_clkin3_ck           0            0   266000000          0 0  
                      atl_clkin2_ck           0            0   266000000          0 0  
                      atl_clkin1_ck           0            0   266000000          0 0  
                      atl_clkin0_ck           0            0   266000000          0 0  
                   l4_root_clk_div          17           19   133000000          0 0  
                      ehrpwm2_tbclk           0            0   133000000          0 0  
                      ehrpwm1_tbclk           0            0   133000000          0 0  
                      ehrpwm0_tbclk           0            0   133000000          0 0  
                eve_dpll_hs_clk_div           0            0   532000000          0 0  
                iva_dpll_hs_clk_div           0            0   532000000          0 0  
                dsp_dpll_hs_clk_div           0            0   532000000          0 0  
                mpu_dpll_hs_clk_div           0            0   532000000          0 0  
       dpll_core_byp_mux                  0            0    20000000          0 0  
       adc_gfclk_mux                      0            0    20000000          0 0  
       sata_ref_clk                       3            3    20000000          0 0  
       dpll_pcie_ref_ck                   0            0  1500000000          0 0  
          dpll_pcie_ref_m2_ck             0            0  1500000000          0 0  
             pcie2_dclk_div               0            0  1500000000          0 0  
          dpll_pcie_ref_m2ldo_ck           0            0   100000000          0 0  
             apll_pcie_in_clk_mux           0            0   100000000          0 0  
                apll_pcie_ck              0            0   100000000          0 0  
                   apll_pcie_m2_ck           0            0   100000000          0 0  
                      pcie_dclk_div           0            0   100000000          0 0  
                   apll_pcie_clkvcoldo_div           0            0   100000000          0 0  
                   apll_pcie_clkvcoldo           0            0   100000000          0 0  
                   optfclk_pciephy2_clk           0            0   100000000          0 0  
                   optfclk_pciephy1_clk           0            0   100000000          0 0  
                   optfclk_pciephy_div           0            0   100000000          0 0  
                      optfclk_pciephy2_div_clk           0            0   100000000          0 0  
                      optfclk_pciephy1_div_clk           0            0   100000000          0 0  
       sys_clk32_pseudo_ck                1            1       32786          0 0  
          sys_32k_ck                      3           19       32786          0 0  
             timer1_gfclk_mux             1            1       32786          0 0  
             gpio1_dbclk                  0            2       32786          0 0  
             atl_dpll_clk_mux             0            0       32786          0 0  
             usb_phy3_always_on_clk32k           1            1       32786          0 0  
             usb_phy2_always_on_clk32k           0            1       32786          0 0  
             usb_phy1_always_on_clk32k           1            1       32786          0 0  
             mmc4_clk32k                  0            1       32786          0 0  
             mmc3_clk32k                  0            1       32786          0 0  
             mmc2_clk32k                  0            1       32786          0 0  
             mmc1_clk32k                  0            1       32786          0 0  
             gpio8_dbclk                  0            2       32786          0 0  
             gpio7_dbclk                  0            2       32786          0 0  
             gpio6_dbclk                  0            2       32786          0 0  
             gpio5_dbclk                  0            2       32786          0 0  
             gpio4_dbclk                  0            2       32786          0 0  
             gpio3_dbclk                  0            2       32786          0 0  
             gpio2_dbclk                  0            2       32786          0 0  
             dss_32khz_clk                0            1       32786          0 0  
             optfclk_pciephy2_32khz           0            0       32786          0 0  
             optfclk_pciephy1_32khz           0            0       32786          0 0  
       dcan1_sys_clk_mux                  0            1    20000000          0 0  
       video2_dpll_clk_mux                0            1    20000000          0 0  
          dss_video2_clk                  0            1    20000000          0 0  
       video1_dpll_clk_mux                0            1    20000000          0 0  
          dss_video1_clk                  0            1    20000000          0 0  
       timer_sys_clk_div                  0           14    20000000          0 0  
          timer9_gfclk_mux                0            1    20000000          0 0  
          timer4_gfclk_mux                0            1    20000000          0 0  
          timer3_gfclk_mux                0            1    20000000          0 0  
          timer2_gfclk_mux                0            1    20000000          0 0  
          timer16_gfclk_mux               0            1    20000000          0 0  
          timer15_gfclk_mux               0            1    20000000          0 0  
          timer14_gfclk_mux               0            1    20000000          0 0  
          timer13_gfclk_mux               0            1    20000000          0 0  
          timer11_gfclk_mux               0            1    20000000          0 0  
          timer10_gfclk_mux               0            1    20000000          0 0  
          timer8_gfclk_mux                0            1    20000000          0 0  
          timer7_gfclk_mux                0            1    20000000          0 0  
          timer6_gfclk_mux                0            1    20000000          0 0  
          timer5_gfclk_mux                0            1    20000000          0 0  
       hdmi_dpll_clk_mux                  0            1    20000000          0 0  
          dss_hdmi_clk                    0            2    20000000          0 0  
       custefuse_sys_gfclk_div            0            0    10000000          0 0  
       emu_dclk_div                       0            0    20000000          0 0  
       sata_dclk_div                      0            0    20000000          0 0  
       sys_clk1_dclk_div                  0            0    20000000          0 0  
          clkoutmux2_clk_mux              0            0    20000000          0 0  
             clkout2_clk                  0            0    20000000          0 0  
          clkoutmux1_clk_mux              0            0    20000000          0 0  
          clkoutmux0_clk_mux              0            0    20000000          0 0  
       abe_sys_clk_div                    0            0    20000000          0 0  
       abe_dpll_sys_clk_mux               0            1    20000000          0 0  
          abe_dpll_clk_mux                0            0    20000000          0 0  
          abe_dpll_bypass_clk_mux           0            1    20000000          0 0  
             dpll_abe_ck                  0            2    20000000          0 0  
                dpll_abe_m2_ck            0            1    20000000          0 0  
                   per_abe_x1_gfclk2_div           0            8    20000000          0 0  
                      mcasp8_aux_gfclk_mux           0            1    20000000          0 0  
                      mcasp7_aux_gfclk_mux           0            1    20000000          0 0  
                      mcasp6_aux_gfclk_mux           0            1    20000000          0 0  
                      mcasp5_aux_gfclk_mux           0            1    20000000          0 0  
                      mcasp4_aux_gfclk_mux           0            1    20000000          0 0  
                      mcasp3_aux_gfclk_mux           0            1    20000000          0 0  
                      mcasp2_aux_gfclk_mux           0            1    20000000          0 0  
                      mcasp1_aux_gfclk_mux           0            1    20000000          0 0  
                   per_abe_x1_dclk_div           0            0    20000000          0 0  
                dpll_abe_x2_ck            0            1    20000000          0 0  
                   dpll_abe_m3x2_ck           0            0    20000000          0 0  
                      usb_dpll_hs_clk_div           0            0     6666666          0 0  
                      per_dpll_hs_clk_div           0            0    10000000          0 0  
                   dpll_abe_m2x2_ck           0            1    20000000          0 0  
                      abe_lp_clk_div           0            0     1250000          0 0  
                      abe_24m_fclk           0           10     2500000          0 0  
                         mcasp8_ahclkx_mux           0            1     2500000          0 0  
                         mcasp7_ahclkx_mux           0            1     2500000          0 0  
                         mcasp6_ahclkx_mux           0            1     2500000          0 0  
                         mcasp5_ahclkx_mux           0            1     2500000          0 0  
                         mcasp4_ahclkx_mux           0            1     2500000          0 0  
                         mcasp3_ahclkx_mux           0            1     2500000          0 0  
                         mcasp2_ahclkx_mux           0            1     2500000          0 0  
                         mcasp2_ahclkr_mux           0            1     2500000          0 0  
                         mcasp1_ahclkx_mux           0            1     2500000          0 0  
                         mcasp1_ahclkr_mux           0            1     2500000          0 0  
                      ipu1_gfclk_mux           0            0    20000000          0 0  
                      abe_clk             0            0    20000000          0 0  
                         aess_fclk           0            0    20000000          0 0  
                            abe_giclk_div           0            0    20000000          0 0  
 virt_19200000_ck                         0            0    19200000          0 0  
 virt_16800000_ck                         0            0    16800000          0 0  
 virt_13000000_ck                         0            0    13000000          0 0  
 virt_12000000_ck                         0            0    12000000          0 0  
 sys_clk32_crystal_ck                     0            0       32768          0 0  
 secure_32k_clk_src_ck                    0            1       32768          0 0  
    secure_32k_dclk_div                   0            0       32768          0 0  
 sdvenc_clkin_ck                          0            0           0          0 0  
 rmii_clk_ck                              0            0           0          0 0  
 ref_clkin3_ck                            0            0           0          0 0  
 ref_clkin2_ck                            0            0           0          0 0  
 ref_clkin1_ck                            0            0           0          0 0  
 ref_clkin0_ck                            0            0           0          0 0  
 pciesref_acs_clk_ck                      0            0   100000000          0 0  
 mlbp_clkin_ck                            0            0           0          0 0  
    mlbp_clk                              0            0           0          0 0  
 mlb_clkin_ck                             0            0           0          0 0  
    mlb_clk                               0            0           0          0 0  
 hdmi_clkin_ck                            0            0           0          0 0  
    hdmi_div_clk                          0            0           0          0 0  
    hdmi_clk2_div                         0            0           0          0 0  
    hdmi_dclk_div                         0            0           0          0 0  
=======
Available frequencies
=======
===== ERR ==
/cpus/cpu@0 missing clock-frequency property
/cpus/cpu@1 missing clock-frequency property
omap_hwmod: epwmss0: no dt node
omap_hwmod: epwmss1: no dt node
omap_hwmod: epwmss2: no dt node
omap_voltage_late_init: Voltage driver support not added
udevd[134]: starting version 182
=====
===== WARN ==
omap_hwmod: l3_main_2 using broken dt data from ocp
------------[ cut here ]------------
WARNING: CPU: 0 PID: 1 at arch/arm/mach-omap2/omap_hwmod.c:2497 _init+0x1f0/0x418
omap_hwmod: epwmss0: doesn't have mpu register target base
Modules linked in:
CPU: 0 PID: 1 Comm: swapper/0 Not tainted 4.6.0-next-20160526-00002-gefd96220b92f #1
Hardware name: Generic DRA74X (Flattened Device Tree)
[<c0310468>] (unwind_backtrace) from [<c030bb68>] (show_stack+0x10/0x14)
[<c030bb68>] (show_stack) from [<c058f594>] (dump_stack+0x98/0xac)
[<c058f594>] (dump_stack) from [<c0341bec>] (__warn+0xe8/0x100)
[<c0341bec>] (__warn) from [<c0341c3c>] (warn_slowpath_fmt+0x38/0x48)
[<c0341c3c>] (warn_slowpath_fmt) from [<c1113b98>] (_init+0x1f0/0x418)
[<c1113b98>] (_init) from [<c032840c>] (omap_hwmod_for_each+0x38/0x60)
[<c032840c>] (omap_hwmod_for_each) from [<c1114104>] (__omap_hwmod_setup_all+0x28/0x40)
[<c1114104>] (__omap_hwmod_setup_all) from [<c0301ec0>] (do_one_initcall+0x40/0x174)
[<c0301ec0>] (do_one_initcall) from [<c1100db8>] (kernel_init_freeable+0x15c/0x1fc)
[<c1100db8>] (kernel_init_freeable) from [<c0b7f1a4>] (kernel_init+0x8/0x114)
[<c0b7f1a4>] (kernel_init) from [<c0307ef8>] (ret_from_fork+0x14/0x3c)
---[ end trace 72eba1b2c84395f2 ]---
------------[ cut here ]------------
WARNING: CPU: 0 PID: 1 at arch/arm/mach-omap2/omap_hwmod.c:2497 _init+0x1f0/0x418
omap_hwmod: epwmss1: doesn't have mpu register target base
Modules linked in:
CPU: 0 PID: 1 Comm: swapper/0 Tainted: G        W       4.6.0-next-20160526-00002-gefd96220b92f #1
Hardware name: Generic DRA74X (Flattened Device Tree)
[<c0310468>] (unwind_backtrace) from [<c030bb68>] (show_stack+0x10/0x14)
[<c030bb68>] (show_stack) from [<c058f594>] (dump_stack+0x98/0xac)
[<c058f594>] (dump_stack) from [<c0341bec>] (__warn+0xe8/0x100)
[<c0341bec>] (__warn) from [<c0341c3c>] (warn_slowpath_fmt+0x38/0x48)
[<c0341c3c>] (warn_slowpath_fmt) from [<c1113b98>] (_init+0x1f0/0x418)
[<c1113b98>] (_init) from [<c032840c>] (omap_hwmod_for_each+0x38/0x60)
[<c032840c>] (omap_hwmod_for_each) from [<c1114104>] (__omap_hwmod_setup_all+0x28/0x40)
[<c1114104>] (__omap_hwmod_setup_all) from [<c0301ec0>] (do_one_initcall+0x40/0x174)
[<c0301ec0>] (do_one_initcall) from [<c1100db8>] (kernel_init_freeable+0x15c/0x1fc)
[<c1100db8>] (kernel_init_freeable) from [<c0b7f1a4>] (kernel_init+0x8/0x114)
[<c0b7f1a4>] (kernel_init) from [<c0307ef8>] (ret_from_fork+0x14/0x3c)
---[ end trace 72eba1b2c84395f3 ]---
------------[ cut here ]------------
WARNING: CPU: 0 PID: 1 at arch/arm/mach-omap2/omap_hwmod.c:2497 _init+0x1f0/0x418
omap_hwmod: epwmss2: doesn't have mpu register target base
Modules linked in:
CPU: 0 PID: 1 Comm: swapper/0 Tainted: G        W       4.6.0-next-20160526-00002-gefd96220b92f #1
Hardware name: Generic DRA74X (Flattened Device Tree)
[<c0310468>] (unwind_backtrace) from [<c030bb68>] (show_stack+0x10/0x14)
[<c030bb68>] (show_stack) from [<c058f594>] (dump_stack+0x98/0xac)
[<c058f594>] (dump_stack) from [<c0341bec>] (__warn+0xe8/0x100)
[<c0341bec>] (__warn) from [<c0341c3c>] (warn_slowpath_fmt+0x38/0x48)
[<c0341c3c>] (warn_slowpath_fmt) from [<c1113b98>] (_init+0x1f0/0x418)
[<c1113b98>] (_init) from [<c032840c>] (omap_hwmod_for_each+0x38/0x60)
[<c032840c>] (omap_hwmod_for_each) from [<c1114104>] (__omap_hwmod_setup_all+0x28/0x40)
[<c1114104>] (__omap_hwmod_setup_all) from [<c0301ec0>] (do_one_initcall+0x40/0x174)
[<c0301ec0>] (do_one_initcall) from [<c1100db8>] (kernel_init_freeable+0x15c/0x1fc)
[<c1100db8>] (kernel_init_freeable) from [<c0b7f1a4>] (kernel_init+0x8/0x114)
[<c0b7f1a4>] (kernel_init) from [<c0307ef8>] (ret_from_fork+0x14/0x3c)
---[ end trace 72eba1b2c84395f4 ]---
irq: no irq domain found for /ocp/l4@4a000000/scm@2000/pinmux@1400 !
omap4_sram_init:Unable to allocate sram needed to handle errata I688
omap4_sram_init:Unable to get sram pool needed to handle errata I688
workingset: timestamp_bits=28 max_order=19 bucket_order=0
rtc-ds1307 2-006f: SET TIME!
mmc0: host does not support reading read-only switch, assuming write-enable
FAT-fs (mmcblk0p1): Volume was not properly unmounted. Some data may be corrupt. Please run fsck.
FAT-fs (mmcblk1p1): Volume was not properly unmounted. Some data may be corrupt. Please run fsck.
FAT-fs (mmcblk0p3): Volume was not properly unmounted. Some data may be corrupt. Please run fsck.
EXT4-fs (mmcblk1p3): warning: mounting unchecked fs, running e2fsck is recommended
FAT-fs (mmcblk1p2): Volume was not properly unmounted. Some data may be corrupt. Please run fsck.
EXT4-fs (sda1): warning: mounting unchecked fs, running e2fsck is recommended
=====
SUMMARY RESULT: BOOT: PASS: Hello World Board Booted Boot Log has:::: err=7 warn=67:
root@am57xx-evm:/test# 
- 01:53:17 [INFO] Host: cat stderr.log
- 01:53:17 [INFO] Target: 
cat stderr.log
./test.sh: line 33:  1330 Killed                  cp /dev/kmsg $TMPF
root@am57xx-evm:/test# 
- 01:53:17 [INFO] Host: cat result.log
- 01:53:19 [ERROR] On command: cat result.log waiting for cat result.log.+?(?m-ix:^1[\0\n\r]+) >>> error: execution expired
- 01:53:19 [INFO] Target: 
cat result.log
root@am57xx-evm:/test# 
- 01:53:19 [INFO] Host: cd /test
- 01:53:19 [INFO] Target: 
cd /test
root@am57xx-evm:/test# 
URL:gtsystest.telogy.design.ti.com/vatf/tigtfarm11/tigtfarm11_vatf@am57xx-evm/tigtfarm1105_26_2016_01_51_59/files/session_iteration_1/test_1
