- 06:02:16 [INFO] Starting target session
- 06:02:17 [INFO] Connected to beagleboard via serial 
- 06:02:17 [INFO] Host: #check prompt
- 06:02:19 [ERROR] On command: #check prompt waiting for (?-mix:((?-mix:.*\s+login)|[Pp]assword)) >>> error: execution expired
- 06:02:19 [INFO] Target: 
#check prompt
root@GenericOMAP36xx(FlattenedDeviceTree):/test# 
- 06:02:19 [INFO] Host: #check prompt
- 06:02:19 [INFO] Target: 
#check prompt
root@GenericOMAP36xx(FlattenedDeviceTree):/test# 
- 06:02:19 [INFO] Host: sync;poweroff
- 06:04:19 [ERROR] On command: sync;poweroff waiting for (?i-mx:System halted|System will go to power_off) >>> error: execution expired
- 06:04:20 [INFO] Target: 
sync;poweroff
Broadcast message from root@GenericOMAP36xx(FlattenedDeviceTree) (ttyO2) (Tue
The system is going down for system halt NOW!
INIT: Switching to runlevel: 
INIT: root@GenericOMAP36xx(FlattenedDeviceTree):/test# Sending processes the TERM signal
INIT: Sending processes the KILL sStopping Dropbear SSH server: stopped /usr/sbin/dropbear (pid 673)
dropbear.
Stopping telnet daemon.
Stopping system message bus: Error opening /dev/fb0: No such file or directory
Stopping syslogd/klogd: stopped syslogd (pid 683)
stopped klogd (pid 686)
done
Stopping thttpd.
ALSA: Storing mixer settings...
/usr/sbin/alsactl: save_state:1580: No soundcards found...
Deconfiguring network interfaces... ifdown: interface eth0 not configured
done.
Stopping Lighttpd Web Server: stopped /usr/sbin/lighttpd (pid 693)
lighttpd.
***************************************************************
***************************************************************
NOTICE: This file system contains the followin GPLv3 packages:
	binutils-symlinks
	binutils
	gdbserver
	parted
If you do not wish to distribute GPLv3 components please remove
the above packages prior to distribution.  This can be done using
the opkg remove command.  i.e.:
    opkg remove <package>
Where <package> is the name printed in the list above
NOTE: If the package is a dependency of another package you
      will be notified of the dependent packages.  You should
      use the --force-removal-of-dependent-packages option to
      also remove the dependent packages as well
***************************************************************
***************************************************************
Sending all processes the TERM signal...
Sending all processes the KILL signal...
Unmounting remote filesystems...
Deactivating swap...
Unmounting local filesystems...
[ 1296.121978] FAT-fs (mmcblk0p1): error, invalid access to FAT (entry 0xefffffff)
[ 1296.129913] FAT-fs (mmcblk0p1): Filesystem has been set read-only
[ 1296.136383] grow_buffers: requested out-of-range block 573908236059532799 for device mmcblk0p1
[ 1296.145538] FAT-fs (mmcblk0p1): unable to read inode block for updating (i_pos 9182531776952524799)
[ 1296.155120] FAT-fs (mmcblk0p1): Failed to update on disk inode for unused fallocated blocks, inode could be corrupted. Please run fsck
[ 1298.355895] reboot: Power down
[ 1298.359283] ------------[ cut here ]------------
[ 1298.364196] WARNING: CPU: 0 PID: 819 at kernel/locking/lockdep.c:2744 lockdep_trace_alloc+0xec/0x10c()
[ 1298.373992] DEBUG_LOCKS_WARN_ON(irqs_disabled_flags(flags))
[ 1298.379699] Modules linked in:
[ 1298.383117] CPU: 0 PID: 819 Comm: halt Not tainted 3.18.0-rc1-next-20141023-00002-gc9e03f9 #1
[ 1298.392150] [<c0015378>] (unwind_backtrace) from [<c0011a68>] (show_stack+0x10/0x14)
[ 1298.400329] [<c0011a68>] (show_stack) from [<c05ec160>] (dump_stack+0x78/0x94)
[ 1298.407958] [<c05ec160>] (dump_stack) from [<c00402a0>] (warn_slowpath_common+0x6c/0x8c)
[ 1298.416503] [<c00402a0>] (warn_slowpath_common) from [<c0040354>] (warn_slowpath_fmt+0x30/0x40)
[ 1298.425689] [<c0040354>] (warn_slowpath_fmt) from [<c00857e8>] (lockdep_trace_alloc+0xec/0x10c)
[ 1298.434875] [<c00857e8>] (lockdep_trace_alloc) from [<c013bfb8>] (__kmalloc_track_caller+0x3c/0x238)
[ 1298.444519] [<c013bfb8>] (__kmalloc_track_caller) from [<c0117c40>] (kmemdup+0x1c/0x38)
[ 1298.452972] [<c0117c40>] (kmemdup) from [<c03b4014>] (regmap_bulk_write+0x74/0x19c)
[ 1298.461059] [<c03b4014>] (regmap_bulk_write) from [<c03bf020>] (twl_i2c_write+0x4c/0x88)
[ 1298.469604] [<c03bf020>] (twl_i2c_write) from [<c03c1564>] (twl4030_power_off+0x20/0x40)
[ 1298.478149] [<c03c1564>] (twl4030_power_off) from [<c000f208>] (machine_power_off+0x24/0x2c)
[ 1298.487060] [<c000f208>] (machine_power_off) from [<c005d118>] (SyS_reboot+0x114/0x1f0)
[ 1298.495513] [<c005d118>] (SyS_reboot) from [<c000e5c0>] (ret_fast_syscall+0x0/0x48)
[ 1298.503570] ---[ end trace ab882f09f3b9f66e ]---
U-Boot SPL 2014.04-00071-g8543283 (Apr 22 2014 - 15:49:50)
SPL: Please implement spl_start_uboot() for your board
SPL: Direct Linux boot not active!
reading u-boot.img
reading u-boot.img
U-Boot 2014.04-00071-g8543283 (Apr 22 2014 - 15:49:50)
OMAP36XX/37XX-GP ES1.2, CPU-OPP2, L3-200MHz, Max CPU Clock 1 Ghz
OMAP3 Beagle board + LPDDR/NAND
I2C:   ready
DRAM:  512 MiB
NAND:  0 MiB
MMC:   OMAP SD/MMC: 0
*** Warning - readenv() failed, using default environment
Beagle xM Rev C
No EEPROM on expansion board
Die ID #409600029ff800000168300f0d00c008
Net:   usb_ether
Hit any key to stop autoboot:  1  0 
mmc0 is current device
gpio: pin 173 (gpio 173) value is 0
gpio: pin 4 (gpio 4) value is 0
SD/MMC found on device 0
reading uEnv.txt
70 bytes read in 3 ms (22.5 KiB/s)
Loaded environment from uEnv.txt
Importing environment from mmc ...
reading //uImage
** Unable to read file //uImage **
Booting from nand ...
no devices available
Wrong Image Format for bootm command
ERROR: can't get kernel image!
reading //zImage
** Unable to read file //zImage **
U-Boot# 
- 06:04:20 [INFO] Disconnected serial from beagleboard
- 06:04:43 [INFO] Connected to beagleboard via serial 
- 06:04:43 [INFO] Host: 
- 06:04:43 [INFO] Target: 
U-Boot# 
- 06:04:43 [INFO] Host: 
- 06:04:44 [INFO] Target: 
U-Boot# 
- 06:04:44 [INFO] Host: version
- 06:04:44 [INFO] Target: 
version
U-Boot 2014.04-00071-g8543283 (Apr 22 2014 - 15:49:50)
arm-linux-gnueabi-gcc (Ubuntu/Linaro 4.6.3-1ubuntu5) 4.6.3
GNU ld (GNU Binutils for Ubuntu) 2.22
U-Boot# 
- 06:04:45 [INFO] Host: setenv bootargs 'console=ttyO2,115200n8  earlyprintk rootwait '
- 06:04:45 [INFO] Target: 
setenv bootargs 'console=ttyO2,115200n8  earlyprintk rootwait '
U-Boot# 
- 06:04:45 [INFO] Host: setenv bootcmd  ''
- 06:04:46 [INFO] Target: 
setenv bootcmd  ''
U-Boot# 
- 06:04:46 [INFO] Host: setenv autoload 'no'
- 06:04:46 [INFO] Target: 
setenv autoload 'no'
U-Boot# 
- 06:04:46 [INFO] Host: setenv serverip '128.247.105.47'
- 06:04:47 [INFO] Target: 
setenv serverip '128.247.105.47'
U-Boot# 
- 06:04:47 [INFO] Host: printenv
- 06:04:47 [INFO] Target: 
printenv
arch=arm
autoload=no
baudrate=115200
beaglerev=xMC
board=beagle
board_name=beagle
bootargs=console=ttyO2,115200n8  earlyprintk rootwait 
bootcmd=
bootdelay=1
bootdir=/boot
bootenv=uEnv.txt
bootfile=uImage
bootm_size=0x08000000
bootpart=0:2
buddy=none
camera=none
console=ttyO2,115200n8
cpu=armv7
defaultdisplay=dvi
dieid#=409600029ff800000168300f0d00c008
dvimode=640x480MR-16@60
ethact=usb_ether
fdtaddr=0x80f80000
findfdt=if test $beaglerev = AxBx; then setenv fdtfile omap3-beagle.dtb; fi; if test $beaglerev = Cx; then setenv fdtfile omap3-beagle.dtb; fi; if test $beaglerev = C4; then setenv fdtfile omap3-beagle.dtb; fi; if test $beaglerev = xMAB; then setenv fdtfile omap3-beagle-xm.dtb; fi; if test $beaglerev = xMC; then setenv fdtfile omap3-beagle-xm.dtb; fi; if test $fdtfile = undefined; then echo WARNING: Could not determine device tree to use; fi; 
importbootenv=echo Importing environment from mmc ...; env import -t $loadaddr $filesize
loadaddr=0x80200000
loadbootenv=fatload mmc ${mmcdev} ${loadaddr} ${bootenv}
loadfdt=load mmc ${bootpart} ${fdtaddr} ${bootdir}/${fdtfile}
loadimage=load mmc ${bootpart} ${loadaddr} ${bootdir}/${bootfile}
loadramdisk=load mmc ${bootpart} ${rdaddr} ${bootdir}/${ramdisk}
mmcargs=setenv bootargs console=${console} ${optargs} mpurate=${mpurate} buddy=${buddy} camera=${camera} vram=${vram} omapfb.mode=dvi:${dvimode} omapdss.def_disp=${defaultdisplay} root=${mmcroot} rootfstype=${mmcrootfstype}
mmcboot=echo Booting from mmc ...; run mmcargs; bootm ${loadaddr}
mmcbootz=echo Booting with DT from mmc${mmcdev} ...; run mmcargs; bootz ${loadaddr} - ${fdtaddr}
mmcdev=0
mmcroot=/dev/mmcblk0p2 rw
mmcrootfstype=ext3 rootwait
mpurate=auto
nandargs=setenv bootargs console=${console} ${optargs} mpurate=${mpurate} buddy=${buddy} camera=${camera} vram=${vram} omapfb.mode=dvi:${dvimode} omapdss.def_disp=${defaultdisplay} root=${nandroot} rootfstype=${nandrootfstype}
nandboot=echo Booting from nand ...; run nandargs; nand read ${loadaddr} 280000 400000; bootm ${loadaddr}
nandroot=ubi0:rootfs ubi.mtd=4
nandrootfstype=ubifs
ramargs=setenv bootargs console=${console} ${optargs} mpurate=${mpurate} buddy=${buddy} vram=${vram} omapfb.mode=dvi:${dvimode} omapdss.def_disp=${defaultdisplay} root=${ramroot} rootfstype=${ramrootfstype}
ramboot=echo Booting from ramdisk ...; run ramargs; bootm ${loadaddr}
ramdisk=ramdisk.gz
ramroot=/dev/ram0 rw ramdisk_size=65536 initrd=0x81000000,64M
ramrootfstype=ext2
rdaddr=0x81000000
serverip=128.247.105.47
soc=omap3
stderr=serial
stdin=serial
stdout=serial
usbethaddr=02:08:0f:00:02:00
usbtty=cdc_acm
userbutton=if gpio input 173; then run userbutton_xm; else run userbutton_nonxm; fi;
userbutton_nonxm=gpio input 7;
userbutton_xm=gpio input 4;
vendor=ti
ver=U-Boot 2014.04-00071-g8543283 (Apr 22 2014 - 15:49:50)
vram=12M
Environment size: 2927/131068 bytes
U-Boot# 
- 06:04:47 [INFO] Host: dcache off
- 06:04:48 [INFO] Target: 
dcache off
U-Boot# 
- 06:04:48 [INFO] Host: usb start
- 06:04:51 [INFO] Target: 
usb start
(Re)start USB...
USB0:   USB EHCI 1.00
scanning bus 0 for devices... 3 USB Device(s) found
       scanning usb for storage devices... 0 Storage Device(s) found
       scanning usb for ethernet devices... 1 Ethernet Device(s) found
U-Boot# 
- 06:04:51 [INFO] Host: printenv
- 06:04:51 [INFO] Target: 
printenv
arch=arm
autoload=no
baudrate=115200
beaglerev=xMC
board=beagle
board_name=beagle
bootargs=console=ttyO2,115200n8  earlyprintk rootwait 
bootcmd=
bootdelay=1
bootdir=/boot
bootenv=uEnv.txt
bootfile=uImage
bootm_size=0x08000000
bootpart=0:2
buddy=none
camera=none
console=ttyO2,115200n8
cpu=armv7
defaultdisplay=dvi
dieid#=409600029ff800000168300f0d00c008
dvimode=640x480MR-16@60
ethact=usb_ether
fdtaddr=0x80f80000
findfdt=if test $beaglerev = AxBx; then setenv fdtfile omap3-beagle.dtb; fi; if test $beaglerev = Cx; then setenv fdtfile omap3-beagle.dtb; fi; if test $beaglerev = C4; then setenv fdtfile omap3-beagle.dtb; fi; if test $beaglerev = xMAB; then setenv fdtfile omap3-beagle-xm.dtb; fi; if test $beaglerev = xMC; then setenv fdtfile omap3-beagle-xm.dtb; fi; if test $fdtfile = undefined; then echo WARNING: Could not determine device tree to use; fi; 
importbootenv=echo Importing environment from mmc ...; env import -t $loadaddr $filesize
loadaddr=0x80200000
loadbootenv=fatload mmc ${mmcdev} ${loadaddr} ${bootenv}
loadfdt=load mmc ${bootpart} ${fdtaddr} ${bootdir}/${fdtfile}
loadimage=load mmc ${bootpart} ${loadaddr} ${bootdir}/${bootfile}
loadramdisk=load mmc ${bootpart} ${rdaddr} ${bootdir}/${ramdisk}
mmcargs=setenv bootargs console=${console} ${optargs} mpurate=${mpurate} buddy=${buddy} camera=${camera} vram=${vram} omapfb.mode=dvi:${dvimode} omapdss.def_disp=${defaultdisplay} root=${mmcroot} rootfstype=${mmcrootfstype}
mmcboot=echo Booting from mmc ...; run mmcargs; bootm ${loadaddr}
mmcbootz=echo Booting with DT from mmc${mmcdev} ...; run mmcargs; bootz ${loadaddr} - ${fdtaddr}
mmcdev=0
mmcroot=/dev/mmcblk0p2 rw
mmcrootfstype=ext3 rootwait
mpurate=auto
nandargs=setenv bootargs console=${console} ${optargs} mpurate=${mpurate} buddy=${buddy} camera=${camera} vram=${vram} omapfb.mode=dvi:${dvimode} omapdss.def_disp=${defaultdisplay} root=${nandroot} rootfstype=${nandrootfstype}
nandboot=echo Booting from nand ...; run nandargs; nand read ${loadaddr} 280000 400000; bootm ${loadaddr}
nandroot=ubi0:rootfs ubi.mtd=4
nandrootfstype=ubifs
ramargs=setenv bootargs console=${console} ${optargs} mpurate=${mpurate} buddy=${buddy} vram=${vram} omapfb.mode=dvi:${dvimode} omapdss.def_disp=${defaultdisplay} root=${ramroot} rootfstype=${ramrootfstype}
ramboot=echo Booting from ramdisk ...; run ramargs; bootm ${loadaddr}
ramdisk=ramdisk.gz
ramroot=/dev/ram0 rw ramdisk_size=65536 initrd=0x81000000,64M
ramrootfstype=ext2
rdaddr=0x81000000
serverip=128.247.105.47
soc=omap3
stderr=serial
stdin=serial
stdout=serial
usbethaddr=02:08:0f:00:02:00
usbtty=cdc_acm
userbutton=if gpio input 173; then run userbutton_xm; else run userbutton_nonxm; fi;
userbutton_nonxm=gpio input 7;
userbutton_xm=gpio input 4;
vendor=ti
ver=U-Boot 2014.04-00071-g8543283 (Apr 22 2014 - 15:49:50)
vram=12M
Environment size: 2927/131068 bytes
U-Boot# 
- 06:04:51 [INFO] Host: setenv bootargs ''${bootargs}' ip=dhcp '
- 06:04:52 [INFO] Target: 
setenv bootargs ''${bootargs}' ip=dhcp '
U-Boot# 
- 06:04:52 [INFO] Host: setenv serverip '128.247.105.47'
- 06:04:52 [INFO] Target: 
setenv serverip '128.247.105.47'
U-Boot# 
- 06:04:52 [INFO] Host: setenv ipaddr dhcp
- 06:04:53 [INFO] Target: 
setenv ipaddr dhcp
U-Boot# 
- 06:04:53 [INFO] Host: setenv autoload 'no'
- 06:04:53 [INFO] Target: 
setenv autoload 'no'
U-Boot# 
- 06:04:54 [INFO] Host: dhcp
- 06:04:57 [INFO] Target: 
dhcp
ERROR: Need valid 'usbnet_devaddr' to be set
at drivers/usb/gadget/ether.c:2362/usb_eth_init()
Waiting for Ethernet connection... done.
BOOTP broadcast 1
DHCP client bound to address 192.168.1.160
U-Boot# 
- 06:04:57 [INFO] Host: setenv serverip '128.247.105.47'
- 06:04:57 [INFO] Target: 
setenv serverip '128.247.105.47'
U-Boot# 
- 06:04:57 [INFO] Host: tftp ${loadaddr} 128.247.105.47:vatf_2/5015fdf7aa0ee31404076b93e882e845
- 06:05:13 [INFO] Target: 
tftp ${loadaddr} 128.247.105.47:vatf_2/5015fdf7aa0ee31404076b93e882e845
Waiting for Ethernet connection... done.
Using sms0 device
TFTP from server 128.247.105.47; our IP address is 192.168.1.160; sending through gateway 192.168.1.254
Filename 'vatf_2/5015fdf7aa0ee31404076b93e882e845'.
Load address: 0x80200000
Loading: *EHCI timed out on TD - token=0x8008d80
T #################################################################
	 #################################################################
	 #################################################################
	 #################################################################
	 #################################################################
	 ###################################
	 381.8 KiB/s
done
Bytes transferred = 5272752 (5074b0 hex)
U-Boot# 
- 06:05:13 [INFO] Host: tftp ${fdtaddr} 128.247.105.47:vatf_2/efe3cf6d0b0f39d1ecb203365fd724b9
- 06:05:20 [INFO] Target: 
tftp ${fdtaddr} 128.247.105.47:vatf_2/efe3cf6d0b0f39d1ecb203365fd724b9
Waiting for Ethernet connection... done.
Using sms0 device
TFTP from server 128.247.105.47; our IP address is 192.168.1.160; sending through gateway 192.168.1.254
Filename 'vatf_2/efe3cf6d0b0f39d1ecb203365fd724b9'.
Load address: 0x80f80000
Loading: *EHCI timed out on TD - token=0x8008d80
T #####
	 10.7 KiB/s
done
Bytes transferred = 62172 (f2dc hex)
U-Boot# 
- 06:05:20 [INFO] Host: ls mmc 0:1
- 06:05:21 [INFO] Target: 
ls mmc 0:1
    49660   mlo 
   372288   u-boot.img 
       70   uenv.txt 
  4254648   back-zimage 
    57382   back-omap3-beagle-xm.dtb 
5 file(s), 0 dir(s)
U-Boot# 
- 06:05:21 [INFO] Host: ls mmc 0:2
- 06:05:21 [INFO] Target: 
ls mmc 0:2
<DIR>       4096 .
<DIR>       4096 ..
<DIR>      16384 lost+found
<DIR>       4096 bin
<DIR>       4096 boot
<SYM>         37 cpufreq
<SYM>         37 cpuidle
<DIR>       4096 dev
<DIR>       4096 etc
<DIR>       4096 home
<DIR>       4096 lib
<DIR>       4096 media
<DIR>       4096 mnt
<DIR>       4096 opt
<DIR>       4096 proc
<SYM>          8 run
<DIR>       4096 sbin
<DIR>       4096 srv
<DIR>       4096 sys
<SYM>          8 tmp
<DIR>       4096 usr
<DIR>       4096 var
<DIR>       4096 www
<DIR>       4096 Settings
<DIR>       4096 test
          348160 core
U-Boot# 
- 06:05:22 [INFO] Host: part uuid mmc 0:2
- 06:05:22 [INFO] Target: 
part uuid mmc 0:2
Unknown command 'part' - try 'help'
U-Boot# 
- 06:05:22 [INFO] Host: printenv
- 06:05:23 [INFO] Target: 
printenv
arch=arm
autoload=no
baudrate=115200
beaglerev=xMC
board=beagle
board_name=beagle
bootargs=console=ttyO2,115200n8  earlyprintk rootwait  ip=dhcp 
bootcmd=
bootdelay=1
bootdir=/boot
bootenv=uEnv.txt
bootfile=uImage
bootm_size=0x08000000
bootpart=0:2
buddy=none
camera=none
console=ttyO2,115200n8
cpu=armv7
defaultdisplay=dvi
dieid#=409600029ff800000168300f0d00c008
dnsip=192.0.2.2
dvimode=640x480MR-16@60
ethact=sms0
fdtaddr=0x80f80000
fileaddr=80f80000
filesize=f2dc
findfdt=if test $beaglerev = AxBx; then setenv fdtfile omap3-beagle.dtb; fi; if test $beaglerev = Cx; then setenv fdtfile omap3-beagle.dtb; fi; if test $beaglerev = C4; then setenv fdtfile omap3-beagle.dtb; fi; if test $beaglerev = xMAB; then setenv fdtfile omap3-beagle-xm.dtb; fi; if test $beaglerev = xMC; then setenv fdtfile omap3-beagle-xm.dtb; fi; if test $fdtfile = undefined; then echo WARNING: Could not determine device tree to use; fi; 
gatewayip=192.168.1.254
importbootenv=echo Importing environment from mmc ...; env import -t $loadaddr $filesize
ipaddr=192.168.1.160
loadaddr=0x80200000
loadbootenv=fatload mmc ${mmcdev} ${loadaddr} ${bootenv}
loadfdt=load mmc ${bootpart} ${fdtaddr} ${bootdir}/${fdtfile}
loadimage=load mmc ${bootpart} ${loadaddr} ${bootdir}/${bootfile}
loadramdisk=load mmc ${bootpart} ${rdaddr} ${bootdir}/${ramdisk}
mmcargs=setenv bootargs console=${console} ${optargs} mpurate=${mpurate} buddy=${buddy} camera=${camera} vram=${vram} omapfb.mode=dvi:${dvimode} omapdss.def_disp=${defaultdisplay} root=${mmcroot} rootfstype=${mmcrootfstype}
mmcboot=echo Booting from mmc ...; run mmcargs; bootm ${loadaddr}
mmcbootz=echo Booting with DT from mmc${mmcdev} ...; run mmcargs; bootz ${loadaddr} - ${fdtaddr}
mmcdev=0
mmcroot=/dev/mmcblk0p2 rw
mmcrootfstype=ext3 rootwait
mpurate=auto
nandargs=setenv bootargs console=${console} ${optargs} mpurate=${mpurate} buddy=${buddy} camera=${camera} vram=${vram} omapfb.mode=dvi:${dvimode} omapdss.def_disp=${defaultdisplay} root=${nandroot} rootfstype=${nandrootfstype}
nandboot=echo Booting from nand ...; run nandargs; nand read ${loadaddr} 280000 400000; bootm ${loadaddr}
nandroot=ubi0:rootfs ubi.mtd=4
nandrootfstype=ubifs
netmask=255.255.255.0
ramargs=setenv bootargs console=${console} ${optargs} mpurate=${mpurate} buddy=${buddy} vram=${vram} omapfb.mode=dvi:${dvimode} omapdss.def_disp=${defaultdisplay} root=${ramroot} rootfstype=${ramrootfstype}
ramboot=echo Booting from ramdisk ...; run ramargs; bootm ${loadaddr}
ramdisk=ramdisk.gz
ramroot=/dev/ram0 rw ramdisk_size=65536 initrd=0x81000000,64M
ramrootfstype=ext2
rdaddr=0x81000000
serverip=128.247.105.47
soc=omap3
stderr=serial
stdin=serial
stdout=serial
usbethaddr=02:08:0f:00:02:00
usbtty=cdc_acm
userbutton=if gpio input 173; then run userbutton_xm; else run userbutton_nonxm; fi;
userbutton_nonxm=gpio input 7;
userbutton_xm=gpio input 4;
vendor=ti
ver=U-Boot 2014.04-00071-g8543283 (Apr 22 2014 - 15:49:50)
vram=12M
Environment size: 3058/131068 bytes
U-Boot# 
- 06:05:23 [INFO] Host: setenv bootargs ''${bootargs}' root=/dev/mmcblk0p2 rw rootfstype=ext3 rootwait '
- 06:05:23 [INFO] Target: 
setenv bootargs ''${bootargs}' root=/dev/mmcblk0p2 rw rootfstype=ext3 rootwait '
U-Boot# 
- 06:05:23 [INFO] Host: printenv
- 06:05:24 [INFO] Target: 
printenv
arch=arm
autoload=no
baudrate=115200
beaglerev=xMC
board=beagle
board_name=beagle
bootargs=console=ttyO2,115200n8  earlyprintk rootwait  ip=dhcp  root=/dev/mmcblk0p2 rw rootfstype=ext3 rootwait 
bootcmd=
bootdelay=1
bootdir=/boot
bootenv=uEnv.txt
bootfile=uImage
bootm_size=0x08000000
bootpart=0:2
buddy=none
camera=none
console=ttyO2,115200n8
cpu=armv7
defaultdisplay=dvi
dieid#=409600029ff800000168300f0d00c008
dnsip=192.0.2.2
dvimode=640x480MR-16@60
ethact=sms0
fdtaddr=0x80f80000
fileaddr=80f80000
filesize=f2dc
findfdt=if test $beaglerev = AxBx; then setenv fdtfile omap3-beagle.dtb; fi; if test $beaglerev = Cx; then setenv fdtfile omap3-beagle.dtb; fi; if test $beaglerev = C4; then setenv fdtfile omap3-beagle.dtb; fi; if test $beaglerev = xMAB; then setenv fdtfile omap3-beagle-xm.dtb; fi; if test $beaglerev = xMC; then setenv fdtfile omap3-beagle-xm.dtb; fi; if test $fdtfile = undefined; then echo WARNING: Could not determine device tree to use; fi; 
gatewayip=192.168.1.254
importbootenv=echo Importing environment from mmc ...; env import -t $loadaddr $filesize
ipaddr=192.168.1.160
loadaddr=0x80200000
loadbootenv=fatload mmc ${mmcdev} ${loadaddr} ${bootenv}
loadfdt=load mmc ${bootpart} ${fdtaddr} ${bootdir}/${fdtfile}
loadimage=load mmc ${bootpart} ${loadaddr} ${bootdir}/${bootfile}
loadramdisk=load mmc ${bootpart} ${rdaddr} ${bootdir}/${ramdisk}
mmcargs=setenv bootargs console=${console} ${optargs} mpurate=${mpurate} buddy=${buddy} camera=${camera} vram=${vram} omapfb.mode=dvi:${dvimode} omapdss.def_disp=${defaultdisplay} root=${mmcroot} rootfstype=${mmcrootfstype}
mmcboot=echo Booting from mmc ...; run mmcargs; bootm ${loadaddr}
mmcbootz=echo Booting with DT from mmc${mmcdev} ...; run mmcargs; bootz ${loadaddr} - ${fdtaddr}
mmcdev=0
mmcroot=/dev/mmcblk0p2 rw
mmcrootfstype=ext3 rootwait
mpurate=auto
nandargs=setenv bootargs console=${console} ${optargs} mpurate=${mpurate} buddy=${buddy} camera=${camera} vram=${vram} omapfb.mode=dvi:${dvimode} omapdss.def_disp=${defaultdisplay} root=${nandroot} rootfstype=${nandrootfstype}
nandboot=echo Booting from nand ...; run nandargs; nand read ${loadaddr} 280000 400000; bootm ${loadaddr}
nandroot=ubi0:rootfs ubi.mtd=4
nandrootfstype=ubifs
netmask=255.255.255.0
ramargs=setenv bootargs console=${console} ${optargs} mpurate=${mpurate} buddy=${buddy} vram=${vram} omapfb.mode=dvi:${dvimode} omapdss.def_disp=${defaultdisplay} root=${ramroot} rootfstype=${ramrootfstype}
ramboot=echo Booting from ramdisk ...; run ramargs; bootm ${loadaddr}
ramdisk=ramdisk.gz
ramroot=/dev/ram0 rw ramdisk_size=65536 initrd=0x81000000,64M
ramrootfstype=ext2
rdaddr=0x81000000
serverip=128.247.105.47
soc=omap3
stderr=serial
stdin=serial
stdout=serial
usbethaddr=02:08:0f:00:02:00
usbtty=cdc_acm
userbutton=if gpio input 173; then run userbutton_xm; else run userbutton_nonxm; fi;
userbutton_nonxm=gpio input 7;
userbutton_xm=gpio input 4;
vendor=ti
ver=U-Boot 2014.04-00071-g8543283 (Apr 22 2014 - 15:49:50)
vram=12M
Environment size: 3107/131068 bytes
U-Boot# 
- 06:05:24 [INFO] Host: setenv bootcmd ''${bootcmd}' if iminfo ${loadaddr}; then bootm ${loadaddr} - ${fdtaddr}; else bootz ${loadaddr} - ${fdtaddr}; bootm ${loadaddr} - ${fdtaddr}; fi'
- 06:05:24 [INFO] Target: 
setenv bootcmd ''${bootcmd}' if iminfo ${loadaddr}; then bootm ${loadaddr} - ${fdtaddr}; else bootz ${loadaddr} - ${fdtaddr}; bootm ${loadaddr} - ${fdtaddr}; fi'
U-Boot# 
- 06:05:24 [INFO] Host: bdinfo
- 06:05:25 [INFO] Target: 
bdinfo
arch_number = 0x0000060A
boot_params = 0x80000100
DRAM bank   = 0x00000000
-> start    = 0x80000000
-> size     = 0x10000000
DRAM bank   = 0x00000001
-> start    = 0x90000000
-> size     = 0x10000000
eth0name    = usb_ether
ethaddr     = (not set)
eth1name    = sms0
eth1addr    = (not set)
current eth = sms0
ip_addr     = 192.168.1.160
baudrate    = 115200 bps
TLB addr    = 0x9FFF0000
relocaddr   = 0x9FF51000
reloc off   = 0x1FE51000
irq_sp      = 0x9FE30ED0
sp start    = 0x9FE30EC0
U-Boot# 
- 06:05:25 [INFO] Host: boot
- 06:07:55 [ERROR] On command: boot waiting for (?-mix:.*\s+login) >>> error: execution expired
- 06:07:55 [INFO] Target: 
boot
## Checking Image at 80200000 ...
Unknown image format!
Kernel image @ 0x80200000 [ 0x000000 - 0x5074b0 ]
## Flattened Device Tree blob at 80f80000
   Booting using the fdt blob at 0x80f80000
   Loading Device Tree to 87fed000, end 87fff2db ... OK
Starting kernel ...
[    0.000000] Booting Linux on physical CPU 0x0
[    0.000000] Linux version 3.18.0-rc1-next-20141023-00002-gc9e03f9 (nmenon@kahuna) (gcc version 4.6.3 (Ubuntu/Linaro 4.6.3-1ubuntu5) ) #1 SMP Thu Oct 23 05:56:49 CDT 2014
[    0.000000] CPU: ARMv7 Processor [413fc082] revision 2 (ARMv7), cr=10c5387d
[    0.000000] CPU: PIPT / VIPT nonaliasing data cache, VIPT aliasing instruction cache
[    0.000000] Machine model: TI OMAP3 BeagleBoard xM
[    0.000000] cma: Reserved 64 MiB at 9b800000
[    0.000000] Memory policy: Data cache writeback
[    0.000000]   HighMem zone: 1048574 pages exceeds freesize 0
[    0.000000] CPU: All CPU(s) started in SVC mode.
[    0.000000] OMAP3630 ES1.2 (l2cache iva sgx neon isp 192mhz_clk )
[    0.000000] PERCPU: Embedded 10 pages/cpu @dfa8a000 s8576 r8192 d24192 u40960
[    0.000000] Built 1 zonelists in Zone order, mobility grouping on.  Total pages: 129792
[    0.000000] Kernel command line: console=ttyO2,115200n8  earlyprintk rootwait  ip=dhcp  root=/dev/mmcblk0p2 rw rootfstype=ext3 rootwait 
[    0.000000] PID hash table entries: 2048 (order: 1, 8192 bytes)
[    0.000000] Dentry cache hash table entries: 65536 (order: 6, 262144 bytes)
[    0.000000] Inode-cache hash table entries: 32768 (order: 5, 131072 bytes)
[    0.000000] Memory: 441040K/523264K available (6884K kernel code, 937K rwdata, 2784K rodata, 736K init, 308K bss, 82224K reserved, 0K highmem)
[    0.000000] Virtual kernel memory layout:
[    0.000000]     vector  : 0xffff0000 - 0xffff1000   (   4 kB)
[    0.000000]     fixmap  : 0xffc00000 - 0xffe00000   (2048 kB)
[    0.000000]     vmalloc : 0xe0800000 - 0xff000000   ( 488 MB)
[    0.000000]     lowmem  : 0xc0000000 - 0xe0000000   ( 512 MB)
[    0.000000]     pkmap   : 0xbfe00000 - 0xc0000000   (   2 MB)
[    0.000000]     modules : 0xbf000000 - 0xbfe00000   (  14 MB)
[    0.000000]       .text : 0xc0208000 - 0xc0b7956c   (9670 kB)
[    0.000000]       .init : 0xc0b7a000 - 0xc0c32000   ( 736 kB)
[    0.000000]       .data : 0xc0c32000 - 0xc0d1c5c0   ( 938 kB)
[    0.000000]        .bss : 0xc0d1c5c0 - 0xc0d699a0   ( 309 kB)
[    0.000000] SLUB: HWalign=64, Order=0-3, MinObjects=0, CPUs=1, Nodes=1
[    0.000000] Hierarchical RCU implementation.
[    0.000000] 	RCU restricting CPUs from NR_CPUS=8 to nr_cpu_ids=1.
[    0.000000] RCU: Adjusting geometry for rcu_fanout_leaf=16, nr_cpu_ids=1
[    0.000000] NR_IRQS:16 nr_irqs:16 16
[    0.000000] IRQ: Found an INTC at 0xfa200000 (revision 4.0) with 96 interrupts
[    0.000000] Clocking rate (Crystal/Core/MPU): 26.0/400/600 MHz
[    0.000000] OMAP clockevent source: timer1 at 32768 Hz
[    0.000030] sched_clock: 32 bits at 32kHz, resolution 30517ns, wraps every 65536000000000ns
[    0.000030] OMAP clocksource: 32k_counter at 32768 Hz
[    0.000244] Console: colour dummy device 80x30
[    0.000274] Calibrating delay loop... 594.73 BogoMIPS (lpj=1486848)
[    0.029083] pid_max: default: 32768 minimum: 301
[    0.029296] Mount-cache hash table entries: 1024 (order: 0, 4096 bytes)
[    0.029296] Mountpoint-cache hash table entries: 1024 (order: 0, 4096 bytes)
[    0.030029] CPU: Testing write buffer coherency: ok
[    0.030364] CPU0: thread -1, cpu 0, socket -1, mpidr 0
[    0.030456] Setting up static identity map for 0x808815d8 - 0x80881670
[    0.034820] Brought up 1 CPUs
[    0.034820] SMP: Total of 1 processors activated.
[    0.034851] CPU: All CPU(s) started in SVC mode.
[    0.035491] devtmpfs: initialized
[    0.036499] VFP support v0.3: implementor 41 architecture 3 part 30 variant c rev 3
[    0.057220] omap_hwmod: mcbsp2_sidetone using broken dt data from mcbsp
[    0.057800] omap_hwmod: mcbsp3_sidetone using broken dt data from mcbsp
[    0.090789] omap_hwmod: mcbsp2: cannot be enabled for reset (3)
[    0.143341] pinctrl core: initialized pinctrl subsystem
[    0.144165] regulator-dummy: no parameters
[    0.173461] NET: Registered protocol family 16
[    0.176605] DMA: preallocated 256 KiB pool for atomic coherent allocations
[    0.180236] cpuidle: using governor ladder
[    0.180267] cpuidle: using governor menu
[    0.180419] omap_l3_smx omap_l3_smx.0: couldn't request debug irq
[    0.180450] omap_l3_smx: probe of omap_l3_smx.0 failed with error -22
[    0.186981] Reprogramming SDRC clock to 400000000 Hz
[    0.192413] omap_gpio 48310000.gpio: could not find pctldev for node /ocp/pinmux@48002a00/pinmux_gpio1_pins, deferring probe
[    0.192443] platform 48310000.gpio: Driver omap_gpio requests probe deferral
[    0.193481] OMAP GPIO hardware version 2.5
[    0.198303] irq: no irq domain found for /ocp/pinmux@48002030 !
[    0.210418] omap-gpmc 6e000000.gpmc: GPMC revision 5.0
[    0.211700] platform 48058000.ssi-controller: Cannot lookup hwmod 'ssi'
[    0.216796] No ATAGs?
[    0.216827] hw-breakpoint: debug architecture 0x4 unsupported.
[    0.217132] EXYNOS: PMU not supported
[    0.219787] OMAP DMA hardware revision 5.0
[    0.223785] Serial: AMBA PL011 UART driver
[    0.243316] edma-dma-engine edma-dma-engine.0: Can't allocate PaRAM dummy slot
[    0.243377] edma-dma-engine: probe of edma-dma-engine.0 failed with error -22
[    0.261291] omap-dma-engine 48056000.dma-controller: OMAP DMA engine driver
[    0.262145] platform hsusb2_power_reg: Driver reg-fixed-voltage requests probe deferral
[    0.266235] vgaarb: loaded
[    0.267211] SCSI subsystem initialized
[    0.268066] usbcore: registered new interface driver usbfs
[    0.268188] usbcore: registered new interface driver hub
[    0.268280] usbcore: registered new device driver usb
[    0.268920] platform hsusb2_phy: Driver usb_phy_generic requests probe deferral
[    0.271118] omap_i2c 48070000.i2c: bus 0 rev4.4 at 2600 kHz
[    0.271789] omap_i2c 48072000.i2c: bus 1 rev4.4 at 400 kHz
[    0.272369] omap_i2c 48060000.i2c: bus 2 rev4.4 at 100 kHz
[    0.273132] Linux video capture interface: v2.00
[    0.273223] pps_core: LinuxPPS API ver. 1 registered
[    0.273254] pps_core: Software ver. 5.3.6 - Copyright 2005-2007 Rodolfo Giometti <giometti@linux.it>
[    0.273284] PTP clock support registered
[    0.273651] EDAC MC: Ver: 3.0.0
[    0.274993] Advanced Linux Sound Architecture Driver Initialized.
[    0.276702] Switched to clocksource 32k_counter
[    0.292816] NET: Registered protocol family 2
[    0.293670] TCP established hash table entries: 4096 (order: 2, 16384 bytes)
[    0.293762] TCP bind hash table entries: 4096 (order: 3, 32768 bytes)
[    0.293853] TCP: Hash tables configured (established 4096 bind 4096)
[    0.293914] TCP: reno registered
[    0.293945] UDP hash table entries: 256 (order: 1, 8192 bytes)
[    0.293975] UDP-Lite hash table entries: 256 (order: 1, 8192 bytes)
[    0.294189] NET: Registered protocol family 1
[    0.294647] RPC: Registered named UNIX socket transport module.
[    0.294677] RPC: Registered udp transport module.
[    0.294677] RPC: Registered tcp transport module.
[    0.294677] RPC: Registered tcp NFSv4.1 backchannel transport module.
[    0.297607] hw perfevents: enabled with armv7_cortex_a8 PMU driver, 5 counters available
[    0.301177] futex hash table entries: 256 (order: 2, 16384 bytes)
[    0.319427] squashfs: version 4.0 (2009/01/31) Phillip Lougher
[    0.320648] NFS: Registering the id_resolver key type
[    0.320709] Key type id_resolver registered
[    0.320739] Key type id_legacy registered
[    0.321746] Block layer SCSI generic (bsg) driver version 0.4 loaded (major 249)
[    0.321868] io scheduler noop registered
[    0.321899] io scheduler deadline registered
[    0.322174] io scheduler cfq registered (default)
[    0.326507] pinctrl-single 48002030.pinmux: 284 pins at pa fa002030 size 568
[    0.326934] pinctrl-single 48002a00.pinmux: 46 pins at pa fa002a00 size 92
[    0.327667] pinctrl-single 480025a0.pinmux: 46 pins at pa fa0025a0 size 92
[    0.426940] Serial: 8250/16550 driver, 4 ports, IRQ sharing disabled
[    0.429962] Serial: IMX driver
[    0.430755] msm_serial: driver initialized
[    0.431610] omap_uart 4806a000.serial: no wakeirq for uart0
[    0.431915] omap_uart 4806a000.serial: ttyO0 at MMIO 0x4806a000 (irq = 192, base_baud = 3000000) is a OMAP UART0
[    0.432586] omap_uart 4806c000.serial: no wakeirq for uart0
[    0.432739] omap_uart 4806c000.serial: ttyO1 at MMIO 0x4806c000 (irq = 193, base_baud = 3000000) is a OMAP UART1
[    0.433563] omap_uart 49020000.serial: ttyO2 at MMIO 0x49020000 (irq = 194, base_baud = 3000000) is a OMAP UART2
[    1.215820] console [ttyO2] enabled
[    1.220245] omap_uart 49042000.serial: no wakeirq for uart0
[    1.226287] omap_uart 49042000.serial: ttyO3 at MMIO 0x49042000 (irq = 231, base_baud = 3000000) is a OMAP UART3
[    1.237487] STMicroelectronics ASC driver initialized
[    1.244232] serial: Freescale lpuart driver
[    1.249053] [drm] Initialized drm 1.1.0 20060810
[    1.262969] loop: module loaded
[    1.278381] twl 0-0048: PIH (irq 265) chaining IRQs 269..277
[    1.284454] twl 0-0048: power (irq 274) chaining IRQs 277..284
[    1.296874] VAUX1: at 3000 mV 
[    1.303314] usb_1v8: 1800 mV 
[    1.308319] VAUX3: at 2800 mV 
[    1.313385] VAUX4: at 2800 mV 
[    1.318481] VDD1: 600 <--> 1450 mV at 1200 mV 
[    1.325042] VDAC: 1800 mV 
[    1.331939] VIO: at 1800 mV 
[    1.337585] VINTANA1: 1500 mV 
[    1.343353] VINTANA2: at 2750 mV 
[    1.349456] VINTDIG: 1500 mV 
[    1.353912] VMMC1: 1850 <--> 3150 mV at 3150 mV 
[    1.360656] VMMC2: 1850 <--> 3150 mV at 2600 mV 
[    1.367126] VUSB1V5: 1500 mV 
[    1.371093] VUSB1V8: 1800 mV 
[    1.375274] VUSB3V1: 3100 mV 
[    1.381011] VPLL1: at 1800 mV 
[    1.386108] VPLL2: 1800 mV 
[    1.390930] VSIM: 1800 <--> 3000 mV at 1800 mV 
[    1.397247] twl4030_gpio twl4030-gpio: gpio (irq 269) chaining IRQs 285..302
[    1.508544] CAN device driver interface
[    1.514617] igb: Intel(R) Gigabit Ethernet Network Driver - version 5.2.15-k
[    1.522094] igb: Copyright (c) 2007-2014 Intel Corporation.
[    1.531188] pegasus: v0.9.3 (2013/04/25), Pegasus/Pegasus II USB Ethernet driver
[    1.539093] usbcore: registered new interface driver pegasus
[    1.545135] usbcore: registered new interface driver asix
[    1.550903] usbcore: registered new interface driver ax88179_178a
[    1.557373] usbcore: registered new interface driver cdc_ether
[    1.563568] usbcore: registered new interface driver smsc75xx
[    1.569763] usbcore: registered new interface driver smsc95xx
[    1.575897] usbcore: registered new interface driver net1080
[    1.581909] usbcore: registered new interface driver cdc_subset
[    1.588195] usbcore: registered new interface driver zaurus
[    1.594177] usbcore: registered new interface driver cdc_ncm
[    1.600769] ehci_hcd: USB 2.0 'Enhanced' Host Controller (EHCI) Driver
[    1.607666] ehci-pci: EHCI PCI platform driver
[    1.612457] ehci-platform: EHCI generic platform driver
[    1.618316] ehci-omap: OMAP-EHCI Host Controller driver
[    1.624298] ehci-omap 48064800.ehci: Can't get PHY device for port 1: -517
[    1.631561] platform 48064800.ehci: Driver ehci-omap requests probe deferral
[    1.639099] ehci-orion: EHCI orion driver
[    1.643676] SPEAr-ehci: EHCI SPEAr driver
[    1.648223] tegra-ehci: Tegra EHCI driver
[    1.652801] ohci_hcd: USB 1.1 'Open' Host Controller (OHCI) Driver
[    1.659332] ohci-pci: OHCI PCI platform driver
[    1.664154] ohci-platform: OHCI generic platform driver
[    1.669921] ohci-omap3: OHCI OMAP3 driver
[    1.674591] ohci-omap3 48064400.ohci: OHCI Host Controller
[    1.680450] ohci-omap3 48064400.ohci: new USB bus registered, assigned bus number 1
[    1.688934] ohci-omap3 48064400.ohci: irq 266, io mem 0x48064400
[    1.768066] hub 1-0:1.0: USB hub found
[    1.772155] hub 1-0:1.0: 3 ports detected
[    1.777343] SPEAr-ohci: OHCI SPEAr driver
[    1.782836] usbcore: registered new interface driver usb-storage
[    1.792083] mousedev: PS/2 mouse device common for all mice
[    1.803344] twl_rtc 48070000.i2c:twl@48:rtc: Power up reset detected.
[    1.810455] twl_rtc 48070000.i2c:twl@48:rtc: Enabling TWL-RTC
[    1.820953] twl_rtc 48070000.i2c:twl@48:rtc: rtc core: registered 48070000.i2c:twl@48 as rtc0
[    1.831909] i2c /dev entries driver
[    1.839141] usbcore: registered new interface driver uvcvideo
[    1.845214] USB Video Class driver (1.1.1)
[    1.849517] gspca_main: v2.14.0 registered
[    1.860595] sdhci: Secure Digital Host Controller Interface driver
[    1.867126] sdhci: Copyright(c) Pierre Ossman
[    1.907745] Synopsys Designware Multimedia Card Interface Driver
[    1.915832] sdhci-pltfm: SDHCI platform and OF driver helper
[    1.925048] leds_pwm pwmleds: unable to request PWM for beagleboard::pmu_stat: -517
[    1.933166] platform pwmleds: Driver leds_pwm requests probe deferral
[    1.940185] ledtrig-cpu: registered to indicate activity on CPUs
[    1.946929] usbcore: registered new interface driver usbhid
[    1.952789] usbhid: USB HID core driver
[    1.966735] TCP: cubic registered
[    1.970336] NET: Registered protocol family 17
[    1.975067] can: controller area network core (rev 20120528 abi 9)
[    1.981658] NET: Registered protocol family 29
[    1.986389] can: raw protocol (rev 20120528)
[    1.990875] can: broadcast manager protocol (rev 20120528 t)
[    1.996856] can: netlink gateway (rev 20130117) max_hops=1
[    2.003356] Key type dns_resolver registered
[    2.008239] omap2_set_init_voltage: unable to find boot up OPP for vdd_mpu_iva
[    2.015869] omap2_set_init_voltage: unable to set vdd_mpu_iva
[    2.021911] omap2_set_init_voltage: unable to find boot up OPP for vdd_core
[    2.029235] omap2_set_init_voltage: unable to set vdd_core
[    2.036651] ThumbEE CPU extension supported.
[    2.041229] Registering SWP/SWPB emulation handler
[    2.049896] hsusb2_vbus: 3300 mV 
[    2.085937] mmc0: host does not support reading read-only switch, assuming write-enable
[    2.096984] mmc0: new high speed SDHC card at address 1234
[    2.103363] mmcblk0: mmc0:1234 SA04G 3.63 GiB 
[    2.110473]  mmcblk0: p1 p2
[    2.147216] ehci-omap 48064800.ehci: EHCI Host Controller
[    2.152954] ehci-omap 48064800.ehci: new USB bus registered, assigned bus number 2
[    2.161193] ehci-omap 48064800.ehci: irq 267, io mem 0x48064800
[    2.176971] ehci-omap 48064800.ehci: USB 2.0 started, EHCI 1.00
[    2.184448] hub 2-0:1.0: USB hub found
[    2.188537] hub 2-0:1.0: 3 ports detected
[    2.194946] leds_pwm pwmleds: unable to request PWM for beagleboard::pmu_stat: -517
[    2.203094] platform pwmleds: Driver leds_pwm requests probe deferral
[    2.211608] input: gpio_keys as /devices/gpio_keys/input/input0
[    2.219940] leds_pwm pwmleds: unable to request PWM for beagleboard::pmu_stat: -517
[    2.228088] platform pwmleds: Driver leds_pwm requests probe deferral
[    2.235900] twl_rtc 48070000.i2c:twl@48:rtc: setting system clock to 2000-01-01 00:00:00 UTC (946684800)
[    2.501983] usb 2-2: new high-speed USB device number 2 using ehci-omap
[    2.638946] hub 2-2:1.0: USB hub found
[    2.643157] hub 2-2:1.0: 5 ports detected
[    2.651123] leds_pwm pwmleds: unable to request PWM for beagleboard::pmu_stat: -517
[    2.659240] platform pwmleds: Driver leds_pwm requests probe deferral
[    2.932281] usb 2-2.1: new high-speed USB device number 3 using ehci-omap
[    3.045989] smsc95xx v1.0.4
[    3.110656] smsc95xx 2-2.1:1.0 eth0: register 'smsc95xx' at usb-48064800.ehci-2.1, smsc95xx USB 2.0 Ethernet, da:f5:00:f7:c0:41
[    3.124206] leds_pwm pwmleds: unable to request PWM for beagleboard::pmu_stat: -517
[    3.132324] platform pwmleds: Driver leds_pwm requests probe deferral
[    3.319396] smsc95xx 2-2.1:1.0 eth0: hardware isn't capable of remote wakeup
[    4.982757] smsc95xx 2-2.1:1.0 eth0: link up, 100Mbps, full-duplex, lpa 0xC5E1
[    5.001892] Sending DHCP requests .., OK
[    8.122344] IP-Config: Got DHCP answer from 192.168.1.254, my address is 192.168.1.176
[    8.130859] IP-Config: Complete:
[    8.134277]      device=eth0, hwaddr=da:f5:00:f7:c0:41, ipaddr=192.168.1.176, mask=255.255.255.0, gw=192.168.1.254
[    8.145172]      host=192.168.1.176, domain=ti.com, nis-domain=(none)
[    8.151947]      bootserver=192.168.1.254, rootserver=192.168.1.254, rootpath=
[    8.159362]      nameserver0=192.0.2.2, nameserver1=192.0.2.3
[    8.166076] VPLL2: disabling
[    8.169647] VUSB3V1: disabling
[    8.175415] VDAC: disabling
[    8.180114] VAUX3: disabling
[    8.184692] ALSA device list:
[    8.187835]   No soundcards found.
[    8.194854] EXT4-fs (mmcblk0p2): mounting ext3 file system using the ext4 subsystem
[    8.254150] EXT4-fs (mmcblk0p2): mounted filesystem with ordered data mode. Opts: (null)
[    8.262756] VFS: Mounted root (ext3 filesystem) on device 179:2.
[    8.274230] devtmpfs: mounted
[    8.278625] Freeing unused kernel memory: 736K (c0b7a000 - c0c32000)
INIT: version 2.88 booting
Error opening /dev/fb0: No such file or directory
/dev/ttyO2 linked to /dev/tty-bd - using as console
Starting udev
[    9.405334] udevd[92]: starting version 182
[   14.189697] random: nonblocking pool is initialized
[   14.205413] FAT-fs (mmcblk0p1): codepage cp437 not found
[   14.406860] FAT-fs (mmcblk0p1): codepage cp437 not found
[   14.763366] FAT-fs (mmcblk0p1): codepage cp437 not found
[   14.800720] FAT-fs (mmcblk0p1): codepage cp437 not found
ERROR: could not open directory /lib/modules/3.18.0-rc1-next-20141023-00002-gc9e03f9: No such file or directory
WARNING: -e needs -E or -F
ERROR: could not open directory /lib/modules/3.18.0-rc1-next-20141023-00002-gc9e03f9: No such file or directory
FATAL: could not search modules: No such file or directory
Starting Bootlog daemon: bootlogd.
[   15.050262] EXT4-fs (mmcblk0p2): re-mounted. Opts: data=ordered
ALSA: Restoring mixer settings...
/usr/sbin/alsactl: load_state:1696: No soundcards found...
Configuring network interfaces... udhcpc (v1.20.2) started
Sending discover...
Sending select for 192.168.1.176...
Lease of 192.168.1.176 obtained, lease time 600
/etc/udhcpc.d/50default: Adding DNS 192.0.2.2
/etc/udhcpc.d/50default: Adding DNS 192.0.2.3
done.
Tue Feb  1 17:22:00 UTC 2000
INIT: Entering runlevel: 3
/dev/ linked to /dev/tty-bd - using as console
Starting system message bus: dbus.
Starting Dropbear SSH server: dropbear.
Starting telnet daemon.
Starting syslogd/klogd: done
Starting thttpd.
Starting Lighttpd Web Server: lighttpd.
2000-02-01 17:22:01: (log.c.166) server started 
***************************************************************
***************************************************************
NOTICE: This file system contains the followin GPLv3 packages:
	binutils-symlinks
	binutils
	gdbserver
	parted
If you do not wish to distribute GPLv3 components please remove
the above packages prior to distribution.  This can be done using
the opkg remove command.  i.e.:
    opkg remove <package>
Where <package> is the name printed in the list above
NOTE: If the package is a dependency of another package you
      will be notified of the dependent packages.  You should
      use the --force-removal-of-dependent-packages option to
      also remove the dependent packages as well
***************************************************************
***************************************************************
Stopping Bootlog daemon: bootlogd.
INIT: Id "S" respawning too fast: disabled for 5 minutes
