- 05:58:58 [INFO] Starting target session
- 05:58:58 [INFO] Connected to beagleboard via serial 
- 05:58:58 [INFO] Host: #check prompt
- 05:59:01 [ERROR] On command: #check prompt waiting for #check prompt.+?(?-mix:((?-mix:.*\s+login)|[Pp]assword)) >>> error: execution expired
- 05:59:01 [INFO] Target: 
#check prompt
root@GenericOMAP36xx(FlattenedDeviceTree):/test# 
- 05:59:01 [INFO] Host: #check prompt
- 05:59:02 [INFO] Target: 
#check prompt
root@GenericOMAP36xx(FlattenedDeviceTree):/test# 
- 05:59:02 [INFO] Host: sync;poweroff
- 05:59:21 [INFO] Target: 
sync;poweroff
Broadcast message from root@GenericOMAP36xx(FlattenedDeviceTree) (ttyO2) (Mon
The system is going down for system halt NOW!
INIT: Switching to runlevel: 0
root@GenericOMAP36xx(FlattenedDeviceTree):/test#
INIT: Sending processes the TERM signal
INIT: Sending processes the KILL signal
Stopping Dropbear SSH server: stopped /usr/sbin/dropbear (pid 669)
dropbear.
Stopping telnet daemon.
Stopping system message bus: hwclock: can't open '/dev/misc/rtc': No such file or directory
Error opening /dev/fb0: No such file or directory
Stopping syslogd/klogd: stopped syslogd (pid 681)
stopped klogd (pid 684)
done
Stopping thttpd.
ALSA: Storing mixer settings...
/usr/sbin/alsactl: save_state:1580: No soundcards found...
Deconfiguring network interfaces... ifdown: interface eth0 not configured
done.
Stopping Lighttpd Web Server: stopped /usr/sbin/lighttpd (pid 695)
lighttpd.
***************************************************************
***************************************************************
NOTICE: This file system contains the followin GPLv3 packages:
	binutils-symlinks
	binutils
	gdbserver
	parted
If you do not wish to distribute GPLv3 components please remove
the above packages prior to distribution.  This can be done using
the opkg remove command.  i.e.:
    opkg remove <package>
Where <package> is the name printed in the list above
NOTE: If the package is a dependency of another package you
      will be notified of the dependent packages.  You should
      use the --force-removal-of-dependent-packages option to
      also remove the dependent packages as well
***************************************************************
***************************************************************
Sending all processes the TERM signal...
Sending all processes the KILL signal...
Unmounting remote filesystems...
Deactivating swap...
Unmounting local filesystems...
[ 1296.286254] reboot: Power down
[ 1296.289642] ------------[ cut here ]------------
[ 1296.294555] WARNING: CPU: 0 PID: 821 at kernel/locking/lockdep.c:2741 lockdep_trace_alloc+0xec/0x10c()
[ 1296.304382] DEBUG_LOCKS_WARN_ON(irqs_disabled_flags(flags))
[ 1296.310058] Modules linked in:
[ 1296.313507] CPU: 0 PID: 821 Comm: halt Not tainted 4.0.0-rc7-next-20150407-00002-gd00bdeacbe99 #1
[ 1296.322845] Hardware name: Generic OMAP36xx (Flattened Device Tree)
[ 1296.329467] [<c0016374>] (unwind_backtrace) from [<c0012894>] (show_stack+0x10/0x14)
[ 1296.337646] [<c0012894>] (show_stack) from [<c05de614>] (dump_stack+0x78/0x94)
[ 1296.345275] [<c05de614>] (dump_stack) from [<c00401d0>] (warn_slowpath_common+0x7c/0xb4)
[ 1296.353820] [<c00401d0>] (warn_slowpath_common) from [<c004029c>] (warn_slowpath_fmt+0x30/0x40)
[ 1296.363006] [<c004029c>] (warn_slowpath_fmt) from [<c008eb64>] (lockdep_trace_alloc+0xec/0x10c)
[ 1296.372192] [<c008eb64>] (lockdep_trace_alloc) from [<c015360c>] (__kmalloc_track_caller+0x40/0x254)
[ 1296.381835] [<c015360c>] (__kmalloc_track_caller) from [<c012d318>] (kmemdup+0x1c/0x38)
[ 1296.390289] [<c012d318>] (kmemdup) from [<c03ef1b8>] (regmap_bulk_write+0x74/0x19c)
[ 1296.398376] [<c03ef1b8>] (regmap_bulk_write) from [<c03fac4c>] (twl_i2c_write+0x4c/0x88)
[ 1296.406921] [<c03fac4c>] (twl_i2c_write) from [<c03fcd34>] (twl4030_power_off+0x40/0x15c)
[ 1296.415557] [<c03fcd34>] (twl4030_power_off) from [<c0011a34>] (machine_power_off+0x24/0x2c)
[ 1296.424468] [<c0011a34>] (machine_power_off) from [<c0060200>] (SyS_reboot+0x114/0x1f0)
[ 1296.432891] [<c0060200>] (SyS_reboot) from [<c000f3c0>] (ret_fast_syscall+0x0/0x4c)
[ 1296.440979] ---[ end trace 39be188013584482 ]---
- 05:59:21 [INFO] Disconnected serial from beagleboard
- 05:59:45 [INFO] Connected to beagleboard via serial 
- 05:59:45 [INFO] Host: 
- 05:59:45 [INFO] Target: 
  0 
U-Boot# 
- 05:59:45 [INFO] Host: 
- 05:59:46 [INFO] Target: 
U-Boot# 
- 05:59:46 [INFO] Host: version
- 05:59:46 [INFO] Target: 
version
U-Boot 2014.10-00004-g9ade0ab (Dec 05 2014 - 14:01:52)
arm-linux-gnueabi-gcc (Ubuntu/Linaro 4.6.3-1ubuntu5) 4.6.3
GNU ld (GNU Binutils for Ubuntu) 2.22
U-Boot# 
- 05:59:46 [INFO] Host: setenv bootargs 'console=ttyO2,115200n8  earlyprintk rootwait '
- 05:59:47 [INFO] Target: 
setenv bootargs 'console=ttyO2,115200n8  earlyprintk rootwait '
U-Boot# 
- 05:59:47 [INFO] Host: setenv bootcmd  ''
- 05:59:47 [INFO] Target: 
setenv bootcmd  ''
U-Boot# 
- 05:59:47 [INFO] Host: setenv autoload 'no'
- 05:59:48 [INFO] Target: 
setenv autoload 'no'
U-Boot# 
- 05:59:48 [INFO] Host: setenv serverip '192.168.1.254'
- 05:59:48 [INFO] Target: 
setenv serverip '192.168.1.254'
U-Boot# 
- 05:59:48 [INFO] Host: setenv mmcdev ' '
- 05:59:49 [INFO] Target: 
setenv mmcdev ' '
U-Boot# 
- 05:59:49 [INFO] Host: printenv
- 05:59:49 [INFO] Target: 
printenv
arch=arm
autoload=no
baudrate=115200
beaglerev=xMC
board=beagle
board_name=beagle
bootargs=console=ttyO2,115200n8  earlyprintk rootwait 
bootcmd=
bootdelay=1
bootdir=/boot
bootenv=uEnv.txt
bootfile=uImage
bootm_size=0x08000000
bootpart=0:2
bootscript=echo Running bootscript from mmc${mmcdev} ...; source ${loadaddr}
buddy=none
camera=none
console=ttyO2,115200n8
cpu=armv7
defaultdisplay=dvi
dieid#=586000029ff80000016830101700b01f
dvimode=640x480MR-16@60
ethact=usb_ether
fdtaddr=0x80f80000
findfdt=if test $beaglerev = AxBx; then setenv fdtfile omap3-beagle.dtb; fi; if test $beaglerev = Cx; then setenv fdtfile omap3-beagle.dtb; fi; if test $beaglerev = C4; then setenv fdtfile omap3-beagle.dtb; fi; if test $beaglerev = xMAB; then setenv fdtfile omap3-beagle-xm-ab.dtb; fi; if test $beaglerev = xMC; then setenv fdtfile omap3-beagle-xm.dtb; fi; if test $fdtfile = undefined; then echo WARNING: Could not determine device tree to use; fi; 
importbootenv=echo Importing environment from mmc ...; env import -t -r $loadaddr $filesize
loadaddr=0x80200000
loadbootenv=fatload mmc ${mmcdev} ${loadaddr} ${bootenv}
loadbootscript=load mmc ${mmcdev} ${loadaddr} boot.scr
loadfdt=run validatefdt; load mmc ${bootpart} ${fdtaddr} ${bootdir}/${fdtfile}
loadimage=load mmc ${bootpart} ${loadaddr} ${bootdir}/${bootfile}
loadramdisk=load mmc ${bootpart} ${rdaddr} ${bootdir}/${ramdisk}
mmcargs=setenv bootargs console=${console} ${optargs} mpurate=${mpurate} buddy=${buddy} camera=${camera} vram=${vram} omapfb.mode=dvi:${dvimode} omapdss.def_disp=${defaultdisplay} root=${mmcroot} rootfstype=${mmcrootfstype}
mmcboot=echo Booting from mmc ...; run mmcargs; bootm ${loadaddr}
mmcbootz=echo Booting with DT from mmc${mmcdev} ...; run mmcargs; bootz ${loadaddr} - ${fdtaddr}
mmcdev= 
mmcroot=/dev/mmcblk0p2 rw
mmcrootfstype=ext3 rootwait
mpurate=auto
nandargs=setenv bootargs console=${console} ${optargs} mpurate=${mpurate} buddy=${buddy} camera=${camera} vram=${vram} omapfb.mode=dvi:${dvimode} omapdss.def_disp=${defaultdisplay} root=${nandroot} rootfstype=${nandrootfstype}
nandboot=echo Booting from nand ...; run nandargs; nand read ${loadaddr} 280000 400000; bootm ${loadaddr}
nandroot=ubi0:rootfs ubi.mtd=4
nandrootfstype=ubifs
ramargs=setenv bootargs console=${console} ${optargs} mpurate=${mpurate} buddy=${buddy} vram=${vram} omapfb.mode=dvi:${dvimode} omapdss.def_disp=${defaultdisplay} root=${ramroot} rootfstype=${ramrootfstype}
ramboot=echo Booting from ramdisk ...; run ramargs; bootm ${loadaddr}
ramdisk=ramdisk.gz
ramroot=/dev/ram0 rw ramdisk_size=65536 initrd=0x81000000,64M
ramrootfstype=ext2
rdaddr=0x81000000
serverip=192.168.1.254
soc=omap3
stderr=serial
stdin=serial
stdout=serial
usbethaddr=02:1f:10:00:02:00
usbtty=cdc_acm
userbutton=if gpio input 173; then run userbutton_xm; else run userbutton_nonxm; fi;
userbutton_nonxm=gpio input 7;
userbutton_xm=gpio input 4;
validatefdt=if test $beaglerev = xMAB; then if test ! -e mmc ${bootpart} ${bootdir}/${fdtfile}; then setenv fdtfile omap3-beagle-xm.dtb; fi; fi; 
vendor=ti
ver=U-Boot 2014.10-00004-g9ade0ab (Dec 05 2014 - 14:01:52)
vram=12M
Environment size: 3233/131068 bytes
U-Boot# 
- 05:59:49 [INFO] Host: dcache off
- 05:59:50 [INFO] Target: 
dcache off
U-Boot# 
- 05:59:50 [INFO] Host: usb start
- 05:59:54 [INFO] Target: 
usb start
(Re)start USB...
USB0:   USB EHCI 1.00
scanning bus 0 for devices... 3 USB Device(s) found
       scanning usb for storage devices... 0 Storage Device(s) found
       scanning usb for ethernet devices... 1 Ethernet Device(s) found
U-Boot# 
- 05:59:54 [INFO] Host: printenv
- 05:59:55 [INFO] Target: 
printenv
arch=arm
autoload=no
baudrate=115200
beaglerev=xMC
board=beagle
board_name=beagle
bootargs=console=ttyO2,115200n8  earlyprintk rootwait 
bootcmd=
bootdelay=1
bootdir=/boot
bootenv=uEnv.txt
bootfile=uImage
bootm_size=0x08000000
bootpart=0:2
bootscript=echo Running bootscript from mmc${mmcdev} ...; source ${loadaddr}
buddy=none
camera=none
console=ttyO2,115200n8
cpu=armv7
defaultdisplay=dvi
dieid#=586000029ff80000016830101700b01f
dvimode=640x480MR-16@60
ethact=usb_ether
fdtaddr=0x80f80000
findfdt=if test $beaglerev = AxBx; then setenv fdtfile omap3-beagle.dtb; fi; if test $beaglerev = Cx; then setenv fdtfile omap3-beagle.dtb; fi; if test $beaglerev = C4; then setenv fdtfile omap3-beagle.dtb; fi; if test $beaglerev = xMAB; then setenv fdtfile omap3-beagle-xm-ab.dtb; fi; if test $beaglerev = xMC; then setenv fdtfile omap3-beagle-xm.dtb; fi; if test $fdtfile = undefined; then echo WARNING: Could not determine device tree to use; fi; 
importbootenv=echo Importing environment from mmc ...; env import -t -r $loadaddr $filesize
loadaddr=0x80200000
loadbootenv=fatload mmc ${mmcdev} ${loadaddr} ${bootenv}
loadbootscript=load mmc ${mmcdev} ${loadaddr} boot.scr
loadfdt=run validatefdt; load mmc ${bootpart} ${fdtaddr} ${bootdir}/${fdtfile}
loadimage=load mmc ${bootpart} ${loadaddr} ${bootdir}/${bootfile}
loadramdisk=load mmc ${bootpart} ${rdaddr} ${bootdir}/${ramdisk}
mmcargs=setenv bootargs console=${console} ${optargs} mpurate=${mpurate} buddy=${buddy} camera=${camera} vram=${vram} omapfb.mode=dvi:${dvimode} omapdss.def_disp=${defaultdisplay} root=${mmcroot} rootfstype=${mmcrootfstype}
mmcboot=echo Booting from mmc ...; run mmcargs; bootm ${loadaddr}
mmcbootz=echo Booting with DT from mmc${mmcdev} ...; run mmcargs; bootz ${loadaddr} - ${fdtaddr}
mmcdev= 
mmcroot=/dev/mmcblk0p2 rw
mmcrootfstype=ext3 rootwait
mpurate=auto
nandargs=setenv bootargs console=${console} ${optargs} mpurate=${mpurate} buddy=${buddy} camera=${camera} vram=${vram} omapfb.mode=dvi:${dvimode} omapdss.def_disp=${defaultdisplay} root=${nandroot} rootfstype=${nandrootfstype}
nandboot=echo Booting from nand ...; run nandargs; nand read ${loadaddr} 280000 400000; bootm ${loadaddr}
nandroot=ubi0:rootfs ubi.mtd=4
nandrootfstype=ubifs
ramargs=setenv bootargs console=${console} ${optargs} mpurate=${mpurate} buddy=${buddy} vram=${vram} omapfb.mode=dvi:${dvimode} omapdss.def_disp=${defaultdisplay} root=${ramroot} rootfstype=${ramrootfstype}
ramboot=echo Booting from ramdisk ...; run ramargs; bootm ${loadaddr}
ramdisk=ramdisk.gz
ramroot=/dev/ram0 rw ramdisk_size=65536 initrd=0x81000000,64M
ramrootfstype=ext2
rdaddr=0x81000000
serverip=192.168.1.254
soc=omap3
stderr=serial
stdin=serial
stdout=serial
usbethaddr=02:1f:10:00:02:00
usbtty=cdc_acm
userbutton=if gpio input 173; then run userbutton_xm; else run userbutton_nonxm; fi;
userbutton_nonxm=gpio input 7;
userbutton_xm=gpio input 4;
validatefdt=if test $beaglerev = xMAB; then if test ! -e mmc ${bootpart} ${bootdir}/${fdtfile}; then setenv fdtfile omap3-beagle-xm.dtb; fi; fi; 
vendor=ti
ver=U-Boot 2014.10-00004-g9ade0ab (Dec 05 2014 - 14:01:52)
vram=12M
Environment size: 3233/131068 bytes
U-Boot# 
- 05:59:55 [INFO] Host: setenv bootargs ''${bootargs}' ip=dhcp '
- 05:59:55 [INFO] Target: 
setenv bootargs ''${bootargs}' ip=dhcp '
U-Boot# 
- 05:59:55 [INFO] Host: setenv serverip '192.168.1.254'
- 05:59:56 [INFO] Target: 
setenv serverip '192.168.1.254'
U-Boot# 
- 05:59:56 [INFO] Host: setenv ipaddr dhcp
- 05:59:56 [INFO] Target: 
setenv ipaddr dhcp
U-Boot# 
- 05:59:56 [INFO] Host: setenv autoload 'no'
- 05:59:57 [INFO] Target: 
setenv autoload 'no'
U-Boot# 
- 05:59:57 [INFO] Host: dhcp
- 06:00:00 [INFO] Target: 
dhcp
ERROR: Need valid 'usbnet_devaddr' to be set
at drivers/usb/gadget/ether.c:2357/usb_eth_init()
Waiting for Ethernet connection... done.
BOOTP broadcast 1
DHCP client bound to address 192.168.1.151 (1099 ms)
U-Boot# 
- 06:00:00 [INFO] Host: setenv serverip '192.168.1.254'
- 06:00:00 [INFO] Target: 
setenv serverip '192.168.1.254'
U-Boot# 
- 06:00:00 [INFO] Host: tftp ${loadaddr} 192.168.1.254:vatf_2/85f601aa7b3c888eb4a9822a9962932e
- 06:00:11 [INFO] Target: 
tftp ${loadaddr} 192.168.1.254:vatf_2/85f601aa7b3c888eb4a9822a9962932e
Waiting for Ethernet connection... done.
Using sms0 device
TFTP from server 192.168.1.254; our IP address is 192.168.1.151
Filename 'vatf_2/85f601aa7b3c888eb4a9822a9962932e'.
Load address: 0x80200000
Loading: *#T ################################################################
	 #################################################################
	 #################################################################
	 #################################################################
	 #################################################################
	 #################################################################
	 ###############################
	 653.3 KiB/s
done
Bytes transferred = 6179496 (5e4aa8 hex)
U-Boot# 
- 06:00:11 [INFO] Host: tftp ${fdtaddr} 192.168.1.254:vatf_2/ca7e262df2cc81275c82a1868647522d
- 06:00:18 [INFO] Target: 
tftp ${fdtaddr} 192.168.1.254:vatf_2/ca7e262df2cc81275c82a1868647522d
Waiting for Ethernet connection... done.
Using sms0 device
TFTP from server 192.168.1.254; our IP address is 192.168.1.151
Filename 'vatf_2/ca7e262df2cc81275c82a1868647522d'.
Load address: 0x80f80000
Loading: *##T ###
	 11.7 KiB/s
done
Bytes transferred = 63155 (f6b3 hex)
U-Boot# 
- 06:00:18 [INFO] Host: ls mmc 0:1
- 06:00:19 [INFO] Target: 
ls mmc 0:1
    50564   mlo 
   392660   u-boot.img 
        4   ws-calibrate.rules 
3 file(s), 0 dir(s)
U-Boot# 
- 06:00:19 [INFO] Host: ls mmc 0:2
- 06:00:19 [INFO] Target: 
ls mmc 0:2
<DIR>       4096 .
<DIR>       4096 ..
<DIR>      16384 lost+found
<DIR>       4096 bin
<DIR>       4096 boot
<SYM>         37 cpufreq
<SYM>         37 cpuidle
<DIR>       4096 dev
<DIR>       4096 etc
<DIR>       4096 home
<DIR>       4096 lib
<DIR>       4096 media
<DIR>       4096 mnt
<DIR>       4096 opt
<DIR>       4096 proc
<SYM>          8 run
<DIR>       4096 sbin
<DIR>       4096 srv
<DIR>       4096 sys
<SYM>          8 tmp
<DIR>       4096 usr
<DIR>       4096 var
<DIR>       4096 www
<DIR>       4096 test
U-Boot# 
- 06:00:19 [INFO] Host: part uuid mmc 0:2
- 06:00:20 [INFO] Target: 
part uuid mmc 0:2
Unknown command 'part' - try 'help'
U-Boot# 
- 06:00:20 [INFO] Host: printenv
- 06:00:20 [INFO] Target: 
printenv
arch=arm
autoload=no
baudrate=115200
beaglerev=xMC
board=beagle
board_name=beagle
bootargs=console=ttyO2,115200n8  earlyprintk rootwait  ip=dhcp 
bootcmd=
bootdelay=1
bootdir=/boot
bootenv=uEnv.txt
bootfile=uImage
bootm_size=0x08000000
bootpart=0:2
bootscript=echo Running bootscript from mmc${mmcdev} ...; source ${loadaddr}
buddy=none
camera=none
console=ttyO2,115200n8
cpu=armv7
defaultdisplay=dvi
dieid#=586000029ff80000016830101700b01f
dnsip=192.0.2.2
dvimode=640x480MR-16@60
ethact=sms0
fdtaddr=0x80f80000
fileaddr=80f80000
filesize=f6b3
findfdt=if test $beaglerev = AxBx; then setenv fdtfile omap3-beagle.dtb; fi; if test $beaglerev = Cx; then setenv fdtfile omap3-beagle.dtb; fi; if test $beaglerev = C4; then setenv fdtfile omap3-beagle.dtb; fi; if test $beaglerev = xMAB; then setenv fdtfile omap3-beagle-xm-ab.dtb; fi; if test $beaglerev = xMC; then setenv fdtfile omap3-beagle-xm.dtb; fi; if test $fdtfile = undefined; then echo WARNING: Could not determine device tree to use; fi; 
gatewayip=192.168.1.254
importbootenv=echo Importing environment from mmc ...; env import -t -r $loadaddr $filesize
ipaddr=192.168.1.151
loadaddr=0x80200000
loadbootenv=fatload mmc ${mmcdev} ${loadaddr} ${bootenv}
loadbootscript=load mmc ${mmcdev} ${loadaddr} boot.scr
loadfdt=run validatefdt; load mmc ${bootpart} ${fdtaddr} ${bootdir}/${fdtfile}
loadimage=load mmc ${bootpart} ${loadaddr} ${bootdir}/${bootfile}
loadramdisk=load mmc ${bootpart} ${rdaddr} ${bootdir}/${ramdisk}
mmcargs=setenv bootargs console=${console} ${optargs} mpurate=${mpurate} buddy=${buddy} camera=${camera} vram=${vram} omapfb.mode=dvi:${dvimode} omapdss.def_disp=${defaultdisplay} root=${mmcroot} rootfstype=${mmcrootfstype}
mmcboot=echo Booting from mmc ...; run mmcargs; bootm ${loadaddr}
mmcbootz=echo Booting with DT from mmc${mmcdev} ...; run mmcargs; bootz ${loadaddr} - ${fdtaddr}
mmcdev= 
mmcroot=/dev/mmcblk0p2 rw
mmcrootfstype=ext3 rootwait
mpurate=auto
nandargs=setenv bootargs console=${console} ${optargs} mpurate=${mpurate} buddy=${buddy} camera=${camera} vram=${vram} omapfb.mode=dvi:${dvimode} omapdss.def_disp=${defaultdisplay} root=${nandroot} rootfstype=${nandrootfstype}
nandboot=echo Booting from nand ...; run nandargs; nand read ${loadaddr} 280000 400000; bootm ${loadaddr}
nandroot=ubi0:rootfs ubi.mtd=4
nandrootfstype=ubifs
netmask=255.255.255.0
ramargs=setenv bootargs console=${console} ${optargs} mpurate=${mpurate} buddy=${buddy} vram=${vram} omapfb.mode=dvi:${dvimode} omapdss.def_disp=${defaultdisplay} root=${ramroot} rootfstype=${ramrootfstype}
ramboot=echo Booting from ramdisk ...; run ramargs; bootm ${loadaddr}
ramdisk=ramdisk.gz
ramroot=/dev/ram0 rw ramdisk_size=65536 initrd=0x81000000,64M
ramrootfstype=ext2
rdaddr=0x81000000
serverip=192.168.1.254
soc=omap3
stderr=serial
stdin=serial
stdout=serial
usbethaddr=02:1f:10:00:02:00
usbtty=cdc_acm
userbutton=if gpio input 173; then run userbutton_xm; else run userbutton_nonxm; fi;
userbutton_nonxm=gpio input 7;
userbutton_xm=gpio input 4;
validatefdt=if test $beaglerev = xMAB; then if test ! -e mmc ${bootpart} ${bootdir}/${fdtfile}; then setenv fdtfile omap3-beagle-xm.dtb; fi; fi; 
vendor=ti
ver=U-Boot 2014.10-00004-g9ade0ab (Dec 05 2014 - 14:01:52)
vram=12M
Environment size: 3364/131068 bytes
U-Boot# 
- 06:00:20 [INFO] Host: setenv bootargs ''${bootargs}' root=/dev/mmcblk0p2 rw rootfstype=ext3 rootwait '
- 06:00:21 [INFO] Target: 
setenv bootargs ''${bootargs}' root=/dev/mmcblk0p2 rw rootfstype=ext3 rootwait '
U-Boot# 
- 06:00:21 [INFO] Host: printenv
- 06:00:21 [INFO] Target: 
printenv
arch=arm
autoload=no
baudrate=115200
beaglerev=xMC
board=beagle
board_name=beagle
bootargs=console=ttyO2,115200n8  earlyprintk rootwait  ip=dhcp  root=/dev/mmcblk0p2 rw rootfstype=ext3 rootwait 
bootcmd=
bootdelay=1
bootdir=/boot
bootenv=uEnv.txt
bootfile=uImage
bootm_size=0x08000000
bootpart=0:2
bootscript=echo Running bootscript from mmc${mmcdev} ...; source ${loadaddr}
buddy=none
camera=none
console=ttyO2,115200n8
cpu=armv7
defaultdisplay=dvi
dieid#=586000029ff80000016830101700b01f
dnsip=192.0.2.2
dvimode=640x480MR-16@60
ethact=sms0
fdtaddr=0x80f80000
fileaddr=80f80000
filesize=f6b3
findfdt=if test $beaglerev = AxBx; then setenv fdtfile omap3-beagle.dtb; fi; if test $beaglerev = Cx; then setenv fdtfile omap3-beagle.dtb; fi; if test $beaglerev = C4; then setenv fdtfile omap3-beagle.dtb; fi; if test $beaglerev = xMAB; then setenv fdtfile omap3-beagle-xm-ab.dtb; fi; if test $beaglerev = xMC; then setenv fdtfile omap3-beagle-xm.dtb; fi; if test $fdtfile = undefined; then echo WARNING: Could not determine device tree to use; fi; 
gatewayip=192.168.1.254
importbootenv=echo Importing environment from mmc ...; env import -t -r $loadaddr $filesize
ipaddr=192.168.1.151
loadaddr=0x80200000
loadbootenv=fatload mmc ${mmcdev} ${loadaddr} ${bootenv}
loadbootscript=load mmc ${mmcdev} ${loadaddr} boot.scr
loadfdt=run validatefdt; load mmc ${bootpart} ${fdtaddr} ${bootdir}/${fdtfile}
loadimage=load mmc ${bootpart} ${loadaddr} ${bootdir}/${bootfile}
loadramdisk=load mmc ${bootpart} ${rdaddr} ${bootdir}/${ramdisk}
mmcargs=setenv bootargs console=${console} ${optargs} mpurate=${mpurate} buddy=${buddy} camera=${camera} vram=${vram} omapfb.mode=dvi:${dvimode} omapdss.def_disp=${defaultdisplay} root=${mmcroot} rootfstype=${mmcrootfstype}
mmcboot=echo Booting from mmc ...; run mmcargs; bootm ${loadaddr}
mmcbootz=echo Booting with DT from mmc${mmcdev} ...; run mmcargs; bootz ${loadaddr} - ${fdtaddr}
mmcdev= 
mmcroot=/dev/mmcblk0p2 rw
mmcrootfstype=ext3 rootwait
mpurate=auto
nandargs=setenv bootargs console=${console} ${optargs} mpurate=${mpurate} buddy=${buddy} camera=${camera} vram=${vram} omapfb.mode=dvi:${dvimode} omapdss.def_disp=${defaultdisplay} root=${nandroot} rootfstype=${nandrootfstype}
nandboot=echo Booting from nand ...; run nandargs; nand read ${loadaddr} 280000 400000; bootm ${loadaddr}
nandroot=ubi0:rootfs ubi.mtd=4
nandrootfstype=ubifs
netmask=255.255.255.0
ramargs=setenv bootargs console=${console} ${optargs} mpurate=${mpurate} buddy=${buddy} vram=${vram} omapfb.mode=dvi:${dvimode} omapdss.def_disp=${defaultdisplay} root=${ramroot} rootfstype=${ramrootfstype}
ramboot=echo Booting from ramdisk ...; run ramargs; bootm ${loadaddr}
ramdisk=ramdisk.gz
ramroot=/dev/ram0 rw ramdisk_size=65536 initrd=0x81000000,64M
ramrootfstype=ext2
rdaddr=0x81000000
serverip=192.168.1.254
soc=omap3
stderr=serial
stdin=serial
stdout=serial
usbethaddr=02:1f:10:00:02:00
usbtty=cdc_acm
userbutton=if gpio input 173; then run userbutton_xm; else run userbutton_nonxm; fi;
userbutton_nonxm=gpio input 7;
userbutton_xm=gpio input 4;
validatefdt=if test $beaglerev = xMAB; then if test ! -e mmc ${bootpart} ${bootdir}/${fdtfile}; then setenv fdtfile omap3-beagle-xm.dtb; fi; fi; 
vendor=ti
ver=U-Boot 2014.10-00004-g9ade0ab (Dec 05 2014 - 14:01:52)
vram=12M
Environment size: 3413/131068 bytes
U-Boot# 
- 06:00:21 [INFO] Host: setenv bootcmd ''${bootcmd}' if iminfo ${loadaddr}; then bootm ${loadaddr} - ${fdtaddr}; else bootz ${loadaddr} - ${fdtaddr}; bootm ${loadaddr} - ${fdtaddr}; fi'
- 06:00:22 [INFO] Target: 
setenv bootcmd ''${bootcmd}' if iminfo ${loadaddr}; then bootm ${loadaddr} - ${fdtaddr}; else bootz ${loadaddr} - ${fdtaddr}; bootm ${loadaddr} - ${fdtaddr}; fi'
U-Boot# 
- 06:00:22 [INFO] Host: bdinfo
- 06:00:22 [INFO] Target: 
bdinfo
arch_number = 0x0000060A
boot_params = 0x80000100
DRAM bank   = 0x00000000
-> start    = 0x80000000
-> size     = 0x10000000
DRAM bank   = 0x00000001
-> start    = 0x90000000
-> size     = 0x10000000
eth0name    = usb_ether
ethaddr     = (not set)
eth1name    = sms0
eth1addr    = (not set)
current eth = sms0
ip_addr     = 192.168.1.151
baudrate    = 115200 bps
TLB addr    = 0x9FFF0000
relocaddr   = 0x9FF4C000
reloc off   = 0x1FE4C000
irq_sp      = 0x9EF2BEE0
sp start    = 0x9EF2BED0
U-Boot# 
- 06:00:22 [INFO] Host: mmc rescan
- 06:00:23 [INFO] Target: 
mmc rescan
U-Boot# 
- 06:00:23 [INFO] Host: fatwrite mmc ${mmcdev}:1 ${loadaddr} ws-calibrate.rules 4
- 06:00:23 [INFO] Target: 
fatwrite mmc ${mmcdev}:1 ${loadaddr} ws-calibrate.rules 4
writing ws-calibrate.rules
4 bytes written
U-Boot# 
- 06:00:23 [INFO] Host: boot
- 06:00:40 [INFO] Target: 
boot
## Checking Image at 80200000 ...
Unknown image format!
Kernel image @ 0x80200000 [ 0x000000 - 0x5e4aa8 ]
## Flattened Device Tree blob at 80f80000
   Booting using the fdt blob at 0x80f80000
   Loading Device Tree to 87fed000, end 87fff6b2 ... OK
Starting kernel ...
[    0.000000] Booting Linux on physical CPU 0x0
[    0.000000] Linux version 4.0.0-rc7-next-20150407-00002-gd00bdeacbe99 (nmenon@kahuna) (gcc version 4.6.3 (Ubuntu/Linaro 4.6.3-1ubuntu5) ) #1 SMP Wed Apr 8 05:52:04 CDT 2015
[    0.000000] CPU: ARMv7 Processor [413fc082] revision 2 (ARMv7), cr=10c5387d
[    0.000000] CPU: PIPT / VIPT nonaliasing data cache, VIPT aliasing instruction cache
[    0.000000] Machine model: TI OMAP3 BeagleBoard xM
[    0.000000] earlycon: no match for ttyO2,115200n8
[    0.000000] cma: Reserved 64 MiB at 0x9b800000
[    0.000000] Memory policy: Data cache writeback
[    0.000000] CPU: All CPU(s) started in SVC mode.
[    0.000000] OMAP3630 ES1.2 (l2cache iva sgx neon isp 192mhz_clk )
[    0.000000] PERCPU: Embedded 11 pages/cpu @dfa88000 s12736 r8192 d24128 u45056
[    0.000000] Built 1 zonelists in Zone order, mobility grouping on.  Total pages: 129792
[    0.000000] Kernel command line: console=ttyO2,115200n8  earlyprintk rootwait  ip=dhcp  root=/dev/mmcblk0p2 rw rootfstype=ext3 rootwait 
[    0.000000] PID hash table entries: 2048 (order: 1, 8192 bytes)
[    0.000000] Dentry cache hash table entries: 65536 (order: 6, 262144 bytes)
[    0.000000] Inode-cache hash table entries: 32768 (order: 5, 131072 bytes)
[    0.000000] Memory: 438992K/523264K available (7989K kernel code, 1026K rwdata, 3540K rodata, 808K init, 317K bss, 18736K reserved, 65536K cma-reserved, 0K highmem)
[    0.000000] Virtual kernel memory layout:
[    0.000000]     vector  : 0xffff0000 - 0xffff1000   (   4 kB)
[    0.000000]     fixmap  : 0xffc00000 - 0xfff00000   (3072 kB)
[    0.000000]     vmalloc : 0xe0800000 - 0xff000000   ( 488 MB)
[    0.000000]     lowmem  : 0xc0000000 - 0xe0000000   ( 512 MB)
[    0.000000]     pkmap   : 0xbfe00000 - 0xc0000000   (   2 MB)
[    0.000000]     modules : 0xbf000000 - 0xbfe00000   (  14 MB)
[    0.000000]       .text : 0xc0208000 - 0xc0d4b5c0   (11534 kB)
[    0.000000]       .init : 0xc0d4c000 - 0xc0e16000   ( 808 kB)
[    0.000000]       .data : 0xc0e16000 - 0xc0f16a40   (1027 kB)
[    0.000000]        .bss : 0xc0f19000 - 0xc0f685e0   ( 318 kB)
[    0.000000] SLUB: HWalign=64, Order=0-3, MinObjects=0, CPUs=1, Nodes=1
[    0.000000] Hierarchical RCU implementation.
[    0.000000] 	Additional per-CPU info printed with stalls.
[    0.000000] 	RCU restricting CPUs from NR_CPUS=16 to nr_cpu_ids=1.
[    0.000000] RCU: Adjusting geometry for rcu_fanout_leaf=16, nr_cpu_ids=1
[    0.000000] NR_IRQS:16 nr_irqs:16 16
[    0.000000] IRQ: Found an INTC at 0xfa200000 (revision 4.0) with 96 interrupts
[    0.000000] Clocking rate (Crystal/Core/MPU): 26.0/400/600 MHz
[    0.000000] OMAP clockevent source: timer1 at 32768 Hz
[    0.000000] clocksource 32k_counter: mask: 0xffffffff max_cycles: 0xffffffff, max_idle_ns: 58327039986419 ns
[    0.000000] sched_clock: 32 bits at 32kHz, resolution 30517ns, wraps every 65535999984741ns
[    0.000030] OMAP clocksource: 32k_counter at 32768 Hz
[    0.000244] Console: colour dummy device 80x30
[    0.000274] Calibrating delay loop... 594.73 BogoMIPS (lpj=1486848)
[    0.028991] pid_max: default: 32768 minimum: 301
[    0.029174] Mount-cache hash table entries: 1024 (order: 0, 4096 bytes)
[    0.029174] Mountpoint-cache hash table entries: 1024 (order: 0, 4096 bytes)
[    0.030029] CPU: Testing write buffer coherency: ok
[    0.030364] CPU0: thread -1, cpu 0, socket -1, mpidr 0
[    0.030456] Setting up static identity map for 0x80209000 - 0x80209098
[    0.035858] Brought up 1 CPUs
[    0.035858] SMP: Total of 1 processors activated (594.73 BogoMIPS).
[    0.035888] CPU: All CPU(s) started in SVC mode.
[    0.036621] devtmpfs: initialized
[    0.040527] VFP support v0.3: implementor 41 architecture 3 part 30 variant c rev 3
[    0.061492] omap_hwmod: mcbsp2_sidetone using broken dt data from mcbsp
[    0.062103] omap_hwmod: mcbsp3_sidetone using broken dt data from mcbsp
[    0.125671] clocksource jiffies: mask: 0xffffffff max_cycles: 0xffffffff, max_idle_ns: 9556302231375000 ns
[    0.130096] pinctrl core: initialized pinctrl subsystem
[    0.162506] NET: Registered protocol family 16
[    0.165710] DMA: preallocated 256 KiB pool for atomic coherent allocations
[    0.168701] cpuidle: using governor ladder
[    0.168731] cpuidle: using governor menu
[    0.175262] Reprogramming SDRC clock to 400000000 Hz
[    0.181793] omap_gpio 48310000.gpio: could not find pctldev for node /ocp/l4@48000000/scm@2000/pinmux@a00/pinmux_gpio1_pins, deferring probe
[    0.182861] OMAP GPIO hardware version 2.5
[    0.187988] irq: no irq domain found for /ocp/l4@48000000/scm@2000/pinmux@30 !
[    0.201324] omap-gpmc 6e000000.gpmc: GPMC revision 5.0
[    0.202697] platform 48058000.ssi-controller: Cannot lookup hwmod 'ssi'
[    0.204223] /ocp/isp@480bc000: could not get #iommu-cells for /ocp/mmu@480bd400
[    0.206909] of_amba_device_create(): amba_device_add() failed (-19) for /etb@5401b000
[    0.207031] of_amba_device_create(): amba_device_add() failed (-19) for /etm@54010000
[    0.209320] No ATAGs?
[    0.209350] hw-breakpoint: debug architecture 0x4 unsupported.
[    0.212158] OMAP DMA hardware revision 5.0
[    0.216796] Serial: AMBA PL011 UART driver
[    0.255432] omap-dma-engine 48056000.dma-controller: OMAP DMA engine driver
[    0.260986] vgaarb: loaded
[    0.262054] SCSI subsystem initialized
[    0.262939] usbcore: registered new interface driver usbfs
[    0.263061] usbcore: registered new interface driver hub
[    0.263153] usbcore: registered new device driver usb
[    0.265869] omap_i2c 48070000.i2c: bus 0 rev4.4 at 2600 kHz
[    0.266571] omap_i2c 48072000.i2c: bus 1 rev4.4 at 400 kHz
[    0.267150] omap_i2c 48060000.i2c: bus 2 rev4.4 at 100 kHz
[    0.268676] media: Linux media interface: v0.10
[    0.268768] Linux video capture interface: v2.00
[    0.268829] pps_core: LinuxPPS API ver. 1 registered
[    0.268859] pps_core: Software ver. 5.3.6 - Copyright 2005-2007 Rodolfo Giometti <giometti@linux.it>
[    0.268890] PTP clock support registered
[    0.269256] EDAC MC: Ver: 3.0.0
[    0.271514] Advanced Linux Sound Architecture Driver Initialized.
[    0.273376] Switched to clocksource 32k_counter
[    0.289550] NET: Registered protocol family 2
[    0.290405] TCP established hash table entries: 4096 (order: 2, 16384 bytes)
[    0.290496] TCP bind hash table entries: 4096 (order: 3, 32768 bytes)
[    0.290588] TCP: Hash tables configured (established 4096 bind 4096)
[    0.290679] UDP hash table entries: 256 (order: 1, 8192 bytes)
[    0.290710] UDP-Lite hash table entries: 256 (order: 1, 8192 bytes)
[    0.290924] NET: Registered protocol family 1
[    0.291381] RPC: Registered named UNIX socket transport module.
[    0.291381] RPC: Registered udp transport module.
[    0.291412] RPC: Registered tcp transport module.
[    0.291412] RPC: Registered tcp NFSv4.1 backchannel transport module.
[    0.294464] CPU PMU: Failed to parse <no-node>/interrupt-affinity[0]
[    0.294586] hw perfevents: enabled with armv7_cortex_a8 PMU driver, 5 counters available
[    0.298309] futex hash table entries: 256 (order: 2, 16384 bytes)
[    0.316101] squashfs: version 4.0 (2009/01/31) Phillip Lougher
[    0.317474] NFS: Registering the id_resolver key type
[    0.317535] Key type id_resolver registered
[    0.317535] Key type id_legacy registered
[    0.317626] ntfs: driver 2.1.32 [Flags: R/O].
[    0.319824] Block layer SCSI generic (bsg) driver version 0.4 loaded (major 248)
[    0.319854] io scheduler noop registered
[    0.319885] io scheduler deadline registered
[    0.320190] io scheduler cfq registered (default)
[    0.327026] pinctrl-single 48002030.pinmux: 284 pins at pa fa002030 size 568
[    0.327362] pinctrl-single 48002a00.pinmux: 46 pins at pa fa002a00 size 92
[    0.328124] pinctrl-single 480025a0.pinmux: 46 pins at pa fa0025a0 size 92
[    0.430633] Serial: 8250/16550 driver, 4 ports, IRQ sharing disabled
[    0.434204] SuperH (H)SCI(F) driver initialized
[    0.435363] msm_serial: driver initialized
[    0.436370] omap_uart 4806a000.serial: no wakeirq for uart0
[    0.436584] 4806a000.serial: ttyO0 at MMIO 0x4806a000 (irq = 88, base_baud = 3000000) is a OMAP UART0
[    0.437225] omap_uart 4806c000.serial: no wakeirq for uart1
[    0.437377] 4806c000.serial: ttyO1 at MMIO 0x4806c000 (irq = 89, base_baud = 3000000) is a OMAP UART1
[    0.438201] 49020000.serial: ttyO2 at MMIO 0x49020000 (irq = 90, base_baud = 3000000) is a OMAP UART2
[    1.222686] console [ttyO2] enabled
[    1.227142] omap_uart 49042000.serial: no wakeirq for uart3
[    1.233184] 49042000.serial: ttyO3 at MMIO 0x49042000 (irq = 96, base_baud = 3000000) is a OMAP UART3
[    1.243499] STMicroelectronics ASC driver initialized
[    1.251251] [drm] Initialized drm 1.1.0 20060810
[    1.267333] loop: module loaded
[    1.298126] twl 0-0048: PIH (irq 23) chaining IRQs 307..315
[    1.304138] twl 0-0048: power (irq 312) chaining IRQs 315..322
[    1.355468] twl4030_gpio twl4030-gpio: gpio (irq 307) chaining IRQs 323..340
[    1.471282] CAN device driver interface
[    1.477783] igb: Intel(R) Gigabit Ethernet Network Driver - version 5.2.15-k
[    1.485229] igb: Copyright (c) 2007-2014 Intel Corporation.
[    1.495361] pegasus: v0.9.3 (2013/04/25), Pegasus/Pegasus II USB Ethernet driver
[    1.503265] usbcore: registered new interface driver pegasus
[    1.509338] usbcore: registered new interface driver asix
[    1.515106] usbcore: registered new interface driver ax88179_178a
[    1.521636] usbcore: registered new interface driver cdc_ether
[    1.527893] usbcore: registered new interface driver smsc75xx
[    1.534057] usbcore: registered new interface driver smsc95xx
[    1.540222] usbcore: registered new interface driver net1080
[    1.546264] usbcore: registered new interface driver cdc_subset
[    1.552581] usbcore: registered new interface driver zaurus
[    1.558593] usbcore: registered new interface driver cdc_ncm
[    1.567687] ehci_hcd: USB 2.0 'Enhanced' Host Controller (EHCI) Driver
[    1.574584] ehci-pci: EHCI PCI platform driver
[    1.579376] ehci-platform: EHCI generic platform driver
[    1.585327] ehci-omap: OMAP-EHCI Host Controller driver
[    1.591308] ehci-omap 48064800.ehci: Can't get PHY device for port 1: -517
[    1.598754] ehci-orion: EHCI orion driver
[    1.603302] SPEAr-ehci: EHCI SPEAr driver
[    1.607879] ehci-st: EHCI STMicroelectronics driver
[    1.613342] ehci-exynos: EHCI EXYNOS driver
[    1.618103] tegra-ehci: Tegra EHCI driver
[    1.622680] ohci_hcd: USB 1.1 'Open' Host Controller (OHCI) Driver
[    1.629241] ohci-pci: OHCI PCI platform driver
[    1.634033] ohci-platform: OHCI generic platform driver
[    1.639923] ohci-omap3: OHCI OMAP3 driver
[    1.644592] ohci-omap3 48064400.ohci: OHCI Host Controller
[    1.650451] ohci-omap3 48064400.ohci: new USB bus registered, assigned bus number 1
[    1.658935] ohci-omap3 48064400.ohci: irq 92, io mem 0x48064400
[    1.739837] hub 1-0:1.0: USB hub found
[    1.743927] hub 1-0:1.0: 3 ports detected
[    1.749176] SPEAr-ohci: OHCI SPEAr driver
[    1.753906] ohci-st: OHCI STMicroelectronics driver
[    1.759613] usbcore: registered new interface driver usb-storage
[    1.768829] mousedev: PS/2 mouse device common for all mice
[    1.781616] twl_rtc 48070000.i2c:twl@48:rtc: Power up reset detected.
[    1.788757] twl_rtc 48070000.i2c:twl@48:rtc: Enabling TWL-RTC
[    1.799224] twl_rtc 48070000.i2c:twl@48:rtc: rtc core: registered 48070000.i2c:twl@48 as rtc0
[    1.810180] i2c /dev entries driver
[    1.818634] usbcore: registered new interface driver uvcvideo
[    1.824707] USB Video Class driver (1.1.1)
[    1.829040] gspca_main: v2.14.0 registered
[    1.841369] Driver 'mmcblk' needs updating - please use bus_type methods
[    1.848602] sdhci: Secure Digital Host Controller Interface driver
[    1.855133] sdhci: Copyright(c) Pierre Ossman
[    1.895324] Synopsys Designware Multimedia Card Interface Driver
[    1.903930] sdhci-pltfm: SDHCI platform and OF driver helper
[    1.913665] leds_pwm pwmleds: unable to request PWM for beagleboard::pmu_stat: -517
[    1.922393] ledtrig-cpu: registered to indicate activity on CPUs
[    1.929107] usbcore: registered new interface driver usbhid
[    1.934997] usbhid: USB HID core driver
[    1.945831] usbcore: registered new interface driver snd-usb-audio
[    1.957824] NET: Registered protocol family 17
[    1.962615] can: controller area network core (rev 20120528 abi 9)
[    1.969268] NET: Registered protocol family 29
[    1.973999] can: raw protocol (rev 20120528)
[    1.978515] can: broadcast manager protocol (rev 20120528 t)
[    1.984497] can: netlink gateway (rev 20130117) max_hops=1
[    1.991027] Key type dns_resolver registered
[    1.995941] omap2_set_init_voltage: unable to find boot up OPP for vdd_mpu_iva
[    2.003570] omap2_set_init_voltage: unable to set vdd_mpu_iva
[    2.009643] omap2_set_init_voltage: unable to find boot up OPP for vdd_core
[    2.016967] omap2_set_init_voltage: unable to set vdd_core
[    2.033691] ThumbEE CPU extension supported.
[    2.038238] Registering SWP/SWPB emulation handler
[    2.082550] mmc0: host does not support reading read-only switch, assuming write-enable
[    2.093048] mmc0: new high speed SDHC card at address 0001
[    2.099945] mmcblk0: mmc0:0001 00000 3.79 GiB 
[    2.106842]  mmcblk0: p1 p2
[    2.154113] ehci-omap 48064800.ehci: EHCI Host Controller
[    2.159942] ehci-omap 48064800.ehci: new USB bus registered, assigned bus number 2
[    2.168365] ehci-omap 48064800.ehci: irq 93, io mem 0x48064800
[    2.183715] ehci-omap 48064800.ehci: USB 2.0 started, EHCI 1.00
[    2.192321] hub 2-0:1.0: USB hub found
[    2.196563] hub 2-0:1.0: 3 ports detected
[    2.205322] leds_pwm pwmleds: unable to request PWM for beagleboard::pmu_stat: -517
[    2.217346] input: gpio_keys as /devices/platform/gpio_keys/input/input0
[    2.228363] leds_pwm pwmleds: unable to request PWM for beagleboard::pmu_stat: -517
[    2.237670] twl_rtc 48070000.i2c:twl@48:rtc: setting system clock to 2000-01-01 00:00:00 UTC (946684800)
[    2.508697] usb 2-2: new high-speed USB device number 2 using ehci-omap
[    2.645660] hub 2-2:1.0: USB hub found
[    2.649871] hub 2-2:1.0: 5 ports detected
[    2.658142] leds_pwm pwmleds: unable to request PWM for beagleboard::pmu_stat: -517
[    2.939056] usb 2-2.1: new high-speed USB device number 3 using ehci-omap
[    3.053771] smsc95xx v1.0.4
[    3.118438] smsc95xx 2-2.1:1.0 eth0: register 'smsc95xx' at usb-48064800.ehci-2.1, smsc95xx USB 2.0 Ethernet, fa:c6:7d:21:f0:2e
[    3.133789] leds_pwm pwmleds: unable to request PWM for beagleboard::pmu_stat: -517
[    3.335235] smsc95xx 2-2.1:1.0 eth0: hardware isn't capable of remote wakeup
[    5.054138] smsc95xx 2-2.1:1.0 eth0: link up, 100Mbps, full-duplex, lpa 0xC5E1
[    5.073638] Sending DHCP requests ., OK
[    6.124176] IP-Config: Got DHCP answer from 192.168.1.254, my address is 192.168.1.152
[    6.132904] IP-Config: Complete:
[    6.136383]      device=eth0, hwaddr=fa:c6:7d:21:f0:2e, ipaddr=192.168.1.152, mask=255.255.255.0, gw=192.168.1.254
[    6.147308]      host=192.168.1.152, domain=ti.com, nis-domain=(none)
[    6.154144]      bootserver=192.168.1.254, rootserver=192.168.1.254, rootpath=
[    6.161590]      nameserver0=192.0.2.2, nameserver1=192.0.2.3
[    6.168731] VPLL2: disabling
[    6.172271] VUSB3V1: disabling
[    6.176788] VDAC: disabling
[    6.180572] VAUX3: disabling
[    6.184692] ALSA device list:
[    6.187835]   No soundcards found.
[    6.195098] EXT4-fs (mmcblk0p2): mounting ext3 file system using the ext4 subsystem
[    6.424224] EXT4-fs (mmcblk0p2): mounted filesystem with ordered data mode. Opts: (null)
[    6.432891] VFS: Mounted root (ext3 filesystem) on device 179:2.
[    6.451171] devtmpfs: mounted
[    6.457031] Freeing unused kernel memory: 808K (c0d4c000 - c0e16000)
INIT: version 2.88 booting
Error opening /dev/fb0: No such file or directory
/dev/ttyO2 linked to /dev/tty-bd - using as console
Starting udev
[    7.342498] udevd[95]: starting version 182
udevd[148]: '/sbin/modprobe of:NwatchdogT<NULL>Cti,twl4030-wdt' [290] terminated by signal 11 (Segmentation fault)
udevd[100]: '/etc/udev/scripts/mount.sh' [329] terminated by signal 11 (Segmentation fault)
udevd[95]: worker [100] terminated by signal 4 (Illegal instruction)
udevd[95]: worker [100] failed while handling '/devices/platform/68000000.ocp/4809c000.mmc/mmc_host/mmc0/mmc0:0001/block/mmcblk0/mmcblk0p1'
udevd[95]: worker [108] terminated by signal 4 (Illegal instruction)
udevd[95]: worker [108] failed while handling '/devices/platform/68000000.ocp/4809c000.mmc/mmc_host/mmc0/mmc0:0001/block/mmcblk0/mmcblk0p2'
ERROR: could not open directory /lib/modules/4.0.0-rc7-next-20150407-00002-gd00bdeacbe99: No such file or directory
WARNING: -e needs -E or -F
ERROR: could not open directory /lib/modules/4.0.0-rc7-next-20150407-00002-gd00bdeacbe99: No such file or directory
FATAL: could not search modules: No such file or directory
Starting Bootlog daemon: bootlogd.
[   11.766967] EXT4-fs (mmcblk0p2): re-mounted. Opts: data=ordered
[   11.849822] random: dd urandom read with 84 bits of entropy available
ALSA: Restoring mixer settings...
sed: unmatched '-'
/usr/sbin/alsactl: load_state:1696: No soundcards found...
Configuring network interfaces... udhcpc (v1.20.2) started
grep: relocation error: grep: symbol realloc, version GLIBC_2.4 not defined in file libc.so.6 with link time reference
Sending discover...
Sending select for 192.168.1.152...
Lease of 192.168.1.152 obtained, lease time 600
/etc/udhcpc.d/50default: Adding DNS 192.0.2.2
/etc/udhcpc.d/50default: Adding DNS 192.0.2.3
done.
Mon Mar 31 08:06:00 UTC 2014
INIT: Entering runlevel: 3
/dev/ttyO2 linked to /dev/tty-bd - using as console
Starting system message bus: dbus.
Starting Dropbear SSH server: dropbear.
Starting telnet daemon.
Starting syslogd/klogd: done
Starting thttpd.
Starting Lighttpd Web Server: lighttpd.
2014-03-31 08:06:00: (log.c.166) server started 
***************************************************************
***************************************************************
NOTICE: This file system contains the followin GPLv3 packages:
	binutils-symlinks
	binutils
	gdbserver
If you do not wish to distribute GPLv3 components please remove
the above packages prior to distribution.  This can be done using
the opkg remove command.  i.e.:
    opkg remove <package>
Where <package> is the name printed in the list above
NOTE: If the package is a dependency of another package you
      will be notified of the dependent packages.  You should
      use the --force-removal-of-dependent-packages option to
      also remove the dependent packages as well
***************************************************************
***************************************************************
Stopping Bootlog daemon: bootlogd.
 _____                    _____           _         _   
|  _  |___ ___ ___ ___   |  _  |___ ___  |_|___ ___| |_ 
|     |  _| .'| . | . |  |   __|  _| . | | | -_|  _|  _|
|__|__|_| |__,|_  |___|  |__|  |_| |___|_| |___|___|_|  
              |___|                    |___|            
Arago Project http://arago-project.org GenericOMAP36xx(FlattenedDeviceTree) tty-bd
Arago 2013.12 GenericOMAP36xx(FlattenedDeviceTree) tty-bd
GenericOMAP36xx(FlattenedDeviceTree) login: 
- 06:00:40 [INFO] Host: root
- 06:00:40 [INFO] Target: 
root
root@GenericOMAP36xx(FlattenedDeviceTree):~# 
- 06:00:40 [INFO] Host: uname -a
- 06:00:41 [INFO] Target: 
uname -a
Linux GenericOMAP36xx(FlattenedDeviceTree) 4.0.0-rc7-next-20150407-00002-gd00bdeacbe99 #1 SMP Wed Apr 8 05:52:04 CDT 2015 armv7l GNU/Linux
root@GenericOMAP36xx(FlattenedDeviceTree):~# 
- 06:00:41 [INFO] Host: cat /proc/cmdline
- 06:00:41 [INFO] Target: 
cat /proc/cmdline
console=ttyO2,115200n8  earlyprintk rootwait  ip=dhcp  root=/dev/mmcblk0p2 rw rootfstype=ext3 rootwait 
root@GenericOMAP36xx(FlattenedDeviceTree):~# 
- 06:00:41 [INFO] Host: uname -a
- 06:00:42 [INFO] Target: 
uname -a
[   17.298187] random: nonblocking pool is initialized
Linux GenericOMAP36xx(FlattenedDeviceTree) 4.0.0-rc7-next-20150407-00002-gd00bdeacbe99 #1 SMP Wed Apr 8 05:52:04 CDT 2015 armv7l GNU/Linux
root@GenericOMAP36xx(FlattenedDeviceTree):~# 
- 06:00:42 [INFO] Host: cat /proc/mtd
- 06:00:42 [INFO] Target: 
cat /proc/mtd
dev:    size   erasesize  name
root@GenericOMAP36xx(FlattenedDeviceTree):~# 
- 06:00:50 [INFO] Host: export IPERFHOST=192.168.1.254
- 06:00:51 [INFO] Target: 
export IPERFHOST=192.168.1.254
root@GenericOMAP36xx(FlattenedDeviceTree):~# 
- 06:00:51 [INFO] Host: export NFS_SERVER=192.168.1.254
- 06:00:51 [INFO] Target: 
export NFS_SERVER=192.168.1.254
root@GenericOMAP36xx(FlattenedDeviceTree):~# 
- 06:00:51 [INFO] Host: export NFS_ROOT_PATH=/usr/workdir/filesys/linux/bbxm
- 06:00:52 [INFO] Target: 
export NFS_ROOT_PATH=/usr/workdir/f 
ilesys/linux/bbxm
root@GenericOMAP36xx(FlattenedDeviceTree):~# 
- 06:00:52 [INFO] Host: mkdir -p -m 777 /test
- 06:00:52 [INFO] Target: 
mkdir -p -m 777 /test
root@GenericOMAP36xx(FlattenedDeviceTree):~# 
- 06:00:52 [INFO] Host: cd /test
- 06:00:53 [INFO] Target: 
cd /test
root@GenericOMAP36xx(FlattenedDeviceTree):/test# 
- 06:00:53 [INFO] Host: cat > test.sh << EOF
- 06:00:53 [INFO] Target: 
cat > test.sh << EOF
- 06:00:53 [INFO] Host: failtest() {
- 06:00:54 [INFO] Target: 
failtest() {
- 06:00:54 [INFO] Host:   echo 1 >&3
- 06:00:54 [INFO] Target: 
  echo 1 >&3
- 06:00:54 [INFO] Host: }
- 06:00:55 [INFO] Target: 
- 06:00:55 [INFO] Host: timeout=600
- 06:00:55 [INFO] Target: 
timeout=600
- 06:00:55 [INFO] Host: 
- 06:00:56 [INFO] Target: 
- 06:00:56 [INFO] Host: # Start of user's script logic
- 06:00:56 [INFO] Target: 
# Start of user's script logic
- 06:00:56 [INFO] Host: 
- 06:00:57 [INFO] Target: 
- 06:00:57 [INFO] Host: 
- 06:00:57 [INFO] Target: 
- 06:00:57 [INFO] Host: mount -t proc proc /proc 2>/dev/null;
- 06:00:58 [INFO] Target: 
mount -t proc proc /proc 2>/dev/null;
- 06:00:58 [INFO] Host: 
- 06:00:58 [INFO] Target: 
- 06:00:58 [INFO] Host: mount -t sysfs sys /sys 2>/dev/null;
- 06:00:59 [INFO] Target: 
mount -t sysfs sys /sys 2>/dev/null;
- 06:00:59 [INFO] Host: 
- 06:00:59 [INFO] Target: 
- 06:00:59 [INFO] Host: mount -t debugfs none /sys/kernel/debug 2>/dev/null;
- 06:01:00 [INFO] Target: 
mount -t debugfs none /sys/kernel/debug 2>/dev/null;
- 06:01:00 [INFO] Host: 
- 06:01:00 [INFO] Target: 
- 06:01:00 [INFO] Host: echo 'cpuinfo:';cat /proc/cpuinfo; echo '=======';
- 06:01:01 [INFO] Target: 
echo 'cpuinfo:';cat /proc/cpuinfo; echo '=======';
- 06:01:01 [INFO] Host: 
- 06:01:01 [INFO] Target: 
- 06:01:01 [INFO] Host: echo 'soc info:';head /sys/devices/soc0/* 2>/dev/null; echo '=======';
- 06:01:02 [INFO] Target: 
echo 'soc info:';head /sys/devices/soc0/* 2>/dev/null; echo '=======';
- 06:01:02 [INFO] Host: 
- 06:01:02 [INFO] Target: 
- 06:01:02 [INFO] Host: echo 'DT Model info'; head /proc/device-tree/name /proc/device-tree/model /proc/device-tree/compatible 2>/dev/null;echo; echo '=======';
- 06:01:03 [INFO] Target: 
echo 'DT Model info'; head /proc/device-tree/name /proc/device-tree/model /pro 
c/device-tree/compatible 2>/dev/null;echo; echo '=======';
- 06:01:03 [INFO] Host: 
- 06:01:03 [INFO] Target: 
- 06:01:03 [INFO] Host: echo 'interrupts:';cat /proc/interrupts; echo '=======';
- 06:01:04 [INFO] Target: 
echo 'interrupts:';cat /proc/interrupts; echo '=======';
- 06:01:04 [INFO] Host: 
- 06:01:04 [INFO] Target: 
- 06:01:04 [INFO] Host: echo 'Clk_summary:';cat /sys/kernel/debug/clk/clk_summary; echo '=======';
- 06:01:05 [INFO] Target: 
echo 'Clk_summary:';cat /sys/kernel/debug/clk/clk_summary; echo '=======';
- 06:01:05 [INFO] Host: 
- 06:01:05 [INFO] Target: 
- 06:01:05 [INFO] Host: echo 'Orphan Clks:';ls /sys/kernel/debug/clk/orphans/; echo '=======';
- 06:01:06 [INFO] Target: 
echo 'Orphan Clks:';ls /sys/kernel/debug/clk/orphans/; echo '=======';
- 06:01:06 [INFO] Host: 
- 06:01:06 [INFO] Target: 
- 06:01:06 [INFO] Host: echo "Available frequencies"; cat /sys/devices/system/cpu/cpu0/cpufreq/scaling_available_frequencies 2>/dev/null;echo '=======';
- 06:01:07 [INFO] Target: 
echo "Available frequencies"; cat /sys/devices/system/cpu/cpu0/cpufreq/scaling 
_available_frequencies 2>/dev/null;echo '=======';
- 06:01:07 [INFO] Host: 
- 06:01:07 [INFO] Target: 
- 06:01:07 [INFO] Host: echo 'H''ello World' 'B''oard Booted';
- 06:01:08 [INFO] Target: 
echo 'H''ello World' 'B''oard Booted';
- 06:01:08 [INFO] Host: 
- 06:01:08 [INFO] Target: 
- 06:01:08 [INFO] Host: EOF
- 06:01:09 [INFO] Target: 
root@GenericOMAP36xx(FlattenedDeviceTree):/test# 
- 06:01:09 [INFO] Host: cd /test
- 06:01:09 [INFO] Target: 
cd /test
root@GenericOMAP36xx(FlattenedDeviceTree):/test# 
- 06:01:09 [INFO] Host: chmod +x test.sh
- 06:01:10 [INFO] Target: 
chmod +x test.sh
root@GenericOMAP36xx(FlattenedDeviceTree):/test# 
- 06:01:10 [INFO] Host: ./test.sh 2> stderr.log > stdout.log 3> result.log
- 06:01:10 [INFO] Target: 
./test.sh 2> stderr.log > stdou 
t.log 3> result.log
root@GenericOMAP36xx(FlattenedDeviceTree):/test# 
- 06:01:10 [INFO] Host: echo $?
- 06:01:11 [INFO] Target: 
echo $?
root@GenericOMAP36xx(FlattenedDeviceTree):/test# 
- 06:01:11 [INFO] Host: cd /test
- 06:01:11 [INFO] Target: 
cd /test
root@GenericOMAP36xx(FlattenedDeviceTree):/test# 
- 06:01:11 [INFO] Host: cat stdout.log
- 06:01:14 [INFO] Target: 
cat stdout.log
cpuinfo:
processor	: 0
model name	: ARMv7 Processor rev 2 (v7l)
BogoMIPS	: 297.36
Features	: half thumb fastmult vfp edsp thumbee neon vfpv3 tls vfpd32 
CPU implementer	: 0x41
CPU architecture: 7
CPU variant	: 0x3
CPU part	: 0xc08
CPU revision	: 2
Hardware	: Generic OMAP36xx (Flattened Device Tree)
Revision	: 0000
Serial		: 0000000000000000
=======
soc info:
==> /sys/devices/soc0/family <==
OMAP3
==> /sys/devices/soc0/machine <==
OMAP3630
==> /sys/devices/soc0/power <==
==> /sys/devices/soc0/revision <==
ES1.2
==> /sys/devices/soc0/subsystem <==
==> /sys/devices/soc0/type <==
==> /sys/devices/soc0/uevent <==
=======
DT Model info
==> /proc/device-tree/name <==
==> /proc/device-tree/model <==
TI OMAP3 BeagleBoard xM
==> /proc/device-tree/compatible <==
ti,omap3-beagle-xmti,omap36xxti,omap3
=======
interrupts:
           CPU0       
 23:          0      INTC   7 Edge      TWL4030-PIH
 25:          0      INTC   9 Edge      l3-debug-irq
 26:          0      INTC  10 Edge      l3-app-irq
 28:          0      INTC  12 Edge      DMA
 29:       1917      INTC  13 Edge      omap-dma-engine
 36:          0      INTC  20 Edge      gpmc
 53:       3215      INTC  37 Edge      gp_timer
 72:       1185      INTC  56 Edge      48070000.i2c
 73:          0      INTC  57 Edge      48072000.i2c
 77:          0      INTC  61 Edge      48060000.i2c
 90:       4399      INTC  74 Edge      OMAP UART2
 92:          3      INTC  76 Edge      ohci_hcd:usb1
 93:        299      INTC  77 Edge      ehci_hcd:usb2
 99:       2221      INTC  83 Edge      mmc0
274:       1382      PRCM Edge      pm_wkup
283:          2      PRCM Edge      pinctrl, pinctrl, pinctrl, pm_io
306:          1   pinctrl 366 Edge      OMAP UART2
307:          0   twl4030   0 Edge      twl4030_gpio
312:          0   twl4030   5 Edge      twl4030_power
318:          0   twl4030  11 Edge      rtc0
345:          0  48310000.gpio   4 Edge      user
IPI0:          0  CPU wakeup interrupts
IPI1:          0  Timer broadcast interrupts
IPI2:          0  Rescheduling interrupts
IPI3:          0  Function call interrupts
IPI4:          0  Single function call interrupts
IPI5:          0  CPU stop interrupts
IPI6:          0  IRQ work interrupts
IPI7:          0  completion interrupts
Err:          0
=======
Clk_summary:
   clock                         enable_cnt  prepare_cnt        rate   accuracy   phase
----------------------------------------------------------------------------------------
 secure_32k_fck                           0            1       32768          0 0  
    wdt1_fck                              0            0       32768          0 0  
    gpt12_fck                             0            1       32768          0 0  
 dummy_ck                                 0            0           0          0 0  
 mcbsp_clks                               0            5           0          0 0  
 sys_altclk                               0            0           0          0 0  
 virt_38_4m_ck                            0            0    38400000          0 0  
 virt_26000000_ck                         1            1    26000000          0 0  
    osc_sys_ck                            1            1    26000000          0 0  
       sys_clkout1                        0            0    26000000          0 0  
       sys_ck                             4           18    13000000          0 0  
          gpt9_fck                        0            1    13000000          0 0  
          gpt8_fck                        0            1    13000000          0 0  
          gpt7_fck                        0            1    13000000          0 0  
          gpt6_fck                        0            1    13000000          0 0  
          gpt5_fck                        0            1    13000000          0 0  
          gpt4_fck                        0            1    13000000          0 0  
          gpt3_fck                        0            1    13000000          0 0  
          gpt2_fck                        0            1    13000000          0 0  
          cpefuse_fck                     0            0    13000000          0 0  
          dpll5_ck                        1            1   120000000          0 0  
             dpll5_m2_ck                  2            2   120000000          0 0  
                dpll5_m2_d20_ck           0            0     6000000          0 0  
                dpll5_m2_d16_ck           0            0     7500000          0 0  
                dpll5_m2_d8_ck            0            0    15000000          0 0  
                dpll5_m2_d4_ck            0            0    30000000          0 0  
                usbhost_120m_fck           1            1   120000000          0 0  
                usbtll_fck                1            1   120000000          0 0  
          sys_d2_ck                       0            0     6500000          0 0  
             usim_fck                     0            0     6500000          0 0  
          modem_fck                       0            0    13000000          0 0  
          dpll2_ck                        0            1   260000000          0 0  
             dpll2_m2_ck                  0            1   260000000          0 0  
                iva2_ck                   0            2   260000000          0 0  
          sr2_fck                         0            1    13000000          0 0  
          sr1_fck                         0            1    13000000          0 0  
          traceclk_src_fck                0            0    13000000          0 0  
             traceclk_fck                 0            0    13000000          0 0  
          emu_src_mux_ck                  0            1    13000000          0 0  
             emu_src_ck                   0            1    13000000          0 0  
                atclk_fck                 0            0    13000000          0 0  
                pclkx2_fck                0            0    13000000          0 0  
                pclk_fck                  0            0     6500000          0 0  
          dss2_alwon_fck                  0            2    13000000          0 0  
          dpll1_ck                        0            1   300000000          0 0  
             dpll1_x2_ck                  0            1   600000000          0 0  
                dpll1_x2m2_ck             0            1   600000000          0 0  
                   mpu_ck                 0            1   600000000          0 0  
                      emu_mpu_alwon_ck           0            0   600000000          0 0  
                      arm_fck             0            1   300000000          0 0  
          dpll3_ck                        1            1   400000000          0 0  
             dpll3_x2_ck                  0            0   800000000          0 0  
             dpll3_m2_ck                  1            1   400000000          0 0  
                dpll3_m2x2_ck             0            0   800000000          0 0  
                   corex2_fck             0            0   800000000          0 0  
                      ssi_ssr_fck_3430es2           0            0   266666667          0 0  
                         ssi_sst_fck_3430es2           0            0   133333333          0 0  
                      corex2_d5_fck           0            0   160000000          0 0  
                      corex2_d3_fck           0            0   266666666          0 0  
                core_ck                   1            1   400000000          0 0  
                   core_d2_ck             0            0   200000000          0 0  
                      sgx_fck             0            0   200000000          0 0  
                   core_d6_ck             0            0    66666666          0 0  
                   core_d4_ck             0            0   100000000          0 0  
                   core_d3_ck             0            0   133333333          0 0  
                   dpll2_fck              0            0   400000000          0 0  
                   l3_ick                 2            3   200000000          0 0  
                      sgx_ick             0            0   200000000          0 0  
                      mad2d_ick           0            0   200000000          0 0  
                      sad2d_ick           0            1   200000000          0 0  
                      security_l3_ick           0            0   200000000          0 0  
                         pka_ick           0            0   200000000          0 0  
                      core_l3_ick           8           10   200000000          0 0  
                         hsotgusb_ick_3430es2           0            1   200000000          0 0  
                         gpmc_fck           2            2   200000000          0 0  
                         sdrc_ick           1            1   200000000          0 0  
                      l4_ick              6            7   100000000          0 0  
                         usbhost_ick           1            1   100000000          0 0  
                         dss_ick_3430es2           4            6   100000000          0 0  
                         sr_l4_ick           2            2   100000000          0 0  
                         ssi_l4_ick           0            0   100000000          0 0  
                            ssi_ick_3430es2           0            0   100000000          0 0  
                         cam_ick           0            1   100000000          0 0  
                         security_l4_ick2           0            0   100000000          0 0  
                            des1_ick           0            0   100000000          0 0  
                            sha11_ick           0            0   100000000          0 0  
                            rng_ick           0            0   100000000          0 0  
                            aes1_ick           0            0   100000000          0 0  
                         per_l4_ick          14           18   100000000          0 0  
                            mcbsp4_ick           1            1   100000000          0 0  
                            mcbsp3_ick           2            2   100000000          0 0  
                            mcbsp2_ick           2            2   100000000          0 0  
                            gpt2_ick           1            1   100000000          0 0  
                            gpt3_ick           1            1   100000000          0 0  
                            gpt4_ick           1            1   100000000          0 0  
                            gpt5_ick           1            1   100000000          0 0  
                            gpt6_ick           1            1   100000000          0 0  
                            gpt7_ick           1            1   100000000          0 0  
                            gpt8_ick           1            1   100000000          0 0  
                            gpt9_ick           1            1   100000000          0 0  
                            uart4_ick           1            1   100000000          0 0  
                            uart3_ick           1            1   100000000          0 0  
                            wdt3_ick           0            0   100000000          0 0  
                            gpio2_ick           0            1   100000000          0 0  
                            gpio3_ick           0            1   100000000          0 0  
                            gpio4_ick           0            1   100000000          0 0  
                            gpio5_ick           1            1   100000000          0 0  
                            gpio6_ick           0            1   100000000          0 0  
                         core_l4_ick          21           23   100000000          0 0  
                            mmchs3_ick           1            1   100000000          0 0  
                            usbtll_ick           1            1   100000000          0 0  
                            mailboxes_ick           0            1   100000000          0 0  
                            mspro_ick           0            0   100000000          0 0  
                            des2_ick           0            0   100000000          0 0  
                            icr_ick           0            0   100000000          0 0  
                            sha12_ick           1            2   100000000          0 0  
                            aes2_ick           1            2   100000000          0 0  
                            omapctrl_ick           1            1   100000000          0 0  
                            mcbsp1_ick           1            1   100000000          0 0  
                            mcbsp5_ick           1            1   100000000          0 0  
                            gpt10_ick           1            1   100000000          0 0  
                            gpt11_ick           1            1   100000000          0 0  
                            uart1_ick           1            1   100000000          0 0  
                            uart2_ick           1            1   100000000          0 0  
                            i2c1_ick           1            1   100000000          0 0  
                            i2c2_ick           1            1   100000000          0 0  
                            i2c3_ick           1            1   100000000          0 0  
                            mcspi1_ick           1            1   100000000          0 0  
                            mcspi2_ick           1            1   100000000          0 0  
                            mcspi3_ick           1            1   100000000          0 0  
                            mcspi4_ick           1            1   100000000          0 0  
                            hdq_ick           0            1   100000000          0 0  
                            mmchs1_ick           1            1   100000000          0 0  
                            mmchs2_ick           1            1   100000000          0 0  
                         rm_ick           0            0    50000000          0 0  
                   dpll1_fck              0            0   200000000          0 0  
             dpll3_m3_ck                  0            0   200000000          0 0  
                dpll3_m3x2_mul_ck           0            0   400000000          0 0  
                   dpll3_m3x2_ck           0            0   400000000          0 0  
                      emu_core_alwon_ck           0            0   400000000          0 0  
          dpll4_ck                        1            3   864000000          0 0  
             dpll4_x2_ck                  0            0  1728000000          0 0  
             dpll4_m6_ck                  0            0   288000000          0 0  
                dpll4_m6x2_mul_ck           0            0   288000000          0 0  
                   dpll4_m6x2_ck           0            0   288000000          0 0  
                      emu_per_alwon_ck           0            0   288000000          0 0  
             dpll4_m5_ck                  0            0   216000000          0 0  
                dpll4_m5x2_mul_ck           0            0   216000000          0 0  
                   dpll4_m5x2_ck           0            0   216000000          0 0  
                      cam_mclk            0            0   216000000          0 0  
             dpll4_m4_ck                  0            1    96000000          0 0  
                dpll4_m4x2_mul_ck           0            1    96000000          0 0  
                   dpll4_m4x2_ck           0            1    96000000          0 0  
                      dss1_alwon_fck_3430es2           0            4    96000000          0 0  
             dpll4_m3_ck                  0            1    54000000          0 0  
                dpll4_m3x2_mul_ck           0            1    54000000          0 0  
                   dpll4_m3x2_ck           0            1    54000000          0 0  
                      omap_54m_fck           0            1    54000000          0 0  
                         clkout2_src_ck           0            0    54000000          0 0  
                            sys_clkout2           0            0    54000000          0 0  
                         dss_tv_fck           0            2    54000000          0 0  
             dpll4_m2_ck                  1            1    96000000          0 0  
                dpll4_m2x2_mul_ck           1            1    96000000          0 0  
                   dpll4_m2x2_ck           1            1    96000000          0 0  
                      omap_192m_alwon_fck           0            0    96000000          0 0  
                      omap_96m_alwon_fck           1            2    96000000          0 0  
                         per_96m_fck           0            6    96000000          0 0  
                            mcbsp4_fck           0            1    96000000          0 0  
                            mcbsp3_fck           0            2    96000000          0 0  
                            mcbsp2_fck           0            2    96000000          0 0  
                         cm_96m_fck           1            2    96000000          0 0  
                            cm_96m_d2_fck           1            1    48000000          0 0  
                               omap_48m_fck           3            4    48000000          0 0  
                                  usbhost_48m_fck           1            1    48000000          0 0  
                                  per_48m_fck           2            2    48000000          0 0  
                                     uart4_fck           1            1    48000000          0 0  
                                     uart3_fck           1            1    48000000          0 0  
                                  core_48m_fck           2            6    48000000          0 0  
                                     uart1_fck           1            1    48000000          0 0  
                                     uart2_fck           1            1    48000000          0 0  
                                     mcspi1_fck           0            1    48000000          0 0  
                                     mcspi2_fck           0            1    48000000          0 0  
                                     mcspi3_fck           0            1    48000000          0 0  
                                     mcspi4_fck           0            1    48000000          0 0  
                                  omap_12m_fck           0            1    12000000          0 0  
                                     core_12m_fck           0            1    12000000          0 0  
                                        hdq_fck             0            1    12000000          0 0  
                            omap_96m_fck           0            2    96000000          0 0  
                               omap_96m_d10_fck           0            0     9600000          0 0  
                               omap_96m_d8_fck           0            0    12000000          0 0  
                               omap_96m_d4_fck           0            0    24000000          0 0  
                               omap_96m_d2_fck           0            0    48000000          0 0  
                               dss_96m_fck           0            2    96000000          0 0  
                               core_96m_fck           0           10    96000000          0 0  
                                  mcbsp1_fck           0            1    96000000          0 0  
                                  mcbsp5_fck           0            1    96000000          0 0  
                                  mmchs3_fck           0            1    96000000          0 0  
                                  mspro_fck           0            0    96000000          0 0  
                                  csi2_96m_fck           0            0    96000000          0 0  
                                  i2c1_fck           0            1    96000000          0 0  
                                  i2c2_fck           0            1    96000000          0 0  
                                  i2c3_fck           0            1    96000000          0 0  
                                  mmchs1_fck           0            1    96000000          0 0  
                                  mmchs2_fck           0            1    96000000          0 0  
          wkup_l4_ick                     5            5    13000000          0 0  
             usim_ick                     0            0    13000000          0 0  
             gpt1_ick                     1            1    13000000          0 0  
             gpt12_ick                    1            1    13000000          0 0  
             omap_32ksync_ick             1            1    13000000          0 0  
             gpio1_ick                    1            1    13000000          0 0  
             wdt1_ick                     0            0    13000000          0 0  
             wdt2_ick                     1            1    13000000          0 0  
 virt_19200000_ck                         0            0    19200000          0 0  
 virt_13m_ck                              0            0    13000000          0 0  
 virt_12m_ck                              0            0    12000000          0 0  
 omap_32k_fck                             2            8       32768          0 0  
    gpt1_fck                              1            1       32768          0 0  
    gpt11_fck                             0            1       32768          0 0  
    gpt10_fck                             0            1       32768          0 0  
    ts_fck                                0            0       32768          0 0  
    per_32k_alwon_fck                     0            5       32768          0 0  
       wdt3_fck                           0            0       32768          0 0  
       gpio2_dbck                         0            1       32768          0 0  
       gpio3_dbck                         0            1       32768          0 0  
       gpio4_dbck                         0            1       32768          0 0  
       gpio5_dbck                         0            1       32768          0 0  
       gpio6_dbck                         0            1       32768          0 0  
    wkup_32k_fck                          2            3       32768          0 0  
       wdt2_fck                           0            1       32768          0 0  
       gpio1_dbck                         1            2       32768          0 0  
 dummy_apb_pclk                           0            0           0          0 0  
 virt_16_8m_ck                            0            0    16800000          0 0  
=======
Orphan Clks:
=======
Available frequencies
300000 600000 800000 
=======
Hello World Board Booted
root@GenericOMAP36xx(FlattenedDeviceTree):/test# 
- 06:01:14 [INFO] Host: cat stderr.log
- 06:01:14 [INFO] Target: 
cat stderr.log
ls: /sys/kernel/debug/clk/orphans/: No such file or directory
root@GenericOMAP36xx(FlattenedDeviceTree):/test# 
- 06:01:14 [INFO] Host: cat result.log
- 06:01:16 [ERROR] On command: cat result.log waiting for cat result.log.+?(?m-ix:^1[\0\n\r]+) >>> error: execution expired
- 06:01:16 [INFO] Target: 
cat result.log
root@GenericOMAP36xx(FlattenedDeviceTree):/test# 
- 06:01:16 [INFO] Host: cd /test
- 06:01:17 [INFO] Target: 
cd /test
root@GenericOMAP36xx(FlattenedDeviceTree):/test# 
URL:gtsystest.telogy.design.ti.com/vatf/tidfarm-02.dal.design.ti.com/tidfarm-02.dal.design.ti.com_vatf@2/tidfarm-02.dal.design.ti.com04_08_2015_05_58_57/files/session_iteration_1/test_1
