- 11:09:06 [INFO] Starting target session
- 11:09:06 [INFO] Connected to beaglebone via serial 
- 11:09:06 [INFO] Host: #check prompt
- 11:09:09 [ERROR] On command: #check prompt waiting for #check prompt.+?(?-mix:((?-mix:login:)|[Pp]assword)) >>> error: execution expired
- 11:09:09 [INFO] Target: 
#check prompt
root@am335x-evm:/test# 
- 11:09:09 [INFO] Host: #check prompt
- 11:09:09 [INFO] Target: 
#check prompt
root@am335x-evm:/test# 
- 11:09:09 [INFO] Host: sync;poweroff
- 11:09:28 [INFO] Target: 
sync;poweroff
Broadcast message from root@am335x-evm (ttyO0) (Sun Oct 19 01:09:55 2014):
The system is going down for system halt NOW!
INIT: Swiroot@am335x-evm:/test# 
INIT: Sending processes the TERM signal
INIT: Sending processes the KILLUIM SYSFS Node Not Found
Stopping Dropbear SSH server: stopped /usr/sbin/dropbear (pid 559)
dropbear.
Stopping telnet daemon.
Stopping system message bus: hwclock: can't open '/dev/misc/rtc': No such file or directory
Error opening /dev/fb0: No such file or directory
Stopping syslogd/klogd: stopped syslogd (pid 571)
stopped klogd (pid 574)
done
Stopping thttpd.
ALSA: Storing mixer settings...
/usr/sbin/alsactl: save_state:1580: No soundcards found...
Deconfiguring network interfaces... done.
Stopping Lighttpd Web Server: stopped /usr/sbin/lighttpd (pid 587)
lighttpd.
Stopping Matrix GUI applicationstart-stop-daemon: warning: killing process 595: No such process
***************************************************************
***************************************************************
NOTICE: This file system contains the followin GPLv3 packages:
	binutils-symlinks
	binutils
	gdbserver
If you do not wish to distribute GPLv3 components please remove
the above packages prior to distribution.  This can be done using
the opkg remove command.  i.e.:
    opkg remove <package>
Where <package> is the name printed in the list above
NOTE: If the package is a dependency of another package you
      will be notified of the dependent packages.  You should
      use the --force-removal-of-dependent-packages option to
      also remove the dependent packages as well
***************************************************************
***************************************************************
Sending all processes the TERM signal...
Sending all processes the KILL signal...
Unmounting remote filesystems...
Deactivating swap...
Unmounting local filesystems...
[11249.695781] EXT4-fs (mmcblk0p2): re-mounted. Opts: data=ordered
[11252.156194] reboot: System halted
- 11:09:28 [INFO] Disconnected serial from beaglebone
- 11:09:33 [INFO] Connected to beaglebone via serial 
- 11:09:33 [INFO] Host: 
- 11:09:36 [INFO] Target: 
U-Boot SPL 2014.07-00076-g8f725ef (Oct 09 2014 - 11:18:44)
reading args
spl_load_image_fat_os: error reading image args, err - -1
reading u-boot.img
reading u-boot.img
U-Boot 2014.07-00076-g8f725ef (Oct 09 2014 - 11:18:44), Build: jenkins-system_test_testing_kernel-500
I2C:   ready
DRAM:  256 MiB
NAND:  0 MiB
MMC:   OMAP SD/MMC: 0, OMAP SD/MMC: 1
reading uboot.env
** Unable to read "uboot.env" from mmc0:1 **
Using default environment
Net:   <ethaddr> not set. Validating first E-fuse MAC
cpsw, usb_ether
Hit any key to stop autoboot:  1  0 
U-Boot# 
U-Boot# 
U-Boot# 
U-Boot# 
U-Boot# 
U-Boot# 
U-Boot# 
U-Boot# 
U-Boot# 
- 11:09:36 [INFO] Host: 
- 11:09:36 [INFO] Target: 
U-Boot# 
- 11:09:36 [INFO] Host: version
- 11:09:36 [INFO] Target: 
U-Boot# version
U-Boot 2014.07-00076-g8f725ef (Oct 09 2014 - 11:18:44)
arm-linux-gnueabihf-gcc (crosstool-NG linaro-1.13.1-4.7-2013.03-20130313 - Linaro GCC 2013.03) 4.7.3 20130226 (prerelease)
GNU ld (crosstool-NG linaro-1.13.1-4.7-2013.03-20130313 - Linaro GCC 2013.03) 2.23.1
U-Boot# 
- 11:09:36 [INFO] Host: setenv bootargs 'console=ttyO0,115200n8 earlyprintk rootwait '
- 11:09:36 [INFO] Target: 
setenv bootargs 'console=ttyO0,115200n8 earlyprintk rootwait '
U-Boot# 
- 11:09:36 [INFO] Host: setenv bootcmd  ''
- 11:09:36 [INFO] Target: 
setenv bootcmd  ''
U-Boot# 
- 11:09:36 [INFO] Host: setenv autoload 'no'
- 11:09:36 [INFO] Target: 
setenv autoload 'no'
U-Boot# 
- 11:09:36 [INFO] Host: setenv serverip '192.168.0.1'
- 11:09:36 [INFO] Target: 
setenv serverip '192.168.0.1'
U-Boot# 
- 11:09:36 [INFO] Host: setenv mmcdev ' '
- 11:09:36 [INFO] Target: 
setenv mmcdev ' '
U-Boot# 
- 11:09:36 [INFO] Host: printenv
- 11:09:37 [INFO] Target: 
printenv
arch=arm
autoload=no
baudrate=115200
board=am335x
board_name=A335BONE
board_rev=00A6
boot_fdt=try
bootargs=console=ttyO0,115200n8 earlyprintk rootwait 
bootcmd=
bootcount=1
bootdelay=1
bootdir=/boot
bootenv=uEnv.txt
bootfile=zImage
bootm_size=0x10000000
bootpart=0:2
console=ttyO0,115200n8
cpu=armv7
dfu_alt_info_emmc=rawemmc raw 0 3751936
dfu_alt_info_mmc=boot part 0 1;rootfs part 0 2;MLO fat 0 1;MLO.raw raw 0x100 0x100;u-boot.img.raw raw 0x300 0x400;spl-os-args.raw raw 0x80 0x80;spl-os-image.raw raw 0x900 0x2000;spl-os-args fat 0 1;spl-os-image fat 0 1;u-boot.img fat 0 1;uEnv.txt fat 0 1
dfu_alt_info_nand=SPL part 0 1;SPL.backup1 part 0 2;SPL.backup2 part 0 3;SPL.backup3 part 0 4;u-boot part 0 5;u-boot-spl-os part 0 6;kernel part 0 8;rootfs part 0 9
dfu_alt_info_ram=kernel ram 0x80200000 0xD80000;fdt ram 0x80F80000 0x80000;ramdisk ram 0x81000000 0x4000000
eth1addr=78:c5:e5:d5:61:69
ethact=cpsw
ethaddr=78:c5:e5:d5:61:68
fdt_addr_r=0x88000000
fdtaddr=0x88000000
fdtfile=undefined
findfdt=if test $board_name = A335BONE; then setenv fdtfile am335x-bone.dtb; fi; if test $board_name = A335BNLT; then setenv fdtfile am335x-boneblack.dtb; fi; if test $board_name = A33515BB; then setenv fdtfile am335x-evm.dtb; fi; if test $board_name = A335X_SK; then setenv fdtfile am335x-evmsk.dtb; fi; if test $fdtfile = undefined; then echo WARNING: Could not determine device tree to use; fi; 
importbootenv=echo Importing environment from mmc ...; env import -t -r $loadaddr $filesize
kernel_addr_r=0x82000000
loadaddr=0x82000000
loadbootenv=load mmc ${mmcdev} ${loadaddr} ${bootenv}
loadfdt=load mmc ${bootpart} ${fdtaddr} ${bootdir}/${fdtfile}
loadimage=load mmc ${bootpart} ${loadaddr} ${bootdir}/${bootfile}
loadramdisk=load mmc ${mmcdev} ${rdaddr} ramdisk.gz
mmcargs=setenv bootargs console=${console} ${optargs} root=${mmcroot} rootfstype=${mmcrootfstype}
mmcboot=mmc dev ${mmcdev}; if mmc rescan; then echo SD/MMC found on device ${mmcdev};if run loadbootenv; then echo Loaded environment from ${bootenv};run importbootenv;fi;if test -n $uenvcmd; then echo Running uenvcmd ...;run uenvcmd;fi;if run loadimage; then run mmcloados;fi;fi;
mmcdev= 
mmcloados=run mmcargs; if test ${boot_fdt} = yes || test ${boot_fdt} = try; then if run loadfdt; then bootz ${loadaddr} - ${fdtaddr}; else if test ${boot_fdt} = try; then bootz; else echo WARN: Cannot load the DT; fi; fi; else bootz; fi;
mmcroot=/dev/mmcblk0p2 ro
mmcrootfstype=ext4 rootwait
mtdids=nand0=nand.0
mtdparts=mtdparts=nand.0:128k(NAND.SPL),128k(NAND.SPL.backup1),128k(NAND.SPL.backup2),128k(NAND.SPL.backup3),256k(NAND.u-boot-spl-os),1m(NAND.u-boot),128k(NAND.u-boot-env),128k(NAND.u-boot-env.backup1),8m(NAND.kernel),-(NAND.file-system)
nandargs=setenv bootargs console=${console} ${optargs} root=${nandroot} rootfstype=${nandrootfstype}
nandboot=echo Booting from nand ...; run nandargs; nand read ${fdtaddr} NAND.u-boot-spl-os; nand read ${loadaddr} NAND.kernel; bootz ${loadaddr} - ${fdtaddr}
nandroot=ubi0:rootfs rw ubi.mtd=NAND.file-system,2048
nandrootfstype=ubifs rootwait=1
netargs=setenv bootargs console=${console} ${optargs} root=/dev/nfs nfsroot=${serverip}:${rootpath},${nfsopts} rw ip=dhcp
netboot=echo Booting from network ...; setenv autoload no; dhcp; tftp ${loadaddr} ${bootfile}; tftp ${fdtaddr} ${fdtfile}; run netargs; bootz ${loadaddr} - ${fdtaddr}
nfsopts=nolock
partitions=uuid_disk=${uuid_gpt_disk};name=rootfs,start=2MiB,size=-,uuid=${uuid_gpt_rootfs}
ramargs=setenv bootargs console=${console} ${optargs} root=${ramroot} rootfstype=${ramrootfstype}
ramboot=echo Booting from ramdisk ...; run ramargs; bootz ${loadaddr} ${rdaddr} ${fdtaddr}
ramdisk_addr_r=0x88080000
ramroot=/dev/ram0 rw
ramrootfstype=ext2
rdaddr=0x88080000
rootpath=/export/rootfs
serverip=192.168.0.1
soc=am33xx
spiargs=setenv bootargs console=${console} ${optargs} root=${spiroot} rootfstype=${spirootfstype}
spiboot=echo Booting from spi ...; run spiargs; sf probe ${spibusno}:0; sf read ${loadaddr} ${spisrcaddr} ${spiimgsize}; bootz ${loadaddr}
spibusno=0
spiimgsize=0x362000
spiroot=/dev/mtdblock4 rw
spirootfstype=jffs2
spisrcaddr=0xe0000
static_ip=${ipaddr}:${serverip}:${gatewayip}:${netmask}:${hostname}::off
stderr=serial
stdin=serial
stdout=serial
usbnet_devaddr=78:c5:e5:d5:61:69
vendor=ti
ver=U-Boot 2014.07-00076-g8f725ef (Oct 09 2014 - 11:18:44)
Environment size: 4470/131068 bytes
U-Boot# 
- 11:09:37 [INFO] Host: printenv
- 11:09:37 [INFO] Target: 
printenv
arch=arm
autoload=no
baudrate=115200
board=am335x
board_name=A335BONE
board_rev=00A6
boot_fdt=try
bootargs=console=ttyO0,115200n8 earlyprintk rootwait 
bootcmd=
bootcount=1
bootdelay=1
bootdir=/boot
bootenv=uEnv.txt
bootfile=zImage
bootm_size=0x10000000
bootpart=0:2
console=ttyO0,115200n8
cpu=armv7
dfu_alt_info_emmc=rawemmc raw 0 3751936
dfu_alt_info_mmc=boot part 0 1;rootfs part 0 2;MLO fat 0 1;MLO.raw raw 0x100 0x100;u-boot.img.raw raw 0x300 0x400;spl-os-args.raw raw 0x80 0x80;spl-os-image.raw raw 0x900 0x2000;spl-os-args fat 0 1;spl-os-image fat 0 1;u-boot.img fat 0 1;uEnv.txt fat 0 1
dfu_alt_info_nand=SPL part 0 1;SPL.backup1 part 0 2;SPL.backup2 part 0 3;SPL.backup3 part 0 4;u-boot part 0 5;u-boot-spl-os part 0 6;kernel part 0 8;rootfs part 0 9
dfu_alt_info_ram=kernel ram 0x80200000 0xD80000;fdt ram 0x80F80000 0x80000;ramdisk ram 0x81000000 0x4000000
eth1addr=78:c5:e5:d5:61:69
ethact=cpsw
ethaddr=78:c5:e5:d5:61:68
fdt_addr_r=0x88000000
fdtaddr=0x88000000
fdtfile=undefined
findfdt=if test $board_name = A335BONE; then setenv fdtfile am335x-bone.dtb; fi; if test $board_name = A335BNLT; then setenv fdtfile am335x-boneblack.dtb; fi; if test $board_name = A33515BB; then setenv fdtfile am335x-evm.dtb; fi; if test $board_name = A335X_SK; then setenv fdtfile am335x-evmsk.dtb; fi; if test $fdtfile = undefined; then echo WARNING: Could not determine device tree to use; fi; 
importbootenv=echo Importing environment from mmc ...; env import -t -r $loadaddr $filesize
kernel_addr_r=0x82000000
loadaddr=0x82000000
loadbootenv=load mmc ${mmcdev} ${loadaddr} ${bootenv}
loadfdt=load mmc ${bootpart} ${fdtaddr} ${bootdir}/${fdtfile}
loadimage=load mmc ${bootpart} ${loadaddr} ${bootdir}/${bootfile}
loadramdisk=load mmc ${mmcdev} ${rdaddr} ramdisk.gz
mmcargs=setenv bootargs console=${console} ${optargs} root=${mmcroot} rootfstype=${mmcrootfstype}
mmcboot=mmc dev ${mmcdev}; if mmc rescan; then echo SD/MMC found on device ${mmcdev};if run loadbootenv; then echo Loaded environment from ${bootenv};run importbootenv;fi;if test -n $uenvcmd; then echo Running uenvcmd ...;run uenvcmd;fi;if run loadimage; then run mmcloados;fi;fi;
mmcdev= 
mmcloados=run mmcargs; if test ${boot_fdt} = yes || test ${boot_fdt} = try; then if run loadfdt; then bootz ${loadaddr} - ${fdtaddr}; else if test ${boot_fdt} = try; then bootz; else echo WARN: Cannot load the DT; fi; fi; else bootz; fi;
mmcroot=/dev/mmcblk0p2 ro
mmcrootfstype=ext4 rootwait
mtdids=nand0=nand.0
mtdparts=mtdparts=nand.0:128k(NAND.SPL),128k(NAND.SPL.backup1),128k(NAND.SPL.backup2),128k(NAND.SPL.backup3),256k(NAND.u-boot-spl-os),1m(NAND.u-boot),128k(NAND.u-boot-env),128k(NAND.u-boot-env.backup1),8m(NAND.kernel),-(NAND.file-system)
nandargs=setenv bootargs console=${console} ${optargs} root=${nandroot} rootfstype=${nandrootfstype}
nandboot=echo Booting from nand ...; run nandargs; nand read ${fdtaddr} NAND.u-boot-spl-os; nand read ${loadaddr} NAND.kernel; bootz ${loadaddr} - ${fdtaddr}
nandroot=ubi0:rootfs rw ubi.mtd=NAND.file-system,2048
nandrootfstype=ubifs rootwait=1
netargs=setenv bootargs console=${console} ${optargs} root=/dev/nfs nfsroot=${serverip}:${rootpath},${nfsopts} rw ip=dhcp
netboot=echo Booting from network ...; setenv autoload no; dhcp; tftp ${loadaddr} ${bootfile}; tftp ${fdtaddr} ${fdtfile}; run netargs; bootz ${loadaddr} - ${fdtaddr}
nfsopts=nolock
partitions=uuid_disk=${uuid_gpt_disk};name=rootfs,start=2MiB,size=-,uuid=${uuid_gpt_rootfs}
ramargs=setenv bootargs console=${console} ${optargs} root=${ramroot} rootfstype=${ramrootfstype}
ramboot=echo Booting from ramdisk ...; run ramargs; bootz ${loadaddr} ${rdaddr} ${fdtaddr}
ramdisk_addr_r=0x88080000
ramroot=/dev/ram0 rw
ramrootfstype=ext2
rdaddr=0x88080000
rootpath=/export/rootfs
serverip=192.168.0.1
soc=am33xx
spiargs=setenv bootargs console=${console} ${optargs} root=${spiroot} rootfstype=${spirootfstype}
spiboot=echo Booting from spi ...; run spiargs; sf probe ${spibusno}:0; sf read ${loadaddr} ${spisrcaddr} ${spiimgsize}; bootz ${loadaddr}
spibusno=0
spiimgsize=0x362000
spiroot=/dev/mtdblock4 rw
spirootfstype=jffs2
spisrcaddr=0xe0000
static_ip=${ipaddr}:${serverip}:${gatewayip}:${netmask}:${hostname}::off
stderr=serial
stdin=serial
stdout=serial
usbnet_devaddr=78:c5:e5:d5:61:69
vendor=ti
ver=U-Boot 2014.07-00076-g8f725ef (Oct 09 2014 - 11:18:44)
Environment size: 4470/131068 bytes
U-Boot# 
- 11:09:37 [INFO] Host: setenv bootargs ''${bootargs}' ip=:::::eth0:dhcp '
- 11:09:37 [INFO] Target: 
setenv bootargs ''${bootargs}' ip=:::::eth0:dhcp '
U-Boot# 
- 11:09:37 [INFO] Host: setenv serverip '192.168.0.1'
- 11:09:37 [INFO] Target: 
setenv serverip '192.168.0.1'
U-Boot# 
- 11:09:37 [INFO] Host: setenv ipaddr dhcp
- 11:09:38 [INFO] Target: 
setenv ipaddr dhcp
U-Boot# 
- 11:09:38 [INFO] Host: setenv autoload 'no'
- 11:09:38 [INFO] Target: 
setenv autoload 'no'
U-Boot# 
- 11:09:38 [INFO] Host: dhcp
- 11:09:39 [INFO] Target: 
dhcp
link up on port 0, speed 100, full duplex
BOOTP broadcast 1
DHCP client bound to address 192.168.0.157
U-Boot# 
- 11:09:39 [INFO] Host: setenv serverip '192.168.0.1'
- 11:09:39 [INFO] Target: 
setenv serverip '192.168.0.1'
U-Boot# 
- 11:09:39 [INFO] Host: tftp ${loadaddr} 192.168.0.1:vatf_beaglebone/da339210d27971d103724d7119db0c03
- 11:09:40 [INFO] Target: 
tftp ${loadaddr} 192.168.0.1:vatf_beaglebone/da339210d27971d103724d7119db0c03
link up on port 0, speed 100, full duplex
Using cpsw device
TFTP from server 192.168.0.1; our IP address is 192.168.0.157
Filename 'vatf_beaglebone/da339210d27971d103724d7119db0c03'.
Load address: 0x82000000
Loading: *#################################################################
	 #################################################################
	 #################################################################
	 #################################################################
	 #################################################################
	 #################################################################
	 #############################
	 4.2 MiB/s
done
Bytes transferred = 6142384 (5db9b0 hex)
U-Boot# 
- 11:09:40 [INFO] Host: tftp ${fdt_addr_r} 192.168.0.1:vatf_beaglebone/71bd6a8f63cbe72daa4cd93c33efd56b
- 11:09:40 [INFO] Target: 
tftp ${fdt_addr_r} 192.168.0.1:vatf_beaglebone/71bd6a8f63cbe72daa4cd93c33efd56b
link up on port 0, speed 100, full duplex
Using cpsw device
TFTP from server 192.168.0.1; our IP address is 192.168.0.157
Filename 'vatf_beaglebone/71bd6a8f63cbe72daa4cd93c33efd56b'.
Load address: 0x88000000
Loading: *###
	 3.6 MiB/s
done
Bytes transferred = 30357 (7695 hex)
U-Boot# 
- 11:09:40 [INFO] Host: ls mmc 0:1
- 11:09:41 [INFO] Target: 
ls mmc 0:1
    77532   mlo 
   447164   u-boot.img 
  2629467   u-boot 
   447100   u-boot.bin 
   907613   u-boot-spl 
    77012   u-boot-spl.bin 
      259   uboot_build.txt 
       14   .ipaddr 
            windows_users/
        0   pointercal 
            old_uboot/
        4   ws-calibrate.rules 
10 file(s), 2 dir(s)
U-Boot# 
- 11:09:41 [INFO] Host: ls mmc 0:2
- 11:09:41 [INFO] Target: 
ls mmc 0:2
<DIR>       4096 .
<DIR>       4096 ..
<DIR>       4096 bin
<DIR>       4096 boot
<DIR>       4096 dev
<DIR>       4096 etc
<DIR>       4096 home
<DIR>       4096 lib
<DIR>       4096 media
<DIR>       4096 mnt
<DIR>       4096 opt
<DIR>       4096 proc
<SYM>          8 run
<DIR>       4096 sbin
<DIR>       4096 srv
<DIR>       4096 sys
<SYM>          8 tmp
<DIR>       4096 usr
<DIR>       4096 var
<DIR>       4096 www
<DIR>       4096 Settings
<DIR>       4096 test
U-Boot# 
- 11:09:41 [INFO] Host: part uuid mmc 0:2
- 11:09:41 [INFO] Target: 
part uuid mmc 0:2
00000000-02
U-Boot# 
- 11:09:41 [INFO] Host: printenv
- 11:09:41 [INFO] Target: 
printenv
arch=arm
autoload=no
baudrate=115200
board=am335x
board_name=A335BONE
board_rev=00A6
boot_fdt=try
bootargs=console=ttyO0,115200n8 earlyprintk rootwait  ip=:::::eth0:dhcp 
bootcmd=
bootcount=1
bootdelay=1
bootdir=/boot
bootenv=uEnv.txt
bootfile=zImage
bootm_size=0x10000000
bootpart=0:2
console=ttyO0,115200n8
cpu=armv7
dfu_alt_info_emmc=rawemmc raw 0 3751936
dfu_alt_info_mmc=boot part 0 1;rootfs part 0 2;MLO fat 0 1;MLO.raw raw 0x100 0x100;u-boot.img.raw raw 0x300 0x400;spl-os-args.raw raw 0x80 0x80;spl-os-image.raw raw 0x900 0x2000;spl-os-args fat 0 1;spl-os-image fat 0 1;u-boot.img fat 0 1;uEnv.txt fat 0 1
dfu_alt_info_nand=SPL part 0 1;SPL.backup1 part 0 2;SPL.backup2 part 0 3;SPL.backup3 part 0 4;u-boot part 0 5;u-boot-spl-os part 0 6;kernel part 0 8;rootfs part 0 9
dfu_alt_info_ram=kernel ram 0x80200000 0xD80000;fdt ram 0x80F80000 0x80000;ramdisk ram 0x81000000 0x4000000
dnsip=192.0.2.2
dnsip2=192.0.2.3
eth1addr=78:c5:e5:d5:61:69
ethact=cpsw
ethaddr=78:c5:e5:d5:61:68
fdt_addr_r=0x88000000
fdtaddr=0x88000000
fdtfile=undefined
fileaddr=88000000
filesize=7695
findfdt=if test $board_name = A335BONE; then setenv fdtfile am335x-bone.dtb; fi; if test $board_name = A335BNLT; then setenv fdtfile am335x-boneblack.dtb; fi; if test $board_name = A33515BB; then setenv fdtfile am335x-evm.dtb; fi; if test $board_name = A335X_SK; then setenv fdtfile am335x-evmsk.dtb; fi; if test $fdtfile = undefined; then echo WARNING: Could not determine device tree to use; fi; 
gatewayip=192.168.0.1
importbootenv=echo Importing environment from mmc ...; env import -t -r $loadaddr $filesize
ipaddr=192.168.0.157
kernel_addr_r=0x82000000
loadaddr=0x82000000
loadbootenv=load mmc ${mmcdev} ${loadaddr} ${bootenv}
loadfdt=load mmc ${bootpart} ${fdtaddr} ${bootdir}/${fdtfile}
loadimage=load mmc ${bootpart} ${loadaddr} ${bootdir}/${bootfile}
loadramdisk=load mmc ${mmcdev} ${rdaddr} ramdisk.gz
mmcargs=setenv bootargs console=${console} ${optargs} root=${mmcroot} rootfstype=${mmcrootfstype}
mmcboot=mmc dev ${mmcdev}; if mmc rescan; then echo SD/MMC found on device ${mmcdev};if run loadbootenv; then echo Loaded environment from ${bootenv};run importbootenv;fi;if test -n $uenvcmd; then echo Running uenvcmd ...;run uenvcmd;fi;if run loadimage; then run mmcloados;fi;fi;
mmcdev= 
mmcloados=run mmcargs; if test ${boot_fdt} = yes || test ${boot_fdt} = try; then if run loadfdt; then bootz ${loadaddr} - ${fdtaddr}; else if test ${boot_fdt} = try; then bootz; else echo WARN: Cannot load the DT; fi; fi; else bootz; fi;
mmcroot=/dev/mmcblk0p2 ro
mmcrootfstype=ext4 rootwait
mtdids=nand0=nand.0
mtdparts=mtdparts=nand.0:128k(NAND.SPL),128k(NAND.SPL.backup1),128k(NAND.SPL.backup2),128k(NAND.SPL.backup3),256k(NAND.u-boot-spl-os),1m(NAND.u-boot),128k(NAND.u-boot-env),128k(NAND.u-boot-env.backup1),8m(NAND.kernel),-(NAND.file-system)
nandargs=setenv bootargs console=${console} ${optargs} root=${nandroot} rootfstype=${nandrootfstype}
nandboot=echo Booting from nand ...; run nandargs; nand read ${fdtaddr} NAND.u-boot-spl-os; nand read ${loadaddr} NAND.kernel; bootz ${loadaddr} - ${fdtaddr}
nandroot=ubi0:rootfs rw ubi.mtd=NAND.file-system,2048
nandrootfstype=ubifs rootwait=1
netargs=setenv bootargs console=${console} ${optargs} root=/dev/nfs nfsroot=${serverip}:${rootpath},${nfsopts} rw ip=dhcp
netboot=echo Booting from network ...; setenv autoload no; dhcp; tftp ${loadaddr} ${bootfile}; tftp ${fdtaddr} ${fdtfile}; run netargs; bootz ${loadaddr} - ${fdtaddr}
netmask=255.255.255.0
nfsopts=nolock
partitions=uuid_disk=${uuid_gpt_disk};name=rootfs,start=2MiB,size=-,uuid=${uuid_gpt_rootfs}
ramargs=setenv bootargs console=${console} ${optargs} root=${ramroot} rootfstype=${ramrootfstype}
ramboot=echo Booting from ramdisk ...; run ramargs; bootz ${loadaddr} ${rdaddr} ${fdtaddr}
ramdisk_addr_r=0x88080000
ramroot=/dev/ram0 rw
ramrootfstype=ext2
rdaddr=0x88080000
rootpath=/export/rootfs
serverip=192.168.0.1
soc=am33xx
spiargs=setenv bootargs console=${console} ${optargs} root=${spiroot} rootfstype=${spirootfstype}
spiboot=echo Booting from spi ...; run spiargs; sf probe ${spibusno}:0; sf read ${loadaddr} ${spisrcaddr} ${spiimgsize}; bootz ${loadaddr}
spibusno=0
spiimgsize=0x362000
spiroot=/dev/mtdblock4 rw
spirootfstype=jffs2
spisrcaddr=0xe0000
static_ip=${ipaddr}:${serverip}:${gatewayip}:${netmask}:${hostname}::off
stderr=serial
stdin=serial
stdout=serial
usbnet_devaddr=78:c5:e5:d5:61:69
vendor=ti
ver=U-Boot 2014.07-00076-g8f725ef (Oct 09 2014 - 11:18:44)
Environment size: 4633/131068 bytes
U-Boot# 
- 11:09:41 [INFO] Host: setenv bootargs ''${bootargs}' root=PARTUUID=00000000-02 rw rootfstype=ext4 rootwait '
- 11:09:41 [INFO] Target: 
setenv bootargs ''${bootargs}' root=PARTUUID=00000000-02 rw rootfstype=ext4 rootwait '
U-Boot# 
- 11:09:41 [INFO] Host: printenv
- 11:09:42 [INFO] Target: 
printenv
arch=arm
autoload=no
baudrate=115200
board=am335x
board_name=A335BONE
board_rev=00A6
boot_fdt=try
bootargs=console=ttyO0,115200n8 earlyprintk rootwait  ip=:::::eth0:dhcp  root=PARTUUID=00000000-02 rw rootfstype=ext4 rootwait 
bootcmd=
bootcount=1
bootdelay=1
bootdir=/boot
bootenv=uEnv.txt
bootfile=zImage
bootm_size=0x10000000
bootpart=0:2
console=ttyO0,115200n8
cpu=armv7
dfu_alt_info_emmc=rawemmc raw 0 3751936
dfu_alt_info_mmc=boot part 0 1;rootfs part 0 2;MLO fat 0 1;MLO.raw raw 0x100 0x100;u-boot.img.raw raw 0x300 0x400;spl-os-args.raw raw 0x80 0x80;spl-os-image.raw raw 0x900 0x2000;spl-os-args fat 0 1;spl-os-image fat 0 1;u-boot.img fat 0 1;uEnv.txt fat 0 1
dfu_alt_info_nand=SPL part 0 1;SPL.backup1 part 0 2;SPL.backup2 part 0 3;SPL.backup3 part 0 4;u-boot part 0 5;u-boot-spl-os part 0 6;kernel part 0 8;rootfs part 0 9
dfu_alt_info_ram=kernel ram 0x80200000 0xD80000;fdt ram 0x80F80000 0x80000;ramdisk ram 0x81000000 0x4000000
dnsip=192.0.2.2
dnsip2=192.0.2.3
eth1addr=78:c5:e5:d5:61:69
ethact=cpsw
ethaddr=78:c5:e5:d5:61:68
fdt_addr_r=0x88000000
fdtaddr=0x88000000
fdtfile=undefined
fileaddr=88000000
filesize=7695
findfdt=if test $board_name = A335BONE; then setenv fdtfile am335x-bone.dtb; fi; if test $board_name = A335BNLT; then setenv fdtfile am335x-boneblack.dtb; fi; if test $board_name = A33515BB; then setenv fdtfile am335x-evm.dtb; fi; if test $board_name = A335X_SK; then setenv fdtfile am335x-evmsk.dtb; fi; if test $fdtfile = undefined; then echo WARNING: Could not determine device tree to use; fi; 
gatewayip=192.168.0.1
importbootenv=echo Importing environment from mmc ...; env import -t -r $loadaddr $filesize
ipaddr=192.168.0.157
kernel_addr_r=0x82000000
loadaddr=0x82000000
loadbootenv=load mmc ${mmcdev} ${loadaddr} ${bootenv}
loadfdt=load mmc ${bootpart} ${fdtaddr} ${bootdir}/${fdtfile}
loadimage=load mmc ${bootpart} ${loadaddr} ${bootdir}/${bootfile}
loadramdisk=load mmc ${mmcdev} ${rdaddr} ramdisk.gz
mmcargs=setenv bootargs console=${console} ${optargs} root=${mmcroot} rootfstype=${mmcrootfstype}
mmcboot=mmc dev ${mmcdev}; if mmc rescan; then echo SD/MMC found on device ${mmcdev};if run loadbootenv; then echo Loaded environment from ${bootenv};run importbootenv;fi;if test -n $uenvcmd; then echo Running uenvcmd ...;run uenvcmd;fi;if run loadimage; then run mmcloados;fi;fi;
mmcdev= 
mmcloados=run mmcargs; if test ${boot_fdt} = yes || test ${boot_fdt} = try; then if run loadfdt; then bootz ${loadaddr} - ${fdtaddr}; else if test ${boot_fdt} = try; then bootz; else echo WARN: Cannot load the DT; fi; fi; else bootz; fi;
mmcroot=/dev/mmcblk0p2 ro
mmcrootfstype=ext4 rootwait
mtdids=nand0=nand.0
mtdparts=mtdparts=nand.0:128k(NAND.SPL),128k(NAND.SPL.backup1),128k(NAND.SPL.backup2),128k(NAND.SPL.backup3),256k(NAND.u-boot-spl-os),1m(NAND.u-boot),128k(NAND.u-boot-env),128k(NAND.u-boot-env.backup1),8m(NAND.kernel),-(NAND.file-system)
nandargs=setenv bootargs console=${console} ${optargs} root=${nandroot} rootfstype=${nandrootfstype}
nandboot=echo Booting from nand ...; run nandargs; nand read ${fdtaddr} NAND.u-boot-spl-os; nand read ${loadaddr} NAND.kernel; bootz ${loadaddr} - ${fdtaddr}
nandroot=ubi0:rootfs rw ubi.mtd=NAND.file-system,2048
nandrootfstype=ubifs rootwait=1
netargs=setenv bootargs console=${console} ${optargs} root=/dev/nfs nfsroot=${serverip}:${rootpath},${nfsopts} rw ip=dhcp
netboot=echo Booting from network ...; setenv autoload no; dhcp; tftp ${loadaddr} ${bootfile}; tftp ${fdtaddr} ${fdtfile}; run netargs; bootz ${loadaddr} - ${fdtaddr}
netmask=255.255.255.0
nfsopts=nolock
partitions=uuid_disk=${uuid_gpt_disk};name=rootfs,start=2MiB,size=-,uuid=${uuid_gpt_rootfs}
ramargs=setenv bootargs console=${console} ${optargs} root=${ramroot} rootfstype=${ramrootfstype}
ramboot=echo Booting from ramdisk ...; run ramargs; bootz ${loadaddr} ${rdaddr} ${fdtaddr}
ramdisk_addr_r=0x88080000
ramroot=/dev/ram0 rw
ramrootfstype=ext2
rdaddr=0x88080000
rootpath=/export/rootfs
serverip=192.168.0.1
soc=am33xx
spiargs=setenv bootargs console=${console} ${optargs} root=${spiroot} rootfstype=${spirootfstype}
spiboot=echo Booting from spi ...; run spiargs; sf probe ${spibusno}:0; sf read ${loadaddr} ${spisrcaddr} ${spiimgsize}; bootz ${loadaddr}
spibusno=0
spiimgsize=0x362000
spiroot=/dev/mtdblock4 rw
spirootfstype=jffs2
spisrcaddr=0xe0000
static_ip=${ipaddr}:${serverip}:${gatewayip}:${netmask}:${hostname}::off
stderr=serial
stdin=serial
stdout=serial
usbnet_devaddr=78:c5:e5:d5:61:69
vendor=ti
ver=U-Boot 2014.07-00076-g8f725ef (Oct 09 2014 - 11:18:44)
Environment size: 4688/131068 bytes
U-Boot# 
- 11:09:42 [INFO] Host: setenv bootcmd ''${bootcmd}' if iminfo ${loadaddr}; then bootm ${loadaddr} - ${fdt_addr_r}; else bootz ${loadaddr} - ${fdt_addr_r}; bootm ${loadaddr} - ${fdt_addr_r}; fi'
- 11:09:42 [INFO] Target: 
setenv bootcmd ''${bootcmd}' if iminfo ${loadaddr}; then bootm ${loadaddr} - ${fdt_addr_r}; else bootz ${loadaddr} - ${fdt_addr_r}; bootm ${loadaddr} - ${fdt_addr_r}; fi'
U-Boot# 
- 11:09:42 [INFO] Host: bdinfo
- 11:09:42 [INFO] Target: 
bdinfo
arch_number = 0x00000E05
boot_params = 0x80000100
DRAM bank   = 0x00000000
-> start    = 0x80000000
-> size     = 0x10000000
eth0name    = cpsw
ethaddr     = 78:c5:e5:d5:61:68
eth1name    = usb_ether
eth1addr    = 78:c5:e5:d5:61:69
current eth = cpsw
ip_addr     = 192.168.0.157
baudrate    = 115200 bps
TLB addr    = 0x8FFF0000
relocaddr   = 0x8F741000
reloc off   = 0x0EF41000
irq_sp      = 0x8E720EE0
sp start    = 0x8E720ED0
U-Boot# 
- 11:09:42 [INFO] Host: mmc rescan
- 11:09:42 [INFO] Target: 
mmc rescan
U-Boot# 
- 11:09:42 [INFO] Host: fatwrite mmc ${mmcdev}:1 ${loadaddr} ws-calibrate.rules 4
- 11:09:42 [INFO] Target: 
fatwrite mmc ${mmcdev}:1 ${loadaddr} ws-calibrate.rules 4
writing ws-calibrate.rules
4 bytes written
U-Boot# 
- 11:09:42 [INFO] Host: boot
- 11:12:12 [ERROR] On command: boot waiting for boot.+?(?-mix:login:) >>> error: execution expired
- 11:12:12 [INFO] Target: 
boot
## Checking Image at 82000000 ...
Unknown image format!
Kernel image @ 0x82000000 [ 0x000000 - 0x5db9b0 ]
## Flattened Device Tree blob at 88000000
   Booting using the fdt blob at 0x88000000
   Loading Device Tree to 8e715000, end 8e71f694 ... OK
Starting kernel ...
[    0.000000] Booting Linux on physical CPU 0x0
[    0.000000] Linux version 4.2.0-rc1-next-20150708-00002-gad1a3309bb9e (nmenon@kahuna) (gcc version 4.6.3 (Ubuntu/Linaro 4.6.3-1ubuntu5) ) #1 SMP Wed Jul 8 10:18:54 CDT 2015
[    0.000000] CPU: ARMv7 Processor [413fc082] revision 2 (ARMv7), cr=10c5387d
[    0.000000] CPU: PIPT / VIPT nonaliasing data cache, VIPT aliasing instruction cache
[    0.000000] Machine model: TI AM335x BeagleBone
[    0.000000] cma: Reserved 64 MiB at 0x8a000000
[    0.000000] Memory policy: Data cache writeback
[    0.000000] CPU: All CPU(s) started in SVC mode.
[    0.000000] AM335X ES1.0 (sgx neon )
[    0.000000] PERCPU: Embedded 11 pages/cpu @cfca7000 s14848 r8192 d22016 u45056
[    0.000000] Built 1 zonelists in Zone order, mobility grouping on.  Total pages: 64768
[    0.000000] Kernel command line: console=ttyO0,115200n8 earlyprintk rootwait  ip=:::::eth0:dhcp  root=PARTUUID=00000000-02 rw rootfstype=ext4 rootwait 
[    0.000000] PID hash table entries: 1024 (order: 0, 4096 bytes)
[    0.000000] Dentry cache hash table entries: 32768 (order: 5, 131072 bytes)
[    0.000000] Inode-cache hash table entries: 16384 (order: 4, 65536 bytes)
[    0.000000] Memory: 179280K/261120K available (7833K kernel code, 1014K rwdata, 3516K rodata, 956K init, 327K bss, 16304K reserved, 65536K cma-reserved, 0K highmem)
[    0.000000] Virtual kernel memory layout:
[    0.000000]     vector  : 0xffff0000 - 0xffff1000   (   4 kB)
[    0.000000]     fixmap  : 0xffc00000 - 0xfff00000   (3072 kB)
[    0.000000]     vmalloc : 0xd0800000 - 0xff000000   ( 744 MB)
[    0.000000]     lowmem  : 0xc0000000 - 0xd0000000   ( 256 MB)
[    0.000000]     pkmap   : 0xbfe00000 - 0xc0000000   (   2 MB)
[    0.000000]     modules : 0xbf000000 - 0xbfe00000   (  14 MB)
[    0.000000]       .text : 0xc0208000 - 0xc0d1e4a8   (11354 kB)
[    0.000000]       .init : 0xc0d1f000 - 0xc0e0e000   ( 956 kB)
[    0.000000]       .data : 0xc0e0e000 - 0xc0f0bb00   (1015 kB)
[    0.000000]        .bss : 0xc0f0e000 - 0xc0f5fc20   ( 328 kB)
[    0.000000] SLUB: HWalign=64, Order=0-3, MinObjects=0, CPUs=1, Nodes=1
[    0.000000] Hierarchical RCU implementation.
[    0.000000] 	Additional per-CPU info printed with stalls.
[    0.000000] 	Build-time adjustment of leaf fanout to 32.
[    0.000000] 	RCU restricting CPUs from NR_CPUS=16 to nr_cpu_ids=1.
[    0.000000] RCU: Adjusting geometry for rcu_fanout_leaf=32, nr_cpu_ids=1
[    0.000000] NR_IRQS:16 nr_irqs:16 16
[    0.000000] IRQ: Found an INTC at 0xfa200000 (revision 5.0) with 128 interrupts
[    0.000000] OMAP clockevent source: timer2 at 24000000 Hz
[    0.000016] sched_clock: 32 bits at 24MHz, resolution 41ns, wraps every 89478484971ns
[    0.000042] clocksource: timer1: mask: 0xffffffff max_cycles: 0xffffffff, max_idle_ns: 79635851949 ns
[    0.000055] OMAP clocksource: timer1 at 24000000 Hz
[    0.000279] Console: colour dummy device 80x30
[    0.000318] Calibrating delay loop... 717.61 BogoMIPS (lpj=1794048)
[    0.059101] pid_max: default: 32768 minimum: 301
[    0.059259] Mount-cache hash table entries: 1024 (order: 0, 4096 bytes)
[    0.059273] Mountpoint-cache hash table entries: 1024 (order: 0, 4096 bytes)
[    0.060135] CPU: Testing write buffer coherency: ok
[    0.060536] CPU0: thread -1, cpu 0, socket -1, mpidr 0
[    0.060653] Setting up static identity map for 0x80209000 - 0x80209098
[    0.064490] Brought up 1 CPUs
[    0.064514] SMP: Total of 1 processors activated (717.61 BogoMIPS).
[    0.064523] CPU: All CPU(s) started in SVC mode.
[    0.065293] devtmpfs: initialized
[    0.077339] VFP support v0.3: implementor 41 architecture 3 part 30 variant c rev 3
[    0.091548] omap_hwmod: tptc0 using broken dt data from edma
[    0.091715] omap_hwmod: tptc1 using broken dt data from edma
[    0.091855] omap_hwmod: tptc2 using broken dt data from edma
[    0.096975] omap_hwmod: debugss: _wait_target_disable failed
[    0.153196] clocksource: jiffies: mask: 0xffffffff max_cycles: 0xffffffff, max_idle_ns: 9556302231375000 ns
[    0.158511] pinctrl core: initialized pinctrl subsystem
[    0.161334] NET: Registered protocol family 16
[    0.164421] DMA: preallocated 256 KiB pool for atomic coherent allocations
[    0.166822] cpuidle: using governor ladder
[    0.166847] cpuidle: using governor menu
[    0.171687] OMAP GPIO hardware version 0.1
[    0.182721] No ATAGs?
[    0.182758] hw-breakpoint: debug architecture 0x4 unsupported.
[    0.187264] Serial: AMBA PL011 UART driver
[    0.212077] edma-dma-engine edma-dma-engine.0: TI EDMA DMA engine driver
[    0.215870] vgaarb: loaded
[    0.216934] SCSI subsystem initialized
[    0.217735] usbcore: registered new interface driver usbfs
[    0.217835] usbcore: registered new interface driver hub
[    0.217917] usbcore: registered new device driver usb
[    0.218806] omap_i2c 44e0b000.i2c: could not find pctldev for node /ocp/l4_wkup@44c00000/scm@210000/pinmux@800/pinmux_i2c0_pins, deferring probe
[    0.218866] omap_i2c 4819c000.i2c: could not find pctldev for node /ocp/l4_wkup@44c00000/scm@210000/pinmux@800/pinmux_i2c2_pins, deferring probe
[    0.219686] pps_core: LinuxPPS API ver. 1 registered
[    0.219698] pps_core: Software ver. 5.3.6 - Copyright 2005-2007 Rodolfo Giometti <giometti@linux.it>
[    0.219741] PTP clock support registered
[    0.219975] EDAC MC: Ver: 3.0.0
[    0.223384] clocksource: Switched to clocksource timer1
[    0.237629] NET: Registered protocol family 2
[    0.238571] TCP established hash table entries: 2048 (order: 1, 8192 bytes)
[    0.238616] TCP bind hash table entries: 2048 (order: 2, 16384 bytes)
[    0.238663] TCP: Hash tables configured (established 2048 bind 2048)
[    0.238756] UDP hash table entries: 256 (order: 1, 8192 bytes)
[    0.238782] UDP-Lite hash table entries: 256 (order: 1, 8192 bytes)
[    0.239002] NET: Registered protocol family 1
[    0.239493] RPC: Registered named UNIX socket transport module.
[    0.239509] RPC: Registered udp transport module.
[    0.239517] RPC: Registered tcp transport module.
[    0.239525] RPC: Registered tcp NFSv4.1 backchannel transport module.
[    0.240687] hw perfevents: Failed to parse /pmu/interrupt-affinity[0]
[    0.240756] hw perfevents: enabled with armv7_cortex_a8 PMU driver, 5 counters available
[    0.243127] futex hash table entries: 256 (order: 2, 16384 bytes)
[    0.259794] squashfs: version 4.0 (2009/01/31) Phillip Lougher
[    0.261185] NFS: Registering the id_resolver key type
[    0.261265] Key type id_resolver registered
[    0.261276] Key type id_legacy registered
[    0.261359] ntfs: driver 2.1.32 [Flags: R/O].
[    0.263198] Block layer SCSI generic (bsg) driver version 0.4 loaded (major 249)
[    0.263229] io scheduler noop registered
[    0.263244] io scheduler deadline registered
[    0.263611] io scheduler cfq registered (default)
[    0.267458] pinctrl-single 44e10800.pinmux: 142 pins at pa f9e10800 size 568
[    0.355488] Serial: 8250/16550 driver, 4 ports, IRQ sharing disabled
[    0.358732] SuperH (H)SCI(F) driver initialized
[    0.359634] msm_serial: driver initialized
[    0.360304] omap_uart 44e09000.serial: no wakeirq for uart0
[    0.360528] 44e09000.serial: ttyO0 at MMIO 0x44e09000 (irq = 154, base_baud = 3000000) is a OMAP UART0
[    1.034325] console [ttyO0] enabled
[    1.038707] STMicroelectronics ASC driver initialized
[    1.045756] [drm] Initialized drm 1.1.0 20060810
[    1.059856] loop: module loaded
[    1.071293] CAN device driver interface
[    1.076476] igb: Intel(R) Gigabit Ethernet Network Driver - version 5.2.18-k
[    1.083915] igb: Copyright (c) 2007-2014 Intel Corporation.
[    1.092379] pegasus: v0.9.3 (2013/04/25), Pegasus/Pegasus II USB Ethernet driver
[    1.100318] usbcore: registered new interface driver pegasus
[    1.106382] usbcore: registered new interface driver asix
[    1.112140] usbcore: registered new interface driver ax88179_178a
[    1.118632] usbcore: registered new interface driver cdc_ether
[    1.124866] usbcore: registered new interface driver smsc75xx
[    1.131009] usbcore: registered new interface driver smsc95xx
[    1.137122] usbcore: registered new interface driver net1080
[    1.143149] usbcore: registered new interface driver cdc_subset
[    1.149447] usbcore: registered new interface driver zaurus
[    1.155456] usbcore: registered new interface driver cdc_ncm
[    1.163327] ehci_hcd: USB 2.0 'Enhanced' Host Controller (EHCI) Driver
[    1.170246] ehci-pci: EHCI PCI platform driver
[    1.175016] ehci-platform: EHCI generic platform driver
[    1.180729] ehci-omap: OMAP-EHCI Host Controller driver
[    1.186389] ehci-orion: EHCI orion driver
[    1.190765] SPEAr-ehci: EHCI SPEAr driver
[    1.195170] ehci-st: EHCI STMicroelectronics driver
[    1.200464] ehci-exynos: EHCI EXYNOS driver
[    1.205027] ehci-atmel: EHCI Atmel driver
[    1.209392] tegra-ehci: Tegra EHCI driver
[    1.213777] ohci_hcd: USB 1.1 'Open' Host Controller (OHCI) Driver
[    1.220325] ohci-pci: OHCI PCI platform driver
[    1.225096] ohci-platform: OHCI generic platform driver
[    1.230775] ohci-omap3: OHCI OMAP3 driver
[    1.235164] SPEAr-ohci: OHCI SPEAr driver
[    1.239544] ohci-st: OHCI STMicroelectronics driver
[    1.244827] ohci-atmel: OHCI Atmel driver
[    1.249309] usbcore: registered new interface driver usb-storage
[    1.257354] mousedev: PS/2 mouse device common for all mice
[    1.267611] i2c /dev entries driver
[    1.278339] sdhci: Secure Digital Host Controller Interface driver
[    1.284922] sdhci: Copyright(c) Pierre Ossman
[    1.290703] omap_hsmmc 48060000.mmc: Got CD GPIO
[    1.296193] omap_hsmmc 48060000.mmc: unable to get vmmc regulator -517
[    1.304214] Synopsys Designware Multimedia Card Interface Driver
[    1.311614] sdhci-pltfm: SDHCI platform and OF driver helper
[    1.320207] ledtrig-cpu: registered to indicate activity on CPUs
[    1.326984] usbcore: registered new interface driver usbhid
[    1.332873] usbhid: USB HID core driver
[    1.340803] NET: Registered protocol family 17
[    1.345575] can: controller area network core (rev 20120528 abi 9)
[    1.352210] NET: Registered protocol family 29
[    1.356910] can: raw protocol (rev 20120528)
[    1.361418] can: broadcast manager protocol (rev 20120528 t)
[    1.367389] can: netlink gateway (rev 20130117) max_hops=1
[    1.373870] Key type dns_resolver registered
[    1.378698] omap_voltage_late_init: Voltage driver support not added
[    1.386704] ThumbEE CPU extension supported.
[    1.391325] Registering SWP/SWPB emulation handler
[    1.401280] at24 0-0050: 32768 byte 24c256 EEPROM, writable, 1 bytes/write
[    1.408722] omap_i2c 44e0b000.i2c: bus 0 rev0.11 at 400 kHz
[    1.416480] at24 2-0054: 32768 byte 24c256 EEPROM, writable, 1 bytes/write
[    1.424101] at24 2-0055: 32768 byte 24c256 EEPROM, writable, 1 bytes/write
[    1.431597] at24 2-0056: 32768 byte 24c256 EEPROM, writable, 1 bytes/write
[    1.439078] at24 2-0057: 32768 byte 24c256 EEPROM, writable, 1 bytes/write
[    1.446363] omap_i2c 4819c000.i2c: bus 2 rev0.11 at 100 kHz
[    1.454415] omap_hsmmc 48060000.mmc: Got CD GPIO
[    1.459736] omap_hsmmc 48060000.mmc: unable to get vmmc regulator -517
[    1.523446] davinci_mdio 4a101000.mdio: davinci mdio revision 1.6
[    1.529913] davinci_mdio 4a101000.mdio: detected phy mask fffffffe
[    1.537454] libphy: 4a101000.mdio: probed
[    1.541757] davinci_mdio 4a101000.mdio: phy[0]: device 4a101000.mdio:00, driver SMSC LAN8710/LAN8720
[    1.553221] cpsw 4a100000.ethernet: Detected MACID = 78:c5:e5:d5:61:68
[    1.561905] hctosys: unable to open rtc device (rtc0)
[    1.573308] net eth0: initializing cpsw version 1.12 (0)
[    1.581519] net eth0: phy found : id is : 0x7c0f1
[    1.586562] libphy: PHY 4a101000.mdio:01 not found
[    1.591623] net eth0: phy 4a101000.mdio:01 not found on slave 1
[    1.604151] omap_hsmmc 48060000.mmc: Got CD GPIO
[    1.609549] omap_hsmmc 48060000.mmc: unable to get vmmc regulator -517
[    4.649033] cpsw 4a100000.ethernet eth0: Link is Up - 100Mbps/Full - flow control rx/tx
[    4.668397] Sending DHCP requests ., OK
[    4.713866] IP-Config: Got DHCP answer from 192.168.0.1, my address is 192.168.0.157
[    4.722239] IP-Config: Complete:
[    4.725676]      device=eth0, hwaddr=78:c5:e5:d5:61:68, ipaddr=192.168.0.157, mask=255.255.255.0, gw=192.168.0.1
[    4.736371]      host=192.168.0.157, domain=tim.com, nis-domain=(none)
[    4.743234]      bootserver=192.168.0.1, rootserver=192.168.0.1, rootpath=
[    4.750278]      nameserver0=192.0.2.2, nameserver1=192.0.2.3
[    4.756605] platform 48060000.mmc: omap_device_late_idle: enabled but no driver.  Idling
[    4.765205] vmmcsd_fixed: disabling
[    4.770057] Waiting for root device PARTUUID=00000000-02...
[  130.253388] random: nonblocking pool is initialized
URL:gtsystest.telogy.design.ti.com/vatf/tigtfarm06/tigtfarm06_vatf@beaglebone/tigtfarm0607_08_2015_11_09_06/files/session_iteration_1/test_1
