- 06:48:18 [INFO] Starting target session
- 06:48:19 [INFO] Connected to beagleboard via serial 
- 06:48:19 [INFO] Host: #check prompt
- 06:48:22 [ERROR] On command: #check prompt waiting for #check prompt.+?(?-mix:((?-mix:login:)|[Pp]assword)) >>> error: execution expired
- 06:48:22 [INFO] Target: 
#check prompt
root@beagleboard:/test# 
- 06:48:22 [INFO] Host: #check prompt
- 06:48:22 [INFO] Target: 
#check prompt
root@beagleboard:/test# 
- 06:48:22 [INFO] Host: sync;poweroff
- 06:48:38 [INFO] Target: 
sync;poweroff
Broadcast message from root@beagleboard (ttyO2) (Fri May 23 07:04:26 2014):
The system is going down for system halt NOW!
INIT: Switching to runlevel: 0
root@be
INIT: Sending processes the TERM signal
INIT: Sending processes the KILL signal
Stopping Dropbear SSH server: stopped /usr/sbin/dropbear (pid 403)
dropbear.
Stopping telnet daemon.
Stopping system message bus: dbus.
hwclock: can't open '/dev/misc/rtc': No such file or directory
Error opening /dev/fb0: No such file or directory
Stopping syslogd/klogd: stopped syslogd (pid 413)
stopped klogd (pid 416)
done
Stopping thttpd.
ALSA: Storing mixer settings...
/usr/sbin/alsactl: save_state:1590: No soundcards found...
Deconfiguring network interfaces... ifdown: interface eth0 not configured
done.
Stopping Lighttpd Web Server: stopped /usr/sbin/lighttpd (pid 425)
lighttpd.
Stopping Matrix GUI applicationstart-stop-daemon: warning: killing process 436: No such process
***************************************************************
***************************************************************
NOTICE: This file system contains the followin GPLv3 packages:
	binutils-symlinks
	binutils
	gdbserver
If you do not wish to distribute GPLv3 components please remove
the above packages prior to distribution.  This can be done using
the opkg remove command.  i.e.:
    opkg remove <package>
Where <package> is the name printed in the list above
NOTE: If the package is a dependency of another package you
      will be notified of the dependent packages.  You should
      use the --force-removal-of-dependent-packages option to
      also remove the dependent packages as well
***************************************************************
***************************************************************
Sending all processes the TERM signal...
Sending all processes the KILL signal...
Unmounting remote filesystems...
Deactivating swap...
Unmounting local filesystems...
[ 1264.647521] EXT4-fs (mmcblk0p2): re-mounted. Opts: data=ordered
[ 1266.880279] reboot: Power down
[ 1266.883697] ------------[ cut here ]------------
[ 1266.888580] WARNING: CPU: 0 PID: 595 at kernel/locking/lockdep.c:2755 lockdep_trace_alloc+0xec/0x10c()
[ 1266.898406] DEBUG_LOCKS_WARN_ON(irqs_disabled_flags(flags))
[ 1266.90408
- 06:48:38 [INFO] Disconnected serial from beagleboard
- 06:48:39 [INFO] Connected to beagleboard via serial 
- 06:48:39 [INFO] Host: 
- 06:48:40 [INFO] Target: 
U-Boot SPL 2014.10-00004-g9ade0ab-dirty (Dec 16 2014 - 13:40:24)
SPL: Please implement spl_start_uboot() for your board
SPL: Direct Linux boot not active!
reading u-boot.img
reading u-boot.img
U-Boot 2014.10-00004-g9ade0ab-dirty (Dec 16 2014 - 13:40:24)
OMAP36XX/37XX-GP ES1.2, CPU-OPP2, L3-200MHz, Max CPU Clock 1 Ghz
OMAP3 Beagle board + LPDDR/NAND
I2C:   ready
DRAM:  512 MiB
NAND:  0 MiB
MMC:   OMAP SD/MMC: 0
*** Warning - readenv() failed, using default environment
Beagle xM Rev C
No EEPROM on expansion board
Die ID #723000029ff8000001578ca00e02e00b
Net:   usb_ether
Error: usb_ether address not set.
Hit any key to stop autoboot:  1  0 
U-Boot# 
U-Boot# 
U-Boot# 
- 06:48:40 [INFO] Host: 
- 06:48:40 [INFO] Target: 
U-Boot# 
U-Boot# 
- 06:48:40 [INFO] Host: version
- 06:48:40 [INFO] Target: 
U-Boot# version
U-Boot 2014.10-00004-g9ade0ab-dirty (Dec 16 2014 - 13:40:24)
arm-linux-gnueabi-gcc (Ubuntu/Linaro 4.6.3-1ubuntu5) 4.6.3
GNU ld (GNU Binutils for Ubuntu) 2.22
U-Boot# 
- 06:48:40 [INFO] Host: setenv bootargs 'console=ttyO2,115200n8  earlyprintk rootwait '
- 06:48:40 [INFO] Target: 
setenv bootargs 'console=ttyO2,115200n8  earlyprintk rootwait '
U-Boot# 
- 06:48:40 [INFO] Host: setenv bootcmd  ''
- 06:48:40 [INFO] Target: 
setenv bootcmd  ''
U-Boot# 
- 06:48:40 [INFO] Host: setenv autoload 'no'
- 06:48:41 [INFO] Target: 
setenv autoload 'no'
U-Boot# 
- 06:48:41 [INFO] Host: setenv serverip '192.168.0.1'
- 06:48:41 [INFO] Target: 
setenv serverip '192.168.0.1'
U-Boot# 
- 06:48:41 [INFO] Host: setenv mmcdev ' '
- 06:48:41 [INFO] Target: 
setenv mmcdev ' '
U-Boot# 
- 06:48:41 [INFO] Host: printenv
- 06:48:41 [INFO] Target: 
printenv
arch=arm
autoload=no
baudrate=115200
beaglerev=xMC
board=beagle
board_name=beagle
bootargs=console=ttyO2,115200n8  earlyprintk rootwait 
bootcmd=
bootdelay=1
bootdir=/boot
bootenv=uEnv.txt
bootfile=uImage
bootm_size=0x08000000
bootpart=0:2
bootscript=echo Running bootscript from mmc${mmcdev} ...; source ${loadaddr}
buddy=none
camera=none
console=ttyO2,115200n8
cpu=armv7
defaultdisplay=dvi
dieid#=723000029ff8000001578ca00e02e00b
dvimode=640x480MR-16@60
ethact=usb_ether
fdtaddr=0x80f80000
findfdt=if test $beaglerev = AxBx; then setenv fdtfile omap3-beagle.dtb; fi; if test $beaglerev = Cx; then setenv fdtfile omap3-beagle.dtb; fi; if test $beaglerev = C4; then setenv fdtfile omap3-beagle.dtb; fi; if test $beaglerev = xMAB; then setenv fdtfile omap3-beagle-xm-ab.dtb; fi; if test $beaglerev = xMC; then setenv fdtfile omap3-beagle-xm.dtb; fi; if test $fdtfile = undefined; then echo WARNING: Could not determine device tree to use; fi; 
importbootenv=echo Importing environment from mmc ...; env import -t -r $loadaddr $filesize
loadaddr=0x80200000
loadbootenv=fatload mmc ${mmcdev} ${loadaddr} ${bootenv}
loadbootscript=load mmc ${mmcdev} ${loadaddr} boot.scr
loadfdt=run validatefdt; load mmc ${bootpart} ${fdtaddr} ${bootdir}/${fdtfile}
loadimage=load mmc ${bootpart} ${loadaddr} ${bootdir}/${bootfile}
loadramdisk=load mmc ${bootpart} ${rdaddr} ${bootdir}/${ramdisk}
mmcargs=setenv bootargs console=${console} ${optargs} mpurate=${mpurate} buddy=${buddy} camera=${camera} vram=${vram} omapfb.mode=dvi:${dvimode} omapdss.def_disp=${defaultdisplay} root=${mmcroot} rootfstype=${mmcrootfstype}
mmcboot=echo Booting from mmc ...; run mmcargs; bootm ${loadaddr}
mmcbootz=echo Booting with DT from mmc${mmcdev} ...; run mmcargs; bootz ${loadaddr} - ${fdtaddr}
mmcdev= 
mmcroot=/dev/mmcblk0p2 rw
mmcrootfstype=ext3 rootwait
mpurate=auto
nandargs=setenv bootargs console=${console} ${optargs} mpurate=${mpurate} buddy=${buddy} camera=${camera} vram=${vram} omapfb.mode=dvi:${dvimode} omapdss.def_disp=${defaultdisplay} root=${nandroot} rootfstype=${nandrootfstype}
nandboot=echo Booting from nand ...; run nandargs; nand read ${loadaddr} 280000 400000; bootm ${loadaddr}
nandroot=ubi0:rootfs ubi.mtd=4
nandrootfstype=ubifs
ramargs=setenv bootargs console=${console} ${optargs} mpurate=${mpurate} buddy=${buddy} vram=${vram} omapfb.mode=dvi:${dvimode} omapdss.def_disp=${defaultdisplay} root=${ramroot} rootfstype=${ramrootfstype}
ramboot=echo Booting from ramdisk ...; run ramargs; bootm ${loadaddr}
ramdisk=ramdisk.gz
ramroot=/dev/ram0 rw ramdisk_size=65536 initrd=0x81000000,64M
ramrootfstype=ext2
rdaddr=0x81000000
serverip=192.168.0.1
soc=omap3
stderr=serial
stdin=serial
stdout=serial
usbethaddr=02:0b:a0:00:02:00
usbtty=cdc_acm
userbutton=if gpio input 173; then run userbutton_xm; else run userbutton_nonxm; fi;
userbutton_nonxm=gpio input 7;
userbutton_xm=gpio input 4;
validatefdt=if test $beaglerev = xMAB; then if test ! -e mmc ${bootpart} ${bootdir}/${fdtfile}; then setenv fdtfile omap3-beagle-xm.dtb; fi; fi; 
vendor=ti
ver=U-Boot 2014.10-00004-g9ade0ab-dirty (Dec 16 2014 - 13:40:24)
vram=12M
Environment size: 3237/131068 bytes
U-Boot# 
- 06:48:41 [INFO] Host: dcache off
- 06:48:41 [INFO] Target: 
dcache off
U-Boot# 
- 06:48:41 [INFO] Host: setenv usbethaddr b0:ee:aa:12:34:56
- 06:48:41 [INFO] Target: 
setenv usbethaddr b0:ee:aa:12:34:56
U-Boot# 
- 06:48:41 [INFO] Host: usb start
- 06:48:45 [INFO] Target: 
usb start
(Re)start USB...
USB0:   USB EHCI 1.00
scanning bus 0 for devices... 3 USB Device(s) found
       scanning usb for storage devices... 0 Storage Device(s) found
       scanning usb for ethernet devices... 1 Ethernet Device(s) found
U-Boot# 
- 06:48:45 [INFO] Host: printenv
- 06:48:46 [INFO] Target: 
printenv
arch=arm
autoload=no
baudrate=115200
beaglerev=xMC
board=beagle
board_name=beagle
bootargs=console=ttyO2,115200n8  earlyprintk rootwait 
bootcmd=
bootdelay=1
bootdir=/boot
bootenv=uEnv.txt
bootfile=uImage
bootm_size=0x08000000
bootpart=0:2
bootscript=echo Running bootscript from mmc${mmcdev} ...; source ${loadaddr}
buddy=none
camera=none
console=ttyO2,115200n8
cpu=armv7
defaultdisplay=dvi
dieid#=723000029ff8000001578ca00e02e00b
dvimode=640x480MR-16@60
ethact=usb_ether
fdtaddr=0x80f80000
findfdt=if test $beaglerev = AxBx; then setenv fdtfile omap3-beagle.dtb; fi; if test $beaglerev = Cx; then setenv fdtfile omap3-beagle.dtb; fi; if test $beaglerev = C4; then setenv fdtfile omap3-beagle.dtb; fi; if test $beaglerev = xMAB; then setenv fdtfile omap3-beagle-xm-ab.dtb; fi; if test $beaglerev = xMC; then setenv fdtfile omap3-beagle-xm.dtb; fi; if test $fdtfile = undefined; then echo WARNING: Could not determine device tree to use; fi; 
importbootenv=echo Importing environment from mmc ...; env import -t -r $loadaddr $filesize
loadaddr=0x80200000
loadbootenv=fatload mmc ${mmcdev} ${loadaddr} ${bootenv}
loadbootscript=load mmc ${mmcdev} ${loadaddr} boot.scr
loadfdt=run validatefdt; load mmc ${bootpart} ${fdtaddr} ${bootdir}/${fdtfile}
loadimage=load mmc ${bootpart} ${loadaddr} ${bootdir}/${bootfile}
loadramdisk=load mmc ${bootpart} ${rdaddr} ${bootdir}/${ramdisk}
mmcargs=setenv bootargs console=${console} ${optargs} mpurate=${mpurate} buddy=${buddy} camera=${camera} vram=${vram} omapfb.mode=dvi:${dvimode} omapdss.def_disp=${defaultdisplay} root=${mmcroot} rootfstype=${mmcrootfstype}
mmcboot=echo Booting from mmc ...; run mmcargs; bootm ${loadaddr}
mmcbootz=echo Booting with DT from mmc${mmcdev} ...; run mmcargs; bootz ${loadaddr} - ${fdtaddr}
mmcdev= 
mmcroot=/dev/mmcblk0p2 rw
mmcrootfstype=ext3 rootwait
mpurate=auto
nandargs=setenv bootargs console=${console} ${optargs} mpurate=${mpurate} buddy=${buddy} camera=${camera} vram=${vram} omapfb.mode=dvi:${dvimode} omapdss.def_disp=${defaultdisplay} root=${nandroot} rootfstype=${nandrootfstype}
nandboot=echo Booting from nand ...; run nandargs; nand read ${loadaddr} 280000 400000; bootm ${loadaddr}
nandroot=ubi0:rootfs ubi.mtd=4
nandrootfstype=ubifs
ramargs=setenv bootargs console=${console} ${optargs} mpurate=${mpurate} buddy=${buddy} vram=${vram} omapfb.mode=dvi:${dvimode} omapdss.def_disp=${defaultdisplay} root=${ramroot} rootfstype=${ramrootfstype}
ramboot=echo Booting from ramdisk ...; run ramargs; bootm ${loadaddr}
ramdisk=ramdisk.gz
ramroot=/dev/ram0 rw ramdisk_size=65536 initrd=0x81000000,64M
ramrootfstype=ext2
rdaddr=0x81000000
serverip=192.168.0.1
soc=omap3
stderr=serial
stdin=serial
stdout=serial
usbethaddr=b0:ee:aa:12:34:56
usbtty=cdc_acm
userbutton=if gpio input 173; then run userbutton_xm; else run userbutton_nonxm; fi;
userbutton_nonxm=gpio input 7;
userbutton_xm=gpio input 4;
validatefdt=if test $beaglerev = xMAB; then if test ! -e mmc ${bootpart} ${bootdir}/${fdtfile}; then setenv fdtfile omap3-beagle-xm.dtb; fi; fi; 
vendor=ti
ver=U-Boot 2014.10-00004-g9ade0ab-dirty (Dec 16 2014 - 13:40:24)
vram=12M
Environment size: 3237/131068 bytes
U-Boot# 
- 06:48:46 [INFO] Host: setenv bootargs ''${bootargs}' ip=:::::eth0:dhcp '
- 06:48:46 [INFO] Target: 
setenv bootargs ''${bootargs}' ip=:::::eth0:dhcp '
U-Boot# 
- 06:48:46 [INFO] Host: setenv serverip '192.168.0.1'
- 06:48:46 [INFO] Target: 
setenv serverip '192.168.0.1'
U-Boot# 
- 06:48:46 [INFO] Host: setenv ipaddr dhcp
- 06:48:46 [INFO] Target: 
setenv ipaddr dhcp
U-Boot# 
- 06:48:46 [INFO] Host: setenv autoload 'no'
- 06:48:46 [INFO] Target: 
setenv autoload 'no'
U-Boot# 
- 06:48:46 [INFO] Host: dhcp
- 06:48:49 [INFO] Target: 
dhcp
ERROR: Need valid 'usbnet_devaddr' to be set
at drivers/usb/gadget/ether.c:2357/usb_eth_init()
Waiting for Ethernet connection... done.
BOOTP broadcast 1
BOOTP broadcast 2
DHCP client bound to address 192.168.0.103 (1042 ms)
U-Boot# 
- 06:48:49 [INFO] Host: setenv serverip '192.168.0.1'
- 06:48:49 [INFO] Target: 
setenv serverip '192.168.0.1'
U-Boot# 
- 06:48:49 [INFO] Host: tftp ${loadaddr} 192.168.0.1:vatf_beagleboard1/2bf35a665720582d03b3d399e98f11b9
- 06:48:55 [INFO] Target: 
tftp ${loadaddr} 192.168.0.1:vatf_beagleboard1/2bf35a665720582d03b3d399e98f11b9
Waiting for Ethernet connection... done.
Using sms0 device
TFTP from server 192.168.0.1; our IP address is 192.168.0.103
Filename 'vatf_beagleboard1/2bf35a665720582d03b3d399e98f11b9'.
Load address: 0x80200000
Loading: *#################################################################
	 #################################################################
	 #################################################################
	 #################################################################
	 #################################################################
	 #################################################################
	 ##############################################
	 1.4 MiB/s
done
Bytes transferred = 6393088 (618d00 hex)
U-Boot# 
- 06:48:55 [INFO] Host: tftp ${fdtaddr} 192.168.0.1:vatf_beagleboard1/e0b4e47470ae585abc6e8f53b83cfc53
- 06:48:57 [INFO] Target: 
tftp ${fdtaddr} 192.168.0.1:vatf_beagleboard1/e0b4e47470ae585abc6e8f53b83cfc53
Waiting for Ethernet connection... done.
Using sms0 device
TFTP from server 192.168.0.1; our IP address is 192.168.0.103
Filename 'vatf_beagleboard1/e0b4e47470ae585abc6e8f53b83cfc53'.
Load address: 0x80f80000
Loading: *#####
	 1.3 MiB/s
done
Bytes transferred = 63216 (f6f0 hex)
U-Boot# 
- 06:48:57 [INFO] Host: ls mmc 0:1
- 06:48:57 [INFO] Target: 
ls mmc 0:1
    50708   mlo 
   393400   u-boot.img 
        4   ws-calibrate.rules 
3 file(s), 0 dir(s)
U-Boot# 
- 06:48:57 [INFO] Host: ls mmc 0:2
- 06:48:57 [INFO] Target: 
ls mmc 0:2
<DIR>       4096 .
<DIR>       4096 ..
<DIR>       4096 srv
<DIR>       4096 home
<DIR>       4096 media
<DIR>       4096 opt
<DIR>       4096 var
<DIR>       4096 sys
<DIR>       4096 boot
<DIR>       4096 dev
<DIR>       4096 usr
<DIR>       4096 bin
<DIR>       4096 mnt
<DIR>       4096 etc
<DIR>       4096 sbin
<DIR>       4096 www
<SYM>          8 tmp
<DIR>       4096 proc
<DIR>       4096 run
<DIR>       4096 lib
<DIR>       4096 Settings
<DIR>       4096 test
U-Boot# 
- 06:48:57 [INFO] Host: part uuid mmc 0:2
- 06:48:57 [INFO] Target: 
part uuid mmc 0:2
00000000-02
U-Boot# 
- 06:48:57 [INFO] Host: printenv
- 06:48:58 [INFO] Target: 
printenv
arch=arm
autoload=no
baudrate=115200
beaglerev=xMC
board=beagle
board_name=beagle
bootargs=console=ttyO2,115200n8  earlyprintk rootwait  ip=:::::eth0:dhcp 
bootcmd=
bootdelay=1
bootdir=/boot
bootenv=uEnv.txt
bootfile=uImage
bootm_size=0x08000000
bootpart=0:2
bootscript=echo Running bootscript from mmc${mmcdev} ...; source ${loadaddr}
buddy=none
camera=none
console=ttyO2,115200n8
cpu=armv7
defaultdisplay=dvi
dieid#=723000029ff8000001578ca00e02e00b
dnsip=192.0.2.2
dvimode=640x480MR-16@60
ethact=sms0
fdtaddr=0x80f80000
fileaddr=80f80000
filesize=f6f0
findfdt=if test $beaglerev = AxBx; then setenv fdtfile omap3-beagle.dtb; fi; if test $beaglerev = Cx; then setenv fdtfile omap3-beagle.dtb; fi; if test $beaglerev = C4; then setenv fdtfile omap3-beagle.dtb; fi; if test $beaglerev = xMAB; then setenv fdtfile omap3-beagle-xm-ab.dtb; fi; if test $beaglerev = xMC; then setenv fdtfile omap3-beagle-xm.dtb; fi; if test $fdtfile = undefined; then echo WARNING: Could not determine device tree to use; fi; 
gatewayip=192.168.0.1
importbootenv=echo Importing environment from mmc ...; env import -t -r $loadaddr $filesize
ipaddr=192.168.0.103
loadaddr=0x80200000
loadbootenv=fatload mmc ${mmcdev} ${loadaddr} ${bootenv}
loadbootscript=load mmc ${mmcdev} ${loadaddr} boot.scr
loadfdt=run validatefdt; load mmc ${bootpart} ${fdtaddr} ${bootdir}/${fdtfile}
loadimage=load mmc ${bootpart} ${loadaddr} ${bootdir}/${bootfile}
loadramdisk=load mmc ${bootpart} ${rdaddr} ${bootdir}/${ramdisk}
mmcargs=setenv bootargs console=${console} ${optargs} mpurate=${mpurate} buddy=${buddy} camera=${camera} vram=${vram} omapfb.mode=dvi:${dvimode} omapdss.def_disp=${defaultdisplay} root=${mmcroot} rootfstype=${mmcrootfstype}
mmcboot=echo Booting from mmc ...; run mmcargs; bootm ${loadaddr}
mmcbootz=echo Booting with DT from mmc${mmcdev} ...; run mmcargs; bootz ${loadaddr} - ${fdtaddr}
mmcdev= 
mmcroot=/dev/mmcblk0p2 rw
mmcrootfstype=ext3 rootwait
mpurate=auto
nandargs=setenv bootargs console=${console} ${optargs} mpurate=${mpurate} buddy=${buddy} camera=${camera} vram=${vram} omapfb.mode=dvi:${dvimode} omapdss.def_disp=${defaultdisplay} root=${nandroot} rootfstype=${nandrootfstype}
nandboot=echo Booting from nand ...; run nandargs; nand read ${loadaddr} 280000 400000; bootm ${loadaddr}
nandroot=ubi0:rootfs ubi.mtd=4
nandrootfstype=ubifs
netmask=255.255.255.0
ramargs=setenv bootargs console=${console} ${optargs} mpurate=${mpurate} buddy=${buddy} vram=${vram} omapfb.mode=dvi:${dvimode} omapdss.def_disp=${defaultdisplay} root=${ramroot} rootfstype=${ramrootfstype}
ramboot=echo Booting from ramdisk ...; run ramargs; bootm ${loadaddr}
ramdisk=ramdisk.gz
ramroot=/dev/ram0 rw ramdisk_size=65536 initrd=0x81000000,64M
ramrootfstype=ext2
rdaddr=0x81000000
serverip=192.168.0.1
soc=omap3
stderr=serial
stdin=serial
stdout=serial
usbethaddr=b0:ee:aa:12:34:56
usbtty=cdc_acm
userbutton=if gpio input 173; then run userbutton_xm; else run userbutton_nonxm; fi;
userbutton_nonxm=gpio input 7;
userbutton_xm=gpio input 4;
validatefdt=if test $beaglerev = xMAB; then if test ! -e mmc ${bootpart} ${bootdir}/${fdtfile}; then setenv fdtfile omap3-beagle-xm.dtb; fi; fi; 
vendor=ti
ver=U-Boot 2014.10-00004-g9ade0ab-dirty (Dec 16 2014 - 13:40:24)
vram=12M
Environment size: 3376/131068 bytes
U-Boot# 
- 06:48:58 [INFO] Host: setenv bootargs ''${bootargs}' root=PARTUUID=00000000-02 rw rootfstype=ext4 rootwait '
- 06:48:58 [INFO] Target: 
setenv bootargs ''${bootargs}' root=PARTUUID=00000000-02 rw rootfstype=ext4 rootwait '
U-Boot# 
- 06:48:58 [INFO] Host: printenv
- 06:48:58 [INFO] Target: 
printenv
arch=arm
autoload=no
baudrate=115200
beaglerev=xMC
board=beagle
board_name=beagle
bootargs=console=ttyO2,115200n8  earlyprintk rootwait  ip=:::::eth0:dhcp  root=PARTUUID=00000000-02 rw rootfstype=ext4 rootwait 
bootcmd=
bootdelay=1
bootdir=/boot
bootenv=uEnv.txt
bootfile=uImage
bootm_size=0x08000000
bootpart=0:2
bootscript=echo Running bootscript from mmc${mmcdev} ...; source ${loadaddr}
buddy=none
camera=none
console=ttyO2,115200n8
cpu=armv7
defaultdisplay=dvi
dieid#=723000029ff8000001578ca00e02e00b
dnsip=192.0.2.2
dvimode=640x480MR-16@60
ethact=sms0
fdtaddr=0x80f80000
fileaddr=80f80000
filesize=f6f0
findfdt=if test $beaglerev = AxBx; then setenv fdtfile omap3-beagle.dtb; fi; if test $beaglerev = Cx; then setenv fdtfile omap3-beagle.dtb; fi; if test $beaglerev = C4; then setenv fdtfile omap3-beagle.dtb; fi; if test $beaglerev = xMAB; then setenv fdtfile omap3-beagle-xm-ab.dtb; fi; if test $beaglerev = xMC; then setenv fdtfile omap3-beagle-xm.dtb; fi; if test $fdtfile = undefined; then echo WARNING: Could not determine device tree to use; fi; 
gatewayip=192.168.0.1
importbootenv=echo Importing environment from mmc ...; env import -t -r $loadaddr $filesize
ipaddr=192.168.0.103
loadaddr=0x80200000
loadbootenv=fatload mmc ${mmcdev} ${loadaddr} ${bootenv}
loadbootscript=load mmc ${mmcdev} ${loadaddr} boot.scr
loadfdt=run validatefdt; load mmc ${bootpart} ${fdtaddr} ${bootdir}/${fdtfile}
loadimage=load mmc ${bootpart} ${loadaddr} ${bootdir}/${bootfile}
loadramdisk=load mmc ${bootpart} ${rdaddr} ${bootdir}/${ramdisk}
mmcargs=setenv bootargs console=${console} ${optargs} mpurate=${mpurate} buddy=${buddy} camera=${camera} vram=${vram} omapfb.mode=dvi:${dvimode} omapdss.def_disp=${defaultdisplay} root=${mmcroot} rootfstype=${mmcrootfstype}
mmcboot=echo Booting from mmc ...; run mmcargs; bootm ${loadaddr}
mmcbootz=echo Booting with DT from mmc${mmcdev} ...; run mmcargs; bootz ${loadaddr} - ${fdtaddr}
mmcdev= 
mmcroot=/dev/mmcblk0p2 rw
mmcrootfstype=ext3 rootwait
mpurate=auto
nandargs=setenv bootargs console=${console} ${optargs} mpurate=${mpurate} buddy=${buddy} camera=${camera} vram=${vram} omapfb.mode=dvi:${dvimode} omapdss.def_disp=${defaultdisplay} root=${nandroot} rootfstype=${nandrootfstype}
nandboot=echo Booting from nand ...; run nandargs; nand read ${loadaddr} 280000 400000; bootm ${loadaddr}
nandroot=ubi0:rootfs ubi.mtd=4
nandrootfstype=ubifs
netmask=255.255.255.0
ramargs=setenv bootargs console=${console} ${optargs} mpurate=${mpurate} buddy=${buddy} vram=${vram} omapfb.mode=dvi:${dvimode} omapdss.def_disp=${defaultdisplay} root=${ramroot} rootfstype=${ramrootfstype}
ramboot=echo Booting from ramdisk ...; run ramargs; bootm ${loadaddr}
ramdisk=ramdisk.gz
ramroot=/dev/ram0 rw ramdisk_size=65536 initrd=0x81000000,64M
ramrootfstype=ext2
rdaddr=0x81000000
serverip=192.168.0.1
soc=omap3
stderr=serial
stdin=serial
stdout=serial
usbethaddr=b0:ee:aa:12:34:56
usbtty=cdc_acm
userbutton=if gpio input 173; then run userbutton_xm; else run userbutton_nonxm; fi;
userbutton_nonxm=gpio input 7;
userbutton_xm=gpio input 4;
validatefdt=if test $beaglerev = xMAB; then if test ! -e mmc ${bootpart} ${bootdir}/${fdtfile}; then setenv fdtfile omap3-beagle-xm.dtb; fi; fi; 
vendor=ti
ver=U-Boot 2014.10-00004-g9ade0ab-dirty (Dec 16 2014 - 13:40:24)
vram=12M
Environment size: 3431/131068 bytes
U-Boot# 
- 06:48:58 [INFO] Host: setenv bootcmd ''${bootcmd}' if iminfo ${loadaddr}; then bootm ${loadaddr} - ${fdtaddr}; else bootz ${loadaddr} - ${fdtaddr}; bootm ${loadaddr} - ${fdtaddr}; fi'
- 06:48:58 [INFO] Target: 
setenv bootcmd ''${bootcmd}' if iminfo ${loadaddr}; then bootm ${loadaddr} - ${fdtaddr}; else bootz ${loadaddr} - ${fdtaddr}; bootm ${loadaddr} - ${fdtaddr}; fi'
U-Boot# 
- 06:48:58 [INFO] Host: version
- 06:48:58 [INFO] Target: 
version
U-Boot 2014.10-00004-g9ade0ab-dirty (Dec 16 2014 - 13:40:24)
arm-linux-gnueabi-gcc (Ubuntu/Linaro 4.6.3-1ubuntu5) 4.6.3
GNU ld (GNU Binutils for Ubuntu) 2.22
U-Boot# 
- 06:48:58 [INFO] Host: bdinfo
- 06:48:58 [INFO] Target: 
bdinfo
arch_number = 0x0000060A
boot_params = 0x80000100
DRAM bank   = 0x00000000
-> start    = 0x80000000
-> size     = 0x10000000
DRAM bank   = 0x00000001
-> start    = 0x90000000
-> size     = 0x10000000
eth0name    = usb_ether
ethaddr     = (not set)
eth1name    = sms0
eth1addr    = (not set)
current eth = sms0
ip_addr     = 192.168.0.103
baudrate    = 115200 bps
TLB addr    = 0x9FFF0000
relocaddr   = 0x9FF4C000
reloc off   = 0x1FE4C000
irq_sp      = 0x9EF2BEE0
sp start    = 0x9EF2BED0
U-Boot# 
- 06:48:58 [INFO] Host: mmc rescan; echo $?
- 06:48:59 [INFO] Target: 
mmc rescan; echo $?
U-Boot# 
- 06:48:59 [INFO] Host: fatwrite mmc ${mmcdev}:1 ${loadaddr} ws-calibrate.rules 4
- 06:48:59 [INFO] Target: 
fatwrite mmc ${mmcdev}:1 ${loadaddr} ws-calibrate.rules 4
writing ws-calibrate.rules
4 bytes written
U-Boot# 
- 06:48:59 [INFO] Host: boot
- 06:51:29 [ERROR] On command: boot waiting for boot.+?(?-mix:login:) >>> error: execution expired
- 06:51:29 [INFO] Target: 
boot
## Checking Image at 80200000 ...
Unknown image format!
Kernel image @ 0x80200000 [ 0x000000 - 0x618d00 ]
## Flattened Device Tree blob at 80f80000
   Booting using the fdt blob at 0x80f80000
   Loading Device Tree to 87fed000, end 87fff6ef ... OK
Starting kernel ...
[    0.000000] Booting Linux on physical CPU 0x0
[    0.000000] Linux version 4.3.0-rc1-next-20150917-00002-g96be00c16145 (nmenon@kahuna) (gcc version 4.6.3 (Ubuntu/Linaro 4.6.3-1ubuntu5) ) #1 SMP Thu Sep 17 05:57:47 CDT 2015
[    0.000000] CPU: ARMv7 Processor [413fc082] revision 2 (ARMv7), cr=10c5387d
[    0.000000] CPU: PIPT / VIPT nonaliasing data cache, VIPT aliasing instruction cache
[    0.000000] Machine model: TI OMAP3 BeagleBoard xM
[    0.000000] cma: Reserved 64 MiB at 0x9b800000
[    0.000000] Memory policy: Data cache writeback
[    0.000000] CPU: All CPU(s) started in SVC mode.
[    0.000000] OMAP3630 ES1.2 (l2cache iva sgx neon isp 192mhz_clk )
[    0.000000] PERCPU: Embedded 12 pages/cpu @df987000 s19200 r8192 d21760 u49152
[    0.000000] Built 1 zonelists in Zone order, mobility grouping on.  Total pages: 129536
[    0.000000] Kernel command line: console=ttyO2,115200n8  earlyprintk rootwait  ip=:::::eth0:dhcp  root=PARTUUID=00000000-02 rw rootfstype=ext4 rootwait 
[    0.000000] PID hash table entries: 2048 (order: 1, 8192 bytes)
[    0.000000] Dentry cache hash table entries: 65536 (order: 6, 262144 bytes)
[    0.000000] Inode-cache hash table entries: 32768 (order: 5, 131072 bytes)
[    0.000000] Memory: 437516K/522240K available (8125K kernel code, 1018K rwdata, 3620K rodata, 1024K init, 340K bss, 19188K reserved, 65536K cma-reserved, 0K highmem)
[    0.000000] Virtual kernel memory layout:
[    0.000000]     vector  : 0xffff0000 - 0xffff1000   (   4 kB)
[    0.000000]     fixmap  : 0xffc00000 - 0xfff00000   (3072 kB)
[    0.000000]     vmalloc : 0xe0800000 - 0xff000000   ( 488 MB)
[    0.000000]     lowmem  : 0xc0000000 - 0xe0000000   ( 512 MB)
[    0.000000]     pkmap   : 0xbfe00000 - 0xc0000000   (   2 MB)
[    0.000000]     modules : 0xbf000000 - 0xbfe00000   (  14 MB)
[    0.000000]       .text : 0xc0208000 - 0xc0d81570   (11750 kB)
[    0.000000]       .init : 0xc0d82000 - 0xc0e82000   (1024 kB)
[    0.000000]       .data : 0xc0e82000 - 0xc0f809e0   (1019 kB)
[    0.000000]        .bss : 0xc0f83000 - 0xc0fd82e0   ( 341 kB)
[    0.000000] SLUB: HWalign=64, Order=0-3, MinObjects=0, CPUs=1, Nodes=1
[    0.000000] Hierarchical RCU implementation.
[    0.000000] 	Build-time adjustment of leaf fanout to 32.
[    0.000000] 	RCU restricting CPUs from NR_CPUS=16 to nr_cpu_ids=1.
[    0.000000] RCU: Adjusting geometry for rcu_fanout_leaf=32, nr_cpu_ids=1
[    0.000000] NR_IRQS:16 nr_irqs:16 16
[    0.000000] IRQ: Found an INTC at 0xfa200000 (revision 4.0) with 96 interrupts
[    0.000000] Clocking rate (Crystal/Core/MPU): 26.0/400/600 MHz
[    0.000000] OMAP clockevent source: timer1 at 32768 Hz
[    0.000000] clocksource: 32k_counter: mask: 0xffffffff max_cycles: 0xffffffff, max_idle_ns: 58327039986419 ns
[    0.000030] sched_clock: 32 bits at 32kHz, resolution 30517ns, wraps every 65535999984741ns
[    0.000030] OMAP clocksource: 32k_counter at 32768 Hz
[    0.000244] Console: colour dummy device 80x30
[    0.000274] Calibrating delay loop... 594.73 BogoMIPS (lpj=1486848)
[    0.028991] pid_max: default: 32768 minimum: 301
[    0.029174] Mount-cache hash table entries: 1024 (order: 0, 4096 bytes)
[    0.029205] Mountpoint-cache hash table entries: 1024 (order: 0, 4096 bytes)
[    0.030029] CPU: Testing write buffer coherency: ok
[    0.030395] CPU0: thread -1, cpu 0, socket -1, mpidr 0
[    0.030487] Setting up static identity map for 0x80209000 - 0x80209098
[    0.039520] Brought up 1 CPUs
[    0.039550] SMP: Total of 1 processors activated (594.73 BogoMIPS).
[    0.039550] CPU: All CPU(s) started in SVC mode.
[    0.041473] devtmpfs: initialized
[    0.074829] VFP support v0.3: implementor 41 architecture 3 part 30 variant c rev 3
[    0.096466] omap_hwmod: mcbsp2_sidetone using broken dt data from mcbsp
[    0.097045] omap_hwmod: mcbsp3_sidetone using broken dt data from mcbsp
[    0.170623] clocksource: jiffies: mask: 0xffffffff max_cycles: 0xffffffff, max_idle_ns: 9556302231375000 ns
[    0.175292] pinctrl core: initialized pinctrl subsystem
[    0.178588] NET: Registered protocol family 16
[    0.181732] DMA: preallocated 256 KiB pool for atomic coherent allocations
[    0.184509] cpuidle: using governor ladder
[    0.184539] cpuidle: using governor menu
[    0.185180] Reprogramming SDRC clock to 400000000 Hz
[    0.191986] omap_gpio 48310000.gpio: could not find pctldev for node /ocp/l4@48000000/scm@2000/pinmux@a00/pinmux_gpio1_pins, deferring probe
[    0.193084] OMAP GPIO hardware version 2.5
[    0.198608] irq: no irq domain found for /ocp/l4@48000000/scm@2000/pinmux@30 !
[    0.212463] omap-gpmc 6e000000.gpmc: GPMC revision 5.0
[    0.212493] gpmc_mem_init: disabling cs 0 mapped at 0x0-0x1000000
[    0.214019] platform 48058000.ssi-controller: Cannot lookup hwmod 'ssi'
[    0.218322] of_amba_device_create(): amba_device_add() failed (-19) for /etb@5401b000
[    0.218444] of_amba_device_create(): amba_device_add() failed (-19) for /etm@54010000
[    0.220733] No ATAGs?
[    0.220733] hw-breakpoint: debug architecture 0x4 unsupported.
[    0.223297] omap4_sram_init:Unable to allocate sram needed to handle errata I688
[    0.223297] omap4_sram_init:Unable to get sram pool needed to handle errata I688
[    0.223632] OMAP DMA hardware revision 5.0
[    0.228973] Serial: AMBA PL011 UART driver
[    0.254486] omap-dma-engine 48056000.dma-controller: OMAP DMA engine driver
[    0.261505] vgaarb: loaded
[    0.262664] SCSI subsystem initialized
[    0.263549] usbcore: registered new interface driver usbfs
[    0.263641] usbcore: registered new interface driver hub
[    0.263732] usbcore: registered new device driver usb
[    0.266510] omap_i2c 48070000.i2c: bus 0 rev4.4 at 2600 kHz
[    0.267211] omap_i2c 48072000.i2c: bus 1 rev4.4 at 400 kHz
[    0.267944] omap_i2c 48060000.i2c: bus 2 rev4.4 at 100 kHz
[    0.269531] pps_core: LinuxPPS API ver. 1 registered
[    0.269561] pps_core: Software ver. 5.3.6 - Copyright 2005-2007 Rodolfo Giometti <giometti@linux.it>
[    0.269592] PTP clock support registered
[    0.269927] EDAC MC: Ver: 3.0.0
[    0.273986] clocksource: Switched to clocksource 32k_counter
[    0.290710] NET: Registered protocol family 2
[    0.291534] TCP established hash table entries: 4096 (order: 2, 16384 bytes)
[    0.291625] TCP bind hash table entries: 4096 (order: 3, 32768 bytes)
[    0.291717] TCP: Hash tables configured (established 4096 bind 4096)
[    0.291809] UDP hash table entries: 256 (order: 1, 8192 bytes)
[    0.291839] UDP-Lite hash table entries: 256 (order: 1, 8192 bytes)
[    0.292053] NET: Registered protocol family 1
[    0.292510] RPC: Registered named UNIX socket transport module.
[    0.292541] RPC: Registered udp transport module.
[    0.292541] RPC: Registered tcp transport module.
[    0.292541] RPC: Registered tcp NFSv4.1 backchannel transport module.
[    0.295928] hw perfevents: enabled with armv7_cortex_a8 PMU driver, 5 counters available
[    0.299835] futex hash table entries: 256 (order: 2, 16384 bytes)
[    0.318023] squashfs: version 4.0 (2009/01/31) Phillip Lougher
[    0.319580] NFS: Registering the id_resolver key type
[    0.319641] Key type id_resolver registered
[    0.319641] Key type id_legacy registered
[    0.319763] ntfs: driver 2.1.32 [Flags: R/O].
[    0.322204] Block layer SCSI generic (bsg) driver version 0.4 loaded (major 249)
[    0.322235] io scheduler noop registered
[    0.322265] io scheduler deadline registered
[    0.322326] io scheduler cfq registered (default)
[    0.329376] pinctrl-single 48002030.pinmux: 284 pins at pa fa002030 size 568
[    0.329711] pinctrl-single 48002a00.pinmux: 46 pins at pa fa002a00 size 92
[    0.330505] pinctrl-single 480025a0.pinmux: 46 pins at pa fa0025a0 size 92
[    0.439636] Serial: 8250/16550 driver, 4 ports, IRQ sharing disabled
[    0.443572] SuperH (H)SCI(F) driver initialized
[    0.445159] msm_serial: driver initialized
[    0.446228] omap_uart 4806a000.serial: no wakeirq for uart0
[    0.446441] 4806a000.serial: ttyO0 at MMIO 0x4806a000 (irq = 88, base_baud = 3000000) is a OMAP UART0
[    0.447082] omap_uart 4806c000.serial: no wakeirq for uart1
[    0.447235] 4806c000.serial: ttyO1 at MMIO 0x4806c000 (irq = 89, base_baud = 3000000) is a OMAP UART1
[    0.448059] 49020000.serial: ttyO2 at MMIO 0x49020000 (irq = 90, base_baud = 3000000) is a OMAP UART2
[    1.222015] console [ttyO2] enabled
[    1.226501] omap_uart 49042000.serial: no wakeirq for uart3
[    1.232543] 49042000.serial: ttyO3 at MMIO 0x49042000 (irq = 96, base_baud = 3000000) is a OMAP UART3
[    1.242828] STMicroelectronics ASC driver initialized
[    1.251068] [drm] Initialized drm 1.1.0 20060810
[    1.270019] loop: module loaded
[    1.303680] twl 0-0048: PIH (irq 23) chaining IRQs 307..315
[    1.309692] twl 0-0048: power (irq 312) chaining IRQs 315..322
[    1.363128] twl4030_gpio twl4030-gpio: gpio (irq 307) chaining IRQs 323..340
[    1.482330] CAN device driver interface
[    1.489166] igb: Intel(R) Gigabit Ethernet Network Driver - version 5.3.0-k
[    1.496520] igb: Copyright (c) 2007-2014 Intel Corporation.
[    1.508331] pegasus: v0.9.3 (2013/04/25), Pegasus/Pegasus II USB Ethernet driver
[    1.516265] usbcore: registered new interface driver pegasus
[    1.522369] usbcore: registered new interface driver asix
[    1.528137] usbcore: registered new interface driver ax88179_178a
[    1.534637] usbcore: registered new interface driver cdc_ether
[    1.540893] usbcore: registered new interface driver smsc75xx
[    1.547058] usbcore: registered new interface driver smsc95xx
[    1.553192] usbcore: registered new interface driver net1080
[    1.559234] usbcore: registered new interface driver cdc_subset
[    1.565551] usbcore: registered new interface driver zaurus
[    1.571594] usbcore: registered new interface driver cdc_ncm
[    1.581695] ehci_hcd: USB 2.0 'Enhanced' Host Controller (EHCI) Driver
[    1.588623] ehci-pci: EHCI PCI platform driver
[    1.593414] ehci-platform: EHCI generic platform driver
[    1.599426] ehci-omap: OMAP-EHCI Host Controller driver
[    1.605529] ehci-omap 48064800.ehci: Can't get PHY device for port 1: -517
[    1.612976] ehci-orion: EHCI orion driver
[    1.617614] SPEAr-ehci: EHCI SPEAr driver
[    1.622192] ehci-st: EHCI STMicroelectronics driver
[    1.627685] ehci-exynos: EHCI EXYNOS driver
[    1.632476] ehci-atmel: EHCI Atmel driver
[    1.637023] tegra-ehci: Tegra EHCI driver
[    1.641632] ohci_hcd: USB 1.1 'Open' Host Controller (OHCI) Driver
[    1.648193] ohci-pci: OHCI PCI platform driver
[    1.653015] ohci-platform: OHCI generic platform driver
[    1.658905] ohci-omap3: OHCI OMAP3 driver
[    1.663543] ohci-omap3 48064400.ohci: OHCI Host Controller
[    1.669403] ohci-omap3 48064400.ohci: new USB bus registered, assigned bus number 1
[    1.677917] ohci-omap3 48064400.ohci: irq 92, io mem 0x48064400
[    1.760498] hub 1-0:1.0: USB hub found
[    1.764587] hub 1-0:1.0: 3 ports detected
[    1.769866] SPEAr-ohci: OHCI SPEAr driver
[    1.774627] ohci-st: OHCI STMicroelectronics driver
[    1.780151] ohci-atmel: OHCI Atmel driver
[    1.784912] usbcore: registered new interface driver usb-storage
[    1.794433] mousedev: PS/2 mouse device common for all mice
[    1.808380] twl_rtc 48070000.i2c:twl@48:rtc: Power up reset detected.
[    1.815460] twl_rtc 48070000.i2c:twl@48:rtc: Enabling TWL-RTC
[    1.825927] twl_rtc 48070000.i2c:twl@48:rtc: rtc core: registered 48070000.i2c:twl@48 as rtc0
[    1.836425] i2c /dev entries driver
[    1.857238] sdhci: Secure Digital Host Controller Interface driver
[    1.863800] sdhci: Copyright(c) Pierre Ossman
[    1.906341] Synopsys Designware Multimedia Card Interface Driver
[    1.915191] sdhci-pltfm: SDHCI platform and OF driver helper
[    1.925354] leds_pwm pwmleds: unable to request PWM for beagleboard::pmu_stat: -517
[    1.934173] ledtrig-cpu: registered to indicate activity on CPUs
[    1.940887] usbcore: registered new interface driver usbhid
[    1.946777] usbhid: USB HID core driver
[    1.959625] NET: Registered protocol family 10
[    1.965606] sit: IPv6 over IPv4 tunneling driver
[    1.971618] NET: Registered protocol family 17
[    1.976348] can: controller area network core (rev 20120528 abi 9)
[    1.982971] NET: Registered protocol family 29
[    1.987670] can: raw protocol (rev 20120528)
[    1.992187] can: broadcast manager protocol (rev 20120528 t)
[    1.998168] can: netlink gateway (rev 20130117) max_hops=1
[    2.004821] Key type dns_resolver registered
[    2.009735] omap2_set_init_voltage: unable to find boot up OPP for vdd_mpu_iva
[    2.017333] omap2_set_init_voltage: unable to set vdd_mpu_iva
[    2.023406] omap2_set_init_voltage: unable to find boot up OPP for vdd_core
[    2.030731] omap2_set_init_voltage: unable to set vdd_core
[    2.041625] ThumbEE CPU extension supported.
[    2.046173] Registering SWP/SWPB emulation handler
[    2.154205] ehci-omap 48064800.ehci: EHCI Host Controller
[    2.159942] ehci-omap 48064800.ehci: new USB bus registered, assigned bus number 2
[    2.168121] ehci-omap 48064800.ehci: irq 93, io mem 0x48064800
[    2.184234] ehci-omap 48064800.ehci: USB 2.0 started, EHCI 1.00
[    2.191619] hub 2-0:1.0: USB hub found
[    2.195648] hub 2-0:1.0: 3 ports detected
[    2.202178] leds_pwm pwmleds: unable to request PWM for beagleboard::pmu_stat: -517
[    2.212493] input: gpio_keys as /devices/platform/gpio_keys/input/input0
[    2.221740] leds_pwm pwmleds: unable to request PWM for beagleboard::pmu_stat: -517
[    2.230468] twl_rtc 48070000.i2c:twl@48:rtc: setting system clock to 2000-01-01 00:00:00 UTC (946684800)
[    2.509185] usb 2-2: new high-speed USB device number 2 using ehci-omap
[    2.647033] hub 2-2:1.0: USB hub found
[    2.651245] hub 2-2:1.0: 5 ports detected
[    2.661712] leds_pwm pwmleds: unable to request PWM for beagleboard::pmu_stat: -517
[    2.939300] usb 2-2.1: new high-speed USB device number 3 using ehci-omap
[    3.054321] smsc95xx v1.0.4
[    3.119354] smsc95xx 2-2.1:1.0 eth0: register 'smsc95xx' at usb-48064800.ehci-2.1, smsc95xx USB 2.0 Ethernet, 7e:1e:8e:aa:d2:7f
[    3.135223] leds_pwm pwmleds: unable to request PWM for beagleboard::pmu_stat: -517
[    3.311431] smsc95xx 2-2.1:1.0 eth0: hardware isn't capable of remote wakeup
[    3.319366] IPv6: ADDRCONF(NETDEV_UP): eth0: link is not ready
[    3.639251] mmc0: card never left busy state
[    3.643768] mmc0: error -110 whilst initialising SD card
[    5.069213] IPv6: ADDRCONF(NETDEV_CHANGE): eth0: link becomes ready
[    5.077087] smsc95xx 2-2.1:1.0 eth0: link up, 100Mbps, full-duplex, lpa 0xC5E1
[    5.085357] Sending DHCP requests .
[    6.087402] Unable to handle kernel NULL pointer dereference at virtual address 0000000e
[    6.096191] pgd = c0204000
[    6.099090] [0000000e] *pgd=00000000
[    6.102874] Internal error: Oops: 5 [#1] SMP ARM
[    6.107727] Modules linked in:
[    6.110961] CPU: 0 PID: 0 Comm: swapper/0 Not tainted 4.3.0-rc1-next-20150917-00002-g96be00c16145 #1
[    6.120544] Hardware name: Generic OMAP36xx (Flattened Device Tree)
[    6.127136] task: c0e88428 ti: c0e82000 task.ti: c0e82000
[    6.132843] PC is at ip_route_input_noref+0x238/0x820
[    6.138153] LR is at dst_alloc+0x70/0x94
[    6.142303] pc : [<c08e4f40>]    lr : [<c08c8288>]    psr: 20000113
[    6.142303] sp : c0e83d18  ip : 1eb0a000  fp : 00000000
[    6.154357] r10: db549800  r9 : db52f300  r8 : ffffff8f
[    6.159851] r7 : c0f78580  r6 : db587c80  r5 : 00000000  r4 : db578f00
[    6.166717] r3 : 00000006  r2 : c08e3a18  r1 : 0000000a  r0 : db587c80
[    6.173583] Flags: nzCv  IRQs on  FIQs on  Mode SVC_32  ISA ARM  Segment none
[    6.181091] Control: 10c5387d  Table: 80204019  DAC: 00000051
[    6.187133] Process swapper/0 (pid: 0, stack limit = 0xc0e82220)
[    6.193450] Stack: (0xc0e83d18 to 0xc0e84000)
[    6.198028] 3d00:                                                       00000000 00000000
[    6.206634] 3d20: 00000006 00000000 00000042 dfd44400 00000000 00000003 00000000 db540000
[    6.215240] 3d40: 00004a00 db8421b8 00000000 00000000 0100a8c0 9800a8c0 00000000 db587b00
[    6.223876] 3d60: db54d000 00070000 00000020 00000000 00000006 db587b08 00000000 c075a2c8
[    6.232482] 3d80: 00000000 db578f00 db549800 db52f300 db5a8056 00000608 db5a805e c0f78580
[    6.241088] 3da0: db549800 c0916240 db549800 c08afe94 00004b40 00000020 c0e83df7 00000020
[    6.249694] 3dc0: c08afe94 00004b40 00000020 c08af798 db58e180 db001e00 c08b3020 00000000
[    6.258300] 3de0: db58e180 c08aff04 0100a8c0 9800a8c0 db578f00 c0e86c98 db549848 db549800
[    6.266906] 3e00: 00000608 db54985c c0e83e2c c08b9dc8 db587b00 00000000 a0000193 db58e180
[    6.275512] 3e20: 00000006 db578f00 00000006 db54985c 00000080 df98b9f8 00000000 00000000
[    6.284149] 3e40: df98b988 00000040 df98b9f0 df98b9e4 1eb0a000 c08bd784 df98b9f8 00000001
[    6.292755] 3e60: 00000040 0000012c ffff1a63 c0e81980 c0e83e88 c08bdfbc db578f00 c0e84100
[    6.301361] 3e80: c0e83e90 df98b980 c0e83e88 c0e83e88 c0e83e90 c0e83e90 db549dfc 00000000
[    6.309967] 3ea0: c0e8408c 00000100 c0e84080 c0e7d308 00000003 c0f85c00 00000003 c024dfc0
[    6.318572] 3ec0: db00a720 00000000 c0e84080 00000008 ffff1a62 00200000 c028e000 c0e7e494
[    6.327178] 3ee0: 00000000 00000000 0000004d db003000 00000001 6ab6d103 00000001 c024e3a4
[    6.335815] 3f00: c0e7e494 c02891f8 c080dc34 60000113 ffffffff c0e83f54 6ae3fc50 c0214654
[    6.344421] 3f20: 00000000 c0e8cf14 1eb0a000 df98b0c0 c0e8cf14 00000000 df98a5d0 00000000
[    6.353027] 3f40: 6ae3fc50 00000001 6ab6d103 00000001 00000010 c0e83f70 c080dc2c c080dc34
[    6.361633] 3f60: 60000113 ffffffff 00000051 c080dc14 0047acb3 00000000 00000000 00000000
[    6.370239] 3f80: 6ae3fc50 00000001 c0e844a4 c0e84504 c0e844a4 df98a5d0 c0e805c8 c0e8450c
[    6.378845] 3fa0: 00000001 c0e7d364 c0e8cf14 c027e4b0 000000fe c0f83000 00000000 c0d82bf0
[    6.387451] 3fc0: ffffffff ffffffff 00000000 c0d82668 00000000 c0e1aa28 00000000 c0f835d4
[    6.396087] 3fe0: c0e84480 c0e1aa24 c0e8952c 80204059 00000000 8020807c 00000000 00000000
[    6.404724] [<c08e4f40>] (ip_route_input_noref) from [<c0916240>] (arp_process+0x318/0x5d4)
[    6.413513] [<c0916240>] (arp_process) from [<c08b9dc8>] (__netif_receive_skb_core+0x304/0x764)
[    6.422698] [<c08b9dc8>] (__netif_receive_skb_core) from [<c08bd784>] (process_backlog+0x7c/0x138)
[    6.432128] [<c08bd784>] (process_backlog) from [<c08bdfbc>] (net_rx_action+0xf8/0x2d4)
[    6.440551] [<c08bdfbc>] (net_rx_action) from [<c024dfc0>] (__do_softirq+0xe4/0x230)
[    6.448730] [<c024dfc0>] (__do_softirq) from [<c024e3a4>] (irq_exit+0xa8/0x114)
[    6.456420] [<c024e3a4>] (irq_exit) from [<c02891f8>] (__handle_domain_irq+0x58/0xac)
[    6.464660] [<c02891f8>] (__handle_domain_irq) from [<c0214654>] (__irq_svc+0x54/0x70)
[    6.473022] [<c0214654>] (__irq_svc) from [<c080dc34>] (cpuidle_enter_state+0xe8/0x280)
[    6.481445] [<c080dc34>] (cpuidle_enter_state) from [<c027e4b0>] (cpu_startup_entry+0x17c/0x24c)
[    6.490722] [<c027e4b0>] (cpu_startup_entry) from [<c0d82bf0>] (start_kernel+0x358/0x3c0)
[    6.499328] [<c0d82bf0>] (start_kernel) from [<8020807c>] (0x8020807c)
[    6.506195] Code: e5c6205e e59f25cc e3530000 e586202c (15933008) 
[    6.512695] ---[ end trace cb5909d2f523c9dd ]---
[    6.517608] Kernel panic - not syncing: Fatal exception in interrupt
[    6.524291] ---[ end Kernel panic - not syncing: Fatal exception in interrupt
[   34.574127] random: nonblocking pool is initialized
- 06:51:29 [INFO] Boot attempt 1/1 failed
URL:gtsystest.telogy.design.ti.com/vatf/tigtfarm06/tigtfarm06_vatf@beagleboard1/tigtfarm0609_17_2015_06_48_18/files/session_iteration_1/test_1
