- 02:21:16 [INFO] Starting target session
- 02:21:16 [INFO] Connected to beaglebone via serial 
- 02:21:16 [INFO] Host: #check prompt
- 02:21:19 [ERROR] On command: #check prompt waiting for #check prompt.+?(?-mix:((?-mix:login:)|[Pp]assword)) >>> error: execution expired
- 02:21:19 [INFO] Target: 
- 02:21:19 [INFO] Host: #check prompt
- 02:21:21 [ERROR] On command: #check prompt waiting for #check prompt.+?(?-mix:[\w\d]+@.+[@:#]+) >>> error: execution expired
- 02:21:21 [INFO] Target: 
- 02:21:21 [INFO] Host: #check prompt
- 02:21:23 [ERROR] On command: #check prompt waiting for #check prompt.+?(?-mix:[\w\d]+@.+[@:#]+) >>> error: execution expired
- 02:21:23 [INFO] Target: 
- 02:21:23 [INFO] Host: #check prompt
- 02:21:25 [ERROR] On command: #check prompt waiting for #check prompt.+?(?-mix:[\w\d]+@.+[@:#]+) >>> error: execution expired
- 02:21:25 [INFO] Target: 
- 02:21:25 [INFO] Disconnected serial from beaglebone
- 02:21:30 [INFO] Connected to beaglebone via serial 
- 02:21:30 [INFO] Host: 
- 02:21:33 [INFO] Target: 
U-Boot SPL 2014.07-g67b4cea (Mar 20 2015 - 13:25:28)
reading args
spl_load_image_fat_os: error reading image args, err - -1
reading u-boot.img
reading u-boot.img
U-Boot 2014.07-g67b4cea (Mar 20 2015 - 13:25:28)
I2C:   ready
DRAM:  256 MiB
NAND:  0 MiB
MMC:   OMAP SD/MMC: 0, OMAP SD/MMC: 1
reading uboot.env
** Unable to read "uboot.env" from mmc0:1 **
Using default environment
Net:   <ethaddr> not set. Validating first E-fuse MAC
cpsw, usb_ether
Hit any key to stop autoboot:  1  0 
U-Boot# 
U-Boot# 
U-Boot# 
U-Boot# 
U-Boot# 
U-Boot# 
U-Boot# 
U-Boot# 
U-Boot# 
U-Boot# 
- 02:21:33 [INFO] Host: 
- 02:21:33 [INFO] Target: 
U-Boot# 
- 02:21:33 [INFO] Host: version
- 02:21:33 [INFO] Target: 
version
U-Boot 2014.07-g67b4cea (Mar 20 2015 - 13:25:28)
arm-linux-gnueabihf-gcc (crosstool-NG linaro-1.13.1-4.7-2013.03-20130313 - Linaro GCC 2013.03) 4.7.3 20130226 (prerelease)
GNU ld (crosstool-NG linaro-1.13.1-4.7-2013.03-20130313 - Linaro GCC 2013.03) 2.23.1
U-Boot# 
- 02:21:33 [INFO] Host: setenv bootargs 'console=ttyO0,115200n8 earlyprintk rootwait '
- 02:21:33 [INFO] Target: 
setenv bootargs 'console=ttyO0,115200n8 earlyprintk rootwait '
U-Boot# 
- 02:21:33 [INFO] Host: setenv bootcmd  ''
- 02:21:33 [INFO] Target: 
setenv bootcmd  ''
U-Boot# 
- 02:21:33 [INFO] Host: setenv autoload 'no'
- 02:21:33 [INFO] Target: 
setenv autoload 'no'
U-Boot# 
- 02:21:33 [INFO] Host: setenv serverip '192.168.0.1'
- 02:21:34 [INFO] Target: 
setenv serverip '192.168.0.1'
U-Boot# 
- 02:21:34 [INFO] Host: printenv
- 02:21:34 [INFO] Target: 
printenv
arch=arm
autoload=no
baudrate=115200
board=am335x
board_name=A335BONE
board_rev=00A6
boot_fdt=try
bootargs=console=ttyO0,115200n8 earlyprintk rootwait 
bootcmd=
bootcount=1
bootdelay=1
bootdir=/boot
bootenv=uEnv.txt
bootfile=zImage
bootm_size=0x10000000
bootpart=0:2
console=ttyO0,115200n8
cpu=armv7
dfu_alt_info_emmc=rawemmc raw 0 3751936;boot part 1 1;rootfs part 1 2;MLO fat 1 1;MLO.raw raw 0x100 0x100;u-boot.img.raw raw 0x300 0x400;spl-os-args.raw raw 0x80 0x80;spl-os-image.raw raw 0x900 0x2000;spl-os-args fat 1 1;spl-os-image fat 1 1;u-boot.img fat 1 1;uEnv.txt fat 1 1
dfu_alt_info_mmc=boot part 0 1;rootfs part 0 2;MLO fat 0 1;MLO.raw raw 0x100 0x100;u-boot.img.raw raw 0x300 0x400;spl-os-args.raw raw 0x80 0x80;spl-os-image.raw raw 0x900 0x2000;spl-os-args fat 0 1;spl-os-image fat 0 1;u-boot.img fat 0 1;uEnv.txt fat 0 1
dfu_alt_info_nand=SPL part 0 1;SPL.backup1 part 0 2;SPL.backup2 part 0 3;SPL.backup3 part 0 4;u-boot part 0 5;u-boot-spl-os part 0 6;kernel part 0 8;rootfs part 0 9
dfu_alt_info_ram=kernel ram 0x80200000 0xD80000;fdt ram 0x80F80000 0x80000;ramdisk ram 0x81000000 0x4000000
eth1addr=78:c5:e5:d9:d6:07
ethact=cpsw
ethaddr=78:c5:e5:d9:d6:06
fdt_addr_r=0x88000000
fdtaddr=0x88000000
fdtfile=undefined
findfdt=if test $board_name = A335BONE; then setenv fdtfile am335x-bone.dtb; fi; if test $board_name = A335BNLT; then setenv fdtfile am335x-boneblack.dtb; fi; if test $board_name = A33515BB; then setenv fdtfile am335x-evm.dtb; fi; if test $board_name = A335X_SK; then setenv fdtfile am335x-evmsk.dtb; fi; if test $fdtfile = undefined; then echo WARNING: Could not determine device tree to use; fi; 
importbootenv=echo Importing environment from mmc ...; env import -t -r $loadaddr $filesize
kernel_addr_r=0x82000000
loadaddr=0x82000000
loadbootenv=load mmc ${mmcdev} ${loadaddr} ${bootenv}
loadfdt=load mmc ${bootpart} ${fdtaddr} ${bootdir}/${fdtfile}
loadimage=load mmc ${bootpart} ${loadaddr} ${bootdir}/${bootfile}
loadramdisk=load mmc ${mmcdev} ${rdaddr} ramdisk.gz
mmcargs=setenv bootargs console=${console} ${optargs} root=${mmcroot} rootfstype=${mmcrootfstype}
mmcboot=mmc dev ${mmcdev}; if mmc rescan; then echo SD/MMC found on device ${mmcdev};if run loadbootenv; then echo Loaded environment from ${bootenv};run importbootenv;fi;if test -n $uenvcmd; then echo Running uenvcmd ...;run uenvcmd;fi;if run loadimage; then run mmcloados;fi;fi;
mmcdev=0
mmcloados=run mmcargs; if test ${boot_fdt} = yes || test ${boot_fdt} = try; then if run loadfdt; then bootz ${loadaddr} - ${fdtaddr}; else if test ${boot_fdt} = try; then bootz; else echo WARN: Cannot load the DT; fi; fi; else bootz; fi;
mmcroot=/dev/mmcblk0p2 ro
mmcrootfstype=ext4 rootwait
mtdids=nand0=nand.0
mtdparts=mtdparts=nand.0:128k(NAND.SPL),128k(NAND.SPL.backup1),128k(NAND.SPL.backup2),128k(NAND.SPL.backup3),256k(NAND.u-boot-spl-os),1m(NAND.u-boot),128k(NAND.u-boot-env),128k(NAND.u-boot-env.backup1),8m(NAND.kernel),-(NAND.file-system)
nandargs=setenv bootargs console=${console} ${optargs} root=${nandroot} rootfstype=${nandrootfstype}
nandboot=echo Booting from nand ...; run nandargs; nand read ${fdtaddr} NAND.u-boot-spl-os; nand read ${loadaddr} NAND.kernel; bootz ${loadaddr} - ${fdtaddr}
nandroot=ubi0:rootfs rw ubi.mtd=NAND.file-system,2048
nandrootfstype=ubifs rootwait=1
netargs=setenv bootargs console=${console} ${optargs} root=/dev/nfs nfsroot=${serverip}:${rootpath},${nfsopts} rw ip=dhcp
netboot=echo Booting from network ...; setenv autoload no; dhcp; tftp ${loadaddr} ${bootfile}; tftp ${fdtaddr} ${fdtfile}; run netargs; bootz ${loadaddr} - ${fdtaddr}
nfsopts=nolock
partitions=uuid_disk=${uuid_gpt_disk};name=rootfs,start=2MiB,size=-,uuid=${uuid_gpt_rootfs}
ramargs=setenv bootargs console=${console} ${optargs} root=${ramroot} rootfstype=${ramrootfstype}
ramboot=echo Booting from ramdisk ...; run ramargs; bootz ${loadaddr} ${rdaddr} ${fdtaddr}
ramdisk_addr_r=0x88080000
ramroot=/dev/ram0 rw
ramrootfstype=ext2
rdaddr=0x88080000
rootpath=/export/rootfs
serverip=192.168.0.1
soc=am33xx
spiargs=setenv bootargs console=${console} ${optargs} root=${spiroot} rootfstype=${spirootfstype}
spiboot=echo Booting from spi ...; run spiargs; sf probe ${spibusno}:0; sf read ${loadaddr} ${spisrcaddr} ${spiimgsize}; bootz ${loadaddr}
spibusno=0
spiimgsize=0x362000
spiroot=/dev/mtdblock4 rw
spirootfstype=jffs2
spisrcaddr=0xe0000
static_ip=${ipaddr}:${serverip}:${gatewayip}:${netmask}:${hostname}::off
stderr=serial
stdin=serial
stdout=serial
usbnet_devaddr=78:c5:e5:d9:d6:07
vendor=ti
ver=U-Boot 2014.07-g67b4cea (Mar 20 2015 - 13:25:28)
Environment size: 4702/131068 bytes
U-Boot# 
- 02:21:34 [INFO] Host: setenv _initramfs -
- 02:21:34 [INFO] Target: 
setenv _initramfs -
U-Boot# 
- 02:21:34 [INFO] Host: printenv
- 02:21:35 [INFO] Target: 
printenv
_initramfs=-
arch=arm
autoload=no
baudrate=115200
board=am335x
board_name=A335BONE
board_rev=00A6
boot_fdt=try
bootargs=console=ttyO0,115200n8 earlyprintk rootwait 
bootcmd=
bootcount=1
bootdelay=1
bootdir=/boot
bootenv=uEnv.txt
bootfile=zImage
bootm_size=0x10000000
bootpart=0:2
console=ttyO0,115200n8
cpu=armv7
dfu_alt_info_emmc=rawemmc raw 0 3751936;boot part 1 1;rootfs part 1 2;MLO fat 1 1;MLO.raw raw 0x100 0x100;u-boot.img.raw raw 0x300 0x400;spl-os-args.raw raw 0x80 0x80;spl-os-image.raw raw 0x900 0x2000;spl-os-args fat 1 1;spl-os-image fat 1 1;u-boot.img fat 1 1;uEnv.txt fat 1 1
dfu_alt_info_mmc=boot part 0 1;rootfs part 0 2;MLO fat 0 1;MLO.raw raw 0x100 0x100;u-boot.img.raw raw 0x300 0x400;spl-os-args.raw raw 0x80 0x80;spl-os-image.raw raw 0x900 0x2000;spl-os-args fat 0 1;spl-os-image fat 0 1;u-boot.img fat 0 1;uEnv.txt fat 0 1
dfu_alt_info_nand=SPL part 0 1;SPL.backup1 part 0 2;SPL.backup2 part 0 3;SPL.backup3 part 0 4;u-boot part 0 5;u-boot-spl-os part 0 6;kernel part 0 8;rootfs part 0 9
dfu_alt_info_ram=kernel ram 0x80200000 0xD80000;fdt ram 0x80F80000 0x80000;ramdisk ram 0x81000000 0x4000000
eth1addr=78:c5:e5:d9:d6:07
ethact=cpsw
ethaddr=78:c5:e5:d9:d6:06
fdt_addr_r=0x88000000
fdtaddr=0x88000000
fdtfile=undefined
findfdt=if test $board_name = A335BONE; then setenv fdtfile am335x-bone.dtb; fi; if test $board_name = A335BNLT; then setenv fdtfile am335x-boneblack.dtb; fi; if test $board_name = A33515BB; then setenv fdtfile am335x-evm.dtb; fi; if test $board_name = A335X_SK; then setenv fdtfile am335x-evmsk.dtb; fi; if test $fdtfile = undefined; then echo WARNING: Could not determine device tree to use; fi; 
importbootenv=echo Importing environment from mmc ...; env import -t -r $loadaddr $filesize
kernel_addr_r=0x82000000
loadaddr=0x82000000
loadbootenv=load mmc ${mmcdev} ${loadaddr} ${bootenv}
loadfdt=load mmc ${bootpart} ${fdtaddr} ${bootdir}/${fdtfile}
loadimage=load mmc ${bootpart} ${loadaddr} ${bootdir}/${bootfile}
loadramdisk=load mmc ${mmcdev} ${rdaddr} ramdisk.gz
mmcargs=setenv bootargs console=${console} ${optargs} root=${mmcroot} rootfstype=${mmcrootfstype}
mmcboot=mmc dev ${mmcdev}; if mmc rescan; then echo SD/MMC found on device ${mmcdev};if run loadbootenv; then echo Loaded environment from ${bootenv};run importbootenv;fi;if test -n $uenvcmd; then echo Running uenvcmd ...;run uenvcmd;fi;if run loadimage; then run mmcloados;fi;fi;
mmcdev=0
mmcloados=run mmcargs; if test ${boot_fdt} = yes || test ${boot_fdt} = try; then if run loadfdt; then bootz ${loadaddr} - ${fdtaddr}; else if test ${boot_fdt} = try; then bootz; else echo WARN: Cannot load the DT; fi; fi; else bootz; fi;
mmcroot=/dev/mmcblk0p2 ro
mmcrootfstype=ext4 rootwait
mtdids=nand0=nand.0
mtdparts=mtdparts=nand.0:128k(NAND.SPL),128k(NAND.SPL.backup1),128k(NAND.SPL.backup2),128k(NAND.SPL.backup3),256k(NAND.u-boot-spl-os),1m(NAND.u-boot),128k(NAND.u-boot-env),128k(NAND.u-boot-env.backup1),8m(NAND.kernel),-(NAND.file-system)
nandargs=setenv bootargs console=${console} ${optargs} root=${nandroot} rootfstype=${nandrootfstype}
nandboot=echo Booting from nand ...; run nandargs; nand read ${fdtaddr} NAND.u-boot-spl-os; nand read ${loadaddr} NAND.kernel; bootz ${loadaddr} - ${fdtaddr}
nandroot=ubi0:rootfs rw ubi.mtd=NAND.file-system,2048
nandrootfstype=ubifs rootwait=1
netargs=setenv bootargs console=${console} ${optargs} root=/dev/nfs nfsroot=${serverip}:${rootpath},${nfsopts} rw ip=dhcp
netboot=echo Booting from network ...; setenv autoload no; dhcp; tftp ${loadaddr} ${bootfile}; tftp ${fdtaddr} ${fdtfile}; run netargs; bootz ${loadaddr} - ${fdtaddr}
nfsopts=nolock
partitions=uuid_disk=${uuid_gpt_disk};name=rootfs,start=2MiB,size=-,uuid=${uuid_gpt_rootfs}
ramargs=setenv bootargs console=${console} ${optargs} root=${ramroot} rootfstype=${ramrootfstype}
ramboot=echo Booting from ramdisk ...; run ramargs; bootz ${loadaddr} ${rdaddr} ${fdtaddr}
ramdisk_addr_r=0x88080000
ramroot=/dev/ram0 rw
ramrootfstype=ext2
rdaddr=0x88080000
rootpath=/export/rootfs
serverip=192.168.0.1
soc=am33xx
spiargs=setenv bootargs console=${console} ${optargs} root=${spiroot} rootfstype=${spirootfstype}
spiboot=echo Booting from spi ...; run spiargs; sf probe ${spibusno}:0; sf read ${loadaddr} ${spisrcaddr} ${spiimgsize}; bootz ${loadaddr}
spibusno=0
spiimgsize=0x362000
spiroot=/dev/mtdblock4 rw
spirootfstype=jffs2
spisrcaddr=0xe0000
static_ip=${ipaddr}:${serverip}:${gatewayip}:${netmask}:${hostname}::off
stderr=serial
stdin=serial
stdout=serial
usbnet_devaddr=78:c5:e5:d9:d6:07
vendor=ti
ver=U-Boot 2014.07-g67b4cea (Mar 20 2015 - 13:25:28)
Environment size: 4717/131068 bytes
U-Boot# 
- 02:21:35 [INFO] Host: setenv bootargs ''${bootargs}' ip=:::::eth0:dhcp '
- 02:21:35 [INFO] Target: 
setenv bootargs ''${bootargs}' ip=:::::eth0:dhcp '
U-Boot# 
- 02:21:35 [INFO] Host: setenv serverip '192.168.0.1'
- 02:21:35 [INFO] Target: 
setenv serverip '192.168.0.1'
U-Boot# 
- 02:21:35 [INFO] Host: setenv autoload 'no'
- 02:21:35 [INFO] Target: 
setenv autoload 'no'
U-Boot# 
- 02:21:35 [INFO] Host: dhcp
- 02:21:36 [INFO] Target: 
dhcp
link up on port 0, speed 100, full duplex
BOOTP broadcast 1
DHCP client bound to address 192.168.0.209
U-Boot# 
- 02:21:36 [INFO] Host: tftp ${loadaddr} 192.168.0.1:vatf_bbw1/5e08f52195cd4bdc2e720f84d054e74e
- 02:21:38 [INFO] Target: 
tftp ${loadaddr} 192.168.0.1:vatf_bbw1/5e08f52195cd4bdc2e720f84d054e74e
link up on port 0, speed 100, full duplex
Using cpsw device
TFTP from server 192.168.0.1; our IP address is 192.168.0.209
Filename 'vatf_bbw1/5e08f52195cd4bdc2e720f84d054e74e'.
Load address: 0x82000000
Loading: *#################################################################
	 #################################################################
	 #################################################################
	 #################################################################
	 #################################################################
	 #################################################################
	 #################################################################
	 ####
	 3.6 MiB/s
done
Bytes transferred = 6724712 (669c68 hex)
U-Boot# 
- 02:21:38 [INFO] Host: tftp ${fdtaddr} 192.168.0.1:vatf_bbw1/04b1403351ca37ddad9ef46aeef9bb90
- 02:21:38 [INFO] Target: 
tftp ${fdtaddr} 192.168.0.1:vatf_bbw1/04b1403351ca37ddad9ef46aeef9bb90
link up on port 0, speed 100, full duplex
Using cpsw device
TFTP from server 192.168.0.1; our IP address is 192.168.0.209
Filename 'vatf_bbw1/04b1403351ca37ddad9ef46aeef9bb90'.
Load address: 0x88000000
Loading: *###
	 2.7 MiB/s
done
Bytes transferred = 31600 (7b70 hex)
U-Boot# 
- 02:21:38 [INFO] Host: ls mmc 0:1
- 02:21:38 [INFO] Target: 
ls mmc 0:1
    77192   mlo 
   446424   u-boot.img 
       14   .ipaddr 
        4   ws-calibrate.rules 
        0   pointercal 
5 file(s), 0 dir(s)
U-Boot# 
- 02:21:38 [INFO] Host: ls mmc 0:2
- 02:21:38 [INFO] Target: 
ls mmc 0:2
<DIR>       4096 .
<DIR>       4096 ..
<DIR>       4096 include
<DIR>       4096 srv
<DIR>       4096 home
<DIR>       4096 media
<DIR>       4096 opt
<DIR>       4096 var
<DIR>       4096 sys
<DIR>       4096 boot
<DIR>       4096 dev
<DIR>       4096 usr
<DIR>       4096 bin
<DIR>       4096 mnt
<DIR>       4096 etc
<DIR>       4096 sbin
<DIR>       4096 www
<SYM>          8 tmp
<DIR>       4096 proc
<DIR>       4096 run
<DIR>       4096 lib
<DIR>       4096 test
U-Boot# 
- 02:21:38 [INFO] Host: part uuid mmc 0:2
- 02:21:38 [INFO] Target: 
part uuid mmc 0:2
00000000-02
U-Boot# 
- 02:21:38 [INFO] Host: printenv
- 02:21:39 [INFO] Target: 
printenv
_initramfs=-
arch=arm
autoload=no
baudrate=115200
board=am335x
board_name=A335BONE
board_rev=00A6
boot_fdt=try
bootargs=console=ttyO0,115200n8 earlyprintk rootwait  ip=:::::eth0:dhcp 
bootcmd=
bootcount=1
bootdelay=1
bootdir=/boot
bootenv=uEnv.txt
bootfile=zImage
bootm_size=0x10000000
bootpart=0:2
console=ttyO0,115200n8
cpu=armv7
dfu_alt_info_emmc=rawemmc raw 0 3751936;boot part 1 1;rootfs part 1 2;MLO fat 1 1;MLO.raw raw 0x100 0x100;u-boot.img.raw raw 0x300 0x400;spl-os-args.raw raw 0x80 0x80;spl-os-image.raw raw 0x900 0x2000;spl-os-args fat 1 1;spl-os-image fat 1 1;u-boot.img fat 1 1;uEnv.txt fat 1 1
dfu_alt_info_mmc=boot part 0 1;rootfs part 0 2;MLO fat 0 1;MLO.raw raw 0x100 0x100;u-boot.img.raw raw 0x300 0x400;spl-os-args.raw raw 0x80 0x80;spl-os-image.raw raw 0x900 0x2000;spl-os-args fat 0 1;spl-os-image fat 0 1;u-boot.img fat 0 1;uEnv.txt fat 0 1
dfu_alt_info_nand=SPL part 0 1;SPL.backup1 part 0 2;SPL.backup2 part 0 3;SPL.backup3 part 0 4;u-boot part 0 5;u-boot-spl-os part 0 6;kernel part 0 8;rootfs part 0 9
dfu_alt_info_ram=kernel ram 0x80200000 0xD80000;fdt ram 0x80F80000 0x80000;ramdisk ram 0x81000000 0x4000000
dnsip=192.0.2.2
dnsip2=192.0.2.3
eth1addr=78:c5:e5:d9:d6:07
ethact=cpsw
ethaddr=78:c5:e5:d9:d6:06
fdt_addr_r=0x88000000
fdtaddr=0x88000000
fdtfile=undefined
fileaddr=88000000
filesize=7b70
findfdt=if test $board_name = A335BONE; then setenv fdtfile am335x-bone.dtb; fi; if test $board_name = A335BNLT; then setenv fdtfile am335x-boneblack.dtb; fi; if test $board_name = A33515BB; then setenv fdtfile am335x-evm.dtb; fi; if test $board_name = A335X_SK; then setenv fdtfile am335x-evmsk.dtb; fi; if test $fdtfile = undefined; then echo WARNING: Could not determine device tree to use; fi; 
gatewayip=192.168.0.1
importbootenv=echo Importing environment from mmc ...; env import -t -r $loadaddr $filesize
ipaddr=192.168.0.209
kernel_addr_r=0x82000000
loadaddr=0x82000000
loadbootenv=load mmc ${mmcdev} ${loadaddr} ${bootenv}
loadfdt=load mmc ${bootpart} ${fdtaddr} ${bootdir}/${fdtfile}
loadimage=load mmc ${bootpart} ${loadaddr} ${bootdir}/${bootfile}
loadramdisk=load mmc ${mmcdev} ${rdaddr} ramdisk.gz
mmcargs=setenv bootargs console=${console} ${optargs} root=${mmcroot} rootfstype=${mmcrootfstype}
mmcboot=mmc dev ${mmcdev}; if mmc rescan; then echo SD/MMC found on device ${mmcdev};if run loadbootenv; then echo Loaded environment from ${bootenv};run importbootenv;fi;if test -n $uenvcmd; then echo Running uenvcmd ...;run uenvcmd;fi;if run loadimage; then run mmcloados;fi;fi;
mmcdev=0
mmcloados=run mmcargs; if test ${boot_fdt} = yes || test ${boot_fdt} = try; then if run loadfdt; then bootz ${loadaddr} - ${fdtaddr}; else if test ${boot_fdt} = try; then bootz; else echo WARN: Cannot load the DT; fi; fi; else bootz; fi;
mmcroot=/dev/mmcblk0p2 ro
mmcrootfstype=ext4 rootwait
mtdids=nand0=nand.0
mtdparts=mtdparts=nand.0:128k(NAND.SPL),128k(NAND.SPL.backup1),128k(NAND.SPL.backup2),128k(NAND.SPL.backup3),256k(NAND.u-boot-spl-os),1m(NAND.u-boot),128k(NAND.u-boot-env),128k(NAND.u-boot-env.backup1),8m(NAND.kernel),-(NAND.file-system)
nandargs=setenv bootargs console=${console} ${optargs} root=${nandroot} rootfstype=${nandrootfstype}
nandboot=echo Booting from nand ...; run nandargs; nand read ${fdtaddr} NAND.u-boot-spl-os; nand read ${loadaddr} NAND.kernel; bootz ${loadaddr} - ${fdtaddr}
nandroot=ubi0:rootfs rw ubi.mtd=NAND.file-system,2048
nandrootfstype=ubifs rootwait=1
netargs=setenv bootargs console=${console} ${optargs} root=/dev/nfs nfsroot=${serverip}:${rootpath},${nfsopts} rw ip=dhcp
netboot=echo Booting from network ...; setenv autoload no; dhcp; tftp ${loadaddr} ${bootfile}; tftp ${fdtaddr} ${fdtfile}; run netargs; bootz ${loadaddr} - ${fdtaddr}
netmask=255.255.255.0
nfsopts=nolock
partitions=uuid_disk=${uuid_gpt_disk};name=rootfs,start=2MiB,size=-,uuid=${uuid_gpt_rootfs}
ramargs=setenv bootargs console=${console} ${optargs} root=${ramroot} rootfstype=${ramrootfstype}
ramboot=echo Booting from ramdisk ...; run ramargs; bootz ${loadaddr} ${rdaddr} ${fdtaddr}
ramdisk_addr_r=0x88080000
ramroot=/dev/ram0 rw
ramrootfstype=ext2
rdaddr=0x88080000
rootpath=/export/rootfs
serverip=192.168.0.1
soc=am33xx
spiargs=setenv bootargs console=${console} ${optargs} root=${spiroot} rootfstype=${spirootfstype}
spiboot=echo Booting from spi ...; run spiargs; sf probe ${spibusno}:0; sf read ${loadaddr} ${spisrcaddr} ${spiimgsize}; bootz ${loadaddr}
spibusno=0
spiimgsize=0x362000
spiroot=/dev/mtdblock4 rw
spirootfstype=jffs2
spisrcaddr=0xe0000
static_ip=${ipaddr}:${serverip}:${gatewayip}:${netmask}:${hostname}::off
stderr=serial
stdin=serial
stdout=serial
usbnet_devaddr=78:c5:e5:d9:d6:07
vendor=ti
ver=U-Boot 2014.07-g67b4cea (Mar 20 2015 - 13:25:28)
Environment size: 4880/131068 bytes
U-Boot# 
- 02:21:39 [INFO] Host: setenv bootargs ''${bootargs}' root=PARTUUID=00000000-02 rw rootfstype=ext4 rootwait '
- 02:21:39 [INFO] Target: 
setenv bootargs ''${bootargs}' root=PARTUUID=00000000-02 rw rootfstype=ext4 rootwait '
U-Boot# 
- 02:21:39 [INFO] Host: printenv
- 02:21:40 [INFO] Target: 
printenv
_initramfs=-
arch=arm
autoload=no
baudrate=115200
board=am335x
board_name=A335BONE
board_rev=00A6
boot_fdt=try
bootargs=console=ttyO0,115200n8 earlyprintk rootwait  ip=:::::eth0:dhcp  root=PARTUUID=00000000-02 rw rootfstype=ext4 rootwait 
bootcmd=
bootcount=1
bootdelay=1
bootdir=/boot
bootenv=uEnv.txt
bootfile=zImage
bootm_size=0x10000000
bootpart=0:2
console=ttyO0,115200n8
cpu=armv7
dfu_alt_info_emmc=rawemmc raw 0 3751936;boot part 1 1;rootfs part 1 2;MLO fat 1 1;MLO.raw raw 0x100 0x100;u-boot.img.raw raw 0x300 0x400;spl-os-args.raw raw 0x80 0x80;spl-os-image.raw raw 0x900 0x2000;spl-os-args fat 1 1;spl-os-image fat 1 1;u-boot.img fat 1 1;uEnv.txt fat 1 1
dfu_alt_info_mmc=boot part 0 1;rootfs part 0 2;MLO fat 0 1;MLO.raw raw 0x100 0x100;u-boot.img.raw raw 0x300 0x400;spl-os-args.raw raw 0x80 0x80;spl-os-image.raw raw 0x900 0x2000;spl-os-args fat 0 1;spl-os-image fat 0 1;u-boot.img fat 0 1;uEnv.txt fat 0 1
dfu_alt_info_nand=SPL part 0 1;SPL.backup1 part 0 2;SPL.backup2 part 0 3;SPL.backup3 part 0 4;u-boot part 0 5;u-boot-spl-os part 0 6;kernel part 0 8;rootfs part 0 9
dfu_alt_info_ram=kernel ram 0x80200000 0xD80000;fdt ram 0x80F80000 0x80000;ramdisk ram 0x81000000 0x4000000
dnsip=192.0.2.2
dnsip2=192.0.2.3
eth1addr=78:c5:e5:d9:d6:07
ethact=cpsw
ethaddr=78:c5:e5:d9:d6:06
fdt_addr_r=0x88000000
fdtaddr=0x88000000
fdtfile=undefined
fileaddr=88000000
filesize=7b70
findfdt=if test $board_name = A335BONE; then setenv fdtfile am335x-bone.dtb; fi; if test $board_name = A335BNLT; then setenv fdtfile am335x-boneblack.dtb; fi; if test $board_name = A33515BB; then setenv fdtfile am335x-evm.dtb; fi; if test $board_name = A335X_SK; then setenv fdtfile am335x-evmsk.dtb; fi; if test $fdtfile = undefined; then echo WARNING: Could not determine device tree to use; fi; 
gatewayip=192.168.0.1
importbootenv=echo Importing environment from mmc ...; env import -t -r $loadaddr $filesize
ipaddr=192.168.0.209
kernel_addr_r=0x82000000
loadaddr=0x82000000
loadbootenv=load mmc ${mmcdev} ${loadaddr} ${bootenv}
loadfdt=load mmc ${bootpart} ${fdtaddr} ${bootdir}/${fdtfile}
loadimage=load mmc ${bootpart} ${loadaddr} ${bootdir}/${bootfile}
loadramdisk=load mmc ${mmcdev} ${rdaddr} ramdisk.gz
mmcargs=setenv bootargs console=${console} ${optargs} root=${mmcroot} rootfstype=${mmcrootfstype}
mmcboot=mmc dev ${mmcdev}; if mmc rescan; then echo SD/MMC found on device ${mmcdev};if run loadbootenv; then echo Loaded environment from ${bootenv};run importbootenv;fi;if test -n $uenvcmd; then echo Running uenvcmd ...;run uenvcmd;fi;if run loadimage; then run mmcloados;fi;fi;
mmcdev=0
mmcloados=run mmcargs; if test ${boot_fdt} = yes || test ${boot_fdt} = try; then if run loadfdt; then bootz ${loadaddr} - ${fdtaddr}; else if test ${boot_fdt} = try; then bootz; else echo WARN: Cannot load the DT; fi; fi; else bootz; fi;
mmcroot=/dev/mmcblk0p2 ro
mmcrootfstype=ext4 rootwait
mtdids=nand0=nand.0
mtdparts=mtdparts=nand.0:128k(NAND.SPL),128k(NAND.SPL.backup1),128k(NAND.SPL.backup2),128k(NAND.SPL.backup3),256k(NAND.u-boot-spl-os),1m(NAND.u-boot),128k(NAND.u-boot-env),128k(NAND.u-boot-env.backup1),8m(NAND.kernel),-(NAND.file-system)
nandargs=setenv bootargs console=${console} ${optargs} root=${nandroot} rootfstype=${nandrootfstype}
nandboot=echo Booting from nand ...; run nandargs; nand read ${fdtaddr} NAND.u-boot-spl-os; nand read ${loadaddr} NAND.kernel; bootz ${loadaddr} - ${fdtaddr}
nandroot=ubi0:rootfs rw ubi.mtd=NAND.file-system,2048
nandrootfstype=ubifs rootwait=1
netargs=setenv bootargs console=${console} ${optargs} root=/dev/nfs nfsroot=${serverip}:${rootpath},${nfsopts} rw ip=dhcp
netboot=echo Booting from network ...; setenv autoload no; dhcp; tftp ${loadaddr} ${bootfile}; tftp ${fdtaddr} ${fdtfile}; run netargs; bootz ${loadaddr} - ${fdtaddr}
netmask=255.255.255.0
nfsopts=nolock
partitions=uuid_disk=${uuid_gpt_disk};name=rootfs,start=2MiB,size=-,uuid=${uuid_gpt_rootfs}
ramargs=setenv bootargs console=${console} ${optargs} root=${ramroot} rootfstype=${ramrootfstype}
ramboot=echo Booting from ramdisk ...; run ramargs; bootz ${loadaddr} ${rdaddr} ${fdtaddr}
ramdisk_addr_r=0x88080000
ramroot=/dev/ram0 rw
ramrootfstype=ext2
rdaddr=0x88080000
rootpath=/export/rootfs
serverip=192.168.0.1
soc=am33xx
spiargs=setenv bootargs console=${console} ${optargs} root=${spiroot} rootfstype=${spirootfstype}
spiboot=echo Booting from spi ...; run spiargs; sf probe ${spibusno}:0; sf read ${loadaddr} ${spisrcaddr} ${spiimgsize}; bootz ${loadaddr}
spibusno=0
spiimgsize=0x362000
spiroot=/dev/mtdblock4 rw
spirootfstype=jffs2
spisrcaddr=0xe0000
static_ip=${ipaddr}:${serverip}:${gatewayip}:${netmask}:${hostname}::off
stderr=serial
stdin=serial
stdout=serial
usbnet_devaddr=78:c5:e5:d9:d6:07
vendor=ti
ver=U-Boot 2014.07-g67b4cea (Mar 20 2015 - 13:25:28)
Environment size: 4935/131068 bytes
U-Boot# 
- 02:21:40 [INFO] Host: setenv bootcmd ''${bootcmd}' if iminfo ${loadaddr}; then bootm ${loadaddr} ${_initramfs} ${fdtaddr}; else bootz ${loadaddr} ${_initramfs} ${fdtaddr}; bootm ${loadaddr} ${_initramfs} ${fdtaddr}; fi'
- 02:21:40 [INFO] Target: 
setenv bootcmd ''${bootcmd}' if iminfo ${loadaddr}; then bootm ${loadaddr} ${_initramfs} ${fdtaddr}; else bootz ${loadaddr} ${_initramfs} ${fdtaddr}; bootm ${loadaddr} ${_initramfs} ${fdtaddr}; fi'
U-Boot# 
- 02:21:40 [INFO] Host: version
- 02:21:40 [INFO] Target: 
version
U-Boot 2014.07-g67b4cea (Mar 20 2015 - 13:25:28)
arm-linux-gnueabihf-gcc (crosstool-NG linaro-1.13.1-4.7-2013.03-20130313 - Linaro GCC 2013.03) 4.7.3 20130226 (prerelease)
GNU ld (crosstool-NG linaro-1.13.1-4.7-2013.03-20130313 - Linaro GCC 2013.03) 2.23.1
U-Boot# 
- 02:21:40 [INFO] Host: bdinfo
- 02:21:40 [INFO] Target: 
bdinfo
arch_number = 0x00000E05
boot_params = 0x80000100
DRAM bank   = 0x00000000
-> start    = 0x80000000
-> size     = 0x10000000
eth0name    = cpsw
ethaddr     = 78:c5:e5:d9:d6:06
eth1name    = usb_ether
eth1addr    = 78:c5:e5:d9:d6:07
current eth = cpsw
ip_addr     = 192.168.0.209
baudrate    = 115200 bps
TLB addr    = 0x8FFF0000
relocaddr   = 0x8F741000
reloc off   = 0x0EF41000
irq_sp      = 0x8E720EE0
sp start    = 0x8E720ED0
U-Boot# 
- 02:21:40 [INFO] Host: mmc rescan; echo $?
- 02:21:40 [INFO] Target: 
mmc rescan; echo $?
U-Boot# 
- 02:21:40 [INFO] Host: fatwrite mmc 0:1 ${loadaddr} ws-calibrate.rules 4
- 02:21:40 [INFO] Target: 
fatwrite mmc 0:1 ${loadaddr} ws-calibrate.rules 4
writing ws-calibrate.rules
4 bytes written
U-Boot# 
- 02:21:40 [INFO] Host: boot
- 02:25:10 [ERROR] On command: boot waiting for boot.+?(?-mix:login:) >>> error: execution expired
- 02:25:10 [INFO] Target: 
boot
## Checking Image at 82000000 ...
Unknown image format!
Kernel image @ 0x82000000 [ 0x000000 - 0x669c68 ]
## Flattened Device Tree blob at 88000000
   Booting using the fdt blob at 0x88000000
   Loading Device Tree to 8e714000, end 8e71eb6f ... OK
Starting kernel ...
[    0.000000] Booting Linux on physical CPU 0x0
[    0.000000] Linux version 4.5.0-rc1-next-20160128-00002-ged31745b3e0c (nmenon@horus) (gcc version 4.9.3 20150413 (prerelease) (Linaro GCC 4.9-2015.05) ) #1 SMP Thu Jan 28 01:19:58 CST 2016
[    0.000000] CPU: ARMv7 Processor [413fc082] revision 2 (ARMv7), cr=10c5387d
[    0.000000] CPU: PIPT / VIPT nonaliasing data cache, VIPT aliasing instruction cache
[    0.000000] Machine model: TI AM335x BeagleBone
[    0.000000] cma: Reserved 64 MiB at 0x8a000000
[    0.000000] Memory policy: Data cache writeback
[    0.000000] CPU: All CPU(s) started in SVC mode.
[    0.000000] AM335X ES1.0 (sgx neon )
[    0.000000] PERCPU: Embedded 13 pages/cpu @cfba4000 s22912 r8192 d22144 u53248
[    0.000000] Built 1 zonelists in Zone order, mobility grouping on.  Total pages: 64512
[    0.000000] Kernel command line: console=ttyO0,115200n8 earlyprintk rootwait  ip=:::::eth0:dhcp  root=PARTUUID=00000000-02 rw rootfstype=ext4 rootwait 
[    0.000000] PID hash table entries: 1024 (order: 0, 4096 bytes)
[    0.000000] Dentry cache hash table entries: 32768 (order: 5, 131072 bytes)
[    0.000000] Inode-cache hash table entries: 16384 (order: 4, 65536 bytes)
[    0.000000] Memory: 176664K/260096K available (8579K kernel code, 1052K rwdata, 4132K rodata, 1116K init, 345K bss, 17896K reserved, 65536K cma-reserved, 0K highmem)
[    0.000000] Virtual kernel memory layout:
[    0.000000]     vector  : 0xffff0000 - 0xffff1000   (   4 kB)
[    0.000000]     fixmap  : 0xffc00000 - 0xfff00000   (3072 kB)
[    0.000000]     vmalloc : 0xd0800000 - 0xff800000   ( 752 MB)
[    0.000000]     lowmem  : 0xc0000000 - 0xd0000000   ( 256 MB)
[    0.000000]     pkmap   : 0xbfe00000 - 0xc0000000   (   2 MB)
[    0.000000]     modules : 0xbf000000 - 0xbfe00000   (  14 MB)
[    0.000000]       .text : 0xc0208000 - 0xc0e72e6c   (12716 kB)
[    0.000000]       .init : 0xc0e73000 - 0xc0f8a000   (1116 kB)
[    0.000000]       .data : 0xc0f8a000 - 0xc10913c0   (1053 kB)
[    0.000000]        .bss : 0xc1094000 - 0xc10ea560   ( 346 kB)
[    0.000000] SLUB: HWalign=64, Order=0-3, MinObjects=0, CPUs=1, Nodes=1
[    0.000000] Hierarchical RCU implementation.
[    0.000000] 	Build-time adjustment of leaf fanout to 32.
[    0.000000] 	RCU restricting CPUs from NR_CPUS=16 to nr_cpu_ids=1.
[    0.000000] RCU: Adjusting geometry for rcu_fanout_leaf=32, nr_cpu_ids=1
[    0.000000] NR_IRQS:16 nr_irqs:16 16
[    0.000000] IRQ: Found an INTC at 0xfa200000 (revision 5.0) with 128 interrupts
[    0.000000] OMAP clockevent source: timer2 at 24000000 Hz
[    0.000015] sched_clock: 32 bits at 24MHz, resolution 41ns, wraps every 89478484971ns
[    0.000038] clocksource: timer1: mask: 0xffffffff max_cycles: 0xffffffff, max_idle_ns: 79635851949 ns
[    0.000052] OMAP clocksource: timer1 at 24000000 Hz
[    0.000283] Console: colour dummy device 80x30
[    0.000327] Calibrating delay loop... 717.61 BogoMIPS (lpj=1794048)
[    0.058984] pid_max: default: 32768 minimum: 301
[    0.059142] Mount-cache hash table entries: 1024 (order: 0, 4096 bytes)
[    0.059156] Mountpoint-cache hash table entries: 1024 (order: 0, 4096 bytes)
[    0.060011] CPU: Testing write buffer coherency: ok
[    0.060439] CPU0: thread -1, cpu 0, socket -1, mpidr 0
[    0.060550] Setting up static identity map for 0x80209000 - 0x80209098
[    0.064834] Brought up 1 CPUs
[    0.064860] SMP: Total of 1 processors activated (717.61 BogoMIPS).
[    0.064870] CPU: All CPU(s) started in SVC mode.
[    0.066596] devtmpfs: initialized
[    0.078004] VFP support v0.3: implementor 41 architecture 3 part 30 variant c rev 3
[    0.079144] clocksource: jiffies: mask: 0xffffffff max_cycles: 0xffffffff, max_idle_ns: 9556302231375000 ns
[    0.084403] pinctrl core: initialized pinctrl subsystem
[    0.087236] NET: Registered protocol family 16
[    0.090277] DMA: preallocated 256 KiB pool for atomic coherent allocations
[    0.109819] omap_hwmod: debugss: _wait_target_disable failed
[    0.167732] cpuidle: using governor menu
[    0.174831] OMAP GPIO hardware version 0.1
[    0.186662] No ATAGs?
[    0.186698] hw-breakpoint: debug architecture 0x4 unsupported.
[    0.187329] omap4_sram_init:Unable to allocate sram needed to handle errata I688
[    0.187342] omap4_sram_init:Unable to get sram pool needed to handle errata I688
[    0.192060] Serial: AMBA PL011 UART driver
[    0.218215] edma 49000000.edma: TI EDMA DMA engine driver
[    0.222661] vgaarb: loaded
[    0.224153] SCSI subsystem initialized
[    0.224945] usbcore: registered new interface driver usbfs
[    0.225034] usbcore: registered new interface driver hub
[    0.225131] usbcore: registered new device driver usb
[    0.226100] omap_i2c 44e0b000.i2c: could not find pctldev for node /ocp/l4_wkup@44c00000/scm@210000/pinmux@800/pinmux_i2c0_pins, deferring probe
[    0.226161] omap_i2c 4819c000.i2c: could not find pctldev for node /ocp/l4_wkup@44c00000/scm@210000/pinmux@800/pinmux_i2c2_pins, deferring probe
[    0.226965] pps_core: LinuxPPS API ver. 1 registered
[    0.226977] pps_core: Software ver. 5.3.6 - Copyright 2005-2007 Rodolfo Giometti <giometti@linux.it>
[    0.227014] PTP clock support registered
[    0.227269] EDAC MC: Ver: 3.0.0
[    0.230926] clocksource: Switched to clocksource timer1
[    0.244778] NET: Registered protocol family 2
[    0.245590] TCP established hash table entries: 2048 (order: 1, 8192 bytes)
[    0.245639] TCP bind hash table entries: 2048 (order: 2, 16384 bytes)
[    0.245686] TCP: Hash tables configured (established 2048 bind 2048)
[    0.245770] UDP hash table entries: 256 (order: 1, 8192 bytes)
[    0.245798] UDP-Lite hash table entries: 256 (order: 1, 8192 bytes)
[    0.246122] NET: Registered protocol family 1
[    0.246627] RPC: Registered named UNIX socket transport module.
[    0.246645] RPC: Registered udp transport module.
[    0.246653] RPC: Registered tcp transport module.
[    0.246662] RPC: Registered tcp NFSv4.1 backchannel transport module.
[    0.247975] hw perfevents: enabled with armv7_cortex_a8 PMU driver, 5 counters available
[    0.250408] futex hash table entries: 256 (order: 2, 16384 bytes)
[    0.266680] squashfs: version 4.0 (2009/01/31) Phillip Lougher
[    0.268051] NFS: Registering the id_resolver key type
[    0.268132] Key type id_resolver registered
[    0.268142] Key type id_legacy registered
[    0.268238] ntfs: driver 2.1.32 [Flags: R/O].
[    0.270531] Block layer SCSI generic (bsg) driver version 0.4 loaded (major 249)
[    0.270565] io scheduler noop registered
[    0.270582] io scheduler deadline registered
[    0.270633] io scheduler cfq registered (default)
[    0.275648] pinctrl-single 44e10800.pinmux: 142 pins at pa f9e10800 size 568
[    0.366647] Serial: 8250/16550 driver, 4 ports, IRQ sharing disabled
[    0.370268] SuperH (H)SCI(F) driver initialized
[    0.371436] msm_serial: driver initialized
[    0.371828] omap_uart 44e09000.serial: no wakeirq for uart0
[    0.372041] 44e09000.serial: ttyO0 at MMIO 0x44e09000 (irq = 158, base_baud = 3000000) is a OMAP UART0
[    1.027261] console [ttyO0] enabled
[    1.031556] STMicroelectronics ASC driver initialized
[    1.038922] [drm] Initialized drm 1.1.0 20060810
[    1.062622] brd: module loaded
[    1.073973] loop: module loaded
[    1.086679] libphy: Fixed MDIO Bus: probed
[    1.092097] CAN device driver interface
[    1.098134] igb: Intel(R) Gigabit Ethernet Network Driver - version 5.3.0-k
[    1.105495] igb: Copyright (c) 2007-2014 Intel Corporation.
[    1.166028] davinci_mdio 4a101000.mdio: davinci mdio revision 1.6
[    1.172488] davinci_mdio 4a101000.mdio: detected phy mask fffffffe
[    1.180096] libphy: 4a101000.mdio: probed
[    1.184417] davinci_mdio 4a101000.mdio: phy[0]: device 4a101000.mdio:00, driver SMSC LAN8710/LAN8720
[    1.196348] cpsw 4a100000.ethernet: Detected MACID = 78:c5:e5:d9:d6:06
[    1.205016] pegasus: v0.9.3 (2013/04/25), Pegasus/Pegasus II USB Ethernet driver
[    1.213011] usbcore: registered new interface driver pegasus
[    1.219083] usbcore: registered new interface driver asix
[    1.224846] usbcore: registered new interface driver ax88179_178a
[    1.231334] usbcore: registered new interface driver cdc_ether
[    1.237583] usbcore: registered new interface driver smsc75xx
[    1.243726] usbcore: registered new interface driver smsc95xx
[    1.249846] usbcore: registered new interface driver net1080
[    1.255870] usbcore: registered new interface driver cdc_subset
[    1.262170] usbcore: registered new interface driver zaurus
[    1.268172] usbcore: registered new interface driver cdc_ncm
[    1.276310] ehci_hcd: USB 2.0 'Enhanced' Host Controller (EHCI) Driver
[    1.283226] ehci-pci: EHCI PCI platform driver
[    1.288015] ehci-platform: EHCI generic platform driver
[    1.293787] ehci-omap: OMAP-EHCI Host Controller driver
[    1.299490] ehci-orion: EHCI orion driver
[    1.303901] SPEAr-ehci: EHCI SPEAr driver
[    1.308310] ehci-st: EHCI STMicroelectronics driver
[    1.313635] ehci-exynos: EHCI EXYNOS driver
[    1.318243] ehci-atmel: EHCI Atmel driver
[    1.322646] tegra-ehci: Tegra EHCI driver
[    1.327069] ohci_hcd: USB 1.1 'Open' Host Controller (OHCI) Driver
[    1.333634] ohci-pci: OHCI PCI platform driver
[    1.338414] ohci-platform: OHCI generic platform driver
[    1.344142] ohci-omap3: OHCI OMAP3 driver
[    1.348570] SPEAr-ohci: OHCI SPEAr driver
[    1.353001] ohci-st: OHCI STMicroelectronics driver
[    1.358330] ohci-atmel: OHCI Atmel driver
[    1.363201] usbcore: registered new interface driver usb-storage
[    1.371577] mousedev: PS/2 mouse device common for all mice
[    1.382232] i2c /dev entries driver
[    1.396600] sdhci: Secure Digital Host Controller Interface driver
[    1.403157] sdhci: Copyright(c) Pierre Ossman
[    1.409060] omap_hsmmc 48060000.mmc: Got CD GPIO
[    1.415675] Synopsys Designware Multimedia Card Interface Driver
[    1.423244] sdhci-pltfm: SDHCI platform and OF driver helper
[    1.432668] ledtrig-cpu: registered to indicate activity on CPUs
[    1.439654] usbcore: registered new interface driver usbhid
[    1.445560] usbhid: USB HID core driver
[    1.455581] NET: Registered protocol family 10
[    1.461950] sit: IPv6 over IPv4 tunneling driver
[    1.467865] NET: Registered protocol family 17
[    1.472626] can: controller area network core (rev 20120528 abi 9)
[    1.479239] NET: Registered protocol family 29
[    1.483942] can: raw protocol (rev 20120528)
[    1.488450] can: broadcast manager protocol (rev 20120528 t)
[    1.494422] can: netlink gateway (rev 20130117) max_hops=1
[    1.501099] Key type dns_resolver registered
[    1.506012] omap_voltage_late_init: Voltage driver support not added
[    1.514083] ThumbEE CPU extension supported.
[    1.518696] Registering SWP/SWPB emulation handler
[    1.552432] tps65217 0-0024: TPS65217 ID 0xf version 1.2
[    1.558558] at24 0-0050: 32768 byte 24c256 EEPROM, writable, 1 bytes/write
[    1.565927] omap_i2c 44e0b000.i2c: bus 0 rev0.11 at 400 kHz
[    1.573968] at24 2-0054: 32768 byte 24c256 EEPROM, writable, 1 bytes/write
[    1.581589] at24 2-0055: 32768 byte 24c256 EEPROM, writable, 1 bytes/write
[    1.589112] at24 2-0056: 32768 byte 24c256 EEPROM, writable, 1 bytes/write
[    1.596625] at24 2-0057: 32768 byte 24c256 EEPROM, writable, 1 bytes/write
[    1.603926] omap_i2c 4819c000.i2c: bus 2 rev0.11 at 100 kHz
[    1.612391] omap_hsmmc 48060000.mmc: Got CD GPIO
[    1.617544] omap_hsmmc 48060000.mmc: omap_device: omap_device_enable() called from invalid state 1
[    1.629612] hctosys: unable to open rtc device (rtc0)
[    1.641304] net eth0: initializing cpsw version 1.12 (0)
[    1.649412] SMSC LAN8710/LAN8720 4a101000.mdio:00: attached PHY driver [SMSC LAN8710/LAN8720] (mii_bus:phy_addr=4a101000.mdio:00, irq=-1)
[    1.662478] libphy: PHY 4a101000.mdio:01 not found
[    1.667542] net eth0: phy 4a101000.mdio:01 not found on slave 1
[    1.679319] IPv6: ADDRCONF(NETDEV_UP): eth0: link is not ready
[    5.676572] cpsw 4a100000.ethernet eth0: Link is Up - 100Mbps/Full - flow control rx/tx
[    5.685101] IPv6: ADDRCONF(NETDEV_CHANGE): eth0: link becomes ready
[    5.695949] Sending DHCP requests ., OK
[    5.706429] IP-Config: Got DHCP answer from 192.168.0.1, my address is 192.168.0.209
[    5.714790] IP-Config: Complete:
[    5.718225]      device=eth0, hwaddr=78:c5:e5:d9:d6:06, ipaddr=192.168.0.209, mask=255.255.255.0, gw=192.168.0.1
[    5.728927]      host=192.168.0.209, domain=ti.com, nis-domain=(none)
[    5.735704]      bootserver=0.0.0.0, rootserver=0.0.0.0, rootpath=     nameserver0=192.0.2.2, nameserver1=192.0.2.3
[    5.746797] platform 48060000.mmc: omap_device_late_idle: enabled but no driver.  Idling
[    5.755396] vmmcsd_fixed: disabling
[    5.760420] Waiting for root device PARTUUID=00000000-02...
[  128.620940] random: nonblocking pool is initialized
- 02:25:10 [INFO] Boot attempt 1/1 failed
- 02:25:10 [INFO] Collecting kernel traces via sysrq...
- 02:25:20 [INFO] [  209.651264] sysrq: SysRq : Show State
[  209.655120]   task                PC stack   pid father
[  209.660596] swapper/0       D c0a28558     0     1      0 0x00000000
[  209.667322] [<c0a28558>] (__schedule) from [<c0a28944>] (schedule+0x44/0x9c)
[  209.674718] [<c0a28944>] (schedule) from [<c0a2b1b0>] (schedule_timeout+0x11c/0x1a8)
[  209.682847] [<c0a2b1b0>] (schedule_timeout) from [<c029c200>] (msleep+0x2c/0x38)
[  209.690621] [<c029c200>] (msleep) from [<c0e745e0>] (prepare_namespace+0x13c/0x1d4)
[  209.698658] [<c0e745e0>] (prepare_namespace) from [<c0e73e90>] (kernel_init_freeable+0x1e8/0x1f8)
[  209.707968] [<c0e73e90>] (kernel_init_freeable) from [<c0a26f8c>] (kernel_init+0xc/0xec)
[  209.716469] [<c0a26f8c>] (kernel_init) from [<c0210db8>] (ret_from_fork+0x14/0x3c)
[  209.724407] kthreadd        S c0a28558     0     2      0 0x00000000
[  209.731092] [<c0a28558>] (__schedule) from [<c0a28944>] (schedule+0x44/0x9c)
[  209.738500] [<c0a28944>] (schedule) from [<c0265560>] (kthreadd+0x180/0x184)
[  209.745899] [<c0265560>] (kthreadd) from [<c0210db8>] (ret_from_fork+0x14/0x3c)
[  209.753562] ksoftirqd/0     S c0a28558     0     3      2 0x00000000
[  209.760245] [<c0a28558>] (__schedule) from [<c0a28944>] (schedule+0x44/0x9c)
[  209.767652] [<c0a28944>] (schedule) from [<c0267cbc>] (smpboot_thread_fn+0xc8/0x194)
[  209.775780] [<c0267cbc>] (smpboot_thread_fn) from [<c0264d7c>] (kthread+0xdc/0xf4)
[  209.783724] [<c0264d7c>] (kthread) from [<c0210db8>] (ret_from_fork+0x14/0x3c)
[  209.791295] kworker/0:0     S c0a28558     0     4      2 0x00000000
[  209.797996] [<c0a28558>] (__schedule) from [<c0a28944>] (schedule+0x44/0x9c)
[  209.805394] [<c0a28944>] (schedule) from [<c025fb70>] (worker_thread+0xd8/0x518)
[  209.813154] [<c025fb70>] (worker_thread) from [<c0264d7c>] (kthread+0xdc/0xf4)
[  209.820733] [<c0264d7c>] (kthread) from [<c0210db8>] (ret_from_fork+0x14/0x3c)
[  209.828303] kworker/0:0H    S c0a28558     0     5      2 0x00000000
[  209.834992] [<c0a28558>] (__schedule) from [<c0a28944>] (schedule+0x44/0x9c)
[  209.842390] [<c0a28944>] (schedule) from [<c025fb70>] (worker_thread+0xd8/0x518)
[  209.850152] [<c025fb70>] (worker_thread) from [<c0264d7c>] (kthread+0xdc/0xf4)
[  209.857733] [<c0264d7c>] (kthread) from [<c0210db8>] (ret_from_fork+0x14/0x3c)
[  209.865306] kworker/u2:0    S c0a28558     0     6      2 0x00000000
[  209.871994] [<c0a28558>] (__schedule) from [<c0a28944>] (schedule+0x44/0x9c)
[  209.879391] [<c0a28944>] (schedule) from [<c025fb70>] (worker_thread+0xd8/0x518)
[  209.887151] [<c025fb70>] (worker_thread) from [<c0264d7c>] (kthread+0xdc/0xf4)
[  209.894731] [<c0264d7c>] (kthread) from [<c0210db8>] (ret_from_fork+0x14/0x3c)
[  209.902303] rcu_sched       S c0a28558     0     7      2 0x00000000
[  209.908986] [<c0a28558>] (__schedule) from [<c0a28944>] (schedule+0x44/0x9c)
[  209.916386] [<c0a28944>] (schedule) from [<c0298cf8>] (rcu_gp_kthread+0x98/0x960)
[  209.924242] [<c0298cf8>] (rcu_gp_kthread) from [<c0264d7c>] (kthread+0xdc/0xf4)
[  209.931914] [<c0264d7c>] (kthread) from [<c0210db8>] (ret_from_fork+0x14/0x3c)
[  209.939487] rcu_bh          S c0a28558     0     8      2 0x00000000
[  209.946171] [<c0a28558>] (__schedule) from [<c0a28944>] (schedule+0x44/0x9c)
[  209.953570] [<c0a28944>] (schedule) from [<c0298cf8>] (rcu_gp_kthread+0x98/0x960)
[  209.961424] [<c0298cf8>] (rcu_gp_kthread) from [<c0264d7c>] (kthread+0xdc/0xf4)
[  209.969096] [<c0264d7c>] (kthread) from [<c0210db8>] (ret_from_fork+0x14/0x3c)
[  209.976668] migration/0     S c0a28558     0     9      2 0x00000000
[  209.983352] [<c0a28558>] (__schedule) from [<c0a28944>] (schedule+0x44/0x9c)
[  209.990752] [<c0a28944>] (schedule) from [<c0267cbc>] (smpboot_thread_fn+0xc8/0x194)
[  209.998879] [<c0267cbc>] (smpboot_thread_fn) from [<c0264d7c>] (kthread+0xdc/0xf4)
[  210.006824] [<c0264d7c>] (kthread) from [<c0210db8>] (ret_from_fork+0x14/0x3c)
[  210.014398] watchdog/0      S c0a28558     0    10      2 0x00000000
[  210.021084] [<c0a28558>] (__schedule) from [<c0a28944>] (schedule+0x44/0x9c)
[  210.028483] [<c0a28944>] (schedule) from [<c0267cbc>] (smpboot_thread_fn+0xc8/0x194)
[  210.036610] [<c0267cbc>] (smpboot_thread_fn) from [<c0264d7c>] (kthread+0xdc/0xf4)
[  210.044554] [<c0264d7c>] (kthread) from [<c0210db8>] (ret_from_fork+0x14/0x3c)
[  210.052124] kdevtmpfs       S c0a28558     0    11      2 0x00000000
[  210.058808] [<c0a28558>] (__schedule) from [<c0a28944>] (schedule+0x44/0x9c)
[  210.066213] [<c0a28944>] (schedule) from [<c0670910>] (devtmpfsd+0x314/0x320)
[  210.073706] [<c0670910>] (devtmpfsd) from [<c0264d7c>] (kthread+0xdc/0xf4)
[  210.080922] [<c0264d7c>] (kthread) from [<c0210db8>] (ret_from_fork+0x14/0x3c)
[  210.088496] perf            S c0a28558     0    12      2 0x00000000
[  210.095185] [<c0a28558>] (__schedule) from [<c0a28944>] (schedule+0x44/0x9c)
[  210.102583] [<c0a28944>] (schedule) from [<c02602ac>] (rescuer_thread+0x2fc/0x364)
[  210.110528] [<c02602ac>] (rescuer_thread) from [<c0264d7c>] (kthread+0xdc/0xf4)
[  210.118201] [<c0264d7c>] (kthread) from [<c0210db8>] (ret_from_fork+0x14/0x3c)
[  210.125775] khungtaskd      S c0a28558     0    13      2 0x00000000
[  210.132460] [<c0a28558>] (__schedule) from [<c0a28944>] (schedule+0x44/0x9c)
[  210.139857] [<c0a28944>] (schedule) from [<c0a2b1b0>] (schedule_timeout+0x11c/0x1a8)
[  210.147992] [<c0a2b1b0>] (schedule_timeout) from [<c02bdcb4>] (watchdog+0xb4/0x33c)
[  210.156030] [<c02bdcb4>] (watchdog) from [<c0264d7c>] (kthread+0xdc/0xf4)
[  210.163156] [<c0264d7c>] (kthread) from [<c0210db8>] (ret_from_fork+0x14/0x3c)
[  210.170730] kworker/0:1     S c0a28558     0    14      2 0x00000000
[  210.177419] [<c0a28558>] (__schedule) from [<c0a28944>] (schedule+0x44/0x9c)
[  210.184819] [<c0a28944>] (schedule) from [<c025fb70>] (worker_thread+0xd8/0x518)
[  210.192582] [<c025fb70>] (worker_thread) from [<c0264d7c>] (kthread+0xdc/0xf4)
[  210.200164] [<c0264d7c>] (kthread) from [<c0210db8>] (ret_from_fork+0x14/0x3c)
[  210.207737] oom_reaper      S c0a28558     0    15      2 0x00000000
[  210.214421] [<c0a28558>] (__schedule) from [<c0a28944>] (schedule+0x44/0x9c)
[  210.221823] [<c0a28944>] (schedule) from [<c02d3938>] (oom_reaper+0xe0/0x11c)
[  210.229312] [<c02d3938>] (oom_reaper) from [<c0264d7c>] (kthread+0xdc/0xf4)
[  210.236620] [<c0264d7c>] (kthread) from [<c0210db8>] (ret_from_fork+0x14/0x3c)
[  210.244193] writeback       S c0a28558     0    16      2 0x00000000
[  210.250881] [<c0a28558>] (__schedule) from [<c0a28944>] (schedule+0x44/0x9c)
[  210.258280] [<c0a28944>] (schedule) from [<c02602ac>] (rescuer_thread+0x2fc/0x364)
[  210.266225] [<c02602ac>] (rescuer_thread) from [<c0264d7c>] (kthread+0xdc/0xf4)
[  210.273896] [<c0264d7c>] (kthread) from [<c0210db8>] (ret_from_fork+0x14/0x3c)
[  210.281470] crypto          S c0a28558     0    17      2 0x00000000
[  210.288158] [<c0a28558>] (__schedule) from [<c0a28944>] (schedule+0x44/0x9c)
[  210.295556] [<c0a28944>] (schedule) from [<c02602ac>] (rescuer_thread+0x2fc/0x364)
[  210.303500] [<c02602ac>] (rescuer_thread) from [<c0264d7c>] (kthread+0xdc/0xf4)
[  210.311172] [<c0264d7c>] (kthread) from [<c0210db8>] (ret_from_fork+0x14/0x3c)
[  210.318746] bioset          S c0a28558     0    18      2 0x00000000
[  210.325435] [<c0a28558>] (__schedule) from [<c0a28944>] (schedule+0x44/0x9c)
[  210.332833] [<c0a28944>] (schedule) from [<c02602ac>] (rescuer_thread+0x2fc/0x364)
[  210.340777] [<c02602ac>] (rescuer_thread) from [<c0264d7c>] (kthread+0xdc/0xf4)
[  210.348449] [<c0264d7c>] (kthread) from [<c0210db8>] (ret_from_fork+0x14/0x3c)
[  210.356021] kblockd         S c0a28558     0    19      2 0x00000000
[  210.362707] [<c0a28558>] (__schedule) from [<c0a28944>] (schedule+0x44/0x9c)
[  210.370104] [<c0a28944>] (schedule) from [<c02602ac>] (rescuer_thread+0x2fc/0x364)
[  210.378049] [<c02602ac>] (rescuer_thread) from [<c0264d7c>] (kthread+0xdc/0xf4)
[  210.385721] [<c0264d7c>] (kthread) from [<c0210db8>] (ret_from_fork+0x14/0x3c)
[  210.393293] ata_sff         S c0a28558     0    20      2 0x00000000
[  210.399984] [<c0a28558>] (__schedule) from [<c0a28944>] (schedule+0x44/0x9c)
[  210.407382] [<c0a28944>] (schedule) from [<c02602ac>] (rescuer_thread+0x2fc/0x364)
[  210.415328] [<c02602ac>] (rescuer_thread) from [<c0264d7c>] (kthread+0xdc/0xf4)
[  210.422999] [<c0264d7c>] (kthread) from [<c0210db8>] (ret_from_fork+0x14/0x3c)
[  210.430571] edac-poller     S c0a28558     0    21      2 0x00000000
[  210.437260] [<c0a28558>] (__schedule) from [<c0a28944>] (schedule+0x44/0x9c)
[  210.444659] [<c0a28944>] (schedule) from [<c02602ac>] (rescuer_thread+0x2fc/0x364)
[  210.452603] [<c02602ac>] (rescuer_thread) from [<c0264d7c>] (kthread+0xdc/0xf4)
[  210.460274] [<c0264d7c>] (kthread) from [<c0210db8>] (ret_from_fork+0x14/0x3c)
[  210.467846] devfreq_wq      S c0a28558     0    22      2 0x00000000
[  210.474535] [<c0a28558>] (__schedule) from [<c0a28944>] (schedule+0x44/0x9c)
[  210.481934] [<c0a28944>] (schedule) from [<c02602ac>] (rescuer_thread+0x2fc/0x364)
[  210.489877] [<c02602ac>] (rescuer_thread) from [<c0264d7c>] (kthread+0xdc/0xf4)
[  210.497550] [<c0264d7c>] (kthread) from [<c0210db8>] (ret_from_fork+0x14/0x3c)
[  210.505124] rpciod          S c0a28558     0    23      2 0x00000000
[  210.511815] [<c0a28558>] (__schedule) from [<c0a28944>] (schedule+0x44/0x9c)
[  210.519216] [<c0a28944>] (schedule) from [<c02602ac>] (rescuer_thread+0x2fc/0x364)
[  210.527159] [<c02602ac>] (rescuer_thread) from [<c0264d7c>] (kthread+0xdc/0xf4)
[  210.534831] [<c0264d7c>] (kthread) from [<c0210db8>] (ret_from_fork+0x14/0x3c)
[  210.542404] kswapd0         S c0a28558     0    24      2 0x00000000
[  210.549089] [<c0a28558>] (__schedule) from [<c0a28944>] (schedule+0x44/0x9c)
[  210.556490] [<c0a28944>] (schedule) from [<c02e3808>] (kswapd+0x8dc/0x8ec)
[  210.563708] [<c02e3808>] (kswapd) from [<c0264d7c>] (kthread+0xdc/0xf4)
[  210.570652] [<c0264d7c>] (kthread) from [<c0210db8>] (ret_from_fork+0x14/0x3c)
[  210.578227] vmstat          S c0a28558     0    25      2 0x00000000
[  210.584917] [<c0a28558>] (__schedule) from [<c0a28944>] (schedule+0x44/0x9c)
[  210.592319] [<c0a28944>] (schedule) from [<c02602ac>] (rescuer_thread+0x2fc/0x364)
[  210.600264] [<c02602ac>] (rescuer_thread) from [<c0264d7c>] (kthread+0xdc/0xf4)
[  210.607936] [<c0264d7c>] (kthread) from [<c0210db8>] (ret_from_fork+0x14/0x3c)
[  210.615510] nfsiod          S c0a28558     0    26      2 0x00000000
[  210.622200] [<c0a28558>] (__schedule) from [<c0a28944>] (schedule+0x44/0x9c)
[  210.629601] [<c0a28944>] (schedule) from [<c02602ac>] (rescuer_thread+0x2fc/0x364)
[  210.637544] [<c02602ac>] (rescuer_thread) from [<c0264d7c>] (kthread+0xdc/0xf4)
[  210.645216] [<c0264d7c>] (kthread) from [<c0210db8>] (ret_from_fork+0x14/0x3c)
[  210.652790] bioset          S c0a28558     0    35      2 0x00000000
[  210.659479] [<c0a28558>] (__schedule) from [<c0a28944>] (schedule+0x44/0x9c)
[  210.666878] [<c0a28944>] (schedule) from [<c02602ac>] (rescuer_thread+0x2fc/0x364)
[  210.674825] [<c02602ac>] (rescuer_thread) from [<c0264d7c>] (kthread+0xdc/0xf4)
[  210.682498] [<c0264d7c>] (kthread) from [<c0210db8>] (ret_from_fork+0x14/0x3c)
[  210.690072] bioset          S c0a28558     0    36      2 0x00000000
[  210.696760] [<c0a28558>] (__schedule) from [<c0a28944>] (schedule+0x44/0x9c)
[  210.704160] [<c0a28944>] (schedule) from [<c02602ac>] (rescuer_thread+0x2fc/0x364)
[  210.712105] [<c02602ac>] (rescuer_thread) from [<c0264d7c>] (kthread+0xdc/0xf4)
[  210.719777] [<c0264d7c>] (kthread) from [<c0210db8>] (ret_from_fork+0x14/0x3c)
[  210.727351] bioset          S c0a28558     0    37      2 0x00000000
[  210.734041] [<c0a28558>] (__schedule) from [<c0a28944>] (schedule+0x44/0x9c)
[  210.741440] [<c0a28944>] (schedule) from [<c02602ac>] (rescuer_thread+0x2fc/0x364)
[  210.749385] [<c02602ac>] (rescuer_thread) from [<c0264d7c>] (kthread+0xdc/0xf4)
[  210.757058] [<c0264d7c>] (kthread) from [<c0210db8>] (ret_from_fork+0x14/0x3c)
[  210.764632] bioset          S c0a28558     0    38      2 0x00000000
[  210.771323] [<c0a28558>] (__schedule) from [<c0a28944>] (schedule+0x44/0x9c)
[  210.778722] [<c0a28944>] (schedule) from [<c02602ac>] (rescuer_thread+0x2fc/0x364)
[  210.786668] [<c02602ac>] (rescuer_thread) from [<c0264d7c>] (kthread+0xdc/0xf4)
[  210.794341] [<c0264d7c>] (kthread) from [<c0210db8>] (ret_from_fork+0x14/0x3c)
[  210.801916] bioset          S c0a28558     0    39      2 0x00000000
[  210.808606] [<c0a28558>] (__schedule) from [<c0a28944>] (schedule+0x44/0x9c)
[  210.816006] [<c0a28944>] (schedule) from [<c02602ac>] (rescuer_thread+0x2fc/0x364)
[  210.823952] [<c02602ac>] (rescuer_thread) from [<c0264d7c>] (kthread+0xdc/0xf4)
[  210.831627] [<c0264d7c>] (kthread) from [<c0210db8>] (ret_from_fork+0x14/0x3c)
[  210.839202] bioset          S c0a28558     0    40      2 0x00000000
[  210.845893] [<c0a28558>] (__schedule) from [<c0a28944>] (schedule+0x44/0x9c)
[  210.853294] [<c0a28944>] (schedule) from [<c02602ac>] (rescuer_thread+0x2fc/0x364)
[  210.861240] [<c02602ac>] (rescuer_thread) from [<c0264d7c>] (kthread+0xdc/0xf4)
[  210.868913] [<c0264d7c>] (kthread) from [<c0210db8>] (ret_from_fork+0x14/0x3c)
[  210.876488] bioset          S c0a28558     0    41      2 0x00000000
[  210.883176] [<c0a28558>] (__schedule) from [<c0a28944>] (schedule+0x44/0x9c)
[  210.890577] [<c0a28944>] (schedule) from [<c02602ac>] (rescuer_thread+0x2fc/0x364)
[  210.898523] [<c02602ac>] (rescuer_thread) from [<c0264d7c>] (kthread+0xdc/0xf4)
[  210.906196] [<c0264d7c>] (kthread) from [<c0210db8>] (ret_from_fork+0x14/0x3c)
[  210.913773] bioset          S c0a28558     0    42      2 0x00000000
[  210.920464] [<c0a28558>] (__schedule) from [<c0a28944>] (schedule+0x44/0x9c)
[  210.927866] [<c0a28944>] (schedule) from [<c02602ac>] (rescuer_thread+0x2fc/0x364)
[  210.935812] [<c02602ac>] (rescuer_thread) from [<c0264d7c>] (kthread+0xdc/0xf4)
[  210.943486] [<c0264d7c>] (kthread) from [<c0210db8>] (ret_from_fork+0x14/0x3c)
[  210.951061] bioset          S c0a28558     0    43      2 0x00000000
[  210.957751] [<c0a28558>] (__schedule) from [<c0a28944>] (schedule+0x44/0x9c)
[  210.965152] [<c0a28944>] (schedule) from [<c02602ac>] (rescuer_thread+0x2fc/0x364)
[  210.973100] [<c02602ac>] (rescuer_thread) from [<c0264d7c>] (kthread+0xdc/0xf4)
[  210.980776] [<c0264d7c>] (kthread) from [<c0210db8>] (ret_from_fork+0x14/0x3c)
[  210.988354] bioset          S c0a28558     0    44      2 0x00000000
[  210.995045] [<c0a28558>] (__schedule) from [<c0a28944>] (schedule+0x44/0x9c)
[  211.002445] [<c0a28944>] (schedule) from [<c02602ac>] (rescuer_thread+0x2fc/0x364)
[  211.010393] [<c02602ac>] (rescuer_thread) from [<c0264d7c>] (kthread+0xdc/0xf4)
[  211.018068] [<c0264d7c>] (kthread) from [<c0210db8>] (ret_from_fork+0x14/0x3c)
[  211.025644] bioset          S c0a28558     0    45      2 0x00000000
[  211.032335] [<c0a28558>] (__schedule) from [<c0a28944>] (schedule+0x44/0x9c)
[  211.039735] [<c0a28944>] (schedule) from [<c02602ac>] (rescuer_thread+0x2fc/0x364)
[  211.047683] [<c02602ac>] (rescuer_thread) from [<c0264d7c>] (kthread+0xdc/0xf4)
[  211.055358] [<c0264d7c>] (kthread) from [<c0210db8>] (ret_from_fork+0x14/0x3c)
[  211.062934] bioset          S c0a28558     0    46      2 0x00000000
[  211.069627] [<c0a28558>] (__schedule) from [<c0a28944>] (schedule+0x44/0x9c)
[  211.077028] [<c0a28944>] (schedule) from [<c02602ac>] (rescuer_thread+0x2fc/0x364)
[  211.084975] [<c02602ac>] (rescuer_thread) from [<c0264d7c>] (kthread+0xdc/0xf4)
[  211.092649] [<c0264d7c>] (kthread) from [<c0210db8>] (ret_from_fork+0x14/0x3c)
[  211.100225] bioset          S c0a28558     0    47      2 0x00000000
[  211.106916] [<c0a28558>] (__schedule) from [<c0a28944>] (schedule+0x44/0x9c)
[  211.114317] [<c0a28944>] (schedule) from [<c02602ac>] (rescuer_thread+0x2fc/0x364)
[  211.122265] [<c02602ac>] (rescuer_thread) from [<c0264d7c>] (kthread+0xdc/0xf4)
[  211.129939] [<c0264d7c>] (kthread) from [<c0210db8>] (ret_from_fork+0x14/0x3c)
[  211.137514] bioset          S c0a28558     0    48      2 0x00000000
[  211.144204] [<c0a28558>] (__schedule) from [<c0a28944>] (schedule+0x44/0x9c)
[  211.151605] [<c0a28944>] (schedule) from [<c02602ac>] (rescuer_thread+0x2fc/0x364)
[  211.159552] [<c02602ac>] (rescuer_thread) from [<c0264d7c>] (kthread+0xdc/0xf4)
[  211.167227] [<c0264d7c>] (kthread) from [<c0210db8>] (ret_from_fork+0x14/0x3c)
[  211.174801] bioset          S c0a28558     0    49      2 0x00000000
[  211.181493] [<c0a28558>] (__schedule) from [<c0a28944>] (schedule+0x44/0x9c)
[  211.188894] [<c0a28944>] (schedule) from [<c02602ac>] (rescuer_thread+0x2fc/0x364)
[  211.196840] [<c02602ac>] (rescuer_thread) from [<c0264d7c>] (kthread+0xdc/0xf4)
[  211.204514] [<c0264d7c>] (kthread) from [<c0210db8>] (ret_from_fork+0x14/0x3c)
[  211.212089] bioset          S c0a28558     0    50      2 0x00000000
[  211.218779] [<c0a28558>] (__schedule) from [<c0a28944>] (schedule+0x44/0x9c)
[  211.226181] [<c0a28944>] (schedule) from [<c02602ac>] (rescuer_thread+0x2fc/0x364)
[  211.234127] [<c02602ac>] (rescuer_thread) from [<c0264d7c>] (kthread+0xdc/0xf4)
[  211.241800] [<c0264d7c>] (kthread) from [<c0210db8>] (ret_from_fork+0x14/0x3c)
[  211.249376] bioset          S c0a28558     0    51      2 0x00000000
[  211.256068] [<c0a28558>] (__schedule) from [<c0a28944>] (schedule+0x44/0x9c)
[  211.263468] [<c0a28944>] (schedule) from [<c02602ac>] (rescuer_thread+0x2fc/0x364)
[  211.271416] [<c02602ac>] (rescuer_thread) from [<c0264d7c>] (kthread+0xdc/0xf4)
[  211.279090] [<c0264d7c>] (kthread) from [<c0210db8>] (ret_from_fork+0x14/0x3c)
[  211.286665] bioset          S c0a28558     0    52      2 0x00000000
[  211.293356] [<c0a28558>] (__schedule) from [<c0a28944>] (schedule+0x44/0x9c)
[  211.300757] [<c0a28944>] (schedule) from [<c02602ac>] (rescuer_thread+0x2fc/0x364)
[  211.308703] [<c02602ac>] (rescuer_thread) from [<c0264d7c>] (kthread+0xdc/0xf4)
[  211.316376] [<c0264d7c>] (kthread) from [<c0210db8>] (ret_from_fork+0x14/0x3c)
[  211.323950] bioset          S c0a28558     0    53      2 0x00000000
[  211.330641] [<c0a28558>] (__schedule) from [<c0a28944>] (schedule+0x44/0x9c)
[  211.338042] [<c0a28944>] (schedule) from [<c02602ac>] (rescuer_thread+0x2fc/0x364)
[  211.345989] [<c02602ac>] (rescuer_thread) from [<c0264d7c>] (kthread+0xdc/0xf4)
[  211.353664] [<c0264d7c>] (kthread) from [<c0210db8>] (ret_from_fork+0x14/0x3c)
[  211.361239] bioset          S c0a28558     0    54      2 0x00000000
[  211.367930] [<c0a28558>] (__schedule) from [<c0a28944>] (schedule+0x44/0x9c)
[  211.375332] [<c0a28944>] (schedule) from [<c02602ac>] (rescuer_thread+0x2fc/0x364)
[  211.383279] [<c02602ac>] (rescuer_thread) from [<c0264d7c>] (kthread+0xdc/0xf4)
[  211.390953] [<c0264d7c>] (kthread) from [<c0210db8>] (ret_from_fork+0x14/0x3c)
[  211.398528] bioset          S c0a28558     0    55      2 0x00000000
[  211.405219] [<c0a28558>] (__schedule) from [<c0a28944>] (schedule+0x44/0x9c)
[  211.412620] [<c0a28944>] (schedule) from [<c02602ac>] (rescuer_thread+0x2fc/0x364)
[  211.420567] [<c02602ac>] (rescuer_thread) from [<c0264d7c>] (kthread+0xdc/0xf4)
[  211.428240] [<c0264d7c>] (kthread) from [<c0210db8>] (ret_from_fork+0x14/0x3c)
[  211.435815] bioset          S c0a28558     0    56      2 0x00000000
[  211.442505] [<c0a28558>] (__schedule) from [<c0a28944>] (schedule+0x44/0x9c)
[  211.449904] [<c0a28944>] (schedule) from [<c02602ac>] (rescuer_thread+0x2fc/0x364)
[  211.457851] [<c02602ac>] (rescuer_thread) from [<c0264d7c>] (kthread+0xdc/0xf4)
[  211.465525] [<c0264d7c>] (kthread) from [<c0210db8>] (ret_from_fork+0x14/0x3c)
[  211.473100] bioset          S c0a28558     0    57      2 0x00000000
[  211.479790] [<c0a28558>] (__schedule) from [<c0a28944>] (schedule+0x44/0x9c)
[  211.487190] [<c0a28944>] (schedule) from [<c02602ac>] (rescuer_thread+0x2fc/0x364)
[  211.495137] [<c02602ac>] (rescuer_thread) from [<c0264d7c>] (kthread+0xdc/0xf4)
[  211.502811] [<c0264d7c>] (kthread) from [<c0210db8>] (ret_from_fork+0x14/0x3c)
[  211.510386] bioset          S c0a28558     0    58      2 0x00000000
[  211.517077] [<c0a28558>] (__schedule) from [<c0a28944>] (schedule+0x44/0x9c)
[  211.524477] [<c0a28944>] (schedule) from [<c02602ac>] (rescuer_thread+0x2fc/0x364)
[  211.532423] [<c02602ac>] (rescuer_thread) from [<c0264d7c>] (kthread+0xdc/0xf4)
[  211.540097] [<c0264d7c>] (kthread) from [<c0210db8>] (ret_from_fork+0x14/0x3c)
[  211.547671] kworker/u2:1    S c0a28558     0    59      2 0x00000000
[  211.554362] [<c0a28558>] (__schedule) from [<c0a28944>] (schedule+0x44/0x9c)
[  211.561762] [<c0a28944>] (schedule) from [<c025fb70>] (worker_thread+0xd8/0x518)
[  211.569525] [<c025fb70>] (worker_thread) from [<c0264d7c>] (kthread+0xdc/0xf4)
[  211.577109] [<c0264d7c>] (kthread) from [<c0210db8>] (ret_from_fork+0x14/0x3c)
[  211.584685] kpsmoused       S c0a28558     0    61      2 0x00000000
[  211.591376] [<c0a28558>] (__schedule) from [<c0a28944>] (schedule+0x44/0x9c)
[  211.598776] [<c0a28944>] (schedule) from [<c02602ac>] (rescuer_thread+0x2fc/0x364)
[  211.606721] [<c02602ac>] (rescuer_thread) from [<c0264d7c>] (kthread+0xdc/0xf4)
[  211.614393] [<c0264d7c>] (kthread) from [<c0210db8>] (ret_from_fork+0x14/0x3c)
[  211.621968] ipv6_addrconf   S c0a28558     0    62      2 0x00000000
[  211.628657] [<c0a28558>] (__schedule) from [<c0a28944>] (schedule+0x44/0x9c)
[  211.636057] [<c0a28944>] (schedule) from [<c02602ac>] (rescuer_thread+0x2fc/0x364)
[  211.644003] [<c02602ac>] (rescuer_thread) from [<c0264d7c>] (kthread+0xdc/0xf4)
[  211.651676] [<c0264d7c>] (kthread) from [<c0210db8>] (ret_from_fork+0x14/0x3c)
[  211.659251] deferwq         S c0a28558     0    63      2 0x00000000
[  211.665942] [<c0a28558>] (__schedule) from [<c0a28944>] (schedule+0x44/0x9c)
[  211.673344] [<c0a28944>] (schedule) from [<c02602ac>] (rescuer_thread+0x2fc/0x364)
[  211.681291] [<c02602ac>] (rescuer_thread) from [<c0264d7c>] (kthread+0xdc/0xf4)
[  211.688965] [<c0264d7c>] (kthread) from [<c0210db8>] (ret_from_fork+0x14/0x3c)
[  211.696540] irq/159-44e0b00 S c0a28558     0    64      2 0x00000000
[  211.703224] [<c0a28558>] (__schedule) from [<c0a28944>] (schedule+0x44/0x9c)
[  211.710627] [<c0a28944>] (schedule) from [<c028dc44>] (irq_thread+0xb8/0x1ec)
[  211.718120] [<c028dc44>] (irq_thread) from [<c0264d7c>] (kthread+0xdc/0xf4)
[  211.725430] [<c0264d7c>] (kthread) from [<c0210db8>] (ret_from_fork+0x14/0x3c)
[  211.733003] irq/160-4819c00 S c0a28558     0    65      2 0x00000000
[  211.739688] [<c0a28558>] (__schedule) from [<c0a28944>] (schedule+0x44/0x9c)
[  211.747087] [<c0a28944>] (schedule) from [<c028dc44>] (irq_thread+0xb8/0x1ec)
[  211.754578] [<c028dc44>] (irq_thread) from [<c0264d7c>] (kthread+0xdc/0xf4)
[  211.761888] [<c0264d7c>] (kthread) from [<c0210db8>] (ret_from_fork+0x14/0x3c)
[  211.769462] kworker/0:2     S c0a28558     0    66      2 0x00000000
[  211.776154] [<c0a28558>] (__schedule) from [<c0a28944>] (schedule+0x44/0x9c)
[  211.783555] [<c0a28944>] (schedule) from [<c025fb70>] (worker_thread+0xd8/0x518)
[  211.791321] [<c025fb70>] (worker_thread) from [<c0264d7c>] (kthread+0xdc/0xf4)
[  211.798904] [<c0264d7c>] (kthread) from [<c0210db8>] (ret_from_fork+0x14/0x3c)
[  211.806489] Sched Debug Version: v0.11, 4.5.0-rc1-next-20160128-00002-ged31745b3e0c #1
[  211.814795] ktime                                   : 211805.604358
[  211.821368] sched_clk                               : 211806.481940
[  211.827942] cpu_clk                                 : 211806.482649
[  211.834516] jiffies                                 : 4294949226
[  211.840814] 
[  211.842373] sysctl_sched
[  211.845028]   .sysctl_sched_latency                    : 6.000000
[  211.851418]   .sysctl_sched_min_granularity            : 0.750000
[  211.857810]   .sysctl_sched_wakeup_granularity         : 1.000000
[  211.864199]   .sysctl_sched_child_runs_first           : 0
[  211.869951]   .sysctl_sched_features                   : 44859
[  211.876070]   .sysctl_sched_tunable_scaling            : 1 (logaritmic)
[  211.883005] 
[  211.884564] cpu#0
[  211.886579]   .nr_running                    : 0
[  211.891419]   .load                          : 0
[  211.896260]   .nr_switches                   : 7914
[  211.901372]   .nr_load_updates               : 4211
[  211.906487]   .nr_uninterruptible            : 1
[  211.911328]   .next_balance                  : 4294.907296
[  211.917080]   .curr->pid                     : 0
[  211.921922]   .clock                         : 209635.889823
[  211.927857]   .clock_task                    : 209635.889823
[  211.933790]   .cpu_load[0]                   : 0
[  211.938629]   .cpu_load[1]                   : 0
[  211.943469]   .cpu_load[2]                   : 0
[  211.948309]   .cpu_load[3]                   : 0
[  211.953149]   .cpu_load[4]                   : 0
[  211.957991] 
[  211.957991] cfs_rq[0]:
[  211.962015]   .exec_clock                    : 0.000000
[  211.967499]   .MIN_vruntime                  : 0.000001
[  211.972978]   .min_vruntime                  : 1803.318578
[  211.978731]   .max_vruntime                  : 0.000001
[  211.984211]   .spread                        : 0.000000
[  211.989692]   .spread0                       : 0.000000
[  211.995170]   .nr_spread_over                : 0
[  212.000011]   .nr_running                    : 0
[  212.004851]   .load                          : 0
[  212.009692]   .load_avg                      : 0
[  212.014532]   .runnable_load_avg             : 0
[  212.019373]   .util_avg                      : 0
[  212.024214]   .removed_load_avg              : 0
[  212.029054]   .removed_util_avg              : 0
[  212.033896] 
[  212.033896] rt_rq[0]:
[  212.037829]   .rt_nr_running                 : 0
[  212.042671]   .rt_throttled                  : 0
[  212.047513]   .rt_time                       : 0.000000
[  212.052994]   .rt_runtime                    : 950.000000
[  212.058655] 
[  212.058655] dl_rq[0]:
[  212.062586]   .dl_nr_running                 : 0
[  212.067429] 
[  212.067429] runnable tasks:
[  212.067429]             task   PID         tree-key  switches  prio     wait-time             sum-exec        sum-sleep
[  212.067429] ----------------------------------------------------------------------------------------------------------
[  212.094429]        swapper/0     1      1800.546328      3056   120         0.000000      1573.183783         0.000000
[  212.105675]         kthreadd     2      1614.288524        63   120         0.000000         3.851493         0.000000
[  212.116918]      ksoftirqd/0     3      1766.604241        10   120         0.000000         0.188251         0.000000
[  212.128159]      kworker/0:0     4      1616.237315         9   120         0.000000         0.316418         0.000000
[  212.139401]     kworker/0:0H     5       197.920799         4   100         0.000000         0.034833         0.000000
[  212.150642]     kworker/u2:0     6      1800.325036        56   120         0.000000        81.105081         0.000000
[  212.161883]        rcu_sched     7      1798.211909       296   120         0.000000         9.176952         0.000000
[  212.173124]           rcu_bh     8        17.483652         2   120         0.000000         0.012542         0.000000
[  212.184363]      migration/0     9         0.000000         4     0         0.000000         0.082666         0.000000
[  212.195603]       watchdog/0    10         0.000000        55     0         0.000000         1.432332         0.000000
[  212.206842]        kdevtmpfs    11      1559.351397       636   120         0.000000        24.791359         0.000000
[  212.218082]             perf    12        35.219748         2   100         0.000000         2.724458         0.000000
[  212.229321]       khungtaskd    13      1753.413780         3   120         0.000000         0.119251         0.000000
[  212.240562]      kworker/0:1    14      1803.318578       475   120         0.000000       120.377225         0.000000
[  212.251802]       oom_reaper    15         0.000000         2     0         0.000000         0.019043         0.000000
[  212.263043]        writeback    16       164.381704         2   100         0.000000         0.024167         0.000000
[  212.274283]           crypto    17       166.388153         2   100         0.000000         0.018125         0.000000
[  212.285522]           bioset    18       168.397535         2   100         0.000000         0.019542         0.000000
[  212.296762]          kblockd    19       170.416158         2   100         0.000000         0.035709         0.000000
[  212.308002]          ata_sff    20       187.854008         2   100         0.000000         0.030541         0.000000
[  212.319243]      edac-poller    21       189.861922         2   100         0.000000         0.023917         0.000000
[  212.330484]       devfreq_wq    22       191.871554         2   100         0.000000         0.028000         0.000000
[  212.341726]           rpciod    23       203.951690         2   100         0.000000         0.042375         0.000000
[  212.352965]          kswapd0    24       309.783222         3   120         0.000000         0.077792         0.000000
[  212.364205]           vmstat    25       211.228905         2   100         0.000000         0.032916         0.000000
[  212.375442]           nfsiod    26       220.732909         2   100         0.000000         0.058084         0.000000
[  212.386682]           bioset    35      1007.698356         2   100         0.000000         0.031001         0.000000
[  212.397921]           bioset    36      1009.703106         2   100         0.000000         0.016833         0.000000
[  212.409160]           bioset    37      1011.710144         2   100         0.000000         0.016250         0.000000
[  212.420400]           bioset    38      1013.718435         2   100         0.000000         0.017500         0.000000
[  212.431641]           bioset    39      1015.724807         2   100         0.000000         0.016124         0.000000
[  212.442881]           bioset    40      1017.731843         2   100         0.000000         0.015500         0.000000
[  212.454123]           bioset    41      1019.738636         2   100         0.000000         0.015292         0.000000
[  212.465363]           bioset    42      1021.746010         2   100         0.000000         0.015750         0.000000
[  212.476603]           bioset    43      1023.753016         2   100         0.000000         0.016292         0.000000
[  212.487843]           bioset    44      1025.760312         2   100         0.000000         0.017416         0.000000
[  212.499082]           bioset    45      1027.768801         2   100         0.000000         0.018001         0.000000
[  212.510322]           bioset    46      1029.774757         2   100         0.000000         0.016041         0.000000
[  212.521562]           bioset    47      1031.782674         2   100         0.000000         0.016792         0.000000
[  212.532800]           bioset    48      1033.790053         2   100         0.000000         0.016959         0.000000
[  212.544038]           bioset    49      1035.799058         2   100         0.000000         0.019167         0.000000
[  212.555278]           bioset    50      1037.811943         2   100         0.000000         0.028584         0.000000
[  212.566517]           bioset    51      1053.886143         2   100         0.000000         0.028751         0.000000
[  212.577756]           bioset    52      1055.892356         2   100         0.000000         0.020458         0.000000
[  212.588994]           bioset    53      1057.901140         2   100         0.000000         0.020584         0.000000
[  212.600234]           bioset    54      1059.909042         2   100         0.000000         0.018583         0.000000
[  212.611472]           bioset    55      1061.916977         2   100         0.000000         0.020208         0.000000
[  212.622710]           bioset    56      1063.926767         2   100         0.000000         0.022251         0.000000
[  212.633948]           bioset    57      1065.936606         2   100         0.000000         0.024417         0.000000
[  212.645187]           bioset    58      1067.952664         2   100         0.000000         0.042291         0.000000
[  212.656427]     kworker/u2:1    59      1483.052104         4   120         0.000000         0.056166         0.000000
[  212.667667]        kpsmoused    61      1336.004042         2   100         0.000000         0.040041         0.000000
[  212.678907]    ipv6_addrconf    62      1413.394168         2   100         0.000000         0.090208         0.000000
[  212.690147]          deferwq    63      1483.526716         2   100         0.000000         0.032208         0.000000
[  212.701387]  irq/159-44e0b00    64         0.000000        52    49         0.000000         1.092921         0.000000
[  212.712625]  irq/160-4819c00    65         0.000000         2    49         0.000000         0.041458         0.000000
[  212.723864]      kworker/0:2    66      1631.362356        14   120         0.000000        12.193625         0.000000
[  212.735103] 
[  212.736662] Showing busy workqueues and worker pools:
- 02:25:31 [INFO] [  219.911556] sysrq: SysRq : Show backtrace of all active CPUs
[  219.917516] Sending NMI to all CPUs:
[  219.921264] NMI backtrace for cpu 0
[  219.924928] CPU: 0 PID: 0 Comm: swapper/0 Not tainted 4.5.0-rc1-next-20160128-00002-ged31745b3e0c #1
[  219.934500] Hardware name: Generic AM33XX (Flattened Device Tree)
[  219.940929] [<c0219348>] (unwind_backtrace) from [<c0214a20>] (show_stack+0x10/0x14)
[  219.949062] [<c0214a20>] (show_stack) from [<c0492cb8>] (dump_stack+0x8c/0x9c)
[  219.956645] [<c0492cb8>] (dump_stack) from [<c0496510>] (nmi_cpu_backtrace+0x88/0x8c)
[  219.964861] [<c0496510>] (nmi_cpu_backtrace) from [<c02171e8>] (raise_nmi+0x6c/0x70)
[  219.972986] [<c02171e8>] (raise_nmi) from [<c0496474>] (nmi_trigger_all_cpu_backtrace+0xf4/0x108)
[  219.982300] [<c0496474>] (nmi_trigger_all_cpu_backtrace) from [<c05aa8b4>] (__handle_sysrq+0xa8/0x16c)
[  219.992066] [<c05aa8b4>] (__handle_sysrq) from [<c05d9c60>] (serial_omap_irq+0x384/0x3c4)
[  220.000664] [<c05d9c60>] (serial_omap_irq) from [<c028c9a8>] (handle_irq_event_percpu+0x88/0x140)
[  220.009979] [<c028c9a8>] (handle_irq_event_percpu) from [<c028caa4>] (handle_irq_event+0x44/0x68)
[  220.019294] [<c028caa4>] (handle_irq_event) from [<c028fac8>] (handle_level_irq+0xa0/0x134)
[  220.028059] [<c028fac8>] (handle_level_irq) from [<c028c08c>] (generic_handle_irq+0x24/0x34)
[  220.036916] [<c028c08c>] (generic_handle_irq) from [<c028c33c>] (__handle_domain_irq+0x5c/0xb4)
[  220.046045] [<c028c33c>] (__handle_domain_irq) from [<c0215554>] (__irq_svc+0x54/0x70)
[  220.054355] [<c0215554>] (__irq_svc) from [<c02117ec>] (arch_cpu_idle+0x38/0x3c)
[  220.062117] [<c02117ec>] (arch_cpu_idle) from [<c0280a54>] (cpu_startup_entry+0x1e4/0x240)
[  220.070798] [<c0280a54>] (cpu_startup_entry) from [<c0e73c9c>] (start_kernel+0x3cc/0x3d8)
[  220.079381] [<c0e73c9c>] (start_kernel) from [<8020807c>] (0x8020807c)
[  220.086236] Unable to handle kernel NULL pointer dereference at virtual address 00000000
[  220.094719] pgd = c0204000
[  220.097553] [00000000] *pgd=00000000
[  220.101313] Internal error: Oops: 80000005 [#1] SMP ARM
[  220.106791] Modules linked in:
[  220.110000] CPU: 0 PID: 0 Comm: swapper/0 Not tainted 4.5.0-rc1-next-20160128-00002-ged31745b3e0c #1
[  220.119578] Hardware name: Generic AM33XX (Flattened Device Tree)
[  220.125967] task: c0f909c0 ti: c0f8a000 task.ti: c0f8a000
[  220.131627] PC is at 0x0
[  220.134284] LR is at nmi_trigger_all_cpu_backtrace+0xf4/0x108
[  220.140309] pc : [<00000000>]    lr : [<c0496474>]    psr: 60000193
[  220.140309] sp : c0f8be88  ip : 00000000  fp : c0f8c504
[  220.152343] r10: 00000061  r9 : cf0d8000  r8 : 00000001
[  220.157820] r7 : c021717c  r6 : 00000000  r5 : c0f8c7f8  r4 : 00000001
[  220.164663] r3 : 00000000  r2 : 00000000  r1 : 00000007  r0 : c0f8c7f8
[  220.171509] Flags: nZCv  IRQs off  FIQs on  Mode SVC_32  ISA ARM  Segment none
[  220.179081] Control: 10c5387d  Table: 80204019  DAC: 00000051
[  220.185105] Process swapper/0 (pid: 0, stack limit = 0xc0f8a220)
[  220.191402] Stack: (0xc0f8be88 to 0xc0f8c000)
[  220.195975] be80:                   c0fc0820 c101c604 00000007 0000006c 00000001 c05aa8b4
[  220.204556] bea0: cf251010 00000101 00000002 00000005 c0f8c100 c05d9c60 c10bc0a8 c10bc010
[  220.213136] bec0: c0f8c140 cf53f600 cf0d8060 00000000 00000000 0000009e cf0d8000 c109118c
[  220.221717] bee0: c0f8c504 c028c9a8 00000000 33b261d7 cf0d8000 cf0d8060 00000000 00000000
[  220.230300] bf00: cf006000 c0f87570 c0f8bfa8 c028caa4 cf0d8000 cf0d8010 00000000 c028fac8
[  220.238880] bf20: c0f8648c 0000009e 00000000 c028c08c c0f8648c c028c33c c02117ec 60000013
[  220.247460] bf40: ffffffff c0f8bf84 c0f83364 c0215554 00000001 00000000 00000000 c0223ba0
[  220.256042] bf60: c0f8a000 c0f8c4a4 00000000 00000000 c0f83364 c0f87570 c0f8bfa8 c0f8c504
[  220.264624] bf80: 00000190 c0f8bfa0 c02117e8 c02117ec 60000013 ffffffff 00000051 00000000
[  220.273206] bfa0: c0f8a000 c0280a54 c0f8c50c c109118a 00000000 ffffffff 00000000 c0e73c9c
[  220.281788] bfc0: ffffffff ffffffff 00000000 c0e7367c 00000000 c0f15a30 c10945d4 c0f8c480
[  220.290369] bfe0: c0f15a2c c0f91b84 80204059 413fc082 00000000 8020807c 00000000 00000000
[  220.298954] [<c0496474>] (nmi_trigger_all_cpu_backtrace) from [<c05aa8b4>] (__handle_sysrq+0xa8/0x16c)
[  220.308705] [<c05aa8b4>] (__handle_sysrq) from [<c05d9c60>] (serial_omap_irq+0x384/0x3c4)
[  220.317277] [<c05d9c60>] (serial_omap_irq) from [<c028c9a8>] (handle_irq_event_percpu+0x88/0x140)
[  220.326575] [<c028c9a8>] (handle_irq_event_percpu) from [<c028caa4>] (handle_irq_event+0x44/0x68)
[  220.335872] [<c028caa4>] (handle_irq_event) from [<c028fac8>] (handle_level_irq+0xa0/0x134)
[  220.344622] [<c028fac8>] (handle_level_irq) from [<c028c08c>] (generic_handle_irq+0x24/0x34)
[  220.353464] [<c028c08c>] (generic_handle_irq) from [<c028c33c>] (__handle_domain_irq+0x5c/0xb4)
[  220.362576] [<c028c33c>] (__handle_domain_irq) from [<c0215554>] (__irq_svc+0x54/0x70)
[  220.370870] [<c0215554>] (__irq_svc) from [<c02117ec>] (arch_cpu_idle+0x38/0x3c)
[  220.378618] [<c02117ec>] (arch_cpu_idle) from [<c0280a54>] (cpu_startup_entry+0x1e4/0x240)
[  220.387279] [<c0280a54>] (cpu_startup_entry) from [<c0e73c9c>] (start_kernel+0x3cc/0x3d8)
[  220.395845] [<c0e73c9c>] (start_kernel) from [<8020807c>] (0x8020807c)
[  220.402683] Code: bad PC value
[  220.405888] ---[ end trace cc33b24b28ffc6e9 ]---
[  220.410721] Kernel panic - not syncing: Fatal exception in interrupt
[  220.417379] ---[ end Kernel panic - not syncing: Fatal exception in interrupt
- 02:25:41 [INFO] 
- 02:25:41 [INFO] Disconnected serial from beaglebone
URL:gtsystest.telogy.design.ti.com/vatf/tigtfarm03/tigtfarm03_vatf@bbw1/tigtfarm0301_28_2016_02_21_15/files/session_iteration_1/test_1
