- 01:11:47 [INFO] Starting target session
- 01:11:47 [INFO] Connected to beaglebone-black via serial 
- 01:11:47 [INFO] Host: #check prompt
- 01:11:50 [ERROR] On command: #check prompt waiting for #check prompt.+?(?-mix:((?-mix:login:)|[Pp]assword)) >>> error: execution expired
- 01:11:50 [INFO] Target: 
#check prompt
U-Boot# 
- 01:11:50 [INFO] Host: #check prompt
- 01:11:52 [ERROR] On command: #check prompt waiting for #check prompt.+?(?-mix:root@.+[@:#]+) >>> error: execution expired
- 01:11:52 [INFO] Target: 
#check prompt
U-Boot# 
- 01:11:52 [INFO] Host: #check prompt
- 01:11:54 [ERROR] On command: #check prompt waiting for #check prompt.+?(?-mix:root@.+[@:#]+) >>> error: execution expired
- 01:11:54 [INFO] Target: 
#check prompt
U-Boot# 
- 01:11:54 [INFO] Host: #check prompt
- 01:11:56 [ERROR] On command: #check prompt waiting for #check prompt.+?(?-mix:root@.+[@:#]+) >>> error: execution expired
- 01:11:56 [INFO] Target: 
#check prompt
U-Boot# 
- 01:11:56 [INFO] Disconnected serial from beaglebone-black
- 01:12:01 [INFO] Connected to beaglebone-black via serial 
- 01:12:01 [INFO] Host: 
- 01:12:04 [INFO] Target: 
U-Boot SPL 2015.07-00005-g2cc2dbc (Apr 20 2016 - 14:42:08)
MMC: block number 0x100 exceeds max(0x0)
MMC: block number 0x200 exceeds max(0x0)
*** Error - No Valid Environment Area found
*** Warning - bad CRC, using default environment
reading u-boot.img
reading u-boot.img
U-Boot 2015.07-00005-g2cc2dbc (Apr 20 2016 - 14:42:08 -0500), Build: jenkins-ti-uboot-compile-test-102
       Watchdog enabled
I2C:   ready
DRAM:  512 MiB
MMC:   OMAP SD/MMC: 0, OMAP SD/MMC: 1
Net:   <ethaddr> not set. Validating first E-fuse MAC
cpsw, usb_ether
Hit any key to stop autoboot:  1  0 
U-Boot# 
U-Boot# 
U-Boot# 
U-Boot# 
- 01:12:04 [INFO] Host: 
- 01:12:04 [INFO] Target: 
U-Boot# 
- 01:12:04 [INFO] Host: version
- 01:12:04 [INFO] Target: 
version
U-Boot 2015.07-00005-g2cc2dbc (Apr 20 2016 - 14:42:08 -0500)
arm-linux-gnueabihf-gcc (Linaro GCC 5.3-2016.02) 5.3.1 20160113
GNU ld (GNU Binutils) 2.25.0 Linaro 2015_10
U-Boot# 
- 01:12:04 [INFO] Host: setenv bootargs 'console=ttyO0,115200n8 earlyprintk=serial,ttyO0,115200n8 rootwait '
- 01:12:04 [INFO] Target: 
setenv bootargs 'console=ttyO0,115200n8 earlyprintk=serial,ttyO0,115200n8 rootwait '
U-Boot# 
- 01:12:04 [INFO] Host: setenv bootcmd  ''
- 01:12:04 [INFO] Target: 
setenv bootcmd  ''
U-Boot# 
- 01:12:04 [INFO] Host: setenv autoload 'no'
- 01:12:04 [INFO] Target: 
setenv autoload 'no'
U-Boot# 
- 01:12:04 [INFO] Host: setenv serverip '192.168.0.1'
- 01:12:04 [INFO] Target: 
setenv serverip '192.168.0.1'
U-Boot# 
- 01:12:04 [INFO] Host: setenv _initramfs -
- 01:12:04 [INFO] Target: 
setenv _initramfs -
U-Boot# 
- 01:12:04 [INFO] Host: printenv
- 01:12:05 [INFO] Target: 
printenv
_initramfs=-
arch=arm
args_mmc=run finduuid;setenv bootargs console=${console} ${optargs} root=PARTUUID=${uuid} rw rootfstype=${mmcrootfstype}
autoload=no
baudrate=115200
board=am335x
board_name=A335BNLT
board_rev=0A5A
board_serial=1513BBBK3329
boot_fdt=try
bootargs=console=ttyO0,115200n8 earlyprintk=serial,ttyO0,115200n8 rootwait 
bootcmd=
bootcount=2
bootdelay=1
bootdir=/boot
bootenvfile=uEnv.txt
bootfile=zImage
bootm_size=0x10000000
bootpart=0:2
bootscript=echo Running bootscript from mmc${mmcdev} ...; source ${loadaddr}
console=ttyO0,115200n8
cpu=armv7
dfu_alt_info_emmc=rawemmc raw 0 3751936
dfu_alt_info_mmc=boot part 0 1;rootfs part 0 2;MLO fat 0 1;MLO.raw raw 0x100 0x100;u-boot.img.raw raw 0x300 0x400;spl-os-args.raw raw 0x80 0x80;spl-os-image.raw raw 0x900 0x2000;spl-os-args fat 0 1;spl-os-image fat 0 1;u-boot.img fat 0 1;uEnv.txt fat 0 1
dfu_alt_info_ram=kernel ram 0x80200000 0xD80000;fdt ram 0x80F80000 0x80000;ramdisk ram 0x81000000 0x4000000
envboot=mmc dev ${mmcdev}; if mmc rescan; then echo SD/MMC found on device ${mmcdev};if run loadbootscript; then run bootscript;else if run loadbootenv; then echo Loaded env from ${bootenvfile};run importbootenv;fi;if test -n $uenvcmd; then echo Running uenvcmd ...;run uenvcmd;fi;fi;fi;
eth1addr=c8:a0:30:ac:76:c4
ethact=cpsw
ethaddr=c8:a0:30:ac:76:c2
fdt_addr_r=0x88000000
fdtaddr=0x88000000
fdtfile=undefined
findfdt=if test $board_name = A335BONE; then setenv fdtfile am335x-bone.dtb; fi; if test $board_name = A335BNLT; then setenv fdtfile am335x-boneblack.dtb; fi; if test $board_name = A33515BB; then setenv fdtfile am335x-evm.dtb; fi; if test $board_name = A335X_SK; then setenv fdtfile am335x-evmsk.dtb; fi; if test $board_name = A335_ICE; then setenv fdtfile am335x-icev2.dtb; fi; if test $fdtfile = undefined; then echo WARNING: Could not determine device tree to use; fi; 
finduuid=part uuid mmc 0:2 uuid
importbootenv=echo Importing environment from mmc${mmcdev} ...; env import -t ${loadaddr} ${filesize}
init_console=if test $board_name = A335_ICE; then setenv console ttyO3,115200n8;else setenv console ttyO0,115200n8;fi;
kernel_addr_r=0x82000000
loadaddr=0x82000000
loadbootenv=fatload mmc ${mmcdev} ${loadaddr} ${bootenvfile}
loadbootscript=load mmc ${mmcdev} ${loadaddr} boot.scr
loadfdt=load mmc ${bootpart} ${fdtaddr} ${bootdir}/${fdtfile}
loadimage=load mmc ${bootpart} ${loadaddr} ${bootdir}/${bootfile}
loadramdisk=load mmc ${mmcdev} ${rdaddr} ramdisk.gz
mmcboot=mmc dev ${mmcdev}; if mmc rescan; then echo SD/MMC found on device ${mmcdev};run envboot; if run loadimage; then run mmcloados;fi;fi;
mmcdev=0
mmcloados=run args_mmc; if test ${boot_fdt} = yes || test ${boot_fdt} = try; then if run loadfdt; then bootz ${loadaddr} - ${fdtaddr}; else if test ${boot_fdt} = try; then bootz; else echo WARN: Cannot load the DT; fi; fi; else bootz; fi;
mmcrootfstype=ext4 rootwait
netargs=setenv bootargs console=${console} ${optargs} root=/dev/nfs nfsroot=${serverip}:${rootpath},${nfsopts} rw ip=dhcp
netboot=echo Booting from network ...; setenv autoload no; dhcp; run netloadimage; run netloadfdt; run netargs; bootz ${loadaddr} - ${fdtaddr}
netloadfdt=tftp ${fdtaddr} ${fdtfile}
netloadimage=tftp ${loadaddr} ${bootfile}
nfsopts=nolock
partitions=uuid_disk=${uuid_gpt_disk};name=rootfs,start=2MiB,size=-,uuid=${uuid_gpt_rootfs}
ramargs=setenv bootargs console=${console} ${optargs} root=${ramroot} rootfstype=${ramrootfstype}
ramboot=echo Booting from ramdisk ...; run ramargs; bootz ${loadaddr} ${rdaddr} ${fdtaddr}
ramdisk_addr_r=0x88080000
ramroot=/dev/ram0 rw
ramrootfstype=ext2
rdaddr=0x88080000
rootpath=/export/rootfs
serverip=192.168.0.1
soc=am33xx
spiargs=setenv bootargs console=${console} ${optargs} root=${spiroot} rootfstype=${spirootfstype}
spiboot=echo Booting from spi ...; run spiargs; sf probe ${spibusno}:0; sf read ${loadaddr} ${spisrcaddr} ${spiimgsize}; bootz ${loadaddr}
spibusno=0
spiimgsize=0x362000
spiroot=/dev/mtdblock4 rw
spirootfstype=jffs2
spisrcaddr=0xe0000
static_ip=${ipaddr}:${serverip}:${gatewayip}:${netmask}:${hostname}::off
stderr=serial_omap
stdin=serial_omap
stdout=serial_omap
usbnet_devaddr=c8:a0:30:ac:76:c4
vendor=ti
ver=U-Boot 2015.07-00005-g2cc2dbc (Apr 20 2016 - 14:42:08 -0500)
Environment size: 4367/131067 bytes
U-Boot# 
- 01:12:05 [INFO] Host: printenv
- 01:12:05 [INFO] Target: 
printenv
_initramfs=-
arch=arm
args_mmc=run finduuid;setenv bootargs console=${console} ${optargs} root=PARTUUID=${uuid} rw rootfstype=${mmcrootfstype}
autoload=no
baudrate=115200
board=am335x
board_name=A335BNLT
board_rev=0A5A
board_serial=1513BBBK3329
boot_fdt=try
bootargs=console=ttyO0,115200n8 earlyprintk=serial,ttyO0,115200n8 rootwait 
bootcmd=
bootcount=2
bootdelay=1
bootdir=/boot
bootenvfile=uEnv.txt
bootfile=zImage
bootm_size=0x10000000
bootpart=0:2
bootscript=echo Running bootscript from mmc${mmcdev} ...; source ${loadaddr}
console=ttyO0,115200n8
cpu=armv7
dfu_alt_info_emmc=rawemmc raw 0 3751936
dfu_alt_info_mmc=boot part 0 1;rootfs part 0 2;MLO fat 0 1;MLO.raw raw 0x100 0x100;u-boot.img.raw raw 0x300 0x400;spl-os-args.raw raw 0x80 0x80;spl-os-image.raw raw 0x900 0x2000;spl-os-args fat 0 1;spl-os-image fat 0 1;u-boot.img fat 0 1;uEnv.txt fat 0 1
dfu_alt_info_ram=kernel ram 0x80200000 0xD80000;fdt ram 0x80F80000 0x80000;ramdisk ram 0x81000000 0x4000000
envboot=mmc dev ${mmcdev}; if mmc rescan; then echo SD/MMC found on device ${mmcdev};if run loadbootscript; then run bootscript;else if run loadbootenv; then echo Loaded env from ${bootenvfile};run importbootenv;fi;if test -n $uenvcmd; then echo Running uenvcmd ...;run uenvcmd;fi;fi;fi;
eth1addr=c8:a0:30:ac:76:c4
ethact=cpsw
ethaddr=c8:a0:30:ac:76:c2
fdt_addr_r=0x88000000
fdtaddr=0x88000000
fdtfile=undefined
findfdt=if test $board_name = A335BONE; then setenv fdtfile am335x-bone.dtb; fi; if test $board_name = A335BNLT; then setenv fdtfile am335x-boneblack.dtb; fi; if test $board_name = A33515BB; then setenv fdtfile am335x-evm.dtb; fi; if test $board_name = A335X_SK; then setenv fdtfile am335x-evmsk.dtb; fi; if test $board_name = A335_ICE; then setenv fdtfile am335x-icev2.dtb; fi; if test $fdtfile = undefined; then echo WARNING: Could not determine device tree to use; fi; 
finduuid=part uuid mmc 0:2 uuid
importbootenv=echo Importing environment from mmc${mmcdev} ...; env import -t ${loadaddr} ${filesize}
init_console=if test $board_name = A335_ICE; then setenv console ttyO3,115200n8;else setenv console ttyO0,115200n8;fi;
kernel_addr_r=0x82000000
loadaddr=0x82000000
loadbootenv=fatload mmc ${mmcdev} ${loadaddr} ${bootenvfile}
loadbootscript=load mmc ${mmcdev} ${loadaddr} boot.scr
loadfdt=load mmc ${bootpart} ${fdtaddr} ${bootdir}/${fdtfile}
loadimage=load mmc ${bootpart} ${loadaddr} ${bootdir}/${bootfile}
loadramdisk=load mmc ${mmcdev} ${rdaddr} ramdisk.gz
mmcboot=mmc dev ${mmcdev}; if mmc rescan; then echo SD/MMC found on device ${mmcdev};run envboot; if run loadimage; then run mmcloados;fi;fi;
mmcdev=0
mmcloados=run args_mmc; if test ${boot_fdt} = yes || test ${boot_fdt} = try; then if run loadfdt; then bootz ${loadaddr} - ${fdtaddr}; else if test ${boot_fdt} = try; then bootz; else echo WARN: Cannot load the DT; fi; fi; else bootz; fi;
mmcrootfstype=ext4 rootwait
netargs=setenv bootargs console=${console} ${optargs} root=/dev/nfs nfsroot=${serverip}:${rootpath},${nfsopts} rw ip=dhcp
netboot=echo Booting from network ...; setenv autoload no; dhcp; run netloadimage; run netloadfdt; run netargs; bootz ${loadaddr} - ${fdtaddr}
netloadfdt=tftp ${fdtaddr} ${fdtfile}
netloadimage=tftp ${loadaddr} ${bootfile}
nfsopts=nolock
partitions=uuid_disk=${uuid_gpt_disk};name=rootfs,start=2MiB,size=-,uuid=${uuid_gpt_rootfs}
ramargs=setenv bootargs console=${console} ${optargs} root=${ramroot} rootfstype=${ramrootfstype}
ramboot=echo Booting from ramdisk ...; run ramargs; bootz ${loadaddr} ${rdaddr} ${fdtaddr}
ramdisk_addr_r=0x88080000
ramroot=/dev/ram0 rw
ramrootfstype=ext2
rdaddr=0x88080000
rootpath=/export/rootfs
serverip=192.168.0.1
soc=am33xx
spiargs=setenv bootargs console=${console} ${optargs} root=${spiroot} rootfstype=${spirootfstype}
spiboot=echo Booting from spi ...; run spiargs; sf probe ${spibusno}:0; sf read ${loadaddr} ${spisrcaddr} ${spiimgsize}; bootz ${loadaddr}
spibusno=0
spiimgsize=0x362000
spiroot=/dev/mtdblock4 rw
spirootfstype=jffs2
spisrcaddr=0xe0000
static_ip=${ipaddr}:${serverip}:${gatewayip}:${netmask}:${hostname}::off
stderr=serial_omap
stdin=serial_omap
stdout=serial_omap
usbnet_devaddr=c8:a0:30:ac:76:c4
vendor=ti
ver=U-Boot 2015.07-00005-g2cc2dbc (Apr 20 2016 - 14:42:08 -0500)
Environment size: 4367/131067 bytes
U-Boot# 
- 01:12:05 [INFO] Host: setenv bootargs ''${bootargs}' ip=:::::eth0:dhcp '
- 01:12:05 [INFO] Target: 
setenv bootargs ''${bootargs}' ip=:::::eth0:dhcp '
U-Boot# 
- 01:12:05 [INFO] Host: setenv serverip '192.168.0.1'
- 01:12:05 [INFO] Target: 
setenv serverip '192.168.0.1'
U-Boot# 
- 01:12:05 [INFO] Host: setenv autoload 'no'
- 01:12:06 [INFO] Target: 
setenv autoload 'no'
U-Boot# 
- 01:12:06 [INFO] Host: dhcp
- 01:12:07 [INFO] Target: 
dhcp
link up on port 0, speed 100, full duplex
BOOTP broadcast 1
BOOTP broadcast 2
BOOTP broadcast 3
DHCP client bound to address 192.168.0.245 (1003 ms)
U-Boot# 
- 01:12:07 [INFO] Host: tftp ${loadaddr} 192.168.0.1:vatf_bbb/36d1332c229c5df3750e812f6f84f7be
- 01:12:08 [INFO] Target: 
tftp ${loadaddr} 192.168.0.1:vatf_bbb/36d1332c229c5df3750e812f6f84f7be
link up on port 0, speed 100, full duplex
Using cpsw device
TFTP from server 192.168.0.1; our IP address is 192.168.0.245
Filename 'vatf_bbb/36d1332c229c5df3750e812f6f84f7be'.
Load address: 0x82000000
Loading: *#################################################################
	 #################################################################
	 #################################################################
	 #################################################################
	 #################################################################
	 #################################################################
	 #################################################################
	 ######################
	 4.7 MiB/s
done
Bytes transferred = 6989880 (6aa838 hex)
U-Boot# 
- 01:12:08 [INFO] Host: tftp ${fdt_addr_r} 192.168.0.1:vatf_bbb/09d078d29dbe2408b55d138285b81607
- 01:12:08 [INFO] Target: 
tftp ${fdt_addr_r} 192.168.0.1:vatf_bbb/09d078d29dbe2408b55d138285b81607
link up on port 0, speed 100, full duplex
Using cpsw device
TFTP from server 192.168.0.1; our IP address is 192.168.0.245
Filename 'vatf_bbb/09d078d29dbe2408b55d138285b81607'.
Load address: 0x88000000
Loading: *###
	 3.9 MiB/s
done
Bytes transferred = 32777 (8009 hex)
U-Boot# 
- 01:12:08 [INFO] Host: ls mmc 0:1
- 01:12:08 [INFO] Target: 
ls mmc 0:1
    74480   mlo 
  2206363   am335x-evm-sk-quickstartguide.pdf 
      140   autorun.inf 
   176621   beaglebone-quickstartguide.pdf 
  2371014   quickstartguide.pdf 
       14   .ipaddr 
     1164   readme 
   315668   u-boot.img 
            windows_users/
        0   pointercal 
        4   ws-calibrate.rules 
10 file(s), 1 dir(s)
U-Boot# 
- 01:12:08 [INFO] Host: ls mmc 0:2
- 01:12:09 [INFO] Target: 
ls mmc 0:2
<DIR>       4096 .
<DIR>       4096 ..
<DIR>       4096 bin
<DIR>       4096 boot
<DIR>       4096 dev
<DIR>       4096 etc
<DIR>       4096 home
<DIR>       4096 lib
<DIR>       4096 media
<DIR>       4096 mnt
<DIR>       4096 opt
<DIR>       4096 proc
<DIR>       4096 sbin
<DIR>       4096 srv
<DIR>       4096 sys
<SYM>          8 tmp
<DIR>       4096 usr
<DIR>       4096 var
<DIR>       4096 www
<SYM>          8 run
<DIR>       4096 Settings
<DIR>       4096 test
U-Boot# 
- 01:12:09 [INFO] Host: part uuid mmc 0:2
- 01:12:09 [INFO] Target: 
part uuid mmc 0:2
00000000-02
U-Boot# 
- 01:12:09 [INFO] Host: printenv
- 01:12:09 [INFO] Target: 
printenv
_initramfs=-
arch=arm
args_mmc=run finduuid;setenv bootargs console=${console} ${optargs} root=PARTUUID=${uuid} rw rootfstype=${mmcrootfstype}
autoload=no
baudrate=115200
board=am335x
board_name=A335BNLT
board_rev=0A5A
board_serial=1513BBBK3329
boot_fdt=try
bootargs=console=ttyO0,115200n8 earlyprintk=serial,ttyO0,115200n8 rootwait  ip=:::::eth0:dhcp 
bootcmd=
bootcount=2
bootdelay=1
bootdir=/boot
bootenvfile=uEnv.txt
bootfile=zImage
bootm_size=0x10000000
bootpart=0:2
bootscript=echo Running bootscript from mmc${mmcdev} ...; source ${loadaddr}
console=ttyO0,115200n8
cpu=armv7
dfu_alt_info_emmc=rawemmc raw 0 3751936
dfu_alt_info_mmc=boot part 0 1;rootfs part 0 2;MLO fat 0 1;MLO.raw raw 0x100 0x100;u-boot.img.raw raw 0x300 0x400;spl-os-args.raw raw 0x80 0x80;spl-os-image.raw raw 0x900 0x2000;spl-os-args fat 0 1;spl-os-image fat 0 1;u-boot.img fat 0 1;uEnv.txt fat 0 1
dfu_alt_info_ram=kernel ram 0x80200000 0xD80000;fdt ram 0x80F80000 0x80000;ramdisk ram 0x81000000 0x4000000
dnsip=192.0.2.2
dnsip2=192.0.2.3
envboot=mmc dev ${mmcdev}; if mmc rescan; then echo SD/MMC found on device ${mmcdev};if run loadbootscript; then run bootscript;else if run loadbootenv; then echo Loaded env from ${bootenvfile};run importbootenv;fi;if test -n $uenvcmd; then echo Running uenvcmd ...;run uenvcmd;fi;fi;fi;
eth1addr=c8:a0:30:ac:76:c4
ethact=cpsw
ethaddr=c8:a0:30:ac:76:c2
fdt_addr_r=0x88000000
fdtaddr=0x88000000
fdtfile=undefined
fileaddr=88000000
filesize=8009
findfdt=if test $board_name = A335BONE; then setenv fdtfile am335x-bone.dtb; fi; if test $board_name = A335BNLT; then setenv fdtfile am335x-boneblack.dtb; fi; if test $board_name = A33515BB; then setenv fdtfile am335x-evm.dtb; fi; if test $board_name = A335X_SK; then setenv fdtfile am335x-evmsk.dtb; fi; if test $board_name = A335_ICE; then setenv fdtfile am335x-icev2.dtb; fi; if test $fdtfile = undefined; then echo WARNING: Could not determine device tree to use; fi; 
finduuid=part uuid mmc 0:2 uuid
gatewayip=192.168.0.1
importbootenv=echo Importing environment from mmc${mmcdev} ...; env import -t ${loadaddr} ${filesize}
init_console=if test $board_name = A335_ICE; then setenv console ttyO3,115200n8;else setenv console ttyO0,115200n8;fi;
ipaddr=192.168.0.245
kernel_addr_r=0x82000000
loadaddr=0x82000000
loadbootenv=fatload mmc ${mmcdev} ${loadaddr} ${bootenvfile}
loadbootscript=load mmc ${mmcdev} ${loadaddr} boot.scr
loadfdt=load mmc ${bootpart} ${fdtaddr} ${bootdir}/${fdtfile}
loadimage=load mmc ${bootpart} ${loadaddr} ${bootdir}/${bootfile}
loadramdisk=load mmc ${mmcdev} ${rdaddr} ramdisk.gz
mmcboot=mmc dev ${mmcdev}; if mmc rescan; then echo SD/MMC found on device ${mmcdev};run envboot; if run loadimage; then run mmcloados;fi;fi;
mmcdev=0
mmcloados=run args_mmc; if test ${boot_fdt} = yes || test ${boot_fdt} = try; then if run loadfdt; then bootz ${loadaddr} - ${fdtaddr}; else if test ${boot_fdt} = try; then bootz; else echo WARN: Cannot load the DT; fi; fi; else bootz; fi;
mmcrootfstype=ext4 rootwait
netargs=setenv bootargs console=${console} ${optargs} root=/dev/nfs nfsroot=${serverip}:${rootpath},${nfsopts} rw ip=dhcp
netboot=echo Booting from network ...; setenv autoload no; dhcp; run netloadimage; run netloadfdt; run netargs; bootz ${loadaddr} - ${fdtaddr}
netloadfdt=tftp ${fdtaddr} ${fdtfile}
netloadimage=tftp ${loadaddr} ${bootfile}
netmask=255.255.255.0
nfsopts=nolock
partitions=uuid_disk=${uuid_gpt_disk};name=rootfs,start=2MiB,size=-,uuid=${uuid_gpt_rootfs}
ramargs=setenv bootargs console=${console} ${optargs} root=${ramroot} rootfstype=${ramrootfstype}
ramboot=echo Booting from ramdisk ...; run ramargs; bootz ${loadaddr} ${rdaddr} ${fdtaddr}
ramdisk_addr_r=0x88080000
ramroot=/dev/ram0 rw
ramrootfstype=ext2
rdaddr=0x88080000
rootpath=/export/rootfs
serverip=192.168.0.1
soc=am33xx
spiargs=setenv bootargs console=${console} ${optargs} root=${spiroot} rootfstype=${spirootfstype}
spiboot=echo Booting from spi ...; run spiargs; sf probe ${spibusno}:0; sf read ${loadaddr} ${spisrcaddr} ${spiimgsize}; bootz ${loadaddr}
spibusno=0
spiimgsize=0x362000
spiroot=/dev/mtdblock4 rw
spirootfstype=jffs2
spisrcaddr=0xe0000
static_ip=${ipaddr}:${serverip}:${gatewayip}:${netmask}:${hostname}::off
stderr=serial_omap
stdin=serial_omap
stdout=serial_omap
usbnet_devaddr=c8:a0:30:ac:76:c4
vendor=ti
ver=U-Boot 2015.07-00005-g2cc2dbc (Apr 20 2016 - 14:42:08 -0500)
Environment size: 4530/131067 bytes
U-Boot# 
- 01:12:09 [INFO] Host: setenv bootargs ''${bootargs}' root=PARTUUID=00000000-02 rw rootfstype=ext4 rootwait '
- 01:12:09 [INFO] Target: 
setenv bootargs ''${bootargs}' root=PARTUUID=00000000-02 rw rootfstype=ext4 rootwait '
U-Boot# 
- 01:12:09 [INFO] Host: printenv
- 01:12:10 [INFO] Target: 
printenv
_initramfs=-
arch=arm
args_mmc=run finduuid;setenv bootargs console=${console} ${optargs} root=PARTUUID=${uuid} rw rootfstype=${mmcrootfstype}
autoload=no
baudrate=115200
board=am335x
board_name=A335BNLT
board_rev=0A5A
board_serial=1513BBBK3329
boot_fdt=try
bootargs=console=ttyO0,115200n8 earlyprintk=serial,ttyO0,115200n8 rootwait  ip=:::::eth0:dhcp  root=PARTUUID=00000000-02 rw rootfstype=ext4 rootwait 
bootcmd=
bootcount=2
bootdelay=1
bootdir=/boot
bootenvfile=uEnv.txt
bootfile=zImage
bootm_size=0x10000000
bootpart=0:2
bootscript=echo Running bootscript from mmc${mmcdev} ...; source ${loadaddr}
console=ttyO0,115200n8
cpu=armv7
dfu_alt_info_emmc=rawemmc raw 0 3751936
dfu_alt_info_mmc=boot part 0 1;rootfs part 0 2;MLO fat 0 1;MLO.raw raw 0x100 0x100;u-boot.img.raw raw 0x300 0x400;spl-os-args.raw raw 0x80 0x80;spl-os-image.raw raw 0x900 0x2000;spl-os-args fat 0 1;spl-os-image fat 0 1;u-boot.img fat 0 1;uEnv.txt fat 0 1
dfu_alt_info_ram=kernel ram 0x80200000 0xD80000;fdt ram 0x80F80000 0x80000;ramdisk ram 0x81000000 0x4000000
dnsip=192.0.2.2
dnsip2=192.0.2.3
envboot=mmc dev ${mmcdev}; if mmc rescan; then echo SD/MMC found on device ${mmcdev};if run loadbootscript; then run bootscript;else if run loadbootenv; then echo Loaded env from ${bootenvfile};run importbootenv;fi;if test -n $uenvcmd; then echo Running uenvcmd ...;run uenvcmd;fi;fi;fi;
eth1addr=c8:a0:30:ac:76:c4
ethact=cpsw
ethaddr=c8:a0:30:ac:76:c2
fdt_addr_r=0x88000000
fdtaddr=0x88000000
fdtfile=undefined
fileaddr=88000000
filesize=8009
findfdt=if test $board_name = A335BONE; then setenv fdtfile am335x-bone.dtb; fi; if test $board_name = A335BNLT; then setenv fdtfile am335x-boneblack.dtb; fi; if test $board_name = A33515BB; then setenv fdtfile am335x-evm.dtb; fi; if test $board_name = A335X_SK; then setenv fdtfile am335x-evmsk.dtb; fi; if test $board_name = A335_ICE; then setenv fdtfile am335x-icev2.dtb; fi; if test $fdtfile = undefined; then echo WARNING: Could not determine device tree to use; fi; 
finduuid=part uuid mmc 0:2 uuid
gatewayip=192.168.0.1
importbootenv=echo Importing environment from mmc${mmcdev} ...; env import -t ${loadaddr} ${filesize}
init_console=if test $board_name = A335_ICE; then setenv console ttyO3,115200n8;else setenv console ttyO0,115200n8;fi;
ipaddr=192.168.0.245
kernel_addr_r=0x82000000
loadaddr=0x82000000
loadbootenv=fatload mmc ${mmcdev} ${loadaddr} ${bootenvfile}
loadbootscript=load mmc ${mmcdev} ${loadaddr} boot.scr
loadfdt=load mmc ${bootpart} ${fdtaddr} ${bootdir}/${fdtfile}
loadimage=load mmc ${bootpart} ${loadaddr} ${bootdir}/${bootfile}
loadramdisk=load mmc ${mmcdev} ${rdaddr} ramdisk.gz
mmcboot=mmc dev ${mmcdev}; if mmc rescan; then echo SD/MMC found on device ${mmcdev};run envboot; if run loadimage; then run mmcloados;fi;fi;
mmcdev=0
mmcloados=run args_mmc; if test ${boot_fdt} = yes || test ${boot_fdt} = try; then if run loadfdt; then bootz ${loadaddr} - ${fdtaddr}; else if test ${boot_fdt} = try; then bootz; else echo WARN: Cannot load the DT; fi; fi; else bootz; fi;
mmcrootfstype=ext4 rootwait
netargs=setenv bootargs console=${console} ${optargs} root=/dev/nfs nfsroot=${serverip}:${rootpath},${nfsopts} rw ip=dhcp
netboot=echo Booting from network ...; setenv autoload no; dhcp; run netloadimage; run netloadfdt; run netargs; bootz ${loadaddr} - ${fdtaddr}
netloadfdt=tftp ${fdtaddr} ${fdtfile}
netloadimage=tftp ${loadaddr} ${bootfile}
netmask=255.255.255.0
nfsopts=nolock
partitions=uuid_disk=${uuid_gpt_disk};name=rootfs,start=2MiB,size=-,uuid=${uuid_gpt_rootfs}
ramargs=setenv bootargs console=${console} ${optargs} root=${ramroot} rootfstype=${ramrootfstype}
ramboot=echo Booting from ramdisk ...; run ramargs; bootz ${loadaddr} ${rdaddr} ${fdtaddr}
ramdisk_addr_r=0x88080000
ramroot=/dev/ram0 rw
ramrootfstype=ext2
rdaddr=0x88080000
rootpath=/export/rootfs
serverip=192.168.0.1
soc=am33xx
spiargs=setenv bootargs console=${console} ${optargs} root=${spiroot} rootfstype=${spirootfstype}
spiboot=echo Booting from spi ...; run spiargs; sf probe ${spibusno}:0; sf read ${loadaddr} ${spisrcaddr} ${spiimgsize}; bootz ${loadaddr}
spibusno=0
spiimgsize=0x362000
spiroot=/dev/mtdblock4 rw
spirootfstype=jffs2
spisrcaddr=0xe0000
static_ip=${ipaddr}:${serverip}:${gatewayip}:${netmask}:${hostname}::off
stderr=serial_omap
stdin=serial_omap
stdout=serial_omap
usbnet_devaddr=c8:a0:30:ac:76:c4
vendor=ti
ver=U-Boot 2015.07-00005-g2cc2dbc (Apr 20 2016 - 14:42:08 -0500)
Environment size: 4585/131067 bytes
U-Boot# 
- 01:12:10 [INFO] Host: setenv bootcmd ''${bootcmd}' if iminfo ${loadaddr}; then bootm ${loadaddr} ${_initramfs} ${fdt_addr_r}; else bootz ${loadaddr} ${_initramfs} ${fdt_addr_r}; bootm ${loadaddr} ${_initramfs} ${fdt_addr_r}; fi'
- 01:12:10 [INFO] Target: 
setenv bootcmd ''${bootcmd}' if iminfo ${loadaddr}; then bootm ${loadaddr} ${_initramfs} ${fdt_addr_r}; else bootz ${loadaddr} ${_initramfs} ${fdt_addr_r}; bootm ${loadaddr} ${_initramfs} ${fdt_addr_r}; fi'
U-Boot# 
- 01:12:10 [INFO] Host: version
- 01:12:10 [INFO] Target: 
version
U-Boot 2015.07-00005-g2cc2dbc (Apr 20 2016 - 14:42:08 -0500)
arm-linux-gnueabihf-gcc (Linaro GCC 5.3-2016.02) 5.3.1 20160113
GNU ld (GNU Binutils) 2.25.0 Linaro 2015_10
U-Boot# 
- 01:12:10 [INFO] Host: bdinfo
- 01:12:10 [INFO] Target: 
bdinfo
arch_number = 0x00000E05
boot_params = 0x80000100
DRAM bank   = 0x00000000
-> start    = 0x80000000
-> size     = 0x20000000
eth0name    = cpsw
ethaddr     = c8:a0:30:ac:76:c2
eth1name    = usb_ether
eth1addr    = c8:a0:30:ac:76:c4
current eth = cpsw
ip_addr     = 192.168.0.245
baudrate    = 115200 bps
TLB addr    = 0x9FFF0000
relocaddr   = 0x9FF5E000
reloc off   = 0x1F75E000
irq_sp      = 0x9EF3DEC0
sp start    = 0x9EF3DEB0
U-Boot# 
- 01:12:10 [INFO] Host: mmc rescan; echo $?
- 01:12:10 [INFO] Target: 
mmc rescan; echo $?
U-Boot# 
- 01:12:10 [INFO] Host: fatwrite mmc ${mmcdev}:1 ${loadaddr} ws-calibrate.rules 4
- 01:12:10 [INFO] Target: 
fatwrite mmc ${mmcdev}:1 ${loadaddr} ws-calibrate.rules 4
writing ws-calibrate.rules
4 bytes written
U-Boot# 
- 01:12:10 [INFO] Host: boot
- 01:12:28 [INFO] Target: 
boot
## Checking Image at 82000000 ...
Unknown image format!
Kernel image @ 0x82000000 [ 0x000000 - 0x6aa838 ]
## Flattened Device Tree blob at 88000000
   Booting using the fdt blob at 0x88000000
   Loading Device Tree to 8fff4000, end 8ffff008 ... OK
Starting kernel ...
[    0.000000] Booting Linux on physical CPU 0x0
[    0.000000] Linux version 4.6.0-rc6-next-20160504-00002-g1bd946ac5a49 (nmenon@horus) (gcc version 4.9.3 20150413 (prerelease) (Linaro GCC 4.9-2015.05) ) #1 SMP Wed May 4 07:25:02 CDT 2016
[    0.000000] CPU: ARMv7 Processor [413fc082] revision 2 (ARMv7), cr=10c5387d
[    0.000000] CPU: PIPT / VIPT nonaliasing data cache, VIPT aliasing instruction cache
[    0.000000] Machine model: TI AM335x BeagleBone Black
[    0.000000] cma: Reserved 64 MiB at 0x9b800000
[    0.000000] Memory policy: Data cache writeback
[    0.000000] CPU: All CPU(s) started in SVC mode.
[    0.000000] AM335X ES2.0 (sgx neon )
[    0.000000] percpu: Embedded 13 pages/cpu @df9a2000 s23744 r8192 d21312 u53248
[    0.000000] Built 1 zonelists in Zone order, mobility grouping on.  Total pages: 129536
[    0.000000] Kernel command line: console=ttyO0,115200n8 earlyprintk=serial,ttyO0,115200n8 rootwait  ip=:::::eth0:dhcp  root=PARTUUID=00000000-02 rw rootfstype=ext4 rootwait 
[    0.000000] PID hash table entries: 2048 (order: 1, 8192 bytes)
[    0.000000] Dentry cache hash table entries: 65536 (order: 6, 262144 bytes)
[    0.000000] Inode-cache hash table entries: 32768 (order: 5, 131072 bytes)
[    0.000000] Memory: 433996K/522240K available (9469K kernel code, 1067K rwdata, 4272K rodata, 2048K init, 342K bss, 22708K reserved, 65536K cma-reserved, 0K highmem)
[    0.000000] Virtual kernel memory layout:
[    0.000000]     vector  : 0xffff0000 - 0xffff1000   (   4 kB)
[    0.000000]     fixmap  : 0xffc00000 - 0xfff00000   (3072 kB)
[    0.000000]     vmalloc : 0xe0800000 - 0xff800000   ( 496 MB)
[    0.000000]     lowmem  : 0xc0000000 - 0xe0000000   ( 512 MB)
[    0.000000]     pkmap   : 0xbfe00000 - 0xc0000000   (   2 MB)
[    0.000000]     modules : 0xbf000000 - 0xbfe00000   (  14 MB)
[    0.000000]       .text : 0xc0208000 - 0xc106b6d0   (14734 kB)
[    0.000000]       .init : 0xc1100000 - 0xc1300000   (2048 kB)
[    0.000000]       .data : 0xc1300000 - 0xc140aee0   (1068 kB)
[    0.000000]        .bss : 0xc140c000 - 0xc1461b58   ( 343 kB)
[    0.000000] SLUB: HWalign=64, Order=0-3, MinObjects=0, CPUs=1, Nodes=1
[    0.000000] Hierarchical RCU implementation.
[    0.000000] 	Build-time adjustment of leaf fanout to 32.
[    0.000000] 	RCU restricting CPUs from NR_CPUS=16 to nr_cpu_ids=1.
[    0.000000] RCU: Adjusting geometry for rcu_fanout_leaf=32, nr_cpu_ids=1
[    0.000000] NR_IRQS:16 nr_irqs:16 16
[    0.000000] IRQ: Found an INTC at 0xfa200000 (revision 5.0) with 128 interrupts
[    0.000000] OMAP clockevent source: timer2 at 24000000 Hz
[    0.000015] sched_clock: 32 bits at 24MHz, resolution 41ns, wraps every 89478484971ns
[    0.000033] clocksource: timer1: mask: 0xffffffff max_cycles: 0xffffffff, max_idle_ns: 79635851949 ns
[    0.000044] OMAP clocksource: timer1 at 24000000 Hz
[    0.000212] Console: colour dummy device 80x30
[    0.000246] Calibrating delay loop... 997.78 BogoMIPS (lpj=2494464)
[    0.059239] pid_max: default: 32768 minimum: 301
[    0.059361] Mount-cache hash table entries: 1024 (order: 0, 4096 bytes)
[    0.059372] Mountpoint-cache hash table entries: 1024 (order: 0, 4096 bytes)
[    0.060039] CPU: Testing write buffer coherency: ok
[    0.060374] CPU0: thread -1, cpu 0, socket -1, mpidr 0
[    0.060429] Setting up static identity map for 0x80300000 - 0x80300098
[    0.063653] Brought up 1 CPUs
[    0.063669] SMP: Total of 1 processors activated (997.78 BogoMIPS).
[    0.063677] CPU: All CPU(s) started in SVC mode.
[    0.065060] devtmpfs: initialized
[    0.073779] VFP support v0.3: implementor 41 architecture 3 part 30 variant c rev 3
[    0.074533] clocksource: jiffies: mask: 0xffffffff max_cycles: 0xffffffff, max_idle_ns: 9556302231375000 ns
[    0.078232] pinctrl core: initialized pinctrl subsystem
[    0.080427] NET: Registered protocol family 16
[    0.082450] DMA: preallocated 256 KiB pool for atomic coherent allocations
[    0.100787] omap_hwmod: debugss: _wait_target_disable failed
[    0.156736] cpuidle: using governor menu
[    0.162290] OMAP GPIO hardware version 0.1
[    0.172861] No ATAGs?
[    0.172885] hw-breakpoint: debug architecture 0x4 unsupported.
[    0.173282] omap4_sram_init:Unable to allocate sram needed to handle errata I688
[    0.173292] omap4_sram_init:Unable to get sram pool needed to handle errata I688
[    0.176761] Serial: AMBA PL011 UART driver
[    0.195397] edma 49000000.edma: TI EDMA DMA engine driver
[    0.198399] vgaarb: loaded
[    0.199323] SCSI subsystem initialized
[    0.199910] usbcore: registered new interface driver usbfs
[    0.199977] usbcore: registered new interface driver hub
[    0.200036] usbcore: registered new device driver usb
[    0.200702] omap_i2c 44e0b000.i2c: could not find pctldev for node /ocp/l4_wkup@44c00000/scm@210000/pinmux@800/pinmux_i2c0_pins, deferring probe
[    0.200751] omap_i2c 4819c000.i2c: could not find pctldev for node /ocp/l4_wkup@44c00000/scm@210000/pinmux@800/pinmux_i2c2_pins, deferring probe
[    0.201316] pps_core: LinuxPPS API ver. 1 registered
[    0.201325] pps_core: Software ver. 5.3.6 - Copyright 2005-2007 Rodolfo Giometti <giometti@linux.it>
[    0.201355] PTP clock support registered
[    0.201510] EDAC MC: Ver: 3.0.0
[    0.204172] clocksource: Switched to clocksource timer1
[    0.214112] NET: Registered protocol family 2
[    0.214865] TCP established hash table entries: 4096 (order: 2, 16384 bytes)
[    0.214915] TCP bind hash table entries: 4096 (order: 3, 32768 bytes)
[    0.214974] TCP: Hash tables configured (established 4096 bind 4096)
[    0.215050] UDP hash table entries: 256 (order: 1, 8192 bytes)
[    0.215069] UDP-Lite hash table entries: 256 (order: 1, 8192 bytes)
[    0.215203] NET: Registered protocol family 1
[    0.215588] RPC: Registered named UNIX socket transport module.
[    0.215599] RPC: Registered udp transport module.
[    0.215605] RPC: Registered tcp transport module.
[    0.215611] RPC: Registered tcp NFSv4.1 backchannel transport module.
[    0.216576] hw perfevents: enabled with armv7_cortex_a8 PMU driver, 5 counters available
[    0.218295] futex hash table entries: 256 (order: 2, 16384 bytes)
[    0.219316] workingset: timestamp_bits=28 max_order=17 bucket_order=0
[    0.229734] squashfs: version 4.0 (2009/01/31) Phillip Lougher
[    0.230732] NFS: Registering the id_resolver key type
[    0.230797] Key type id_resolver registered
[    0.230804] Key type id_legacy registered
[    0.230854] ntfs: driver 2.1.32 [Flags: R/O].
[    0.232495] Block layer SCSI generic (bsg) driver version 0.4 loaded (major 248)
[    0.232512] io scheduler noop registered
[    0.232519] io scheduler deadline registered
[    0.232551] io scheduler cfq registered (default)
[    0.236710] pinctrl-single 44e10800.pinmux: 142 pins at pa f9e10800 size 568
[    0.302299] Serial: 8250/16550 driver, 4 ports, IRQ sharing disabled
[    0.305115] SuperH (H)SCI(F) driver initialized
[    0.305814] msm_serial: driver initialized
[    0.306127] omap_uart 44e09000.serial: no wakeirq for uart0
[    0.306309] 44e09000.serial: ttyO0 at MMIO 0x44e09000 (irq = 158, base_baud = 3000000) is a OMAP UART0
[    0.970640] console [ttyO0] enabled
[    0.974775] STMicroelectronics ASC driver initialized
[    0.982049] omap_rng 48310000.rng: OMAP Random Number Generator ver. 20
[    0.990176] [drm] Initialized drm 1.1.0 20060810
[    1.009655] brd: module loaded
[    1.018817] loop: module loaded
[    1.029278] libphy: Fixed MDIO Bus: probed
[    1.034338] CAN device driver interface
[    1.039727] igb: Intel(R) Gigabit Ethernet Network Driver - version 5.3.0-k
[    1.047059] igb: Copyright (c) 2007-2014 Intel Corporation.
[    1.109186] davinci_mdio 4a101000.mdio: davinci mdio revision 1.6
[    1.115627] davinci_mdio 4a101000.mdio: detected phy mask fffffffe
[    1.123004] libphy: 4a101000.mdio: probed
[    1.127293] davinci_mdio 4a101000.mdio: phy[0]: device 4a101000.mdio:00, driver SMSC LAN8710/LAN8720
[    1.138694] cpsw 4a100000.ethernet: Detected MACID = c8:a0:30:ac:76:c2
[    1.146975] pegasus: v0.9.3 (2013/04/25), Pegasus/Pegasus II USB Ethernet driver
[    1.154920] usbcore: registered new interface driver pegasus
[    1.160950] usbcore: registered new interface driver asix
[    1.166675] usbcore: registered new interface driver ax88179_178a
[    1.173127] usbcore: registered new interface driver cdc_ether
[    1.179329] usbcore: registered new interface driver smsc75xx
[    1.185431] usbcore: registered new interface driver smsc95xx
[    1.191517] usbcore: registered new interface driver net1080
[    1.197508] usbcore: registered new interface driver cdc_subset
[    1.203773] usbcore: registered new interface driver zaurus
[    1.209726] usbcore: registered new interface driver cdc_ncm
[    1.217324] ehci_hcd: USB 2.0 'Enhanced' Host Controller (EHCI) Driver
[    1.224232] ehci-pci: EHCI PCI platform driver
[    1.228956] ehci-platform: EHCI generic platform driver
[    1.234650] ehci-omap: OMAP-EHCI Host Controller driver
[    1.240289] ehci-orion: EHCI orion driver
[    1.244638] SPEAr-ehci: EHCI SPEAr driver
[    1.248952] ehci-st: EHCI STMicroelectronics driver
[    1.254233] ehci-exynos: EHCI EXYNOS driver
[    1.258741] ehci-atmel: EHCI Atmel driver
[    1.263078] tegra-ehci: Tegra EHCI driver
[    1.267430] ohci_hcd: USB 1.1 'Open' Host Controller (OHCI) Driver
[    1.273968] ohci-pci: OHCI PCI platform driver
[    1.278716] ohci-platform: OHCI generic platform driver
[    1.284376] ohci-omap3: OHCI OMAP3 driver
[    1.288695] SPEAr-ohci: OHCI SPEAr driver
[    1.293055] ohci-st: OHCI STMicroelectronics driver
[    1.298313] ohci-atmel: OHCI Atmel driver
[    1.303112] usbcore: registered new interface driver usb-storage
[    1.310941] mousedev: PS/2 mouse device common for all mice
[    1.320159] i2c /dev entries driver
[    1.332200] sdhci: Secure Digital Host Controller Interface driver
[    1.338759] sdhci: Copyright(c) Pierre Ossman
[    1.344380] omap_hsmmc 48060000.mmc: Got CD GPIO
[    1.410172] Synopsys Designware Multimedia Card Interface Driver
[    1.417365] sdhci-pltfm: SDHCI platform and OF driver helper
[    1.425814] ledtrig-cpu: registered to indicate activity on CPUs
[    1.432734] usbcore: registered new interface driver usbhid
[    1.438625] usbhid: USB HID core driver
[    1.447367] NET: Registered protocol family 10
[    1.453447] sit: IPv6 over IPv4 tunneling driver
[    1.459242] NET: Registered protocol family 17
[    1.463924] can: controller area network core (rev 20120528 abi 9)
[    1.470517] NET: Registered protocol family 29
[    1.475199] can: raw protocol (rev 20120528)
[    1.479693] can: broadcast manager protocol (rev 20120528 t)
[    1.485648] can: netlink gateway (rev 20130117) max_hops=1
[    1.492060] Key type dns_resolver registered
[    1.496844] omap_voltage_late_init: Voltage driver support not added
[    1.503711] ThumbEE CPU extension supported.
[    1.508230] Registering SWP/SWPB emulation handler
[    1.513503] mmc0: host does not support reading read-only switch, assuming write-enable
[    1.524500] mmc0: new high speed SDHC card at address 0007
[    1.535725] mmcblk0: mmc0:0007 SD4GB 3.71 GiB 
[    1.542305]  mmcblk0: p1 p2 p3
[    1.562304] tps65217 0-0024: TPS65217 ID 0xe version 1.2
[    1.568480] at24 0-0050: 32768 byte 24c256 EEPROM, writable, 1 bytes/write
[    1.576013] omap_i2c 44e0b000.i2c: bus 0 rev0.11 at 400 kHz
[    1.583851] at24 2-0054: 32768 byte 24c256 EEPROM, writable, 1 bytes/write
[    1.591469] at24 2-0055: 32768 byte 24c256 EEPROM, writable, 1 bytes/write
[    1.598991] at24 2-0056: 32768 byte 24c256 EEPROM, writable, 1 bytes/write
[    1.606509] at24 2-0057: 32768 byte 24c256 EEPROM, writable, 1 bytes/write
[    1.613794] omap_i2c 4819c000.i2c: bus 2 rev0.11 at 100 kHz
[    1.620525] hctosys: unable to open rtc device (rtc0)
[    1.630318] net eth0: initializing cpsw version 1.12 (0)
[    1.638388] SMSC LAN8710/LAN8720 4a101000.mdio:00: attached PHY driver [SMSC LAN8710/LAN8720] (mii_bus:phy_addr=4a101000.mdio:00, irq=-1)
[    1.651450] libphy: PHY 4a101000.mdio:01 not found
[    1.656501] net eth0: phy "4a101000.mdio:01" not found on slave 1, err -19
[    1.668798] IPv6: ADDRCONF(NETDEV_UP): eth0: link is not ready
[    1.688929] mmc1: new high speed MMC card at address 0001
[    1.695355] mmcblk1: mmc1:0001 MMC02G 1.79 GiB 
[    1.700453] mmcblk1boot0: mmc1:0001 MMC02G partition 1 1.00 MiB
[    1.706946] mmcblk1boot1: mmc1:0001 MMC02G partition 2 1.00 MiB
[    1.715133]  mmcblk1: p1
[    4.649794] cpsw 4a100000.ethernet eth0: Link is Up - 100Mbps/Full - flow control rx/tx
[    4.658292] IPv6: ADDRCONF(NETDEV_CHANGE): eth0: link becomes ready
[    4.669179] Sending DHCP requests ., OK
[    4.679656] IP-Config: Got DHCP answer from 192.168.0.1, my address is 192.168.0.245
[    4.687982] IP-Config: Complete:
[    4.691402]      device=eth0, hwaddr=c8:a0:30:ac:76:c2, ipaddr=192.168.0.245, mask=255.255.255.0, gw=192.168.0.1
[    4.702092]      host=192.168.0.245, domain=ti.com, nis-domain=(none)
[    4.708861]      bootserver=0.0.0.0, rootserver=0.0.0.0, rootpath=     nameserver0=192.0.2.2, nameserver1=192.0.2.3
[    4.738795] EXT4-fs (mmcblk0p2): mounted filesystem with ordered data mode. Opts: (null)
[    4.747407] VFS: Mounted root (ext4 filesystem) on device 179:2.
[    4.755188] devtmpfs: mounted
[    4.760801] Freeing unused kernel memory: 2048K (c1100000 - c1300000)
INIT: version 2.88 booting
Error opening /dev/fb0: No such file or directory
Starting udev
[    5.347094] udevd[108]: starting version 182
[    8.695522] EXT4-fs (mmcblk1p1): warning: mounting unchecked fs, running e2fsck is recommended
[    8.753140] EXT4-fs (mmcblk1p1): mounted filesystem without journal. Opts: (null)
[    8.815682] FAT-fs (mmcblk0p1): Volume was not properly unmounted. Some data may be corrupt. Please run fsck.
[    8.879817] EXT4-fs (mmcblk0p3): warning: mounting unchecked fs, running e2fsck is recommended
[    8.949712] EXT4-fs (mmcblk0p3): mounted filesystem without journal. Opts: (null)
Starting Bootlog daemon: bootlogd.
[   10.043460] EXT4-fs (mmcblk0p2): re-mounted. Opts: data=ordered
[   10.127887] random: dd urandom read with 76 bits of entropy available
ALSA: Restoring mixer settings...
/usr/sbin/alsactl: load_state:1696: No soundcards found...
Configuring network interfaces... udhcpc (v1.20.2) started
Sending discover...
Sending select for 192.168.0.54...
Lease of 192.168.0.54 obtained, lease time 7200
/etc/udhcpc.d/50default: Adding DNS 192.0.2.2
/etc/udhcpc.d/50default: Adding DNS 192.0.2.3
done.
hwclock: can't open '/dev/misc/rtc': No such file or directory
Wed Jan 13 12:07:00 UTC 2016
hwclock: can't open '/dev/misc/rtc': No such file or directory
INIT: Entering runlevel: 5
Starting system message bus: dbus.
Starting Dropbear SSH server: dropbear.
Starting telnet daemon.
hwclock: can't open '/dev/misc/rtc': No such file or directory
Starting syslogd/klogd: done
Starting thttpd.
Starting Lighttpd Web Server: lighttpd.
2016-01-13 12:07:00: (log.c.166) server started 
/etc/rc5.d/S96am335x-pm-firmware-load: line 4: /sys/devices/ocp.2/44d00000.wkup_m3/firmware/am335x-pm-firmware.bin/loading: No such file or directory
/etc/rc5.d/S96am335x-pm-firmware-load: line 5: /sys/devices/ocp.2/44d00000.wkup_m3/firmware/am335x-pm-firmware.bin/data: No such file or directory
/etc/rc5.d/S96am335x-pm-firmware-load: line 6: /sys/devices/ocp.2/44d00000.wkup_m3/firmware/am335x-pm-firmware.bin/loading: No such file or directory
Starting Matrix GUI application.
[   14.117144] random: nonblocking pool is initialized
***************************************************************
***************************************************************
NOTICE: This file system contains the followin GPLv3 packages:
	binutils-symlinks
	binutils
	gdbserver
If you do not wish to distribute GPLv3 components please remove
the above packages prior to distribution.  This can be done using
the opkg remove command.  i.e.:
    opkg remove <package>
Where <package> is the name printed in the list above
NOTE: If the package is a dependency of another package you
      will be notified of the dependent packages.  You should
      use the --force-removal-of-dependent-packages option to
      also remove the dependent packages as well
***************************************************************
***************************************************************
Stopping Bootlog daemon: bootlogd.
 _____                    _____           _         _   
|  _  |___ ___ ___ ___   |  _  |___ ___  |_|___ ___| |_ 
|     |  _| .'| . | . |  |   __|  _| . | | | -_|  _|  _|
|__|__|_| |__,|_  |___|  |__|  |_| |___|_| |___|___|_|  
              |___|                    |___|            
Arago Project http://arago-project.org am335x-evm ttyO0
Arago 2013.10 am335x-evm ttyO0
am335x-evm login: 
- 01:12:28 [INFO] Host: root
- 01:12:29 [INFO] Target: 
root
root@am335x-evm:~# 
- 01:12:29 [INFO] Disconnected serial from beaglebone-black
- 01:12:29 [INFO] Connected to beaglebone-black via serial 
- 01:12:29 [INFO] Host: uname -a
- 01:12:29 [INFO] Target: 
uname -a
Linux am335x-evm 4.6.0-rc6-next-20160504-00002-g1bd946ac5a49 #1 SMP Wed May 4 07:25:02 CDT 2016 armv7l GNU/Linux
root@am335x-evm:~# 
- 01:12:29 [INFO] Host: cat /proc/cmdline
- 01:12:29 [INFO] Target: 
cat /proc/cmdline
console=ttyO0,115200n8 earlyprintk=serial,ttyO0,115200n8 rootwait  ip=:::::eth0:dhcp  root=PARTUUID=00000000-02 rw rootfstype=ext4 rootwait 
root@am335x-evm:~# 
- 01:12:29 [INFO] Host: uname -a
- 01:12:29 [INFO] Target: 
uname -a
Linux am335x-evm 4.6.0-rc6-next-20160504-00002-g1bd946ac5a49 #1 SMP Wed May 4 07:25:02 CDT 2016 armv7l GNU/Linux
root@am335x-evm:~# 
- 01:12:29 [INFO] Host: cat /proc/mtd
- 01:12:29 [INFO] Target: 
cat /proc/mtd
dev:    size   erasesize  name
root@am335x-evm:~# 
- 01:12:29 [INFO] Host: export IPERFHOST=192.168.0.1
- 01:12:30 [INFO] Target: 
export IPERFHOST=192.168.0.1
root@am335x-evm:~# 
- 01:12:30 [INFO] Host: export NFS_SERVER=192.168.0.1
- 01:12:30 [INFO] Target: 
export NFS_SERVER=192.168.0.1
root@am335x-evm:~# 
- 01:12:30 [INFO] Host: export NFS_ROOT_PATH=/home/tigtfarm01/NFS_exports/bbb
- 01:12:30 [INFO] Target: 
export NFS_ROOT_PATH=/home/tigtfarm01/NFS_exports/bbb
root@am335x-evm:~# 
- 01:12:30 [INFO] Host: export AP_SSID=
- 01:12:30 [INFO] Target: 
export AP_SSID=
root@am335x-evm:~# 
- 01:12:30 [INFO] Host: mkdir -p -m 777 /test
- 01:12:30 [INFO] Target: 
mkdir -p -m 777 /test
root@am335x-evm:~# 
- 01:12:30 [INFO] Host: cd /test
- 01:12:30 [INFO] Target: 
cd /test
root@am335x-evm:/test# 
- 01:12:30 [INFO] Host: cat > test.sh << EOF
- 01:12:30 [INFO] Target: 
cat > test.sh << EOF
- 01:12:30 [INFO] Host: failtest() {
- 01:12:30 [INFO] Target: 
failtest() {
- 01:12:30 [INFO] Host:   echo 1 >&3
- 01:12:30 [INFO] Target: 
  echo 1 >&3
- 01:12:30 [INFO] Host: }
- 01:12:30 [INFO] Target: 
- 01:12:30 [INFO] Host: timeout=600
- 01:12:31 [INFO] Target: 
timeout=600
- 01:12:31 [INFO] Host: 
- 01:12:31 [INFO] Target: 
- 01:12:31 [INFO] Host: # Start of user's script logic
- 01:12:31 [INFO] Target: 
# Start of user's script logic
- 01:12:31 [INFO] Host: mount -t proc proc /proc 2>/dev/null;
- 01:12:31 [INFO] Target: 
mount -t proc proc /proc 2>/dev/null;
- 01:12:31 [INFO] Host: 
- 01:12:31 [INFO] Target: 
- 01:12:31 [INFO] Host: mount -t sysfs sys /sys 2>/dev/null;
- 01:12:31 [INFO] Target: 
mount -t sysfs sys /sys 2>/dev/null;
- 01:12:31 [INFO] Host: 
- 01:12:31 [INFO] Target: 
- 01:12:31 [INFO] Host: mount -t debugfs none /sys/kernel/debug 2>/dev/null;
- 01:12:31 [INFO] Target: 
mount -t debugfs none /sys/kernel/debug 2>/dev/null;
- 01:12:31 [INFO] Host: 
- 01:12:31 [INFO] Target: 
- 01:12:31 [INFO] Host: echo 'cpuinfo:';cat /proc/cpuinfo; echo '=======';
- 01:12:31 [INFO] Target: 
echo 'cpuinfo:';cat /proc/cpuinfo; echo '=======';
- 01:12:31 [INFO] Host: 
- 01:12:32 [INFO] Target: 
- 01:12:32 [INFO] Host: echo 'soc info:';head /sys/devices/soc0/* 2>/dev/null; echo '=======';
- 01:12:32 [INFO] Target: 
echo 'soc info:';head /sys/devices/soc0/* 2>/dev/null; echo '=======';
- 01:12:32 [INFO] Host: 
- 01:12:32 [INFO] Target: 
- 01:12:32 [INFO] Host: echo 'DT Model info'; head /proc/device-tree/name /proc/device-tree/model /proc/device-tree/compatible 2>/dev/null;echo; echo '=======';
- 01:12:32 [INFO] Target: 
echo 'DT Model info'; head /proc/device-tree/name /proc/device-tree/model /pro 
c/device-tree/compatible 2>/dev/null;echo; echo '=======';
- 01:12:32 [INFO] Host: 
- 01:12:32 [INFO] Target: 
- 01:12:32 [INFO] Host: echo 'interrupts:';cat /proc/interrupts; echo '=======';
- 01:12:32 [INFO] Target: 
echo 'interrupts:';cat /proc/interrupts; echo '=======';
- 01:12:32 [INFO] Host: 
- 01:12:32 [INFO] Target: 
- 01:12:32 [INFO] Host: echo 'Clk_summary:';cat /sys/kernel/debug/clk/clk_summary; echo '=======';
- 01:12:32 [INFO] Target: 
echo 'Clk_summary:';cat /sys/kernel/debug/clk/clk_summary; echo '=======';
- 01:12:32 [INFO] Host: 
- 01:12:32 [INFO] Target: 
- 01:12:32 [INFO] Host: echo "Available frequencies"; cat /sys/devices/system/cpu/cpu0/cpufreq/scaling_available_frequencies 2>/dev/null;echo '=======';
- 01:12:32 [INFO] Target: 
echo "Available frequencies"; cat /sys/devices/system/cpu/cpu0/cpufreq/scaling 
_available_frequencies 2>/dev/null;echo '=======';
- 01:12:32 [INFO] Host: 
- 01:12:33 [INFO] Target: 
- 01:12:33 [INFO] Host: TMPF=/tmp/a.\$\$; TMPF2=/tmp/b.\$\$; STR=""
- 01:12:33 [INFO] Target: 
TMPF=/tmp/a.\$\$; TMPF2=/tmp/b.\$\$; STR=""
- 01:12:33 [INFO] Host: 
- 01:12:33 [INFO] Target: 
- 01:12:33 [INFO] Host: cp /dev/kmsg \$TMPF &
- 01:12:33 [INFO] Target: 
cp /dev/kmsg \$TMPF &
- 01:12:33 [INFO] Host: 
- 01:12:33 [INFO] Target: 
- 01:12:33 [INFO] Host: PID=\$! ; sleep 5; kill -9 \$PID
- 01:12:33 [INFO] Target: 
PID=\$! ; sleep 5; kill -9 \$PID
- 01:12:33 [INFO] Host: 
- 01:12:33 [INFO] Target: 
- 01:12:33 [INFO] Host: 
- 01:12:33 [INFO] Target: 
- 01:12:33 [INFO] Host: 
- 01:12:33 [INFO] Target: 
- 01:12:33 [INFO] Host: cat \$TMPF|grep "^0">\$TMPF2; N=\`cat \$TMPF2|wc -l\`; if [ "\$N" -ne 0 ]; then STR="\$STR emerg=\$N";echo "===== EMERGE++";cat \$TMPF2|cut -d ';' -f2;echo "====="; fi
- 01:12:33 [INFO] Target: 
cat \$TMPF|grep "^0">\$TMPF2; N=\`cat \$TMPF2|wc -l\`; if [ "\$N" -ne 0 ]; the 
n STR="\$STR emerg=\$N";echo "===== EMERGE++";cat \$TMPF2|cut -d ';' -f2;echo "= 
===="; fi
- 01:12:33 [INFO] Host: 
- 01:12:34 [INFO] Target: 
- 01:12:34 [INFO] Host: cat \$TMPF|grep "^1">\$TMPF2; N=\`cat \$TMPF2|wc -l\`; if [ "\$N" -ne 0 ]; then STR="\$STR alert=\$N";echo "===== ALERT ==";cat \$TMPF2|cut -d ';' -f2;echo "====="; fi
- 01:12:34 [INFO] Target: 
cat \$TMPF|grep "^1">\$TMPF2; N=\`cat \$TMPF2|wc -l\`; if [ "\$N" -ne 0 ]; the 
n STR="\$STR alert=\$N";echo "===== ALERT ==";cat \$TMPF2|cut -d ';' -f2;echo "= 
===="; fi
- 01:12:34 [INFO] Host: 
- 01:12:34 [INFO] Target: 
- 01:12:34 [INFO] Host: cat \$TMPF|grep "^2">\$TMPF2; N=\`cat \$TMPF2|wc -l\`; if [ "\$N" -ne 0 ]; then STR="\$STR crit=\$N";echo "===== CRIT ==";cat \$TMPF2|cut -d ';' -f2;echo "====="; fi
- 01:12:34 [INFO] Target: 
cat \$TMPF|grep "^2">\$TMPF2; N=\`cat \$TMPF2|wc -l\`; if [ "\$N" -ne 0 ]; the 
n STR="\$STR crit=\$N";echo "===== CRIT ==";cat \$TMPF2|cut -d ';' -f2;echo "=== 
=="; fi
- 01:12:34 [INFO] Host: 
- 01:12:34 [INFO] Target: 
- 01:12:34 [INFO] Host: cat \$TMPF|grep "^3">\$TMPF2; N=\`cat \$TMPF2|wc -l\`; if [ "\$N" -ne 0 ]; then STR="\$STR err=\$N";echo "===== ERR ==";cat \$TMPF2|cut -d ';' -f2;echo "=====" ;fi
- 01:12:34 [INFO] Target: 
cat \$TMPF|grep "^3">\$TMPF2; N=\`cat \$TMPF2|wc -l\`; if [ "\$N" -ne 0 ]; the 
n STR="\$STR err=\$N";echo "===== ERR ==";cat \$TMPF2|cut -d ';' -f2;echo "===== 
" ;fi
- 01:12:34 [INFO] Host: 
- 01:12:34 [INFO] Target: 
- 01:12:34 [INFO] Host: cat \$TMPF|grep "^4">\$TMPF2; N=\`cat \$TMPF2|wc -l\`; if [ "\$N" -ne 0 ]; then STR="\$STR warn=\$N";echo "===== WARN ==";cat \$TMPF2|cut -d ';' -f2;echo "=====" ;fi
- 01:12:34 [INFO] Target: 
cat \$TMPF|grep "^4">\$TMPF2; N=\`cat \$TMPF2|wc -l\`; if [ "\$N" -ne 0 ]; the 
n STR="\$STR warn=\$N";echo "===== WARN ==";cat \$TMPF2|cut -d ';' -f2;echo "=== 
==" ;fi
- 01:12:34 [INFO] Host: 
- 01:12:34 [INFO] Target: 
- 01:12:34 [INFO] Host: rm \$TMPF \$TMPF2; echo "SUM""MARY RESULT: BOOT:" 'PASS: H''ello World' 'B''oard' "Booted" "Boot Log has::::\$STR:"
- 01:12:34 [INFO] Target: 
rm \$TMPF \$TMPF2; echo "SUM""MARY RESULT: BOOT:" 'PASS: H''ello World' 'B''oa 
rd' "Booted" "Boot Log has::::\$STR:"
- 01:12:34 [INFO] Host: 
- 01:12:35 [INFO] Target: 
- 01:12:35 [INFO] Host: EOF
- 01:12:35 [INFO] Target: 
root@am335x-evm:/test# 
- 01:12:35 [INFO] Host: cd /test
- 01:12:35 [INFO] Target: 
cd /test
root@am335x-evm:/test# 
- 01:12:35 [INFO] Host: chmod +x test.sh
- 01:12:35 [INFO] Target: 
chmod +x test.sh
root@am335x-evm:/test# 
- 01:12:35 [INFO] Host: ./test.sh 2> stderr.log > stdout.log 3> result.log
- 01:12:40 [INFO] Target: 
./test.sh 2> stderr.log > stdout.log 3> result.log
root@am335x-evm:/test# 
- 01:12:40 [INFO] Host: echo $?
- 01:12:40 [INFO] Target: 
echo $?
root@am335x-evm:/test# 
- 01:12:40 [INFO] Host: cd /test
- 01:12:40 [INFO] Target: 
cd /test
root@am335x-evm:/test# 
- 01:12:40 [INFO] Host: cat stdout.log
- 01:12:41 [INFO] Target: 
cat stdout.log
cpuinfo:
processor	: 0
model name	: ARMv7 Processor rev 2 (v7l)
BogoMIPS	: 997.78
Features	: half thumb fastmult vfp edsp thumbee neon vfpv3 tls vfpd32 
CPU implementer	: 0x41
CPU architecture: 7
CPU variant	: 0x3
CPU part	: 0xc08
CPU revision	: 2
Hardware	: Generic AM33XX (Flattened Device Tree)
Revision	: 0000
Serial		: 0000000000000000
=======
soc info:
==> /sys/devices/soc0/family <==
AM33xx
==> /sys/devices/soc0/machine <==
AM335X
==> /sys/devices/soc0/power <==
==> /sys/devices/soc0/revision <==
ES2.0
==> /sys/devices/soc0/subsystem <==
==> /sys/devices/soc0/type <==
==> /sys/devices/soc0/uevent <==
=======
DT Model info
==> /proc/device-tree/name <==
==> /proc/device-tree/model <==
TI AM335x BeagleBone Black
==> /proc/device-tree/compatible <==
ti,am335x-bone-blackti,am335x-boneti,am33xx
=======
interrupts:
           CPU0       
 16:       3722      INTC  68 Level     gp_timer
 20:       2081      INTC  12 Level     49000000.edma_ccint
 22:          3      INTC  14 Level     49000000.edma_ccerrint
 26:          0      INTC  96 Level     44e07000.gpio
 33:          0  44e07000.gpio   6 Edge      48060000.mmc cd
 59:          0      INTC  98 Level     4804c000.gpio
 92:          0      INTC  32 Level     481ac000.gpio
125:          0      INTC  62 Level     481ae000.gpio
158:       8712      INTC  72 Level     OMAP UART0
159:        105      INTC  70 Level     44e0b000.i2c
160:          0      INTC  30 Level     4819c000.i2c
161:       5639      INTC  64 Level     mmc0
162:        695      INTC  28 Level     mmc1
173:         17      INTC  41 Level     4a100000.ethernet
174:         16      INTC  42 Level     4a100000.ethernet
179:          0      INTC 111 Level     48310000.rng
IPI0:          0  CPU wakeup interrupts
IPI1:          0  Timer broadcast interrupts
IPI2:          0  Rescheduling interrupts
IPI3:          0  Function call interrupts
IPI4:          0  CPU stop interrupts
IPI5:          0  IRQ work interrupts
IPI6:          0  completion interrupts
Err:          0
=======
Clk_summary:
   clock                         enable_cnt  prepare_cnt        rate   accuracy   phase
----------------------------------------------------------------------------------------
 tclkin_ck                                0            0    12000000          0 0  
 virt_26000000_ck                         0            0    26000000          0 0  
 virt_25000000_ck                         0            0    25000000          0 0  
 virt_24000000_ck                         1            1    24000000          0 0  
    sys_clkin_ck                          9           23    24000000          0 0  
       timer6_fck                         0            1    24000000          0 0  
       timer3_fck                         0            1    24000000          0 0  
       dbg_sysclk_ck                      0            1    24000000          0 0  
       timer7_fck                         0            1    24000000          0 0  
       timer5_fck                         0            1    24000000          0 0  
       timer4_fck                         0            1    24000000          0 0  
       timer2_fck                         1            1    24000000          0 0  
       timer1_fck                         1            1    24000000          0 0  
       cefuse_fck                         0            0    24000000          0 0  
       dpll_per_ck                        1            2   960000000          0 0  
          usbotg_fck                      0            1   960000000          0 0  
          dpll_per_m2_ck                  3            4   192000000          0 0  
             mmc_clk                      1            3    96000000          0 0  
             clk_24mhz                    1            1    24000000          0 0  
                clkdiv32k_ck              1            1       32786          0 0  
                   clkdiv32k_ick           1            5       32786          0 0  
                      wdt1_fck            0            1       32786          0 0  
                      gpio3_dbclk           0            2       32786          0 0  
                      gpio2_dbclk           0            2       32786          0 0  
                      gpio1_dbclk           0            2       32786          0 0  
             dpll_per_m2_div4_ck           0            9    48000000          0 0  
             dpll_per_m2_div4_wkupdm_ck           1            2    48000000          0 0  
       dpll_disp_ck                       0            1    24000000          0 0  
          dpll_disp_m2_ck                 0            1    24000000          0 0  
             lcd_gclk                     0            1    24000000          0 0  
       dpll_ddr_ck                        1            1   400000000          0 0  
          dpll_ddr_m2_ck                  2            2   400000000          0 0  
             dpll_ddr_m2_div2_ck           1            1   200000000          0 0  
       dpll_mpu_ck                        1            1  1000000000          0 0  
          dpll_mpu_m2_ck                  4            4  1000000000          0 0  
       dpll_core_ck                       1            1  1000000000          0 0  
          dpll_core_x2_ck                 2            2  2000000000          0 0  
             dpll_core_m6_ck              0            0   500000000          0 0  
             dpll_core_m5_ck              1            1   250000000          0 0  
                cpsw_cpts_rft_clk           0            0   250000000          0 0  
                cpsw_125mhz_gclk           3            3   125000000          0 0  
             dpll_core_m4_ck              9           11   200000000          0 0  
                dbg_clka_ck               0            2   200000000          0 0  
                   trace_pmd_clk_mux_ck           0            1   200000000          0 0  
                      trace_clk_div_ck           0            1    50000000          0 0  
                   stm_pmd_clock_mux_ck           0            0   200000000          0 0  
                      stm_clk_div_ck           0            0    50000000          0 0  
                gfx_fclk_clksel_ck           0            1   200000000          0 0  
                   gfx_fck_div_ck           0            1   200000000          0 0  
                sysclk_div_ck             0            0   200000000          0 0  
                l4hs_gclk                 2            2   200000000          0 0  
                l4_rtc_gclk               0            0   100000000          0 0  
                dpll_core_m4_div2_ck          16           17   100000000          0 0  
                   l4ls_gclk             42           59   100000000          0 0  
                      ehrpwm2_tbclk           0            0   100000000          0 0  
                      ehrpwm1_tbclk           0            0   100000000          0 0  
                      ehrpwm0_tbclk           0            0   100000000          0 0  
                   l4fw_gclk              1            1   100000000          0 0  
                   l3s_gclk               9           10   100000000          0 0  
                   ieee5000_fck           0            0   100000000          0 0  
                mmu_fck                   0            0   200000000          0 0  
                l3_gclk                  13           15   200000000          0 0  
                   pruss_ocp_gclk           0            1   200000000          0 0  
       rng_fck                            2            2    24000000          0 0  
       aes0_fck                           1            2    24000000          0 0  
       sha0_fck                           1            1    24000000          0 0  
       smartreflex1_fck                   0            1    24000000          0 0  
       smartreflex0_fck                   0            1    24000000          0 0  
       mcasp1_fck                         0            1    24000000          0 0  
       mcasp0_fck                         0            1    24000000          0 0  
       dcan1_fck                          0            1    24000000          0 0  
       dcan0_fck                          0            1    24000000          0 0  
       adc_tsc_fck                        0            1    24000000          0 0  
 virt_19200000_ck                         0            0    19200000          0 0  
 clk_rc32k_ck                             0            1       32000          0 0  
    gpio0_dbclk_mux_ck                    0            1       32000          0 0  
       gpio0_dbclk                        0            2       32000          0 0  
 clk_32768_ck                             1            2       32768          0 0  
    sysclkout_pre_ck                      1            1       32768          0 0  
       clkout2_div_ck                     1            1       32768          0 0  
          clkout2_ck                      1            1       32768          0 0  
=======
Available frequencies
=======
===== ERR ==
omap_voltage_late_init: Voltage driver support not added
libphy: PHY 4a101000.mdio:01 not found
net eth0: phy "4a101000.mdio:01" not found on slave 1, err -19
udevd[108]: starting version 182
=====
===== WARN ==
omap_hwmod: debugss: _wait_target_disable failed
omap4_sram_init:Unable to allocate sram needed to handle errata I688
omap4_sram_init:Unable to get sram pool needed to handle errata I688
workingset: timestamp_bits=28 max_order=17 bucket_order=0
mmc0: host does not support reading read-only switch, assuming write-enable
EXT4-fs (mmcblk1p1): warning: mounting unchecked fs, running e2fsck is recommended
FAT-fs (mmcblk0p1): Volume was not properly unmounted. Some data may be corrupt. Please run fsck.
EXT4-fs (mmcblk0p3): warning: mounting unchecked fs, running e2fsck is recommended
=====
SUMMARY RESULT: BOOT: PASS: Hello World Board Booted Boot Log has:::: err=4 warn=8:
root@am335x-evm:/test# 
- 01:12:41 [INFO] Host: cat stderr.log
- 01:12:41 [INFO] Target: 
cat stderr.log
./test.sh: line 33:   681 Killed                  cp /dev/kmsg $TMPF
root@am335x-evm:/test# 
- 01:12:41 [INFO] Host: cat result.log
- 01:12:44 [ERROR] On command: cat result.log waiting for cat result.log.+?(?m-ix:^1[\0\n\r]+) >>> error: execution expired
- 01:12:44 [INFO] Target: 
cat result.log
root@am335x-evm:/test# 
- 01:12:44 [INFO] Host: cd /test
- 01:12:44 [INFO] Target: 
cd /test
root@am335x-evm:/test# 
URL:gtsystest.telogy.design.ti.com/vatf/tigtfarm01/tigtfarm01_vatf@bbb/tigtfarm0105_04_2016_01_11_47/files/session_iteration_1/test_1
