- 07:06:27 [INFO] Starting target session
- 07:06:27 [INFO] Connected to beaglebone-black via serial 
- 07:06:27 [INFO] Host: #check prompt
- 07:06:30 [ERROR] On command: #check prompt waiting for #check prompt.+?(?-mix:((?-mix:login:)|[Pp]assword)) >>> error: execution expired
- 07:06:30 [INFO] Target: 
#check prompt
root@am335x-evm:/test# 
- 07:06:30 [INFO] Host: #check prompt
- 07:06:30 [INFO] Target: 
#check prompt
root@am335x-evm:/test# 
- 07:06:30 [INFO] Host: sync;poweroff
- 07:06:47 [INFO] Target: 
sync;poweroff
Broadcast message from root@am335x-evm (ttyO0) (Sat Mar 22 16:21:41 2014):
The system is going down for system halt NOW!
INIT: Switching 
INIT: Sending processes the TERM signal
root@am335x-evm:/test# 
INIT: Sending processes the KUIM SYSFS Node Not Found
Stopping Dropbear SSH server: stopped /usr/sbin/dropbear (pid 607)
dropbear.
Stopping telnet daemon.
Stopping system message bus: hwclock: can't open '/dev/misc/rtc': No such file or directory
Stopping syslogd/klogd: Error opening /dev/fb0: No such file or directory
stopped syslogd (pid 619)
stopped klogd (pid 622)
done
Stopping thttpd.
ALSA: Storing mixer settings...
/usr/sbin/alsactl: save_state:1580: No soundcards found...
Deconfiguring network interfaces... done.
Stopping Lighttpd Web Server: stopped /usr/sbin/lighttpd (pid 635)
lighttpd.
Stopping Matrix GUI applicationstart-stop-daemon: warning: killing process 643: No such process
***************************************************************
***************************************************************
NOTICE: This file system contains the followin GPLv3 packages:
	binutils-symlinks
	binutils
	gdbserver
If you do not wish to distribute GPLv3 components please remove
the above packages prior to distribution.  This can be done using
the opkg remove command.  i.e.:
    opkg remove <package>
Where <package> is the name printed in the list above
NOTE: If the package is a dependency of another package you
      will be notified of the dependent packages.  You should
      use the --force-removal-of-dependent-packages option to
      also remove the dependent packages as well
***************************************************************
***************************************************************
Sending all processes the TERM signal...
Sending all processes the KILL signal...
Unmounting remote filesystems...
Deactivating swap...
Unmounting local filesystems...
[ 1212.777692] EXT4-fs (mmcblk0p2): re-mounted. Opts: data=ordered
[ 1215.128014] reboot: System halted
- 07:06:47 [INFO] Disconnected serial from beaglebone-black
- 07:06:53 [INFO] Connected to beaglebone-black via serial 
- 07:06:53 [INFO] Host: 
- 07:06:56 [INFO] Target: 
U-Boot SPL 2014.07-00071-gaca0808 (Oct 02 2014 - 11:22:57)
reading args
spl_load_image_fat_os: error reading image args, err - -1
reading u-boot.img
reading u-boot.img
U-Boot 2014.07-00071-gaca0808 (Oct 02 2014 - 11:22:57), Build: jenkins-ti-linux-3-14-y_opentest-216
I2C:   ready
DRAM:  512 MiB
NAND:  0 MiB
MMC:   OMAP SD/MMC: 0, OMAP SD/MMC: 1
reading uboot.env
** Unable to read "uboot.env" from mmc0:1 **
Using default environment
Net:   <ethaddr> not set. Validating first E-fuse MAC
cpsw, usb_ether
Hit any key to stop autoboot:  1  0 
U-Boot# 
U-Boot# 
U-Boot# 
U-Boot# 
U-Boot# 
U-Boot# 
U-Boot# 
U-Boot# 
U-Boot# 
U-Boot# 
- 07:06:56 [INFO] Host: 
- 07:06:56 [INFO] Target: 
U-Boot# 
- 07:06:56 [INFO] Host: version
- 07:06:56 [INFO] Target: 
version
U-Boot 2014.07-00071-gaca0808 (Oct 02 2014 - 11:22:57)
arm-linux-gnueabihf-gcc (crosstool-NG linaro-1.13.1-4.7-2013.03-20130313 - Linaro GCC 2013.03) 4.7.3 20130226 (prerelease)
GNU ld (crosstool-NG linaro-1.13.1-4.7-2013.03-20130313 - Linaro GCC 2013.03) 2.23.1
U-Boot# 
- 07:06:56 [INFO] Host: setenv bootargs 'console=ttyO0,115200n8 earlyprintk rootwait '
- 07:06:56 [INFO] Target: 
setenv bootargs 'console=ttyO0,115200n8 earlyprintk rootwait '
U-Boot# 
- 07:06:56 [INFO] Host: setenv bootcmd  ''
- 07:06:56 [INFO] Target: 
setenv bootcmd  ''
U-Boot# 
- 07:06:56 [INFO] Host: setenv autoload 'no'
- 07:06:56 [INFO] Target: 
setenv autoload 'no'
U-Boot# 
- 07:06:56 [INFO] Host: setenv serverip '192.168.0.1'
- 07:06:56 [INFO] Target: 
setenv serverip '192.168.0.1'
U-Boot# 
- 07:06:56 [INFO] Host: setenv mmcdev ' '
- 07:06:56 [INFO] Target: 
setenv mmcdev ' '
U-Boot# 
- 07:06:56 [INFO] Host: printenv
- 07:06:57 [INFO] Target: 
printenv
arch=arm
autoload=no
baudrate=115200
board=am335x
board_name=A335BNLT
board_rev=0A5A
boot_fdt=try
bootargs=console=ttyO0,115200n8 earlyprintk rootwait 
bootcmd=
bootcount=1
bootdelay=1
bootdir=/boot
bootenv=uEnv.txt
bootfile=zImage
bootm_size=0x10000000
bootpart=0:2
console=ttyO0,115200n8
cpu=armv7
dfu_alt_info_emmc=rawemmc mmc 0 3751936
dfu_alt_info_mmc=boot part 0 1;rootfs part 0 2;MLO fat 0 1;MLO.raw mmc 0x100 0x100;u-boot.img.raw mmc 0x300 0x400;spl-os-args.raw mmc 0x80 0x80;spl-os-image.raw mmc 0x900 0x2000;spl-os-args fat 0 1;spl-os-image fat 0 1;u-boot.img fat 0 1;uEnv.txt fat 0 1
dfu_alt_info_nand=SPL part 0 1;SPL.backup1 part 0 2;SPL.backup2 part 0 3;SPL.backup3 part 0 4;u-boot part 0 5;u-boot-spl-os part 0 6;kernel part 0 8;rootfs part 0 9
dfu_alt_info_ram=kernel ram 0x80200000 0xD80000;fdt ram 0x80F80000 0x80000;ramdisk ram 0x81000000 0x4000000
eth1addr=c8:a0:30:b0:3a:34
ethact=cpsw
ethaddr=c8:a0:30:b0:3a:32
fdt_addr_r=0x88000000
fdtaddr=0x88000000
fdtfile=undefined
findfdt=if test $board_name = A335BONE; then setenv fdtfile am335x-bone.dtb; fi; if test $board_name = A335BNLT; then setenv fdtfile am335x-boneblack.dtb; fi; if test $board_name = A33515BB; then setenv fdtfile am335x-evm.dtb; fi; if test $board_name = A335X_SK; then setenv fdtfile am335x-evmsk.dtb; fi; if test $fdtfile = undefined; then echo WARNING: Could not determine device tree to use; fi; 
importbootenv=echo Importing environment from mmc ...; env import -t -r $loadaddr $filesize
kernel_addr_r=0x82000000
loadaddr=0x82000000
loadbootenv=load mmc ${mmcdev} ${loadaddr} ${bootenv}
loadfdt=load mmc ${bootpart} ${fdtaddr} ${bootdir}/${fdtfile}
loadimage=load mmc ${bootpart} ${loadaddr} ${bootdir}/${bootfile}
loadramdisk=load mmc ${mmcdev} ${rdaddr} ramdisk.gz
mmcargs=setenv bootargs console=${console} ${optargs} root=${mmcroot} rootfstype=${mmcrootfstype}
mmcboot=mmc dev ${mmcdev}; if mmc rescan; then echo SD/MMC found on device ${mmcdev};if run loadbootenv; then echo Loaded environment from ${bootenv};run importbootenv;fi;if test -n $uenvcmd; then echo Running uenvcmd ...;run uenvcmd;fi;if run loadimage; then run mmcloados;fi;fi;
mmcdev= 
mmcloados=run mmcargs; if test ${boot_fdt} = yes || test ${boot_fdt} = try; then if run loadfdt; then bootz ${loadaddr} - ${fdtaddr}; else if test ${boot_fdt} = try; then bootz; else echo WARN: Cannot load the DT; fi; fi; else bootz; fi;
mmcroot=/dev/mmcblk0p2 ro
mmcrootfstype=ext4 rootwait
mtdids=nand0=nand.0
mtdparts=mtdparts=nand.0:128k(NAND.SPL),128k(NAND.SPL.backup1),128k(NAND.SPL.backup2),128k(NAND.SPL.backup3),256k(NAND.u-boot-spl-os),1m(NAND.u-boot),128k(NAND.u-boot-env),128k(NAND.u-boot-env.backup1),8m(NAND.kernel),-(NAND.file-system)
nandargs=setenv bootargs console=${console} ${optargs} root=${nandroot} rootfstype=${nandrootfstype}
nandboot=echo Booting from nand ...; run nandargs; nand read ${fdtaddr} NAND.u-boot-spl-os; nand read ${loadaddr} NAND.kernel; bootz ${loadaddr} - ${fdtaddr}
nandroot=ubi0:rootfs rw ubi.mtd=NAND.file-system,2048
nandrootfstype=ubifs rootwait=1
netargs=setenv bootargs console=${console} ${optargs} root=/dev/nfs nfsroot=${serverip}:${rootpath},${nfsopts} rw ip=dhcp
netboot=echo Booting from network ...; setenv autoload no; dhcp; tftp ${loadaddr} ${bootfile}; tftp ${fdtaddr} ${fdtfile}; run netargs; bootz ${loadaddr} - ${fdtaddr}
nfsopts=nolock
partitions=uuid_disk=${uuid_gpt_disk};name=rootfs,start=2MiB,size=-,uuid=${uuid_gpt_rootfs}
ramargs=setenv bootargs console=${console} ${optargs} root=${ramroot} rootfstype=${ramrootfstype}
ramboot=echo Booting from ramdisk ...; run ramargs; bootz ${loadaddr} ${rdaddr} ${fdtaddr}
ramdisk_addr_r=0x88080000
ramroot=/dev/ram0 rw
ramrootfstype=ext2
rdaddr=0x88080000
rootpath=/export/rootfs
serverip=192.168.0.1
soc=am33xx
spiargs=setenv bootargs console=${console} ${optargs} root=${spiroot} rootfstype=${spirootfstype}
spiboot=echo Booting from spi ...; run spiargs; sf probe ${spibusno}:0; sf read ${loadaddr} ${spisrcaddr} ${spiimgsize}; bootz ${loadaddr}
spibusno=0
spiimgsize=0x362000
spiroot=/dev/mtdblock4 rw
spirootfstype=jffs2
spisrcaddr=0xe0000
static_ip=${ipaddr}:${serverip}:${gatewayip}:${netmask}:${hostname}::off
stderr=serial
stdin=serial
stdout=serial
usbnet_devaddr=c8:a0:30:b0:3a:34
vendor=ti
ver=U-Boot 2014.07-00071-gaca0808 (Oct 02 2014 - 11:22:57)
Environment size: 4470/131068 bytes
U-Boot# 
- 07:06:57 [INFO] Host: printenv
- 07:06:57 [INFO] Target: 
printenv
arch=arm
autoload=no
baudrate=115200
board=am335x
board_name=A335BNLT
board_rev=0A5A
boot_fdt=try
bootargs=console=ttyO0,115200n8 earlyprintk rootwait 
bootcmd=
bootcount=1
bootdelay=1
bootdir=/boot
bootenv=uEnv.txt
bootfile=zImage
bootm_size=0x10000000
bootpart=0:2
console=ttyO0,115200n8
cpu=armv7
dfu_alt_info_emmc=rawemmc mmc 0 3751936
dfu_alt_info_mmc=boot part 0 1;rootfs part 0 2;MLO fat 0 1;MLO.raw mmc 0x100 0x100;u-boot.img.raw mmc 0x300 0x400;spl-os-args.raw mmc 0x80 0x80;spl-os-image.raw mmc 0x900 0x2000;spl-os-args fat 0 1;spl-os-image fat 0 1;u-boot.img fat 0 1;uEnv.txt fat 0 1
dfu_alt_info_nand=SPL part 0 1;SPL.backup1 part 0 2;SPL.backup2 part 0 3;SPL.backup3 part 0 4;u-boot part 0 5;u-boot-spl-os part 0 6;kernel part 0 8;rootfs part 0 9
dfu_alt_info_ram=kernel ram 0x80200000 0xD80000;fdt ram 0x80F80000 0x80000;ramdisk ram 0x81000000 0x4000000
eth1addr=c8:a0:30:b0:3a:34
ethact=cpsw
ethaddr=c8:a0:30:b0:3a:32
fdt_addr_r=0x88000000
fdtaddr=0x88000000
fdtfile=undefined
findfdt=if test $board_name = A335BONE; then setenv fdtfile am335x-bone.dtb; fi; if test $board_name = A335BNLT; then setenv fdtfile am335x-boneblack.dtb; fi; if test $board_name = A33515BB; then setenv fdtfile am335x-evm.dtb; fi; if test $board_name = A335X_SK; then setenv fdtfile am335x-evmsk.dtb; fi; if test $fdtfile = undefined; then echo WARNING: Could not determine device tree to use; fi; 
importbootenv=echo Importing environment from mmc ...; env import -t -r $loadaddr $filesize
kernel_addr_r=0x82000000
loadaddr=0x82000000
loadbootenv=load mmc ${mmcdev} ${loadaddr} ${bootenv}
loadfdt=load mmc ${bootpart} ${fdtaddr} ${bootdir}/${fdtfile}
loadimage=load mmc ${bootpart} ${loadaddr} ${bootdir}/${bootfile}
loadramdisk=load mmc ${mmcdev} ${rdaddr} ramdisk.gz
mmcargs=setenv bootargs console=${console} ${optargs} root=${mmcroot} rootfstype=${mmcrootfstype}
mmcboot=mmc dev ${mmcdev}; if mmc rescan; then echo SD/MMC found on device ${mmcdev};if run loadbootenv; then echo Loaded environment from ${bootenv};run importbootenv;fi;if test -n $uenvcmd; then echo Running uenvcmd ...;run uenvcmd;fi;if run loadimage; then run mmcloados;fi;fi;
mmcdev= 
mmcloados=run mmcargs; if test ${boot_fdt} = yes || test ${boot_fdt} = try; then if run loadfdt; then bootz ${loadaddr} - ${fdtaddr}; else if test ${boot_fdt} = try; then bootz; else echo WARN: Cannot load the DT; fi; fi; else bootz; fi;
mmcroot=/dev/mmcblk0p2 ro
mmcrootfstype=ext4 rootwait
mtdids=nand0=nand.0
mtdparts=mtdparts=nand.0:128k(NAND.SPL),128k(NAND.SPL.backup1),128k(NAND.SPL.backup2),128k(NAND.SPL.backup3),256k(NAND.u-boot-spl-os),1m(NAND.u-boot),128k(NAND.u-boot-env),128k(NAND.u-boot-env.backup1),8m(NAND.kernel),-(NAND.file-system)
nandargs=setenv bootargs console=${console} ${optargs} root=${nandroot} rootfstype=${nandrootfstype}
nandboot=echo Booting from nand ...; run nandargs; nand read ${fdtaddr} NAND.u-boot-spl-os; nand read ${loadaddr} NAND.kernel; bootz ${loadaddr} - ${fdtaddr}
nandroot=ubi0:rootfs rw ubi.mtd=NAND.file-system,2048
nandrootfstype=ubifs rootwait=1
netargs=setenv bootargs console=${console} ${optargs} root=/dev/nfs nfsroot=${serverip}:${rootpath},${nfsopts} rw ip=dhcp
netboot=echo Booting from network ...; setenv autoload no; dhcp; tftp ${loadaddr} ${bootfile}; tftp ${fdtaddr} ${fdtfile}; run netargs; bootz ${loadaddr} - ${fdtaddr}
nfsopts=nolock
partitions=uuid_disk=${uuid_gpt_disk};name=rootfs,start=2MiB,size=-,uuid=${uuid_gpt_rootfs}
ramargs=setenv bootargs console=${console} ${optargs} root=${ramroot} rootfstype=${ramrootfstype}
ramboot=echo Booting from ramdisk ...; run ramargs; bootz ${loadaddr} ${rdaddr} ${fdtaddr}
ramdisk_addr_r=0x88080000
ramroot=/dev/ram0 rw
ramrootfstype=ext2
rdaddr=0x88080000
rootpath=/export/rootfs
serverip=192.168.0.1
soc=am33xx
spiargs=setenv bootargs console=${console} ${optargs} root=${spiroot} rootfstype=${spirootfstype}
spiboot=echo Booting from spi ...; run spiargs; sf probe ${spibusno}:0; sf read ${loadaddr} ${spisrcaddr} ${spiimgsize}; bootz ${loadaddr}
spibusno=0
spiimgsize=0x362000
spiroot=/dev/mtdblock4 rw
spirootfstype=jffs2
spisrcaddr=0xe0000
static_ip=${ipaddr}:${serverip}:${gatewayip}:${netmask}:${hostname}::off
stderr=serial
stdin=serial
stdout=serial
usbnet_devaddr=c8:a0:30:b0:3a:34
vendor=ti
ver=U-Boot 2014.07-00071-gaca0808 (Oct 02 2014 - 11:22:57)
Environment size: 4470/131068 bytes
U-Boot# 
- 07:06:57 [INFO] Host: setenv bootargs ''${bootargs}' ip=dhcp '
- 07:06:57 [INFO] Target: 
setenv bootargs ''${bootargs}' ip=dhcp '
U-Boot# 
- 07:06:57 [INFO] Host: setenv serverip '192.168.0.1'
- 07:06:57 [INFO] Target: 
setenv serverip '192.168.0.1'
U-Boot# 
- 07:06:57 [INFO] Host: setenv ipaddr dhcp
- 07:06:57 [INFO] Target: 
setenv ipaddr dhcp
U-Boot# 
- 07:06:57 [INFO] Host: setenv autoload 'no'
- 07:06:58 [INFO] Target: 
setenv autoload 'no'
U-Boot# 
- 07:06:58 [INFO] Host: dhcp
- 07:06:59 [INFO] Target: 
dhcp
link up on port 0, speed 100, full duplex
BOOTP broadcast 1
DHCP client bound to address 192.168.0.185
U-Boot# 
- 07:06:59 [INFO] Host: setenv serverip '192.168.0.1'
- 07:06:59 [INFO] Target: 
setenv serverip '192.168.0.1'
U-Boot# 
- 07:06:59 [INFO] Host: tftp ${loadaddr} 192.168.0.1:vatf_bbb2/a726e2430a8e78505f20f103272d8710
- 07:07:00 [INFO] Target: 
tftp ${loadaddr} 192.168.0.1:vatf_bbb2/a726e2430a8e78505f20f103272d8710
link up on port 0, speed 100, full duplex
Using cpsw device
TFTP from server 192.168.0.1; our IP address is 192.168.0.185
Filename 'vatf_bbb2/a726e2430a8e78505f20f103272d8710'.
Load address: 0x82000000
Loading: *#################################################################
	 #################################################################
	 #################################################################
	 #################################################################
	 #################################################################
	 #################################################################
	 ##############################################
	 4.3 MiB/s
done
Bytes transferred = 6386344 (6172a8 hex)
U-Boot# 
- 07:07:00 [INFO] Host: tftp ${fdt_addr_r} 192.168.0.1:vatf_bbb2/b9b52ca59d751330bd4d5968e0cfd398
- 07:07:00 [INFO] Target: 
tftp ${fdt_addr_r} 192.168.0.1:vatf_bbb2/b9b52ca59d751330bd4d5968e0cfd398
link up on port 0, speed 100, full duplex
Using cpsw device
TFTP from server 192.168.0.1; our IP address is 192.168.0.185
Filename 'vatf_bbb2/b9b52ca59d751330bd4d5968e0cfd398'.
Load address: 0x88000000
Loading: *###
	 3.3 MiB/s
done
Bytes transferred = 30937 (78d9 hex)
U-Boot# 
- 07:07:00 [INFO] Host: ls mmc 0:1
- 07:07:00 [INFO] Target: 
ls mmc 0:1
    77476   mlo 
   447116   u-boot.img 
       14   .ipaddr 
  2616322   u-boot 
   446728   u-boot.bin 
   898293   u-boot-spl 
    76596   u-boot-spl.bin 
        4   ws-calibrate.rules 
        0   pointercal 
9 file(s), 0 dir(s)
U-Boot# 
- 07:07:00 [INFO] Host: ls mmc 0:2
- 07:07:01 [INFO] Target: 
ls mmc 0:2
<DIR>       4096 .
<DIR>       4096 ..
<DIR>      16384 lost+found
<DIR>       4096 bin
<DIR>       4096 boot
<DIR>       4096 dev
<DIR>       4096 etc
<DIR>       4096 home
<DIR>       4096 lib
<DIR>       4096 media
<DIR>       4096 mnt
<DIR>       4096 opt
<DIR>       4096 proc
<SYM>          8 run
<DIR>       4096 sbin
<DIR>       4096 srv
<DIR>       4096 sys
<SYM>          8 tmp
<DIR>       4096 usr
<DIR>       4096 var
<DIR>       4096 www
<DIR>       4096 Settings
<DIR>       4096 test
U-Boot# 
- 07:07:01 [INFO] Host: part uuid mmc 0:2
- 07:07:01 [INFO] Target: 
part uuid mmc 0:2
00000000-02
U-Boot# 
- 07:07:01 [INFO] Host: printenv
- 07:07:01 [INFO] Target: 
printenv
arch=arm
autoload=no
baudrate=115200
board=am335x
board_name=A335BNLT
board_rev=0A5A
boot_fdt=try
bootargs=console=ttyO0,115200n8 earlyprintk rootwait  ip=dhcp 
bootcmd=
bootcount=1
bootdelay=1
bootdir=/boot
bootenv=uEnv.txt
bootfile=zImage
bootm_size=0x10000000
bootpart=0:2
console=ttyO0,115200n8
cpu=armv7
dfu_alt_info_emmc=rawemmc mmc 0 3751936
dfu_alt_info_mmc=boot part 0 1;rootfs part 0 2;MLO fat 0 1;MLO.raw mmc 0x100 0x100;u-boot.img.raw mmc 0x300 0x400;spl-os-args.raw mmc 0x80 0x80;spl-os-image.raw mmc 0x900 0x2000;spl-os-args fat 0 1;spl-os-image fat 0 1;u-boot.img fat 0 1;uEnv.txt fat 0 1
dfu_alt_info_nand=SPL part 0 1;SPL.backup1 part 0 2;SPL.backup2 part 0 3;SPL.backup3 part 0 4;u-boot part 0 5;u-boot-spl-os part 0 6;kernel part 0 8;rootfs part 0 9
dfu_alt_info_ram=kernel ram 0x80200000 0xD80000;fdt ram 0x80F80000 0x80000;ramdisk ram 0x81000000 0x4000000
dnsip=192.0.2.2
dnsip2=192.0.2.3
eth1addr=c8:a0:30:b0:3a:34
ethact=cpsw
ethaddr=c8:a0:30:b0:3a:32
fdt_addr_r=0x88000000
fdtaddr=0x88000000
fdtfile=undefined
fileaddr=88000000
filesize=78d9
findfdt=if test $board_name = A335BONE; then setenv fdtfile am335x-bone.dtb; fi; if test $board_name = A335BNLT; then setenv fdtfile am335x-boneblack.dtb; fi; if test $board_name = A33515BB; then setenv fdtfile am335x-evm.dtb; fi; if test $board_name = A335X_SK; then setenv fdtfile am335x-evmsk.dtb; fi; if test $fdtfile = undefined; then echo WARNING: Could not determine device tree to use; fi; 
gatewayip=192.168.0.1
importbootenv=echo Importing environment from mmc ...; env import -t -r $loadaddr $filesize
ipaddr=192.168.0.185
kernel_addr_r=0x82000000
loadaddr=0x82000000
loadbootenv=load mmc ${mmcdev} ${loadaddr} ${bootenv}
loadfdt=load mmc ${bootpart} ${fdtaddr} ${bootdir}/${fdtfile}
loadimage=load mmc ${bootpart} ${loadaddr} ${bootdir}/${bootfile}
loadramdisk=load mmc ${mmcdev} ${rdaddr} ramdisk.gz
mmcargs=setenv bootargs console=${console} ${optargs} root=${mmcroot} rootfstype=${mmcrootfstype}
mmcboot=mmc dev ${mmcdev}; if mmc rescan; then echo SD/MMC found on device ${mmcdev};if run loadbootenv; then echo Loaded environment from ${bootenv};run importbootenv;fi;if test -n $uenvcmd; then echo Running uenvcmd ...;run uenvcmd;fi;if run loadimage; then run mmcloados;fi;fi;
mmcdev= 
mmcloados=run mmcargs; if test ${boot_fdt} = yes || test ${boot_fdt} = try; then if run loadfdt; then bootz ${loadaddr} - ${fdtaddr}; else if test ${boot_fdt} = try; then bootz; else echo WARN: Cannot load the DT; fi; fi; else bootz; fi;
mmcroot=/dev/mmcblk0p2 ro
mmcrootfstype=ext4 rootwait
mtdids=nand0=nand.0
mtdparts=mtdparts=nand.0:128k(NAND.SPL),128k(NAND.SPL.backup1),128k(NAND.SPL.backup2),128k(NAND.SPL.backup3),256k(NAND.u-boot-spl-os),1m(NAND.u-boot),128k(NAND.u-boot-env),128k(NAND.u-boot-env.backup1),8m(NAND.kernel),-(NAND.file-system)
nandargs=setenv bootargs console=${console} ${optargs} root=${nandroot} rootfstype=${nandrootfstype}
nandboot=echo Booting from nand ...; run nandargs; nand read ${fdtaddr} NAND.u-boot-spl-os; nand read ${loadaddr} NAND.kernel; bootz ${loadaddr} - ${fdtaddr}
nandroot=ubi0:rootfs rw ubi.mtd=NAND.file-system,2048
nandrootfstype=ubifs rootwait=1
netargs=setenv bootargs console=${console} ${optargs} root=/dev/nfs nfsroot=${serverip}:${rootpath},${nfsopts} rw ip=dhcp
netboot=echo Booting from network ...; setenv autoload no; dhcp; tftp ${loadaddr} ${bootfile}; tftp ${fdtaddr} ${fdtfile}; run netargs; bootz ${loadaddr} - ${fdtaddr}
netmask=255.255.255.0
nfsopts=nolock
partitions=uuid_disk=${uuid_gpt_disk};name=rootfs,start=2MiB,size=-,uuid=${uuid_gpt_rootfs}
ramargs=setenv bootargs console=${console} ${optargs} root=${ramroot} rootfstype=${ramrootfstype}
ramboot=echo Booting from ramdisk ...; run ramargs; bootz ${loadaddr} ${rdaddr} ${fdtaddr}
ramdisk_addr_r=0x88080000
ramroot=/dev/ram0 rw
ramrootfstype=ext2
rdaddr=0x88080000
rootpath=/export/rootfs
serverip=192.168.0.1
soc=am33xx
spiargs=setenv bootargs console=${console} ${optargs} root=${spiroot} rootfstype=${spirootfstype}
spiboot=echo Booting from spi ...; run spiargs; sf probe ${spibusno}:0; sf read ${loadaddr} ${spisrcaddr} ${spiimgsize}; bootz ${loadaddr}
spibusno=0
spiimgsize=0x362000
spiroot=/dev/mtdblock4 rw
spirootfstype=jffs2
spisrcaddr=0xe0000
static_ip=${ipaddr}:${serverip}:${gatewayip}:${netmask}:${hostname}::off
stderr=serial
stdin=serial
stdout=serial
usbnet_devaddr=c8:a0:30:b0:3a:34
vendor=ti
ver=U-Boot 2014.07-00071-gaca0808 (Oct 02 2014 - 11:22:57)
Environment size: 4623/131068 bytes
U-Boot# 
- 07:07:01 [INFO] Host: setenv bootargs ''${bootargs}' root=PARTUUID=00000000-02 rw rootfstype=ext4 rootwait '
- 07:07:01 [INFO] Target: 
setenv bootargs ''${bootargs}' root=PARTUUID=00000000-02 rw rootfstype=ext4 rootwait '
U-Boot# 
- 07:07:01 [INFO] Host: printenv
- 07:07:02 [INFO] Target: 
printenv
arch=arm
autoload=no
baudrate=115200
board=am335x
board_name=A335BNLT
board_rev=0A5A
boot_fdt=try
bootargs=console=ttyO0,115200n8 earlyprintk rootwait  ip=dhcp  root=PARTUUID=00000000-02 rw rootfstype=ext4 rootwait 
bootcmd=
bootcount=1
bootdelay=1
bootdir=/boot
bootenv=uEnv.txt
bootfile=zImage
bootm_size=0x10000000
bootpart=0:2
console=ttyO0,115200n8
cpu=armv7
dfu_alt_info_emmc=rawemmc mmc 0 3751936
dfu_alt_info_mmc=boot part 0 1;rootfs part 0 2;MLO fat 0 1;MLO.raw mmc 0x100 0x100;u-boot.img.raw mmc 0x300 0x400;spl-os-args.raw mmc 0x80 0x80;spl-os-image.raw mmc 0x900 0x2000;spl-os-args fat 0 1;spl-os-image fat 0 1;u-boot.img fat 0 1;uEnv.txt fat 0 1
dfu_alt_info_nand=SPL part 0 1;SPL.backup1 part 0 2;SPL.backup2 part 0 3;SPL.backup3 part 0 4;u-boot part 0 5;u-boot-spl-os part 0 6;kernel part 0 8;rootfs part 0 9
dfu_alt_info_ram=kernel ram 0x80200000 0xD80000;fdt ram 0x80F80000 0x80000;ramdisk ram 0x81000000 0x4000000
dnsip=192.0.2.2
dnsip2=192.0.2.3
eth1addr=c8:a0:30:b0:3a:34
ethact=cpsw
ethaddr=c8:a0:30:b0:3a:32
fdt_addr_r=0x88000000
fdtaddr=0x88000000
fdtfile=undefined
fileaddr=88000000
filesize=78d9
findfdt=if test $board_name = A335BONE; then setenv fdtfile am335x-bone.dtb; fi; if test $board_name = A335BNLT; then setenv fdtfile am335x-boneblack.dtb; fi; if test $board_name = A33515BB; then setenv fdtfile am335x-evm.dtb; fi; if test $board_name = A335X_SK; then setenv fdtfile am335x-evmsk.dtb; fi; if test $fdtfile = undefined; then echo WARNING: Could not determine device tree to use; fi; 
gatewayip=192.168.0.1
importbootenv=echo Importing environment from mmc ...; env import -t -r $loadaddr $filesize
ipaddr=192.168.0.185
kernel_addr_r=0x82000000
loadaddr=0x82000000
loadbootenv=load mmc ${mmcdev} ${loadaddr} ${bootenv}
loadfdt=load mmc ${bootpart} ${fdtaddr} ${bootdir}/${fdtfile}
loadimage=load mmc ${bootpart} ${loadaddr} ${bootdir}/${bootfile}
loadramdisk=load mmc ${mmcdev} ${rdaddr} ramdisk.gz
mmcargs=setenv bootargs console=${console} ${optargs} root=${mmcroot} rootfstype=${mmcrootfstype}
mmcboot=mmc dev ${mmcdev}; if mmc rescan; then echo SD/MMC found on device ${mmcdev};if run loadbootenv; then echo Loaded environment from ${bootenv};run importbootenv;fi;if test -n $uenvcmd; then echo Running uenvcmd ...;run uenvcmd;fi;if run loadimage; then run mmcloados;fi;fi;
mmcdev= 
mmcloados=run mmcargs; if test ${boot_fdt} = yes || test ${boot_fdt} = try; then if run loadfdt; then bootz ${loadaddr} - ${fdtaddr}; else if test ${boot_fdt} = try; then bootz; else echo WARN: Cannot load the DT; fi; fi; else bootz; fi;
mmcroot=/dev/mmcblk0p2 ro
mmcrootfstype=ext4 rootwait
mtdids=nand0=nand.0
mtdparts=mtdparts=nand.0:128k(NAND.SPL),128k(NAND.SPL.backup1),128k(NAND.SPL.backup2),128k(NAND.SPL.backup3),256k(NAND.u-boot-spl-os),1m(NAND.u-boot),128k(NAND.u-boot-env),128k(NAND.u-boot-env.backup1),8m(NAND.kernel),-(NAND.file-system)
nandargs=setenv bootargs console=${console} ${optargs} root=${nandroot} rootfstype=${nandrootfstype}
nandboot=echo Booting from nand ...; run nandargs; nand read ${fdtaddr} NAND.u-boot-spl-os; nand read ${loadaddr} NAND.kernel; bootz ${loadaddr} - ${fdtaddr}
nandroot=ubi0:rootfs rw ubi.mtd=NAND.file-system,2048
nandrootfstype=ubifs rootwait=1
netargs=setenv bootargs console=${console} ${optargs} root=/dev/nfs nfsroot=${serverip}:${rootpath},${nfsopts} rw ip=dhcp
netboot=echo Booting from network ...; setenv autoload no; dhcp; tftp ${loadaddr} ${bootfile}; tftp ${fdtaddr} ${fdtfile}; run netargs; bootz ${loadaddr} - ${fdtaddr}
netmask=255.255.255.0
nfsopts=nolock
partitions=uuid_disk=${uuid_gpt_disk};name=rootfs,start=2MiB,size=-,uuid=${uuid_gpt_rootfs}
ramargs=setenv bootargs console=${console} ${optargs} root=${ramroot} rootfstype=${ramrootfstype}
ramboot=echo Booting from ramdisk ...; run ramargs; bootz ${loadaddr} ${rdaddr} ${fdtaddr}
ramdisk_addr_r=0x88080000
ramroot=/dev/ram0 rw
ramrootfstype=ext2
rdaddr=0x88080000
rootpath=/export/rootfs
serverip=192.168.0.1
soc=am33xx
spiargs=setenv bootargs console=${console} ${optargs} root=${spiroot} rootfstype=${spirootfstype}
spiboot=echo Booting from spi ...; run spiargs; sf probe ${spibusno}:0; sf read ${loadaddr} ${spisrcaddr} ${spiimgsize}; bootz ${loadaddr}
spibusno=0
spiimgsize=0x362000
spiroot=/dev/mtdblock4 rw
spirootfstype=jffs2
spisrcaddr=0xe0000
static_ip=${ipaddr}:${serverip}:${gatewayip}:${netmask}:${hostname}::off
stderr=serial
stdin=serial
stdout=serial
usbnet_devaddr=c8:a0:30:b0:3a:34
vendor=ti
ver=U-Boot 2014.07-00071-gaca0808 (Oct 02 2014 - 11:22:57)
Environment size: 4678/131068 bytes
U-Boot# 
- 07:07:02 [INFO] Host: setenv bootcmd ''${bootcmd}' if iminfo ${loadaddr}; then bootm ${loadaddr} - ${fdt_addr_r}; else bootz ${loadaddr} - ${fdt_addr_r}; bootm ${loadaddr} - ${fdt_addr_r}; fi'
- 07:07:02 [INFO] Target: 
setenv bootcmd ''${bootcmd}' if iminfo ${loadaddr}; then bootm ${loadaddr} - ${fdt_addr_r}; else bootz ${loadaddr} - ${fdt_addr_r}; bootm ${loadaddr} - ${fdt_addr_r}; fi'
U-Boot# 
- 07:07:02 [INFO] Host: bdinfo
- 07:07:02 [INFO] Target: 
bdinfo
arch_number = 0x00000E05
boot_params = 0x80000100
DRAM bank   = 0x00000000
-> start    = 0x80000000
-> size     = 0x20000000
eth0name    = cpsw
ethaddr     = c8:a0:30:b0:3a:32
eth1name    = usb_ether
eth1addr    = c8:a0:30:b0:3a:34
current eth = cpsw
ip_addr     = 192.168.0.185
baudrate    = 115200 bps
TLB addr    = 0x9FFF0000
relocaddr   = 0x9F741000
reloc off   = 0x1EF41000
irq_sp      = 0x9E720EE0
sp start    = 0x9E720ED0
U-Boot# 
- 07:07:02 [INFO] Host: mmc rescan
- 07:07:02 [INFO] Target: 
mmc rescan
U-Boot# 
- 07:07:02 [INFO] Host: fatwrite mmc ${mmcdev}:1 ${loadaddr} ws-calibrate.rules 4
- 07:07:02 [INFO] Target: 
fatwrite mmc ${mmcdev}:1 ${loadaddr} ws-calibrate.rules 4
writing ws-calibrate.rules
4 bytes written
U-Boot# 
- 07:07:02 [INFO] Host: boot
- 07:07:20 [INFO] Target: 
boot
## Checking Image at 82000000 ...
Unknown image format!
Kernel image @ 0x82000000 [ 0x000000 - 0x6172a8 ]
## Flattened Device Tree blob at 88000000
   Booting using the fdt blob at 0x88000000
   Loading Device Tree to 8fff5000, end 8ffff8d8 ... OK
Starting kernel ...
[    0.000000] Booting Linux on physical CPU 0x0
[    0.000000] Linux version 4.1.0-rc5-next-20150526-00002-gb61d5ce61b3a (nmenon@kahuna) (gcc version 4.6.3 (Ubuntu/Linaro 4.6.3-1ubuntu5) ) #3 SMP Tue May 26 06:05:16 CDT 2015
[    0.000000] CPU: ARMv7 Processor [413fc082] revision 2 (ARMv7), cr=10c5387d
[    0.000000] CPU: PIPT / VIPT nonaliasing data cache, VIPT aliasing instruction cache
[    0.000000] Machine model: TI AM335x BeagleBone Black
[    0.000000] cma: Reserved 64 MiB at 0x9b800000
[    0.000000] Memory policy: Data cache writeback
[    0.000000] CPU: All CPU(s) started in SVC mode.
[    0.000000] AM335X ES2.0 (sgx neon )
[    0.000000] PERCPU: Embedded 12 pages/cpu @dfaa4000 s16896 r8192 d24064 u49152
[    0.000000] Built 1 zonelists in Zone order, mobility grouping on.  Total pages: 129792
[    0.000000] Kernel command line: console=ttyO0,115200n8 earlyprintk rootwait  ip=dhcp  root=PARTUUID=00000000-02 rw rootfstype=ext4 rootwait 
[    0.000000] PID hash table entries: 2048 (order: 1, 8192 bytes)
[    0.000000] Dentry cache hash table entries: 65536 (order: 6, 262144 bytes)
[    0.000000] Inode-cache hash table entries: 32768 (order: 5, 131072 bytes)
[    0.000000] Memory: 438556K/523264K available (8168K kernel code, 1078K rwdata, 3744K rodata, 936K init, 334K bss, 19172K reserved, 65536K cma-reserved, 0K highmem)
[    0.000000] Virtual kernel memory layout:
[    0.000000]     vector  : 0xffff0000 - 0xffff1000   (   4 kB)
[    0.000000]     fixmap  : 0xffc00000 - 0xfff00000   (3072 kB)
[    0.000000]     vmalloc : 0xe0800000 - 0xff000000   ( 488 MB)
[    0.000000]     lowmem  : 0xc0000000 - 0xe0000000   ( 512 MB)
[    0.000000]     pkmap   : 0xbfe00000 - 0xc0000000   (   2 MB)
[    0.000000]     modules : 0xbf000000 - 0xbfe00000   (  14 MB)
[    0.000000]       .text : 0xc0208000 - 0xc0dab060   (11917 kB)
[    0.000000]       .init : 0xc0dac000 - 0xc0e96000   ( 936 kB)
[    0.000000]       .data : 0xc0e96000 - 0xc0fa38e0   (1079 kB)
[    0.000000]        .bss : 0xc0fa6000 - 0xc0ff9aa0   ( 335 kB)
[    0.000000] SLUB: HWalign=64, Order=0-3, MinObjects=0, CPUs=1, Nodes=1
[    0.000000] Hierarchical RCU implementation.
[    0.000000] 	Additional per-CPU info printed with stalls.
[    0.000000] 	Build-time adjustment of leaf fanout to 32.
[    0.000000] 	RCU restricting CPUs from NR_CPUS=16 to nr_cpu_ids=1.
[    0.000000] RCU: Adjusting geometry for rcu_fanout_leaf=32, nr_cpu_ids=1
[    0.000000] NR_IRQS:16 nr_irqs:16 16
[    0.000000] IRQ: Found an INTC at 0xfa200000 (revision 5.0) with 128 interrupts
[    0.000000] OMAP clockevent source: timer2 at 24000000 Hz
[    0.000013] sched_clock: 32 bits at 24MHz, resolution 41ns, wraps every 89478484971ns
[    0.000031] clocksource timer1: mask: 0xffffffff max_cycles: 0xffffffff, max_idle_ns: 79635851949 ns
[    0.000042] OMAP clocksource: timer1 at 24000000 Hz
[    0.000218] Console: colour dummy device 80x30
[    0.000251] Calibrating delay loop... 997.78 BogoMIPS (lpj=2494464)
[    0.059354] pid_max: default: 32768 minimum: 301
[    0.059486] Mount-cache hash table entries: 1024 (order: 0, 4096 bytes)
[    0.059497] Mountpoint-cache hash table entries: 1024 (order: 0, 4096 bytes)
[    0.060153] CPU: Testing write buffer coherency: ok
[    0.060472] CPU0: thread -1, cpu 0, socket -1, mpidr 0
[    0.060563] Setting up static identity map for 0x80209000 - 0x80209098
[    0.063341] Brought up 1 CPUs
[    0.063361] SMP: Total of 1 processors activated (997.78 BogoMIPS).
[    0.063368] CPU: All CPU(s) started in SVC mode.
[    0.063962] devtmpfs: initialized
[    0.064860] VFP support v0.3: implementor 41 architecture 3 part 30 variant c rev 3
[    0.074995] omap_hwmod: tptc0 using broken dt data from edma
[    0.075112] omap_hwmod: tptc1 using broken dt data from edma
[    0.075214] omap_hwmod: tptc2 using broken dt data from edma
[    0.079744] omap_hwmod: debugss: _wait_target_disable failed
[    0.134962] clocksource jiffies: mask: 0xffffffff max_cycles: 0xffffffff, max_idle_ns: 9556302231375000 ns
[    0.139219] pinctrl core: initialized pinctrl subsystem
[    0.149637] NET: Registered protocol family 16
[    0.151823] DMA: preallocated 256 KiB pool for atomic coherent allocations
[    0.153659] cpuidle: using governor ladder
[    0.153678] cpuidle: using governor menu
[    0.157242] OMAP GPIO hardware version 0.1
[    0.165960] No ATAGs?
[    0.165988] hw-breakpoint: debug architecture 0x4 unsupported.
[    0.169578] Serial: AMBA PL011 UART driver
[    0.188288] edma-dma-engine edma-dma-engine.0: TI EDMA DMA engine driver
[    0.191209] vgaarb: loaded
[    0.192041] SCSI subsystem initialized
[    0.192658] usbcore: registered new interface driver usbfs
[    0.192727] usbcore: registered new interface driver hub
[    0.192795] usbcore: registered new device driver usb
[    0.193478] omap_i2c 44e0b000.i2c: could not find pctldev for node /ocp/l4_wkup@44c00000/scm@210000/pinmux@800/pinmux_i2c0_pins, deferring probe
[    0.193524] omap_i2c 4819c000.i2c: could not find pctldev for node /ocp/l4_wkup@44c00000/scm@210000/pinmux@800/pinmux_i2c2_pins, deferring probe
[    0.194043] media: Linux media interface: v0.10
[    0.194110] Linux video capture interface: v2.00
[    0.194161] pps_core: LinuxPPS API ver. 1 registered
[    0.194168] pps_core: Software ver. 5.3.6 - Copyright 2005-2007 Rodolfo Giometti <giometti@linux.it>
[    0.194199] PTP clock support registered
[    0.194483] EDAC MC: Ver: 3.0.0
[    0.195808] Advanced Linux Sound Architecture Driver Initialized.
[    0.197110] Switched to clocksource timer1
[    0.207443] NET: Registered protocol family 2
[    0.208075] TCP established hash table entries: 4096 (order: 2, 16384 bytes)
[    0.208122] TCP bind hash table entries: 4096 (order: 3, 32768 bytes)
[    0.208180] TCP: Hash tables configured (established 4096 bind 4096)
[    0.208242] UDP hash table entries: 256 (order: 1, 8192 bytes)
[    0.208262] UDP-Lite hash table entries: 256 (order: 1, 8192 bytes)
[    0.208417] NET: Registered protocol family 1
[    0.208796] RPC: Registered named UNIX socket transport module.
[    0.208808] RPC: Registered udp transport module.
[    0.208814] RPC: Registered tcp transport module.
[    0.208821] RPC: Registered tcp NFSv4.1 backchannel transport module.
[    0.209763] CPU PMU: Failed to parse /pmu/interrupt-affinity[0]
[    0.209813] hw perfevents: enabled with armv7_cortex_a8 PMU driver, 5 counters available
[    0.211690] futex hash table entries: 256 (order: 2, 16384 bytes)
[    0.223947] squashfs: version 4.0 (2009/01/31) Phillip Lougher
[    0.224968] NFS: Registering the id_resolver key type
[    0.225036] Key type id_resolver registered
[    0.225044] Key type id_legacy registered
[    0.225118] ntfs: driver 2.1.32 [Flags: R/O].
[    0.226569] Block layer SCSI generic (bsg) driver version 0.4 loaded (major 248)
[    0.226592] io scheduler noop registered
[    0.226602] io scheduler deadline registered
[    0.226787] io scheduler cfq registered (default)
[    0.229851] pinctrl-single 44e10800.pinmux: 142 pins at pa f9e10800 size 568
[    0.293566] Serial: 8250/16550 driver, 4 ports, IRQ sharing disabled
[    0.295966] SuperH (H)SCI(F) driver initialized
[    0.296647] msm_serial: driver initialized
[    0.297255] omap_uart 44e09000.serial: no wakeirq for uart0
[    0.297434] 44e09000.serial: ttyO0 at MMIO 0x44e09000 (irq = 154, base_baud = 3000000) is a OMAP UART0
[    0.984866] console [ttyO0] enabled
[    0.989045] STMicroelectronics ASC driver initialized
[    0.995686] [drm] Initialized drm 1.1.0 20060810
[    1.007361] loop: module loaded
[    1.016413] CAN device driver interface
[    1.021328] igb: Intel(R) Gigabit Ethernet Network Driver - version 5.2.15-k
[    1.028761] igb: Copyright (c) 2007-2014 Intel Corporation.
[    1.036491] pegasus: v0.9.3 (2013/04/25), Pegasus/Pegasus II USB Ethernet driver
[    1.044388] usbcore: registered new interface driver pegasus
[    1.050419] usbcore: registered new interface driver asix
[    1.056147] usbcore: registered new interface driver ax88179_178a
[    1.062600] usbcore: registered new interface driver cdc_ether
[    1.068797] usbcore: registered new interface driver smsc75xx
[    1.074916] usbcore: registered new interface driver smsc95xx
[    1.081009] usbcore: registered new interface driver net1080
[    1.087005] usbcore: registered new interface driver cdc_subset
[    1.093275] usbcore: registered new interface driver zaurus
[    1.099238] usbcore: registered new interface driver cdc_ncm
[    1.106408] ehci_hcd: USB 2.0 'Enhanced' Host Controller (EHCI) Driver
[    1.113309] ehci-pci: EHCI PCI platform driver
[    1.118045] ehci-platform: EHCI generic platform driver
[    1.123700] ehci-omap: OMAP-EHCI Host Controller driver
[    1.129314] ehci-orion: EHCI orion driver
[    1.133656] SPEAr-ehci: EHCI SPEAr driver
[    1.137995] ehci-st: EHCI STMicroelectronics driver
[    1.143234] ehci-exynos: EHCI EXYNOS driver
[    1.147754] ehci-atmel: EHCI Atmel driver
[    1.152056] tegra-ehci: Tegra EHCI driver
[    1.156395] ohci_hcd: USB 1.1 'Open' Host Controller (OHCI) Driver
[    1.162928] ohci-pci: OHCI PCI platform driver
[    1.167674] ohci-platform: OHCI generic platform driver
[    1.173313] ohci-omap3: OHCI OMAP3 driver
[    1.177657] SPEAr-ohci: OHCI SPEAr driver
[    1.181964] ohci-st: OHCI STMicroelectronics driver
[    1.187212] ohci-atmel: OHCI Atmel driver
[    1.191617] usbcore: registered new interface driver usb-storage
[    1.199219] mousedev: PS/2 mouse device common for all mice
[    1.208424] i2c /dev entries driver
[    1.213645] usbcore: registered new interface driver uvcvideo
[    1.219720] USB Video Class driver (1.1.1)
[    1.224036] gspca_main: v2.14.0 registered
[    1.231982] sdhci: Secure Digital Host Controller Interface driver
[    1.238524] sdhci: Copyright(c) Pierre Ossman
[    1.243967] omap_hsmmc 48060000.mmc: Got CD GPIO
[    1.307956] Synopsys Designware Multimedia Card Interface Driver
[    1.315093] sdhci-pltfm: SDHCI platform and OF driver helper
[    1.323040] ledtrig-cpu: registered to indicate activity on CPUs
[    1.329696] usbcore: registered new interface driver usbhid
[    1.335577] usbhid: USB HID core driver
[    1.342844] usbcore: registered new interface driver snd-usb-audio
[    1.352327] NET: Registered protocol family 17
[    1.357029] can: controller area network core (rev 20120528 abi 9)
[    1.363648] NET: Registered protocol family 29
[    1.368348] can: raw protocol (rev 20120528)
[    1.372849] can: broadcast manager protocol (rev 20120528 t)
[    1.378812] can: netlink gateway (rev 20130117) max_hops=1
[    1.385114] Key type dns_resolver registered
[    1.389872] omap_voltage_late_init: Voltage driver support not added
[    1.397592] ThumbEE CPU extension supported.
[    1.402153] Registering SWP/SWPB emulation handler
[    1.411196] at24 0-0050: 32768 byte 24c256 EEPROM, writable, 1 bytes/write
[    1.418572] omap_i2c 44e0b000.i2c: bus 0 rev0.11 at 400 kHz
[    1.426068] at24 2-0054: 32768 byte 24c256 EEPROM, writable, 1 bytes/write
[    1.433584] at24 2-0055: 32768 byte 24c256 EEPROM, writable, 1 bytes/write
[    1.441004] at24 2-0056: 32768 byte 24c256 EEPROM, writable, 1 bytes/write
[    1.448413] at24 2-0057: 32768 byte 24c256 EEPROM, writable, 1 bytes/write
[    1.455685] omap_i2c 4819c000.i2c: bus 2 rev0.11 at 100 kHz
[    1.482936] mmc0: host does not support reading read-only switch, assuming write-enable
[    1.494861] mmc0: new high speed SD card at address e624
[    1.500973] mmcblk0: mmc0:e624 SU02G 1.84 GiB 
[    1.508439]  mmcblk0: p1 p2 p3
[    1.517594] davinci_mdio 4a101000.mdio: davinci mdio revision 1.6
[    1.524066] davinci_mdio 4a101000.mdio: detected phy mask fffffffe
[    1.531497] libphy: 4a101000.mdio: probed
[    1.535776] davinci_mdio 4a101000.mdio: phy[0]: device 4a101000.mdio:00, driver SMSC LAN8710/LAN8720
[    1.546859] cpsw 4a100000.ethernet: Detected MACID = c8:a0:30:b0:3a:32
[    1.555157] hctosys: unable to open rtc device (rtc0)
[    1.565025] net eth0: initializing cpsw version 1.12 (0)
[    1.573047] net eth0: phy found : id is : 0x7c0f1
[    1.578065] libphy: PHY 4a101000.mdio:01 not found
[    1.583115] net eth0: phy 4a101000.mdio:01 not found on slave 1
[    1.625508] mmc1: MAN_BKOPS_EN bit is not set
[    1.631990] mmc1: new high speed MMC card at address 0001
[    1.638231] mmcblk1: mmc1:0001 MMC02G 1.78 GiB 
[    1.643184] mmcblk1boot0: mmc1:0001 MMC02G partition 1 1.00 MiB
[    1.649573] mmcblk1boot1: mmc1:0001 MMC02G partition 2 1.00 MiB
[    1.658409]  mmcblk1: p1
[    4.642764] cpsw 4a100000.ethernet eth0: Link is Up - 100Mbps/Full - flow control rx/tx
[    4.662111] Sending DHCP requests ., OK
[    4.712590] IP-Config: Got DHCP answer from 192.168.0.1, my address is 192.168.0.185
[    4.720903] IP-Config: Complete:
[    4.724326]      device=eth0, hwaddr=c8:a0:30:b0:3a:32, ipaddr=192.168.0.185, mask=255.255.255.0, gw=192.168.0.1
[    4.735010]      host=192.168.0.185, domain=ti.com, nis-domain=(none)
[    4.741774]      bootserver=192.168.0.1, rootserver=192.168.0.1, rootpath=
[    4.748812]      nameserver0=192.0.2.2, nameserver1=192.0.2.3
[    4.755264] ALSA device list:
[    4.758405]   No soundcards found.
[    4.783207] EXT4-fs (mmcblk0p2): warning: maximal mount count reached, running e2fsck is recommended
[    4.795721] EXT4-fs (mmcblk0p2): mounted filesystem with ordered data mode. Opts: (null)
[    4.804317] VFS: Mounted root (ext4 filesystem) on device 179:2.
[    4.820038] devtmpfs: mounted
[    4.824145] Freeing unused kernel memory: 936K (c0dac000 - c0e96000)
INIT: version 2.88 booting
Error opening /dev/fb0: No such file or directory
Starting udev
[    5.426948] udevd[75]: starting version 182
[    8.190931] FAT-fs (mmcblk1p1): Volume was not properly unmounted. Some data may be corrupt. Please run fsck.
[    8.213247] FAT-fs (mmcblk0p1): Volume was not properly unmounted. Some data may be corrupt. Please run fsck.
[    8.247879] FAT-fs (mmcblk0p3): Volume was not properly unmounted. Some data may be corrupt. Please run fsck.
ERROR: could not open directory /lib/modules/4.1.0-rc5-next-20150526-00002-gb61d5ce61b3a: No such file or directory
WARNING: -e needs -E or -F
ERROR: could not open directory /lib/modules/4.1.0-rc5-next-20150526-00002-gb61d5ce61b3a: No such file or directory
FATAL: could not search modules: No such file or directory
Starting Bootlog daemon: bootlogd.
[    9.400780] EXT4-fs (mmcblk0p2): re-mounted. Opts: data=ordered
[    9.464357] random: dd urandom read with 74 bits of entropy available
ALSA: Restoring mixer settings...
/usr/sbin/alsactl: load_state:1696: No soundcards found...
Configuring network interfaces... udhcpc (v1.20.2) started
Sending discover...
Sending select for 192.168.0.120...
Lease of 192.168.0.120 obtained, lease time 7200
/etc/udhcpc.d/50default: Adding DNS 192.0.2.2
/etc/udhcpc.d/50default: Adding DNS 192.0.2.3
done.
hwclock: can't open '/dev/misc/rtc': No such file or directory
Sat Mar 22 16:21:00 UTC 2014
hwclock: can't open '/dev/misc/rtc': No such file or directory
INIT: Entering runlevel: 5
Starting system message bus: dbus.
UIM SYSFS Node Not Found
Starting Dropbear SSH server: dropbear.
Starting telnet daemon.
hwclock: can't open '/dev/misc/rtc': No such file or directory
Starting syslogd/klogd: done
Starting thttpd.
Starting Lighttpd Web Server: lighttpd.
2014-03-22 16:21:01: (log.c.166) server started 
Starting Matrix GUI application.
[   14.339578] random: nonblocking pool is initialized
***************************************************************
***************************************************************
NOTICE: This file system contains the followin GPLv3 packages:
	binutils-symlinks
	binutils
	gdbserver
If you do not wish to distribute GPLv3 components please remove
the above packages prior to distribution.  This can be done using
the opkg remove command.  i.e.:
    opkg remove <package>
Where <package> is the name printed in the list above
NOTE: If the package is a dependency of another package you
      will be notified of the dependent packages.  You should
      use the --force-removal-of-dependent-packages option to
      also remove the dependent packages as well
***************************************************************
***************************************************************
Stopping Bootlog daemon: bootlogd.
 _____                    _____           _         _   
|  _  |___ ___ ___ ___   |  _  |___ ___  |_|___ ___| |_ 
|     |  _| .'| . | . |  |   __|  _| . | | | -_|  _|  _|
|__|__|_| |__,|_  |___|  |__|  |_| |___|_| |___|___|_|  
              |___|                    |___|            
Arago Project http://arago-project.org am335x-evm ttyO0
Arago 2013.12 am335x-evm ttyO0
am335x-evm login: 
- 07:07:20 [INFO] Host: root
- 07:07:20 [INFO] Target: 
root
root@am335x-evm:~# 
- 07:07:20 [INFO] Host: uname -a
- 07:07:20 [INFO] Target: 
uname -a
Linux am335x-evm 4.1.0-rc5-next-20150526-00002-gb61d5ce61b3a #3 SMP Tue May 26 06:05:16 CDT 2015 armv7l GNU/Linux
root@am335x-evm:~# 
- 07:07:20 [INFO] Host: cat /proc/cmdline
- 07:07:20 [INFO] Target: 
cat /proc/cmdline
console=ttyO0,115200n8 earlyprintk rootwait  ip=dhcp  root=PARTUUID=00000000-02 rw rootfstype=ext4 rootwait 
root@am335x-evm:~# 
- 07:07:20 [INFO] Host: uname -a
- 07:07:20 [INFO] Target: 
uname -a
Linux am335x-evm 4.1.0-rc5-next-20150526-00002-gb61d5ce61b3a #3 SMP Tue May 26 06:05:16 CDT 2015 armv7l GNU/Linux
root@am335x-evm:~# 
- 07:07:20 [INFO] Host: cat /proc/mtd
- 07:07:20 [INFO] Target: 
cat /proc/mtd
dev:    size   erasesize  name
root@am335x-evm:~# 
- 07:07:26 [INFO] Host: export IPERFHOST=192.168.0.1
- 07:07:26 [INFO] Target: 
export IPERFHOST=192.168.0.1
root@am335x-evm:~# 
- 07:07:26 [INFO] Host: export NFS_SERVER=192.168.0.1
- 07:07:26 [INFO] Target: 
export NFS_SERVER=192.168.0.1
root@am335x-evm:~# 
- 07:07:26 [INFO] Host: export NFS_ROOT_PATH=/home/tigtfarm02/NFS_exports/bbb2
- 07:07:26 [INFO] Target: 
export NFS_ROOT_PATH=/home/tigtfarm02/NFS_exports/bbb2
root@am335x-evm:~# 
- 07:07:26 [INFO] Host: mkdir -p -m 777 /test
- 07:07:26 [INFO] Target: 
mkdir -p -m 777 /test
root@am335x-evm:~# 
- 07:07:26 [INFO] Host: cd /test
- 07:07:26 [INFO] Target: 
cd /test
root@am335x-evm:/test# 
- 07:07:26 [INFO] Host: cat > test.sh << EOF
- 07:07:26 [INFO] Target: 
cat > test.sh << EOF
- 07:07:26 [INFO] Host: failtest() {
- 07:07:26 [INFO] Target: 
failtest() {
- 07:07:26 [INFO] Host:   echo 1 >&3
- 07:07:26 [INFO] Target: 
  echo 1 >&3
- 07:07:26 [INFO] Host: }
- 07:07:27 [INFO] Target: 
- 07:07:27 [INFO] Host: timeout=600
- 07:07:27 [INFO] Target: 
timeout=600
- 07:07:27 [INFO] Host: 
- 07:07:27 [INFO] Target: 
- 07:07:27 [INFO] Host: # Start of user's script logic
- 07:07:27 [INFO] Target: 
# Start of user's script logic
- 07:07:27 [INFO] Host: mount -t proc proc /proc 2>/dev/null;
- 07:07:27 [INFO] Target: 
mount -t proc proc /proc 2>/dev/null;
- 07:07:27 [INFO] Host: 
- 07:07:27 [INFO] Target: 
- 07:07:27 [INFO] Host: mount -t sysfs sys /sys 2>/dev/null;
- 07:07:27 [INFO] Target: 
mount -t sysfs sys /sys 2>/dev/null;
- 07:07:27 [INFO] Host: 
- 07:07:27 [INFO] Target: 
- 07:07:27 [INFO] Host: mount -t debugfs none /sys/kernel/debug 2>/dev/null;
- 07:07:27 [INFO] Target: 
mount -t debugfs none /sys/kernel/debug 2>/dev/null;
- 07:07:27 [INFO] Host: 
- 07:07:27 [INFO] Target: 
- 07:07:27 [INFO] Host: echo 'cpuinfo:';cat /proc/cpuinfo; echo '=======';
- 07:07:28 [INFO] Target: 
echo 'cpuinfo:';cat /proc/cpuinfo; echo '=======';
- 07:07:28 [INFO] Host: 
- 07:07:28 [INFO] Target: 
- 07:07:28 [INFO] Host: echo 'soc info:';head /sys/devices/soc0/* 2>/dev/null; echo '=======';
- 07:07:28 [INFO] Target: 
echo 'soc info:';head /sys/devices/soc0/* 2>/dev/null; echo '=======';
- 07:07:28 [INFO] Host: 
- 07:07:28 [INFO] Target: 
- 07:07:28 [INFO] Host: echo 'DT Model info'; head /proc/device-tree/name /proc/device-tree/model /proc/device-tree/compatible 2>/dev/null;echo; echo '=======';
- 07:07:28 [INFO] Target: 
echo 'DT Model info'; head /proc/device-tree/name /proc/device-tree/model /pro 
c/device-tree/compatible 2>/dev/null;echo; echo '=======';
- 07:07:28 [INFO] Host: 
- 07:07:28 [INFO] Target: 
- 07:07:28 [INFO] Host: echo 'interrupts:';cat /proc/interrupts; echo '=======';
- 07:07:28 [INFO] Target: 
echo 'interrupts:';cat /proc/interrupts; echo '=======';
- 07:07:28 [INFO] Host: 
- 07:07:28 [INFO] Target: 
- 07:07:28 [INFO] Host: echo 'Clk_summary:';cat /sys/kernel/debug/clk/clk_summary; echo '=======';
- 07:07:28 [INFO] Target: 
echo 'Clk_summary:';cat /sys/kernel/debug/clk/clk_summary; echo '=======';
- 07:07:28 [INFO] Host: 
- 07:07:28 [INFO] Target: 
- 07:07:28 [INFO] Host: echo "Available frequencies"; cat /sys/devices/system/cpu/cpu0/cpufreq/scaling_available_frequencies 2>/dev/null;echo '=======';
- 07:07:29 [INFO] Target: 
echo "Available frequencies"; cat /sys/devices/system/cpu/cpu0/cpufreq/scaling 
_available_frequencies 2>/dev/null;echo '=======';
- 07:07:29 [INFO] Host: 
- 07:07:29 [INFO] Target: 
- 07:07:29 [INFO] Host: TMPF=/tmp/a.\$\$; TMPF2=/tmp/b.\$\$; STR=""
- 07:07:29 [INFO] Target: 
TMPF=/tmp/a.\$\$; TMPF2=/tmp/b.\$\$; STR=""
- 07:07:29 [INFO] Host: 
- 07:07:29 [INFO] Target: 
- 07:07:29 [INFO] Host: cp /dev/kmsg \$TMPF &
- 07:07:29 [INFO] Target: 
cp /dev/kmsg \$TMPF &
- 07:07:29 [INFO] Host: 
- 07:07:29 [INFO] Target: 
- 07:07:29 [INFO] Host: PID=\$! ; sleep 5; kill -9 \$PID
- 07:07:29 [INFO] Target: 
PID=\$! ; sleep 5; kill -9 \$PID
- 07:07:29 [INFO] Host: 
- 07:07:29 [INFO] Target: 
- 07:07:29 [INFO] Host: 
- 07:07:29 [INFO] Target: 
- 07:07:29 [INFO] Host: 
- 07:07:30 [INFO] Target: 
- 07:07:30 [INFO] Host: cat \$TMPF|grep "^0">\$TMPF2; N=\`cat \$TMPF2|wc -l\`; if [ "\$N" -ne 0 ]; then STR="\$STR emerg=\$N";echo "===== EMERGE++";cat \$TMPF2|cut -d ';' -f2;echo "====="; fi
- 07:07:30 [INFO] Target: 
cat \$TMPF|grep "^0">\$TMPF2; N=\`cat \$TMPF2|wc -l\`; if [ "\$N" -ne 0 ]; the 
n STR="\$STR emerg=\$N";echo "===== EMERGE++";cat \$TMPF2|cut -d ';' -f2;echo "= 
===="; fi
- 07:07:30 [INFO] Host: 
- 07:07:30 [INFO] Target: 
- 07:07:30 [INFO] Host: cat \$TMPF|grep "^1">\$TMPF2; N=\`cat \$TMPF2|wc -l\`; if [ "\$N" -ne 0 ]; then STR="\$STR alert=\$N";echo "===== ALERT ==";cat \$TMPF2|cut -d ';' -f2;echo "====="; fi
- 07:07:30 [INFO] Target: 
cat \$TMPF|grep "^1">\$TMPF2; N=\`cat \$TMPF2|wc -l\`; if [ "\$N" -ne 0 ]; the 
n STR="\$STR alert=\$N";echo "===== ALERT ==";cat \$TMPF2|cut -d ';' -f2;echo "= 
===="; fi
- 07:07:30 [INFO] Host: 
- 07:07:30 [INFO] Target: 
- 07:07:30 [INFO] Host: cat \$TMPF|grep "^2">\$TMPF2; N=\`cat \$TMPF2|wc -l\`; if [ "\$N" -ne 0 ]; then STR="\$STR crit=\$N";echo "===== CRIT ==";cat \$TMPF2|cut -d ';' -f2;echo "====="; fi
- 07:07:30 [INFO] Target: 
cat \$TMPF|grep "^2">\$TMPF2; N=\`cat \$TMPF2|wc -l\`; if [ "\$N" -ne 0 ]; the 
n STR="\$STR crit=\$N";echo "===== CRIT ==";cat \$TMPF2|cut -d ';' -f2;echo "=== 
=="; fi
- 07:07:30 [INFO] Host: 
- 07:07:30 [INFO] Target: 
- 07:07:30 [INFO] Host: cat \$TMPF|grep "^3">\$TMPF2; N=\`cat \$TMPF2|wc -l\`; if [ "\$N" -ne 0 ]; then STR="\$STR err=\$N";echo "===== ERR ==";cat \$TMPF2|cut -d ';' -f2;echo "=====" ;fi
- 07:07:30 [INFO] Target: 
cat \$TMPF|grep "^3">\$TMPF2; N=\`cat \$TMPF2|wc -l\`; if [ "\$N" -ne 0 ]; the 
n STR="\$STR err=\$N";echo "===== ERR ==";cat \$TMPF2|cut -d ';' -f2;echo "===== 
" ;fi
- 07:07:30 [INFO] Host: 
- 07:07:30 [INFO] Target: 
- 07:07:30 [INFO] Host: cat \$TMPF|grep "^4">\$TMPF2; N=\`cat \$TMPF2|wc -l\`; if [ "\$N" -ne 0 ]; then STR="\$STR warn=\$N";echo "===== WARN ==";cat \$TMPF2|cut -d ';' -f2;echo "=====" ;fi
- 07:07:30 [INFO] Target: 
cat \$TMPF|grep "^4">\$TMPF2; N=\`cat \$TMPF2|wc -l\`; if [ "\$N" -ne 0 ]; the 
n STR="\$STR warn=\$N";echo "===== WARN ==";cat \$TMPF2|cut -d ';' -f2;echo "=== 
==" ;fi
- 07:07:30 [INFO] Host: 
- 07:07:31 [INFO] Target: 
- 07:07:31 [INFO] Host: rm \$TMPF \$TMPF2; echo "SUM""MARY RESULT: BOOT:" 'PASS: H''ello World' 'B''oard' "Booted" "Boot Log has::::\$STR:"
- 07:07:31 [INFO] Target: 
rm \$TMPF \$TMPF2; echo "SUM""MARY RESULT: BOOT:" 'PASS: H''ello World' 'B''oa 
rd' "Booted" "Boot Log has::::\$STR:"
- 07:07:31 [INFO] Host: 
- 07:07:31 [INFO] Target: 
- 07:07:31 [INFO] Host: EOF
- 07:07:31 [INFO] Target: 
root@am335x-evm:/test# 
- 07:07:31 [INFO] Host: cd /test
- 07:07:31 [INFO] Target: 
cd /test
root@am335x-evm:/test# 
- 07:07:31 [INFO] Host: chmod +x test.sh
- 07:07:31 [INFO] Target: 
chmod +x test.sh
root@am335x-evm:/test# 
- 07:07:31 [INFO] Host: ./test.sh 2> stderr.log > stdout.log 3> result.log
- 07:07:36 [INFO] Target: 
./test.sh 2> stderr.log > stdout.log 3> result.log
root@am335x-evm:/test# 
- 07:07:36 [INFO] Host: echo $?
- 07:07:36 [INFO] Target: 
echo $?
root@am335x-evm:/test# 
- 07:07:36 [INFO] Host: cd /test
- 07:07:37 [INFO] Target: 
cd /test
root@am335x-evm:/test# 
- 07:07:37 [INFO] Host: cat stdout.log
- 07:07:37 [INFO] Target: 
cat stdout.log
cpuinfo:
processor	: 0
model name	: ARMv7 Processor rev 2 (v7l)
BogoMIPS	: 997.78
Features	: half thumb fastmult vfp edsp thumbee neon vfpv3 tls vfpd32 
CPU implementer	: 0x41
CPU architecture: 7
CPU variant	: 0x3
CPU part	: 0xc08
CPU revision	: 2
Hardware	: Generic AM33XX (Flattened Device Tree)
Revision	: 0000
Serial		: 0000000000000000
=======
soc info:
==> /sys/devices/soc0/family <==
AM33xx
==> /sys/devices/soc0/machine <==
AM335X
==> /sys/devices/soc0/power <==
==> /sys/devices/soc0/revision <==
ES2.0
==> /sys/devices/soc0/subsystem <==
==> /sys/devices/soc0/type <==
==> /sys/devices/soc0/uevent <==
=======
DT Model info
==> /proc/device-tree/name <==
==> /proc/device-tree/model <==
TI AM335x BeagleBone Black
==> /proc/device-tree/compatible <==
ti,am335x-bone-blackti,am335x-boneti,am33xx
=======
interrupts:
           CPU0       
 16:       3838      INTC  68 Level     gp_timer
 19:       2177      INTC  12 Level     edma
 21:          5      INTC  14 Level     edma_error
 29:          0  44e07000.gpio   6 Edge      48060000.mmc cd
154:       8730      INTC  72 Level     OMAP UART0
155:          0      INTC  70 Level     44e0b000.i2c
156:          0      INTC  30 Level     4819c000.i2c
157:       5958      INTC  64 Level     mmc0
158:        687      INTC  28 Level     mmc1
169:         18      INTC  41 Level     4a100000.ethernet
170:         14      INTC  42 Level     4a100000.ethernet
IPI0:          0  CPU wakeup interrupts
IPI1:          0  Timer broadcast interrupts
IPI2:          0  Rescheduling interrupts
IPI3:          0  Function call interrupts
IPI4:          0  Single function call interrupts
IPI5:          0  CPU stop interrupts
IPI6:          0  IRQ work interrupts
IPI7:          0  completion interrupts
Err:          0
=======
Clk_summary:
   clock                         enable_cnt  prepare_cnt        rate   accuracy   phase
----------------------------------------------------------------------------------------
 tclkin_ck                                0            0    12000000          0 0  
 virt_26000000_ck                         0            0    26000000          0 0  
 virt_25000000_ck                         0            0    25000000          0 0  
 virt_24000000_ck                         1            1    24000000          0 0  
    sys_clkin_ck                          9           23    24000000          0 0  
       timer6_fck                         0            1    24000000          0 0  
       timer3_fck                         0            1    24000000          0 0  
       dbg_sysclk_ck                      0            1    24000000          0 0  
       timer7_fck                         0            1    24000000          0 0  
       timer5_fck                         0            1    24000000          0 0  
       timer4_fck                         0            1    24000000          0 0  
       timer2_fck                         1            1    24000000          0 0  
       timer1_fck                         1            1    24000000          0 0  
       cefuse_fck                         0            0    24000000          0 0  
       dpll_per_ck                        1            2   960000000          0 0  
          usbotg_fck                      0            1   960000000          0 0  
          dpll_per_m2_ck                  2            4   192000000          0 0  
             mmc_clk                      0            3    96000000          0 0  
             clk_24mhz                    1            1    24000000          0 0  
                clkdiv32k_ck              1            1       32786          0 0  
                   clkdiv32k_ick           1            5       32786          0 0  
                      wdt1_fck            0            1       32786          0 0  
                      gpio3_dbclk           0            1       32786          0 0  
                      gpio2_dbclk           0            1       32786          0 0  
                      gpio1_dbclk           0            1       32786          0 0  
             dpll_per_m2_div4_ck           0            9    48000000          0 0  
             dpll_per_m2_div4_wkupdm_ck           1            2    48000000          0 0  
       dpll_disp_ck                       0            1    24000000          0 0  
          dpll_disp_m2_ck                 0            1    24000000          0 0  
             lcd_gclk                     0            1    24000000          0 0  
       dpll_ddr_ck                        1            1   400000000          0 0  
          dpll_ddr_m2_ck                  2            2   400000000          0 0  
             dpll_ddr_m2_div2_ck           1            1   200000000          0 0  
       dpll_mpu_ck                        1            1  1000000000          0 0  
          dpll_mpu_m2_ck                  4            4  1000000000          0 0  
       dpll_core_ck                       1            1  1000000000          0 0  
          dpll_core_x2_ck                 2            2  2000000000          0 0  
             dpll_core_m6_ck              0            0   500000000          0 0  
             dpll_core_m5_ck              1            1   250000000          0 0  
                cpsw_cpts_rft_clk           0            0   250000000          0 0  
                cpsw_125mhz_gclk           3            3   125000000          0 0  
             dpll_core_m4_ck              9           11   200000000          0 0  
                dbg_clka_ck               0            2   200000000          0 0  
                   trace_pmd_clk_mux_ck           0            1   200000000          0 0  
                      trace_clk_div_ck           0            1    50000000          0 0  
                   stm_pmd_clock_mux_ck           0            0   200000000          0 0  
                      stm_clk_div_ck           0            0    50000000          0 0  
                gfx_fclk_clksel_ck           0            1   200000000          0 0  
                   gfx_fck_div_ck           0            1   200000000          0 0  
                sysclk_div_ck             0            0   200000000          0 0  
                l4hs_gclk                 2            2   200000000          0 0  
                l4_rtc_gclk               0            0   100000000          0 0  
                dpll_core_m4_div2_ck          16           17   100000000          0 0  
                   l4ls_gclk             42           59   100000000          0 0  
                      ehrpwm2_tbclk           0            0   100000000          0 0  
                      ehrpwm1_tbclk           0            0   100000000          0 0  
                      ehrpwm0_tbclk           0            0   100000000          0 0  
                   l4fw_gclk              1            1   100000000          0 0  
                   l3s_gclk               9           10   100000000          0 0  
                   ieee5000_fck           0            0   100000000          0 0  
                mmu_fck                   0            0   200000000          0 0  
                l3_gclk                  13           15   200000000          0 0  
                   pruss_ocp_gclk           0            1   200000000          0 0  
       rng_fck                            1            2    24000000          0 0  
       aes0_fck                           1            2    24000000          0 0  
       sha0_fck                           1            1    24000000          0 0  
       smartreflex1_fck                   0            1    24000000          0 0  
       smartreflex0_fck                   0            1    24000000          0 0  
       mcasp1_fck                         0            1    24000000          0 0  
       mcasp0_fck                         0            1    24000000          0 0  
       dcan1_fck                          0            1    24000000          0 0  
       dcan0_fck                          0            1    24000000          0 0  
       adc_tsc_fck                        0            1    24000000          0 0  
 virt_19200000_ck                         0            0    19200000          0 0  
 clk_rc32k_ck                             0            1       32000          0 0  
    gpio0_dbclk_mux_ck                    0            1       32000          0 0  
       gpio0_dbclk                        0            1       32000          0 0  
 clk_32768_ck                             1            2       32768          0 0  
    sysclkout_pre_ck                      1            1       32768          0 0  
       clkout2_div_ck                     1            1       32768          0 0  
          clkout2_ck                      1            1       32768          0 0  
=======
Available frequencies
=======
===== ERR ==
omap_voltage_late_init: Voltage driver support not added
libphy: PHY 4a101000.mdio:01 not found
net eth0: phy 4a101000.mdio:01 not found on slave 1
udevd[75]: starting version 182
=====
===== WARN ==
omap_hwmod: tptc0 using broken dt data from edma
omap_hwmod: tptc1 using broken dt data from edma
omap_hwmod: tptc2 using broken dt data from edma
omap_hwmod: debugss: _wait_target_disable failed
CPU PMU: Failed to parse /pmu/interrupt-affinity[0]
mmc0: host does not support reading read-only switch, assuming write-enable
IP-Config: Got DHCP answer from 192.168.0.1, my address is 192.168.0.185
, nameserver1=192.0.2.3
EXT4-fs (mmcblk0p2): warning: maximal mount count reached, running e2fsck is recommended
FAT-fs (mmcblk1p1): Volume was not properly unmounted. Some data may be corrupt. Please run fsck.
FAT-fs (mmcblk0p1): Volume was not properly unmounted. Some data may be corrupt. Please run fsck.
FAT-fs (mmcblk0p3): Volume was not properly unmounted. Some data may be corrupt. Please run fsck.
=====
SUMMARY RESULT: BOOT: PASS: Hello World Board Booted Boot Log has:::: err=4 warn=12:
root@am335x-evm:/test# 
- 07:07:37 [INFO] Host: cat stderr.log
- 07:07:38 [INFO] Target: 
cat stderr.log
./test.sh: line 33:   622 Killed                  cp /dev/kmsg $TMPF
root@am335x-evm:/test# 
- 07:07:38 [INFO] Host: cat result.log
- 07:07:40 [ERROR] On command: cat result.log waiting for cat result.log.+?(?m-ix:^1[\0\n\r]+) >>> error: execution expired
- 07:07:40 [INFO] Target: 
cat result.log
root@am335x-evm:/test# 
- 07:07:40 [INFO] Host: cd /test
- 07:07:40 [INFO] Target: 
cd /test
root@am335x-evm:/test# 
URL:gtsystest.telogy.design.ti.com/vatf/tigtfarm02/tigtfarm02_vatf@bbb2/tigtfarm0205_26_2015_07_06_27/files/session_iteration_1/test_1
