- 04:11:04 [INFO] Starting target session
- 04:11:07 [INFO] Connected to beagleboard-vanilla via serial 
- 04:11:07 [INFO] Host: #check prompt
- 04:11:10 [ERROR] On command: #check prompt waiting for #check prompt.+?(?-mix:((?-mix:.*\s+login)|[Pp]assword)) >>> error: execution expired
- 04:11:10 [INFO] Target: 
#check prompt
root@beagleboard:/test# 
- 04:11:10 [INFO] Host: #check prompt
- 04:11:10 [INFO] Target: 
#check prompt
root@beagleboard:/test# 
- 04:11:10 [INFO] Host: sync;poweroff
- 04:11:24 [INFO] Target: 
sync;poweroff
Broadcast message from root@beagleboard (ttyO2) (Thu Apr 16 02:13:26 2015):
The system is going down for system halt NOW!
INIT: Switroot@beagleboard:/test# 
INIT: Sending processes the TERM signal
INIT: Sending processes thStopping syslogd/klogd: stopped syslogd (pid 1184)
stopped klogd (pid 1187)
done
Deconfiguring network interfaces... ifdown: interface eth0 not configured
ifdown: interface usb0 not configured
done.
Sending all processes the TERM signal...
Sending all processes the KILL signal...
Unmounting remote filesystems...
Deactivating swap...
Unmounting local filesystems...
[ 1311.806152] reboot: System halted
- 04:11:24 [INFO] Disconnected serial from beagleboard-vanilla
- 04:11:47 [INFO] Connected to beagleboard-vanilla via serial 
- 04:11:48 [INFO] Host: 
- 04:11:50 [INFO] Target: 
U-Boot# 
U-Boot# 
U-Boot# 
U-Boot# 
U-Boot# 
U-Boot# 
U-Boot# 
U-Boot# 
U-Boot# 
U-Boot# 
U-Boot# 
U-Boot# 
U-Boot# 
U-Boot# 
U-Boot# 
- 04:11:50 [INFO] Host: version
- 04:11:50 [INFO] Target: 
U-Boot# 
U-Boot# 
U-Boot# 
U-Boot# 
U-Boot# 
U-Boot# 
U-Boot# version
U-Boot 2014.04-00071-g8543283 (Apr 22 2014 - 15:49:50)
arm-linux-gnueabi-gcc (Ubuntu/Linaro 4.6.3-1ubuntu5) 4.6.3
GNU ld (GNU Binutils for Ubuntu) 2.22
U-Boot# 
- 04:11:50 [INFO] Host: bdinfo
- 04:11:50 [INFO] Target: 
bdinfo
arch_number = 0x0000060A
boot_params = 0x80000100
DRAM bank   = 0x00000000
-> start    = 0x80000000
-> size     = 0x08000000
DRAM bank   = 0x00000001
-> start    = 0x88000000
-> size     = 0x08000000
eth0name    = usb_ether
ethaddr     = (not set)
current eth = usb_ether
ip_addr     = <NULL>
baudrate    = 115200 bps
TLB addr    = 0x8FFF0000
relocaddr   = 0x8FF51000
reloc off   = 0x0FE51000
irq_sp      = 0x8FE30ED0
sp start    = 0x8FE30EC0
U-Boot# 
- 04:11:50 [INFO] Host: printenv
- 04:11:51 [INFO] Target: 
printenv
arch=arm
baudrate=115200
beaglerev=Cx
board=beagle
board_name=beagle
bootcmd=run findfdt; mmc dev ${mmcdev}; if mmc rescan; then if run userbutton; then setenv bootenv uEnv.txt;else setenv bootenv user.txt;fi;echo SD/MMC found on device ${mmcdev};if run loadbootenv; then echo Loaded environment from ${bootenv};run importbootenv;fi;if test -n $uenvcmd; then echo Running uenvcmd ...;run uenvcmd;fi;if run loadimage; then run mmcboot;fi;fi;run nandboot;setenv bootfile zImage;if run loadimage; then run loadfdt;run mmcbootz; fi; 
bootdelay=1
bootdir=/boot
bootenv=uEnv.txt
bootfile=uImage
bootm_size=0x08000000
bootpart=0:2
buddy=none
camera=none
console=ttyO2,115200n8
cpu=armv7
defaultdisplay=dvi
dieid#=0a8600030000000004013f780600a00e
dvimode=640x480MR-16@60
ethact=usb_ether
fdtaddr=0x80f80000
findfdt=if test $beaglerev = AxBx; then setenv fdtfile omap3-beagle.dtb; fi; if test $beaglerev = Cx; then setenv fdtfile omap3-beagle.dtb; fi; if test $beaglerev = C4; then setenv fdtfile omap3-beagle.dtb; fi; if test $beaglerev = xMAB; then setenv fdtfile omap3-beagle-xm.dtb; fi; if test $beaglerev = xMC; then setenv fdtfile omap3-beagle-xm.dtb; fi; if test $fdtfile = undefined; then echo WARNING: Could not determine device tree to use; fi; 
importbootenv=echo Importing environment from mmc ...; env import -t $loadaddr $filesize
loadaddr=0x80200000
loadbootenv=fatload mmc ${mmcdev} ${loadaddr} ${bootenv}
loadfdt=load mmc ${bootpart} ${fdtaddr} ${bootdir}/${fdtfile}
loadimage=load mmc ${bootpart} ${loadaddr} ${bootdir}/${bootfile}
loadramdisk=load mmc ${bootpart} ${rdaddr} ${bootdir}/${ramdisk}
mmcargs=setenv bootargs console=${console} ${optargs} mpurate=${mpurate} buddy=${buddy} camera=${camera} vram=${vram} omapfb.mode=dvi:${dvimode} omapdss.def_disp=${defaultdisplay} root=${mmcroot} rootfstype=${mmcrootfstype}
mmcboot=echo Booting from mmc ...; run mmcargs; bootm ${loadaddr}
mmcbootz=echo Booting with DT from mmc${mmcdev} ...; run mmcargs; bootz ${loadaddr} - ${fdtaddr}
mmcdev=0
mmcroot=/dev/mmcblk0p2 rw
mmcrootfstype=ext3 rootwait
mpurate=auto
nandargs=setenv bootargs console=${console} ${optargs} mpurate=${mpurate} buddy=${buddy} camera=${camera} vram=${vram} omapfb.mode=dvi:${dvimode} omapdss.def_disp=${defaultdisplay} root=${nandroot} rootfstype=${nandrootfstype}
nandboot=echo Booting from nand ...; run nandargs; nand read ${loadaddr} 280000 400000; bootm ${loadaddr}
nandroot=ubi0:rootfs ubi.mtd=4
nandrootfstype=ubifs
ramargs=setenv bootargs console=${console} ${optargs} mpurate=${mpurate} buddy=${buddy} vram=${vram} omapfb.mode=dvi:${dvimode} omapdss.def_disp=${defaultdisplay} root=${ramroot} rootfstype=${ramrootfstype}
ramboot=echo Booting from ramdisk ...; run ramargs; bootm ${loadaddr}
ramdisk=ramdisk.gz
ramroot=/dev/ram0 rw ramdisk_size=65536 initrd=0x81000000,64M
ramrootfstype=ext2
rdaddr=0x81000000
soc=omap3
stderr=serial
stdin=serial
stdout=serial
usbtty=cdc_acm
userbutton=if gpio input 173; then run userbutton_xm; else run userbutton_nonxm; fi;
userbutton_nonxm=gpio input 7;
userbutton_xm=gpio input 4;
vendor=ti
ver=U-Boot 2014.04-00071-g8543283 (Apr 22 2014 - 15:49:50)
vram=12M
Environment size: 3250/131068 bytes
U-Boot# 
- 04:11:51 [INFO] Host: setenv autoload 'no'
- 04:11:51 [INFO] Target: 
setenv autoload 'no'
U-Boot# 
- 04:11:51 [INFO] Host: usb start
- 04:11:53 [INFO] Target: 
usb start
(Re)start USB...
USB0:   USB EHCI 1.00
scanning bus 0 for devices... 3 USB Device(s) found
       scanning usb for storage devices... 0 Storage Device(s) found
       scanning usb for ethernet devices... 
Warning: asx0 using MAC address from net device
1 Ethernet Device(s) found
U-Boot# 
- 04:11:53 [INFO] Host: dhcp
- 04:12:01 [INFO] Target: 
dhcp
ERROR: Need valid 'usbnet_devaddr' to be set
at drivers/usb/gadget/ether.c:2362/usb_eth_init()
Waiting for Ethernet connection... done.
BOOTP broadcast 1
EHCI timed out on TD - token=0x8008d80
BOOTP broadcast 2
DHCP client bound to address 192.168.1.190
U-Boot# 
- 04:12:01 [INFO] Host: setenv loadaddr 0x81000000
- 04:12:01 [INFO] Target: 
setenv loadaddr 0x81000000
U-Boot# 
- 04:12:01 [INFO] Host: setenv ftdaddr 0x81f00000
- 04:12:02 [INFO] Target: 
setenv ftdaddr 0x81f00000
U-Boot# 
- 04:12:02 [INFO] Host: setenv serverip 192.168.1.254
- 04:12:02 [INFO] Target: 
setenv serverip 192.168.1.254
U-Boot# 
- 04:12:02 [INFO] Host: setenv bootargs 'console=ttyO2,115200n8 earlyprintk rootwait ip=dhcp root=/dev/mmcblk0p2 rw rootfstype=ext3 nohlt'
- 04:12:02 [INFO] Target: 
setenv bootargs 'console=ttyO2,115200n8 earlyprintk rootwait ip=dhcp root=/dev/mmcblk0p2 rw rootfstype=ext3 nohlt'
U-Boot# 
- 04:12:02 [INFO] Host: setenv bootcmd 'tftp ${loadaddr} 192.168.1.254:vatf_beagleboard-vanilla/38121a14ef505839b76fe697f893c88a; tftp ${fdtaddr} 192.168.1.254:vatf_beagleboard-vanilla/2c5eff8cbee385fd0693d727c3d310dc; if iminfo ${loadaddr}; then bootm ${loadaddr} - ${fdtaddr}; else bootz ${loadaddr} - ${fdtaddr}; bootm ${loadaddr} - ${fdtaddr}; fi' 
- 04:12:02 [INFO] Target: 
setenv bootcmd 'tftp ${loadaddr} 192.168.1.254:vatf_beagleboard-vanilla/38121a14ef505839b76fe697f893c88a; tftp ${fdtaddr} 192.168.1.254:vatf_beagleboard-vanilla/2c5eff8cbee385fd0693d727c3d310dc; if iminfo ${loadaddr}; then bootm ${loadaddr} - ${fdtaddr}; else bootz ${loadaddr} - ${fdtaddr}; bootm ${loadaddr} - ${fdtaddr}; fi' 
U-Boot# 
- 04:12:02 [INFO] Host: printenv
- 04:12:02 [INFO] Target: 
printenv
arch=arm
autoload=no
baudrate=115200
beaglerev=Cx
board=beagle
board_name=beagle
bootargs=console=ttyO2,115200n8 earlyprintk rootwait ip=dhcp root=/dev/mmcblk0p2 rw rootfstype=ext3 nohlt
bootcmd=tftp ${loadaddr} 192.168.1.254:vatf_beagleboard-vanilla/38121a14ef505839b76fe697f893c88a; tftp ${fdtaddr} 192.168.1.254:vatf_beagleboard-vanilla/2c5eff8cbee385fd0693d727c3d310dc; if iminfo ${loadaddr}; then bootm ${loadaddr} - ${fdtaddr}; else bootz ${loadaddr} - ${fdtaddr}; bootm ${loadaddr} - ${fdtaddr}; fi
bootdelay=1
bootdir=/boot
bootenv=uEnv.txt
bootfile=uImage
bootm_size=0x08000000
bootpart=0:2
buddy=none
camera=none
console=ttyO2,115200n8
cpu=armv7
defaultdisplay=dvi
dieid#=0a8600030000000004013f780600a00e
dnsip=192.0.2.2
dvimode=640x480MR-16@60
ethact=asx0
fdtaddr=0x80f80000
findfdt=if test $beaglerev = AxBx; then setenv fdtfile omap3-beagle.dtb; fi; if test $beaglerev = Cx; then setenv fdtfile omap3-beagle.dtb; fi; if test $beaglerev = C4; then setenv fdtfile omap3-beagle.dtb; fi; if test $beaglerev = xMAB; then setenv fdtfile omap3-beagle-xm.dtb; fi; if test $beaglerev = xMC; then setenv fdtfile omap3-beagle-xm.dtb; fi; if test $fdtfile = undefined; then echo WARNING: Could not determine device tree to use; fi; 
ftdaddr=0x81f00000
gatewayip=192.168.1.254
importbootenv=echo Importing environment from mmc ...; env import -t $loadaddr $filesize
ipaddr=192.168.1.190
loadaddr=0x81000000
loadbootenv=fatload mmc ${mmcdev} ${loadaddr} ${bootenv}
loadfdt=load mmc ${bootpart} ${fdtaddr} ${bootdir}/${fdtfile}
loadimage=load mmc ${bootpart} ${loadaddr} ${bootdir}/${bootfile}
loadramdisk=load mmc ${bootpart} ${rdaddr} ${bootdir}/${ramdisk}
mmcargs=setenv bootargs console=${console} ${optargs} mpurate=${mpurate} buddy=${buddy} camera=${camera} vram=${vram} omapfb.mode=dvi:${dvimode} omapdss.def_disp=${defaultdisplay} root=${mmcroot} rootfstype=${mmcrootfstype}
mmcboot=echo Booting from mmc ...; run mmcargs; bootm ${loadaddr}
mmcbootz=echo Booting with DT from mmc${mmcdev} ...; run mmcargs; bootz ${loadaddr} - ${fdtaddr}
mmcdev=0
mmcroot=/dev/mmcblk0p2 rw
mmcrootfstype=ext3 rootwait
mpurate=auto
nandargs=setenv bootargs console=${console} ${optargs} mpurate=${mpurate} buddy=${buddy} camera=${camera} vram=${vram} omapfb.mode=dvi:${dvimode} omapdss.def_disp=${defaultdisplay} root=${nandroot} rootfstype=${nandrootfstype}
nandboot=echo Booting from nand ...; run nandargs; nand read ${loadaddr} 280000 400000; bootm ${loadaddr}
nandroot=ubi0:rootfs ubi.mtd=4
nandrootfstype=ubifs
netmask=255.255.255.0
ramargs=setenv bootargs console=${console} ${optargs} mpurate=${mpurate} buddy=${buddy} vram=${vram} omapfb.mode=dvi:${dvimode} omapdss.def_disp=${defaultdisplay} root=${ramroot} rootfstype=${ramrootfstype}
ramboot=echo Booting from ramdisk ...; run ramargs; bootm ${loadaddr}
ramdisk=ramdisk.gz
ramroot=/dev/ram0 rw ramdisk_size=65536 initrd=0x81000000,64M
ramrootfstype=ext2
rdaddr=0x81000000
serverip=192.168.1.254
soc=omap3
stderr=serial
stdin=serial
stdout=serial
usbethaddr=00:50:b6:4d:bd:4c
usbtty=cdc_acm
userbutton=if gpio input 173; then run userbutton_xm; else run userbutton_nonxm; fi;
userbutton_nonxm=gpio input 7;
userbutton_xm=gpio input 4;
vendor=ti
ver=U-Boot 2014.04-00071-g8543283 (Apr 22 2014 - 15:49:50)
vram=12M
Environment size: 3393/131068 bytes
U-Boot# 
- 04:12:02 [INFO] Host: boot
- 04:14:32 [ERROR] On command: boot waiting for boot.+?(?-mix:.*\s+login) >>> error: execution expired
- 04:14:32 [INFO] Target: 
boot
Using asx0 device
TFTP from server 192.168.1.254; our IP address is 192.168.1.190
Filename 'vatf_beagleboard-vanilla/38121a14ef505839b76fe697f893c88a'.
Load address: 0x81000000
Loading: *#################################################################
	 #################################################################
	 #################################################################
	 #################################################################
	 #################################################################
	 #################################################################
	 #################################################################
	 #############
	 3.7 MiB/s
done
Bytes transferred = 6859872 (68ac60 hex)
Using asx0 device
TFTP from server 192.168.1.254; our IP address is 192.168.1.190
Filename 'vatf_beagleboard-vanilla/2c5eff8cbee385fd0693d727c3d310dc'.
Load address: 0x80f80000
Loading: *#####
	 3.2 MiB/s
done
Bytes transferred = 63537 (f831 hex)
## Checking Image at 81000000 ...
Unknown image format!
Kernel image @ 0x81000000 [ 0x000000 - 0x68ac60 ]
## Flattened Device Tree blob at 80f80000
   Booting using the fdt blob at 0x80f80000
   Loading Device Tree to 87fed000, end 87fff830 ... OK
Starting kernel ...
[    0.000000] Booting Linux on physical CPU 0x0
[    0.000000] Linux version 4.5.0-rc7-next-20160314-00002-g7e0d3f31150c (nmenon@horus) (gcc version 4.9.3 20150413 (prerelease) (Linaro GCC 4.9-2015.05) ) #1 SMP Mon Mar 14 04:03:06 CDT 2016
[    0.000000] CPU: ARMv7 Processor [411fc083] revision 3 (ARMv7), cr=10c5387d
[    0.000000] CPU: PIPT / VIPT nonaliasing data cache, VIPT nonaliasing instruction cache
[    0.000000] Machine model: TI OMAP3 BeagleBoard
[    0.000000] cma: Reserved 64 MiB at 0x8b800000
[    0.000000] Memory policy: Data cache writeback
[    0.000000] CPU: All CPU(s) started in SVC mode.
[    0.000000] OMAP3430/3530 ES3.0 (l2cache iva sgx neon isp )
[    0.000000] percpu: Embedded 13 pages/cpu @cfb87000 s23808 r8192 d21248 u53248
[    0.000000] Built 1 zonelists in Zone order, mobility grouping on.  Total pages: 64512
[    0.000000] Kernel command line: console=ttyO2,115200n8 earlyprintk rootwait ip=dhcp root=/dev/mmcblk0p2 rw rootfstype=ext3 nohlt
[    0.000000] PID hash table entries: 1024 (order: 0, 4096 bytes)
[    0.000000] Dentry cache hash table entries: 32768 (order: 5, 131072 bytes)
[    0.000000] Inode-cache hash table entries: 16384 (order: 4, 65536 bytes)
[    0.000000] Memory: 173936K/260096K available (9464K kernel code, 1081K rwdata, 4216K rodata, 2048K init, 341K bss, 20624K reserved, 65536K cma-reserved, 0K highmem)
[    0.000000] Virtual kernel memory layout:
[    0.000000]     vector  : 0xffff0000 - 0xffff1000   (   4 kB)
[    0.000000]     fixmap  : 0xffc00000 - 0xfff00000   (3072 kB)
[    0.000000]     vmalloc : 0xd0800000 - 0xff800000   ( 752 MB)
[    0.000000]     lowmem  : 0xc0000000 - 0xd0000000   ( 256 MB)
[    0.000000]     pkmap   : 0xbfe00000 - 0xc0000000   (   2 MB)
[    0.000000]     modules : 0xbf000000 - 0xbfe00000   (  14 MB)
[    0.000000]       .text : 0xc0208000 - 0xc105c394   (14673 kB)
[    0.000000]       .init : 0xc1100000 - 0xc1300000   (2048 kB)
[    0.000000]       .data : 0xc1300000 - 0xc140e440   (1082 kB)
[    0.000000]        .bss : 0xc1410000 - 0xc1465558   ( 342 kB)
[    0.000000] SLUB: HWalign=64, Order=0-3, MinObjects=0, CPUs=1, Nodes=1
[    0.000000] Hierarchical RCU implementation.
[    0.000000] 	Build-time adjustment of leaf fanout to 32.
[    0.000000] 	RCU restricting CPUs from NR_CPUS=16 to nr_cpu_ids=1.
[    0.000000] RCU: Adjusting geometry for rcu_fanout_leaf=32, nr_cpu_ids=1
[    0.000000] NR_IRQS:16 nr_irqs:16 16
[    0.000000] IRQ: Found an INTC at 0xfa200000 (revision 4.0) with 96 interrupts
[    0.000000] Clocking rate (Crystal/Core/MPU): 26.0/332/600 MHz
[    0.000000] OMAP clockevent source: timer12 at 32768 Hz
[    0.000000] sched_clock: 32 bits at 200 Hz, resolution 5000000ns, wraps every 10737418237500000ns
[    0.000000] Console: colour dummy device 80x30
[    0.030000] Calibrating delay loop... 476.77 BogoMIPS (lpj=1191936)
[    0.030000] pid_max: default: 32768 minimum: 301
[    0.030000] Mount-cache hash table entries: 1024 (order: 0, 4096 bytes)
[    0.030000] Mountpoint-cache hash table entries: 1024 (order: 0, 4096 bytes)
[    0.030000] CPU: Testing write buffer coherency: ok
[    0.030000] CPU0: thread -1, cpu 0, socket -1, mpidr 0
[    0.030000] Setting up static identity map for 0x80300000 - 0x80300098
[    0.040000] Brought up 1 CPUs
[    0.040000] SMP: Total of 1 processors activated (476.77 BogoMIPS).
[    0.040000] CPU: All CPU(s) started in SVC mode.
[    0.045000] devtmpfs: initialized
[    0.100000] VFP support v0.3: implementor 41 architecture 3 part 30 variant c rev 1
[    0.105000] clocksource: jiffies: mask: 0xffffffff max_cycles: 0xffffffff, max_idle_ns: 9556302231375000 ns
[    0.110000] pinctrl core: initialized pinctrl subsystem
[    0.115000] NET: Registered protocol family 16
[    0.120000] DMA: preallocated 256 KiB pool for atomic coherent allocations
[    0.150000] omap_hwmod: mcbsp2_sidetone using broken dt data from mcbsp
[    0.150000] omap_hwmod: mcbsp3_sidetone using broken dt data from mcbsp
[    0.245000] ------------[ cut here ]------------
[    0.245000] WARNING: CPU: 0 PID: 1 at drivers/i2c/i2c-core.c:1930 i2c_register_driver+0x78/0x84
[    0.245000] Modules linked in:
[    0.245000] CPU: 0 PID: 1 Comm: swapper/0 Not tainted 4.5.0-rc7-next-20160314-00002-g7e0d3f31150c #1
[    0.245000] Hardware name: Generic OMAP3-GP (Flattened Device Tree)
[    0.245000] [<c0310440>] (unwind_backtrace) from [<c030bb14>] (show_stack+0x10/0x14)
[    0.245000] [<c030bb14>] (show_stack) from [<c058d954>] (dump_stack+0x98/0xac)
[    0.245000] [<c058d954>] (dump_stack) from [<c0341c6c>] (__warn+0xe8/0x100)
[    0.245000] [<c0341c6c>] (__warn) from [<c0341d34>] (warn_slowpath_null+0x20/0x28)
[    0.245000] [<c0341d34>] (warn_slowpath_null) from [<c095e978>] (i2c_register_driver+0x78/0x84)
[    0.245000] [<c095e978>] (i2c_register_driver) from [<c1141d5c>] (i2c_init+0x80/0xc8)
[    0.245000] [<c1141d5c>] (i2c_init) from [<c0301e74>] (do_one_initcall+0x90/0x1dc)
[    0.245000] [<c0301e74>] (do_one_initcall) from [<c1100db8>] (kernel_init_freeable+0x15c/0x1fc)
[    0.245000] [<c1100db8>] (kernel_init_freeable) from [<c0b4d924>] (kernel_init+0x8/0x114)
[    0.245000] [<c0b4d924>] (kernel_init) from [<c0307eb8>] (ret_from_fork+0x14/0x3c)
[    0.245000] ---[ end trace 293a1adceb23622a ]---
[    0.245000] cpuidle: using governor menu
[    0.245000] Reprogramming SDRC clock to 332000000 Hz
[    0.260000] omap_gpio 48310000.gpio: could not find pctldev for node /ocp/l4@48000000/scm@2000/pinmux@a00/pinmux_gpio1_pins, deferring probe
[    0.260000] OMAP GPIO hardware version 2.5
[    0.275000] irq: no irq domain found for /ocp/l4@48000000/scm@2000/pinmux@30 !
[    0.295000] omap-gpmc 6e000000.gpmc: GPMC revision 5.0
[    0.295000] gpmc_mem_init: disabling cs 0 mapped at 0x0-0x1000000
[    0.305000] of_amba_device_create(): amba_device_add() failed (-19) for /etb@540000000
[    0.305000] of_amba_device_create(): amba_device_add() failed (-19) for /etm@54010000
[    0.310000] No ATAGs?
[    0.310000] hw-breakpoint: debug architecture 0x4 unsupported.
[    0.310000] omap4_sram_init:Unable to allocate sram needed to handle errata I688
[    0.310000] omap4_sram_init:Unable to get sram pool needed to handle errata I688
[    0.310000] OMAP DMA hardware revision 4.0
[    0.320000] Serial: AMBA PL011 UART driver
[    0.355000] ------------[ cut here ]------------
[    0.355000] WARNING: CPU: 0 PID: 1 at drivers/i2c/i2c-core.c:1930 i2c_register_driver+0x78/0x84
[    0.355000] Modules linked in:
[    0.355000] CPU: 0 PID: 1 Comm: swapper/0 Tainted: G        W       4.5.0-rc7-next-20160314-00002-g7e0d3f31150c #1
[    0.355000] Hardware name: Generic OMAP3-GP (Flattened Device Tree)
[    0.355000] [<c0310440>] (unwind_backtrace) from [<c030bb14>] (show_stack+0x10/0x14)
[    0.355000] [<c030bb14>] (show_stack) from [<c058d954>] (dump_stack+0x98/0xac)
[    0.355000] [<c058d954>] (dump_stack) from [<c0341c6c>] (__warn+0xe8/0x100)
[    0.355000] [<c0341c6c>] (__warn) from [<c0341d34>] (warn_slowpath_null+0x20/0x28)
[    0.355000] [<c0341d34>] (warn_slowpath_null) from [<c095e978>] (i2c_register_driver+0x78/0x84)
[    0.355000] [<c095e978>] (i2c_register_driver) from [<c0301e74>] (do_one_initcall+0x90/0x1dc)
[    0.355000] [<c0301e74>] (do_one_initcall) from [<c1100db8>] (kernel_init_freeable+0x15c/0x1fc)
[    0.355000] [<c1100db8>] (kernel_init_freeable) from [<c0b4d924>] (kernel_init+0x8/0x114)
[    0.355000] [<c0b4d924>] (kernel_init) from [<c0307eb8>] (ret_from_fork+0x14/0x3c)
[    0.355000] ---[ end trace 293a1adceb23622b ]---
[    0.355000] ------------[ cut here ]------------
[    0.355000] WARNING: CPU: 0 PID: 1 at drivers/i2c/i2c-core.c:1930 i2c_register_driver+0x78/0x84
[    0.355000] Modules linked in:
[    0.355000] CPU: 0 PID: 1 Comm: swapper/0 Tainted: G        W       4.5.0-rc7-next-20160314-00002-g7e0d3f31150c #1
[    0.355000] Hardware name: Generic OMAP3-GP (Flattened Device Tree)
[    0.355000] [<c0310440>] (unwind_backtrace) from [<c030bb14>] (show_stack+0x10/0x14)
[    0.355000] [<c030bb14>] (show_stack) from [<c058d954>] (dump_stack+0x98/0xac)
[    0.355000] [<c058d954>] (dump_stack) from [<c0341c6c>] (__warn+0xe8/0x100)
[    0.355000] [<c0341c6c>] (__warn) from [<c0341d34>] (warn_slowpath_null+0x20/0x28)
[    0.355000] [<c0341d34>] (warn_slowpath_null) from [<c095e978>] (i2c_register_driver+0x78/0x84)
[    0.355000] [<c095e978>] (i2c_register_driver) from [<c0301e74>] (do_one_initcall+0x90/0x1dc)
[    0.355000] [<c0301e74>] (do_one_initcall) from [<c1100db8>] (kernel_init_freeable+0x15c/0x1fc)
[    0.355000] [<c1100db8>] (kernel_init_freeable) from [<c0b4d924>] (kernel_init+0x8/0x114)
[    0.355000] [<c0b4d924>] (kernel_init) from [<c0307eb8>] (ret_from_fork+0x14/0x3c)
[    0.355000] ---[ end trace 293a1adceb23622c ]---
[    0.370000] omap-dma-engine 48056000.dma-controller: OMAP DMA engine driver
[    0.375000] ------------[ cut here ]------------
[    0.375000] WARNING: CPU: 0 PID: 1 at drivers/i2c/i2c-core.c:1930 i2c_register_driver+0x78/0x84
[    0.375000] Modules linked in:
[    0.375000] CPU: 0 PID: 1 Comm: swapper/0 Tainted: G        W       4.5.0-rc7-next-20160314-00002-g7e0d3f31150c #1
[    0.375000] Hardware name: Generic OMAP3-GP (Flattened Device Tree)
[    0.375000] [<c0310440>] (unwind_backtrace) from [<c030bb14>] (show_stack+0x10/0x14)
[    0.375000] [<c030bb14>] (show_stack) from [<c058d954>] (dump_stack+0x98/0xac)
[    0.375000] [<c058d954>] (dump_stack) from [<c0341c6c>] (__warn+0xe8/0x100)
[    0.375000] [<c0341c6c>] (__warn) from [<c0341d34>] (warn_slowpath_null+0x20/0x28)
[    0.375000] [<c0341d34>] (warn_slowpath_null) from [<c095e978>] (i2c_register_driver+0x78/0x84)
[    0.375000] [<c095e978>] (i2c_register_driver) from [<c0301e74>] (do_one_initcall+0x90/0x1dc)
[    0.375000] [<c0301e74>] (do_one_initcall) from [<c1100db8>] (kernel_init_freeable+0x15c/0x1fc)
[    0.375000] [<c1100db8>] (kernel_init_freeable) from [<c0b4d924>] (kernel_init+0x8/0x114)
[    0.375000] [<c0b4d924>] (kernel_init) from [<c0307eb8>] (ret_from_fork+0x14/0x3c)
[    0.375000] ---[ end trace 293a1adceb23622d ]---
[    0.375000] ------------[ cut here ]------------
[    0.375000] WARNING: CPU: 0 PID: 1 at drivers/i2c/i2c-core.c:1930 i2c_register_driver+0x78/0x84
[    0.375000] Modules linked in:
[    0.375000] CPU: 0 PID: 1 Comm: swapper/0 Tainted: G        W       4.5.0-rc7-next-20160314-00002-g7e0d3f31150c #1
[    0.375000] Hardware name: Generic OMAP3-GP (Flattened Device Tree)
[    0.375000] [<c0310440>] (unwind_backtrace) from [<c030bb14>] (show_stack+0x10/0x14)
[    0.375000] [<c030bb14>] (show_stack) from [<c058d954>] (dump_stack+0x98/0xac)
[    0.375000] [<c058d954>] (dump_stack) from [<c0341c6c>] (__warn+0xe8/0x100)
[    0.375000] [<c0341c6c>] (__warn) from [<c0341d34>] (warn_slowpath_null+0x20/0x28)
[    0.375000] [<c0341d34>] (warn_slowpath_null) from [<c095e978>] (i2c_register_driver+0x78/0x84)
[    0.375000] [<c095e978>] (i2c_register_driver) from [<c0301e74>] (do_one_initcall+0x90/0x1dc)
[    0.375000] [<c0301e74>] (do_one_initcall) from [<c1100db8>] (kernel_init_freeable+0x15c/0x1fc)
[    0.375000] [<c1100db8>] (kernel_init_freeable) from [<c0b4d924>] (kernel_init+0x8/0x114)
[    0.375000] [<c0b4d924>] (kernel_init) from [<c0307eb8>] (ret_from_fork+0x14/0x3c)
[    0.375000] ---[ end trace 293a1adceb23622e ]---
[    0.375000] ------------[ cut here ]------------
[    0.375000] WARNING: CPU: 0 PID: 1 at drivers/i2c/i2c-core.c:1930 i2c_register_driver+0x78/0x84
[    0.375000] Modules linked in:
[    0.375000] CPU: 0 PID: 1 Comm: swapper/0 Tainted: G        W       4.5.0-rc7-next-20160314-00002-g7e0d3f31150c #1
[    0.375000] Hardware name: Generic OMAP3-GP (Flattened Device Tree)
[    0.375000] [<c0310440>] (unwind_backtrace) from [<c030bb14>] (show_stack+0x10/0x14)
[    0.375000] [<c030bb14>] (show_stack) from [<c058d954>] (dump_stack+0x98/0xac)
[    0.375000] [<c058d954>] (dump_stack) from [<c0341c6c>] (__warn+0xe8/0x100)
[    0.375000] [<c0341c6c>] (__warn) from [<c0341d34>] (warn_slowpath_null+0x20/0x28)
[    0.375000] [<c0341d34>] (warn_slowpath_null) from [<c095e978>] (i2c_register_driver+0x78/0x84)
[    0.375000] [<c095e978>] (i2c_register_driver) from [<c0301e74>] (do_one_initcall+0x90/0x1dc)
[    0.375000] [<c0301e74>] (do_one_initcall) from [<c1100db8>] (kernel_init_freeable+0x15c/0x1fc)
[    0.375000] [<c1100db8>] (kernel_init_freeable) from [<c0b4d924>] (kernel_init+0x8/0x114)
[    0.375000] [<c0b4d924>] (kernel_init) from [<c0307eb8>] (ret_from_fork+0x14/0x3c)
[    0.375000] ---[ end trace 293a1adceb23622f ]---
[    0.380000] vgaarb: loaded
[    0.380000] ------------[ cut here ]------------
[    0.380000] WARNING: CPU: 0 PID: 1 at drivers/i2c/i2c-core.c:1930 i2c_register_driver+0x78/0x84
[    0.380000] Modules linked in:
[    0.380000] CPU: 0 PID: 1 Comm: swapper/0 Tainted: G        W       4.5.0-rc7-next-20160314-00002-g7e0d3f31150c #1
[    0.380000] Hardware name: Generic OMAP3-GP (Flattened Device Tree)
[    0.380000] [<c0310440>] (unwind_backtrace) from [<c030bb14>] (show_stack+0x10/0x14)
[    0.380000] [<c030bb14>] (show_stack) from [<c058d954>] (dump_stack+0x98/0xac)
[    0.380000] [<c058d954>] (dump_stack) from [<c0341c6c>] (__warn+0xe8/0x100)
[    0.380000] [<c0341c6c>] (__warn) from [<c0341d34>] (warn_slowpath_null+0x20/0x28)
[    0.380000] [<c0341d34>] (warn_slowpath_null) from [<c095e978>] (i2c_register_driver+0x78/0x84)
[    0.380000] [<c095e978>] (i2c_register_driver) from [<c0301e74>] (do_one_initcall+0x90/0x1dc)
[    0.380000] [<c0301e74>] (do_one_initcall) from [<c1100db8>] (kernel_init_freeable+0x15c/0x1fc)
[    0.380000] [<c1100db8>] (kernel_init_freeable) from [<c0b4d924>] (kernel_init+0x8/0x114)
[    0.380000] [<c0b4d924>] (kernel_init) from [<c0307eb8>] (ret_from_fork+0x14/0x3c)
[    0.385000] ---[ end trace 293a1adceb236230 ]---
[    0.385000] ------------[ cut here ]------------
[    0.385000] WARNING: CPU: 0 PID: 1 at drivers/i2c/i2c-core.c:1930 i2c_register_driver+0x78/0x84
[    0.385000] Modules linked in:
[    0.385000] CPU: 0 PID: 1 Comm: swapper/0 Tainted: G        W       4.5.0-rc7-next-20160314-00002-g7e0d3f31150c #1
[    0.385000] Hardware name: Generic OMAP3-GP (Flattened Device Tree)
[    0.385000] [<c0310440>] (unwind_backtrace) from [<c030bb14>] (show_stack+0x10/0x14)
[    0.385000] [<c030bb14>] (show_stack) from [<c058d954>] (dump_stack+0x98/0xac)
[    0.385000] [<c058d954>] (dump_stack) from [<c0341c6c>] (__warn+0xe8/0x100)
[    0.385000] [<c0341c6c>] (__warn) from [<c0341d34>] (warn_slowpath_null+0x20/0x28)
[    0.385000] [<c0341d34>] (warn_slowpath_null) from [<c095e978>] (i2c_register_driver+0x78/0x84)
[    0.385000] [<c095e978>] (i2c_register_driver) from [<c0301e74>] (do_one_initcall+0x90/0x1dc)
[    0.385000] [<c0301e74>] (do_one_initcall) from [<c1100db8>] (kernel_init_freeable+0x15c/0x1fc)
[    0.385000] [<c1100db8>] (kernel_init_freeable) from [<c0b4d924>] (kernel_init+0x8/0x114)
[    0.385000] [<c0b4d924>] (kernel_init) from [<c0307eb8>] (ret_from_fork+0x14/0x3c)
[    0.385000] ---[ end trace 293a1adceb236231 ]---
[    0.385000] ------------[ cut here ]------------
[    0.385000] WARNING: CPU: 0 PID: 1 at drivers/i2c/i2c-core.c:1930 i2c_register_driver+0x78/0x84
[    0.385000] Modules linked in:
[    0.385000] CPU: 0 PID: 1 Comm: swapper/0 Tainted: G        W       4.5.0-rc7-next-20160314-00002-g7e0d3f31150c #1
[    0.385000] Hardware name: Generic OMAP3-GP (Flattened Device Tree)
[    0.385000] [<c0310440>] (unwind_backtrace) from [<c030bb14>] (show_stack+0x10/0x14)
[    0.385000] [<c030bb14>] (show_stack) from [<c058d954>] (dump_stack+0x98/0xac)
[    0.385000] [<c058d954>] (dump_stack) from [<c0341c6c>] (__warn+0xe8/0x100)
[    0.385000] [<c0341c6c>] (__warn) from [<c0341d34>] (warn_slowpath_null+0x20/0x28)
[    0.385000] [<c0341d34>] (warn_slowpath_null) from [<c095e978>] (i2c_register_driver+0x78/0x84)
[    0.385000] [<c095e978>] (i2c_register_driver) from [<c0301e74>] (do_one_initcall+0x90/0x1dc)
[    0.385000] [<c0301e74>] (do_one_initcall) from [<c1100db8>] (kernel_init_freeable+0x15c/0x1fc)
[    0.385000] [<c1100db8>] (kernel_init_freeable) from [<c0b4d924>] (kernel_init+0x8/0x114)
[    0.385000] [<c0b4d924>] (kernel_init) from [<c0307eb8>] (ret_from_fork+0x14/0x3c)
[    0.385000] ---[ end trace 293a1adceb236232 ]---
[    0.385000] ------------[ cut here ]------------
[    0.385000] WARNING: CPU: 0 PID: 1 at drivers/i2c/i2c-core.c:1930 i2c_register_driver+0x78/0x84
[    0.385000] Modules linked in:
[    0.385000] CPU: 0 PID: 1 Comm: swapper/0 Tainted: G        W       4.5.0-rc7-next-20160314-00002-g7e0d3f31150c #1
[    0.385000] Hardware name: Generic OMAP3-GP (Flattened Device Tree)
[    0.385000] [<c0310440>] (unwind_backtrace) from [<c030bb14>] (show_stack+0x10/0x14)
[    0.385000] [<c030bb14>] (show_stack) from [<c058d954>] (dump_stack+0x98/0xac)
[    0.385000] [<c058d954>] (dump_stack) from [<c0341c6c>] (__warn+0xe8/0x100)
[    0.385000] [<c0341c6c>] (__warn) from [<c0341d34>] (warn_slowpath_null+0x20/0x28)
[    0.385000] [<c0341d34>] (warn_slowpath_null) from [<c095e978>] (i2c_register_driver+0x78/0x84)
[    0.385000] [<c095e978>] (i2c_register_driver) from [<c0301e74>] (do_one_initcall+0x90/0x1dc)
[    0.385000] [<c0301e74>] (do_one_initcall) from [<c1100db8>] (kernel_init_freeable+0x15c/0x1fc)
[    0.385000] [<c1100db8>] (kernel_init_freeable) from [<c0b4d924>] (kernel_init+0x8/0x114)
[    0.385000] [<c0b4d924>] (kernel_init) from [<c0307eb8>] (ret_from_fork+0x14/0x3c)
[    0.385000] ---[ end trace 293a1adceb236233 ]---
[    0.385000] ------------[ cut here ]------------
[    0.385000] WARNING: CPU: 0 PID: 1 at drivers/i2c/i2c-core.c:1930 i2c_register_driver+0x78/0x84
[    0.385000] Modules linked in:
[    0.385000] CPU: 0 PID: 1 Comm: swapper/0 Tainted: G        W       4.5.0-rc7-next-20160314-00002-g7e0d3f31150c #1
[    0.385000] Hardware name: Generic OMAP3-GP (Flattened Device Tree)
[    0.385000] [<c0310440>] (unwind_backtrace) from [<c030bb14>] (show_stack+0x10/0x14)
[    0.385000] [<c030bb14>] (show_stack) from [<c058d954>] (dump_stack+0x98/0xac)
[    0.385000] [<c058d954>] (dump_stack) from [<c0341c6c>] (__warn+0xe8/0x100)
[    0.385000] [<c0341c6c>] (__warn) from [<c0341d34>] (warn_slowpath_null+0x20/0x28)
[    0.385000] [<c0341d34>] (warn_slowpath_null) from [<c095e978>] (i2c_register_driver+0x78/0x84)
[    0.385000] [<c095e978>] (i2c_register_driver) from [<c0301e74>] (do_one_initcall+0x90/0x1dc)
[    0.385000] [<c0301e74>] (do_one_initcall) from [<c1100db8>] (kernel_init_freeable+0x15c/0x1fc)
[    0.385000] [<c1100db8>] (kernel_init_freeable) from [<c0b4d924>] (kernel_init+0x8/0x114)
[    0.385000] [<c0b4d924>] (kernel_init) from [<c0307eb8>] (ret_from_fork+0x14/0x3c)
[    0.385000] ---[ end trace 293a1adceb236234 ]---
[    0.385000] ------------[ cut here ]------------
[    0.385000] WARNING: CPU: 0 PID: 1 at drivers/i2c/i2c-core.c:1930 i2c_register_driver+0x78/0x84
[    0.385000] Modules linked in:
[    0.385000] CPU: 0 PID: 1 Comm: swapper/0 Tainted: G        W       4.5.0-rc7-next-20160314-00002-g7e0d3f31150c #1
[    0.385000] Hardware name: Generic OMAP3-GP (Flattened Device Tree)
[    0.385000] [<c0310440>] (unwind_backtrace) from [<c030bb14>] (show_stack+0x10/0x14)
[    0.385000] [<c030bb14>] (show_stack) from [<c058d954>] (dump_stack+0x98/0xac)
[    0.385000] [<c058d954>] (dump_stack) from [<c0341c6c>] (__warn+0xe8/0x100)
[    0.385000] [<c0341c6c>] (__warn) from [<c0341d34>] (warn_slowpath_null+0x20/0x28)
[    0.385000] [<c0341d34>] (warn_slowpath_null) from [<c095e978>] (i2c_register_driver+0x78/0x84)
[    0.385000] [<c095e978>] (i2c_register_driver) from [<c0301e74>] (do_one_initcall+0x90/0x1dc)
[    0.385000] [<c0301e74>] (do_one_initcall) from [<c1100db8>] (kernel_init_freeable+0x15c/0x1fc)
[    0.385000] [<c1100db8>] (kernel_init_freeable) from [<c0b4d924>] (kernel_init+0x8/0x114)
[    0.385000] [<c0b4d924>] (kernel_init) from [<c0307eb8>] (ret_from_fork+0x14/0x3c)
[    0.385000] ---[ end trace 293a1adceb236235 ]---
[    0.385000] ------------[ cut here ]------------
[    0.385000] WARNING: CPU: 0 PID: 1 at drivers/i2c/i2c-core.c:1930 i2c_register_driver+0x78/0x84
[    0.385000] Modules linked in:
[    0.385000] CPU: 0 PID: 1 Comm: swapper/0 Tainted: G        W       4.5.0-rc7-next-20160314-00002-g7e0d3f31150c #1
[    0.385000] Hardware name: Generic OMAP3-GP (Flattened Device Tree)
[    0.385000] [<c0310440>] (unwind_backtrace) from [<c030bb14>] (show_stack+0x10/0x14)
[    0.385000] [<c030bb14>] (show_stack) from [<c058d954>] (dump_stack+0x98/0xac)
[    0.385000] [<c058d954>] (dump_stack) from [<c0341c6c>] (__warn+0xe8/0x100)
[    0.385000] [<c0341c6c>] (__warn) from [<c0341d34>] (warn_slowpath_null+0x20/0x28)
[    0.385000] [<c0341d34>] (warn_slowpath_null) from [<c095e978>] (i2c_register_driver+0x78/0x84)
[    0.385000] [<c095e978>] (i2c_register_driver) from [<c113e34c>] (max8907_i2c_init+0x14/0x34)
[    0.385000] [<c113e34c>] (max8907_i2c_init) from [<c0301e74>] (do_one_initcall+0x90/0x1dc)
[    0.385000] [<c0301e74>] (do_one_initcall) from [<c1100db8>] (kernel_init_freeable+0x15c/0x1fc)
[    0.385000] [<c1100db8>] (kernel_init_freeable) from [<c0b4d924>] (kernel_init+0x8/0x114)
[    0.385000] [<c0b4d924>] (kernel_init) from [<c0307eb8>] (ret_from_fork+0x14/0x3c)
[    0.385000] ---[ end trace 293a1adceb236236 ]---
[    0.385000] Failed to register I2C driver: -11
[    0.385000] ------------[ cut here ]------------
[    0.385000] WARNING: CPU: 0 PID: 1 at drivers/i2c/i2c-core.c:1930 i2c_register_driver+0x78/0x84
[    0.385000] Modules linked in:
[    0.385000] CPU: 0 PID: 1 Comm: swapper/0 Tainted: G        W       4.5.0-rc7-next-20160314-00002-g7e0d3f31150c #1
[    0.385000] Hardware name: Generic OMAP3-GP (Flattened Device Tree)
[    0.385000] [<c0310440>] (unwind_backtrace) from [<c030bb14>] (show_stack+0x10/0x14)
[    0.385000] [<c030bb14>] (show_stack) from [<c058d954>] (dump_stack+0x98/0xac)
[    0.385000] [<c058d954>] (dump_stack) from [<c0341c6c>] (__warn+0xe8/0x100)
[    0.385000] [<c0341c6c>] (__warn) from [<c0341d34>] (warn_slowpath_null+0x20/0x28)
[    0.385000] [<c0341d34>] (warn_slowpath_null) from [<c095e978>] (i2c_register_driver+0x78/0x84)
[    0.385000] [<c095e978>] (i2c_register_driver) from [<c0301e74>] (do_one_initcall+0x90/0x1dc)
[    0.385000] [<c0301e74>] (do_one_initcall) from [<c1100db8>] (kernel_init_freeable+0x15c/0x1fc)
[    0.385000] [<c1100db8>] (kernel_init_freeable) from [<c0b4d924>] (kernel_init+0x8/0x114)
[    0.385000] [<c0b4d924>] (kernel_init) from [<c0307eb8>] (ret_from_fork+0x14/0x3c)
[    0.385000] ---[ end trace 293a1adceb236237 ]---
[    0.385000] ------------[ cut here ]------------
[    0.385000] WARNING: CPU: 0 PID: 1 at drivers/i2c/i2c-core.c:1930 i2c_register_driver+0x78/0x84
[    0.385000] Modules linked in:
[    0.385000] CPU: 0 PID: 1 Comm: swapper/0 Tainted: G        W       4.5.0-rc7-next-20160314-00002-g7e0d3f31150c #1
[    0.385000] Hardware name: Generic OMAP3-GP (Flattened Device Tree)
[    0.385000] [<c0310440>] (unwind_backtrace) from [<c030bb14>] (show_stack+0x10/0x14)
[    0.385000] [<c030bb14>] (show_stack) from [<c058d954>] (dump_stack+0x98/0xac)
[    0.385000] [<c058d954>] (dump_stack) from [<c0341c6c>] (__warn+0xe8/0x100)
[    0.385000] [<c0341c6c>] (__warn) from [<c0341d34>] (warn_slowpath_null+0x20/0x28)
[    0.385000] [<c0341d34>] (warn_slowpath_null) from [<c095e978>] (i2c_register_driver+0x78/0x84)
[    0.385000] [<c095e978>] (i2c_register_driver) from [<c0301e74>] (do_one_initcall+0x90/0x1dc)
[    0.385000] [<c0301e74>] (do_one_initcall) from [<c1100db8>] (kernel_init_freeable+0x15c/0x1fc)
[    0.385000] [<c1100db8>] (kernel_init_freeable) from [<c0b4d924>] (kernel_init+0x8/0x114)
[    0.385000] [<c0b4d924>] (kernel_init) from [<c0307eb8>] (ret_from_fork+0x14/0x3c)
[    0.385000] ---[ end trace 293a1adceb236238 ]---
[    0.385000] ------------[ cut here ]------------
[    0.385000] WARNING: CPU: 0 PID: 1 at drivers/i2c/i2c-core.c:1930 i2c_register_driver+0x78/0x84
[    0.385000] Modules linked in:
[    0.385000] CPU: 0 PID: 1 Comm: swapper/0 Tainted: G        W       4.5.0-rc7-next-20160314-00002-g7e0d3f31150c #1
[    0.385000] Hardware name: Generic OMAP3-GP (Flattened Device Tree)
[    0.385000] [<c0310440>] (unwind_backtrace) from [<c030bb14>] (show_stack+0x10/0x14)
[    0.385000] [<c030bb14>] (show_stack) from [<c058d954>] (dump_stack+0x98/0xac)
[    0.385000] [<c058d954>] (dump_stack) from [<c0341c6c>] (__warn+0xe8/0x100)
[    0.385000] [<c0341c6c>] (__warn) from [<c0341d34>] (warn_slowpath_null+0x20/0x28)
[    0.385000] [<c0341d34>] (warn_slowpath_null) from [<c095e978>] (i2c_register_driver+0x78/0x84)
[    0.385000] [<c095e978>] (i2c_register_driver) from [<c0301e74>] (do_one_initcall+0x90/0x1dc)
[    0.385000] [<c0301e74>] (do_one_initcall) from [<c1100db8>] (kernel_init_freeable+0x15c/0x1fc)
[    0.385000] [<c1100db8>] (kernel_init_freeable) from [<c0b4d924>] (kernel_init+0x8/0x114)
[    0.385000] [<c0b4d924>] (kernel_init) from [<c0307eb8>] (ret_from_fork+0x14/0x3c)
[    0.385000] ---[ end trace 293a1adceb236239 ]---
[    0.385000] ------------[ cut here ]------------
[    0.385000] WARNING: CPU: 0 PID: 1 at drivers/i2c/i2c-core.c:1930 i2c_register_driver+0x78/0x84
[    0.385000] Modules linked in:
[    0.385000] CPU: 0 PID: 1 Comm: swapper/0 Tainted: G        W       4.5.0-rc7-next-20160314-00002-g7e0d3f31150c #1
[    0.385000] Hardware name: Generic OMAP3-GP (Flattened Device Tree)
[    0.385000] [<c0310440>] (unwind_backtrace) from [<c030bb14>] (show_stack+0x10/0x14)
[    0.385000] [<c030bb14>] (show_stack) from [<c058d954>] (dump_stack+0x98/0xac)
[    0.385000] [<c058d954>] (dump_stack) from [<c0341c6c>] (__warn+0xe8/0x100)
[    0.385000] [<c0341c6c>] (__warn) from [<c0341d34>] (warn_slowpath_null+0x20/0x28)
[    0.385000] [<c0341d34>] (warn_slowpath_null) from [<c095e978>] (i2c_register_driver+0x78/0x84)
[    0.385000] [<c095e978>] (i2c_register_driver) from [<c0301e74>] (do_one_initcall+0x90/0x1dc)
[    0.385000] [<c0301e74>] (do_one_initcall) from [<c1100db8>] (kernel_init_freeable+0x15c/0x1fc)
[    0.385000] [<c1100db8>] (kernel_init_freeable) from [<c0b4d924>] (kernel_init+0x8/0x114)
[    0.385000] [<c0b4d924>] (kernel_init) from [<c0307eb8>] (ret_from_fork+0x14/0x3c)
[    0.385000] ---[ end trace 293a1adceb23623a ]---
[    0.385000] ------------[ cut here ]------------
[    0.385000] WARNING: CPU: 0 PID: 1 at drivers/i2c/i2c-core.c:1930 i2c_register_driver+0x78/0x84
[    0.385000] Modules linked in:
[    0.385000] CPU: 0 PID: 1 Comm: swapper/0 Tainted: G        W       4.5.0-rc7-next-20160314-00002-g7e0d3f31150c #1
[    0.385000] Hardware name: Generic OMAP3-GP (Flattened Device Tree)
[    0.385000] [<c0310440>] (unwind_backtrace) from [<c030bb14>] (show_stack+0x10/0x14)
[    0.385000] [<c030bb14>] (show_stack) from [<c058d954>] (dump_stack+0x98/0xac)
[    0.385000] [<c058d954>] (dump_stack) from [<c0341c6c>] (__warn+0xe8/0x100)
[    0.385000] [<c0341c6c>] (__warn) from [<c0341d34>] (warn_slowpath_null+0x20/0x28)
[    0.385000] [<c0341d34>] (warn_slowpath_null) from [<c095e978>] (i2c_register_driver+0x78/0x84)
[    0.385000] [<c095e978>] (i2c_register_driver) from [<c0301e74>] (do_one_initcall+0x90/0x1dc)
[    0.385000] [<c0301e74>] (do_one_initcall) from [<c1100db8>] (kernel_init_freeable+0x15c/0x1fc)
[    0.385000] [<c1100db8>] (kernel_init_freeable) from [<c0b4d924>] (kernel_init+0x8/0x114)
[    0.385000] [<c0b4d924>] (kernel_init) from [<c0307eb8>] (ret_from_fork+0x14/0x3c)
[    0.390000] ---[ end trace 293a1adceb23623b ]---
[    0.390000] ------------[ cut here ]------------
[    0.390000] WARNING: CPU: 0 PID: 1 at drivers/i2c/i2c-core.c:1930 i2c_register_driver+0x78/0x84
[    0.390000] Modules linked in:
[    0.390000] CPU: 0 PID: 1 Comm: swapper/0 Tainted: G        W       4.5.0-rc7-next-20160314-00002-g7e0d3f31150c #1
[    0.390000] Hardware name: Generic OMAP3-GP (Flattened Device Tree)
[    0.390000] [<c0310440>] (unwind_backtrace) from [<c030bb14>] (show_stack+0x10/0x14)
[    0.390000] [<c030bb14>] (show_stack) from [<c058d954>] (dump_stack+0x98/0xac)
[    0.390000] [<c058d954>] (dump_stack) from [<c0341c6c>] (__warn+0xe8/0x100)
[    0.390000] [<c0341c6c>] (__warn) from [<c0341d34>] (warn_slowpath_null+0x20/0x28)
[    0.390000] [<c0341d34>] (warn_slowpath_null) from [<c095e978>] (i2c_register_driver+0x78/0x84)
[    0.390000] [<c095e978>] (i2c_register_driver) from [<c0301e74>] (do_one_initcall+0x90/0x1dc)
[    0.390000] [<c0301e74>] (do_one_initcall) from [<c1100db8>] (kernel_init_freeable+0x15c/0x1fc)
[    0.390000] [<c1100db8>] (kernel_init_freeable) from [<c0b4d924>] (kernel_init+0x8/0x114)
[    0.390000] [<c0b4d924>] (kernel_init) from [<c0307eb8>] (ret_from_fork+0x14/0x3c)
[    0.390000] ---[ end trace 293a1adceb23623c ]---
[    0.390000] SCSI subsystem initialized
[    0.390000] usbcore: registered new interface driver usbfs
[    0.390000] usbcore: registered new interface driver hub
[    0.390000] usbcore: registered new device driver usb
[    0.395000] ------------[ cut here ]------------
[    0.395000] WARNING: CPU: 0 PID: 1 at drivers/i2c/i2c-core.c:1533 i2c_register_adapter+0x3c0/0x4ac
[    0.395000] Modules linked in:
[    0.395000] CPU: 0 PID: 1 Comm: swapper/0 Tainted: G        W       4.5.0-rc7-next-20160314-00002-g7e0d3f31150c #1
[    0.395000] Hardware name: Generic OMAP3-GP (Flattened Device Tree)
[    0.395000] [<c0310440>] (unwind_backtrace) from [<c030bb14>] (show_stack+0x10/0x14)
[    0.395000] [<c030bb14>] (show_stack) from [<c058d954>] (dump_stack+0x98/0xac)
[    0.395000] [<c058d954>] (dump_stack) from [<c0341c6c>] (__warn+0xe8/0x100)
[    0.395000] [<c0341c6c>] (__warn) from [<c0341d34>] (warn_slowpath_null+0x20/0x28)
[    0.395000] [<c0341d34>] (warn_slowpath_null) from [<c09600e8>] (i2c_register_adapter+0x3c0/0x4ac)
[    0.395000] [<c09600e8>] (i2c_register_adapter) from [<c0969894>] (omap_i2c_probe+0x514/0x6bc)
[    0.395000] [<c0969894>] (omap_i2c_probe) from [<c077c268>] (platform_drv_probe+0x4c/0xb0)
[    0.395000] [<c077c268>] (platform_drv_probe) from [<c077a998>] (driver_probe_device+0x214/0x2c0)
[    0.395000] [<c077a998>] (driver_probe_device) from [<c077aaf0>] (__driver_attach+0xac/0xb0)
[    0.395000] [<c077aaf0>] (__driver_attach) from [<c0778d0c>] (bus_for_each_dev+0x68/0x9c)
[    0.395000] [<c0778d0c>] (bus_for_each_dev) from [<c0779f8c>] (bus_add_driver+0x1a0/0x218)
[    0.395000] [<c0779f8c>] (bus_add_driver) from [<c077b328>] (driver_register+0x78/0xf8)
[    0.395000] [<c077b328>] (driver_register) from [<c0301e74>] (do_one_initcall+0x90/0x1dc)
[    0.395000] [<c0301e74>] (do_one_initcall) from [<c1100db8>] (kernel_init_freeable+0x15c/0x1fc)
[    0.395000] [<c1100db8>] (kernel_init_freeable) from [<c0b4d924>] (kernel_init+0x8/0x114)
[    0.395000] [<c0b4d924>] (kernel_init) from [<c0307eb8>] (ret_from_fork+0x14/0x3c)
[    0.395000] ---[ end trace 293a1adceb23623d ]---
[    0.395000] omap_i2c 48070000.i2c: failure adding adapter
[    0.395000] omap_i2c: probe of 48070000.i2c failed with error -11
[    0.395000] ------------[ cut here ]------------
[    0.395000] WARNING: CPU: 0 PID: 1 at drivers/i2c/i2c-core.c:1533 i2c_register_adapter+0x3c0/0x4ac
[    0.395000] Modules linked in:
[    0.395000] CPU: 0 PID: 1 Comm: swapper/0 Tainted: G        W       4.5.0-rc7-next-20160314-00002-g7e0d3f31150c #1
[    0.395000] Hardware name: Generic OMAP3-GP (Flattened Device Tree)
[    0.395000] [<c0310440>] (unwind_backtrace) from [<c030bb14>] (show_stack+0x10/0x14)
[    0.395000] [<c030bb14>] (show_stack) from [<c058d954>] (dump_stack+0x98/0xac)
[    0.395000] [<c058d954>] (dump_stack) from [<c0341c6c>] (__warn+0xe8/0x100)
[    0.395000] [<c0341c6c>] (__warn) from [<c0341d34>] (warn_slowpath_null+0x20/0x28)
[    0.395000] [<c0341d34>] (warn_slowpath_null) from [<c09600e8>] (i2c_register_adapter+0x3c0/0x4ac)
[    0.395000] [<c09600e8>] (i2c_register_adapter) from [<c0969894>] (omap_i2c_probe+0x514/0x6bc)
[    0.395000] [<c0969894>] (omap_i2c_probe) from [<c077c268>] (platform_drv_probe+0x4c/0xb0)
[    0.395000] [<c077c268>] (platform_drv_probe) from [<c077a998>] (driver_probe_device+0x214/0x2c0)
[    0.395000] [<c077a998>] (driver_probe_device) from [<c077aaf0>] (__driver_attach+0xac/0xb0)
[    0.395000] [<c077aaf0>] (__driver_attach) from [<c0778d0c>] (bus_for_each_dev+0x68/0x9c)
[    0.395000] [<c0778d0c>] (bus_for_each_dev) from [<c0779f8c>] (bus_add_driver+0x1a0/0x218)
[    0.395000] [<c0779f8c>] (bus_add_driver) from [<c077b328>] (driver_register+0x78/0xf8)
[    0.395000] [<c077b328>] (driver_register) from [<c0301e74>] (do_one_initcall+0x90/0x1dc)
[    0.395000] [<c0301e74>] (do_one_initcall) from [<c1100db8>] (kernel_init_freeable+0x15c/0x1fc)
[    0.395000] [<c1100db8>] (kernel_init_freeable) from [<c0b4d924>] (kernel_init+0x8/0x114)
[    0.395000] [<c0b4d924>] (kernel_init) from [<c0307eb8>] (ret_from_fork+0x14/0x3c)
[    0.395000] ---[ end trace 293a1adceb23623e ]---
[    0.395000] omap_i2c 48072000.i2c: failure adding adapter
[    0.395000] omap_i2c: probe of 48072000.i2c failed with error -11
[    0.400000] ------------[ cut here ]------------
[    0.400000] WARNING: CPU: 0 PID: 1 at drivers/i2c/i2c-core.c:1533 i2c_register_adapter+0x3c0/0x4ac
[    0.400000] Modules linked in:
[    0.400000] CPU: 0 PID: 1 Comm: swapper/0 Tainted: G        W       4.5.0-rc7-next-20160314-00002-g7e0d3f31150c #1
[    0.400000] Hardware name: Generic OMAP3-GP (Flattened Device Tree)
[    0.400000] [<c0310440>] (unwind_backtrace) from [<c030bb14>] (show_stack+0x10/0x14)
[    0.400000] [<c030bb14>] (show_stack) from [<c058d954>] (dump_stack+0x98/0xac)
[    0.400000] [<c058d954>] (dump_stack) from [<c0341c6c>] (__warn+0xe8/0x100)
[    0.400000] [<c0341c6c>] (__warn) from [<c0341d34>] (warn_slowpath_null+0x20/0x28)
[    0.400000] [<c0341d34>] (warn_slowpath_null) from [<c09600e8>] (i2c_register_adapter+0x3c0/0x4ac)
[    0.400000] [<c09600e8>] (i2c_register_adapter) from [<c0969894>] (omap_i2c_probe+0x514/0x6bc)
[    0.400000] [<c0969894>] (omap_i2c_probe) from [<c077c268>] (platform_drv_probe+0x4c/0xb0)
[    0.400000] [<c077c268>] (platform_drv_probe) from [<c077a998>] (driver_probe_device+0x214/0x2c0)
[    0.400000] [<c077a998>] (driver_probe_device) from [<c077aaf0>] (__driver_attach+0xac/0xb0)
[    0.400000] [<c077aaf0>] (__driver_attach) from [<c0778d0c>] (bus_for_each_dev+0x68/0x9c)
[    0.400000] [<c0778d0c>] (bus_for_each_dev) from [<c0779f8c>] (bus_add_driver+0x1a0/0x218)
[    0.400000] [<c0779f8c>] (bus_add_driver) from [<c077b328>] (driver_register+0x78/0xf8)
[    0.400000] [<c077b328>] (driver_register) from [<c0301e74>] (do_one_initcall+0x90/0x1dc)
[    0.400000] [<c0301e74>] (do_one_initcall) from [<c1100db8>] (kernel_init_freeable+0x15c/0x1fc)
[    0.400000] [<c1100db8>] (kernel_init_freeable) from [<c0b4d924>] (kernel_init+0x8/0x114)
[    0.400000] [<c0b4d924>] (kernel_init) from [<c0307eb8>] (ret_from_fork+0x14/0x3c)
[    0.400000] ---[ end trace 293a1adceb23623f ]---
[    0.400000] omap_i2c 48060000.i2c: failure adding adapter
[    0.400000] omap_i2c: probe of 48060000.i2c failed with error -11
[    0.400000] pps_core: LinuxPPS API ver. 1 registered
[    0.400000] pps_core: Software ver. 5.3.6 - Copyright 2005-2007 Rodolfo Giometti <giometti@linux.it>
[    0.400000] PTP clock support registered
[    0.400000] EDAC MC: Ver: 3.0.0
[    0.435000] NET: Registered protocol family 2
[    0.440000] TCP established hash table entries: 2048 (order: 1, 8192 bytes)
[    0.440000] TCP bind hash table entries: 2048 (order: 2, 16384 bytes)
[    0.440000] TCP: Hash tables configured (established 2048 bind 2048)
[    0.440000] UDP hash table entries: 256 (order: 1, 8192 bytes)
[    0.440000] UDP-Lite hash table entries: 256 (order: 1, 8192 bytes)
[    0.440000] NET: Registered protocol family 1
[    0.440000] RPC: Registered named UNIX socket transport module.
[    0.440000] RPC: Registered udp transport module.
[    0.440000] RPC: Registered tcp transport module.
[    0.440000] RPC: Registered tcp NFSv4.1 backchannel transport module.
[    0.445000] hw perfevents: enabled with armv7_cortex_a8 PMU driver, 5 counters available
[    0.450000] futex hash table entries: 256 (order: 2, 16384 bytes)
[    0.455000] workingset: timestamp_bits=28 max_order=16 bucket_order=0
[    0.485000] squashfs: version 4.0 (2009/01/31) Phillip Lougher
[    0.485000] NFS: Registering the id_resolver key type
[    0.490000] Key type id_resolver registered
[    0.490000] Key type id_legacy registered
[    0.490000] ntfs: driver 2.1.32 [Flags: R/O].
[    0.490000] Block layer SCSI generic (bsg) driver version 0.4 loaded (major 248)
[    0.490000] io scheduler noop registered
[    0.490000] io scheduler deadline registered
[    0.490000] io scheduler cfq registered (default)
[    0.505000] pinctrl-single 48002030.pinmux: 284 pins at pa fa002030 size 568
[    0.505000] pinctrl-single 48002a00.pinmux: 46 pins at pa fa002a00 size 92
[    0.505000] pinctrl-single 480025d8.pinmux: 18 pins at pa fa0025d8 size 36
[    0.540000] ------------[ cut here ]------------
[    0.540000] WARNING: CPU: 0 PID: 1 at drivers/i2c/i2c-core.c:1930 i2c_register_driver+0x78/0x84
[    0.540000] Modules linked in:
[    0.540000] CPU: 0 PID: 1 Comm: swapper/0 Tainted: G        W       4.5.0-rc7-next-20160314-00002-g7e0d3f31150c #1
[    0.540000] Hardware name: Generic OMAP3-GP (Flattened Device Tree)
[    0.540000] [<c0310440>] (unwind_backtrace) from [<c030bb14>] (show_stack+0x10/0x14)
[    0.540000] [<c030bb14>] (show_stack) from [<c058d954>] (dump_stack+0x98/0xac)
[    0.540000] [<c058d954>] (dump_stack) from [<c0341c6c>] (__warn+0xe8/0x100)
[    0.540000] [<c0341c6c>] (__warn) from [<c0341d34>] (warn_slowpath_null+0x20/0x28)
[    0.540000] [<c0341d34>] (warn_slowpath_null) from [<c095e978>] (i2c_register_driver+0x78/0x84)
[    0.540000] [<c095e978>] (i2c_register_driver) from [<c0301e74>] (do_one_initcall+0x90/0x1dc)
[    0.540000] [<c0301e74>] (do_one_initcall) from [<c1100db8>] (kernel_init_freeable+0x15c/0x1fc)
[    0.540000] [<c1100db8>] (kernel_init_freeable) from [<c0b4d924>] (kernel_init+0x8/0x114)
[    0.540000] [<c0b4d924>] (kernel_init) from [<c0307eb8>] (ret_from_fork+0x14/0x3c)
[    0.540000] ---[ end trace 293a1adceb236240 ]---
[    0.540000] ------------[ cut here ]------------
[    0.540000] WARNING: CPU: 0 PID: 1 at drivers/i2c/i2c-core.c:1930 i2c_register_driver+0x78/0x84
[    0.540000] Modules linked in:
[    0.540000] CPU: 0 PID: 1 Comm: swapper/0 Tainted: G        W       4.5.0-rc7-next-20160314-00002-g7e0d3f31150c #1
[    0.540000] Hardware name: Generic OMAP3-GP (Flattened Device Tree)
[    0.540000] [<c0310440>] (unwind_backtrace) from [<c030bb14>] (show_stack+0x10/0x14)
[    0.540000] [<c030bb14>] (show_stack) from [<c058d954>] (dump_stack+0x98/0xac)
[    0.540000] [<c058d954>] (dump_stack) from [<c0341c6c>] (__warn+0xe8/0x100)
[    0.540000] [<c0341c6c>] (__warn) from [<c0341d34>] (warn_slowpath_null+0x20/0x28)
[    0.540000] [<c0341d34>] (warn_slowpath_null) from [<c095e978>] (i2c_register_driver+0x78/0x84)
[    0.540000] [<c095e978>] (i2c_register_driver) from [<c0301e74>] (do_one_initcall+0x90/0x1dc)
[    0.540000] [<c0301e74>] (do_one_initcall) from [<c1100db8>] (kernel_init_freeable+0x15c/0x1fc)
[    0.540000] [<c1100db8>] (kernel_init_freeable) from [<c0b4d924>] (kernel_init+0x8/0x114)
[    0.540000] [<c0b4d924>] (kernel_init) from [<c0307eb8>] (ret_from_fork+0x14/0x3c)
[    0.540000] ---[ end trace 293a1adceb236241 ]---
[    0.540000] ------------[ cut here ]------------
[    0.540000] WARNING: CPU: 0 PID: 1 at drivers/i2c/i2c-core.c:1930 i2c_register_driver+0x78/0x84
[    0.540000] Modules linked in:
[    0.540000] CPU: 0 PID: 1 Comm: swapper/0 Tainted: G        W       4.5.0-rc7-next-20160314-00002-g7e0d3f31150c #1
[    0.540000] Hardware name: Generic OMAP3-GP (Flattened Device Tree)
[    0.540000] [<c0310440>] (unwind_backtrace) from [<c030bb14>] (show_stack+0x10/0x14)
[    0.540000] [<c030bb14>] (show_stack) from [<c058d954>] (dump_stack+0x98/0xac)
[    0.540000] [<c058d954>] (dump_stack) from [<c0341c6c>] (__warn+0xe8/0x100)
[    0.540000] [<c0341c6c>] (__warn) from [<c0341d34>] (warn_slowpath_null+0x20/0x28)
[    0.540000] [<c0341d34>] (warn_slowpath_null) from [<c095e978>] (i2c_register_driver+0x78/0x84)
[    0.540000] [<c095e978>] (i2c_register_driver) from [<c0301e74>] (do_one_initcall+0x90/0x1dc)
[    0.540000] [<c0301e74>] (do_one_initcall) from [<c1100db8>] (kernel_init_freeable+0x15c/0x1fc)
[    0.540000] [<c1100db8>] (kernel_init_freeable) from [<c0b4d924>] (kernel_init+0x8/0x114)
[    0.540000] [<c0b4d924>] (kernel_init) from [<c0307eb8>] (ret_from_fork+0x14/0x3c)
[    0.540000] ---[ end trace 293a1adceb236242 ]---
[    0.540000] ------------[ cut here ]------------
[    0.540000] WARNING: CPU: 0 PID: 1 at drivers/i2c/i2c-core.c:1930 i2c_register_driver+0x78/0x84
[    0.540000] Modules linked in:
[    0.540000] CPU: 0 PID: 1 Comm: swapper/0 Tainted: G        W       4.5.0-rc7-next-20160314-00002-g7e0d3f31150c #1
[    0.540000] Hardware name: Generic OMAP3-GP (Flattened Device Tree)
[    0.540000] [<c0310440>] (unwind_backtrace) from [<c030bb14>] (show_stack+0x10/0x14)
[    0.540000] [<c030bb14>] (show_stack) from [<c058d954>] (dump_stack+0x98/0xac)
[    0.540000] [<c058d954>] (dump_stack) from [<c0341c6c>] (__warn+0xe8/0x100)
[    0.540000] [<c0341c6c>] (__warn) from [<c0341d34>] (warn_slowpath_null+0x20/0x28)
[    0.540000] [<c0341d34>] (warn_slowpath_null) from [<c095e978>] (i2c_register_driver+0x78/0x84)
[    0.540000] [<c095e978>] (i2c_register_driver) from [<c0301e74>] (do_one_initcall+0x90/0x1dc)
[    0.540000] [<c0301e74>] (do_one_initcall) from [<c1100db8>] (kernel_init_freeable+0x15c/0x1fc)
[    0.540000] [<c1100db8>] (kernel_init_freeable) from [<c0b4d924>] (kernel_init+0x8/0x114)
[    0.540000] [<c0b4d924>] (kernel_init) from [<c0307eb8>] (ret_from_fork+0x14/0x3c)
[    0.540000] ---[ end trace 293a1adceb236243 ]---
[    0.700000] Serial: 8250/16550 driver, 4 ports, IRQ sharing disabled
[    0.705000] SuperH (H)SCI(F) driver initialized
[    0.710000] msm_serial: driver initialized
[    0.710000] omap_uart 4806a000.serial: no wakeirq for uart0
[    0.710000] 4806a000.serial: ttyO0 at MMIO 0x4806a000 (irq = 88, base_baud = 3000000) is a OMAP UART0
[    0.710000] omap_uart 4806c000.serial: no wakeirq for uart1
[    0.710000] 4806c000.serial: ttyO1 at MMIO 0x4806c000 (irq = 89, base_baud = 3000000) is a OMAP UART1
[    0.710000] 49020000.serial: ttyO2 at MMIO 0x49020000 (irq = 90, base_baud = 3000000) is a OMAP UART2
[    3.315000] console [ttyO2] enabled
[    3.325000] STMicroelectronics ASC driver initialized
[    3.335000] [drm] Initialized drm 1.1.0 20060810
[    3.385000] brd: module loaded
[    3.405000] loop: module loaded
[    3.410000] ------------[ cut here ]------------
[    3.415000] WARNING: CPU: 0 PID: 1 at drivers/i2c/i2c-core.c:1930 i2c_register_driver+0x78/0x84
[    3.420000] Modules linked in:
[    3.425000] CPU: 0 PID: 1 Comm: swapper/0 Tainted: G        W       4.5.0-rc7-next-20160314-00002-g7e0d3f31150c #1
[    3.425000] Hardware name: Generic OMAP3-GP (Flattened Device Tree)
[    3.425000] [<c0310440>] (unwind_backtrace) from [<c030bb14>] (show_stack+0x10/0x14)
[    3.425000] [<c030bb14>] (show_stack) from [<c058d954>] (dump_stack+0x98/0xac)
[    3.425000] [<c058d954>] (dump_stack) from [<c0341c6c>] (__warn+0xe8/0x100)
[    3.425000] [<c0341c6c>] (__warn) from [<c0341d34>] (warn_slowpath_null+0x20/0x28)
[    3.425000] [<c0341d34>] (warn_slowpath_null) from [<c095e978>] (i2c_register_driver+0x78/0x84)
[    3.425000] [<c095e978>] (i2c_register_driver) from [<c0301e74>] (do_one_initcall+0x90/0x1dc)
[    3.425000] [<c0301e74>] (do_one_initcall) from [<c1100db8>] (kernel_init_freeable+0x15c/0x1fc)
[    3.425000] [<c1100db8>] (kernel_init_freeable) from [<c0b4d924>] (kernel_init+0x8/0x114)
[    3.425000] [<c0b4d924>] (kernel_init) from [<c0307eb8>] (ret_from_fork+0x14/0x3c)
[    3.430000] ---[ end trace 293a1adceb236244 ]---
[    3.435000] ------------[ cut here ]------------
[    3.440000] WARNING: CPU: 0 PID: 1 at drivers/i2c/i2c-core.c:1930 i2c_register_driver+0x78/0x84
[    3.445000] Modules linked in:
[    3.450000] CPU: 0 PID: 1 Comm: swapper/0 Tainted: G        W       4.5.0-rc7-next-20160314-00002-g7e0d3f31150c #1
[    3.450000] Hardware name: Generic OMAP3-GP (Flattened Device Tree)
[    3.450000] [<c0310440>] (unwind_backtrace) from [<c030bb14>] (show_stack+0x10/0x14)
[    3.450000] [<c030bb14>] (show_stack) from [<c058d954>] (dump_stack+0x98/0xac)
[    3.450000] [<c058d954>] (dump_stack) from [<c0341c6c>] (__warn+0xe8/0x100)
[    3.450000] [<c0341c6c>] (__warn) from [<c0341d34>] (warn_slowpath_null+0x20/0x28)
[    3.450000] [<c0341d34>] (warn_slowpath_null) from [<c095e978>] (i2c_register_driver+0x78/0x84)
[    3.450000] [<c095e978>] (i2c_register_driver) from [<c0301e74>] (do_one_initcall+0x90/0x1dc)
[    3.450000] [<c0301e74>] (do_one_initcall) from [<c1100db8>] (kernel_init_freeable+0x15c/0x1fc)
[    3.450000] [<c1100db8>] (kernel_init_freeable) from [<c0b4d924>] (kernel_init+0x8/0x114)
[    3.450000] [<c0b4d924>] (kernel_init) from [<c0307eb8>] (ret_from_fork+0x14/0x3c)
[    3.455000] ---[ end trace 293a1adceb236245 ]---
[    3.460000] ------------[ cut here ]------------
[    3.465000] WARNING: CPU: 0 PID: 1 at drivers/i2c/i2c-core.c:1930 i2c_register_driver+0x78/0x84
[    3.470000] Modules linked in:
[    3.475000] CPU: 0 PID: 1 Comm: swapper/0 Tainted: G        W       4.5.0-rc7-next-20160314-00002-g7e0d3f31150c #1
[    3.475000] Hardware name: Generic OMAP3-GP (Flattened Device Tree)
[    3.475000] [<c0310440>] (unwind_backtrace) from [<c030bb14>] (show_stack+0x10/0x14)
[    3.475000] [<c030bb14>] (show_stack) from [<c058d954>] (dump_stack+0x98/0xac)
[    3.475000] [<c058d954>] (dump_stack) from [<c0341c6c>] (__warn+0xe8/0x100)
[    3.475000] [<c0341c6c>] (__warn) from [<c0341d34>] (warn_slowpath_null+0x20/0x28)
[    3.475000] [<c0341d34>] (warn_slowpath_null) from [<c095e978>] (i2c_register_driver+0x78/0x84)
[    3.475000] [<c095e978>] (i2c_register_driver) from [<c0301e74>] (do_one_initcall+0x90/0x1dc)
[    3.475000] [<c0301e74>] (do_one_initcall) from [<c1100db8>] (kernel_init_freeable+0x15c/0x1fc)
[    3.475000] [<c1100db8>] (kernel_init_freeable) from [<c0b4d924>] (kernel_init+0x8/0x114)
[    3.475000] [<c0b4d924>] (kernel_init) from [<c0307eb8>] (ret_from_fork+0x14/0x3c)
[    3.480000] ---[ end trace 293a1adceb236246 ]---
[    3.485000] ------------[ cut here ]------------
[    3.490000] WARNING: CPU: 0 PID: 1 at drivers/i2c/i2c-core.c:1930 i2c_register_driver+0x78/0x84
[    3.495000] Modules linked in:
[    3.500000] CPU: 0 PID: 1 Comm: swapper/0 Tainted: G        W       4.5.0-rc7-next-20160314-00002-g7e0d3f31150c #1
[    3.500000] Hardware name: Generic OMAP3-GP (Flattened Device Tree)
[    3.500000] [<c0310440>] (unwind_backtrace) from [<c030bb14>] (show_stack+0x10/0x14)
[    3.500000] [<c030bb14>] (show_stack) from [<c058d954>] (dump_stack+0x98/0xac)
[    3.500000] [<c058d954>] (dump_stack) from [<c0341c6c>] (__warn+0xe8/0x100)
[    3.500000] [<c0341c6c>] (__warn) from [<c0341d34>] (warn_slowpath_null+0x20/0x28)
[    3.500000] [<c0341d34>] (warn_slowpath_null) from [<c095e978>] (i2c_register_driver+0x78/0x84)
[    3.500000] [<c095e978>] (i2c_register_driver) from [<c0301e74>] (do_one_initcall+0x90/0x1dc)
[    3.500000] [<c0301e74>] (do_one_initcall) from [<c1100db8>] (kernel_init_freeable+0x15c/0x1fc)
[    3.500000] [<c1100db8>] (kernel_init_freeable) from [<c0b4d924>] (kernel_init+0x8/0x114)
[    3.500000] [<c0b4d924>] (kernel_init) from [<c0307eb8>] (ret_from_fork+0x14/0x3c)
[    3.505000] ---[ end trace 293a1adceb236247 ]---
[    3.510000] ------------[ cut here ]------------
[    3.515000] WARNING: CPU: 0 PID: 1 at drivers/i2c/i2c-core.c:1930 i2c_register_driver+0x78/0x84
[    3.520000] Modules linked in:
[    3.525000] CPU: 0 PID: 1 Comm: swapper/0 Tainted: G        W       4.5.0-rc7-next-20160314-00002-g7e0d3f31150c #1
[    3.525000] Hardware name: Generic OMAP3-GP (Flattened Device Tree)
[    3.525000] [<c0310440>] (unwind_backtrace) from [<c030bb14>] (show_stack+0x10/0x14)
[    3.525000] [<c030bb14>] (show_stack) from [<c058d954>] (dump_stack+0x98/0xac)
[    3.525000] [<c058d954>] (dump_stack) from [<c0341c6c>] (__warn+0xe8/0x100)
[    3.525000] [<c0341c6c>] (__warn) from [<c0341d34>] (warn_slowpath_null+0x20/0x28)
[    3.525000] [<c0341d34>] (warn_slowpath_null) from [<c095e978>] (i2c_register_driver+0x78/0x84)
[    3.525000] [<c095e978>] (i2c_register_driver) from [<c0301e74>] (do_one_initcall+0x90/0x1dc)
[    3.525000] [<c0301e74>] (do_one_initcall) from [<c1100db8>] (kernel_init_freeable+0x15c/0x1fc)
[    3.525000] [<c1100db8>] (kernel_init_freeable) from [<c0b4d924>] (kernel_init+0x8/0x114)
[    3.525000] [<c0b4d924>] (kernel_init) from [<c0307eb8>] (ret_from_fork+0x14/0x3c)
[    3.530000] ---[ end trace 293a1adceb236248 ]---
[    3.535000] ------------[ cut here ]------------
[    3.540000] WARNING: CPU: 0 PID: 1 at drivers/i2c/i2c-core.c:1930 i2c_register_driver+0x78/0x84
[    3.545000] Modules linked in:
[    3.550000] CPU: 0 PID: 1 Comm: swapper/0 Tainted: G        W       4.5.0-rc7-next-20160314-00002-g7e0d3f31150c #1
[    3.550000] Hardware name: Generic OMAP3-GP (Flattened Device Tree)
[    3.550000] [<c0310440>] (unwind_backtrace) from [<c030bb14>] (show_stack+0x10/0x14)
[    3.550000] [<c030bb14>] (show_stack) from [<c058d954>] (dump_stack+0x98/0xac)
[    3.550000] [<c058d954>] (dump_stack) from [<c0341c6c>] (__warn+0xe8/0x100)
[    3.550000] [<c0341c6c>] (__warn) from [<c0341d34>] (warn_slowpath_null+0x20/0x28)
[    3.550000] [<c0341d34>] (warn_slowpath_null) from [<c095e978>] (i2c_register_driver+0x78/0x84)
[    3.550000] [<c095e978>] (i2c_register_driver) from [<c0301e74>] (do_one_initcall+0x90/0x1dc)
[    3.550000] [<c0301e74>] (do_one_initcall) from [<c1100db8>] (kernel_init_freeable+0x15c/0x1fc)
[    3.550000] [<c1100db8>] (kernel_init_freeable) from [<c0b4d924>] (kernel_init+0x8/0x114)
[    3.550000] [<c0b4d924>] (kernel_init) from [<c0307eb8>] (ret_from_fork+0x14/0x3c)
[    3.555000] ---[ end trace 293a1adceb236249 ]---
[    3.560000] ------------[ cut here ]------------
[    3.565000] WARNING: CPU: 0 PID: 1 at drivers/i2c/i2c-core.c:1930 i2c_register_driver+0x78/0x84
[    3.570000] Modules linked in:
[    3.575000] CPU: 0 PID: 1 Comm: swapper/0 Tainted: G        W       4.5.0-rc7-next-20160314-00002-g7e0d3f31150c #1
[    3.575000] Hardware name: Generic OMAP3-GP (Flattened Device Tree)
[    3.575000] [<c0310440>] (unwind_backtrace) from [<c030bb14>] (show_stack+0x10/0x14)
[    3.575000] [<c030bb14>] (show_stack) from [<c058d954>] (dump_stack+0x98/0xac)
[    3.575000] [<c058d954>] (dump_stack) from [<c0341c6c>] (__warn+0xe8/0x100)
[    3.575000] [<c0341c6c>] (__warn) from [<c0341d34>] (warn_slowpath_null+0x20/0x28)
[    3.575000] [<c0341d34>] (warn_slowpath_null) from [<c095e978>] (i2c_register_driver+0x78/0x84)
[    3.575000] [<c095e978>] (i2c_register_driver) from [<c0301e74>] (do_one_initcall+0x90/0x1dc)
[    3.575000] [<c0301e74>] (do_one_initcall) from [<c1100db8>] (kernel_init_freeable+0x15c/0x1fc)
[    3.575000] [<c1100db8>] (kernel_init_freeable) from [<c0b4d924>] (kernel_init+0x8/0x114)
[    3.575000] [<c0b4d924>] (kernel_init) from [<c0307eb8>] (ret_from_fork+0x14/0x3c)
[    3.580000] ---[ end trace 293a1adceb23624a ]---
[    3.585000] ------------[ cut here ]------------
[    3.590000] WARNING: CPU: 0 PID: 1 at drivers/i2c/i2c-core.c:1930 i2c_register_driver+0x78/0x84
[    3.595000] Modules linked in:
[    3.595000] CPU: 0 PID: 1 Comm: swapper/0 Tainted: G        W       4.5.0-rc7-next-20160314-00002-g7e0d3f31150c #1
[    3.595000] Hardware name: Generic OMAP3-GP (Flattened Device Tree)
[    3.595000] [<c0310440>] (unwind_backtrace) from [<c030bb14>] (show_stack+0x10/0x14)
[    3.595000] [<c030bb14>] (show_stack) from [<c058d954>] (dump_stack+0x98/0xac)
[    3.595000] [<c058d954>] (dump_stack) from [<c0341c6c>] (__warn+0xe8/0x100)
[    3.595000] [<c0341c6c>] (__warn) from [<c0341d34>] (warn_slowpath_null+0x20/0x28)
[    3.595000] [<c0341d34>] (warn_slowpath_null) from [<c095e978>] (i2c_register_driver+0x78/0x84)
[    3.595000] [<c095e978>] (i2c_register_driver) from [<c0301e74>] (do_one_initcall+0x90/0x1dc)
[    3.595000] [<c0301e74>] (do_one_initcall) from [<c1100db8>] (kernel_init_freeable+0x15c/0x1fc)
[    3.595000] [<c1100db8>] (kernel_init_freeable) from [<c0b4d924>] (kernel_init+0x8/0x114)
[    3.595000] [<c0b4d924>] (kernel_init) from [<c0307eb8>] (ret_from_fork+0x14/0x3c)
[    3.600000] ---[ end trace 293a1adceb23624b ]---
[    3.605000] ------------[ cut here ]------------
[    3.610000] WARNING: CPU: 0 PID: 1 at drivers/i2c/i2c-core.c:1930 i2c_register_driver+0x78/0x84
[    3.615000] Modules linked in:
[    3.620000] CPU: 0 PID: 1 Comm: swapper/0 Tainted: G        W       4.5.0-rc7-next-20160314-00002-g7e0d3f31150c #1
[    3.620000] Hardware name: Generic OMAP3-GP (Flattened Device Tree)
[    3.620000] [<c0310440>] (unwind_backtrace) from [<c030bb14>] (show_stack+0x10/0x14)
[    3.620000] [<c030bb14>] (show_stack) from [<c058d954>] (dump_stack+0x98/0xac)
[    3.620000] [<c058d954>] (dump_stack) from [<c0341c6c>] (__warn+0xe8/0x100)
[    3.620000] [<c0341c6c>] (__warn) from [<c0341d34>] (warn_slowpath_null+0x20/0x28)
[    3.620000] [<c0341d34>] (warn_slowpath_null) from [<c095e978>] (i2c_register_driver+0x78/0x84)
[    3.620000] [<c095e978>] (i2c_register_driver) from [<c0301e74>] (do_one_initcall+0x90/0x1dc)
[    3.620000] [<c0301e74>] (do_one_initcall) from [<c1100db8>] (kernel_init_freeable+0x15c/0x1fc)
[    3.620000] [<c1100db8>] (kernel_init_freeable) from [<c0b4d924>] (kernel_init+0x8/0x114)
[    3.620000] [<c0b4d924>] (kernel_init) from [<c0307eb8>] (ret_from_fork+0x14/0x3c)
[    3.625000] ---[ end trace 293a1adceb23624c ]---
[    3.630000] ------------[ cut here ]------------
[    3.635000] WARNING: CPU: 0 PID: 1 at drivers/i2c/i2c-core.c:1930 i2c_register_driver+0x78/0x84
[    3.640000] Modules linked in:
[    3.645000] CPU: 0 PID: 1 Comm: swapper/0 Tainted: G        W       4.5.0-rc7-next-20160314-00002-g7e0d3f31150c #1
[    3.645000] Hardware name: Generic OMAP3-GP (Flattened Device Tree)
[    3.645000] [<c0310440>] (unwind_backtrace) from [<c030bb14>] (show_stack+0x10/0x14)
[    3.645000] [<c030bb14>] (show_stack) from [<c058d954>] (dump_stack+0x98/0xac)
[    3.645000] [<c058d954>] (dump_stack) from [<c0341c6c>] (__warn+0xe8/0x100)
[    3.645000] [<c0341c6c>] (__warn) from [<c0341d34>] (warn_slowpath_null+0x20/0x28)
[    3.645000] [<c0341d34>] (warn_slowpath_null) from [<c095e978>] (i2c_register_driver+0x78/0x84)
[    3.645000] [<c095e978>] (i2c_register_driver) from [<c0301e74>] (do_one_initcall+0x90/0x1dc)
[    3.645000] [<c0301e74>] (do_one_initcall) from [<c1100db8>] (kernel_init_freeable+0x15c/0x1fc)
[    3.645000] [<c1100db8>] (kernel_init_freeable) from [<c0b4d924>] (kernel_init+0x8/0x114)
[    3.645000] [<c0b4d924>] (kernel_init) from [<c0307eb8>] (ret_from_fork+0x14/0x3c)
[    3.650000] ---[ end trace 293a1adceb23624d ]---
[    3.675000] libphy: Fixed MDIO Bus: probed
[    3.680000] CAN device driver interface
[    3.690000] igb: Intel(R) Gigabit Ethernet Network Driver - version 5.3.0-k
[    3.695000] igb: Copyright (c) 2007-2014 Intel Corporation.
[    3.705000] pegasus: v0.9.3 (2013/04/25), Pegasus/Pegasus II USB Ethernet driver
[    3.710000] usbcore: registered new interface driver pegasus
[    3.715000] usbcore: registered new interface driver asix
[    3.720000] usbcore: registered new interface driver ax88179_178a
[    3.725000] usbcore: registered new interface driver cdc_ether
[    3.730000] usbcore: registered new interface driver smsc75xx
[    3.735000] usbcore: registered new interface driver smsc95xx
[    3.740000] usbcore: registered new interface driver net1080
[    3.750000] usbcore: registered new interface driver cdc_subset
[    3.755000] usbcore: registered new interface driver zaurus
[    3.760000] usbcore: registered new interface driver cdc_ncm
[    3.770000] ------------[ cut here ]------------
[    3.775000] WARNING: CPU: 0 PID: 1 at drivers/i2c/i2c-core.c:1930 i2c_register_driver+0x78/0x84
[    3.780000] Modules linked in:
[    3.785000] CPU: 0 PID: 1 Comm: swapper/0 Tainted: G        W       4.5.0-rc7-next-20160314-00002-g7e0d3f31150c #1
[    3.785000] Hardware name: Generic OMAP3-GP (Flattened Device Tree)
[    3.785000] [<c0310440>] (unwind_backtrace) from [<c030bb14>] (show_stack+0x10/0x14)
[    3.785000] [<c030bb14>] (show_stack) from [<c058d954>] (dump_stack+0x98/0xac)
[    3.785000] [<c058d954>] (dump_stack) from [<c0341c6c>] (__warn+0xe8/0x100)
[    3.785000] [<c0341c6c>] (__warn) from [<c0341d34>] (warn_slowpath_null+0x20/0x28)
[    3.785000] [<c0341d34>] (warn_slowpath_null) from [<c095e978>] (i2c_register_driver+0x78/0x84)
[    3.785000] [<c095e978>] (i2c_register_driver) from [<c0301e74>] (do_one_initcall+0x90/0x1dc)
[    3.785000] [<c0301e74>] (do_one_initcall) from [<c1100db8>] (kernel_init_freeable+0x15c/0x1fc)
[    3.785000] [<c1100db8>] (kernel_init_freeable) from [<c0b4d924>] (kernel_init+0x8/0x114)
[    3.785000] [<c0b4d924>] (kernel_init) from [<c0307eb8>] (ret_from_fork+0x14/0x3c)
[    3.790000] ---[ end trace 293a1adceb23624e ]---
[    3.800000] ehci_hcd: USB 2.0 'Enhanced' Host Controller (EHCI) Driver
[    3.805000] ehci-pci: EHCI PCI platform driver
[    3.810000] ehci-platform: EHCI generic platform driver
[    3.815000] ehci-omap: OMAP-EHCI Host Controller driver
[    3.820000] ehci-omap 48064800.ehci: Can't get PHY device for port 1: -517
[    3.825000] ehci-orion: EHCI orion driver
[    3.835000] SPEAr-ehci: EHCI SPEAr driver
[    3.840000] ehci-st: EHCI STMicroelectronics driver
[    3.845000] ehci-exynos: EHCI EXYNOS driver
[    3.850000] ehci-atmel: EHCI Atmel driver
[    3.855000] tegra-ehci: Tegra EHCI driver
[    3.860000] ohci_hcd: USB 1.1 'Open' Host Controller (OHCI) Driver
[    3.865000] ohci-pci: OHCI PCI platform driver
[    3.870000] ohci-platform: OHCI generic platform driver
[    3.875000] ohci-omap3: OHCI OMAP3 driver
[    3.885000] ohci-omap3 48064400.ohci: OHCI Host Controller
[    3.890000] ohci-omap3 48064400.ohci: new USB bus registered, assigned bus number 1
[    3.895000] ohci-omap3 48064400.ohci: irq 92, io mem 0x48064400
[    3.975000] hub 1-0:1.0: USB hub found
[    3.980000] hub 1-0:1.0: 3 ports detected
[    3.990000] SPEAr-ohci: OHCI SPEAr driver
[    3.995000] ohci-st: OHCI STMicroelectronics driver
[    4.000000] ohci-atmel: OHCI Atmel driver
[    4.010000] usbcore: registered new interface driver usb-storage
[    4.015000] mousedev: PS/2 mouse device common for all mice
[    4.020000] ------------[ cut here ]------------
[    4.025000] WARNING: CPU: 0 PID: 1 at drivers/i2c/i2c-core.c:1930 i2c_register_driver+0x78/0x84
[    4.030000] Modules linked in:
[    4.035000] CPU: 0 PID: 1 Comm: swapper/0 Tainted: G        W       4.5.0-rc7-next-20160314-00002-g7e0d3f31150c #1
[    4.035000] Hardware name: Generic OMAP3-GP (Flattened Device Tree)
[    4.035000] [<c0310440>] (unwind_backtrace) from [<c030bb14>] (show_stack+0x10/0x14)
[    4.035000] [<c030bb14>] (show_stack) from [<c058d954>] (dump_stack+0x98/0xac)
[    4.035000] [<c058d954>] (dump_stack) from [<c0341c6c>] (__warn+0xe8/0x100)
[    4.035000] [<c0341c6c>] (__warn) from [<c0341d34>] (warn_slowpath_null+0x20/0x28)
[    4.035000] [<c0341d34>] (warn_slowpath_null) from [<c095e978>] (i2c_register_driver+0x78/0x84)
[    4.035000] [<c095e978>] (i2c_register_driver) from [<c0301e74>] (do_one_initcall+0x90/0x1dc)
[    4.035000] [<c0301e74>] (do_one_initcall) from [<c1100db8>] (kernel_init_freeable+0x15c/0x1fc)
[    4.035000] [<c1100db8>] (kernel_init_freeable) from [<c0b4d924>] (kernel_init+0x8/0x114)
[    4.035000] [<c0b4d924>] (kernel_init) from [<c0307eb8>] (ret_from_fork+0x14/0x3c)
[    4.040000] ---[ end trace 293a1adceb23624f ]---
[    4.050000] ------------[ cut here ]------------
[    4.055000] WARNING: CPU: 0 PID: 1 at drivers/i2c/i2c-core.c:1930 i2c_register_driver+0x78/0x84
[    4.060000] Modules linked in:
[    4.065000] CPU: 0 PID: 1 Comm: swapper/0 Tainted: G        W       4.5.0-rc7-next-20160314-00002-g7e0d3f31150c #1
[    4.065000] Hardware name: Generic OMAP3-GP (Flattened Device Tree)
[    4.065000] [<c0310440>] (unwind_backtrace) from [<c030bb14>] (show_stack+0x10/0x14)
[    4.065000] [<c030bb14>] (show_stack) from [<c058d954>] (dump_stack+0x98/0xac)
[    4.065000] [<c058d954>] (dump_stack) from [<c0341c6c>] (__warn+0xe8/0x100)
[    4.065000] [<c0341c6c>] (__warn) from [<c0341d34>] (warn_slowpath_null+0x20/0x28)
[    4.065000] [<c0341d34>] (warn_slowpath_null) from [<c095e978>] (i2c_register_driver+0x78/0x84)
[    4.065000] [<c095e978>] (i2c_register_driver) from [<c0301e74>] (do_one_initcall+0x90/0x1dc)
[    4.065000] [<c0301e74>] (do_one_initcall) from [<c1100db8>] (kernel_init_freeable+0x15c/0x1fc)
[    4.065000] [<c1100db8>] (kernel_init_freeable) from [<c0b4d924>] (kernel_init+0x8/0x114)
[    4.065000] [<c0b4d924>] (kernel_init) from [<c0307eb8>] (ret_from_fork+0x14/0x3c)
[    4.070000] ---[ end trace 293a1adceb236250 ]---
[    4.080000] ------------[ cut here ]------------
[    4.085000] WARNING: CPU: 0 PID: 1 at drivers/i2c/i2c-core.c:1930 i2c_register_driver+0x78/0x84
[    4.090000] Modules linked in:
[    4.095000] CPU: 0 PID: 1 Comm: swapper/0 Tainted: G        W       4.5.0-rc7-next-20160314-00002-g7e0d3f31150c #1
[    4.095000] Hardware name: Generic OMAP3-GP (Flattened Device Tree)
[    4.095000] [<c0310440>] (unwind_backtrace) from [<c030bb14>] (show_stack+0x10/0x14)
[    4.095000] [<c030bb14>] (show_stack) from [<c058d954>] (dump_stack+0x98/0xac)
[    4.095000] [<c058d954>] (dump_stack) from [<c0341c6c>] (__warn+0xe8/0x100)
[    4.095000] [<c0341c6c>] (__warn) from [<c0341d34>] (warn_slowpath_null+0x20/0x28)
[    4.095000] [<c0341d34>] (warn_slowpath_null) from [<c095e978>] (i2c_register_driver+0x78/0x84)
[    4.095000] [<c095e978>] (i2c_register_driver) from [<c0301e74>] (do_one_initcall+0x90/0x1dc)
[    4.095000] [<c0301e74>] (do_one_initcall) from [<c1100db8>] (kernel_init_freeable+0x15c/0x1fc)
[    4.095000] [<c1100db8>] (kernel_init_freeable) from [<c0b4d924>] (kernel_init+0x8/0x114)
[    4.095000] [<c0b4d924>] (kernel_init) from [<c0307eb8>] (ret_from_fork+0x14/0x3c)
[    4.100000] ---[ end trace 293a1adceb236251 ]---
[    4.105000] ------------[ cut here ]------------
[    4.110000] WARNING: CPU: 0 PID: 1 at drivers/i2c/i2c-core.c:1930 i2c_register_driver+0x78/0x84
[    4.115000] Modules linked in:
[    4.120000] CPU: 0 PID: 1 Comm: swapper/0 Tainted: G        W       4.5.0-rc7-next-20160314-00002-g7e0d3f31150c #1
[    4.120000] Hardware name: Generic OMAP3-GP (Flattened Device Tree)
[    4.120000] [<c0310440>] (unwind_backtrace) from [<c030bb14>] (show_stack+0x10/0x14)
[    4.120000] [<c030bb14>] (show_stack) from [<c058d954>] (dump_stack+0x98/0xac)
[    4.120000] [<c058d954>] (dump_stack) from [<c0341c6c>] (__warn+0xe8/0x100)
[    4.120000] [<c0341c6c>] (__warn) from [<c0341d34>] (warn_slowpath_null+0x20/0x28)
[    4.120000] [<c0341d34>] (warn_slowpath_null) from [<c095e978>] (i2c_register_driver+0x78/0x84)
[    4.120000] [<c095e978>] (i2c_register_driver) from [<c0301e74>] (do_one_initcall+0x90/0x1dc)
[    4.120000] [<c0301e74>] (do_one_initcall) from [<c1100db8>] (kernel_init_freeable+0x15c/0x1fc)
[    4.120000] [<c1100db8>] (kernel_init_freeable) from [<c0b4d924>] (kernel_init+0x8/0x114)
[    4.120000] [<c0b4d924>] (kernel_init) from [<c0307eb8>] (ret_from_fork+0x14/0x3c)
[    4.125000] ---[ end trace 293a1adceb236252 ]---
[    4.130000] ------------[ cut here ]------------
[    4.135000] WARNING: CPU: 0 PID: 1 at drivers/i2c/i2c-core.c:1930 i2c_register_driver+0x78/0x84
[    4.140000] Modules linked in:
[    4.145000] CPU: 0 PID: 1 Comm: swapper/0 Tainted: G        W       4.5.0-rc7-next-20160314-00002-g7e0d3f31150c #1
[    4.145000] Hardware name: Generic OMAP3-GP (Flattened Device Tree)
[    4.145000] [<c0310440>] (unwind_backtrace) from [<c030bb14>] (show_stack+0x10/0x14)
[    4.145000] [<c030bb14>] (show_stack) from [<c058d954>] (dump_stack+0x98/0xac)
[    4.145000] [<c058d954>] (dump_stack) from [<c0341c6c>] (__warn+0xe8/0x100)
[    4.145000] [<c0341c6c>] (__warn) from [<c0341d34>] (warn_slowpath_null+0x20/0x28)
[    4.145000] [<c0341d34>] (warn_slowpath_null) from [<c095e978>] (i2c_register_driver+0x78/0x84)
[    4.145000] [<c095e978>] (i2c_register_driver) from [<c0301e74>] (do_one_initcall+0x90/0x1dc)
[    4.145000] [<c0301e74>] (do_one_initcall) from [<c1100db8>] (kernel_init_freeable+0x15c/0x1fc)
[    4.145000] [<c1100db8>] (kernel_init_freeable) from [<c0b4d924>] (kernel_init+0x8/0x114)
[    4.145000] [<c0b4d924>] (kernel_init) from [<c0307eb8>] (ret_from_fork+0x14/0x3c)
[    4.150000] ---[ end trace 293a1adceb236253 ]---
[    4.160000] i2c /dev entries driver
[    4.165000] Unable to handle kernel NULL pointer dereference at virtual address 0000009c
[    4.170000] pgd = c0204000
[    4.170000] [0000009c] *pgd=00000000
[    4.175000] Internal error: Oops: 5 [#1] SMP ARM
[    4.175000] Modules linked in:
[    4.175000] CPU: 0 PID: 1 Comm: swapper/0 Tainted: G        W       4.5.0-rc7-next-20160314-00002-g7e0d3f31150c #1
[    4.175000] Hardware name: Generic OMAP3-GP (Flattened Device Tree)
[    4.175000] task: cb060000 ti: cb05a000 task.ti: cb05a000
[    4.175000] PC is at blocking_notifier_chain_register+0x80/0xd4
[    4.175000] LR is at i2c_dev_init+0x84/0xe0
[    4.175000] pc : [<c035dc6c>]    lr : [<c1141e28>]    psr: 60000013
[    4.175000] sp : cb05bee0  ip : cb001b80  fp : 00000000
[    4.175000] r10: c11a383c  r9 : 00000118  r8 : 00000000
[    4.175000] r7 : c1141da4  r6 : cb550540  r5 : c14542f8  r4 : 00000084
[    4.175000] r3 : 00000000  r2 : 00000000  r1 : c13bf870  r0 : 00000084
[    4.175000] Flags: nZCv  IRQs on  FIQs on  Mode SVC_32  ISA ARM  Segment none
[    4.175000] Control: 10c5387d  Table: 80204019  DAC: 00000051
[    4.175000] Process swapper/0 (pid: 1, stack limit = 0xcb05a220)
[    4.175000] Stack: (0xcb05bee0 to 0xcb05c000)
[    4.175000] bee0: 00000000 c14542f8 cb550540 c1141e28 c0d5f90c cb550540 c1141da4 c1306890
[    4.175000] bf00: c1306890 c0301e74 c0c07ba8 0000006f 00000000 00000000 00000000 c0464ed8
[    4.175000] bf20: 00000000 c1336600 00000117 c0c1dbfc c101d284 c035c338 0000cccd c0f91594
[    4.175000] bf40: c101bcb8 00000000 00000006 00000006 c13365e8 cfb96240 c1203f7c 00000006
[    4.175000] bf60: c11a3834 c1410000 c1410000 c11a383c 00000000 c1100db8 00000006 00000006
[    4.175000] bf80: 00000000 c11005a0 00000000 c0b4d91c 00000000 00000000 00000000 00000000
[    4.175000] bfa0: 00000000 c0b4d924 00000000 c0307eb8 00000000 00000000 00000000 00000000
[    4.175000] bfc0: 00000000 00000000 00000000 00000000 00000000 00000000 00000000 00000000
[    4.175000] bfe0: 00000000 00000000 00000000 00000000 00000013 00000000 0073dd32 40f5de52
[    4.175000] [<c035dc6c>] (blocking_notifier_chain_register) from [<c1141e28>] (i2c_dev_init+0x84/0xe0)
[    4.175000] [<c1141e28>] (i2c_dev_init) from [<c0301e74>] (do_one_initcall+0x90/0x1dc)
[    4.175000] [<c0301e74>] (do_one_initcall) from [<c1100db8>] (kernel_init_freeable+0x15c/0x1fc)
[    4.175000] [<c1100db8>] (kernel_init_freeable) from [<c0b4d924>] (kernel_init+0x8/0x114)
[    4.175000] [<c0b4d924>] (kernel_init) from [<c0307eb8>] (ret_from_fork+0x14/0x3c)
[    4.175000] Code: e58c5000 eb007bab e3a00000 e8bd8070 (e5903018) 
[    4.180000] ---[ end trace 293a1adceb236254 ]---
[    4.185000] Kernel panic - not syncing: Attempted to kill init! exitcode=0x0000000b
[    4.185000] 
[    4.185000] ---[ end Kernel panic - not syncing: Attempted to kill init! exitcode=0x0000000b
[    4.185000] 
[   41.275000] random: nonblocking pool is initialized
- 04:14:32 [INFO] Boot attempt 1/1 failed
- 04:14:32 [INFO] Collecting kernel traces via sysrq...
- 04:14:42 [INFO] 
- 04:14:53 [INFO] 
- 04:15:03 [INFO] 
- 04:15:03 [INFO] Disconnected serial from beagleboard-vanilla
URL:gtsystest.telogy.design.ti.com/vatf/tidfarm-05/tidfarm-05_vatf@beagleboard-vanilla/tidfarm-0503_14_2016_04_11_03/files/session_iteration_1/test_1
