- 10:13:04 [INFO] Starting target session
- 10:13:05 [INFO] Connected to beaglebone via serial 
- 10:13:05 [INFO] Host: 
- 10:13:07 [ERROR] On command:  waiting for (?-mix:login:) >>> error: execution expired
- 10:13:07 [INFO] Target: 

root@am335x-evm:/test# 
- 10:13:07 [INFO] Host: 
- 10:13:07 [INFO] Target: 

root@am335x-evm:/test# 
- 10:13:07 [INFO] Host: sync;poweroff
- 10:13:26 [INFO] Target: 
sync;poweroff


Broadcast message from root@am335x-evm (ttyO0) (Sun Apr 27 20:34:32 2014):



The system is going down for system halt NOW!


INIT: Switching to runlevel: 0
root@am335x-evm:/test# 
INIT: Sending processes the TERM signal


INIT: Sending processes the UIM SYSFS Node Not Found
Stopping Dropbear SSH server: stopped /usr/sbin/dropbear (pid 1111)
dropbear.
Stopping telnet daemon.
Stopping system message bus: Error opening /dev/fb0: No such file or directory
Stopping syslogd/klogd: stopped syslogd (pid 1123)
stopped klogd (pid 1126)
done
Stopping thttpd.
ALSA: Storing mixer settings...
/usr/sbin/alsactl: save_state:1580: No soundcards found...
Deconfiguring network interfaces... done.
Stopping Lighttpd Web Server: stopped /usr/sbin/lighttpd (pid 1138)
lighttpd.
Stopping Matrix GUI applicationstart-stop-daemon: warning: killing process 1147: No such process
.
***************************************************************
***************************************************************
NOTICE: This file system contains the followin GPLv3 packages:
	binutils-symlinks
	binutils
	gdbserver

If you do not wish to distribute GPLv3 components please remove
the above packages prior to distribution.  This can be done using
the opkg remove command.  i.e.:
    opkg remove <package>
Where <package> is the name printed in the list above

NOTE: If the package is a dependency of another package you
      will be notified of the dependent packages.  You should
      use the --force-removal-of-dependent-packages option to
      also remove the dependent packages as well
***************************************************************
***************************************************************
Sending all processes the TERM signal...
Sending all processes the KILL signal...
Unmounting remote filesystems...
Deactivating swap...
Unmounting local filesystems...
[ 1386.330807] FAT-fs (mmcblk0p1): error, invalid access to FAT (entry 0xffffffff)
[ 1386.338938] FAT-fs (mmcblk0p1): Filesystem has been set read-only
[ 1388.699238] reboot: System halted

- 10:13:28 [INFO] Disconnected serial from beaglebone
- 10:13:28 [INFO] Connected to beaglebone via serial 
- 10:13:28 [INFO] Host: 
- 10:13:28 [ERROR] On command:  waiting for (?-mix:U-Boot#) >>> error: execution expired
- 10:13:28 [INFO] Target: 

U-Boot SPL 2013.10-g78d8ebd (Mar 06 2014 - 13:09:07)

- 10:13:28 [INFO] Host: 
- 10:13:29 [ERROR] On command:  waiting for (?-mix:U-Boot#) >>> error: execution expired
- 10:13:29 [INFO] Target: 
reading args
spl: error reading image args, err - -1
reading u-boot.img
reading u-boot.img


U-Boot 2013.10-g78d8ebd (Mar 06 2014 - 13:09:07)

I2C:   
- 10:13:29 [INFO] Host: 
- 10:13:29 [ERROR] On command:  waiting for (?-mix:U-Boot#) >>> error: execution expired
- 10:13:29 [INFO] Target: 
y
DRAM:  256 MiB
NAND:  0 MiB
MMC:   OMAP SD/MMC: 0, OMAP SD/MMC: 1
*** Error - No Valid Environment Area found
*** Warning - bad 
- 10:13:29 [INFO] Host: 
- 10:13:30 [INFO] Target: 
ronment

Net:   <ethaddr> not set. Validating first E-fuse MAC
cpsw, usb_ether
Hit any key to stop autoboot:  3  0 
U-Boot# 
U-Boot# 
- 10:13:30 [INFO] Host: 
- 10:13:30 [INFO] Target: 

U-Boot# 
- 10:13:30 [INFO] Host: version
- 10:13:31 [INFO] Target: 
version

U-Boot 2013.10-g78d8ebd (Mar 06 2014 - 13:09:07)
arm-linux-gnueabihf-gcc (crosstool-NG linaro-1.13.1-4.7-2013.03-20130313 - Linaro GCC 2013.03) 4.7.3 20130226 (prerelease)
GNU ld (crosstool-NG linaro-1.13.1-4.7-2013.03-20130313 - Linaro GCC 2013.03) 2.23.1
U-Boot# 
- 10:13:31 [INFO] Host: setenv bootargs 'console=ttyO0,115200n8 earlyprintk rootwait '
- 10:13:31 [INFO] Target: 
setenv bootargs 'console=ttyO0,115200n8 earlyprintk rootwait '
U-Boot# 
- 10:13:31 [INFO] Host: setenv bootcmd  ''
- 10:13:32 [INFO] Target: 
setenv bootcmd  ''
U-Boot# 
- 10:13:32 [INFO] Host: setenv autoload 'no'
- 10:13:32 [INFO] Target: 
setenv autoload 'no'
U-Boot# 
- 10:13:32 [INFO] Host: setenv serverip '192.168.0.1'
- 10:13:33 [INFO] Target: 
setenv serverip '192.168.0.1'
U-Boot# 
- 10:13:33 [INFO] Host: printenv
- 10:13:33 [INFO] Target: 
printenv
arch=arm
autoload=no
baudrate=115200
board=am335x
board_name=A335BONE
board_rev=00A6
boot_fdt=try
boot_targets= mmc0 nand 
bootargs=console=ttyO0,115200n8 earlyprintk rootwait 
bootcmd=
bootcmd_mmc0=setenv devnum 0; setenv rootpart 2; run mmc_boot;
bootcmd_nand=run nandboot;
bootcmd_usb=setenv devnum 0; run usb_boot;
bootdelay=3
bootdir=/boot
bootenv=uEnv.txt
bootfile=zImage
bootpart=0:2
console=ttyO0,115200n8
cpu=armv7
dfu_alt_info_emmc=rawemmc mmc 0 3751936
dfu_alt_info_mmc=boot part 0 1;rootfs part 0 2;MLO fat 0 1;MLO.raw mmc 100 100;u-boot.img.raw mmc 300 400;spl-os-args.raw mmc 80 80;spl-os-image.raw mmc 900 2000;spl-os-args fat 0 1;spl-os-image fat 0 1;u-boot.img fat 0 1;uEnv.txt fat 0 1
dfu_alt_info_nand=NAND.SPL part 0 1;NAND.SPL.backup1 part 0 2;NAND.SPL.backup2 part 0 3;NAND.SPL.backup3 part 0 4;NAND.u-boot-spl-os part 0 5;NAND.u-boot part 0 6;NAND.u-boot-env part 0 7;NAND.u-boot-env.backup1 part 0 8;NAND.kernel part 0 9;NAND.rootfs part 0 10
dfu_alt_info_ram=kernel ram 0x80200000 0xD80000;fdt ram 0x80F80000 0x80000;ramdisk ram 0x81000000 0x4000000
eth1addr=78:c5:e5:d5:61:69
ethact=cpsw
ethaddr=78:c5:e5:d5:61:68
fdt_high=0xa0000000
fdtaddr=0x80F80000
fdtfile=undefined
findfdt=if test $board_name = A335BONE; then setenv fdtfile am335x-bone.dtb; fi; if test $board_name = A335BNLT; then setenv fdtfile am335x-boneblack.dtb; fi; if test $board_name = A33515BB; then setenv fdtfile am335x-evm.dtb; fi; if test $board_name = A335X_SK; then setenv fdtfile am335x-evmsk.dtb; fi; if test $fdtfile = undefined; then echo WARNING: Could not determine device tree to use; fi; 
importbootenv=echo Importing environment from mmc ...; env import -t $loadaddr $filesize
loadaddr=0x80200000
loadbootenv=load mmc ${mmcdev} ${loadaddr} ${bootenv}
loadfdt=load mmc ${bootpart} ${fdtaddr} ${bootdir}/${fdtfile}
loadimage=load mmc ${bootpart} ${loadaddr} ${bootdir}/${bootfile}
loadramdisk=load mmc ${mmcdev} ${rdaddr} ramdisk.gz
mmc_boot=setenv devtype mmc; if mmc dev ${devnum}; then run mmcargs;run scan_boot; run mmcboot;setenv mmcdev 1; setenv bootpart 1:2; run mmcboot;fi
mmcargs=setenv bootargs console=${console} ${optargs} root=${mmcroot} rootfstype=${mmcrootfstype}
mmcboot=mmc dev ${mmcdev}; if mmc rescan; then echo SD/MMC found on device ${mmcdev};if run loadbootenv; then echo Loaded environment from ${bootenv};run importbootenv;fi;if test -n $uenvcmd; then echo Running uenvcmd ...;run uenvcmd;fi;if run loadimage; then run mmcloados;fi;fi;
mmcdev=0
mmcloados=run mmcargs; if test ${boot_fdt} = yes || test ${boot_fdt} = try; then if run loadfdt; then bootz ${loadaddr} - ${fdtaddr}; else if test ${boot_fdt} = try; then bootz; else echo WARN: Cannot load the DT; fi; fi; else bootz; fi;
mmcroot=/dev/mmcblk0p2 ro
mmcrootfstype=ext4 rootwait
mtdids=nand0=nand.0
mtdparts=mtdparts=nand.0:128k(NAND.SPL),128k(NAND.SPL.backup1),128k(NAND.SPL.backup2),128k(NAND.SPL.backup3),256k(NAND.u-boot-spl-os),1m(NAND.u-boot),128k(NAND.u-boot-env),128k(NAND.u-boot-env.backup1),8m(NAND.kernel),-(NAND.rootfs)
nandargs=setenv bootargs console=${console} ${optargs} root=${nandroot} rootfstype=${nandrootfstype}
nandboot=echo Booting from nand ...; run nandargs; nand read ${fdtaddr} NAND.u-boot-spl-os; nand read ${loadaddr} NAND.kernel; bootz ${loadaddr} - ${fdtaddr}
nandroot=ubi0:rootfs rw ubi.mtd=NAND.file-system,2048
nandrootfstype=ubifs rootwait=1
netargs=setenv bootargs console=${console} ${optargs} root=/dev/nfs nfsroot=${serverip}:${rootpath},${nfsopts} rw ip=dhcp
netboot=echo Booting from network ...; setenv autoload no; dhcp; tftp ${loadaddr} ${bootfile}; tftp ${fdtaddr} ${fdtfile}; run netargs; bootz ${loadaddr} - ${fdtaddr}
nfsopts=nolock
partitions=uuid_disk=${uuid_gpt_disk};name=rootfs,start=2MiB,size=-,uuid=${uuid_gpt_rootfs}
ramargs=setenv bootargs console=${console} ${optargs} root=${ramroot} rootfstype=${ramrootfstype}
ramboot=echo Booting from ramdisk ...; run ramargs; bootz ${loadaddr} ${rdaddr} ${fdtaddr}
ramroot=/dev/ram0 rw ramdisk_size=65536 initrd=${rdaddr},64M
ramrootfstype=ext2
rdaddr=0x81000000
rootpart=2
rootpath=/export/rootfs
scan_boot=echo Scanning ${devtype} ${devnum}...; for prefix in ${bootdir}; do for script in ${bootfile}; do run script_boot; done; done;
script_boot=if load ${devtype} ${devnum}:${rootpart} ${loadaddr} ${bootdir}/${bootfile}; then run findfdt; load ${devtype} ${devnum}:${rootpart} ${fdtaddr} ${bootdir}/${fdtfile};fi;
serverip=192.168.0.1
soc=am33xx
spiargs=setenv bootargs console=${console} ${optargs} root=${spiroot} rootfstype=${spirootfstype}
spiboot=echo Booting from spi ...; run spiargs; sf probe ${spibusno}:0; sf read ${loadaddr} ${spisrcaddr} ${spiimgsize}; bootz ${loadaddr}
spibusno=0
spiimgsize=0x362000
spiroot=/dev/mtdblock4 rw
spirootfstype=jffs2
spisrcaddr=0xe0000
static_ip=${ipaddr}:${serverip}:${gatewayip}:${netmask}:${hostname}::off
stderr=serial
stdin=serial
stdout=serial
usb_boot=setenv devtype usb; run usb_init; if usb dev 0; then run usbargs;run scan_boot; bootz ${loadaddr} - ${fdtaddr}; fi
usb_init=usb start 0;
usbargs=setenv bootargs console=${console} ${optargs} root=${usbroot} rootfstype=${usbrootfstype}
usbnet_devaddr=78:c5:e5:d5:61:69
usbroot=/dev/sda2 rw
usbrootfstype=ext4 rootwait
vendor=ti
ver=U-Boot 2013.10-g78d8ebd (Mar 06 2014 - 13:09:07)

Environment size: 5439/131067 bytes
U-Boot# 
- 10:13:33 [INFO] Host: printenv
- 10:13:34 [INFO] Target: 
printenv
arch=arm
autoload=no
baudrate=115200
board=am335x
board_name=A335BONE
board_rev=00A6
boot_fdt=try
boot_targets= mmc0 nand 
bootargs=console=ttyO0,115200n8 earlyprintk rootwait 
bootcmd=
bootcmd_mmc0=setenv devnum 0; setenv rootpart 2; run mmc_boot;
bootcmd_nand=run nandboot;
bootcmd_usb=setenv devnum 0; run usb_boot;
bootdelay=3
bootdir=/boot
bootenv=uEnv.txt
bootfile=zImage
bootpart=0:2
console=ttyO0,115200n8
cpu=armv7
dfu_alt_info_emmc=rawemmc mmc 0 3751936
dfu_alt_info_mmc=boot part 0 1;rootfs part 0 2;MLO fat 0 1;MLO.raw mmc 100 100;u-boot.img.raw mmc 300 400;spl-os-args.raw mmc 80 80;spl-os-image.raw mmc 900 2000;spl-os-args fat 0 1;spl-os-image fat 0 1;u-boot.img fat 0 1;uEnv.txt fat 0 1
dfu_alt_info_nand=NAND.SPL part 0 1;NAND.SPL.backup1 part 0 2;NAND.SPL.backup2 part 0 3;NAND.SPL.backup3 part 0 4;NAND.u-boot-spl-os part 0 5;NAND.u-boot part 0 6;NAND.u-boot-env part 0 7;NAND.u-boot-env.backup1 part 0 8;NAND.kernel part 0 9;NAND.rootfs part 0 10
dfu_alt_info_ram=kernel ram 0x80200000 0xD80000;fdt ram 0x80F80000 0x80000;ramdisk ram 0x81000000 0x4000000
eth1addr=78:c5:e5:d5:61:69
ethact=cpsw
ethaddr=78:c5:e5:d5:61:68
fdt_high=0xa0000000
fdtaddr=0x80F80000
fdtfile=undefined
findfdt=if test $board_name = A335BONE; then setenv fdtfile am335x-bone.dtb; fi; if test $board_name = A335BNLT; then setenv fdtfile am335x-boneblack.dtb; fi; if test $board_name = A33515BB; then setenv fdtfile am335x-evm.dtb; fi; if test $board_name = A335X_SK; then setenv fdtfile am335x-evmsk.dtb; fi; if test $fdtfile = undefined; then echo WARNING: Could not determine device tree to use; fi; 
importbootenv=echo Importing environment from mmc ...; env import -t $loadaddr $filesize
loadaddr=0x80200000
loadbootenv=load mmc ${mmcdev} ${loadaddr} ${bootenv}
loadfdt=load mmc ${bootpart} ${fdtaddr} ${bootdir}/${fdtfile}
loadimage=load mmc ${bootpart} ${loadaddr} ${bootdir}/${bootfile}
loadramdisk=load mmc ${mmcdev} ${rdaddr} ramdisk.gz
mmc_boot=setenv devtype mmc; if mmc dev ${devnum}; then run mmcargs;run scan_boot; run mmcboot;setenv mmcdev 1; setenv bootpart 1:2; run mmcboot;fi
mmcargs=setenv bootargs console=${console} ${optargs} root=${mmcroot} rootfstype=${mmcrootfstype}
mmcboot=mmc dev ${mmcdev}; if mmc rescan; then echo SD/MMC found on device ${mmcdev};if run loadbootenv; then echo Loaded environment from ${bootenv};run importbootenv;fi;if test -n $uenvcmd; then echo Running uenvcmd ...;run uenvcmd;fi;if run loadimage; then run mmcloados;fi;fi;
mmcdev=0
mmcloados=run mmcargs; if test ${boot_fdt} = yes || test ${boot_fdt} = try; then if run loadfdt; then bootz ${loadaddr} - ${fdtaddr}; else if test ${boot_fdt} = try; then bootz; else echo WARN: Cannot load the DT; fi; fi; else bootz; fi;
mmcroot=/dev/mmcblk0p2 ro
mmcrootfstype=ext4 rootwait
mtdids=nand0=nand.0
mtdparts=mtdparts=nand.0:128k(NAND.SPL),128k(NAND.SPL.backup1),128k(NAND.SPL.backup2),128k(NAND.SPL.backup3),256k(NAND.u-boot-spl-os),1m(NAND.u-boot),128k(NAND.u-boot-env),128k(NAND.u-boot-env.backup1),8m(NAND.kernel),-(NAND.rootfs)
nandargs=setenv bootargs console=${console} ${optargs} root=${nandroot} rootfstype=${nandrootfstype}
nandboot=echo Booting from nand ...; run nandargs; nand read ${fdtaddr} NAND.u-boot-spl-os; nand read ${loadaddr} NAND.kernel; bootz ${loadaddr} - ${fdtaddr}
nandroot=ubi0:rootfs rw ubi.mtd=NAND.file-system,2048
nandrootfstype=ubifs rootwait=1
netargs=setenv bootargs console=${console} ${optargs} root=/dev/nfs nfsroot=${serverip}:${rootpath},${nfsopts} rw ip=dhcp
netboot=echo Booting from network ...; setenv autoload no; dhcp; tftp ${loadaddr} ${bootfile}; tftp ${fdtaddr} ${fdtfile}; run netargs; bootz ${loadaddr} - ${fdtaddr}
nfsopts=nolock
partitions=uuid_disk=${uuid_gpt_disk};name=rootfs,start=2MiB,size=-,uuid=${uuid_gpt_rootfs}
ramargs=setenv bootargs console=${console} ${optargs} root=${ramroot} rootfstype=${ramrootfstype}
ramboot=echo Booting from ramdisk ...; run ramargs; bootz ${loadaddr} ${rdaddr} ${fdtaddr}
ramroot=/dev/ram0 rw ramdisk_size=65536 initrd=${rdaddr},64M
ramrootfstype=ext2
rdaddr=0x81000000
rootpart=2
rootpath=/export/rootfs
scan_boot=echo Scanning ${devtype} ${devnum}...; for prefix in ${bootdir}; do for script in ${bootfile}; do run script_boot; done; done;
script_boot=if load ${devtype} ${devnum}:${rootpart} ${loadaddr} ${bootdir}/${bootfile}; then run findfdt; load ${devtype} ${devnum}:${rootpart} ${fdtaddr} ${bootdir}/${fdtfile};fi;
serverip=192.168.0.1
soc=am33xx
spiargs=setenv bootargs console=${console} ${optargs} root=${spiroot} rootfstype=${spirootfstype}
spiboot=echo Booting from spi ...; run spiargs; sf probe ${spibusno}:0; sf read ${loadaddr} ${spisrcaddr} ${spiimgsize}; bootz ${loadaddr}
spibusno=0
spiimgsize=0x362000
spiroot=/dev/mtdblock4 rw
spirootfstype=jffs2
spisrcaddr=0xe0000
static_ip=${ipaddr}:${serverip}:${gatewayip}:${netmask}:${hostname}::off
stderr=serial
stdin=serial
stdout=serial
usb_boot=setenv devtype usb; run usb_init; if usb dev 0; then run usbargs;run scan_boot; bootz ${loadaddr} - ${fdtaddr}; fi
usb_init=usb start 0;
usbargs=setenv bootargs console=${console} ${optargs} root=${usbroot} rootfstype=${usbrootfstype}
usbnet_devaddr=78:c5:e5:d5:61:69
usbroot=/dev/sda2 rw
usbrootfstype=ext4 rootwait
vendor=ti
ver=U-Boot 2013.10-g78d8ebd (Mar 06 2014 - 13:09:07)

Environment size: 5439/131067 bytes
U-Boot# 
- 10:13:34 [INFO] Host: setenv bootargs ''${bootargs}' ip=dhcp '
- 10:13:34 [INFO] Target: 
setenv bootargs ''${bootargs}' ip=dhcp '
U-Boot# 
- 10:13:34 [INFO] Host: setenv ipaddr dhcp
- 10:13:35 [INFO] Target: 
setenv ipaddr dhcp
U-Boot# 
- 10:13:35 [INFO] Host: dhcp
- 10:13:36 [INFO] Target: 
dhcp
link up on port 0, speed 100, full duplex
BOOTP broadcast 1
DHCP client bound to address 192.168.0.195
U-Boot# 
- 10:13:36 [INFO] Host: setenv serverip '192.168.0.1'
- 10:13:37 [INFO] Target: 
setenv serverip '192.168.0.1'
U-Boot# 
- 10:13:37 [INFO] Host: tftp ${loadaddr} 192.168.0.1:vatf_beaglebone/f40257d1ebb40a98bc54facc5f5f092e
- 10:13:38 [INFO] Target: 
tftp ${loadaddr} 192.168.0.1:vatf_beaglebone/f40257d1ebb40a98bc54facc5f5f092e
link up on port 0, speed 100, full duplex
Using cpsw device
TFTP from server 192.168.0.1; our IP address is 192.168.0.195
Filename 'vatf_beaglebone/f40257d1ebb40a98bc54facc5f5f092e'.
Load address: 0x80200000
Loading: *#################################################################
	 #################################################################
	 #################################################################
	 #################################################################
	 ###########################################################
	 5.6 MiB/s
done
Bytes transferred = 4678984 (476548 hex)
U-Boot# 
- 10:13:38 [INFO] Host: tftp ${fdtaddr} 192.168.0.1:vatf_beaglebone/7b9a9e276ee95cd3a80cde21ac19c483
- 10:13:38 [INFO] Target: 
tftp ${fdtaddr} 192.168.0.1:vatf_beaglebone/7b9a9e276ee95cd3a80cde21ac19c483
link up on port 0, speed 100, full duplex
Using cpsw device
TFTP from server 192.168.0.1; our IP address is 192.168.0.195
Filename 'vatf_beaglebone/7b9a9e276ee95cd3a80cde21ac19c483'.
Load address: 0x80f80000
Loading: *##
	 4.6 MiB/s
done
Bytes transferred = 28869 (70c5 hex)
U-Boot# 
- 10:13:38 [INFO] Host: printenv
- 10:13:39 [INFO] Target: 
printenv
arch=arm
autoload=no
baudrate=115200
board=am335x
board_name=A335BONE
board_rev=00A6
boot_fdt=try
boot_targets= mmc0 nand 
bootargs=console=ttyO0,115200n8 earlyprintk rootwait ip=dhcp
bootcmd=
bootcmd_mmc0=setenv devnum 0; setenv rootpart 2; run mmc_boot;
bootcmd_nand=run nandboot;
bootcmd_usb=setenv devnum 0; run usb_boot;
bootdelay=3
bootdir=/boot
bootenv=uEnv.txt
bootfile=zImage
bootpart=0:2
console=ttyO0,115200n8
cpu=armv7
dfu_alt_info_emmc=rawemmc mmc 0 3751936
dfu_alt_info_mmc=boot part 0 1;rootfs part 0 2;MLO fat 0 1;MLO.raw mmc 100 100;u-boot.img.raw mmc 300 400;spl-os-args.raw mmc 80 80;spl-os-image.raw mmc 900 2000;spl-os-args fat 0 1;spl-os-image fat 0 1;u-boot.img fat 0 1;uEnv.txt fat 0 1
dfu_alt_info_nand=NAND.SPL part 0 1;NAND.SPL.backup1 part 0 2;NAND.SPL.backup2 part 0 3;NAND.SPL.backup3 part 0 4;NAND.u-boot-spl-os part 0 5;NAND.u-boot part 0 6;NAND.u-boot-env part 0 7;NAND.u-boot-env.backup1 part 0 8;NAND.kernel part 0 9;NAND.rootfs part 0 10
dfu_alt_info_ram=kernel ram 0x80200000 0xD80000;fdt ram 0x80F80000 0x80000;ramdisk ram 0x81000000 0x4000000
dnsip=192.0.2.2
dnsip2=192.0.2.3
eth1addr=78:c5:e5:d5:61:69
ethact=cpsw
ethaddr=78:c5:e5:d5:61:68
fdt_high=0xa0000000
fdtaddr=0x80F80000
fdtfile=undefined
fileaddr=80f80000
filesize=70c5
findfdt=if test $board_name = A335BONE; then setenv fdtfile am335x-bone.dtb; fi; if test $board_name = A335BNLT; then setenv fdtfile am335x-boneblack.dtb; fi; if test $board_name = A33515BB; then setenv fdtfile am335x-evm.dtb; fi; if test $board_name = A335X_SK; then setenv fdtfile am335x-evmsk.dtb; fi; if test $fdtfile = undefined; then echo WARNING: Could not determine device tree to use; fi; 
gatewayip=192.168.0.1
importbootenv=echo Importing environment from mmc ...; env import -t $loadaddr $filesize
ipaddr=192.168.0.195
loadaddr=0x80200000
loadbootenv=load mmc ${mmcdev} ${loadaddr} ${bootenv}
loadfdt=load mmc ${bootpart} ${fdtaddr} ${bootdir}/${fdtfile}
loadimage=load mmc ${bootpart} ${loadaddr} ${bootdir}/${bootfile}
loadramdisk=load mmc ${mmcdev} ${rdaddr} ramdisk.gz
mmc_boot=setenv devtype mmc; if mmc dev ${devnum}; then run mmcargs;run scan_boot; run mmcboot;setenv mmcdev 1; setenv bootpart 1:2; run mmcboot;fi
mmcargs=setenv bootargs console=${console} ${optargs} root=${mmcroot} rootfstype=${mmcrootfstype}
mmcboot=mmc dev ${mmcdev}; if mmc rescan; then echo SD/MMC found on device ${mmcdev};if run loadbootenv; then echo Loaded environment from ${bootenv};run importbootenv;fi;if test -n $uenvcmd; then echo Running uenvcmd ...;run uenvcmd;fi;if run loadimage; then run mmcloados;fi;fi;
mmcdev=0
mmcloados=run mmcargs; if test ${boot_fdt} = yes || test ${boot_fdt} = try; then if run loadfdt; then bootz ${loadaddr} - ${fdtaddr}; else if test ${boot_fdt} = try; then bootz; else echo WARN: Cannot load the DT; fi; fi; else bootz; fi;
mmcroot=/dev/mmcblk0p2 ro
mmcrootfstype=ext4 rootwait
mtdids=nand0=nand.0
mtdparts=mtdparts=nand.0:128k(NAND.SPL),128k(NAND.SPL.backup1),128k(NAND.SPL.backup2),128k(NAND.SPL.backup3),256k(NAND.u-boot-spl-os),1m(NAND.u-boot),128k(NAND.u-boot-env),128k(NAND.u-boot-env.backup1),8m(NAND.kernel),-(NAND.rootfs)
nandargs=setenv bootargs console=${console} ${optargs} root=${nandroot} rootfstype=${nandrootfstype}
nandboot=echo Booting from nand ...; run nandargs; nand read ${fdtaddr} NAND.u-boot-spl-os; nand read ${loadaddr} NAND.kernel; bootz ${loadaddr} - ${fdtaddr}
nandroot=ubi0:rootfs rw ubi.mtd=NAND.file-system,2048
nandrootfstype=ubifs rootwait=1
netargs=setenv bootargs console=${console} ${optargs} root=/dev/nfs nfsroot=${serverip}:${rootpath},${nfsopts} rw ip=dhcp
netboot=echo Booting from network ...; setenv autoload no; dhcp; tftp ${loadaddr} ${bootfile}; tftp ${fdtaddr} ${fdtfile}; run netargs; bootz ${loadaddr} - ${fdtaddr}
netmask=255.255.255.0
nfsopts=nolock
partitions=uuid_disk=${uuid_gpt_disk};name=rootfs,start=2MiB,size=-,uuid=${uuid_gpt_rootfs}
ramargs=setenv bootargs console=${console} ${optargs} root=${ramroot} rootfstype=${ramrootfstype}
ramboot=echo Booting from ramdisk ...; run ramargs; bootz ${loadaddr} ${rdaddr} ${fdtaddr}
ramroot=/dev/ram0 rw ramdisk_size=65536 initrd=${rdaddr},64M
ramrootfstype=ext2
rdaddr=0x81000000
rootpart=2
rootpath=/export/rootfs
scan_boot=echo Scanning ${devtype} ${devnum}...; for prefix in ${bootdir}; do for script in ${bootfile}; do run script_boot; done; done;
script_boot=if load ${devtype} ${devnum}:${rootpart} ${loadaddr} ${bootdir}/${bootfile}; then run findfdt; load ${devtype} ${devnum}:${rootpart} ${fdtaddr} ${bootdir}/${fdtfile};fi;
serverip=192.168.0.1
soc=am33xx
spiargs=setenv bootargs console=${console} ${optargs} root=${spiroot} rootfstype=${spirootfstype}
spiboot=echo Booting from spi ...; run spiargs; sf probe ${spibusno}:0; sf read ${loadaddr} ${spisrcaddr} ${spiimgsize}; bootz ${loadaddr}
spibusno=0
spiimgsize=0x362000
spiroot=/dev/mtdblock4 rw
spirootfstype=jffs2
spisrcaddr=0xe0000
static_ip=${ipaddr}:${serverip}:${gatewayip}:${netmask}:${hostname}::off
stderr=serial
stdin=serial
stdout=serial
usb_boot=setenv devtype usb; run usb_init; if usb dev 0; then run usbargs;run scan_boot; bootz ${loadaddr} - ${fdtaddr}; fi
usb_init=usb start 0;
usbargs=setenv bootargs console=${console} ${optargs} root=${usbroot} rootfstype=${usbrootfstype}
usbnet_devaddr=78:c5:e5:d5:61:69
usbroot=/dev/sda2 rw
usbrootfstype=ext4 rootwait
vendor=ti
ver=U-Boot 2013.10-g78d8ebd (Mar 06 2014 - 13:09:07)

Environment size: 5590/131067 bytes
U-Boot# 
- 10:13:39 [INFO] Host: setenv bootargs ''${bootargs}' root=/dev/mmcblk0p2 rw rootfstype=ext3 rootwait '
- 10:13:39 [INFO] Target: 
setenv bootargs ''${bootargs}' root=/dev/mmcblk0p2 rw rootfstype=ext3 rootwait '
U-Boot# 
- 10:13:39 [INFO] Host: printenv
- 10:13:40 [INFO] Target: 
printenv
arch=arm
autoload=no
baudrate=115200
board=am335x
board_name=A335BONE
board_rev=00A6
boot_fdt=try
boot_targets= mmc0 nand 
bootargs=console=ttyO0,115200n8 earlyprintk rootwait ip=dhcp root=/dev/mmcblk0p2 rw rootfstype=ext3 rootwait
bootcmd=
bootcmd_mmc0=setenv devnum 0; setenv rootpart 2; run mmc_boot;
bootcmd_nand=run nandboot;
bootcmd_usb=setenv devnum 0; run usb_boot;
bootdelay=3
bootdir=/boot
bootenv=uEnv.txt
bootfile=zImage
bootpart=0:2
console=ttyO0,115200n8
cpu=armv7
dfu_alt_info_emmc=rawemmc mmc 0 3751936
dfu_alt_info_mmc=boot part 0 1;rootfs part 0 2;MLO fat 0 1;MLO.raw mmc 100 100;u-boot.img.raw mmc 300 400;spl-os-args.raw mmc 80 80;spl-os-image.raw mmc 900 2000;spl-os-args fat 0 1;spl-os-image fat 0 1;u-boot.img fat 0 1;uEnv.txt fat 0 1
dfu_alt_info_nand=NAND.SPL part 0 1;NAND.SPL.backup1 part 0 2;NAND.SPL.backup2 part 0 3;NAND.SPL.backup3 part 0 4;NAND.u-boot-spl-os part 0 5;NAND.u-boot part 0 6;NAND.u-boot-env part 0 7;NAND.u-boot-env.backup1 part 0 8;NAND.kernel part 0 9;NAND.rootfs part 0 10
dfu_alt_info_ram=kernel ram 0x80200000 0xD80000;fdt ram 0x80F80000 0x80000;ramdisk ram 0x81000000 0x4000000
dnsip=192.0.2.2
dnsip2=192.0.2.3
eth1addr=78:c5:e5:d5:61:69
ethact=cpsw
ethaddr=78:c5:e5:d5:61:68
fdt_high=0xa0000000
fdtaddr=0x80F80000
fdtfile=undefined
fileaddr=80f80000
filesize=70c5
findfdt=if test $board_name = A335BONE; then setenv fdtfile am335x-bone.dtb; fi; if test $board_name = A335BNLT; then setenv fdtfile am335x-boneblack.dtb; fi; if test $board_name = A33515BB; then setenv fdtfile am335x-evm.dtb; fi; if test $board_name = A335X_SK; then setenv fdtfile am335x-evmsk.dtb; fi; if test $fdtfile = undefined; then echo WARNING: Could not determine device tree to use; fi; 
gatewayip=192.168.0.1
importbootenv=echo Importing environment from mmc ...; env import -t $loadaddr $filesize
ipaddr=192.168.0.195
loadaddr=0x80200000
loadbootenv=load mmc ${mmcdev} ${loadaddr} ${bootenv}
loadfdt=load mmc ${bootpart} ${fdtaddr} ${bootdir}/${fdtfile}
loadimage=load mmc ${bootpart} ${loadaddr} ${bootdir}/${bootfile}
loadramdisk=load mmc ${mmcdev} ${rdaddr} ramdisk.gz
mmc_boot=setenv devtype mmc; if mmc dev ${devnum}; then run mmcargs;run scan_boot; run mmcboot;setenv mmcdev 1; setenv bootpart 1:2; run mmcboot;fi
mmcargs=setenv bootargs console=${console} ${optargs} root=${mmcroot} rootfstype=${mmcrootfstype}
mmcboot=mmc dev ${mmcdev}; if mmc rescan; then echo SD/MMC found on device ${mmcdev};if run loadbootenv; then echo Loaded environment from ${bootenv};run importbootenv;fi;if test -n $uenvcmd; then echo Running uenvcmd ...;run uenvcmd;fi;if run loadimage; then run mmcloados;fi;fi;
mmcdev=0
mmcloados=run mmcargs; if test ${boot_fdt} = yes || test ${boot_fdt} = try; then if run loadfdt; then bootz ${loadaddr} - ${fdtaddr}; else if test ${boot_fdt} = try; then bootz; else echo WARN: Cannot load the DT; fi; fi; else bootz; fi;
mmcroot=/dev/mmcblk0p2 ro
mmcrootfstype=ext4 rootwait
mtdids=nand0=nand.0
mtdparts=mtdparts=nand.0:128k(NAND.SPL),128k(NAND.SPL.backup1),128k(NAND.SPL.backup2),128k(NAND.SPL.backup3),256k(NAND.u-boot-spl-os),1m(NAND.u-boot),128k(NAND.u-boot-env),128k(NAND.u-boot-env.backup1),8m(NAND.kernel),-(NAND.rootfs)
nandargs=setenv bootargs console=${console} ${optargs} root=${nandroot} rootfstype=${nandrootfstype}
nandboot=echo Booting from nand ...; run nandargs; nand read ${fdtaddr} NAND.u-boot-spl-os; nand read ${loadaddr} NAND.kernel; bootz ${loadaddr} - ${fdtaddr}
nandroot=ubi0:rootfs rw ubi.mtd=NAND.file-system,2048
nandrootfstype=ubifs rootwait=1
netargs=setenv bootargs console=${console} ${optargs} root=/dev/nfs nfsroot=${serverip}:${rootpath},${nfsopts} rw ip=dhcp
netboot=echo Booting from network ...; setenv autoload no; dhcp; tftp ${loadaddr} ${bootfile}; tftp ${fdtaddr} ${fdtfile}; run netargs; bootz ${loadaddr} - ${fdtaddr}
netmask=255.255.255.0
nfsopts=nolock
partitions=uuid_disk=${uuid_gpt_disk};name=rootfs,start=2MiB,size=-,uuid=${uuid_gpt_rootfs}
ramargs=setenv bootargs console=${console} ${optargs} root=${ramroot} rootfstype=${ramrootfstype}
ramboot=echo Booting from ramdisk ...; run ramargs; bootz ${loadaddr} ${rdaddr} ${fdtaddr}
ramroot=/dev/ram0 rw ramdisk_size=65536 initrd=${rdaddr},64M
ramrootfstype=ext2
rdaddr=0x81000000
rootpart=2
rootpath=/export/rootfs
scan_boot=echo Scanning ${devtype} ${devnum}...; for prefix in ${bootdir}; do for script in ${bootfile}; do run script_boot; done; done;
script_boot=if load ${devtype} ${devnum}:${rootpart} ${loadaddr} ${bootdir}/${bootfile}; then run findfdt; load ${devtype} ${devnum}:${rootpart} ${fdtaddr} ${bootdir}/${fdtfile};fi;
serverip=192.168.0.1
soc=am33xx
spiargs=setenv bootargs console=${console} ${optargs} root=${spiroot} rootfstype=${spirootfstype}
spiboot=echo Booting from spi ...; run spiargs; sf probe ${spibusno}:0; sf read ${loadaddr} ${spisrcaddr} ${spiimgsize}; bootz ${loadaddr}
spibusno=0
spiimgsize=0x362000
spiroot=/dev/mtdblock4 rw
spirootfstype=jffs2
spisrcaddr=0xe0000
static_ip=${ipaddr}:${serverip}:${gatewayip}:${netmask}:${hostname}::off
stderr=serial
stdin=serial
stdout=serial
usb_boot=setenv devtype usb; run usb_init; if usb dev 0; then run usbargs;run scan_boot; bootz ${loadaddr} - ${fdtaddr}; fi
usb_init=usb start 0;
usbargs=setenv bootargs console=${console} ${optargs} root=${usbroot} rootfstype=${usbrootfstype}
usbnet_devaddr=78:c5:e5:d5:61:69
usbroot=/dev/sda2 rw
usbrootfstype=ext4 rootwait
vendor=ti
ver=U-Boot 2013.10-g78d8ebd (Mar 06 2014 - 13:09:07)

Environment size: 5638/131067 bytes
U-Boot# 
- 10:13:40 [INFO] Host: setenv bootcmd ''${bootcmd}' if iminfo ${loadaddr}; then bootm ${loadaddr} - ${fdtaddr}; else bootz ${loadaddr} - ${fdtaddr}; bootm ${loadaddr} - ${fdtaddr}; fi'
- 10:13:40 [INFO] Target: 
setenv bootcmd ''${bootcmd}' if iminfo ${loadaddr}; then bootm ${loadaddr} - ${fdtaddr}; else bootz ${loadaddr} - ${fdtaddr}; bootm ${loadaddr} - ${fdtaddr}; fi'
U-Boot# 
- 10:13:40 [INFO] Host: bdinfo
- 10:13:41 [INFO] Target: 
bdinfo
arch_number = 0x00000E05
boot_params = 0x80000100
DRAM bank   = 0x00000000
-> start    = 0x80000000
-> size     = 0x10000000
eth0name    = cpsw
ethaddr     = 78:c5:e5:d5:61:68
eth1name    = usb_ether
eth1addr    = 78:c5:e5:d5:61:69
current eth = cpsw
ip_addr     = 192.168.0.195
baudrate    = 115200 bps
TLB addr    = 0x8FFF0000
relocaddr   = 0x8F74E000
reloc off   = 0x0EF4E000
irq_sp      = 0x8F32DF38
sp start    = 0x8F32DF28
U-Boot# 
- 10:13:41 [INFO] Host: boot
- 10:16:11 [ERROR] On command: boot waiting for (?-mix:login:) >>> error: execution expired
- 10:16:11 [INFO] Target: 
boot

## Checking Image at 80200000 ...
Unknown image format!
Kernel image @ 0x80200000 [ 0x000000 - 0x476548 ]
## Flattened Device Tree blob at 80f80000
   Booting using the fdt blob at 0x80f80000
   Loading Device Tree to 8f322000, end 8f32c0c4 ... OK

Starting kernel ...

[    0.000000] Booting Linux on physical CPU 0x0
[    0.000000] Linux version 3.15.0-rc5-next-20140520-00002-gd5602f4 (nmenon@kahuna) (gcc version 4.6.3 (Ubuntu/Linaro 4.6.3-1ubuntu5) ) #1 SMP Tue May 20 09:09:46 CDT 2014
[    0.000000] CPU: ARMv7 Processor [413fc082] revision 2 (ARMv7), cr=10c5387d
[    0.000000] CPU: PIPT / VIPT nonaliasing data cache, VIPT aliasing instruction cache
[    0.000000] Machine model: TI AM335x BeagleBone
[    0.000000] cma: CMA: reserved 64 MiB at 8b000000
[    0.000000] Memory policy: Data cache writeback
[    0.000000] CPU: All CPU(s) started in SVC mode.
[    0.000000] AM335X ES1.0 (sgx neon )
[    0.000000] PERCPU: Embedded 7 pages/cpu @cfcb8000 s7744 r8192 d12736 u32768
[    0.000000] Built 1 zonelists in Zone order, mobility grouping on.  Total pages: 64768
[    0.000000] Kernel command line: console=ttyO0,115200n8 earlyprintk rootwait ip=dhcp root=/dev/mmcblk0p2 rw rootfstype=ext3 rootwait
[    0.000000] PID hash table entries: 1024 (order: 0, 4096 bytes)
[    0.000000] Dentry cache hash table entries: 32768 (order: 5, 131072 bytes)
[    0.000000] Inode-cache hash table entries: 16384 (order: 4, 65536 bytes)
[    0.000000] Memory: 182836K/261120K available (6090K kernel code, 810K rwdata, 2424K rodata, 555K init, 290K bss, 78284K reserved, 0K highmem)
[    0.000000] Virtual kernel memory layout:
[    0.000000]     vector  : 0xffff0000 - 0xffff1000   (   4 kB)
[    0.000000]     fixmap  : 0xffc00000 - 0xffe00000   (2048 kB)
[    0.000000]     vmalloc : 0xd0800000 - 0xff000000   ( 744 MB)
[    0.000000]     lowmem  : 0xc0000000 - 0xd0000000   ( 256 MB)
[    0.000000]     pkmap   : 0xbfe00000 - 0xc0000000   (   2 MB)
[    0.000000]     modules : 0xbf000000 - 0xbfe00000   (  14 MB)
[    0.000000]       .text : 0xc0208000 - 0xc0a58c80   (8516 kB)
[    0.000000]       .init : 0xc0a59000 - 0xc0ae3e40   ( 556 kB)
[    0.000000]       .data : 0xc0ae4000 - 0xc0baea60   ( 811 kB)
[    0.000000]        .bss : 0xc0baea68 - 0xc0bf72c8   ( 291 kB)
[    0.000000] SLUB: HWalign=64, Order=0-3, MinObjects=0, CPUs=1, Nodes=1
[    0.000000] Hierarchical RCU implementation.
[    0.000000] 	RCU restricting CPUs from NR_CPUS=4 to nr_cpu_ids=1.
[    0.000000] RCU: Adjusting geometry for rcu_fanout_leaf=16, nr_cpu_ids=1
[    0.000000] NR_IRQS:16 nr_irqs:16 16
[    0.000000] IRQ: Found an INTC at 0xfa200000 (revision 5.0) with 128 interrupts
[    0.000000] Total of 128 interrupts on 1 active controller
[    0.000000] OMAP clockevent source: timer2 at 24000000 Hz
[    0.000014] sched_clock: 32 bits at 24MHz, resolution 41ns, wraps every 178956969942ns
[    0.000038] OMAP clocksource: timer1 at 24000000 Hz
[    0.000241] Console: colour dummy device 80x30
[    0.000278] Calibrating delay loop... 718.02 BogoMIPS (lpj=3590144)
[    0.119342] pid_max: default: 32768 minimum: 301
[    0.119520] Mount-cache hash table entries: 1024 (order: 0, 4096 bytes)
[    0.119533] Mountpoint-cache hash table entries: 1024 (order: 0, 4096 bytes)
[    0.120254] CPU: Testing write buffer coherency: ok
[    0.120619] CPU0: thread -1, cpu 0, socket -1, mpidr 0
[    0.120730] Setting up static identity map for 0x807c1d48 - 0x807c1de0
[    0.123052] Brought up 1 CPUs
[    0.123069] SMP: Total of 1 processors activated.
[    0.123079] CPU: All CPU(s) started in SVC mode.
[    0.123784] devtmpfs: initialized
[    0.128239] VFP support v0.3: implementor 41 architecture 3 part 30 variant c rev 3
[    0.140758] omap_hwmod: tptc0 using broken dt data from edma
[    0.140900] omap_hwmod: tptc1 using broken dt data from edma
[    0.141051] omap_hwmod: tptc2 using broken dt data from edma
[    0.145904] omap_hwmod: debugss: _wait_target_disable failed
[    0.201890] pinctrl core: initialized pinctrl subsystem
[    0.202523] regulator-dummy: no parameters
[    0.217543] NET: Registered protocol family 16
[    0.220584] DMA: preallocated 256 KiB pool for atomic coherent allocations
[    0.222631] cpuidle: using governor ladder
[    0.222655] cpuidle: using governor menu
[    0.231646] platform 49000000.edma: alias fck already exists
[    0.231680] platform 49000000.edma: alias fck already exists
[    0.231697] platform 49000000.edma: alias fck already exists
[    0.232613] OMAP GPIO hardware version 0.1
[    0.240455] No ATAGs?
[    0.243687] Serial: AMBA PL011 UART driver
[    0.265357] edma-dma-engine edma-dma-engine.0: TI EDMA DMA engine driver
[    0.266121] vmmcsd_fixed: 3300 mV 
[    0.268255] vgaarb: loaded
[    0.269059] SCSI subsystem initialized
[    0.269934] usbcore: registered new interface driver usbfs
[    0.270030] usbcore: registered new interface driver hub
[    0.270354] usbcore: registered new device driver usb
[    0.271044] omap_i2c 44e0b000.i2c: could not find pctldev for node /pinmux@44e10800/pinmux_i2c0_pins, deferring probe
[    0.271077] platform 44e0b000.i2c: Driver omap_i2c requests probe deferral
[    0.271332] Linux video capture interface: v2.00
[    0.271412] pps_core: LinuxPPS API ver. 1 registered
[    0.271422] pps_core: Software ver. 5.3.6 - Copyright 2005-2007 Rodolfo Giometti <giometti@linux.it>
[    0.271459] PTP clock support registered
[    0.271561] EDAC MC: Ver: 3.0.0
[    0.272609] Advanced Linux Sound Architecture Driver Initialized.
[    0.274164] Switched to clocksource timer1
[    0.287327] NET: Registered protocol family 2
[    0.288034] TCP established hash table entries: 2048 (order: 1, 8192 bytes)
[    0.288078] TCP bind hash table entries: 2048 (order: 2, 16384 bytes)
[    0.288124] TCP: Hash tables configured (established 2048 bind 2048)
[    0.288211] TCP: reno registered
[    0.288228] UDP hash table entries: 256 (order: 1, 8192 bytes)
[    0.288255] UDP-Lite hash table entries: 256 (order: 1, 8192 bytes)
[    0.288481] NET: Registered protocol family 1
[    0.288947] RPC: Registered named UNIX socket transport module.
[    0.288962] RPC: Registered udp transport module.
[    0.288971] RPC: Registered tcp transport module.
[    0.288980] RPC: Registered tcp NFSv4.1 backchannel transport module.
[    0.291753] futex hash table entries: 256 (order: 2, 16384 bytes)
[    0.306802] squashfs: version 4.0 (2009/01/31) Phillip Lougher
[    0.307835] NFS: Registering the id_resolver key type
[    0.307915] Key type id_resolver registered
[    0.307926] Key type id_legacy registered
[    0.308005] msgmni has been set to 485
[    0.308880] Block layer SCSI generic (bsg) driver version 0.4 loaded (major 249)
[    0.308907] io scheduler noop registered
[    0.308923] io scheduler deadline registered
[    0.309172] io scheduler cfq registered (default)
[    0.310573] pinctrl-single 44e10800.pinmux: 142 pins at pa f9e10800 size 568
[    0.391199] Serial: 8250/16550 driver, 4 ports, IRQ sharing disabled
[    0.393489] Serial: IMX driver
[    0.393873] msm_serial: driver initialized
[    0.394543] omap_uart 44e09000.serial: no wakeirq for uart0
[    0.394758] 44e09000.serial: ttyO0 at MMIO 0x44e09000 (irq = 88, base_baud = 3000000) is a OMAP UART0
[    1.040698] console [ttyO0] enabled
[    1.045021] STMicroelectronics ASC driver initialized
[    1.051099] serial: Freescale lpuart driver
[    1.055782] [drm] Initialized drm 1.1.0 20060810
[    1.066726] loop: module loaded
[    1.075214] pegasus: v0.9.3 (2013/04/25), Pegasus/Pegasus II USB Ethernet driver
[    1.083079] usbcore: registered new interface driver pegasus
[    1.089162] usbcore: registered new interface driver asix
[    1.094923] usbcore: registered new interface driver ax88179_178a
[    1.101381] usbcore: registered new interface driver cdc_ether
[    1.107614] usbcore: registered new interface driver smsc75xx
[    1.113744] usbcore: registered new interface driver smsc95xx
[    1.119862] usbcore: registered new interface driver net1080
[    1.125888] usbcore: registered new interface driver cdc_subset
[    1.132164] usbcore: registered new interface driver zaurus
[    1.138186] usbcore: registered new interface driver cdc_ncm
[    1.144197] ehci_hcd: USB 2.0 'Enhanced' Host Controller (EHCI) Driver
[    1.151055] ehci-pci: EHCI PCI platform driver
[    1.155820] ehci-platform: EHCI generic platform driver
[    1.161490] ehci-omap: OMAP-EHCI Host Controller driver
[    1.167128] ehci-orion: EHCI orion driver
[    1.171446] SPEAr-ehci: EHCI SPEAr driver
[    1.175794] tegra-ehci: Tegra EHCI driver
[    1.180636] usbcore: registered new interface driver usb-storage
[    1.188787] mousedev: PS/2 mouse device common for all mice
[    1.196796] i2c /dev entries driver
[    1.201158] usbcore: registered new interface driver uvcvideo
[    1.207241] USB Video Class driver (1.1.1)
[    1.211521] gspca_main: v2.14.0 registered
[    1.217561] sdhci: Secure Digital Host Controller Interface driver
[    1.224014] sdhci: Copyright(c) Pierre Ossman
[    1.229740] omap_hsmmc 48060000.mmc: unable to get vmmc regulator -517
[    1.236782] platform 48060000.mmc: Driver omap_hsmmc requests probe deferral
[    1.244605] sdhci-pltfm: SDHCI platform and OF driver helper
[    1.251264] usbcore: registered new interface driver usbhid
[    1.257128] usbhid: USB HID core driver
[    1.265707] TCP: cubic registered
[    1.269197] NET: Registered protocol family 17
[    1.274230] Key type dns_resolver registered
[    1.279578] ThumbEE CPU extension supported.
[    1.284078] Registering SWP/SWPB emulation handler
[    1.290103] vmmcsd_fixed: disabling
[    1.297312] omap_i2c 44e0b000.i2c: bus 0 rev0.11 at 400 kHz
[    1.304728] omap_hsmmc 48060000.mmc: unable to get vmmc regulator -517
[    1.311693] platform 48060000.mmc: Driver omap_hsmmc requests probe deferral
[    1.384185] davinci_mdio 4a101000.mdio: davinci mdio revision 1.6
[    1.390562] davinci_mdio 4a101000.mdio: detected phy mask fffffffe
[    1.397868] libphy: 4a101000.mdio: probed
[    1.402068] davinci_mdio 4a101000.mdio: phy[0]: device 4a101000.mdio:00, driver unknown
[    1.411581] cpsw 4a100000.ethernet: Detected MACID = 78:c5:e5:d5:61:68
[    1.419896] drivers/rtc/hctosys.c: unable to open rtc device (rtc0)
[    1.431339] net eth0: initializing cpsw version 1.12 (0)
[    1.440441] omap_hsmmc 48060000.mmc: unable to get vmmc regulator -517
[    1.447531] platform 48060000.mmc: Driver omap_hsmmc requests probe deferral
[    1.514562] net eth0: phy found : id is : 0x7c0f1
[    1.519569] libphy: PHY 4a101000.mdio:01 not found
[    1.524599] net eth0: phy 4a101000.mdio:01 not found on slave 1
[    4.514837] cpsw 4a100000.ethernet eth0: Link is Up - 100Mbps/Full - flow control rx/tx
[    4.534179] Sending DHCP requests ., OK
[    4.584631] IP-Config: Got DHCP answer from 192.168.0.1, my address is 192.168.0.195
[    4.592908] IP-Config: Complete:
[    4.596336]      device=eth0, hwaddr=78:c5:e5:d5:61:68, ipaddr=192.168.0.195, mask=255.255.255.0, gw=192.168.0.1
[    4.606970]      host=192.168.0.195, domain=tim.com, nis-domain=(none)
[    4.613780]      bootserver=192.168.0.1, rootserver=192.168.0.1, rootpath=
[    4.620783]      nameserver0=192.0.2.2, nameserver1=192.0.2.3
[    4.627208] ALSA device list:
[    4.630302]   No soundcards found.
[    4.634935] Waiting for root device /dev/mmcblk0p2...

