- 02:31:07 [INFO] Starting target session
- 02:31:07 [INFO] Connected to beagleboard via serial 
- 02:31:07 [INFO] Host: #check prompt
- 02:31:10 [ERROR] On command: #check prompt waiting for #check prompt.+?(?-mix:((?-mix:.*\s+login)|[Pp]assword)) >>> error: execution expired
- 02:31:10 [INFO] Target: 
#check prompt
root@GenericOMAP36xx(FlattenedDeviceTree):/test# 
- 02:31:10 [INFO] Host: #check prompt
- 02:31:11 [INFO] Target: 
#check prompt
root@GenericOMAP36xx(FlattenedDeviceTree):/test# 
- 02:31:11 [INFO] Host: sync;poweroff
- 02:31:30 [INFO] Target: 
sync;poweroff
Broadcast message from root@GenericOMAP36xx(FlattenedDeviceTree) (ttyO2) (Wed
The system is going down for system halt NOW!
INIT: Switching to runlevel: 0
5root@GenericOMAP36xx(FlattenedDeviceTree):/test#
INIT: Sending processes the TERM signal
INIT: Sending processes the KILL sStopping Dropbear SSH server: stopped /usr/sbin/dropbear (pid 670)
dropbear.
Stopping telnet daemon.
Stopping system message bus: hwclock: can't open '/dev/misc/rtc': No such file or directory
Error opening /dev/fb0: No such file or directory
Stopping syslogd/klogd: stopped syslogd (pid 682)
stopped klogd (pid 685)
done
Stopping thttpd.
ALSA: Storing mixer settings...
/usr/sbin/alsactl: save_state:1580: No soundcards found...
Deconfiguring network interfaces... ifdown: interface eth0 not configured
done.
Stopping Lighttpd Web Server: stopped /usr/sbin/lighttpd (pid 696)
lighttpd.
***************************************************************
***************************************************************
NOTICE: This file system contains the followin GPLv3 packages:
	binutils-symlinks
	binutils
	gdbserver
	parted
If you do not wish to distribute GPLv3 components please remove
the above packages prior to distribution.  This can be done using
the opkg remove command.  i.e.:
    opkg remove <package>
Where <package> is the name printed in the list above
NOTE: If the package is a dependency of another package you
      will be notified of the dependent packages.  You should
      use the --force-removal-of-dependent-packages option to
      also remove the dependent packages as well
***************************************************************
***************************************************************
Sending all processes the TERM signal...
Sending all processes the KILL signal...
Unmounting remote filesystems...
Deactivating swap...
Unmounting local filesystems...
[ 1359.412139] reboot: Power down
[ 1359.415527] ------------[ cut here ]------------
[ 1359.420410] WARNING: CPU: 0 PID: 822 at kernel/locking/lockdep.c:2741 lockdep_trace_alloc+0xec/0x10c()
[ 1359.430236] DEBUG_LOCKS_WARN_ON(irqs_disabled_flags(flags))
[ 1359.435943] Modules linked in:
[ 1359.439361] CPU: 0 PID: 822 Comm: halt Not tainted 4.0.0-00002-g6a935438826e #1
[ 1359.447082] Hardware name: Generic OMAP36xx (Flattened Device Tree)
[ 1359.453704] [<c001547c>] (unwind_backtrace) from [<c0011a94>] (show_stack+0x10/0x14)
[ 1359.461883] [<c0011a94>] (show_stack) from [<c058e168>] (dump_stack+0x78/0x94)
[ 1359.469543] [<c058e168>] (dump_stack) from [<c003db64>] (warn_slowpath_common+0x7c/0xb4)
[ 1359.478088] [<c003db64>] (warn_slowpath_common) from [<c003dc30>] (warn_slowpath_fmt+0x30/0x40)
[ 1359.487274] [<c003dc30>] (warn_slowpath_fmt) from [<c00854bc>] (lockdep_trace_alloc+0xec/0x10c)
[ 1359.496429] [<c00854bc>] (lockdep_trace_alloc) from [<c013d418>] (__kmalloc_track_caller+0x40/0x258)
[ 1359.506103] [<c013d418>] (__kmalloc_track_caller) from [<c0119028>] (kmemdup+0x1c/0x38)
[ 1359.514556] [<c0119028>] (kmemdup) from [<c03be4d8>] (regmap_bulk_write+0x74/0x19c)
[ 1359.522644] [<c03be4d8>] (regmap_bulk_write) from [<c03c9ab0>] (twl_i2c_write+0x4c/0x88)
[ 1359.531188] [<c03c9ab0>] (twl_i2c_write) from [<c03cbb8c>] (twl4030_power_off+0x3c/0x158)
[ 1359.539825] [<c03cbb8c>] (twl4030_power_off) from [<c000f250>] (machine_power_off+0x24/0x2c)
[ 1359.548736] [<c000f250>] (machine_power_off) from [<c005ad18>] (SyS_reboot+0x114/0x1f0)
[ 1359.557189] [<c005ad18>] (SyS_reboot) from [<c000e600>] (ret_fast_syscall+0x0/0x4c)
[ 1359.565246] ---[ end trace 4255bc0f8dd10d1d ]---
- 02:31:30 [INFO] Disconnected serial from beagleboard
- 02:32:20 [INFO] Connected to beagleboard via serial 
- 02:32:20 [INFO] Host: 
- 02:32:20 [INFO] Target: 
  0 
U-Boot# 
- 02:32:20 [INFO] Host: 
- 02:32:21 [INFO] Target: 
U-Boot# 
- 02:32:21 [INFO] Host: version
- 02:32:21 [INFO] Target: 
version
U-Boot 2014.10-00004-g9ade0ab (Dec 05 2014 - 14:01:52)
arm-linux-gnueabi-gcc (Ubuntu/Linaro 4.6.3-1ubuntu5) 4.6.3
GNU ld (GNU Binutils for Ubuntu) 2.22
U-Boot# 
- 02:32:21 [INFO] Host: setenv bootargs 'console=ttyO2,115200n8  earlyprintk rootwait '
- 02:32:22 [INFO] Target: 
setenv bootargs 'console=ttyO2,115200n8  earlyprintk rootwait '
U-Boot# 
- 02:32:22 [INFO] Host: setenv bootcmd  ''
- 02:32:22 [INFO] Target: 
setenv bootcmd  ''
U-Boot# 
- 02:32:22 [INFO] Host: setenv autoload 'no'
- 02:32:23 [INFO] Target: 
setenv autoload 'no'
U-Boot# 
- 02:32:23 [INFO] Host: setenv serverip '192.168.1.254'
- 02:32:23 [INFO] Target: 
setenv serverip '192.168.1.254'
U-Boot# 
- 02:32:23 [INFO] Host: setenv mmcdev ' '
- 02:32:24 [INFO] Target: 
setenv mmcdev ' '
U-Boot# 
- 02:32:24 [INFO] Host: printenv
- 02:32:24 [INFO] Target: 
printenv
arch=arm
autoload=no
baudrate=115200
beaglerev=xMC
board=beagle
board_name=beagle
bootargs=console=ttyO2,115200n8  earlyprintk rootwait 
bootcmd=
bootdelay=1
bootdir=/boot
bootenv=uEnv.txt
bootfile=uImage
bootm_size=0x08000000
bootpart=0:2
bootscript=echo Running bootscript from mmc${mmcdev} ...; source ${loadaddr}
buddy=none
camera=none
console=ttyO2,115200n8
cpu=armv7
defaultdisplay=dvi
dieid#=586000029ff80000016830101700b01f
dvimode=640x480MR-16@60
ethact=usb_ether
fdtaddr=0x80f80000
findfdt=if test $beaglerev = AxBx; then setenv fdtfile omap3-beagle.dtb; fi; if test $beaglerev = Cx; then setenv fdtfile omap3-beagle.dtb; fi; if test $beaglerev = C4; then setenv fdtfile omap3-beagle.dtb; fi; if test $beaglerev = xMAB; then setenv fdtfile omap3-beagle-xm-ab.dtb; fi; if test $beaglerev = xMC; then setenv fdtfile omap3-beagle-xm.dtb; fi; if test $fdtfile = undefined; then echo WARNING: Could not determine device tree to use; fi; 
importbootenv=echo Importing environment from mmc ...; env import -t -r $loadaddr $filesize
loadaddr=0x80200000
loadbootenv=fatload mmc ${mmcdev} ${loadaddr} ${bootenv}
loadbootscript=load mmc ${mmcdev} ${loadaddr} boot.scr
loadfdt=run validatefdt; load mmc ${bootpart} ${fdtaddr} ${bootdir}/${fdtfile}
loadimage=load mmc ${bootpart} ${loadaddr} ${bootdir}/${bootfile}
loadramdisk=load mmc ${bootpart} ${rdaddr} ${bootdir}/${ramdisk}
mmcargs=setenv bootargs console=${console} ${optargs} mpurate=${mpurate} buddy=${buddy} camera=${camera} vram=${vram} omapfb.mode=dvi:${dvimode} omapdss.def_disp=${defaultdisplay} root=${mmcroot} rootfstype=${mmcrootfstype}
mmcboot=echo Booting from mmc ...; run mmcargs; bootm ${loadaddr}
mmcbootz=echo Booting with DT from mmc${mmcdev} ...; run mmcargs; bootz ${loadaddr} - ${fdtaddr}
mmcdev= 
mmcroot=/dev/mmcblk0p2 rw
mmcrootfstype=ext3 rootwait
mpurate=auto
nandargs=setenv bootargs console=${console} ${optargs} mpurate=${mpurate} buddy=${buddy} camera=${camera} vram=${vram} omapfb.mode=dvi:${dvimode} omapdss.def_disp=${defaultdisplay} root=${nandroot} rootfstype=${nandrootfstype}
nandboot=echo Booting from nand ...; run nandargs; nand read ${loadaddr} 280000 400000; bootm ${loadaddr}
nandroot=ubi0:rootfs ubi.mtd=4
nandrootfstype=ubifs
ramargs=setenv bootargs console=${console} ${optargs} mpurate=${mpurate} buddy=${buddy} vram=${vram} omapfb.mode=dvi:${dvimode} omapdss.def_disp=${defaultdisplay} root=${ramroot} rootfstype=${ramrootfstype}
ramboot=echo Booting from ramdisk ...; run ramargs; bootm ${loadaddr}
ramdisk=ramdisk.gz
ramroot=/dev/ram0 rw ramdisk_size=65536 initrd=0x81000000,64M
ramrootfstype=ext2
rdaddr=0x81000000
serverip=192.168.1.254
soc=omap3
stderr=serial
stdin=serial
stdout=serial
usbethaddr=02:1f:10:00:02:00
usbtty=cdc_acm
userbutton=if gpio input 173; then run userbutton_xm; else run userbutton_nonxm; fi;
userbutton_nonxm=gpio input 7;
userbutton_xm=gpio input 4;
validatefdt=if test $beaglerev = xMAB; then if test ! -e mmc ${bootpart} ${bootdir}/${fdtfile}; then setenv fdtfile omap3-beagle-xm.dtb; fi; fi; 
vendor=ti
ver=U-Boot 2014.10-00004-g9ade0ab (Dec 05 2014 - 14:01:52)
vram=12M
Environment size: 3233/131068 bytes
U-Boot# 
- 02:32:24 [INFO] Host: dcache off
- 02:32:25 [INFO] Target: 
dcache off
U-Boot# 
- 02:32:25 [INFO] Host: usb start
- 02:32:29 [INFO] Target: 
usb start
(Re)start USB...
USB0:   USB EHCI 1.00
scanning bus 0 for devices... 3 USB Device(s) found
       scanning usb for storage devices... 0 Storage Device(s) found
       scanning usb for ethernet devices... 1 Ethernet Device(s) found
U-Boot# 
- 02:32:29 [INFO] Host: printenv
- 02:32:30 [INFO] Target: 
printenv
arch=arm
autoload=no
baudrate=115200
beaglerev=xMC
board=beagle
board_name=beagle
bootargs=console=ttyO2,115200n8  earlyprintk rootwait 
bootcmd=
bootdelay=1
bootdir=/boot
bootenv=uEnv.txt
bootfile=uImage
bootm_size=0x08000000
bootpart=0:2
bootscript=echo Running bootscript from mmc${mmcdev} ...; source ${loadaddr}
buddy=none
camera=none
console=ttyO2,115200n8
cpu=armv7
defaultdisplay=dvi
dieid#=586000029ff80000016830101700b01f
dvimode=640x480MR-16@60
ethact=usb_ether
fdtaddr=0x80f80000
findfdt=if test $beaglerev = AxBx; then setenv fdtfile omap3-beagle.dtb; fi; if test $beaglerev = Cx; then setenv fdtfile omap3-beagle.dtb; fi; if test $beaglerev = C4; then setenv fdtfile omap3-beagle.dtb; fi; if test $beaglerev = xMAB; then setenv fdtfile omap3-beagle-xm-ab.dtb; fi; if test $beaglerev = xMC; then setenv fdtfile omap3-beagle-xm.dtb; fi; if test $fdtfile = undefined; then echo WARNING: Could not determine device tree to use; fi; 
importbootenv=echo Importing environment from mmc ...; env import -t -r $loadaddr $filesize
loadaddr=0x80200000
loadbootenv=fatload mmc ${mmcdev} ${loadaddr} ${bootenv}
loadbootscript=load mmc ${mmcdev} ${loadaddr} boot.scr
loadfdt=run validatefdt; load mmc ${bootpart} ${fdtaddr} ${bootdir}/${fdtfile}
loadimage=load mmc ${bootpart} ${loadaddr} ${bootdir}/${bootfile}
loadramdisk=load mmc ${bootpart} ${rdaddr} ${bootdir}/${ramdisk}
mmcargs=setenv bootargs console=${console} ${optargs} mpurate=${mpurate} buddy=${buddy} camera=${camera} vram=${vram} omapfb.mode=dvi:${dvimode} omapdss.def_disp=${defaultdisplay} root=${mmcroot} rootfstype=${mmcrootfstype}
mmcboot=echo Booting from mmc ...; run mmcargs; bootm ${loadaddr}
mmcbootz=echo Booting with DT from mmc${mmcdev} ...; run mmcargs; bootz ${loadaddr} - ${fdtaddr}
mmcdev= 
mmcroot=/dev/mmcblk0p2 rw
mmcrootfstype=ext3 rootwait
mpurate=auto
nandargs=setenv bootargs console=${console} ${optargs} mpurate=${mpurate} buddy=${buddy} camera=${camera} vram=${vram} omapfb.mode=dvi:${dvimode} omapdss.def_disp=${defaultdisplay} root=${nandroot} rootfstype=${nandrootfstype}
nandboot=echo Booting from nand ...; run nandargs; nand read ${loadaddr} 280000 400000; bootm ${loadaddr}
nandroot=ubi0:rootfs ubi.mtd=4
nandrootfstype=ubifs
ramargs=setenv bootargs console=${console} ${optargs} mpurate=${mpurate} buddy=${buddy} vram=${vram} omapfb.mode=dvi:${dvimode} omapdss.def_disp=${defaultdisplay} root=${ramroot} rootfstype=${ramrootfstype}
ramboot=echo Booting from ramdisk ...; run ramargs; bootm ${loadaddr}
ramdisk=ramdisk.gz
ramroot=/dev/ram0 rw ramdisk_size=65536 initrd=0x81000000,64M
ramrootfstype=ext2
rdaddr=0x81000000
serverip=192.168.1.254
soc=omap3
stderr=serial
stdin=serial
stdout=serial
usbethaddr=02:1f:10:00:02:00
usbtty=cdc_acm
userbutton=if gpio input 173; then run userbutton_xm; else run userbutton_nonxm; fi;
userbutton_nonxm=gpio input 7;
userbutton_xm=gpio input 4;
validatefdt=if test $beaglerev = xMAB; then if test ! -e mmc ${bootpart} ${bootdir}/${fdtfile}; then setenv fdtfile omap3-beagle-xm.dtb; fi; fi; 
vendor=ti
ver=U-Boot 2014.10-00004-g9ade0ab (Dec 05 2014 - 14:01:52)
vram=12M
Environment size: 3233/131068 bytes
U-Boot# 
- 02:32:30 [INFO] Host: setenv bootargs ''${bootargs}' ip=dhcp '
- 02:32:30 [INFO] Target: 
setenv bootargs ''${bootargs}' ip=dhcp '
U-Boot# 
- 02:32:30 [INFO] Host: setenv serverip '192.168.1.254'
- 02:32:31 [INFO] Target: 
setenv serverip '192.168.1.254'
U-Boot# 
- 02:32:31 [INFO] Host: setenv ipaddr dhcp
- 02:32:31 [INFO] Target: 
setenv ipaddr dhcp
U-Boot# 
- 02:32:31 [INFO] Host: setenv autoload 'no'
- 02:32:32 [INFO] Target: 
setenv autoload 'no'
U-Boot# 
- 02:32:32 [INFO] Host: dhcp
- 02:32:35 [INFO] Target: 
dhcp
ERROR: Need valid 'usbnet_devaddr' to be set
at drivers/usb/gadget/ether.c:2357/usb_eth_init()
Waiting for Ethernet connection... done.
BOOTP broadcast 1
DHCP client bound to address 192.168.1.151 (1049 ms)
U-Boot# 
- 02:32:35 [INFO] Host: setenv serverip '192.168.1.254'
- 02:32:35 [INFO] Target: 
setenv serverip '192.168.1.254'
U-Boot# 
- 02:32:35 [INFO] Host: tftp ${loadaddr} 192.168.1.254:vatf_2/c0ee149ad548738f7524589556c639d0
- 02:32:41 [INFO] Target: 
tftp ${loadaddr} 192.168.1.254:vatf_2/c0ee149ad548738f7524589556c639d0
Waiting for Ethernet connection... done.
Using sms0 device
TFTP from server 192.168.1.254; our IP address is 192.168.1.151
Filename 'vatf_2/c0ee149ad548738f7524589556c639d0'.
Load address: 0x80200000
Loading: *#################################################################
	 #################################################################
	 #################################################################
	 #################################################################
	 #################################################################
	 #################################################################
	 #######################
	 1.4 MiB/s
done
Bytes transferred = 6048992 (5c4ce0 hex)
U-Boot# 
- 02:32:41 [INFO] Host: tftp ${fdtaddr} 192.168.1.254:vatf_2/d06ac218445e1b70e6a74f6f6b1b1223
- 02:32:43 [INFO] Target: 
tftp ${fdtaddr} 192.168.1.254:vatf_2/d06ac218445e1b70e6a74f6f6b1b1223
Waiting for Ethernet connection... done.
Using sms0 device
TFTP from server 192.168.1.254; our IP address is 192.168.1.151
Filename 'vatf_2/d06ac218445e1b70e6a74f6f6b1b1223'.
Load address: 0x80f80000
Loading: *#####
	 1.3 MiB/s
done
Bytes transferred = 62788 (f544 hex)
U-Boot# 
- 02:32:43 [INFO] Host: ls mmc 0:1
- 02:32:44 [INFO] Target: 
ls mmc 0:1
    50564   mlo 
   392660   u-boot.img 
        4   ws-calibrate.rules 
3 file(s), 0 dir(s)
U-Boot# 
- 02:32:44 [INFO] Host: ls mmc 0:2
- 02:32:44 [INFO] Target: 
ls mmc 0:2
<DIR>       4096 .
<DIR>       4096 ..
<DIR>      16384 lost+found
<DIR>       4096 bin
<DIR>       4096 boot
<SYM>         37 cpufreq
<SYM>         37 cpuidle
<DIR>       4096 dev
<DIR>       4096 etc
<DIR>       4096 home
<DIR>       4096 lib
<DIR>       4096 media
<DIR>       4096 mnt
<DIR>       4096 opt
<DIR>       4096 proc
<SYM>          8 run
<DIR>       4096 sbin
<DIR>       4096 srv
<DIR>       4096 sys
<SYM>          8 tmp
<DIR>       4096 usr
<DIR>       4096 var
<DIR>       4096 www
<DIR>       4096 test
U-Boot# 
- 02:32:44 [INFO] Host: part uuid mmc 0:2
- 02:32:45 [INFO] Target: 
part uuid mmc 0:2
Unknown command 'part' - try 'help'
U-Boot# 
- 02:32:45 [INFO] Host: printenv
- 02:32:45 [INFO] Target: 
printenv
arch=arm
autoload=no
baudrate=115200
beaglerev=xMC
board=beagle
board_name=beagle
bootargs=console=ttyO2,115200n8  earlyprintk rootwait  ip=dhcp 
bootcmd=
bootdelay=1
bootdir=/boot
bootenv=uEnv.txt
bootfile=uImage
bootm_size=0x08000000
bootpart=0:2
bootscript=echo Running bootscript from mmc${mmcdev} ...; source ${loadaddr}
buddy=none
camera=none
console=ttyO2,115200n8
cpu=armv7
defaultdisplay=dvi
dieid#=586000029ff80000016830101700b01f
dnsip=192.0.2.2
dvimode=640x480MR-16@60
ethact=sms0
fdtaddr=0x80f80000
fileaddr=80f80000
filesize=f544
findfdt=if test $beaglerev = AxBx; then setenv fdtfile omap3-beagle.dtb; fi; if test $beaglerev = Cx; then setenv fdtfile omap3-beagle.dtb; fi; if test $beaglerev = C4; then setenv fdtfile omap3-beagle.dtb; fi; if test $beaglerev = xMAB; then setenv fdtfile omap3-beagle-xm-ab.dtb; fi; if test $beaglerev = xMC; then setenv fdtfile omap3-beagle-xm.dtb; fi; if test $fdtfile = undefined; then echo WARNING: Could not determine device tree to use; fi; 
gatewayip=192.168.1.254
importbootenv=echo Importing environment from mmc ...; env import -t -r $loadaddr $filesize
ipaddr=192.168.1.151
loadaddr=0x80200000
loadbootenv=fatload mmc ${mmcdev} ${loadaddr} ${bootenv}
loadbootscript=load mmc ${mmcdev} ${loadaddr} boot.scr
loadfdt=run validatefdt; load mmc ${bootpart} ${fdtaddr} ${bootdir}/${fdtfile}
loadimage=load mmc ${bootpart} ${loadaddr} ${bootdir}/${bootfile}
loadramdisk=load mmc ${bootpart} ${rdaddr} ${bootdir}/${ramdisk}
mmcargs=setenv bootargs console=${console} ${optargs} mpurate=${mpurate} buddy=${buddy} camera=${camera} vram=${vram} omapfb.mode=dvi:${dvimode} omapdss.def_disp=${defaultdisplay} root=${mmcroot} rootfstype=${mmcrootfstype}
mmcboot=echo Booting from mmc ...; run mmcargs; bootm ${loadaddr}
mmcbootz=echo Booting with DT from mmc${mmcdev} ...; run mmcargs; bootz ${loadaddr} - ${fdtaddr}
mmcdev= 
mmcroot=/dev/mmcblk0p2 rw
mmcrootfstype=ext3 rootwait
mpurate=auto
nandargs=setenv bootargs console=${console} ${optargs} mpurate=${mpurate} buddy=${buddy} camera=${camera} vram=${vram} omapfb.mode=dvi:${dvimode} omapdss.def_disp=${defaultdisplay} root=${nandroot} rootfstype=${nandrootfstype}
nandboot=echo Booting from nand ...; run nandargs; nand read ${loadaddr} 280000 400000; bootm ${loadaddr}
nandroot=ubi0:rootfs ubi.mtd=4
nandrootfstype=ubifs
netmask=255.255.255.0
ramargs=setenv bootargs console=${console} ${optargs} mpurate=${mpurate} buddy=${buddy} vram=${vram} omapfb.mode=dvi:${dvimode} omapdss.def_disp=${defaultdisplay} root=${ramroot} rootfstype=${ramrootfstype}
ramboot=echo Booting from ramdisk ...; run ramargs; bootm ${loadaddr}
ramdisk=ramdisk.gz
ramroot=/dev/ram0 rw ramdisk_size=65536 initrd=0x81000000,64M
ramrootfstype=ext2
rdaddr=0x81000000
serverip=192.168.1.254
soc=omap3
stderr=serial
stdin=serial
stdout=serial
usbethaddr=02:1f:10:00:02:00
usbtty=cdc_acm
userbutton=if gpio input 173; then run userbutton_xm; else run userbutton_nonxm; fi;
userbutton_nonxm=gpio input 7;
userbutton_xm=gpio input 4;
validatefdt=if test $beaglerev = xMAB; then if test ! -e mmc ${bootpart} ${bootdir}/${fdtfile}; then setenv fdtfile omap3-beagle-xm.dtb; fi; fi; 
vendor=ti
ver=U-Boot 2014.10-00004-g9ade0ab (Dec 05 2014 - 14:01:52)
vram=12M
Environment size: 3364/131068 bytes
U-Boot# 
- 02:32:45 [INFO] Host: setenv bootargs ''${bootargs}' root=/dev/mmcblk0p2 rw rootfstype=ext3 rootwait '
- 02:32:46 [INFO] Target: 
setenv bootargs ''${bootargs}' root=/dev/mmcblk0p2 rw rootfstype=ext3 rootwait '
U-Boot# 
- 02:32:46 [INFO] Host: printenv
- 02:32:46 [INFO] Target: 
printenv
arch=arm
autoload=no
baudrate=115200
beaglerev=xMC
board=beagle
board_name=beagle
bootargs=console=ttyO2,115200n8  earlyprintk rootwait  ip=dhcp  root=/dev/mmcblk0p2 rw rootfstype=ext3 rootwait 
bootcmd=
bootdelay=1
bootdir=/boot
bootenv=uEnv.txt
bootfile=uImage
bootm_size=0x08000000
bootpart=0:2
bootscript=echo Running bootscript from mmc${mmcdev} ...; source ${loadaddr}
buddy=none
camera=none
console=ttyO2,115200n8
cpu=armv7
defaultdisplay=dvi
dieid#=586000029ff80000016830101700b01f
dnsip=192.0.2.2
dvimode=640x480MR-16@60
ethact=sms0
fdtaddr=0x80f80000
fileaddr=80f80000
filesize=f544
findfdt=if test $beaglerev = AxBx; then setenv fdtfile omap3-beagle.dtb; fi; if test $beaglerev = Cx; then setenv fdtfile omap3-beagle.dtb; fi; if test $beaglerev = C4; then setenv fdtfile omap3-beagle.dtb; fi; if test $beaglerev = xMAB; then setenv fdtfile omap3-beagle-xm-ab.dtb; fi; if test $beaglerev = xMC; then setenv fdtfile omap3-beagle-xm.dtb; fi; if test $fdtfile = undefined; then echo WARNING: Could not determine device tree to use; fi; 
gatewayip=192.168.1.254
importbootenv=echo Importing environment from mmc ...; env import -t -r $loadaddr $filesize
ipaddr=192.168.1.151
loadaddr=0x80200000
loadbootenv=fatload mmc ${mmcdev} ${loadaddr} ${bootenv}
loadbootscript=load mmc ${mmcdev} ${loadaddr} boot.scr
loadfdt=run validatefdt; load mmc ${bootpart} ${fdtaddr} ${bootdir}/${fdtfile}
loadimage=load mmc ${bootpart} ${loadaddr} ${bootdir}/${bootfile}
loadramdisk=load mmc ${bootpart} ${rdaddr} ${bootdir}/${ramdisk}
mmcargs=setenv bootargs console=${console} ${optargs} mpurate=${mpurate} buddy=${buddy} camera=${camera} vram=${vram} omapfb.mode=dvi:${dvimode} omapdss.def_disp=${defaultdisplay} root=${mmcroot} rootfstype=${mmcrootfstype}
mmcboot=echo Booting from mmc ...; run mmcargs; bootm ${loadaddr}
mmcbootz=echo Booting with DT from mmc${mmcdev} ...; run mmcargs; bootz ${loadaddr} - ${fdtaddr}
mmcdev= 
mmcroot=/dev/mmcblk0p2 rw
mmcrootfstype=ext3 rootwait
mpurate=auto
nandargs=setenv bootargs console=${console} ${optargs} mpurate=${mpurate} buddy=${buddy} camera=${camera} vram=${vram} omapfb.mode=dvi:${dvimode} omapdss.def_disp=${defaultdisplay} root=${nandroot} rootfstype=${nandrootfstype}
nandboot=echo Booting from nand ...; run nandargs; nand read ${loadaddr} 280000 400000; bootm ${loadaddr}
nandroot=ubi0:rootfs ubi.mtd=4
nandrootfstype=ubifs
netmask=255.255.255.0
ramargs=setenv bootargs console=${console} ${optargs} mpurate=${mpurate} buddy=${buddy} vram=${vram} omapfb.mode=dvi:${dvimode} omapdss.def_disp=${defaultdisplay} root=${ramroot} rootfstype=${ramrootfstype}
ramboot=echo Booting from ramdisk ...; run ramargs; bootm ${loadaddr}
ramdisk=ramdisk.gz
ramroot=/dev/ram0 rw ramdisk_size=65536 initrd=0x81000000,64M
ramrootfstype=ext2
rdaddr=0x81000000
serverip=192.168.1.254
soc=omap3
stderr=serial
stdin=serial
stdout=serial
usbethaddr=02:1f:10:00:02:00
usbtty=cdc_acm
userbutton=if gpio input 173; then run userbutton_xm; else run userbutton_nonxm; fi;
userbutton_nonxm=gpio input 7;
userbutton_xm=gpio input 4;
validatefdt=if test $beaglerev = xMAB; then if test ! -e mmc ${bootpart} ${bootdir}/${fdtfile}; then setenv fdtfile omap3-beagle-xm.dtb; fi; fi; 
vendor=ti
ver=U-Boot 2014.10-00004-g9ade0ab (Dec 05 2014 - 14:01:52)
vram=12M
Environment size: 3413/131068 bytes
U-Boot# 
- 02:32:46 [INFO] Host: setenv bootcmd ''${bootcmd}' if iminfo ${loadaddr}; then bootm ${loadaddr} - ${fdtaddr}; else bootz ${loadaddr} - ${fdtaddr}; bootm ${loadaddr} - ${fdtaddr}; fi'
- 02:32:47 [INFO] Target: 
setenv bootcmd ''${bootcmd}' if iminfo ${loadaddr}; then bootm ${loadaddr} - ${fdtaddr}; else bootz ${loadaddr} - ${fdtaddr}; bootm ${loadaddr} - ${fdtaddr}; fi'
U-Boot# 
- 02:32:47 [INFO] Host: bdinfo
- 02:32:47 [INFO] Target: 
bdinfo
arch_number = 0x0000060A
boot_params = 0x80000100
DRAM bank   = 0x00000000
-> start    = 0x80000000
-> size     = 0x10000000
DRAM bank   = 0x00000001
-> start    = 0x90000000
-> size     = 0x10000000
eth0name    = usb_ether
ethaddr     = (not set)
eth1name    = sms0
eth1addr    = (not set)
current eth = sms0
ip_addr     = 192.168.1.151
baudrate    = 115200 bps
TLB addr    = 0x9FFF0000
relocaddr   = 0x9FF4C000
reloc off   = 0x1FE4C000
irq_sp      = 0x9EF2BEE0
sp start    = 0x9EF2BED0
U-Boot# 
- 02:32:47 [INFO] Host: mmc rescan
- 02:32:48 [INFO] Target: 
mmc rescan
U-Boot# 
- 02:32:48 [INFO] Host: fatwrite mmc ${mmcdev}:1 ${loadaddr} ws-calibrate.rules 4
- 02:32:48 [INFO] Target: 
fatwrite mmc ${mmcdev}:1 ${loadaddr} ws-calibrate.rules 4
writing ws-calibrate.rules
4 bytes written
U-Boot# 
- 02:32:48 [INFO] Host: boot
- 02:35:18 [ERROR] On command: boot waiting for boot.+?(?-mix:.*\s+login) >>> error: execution expired
- 02:35:18 [INFO] Target: 
boot
## Checking Image at 80200000 ...
Unknown image format!
Kernel image @ 0x80200000 [ 0x000000 - 0x5c4ce0 ]
## Flattened Device Tree blob at 80f80000
   Booting using the fdt blob at 0x80f80000
   Loading Device Tree to 87fed000, end 87fff543 ... OK
Starting kernel ...
[    0.000000] Booting Linux on physical CPU 0x0
[    0.000000] Linux version 4.0.0-00002-g6a935438826e (nmenon@kahuna) (gcc version 4.6.3 (Ubuntu/Linaro 4.6.3-1ubuntu5) ) #1 SMP Mon Apr 13 02:26:30 CDT 2015
[    0.000000] CPU: ARMv7 Processor [413fc082] revision 2 (ARMv7), cr=10c5387d
[    0.000000] CPU: PIPT / VIPT nonaliasing data cache, VIPT aliasing instruction cache
[    0.000000] Machine model: TI OMAP3 BeagleBoard xM
[    0.000000] cma: Reserved 64 MiB at 0x9b800000
[    0.000000] Memory policy: Data cache writeback
[    0.000000] CPU: All CPU(s) started in SVC mode.
[    0.000000] OMAP3630 ES1.2 (l2cache iva sgx neon isp 192mhz_clk )
[    0.000000] PERCPU: Embedded 11 pages/cpu @dfa89000 s12480 r8192 d24384 u45056
[    0.000000] Built 1 zonelists in Zone order, mobility grouping on.  Total pages: 129792
[    0.000000] Kernel command line: console=ttyO2,115200n8  earlyprintk rootwait  ip=dhcp  root=/dev/mmcblk0p2 rw rootfstype=ext3 rootwait 
[    0.000000] PID hash table entries: 2048 (order: 1, 8192 bytes)
[    0.000000] Dentry cache hash table entries: 65536 (order: 6, 262144 bytes)
[    0.000000] Inode-cache hash table entries: 32768 (order: 5, 131072 bytes)
[    0.000000] Memory: 439308K/523264K available (7845K kernel code, 1013K rwdata, 3408K rodata, 796K init, 316K bss, 18420K reserved, 65536K cma-reserved, 0K highmem)
[    0.000000] Virtual kernel memory layout:
[    0.000000]     vector  : 0xffff0000 - 0xffff1000   (   4 kB)
[    0.000000]     fixmap  : 0xffc00000 - 0xfff00000   (3072 kB)
[    0.000000]     vmalloc : 0xe0800000 - 0xff000000   ( 488 MB)
[    0.000000]     lowmem  : 0xc0000000 - 0xe0000000   ( 512 MB)
[    0.000000]     pkmap   : 0xbfe00000 - 0xc0000000   (   2 MB)
[    0.000000]     modules : 0xbf000000 - 0xbfe00000   (  14 MB)
[    0.000000]       .text : 0xc0208000 - 0xc0d0650c   (11258 kB)
[    0.000000]       .init : 0xc0d07000 - 0xc0dce000   ( 796 kB)
[    0.000000]       .data : 0xc0dce000 - 0xc0ecb7a0   (1014 kB)
[    0.000000]        .bss : 0xc0ecb7a0 - 0xc0f1a860   ( 317 kB)
[    0.000000] SLUB: HWalign=64, Order=0-3, MinObjects=0, CPUs=1, Nodes=1
[    0.000000] Hierarchical RCU implementation.
[    0.000000] 	Additional per-CPU info printed with stalls.
[    0.000000] 	RCU restricting CPUs from NR_CPUS=16 to nr_cpu_ids=1.
[    0.000000] RCU: Adjusting geometry for rcu_fanout_leaf=16, nr_cpu_ids=1
[    0.000000] NR_IRQS:16 nr_irqs:16 16
[    0.000000] IRQ: Found an INTC at 0xfa200000 (revision 4.0) with 96 interrupts
[    0.000000] Clocking rate (Crystal/Core/MPU): 26.0/400/600 MHz
[    0.000000] OMAP clockevent source: timer1 at 32768 Hz
[    0.000000] sched_clock: 32 bits at 32kHz, resolution 30517ns, wraps every 65536000000000ns
[    0.000030] OMAP clocksource: 32k_counter at 32768 Hz
[    0.000244] Console: colour dummy device 80x30
[    0.000274] Calibrating delay loop... 594.73 BogoMIPS (lpj=1486848)
[    0.029052] pid_max: default: 32768 minimum: 301
[    0.029235] Mount-cache hash table entries: 1024 (order: 0, 4096 bytes)
[    0.029235] Mountpoint-cache hash table entries: 1024 (order: 0, 4096 bytes)
[    0.030090] CPU: Testing write buffer coherency: ok
[    0.030395] CPU0: thread -1, cpu 0, socket -1, mpidr 0
[    0.030487] Setting up static identity map for 0x8096ba48 - 0x8096bae0
[    0.035858] Brought up 1 CPUs
[    0.035858] SMP: Total of 1 processors activated (594.73 BogoMIPS).
[    0.035888] CPU: All CPU(s) started in SVC mode.
[    0.036621] devtmpfs: initialized
[    0.040466] VFP support v0.3: implementor 41 architecture 3 part 30 variant c rev 3
[    0.061523] omap_hwmod: mcbsp2_sidetone using broken dt data from mcbsp
[    0.062133] omap_hwmod: mcbsp3_sidetone using broken dt data from mcbsp
[    0.095428] omap_hwmod: mcbsp2: _wait_target_ready failed: -16
[    0.095428] omap_hwmod: mcbsp2: cannot be enabled for reset (3)
[    0.143707] pinctrl core: initialized pinctrl subsystem
[    0.177093] NET: Registered protocol family 16
[    0.180297] DMA: preallocated 256 KiB pool for atomic coherent allocations
[    0.183197] cpuidle: using governor ladder
[    0.183319] cpuidle: using governor menu
[    0.189849] Reprogramming SDRC clock to 400000000 Hz
[    0.195800] omap_gpio 48310000.gpio: could not find pctldev for node /ocp/pinmux@48002a00/pinmux_gpio1_pins, deferring probe
[    0.195861] platform 48310000.gpio: Driver omap_gpio requests probe deferral
[    0.196868] OMAP GPIO hardware version 2.5
[    0.201934] irq: no irq domain found for /ocp/pinmux@48002030 !
[    0.214874] omap-gpmc 6e000000.gpmc: GPMC revision 5.0
[    0.216217] platform 48058000.ssi-controller: Cannot lookup hwmod 'ssi'
[    0.219818] of_amba_device_create(): amba_device_add() failed (-19) for /etb@5401b000
[    0.219940] of_amba_device_create(): amba_device_add() failed (-19) for /etm@54010000
[    0.222015] No ATAGs?
[    0.222045] hw-breakpoint: debug architecture 0x4 unsupported.
[    0.224609] OMAP DMA hardware revision 5.0
[    0.229034] Serial: AMBA PL011 UART driver
[    0.266723] omap-dma-engine 48056000.dma-controller: OMAP DMA engine driver
[    0.267547] platform hsusb2_power_reg: Driver reg-fixed-voltage requests probe deferral
[    0.272155] vgaarb: loaded
[    0.273315] SCSI subsystem initialized
[    0.274139] usbcore: registered new interface driver usbfs
[    0.274230] usbcore: registered new interface driver hub
[    0.274322] usbcore: registered new device driver usb
[    0.275115] platform hsusb2_phy: Driver usb_phy_generic requests probe deferral
[    0.277008] omap_i2c 48070000.i2c: bus 0 rev4.4 at 2600 kHz
[    0.277679] omap_i2c 48072000.i2c: bus 1 rev4.4 at 400 kHz
[    0.278381] omap_i2c 48060000.i2c: bus 2 rev4.4 at 100 kHz
[    0.279754] media: Linux media interface: v0.10
[    0.279876] Linux video capture interface: v2.00
[    0.279937] pps_core: LinuxPPS API ver. 1 registered
[    0.279937] pps_core: Software ver. 5.3.6 - Copyright 2005-2007 Rodolfo Giometti <giometti@linux.it>
[    0.279998] PTP clock support registered
[    0.280364] EDAC MC: Ver: 3.0.0
[    0.282196] Advanced Linux Sound Architecture Driver Initialized.
[    0.284057] Switched to clocksource 32k_counter
[    0.300323] NET: Registered protocol family 2
[    0.301208] TCP established hash table entries: 4096 (order: 2, 16384 bytes)
[    0.301300] TCP bind hash table entries: 4096 (order: 3, 32768 bytes)
[    0.301391] TCP: Hash tables configured (established 4096 bind 4096)
[    0.301452] TCP: reno registered
[    0.301483] UDP hash table entries: 256 (order: 1, 8192 bytes)
[    0.301513] UDP-Lite hash table entries: 256 (order: 1, 8192 bytes)
[    0.301727] NET: Registered protocol family 1
[    0.302185] RPC: Registered named UNIX socket transport module.
[    0.302215] RPC: Registered udp transport module.
[    0.302215] RPC: Registered tcp transport module.
[    0.302215] RPC: Registered tcp NFSv4.1 backchannel transport module.
[    0.305297] hw perfevents: enabled with armv7_cortex_a8 PMU driver, 5 counters available
[    0.308990] futex hash table entries: 256 (order: 2, 16384 bytes)
[    0.327087] squashfs: version 4.0 (2009/01/31) Phillip Lougher
[    0.328460] NFS: Registering the id_resolver key type
[    0.328521] Key type id_resolver registered
[    0.328552] Key type id_legacy registered
[    0.328643] ntfs: driver 2.1.31 [Flags: R/O].
[    0.330841] Block layer SCSI generic (bsg) driver version 0.4 loaded (major 248)
[    0.330871] io scheduler noop registered
[    0.330871] io scheduler deadline registered
[    0.331176] io scheduler cfq registered (default)
[    0.337554] pinctrl-single 48002030.pinmux: 284 pins at pa fa002030 size 568
[    0.337860] pinctrl-single 48002a00.pinmux: 46 pins at pa fa002a00 size 92
[    0.338562] pinctrl-single 480025a0.pinmux: 46 pins at pa fa0025a0 size 92
[    0.441528] Serial: 8250/16550 driver, 4 ports, IRQ sharing disabled
[    0.445251] SuperH (H)SCI(F) driver initialized
[    0.446350] msm_serial: driver initialized
[    0.447326] omap_uart 4806a000.serial: no wakeirq for uart0
[    0.447509] 4806a000.serial: ttyO0 at MMIO 0x4806a000 (irq = 88, base_baud = 3000000) is a OMAP UART0
[    0.448150] omap_uart 4806c000.serial: no wakeirq for uart0
[    0.448333] 4806c000.serial: ttyO1 at MMIO 0x4806c000 (irq = 89, base_baud = 3000000) is a OMAP UART1
[    0.449127] 49020000.serial: ttyO2 at MMIO 0x49020000 (irq = 90, base_baud = 3000000) is a OMAP UART2
[    1.228210] console [ttyO2] enabled
[    1.232635] omap_uart 49042000.serial: no wakeirq for uart0
[    1.238677] 49042000.serial: ttyO3 at MMIO 0x49042000 (irq = 96, base_baud = 3000000) is a OMAP UART3
[    1.248931] STMicroelectronics ASC driver initialized
[    1.256591] [drm] Initialized drm 1.1.0 20060810
[    1.272827] loop: module loaded
[    1.303771] twl 0-0048: PIH (irq 23) chaining IRQs 307..315
[    1.309753] twl 0-0048: power (irq 312) chaining IRQs 315..322
[    1.360473] twl4030_gpio twl4030-gpio: gpio (irq 307) chaining IRQs 323..340
[    1.476196] CAN device driver interface
[    1.482543] igb: Intel(R) Gigabit Ethernet Network Driver - version 5.2.15-k
[    1.489990] igb: Copyright (c) 2007-2014 Intel Corporation.
[    1.500030] pegasus: v0.9.3 (2013/04/25), Pegasus/Pegasus II USB Ethernet driver
[    1.507934] usbcore: registered new interface driver pegasus
[    1.514007] usbcore: registered new interface driver asix
[    1.519805] usbcore: registered new interface driver ax88179_178a
[    1.526306] usbcore: registered new interface driver cdc_ether
[    1.532562] usbcore: registered new interface driver smsc75xx
[    1.538726] usbcore: registered new interface driver smsc95xx
[    1.544860] usbcore: registered new interface driver net1080
[    1.550872] usbcore: registered new interface driver cdc_subset
[    1.557189] usbcore: registered new interface driver zaurus
[    1.563201] usbcore: registered new interface driver cdc_ncm
[    1.571411] ehci_hcd: USB 2.0 'Enhanced' Host Controller (EHCI) Driver
[    1.578338] ehci-pci: EHCI PCI platform driver
[    1.583129] ehci-platform: EHCI generic platform driver
[    1.589050] ehci-omap: OMAP-EHCI Host Controller driver
[    1.595031] ehci-omap 48064800.ehci: Can't get PHY device for port 1: -517
[    1.602325] platform 48064800.ehci: Driver ehci-omap requests probe deferral
[    1.609893] ehci-orion: EHCI orion driver
[    1.614501] SPEAr-ehci: EHCI SPEAr driver
[    1.618988] ehci-st: EHCI STMicroelectronics driver
[    1.624450] ehci-exynos: EHCI EXYNOS driver
[    1.629180] tegra-ehci: Tegra EHCI driver
[    1.633728] ohci_hcd: USB 1.1 'Open' Host Controller (OHCI) Driver
[    1.640289] ohci-pci: OHCI PCI platform driver
[    1.645111] ohci-platform: OHCI generic platform driver
[    1.650970] ohci-omap3: OHCI OMAP3 driver
[    1.655639] ohci-omap3 48064400.ohci: OHCI Host Controller
[    1.661499] ohci-omap3 48064400.ohci: new USB bus registered, assigned bus number 1
[    1.670013] ohci-omap3 48064400.ohci: irq 92, io mem 0x48064400
[    1.750518] hub 1-0:1.0: USB hub found
[    1.754608] hub 1-0:1.0: 3 ports detected
[    1.759826] SPEAr-ohci: OHCI SPEAr driver
[    1.764587] ohci-st: OHCI STMicroelectronics driver
[    1.770263] usbcore: registered new interface driver usb-storage
[    1.780181] mousedev: PS/2 mouse device common for all mice
[    1.792388] twl_rtc 48070000.i2c:twl@48:rtc: Power up reset detected.
[    1.799530] twl_rtc 48070000.i2c:twl@48:rtc: Enabling TWL-RTC
[    1.810028] twl_rtc 48070000.i2c:twl@48:rtc: rtc core: registered 48070000.i2c:twl@48 as rtc0
[    1.821105] i2c /dev entries driver
[    1.829559] usbcore: registered new interface driver uvcvideo
[    1.835632] USB Video Class driver (1.1.1)
[    1.839965] gspca_main: v2.14.0 registered
[    1.851837] Driver 'mmcblk' needs updating - please use bus_type methods
[    1.859069] sdhci: Secure Digital Host Controller Interface driver
[    1.865600] sdhci: Copyright(c) Pierre Ossman
[    1.906005] Synopsys Designware Multimedia Card Interface Driver
[    1.914550] sdhci-pltfm: SDHCI platform and OF driver helper
[    1.923858] leds_pwm pwmleds: unable to request PWM for beagleboard::pmu_stat: -517
[    1.931976] platform pwmleds: Driver leds_pwm requests probe deferral
[    1.939025] ledtrig-cpu: registered to indicate activity on CPUs
[    1.945770] usbcore: registered new interface driver usbhid
[    1.951629] usbhid: USB HID core driver
[    1.962249] usbcore: registered new interface driver snd-usb-audio
[    1.974060] TCP: cubic registered
[    1.977661] NET: Registered protocol family 17
[    1.982391] can: controller area network core (rev 20120528 abi 9)
[    1.989044] NET: Registered protocol family 29
[    1.993743] can: raw protocol (rev 20120528)
[    1.998260] can: broadcast manager protocol (rev 20120528 t)
[    2.004272] can: netlink gateway (rev 20130117) max_hops=1
[    2.010803] Key type dns_resolver registered
[    2.015686] omap2_set_init_voltage: unable to find boot up OPP for vdd_mpu_iva
[    2.023315] omap2_set_init_voltage: unable to set vdd_mpu_iva
[    2.029388] omap2_set_init_voltage: unable to find boot up OPP for vdd_core
[    2.036712] omap2_set_init_voltage: unable to set vdd_core
[    2.053100] ThumbEE CPU extension supported.
[    2.057830] Registering SWP/SWPB emulation handler
[    2.098236] mmc0: host does not support reading read-only switch, assuming write-enable
[    2.108734] mmc0: new high speed SDHC card at address 0001
[    2.115661] mmcblk0: mmc0:0001 00000 3.79 GiB 
[    2.122650]  mmcblk0: p1 p2
[    2.169799] ehci-omap 48064800.ehci: EHCI Host Controller
[    2.175598] ehci-omap 48064800.ehci: new USB bus registered, assigned bus number 2
[    2.184082] ehci-omap 48064800.ehci: irq 93, io mem 0x48064800
[    2.199401] ehci-omap 48064800.ehci: USB 2.0 started, EHCI 1.00
[    2.208038] hub 2-0:1.0: USB hub found
[    2.212249] hub 2-0:1.0: 3 ports detected
[    2.220977] leds_pwm pwmleds: unable to request PWM for beagleboard::pmu_stat: -517
[    2.229278] platform pwmleds: Driver leds_pwm requests probe deferral
[    2.239959] input: gpio_keys as /devices/platform/gpio_keys/input/input0
[    2.251007] leds_pwm pwmleds: unable to request PWM for beagleboard::pmu_stat: -517
[    2.259277] platform pwmleds: Driver leds_pwm requests probe deferral
[    2.267089] twl_rtc 48070000.i2c:twl@48:rtc: setting system clock to 2000-01-01 00:00:00 UTC (946684800)
[    2.524291] usb 2-2: new high-speed USB device number 2 using ehci-omap
[    2.661346] hub 2-2:1.0: USB hub found
[    2.665557] hub 2-2:1.0: 5 ports detected
[    2.673706] leds_pwm pwmleds: unable to request PWM for beagleboard::pmu_stat: -517
[    2.681884] platform pwmleds: Driver leds_pwm requests probe deferral
[    2.954711] usb 2-2.1: new high-speed USB device number 3 using ehci-omap
[    3.069305] smsc95xx v1.0.4
[    3.133697] smsc95xx 2-2.1:1.0 eth0: register 'smsc95xx' at usb-48064800.ehci-2.1, smsc95xx USB 2.0 Ethernet, 5e:fa:de:a3:95:61
[    3.148834] leds_pwm pwmleds: unable to request PWM for beagleboard::pmu_stat: -517
[    3.157165] platform pwmleds: Driver leds_pwm requests probe deferral
[    3.366210] smsc95xx 2-2.1:1.0 eth0: hardware isn't capable of remote wakeup
[    5.030151] smsc95xx 2-2.1:1.0 eth0: link up, 100Mbps, full-duplex, lpa 0xC5E1
[    5.044372] Sending DHCP requests ., OK
[    6.089843] IP-Config: Got DHCP answer from 192.168.1.254, my address is 192.168.1.158
[    6.098602] IP-Config: Complete:
[    6.102111]      device=eth0, hwaddr=5e:fa:de:a3:95:61, ipaddr=192.168.1.158, mask=255.255.255.0, gw=192.168.1.254
[    6.113098]      host=192.168.1.158, domain=ti.com, nis-domain=(none)
[    6.119934]      bootserver=192.168.1.254, rootserver=192.168.1.254, rootpath=
[    6.127410]      nameserver0=192.0.2.2, nameserver1=192.0.2.3
[    6.134521] VPLL2: disabling
[    6.138031] VUSB3V1: disabling
[    6.142333] VDAC: disabling
[    6.146057] VAUX3: disabling
[    6.150085] ALSA device list:
[    6.153228]   No soundcards found.
[    6.160461] EXT4-fs (mmcblk0p2): mounting ext3 file system using the ext4 subsystem
[    6.389465] EXT4-fs (mmcblk0p2): mounted filesystem with ordered data mode. Opts: (null)
[    6.398162] VFS: Mounted root (ext3 filesystem) on device 179:2.
[    6.415710] devtmpfs: mounted
[    6.420196] Freeing unused kernel memory: 796K (c0d07000 - c0dce000)
INIT: version 2.88 booting
Error opening /dev/fb0: No such file or directory
/dev/ linked to /dev/tty-bd - using as console
Starting udev
[    7.367614] udevd[94]: starting version 182
udevd[100]: '/etc/udev/scripts/mount.sh' [363] terminated by signal 11 (Segmentation fault)
[   10.944122] FAT-fs (mmcblk0p1): Volume was not properly unmounted. Some data may be corrupt. Please run fsck.
ERROR: could not open directory /lib/modules/4.0.0-00002-g6a935438826e: No such file or directory
WARNING: -e needs -E or -F
ERROR: could not open directory /lib/modules/4.0.0-00002-g6a935438826e: No such file or directory
FATAL: could not search modules: No such file or directory
Starting Bootlog daemon: bootlogd.
[   11.861633] EXT4-fs (mmcblk0p2): re-mounted. Opts: data=ordered
[   11.930480] random: dd urandom read with 95 bits of entropy available
ALSA: Restoring mixer settings...
/usr/sbin/alsactl: load_state:1696: No soundcards found...
Configuring network interfaces... udhcpc (v1.20.2) started
Sending discover...
Sending select for 192.168.1.158...
Lease of 192.168.1.158 obtained, lease time 600
/etc/udhcpc.d/50default: Adding DNS 192.0.2.2
/etc/udhcpc.d/50default: Adding DNS 192.0.2.3
done.
Wed Apr  2 01:19:00 UTC 2014
INIT: Entering runlevel: 3
[   27.514587] random: nonblocking pool is initialized
URL:gtsystest.telogy.design.ti.com/vatf/tidfarm-02.dal.design.ti.com/tidfarm-02.dal.design.ti.com_vatf@2/tidfarm-02.dal.design.ti.com04_13_2015_02_31_06/files/session_iteration_1/test_1
