- 07:00:40 [INFO] Starting target session
- 07:00:41 [INFO] Connected to beaglebone-black via serial 
- 07:00:41 [INFO] Host: #check prompt
- 07:00:44 [ERROR] On command: #check prompt waiting for #check prompt.+?(?-mix:((?-mix:login:)|[Pp]assword)) >>> error: execution expired
- 07:00:44 [INFO] Target: 
- 07:00:44 [INFO] Host: #check prompt
- 07:00:46 [ERROR] On command: #check prompt waiting for #check prompt.+?(?-mix:[\w\d]+@.+[@:#]+) >>> error: execution expired
- 07:00:46 [INFO] Target: 
- 07:00:46 [INFO] Host: #check prompt
- 07:00:48 [ERROR] On command: #check prompt waiting for #check prompt.+?(?-mix:[\w\d]+@.+[@:#]+) >>> error: execution expired
- 07:00:48 [INFO] Target: 
- 07:00:48 [INFO] Host: #check prompt
- 07:00:50 [ERROR] On command: #check prompt waiting for #check prompt.+?(?-mix:[\w\d]+@.+[@:#]+) >>> error: execution expired
- 07:00:50 [INFO] Target: 
- 07:00:50 [INFO] Disconnected serial from beaglebone-black
- 07:00:55 [INFO] Connected to beaglebone-black via serial 
- 07:00:55 [INFO] Host: 
- 07:00:58 [INFO] Target: 
U-Boot SPL 2014.07-g7e537bf (Mar 20 2015 - 12:02:24)
reading args
spl_load_image_fat_os: error reading image args, err - -1
reading u-boot.img
reading u-boot.img
U-Boot 2014.07-g7e537bf (Mar 20 2015 - 12:02:24)
I2C:   ready
DRAM:  512 MiB
NAND:  0 MiB
MMC:   OMAP SD/MMC: 0, OMAP SD/MMC: 1
reading uboot.env
** Unable to read "uboot.env" from mmc0:1 **
Using default environment
Net:   <ethaddr> not set. Validating first E-fuse MAC
cpsw, usb_ether
Hit any key to stop autoboot:  1  0 
U-Boot# 
U-Boot# 
U-Boot# 
U-Boot# 
U-Boot# 
U-Boot# 
U-Boot# 
U-Boot# 
U-Boot# 
U-Boot# 
- 07:00:58 [INFO] Host: 
- 07:00:58 [INFO] Target: 
U-Boot# 
- 07:00:58 [INFO] Host: version
- 07:00:58 [INFO] Target: 
version
U-Boot 2014.07-g7e537bf (Mar 20 2015 - 12:02:24)
arm-linux-gnueabihf-gcc (crosstool-NG linaro-1.13.1-4.7-2013.03-20130313 - Linaro GCC 2013.03) 4.7.3 20130226 (prerelease)
GNU ld (crosstool-NG linaro-1.13.1-4.7-2013.03-20130313 - Linaro GCC 2013.03) 2.23.1
U-Boot# 
- 07:00:58 [INFO] Host: setenv bootargs 'console=ttyO0,115200n8 earlyprintk rootwait '
- 07:00:58 [INFO] Target: 
setenv bootargs 'console=ttyO0,115200n8 earlyprintk rootwait '
U-Boot# 
- 07:00:58 [INFO] Host: setenv bootcmd  ''
- 07:00:58 [INFO] Target: 
setenv bootcmd  ''
U-Boot# 
- 07:00:58 [INFO] Host: setenv autoload 'no'
- 07:00:58 [INFO] Target: 
setenv autoload 'no'
U-Boot# 
- 07:00:58 [INFO] Host: setenv serverip '192.168.0.1'
- 07:00:58 [INFO] Target: 
setenv serverip '192.168.0.1'
U-Boot# 
- 07:00:58 [INFO] Host: printenv
- 07:00:59 [INFO] Target: 
printenv
arch=arm
autoload=no
baudrate=115200
board=am335x
board_name=A335BNLT
board_rev=0A5C
boot_fdt=try
bootargs=console=ttyO0,115200n8 earlyprintk rootwait 
bootcmd=
bootcount=1
bootdelay=1
bootdir=/boot
bootenv=uEnv.txt
bootfile=zImage
bootm_size=0x10000000
bootpart=0:2
console=ttyO0,115200n8
cpu=armv7
dfu_alt_info_emmc=rawemmc raw 0 3751936;boot part 1 1;rootfs part 1 2;MLO fat 1 1;MLO.raw raw 0x100 0x100;u-boot.img.raw raw 0x300 0x400;spl-os-args.raw raw 0x80 0x80;spl-os-image.raw raw 0x900 0x2000;spl-os-args fat 1 1;spl-os-image fat 1 1;u-boot.img fat 1 1;uEnv.txt fat 1 1
dfu_alt_info_mmc=boot part 0 1;rootfs part 0 2;MLO fat 0 1;MLO.raw raw 0x100 0x100;u-boot.img.raw raw 0x300 0x400;spl-os-args.raw raw 0x80 0x80;spl-os-image.raw raw 0x900 0x2000;spl-os-args fat 0 1;spl-os-image fat 0 1;u-boot.img fat 0 1;uEnv.txt fat 0 1
dfu_alt_info_nand=SPL part 0 1;SPL.backup1 part 0 2;SPL.backup2 part 0 3;SPL.backup3 part 0 4;u-boot part 0 5;u-boot-spl-os part 0 6;kernel part 0 8;rootfs part 0 9
dfu_alt_info_ram=kernel ram 0x80200000 0xD80000;fdt ram 0x80F80000 0x80000;ramdisk ram 0x81000000 0x4000000
eth1addr=c8:a0:30:b0:7b:9a
ethact=cpsw
ethaddr=c8:a0:30:b0:7b:98
fdt_addr_r=0x88000000
fdtaddr=0x88000000
fdtfile=undefined
findfdt=if test $board_name = A335BONE; then setenv fdtfile am335x-bone.dtb; fi; if test $board_name = A335BNLT; then setenv fdtfile am335x-boneblack.dtb; fi; if test $board_name = A33515BB; then setenv fdtfile am335x-evm.dtb; fi; if test $board_name = A335X_SK; then setenv fdtfile am335x-evmsk.dtb; fi; if test $fdtfile = undefined; then echo WARNING: Could not determine device tree to use; fi; 
importbootenv=echo Importing environment from mmc ...; env import -t -r $loadaddr $filesize
kernel_addr_r=0x82000000
loadaddr=0x82000000
loadbootenv=load mmc ${mmcdev} ${loadaddr} ${bootenv}
loadfdt=load mmc ${bootpart} ${fdtaddr} ${bootdir}/${fdtfile}
loadimage=load mmc ${bootpart} ${loadaddr} ${bootdir}/${bootfile}
loadramdisk=load mmc ${mmcdev} ${rdaddr} ramdisk.gz
mmcargs=setenv bootargs console=${console} ${optargs} root=${mmcroot} rootfstype=${mmcrootfstype}
mmcboot=mmc dev ${mmcdev}; if mmc rescan; then echo SD/MMC found on device ${mmcdev};if run loadbootenv; then echo Loaded environment from ${bootenv};run importbootenv;fi;if test -n $uenvcmd; then echo Running uenvcmd ...;run uenvcmd;fi;if run loadimage; then run mmcloados;fi;fi;
mmcdev=0
mmcloados=run mmcargs; if test ${boot_fdt} = yes || test ${boot_fdt} = try; then if run loadfdt; then bootz ${loadaddr} - ${fdtaddr}; else if test ${boot_fdt} = try; then bootz; else echo WARN: Cannot load the DT; fi; fi; else bootz; fi;
mmcroot=/dev/mmcblk0p2 ro
mmcrootfstype=ext4 rootwait
mtdids=nand0=nand.0
mtdparts=mtdparts=nand.0:128k(NAND.SPL),128k(NAND.SPL.backup1),128k(NAND.SPL.backup2),128k(NAND.SPL.backup3),256k(NAND.u-boot-spl-os),1m(NAND.u-boot),128k(NAND.u-boot-env),128k(NAND.u-boot-env.backup1),8m(NAND.kernel),-(NAND.file-system)
nandargs=setenv bootargs console=${console} ${optargs} root=${nandroot} rootfstype=${nandrootfstype}
nandboot=echo Booting from nand ...; run nandargs; nand read ${fdtaddr} NAND.u-boot-spl-os; nand read ${loadaddr} NAND.kernel; bootz ${loadaddr} - ${fdtaddr}
nandroot=ubi0:rootfs rw ubi.mtd=NAND.file-system,2048
nandrootfstype=ubifs rootwait=1
netargs=setenv bootargs console=${console} ${optargs} root=/dev/nfs nfsroot=${serverip}:${rootpath},${nfsopts} rw ip=dhcp
netboot=echo Booting from network ...; setenv autoload no; dhcp; tftp ${loadaddr} ${bootfile}; tftp ${fdtaddr} ${fdtfile}; run netargs; bootz ${loadaddr} - ${fdtaddr}
nfsopts=nolock
partitions=uuid_disk=${uuid_gpt_disk};name=rootfs,start=2MiB,size=-,uuid=${uuid_gpt_rootfs}
ramargs=setenv bootargs console=${console} ${optargs} root=${ramroot} rootfstype=${ramrootfstype}
ramboot=echo Booting from ramdisk ...; run ramargs; bootz ${loadaddr} ${rdaddr} ${fdtaddr}
ramdisk_addr_r=0x88080000
ramroot=/dev/ram0 rw
ramrootfstype=ext2
rdaddr=0x88080000
rootpath=/export/rootfs
serverip=192.168.0.1
soc=am33xx
spiargs=setenv bootargs console=${console} ${optargs} root=${spiroot} rootfstype=${spirootfstype}
spiboot=echo Booting from spi ...; run spiargs; sf probe ${spibusno}:0; sf read ${loadaddr} ${spisrcaddr} ${spiimgsize}; bootz ${loadaddr}
spibusno=0
spiimgsize=0x362000
spiroot=/dev/mtdblock4 rw
spirootfstype=jffs2
spisrcaddr=0xe0000
static_ip=${ipaddr}:${serverip}:${gatewayip}:${netmask}:${hostname}::off
stderr=serial
stdin=serial
stdout=serial
usbnet_devaddr=c8:a0:30:b0:7b:9a
vendor=ti
ver=U-Boot 2014.07-g7e537bf (Mar 20 2015 - 12:02:24)
Environment size: 4702/131068 bytes
U-Boot# 
- 07:00:59 [INFO] Host: printenv
- 07:00:59 [INFO] Target: 
printenv
arch=arm
autoload=no
baudrate=115200
board=am335x
board_name=A335BNLT
board_rev=0A5C
boot_fdt=try
bootargs=console=ttyO0,115200n8 earlyprintk rootwait 
bootcmd=
bootcount=1
bootdelay=1
bootdir=/boot
bootenv=uEnv.txt
bootfile=zImage
bootm_size=0x10000000
bootpart=0:2
console=ttyO0,115200n8
cpu=armv7
dfu_alt_info_emmc=rawemmc raw 0 3751936;boot part 1 1;rootfs part 1 2;MLO fat 1 1;MLO.raw raw 0x100 0x100;u-boot.img.raw raw 0x300 0x400;spl-os-args.raw raw 0x80 0x80;spl-os-image.raw raw 0x900 0x2000;spl-os-args fat 1 1;spl-os-image fat 1 1;u-boot.img fat 1 1;uEnv.txt fat 1 1
dfu_alt_info_mmc=boot part 0 1;rootfs part 0 2;MLO fat 0 1;MLO.raw raw 0x100 0x100;u-boot.img.raw raw 0x300 0x400;spl-os-args.raw raw 0x80 0x80;spl-os-image.raw raw 0x900 0x2000;spl-os-args fat 0 1;spl-os-image fat 0 1;u-boot.img fat 0 1;uEnv.txt fat 0 1
dfu_alt_info_nand=SPL part 0 1;SPL.backup1 part 0 2;SPL.backup2 part 0 3;SPL.backup3 part 0 4;u-boot part 0 5;u-boot-spl-os part 0 6;kernel part 0 8;rootfs part 0 9
dfu_alt_info_ram=kernel ram 0x80200000 0xD80000;fdt ram 0x80F80000 0x80000;ramdisk ram 0x81000000 0x4000000
eth1addr=c8:a0:30:b0:7b:9a
ethact=cpsw
ethaddr=c8:a0:30:b0:7b:98
fdt_addr_r=0x88000000
fdtaddr=0x88000000
fdtfile=undefined
findfdt=if test $board_name = A335BONE; then setenv fdtfile am335x-bone.dtb; fi; if test $board_name = A335BNLT; then setenv fdtfile am335x-boneblack.dtb; fi; if test $board_name = A33515BB; then setenv fdtfile am335x-evm.dtb; fi; if test $board_name = A335X_SK; then setenv fdtfile am335x-evmsk.dtb; fi; if test $fdtfile = undefined; then echo WARNING: Could not determine device tree to use; fi; 
importbootenv=echo Importing environment from mmc ...; env import -t -r $loadaddr $filesize
kernel_addr_r=0x82000000
loadaddr=0x82000000
loadbootenv=load mmc ${mmcdev} ${loadaddr} ${bootenv}
loadfdt=load mmc ${bootpart} ${fdtaddr} ${bootdir}/${fdtfile}
loadimage=load mmc ${bootpart} ${loadaddr} ${bootdir}/${bootfile}
loadramdisk=load mmc ${mmcdev} ${rdaddr} ramdisk.gz
mmcargs=setenv bootargs console=${console} ${optargs} root=${mmcroot} rootfstype=${mmcrootfstype}
mmcboot=mmc dev ${mmcdev}; if mmc rescan; then echo SD/MMC found on device ${mmcdev};if run loadbootenv; then echo Loaded environment from ${bootenv};run importbootenv;fi;if test -n $uenvcmd; then echo Running uenvcmd ...;run uenvcmd;fi;if run loadimage; then run mmcloados;fi;fi;
mmcdev=0
mmcloados=run mmcargs; if test ${boot_fdt} = yes || test ${boot_fdt} = try; then if run loadfdt; then bootz ${loadaddr} - ${fdtaddr}; else if test ${boot_fdt} = try; then bootz; else echo WARN: Cannot load the DT; fi; fi; else bootz; fi;
mmcroot=/dev/mmcblk0p2 ro
mmcrootfstype=ext4 rootwait
mtdids=nand0=nand.0
mtdparts=mtdparts=nand.0:128k(NAND.SPL),128k(NAND.SPL.backup1),128k(NAND.SPL.backup2),128k(NAND.SPL.backup3),256k(NAND.u-boot-spl-os),1m(NAND.u-boot),128k(NAND.u-boot-env),128k(NAND.u-boot-env.backup1),8m(NAND.kernel),-(NAND.file-system)
nandargs=setenv bootargs console=${console} ${optargs} root=${nandroot} rootfstype=${nandrootfstype}
nandboot=echo Booting from nand ...; run nandargs; nand read ${fdtaddr} NAND.u-boot-spl-os; nand read ${loadaddr} NAND.kernel; bootz ${loadaddr} - ${fdtaddr}
nandroot=ubi0:rootfs rw ubi.mtd=NAND.file-system,2048
nandrootfstype=ubifs rootwait=1
netargs=setenv bootargs console=${console} ${optargs} root=/dev/nfs nfsroot=${serverip}:${rootpath},${nfsopts} rw ip=dhcp
netboot=echo Booting from network ...; setenv autoload no; dhcp; tftp ${loadaddr} ${bootfile}; tftp ${fdtaddr} ${fdtfile}; run netargs; bootz ${loadaddr} - ${fdtaddr}
nfsopts=nolock
partitions=uuid_disk=${uuid_gpt_disk};name=rootfs,start=2MiB,size=-,uuid=${uuid_gpt_rootfs}
ramargs=setenv bootargs console=${console} ${optargs} root=${ramroot} rootfstype=${ramrootfstype}
ramboot=echo Booting from ramdisk ...; run ramargs; bootz ${loadaddr} ${rdaddr} ${fdtaddr}
ramdisk_addr_r=0x88080000
ramroot=/dev/ram0 rw
ramrootfstype=ext2
rdaddr=0x88080000
rootpath=/export/rootfs
serverip=192.168.0.1
soc=am33xx
spiargs=setenv bootargs console=${console} ${optargs} root=${spiroot} rootfstype=${spirootfstype}
spiboot=echo Booting from spi ...; run spiargs; sf probe ${spibusno}:0; sf read ${loadaddr} ${spisrcaddr} ${spiimgsize}; bootz ${loadaddr}
spibusno=0
spiimgsize=0x362000
spiroot=/dev/mtdblock4 rw
spirootfstype=jffs2
spisrcaddr=0xe0000
static_ip=${ipaddr}:${serverip}:${gatewayip}:${netmask}:${hostname}::off
stderr=serial
stdin=serial
stdout=serial
usbnet_devaddr=c8:a0:30:b0:7b:9a
vendor=ti
ver=U-Boot 2014.07-g7e537bf (Mar 20 2015 - 12:02:24)
Environment size: 4702/131068 bytes
U-Boot# 
- 07:00:59 [INFO] Host: setenv bootargs ''${bootargs}' ip=:::::eth0:dhcp '
- 07:01:00 [INFO] Target: 
setenv bootargs ''${bootargs}' ip=:::::eth0:dhcp '
U-Boot# 
- 07:01:00 [INFO] Host: setenv serverip '192.168.0.1'
- 07:01:00 [INFO] Target: 
setenv serverip '192.168.0.1'
U-Boot# 
- 07:01:00 [INFO] Host: setenv autoload 'no'
- 07:01:00 [INFO] Target: 
setenv autoload 'no'
U-Boot# 
- 07:01:00 [INFO] Host: dhcp
- 07:01:01 [INFO] Target: 
dhcp
link up on port 0, speed 100, full duplex
BOOTP broadcast 1
DHCP client bound to address 192.168.0.105
U-Boot# 
- 07:01:01 [INFO] Host: tftp ${loadaddr} 192.168.0.1:vatf_bbb2/ed1a3921e74f8d8a0699f163242fa28c
- 07:01:03 [INFO] Target: 
tftp ${loadaddr} 192.168.0.1:vatf_bbb2/ed1a3921e74f8d8a0699f163242fa28c
link up on port 0, speed 100, full duplex
Using cpsw device
TFTP from server 192.168.0.1; our IP address is 192.168.0.105
Filename 'vatf_bbb2/ed1a3921e74f8d8a0699f163242fa28c'.
Load address: 0x82000000
Loading: *#################################################################
	 #################################################################
	 #################################################################
	 #################################################################
	 #################################################################
	 #################################################################
	 #########################################################
	 3.7 MiB/s
done
Bytes transferred = 6560128 (641980 hex)
U-Boot# 
- 07:01:03 [INFO] Host: tftp ${fdt_addr_r} 192.168.0.1:vatf_bbb2/6c7b03a7c3f85bfd097e6f3610d1497b
- 07:01:03 [INFO] Target: 
tftp ${fdt_addr_r} 192.168.0.1:vatf_bbb2/6c7b03a7c3f85bfd097e6f3610d1497b
link up on port 0, speed 100, full duplex
Using cpsw device
TFTP from server 192.168.0.1; our IP address is 192.168.0.105
Filename 'vatf_bbb2/6c7b03a7c3f85bfd097e6f3610d1497b'.
Load address: 0x88000000
Loading: *###
	 2.7 MiB/s
done
Bytes transferred = 31395 (7aa3 hex)
U-Boot# 
- 07:01:03 [INFO] Host: ls mmc 0:1
- 07:01:03 [INFO] Target: 
ls mmc 0:1
    77172   mlo 
   446416   u-boot.img 
        0   pointercal 
       14   .ipaddr 
        4   ws-calibrate.rules 
5 file(s), 0 dir(s)
U-Boot# 
- 07:01:03 [INFO] Host: ls mmc 0:2
- 07:01:03 [INFO] Target: 
ls mmc 0:2
<DIR>       4096 .
<DIR>       4096 ..
<DIR>       4096 bin
<DIR>       4096 dev
<DIR>       4096 sys
<DIR>       4096 lib
<DIR>       4096 srv
<DIR>       4096 mnt
<DIR>       4096 proc
<DIR>       4096 boot
<DIR>       4096 sbin
<DIR>       4096 run
<SYM>          8 tmp
<DIR>       4096 home
<DIR>       4096 var
<DIR>       4096 www
<DIR>       4096 opt
<DIR>       4096 usr
<DIR>       4096 media
<DIR>       4096 etc
<DIR>       4096 test
U-Boot# 
- 07:01:03 [INFO] Host: part uuid mmc 0:2
- 07:01:03 [INFO] Target: 
part uuid mmc 0:2
00000000-02
U-Boot# 
- 07:01:03 [INFO] Host: printenv
- 07:01:04 [INFO] Target: 
printenv
arch=arm
autoload=no
baudrate=115200
board=am335x
board_name=A335BNLT
board_rev=0A5C
boot_fdt=try
bootargs=console=ttyO0,115200n8 earlyprintk rootwait  ip=:::::eth0:dhcp 
bootcmd=
bootcount=1
bootdelay=1
bootdir=/boot
bootenv=uEnv.txt
bootfile=zImage
bootm_size=0x10000000
bootpart=0:2
console=ttyO0,115200n8
cpu=armv7
dfu_alt_info_emmc=rawemmc raw 0 3751936;boot part 1 1;rootfs part 1 2;MLO fat 1 1;MLO.raw raw 0x100 0x100;u-boot.img.raw raw 0x300 0x400;spl-os-args.raw raw 0x80 0x80;spl-os-image.raw raw 0x900 0x2000;spl-os-args fat 1 1;spl-os-image fat 1 1;u-boot.img fat 1 1;uEnv.txt fat 1 1
dfu_alt_info_mmc=boot part 0 1;rootfs part 0 2;MLO fat 0 1;MLO.raw raw 0x100 0x100;u-boot.img.raw raw 0x300 0x400;spl-os-args.raw raw 0x80 0x80;spl-os-image.raw raw 0x900 0x2000;spl-os-args fat 0 1;spl-os-image fat 0 1;u-boot.img fat 0 1;uEnv.txt fat 0 1
dfu_alt_info_nand=SPL part 0 1;SPL.backup1 part 0 2;SPL.backup2 part 0 3;SPL.backup3 part 0 4;u-boot part 0 5;u-boot-spl-os part 0 6;kernel part 0 8;rootfs part 0 9
dfu_alt_info_ram=kernel ram 0x80200000 0xD80000;fdt ram 0x80F80000 0x80000;ramdisk ram 0x81000000 0x4000000
dnsip=192.0.2.2
dnsip2=192.0.2.3
eth1addr=c8:a0:30:b0:7b:9a
ethact=cpsw
ethaddr=c8:a0:30:b0:7b:98
fdt_addr_r=0x88000000
fdtaddr=0x88000000
fdtfile=undefined
fileaddr=88000000
filesize=7aa3
findfdt=if test $board_name = A335BONE; then setenv fdtfile am335x-bone.dtb; fi; if test $board_name = A335BNLT; then setenv fdtfile am335x-boneblack.dtb; fi; if test $board_name = A33515BB; then setenv fdtfile am335x-evm.dtb; fi; if test $board_name = A335X_SK; then setenv fdtfile am335x-evmsk.dtb; fi; if test $fdtfile = undefined; then echo WARNING: Could not determine device tree to use; fi; 
gatewayip=192.168.0.1
importbootenv=echo Importing environment from mmc ...; env import -t -r $loadaddr $filesize
ipaddr=192.168.0.105
kernel_addr_r=0x82000000
loadaddr=0x82000000
loadbootenv=load mmc ${mmcdev} ${loadaddr} ${bootenv}
loadfdt=load mmc ${bootpart} ${fdtaddr} ${bootdir}/${fdtfile}
loadimage=load mmc ${bootpart} ${loadaddr} ${bootdir}/${bootfile}
loadramdisk=load mmc ${mmcdev} ${rdaddr} ramdisk.gz
mmcargs=setenv bootargs console=${console} ${optargs} root=${mmcroot} rootfstype=${mmcrootfstype}
mmcboot=mmc dev ${mmcdev}; if mmc rescan; then echo SD/MMC found on device ${mmcdev};if run loadbootenv; then echo Loaded environment from ${bootenv};run importbootenv;fi;if test -n $uenvcmd; then echo Running uenvcmd ...;run uenvcmd;fi;if run loadimage; then run mmcloados;fi;fi;
mmcdev=0
mmcloados=run mmcargs; if test ${boot_fdt} = yes || test ${boot_fdt} = try; then if run loadfdt; then bootz ${loadaddr} - ${fdtaddr}; else if test ${boot_fdt} = try; then bootz; else echo WARN: Cannot load the DT; fi; fi; else bootz; fi;
mmcroot=/dev/mmcblk0p2 ro
mmcrootfstype=ext4 rootwait
mtdids=nand0=nand.0
mtdparts=mtdparts=nand.0:128k(NAND.SPL),128k(NAND.SPL.backup1),128k(NAND.SPL.backup2),128k(NAND.SPL.backup3),256k(NAND.u-boot-spl-os),1m(NAND.u-boot),128k(NAND.u-boot-env),128k(NAND.u-boot-env.backup1),8m(NAND.kernel),-(NAND.file-system)
nandargs=setenv bootargs console=${console} ${optargs} root=${nandroot} rootfstype=${nandrootfstype}
nandboot=echo Booting from nand ...; run nandargs; nand read ${fdtaddr} NAND.u-boot-spl-os; nand read ${loadaddr} NAND.kernel; bootz ${loadaddr} - ${fdtaddr}
nandroot=ubi0:rootfs rw ubi.mtd=NAND.file-system,2048
nandrootfstype=ubifs rootwait=1
netargs=setenv bootargs console=${console} ${optargs} root=/dev/nfs nfsroot=${serverip}:${rootpath},${nfsopts} rw ip=dhcp
netboot=echo Booting from network ...; setenv autoload no; dhcp; tftp ${loadaddr} ${bootfile}; tftp ${fdtaddr} ${fdtfile}; run netargs; bootz ${loadaddr} - ${fdtaddr}
netmask=255.255.255.0
nfsopts=nolock
partitions=uuid_disk=${uuid_gpt_disk};name=rootfs,start=2MiB,size=-,uuid=${uuid_gpt_rootfs}
ramargs=setenv bootargs console=${console} ${optargs} root=${ramroot} rootfstype=${ramrootfstype}
ramboot=echo Booting from ramdisk ...; run ramargs; bootz ${loadaddr} ${rdaddr} ${fdtaddr}
ramdisk_addr_r=0x88080000
ramroot=/dev/ram0 rw
ramrootfstype=ext2
rdaddr=0x88080000
rootpath=/export/rootfs
serverip=192.168.0.1
soc=am33xx
spiargs=setenv bootargs console=${console} ${optargs} root=${spiroot} rootfstype=${spirootfstype}
spiboot=echo Booting from spi ...; run spiargs; sf probe ${spibusno}:0; sf read ${loadaddr} ${spisrcaddr} ${spiimgsize}; bootz ${loadaddr}
spibusno=0
spiimgsize=0x362000
spiroot=/dev/mtdblock4 rw
spirootfstype=jffs2
spisrcaddr=0xe0000
static_ip=${ipaddr}:${serverip}:${gatewayip}:${netmask}:${hostname}::off
stderr=serial
stdin=serial
stdout=serial
usbnet_devaddr=c8:a0:30:b0:7b:9a
vendor=ti
ver=U-Boot 2014.07-g7e537bf (Mar 20 2015 - 12:02:24)
Environment size: 4865/131068 bytes
U-Boot# 
- 07:01:04 [INFO] Host: setenv bootargs ''${bootargs}' root=PARTUUID=00000000-02 rw rootfstype=ext4 rootwait '
- 07:01:04 [INFO] Target: 
setenv bootargs ''${bootargs}' root=PARTUUID=00000000-02 rw rootfstype=ext4 rootwait '
U-Boot# 
- 07:01:04 [INFO] Host: printenv
- 07:01:04 [INFO] Target: 
printenv
arch=arm
autoload=no
baudrate=115200
board=am335x
board_name=A335BNLT
board_rev=0A5C
boot_fdt=try
bootargs=console=ttyO0,115200n8 earlyprintk rootwait  ip=:::::eth0:dhcp  root=PARTUUID=00000000-02 rw rootfstype=ext4 rootwait 
bootcmd=
bootcount=1
bootdelay=1
bootdir=/boot
bootenv=uEnv.txt
bootfile=zImage
bootm_size=0x10000000
bootpart=0:2
console=ttyO0,115200n8
cpu=armv7
dfu_alt_info_emmc=rawemmc raw 0 3751936;boot part 1 1;rootfs part 1 2;MLO fat 1 1;MLO.raw raw 0x100 0x100;u-boot.img.raw raw 0x300 0x400;spl-os-args.raw raw 0x80 0x80;spl-os-image.raw raw 0x900 0x2000;spl-os-args fat 1 1;spl-os-image fat 1 1;u-boot.img fat 1 1;uEnv.txt fat 1 1
dfu_alt_info_mmc=boot part 0 1;rootfs part 0 2;MLO fat 0 1;MLO.raw raw 0x100 0x100;u-boot.img.raw raw 0x300 0x400;spl-os-args.raw raw 0x80 0x80;spl-os-image.raw raw 0x900 0x2000;spl-os-args fat 0 1;spl-os-image fat 0 1;u-boot.img fat 0 1;uEnv.txt fat 0 1
dfu_alt_info_nand=SPL part 0 1;SPL.backup1 part 0 2;SPL.backup2 part 0 3;SPL.backup3 part 0 4;u-boot part 0 5;u-boot-spl-os part 0 6;kernel part 0 8;rootfs part 0 9
dfu_alt_info_ram=kernel ram 0x80200000 0xD80000;fdt ram 0x80F80000 0x80000;ramdisk ram 0x81000000 0x4000000
dnsip=192.0.2.2
dnsip2=192.0.2.3
eth1addr=c8:a0:30:b0:7b:9a
ethact=cpsw
ethaddr=c8:a0:30:b0:7b:98
fdt_addr_r=0x88000000
fdtaddr=0x88000000
fdtfile=undefined
fileaddr=88000000
filesize=7aa3
findfdt=if test $board_name = A335BONE; then setenv fdtfile am335x-bone.dtb; fi; if test $board_name = A335BNLT; then setenv fdtfile am335x-boneblack.dtb; fi; if test $board_name = A33515BB; then setenv fdtfile am335x-evm.dtb; fi; if test $board_name = A335X_SK; then setenv fdtfile am335x-evmsk.dtb; fi; if test $fdtfile = undefined; then echo WARNING: Could not determine device tree to use; fi; 
gatewayip=192.168.0.1
importbootenv=echo Importing environment from mmc ...; env import -t -r $loadaddr $filesize
ipaddr=192.168.0.105
kernel_addr_r=0x82000000
loadaddr=0x82000000
loadbootenv=load mmc ${mmcdev} ${loadaddr} ${bootenv}
loadfdt=load mmc ${bootpart} ${fdtaddr} ${bootdir}/${fdtfile}
loadimage=load mmc ${bootpart} ${loadaddr} ${bootdir}/${bootfile}
loadramdisk=load mmc ${mmcdev} ${rdaddr} ramdisk.gz
mmcargs=setenv bootargs console=${console} ${optargs} root=${mmcroot} rootfstype=${mmcrootfstype}
mmcboot=mmc dev ${mmcdev}; if mmc rescan; then echo SD/MMC found on device ${mmcdev};if run loadbootenv; then echo Loaded environment from ${bootenv};run importbootenv;fi;if test -n $uenvcmd; then echo Running uenvcmd ...;run uenvcmd;fi;if run loadimage; then run mmcloados;fi;fi;
mmcdev=0
mmcloados=run mmcargs; if test ${boot_fdt} = yes || test ${boot_fdt} = try; then if run loadfdt; then bootz ${loadaddr} - ${fdtaddr}; else if test ${boot_fdt} = try; then bootz; else echo WARN: Cannot load the DT; fi; fi; else bootz; fi;
mmcroot=/dev/mmcblk0p2 ro
mmcrootfstype=ext4 rootwait
mtdids=nand0=nand.0
mtdparts=mtdparts=nand.0:128k(NAND.SPL),128k(NAND.SPL.backup1),128k(NAND.SPL.backup2),128k(NAND.SPL.backup3),256k(NAND.u-boot-spl-os),1m(NAND.u-boot),128k(NAND.u-boot-env),128k(NAND.u-boot-env.backup1),8m(NAND.kernel),-(NAND.file-system)
nandargs=setenv bootargs console=${console} ${optargs} root=${nandroot} rootfstype=${nandrootfstype}
nandboot=echo Booting from nand ...; run nandargs; nand read ${fdtaddr} NAND.u-boot-spl-os; nand read ${loadaddr} NAND.kernel; bootz ${loadaddr} - ${fdtaddr}
nandroot=ubi0:rootfs rw ubi.mtd=NAND.file-system,2048
nandrootfstype=ubifs rootwait=1
netargs=setenv bootargs console=${console} ${optargs} root=/dev/nfs nfsroot=${serverip}:${rootpath},${nfsopts} rw ip=dhcp
netboot=echo Booting from network ...; setenv autoload no; dhcp; tftp ${loadaddr} ${bootfile}; tftp ${fdtaddr} ${fdtfile}; run netargs; bootz ${loadaddr} - ${fdtaddr}
netmask=255.255.255.0
nfsopts=nolock
partitions=uuid_disk=${uuid_gpt_disk};name=rootfs,start=2MiB,size=-,uuid=${uuid_gpt_rootfs}
ramargs=setenv bootargs console=${console} ${optargs} root=${ramroot} rootfstype=${ramrootfstype}
ramboot=echo Booting from ramdisk ...; run ramargs; bootz ${loadaddr} ${rdaddr} ${fdtaddr}
ramdisk_addr_r=0x88080000
ramroot=/dev/ram0 rw
ramrootfstype=ext2
rdaddr=0x88080000
rootpath=/export/rootfs
serverip=192.168.0.1
soc=am33xx
spiargs=setenv bootargs console=${console} ${optargs} root=${spiroot} rootfstype=${spirootfstype}
spiboot=echo Booting from spi ...; run spiargs; sf probe ${spibusno}:0; sf read ${loadaddr} ${spisrcaddr} ${spiimgsize}; bootz ${loadaddr}
spibusno=0
spiimgsize=0x362000
spiroot=/dev/mtdblock4 rw
spirootfstype=jffs2
spisrcaddr=0xe0000
static_ip=${ipaddr}:${serverip}:${gatewayip}:${netmask}:${hostname}::off
stderr=serial
stdin=serial
stdout=serial
usbnet_devaddr=c8:a0:30:b0:7b:9a
vendor=ti
ver=U-Boot 2014.07-g7e537bf (Mar 20 2015 - 12:02:24)
Environment size: 4920/131068 bytes
U-Boot# 
- 07:01:04 [INFO] Host: setenv bootcmd ''${bootcmd}' if iminfo ${loadaddr}; then bootm ${loadaddr} - ${fdt_addr_r}; else bootz ${loadaddr} - ${fdt_addr_r}; bootm ${loadaddr} - ${fdt_addr_r}; fi'
- 07:01:04 [INFO] Target: 
setenv bootcmd ''${bootcmd}' if iminfo ${loadaddr}; then bootm ${loadaddr} - ${fdt_addr_r}; else bootz ${loadaddr} - ${fdt_addr_r}; bootm ${loadaddr} - ${fdt_addr_r}; fi'
U-Boot# 
- 07:01:04 [INFO] Host: version
- 07:01:04 [INFO] Target: 
version
U-Boot 2014.07-g7e537bf (Mar 20 2015 - 12:02:24)
arm-linux-gnueabihf-gcc (crosstool-NG linaro-1.13.1-4.7-2013.03-20130313 - Linaro GCC 2013.03) 4.7.3 20130226 (prerelease)
GNU ld (crosstool-NG linaro-1.13.1-4.7-2013.03-20130313 - Linaro GCC 2013.03) 2.23.1
U-Boot# 
- 07:01:04 [INFO] Host: bdinfo
- 07:01:05 [INFO] Target: 
bdinfo
arch_number = 0x00000E05
boot_params = 0x80000100
DRAM bank   = 0x00000000
-> start    = 0x80000000
-> size     = 0x20000000
eth0name    = cpsw
ethaddr     = c8:a0:30:b0:7b:98
eth1name    = usb_ether
eth1addr    = c8:a0:30:b0:7b:9a
current eth = cpsw
ip_addr     = 192.168.0.105
baudrate    = 115200 bps
TLB addr    = 0x9FFF0000
relocaddr   = 0x9F741000
reloc off   = 0x1EF41000
irq_sp      = 0x9E720EE0
sp start    = 0x9E720ED0
U-Boot# 
- 07:01:05 [INFO] Host: mmc rescan; echo $?
- 07:01:05 [INFO] Target: 
mmc rescan; echo $?
U-Boot# 
- 07:01:05 [INFO] Host: fatwrite mmc ${mmcdev}:1 ${loadaddr} ws-calibrate.rules 4
- 07:01:05 [INFO] Target: 
fatwrite mmc ${mmcdev}:1 ${loadaddr} ws-calibrate.rules 4
writing ws-calibrate.rules
4 bytes written
U-Boot# 
- 07:01:05 [INFO] Host: boot
- 07:04:35 [ERROR] On command: boot waiting for boot.+?(?-mix:login:) >>> error: execution expired
- 07:04:35 [INFO] Target: 
boot
## Checking Image at 82000000 ...
Unknown image format!
Kernel image @ 0x82000000 [ 0x000000 - 0x641980 ]
## Flattened Device Tree blob at 88000000
   Booting using the fdt blob at 0x88000000
   Loading Device Tree to 8fff5000, end 8ffffaa2 ... OK
Starting kernel ...
[    0.000000] Booting Linux on physical CPU 0x0
[    0.000000] Linux version 4.4.0-rc4-next-20151209-00002-g014f41951744 (nmenon@kahuna) (gcc version 4.6.3 (Ubuntu/Linaro 4.6.3-1ubuntu5) ) #1 SMP Wed Dec 9 06:03:07 CST 2015
[    0.000000] CPU: ARMv7 Processor [413fc082] revision 2 (ARMv7), cr=10c5387d
[    0.000000] CPU: PIPT / VIPT nonaliasing data cache, VIPT aliasing instruction cache
[    0.000000] Machine model: TI AM335x BeagleBone Black
[    0.000000] cma: Reserved 64 MiB at 0x9b800000
[    0.000000] Memory policy: Data cache writeback
[    0.000000] CPU: All CPU(s) started in SVC mode.
[    0.000000] AM335X ES2.0 (sgx neon )
[    0.000000] PERCPU: Embedded 12 pages/cpu @df9a4000 s19200 r8192 d21760 u49152
[    0.000000] Built 1 zonelists in Zone order, mobility grouping on.  Total pages: 129536
[    0.000000] Kernel command line: console=ttyO0,115200n8 earlyprintk rootwait  ip=:::::eth0:dhcp  root=PARTUUID=00000000-02 rw rootfstype=ext4 rootwait 
[    0.000000] PID hash table entries: 2048 (order: 1, 8192 bytes)
[    0.000000] Dentry cache hash table entries: 65536 (order: 6, 262144 bytes)
[    0.000000] Inode-cache hash table entries: 32768 (order: 5, 131072 bytes)
[    0.000000] Memory: 451808K/522240K available (8339K kernel code, 1089K rwdata, 3832K rodata, 1024K init, 344K bss, 4896K reserved, 65536K cma-reserved, 0K highmem)
[    0.000000] Virtual kernel memory layout:
[    0.000000]     vector  : 0xffff0000 - 0xffff1000   (   4 kB)
[    0.000000]     fixmap  : 0xffc00000 - 0xfff00000   (3072 kB)
[    0.000000]     vmalloc : 0xe0800000 - 0xff800000   ( 496 MB)
[    0.000000]     lowmem  : 0xc0000000 - 0xe0000000   ( 512 MB)
[    0.000000]     pkmap   : 0xbfe00000 - 0xc0000000   (   2 MB)
[    0.000000]     modules : 0xbf000000 - 0xbfe00000   (  14 MB)
[    0.000000]       .text : 0xc0208000 - 0xc0debd1c   (12176 kB)
[    0.000000]       .init : 0xc0dec000 - 0xc0eec000   (1024 kB)
[    0.000000]       .data : 0xc0eec000 - 0xc0ffc740   (1090 kB)
[    0.000000]        .bss : 0xc0fff000 - 0xc10550a0   ( 345 kB)
[    0.000000] SLUB: HWalign=64, Order=0-3, MinObjects=0, CPUs=1, Nodes=1
[    0.000000] Hierarchical RCU implementation.
[    0.000000] 	Build-time adjustment of leaf fanout to 32.
[    0.000000] 	RCU restricting CPUs from NR_CPUS=16 to nr_cpu_ids=1.
[    0.000000] RCU: Adjusting geometry for rcu_fanout_leaf=32, nr_cpu_ids=1
[    0.000000] NR_IRQS:16 nr_irqs:16 16
[    0.000000] IRQ: Found an INTC at 0xfa200000 (revision 5.0) with 128 interrupts
[    0.000000] OMAP clockevent source: timer2 at 24000000 Hz
[    0.000013] sched_clock: 32 bits at 24MHz, resolution 41ns, wraps every 89478484971ns
[    0.000032] clocksource: timer1: mask: 0xffffffff max_cycles: 0xffffffff, max_idle_ns: 79635851949 ns
[    0.000043] OMAP clocksource: timer1 at 24000000 Hz
[    0.000216] Console: colour dummy device 80x30
[    0.000249] Calibrating delay loop... 997.78 BogoMIPS (lpj=2494464)
[    0.059325] pid_max: default: 32768 minimum: 301
[    0.059455] Mount-cache hash table entries: 1024 (order: 0, 4096 bytes)
[    0.059466] Mountpoint-cache hash table entries: 1024 (order: 0, 4096 bytes)
[    0.060123] CPU: Testing write buffer coherency: ok
[    0.060459] CPU0: thread -1, cpu 0, socket -1, mpidr 0
[    0.060543] Setting up static identity map for 0x80209000 - 0x80209098
[    0.063432] Brought up 1 CPUs
[    0.063450] SMP: Total of 1 processors activated (997.78 BogoMIPS).
[    0.063458] CPU: All CPU(s) started in SVC mode.
[    0.064835] devtmpfs: initialized
[    0.073423] VFP support v0.3: implementor 41 architecture 3 part 30 variant c rev 3
[    0.074188] clocksource: jiffies: mask: 0xffffffff max_cycles: 0xffffffff, max_idle_ns: 9556302231375000 ns
[    0.078606] pinctrl core: initialized pinctrl subsystem
[    0.080859] NET: Registered protocol family 16
[    0.082996] DMA: preallocated 256 KiB pool for atomic coherent allocations
[    0.093455] omap_hwmod: tptc0 using broken dt data from edma
[    0.093579] omap_hwmod: tptc1 using broken dt data from edma
[    0.093684] omap_hwmod: tptc2 using broken dt data from edma
[    0.098256] omap_hwmod: debugss: _wait_target_disable failed
[    0.154172] cpuidle: using governor ladder
[    0.154194] cpuidle: using governor menu
[    0.158372] OMAP GPIO hardware version 0.1
[    0.167511] No ATAGs?
[    0.167540] hw-breakpoint: debug architecture 0x4 unsupported.
[    0.168132] omap4_sram_init:Unable to allocate sram needed to handle errata I688
[    0.168143] omap4_sram_init:Unable to get sram pool needed to handle errata I688
[    0.171218] Serial: AMBA PL011 UART driver
[    0.184535] edma 49000000.edma: Legacy memcpy is enabled, things might not work
[    0.189988] edma 49000000.edma: TI EDMA DMA engine driver
[    0.193108] vgaarb: loaded
[    0.194119] SCSI subsystem initialized
[    0.194822] usbcore: registered new interface driver usbfs
[    0.194888] usbcore: registered new interface driver hub
[    0.194949] usbcore: registered new device driver usb
[    0.195655] omap_i2c 44e0b000.i2c: could not find pctldev for node /ocp/l4_wkup@44c00000/scm@210000/pinmux@800/pinmux_i2c0_pins, deferring probe
[    0.195703] omap_i2c 4819c000.i2c: could not find pctldev for node /ocp/l4_wkup@44c00000/scm@210000/pinmux@800/pinmux_i2c2_pins, deferring probe
[    0.196261] pps_core: LinuxPPS API ver. 1 registered
[    0.196270] pps_core: Software ver. 5.3.6 - Copyright 2005-2007 Rodolfo Giometti <giometti@linux.it>
[    0.196302] PTP clock support registered
[    0.196478] EDAC MC: Ver: 3.0.0
[    0.199123] clocksource: Switched to clocksource timer1
[    0.209553] NET: Registered protocol family 2
[    0.210181] TCP established hash table entries: 4096 (order: 2, 16384 bytes)
[    0.210228] TCP bind hash table entries: 4096 (order: 3, 32768 bytes)
[    0.210286] TCP: Hash tables configured (established 4096 bind 4096)
[    0.210356] UDP hash table entries: 256 (order: 1, 8192 bytes)
[    0.210376] UDP-Lite hash table entries: 256 (order: 1, 8192 bytes)
[    0.210526] NET: Registered protocol family 1
[    0.210919] RPC: Registered named UNIX socket transport module.
[    0.210931] RPC: Registered udp transport module.
[    0.210937] RPC: Registered tcp transport module.
[    0.210943] RPC: Registered tcp NFSv4.1 backchannel transport module.
[    0.211942] hw perfevents: enabled with armv7_cortex_a8 PMU driver, 5 counters available
[    0.213764] futex hash table entries: 256 (order: 2, 16384 bytes)
[    0.225948] squashfs: version 4.0 (2009/01/31) Phillip Lougher
[    0.226991] NFS: Registering the id_resolver key type
[    0.227052] Key type id_resolver registered
[    0.227060] Key type id_legacy registered
[    0.227132] ntfs: driver 2.1.32 [Flags: R/O].
[    0.228840] Block layer SCSI generic (bsg) driver version 0.4 loaded (major 249)
[    0.228866] io scheduler noop registered
[    0.228877] io scheduler deadline registered
[    0.228912] io scheduler cfq registered (default)
[    0.232399] pinctrl-single 44e10800.pinmux: 142 pins at pa f9e10800 size 568
[    0.297161] Serial: 8250/16550 driver, 4 ports, IRQ sharing disabled
[    0.299699] SuperH (H)SCI(F) driver initialized
[    0.300347] msm_serial: driver initialized
[    0.300871] omap_uart 44e09000.serial: no wakeirq for uart0
[    0.301037] 44e09000.serial: ttyO0 at MMIO 0x44e09000 (irq = 155, base_baud = 3000000) is a OMAP UART0
[    0.984975] console [ttyO0] enabled
[    0.989143] STMicroelectronics ASC driver initialized
[    0.995766] [drm] Initialized drm 1.1.0 20060810
[    1.008854] loop: module loaded
[    1.018424] libphy: Fixed MDIO Bus: probed
[    1.023525] CAN device driver interface
[    1.028553] igb: Intel(R) Gigabit Ethernet Network Driver - version 5.3.0-k
[    1.035893] igb: Copyright (c) 2007-2014 Intel Corporation.
[    1.094165] davinci_mdio 4a101000.mdio: davinci mdio revision 1.6
[    1.100606] davinci_mdio 4a101000.mdio: detected phy mask fffffffe
[    1.107976] libphy: 4a101000.mdio: probed
[    1.112272] davinci_mdio 4a101000.mdio: phy[0]: device 4a101000.mdio:00, driver SMSC LAN8710/LAN8720
[    1.123478] cpsw 4a100000.ethernet: Detected MACID = c8:a0:30:b0:7b:98
[    1.131739] pegasus: v0.9.3 (2013/04/25), Pegasus/Pegasus II USB Ethernet driver
[    1.139690] usbcore: registered new interface driver pegasus
[    1.145732] usbcore: registered new interface driver asix
[    1.151467] usbcore: registered new interface driver ax88179_178a
[    1.157927] usbcore: registered new interface driver cdc_ether
[    1.164151] usbcore: registered new interface driver smsc75xx
[    1.170261] usbcore: registered new interface driver smsc95xx
[    1.176350] usbcore: registered new interface driver net1080
[    1.182356] usbcore: registered new interface driver cdc_subset
[    1.188629] usbcore: registered new interface driver zaurus
[    1.194588] usbcore: registered new interface driver cdc_ncm
[    1.202006] ehci_hcd: USB 2.0 'Enhanced' Host Controller (EHCI) Driver
[    1.208929] ehci-pci: EHCI PCI platform driver
[    1.213678] ehci-platform: EHCI generic platform driver
[    1.219359] ehci-omap: OMAP-EHCI Host Controller driver
[    1.224994] ehci-orion: EHCI orion driver
[    1.229342] SPEAr-ehci: EHCI SPEAr driver
[    1.233657] ehci-st: EHCI STMicroelectronics driver
[    1.238917] ehci-exynos: EHCI EXYNOS driver
[    1.243470] ehci-atmel: EHCI Atmel driver
[    1.247814] tegra-ehci: Tegra EHCI driver
[    1.252172] ohci_hcd: USB 1.1 'Open' Host Controller (OHCI) Driver
[    1.258728] ohci-pci: OHCI PCI platform driver
[    1.263483] ohci-platform: OHCI generic platform driver
[    1.269162] ohci-omap3: OHCI OMAP3 driver
[    1.273487] SPEAr-ohci: OHCI SPEAr driver
[    1.277836] ohci-st: OHCI STMicroelectronics driver
[    1.283090] ohci-atmel: OHCI Atmel driver
[    1.287757] usbcore: registered new interface driver usb-storage
[    1.295476] mousedev: PS/2 mouse device common for all mice
[    1.304699] i2c /dev entries driver
[    1.314837] sdhci: Secure Digital Host Controller Interface driver
[    1.321371] sdhci: Copyright(c) Pierre Ossman
[    1.326899] omap_hsmmc 48060000.mmc: Got CD GPIO
[    1.390134] Synopsys Designware Multimedia Card Interface Driver
[    1.397418] sdhci-pltfm: SDHCI platform and OF driver helper
[    1.405959] ledtrig-cpu: registered to indicate activity on CPUs
[    1.412784] usbcore: registered new interface driver usbhid
[    1.418674] usbhid: USB HID core driver
[    1.427021] NET: Registered protocol family 10
[    1.432999] sit: IPv6 over IPv4 tunneling driver
[    1.438725] NET: Registered protocol family 17
[    1.443464] can: controller area network core (rev 20120528 abi 9)
[    1.450053] NET: Registered protocol family 29
[    1.454741] can: raw protocol (rev 20120528)
[    1.459245] can: broadcast manager protocol (rev 20120528 t)
[    1.465205] can: netlink gateway (rev 20130117) max_hops=1
[    1.471575] Key type dns_resolver registered
[    1.476381] omap_voltage_late_init: Voltage driver support not added
[    1.484214] ThumbEE CPU extension supported.
[    1.488725] Registering SWP/SWPB emulation handler
[    1.494192] mmc0: host does not support reading read-only switch, assuming write-enable
[    1.505354] mmc0: new high speed SDHC card at address 1234
[    1.512633] at24 0-0050: 32768 byte 24c256 EEPROM, writable, 1 bytes/write
[    1.520198] omap_i2c 44e0b000.i2c: bus 0 rev0.11 at 400 kHz
[    1.527193] mmcblk0: mmc0:1234 SA04G 3.64 GiB 
[    1.533418] at24 2-0054: 32768 byte 24c256 EEPROM, writable, 1 bytes/write
[    1.540978] at24 2-0055: 32768 byte 24c256 EEPROM, writable, 1 bytes/write
[    1.548430] at24 2-0056: 32768 byte 24c256 EEPROM, writable, 1 bytes/write
[    1.555859] at24 2-0057: 32768 byte 24c256 EEPROM, writable, 1 bytes/write
[    1.563137] omap_i2c 4819c000.i2c: bus 2 rev0.11 at 100 kHz
[    1.570044]  mmcblk0: p1 p2 p3
[    1.576068] hctosys: unable to open rtc device (rtc0)
[    1.585992] net eth0: initializing cpsw version 1.12 (0)
[    1.594045] net eth0: phy found : id is : 0x7c0f1
[    1.599067] libphy: PHY 4a101000.mdio:01 not found
[    1.604128] net eth0: phy 4a101000.mdio:01 not found on slave 1
[    1.615547] IPv6: ADDRCONF(NETDEV_UP): eth0: link is not ready
[    1.657278] mmc1: MAN_BKOPS_EN bit is not set
[    1.663652] mmc1: new high speed MMC card at address 0001
[    1.670069] mmcblk1: mmc1:0001 MMC02G 1.79 GiB 
[    1.675260] mmcblk1boot0: mmc1:0001 MMC02G partition 1 1.00 MiB
[    1.681760] mmcblk1boot1: mmc1:0001 MMC02G partition 2 1.00 MiB
[    1.689925]  mmcblk1: p1
[    6.634755] cpsw 4a100000.ethernet eth0: Link is Up - 100Mbps/Full - flow control rx/tx
[    6.643272] IPv6: ADDRCONF(NETDEV_CHANGE): eth0: link becomes ready
[    6.654148] Sending DHCP requests ., OK
[    6.664618] IP-Config: Got DHCP answer from 192.168.0.1, my address is 192.168.0.105
[    6.672940] IP-Config: Complete:
[    6.676362]      device=eth0, hwaddr=c8:a0:30:b0:7b:98, ipaddr=192.168.0.105, mask=255.255.255.0, gw=192.168.0.1
[    6.687054]      host=192.168.0.105, domain=ti.com, nis-domain=(none)
[    6.693822]      bootserver=0.0.0.0, rootserver=0.0.0.0, rootpath=     nameserver0=192.0.2.2, nameserver1=192.0.2.3
- 07:04:35 [INFO] Boot attempt 1/1 failed
- 07:04:35 [INFO] Disconnected serial from beaglebone-black
URL:gtsystest.telogy.design.ti.com/vatf/tigtfarm03/tigtfarm03_vatf@bbb2/tigtfarm0312_09_2015_07_00_40/files/session_iteration_1/test_1
