- 07:29:47 [INFO] Starting target session
- 07:29:48 [INFO] Connected to beagleboard via serial 
- 07:29:48 [INFO] Host: #check prompt
- 07:29:51 [ERROR] On command: #check prompt waiting for #check prompt.+?(?-mix:((?-mix:.*\s+login)|[Pp]assword)) >>> error: execution expired
- 07:29:51 [INFO] Target: 
#check prompt
- 07:29:51 [INFO] Host: #check prompt
- 07:29:53 [ERROR] On command: #check prompt waiting for #check prompt.+?(?m-ix:root.*#) >>> error: execution expired
- 07:29:53 [INFO] Target: 
#check prompt
- 07:29:53 [INFO] Disconnected serial from beagleboard
- 07:30:16 [INFO] Connected to beagleboard via serial 
- 07:30:16 [INFO] Host: 
- 07:30:17 [INFO] Target: 
  0 
U-Boot# 
- 07:30:17 [INFO] Host: 
- 07:30:17 [INFO] Target: 
U-Boot# 
- 07:30:17 [INFO] Host: version
- 07:30:18 [INFO] Target: 
version
U-Boot 2014.10-00004-g9ade0ab (Dec 05 2014 - 14:01:52)
arm-linux-gnueabi-gcc (Ubuntu/Linaro 4.6.3-1ubuntu5) 4.6.3
GNU ld (GNU Binutils for Ubuntu) 2.22
U-Boot# 
- 07:30:18 [INFO] Host: setenv bootargs 'console=ttyO2,115200n8  earlyprintk rootwait '
- 07:30:18 [INFO] Target: 
setenv bootargs 'console=ttyO2,115200n8  earlyprintk rootwait '
U-Boot# 
- 07:30:18 [INFO] Host: setenv bootcmd  ''
- 07:30:19 [INFO] Target: 
setenv bootcmd  ''
U-Boot# 
- 07:30:19 [INFO] Host: setenv autoload 'no'
- 07:30:19 [INFO] Target: 
setenv autoload 'no'
U-Boot# 
- 07:30:19 [INFO] Host: setenv serverip '192.168.1.254'
- 07:30:20 [INFO] Target: 
setenv serverip '192.168.1.254'
U-Boot# 
- 07:30:20 [INFO] Host: setenv mmcdev ' '
- 07:30:20 [INFO] Target: 
setenv mmcdev ' '
U-Boot# 
- 07:30:20 [INFO] Host: printenv
- 07:30:21 [INFO] Target: 
printenv
arch=arm
autoload=no
baudrate=115200
beaglerev=xMC
board=beagle
board_name=beagle
bootargs=console=ttyO2,115200n8  earlyprintk rootwait 
bootcmd=
bootdelay=1
bootdir=/boot
bootenv=uEnv.txt
bootfile=uImage
bootm_size=0x08000000
bootpart=0:2
bootscript=echo Running bootscript from mmc${mmcdev} ...; source ${loadaddr}
buddy=none
camera=none
console=ttyO2,115200n8
cpu=armv7
defaultdisplay=dvi
dieid#=586000029ff80000016830101700b01f
dvimode=640x480MR-16@60
ethact=usb_ether
fdtaddr=0x80f80000
findfdt=if test $beaglerev = AxBx; then setenv fdtfile omap3-beagle.dtb; fi; if test $beaglerev = Cx; then setenv fdtfile omap3-beagle.dtb; fi; if test $beaglerev = C4; then setenv fdtfile omap3-beagle.dtb; fi; if test $beaglerev = xMAB; then setenv fdtfile omap3-beagle-xm-ab.dtb; fi; if test $beaglerev = xMC; then setenv fdtfile omap3-beagle-xm.dtb; fi; if test $fdtfile = undefined; then echo WARNING: Could not determine device tree to use; fi; 
importbootenv=echo Importing environment from mmc ...; env import -t -r $loadaddr $filesize
loadaddr=0x80200000
loadbootenv=fatload mmc ${mmcdev} ${loadaddr} ${bootenv}
loadbootscript=load mmc ${mmcdev} ${loadaddr} boot.scr
loadfdt=run validatefdt; load mmc ${bootpart} ${fdtaddr} ${bootdir}/${fdtfile}
loadimage=load mmc ${bootpart} ${loadaddr} ${bootdir}/${bootfile}
loadramdisk=load mmc ${bootpart} ${rdaddr} ${bootdir}/${ramdisk}
mmcargs=setenv bootargs console=${console} ${optargs} mpurate=${mpurate} buddy=${buddy} camera=${camera} vram=${vram} omapfb.mode=dvi:${dvimode} omapdss.def_disp=${defaultdisplay} root=${mmcroot} rootfstype=${mmcrootfstype}
mmcboot=echo Booting from mmc ...; run mmcargs; bootm ${loadaddr}
mmcbootz=echo Booting with DT from mmc${mmcdev} ...; run mmcargs; bootz ${loadaddr} - ${fdtaddr}
mmcdev= 
mmcroot=/dev/mmcblk0p2 rw
mmcrootfstype=ext3 rootwait
mpurate=auto
nandargs=setenv bootargs console=${console} ${optargs} mpurate=${mpurate} buddy=${buddy} camera=${camera} vram=${vram} omapfb.mode=dvi:${dvimode} omapdss.def_disp=${defaultdisplay} root=${nandroot} rootfstype=${nandrootfstype}
nandboot=echo Booting from nand ...; run nandargs; nand read ${loadaddr} 280000 400000; bootm ${loadaddr}
nandroot=ubi0:rootfs ubi.mtd=4
nandrootfstype=ubifs
ramargs=setenv bootargs console=${console} ${optargs} mpurate=${mpurate} buddy=${buddy} vram=${vram} omapfb.mode=dvi:${dvimode} omapdss.def_disp=${defaultdisplay} root=${ramroot} rootfstype=${ramrootfstype}
ramboot=echo Booting from ramdisk ...; run ramargs; bootm ${loadaddr}
ramdisk=ramdisk.gz
ramroot=/dev/ram0 rw ramdisk_size=65536 initrd=0x81000000,64M
ramrootfstype=ext2
rdaddr=0x81000000
serverip=192.168.1.254
soc=omap3
stderr=serial
stdin=serial
stdout=serial
usbethaddr=02:1f:10:00:02:00
usbtty=cdc_acm
userbutton=if gpio input 173; then run userbutton_xm; else run userbutton_nonxm; fi;
userbutton_nonxm=gpio input 7;
userbutton_xm=gpio input 4;
validatefdt=if test $beaglerev = xMAB; then if test ! -e mmc ${bootpart} ${bootdir}/${fdtfile}; then setenv fdtfile omap3-beagle-xm.dtb; fi; fi; 
vendor=ti
ver=U-Boot 2014.10-00004-g9ade0ab (Dec 05 2014 - 14:01:52)
vram=12M
Environment size: 3233/131068 bytes
U-Boot# 
- 07:30:21 [INFO] Host: dcache off
- 07:30:21 [INFO] Target: 
dcache off
U-Boot# 
- 07:30:21 [INFO] Host: usb start
- 07:30:26 [INFO] Target: 
usb start
(Re)start USB...
USB0:   USB EHCI 1.00
scanning bus 0 for devices... 3 USB Device(s) found
       scanning usb for storage devices... 0 Storage Device(s) found
       scanning usb for ethernet devices... 1 Ethernet Device(s) found
U-Boot# 
- 07:30:26 [INFO] Host: printenv
- 07:30:26 [INFO] Target: 
printenv
arch=arm
autoload=no
baudrate=115200
beaglerev=xMC
board=beagle
board_name=beagle
bootargs=console=ttyO2,115200n8  earlyprintk rootwait 
bootcmd=
bootdelay=1
bootdir=/boot
bootenv=uEnv.txt
bootfile=uImage
bootm_size=0x08000000
bootpart=0:2
bootscript=echo Running bootscript from mmc${mmcdev} ...; source ${loadaddr}
buddy=none
camera=none
console=ttyO2,115200n8
cpu=armv7
defaultdisplay=dvi
dieid#=586000029ff80000016830101700b01f
dvimode=640x480MR-16@60
ethact=usb_ether
fdtaddr=0x80f80000
findfdt=if test $beaglerev = AxBx; then setenv fdtfile omap3-beagle.dtb; fi; if test $beaglerev = Cx; then setenv fdtfile omap3-beagle.dtb; fi; if test $beaglerev = C4; then setenv fdtfile omap3-beagle.dtb; fi; if test $beaglerev = xMAB; then setenv fdtfile omap3-beagle-xm-ab.dtb; fi; if test $beaglerev = xMC; then setenv fdtfile omap3-beagle-xm.dtb; fi; if test $fdtfile = undefined; then echo WARNING: Could not determine device tree to use; fi; 
importbootenv=echo Importing environment from mmc ...; env import -t -r $loadaddr $filesize
loadaddr=0x80200000
loadbootenv=fatload mmc ${mmcdev} ${loadaddr} ${bootenv}
loadbootscript=load mmc ${mmcdev} ${loadaddr} boot.scr
loadfdt=run validatefdt; load mmc ${bootpart} ${fdtaddr} ${bootdir}/${fdtfile}
loadimage=load mmc ${bootpart} ${loadaddr} ${bootdir}/${bootfile}
loadramdisk=load mmc ${bootpart} ${rdaddr} ${bootdir}/${ramdisk}
mmcargs=setenv bootargs console=${console} ${optargs} mpurate=${mpurate} buddy=${buddy} camera=${camera} vram=${vram} omapfb.mode=dvi:${dvimode} omapdss.def_disp=${defaultdisplay} root=${mmcroot} rootfstype=${mmcrootfstype}
mmcboot=echo Booting from mmc ...; run mmcargs; bootm ${loadaddr}
mmcbootz=echo Booting with DT from mmc${mmcdev} ...; run mmcargs; bootz ${loadaddr} - ${fdtaddr}
mmcdev= 
mmcroot=/dev/mmcblk0p2 rw
mmcrootfstype=ext3 rootwait
mpurate=auto
nandargs=setenv bootargs console=${console} ${optargs} mpurate=${mpurate} buddy=${buddy} camera=${camera} vram=${vram} omapfb.mode=dvi:${dvimode} omapdss.def_disp=${defaultdisplay} root=${nandroot} rootfstype=${nandrootfstype}
nandboot=echo Booting from nand ...; run nandargs; nand read ${loadaddr} 280000 400000; bootm ${loadaddr}
nandroot=ubi0:rootfs ubi.mtd=4
nandrootfstype=ubifs
ramargs=setenv bootargs console=${console} ${optargs} mpurate=${mpurate} buddy=${buddy} vram=${vram} omapfb.mode=dvi:${dvimode} omapdss.def_disp=${defaultdisplay} root=${ramroot} rootfstype=${ramrootfstype}
ramboot=echo Booting from ramdisk ...; run ramargs; bootm ${loadaddr}
ramdisk=ramdisk.gz
ramroot=/dev/ram0 rw ramdisk_size=65536 initrd=0x81000000,64M
ramrootfstype=ext2
rdaddr=0x81000000
serverip=192.168.1.254
soc=omap3
stderr=serial
stdin=serial
stdout=serial
usbethaddr=02:1f:10:00:02:00
usbtty=cdc_acm
userbutton=if gpio input 173; then run userbutton_xm; else run userbutton_nonxm; fi;
userbutton_nonxm=gpio input 7;
userbutton_xm=gpio input 4;
validatefdt=if test $beaglerev = xMAB; then if test ! -e mmc ${bootpart} ${bootdir}/${fdtfile}; then setenv fdtfile omap3-beagle-xm.dtb; fi; fi; 
vendor=ti
ver=U-Boot 2014.10-00004-g9ade0ab (Dec 05 2014 - 14:01:52)
vram=12M
Environment size: 3233/131068 bytes
U-Boot# 
- 07:30:26 [INFO] Host: setenv bootargs ''${bootargs}' ip=dhcp '
- 07:30:27 [INFO] Target: 
setenv bootargs ''${bootargs}' ip=dhcp '
U-Boot# 
- 07:30:27 [INFO] Host: setenv serverip '192.168.1.254'
- 07:30:27 [INFO] Target: 
setenv serverip '192.168.1.254'
U-Boot# 
- 07:30:27 [INFO] Host: setenv ipaddr dhcp
- 07:30:28 [INFO] Target: 
setenv ipaddr dhcp
U-Boot# 
- 07:30:28 [INFO] Host: setenv autoload 'no'
- 07:30:28 [INFO] Target: 
setenv autoload 'no'
U-Boot# 
- 07:30:28 [INFO] Host: dhcp
- 07:30:31 [INFO] Target: 
dhcp
ERROR: Need valid 'usbnet_devaddr' to be set
at drivers/usb/gadget/ether.c:2357/usb_eth_init()
Waiting for Ethernet connection... done.
BOOTP broadcast 1
DHCP client bound to address 192.168.1.151 (1049 ms)
U-Boot# 
- 07:30:31 [INFO] Host: setenv serverip '192.168.1.254'
- 07:30:32 [INFO] Target: 
setenv serverip '192.168.1.254'
U-Boot# 
- 07:30:32 [INFO] Host: tftp ${loadaddr} 192.168.1.254:vatf_2/daf9e81a8d93e47ba5e50c2521dd73bd
- 07:30:43 [INFO] Target: 
tftp ${loadaddr} 192.168.1.254:vatf_2/daf9e81a8d93e47ba5e50c2521dd73bd
Waiting for Ethernet connection... done.
Using sms0 device
TFTP from server 192.168.1.254; our IP address is 192.168.1.151
Filename 'vatf_2/daf9e81a8d93e47ba5e50c2521dd73bd'.
Load address: 0x80200000
Loading: *EHCI timed out on TD - token=0x88008d80
T #################################################################
	 #################################################################
	 #################################################################
	 #################################################################
	 #################################################################
	 #################################################################
	 ##############################
	 652.3 KiB/s
done
Bytes transferred = 6159104 (5dfb00 hex)
U-Boot# 
- 07:30:43 [INFO] Host: tftp ${fdtaddr} 192.168.1.254:vatf_2/43c138d915dca4389dc91aae302f3a40
- 07:30:50 [INFO] Target: 
tftp ${fdtaddr} 192.168.1.254:vatf_2/43c138d915dca4389dc91aae302f3a40
Waiting for Ethernet connection... done.
Using sms0 device
TFTP from server 192.168.1.254; our IP address is 192.168.1.151
Filename 'vatf_2/43c138d915dca4389dc91aae302f3a40'.
Load address: 0x80f80000
Loading: *#####
	 11.7 KiB/s
done
Bytes transferred = 62927 (f5cf hex)
U-Boot# 
- 07:30:50 [INFO] Host: ls mmc 0:1
- 07:30:50 [INFO] Target: 
ls mmc 0:1
    50564   mlo 
   392660   u-boot.img 
        4   ws-calibrate.rules 
3 file(s), 0 dir(s)
U-Boot# 
- 07:30:50 [INFO] Host: ls mmc 0:2
- 07:30:51 [INFO] Target: 
ls mmc 0:2
<DIR>       4096 .
<DIR>       4096 ..
<DIR>      16384 lost+found
<DIR>       4096 bin
<DIR>       4096 boot
<SYM>         37 cpufreq
<SYM>         37 cpuidle
<DIR>       4096 dev
<DIR>       4096 etc
<DIR>       4096 home
<DIR>       4096 lib
<DIR>       4096 media
<DIR>       4096 mnt
<DIR>       4096 opt
<DIR>       4096 proc
<SYM>          8 run
<DIR>       4096 sbin
<DIR>       4096 srv
<DIR>       4096 sys
<SYM>          8 tmp
<DIR>       4096 usr
<DIR>       4096 var
<DIR>       4096 www
<DIR>       4096 test
U-Boot# 
- 07:30:51 [INFO] Host: part uuid mmc 0:2
- 07:30:51 [INFO] Target: 
part uuid mmc 0:2
Unknown command 'part' - try 'help'
U-Boot# 
- 07:30:51 [INFO] Host: printenv
- 07:30:52 [INFO] Target: 
printenv
arch=arm
autoload=no
baudrate=115200
beaglerev=xMC
board=beagle
board_name=beagle
bootargs=console=ttyO2,115200n8  earlyprintk rootwait  ip=dhcp 
bootcmd=
bootdelay=1
bootdir=/boot
bootenv=uEnv.txt
bootfile=uImage
bootm_size=0x08000000
bootpart=0:2
bootscript=echo Running bootscript from mmc${mmcdev} ...; source ${loadaddr}
buddy=none
camera=none
console=ttyO2,115200n8
cpu=armv7
defaultdisplay=dvi
dieid#=586000029ff80000016830101700b01f
dnsip=192.0.2.2
dvimode=640x480MR-16@60
ethact=sms0
fdtaddr=0x80f80000
fileaddr=80f80000
filesize=f5cf
findfdt=if test $beaglerev = AxBx; then setenv fdtfile omap3-beagle.dtb; fi; if test $beaglerev = Cx; then setenv fdtfile omap3-beagle.dtb; fi; if test $beaglerev = C4; then setenv fdtfile omap3-beagle.dtb; fi; if test $beaglerev = xMAB; then setenv fdtfile omap3-beagle-xm-ab.dtb; fi; if test $beaglerev = xMC; then setenv fdtfile omap3-beagle-xm.dtb; fi; if test $fdtfile = undefined; then echo WARNING: Could not determine device tree to use; fi; 
gatewayip=192.168.1.254
importbootenv=echo Importing environment from mmc ...; env import -t -r $loadaddr $filesize
ipaddr=192.168.1.151
loadaddr=0x80200000
loadbootenv=fatload mmc ${mmcdev} ${loadaddr} ${bootenv}
loadbootscript=load mmc ${mmcdev} ${loadaddr} boot.scr
loadfdt=run validatefdt; load mmc ${bootpart} ${fdtaddr} ${bootdir}/${fdtfile}
loadimage=load mmc ${bootpart} ${loadaddr} ${bootdir}/${bootfile}
loadramdisk=load mmc ${bootpart} ${rdaddr} ${bootdir}/${ramdisk}
mmcargs=setenv bootargs console=${console} ${optargs} mpurate=${mpurate} buddy=${buddy} camera=${camera} vram=${vram} omapfb.mode=dvi:${dvimode} omapdss.def_disp=${defaultdisplay} root=${mmcroot} rootfstype=${mmcrootfstype}
mmcboot=echo Booting from mmc ...; run mmcargs; bootm ${loadaddr}
mmcbootz=echo Booting with DT from mmc${mmcdev} ...; run mmcargs; bootz ${loadaddr} - ${fdtaddr}
mmcdev= 
mmcroot=/dev/mmcblk0p2 rw
mmcrootfstype=ext3 rootwait
mpurate=auto
nandargs=setenv bootargs console=${console} ${optargs} mpurate=${mpurate} buddy=${buddy} camera=${camera} vram=${vram} omapfb.mode=dvi:${dvimode} omapdss.def_disp=${defaultdisplay} root=${nandroot} rootfstype=${nandrootfstype}
nandboot=echo Booting from nand ...; run nandargs; nand read ${loadaddr} 280000 400000; bootm ${loadaddr}
nandroot=ubi0:rootfs ubi.mtd=4
nandrootfstype=ubifs
netmask=255.255.255.0
ramargs=setenv bootargs console=${console} ${optargs} mpurate=${mpurate} buddy=${buddy} vram=${vram} omapfb.mode=dvi:${dvimode} omapdss.def_disp=${defaultdisplay} root=${ramroot} rootfstype=${ramrootfstype}
ramboot=echo Booting from ramdisk ...; run ramargs; bootm ${loadaddr}
ramdisk=ramdisk.gz
ramroot=/dev/ram0 rw ramdisk_size=65536 initrd=0x81000000,64M
ramrootfstype=ext2
rdaddr=0x81000000
serverip=192.168.1.254
soc=omap3
stderr=serial
stdin=serial
stdout=serial
usbethaddr=02:1f:10:00:02:00
usbtty=cdc_acm
userbutton=if gpio input 173; then run userbutton_xm; else run userbutton_nonxm; fi;
userbutton_nonxm=gpio input 7;
userbutton_xm=gpio input 4;
validatefdt=if test $beaglerev = xMAB; then if test ! -e mmc ${bootpart} ${bootdir}/${fdtfile}; then setenv fdtfile omap3-beagle-xm.dtb; fi; fi; 
vendor=ti
ver=U-Boot 2014.10-00004-g9ade0ab (Dec 05 2014 - 14:01:52)
vram=12M
Environment size: 3364/131068 bytes
U-Boot# 
- 07:30:52 [INFO] Host: setenv bootargs ''${bootargs}' root=/dev/mmcblk0p2 rw rootfstype=ext3 rootwait '
- 07:30:52 [INFO] Target: 
setenv bootargs ''${bootargs}' root=/dev/mmcblk0p2 rw rootfstype=ext3 rootwait '
U-Boot# 
- 07:30:52 [INFO] Host: printenv
- 07:30:53 [INFO] Target: 
printenv
arch=arm
autoload=no
baudrate=115200
beaglerev=xMC
board=beagle
board_name=beagle
bootargs=console=ttyO2,115200n8  earlyprintk rootwait  ip=dhcp  root=/dev/mmcblk0p2 rw rootfstype=ext3 rootwait 
bootcmd=
bootdelay=1
bootdir=/boot
bootenv=uEnv.txt
bootfile=uImage
bootm_size=0x08000000
bootpart=0:2
bootscript=echo Running bootscript from mmc${mmcdev} ...; source ${loadaddr}
buddy=none
camera=none
console=ttyO2,115200n8
cpu=armv7
defaultdisplay=dvi
dieid#=586000029ff80000016830101700b01f
dnsip=192.0.2.2
dvimode=640x480MR-16@60
ethact=sms0
fdtaddr=0x80f80000
fileaddr=80f80000
filesize=f5cf
findfdt=if test $beaglerev = AxBx; then setenv fdtfile omap3-beagle.dtb; fi; if test $beaglerev = Cx; then setenv fdtfile omap3-beagle.dtb; fi; if test $beaglerev = C4; then setenv fdtfile omap3-beagle.dtb; fi; if test $beaglerev = xMAB; then setenv fdtfile omap3-beagle-xm-ab.dtb; fi; if test $beaglerev = xMC; then setenv fdtfile omap3-beagle-xm.dtb; fi; if test $fdtfile = undefined; then echo WARNING: Could not determine device tree to use; fi; 
gatewayip=192.168.1.254
importbootenv=echo Importing environment from mmc ...; env import -t -r $loadaddr $filesize
ipaddr=192.168.1.151
loadaddr=0x80200000
loadbootenv=fatload mmc ${mmcdev} ${loadaddr} ${bootenv}
loadbootscript=load mmc ${mmcdev} ${loadaddr} boot.scr
loadfdt=run validatefdt; load mmc ${bootpart} ${fdtaddr} ${bootdir}/${fdtfile}
loadimage=load mmc ${bootpart} ${loadaddr} ${bootdir}/${bootfile}
loadramdisk=load mmc ${bootpart} ${rdaddr} ${bootdir}/${ramdisk}
mmcargs=setenv bootargs console=${console} ${optargs} mpurate=${mpurate} buddy=${buddy} camera=${camera} vram=${vram} omapfb.mode=dvi:${dvimode} omapdss.def_disp=${defaultdisplay} root=${mmcroot} rootfstype=${mmcrootfstype}
mmcboot=echo Booting from mmc ...; run mmcargs; bootm ${loadaddr}
mmcbootz=echo Booting with DT from mmc${mmcdev} ...; run mmcargs; bootz ${loadaddr} - ${fdtaddr}
mmcdev= 
mmcroot=/dev/mmcblk0p2 rw
mmcrootfstype=ext3 rootwait
mpurate=auto
nandargs=setenv bootargs console=${console} ${optargs} mpurate=${mpurate} buddy=${buddy} camera=${camera} vram=${vram} omapfb.mode=dvi:${dvimode} omapdss.def_disp=${defaultdisplay} root=${nandroot} rootfstype=${nandrootfstype}
nandboot=echo Booting from nand ...; run nandargs; nand read ${loadaddr} 280000 400000; bootm ${loadaddr}
nandroot=ubi0:rootfs ubi.mtd=4
nandrootfstype=ubifs
netmask=255.255.255.0
ramargs=setenv bootargs console=${console} ${optargs} mpurate=${mpurate} buddy=${buddy} vram=${vram} omapfb.mode=dvi:${dvimode} omapdss.def_disp=${defaultdisplay} root=${ramroot} rootfstype=${ramrootfstype}
ramboot=echo Booting from ramdisk ...; run ramargs; bootm ${loadaddr}
ramdisk=ramdisk.gz
ramroot=/dev/ram0 rw ramdisk_size=65536 initrd=0x81000000,64M
ramrootfstype=ext2
rdaddr=0x81000000
serverip=192.168.1.254
soc=omap3
stderr=serial
stdin=serial
stdout=serial
usbethaddr=02:1f:10:00:02:00
usbtty=cdc_acm
userbutton=if gpio input 173; then run userbutton_xm; else run userbutton_nonxm; fi;
userbutton_nonxm=gpio input 7;
userbutton_xm=gpio input 4;
validatefdt=if test $beaglerev = xMAB; then if test ! -e mmc ${bootpart} ${bootdir}/${fdtfile}; then setenv fdtfile omap3-beagle-xm.dtb; fi; fi; 
vendor=ti
ver=U-Boot 2014.10-00004-g9ade0ab (Dec 05 2014 - 14:01:52)
vram=12M
Environment size: 3413/131068 bytes
U-Boot# 
- 07:30:53 [INFO] Host: setenv bootcmd ''${bootcmd}' if iminfo ${loadaddr}; then bootm ${loadaddr} - ${fdtaddr}; else bootz ${loadaddr} - ${fdtaddr}; bootm ${loadaddr} - ${fdtaddr}; fi'
- 07:30:53 [INFO] Target: 
setenv bootcmd ''${bootcmd}' if iminfo ${loadaddr}; then bootm ${loadaddr} - ${fdtaddr}; else bootz ${loadaddr} - ${fdtaddr}; bootm ${loadaddr} - ${fdtaddr}; fi'
U-Boot# 
- 07:30:53 [INFO] Host: bdinfo
- 07:30:54 [INFO] Target: 
bdinfo
arch_number = 0x0000060A
boot_params = 0x80000100
DRAM bank   = 0x00000000
-> start    = 0x80000000
-> size     = 0x10000000
DRAM bank   = 0x00000001
-> start    = 0x90000000
-> size     = 0x10000000
eth0name    = usb_ether
ethaddr     = (not set)
eth1name    = sms0
eth1addr    = (not set)
current eth = sms0
ip_addr     = 192.168.1.151
baudrate    = 115200 bps
TLB addr    = 0x9FFF0000
relocaddr   = 0x9FF4C000
reloc off   = 0x1FE4C000
irq_sp      = 0x9EF2BEE0
sp start    = 0x9EF2BED0
U-Boot# 
- 07:30:54 [INFO] Host: mmc rescan
- 07:30:54 [INFO] Target: 
mmc rescan
U-Boot# 
- 07:30:54 [INFO] Host: fatwrite mmc ${mmcdev}:1 ${loadaddr} ws-calibrate.rules 4
- 07:30:55 [INFO] Target: 
fatwrite mmc ${mmcdev}:1 ${loadaddr} ws-calibrate.rules 4
writing ws-calibrate.rules
4 bytes written
U-Boot# 
- 07:30:55 [INFO] Host: boot
- 07:33:25 [ERROR] On command: boot waiting for boot.+?(?-mix:.*\s+login) >>> error: execution expired
- 07:33:25 [INFO] Target: 
boot
## Checking Image at 80200000 ...
Unknown image format!
Kernel image @ 0x80200000 [ 0x000000 - 0x5dfb00 ]
## Flattened Device Tree blob at 80f80000
   Booting using the fdt blob at 0x80f80000
   Loading Device Tree to 87fed000, end 87fff5ce ... OK
Starting kernel ...
[    0.000000] Booting Linux on physical CPU 0x0
[    0.000000] Linux version 4.0.0-rc6-next-20150402-00002-g6d4e0fd8f642 (nmenon@kahuna) (gcc version 4.6.3 (Ubuntu/Linaro 4.6.3-1ubuntu5) ) #1 SMP Thu Apr 2 07:24:51 CDT 2015
[    0.000000] CPU: ARMv7 Processor [413fc082] revision 2 (ARMv7), cr=10c5387d
[    0.000000] CPU: PIPT / VIPT nonaliasing data cache, VIPT aliasing instruction cache
[    0.000000] Machine model: TI OMAP3 BeagleBoard xM
[    0.000000] earlycon: no match for ttyO2,115200n8
[    0.000000] cma: Reserved 64 MiB at 0x9b800000
[    0.000000] Memory policy: Data cache writeback
[    0.000000] CPU: All CPU(s) started in SVC mode.
[    0.000000] OMAP3630 ES1.2 (l2cache iva sgx neon isp 192mhz_clk )
[    0.000000] PERCPU: Embedded 11 pages/cpu @dfa89000 s12736 r8192 d24128 u45056
[    0.000000] Built 1 zonelists in Zone order, mobility grouping on.  Total pages: 129792
[    0.000000] Kernel command line: console=ttyO2,115200n8  earlyprintk rootwait  ip=dhcp  root=/dev/mmcblk0p2 rw rootfstype=ext3 rootwait 
[    0.000000] PID hash table entries: 2048 (order: 1, 8192 bytes)
[    0.000000] Dentry cache hash table entries: 65536 (order: 6, 262144 bytes)
[    0.000000] Inode-cache hash table entries: 32768 (order: 5, 131072 bytes)
[    0.000000] Memory: 439044K/523264K available (7960K kernel code, 1019K rwdata, 3528K rodata, 808K init, 317K bss, 18684K reserved, 65536K cma-reserved, 0K highmem)
[    0.000000] Virtual kernel memory layout:
[    0.000000]     vector  : 0xffff0000 - 0xffff1000   (   4 kB)
[    0.000000]     fixmap  : 0xffc00000 - 0xfff00000   (3072 kB)
[    0.000000]     vmalloc : 0xe0800000 - 0xff000000   ( 488 MB)
[    0.000000]     lowmem  : 0xc0000000 - 0xe0000000   ( 512 MB)
[    0.000000]     pkmap   : 0xbfe00000 - 0xc0000000   (   2 MB)
[    0.000000]     modules : 0xbf000000 - 0xbfe00000   (  14 MB)
[    0.000000]       .text : 0xc0208000 - 0xc0d41160   (11493 kB)
[    0.000000]       .init : 0xc0d42000 - 0xc0e0c000   ( 808 kB)
[    0.000000]       .data : 0xc0e0c000 - 0xc0f0adc0   (1020 kB)
[    0.000000]        .bss : 0xc0f0d000 - 0xc0f5c4e0   ( 318 kB)
[    0.000000] SLUB: HWalign=64, Order=0-3, MinObjects=0, CPUs=1, Nodes=1
[    0.000000] Hierarchical RCU implementation.
[    0.000000] 	Additional per-CPU info printed with stalls.
[    0.000000] 	RCU restricting CPUs from NR_CPUS=16 to nr_cpu_ids=1.
[    0.000000] RCU: Adjusting geometry for rcu_fanout_leaf=16, nr_cpu_ids=1
[    0.000000] NR_IRQS:16 nr_irqs:16 16
[    0.000000] IRQ: Found an INTC at 0xfa200000 (revision 4.0) with 96 interrupts
[    0.000000] Clocking rate (Crystal/Core/MPU): 26.0/400/600 MHz
[    0.000000] OMAP clockevent source: timer1 at 32768 Hz
[    0.000000] clocksource 32k_counter: mask: 0xffffffff max_cycles: 0xffffffff, max_idle_ns: 58327039986419 ns
[    0.000000] sched_clock: 32 bits at 32kHz, resolution 30517ns, wraps every 65535999984741ns
[    0.000030] OMAP clocksource: 32k_counter at 32768 Hz
[    0.000244] Console: colour dummy device 80x30
[    0.000274] Calibrating delay loop... 594.73 BogoMIPS (lpj=1486848)
[    0.028991] pid_max: default: 32768 minimum: 301
[    0.029174] Mount-cache hash table entries: 1024 (order: 0, 4096 bytes)
[    0.029174] Mountpoint-cache hash table entries: 1024 (order: 0, 4096 bytes)
[    0.030029] CPU: Testing write buffer coherency: ok
[    0.030364] CPU0: thread -1, cpu 0, socket -1, mpidr 0
[    0.030456] Setting up static identity map for 0x80209000 - 0x80209098
[    0.035858] Brought up 1 CPUs
[    0.035858] SMP: Total of 1 processors activated (594.73 BogoMIPS).
[    0.035888] CPU: All CPU(s) started in SVC mode.
[    0.036621] devtmpfs: initialized
[    0.040527] VFP support v0.3: implementor 41 architecture 3 part 30 variant c rev 3
[    0.062011] omap_hwmod: mcbsp2_sidetone using broken dt data from mcbsp
[    0.062622] omap_hwmod: mcbsp3_sidetone using broken dt data from mcbsp
[    0.131500] clocksource jiffies: mask: 0xffffffff max_cycles: 0xffffffff, max_idle_ns: 9556302231375000 ns
[    0.135955] pinctrl core: initialized pinctrl subsystem
[    0.168487] NET: Registered protocol family 16
[    0.171569] DMA: preallocated 256 KiB pool for atomic coherent allocations
[    0.174560] cpuidle: using governor ladder
[    0.174591] cpuidle: using governor menu
[    0.181152] Reprogramming SDRC clock to 400000000 Hz
[    0.187744] omap_gpio 48310000.gpio: could not find pctldev for node /ocp/l4@48000000/scm@2000/pinmux@a00/pinmux_gpio1_pins, deferring probe
[    0.188903] OMAP GPIO hardware version 2.5
[    0.194091] irq: no irq domain found for /ocp/l4@48000000/scm@2000/pinmux@30 !
[    0.207397] omap-gpmc 6e000000.gpmc: GPMC revision 5.0
[    0.208862] platform 48058000.ssi-controller: Cannot lookup hwmod 'ssi'
[    0.212554] of_amba_device_create(): amba_device_add() failed (-19) for /etb@5401b000
[    0.212677] of_amba_device_create(): amba_device_add() failed (-19) for /etm@54010000
[    0.214965] No ATAGs?
[    0.214996] hw-breakpoint: debug architecture 0x4 unsupported.
[    0.217803] OMAP DMA hardware revision 5.0
[    0.222442] Serial: AMBA PL011 UART driver
[    0.261199] omap-dma-engine 48056000.dma-controller: OMAP DMA engine driver
[    0.266815] vgaarb: loaded
[    0.267944] SCSI subsystem initialized
[    0.268768] usbcore: registered new interface driver usbfs
[    0.268859] usbcore: registered new interface driver hub
[    0.268951] usbcore: registered new device driver usb
[    0.271636] omap_i2c 48070000.i2c: bus 0 rev4.4 at 2600 kHz
[    0.272338] omap_i2c 48072000.i2c: bus 1 rev4.4 at 400 kHz
[    0.273010] omap_i2c 48060000.i2c: bus 2 rev4.4 at 100 kHz
[    0.274414] media: Linux media interface: v0.10
[    0.274505] Linux video capture interface: v2.00
[    0.274597] pps_core: LinuxPPS API ver. 1 registered
[    0.274597] pps_core: Software ver. 5.3.6 - Copyright 2005-2007 Rodolfo Giometti <giometti@linux.it>
[    0.274627] PTP clock support registered
[    0.274993] EDAC MC: Ver: 3.0.0
[    0.277069] Advanced Linux Sound Architecture Driver Initialized.
[    0.278930] Switched to clocksource 32k_counter
[    0.295135] NET: Registered protocol family 2
[    0.296020] TCP established hash table entries: 4096 (order: 2, 16384 bytes)
[    0.296081] TCP bind hash table entries: 4096 (order: 3, 32768 bytes)
[    0.296173] TCP: Hash tables configured (established 4096 bind 4096)
[    0.296264] UDP hash table entries: 256 (order: 1, 8192 bytes)
[    0.296295] UDP-Lite hash table entries: 256 (order: 1, 8192 bytes)
[    0.296539] NET: Registered protocol family 1
[    0.296966] RPC: Registered named UNIX socket transport module.
[    0.296997] RPC: Registered udp transport module.
[    0.296997] RPC: Registered tcp transport module.
[    0.297027] RPC: Registered tcp NFSv4.1 backchannel transport module.
[    0.300048] CPU PMU: Failed to parse <no-node>/interrupt-affinity[0]
[    0.300170] hw perfevents: enabled with armv7_cortex_a8 PMU driver, 5 counters available
[    0.303955] futex hash table entries: 256 (order: 2, 16384 bytes)
[    0.321899] squashfs: version 4.0 (2009/01/31) Phillip Lougher
[    0.323272] NFS: Registering the id_resolver key type
[    0.323364] Key type id_resolver registered
[    0.323364] Key type id_legacy registered
[    0.323455] ntfs: driver 2.1.32 [Flags: R/O].
[    0.325622] Block layer SCSI generic (bsg) driver version 0.4 loaded (major 248)
[    0.325653] io scheduler noop registered
[    0.325683] io scheduler deadline registered
[    0.325958] io scheduler cfq registered (default)
[    0.332733] pinctrl-single 48002030.pinmux: 284 pins at pa fa002030 size 568
[    0.333068] pinctrl-single 48002a00.pinmux: 46 pins at pa fa002a00 size 92
[    0.333862] pinctrl-single 480025a0.pinmux: 46 pins at pa fa0025a0 size 92
[    0.436981] Serial: 8250/16550 driver, 4 ports, IRQ sharing disabled
[    0.440582] SuperH (H)SCI(F) driver initialized
[    0.441741] msm_serial: driver initialized
[    0.442749] omap_uart 4806a000.serial: no wakeirq for uart0
[    0.442962] 4806a000.serial: ttyO0 at MMIO 0x4806a000 (irq = 88, base_baud = 3000000) is a OMAP UART0
[    0.443603] omap_uart 4806c000.serial: no wakeirq for uart1
[    0.443756] 4806c000.serial: ttyO1 at MMIO 0x4806c000 (irq = 89, base_baud = 3000000) is a OMAP UART1
[    0.444641] 49020000.serial: ttyO2 at MMIO 0x49020000 (irq = 90, base_baud = 3000000) is a OMAP UART2
[    1.221374] console [ttyO2] enabled
[    1.225830] omap_uart 49042000.serial: no wakeirq for uart3
[    1.231872] 49042000.serial: ttyO3 at MMIO 0x49042000 (irq = 96, base_baud = 3000000) is a OMAP UART3
[    1.242126] STMicroelectronics ASC driver initialized
[    1.249969] [drm] Initialized drm 1.1.0 20060810
[    1.265991] loop: module loaded
[    1.298675] twl 0-0048: PIH (irq 23) chaining IRQs 307..315
[    1.304687] twl 0-0048: power (irq 312) chaining IRQs 315..322
[    1.355834] twl4030_gpio twl4030-gpio: gpio (irq 307) chaining IRQs 323..340
[    1.471832] CAN device driver interface
[    1.478393] igb: Intel(R) Gigabit Ethernet Network Driver - version 5.2.15-k
[    1.485870] igb: Copyright (c) 2007-2014 Intel Corporation.
[    1.496032] pegasus: v0.9.3 (2013/04/25), Pegasus/Pegasus II USB Ethernet driver
[    1.503967] usbcore: registered new interface driver pegasus
[    1.510040] usbcore: registered new interface driver asix
[    1.515808] usbcore: registered new interface driver ax88179_178a
[    1.522338] usbcore: registered new interface driver cdc_ether
[    1.528625] usbcore: registered new interface driver smsc75xx
[    1.534790] usbcore: registered new interface driver smsc95xx
[    1.540924] usbcore: registered new interface driver net1080
[    1.546966] usbcore: registered new interface driver cdc_subset
[    1.553283] usbcore: registered new interface driver zaurus
[    1.559295] usbcore: registered new interface driver cdc_ncm
[    1.568450] ehci_hcd: USB 2.0 'Enhanced' Host Controller (EHCI) Driver
[    1.575378] ehci-pci: EHCI PCI platform driver
[    1.580169] ehci-platform: EHCI generic platform driver
[    1.586181] ehci-omap: OMAP-EHCI Host Controller driver
[    1.592163] ehci-omap 48064800.ehci: Can't get PHY device for port 1: -517
[    1.599609] ehci-orion: EHCI orion driver
[    1.604217] SPEAr-ehci: EHCI SPEAr driver
[    1.608764] ehci-st: EHCI STMicroelectronics driver
[    1.614257] ehci-exynos: EHCI EXYNOS driver
[    1.618988] tegra-ehci: Tegra EHCI driver
[    1.623565] ohci_hcd: USB 1.1 'Open' Host Controller (OHCI) Driver
[    1.630126] ohci-pci: OHCI PCI platform driver
[    1.634948] ohci-platform: OHCI generic platform driver
[    1.640838] ohci-omap3: OHCI OMAP3 driver
[    1.645507] ohci-omap3 48064400.ohci: OHCI Host Controller
[    1.651367] ohci-omap3 48064400.ohci: new USB bus registered, assigned bus number 1
[    1.659851] ohci-omap3 48064400.ohci: irq 92, io mem 0x48064400
[    1.740417] hub 1-0:1.0: USB hub found
[    1.744506] hub 1-0:1.0: 3 ports detected
[    1.749755] SPEAr-ohci: OHCI SPEAr driver
[    1.754516] ohci-st: OHCI STMicroelectronics driver
[    1.760223] usbcore: registered new interface driver usb-storage
[    1.769561] mousedev: PS/2 mouse device common for all mice
[    1.782196] twl_rtc 48070000.i2c:twl@48:rtc: Power up reset detected.
[    1.789306] twl_rtc 48070000.i2c:twl@48:rtc: Enabling TWL-RTC
[    1.799804] twl_rtc 48070000.i2c:twl@48:rtc: rtc core: registered 48070000.i2c:twl@48 as rtc0
[    1.810791] i2c /dev entries driver
[    1.819335] usbcore: registered new interface driver uvcvideo
[    1.825439] USB Video Class driver (1.1.1)
[    1.829742] gspca_main: v2.14.0 registered
[    1.841949] Driver 'mmcblk' needs updating - please use bus_type methods
[    1.849212] sdhci: Secure Digital Host Controller Interface driver
[    1.855712] sdhci: Copyright(c) Pierre Ossman
[    1.895904] Synopsys Designware Multimedia Card Interface Driver
[    1.904571] sdhci-pltfm: SDHCI platform and OF driver helper
[    1.914367] leds_pwm pwmleds: unable to request PWM for beagleboard::pmu_stat: -517
[    1.923095] ledtrig-cpu: registered to indicate activity on CPUs
[    1.929809] usbcore: registered new interface driver usbhid
[    1.935699] usbhid: USB HID core driver
[    1.946655] usbcore: registered new interface driver snd-usb-audio
[    1.958740] NET: Registered protocol family 17
[    1.963562] can: controller area network core (rev 20120528 abi 9)
[    1.970214] NET: Registered protocol family 29
[    1.974914] can: raw protocol (rev 20120528)
[    1.979431] can: broadcast manager protocol (rev 20120528 t)
[    1.985412] can: netlink gateway (rev 20130117) max_hops=1
[    1.991973] Key type dns_resolver registered
[    1.996887] omap2_set_init_voltage: unable to find boot up OPP for vdd_mpu_iva
[    2.004516] omap2_set_init_voltage: unable to set vdd_mpu_iva
[    2.010589] omap2_set_init_voltage: unable to find boot up OPP for vdd_core
[    2.017913] omap2_set_init_voltage: unable to set vdd_core
[    2.028350] ThumbEE CPU extension supported.
[    2.032928] Registering SWP/SWPB emulation handler
[    2.072326] mmc0: host does not support reading read-only switch, assuming write-enable
[    2.082550] mmc0: new high speed SDHC card at address 0001
[    2.088836] mmcblk0: mmc0:0001 00000 3.79 GiB 
[    2.094787]  mmcblk0: p1 p2
[    2.139465] ehci-omap 48064800.ehci: EHCI Host Controller
[    2.145172] ehci-omap 48064800.ehci: new USB bus registered, assigned bus number 2
[    2.153320] ehci-omap 48064800.ehci: irq 93, io mem 0x48064800
[    2.169219] ehci-omap 48064800.ehci: USB 2.0 started, EHCI 1.00
[    2.176422] hub 2-0:1.0: USB hub found
[    2.180480] hub 2-0:1.0: 3 ports detected
[    2.186798] leds_pwm pwmleds: unable to request PWM for beagleboard::pmu_stat: -517
[    2.196868] input: gpio_keys as /devices/platform/gpio_keys/input/input0
[    2.205871] leds_pwm pwmleds: unable to request PWM for beagleboard::pmu_stat: -517
[    2.214996] twl_rtc 48070000.i2c:twl@48:rtc: setting system clock to 2000-01-01 00:00:00 UTC (946684800)
[    2.494262] usb 2-2: new high-speed USB device number 2 using ehci-omap
[    2.631134] hub 2-2:1.0: USB hub found
[    2.635345] hub 2-2:1.0: 5 ports detected
[    2.643737] leds_pwm pwmleds: unable to request PWM for beagleboard::pmu_stat: -517
[    2.924621] usb 2-2.1: new high-speed USB device number 3 using ehci-omap
[    3.039215] smsc95xx v1.0.4
[    3.104278] smsc95xx 2-2.1:1.0 eth0: register 'smsc95xx' at usb-48064800.ehci-2.1, smsc95xx USB 2.0 Ethernet, 7e:98:b6:44:bb:ec
[    3.119567] leds_pwm pwmleds: unable to request PWM for beagleboard::pmu_stat: -517
[    3.296630] smsc95xx 2-2.1:1.0 eth0: hardware isn't capable of remote wakeup
[    5.095397] smsc95xx 2-2.1:1.0 eth0: link up, 100Mbps, full-duplex, lpa 0xC5E1
[    5.109191] Sending DHCP requests ., OK
[    6.164703] IP-Config: Got DHCP answer from 192.168.1.254, my address is 192.168.1.184
[    6.173400] IP-Config: Complete:
[    6.176910]      device=eth0, hwaddr=7e:98:b6:44:bb:ec, ipaddr=192.168.1.184, mask=255.255.255.0, gw=192.168.1.254
[    6.187835]      host=192.168.1.184, domain=ti.com, nis-domain=(none)
[    6.194671]      bootserver=192.168.1.254, rootserver=192.168.1.254, rootpath=
[    6.202117]      nameserver0=192.0.2.2, nameserver1=192.0.2.3
[    6.209259] VPLL2: disabling
[    6.212768] VUSB3V1: disabling
[    6.217285] VDAC: disabling
[    6.221038] VAUX3: disabling
[    6.225128] ALSA device list:
[    6.228240]   No soundcards found.
[    6.235534] EXT4-fs (mmcblk0p2): mounting ext3 file system using the ext4 subsystem
[    6.464935] EXT4-fs (mmcblk0p2): mounted filesystem with ordered data mode. Opts: (null)
[    6.473632] VFS: Mounted root (ext3 filesystem) on device 179:2.
[    6.491729] devtmpfs: mounted
[    6.497589] Freeing unused kernel memory: 808K (c0d42000 - c0e0c000)
INIT: version 2.88 booting
Error opening /dev/fb0: No such file or directory
/dev/ttyO2 linked to /dev/tty-bd - using as console
Starting udev
[    7.388244] udevd[94]: starting version 182
udevd[97]: '/etc/udev/scripts/mount.sh' [363] terminated by signal 11 (Segmentation fault)
[   10.969665] FAT-fs (mmcblk0p1): Volume was not properly unmounted. Some data may be corrupt. Please run fsck.
ERROR: could not open directory /lib/modules/4.0.0-rc6-next-20150402-00002-g6d4e0fd8f642: No such file or directory
WARNING: -e needs -E or -F
ERROR: could not open directory /lib/modules/4.0.0-rc6-next-20150402-00002-g6d4e0fd8f642: No such file or directory
FATAL: could not search modules: No such file or directory
Starting Bootlog daemon: bootlogd.
[   12.141815] EXT4-fs (mmcblk0p2): re-mounted. Opts: data=ordered
[   12.223968] random: dd urandom read with 93 bits of entropy available
ALSA: Restoring mixer settings...
/usr/sbin/alsactl: load_state:1696: No soundcards found...
Configuring network interfaces... udhcpc (v1.20.2) started
Sending discover...
Sending select for 192.168.1.184...
Lease of 192.168.1.184 obtained, lease time 600
/etc/udhcpc.d/50default: Adding DNS 192.0.2.2
/etc/udhcpc.d/50default: Adding DNS 192.0.2.3
done.
Fri Mar 28 05:29:00 UTC 2014
INIT: Entering runlevel: 3
/dev/ linked to /dev/tty-bd - using as console
Starting system message bus: dbus.
Starting Dropbear SSH server: dropbear.
Starting telnet daemon.
Starting syslogd/klogd: done
Starting thttpd/etc/init.d/rc: line 45:   622 Segmentation fault      "$@"
Starting Lighttpd Web Server: lighttpd.
2014-03-28 05:29:00: (log.c.166) server started 
*** glibc detected *** grep: free(): invalid pointer: 0x000980a1 ***
[   14.207946] random: nonblocking pool is initialized
URL:gtsystest.telogy.design.ti.com/vatf/tidfarm-02.dal.design.ti.com/tidfarm-02.dal.design.ti.com_vatf@2/tidfarm-02.dal.design.ti.com04_02_2015_07_29_29/files/session_iteration_1/test_1
