- 08:52:12 [INFO] Starting target session
- 08:52:13 [INFO] Connected to beaglebone via serial 
- 08:52:13 [INFO] Host: 
- 08:52:15 [ERROR] On command:  waiting for (?-mix:login:) >>> error: execution expired
- 08:52:15 [INFO] Target: 

root@am335x-evm:/test# 
- 08:52:15 [INFO] Host: 
- 08:52:15 [INFO] Target: 

root@am335x-evm:/test# 
- 08:52:15 [INFO] Host: sync;poweroff
- 08:52:30 [INFO] Target: 
sync;poweroff


Broadcast message from root@am335x-evm (ttyO0) (Thu Apr 24 23:03:34 2014):



The system is going down for system halt NOW!


INIT: Switching to runlevel:
INIT: root@am335x-evm:/test# Sending processes the TERM signal


INIT: Sending processes thStopping telnet daemon.
Stopping system message bus: dbus.
Error opening /dev/fb0: No such file or directory
Stopping syslogd/klogd: stopped syslogd (pid 1175)
stopped klogd (pid 1178)
done
Stopping thttpd.
ALSA: Storing mixer settings...
/usr/sbin/alsactl: save_state:1590: No soundcards found...
Deconfiguring network interfaces... done.
Sending all processes the TERM signal...
Sending all processes the KILL signal...
Unmounting remote filesystems...
Deactivating swap...
Unmounting local filesystems...
[ 6423.183780] reboot: System halted

- 08:52:32 [INFO] Disconnected serial from beaglebone
- 08:52:32 [INFO] Connected to beaglebone via serial 
- 08:52:32 [INFO] Host: 
- 08:52:33 [ERROR] On command:  waiting for (?-mix:U-Boot#) >>> error: execution expired
- 08:52:33 [INFO] Target: 

U-Boot SPL 2014.07-rc2 (May 29 2014 - 18:04:30)

- 08:52:33 [INFO] Host: 
- 08:52:33 [ERROR] On command:  waiting for (?-mix:U-Boot#) >>> error: execution expired
- 08:52:33 [INFO] Target: 
reading u-boot.img
reading u-boot.img


U-Boot 2014.07-rc2 (May 29 2014 - 18:04:30)

I2C:   ready
DRAM:  256 MiB

- 08:52:33 [INFO] Host: 
- 08:52:34 [INFO] Target: 
NAND:  0 MiB
MMC:   OMAP SD/MMC: 0, OMAP SD/MMC: 1
*** Warning - readenv() failed, using default environment

Net:   <ethaddr> not set. Validating first E-fuse MAC
cpsw, usb_ether
Hit any key to stop autoboot:  1  0 
U-Boot# 
- 08:52:34 [INFO] Host: 
- 08:52:34 [INFO] Target: 

U-Boot# 
- 08:52:34 [INFO] Host: version
- 08:52:35 [INFO] Target: 
version

U-Boot 2014.07-rc2 (May 29 2014 - 18:04:30)
arm-linux-gnueabihf-gcc (crosstool-NG linaro-1.13.1-4.7-2013.03-20130313 - Linaro GCC 2013.03) 4.7.3 20130226 (prerelease)
GNU ld (crosstool-NG linaro-1.13.1-4.7-2013.03-20130313 - Linaro GCC 2013.03) 2.23.1
U-Boot# 
- 08:52:35 [INFO] Host: setenv bootargs 'console=ttyO0,115200n8 earlyprintk rootwait '
- 08:52:35 [INFO] Target: 
setenv bootargs 'console=ttyO0,115200n8 earlyprintk rootwait '
U-Boot# 
- 08:52:35 [INFO] Host: setenv bootcmd  ''
- 08:52:36 [INFO] Target: 
setenv bootcmd  ''
U-Boot# 
- 08:52:36 [INFO] Host: setenv autoload 'no'
- 08:52:36 [INFO] Target: 
setenv autoload 'no'
U-Boot# 
- 08:52:36 [INFO] Host: setenv serverip '192.168.0.1'
- 08:52:37 [INFO] Target: 
setenv serverip '192.168.0.1'
U-Boot# 
- 08:52:37 [INFO] Host: printenv
- 08:52:37 [INFO] Target: 
printenv
arch=arm
autoload=no
baudrate=115200
board=am335x
board_name=A335BONE
board_rev=00A6
boot_fdt=try
bootargs=console=ttyO0,115200n8 earlyprintk rootwait 
bootcmd=
bootcount=1
bootdelay=1
bootdir=/boot
bootenv=uEnv.txt
bootfile=zImage
bootm_size=0x10000000
bootpart=0:2
console=ttyO0,115200n8
cpu=armv7
dfu_alt_info_emmc=rawemmc mmc 0 3751936
dfu_alt_info_mmc=boot part 0 1;rootfs part 0 2;MLO fat 0 1;MLO.raw mmc 0x100 0x100;u-boot.img.raw mmc 0x300 0x400;spl-os-args.raw mmc 0x80 0x80;spl-os-image.raw mmc 0x900 0x2000;spl-os-args fat 0 1;spl-os-image fat 0 1;u-boot.img fat 0 1;uEnv.txt fat 0 1
dfu_alt_info_nand=SPL part 0 1;SPL.backup1 part 0 2;SPL.backup2 part 0 3;SPL.backup3 part 0 4;u-boot part 0 5;u-boot-spl-os part 0 6;kernel part 0 8;rootfs part 0 9
dfu_alt_info_ram=kernel ram 0x80200000 0xD80000;fdt ram 0x80F80000 0x80000;ramdisk ram 0x81000000 0x4000000
eth1addr=78:c5:e5:d5:61:69
ethact=cpsw
ethaddr=78:c5:e5:d5:61:68
fdt_addr_r=0x88000000
fdtaddr=0x88000000
fdtfile=undefined
findfdt=if test $board_name = A335BONE; then setenv fdtfile am335x-bone.dtb; fi; if test $board_name = A335BNLT; then setenv fdtfile am335x-boneblack.dtb; fi; if test $board_name = A33515BB; then setenv fdtfile am335x-evm.dtb; fi; if test $board_name = A335X_SK; then setenv fdtfile am335x-evmsk.dtb; fi; if test $fdtfile = undefined; then echo WARNING: Could not determine device tree to use; fi; 
importbootenv=echo Importing environment from mmc ...; env import -t $loadaddr $filesize
kernel_addr_r=0x82000000
loadaddr=0x82000000
loadbootenv=load mmc ${mmcdev} ${loadaddr} ${bootenv}
loadfdt=load mmc ${bootpart} ${fdtaddr} ${bootdir}/${fdtfile}
loadimage=load mmc ${bootpart} ${loadaddr} ${bootdir}/${bootfile}
loadramdisk=load mmc ${mmcdev} ${rdaddr} ramdisk.gz
mmcargs=setenv bootargs console=${console} ${optargs} root=${mmcroot} rootfstype=${mmcrootfstype}
mmcboot=mmc dev ${mmcdev}; if mmc rescan; then echo SD/MMC found on device ${mmcdev};if run loadbootenv; then echo Loaded environment from ${bootenv};run importbootenv;fi;if test -n $uenvcmd; then echo Running uenvcmd ...;run uenvcmd;fi;if run loadimage; then run mmcloados;fi;fi;
mmcdev=0
mmcloados=run mmcargs; if test ${boot_fdt} = yes || test ${boot_fdt} = try; then if run loadfdt; then bootz ${loadaddr} - ${fdtaddr}; else if test ${boot_fdt} = try; then bootz; else echo WARN: Cannot load the DT; fi; fi; else bootz; fi;
mmcroot=/dev/mmcblk0p2 ro
mmcrootfstype=ext4 rootwait
mtdids=nand0=omap2-nand.0
mtdparts=mtdparts=omap2-nand.0:128k(SPL),128k(SPL.backup1),128k(SPL.backup2),128k(SPL.backup3),1792k(u-boot),128k(u-boot-spl-os),128k(u-boot-env),5m(kernel),-(rootfs)
nandargs=setenv bootargs console=${console} ${optargs} root=${nandroot} rootfstype=${nandrootfstype}
nandboot=echo Booting from nand ...; run nandargs; nand read ${fdtaddr} u-boot-spl-os; nand read ${loadaddr} kernel; bootz ${loadaddr} - ${fdtaddr}
nandroot=ubi0:rootfs rw ubi.mtd=7,2048
nandrootfstype=ubifs rootwait=1
netargs=setenv bootargs console=${console} ${optargs} root=/dev/nfs nfsroot=${serverip}:${rootpath},${nfsopts} rw ip=dhcp
netboot=echo Booting from network ...; setenv autoload no; dhcp; tftp ${loadaddr} ${bootfile}; tftp ${fdtaddr} ${fdtfile}; run netargs; bootz ${loadaddr} - ${fdtaddr}
nfsopts=nolock
partitions=uuid_disk=${uuid_gpt_disk};name=rootfs,start=2MiB,size=-,uuid=${uuid_gpt_rootfs}
ramargs=setenv bootargs console=${console} ${optargs} root=${ramroot} rootfstype=${ramrootfstype}
ramboot=echo Booting from ramdisk ...; run ramargs; bootz ${loadaddr} ${rdaddr} ${fdtaddr}
ramdisk_addr_r=0x88080000
ramroot=/dev/ram0 rw
ramrootfstype=ext2
rdaddr=0x88080000
rootpath=/export/rootfs
serverip=192.168.0.1
soc=am33xx
spiargs=setenv bootargs console=${console} ${optargs} root=${spiroot} rootfstype=${spirootfstype}
spiboot=echo Booting from spi ...; run spiargs; sf probe ${spibusno}:0; sf read ${loadaddr} ${spisrcaddr} ${spiimgsize}; bootz ${loadaddr}
spibusno=0
spiimgsize=0x362000
spiroot=/dev/mtdblock4 rw
spirootfstype=jffs2
spisrcaddr=0xe0000
static_ip=${ipaddr}:${serverip}:${gatewayip}:${netmask}:${hostname}::off
stderr=serial
stdin=serial
stdout=serial
usbnet_devaddr=78:c5:e5:d5:61:69
vendor=ti
ver=U-Boot 2014.07-rc2 (May 29 2014 - 18:04:30)

Environment size: 4366/131068 bytes
U-Boot# 
- 08:52:37 [INFO] Host: printenv
- 08:52:38 [INFO] Target: 
printenv
arch=arm
autoload=no
baudrate=115200
board=am335x
board_name=A335BONE
board_rev=00A6
boot_fdt=try
bootargs=console=ttyO0,115200n8 earlyprintk rootwait 
bootcmd=
bootcount=1
bootdelay=1
bootdir=/boot
bootenv=uEnv.txt
bootfile=zImage
bootm_size=0x10000000
bootpart=0:2
console=ttyO0,115200n8
cpu=armv7
dfu_alt_info_emmc=rawemmc mmc 0 3751936
dfu_alt_info_mmc=boot part 0 1;rootfs part 0 2;MLO fat 0 1;MLO.raw mmc 0x100 0x100;u-boot.img.raw mmc 0x300 0x400;spl-os-args.raw mmc 0x80 0x80;spl-os-image.raw mmc 0x900 0x2000;spl-os-args fat 0 1;spl-os-image fat 0 1;u-boot.img fat 0 1;uEnv.txt fat 0 1
dfu_alt_info_nand=SPL part 0 1;SPL.backup1 part 0 2;SPL.backup2 part 0 3;SPL.backup3 part 0 4;u-boot part 0 5;u-boot-spl-os part 0 6;kernel part 0 8;rootfs part 0 9
dfu_alt_info_ram=kernel ram 0x80200000 0xD80000;fdt ram 0x80F80000 0x80000;ramdisk ram 0x81000000 0x4000000
eth1addr=78:c5:e5:d5:61:69
ethact=cpsw
ethaddr=78:c5:e5:d5:61:68
fdt_addr_r=0x88000000
fdtaddr=0x88000000
fdtfile=undefined
findfdt=if test $board_name = A335BONE; then setenv fdtfile am335x-bone.dtb; fi; if test $board_name = A335BNLT; then setenv fdtfile am335x-boneblack.dtb; fi; if test $board_name = A33515BB; then setenv fdtfile am335x-evm.dtb; fi; if test $board_name = A335X_SK; then setenv fdtfile am335x-evmsk.dtb; fi; if test $fdtfile = undefined; then echo WARNING: Could not determine device tree to use; fi; 
importbootenv=echo Importing environment from mmc ...; env import -t $loadaddr $filesize
kernel_addr_r=0x82000000
loadaddr=0x82000000
loadbootenv=load mmc ${mmcdev} ${loadaddr} ${bootenv}
loadfdt=load mmc ${bootpart} ${fdtaddr} ${bootdir}/${fdtfile}
loadimage=load mmc ${bootpart} ${loadaddr} ${bootdir}/${bootfile}
loadramdisk=load mmc ${mmcdev} ${rdaddr} ramdisk.gz
mmcargs=setenv bootargs console=${console} ${optargs} root=${mmcroot} rootfstype=${mmcrootfstype}
mmcboot=mmc dev ${mmcdev}; if mmc rescan; then echo SD/MMC found on device ${mmcdev};if run loadbootenv; then echo Loaded environment from ${bootenv};run importbootenv;fi;if test -n $uenvcmd; then echo Running uenvcmd ...;run uenvcmd;fi;if run loadimage; then run mmcloados;fi;fi;
mmcdev=0
mmcloados=run mmcargs; if test ${boot_fdt} = yes || test ${boot_fdt} = try; then if run loadfdt; then bootz ${loadaddr} - ${fdtaddr}; else if test ${boot_fdt} = try; then bootz; else echo WARN: Cannot load the DT; fi; fi; else bootz; fi;
mmcroot=/dev/mmcblk0p2 ro
mmcrootfstype=ext4 rootwait
mtdids=nand0=omap2-nand.0
mtdparts=mtdparts=omap2-nand.0:128k(SPL),128k(SPL.backup1),128k(SPL.backup2),128k(SPL.backup3),1792k(u-boot),128k(u-boot-spl-os),128k(u-boot-env),5m(kernel),-(rootfs)
nandargs=setenv bootargs console=${console} ${optargs} root=${nandroot} rootfstype=${nandrootfstype}
nandboot=echo Booting from nand ...; run nandargs; nand read ${fdtaddr} u-boot-spl-os; nand read ${loadaddr} kernel; bootz ${loadaddr} - ${fdtaddr}
nandroot=ubi0:rootfs rw ubi.mtd=7,2048
nandrootfstype=ubifs rootwait=1
netargs=setenv bootargs console=${console} ${optargs} root=/dev/nfs nfsroot=${serverip}:${rootpath},${nfsopts} rw ip=dhcp
netboot=echo Booting from network ...; setenv autoload no; dhcp; tftp ${loadaddr} ${bootfile}; tftp ${fdtaddr} ${fdtfile}; run netargs; bootz ${loadaddr} - ${fdtaddr}
nfsopts=nolock
partitions=uuid_disk=${uuid_gpt_disk};name=rootfs,start=2MiB,size=-,uuid=${uuid_gpt_rootfs}
ramargs=setenv bootargs console=${console} ${optargs} root=${ramroot} rootfstype=${ramrootfstype}
ramboot=echo Booting from ramdisk ...; run ramargs; bootz ${loadaddr} ${rdaddr} ${fdtaddr}
ramdisk_addr_r=0x88080000
ramroot=/dev/ram0 rw
ramrootfstype=ext2
rdaddr=0x88080000
rootpath=/export/rootfs
serverip=192.168.0.1
soc=am33xx
spiargs=setenv bootargs console=${console} ${optargs} root=${spiroot} rootfstype=${spirootfstype}
spiboot=echo Booting from spi ...; run spiargs; sf probe ${spibusno}:0; sf read ${loadaddr} ${spisrcaddr} ${spiimgsize}; bootz ${loadaddr}
spibusno=0
spiimgsize=0x362000
spiroot=/dev/mtdblock4 rw
spirootfstype=jffs2
spisrcaddr=0xe0000
static_ip=${ipaddr}:${serverip}:${gatewayip}:${netmask}:${hostname}::off
stderr=serial
stdin=serial
stdout=serial
usbnet_devaddr=78:c5:e5:d5:61:69
vendor=ti
ver=U-Boot 2014.07-rc2 (May 29 2014 - 18:04:30)

Environment size: 4366/131068 bytes
U-Boot# 
- 08:52:38 [INFO] Host: setenv bootargs ''${bootargs}' ip=dhcp '
- 08:52:38 [INFO] Target: 
setenv bootargs ''${bootargs}' ip=dhcp '
U-Boot# 
- 08:52:38 [INFO] Host: setenv ipaddr dhcp
- 08:52:39 [INFO] Target: 
setenv ipaddr dhcp
U-Boot# 
- 08:52:39 [INFO] Host: dhcp
- 08:52:40 [INFO] Target: 
dhcp
link up on port 0, speed 100, full duplex
BOOTP broadcast 1
DHCP client bound to address 192.168.0.201
U-Boot# 
- 08:52:40 [INFO] Host: setenv serverip '192.168.0.1'
- 08:52:41 [INFO] Target: 
setenv serverip '192.168.0.1'
U-Boot# 
- 08:52:41 [INFO] Host: tftp ${loadaddr} 192.168.0.1:vatf_beaglebone/493ff16994ff051a0023805993f25bf0
- 08:52:42 [INFO] Target: 
tftp ${loadaddr} 192.168.0.1:vatf_beaglebone/493ff16994ff051a0023805993f25bf0
link up on port 0, speed 100, full duplex
Using cpsw device
TFTP from server 192.168.0.1; our IP address is 192.168.0.201
Filename 'vatf_beaglebone/493ff16994ff051a0023805993f25bf0'.
Load address: 0x82000000
Loading: *#################################################################
	 #################################################################
	 #################################################################
	 #################################################################
	 #################################################################
	 ##########
	 4.1 MiB/s
done
Bytes transferred = 4916608 (4b0580 hex)
U-Boot# 
- 08:52:42 [INFO] Host: tftp ${fdt_addr_r} 192.168.0.1:vatf_beaglebone/a05a883a7028b3915936d7b8b2f3d43a
- 08:52:43 [INFO] Target: 
tftp ${fdt_addr_r} 192.168.0.1:vatf_beaglebone/a05a883a7028b3915936d7b8b2f3d43a
link up on port 0, speed 100, full duplex
Using cpsw device
TFTP from server 192.168.0.1; our IP address is 192.168.0.201
Filename 'vatf_beaglebone/a05a883a7028b3915936d7b8b2f3d43a'.
Load address: 0x88000000
Loading: *##
	 3.4 MiB/s
done
Bytes transferred = 28422 (6f06 hex)
U-Boot# 
- 08:52:43 [INFO] Host: ls mmc 0:1
- 08:52:43 [INFO] Target: 
ls mmc 0:1
   452120   am335x-evm-sk-quickstartguide.pdf 
      140   autorun.inf 
   176621   beaglebone-quickstartguide.pdf 
    82480   mlo 
  1167591   quickstartguide.pdf 
     1164   readme 
   408372   u-boot.img 
            windows_users/
       13   .ipaddr 

8 file(s), 1 dir(s)

U-Boot# 
- 08:52:43 [INFO] Host: ls mmc 0:2
- 08:52:44 [INFO] Target: 
ls mmc 0:2
<DIR>       4096 .
<DIR>       4096 ..
<DIR>       4096 bin
<DIR>       4096 boot
<DIR>       4096 dev
<DIR>       4096 etc
<DIR>       4096 home
<DIR>       4096 lib
<DIR>       4096 media
<DIR>       4096 mnt
<DIR>       4096 opt
<DIR>       4096 proc
<SYM>          8 run
<DIR>       4096 sbin
<DIR>       4096 srv
<DIR>       4096 sys
<SYM>          8 tmp
<DIR>       4096 usr
<DIR>       4096 var
<DIR>       4096 www
<DIR>       4096 Settings
<DIR>       4096 test
U-Boot# 
- 08:52:44 [INFO] Host: part uuid mmc 0:2
- 08:52:44 [INFO] Target: 
part uuid mmc 0:2
00000000-02
U-Boot# 
- 08:52:44 [INFO] Host: printenv
- 08:52:45 [INFO] Target: 
printenv
arch=arm
autoload=no
baudrate=115200
board=am335x
board_name=A335BONE
board_rev=00A6
boot_fdt=try
bootargs=console=ttyO0,115200n8 earlyprintk rootwait  ip=dhcp 
bootcmd=
bootcount=1
bootdelay=1
bootdir=/boot
bootenv=uEnv.txt
bootfile=zImage
bootm_size=0x10000000
bootpart=0:2
console=ttyO0,115200n8
cpu=armv7
dfu_alt_info_emmc=rawemmc mmc 0 3751936
dfu_alt_info_mmc=boot part 0 1;rootfs part 0 2;MLO fat 0 1;MLO.raw mmc 0x100 0x100;u-boot.img.raw mmc 0x300 0x400;spl-os-args.raw mmc 0x80 0x80;spl-os-image.raw mmc 0x900 0x2000;spl-os-args fat 0 1;spl-os-image fat 0 1;u-boot.img fat 0 1;uEnv.txt fat 0 1
dfu_alt_info_nand=SPL part 0 1;SPL.backup1 part 0 2;SPL.backup2 part 0 3;SPL.backup3 part 0 4;u-boot part 0 5;u-boot-spl-os part 0 6;kernel part 0 8;rootfs part 0 9
dfu_alt_info_ram=kernel ram 0x80200000 0xD80000;fdt ram 0x80F80000 0x80000;ramdisk ram 0x81000000 0x4000000
dnsip=192.0.2.2
dnsip2=192.0.2.3
eth1addr=78:c5:e5:d5:61:69
ethact=cpsw
ethaddr=78:c5:e5:d5:61:68
fdt_addr_r=0x88000000
fdtaddr=0x88000000
fdtfile=undefined
fileaddr=88000000
filesize=6f06
findfdt=if test $board_name = A335BONE; then setenv fdtfile am335x-bone.dtb; fi; if test $board_name = A335BNLT; then setenv fdtfile am335x-boneblack.dtb; fi; if test $board_name = A33515BB; then setenv fdtfile am335x-evm.dtb; fi; if test $board_name = A335X_SK; then setenv fdtfile am335x-evmsk.dtb; fi; if test $fdtfile = undefined; then echo WARNING: Could not determine device tree to use; fi; 
gatewayip=192.168.0.1
importbootenv=echo Importing environment from mmc ...; env import -t $loadaddr $filesize
ipaddr=192.168.0.201
kernel_addr_r=0x82000000
loadaddr=0x82000000
loadbootenv=load mmc ${mmcdev} ${loadaddr} ${bootenv}
loadfdt=load mmc ${bootpart} ${fdtaddr} ${bootdir}/${fdtfile}
loadimage=load mmc ${bootpart} ${loadaddr} ${bootdir}/${bootfile}
loadramdisk=load mmc ${mmcdev} ${rdaddr} ramdisk.gz
mmcargs=setenv bootargs console=${console} ${optargs} root=${mmcroot} rootfstype=${mmcrootfstype}
mmcboot=mmc dev ${mmcdev}; if mmc rescan; then echo SD/MMC found on device ${mmcdev};if run loadbootenv; then echo Loaded environment from ${bootenv};run importbootenv;fi;if test -n $uenvcmd; then echo Running uenvcmd ...;run uenvcmd;fi;if run loadimage; then run mmcloados;fi;fi;
mmcdev=0
mmcloados=run mmcargs; if test ${boot_fdt} = yes || test ${boot_fdt} = try; then if run loadfdt; then bootz ${loadaddr} - ${fdtaddr}; else if test ${boot_fdt} = try; then bootz; else echo WARN: Cannot load the DT; fi; fi; else bootz; fi;
mmcroot=/dev/mmcblk0p2 ro
mmcrootfstype=ext4 rootwait
mtdids=nand0=omap2-nand.0
mtdparts=mtdparts=omap2-nand.0:128k(SPL),128k(SPL.backup1),128k(SPL.backup2),128k(SPL.backup3),1792k(u-boot),128k(u-boot-spl-os),128k(u-boot-env),5m(kernel),-(rootfs)
nandargs=setenv bootargs console=${console} ${optargs} root=${nandroot} rootfstype=${nandrootfstype}
nandboot=echo Booting from nand ...; run nandargs; nand read ${fdtaddr} u-boot-spl-os; nand read ${loadaddr} kernel; bootz ${loadaddr} - ${fdtaddr}
nandroot=ubi0:rootfs rw ubi.mtd=7,2048
nandrootfstype=ubifs rootwait=1
netargs=setenv bootargs console=${console} ${optargs} root=/dev/nfs nfsroot=${serverip}:${rootpath},${nfsopts} rw ip=dhcp
netboot=echo Booting from network ...; setenv autoload no; dhcp; tftp ${loadaddr} ${bootfile}; tftp ${fdtaddr} ${fdtfile}; run netargs; bootz ${loadaddr} - ${fdtaddr}
netmask=255.255.255.0
nfsopts=nolock
partitions=uuid_disk=${uuid_gpt_disk};name=rootfs,start=2MiB,size=-,uuid=${uuid_gpt_rootfs}
ramargs=setenv bootargs console=${console} ${optargs} root=${ramroot} rootfstype=${ramrootfstype}
ramboot=echo Booting from ramdisk ...; run ramargs; bootz ${loadaddr} ${rdaddr} ${fdtaddr}
ramdisk_addr_r=0x88080000
ramroot=/dev/ram0 rw
ramrootfstype=ext2
rdaddr=0x88080000
rootpath=/export/rootfs
serverip=192.168.0.1
soc=am33xx
spiargs=setenv bootargs console=${console} ${optargs} root=${spiroot} rootfstype=${spirootfstype}
spiboot=echo Booting from spi ...; run spiargs; sf probe ${spibusno}:0; sf read ${loadaddr} ${spisrcaddr} ${spiimgsize}; bootz ${loadaddr}
spibusno=0
spiimgsize=0x362000
spiroot=/dev/mtdblock4 rw
spirootfstype=jffs2
spisrcaddr=0xe0000
static_ip=${ipaddr}:${serverip}:${gatewayip}:${netmask}:${hostname}::off
stderr=serial
stdin=serial
stdout=serial
usbnet_devaddr=78:c5:e5:d5:61:69
vendor=ti
ver=U-Boot 2014.07-rc2 (May 29 2014 - 18:04:30)

Environment size: 4519/131068 bytes
U-Boot# 
- 08:52:45 [INFO] Host: setenv bootargs ''${bootargs}' root=PARTUUID=00000000-02 rw rootfstype=ext4 rootwait '
- 08:52:45 [INFO] Target: 
setenv bootargs ''${bootargs}' root=PARTUUID=00000000-02 rw rootfstype=ext4 rootwait '
U-Boot# 
- 08:52:45 [INFO] Host: printenv
- 08:52:46 [INFO] Target: 
printenv
arch=arm
autoload=no
baudrate=115200
board=am335x
board_name=A335BONE
board_rev=00A6
boot_fdt=try
bootargs=console=ttyO0,115200n8 earlyprintk rootwait  ip=dhcp  root=PARTUUID=00000000-02 rw rootfstype=ext4 rootwait 
bootcmd=
bootcount=1
bootdelay=1
bootdir=/boot
bootenv=uEnv.txt
bootfile=zImage
bootm_size=0x10000000
bootpart=0:2
console=ttyO0,115200n8
cpu=armv7
dfu_alt_info_emmc=rawemmc mmc 0 3751936
dfu_alt_info_mmc=boot part 0 1;rootfs part 0 2;MLO fat 0 1;MLO.raw mmc 0x100 0x100;u-boot.img.raw mmc 0x300 0x400;spl-os-args.raw mmc 0x80 0x80;spl-os-image.raw mmc 0x900 0x2000;spl-os-args fat 0 1;spl-os-image fat 0 1;u-boot.img fat 0 1;uEnv.txt fat 0 1
dfu_alt_info_nand=SPL part 0 1;SPL.backup1 part 0 2;SPL.backup2 part 0 3;SPL.backup3 part 0 4;u-boot part 0 5;u-boot-spl-os part 0 6;kernel part 0 8;rootfs part 0 9
dfu_alt_info_ram=kernel ram 0x80200000 0xD80000;fdt ram 0x80F80000 0x80000;ramdisk ram 0x81000000 0x4000000
dnsip=192.0.2.2
dnsip2=192.0.2.3
eth1addr=78:c5:e5:d5:61:69
ethact=cpsw
ethaddr=78:c5:e5:d5:61:68
fdt_addr_r=0x88000000
fdtaddr=0x88000000
fdtfile=undefined
fileaddr=88000000
filesize=6f06
findfdt=if test $board_name = A335BONE; then setenv fdtfile am335x-bone.dtb; fi; if test $board_name = A335BNLT; then setenv fdtfile am335x-boneblack.dtb; fi; if test $board_name = A33515BB; then setenv fdtfile am335x-evm.dtb; fi; if test $board_name = A335X_SK; then setenv fdtfile am335x-evmsk.dtb; fi; if test $fdtfile = undefined; then echo WARNING: Could not determine device tree to use; fi; 
gatewayip=192.168.0.1
importbootenv=echo Importing environment from mmc ...; env import -t $loadaddr $filesize
ipaddr=192.168.0.201
kernel_addr_r=0x82000000
loadaddr=0x82000000
loadbootenv=load mmc ${mmcdev} ${loadaddr} ${bootenv}
loadfdt=load mmc ${bootpart} ${fdtaddr} ${bootdir}/${fdtfile}
loadimage=load mmc ${bootpart} ${loadaddr} ${bootdir}/${bootfile}
loadramdisk=load mmc ${mmcdev} ${rdaddr} ramdisk.gz
mmcargs=setenv bootargs console=${console} ${optargs} root=${mmcroot} rootfstype=${mmcrootfstype}
mmcboot=mmc dev ${mmcdev}; if mmc rescan; then echo SD/MMC found on device ${mmcdev};if run loadbootenv; then echo Loaded environment from ${bootenv};run importbootenv;fi;if test -n $uenvcmd; then echo Running uenvcmd ...;run uenvcmd;fi;if run loadimage; then run mmcloados;fi;fi;
mmcdev=0
mmcloados=run mmcargs; if test ${boot_fdt} = yes || test ${boot_fdt} = try; then if run loadfdt; then bootz ${loadaddr} - ${fdtaddr}; else if test ${boot_fdt} = try; then bootz; else echo WARN: Cannot load the DT; fi; fi; else bootz; fi;
mmcroot=/dev/mmcblk0p2 ro
mmcrootfstype=ext4 rootwait
mtdids=nand0=omap2-nand.0
mtdparts=mtdparts=omap2-nand.0:128k(SPL),128k(SPL.backup1),128k(SPL.backup2),128k(SPL.backup3),1792k(u-boot),128k(u-boot-spl-os),128k(u-boot-env),5m(kernel),-(rootfs)
nandargs=setenv bootargs console=${console} ${optargs} root=${nandroot} rootfstype=${nandrootfstype}
nandboot=echo Booting from nand ...; run nandargs; nand read ${fdtaddr} u-boot-spl-os; nand read ${loadaddr} kernel; bootz ${loadaddr} - ${fdtaddr}
nandroot=ubi0:rootfs rw ubi.mtd=7,2048
nandrootfstype=ubifs rootwait=1
netargs=setenv bootargs console=${console} ${optargs} root=/dev/nfs nfsroot=${serverip}:${rootpath},${nfsopts} rw ip=dhcp
netboot=echo Booting from network ...; setenv autoload no; dhcp; tftp ${loadaddr} ${bootfile}; tftp ${fdtaddr} ${fdtfile}; run netargs; bootz ${loadaddr} - ${fdtaddr}
netmask=255.255.255.0
nfsopts=nolock
partitions=uuid_disk=${uuid_gpt_disk};name=rootfs,start=2MiB,size=-,uuid=${uuid_gpt_rootfs}
ramargs=setenv bootargs console=${console} ${optargs} root=${ramroot} rootfstype=${ramrootfstype}
ramboot=echo Booting from ramdisk ...; run ramargs; bootz ${loadaddr} ${rdaddr} ${fdtaddr}
ramdisk_addr_r=0x88080000
ramroot=/dev/ram0 rw
ramrootfstype=ext2
rdaddr=0x88080000
rootpath=/export/rootfs
serverip=192.168.0.1
soc=am33xx
spiargs=setenv bootargs console=${console} ${optargs} root=${spiroot} rootfstype=${spirootfstype}
spiboot=echo Booting from spi ...; run spiargs; sf probe ${spibusno}:0; sf read ${loadaddr} ${spisrcaddr} ${spiimgsize}; bootz ${loadaddr}
spibusno=0
spiimgsize=0x362000
spiroot=/dev/mtdblock4 rw
spirootfstype=jffs2
spisrcaddr=0xe0000
static_ip=${ipaddr}:${serverip}:${gatewayip}:${netmask}:${hostname}::off
stderr=serial
stdin=serial
stdout=serial
usbnet_devaddr=78:c5:e5:d5:61:69
vendor=ti
ver=U-Boot 2014.07-rc2 (May 29 2014 - 18:04:30)

Environment size: 4574/131068 bytes
U-Boot# 
- 08:52:46 [INFO] Host: setenv bootcmd ''${bootcmd}' if iminfo ${loadaddr}; then bootm ${loadaddr} - ${fdt_addr_r}; else bootz ${loadaddr} - ${fdt_addr_r}; bootm ${loadaddr} - ${fdt_addr_r}; fi'
- 08:52:46 [INFO] Target: 
setenv bootcmd ''${bootcmd}' if iminfo ${loadaddr}; then bootm ${loadaddr} - ${fdt_addr_r}; else bootz ${loadaddr} - ${fdt_addr_r}; bootm ${loadaddr} - ${fdt_addr_r}; fi'
U-Boot# 
- 08:52:46 [INFO] Host: bdinfo
- 08:52:47 [INFO] Target: 
bdinfo
arch_number = 0x00000E05
boot_params = 0x80000100
DRAM bank   = 0x00000000
-> start    = 0x80000000
-> size     = 0x10000000
eth0name    = cpsw
ethaddr     = 78:c5:e5:d5:61:68
eth1name    = usb_ether
eth1addr    = 78:c5:e5:d5:61:69
current eth = cpsw
ip_addr     = 192.168.0.201
baudrate    = 115200 bps
TLB addr    = 0x8FFF0000
relocaddr   = 0x8F74A000
reloc off   = 0x0EF4A000
irq_sp      = 0x8F629EE0
sp start    = 0x8F629ED0
U-Boot# 
- 08:52:47 [INFO] Host: boot
- 08:55:17 [ERROR] On command: boot waiting for (?-mix:login:) >>> error: execution expired
- 08:55:17 [INFO] Target: 
boot

## Checking Image at 82000000 ...
Unknown image format!
Kernel image @ 0x82000000 [ 0x000000 - 0x4b0580 ]
## Flattened Device Tree blob at 88000000
   Booting using the fdt blob at 0x88000000
   Loading Device Tree to 8f61e000, end 8f627f05 ... OK

Starting kernel ...

[    0.000000] Booting Linux on physical CPU 0x0
[    0.000000] Linux version 3.16.0-rc2-next-20140626-00002-g1b33c17 (nmenon@kahuna) (gcc version 4.6.3 (Ubuntu/Linaro 4.6.3-1ubuntu5) ) #1 SMP Thu Jun 26 07:49:02 CDT 2014
[    0.000000] CPU: ARMv7 Processor [413fc082] revision 2 (ARMv7), cr=10c5387d
[    0.000000] CPU: PIPT / VIPT nonaliasing data cache, VIPT aliasing instruction cache
[    0.000000] Machine model: TI AM335x BeagleBone
[    0.000000] cma: Reserved 64 MiB at 8b000000
[    0.000000] Memory policy: Data cache writeback
[    0.000000]   HighMem zone: 1048574 pages exceeds freesize 0
[    0.000000] CPU: All CPU(s) started in SVC mode.
[    0.000000] AM335X ES1.0 (sgx neon )
[    0.000000] PERCPU: Embedded 8 pages/cpu @cfcac000 s8448 r8192 d16128 u32768
[    0.000000] Built 1 zonelists in Zone order, mobility grouping on.  Total pages: 64768
[    0.000000] Kernel command line: console=ttyO0,115200n8 earlyprintk rootwait  ip=dhcp  root=PARTUUID=00000000-02 rw rootfstype=ext4 rootwait 
[    0.000000] PID hash table entries: 1024 (order: 0, 4096 bytes)
[    0.000000] Dentry cache hash table entries: 32768 (order: 5, 131072 bytes)
[    0.000000] Inode-cache hash table entries: 16384 (order: 4, 65536 bytes)
[    0.000000] Memory: 182144K/261120K available (6376K kernel code, 899K rwdata, 2568K rodata, 656K init, 304K bss, 78976K reserved, 0K highmem)
[    0.000000] Virtual kernel memory layout:
[    0.000000]     vector  : 0xffff0000 - 0xffff1000   (   4 kB)
[    0.000000]     fixmap  : 0xffc00000 - 0xffe00000   (2048 kB)
[    0.000000]     vmalloc : 0xd0800000 - 0xff000000   ( 744 MB)
[    0.000000]     lowmem  : 0xc0000000 - 0xd0000000   ( 256 MB)
[    0.000000]     pkmap   : 0xbfe00000 - 0xc0000000   (   2 MB)
[    0.000000]     modules : 0xbf000000 - 0xbfe00000   (  14 MB)
[    0.000000]       .text : 0xc0208000 - 0xc0ac44fc   (8946 kB)
[    0.000000]       .init : 0xc0ac5000 - 0xc0b69100   ( 657 kB)
[    0.000000]       .data : 0xc0b6a000 - 0xc0c4af40   ( 900 kB)
[    0.000000]        .bss : 0xc0c4af48 - 0xc0c97090   ( 305 kB)
[    0.000000] SLUB: HWalign=64, Order=0-3, MinObjects=0, CPUs=1, Nodes=1
[    0.000000] Hierarchical RCU implementation.
[    0.000000] 	RCU restricting CPUs from NR_CPUS=8 to nr_cpu_ids=1.
[    0.000000] RCU: Adjusting geometry for rcu_fanout_leaf=16, nr_cpu_ids=1
[    0.000000] NR_IRQS:16 nr_irqs:16 16
[    0.000000] IRQ: Found an INTC at 0xfa200000 (revision 5.0) with 128 interrupts
[    0.000000] Total of 128 interrupts on 1 active controller
[    0.000000] OMAP clockevent source: timer2 at 24000000 Hz
[    0.000015] sched_clock: 32 bits at 24MHz, resolution 41ns, wraps every 178956969942ns
[    0.000039] OMAP clocksource: timer1 at 24000000 Hz
[    0.000268] Console: colour dummy device 80x30
[    0.000306] Calibrating delay loop... 717.61 BogoMIPS (lpj=1794048)
[    0.059337] pid_max: default: 32768 minimum: 301
[    0.059512] Mount-cache hash table entries: 1024 (order: 0, 4096 bytes)
[    0.059526] Mountpoint-cache hash table entries: 1024 (order: 0, 4096 bytes)
[    0.060247] CPU: Testing write buffer coherency: ok
[    0.060625] CPU0: thread -1, cpu 0, socket -1, mpidr 0
[    0.060738] Setting up static identity map for 0x808071a0 - 0x80807238
[    0.062943] Brought up 1 CPUs
[    0.062963] SMP: Total of 1 processors activated.
[    0.062973] CPU: All CPU(s) started in SVC mode.
[    0.063706] devtmpfs: initialized
[    0.068237] VFP support v0.3: implementor 41 architecture 3 part 30 variant c rev 3
[    0.080560] omap_hwmod: tptc0 using broken dt data from edma
[    0.080726] omap_hwmod: tptc1 using broken dt data from edma
[    0.080853] omap_hwmod: tptc2 using broken dt data from edma
[    0.085725] omap_hwmod: debugss: _wait_target_disable failed
[    0.146284] pinctrl core: initialized pinctrl subsystem
[    0.147016] regulator-dummy: no parameters
[    0.157900] NET: Registered protocol family 16
[    0.160944] DMA: preallocated 256 KiB pool for atomic coherent allocations
[    0.163320] cpuidle: using governor ladder
[    0.163347] cpuidle: using governor menu
[    0.171626] platform 49000000.edma: alias fck already exists
[    0.171658] platform 49000000.edma: alias fck already exists
[    0.171674] platform 49000000.edma: alias fck already exists
[    0.172608] OMAP GPIO hardware version 0.1
[    0.180943] No ATAGs?
[    0.180980] hw-breakpoint: debug architecture 0x4 unsupported.
[    0.182008] EXYNOS: PMU not supported
[    0.184285] Serial: AMBA PL011 UART driver
[    0.207116] edma-dma-engine edma-dma-engine.0: TI EDMA DMA engine driver
[    0.207929] vmmcsd_fixed: 3300 mV 
[    0.210340] vgaarb: loaded
[    0.211204] SCSI subsystem initialized
[    0.211991] usbcore: registered new interface driver usbfs
[    0.212101] usbcore: registered new interface driver hub
[    0.212261] usbcore: registered new device driver usb
[    0.212956] omap_i2c 44e0b000.i2c: could not find pctldev for node /pinmux@44e10800/pinmux_i2c0_pins, deferring probe
[    0.212988] platform 44e0b000.i2c: Driver omap_i2c requests probe deferral
[    0.213247] Linux video capture interface: v2.00
[    0.213314] pps_core: LinuxPPS API ver. 1 registered
[    0.213325] pps_core: Software ver. 5.3.6 - Copyright 2005-2007 Rodolfo Giometti <giometti@linux.it>
[    0.213364] PTP clock support registered
[    0.213467] EDAC MC: Ver: 3.0.0
[    0.214638] Advanced Linux Sound Architecture Driver Initialized.
[    0.216226] Switched to clocksource timer1
[    0.229675] NET: Registered protocol family 2
[    0.230500] TCP established hash table entries: 2048 (order: 1, 8192 bytes)
[    0.230544] TCP bind hash table entries: 2048 (order: 2, 16384 bytes)
[    0.230591] TCP: Hash tables configured (established 2048 bind 2048)
[    0.230681] TCP: reno registered
[    0.230697] UDP hash table entries: 256 (order: 1, 8192 bytes)
[    0.230724] UDP-Lite hash table entries: 256 (order: 1, 8192 bytes)
[    0.230955] NET: Registered protocol family 1
[    0.231526] RPC: Registered named UNIX socket transport module.
[    0.231542] RPC: Registered udp transport module.
[    0.231551] RPC: Registered tcp transport module.
[    0.231559] RPC: Registered tcp NFSv4.1 backchannel transport module.
[    0.232655] hw perfevents: enabled with ARMv7 Cortex-A8 PMU driver, 5 counters available
[    0.234812] futex hash table entries: 256 (order: 2, 16384 bytes)
[    0.250524] squashfs: version 4.0 (2009/01/31) Phillip Lougher
[    0.251686] NFS: Registering the id_resolver key type
[    0.251795] Key type id_resolver registered
[    0.251806] Key type id_legacy registered
[    0.251888] msgmni has been set to 483
[    0.252840] Block layer SCSI generic (bsg) driver version 0.4 loaded (major 249)
[    0.252870] io scheduler noop registered
[    0.252888] io scheduler deadline registered
[    0.253139] io scheduler cfq registered (default)
[    0.254850] pinctrl-single 44e10800.pinmux: 142 pins at pa f9e10800 size 568
[    0.335409] Serial: 8250/16550 driver, 4 ports, IRQ sharing disabled
[    0.337985] Serial: IMX driver
[    0.338310] msm_serial: driver initialized
[    0.338865] omap_uart 44e09000.serial: no wakeirq for uart0
[    0.339076] 44e09000.serial: ttyO0 at MMIO 0x44e09000 (irq = 88, base_baud = 3000000) is a OMAP UART0
[    1.012995] console [ttyO0] enabled
[    1.017297] STMicroelectronics ASC driver initialized
[    1.023437] serial: Freescale lpuart driver
[    1.028111] [drm] Initialized drm 1.1.0 20060810
[    1.039305] loop: module loaded
[    1.046972] CAN device driver interface
[    1.052789] pegasus: v0.9.3 (2013/04/25), Pegasus/Pegasus II USB Ethernet driver
[    1.060687] usbcore: registered new interface driver pegasus
[    1.066737] usbcore: registered new interface driver asix
[    1.072495] usbcore: registered new interface driver ax88179_178a
[    1.078970] usbcore: registered new interface driver cdc_ether
[    1.085190] usbcore: registered new interface driver smsc75xx
[    1.091321] usbcore: registered new interface driver smsc95xx
[    1.097435] usbcore: registered new interface driver net1080
[    1.103450] usbcore: registered new interface driver cdc_subset
[    1.109738] usbcore: registered new interface driver zaurus
[    1.115733] usbcore: registered new interface driver cdc_ncm
[    1.121736] ehci_hcd: USB 2.0 'Enhanced' Host Controller (EHCI) Driver
[    1.128607] ehci-pci: EHCI PCI platform driver
[    1.133355] ehci-platform: EHCI generic platform driver
[    1.139039] ehci-omap: OMAP-EHCI Host Controller driver
[    1.144675] ehci-orion: EHCI orion driver
[    1.149023] SPEAr-ehci: EHCI SPEAr driver
[    1.153362] tegra-ehci: Tegra EHCI driver
[    1.157713] ohci_hcd: USB 1.1 'Open' Host Controller (OHCI) Driver
[    1.164253] ohci-pci: OHCI PCI platform driver
[    1.169031] ohci-platform: OHCI generic platform driver
[    1.174658] ohci-omap3: OHCI OMAP3 driver
[    1.179002] SPEAr-ohci: OHCI SPEAr driver
[    1.183951] usbcore: registered new interface driver usb-storage
[    1.192147] mousedev: PS/2 mouse device common for all mice
[    1.200573] i2c /dev entries driver
[    1.205345] usbcore: registered new interface driver uvcvideo
[    1.211419] USB Video Class driver (1.1.1)
[    1.215723] gspca_main: v2.14.0 registered
[    1.222364] sdhci: Secure Digital Host Controller Interface driver
[    1.228887] sdhci: Copyright(c) Pierre Ossman
[    1.234811] omap_hsmmc 48060000.mmc: unable to get vmmc regulator -517
[    1.241882] platform 48060000.mmc: Driver omap_hsmmc requests probe deferral
[    1.249666] Synopsys Designware Multimedia Card Interface Driver
[    1.256615] sdhci-pltfm: SDHCI platform and OF driver helper
[    1.263561] usbcore: registered new interface driver usbhid
[    1.269445] usbhid: USB HID core driver
[    1.278671] TCP: cubic registered
[    1.282254] NET: Registered protocol family 17
[    1.286981] can: controller area network core (rev 20120528 abi 9)
[    1.293617] NET: Registered protocol family 29
[    1.298318] can: raw protocol (rev 20120528)
[    1.302825] can: broadcast manager protocol (rev 20120528 t)
[    1.308797] can: netlink gateway (rev 20130117) max_hops=1
[    1.315187] Key type dns_resolver registered
[    1.319988] omap_voltage_late_init: Voltage driver support not added
[    1.327440] ThumbEE CPU extension supported.
[    1.332029] Registering SWP/SWPB emulation handler
[    1.341856] omap_i2c 44e0b000.i2c: bus 0 rev0.11 at 400 kHz
[    1.349362] omap_hsmmc 48060000.mmc: unable to get vmmc regulator -517
[    1.356450] platform 48060000.mmc: Driver omap_hsmmc requests probe deferral
[    1.416256] davinci_mdio 4a101000.mdio: davinci mdio revision 1.6
[    1.422689] davinci_mdio 4a101000.mdio: detected phy mask fffffffe
[    1.430019] libphy: 4a101000.mdio: probed
[    1.434299] davinci_mdio 4a101000.mdio: phy[0]: device 4a101000.mdio:00, driver unknown
[    1.443957] cpsw 4a100000.ethernet: Detected MACID = 78:c5:e5:d5:61:68
[    1.452399] drivers/rtc/hctosys.c: unable to open rtc device (rtc0)
[    1.463866] net eth0: initializing cpsw version 1.12 (0)
[    1.473216] omap_hsmmc 48060000.mmc: unable to get vmmc regulator -517
[    1.480367] platform 48060000.mmc: Driver omap_hsmmc requests probe deferral
[    1.536607] net eth0: phy found : id is : 0x7c0f1
[    1.541666] libphy: PHY 4a101000.mdio:01 not found
[    1.546717] net eth0: phy 4a101000.mdio:01 not found on slave 1
[    4.536885] cpsw 4a100000.ethernet eth0: Link is Up - 100Mbps/Full - flow control rx/tx
[    4.556244] Sending DHCP requests ., OK
[    4.636717] IP-Config: Got DHCP answer from 192.168.0.1, my address is 192.168.0.201
[    4.645062] IP-Config: Complete:
[    4.648486]      device=eth0, hwaddr=78:c5:e5:d5:61:68, ipaddr=192.168.0.201, mask=255.255.255.0, gw=192.168.0.1
[    4.659174]      host=192.168.0.201, domain=tim.com, nis-domain=(none)
[    4.666031]      bootserver=192.168.0.1, rootserver=192.168.0.1, rootpath=
[    4.673072]      nameserver0=192.0.2.2, nameserver1=192.0.2.3
[    4.679435] vmmcsd_fixed: disabling
[    4.683239] ALSA device list:
[    4.686372]   No soundcards found.
[    4.691049] Waiting for root device PARTUUID=00000000-02...
[  130.171234] random: nonblocking pool is initialized

FOR DEBUG:URL:http://gtsystest.telogy.design.ti.com/vatf/tigtfarm06/tigtfarm06_vatf@beaglebone/tigtfarm0606_26_2014_08_52_12/files/session_iteration_1/test_1/dut1_1_log.txt
