- 07:41:13 [INFO] Starting target session
- 07:41:14 [INFO] Connected to beaglebone-black via serial 
- 07:41:14 [INFO] Host: #check prompt
- 07:41:17 [ERROR] On command: #check prompt waiting for #check prompt.+?(?-mix:((?-mix:login:)|[Pp]assword)) >>> error: execution expired
- 07:41:17 [INFO] Target: 
#check prompt
root@am335x-evm:/test# 
- 07:41:17 [INFO] Host: #check prompt
- 07:41:17 [INFO] Target: 
#check prompt
root@am335x-evm:/test# 
- 07:41:17 [INFO] Host: sync;poweroff
- 07:41:31 [INFO] Target: 
sync;poweroff
Broadcast message from root@am335x-evm (ttyO0) (Thu Aug 28 01:58:05 2014):
The syKuj(*UI55jR$*z
INIT: Sending proceStopping syslogd/klogd: stopped syslogd (pid 1141)
stopped klogd (pid 1144)
done
Deconfiguring network interfaces... done.
Sending all processes the TERM signal...
Sending all processes the KILL signal...
Unmounting remote filesystems...
Deactivating swap...
Unmounting local filesystems...
[ 2633.731860] reboot: System halted
- 07:41:31 [INFO] Disconnected serial from beaglebone-black
- 07:41:56 [INFO] Connected to beaglebone-black via serial 
- 07:41:56 [INFO] Host: 
- 07:41:57 [ERROR] On command:  waiting for (?-mix:U-Boot#) >>> error: execution expired
- 07:41:57 [INFO] Target: 
U-Boot SPL 2014.07-00071-gaca0808 (Oct 02 2014 - 11:22:57)
- 07:41:57 [INFO] Host: 
- 07:41:57 [ERROR] On command:  waiting for (?-mix:U-Boot#) >>> error: execution expired
- 07:41:57 [INFO] Target: 
- 07:41:57 [INFO] Host: 
- 07:41:58 [ERROR] On command:  waiting for (?-mix:U-Boot#) >>> error: execution expired
- 07:41:58 [INFO] Target: 
- 07:41:58 [INFO] Host: 
- 07:41:58 [ERROR] On command:  waiting for (?-mix:U-Boot#) >>> error: execution expired
- 07:41:58 [INFO] Target: 
- 07:41:58 [INFO] Host: 
- 07:41:59 [ERROR] On command:  waiting for (?-mix:U-Boot#) >>> error: execution expired
- 07:41:59 [INFO] Target: 
reading args
spl_load_image_fat_os: error reading image args, err - -1
reading u-boot.img
reading u-boot.img
U-Boot 2014.07-00071-gaca0808 (Oct 02 2014 - 11:22:57), Build: jenkins-ti-linux-3-14-y_opentest-216
I2C:   ready
DRAM:  512 MiB
- 07:41:59 [INFO] Host: 
- 07:41:59 [INFO] Target: 
NAND:  0 MiB
MMC:   OMAP SD/MMC: 0, OMAP SD/MMC: 1
reading uboot.env
** Unable to read "uboot.env" from mmc0:1 **
Using default environment
Net:   <ethaddr> not set. Validating first E-fuse MAC
cpsw, usb_ether
Hit any key to stop autoboot:  1  0 
U-Boot# 
- 07:41:59 [INFO] Host: 
- 07:42:00 [INFO] Target: 
U-Boot# 
- 07:42:00 [INFO] Host: version
- 07:42:00 [INFO] Target: 
version
U-Boot 2014.07-00071-gaca0808 (Oct 02 2014 - 11:22:57)
arm-linux-gnueabihf-gcc (crosstool-NG linaro-1.13.1-4.7-2013.03-20130313 - Linaro GCC 2013.03) 4.7.3 20130226 (prerelease)
GNU ld (crosstool-NG linaro-1.13.1-4.7-2013.03-20130313 - Linaro GCC 2013.03) 2.23.1
U-Boot# 
- 07:42:00 [INFO] Host: setenv bootargs 'console=ttyO0,115200n8 earlyprintk rootwait '
- 07:42:01 [INFO] Target: 
setenv bootargs 'console=ttyO0,115200n8 earlyprintk rootwait '
U-Boot# 
- 07:42:01 [INFO] Host: setenv bootcmd  ''
- 07:42:01 [INFO] Target: 
setenv bootcmd  ''
U-Boot# 
- 07:42:01 [INFO] Host: setenv autoload 'no'
- 07:42:02 [INFO] Target: 
setenv autoload 'no'
U-Boot# 
- 07:42:02 [INFO] Host: setenv serverip '192.168.0.1'
- 07:42:02 [INFO] Target: 
setenv serverip '192.168.0.1'
U-Boot# 
- 07:42:02 [INFO] Host: printenv
- 07:42:03 [INFO] Target: 
printenv
arch=arm
autoload=no
baudrate=115200
board=am335x
board_name=A335BNLT
board_rev=0A5A
boot_fdt=try
bootargs=console=ttyO0,115200n8 earlyprintk rootwait 
bootcmd=
bootcount=2
bootdelay=1
bootdir=/boot
bootenv=uEnv.txt
bootfile=zImage
bootm_size=0x10000000
bootpart=0:2
console=ttyO0,115200n8
cpu=armv7
dfu_alt_info_emmc=rawemmc mmc 0 3751936
dfu_alt_info_mmc=boot part 0 1;rootfs part 0 2;MLO fat 0 1;MLO.raw mmc 0x100 0x100;u-boot.img.raw mmc 0x300 0x400;spl-os-args.raw mmc 0x80 0x80;spl-os-image.raw mmc 0x900 0x2000;spl-os-args fat 0 1;spl-os-image fat 0 1;u-boot.img fat 0 1;uEnv.txt fat 0 1
dfu_alt_info_nand=SPL part 0 1;SPL.backup1 part 0 2;SPL.backup2 part 0 3;SPL.backup3 part 0 4;u-boot part 0 5;u-boot-spl-os part 0 6;kernel part 0 8;rootfs part 0 9
dfu_alt_info_ram=kernel ram 0x80200000 0xD80000;fdt ram 0x80F80000 0x80000;ramdisk ram 0x81000000 0x4000000
eth1addr=c8:a0:30:b0:3a:34
ethact=cpsw
ethaddr=c8:a0:30:b0:3a:32
fdt_addr_r=0x88000000
fdtaddr=0x88000000
fdtfile=undefined
findfdt=if test $board_name = A335BONE; then setenv fdtfile am335x-bone.dtb; fi; if test $board_name = A335BNLT; then setenv fdtfile am335x-boneblack.dtb; fi; if test $board_name = A33515BB; then setenv fdtfile am335x-evm.dtb; fi; if test $board_name = A335X_SK; then setenv fdtfile am335x-evmsk.dtb; fi; if test $fdtfile = undefined; then echo WARNING: Could not determine device tree to use; fi; 
importbootenv=echo Importing environment from mmc ...; env import -t -r $loadaddr $filesize
kernel_addr_r=0x82000000
loadaddr=0x82000000
loadbootenv=load mmc ${mmcdev} ${loadaddr} ${bootenv}
loadfdt=load mmc ${bootpart} ${fdtaddr} ${bootdir}/${fdtfile}
loadimage=load mmc ${bootpart} ${loadaddr} ${bootdir}/${bootfile}
loadramdisk=load mmc ${mmcdev} ${rdaddr} ramdisk.gz
mmcargs=setenv bootargs console=${console} ${optargs} root=${mmcroot} rootfstype=${mmcrootfstype}
mmcboot=mmc dev ${mmcdev}; if mmc rescan; then echo SD/MMC found on device ${mmcdev};if run loadbootenv; then echo Loaded environment from ${bootenv};run importbootenv;fi;if test -n $uenvcmd; then echo Running uenvcmd ...;run uenvcmd;fi;if run loadimage; then run mmcloados;fi;fi;
mmcdev=0
mmcloados=run mmcargs; if test ${boot_fdt} = yes || test ${boot_fdt} = try; then if run loadfdt; then bootz ${loadaddr} - ${fdtaddr}; else if test ${boot_fdt} = try; then bootz; else echo WARN: Cannot load the DT; fi; fi; else bootz; fi;
mmcroot=/dev/mmcblk0p2 ro
mmcrootfstype=ext4 rootwait
mtdids=nand0=nand.0
mtdparts=mtdparts=nand.0:128k(NAND.SPL),128k(NAND.SPL.backup1),128k(NAND.SPL.backup2),128k(NAND.SPL.backup3),256k(NAND.u-boot-spl-os),1m(NAND.u-boot),128k(NAND.u-boot-env),128k(NAND.u-boot-env.backup1),8m(NAND.kernel),-(NAND.file-system)
nandargs=setenv bootargs console=${console} ${optargs} root=${nandroot} rootfstype=${nandrootfstype}
nandboot=echo Booting from nand ...; run nandargs; nand read ${fdtaddr} NAND.u-boot-spl-os; nand read ${loadaddr} NAND.kernel; bootz ${loadaddr} - ${fdtaddr}
nandroot=ubi0:rootfs rw ubi.mtd=NAND.file-system,2048
nandrootfstype=ubifs rootwait=1
netargs=setenv bootargs console=${console} ${optargs} root=/dev/nfs nfsroot=${serverip}:${rootpath},${nfsopts} rw ip=dhcp
netboot=echo Booting from network ...; setenv autoload no; dhcp; tftp ${loadaddr} ${bootfile}; tftp ${fdtaddr} ${fdtfile}; run netargs; bootz ${loadaddr} - ${fdtaddr}
nfsopts=nolock
partitions=uuid_disk=${uuid_gpt_disk};name=rootfs,start=2MiB,size=-,uuid=${uuid_gpt_rootfs}
ramargs=setenv bootargs console=${console} ${optargs} root=${ramroot} rootfstype=${ramrootfstype}
ramboot=echo Booting from ramdisk ...; run ramargs; bootz ${loadaddr} ${rdaddr} ${fdtaddr}
ramdisk_addr_r=0x88080000
ramroot=/dev/ram0 rw
ramrootfstype=ext2
rdaddr=0x88080000
rootpath=/export/rootfs
serverip=192.168.0.1
soc=am33xx
spiargs=setenv bootargs console=${console} ${optargs} root=${spiroot} rootfstype=${spirootfstype}
spiboot=echo Booting from spi ...; run spiargs; sf probe ${spibusno}:0; sf read ${loadaddr} ${spisrcaddr} ${spiimgsize}; bootz ${loadaddr}
spibusno=0
spiimgsize=0x362000
spiroot=/dev/mtdblock4 rw
spirootfstype=jffs2
spisrcaddr=0xe0000
static_ip=${ipaddr}:${serverip}:${gatewayip}:${netmask}:${hostname}::off
stderr=serial
stdin=serial
stdout=serial
usbnet_devaddr=c8:a0:30:b0:3a:34
vendor=ti
ver=U-Boot 2014.07-00071-gaca0808 (Oct 02 2014 - 11:22:57)
Environment size: 4470/131068 bytes
U-Boot# 
- 07:42:03 [INFO] Host: printenv
- 07:42:03 [INFO] Target: 
printenv
arch=arm
autoload=no
baudrate=115200
board=am335x
board_name=A335BNLT
board_rev=0A5A
boot_fdt=try
bootargs=console=ttyO0,115200n8 earlyprintk rootwait 
bootcmd=
bootcount=2
bootdelay=1
bootdir=/boot
bootenv=uEnv.txt
bootfile=zImage
bootm_size=0x10000000
bootpart=0:2
console=ttyO0,115200n8
cpu=armv7
dfu_alt_info_emmc=rawemmc mmc 0 3751936
dfu_alt_info_mmc=boot part 0 1;rootfs part 0 2;MLO fat 0 1;MLO.raw mmc 0x100 0x100;u-boot.img.raw mmc 0x300 0x400;spl-os-args.raw mmc 0x80 0x80;spl-os-image.raw mmc 0x900 0x2000;spl-os-args fat 0 1;spl-os-image fat 0 1;u-boot.img fat 0 1;uEnv.txt fat 0 1
dfu_alt_info_nand=SPL part 0 1;SPL.backup1 part 0 2;SPL.backup2 part 0 3;SPL.backup3 part 0 4;u-boot part 0 5;u-boot-spl-os part 0 6;kernel part 0 8;rootfs part 0 9
dfu_alt_info_ram=kernel ram 0x80200000 0xD80000;fdt ram 0x80F80000 0x80000;ramdisk ram 0x81000000 0x4000000
eth1addr=c8:a0:30:b0:3a:34
ethact=cpsw
ethaddr=c8:a0:30:b0:3a:32
fdt_addr_r=0x88000000
fdtaddr=0x88000000
fdtfile=undefined
findfdt=if test $board_name = A335BONE; then setenv fdtfile am335x-bone.dtb; fi; if test $board_name = A335BNLT; then setenv fdtfile am335x-boneblack.dtb; fi; if test $board_name = A33515BB; then setenv fdtfile am335x-evm.dtb; fi; if test $board_name = A335X_SK; then setenv fdtfile am335x-evmsk.dtb; fi; if test $fdtfile = undefined; then echo WARNING: Could not determine device tree to use; fi; 
importbootenv=echo Importing environment from mmc ...; env import -t -r $loadaddr $filesize
kernel_addr_r=0x82000000
loadaddr=0x82000000
loadbootenv=load mmc ${mmcdev} ${loadaddr} ${bootenv}
loadfdt=load mmc ${bootpart} ${fdtaddr} ${bootdir}/${fdtfile}
loadimage=load mmc ${bootpart} ${loadaddr} ${bootdir}/${bootfile}
loadramdisk=load mmc ${mmcdev} ${rdaddr} ramdisk.gz
mmcargs=setenv bootargs console=${console} ${optargs} root=${mmcroot} rootfstype=${mmcrootfstype}
mmcboot=mmc dev ${mmcdev}; if mmc rescan; then echo SD/MMC found on device ${mmcdev};if run loadbootenv; then echo Loaded environment from ${bootenv};run importbootenv;fi;if test -n $uenvcmd; then echo Running uenvcmd ...;run uenvcmd;fi;if run loadimage; then run mmcloados;fi;fi;
mmcdev=0
mmcloados=run mmcargs; if test ${boot_fdt} = yes || test ${boot_fdt} = try; then if run loadfdt; then bootz ${loadaddr} - ${fdtaddr}; else if test ${boot_fdt} = try; then bootz; else echo WARN: Cannot load the DT; fi; fi; else bootz; fi;
mmcroot=/dev/mmcblk0p2 ro
mmcrootfstype=ext4 rootwait
mtdids=nand0=nand.0
mtdparts=mtdparts=nand.0:128k(NAND.SPL),128k(NAND.SPL.backup1),128k(NAND.SPL.backup2),128k(NAND.SPL.backup3),256k(NAND.u-boot-spl-os),1m(NAND.u-boot),128k(NAND.u-boot-env),128k(NAND.u-boot-env.backup1),8m(NAND.kernel),-(NAND.file-system)
nandargs=setenv bootargs console=${console} ${optargs} root=${nandroot} rootfstype=${nandrootfstype}
nandboot=echo Booting from nand ...; run nandargs; nand read ${fdtaddr} NAND.u-boot-spl-os; nand read ${loadaddr} NAND.kernel; bootz ${loadaddr} - ${fdtaddr}
nandroot=ubi0:rootfs rw ubi.mtd=NAND.file-system,2048
nandrootfstype=ubifs rootwait=1
netargs=setenv bootargs console=${console} ${optargs} root=/dev/nfs nfsroot=${serverip}:${rootpath},${nfsopts} rw ip=dhcp
netboot=echo Booting from network ...; setenv autoload no; dhcp; tftp ${loadaddr} ${bootfile}; tftp ${fdtaddr} ${fdtfile}; run netargs; bootz ${loadaddr} - ${fdtaddr}
nfsopts=nolock
partitions=uuid_disk=${uuid_gpt_disk};name=rootfs,start=2MiB,size=-,uuid=${uuid_gpt_rootfs}
ramargs=setenv bootargs console=${console} ${optargs} root=${ramroot} rootfstype=${ramrootfstype}
ramboot=echo Booting from ramdisk ...; run ramargs; bootz ${loadaddr} ${rdaddr} ${fdtaddr}
ramdisk_addr_r=0x88080000
ramroot=/dev/ram0 rw
ramrootfstype=ext2
rdaddr=0x88080000
rootpath=/export/rootfs
serverip=192.168.0.1
soc=am33xx
spiargs=setenv bootargs console=${console} ${optargs} root=${spiroot} rootfstype=${spirootfstype}
spiboot=echo Booting from spi ...; run spiargs; sf probe ${spibusno}:0; sf read ${loadaddr} ${spisrcaddr} ${spiimgsize}; bootz ${loadaddr}
spibusno=0
spiimgsize=0x362000
spiroot=/dev/mtdblock4 rw
spirootfstype=jffs2
spisrcaddr=0xe0000
static_ip=${ipaddr}:${serverip}:${gatewayip}:${netmask}:${hostname}::off
stderr=serial
stdin=serial
stdout=serial
usbnet_devaddr=c8:a0:30:b0:3a:34
vendor=ti
ver=U-Boot 2014.07-00071-gaca0808 (Oct 02 2014 - 11:22:57)
Environment size: 4470/131068 bytes
U-Boot# 
- 07:42:03 [INFO] Host: setenv bootargs ''${bootargs}' ip=dhcp '
- 07:42:04 [INFO] Target: 
setenv bootargs ''${bootargs}' ip=dhcp '
U-Boot# 
- 07:42:04 [INFO] Host: setenv serverip '192.168.0.1'
- 07:42:04 [INFO] Target: 
setenv serverip '192.168.0.1'
U-Boot# 
- 07:42:04 [INFO] Host: setenv ipaddr dhcp
- 07:42:05 [INFO] Target: 
setenv ipaddr dhcp
U-Boot# 
- 07:42:05 [INFO] Host: setenv autoload 'no'
- 07:42:05 [INFO] Target: 
setenv autoload 'no'
U-Boot# 
- 07:42:05 [INFO] Host: dhcp
- 07:42:07 [INFO] Target: 
dhcp
link up on port 0, speed 100, full duplex
BOOTP broadcast 1
DHCP client bound to address 192.168.0.210
U-Boot# 
- 07:42:07 [INFO] Host: setenv serverip '192.168.0.1'
- 07:42:07 [INFO] Target: 
setenv serverip '192.168.0.1'
U-Boot# 
- 07:42:07 [INFO] Host: tftp ${loadaddr} 192.168.0.1:vatf_bbb2/9de265d9e8faffe5770e87d449a51e3e
- 07:42:09 [INFO] Target: 
tftp ${loadaddr} 192.168.0.1:vatf_bbb2/9de265d9e8faffe5770e87d449a51e3e
link up on port 0, speed 100, full duplex
Using cpsw device
TFTP from server 192.168.0.1; our IP address is 192.168.0.210
Filename 'vatf_bbb2/9de265d9e8faffe5770e87d449a51e3e'.
Load address: 0x82000000
Loading: *#################################################################
	 #################################################################
	 #################################################################
	 #################################################################
	 #################################################################
	 #################################################################
	 #####
	 4 MiB/s
done
Bytes transferred = 5792056 (586138 hex)
U-Boot# 
- 07:42:09 [INFO] Host: tftp ${fdt_addr_r} 192.168.0.1:vatf_bbb2/b7fd4ca1ab501f8b6ad497de2f415191
- 07:42:09 [INFO] Target: 
tftp ${fdt_addr_r} 192.168.0.1:vatf_bbb2/b7fd4ca1ab501f8b6ad497de2f415191
link up on port 0, speed 100, full duplex
Using cpsw device
TFTP from server 192.168.0.1; our IP address is 192.168.0.210
Filename 'vatf_bbb2/b7fd4ca1ab501f8b6ad497de2f415191'.
Load address: 0x88000000
Loading: *###
	 3.6 MiB/s
done
Bytes transferred = 29985 (7521 hex)
U-Boot# 
- 07:42:09 [INFO] Host: ls mmc 0:1
- 07:42:10 [INFO] Target: 
ls mmc 0:1
    77476   mlo 
   447116   u-boot.img 
       14   .ipaddr 
  2616322   u-boot 
   446728   u-boot.bin 
   898293   u-boot-spl 
    76596   u-boot-spl.bin 
        4   ws-calibrate.rules 
8 file(s), 0 dir(s)
U-Boot# 
- 07:42:10 [INFO] Host: ls mmc 0:2
- 07:42:10 [INFO] Target: 
ls mmc 0:2
<DIR>       4096 .
<DIR>       4096 ..
<DIR>      16384 lost+found
<DIR>       4096 bin
<DIR>       4096 boot
<DIR>       4096 dev
<DIR>       4096 etc
<DIR>       4096 home
<DIR>       4096 lib
<DIR>       4096 media
<DIR>       4096 mnt
<DIR>       4096 opt
<DIR>       4096 proc
<SYM>          8 run
<DIR>       4096 sbin
<DIR>       4096 srv
<DIR>       4096 sys
<SYM>          8 tmp
<DIR>       4096 usr
<DIR>       4096 var
<DIR>       4096 www
<DIR>       4096 Settings
<DIR>       4096 test
U-Boot# 
- 07:42:10 [INFO] Host: part uuid mmc 0:2
- 07:42:11 [INFO] Target: 
part uuid mmc 0:2
00000000-02
U-Boot# 
- 07:42:11 [INFO] Host: printenv
- 07:42:11 [INFO] Target: 
printenv
arch=arm
autoload=no
baudrate=115200
board=am335x
board_name=A335BNLT
board_rev=0A5A
boot_fdt=try
bootargs=console=ttyO0,115200n8 earlyprintk rootwait  ip=dhcp 
bootcmd=
bootcount=2
bootdelay=1
bootdir=/boot
bootenv=uEnv.txt
bootfile=zImage
bootm_size=0x10000000
bootpart=0:2
console=ttyO0,115200n8
cpu=armv7
dfu_alt_info_emmc=rawemmc mmc 0 3751936
dfu_alt_info_mmc=boot part 0 1;rootfs part 0 2;MLO fat 0 1;MLO.raw mmc 0x100 0x100;u-boot.img.raw mmc 0x300 0x400;spl-os-args.raw mmc 0x80 0x80;spl-os-image.raw mmc 0x900 0x2000;spl-os-args fat 0 1;spl-os-image fat 0 1;u-boot.img fat 0 1;uEnv.txt fat 0 1
dfu_alt_info_nand=SPL part 0 1;SPL.backup1 part 0 2;SPL.backup2 part 0 3;SPL.backup3 part 0 4;u-boot part 0 5;u-boot-spl-os part 0 6;kernel part 0 8;rootfs part 0 9
dfu_alt_info_ram=kernel ram 0x80200000 0xD80000;fdt ram 0x80F80000 0x80000;ramdisk ram 0x81000000 0x4000000
dnsip=192.0.2.2
dnsip2=192.0.2.3
eth1addr=c8:a0:30:b0:3a:34
ethact=cpsw
ethaddr=c8:a0:30:b0:3a:32
fdt_addr_r=0x88000000
fdtaddr=0x88000000
fdtfile=undefined
fileaddr=88000000
filesize=7521
findfdt=if test $board_name = A335BONE; then setenv fdtfile am335x-bone.dtb; fi; if test $board_name = A335BNLT; then setenv fdtfile am335x-boneblack.dtb; fi; if test $board_name = A33515BB; then setenv fdtfile am335x-evm.dtb; fi; if test $board_name = A335X_SK; then setenv fdtfile am335x-evmsk.dtb; fi; if test $fdtfile = undefined; then echo WARNING: Could not determine device tree to use; fi; 
gatewayip=192.168.0.1
importbootenv=echo Importing environment from mmc ...; env import -t -r $loadaddr $filesize
ipaddr=192.168.0.210
kernel_addr_r=0x82000000
loadaddr=0x82000000
loadbootenv=load mmc ${mmcdev} ${loadaddr} ${bootenv}
loadfdt=load mmc ${bootpart} ${fdtaddr} ${bootdir}/${fdtfile}
loadimage=load mmc ${bootpart} ${loadaddr} ${bootdir}/${bootfile}
loadramdisk=load mmc ${mmcdev} ${rdaddr} ramdisk.gz
mmcargs=setenv bootargs console=${console} ${optargs} root=${mmcroot} rootfstype=${mmcrootfstype}
mmcboot=mmc dev ${mmcdev}; if mmc rescan; then echo SD/MMC found on device ${mmcdev};if run loadbootenv; then echo Loaded environment from ${bootenv};run importbootenv;fi;if test -n $uenvcmd; then echo Running uenvcmd ...;run uenvcmd;fi;if run loadimage; then run mmcloados;fi;fi;
mmcdev=0
mmcloados=run mmcargs; if test ${boot_fdt} = yes || test ${boot_fdt} = try; then if run loadfdt; then bootz ${loadaddr} - ${fdtaddr}; else if test ${boot_fdt} = try; then bootz; else echo WARN: Cannot load the DT; fi; fi; else bootz; fi;
mmcroot=/dev/mmcblk0p2 ro
mmcrootfstype=ext4 rootwait
mtdids=nand0=nand.0
mtdparts=mtdparts=nand.0:128k(NAND.SPL),128k(NAND.SPL.backup1),128k(NAND.SPL.backup2),128k(NAND.SPL.backup3),256k(NAND.u-boot-spl-os),1m(NAND.u-boot),128k(NAND.u-boot-env),128k(NAND.u-boot-env.backup1),8m(NAND.kernel),-(NAND.file-system)
nandargs=setenv bootargs console=${console} ${optargs} root=${nandroot} rootfstype=${nandrootfstype}
nandboot=echo Booting from nand ...; run nandargs; nand read ${fdtaddr} NAND.u-boot-spl-os; nand read ${loadaddr} NAND.kernel; bootz ${loadaddr} - ${fdtaddr}
nandroot=ubi0:rootfs rw ubi.mtd=NAND.file-system,2048
nandrootfstype=ubifs rootwait=1
netargs=setenv bootargs console=${console} ${optargs} root=/dev/nfs nfsroot=${serverip}:${rootpath},${nfsopts} rw ip=dhcp
netboot=echo Booting from network ...; setenv autoload no; dhcp; tftp ${loadaddr} ${bootfile}; tftp ${fdtaddr} ${fdtfile}; run netargs; bootz ${loadaddr} - ${fdtaddr}
netmask=255.255.255.0
nfsopts=nolock
partitions=uuid_disk=${uuid_gpt_disk};name=rootfs,start=2MiB,size=-,uuid=${uuid_gpt_rootfs}
ramargs=setenv bootargs console=${console} ${optargs} root=${ramroot} rootfstype=${ramrootfstype}
ramboot=echo Booting from ramdisk ...; run ramargs; bootz ${loadaddr} ${rdaddr} ${fdtaddr}
ramdisk_addr_r=0x88080000
ramroot=/dev/ram0 rw
ramrootfstype=ext2
rdaddr=0x88080000
rootpath=/export/rootfs
serverip=192.168.0.1
soc=am33xx
spiargs=setenv bootargs console=${console} ${optargs} root=${spiroot} rootfstype=${spirootfstype}
spiboot=echo Booting from spi ...; run spiargs; sf probe ${spibusno}:0; sf read ${loadaddr} ${spisrcaddr} ${spiimgsize}; bootz ${loadaddr}
spibusno=0
spiimgsize=0x362000
spiroot=/dev/mtdblock4 rw
spirootfstype=jffs2
spisrcaddr=0xe0000
static_ip=${ipaddr}:${serverip}:${gatewayip}:${netmask}:${hostname}::off
stderr=serial
stdin=serial
stdout=serial
usbnet_devaddr=c8:a0:30:b0:3a:34
vendor=ti
ver=U-Boot 2014.07-00071-gaca0808 (Oct 02 2014 - 11:22:57)
Environment size: 4623/131068 bytes
U-Boot# 
- 07:42:11 [INFO] Host: setenv bootargs ''${bootargs}' root=PARTUUID=00000000-02 rw rootfstype=ext4 rootwait '
- 07:42:12 [INFO] Target: 
setenv bootargs ''${bootargs}' root=PARTUUID=00000000-02 rw rootfstype=ext4 rootwait '
U-Boot# 
- 07:42:12 [INFO] Host: printenv
- 07:42:12 [INFO] Target: 
printenv
arch=arm
autoload=no
baudrate=115200
board=am335x
board_name=A335BNLT
board_rev=0A5A
boot_fdt=try
bootargs=console=ttyO0,115200n8 earlyprintk rootwait  ip=dhcp  root=PARTUUID=00000000-02 rw rootfstype=ext4 rootwait 
bootcmd=
bootcount=2
bootdelay=1
bootdir=/boot
bootenv=uEnv.txt
bootfile=zImage
bootm_size=0x10000000
bootpart=0:2
console=ttyO0,115200n8
cpu=armv7
dfu_alt_info_emmc=rawemmc mmc 0 3751936
dfu_alt_info_mmc=boot part 0 1;rootfs part 0 2;MLO fat 0 1;MLO.raw mmc 0x100 0x100;u-boot.img.raw mmc 0x300 0x400;spl-os-args.raw mmc 0x80 0x80;spl-os-image.raw mmc 0x900 0x2000;spl-os-args fat 0 1;spl-os-image fat 0 1;u-boot.img fat 0 1;uEnv.txt fat 0 1
dfu_alt_info_nand=SPL part 0 1;SPL.backup1 part 0 2;SPL.backup2 part 0 3;SPL.backup3 part 0 4;u-boot part 0 5;u-boot-spl-os part 0 6;kernel part 0 8;rootfs part 0 9
dfu_alt_info_ram=kernel ram 0x80200000 0xD80000;fdt ram 0x80F80000 0x80000;ramdisk ram 0x81000000 0x4000000
dnsip=192.0.2.2
dnsip2=192.0.2.3
eth1addr=c8:a0:30:b0:3a:34
ethact=cpsw
ethaddr=c8:a0:30:b0:3a:32
fdt_addr_r=0x88000000
fdtaddr=0x88000000
fdtfile=undefined
fileaddr=88000000
filesize=7521
findfdt=if test $board_name = A335BONE; then setenv fdtfile am335x-bone.dtb; fi; if test $board_name = A335BNLT; then setenv fdtfile am335x-boneblack.dtb; fi; if test $board_name = A33515BB; then setenv fdtfile am335x-evm.dtb; fi; if test $board_name = A335X_SK; then setenv fdtfile am335x-evmsk.dtb; fi; if test $fdtfile = undefined; then echo WARNING: Could not determine device tree to use; fi; 
gatewayip=192.168.0.1
importbootenv=echo Importing environment from mmc ...; env import -t -r $loadaddr $filesize
ipaddr=192.168.0.210
kernel_addr_r=0x82000000
loadaddr=0x82000000
loadbootenv=load mmc ${mmcdev} ${loadaddr} ${bootenv}
loadfdt=load mmc ${bootpart} ${fdtaddr} ${bootdir}/${fdtfile}
loadimage=load mmc ${bootpart} ${loadaddr} ${bootdir}/${bootfile}
loadramdisk=load mmc ${mmcdev} ${rdaddr} ramdisk.gz
mmcargs=setenv bootargs console=${console} ${optargs} root=${mmcroot} rootfstype=${mmcrootfstype}
mmcboot=mmc dev ${mmcdev}; if mmc rescan; then echo SD/MMC found on device ${mmcdev};if run loadbootenv; then echo Loaded environment from ${bootenv};run importbootenv;fi;if test -n $uenvcmd; then echo Running uenvcmd ...;run uenvcmd;fi;if run loadimage; then run mmcloados;fi;fi;
mmcdev=0
mmcloados=run mmcargs; if test ${boot_fdt} = yes || test ${boot_fdt} = try; then if run loadfdt; then bootz ${loadaddr} - ${fdtaddr}; else if test ${boot_fdt} = try; then bootz; else echo WARN: Cannot load the DT; fi; fi; else bootz; fi;
mmcroot=/dev/mmcblk0p2 ro
mmcrootfstype=ext4 rootwait
mtdids=nand0=nand.0
mtdparts=mtdparts=nand.0:128k(NAND.SPL),128k(NAND.SPL.backup1),128k(NAND.SPL.backup2),128k(NAND.SPL.backup3),256k(NAND.u-boot-spl-os),1m(NAND.u-boot),128k(NAND.u-boot-env),128k(NAND.u-boot-env.backup1),8m(NAND.kernel),-(NAND.file-system)
nandargs=setenv bootargs console=${console} ${optargs} root=${nandroot} rootfstype=${nandrootfstype}
nandboot=echo Booting from nand ...; run nandargs; nand read ${fdtaddr} NAND.u-boot-spl-os; nand read ${loadaddr} NAND.kernel; bootz ${loadaddr} - ${fdtaddr}
nandroot=ubi0:rootfs rw ubi.mtd=NAND.file-system,2048
nandrootfstype=ubifs rootwait=1
netargs=setenv bootargs console=${console} ${optargs} root=/dev/nfs nfsroot=${serverip}:${rootpath},${nfsopts} rw ip=dhcp
netboot=echo Booting from network ...; setenv autoload no; dhcp; tftp ${loadaddr} ${bootfile}; tftp ${fdtaddr} ${fdtfile}; run netargs; bootz ${loadaddr} - ${fdtaddr}
netmask=255.255.255.0
nfsopts=nolock
partitions=uuid_disk=${uuid_gpt_disk};name=rootfs,start=2MiB,size=-,uuid=${uuid_gpt_rootfs}
ramargs=setenv bootargs console=${console} ${optargs} root=${ramroot} rootfstype=${ramrootfstype}
ramboot=echo Booting from ramdisk ...; run ramargs; bootz ${loadaddr} ${rdaddr} ${fdtaddr}
ramdisk_addr_r=0x88080000
ramroot=/dev/ram0 rw
ramrootfstype=ext2
rdaddr=0x88080000
rootpath=/export/rootfs
serverip=192.168.0.1
soc=am33xx
spiargs=setenv bootargs console=${console} ${optargs} root=${spiroot} rootfstype=${spirootfstype}
spiboot=echo Booting from spi ...; run spiargs; sf probe ${spibusno}:0; sf read ${loadaddr} ${spisrcaddr} ${spiimgsize}; bootz ${loadaddr}
spibusno=0
spiimgsize=0x362000
spiroot=/dev/mtdblock4 rw
spirootfstype=jffs2
spisrcaddr=0xe0000
static_ip=${ipaddr}:${serverip}:${gatewayip}:${netmask}:${hostname}::off
stderr=serial
stdin=serial
stdout=serial
usbnet_devaddr=c8:a0:30:b0:3a:34
vendor=ti
ver=U-Boot 2014.07-00071-gaca0808 (Oct 02 2014 - 11:22:57)
Environment size: 4678/131068 bytes
U-Boot# 
- 07:42:12 [INFO] Host: setenv bootcmd ''${bootcmd}' if iminfo ${loadaddr}; then bootm ${loadaddr} - ${fdt_addr_r}; else bootz ${loadaddr} - ${fdt_addr_r}; bootm ${loadaddr} - ${fdt_addr_r}; fi'
- 07:42:13 [INFO] Target: 
setenv bootcmd ''${bootcmd}' if iminfo ${loadaddr}; then bootm ${loadaddr} - ${fdt_addr_r}; else bootz ${loadaddr} - ${fdt_addr_r}; bootm ${loadaddr} - ${fdt_addr_r}; fi'
U-Boot# 
- 07:42:13 [INFO] Host: bdinfo
- 07:42:13 [INFO] Target: 
bdinfo
arch_number = 0x00000E05
boot_params = 0x80000100
DRAM bank   = 0x00000000
-> start    = 0x80000000
-> size     = 0x20000000
eth0name    = cpsw
ethaddr     = c8:a0:30:b0:3a:32
eth1name    = usb_ether
eth1addr    = c8:a0:30:b0:3a:34
current eth = cpsw
ip_addr     = 192.168.0.210
baudrate    = 115200 bps
TLB addr    = 0x9FFF0000
relocaddr   = 0x9F741000
reloc off   = 0x1EF41000
irq_sp      = 0x9E720EE0
sp start    = 0x9E720ED0
U-Boot# 
- 07:42:13 [INFO] Host: mmc rescan
- 07:42:14 [INFO] Target: 
mmc rescan
U-Boot# 
- 07:42:14 [INFO] Host: fatwrite mmc ${mmcdev}:1 ${loadaddr} ws-calibrate.rules 4
- 07:42:14 [INFO] Target: 
fatwrite mmc ${mmcdev}:1 ${loadaddr} ws-calibrate.rules 4
writing ws-calibrate.rules
4 bytes written
U-Boot# 
- 07:42:14 [INFO] Host: boot
- 07:43:32 [INFO] Target: 
boot
## Checking Image at 82000000 ...
Unknown image format!
Kernel image @ 0x82000000 [ 0x000000 - 0x586138 ]
## Flattened Device Tree blob at 88000000
   Booting using the fdt blob at 0x88000000
   Loading Device Tree to 8fff5000, end 8ffff520 ... OK
Starting kernel ...
U-Boot SPL 2014.07-00071-gaca0808 (Oct 02 2014 - 11:22:57)
reading args
spl_load_image_fat_os: error reading image args, err - -1
reading u-boot.img
reading u-boot.img
U-Boot 2014.07-00071-gaca0808 (Oct 02 2014 - 11:22:57), Build: jenkins-ti-linux-3-14-y_opentest-216
I2C:   ready
DRAM:  512 MiB
NAND:  0 MiB
MMC:   OMAP SD/MMC: 0, OMAP SD/MMC: 1
reading uboot.env
** Unable to read "uboot.env" from mmc0:1 **
Using default environment
Net:   <ethaddr> not set. Validating first E-fuse MAC
cpsw, usb_ether
Hit any key to stop autoboot:  1  0 
switch to partitions #0, OK
mmc0 is current device
SD/MMC found on device 0
reading uEnv.txt
** Unable to read file uEnv.txt **
4119088 bytes read in 255 ms (15.4 MiB/s)
34352 bytes read in 52 ms (644.5 KiB/s)
Kernel image @ 0x82000000 [ 0x000000 - 0x3eda30 ]
## Flattened Device Tree blob at 88000000
   Booting using the fdt blob at 0x88000000
   Loading Device Tree to 8fff4000, end 8ffff62f ... OK
Starting kernel ...
[    0.000000] Booting Linux on physical CPU 0x0
[    0.000000] Linux version 3.12.10-g2325bb5 (jenkins@sdit-build02) (gcc version 4.7.3 20130226 (prerelease) (crosstool-NG linaro-1.13.1-4.7-2013.03-20130313 - Linaro GCC 2013.03) ) #1 Thu Mar 6 13:17:09 CST 2014
[    0.000000] CPU: ARMv7 Processor [413fc082] revision 2 (ARMv7), cr=10c53c7d
[    0.000000] CPU: PIPT / VIPT nonaliasing data cache, VIPT aliasing instruction cache
[    0.000000] Machine: Generic AM33XX (Flattened Device Tree), model: TI AM335x BeagleBone
[    0.000000] cma: CMA: reserved 24 MiB at 9e000000
[    0.000000] Memory policy: ECC disabled, Data cache writeback
[    0.000000] CPU: All CPU(s) started in SVC mode.
[    0.000000] AM335X ES2.0 (sgx neon )
[    0.000000] Built 1 zonelists in Zone order, mobility grouping on.  Total pages: 129280
[    0.000000] Kernel command line: console=ttyO0,115200n8 root=/dev/mmcblk0p2 ro rootfstype=ext4 rootwait
[    0.000000] PID hash table entries: 2048 (order: 1, 8192 bytes)
[    0.000000] Dentry cache hash table entries: 65536 (order: 6, 262144 bytes)
[    0.000000] Inode-cache hash table entries: 32768 (order: 5, 131072 bytes)
[    0.000000] Memory: 483344K/521216K available (5559K kernel code, 560K rwdata, 1880K rodata, 345K init, 225K bss, 37872K reserved, 0K highmem)
[    0.000000] Virtual kernel memory layout:
[    0.000000]     vector  : 0xffff0000 - 0xffff1000   (   4 kB)
[    0.000000]     fixmap  : 0xfff00000 - 0xfffe0000   ( 896 kB)
[    0.000000]     vmalloc : 0xe0800000 - 0xff000000   ( 488 MB)
[    0.000000]     lowmem  : 0xc0000000 - 0xe0000000   ( 512 MB)
[    0.000000]     pkmap   : 0xbfe00000 - 0xc0000000   (   2 MB)
[    0.000000]     modules : 0xbf000000 - 0xbfe00000   (  14 MB)
[    0.000000]       .text : 0xc0008000 - 0xc074c04c   (7441 kB)
[    0.000000]       .init : 0xc074d000 - 0xc07a3658   ( 346 kB)
[    0.000000]       .data : 0xc07a4000 - 0xc0830058   ( 561 kB)
[    0.000000]        .bss : 0xc0830058 - 0xc0868680   ( 226 kB)
[    0.000000] NR_IRQS:16 nr_irqs:16 16
[    0.000000] IRQ: Found an INTC at 0xfa200000 (revision 5.0) with 128 interrupts
[    0.000000] Total of 128 interrupts on 1 active controller
[    0.000000] OMAP clockevent source: timer2 at 24000000 Hz
[    0.000000] sched_clock: 32 bits at 24MHz, resolution 41ns, wraps every 178956ms
[    0.000000] OMAP clocksource: timer1 at 24000000 Hz
[    0.000000] Console: colour dummy device 80x30
[    0.000242] Calibrating delay loop... 663.55 BogoMIPS (lpj=3317760)
[    0.049782] pid_max: default: 32768 minimum: 301
[    0.049868] Security Framework initialized
[    0.049909] Mount-cache hash table entries: 512
[    0.055726] CPU: Testing write buffer coherency: ok
[    0.056062] Setting up static identity map for 0xc0573be8 - 0xc0573c58
[    0.056759] devtmpfs: initialized
[    0.058193] VFP support v0.3: implementor 41 architecture 3 part 30 variant c rev 3
[    0.117866] omap_hwmod: debugss: _wait_target_disable failed
[    0.118453] pinctrl core: initialized pinctrl subsystem
[    0.119139] regulator-dummy: no parameters
[    0.121149] NET: Registered protocol family 16
[    0.122839] DMA: preallocated 256 KiB pool for atomic coherent allocations
[    0.124841] cpuidle: using governor ladder
[    0.124854] cpuidle: using governor menu
[    0.131237] platform mpu.1: FIXME: clock-name 'fck' DOES NOT exist in dt!
[    0.132053] platform 49000000.edma: FIXME: clock-name 'fck' DOES NOT exist in dt!
[    0.132999] OMAP GPIO hardware version 0.1
[    0.138990] platform 56000000.sgx: FIXME: clock-name 'fck' DOES NOT exist in dt!
[    0.140516] DSS not supported on this SoC
[    0.140532] No ATAGs?
[    0.140541] hw-breakpoint: debug architecture 0x4 unsupported.
[    0.158164] bio: create slab <bio-0> at 0
[    0.169029] edma-dma-engine edma-dma-engine.0: TI EDMA DMA engine driver
[    0.169681] vmmcsd_fixed: 3300 mV 
[    0.171837] vgaarb: loaded
[    0.172798] SCSI subsystem initialized
[    0.173800] usbcore: registered new interface driver usbfs
[    0.173937] usbcore: registered new interface driver hub
[    0.174081] usbcore: registered new device driver usb
[    0.174779] omap_i2c 44e0b000.i2c: could not find pctldev for node /pinmux@44e10800/pinmux_i2c0_pins, deferring probe
[    0.174801] platform 44e0b000.i2c: Driver omap_i2c requests probe deferral
[    0.174965] media: Linux media interface: v0.10
[    0.175093] Linux video capture interface: v2.00
[    0.175298] pps_core: LinuxPPS API ver. 1 registered
[    0.175306] pps_core: Software ver. 5.3.6 - Copyright 2005-2007 Rodolfo Giometti <giometti@linux.it>
[    0.175405] PTP clock support registered
[    0.177359] Switched to clocksource timer1
[    0.191410] NET: Registered protocol family 2
[    0.191921] TCP established hash table entries: 4096 (order: 3, 32768 bytes)
[    0.191989] TCP bind hash table entries: 4096 (order: 2, 16384 bytes)
[    0.192027] TCP: Hash tables configured (established 4096 bind 4096)
[    0.192084] TCP: reno registered
[    0.192095] UDP hash table entries: 256 (order: 0, 4096 bytes)
[    0.192110] UDP-Lite hash table entries: 256 (order: 0, 4096 bytes)
[    0.192267] NET: Registered protocol family 1
[    0.192586] RPC: Registered named UNIX socket transport module.
[    0.192595] RPC: Registered udp transport module.
[    0.192601] RPC: Registered tcp transport module.
[    0.192606] RPC: Registered tcp NFSv4.1 backchannel transport module.
[    0.193319] NetWinder Floating Point Emulator V0.97 (double precision)
[    0.193782] PM: Loading am335x-pm-firmware.bin
[    0.308121] VFS: Disk quotas dquot_6.5.2
[    0.308184] Dquot-cache hash table entries: 1024 (order 0, 4096 bytes)
[    0.308671] NFS: Registering the id_resolver key type
[    0.308748] Key type id_resolver registered
[    0.308755] Key type id_legacy registered
[    0.308787] jffs2: version 2.2. (NAND) (SUMMARY)   2001-2006 Red Hat, Inc.
[    0.308936] msgmni has been set to 992
[    0.310162] NET: Registered protocol family 38
[    0.310198] io scheduler noop registered
[    0.310205] io scheduler deadline registered
[    0.310224] io scheduler cfq registered (default)
[    0.311714] pinctrl-single 44e10800.pinmux: 142 pins at pa f9e10800 size 568
[    0.315407] platform 4830e000.lcdc: Driver da8xx_lcdc requests probe deferral
[    0.316669] Serial: 8250/16550 driver, 4 ports, IRQ sharing enabled
[    0.318886] 44e09000.serial: ttyO0 at MMIO 0x44e09000 (irq = 88, base_baud = 3000000) is a OMAP UART0
[    0.918375] console [ttyO0] enabled
[    0.923133] omap_rng 48310000.rng: OMAP Random Number Generator ver. 20
[    0.937571] brd: module loaded
[    0.944667] loop: module loaded
[    0.950435] mtdoops: mtd device (mtddev=name/number) must be supplied
[    0.959794] usbcore: registered new interface driver asix
[    0.965616] usbcore: registered new interface driver ax88179_178a
[    0.972145] usbcore: registered new interface driver cdc_ether
[    0.978403] usbcore: registered new interface driver r815x
[    0.984299] usbcore: registered new interface driver smsc95xx
[    0.990442] usbcore: registered new interface driver net1080
[    0.996509] usbcore: registered new interface driver cdc_subset
[    1.002826] usbcore: registered new interface driver zaurus
[    1.008861] usbcore: registered new interface driver cdc_ncm
[    1.015173] ehci_hcd: USB 2.0 'Enhanced' Host Controller (EHCI) Driver
[    1.022048] ehci-pci: EHCI PCI platform driver
[    1.026862] ehci-omap: OMAP-EHCI Host Controller driver
[    1.032994] usbcore: registered new interface driver cdc_wdm
[    1.039101] usbcore: registered new interface driver usb-storage
[    1.046174] mousedev: PS/2 mouse device common for all mice
[    1.054176] omap_rtc 44e3e000.rtc: rtc core: registered 44e3e000.rtc as rtc0
[    1.062213] i2c /dev entries driver
[    1.066274] Driver for 1-wire Dallas network protocol.
[    1.073526] omap_wdt: OMAP Watchdog Timer Rev 0x01: initial timeout 60 sec
[    1.082161] edma-dma-engine edma-dma-engine.0: allocated channel for 0:25
[    1.089403] edma-dma-engine edma-dma-engine.0: allocated channel for 0:24
[    1.127669] edma-dma-engine edma-dma-engine.0: allocated channel for 0:3
[    1.134713] edma-dma-engine edma-dma-engine.0: allocated channel for 0:2
[    1.179264] ledtrig-cpu: registered to indicate activity on CPUs
[    1.185833] edma-dma-engine edma-dma-engine.0: allocated channel for 0:36
[    1.193109] omap-sham 53100000.sham: hw accel on OMAP rev 4.3
[    1.200093] omap-aes 53500000.aes: OMAP AES hw accel rev: 3.2
[    1.206149] edma-dma-engine edma-dma-engine.0: allocated channel for 0:5
[    1.213261] edma-dma-engine edma-dma-engine.0: allocated channel for 0:6
[    1.221375] usbcore: registered new interface driver usbhid
[    1.227234] usbhid: USB HID core driver
[    1.233163] oprofile: no performance counters
[    1.238193] oprofile: using timer interrupt.
[    1.242973] TCP: cubic registered
[    1.246458] Initializing XFRM netlink socket
[    1.250978] mmc0: host does not support reading read-only switch. assuming write-enable.
[    1.259502] NET: Registered protocol family 17
[    1.264199] NET: Registered protocol family 15
[    1.268937] 8021q: 802.1Q VLAN Support v1.8
[    1.273403] mmc0: new high speed SD card at address e624
[    1.279069] Key type dns_resolver registered
[    1.284280] cpu cpu0: cpu0 regulator not ready, retry
[    1.289915] mmcblk0: mmc0:e624 SU02G 1.84 GiB 
[    1.295305] platform cpufreq-cpu0.0: Driver cpufreq-cpu0 requests probe deferral
[    1.303204]  mmcblk0: p1 p2 p3
[    1.307435] ThumbEE CPU extension supported.
[    1.319623] DCDC1: at 1500 mV 
[    1.323775] vdd_mpu: 925 <--> 1375 mV at 1325 mV 
[    1.332605] vdd_core: 925 <--> 1150 mV at 1125 mV 
[    1.338427] LDO1: at 1800 mV 
[    1.342313] LDO2: at 3300 mV 
[    1.346700] LDO3: 1800 mV 
[    1.350406] LDO4: at 3300 mV 
[    1.354173] tps65217 0-0024: TPS65217 ID 0xe version 1.2
[    1.371098] mmc1: BKOPS_EN bit is not set
[    1.377808] mmc1: new high speed MMC card at address 0001
[    1.383937] mmcblk1: mmc1:0001 MMC02G 1.78 GiB 
[    1.388841] mmcblk1boot0: mmc1:0001 MMC02G partition 1 1.00 MiB
[    1.395150] mmcblk1boot1: mmc1:0001 MMC02G partition 2 1.00 MiB
[    1.403956]  mmcblk1: p1
[    1.408490]  mmcblk1boot1: unknown partition table
[    1.415002]  mmcblk1boot0: unknown partition table
[    1.479532] tda998x 0-0070: found TDA19988
[    1.484247] omap_i2c 44e0b000.i2c: bus 0 rev0.11 at 400 kHz
[    1.551318] Console: switching to colour frame buffer device 160x45
[    1.627400] davinci_mdio 4a101000.mdio: davinci mdio revision 1.6
[    1.633808] davinci_mdio 4a101000.mdio: detected phy mask fffffffe
[    1.640929] libphy: 4a101000.mdio: probed
[    1.645145] davinci_mdio 4a101000.mdio: phy[0]: device 4a101000.mdio:00, driver SMSC LAN8710/LAN8720
[    1.655323] Detected MACID = c8:a0:30:b0:3a:32
[    1.661478] omap_rtc 44e3e000.rtc: setting system clock to 2000-01-01 00:00:00 UTC (946684800)
[    1.686895] EXT4-fs (mmcblk0p2): mounted filesystem with ordered data mode. Opts: (null)
[    1.695513] VFS: Mounted root (ext4 filesystem) readonly on device 179:2.
[    1.709494] devtmpfs: mounted
[    1.713067] Freeing unused kernel memory: 344K (c074d000 - c07a3000)
INIT: version 2.88 booting
Starting udev
[    2.456512] udevd[808]: starting version 182
[    2.871210] PM: CM3 Firmware Version = 0x186
[    5.359557] FAT-fs (mmcblk1p1): Volume was not properly unmounted. Some data may be corrupt. Please run fsck.
[    5.384047] FAT-fs (mmcblk0p1): Volume was not properly unmounted. Some data may be corrupt. Please run fsck.
[    5.422368] EXT4-fs (mmcblk0p3): mounted filesystem without journal. Opts: (null)
[    5.542173] musb-hdrc musb-hdrc.0.auto: Enabled SW babble control
[    5.616228] musb-hdrc musb-hdrc.0.auto: MUSB HDRC host driver
[    5.681701] musb-hdrc musb-hdrc.0.auto: new USB bus registered, assigned bus number 1
[    5.762492] usb usb1: New USB device found, idVendor=1d6b, idProduct=0002
[    5.769705] usb usb1: New USB device strings: Mfr=3, Product=2, SerialNumber=1
[    5.777289] usb usb1: Product: MUSB HDRC host driver
[    5.782507] usb usb1: Manufacturer: Linux 3.12.10-g2325bb5 musb-hcd
[    5.789088] usb usb1: SerialNumber: musb-hdrc.0.auto
[    5.924850] hub 1-0:1.0: USB hub found
[    5.928918] hub 1-0:1.0: 1 port detected
[    5.934670] musb-hdrc musb-hdrc.1.auto: Enabled SW babble control
[    5.942393] musb-hdrc musb-hdrc.1.auto: MUSB HDRC host driver
[    5.949009] musb-hdrc musb-hdrc.1.auto: new USB bus registered, assigned bus number 2
[    5.957430] usb usb2: New USB device found, idVendor=1d6b, idProduct=0002
[    5.964554] usb usb2: New USB device strings: Mfr=3, Product=2, SerialNumber=1
[    5.972191] usb usb2: Product: MUSB HDRC host driver
[    5.977408] usb usb2: Manufacturer: Linux 3.12.10-g2325bb5 musb-hcd
[    5.983980] usb usb2: SerialNumber: musb-hdrc.1.auto
[    5.990094] hub 2-0:1.0: USB hub found
[    5.994066] hub 2-0:1.0: 1 port detected
[    6.108539] cryptodev: driver 1.6 loaded.
Starting Bootlog daemon: bootlogd: cannot allocate pseudo tty: No such file or directory
bootlogd.
[    6.180501] EXT4-fs (mmcblk0p2): warning: maximal mount count reached, running e2fsck is recommended
[    6.224227] EXT4-fs (mmcblk0p2): re-mounted. Opts: data=ordered
ALSA: Restoring mixer settings...
Configuring network interfaces... /usr/sbin/alsactl: load_state:1696: No soundcards found...
[    6.868926] net eth0: initializing cpsw version 1.12 (0)
[    6.876622] net eth0: phy found : id is : 0x7c0f1
[    6.888627] 8021q: adding VLAN 0 to HW filter on device eth0
udhcpc (v1.20.2) started
Sending discover...
Sending discover...
[   10.110886] libphy: 4a101000.mdio:00 - Link is Up - 100/Full
Sending discover...
Sending select for 192.168.0.120...
Lease of 192.168.0.120 obtained, lease time 7200
/etc/udhcpc.d/50default: Adding DNS 192.0.2.2
/etc/udhcpc.d/50default: Adding DNS 192.0.2.3
done.
Thu Mar 13 03:44:00 UTC 2014
INIT: Entering runlevel: 5
Starting system message bus: dbus.
UIM SYSFS Node Not Found
Starting Dropbear SSH server: dropbear.
Starting telnet daemon.
Starting syslogd/klogd: done
Starting thttpd.
Starting PVR
Starting Lighttpd Web Server: 2014-03-13 03:44:01: (log.c.166) server started 
lighttpd.
Starting Matrix GUI application.
[   19.676064] Number of LUNs=8
[   19.681506] Mass Storage Function, version: 2009/09/11
[   19.687347] LUN: removable file: (no medium)
[   19.693694] Number of LUNs=2
[   19.699065] LUN: file: /dev/mmcblk0p1
[   19.705251] LUN: file: /dev/mmcblk0p3
[   19.709297] Number of LUNs=2
[   19.715614] g_mass_storage gadget: Mass Storage Gadget, version: 2009/09/11
[   19.723152] g_mass_storage gadget: userspace failed to provide iSerialNumber
[   19.730726] g_mass_storage gadget: g_mass_storage ready
***************************************************************
***************************************************************
NOTICE: This file system contains the followin GPLv3 packages:
	binutils-symlinks
	binutils
	gdbserver
If you do not wish to distribute GPLv3 components please remove
the above packages prior to distribution.  This can be done using
the opkg remove command.  i.e.:
    opkg remove <package>
Where <package> is the name printed in the list above
NOTE: If the package is a dependency of another package you
      will be notified of the dependent packages.  You should
      use the --force-removal-of-dependent-packages option to
      also remove the dependent packages as well
***************************************************************
***************************************************************
Stopping Bootlog daemon: bootlogd.
 _____                    _____           _         _   
|  _  |___ ___ ___ ___   |  _  |___ ___  |_|___ ___| |_ 
|     |  _| .'| . | . |  |   __|  _| . | | | -_|  _|  _|
|__|__|_| |__,|_  |___|  |__|  |_| |___|_| |___|___|_|  
              |___|                    |___|            
Arago Project http://arago-project.org am335x-evm ttyO0
Arago 2013.12 am335x-evm ttyO0
am335x-evm login: 
URL:gtsystest.telogy.design.ti.com/vatf/tigtfarm02/tigtfarm02_vatf@bbb2/tigtfarm0201_30_2015_07_41_13/files/session_iteration_1/test_1
