- 05:56:51 [INFO] Starting target session
- 05:56:52 [INFO] Connected to beagleboard-vanilla via serial 
- 05:56:52 [INFO] Host: 
- 05:56:52 [INFO] Target: 

root@GenericOMAP3-GP(FlattenedDeviceTree):/test# 
- 05:56:52 [INFO] Host: sync;poweroff
- 05:57:08 [INFO] Target: 
sync;poweroff


Broadcast message from root@GenericOMAP3-GP(FlattenedDeviceTree) (ttyO2) (Wed
The system is going down for system halt NOW!


INIT: Switching to runlevel: 0

.root@GenericOMAP3-GP(FlattenedDeviceTree):/test#
INIT: Sending processes the TERM signal


INIT: Sending processes the KILLStopping Dropbear SSH server: stopped /usr/sbin/dropbear (pid 1379)
dropbear.
Stopping telnet daemon.
Stopping system message bus: Error opening /dev/fb0: No such file or directory
Stopping syslogd/klogd: stopped syslogd (pid 1391)
stopped klogd (pid 1394)
done
Stopping thttpd.
ALSA: Storing mixer settings...
/usr/sbin/alsactl: save_state:1580: No soundcards found...
Deconfiguring network interfaces... ifdown: interface eth0 not configured
done.
Stopping Lighttpd Web Server: stopped /usr/sbin/lighttpd (pid 1405)
lighttpd.
***************************************************************
***************************************************************
NOTICE: This file system contains the followin GPLv3 packages:
	binutils-symlinks
	binutils
	gdbserver
	parted

If you do not wish to distribute GPLv3 components please remove
the above packages prior to distribution.  This can be done using
the opkg remove command.  i.e.:
    opkg remove <package>
Where <package> is the name printed in the list above

NOTE: If the package is a dependency of another package you
      will be notified of the dependent packages.  You should
      use the --force-removal-of-dependent-packages option to
      also remove the dependent packages as well
***************************************************************
***************************************************************
Sending all processes the TERM signal...
Sending all processes the KILL signal...
Unmounting remote filesystems...
Deactivating swap...
Unmounting local filesystems...
[  800.558715] reboot: System halted

- 05:57:31 [INFO] Disconnected {"type"=>"serial"} from beagleboard-vanilla
- 05:57:31 [INFO] Host: 
- 05:57:32 [INFO] Target: 
*** Warning - bad CRC, using default environment

Beagle Rev C1/C2/C3
Timed out in wait_for_event: status=0000
Check if pads/pull-ups of bus 1 are properly configured
No EEPROM on expansion board
Die ID #0a8600030000000004013f780600a00e
Net:   usb_ether
Hit any key to stop autoboot:  1  0 
U-Boot# 
- 05:57:32 [INFO] Host: 
- 05:57:33 [INFO] Target: 

U-Boot# 
- 05:57:33 [INFO] Host: version
- 05:57:33 [INFO] Target: 
version

U-Boot 2014.04-00071-g8543283 (Apr 22 2014 - 15:49:50)
arm-linux-gnueabi-gcc (Ubuntu/Linaro 4.6.3-1ubuntu5) 4.6.3
GNU ld (GNU Binutils for Ubuntu) 2.22
U-Boot# 
- 05:57:33 [INFO] Host: setenv bootargs 'console=ttyO2,115200n8  earlyprintk rootwait '
- 05:57:34 [INFO] Target: 
setenv bootargs 'console=ttyO2,115200n8  earlyprintk rootwait '
U-Boot# 
- 05:57:34 [INFO] Host: setenv bootcmd  ''
- 05:57:34 [INFO] Target: 
setenv bootcmd  ''
U-Boot# 
- 05:57:34 [INFO] Host: setenv autoload 'no'
- 05:57:35 [INFO] Target: 
setenv autoload 'no'
U-Boot# 
- 05:57:35 [INFO] Host: setenv serverip '128.247.105.47'
- 05:57:35 [INFO] Target: 
setenv serverip '128.247.105.47'
U-Boot# 
- 05:57:35 [INFO] Host: printenv
- 05:57:36 [INFO] Target: 
printenv
arch=arm
autoload=no
baudrate=115200
beaglerev=Cx
board=beagle
board_name=beagle
bootargs=console=ttyO2,115200n8  earlyprintk rootwait 
bootcmd=
bootdelay=1
bootdir=/boot
bootenv=uEnv.txt
bootfile=uImage
bootm_size=0x08000000
bootpart=0:2
buddy=none
camera=none
console=ttyO2,115200n8
cpu=armv7
defaultdisplay=dvi
dieid#=0a8600030000000004013f780600a00e
dvimode=640x480MR-16@60
ethact=usb_ether
fdtaddr=0x80f80000
findfdt=if test $beaglerev = AxBx; then setenv fdtfile omap3-beagle.dtb; fi; if test $beaglerev = Cx; then setenv fdtfile omap3-beagle.dtb; fi; if test $beaglerev = C4; then setenv fdtfile omap3-beagle.dtb; fi; if test $beaglerev = xMAB; then setenv fdtfile omap3-beagle-xm.dtb; fi; if test $beaglerev = xMC; then setenv fdtfile omap3-beagle-xm.dtb; fi; if test $fdtfile = undefined; then echo WARNING: Could not determine device tree to use; fi; 
importbootenv=echo Importing environment from mmc ...; env import -t $loadaddr $filesize
loadaddr=0x80200000
loadbootenv=fatload mmc ${mmcdev} ${loadaddr} ${bootenv}
loadfdt=load mmc ${bootpart} ${fdtaddr} ${bootdir}/${fdtfile}
loadimage=load mmc ${bootpart} ${loadaddr} ${bootdir}/${bootfile}
loadramdisk=load mmc ${bootpart} ${rdaddr} ${bootdir}/${ramdisk}
mmcargs=setenv bootargs console=${console} ${optargs} mpurate=${mpurate} buddy=${buddy} camera=${camera} vram=${vram} omapfb.mode=dvi:${dvimode} omapdss.def_disp=${defaultdisplay} root=${mmcroot} rootfstype=${mmcrootfstype}
mmcboot=echo Booting from mmc ...; run mmcargs; bootm ${loadaddr}
mmcbootz=echo Booting with DT from mmc${mmcdev} ...; run mmcargs; bootz ${loadaddr} - ${fdtaddr}
mmcdev=0
mmcroot=/dev/mmcblk0p2 rw
mmcrootfstype=ext3 rootwait
mpurate=auto
nandargs=setenv bootargs console=${console} ${optargs} mpurate=${mpurate} buddy=${buddy} camera=${camera} vram=${vram} omapfb.mode=dvi:${dvimode} omapdss.def_disp=${defaultdisplay} root=${nandroot} rootfstype=${nandrootfstype}
nandboot=echo Booting from nand ...; run nandargs; nand read ${loadaddr} 280000 400000; bootm ${loadaddr}
nandroot=ubi0:rootfs ubi.mtd=4
nandrootfstype=ubifs
ramargs=setenv bootargs console=${console} ${optargs} mpurate=${mpurate} buddy=${buddy} vram=${vram} omapfb.mode=dvi:${dvimode} omapdss.def_disp=${defaultdisplay} root=${ramroot} rootfstype=${ramrootfstype}
ramboot=echo Booting from ramdisk ...; run ramargs; bootm ${loadaddr}
ramdisk=ramdisk.gz
ramroot=/dev/ram0 rw ramdisk_size=65536 initrd=0x81000000,64M
ramrootfstype=ext2
rdaddr=0x81000000
serverip=128.247.105.47
soc=omap3
stderr=serial
stdin=serial
stdout=serial
usbtty=cdc_acm
userbutton=if gpio input 173; then run userbutton_xm; else run userbutton_nonxm; fi;
userbutton_nonxm=gpio input 7;
userbutton_xm=gpio input 4;
vendor=ti
ver=U-Boot 2014.04-00071-g8543283 (Apr 22 2014 - 15:49:50)
vram=12M

Environment size: 2895/131068 bytes
U-Boot# 
- 05:57:36 [INFO] Host: dcache off
- 05:57:37 [INFO] Target: 
dcache off
U-Boot# 
- 05:57:37 [INFO] Host: usb start
- 05:57:37 [INFO] Target: 
usb start
(Re)start USB...
USB0:   USB EHCI 1.00
scanning bus 0 for devices... 1 USB Device(s) found
       scanning usb for storage devices... 0 Storage Device(s) found
       scanning usb for ethernet devices... 0 Ethernet Device(s) found
U-Boot# 
- 05:57:37 [INFO] Host: printenv
- 05:57:38 [INFO] Target: 
printenv
arch=arm
autoload=no
baudrate=115200
beaglerev=Cx
board=beagle
board_name=beagle
bootargs=console=ttyO2,115200n8  earlyprintk rootwait 
bootcmd=
bootdelay=1
bootdir=/boot
bootenv=uEnv.txt
bootfile=uImage
bootm_size=0x08000000
bootpart=0:2
buddy=none
camera=none
console=ttyO2,115200n8
cpu=armv7
defaultdisplay=dvi
dieid#=0a8600030000000004013f780600a00e
dvimode=640x480MR-16@60
ethact=usb_ether
fdtaddr=0x80f80000
findfdt=if test $beaglerev = AxBx; then setenv fdtfile omap3-beagle.dtb; fi; if test $beaglerev = Cx; then setenv fdtfile omap3-beagle.dtb; fi; if test $beaglerev = C4; then setenv fdtfile omap3-beagle.dtb; fi; if test $beaglerev = xMAB; then setenv fdtfile omap3-beagle-xm.dtb; fi; if test $beaglerev = xMC; then setenv fdtfile omap3-beagle-xm.dtb; fi; if test $fdtfile = undefined; then echo WARNING: Could not determine device tree to use; fi; 
importbootenv=echo Importing environment from mmc ...; env import -t $loadaddr $filesize
loadaddr=0x80200000
loadbootenv=fatload mmc ${mmcdev} ${loadaddr} ${bootenv}
loadfdt=load mmc ${bootpart} ${fdtaddr} ${bootdir}/${fdtfile}
loadimage=load mmc ${bootpart} ${loadaddr} ${bootdir}/${bootfile}
loadramdisk=load mmc ${bootpart} ${rdaddr} ${bootdir}/${ramdisk}
mmcargs=setenv bootargs console=${console} ${optargs} mpurate=${mpurate} buddy=${buddy} camera=${camera} vram=${vram} omapfb.mode=dvi:${dvimode} omapdss.def_disp=${defaultdisplay} root=${mmcroot} rootfstype=${mmcrootfstype}
mmcboot=echo Booting from mmc ...; run mmcargs; bootm ${loadaddr}
mmcbootz=echo Booting with DT from mmc${mmcdev} ...; run mmcargs; bootz ${loadaddr} - ${fdtaddr}
mmcdev=0
mmcroot=/dev/mmcblk0p2 rw
mmcrootfstype=ext3 rootwait
mpurate=auto
nandargs=setenv bootargs console=${console} ${optargs} mpurate=${mpurate} buddy=${buddy} camera=${camera} vram=${vram} omapfb.mode=dvi:${dvimode} omapdss.def_disp=${defaultdisplay} root=${nandroot} rootfstype=${nandrootfstype}
nandboot=echo Booting from nand ...; run nandargs; nand read ${loadaddr} 280000 400000; bootm ${loadaddr}
nandroot=ubi0:rootfs ubi.mtd=4
nandrootfstype=ubifs
ramargs=setenv bootargs console=${console} ${optargs} mpurate=${mpurate} buddy=${buddy} vram=${vram} omapfb.mode=dvi:${dvimode} omapdss.def_disp=${defaultdisplay} root=${ramroot} rootfstype=${ramrootfstype}
ramboot=echo Booting from ramdisk ...; run ramargs; bootm ${loadaddr}
ramdisk=ramdisk.gz
ramroot=/dev/ram0 rw ramdisk_size=65536 initrd=0x81000000,64M
ramrootfstype=ext2
rdaddr=0x81000000
serverip=128.247.105.47
soc=omap3
stderr=serial
stdin=serial
stdout=serial
usbtty=cdc_acm
userbutton=if gpio input 173; then run userbutton_xm; else run userbutton_nonxm; fi;
userbutton_nonxm=gpio input 7;
userbutton_xm=gpio input 4;
vendor=ti
ver=U-Boot 2014.04-00071-g8543283 (Apr 22 2014 - 15:49:50)
vram=12M

Environment size: 2895/131068 bytes
U-Boot# 
- 05:57:38 [INFO] Host: setenv bootargs ''${bootargs}' ip=dhcp '
- 05:57:38 [INFO] Target: 
setenv bootargs ''${bootargs}' ip=dhcp '
U-Boot# 
- 05:57:38 [INFO] Host: setenv ipaddr dhcp
- 05:57:39 [INFO] Target: 
setenv ipaddr dhcp
U-Boot# 
- 05:57:39 [INFO] Host: dhcp
- 05:57:39 [INFO] Target: 
dhcp
ERROR: Need valid 'usbnet_devaddr' to be set
at drivers/usb/gadget/ether.c:2362/usb_eth_init()
U-Boot# 
- 05:57:41 [INFO] Disconnected serial from beagleboard-vanilla
- 06:05:32 [INFO] Connected to beagleboard-vanilla via serial 
- 06:05:33 [INFO] Disconnected serial from beagleboard-vanilla
- 06:05:44 [INFO] Connected to beagleboard-vanilla via serial 
- 06:05:44 [INFO] Host: printenv
- 06:05:44 [INFO] Target: 
## Total Size      = 0x0000ee33 = 60979 Bytes
U-Boot# printenv
arch=arm
autoload=no
baudrate=115200
beaglerev=Cx
board=beagle
board_name=beagle
bootargs=console=ttyO2,115200n8  earlyprintk rootwait  ip=dhcp 
bootcmd=
bootdelay=1
bootdir=/boot
bootenv=uEnv.txt
bootfile=uImage
bootm_size=0x08000000
bootpart=0:2
buddy=none
camera=none
console=ttyO2,115200n8
cpu=armv7
defaultdisplay=dvi
dieid#=0a8600030000000004013f780600a00e
dvimode=640x480MR-16@60
ethact=usb_ether
fdtaddr=0x80f80000
filesize=ee33
findfdt=if test $beaglerev = AxBx; then setenv fdtfile omap3-beagle.dtb; fi; if test $beaglerev = Cx; then setenv fdtfile omap3-beagle.dtb; fi; if test $beaglerev = C4; then setenv fdtfile omap3-beagle.dtb; fi; if test $beaglerev = xMAB; then setenv fdtfile omap3-beagle-xm.dtb; fi; if test $beaglerev = xMC; then setenv fdtfile omap3-beagle-xm.dtb; fi; if test $fdtfile = undefined; then echo WARNING: Could not determine device tree to use; fi; 
importbootenv=echo Importing environment from mmc ...; env import -t $loadaddr $filesize
ipaddr=dhcp
loadaddr=0x80200000
loadbootenv=fatload mmc ${mmcdev} ${loadaddr} ${bootenv}
loadfdt=load mmc ${bootpart} ${fdtaddr} ${bootdir}/${fdtfile}
loadimage=load mmc ${bootpart} ${loadaddr} ${bootdir}/${bootfile}
loadramdisk=load mmc ${bootpart} ${rdaddr} ${bootdir}/${ramdisk}
mmcargs=setenv bootargs console=${console} ${optargs} mpurate=${mpurate} buddy=${buddy} camera=${camera} vram=${vram} omapfb.mode=dvi:${dvimode} omapdss.def_disp=${defaultdisplay} root=${mmcroot} rootfstype=${mmcrootfstype}
mmcboot=echo Booting from mmc ...; run mmcargs; bootm ${loadaddr}
mmcbootz=echo Booting with DT from mmc${mmcdev} ...; run mmcargs; bootz ${loadaddr} - ${fdtaddr}
mmcdev=0
mmcroot=/dev/mmcblk0p2 rw
mmcrootfstype=ext3 rootwait
mpurate=auto
nandargs=setenv bootargs console=${console} ${optargs} mpurate=${mpurate} buddy=${buddy} camera=${camera} vram=${vram} omapfb.mode=dvi:${dvimode} omapdss.def_disp=${defaultdisplay} root=${nandroot} rootfstype=${nandrootfstype}
nandboot=echo Booting from nand ...; run nandargs; nand read ${loadaddr} 280000 400000; bootm ${loadaddr}
nandroot=ubi0:rootfs ubi.mtd=4
nandrootfstype=ubifs
ramargs=setenv bootargs console=${console} ${optargs} mpurate=${mpurate} buddy=${buddy} vram=${vram} omapfb.mode=dvi:${dvimode} omapdss.def_disp=${defaultdisplay} root=${ramroot} rootfstype=${ramrootfstype}
ramboot=echo Booting from ramdisk ...; run ramargs; bootm ${loadaddr}
ramdisk=ramdisk.gz
ramroot=/dev/ram0 rw ramdisk_size=65536 initrd=0x81000000,64M
ramrootfstype=ext2
rdaddr=0x81000000
serverip=128.247.105.47
soc=omap3
stderr=serial
stdin=serial
stdout=serial
usbtty=cdc_acm
userbutton=if gpio input 173; then run userbutton_xm; else run userbutton_nonxm; fi;
userbutton_nonxm=gpio input 7;
userbutton_xm=gpio input 4;
vendor=ti
ver=U-Boot 2014.04-00071-g8543283 (Apr 22 2014 - 15:49:50)
vram=12M

Environment size: 2934/131068 bytes
U-Boot# 
- 06:05:45 [INFO] Host: setenv bootargs ''${bootargs}' root=/dev/mmcblk0p2 rw rootfstype=ext3 rootwait '
- 06:05:45 [INFO] Target: 
setenv bootargs ''${bootargs}' root=/dev/mmcblk0p2 rw rootfstype=ext3 rootwait '
U-Boot# 
- 06:05:45 [INFO] Host: printenv
- 06:05:46 [INFO] Target: 
printenv
arch=arm
autoload=no
baudrate=115200
beaglerev=Cx
board=beagle
board_name=beagle
bootargs=console=ttyO2,115200n8  earlyprintk rootwait  ip=dhcp  root=/dev/mmcblk0p2 rw rootfstype=ext3 rootwait 
bootcmd=
bootdelay=1
bootdir=/boot
bootenv=uEnv.txt
bootfile=uImage
bootm_size=0x08000000
bootpart=0:2
buddy=none
camera=none
console=ttyO2,115200n8
cpu=armv7
defaultdisplay=dvi
dieid#=0a8600030000000004013f780600a00e
dvimode=640x480MR-16@60
ethact=usb_ether
fdtaddr=0x80f80000
filesize=ee33
findfdt=if test $beaglerev = AxBx; then setenv fdtfile omap3-beagle.dtb; fi; if test $beaglerev = Cx; then setenv fdtfile omap3-beagle.dtb; fi; if test $beaglerev = C4; then setenv fdtfile omap3-beagle.dtb; fi; if test $beaglerev = xMAB; then setenv fdtfile omap3-beagle-xm.dtb; fi; if test $beaglerev = xMC; then setenv fdtfile omap3-beagle-xm.dtb; fi; if test $fdtfile = undefined; then echo WARNING: Could not determine device tree to use; fi; 
importbootenv=echo Importing environment from mmc ...; env import -t $loadaddr $filesize
ipaddr=dhcp
loadaddr=0x80200000
loadbootenv=fatload mmc ${mmcdev} ${loadaddr} ${bootenv}
loadfdt=load mmc ${bootpart} ${fdtaddr} ${bootdir}/${fdtfile}
loadimage=load mmc ${bootpart} ${loadaddr} ${bootdir}/${bootfile}
loadramdisk=load mmc ${bootpart} ${rdaddr} ${bootdir}/${ramdisk}
mmcargs=setenv bootargs console=${console} ${optargs} mpurate=${mpurate} buddy=${buddy} camera=${camera} vram=${vram} omapfb.mode=dvi:${dvimode} omapdss.def_disp=${defaultdisplay} root=${mmcroot} rootfstype=${mmcrootfstype}
mmcboot=echo Booting from mmc ...; run mmcargs; bootm ${loadaddr}
mmcbootz=echo Booting with DT from mmc${mmcdev} ...; run mmcargs; bootz ${loadaddr} - ${fdtaddr}
mmcdev=0
mmcroot=/dev/mmcblk0p2 rw
mmcrootfstype=ext3 rootwait
mpurate=auto
nandargs=setenv bootargs console=${console} ${optargs} mpurate=${mpurate} buddy=${buddy} camera=${camera} vram=${vram} omapfb.mode=dvi:${dvimode} omapdss.def_disp=${defaultdisplay} root=${nandroot} rootfstype=${nandrootfstype}
nandboot=echo Booting from nand ...; run nandargs; nand read ${loadaddr} 280000 400000; bootm ${loadaddr}
nandroot=ubi0:rootfs ubi.mtd=4
nandrootfstype=ubifs
ramargs=setenv bootargs console=${console} ${optargs} mpurate=${mpurate} buddy=${buddy} vram=${vram} omapfb.mode=dvi:${dvimode} omapdss.def_disp=${defaultdisplay} root=${ramroot} rootfstype=${ramrootfstype}
ramboot=echo Booting from ramdisk ...; run ramargs; bootm ${loadaddr}
ramdisk=ramdisk.gz
ramroot=/dev/ram0 rw ramdisk_size=65536 initrd=0x81000000,64M
ramrootfstype=ext2
rdaddr=0x81000000
serverip=128.247.105.47
soc=omap3
stderr=serial
stdin=serial
stdout=serial
usbtty=cdc_acm
userbutton=if gpio input 173; then run userbutton_xm; else run userbutton_nonxm; fi;
userbutton_nonxm=gpio input 7;
userbutton_xm=gpio input 4;
vendor=ti
ver=U-Boot 2014.04-00071-g8543283 (Apr 22 2014 - 15:49:50)
vram=12M

Environment size: 2983/131068 bytes
U-Boot# 
- 06:05:46 [INFO] Host: setenv bootcmd ''${bootcmd}' if iminfo ${loadaddr}; then bootm ${loadaddr} - ${fdtaddr}; else bootz ${loadaddr} - ${fdtaddr}; bootm ${loadaddr} - ${fdtaddr}; fi'
- 06:05:46 [INFO] Target: 
setenv bootcmd ''${bootcmd}' if iminfo ${loadaddr}; then bootm ${loadaddr} - ${fdtaddr}; else bootz ${loadaddr} - ${fdtaddr}; bootm ${loadaddr} - ${fdtaddr}; fi'
U-Boot# 
- 06:05:46 [INFO] Host: bdinfo
- 06:05:47 [INFO] Target: 
bdinfo
arch_number = 0x0000060A
boot_params = 0x80000100
DRAM bank   = 0x00000000
-> start    = 0x80000000
-> size     = 0x08000000
DRAM bank   = 0x00000001
-> start    = 0x88000000
-> size     = 0x08000000
eth0name    = usb_ether
ethaddr     = (not set)
current eth = usb_ether
ip_addr     = dhcp
baudrate    = 115200 bps
TLB addr    = 0x8FFF0000
relocaddr   = 0x8FF51000
reloc off   = 0x0FE51000
irq_sp      = 0x8FE30ED0
sp start    = 0x8FE30EC0
U-Boot# 
- 06:05:47 [INFO] Host: boot
- 06:08:17 [ERROR] On command: boot waiting for (?-mix:.*\s+login) >>> error: execution expired
- 06:08:17 [INFO] Target: 
boot

## Checking Image at 80200000 ...
Unknown image format!
Kernel image @ 0x80200000 [ 0x000000 - 0x4ad248 ]
## Flattened Device Tree blob at 80f80000
   Booting using the fdt blob at 0x80f80000
   Loading Device Tree to 87fee000, end 87fffe32 ... OK

Starting kernel ...

[    0.000000] Booting Linux on physical CPU 0x0
[    0.000000] Linux version 3.15.0-rc8-next-20140605-00002-gb80576d (nmenon@kahuna) (gcc version 4.6.3 (Ubuntu/Linaro 4.6.3-1ubuntu5) ) #1 SMP Thu Jun 5 05:54:05 CDT 2014
[    0.000000] CPU: ARMv7 Processor [411fc083] revision 3 (ARMv7), cr=10c5387d
[    0.000000] CPU: PIPT / VIPT nonaliasing data cache, VIPT nonaliasing instruction cache
[    0.000000] Machine model: TI OMAP3 BeagleBoard
[    0.000000] cma: CMA: reserved 64 MiB at 8b800000
[    0.000000] Memory policy: Data cache writeback
[    0.000000] CPU: All CPU(s) started in SVC mode.
[    0.000000] OMAP3430/3530 ES3.0 (l2cache iva sgx neon isp )
[    0.000000] PERCPU: Embedded 8 pages/cpu @cfc9a000 s8448 r8192 d16128 u32768
[    0.000000] Built 1 zonelists in Zone order, mobility grouping on.  Total pages: 64768
[    0.000000] Kernel command line: console=ttyO2,115200n8  earlyprintk rootwait  ip=dhcp  root=/dev/mmcblk0p2 rw rootfstype=ext3 rootwait 
[    0.000000] PID hash table entries: 1024 (order: 0, 4096 bytes)
[    0.000000] Dentry cache hash table entries: 32768 (order: 5, 131072 bytes)
[    0.000000] Inode-cache hash table entries: 16384 (order: 4, 65536 bytes)
[    0.000000] Memory: 182076K/261120K available (6360K kernel code, 892K rwdata, 2560K rodata, 652K init, 303K bss, 79044K reserved, 0K highmem)
[    0.000000] Virtual kernel memory layout:
[    0.000000]     vector  : 0xffff0000 - 0xffff1000   (   4 kB)
[    0.000000]     fixmap  : 0xffc00000 - 0xffe00000   (2048 kB)
[    0.000000]     vmalloc : 0xd0800000 - 0xff000000   ( 744 MB)
[    0.000000]     lowmem  : 0xc0000000 - 0xd0000000   ( 256 MB)
[    0.000000]     pkmap   : 0xbfe00000 - 0xc0000000   (   2 MB)
[    0.000000]     modules : 0xbf000000 - 0xbfe00000   (  14 MB)
[    0.000000]       .text : 0xc0208000 - 0xc0abe328   (8921 kB)
[    0.000000]       .init : 0xc0abf000 - 0xc0b62100   ( 653 kB)
[    0.000000]       .data : 0xc0b64000 - 0xc0c432c0   ( 893 kB)
[    0.000000]        .bss : 0xc0c432c8 - 0xc0c8f090   ( 304 kB)
[    0.000000] SLUB: HWalign=64, Order=0-3, MinObjects=0, CPUs=1, Nodes=1
[    0.000000] Hierarchical RCU implementation.
[    0.000000] 	RCU restricting CPUs from NR_CPUS=8 to nr_cpu_ids=1.
[    0.000000] RCU: Adjusting geometry for rcu_fanout_leaf=16, nr_cpu_ids=1
[    0.000000] NR_IRQS:16 nr_irqs:16 16
[    0.000000] IRQ: Found an INTC at 0xfa200000 (revision 4.0) with 96 interrupts
[    0.000000] Total of 96 interrupts on 1 active controller
[    0.000000] Clocking rate (Crystal/Core/MPU): 26.0/332/600 MHz
[    0.000000] OMAP clockevent source: timer12 at 32768 Hz
[    0.000000] sched_clock: 32 bits at 32kHz, resolution 30517ns, wraps every 65536000000000ns
[    0.000030] OMAP clocksource: 32k_counter at 32768 Hz
[    0.000274] Console: colour dummy device 80x30
[    0.000335] Calibrating delay loop... 481.68 BogoMIPS (lpj=1204224)
[    0.059387] pid_max: default: 32768 minimum: 301
[    0.059600] Mount-cache hash table entries: 1024 (order: 0, 4096 bytes)
[    0.059631] Mountpoint-cache hash table entries: 1024 (order: 0, 4096 bytes)
[    0.060546] CPU: Testing write buffer coherency: ok
[    0.060974] CPU0: thread -1, cpu 0, socket -1, mpidr 0
[    0.061126] Setting up static identity map for 0x80802bd0 - 0x80802c68
[    0.065826] Brought up 1 CPUs
[    0.065826] SMP: Total of 1 processors activated.
[    0.065856] CPU: All CPU(s) started in SVC mode.
[    0.066680] devtmpfs: initialized
[    0.072174] VFP support v0.3: implementor 41 architecture 3 part 30 variant c rev 1
[    0.094451] omap_hwmod: mcbsp2_sidetone using broken dt data from mcbsp
[    0.095092] omap_hwmod: mcbsp3_sidetone using broken dt data from mcbsp
[    0.126281] omap_hwmod: mcbsp2: cannot be enabled for reset (3)
[    0.162017] pinctrl core: initialized pinctrl subsystem
[    0.162872] regulator-dummy: no parameters
[    0.205596] NET: Registered protocol family 16
[    0.209655] DMA: preallocated 256 KiB pool for atomic coherent allocations
[    0.213928] cpuidle: using governor ladder
[    0.213958] cpuidle: using governor menu
[    0.220794] Reprogramming SDRC clock to 332000000 Hz
[    0.227050] omap_gpio 48310000.gpio: could not find pctldev for node /ocp/pinmux@48002a00/pinmux_gpio1_pins, deferring probe
[    0.227142] platform 48310000.gpio: Driver omap_gpio requests probe deferral
[    0.228363] OMAP GPIO hardware version 2.5
[    0.240142] platform 49022000.mcbsp: alias fck already exists
[    0.247802] omap-gpmc 6e000000.gpmc: GPMC revision 5.0
[    0.254058] No ATAGs?
[    0.254119] hw-breakpoint: debug architecture 0x4 unsupported.
[    0.254547] EXYNOS: PMU not supported
[    0.256622] OMAP DMA hardware revision 4.0
[    0.260192] Serial: AMBA PL011 UART driver
[    0.285308] edma-dma-engine edma-dma-engine.0: Can't allocate PaRAM dummy slot
[    0.285369] edma-dma-engine: probe of edma-dma-engine.0 failed with error -5
[    0.310089] omap-dma-engine 48056000.dma-controller: OMAP DMA engine driver
[    0.310974] platform hsusb2_power_reg: Driver reg-fixed-voltage requests probe deferral
[    0.315521] vgaarb: loaded
[    0.316864] SCSI subsystem initialized
[    0.317932] usbcore: registered new interface driver usbfs
[    0.318084] usbcore: registered new interface driver hub
[    0.318298] usbcore: registered new device driver usb
[    0.319061] platform hsusb2_phy: Driver usb_phy_generic requests probe deferral
[    0.321716] omap_i2c 48070000.i2c: bus 0 rev3.3 at 2600 kHz
[    0.322540] omap_i2c 48072000.i2c: bus 1 rev3.3 at 100 kHz
[    0.323211] omap_i2c 48060000.i2c: bus 2 rev3.3 at 100 kHz
[    0.324005] Linux video capture interface: v2.00
[    0.324096] pps_core: LinuxPPS API ver. 1 registered
[    0.324127] pps_core: Software ver. 5.3.6 - Copyright 2005-2007 Rodolfo Giometti <giometti@linux.it>
[    0.324188] PTP clock support registered
[    0.324340] EDAC MC: Ver: 3.0.0
[    0.326019] Advanced Linux Sound Architecture Driver Initialized.
[    0.328186] Switched to clocksource 32k_counter
[    0.349243] NET: Registered protocol family 2
[    0.350189] TCP established hash table entries: 2048 (order: 1, 8192 bytes)
[    0.350219] TCP bind hash table entries: 2048 (order: 2, 16384 bytes)
[    0.350280] TCP: Hash tables configured (established 2048 bind 2048)
[    0.350402] TCP: reno registered
[    0.350433] UDP hash table entries: 256 (order: 1, 8192 bytes)
[    0.350463] UDP-Lite hash table entries: 256 (order: 1, 8192 bytes)
[    0.350769] NET: Registered protocol family 1
[    0.351318] RPC: Registered named UNIX socket transport module.
[    0.351348] RPC: Registered udp transport module.
[    0.351348] RPC: Registered tcp transport module.
[    0.351379] RPC: Registered tcp NFSv4.1 backchannel transport module.
[    0.354553] hw perfevents: enabled with ARMv7 Cortex-A8 PMU driver, 5 counters available
[    0.358856] futex hash table entries: 256 (order: 2, 16384 bytes)
[    0.383575] squashfs: version 4.0 (2009/01/31) Phillip Lougher
[    0.385223] NFS: Registering the id_resolver key type
[    0.385284] Key type id_resolver registered
[    0.385314] Key type id_legacy registered
[    0.385406] msgmni has been set to 483
[    0.386627] Block layer SCSI generic (bsg) driver version 0.4 loaded (major 249)
[    0.386657] io scheduler noop registered
[    0.386657] io scheduler deadline registered
[    0.387084] io scheduler cfq registered (default)
[    0.391235] pinctrl-single 48002030.pinmux: 284 pins at pa fa002030 size 568
[    0.391632] pinctrl-single 48002a00.pinmux: 46 pins at pa fa002a00 size 92
[    0.392333] pinctrl-single 480025d8.pinmux: 18 pins at pa fa0025d8 size 36
[    0.522338] Serial: 8250/16550 driver, 4 ports, IRQ sharing disabled
[    0.526062] Serial: IMX driver
[    0.526733] msm_serial: driver initialized
[    0.527770] omap_uart 4806a000.serial: no wakeirq for uart0
[    0.528015] 4806a000.serial: ttyO0 at MMIO 0x4806a000 (irq = 88, base_baud = 3000000) is a OMAP UART0
[    0.528961] omap_uart 4806c000.serial: no wakeirq for uart0
[    0.529144] 4806c000.serial: ttyO1 at MMIO 0x4806c000 (irq = 89, base_baud = 3000000) is a OMAP UART1
[    0.529937] omap_uart 49020000.serial: no wakeirq for uart0
[    0.530120] 49020000.serial: ttyO2 at MMIO 0x49020000 (irq = 90, base_baud = 3000000) is a OMAP UART2
[    1.295837] console [ttyO2] enabled
[    1.300384] STMicroelectronics ASC driver initialized
[    1.307281] serial: Freescale lpuart driver
[    1.312103] [drm] Initialized drm 1.1.0 20060810
[    1.327636] loop: module loaded
[    2.328369] omap_i2c 48072000.i2c: controller timed out
[    2.351715] twl 0-0048: PIH (irq 23) chaining IRQs 306..314
[    2.357757] twl 0-0048: power (irq 311) chaining IRQs 314..321
[    2.369018] VAUX1: at 3000 mV 
[    2.374877] vdd_ehci: 1800 mV 
[    2.379943] VAUX3: at 2800 mV 
[    2.384887] VAUX4: at 2800 mV 
[    2.389831] VDD1: 600 <--> 1450 mV at 1200 mV 
[    2.396148] VDAC: 1800 mV 
[    2.402404] VIO: at 1800 mV 
[    2.407745] VINTANA1: 1500 mV 
[    2.413208] VINTANA2: at 2750 mV 
[    2.418914] VINTDIG: 1500 mV 
[    2.423492] VMMC1: 1850 <--> 3150 mV at 3150 mV 
[    2.429901] VMMC2: 1850 <--> 3150 mV at 2600 mV 
[    2.436035] VUSB1V5: 1500 mV 
[    2.440216] VUSB1V8: 1800 mV 
[    2.444396] VUSB3V1: 3100 mV 
[    2.449432] VPLL1: at 1800 mV 
[    2.454772] VPLL2: 1800 mV 
[    2.459228] VSIM: 1800 <--> 3000 mV at 1800 mV 
[    2.465209] twl4030_gpio twl4030-gpio: gpio (irq 306) chaining IRQs 322..339
[    2.487396] CAN device driver interface
[    2.496154] pegasus: v0.9.3 (2013/04/25), Pegasus/Pegasus II USB Ethernet driver
[    2.504089] usbcore: registered new interface driver pegasus
[    2.510192] usbcore: registered new interface driver asix
[    2.515991] usbcore: registered new interface driver ax88179_178a
[    2.522491] usbcore: registered new interface driver cdc_ether
[    2.528778] usbcore: registered new interface driver smsc75xx
[    2.534942] usbcore: registered new interface driver smsc95xx
[    2.541107] usbcore: registered new interface driver net1080
[    2.547149] usbcore: registered new interface driver cdc_subset
[    2.553466] usbcore: registered new interface driver zaurus
[    2.559509] usbcore: registered new interface driver cdc_ncm
[    2.565490] ehci_hcd: USB 2.0 'Enhanced' Host Controller (EHCI) Driver
[    2.572357] ehci-pci: EHCI PCI platform driver
[    2.577117] ehci-platform: EHCI generic platform driver
[    2.583068] ehci-omap: OMAP-EHCI Host Controller driver
[    2.589111] ehci-omap 48064800.ehci: Can't get PHY device for port 1: -517
[    2.596374] platform 48064800.ehci: Driver ehci-omap requests probe deferral
[    2.603942] ehci-orion: EHCI orion driver
[    2.608551] SPEAr-ehci: EHCI SPEAr driver
[    2.613067] tegra-ehci: Tegra EHCI driver
[    2.617645] ohci_hcd: USB 1.1 'Open' Host Controller (OHCI) Driver
[    2.624206] ohci-pci: OHCI PCI platform driver
[    2.628997] ohci-platform: OHCI generic platform driver
[    2.634826] ohci-omap3: OHCI OMAP3 driver
[    2.639495] ohci-omap3 48064400.ohci: OHCI Host Controller
[    2.645324] ohci-omap3 48064400.ohci: new USB bus registered, assigned bus number 1
[    2.653503] ohci-omap3 48064400.ohci: irq 92, io mem 0x48064400
[    2.731262] hub 1-0:1.0: USB hub found
[    2.735351] hub 1-0:1.0: 3 ports detected
[    2.740722] SPEAr-ohci: OHCI SPEAr driver
[    2.746917] usbcore: registered new interface driver usb-storage
[    2.757293] mousedev: PS/2 mouse device common for all mice
[    2.768554] twl_rtc 48070000.i2c:twl@48:rtc: Power up reset detected.
[    2.775512] twl_rtc 48070000.i2c:twl@48:rtc: Enabling TWL-RTC
[    2.784851] twl_rtc 48070000.i2c:twl@48:rtc: rtc core: registered 48070000.i2c:twl@48 as rtc0
[    2.795593] i2c /dev entries driver
[    2.802795] usbcore: registered new interface driver uvcvideo
[    2.808868] USB Video Class driver (1.1.1)
[    2.813171] gspca_main: v2.14.0 registered
[    3.818328] omap_i2c 48072000.i2c: controller timed out
[    4.833343] omap_i2c 48072000.i2c: controller timed out
[    5.848358] omap_i2c 48072000.i2c: controller timed out
[    6.863433] omap_i2c 48072000.i2c: controller timed out
[    7.878326] omap_i2c 48072000.i2c: controller timed out
[    8.893310] omap_i2c 48072000.i2c: controller timed out
[    9.908355] omap_i2c 48072000.i2c: controller timed out
[   10.913482] omap_i2c 48072000.i2c: controller timed out
[   11.928344] omap_i2c 48072000.i2c: controller timed out
[   12.943450] omap_i2c 48072000.i2c: controller timed out
[   13.958312] omap_i2c 48072000.i2c: controller timed out
[   14.973449] omap_i2c 48072000.i2c: controller timed out
[   15.988311] omap_i2c 48072000.i2c: controller timed out
[   17.003387] omap_i2c 48072000.i2c: controller timed out
[   17.025604] sdhci: Secure Digital Host Controller Interface driver
[   17.032104] sdhci: Copyright(c) Pierre Ossman
[   17.042999] omap_hsmmc 4809c000.mmc: pins are not configured from the driver
[   17.084259] Synopsys Designware Multimedia Card Interface Driver
[   17.092132] sdhci-pltfm: SDHCI platform and OF driver helper
[   17.100463] usbcore: registered new interface driver usbhid
[   17.106353] usbhid: USB HID core driver
[   17.119750] TCP: cubic registered
[   17.123321] NET: Registered protocol family 17
[   17.128021] can: controller area network core (rev 20120528 abi 9)
[   17.134674] NET: Registered protocol family 29
[   17.139373] can: raw protocol (rev 20120528)
[   17.143859] can: broadcast manager protocol (rev 20120528 t)
[   17.149841] can: netlink gateway (rev 20130117) max_hops=1
[   17.156494] Key type dns_resolver registered
[   17.161346] omap2_set_init_voltage: unable to find boot up OPP for vdd_mpu_iva
[   17.168945] omap2_set_init_voltage: unable to set vdd_mpu_iva
[   17.174987] omap2_set_init_voltage: unable to find boot up OPP for vdd_core
[   17.182281] omap2_set_init_voltage: unable to set vdd_core
[   17.188964] PM: no software I/O chain control; some wakeups may be lost
[   17.197021] ThumbEE CPU extension supported.
[   17.201568] Registering SWP/SWPB emulation handler
[   17.210845] hsusb2_vbus: 3300 mV 
[   17.306488] ehci-omap 48064800.ehci: EHCI Host Controller
[   17.312225] ehci-omap 48064800.ehci: new USB bus registered, assigned bus number 2
[   17.320617] ehci-omap 48064800.ehci: irq 93, io mem 0x48064800
[   17.333404] ehci-omap 48064800.ehci: USB 2.0 started, EHCI 1.00
[   17.341339] hub 2-0:1.0: USB hub found
[   17.345428] hub 2-0:1.0: 3 ports detected
[   17.352661] input: gpio_keys as /devices/gpio_keys/input/input0
[   17.360809] twl_rtc 48070000.i2c:twl@48:rtc: setting system clock to 2000-01-01 00:00:14 UTC (946684814)
[   17.576873] mmc0: host does not support reading read-only switch. assuming write-enable.
[   17.587615] mmc0: new high speed SDHC card at address b368
[   17.594177] mmcblk0: mmc0:b368 SMI   3.72 GiB 
[   17.600646]  mmcblk0: p1 p2
[   29.448944] VUSB3V1: disabling
[   29.452697] VUSB1V8: disabling
[   29.456451] VUSB1V5: disabling
[   29.460357] VDAC: disabling
[   29.463989] VAUX3: disabling
[   29.467834] ALSA device list:
[   29.471008]   No soundcards found.
[   29.477325] EXT4-fs (mmcblk0p2): mounting ext3 file system using the ext4 subsystem
[   29.505859] EXT4-fs (mmcblk0p2): mounted filesystem with ordered data mode. Opts: (null)
[   29.514465] VFS: Mounted root (ext3 filesystem) on device 179:2.
[   29.531188] devtmpfs: mounted
[   29.535949] Freeing unused kernel memory: 652K (c0abf000 - c0b62000)

INIT: version 2.88 booting

Error opening /dev/fb0: No such file or directory
/dev/ttyO2 linked to /dev/tty-bd - using as console
Starting udev
[   30.456085] udevd[91]: starting version 182
udevd[91]: worker [141] terminated by signal 11 (Segmentation fault)


udevd[91]: worker [141] failed while handling '/devices/68000000.ocp/48070000.i2c/i2c-0/0-0048/twl4030-gpio'


udevd[102]: '/sbin/modprobe of:NmpuT<NULL>Cti,omap3-mpu' [345] terminated by signal 11 (Segmentation fault)


[   35.451019] random: nonblocking pool is initialized

