- 05:58:35 [INFO] Starting target session
- 05:58:36 [INFO] Connected to beagleboard-vanilla via serial 
- 05:58:36 [INFO] Host: 
- 05:58:37 [INFO] Target: 

root@GenericOMAP3-GP(FlattenedDeviceTree):/test# 
- 05:58:37 [INFO] Host: sync;poweroff
- 05:58:53 [INFO] Target: 
sync;poweroff


Broadcast message from root@GenericOMAP3-GP(FlattenedDeviceTree) (ttyO2) (Fri
The system is going down for system halt NOW!


INIT: Switching to runlevel: 0

root@GenericOMAP3-GP(FlattenedDeviceTree):/test#
INIT: Sending processes the TERM signal


INIT: Sending processes the KILL Stopping Dropbear SSH server: stopped /usr/sbin/dropbear (pid 1427)
dropbear.
Stopping telnet daemon.
Stopping system message bus: Error opening /dev/fb0: No such file or directory
Stopping syslogd/klogd: stopped syslogd (pid 1439)
stopped klogd (pid 1442)
done
Stopping thttpd.
ALSA: Storing mixer settings...
/usr/sbin/alsactl: save_state:1580: No soundcards found...
Deconfiguring network interfaces... ifdown: interface eth0 not configured
done.
Stopping Lighttpd Web Server: stopped /usr/sbin/lighttpd (pid 1453)
lighttpd.
***************************************************************
***************************************************************
NOTICE: This file system contains the followin GPLv3 packages:
	binutils-symlinks
	binutils
	gdbserver
	parted

If you do not wish to distribute GPLv3 components please remove
the above packages prior to distribution.  This can be done using
the opkg remove command.  i.e.:
    opkg remove <package>
Where <package> is the name printed in the list above

NOTE: If the package is a dependency of another package you
      will be notified of the dependent packages.  You should
      use the --force-removal-of-dependent-packages option to
      also remove the dependent packages as well
***************************************************************
***************************************************************
Sending all processes the TERM signal...
Sending all processes the KILL signal...
Unmounting remote filesystems...
Deactivating swap...
Unmounting local filesystems...
[  828.765411] FAT-fs (mmcblk0p1): error, invalid access to FAT (entry 0xfb03407f)
[  828.773559] FAT-fs (mmcblk0p1): Filesystem has been set read-only
[  828.779998] grow_buffers: requested out-of-range block 18442808131243411587 for device mmcblk0p1
[  828.789428] FAT-fs (mmcblk0p1): unable to read inode block for updating (i_pos -62975079458240451)
[  828.798919] FAT-fs (mmcblk0p1): Failed to update on disk inode for unused fallocated blocks, inode could be corrupted. Please run fsck
[  831.011901] reboot: System halted

- 05:59:16 [INFO] Disconnected {"type"=>"serial"} from beagleboard-vanilla
- 05:59:16 [INFO] Host: 
- 05:59:16 [INFO] Target: 
*** Warning - bad CRC, using default environment

Beagle Rev C1/C2/C3
Timed out in wait_for_event: status=0000
Check if pads/pull-ups of bus 1 are properly configured
No EEPROM on expansion board
Die ID #0a8600030000000004013f780600a00e
Net:   usb_ether
Hit any key to stop autoboot:  1  0 
U-Boot# 
- 05:59:16 [INFO] Host: 
- 05:59:17 [INFO] Target: 

U-Boot# 
- 05:59:17 [INFO] Host: version
- 05:59:18 [INFO] Target: 
version

U-Boot 2014.04-00071-g8543283 (Apr 22 2014 - 15:49:50)
arm-linux-gnueabi-gcc (Ubuntu/Linaro 4.6.3-1ubuntu5) 4.6.3
GNU ld (GNU Binutils for Ubuntu) 2.22
U-Boot# 
- 05:59:18 [INFO] Host: setenv bootargs 'console=ttyO2,115200n8  earlyprintk rootwait '
- 05:59:18 [INFO] Target: 
setenv bootargs 'console=ttyO2,115200n8  earlyprintk rootwait '
U-Boot# 
- 05:59:18 [INFO] Host: setenv bootcmd  ''
- 05:59:19 [INFO] Target: 
setenv bootcmd  ''
U-Boot# 
- 05:59:19 [INFO] Host: setenv autoload 'no'
- 05:59:19 [INFO] Target: 
setenv autoload 'no'
U-Boot# 
- 05:59:19 [INFO] Host: setenv serverip '128.247.105.47'
- 05:59:20 [INFO] Target: 
setenv serverip '128.247.105.47'
U-Boot# 
- 05:59:20 [INFO] Host: printenv
- 05:59:20 [INFO] Target: 
printenv
arch=arm
autoload=no
baudrate=115200
beaglerev=Cx
board=beagle
board_name=beagle
bootargs=console=ttyO2,115200n8  earlyprintk rootwait 
bootcmd=
bootdelay=1
bootdir=/boot
bootenv=uEnv.txt
bootfile=uImage
bootm_size=0x08000000
bootpart=0:2
buddy=none
camera=none
console=ttyO2,115200n8
cpu=armv7
defaultdisplay=dvi
dieid#=0a8600030000000004013f780600a00e
dvimode=640x480MR-16@60
ethact=usb_ether
fdtaddr=0x80f80000
findfdt=if test $beaglerev = AxBx; then setenv fdtfile omap3-beagle.dtb; fi; if test $beaglerev = Cx; then setenv fdtfile omap3-beagle.dtb; fi; if test $beaglerev = C4; then setenv fdtfile omap3-beagle.dtb; fi; if test $beaglerev = xMAB; then setenv fdtfile omap3-beagle-xm.dtb; fi; if test $beaglerev = xMC; then setenv fdtfile omap3-beagle-xm.dtb; fi; if test $fdtfile = undefined; then echo WARNING: Could not determine device tree to use; fi; 
importbootenv=echo Importing environment from mmc ...; env import -t $loadaddr $filesize
loadaddr=0x80200000
loadbootenv=fatload mmc ${mmcdev} ${loadaddr} ${bootenv}
loadfdt=load mmc ${bootpart} ${fdtaddr} ${bootdir}/${fdtfile}
loadimage=load mmc ${bootpart} ${loadaddr} ${bootdir}/${bootfile}
loadramdisk=load mmc ${bootpart} ${rdaddr} ${bootdir}/${ramdisk}
mmcargs=setenv bootargs console=${console} ${optargs} mpurate=${mpurate} buddy=${buddy} camera=${camera} vram=${vram} omapfb.mode=dvi:${dvimode} omapdss.def_disp=${defaultdisplay} root=${mmcroot} rootfstype=${mmcrootfstype}
mmcboot=echo Booting from mmc ...; run mmcargs; bootm ${loadaddr}
mmcbootz=echo Booting with DT from mmc${mmcdev} ...; run mmcargs; bootz ${loadaddr} - ${fdtaddr}
mmcdev=0
mmcroot=/dev/mmcblk0p2 rw
mmcrootfstype=ext3 rootwait
mpurate=auto
nandargs=setenv bootargs console=${console} ${optargs} mpurate=${mpurate} buddy=${buddy} camera=${camera} vram=${vram} omapfb.mode=dvi:${dvimode} omapdss.def_disp=${defaultdisplay} root=${nandroot} rootfstype=${nandrootfstype}
nandboot=echo Booting from nand ...; run nandargs; nand read ${loadaddr} 280000 400000; bootm ${loadaddr}
nandroot=ubi0:rootfs ubi.mtd=4
nandrootfstype=ubifs
ramargs=setenv bootargs console=${console} ${optargs} mpurate=${mpurate} buddy=${buddy} vram=${vram} omapfb.mode=dvi:${dvimode} omapdss.def_disp=${defaultdisplay} root=${ramroot} rootfstype=${ramrootfstype}
ramboot=echo Booting from ramdisk ...; run ramargs; bootm ${loadaddr}
ramdisk=ramdisk.gz
ramroot=/dev/ram0 rw ramdisk_size=65536 initrd=0x81000000,64M
ramrootfstype=ext2
rdaddr=0x81000000
serverip=128.247.105.47
soc=omap3
stderr=serial
stdin=serial
stdout=serial
usbtty=cdc_acm
userbutton=if gpio input 173; then run userbutton_xm; else run userbutton_nonxm; fi;
userbutton_nonxm=gpio input 7;
userbutton_xm=gpio input 4;
vendor=ti
ver=U-Boot 2014.04-00071-g8543283 (Apr 22 2014 - 15:49:50)
vram=12M

Environment size: 2895/131068 bytes
U-Boot# 
- 05:59:20 [INFO] Host: dcache off
- 05:59:21 [INFO] Target: 
dcache off
U-Boot# 
- 05:59:21 [INFO] Host: usb start
- 05:59:22 [INFO] Target: 
usb start
(Re)start USB...
USB0:   USB EHCI 1.00
scanning bus 0 for devices... 1 USB Device(s) found
       scanning usb for storage devices... 0 Storage Device(s) found
       scanning usb for ethernet devices... 0 Ethernet Device(s) found
U-Boot# 
- 05:59:22 [INFO] Host: printenv
- 05:59:22 [INFO] Target: 
printenv
arch=arm
autoload=no
baudrate=115200
beaglerev=Cx
board=beagle
board_name=beagle
bootargs=console=ttyO2,115200n8  earlyprintk rootwait 
bootcmd=
bootdelay=1
bootdir=/boot
bootenv=uEnv.txt
bootfile=uImage
bootm_size=0x08000000
bootpart=0:2
buddy=none
camera=none
console=ttyO2,115200n8
cpu=armv7
defaultdisplay=dvi
dieid#=0a8600030000000004013f780600a00e
dvimode=640x480MR-16@60
ethact=usb_ether
fdtaddr=0x80f80000
findfdt=if test $beaglerev = AxBx; then setenv fdtfile omap3-beagle.dtb; fi; if test $beaglerev = Cx; then setenv fdtfile omap3-beagle.dtb; fi; if test $beaglerev = C4; then setenv fdtfile omap3-beagle.dtb; fi; if test $beaglerev = xMAB; then setenv fdtfile omap3-beagle-xm.dtb; fi; if test $beaglerev = xMC; then setenv fdtfile omap3-beagle-xm.dtb; fi; if test $fdtfile = undefined; then echo WARNING: Could not determine device tree to use; fi; 
importbootenv=echo Importing environment from mmc ...; env import -t $loadaddr $filesize
loadaddr=0x80200000
loadbootenv=fatload mmc ${mmcdev} ${loadaddr} ${bootenv}
loadfdt=load mmc ${bootpart} ${fdtaddr} ${bootdir}/${fdtfile}
loadimage=load mmc ${bootpart} ${loadaddr} ${bootdir}/${bootfile}
loadramdisk=load mmc ${bootpart} ${rdaddr} ${bootdir}/${ramdisk}
mmcargs=setenv bootargs console=${console} ${optargs} mpurate=${mpurate} buddy=${buddy} camera=${camera} vram=${vram} omapfb.mode=dvi:${dvimode} omapdss.def_disp=${defaultdisplay} root=${mmcroot} rootfstype=${mmcrootfstype}
mmcboot=echo Booting from mmc ...; run mmcargs; bootm ${loadaddr}
mmcbootz=echo Booting with DT from mmc${mmcdev} ...; run mmcargs; bootz ${loadaddr} - ${fdtaddr}
mmcdev=0
mmcroot=/dev/mmcblk0p2 rw
mmcrootfstype=ext3 rootwait
mpurate=auto
nandargs=setenv bootargs console=${console} ${optargs} mpurate=${mpurate} buddy=${buddy} camera=${camera} vram=${vram} omapfb.mode=dvi:${dvimode} omapdss.def_disp=${defaultdisplay} root=${nandroot} rootfstype=${nandrootfstype}
nandboot=echo Booting from nand ...; run nandargs; nand read ${loadaddr} 280000 400000; bootm ${loadaddr}
nandroot=ubi0:rootfs ubi.mtd=4
nandrootfstype=ubifs
ramargs=setenv bootargs console=${console} ${optargs} mpurate=${mpurate} buddy=${buddy} vram=${vram} omapfb.mode=dvi:${dvimode} omapdss.def_disp=${defaultdisplay} root=${ramroot} rootfstype=${ramrootfstype}
ramboot=echo Booting from ramdisk ...; run ramargs; bootm ${loadaddr}
ramdisk=ramdisk.gz
ramroot=/dev/ram0 rw ramdisk_size=65536 initrd=0x81000000,64M
ramrootfstype=ext2
rdaddr=0x81000000
serverip=128.247.105.47
soc=omap3
stderr=serial
stdin=serial
stdout=serial
usbtty=cdc_acm
userbutton=if gpio input 173; then run userbutton_xm; else run userbutton_nonxm; fi;
userbutton_nonxm=gpio input 7;
userbutton_xm=gpio input 4;
vendor=ti
ver=U-Boot 2014.04-00071-g8543283 (Apr 22 2014 - 15:49:50)
vram=12M

Environment size: 2895/131068 bytes
U-Boot# 
- 05:59:22 [INFO] Host: setenv bootargs ''${bootargs}' ip=dhcp '
- 05:59:23 [INFO] Target: 
setenv bootargs ''${bootargs}' ip=dhcp '
U-Boot# 
- 05:59:23 [INFO] Host: setenv ipaddr dhcp
- 05:59:23 [INFO] Target: 
setenv ipaddr dhcp
U-Boot# 
- 05:59:23 [INFO] Host: dhcp
- 05:59:24 [INFO] Target: 
dhcp
ERROR: Need valid 'usbnet_devaddr' to be set
at drivers/usb/gadget/ether.c:2362/usb_eth_init()
U-Boot# 
- 05:59:25 [INFO] Disconnected serial from beagleboard-vanilla
- 06:07:06 [INFO] Connected to beagleboard-vanilla via serial 
- 06:07:07 [INFO] Disconnected serial from beagleboard-vanilla
- 06:07:19 [INFO] Connected to beagleboard-vanilla via serial 
- 06:07:19 [INFO] Host: printenv
- 06:07:19 [INFO] Target: 
## Total Size      = 0x0000ee33 = 60979 Bytes
U-Boot# printenv
arch=arm
autoload=no
baudrate=115200
beaglerev=Cx
board=beagle
board_name=beagle
bootargs=console=ttyO2,115200n8  earlyprintk rootwait  ip=dhcp 
bootcmd=
bootdelay=1
bootdir=/boot
bootenv=uEnv.txt
bootfile=uImage
bootm_size=0x08000000
bootpart=0:2
buddy=none
camera=none
console=ttyO2,115200n8
cpu=armv7
defaultdisplay=dvi
dieid#=0a8600030000000004013f780600a00e
dvimode=640x480MR-16@60
ethact=usb_ether
fdtaddr=0x80f80000
filesize=ee33
findfdt=if test $beaglerev = AxBx; then setenv fdtfile omap3-beagle.dtb; fi; if test $beaglerev = Cx; then setenv fdtfile omap3-beagle.dtb; fi; if test $beaglerev = C4; then setenv fdtfile omap3-beagle.dtb; fi; if test $beaglerev = xMAB; then setenv fdtfile omap3-beagle-xm.dtb; fi; if test $beaglerev = xMC; then setenv fdtfile omap3-beagle-xm.dtb; fi; if test $fdtfile = undefined; then echo WARNING: Could not determine device tree to use; fi; 
importbootenv=echo Importing environment from mmc ...; env import -t $loadaddr $filesize
ipaddr=dhcp
loadaddr=0x80200000
loadbootenv=fatload mmc ${mmcdev} ${loadaddr} ${bootenv}
loadfdt=load mmc ${bootpart} ${fdtaddr} ${bootdir}/${fdtfile}
loadimage=load mmc ${bootpart} ${loadaddr} ${bootdir}/${bootfile}
loadramdisk=load mmc ${bootpart} ${rdaddr} ${bootdir}/${ramdisk}
mmcargs=setenv bootargs console=${console} ${optargs} mpurate=${mpurate} buddy=${buddy} camera=${camera} vram=${vram} omapfb.mode=dvi:${dvimode} omapdss.def_disp=${defaultdisplay} root=${mmcroot} rootfstype=${mmcrootfstype}
mmcboot=echo Booting from mmc ...; run mmcargs; bootm ${loadaddr}
mmcbootz=echo Booting with DT from mmc${mmcdev} ...; run mmcargs; bootz ${loadaddr} - ${fdtaddr}
mmcdev=0
mmcroot=/dev/mmcblk0p2 rw
mmcrootfstype=ext3 rootwait
mpurate=auto
nandargs=setenv bootargs console=${console} ${optargs} mpurate=${mpurate} buddy=${buddy} camera=${camera} vram=${vram} omapfb.mode=dvi:${dvimode} omapdss.def_disp=${defaultdisplay} root=${nandroot} rootfstype=${nandrootfstype}
nandboot=echo Booting from nand ...; run nandargs; nand read ${loadaddr} 280000 400000; bootm ${loadaddr}
nandroot=ubi0:rootfs ubi.mtd=4
nandrootfstype=ubifs
ramargs=setenv bootargs console=${console} ${optargs} mpurate=${mpurate} buddy=${buddy} vram=${vram} omapfb.mode=dvi:${dvimode} omapdss.def_disp=${defaultdisplay} root=${ramroot} rootfstype=${ramrootfstype}
ramboot=echo Booting from ramdisk ...; run ramargs; bootm ${loadaddr}
ramdisk=ramdisk.gz
ramroot=/dev/ram0 rw ramdisk_size=65536 initrd=0x81000000,64M
ramrootfstype=ext2
rdaddr=0x81000000
serverip=128.247.105.47
soc=omap3
stderr=serial
stdin=serial
stdout=serial
usbtty=cdc_acm
userbutton=if gpio input 173; then run userbutton_xm; else run userbutton_nonxm; fi;
userbutton_nonxm=gpio input 7;
userbutton_xm=gpio input 4;
vendor=ti
ver=U-Boot 2014.04-00071-g8543283 (Apr 22 2014 - 15:49:50)
vram=12M

Environment size: 2934/131068 bytes
U-Boot# 
- 06:07:19 [INFO] Host: setenv bootargs ''${bootargs}' root=/dev/mmcblk0p2 rw rootfstype=ext3 rootwait '
- 06:07:20 [INFO] Target: 
setenv bootargs ''${bootargs}' root=/dev/mmcblk0p2 rw rootfstype=ext3 rootwait '
U-Boot# 
- 06:07:20 [INFO] Host: printenv
- 06:07:20 [INFO] Target: 
printenv
arch=arm
autoload=no
baudrate=115200
beaglerev=Cx
board=beagle
board_name=beagle
bootargs=console=ttyO2,115200n8  earlyprintk rootwait  ip=dhcp  root=/dev/mmcblk0p2 rw rootfstype=ext3 rootwait 
bootcmd=
bootdelay=1
bootdir=/boot
bootenv=uEnv.txt
bootfile=uImage
bootm_size=0x08000000
bootpart=0:2
buddy=none
camera=none
console=ttyO2,115200n8
cpu=armv7
defaultdisplay=dvi
dieid#=0a8600030000000004013f780600a00e
dvimode=640x480MR-16@60
ethact=usb_ether
fdtaddr=0x80f80000
filesize=ee33
findfdt=if test $beaglerev = AxBx; then setenv fdtfile omap3-beagle.dtb; fi; if test $beaglerev = Cx; then setenv fdtfile omap3-beagle.dtb; fi; if test $beaglerev = C4; then setenv fdtfile omap3-beagle.dtb; fi; if test $beaglerev = xMAB; then setenv fdtfile omap3-beagle-xm.dtb; fi; if test $beaglerev = xMC; then setenv fdtfile omap3-beagle-xm.dtb; fi; if test $fdtfile = undefined; then echo WARNING: Could not determine device tree to use; fi; 
importbootenv=echo Importing environment from mmc ...; env import -t $loadaddr $filesize
ipaddr=dhcp
loadaddr=0x80200000
loadbootenv=fatload mmc ${mmcdev} ${loadaddr} ${bootenv}
loadfdt=load mmc ${bootpart} ${fdtaddr} ${bootdir}/${fdtfile}
loadimage=load mmc ${bootpart} ${loadaddr} ${bootdir}/${bootfile}
loadramdisk=load mmc ${bootpart} ${rdaddr} ${bootdir}/${ramdisk}
mmcargs=setenv bootargs console=${console} ${optargs} mpurate=${mpurate} buddy=${buddy} camera=${camera} vram=${vram} omapfb.mode=dvi:${dvimode} omapdss.def_disp=${defaultdisplay} root=${mmcroot} rootfstype=${mmcrootfstype}
mmcboot=echo Booting from mmc ...; run mmcargs; bootm ${loadaddr}
mmcbootz=echo Booting with DT from mmc${mmcdev} ...; run mmcargs; bootz ${loadaddr} - ${fdtaddr}
mmcdev=0
mmcroot=/dev/mmcblk0p2 rw
mmcrootfstype=ext3 rootwait
mpurate=auto
nandargs=setenv bootargs console=${console} ${optargs} mpurate=${mpurate} buddy=${buddy} camera=${camera} vram=${vram} omapfb.mode=dvi:${dvimode} omapdss.def_disp=${defaultdisplay} root=${nandroot} rootfstype=${nandrootfstype}
nandboot=echo Booting from nand ...; run nandargs; nand read ${loadaddr} 280000 400000; bootm ${loadaddr}
nandroot=ubi0:rootfs ubi.mtd=4
nandrootfstype=ubifs
ramargs=setenv bootargs console=${console} ${optargs} mpurate=${mpurate} buddy=${buddy} vram=${vram} omapfb.mode=dvi:${dvimode} omapdss.def_disp=${defaultdisplay} root=${ramroot} rootfstype=${ramrootfstype}
ramboot=echo Booting from ramdisk ...; run ramargs; bootm ${loadaddr}
ramdisk=ramdisk.gz
ramroot=/dev/ram0 rw ramdisk_size=65536 initrd=0x81000000,64M
ramrootfstype=ext2
rdaddr=0x81000000
serverip=128.247.105.47
soc=omap3
stderr=serial
stdin=serial
stdout=serial
usbtty=cdc_acm
userbutton=if gpio input 173; then run userbutton_xm; else run userbutton_nonxm; fi;
userbutton_nonxm=gpio input 7;
userbutton_xm=gpio input 4;
vendor=ti
ver=U-Boot 2014.04-00071-g8543283 (Apr 22 2014 - 15:49:50)
vram=12M

Environment size: 2983/131068 bytes
U-Boot# 
- 06:07:20 [INFO] Host: setenv bootcmd ''${bootcmd}' if iminfo ${loadaddr}; then bootm ${loadaddr} - ${fdtaddr}; else bootz ${loadaddr} - ${fdtaddr}; bootm ${loadaddr} - ${fdtaddr}; fi'
- 06:07:21 [INFO] Target: 
setenv bootcmd ''${bootcmd}' if iminfo ${loadaddr}; then bootm ${loadaddr} - ${fdtaddr}; else bootz ${loadaddr} - ${fdtaddr}; bootm ${loadaddr} - ${fdtaddr}; fi'
U-Boot# 
- 06:07:21 [INFO] Host: bdinfo
- 06:07:22 [INFO] Target: 
bdinfo
arch_number = 0x0000060A
boot_params = 0x80000100
DRAM bank   = 0x00000000
-> start    = 0x80000000
-> size     = 0x08000000
DRAM bank   = 0x00000001
-> start    = 0x88000000
-> size     = 0x08000000
eth0name    = usb_ether
ethaddr     = (not set)
current eth = usb_ether
ip_addr     = dhcp
baudrate    = 115200 bps
TLB addr    = 0x8FFF0000
relocaddr   = 0x8FF51000
reloc off   = 0x0FE51000
irq_sp      = 0x8FE30ED0
sp start    = 0x8FE30EC0
U-Boot# 
- 06:07:22 [INFO] Host: boot
- 06:08:04 [INFO] Target: 
boot

## Checking Image at 80200000 ...
Unknown image format!
Kernel image @ 0x80200000 [ 0x000000 - 0x494430 ]
## Flattened Device Tree blob at 80f80000
   Booting using the fdt blob at 0x80f80000
   Loading Device Tree to 87fee000, end 87fffe32 ... OK

Starting kernel ...

[    0.000000] Booting Linux on physical CPU 0x0
[    0.000000] Linux version 3.15.0-rc7-next-20140530-00002-gcb6bd38 (nmenon@kahuna) (gcc version 4.6.3 (Ubuntu/Linaro 4.6.3-1ubuntu5) ) #1 SMP Fri May 30 05:55:59 CDT 2014
[    0.000000] CPU: ARMv7 Processor [411fc083] revision 3 (ARMv7), cr=10c5387d
[    0.000000] CPU: PIPT / VIPT nonaliasing data cache, VIPT nonaliasing instruction cache
[    0.000000] Machine model: TI OMAP3 BeagleBoard
[    0.000000] cma: CMA: reserved 64 MiB at 8b800000
[    0.000000] Memory policy: Data cache writeback
[    0.000000] CPU: All CPU(s) started in SVC mode.
[    0.000000] OMAP3430/3530 ES3.0 (l2cache iva sgx neon isp )
[    0.000000] PERCPU: Embedded 8 pages/cpu @cfc9a000 s8256 r8192 d16320 u32768
[    0.000000] Built 1 zonelists in Zone order, mobility grouping on.  Total pages: 64768
[    0.000000] Kernel command line: console=ttyO2,115200n8  earlyprintk rootwait  ip=dhcp  root=/dev/mmcblk0p2 rw rootfstype=ext3 rootwait 
[    0.000000] PID hash table entries: 1024 (order: 0, 4096 bytes)
[    0.000000] Dentry cache hash table entries: 32768 (order: 5, 131072 bytes)
[    0.000000] Inode-cache hash table entries: 16384 (order: 4, 65536 bytes)
[    0.000000] Memory: 182412K/261120K available (6263K kernel code, 823K rwdata, 2480K rodata, 564K init, 301K bss, 78708K reserved, 0K highmem)
[    0.000000] Virtual kernel memory layout:
[    0.000000]     vector  : 0xffff0000 - 0xffff1000   (   4 kB)
[    0.000000]     fixmap  : 0xffc00000 - 0xffe00000   (2048 kB)
[    0.000000]     vmalloc : 0xd0800000 - 0xff000000   ( 744 MB)
[    0.000000]     lowmem  : 0xc0000000 - 0xd0000000   ( 256 MB)
[    0.000000]     pkmap   : 0xbfe00000 - 0xc0000000   (   2 MB)
[    0.000000]     modules : 0xbf000000 - 0xbfe00000   (  14 MB)
[    0.000000]       .text : 0xc0208000 - 0xc0a9222c   (8745 kB)
[    0.000000]       .init : 0xc0a93000 - 0xc0b20040   ( 565 kB)
[    0.000000]       .data : 0xc0b22000 - 0xc0befd80   ( 824 kB)
[    0.000000]        .bss : 0xc0befd88 - 0xc0c3b398   ( 302 kB)
[    0.000000] SLUB: HWalign=64, Order=0-3, MinObjects=0, CPUs=1, Nodes=1
[    0.000000] Hierarchical RCU implementation.
[    0.000000] 	RCU restricting CPUs from NR_CPUS=4 to nr_cpu_ids=1.
[    0.000000] RCU: Adjusting geometry for rcu_fanout_leaf=16, nr_cpu_ids=1
[    0.000000] NR_IRQS:16 nr_irqs:16 16
[    0.000000] IRQ: Found an INTC at 0xfa200000 (revision 4.0) with 96 interrupts
[    0.000000] Total of 96 interrupts on 1 active controller
[    0.000000] Clocking rate (Crystal/Core/MPU): 26.0/332/600 MHz
[    0.000000] OMAP clockevent source: timer12 at 32768 Hz
[    0.000030] sched_clock: 32 bits at 32kHz, resolution 30517ns, wraps every 65536000000000ns
[    0.000061] OMAP clocksource: 32k_counter at 32768 Hz
[    0.000305] Console: colour dummy device 80x30
[    0.000335] Calibrating delay loop... 489.06 BogoMIPS (lpj=2445312)
[    0.088439] pid_max: default: 32768 minimum: 301
[    0.088653] Mount-cache hash table entries: 1024 (order: 0, 4096 bytes)
[    0.088684] Mountpoint-cache hash table entries: 1024 (order: 0, 4096 bytes)
[    0.089599] CPU: Testing write buffer coherency: ok
[    0.090026] CPU0: thread -1, cpu 0, socket -1, mpidr 0
[    0.090179] Setting up static identity map for 0x807eb420 - 0x807eb4b8
[    0.094696] Brought up 1 CPUs
[    0.094726] SMP: Total of 1 processors activated.
[    0.094757] CPU: All CPU(s) started in SVC mode.
[    0.095611] devtmpfs: initialized
[    0.101135] VFP support v0.3: implementor 41 architecture 3 part 30 variant c rev 1
[    0.123199] omap_hwmod: mcbsp2_sidetone using broken dt data from mcbsp
[    0.123809] omap_hwmod: mcbsp3_sidetone using broken dt data from mcbsp
[    0.154998] omap_hwmod: mcbsp2: cannot be enabled for reset (3)
[    0.191101] pinctrl core: initialized pinctrl subsystem
[    0.191955] regulator-dummy: no parameters
[    0.233428] NET: Registered protocol family 16
[    0.233886] DMA: failed to allocate 256 KiB pool for atomic coherent allocation
[    0.237945] cpuidle: using governor ladder
[    0.237976] cpuidle: using governor menu
[    0.244720] Reprogramming SDRC clock to 332000000 Hz
[    0.250671] omap_gpio 48310000.gpio: could not find pctldev for node /ocp/pinmux@48002a00/pinmux_gpio1_pins, deferring probe
[    0.250732] platform 48310000.gpio: Driver omap_gpio requests probe deferral
[    0.251892] OMAP GPIO hardware version 2.5
[    0.263397] platform 49022000.mcbsp: alias fck already exists
[    0.270751] omap-gpmc 6e000000.gpmc: GPMC revision 5.0
[    0.276763] No ATAGs?
[    0.276794] hw-breakpoint: debug architecture 0x4 unsupported.
[    0.278839] OMAP DMA hardware revision 4.0
[    0.282257] Serial: AMBA PL011 UART driver
[    0.306579] edma-dma-engine edma-dma-engine.0: Can't allocate PaRAM dummy slot
[    0.306640] edma-dma-engine: probe of edma-dma-engine.0 failed with error -5
[    0.330108] omap-dma-engine 48056000.dma-controller: OMAP DMA engine driver
[    0.331024] platform hsusb2_power_reg: Driver reg-fixed-voltage requests probe deferral
[    0.335083] vgaarb: loaded
[    0.336212] SCSI subsystem initialized
[    0.337280] usbcore: registered new interface driver usbfs
[    0.337402] usbcore: registered new interface driver hub
[    0.337707] usbcore: registered new device driver usb
[    0.338439] platform hsusb2_phy: Driver usb_phy_generic requests probe deferral
[    0.340972] omap_i2c 48070000.i2c: bus 0 rev3.3 at 2600 kHz
[    0.341735] omap_i2c 48072000.i2c: bus 1 rev3.3 at 100 kHz
[    0.342437] omap_i2c 48060000.i2c: bus 2 rev3.3 at 100 kHz
[    0.343139] Linux video capture interface: v2.00
[    0.343231] pps_core: LinuxPPS API ver. 1 registered
[    0.343261] pps_core: Software ver. 5.3.6 - Copyright 2005-2007 Rodolfo Giometti <giometti@linux.it>
[    0.343322] PTP clock support registered
[    0.343475] EDAC MC: Ver: 3.0.0
[    0.345123] Advanced Linux Sound Architecture Driver Initialized.
[    0.347320] Switched to clocksource 32k_counter
[    0.367858] NET: Registered protocol family 2
[    0.368652] TCP established hash table entries: 2048 (order: 1, 8192 bytes)
[    0.368713] TCP bind hash table entries: 2048 (order: 2, 16384 bytes)
[    0.368774] TCP: Hash tables configured (established 2048 bind 2048)
[    0.368896] TCP: reno registered
[    0.368927] UDP hash table entries: 256 (order: 1, 8192 bytes)
[    0.368957] UDP-Lite hash table entries: 256 (order: 1, 8192 bytes)
[    0.369232] NET: Registered protocol family 1
[    0.369781] RPC: Registered named UNIX socket transport module.
[    0.369781] RPC: Registered udp transport module.
[    0.369812] RPC: Registered tcp transport module.
[    0.369812] RPC: Registered tcp NFSv4.1 backchannel transport module.
[    0.372772] hw perfevents: enabled with ARMv7 Cortex-A8 PMU driver, 5 counters available
[    0.376983] futex hash table entries: 256 (order: 2, 16384 bytes)
[    0.400390] squashfs: version 4.0 (2009/01/31) Phillip Lougher
[    0.401977] NFS: Registering the id_resolver key type
[    0.402069] Key type id_resolver registered
[    0.402069] Key type id_legacy registered
[    0.402191] msgmni has been set to 484
[    0.403381] Block layer SCSI generic (bsg) driver version 0.4 loaded (major 249)
[    0.403411] io scheduler noop registered
[    0.403442] io scheduler deadline registered
[    0.403839] io scheduler cfq registered (default)
[    0.407501] pinctrl-single 48002030.pinmux: 284 pins at pa fa002030 size 568
[    0.407928] pinctrl-single 48002a00.pinmux: 46 pins at pa fa002a00 size 92
[    0.408599] pinctrl-single 480025d8.pinmux: 18 pins at pa fa0025d8 size 36
[    0.534729] Serial: 8250/16550 driver, 4 ports, IRQ sharing disabled
[    0.538055] Serial: IMX driver
[    0.538787] msm_serial: driver initialized
[    0.539764] omap_uart 4806a000.serial: no wakeirq for uart0
[    0.540008] 4806a000.serial: ttyO0 at MMIO 0x4806a000 (irq = 88, base_baud = 3000000) is a OMAP UART0
[    0.540832] omap_uart 4806c000.serial: no wakeirq for uart0
[    0.541015] 4806c000.serial: ttyO1 at MMIO 0x4806c000 (irq = 89, base_baud = 3000000) is a OMAP UART1
[    0.541809] omap_uart 49020000.serial: no wakeirq for uart0
[    0.541992] 49020000.serial: ttyO2 at MMIO 0x49020000 (irq = 90, base_baud = 3000000) is a OMAP UART2
[    1.306488] console [ttyO2] enabled
[    1.311004] STMicroelectronics ASC driver initialized
[    1.318023] serial: Freescale lpuart driver
[    1.322784] [drm] Initialized drm 1.1.0 20060810
[    1.338073] loop: module loaded
[    2.337463] omap_i2c 48072000.i2c: controller timed out
[    2.364410] twl 0-0048: PIH (irq 23) chaining IRQs 306..314
[    2.370483] twl 0-0048: power (irq 311) chaining IRQs 314..321
[    2.381317] VAUX1: at 3000 mV 
[    2.386840] vdd_ehci: 1800 mV 
[    2.391510] VAUX3: at 2800 mV 
[    2.396087] VAUX4: at 2800 mV 
[    2.400756] VDD1: 600 <--> 1450 mV at 1200 mV 
[    2.406921] VDAC: 1800 mV 
[    2.412811] VIO: at 1800 mV 
[    2.417755] VINTANA1: 1500 mV 
[    2.422790] VINTANA2: at 2750 mV 
[    2.428161] VINTDIG: 1500 mV 
[    2.432525] VMMC1: 1850 <--> 3150 mV at 3150 mV 
[    2.438781] VMMC2: 1850 <--> 3150 mV at 2600 mV 
[    2.444854] VUSB1V5: 1500 mV 
[    2.449005] VUSB1V8: 1800 mV 
[    2.453124] VUSB3V1: 3100 mV 
[    2.458129] VPLL1: at 1800 mV 
[    2.463500] VPLL2: 1800 mV 
[    2.467895] VSIM: 1800 <--> 3000 mV at 1800 mV 
[    2.473815] twl4030_gpio twl4030-gpio: gpio (irq 306) chaining IRQs 322..339
[    2.495513] CAN device driver interface
[    2.504150] pegasus: v0.9.3 (2013/04/25), Pegasus/Pegasus II USB Ethernet driver
[    2.512115] usbcore: registered new interface driver pegasus
[    2.518218] usbcore: registered new interface driver asix
[    2.523986] usbcore: registered new interface driver ax88179_178a
[    2.530517] usbcore: registered new interface driver cdc_ether
[    2.536773] usbcore: registered new interface driver smsc75xx
[    2.542968] usbcore: registered new interface driver smsc95xx
[    2.549133] usbcore: registered new interface driver net1080
[    2.555175] usbcore: registered new interface driver cdc_subset
[    2.561523] usbcore: registered new interface driver zaurus
[    2.567596] usbcore: registered new interface driver cdc_ncm
[    2.573577] ehci_hcd: USB 2.0 'Enhanced' Host Controller (EHCI) Driver
[    2.580474] ehci-pci: EHCI PCI platform driver
[    2.585235] ehci-platform: EHCI generic platform driver
[    2.591186] ehci-omap: OMAP-EHCI Host Controller driver
[    2.597198] ehci-omap 48064800.ehci: Can't get PHY device for port 1: -517
[    2.604522] platform 48064800.ehci: Driver ehci-omap requests probe deferral
[    2.612091] ehci-orion: EHCI orion driver
[    2.616668] SPEAr-ehci: EHCI SPEAr driver
[    2.621215] tegra-ehci: Tegra EHCI driver
[    2.625762] ohci_hcd: USB 1.1 'Open' Host Controller (OHCI) Driver
[    2.632354] ohci-pci: OHCI PCI platform driver
[    2.637145] ohci-platform: OHCI generic platform driver
[    2.642974] ohci-omap3: OHCI OMAP3 driver
[    2.647674] ohci-omap3 48064400.ohci: OHCI Host Controller
[    2.653503] ohci-omap3 48064400.ohci: new USB bus registered, assigned bus number 1
[    2.661590] ------------[ cut here ]------------
[    2.666473] WARNING: CPU: 0 PID: 1 at arch/arm/mm/dma-mapping.c:523 __dma_alloc+0x254/0x298()
[    2.675415] coherent pool not initialised!
[    2.679748] Modules linked in:
[    2.682952] CPU: 0 PID: 1 Comm: swapper/0 Not tainted 3.15.0-rc7-next-20140530-00002-gcb6bd38 #1
[    2.692230] [<c021572c>] (unwind_backtrace) from [<c02113b0>] (show_stack+0x10/0x14)
[    2.700408] [<c02113b0>] (show_stack) from [<c07e6720>] (dump_stack+0x70/0x8c)
[    2.708038] [<c07e6720>] (dump_stack) from [<c0247bd4>] (warn_slowpath_common+0x64/0x84)
[    2.716552] [<c0247bd4>] (warn_slowpath_common) from [<c0247c88>] (warn_slowpath_fmt+0x30/0x40)
[    2.725708] [<c0247c88>] (warn_slowpath_fmt) from [<c021ada8>] (__dma_alloc+0x254/0x298)
[    2.734222] [<c021ada8>] (__dma_alloc) from [<c021af14>] (arm_dma_alloc+0x84/0x9c)
[    2.742218] [<c021af14>] (arm_dma_alloc) from [<c0608910>] (ohci_init+0x128/0x288)
[    2.750183] [<c0608910>] (ohci_init) from [<c05e9058>] (usb_add_hcd+0x240/0x748)
[    2.757965] [<c05e9058>] (usb_add_hcd) from [<c060aaa4>] (ohci_hcd_omap3_probe+0x14c/0x21c)
[    2.766754] [<c060aaa4>] (ohci_hcd_omap3_probe) from [<c051df50>] (platform_drv_probe+0x18/0x48)
[    2.776000] [<c051df50>] (platform_drv_probe) from [<c051c6dc>] (driver_probe_device+0x114/0x234)
[    2.785339] [<c051c6dc>] (driver_probe_device) from [<c051c888>] (__driver_attach+0x8c/0x90)
[    2.794250] [<c051c888>] (__driver_attach) from [<c051b098>] (bus_for_each_dev+0x54/0x88)
[    2.802856] [<c051b098>] (bus_for_each_dev) from [<c051bee4>] (bus_add_driver+0xd8/0x1cc)
[    2.811462] [<c051bee4>] (bus_add_driver) from [<c051cec4>] (driver_register+0x78/0xf4)
[    2.819885] [<c051cec4>] (driver_register) from [<c0208c44>] (do_one_initcall+0x80/0x1c4)
[    2.828491] [<c0208c44>] (do_one_initcall) from [<c0a93c88>] (kernel_init_freeable+0x100/0x1cc)
[    2.837646] [<c0a93c88>] (kernel_init_freeable) from [<c07e1f30>] (kernel_init+0x8/0xe4)
[    2.846160] [<c07e1f30>] (kernel_init) from [<c020e6f8>] (ret_from_fork+0x14/0x3c)
[    2.854156] ---[ end trace 7ee686cf26083b16 ]---
[    2.859008] ohci-omap3 48064400.ohci: can't setup: -12
[    2.864410] ohci-omap3 48064400.ohci: USB bus 1 deregistered
[    2.870452] ohci-omap3: probe of 48064400.ohci failed with error -12
[    2.877258] SPEAr-ohci: OHCI SPEAr driver
[    2.883331] usbcore: registered new interface driver usb-storage
[    2.893707] mousedev: PS/2 mouse device common for all mice
[    2.904479] twl_rtc 48070000.i2c:twl@48:rtc: Power up reset detected.
[    2.911468] twl_rtc 48070000.i2c:twl@48:rtc: Enabling TWL-RTC
[    2.920684] twl_rtc 48070000.i2c:twl@48:rtc: rtc core: registered 48070000.i2c:twl@48 as rtc0
[    2.931457] i2c /dev entries driver
[    2.938262] usbcore: registered new interface driver uvcvideo
[    2.944305] USB Video Class driver (1.1.1)
[    2.948699] gspca_main: v2.14.0 registered
[    3.947601] omap_i2c 48072000.i2c: controller timed out
[    4.967468] omap_i2c 48072000.i2c: controller timed out
[    5.987396] omap_i2c 48072000.i2c: controller timed out
[    6.987518] omap_i2c 48072000.i2c: controller timed out
[    8.007415] omap_i2c 48072000.i2c: controller timed out
[    9.027465] omap_i2c 48072000.i2c: controller timed out
[   10.047424] omap_i2c 48072000.i2c: controller timed out
[   11.047424] omap_i2c 48072000.i2c: controller timed out
[   12.067535] omap_i2c 48072000.i2c: controller timed out
[   13.087402] omap_i2c 48072000.i2c: controller timed out
[   14.087402] omap_i2c 48072000.i2c: controller timed out
[   15.107543] omap_i2c 48072000.i2c: controller timed out
[   16.127441] omap_i2c 48072000.i2c: controller timed out
[   17.147552] omap_i2c 48072000.i2c: controller timed out
[   17.173553] sdhci: Secure Digital Host Controller Interface driver
[   17.180084] sdhci: Copyright(c) Pierre Ossman
[   17.189544] omap_hsmmc 4809c000.mmc: pins are not configured from the driver
[   17.238647] sdhci-pltfm: SDHCI platform and OF driver helper
[   17.246978] usbcore: registered new interface driver usbhid
[   17.252899] usbhid: USB HID core driver
[   17.265960] TCP: cubic registered
[   17.269592] NET: Registered protocol family 17
[   17.274291] can: controller area network core (rev 20120528 abi 9)
[   17.280975] NET: Registered protocol family 29
[   17.285644] can: raw protocol (rev 20120528)
[   17.290161] can: broadcast manager protocol (rev 20120528 t)
[   17.296142] can: netlink gateway (rev 20130117) max_hops=1
[   17.302764] Key type dns_resolver registered
[   17.307678] omap2_set_init_voltage: unable to find boot up OPP for vdd_mpu_iva
[   17.315277] omap2_set_init_voltage: unable to set vdd_mpu_iva
[   17.321350] omap2_set_init_voltage: unable to find boot up OPP for vdd_core
[   17.328674] omap2_set_init_voltage: unable to set vdd_core
[   17.335266] PM: no software I/O chain control; some wakeups may be lost
[   17.343292] ThumbEE CPU extension supported.
[   17.347900] Registering SWP/SWPB emulation handler
[   17.354339] VUSB3V1: disabling
[   17.360565] VUSB1V8: disabling
[   17.364166] VUSB1V5: disabling
[   17.368072] VDAC: disabling
[   17.371643] VAUX3: disabling
[   17.380523] hsusb2_vbus: 3300 mV 
[   17.477691] ehci-omap 48064800.ehci: EHCI Host Controller
[   17.483459] ehci-omap 48064800.ehci: new USB bus registered, assigned bus number 1
[   17.491607] ehci-omap 48064800.ehci: can't setup: -12
[   17.496948] ehci-omap 48064800.ehci: USB bus 1 deregistered
[   17.502868] ehci-omap 48064800.ehci: failed to add hcd with err -12
[   17.509704] ehci-omap: probe of 48064800.ehci failed with error -12
[   17.518524] input: gpio_keys as /devices/gpio_keys/input/input0
[   17.526245] twl_rtc 48070000.i2c:twl@48:rtc: setting system clock to 2000-01-01 00:00:14 UTC (946684814)
[   17.736175] mmc0: host does not support reading read-only switch. assuming write-enable.
[   17.746917] mmc0: new high speed SDHC card at address b368
[   17.753540] mmcblk0: mmc0:b368 SMI   3.72 GiB 
[   17.759979]  mmcblk0: p1 p2
[   29.667999] ALSA device list:
[   29.671142]   No soundcards found.
[   29.677490] EXT4-fs (mmcblk0p2): mounting ext3 file system using the ext4 subsystem
[   29.705505] EXT4-fs (mmcblk0p2): mounted filesystem with ordered data mode. Opts: (null)
[   29.714111] VFS: Mounted root (ext3 filesystem) on device 179:2.
[   29.731048] devtmpfs: mounted
[   29.735565] Freeing unused kernel memory: 564K (c0a93000 - c0b20000)

INIT: version 2.88 booting

Error opening /dev/fb0: No such file or directory
/etc/init.d/rc: line 45:    60 Illegal instruction     ( trap - INT QUIT TSTP; scriptname=$1; shift; . $scriptname )
Starting udev
[   30.610534] udevd[83]: starting version 182
udevd[94]: '/etc/udev/scripts/mount.sh' [311] terminated by signal 4 (Illegal instruction)


udevd[83]: worker [86] terminated by signal 11 (Segmentation fault)


udevd[83]: worker [86] failed while handling '/devices/virtual/tty/ptyr5'


[   35.357696] FAT-fs (mmcblk0p1): codepage cp437 not found
[   35.455444] FAT-fs (mmcblk0p1): codepage cp437 not found
[   36.219146] random: nonblocking pool is initialized
[   36.252746] FAT-fs (mmcblk0p1): codepage cp437 not found
[   36.296203] FAT-fs (mmcblk0p1): codepage cp437 not found
ERROR: could not open directory /lib/modules/3.15.0-rc7-next-20140530-00002-gcb6bd38: No such file or directory
WARNING: -e needs -E or -F
ERROR: could not open directory /lib/modules/3.15.0-rc7-next-20140530-00002-gcb6bd38: No such file or directory
FATAL: could not search modules: No such file or directory
Starting Bootlog daemon: bootlogd.

[   36.577667] EXT4-fs (mmcblk0p2): re-mounted. Opts: data=ordered
ALSA: Restoring mixer settings...

/usr/sbin/alsactl: load_state:1696: No soundcards found...

Configuring network interfaces... ifconfig: SIOCGIFFLAGS: No such device

done.

Fri Apr 18 07:31:00 UTC 2014


INIT: Entering runlevel: 3


/dev/ttyO2 linked to /dev/tty-bd - using as console

Starting system message bus: dbus.

Starting Dropbear SSH server: dropbear.

Starting telnet daemon.

Starting syslogd/klogd: done

Starting thttpd.

Starting Lighttpd Web Server: lighttpd.

2014-04-18 07:31:01: (log.c.166) server started 

***************************************************************

***************************************************************

NOTICE: This file system contains the followin GPLv3 packages:

	binutils-symlinks

	binutils

	gdbserver

	parted



If you do not wish to distribute GPLv3 components please remove

the above packages prior to distribution.  This can be done using

the opkg remove command.  i.e.:

    opkg remove <package>

Where <package> is the name printed in the list above



NOTE: If the package is a dependency of another package you

      will be notified of the dependent packages.  You should

      use the --force-removal-of-dependent-packages option to

      also remove the dependent packages as well

***************************************************************

***************************************************************

Stopping Bootlog daemon: bootlogd.

 _____                    _____           _         _   
|  _  |___ ___ ___ ___   |  _  |___ ___  |_|___ ___| |_ 
|     |  _| .'| . | . |  |   __|  _| . | | | -_|  _|  _|
|__|__|_| |__,|_  |___|  |__|  |_| |___|_| |___|___|_|  
              |___|                    |___|            

Arago Project http://arago-project.org GenericOMAP3-GP(FlattenedDeviceTree) tty-bd

Arago 2013.12 GenericOMAP3-GP(FlattenedDeviceTree) tty-bd

GenericOMAP3-GP(FlattenedDeviceTree) login: 
- 06:08:04 [INFO] Host: root
- 06:08:05 [INFO] Target: 
root
root@GenericOMAP3-GP(FlattenedDeviceTree):~# 
- 06:08:05 [INFO] Host: uname -a
- 06:08:05 [INFO] Target: 
uname -a
Linux GenericOMAP3-GP(FlattenedDeviceTree) 3.15.0-rc7-next-20140530-00002-gcb6bd38 #1 SMP Fri May 30 05:55:59 CDT 2014 armv7l GNU/Linux
root@GenericOMAP3-GP(FlattenedDeviceTree):~# 
- 06:08:05 [INFO] Host: cat /proc/cmdline
- 06:08:06 [INFO] Target: 
cat /proc/cmdline
console=ttyO2,115200n8  earlyprintk rootwait  ip=dhcp  root=/dev/mmcblk0p2 rw rootfstype=ext3 rootwait 
root@GenericOMAP3-GP(FlattenedDeviceTree):~# 
- 06:08:06 [INFO] Host: uname -a
- 06:08:06 [INFO] Target: 
uname -a
Linux GenericOMAP3-GP(FlattenedDeviceTree) 3.15.0-rc7-next-20140530-00002-gcb6bd38 #1 SMP Fri May 30 05:55:59 CDT 2014 armv7l GNU/Linux
root@GenericOMAP3-GP(FlattenedDeviceTree):~# 
- 06:08:06 [INFO] Host: cat /proc/mtd
- 06:08:07 [INFO] Target: 
cat /proc/mtd
dev:    size   erasesize  name
root@GenericOMAP3-GP(FlattenedDeviceTree):~# 
- 06:08:12 [INFO] Host: export IPERFHOST=128.247.105.47
- 06:08:13 [INFO] Target: 
export IPERFHOST=128.247.105.47
root@GenericOMAP3-GP(FlattenedDeviceTree):~# 
- 06:08:13 [INFO] Host: export NFS_SERVER=128.247.105.47
- 06:08:13 [INFO] Target: 
export NFS_SERVER=128.247.105.47
root@GenericOMAP3-GP(FlattenedDeviceTree):~# 
- 06:08:13 [INFO] Host: export NFS_ROOT_PATH=/usr/workdir/filesys/linux/bblegacy
- 06:08:14 [INFO] Target: 
export NFS_ROOT_PATH=/usr/workdir/f 
ilesys/linux/bblegacy
root@GenericOMAP3-GP(FlattenedDeviceTree):~# 
- 06:08:14 [INFO] Host: mkdir -p -m 777 /test
- 06:08:15 [INFO] Target: 
mkdir -p -m 777 /test
root@GenericOMAP3-GP(FlattenedDeviceTree):~# 
- 06:08:15 [INFO] Host: cd /test
- 06:08:15 [INFO] Target: 
cd /test
root@GenericOMAP3-GP(FlattenedDeviceTree):/test# 
- 06:08:15 [INFO] Host: cat > test.sh << EOF
- 06:08:16 [INFO] Target: 
cat > test.sh << EOF
> 
- 06:08:16 [INFO] Host: failtest() {

- 06:08:16 [INFO] Target: 
failtest() {
> 
- 06:08:16 [INFO] Host:   echo 1 >&3

- 06:08:17 [INFO] Target: 
  echo 1 >&3
> 
- 06:08:17 [INFO] Host: }

- 06:08:17 [INFO] Target: 
}
> 
- 06:08:18 [INFO] Host: script=anonymous:anonymous@gtautoftp.gt.design.ti.com/anonymous/opentest/target-test-basic.sh_md5_5d260c597a39e144f6dea1bc54ee8584

- 06:08:28 [ERROR] On command: script=anonymous:anonymous@gtautoftp.gt.design.ti.com/anonymous/opentest/target-test-basic.sh_md5_5d260c597a39e144f6dea1bc54ee8584
 waiting for (?-mix:.*) >>> error: execution expired
- 06:08:28 [INFO] Target: 
script=anonymous:anonymous@gtautoftp.gt.design.ti.com/anonymous/opentest/targe 
t-test-basic.sh_md5_5d260c597a39e144f6dea1bc54ee8584
> 
- 06:08:28 [INFO] Host: timeout=600

- 06:08:28 [INFO] Target: 
timeout=600
> 
- 06:08:28 [INFO] Host: 

- 06:08:29 [INFO] Target: 

> 
- 06:08:29 [INFO] Host: # Start of user's script logic

- 06:08:29 [INFO] Target: 
# Start of user's script logic
> 
- 06:08:29 [INFO] Host: 

- 06:08:30 [INFO] Target: 

> 
- 06:08:30 [INFO] Host: 

- 06:08:31 [INFO] Target: 

> 
- 06:08:31 [INFO] Host: mount -t proc proc /proc 2>/dev/null;

- 06:08:31 [INFO] Target: 
mount -t proc proc /proc 2>/dev/null;
> 
- 06:08:31 [INFO] Host: 

- 06:08:32 [INFO] Target: 

> 
- 06:08:32 [INFO] Host: mount -t sysfs sys /sys 2>/dev/null;

- 06:08:32 [INFO] Target: 
mount -t sysfs sys /sys 2>/dev/null;
> 
- 06:08:32 [INFO] Host: 

- 06:08:33 [INFO] Target: 

> 
- 06:08:33 [INFO] Host: mount -t debugfs none /sys/kernel/debug 2>/dev/null;

- 06:08:33 [INFO] Target: 
mount -t debugfs none /sys/kernel/debug 2>/dev/null;
> 
- 06:08:33 [INFO] Host: 

- 06:08:34 [INFO] Target: 

> 
- 06:08:34 [INFO] Host: echo 'cpuinfo:';cat /proc/cpuinfo; echo '=======';

- 06:08:35 [INFO] Target: 
echo 'cpuinfo:';cat /proc/cpuinfo; echo '=======';
> 
- 06:08:35 [INFO] Host: 

- 06:08:35 [INFO] Target: 

> 
- 06:08:35 [INFO] Host: echo 'soc info:';head /sys/devices/soc0/* 2>/dev/null; echo '=======';

- 06:08:36 [INFO] Target: 
echo 'soc info:';head /sys/devices/soc0/* 2>/dev/null; echo '=======';
> 
- 06:08:36 [INFO] Host: 

- 06:08:36 [INFO] Target: 

> 
- 06:08:37 [INFO] Host: echo 'interrupts:';cat /proc/interrupts; echo '=======';

- 06:08:37 [INFO] Target: 
echo 'interrupts:';cat /proc/interrupts; echo '=======';
> 
- 06:08:37 [INFO] Host: 

- 06:08:38 [INFO] Target: 

> 
- 06:08:38 [INFO] Host: echo 'Clk_summary:';cat /sys/kernel/debug/clk/clk_summary; echo '=======';

- 06:08:38 [INFO] Target: 
echo 'Clk_summary:';cat /sys/kernel/debug/clk/clk_summary; echo '=======';
> 
- 06:08:38 [INFO] Host: 

- 06:08:39 [INFO] Target: 

> 
- 06:08:39 [INFO] Host: echo 'Orphan Clks:';ls /sys/kernel/debug/clk/orphans/; echo '=======';

- 06:08:40 [INFO] Target: 
echo 'Orphan Clks:';ls /sys/kernel/debug/clk/orphans/; echo '=======';
> 
- 06:08:40 [INFO] Host: 

- 06:08:40 [INFO] Target: 

> 
- 06:08:40 [INFO] Host: echo 'H''ello World' 'B''oard Booted';

- 06:08:41 [INFO] Target: 
echo 'H''ello World' 'B''oard Booted';
> 
- 06:08:41 [INFO] Host: 

- 06:08:41 [INFO] Target: 

> 
- 06:08:41 [INFO] Host: EOF
- 06:08:42 [INFO] Target: 
EOF
root@GenericOMAP3-GP(FlattenedDeviceTree):/test# 
- 06:08:42 [INFO] Host: cd /test
- 06:08:43 [INFO] Target: 
cd /test
root@GenericOMAP3-GP(FlattenedDeviceTree):/test# 
- 06:08:43 [INFO] Host: chmod +x test.sh
- 06:08:43 [INFO] Target: 
chmod +x test.sh
root@GenericOMAP3-GP(FlattenedDeviceTree):/test# 
- 06:08:43 [INFO] Host: ./test.sh 2> stderr.log > stdout.log 3> result.log
- 06:08:44 [INFO] Target: 
./test.sh 2> stderr.log > stdou 
t.log 3> result.log
root@GenericOMAP3-GP(FlattenedDeviceTree):/test# 
- 06:08:44 [INFO] Host: echo $?
- 06:08:44 [INFO] Target: 
echo $?
0
root@GenericOMAP3-GP(FlattenedDeviceTree):/test# 
- 06:08:44 [INFO] Host: cd /test
- 06:08:45 [INFO] Target: 
cd /test
root@GenericOMAP3-GP(FlattenedDeviceTree):/test# 
- 06:08:45 [INFO] Host: cat stdout.log
- 06:08:47 [INFO] Target: 
cat stdout.log
cpuinfo:
processor	: 0
model name	: ARMv7 Processor rev 3 (v7l)
Features	: swp half thumb fastmult vfp edsp thumbee neon vfpv3 tls vfpd32 
CPU implementer	: 0x41
CPU architecture: 7
CPU variant	: 0x1
CPU part	: 0xc08
CPU revision	: 3

Hardware	: Generic OMAP3-GP (Flattened Device Tree)
Revision	: 0000
Serial		: 0000000000000000
=======
soc info:
==> /sys/devices/soc0/family <==
OMAP3

==> /sys/devices/soc0/machine <==
OMAP3430/3530

==> /sys/devices/soc0/power <==

==> /sys/devices/soc0/revision <==
ES3.0

==> /sys/devices/soc0/subsystem <==

==> /sys/devices/soc0/type <==
GP

==> /sys/devices/soc0/uevent <==
=======
interrupts:
           CPU0       
 23:          0      INTC   7  TWL4030-PIH
 25:          0      INTC   9  l3-debug-irq
 26:          0      INTC  10  l3-app-irq
 28:          0      INTC  12  DMA
 29:       2217      INTC  13  omap-dma-engine
 36:          0      INTC  20  gpmc
 72:        458      INTC  56  48070000.i2c
 73:          0      INTC  57  48072000.i2c
 77:         30      INTC  61  48060000.i2c
 90:       3924      INTC  74  OMAP UART2
 99:       4076      INTC  83  mmc0
111:       4693      INTC  95  gp_timer
274:       1188      PRCM  pm_wkup
283:          0      PRCM  pinctrl, pinctrl, pm_io
306:          0   twl4030   0  twl4030_gpio
311:          0   twl4030   5  twl4030_power
317:          0   twl4030  11  rtc0
347:          0      GPIO   7  user
IPI0:          0  CPU wakeup interrupts
IPI1:          0  Timer broadcast interrupts
IPI2:          0  Rescheduling interrupts
IPI3:          0  Function call interrupts
IPI4:          0  Single function call interrupts
IPI5:          0  CPU stop interrupts
IPI6:          0  IRQ work interrupts
IPI7:          0  completion interrupts
Err:          0
=======
Clk_summary:
   clock                         enable_cnt  prepare_cnt        rate   accuracy
--------------------------------------------------------------------------------
 secure_32k_fck                           1            1       32768          0
    wdt1_fck                              0            0       32768          0
    gpt12_fck                             1            1       32768          0
 dummy_ck                                 0            0           0          0
 mcbsp_clks                               0            5           0          0
 sys_altclk                               0            0           0          0
 virt_38_4m_ck                            0            0    38400000          0
 virt_26000000_ck                         1            1    26000000          0
    osc_sys_ck                            1            1    26000000          0
       sys_clkout1                        0            0    26000000          0
       sys_ck                             3           19    13000000          0
          cpefuse_fck                     0            0    13000000          0
          dpll5_ck                        0            1   120000000          0
             dpll5_m2_ck                  0            1   120000000          0
                usbhost_120m_fck           0            0   120000000          0
                usbtll_fck                0            1   120000000          0
                dpll5_m2_d4_ck            0            0    30000000          0
                dpll5_m2_d8_ck            0            0    15000000          0
                dpll5_m2_d16_ck           0            0     7500000          0
                dpll5_m2_d20_ck           0            0     6000000          0
          sys_d2_ck                       0            0     6500000          0
             usim_fck                     0            0     6500000          0
          modem_fck                       0            0    13000000          0
          dpll2_ck                        0            1   360000000          0
             dpll2_m2_ck                  0            1   360000000          0
                iva2_ck                   0            2   360000000          0
          sr2_fck                         0            1    13000000          0
          sr1_fck                         0            1    13000000          0
          traceclk_src_fck                0            0    13000000          0
             traceclk_fck                 0            0    13000000          0
          emu_src_mux_ck                  0            1    13000000          0
             emu_src_ck                   0            1    13000000          0
                atclk_fck                 0            0    13000000          0
                pclkx2_fck                0            0    13000000          0
                pclk_fck                  0            0     6500000          0
          gpt9_fck                        0            1    13000000          0
          gpt8_fck                        0            1    13000000          0
          gpt7_fck                        0            1    13000000          0
          gpt6_fck                        0            1    13000000          0
          gpt5_fck                        0            1    13000000          0
          gpt4_fck                        0            1    13000000          0
          gpt3_fck                        0            1    13000000          0
          gpt2_fck                        0            1    13000000          0
          gpt1_fck                        0            1    13000000          0
          dss2_alwon_fck                  0            2    13000000          0
          dpll1_ck                        0            1   600000000          0
             dpll1_x2_ck                  0            1  1200000000          0
                dpll1_x2m2_ck             0            1  1200000000          0
                   mpu_ck                 0            1  1200000000          0
                      emu_mpu_alwon_ck           0            0  1200000000          0
                      arm_fck             0            1   600000000          0
          dpll3_ck                        1            1   332000000          0
             dpll3_m2_ck                  1            2   332000000          0
                core_ck                   1            1   332000000          0
                   core_d2_ck             0            0   166000000          0
                   core_d6_ck             0            0    55333333          0
                      sgx_fck             0            0    55333333          0
                   core_d4_ck             0            0    83000000          0
                   core_d3_ck             0            0   110666666          0
                   dpll2_fck              0            0   332000000          0
                   l3_ick                 2            3   166000000          0
                      sgx_ick             0            0   166000000          0
                      mad2d_ick           0            0   166000000          0
                      sad2d_ick           0            1   166000000          0
                      security_l3_ick           0            0   166000000          0
                         pka_ick           0            0   166000000          0
                      core_l3_ick           8           10   166000000          0
                         hsotgusb_ick_3430es2           0            1   166000000          0
                         gpmc_fck           2            2   166000000          0
                         sdrc_ick           1            1   166000000          0
                      l4_ick              7            8    83000000          0
                         usbhost_ick           1            1    83000000          0
                         dss_ick_3430es2           4            6    83000000          0
                         sr_l4_ick           2            2    83000000          0
                         ssi_l4_ick           1            1    83000000          0
                            ssi_ick_3430es2           1            1    83000000          0
                         cam_ick           0            1    83000000          0
                         security_l4_ick2           0            0    83000000          0
                            des1_ick           0            0    83000000          0
                            sha11_ick           0            0    83000000          0
                            rng_ick           0            0    83000000          0
                            aes1_ick           0            0    83000000          0
                         per_l4_ick          13           17    83000000          0
                            mcbsp4_ick           2            2    83000000          0
                            mcbsp3_ick           2            2    83000000          0
                            mcbsp2_ick           1            1    83000000          0
                            gpt2_ick           1            1    83000000          0
                            gpt3_ick           1            1    83000000          0
                            gpt4_ick           1            1    83000000          0
                            gpt5_ick           1            1    83000000          0
                            gpt6_ick           1            1    83000000          0
                            gpt7_ick           1            1    83000000          0
                            gpt8_ick           1            1    83000000          0
                            gpt9_ick           1            1    83000000          0
                            uart4_ick           0            0    83000000          0
                            uart3_ick           1            1    83000000          0
                            wdt3_ick           0            0    83000000          0
                            gpio2_ick           0            1    83000000          0
                            gpio3_ick           0            1    83000000          0
                            gpio4_ick           0            1    83000000          0
                            gpio5_ick           1            1    83000000          0
                            gpio6_ick           0            1    83000000          0
                         core_l4_ick          21           23    83000000          0
                            mmchs3_ick           1            1    83000000          0
                            usbtll_ick           1            1    83000000          0
                            mailboxes_ick           0            1    83000000          0
                            mspro_ick           0            0    83000000          0
                            des2_ick           0            0    83000000          0
                            icr_ick           0            0    83000000          0
                            sha12_ick           1            2    83000000          0
                            aes2_ick           1            2    83000000          0
                            omapctrl_ick           1            1    83000000          0
                            mcbsp1_ick           1            1    83000000          0
                            mcbsp5_ick           1            1    83000000          0
                            gpt10_ick           1            1    83000000          0
                            gpt11_ick           1            1    83000000          0
                            uart1_ick           1            1    83000000          0
                            uart2_ick           1            1    83000000          0
                            i2c1_ick           1            1    83000000          0
                            i2c2_ick           1            1    83000000          0
                            i2c3_ick           1            1    83000000          0
                            mcspi1_ick           1            1    83000000          0
                            mcspi2_ick           1            1    83000000          0
                            mcspi3_ick           1            1    83000000          0
                            mcspi4_ick           1            1    83000000          0
                            hdq_ick           0            1    83000000          0
                            mmchs1_ick           1            1    83000000          0
                            mmchs2_ick           1            1    83000000          0
                         rm_ick           0            0    41500000          0
                   dpll1_fck              0            0   166000000          0
                dpll3_m2x2_ck             0            1   664000000          0
                   corex2_fck             0            1   664000000          0
                      ssi_ssr_fck_3430es2           0            1   221333334          0
                         ssi_sst_fck_3430es2           0            0   110666667          0
                      corex2_d5_fck           0            0   132800000          0
                      corex2_d3_fck           0            0   221333333          0
             dpll3_m3_ck                  0            0   166000000          0
                dpll3_m3x2_mul_ck           0            0   332000000          0
                   dpll3_m3x2_ck           0            0   332000000          0
                      emu_core_alwon_ck           0            0   332000000          0
             dpll3_x2_ck                  0            0   664000000          0
          dpll4_ck                        1            3   432000000          0
             dpll4_m6_ck                  0            0   144000000          0
                dpll4_m6x2_mul_ck           0            0   288000000          0
                   dpll4_m6x2_ck           0            0   288000000          0
                      emu_per_alwon_ck           0            0   288000000          0
             dpll4_m5_ck                  0            0   108000000          0
                dpll4_m5x2_mul_ck           0            0   216000000          0
                   dpll4_m5x2_ck           0            0   216000000          0
                      cam_mclk            0            0   216000000          0
             dpll4_m4_ck                  0            1   216000000          0
                dpll4_m4x2_mul_ck           0            1   432000000          0
                   dpll4_m4x2_ck           0            1   432000000          0
                      dss1_alwon_fck_3430es2           0            4   432000000          0
             dpll4_m3_ck                  0            1    27000000          0
                dpll4_m3x2_mul_ck           0            1    54000000          0
                   dpll4_m3x2_ck           0            1    54000000          0
                      omap_54m_fck           0            1    54000000          0
                         dss_tv_fck           0            2    54000000          0
                         clkout2_src_ck           0            0    54000000          0
                            sys_clkout2           0            0    54000000          0
             dpll4_m2_ck                  1            1    48000000          0
                dpll4_m2x2_mul_ck           1            1    96000000          0
                   dpll4_m2x2_ck           1            1    96000000          0
                      omap_192m_alwon_fck           0            0    96000000          0
                      omap_96m_alwon_fck           1            2    96000000          0
                         per_96m_fck           0            6    96000000          0
                            mcbsp4_fck           0            1    96000000          0
                            mcbsp3_fck           0            2    96000000          0
                            mcbsp2_fck           0            2    96000000          0
                         cm_96m_fck           1            2    96000000          0
                            cm_96m_d2_fck           1            1    48000000          0
                               omap_48m_fck           2            4    48000000          0
                                  usbhost_48m_fck           0            1    48000000          0
                                  per_48m_fck           1            1    48000000          0
                                     uart3_fck           1            1    48000000          0
                                  core_48m_fck           2            6    48000000          0
                                     uart1_fck           1            1    48000000          0
                                     uart2_fck           1            1    48000000          0
                                     mcspi1_fck           0            1    48000000          0
                                     mcspi2_fck           0            1    48000000          0
                                     mcspi3_fck           0            1    48000000          0
                                     mcspi4_fck           0            1    48000000          0
                                  omap_12m_fck           0            1    12000000          0
                                     core_12m_fck           0            1    12000000          0
                                        hdq_fck             0            1    12000000          0
                            omap_96m_fck           0            2    96000000          0
                               omap_96m_d10_fck           0            0     9600000          0
                               omap_96m_d8_fck           0            0    12000000          0
                               omap_96m_d4_fck           0            0    24000000          0
                               omap_96m_d2_fck           0            0    48000000          0
                               dss_96m_fck           0            2    96000000          0
                               core_96m_fck           0           10    96000000          0
                                  mcbsp1_fck           0            1    96000000          0
                                  mcbsp5_fck           0            1    96000000          0
                                  mmchs3_fck           0            1    96000000          0
                                  mspro_fck           0            0    96000000          0
                                  csi2_96m_fck           0            0    96000000          0
                                  i2c1_fck           0            1    96000000          0
                                  i2c2_fck           0            1    96000000          0
                                  i2c3_fck           0            1    96000000          0
                                  mmchs1_fck           0            1    96000000          0
                                  mmchs2_fck           0            1    96000000          0
             dpll4_x2_ck                  0            0   864000000          0
          wkup_l4_ick                     5            5    13000000          0
             usim_ick                     0            0    13000000          0
             gpt1_ick                     1            1    13000000          0
             gpt12_ick                    1            1    13000000          0
             omap_32ksync_ick             1            1    13000000          0
             gpio1_ick                    1            1    13000000          0
             wdt1_ick                     0            0    13000000          0
             wdt2_ick                     1            1    13000000          0
 virt_19200000_ck                         0            0    19200000          0
 virt_13m_ck                              0            0    13000000          0
 virt_12m_ck                              0            0    12000000          0
 omap_32k_fck                             1            7       32768          0
    ts_fck                                0            0       32768          0
    per_32k_alwon_fck                     0            5       32768          0
       wdt3_fck                           0            0       32768          0
       gpio2_dbck                         0            1       32768          0
       gpio3_dbck                         0            1       32768          0
       gpio4_dbck                         0            1       32768          0
       gpio5_dbck                         0            1       32768          0
       gpio6_dbck                         0            1       32768          0
    wkup_32k_fck                          2            3       32768          0
       wdt2_fck                           0            1       32768          0
       gpio1_dbck                         1            2       32768          0
    gpt11_fck                             0            1       32768          0
    gpt10_fck                             0            1       32768          0
 dummy_apb_pclk                           0            0           0          0
 virt_16_8m_ck                            0            0    16800000          0
=======
Orphan Clks:
=======
Hello World Board Booted
root@GenericOMAP3-GP(FlattenedDeviceTree):/test# 
- 06:08:47 [INFO] Host: cat stderr.log
- 06:08:48 [INFO] Target: 
cat stderr.log
root@GenericOMAP3-GP(FlattenedDeviceTree):/test# 
- 06:08:48 [INFO] Host: cat result.log
- 06:08:50 [ERROR] On command: cat result.log waiting for (?m-ix:^1[\0\n\r]+) >>> error: execution expired
- 06:08:50 [INFO] Target: 
cat result.log
root@GenericOMAP3-GP(FlattenedDeviceTree):/test# 
- 06:08:50 [INFO] Host: cd /test
- 06:08:50 [INFO] Target: 
cd /test
root@GenericOMAP3-GP(FlattenedDeviceTree):/test# 
