- 05:58:05 [INFO] Starting target session
- 05:58:06 [INFO] Connected to beagleboard via serial 
- 05:58:06 [INFO] Host: #check prompt
- 05:58:08 [ERROR] On command: #check prompt waiting for (?-mix:((?-mix:.*\s+login)|[Pp]assword)) >>> error: execution expired
- 05:58:08 [INFO] Target: 
#check prompt
- 05:58:08 [INFO] Host: #check prompt
- 05:58:11 [ERROR] On command: #check prompt waiting for (?m-ix:root.*#) >>> error: execution expired
- 05:58:11 [INFO] Target: 
#check prompt
- 05:58:11 [INFO] Disconnected serial from beagleboard
- 05:58:35 [INFO] Connected to beagleboard via serial 
- 05:58:35 [INFO] Host: 
- 05:58:35 [INFO] Target: 
U-Boot# 
- 05:58:35 [INFO] Host: 
- 05:58:36 [INFO] Target: 
U-Boot# 
- 05:58:36 [INFO] Host: version
- 05:58:37 [INFO] Target: 
version
U-Boot 2014.04-00071-g8543283 (Apr 22 2014 - 15:49:50)
arm-linux-gnueabi-gcc (Ubuntu/Linaro 4.6.3-1ubuntu5) 4.6.3
GNU ld (GNU Binutils for Ubuntu) 2.22
U-Boot# 
- 05:58:37 [INFO] Host: setenv bootargs 'console=ttyO2,115200n8  earlyprintk rootwait '
- 05:58:37 [INFO] Target: 
setenv bootargs 'console=ttyO2,115200n8  earlyprintk rootwait '
U-Boot# 
- 05:58:37 [INFO] Host: setenv bootcmd  ''
- 05:58:38 [INFO] Target: 
setenv bootcmd  ''
U-Boot# 
- 05:58:38 [INFO] Host: setenv autoload 'no'
- 05:58:38 [INFO] Target: 
setenv autoload 'no'
U-Boot# 
- 05:58:38 [INFO] Host: setenv serverip '128.247.105.47'
- 05:58:39 [INFO] Target: 
setenv serverip '128.247.105.47'
U-Boot# 
- 05:58:39 [INFO] Host: printenv
- 05:58:40 [INFO] Target: 
printenv
arch=arm
autoload=no
baudrate=115200
beaglerev=xMC
board=beagle
board_name=beagle
bootargs=console=ttyO2,115200n8  earlyprintk rootwait 
bootcmd=
bootdelay=1
bootdir=/boot
bootenv=uEnv.txt
bootfile=uImage
bootm_size=0x08000000
bootpart=0:2
buddy=none
camera=none
console=ttyO2,115200n8
cpu=armv7
defaultdisplay=dvi
dieid#=409600029ff800000168300f0d00c008
dvimode=640x480MR-16@60
ethact=usb_ether
fdtaddr=0x80f80000
findfdt=if test $beaglerev = AxBx; then setenv fdtfile omap3-beagle.dtb; fi; if test $beaglerev = Cx; then setenv fdtfile omap3-beagle.dtb; fi; if test $beaglerev = C4; then setenv fdtfile omap3-beagle.dtb; fi; if test $beaglerev = xMAB; then setenv fdtfile omap3-beagle-xm.dtb; fi; if test $beaglerev = xMC; then setenv fdtfile omap3-beagle-xm.dtb; fi; if test $fdtfile = undefined; then echo WARNING: Could not determine device tree to use; fi; 
importbootenv=echo Importing environment from mmc ...; env import -t $loadaddr $filesize
loadaddr=0x80200000
loadbootenv=fatload mmc ${mmcdev} ${loadaddr} ${bootenv}
loadfdt=load mmc ${bootpart} ${fdtaddr} ${bootdir}/${fdtfile}
loadimage=load mmc ${bootpart} ${loadaddr} ${bootdir}/${bootfile}
loadramdisk=load mmc ${bootpart} ${rdaddr} ${bootdir}/${ramdisk}
mmcargs=setenv bootargs console=${console} ${optargs} mpurate=${mpurate} buddy=${buddy} camera=${camera} vram=${vram} omapfb.mode=dvi:${dvimode} omapdss.def_disp=${defaultdisplay} root=${mmcroot} rootfstype=${mmcrootfstype}
mmcboot=echo Booting from mmc ...; run mmcargs; bootm ${loadaddr}
mmcbootz=echo Booting with DT from mmc${mmcdev} ...; run mmcargs; bootz ${loadaddr} - ${fdtaddr}
mmcdev=0
mmcroot=/dev/mmcblk0p2 rw
mmcrootfstype=ext3 rootwait
mpurate=auto
nandargs=setenv bootargs console=${console} ${optargs} mpurate=${mpurate} buddy=${buddy} camera=${camera} vram=${vram} omapfb.mode=dvi:${dvimode} omapdss.def_disp=${defaultdisplay} root=${nandroot} rootfstype=${nandrootfstype}
nandboot=echo Booting from nand ...; run nandargs; nand read ${loadaddr} 280000 400000; bootm ${loadaddr}
nandroot=ubi0:rootfs ubi.mtd=4
nandrootfstype=ubifs
ramargs=setenv bootargs console=${console} ${optargs} mpurate=${mpurate} buddy=${buddy} vram=${vram} omapfb.mode=dvi:${dvimode} omapdss.def_disp=${defaultdisplay} root=${ramroot} rootfstype=${ramrootfstype}
ramboot=echo Booting from ramdisk ...; run ramargs; bootm ${loadaddr}
ramdisk=ramdisk.gz
ramroot=/dev/ram0 rw ramdisk_size=65536 initrd=0x81000000,64M
ramrootfstype=ext2
rdaddr=0x81000000
serverip=128.247.105.47
soc=omap3
stderr=serial
stdin=serial
stdout=serial
usbethaddr=02:08:0f:00:02:00
usbtty=cdc_acm
userbutton=if gpio input 173; then run userbutton_xm; else run userbutton_nonxm; fi;
userbutton_nonxm=gpio input 7;
userbutton_xm=gpio input 4;
vendor=ti
ver=U-Boot 2014.04-00071-g8543283 (Apr 22 2014 - 15:49:50)
vram=12M
Environment size: 2927/131068 bytes
U-Boot# 
- 05:58:40 [INFO] Host: dcache off
- 05:58:40 [INFO] Target: 
dcache off
U-Boot# 
- 05:58:40 [INFO] Host: usb start
- 05:58:43 [INFO] Target: 
usb start
(Re)start USB...
USB0:   USB EHCI 1.00
scanning bus 0 for devices... 3 USB Device(s) found
       scanning usb for storage devices... 0 Storage Device(s) found
       scanning usb for ethernet devices... 1 Ethernet Device(s) found
U-Boot# 
- 05:58:43 [INFO] Host: printenv
- 05:58:43 [INFO] Target: 
printenv
arch=arm
autoload=no
baudrate=115200
beaglerev=xMC
board=beagle
board_name=beagle
bootargs=console=ttyO2,115200n8  earlyprintk rootwait 
bootcmd=
bootdelay=1
bootdir=/boot
bootenv=uEnv.txt
bootfile=uImage
bootm_size=0x08000000
bootpart=0:2
buddy=none
camera=none
console=ttyO2,115200n8
cpu=armv7
defaultdisplay=dvi
dieid#=409600029ff800000168300f0d00c008
dvimode=640x480MR-16@60
ethact=usb_ether
fdtaddr=0x80f80000
findfdt=if test $beaglerev = AxBx; then setenv fdtfile omap3-beagle.dtb; fi; if test $beaglerev = Cx; then setenv fdtfile omap3-beagle.dtb; fi; if test $beaglerev = C4; then setenv fdtfile omap3-beagle.dtb; fi; if test $beaglerev = xMAB; then setenv fdtfile omap3-beagle-xm.dtb; fi; if test $beaglerev = xMC; then setenv fdtfile omap3-beagle-xm.dtb; fi; if test $fdtfile = undefined; then echo WARNING: Could not determine device tree to use; fi; 
importbootenv=echo Importing environment from mmc ...; env import -t $loadaddr $filesize
loadaddr=0x80200000
loadbootenv=fatload mmc ${mmcdev} ${loadaddr} ${bootenv}
loadfdt=load mmc ${bootpart} ${fdtaddr} ${bootdir}/${fdtfile}
loadimage=load mmc ${bootpart} ${loadaddr} ${bootdir}/${bootfile}
loadramdisk=load mmc ${bootpart} ${rdaddr} ${bootdir}/${ramdisk}
mmcargs=setenv bootargs console=${console} ${optargs} mpurate=${mpurate} buddy=${buddy} camera=${camera} vram=${vram} omapfb.mode=dvi:${dvimode} omapdss.def_disp=${defaultdisplay} root=${mmcroot} rootfstype=${mmcrootfstype}
mmcboot=echo Booting from mmc ...; run mmcargs; bootm ${loadaddr}
mmcbootz=echo Booting with DT from mmc${mmcdev} ...; run mmcargs; bootz ${loadaddr} - ${fdtaddr}
mmcdev=0
mmcroot=/dev/mmcblk0p2 rw
mmcrootfstype=ext3 rootwait
mpurate=auto
nandargs=setenv bootargs console=${console} ${optargs} mpurate=${mpurate} buddy=${buddy} camera=${camera} vram=${vram} omapfb.mode=dvi:${dvimode} omapdss.def_disp=${defaultdisplay} root=${nandroot} rootfstype=${nandrootfstype}
nandboot=echo Booting from nand ...; run nandargs; nand read ${loadaddr} 280000 400000; bootm ${loadaddr}
nandroot=ubi0:rootfs ubi.mtd=4
nandrootfstype=ubifs
ramargs=setenv bootargs console=${console} ${optargs} mpurate=${mpurate} buddy=${buddy} vram=${vram} omapfb.mode=dvi:${dvimode} omapdss.def_disp=${defaultdisplay} root=${ramroot} rootfstype=${ramrootfstype}
ramboot=echo Booting from ramdisk ...; run ramargs; bootm ${loadaddr}
ramdisk=ramdisk.gz
ramroot=/dev/ram0 rw ramdisk_size=65536 initrd=0x81000000,64M
ramrootfstype=ext2
rdaddr=0x81000000
serverip=128.247.105.47
soc=omap3
stderr=serial
stdin=serial
stdout=serial
usbethaddr=02:08:0f:00:02:00
usbtty=cdc_acm
userbutton=if gpio input 173; then run userbutton_xm; else run userbutton_nonxm; fi;
userbutton_nonxm=gpio input 7;
userbutton_xm=gpio input 4;
vendor=ti
ver=U-Boot 2014.04-00071-g8543283 (Apr 22 2014 - 15:49:50)
vram=12M
Environment size: 2927/131068 bytes
U-Boot# 
- 05:58:44 [INFO] Host: setenv bootargs ''${bootargs}' ip=dhcp '
- 05:58:44 [INFO] Target: 
setenv bootargs ''${bootargs}' ip=dhcp '
U-Boot# 
- 05:58:44 [INFO] Host: setenv serverip '128.247.105.47'
- 05:58:45 [INFO] Target: 
setenv serverip '128.247.105.47'
U-Boot# 
- 05:58:45 [INFO] Host: setenv ipaddr dhcp
- 05:58:45 [INFO] Target: 
setenv ipaddr dhcp
U-Boot# 
- 05:58:45 [INFO] Host: setenv autoload 'no'
- 05:58:46 [INFO] Target: 
setenv autoload 'no'
U-Boot# 
- 05:58:46 [INFO] Host: dhcp
- 05:58:49 [INFO] Target: 
dhcp
ERROR: Need valid 'usbnet_devaddr' to be set
at drivers/usb/gadget/ether.c:2362/usb_eth_init()
Waiting for Ethernet connection... done.
BOOTP broadcast 1
DHCP client bound to address 192.168.1.160
U-Boot# 
- 05:58:49 [INFO] Host: setenv serverip '128.247.105.47'
- 05:58:50 [INFO] Target: 
setenv serverip '128.247.105.47'
U-Boot# 
- 05:58:50 [INFO] Host: tftp ${loadaddr} 128.247.105.47:vatf_2/874fe1b9bd3d7f4b65cc50cd6b48fe30
- 05:58:55 [INFO] Target: 
tftp ${loadaddr} 128.247.105.47:vatf_2/874fe1b9bd3d7f4b65cc50cd6b48fe30
Waiting for Ethernet connection... done.
Using sms0 device
TFTP from server 128.247.105.47; our IP address is 192.168.1.160; sending through gateway 192.168.1.254
Filename 'vatf_2/874fe1b9bd3d7f4b65cc50cd6b48fe30'.
Load address: 0x80200000
Loading: *#################################################################
	 #################################################################
	 #################################################################
	 #################################################################
	 #################################################################
	 ####################################
	 1.4 MiB/s
done
Bytes transferred = 5285064 (50a4c8 hex)
U-Boot# 
- 05:58:56 [INFO] Host: tftp ${fdtaddr} 128.247.105.47:vatf_2/efe3cf6d0b0f39d1ecb203365fd724b9
- 05:58:58 [INFO] Target: 
tftp ${fdtaddr} 128.247.105.47:vatf_2/efe3cf6d0b0f39d1ecb203365fd724b9
Waiting for Ethernet connection... done.
Using sms0 device
TFTP from server 128.247.105.47; our IP address is 192.168.1.160; sending through gateway 192.168.1.254
Filename 'vatf_2/efe3cf6d0b0f39d1ecb203365fd724b9'.
Load address: 0x80f80000
Loading: *#####
	 1.3 MiB/s
done
Bytes transferred = 62172 (f2dc hex)
U-Boot# 
- 05:58:58 [INFO] Host: ls mmc 0:1
- 05:58:58 [INFO] Target: 
ls mmc 0:1
    49660   mlo 
   372288   u-boot.img 
       70   uenv.txt 
  4254648   back-zimage 
    57382   back-omap3-beagle-xm.dtb 
5 file(s), 0 dir(s)
U-Boot# 
- 05:58:58 [INFO] Host: ls mmc 0:2
- 05:58:59 [INFO] Target: 
ls mmc 0:2
<DIR>       4096 .
<DIR>       4096 ..
<DIR>      16384 lost+found
<DIR>       4096 bin
<DIR>       4096 boot
<SYM>         37 cpufreq
<SYM>         37 cpuidle
<DIR>       4096 dev
<DIR>       4096 etc
<DIR>       4096 home
<DIR>       4096 lib
<DIR>       4096 media
<DIR>       4096 mnt
<DIR>       4096 opt
<DIR>       4096 proc
<SYM>          8 run
<DIR>       4096 sbin
<DIR>       4096 srv
<DIR>       4096 sys
<SYM>          8 tmp
<DIR>       4096 usr
<DIR>       4096 var
<DIR>       4096 www
<DIR>       4096 Settings
<DIR>       4096 test
          348160 core
U-Boot# 
- 05:58:59 [INFO] Host: part uuid mmc 0:2
- 05:58:59 [INFO] Target: 
part uuid mmc 0:2
Unknown command 'part' - try 'help'
U-Boot# 
- 05:59:00 [INFO] Host: printenv
- 05:59:00 [INFO] Target: 
printenv
arch=arm
autoload=no
baudrate=115200
beaglerev=xMC
board=beagle
board_name=beagle
bootargs=console=ttyO2,115200n8  earlyprintk rootwait  ip=dhcp 
bootcmd=
bootdelay=1
bootdir=/boot
bootenv=uEnv.txt
bootfile=uImage
bootm_size=0x08000000
bootpart=0:2
buddy=none
camera=none
console=ttyO2,115200n8
cpu=armv7
defaultdisplay=dvi
dieid#=409600029ff800000168300f0d00c008
dnsip=192.0.2.2
dvimode=640x480MR-16@60
ethact=sms0
fdtaddr=0x80f80000
fileaddr=80f80000
filesize=f2dc
findfdt=if test $beaglerev = AxBx; then setenv fdtfile omap3-beagle.dtb; fi; if test $beaglerev = Cx; then setenv fdtfile omap3-beagle.dtb; fi; if test $beaglerev = C4; then setenv fdtfile omap3-beagle.dtb; fi; if test $beaglerev = xMAB; then setenv fdtfile omap3-beagle-xm.dtb; fi; if test $beaglerev = xMC; then setenv fdtfile omap3-beagle-xm.dtb; fi; if test $fdtfile = undefined; then echo WARNING: Could not determine device tree to use; fi; 
gatewayip=192.168.1.254
importbootenv=echo Importing environment from mmc ...; env import -t $loadaddr $filesize
ipaddr=192.168.1.160
loadaddr=0x80200000
loadbootenv=fatload mmc ${mmcdev} ${loadaddr} ${bootenv}
loadfdt=load mmc ${bootpart} ${fdtaddr} ${bootdir}/${fdtfile}
loadimage=load mmc ${bootpart} ${loadaddr} ${bootdir}/${bootfile}
loadramdisk=load mmc ${bootpart} ${rdaddr} ${bootdir}/${ramdisk}
mmcargs=setenv bootargs console=${console} ${optargs} mpurate=${mpurate} buddy=${buddy} camera=${camera} vram=${vram} omapfb.mode=dvi:${dvimode} omapdss.def_disp=${defaultdisplay} root=${mmcroot} rootfstype=${mmcrootfstype}
mmcboot=echo Booting from mmc ...; run mmcargs; bootm ${loadaddr}
mmcbootz=echo Booting with DT from mmc${mmcdev} ...; run mmcargs; bootz ${loadaddr} - ${fdtaddr}
mmcdev=0
mmcroot=/dev/mmcblk0p2 rw
mmcrootfstype=ext3 rootwait
mpurate=auto
nandargs=setenv bootargs console=${console} ${optargs} mpurate=${mpurate} buddy=${buddy} camera=${camera} vram=${vram} omapfb.mode=dvi:${dvimode} omapdss.def_disp=${defaultdisplay} root=${nandroot} rootfstype=${nandrootfstype}
nandboot=echo Booting from nand ...; run nandargs; nand read ${loadaddr} 280000 400000; bootm ${loadaddr}
nandroot=ubi0:rootfs ubi.mtd=4
nandrootfstype=ubifs
netmask=255.255.255.0
ramargs=setenv bootargs console=${console} ${optargs} mpurate=${mpurate} buddy=${buddy} vram=${vram} omapfb.mode=dvi:${dvimode} omapdss.def_disp=${defaultdisplay} root=${ramroot} rootfstype=${ramrootfstype}
ramboot=echo Booting from ramdisk ...; run ramargs; bootm ${loadaddr}
ramdisk=ramdisk.gz
ramroot=/dev/ram0 rw ramdisk_size=65536 initrd=0x81000000,64M
ramrootfstype=ext2
rdaddr=0x81000000
serverip=128.247.105.47
soc=omap3
stderr=serial
stdin=serial
stdout=serial
usbethaddr=02:08:0f:00:02:00
usbtty=cdc_acm
userbutton=if gpio input 173; then run userbutton_xm; else run userbutton_nonxm; fi;
userbutton_nonxm=gpio input 7;
userbutton_xm=gpio input 4;
vendor=ti
ver=U-Boot 2014.04-00071-g8543283 (Apr 22 2014 - 15:49:50)
vram=12M
Environment size: 3058/131068 bytes
U-Boot# 
- 05:59:00 [INFO] Host: setenv bootargs ''${bootargs}' root=/dev/mmcblk0p2 rw rootfstype=ext3 rootwait '
- 05:59:01 [INFO] Target: 
setenv bootargs ''${bootargs}' root=/dev/mmcblk0p2 rw rootfstype=ext3 rootwait '
U-Boot# 
- 05:59:01 [INFO] Host: printenv
- 05:59:01 [INFO] Target: 
printenv
arch=arm
autoload=no
baudrate=115200
beaglerev=xMC
board=beagle
board_name=beagle
bootargs=console=ttyO2,115200n8  earlyprintk rootwait  ip=dhcp  root=/dev/mmcblk0p2 rw rootfstype=ext3 rootwait 
bootcmd=
bootdelay=1
bootdir=/boot
bootenv=uEnv.txt
bootfile=uImage
bootm_size=0x08000000
bootpart=0:2
buddy=none
camera=none
console=ttyO2,115200n8
cpu=armv7
defaultdisplay=dvi
dieid#=409600029ff800000168300f0d00c008
dnsip=192.0.2.2
dvimode=640x480MR-16@60
ethact=sms0
fdtaddr=0x80f80000
fileaddr=80f80000
filesize=f2dc
findfdt=if test $beaglerev = AxBx; then setenv fdtfile omap3-beagle.dtb; fi; if test $beaglerev = Cx; then setenv fdtfile omap3-beagle.dtb; fi; if test $beaglerev = C4; then setenv fdtfile omap3-beagle.dtb; fi; if test $beaglerev = xMAB; then setenv fdtfile omap3-beagle-xm.dtb; fi; if test $beaglerev = xMC; then setenv fdtfile omap3-beagle-xm.dtb; fi; if test $fdtfile = undefined; then echo WARNING: Could not determine device tree to use; fi; 
gatewayip=192.168.1.254
importbootenv=echo Importing environment from mmc ...; env import -t $loadaddr $filesize
ipaddr=192.168.1.160
loadaddr=0x80200000
loadbootenv=fatload mmc ${mmcdev} ${loadaddr} ${bootenv}
loadfdt=load mmc ${bootpart} ${fdtaddr} ${bootdir}/${fdtfile}
loadimage=load mmc ${bootpart} ${loadaddr} ${bootdir}/${bootfile}
loadramdisk=load mmc ${bootpart} ${rdaddr} ${bootdir}/${ramdisk}
mmcargs=setenv bootargs console=${console} ${optargs} mpurate=${mpurate} buddy=${buddy} camera=${camera} vram=${vram} omapfb.mode=dvi:${dvimode} omapdss.def_disp=${defaultdisplay} root=${mmcroot} rootfstype=${mmcrootfstype}
mmcboot=echo Booting from mmc ...; run mmcargs; bootm ${loadaddr}
mmcbootz=echo Booting with DT from mmc${mmcdev} ...; run mmcargs; bootz ${loadaddr} - ${fdtaddr}
mmcdev=0
mmcroot=/dev/mmcblk0p2 rw
mmcrootfstype=ext3 rootwait
mpurate=auto
nandargs=setenv bootargs console=${console} ${optargs} mpurate=${mpurate} buddy=${buddy} camera=${camera} vram=${vram} omapfb.mode=dvi:${dvimode} omapdss.def_disp=${defaultdisplay} root=${nandroot} rootfstype=${nandrootfstype}
nandboot=echo Booting from nand ...; run nandargs; nand read ${loadaddr} 280000 400000; bootm ${loadaddr}
nandroot=ubi0:rootfs ubi.mtd=4
nandrootfstype=ubifs
netmask=255.255.255.0
ramargs=setenv bootargs console=${console} ${optargs} mpurate=${mpurate} buddy=${buddy} vram=${vram} omapfb.mode=dvi:${dvimode} omapdss.def_disp=${defaultdisplay} root=${ramroot} rootfstype=${ramrootfstype}
ramboot=echo Booting from ramdisk ...; run ramargs; bootm ${loadaddr}
ramdisk=ramdisk.gz
ramroot=/dev/ram0 rw ramdisk_size=65536 initrd=0x81000000,64M
ramrootfstype=ext2
rdaddr=0x81000000
serverip=128.247.105.47
soc=omap3
stderr=serial
stdin=serial
stdout=serial
usbethaddr=02:08:0f:00:02:00
usbtty=cdc_acm
userbutton=if gpio input 173; then run userbutton_xm; else run userbutton_nonxm; fi;
userbutton_nonxm=gpio input 7;
userbutton_xm=gpio input 4;
vendor=ti
ver=U-Boot 2014.04-00071-g8543283 (Apr 22 2014 - 15:49:50)
vram=12M
Environment size: 3107/131068 bytes
U-Boot# 
- 05:59:01 [INFO] Host: setenv bootcmd ''${bootcmd}' if iminfo ${loadaddr}; then bootm ${loadaddr} - ${fdtaddr}; else bootz ${loadaddr} - ${fdtaddr}; bootm ${loadaddr} - ${fdtaddr}; fi'
- 05:59:02 [INFO] Target: 
setenv bootcmd ''${bootcmd}' if iminfo ${loadaddr}; then bootm ${loadaddr} - ${fdtaddr}; else bootz ${loadaddr} - ${fdtaddr}; bootm ${loadaddr} - ${fdtaddr}; fi'
U-Boot# 
- 05:59:02 [INFO] Host: bdinfo
- 05:59:03 [INFO] Target: 
bdinfo
arch_number = 0x0000060A
boot_params = 0x80000100
DRAM bank   = 0x00000000
-> start    = 0x80000000
-> size     = 0x10000000
DRAM bank   = 0x00000001
-> start    = 0x90000000
-> size     = 0x10000000
eth0name    = usb_ether
ethaddr     = (not set)
eth1name    = sms0
eth1addr    = (not set)
current eth = sms0
ip_addr     = 192.168.1.160
baudrate    = 115200 bps
TLB addr    = 0x9FFF0000
relocaddr   = 0x9FF51000
reloc off   = 0x1FE51000
irq_sp      = 0x9FE30ED0
sp start    = 0x9FE30EC0
U-Boot# 
- 05:59:03 [INFO] Host: boot
- 06:01:33 [ERROR] On command: boot waiting for (?-mix:.*\s+login) >>> error: execution expired
- 06:01:33 [INFO] Target: 
boot
## Checking Image at 80200000 ...
Unknown image format!
Kernel image @ 0x80200000 [ 0x000000 - 0x50a4c8 ]
## Flattened Device Tree blob at 80f80000
   Booting using the fdt blob at 0x80f80000
   Loading Device Tree to 87fed000, end 87fff2db ... OK
Starting kernel ...
[    0.000000] Booting Linux on physical CPU 0x0
[    0.000000] Linux version 3.18.0-rc2-next-20141029-00002-ga9943bf (nmenon@kahuna) (gcc version 4.6.3 (Ubuntu/Linaro 4.6.3-1ubuntu5) ) #1 SMP Wed Oct 29 05:53:52 CDT 2014
[    0.000000] CPU: ARMv7 Processor [413fc082] revision 2 (ARMv7), cr=10c5387d
[    0.000000] CPU: PIPT / VIPT nonaliasing data cache, VIPT aliasing instruction cache
[    0.000000] Machine model: TI OMAP3 BeagleBoard xM
[    0.000000] cma: Reserved 64 MiB at 0x9b800000
[    0.000000] Memory policy: Data cache writeback
[    0.000000]   HighMem zone: 1048574 pages exceeds freesize 0
[    0.000000] CPU: All CPU(s) started in SVC mode.
[    0.000000] OMAP3630 ES1.2 (l2cache iva sgx neon isp 192mhz_clk )
[    0.000000] PERCPU: Embedded 10 pages/cpu @dfa8a000 s8576 r8192 d24192 u40960
[    0.000000] Built 1 zonelists in Zone order, mobility grouping on.  Total pages: 129792
[    0.000000] Kernel command line: console=ttyO2,115200n8  earlyprintk rootwait  ip=dhcp  root=/dev/mmcblk0p2 rw rootfstype=ext3 rootwait 
[    0.000000] PID hash table entries: 2048 (order: 1, 8192 bytes)
[    0.000000] Dentry cache hash table entries: 65536 (order: 6, 262144 bytes)
[    0.000000] Inode-cache hash table entries: 32768 (order: 5, 131072 bytes)
[    0.000000] Memory: 440984K/523264K available (6881K kernel code, 967K rwdata, 2816K rodata, 732K init, 308K bss, 16744K reserved, 65536K cma-reserved, 0K highmem)
[    0.000000] Virtual kernel memory layout:
[    0.000000]     vector  : 0xffff0000 - 0xffff1000   (   4 kB)
[    0.000000]     fixmap  : 0xffc00000 - 0xffe00000   (2048 kB)
[    0.000000]     vmalloc : 0xe0800000 - 0xff000000   ( 488 MB)
[    0.000000]     lowmem  : 0xc0000000 - 0xe0000000   ( 512 MB)
[    0.000000]     pkmap   : 0xbfe00000 - 0xc0000000   (   2 MB)
[    0.000000]     modules : 0xbf000000 - 0xbfe00000   (  14 MB)
[    0.000000]       .text : 0xc0208000 - 0xc0b806e8   (9698 kB)
[    0.000000]       .init : 0xc0b81000 - 0xc0c38000   ( 732 kB)
[    0.000000]       .data : 0xc0c38000 - 0xc0d29d80   ( 968 kB)
[    0.000000]        .bss : 0xc0d29d80 - 0xc0d77160   ( 309 kB)
[    0.000000] SLUB: HWalign=64, Order=0-3, MinObjects=0, CPUs=1, Nodes=1
[    0.000000] Hierarchical RCU implementation.
[    0.000000] 	RCU restricting CPUs from NR_CPUS=8 to nr_cpu_ids=1.
[    0.000000] RCU: Adjusting geometry for rcu_fanout_leaf=16, nr_cpu_ids=1
[    0.000000] NR_IRQS:16 nr_irqs:16 16
[    0.000000] IRQ: Found an INTC at 0xfa200000 (revision 4.0) with 96 interrupts
[    0.000000] Clocking rate (Crystal/Core/MPU): 26.0/400/600 MHz
[    0.000000] OMAP clockevent source: timer1 at 32768 Hz
[    0.000030] sched_clock: 32 bits at 32kHz, resolution 30517ns, wraps every 65536000000000ns
[    0.000030] OMAP clocksource: 32k_counter at 32768 Hz
[    0.000244] Console: colour dummy device 80x30
[    0.000274] Calibrating delay loop... 594.73 BogoMIPS (lpj=1486848)
[    0.029052] pid_max: default: 32768 minimum: 301
[    0.029266] Mount-cache hash table entries: 1024 (order: 0, 4096 bytes)
[    0.029266] Mountpoint-cache hash table entries: 1024 (order: 0, 4096 bytes)
[    0.029998] CPU: Testing write buffer coherency: ok
[    0.030334] CPU0: thread -1, cpu 0, socket -1, mpidr 0
[    0.030426] Setting up static identity map for 0x808807b0 - 0x80880848
[    0.034759] Brought up 1 CPUs
[    0.034790] SMP: Total of 1 processors activated.
[    0.034790] CPU: All CPU(s) started in SVC mode.
[    0.035491] devtmpfs: initialized
[    0.036499] VFP support v0.3: implementor 41 architecture 3 part 30 variant c rev 3
[    0.057464] omap_hwmod: mcbsp2_sidetone using broken dt data from mcbsp
[    0.058074] omap_hwmod: mcbsp3_sidetone using broken dt data from mcbsp
[    0.091278] omap_hwmod: mcbsp2: cannot be enabled for reset (3)
[    0.135894] pinctrl core: initialized pinctrl subsystem
[    0.136566] regulator-dummy: no parameters
[    0.166351] NET: Registered protocol family 16
[    0.169586] DMA: preallocated 256 KiB pool for atomic coherent allocations
[    0.173217] cpuidle: using governor ladder
[    0.173248] cpuidle: using governor menu
[    0.173431] omap_l3_smx omap_l3_smx.0: couldn't request debug irq
[    0.173492] omap_l3_smx: probe of omap_l3_smx.0 failed with error -22
[    0.179901] Reprogramming SDRC clock to 400000000 Hz
[    0.185333] omap_gpio 48310000.gpio: could not find pctldev for node /ocp/pinmux@48002a00/pinmux_gpio1_pins, deferring probe
[    0.185363] platform 48310000.gpio: Driver omap_gpio requests probe deferral
[    0.186309] OMAP GPIO hardware version 2.5
[    0.191131] irq: no irq domain found for /ocp/pinmux@48002030 !
[    0.203124] omap-gpmc 6e000000.gpmc: GPMC revision 5.0
[    0.204498] platform 48058000.ssi-controller: Cannot lookup hwmod 'ssi'
[    0.209533] No ATAGs?
[    0.209594] hw-breakpoint: debug architecture 0x4 unsupported.
[    0.209899] EXYNOS: PMU not supported
[    0.212463] OMAP DMA hardware revision 5.0
[    0.216644] Serial: AMBA PL011 UART driver
[    0.236297] edma-dma-engine edma-dma-engine.0: Can't allocate PaRAM dummy slot
[    0.236328] edma-dma-engine: probe of edma-dma-engine.0 failed with error -22
[    0.254211] omap-dma-engine 48056000.dma-controller: OMAP DMA engine driver
[    0.255065] platform hsusb2_power_reg: Driver reg-fixed-voltage requests probe deferral
[    0.259094] vgaarb: loaded
[    0.260101] SCSI subsystem initialized
[    0.260925] usbcore: registered new interface driver usbfs
[    0.261047] usbcore: registered new interface driver hub
[    0.261138] usbcore: registered new device driver usb
[    0.261749] platform hsusb2_phy: Driver usb_phy_generic requests probe deferral
[    0.264038] omap_i2c 48070000.i2c: bus 0 rev4.4 at 2600 kHz
[    0.264709] omap_i2c 48072000.i2c: bus 1 rev4.4 at 400 kHz
[    0.265319] omap_i2c 48060000.i2c: bus 2 rev4.4 at 100 kHz
[    0.265991] Linux video capture interface: v2.00
[    0.266082] pps_core: LinuxPPS API ver. 1 registered
[    0.266082] pps_core: Software ver. 5.3.6 - Copyright 2005-2007 Rodolfo Giometti <giometti@linux.it>
[    0.266143] PTP clock support registered
[    0.266479] EDAC MC: Ver: 3.0.0
[    0.267913] Advanced Linux Sound Architecture Driver Initialized.
[    0.269622] Switched to clocksource 32k_counter
[    0.285766] NET: Registered protocol family 2
[    0.286651] TCP established hash table entries: 4096 (order: 2, 16384 bytes)
[    0.286712] TCP bind hash table entries: 4096 (order: 3, 32768 bytes)
[    0.286804] TCP: Hash tables configured (established 4096 bind 4096)
[    0.286895] TCP: reno registered
[    0.286926] UDP hash table entries: 256 (order: 1, 8192 bytes)
[    0.286956] UDP-Lite hash table entries: 256 (order: 1, 8192 bytes)
[    0.287170] NET: Registered protocol family 1
[    0.287628] RPC: Registered named UNIX socket transport module.
[    0.287658] RPC: Registered udp transport module.
[    0.287658] RPC: Registered tcp transport module.
[    0.287658] RPC: Registered tcp NFSv4.1 backchannel transport module.
[    0.290588] hw perfevents: enabled with armv7_cortex_a8 PMU driver, 5 counters available
[    0.294158] futex hash table entries: 256 (order: 2, 16384 bytes)
[    0.312438] squashfs: version 4.0 (2009/01/31) Phillip Lougher
[    0.313659] NFS: Registering the id_resolver key type
[    0.313720] Key type id_resolver registered
[    0.313751] Key type id_legacy registered
[    0.314849] Block layer SCSI generic (bsg) driver version 0.4 loaded (major 249)
[    0.314880] io scheduler noop registered
[    0.314880] io scheduler deadline registered
[    0.315155] io scheduler cfq registered (default)
[    0.319488] pinctrl-single 48002030.pinmux: 284 pins at pa fa002030 size 568
[    0.319915] pinctrl-single 48002a00.pinmux: 46 pins at pa fa002a00 size 92
[    0.320648] pinctrl-single 480025a0.pinmux: 46 pins at pa fa0025a0 size 92
[    0.420227] Serial: 8250/16550 driver, 4 ports, IRQ sharing disabled
[    0.423248] Serial: IMX driver
[    0.424041] msm_serial: driver initialized
[    0.424987] omap_uart 4806a000.serial: no wakeirq for uart0
[    0.425201] omap_uart 4806a000.serial: ttyO0 at MMIO 0x4806a000 (irq = 192, base_baud = 3000000) is a OMAP UART0
[    0.425872] omap_uart 4806c000.serial: no wakeirq for uart0
[    0.426025] omap_uart 4806c000.serial: ttyO1 at MMIO 0x4806c000 (irq = 193, base_baud = 3000000) is a OMAP UART1
[    0.426849] omap_uart 49020000.serial: ttyO2 at MMIO 0x49020000 (irq = 194, base_baud = 3000000) is a OMAP UART2
[    1.211456] console [ttyO2] enabled
[    1.215881] omap_uart 49042000.serial: no wakeirq for uart0
[    1.221954] omap_uart 49042000.serial: ttyO3 at MMIO 0x49042000 (irq = 231, base_baud = 3000000) is a OMAP UART3
[    1.233215] STMicroelectronics ASC driver initialized
[    1.240020] serial: Freescale lpuart driver
[    1.244812] [drm] Initialized drm 1.1.0 20060810
[    1.258666] loop: module loaded
[    1.274139] twl 0-0048: PIH (irq 265) chaining IRQs 269..277
[    1.280212] twl 0-0048: power (irq 274) chaining IRQs 277..284
[    1.292724] VAUX1: at 3000 mV 
[    1.299163] usb_1v8: 1800 mV 
[    1.304229] VAUX3: at 2800 mV 
[    1.309387] VAUX4: at 2800 mV 
[    1.314514] VDD1: 600 <--> 1450 mV at 1200 mV 
[    1.321075] VDAC: 1800 mV 
[    1.327941] VIO: at 1800 mV 
[    1.333618] VINTANA1: 1500 mV 
[    1.339385] VINTANA2: at 2750 mV 
[    1.345489] VINTDIG: 1500 mV 
[    1.349975] VMMC1: 1850 <--> 3150 mV at 3150 mV 
[    1.356719] VMMC2: 1850 <--> 3150 mV at 2600 mV 
[    1.363159] VUSB1V5: 1500 mV 
[    1.367340] VUSB1V8: 1800 mV 
[    1.371551] VUSB3V1: 3100 mV 
[    1.377258] VPLL1: at 1800 mV 
[    1.382354] VPLL2: 1800 mV 
[    1.387176] VSIM: 1800 <--> 3000 mV at 1800 mV 
[    1.393463] twl4030_gpio twl4030-gpio: gpio (irq 269) chaining IRQs 285..302
[    1.505035] CAN device driver interface
[    1.511169] igb: Intel(R) Gigabit Ethernet Network Driver - version 5.2.15-k
[    1.518615] igb: Copyright (c) 2007-2014 Intel Corporation.
[    1.527862] pegasus: v0.9.3 (2013/04/25), Pegasus/Pegasus II USB Ethernet driver
[    1.535766] usbcore: registered new interface driver pegasus
[    1.541839] usbcore: registered new interface driver asix
[    1.547607] usbcore: registered new interface driver ax88179_178a
[    1.554107] usbcore: registered new interface driver cdc_ether
[    1.560363] usbcore: registered new interface driver smsc75xx
[    1.566528] usbcore: registered new interface driver smsc95xx
[    1.572662] usbcore: registered new interface driver net1080
[    1.578704] usbcore: registered new interface driver cdc_subset
[    1.584991] usbcore: registered new interface driver zaurus
[    1.591003] usbcore: registered new interface driver cdc_ncm
[    1.597656] ehci_hcd: USB 2.0 'Enhanced' Host Controller (EHCI) Driver
[    1.604553] ehci-pci: EHCI PCI platform driver
[    1.609313] ehci-platform: EHCI generic platform driver
[    1.615234] ehci-omap: OMAP-EHCI Host Controller driver
[    1.621185] ehci-omap 48064800.ehci: Can't get PHY device for port 1: -517
[    1.628479] platform 48064800.ehci: Driver ehci-omap requests probe deferral
[    1.636047] ehci-orion: EHCI orion driver
[    1.640594] SPEAr-ehci: EHCI SPEAr driver
[    1.645141] tegra-ehci: Tegra EHCI driver
[    1.649658] ohci_hcd: USB 1.1 'Open' Host Controller (OHCI) Driver
[    1.656219] ohci-pci: OHCI PCI platform driver
[    1.661010] ohci-platform: OHCI generic platform driver
[    1.666809] ohci-omap3: OHCI OMAP3 driver
[    1.671478] ohci-omap3 48064400.ohci: OHCI Host Controller
[    1.677307] ohci-omap3 48064400.ohci: new USB bus registered, assigned bus number 1
[    1.685791] ohci-omap3 48064400.ohci: irq 266, io mem 0x48064400
[    1.766021] hub 1-0:1.0: USB hub found
[    1.770111] hub 1-0:1.0: 3 ports detected
[    1.775268] SPEAr-ohci: OHCI SPEAr driver
[    1.780792] usbcore: registered new interface driver usb-storage
[    1.790069] mousedev: PS/2 mouse device common for all mice
[    1.801422] twl_rtc 48070000.i2c:twl@48:rtc: Power up reset detected.
[    1.808532] twl_rtc 48070000.i2c:twl@48:rtc: Enabling TWL-RTC
[    1.819030] twl_rtc 48070000.i2c:twl@48:rtc: rtc core: registered 48070000.i2c:twl@48 as rtc0
[    1.830017] i2c /dev entries driver
[    1.837249] usbcore: registered new interface driver uvcvideo
[    1.843353] USB Video Class driver (1.1.1)
[    1.847686] gspca_main: v2.14.0 registered
[    1.858673] Driver 'mmcblk' needs updating - please use bus_type methods
[    1.865905] sdhci: Secure Digital Host Controller Interface driver
[    1.872406] sdhci: Copyright(c) Pierre Ossman
[    1.915740] Synopsys Designware Multimedia Card Interface Driver
[    1.923797] sdhci-pltfm: SDHCI platform and OF driver helper
[    1.933013] leds_pwm pwmleds: unable to request PWM for beagleboard::pmu_stat: -517
[    1.941162] platform pwmleds: Driver leds_pwm requests probe deferral
[    1.948181] ledtrig-cpu: registered to indicate activity on CPUs
[    1.954956] usbcore: registered new interface driver usbhid
[    1.960845] usbhid: USB HID core driver
[    1.975067] TCP: cubic registered
[    1.978576] NET: Registered protocol family 17
[    1.983306] can: controller area network core (rev 20120528 abi 9)
[    1.989929] NET: Registered protocol family 29
[    1.994598] can: raw protocol (rev 20120528)
[    1.999114] can: broadcast manager protocol (rev 20120528 t)
[    2.005096] can: netlink gateway (rev 20130117) max_hops=1
[    2.011627] Key type dns_resolver registered
[    2.016540] omap2_set_init_voltage: unable to find boot up OPP for vdd_mpu_iva
[    2.024169] omap2_set_init_voltage: unable to set vdd_mpu_iva
[    2.030212] omap2_set_init_voltage: unable to find boot up OPP for vdd_core
[    2.037536] omap2_set_init_voltage: unable to set vdd_core
[    2.044982] ThumbEE CPU extension supported.
[    2.049499] Registering SWP/SWPB emulation handler
[    2.059692] hsusb2_vbus: 3300 mV 
[    2.159942] ehci-omap 48064800.ehci: EHCI Host Controller
[    2.165679] ehci-omap 48064800.ehci: new USB bus registered, assigned bus number 2
[    2.174011] ehci-omap 48064800.ehci: irq 267, io mem 0x48064800
[    2.189910] ehci-omap 48064800.ehci: USB 2.0 started, EHCI 1.00
[    2.197479] hub 2-0:1.0: USB hub found
[    2.201568] hub 2-0:1.0: 3 ports detected
[    2.207946] leds_pwm pwmleds: unable to request PWM for beagleboard::pmu_stat: -517
[    2.216125] platform pwmleds: Driver leds_pwm requests probe deferral
[    2.224792] input: gpio_keys as /devices/gpio_keys/input/input0
[    2.233093] leds_pwm pwmleds: unable to request PWM for beagleboard::pmu_stat: -517
[    2.241241] platform pwmleds: Driver leds_pwm requests probe deferral
[    2.249053] twl_rtc 48070000.i2c:twl@48:rtc: setting system clock to 2000-01-01 00:00:00 UTC (946684800)
[    2.514892] usb 2-2: new high-speed USB device number 2 using ehci-omap
[    2.651489] hub 2-2:1.0: USB hub found
[    2.655578] hub 2-2:1.0: 5 ports detected
[    2.663177] leds_pwm pwmleds: unable to request PWM for beagleboard::pmu_stat: -517
[    2.671325] platform pwmleds: Driver leds_pwm requests probe deferral
[    2.945251] usb 2-2.1: new high-speed USB device number 3 using ehci-omap
[    3.058837] smsc95xx v1.0.4
[    3.122955] smsc95xx 2-2.1:1.0 eth0: register 'smsc95xx' at usb-48064800.ehci-2.1, smsc95xx USB 2.0 Ethernet, 26:61:f1:b0:b7:6e
[    3.136596] leds_pwm pwmleds: unable to request PWM for beagleboard::pmu_stat: -517
[    3.144744] platform pwmleds: Driver leds_pwm requests probe deferral
[    3.329010] smsc95xx 2-2.1:1.0 eth0: hardware isn't capable of remote wakeup
[    3.649841] mmc0: card never left busy state
[    3.654327] mmc0: error -110 whilst initialising SD card
[    4.875427] smsc95xx 2-2.1:1.0 eth0: link up, 100Mbps, full-duplex, lpa 0xC5E1
[    4.894836] Sending DHCP requests ., OK
[    5.940307] IP-Config: Got DHCP answer from 192.168.1.254, my address is 192.168.1.200
[    5.948822] IP-Config: Complete:
[    5.952239]      device=eth0, hwaddr=26:61:f1:b0:b7:6e, ipaddr=192.168.1.200, mask=255.255.255.0, gw=192.168.1.254
[    5.963134]      host=192.168.1.200, domain=ti.com, nis-domain=(none)
[    5.969909]      bootserver=192.168.1.254, rootserver=192.168.1.254, rootpath=
[    5.977325]      nameserver0=192.0.2.2, nameserver1=192.0.2.3
[    5.984191] VPLL2: disabling
[    5.987762] VUSB3V1: disabling
[    5.992523] VDAC: disabling
[    5.996093] VAUX3: disabling
[    5.999938] ALSA device list:
[    6.003051]   No soundcards found.
[    6.007690] Waiting for root device /dev/mmcblk0p2...
[   83.227905] random: nonblocking pool is initialized
