- 06:11:24 [INFO] Starting target session
- 06:11:25 [INFO] Connected to beagleboard via serial 
- 06:11:25 [INFO] Host: #check prompt
- 06:11:27 [ERROR] On command: #check prompt waiting for (?-mix:((?-mix:.*\s+login)|[Pp]assword)) >>> error: execution expired
- 06:11:27 [INFO] Target: 
#check prompt
root@GenericOMAP36xx(FlattenedDeviceTree):/test# 
- 06:11:27 [INFO] Host: #check prompt
- 06:11:27 [INFO] Target: 
#check prompt
root@GenericOMAP36xx(FlattenedDeviceTree):/test# 
- 06:11:27 [INFO] Host: sync;poweroff
- 06:13:28 [ERROR] On command: sync;poweroff waiting for (?i-mx:System halted|System will go to power_off) >>> error: execution expired
- 06:13:28 [INFO] Target: 
sync;poweroff
Broadcast message from root@GenericOMAP36xx(FlattenedDeviceTree) (ttyO2) (Sun
The system is going down for system halt NOW!
INIT: Switching to runl
INIT: Sending processes the TERM signal
root@GenericOMAP36xx(FlattenedDeviceTree):/test# 
INIT: Sending processes the KILL sStopping Dropbear SSH server: stopped /usr/sbin/dropbear (pid 670)
dropbear.
Stopping telnet daemon.
Stopping system message bus: Error opening /dev/fb0: No such file or directory
Stopping syslogd/klogd: stopped syslogd (pid 682)
stopped klogd (pid 685)
done
Stopping thttpd.
ALSA: Storing mixer settings...
/usr/sbin/alsactl: save_state:1580: No soundcards found...
Deconfiguring network interfaces... ifdown: interface eth0 not configured
done.
Stopping Lighttpd Web Server: stopped /usr/sbin/lighttpd (pid 696)
lighttpd.
***************************************************************
***************************************************************
NOTICE: This file system contains the followin GPLv3 packages:
	binutils-symlinks
	binutils
	gdbserver
	parted
If you do not wish to distribute GPLv3 components please remove
the above packages prior to distribution.  This can be done using
the opkg remove command.  i.e.:
    opkg remove <package>
Where <package> is the name printed in the list above
NOTE: If the package is a dependency of another package you
      will be notified of the dependent packages.  You should
      use the --force-removal-of-dependent-packages option to
      also remove the dependent packages as well
***************************************************************
***************************************************************
Sending all processes the TERM signal...
Sending all processes the KILL signal...
Unmounting remote filesystems...
Deactivating swap...
Unmounting local filesystems...
[ 1181.864379] reboot: Power down
[ 1181.867767] ------------[ cut here ]------------
[ 1181.872680] WARNING: CPU: 0 PID: 822 at kernel/locking/lockdep.c:2744 lockdep_trace_alloc+0xec/0x10c()
[ 1181.882507] DEBUG_LOCKS_WARN_ON(irqs_disabled_flags(flags))
[ 1181.888183] Modules linked in:
[ 1181.891632] CPU: 0 PID: 822 Comm: halt Not tainted 3.18.0-rc4-next-20141111-00002-gc84051b #1
[ 1181.900634] [<c0015390>] (unwind_backtrace) from [<c0011a68>] (show_stack+0x10/0x14)
[ 1181.908843] [<c0011a68>] (show_stack) from [<c05acb24>] (dump_stack+0x78/0x94)
[ 1181.916473] [<c05acb24>] (dump_stack) from [<c0040470>] (warn_slowpath_common+0x7c/0xc4)
[ 1181.925018] [<c0040470>] (warn_slowpath_common) from [<c004054c>] (warn_slowpath_fmt+0x30/0x40)
[ 1181.934204] [<c004054c>] (warn_slowpath_fmt) from [<c0085f58>] (lockdep_trace_alloc+0xec/0x10c)
[ 1181.943389] [<c0085f58>] (lockdep_trace_alloc) from [<c0139c80>] (__kmalloc_track_caller+0x40/0x39c)
[ 1181.953033] [<c0139c80>] (__kmalloc_track_caller) from [<c01153bc>] (kmemdup+0x1c/0x38)
[ 1181.961486] [<c01153bc>] (kmemdup) from [<c03b1fb4>] (regmap_bulk_write+0x74/0x19c)
[ 1181.969573] [<c03b1fb4>] (regmap_bulk_write) from [<c03bcfc0>] (twl_i2c_write+0x4c/0x88)
[ 1181.978118] [<c03bcfc0>] (twl_i2c_write) from [<c03bf504>] (twl4030_power_off+0x20/0x40)
[ 1181.986663] [<c03bf504>] (twl4030_power_off) from [<c000f208>] (machine_power_off+0x24/0x2c)
[ 1181.995574] [<c000f208>] (machine_power_off) from [<c005d310>] (SyS_reboot+0x114/0x1f0)
[ 1182.004028] [<c005d310>] (SyS_reboot) from [<c000e5c0>] (ret_fast_syscall+0x0/0x48)
[ 1182.012115] ---[ end trace a7487437985f1580 ]---
U-Boot SPL 2014.04-00071-g8543283 (Apr 22 2014 - 15:49:50)
SPL: Please implement spl_start_uboot() for your board
SPL: Direct Linux boot not active!
reading u-boot.img
reading u-boot.img
U-Boot 2014.04-00071-g8543283 (Apr 22 2014 - 15:49:50)
OMAP36XX/37XX-GP ES1.2, CPU-OPP2, L3-200MHz, Max CPU Clock 1 Ghz
OMAP3 Beagle board + LPDDR/NAND
I2C:   ready
DRAM:  512 MiB
NAND:  0 MiB
MMC:   OMAP SD/MMC: 0
*** Warning - readenv() failed, using default environment
Beagle xM Rev C
No EEPROM on expansion board
Die ID #409600029ff800000168300f0d00c008
Net:   usb_ether
Hit any key to stop autoboot:  1  0 
mmc0 is current device
gpio: pin 173 (gpio 173) value is 0
gpio: pin 4 (gpio 4) value is 0
SD/MMC found on device 0
reading uEnv.txt
70 bytes read in 3 ms (22.5 KiB/s)
Loaded environment from uEnv.txt
Importing environment from mmc ...
reading //uImage
** Unable to read file //uImage **
Booting from nand ...
no devices available
Wrong Image Format for bootm command
ERROR: can't get kernel image!
reading //zImage
** Unable to read file //zImage **
U-Boot# 
- 06:13:28 [INFO] Disconnected serial from beagleboard
- 06:13:51 [INFO] Connected to beagleboard via serial 
- 06:13:51 [INFO] Host: 
- 06:13:51 [INFO] Target: 
U-Boot# 
- 06:13:51 [INFO] Host: 
- 06:13:52 [INFO] Target: 
U-Boot# 
- 06:13:52 [INFO] Host: version
- 06:13:53 [INFO] Target: 
version
U-Boot 2014.04-00071-g8543283 (Apr 22 2014 - 15:49:50)
arm-linux-gnueabi-gcc (Ubuntu/Linaro 4.6.3-1ubuntu5) 4.6.3
GNU ld (GNU Binutils for Ubuntu) 2.22
U-Boot# 
- 06:13:53 [INFO] Host: setenv bootargs 'console=ttyO2,115200n8  earlyprintk rootwait '
- 06:13:53 [INFO] Target: 
setenv bootargs 'console=ttyO2,115200n8  earlyprintk rootwait '
U-Boot# 
- 06:13:53 [INFO] Host: setenv bootcmd  ''
- 06:13:54 [INFO] Target: 
setenv bootcmd  ''
U-Boot# 
- 06:13:54 [INFO] Host: setenv autoload 'no'
- 06:13:54 [INFO] Target: 
setenv autoload 'no'
U-Boot# 
- 06:13:54 [INFO] Host: setenv serverip '128.247.105.47'
- 06:13:55 [INFO] Target: 
setenv serverip '128.247.105.47'
U-Boot# 
- 06:13:55 [INFO] Host: printenv
- 06:13:56 [INFO] Target: 
printenv
arch=arm
autoload=no
baudrate=115200
beaglerev=xMC
board=beagle
board_name=beagle
bootargs=console=ttyO2,115200n8  earlyprintk rootwait 
bootcmd=
bootdelay=1
bootdir=/boot
bootenv=uEnv.txt
bootfile=uImage
bootm_size=0x08000000
bootpart=0:2
buddy=none
camera=none
console=ttyO2,115200n8
cpu=armv7
defaultdisplay=dvi
dieid#=409600029ff800000168300f0d00c008
dvimode=640x480MR-16@60
ethact=usb_ether
fdtaddr=0x80f80000
findfdt=if test $beaglerev = AxBx; then setenv fdtfile omap3-beagle.dtb; fi; if test $beaglerev = Cx; then setenv fdtfile omap3-beagle.dtb; fi; if test $beaglerev = C4; then setenv fdtfile omap3-beagle.dtb; fi; if test $beaglerev = xMAB; then setenv fdtfile omap3-beagle-xm.dtb; fi; if test $beaglerev = xMC; then setenv fdtfile omap3-beagle-xm.dtb; fi; if test $fdtfile = undefined; then echo WARNING: Could not determine device tree to use; fi; 
importbootenv=echo Importing environment from mmc ...; env import -t $loadaddr $filesize
loadaddr=0x80200000
loadbootenv=fatload mmc ${mmcdev} ${loadaddr} ${bootenv}
loadfdt=load mmc ${bootpart} ${fdtaddr} ${bootdir}/${fdtfile}
loadimage=load mmc ${bootpart} ${loadaddr} ${bootdir}/${bootfile}
loadramdisk=load mmc ${bootpart} ${rdaddr} ${bootdir}/${ramdisk}
mmcargs=setenv bootargs console=${console} ${optargs} mpurate=${mpurate} buddy=${buddy} camera=${camera} vram=${vram} omapfb.mode=dvi:${dvimode} omapdss.def_disp=${defaultdisplay} root=${mmcroot} rootfstype=${mmcrootfstype}
mmcboot=echo Booting from mmc ...; run mmcargs; bootm ${loadaddr}
mmcbootz=echo Booting with DT from mmc${mmcdev} ...; run mmcargs; bootz ${loadaddr} - ${fdtaddr}
mmcdev=0
mmcroot=/dev/mmcblk0p2 rw
mmcrootfstype=ext3 rootwait
mpurate=auto
nandargs=setenv bootargs console=${console} ${optargs} mpurate=${mpurate} buddy=${buddy} camera=${camera} vram=${vram} omapfb.mode=dvi:${dvimode} omapdss.def_disp=${defaultdisplay} root=${nandroot} rootfstype=${nandrootfstype}
nandboot=echo Booting from nand ...; run nandargs; nand read ${loadaddr} 280000 400000; bootm ${loadaddr}
nandroot=ubi0:rootfs ubi.mtd=4
nandrootfstype=ubifs
ramargs=setenv bootargs console=${console} ${optargs} mpurate=${mpurate} buddy=${buddy} vram=${vram} omapfb.mode=dvi:${dvimode} omapdss.def_disp=${defaultdisplay} root=${ramroot} rootfstype=${ramrootfstype}
ramboot=echo Booting from ramdisk ...; run ramargs; bootm ${loadaddr}
ramdisk=ramdisk.gz
ramroot=/dev/ram0 rw ramdisk_size=65536 initrd=0x81000000,64M
ramrootfstype=ext2
rdaddr=0x81000000
serverip=128.247.105.47
soc=omap3
stderr=serial
stdin=serial
stdout=serial
usbethaddr=02:08:0f:00:02:00
usbtty=cdc_acm
userbutton=if gpio input 173; then run userbutton_xm; else run userbutton_nonxm; fi;
userbutton_nonxm=gpio input 7;
userbutton_xm=gpio input 4;
vendor=ti
ver=U-Boot 2014.04-00071-g8543283 (Apr 22 2014 - 15:49:50)
vram=12M
Environment size: 2927/131068 bytes
U-Boot# 
- 06:13:56 [INFO] Host: dcache off
- 06:13:56 [INFO] Target: 
dcache off
U-Boot# 
- 06:13:56 [INFO] Host: usb start
- 06:13:59 [INFO] Target: 
usb start
(Re)start USB...
USB0:   USB EHCI 1.00
scanning bus 0 for devices... 3 USB Device(s) found
       scanning usb for storage devices... 0 Storage Device(s) found
       scanning usb for ethernet devices... 1 Ethernet Device(s) found
U-Boot# 
- 06:13:59 [INFO] Host: printenv
- 06:13:59 [INFO] Target: 
printenv
arch=arm
autoload=no
baudrate=115200
beaglerev=xMC
board=beagle
board_name=beagle
bootargs=console=ttyO2,115200n8  earlyprintk rootwait 
bootcmd=
bootdelay=1
bootdir=/boot
bootenv=uEnv.txt
bootfile=uImage
bootm_size=0x08000000
bootpart=0:2
buddy=none
camera=none
console=ttyO2,115200n8
cpu=armv7
defaultdisplay=dvi
dieid#=409600029ff800000168300f0d00c008
dvimode=640x480MR-16@60
ethact=usb_ether
fdtaddr=0x80f80000
findfdt=if test $beaglerev = AxBx; then setenv fdtfile omap3-beagle.dtb; fi; if test $beaglerev = Cx; then setenv fdtfile omap3-beagle.dtb; fi; if test $beaglerev = C4; then setenv fdtfile omap3-beagle.dtb; fi; if test $beaglerev = xMAB; then setenv fdtfile omap3-beagle-xm.dtb; fi; if test $beaglerev = xMC; then setenv fdtfile omap3-beagle-xm.dtb; fi; if test $fdtfile = undefined; then echo WARNING: Could not determine device tree to use; fi; 
importbootenv=echo Importing environment from mmc ...; env import -t $loadaddr $filesize
loadaddr=0x80200000
loadbootenv=fatload mmc ${mmcdev} ${loadaddr} ${bootenv}
loadfdt=load mmc ${bootpart} ${fdtaddr} ${bootdir}/${fdtfile}
loadimage=load mmc ${bootpart} ${loadaddr} ${bootdir}/${bootfile}
loadramdisk=load mmc ${bootpart} ${rdaddr} ${bootdir}/${ramdisk}
mmcargs=setenv bootargs console=${console} ${optargs} mpurate=${mpurate} buddy=${buddy} camera=${camera} vram=${vram} omapfb.mode=dvi:${dvimode} omapdss.def_disp=${defaultdisplay} root=${mmcroot} rootfstype=${mmcrootfstype}
mmcboot=echo Booting from mmc ...; run mmcargs; bootm ${loadaddr}
mmcbootz=echo Booting with DT from mmc${mmcdev} ...; run mmcargs; bootz ${loadaddr} - ${fdtaddr}
mmcdev=0
mmcroot=/dev/mmcblk0p2 rw
mmcrootfstype=ext3 rootwait
mpurate=auto
nandargs=setenv bootargs console=${console} ${optargs} mpurate=${mpurate} buddy=${buddy} camera=${camera} vram=${vram} omapfb.mode=dvi:${dvimode} omapdss.def_disp=${defaultdisplay} root=${nandroot} rootfstype=${nandrootfstype}
nandboot=echo Booting from nand ...; run nandargs; nand read ${loadaddr} 280000 400000; bootm ${loadaddr}
nandroot=ubi0:rootfs ubi.mtd=4
nandrootfstype=ubifs
ramargs=setenv bootargs console=${console} ${optargs} mpurate=${mpurate} buddy=${buddy} vram=${vram} omapfb.mode=dvi:${dvimode} omapdss.def_disp=${defaultdisplay} root=${ramroot} rootfstype=${ramrootfstype}
ramboot=echo Booting from ramdisk ...; run ramargs; bootm ${loadaddr}
ramdisk=ramdisk.gz
ramroot=/dev/ram0 rw ramdisk_size=65536 initrd=0x81000000,64M
ramrootfstype=ext2
rdaddr=0x81000000
serverip=128.247.105.47
soc=omap3
stderr=serial
stdin=serial
stdout=serial
usbethaddr=02:08:0f:00:02:00
usbtty=cdc_acm
userbutton=if gpio input 173; then run userbutton_xm; else run userbutton_nonxm; fi;
userbutton_nonxm=gpio input 7;
userbutton_xm=gpio input 4;
vendor=ti
ver=U-Boot 2014.04-00071-g8543283 (Apr 22 2014 - 15:49:50)
vram=12M
Environment size: 2927/131068 bytes
U-Boot# 
- 06:13:59 [INFO] Host: setenv bootargs ''${bootargs}' ip=dhcp '
- 06:14:00 [INFO] Target: 
setenv bootargs ''${bootargs}' ip=dhcp '
U-Boot# 
- 06:14:00 [INFO] Host: setenv serverip '128.247.105.47'
- 06:14:00 [INFO] Target: 
setenv serverip '128.247.105.47'
U-Boot# 
- 06:14:01 [INFO] Host: setenv ipaddr dhcp
- 06:14:01 [INFO] Target: 
setenv ipaddr dhcp
U-Boot# 
- 06:14:01 [INFO] Host: setenv autoload 'no'
- 06:14:02 [INFO] Target: 
setenv autoload 'no'
U-Boot# 
- 06:14:02 [INFO] Host: dhcp
- 06:14:05 [INFO] Target: 
dhcp
ERROR: Need valid 'usbnet_devaddr' to be set
at drivers/usb/gadget/ether.c:2362/usb_eth_init()
Waiting for Ethernet connection... done.
BOOTP broadcast 1
DHCP client bound to address 192.168.1.160
U-Boot# 
- 06:14:05 [INFO] Host: setenv serverip '128.247.105.47'
- 06:14:05 [INFO] Target: 
setenv serverip '128.247.105.47'
U-Boot# 
- 06:14:05 [INFO] Host: tftp ${loadaddr} 128.247.105.47:vatf_2/dfb5e57a009bce58eac0bb3c963e985b
- 06:14:11 [INFO] Target: 
tftp ${loadaddr} 128.247.105.47:vatf_2/dfb5e57a009bce58eac0bb3c963e985b
Waiting for Ethernet connection... done.
Using sms0 device
TFTP from server 128.247.105.47; our IP address is 192.168.1.160; sending through gateway 192.168.1.254
Filename 'vatf_2/dfb5e57a009bce58eac0bb3c963e985b'.
Load address: 0x80200000
Loading: *#################################################################
	 #################################################################
	 #################################################################
	 #################################################################
	 #################################################################
	 #####################################
	 1.4 MiB/s
done
Bytes transferred = 5305520 (50f4b0 hex)
U-Boot# 
- 06:14:11 [INFO] Host: tftp ${fdtaddr} 128.247.105.47:vatf_2/1e8b1f6381cffc54f8f87235e6eb97db
- 06:14:19 [INFO] Target: 
tftp ${fdtaddr} 128.247.105.47:vatf_2/1e8b1f6381cffc54f8f87235e6eb97db
Waiting for Ethernet connection... done.
Using sms0 device
TFTP from server 128.247.105.47; our IP address is 192.168.1.160; sending through gateway 192.168.1.254
Filename 'vatf_2/1e8b1f6381cffc54f8f87235e6eb97db'.
Load address: 0x80f80000
Loading: *EHCI timed out on TD - token=0x88008d80
T #####
	 10.7 KiB/s
done
Bytes transferred = 62662 (f4c6 hex)
U-Boot# 
- 06:14:19 [INFO] Host: ls mmc 0:1
- 06:14:19 [INFO] Target: 
ls mmc 0:1
    49660   mlo 
   372288   u-boot.img 
       70   uenv.txt 
  4254648   back-zimage 
    57382   back-omap3-beagle-xm.dtb 
5 file(s), 0 dir(s)
U-Boot# 
- 06:14:19 [INFO] Host: ls mmc 0:2
- 06:14:20 [INFO] Target: 
ls mmc 0:2
<DIR>       4096 .
<DIR>       4096 ..
<DIR>      16384 lost+found
<DIR>       4096 bin
<DIR>       4096 boot
<SYM>         37 cpufreq
<SYM>         37 cpuidle
<DIR>       4096 dev
<DIR>       4096 etc
<DIR>       4096 home
<DIR>       4096 lib
<DIR>       4096 media
<DIR>       4096 mnt
<DIR>       4096 opt
<DIR>       4096 proc
<SYM>          8 run
<DIR>       4096 sbin
<DIR>       4096 srv
<DIR>       4096 sys
<SYM>          8 tmp
<DIR>       4096 usr
<DIR>       4096 var
<DIR>       4096 www
<DIR>       4096 Settings
<DIR>       4096 test
          348160 core
U-Boot# 
- 06:14:20 [INFO] Host: part uuid mmc 0:2
- 06:14:20 [INFO] Target: 
part uuid mmc 0:2
Unknown command 'part' - try 'help'
U-Boot# 
- 06:14:20 [INFO] Host: printenv
- 06:14:21 [INFO] Target: 
printenv
arch=arm
autoload=no
baudrate=115200
beaglerev=xMC
board=beagle
board_name=beagle
bootargs=console=ttyO2,115200n8  earlyprintk rootwait  ip=dhcp 
bootcmd=
bootdelay=1
bootdir=/boot
bootenv=uEnv.txt
bootfile=uImage
bootm_size=0x08000000
bootpart=0:2
buddy=none
camera=none
console=ttyO2,115200n8
cpu=armv7
defaultdisplay=dvi
dieid#=409600029ff800000168300f0d00c008
dnsip=192.0.2.2
dvimode=640x480MR-16@60
ethact=sms0
fdtaddr=0x80f80000
fileaddr=80f80000
filesize=f4c6
findfdt=if test $beaglerev = AxBx; then setenv fdtfile omap3-beagle.dtb; fi; if test $beaglerev = Cx; then setenv fdtfile omap3-beagle.dtb; fi; if test $beaglerev = C4; then setenv fdtfile omap3-beagle.dtb; fi; if test $beaglerev = xMAB; then setenv fdtfile omap3-beagle-xm.dtb; fi; if test $beaglerev = xMC; then setenv fdtfile omap3-beagle-xm.dtb; fi; if test $fdtfile = undefined; then echo WARNING: Could not determine device tree to use; fi; 
gatewayip=192.168.1.254
importbootenv=echo Importing environment from mmc ...; env import -t $loadaddr $filesize
ipaddr=192.168.1.160
loadaddr=0x80200000
loadbootenv=fatload mmc ${mmcdev} ${loadaddr} ${bootenv}
loadfdt=load mmc ${bootpart} ${fdtaddr} ${bootdir}/${fdtfile}
loadimage=load mmc ${bootpart} ${loadaddr} ${bootdir}/${bootfile}
loadramdisk=load mmc ${bootpart} ${rdaddr} ${bootdir}/${ramdisk}
mmcargs=setenv bootargs console=${console} ${optargs} mpurate=${mpurate} buddy=${buddy} camera=${camera} vram=${vram} omapfb.mode=dvi:${dvimode} omapdss.def_disp=${defaultdisplay} root=${mmcroot} rootfstype=${mmcrootfstype}
mmcboot=echo Booting from mmc ...; run mmcargs; bootm ${loadaddr}
mmcbootz=echo Booting with DT from mmc${mmcdev} ...; run mmcargs; bootz ${loadaddr} - ${fdtaddr}
mmcdev=0
mmcroot=/dev/mmcblk0p2 rw
mmcrootfstype=ext3 rootwait
mpurate=auto
nandargs=setenv bootargs console=${console} ${optargs} mpurate=${mpurate} buddy=${buddy} camera=${camera} vram=${vram} omapfb.mode=dvi:${dvimode} omapdss.def_disp=${defaultdisplay} root=${nandroot} rootfstype=${nandrootfstype}
nandboot=echo Booting from nand ...; run nandargs; nand read ${loadaddr} 280000 400000; bootm ${loadaddr}
nandroot=ubi0:rootfs ubi.mtd=4
nandrootfstype=ubifs
netmask=255.255.255.0
ramargs=setenv bootargs console=${console} ${optargs} mpurate=${mpurate} buddy=${buddy} vram=${vram} omapfb.mode=dvi:${dvimode} omapdss.def_disp=${defaultdisplay} root=${ramroot} rootfstype=${ramrootfstype}
ramboot=echo Booting from ramdisk ...; run ramargs; bootm ${loadaddr}
ramdisk=ramdisk.gz
ramroot=/dev/ram0 rw ramdisk_size=65536 initrd=0x81000000,64M
ramrootfstype=ext2
rdaddr=0x81000000
serverip=128.247.105.47
soc=omap3
stderr=serial
stdin=serial
stdout=serial
usbethaddr=02:08:0f:00:02:00
usbtty=cdc_acm
userbutton=if gpio input 173; then run userbutton_xm; else run userbutton_nonxm; fi;
userbutton_nonxm=gpio input 7;
userbutton_xm=gpio input 4;
vendor=ti
ver=U-Boot 2014.04-00071-g8543283 (Apr 22 2014 - 15:49:50)
vram=12M
Environment size: 3058/131068 bytes
U-Boot# 
- 06:14:21 [INFO] Host: setenv bootargs ''${bootargs}' root=/dev/mmcblk0p2 rw rootfstype=ext3 rootwait '
- 06:14:22 [INFO] Target: 
setenv bootargs ''${bootargs}' root=/dev/mmcblk0p2 rw rootfstype=ext3 rootwait '
U-Boot# 
- 06:14:22 [INFO] Host: printenv
- 06:14:22 [INFO] Target: 
printenv
arch=arm
autoload=no
baudrate=115200
beaglerev=xMC
board=beagle
board_name=beagle
bootargs=console=ttyO2,115200n8  earlyprintk rootwait  ip=dhcp  root=/dev/mmcblk0p2 rw rootfstype=ext3 rootwait 
bootcmd=
bootdelay=1
bootdir=/boot
bootenv=uEnv.txt
bootfile=uImage
bootm_size=0x08000000
bootpart=0:2
buddy=none
camera=none
console=ttyO2,115200n8
cpu=armv7
defaultdisplay=dvi
dieid#=409600029ff800000168300f0d00c008
dnsip=192.0.2.2
dvimode=640x480MR-16@60
ethact=sms0
fdtaddr=0x80f80000
fileaddr=80f80000
filesize=f4c6
findfdt=if test $beaglerev = AxBx; then setenv fdtfile omap3-beagle.dtb; fi; if test $beaglerev = Cx; then setenv fdtfile omap3-beagle.dtb; fi; if test $beaglerev = C4; then setenv fdtfile omap3-beagle.dtb; fi; if test $beaglerev = xMAB; then setenv fdtfile omap3-beagle-xm.dtb; fi; if test $beaglerev = xMC; then setenv fdtfile omap3-beagle-xm.dtb; fi; if test $fdtfile = undefined; then echo WARNING: Could not determine device tree to use; fi; 
gatewayip=192.168.1.254
importbootenv=echo Importing environment from mmc ...; env import -t $loadaddr $filesize
ipaddr=192.168.1.160
loadaddr=0x80200000
loadbootenv=fatload mmc ${mmcdev} ${loadaddr} ${bootenv}
loadfdt=load mmc ${bootpart} ${fdtaddr} ${bootdir}/${fdtfile}
loadimage=load mmc ${bootpart} ${loadaddr} ${bootdir}/${bootfile}
loadramdisk=load mmc ${bootpart} ${rdaddr} ${bootdir}/${ramdisk}
mmcargs=setenv bootargs console=${console} ${optargs} mpurate=${mpurate} buddy=${buddy} camera=${camera} vram=${vram} omapfb.mode=dvi:${dvimode} omapdss.def_disp=${defaultdisplay} root=${mmcroot} rootfstype=${mmcrootfstype}
mmcboot=echo Booting from mmc ...; run mmcargs; bootm ${loadaddr}
mmcbootz=echo Booting with DT from mmc${mmcdev} ...; run mmcargs; bootz ${loadaddr} - ${fdtaddr}
mmcdev=0
mmcroot=/dev/mmcblk0p2 rw
mmcrootfstype=ext3 rootwait
mpurate=auto
nandargs=setenv bootargs console=${console} ${optargs} mpurate=${mpurate} buddy=${buddy} camera=${camera} vram=${vram} omapfb.mode=dvi:${dvimode} omapdss.def_disp=${defaultdisplay} root=${nandroot} rootfstype=${nandrootfstype}
nandboot=echo Booting from nand ...; run nandargs; nand read ${loadaddr} 280000 400000; bootm ${loadaddr}
nandroot=ubi0:rootfs ubi.mtd=4
nandrootfstype=ubifs
netmask=255.255.255.0
ramargs=setenv bootargs console=${console} ${optargs} mpurate=${mpurate} buddy=${buddy} vram=${vram} omapfb.mode=dvi:${dvimode} omapdss.def_disp=${defaultdisplay} root=${ramroot} rootfstype=${ramrootfstype}
ramboot=echo Booting from ramdisk ...; run ramargs; bootm ${loadaddr}
ramdisk=ramdisk.gz
ramroot=/dev/ram0 rw ramdisk_size=65536 initrd=0x81000000,64M
ramrootfstype=ext2
rdaddr=0x81000000
serverip=128.247.105.47
soc=omap3
stderr=serial
stdin=serial
stdout=serial
usbethaddr=02:08:0f:00:02:00
usbtty=cdc_acm
userbutton=if gpio input 173; then run userbutton_xm; else run userbutton_nonxm; fi;
userbutton_nonxm=gpio input 7;
userbutton_xm=gpio input 4;
vendor=ti
ver=U-Boot 2014.04-00071-g8543283 (Apr 22 2014 - 15:49:50)
vram=12M
Environment size: 3107/131068 bytes
U-Boot# 
- 06:14:22 [INFO] Host: setenv bootcmd ''${bootcmd}' if iminfo ${loadaddr}; then bootm ${loadaddr} - ${fdtaddr}; else bootz ${loadaddr} - ${fdtaddr}; bootm ${loadaddr} - ${fdtaddr}; fi'
- 06:14:23 [INFO] Target: 
setenv bootcmd ''${bootcmd}' if iminfo ${loadaddr}; then bootm ${loadaddr} - ${fdtaddr}; else bootz ${loadaddr} - ${fdtaddr}; bootm ${loadaddr} - ${fdtaddr}; fi'
U-Boot# 
- 06:14:23 [INFO] Host: bdinfo
- 06:14:23 [INFO] Target: 
bdinfo
arch_number = 0x0000060A
boot_params = 0x80000100
DRAM bank   = 0x00000000
-> start    = 0x80000000
-> size     = 0x10000000
DRAM bank   = 0x00000001
-> start    = 0x90000000
-> size     = 0x10000000
eth0name    = usb_ether
ethaddr     = (not set)
eth1name    = sms0
eth1addr    = (not set)
current eth = sms0
ip_addr     = 192.168.1.160
baudrate    = 115200 bps
TLB addr    = 0x9FFF0000
relocaddr   = 0x9FF51000
reloc off   = 0x1FE51000
irq_sp      = 0x9FE30ED0
sp start    = 0x9FE30EC0
U-Boot# 
- 06:14:24 [INFO] Host: boot
- 06:16:42 [INFO] Target: 
boot
## Checking Image at 80200000 ...
Unknown image format!
Kernel image @ 0x80200000 [ 0x000000 - 0x50f4b0 ]
## Flattened Device Tree blob at 80f80000
   Booting using the fdt blob at 0x80f80000
   Loading Device Tree to 87fed000, end 87fff4c5 ... OK
Starting kernel ...
[    0.000000] Booting Linux on physical CPU 0x0
[    0.000000] Linux version 3.18.0-rc4-next-20141111-00002-gc84051b (nmenon@kahuna) (gcc version 4.6.3 (Ubuntu/Linaro 4.6.3-1ubuntu5) ) #1 SMP Tue Nov 11 06:07:06 CST 2014
[    0.000000] CPU: ARMv7 Processor [413fc082] revision 2 (ARMv7), cr=10c5387d
[    0.000000] CPU: PIPT / VIPT nonaliasing data cache, VIPT aliasing instruction cache
[    0.000000] Machine model: TI OMAP3 BeagleBoard xM
[    0.000000] cma: Reserved 64 MiB at 0x9b800000
[    0.000000] Memory policy: Data cache writeback
[    0.000000]   HighMem zone: 1048574 pages exceeds freesize 0
[    0.000000] CPU: All CPU(s) started in SVC mode.
[    0.000000] OMAP3630 ES1.2 (l2cache iva sgx neon isp 192mhz_clk )
[    0.000000] PERCPU: Embedded 10 pages/cpu @dfa8a000 s8512 r8192 d24256 u40960
[    0.000000] Built 1 zonelists in Zone order, mobility grouping on.  Total pages: 129792
[    0.000000] Kernel command line: console=ttyO2,115200n8  earlyprintk rootwait  ip=dhcp  root=/dev/mmcblk0p2 rw rootfstype=ext3 rootwait 
[    0.000000] PID hash table entries: 2048 (order: 1, 8192 bytes)
[    0.000000] Dentry cache hash table entries: 65536 (order: 6, 262144 bytes)
[    0.000000] Inode-cache hash table entries: 32768 (order: 5, 131072 bytes)
[    0.000000] Memory: 440976K/523264K available (6905K kernel code, 915K rwdata, 2832K rodata, 748K init, 314K bss, 16752K reserved, 65536K cma-reserved, 0K highmem)
[    0.000000] Virtual kernel memory layout:
[    0.000000]     vector  : 0xffff0000 - 0xffff1000   (   4 kB)
[    0.000000]     fixmap  : 0xffc00000 - 0xffe00000   (2048 kB)
[    0.000000]     vmalloc : 0xe0800000 - 0xff000000   ( 488 MB)
[    0.000000]     lowmem  : 0xc0000000 - 0xe0000000   ( 512 MB)
[    0.000000]     pkmap   : 0xbfe00000 - 0xc0000000   (   2 MB)
[    0.000000]     modules : 0xbf000000 - 0xbfe00000   (  14 MB)
[    0.000000]       .text : 0xc0208000 - 0xc0b8a9bc   (9739 kB)
[    0.000000]       .init : 0xc0b8b000 - 0xc0c46000   ( 748 kB)
[    0.000000]       .data : 0xc0c46000 - 0xc0d2ada0   ( 916 kB)
[    0.000000]        .bss : 0xc0d2ada0 - 0xc0d795a0   ( 314 kB)
[    0.000000] SLUB: HWalign=64, Order=0-3, MinObjects=0, CPUs=1, Nodes=1
[    0.000000] Hierarchical RCU implementation.
[    0.000000] 	RCU restricting CPUs from NR_CPUS=8 to nr_cpu_ids=1.
[    0.000000] RCU: Adjusting geometry for rcu_fanout_leaf=16, nr_cpu_ids=1
[    0.000000] NR_IRQS:16 nr_irqs:16 16
[    0.000000] IRQ: Found an INTC at 0xfa200000 (revision 4.0) with 96 interrupts
[    0.000000] Clocking rate (Crystal/Core/MPU): 26.0/400/600 MHz
[    0.000000] OMAP clockevent source: timer1 at 32768 Hz
[    0.000030] sched_clock: 32 bits at 32kHz, resolution 30517ns, wraps every 65536000000000ns
[    0.000030] OMAP clocksource: 32k_counter at 32768 Hz
[    0.000244] Console: colour dummy device 80x30
[    0.000305] Calibrating delay loop... 594.73 BogoMIPS (lpj=1486848)
[    0.029083] pid_max: default: 32768 minimum: 301
[    0.029296] Mount-cache hash table entries: 1024 (order: 0, 4096 bytes)
[    0.029296] Mountpoint-cache hash table entries: 1024 (order: 0, 4096 bytes)
[    0.030029] CPU: Testing write buffer coherency: ok
[    0.030364] CPU0: thread -1, cpu 0, socket -1, mpidr 0
[    0.030456] Setting up static identity map for 0x80886aa8 - 0x80886b40
[    0.034851] Brought up 1 CPUs
[    0.034881] SMP: Total of 1 processors activated.
[    0.034881] CPU: All CPU(s) started in SVC mode.
[    0.035583] devtmpfs: initialized
[    0.036590] VFP support v0.3: implementor 41 architecture 3 part 30 variant c rev 3
[    0.057098] omap_hwmod: mcbsp2_sidetone using broken dt data from mcbsp
[    0.057708] omap_hwmod: mcbsp3_sidetone using broken dt data from mcbsp
[    0.090576] omap_hwmod: mcbsp2: cannot be enabled for reset (3)
[    0.129302] pinctrl core: initialized pinctrl subsystem
[    0.129455] Driver 'abx500-gpio' needs an owner
[    0.129547] Driver 'gpio' needs an ownerDriver 'pinctrl-nomadik' needs an owner
[    0.129852] Driver 'reg-dummy' needs an ownerDriver 'vexpress-syscfg' needs an owner
[    0.130310] Driver 'db8500-prcmu' needs an ownerDriver 'ab8500-core' needs an owner
[    0.130981] Driver 'vexpress-sysreg' needs an ownerDriver 'gcc-apq8084' needs an owner
[    0.159545] Driver 'gcc-msm8660' needs an ownerDriver 'gcc-msm8960' needs an owner
[    0.159698] Driver 'gcc-msm8974' needs an ownerDriver 'exynos-audss-clk' needs an owner
[    0.159851] Driver 'vexpress-osc' needs an owner[    0.160461] NET: Registered protocol family 16
[    0.164031] DMA: preallocated 256 KiB pool for atomic coherent allocations
[    0.165008] Driver 'imx-mmdc' needs an owner
[    0.165374] Driver 'omap-gpmc' needs an ownerDriver 'sirfsoc-rtciobrg' needs an owner
[    0.166076] Driver 'rockchip-pinctrl' needs an ownerDriver 'samsung-pinctrl' needs an owner
[    0.166259] Driver 'exynos5440-pinctrl' needs an ownerDriver 'gpio-mxc' needs an owner
[    0.166442] Driver 'omap_gpio' needs an ownerDriver 'tegra-gpio' needs an owner
[    0.166595] Driver 'zynq-gpio' needs an ownerDriver 'tegra_fuse' needs an owner
[    0.166992] Driver 'tegra20_fuse' needs an ownerDriver 'sram' needs an owner
[    0.167480] Driver 'syscon' needs an ownerDriver 'mxs_phy' needs an owner
[    0.167785] Driver 'dummy' needs an owner[    0.167846] cpuidle: using governor ladder
[    0.167877] cpuidle: using governor menu
[    0.167938] Driver 'omap_l3_smx' needs an owner
[    0.168029] omap_l3_smx omap_l3_smx.0: couldn't request debug irq
[    0.168060] omap_l3_smx: probe of omap_l3_smx.0 failed with error -22
[    0.168121] Driver 'omap_l3_noc' needs an owner
[    0.174499] Reprogramming SDRC clock to 400000000 Hz
[    0.180084] omap_gpio 48310000.gpio: could not find pctldev for node /ocp/pinmux@48002a00/pinmux_gpio1_pins, deferring probe
[    0.180114] platform 48310000.gpio: Driver omap_gpio requests probe deferral
[    0.181091] OMAP GPIO hardware version 2.5
[    0.186004] irq: no irq domain found for /ocp/pinmux@48002030 !
[    0.198669] omap-gpmc 6e000000.gpmc: GPMC revision 5.0
[    0.200012] platform 48058000.ssi-controller: Cannot lookup hwmod 'ssi'
[    0.203338] of_amba_device_create(): amba_device_add() failed (-19) for /etb@5401b000
[    0.203460] of_amba_device_create(): amba_device_add() failed (-19) for /etm@54010000
[    0.205474] No ATAGs?
[    0.205505] hw-breakpoint: debug architecture 0x4 unsupported.
[    0.205535] Driver 'edma' needs an owner
[    0.205841] EXYNOS: PMU not supported
[    0.208221] Driver 'omap_dma_system' needs an owner
[    0.208526] OMAP DMA hardware revision 5.0
[    0.208618] Driver 'pinmux-sirf' needs an owner
[    0.208892] Driver 'st-pinctrl' needs an ownerDriver 'imx51-pinctrl' needs an owner
[    0.209716] Driver 'imx53-pinctrl' needs an ownerDriver 'imx6q-pinctrl' needs an owner
[    0.210113] Driver 'imx6dl-pinctrl' needs an ownerDriver 'imx6sl-pinctrl' needs an owner
[    0.210479] Driver 'vf610-pinctrl' needs an ownerDriver 'apq8084-pinctrl' needs an owner
[    0.210845] Driver 'spear1310-pinmux' needs an ownerDriver 'spear1340-pinmux' needs an owner
[    0.211364] Driver 'db8500-prcmu-regulators' needs an ownerDriver 'reset-stih415' needs an owner
[    0.212585] Driver 'reset-stih416' needs an owner[    0.212829] Serial: AMBA PL011 UART driver
[    0.212860] Driver 'uart-pl011' needs an owner
[    0.212921] Driver 'ab8500-sysctrl' needs an ownerDriver 'abx500-clk' needs an owner
[    0.213928] Driver 'sirfsoc_rstc' needs an ownerDriver 'omap-control-phy' needs an owner
[    0.229217] Driver 'spear-plgpio' needs an ownerDriver 'pca953x' needs an owner
[    0.229614] Driver 'spear-spics-gpio' needs an ownerDriver 'palmas-gpio' needs an owner
[    0.230102] Driver 'tps6586x-gpio' needs an ownerDriver 'tps65910-gpio' needs an owner
[    0.230377] Driver 'twl4030_gpio' needs an ownerDriver 'dw_dmac' needs an owner
[    0.231353] Driver 'ipu-core' needs an ownerDriver 'imx-dma' needs an owner
[    0.231811] Driver 'mxs-dma' needs an ownerDriver 'sirfsoc_dma' needs an owner
[    0.232330] Driver 'edma-dma-engine' needs an ownerDriver 'dma40' needs an owner
[    0.232666] Driver 'omap-dma-engine' needs an owner[    0.250335] omap-dma-engine 48056000.dma-controller: OMAP DMA engine driver
[    0.250793] Driver 'reg-fixed-voltage' needs an owner
[    0.251190] platform hsusb2_power_reg: Driver reg-fixed-voltage requests probe deferral
[    0.251281] Driver 'ab8500-ext-regulator' needs an owner
[    0.251434] Driver 'ab8500-regulator' needs an ownerDriver 'gpio-regulator' needs an owner
[    0.251770] Driver 'max8907-regulator' needs an ownerDriver 'palmas-pmic' needs an owner
[    0.252380] Driver 'tps51632' needs an ownerDriver 's2mps11-pmic' needs an owner
[    0.252563] Driver 's5m8767-pmic' needs an ownerDriver 'tps62360' needs an owner
[    0.252746] Driver 'tps65090-pmic' needs an ownerDriver 'tps6586x-regulator' needs an owner
[    0.253051] Driver 'tps65910-pmic' needs an ownerDriver 'twl_reg' needs an owner
[    0.255401] vgaarb: loaded
[    0.255432] Driver 'stmpe-i2c' needs an owner
[    0.255523] Driver 'tps65910' needs an ownerDriver 'max8907' needs an owner
[    0.255645] Driver 'ab8500-debug' needs an ownerDriver 'tps6586x' needs an owner
[    0.255889] Driver 'tps65090' needs an ownerDriver 'palmas' needs an owner
[    0.256011] Driver 'sec_pmic' needs an owner[    0.256469] SCSI subsystem initialized
[    0.256805] Driver 'ssp-pl022' needs an owner
[    0.256988] Driver 'Generic PHY' needs an ownerDriver 'Generic 10G PHY' needs an owner
[    0.257232] Driver 'usbfs' needs an owner[    0.257385] usbcore: registered new interface driver usbfs
[    0.257385] Driver 'hub' needs an owner
[    0.257476] usbcore: registered new interface driver hub
[    0.257507] Driver 'usb' needs an owner
[    0.257568] usbcore: registered new device driver usb
[    0.257598] Driver 'abx5x0-usb' needs an owner
[    0.257781] Driver 'usb_phy_generic' needs an owner[    0.258300] platform hsusb2_phy: Driver usb_phy_generic requests probe deferral
[    0.258575] Driver 'i2c_designware' needs an owner
[    0.258819] Driver 'nmk-i2c' needs an ownerDriver 'omap_i2c' needs an owner
[    0.260528] omap_i2c 48070000.i2c: bus 0 rev4.4 at 2600 kHz
[    0.261199] omap_i2c 48072000.i2c: bus 1 rev4.4 at 400 kHz
[    0.261810] omap_i2c 48060000.i2c: bus 2 rev4.4 at 100 kHz
[    0.262115] Driver 'tegra-i2c' needs an owner
[    0.262481] Linux video capture interface: v2.00
[    0.262573] pps_core: LinuxPPS API ver. 1 registered
[    0.262573] pps_core: Software ver. 5.3.6 - Copyright 2005-2007 Rodolfo Giometti <giometti@linux.it>
[    0.262603] PTP clock support registered
[    0.262664] Driver 'brcmstb-reboot' needs an owner
[    0.263061] EDAC MC: Ver: 3.0.0
[    0.263763] Driver 'tegra-gart' needs an owner
[    0.264038] Driver 'tegra-smmu' needs an owner[    0.264434] Advanced Linux Sound Architecture Driver Initialized.
[    0.265624] Driver 'ab8500-gpadc' needs an owner
[    0.266143] Switched to clocksource 32k_counter
[    0.281097] Driver 'usbhs_tll' needs an owner
[    0.282226] NET: Registered protocol family 2
[    0.283081] TCP established hash table entries: 4096 (order: 2, 16384 bytes)
[    0.283172] TCP bind hash table entries: 4096 (order: 3, 32768 bytes)
[    0.283264] TCP: Hash tables configured (established 4096 bind 4096)
[    0.283325] TCP: reno registered
[    0.283355] UDP hash table entries: 256 (order: 1, 8192 bytes)
[    0.283386] UDP-Lite hash table entries: 256 (order: 1, 8192 bytes)
[    0.283630] NET: Registered protocol family 1
[    0.284057] RPC: Registered named UNIX socket transport module.
[    0.284057] RPC: Registered udp transport module.
[    0.284088] RPC: Registered tcp transport module.
[    0.284088] RPC: Registered tcp NFSv4.1 backchannel transport module.
[    0.284149] Driver 'usbhs_omap' needs an owner
[    0.286834] Driver 'arm-pmu' needs an owner[    0.287078] hw perfevents: enabled with armv7_cortex_a8 PMU driver, 5 counters available
[    0.287780] Driver 'omap_timer' needs an owner
[    0.289855] Driver 'alarmtimer' needs an owner[    0.290710] futex hash table entries: 256 (order: 2, 16384 bytes)
[    0.309051] squashfs: version 4.0 (2009/01/31) Phillip Lougher
[    0.310272] NFS: Registering the id_resolver key type
[    0.310363] Key type id_resolver registered
[    0.310363] Key type id_legacy registered
[    0.311431] Block layer SCSI generic (bsg) driver version 0.4 loaded (major 249)
[    0.311462] io scheduler noop registered
[    0.311492] io scheduler deadline registered
[    0.311767] io scheduler cfq registered (default)
[    0.311828] Driver 'brcm-gisb-arb' needs an owner
[    0.312194] Driver 'omap-ocp2scp' needs an ownerDriver 'exynos-dp-video-phy' needs an owner
[    0.312683] Driver 'exynos-mipi-video-phy' needs an ownerDriver 'phy-mvebu-sata' needs an owner
[    0.313079] Driver 'miphy365x-phy' needs an ownerDriver 'omap-usb2' needs an owner
[    0.313598] Driver 'ti-pipe3' needs an ownerDriver 'sun4i-usb-phy' needs an owner
[    0.314208] Driver 'spear1310-miphy' needs an ownerDriver 'spear1340-miphy' needs an owner
[    0.314575] Driver 'as3722-pinctrl' needs an ownerDriver 'palmas-pinctrl' needs an owner
[    0.315063] Driver 'pinctrl-single' needs an owner[    0.316406] pinctrl-single 48002030.pinmux: 284 pins at pa fa002030 size 568
[    0.316711] pinctrl-single 48002a00.pinmux: 46 pins at pa fa002a00 size 92
[    0.317443] pinctrl-single 480025a0.pinmux: 46 pins at pa fa0025a0 size 92
[    0.317596] Driver 'tegra20-pinctrl' needs an owner
[    0.317871] Driver 'tegra30-pinctrl' needs an ownerDriver 'tegra114-pinctrl' needs an owner
[    0.318267] Driver 'tegra124-pinctrl' needs an ownerDriver 'tegra-xusb-padctl' needs an owner
[    0.318664] Driver 'berlin-bg2-pinctrl' needs an ownerDriver 'berlin-bg2cd-pinctrl' needs an owner
[    0.319122] Driver 'berlin-bg2q-pinctrl' needs an ownerDriver 'dove-pinctrl' needs an owner
[    0.319549] Driver 'armada-370-pinctrl' needs an ownerDriver 'armada-375-pinctrl' needs an owner
[    0.319915] Driver 'armada-38x-pinctrl' needs an ownerDriver 'armada-xp-pinctrl' needs an owner
[    0.320434] Driver 'sun4i-pinctrl' needs an ownerDriver 'sun5i-a10s-pinctrl' needs an owner
[    0.320831] Driver 'sun5i-a13-pinctrl' needs an ownerDriver 'sun6i-a31-pinctrl' needs an owner
[    0.321228] Driver 'sun6i-a31-r-pinctrl' needs an ownerDriver 'sun7i-a20-pinctrl' needs an owner
[    0.321716] Driver 'sun8i-a23-pinctrl' needs an ownerDriver 'sun8i-a23-r-pinctrl' needs an owner
[    0.322113] Driver 'sun9i-a80-pinctrl' needs an ownerDriver 'basic-mmio-gpio' needs an owner
[    0.322448] Driver 'bcm-kona-gpio' needs an ownerDriver 'gpio-dwapb' needs an owner
[    0.322845] Driver 'mvebu-gpio' needs an ownerDriver 'pl061_gpio' needs an owner
[    0.323150] Driver 'gpio-vf610' needs an ownerDriver 'tegra-pwm' needs an owner
[    0.323608] Driver 'vt8500-pwm' needs an ownerDriver 'pcieport' needs an owner
[    0.324005] Driver 'aer' needs an ownerDriver 'pcie_pme' needs an owner
[    0.324127] Driver 'mvebu-pcie' needs an ownerDriver 'tegra-pcie' needs an owner
[    0.324859] Driver 'generic-bl' needs an ownerDriver 'pwm-backlight' needs an owner
[    0.325225] Driver 'clcd-pl11x' needs an ownerDriver 'wm8505-fb' needs an owner
[    0.325469] Driver 'mx3_sdc_fb' needs an ownerDriver 'simple-framebuffer' needs an owner
[    0.325805] Driver 'tegra-ahb' needs an ownerDriver 'mv_xor' needs an owner
[    0.326293] Driver 'imx-sdma' needs an ownerDriver 'tegra-apbdma' needs an owner
[    0.326995] Driver 'dma-pl330' needs an ownerDriver 'xilinx-vdma' needs an owner
[    0.327270] Driver 'gsbi' needs an ownerDriver 'tegra-pmc' needs an owner
[    0.327758] Driver 'as3722-regulator' needs an ownerDriver 'bcm590xx-vregs' needs an owner
[    0.328094] Driver 'vexpress-regulator' needs an ownerDriver 'socfpga-reset' needs an owner
[    0.328491] Driver 'sunxi-reset' needs an owner[    0.417236] Serial: 8250/16550 driver, 4 ports, IRQ sharing disabled
[    0.419158] Driver 'serial8250' needs an owner
[    0.419464] Driver 'serial' needs an ownerDriver 'dw-apb-uart' needs an owner
[    0.419921] Driver 'samsung-uart' needs an ownerDriver 'imx-uart' needs an owner
[    0.420654] Driver 'meson_uart' needs an ownerDriver 'msm_serial' needs an owner
[    0.421112] msm_serial: driver initialized
[    0.421112] Driver 'of_serial' needs an owner
[    0.421813] Driver 'omap_uart' needs an owner[    0.422149] omap_uart 4806a000.serial: no wakeirq for uart0
[    0.422363] omap_uart 4806a000.serial: ttyO0 at MMIO 0x4806a000 (irq = 192, base_baud = 3000000) is a OMAP UART0
[    0.423004] omap_uart 4806c000.serial: no wakeirq for uart0
[    0.423187] omap_uart 4806c000.serial: ttyO1 at MMIO 0x4806c000 (irq = 193, base_baud = 3000000) is a OMAP UART1
[    0.424011] omap_uart 49020000.serial: ttyO2 at MMIO 0x49020000 (irq = 194, base_baud = 3000000) is a OMAP UART2
[    1.993774] console [ttyO2] enabled
[    1.998321] omap_uart 49042000.serial: no wakeirq for uart0
[    2.004394] omap_uart 49042000.serial: ttyO3 at MMIO 0x49042000 (irq = 231, base_baud = 3000000) is a OMAP UART3
[    2.015655] STMicroelectronics ASC driver initialized
[    2.021057] Driver 'st-asc' needs an owner
[    2.025543] Driver 'vt8500_serial' needs an ownerDriver 'xuartps' needs an owner
[    2.033935] Driver 'sirfsoc-uart' needs an ownerDriver 'serial-tegra' needs an owner
[    2.042694] Driver 'fsl-lpuart' needs an owner[    2.047729] [drm] Initialized drm 1.1.0 20060810
[    2.052612] Driver 'hdmi_msm' needs an owner
[    2.057189] Driver 'adreno' needs an ownerDriver 'msm' needs an owner
[    2.064453] Driver 'tegra-dc' needs an ownerDriver 'tegra-dsi' needs an owner
[    2.072448] Driver 'tegra-sor' needs an ownerDriver 'tegra-hdmi' needs an owner
[    2.080596] Driver 'tegra-dpaux' needs an ownerDriver 'tegra-gr2d' needs an owner
[    2.088928] Driver 'tegra-gr3d' needs an ownerDriver 'panel-simple' needs an owner
[    2.097930] Driver 'panel-simple-dsi' needs an ownerDriver 'tegra-host1x' needs an owner
[    2.106933] Driver 'tegra-mipi' needs an owner[    2.111907] error detecting cacheinfo..cpu0
[    2.121826] loop: module loaded
[    2.125152] Driver 'ad_dpot' needs an owner
[    2.129486] Driver 'ics932s401' needs an ownerDriver 'apds9802als' needs an owner
[    2.137542] Driver 'isl29003' needs an ownerDriver 'at24' needs an owner
[    2.144744] Driver 'sunxi-sid' needs an ownerDriver 'bcm590xx' needs an owner
[    2.152740] Driver 'cros-ec-spi' needs an ownerDriver 'sun6i-prcm' needs an owner
[    2.160949] Driver 'twl' needs an owner[    2.171600] twl 0-0048: PIH (irq 265) chaining IRQs 269..277
[    2.177673] twl 0-0048: power (irq 274) chaining IRQs 277..284
[    2.217193] twl4030_gpio twl4030-gpio: gpio (irq 269) chaining IRQs 285..302
[    2.229492] Driver 'twl4030_power' needs an owner
[    2.279693] Driver 'as3722' needs an ownerDriver 'sd' needs an owner
[    2.286743] Driver 'sr' needs an ownerDriver 'ahci' needs an owner
[    2.293426] Driver 'ahci' needs an ownerDriver 'highbank-ahci' needs an owner
[    2.301879] Driver 'ahci-sunxi' needs an ownerDriver 'st_ahci' needs an owner
[    2.309936] Driver 'tegra-ahci' needs an ownerDriver 'sata_mv' needs an owner
[    2.317871] Driver 'sata_mv' needs an ownerDriver 'm25p80' needs an owner
[    2.326110] Driver 'smi' needs an ownerDriver 'cdns-spi' needs an owner
[    2.333770] Driver 'omap2_mcspi' needs an ownerDriver 'orion_spi' needs an owner
[    2.344024] Driver 'sirfsoc_spi' needs an ownerDriver 'sun4i-spi' needs an owner
[    2.352508] Driver 'sun6i-spi' needs an ownerDriver 'spi-tegra114' needs an owner
[    2.360931] Driver 'spi-tegra-sflash' needs an ownerDriver 'spi-tegra-slink' needs an owner
[    2.370300] Driver 'xilinx_spi' needs an ownerDriver 'Marvell 88E1101' needs an owner
[    2.378997] Driver 'Marvell 88E1112' needs an ownerDriver 'Marvell 88E1111' needs an owner
[    2.387847] Driver 'Marvell 88E1118' needs an ownerDriver 'Marvell 88E1121R' needs an owner
[    2.396759] Driver 'Marvell 88E1318S' needs an ownerDriver 'Marvell 88E1145' needs an owner
[    2.405670] Driver 'Marvell 88E1149R' needs an ownerDriver 'Marvell 88E1240' needs an owner
[    2.414581] Driver 'Marvell 88E1116R' needs an ownerDriver 'Marvell 88E1510' needs an owner
[    2.423492] Driver 'Marvell 88E3016' needs an ownerDriver 'ICPlus IP175C' needs an owner
[    2.432159] Driver 'ICPlus IP1001' needs an ownerDriver 'ICPlus IP101A/G' needs an owner
[    2.440795] Driver 'Atheros 8035 ethernet' needs an ownerDriver 'Atheros 8030 ethernet' needs an owner
[    2.450714] Driver 'Atheros 8031 ethernet' needs an ownerDriver 'sun4i-mdio' needs an owner
[    2.459899] CAN device driver interface
[    2.464172] Driver 'mcp251x' needs an owner
[    2.468444] Driver 'xilinx_can' needs an ownerDriver 'sun4i-emac' needs an owner
[    2.476928] Driver 'macb' needs an ownerDriver 'calxedaxgmac' needs an owner
[    2.485198] Driver 'fec' needs an owner[    2.489776] igb: Intel(R) Gigabit Ethernet Network Driver - version 5.2.15-k
[    2.497192] igb: Copyright (c) 2007-2014 Intel Corporation.
[    2.503082] Driver 'igb' needs an owner
[    2.507049] Driver 'orion-mdio' needs an ownerDriver 'mv643xx_eth' needs an owner
[    2.515533] Driver 'mv643xx_eth_port' needs an ownerDriver 'mvneta' needs an owner
[    2.523986] Driver 'ks8851' needs an ownerDriver 'r8169' needs an owner
[    2.531158] Driver 'smsc911x' needs an ownerDriver 'stmmaceth' needs an owner
[    2.539764] Driver 'davinci_mdio' needs an ownerDriver 'cpsw-phy-sel' needs an owner
[    2.548614] Driver 'xilinx_emaclite' needs an owner[    2.554290] pegasus: v0.9.3 (2013/04/25), Pegasus/Pegasus II USB Ethernet driver
[    2.562072] Driver 'pegasus' needs an owner
[    2.566406] usbcore: registered new interface driver pegasus
[    2.572540] Driver 'asix' needs an owner
[    2.576629] usbcore: registered new interface driver asix
[    2.582519] Driver 'ax88179_178a' needs an owner
[    2.587280] usbcore: registered new interface driver ax88179_178a
[    2.593872] Driver 'cdc_ether' needs an owner
[    2.598358] usbcore: registered new interface driver cdc_ether
[    2.604705] Driver 'smsc75xx' needs an owner
[    2.609100] usbcore: registered new interface driver smsc75xx
[    2.615356] Driver 'smsc95xx' needs an owner
[    2.619781] usbcore: registered new interface driver smsc95xx
[    2.626037] Driver 'net1080' needs an owner
[    2.630310] usbcore: registered new interface driver net1080
[    2.636474] Driver 'cdc_subset' needs an owner
[    2.641021] usbcore: registered new interface driver cdc_subset
[    2.647460] Driver 'zaurus' needs an owner
[    2.651672] usbcore: registered new interface driver zaurus
[    2.657775] Driver 'cdc_ncm' needs an owner
[    2.662109] usbcore: registered new interface driver cdc_ncm
[    2.668304] Driver 'xhci_hcd' needs an owner
[    2.672729] Driver 'xhci-hcd' needs an owner[    2.677795] ehci_hcd: USB 2.0 'Enhanced' Host Controller (EHCI) Driver
[    2.684692] ehci-pci: EHCI PCI platform driver
[    2.689361] Driver 'ehci-pci' needs an owner
[    2.693786] ehci-platform: EHCI generic platform driver
[    2.699462] Driver 'ehci-platform' needs an owner
[    2.704650] ehci-omap: OMAP-EHCI Host Controller driver
[    2.710357] Driver 'ehci-omap' needs an owner
[    2.715179] ehci-omap 48064800.ehci: Can't get PHY device for port 1: -517
[    2.722656] platform 48064800.ehci: Driver ehci-omap requests probe deferral
[    2.730224] ehci-orion: EHCI orion driver
[    2.734466] Driver 'orion-ehci' needs an owner
[    2.739288] SPEAr-ehci: EHCI SPEAr driver
[    2.743713] Driver 'spear-ehci' needs an owner
[    2.748504] tegra-ehci: Tegra EHCI driver
[    2.752929] Driver 'tegra-ehci' needs an owner
[    2.757781] ohci_hcd: USB 1.1 'Open' Host Controller (OHCI) Driver
[    2.764526] ohci-pci: OHCI PCI platform driver
[    2.769195] Driver 'ohci-pci' needs an owner
[    2.773620] ohci-platform: OHCI generic platform driver
[    2.779327] Driver 'ohci-platform' needs an owner
[    2.784423] ohci-omap3: OHCI OMAP3 driver
[    2.788848] Driver 'ohci-omap3' needs an owner
[    2.793762] ohci-omap3 48064400.ohci: OHCI Host Controller
[    2.799804] ohci-omap3 48064400.ohci: new USB bus registered, assigned bus number 1
[    2.808227] ohci-omap3 48064400.ohci: irq 266, io mem 0x48064400
[    2.887542] hub 1-0:1.0: USB hub found
[    2.891601] hub 1-0:1.0: 3 ports detected
[    2.896820] SPEAr-ohci: OHCI SPEAr driver
[    2.901000] Driver 'spear-ohci' needs an owner
[    2.906066] Driver 'isp1760' needs an ownerDriver 'nxp-isp1760' needs an owner
[    2.914276] Driver 'isp1760' needs an ownerDriver 'usb-storage' needs an owner
[    2.922180] usbcore: registered new interface driver usb-storage
[    2.928710] Driver 'tegra-phy' needs an owner
[    2.933502] Driver 'gpio-vbus' needs an ownerDriver 'isp1301' needs an owner
[    2.941192] Driver 'ci_hdrc' needs an ownerDriver 'msm_hsusb' needs an owner
[    2.949096] Driver 'zevio_usb' needs an ownerDriver 'ci_hdrc_pci' needs an owner
[    2.957336] Driver 'usbmisc_imx' needs an ownerDriver 'imx_usb' needs an owner
[    2.965789] Driver 'kmi-pl050' needs an owner[    2.971008] mousedev: PS/2 mouse device common for all mice
[    2.976928] Driver 'atkbd' needs an owner
[    2.981079] Driver 'cros-ec-keyb' needs an ownerDriver 'samsung-keypad' needs an owner
[    2.990173] Driver 'keyboard' needs an ownerDriver 'st-keyscan' needs an owner
[    2.998382] Driver 'tegra-kbc' needs an ownerDriver 'psmouse' needs an owner
[    3.006652] Driver 'atmel_mxt_ts' needs an ownerDriver 'stmpe-ts' needs an owner
[    3.014770] Driver 'mpu3050' needs an ownerDriver 'sirfsoc-pwrc' needs an owner
[    3.022918] Driver 'as3722-rtc' needs an ownerDriver 'rtc-ds1307' needs an owner
[    3.031005] Driver 'rtc-em3027' needs an ownerDriver 'max8907-rtc' needs an owner
[    3.039184] Driver 'rtc-mv' needs an ownerDriver 'palmas-rtc' needs an owner
[    3.047241] Driver 'rtc-pl031' needs an ownerDriver 'rtc-spear' needs an owner
[    3.055236] Driver 'sun6i-rtc' needs an ownerDriver 'sunxi-rtc' needs an owner
[    3.063476] Driver 'tegra_rtc' needs an ownerDriver 'twl_rtc' needs an owner
[    3.072021] twl_rtc 48070000.i2c:twl@48:rtc: Power up reset detected.
[    3.079132] twl_rtc 48070000.i2c:twl@48:rtc: Enabling TWL-RTC
[    3.089447] twl_rtc 48070000.i2c:twl@48:rtc: rtc core: registered 48070000.i2c:twl@48 as rtc0
[    3.099639] Driver 'tps6586x-rtc' needs an owner
[    3.104583] Driver 'tps65910-rtc' needs an ownerDriver 'vt8500-rtc' needs an owner
[    3.113128] i2c /dev entries driver
[    3.117767] Driver 'cdns-i2c' needs an owner
[    3.122436] Driver 'exynos5-hsi2c' needs an ownerDriver 'mv64xxx_i2c' needs an owner
[    3.131530] Driver 'sirfsoc_i2c' needs an ownerDriver 'st-i2c' needs an owner
[    3.139678] Driver 'xiic-i2c' needs an ownerDriver 'bcm-kona-i2c' needs an owner
[    3.148040] Driver 'pca954x' needs an ownerDriver 'i2c-mux-pinctrl' needs an owner
[    3.156463] Driver 'uvcvideo' needs an owner[    3.161071] usbcore: registered new interface driver uvcvideo
[    3.167114] USB Video Class driver (1.1.1)
[    3.171447] gspca_main: v2.14.0 registered
[    3.175750] Driver 'sbs-battery' needs an owner
[    3.180450] Driver 'tps65090-charger' needs an ownerDriver 'as3722-power-off' needs an owner
[    3.189880] Driver 'poweroff-gpio' needs an ownerDriver 'hisi-reboot' needs an owner
[    3.198608] Driver 'sun6i-reboot' needs an ownerDriver 'vexpress-reset' needs an owner
[    3.207641] Driver 'lm90' needs an ownerDriver 'lm95245' needs an owner
[    3.214782] Driver 'db8500-thermal' needs an ownerDriver 'armada_thermal' needs an owner
[    3.224090] Driver 'st_syscfg_thermal' needs an ownerDriver 'st_thermal_mmap' needs an owner
[    3.233764] Driver 'orion_wdt' needs an ownerDriver 'sunxi-wdt' needs an owner
[    3.242187] Driver 'ux500_wdt' needs an ownerDriver 'sirfsoc-wdt' needs an owner
[    3.250427] Driver 'meson_wdt' needs an ownerDriver 'Xilinx Watchdog' needs an owner
[    3.259216] Driver 'hb_mc_edac' needs an ownerDriver 'hb_l2_edac' needs an owner
[    3.267639] Driver 'cpufreq-ux500' needs an ownerDriver 'exynos-cpufreq' needs an owner
[    3.276489] Driver 'exynos5440-cpufreq' needs an ownerDriver 'omap-cpufreq' needs an owner
[    3.285644] Driver 'spear-cpufreq' needs an ownerDriver 'cpuidle-zynq' needs an owner
[    3.294342] Driver 'mmcblk' needs an owner[    3.298675] Driver 'mmcblk' needs updating - please use bus_type methods
[    3.305786] Driver 'mmci-pl18x' needs an owner
[    3.310363] sdhci: Secure Digital Host Controller Interface driver
[    3.317047] sdhci: Copyright(c) Pierre Ossman
[    3.321655] Driver 'sdhci-pxav3' needs an owner
[    3.326568] Driver 's3c-sdhci' needs an ownerDriver 'sdhci' needs an owner
[    3.334442] Driver 'mmci-omap' needs an ownerDriver 'omap_hsmmc' needs an owner
[    3.381866] Driver 'mvsdio' needs an owner[    3.386627] Synopsys Designware Multimedia Card Interface Driver
[    3.392974] Driver 'dw_mmc' needs an owner
[    3.397460] Driver 'dwmmc_exynos' needs an ownerDriver 'dwmmc_rockchip' needs an owner
[    3.406616] Driver 'wmt-sdhc' needs an ownerDriver 'sunxi-mmc' needs an owner
[    3.414733] sdhci-pltfm: SDHCI platform and OF driver helper
[    3.420898] Driver 'sdhci-esdhc-imx' needs an owner
[    3.426391] Driver 'sdhci-dove' needs an ownerDriver 'sdhci-tegra' needs an owner
[    3.434997] Driver 'sdhci-arasan' needs an ownerDriver 'sdhci-kona' needs an owner
[    3.443603] Driver 'sdhci-st' needs an ownerDriver 'leds-gpio' needs an owner
[    3.452362] Driver 'leds_pwm' needs an owner[    3.457244] leds_pwm pwmleds: unable to request PWM for beagleboard::pmu_stat: -517
[    3.465362] platform pwmleds: Driver leds_pwm requests probe deferral
[    3.472381] ledtrig-cpu: registered to indicate activity on CPUs
[    3.478912] Driver 'hid-generic' needs an owner
[    3.483612] Driver 'usbhid' needs an owner[    3.488067] usbcore: registered new interface driver usbhid
[    3.493927] usbhid: USB HID core driver
[    3.497985] Driver 'isl29018' needs an owner
[    3.502410] Driver 'isl29028' needs an ownerDriver 'nvec-mouse' needs an owner
[    3.510345] Driver 'nvec' needs an ownerDriver 'nvec-power' needs an owner
[    3.518188] Driver 'nvec-kbd' needs an ownerDriver 'nvec-paz00' needs an owner
[    3.526184] Driver 'mmcc-apq8084' needs an ownerDriver 'mmcc-msm8960' needs an owner
[    3.535034] Driver 'mmcc-msm8974' needs an ownerDriver 'sun6i-a31-ar100-clk' needs an owner
[    3.544464] Driver 'sun6i-a31-apb0-clk' needs an ownerDriver 'sun6i-a31-apb0-gates-clk' needs an owner
[    3.554901] Driver 'sun8i-a23-apb0-clk' needs an ownerDriver 'dra7-atl' needs an owner
[    3.563842] Driver 'pl320' needs an ownerDriver 'mvebu-devbus' needs an owner
[    3.571807] Driver 'tegra20-mc' needs an ownerDriver 'tegra30-mc' needs an owner
[    3.580139] Driver 'xadc' needs an ownerDriver 'ak8975' needs an owner
[    3.588684] Driver 'snd-soc-dummy' needs an ownerDriver 'soc-audio' needs an owner
[    3.597351] Driver 'alc5632' needs an ownerDriver 'max98090' needs an owner
[    3.604888] Driver 'rt5640' needs an ownerDriver 'tlv320aic23-codec' needs an owner
[    3.613159] Driver 'wm8753' needs an ownerDriver 'wm8753' needs an owner
[    3.620391] Driver 'wm8903' needs an ownerDriver 'tegra20-das' needs an owner
[    3.628356] Driver 'tegra20-i2s' needs an ownerDriver 'tegra30-ahub' needs an owner
[    3.637207] Driver 'tegra30-i2s' needs an ownerDriver 'tegra-snd-rt5640' needs an owner
[    3.646301] Driver 'tegra-snd-wm8753' needs an ownerDriver 'tegra-snd-wm8903' needs an owner
[    3.655761] Driver 'tegra-snd-trimslice' needs an ownerDriver 'tegra-alc5632' needs an owner
[    3.665252] Driver 'tegra-snd-max98090' needs an owner[    3.671295] TCP: cubic registered
[    3.674804] NET: Registered protocol family 17
[    3.679534] can: controller area network core (rev 20120528 abi 9)
[    3.686126] NET: Registered protocol family 29
[    3.690826] can: raw protocol (rev 20120528)
[    3.695343] can: broadcast manager protocol (rev 20120528 t)
[    3.701324] can: netlink gateway (rev 20130117) max_hops=1
[    3.707519] Driver 'rfkill_gpio' needs an owner
[    3.712463] Key type dns_resolver registered
[    3.717498] omap2_set_init_voltage: unable to find boot up OPP for vdd_mpu_iva
[    3.725128] omap2_set_init_voltage: unable to set vdd_mpu_iva
[    3.731170] omap2_set_init_voltage: unable to find boot up OPP for vdd_core
[    3.738494] omap2_set_init_voltage: unable to set vdd_core
[    3.745849] ThumbEE CPU extension supported.
[    3.750427] Registering SWP/SWPB emulation handler
[    3.846466] ehci-omap 48064800.ehci: EHCI Host Controller
[    3.852203] ehci-omap 48064800.ehci: new USB bus registered, assigned bus number 2
[    3.860504] ehci-omap 48064800.ehci: irq 267, io mem 0x48064800
[    3.875213] mmc0: host does not support reading read-only switch, assuming write-enable
[    3.883697] ehci-omap 48064800.ehci: USB 2.0 started, EHCI 1.00
[    3.890136] mmc0: new high speed SDHC card at address 1234
[    3.897674] hub 2-0:1.0: USB hub found
[    3.901794] mmcblk0: mmc0:1234 SA04G 3.63 GiB 
[    3.907348] hub 2-0:1.0: 3 ports detected
[    3.911804]  mmcblk0: p1 p2
[    3.918029] leds_pwm pwmleds: unable to request PWM for beagleboard::pmu_stat: -517
[    3.926208] platform pwmleds: Driver leds_pwm requests probe deferral
[    3.933319] Driver 'cpsw' needs an owner
[    3.937866] Driver 'gpio-keys' needs an owner[    3.943450] input: gpio_keys as /devices/platform/gpio_keys/input/input0
[    3.952636] leds_pwm pwmleds: unable to request PWM for beagleboard::pmu_stat: -517
[    3.960784] platform pwmleds: Driver leds_pwm requests probe deferral
[    3.968078] twl_rtc 48070000.i2c:twl@48:rtc: setting system clock to 2000-01-01 00:00:00 UTC (946684800)
[    4.226470] usb 2-2: new high-speed USB device number 2 using ehci-omap
[    4.363403] hub 2-2:1.0: USB hub found
[    4.367614] hub 2-2:1.0: 5 ports detected
[    4.375457] leds_pwm pwmleds: unable to request PWM for beagleboard::pmu_stat: -517
[    4.383605] platform pwmleds: Driver leds_pwm requests probe deferral
[    4.656738] usb 2-2.1: new high-speed USB device number 3 using ehci-omap
[    4.770446] smsc95xx v1.0.4
[    4.835418] smsc95xx 2-2.1:1.0 eth0: register 'smsc95xx' at usb-48064800.ehci-2.1, smsc95xx USB 2.0 Ethernet, 2e:5c:3e:c9:b0:81
[    4.848999] leds_pwm pwmleds: unable to request PWM for beagleboard::pmu_stat: -517
[    4.857177] platform pwmleds: Driver leds_pwm requests probe deferral
[    5.052276] smsc95xx 2-2.1:1.0 eth0: hardware isn't capable of remote wakeup
[    6.664093] smsc95xx 2-2.1:1.0 eth0: link up, 100Mbps, full-duplex, lpa 0xC5E1
[    6.686340] Sending DHCP requests ., OK
[    7.751831] IP-Config: Got DHCP answer from 192.168.1.254, my address is 192.168.1.192
[    7.760345] IP-Config: Complete:
[    7.763763]      device=eth0, hwaddr=2e:5c:3e:c9:b0:81, ipaddr=192.168.1.192, mask=255.255.255.0, gw=192.168.1.254
[    7.774627]      host=192.168.1.192, domain=ti.com, nis-domain=(none)
[    7.781402]      bootserver=192.168.1.254, rootserver=192.168.1.254, rootpath=
[    7.788818]      nameserver0=192.0.2.2, nameserver1=192.0.2.3
[    7.795532] VPLL2: disabling
[    7.799102] VUSB3V1: disabling
[    7.803649] VDAC: disabling
[    7.807495] VAUX3: disabling
[    7.811462] ALSA device list:
[    7.814575]   No soundcards found.
[    7.821624] EXT4-fs (mmcblk0p2): mounting ext3 file system using the ext4 subsystem
[    7.854370] EXT4-fs (mmcblk0p2): mounted filesystem with ordered data mode. Opts: (null)
[    7.862976] VFS: Mounted root (ext3 filesystem) on device 179:2.
[    7.880462] devtmpfs: mounted
[    7.884826] Freeing unused kernel memory: 748K (c0b8b000 - c0c46000)
INIT: version 2.88 booting
Error opening /dev/fb0: No such file or directory
/dev/ttyO2 linked to /dev/tty-bd - using as console
Starting udev
[    8.729492] udevd[93]: starting version 182
[   67.695007] random: nonblocking pool is initialized
udevadm settle - timeout of 120 seconds reached, the event queue contains:
  /sys/devices/platform/68000000.ocp/48064000.usbhshost/48064800.ehci/usb2/2-2/2-2.1/2-2.1:1.0/net/eth0 (1920)
  /sys/devices/platform/68000000.ocp/48072000.i2c/i2c-1 (1984)
  /sys/devices/platform/68000000.ocp/48072000.i2c/i2c-1/i2c-dev/i2c-1 (1985)
  /sys/devices/platform/68000000.ocp/48086000.timer (1986)
ERROR: could not open directory /lib/modules/3.18.0-rc4-next-20141111-00002-gc84051b: No such file or directory
WARNING: -e needs -E or -F
ERROR: could not open directory /lib/modules/3.18.0-rc4-next-20141111-00002-gc84051b: No such file or directory
FATAL: could not search modules: No such file or directory
Starting Bootlog daemon: bootlogd.
[  130.325225] EXT4-fs (mmcblk0p2): re-mounted. Opts: data=ordered
ALSA: Restoring mixer settings...
/usr/sbin/alsactl: load_state:1696: No soundcards found...
Configuring network interfaces... udhcpc (v1.20.2) started
Sending discover...
Sending select for 192.168.1.192...
Lease of 192.168.1.192 obtained, lease time 600
/etc/udhcpc.d/50default: Adding DNS 192.0.2.2
/etc/udhcpc.d/50default: Adding DNS 192.0.2.3
done.
Sun Feb  6 00:38:00 UTC 2000
INIT: Entering runlevel: 3
/dev/ttyO2 linked to /dev/tty-bd - using as console
Starting system message bus: dbus.
Starting Dropbear SSH server: dropbear.
Starting telnet daemon.
Starting syslogd/klogd: done
Starting thttpd.
Starting Lighttpd Web Server: lighttpd.
2000-02-06 00:38:01: (log.c.166) server started 
***************************************************************
***************************************************************
NOTICE: This file system contains the followin GPLv3 packages:
	binutils-symlinks
	binutils
	gdbserver
	parted
If you do not wish to distribute GPLv3 components please remove
the above packages prior to distribution.  This can be done using
the opkg remove command.  i.e.:
    opkg remove <package>
Where <package> is the name printed in the list above
NOTE: If the package is a dependency of another package you
      will be notified of the dependent packages.  You should
      use the --force-removal-of-dependent-packages option to
      also remove the dependent packages as well
***************************************************************
***************************************************************
Stopping Bootlog daemon: bootlogd.
 _____                    _____           _         _   
|  _  |___ ___ ___ ___   |  _  |___ ___  |_|___ ___| |_ 
|     |  _| .'| . | . |  |   __|  _| . | | | -_|  _|  _|
|__|__|_| |__,|_  |___|  |__|  |_| |___|_| |___|___|_|  
              |___|                    |___|            
Arago Project http://arago-project.org GenericOMAP36xx(FlattenedDeviceTree) tty-bd
Arago 2013.12 GenericOMAP36xx(FlattenedDeviceTree) tty-bd
GenericOMAP36xx(FlattenedDeviceTree) login: 
- 06:16:42 [INFO] Host: root
- 06:16:43 [INFO] Target: 
root
root@GenericOMAP36xx(FlattenedDeviceTree):~# 
- 06:16:43 [INFO] Host: uname -a
- 06:16:43 [INFO] Target: 
uname -a
Linux GenericOMAP36xx(FlattenedDeviceTree) 3.18.0-rc4-next-20141111-00002-gc84051b #1 SMP Tue Nov 11 06:07:06 CST 2014 armv7l GNU/Linux
root@GenericOMAP36xx(FlattenedDeviceTree):~# 
- 06:16:43 [INFO] Host: cat /proc/cmdline
- 06:16:44 [INFO] Target: 
cat /proc/cmdline
console=ttyO2,115200n8  earlyprintk rootwait  ip=dhcp  root=/dev/mmcblk0p2 rw rootfstype=ext3 rootwait 
root@GenericOMAP36xx(FlattenedDeviceTree):~# 
- 06:16:44 [INFO] Host: uname -a
- 06:16:44 [INFO] Target: 
uname -a
Linux GenericOMAP36xx(FlattenedDeviceTree) 3.18.0-rc4-next-20141111-00002-gc84051b #1 SMP Tue Nov 11 06:07:06 CST 2014 armv7l GNU/Linux
root@GenericOMAP36xx(FlattenedDeviceTree):~# 
- 06:16:44 [INFO] Host: cat /proc/mtd
- 06:16:45 [INFO] Target: 
cat /proc/mtd
dev:    size   erasesize  name
root@GenericOMAP36xx(FlattenedDeviceTree):~# 
- 06:16:50 [INFO] Host: export IPERFHOST=128.247.105.47
- 06:16:51 [INFO] Target: 
export IPERFHOST=128.247.105.47
root@GenericOMAP36xx(FlattenedDeviceTree):~# 
- 06:16:51 [INFO] Host: export NFS_SERVER=128.247.105.47
- 06:16:52 [INFO] Target: 
export NFS_SERVER=128.247.105.47
root@GenericOMAP36xx(FlattenedDeviceTree):~# 
- 06:16:52 [INFO] Host: export NFS_ROOT_PATH=/usr/workdir/filesys/linux/bbxm
- 06:16:52 [INFO] Target: 
export NFS_ROOT_PATH=/usr/workdir/f 
ilesys/linux/bbxm
root@GenericOMAP36xx(FlattenedDeviceTree):~# 
- 06:16:52 [INFO] Host: mkdir -p -m 777 /test
- 06:16:53 [INFO] Target: 
mkdir -p -m 777 /test
root@GenericOMAP36xx(FlattenedDeviceTree):~# 
- 06:16:53 [INFO] Host: cd /test
- 06:16:53 [INFO] Target: 
cd /test
root@GenericOMAP36xx(FlattenedDeviceTree):/test# 
- 06:16:53 [INFO] Host: cat > test.sh << EOF
- 06:16:54 [INFO] Target: 
cat > test.sh << EOF
- 06:16:54 [INFO] Host: failtest() {
- 06:16:54 [INFO] Target: 
failtest() {
- 06:16:54 [INFO] Host:   echo 1 >&3
- 06:16:55 [INFO] Target: 
  echo 1 >&3
- 06:16:55 [INFO] Host: }
- 06:16:56 [INFO] Target: 
- 06:16:56 [INFO] Host: timeout=600
- 06:16:56 [INFO] Target: 
timeout=600
- 06:16:56 [INFO] Host: 
- 06:16:57 [INFO] Target: 
- 06:16:57 [INFO] Host: # Start of user's script logic
- 06:16:57 [INFO] Target: 
# Start of user's script logic
- 06:16:57 [INFO] Host: 
- 06:16:58 [INFO] Target: 
- 06:16:58 [INFO] Host: 
- 06:16:59 [INFO] Target: 
- 06:16:59 [INFO] Host: mount -t proc proc /proc 2>/dev/null;
- 06:16:59 [INFO] Target: 
mount -t proc proc /proc 2>/dev/null;
- 06:16:59 [INFO] Host: 
- 06:17:00 [INFO] Target: 
- 06:17:00 [INFO] Host: mount -t sysfs sys /sys 2>/dev/null;
- 06:17:00 [INFO] Target: 
mount -t sysfs sys /sys 2>/dev/null;
- 06:17:00 [INFO] Host: 
- 06:17:01 [INFO] Target: 
- 06:17:01 [INFO] Host: mount -t debugfs none /sys/kernel/debug 2>/dev/null;
- 06:17:01 [INFO] Target: 
mount -t debugfs none /sys/kernel/debug 2>/dev/null;
- 06:17:01 [INFO] Host: 
- 06:17:02 [INFO] Target: 
- 06:17:02 [INFO] Host: echo 'cpuinfo:';cat /proc/cpuinfo; echo '=======';
- 06:17:03 [INFO] Target: 
echo 'cpuinfo:';cat /proc/cpuinfo; echo '=======';
- 06:17:03 [INFO] Host: 
- 06:17:03 [INFO] Target: 
- 06:17:03 [INFO] Host: echo 'soc info:';head /sys/devices/soc0/* 2>/dev/null; echo '=======';
- 06:17:04 [INFO] Target: 
echo 'soc info:';head /sys/devices/soc0/* 2>/dev/null; echo '=======';
- 06:17:04 [INFO] Host: 
- 06:17:04 [INFO] Target: 
- 06:17:04 [INFO] Host: echo 'DT Model info'; head /proc/device-tree/name /proc/device-tree/model /proc/device-tree/compatible 2>/dev/null;echo; echo '=======';
- 06:17:05 [INFO] Target: 
echo 'DT Model info'; head /proc/device-tree/name /proc/device-tree/model /pro 
c/device-tree/compatible 2>/dev/null;echo; echo '=======';
- 06:17:05 [INFO] Host: 
- 06:17:06 [INFO] Target: 
- 06:17:06 [INFO] Host: echo 'interrupts:';cat /proc/interrupts; echo '=======';
- 06:17:06 [INFO] Target: 
echo 'interrupts:';cat /proc/interrupts; echo '=======';
- 06:17:06 [INFO] Host: 
- 06:17:07 [INFO] Target: 
- 06:17:07 [INFO] Host: echo 'Clk_summary:';cat /sys/kernel/debug/clk/clk_summary; echo '=======';
- 06:17:07 [INFO] Target: 
echo 'Clk_summary:';cat /sys/kernel/debug/clk/clk_summary; echo '=======';
- 06:17:07 [INFO] Host: 
- 06:17:08 [INFO] Target: 
- 06:17:08 [INFO] Host: echo 'Orphan Clks:';ls /sys/kernel/debug/clk/orphans/; echo '=======';
- 06:17:08 [INFO] Target: 
echo 'Orphan Clks:';ls /sys/kernel/debug/clk/orphans/; echo '=======';
- 06:17:08 [INFO] Host: 
- 06:17:09 [INFO] Target: 
- 06:17:09 [INFO] Host: echo "Available frequencies"; cat /sys/devices/system/cpu/cpu0/cpufreq/scaling_available_frequencies 2>/dev/null;echo '=======';
- 06:17:10 [INFO] Target: 
echo "Available frequencies"; cat /sys/devices/system/cpu/cpu0/cpufreq/scaling 
_available_frequencies 2>/dev/null;echo '=======';
- 06:17:10 [INFO] Host: 
- 06:17:10 [INFO] Target: 
- 06:17:10 [INFO] Host: echo 'H''ello World' 'B''oard Booted';
- 06:17:11 [INFO] Target: 
echo 'H''ello World' 'B''oard Booted';
- 06:17:11 [INFO] Host: 
- 06:17:11 [INFO] Target: 
- 06:17:11 [INFO] Host: EOF
- 06:17:12 [INFO] Target: 
root@GenericOMAP36xx(FlattenedDeviceTree):/test# 
- 06:17:12 [INFO] Host: cd /test
- 06:17:12 [INFO] Target: 
cd /test
root@GenericOMAP36xx(FlattenedDeviceTree):/test# 
- 06:17:13 [INFO] Host: chmod +x test.sh
- 06:17:13 [INFO] Target: 
chmod +x test.sh
root@GenericOMAP36xx(FlattenedDeviceTree):/test# 
- 06:17:13 [INFO] Host: ./test.sh 2> stderr.log > stdout.log 3> result.log
- 06:17:14 [INFO] Target: 
./test.sh 2> stderr.log > stdou 
t.log 3> result.log
root@GenericOMAP36xx(FlattenedDeviceTree):/test# 
- 06:17:14 [INFO] Host: echo $?
- 06:17:14 [INFO] Target: 
echo $?
root@GenericOMAP36xx(FlattenedDeviceTree):/test# 
- 06:17:14 [INFO] Host: cd /test
- 06:17:15 [INFO] Target: 
cd /test
root@GenericOMAP36xx(FlattenedDeviceTree):/test# 
- 06:17:15 [INFO] Host: cat stdout.log
- 06:17:17 [INFO] Target: 
cat stdout.log
cpuinfo:
processor	: 0
model name	: ARMv7 Processor rev 2 (v7l)
Features	: half thumb fastmult vfp edsp thumbee neon vfpv3 tls vfpd32 
CPU implementer	: 0x41
CPU architecture: 7
CPU variant	: 0x3
CPU part	: 0xc08
CPU revision	: 2
Hardware	: Generic OMAP36xx (Flattened Device Tree)
Revision	: 0000
Serial		: 0000000000000000
=======
soc info:
==> /sys/devices/soc0/family <==
OMAP3
==> /sys/devices/soc0/machine <==
OMAP3630
==> /sys/devices/soc0/power <==
==> /sys/devices/soc0/revision <==
ES1.2
==> /sys/devices/soc0/subsystem <==
==> /sys/devices/soc0/type <==
==> /sys/devices/soc0/uevent <==
=======
DT Model info
==> /proc/device-tree/name <==
==> /proc/device-tree/model <==
TI OMAP3 BeagleBoard xM
==> /proc/device-tree/compatible <==
ti,omap3-beagle-xmti,omap36xxti,omap3
=======
interrupts:
           CPU0       
 16:       5564      INTC  37  gp_timer
 23:       2117      INTC  13  omap-dma-engine
 28:          0  49050000.gpio   0  DMA
194:       4497      INTC  74  OMAP UART2
195:       1065      INTC  56  48070000.i2c
196:          0      INTC  57  48072000.i2c
197:          0      INTC  61  48060000.i2c
204:       3312      INTC  83  mmc0
225:          0      INTC  20  gpmc
233:       6176      PRCM  pm_wkup
242:          2      PRCM  pinctrl, pinctrl, pinctrl, pm_io
265:          0      INTC   7  TWL4030-PIH
266:          3      INTC  76  ohci_hcd:usb1
267:        316      INTC  77  ehci_hcd:usb2
268:          1   pinctrl 366  OMAP UART2
269:          0   twl4030   0  twl4030_gpio
274:          0   twl4030   5  twl4030_power
280:          0   twl4030  11  rtc0
307:          0  48310000.gpio   4  user
IPI0:          0  CPU wakeup interrupts
IPI1:          0  Timer broadcast interrupts
IPI2:          0  Rescheduling interrupts
IPI3:          0  Function call interrupts
IPI4:          0  Single function call interrupts
IPI5:          0  CPU stop interrupts
IPI6:          0  IRQ work interrupts
IPI7:          0  completion interrupts
Err:          0
=======
Clk_summary:
   clock                         enable_cnt  prepare_cnt        rate   accuracy   phase
----------------------------------------------------------------------------------------
 secure_32k_fck                           0            1       32768          0 0  
    wdt1_fck                              0            0       32768          0 0  
    gpt12_fck                             0            1       32768          0 0  
 dummy_ck                                 0            0           0          0 0  
 mcbsp_clks                               0            5           0          0 0  
 sys_altclk                               0            0           0          0 0  
 virt_38_4m_ck                            0            0    38400000          0 0  
 virt_26000000_ck                         1            1    26000000          0 0  
    osc_sys_ck                            1            1    26000000          0 0  
       sys_clkout1                        0            0    26000000          0 0  
       sys_ck                             4           18    13000000          0 0  
          gpt9_fck                        0            1    13000000          0 0  
          gpt8_fck                        0            1    13000000          0 0  
          gpt7_fck                        0            1    13000000          0 0  
          gpt6_fck                        0            1    13000000          0 0  
          gpt5_fck                        0            1    13000000          0 0  
          gpt4_fck                        0            1    13000000          0 0  
          gpt3_fck                        0            1    13000000          0 0  
          gpt2_fck                        0            1    13000000          0 0  
          cpefuse_fck                     0            0    13000000          0 0  
          dpll5_ck                        1            1   120000000          0 0  
             dpll5_m2_ck                  2            2   120000000          0 0  
                dpll5_m2_d20_ck           0            0     6000000          0 0  
                dpll5_m2_d16_ck           0            0     7500000          0 0  
                dpll5_m2_d8_ck            0            0    15000000          0 0  
                dpll5_m2_d4_ck            0            0    30000000          0 0  
                usbhost_120m_fck           1            1   120000000          0 0  
                usbtll_fck                1            1   120000000          0 0  
          sys_d2_ck                       0            0     6500000          0 0  
             usim_fck                     0            0     6500000          0 0  
          modem_fck                       0            0    13000000          0 0  
          dpll2_ck                        0            1   260000000          0 0  
             dpll2_m2_ck                  0            1   260000000          0 0  
                iva2_ck                   0            2   260000000          0 0  
          sr2_fck                         0            1    13000000          0 0  
          sr1_fck                         0            1    13000000          0 0  
          traceclk_src_fck                0            0    13000000          0 0  
             traceclk_fck                 0            0    13000000          0 0  
          emu_src_mux_ck                  0            1    13000000          0 0  
             emu_src_ck                   0            1    13000000          0 0  
                atclk_fck                 0            0    13000000          0 0  
                pclkx2_fck                0            0    13000000          0 0  
                pclk_fck                  0            0     6500000          0 0  
          dss2_alwon_fck                  0            2    13000000          0 0  
          dpll1_ck                        0            1   600000000          0 0  
             dpll1_x2_ck                  0            1  1200000000          0 0  
                dpll1_x2m2_ck             0            1  1200000000          0 0  
                   mpu_ck                 0            1  1200000000          0 0  
                      emu_mpu_alwon_ck           0            0  1200000000          0 0  
                      arm_fck             0            1   600000000          0 0  
          dpll3_ck                        1            1   400000000          0 0  
             dpll3_x2_ck                  0            0   800000000          0 0  
             dpll3_m2_ck                  1            1   400000000          0 0  
                dpll3_m2x2_ck             0            0   800000000          0 0  
                   corex2_fck             0            0   800000000          0 0  
                      ssi_ssr_fck_3430es2           0            0   266666667          0 0  
                         ssi_sst_fck_3430es2           0            0   133333333          0 0  
                      corex2_d5_fck           0            0   160000000          0 0  
                      corex2_d3_fck           0            0   266666666          0 0  
                core_ck                   1            1   400000000          0 0  
                   core_d2_ck             0            0   200000000          0 0  
                      sgx_fck             0            0   200000000          0 0  
                   core_d6_ck             0            0    66666666          0 0  
                   core_d4_ck             0            0   100000000          0 0  
                   core_d3_ck             0            0   133333333          0 0  
                   dpll2_fck              0            0   400000000          0 0  
                   l3_ick                 2            3   200000000          0 0  
                      sgx_ick             0            0   200000000          0 0  
                      mad2d_ick           0            0   200000000          0 0  
                      sad2d_ick           0            1   200000000          0 0  
                      security_l3_ick           0            0   200000000          0 0  
                         pka_ick           0            0   200000000          0 0  
                      core_l3_ick           8           10   200000000          0 0  
                         hsotgusb_ick_3430es2           0            1   200000000          0 0  
                         gpmc_fck           2            2   200000000          0 0  
                         sdrc_ick           1            1   200000000          0 0  
                      l4_ick              6            7   100000000          0 0  
                         usbhost_ick           1            1   100000000          0 0  
                         dss_ick_3430es2           4            6   100000000          0 0  
                         sr_l4_ick           2            2   100000000          0 0  
                         ssi_l4_ick           0            0   100000000          0 0  
                            ssi_ick_3430es2           0            0   100000000          0 0  
                         cam_ick           0            1   100000000          0 0  
                         security_l4_ick2           0            0   100000000          0 0  
                            des1_ick           0            0   100000000          0 0  
                            sha11_ick           0            0   100000000          0 0  
                            rng_ick           0            0   100000000          0 0  
                            aes1_ick           0            0   100000000          0 0  
                         per_l4_ick          14           18   100000000          0 0  
                            mcbsp4_ick           2            2   100000000          0 0  
                            mcbsp3_ick           2            2   100000000          0 0  
                            mcbsp2_ick           1            1   100000000          0 0  
                            gpt2_ick           1            1   100000000          0 0  
                            gpt3_ick           1            1   100000000          0 0  
                            gpt4_ick           1            1   100000000          0 0  
                            gpt5_ick           1            1   100000000          0 0  
                            gpt6_ick           1            1   100000000          0 0  
                            gpt7_ick           1            1   100000000          0 0  
                            gpt8_ick           1            1   100000000          0 0  
                            gpt9_ick           1            1   100000000          0 0  
                            uart4_ick           1            1   100000000          0 0  
                            uart3_ick           1            1   100000000          0 0  
                            wdt3_ick           0            0   100000000          0 0  
                            gpio2_ick           0            1   100000000          0 0  
                            gpio3_ick           0            1   100000000          0 0  
                            gpio4_ick           0            1   100000000          0 0  
                            gpio5_ick           1            1   100000000          0 0  
                            gpio6_ick           0            1   100000000          0 0  
                         core_l4_ick          21           23   100000000          0 0  
                            mmchs3_ick           1            1   100000000          0 0  
                            usbtll_ick           1            1   100000000          0 0  
                            mailboxes_ick           0            1   100000000          0 0  
                            mspro_ick           0            0   100000000          0 0  
                            des2_ick           0            0   100000000          0 0  
                            icr_ick           0            0   100000000          0 0  
                            sha12_ick           1            2   100000000          0 0  
                            aes2_ick           1            2   100000000          0 0  
                            omapctrl_ick           1            1   100000000          0 0  
                            mcbsp1_ick           1            1   100000000          0 0  
                            mcbsp5_ick           1            1   100000000          0 0  
                            gpt10_ick           1            1   100000000          0 0  
                            gpt11_ick           1            1   100000000          0 0  
                            uart1_ick           1            1   100000000          0 0  
                            uart2_ick           1            1   100000000          0 0  
                            i2c1_ick           1            1   100000000          0 0  
                            i2c2_ick           1            1   100000000          0 0  
                            i2c3_ick           1            1   100000000          0 0  
                            mcspi1_ick           1            1   100000000          0 0  
                            mcspi2_ick           1            1   100000000          0 0  
                            mcspi3_ick           1            1   100000000          0 0  
                            mcspi4_ick           1            1   100000000          0 0  
                            hdq_ick           0            1   100000000          0 0  
                            mmchs1_ick           1            1   100000000          0 0  
                            mmchs2_ick           1            1   100000000          0 0  
                         rm_ick           0            0    50000000          0 0  
                   dpll1_fck              0            0   200000000          0 0  
             dpll3_m3_ck                  0            0   200000000          0 0  
                dpll3_m3x2_mul_ck           0            0   400000000          0 0  
                   dpll3_m3x2_ck           0            0   400000000          0 0  
                      emu_core_alwon_ck           0            0   400000000          0 0  
          dpll4_ck                        1            3   864000000          0 0  
             dpll4_x2_ck                  0            0  1728000000          0 0  
             dpll4_m6_ck                  0            0   288000000          0 0  
                dpll4_m6x2_mul_ck           0            0   288000000          0 0  
                   dpll4_m6x2_ck           0            0   288000000          0 0  
                      emu_per_alwon_ck           0            0   288000000          0 0  
             dpll4_m5_ck                  0            0   216000000          0 0  
                dpll4_m5x2_mul_ck           0            0   216000000          0 0  
                   dpll4_m5x2_ck           0            0   216000000          0 0  
                      cam_mclk            0            0   216000000          0 0  
             dpll4_m4_ck                  0            1    96000000          0 0  
                dpll4_m4x2_mul_ck           0            1    96000000          0 0  
                   dpll4_m4x2_ck           0            1    96000000          0 0  
                      dss1_alwon_fck_3430es2           0            4    96000000          0 0  
             dpll4_m3_ck                  0            1    54000000          0 0  
                dpll4_m3x2_mul_ck           0            1    54000000          0 0  
                   dpll4_m3x2_ck           0            1    54000000          0 0  
                      omap_54m_fck           0            1    54000000          0 0  
                         clkout2_src_ck           0            0    54000000          0 0  
                            sys_clkout2           0            0    54000000          0 0  
                         dss_tv_fck           0            2    54000000          0 0  
             dpll4_m2_ck                  1            1    96000000          0 0  
                dpll4_m2x2_mul_ck           1            1    96000000          0 0  
                   dpll4_m2x2_ck           1            1    96000000          0 0  
                      omap_192m_alwon_fck           0            0    96000000          0 0  
                      omap_96m_alwon_fck           1            2    96000000          0 0  
                         per_96m_fck           0            6    96000000          0 0  
                            mcbsp4_fck           0            1    96000000          0 0  
                            mcbsp3_fck           0            2    96000000          0 0  
                            mcbsp2_fck           0            2    96000000          0 0  
                         cm_96m_fck           1            2    96000000          0 0  
                            cm_96m_d2_fck           1            1    48000000          0 0  
                               omap_48m_fck           3            4    48000000          0 0  
                                  usbhost_48m_fck           1            1    48000000          0 0  
                                  per_48m_fck           2            2    48000000          0 0  
                                     uart4_fck           1            1    48000000          0 0  
                                     uart3_fck           1            1    48000000          0 0  
                                  core_48m_fck           2            6    48000000          0 0  
                                     uart1_fck           1            1    48000000          0 0  
                                     uart2_fck           1            1    48000000          0 0  
                                     mcspi1_fck           0            1    48000000          0 0  
                                     mcspi2_fck           0            1    48000000          0 0  
                                     mcspi3_fck           0            1    48000000          0 0  
                                     mcspi4_fck           0            1    48000000          0 0  
                                  omap_12m_fck           0            1    12000000          0 0  
                                     core_12m_fck           0            1    12000000          0 0  
                                        hdq_fck             0            1    12000000          0 0  
                            omap_96m_fck           0            2    96000000          0 0  
                               omap_96m_d10_fck           0            0     9600000          0 0  
                               omap_96m_d8_fck           0            0    12000000          0 0  
                               omap_96m_d4_fck           0            0    24000000          0 0  
                               omap_96m_d2_fck           0            0    48000000          0 0  
                               dss_96m_fck           0            2    96000000          0 0  
                               core_96m_fck           0           10    96000000          0 0  
                                  mcbsp1_fck           0            1    96000000          0 0  
                                  mcbsp5_fck           0            1    96000000          0 0  
                                  mmchs3_fck           0            1    96000000          0 0  
                                  mspro_fck           0            0    96000000          0 0  
                                  csi2_96m_fck           0            0    96000000          0 0  
                                  i2c1_fck           0            1    96000000          0 0  
                                  i2c2_fck           0            1    96000000          0 0  
                                  i2c3_fck           0            1    96000000          0 0  
                                  mmchs1_fck           0            1    96000000          0 0  
                                  mmchs2_fck           0            1    96000000          0 0  
          wkup_l4_ick                     5            5    13000000          0 0  
             usim_ick                     0            0    13000000          0 0  
             gpt1_ick                     1            1    13000000          0 0  
             gpt12_ick                    1            1    13000000          0 0  
             omap_32ksync_ick             1            1    13000000          0 0  
             gpio1_ick                    1            1    13000000          0 0  
             wdt1_ick                     0            0    13000000          0 0  
             wdt2_ick                     1            1    13000000          0 0  
 virt_19200000_ck                         0            0    19200000          0 0  
 virt_13m_ck                              0            0    13000000          0 0  
 virt_12m_ck                              0            0    12000000          0 0  
 omap_32k_fck                             2            8       32768          0 0  
    gpt1_fck                              1            1       32768          0 0  
    gpt11_fck                             0            1       32768          0 0  
    gpt10_fck                             0            1       32768          0 0  
    ts_fck                                0            0       32768          0 0  
    per_32k_alwon_fck                     0            5       32768          0 0  
       wdt3_fck                           0            0       32768          0 0  
       gpio2_dbck                         0            1       32768          0 0  
       gpio3_dbck                         0            1       32768          0 0  
       gpio4_dbck                         0            1       32768          0 0  
       gpio5_dbck                         0            1       32768          0 0  
       gpio6_dbck                         0            1       32768          0 0  
    wkup_32k_fck                          2            3       32768          0 0  
       wdt2_fck                           0            1       32768          0 0  
       gpio1_dbck                         1            2       32768          0 0  
 dummy_apb_pclk                           0            0           0          0 0  
 virt_16_8m_ck                            0            0    16800000          0 0  
=======
Orphan Clks:
=======
Available frequencies
=======
Hello World Board Booted
root@GenericOMAP36xx(FlattenedDeviceTree):/test# 
- 06:17:18 [INFO] Host: cat stderr.log
- 06:17:18 [INFO] Target: 
cat stderr.log
ls: /sys/kernel/debug/clk/orphans/: No such file or directory
root@GenericOMAP36xx(FlattenedDeviceTree):/test# 
- 06:17:18 [INFO] Host: cat result.log
- 06:17:20 [ERROR] On command: cat result.log waiting for (?m-ix:^1[\0\n\r]+) >>> error: execution expired
- 06:17:20 [INFO] Target: 
cat result.log
root@GenericOMAP36xx(FlattenedDeviceTree):/test# 
- 06:17:20 [INFO] Host: cd /test
- 06:17:21 [INFO] Target: 
cd /test
root@GenericOMAP36xx(FlattenedDeviceTree):/test# 
