- 06:08:05 [INFO] Starting target session
- 06:08:06 [INFO] Connected to beagleboard via serial 
- 06:08:06 [INFO] Host: 
- 06:08:06 [INFO] Target: 

root@GenericOMAP36xx(FlattenedDeviceTree):/test# 
- 06:08:06 [INFO] Host: sync;poweroff
- 06:08:27 [INFO] Target: 
sync;poweroff


Broadcast message from root@GenericOMAP36xx(FlattenedDeviceTree) (ttyO2) (Tue
The system is going down for system halt NOW!


INIT: Switching to runl
INIT: Sending processes the TERM signal

root@GenericOMAP36xx(FlattenedDeviceTree):/test# 
INIT: Sending processes the Stopping Dropbear SSH server: stopped /usr/sbin/dropbear (pid 1435)
dropbear.
Stopping telnet daemon.
Stopping system message bus: Error opening /dev/fb0: No such file or directory
Stopping syslogd/klogd: stopped syslogd (pid 1447)
stopped klogd (pid 1450)
done
Stopping thttpd.
ALSA: Storing mixer settings...
/usr/sbin/alsactl: save_state:1580: No soundcards found...
Deconfiguring network interfaces... ifdown: interface eth0 not configured
done.
Stopping Lighttpd Web Server: stopped /usr/sbin/lighttpd (pid 1461)
lighttpd.
***************************************************************
***************************************************************
NOTICE: This file system contains the followin GPLv3 packages:
	binutils-symlinks
	binutils
	gdbserver
	parted

If you do not wish to distribute GPLv3 components please remove
the above packages prior to distribution.  This can be done using
the opkg remove command.  i.e.:
    opkg remove <package>
Where <package> is the name printed in the list above

NOTE: If the package is a dependency of another package you
      will be notified of the dependent packages.  You should
      use the --force-removal-of-dependent-packages option to
      also remove the dependent packages as well
***************************************************************
***************************************************************
Sending all processes the TERM signal...
Sending all processes the KILL signal...
Unmounting remote filesystems...
Deactivating swap...
Unmounting local filesystems...
[ 1782.383422] FAT-fs (mmcblk0p1): error, invalid access to FAT (entry 0xfffffff5)
[ 1782.391540] FAT-fs (mmcblk0p1): Filesystem has been set read-only
[ 1784.583526] reboot: System halted

- 06:08:50 [INFO] Disconnected {"type"=>"serial"} from beagleboard
- 06:08:50 [INFO] Host: 
- 06:08:51 [INFO] Target: 
 0 
U-Boot# 
- 06:08:51 [INFO] Host: 
- 06:08:51 [INFO] Target: 

U-Boot# 
- 06:08:51 [INFO] Host: version
- 06:08:52 [INFO] Target: 
version

U-Boot 2014.04-00071-g8543283 (Apr 22 2014 - 15:49:50)
arm-linux-gnueabi-gcc (Ubuntu/Linaro 4.6.3-1ubuntu5) 4.6.3
GNU ld (GNU Binutils for Ubuntu) 2.22
U-Boot# 
- 06:08:52 [INFO] Host: setenv bootargs 'console=ttyO2,115200n8  earlyprintk rootwait '
- 06:08:52 [INFO] Target: 
setenv bootargs 'console=ttyO2,115200n8  earlyprintk rootwait '
U-Boot# 
- 06:08:52 [INFO] Host: setenv bootcmd  ''
- 06:08:53 [INFO] Target: 
setenv bootcmd  ''
U-Boot# 
- 06:08:53 [INFO] Host: setenv autoload 'no'
- 06:08:53 [INFO] Target: 
setenv autoload 'no'
U-Boot# 
- 06:08:54 [INFO] Host: setenv serverip '128.247.105.47'
- 06:08:54 [INFO] Target: 
setenv serverip '128.247.105.47'
U-Boot# 
- 06:08:54 [INFO] Host: printenv
- 06:08:55 [INFO] Target: 
printenv
arch=arm
autoload=no
baudrate=115200
beaglerev=xMC
board=beagle
board_name=beagle
bootargs=console=ttyO2,115200n8  earlyprintk rootwait 
bootcmd=
bootdelay=1
bootdir=/boot
bootenv=uEnv.txt
bootfile=uImage
bootm_size=0x08000000
bootpart=0:2
buddy=none
camera=none
console=ttyO2,115200n8
cpu=armv7
defaultdisplay=dvi
dieid#=409600029ff800000168300f0d00c008
dvimode=640x480MR-16@60
ethact=usb_ether
fdtaddr=0x80f80000
findfdt=if test $beaglerev = AxBx; then setenv fdtfile omap3-beagle.dtb; fi; if test $beaglerev = Cx; then setenv fdtfile omap3-beagle.dtb; fi; if test $beaglerev = C4; then setenv fdtfile omap3-beagle.dtb; fi; if test $beaglerev = xMAB; then setenv fdtfile omap3-beagle-xm.dtb; fi; if test $beaglerev = xMC; then setenv fdtfile omap3-beagle-xm.dtb; fi; if test $fdtfile = undefined; then echo WARNING: Could not determine device tree to use; fi; 
importbootenv=echo Importing environment from mmc ...; env import -t $loadaddr $filesize
loadaddr=0x80200000
loadbootenv=fatload mmc ${mmcdev} ${loadaddr} ${bootenv}
loadfdt=load mmc ${bootpart} ${fdtaddr} ${bootdir}/${fdtfile}
loadimage=load mmc ${bootpart} ${loadaddr} ${bootdir}/${bootfile}
loadramdisk=load mmc ${bootpart} ${rdaddr} ${bootdir}/${ramdisk}
mmcargs=setenv bootargs console=${console} ${optargs} mpurate=${mpurate} buddy=${buddy} camera=${camera} vram=${vram} omapfb.mode=dvi:${dvimode} omapdss.def_disp=${defaultdisplay} root=${mmcroot} rootfstype=${mmcrootfstype}
mmcboot=echo Booting from mmc ...; run mmcargs; bootm ${loadaddr}
mmcbootz=echo Booting with DT from mmc${mmcdev} ...; run mmcargs; bootz ${loadaddr} - ${fdtaddr}
mmcdev=0
mmcroot=/dev/mmcblk0p2 rw
mmcrootfstype=ext3 rootwait
mpurate=auto
nandargs=setenv bootargs console=${console} ${optargs} mpurate=${mpurate} buddy=${buddy} camera=${camera} vram=${vram} omapfb.mode=dvi:${dvimode} omapdss.def_disp=${defaultdisplay} root=${nandroot} rootfstype=${nandrootfstype}
nandboot=echo Booting from nand ...; run nandargs; nand read ${loadaddr} 280000 400000; bootm ${loadaddr}
nandroot=ubi0:rootfs ubi.mtd=4
nandrootfstype=ubifs
ramargs=setenv bootargs console=${console} ${optargs} mpurate=${mpurate} buddy=${buddy} vram=${vram} omapfb.mode=dvi:${dvimode} omapdss.def_disp=${defaultdisplay} root=${ramroot} rootfstype=${ramrootfstype}
ramboot=echo Booting from ramdisk ...; run ramargs; bootm ${loadaddr}
ramdisk=ramdisk.gz
ramroot=/dev/ram0 rw ramdisk_size=65536 initrd=0x81000000,64M
ramrootfstype=ext2
rdaddr=0x81000000
serverip=128.247.105.47
soc=omap3
stderr=serial
stdin=serial
stdout=serial
usbethaddr=02:08:0f:00:02:00
usbtty=cdc_acm
userbutton=if gpio input 173; then run userbutton_xm; else run userbutton_nonxm; fi;
userbutton_nonxm=gpio input 7;
userbutton_xm=gpio input 4;
vendor=ti
ver=U-Boot 2014.04-00071-g8543283 (Apr 22 2014 - 15:49:50)
vram=12M

Environment size: 2927/131068 bytes
U-Boot# 
- 06:08:55 [INFO] Host: dcache off
- 06:08:55 [INFO] Target: 
dcache off
U-Boot# 
- 06:08:55 [INFO] Host: usb start
- 06:08:58 [INFO] Target: 
usb start
(Re)start USB...
USB0:   USB EHCI 1.00
scanning bus 0 for devices... 3 USB Device(s) found
       scanning usb for storage devices... 0 Storage Device(s) found
       scanning usb for ethernet devices... 1 Ethernet Device(s) found
U-Boot# 
- 06:08:58 [INFO] Host: printenv
- 06:08:59 [INFO] Target: 
printenv
arch=arm
autoload=no
baudrate=115200
beaglerev=xMC
board=beagle
board_name=beagle
bootargs=console=ttyO2,115200n8  earlyprintk rootwait 
bootcmd=
bootdelay=1
bootdir=/boot
bootenv=uEnv.txt
bootfile=uImage
bootm_size=0x08000000
bootpart=0:2
buddy=none
camera=none
console=ttyO2,115200n8
cpu=armv7
defaultdisplay=dvi
dieid#=409600029ff800000168300f0d00c008
dvimode=640x480MR-16@60
ethact=usb_ether
fdtaddr=0x80f80000
findfdt=if test $beaglerev = AxBx; then setenv fdtfile omap3-beagle.dtb; fi; if test $beaglerev = Cx; then setenv fdtfile omap3-beagle.dtb; fi; if test $beaglerev = C4; then setenv fdtfile omap3-beagle.dtb; fi; if test $beaglerev = xMAB; then setenv fdtfile omap3-beagle-xm.dtb; fi; if test $beaglerev = xMC; then setenv fdtfile omap3-beagle-xm.dtb; fi; if test $fdtfile = undefined; then echo WARNING: Could not determine device tree to use; fi; 
importbootenv=echo Importing environment from mmc ...; env import -t $loadaddr $filesize
loadaddr=0x80200000
loadbootenv=fatload mmc ${mmcdev} ${loadaddr} ${bootenv}
loadfdt=load mmc ${bootpart} ${fdtaddr} ${bootdir}/${fdtfile}
loadimage=load mmc ${bootpart} ${loadaddr} ${bootdir}/${bootfile}
loadramdisk=load mmc ${bootpart} ${rdaddr} ${bootdir}/${ramdisk}
mmcargs=setenv bootargs console=${console} ${optargs} mpurate=${mpurate} buddy=${buddy} camera=${camera} vram=${vram} omapfb.mode=dvi:${dvimode} omapdss.def_disp=${defaultdisplay} root=${mmcroot} rootfstype=${mmcrootfstype}
mmcboot=echo Booting from mmc ...; run mmcargs; bootm ${loadaddr}
mmcbootz=echo Booting with DT from mmc${mmcdev} ...; run mmcargs; bootz ${loadaddr} - ${fdtaddr}
mmcdev=0
mmcroot=/dev/mmcblk0p2 rw
mmcrootfstype=ext3 rootwait
mpurate=auto
nandargs=setenv bootargs console=${console} ${optargs} mpurate=${mpurate} buddy=${buddy} camera=${camera} vram=${vram} omapfb.mode=dvi:${dvimode} omapdss.def_disp=${defaultdisplay} root=${nandroot} rootfstype=${nandrootfstype}
nandboot=echo Booting from nand ...; run nandargs; nand read ${loadaddr} 280000 400000; bootm ${loadaddr}
nandroot=ubi0:rootfs ubi.mtd=4
nandrootfstype=ubifs
ramargs=setenv bootargs console=${console} ${optargs} mpurate=${mpurate} buddy=${buddy} vram=${vram} omapfb.mode=dvi:${dvimode} omapdss.def_disp=${defaultdisplay} root=${ramroot} rootfstype=${ramrootfstype}
ramboot=echo Booting from ramdisk ...; run ramargs; bootm ${loadaddr}
ramdisk=ramdisk.gz
ramroot=/dev/ram0 rw ramdisk_size=65536 initrd=0x81000000,64M
ramrootfstype=ext2
rdaddr=0x81000000
serverip=128.247.105.47
soc=omap3
stderr=serial
stdin=serial
stdout=serial
usbethaddr=02:08:0f:00:02:00
usbtty=cdc_acm
userbutton=if gpio input 173; then run userbutton_xm; else run userbutton_nonxm; fi;
userbutton_nonxm=gpio input 7;
userbutton_xm=gpio input 4;
vendor=ti
ver=U-Boot 2014.04-00071-g8543283 (Apr 22 2014 - 15:49:50)
vram=12M

Environment size: 2927/131068 bytes
U-Boot# 
- 06:08:59 [INFO] Host: setenv bootargs ''${bootargs}' ip=dhcp '
- 06:08:59 [INFO] Target: 
setenv bootargs ''${bootargs}' ip=dhcp '
U-Boot# 
- 06:08:59 [INFO] Host: setenv ipaddr dhcp
- 06:09:00 [INFO] Target: 
setenv ipaddr dhcp
U-Boot# 
- 06:09:00 [INFO] Host: dhcp
- 06:09:03 [INFO] Target: 
dhcp
ERROR: Need valid 'usbnet_devaddr' to be set
at drivers/usb/gadget/ether.c:2362/usb_eth_init()
Waiting for Ethernet connection... done.
BOOTP broadcast 1
DHCP client bound to address 192.168.1.152
U-Boot# 
- 06:09:03 [INFO] Host: setenv serverip '128.247.105.47'
- 06:09:03 [INFO] Target: 
setenv serverip '128.247.105.47'
U-Boot# 
- 06:09:03 [INFO] Host: printenv
- 06:09:04 [INFO] Target: 
printenv
arch=arm
autoload=no
baudrate=115200
beaglerev=xMC
board=beagle
board_name=beagle
bootargs=console=ttyO2,115200n8  earlyprintk rootwait  ip=dhcp 
bootcmd=
bootdelay=1
bootdir=/boot
bootenv=uEnv.txt
bootfile=uImage
bootm_size=0x08000000
bootpart=0:2
buddy=none
camera=none
console=ttyO2,115200n8
cpu=armv7
defaultdisplay=dvi
dieid#=409600029ff800000168300f0d00c008
dnsip=192.0.2.2
dvimode=640x480MR-16@60
ethact=sms0
fdtaddr=0x80f80000
findfdt=if test $beaglerev = AxBx; then setenv fdtfile omap3-beagle.dtb; fi; if test $beaglerev = Cx; then setenv fdtfile omap3-beagle.dtb; fi; if test $beaglerev = C4; then setenv fdtfile omap3-beagle.dtb; fi; if test $beaglerev = xMAB; then setenv fdtfile omap3-beagle-xm.dtb; fi; if test $beaglerev = xMC; then setenv fdtfile omap3-beagle-xm.dtb; fi; if test $fdtfile = undefined; then echo WARNING: Could not determine device tree to use; fi; 
gatewayip=192.168.1.254
importbootenv=echo Importing environment from mmc ...; env import -t $loadaddr $filesize
ipaddr=192.168.1.152
loadaddr=0x80200000
loadbootenv=fatload mmc ${mmcdev} ${loadaddr} ${bootenv}
loadfdt=load mmc ${bootpart} ${fdtaddr} ${bootdir}/${fdtfile}
loadimage=load mmc ${bootpart} ${loadaddr} ${bootdir}/${bootfile}
loadramdisk=load mmc ${bootpart} ${rdaddr} ${bootdir}/${ramdisk}
mmcargs=setenv bootargs console=${console} ${optargs} mpurate=${mpurate} buddy=${buddy} camera=${camera} vram=${vram} omapfb.mode=dvi:${dvimode} omapdss.def_disp=${defaultdisplay} root=${mmcroot} rootfstype=${mmcrootfstype}
mmcboot=echo Booting from mmc ...; run mmcargs; bootm ${loadaddr}
mmcbootz=echo Booting with DT from mmc${mmcdev} ...; run mmcargs; bootz ${loadaddr} - ${fdtaddr}
mmcdev=0
mmcroot=/dev/mmcblk0p2 rw
mmcrootfstype=ext3 rootwait
mpurate=auto
nandargs=setenv bootargs console=${console} ${optargs} mpurate=${mpurate} buddy=${buddy} camera=${camera} vram=${vram} omapfb.mode=dvi:${dvimode} omapdss.def_disp=${defaultdisplay} root=${nandroot} rootfstype=${nandrootfstype}
nandboot=echo Booting from nand ...; run nandargs; nand read ${loadaddr} 280000 400000; bootm ${loadaddr}
nandroot=ubi0:rootfs ubi.mtd=4
nandrootfstype=ubifs
netmask=255.255.255.0
ramargs=setenv bootargs console=${console} ${optargs} mpurate=${mpurate} buddy=${buddy} vram=${vram} omapfb.mode=dvi:${dvimode} omapdss.def_disp=${defaultdisplay} root=${ramroot} rootfstype=${ramrootfstype}
ramboot=echo Booting from ramdisk ...; run ramargs; bootm ${loadaddr}
ramdisk=ramdisk.gz
ramroot=/dev/ram0 rw ramdisk_size=65536 initrd=0x81000000,64M
ramrootfstype=ext2
rdaddr=0x81000000
serverip=128.247.105.47
soc=omap3
stderr=serial
stdin=serial
stdout=serial
usbethaddr=02:08:0f:00:02:00
usbtty=cdc_acm
userbutton=if gpio input 173; then run userbutton_xm; else run userbutton_nonxm; fi;
userbutton_nonxm=gpio input 7;
userbutton_xm=gpio input 4;
vendor=ti
ver=U-Boot 2014.04-00071-g8543283 (Apr 22 2014 - 15:49:50)
vram=12M

Environment size: 3022/131068 bytes
U-Boot# 
- 06:09:04 [INFO] Host: setenv bootcmd ''${bootcmd}' tftp ${loadaddr} 128.247.105.47:vatf_2/22d447fafc1f71744dd74f5a4189d2bf; '
- 06:09:05 [INFO] Target: 
setenv bootcmd ''${bootcmd}' tftp ${loadaddr} 128.247.105.47:vatf_2/22d447fafc1f71744dd74f5a4189d2bf; '
U-Boot# 
- 06:09:05 [INFO] Host: printenv
- 06:09:05 [INFO] Target: 
printenv
arch=arm
autoload=no
baudrate=115200
beaglerev=xMC
board=beagle
board_name=beagle
bootargs=console=ttyO2,115200n8  earlyprintk rootwait  ip=dhcp 
bootcmd= tftp ${loadaddr} 128.247.105.47:vatf_2/22d447fafc1f71744dd74f5a4189d2bf; 
bootdelay=1
bootdir=/boot
bootenv=uEnv.txt
bootfile=uImage
bootm_size=0x08000000
bootpart=0:2
buddy=none
camera=none
console=ttyO2,115200n8
cpu=armv7
defaultdisplay=dvi
dieid#=409600029ff800000168300f0d00c008
dnsip=192.0.2.2
dvimode=640x480MR-16@60
ethact=sms0
fdtaddr=0x80f80000
findfdt=if test $beaglerev = AxBx; then setenv fdtfile omap3-beagle.dtb; fi; if test $beaglerev = Cx; then setenv fdtfile omap3-beagle.dtb; fi; if test $beaglerev = C4; then setenv fdtfile omap3-beagle.dtb; fi; if test $beaglerev = xMAB; then setenv fdtfile omap3-beagle-xm.dtb; fi; if test $beaglerev = xMC; then setenv fdtfile omap3-beagle-xm.dtb; fi; if test $fdtfile = undefined; then echo WARNING: Could not determine device tree to use; fi; 
gatewayip=192.168.1.254
importbootenv=echo Importing environment from mmc ...; env import -t $loadaddr $filesize
ipaddr=192.168.1.152
loadaddr=0x80200000
loadbootenv=fatload mmc ${mmcdev} ${loadaddr} ${bootenv}
loadfdt=load mmc ${bootpart} ${fdtaddr} ${bootdir}/${fdtfile}
loadimage=load mmc ${bootpart} ${loadaddr} ${bootdir}/${bootfile}
loadramdisk=load mmc ${bootpart} ${rdaddr} ${bootdir}/${ramdisk}
mmcargs=setenv bootargs console=${console} ${optargs} mpurate=${mpurate} buddy=${buddy} camera=${camera} vram=${vram} omapfb.mode=dvi:${dvimode} omapdss.def_disp=${defaultdisplay} root=${mmcroot} rootfstype=${mmcrootfstype}
mmcboot=echo Booting from mmc ...; run mmcargs; bootm ${loadaddr}
mmcbootz=echo Booting with DT from mmc${mmcdev} ...; run mmcargs; bootz ${loadaddr} - ${fdtaddr}
mmcdev=0
mmcroot=/dev/mmcblk0p2 rw
mmcrootfstype=ext3 rootwait
mpurate=auto
nandargs=setenv bootargs console=${console} ${optargs} mpurate=${mpurate} buddy=${buddy} camera=${camera} vram=${vram} omapfb.mode=dvi:${dvimode} omapdss.def_disp=${defaultdisplay} root=${nandroot} rootfstype=${nandrootfstype}
nandboot=echo Booting from nand ...; run nandargs; nand read ${loadaddr} 280000 400000; bootm ${loadaddr}
nandroot=ubi0:rootfs ubi.mtd=4
nandrootfstype=ubifs
netmask=255.255.255.0
ramargs=setenv bootargs console=${console} ${optargs} mpurate=${mpurate} buddy=${buddy} vram=${vram} omapfb.mode=dvi:${dvimode} omapdss.def_disp=${defaultdisplay} root=${ramroot} rootfstype=${ramrootfstype}
ramboot=echo Booting from ramdisk ...; run ramargs; bootm ${loadaddr}
ramdisk=ramdisk.gz
ramroot=/dev/ram0 rw ramdisk_size=65536 initrd=0x81000000,64M
ramrootfstype=ext2
rdaddr=0x81000000
serverip=128.247.105.47
soc=omap3
stderr=serial
stdin=serial
stdout=serial
usbethaddr=02:08:0f:00:02:00
usbtty=cdc_acm
userbutton=if gpio input 173; then run userbutton_xm; else run userbutton_nonxm; fi;
userbutton_nonxm=gpio input 7;
userbutton_xm=gpio input 4;
vendor=ti
ver=U-Boot 2014.04-00071-g8543283 (Apr 22 2014 - 15:49:50)
vram=12M

Environment size: 3096/131068 bytes
U-Boot# 
- 06:09:05 [INFO] Host: setenv bootcmd ''${bootcmd}' tftp ${fdtaddr} 128.247.105.47:vatf_2/c960f3ba6bc04a8dd161edc499f1728d; '
- 06:09:06 [INFO] Target: 
setenv bootcmd ''${bootcmd}' tftp ${fdtaddr} 128.247.105.47:vatf_2/c960f3ba6bc04a8dd161edc499f1728d; '
U-Boot# 
- 06:09:06 [INFO] Host: printenv
- 06:09:06 [INFO] Target: 
printenv
arch=arm
autoload=no
baudrate=115200
beaglerev=xMC
board=beagle
board_name=beagle
bootargs=console=ttyO2,115200n8  earlyprintk rootwait  ip=dhcp 
bootcmd= tftp ${loadaddr} 128.247.105.47:vatf_2/22d447fafc1f71744dd74f5a4189d2bf;  tftp ${fdtaddr} 128.247.105.47:vatf_2/c960f3ba6bc04a8dd161edc499f1728d; 
bootdelay=1
bootdir=/boot
bootenv=uEnv.txt
bootfile=uImage
bootm_size=0x08000000
bootpart=0:2
buddy=none
camera=none
console=ttyO2,115200n8
cpu=armv7
defaultdisplay=dvi
dieid#=409600029ff800000168300f0d00c008
dnsip=192.0.2.2
dvimode=640x480MR-16@60
ethact=sms0
fdtaddr=0x80f80000
findfdt=if test $beaglerev = AxBx; then setenv fdtfile omap3-beagle.dtb; fi; if test $beaglerev = Cx; then setenv fdtfile omap3-beagle.dtb; fi; if test $beaglerev = C4; then setenv fdtfile omap3-beagle.dtb; fi; if test $beaglerev = xMAB; then setenv fdtfile omap3-beagle-xm.dtb; fi; if test $beaglerev = xMC; then setenv fdtfile omap3-beagle-xm.dtb; fi; if test $fdtfile = undefined; then echo WARNING: Could not determine device tree to use; fi; 
gatewayip=192.168.1.254
importbootenv=echo Importing environment from mmc ...; env import -t $loadaddr $filesize
ipaddr=192.168.1.152
loadaddr=0x80200000
loadbootenv=fatload mmc ${mmcdev} ${loadaddr} ${bootenv}
loadfdt=load mmc ${bootpart} ${fdtaddr} ${bootdir}/${fdtfile}
loadimage=load mmc ${bootpart} ${loadaddr} ${bootdir}/${bootfile}
loadramdisk=load mmc ${bootpart} ${rdaddr} ${bootdir}/${ramdisk}
mmcargs=setenv bootargs console=${console} ${optargs} mpurate=${mpurate} buddy=${buddy} camera=${camera} vram=${vram} omapfb.mode=dvi:${dvimode} omapdss.def_disp=${defaultdisplay} root=${mmcroot} rootfstype=${mmcrootfstype}
mmcboot=echo Booting from mmc ...; run mmcargs; bootm ${loadaddr}
mmcbootz=echo Booting with DT from mmc${mmcdev} ...; run mmcargs; bootz ${loadaddr} - ${fdtaddr}
mmcdev=0
mmcroot=/dev/mmcblk0p2 rw
mmcrootfstype=ext3 rootwait
mpurate=auto
nandargs=setenv bootargs console=${console} ${optargs} mpurate=${mpurate} buddy=${buddy} camera=${camera} vram=${vram} omapfb.mode=dvi:${dvimode} omapdss.def_disp=${defaultdisplay} root=${nandroot} rootfstype=${nandrootfstype}
nandboot=echo Booting from nand ...; run nandargs; nand read ${loadaddr} 280000 400000; bootm ${loadaddr}
nandroot=ubi0:rootfs ubi.mtd=4
nandrootfstype=ubifs
netmask=255.255.255.0
ramargs=setenv bootargs console=${console} ${optargs} mpurate=${mpurate} buddy=${buddy} vram=${vram} omapfb.mode=dvi:${dvimode} omapdss.def_disp=${defaultdisplay} root=${ramroot} rootfstype=${ramrootfstype}
ramboot=echo Booting from ramdisk ...; run ramargs; bootm ${loadaddr}
ramdisk=ramdisk.gz
ramroot=/dev/ram0 rw ramdisk_size=65536 initrd=0x81000000,64M
ramrootfstype=ext2
rdaddr=0x81000000
serverip=128.247.105.47
soc=omap3
stderr=serial
stdin=serial
stdout=serial
usbethaddr=02:08:0f:00:02:00
usbtty=cdc_acm
userbutton=if gpio input 173; then run userbutton_xm; else run userbutton_nonxm; fi;
userbutton_nonxm=gpio input 7;
userbutton_xm=gpio input 4;
vendor=ti
ver=U-Boot 2014.04-00071-g8543283 (Apr 22 2014 - 15:49:50)
vram=12M

Environment size: 3169/131068 bytes
U-Boot# 
- 06:09:06 [INFO] Host: setenv bootargs ''${bootargs}' root=/dev/mmcblk0p2 rw rootfstype=ext3 rootwait '
- 06:09:07 [INFO] Target: 
setenv bootargs ''${bootargs}' root=/dev/mmcblk0p2 rw rootfstype=ext3 rootwait '
U-Boot# 
- 06:09:07 [INFO] Host: printenv
- 06:09:08 [INFO] Target: 
printenv
arch=arm
autoload=no
baudrate=115200
beaglerev=xMC
board=beagle
board_name=beagle
bootargs=console=ttyO2,115200n8  earlyprintk rootwait  ip=dhcp  root=/dev/mmcblk0p2 rw rootfstype=ext3 rootwait 
bootcmd= tftp ${loadaddr} 128.247.105.47:vatf_2/22d447fafc1f71744dd74f5a4189d2bf;  tftp ${fdtaddr} 128.247.105.47:vatf_2/c960f3ba6bc04a8dd161edc499f1728d; 
bootdelay=1
bootdir=/boot
bootenv=uEnv.txt
bootfile=uImage
bootm_size=0x08000000
bootpart=0:2
buddy=none
camera=none
console=ttyO2,115200n8
cpu=armv7
defaultdisplay=dvi
dieid#=409600029ff800000168300f0d00c008
dnsip=192.0.2.2
dvimode=640x480MR-16@60
ethact=sms0
fdtaddr=0x80f80000
findfdt=if test $beaglerev = AxBx; then setenv fdtfile omap3-beagle.dtb; fi; if test $beaglerev = Cx; then setenv fdtfile omap3-beagle.dtb; fi; if test $beaglerev = C4; then setenv fdtfile omap3-beagle.dtb; fi; if test $beaglerev = xMAB; then setenv fdtfile omap3-beagle-xm.dtb; fi; if test $beaglerev = xMC; then setenv fdtfile omap3-beagle-xm.dtb; fi; if test $fdtfile = undefined; then echo WARNING: Could not determine device tree to use; fi; 
gatewayip=192.168.1.254
importbootenv=echo Importing environment from mmc ...; env import -t $loadaddr $filesize
ipaddr=192.168.1.152
loadaddr=0x80200000
loadbootenv=fatload mmc ${mmcdev} ${loadaddr} ${bootenv}
loadfdt=load mmc ${bootpart} ${fdtaddr} ${bootdir}/${fdtfile}
loadimage=load mmc ${bootpart} ${loadaddr} ${bootdir}/${bootfile}
loadramdisk=load mmc ${bootpart} ${rdaddr} ${bootdir}/${ramdisk}
mmcargs=setenv bootargs console=${console} ${optargs} mpurate=${mpurate} buddy=${buddy} camera=${camera} vram=${vram} omapfb.mode=dvi:${dvimode} omapdss.def_disp=${defaultdisplay} root=${mmcroot} rootfstype=${mmcrootfstype}
mmcboot=echo Booting from mmc ...; run mmcargs; bootm ${loadaddr}
mmcbootz=echo Booting with DT from mmc${mmcdev} ...; run mmcargs; bootz ${loadaddr} - ${fdtaddr}
mmcdev=0
mmcroot=/dev/mmcblk0p2 rw
mmcrootfstype=ext3 rootwait
mpurate=auto
nandargs=setenv bootargs console=${console} ${optargs} mpurate=${mpurate} buddy=${buddy} camera=${camera} vram=${vram} omapfb.mode=dvi:${dvimode} omapdss.def_disp=${defaultdisplay} root=${nandroot} rootfstype=${nandrootfstype}
nandboot=echo Booting from nand ...; run nandargs; nand read ${loadaddr} 280000 400000; bootm ${loadaddr}
nandroot=ubi0:rootfs ubi.mtd=4
nandrootfstype=ubifs
netmask=255.255.255.0
ramargs=setenv bootargs console=${console} ${optargs} mpurate=${mpurate} buddy=${buddy} vram=${vram} omapfb.mode=dvi:${dvimode} omapdss.def_disp=${defaultdisplay} root=${ramroot} rootfstype=${ramrootfstype}
ramboot=echo Booting from ramdisk ...; run ramargs; bootm ${loadaddr}
ramdisk=ramdisk.gz
ramroot=/dev/ram0 rw ramdisk_size=65536 initrd=0x81000000,64M
ramrootfstype=ext2
rdaddr=0x81000000
serverip=128.247.105.47
soc=omap3
stderr=serial
stdin=serial
stdout=serial
usbethaddr=02:08:0f:00:02:00
usbtty=cdc_acm
userbutton=if gpio input 173; then run userbutton_xm; else run userbutton_nonxm; fi;
userbutton_nonxm=gpio input 7;
userbutton_xm=gpio input 4;
vendor=ti
ver=U-Boot 2014.04-00071-g8543283 (Apr 22 2014 - 15:49:50)
vram=12M

Environment size: 3218/131068 bytes
U-Boot# 
- 06:09:08 [INFO] Host: setenv bootcmd ''${bootcmd}' if iminfo ${loadaddr}; then bootm ${loadaddr} - ${fdtaddr}; else bootz ${loadaddr} - ${fdtaddr}; bootm ${loadaddr} - ${fdtaddr}; fi'
- 06:09:08 [INFO] Target: 
setenv bootcmd ''${bootcmd}' if iminfo ${loadaddr}; then bootm ${loadaddr} - ${fdtaddr}; else bootz ${loadaddr} - ${fdtaddr}; bootm ${loadaddr} - ${fdtaddr}; fi'
U-Boot# 
- 06:09:08 [INFO] Host: bdinfo
- 06:09:09 [INFO] Target: 
bdinfo
arch_number = 0x0000060A
boot_params = 0x80000100
DRAM bank   = 0x00000000
-> start    = 0x80000000
-> size     = 0x10000000
DRAM bank   = 0x00000001
-> start    = 0x90000000
-> size     = 0x10000000
eth0name    = usb_ether
ethaddr     = (not set)
eth1name    = sms0
eth1addr    = (not set)
current eth = sms0
ip_addr     = 192.168.1.152
baudrate    = 115200 bps
TLB addr    = 0x9FFF0000
relocaddr   = 0x9FF51000
reloc off   = 0x1FE51000
irq_sp      = 0x9FE30ED0
sp start    = 0x9FE30EC0
U-Boot# 
- 06:09:09 [INFO] Host: boot
- 06:09:54 [INFO] Target: 
boot
Waiting for Ethernet connection... done.
Using sms0 device
TFTP from server 128.247.105.47; our IP address is 192.168.1.152; sending through gateway 192.168.1.254
Filename 'vatf_2/22d447fafc1f71744dd74f5a4189d2bf'.
Load address: 0x80200000
Loading: *EHCI timed out on TD - token=0x8008d80
T #################################################################
	 #################################################################
	 #################################################################
	 #################################################################
	 #################################################################
	 #########
	 292 KiB/s
done
Bytes transferred = 4900424 (4ac648 hex)
Waiting for Ethernet connection... done.
Using sms0 device
TFTP from server 128.247.105.47; our IP address is 192.168.1.152; sending through gateway 192.168.1.254
Filename 'vatf_2/c960f3ba6bc04a8dd161edc499f1728d'.
Load address: 0x80f80000
Loading: *EHCI timed out on TD - token=0x88008d80
T #####
	 10.7 KiB/s
done
Bytes transferred = 61875 (f1b3 hex)

## Checking Image at 80200000 ...
Unknown image format!
Kernel image @ 0x80200000 [ 0x000000 - 0x4ac648 ]
## Flattened Device Tree blob at 80f80000
   Booting using the fdt blob at 0x80f80000
   Loading Device Tree to 87fed000, end 87fff1b2 ... OK

Starting kernel ...

[    0.000000] Booting Linux on physical CPU 0x0
[    0.000000] Linux version 3.15.0-rc8-next-20140603-00002-gf6823a3 (nmenon@kahuna) (gcc version 4.6.3 (Ubuntu/Linaro 4.6.3-1ubuntu5) ) #1 SMP Tue Jun 3 06:04:24 CDT 2014
[    0.000000] CPU: ARMv7 Processor [413fc082] revision 2 (ARMv7), cr=10c5387d
[    0.000000] CPU: PIPT / VIPT nonaliasing data cache, VIPT aliasing instruction cache
[    0.000000] Machine model: TI OMAP3 BeagleBoard xM
[    0.000000] cma: CMA: reserved 64 MiB at 9b800000
[    0.000000] Memory policy: Data cache writeback
[    0.000000] CPU: All CPU(s) started in SVC mode.
[    0.000000] OMAP3630 ES1.2 (l2cache iva sgx neon isp 192mhz_clk )
[    0.000000] PERCPU: Embedded 8 pages/cpu @dfa98000 s8448 r8192 d16128 u32768
[    0.000000] Built 1 zonelists in Zone order, mobility grouping on.  Total pages: 129792
[    0.000000] Kernel command line: console=ttyO2,115200n8  earlyprintk rootwait  ip=dhcp  root=/dev/mmcblk0p2 rw rootfstype=ext3 rootwait 
[    0.000000] PID hash table entries: 2048 (order: 1, 8192 bytes)
[    0.000000] Dentry cache hash table entries: 65536 (order: 6, 262144 bytes)
[    0.000000] Inode-cache hash table entries: 32768 (order: 5, 131072 bytes)
[    0.000000] Memory: 441980K/523264K available (6356K kernel code, 892K rwdata, 2560K rodata, 652K init, 303K bss, 81284K reserved, 0K highmem)
[    0.000000] Virtual kernel memory layout:
[    0.000000]     vector  : 0xffff0000 - 0xffff1000   (   4 kB)
[    0.000000]     fixmap  : 0xffc00000 - 0xffe00000   (2048 kB)
[    0.000000]     vmalloc : 0xe0800000 - 0xff000000   ( 488 MB)
[    0.000000]     lowmem  : 0xc0000000 - 0xe0000000   ( 512 MB)
[    0.000000]     pkmap   : 0xbfe00000 - 0xc0000000   (   2 MB)
[    0.000000]     modules : 0xbf000000 - 0xbfe00000   (  14 MB)
[    0.000000]       .text : 0xc0208000 - 0xc0abd2f0   (8917 kB)
[    0.000000]       .init : 0xc0abe000 - 0xc0b61100   ( 653 kB)
[    0.000000]       .data : 0xc0b62000 - 0xc0c41200   ( 893 kB)
[    0.000000]        .bss : 0xc0c41208 - 0xc0c8cfd0   ( 304 kB)
[    0.000000] SLUB: HWalign=64, Order=0-3, MinObjects=0, CPUs=1, Nodes=1
[    0.000000] Hierarchical RCU implementation.
[    0.000000] 	RCU restricting CPUs from NR_CPUS=8 to nr_cpu_ids=1.
[    0.000000] RCU: Adjusting geometry for rcu_fanout_leaf=16, nr_cpu_ids=1
[    0.000000] NR_IRQS:16 nr_irqs:16 16
[    0.000000] IRQ: Found an INTC at 0xfa200000 (revision 4.0) with 96 interrupts
[    0.000000] Total of 96 interrupts on 1 active controller
[    0.000000] Clocking rate (Crystal/Core/MPU): 26.0/400/600 MHz
[    0.000000] OMAP clockevent source: timer1 at 32768 Hz
[    0.000030] sched_clock: 32 bits at 32kHz, resolution 30517ns, wraps every 65536000000000ns
[    0.000030] OMAP clocksource: 32k_counter at 32768 Hz
[    0.000244] Console: colour dummy device 80x30
[    0.000274] Calibrating delay loop... 594.73 BogoMIPS (lpj=1486848)
[    0.029083] pid_max: default: 32768 minimum: 301
[    0.029266] Mount-cache hash table entries: 1024 (order: 0, 4096 bytes)
[    0.029296] Mountpoint-cache hash table entries: 1024 (order: 0, 4096 bytes)
[    0.029998] CPU: Testing write buffer coherency: ok
[    0.030303] CPU0: thread -1, cpu 0, socket -1, mpidr 0
[    0.030395] Setting up static identity map for 0x80801298 - 0x80801330
[    0.034515] Brought up 1 CPUs
[    0.034545] SMP: Total of 1 processors activated.
[    0.034576] CPU: All CPU(s) started in SVC mode.
[    0.035217] devtmpfs: initialized
[    0.039123] VFP support v0.3: implementor 41 architecture 3 part 30 variant c rev 3
[    0.059509] omap_hwmod: mcbsp2_sidetone using broken dt data from mcbsp
[    0.060089] omap_hwmod: mcbsp3_sidetone using broken dt data from mcbsp
[    0.092834] omap_hwmod: mcbsp2: cannot be enabled for reset (3)
[    0.139343] pinctrl core: initialized pinctrl subsystem
[    0.139984] regulator-dummy: no parameters
[    0.172882] NET: Registered protocol family 16
[    0.176025] DMA: preallocated 256 KiB pool for atomic coherent allocations
[    0.179534] cpuidle: using governor ladder
[    0.179565] cpuidle: using governor menu
[    0.186065] Reprogramming SDRC clock to 400000000 Hz
[    0.191070] omap_gpio 48310000.gpio: could not find pctldev for node /ocp/pinmux@48002a00/pinmux_gpio1_pins, deferring probe
[    0.191101] platform 48310000.gpio: Driver omap_gpio requests probe deferral
[    0.192077] OMAP GPIO hardware version 2.5
[    0.201293] platform 49022000.mcbsp: alias fck already exists
[    0.207275] omap-gpmc 6e000000.gpmc: GPMC revision 5.0
[    0.208496] platform 48058000.ssi-controller: Cannot lookup hwmod 'ssi'
[    0.213195] No ATAGs?
[    0.213226] hw-breakpoint: debug architecture 0x4 unsupported.
[    0.213531] EXYNOS: PMU not supported
[    0.215362] OMAP DMA hardware revision 5.0
[    0.218414] Serial: AMBA PL011 UART driver
[    0.236907] edma-dma-engine edma-dma-engine.0: Can't allocate PaRAM dummy slot
[    0.236938] edma-dma-engine: probe of edma-dma-engine.0 failed with error -5
[    0.254577] omap-dma-engine 48056000.dma-controller: OMAP DMA engine driver
[    0.255371] platform hsusb2_power_reg: Driver reg-fixed-voltage requests probe deferral
[    0.259368] vgaarb: loaded
[    0.260284] SCSI subsystem initialized
[    0.261047] usbcore: registered new interface driver usbfs
[    0.261169] usbcore: registered new interface driver hub
[    0.261322] usbcore: registered new device driver usb
[    0.261962] platform hsusb2_phy: Driver usb_phy_generic requests probe deferral
[    0.264099] omap_i2c 48070000.i2c: bus 0 rev4.4 at 2600 kHz
[    0.264709] omap_i2c 48072000.i2c: bus 1 rev4.4 at 400 kHz
[    0.265228] omap_i2c 48060000.i2c: bus 2 rev4.4 at 100 kHz
[    0.265869] Linux video capture interface: v2.00
[    0.265960] pps_core: LinuxPPS API ver. 1 registered
[    0.265960] pps_core: Software ver. 5.3.6 - Copyright 2005-2007 Rodolfo Giometti <giometti@linux.it>
[    0.266021] PTP clock support registered
[    0.266143] EDAC MC: Ver: 3.0.0
[    0.267395] Advanced Linux Sound Architecture Driver Initialized.
[    0.269165] Switched to clocksource 32k_counter
[    0.285034] NET: Registered protocol family 2
[    0.285827] TCP established hash table entries: 4096 (order: 2, 16384 bytes)
[    0.285888] TCP bind hash table entries: 4096 (order: 3, 32768 bytes)
[    0.285980] TCP: Hash tables configured (established 4096 bind 4096)
[    0.286071] TCP: reno registered
[    0.286071] UDP hash table entries: 256 (order: 1, 8192 bytes)
[    0.286102] UDP-Lite hash table entries: 256 (order: 1, 8192 bytes)
[    0.286315] NET: Registered protocol family 1
[    0.286743] RPC: Registered named UNIX socket transport module.
[    0.286743] RPC: Registered udp transport module.
[    0.286743] RPC: Registered tcp transport module.
[    0.286773] RPC: Registered tcp NFSv4.1 backchannel transport module.
[    0.289428] hw perfevents: enabled with ARMv7 Cortex-A8 PMU driver, 5 counters available
[    0.292938] futex hash table entries: 256 (order: 2, 16384 bytes)
[    0.310760] squashfs: version 4.0 (2009/01/31) Phillip Lougher
[    0.311950] NFS: Registering the id_resolver key type
[    0.312011] Key type id_resolver registered
[    0.312042] Key type id_legacy registered
[    0.312103] msgmni has been set to 991
[    0.313079] Block layer SCSI generic (bsg) driver version 0.4 loaded (major 249)
[    0.313110] io scheduler noop registered
[    0.313110] io scheduler deadline registered
[    0.313446] io scheduler cfq registered (default)
[    0.316833] pinctrl-single 48002030.pinmux: 284 pins at pa fa002030 size 568
[    0.317138] pinctrl-single 48002a00.pinmux: 46 pins at pa fa002a00 size 92
[    0.317779] pinctrl-single 480025a0.pinmux: 46 pins at pa fa0025a0 size 92
[    0.414062] Serial: 8250/16550 driver, 4 ports, IRQ sharing disabled
[    0.417327] Serial: IMX driver
[    0.417877] msm_serial: driver initialized
[    0.418762] omap_uart 4806a000.serial: no wakeirq for uart0
[    0.418945] 4806a000.serial: ttyO0 at MMIO 0x4806a000 (irq = 88, base_baud = 3000000) is a OMAP UART0
[    0.419677] omap_uart 4806c000.serial: no wakeirq for uart0
[    0.419830] 4806c000.serial: ttyO1 at MMIO 0x4806c000 (irq = 89, base_baud = 3000000) is a OMAP UART1
[    0.420471] omap_uart 49020000.serial: no wakeirq for uart0
[    0.420623] 49020000.serial: ttyO2 at MMIO 0x49020000 (irq = 90, base_baud = 3000000) is a OMAP UART2
[    1.193481] console [ttyO2] enabled
[    1.197906] omap_uart 49042000.serial: no wakeirq for uart0
[    1.203948] 49042000.serial: ttyO3 at MMIO 0x49042000 (irq = 96, base_baud = 3000000) is a OMAP UART3
[    1.214172] STMicroelectronics ASC driver initialized
[    1.220855] serial: Freescale lpuart driver
[    1.225585] [drm] Initialized drm 1.1.0 20060810
[    1.238647] loop: module loaded
[    1.254638] twl 0-0048: PIH (irq 23) chaining IRQs 306..314
[    1.260650] twl 0-0048: power (irq 311) chaining IRQs 314..321
[    1.271942] VAUX1: at 3000 mV 
[    1.278320] usb_1v8: 1800 mV 
[    1.283264] VAUX3: at 2800 mV 
[    1.288330] VAUX4: at 2800 mV 
[    1.293426] VDD1: 600 <--> 1450 mV at 1200 mV 
[    1.299987] VDAC: 1800 mV 
[    1.307037] VIO: at 1800 mV 
[    1.312652] VINTANA1: 1500 mV 
[    1.318450] VINTANA2: at 2750 mV 
[    1.324554] VINTDIG: 1500 mV 
[    1.328948] VMMC1: 1850 <--> 3150 mV at 3150 mV 
[    1.335693] VMMC2: 1850 <--> 3150 mV at 2600 mV 
[    1.342102] VUSB1V5: 1500 mV 
[    1.346282] VUSB1V8: 1800 mV 
[    1.350463] VUSB3V1: 3100 mV 
[    1.356109] VPLL1: at 1800 mV 
[    1.361145] VPLL2: 1800 mV 
[    1.365905] VSIM: 1800 <--> 3000 mV at 1800 mV 
[    1.372192] twl4030_gpio twl4030-gpio: gpio (irq 306) chaining IRQs 322..339
[    1.391906] CAN device driver interface
[    1.400054] pegasus: v0.9.3 (2013/04/25), Pegasus/Pegasus II USB Ethernet driver
[    1.407928] usbcore: registered new interface driver pegasus
[    1.414001] usbcore: registered new interface driver asix
[    1.419769] usbcore: registered new interface driver ax88179_178a
[    1.426269] usbcore: registered new interface driver cdc_ether
[    1.432525] usbcore: registered new interface driver smsc75xx
[    1.438659] usbcore: registered new interface driver smsc95xx
[    1.444793] usbcore: registered new interface driver net1080
[    1.450836] usbcore: registered new interface driver cdc_subset
[    1.457122] usbcore: registered new interface driver zaurus
[    1.463134] usbcore: registered new interface driver cdc_ncm
[    1.469146] ehci_hcd: USB 2.0 'Enhanced' Host Controller (EHCI) Driver
[    1.476013] ehci-pci: EHCI PCI platform driver
[    1.480773] ehci-platform: EHCI generic platform driver
[    1.486694] ehci-omap: OMAP-EHCI Host Controller driver
[    1.492614] ehci-omap 48064800.ehci: Can't get PHY device for port 1: -517
[    1.499908] platform 48064800.ehci: Driver ehci-omap requests probe deferral
[    1.507446] ehci-orion: EHCI orion driver
[    1.511993] SPEAr-ehci: EHCI SPEAr driver
[    1.516510] tegra-ehci: Tegra EHCI driver
[    1.521057] ohci_hcd: USB 1.1 'Open' Host Controller (OHCI) Driver
[    1.527618] ohci-pci: OHCI PCI platform driver
[    1.532409] ohci-platform: OHCI generic platform driver
[    1.538177] ohci-omap3: OHCI OMAP3 driver
[    1.542816] ohci-omap3 48064400.ohci: OHCI Host Controller
[    1.548675] ohci-omap3 48064400.ohci: new USB bus registered, assigned bus number 1
[    1.556823] ohci-omap3 48064400.ohci: irq 92, io mem 0x48064400
[    1.635620] hub 1-0:1.0: USB hub found
[    1.639678] hub 1-0:1.0: 3 ports detected
[    1.644805] SPEAr-ohci: OHCI SPEAr driver
[    1.650726] usbcore: registered new interface driver usb-storage
[    1.660491] mousedev: PS/2 mouse device common for all mice
[    1.670745] twl_rtc 48070000.i2c:twl@48:rtc: Power up reset detected.
[    1.677856] twl_rtc 48070000.i2c:twl@48:rtc: Enabling TWL-RTC
[    1.688385] twl_rtc 48070000.i2c:twl@48:rtc: rtc core: registered 48070000.i2c:twl@48 as rtc0
[    1.699096] i2c /dev entries driver
[    1.705627] usbcore: registered new interface driver uvcvideo
[    1.711700] USB Video Class driver (1.1.1)
[    1.716033] gspca_main: v2.14.0 registered
[    1.734527] sdhci: Secure Digital Host Controller Interface driver
[    1.741027] sdhci: Copyright(c) Pierre Ossman
[    1.751098] omap_hsmmc 4809c000.mmc: pins are not configured from the driver
[    1.790252] Synopsys Designware Multimedia Card Interface Driver
[    1.797637] sdhci-pltfm: SDHCI platform and OF driver helper
[    1.805389] usbcore: registered new interface driver usbhid
[    1.811279] usbhid: USB HID core driver
[    1.822875] TCP: cubic registered
[    1.826446] NET: Registered protocol family 17
[    1.831146] can: controller area network core (rev 20120528 abi 9)
[    1.837738] NET: Registered protocol family 29
[    1.842468] can: raw protocol (rev 20120528)
[    1.846984] can: broadcast manager protocol (rev 20120528 t)
[    1.852935] can: netlink gateway (rev 20130117) max_hops=1
[    1.859436] Key type dns_resolver registered
[    1.864288] omap2_set_init_voltage: unable to find boot up OPP for vdd_mpu_iva
[    1.871887] omap2_set_init_voltage: unable to set vdd_mpu_iva
[    1.877960] omap2_set_init_voltage: unable to find boot up OPP for vdd_core
[    1.885253] omap2_set_init_voltage: unable to set vdd_core
[    1.892578] ThumbEE CPU extension supported.
[    1.897155] Registering SWP/SWPB emulation handler
[    1.905670] hsusb2_vbus: 3300 mV 
[    1.999511] ehci-omap 48064800.ehci: EHCI Host Controller
[    2.005249] ehci-omap 48064800.ehci: new USB bus registered, assigned bus number 2
[    2.013519] ehci-omap 48064800.ehci: irq 93, io mem 0x48064800
[    2.028106] mmc0: host does not support reading read-only switch. assuming write-enable.
[    2.036651] ehci-omap 48064800.ehci: USB 2.0 started, EHCI 1.00
[    2.043090] mmc0: new high speed SDHC card at address 1234
[    2.050689] hub 2-0:1.0: USB hub found
[    2.054809] mmcblk0: mmc0:1234 SA04G 3.63 GiB 
[    2.060363] hub 2-0:1.0: 3 ports detected
[    2.064788]  mmcblk0: p1 p2
[    2.071380] input: gpio_keys as /devices/gpio_keys/input/input0
[    2.079193] twl_rtc 48070000.i2c:twl@48:rtc: setting system clock to 2000-01-01 00:00:00 UTC (946684800)
[    2.379547] usb 2-2: new high-speed USB device number 2 using ehci-omap
[    2.516174] hub 2-2:1.0: USB hub found
[    2.520446] hub 2-2:1.0: 5 ports detected
[    2.809753] usb 2-2.1: new high-speed USB device number 3 using ehci-omap
[    2.923339] smsc95xx v1.0.4
[    2.988342] smsc95xx 2-2.1:1.0 eth0: register 'smsc95xx' at usb-48064800.ehci-2.1, smsc95xx USB 2.0 Ethernet, 1a:1b:e5:e1:1a:1c
[    3.161407] smsc95xx 2-2.1:1.0 eth0: hardware isn't capable of remote wakeup
[    4.899139] smsc95xx 2-2.1:1.0 eth0: link up, 100Mbps, full-duplex, lpa 0xC5E1
[    4.919403] Sending DHCP requests ., OK
[    5.974822] IP-Config: Got DHCP answer from 192.168.1.254, my address is 192.168.1.199
[    5.983337] IP-Config: Complete:
[    5.986785]      device=eth0, hwaddr=1a:1b:e5:e1:1a:1c, ipaddr=192.168.1.199, mask=255.255.255.0, gw=192.168.1.254
[    5.997650]      host=192.168.1.199, domain=ti.com, nis-domain=(none)
[    6.004425]      bootserver=192.168.1.254, rootserver=192.168.1.254, rootpath=
[    6.011840]      nameserver0=192.0.2.2, nameserver1=192.0.2.3
[    6.018524] VPLL2: disabling
[    6.022064] VUSB3V1: disabling
[    6.026611] VDAC: disabling
[    6.030456] VAUX3: disabling
[    6.034423] ALSA device list:
[    6.037536]   No soundcards found.
[    6.044464] EXT4-fs (mmcblk0p2): mounting ext3 file system using the ext4 subsystem
[    6.076904] EXT4-fs (mmcblk0p2): mounted filesystem with ordered data mode. Opts: (null)
[    6.085510] VFS: Mounted root (ext3 filesystem) on device 179:2.
[    6.103027] devtmpfs: mounted
[    6.107238] Freeing unused kernel memory: 652K (c0abe000 - c0b61000)

INIT: version 2.88 booting

Error opening /dev/fb0: No such file or directory
/dev/ttyO2 linked to /dev/tty-bd - using as console
Starting udev
[    6.941589] udevd[92]: starting version 182
[    9.909362] random: nonblocking pool is initialized
udevd[104]: '/etc/udev/scripts/mount.sh' [365] terminated by signal 11 (Segmentation fault)


[   11.939697] FAT-fs (mmcblk0p1): codepage cp437 not found
[   12.013336] FAT-fs (mmcblk0p1): codepage cp437 not found
[   12.212829] FAT-fs (mmcblk0p1): codepage cp437 not found
[   12.250091] FAT-fs (mmcblk0p1): codepage cp437 not found
ERROR: could not open directory /lib/modules/3.15.0-rc8-next-20140603-00002-gf6823a3: No such file or directory
WARNING: -e needs -E or -F
ERROR: could not open directory /lib/modules/3.15.0-rc8-next-20140603-00002-gf6823a3: No such file or directory
FATAL: could not search modules: No such file or directory
Starting Bootlog daemon: bootlogd.

[   12.496917] EXT4-fs (mmcblk0p2): re-mounted. Opts: data=ordered
ALSA: Restoring mixer settings...

/usr/sbin/alsactl: load_state:1696: No soundcards found...

Configuring network interfaces... udhcpc (v1.20.2) started

Sending discover...

Sending select for 192.168.1.199...

Lease of 192.168.1.199 obtained, lease time 600

/etc/udhcpc.d/50default: Adding DNS 192.0.2.2

/etc/udhcpc.d/50default: Adding DNS 192.0.2.3

done.

Tue Jan 11 20:12:00 UTC 2000


INIT: Entering runlevel: 3


/dev/ttyO2 linked to /dev/tty-bd - using as console

Starting system message bus: dbus.

Starting Dropbear SSH server: dropbear.

Starting telnet daemon.

Starting syslogd/klogd: done

Starting thttpd.

Starting Lighttpd Web Server: lighttpd.

2000-01-11 20:12:00: (log.c.166) server started 

***************************************************************

***************************************************************

NOTICE: This file system contains the followin GPLv3 packages:

	binutils-symlinks

	binutils

	gdbserver

	parted



If you do not wish to distribute GPLv3 components please remove

the above packages prior to distribution.  This can be done using

the opkg remove command.  i.e.:

    opkg remove <package>

Where <package> is the name printed in the list above



NOTE: If the package is a dependency of another package you

      will be notified of the dependent packages.  You should

      use the --force-removal-of-dependent-packages option to

      also remove the dependent packages as well

***************************************************************

***************************************************************

Stopping Bootlog daemon: bootlogd.

 _____                    _____           _         _   
|  _  |___ ___ ___ ___   |  _  |___ ___  |_|___ ___| |_ 
|     |  _| .'| . | . |  |   __|  _| . | | | -_|  _|  _|
|__|__|_| |__,|_  |___|  |__|  |_| |___|_| |___|___|_|  
              |___|                    |___|            

Arago Project http://arago-project.org GenericOMAP36xx(FlattenedDeviceTree) tty-bd

Arago 2013.12 GenericOMAP36xx(FlattenedDeviceTree) tty-bd

GenericOMAP36xx(FlattenedDeviceTree) login: 
- 06:09:54 [INFO] Host: root
- 06:09:55 [INFO] Target: 
root
root@GenericOMAP36xx(FlattenedDeviceTree):~# 
- 06:09:55 [INFO] Host: uname -a
- 06:09:55 [INFO] Target: 
uname -a
Linux GenericOMAP36xx(FlattenedDeviceTree) 3.15.0-rc8-next-20140603-00002-gf6823a3 #1 SMP Tue Jun 3 06:04:24 CDT 2014 armv7l GNU/Linux
root@GenericOMAP36xx(FlattenedDeviceTree):~# 
- 06:09:55 [INFO] Host: cat /proc/cmdline
- 06:09:56 [INFO] Target: 
cat /proc/cmdline
console=ttyO2,115200n8  earlyprintk rootwait  ip=dhcp  root=/dev/mmcblk0p2 rw rootfstype=ext3 rootwait 
root@GenericOMAP36xx(FlattenedDeviceTree):~# 
- 06:09:56 [INFO] Host: uname -a
- 06:09:56 [INFO] Target: 
uname -a
Linux GenericOMAP36xx(FlattenedDeviceTree) 3.15.0-rc8-next-20140603-00002-gf6823a3 #1 SMP Tue Jun 3 06:04:24 CDT 2014 armv7l GNU/Linux
root@GenericOMAP36xx(FlattenedDeviceTree):~# 
- 06:09:56 [INFO] Host: cat /proc/mtd
- 06:09:57 [INFO] Target: 
cat /proc/mtd
dev:    size   erasesize  name
root@GenericOMAP36xx(FlattenedDeviceTree):~# 
- 06:10:03 [INFO] Host: export IPERFHOST=128.247.105.47
- 06:10:03 [INFO] Target: 
export IPERFHOST=128.247.105.47
root@GenericOMAP36xx(FlattenedDeviceTree):~# 
- 06:10:03 [INFO] Host: export NFS_SERVER=128.247.105.47
- 06:10:04 [INFO] Target: 
export NFS_SERVER=128.247.105.47
root@GenericOMAP36xx(FlattenedDeviceTree):~# 
- 06:10:04 [INFO] Host: export NFS_ROOT_PATH=/usr/workdir/filesys/linux/bbxm
- 06:10:04 [INFO] Target: 
export NFS_ROOT_PATH=/usr/workdir/f 
ilesys/linux/bbxm
root@GenericOMAP36xx(FlattenedDeviceTree):~# 
- 06:10:04 [INFO] Host: mkdir -p -m 777 /test
- 06:10:05 [INFO] Target: 
mkdir -p -m 777 /test
root@GenericOMAP36xx(FlattenedDeviceTree):~# 
- 06:10:05 [INFO] Host: cd /test
- 06:10:06 [INFO] Target: 
cd /test
root@GenericOMAP36xx(FlattenedDeviceTree):/test# 
- 06:10:06 [INFO] Host: cat > test.sh << EOF
- 06:10:06 [INFO] Target: 
cat > test.sh << EOF
> 
- 06:10:06 [INFO] Host: failtest() {

- 06:10:07 [INFO] Target: 
failtest() {
> 
- 06:10:07 [INFO] Host:   echo 1 >&3

- 06:10:07 [INFO] Target: 
  echo 1 >&3
> 
- 06:10:08 [INFO] Host: }

- 06:10:08 [INFO] Target: 
}
> 
- 06:10:08 [INFO] Host: script=anonymous:anonymous@gtautoftp.gt.design.ti.com/anonymous/opentest/target-test-basic.sh_md5_5d260c597a39e144f6dea1bc54ee8584

- 06:10:18 [ERROR] On command: script=anonymous:anonymous@gtautoftp.gt.design.ti.com/anonymous/opentest/target-test-basic.sh_md5_5d260c597a39e144f6dea1bc54ee8584
 waiting for (?-mix:.*) >>> error: execution expired
- 06:10:18 [INFO] Target: 
script=anonymous:anonymous@gtautoftp.gt.design.ti.com/anonymous/opentest/targe 
t-test-basic.sh_md5_5d260c597a39e144f6dea1bc54ee8584
> 
- 06:10:18 [INFO] Host: timeout=600

- 06:10:19 [INFO] Target: 
timeout=600
> 
- 06:10:19 [INFO] Host: 

- 06:10:19 [INFO] Target: 

> 
- 06:10:19 [INFO] Host: # Start of user's script logic

- 06:10:20 [INFO] Target: 
# Start of user's script logic
> 
- 06:10:20 [INFO] Host: 

- 06:10:21 [INFO] Target: 

> 
- 06:10:21 [INFO] Host: 

- 06:10:21 [INFO] Target: 

> 
- 06:10:21 [INFO] Host: mount -t proc proc /proc 2>/dev/null;

- 06:10:22 [INFO] Target: 
mount -t proc proc /proc 2>/dev/null;
> 
- 06:10:22 [INFO] Host: 

- 06:10:22 [INFO] Target: 

> 
- 06:10:22 [INFO] Host: mount -t sysfs sys /sys 2>/dev/null;

- 06:10:23 [INFO] Target: 
mount -t sysfs sys /sys 2>/dev/null;
> 
- 06:10:23 [INFO] Host: 

- 06:10:24 [INFO] Target: 

> 
- 06:10:24 [INFO] Host: mount -t debugfs none /sys/kernel/debug 2>/dev/null;

- 06:10:24 [INFO] Target: 
mount -t debugfs none /sys/kernel/debug 2>/dev/null;
> 
- 06:10:24 [INFO] Host: 

- 06:10:25 [INFO] Target: 

> 
- 06:10:25 [INFO] Host: echo 'cpuinfo:';cat /proc/cpuinfo; echo '=======';

- 06:10:25 [INFO] Target: 
echo 'cpuinfo:';cat /proc/cpuinfo; echo '=======';
> 
- 06:10:25 [INFO] Host: 

- 06:10:26 [INFO] Target: 

> 
- 06:10:26 [INFO] Host: echo 'soc info:';head /sys/devices/soc0/* 2>/dev/null; echo '=======';

- 06:10:26 [INFO] Target: 
echo 'soc info:';head /sys/devices/soc0/* 2>/dev/null; echo '=======';
> 
- 06:10:27 [INFO] Host: 

- 06:10:27 [INFO] Target: 

> 
- 06:10:27 [INFO] Host: echo 'interrupts:';cat /proc/interrupts; echo '=======';

- 06:10:28 [INFO] Target: 
echo 'interrupts:';cat /proc/interrupts; echo '=======';
> 
- 06:10:28 [INFO] Host: 

- 06:10:28 [INFO] Target: 

> 
- 06:10:28 [INFO] Host: echo 'Clk_summary:';cat /sys/kernel/debug/clk/clk_summary; echo '=======';

- 06:10:29 [INFO] Target: 
echo 'Clk_summary:';cat /sys/kernel/debug/clk/clk_summary; echo '=======';
> 
- 06:10:29 [INFO] Host: 

- 06:10:30 [INFO] Target: 

> 
- 06:10:30 [INFO] Host: echo 'Orphan Clks:';ls /sys/kernel/debug/clk/orphans/; echo '=======';

- 06:10:30 [INFO] Target: 
echo 'Orphan Clks:';ls /sys/kernel/debug/clk/orphans/; echo '=======';
> 
- 06:10:30 [INFO] Host: 

- 06:10:31 [INFO] Target: 

> 
- 06:10:31 [INFO] Host: echo 'H''ello World' 'B''oard Booted';

- 06:10:31 [INFO] Target: 
echo 'H''ello World' 'B''oard Booted';
> 
- 06:10:31 [INFO] Host: 

- 06:10:32 [INFO] Target: 

> 
- 06:10:32 [INFO] Host: EOF
- 06:10:33 [INFO] Target: 
EOF
root@GenericOMAP36xx(FlattenedDeviceTree):/test# 
- 06:10:33 [INFO] Host: cd /test
- 06:10:33 [INFO] Target: 
cd /test
root@GenericOMAP36xx(FlattenedDeviceTree):/test# 
- 06:10:33 [INFO] Host: chmod +x test.sh
- 06:10:34 [INFO] Target: 
chmod +x test.sh
root@GenericOMAP36xx(FlattenedDeviceTree):/test# 
- 06:10:34 [INFO] Host: ./test.sh 2> stderr.log > stdout.log 3> result.log
- 06:10:34 [INFO] Target: 
./test.sh 2> stderr.log > stdou 
t.log 3> result.log
root@GenericOMAP36xx(FlattenedDeviceTree):/test# 
- 06:10:34 [INFO] Host: echo $?
- 06:10:35 [INFO] Target: 
echo $?
0
root@GenericOMAP36xx(FlattenedDeviceTree):/test# 
- 06:10:35 [INFO] Host: cd /test
- 06:10:35 [INFO] Target: 
cd /test
root@GenericOMAP36xx(FlattenedDeviceTree):/test# 
- 06:10:36 [INFO] Host: cat stdout.log
- 06:10:38 [INFO] Target: 
cat stdout.log
cpuinfo:
processor	: 0
model name	: ARMv7 Processor rev 2 (v7l)
Features	: swp half thumb fastmult vfp edsp thumbee neon vfpv3 tls vfpd32 
CPU implementer	: 0x41
CPU architecture: 7
CPU variant	: 0x3
CPU part	: 0xc08
CPU revision	: 2

Hardware	: Generic OMAP36xx (Flattened Device Tree)
Revision	: 0000
Serial		: 0000000000000000
=======
soc info:
==> /sys/devices/soc0/family <==
OMAP3

==> /sys/devices/soc0/machine <==
OMAP3630

==> /sys/devices/soc0/power <==

==> /sys/devices/soc0/revision <==
ES1.2

==> /sys/devices/soc0/subsystem <==

==> /sys/devices/soc0/type <==
GP

==> /sys/devices/soc0/uevent <==
=======
interrupts:
           CPU0       
 23:          0      INTC   7  TWL4030-PIH
 25:          0      INTC   9  l3-debug-irq
 26:          0      INTC  10  l3-app-irq
 28:          0      INTC  12  DMA
 29:       2403      INTC  13  omap-dma-engine
 36:          0      INTC  20  gpmc
 53:       3645      INTC  37  gp_timer
 72:        444      INTC  56  48070000.i2c
 73:         30      INTC  57  48072000.i2c
 77:         30      INTC  61  48060000.i2c
 90:       3921      INTC  74  OMAP UART2
 92:          3      INTC  76  ohci_hcd:usb1
 93:        310      INTC  77  ehci_hcd:usb2
 99:       4162      INTC  83  mmc0
274:       1554      PRCM  pm_wkup
283:          0      PRCM  pinctrl, pinctrl, pinctrl, pm_io
306:          0   twl4030   0  twl4030_gpio
311:          0   twl4030   5  twl4030_power
317:          0   twl4030  11  rtc0
344:          0      GPIO   4  user
IPI0:          0  CPU wakeup interrupts
IPI1:          0  Timer broadcast interrupts
IPI2:          0  Rescheduling interrupts
IPI3:          0  Function call interrupts
IPI4:          0  Single function call interrupts
IPI5:          0  CPU stop interrupts
IPI6:          0  IRQ work interrupts
IPI7:          0  completion interrupts
Err:          0
=======
Clk_summary:
   clock                         enable_cnt  prepare_cnt        rate   accuracy
--------------------------------------------------------------------------------
 secure_32k_fck                           0            1       32768          0
    wdt1_fck                              0            0       32768          0
    gpt12_fck                             0            1       32768          0
 dummy_ck                                 0            0           0          0
 mcbsp_clks                               0            5           0          0
 sys_altclk                               0            0           0          0
 virt_38_4m_ck                            0            0    38400000          0
 virt_26000000_ck                         1            1    26000000          0
    osc_sys_ck                            1            1    26000000          0
       sys_clkout1                        0            0    26000000          0
       sys_ck                             4           18    13000000          0
          cpefuse_fck                     0            0    13000000          0
          dpll5_ck                        1            1   120000000          0
             dpll5_m2_ck                  2            2   120000000          0
                usbhost_120m_fck           1            1   120000000          0
                usbtll_fck                1            1   120000000          0
                dpll5_m2_d4_ck            0            0    30000000          0
                dpll5_m2_d8_ck            0            0    15000000          0
                dpll5_m2_d16_ck           0            0     7500000          0
                dpll5_m2_d20_ck           0            0     6000000          0
          sys_d2_ck                       0            0     6500000          0
             usim_fck                     0            0     6500000          0
          modem_fck                       0            0    13000000          0
          dpll2_ck                        0            1   260000000          0
             dpll2_m2_ck                  0            1   260000000          0
                iva2_ck                   0            2   260000000          0
          sr2_fck                         0            1    13000000          0
          sr1_fck                         0            1    13000000          0
          traceclk_src_fck                0            0    13000000          0
             traceclk_fck                 0            0    13000000          0
          emu_src_mux_ck                  0            1    13000000          0
             emu_src_ck                   0            1    13000000          0
                atclk_fck                 0            0    13000000          0
                pclkx2_fck                0            0    13000000          0
                pclk_fck                  0            0     6500000          0
          gpt9_fck                        0            1    13000000          0
          gpt8_fck                        0            1    13000000          0
          gpt7_fck                        0            1    13000000          0
          gpt6_fck                        0            1    13000000          0
          gpt5_fck                        0            1    13000000          0
          gpt4_fck                        0            1    13000000          0
          gpt3_fck                        0            1    13000000          0
          gpt2_fck                        0            1    13000000          0
          dss2_alwon_fck                  0            2    13000000          0
          dpll1_ck                        0            1   600000000          0
             dpll1_x2_ck                  0            1  1200000000          0
                dpll1_x2m2_ck             0            1  1200000000          0
                   mpu_ck                 0            1  1200000000          0
                      emu_mpu_alwon_ck           0            0  1200000000          0
                      arm_fck             0            1   600000000          0
          dpll3_ck                        1            1   400000000          0
             dpll3_m2_ck                  1            1   400000000          0
                core_ck                   1            1   400000000          0
                   core_d2_ck             0            0   200000000          0
                      sgx_fck             0            0   200000000          0
                   core_d6_ck             0            0    66666666          0
                   core_d4_ck             0            0   100000000          0
                   core_d3_ck             0            0   133333333          0
                   dpll2_fck              0            0   400000000          0
                   l3_ick                 2            3   200000000          0
                      sgx_ick             0            0   200000000          0
                      mad2d_ick           0            0   200000000          0
                      sad2d_ick           0            1   200000000          0
                      security_l3_ick           0            0   200000000          0
                         pka_ick           0            0   200000000          0
                      core_l3_ick           8           10   200000000          0
                         hsotgusb_ick_3430es2           0            1   200000000          0
                         gpmc_fck           2            2   200000000          0
                         sdrc_ick           1            1   200000000          0
                      l4_ick              6            7   100000000          0
                         usbhost_ick           1            1   100000000          0
                         dss_ick_3430es2           4            6   100000000          0
                         sr_l4_ick           2            2   100000000          0
                         ssi_l4_ick           0            0   100000000          0
                            ssi_ick_3430es2           0            0   100000000          0
                         cam_ick           0            1   100000000          0
                         security_l4_ick2           0            0   100000000          0
                            des1_ick           0            0   100000000          0
                            sha11_ick           0            0   100000000          0
                            rng_ick           0            0   100000000          0
                            aes1_ick           0            0   100000000          0
                         per_l4_ick          14           18   100000000          0
                            mcbsp4_ick           2            2   100000000          0
                            mcbsp3_ick           2            2   100000000          0
                            mcbsp2_ick           1            1   100000000          0
                            gpt2_ick           1            1   100000000          0
                            gpt3_ick           1            1   100000000          0
                            gpt4_ick           1            1   100000000          0
                            gpt5_ick           1            1   100000000          0
                            gpt6_ick           1            1   100000000          0
                            gpt7_ick           1            1   100000000          0
                            gpt8_ick           1            1   100000000          0
                            gpt9_ick           1            1   100000000          0
                            uart4_ick           1            1   100000000          0
                            uart3_ick           1            1   100000000          0
                            wdt3_ick           0            0   100000000          0
                            gpio2_ick           0            1   100000000          0
                            gpio3_ick           0            1   100000000          0
                            gpio4_ick           0            1   100000000          0
                            gpio5_ick           1            1   100000000          0
                            gpio6_ick           0            1   100000000          0
                         core_l4_ick          21           23   100000000          0
                            mmchs3_ick           1            1   100000000          0
                            usbtll_ick           1            1   100000000          0
                            mailboxes_ick           0            1   100000000          0
                            mspro_ick           0            0   100000000          0
                            des2_ick           0            0   100000000          0
                            icr_ick           0            0   100000000          0
                            sha12_ick           1            2   100000000          0
                            aes2_ick           1            2   100000000          0
                            omapctrl_ick           1            1   100000000          0
                            mcbsp1_ick           1            1   100000000          0
                            mcbsp5_ick           1            1   100000000          0
                            gpt10_ick           1            1   100000000          0
                            gpt11_ick           1            1   100000000          0
                            uart1_ick           1            1   100000000          0
                            uart2_ick           1            1   100000000          0
                            i2c1_ick           1            1   100000000          0
                            i2c2_ick           1            1   100000000          0
                            i2c3_ick           1            1   100000000          0
                            mcspi1_ick           1            1   100000000          0
                            mcspi2_ick           1            1   100000000          0
                            mcspi3_ick           1            1   100000000          0
                            mcspi4_ick           1            1   100000000          0
                            hdq_ick           0            1   100000000          0
                            mmchs1_ick           1            1   100000000          0
                            mmchs2_ick           1            1   100000000          0
                         rm_ick           0            0    50000000          0
                   dpll1_fck              0            0   200000000          0
                dpll3_m2x2_ck             0            0   800000000          0
                   corex2_fck             0            0   800000000          0
                      ssi_ssr_fck_3430es2           0            0   266666667          0
                         ssi_sst_fck_3430es2           0            0   133333333          0
                      corex2_d5_fck           0            0   160000000          0
                      corex2_d3_fck           0            0   266666666          0
             dpll3_m3_ck                  0            0   200000000          0
                dpll3_m3x2_mul_ck           0            0   400000000          0
                   dpll3_m3x2_ck           0            0   400000000          0
                      emu_core_alwon_ck           0            0   400000000          0
             dpll3_x2_ck                  0            0   800000000          0
          dpll4_ck                        1            3   864000000          0
             dpll4_m6_ck                  0            0   288000000          0
                dpll4_m6x2_mul_ck           0            0   288000000          0
                   dpll4_m6x2_ck           0            0   288000000          0
                      emu_per_alwon_ck           0            0   288000000          0
             dpll4_m5_ck                  0            0   216000000          0
                dpll4_m5x2_mul_ck           0            0   216000000          0
                   dpll4_m5x2_ck           0            0   216000000          0
                      cam_mclk            0            0   216000000          0
             dpll4_m4_ck                  0            1    96000000          0
                dpll4_m4x2_mul_ck           0            1    96000000          0
                   dpll4_m4x2_ck           0            1    96000000          0
                      dss1_alwon_fck_3430es2           0            4    96000000          0
             dpll4_m3_ck                  0            1    54000000          0
                dpll4_m3x2_mul_ck           0            1    54000000          0
                   dpll4_m3x2_ck           0            1    54000000          0
                      omap_54m_fck           0            1    54000000          0
                         dss_tv_fck           0            2    54000000          0
                         clkout2_src_ck           0            0    54000000          0
                            sys_clkout2           0            0    54000000          0
             dpll4_m2_ck                  1            1    96000000          0
                dpll4_m2x2_mul_ck           1            1    96000000          0
                   dpll4_m2x2_ck           1            1    96000000          0
                      omap_192m_alwon_fck           0            0    96000000          0
                      omap_96m_alwon_fck           1            2    96000000          0
                         per_96m_fck           0            6    96000000          0
                            mcbsp4_fck           0            1    96000000          0
                            mcbsp3_fck           0            2    96000000          0
                            mcbsp2_fck           0            2    96000000          0
                         cm_96m_fck           1            2    96000000          0
                            cm_96m_d2_fck           1            1    48000000          0
                               omap_48m_fck           3            4    48000000          0
                                  usbhost_48m_fck           1            1    48000000          0
                                  per_48m_fck           2            2    48000000          0
                                     uart4_fck           1            1    48000000          0
                                     uart3_fck           1            1    48000000          0
                                  core_48m_fck           2            6    48000000          0
                                     uart1_fck           1            1    48000000          0
                                     uart2_fck           1            1    48000000          0
                                     mcspi1_fck           0            1    48000000          0
                                     mcspi2_fck           0            1    48000000          0
                                     mcspi3_fck           0            1    48000000          0
                                     mcspi4_fck           0            1    48000000          0
                                  omap_12m_fck           0            1    12000000          0
                                     core_12m_fck           0            1    12000000          0
                                        hdq_fck             0            1    12000000          0
                            omap_96m_fck           0            2    96000000          0
                               omap_96m_d10_fck           0            0     9600000          0
                               omap_96m_d8_fck           0            0    12000000          0
                               omap_96m_d4_fck           0            0    24000000          0
                               omap_96m_d2_fck           0            0    48000000          0
                               dss_96m_fck           0            2    96000000          0
                               core_96m_fck           0           10    96000000          0
                                  mcbsp1_fck           0            1    96000000          0
                                  mcbsp5_fck           0            1    96000000          0
                                  mmchs3_fck           0            1    96000000          0
                                  mspro_fck           0            0    96000000          0
                                  csi2_96m_fck           0            0    96000000          0
                                  i2c1_fck           0            1    96000000          0
                                  i2c2_fck           0            1    96000000          0
                                  i2c3_fck           0            1    96000000          0
                                  mmchs1_fck           0            1    96000000          0
                                  mmchs2_fck           0            1    96000000          0
             dpll4_x2_ck                  0            0  1728000000          0
          wkup_l4_ick                     5            5    13000000          0
             usim_ick                     0            0    13000000          0
             gpt1_ick                     1            1    13000000          0
             gpt12_ick                    1            1    13000000          0
             omap_32ksync_ick             1            1    13000000          0
             gpio1_ick                    1            1    13000000          0
             wdt1_ick                     0            0    13000000          0
             wdt2_ick                     1            1    13000000          0
 virt_19200000_ck                         0            0    19200000          0
 virt_13m_ck                              0            0    13000000          0
 virt_12m_ck                              0            0    12000000          0
 omap_32k_fck                             2            8       32768          0
    gpt1_fck                              1            1       32768          0
    ts_fck                                0            0       32768          0
    per_32k_alwon_fck                     0            5       32768          0
       wdt3_fck                           0            0       32768          0
       gpio2_dbck                         0            1       32768          0
       gpio3_dbck                         0            1       32768          0
       gpio4_dbck                         0            1       32768          0
       gpio5_dbck                         0            1       32768          0
       gpio6_dbck                         0            1       32768          0
    wkup_32k_fck                          2            3       32768          0
       wdt2_fck                           0            1       32768          0
       gpio1_dbck                         1            2       32768          0
    gpt11_fck                             0            1       32768          0
    gpt10_fck                             0            1       32768          0
 dummy_apb_pclk                           0            0           0          0
 virt_16_8m_ck                            0            0    16800000          0
=======
Orphan Clks:
=======
Hello World Board Booted
root@GenericOMAP36xx(FlattenedDeviceTree):/test# 
- 06:10:38 [INFO] Host: cat stderr.log
- 06:10:38 [INFO] Target: 
cat stderr.log
root@GenericOMAP36xx(FlattenedDeviceTree):/test# 
- 06:10:38 [INFO] Host: cat result.log
- 06:10:40 [ERROR] On command: cat result.log waiting for (?m-ix:^1[\0\n\r]+) >>> error: execution expired
- 06:10:40 [INFO] Target: 
cat result.log
root@GenericOMAP36xx(FlattenedDeviceTree):/test# 
- 06:10:40 [INFO] Host: cd /test
- 06:10:41 [INFO] Target: 
cd /test
root@GenericOMAP36xx(FlattenedDeviceTree):/test# 
