- 05:35:43 [INFO] Starting target session
- 05:35:44 [INFO] Connected to beagleboard-vanilla via serial 
- 05:35:44 [INFO] Host: #check prompt
- 05:35:46 [ERROR] On command: #check prompt waiting for (?-mix:((?-mix:.*\s+login)|[Pp]assword)) >>> error: execution expired
- 05:35:46 [INFO] Target: 
#check prompt
root@GenericOMAP3-GP(FlattenedDeviceTree):/test# 
- 05:35:46 [INFO] Host: #check prompt
- 05:35:46 [INFO] Target: 
#check prompt
root@GenericOMAP3-GP(FlattenedDeviceTree):/test# 
- 05:35:46 [INFO] Host: sync;poweroff
- 05:36:01 [INFO] Target: 
sync;poweroff
INIT: Swi
INIT: Sending processes the TERM signal
Broadcast message from root@GenericOMAP3-GP(FlattenedDeviceTree) (ttyO2) (Mon
The system is going down for system halt NOW!
root@GenericOMAP3-GP(FlattenedDeviceTree):/test# 
INIT: Sending prStopping Dropbear SSH server: stopped /usr/sbin/dropbear (pid 559)
dropbear.
Stopping telnet daemon.
Stopping system message bus: Error opening /dev/fb0: No such file or directory
Stopping syslogd/klogd: stopped syslogd (pid 571)
no klogd found; none killed
Stopping thttpd.
ALSA: Storing mixer settings...
/usr/sbin/alsactl: save_state:1580: No soundcards found...
Deconfiguring network interfaces... ifdown: interface eth0 not configured
done.
Stopping Lighttpd Web Server: stopped /usr/sbin/lighttpd (pid 584)
lighttpd.
Sending all processes the TERM signal...
Sending all processes the KILL signal...
Unmounting remote filesystems...
Deactivating swap...
Unmounting local filesystems...
[10465.566223] EXT4-fs (mmcblk0p2): re-mounted. Opts: data=ordered
[10467.712127] reboot: System halted
- 05:36:01 [INFO] Disconnected serial from beagleboard-vanilla
- 05:36:24 [INFO] Connected to beagleboard-vanilla via serial 
- 05:36:24 [INFO] Host: 
- 05:36:25 [INFO] Target: 
*** Warning - bad CRC, using default environment
Beagle Rev C1/C2/C3
Timed out in wait_for_event: status=0000
Check if pads/pull-ups of bus 1 are properly configured
No EEPROM on expansion board
Die ID #0a8600030000000004013f780600a00e
Net:   usb_ether
Hit any key to stop autoboot:  1  0 
U-Boot# 
- 05:36:25 [INFO] Host: 
- 05:36:25 [INFO] Target: 
U-Boot# 
- 05:36:25 [INFO] Host: version
- 05:36:26 [INFO] Target: 
version
U-Boot 2014.04-00071-g8543283 (Apr 22 2014 - 15:49:50)
arm-linux-gnueabi-gcc (Ubuntu/Linaro 4.6.3-1ubuntu5) 4.6.3
GNU ld (GNU Binutils for Ubuntu) 2.22
U-Boot# 
- 05:36:26 [INFO] Host: setenv bootargs 'console=ttyO2,115200n8  earlyprintk rootwait '
- 05:36:26 [INFO] Target: 
setenv bootargs 'console=ttyO2,115200n8  earlyprintk rootwait '
U-Boot# 
- 05:36:26 [INFO] Host: setenv bootcmd  ''
- 05:36:27 [INFO] Target: 
setenv bootcmd  ''
U-Boot# 
- 05:36:27 [INFO] Host: setenv autoload 'no'
- 05:36:28 [INFO] Target: 
setenv autoload 'no'
U-Boot# 
- 05:36:28 [INFO] Host: setenv serverip '128.247.105.47'
- 05:36:28 [INFO] Target: 
setenv serverip '128.247.105.47'
U-Boot# 
- 05:36:28 [INFO] Host: printenv
- 05:36:29 [INFO] Target: 
printenv
arch=arm
autoload=no
baudrate=115200
beaglerev=Cx
board=beagle
board_name=beagle
bootargs=console=ttyO2,115200n8  earlyprintk rootwait 
bootcmd=
bootdelay=1
bootdir=/boot
bootenv=uEnv.txt
bootfile=uImage
bootm_size=0x08000000
bootpart=0:2
buddy=none
camera=none
console=ttyO2,115200n8
cpu=armv7
defaultdisplay=dvi
dieid#=0a8600030000000004013f780600a00e
dvimode=640x480MR-16@60
ethact=usb_ether
fdtaddr=0x80f80000
findfdt=if test $beaglerev = AxBx; then setenv fdtfile omap3-beagle.dtb; fi; if test $beaglerev = Cx; then setenv fdtfile omap3-beagle.dtb; fi; if test $beaglerev = C4; then setenv fdtfile omap3-beagle.dtb; fi; if test $beaglerev = xMAB; then setenv fdtfile omap3-beagle-xm.dtb; fi; if test $beaglerev = xMC; then setenv fdtfile omap3-beagle-xm.dtb; fi; if test $fdtfile = undefined; then echo WARNING: Could not determine device tree to use; fi; 
importbootenv=echo Importing environment from mmc ...; env import -t $loadaddr $filesize
loadaddr=0x80200000
loadbootenv=fatload mmc ${mmcdev} ${loadaddr} ${bootenv}
loadfdt=load mmc ${bootpart} ${fdtaddr} ${bootdir}/${fdtfile}
loadimage=load mmc ${bootpart} ${loadaddr} ${bootdir}/${bootfile}
loadramdisk=load mmc ${bootpart} ${rdaddr} ${bootdir}/${ramdisk}
mmcargs=setenv bootargs console=${console} ${optargs} mpurate=${mpurate} buddy=${buddy} camera=${camera} vram=${vram} omapfb.mode=dvi:${dvimode} omapdss.def_disp=${defaultdisplay} root=${mmcroot} rootfstype=${mmcrootfstype}
mmcboot=echo Booting from mmc ...; run mmcargs; bootm ${loadaddr}
mmcbootz=echo Booting with DT from mmc${mmcdev} ...; run mmcargs; bootz ${loadaddr} - ${fdtaddr}
mmcdev=0
mmcroot=/dev/mmcblk0p2 rw
mmcrootfstype=ext3 rootwait
mpurate=auto
nandargs=setenv bootargs console=${console} ${optargs} mpurate=${mpurate} buddy=${buddy} camera=${camera} vram=${vram} omapfb.mode=dvi:${dvimode} omapdss.def_disp=${defaultdisplay} root=${nandroot} rootfstype=${nandrootfstype}
nandboot=echo Booting from nand ...; run nandargs; nand read ${loadaddr} 280000 400000; bootm ${loadaddr}
nandroot=ubi0:rootfs ubi.mtd=4
nandrootfstype=ubifs
ramargs=setenv bootargs console=${console} ${optargs} mpurate=${mpurate} buddy=${buddy} vram=${vram} omapfb.mode=dvi:${dvimode} omapdss.def_disp=${defaultdisplay} root=${ramroot} rootfstype=${ramrootfstype}
ramboot=echo Booting from ramdisk ...; run ramargs; bootm ${loadaddr}
ramdisk=ramdisk.gz
ramroot=/dev/ram0 rw ramdisk_size=65536 initrd=0x81000000,64M
ramrootfstype=ext2
rdaddr=0x81000000
serverip=128.247.105.47
soc=omap3
stderr=serial
stdin=serial
stdout=serial
usbtty=cdc_acm
userbutton=if gpio input 173; then run userbutton_xm; else run userbutton_nonxm; fi;
userbutton_nonxm=gpio input 7;
userbutton_xm=gpio input 4;
vendor=ti
ver=U-Boot 2014.04-00071-g8543283 (Apr 22 2014 - 15:49:50)
vram=12M
Environment size: 2895/131068 bytes
U-Boot# 
- 05:36:29 [INFO] Host: dcache off
- 05:36:29 [INFO] Target: 
dcache off
U-Boot# 
- 05:36:29 [INFO] Host: usb start
- 05:36:30 [INFO] Target: 
usb start
(Re)start USB...
USB0:   USB EHCI 1.00
scanning bus 0 for devices... 1 USB Device(s) found
       scanning usb for storage devices... 0 Storage Device(s) found
       scanning usb for ethernet devices... 0 Ethernet Device(s) found
U-Boot# 
- 05:36:30 [INFO] Host: printenv
- 05:36:31 [INFO] Target: 
printenv
arch=arm
autoload=no
baudrate=115200
beaglerev=Cx
board=beagle
board_name=beagle
bootargs=console=ttyO2,115200n8  earlyprintk rootwait 
bootcmd=
bootdelay=1
bootdir=/boot
bootenv=uEnv.txt
bootfile=uImage
bootm_size=0x08000000
bootpart=0:2
buddy=none
camera=none
console=ttyO2,115200n8
cpu=armv7
defaultdisplay=dvi
dieid#=0a8600030000000004013f780600a00e
dvimode=640x480MR-16@60
ethact=usb_ether
fdtaddr=0x80f80000
findfdt=if test $beaglerev = AxBx; then setenv fdtfile omap3-beagle.dtb; fi; if test $beaglerev = Cx; then setenv fdtfile omap3-beagle.dtb; fi; if test $beaglerev = C4; then setenv fdtfile omap3-beagle.dtb; fi; if test $beaglerev = xMAB; then setenv fdtfile omap3-beagle-xm.dtb; fi; if test $beaglerev = xMC; then setenv fdtfile omap3-beagle-xm.dtb; fi; if test $fdtfile = undefined; then echo WARNING: Could not determine device tree to use; fi; 
importbootenv=echo Importing environment from mmc ...; env import -t $loadaddr $filesize
loadaddr=0x80200000
loadbootenv=fatload mmc ${mmcdev} ${loadaddr} ${bootenv}
loadfdt=load mmc ${bootpart} ${fdtaddr} ${bootdir}/${fdtfile}
loadimage=load mmc ${bootpart} ${loadaddr} ${bootdir}/${bootfile}
loadramdisk=load mmc ${bootpart} ${rdaddr} ${bootdir}/${ramdisk}
mmcargs=setenv bootargs console=${console} ${optargs} mpurate=${mpurate} buddy=${buddy} camera=${camera} vram=${vram} omapfb.mode=dvi:${dvimode} omapdss.def_disp=${defaultdisplay} root=${mmcroot} rootfstype=${mmcrootfstype}
mmcboot=echo Booting from mmc ...; run mmcargs; bootm ${loadaddr}
mmcbootz=echo Booting with DT from mmc${mmcdev} ...; run mmcargs; bootz ${loadaddr} - ${fdtaddr}
mmcdev=0
mmcroot=/dev/mmcblk0p2 rw
mmcrootfstype=ext3 rootwait
mpurate=auto
nandargs=setenv bootargs console=${console} ${optargs} mpurate=${mpurate} buddy=${buddy} camera=${camera} vram=${vram} omapfb.mode=dvi:${dvimode} omapdss.def_disp=${defaultdisplay} root=${nandroot} rootfstype=${nandrootfstype}
nandboot=echo Booting from nand ...; run nandargs; nand read ${loadaddr} 280000 400000; bootm ${loadaddr}
nandroot=ubi0:rootfs ubi.mtd=4
nandrootfstype=ubifs
ramargs=setenv bootargs console=${console} ${optargs} mpurate=${mpurate} buddy=${buddy} vram=${vram} omapfb.mode=dvi:${dvimode} omapdss.def_disp=${defaultdisplay} root=${ramroot} rootfstype=${ramrootfstype}
ramboot=echo Booting from ramdisk ...; run ramargs; bootm ${loadaddr}
ramdisk=ramdisk.gz
ramroot=/dev/ram0 rw ramdisk_size=65536 initrd=0x81000000,64M
ramrootfstype=ext2
rdaddr=0x81000000
serverip=128.247.105.47
soc=omap3
stderr=serial
stdin=serial
stdout=serial
usbtty=cdc_acm
userbutton=if gpio input 173; then run userbutton_xm; else run userbutton_nonxm; fi;
userbutton_nonxm=gpio input 7;
userbutton_xm=gpio input 4;
vendor=ti
ver=U-Boot 2014.04-00071-g8543283 (Apr 22 2014 - 15:49:50)
vram=12M
Environment size: 2895/131068 bytes
U-Boot# 
- 05:36:31 [INFO] Host: setenv bootargs ''${bootargs}' ip=dhcp '
- 05:36:31 [INFO] Target: 
setenv bootargs ''${bootargs}' ip=dhcp '
U-Boot# 
- 05:36:31 [INFO] Host: setenv serverip '128.247.105.47'
- 05:36:32 [INFO] Target: 
setenv serverip '128.247.105.47'
U-Boot# 
- 05:36:32 [INFO] Host: setenv ipaddr dhcp
- 05:36:32 [INFO] Target: 
setenv ipaddr dhcp
U-Boot# 
- 05:36:32 [INFO] Host: setenv autoload 'no'
- 05:36:33 [INFO] Target: 
setenv autoload 'no'
U-Boot# 
- 05:36:33 [INFO] Host: dhcp
- 05:36:33 [INFO] Target: 
dhcp
ERROR: Need valid 'usbnet_devaddr' to be set
at drivers/usb/gadget/ether.c:2362/usb_eth_init()
U-Boot# 
- 05:36:34 [INFO] Disconnected serial from beagleboard-vanilla
- 05:45:02 [INFO] Connected to beagleboard-vanilla via serial 
- 05:45:03 [INFO] Disconnected serial from beagleboard-vanilla
- 05:45:14 [INFO] Connected to beagleboard-vanilla via serial 
- 05:45:14 [INFO] Host: ls mmc 0:1
- 05:45:15 [INFO] Target: 
## Total Size      = 0x0000eef0 = 61168 Bytes
U-Boot# ls mmc 0:1
    49660   mlo 
    56782   omap3-beagle.dtb 
    57382   omap3-beagle-xm.dtb 
   372288   u-boot.img 
       70   uenv.txt 
  4254576   zimage 
6 file(s), 0 dir(s)
U-Boot# 
- 05:45:15 [INFO] Host: ls mmc 0:2
- 05:45:16 [INFO] Target: 
ls mmc 0:2
<DIR>       4096 .
<DIR>       4096 ..
<DIR>       4096 bin
<DIR>       4096 boot
<SYM>         37 cpufreq
<SYM>         37 cpuidle
<DIR>       4096 dev
<DIR>       4096 etc
<DIR>       4096 home
<DIR>       4096 lib
<DIR>       4096 media
<DIR>       4096 mnt
<DIR>       4096 opt
<DIR>       4096 proc
<SYM>          8 run
<DIR>       4096 sbin
<DIR>       4096 srv
<DIR>       4096 sys
<SYM>          8 tmp
              46 .ash_history
<DIR>       4096 usr
<DIR>       4096 var
<DIR>       4096 www
<DIR>       4096 test
          348160 core
U-Boot# 
- 05:45:16 [INFO] Host: part uuid mmc 0:2
- 05:45:16 [INFO] Target: 
part uuid mmc 0:2
Unknown command 'part' - try 'help'
U-Boot# 
- 05:45:16 [INFO] Host: printenv
- 05:45:17 [INFO] Target: 
printenv
arch=arm
autoload=no
baudrate=115200
beaglerev=Cx
board=beagle
board_name=beagle
bootargs=console=ttyO2,115200n8  earlyprintk rootwait  ip=dhcp 
bootcmd=
bootdelay=1
bootdir=/boot
bootenv=uEnv.txt
bootfile=uImage
bootm_size=0x08000000
bootpart=0:2
buddy=none
camera=none
console=ttyO2,115200n8
cpu=armv7
defaultdisplay=dvi
dieid#=0a8600030000000004013f780600a00e
dvimode=640x480MR-16@60
ethact=usb_ether
fdtaddr=0x80f80000
filesize=eef0
findfdt=if test $beaglerev = AxBx; then setenv fdtfile omap3-beagle.dtb; fi; if test $beaglerev = Cx; then setenv fdtfile omap3-beagle.dtb; fi; if test $beaglerev = C4; then setenv fdtfile omap3-beagle.dtb; fi; if test $beaglerev = xMAB; then setenv fdtfile omap3-beagle-xm.dtb; fi; if test $beaglerev = xMC; then setenv fdtfile omap3-beagle-xm.dtb; fi; if test $fdtfile = undefined; then echo WARNING: Could not determine device tree to use; fi; 
importbootenv=echo Importing environment from mmc ...; env import -t $loadaddr $filesize
ipaddr=dhcp
loadaddr=0x80200000
loadbootenv=fatload mmc ${mmcdev} ${loadaddr} ${bootenv}
loadfdt=load mmc ${bootpart} ${fdtaddr} ${bootdir}/${fdtfile}
loadimage=load mmc ${bootpart} ${loadaddr} ${bootdir}/${bootfile}
loadramdisk=load mmc ${bootpart} ${rdaddr} ${bootdir}/${ramdisk}
mmcargs=setenv bootargs console=${console} ${optargs} mpurate=${mpurate} buddy=${buddy} camera=${camera} vram=${vram} omapfb.mode=dvi:${dvimode} omapdss.def_disp=${defaultdisplay} root=${mmcroot} rootfstype=${mmcrootfstype}
mmcboot=echo Booting from mmc ...; run mmcargs; bootm ${loadaddr}
mmcbootz=echo Booting with DT from mmc${mmcdev} ...; run mmcargs; bootz ${loadaddr} - ${fdtaddr}
mmcdev=0
mmcroot=/dev/mmcblk0p2 rw
mmcrootfstype=ext3 rootwait
mpurate=auto
nandargs=setenv bootargs console=${console} ${optargs} mpurate=${mpurate} buddy=${buddy} camera=${camera} vram=${vram} omapfb.mode=dvi:${dvimode} omapdss.def_disp=${defaultdisplay} root=${nandroot} rootfstype=${nandrootfstype}
nandboot=echo Booting from nand ...; run nandargs; nand read ${loadaddr} 280000 400000; bootm ${loadaddr}
nandroot=ubi0:rootfs ubi.mtd=4
nandrootfstype=ubifs
ramargs=setenv bootargs console=${console} ${optargs} mpurate=${mpurate} buddy=${buddy} vram=${vram} omapfb.mode=dvi:${dvimode} omapdss.def_disp=${defaultdisplay} root=${ramroot} rootfstype=${ramrootfstype}
ramboot=echo Booting from ramdisk ...; run ramargs; bootm ${loadaddr}
ramdisk=ramdisk.gz
ramroot=/dev/ram0 rw ramdisk_size=65536 initrd=0x81000000,64M
ramrootfstype=ext2
rdaddr=0x81000000
serverip=128.247.105.47
soc=omap3
stderr=serial
stdin=serial
stdout=serial
usbtty=cdc_acm
userbutton=if gpio input 173; then run userbutton_xm; else run userbutton_nonxm; fi;
userbutton_nonxm=gpio input 7;
userbutton_xm=gpio input 4;
vendor=ti
ver=U-Boot 2014.04-00071-g8543283 (Apr 22 2014 - 15:49:50)
vram=12M
Environment size: 2934/131068 bytes
U-Boot# 
- 05:45:17 [INFO] Host: setenv bootargs ''${bootargs}' root=/dev/mmcblk0p2 rw rootfstype=ext3 rootwait '
- 05:45:17 [INFO] Target: 
setenv bootargs ''${bootargs}' root=/dev/mmcblk0p2 rw rootfstype=ext3 rootwait '
U-Boot# 
- 05:45:18 [INFO] Host: printenv
- 05:45:18 [INFO] Target: 
printenv
arch=arm
autoload=no
baudrate=115200
beaglerev=Cx
board=beagle
board_name=beagle
bootargs=console=ttyO2,115200n8  earlyprintk rootwait  ip=dhcp  root=/dev/mmcblk0p2 rw rootfstype=ext3 rootwait 
bootcmd=
bootdelay=1
bootdir=/boot
bootenv=uEnv.txt
bootfile=uImage
bootm_size=0x08000000
bootpart=0:2
buddy=none
camera=none
console=ttyO2,115200n8
cpu=armv7
defaultdisplay=dvi
dieid#=0a8600030000000004013f780600a00e
dvimode=640x480MR-16@60
ethact=usb_ether
fdtaddr=0x80f80000
filesize=eef0
findfdt=if test $beaglerev = AxBx; then setenv fdtfile omap3-beagle.dtb; fi; if test $beaglerev = Cx; then setenv fdtfile omap3-beagle.dtb; fi; if test $beaglerev = C4; then setenv fdtfile omap3-beagle.dtb; fi; if test $beaglerev = xMAB; then setenv fdtfile omap3-beagle-xm.dtb; fi; if test $beaglerev = xMC; then setenv fdtfile omap3-beagle-xm.dtb; fi; if test $fdtfile = undefined; then echo WARNING: Could not determine device tree to use; fi; 
importbootenv=echo Importing environment from mmc ...; env import -t $loadaddr $filesize
ipaddr=dhcp
loadaddr=0x80200000
loadbootenv=fatload mmc ${mmcdev} ${loadaddr} ${bootenv}
loadfdt=load mmc ${bootpart} ${fdtaddr} ${bootdir}/${fdtfile}
loadimage=load mmc ${bootpart} ${loadaddr} ${bootdir}/${bootfile}
loadramdisk=load mmc ${bootpart} ${rdaddr} ${bootdir}/${ramdisk}
mmcargs=setenv bootargs console=${console} ${optargs} mpurate=${mpurate} buddy=${buddy} camera=${camera} vram=${vram} omapfb.mode=dvi:${dvimode} omapdss.def_disp=${defaultdisplay} root=${mmcroot} rootfstype=${mmcrootfstype}
mmcboot=echo Booting from mmc ...; run mmcargs; bootm ${loadaddr}
mmcbootz=echo Booting with DT from mmc${mmcdev} ...; run mmcargs; bootz ${loadaddr} - ${fdtaddr}
mmcdev=0
mmcroot=/dev/mmcblk0p2 rw
mmcrootfstype=ext3 rootwait
mpurate=auto
nandargs=setenv bootargs console=${console} ${optargs} mpurate=${mpurate} buddy=${buddy} camera=${camera} vram=${vram} omapfb.mode=dvi:${dvimode} omapdss.def_disp=${defaultdisplay} root=${nandroot} rootfstype=${nandrootfstype}
nandboot=echo Booting from nand ...; run nandargs; nand read ${loadaddr} 280000 400000; bootm ${loadaddr}
nandroot=ubi0:rootfs ubi.mtd=4
nandrootfstype=ubifs
ramargs=setenv bootargs console=${console} ${optargs} mpurate=${mpurate} buddy=${buddy} vram=${vram} omapfb.mode=dvi:${dvimode} omapdss.def_disp=${defaultdisplay} root=${ramroot} rootfstype=${ramrootfstype}
ramboot=echo Booting from ramdisk ...; run ramargs; bootm ${loadaddr}
ramdisk=ramdisk.gz
ramroot=/dev/ram0 rw ramdisk_size=65536 initrd=0x81000000,64M
ramrootfstype=ext2
rdaddr=0x81000000
serverip=128.247.105.47
soc=omap3
stderr=serial
stdin=serial
stdout=serial
usbtty=cdc_acm
userbutton=if gpio input 173; then run userbutton_xm; else run userbutton_nonxm; fi;
userbutton_nonxm=gpio input 7;
userbutton_xm=gpio input 4;
vendor=ti
ver=U-Boot 2014.04-00071-g8543283 (Apr 22 2014 - 15:49:50)
vram=12M
Environment size: 2983/131068 bytes
U-Boot# 
- 05:45:18 [INFO] Host: setenv bootcmd ''${bootcmd}' if iminfo ${loadaddr}; then bootm ${loadaddr} - ${fdtaddr}; else bootz ${loadaddr} - ${fdtaddr}; bootm ${loadaddr} - ${fdtaddr}; fi'
- 05:45:19 [INFO] Target: 
setenv bootcmd ''${bootcmd}' if iminfo ${loadaddr}; then bootm ${loadaddr} - ${fdtaddr}; else bootz ${loadaddr} - ${fdtaddr}; bootm ${loadaddr} - ${fdtaddr}; fi'
U-Boot# 
- 05:45:19 [INFO] Host: bdinfo
- 05:45:19 [INFO] Target: 
bdinfo
arch_number = 0x0000060A
boot_params = 0x80000100
DRAM bank   = 0x00000000
-> start    = 0x80000000
-> size     = 0x08000000
DRAM bank   = 0x00000001
-> start    = 0x88000000
-> size     = 0x08000000
eth0name    = usb_ether
ethaddr     = (not set)
current eth = usb_ether
ip_addr     = dhcp
baudrate    = 115200 bps
TLB addr    = 0x8FFF0000
relocaddr   = 0x8FF51000
reloc off   = 0x0FE51000
irq_sp      = 0x8FE30ED0
sp start    = 0x8FE30EC0
U-Boot# 
- 05:45:19 [INFO] Host: boot
- 05:47:50 [ERROR] On command: boot waiting for (?-mix:.*\s+login) >>> error: execution expired
- 05:47:50 [INFO] Target: 
boot
## Checking Image at 80200000 ...
Unknown image format!
Kernel image @ 0x80200000 [ 0x000000 - 0x50af18 ]
## Flattened Device Tree blob at 80f80000
   Booting using the fdt blob at 0x80f80000
   Loading Device Tree to 87fee000, end 87fffeef ... OK
Starting kernel ...
[    0.000000] Booting Linux on physical CPU 0x0
[    0.000000] Linux version 3.18.0-rc3-next-20141103-00002-gb3eef83 (nmenon@kahuna) (gcc version 4.6.3 (Ubuntu/Linaro 4.6.3-1ubuntu5) ) #1 SMP Mon Nov 3 05:32:27 CST 2014
[    0.000000] CPU: ARMv7 Processor [411fc083] revision 3 (ARMv7), cr=10c5387d
[    0.000000] CPU: PIPT / VIPT nonaliasing data cache, VIPT nonaliasing instruction cache
[    0.000000] Machine model: TI OMAP3 BeagleBoard
[    0.000000] cma: Reserved 64 MiB at 0x8b800000
[    0.000000] Memory policy: Data cache writeback
[    0.000000]   HighMem zone: 1048574 pages exceeds freesize 0
[    0.000000] CPU: All CPU(s) started in SVC mode.
[    0.000000] OMAP3430/3530 ES3.0 (l2cache iva sgx neon isp )
[    0.000000] PERCPU: Embedded 10 pages/cpu @cfc8b000 s8384 r8192 d24384 u40960
[    0.000000] Built 1 zonelists in Zone order, mobility grouping on.  Total pages: 64768
[    0.000000] Kernel command line: console=ttyO2,115200n8  earlyprintk rootwait  ip=dhcp  root=/dev/mmcblk0p2 rw rootfstype=ext3 rootwait 
[    0.000000] PID hash table entries: 1024 (order: 0, 4096 bytes)
[    0.000000] Dentry cache hash table entries: 32768 (order: 5, 131072 bytes)
[    0.000000] Inode-cache hash table entries: 16384 (order: 4, 65536 bytes)
[    0.000000] Memory: 181076K/261120K available (6885K kernel code, 973K rwdata, 2816K rodata, 736K init, 309K bss, 14508K reserved, 65536K cma-reserved, 0K highmem)
[    0.000000] Virtual kernel memory layout:
[    0.000000]     vector  : 0xffff0000 - 0xffff1000   (   4 kB)
[    0.000000]     fixmap  : 0xffc00000 - 0xffe00000   (2048 kB)
[    0.000000]     vmalloc : 0xd0800000 - 0xff000000   ( 744 MB)
[    0.000000]     lowmem  : 0xc0000000 - 0xd0000000   ( 256 MB)
[    0.000000]     pkmap   : 0xbfe00000 - 0xc0000000   (   2 MB)
[    0.000000]     modules : 0xbf000000 - 0xbfe00000   (  14 MB)
[    0.000000]       .text : 0xc0208000 - 0xc0b8174c   (9702 kB)
[    0.000000]       .init : 0xc0b82000 - 0xc0c3a000   ( 736 kB)
[    0.000000]       .data : 0xc0c3a000 - 0xc0d2d540   ( 974 kB)
[    0.000000]        .bss : 0xc0d2d540 - 0xc0d7a960   ( 310 kB)
[    0.000000] SLUB: HWalign=64, Order=0-3, MinObjects=0, CPUs=1, Nodes=1
[    0.000000] Hierarchical RCU implementation.
[    0.000000] 	RCU restricting CPUs from NR_CPUS=8 to nr_cpu_ids=1.
[    0.000000] RCU: Adjusting geometry for rcu_fanout_leaf=16, nr_cpu_ids=1
[    0.000000] NR_IRQS:16 nr_irqs:16 16
[    0.000000] IRQ: Found an INTC at 0xfa200000 (revision 4.0) with 96 interrupts
[    0.000000] Clocking rate (Crystal/Core/MPU): 26.0/332/600 MHz
[    0.000000] OMAP clockevent source: timer12 at 32768 Hz
[    0.000000] sched_clock: 32 bits at 32kHz, resolution 30517ns, wraps every 65536000000000ns
[    0.000030] OMAP clocksource: 32k_counter at 32768 Hz
[    0.000274] Console: colour dummy device 80x30
[    0.000305] Calibrating delay loop... 476.77 BogoMIPS (lpj=1191936)
[    0.023010] pid_max: default: 32768 minimum: 301
[    0.023254] Mount-cache hash table entries: 1024 (order: 0, 4096 bytes)
[    0.023284] Mountpoint-cache hash table entries: 1024 (order: 0, 4096 bytes)
[    0.024230] CPU: Testing write buffer coherency: ok
[    0.024658] CPU0: thread -1, cpu 0, socket -1, mpidr 0
[    0.024810] Setting up static identity map for 0x808814e8 - 0x80881580
[    0.029693] Brought up 1 CPUs
[    0.029724] SMP: Total of 1 processors activated.
[    0.029724] CPU: All CPU(s) started in SVC mode.
[    0.030548] devtmpfs: initialized
[    0.031890] VFP support v0.3: implementor 41 architecture 3 part 30 variant c rev 1
[    0.054382] omap_hwmod: mcbsp2_sidetone using broken dt data from mcbsp
[    0.055023] omap_hwmod: mcbsp3_sidetone using broken dt data from mcbsp
[    0.086273] omap_hwmod: mcbsp2: cannot be enabled for reset (3)
[    0.124633] pinctrl core: initialized pinctrl subsystem
[    0.163330] NET: Registered protocol family 16
[    0.167449] DMA: preallocated 256 KiB pool for atomic coherent allocations
[    0.171966] cpuidle: using governor ladder
[    0.171997] cpuidle: using governor menu
[    0.172241] omap_l3_smx omap_l3_smx.0: couldn't request debug irq
[    0.172271] omap_l3_smx: probe of omap_l3_smx.0 failed with error -22
[    0.178955] Reprogramming SDRC clock to 332000000 Hz
[    0.185791] omap_gpio 48310000.gpio: could not find pctldev for node /ocp/pinmux@48002a00/pinmux_gpio1_pins, deferring probe
[    0.185821] platform 48310000.gpio: Driver omap_gpio requests probe deferral
[    0.187042] OMAP GPIO hardware version 2.5
[    0.193054] irq: no irq domain found for /ocp/pinmux@48002030 !
[    0.208343] omap-gpmc 6e000000.gpmc: GPMC revision 5.0
[    0.215087] No ATAGs?
[    0.215118] hw-breakpoint: debug architecture 0x4 unsupported.
[    0.215515] EXYNOS: PMU not supported
[    0.218383] OMAP DMA hardware revision 4.0
[    0.223205] Serial: AMBA PL011 UART driver
[    0.248596] edma-dma-engine edma-dma-engine.0: Can't allocate PaRAM dummy slot
[    0.248657] edma-dma-engine: probe of edma-dma-engine.0 failed with error -22
[    0.272460] omap-dma-engine 48056000.dma-controller: OMAP DMA engine driver
[    0.273437] platform hsusb2_power_reg: Driver reg-fixed-voltage requests probe deferral
[    0.278015] vgaarb: loaded
[    0.279327] SCSI subsystem initialized
[    0.280517] usbcore: registered new interface driver usbfs
[    0.280639] usbcore: registered new interface driver hub
[    0.280761] usbcore: registered new device driver usb
[    0.281524] platform hsusb2_phy: Driver usb_phy_generic requests probe deferral
[    0.284362] omap_i2c 48070000.i2c: bus 0 rev3.3 at 2600 kHz
[    0.285247] omap_i2c 48072000.i2c: bus 1 rev3.3 at 100 kHz
[    0.285980] omap_i2c 48060000.i2c: bus 2 rev3.3 at 100 kHz
[    0.286712] Linux video capture interface: v2.00
[    0.286804] pps_core: LinuxPPS API ver. 1 registered
[    0.286834] pps_core: Software ver. 5.3.6 - Copyright 2005-2007 Rodolfo Giometti <giometti@linux.it>
[    0.286895] PTP clock support registered
[    0.287322] EDAC MC: Ver: 3.0.0
[    0.289123] Advanced Linux Sound Architecture Driver Initialized.
[    0.291259] Switched to clocksource 32k_counter
[    0.292083] ------------[ cut here ]------------
[    0.292114] WARNING: CPU: 0 PID: 1 at fs/dcache.c:255 __d_free+0x34/0x40()
[    0.292114] Modules linked in:
[    0.292144] CPU: 0 PID: 1 Comm: swapper/0 Not tainted 3.18.0-rc3-next-20141103-00002-gb3eef83 #1
[    0.292205] [<c0215a84>] (unwind_backtrace) from [<c02114a0>] (show_stack+0x10/0x14)
[    0.292236] [<c02114a0>] (show_stack) from [<c087c860>] (dump_stack+0x70/0x8c)
[    0.292266] [<c087c860>] (dump_stack) from [<c02481ac>] (warn_slowpath_common+0x64/0x84)
[    0.292297] [<c02481ac>] (warn_slowpath_common) from [<c02481e8>] (warn_slowpath_null+0x1c/0x24)
[    0.292327] [<c02481e8>] (warn_slowpath_null) from [<c0306d68>] (__d_free+0x34/0x40)
[    0.292358] [<c0306d68>] (__d_free) from [<c0288d4c>] (rcu_process_callbacks+0x320/0x544)
[    0.292388] [<c0288d4c>] (rcu_process_callbacks) from [<c024b140>] (__do_softirq+0xec/0x238)
[    0.292419] [<c024b140>] (__do_softirq) from [<c024b51c>] (irq_exit+0xa8/0x114)
[    0.292449] [<c024b51c>] (irq_exit) from [<c027f2ec>] (__handle_domain_irq+0x58/0x9c)
[    0.292480] [<c027f2ec>] (__handle_domain_irq) from [<c02088c0>] (omap_intc_handle_irq+0xb4/0xc4)
[    0.292480] [<c02088c0>] (omap_intc_handle_irq) from [<c0212000>] (__irq_svc+0x40/0x54)
[    0.292510] Exception stack(0xcb055e48 to 0xcb055e90)
[    0.292510] 5e40:                   00000000 cfe39d00 cb06b670 00000068 c0d5e358 c0d5e358
[    0.292541] 5e60: cb1cc380 c0c45618 cb1c74c0 c0c356dc 000000ff 00000000 c0c3a204 cb055e90
[    0.292572] 5e80: c04186f0 c0341700 00000153 ffffffff
[    0.292572] [<c0212000>] (__irq_svc) from [<c0341700>] (proc_alloc_inum+0x60/0xcc)
[    0.292602] [<c0341700>] (proc_alloc_inum) from [<c03417c0>] (proc_register+0x18/0x1c4)
[    0.292633] [<c03417c0>] (proc_register) from [<c03419d8>] (proc_create_data+0x6c/0xa8)
[    0.292633] [<c03419d8>] (proc_create_data) from [<c0bb2268>] (proc_page_init+0x40/0x58)
[    0.292663] [<c0bb2268>] (proc_page_init) from [<c0208cc4>] (do_one_initcall+0x80/0x1d0)
[    0.292694] [<c0208cc4>] (do_one_initcall) from [<c0b82d30>] (kernel_init_freeable+0x10c/0x1d8)
[    0.292724] [<c0b82d30>] (kernel_init_freeable) from [<c0878044>] (kernel_init+0x8/0xe4)
[    0.292755] [<c0878044>] (kernel_init) from [<c020e778>] (ret_from_fork+0x14/0x3c)
[    0.292816] ---[ end trace cc910590d87ed9d7 ]---
[    0.313110] NET: Registered protocol family 2
[    0.314117] TCP established hash table entries: 2048 (order: 1, 8192 bytes)
[    0.314178] TCP bind hash table entries: 2048 (order: 2, 16384 bytes)
[    0.314239] TCP: Hash tables configured (established 2048 bind 2048)
[    0.314361] TCP: reno registered
[    0.314392] UDP hash table entries: 256 (order: 1, 8192 bytes)
[    0.314422] UDP-Lite hash table entries: 256 (order: 1, 8192 bytes)
[    0.314697] NET: Registered protocol family 1
[    0.315307] RPC: Registered named UNIX socket transport module.
[    0.315338] RPC: Registered udp transport module.
[    0.315338] RPC: Registered tcp transport module.
[    0.315368] RPC: Registered tcp NFSv4.1 backchannel transport module.
[    0.318786] hw perfevents: enabled with armv7_cortex_a8 PMU driver, 5 counters available
[    0.323272] futex hash table entries: 256 (order: 2, 16384 bytes)
[    0.346405] ------------[ cut here ]------------
[    0.346466] WARNING: CPU: 0 PID: 1 at fs/dcache.c:255 __d_free+0x34/0x40()
[    0.346466] Modules linked in:
[    0.346496] CPU: 0 PID: 1 Comm: swapper/0 Tainted: G        W      3.18.0-rc3-next-20141103-00002-gb3eef83 #1
[    0.346557] [<c0215a84>] (unwind_backtrace) from [<c02114a0>] (show_stack+0x10/0x14)
[    0.346588] [<c02114a0>] (show_stack) from [<c087c860>] (dump_stack+0x70/0x8c)
[    0.346618] [<c087c860>] (dump_stack) from [<c02481ac>] (warn_slowpath_common+0x64/0x84)
[    0.346649] [<c02481ac>] (warn_slowpath_common) from [<c02481e8>] (warn_slowpath_null+0x1c/0x24)
[    0.346679] [<c02481e8>] (warn_slowpath_null) from [<c0306d68>] (__d_free+0x34/0x40)
[    0.346710] [<c0306d68>] (__d_free) from [<c0288d4c>] (rcu_process_callbacks+0x320/0x544)
[    0.346740] [<c0288d4c>] (rcu_process_callbacks) from [<c024b140>] (__do_softirq+0xec/0x238)
[    0.346740] [<c024b140>] (__do_softirq) from [<c024b51c>] (irq_exit+0xa8/0x114)
[    0.346771] [<c024b51c>] (irq_exit) from [<c027f2ec>] (__handle_domain_irq+0x58/0x9c)
[    0.346801] [<c027f2ec>] (__handle_domain_irq) from [<c02088c0>] (omap_intc_handle_irq+0xb4/0xc4)
[    0.346832] [<c02088c0>] (omap_intc_handle_irq) from [<c0212000>] (__irq_svc+0x40/0x54)
[    0.346862] Exception stack(0xcb055d40 to 0xcb055d88)
[    0.346862] 5d40: c0d6056c 20000153 cb228c90 00002e52 cb00c308 00000001 000000d0 20000153
[    0.346893] 5d60: 80000000 00000000 0000297b 00000000 c0c3a204 cb055d88 c0418d80 c0880e80
[    0.346893] 5d80: 90000153 ffffffff
[    0.346923] [<c0212000>] (__irq_svc) from [<c0880e80>] (_raw_spin_unlock_irqrestore+0x1c/0x20)
[    0.346954] [<c0880e80>] (_raw_spin_unlock_irqrestore) from [<c0418d80>] (ida_simple_get+0x6c/0xd0)
[    0.346984] [<c0418d80>] (ida_simple_get) from [<c0349b34>] (__kernfs_new_node+0x64/0xc0)
[    0.347015] [<c0349b34>] (__kernfs_new_node) from [<c034a784>] (kernfs_new_node+0x1c/0x38)
[    0.347015] [<c034a784>] (kernfs_new_node) from [<c034bd34>] (__kernfs_create_file+0x28/0x9c)
[    0.347045] [<c034bd34>] (__kernfs_create_file) from [<c034c480>] (sysfs_add_file_mode_ns+0xa0/0x160)
[    0.347076] [<c034c480>] (sysfs_add_file_mode_ns) from [<c034cf30>] (internal_create_group+0xdc/0x230)
[    0.347106] [<c034cf30>] (internal_create_group) from [<c02ee930>] (sysfs_slab_add+0x68/0x17c)
[    0.347137] [<c02ee930>] (sysfs_slab_add) from [<c02efac8>] (__kmem_cache_create+0x25c/0x3f0)
[    0.347137] [<c02efac8>] (__kmem_cache_create) from [<c02cf538>] (kmem_cache_create+0xd0/0x1b8)
[    0.347167] [<c02cf538>] (kmem_cache_create) from [<c0bb254c>] (ext4_init_fs+0x15c/0x274)
[    0.347198] [<c0bb254c>] (ext4_init_fs) from [<c0208cc4>] (do_one_initcall+0x80/0x1d0)
[    0.347229] [<c0208cc4>] (do_one_initcall) from [<c0b82d30>] (kernel_init_freeable+0x10c/0x1d8)
[    0.347259] [<c0b82d30>] (kernel_init_freeable) from [<c0878044>] (kernel_init+0x8/0xe4)
[    0.347290] [<c0878044>] (kernel_init) from [<c020e778>] (ret_from_fork+0x14/0x3c)
[    0.347290] ---[ end trace cc910590d87ed9d8 ]---
[    0.347320] ------------[ cut here ]------------
[    0.347320] WARNING: CPU: 0 PID: 1 at fs/dcache.c:255 __d_free+0x34/0x40()
[    0.347351] Modules linked in:
[    0.347351] CPU: 0 PID: 1 Comm: swapper/0 Tainted: G        W      3.18.0-rc3-next-20141103-00002-gb3eef83 #1
[    0.347381] [<c0215a84>] (unwind_backtrace) from [<c02114a0>] (show_stack+0x10/0x14)
[    0.347412] [<c02114a0>] (show_stack) from [<c087c860>] (dump_stack+0x70/0x8c)
[    0.347442] [<c087c860>] (dump_stack) from [<c02481ac>] (warn_slowpath_common+0x64/0x84)
[    0.347473] [<c02481ac>] (warn_slowpath_common) from [<c02481e8>] (warn_slowpath_null+0x1c/0x24)
[    0.347473] [<c02481e8>] (warn_slowpath_null) from [<c0306d68>] (__d_free+0x34/0x40)
[    0.347503] [<c0306d68>] (__d_free) from [<c0288d4c>] (rcu_process_callbacks+0x320/0x544)
[    0.347534] [<c0288d4c>] (rcu_process_callbacks) from [<c024b140>] (__do_softirq+0xec/0x238)
[    0.347564] [<c024b140>] (__do_softirq) from [<c024b51c>] (irq_exit+0xa8/0x114)
[    0.347595] [<c024b51c>] (irq_exit) from [<c027f2ec>] (__handle_domain_irq+0x58/0x9c)
[    0.347595] [<c027f2ec>] (__handle_domain_irq) from [<c02088c0>] (omap_intc_handle_irq+0xb4/0xc4)
[    0.347625] [<c02088c0>] (omap_intc_handle_irq) from [<c0212000>] (__irq_svc+0x40/0x54)
[    0.347656] Exception stack(0xcb055d40 to 0xcb055d88)
[    0.347656] 5d40: c0d6056c 20000153 cb228c90 00002e52 cb00c308 00000001 000000d0 20000153
[    0.347686] 5d60: 80000000 00000000 0000297b 00000000 c0c3a204 cb055d88 c0418d80 c0880e80
[    0.347686] 5d80: 90000153 ffffffff
[    0.347717] [<c0212000>] (__irq_svc) from [<c0880e80>] (_raw_spin_unlock_irqrestore+0x1c/0x20)
[    0.347747] [<c0880e80>] (_raw_spin_unlock_irqrestore) from [<c0418d80>] (ida_simple_get+0x6c/0xd0)
[    0.347778] [<c0418d80>] (ida_simple_get) from [<c0349b34>] (__kernfs_new_node+0x64/0xc0)
[    0.347778] [<c0349b34>] (__kernfs_new_node) from [<c034a784>] (kernfs_new_node+0x1c/0x38)
[    0.347808] [<c034a784>] (kernfs_new_node) from [<c034bd34>] (__kernfs_create_file+0x28/0x9c)
[    0.347839] [<c034bd34>] (__kernfs_create_file) from [<c034c480>] (sysfs_add_file_mode_ns+0xa0/0x160)
[    0.347839] [<c034c480>] (sysfs_add_file_mode_ns) from [<c034cf30>] (internal_create_group+0xdc/0x230)
[    0.347869] [<c034cf30>] (internal_create_group) from [<c02ee930>] (sysfs_slab_add+0x68/0x17c)
[    0.347900] [<c02ee930>] (sysfs_slab_add) from [<c02efac8>] (__kmem_cache_create+0x25c/0x3f0)
[    0.347930] [<c02efac8>] (__kmem_cache_create) from [<c02cf538>] (kmem_cache_create+0xd0/0x1b8)
[    0.347930] [<c02cf538>] (kmem_cache_create) from [<c0bb254c>] (ext4_init_fs+0x15c/0x274)
[    0.347961] [<c0bb254c>] (ext4_init_fs) from [<c0208cc4>] (do_one_initcall+0x80/0x1d0)
[    0.347991] [<c0208cc4>] (do_one_initcall) from [<c0b82d30>] (kernel_init_freeable+0x10c/0x1d8)
[    0.348022] [<c0b82d30>] (kernel_init_freeable) from [<c0878044>] (kernel_init+0x8/0xe4)
[    0.348022] [<c0878044>] (kernel_init) from [<c020e778>] (ret_from_fork+0x14/0x3c)
[    0.348052] ---[ end trace cc910590d87ed9d9 ]---
[    0.348052] ------------[ cut here ]------------
[    0.348083] WARNING: CPU: 0 PID: 1 at fs/dcache.c:255 __d_free+0x34/0x40()
[    0.348083] Modules linked in:
[    0.348114] CPU: 0 PID: 1 Comm: swapper/0 Tainted: G        W      3.18.0-rc3-next-20141103-00002-gb3eef83 #1
[    0.348144] [<c0215a84>] (unwind_backtrace) from [<c02114a0>] (show_stack+0x10/0x14)
[    0.348144] [<c02114a0>] (show_stack) from [<c087c860>] (dump_stack+0x70/0x8c)
[    0.348175] [<c087c860>] (dump_stack) from [<c02481ac>] (warn_slowpath_common+0x64/0x84)
[    0.348205] [<c02481ac>] (warn_slowpath_common) from [<c02481e8>] (warn_slowpath_null+0x1c/0x24)
[    0.348236] [<c02481e8>] (warn_slowpath_null) from [<c0306d68>] (__d_free+0x34/0x40)
[    0.348236] [<c0306d68>] (__d_free) from [<c0288d4c>] (rcu_process_callbacks+0x320/0x544)
[    0.348266] [<c0288d4c>] (rcu_process_callbacks) from [<c024b140>] (__do_softirq+0xec/0x238)
[    0.348297] [<c024b140>] (__do_softirq) from [<c024b51c>] (irq_exit+0xa8/0x114)
[    0.348327] [<c024b51c>] (irq_exit) from [<c027f2ec>] (__handle_domain_irq+0x58/0x9c)
[    0.348327] [<c027f2ec>] (__handle_domain_irq) from [<c02088c0>] (omap_intc_handle_irq+0xb4/0xc4)
[    0.348358] [<c02088c0>] (omap_intc_handle_irq) from [<c0212000>] (__irq_svc+0x40/0x54)
[    0.348388] Exception stack(0xcb055d40 to 0xcb055d88)
[    0.348388] 5d40: c0d6056c 20000153 cb228c90 00002e52 cb00c308 00000001 000000d0 20000153
[    0.348419] 5d60: 80000000 00000000 0000297b 00000000 c0c3a204 cb055d88 c0418d80 c0880e80
[    0.348419] 5d80: 90000153 ffffffff
[    0.348449] [<c0212000>] (__irq_svc) from [<c0880e80>] (_raw_spin_unlock_irqrestore+0x1c/0x20)
[    0.348480] [<c0880e80>] (_raw_spin_unlock_irqrestore) from [<c0418d80>] (ida_simple_get+0x6c/0xd0)
[    0.348510] [<c0418d80>] (ida_simple_get) from [<c0349b34>] (__kernfs_new_node+0x64/0xc0)
[    0.348510] [<c0349b34>] (__kernfs_new_node) from [<c034a784>] (kernfs_new_node+0x1c/0x38)
[    0.348541] [<c034a784>] (kernfs_new_node) from [<c034bd34>] (__kernfs_create_file+0x28/0x9c)
[    0.348571] [<c034bd34>] (__kernfs_create_file) from [<c034c480>] (sysfs_add_file_mode_ns+0xa0/0x160)
[    0.348571] [<c034c480>] (sysfs_add_file_mode_ns) from [<c034cf30>] (internal_create_group+0xdc/0x230)
[    0.348602] [<c034cf30>] (internal_create_group) from [<c02ee930>] (sysfs_slab_add+0x68/0x17c)
[    0.348632] [<c02ee930>] (sysfs_slab_add) from [<c02efac8>] (__kmem_cache_create+0x25c/0x3f0)
[    0.348663] [<c02efac8>] (__kmem_cache_create) from [<c02cf538>] (kmem_cache_create+0xd0/0x1b8)
[    0.348663] [<c02cf538>] (kmem_cache_create) from [<c0bb254c>] (ext4_init_fs+0x15c/0x274)
[    0.348693] [<c0bb254c>] (ext4_init_fs) from [<c0208cc4>] (do_one_initcall+0x80/0x1d0)
[    0.348724] [<c0208cc4>] (do_one_initcall) from [<c0b82d30>] (kernel_init_freeable+0x10c/0x1d8)
[    0.348724] [<c0b82d30>] (kernel_init_freeable) from [<c0878044>] (kernel_init+0x8/0xe4)
[    0.348754] [<c0878044>] (kernel_init) from [<c020e778>] (ret_from_fork+0x14/0x3c)
[    0.348785] ---[ end trace cc910590d87ed9da ]---
[    0.350250] squashfs: version 4.0 (2009/01/31) Phillip Lougher
[    0.351928] NFS: Registering the id_resolver key type
[    0.352020] Key type id_resolver registered
[    0.352020] Key type id_legacy registered
[    0.353302] Block layer SCSI generic (bsg) driver version 0.4 loaded (major 249)
[    0.353332] io scheduler noop registered
[    0.353363] io scheduler deadline registered
[    0.353759] io scheduler cfq registered (default)
[    0.359100] pinctrl-single 48002030.pinmux: 284 pins at pa fa002030 size 568
[    0.359466] pinctrl-single 48002a00.pinmux: 46 pins at pa fa002a00 size 92
[    0.360260] pinctrl-single 480025d8.pinmux: 18 pins at pa fa0025d8 size 36
[    0.491790] Serial: 8250/16550 driver, 4 ports, IRQ sharing disabled
[    0.495513] Serial: IMX driver
[    0.496612] msm_serial: driver initialized
[    0.497650] omap_uart 4806a000.serial: no wakeirq for uart0
[    0.497894] omap_uart 4806a000.serial: ttyO0 at MMIO 0x4806a000 (irq = 192, base_baud = 3000000) is a OMAP UART0
[    0.498718] omap_uart 4806c000.serial: no wakeirq for uart0
[    0.498931] omap_uart 4806c000.serial: ttyO1 at MMIO 0x4806c000 (irq = 193, base_baud = 3000000) is a OMAP UART1
[    0.499999] omap_uart 49020000.serial: ttyO2 at MMIO 0x49020000 (irq = 194, base_baud = 3000000) is a OMAP UART2
[    2.338134] console [ttyO2] enabled
[    2.342773] STMicroelectronics ASC driver initialized
[    2.349822] serial: Freescale lpuart driver
[    2.354736] [drm] Initialized drm 1.1.0 20060810
[    2.371063] loop: module loaded
[    2.381896] twl 0-0048: PIH (irq 264) chaining IRQs 268..276
[    2.388000] twl 0-0048: power (irq 273) chaining IRQs 276..283
[    2.429443] twl4030_gpio twl4030-gpio: gpio (irq 268) chaining IRQs 284..301
[    2.454467] CAN device driver interface
[    2.460845] igb: Intel(R) Gigabit Ethernet Network Driver - version 5.2.15-k
[    2.468292] igb: Copyright (c) 2007-2014 Intel Corporation.
[    2.477996] pegasus: v0.9.3 (2013/04/25), Pegasus/Pegasus II USB Ethernet driver
[    2.485961] usbcore: registered new interface driver pegasus
[    2.492065] usbcore: registered new interface driver asix
[    2.497894] usbcore: registered new interface driver ax88179_178a
[    2.504394] usbcore: registered new interface driver cdc_ether
[    2.510711] usbcore: registered new interface driver smsc75xx
[    2.516906] usbcore: registered new interface driver smsc95xx
[    2.523071] usbcore: registered new interface driver net1080
[    2.529144] usbcore: registered new interface driver cdc_subset
[    2.535491] usbcore: registered new interface driver zaurus
[    2.541564] usbcore: registered new interface driver cdc_ncm
[    2.548309] ehci_hcd: USB 2.0 'Enhanced' Host Controller (EHCI) Driver
[    2.555206] ehci-pci: EHCI PCI platform driver
[    2.560028] ehci-platform: EHCI generic platform driver
[    2.565979] ehci-omap: OMAP-EHCI Host Controller driver
[    2.572021] ehci-omap 48064800.ehci: Can't get PHY device for port 1: -517
[    2.579315] platform 48064800.ehci: Driver ehci-omap requests probe deferral
[    2.586914] ehci-orion: EHCI orion driver
[    2.591552] SPEAr-ehci: EHCI SPEAr driver
[    2.596099] tegra-ehci: Tegra EHCI driver
[    2.600738] ohci_hcd: USB 1.1 'Open' Host Controller (OHCI) Driver
[    2.607299] ohci-pci: OHCI PCI platform driver
[    2.612152] ohci-platform: OHCI generic platform driver
[    2.618011] ohci-omap3: OHCI OMAP3 driver
[    2.622741] ohci-omap3 48064400.ohci: OHCI Host Controller
[    2.628601] ohci-omap3 48064400.ohci: new USB bus registered, assigned bus number 1
[    2.637115] ohci-omap3 48064400.ohci: irq 265, io mem 0x48064400
[    2.714172] hub 1-0:1.0: USB hub found
[    2.718292] hub 1-0:1.0: 3 ports detected
[    2.723785] SPEAr-ohci: OHCI SPEAr driver
[    2.728057] ------------[ cut here ]------------
[    2.728088] WARNING: CPU: 0 PID: 1 at fs/dcache.c:255 __d_free+0x34/0x40()
[    2.728088] Modules linked in:
[    2.728118] CPU: 0 PID: 1 Comm: swapper/0 Tainted: G        W      3.18.0-rc3-next-20141103-00002-gb3eef83 #1
[    2.728149] [<c0215a84>] (unwind_backtrace) from [<c02114a0>] (show_stack+0x10/0x14)
[    2.728179] [<c02114a0>] (show_stack) from [<c087c860>] (dump_stack+0x70/0x8c)
[    2.728210] [<c087c860>] (dump_stack) from [<c02481ac>] (warn_slowpath_common+0x64/0x84)
[    2.728240] [<c02481ac>] (warn_slowpath_common) from [<c02481e8>] (warn_slowpath_null+0x1c/0x24)
[    2.728240] [<c02481e8>] (warn_slowpath_null) from [<c0306d68>] (__d_free+0x34/0x40)
[    2.728271] [<c0306d68>] (__d_free) from [<c0288d4c>] (rcu_process_callbacks+0x320/0x544)
[    2.728302] [<c0288d4c>] (rcu_process_callbacks) from [<c024b140>] (__do_softirq+0xec/0x238)
[    2.728302] [<c024b140>] (__do_softirq) from [<c024b51c>] (irq_exit+0xa8/0x114)
[    2.728332] [<c024b51c>] (irq_exit) from [<c027f2ec>] (__handle_domain_irq+0x58/0x9c)
[    2.728363] [<c027f2ec>] (__handle_domain_irq) from [<c02088c0>] (omap_intc_handle_irq+0xb4/0xc4)
[    2.728363] [<c02088c0>] (omap_intc_handle_irq) from [<c0212000>] (__irq_svc+0x40/0x54)
[    2.728393] Exception stack(0xcb055de8 to 0xcb055e30)
[    2.728393] 5de0:                   00000000 00000000 00000001 0000070e 60000113 00000006
[    2.728424] 5e00: 0000012a 00000000 00000000 c0d31888 00000000 c0c87034 60000113 cb055e30
[    2.728424] 5e20: c04f9ffc c027d854 60000113 ffffffff
[    2.728424] [<c0212000>] (__irq_svc) from [<c027d854>] (console_unlock+0x324/0x468)
[    2.728454] [<c027d854>] (console_unlock) from [<c027dd78>] (vprintk_emit+0x204/0x4b4)
[    2.728485] [<c027dd78>] (vprintk_emit) from [<c087a8f4>] (printk+0x34/0x44)
[    2.728485] [<c087a8f4>] (printk) from [<c0bc61f8>] (ohci_spear_init+0x1c/0x54)
[    2.728515] [<c0bc61f8>] (ohci_spear_init) from [<c0208cc4>] (do_one_initcall+0x80/0x1d0)
[    2.728515] [<c0208cc4>] (do_one_initcall) from [<c0b82d30>] (kernel_init_freeable+0x10c/0x1d8)
[    2.728546] [<c0b82d30>] (kernel_init_freeable) from [<c0878044>] (kernel_init+0x8/0xe4)
[    2.728576] [<c0878044>] (kernel_init) from [<c020e778>] (ret_from_fork+0x14/0x3c)
[    2.728576] ---[ end trace cc910590d87ed9db ]---
[    2.946655] usbcore: registered new interface driver usb-storage
[    2.956848] mousedev: PS/2 mouse device common for all mice
[    2.969238] twl_rtc 48070000.i2c:twl@48:rtc: Power up reset detected.
[    2.976196] twl_rtc 48070000.i2c:twl@48:rtc: Enabling TWL-RTC
[    2.982269] ------------[ cut here ]------------
[    2.982299] WARNING: CPU: 0 PID: 1 at fs/dcache.c:255 __d_free+0x34/0x40()
[    2.982299] Modules linked in:
[    2.982330] CPU: 0 PID: 1 Comm: swapper/0 Tainted: G        W      3.18.0-rc3-next-20141103-00002-gb3eef83 #1
[    2.982360] [<c0215a84>] (unwind_backtrace) from [<c02114a0>] (show_stack+0x10/0x14)
[    2.982391] [<c02114a0>] (show_stack) from [<c087c860>] (dump_stack+0x70/0x8c)
[    2.982421] [<c087c860>] (dump_stack) from [<c02481ac>] (warn_slowpath_common+0x64/0x84)
[    2.982452] [<c02481ac>] (warn_slowpath_common) from [<c02481e8>] (warn_slowpath_null+0x1c/0x24)
[    2.982452] [<c02481e8>] (warn_slowpath_null) from [<c0306d68>] (__d_free+0x34/0x40)
[    2.982482] [<c0306d68>] (__d_free) from [<c0288d4c>] (rcu_process_callbacks+0x320/0x544)
[    2.982513] [<c0288d4c>] (rcu_process_callbacks) from [<c024b140>] (__do_softirq+0xec/0x238)
[    2.982513] [<c024b140>] (__do_softirq) from [<c024b51c>] (irq_exit+0xa8/0x114)
[    2.982543] [<c024b51c>] (irq_exit) from [<c027f2ec>] (__handle_domain_irq+0x58/0x9c)
[    2.982574] [<c027f2ec>] (__handle_domain_irq) from [<c02088c0>] (omap_intc_handle_irq+0xb4/0xc4)
[    2.982574] [<c02088c0>] (omap_intc_handle_irq) from [<c0212000>] (__irq_svc+0x40/0x54)
[    2.982604] Exception stack(0xcb055c60 to 0xcb055ca8)
[    2.982604] 5c60: 00000000 00000000 00000001 0000075b 60000113 00000006 0000014a 00000000
[    2.982604] 5c80: 00000000 c0d31888 00000000 c0c87034 60000113 cb055ca8 c04f9ffc c027d854
[    2.982635] 5ca0: 60000113 ffffffff
[    2.982635] [<c0212000>] (__irq_svc) from [<c027d854>] (console_unlock+0x324/0x468)
[    2.982666] [<c027d854>] (console_unlock) from [<c027dd78>] (vprintk_emit+0x204/0x4b4)
[    2.982696] [<c027dd78>] (vprintk_emit) from [<c055aea8>] (dev_vprintk_emit+0xf8/0x1a4)
[    2.982696] [<c055aea8>] (dev_vprintk_emit) from [<c055af70>] (dev_printk_emit+0x1c/0x2c)
[    2.982727] [<c055af70>] (dev_printk_emit) from [<c055afd0>] (__dev_printk+0x50/0x70)
[    2.982727] [<c055afd0>] (__dev_printk) from [<c055b028>] (_dev_info+0x38/0x48)
[    2.982757] [<c055b028>] (_dev_info) from [<c06c1ddc>] (twl_rtc_probe+0x94/0x1f4)
[    2.982757] [<c06c1ddc>] (twl_rtc_probe) from [<c055f2a8>] (platform_drv_probe+0x48/0x98)
[    2.982788] [<c055f2a8>] (platform_drv_probe) from [<c055de6c>] (driver_probe_device+0x114/0x234)
[    2.982818] [<c055de6c>] (driver_probe_device) from [<c055e018>] (__driver_attach+0x8c/0x90)
[    2.982818] [<c055e018>] (__driver_attach) from [<c055c824>] (bus_for_each_dev+0x54/0x88)
[    2.982849] [<c055c824>] (bus_for_each_dev) from [<c055d670>] (bus_add_driver+0xd8/0x1cc)
[    2.982849] [<c055d670>] (bus_add_driver) from [<c055e658>] (driver_register+0x78/0xf4)
[    2.982879] [<c055e658>] (driver_register) from [<c0208cc4>] (do_one_initcall+0x80/0x1d0)
[    2.982910] [<c0208cc4>] (do_one_initcall) from [<c0b82d30>] (kernel_init_freeable+0x10c/0x1d8)
[    2.982910] [<c0b82d30>] (kernel_init_freeable) from [<c0878044>] (kernel_init+0x8/0xe4)
[    2.982940] [<c0878044>] (kernel_init) from [<c020e778>] (ret_from_fork+0x14/0x3c)
[    2.982940] ---[ end trace cc910590d87ed9dc ]---
[    3.278961] twl_rtc 48070000.i2c:twl@48:rtc: rtc core: registered 48070000.i2c:twl@48 as rtc0
[    3.289764] i2c /dev entries driver
[    3.297882] usbcore: registered new interface driver uvcvideo
[    3.303955] USB Video Class driver (1.1.1)
[    3.308288] gspca_main: v2.14.0 registered
[    3.320587] Driver 'mmcblk' needs updating - please use bus_type methods
[    3.327850] sdhci: Secure Digital Host Controller Interface driver
[    3.334350] sdhci: Copyright(c) Pierre Ossman
[    3.377441] Synopsys Designware Multimedia Card Interface Driver
[    3.385742] sdhci-pltfm: SDHCI platform and OF driver helper
[    3.397003] ledtrig-cpu: registered to indicate activity on CPUs
[    3.403869] usbcore: registered new interface driver usbhid
[    3.409790] usbhid: USB HID core driver
[    3.427337] TCP: cubic registered
[    3.430877] NET: Registered protocol family 17
[    3.435607] can: controller area network core (rev 20120528 abi 9)
[    3.442321] NET: Registered protocol family 29
[    3.447052] can: raw protocol (rev 20120528)
[    3.451568] can: broadcast manager protocol (rev 20120528 t)
[    3.457550] can: netlink gateway (rev 20130117) max_hops=1
[    3.464263] Key type dns_resolver registered
[    3.469177] omap2_set_init_voltage: unable to find boot up OPP for vdd_mpu_iva
[    3.476806] omap2_set_init_voltage: unable to set vdd_mpu_iva
[    3.482879] omap2_set_init_voltage: unable to find boot up OPP for vdd_core
[    3.490203] omap2_set_init_voltage: unable to set vdd_core
[    3.497009] PM: no software I/O chain control; some wakeups may be lost
[    3.505035] ThumbEE CPU extension supported.
[    3.509613] Registering SWP/SWPB emulation handler
[    3.526367] ------------[ cut here ]------------
[    3.531249] WARNING: CPU: 0 PID: 22 at fs/dcache.c:255 __d_free+0x34/0x40()
[    3.538604] Modules linked in:
[    3.541839] CPU: 0 PID: 22 Comm: kworker/u2:1 Tainted: G        W      3.18.0-rc3-next-20141103-00002-gb3eef83 #1
[    3.552642] Workqueue: kmmcd mmc_rescan
[    3.556732] [<c0215a84>] (unwind_backtrace) from [<c02114a0>] (show_stack+0x10/0x14)
[    3.564880] [<c02114a0>] (show_stack) from [<c087c860>] (dump_stack+0x70/0x8c)
[    3.572509] [<c087c860>] (dump_stack) from [<c02481ac>] (warn_slowpath_common+0x64/0x84)
[    3.581024] [<c02481ac>] (warn_slowpath_common) from [<c02481e8>] (warn_slowpath_null+0x1c/0x24)
[    3.590270] [<c02481e8>] (warn_slowpath_null) from [<c0306d68>] (__d_free+0x34/0x40)
[    3.598449] [<c0306d68>] (__d_free) from [<c0288d4c>] (rcu_process_callbacks+0x320/0x544)
[    3.607055] [<c0288d4c>] (rcu_process_callbacks) from [<c024b140>] (__do_softirq+0xec/0x238)
[    3.615966] [<c024b140>] (__do_softirq) from [<c024b51c>] (irq_exit+0xa8/0x114)
[    3.623657] [<c024b51c>] (irq_exit) from [<c027f2ec>] (__handle_domain_irq+0x58/0x9c)
[    3.631896] [<c027f2ec>] (__handle_domain_irq) from [<c02088c0>] (omap_intc_handle_irq+0xb4/0xc4)
[    3.641235] [<c02088c0>] (omap_intc_handle_irq) from [<c0212000>] (__irq_svc+0x40/0x54)
[    3.649658] Exception stack(0xcb1bbdd8 to 0xcb1bbe20)
[    3.654968] bdc0:                                                       0001bbad ffffffff
[    3.663574] bde0: 0000048c c04169c8 cb44c400 c0c8e61c cb1bbeb4 0000000a 00000000 00000001
[    3.672180] be00: 000001e0 00080000 ffff1870 cb1bbe20 c0718634 c04169f8 20000113 ffffffff
[    3.680786] [<c0212000>] (__irq_svc) from [<c04169f8>] (__loop_delay+0x0/0x10)
[    3.688385] ---[ end trace cc910590d87ed9de ]---
[    3.711364] ehci-omap 48064800.ehci: EHCI Host Controller
[    3.717102] ehci-omap 48064800.ehci: new USB bus registered, assigned bus number 2
[    3.725494] ehci-omap 48064800.ehci: irq 266, io mem 0x48064800
[    3.740447] mmc0: host does not support reading read-only switch, assuming write-enable
[    3.748931] ehci-omap 48064800.ehci: USB 2.0 started, EHCI 1.00
[    3.755401] mmc0: new high speed SDHC card at address b368
[    3.763458] hub 2-0:1.0: USB hub found
[    3.767608] mmcblk0: mmc0:b368 SMI   3.72 GiB 
[    3.773376] hub 2-0:1.0: 3 ports detected
[    3.777679] ------------[ cut here ]------------
[    3.777709] WARNING: CPU: 0 PID: 6 at fs/dcache.c:255 __d_free+0x34/0x40()
[    3.777709] Modules linked in:
[    3.777740] CPU: 0 PID: 6 Comm: kworker/u2:0 Tainted: G        W      3.18.0-rc3-next-20141103-00002-gb3eef83 #1
[    3.777770] Workqueue: deferwq deferred_probe_work_func
[    3.777801] [<c0215a84>] (unwind_backtrace) from [<c02114a0>] (show_stack+0x10/0x14)
[    3.777832] [<c02114a0>] (show_stack) from [<c087c860>] (dump_stack+0x70/0x8c)
[    3.777862] [<c087c860>] (dump_stack) from [<c02481ac>] (warn_slowpath_common+0x64/0x84)
[    3.777893] [<c02481ac>] (warn_slowpath_common) from [<c02481e8>] (warn_slowpath_null+0x1c/0x24)
[    3.777893] [<c02481e8>] (warn_slowpath_null) from [<c0306d68>] (__d_free+0x34/0x40)
[    3.777923] [<c0306d68>] (__d_free) from [<c0288d4c>] (rcu_process_callbacks+0x320/0x544)
[    3.777954] [<c0288d4c>] (rcu_process_callbacks) from [<c024b140>] (__do_softirq+0xec/0x238)
[    3.777954] [<c024b140>] (__do_softirq) from [<c024b51c>] (irq_exit+0xa8/0x114)
[    3.777984] [<c024b51c>] (irq_exit) from [<c027f2ec>] (__handle_domain_irq+0x58/0x9c)
[    3.778015] [<c027f2ec>] (__handle_domain_irq) from [<c02088c0>] (omap_intc_handle_irq+0xb4/0xc4)
[    3.778015] [<c02088c0>] (omap_intc_handle_irq) from [<c0212000>] (__irq_svc+0x40/0x54)
[    3.778015] Exception stack(0xcb06da10 to 0xcb06da58)
[    3.778045] da00:                                     00000000 00000000 00000001 000008d3
[    3.778045] da20: 60000113 00000006 000001aa 00000000 00000000 c0d31888 00000000 c0c87034
[    3.778076] da40: 60000113 cb06da58 c04f9ffc c027d854 60000113 ffffffff
[    3.778076] [<c0212000>] (__irq_svc) from [<c027d854>] (console_unlock+0x324/0x468)
[    3.778106] [<c027d854>] (console_unlock) from [<c027dd78>] (vprintk_emit+0x204/0x4b4)
[    3.778106] [<c027dd78>] (vprintk_emit) from [<c055aea8>] (dev_vprintk_emit+0xf8/0x1a4)
[    3.778137] [<c055aea8>] (dev_vprintk_emit) from [<c055af70>] (dev_printk_emit+0x1c/0x2c)
[    3.778137] [<c055af70>] (dev_printk_emit) from [<c055afd0>] (__dev_printk+0x50/0x70)
[    3.778167] [<c055afd0>] (__dev_printk) from [<c055b028>] (_dev_info+0x38/0x48)
[    3.778198] [<c055b028>] (_dev_info) from [<c0656860>] (hub_probe+0x344/0x7b4)
[    3.778198] [<c0656860>] (hub_probe) from [<c065e7f0>] (usb_probe_interface+0x190/0x224)
[    3.778228] [<c065e7f0>] (usb_probe_interface) from [<c055de6c>] (driver_probe_device+0x114/0x234)
[    3.778228] [<c055de6c>] (driver_probe_device) from [<c055c7a4>] (bus_for_each_drv+0x5c/0x88)
[    3.778259] [<c055c7a4>] (bus_for_each_drv) from [<c055dd24>] (device_attach+0x70/0x88)
[    3.778289] [<c055dd24>] (device_attach) from [<c055d480>] (bus_probe_device+0x84/0xa8)
[    3.778289] [<c055d480>] (bus_probe_device) from [<c055baa0>] (device_add+0x3a8/0x4d8)
[    3.778320] [<c055baa0>] (device_add) from [<c065c5f0>] (usb_set_configuration+0x550/0x760)
[    3.778350] [<c065c5f0>] (usb_set_configuration) from [<c06658f4>] (generic_probe+0x34/0x80)
[    3.778350] [<c06658f4>] (generic_probe) from [<c065e8a8>] (usb_probe_device+0x24/0x3c)
[    3.778381] [<c065e8a8>] (usb_probe_device) from [<c055de6c>] (driver_probe_device+0x114/0x234)
[    3.778381] [<c055de6c>] (driver_probe_device) from [<c055c7a4>] (bus_for_each_drv+0x5c/0x88)
[    3.778411] [<c055c7a4>] (bus_for_each_drv) from [<c055dd24>] (device_attach+0x70/0x88)
[    3.778411] [<c055dd24>] (device_attach) from [<c055d480>] (bus_probe_device+0x84/0xa8)
[    3.778442] [<c055d480>] (bus_probe_device) from [<c055baa0>] (device_add+0x3a8/0x4d8)
[    3.778442] [<c055baa0>] (device_add) from [<c0654764>] (usb_new_device+0x1d0/0x34c)
[    3.778472] [<c0654764>] (usb_new_device) from [<c06584dc>] (usb_add_hcd+0x4d8/0x7d0)
[    3.778472] [<c06584dc>] (usb_add_hcd) from [<c0673458>] (ehci_hcd_omap_probe+0x224/0x3dc)
[    3.778503] [<c0673458>] (ehci_hcd_omap_probe) from [<c055f2a8>] (platform_drv_probe+0x48/0x98)
[    3.778533] [<c055f2a8>] (platform_drv_probe) from [<c055de6c>] (driver_probe_device+0x114/0x234)
[    3.778533] [<c055de6c>] (driver_probe_device) from [<c055c7a4>] (bus_for_each_drv+0x5c/0x88)
[    3.778564] [<c055c7a4>] (bus_for_each_drv) from [<c055dd24>] (device_attach+0x70/0x88)
[    3.778564] [<c055dd24>] (device_attach) from [<c055d480>] (bus_probe_device+0x84/0xa8)
[    3.778594] [<c055d480>] (bus_probe_device) from [<c055d850>] (deferred_probe_work_func+0x5c/0x88)
[    3.778594] [<c055d850>] (deferred_probe_work_func) from [<c025ad58>] (process_one_work+0x134/0x328)
[    3.778625] [<c025ad58>] (process_one_work) from [<c025afb0>] (worker_thread+0x30/0x49c)
[    3.778656] [<c025afb0>] (worker_thread) from [<c025f554>] (kthread+0xd8/0xf4)
[    3.778656] [<c025f554>] (kthread) from [<c020e778>] (ret_from_fork+0x14/0x3c)
[    3.778656] ---[ end trace cc910590d87ed9df ]---
[    4.227020]  mmcblk0: p1 p2
[    4.233856] input: gpio_keys as /devices/gpio_keys/input/input0
[    4.242614] twl_rtc 48070000.i2c:twl@48:rtc: setting system clock to 2000-01-01 00:00:00 UTC (946684800)
[   16.331970] VUSB3V1: disabling
[   16.336059] VUSB1V8: disabling
[   16.340087] VUSB1V5: disabling
[   16.344390] VDAC: disabling
[   16.348419] VAUX3: disabling
[   16.352600] ALSA device list:
[   16.355743]   No soundcards found.
[   16.362274] EXT4-fs (mmcblk0p2): mounting ext3 file system using the ext4 subsystem
[   16.371429] ------------[ cut here ]------------
[   16.376312] WARNING: CPU: 0 PID: 43 at fs/dcache.c:255 __d_free+0x34/0x40()
[   16.383636] Modules linked in:
[   16.386901] CPU: 0 PID: 43 Comm: mmcqd/0 Tainted: G        W      3.18.0-rc3-next-20141103-00002-gb3eef83 #1
[   16.397277] [<c0215a84>] (unwind_backtrace) from [<c02114a0>] (show_stack+0x10/0x14)
[   16.405426] [<c02114a0>] (show_stack) from [<c087c860>] (dump_stack+0x70/0x8c)
[   16.413055] [<c087c860>] (dump_stack) from [<c02481ac>] (warn_slowpath_common+0x64/0x84)
[   16.421569] [<c02481ac>] (warn_slowpath_common) from [<c02481e8>] (warn_slowpath_null+0x1c/0x24)
[   16.430816] [<c02481e8>] (warn_slowpath_null) from [<c0306d68>] (__d_free+0x34/0x40)
[   16.438995] [<c0306d68>] (__d_free) from [<c0288d4c>] (rcu_process_callbacks+0x320/0x544)
[   16.447601] [<c0288d4c>] (rcu_process_callbacks) from [<c024b140>] (__do_softirq+0xec/0x238)
[   16.456481] [<c024b140>] (__do_softirq) from [<c024b51c>] (irq_exit+0xa8/0x114)
[   16.464202] [<c024b51c>] (irq_exit) from [<c027f2ec>] (__handle_domain_irq+0x58/0x9c)
[   16.472442] [<c027f2ec>] (__handle_domain_irq) from [<c02088c0>] (omap_intc_handle_irq+0xb4/0xc4)
[   16.481811] [<c02088c0>] (omap_intc_handle_irq) from [<c0212000>] (__irq_svc+0x40/0x54)
[   16.490234] Exception stack(0xcb495ef8 to 0xcb495f40)
[   16.495544] 5ee0:                                                       00000000 00000000
[   16.504150] 5f00: 0000001e cb486400 cb486408 cb46d0c0 00000000 00000000 00000001 cb486410
[   16.512725] 5f20: 00002080 00000000 00000000 cb495f40 c03fcb7c c0722630 60000113 ffffffff
[   16.521362] [<c0212000>] (__irq_svc) from [<c0722630>] (mmc_queue_thread+0x9c/0x178)
[   16.529510] [<c0722630>] (mmc_queue_thread) from [<c025f554>] (kthread+0xd8/0xf4)
[   16.537384] [<c025f554>] (kthread) from [<c020e778>] (ret_from_fork+0x14/0x3c)
[   16.544982] ---[ end trace cc910590d87ed9e0 ]---
[   16.549865] ------------[ cut here ]------------
[   16.554748] WARNING: CPU: 0 PID: 43 at fs/dcache.c:255 __d_free+0x34/0x40()
[   16.562042] Modules linked in:
[   16.565277] CPU: 0 PID: 43 Comm: mmcqd/0 Tainted: G        W      3.18.0-rc3-next-20141103-00002-gb3eef83 #1
[   16.575622] [<c0215a84>] (unwind_backtrace) from [<c02114a0>] (show_stack+0x10/0x14)
[   16.583770] [<c02114a0>] (show_stack) from [<c087c860>] (dump_stack+0x70/0x8c)
[   16.591369] [<c087c860>] (dump_stack) from [<c02481ac>] (warn_slowpath_common+0x64/0x84)
[   16.599884] [<c02481ac>] (warn_slowpath_common) from [<c02481e8>] (warn_slowpath_null+0x1c/0x24)
[   16.609130] [<c02481e8>] (warn_slowpath_null) from [<c0306d68>] (__d_free+0x34/0x40)
[   16.617279] [<c0306d68>] (__d_free) from [<c0288d4c>] (rcu_process_callbacks+0x320/0x544)
[   16.625915] [<c0288d4c>] (rcu_process_callbacks) from [<c024b140>] (__do_softirq+0xec/0x238)
[   16.634796] [<c024b140>] (__do_softirq) from [<c024b51c>] (irq_exit+0xa8/0x114)
[   16.642486] [<c024b51c>] (irq_exit) from [<c027f2ec>] (__handle_domain_irq+0x58/0x9c)
[   16.650726] [<c027f2ec>] (__handle_domain_irq) from [<c02088c0>] (omap_intc_handle_irq+0xb4/0xc4)
[   16.660064] [<c02088c0>] (omap_intc_handle_irq) from [<c0212000>] (__irq_svc+0x40/0x54)
[   16.668487] Exception stack(0xcb495ef8 to 0xcb495f40)
[   16.673797] 5ee0:                                                       00000000 00000000
[   16.682403] 5f00: 0000001e cb486400 cb486408 cb46d0c0 00000000 00000000 00000001 cb486410
[   16.691009] 5f20: 00002080 00000000 00000000 cb495f40 c03fcb7c c0722630 60000113 ffffffff
[   16.699584] [<c0212000>] (__irq_svc) from [<c0722630>] (mmc_queue_thread+0x9c/0x178)
[   16.707733] [<c0722630>] (mmc_queue_thread) from [<c025f554>] (kthread+0xd8/0xf4)
[   16.715606] [<c025f554>] (kthread) from [<c020e778>] (ret_from_fork+0x14/0x3c)
[   16.723205] ---[ end trace cc910590d87ed9e1 ]---
[   16.728057] ------------[ cut here ]------------
[   16.732940] WARNING: CPU: 0 PID: 43 at fs/dcache.c:255 __d_free+0x34/0x40()
[   16.740264] Modules linked in:
[   16.743499] CPU: 0 PID: 43 Comm: mmcqd/0 Tainted: G        W      3.18.0-rc3-next-20141103-00002-gb3eef83 #1
[   16.753845] [<c0215a84>] (unwind_backtrace) from [<c02114a0>] (show_stack+0x10/0x14)
[   16.761993] [<c02114a0>] (show_stack) from [<c087c860>] (dump_stack+0x70/0x8c)
[   16.769622] [<c087c860>] (dump_stack) from [<c02481ac>] (warn_slowpath_common+0x64/0x84)
[   16.778137] [<c02481ac>] (warn_slowpath_common) from [<c02481e8>] (warn_slowpath_null+0x1c/0x24)
[   16.787384] [<c02481e8>] (warn_slowpath_null) from [<c0306d68>] (__d_free+0x34/0x40)
[   16.795532] [<c0306d68>] (__d_free) from [<c0288d4c>] (rcu_process_callbacks+0x320/0x544)
[   16.804138] [<c0288d4c>] (rcu_process_callbacks) from [<c024b140>] (__do_softirq+0xec/0x238)
[   16.813049] [<c024b140>] (__do_softirq) from [<c024b51c>] (irq_exit+0xa8/0x114)
[   16.820739] [<c024b51c>] (irq_exit) from [<c027f2ec>] (__handle_domain_irq+0x58/0x9c)
[   16.828979] [<c027f2ec>] (__handle_domain_irq) from [<c02088c0>] (omap_intc_handle_irq+0xb4/0xc4)
[   16.838317] [<c02088c0>] (omap_intc_handle_irq) from [<c0212000>] (__irq_svc+0x40/0x54)
[   16.846740] Exception stack(0xcb495ef8 to 0xcb495f40)
[   16.852050] 5ee0:                                                       00000000 00000000
[   16.860656] 5f00: 0000001e cb486400 cb486408 cb46d0c0 00000000 00000000 00000001 cb486410
[   16.869262] 5f20: 00002080 00000000 00000000 cb495f40 c03fcb7c c0722630 60000113 ffffffff
[   16.877899] [<c0212000>] (__irq_svc) from [<c0722630>] (mmc_queue_thread+0x9c/0x178)
[   16.886047] [<c0722630>] (mmc_queue_thread) from [<c025f554>] (kthread+0xd8/0xf4)
[   16.893920] [<c025f554>] (kthread) from [<c020e778>] (ret_from_fork+0x14/0x3c)
[   16.901519] ---[ end trace cc910590d87ed9e2 ]---
[   16.906372] ------------[ cut here ]------------
[   16.911224] WARNING: CPU: 0 PID: 43 at fs/dcache.c:255 __d_free+0x34/0x40()
[   16.918548] Modules linked in:
[   16.921813] CPU: 0 PID: 43 Comm: mmcqd/0 Tainted: G        W      3.18.0-rc3-next-20141103-00002-gb3eef83 #1
[   16.932159] [<c0215a84>] (unwind_backtrace) from [<c02114a0>] (show_stack+0x10/0x14)
[   16.940307] [<c02114a0>] (show_stack) from [<c087c860>] (dump_stack+0x70/0x8c)
[   16.947906] [<c087c860>] (dump_stack) from [<c02481ac>] (warn_slowpath_common+0x64/0x84)
[   16.956420] [<c02481ac>] (warn_slowpath_common) from [<c02481e8>] (warn_slowpath_null+0x1c/0x24)
[   16.965667] [<c02481e8>] (warn_slowpath_null) from [<c0306d68>] (__d_free+0x34/0x40)
[   16.973815] [<c0306d68>] (__d_free) from [<c0288d4c>] (rcu_process_callbacks+0x320/0x544)
[   16.982421] [<c0288d4c>] (rcu_process_callbacks) from [<c024b140>] (__do_softirq+0xec/0x238)
[   16.991302] [<c024b140>] (__do_softirq) from [<c024b51c>] (irq_exit+0xa8/0x114)
[   16.998992] [<c024b51c>] (irq_exit) from [<c027f2ec>] (__handle_domain_irq+0x58/0x9c)
[   17.007263] [<c027f2ec>] (__handle_domain_irq) from [<c02088c0>] (omap_intc_handle_irq+0xb4/0xc4)
[   17.016601] [<c02088c0>] (omap_intc_handle_irq) from [<c0212000>] (__irq_svc+0x40/0x54)
[   17.024993] Exception stack(0xcb495ef8 to 0xcb495f40)
[   17.030303] 5ee0:                                                       00000000 00000000
[   17.038909] 5f00: 0000001e cb486400 cb486408 cb46d0c0 00000000 00000000 00000001 cb486410
[   17.047515] 5f20: 00002080 00000000 00000000 cb495f40 c03fcb7c c0722630 60000113 ffffffff
[   17.056121] [<c0212000>] (__irq_svc) from [<c0722630>] (mmc_queue_thread+0x9c/0x178)
[   17.064270] [<c0722630>] (mmc_queue_thread) from [<c025f554>] (kthread+0xd8/0xf4)
[   17.072143] [<c025f554>] (kthread) from [<c020e778>] (ret_from_fork+0x14/0x3c)
[   17.079742] ---[ end trace cc910590d87ed9e3 ]---
[   17.105987] EXT4-fs (mmcblk0p2): mounted filesystem with ordered data mode. Opts: (null)
[   17.114654] VFS: Mounted root (ext3 filesystem) on device 179:2.
[   17.131958] devtmpfs: mounted
[   17.136993] Freeing unused kernel memory: 736K (c0b82000 - c0c3a000)
INIT: version 2.88 booting
[   17.346740] ------------[ cut here ]------------
[   17.351684] WARNING: CPU: 0 PID: 0 at fs/dcache.c:255 __d_free+0x34/0x40()
[   17.358886] Modules linked in:
[   17.362152] CPU: 0 PID: 0 Comm: swapper/0 Tainted: G        W      3.18.0-rc3-next-20141103-00002-gb3eef83 #1
[   17.372589] [<c0215a84>] (unwind_backtrace) from [<c02114a0>] (show_stack+0x10/0x14)
[   17.380737] [<c02114a0>] (show_stack) from [<c087c860>] (dump_stack+0x70/0x8c)
[   17.388366] [<c087c860>] (dump_stack) from [<c02481ac>] (warn_slowpath_common+0x64/0x84)
[   17.396881] [<c02481ac>] (warn_slowpath_common) from [<c02481e8>] (warn_slowpath_null+0x1c/0x24)
[   17.406127] [<c02481e8>] (warn_slowpath_null) from [<c0306d68>] (__d_free+0x34/0x40)
[   17.414276] [<c0306d68>] (__d_free) from [<c0288d4c>] (rcu_process_callbacks+0x320/0x544)
[   17.422882] [<c0288d4c>] (rcu_process_callbacks) from [<c024b140>] (__do_softirq+0xec/0x238)
[   17.431762] [<c024b140>] (__do_softirq) from [<c024b51c>] (irq_exit+0xa8/0x114)
[   17.439483] [<c024b51c>] (irq_exit) from [<c027f2ec>] (__handle_domain_irq+0x58/0x9c)
[   17.447723] [<c027f2ec>] (__handle_domain_irq) from [<c02088c0>] (omap_intc_handle_irq+0xb4/0xc4)
[   17.457061] [<c02088c0>] (omap_intc_handle_irq) from [<c0212000>] (__irq_svc+0x40/0x54)
[   17.465454] Exception stack(0xc0c3bf48 to 0xc0c3bf90)
[   17.470794] bf40:                   00000000 c0c4b528 00000002 c0c4b5c0 0ea2ce90 00000004
[   17.479400] bf60: cfc8bbf0 00000002 0e9cc0d8 00000004 c0c36be8 c0c4b528 00000010 c0c3bf90
[   17.487976] bf80: c070fb34 c070fb40 600f0013 ffffffff
[   17.493316] [<c0212000>] (__irq_svc) from [<c070fb40>] (cpuidle_enter_state+0x68/0x104)
[   17.501739] [<c070fb40>] (cpuidle_enter_state) from [<c02751c0>] (cpu_startup_entry+0x1b0/0x278)
[   17.510986] [<c02751c0>] (cpu_startup_entry) from [<c0b82bb8>] (start_kernel+0x32c/0x398)
[   17.519592] ---[ end trace cc910590d87ed9e4 ]---
[   17.686553] ------------[ cut here ]------------
[   17.691497] WARNING: CPU: 0 PID: 3 at fs/dcache.c:255 __d_free+0x34/0x40()
[   17.698730] Modules linked in:
[   17.701995] CPU: 0 PID: 3 Comm: ksoftirqd/0 Tainted: G        W      3.18.0-rc3-next-20141103-00002-gb3eef83 #1
[   17.712646] [<c0215a84>] (unwind_backtrace) from [<c02114a0>] (show_stack+0x10/0x14)
[   17.720794] [<c02114a0>] (show_stack) from [<c087c860>] (dump_stack+0x70/0x8c)
[   17.728424] [<c087c860>] (dump_stack) from [<c02481ac>] (warn_slowpath_common+0x64/0x84)
[   17.736968] [<c02481ac>] (warn_slowpath_common) from [<c02481e8>] (warn_slowpath_null+0x1c/0x24)
[   17.746185] [<c02481e8>] (warn_slowpath_null) from [<c0306d68>] (__d_free+0x34/0x40)
[   17.754364] [<c0306d68>] (__d_free) from [<c0288d4c>] (rcu_process_callbacks+0x320/0x544)
[   17.762969] [<c0288d4c>] (rcu_process_callbacks) from [<c024b140>] (__do_softirq+0xec/0x238)
[   17.771850] [<c024b140>] (__do_softirq) from [<c024b2c0>] (run_ksoftirqd+0x34/0x48)
[   17.779937] [<c024b2c0>] (run_ksoftirqd) from [<c0262a78>] (smpboot_thread_fn+0x140/0x1b4)
[   17.788635] [<c0262a78>] (smpboot_thread_fn) from [<c025f554>] (kthread+0xd8/0xf4)
[   17.796600] [<c025f554>] (kthread) from [<c020e778>] (ret_from_fork+0x14/0x3c)
[   17.804199] ---[ end trace cc910590d87ed9e5 ]---
[   17.861480] ------------[ cut here ]------------
[   17.866424] WARNING: CPU: 0 PID: 0 at fs/dcache.c:255 __d_free+0x34/0x40()
[   17.873657] Modules linked in:
[   17.876922] CPU: 0 PID: 0 Comm: swapper/0 Tainted: G        W      3.18.0-rc3-next-20141103-00002-gb3eef83 #1
[   17.887359] [<c0215a84>] (unwind_backtrace) from [<c02114a0>] (show_stack+0x10/0x14)
[   17.895538] [<c02114a0>] (show_stack) from [<c087c860>] (dump_stack+0x70/0x8c)
[   17.903137] [<c087c860>] (dump_stack) from [<c02481ac>] (warn_slowpath_common+0x64/0x84)
[   17.911651] [<c02481ac>] (warn_slowpath_common) from [<c02481e8>] (warn_slowpath_null+0x1c/0x24)
[   17.920898] [<c02481e8>] (warn_slowpath_null) from [<c0306d68>] (__d_free+0x34/0x40)
[   17.929046] [<c0306d68>] (__d_free) from [<c0288d4c>] (rcu_process_callbacks+0x320/0x544)
[   17.937652] [<c0288d4c>] (rcu_process_callbacks) from [<c024b140>] (__do_softirq+0xec/0x238)
[   17.946533] [<c024b140>] (__do_softirq) from [<c024b51c>] (irq_exit+0xa8/0x114)
[   17.954223] [<c024b51c>] (irq_exit) from [<c027f2ec>] (__handle_domain_irq+0x58/0x9c)
[   17.962493] [<c027f2ec>] (__handle_domain_irq) from [<c02088c0>] (omap_intc_handle_irq+0xb4/0xc4)
[   17.971801] [<c02088c0>] (omap_intc_handle_irq) from [<c0212000>] (__irq_svc+0x40/0x54)
[   17.980224] Exception stack(0xc0c3bf48 to 0xc0c3bf90)
[   17.985534] bf40:                   2d511da7 c0c4b528 00000000 c0c4b528 2d511da7 00000004
[   17.994140] bf60: cfc8bbf0 00000000 2d4ddb30 00000004 c0c36be8 c0c4b528 00000010 c0c3bf90
[   18.002746] bf80: c070fb34 c070fb44 60000013 ffffffff
[   18.008056] [<c0212000>] (__irq_svc) from [<c070fb44>] (cpuidle_enter_state+0x6c/0x104)
[   18.016479] [<c070fb44>] (cpuidle_enter_state) from [<c02751c0>] (cpu_startup_entry+0x1b0/0x278)
[   18.025756] [<c02751c0>] (cpu_startup_entry) from [<c0b82bb8>] (start_kernel+0x32c/0x398)
[   18.034332] ---[ end trace cc910590d87ed9e6 ]---
Error opening /dev/fb0: No such file or directory
[   18.131469] ------------[ cut here ]------------
[   18.136413] WARNING: CPU: 0 PID: 63 at fs/dcache.c:255 __d_free+0x34/0x40()
[   18.143737] Modules linked in:
[   18.146972] CPU: 0 PID: 63 Comm: rc Tainted: G        W      3.18.0-rc3-next-20141103-00002-gb3eef83 #1
[   18.156860] [<c0215a84>] (unwind_backtrace) from [<c02114a0>] (show_stack+0x10/0x14)
[   18.165039] [<c02114a0>] (show_stack) from [<c087c860>] (dump_stack+0x70/0x8c)
[   18.172637] [<c087c860>] (dump_stack) from [<c02481ac>] (warn_slowpath_common+0x64/0x84)
[   18.181152] [<c02481ac>] (warn_slowpath_common) from [<c02481e8>] (warn_slowpath_null+0x1c/0x24)
[   18.190399] [<c02481e8>] (warn_slowpath_null) from [<c0306d68>] (__d_free+0x34/0x40)
[   18.198577] [<c0306d68>] (__d_free) from [<c0288d4c>] (rcu_process_callbacks+0x320/0x544)
[   18.207183] [<c0288d4c>] (rcu_process_callbacks) from [<c024b140>] (__do_softirq+0xec/0x238)
[   18.216094] [<c024b140>] (__do_softirq) from [<c024b51c>] (irq_exit+0xa8/0x114)
[   18.223785] [<c024b51c>] (irq_exit) from [<c027f2ec>] (__handle_domain_irq+0x58/0x9c)
[   18.232025] [<c027f2ec>] (__handle_domain_irq) from [<c02088c0>] (omap_intc_handle_irq+0xb4/0xc4)
[   18.241363] [<c02088c0>] (omap_intc_handle_irq) from [<c0212000>] (__irq_svc+0x40/0x54)
[   18.249786] Exception stack(0xcb53bd18 to 0xcb53bd60)
[   18.255096] bd00:                                                       00000018 ffffffff
[   18.263702] bd20: 00000002 00000000 cfcf0e80 ca928158 00000000 00000001 cb53bddc ca927838
[   18.272308] bd40: ca927834 cb4bab40 00000002 cb53bd60 00000000 c02b53b8 800f0113 ffffffff
[   18.280883] [<c0212000>] (__irq_svc) from [<c02b53b8>] (filemap_map_pages+0x208/0x280)
[   18.289245] [<c02b53b8>] (filemap_map_pages) from [<c02d7df0>] (do_read_fault.isra.88+0x190/0x2ec)
[   18.298675] [<c02d7df0>] (do_read_fault.isra.88) from [<c02d87c4>] (handle_mm_fault+0x4cc/0x9d0)
[   18.307922] [<c02d87c4>] (handle_mm_fault) from [<c021b8ec>] (do_page_fault+0x1b8/0x380)
[   18.316436] [<c021b8ec>] (do_page_fault) from [<c0208554>] (do_PrefetchAbort+0x34/0x9c)
[   18.324859] [<c0208554>] (do_PrefetchAbort) from [<c021249c>] (ret_from_exception+0x0/0x24)
[   18.333618] Exception stack(0xcb53bfb0 to 0xcb53bff8)
[   18.338958] bfa0:                                     000c8d48 000c8d28 000bf608 1dbd3c00
[   18.347534] bfc0: 000b393c 000c8d48 000b3918 000c8d48 000c8d28 000b4d64 000bf608 000c8fe8
[   18.356140] bfe0: 000af2e0 befe57ec 000af11c b6fecd54 600f0010 ffffffff
[   18.363098] ---[ end trace cc910590d87ed9e7 ]---
[   18.368377] ------------[ cut here ]------------
[   18.373291] WARNING: CPU: 0 PID: 3 at fs/dcache.c:255 __d_free+0x34/0x40()
[   18.380523] Modules linked in:
[   18.383758] CPU: 0 PID: 3 Comm: ksoftirqd/0 Tainted: G        W      3.18.0-rc3-next-20141103-00002-gb3eef83 #1
[   18.394378] [<c0215a84>] (unwind_backtrace) from [<c02114a0>] (show_stack+0x10/0x14)
[   18.402526] [<c02114a0>] (show_stack) from [<c087c860>] (dump_stack+0x70/0x8c)
[   18.410125] [<c087c860>] (dump_stack) from [<c02481ac>] (warn_slowpath_common+0x64/0x84)
[   18.418670] [<c02481ac>] (warn_slowpath_common) from [<c02481e8>] (warn_slowpath_null+0x1c/0x24)
[   18.427917] [<c02481e8>] (warn_slowpath_null) from [<c0306d68>] (__d_free+0x34/0x40)
[   18.436065] [<c0306d68>] (__d_free) from [<c0288d4c>] (rcu_process_callbacks+0x320/0x544)
[   18.444702] [<c0288d4c>] (rcu_process_callbacks) from [<c024b140>] (__do_softirq+0xec/0x238)
[   18.453582] [<c024b140>] (__do_softirq) from [<c024b2c0>] (run_ksoftirqd+0x34/0x48)
[   18.461639] [<c024b2c0>] (run_ksoftirqd) from [<c0262a78>] (smpboot_thread_fn+0x140/0x1b4)
[   18.470367] [<c0262a78>] (smpboot_thread_fn) from [<c025f554>] (kthread+0xd8/0xf4)
[   18.478332] [<c025f554>] (kthread) from [<c020e778>] (ret_from_fork+0x14/0x3c)
[   18.485931] ---[ end trace cc910590d87ed9e8 ]---
[   18.491516] ------------[ cut here ]------------
[   18.496398] WARNING: CPU: 0 PID: 15 at fs/dcache.c:255 __d_free+0x34/0x40()
[   18.503723] Modules linked in:
[   18.506958] CPU: 0 PID: 15 Comm: kworker/0:1 Tainted: G        W      3.18.0-rc3-next-20141103-00002-gb3eef83 #1
[   18.517639] Workqueue: events vmstat_shepherd
[   18.522277] [<c0215a84>] (unwind_backtrace) from [<c02114a0>] (show_stack+0x10/0x14)
[   18.530426] [<c02114a0>] (show_stack) from [<c087c860>] (dump_stack+0x70/0x8c)
[   18.538024] [<c087c860>] (dump_stack) from [<c02481ac>] (warn_slowpath_common+0x64/0x84)
[   18.546569] [<c02481ac>] (warn_slowpath_common) from [<c02481e8>] (warn_slowpath_null+0x1c/0x24)
[   18.555816] [<c02481e8>] (warn_slowpath_null) from [<c0306d68>] (__d_free+0x34/0x40)
[   18.563964] [<c0306d68>] (__d_free) from [<c0288d4c>] (rcu_process_callbacks+0x320/0x544)
[   18.572570] [<c0288d4c>] (rcu_process_callbacks) from [<c024b140>] (__do_softirq+0xec/0x238)
[   18.581481] [<c024b140>] (__do_softirq) from [<c024b51c>] (irq_exit+0xa8/0x114)
[   18.589202] [<c024b51c>] (irq_exit) from [<c027f2ec>] (__handle_domain_irq+0x58/0x9c)
[   18.597442] [<c027f2ec>] (__handle_domain_irq) from [<c02088c0>] (omap_intc_handle_irq+0xb4/0xc4)
[   18.606750] [<c02088c0>] (omap_intc_handle_irq) from [<c0212000>] (__irq_svc+0x40/0x54)
[   18.615173] Exception stack(0xcb149e98 to 0xcb149ee0)
[   18.620513] 9e80:                                                       c0c84c5c 00000008
[   18.629089] 9ea0: 00000000 cb144000 c0c84c34 c0c427d8 c0c42578 c0c368f8 c0c42790 c0c424b0
[   18.637695] 9ec0: c0c88680 cfc8c3c0 00000000 cb149ee0 c0248464 c087f3b0 000f0113 ffffffff
[   18.646301] [<c0212000>] (__irq_svc) from [<c087f3b0>] (mutex_trylock+0x0/0x4c)
[   18.653991] [<c087f3b0>] (mutex_trylock) from [<c0248464>] (put_online_cpus+0x2c/0xb8)
[   18.662322] [<c0248464>] (put_online_cpus) from [<c02cb8ec>] (vmstat_shepherd+0xd8/0x114)
[   18.670928] [<c02cb8ec>] (vmstat_shepherd) from [<c025ad58>] (process_one_work+0x134/0x328)
[   18.679748] [<c025ad58>] (process_one_work) from [<c025afb0>] (worker_thread+0x30/0x49c)
[   18.688232] [<c025afb0>] (worker_thread) from [<c025f554>] (kthread+0xd8/0xf4)
[   18.695861] [<c025f554>] (kthread) from [<c020e778>] (ret_from_fork+0x14/0x3c)
[   18.703460] ---[ end trace cc910590d87ed9e9 ]---
[   18.708312] ------------[ cut here ]------------
[   18.713195] WARNING: CPU: 0 PID: 15 at fs/dcache.c:255 __d_free+0x34/0x40()
[   18.720489] Modules linked in:
[   18.723754] CPU: 0 PID: 15 Comm: kworker/0:1 Tainted: G        W      3.18.0-rc3-next-20141103-00002-gb3eef83 #1
[   18.734436] Workqueue: events vmstat_shepherd
[   18.739044] [<c0215a84>] (unwind_backtrace) from [<c02114a0>] (show_stack+0x10/0x14)
[   18.747192] [<c02114a0>] (show_stack) from [<c087c860>] (dump_stack+0x70/0x8c)
[   18.754791] [<c087c860>] (dump_stack) from [<c02481ac>] (warn_slowpath_common+0x64/0x84)
[   18.763305] [<c02481ac>] (warn_slowpath_common) from [<c02481e8>] (warn_slowpath_null+0x1c/0x24)
[   18.772552] [<c02481e8>] (warn_slowpath_null) from [<c0306d68>] (__d_free+0x34/0x40)
[   18.780731] [<c0306d68>] (__d_free) from [<c0288d4c>] (rcu_process_callbacks+0x320/0x544)
[   18.789306] [<c0288d4c>] (rcu_process_callbacks) from [<c024b140>] (__do_softirq+0xec/0x238)
[   18.798217] [<c024b140>] (__do_softirq) from [<c024b51c>] (irq_exit+0xa8/0x114)
[   18.805908] [<c024b51c>] (irq_exit) from [<c027f2ec>] (__handle_domain_irq+0x58/0x9c)
[   18.814178] [<c027f2ec>] (__handle_domain_irq) from [<c02088c0>] (omap_intc_handle_irq+0xb4/0xc4)
[   18.823486] [<c02088c0>] (omap_intc_handle_irq) from [<c0212000>] (__irq_svc+0x40/0x54)
[   18.831909] Exception stack(0xcb149e98 to 0xcb149ee0)
[   18.837219] 9e80:                                                       c0c84c5c 00000008
[   18.845825] 9ea0: 00000000 cb144000 c0c84c34 c0c427d8 c0c42578 c0c368f8 c0c42790 c0c424b0
[   18.854431] 9ec0: c0c88680 cfc8c3c0 00000000 cb149ee0 c0248464 c087f3b0 000f0113 ffffffff
[   18.863037] [<c0212000>] (__irq_svc) from [<c087f3b0>] (mutex_trylock+0x0/0x4c)
[   18.870727] [<c087f3b0>] (mutex_trylock) from [<c0248464>] (put_online_cpus+0x2c/0xb8)
[   18.879058] [<c0248464>] (put_online_cpus) from [<c02cb8ec>] (vmstat_shepherd+0xd8/0x114)
[   18.887664] [<c02cb8ec>] (vmstat_shepherd) from [<c025ad58>] (process_one_work+0x134/0x328)
[   18.896453] [<c025ad58>] (process_one_work) from [<c025afb0>] (worker_thread+0x30/0x49c)
[   18.904968] [<c025afb0>] (worker_thread) from [<c025f554>] (kthread+0xd8/0xf4)
[   18.912567] [<c025f554>] (kthread) from [<c020e778>] (ret_from_fork+0x14/0x3c)
[   18.920166] ---[ end trace cc910590d87ed9ea ]---
[   18.926086] ------------[ cut here ]------------
[   18.930999] WARNING: CPU: 0 PID: 62 at fs/dcache.c:255 __d_free+0x34/0x40()
[   18.938323] Modules linked in:
[   18.941558] CPU: 0 PID: 62 Comm: rc Tainted: G        W      3.18.0-rc3-next-20141103-00002-gb3eef83 #1
[   18.951446] [<c0215a84>] (unwind_backtrace) from [<c02114a0>] (show_stack+0x10/0x14)
[   18.959594] [<c02114a0>] (show_stack) from [<c087c860>] (dump_stack+0x70/0x8c)
[   18.967224] [<c087c860>] (dump_stack) from [<c02481ac>] (warn_slowpath_common+0x64/0x84)
[   18.975738] [<c02481ac>] (warn_slowpath_common) from [<c02481e8>] (warn_slowpath_null+0x1c/0x24)
[   18.984985] [<c02481e8>] (warn_slowpath_null) from [<c0306d68>] (__d_free+0x34/0x40)
[   18.993133] [<c0306d68>] (__d_free) from [<c0288d4c>] (rcu_process_callbacks+0x320/0x544)
[   19.001739] [<c0288d4c>] (rcu_process_callbacks) from [<c024b140>] (__do_softirq+0xec/0x238)
[   19.010620] [<c024b140>] (__do_softirq) from [<c024b51c>] (irq_exit+0xa8/0x114)
[   19.018341] [<c024b51c>] (irq_exit) from [<c027f2ec>] (__handle_domain_irq+0x58/0x9c)
[   19.026611] [<c027f2ec>] (__handle_domain_irq) from [<c02088c0>] (omap_intc_handle_irq+0xb4/0xc4)
[   19.035949] [<c02088c0>] (omap_intc_handle_irq) from [<c0212000>] (__irq_svc+0x40/0x54)
[   19.044372] Exception stack(0xcb52fd78 to 0xcb52fdc0)
[   19.049682] fd60:                                                       c0ebec80 c0f42c90
[   19.058288] fd80: 00000006 00000000 00000000 c0ebe000 000b8000 cfcf67c0 cfe42d7c cb534000
[   19.066894] fda0: 000000b8 80f423cf 00000000 cb52fdc0 00000000 c0414474 200f0113 ffffffff
[   19.075500] [<c0212000>] (__irq_svc) from [<c0414474>] (copy_page+0x14/0x80)
[   19.082916] ---[ end trace cc910590d87ed9eb ]---
[   19.087799] ------------[ cut here ]------------
[   19.092681] WARNING: CPU: 0 PID: 62 at fs/dcache.c:255 __d_free+0x34/0x40()
[   19.099975] Modules linked in:
[   19.103210] CPU: 0 PID: 62 Comm: rc Tainted: G        W      3.18.0-rc3-next-20141103-00002-gb3eef83 #1
[   19.113098] [<c0215a84>] (unwind_backtrace) from [<c02114a0>] (show_stack+0x10/0x14)
[   19.121276] [<c02114a0>] (show_stack) from [<c087c860>] (dump_stack+0x70/0x8c)
[   19.128906] [<c087c860>] (dump_stack) from [<c02481ac>] (warn_slowpath_common+0x64/0x84)
[   19.137420] [<c02481ac>] (warn_slowpath_common) from [<c02481e8>] (warn_slowpath_null+0x1c/0x24)
[   19.146636] [<c02481e8>] (warn_slowpath_null) from [<c0306d68>] (__d_free+0x34/0x40)
[   19.154785] [<c0306d68>] (__d_free) from [<c0288d4c>] (rcu_process_callbacks+0x320/0x544)
[   19.163391] [<c0288d4c>] (rcu_process_callbacks) from [<c024b140>] (__do_softirq+0xec/0x238)
[   19.172302] [<c024b140>] (__do_softirq) from [<c024b51c>] (irq_exit+0xa8/0x114)
[   19.179992] [<c024b51c>] (irq_exit) from [<c027f2ec>] (__handle_domain_irq+0x58/0x9c)
[   19.188232] [<c027f2ec>] (__handle_domain_irq) from [<c02088c0>] (omap_intc_handle_irq+0xb4/0xc4)
[   19.197570] [<c02088c0>] (omap_intc_handle_irq) from [<c0212000>] (__irq_svc+0x40/0x54)
[   19.205963] Exception stack(0xcb52fd78 to 0xcb52fdc0)
[   19.211303] fd60:                                                       c0ebec80 c0f42c90
[   19.219909] fd80: 00000006 00000000 00000000 c0ebe000 000b8000 cfcf67c0 cfe42d7c cb534000
[   19.228485] fda0: 000000b8 80f423cf 00000000 cb52fdc0 00000000 c0414474 200f0113 ffffffff
[   19.237091] [<c0212000>] (__irq_svc) from [<c0414474>] (copy_page+0x14/0x80)
[   19.244506] ---[ end trace cc910590d87ed9ec ]---
[   19.251037] ------------[ cut here ]------------
[   19.255981] WARNING: CPU: 0 PID: 63 at fs/dcache.c:255 __d_free+0x34/0x40()
[   19.263305] Modules linked in:
[   19.266540] CPU: 0 PID: 63 Comm: grep Tainted: G        W      3.18.0-rc3-next-20141103-00002-gb3eef83 #1
[   19.276611] [<c0215a84>] (unwind_backtrace) from [<c02114a0>] (show_stack+0x10/0x14)
[   19.284759] [<c02114a0>] (show_stack) from [<c087c860>] (dump_stack+0x70/0x8c)
[   19.292388] [<c087c860>] (dump_stack) from [<c02481ac>] (warn_slowpath_common+0x64/0x84)
[   19.300903] [<c02481ac>] (warn_slowpath_common) from [<c02481e8>] (warn_slowpath_null+0x1c/0x24)
[   19.310119] [<c02481e8>] (warn_slowpath_null) from [<c0306d68>] (__d_free+0x34/0x40)
[   19.318267] [<c0306d68>] (__d_free) from [<c0288d4c>] (rcu_process_callbacks+0x320/0x544)
[   19.326904] [<c0288d4c>] (rcu_process_callbacks) from [<c024b140>] (__do_softirq+0xec/0x238)
[   19.335784] [<c024b140>] (__do_softirq) from [<c024b51c>] (irq_exit+0xa8/0x114)
[   19.343475] [<c024b51c>] (irq_exit) from [<c027f2ec>] (__handle_domain_irq+0x58/0x9c)
[   19.351745] [<c027f2ec>] (__handle_domain_irq) from [<c02088c0>] (omap_intc_handle_irq+0xb4/0xc4)
[   19.361083] [<c02088c0>] (omap_intc_handle_irq) from [<c0212000>] (__irq_svc+0x40/0x54)
[   19.369476] Exception stack(0xcb53bdb0 to 0xcb53bdf8)
[   19.374816] bda0:                                     cb4e4c40 cb4fb108 00000000 cb4fbd28
[   19.383422] bdc0: cb4e4c40 cb4fb108 cb4fbd20 ca94816c cb4fbd28 00000000 cb4fbd20 00000000
[   19.392028] bde0: cb541300 cb53bdf8 c02dcee4 c02db0d4 a00f0013 ffffffff
[   19.398986] [<c0212000>] (__irq_svc) from [<c02db0d4>] (vma_link+0x28/0xac)
[   19.406341] [<c02db0d4>] (vma_link) from [<c02dcee4>] (mmap_region+0x3e0/0x610)
[   19.414062] [<c02dcee4>] (mmap_region) from [<c02dd3e8>] (do_mmap_pgoff+0x2d4/0x378)
[   19.422210] [<c02dd3e8>] (do_mmap_pgoff) from [<c02cab70>] (vm_mmap_pgoff+0x64/0x94)
[   19.430358] [<c02cab70>] (vm_mmap_pgoff) from [<c0335628>] (load_elf_binary+0x4b0/0x1188)
[   19.438995] [<c0335628>] (load_elf_binary) from [<c02f8ba8>] (search_binary_handler+0x9c/0x240)
[   19.448150] [<c02f8ba8>] (search_binary_handler) from [<c02fa214>] (do_execve+0x408/0x4dc)
[   19.456848] [<c02fa214>] (do_execve) from [<c020e6e0>] (ret_fast_syscall+0x0/0x30)
[   19.464813] ---[ end trace cc910590d87ed9ed ]---
[   19.491577] ------------[ cut here ]------------
[   19.496520] WARNING: CPU: 0 PID: 3 at fs/dcache.c:255 __d_free+0x34/0x40()
[   19.503753] Modules linked in:
[   19.507019] CPU: 0 PID: 3 Comm: ksoftirqd/0 Tainted: G        W      3.18.0-rc3-next-20141103-00002-gb3eef83 #1
[   19.517639] [<c0215a84>] (unwind_backtrace) from [<c02114a0>] (show_stack+0x10/0x14)
[   19.525817] [<c02114a0>] (show_stack) from [<c087c860>] (dump_stack+0x70/0x8c)
[   19.533416] [<c087c860>] (dump_stack) from [<c02481ac>] (warn_slowpath_common+0x64/0x84)
[   19.541931] [<c02481ac>] (warn_slowpath_common) from [<c02481e8>] (warn_slowpath_null+0x1c/0x24)
[   19.551177] [<c02481e8>] (warn_slowpath_null) from [<c0306d68>] (__d_free+0x34/0x40)
[   19.559356] [<c0306d68>] (__d_free) from [<c0288d4c>] (rcu_process_callbacks+0x320/0x544)
[   19.567962] [<c0288d4c>] (rcu_process_callbacks) from [<c024b140>] (__do_softirq+0xec/0x238)
[   19.576873] [<c024b140>] (__do_softirq) from [<c024b2c0>] (run_ksoftirqd+0x34/0x48)
[   19.584930] [<c024b2c0>] (run_ksoftirqd) from [<c0262a78>] (smpboot_thread_fn+0x140/0x1b4)
[   19.593658] [<c0262a78>] (smpboot_thread_fn) from [<c025f554>] (kthread+0xd8/0xf4)
[   19.601623] [<c025f554>] (kthread) from [<c020e778>] (ret_from_fork+0x14/0x3c)
[   19.609222] ---[ end trace cc910590d87ed9ee ]---
[   19.615936] ------------[ cut here ]------------
[   19.620849] WARNING: CPU: 0 PID: 65 at fs/dcache.c:255 __d_free+0x34/0x40()
[   19.628173] Modules linked in:
[   19.631408] CPU: 0 PID: 65 Comm: rc Tainted: G        W      3.18.0-rc3-next-20141103-00002-gb3eef83 #1
[   19.641296] [<c0215a84>] (unwind_backtrace) from [<c02114a0>] (show_stack+0x10/0x14)
[   19.649475] [<c02114a0>] (show_stack) from [<c087c860>] (dump_stack+0x70/0x8c)
[   19.657073] [<c087c860>] (dump_stack) from [<c02481ac>] (warn_slowpath_common+0x64/0x84)
[   19.665588] [<c02481ac>] (warn_slowpath_common) from [<c02481e8>] (warn_slowpath_null+0x1c/0x24)
[   19.674835] [<c02481e8>] (warn_slowpath_null) from [<c0306d68>] (__d_free+0x34/0x40)
[   19.682983] [<c0306d68>] (__d_free) from [<c0288d4c>] (rcu_process_callbacks+0x320/0x544)
[   19.691589] [<c0288d4c>] (rcu_process_callbacks) from [<c024b140>] (__do_softirq+0xec/0x238)
[   19.700500] [<c024b140>] (__do_softirq) from [<c024b51c>] (irq_exit+0xa8/0x114)
[   19.708190] [<c024b51c>] (irq_exit) from [<c027f2ec>] (__handle_domain_irq+0x58/0x9c)
[   19.716430] [<c027f2ec>] (__handle_domain_irq) from [<c02088c0>] (omap_intc_handle_irq+0xb4/0xc4)
[   19.725769] [<c02088c0>] (omap_intc_handle_irq) from [<c0212000>] (__irq_svc+0x40/0x54)
[   19.734191] Exception stack(0xcb531d68 to 0xcb531db0)
[   19.739532] 1d60:                   ca92bbb0 ca92bbe0 00000000 ffffffff cb531ea0 cb531dfc
[   19.748138] 1d80: ca91d908 cb531e0c cb479850 cb530000 ca92bbb0 00000000 2f6e6962 cb531db0
[   19.756713] 1da0: c02fc870 c02fc874 a00f0013 ffffffff
[   19.762054] [<c0212000>] (__irq_svc) from [<c02fc874>] (lookup_fast+0x3c/0x294)
[   19.769775] [<c02fc874>] (lookup_fast) from [<c02fdaac>] (link_path_walk+0x184/0x81c)
[   19.778015] [<c02fdaac>] (link_path_walk) from [<c02fe588>] (path_lookupat+0x54/0x714)
[   19.786346] [<c02fe588>] (path_lookupat) from [<c02fec68>] (filename_lookup+0x20/0x60)
[   19.794677] [<c02fec68>] (filename_lookup) from [<c03015ac>] (user_path_at_empty+0x54/0x7c)
[   19.803436] [<c03015ac>] (user_path_at_empty) from [<c03015e8>] (user_path_at+0x14/0x1c)
[   19.811950] [<c03015e8>] (user_path_at) from [<c02f8248>] (vfs_fstatat+0x4c/0x90)
[   19.819854] [<c02f8248>] (vfs_fstatat) from [<c02f8458>] (SyS_stat64+0x14/0x30)
[   19.827545] [<c02f8458>] (SyS_stat64) from [<c020e6e0>] (ret_fast_syscall+0x0/0x30)
[   19.835601] ---[ end trace cc910590d87ed9ef ]---
[   19.840454] ------------[ cut here ]------------
[   19.845336] WARNING: CPU: 0 PID: 65 at fs/dcache.c:255 __d_free+0x34/0x40()
[   19.852630] Modules linked in:
[   19.855865] CPU: 0 PID: 65 Comm: rc Tainted: G        W      3.18.0-rc3-next-20141103-00002-gb3eef83 #1
[   19.865753] [<c0215a84>] (unwind_backtrace) from [<c02114a0>] (show_stack+0x10/0x14)
[   19.873901] [<c02114a0>] (show_stack) from [<c087c860>] (dump_stack+0x70/0x8c)
[   19.881500] [<c087c860>] (dump_stack) from [<c02481ac>] (warn_slowpath_common+0x64/0x84)
[   19.890014] [<c02481ac>] (warn_slowpath_common) from [<c02481e8>] (warn_slowpath_null+0x1c/0x24)
[   19.899261] [<c02481e8>] (warn_slowpath_null) from [<c0306d68>] (__d_free+0x34/0x40)
[   19.907409] [<c0306d68>] (__d_free) from [<c0288d4c>] (rcu_process_callbacks+0x320/0x544)
[   19.916015] [<c0288d4c>] (rcu_process_callbacks) from [<c024b140>] (__do_softirq+0xec/0x238)
[   19.924896] [<c024b140>] (__do_softirq) from [<c024b51c>] (irq_exit+0xa8/0x114)
[   19.932617] [<c024b51c>] (irq_exit) from [<c027f2ec>] (__handle_domain_irq+0x58/0x9c)
[   19.940826] [<c027f2ec>] (__handle_domain_irq) from [<c02088c0>] (omap_intc_handle_irq+0xb4/0xc4)
[   19.950164] [<c02088c0>] (omap_intc_handle_irq) from [<c0212000>] (__irq_svc+0x40/0x54)
[   19.958587] Exception stack(0xcb531d68 to 0xcb531db0)
[   19.963897] 1d60:                   ca92bbb0 ca92bbe0 00000000 ffffffff cb531ea0 cb531dfc
[   19.972503] 1d80: ca91d908 cb531e0c cb479850 cb530000 ca92bbb0 00000000 2f6e6962 cb531db0
[   19.981079] 1da0: c02fc870 c02fc874 a00f0013 ffffffff
[   19.986419] [<c0212000>] (__irq_svc) from [<c02fc874>] (lookup_fast+0x3c/0x294)
[   19.994110] [<c02fc874>] (lookup_fast) from [<c02fdaac>] (link_path_walk+0x184/0x81c)
[   20.002349] [<c02fdaac>] (link_path_walk) from [<c02fe588>] (path_lookupat+0x54/0x714)
[   20.010681] [<c02fe588>] (path_lookupat) from [<c02fec68>] (filename_lookup+0x20/0x60)
[   20.019012] [<c02fec68>] (filename_lookup) from [<c03015ac>] (user_path_at_empty+0x54/0x7c)
[   20.027801] [<c03015ac>] (user_path_at_empty) from [<c03015e8>] (user_path_at+0x14/0x1c)
[   20.036315] [<c03015e8>] (user_path_at) from [<c02f8248>] (vfs_fstatat+0x4c/0x90)
[   20.044158] [<c02f8248>] (vfs_fstatat) from [<c02f8458>] (SyS_stat64+0x14/0x30)
[   20.051879] [<c02f8458>] (SyS_stat64) from [<c020e6e0>] (ret_fast_syscall+0x0/0x30)
[   20.059906] ---[ end trace cc910590d87ed9f0 ]---
[   20.066070] ------------[ cut here ]------------
[   20.071014] WARNING: CPU: 0 PID: 64 at fs/dcache.c:255 __d_free+0x34/0x40()
[   20.078369] Modules linked in:
[   20.081604] CPU: 0 PID: 64 Comm: rc Tainted: G        W      3.18.0-rc3-next-20141103-00002-gb3eef83 #1
[   20.091522] [<c0215a84>] (unwind_backtrace) from [<c02114a0>] (show_stack+0x10/0x14)
[   20.099670] [<c02114a0>] (show_stack) from [<c087c860>] (dump_stack+0x70/0x8c)
[   20.107299] [<c087c860>] (dump_stack) from [<c02481ac>] (warn_slowpath_common+0x64/0x84)
[   20.115814] [<c02481ac>] (warn_slowpath_common) from [<c02481e8>] (warn_slowpath_null+0x1c/0x24)
[   20.125061] [<c02481e8>] (warn_slowpath_null) from [<c0306d68>] (__d_free+0x34/0x40)
[   20.133209] [<c0306d68>] (__d_free) from [<c0288d4c>] (rcu_process_callbacks+0x320/0x544)
[   20.141845] [<c0288d4c>] (rcu_process_callbacks) from [<c024b140>] (__do_softirq+0xec/0x238)
[   20.150726] [<c024b140>] (__do_softirq) from [<c024b51c>] (irq_exit+0xa8/0x114)
[   20.158416] [<c024b51c>] (irq_exit) from [<c027f2ec>] (__handle_domain_irq+0x58/0x9c)
[   20.166656] [<c027f2ec>] (__handle_domain_irq) from [<c02088c0>] (omap_intc_handle_irq+0xb4/0xc4)
[   20.175994] [<c02088c0>] (omap_intc_handle_irq) from [<c0212000>] (__irq_svc+0x40/0x54)
[   20.184417] Exception stack(0xcb539e78 to 0xcb539ec0)
[   20.189727] 9e60:                                                       ffffffff a00f0013
[   20.198333] 9e80: 0f055000 c0c3a40c c0d5bac0 000000c5 000000c7 00000000 000000c7 00000000
[   20.206939] 9ea0: cb4e4700 cb4fb580 0f055000 cb539ec0 c02daecc c0431db4 a00f0013 ffffffff
[   20.215545] [<c0212000>] (__irq_svc) from [<c0431db4>] (__percpu_counter_add+0x74/0xb8)
[   20.223968] [<c0431db4>] (__percpu_counter_add) from [<c02daecc>] (__vm_enough_memory+0x34/0x168)
[   20.233306] [<c02daecc>] (__vm_enough_memory) from [<c024666c>] (copy_process+0x784/0x139c)
[   20.242095] [<c024666c>] (copy_process) from [<c0247388>] (do_fork+0x60/0x2f4)
[   20.249725] [<c0247388>] (do_fork) from [<c020e6e0>] (ret_fast_syscall+0x0/0x30)
[   20.257476] ---[ end trace cc910590d87ed9f1 ]---
/dev/ttyO2 linked to /dev/tty-bd - using as console
[   20.336639] ------------[ cut here ]------------
[   20.341583] WARNING: CPU: 0 PID: 3 at fs/dcache.c:255 __d_free+0x34/0x40()
[   20.348815] Modules linked in:
[   20.352081] CPU: 0 PID: 3 Comm: ksoftirqd/0 Tainted: G        W      3.18.0-rc3-next-20141103-00002-gb3eef83 #1
[   20.362701] [<c0215a84>] (unwind_backtrace) from [<c02114a0>] (show_stack+0x10/0x14)
[   20.370880] [<c02114a0>] (show_stack) from [<c087c860>] (dump_stack+0x70/0x8c)
[   20.378509] [<c087c860>] (dump_stack) from [<c02481ac>] (warn_slowpath_common+0x64/0x84)
[   20.387023] [<c02481ac>] (warn_slowpath_common) from [<c02481e8>] (warn_slowpath_null+0x1c/0x24)
[   20.396270] [<c02481e8>] (warn_slowpath_null) from [<c0306d68>] (__d_free+0x34/0x40)
[   20.404449] [<c0306d68>] (__d_free) from [<c0288d4c>] (rcu_process_callbacks+0x320/0x544)
[   20.413055] [<c0288d4c>] (rcu_process_callbacks) from [<c024b140>] (__do_softirq+0xec/0x238)
[   20.421936] [<c024b140>] (__do_softirq) from [<c024b2c0>] (run_ksoftirqd+0x34/0x48)
[   20.430023] [<c024b2c0>] (run_ksoftirqd) from [<c0262a78>] (smpboot_thread_fn+0x140/0x1b4)
[   20.438720] [<c0262a78>] (smpboot_thread_fn) from [<c025f554>] (kthread+0xd8/0xf4)
[   20.446685] [<c025f554>] (kthread) from [<c020e778>] (ret_from_fork+0x14/0x3c)
[   20.454284] ---[ end trace cc910590d87ed9f2 ]---
[   20.461425] ------------[ cut here ]------------
[   20.461456] WARNING: CPU: 0 PID: 72 at fs/dcache.c:255 __d_free+0x34/0x40()
[   20.461456] Modules linked in:
[   20.461456] CPU: 0 PID: 72 Comm: rc Tainted: G        W      3.18.0-rc3-next-20141103-00002-gb3eef83 #1
[   20.461517] [<c0215a84>] (unwind_backtrace) from [<c02114a0>] (show_stack+0x10/0x14)
[   20.461517] [<c02114a0>] (show_stack) from [<c087c860>] (dump_stack+0x70/0x8c)
[   20.461547] [<c087c860>] (dump_stack) from [<c02481ac>] (warn_slowpath_common+0x64/0x84)
[   20.461578] [<c02481ac>] (warn_slowpath_common) from [<c02481e8>] (warn_slowpath_null+0x1c/0x24)
[   20.461578] [<c02481e8>] (warn_slowpath_null) from [<c0306d68>] (__d_free+0x34/0x40)
[   20.461608] [<c0306d68>] (__d_free) from [<c0288d4c>] (rcu_process_callbacks+0x320/0x544)
[   20.461639] [<c0288d4c>] (rcu_process_callbacks) from [<c024b140>] (__do_softirq+0xec/0x238)
[   20.461639] [<c024b140>] (__do_softirq) from [<c024b51c>] (irq_exit+0xa8/0x114)
[   20.461669] [<c024b51c>] (irq_exit) from [<c027f2ec>] (__handle_domain_irq+0x58/0x9c)
[   20.461700] [<c027f2ec>] (__handle_domain_irq) from [<c02088c0>] (omap_intc_handle_irq+0xb4/0xc4)
[   20.461700] [<c02088c0>] (omap_intc_handle_irq) from [<c0212000>] (__irq_svc+0x40/0x54)
[   20.461730] Exception stack(0xcb53bce8 to 0xcb53bd30)
[   20.461730] bce0:                   c0d318a0 600f0013 c0d318a0 000012ca 600f0013 00000000
[   20.461761] bd00: c0d6894c cb1cce80 00000000 c0d31888 cb1d17d0 00000000 00000000 cb53bd30
[   20.461761] bd20: c027d594 c0880e80 600f0013 ffffffff
[   20.461791] [<c0212000>] (__irq_svc) from [<c0880e80>] (_raw_spin_unlock_irqrestore+0x1c/0x20)
[   20.461791] [<c0880e80>] (_raw_spin_unlock_irqrestore) from [<c027d594>] (console_unlock+0x64/0x468)
[   20.461822] [<c027d594>] (console_unlock) from [<c04e24e4>] (con_install+0xb8/0xc4)
[   20.461853] [<c04e24e4>] (con_install) from [<c04cdce0>] (tty_init_dev+0x64/0x17c)
[   20.461883] [<c04cdce0>] (tty_init_dev) from [<c04ce480>] (tty_open+0x12c/0x5bc)
[   20.461883] [<c04ce480>] (tty_open) from [<c02f7a38>] (chrdev_open+0xc0/0x17c)
[   20.461914] [<c02f7a38>] (chrdev_open) from [<c02f2004>] (do_dentry_open.isra.12+0x1b0/0x2f0)
[   20.461944] [<c02f2004>] (do_dentry_open.isra.12) from [<c02ffe90>] (do_last.isra.37+0x128/0xb80)
[   20.461944] [<c02ffe90>] (do_last.isra.37) from [<c030099c>] (path_openat+0xb4/0x5e4)
[   20.461944] [<c030099c>] (path_openat) from [<c030166c>] (do_filp_open+0x2c/0x80)
[   20.461975] [<c030166c>] (do_filp_open) from [<c02f31b8>] (do_sys_open+0x120/0x1cc)
[   20.462005] [<c02f31b8>] (do_sys_open) from [<c020e6e0>] (ret_fast_syscall+0x0/0x30)
[   20.462005] ---[ end trace cc910590d87ed9f3 ]---
[   20.495544] ------------[ cut here ]------------
[   20.495544] WARNING: CPU: 0 PID: 72 at fs/dcache.c:255 __d_free+0x34/0x40()
[   20.495574] Modules linked in:
[   20.495574] CPU: 0 PID: 72 Comm: rc Tainted: G        W      3.18.0-rc3-next-20141103-00002-gb3eef83 #1
[   20.495605] [<c0215a84>] (unwind_backtrace) from [<c02114a0>] (show_stack+0x10/0x14)
[   20.495635] [<c02114a0>] (show_stack) from [<c087c860>] (dump_stack+0x70/0x8c)
[   20.495635] [<c087c860>] (dump_stack) from [<c02481ac>] (warn_slowpath_common+0x64/0x84)
[   20.495666] [<c02481ac>] (warn_slowpath_common) from [<c02481e8>] (warn_slowpath_null+0x1c/0x24)
[   20.495666] [<c02481e8>] (warn_slowpath_null) from [<c0306d68>] (__d_free+0x34/0x40)
[   20.495697] [<c0306d68>] (__d_free) from [<c0288d4c>] (rcu_process_callbacks+0x320/0x544)
[   20.495727] [<c0288d4c>] (rcu_process_callbacks) from [<c024b140>] (__do_softirq+0xec/0x238)
[   20.495727] [<c024b140>] (__do_softirq) from [<c024b51c>] (irq_exit+0xa8/0x114)
[   20.495758] [<c024b51c>] (irq_exit) from [<c027f2ec>] (__handle_domain_irq+0x58/0x9c)
[   20.495758] [<c027f2ec>] (__handle_domain_irq) from [<c02088c0>] (omap_intc_handle_irq+0xb4/0xc4)
[   20.495788] [<c02088c0>] (omap_intc_handle_irq) from [<c0212000>] (__irq_svc+0x40/0x54)
[   20.495788] Exception stack(0xcb53bce8 to 0xcb53bd30)
[   20.495788] bce0:                   00000000 00000000 00000001 000012f0 600f0013 00000004
[   20.495819] bd00: 000003ae 00000000 00000000 c0d31888 00000000 c0c87034 600f0013 cb53bd30
[   20.495819] bd20: c04f9ffc c027d854 600f0013 ffffffff
[   20.495849] [<c0212000>] (__irq_svc) from [<c027d854>] (console_unlock+0x324/0x468)
[   20.495849] [<c027d854>] (console_unlock) from [<c04e24e4>] (con_install+0xb8/0xc4)
[   20.495880] [<c04e24e4>] (con_install) from [<c04cdce0>] (tty_init_dev+0x64/0x17c)
[   20.495880] [<c04cdce0>] (tty_init_dev) from [<c04ce480>] (tty_open+0x12c/0x5bc)
[   20.495910] [<c04ce480>] (tty_open) from [<c02f7a38>] (chrdev_open+0xc0/0x17c)
[   20.495941] [<c02f7a38>] (chrdev_open) from [<c02f2004>] (do_dentry_open.isra.12+0x1b0/0x2f0)
[   20.495941] [<c02f2004>] (do_dentry_open.isra.12) from [<c02ffe90>] (do_last.isra.37+0x128/0xb80)
[   20.495971] [<c02ffe90>] (do_last.isra.37) from [<c030099c>] (path_openat+0xb4/0x5e4)
[   20.495971] [<c030099c>] (path_openat) from [<c030166c>] (do_filp_open+0x2c/0x80)
[   20.495971] [<c030166c>] (do_filp_open) from [<c02f31b8>] (do_sys_open+0x120/0x1cc)
[   20.496002] [<c02f31b8>] (do_sys_open) from [<c020e6e0>] (ret_fast_syscall+0x0/0x30)
[   20.496002] ---[ end trace cc910590d87ed9f4 ]---
[   20.503662] ------------[ cut here ]------------
[   20.503692] WARNING: CPU: 0 PID: 72 at fs/dcache.c:255 __d_free+0x34/0x40()
[   20.503692] Modules linked in:
[   20.503692] CPU: 0 PID: 72 Comm: rc Tainted: G        W      3.18.0-rc3-next-20141103-00002-gb3eef83 #1
[   20.503723] [<c0215a84>] (unwind_backtrace) from [<c02114a0>] (show_stack+0x10/0x14)
[   20.503723] [<c02114a0>] (show_stack) from [<c087c860>] (dump_stack+0x70/0x8c)
[   20.503753] [<c087c860>] (dump_stack) from [<c02481ac>] (warn_slowpath_common+0x64/0x84)
[   20.503784] [<c02481ac>] (warn_slowpath_common) from [<c02481e8>] (warn_slowpath_null+0x1c/0x24)
[   20.503784] [<c02481e8>] (warn_slowpath_null) from [<c0306d68>] (__d_free+0x34/0x40)
[   20.503814] [<c0306d68>] (__d_free) from [<c0288d4c>] (rcu_process_callbacks+0x320/0x544)
[   20.503814] [<c0288d4c>] (rcu_process_callbacks) from [<c024b140>] (__do_softirq+0xec/0x238)
[   20.503845] [<c024b140>] (__do_softirq) from [<c024b51c>] (irq_exit+0xa8/0x114)
[   20.503845] [<c024b51c>] (irq_exit) from [<c027f2ec>] (__handle_domain_irq+0x58/0x9c)
[   20.503875] [<c027f2ec>] (__handle_domain_irq) from [<c02088c0>] (omap_intc_handle_irq+0xb4/0xc4)
[   20.503875] [<c02088c0>] (omap_intc_handle_irq) from [<c0212000>] (__irq_svc+0x40/0x54)
[   20.503906] Exception stack(0xcb53bce8 to 0xcb53bd30)
[   20.503906] bce0:                   00000000 00000000 00000001 00001311 600f0013 00000004
