- 07:10:11 [INFO] Starting target session
- 07:10:12 [INFO] Connected to beagleboard via serial 
- 07:10:12 [INFO] Host: #check prompt
- 07:10:15 [ERROR] On command: #check prompt waiting for #check prompt.+?(?-mix:((?-mix:login:)|[Pp]assword)) >>> error: execution expired
- 07:10:15 [INFO] Target: 
#check prompt
root@beagleboard:/test# 
- 07:10:15 [INFO] Host: #check prompt
- 07:10:16 [INFO] Target: 
#check prompt
root@beagleboard:/test# 
- 07:10:16 [INFO] Host: sync;poweroff
- 07:10:30 [INFO] Target: 
sync;poweroff
INIT: Switching to runlevel:
INIT: Broadcast message from root@beagleboard (ttyO2) (Thu Aug 28 01:39:05 2014):
The system is going down for system halt NOW!
Sending processes the TERM signal
root@beagleboard:/test# 
INIT: Sending processes tStopping syslogd/klogd: stopped syslogd (pid 1291)
stopped klogd (pid 1295)
done
Deconfiguring network interfaces... ifdown: interface eth0 not configured
ifdown: interface usb0 not configured
done.
Sending all processes the TERM signal...
Sending all processes the KILL signal...
Unmounting remote filesystems...
Deactivating swap...
Unmounting local filesystems...
[  705.984100] reboot: System halted
- 07:10:30 [INFO] Disconnected serial from beagleboard
- 07:10:31 [INFO] Connected to beagleboard via serial 
- 07:10:31 [INFO] Host: 
- 07:10:31 [ERROR] On command:  waiting for (?-mix:U-Boot#) >>> error: execution expired
- 07:10:31 [INFO] Target: 
U-Boot SPL 2014.10-00004-g9ade0ab-dirty (Dec 16 2014 - 13:40:24)
- 07:10:31 [INFO] Host: 
- 07:10:32 [ERROR] On command:  waiting for (?-mix:U-Boot#) >>> error: execution expired
- 07:10:32 [INFO] Target: 
SPL: Please implement spl_start_uboot() for your board
SPL: Direct Linux boot not active!
reading u-boot.img
reading u-boot.img
U-Boot 2014.10-00004-g9ade0ab-dirty (Dec 16 2014 - 13:40:24)
OMAP36XX/37XX-GP ES1.2, CPU-OPP2, L3-200MHz, Max CPU Clock 1 Ghz
OMAP3 Beagle board + LPDDR/NAND
I2C:   ready
DRAM:  512 MiB
NAND:  0 MiB
MMC:   OMAP SD/MMC: 0
*** Warning - readenv() failed, using default environment
Beagle xM Rev C
No EEPROM on expansion board
Die ID #723000029ff8000001578ca00e02e00b
Net:   usb_ether
Error: usb_ether address not set.
Hit any key to stop autoboot:  1 
- 07:10:32 [INFO] Host: 
- 07:10:32 [INFO] Target: 
U-Boot# 
- 07:10:32 [INFO] Host: 
- 07:10:33 [INFO] Target: 
U-Boot# 
- 07:10:33 [INFO] Host: version
- 07:10:33 [INFO] Target: 
version
U-Boot 2014.10-00004-g9ade0ab-dirty (Dec 16 2014 - 13:40:24)
arm-linux-gnueabi-gcc (Ubuntu/Linaro 4.6.3-1ubuntu5) 4.6.3
GNU ld (GNU Binutils for Ubuntu) 2.22
U-Boot# 
- 07:10:33 [INFO] Host: setenv bootargs 'console=ttyO2,115200n8  earlyprintk rootwait '
- 07:10:34 [INFO] Target: 
setenv bootargs 'console=ttyO2,115200n8  earlyprintk rootwait '
U-Boot# 
- 07:10:34 [INFO] Host: setenv bootcmd  ''
- 07:10:34 [INFO] Target: 
setenv bootcmd  ''
U-Boot# 
- 07:10:34 [INFO] Host: setenv autoload 'no'
- 07:10:35 [INFO] Target: 
setenv autoload 'no'
U-Boot# 
- 07:10:35 [INFO] Host: setenv serverip '192.168.0.1'
- 07:10:35 [INFO] Target: 
setenv serverip '192.168.0.1'
U-Boot# 
- 07:10:35 [INFO] Host: printenv
- 07:10:36 [INFO] Target: 
printenv
arch=arm
autoload=no
baudrate=115200
beaglerev=xMC
board=beagle
board_name=beagle
bootargs=console=ttyO2,115200n8  earlyprintk rootwait 
bootcmd=
bootdelay=1
bootdir=/boot
bootenv=uEnv.txt
bootfile=uImage
bootm_size=0x08000000
bootpart=0:2
bootscript=echo Running bootscript from mmc${mmcdev} ...; source ${loadaddr}
buddy=none
camera=none
console=ttyO2,115200n8
cpu=armv7
defaultdisplay=dvi
dieid#=723000029ff8000001578ca00e02e00b
dvimode=640x480MR-16@60
ethact=usb_ether
fdtaddr=0x80f80000
findfdt=if test $beaglerev = AxBx; then setenv fdtfile omap3-beagle.dtb; fi; if test $beaglerev = Cx; then setenv fdtfile omap3-beagle.dtb; fi; if test $beaglerev = C4; then setenv fdtfile omap3-beagle.dtb; fi; if test $beaglerev = xMAB; then setenv fdtfile omap3-beagle-xm-ab.dtb; fi; if test $beaglerev = xMC; then setenv fdtfile omap3-beagle-xm.dtb; fi; if test $fdtfile = undefined; then echo WARNING: Could not determine device tree to use; fi; 
importbootenv=echo Importing environment from mmc ...; env import -t -r $loadaddr $filesize
loadaddr=0x80200000
loadbootenv=fatload mmc ${mmcdev} ${loadaddr} ${bootenv}
loadbootscript=load mmc ${mmcdev} ${loadaddr} boot.scr
loadfdt=run validatefdt; load mmc ${bootpart} ${fdtaddr} ${bootdir}/${fdtfile}
loadimage=load mmc ${bootpart} ${loadaddr} ${bootdir}/${bootfile}
loadramdisk=load mmc ${bootpart} ${rdaddr} ${bootdir}/${ramdisk}
mmcargs=setenv bootargs console=${console} ${optargs} mpurate=${mpurate} buddy=${buddy} camera=${camera} vram=${vram} omapfb.mode=dvi:${dvimode} omapdss.def_disp=${defaultdisplay} root=${mmcroot} rootfstype=${mmcrootfstype}
mmcboot=echo Booting from mmc ...; run mmcargs; bootm ${loadaddr}
mmcbootz=echo Booting with DT from mmc${mmcdev} ...; run mmcargs; bootz ${loadaddr} - ${fdtaddr}
mmcdev=0
mmcroot=/dev/mmcblk0p2 rw
mmcrootfstype=ext3 rootwait
mpurate=auto
nandargs=setenv bootargs console=${console} ${optargs} mpurate=${mpurate} buddy=${buddy} camera=${camera} vram=${vram} omapfb.mode=dvi:${dvimode} omapdss.def_disp=${defaultdisplay} root=${nandroot} rootfstype=${nandrootfstype}
nandboot=echo Booting from nand ...; run nandargs; nand read ${loadaddr} 280000 400000; bootm ${loadaddr}
nandroot=ubi0:rootfs ubi.mtd=4
nandrootfstype=ubifs
ramargs=setenv bootargs console=${console} ${optargs} mpurate=${mpurate} buddy=${buddy} vram=${vram} omapfb.mode=dvi:${dvimode} omapdss.def_disp=${defaultdisplay} root=${ramroot} rootfstype=${ramrootfstype}
ramboot=echo Booting from ramdisk ...; run ramargs; bootm ${loadaddr}
ramdisk=ramdisk.gz
ramroot=/dev/ram0 rw ramdisk_size=65536 initrd=0x81000000,64M
ramrootfstype=ext2
rdaddr=0x81000000
serverip=192.168.0.1
soc=omap3
stderr=serial
stdin=serial
stdout=serial
usbethaddr=02:0b:a0:00:02:00
usbtty=cdc_acm
userbutton=if gpio input 173; then run userbutton_xm; else run userbutton_nonxm; fi;
userbutton_nonxm=gpio input 7;
userbutton_xm=gpio input 4;
validatefdt=if test $beaglerev = xMAB; then if test ! -e mmc ${bootpart} ${bootdir}/${fdtfile}; then setenv fdtfile omap3-beagle-xm.dtb; fi; fi; 
vendor=ti
ver=U-Boot 2014.10-00004-g9ade0ab-dirty (Dec 16 2014 - 13:40:24)
vram=12M
Environment size: 3237/131068 bytes
U-Boot# 
- 07:10:36 [INFO] Host: dcache off
- 07:10:36 [INFO] Target: 
dcache off
U-Boot# 
- 07:10:36 [INFO] Host: setenv usbethaddr b0:ee:aa:12:34:56
- 07:10:37 [INFO] Target: 
setenv usbethaddr b0:ee:aa:12:34:56
U-Boot# 
- 07:10:37 [INFO] Host: usb start
- 07:10:41 [INFO] Target: 
usb start
(Re)start USB...
USB0:   USB EHCI 1.00
scanning bus 0 for devices... 3 USB Device(s) found
       scanning usb for storage devices... 0 Storage Device(s) found
       scanning usb for ethernet devices... 1 Ethernet Device(s) found
U-Boot# 
- 07:10:41 [INFO] Host: printenv
- 07:10:42 [INFO] Target: 
printenv
arch=arm
autoload=no
baudrate=115200
beaglerev=xMC
board=beagle
board_name=beagle
bootargs=console=ttyO2,115200n8  earlyprintk rootwait 
bootcmd=
bootdelay=1
bootdir=/boot
bootenv=uEnv.txt
bootfile=uImage
bootm_size=0x08000000
bootpart=0:2
bootscript=echo Running bootscript from mmc${mmcdev} ...; source ${loadaddr}
buddy=none
camera=none
console=ttyO2,115200n8
cpu=armv7
defaultdisplay=dvi
dieid#=723000029ff8000001578ca00e02e00b
dvimode=640x480MR-16@60
ethact=usb_ether
fdtaddr=0x80f80000
findfdt=if test $beaglerev = AxBx; then setenv fdtfile omap3-beagle.dtb; fi; if test $beaglerev = Cx; then setenv fdtfile omap3-beagle.dtb; fi; if test $beaglerev = C4; then setenv fdtfile omap3-beagle.dtb; fi; if test $beaglerev = xMAB; then setenv fdtfile omap3-beagle-xm-ab.dtb; fi; if test $beaglerev = xMC; then setenv fdtfile omap3-beagle-xm.dtb; fi; if test $fdtfile = undefined; then echo WARNING: Could not determine device tree to use; fi; 
importbootenv=echo Importing environment from mmc ...; env import -t -r $loadaddr $filesize
loadaddr=0x80200000
loadbootenv=fatload mmc ${mmcdev} ${loadaddr} ${bootenv}
loadbootscript=load mmc ${mmcdev} ${loadaddr} boot.scr
loadfdt=run validatefdt; load mmc ${bootpart} ${fdtaddr} ${bootdir}/${fdtfile}
loadimage=load mmc ${bootpart} ${loadaddr} ${bootdir}/${bootfile}
loadramdisk=load mmc ${bootpart} ${rdaddr} ${bootdir}/${ramdisk}
mmcargs=setenv bootargs console=${console} ${optargs} mpurate=${mpurate} buddy=${buddy} camera=${camera} vram=${vram} omapfb.mode=dvi:${dvimode} omapdss.def_disp=${defaultdisplay} root=${mmcroot} rootfstype=${mmcrootfstype}
mmcboot=echo Booting from mmc ...; run mmcargs; bootm ${loadaddr}
mmcbootz=echo Booting with DT from mmc${mmcdev} ...; run mmcargs; bootz ${loadaddr} - ${fdtaddr}
mmcdev=0
mmcroot=/dev/mmcblk0p2 rw
mmcrootfstype=ext3 rootwait
mpurate=auto
nandargs=setenv bootargs console=${console} ${optargs} mpurate=${mpurate} buddy=${buddy} camera=${camera} vram=${vram} omapfb.mode=dvi:${dvimode} omapdss.def_disp=${defaultdisplay} root=${nandroot} rootfstype=${nandrootfstype}
nandboot=echo Booting from nand ...; run nandargs; nand read ${loadaddr} 280000 400000; bootm ${loadaddr}
nandroot=ubi0:rootfs ubi.mtd=4
nandrootfstype=ubifs
ramargs=setenv bootargs console=${console} ${optargs} mpurate=${mpurate} buddy=${buddy} vram=${vram} omapfb.mode=dvi:${dvimode} omapdss.def_disp=${defaultdisplay} root=${ramroot} rootfstype=${ramrootfstype}
ramboot=echo Booting from ramdisk ...; run ramargs; bootm ${loadaddr}
ramdisk=ramdisk.gz
ramroot=/dev/ram0 rw ramdisk_size=65536 initrd=0x81000000,64M
ramrootfstype=ext2
rdaddr=0x81000000
serverip=192.168.0.1
soc=omap3
stderr=serial
stdin=serial
stdout=serial
usbethaddr=b0:ee:aa:12:34:56
usbtty=cdc_acm
userbutton=if gpio input 173; then run userbutton_xm; else run userbutton_nonxm; fi;
userbutton_nonxm=gpio input 7;
userbutton_xm=gpio input 4;
validatefdt=if test $beaglerev = xMAB; then if test ! -e mmc ${bootpart} ${bootdir}/${fdtfile}; then setenv fdtfile omap3-beagle-xm.dtb; fi; fi; 
vendor=ti
ver=U-Boot 2014.10-00004-g9ade0ab-dirty (Dec 16 2014 - 13:40:24)
vram=12M
Environment size: 3237/131068 bytes
U-Boot# 
- 07:10:42 [INFO] Host: setenv bootargs ''${bootargs}' ip=dhcp '
- 07:10:42 [INFO] Target: 
setenv bootargs ''${bootargs}' ip=dhcp '
U-Boot# 
- 07:10:42 [INFO] Host: setenv serverip '192.168.0.1'
- 07:10:43 [INFO] Target: 
setenv serverip '192.168.0.1'
U-Boot# 
- 07:10:43 [INFO] Host: setenv ipaddr dhcp
- 07:10:43 [INFO] Target: 
setenv ipaddr dhcp
U-Boot# 
- 07:10:43 [INFO] Host: setenv autoload 'no'
- 07:10:44 [INFO] Target: 
setenv autoload 'no'
U-Boot# 
- 07:10:44 [INFO] Host: dhcp
- 07:10:47 [INFO] Target: 
dhcp
ERROR: Need valid 'usbnet_devaddr' to be set
at drivers/usb/gadget/ether.c:2357/usb_eth_init()
Waiting for Ethernet connection... done.
BOOTP broadcast 1
BOOTP broadcast 2
DHCP client bound to address 192.168.0.103 (1049 ms)
U-Boot# 
- 07:10:47 [INFO] Host: setenv serverip '192.168.0.1'
- 07:10:47 [INFO] Target: 
setenv serverip '192.168.0.1'
U-Boot# 
- 07:10:47 [INFO] Host: tftp ${loadaddr} 192.168.0.1:vatf_beagleboard1/b8bad08c22e56449d05c25e17f98601b
- 07:10:53 [INFO] Target: 
tftp ${loadaddr} 192.168.0.1:vatf_beagleboard1/b8bad08c22e56449d05c25e17f98601b
Waiting for Ethernet connection... done.
Using sms0 device
TFTP from server 192.168.0.1; our IP address is 192.168.0.103
Filename 'vatf_beagleboard1/b8bad08c22e56449d05c25e17f98601b'.
Load address: 0x80200000
Loading: *#################################################################
	 #################################################################
	 #################################################################
	 #################################################################
	 #################################################################
	 #################################################################
	 ######
	 1.4 MiB/s
done
Bytes transferred = 5811984 (58af10 hex)
U-Boot# 
- 07:10:53 [INFO] Host: tftp ${fdtaddr} 192.168.0.1:vatf_beagleboard1/99169ff9a0b7ee4c0fbc81cc9eddec2f
- 07:10:55 [INFO] Target: 
tftp ${fdtaddr} 192.168.0.1:vatf_beagleboard1/99169ff9a0b7ee4c0fbc81cc9eddec2f
Waiting for Ethernet connection... done.
Using sms0 device
TFTP from server 192.168.0.1; our IP address is 192.168.0.103
Filename 'vatf_beagleboard1/99169ff9a0b7ee4c0fbc81cc9eddec2f'.
Load address: 0x80f80000
Loading: *#####
	 1.3 MiB/s
done
Bytes transferred = 62706 (f4f2 hex)
U-Boot# 
- 07:10:55 [INFO] Host: ls mmc 0:1
- 07:10:56 [INFO] Target: 
ls mmc 0:1
    50708   mlo 
   393400   u-boot.img 
        4   ws-calibrate.rules 
3 file(s), 0 dir(s)
U-Boot# 
- 07:10:56 [INFO] Host: ls mmc 0:2
- 07:10:56 [INFO] Target: 
ls mmc 0:2
<DIR>       4096 .
<DIR>       4096 ..
<DIR>       4096 srv
<DIR>       4096 home
<DIR>       4096 media
<DIR>       4096 opt
<DIR>       4096 var
<DIR>       4096 sys
<DIR>       4096 boot
<DIR>       4096 dev
<DIR>       4096 usr
<DIR>       4096 bin
<DIR>       4096 mnt
<DIR>       4096 etc
<DIR>       4096 sbin
<DIR>       4096 www
<SYM>          8 tmp
<DIR>       4096 proc
<DIR>       4096 run
<DIR>       4096 lib
<DIR>       4096 Settings
<DIR>       4096 test
U-Boot# 
- 07:10:56 [INFO] Host: part uuid mmc 0:2
- 07:10:57 [INFO] Target: 
part uuid mmc 0:2
00000000-02
U-Boot# 
- 07:10:57 [INFO] Host: printenv
- 07:10:57 [INFO] Target: 
printenv
arch=arm
autoload=no
baudrate=115200
beaglerev=xMC
board=beagle
board_name=beagle
bootargs=console=ttyO2,115200n8  earlyprintk rootwait  ip=dhcp 
bootcmd=
bootdelay=1
bootdir=/boot
bootenv=uEnv.txt
bootfile=uImage
bootm_size=0x08000000
bootpart=0:2
bootscript=echo Running bootscript from mmc${mmcdev} ...; source ${loadaddr}
buddy=none
camera=none
console=ttyO2,115200n8
cpu=armv7
defaultdisplay=dvi
dieid#=723000029ff8000001578ca00e02e00b
dnsip=192.0.2.2
dvimode=640x480MR-16@60
ethact=sms0
fdtaddr=0x80f80000
fileaddr=80f80000
filesize=f4f2
findfdt=if test $beaglerev = AxBx; then setenv fdtfile omap3-beagle.dtb; fi; if test $beaglerev = Cx; then setenv fdtfile omap3-beagle.dtb; fi; if test $beaglerev = C4; then setenv fdtfile omap3-beagle.dtb; fi; if test $beaglerev = xMAB; then setenv fdtfile omap3-beagle-xm-ab.dtb; fi; if test $beaglerev = xMC; then setenv fdtfile omap3-beagle-xm.dtb; fi; if test $fdtfile = undefined; then echo WARNING: Could not determine device tree to use; fi; 
gatewayip=192.168.0.1
importbootenv=echo Importing environment from mmc ...; env import -t -r $loadaddr $filesize
ipaddr=192.168.0.103
loadaddr=0x80200000
loadbootenv=fatload mmc ${mmcdev} ${loadaddr} ${bootenv}
loadbootscript=load mmc ${mmcdev} ${loadaddr} boot.scr
loadfdt=run validatefdt; load mmc ${bootpart} ${fdtaddr} ${bootdir}/${fdtfile}
loadimage=load mmc ${bootpart} ${loadaddr} ${bootdir}/${bootfile}
loadramdisk=load mmc ${bootpart} ${rdaddr} ${bootdir}/${ramdisk}
mmcargs=setenv bootargs console=${console} ${optargs} mpurate=${mpurate} buddy=${buddy} camera=${camera} vram=${vram} omapfb.mode=dvi:${dvimode} omapdss.def_disp=${defaultdisplay} root=${mmcroot} rootfstype=${mmcrootfstype}
mmcboot=echo Booting from mmc ...; run mmcargs; bootm ${loadaddr}
mmcbootz=echo Booting with DT from mmc${mmcdev} ...; run mmcargs; bootz ${loadaddr} - ${fdtaddr}
mmcdev=0
mmcroot=/dev/mmcblk0p2 rw
mmcrootfstype=ext3 rootwait
mpurate=auto
nandargs=setenv bootargs console=${console} ${optargs} mpurate=${mpurate} buddy=${buddy} camera=${camera} vram=${vram} omapfb.mode=dvi:${dvimode} omapdss.def_disp=${defaultdisplay} root=${nandroot} rootfstype=${nandrootfstype}
nandboot=echo Booting from nand ...; run nandargs; nand read ${loadaddr} 280000 400000; bootm ${loadaddr}
nandroot=ubi0:rootfs ubi.mtd=4
nandrootfstype=ubifs
netmask=255.255.255.0
ramargs=setenv bootargs console=${console} ${optargs} mpurate=${mpurate} buddy=${buddy} vram=${vram} omapfb.mode=dvi:${dvimode} omapdss.def_disp=${defaultdisplay} root=${ramroot} rootfstype=${ramrootfstype}
ramboot=echo Booting from ramdisk ...; run ramargs; bootm ${loadaddr}
ramdisk=ramdisk.gz
ramroot=/dev/ram0 rw ramdisk_size=65536 initrd=0x81000000,64M
ramrootfstype=ext2
rdaddr=0x81000000
serverip=192.168.0.1
soc=omap3
stderr=serial
stdin=serial
stdout=serial
usbethaddr=b0:ee:aa:12:34:56
usbtty=cdc_acm
userbutton=if gpio input 173; then run userbutton_xm; else run userbutton_nonxm; fi;
userbutton_nonxm=gpio input 7;
userbutton_xm=gpio input 4;
validatefdt=if test $beaglerev = xMAB; then if test ! -e mmc ${bootpart} ${bootdir}/${fdtfile}; then setenv fdtfile omap3-beagle-xm.dtb; fi; fi; 
vendor=ti
ver=U-Boot 2014.10-00004-g9ade0ab-dirty (Dec 16 2014 - 13:40:24)
vram=12M
Environment size: 3366/131068 bytes
U-Boot# 
- 07:10:57 [INFO] Host: setenv bootargs ''${bootargs}' root=PARTUUID=00000000-02 rw rootfstype=ext4 rootwait '
- 07:10:58 [INFO] Target: 
setenv bootargs ''${bootargs}' root=PARTUUID=00000000-02 rw rootfstype=ext4 rootwait '
U-Boot# 
- 07:10:58 [INFO] Host: printenv
- 07:10:58 [INFO] Target: 
printenv
arch=arm
autoload=no
baudrate=115200
beaglerev=xMC
board=beagle
board_name=beagle
bootargs=console=ttyO2,115200n8  earlyprintk rootwait  ip=dhcp  root=PARTUUID=00000000-02 rw rootfstype=ext4 rootwait 
bootcmd=
bootdelay=1
bootdir=/boot
bootenv=uEnv.txt
bootfile=uImage
bootm_size=0x08000000
bootpart=0:2
bootscript=echo Running bootscript from mmc${mmcdev} ...; source ${loadaddr}
buddy=none
camera=none
console=ttyO2,115200n8
cpu=armv7
defaultdisplay=dvi
dieid#=723000029ff8000001578ca00e02e00b
dnsip=192.0.2.2
dvimode=640x480MR-16@60
ethact=sms0
fdtaddr=0x80f80000
fileaddr=80f80000
filesize=f4f2
findfdt=if test $beaglerev = AxBx; then setenv fdtfile omap3-beagle.dtb; fi; if test $beaglerev = Cx; then setenv fdtfile omap3-beagle.dtb; fi; if test $beaglerev = C4; then setenv fdtfile omap3-beagle.dtb; fi; if test $beaglerev = xMAB; then setenv fdtfile omap3-beagle-xm-ab.dtb; fi; if test $beaglerev = xMC; then setenv fdtfile omap3-beagle-xm.dtb; fi; if test $fdtfile = undefined; then echo WARNING: Could not determine device tree to use; fi; 
gatewayip=192.168.0.1
importbootenv=echo Importing environment from mmc ...; env import -t -r $loadaddr $filesize
ipaddr=192.168.0.103
loadaddr=0x80200000
loadbootenv=fatload mmc ${mmcdev} ${loadaddr} ${bootenv}
loadbootscript=load mmc ${mmcdev} ${loadaddr} boot.scr
loadfdt=run validatefdt; load mmc ${bootpart} ${fdtaddr} ${bootdir}/${fdtfile}
loadimage=load mmc ${bootpart} ${loadaddr} ${bootdir}/${bootfile}
loadramdisk=load mmc ${bootpart} ${rdaddr} ${bootdir}/${ramdisk}
mmcargs=setenv bootargs console=${console} ${optargs} mpurate=${mpurate} buddy=${buddy} camera=${camera} vram=${vram} omapfb.mode=dvi:${dvimode} omapdss.def_disp=${defaultdisplay} root=${mmcroot} rootfstype=${mmcrootfstype}
mmcboot=echo Booting from mmc ...; run mmcargs; bootm ${loadaddr}
mmcbootz=echo Booting with DT from mmc${mmcdev} ...; run mmcargs; bootz ${loadaddr} - ${fdtaddr}
mmcdev=0
mmcroot=/dev/mmcblk0p2 rw
mmcrootfstype=ext3 rootwait
mpurate=auto
nandargs=setenv bootargs console=${console} ${optargs} mpurate=${mpurate} buddy=${buddy} camera=${camera} vram=${vram} omapfb.mode=dvi:${dvimode} omapdss.def_disp=${defaultdisplay} root=${nandroot} rootfstype=${nandrootfstype}
nandboot=echo Booting from nand ...; run nandargs; nand read ${loadaddr} 280000 400000; bootm ${loadaddr}
nandroot=ubi0:rootfs ubi.mtd=4
nandrootfstype=ubifs
netmask=255.255.255.0
ramargs=setenv bootargs console=${console} ${optargs} mpurate=${mpurate} buddy=${buddy} vram=${vram} omapfb.mode=dvi:${dvimode} omapdss.def_disp=${defaultdisplay} root=${ramroot} rootfstype=${ramrootfstype}
ramboot=echo Booting from ramdisk ...; run ramargs; bootm ${loadaddr}
ramdisk=ramdisk.gz
ramroot=/dev/ram0 rw ramdisk_size=65536 initrd=0x81000000,64M
ramrootfstype=ext2
rdaddr=0x81000000
serverip=192.168.0.1
soc=omap3
stderr=serial
stdin=serial
stdout=serial
usbethaddr=b0:ee:aa:12:34:56
usbtty=cdc_acm
userbutton=if gpio input 173; then run userbutton_xm; else run userbutton_nonxm; fi;
userbutton_nonxm=gpio input 7;
userbutton_xm=gpio input 4;
validatefdt=if test $beaglerev = xMAB; then if test ! -e mmc ${bootpart} ${bootdir}/${fdtfile}; then setenv fdtfile omap3-beagle-xm.dtb; fi; fi; 
vendor=ti
ver=U-Boot 2014.10-00004-g9ade0ab-dirty (Dec 16 2014 - 13:40:24)
vram=12M
Environment size: 3421/131068 bytes
U-Boot# 
- 07:10:58 [INFO] Host: setenv bootcmd ''${bootcmd}' if iminfo ${loadaddr}; then bootm ${loadaddr} - ${fdtaddr}; else bootz ${loadaddr} - ${fdtaddr}; bootm ${loadaddr} - ${fdtaddr}; fi'
- 07:10:59 [INFO] Target: 
setenv bootcmd ''${bootcmd}' if iminfo ${loadaddr}; then bootm ${loadaddr} - ${fdtaddr}; else bootz ${loadaddr} - ${fdtaddr}; bootm ${loadaddr} - ${fdtaddr}; fi'
U-Boot# 
- 07:10:59 [INFO] Host: bdinfo
- 07:10:59 [INFO] Target: 
bdinfo
arch_number = 0x0000060A
boot_params = 0x80000100
DRAM bank   = 0x00000000
-> start    = 0x80000000
-> size     = 0x10000000
DRAM bank   = 0x00000001
-> start    = 0x90000000
-> size     = 0x10000000
eth0name    = usb_ether
ethaddr     = (not set)
eth1name    = sms0
eth1addr    = (not set)
current eth = sms0
ip_addr     = 192.168.0.103
baudrate    = 115200 bps
TLB addr    = 0x9FFF0000
relocaddr   = 0x9FF4C000
reloc off   = 0x1FE4C000
irq_sp      = 0x9EF2BEE0
sp start    = 0x9EF2BED0
U-Boot# 
- 07:10:59 [INFO] Host: mmc rescan
- 07:11:00 [INFO] Target: 
mmc rescan
U-Boot# 
- 07:11:00 [INFO] Host: fatwrite mmc ${mmcdev}:1 ${loadaddr} ws-calibrate.rules 4
- 07:11:00 [INFO] Target: 
fatwrite mmc ${mmcdev}:1 ${loadaddr} ws-calibrate.rules 4
writing ws-calibrate.rules
4 bytes written
U-Boot# 
- 07:11:00 [INFO] Host: boot
- 07:13:30 [ERROR] On command: boot waiting for boot.+?(?-mix:login:) >>> error: execution expired
- 07:13:30 [INFO] Target: 
boot
## Checking Image at 80200000 ...
Unknown image format!
Kernel image @ 0x80200000 [ 0x000000 - 0x58af10 ]
## Flattened Device Tree blob at 80f80000
   Booting using the fdt blob at 0x80f80000
   Loading Device Tree to 87fed000, end 87fff4f1 ... OK
Starting kernel ...
[    0.000000] Booting Linux on physical CPU 0x0
[    0.000000] Linux version 3.19.0-rc7-next-20150203-00002-g037e6a2fa459 (nmenon@kahuna) (gcc version 4.6.3 (Ubuntu/Linaro 4.6.3-1ubuntu5) ) #1 SMP Tue Feb 3 06:08:31 CST 2015
[    0.000000] CPU: ARMv7 Processor [413fc082] revision 2 (ARMv7), cr=10c5387d
[    0.000000] CPU: PIPT / VIPT nonaliasing data cache, VIPT aliasing instruction cache
[    0.000000] Machine model: TI OMAP3 BeagleBoard xM
[    0.000000] cma: Reserved 64 MiB at 0x9b800000
[    0.000000] Memory policy: Data cache writeback
[    0.000000] CPU: All CPU(s) started in SVC mode.
[    0.000000] OMAP3630 ES1.2 (l2cache iva sgx neon isp 192mhz_clk )
[    0.000000] PERCPU: Embedded 11 pages/cpu @dfa89000 s12480 r8192 d24384 u45056
[    0.000000] Built 1 zonelists in Zone order, mobility grouping on.  Total pages: 129792
[    0.000000] Kernel command line: console=ttyO2,115200n8  earlyprintk rootwait  ip=dhcp  root=PARTUUID=00000000-02 rw rootfstype=ext4 rootwait 
[    0.000000] PID hash table entries: 2048 (order: 1, 8192 bytes)
[    0.000000] Dentry cache hash table entries: 65536 (order: 6, 262144 bytes)
[    0.000000] Inode-cache hash table entries: 32768 (order: 5, 131072 bytes)
[    0.000000] Memory: 439888K/523264K available (7616K kernel code, 935K rwdata, 3160K rodata, 780K init, 307K bss, 17840K reserved, 65536K cma-reserved, 0K highmem)
[    0.000000] Virtual kernel memory layout:
[    0.000000]     vector  : 0xffff0000 - 0xffff1000   (   4 kB)
[    0.000000]     fixmap  : 0xffc00000 - 0xfff00000   (3072 kB)
[    0.000000]     vmalloc : 0xe0800000 - 0xff000000   ( 488 MB)
[    0.000000]     lowmem  : 0xc0000000 - 0xe0000000   ( 512 MB)
[    0.000000]     pkmap   : 0xbfe00000 - 0xc0000000   (   2 MB)
[    0.000000]     modules : 0xbf000000 - 0xbfe00000   (  14 MB)
[    0.000000]       .text : 0xc0208000 - 0xc0c8e478   (10778 kB)
[    0.000000]       .init : 0xc0c8f000 - 0xc0d52000   ( 780 kB)
[    0.000000]       .data : 0xc0d52000 - 0xc0e3bda0   ( 936 kB)
[    0.000000]        .bss : 0xc0e3bda0 - 0xc0e88c60   ( 308 kB)
[    0.000000] SLUB: HWalign=64, Order=0-3, MinObjects=0, CPUs=1, Nodes=1
[    0.000000] Hierarchical RCU implementation.
[    0.000000] 	Additional per-CPU info printed with stalls.
[    0.000000] 	RCU restricting CPUs from NR_CPUS=8 to nr_cpu_ids=1.
[    0.000000] RCU: Adjusting geometry for rcu_fanout_leaf=16, nr_cpu_ids=1
[    0.000000] NR_IRQS:16 nr_irqs:16 16
[    0.000000] IRQ: Found an INTC at 0xfa200000 (revision 4.0) with 96 interrupts
[    0.000000] Clocking rate (Crystal/Core/MPU): 26.0/400/600 MHz
[    0.000000] ------------[ cut here ]------------
[    0.000000] WARNING: CPU: 0 PID: 0 at arch/arm/mach-omap2/dpll3xxx.c:436 omap3_noncore_dpll_enable+0xe4/0x104()
[    0.000000] Modules linked in:
[    0.000000] CPU: 0 PID: 0 Comm: swapper/0 Not tainted 3.19.0-rc7-next-20150203-00002-g037e6a2fa459 #1
[    0.000000] Hardware name: Generic OMAP36xx (Flattened Device Tree)
[    0.000000] [<c02159bc>] (unwind_backtrace) from [<c0211444>] (show_stack+0x10/0x14)
[    0.000000] [<c0211444>] (show_stack) from [<c092e390>] (dump_stack+0x70/0x8c)
[    0.000000] [<c092e390>] (dump_stack) from [<c0247204>] (warn_slowpath_common+0x74/0xac)
[    0.000000] [<c0247204>] (warn_slowpath_common) from [<c0247258>] (warn_slowpath_null+0x1c/0x24)
[    0.000000] [<c0247258>] (warn_slowpath_null) from [<c023ace4>] (omap3_noncore_dpll_enable+0xe4/0x104)
[    0.000000] [<c023ace4>] (omap3_noncore_dpll_enable) from [<c07f36c0>] (clk_core_enable+0x64/0x98)
[    0.000000] [<c07f36c0>] (clk_core_enable) from [<c07f40fc>] (clk_enable+0x20/0x34)
[    0.000000] [<c07f40fc>] (clk_enable) from [<c0caf58c>] (omap3_clk_lock_dpll5+0x38/0xb8)
[    0.000000] [<c0caf58c>] (omap3_clk_lock_dpll5) from [<c0ceff5c>] (omap3xxx_dt_clk_init+0x184/0x1c0)
[    0.000000] [<c0ceff5c>] (omap3xxx_dt_clk_init) from [<c0ca8794>] (omap_clk_init+0x48/0x5c)
[    0.000000] [<c0ca8794>] (omap_clk_init) from [<c0caa4a0>] (omap3_sync32k_timer_init+0x8/0x58)
[    0.000000] [<c0caa4a0>] (omap3_sync32k_timer_init) from [<c0c926a4>] (time_init+0x1c/0x30)
[    0.000000] [<c0c926a4>] (time_init) from [<c0c8fac4>] (start_kernel+0x238/0x3b8)
[    0.000000] [<c0c8fac4>] (start_kernel) from [<80208074>] (0x80208074)
[    0.000000] ---[ end trace cb88537fdc8fa200 ]---
[    0.000000] ------------[ cut here ]------------
[    0.000000] WARNING: CPU: 0 PID: 0 at arch/arm/mach-omap2/dpll3xxx.c:436 omap3_noncore_dpll_enable+0xe4/0x104()
[    0.000000] Modules linked in:
[    0.000000] CPU: 0 PID: 0 Comm: swapper/0 Tainted: G        W       3.19.0-rc7-next-20150203-00002-g037e6a2fa459 #1
[    0.000000] Hardware name: Generic OMAP36xx (Flattened Device Tree)
[    0.000000] [<c02159bc>] (unwind_backtrace) from [<c0211444>] (show_stack+0x10/0x14)
[    0.000000] [<c0211444>] (show_stack) from [<c092e390>] (dump_stack+0x70/0x8c)
[    0.000000] [<c092e390>] (dump_stack) from [<c0247204>] (warn_slowpath_common+0x74/0xac)
[    0.000000] [<c0247204>] (warn_slowpath_common) from [<c0247258>] (warn_slowpath_null+0x1c/0x24)
[    0.000000] [<c0247258>] (warn_slowpath_null) from [<c023ace4>] (omap3_noncore_dpll_enable+0xe4/0x104)
[    0.000000] [<c023ace4>] (omap3_noncore_dpll_enable) from [<c07f36c0>] (clk_core_enable+0x64/0x98)
[    0.000000] [<c07f36c0>] (clk_core_enable) from [<c07f36a0>] (clk_core_enable+0x44/0x98)
[    0.000000] ---[ end trace cb88537fdc8fa201 ]---
[    0.000000] OMAP clockevent source: timer1 at 32768 Hz
[    0.000000] sched_clock: 32 bits at 32kHz, resolution 30517ns, wraps every 65536000000000ns
[    0.000030] OMAP clocksource: 32k_counter at 32768 Hz
[    0.000244] Console: colour dummy device 80x30
[    0.000274] Calibrating delay loop... 594.73 BogoMIPS (lpj=1486848)
[    0.029022] pid_max: default: 32768 minimum: 301
[    0.029205] Mount-cache hash table entries: 1024 (order: 0, 4096 bytes)
[    0.029205] Mountpoint-cache hash table entries: 1024 (order: 0, 4096 bytes)
[    0.030059] CPU: Testing write buffer coherency: ok
[    0.030364] CPU0: thread -1, cpu 0, socket -1, mpidr 0
[    0.030487] Setting up static identity map for 0x80933338 - 0x809333d0
[    0.036285] Brought up 1 CPUs
[    0.036315] SMP: Total of 1 processors activated (594.73 BogoMIPS).
[    0.036315] CPU: All CPU(s) started in SVC mode.
[    0.037048] devtmpfs: initialized
[    0.040893] VFP support v0.3: implementor 41 architecture 3 part 30 variant c rev 3
[    0.061798] omap_hwmod: mcbsp2_sidetone using broken dt data from mcbsp
[    0.062408] omap_hwmod: mcbsp3_sidetone using broken dt data from mcbsp
[    0.077941] ------------[ cut here ]------------
[    0.078002] WARNING: CPU: 0 PID: 1 at arch/arm/mach-omap2/dpll3xxx.c:436 omap3_noncore_dpll_enable+0xe4/0x104()
[    0.078033] Modules linked in:
[    0.078033] CPU: 0 PID: 1 Comm: swapper/0 Tainted: G        W       3.19.0-rc7-next-20150203-00002-g037e6a2fa459 #1
[    0.078063] Hardware name: Generic OMAP36xx (Flattened Device Tree)
[    0.078094] [<c02159bc>] (unwind_backtrace) from [<c0211444>] (show_stack+0x10/0x14)
[    0.078124] [<c0211444>] (show_stack) from [<c092e390>] (dump_stack+0x70/0x8c)
[    0.078155] [<c092e390>] (dump_stack) from [<c0247204>] (warn_slowpath_common+0x74/0xac)
[    0.078186] [<c0247204>] (warn_slowpath_common) from [<c0247258>] (warn_slowpath_null+0x1c/0x24)
[    0.078216] [<c0247258>] (warn_slowpath_null) from [<c023ace4>] (omap3_noncore_dpll_enable+0xe4/0x104)
[    0.078247] [<c023ace4>] (omap3_noncore_dpll_enable) from [<c07f36c0>] (clk_core_enable+0x64/0x98)
[    0.078247] [<c07f36c0>] (clk_core_enable) from [<c07f36a0>] (clk_core_enable+0x44/0x98)
[    0.078277] ---[ end trace cb88537fdc8fa202 ]---
[    0.078308] ------------[ cut here ]------------
[    0.078338] WARNING: CPU: 0 PID: 1 at arch/arm/mach-omap2/dpll3xxx.c:436 omap3_noncore_dpll_enable+0xe4/0x104()
[    0.078338] Modules linked in:
[    0.078369] CPU: 0 PID: 1 Comm: swapper/0 Tainted: G        W       3.19.0-rc7-next-20150203-00002-g037e6a2fa459 #1
[    0.078369] Hardware name: Generic OMAP36xx (Flattened Device Tree)
[    0.078399] [<c02159bc>] (unwind_backtrace) from [<c0211444>] (show_stack+0x10/0x14)
[    0.078430] [<c0211444>] (show_stack) from [<c092e390>] (dump_stack+0x70/0x8c)
[    0.078460] [<c092e390>] (dump_stack) from [<c0247204>] (warn_slowpath_common+0x74/0xac)
[    0.078460] [<c0247204>] (warn_slowpath_common) from [<c0247258>] (warn_slowpath_null+0x1c/0x24)
[    0.078491] [<c0247258>] (warn_slowpath_null) from [<c023ace4>] (omap3_noncore_dpll_enable+0xe4/0x104)
[    0.078521] [<c023ace4>] (omap3_noncore_dpll_enable) from [<c07f36c0>] (clk_core_enable+0x64/0x98)
[    0.078521] [<c07f36c0>] (clk_core_enable) from [<c07f36a0>] (clk_core_enable+0x44/0x98)
[    0.078552] ---[ end trace cb88537fdc8fa203 ]---
[    0.078582] ------------[ cut here ]------------
[    0.078613] WARNING: CPU: 0 PID: 1 at arch/arm/mach-omap2/dpll3xxx.c:436 omap3_noncore_dpll_enable+0xe4/0x104()
[    0.078613] Modules linked in:
[    0.078643] CPU: 0 PID: 1 Comm: swapper/0 Tainted: G        W       3.19.0-rc7-next-20150203-00002-g037e6a2fa459 #1
[    0.078643] Hardware name: Generic OMAP36xx (Flattened Device Tree)
[    0.078674] [<c02159bc>] (unwind_backtrace) from [<c0211444>] (show_stack+0x10/0x14)
[    0.078704] [<c0211444>] (show_stack) from [<c092e390>] (dump_stack+0x70/0x8c)
[    0.078704] [<c092e390>] (dump_stack) from [<c0247204>] (warn_slowpath_common+0x74/0xac)
[    0.078735] [<c0247204>] (warn_slowpath_common) from [<c0247258>] (warn_slowpath_null+0x1c/0x24)
[    0.078765] [<c0247258>] (warn_slowpath_null) from [<c023ace4>] (omap3_noncore_dpll_enable+0xe4/0x104)
[    0.078796] [<c023ace4>] (omap3_noncore_dpll_enable) from [<c07f36c0>] (clk_core_enable+0x64/0x98)
[    0.078796] [<c07f36c0>] (clk_core_enable) from [<c07f36a0>] (clk_core_enable+0x44/0x98)
[    0.078826] ---[ end trace cb88537fdc8fa204 ]---
[    0.078918] ------------[ cut here ]------------
[    0.078948] WARNING: CPU: 0 PID: 1 at arch/arm/mach-omap2/dpll3xxx.c:436 omap3_noncore_dpll_enable+0xe4/0x104()
[    0.078979] Modules linked in:
[    0.078979] CPU: 0 PID: 1 Comm: swapper/0 Tainted: G        W       3.19.0-rc7-next-20150203-00002-g037e6a2fa459 #1
[    0.079010] Hardware name: Generic OMAP36xx (Flattened Device Tree)
[    0.079010] [<c02159bc>] (unwind_backtrace) from [<c0211444>] (show_stack+0x10/0x14)
[    0.079040] [<c0211444>] (show_stack) from [<c092e390>] (dump_stack+0x70/0x8c)
[    0.079071] [<c092e390>] (dump_stack) from [<c0247204>] (warn_slowpath_common+0x74/0xac)
[    0.079071] [<c0247204>] (warn_slowpath_common) from [<c0247258>] (warn_slowpath_null+0x1c/0x24)
[    0.079101] [<c0247258>] (warn_slowpath_null) from [<c023ace4>] (omap3_noncore_dpll_enable+0xe4/0x104)
[    0.079132] [<c023ace4>] (omap3_noncore_dpll_enable) from [<c07f36c0>] (clk_core_enable+0x64/0x98)
[    0.079162] [<c07f36c0>] (clk_core_enable) from [<c07f36a0>] (clk_core_enable+0x44/0x98)
[    0.079162] ---[ end trace cb88537fdc8fa205 ]---
[    0.079223] ------------[ cut here ]------------
[    0.079223] WARNING: CPU: 0 PID: 1 at arch/arm/mach-omap2/dpll3xxx.c:436 omap3_noncore_dpll_enable+0xe4/0x104()
[    0.079254] Modules linked in:
[    0.079254] CPU: 0 PID: 1 Comm: swapper/0 Tainted: G        W       3.19.0-rc7-next-20150203-00002-g037e6a2fa459 #1
[    0.079284] Hardware name: Generic OMAP36xx (Flattened Device Tree)
[    0.079284] [<c02159bc>] (unwind_backtrace) from [<c0211444>] (show_stack+0x10/0x14)
[    0.079315] [<c0211444>] (show_stack) from [<c092e390>] (dump_stack+0x70/0x8c)
[    0.079345] [<c092e390>] (dump_stack) from [<c0247204>] (warn_slowpath_common+0x74/0xac)
[    0.079345] [<c0247204>] (warn_slowpath_common) from [<c0247258>] (warn_slowpath_null+0x1c/0x24)
[    0.079376] [<c0247258>] (warn_slowpath_null) from [<c023ace4>] (omap3_noncore_dpll_enable+0xe4/0x104)
[    0.079406] [<c023ace4>] (omap3_noncore_dpll_enable) from [<c07f36c0>] (clk_core_enable+0x64/0x98)
[    0.079437] [<c07f36c0>] (clk_core_enable) from [<c07f36a0>] (clk_core_enable+0x44/0x98)
[    0.079437] ---[ end trace cb88537fdc8fa206 ]---
[    0.079498] ------------[ cut here ]------------
[    0.079498] WARNING: CPU: 0 PID: 1 at arch/arm/mach-omap2/dpll3xxx.c:436 omap3_noncore_dpll_enable+0xe4/0x104()
[    0.079528] Modules linked in:
[    0.079528] CPU: 0 PID: 1 Comm: swapper/0 Tainted: G        W       3.19.0-rc7-next-20150203-00002-g037e6a2fa459 #1
[    0.079559] Hardware name: Generic OMAP36xx (Flattened Device Tree)
[    0.079559] [<c02159bc>] (unwind_backtrace) from [<c0211444>] (show_stack+0x10/0x14)
[    0.079589] [<c0211444>] (show_stack) from [<c092e390>] (dump_stack+0x70/0x8c)
[    0.079620] [<c092e390>] (dump_stack) from [<c0247204>] (warn_slowpath_common+0x74/0xac)
[    0.079620] [<c0247204>] (warn_slowpath_common) from [<c0247258>] (warn_slowpath_null+0x1c/0x24)
[    0.079650] [<c0247258>] (warn_slowpath_null) from [<c023ace4>] (omap3_noncore_dpll_enable+0xe4/0x104)
[    0.079681] [<c023ace4>] (omap3_noncore_dpll_enable) from [<c07f36c0>] (clk_core_enable+0x64/0x98)
[    0.079681] [<c07f36c0>] (clk_core_enable) from [<c07f36a0>] (clk_core_enable+0x44/0x98)
[    0.079711] ---[ end trace cb88537fdc8fa207 ]---
[    0.079772] ------------[ cut here ]------------
[    0.079772] WARNING: CPU: 0 PID: 1 at arch/arm/mach-omap2/dpll3xxx.c:436 omap3_noncore_dpll_enable+0xe4/0x104()
[    0.079803] Modules linked in:
[    0.079803] CPU: 0 PID: 1 Comm: swapper/0 Tainted: G        W       3.19.0-rc7-next-20150203-00002-g037e6a2fa459 #1
[    0.079803] Hardware name: Generic OMAP36xx (Flattened Device Tree)
[    0.079833] [<c02159bc>] (unwind_backtrace) from [<c0211444>] (show_stack+0x10/0x14)
[    0.079864] [<c0211444>] (show_stack) from [<c092e390>] (dump_stack+0x70/0x8c)
[    0.079895] [<c092e390>] (dump_stack) from [<c0247204>] (warn_slowpath_common+0x74/0xac)
[    0.079895] [<c0247204>] (warn_slowpath_common) from [<c0247258>] (warn_slowpath_null+0x1c/0x24)
[    0.079925] [<c0247258>] (warn_slowpath_null) from [<c023ace4>] (omap3_noncore_dpll_enable+0xe4/0x104)
[    0.079956] [<c023ace4>] (omap3_noncore_dpll_enable) from [<c07f36c0>] (clk_core_enable+0x64/0x98)
[    0.079956] [<c07f36c0>] (clk_core_enable) from [<c07f36a0>] (clk_core_enable+0x44/0x98)
[    0.079986] ---[ end trace cb88537fdc8fa208 ]---
[    0.094604] ------------[ cut here ]------------
[    0.094635] WARNING: CPU: 0 PID: 1 at arch/arm/mach-omap2/dpll3xxx.c:436 omap3_noncore_dpll_enable+0xe4/0x104()
[    0.094635] Modules linked in:
[    0.094665] CPU: 0 PID: 1 Comm: swapper/0 Tainted: G        W       3.19.0-rc7-next-20150203-00002-g037e6a2fa459 #1
[    0.094665] Hardware name: Generic OMAP36xx (Flattened Device Tree)
[    0.094696] [<c02159bc>] (unwind_backtrace) from [<c0211444>] (show_stack+0x10/0x14)
[    0.094696] [<c0211444>] (show_stack) from [<c092e390>] (dump_stack+0x70/0x8c)
[    0.094726] [<c092e390>] (dump_stack) from [<c0247204>] (warn_slowpath_common+0x74/0xac)
[    0.094757] [<c0247204>] (warn_slowpath_common) from [<c0247258>] (warn_slowpath_null+0x1c/0x24)
[    0.094787] [<c0247258>] (warn_slowpath_null) from [<c023ace4>] (omap3_noncore_dpll_enable+0xe4/0x104)
[    0.094787] [<c023ace4>] (omap3_noncore_dpll_enable) from [<c07f36c0>] (clk_core_enable+0x64/0x98)
[    0.094818] [<c07f36c0>] (clk_core_enable) from [<c07f36a0>] (clk_core_enable+0x44/0x98)
[    0.094818] ---[ end trace cb88537fdc8fa209 ]---
[    0.094879] ------------[ cut here ]------------
[    0.094909] WARNING: CPU: 0 PID: 1 at arch/arm/mach-omap2/dpll3xxx.c:436 omap3_noncore_dpll_enable+0xe4/0x104()
[    0.094909] Modules linked in:
[    0.094940] CPU: 0 PID: 1 Comm: swapper/0 Tainted: G        W       3.19.0-rc7-next-20150203-00002-g037e6a2fa459 #1
[    0.094940] Hardware name: Generic OMAP36xx (Flattened Device Tree)
[    0.094970] [<c02159bc>] (unwind_backtrace) from [<c0211444>] (show_stack+0x10/0x14)
[    0.094970] [<c0211444>] (show_stack) from [<c092e390>] (dump_stack+0x70/0x8c)
[    0.095001] [<c092e390>] (dump_stack) from [<c0247204>] (warn_slowpath_common+0x74/0xac)
[    0.095031] [<c0247204>] (warn_slowpath_common) from [<c0247258>] (warn_slowpath_null+0x1c/0x24)
[    0.095062] [<c0247258>] (warn_slowpath_null) from [<c023ace4>] (omap3_noncore_dpll_enable+0xe4/0x104)
[    0.095062] [<c023ace4>] (omap3_noncore_dpll_enable) from [<c07f36c0>] (clk_core_enable+0x64/0x98)
[    0.095092] [<c07f36c0>] (clk_core_enable) from [<c07f36a0>] (clk_core_enable+0x44/0x98)
[    0.095092] ---[ end trace cb88537fdc8fa20a ]---
[    0.097778] omap_hwmod: mcbsp2: _wait_target_ready failed: -16
[    0.097808] omap_hwmod: mcbsp2: cannot be enabled for reset (3)
[    0.097808] ------------[ cut here ]------------
[    0.097839] WARNING: CPU: 0 PID: 1 at arch/arm/mach-omap2/dpll3xxx.c:436 omap3_noncore_dpll_enable+0xe4/0x104()
[    0.097839] Modules linked in:
[    0.097869] CPU: 0 PID: 1 Comm: swapper/0 Tainted: G        W       3.19.0-rc7-next-20150203-00002-g037e6a2fa459 #1
[    0.097869] Hardware name: Generic OMAP36xx (Flattened Device Tree)
[    0.097900] [<c02159bc>] (unwind_backtrace) from [<c0211444>] (show_stack+0x10/0x14)
[    0.097900] [<c0211444>] (show_stack) from [<c092e390>] (dump_stack+0x70/0x8c)
[    0.097930] [<c092e390>] (dump_stack) from [<c0247204>] (warn_slowpath_common+0x74/0xac)
[    0.097961] [<c0247204>] (warn_slowpath_common) from [<c0247258>] (warn_slowpath_null+0x1c/0x24)
[    0.097961] [<c0247258>] (warn_slowpath_null) from [<c023ace4>] (omap3_noncore_dpll_enable+0xe4/0x104)
[    0.097991] [<c023ace4>] (omap3_noncore_dpll_enable) from [<c07f36c0>] (clk_core_enable+0x64/0x98)
[    0.098022] [<c07f36c0>] (clk_core_enable) from [<c07f36a0>] (clk_core_enable+0x44/0x98)
[    0.098022] ---[ end trace cb88537fdc8fa20b ]---
[    0.098083] ------------[ cut here ]------------
[    0.098083] WARNING: CPU: 0 PID: 1 at arch/arm/mach-omap2/dpll3xxx.c:436 omap3_noncore_dpll_enable+0xe4/0x104()
[    0.098114] Modules linked in:
[    0.098114] CPU: 0 PID: 1 Comm: swapper/0 Tainted: G        W       3.19.0-rc7-next-20150203-00002-g037e6a2fa459 #1
[    0.098144] Hardware name: Generic OMAP36xx (Flattened Device Tree)
[    0.098144] [<c02159bc>] (unwind_backtrace) from [<c0211444>] (show_stack+0x10/0x14)
[    0.098175] [<c0211444>] (show_stack) from [<c092e390>] (dump_stack+0x70/0x8c)
[    0.098205] [<c092e390>] (dump_stack) from [<c0247204>] (warn_slowpath_common+0x74/0xac)
[    0.098205] [<c0247204>] (warn_slowpath_common) from [<c0247258>] (warn_slowpath_null+0x1c/0x24)
[    0.098236] [<c0247258>] (warn_slowpath_null) from [<c023ace4>] (omap3_noncore_dpll_enable+0xe4/0x104)
[    0.098266] [<c023ace4>] (omap3_noncore_dpll_enable) from [<c07f36c0>] (clk_core_enable+0x64/0x98)
[    0.098266] [<c07f36c0>] (clk_core_enable) from [<c07f36a0>] (clk_core_enable+0x44/0x98)
[    0.098297] ---[ end trace cb88537fdc8fa20c ]---
[    0.098358] ------------[ cut here ]------------
[    0.098358] WARNING: CPU: 0 PID: 1 at arch/arm/mach-omap2/dpll3xxx.c:436 omap3_noncore_dpll_enable+0xe4/0x104()
[    0.098388] Modules linked in:
[    0.098388] CPU: 0 PID: 1 Comm: swapper/0 Tainted: G        W       3.19.0-rc7-next-20150203-00002-g037e6a2fa459 #1
[    0.098388] Hardware name: Generic OMAP36xx (Flattened Device Tree)
[    0.098419] [<c02159bc>] (unwind_backtrace) from [<c0211444>] (show_stack+0x10/0x14)
[    0.098449] [<c0211444>] (show_stack) from [<c092e390>] (dump_stack+0x70/0x8c)
[    0.098480] [<c092e390>] (dump_stack) from [<c0247204>] (warn_slowpath_common+0x74/0xac)
[    0.098480] [<c0247204>] (warn_slowpath_common) from [<c0247258>] (warn_slowpath_null+0x1c/0x24)
[    0.098510] [<c0247258>] (warn_slowpath_null) from [<c023ace4>] (omap3_noncore_dpll_enable+0xe4/0x104)
[    0.098541] [<c023ace4>] (omap3_noncore_dpll_enable) from [<c07f36c0>] (clk_core_enable+0x64/0x98)
[    0.098541] [<c07f36c0>] (clk_core_enable) from [<c07f36a0>] (clk_core_enable+0x44/0x98)
[    0.098571] ---[ end trace cb88537fdc8fa20d ]---
[    0.098602] ------------[ cut here ]------------
[    0.098632] WARNING: CPU: 0 PID: 1 at arch/arm/mach-omap2/dpll3xxx.c:436 omap3_noncore_dpll_enable+0xe4/0x104()
[    0.098632] Modules linked in:
[    0.098663] CPU: 0 PID: 1 Comm: swapper/0 Tainted: G        W       3.19.0-rc7-next-20150203-00002-g037e6a2fa459 #1
[    0.098663] Hardware name: Generic OMAP36xx (Flattened Device Tree)
[    0.098693] [<c02159bc>] (unwind_backtrace) from [<c0211444>] (show_stack+0x10/0x14)
[    0.098724] [<c0211444>] (show_stack) from [<c092e390>] (dump_stack+0x70/0x8c)
[    0.098724] [<c092e390>] (dump_stack) from [<c0247204>] (warn_slowpath_common+0x74/0xac)
[    0.098754] [<c0247204>] (warn_slowpath_common) from [<c0247258>] (warn_slowpath_null+0x1c/0x24)
[    0.098785] [<c0247258>] (warn_slowpath_null) from [<c023ace4>] (omap3_noncore_dpll_enable+0xe4/0x104)
[    0.098785] [<c023ace4>] (omap3_noncore_dpll_enable) from [<c07f36c0>] (clk_core_enable+0x64/0x98)
[    0.098815] [<c07f36c0>] (clk_core_enable) from [<c07f36a0>] (clk_core_enable+0x44/0x98)
[    0.098815] ---[ end trace cb88537fdc8fa20e ]---
[    0.098907] ------------[ cut here ]------------
[    0.098937] WARNING: CPU: 0 PID: 1 at arch/arm/mach-omap2/dpll3xxx.c:436 omap3_noncore_dpll_enable+0xe4/0x104()
[    0.098937] Modules linked in:
[    0.098968] CPU: 0 PID: 1 Comm: swapper/0 Tainted: G        W       3.19.0-rc7-next-20150203-00002-g037e6a2fa459 #1
[    0.098968] Hardware name: Generic OMAP36xx (Flattened Device Tree)
[    0.098999] [<c02159bc>] (unwind_backtrace) from [<c0211444>] (show_stack+0x10/0x14)
[    0.098999] [<c0211444>] (show_stack) from [<c092e390>] (dump_stack+0x70/0x8c)
[    0.099029] [<c092e390>] (dump_stack) from [<c0247204>] (warn_slowpath_common+0x74/0xac)
[    0.099060] [<c0247204>] (warn_slowpath_common) from [<c0247258>] (warn_slowpath_null+0x1c/0x24)
[    0.099090] [<c0247258>] (warn_slowpath_null) from [<c023ace4>] (omap3_noncore_dpll_enable+0xe4/0x104)
[    0.099090] [<c023ace4>] (omap3_noncore_dpll_enable) from [<c07f36c0>] (clk_core_enable+0x64/0x98)
[    0.099121] [<c07f36c0>] (clk_core_enable) from [<c07f36a0>] (clk_core_enable+0x44/0x98)
[    0.099121] ---[ end trace cb88537fdc8fa20f ]---
[    0.099182] ------------[ cut here ]------------
[    0.099212] WARNING: CPU: 0 PID: 1 at arch/arm/mach-omap2/dpll3xxx.c:436 omap3_noncore_dpll_enable+0xe4/0x104()
[    0.099212] Modules linked in:
[    0.099243] CPU: 0 PID: 1 Comm: swapper/0 Tainted: G        W       3.19.0-rc7-next-20150203-00002-g037e6a2fa459 #1
[    0.099243] Hardware name: Generic OMAP36xx (Flattened Device Tree)
[    0.099273] [<c02159bc>] (unwind_backtrace) from [<c0211444>] (show_stack+0x10/0x14)
[    0.099273] [<c0211444>] (show_stack) from [<c092e390>] (dump_stack+0x70/0x8c)
[    0.099304] [<c092e390>] (dump_stack) from [<c0247204>] (warn_slowpath_common+0x74/0xac)
[    0.099334] [<c0247204>] (warn_slowpath_common) from [<c0247258>] (warn_slowpath_null+0x1c/0x24)
[    0.099334] [<c0247258>] (warn_slowpath_null) from [<c023ace4>] (omap3_noncore_dpll_enable+0xe4/0x104)
[    0.099365] [<c023ace4>] (omap3_noncore_dpll_enable) from [<c07f36c0>] (clk_core_enable+0x64/0x98)
[    0.099395] [<c07f36c0>] (clk_core_enable) from [<c07f36a0>] (clk_core_enable+0x44/0x98)
[    0.099395] ---[ end trace cb88537fdc8fa210 ]---
[    0.099456] ------------[ cut here ]------------
[    0.099487] WARNING: CPU: 0 PID: 1 at arch/arm/mach-omap2/dpll3xxx.c:436 omap3_noncore_dpll_enable+0xe4/0x104()
[    0.099487] Modules linked in:
[    0.099487] CPU: 0 PID: 1 Comm: swapper/0 Tainted: G        W       3.19.0-rc7-next-20150203-00002-g037e6a2fa459 #1
[    0.099517] Hardware name: Generic OMAP36xx (Flattened Device Tree)
[    0.099517] [<c02159bc>] (unwind_backtrace) from [<c0211444>] (show_stack+0x10/0x14)
[    0.099548] [<c0211444>] (show_stack) from [<c092e390>] (dump_stack+0x70/0x8c)
[    0.099578] [<c092e390>] (dump_stack) from [<c0247204>] (warn_slowpath_common+0x74/0xac)
[    0.099609] [<c0247204>] (warn_slowpath_common) from [<c0247258>] (warn_slowpath_null+0x1c/0x24)
[    0.099609] [<c0247258>] (warn_slowpath_null) from [<c023ace4>] (omap3_noncore_dpll_enable+0xe4/0x104)
[    0.099639] [<c023ace4>] (omap3_noncore_dpll_enable) from [<c07f36c0>] (clk_core_enable+0x64/0x98)
[    0.099670] [<c07f36c0>] (clk_core_enable) from [<c07f36a0>] (clk_core_enable+0x44/0x98)
[    0.099670] ---[ end trace cb88537fdc8fa211 ]---
[    0.099731] ------------[ cut here ]------------
[    0.099731] WARNING: CPU: 0 PID: 1 at arch/arm/mach-omap2/dpll3xxx.c:436 omap3_noncore_dpll_enable+0xe4/0x104()
[    0.099761] Modules linked in:
[    0.099761] CPU: 0 PID: 1 Comm: swapper/0 Tainted: G        W       3.19.0-rc7-next-20150203-00002-g037e6a2fa459 #1
[    0.099792] Hardware name: Generic OMAP36xx (Flattened Device Tree)
[    0.099792] [<c02159bc>] (unwind_backtrace) from [<c0211444>] (show_stack+0x10/0x14)
[    0.099822] [<c0211444>] (show_stack) from [<c092e390>] (dump_stack+0x70/0x8c)
[    0.099853] [<c092e390>] (dump_stack) from [<c0247204>] (warn_slowpath_common+0x74/0xac)
[    0.099853] [<c0247204>] (warn_slowpath_common) from [<c0247258>] (warn_slowpath_null+0x1c/0x24)
[    0.099884] [<c0247258>] (warn_slowpath_null) from [<c023ace4>] (omap3_noncore_dpll_enable+0xe4/0x104)
[    0.099914] [<c023ace4>] (omap3_noncore_dpll_enable) from [<c07f36c0>] (clk_core_enable+0x64/0x98)
[    0.099914] [<c07f36c0>] (clk_core_enable) from [<c07f36a0>] (clk_core_enable+0x44/0x98)
[    0.099945] ---[ end trace cb88537fdc8fa212 ]---
[    0.100006] ------------[ cut here ]------------
[    0.100006] WARNING: CPU: 0 PID: 1 at arch/arm/mach-omap2/dpll3xxx.c:436 omap3_noncore_dpll_enable+0xe4/0x104()
[    0.100036] Modules linked in:
[    0.100036] CPU: 0 PID: 1 Comm: swapper/0 Tainted: G        W       3.19.0-rc7-next-20150203-00002-g037e6a2fa459 #1
[    0.100036] Hardware name: Generic OMAP36xx (Flattened Device Tree)
[    0.100067] [<c02159bc>] (unwind_backtrace) from [<c0211444>] (show_stack+0x10/0x14)
[    0.100097] [<c0211444>] (show_stack) from [<c092e390>] (dump_stack+0x70/0x8c)
[    0.100128] [<c092e390>] (dump_stack) from [<c0247204>] (warn_slowpath_common+0x74/0xac)
[    0.100128] [<c0247204>] (warn_slowpath_common) from [<c0247258>] (warn_slowpath_null+0x1c/0x24)
[    0.100158] [<c0247258>] (warn_slowpath_null) from [<c023ace4>] (omap3_noncore_dpll_enable+0xe4/0x104)
[    0.100189] [<c023ace4>] (omap3_noncore_dpll_enable) from [<c07f36c0>] (clk_core_enable+0x64/0x98)
[    0.100189] [<c07f36c0>] (clk_core_enable) from [<c07f36a0>] (clk_core_enable+0x44/0x98)
[    0.100219] ---[ end trace cb88537fdc8fa213 ]---
[    0.100280] ------------[ cut here ]------------
[    0.100311] WARNING: CPU: 0 PID: 1 at arch/arm/mach-omap2/dpll3xxx.c:436 omap3_noncore_dpll_enable+0xe4/0x104()
[    0.100311] Modules linked in:
[    0.100311] CPU: 0 PID: 1 Comm: swapper/0 Tainted: G        W       3.19.0-rc7-next-20150203-00002-g037e6a2fa459 #1
[    0.100341] Hardware name: Generic OMAP36xx (Flattened Device Tree)
[    0.100372] [<c02159bc>] (unwind_backtrace) from [<c0211444>] (show_stack+0x10/0x14)
[    0.100372] [<c0211444>] (show_stack) from [<c092e390>] (dump_stack+0x70/0x8c)
[    0.100402] [<c092e390>] (dump_stack) from [<c0247204>] (warn_slowpath_common+0x74/0xac)
[    0.100433] [<c0247204>] (warn_slowpath_common) from [<c0247258>] (warn_slowpath_null+0x1c/0x24)
[    0.100433] [<c0247258>] (warn_slowpath_null) from [<c023ace4>] (omap3_noncore_dpll_enable+0xe4/0x104)
[    0.100463] [<c023ace4>] (omap3_noncore_dpll_enable) from [<c07f36c0>] (clk_core_enable+0x64/0x98)
[    0.100494] [<c07f36c0>] (clk_core_enable) from [<c07f36a0>] (clk_core_enable+0x44/0x98)
[    0.100494] ---[ end trace cb88537fdc8fa214 ]---
[    0.100555] ------------[ cut here ]------------
[    0.100585] WARNING: CPU: 0 PID: 1 at arch/arm/mach-omap2/dpll3xxx.c:436 omap3_noncore_dpll_enable+0xe4/0x104()
[    0.100585] Modules linked in:
[    0.100616] CPU: 0 PID: 1 Comm: swapper/0 Tainted: G        W       3.19.0-rc7-next-20150203-00002-g037e6a2fa459 #1
[    0.100616] Hardware name: Generic OMAP36xx (Flattened Device Tree)
[    0.100646] [<c02159bc>] (unwind_backtrace) from [<c0211444>] (show_stack+0x10/0x14)
[    0.100646] [<c0211444>] (show_stack) from [<c092e390>] (dump_stack+0x70/0x8c)
[    0.100677] [<c092e390>] (dump_stack) from [<c0247204>] (warn_slowpath_common+0x74/0xac)
[    0.100708] [<c0247204>] (warn_slowpath_common) from [<c0247258>] (warn_slowpath_null+0x1c/0x24)
[    0.100708] [<c0247258>] (warn_slowpath_null) from [<c023ace4>] (omap3_noncore_dpll_enable+0xe4/0x104)
[    0.100738] [<c023ace4>] (omap3_noncore_dpll_enable) from [<c07f36c0>] (clk_core_enable+0x64/0x98)
[    0.100769] [<c07f36c0>] (clk_core_enable) from [<c07f36a0>] (clk_core_enable+0x44/0x98)
[    0.100769] ---[ end trace cb88537fdc8fa215 ]---
[    0.125793] ------------[ cut here ]------------
[    0.125823] WARNING: CPU: 0 PID: 1 at arch/arm/mach-omap2/dpll3xxx.c:436 omap3_noncore_dpll_enable+0xe4/0x104()
[    0.125854] Modules linked in:
[    0.125854] CPU: 0 PID: 1 Comm: swapper/0 Tainted: G        W       3.19.0-rc7-next-20150203-00002-g037e6a2fa459 #1
[    0.125885] Hardware name: Generic OMAP36xx (Flattened Device Tree)
[    0.125885] [<c02159bc>] (unwind_backtrace) from [<c0211444>] (show_stack+0x10/0x14)
[    0.125915] [<c0211444>] (show_stack) from [<c092e390>] (dump_stack+0x70/0x8c)
[    0.125946] [<c092e390>] (dump_stack) from [<c0247204>] (warn_slowpath_common+0x74/0xac)
[    0.125976] [<c0247204>] (warn_slowpath_common) from [<c0247258>] (warn_slowpath_null+0x1c/0x24)
[    0.125976] [<c0247258>] (warn_slowpath_null) from [<c023ace4>] (omap3_noncore_dpll_enable+0xe4/0x104)
[    0.126007] [<c023ace4>] (omap3_noncore_dpll_enable) from [<c07f36c0>] (clk_core_enable+0x64/0x98)
[    0.126037] [<c07f36c0>] (clk_core_enable) from [<c07f36a0>] (clk_core_enable+0x44/0x98)
[    0.126037] ---[ end trace cb88537fdc8fa216 ]---
[    0.126098] ------------[ cut here ]------------
[    0.126129] WARNING: CPU: 0 PID: 1 at arch/arm/mach-omap2/dpll3xxx.c:436 omap3_noncore_dpll_enable+0xe4/0x104()
[    0.126129] Modules linked in:
[    0.126129] CPU: 0 PID: 1 Comm: swapper/0 Tainted: G        W       3.19.0-rc7-next-20150203-00002-g037e6a2fa459 #1
[    0.126159] Hardware name: Generic OMAP36xx (Flattened Device Tree)
[    0.126159] [<c02159bc>] (unwind_backtrace) from [<c0211444>] (show_stack+0x10/0x14)
[    0.126190] [<c0211444>] (show_stack) from [<c092e390>] (dump_stack+0x70/0x8c)
[    0.126220] [<c092e390>] (dump_stack) from [<c0247204>] (warn_slowpath_common+0x74/0xac)
[    0.126251] [<c0247204>] (warn_slowpath_common) from [<c0247258>] (warn_slowpath_null+0x1c/0x24)
[    0.126251] [<c0247258>] (warn_slowpath_null) from [<c023ace4>] (omap3_noncore_dpll_enable+0xe4/0x104)
[    0.126281] [<c023ace4>] (omap3_noncore_dpll_enable) from [<c07f36c0>] (clk_core_enable+0x64/0x98)
[    0.126312] [<c07f36c0>] (clk_core_enable) from [<c07f36a0>] (clk_core_enable+0x44/0x98)
[    0.126312] ---[ end trace cb88537fdc8fa217 ]---
[    0.126342] ------------[ cut here ]------------
[    0.126373] WARNING: CPU: 0 PID: 1 at arch/arm/mach-omap2/dpll3xxx.c:436 omap3_noncore_dpll_enable+0xe4/0x104()
[    0.126373] Modules linked in:
[    0.126403] CPU: 0 PID: 1 Comm: swapper/0 Tainted: G        W       3.19.0-rc7-next-20150203-00002-g037e6a2fa459 #1
[    0.126403] Hardware name: Generic OMAP36xx (Flattened Device Tree)
[    0.126434] [<c02159bc>] (unwind_backtrace) from [<c0211444>] (show_stack+0x10/0x14)
[    0.126464] [<c0211444>] (show_stack) from [<c092e390>] (dump_stack+0x70/0x8c)
[    0.126464] [<c092e390>] (dump_stack) from [<c0247204>] (warn_slowpath_common+0x74/0xac)
[    0.126495] [<c0247204>] (warn_slowpath_common) from [<c0247258>] (warn_slowpath_null+0x1c/0x24)
[    0.126525] [<c0247258>] (warn_slowpath_null) from [<c023ace4>] (omap3_noncore_dpll_enable+0xe4/0x104)
[    0.126525] [<c023ace4>] (omap3_noncore_dpll_enable) from [<c07f36c0>] (clk_core_enable+0x64/0x98)
[    0.126556] [<c07f36c0>] (clk_core_enable) from [<c07f36a0>] (clk_core_enable+0x44/0x98)
[    0.126556] ---[ end trace cb88537fdc8fa218 ]---
[    0.126617] ------------[ cut here ]------------
[    0.126647] WARNING: CPU: 0 PID: 1 at arch/arm/mach-omap2/dpll3xxx.c:436 omap3_noncore_dpll_enable+0xe4/0x104()
[    0.126647] Modules linked in:
[    0.126678] CPU: 0 PID: 1 Comm: swapper/0 Tainted: G        W       3.19.0-rc7-next-20150203-00002-g037e6a2fa459 #1
[    0.126678] Hardware name: Generic OMAP36xx (Flattened Device Tree)
[    0.126708] [<c02159bc>] (unwind_backtrace) from [<c0211444>] (show_stack+0x10/0x14)
[    0.126739] [<c0211444>] (show_stack) from [<c092e390>] (dump_stack+0x70/0x8c)
[    0.126739] [<c092e390>] (dump_stack) from [<c0247204>] (warn_slowpath_common+0x74/0xac)
[    0.126770] [<c0247204>] (warn_slowpath_common) from [<c0247258>] (warn_slowpath_null+0x1c/0x24)
[    0.126800] [<c0247258>] (warn_slowpath_null) from [<c023ace4>] (omap3_noncore_dpll_enable+0xe4/0x104)
[    0.126800] [<c023ace4>] (omap3_noncore_dpll_enable) from [<c07f36c0>] (clk_core_enable+0x64/0x98)
[    0.126831] [<c07f36c0>] (clk_core_enable) from [<c07f36a0>] (clk_core_enable+0x44/0x98)
[    0.126831] ---[ end trace cb88537fdc8fa219 ]---
[    0.126892] ------------[ cut here ]------------
[    0.126922] WARNING: CPU: 0 PID: 1 at arch/arm/mach-omap2/dpll3xxx.c:436 omap3_noncore_dpll_enable+0xe4/0x104()
[    0.126922] Modules linked in:
[    0.126922] CPU: 0 PID: 1 Comm: swapper/0 Tainted: G        W       3.19.0-rc7-next-20150203-00002-g037e6a2fa459 #1
[    0.126953] Hardware name: Generic OMAP36xx (Flattened Device Tree)
[    0.126983] [<c02159bc>] (unwind_backtrace) from [<c0211444>] (show_stack+0x10/0x14)
[    0.126983] [<c0211444>] (show_stack) from [<c092e390>] (dump_stack+0x70/0x8c)
[    0.127014] [<c092e390>] (dump_stack) from [<c0247204>] (warn_slowpath_common+0x74/0xac)
[    0.127044] [<c0247204>] (warn_slowpath_common) from [<c0247258>] (warn_slowpath_null+0x1c/0x24)
[    0.127044] [<c0247258>] (warn_slowpath_null) from [<c023ace4>] (omap3_noncore_dpll_enable+0xe4/0x104)
[    0.127075] [<c023ace4>] (omap3_noncore_dpll_enable) from [<c07f36c0>] (clk_core_enable+0x64/0x98)
[    0.127105] [<c07f36c0>] (clk_core_enable) from [<c07f36a0>] (clk_core_enable+0x44/0x98)
[    0.127105] ---[ end trace cb88537fdc8fa21a ]---
[    0.140533] ------------[ cut here ]------------
[    0.140563] WARNING: CPU: 0 PID: 1 at arch/arm/mach-omap2/dpll3xxx.c:436 omap3_noncore_dpll_enable+0xe4/0x104()
[    0.140563] Modules linked in:
[    0.140563] CPU: 0 PID: 1 Comm: swapper/0 Tainted: G        W       3.19.0-rc7-next-20150203-00002-g037e6a2fa459 #1
[    0.140594] Hardware name: Generic OMAP36xx (Flattened Device Tree)
[    0.140624] [<c02159bc>] (unwind_backtrace) from [<c0211444>] (show_stack+0x10/0x14)
[    0.140624] [<c0211444>] (show_stack) from [<c092e390>] (dump_stack+0x70/0x8c)
[    0.140655] [<c092e390>] (dump_stack) from [<c0247204>] (warn_slowpath_common+0x74/0xac)
[    0.140686] [<c0247204>] (warn_slowpath_common) from [<c0247258>] (warn_slowpath_null+0x1c/0x24)
[    0.140686] [<c0247258>] (warn_slowpath_null) from [<c023ace4>] (omap3_noncore_dpll_enable+0xe4/0x104)
[    0.140716] [<c023ace4>] (omap3_noncore_dpll_enable) from [<c07f36c0>] (clk_core_enable+0x64/0x98)
[    0.140747] [<c07f36c0>] (clk_core_enable) from [<c07f36a0>] (clk_core_enable+0x44/0x98)
[    0.140747] ---[ end trace cb88537fdc8fa21b ]---
[    0.140808] ------------[ cut here ]------------
[    0.140808] WARNING: CPU: 0 PID: 1 at arch/arm/mach-omap2/dpll3xxx.c:436 omap3_noncore_dpll_enable+0xe4/0x104()
[    0.140838] Modules linked in:
[    0.140838] CPU: 0 PID: 1 Comm: swapper/0 Tainted: G        W       3.19.0-rc7-next-20150203-00002-g037e6a2fa459 #1
[    0.140869] Hardware name: Generic OMAP36xx (Flattened Device Tree)
[    0.140869] [<c02159bc>] (unwind_backtrace) from [<c0211444>] (show_stack+0x10/0x14)
[    0.140899] [<c0211444>] (show_stack) from [<c092e390>] (dump_stack+0x70/0x8c)
[    0.140930] [<c092e390>] (dump_stack) from [<c0247204>] (warn_slowpath_common+0x74/0xac)
[    0.140930] [<c0247204>] (warn_slowpath_common) from [<c0247258>] (warn_slowpath_null+0x1c/0x24)
[    0.140960] [<c0247258>] (warn_slowpath_null) from [<c023ace4>] (omap3_noncore_dpll_enable+0xe4/0x104)
[    0.140991] [<c023ace4>] (omap3_noncore_dpll_enable) from [<c07f36c0>] (clk_core_enable+0x64/0x98)
[    0.141021] [<c07f36c0>] (clk_core_enable) from [<c07f36a0>] (clk_core_enable+0x44/0x98)
[    0.141021] ---[ end trace cb88537fdc8fa21c ]---
[    0.141052] ------------[ cut here ]------------
[    0.141082] WARNING: CPU: 0 PID: 1 at arch/arm/mach-omap2/dpll3xxx.c:436 omap3_noncore_dpll_enable+0xe4/0x104()
[    0.141082] Modules linked in:
[    0.141113] CPU: 0 PID: 1 Comm: swapper/0 Tainted: G        W       3.19.0-rc7-next-20150203-00002-g037e6a2fa459 #1
[    0.141113] Hardware name: Generic OMAP36xx (Flattened Device Tree)
[    0.141143] [<c02159bc>] (unwind_backtrace) from [<c0211444>] (show_stack+0x10/0x14)
[    0.141174] [<c0211444>] (show_stack) from [<c092e390>] (dump_stack+0x70/0x8c)
[    0.141174] [<c092e390>] (dump_stack) from [<c0247204>] (warn_slowpath_common+0x74/0xac)
[    0.141204] [<c0247204>] (warn_slowpath_common) from [<c0247258>] (warn_slowpath_null+0x1c/0x24)
[    0.141235] [<c0247258>] (warn_slowpath_null) from [<c023ace4>] (omap3_noncore_dpll_enable+0xe4/0x104)
[    0.141235] [<c023ace4>] (omap3_noncore_dpll_enable) from [<c07f36c0>] (clk_core_enable+0x64/0x98)
[    0.141265] [<c07f36c0>] (clk_core_enable) from [<c07f36a0>] (clk_core_enable+0x44/0x98)
[    0.141296] ---[ end trace cb88537fdc8fa21d ]---
[    0.141326] ------------[ cut here ]------------
[    0.141357] WARNING: CPU: 0 PID: 1 at arch/arm/mach-omap2/dpll3xxx.c:436 omap3_noncore_dpll_enable+0xe4/0x104()
[    0.141357] Modules linked in:
[    0.141387] CPU: 0 PID: 1 Comm: swapper/0 Tainted: G        W       3.19.0-rc7-next-20150203-00002-g037e6a2fa459 #1
[    0.141387] Hardware name: Generic OMAP36xx (Flattened Device Tree)
[    0.141418] [<c02159bc>] (unwind_backtrace) from [<c0211444>] (show_stack+0x10/0x14)
[    0.141418] [<c0211444>] (show_stack) from [<c092e390>] (dump_stack+0x70/0x8c)
[    0.141448] [<c092e390>] (dump_stack) from [<c0247204>] (warn_slowpath_common+0x74/0xac)
[    0.141479] [<c0247204>] (warn_slowpath_common) from [<c0247258>] (warn_slowpath_null+0x1c/0x24)
[    0.141479] [<c0247258>] (warn_slowpath_null) from [<c023ace4>] (omap3_noncore_dpll_enable+0xe4/0x104)
[    0.141510] [<c023ace4>] (omap3_noncore_dpll_enable) from [<c07f36c0>] (clk_core_enable+0x64/0x98)
[    0.141540] [<c07f36c0>] (clk_core_enable) from [<c07f36a0>] (clk_core_enable+0x44/0x98)
[    0.141540] ---[ end trace cb88537fdc8fa21e ]---
[    0.146270] pinctrl core: initialized pinctrl subsystem
[    0.178588] NET: Registered protocol family 16
[    0.181854] DMA: preallocated 256 KiB pool for atomic coherent allocations
[    0.184631] cpuidle: using governor ladder
[    0.184661] cpuidle: using governor menu
[    0.191223] Reprogramming SDRC clock to 400000000 Hz
[    0.196990] omap_gpio 48310000.gpio: could not find pctldev for node /ocp/pinmux@48002a00/pinmux_gpio1_pins, deferring probe
[    0.197021] platform 48310000.gpio: Driver omap_gpio requests probe deferral
[    0.198059] OMAP GPIO hardware version 2.5
[    0.202880] irq: no irq domain found for /ocp/pinmux@48002030 !
[    0.215362] omap-gpmc 6e000000.gpmc: GPMC revision 5.0
[    0.216674] platform 48058000.ssi-controller: Cannot lookup hwmod 'ssi'
[    0.220123] of_amba_device_create(): amba_device_add() failed (-19) for /etb@5401b000
[    0.220245] of_amba_device_create(): amba_device_add() failed (-19) for /etm@54010000
[    0.222351] No ATAGs?
[    0.222381] hw-breakpoint: debug architecture 0x4 unsupported.
[    0.224822] OMAP DMA hardware revision 5.0
[    0.229309] Serial: AMBA PL011 UART driver
[    0.266601] omap-dma-engine 48056000.dma-controller: OMAP DMA engine driver
[    0.267425] platform hsusb2_power_reg: Driver reg-fixed-voltage requests probe deferral
[    0.271850] vgaarb: loaded
[    0.272949] SCSI subsystem initialized
[    0.273742] usbcore: registered new interface driver usbfs
[    0.273864] usbcore: registered new interface driver hub
[    0.273956] usbcore: registered new device driver usb
[    0.274719] platform hsusb2_phy: Driver usb_phy_generic requests probe deferral
[    0.275756] ------------[ cut here ]------------
[    0.275787] WARNING: CPU: 0 PID: 1 at arch/arm/mach-omap2/dpll3xxx.c:436 omap3_noncore_dpll_enable+0xe4/0x104()
[    0.275817] Modules linked in:
[    0.275848] CPU: 0 PID: 1 Comm: swapper/0 Tainted: G        W       3.19.0-rc7-next-20150203-00002-g037e6a2fa459 #1
[    0.275848] Hardware name: Generic OMAP36xx (Flattened Device Tree)
[    0.275878] [<c02159bc>] (unwind_backtrace) from [<c0211444>] (show_stack+0x10/0x14)
[    0.275909] [<c0211444>] (show_stack) from [<c092e390>] (dump_stack+0x70/0x8c)
[    0.275939] [<c092e390>] (dump_stack) from [<c0247204>] (warn_slowpath_common+0x74/0xac)
[    0.275970] [<c0247204>] (warn_slowpath_common) from [<c0247258>] (warn_slowpath_null+0x1c/0x24)
[    0.276000] [<c0247258>] (warn_slowpath_null) from [<c023ace4>] (omap3_noncore_dpll_enable+0xe4/0x104)
[    0.276031] [<c023ace4>] (omap3_noncore_dpll_enable) from [<c07f36c0>] (clk_core_enable+0x64/0x98)
[    0.276031] [<c07f36c0>] (clk_core_enable) from [<c07f36a0>] (clk_core_enable+0x44/0x98)
[    0.276062] ---[ end trace cb88537fdc8fa21f ]---
[    0.276885] omap_i2c 48070000.i2c: bus 0 rev4.4 at 2600 kHz
[    0.277557] omap_i2c 48072000.i2c: bus 1 rev4.4 at 400 kHz
[    0.278198] omap_i2c 48060000.i2c: bus 2 rev4.4 at 100 kHz
[    0.279205] Linux video capture interface: v2.00
[    0.279266] pps_core: LinuxPPS API ver. 1 registered
[    0.279296] pps_core: Software ver. 5.3.6 - Copyright 2005-2007 Rodolfo Giometti <giometti@linux.it>
[    0.279327] PTP clock support registered
[    0.279693] EDAC MC: Ver: 3.0.0
[    0.280639] Advanced Linux Sound Architecture Driver Initialized.
[    0.282440] Switched to clocksource 32k_counter
[    0.297851] ------------[ cut here ]------------
[    0.297912] WARNING: CPU: 0 PID: 1 at arch/arm/mach-omap2/dpll3xxx.c:436 omap3_noncore_dpll_enable+0xe4/0x104()
[    0.297912] Modules linked in:
[    0.297943] CPU: 0 PID: 1 Comm: swapper/0 Tainted: G        W       3.19.0-rc7-next-20150203-00002-g037e6a2fa459 #1
[    0.297943] Hardware name: Generic OMAP36xx (Flattened Device Tree)
[    0.298004] [<c02159bc>] (unwind_backtrace) from [<c0211444>] (show_stack+0x10/0x14)
[    0.298034] [<c0211444>] (show_stack) from [<c092e390>] (dump_stack+0x70/0x8c)
[    0.298065] [<c092e390>] (dump_stack) from [<c0247204>] (warn_slowpath_common+0x74/0xac)
[    0.298095] [<c0247204>] (warn_slowpath_common) from [<c0247258>] (warn_slowpath_null+0x1c/0x24)
[    0.298095] [<c0247258>] (warn_slowpath_null) from [<c023ace4>] (omap3_noncore_dpll_enable+0xe4/0x104)
[    0.298126] [<c023ace4>] (omap3_noncore_dpll_enable) from [<c07f36c0>] (clk_core_enable+0x64/0x98)
[    0.298156] [<c07f36c0>] (clk_core_enable) from [<c07f36a0>] (clk_core_enable+0x44/0x98)
[    0.298156] ---[ end trace cb88537fdc8fa220 ]---
[    0.298919] NET: Registered protocol family 2
[    0.299774] TCP established hash table entries: 4096 (order: 2, 16384 bytes)
[    0.299865] TCP bind hash table entries: 4096 (order: 3, 32768 bytes)
[    0.299957] TCP: Hash tables configured (established 4096 bind 4096)
[    0.300018] TCP: reno registered
[    0.300048] UDP hash table entries: 256 (order: 1, 8192 bytes)
[    0.300079] UDP-Lite hash table entries: 256 (order: 1, 8192 bytes)
[    0.300292] NET: Registered protocol family 1
[    0.300811] RPC: Registered named UNIX socket transport module.
[    0.300811] RPC: Registered udp transport module.
[    0.300842] RPC: Registered tcp transport module.
[    0.300842] RPC: Registered tcp NFSv4.1 backchannel transport module.
[    0.301239] ------------[ cut here ]------------
[    0.301269] WARNING: CPU: 0 PID: 1 at arch/arm/mach-omap2/dpll3xxx.c:436 omap3_noncore_dpll_enable+0xe4/0x104()
[    0.301269] Modules linked in:
[    0.301300] CPU: 0 PID: 1 Comm: swapper/0 Tainted: G        W       3.19.0-rc7-next-20150203-00002-g037e6a2fa459 #1
[    0.301300] Hardware name: Generic OMAP36xx (Flattened Device Tree)
[    0.301361] [<c02159bc>] (unwind_backtrace) from [<c0211444>] (show_stack+0x10/0x14)
[    0.301391] [<c0211444>] (show_stack) from [<c092e390>] (dump_stack+0x70/0x8c)
[    0.301422] [<c092e390>] (dump_stack) from [<c0247204>] (warn_slowpath_common+0x74/0xac)
[    0.301422] [<c0247204>] (warn_slowpath_common) from [<c0247258>] (warn_slowpath_null+0x1c/0x24)
[    0.301452] [<c0247258>] (warn_slowpath_null) from [<c023ace4>] (omap3_noncore_dpll_enable+0xe4/0x104)
[    0.301483] [<c023ace4>] (omap3_noncore_dpll_enable) from [<c07f36c0>] (clk_core_enable+0x64/0x98)
[    0.301513] [<c07f36c0>] (clk_core_enable) from [<c07f36a0>] (clk_core_enable+0x44/0x98)
[    0.301513] ---[ end trace cb88537fdc8fa221 ]---
[    0.301605] ------------[ cut here ]------------
[    0.301635] WARNING: CPU: 0 PID: 1 at arch/arm/mach-omap2/dpll3xxx.c:436 omap3_noncore_dpll_enable+0xe4/0x104()
[    0.301635] Modules linked in:
[    0.301635] CPU: 0 PID: 1 Comm: swapper/0 Tainted: G        W       3.19.0-rc7-next-20150203-00002-g037e6a2fa459 #1
[    0.301666] Hardware name: Generic OMAP36xx (Flattened Device Tree)
[    0.301696] [<c02159bc>] (unwind_backtrace) from [<c0211444>] (show_stack+0x10/0x14)
[    0.301696] [<c0211444>] (show_stack) from [<c092e390>] (dump_stack+0x70/0x8c)
[    0.301727] [<c092e390>] (dump_stack) from [<c0247204>] (warn_slowpath_common+0x74/0xac)
[    0.301757] [<c0247204>] (warn_slowpath_common) from [<c0247258>] (warn_slowpath_null+0x1c/0x24)
[    0.301757] [<c0247258>] (warn_slowpath_null) from [<c023ace4>] (omap3_noncore_dpll_enable+0xe4/0x104)
[    0.301788] [<c023ace4>] (omap3_noncore_dpll_enable) from [<c07f36c0>] (clk_core_enable+0x64/0x98)
[    0.301818] [<c07f36c0>] (clk_core_enable) from [<c07f36a0>] (clk_core_enable+0x44/0x98)
[    0.301818] ---[ end trace cb88537fdc8fa222 ]---
[    0.301971] ------------[ cut here ]------------
[    0.301971] WARNING: CPU: 0 PID: 1 at arch/arm/mach-omap2/dpll3xxx.c:436 omap3_noncore_dpll_enable+0xe4/0x104()
[    0.302001] Modules linked in:
[    0.302001] CPU: 0 PID: 1 Comm: swapper/0 Tainted: G        W       3.19.0-rc7-next-20150203-00002-g037e6a2fa459 #1
[    0.302032] Hardware name: Generic OMAP36xx (Flattened Device Tree)
[    0.302062] [<c02159bc>] (unwind_backtrace) from [<c0211444>] (show_stack+0x10/0x14)
[    0.302062] [<c0211444>] (show_stack) from [<c092e390>] (dump_stack+0x70/0x8c)
[    0.302093] [<c092e390>] (dump_stack) from [<c0247204>] (warn_slowpath_common+0x74/0xac)
[    0.302124] [<c0247204>] (warn_slowpath_common) from [<c0247258>] (warn_slowpath_null+0x1c/0x24)
[    0.302124] [<c0247258>] (warn_slowpath_null) from [<c023ace4>] (omap3_noncore_dpll_enable+0xe4/0x104)
[    0.302154] [<c023ace4>] (omap3_noncore_dpll_enable) from [<c07f36c0>] (clk_core_enable+0x64/0x98)
[    0.302185] [<c07f36c0>] (clk_core_enable) from [<c07f36a0>] (clk_core_enable+0x44/0x98)
[    0.302185] ---[ end trace cb88537fdc8fa223 ]---
[    0.304595] hw perfevents: enabled with armv7_cortex_a8 PMU driver, 5 counters available
[    0.308380] futex hash table entries: 256 (order: 2, 16384 bytes)
[    0.326080] squashfs: version 4.0 (2009/01/31) Phillip Lougher
[    0.327239] NFS: Registering the id_resolver key type
[    0.327301] Key type id_resolver registered
[    0.327301] Key type id_legacy registered
[    0.327423] ntfs: driver 2.1.31 [Flags: R/O].
[    0.329559] Block layer SCSI generic (bsg) driver version 0.4 loaded (major 249)
[    0.329589] io scheduler noop registered
[    0.329620] io scheduler deadline registered
[    0.329895] io scheduler cfq registered (default)
[    0.336303] pinctrl-single 48002030.pinmux: 284 pins at pa fa002030 size 568
[    0.336639] pinctrl-single 48002a00.pinmux: 46 pins at pa fa002a00 size 92
[    0.337310] pinctrl-single 480025a0.pinmux: 46 pins at pa fa0025a0 size 92
[    0.436828] Serial: 8250/16550 driver, 4 ports, IRQ sharing disabled
[    0.441040] msm_serial: driver initialized
[    0.442077] omap_uart 4806a000.serial: no wakeirq for uart0
[    0.442291] 4806a000.serial: ttyO0 at MMIO 0x4806a000 (irq = 88, base_baud = 3000000) is a OMAP UART0
[    0.443023] omap_uart 4806c000.serial: no wakeirq for uart0
[    0.443206] 4806c000.serial: ttyO1 at MMIO 0x4806c000 (irq = 89, base_baud = 3000000) is a OMAP UART1
[    0.444030] 49020000.serial: ttyO2 at MMIO 0x49020000 (irq = 90, base_baud = 3000000) is a OMAP UART2
[    4.947723] console [ttyO2] enabled
[    4.952270] omap_uart 49042000.serial: no wakeirq for uart0
[    4.958343] 49042000.serial: ttyO3 at MMIO 0x49042000 (irq = 96, base_baud = 3000000) is a OMAP UART3
[    4.968627] STMicroelectronics ASC driver initialized
[    4.976318] [drm] Initialized drm 1.1.0 20060810
[    4.991943] loop: module loaded
[    5.022552] twl 0-0048: PIH (irq 23) chaining IRQs 307..315
[    5.028564] twl 0-0048: power (irq 312) chaining IRQs 315..322
[    5.068237] twl4030_gpio twl4030-gpio: gpio (irq 307) chaining IRQs 323..340
[    5.136901] CAN device driver interface
[    5.143371] igb: Intel(R) Gigabit Ethernet Network Driver - version 5.2.15-k
[    5.150787] igb: Copyright (c) 2007-2014 Intel Corporation.
[    5.160156] pegasus: v0.9.3 (2013/04/25), Pegasus/Pegasus II USB Ethernet driver
[    5.168060] usbcore: registered new interface driver pegasus
[    5.174133] usbcore: registered new interface driver asix
[    5.179901] usbcore: registered new interface driver ax88179_178a
[    5.186401] usbcore: registered new interface driver cdc_ether
[    5.192626] usbcore: registered new interface driver smsc75xx
[    5.198791] usbcore: registered new interface driver smsc95xx
[    5.204925] usbcore: registered new interface driver net1080
[    5.210968] usbcore: registered new interface driver cdc_subset
[    5.217285] usbcore: registered new interface driver zaurus
[    5.223297] usbcore: registered new interface driver cdc_ncm
[    5.231445] ehci_hcd: USB 2.0 'Enhanced' Host Controller (EHCI) Driver
[    5.238342] ehci-pci: EHCI PCI platform driver
[    5.243133] ehci-platform: EHCI generic platform driver
[    5.249053] ehci-omap: OMAP-EHCI Host Controller driver
[    5.255004] ehci-omap 48064800.ehci: Can't get PHY device for port 1: -517
[    5.262298] platform 48064800.ehci: Driver ehci-omap requests probe deferral
[    5.269836] ehci-orion: EHCI orion driver
[    5.274444] SPEAr-ehci: EHCI SPEAr driver
[    5.278961] ehci-st: EHCI STMicroelectronics driver
[    5.284393] ehci-exynos: EHCI EXYNOS driver
[    5.289154] tegra-ehci: Tegra EHCI driver
[    5.293701] ohci_hcd: USB 1.1 'Open' Host Controller (OHCI) Driver
[    5.300262] ohci-pci: OHCI PCI platform driver
[    5.305053] ohci-platform: OHCI generic platform driver
[    5.310913] ohci-omap3: OHCI OMAP3 driver
[    5.315551] ------------[ cut here ]------------
[    5.320434] WARNING: CPU: 0 PID: 1 at arch/arm/mach-omap2/dpll3xxx.c:436 omap3_noncore_dpll_enable+0xe4/0x104()
[    5.330993] Modules linked in:
[    5.334197] CPU: 0 PID: 1 Comm: swapper/0 Tainted: G        W       3.19.0-rc7-next-20150203-00002-g037e6a2fa459 #1
[    5.345123] Hardware name: Generic OMAP36xx (Flattened Device Tree)
[    5.351745] [<c02159bc>] (unwind_backtrace) from [<c0211444>] (show_stack+0x10/0x14)
[    5.359863] [<c0211444>] (show_stack) from [<c092e390>] (dump_stack+0x70/0x8c)
[    5.367431] [<c092e390>] (dump_stack) from [<c0247204>] (warn_slowpath_common+0x74/0xac)
[    5.375915] [<c0247204>] (warn_slowpath_common) from [<c0247258>] (warn_slowpath_null+0x1c/0x24)
[    5.385131] [<c0247258>] (warn_slowpath_null) from [<c023ace4>] (omap3_noncore_dpll_enable+0xe4/0x104)
[    5.394897] [<c023ace4>] (omap3_noncore_dpll_enable) from [<c07f36c0>] (clk_core_enable+0x64/0x98)
[    5.404296] [<c07f36c0>] (clk_core_enable) from [<c07f36a0>] (clk_core_enable+0x44/0x98)
[    5.412780] ---[ end trace cb88537fdc8fa224 ]---
[    5.417724] ohci-omap3 48064400.ohci: OHCI Host Controller
[    5.423553] ohci-omap3 48064400.ohci: new USB bus registered, assigned bus number 1
[    5.431945] ohci-omap3 48064400.ohci: irq 92, io mem 0x48064400
[    5.513885] hub 1-0:1.0: USB hub found
[    5.517974] hub 1-0:1.0: 3 ports detected
[    5.523193] SPEAr-ohci: OHCI SPEAr driver
[    5.527923] ohci-st: OHCI STMicroelectronics driver
[    5.533569] usbcore: registered new interface driver usb-storage
[    5.543457] mousedev: PS/2 mouse device common for all mice
[    5.555786] twl_rtc 48070000.i2c:twl@48:rtc: Power up reset detected.
[    5.562927] twl_rtc 48070000.i2c:twl@48:rtc: Enabling TWL-RTC
[    5.573425] twl_rtc 48070000.i2c:twl@48:rtc: rtc core: registered 48070000.i2c:twl@48 as rtc0
[    5.584411] i2c /dev entries driver
[    5.591735] usbcore: registered new interface driver uvcvideo
[    5.597839] USB Video Class driver (1.1.1)
[    5.602142] gspca_main: v2.14.0 registered
[    5.613952] Driver 'mmcblk' needs updating - please use bus_type methods
[    5.621154] sdhci: Secure Digital Host Controller Interface driver
[    5.627716] sdhci: Copyright(c) Pierre Ossman
[    5.668548] Synopsys Designware Multimedia Card Interface Driver
[    5.676818] sdhci-pltfm: SDHCI platform and OF driver helper
[    5.686157] leds_pwm pwmleds: unable to request PWM for beagleboard::pmu_stat: -517
[    5.694274] platform pwmleds: Driver leds_pwm requests probe deferral
[    5.701324] ledtrig-cpu: registered to indicate activity on CPUs
[    5.708007] usbcore: registered new interface driver usbhid
[    5.713897] usbhid: USB HID core driver
[    5.724578] usbcore: registered new interface driver snd-usb-audio
[    5.736389] TCP: cubic registered
[    5.739959] NET: Registered protocol family 17
[    5.744689] can: controller area network core (rev 20120528 abi 9)
[    5.751312] NET: Registered protocol family 29
[    5.756011] can: raw protocol (rev 20120528)
[    5.760528] can: broadcast manager protocol (rev 20120528 t)
[    5.766510] can: netlink gateway (rev 20130117) max_hops=1
[    5.773040] Key type dns_resolver registered
[    5.777923] omap2_set_init_voltage: unable to find boot up OPP for vdd_mpu_iva
[    5.785522] omap2_set_init_voltage: unable to set vdd_mpu_iva
[    5.791595] omap2_set_init_voltage: unable to find boot up OPP for vdd_core
[    5.798919] omap2_set_init_voltage: unable to set vdd_core
[    5.815155] ThumbEE CPU extension supported.
[    5.819854] Registering SWP/SWPB emulation handler
[    5.927856] ehci-omap 48064800.ehci: EHCI Host Controller
[    5.933746] ehci-omap 48064800.ehci: new USB bus registered, assigned bus number 2
[    5.942352] ehci-omap 48064800.ehci: irq 93, io mem 0x48064800
[    5.957794] ehci-omap 48064800.ehci: USB 2.0 started, EHCI 1.00
[    5.966613] hub 2-0:1.0: USB hub found
[    5.970825] hub 2-0:1.0: 3 ports detected
[    5.979309] leds_pwm pwmleds: unable to request PWM for beagleboard::pmu_stat: -517
[    5.987579] platform pwmleds: Driver leds_pwm requests probe deferral
[    5.998443] input: gpio_keys as /devices/platform/gpio_keys/input/input0
[    6.009277] leds_pwm pwmleds: unable to request PWM for beagleboard::pmu_stat: -517
[    6.017578] platform pwmleds: Driver leds_pwm requests probe deferral
[    6.025543] twl_rtc 48070000.i2c:twl@48:rtc: setting system clock to 2000-01-01 00:00:00 UTC (946684800)
[    6.282836] usb 2-2: new high-speed USB device number 2 using ehci-omap
[    6.422698] hub 2-2:1.0: USB hub found
[    6.427215] hub 2-2:1.0: 5 ports detected
[    6.442199] leds_pwm pwmleds: unable to request PWM for beagleboard::pmu_stat: -517
[    6.450988] platform pwmleds: Driver leds_pwm requests probe deferral
[    6.718353] usb 2-2.1: new high-speed USB device number 3 using ehci-omap
[    6.834777] smsc95xx v1.0.4
[    6.905670] smsc95xx 2-2.1:1.0 eth0: register 'smsc95xx' at usb-48064800.ehci-2.1, smsc95xx USB 2.0 Ethernet, 3a:7d:08:85:14:7b
[    6.923492] leds_pwm pwmleds: unable to request PWM for beagleboard::pmu_stat: -517
[    6.932220] platform pwmleds: Driver leds_pwm requests probe deferral
[    7.126525] smsc95xx 2-2.1:1.0 eth0: hardware isn't capable of remote wakeup
[    7.477722] mmc0: card never left busy state
[    7.482421] mmc0: error -110 whilst initialising SD card
[    8.878326] smsc95xx 2-2.1:1.0 eth0: link up, 100Mbps, full-duplex, lpa 0xC5E1
[    8.892791] Sending DHCP requests ., OK
[    9.948364] IP-Config: Got DHCP answer from 192.168.0.1, my address is 192.168.0.151
[    9.957702] IP-Config: Complete:
[    9.961273]      device=eth0, hwaddr=3a:7d:08:85:14:7b, ipaddr=192.168.0.151, mask=255.255.255.0, gw=192.168.0.1
[    9.972442]      host=192.168.0.151, domain=tim.com, nis-domain=(none)
[    9.979644]      bootserver=192.168.0.1, rootserver=192.168.0.1, rootpath=
[    9.986999]      nameserver0=192.0.2.2, nameserver1=192.0.2.3
[    9.995239] VPLL2: disabling
[    9.999511] VUSB3V1: disabling
[   10.005035] VDAC: disabling
[   10.009307] VAUX3: disabling
[   10.014221] ALSA device list:
[   10.017486]   No soundcards found.
[   10.024688] Waiting for root device PARTUUID=00000000-02...
[   78.881500] random: nonblocking pool is initialized
URL:gtsystest.telogy.design.ti.com/vatf/tigtfarm06/tigtfarm06_vatf@beagleboard1/tigtfarm0602_03_2015_07_10_11/files/session_iteration_1/test_1
