- 03:55:20 [INFO] Starting target session
- 03:55:20 [INFO] Connected to beaglebone-black via serial 
- 03:55:20 [INFO] Host: #check prompt
- 03:55:22 [ERROR] On command: #check prompt waiting for (?-mix:((?-mix:login:)|[Pp]assword)) >>> error: execution expired
- 03:55:22 [INFO] Target: 
#check prompt
root@am335x-evm:/test# 
- 03:55:22 [INFO] Host: #check prompt
- 03:55:23 [INFO] Target: 
#check prompt
root@am335x-evm:/test# 
- 03:55:23 [INFO] Host: sync;poweroff
- 03:55:38 [INFO] Target: 
sync;poweroff


Broadcast message from root@am335x-evm (ttyO0) (Tue May 13 14:26:21 2014):



The system is going down for system halt NOW!


IN%
INIT: root@am335x-evm:/test# Sending processes the TERM signal


INIT: Sending proceStopping Dropbear SSH server: stopped /usr/sbin/dropbear (pid 1209)
dropbear.
Stopping telnet daemon.
Stopping system message bus: Error opening /dev/fb0: No such file or directory
Stopping syslogd/klogd: stopped syslogd (pid 1221)
stopped klogd (pid 1224)
done
Stopping thttpd.
ALSA: Storing mixer settings...
/usr/sbin/alsactl: save_state:1580: No soundcards found...
Deconfiguring network interfaces... done.
Stopping Lighttpd Web Server: stopped /usr/sbin/lighttpd (pid 1236)
lighttpd.
/etc/rc0.d/K96am335x-pm-firmware-load: line 4: /sys/devices/ocp.2/44d00000.wkup_m3/firmware/am335x-pm-firmware.bin/loading: No such file or directory
/etc/rc0.d/K96am335x-pm-firmware-load: line 5: /sys/devices/ocp.2/44d00000.wkup_m3/firmware/am335x-pm-firmware.bin/data: No such file or directory
/etc/rc0.d/K96am335x-pm-firmware-load: line 6: /sys/devices/ocp.2/44d00000.wkup_m3/firmware/am335x-pm-firmware.bin/loading: No such file or directory
Stopping Matrix GUI applicationstart-stop-daemon: warning: killing process 1246: No such process
.
***************************************************************
***************************************************************
NOTICE: This file system contains the followin GPLv3 packages:
	binutils-symlinks
	binutils
	gdbserver

If you do not wish to distribute GPLv3 components please remove
the above packages prior to distribution.  This can be done using
the opkg remove command.  i.e.:
    opkg remove <package>
Where <package> is the name printed in the list above

NOTE: If the package is a dependency of another package you
      will be notified of the dependent packages.  You should
      use the --force-removal-of-dependent-packages option to
      also remove the dependent packages as well
***************************************************************
***************************************************************
Sending all processes the TERM signal...
Sending all processes the KILL signal...
Unmounting remote filesystems...
Deactivating swap...
Unmounting local filesystems...
[ 1309.289860] EXT4-fs (mmcblk0p2): re-mounted. Opts: data=ordered
[ 1311.451036] reboot: System halted

- 03:55:38 [INFO] Disconnected serial from beaglebone-black
- 03:56:15 [INFO] Connected to beaglebone-black via serial 
- 03:56:15 [INFO] Host: 
- 03:56:16 [ERROR] On command:  waiting for (?-mix:U-Boot#) >>> error: execution expired
- 03:56:16 [INFO] Target: 

U-Boot SPL 2014.07-rc2 (May 29 2014 - 18:04:30)

- 03:56:16 [INFO] Host: 
- 03:56:16 [ERROR] On command:  waiting for (?-mix:U-Boot#) >>> error: execution expired
- 03:56:16 [INFO] Target: 
reading u-boot.img
reading u-boot.img


U-Boot 2014.07-rc2 (May 29 2014 - 18:04:30)

I2C:   ready
DRAM:  512 MiB

- 03:56:16 [INFO] Host: 
- 03:56:17 [INFO] Target: 
NAND:  0 MiB
MMC:   OMAP SD/MMC: 0, OMAP SD/MMC: 1
*** Warning - readenv() failed, using default environment

Net:   <ethaddr> not set. Validating first E-fuse MAC
cpsw, usb_ether
Hit any key to stop autoboot:  1  0 
U-Boot# 
- 03:56:17 [INFO] Host: 
- 03:56:17 [INFO] Target: 

U-Boot# 
- 03:56:17 [INFO] Host: version
- 03:56:18 [INFO] Target: 
version

U-Boot 2014.07-rc2 (May 29 2014 - 18:04:30)
arm-linux-gnueabihf-gcc (crosstool-NG linaro-1.13.1-4.7-2013.03-20130313 - Linaro GCC 2013.03) 4.7.3 20130226 (prerelease)
GNU ld (crosstool-NG linaro-1.13.1-4.7-2013.03-20130313 - Linaro GCC 2013.03) 2.23.1
U-Boot# 
- 03:56:18 [INFO] Host: setenv bootargs 'console=ttyO0,115200n8 earlyprintk rootwait '
- 03:56:18 [INFO] Target: 
setenv bootargs 'console=ttyO0,115200n8 earlyprintk rootwait '
U-Boot# 
- 03:56:18 [INFO] Host: setenv bootcmd  ''
- 03:56:19 [INFO] Target: 
setenv bootcmd  ''
U-Boot# 
- 03:56:19 [INFO] Host: setenv autoload 'no'
- 03:56:19 [INFO] Target: 
setenv autoload 'no'
U-Boot# 
- 03:56:19 [INFO] Host: setenv serverip '192.168.0.1'
- 03:56:20 [INFO] Target: 
setenv serverip '192.168.0.1'
U-Boot# 
- 03:56:20 [INFO] Host: printenv
- 03:56:20 [INFO] Target: 
printenv
arch=arm
autoload=no
baudrate=115200
board=am335x
board_name=A335BNLT
board_rev=0A5A
boot_fdt=try
bootargs=console=ttyO0,115200n8 earlyprintk rootwait 
bootcmd=
bootcount=2
bootdelay=1
bootdir=/boot
bootenv=uEnv.txt
bootfile=zImage
bootm_size=0x10000000
bootpart=0:2
console=ttyO0,115200n8
cpu=armv7
dfu_alt_info_emmc=rawemmc mmc 0 3751936
dfu_alt_info_mmc=boot part 0 1;rootfs part 0 2;MLO fat 0 1;MLO.raw mmc 0x100 0x100;u-boot.img.raw mmc 0x300 0x400;spl-os-args.raw mmc 0x80 0x80;spl-os-image.raw mmc 0x900 0x2000;spl-os-args fat 0 1;spl-os-image fat 0 1;u-boot.img fat 0 1;uEnv.txt fat 0 1
dfu_alt_info_nand=SPL part 0 1;SPL.backup1 part 0 2;SPL.backup2 part 0 3;SPL.backup3 part 0 4;u-boot part 0 5;u-boot-spl-os part 0 6;kernel part 0 8;rootfs part 0 9
dfu_alt_info_ram=kernel ram 0x80200000 0xD80000;fdt ram 0x80F80000 0x80000;ramdisk ram 0x81000000 0x4000000
eth1addr=c8:a0:30:a6:4c:b3
ethact=cpsw
ethaddr=c8:a0:30:a6:4c:b1
fdt_addr_r=0x88000000
fdtaddr=0x88000000
fdtfile=undefined
findfdt=if test $board_name = A335BONE; then setenv fdtfile am335x-bone.dtb; fi; if test $board_name = A335BNLT; then setenv fdtfile am335x-boneblack.dtb; fi; if test $board_name = A33515BB; then setenv fdtfile am335x-evm.dtb; fi; if test $board_name = A335X_SK; then setenv fdtfile am335x-evmsk.dtb; fi; if test $fdtfile = undefined; then echo WARNING: Could not determine device tree to use; fi; 
importbootenv=echo Importing environment from mmc ...; env import -t $loadaddr $filesize
kernel_addr_r=0x82000000
loadaddr=0x82000000
loadbootenv=load mmc ${mmcdev} ${loadaddr} ${bootenv}
loadfdt=load mmc ${bootpart} ${fdtaddr} ${bootdir}/${fdtfile}
loadimage=load mmc ${bootpart} ${loadaddr} ${bootdir}/${bootfile}
loadramdisk=load mmc ${mmcdev} ${rdaddr} ramdisk.gz
mmcargs=setenv bootargs console=${console} ${optargs} root=${mmcroot} rootfstype=${mmcrootfstype}
mmcboot=mmc dev ${mmcdev}; if mmc rescan; then echo SD/MMC found on device ${mmcdev};if run loadbootenv; then echo Loaded environment from ${bootenv};run importbootenv;fi;if test -n $uenvcmd; then echo Running uenvcmd ...;run uenvcmd;fi;if run loadimage; then run mmcloados;fi;fi;
mmcdev=0
mmcloados=run mmcargs; if test ${boot_fdt} = yes || test ${boot_fdt} = try; then if run loadfdt; then bootz ${loadaddr} - ${fdtaddr}; else if test ${boot_fdt} = try; then bootz; else echo WARN: Cannot load the DT; fi; fi; else bootz; fi;
mmcroot=/dev/mmcblk0p2 ro
mmcrootfstype=ext4 rootwait
mtdids=nand0=omap2-nand.0
mtdparts=mtdparts=omap2-nand.0:128k(SPL),128k(SPL.backup1),128k(SPL.backup2),128k(SPL.backup3),1792k(u-boot),128k(u-boot-spl-os),128k(u-boot-env),5m(kernel),-(rootfs)
nandargs=setenv bootargs console=${console} ${optargs} root=${nandroot} rootfstype=${nandrootfstype}
nandboot=echo Booting from nand ...; run nandargs; nand read ${fdtaddr} u-boot-spl-os; nand read ${loadaddr} kernel; bootz ${loadaddr} - ${fdtaddr}
nandroot=ubi0:rootfs rw ubi.mtd=7,2048
nandrootfstype=ubifs rootwait=1
netargs=setenv bootargs console=${console} ${optargs} root=/dev/nfs nfsroot=${serverip}:${rootpath},${nfsopts} rw ip=dhcp
netboot=echo Booting from network ...; setenv autoload no; dhcp; tftp ${loadaddr} ${bootfile}; tftp ${fdtaddr} ${fdtfile}; run netargs; bootz ${loadaddr} - ${fdtaddr}
nfsopts=nolock
partitions=uuid_disk=${uuid_gpt_disk};name=rootfs,start=2MiB,size=-,uuid=${uuid_gpt_rootfs}
ramargs=setenv bootargs console=${console} ${optargs} root=${ramroot} rootfstype=${ramrootfstype}
ramboot=echo Booting from ramdisk ...; run ramargs; bootz ${loadaddr} ${rdaddr} ${fdtaddr}
ramdisk_addr_r=0x88080000
ramroot=/dev/ram0 rw
ramrootfstype=ext2
rdaddr=0x88080000
rootpath=/export/rootfs
serverip=192.168.0.1
soc=am33xx
spiargs=setenv bootargs console=${console} ${optargs} root=${spiroot} rootfstype=${spirootfstype}
spiboot=echo Booting from spi ...; run spiargs; sf probe ${spibusno}:0; sf read ${loadaddr} ${spisrcaddr} ${spiimgsize}; bootz ${loadaddr}
spibusno=0
spiimgsize=0x362000
spiroot=/dev/mtdblock4 rw
spirootfstype=jffs2
spisrcaddr=0xe0000
static_ip=${ipaddr}:${serverip}:${gatewayip}:${netmask}:${hostname}::off
stderr=serial
stdin=serial
stdout=serial
usbnet_devaddr=c8:a0:30:a6:4c:b3
vendor=ti
ver=U-Boot 2014.07-rc2 (May 29 2014 - 18:04:30)

Environment size: 4366/131068 bytes
U-Boot# 
- 03:56:20 [INFO] Host: printenv
- 03:56:21 [INFO] Target: 
printenv
arch=arm
autoload=no
baudrate=115200
board=am335x
board_name=A335BNLT
board_rev=0A5A
boot_fdt=try
bootargs=console=ttyO0,115200n8 earlyprintk rootwait 
bootcmd=
bootcount=2
bootdelay=1
bootdir=/boot
bootenv=uEnv.txt
bootfile=zImage
bootm_size=0x10000000
bootpart=0:2
console=ttyO0,115200n8
cpu=armv7
dfu_alt_info_emmc=rawemmc mmc 0 3751936
dfu_alt_info_mmc=boot part 0 1;rootfs part 0 2;MLO fat 0 1;MLO.raw mmc 0x100 0x100;u-boot.img.raw mmc 0x300 0x400;spl-os-args.raw mmc 0x80 0x80;spl-os-image.raw mmc 0x900 0x2000;spl-os-args fat 0 1;spl-os-image fat 0 1;u-boot.img fat 0 1;uEnv.txt fat 0 1
dfu_alt_info_nand=SPL part 0 1;SPL.backup1 part 0 2;SPL.backup2 part 0 3;SPL.backup3 part 0 4;u-boot part 0 5;u-boot-spl-os part 0 6;kernel part 0 8;rootfs part 0 9
dfu_alt_info_ram=kernel ram 0x80200000 0xD80000;fdt ram 0x80F80000 0x80000;ramdisk ram 0x81000000 0x4000000
eth1addr=c8:a0:30:a6:4c:b3
ethact=cpsw
ethaddr=c8:a0:30:a6:4c:b1
fdt_addr_r=0x88000000
fdtaddr=0x88000000
fdtfile=undefined
findfdt=if test $board_name = A335BONE; then setenv fdtfile am335x-bone.dtb; fi; if test $board_name = A335BNLT; then setenv fdtfile am335x-boneblack.dtb; fi; if test $board_name = A33515BB; then setenv fdtfile am335x-evm.dtb; fi; if test $board_name = A335X_SK; then setenv fdtfile am335x-evmsk.dtb; fi; if test $fdtfile = undefined; then echo WARNING: Could not determine device tree to use; fi; 
importbootenv=echo Importing environment from mmc ...; env import -t $loadaddr $filesize
kernel_addr_r=0x82000000
loadaddr=0x82000000
loadbootenv=load mmc ${mmcdev} ${loadaddr} ${bootenv}
loadfdt=load mmc ${bootpart} ${fdtaddr} ${bootdir}/${fdtfile}
loadimage=load mmc ${bootpart} ${loadaddr} ${bootdir}/${bootfile}
loadramdisk=load mmc ${mmcdev} ${rdaddr} ramdisk.gz
mmcargs=setenv bootargs console=${console} ${optargs} root=${mmcroot} rootfstype=${mmcrootfstype}
mmcboot=mmc dev ${mmcdev}; if mmc rescan; then echo SD/MMC found on device ${mmcdev};if run loadbootenv; then echo Loaded environment from ${bootenv};run importbootenv;fi;if test -n $uenvcmd; then echo Running uenvcmd ...;run uenvcmd;fi;if run loadimage; then run mmcloados;fi;fi;
mmcdev=0
mmcloados=run mmcargs; if test ${boot_fdt} = yes || test ${boot_fdt} = try; then if run loadfdt; then bootz ${loadaddr} - ${fdtaddr}; else if test ${boot_fdt} = try; then bootz; else echo WARN: Cannot load the DT; fi; fi; else bootz; fi;
mmcroot=/dev/mmcblk0p2 ro
mmcrootfstype=ext4 rootwait
mtdids=nand0=omap2-nand.0
mtdparts=mtdparts=omap2-nand.0:128k(SPL),128k(SPL.backup1),128k(SPL.backup2),128k(SPL.backup3),1792k(u-boot),128k(u-boot-spl-os),128k(u-boot-env),5m(kernel),-(rootfs)
nandargs=setenv bootargs console=${console} ${optargs} root=${nandroot} rootfstype=${nandrootfstype}
nandboot=echo Booting from nand ...; run nandargs; nand read ${fdtaddr} u-boot-spl-os; nand read ${loadaddr} kernel; bootz ${loadaddr} - ${fdtaddr}
nandroot=ubi0:rootfs rw ubi.mtd=7,2048
nandrootfstype=ubifs rootwait=1
netargs=setenv bootargs console=${console} ${optargs} root=/dev/nfs nfsroot=${serverip}:${rootpath},${nfsopts} rw ip=dhcp
netboot=echo Booting from network ...; setenv autoload no; dhcp; tftp ${loadaddr} ${bootfile}; tftp ${fdtaddr} ${fdtfile}; run netargs; bootz ${loadaddr} - ${fdtaddr}
nfsopts=nolock
partitions=uuid_disk=${uuid_gpt_disk};name=rootfs,start=2MiB,size=-,uuid=${uuid_gpt_rootfs}
ramargs=setenv bootargs console=${console} ${optargs} root=${ramroot} rootfstype=${ramrootfstype}
ramboot=echo Booting from ramdisk ...; run ramargs; bootz ${loadaddr} ${rdaddr} ${fdtaddr}
ramdisk_addr_r=0x88080000
ramroot=/dev/ram0 rw
ramrootfstype=ext2
rdaddr=0x88080000
rootpath=/export/rootfs
serverip=192.168.0.1
soc=am33xx
spiargs=setenv bootargs console=${console} ${optargs} root=${spiroot} rootfstype=${spirootfstype}
spiboot=echo Booting from spi ...; run spiargs; sf probe ${spibusno}:0; sf read ${loadaddr} ${spisrcaddr} ${spiimgsize}; bootz ${loadaddr}
spibusno=0
spiimgsize=0x362000
spiroot=/dev/mtdblock4 rw
spirootfstype=jffs2
spisrcaddr=0xe0000
static_ip=${ipaddr}:${serverip}:${gatewayip}:${netmask}:${hostname}::off
stderr=serial
stdin=serial
stdout=serial
usbnet_devaddr=c8:a0:30:a6:4c:b3
vendor=ti
ver=U-Boot 2014.07-rc2 (May 29 2014 - 18:04:30)

Environment size: 4366/131068 bytes
U-Boot# 
- 03:56:21 [INFO] Host: setenv bootargs ''${bootargs}' ip=dhcp '
- 03:56:21 [INFO] Target: 
setenv bootargs ''${bootargs}' ip=dhcp '
U-Boot# 
- 03:56:21 [INFO] Host: setenv serverip '192.168.0.1'
- 03:56:22 [INFO] Target: 
setenv serverip '192.168.0.1'
U-Boot# 
- 03:56:22 [INFO] Host: setenv ipaddr dhcp
- 03:56:22 [INFO] Target: 
setenv ipaddr dhcp
U-Boot# 
- 03:56:22 [INFO] Host: setenv autoload 'no'
- 03:56:23 [INFO] Target: 
setenv autoload 'no'
U-Boot# 
- 03:56:23 [INFO] Host: dhcp
- 03:56:24 [INFO] Target: 
dhcp
link up on port 0, speed 100, full duplex
BOOTP broadcast 1
DHCP client bound to address 192.168.0.71
U-Boot# 
- 03:56:24 [INFO] Host: setenv serverip '192.168.0.1'
- 03:56:25 [INFO] Target: 
setenv serverip '192.168.0.1'
U-Boot# 
- 03:56:25 [INFO] Host: tftp ${loadaddr} 192.168.0.1:vatf_bbb1/9e34de1617c396613d14f6469a2d8cbe
- 03:56:26 [INFO] Target: 
tftp ${loadaddr} 192.168.0.1:vatf_bbb1/9e34de1617c396613d14f6469a2d8cbe
link up on port 0, speed 100, full duplex
Using cpsw device
TFTP from server 192.168.0.1; our IP address is 192.168.0.71
Filename 'vatf_bbb1/9e34de1617c396613d14f6469a2d8cbe'.
Load address: 0x82000000
Loading: *#################################################################
	 #################################################################
	 #################################################################
	 #################################################################
	 #################################################################
	 ##########
	 4.4 MiB/s
done
Bytes transferred = 4913592 (4af9b8 hex)
U-Boot# 
- 03:56:26 [INFO] Host: tftp ${fdt_addr_r} 192.168.0.1:vatf_bbb1/7ae6a1bb38c93ec00c1a6e2b2d7a3e53
- 03:56:27 [INFO] Target: 
tftp ${fdt_addr_r} 192.168.0.1:vatf_bbb1/7ae6a1bb38c93ec00c1a6e2b2d7a3e53
link up on port 0, speed 100, full duplex
Using cpsw device
TFTP from server 192.168.0.1; our IP address is 192.168.0.71
Filename 'vatf_bbb1/7ae6a1bb38c93ec00c1a6e2b2d7a3e53'.
Load address: 0x88000000
Loading: *##
	 3.5 MiB/s
done
Bytes transferred = 28978 (7132 hex)
U-Boot# 
- 03:56:27 [INFO] Host: ls mmc 0:1
- 03:56:27 [INFO] Target: 
ls mmc 0:1
  2206363   am335x-evm-sk-quickstartguide.pdf 
      140   autorun.inf 
   176621   beaglebone-quickstartguide.pdf 
    82480   mlo 
  2371014   quickstartguide.pdf 
     1164   readme 
   408372   u-boot.img 
            windows_users/
       14   .ipaddr 
        0   pointercal 

9 file(s), 1 dir(s)

U-Boot# 
- 03:56:27 [INFO] Host: ls mmc 0:2
- 03:56:28 [INFO] Target: 
ls mmc 0:2
<DIR>       4096 .
<DIR>       4096 ..
<DIR>       4096 bin
<DIR>       4096 boot
<DIR>       4096 dev
<DIR>       4096 etc
<DIR>       4096 home
<DIR>       4096 lib
<DIR>       4096 media
<DIR>       4096 mnt
<DIR>       4096 opt
<DIR>       4096 proc
<DIR>       4096 sbin
<DIR>       4096 srv
<DIR>       4096 sys
<SYM>          8 tmp
<DIR>       4096 usr
<DIR>       4096 var
<DIR>       4096 www
<SYM>          8 run
<DIR>       4096 Settings
<DIR>       4096 test
U-Boot# 
- 03:56:28 [INFO] Host: part uuid mmc 0:2
- 03:56:28 [INFO] Target: 
part uuid mmc 0:2
00000000-02
U-Boot# 
- 03:56:28 [INFO] Host: printenv
- 03:56:29 [INFO] Target: 
printenv
arch=arm
autoload=no
baudrate=115200
board=am335x
board_name=A335BNLT
board_rev=0A5A
boot_fdt=try
bootargs=console=ttyO0,115200n8 earlyprintk rootwait  ip=dhcp 
bootcmd=
bootcount=2
bootdelay=1
bootdir=/boot
bootenv=uEnv.txt
bootfile=zImage
bootm_size=0x10000000
bootpart=0:2
console=ttyO0,115200n8
cpu=armv7
dfu_alt_info_emmc=rawemmc mmc 0 3751936
dfu_alt_info_mmc=boot part 0 1;rootfs part 0 2;MLO fat 0 1;MLO.raw mmc 0x100 0x100;u-boot.img.raw mmc 0x300 0x400;spl-os-args.raw mmc 0x80 0x80;spl-os-image.raw mmc 0x900 0x2000;spl-os-args fat 0 1;spl-os-image fat 0 1;u-boot.img fat 0 1;uEnv.txt fat 0 1
dfu_alt_info_nand=SPL part 0 1;SPL.backup1 part 0 2;SPL.backup2 part 0 3;SPL.backup3 part 0 4;u-boot part 0 5;u-boot-spl-os part 0 6;kernel part 0 8;rootfs part 0 9
dfu_alt_info_ram=kernel ram 0x80200000 0xD80000;fdt ram 0x80F80000 0x80000;ramdisk ram 0x81000000 0x4000000
dnsip=192.0.2.2
dnsip2=192.0.2.3
eth1addr=c8:a0:30:a6:4c:b3
ethact=cpsw
ethaddr=c8:a0:30:a6:4c:b1
fdt_addr_r=0x88000000
fdtaddr=0x88000000
fdtfile=undefined
fileaddr=88000000
filesize=7132
findfdt=if test $board_name = A335BONE; then setenv fdtfile am335x-bone.dtb; fi; if test $board_name = A335BNLT; then setenv fdtfile am335x-boneblack.dtb; fi; if test $board_name = A33515BB; then setenv fdtfile am335x-evm.dtb; fi; if test $board_name = A335X_SK; then setenv fdtfile am335x-evmsk.dtb; fi; if test $fdtfile = undefined; then echo WARNING: Could not determine device tree to use; fi; 
gatewayip=192.168.0.1
importbootenv=echo Importing environment from mmc ...; env import -t $loadaddr $filesize
ipaddr=192.168.0.71
kernel_addr_r=0x82000000
loadaddr=0x82000000
loadbootenv=load mmc ${mmcdev} ${loadaddr} ${bootenv}
loadfdt=load mmc ${bootpart} ${fdtaddr} ${bootdir}/${fdtfile}
loadimage=load mmc ${bootpart} ${loadaddr} ${bootdir}/${bootfile}
loadramdisk=load mmc ${mmcdev} ${rdaddr} ramdisk.gz
mmcargs=setenv bootargs console=${console} ${optargs} root=${mmcroot} rootfstype=${mmcrootfstype}
mmcboot=mmc dev ${mmcdev}; if mmc rescan; then echo SD/MMC found on device ${mmcdev};if run loadbootenv; then echo Loaded environment from ${bootenv};run importbootenv;fi;if test -n $uenvcmd; then echo Running uenvcmd ...;run uenvcmd;fi;if run loadimage; then run mmcloados;fi;fi;
mmcdev=0
mmcloados=run mmcargs; if test ${boot_fdt} = yes || test ${boot_fdt} = try; then if run loadfdt; then bootz ${loadaddr} - ${fdtaddr}; else if test ${boot_fdt} = try; then bootz; else echo WARN: Cannot load the DT; fi; fi; else bootz; fi;
mmcroot=/dev/mmcblk0p2 ro
mmcrootfstype=ext4 rootwait
mtdids=nand0=omap2-nand.0
mtdparts=mtdparts=omap2-nand.0:128k(SPL),128k(SPL.backup1),128k(SPL.backup2),128k(SPL.backup3),1792k(u-boot),128k(u-boot-spl-os),128k(u-boot-env),5m(kernel),-(rootfs)
nandargs=setenv bootargs console=${console} ${optargs} root=${nandroot} rootfstype=${nandrootfstype}
nandboot=echo Booting from nand ...; run nandargs; nand read ${fdtaddr} u-boot-spl-os; nand read ${loadaddr} kernel; bootz ${loadaddr} - ${fdtaddr}
nandroot=ubi0:rootfs rw ubi.mtd=7,2048
nandrootfstype=ubifs rootwait=1
netargs=setenv bootargs console=${console} ${optargs} root=/dev/nfs nfsroot=${serverip}:${rootpath},${nfsopts} rw ip=dhcp
netboot=echo Booting from network ...; setenv autoload no; dhcp; tftp ${loadaddr} ${bootfile}; tftp ${fdtaddr} ${fdtfile}; run netargs; bootz ${loadaddr} - ${fdtaddr}
netmask=255.255.255.0
nfsopts=nolock
partitions=uuid_disk=${uuid_gpt_disk};name=rootfs,start=2MiB,size=-,uuid=${uuid_gpt_rootfs}
ramargs=setenv bootargs console=${console} ${optargs} root=${ramroot} rootfstype=${ramrootfstype}
ramboot=echo Booting from ramdisk ...; run ramargs; bootz ${loadaddr} ${rdaddr} ${fdtaddr}
ramdisk_addr_r=0x88080000
ramroot=/dev/ram0 rw
ramrootfstype=ext2
rdaddr=0x88080000
rootpath=/export/rootfs
serverip=192.168.0.1
soc=am33xx
spiargs=setenv bootargs console=${console} ${optargs} root=${spiroot} rootfstype=${spirootfstype}
spiboot=echo Booting from spi ...; run spiargs; sf probe ${spibusno}:0; sf read ${loadaddr} ${spisrcaddr} ${spiimgsize}; bootz ${loadaddr}
spibusno=0
spiimgsize=0x362000
spiroot=/dev/mtdblock4 rw
spirootfstype=jffs2
spisrcaddr=0xe0000
static_ip=${ipaddr}:${serverip}:${gatewayip}:${netmask}:${hostname}::off
stderr=serial
stdin=serial
stdout=serial
usbnet_devaddr=c8:a0:30:a6:4c:b3
vendor=ti
ver=U-Boot 2014.07-rc2 (May 29 2014 - 18:04:30)

Environment size: 4518/131068 bytes
U-Boot# 
- 03:56:29 [INFO] Host: setenv bootargs ''${bootargs}' root=PARTUUID=00000000-02 rw rootfstype=ext4 rootwait '
- 03:56:29 [INFO] Target: 
setenv bootargs ''${bootargs}' root=PARTUUID=00000000-02 rw rootfstype=ext4 rootwait '
U-Boot# 
- 03:56:29 [INFO] Host: printenv
- 03:56:30 [INFO] Target: 
printenv
arch=arm
autoload=no
baudrate=115200
board=am335x
board_name=A335BNLT
board_rev=0A5A
boot_fdt=try
bootargs=console=ttyO0,115200n8 earlyprintk rootwait  ip=dhcp  root=PARTUUID=00000000-02 rw rootfstype=ext4 rootwait 
bootcmd=
bootcount=2
bootdelay=1
bootdir=/boot
bootenv=uEnv.txt
bootfile=zImage
bootm_size=0x10000000
bootpart=0:2
console=ttyO0,115200n8
cpu=armv7
dfu_alt_info_emmc=rawemmc mmc 0 3751936
dfu_alt_info_mmc=boot part 0 1;rootfs part 0 2;MLO fat 0 1;MLO.raw mmc 0x100 0x100;u-boot.img.raw mmc 0x300 0x400;spl-os-args.raw mmc 0x80 0x80;spl-os-image.raw mmc 0x900 0x2000;spl-os-args fat 0 1;spl-os-image fat 0 1;u-boot.img fat 0 1;uEnv.txt fat 0 1
dfu_alt_info_nand=SPL part 0 1;SPL.backup1 part 0 2;SPL.backup2 part 0 3;SPL.backup3 part 0 4;u-boot part 0 5;u-boot-spl-os part 0 6;kernel part 0 8;rootfs part 0 9
dfu_alt_info_ram=kernel ram 0x80200000 0xD80000;fdt ram 0x80F80000 0x80000;ramdisk ram 0x81000000 0x4000000
dnsip=192.0.2.2
dnsip2=192.0.2.3
eth1addr=c8:a0:30:a6:4c:b3
ethact=cpsw
ethaddr=c8:a0:30:a6:4c:b1
fdt_addr_r=0x88000000
fdtaddr=0x88000000
fdtfile=undefined
fileaddr=88000000
filesize=7132
findfdt=if test $board_name = A335BONE; then setenv fdtfile am335x-bone.dtb; fi; if test $board_name = A335BNLT; then setenv fdtfile am335x-boneblack.dtb; fi; if test $board_name = A33515BB; then setenv fdtfile am335x-evm.dtb; fi; if test $board_name = A335X_SK; then setenv fdtfile am335x-evmsk.dtb; fi; if test $fdtfile = undefined; then echo WARNING: Could not determine device tree to use; fi; 
gatewayip=192.168.0.1
importbootenv=echo Importing environment from mmc ...; env import -t $loadaddr $filesize
ipaddr=192.168.0.71
kernel_addr_r=0x82000000
loadaddr=0x82000000
loadbootenv=load mmc ${mmcdev} ${loadaddr} ${bootenv}
loadfdt=load mmc ${bootpart} ${fdtaddr} ${bootdir}/${fdtfile}
loadimage=load mmc ${bootpart} ${loadaddr} ${bootdir}/${bootfile}
loadramdisk=load mmc ${mmcdev} ${rdaddr} ramdisk.gz
mmcargs=setenv bootargs console=${console} ${optargs} root=${mmcroot} rootfstype=${mmcrootfstype}
mmcboot=mmc dev ${mmcdev}; if mmc rescan; then echo SD/MMC found on device ${mmcdev};if run loadbootenv; then echo Loaded environment from ${bootenv};run importbootenv;fi;if test -n $uenvcmd; then echo Running uenvcmd ...;run uenvcmd;fi;if run loadimage; then run mmcloados;fi;fi;
mmcdev=0
mmcloados=run mmcargs; if test ${boot_fdt} = yes || test ${boot_fdt} = try; then if run loadfdt; then bootz ${loadaddr} - ${fdtaddr}; else if test ${boot_fdt} = try; then bootz; else echo WARN: Cannot load the DT; fi; fi; else bootz; fi;
mmcroot=/dev/mmcblk0p2 ro
mmcrootfstype=ext4 rootwait
mtdids=nand0=omap2-nand.0
mtdparts=mtdparts=omap2-nand.0:128k(SPL),128k(SPL.backup1),128k(SPL.backup2),128k(SPL.backup3),1792k(u-boot),128k(u-boot-spl-os),128k(u-boot-env),5m(kernel),-(rootfs)
nandargs=setenv bootargs console=${console} ${optargs} root=${nandroot} rootfstype=${nandrootfstype}
nandboot=echo Booting from nand ...; run nandargs; nand read ${fdtaddr} u-boot-spl-os; nand read ${loadaddr} kernel; bootz ${loadaddr} - ${fdtaddr}
nandroot=ubi0:rootfs rw ubi.mtd=7,2048
nandrootfstype=ubifs rootwait=1
netargs=setenv bootargs console=${console} ${optargs} root=/dev/nfs nfsroot=${serverip}:${rootpath},${nfsopts} rw ip=dhcp
netboot=echo Booting from network ...; setenv autoload no; dhcp; tftp ${loadaddr} ${bootfile}; tftp ${fdtaddr} ${fdtfile}; run netargs; bootz ${loadaddr} - ${fdtaddr}
netmask=255.255.255.0
nfsopts=nolock
partitions=uuid_disk=${uuid_gpt_disk};name=rootfs,start=2MiB,size=-,uuid=${uuid_gpt_rootfs}
ramargs=setenv bootargs console=${console} ${optargs} root=${ramroot} rootfstype=${ramrootfstype}
ramboot=echo Booting from ramdisk ...; run ramargs; bootz ${loadaddr} ${rdaddr} ${fdtaddr}
ramdisk_addr_r=0x88080000
ramroot=/dev/ram0 rw
ramrootfstype=ext2
rdaddr=0x88080000
rootpath=/export/rootfs
serverip=192.168.0.1
soc=am33xx
spiargs=setenv bootargs console=${console} ${optargs} root=${spiroot} rootfstype=${spirootfstype}
spiboot=echo Booting from spi ...; run spiargs; sf probe ${spibusno}:0; sf read ${loadaddr} ${spisrcaddr} ${spiimgsize}; bootz ${loadaddr}
spibusno=0
spiimgsize=0x362000
spiroot=/dev/mtdblock4 rw
spirootfstype=jffs2
spisrcaddr=0xe0000
static_ip=${ipaddr}:${serverip}:${gatewayip}:${netmask}:${hostname}::off
stderr=serial
stdin=serial
stdout=serial
usbnet_devaddr=c8:a0:30:a6:4c:b3
vendor=ti
ver=U-Boot 2014.07-rc2 (May 29 2014 - 18:04:30)

Environment size: 4573/131068 bytes
U-Boot# 
- 03:56:30 [INFO] Host: setenv bootcmd ''${bootcmd}' if iminfo ${loadaddr}; then bootm ${loadaddr} - ${fdt_addr_r}; else bootz ${loadaddr} - ${fdt_addr_r}; bootm ${loadaddr} - ${fdt_addr_r}; fi'
- 03:56:30 [INFO] Target: 
setenv bootcmd ''${bootcmd}' if iminfo ${loadaddr}; then bootm ${loadaddr} - ${fdt_addr_r}; else bootz ${loadaddr} - ${fdt_addr_r}; bootm ${loadaddr} - ${fdt_addr_r}; fi'
U-Boot# 
- 03:56:30 [INFO] Host: bdinfo
- 03:56:31 [INFO] Target: 
bdinfo
arch_number = 0x00000E05
boot_params = 0x80000100
DRAM bank   = 0x00000000
-> start    = 0x80000000
-> size     = 0x20000000
eth0name    = cpsw
ethaddr     = c8:a0:30:a6:4c:b1
eth1name    = usb_ether
eth1addr    = c8:a0:30:a6:4c:b3
current eth = cpsw
ip_addr     = 192.168.0.71
baudrate    = 115200 bps
TLB addr    = 0x9FFF0000
relocaddr   = 0x9F74A000
reloc off   = 0x1EF4A000
irq_sp      = 0x9F629EE0
sp start    = 0x9F629ED0
U-Boot# 
- 03:56:31 [INFO] Host: boot
- 03:56:45 [INFO] Target: 
boot

## Checking Image at 82000000 ...
Unknown image format!
Kernel image @ 0x82000000 [ 0x000000 - 0x4af9b8 ]
## Flattened Device Tree blob at 88000000
   Booting using the fdt blob at 0x88000000
   Loading Device Tree to 8fff5000, end 8ffff131 ... OK

Starting kernel ...

[    0.000000] Booting Linux on physical CPU 0x0
[    0.000000] Linux version 3.16.0-rc7-00002-g0768cab (nmenon@kahuna) (gcc version 4.6.3 (Ubuntu/Linaro 4.6.3-1ubuntu5) ) #1 SMP Mon Jul 28 02:50:54 CDT 2014
[    0.000000] CPU: ARMv7 Processor [413fc082] revision 2 (ARMv7), cr=10c5387d
[    0.000000] CPU: PIPT / VIPT nonaliasing data cache, VIPT aliasing instruction cache
[    0.000000] Machine model: TI AM335x BeagleBone
[    0.000000] cma: CMA: reserved 64 MiB at 9b800000
[    0.000000] Memory policy: Data cache writeback
[    0.000000]   HighMem zone: 1048574 pages exceeds freesize 0
[    0.000000] CPU: All CPU(s) started in SVC mode.
[    0.000000] AM335X ES2.0 (sgx neon )
[    0.000000] PERCPU: Embedded 8 pages/cpu @dfaaa000 s8448 r8192 d16128 u32768
[    0.000000] Built 1 zonelists in Zone order, mobility grouping on.  Total pages: 129792
[    0.000000] Kernel command line: console=ttyO0,115200n8 earlyprintk rootwait  ip=dhcp  root=PARTUUID=00000000-02 rw rootfstype=ext4 rootwait 
[    0.000000] PID hash table entries: 2048 (order: 1, 8192 bytes)
[    0.000000] Dentry cache hash table entries: 65536 (order: 6, 262144 bytes)
[    0.000000] Inode-cache hash table entries: 32768 (order: 5, 131072 bytes)
[    0.000000] Memory: 442056K/523264K available (6372K kernel code, 894K rwdata, 2564K rodata, 652K init, 304K bss, 81208K reserved, 0K highmem)
[    0.000000] Virtual kernel memory layout:
[    0.000000]     vector  : 0xffff0000 - 0xffff1000   (   4 kB)
[    0.000000]     fixmap  : 0xffc00000 - 0xffe00000   (2048 kB)
[    0.000000]     vmalloc : 0xe0800000 - 0xff000000   ( 488 MB)
[    0.000000]     lowmem  : 0xc0000000 - 0xe0000000   ( 512 MB)
[    0.000000]     pkmap   : 0xbfe00000 - 0xc0000000   (   2 MB)
[    0.000000]     modules : 0xbf000000 - 0xbfe00000   (  14 MB)
[    0.000000]       .text : 0xc0208000 - 0xc0ac2304   (8937 kB)
[    0.000000]       .init : 0xc0ac3000 - 0xc0b66100   ( 653 kB)
[    0.000000]       .data : 0xc0b68000 - 0xc0c47800   ( 894 kB)
[    0.000000]        .bss : 0xc0c47808 - 0xc0c93890   ( 305 kB)
[    0.000000] SLUB: HWalign=64, Order=0-3, MinObjects=0, CPUs=1, Nodes=1
[    0.000000] Hierarchical RCU implementation.
[    0.000000] 	RCU restricting CPUs from NR_CPUS=8 to nr_cpu_ids=1.
[    0.000000] RCU: Adjusting geometry for rcu_fanout_leaf=16, nr_cpu_ids=1
[    0.000000] NR_IRQS:16 nr_irqs:16 16
[    0.000000] IRQ: Found an INTC at 0xfa200000 (revision 5.0) with 128 interrupts
[    0.000000] Total of 128 interrupts on 1 active controller
[    0.000000] OMAP clockevent source: timer2 at 24000000 Hz
[    0.000012] sched_clock: 32 bits at 24MHz, resolution 41ns, wraps every 178956969942ns
[    0.000032] OMAP clocksource: timer1 at 24000000 Hz
[    0.000213] Console: colour dummy device 80x30
[    0.000242] Calibrating delay loop... 997.78 BogoMIPS (lpj=2494464)
[    0.059537] pid_max: default: 32768 minimum: 301
[    0.059678] Mount-cache hash table entries: 1024 (order: 0, 4096 bytes)
[    0.059688] Mountpoint-cache hash table entries: 1024 (order: 0, 4096 bytes)
[    0.060237] CPU: Testing write buffer coherency: ok
[    0.060541] CPU0: thread -1, cpu 0, socket -1, mpidr 0
[    0.060625] Setting up static identity map for 0x80805d28 - 0x80805dc0
[    0.062284] Brought up 1 CPUs
[    0.062299] SMP: Total of 1 processors activated.
[    0.062307] CPU: All CPU(s) started in SVC mode.
[    0.062874] devtmpfs: initialized
[    0.066292] VFP support v0.3: implementor 41 architecture 3 part 30 variant c rev 3
[    0.075217] omap_hwmod: tptc0 using broken dt data from edma
[    0.075334] omap_hwmod: tptc1 using broken dt data from edma
[    0.075427] omap_hwmod: tptc2 using broken dt data from edma
[    0.079770] omap_hwmod: debugss: _wait_target_disable failed
[    0.134292] pinctrl core: initialized pinctrl subsystem
[    0.134814] regulator-dummy: no parameters
[    0.146621] NET: Registered protocol family 16
[    0.148760] DMA: preallocated 256 KiB pool for atomic coherent allocations
[    0.150640] cpuidle: using governor ladder
[    0.150661] cpuidle: using governor menu
[    0.156678] platform 49000000.edma: alias fck already exists
[    0.156703] platform 49000000.edma: alias fck already exists
[    0.156715] platform 49000000.edma: alias fck already exists
[    0.157415] OMAP GPIO hardware version 0.1
[    0.163846] No ATAGs?
[    0.163874] hw-breakpoint: debug architecture 0x4 unsupported.
[    0.164711] EXYNOS: PMU not supported
[    0.166472] Serial: AMBA PL011 UART driver
[    0.183163] edma-dma-engine edma-dma-engine.0: TI EDMA DMA engine driver
[    0.183790] vmmcsd_fixed: 3300 mV 
[    0.185668] vgaarb: loaded
[    0.186309] SCSI subsystem initialized
[    0.187050] usbcore: registered new interface driver usbfs
[    0.187120] usbcore: registered new interface driver hub
[    0.187254] usbcore: registered new device driver usb
[    0.187796] omap_i2c 44e0b000.i2c: could not find pctldev for node /pinmux@44e10800/pinmux_i2c0_pins, deferring probe
[    0.187819] platform 44e0b000.i2c: Driver omap_i2c requests probe deferral
[    0.188016] Linux video capture interface: v2.00
[    0.188063] pps_core: LinuxPPS API ver. 1 registered
[    0.188070] pps_core: Software ver. 5.3.6 - Copyright 2005-2007 Rodolfo Giometti <giometti@linux.it>
[    0.188104] PTP clock support registered
[    0.188175] EDAC MC: Ver: 3.0.0
[    0.188974] Advanced Linux Sound Architecture Driver Initialized.
[    0.190246] Switched to clocksource timer1
[    0.200167] NET: Registered protocol family 2
[    0.200872] TCP established hash table entries: 4096 (order: 2, 16384 bytes)
[    0.200920] TCP bind hash table entries: 4096 (order: 3, 32768 bytes)
[    0.200979] TCP: Hash tables configured (established 4096 bind 4096)
[    0.201047] TCP: reno registered
[    0.201059] UDP hash table entries: 256 (order: 1, 8192 bytes)
[    0.201078] UDP-Lite hash table entries: 256 (order: 1, 8192 bytes)
[    0.201248] NET: Registered protocol family 1
[    0.201619] RPC: Registered named UNIX socket transport module.
[    0.201630] RPC: Registered udp transport module.
[    0.201636] RPC: Registered tcp transport module.
[    0.201643] RPC: Registered tcp NFSv4.1 backchannel transport module.
[    0.202506] hw perfevents: enabled with ARMv7 Cortex-A8 PMU driver, 5 counters available
[    0.204133] futex hash table entries: 256 (order: 2, 16384 bytes)
[    0.216077] squashfs: version 4.0 (2009/01/31) Phillip Lougher
[    0.216882] NFS: Registering the id_resolver key type
[    0.216946] Key type id_resolver registered
[    0.216954] Key type id_legacy registered
[    0.217016] msgmni has been set to 991
[    0.217709] Block layer SCSI generic (bsg) driver version 0.4 loaded (major 249)
[    0.217734] io scheduler noop registered
[    0.217745] io scheduler deadline registered
[    0.217931] io scheduler cfq registered (default)
[    0.219270] pinctrl-single 44e10800.pinmux: 142 pins at pa f9e10800 size 568
[    0.279338] Serial: 8250/16550 driver, 4 ports, IRQ sharing disabled
[    0.281278] Serial: IMX driver
[    0.281521] msm_serial: driver initialized
[    0.281940] omap_uart 44e09000.serial: no wakeirq for uart0
[    0.282105] 44e09000.serial: ttyO0 at MMIO 0x44e09000 (irq = 88, base_baud = 3000000) is a OMAP UART0
[    0.955141] console [ttyO0] enabled
[    0.959302] STMicroelectronics ASC driver initialized
[    0.965218] serial: Freescale lpuart driver
[    0.969820] [drm] Initialized drm 1.1.0 20060810
[    0.979415] loop: module loaded
[    0.986134] CAN device driver interface
[    0.991530] pegasus: v0.9.3 (2013/04/25), Pegasus/Pegasus II USB Ethernet driver
[    0.999400] usbcore: registered new interface driver pegasus
[    1.005439] usbcore: registered new interface driver asix
[    1.011167] usbcore: registered new interface driver ax88179_178a
[    1.017617] usbcore: registered new interface driver cdc_ether
[    1.023812] usbcore: registered new interface driver smsc75xx
[    1.029918] usbcore: registered new interface driver smsc95xx
[    1.036005] usbcore: registered new interface driver net1080
[    1.042001] usbcore: registered new interface driver cdc_subset
[    1.048268] usbcore: registered new interface driver zaurus
[    1.054239] usbcore: registered new interface driver cdc_ncm
[    1.060242] ehci_hcd: USB 2.0 'Enhanced' Host Controller (EHCI) Driver
[    1.067105] ehci-pci: EHCI PCI platform driver
[    1.071831] ehci-platform: EHCI generic platform driver
[    1.077473] ehci-omap: OMAP-EHCI Host Controller driver
[    1.083075] ehci-orion: EHCI orion driver
[    1.087385] SPEAr-ehci: EHCI SPEAr driver
[    1.091686] tegra-ehci: Tegra EHCI driver
[    1.095997] ohci_hcd: USB 1.1 'Open' Host Controller (OHCI) Driver
[    1.102525] ohci-pci: OHCI PCI platform driver
[    1.107257] ohci-platform: OHCI generic platform driver
[    1.112844] ohci-omap3: OHCI OMAP3 driver
[    1.117149] SPEAr-ohci: OHCI SPEAr driver
[    1.121917] usbcore: registered new interface driver usb-storage
[    1.129635] mousedev: PS/2 mouse device common for all mice
[    1.137455] i2c /dev entries driver
[    1.141940] usbcore: registered new interface driver uvcvideo
[    1.148006] USB Video Class driver (1.1.1)
[    1.152316] gspca_main: v2.14.0 registered
[    1.158314] sdhci: Secure Digital Host Controller Interface driver
[    1.164832] sdhci: Copyright(c) Pierre Ossman
[    1.230622] Synopsys Designware Multimedia Card Interface Driver
[    1.237429] sdhci-pltfm: SDHCI platform and OF driver helper
[    1.244197] usbcore: registered new interface driver usbhid
[    1.250074] usbhid: USB HID core driver
[    1.258060] TCP: cubic registered
[    1.261642] NET: Registered protocol family 17
[    1.266355] can: controller area network core (rev 20120528 abi 9)
[    1.272938] NET: Registered protocol family 29
[    1.277623] can: raw protocol (rev 20120528)
[    1.282118] can: broadcast manager protocol (rev 20120528 t)
[    1.288075] can: netlink gateway (rev 20130117) max_hops=1
[    1.294338] Key type dns_resolver registered
[    1.299072] omap_voltage_late_init: Voltage driver support not added
[    1.306357] ThumbEE CPU extension supported.
[    1.310918] Registering SWP/SWPB emulation handler
[    1.319635] omap_i2c 44e0b000.i2c: bus 0 rev0.11 at 400 kHz
[    1.349331] mmc0: host does not support reading read-only switch. assuming write-enable.
[    1.363567] mmc0: new high speed SDHC card at address e624
[    1.369807] mmcblk0: mmc0:e624 SU08G 7.40 GiB 
[    1.377851]  mmcblk0: p1 p2 p3
[    1.381190] davinci_mdio 4a101000.mdio: davinci mdio revision 1.6
[    1.387617] davinci_mdio 4a101000.mdio: detected phy mask fffffffe
[    1.395900] libphy: 4a101000.mdio: probed
[    1.400122] davinci_mdio 4a101000.mdio: phy[0]: device 4a101000.mdio:00, driver unknown
[    1.409620] cpsw 4a100000.ethernet: Detected MACID = c8:a0:30:a6:4c:b1
[    1.417659] drivers/rtc/hctosys.c: unable to open rtc device (rtc0)
[    1.427992] net eth0: initializing cpsw version 1.12 (0)
[    1.473549] mmc1: BKOPS_EN bit is not set
[    1.480278] mmc1: new high speed MMC card at address 0001
[    1.486486] mmcblk1: mmc1:0001 MMC02G 1.78 GiB 
[    1.491538] mmcblk1boot0: mmc1:0001 MMC02G partition 1 1.00 MiB
[    1.498025] mmcblk1boot1: mmc1:0001 MMC02G partition 2 1.00 MiB
[    1.504870] net eth0: phy found : id is : 0x7c0f1
[    1.509900] libphy: PHY 4a101000.mdio:01 not found
[    1.514942] net eth0: phy 4a101000.mdio:01 not found on slave 1
[    1.527192]  mmcblk1: p1
[    1.531574]  mmcblk1boot1: unknown partition table
[    1.538097]  mmcblk1boot0: unknown partition table
[    3.500903] cpsw 4a100000.ethernet eth0: Link is Up - 100Mbps/Full - flow control rx/tx
[    3.520267] Sending DHCP requests ., OK
[    3.570724] IP-Config: Got DHCP answer from 192.168.0.1, my address is 192.168.0.71
[    3.578932] IP-Config: Complete:
[    3.582348]      device=eth0, hwaddr=c8:a0:30:a6:4c:b1, ipaddr=192.168.0.71, mask=255.255.255.0, gw=192.168.0.1
[    3.592940]      host=192.168.0.71, domain=ti.com, nis-domain=(none)
[    3.599612]      bootserver=192.168.0.1, rootserver=192.168.0.1, rootpath=
[    3.606648]      nameserver0=192.0.2.2, nameserver1=192.0.2.3
[    3.613081] ALSA device list:
[    3.616214]   No soundcards found.
[    3.638898] EXT4-fs (mmcblk0p2): warning: maximal mount count reached, running e2fsck is recommended
[    3.668313] EXT4-fs (mmcblk0p2): mounted filesystem with ordered data mode. Opts: (null)
[    3.676899] VFS: Mounted root (ext4 filesystem) on device 179:2.
[    3.693875] devtmpfs: mounted
[    3.697703] Freeing unused kernel memory: 652K (c0ac3000 - c0b66000)

INIT: version 2.88 booting

Error opening /dev/fb0: No such file or directory
Starting udev
[    4.237964] udevd[74]: starting version 182
[    5.630421] random: nonblocking pool is initialized
[    6.587942] EXT4-fs (mmcblk0p3): mounted filesystem without journal. Opts: (null)
[    6.642664] FAT-fs (mmcblk0p1): codepage cp437 not found
[    6.694264] EXT4-fs (mmcblk1p1): mounted filesystem without journal. Opts: (null)
[    6.809771] FAT-fs (mmcblk0p1): codepage cp437 not found
[    7.539314] FAT-fs (mmcblk0p1): codepage cp437 not found
[    7.666464] FAT-fs (mmcblk0p1): codepage cp437 not found
Starting Bootlog daemon: bootlogd.

[    7.828064] EXT4-fs (mmcblk0p2): re-mounted. Opts: data=ordered
ALSA: Restoring mixer settings...

/usr/sbin/alsactl: load_state:1696: No soundcards found...

Configuring network interfaces... udhcpc (v1.20.2) started

Sending discover...

Sending select for 192.168.0.105...

Lease of 192.168.0.105 obtained, lease time 7200

/etc/udhcpc.d/50default: Adding DNS 192.0.2.2

/etc/udhcpc.d/50default: Adding DNS 192.0.2.3

done.

hwclock: can't open '/dev/misc/rtc': No such file or directory

Tue May 13 14:26:00 UTC 2014

hwclock: can't open '/dev/misc/rtc': No such file or directory


INIT: Entering runlevel: 5


Starting system message bus: dbus.

Starting Dropbear SSH server: dropbear.

Starting telnet daemon.

hwclock: can't open '/dev/misc/rtc': No such file or directory

Starting syslogd/klogd: done

Starting thttpd.

Starting Lighttpd Web Server: lighttpd.

2014-05-13 14:26:00: (log.c.166) server started 

/etc/rc5.d/S96am335x-pm-firmware-load: line 4: /sys/devices/ocp.2/44d00000.wkup_m3/firmware/am335x-pm-firmware.bin/loading: No such file or directory

/etc/rc5.d/S96am335x-pm-firmware-load: line 5: /sys/devices/ocp.2/44d00000.wkup_m3/firmware/am335x-pm-firmware.bin/data: No such file or directory

/etc/rc5.d/S96am335x-pm-firmware-load: line 6: /sys/devices/ocp.2/44d00000.wkup_m3/firmware/am335x-pm-firmware.bin/loading: No such file or directory

/

Starting Matrix GUI application.

***************************************************************

***************************************************************

NOTICE: This file system contains the followin GPLv3 packages:

	binutils-symlinks

	binutils

	gdbserver



If you do not wish to distribute GPLv3 components please remove

the above packages prior to distribution.  This can be done using

the opkg remove command.  i.e.:

    opkg remove <package>

Where <package> is the name printed in the list above



NOTE: If the package is a dependency of another package you

      will be notified of the dependent packages.  You should

      use the --force-removal-of-dependent-packages option to

      also remove the dependent packages as well

***************************************************************

***************************************************************

Stopping Bootlog daemon: bootlogd.

 _____                    _____           _         _   
|  _  |___ ___ ___ ___   |  _  |___ ___  |_|___ ___| |_ 
|     |  _| .'| . | . |  |   __|  _| . | | | -_|  _|  _|
|__|__|_| |__,|_  |___|  |__|  |_| |___|_| |___|___|_|  
              |___|                    |___|            

Arago Project http://arago-project.org am335x-evm ttyO0

Arago 2013.10 am335x-evm ttyO0

am335x-evm login: 
- 03:56:45 [INFO] Host: root
- 03:56:46 [INFO] Target: 
root
root@am335x-evm:~# 
- 03:56:46 [INFO] Host: uname -a
- 03:56:46 [INFO] Target: 
uname -a
Linux am335x-evm 3.16.0-rc7-00002-g0768cab #1 SMP Mon Jul 28 02:50:54 CDT 2014 armv7l GNU/Linux
root@am335x-evm:~# 
- 03:56:46 [INFO] Host: cat /proc/cmdline
- 03:56:47 [INFO] Target: 
cat /proc/cmdline
console=ttyO0,115200n8 earlyprintk rootwait  ip=dhcp  root=PARTUUID=00000000-02 rw rootfstype=ext4 rootwait 
root@am335x-evm:~# 
- 03:56:47 [INFO] Host: uname -a
- 03:56:47 [INFO] Target: 
uname -a
Linux am335x-evm 3.16.0-rc7-00002-g0768cab #1 SMP Mon Jul 28 02:50:54 CDT 2014 armv7l GNU/Linux
root@am335x-evm:~# 
- 03:56:47 [INFO] Host: cat /proc/mtd
- 03:56:48 [INFO] Target: 
cat /proc/mtd
dev:    size   erasesize  name
root@am335x-evm:~# 
- 03:56:55 [INFO] Host: export IPERFHOST=192.168.0.1
- 03:56:55 [INFO] Target: 
export IPERFHOST=192.168.0.1
root@am335x-evm:~# 
- 03:56:55 [INFO] Host: export NFS_SERVER=192.168.0.1
- 03:56:56 [INFO] Target: 
export NFS_SERVER=192.168.0.1
root@am335x-evm:~# 
- 03:56:56 [INFO] Host: export NFS_ROOT_PATH=/home/tigtfarm02/NFS_exports/bbb1
- 03:56:56 [INFO] Target: 
export NFS_ROOT_PATH=/home/tigtfarm02/NFS_exports/bbb1
root@am335x-evm:~# 
- 03:56:56 [INFO] Host: mkdir -p -m 777 /test
- 03:56:57 [INFO] Target: 
mkdir -p -m 777 /test
root@am335x-evm:~# 
- 03:56:57 [INFO] Host: cd /test
- 03:56:57 [INFO] Target: 
cd /test
root@am335x-evm:/test# 
- 03:56:57 [INFO] Host: cat > test.sh << EOF
- 03:56:58 [INFO] Target: 
cat > test.sh << EOF
> 
- 03:56:58 [INFO] Host: failtest() {

- 03:56:58 [INFO] Target: 
failtest() {
> 
- 03:56:58 [INFO] Host:   echo 1 >&3

- 03:56:59 [INFO] Target: 
  echo 1 >&3
> 
- 03:56:59 [INFO] Host: }

- 03:56:59 [INFO] Target: 
}
> 
- 03:56:59 [INFO] Host: timeout=600

- 03:57:00 [INFO] Target: 
timeout=600
> 
- 03:57:00 [INFO] Host: 

- 03:57:00 [INFO] Target: 

> 
- 03:57:00 [INFO] Host: # Start of user's script logic

- 03:57:01 [INFO] Target: 
# Start of user's script logic
> 
- 03:57:01 [INFO] Host: 

- 03:57:01 [INFO] Target: 

> 
- 03:57:01 [INFO] Host: 

- 03:57:02 [INFO] Target: 

> 
- 03:57:02 [INFO] Host: mount -t proc proc /proc 2>/dev/null;

- 03:57:02 [INFO] Target: 
mount -t proc proc /proc 2>/dev/null;
> 
- 03:57:02 [INFO] Host: 

- 03:57:03 [INFO] Target: 

> 
- 03:57:03 [INFO] Host: mount -t sysfs sys /sys 2>/dev/null;

- 03:57:03 [INFO] Target: 
mount -t sysfs sys /sys 2>/dev/null;
> 
- 03:57:03 [INFO] Host: 

- 03:57:04 [INFO] Target: 

> 
- 03:57:04 [INFO] Host: mount -t debugfs none /sys/kernel/debug 2>/dev/null;

- 03:57:04 [INFO] Target: 
mount -t debugfs none /sys/kernel/debug 2>/dev/null;
> 
- 03:57:04 [INFO] Host: 

- 03:57:05 [INFO] Target: 

> 
- 03:57:05 [INFO] Host: echo 'cpuinfo:';cat /proc/cpuinfo; echo '=======';

- 03:57:05 [INFO] Target: 
echo 'cpuinfo:';cat /proc/cpuinfo; echo '=======';
> 
- 03:57:05 [INFO] Host: 

- 03:57:06 [INFO] Target: 

> 
- 03:57:06 [INFO] Host: echo 'soc info:';head /sys/devices/soc0/* 2>/dev/null; echo '=======';

- 03:57:06 [INFO] Target: 
echo 'soc info:';head /sys/devices/soc0/* 2>/dev/null; echo '=======';
> 
- 03:57:06 [INFO] Host: 

- 03:57:07 [INFO] Target: 

> 
- 03:57:07 [INFO] Host: echo 'interrupts:';cat /proc/interrupts; echo '=======';

- 03:57:07 [INFO] Target: 
echo 'interrupts:';cat /proc/interrupts; echo '=======';
> 
- 03:57:07 [INFO] Host: 

- 03:57:08 [INFO] Target: 

> 
- 03:57:08 [INFO] Host: echo 'Clk_summary:';cat /sys/kernel/debug/clk/clk_summary; echo '=======';

- 03:57:08 [INFO] Target: 
echo 'Clk_summary:';cat /sys/kernel/debug/clk/clk_summary; echo '=======';
> 
- 03:57:08 [INFO] Host: 

- 03:57:09 [INFO] Target: 

> 
- 03:57:09 [INFO] Host: echo 'Orphan Clks:';ls /sys/kernel/debug/clk/orphans/; echo '=======';

- 03:57:09 [INFO] Target: 
echo 'Orphan Clks:';ls /sys/kernel/debug/clk/orphans/; echo '=======';
> 
- 03:57:09 [INFO] Host: 

- 03:57:10 [INFO] Target: 

> 
- 03:57:10 [INFO] Host: echo 'H''ello World' 'B''oard Booted';

- 03:57:10 [INFO] Target: 
echo 'H''ello World' 'B''oard Booted';
> 
- 03:57:10 [INFO] Host: 

- 03:57:11 [INFO] Target: 

> 
- 03:57:11 [INFO] Host: EOF
- 03:57:11 [INFO] Target: 
EOF
root@am335x-evm:/test# 
- 03:57:11 [INFO] Host: cd /test
- 03:57:12 [INFO] Target: 
cd /test
root@am335x-evm:/test# 
- 03:57:12 [INFO] Host: chmod +x test.sh
- 03:57:12 [INFO] Target: 
chmod +x test.sh
root@am335x-evm:/test# 
- 03:57:12 [INFO] Host: ./test.sh 2> stderr.log > stdout.log 3> result.log
- 03:57:13 [INFO] Target: 
./test.sh 2> stderr.log > stdout.log 3> result.log
root@am335x-evm:/test# 
- 03:57:13 [INFO] Host: echo $?
- 03:57:13 [INFO] Target: 
echo $?
0
root@am335x-evm:/test# 
- 03:57:13 [INFO] Host: cd /test
- 03:57:14 [INFO] Target: 
cd /test
root@am335x-evm:/test# 
- 03:57:14 [INFO] Host: cat stdout.log
- 03:57:15 [INFO] Target: 
cat stdout.log
cpuinfo:
processor	: 0
model name	: ARMv7 Processor rev 2 (v7l)
Features	: swp half thumb fastmult vfp edsp thumbee neon vfpv3 tls vfpd32 
CPU implementer	: 0x41
CPU architecture: 7
CPU variant	: 0x3
CPU part	: 0xc08
CPU revision	: 2

Hardware	: Generic AM33XX (Flattened Device Tree)
Revision	: 0000
Serial		: 0000000000000000
=======
soc info:
==> /sys/devices/soc0/family <==
Unknown

==> /sys/devices/soc0/machine <==
AM335X

==> /sys/devices/soc0/power <==

==> /sys/devices/soc0/revision <==
ES2.0

==> /sys/devices/soc0/subsystem <==

==> /sys/devices/soc0/type <==
GP

==> /sys/devices/soc0/uevent <==
=======
interrupts:
           CPU0       
 28:       2055      INTC  12  edma
 30:          6      INTC  14  edma_error
 44:        674      INTC  28  mmc1
 56:          0      INTC  40  4a100000.ethernet
 57:          8      INTC  41  4a100000.ethernet
 58:         11      INTC  42  4a100000.ethernet
 59:          0      INTC  43  4a100000.ethernet
 80:       5571      INTC  64  mmc0
 84:       3337      INTC  68  gp_timer
 86:         30      INTC  70  44e0b000.i2c
 88:       3830      INTC  72  OMAP UART0
150:          0      GPIO   6  mmc0
IPI0:          0  CPU wakeup interrupts
IPI1:          0  Timer broadcast interrupts
IPI2:          0  Rescheduling interrupts
IPI3:          0  Function call interrupts
IPI4:          0  Single function call interrupts
IPI5:          0  CPU stop interrupts
IPI6:          0  IRQ work interrupts
IPI7:          0  completion interrupts
Err:          0
=======
Clk_summary:
   clock                         enable_cnt  prepare_cnt        rate   accuracy
--------------------------------------------------------------------------------
 tclkin_ck                                0            0    12000000          0
 virt_26000000_ck                         0            0    26000000          0
 virt_25000000_ck                         0            0    25000000          0
 virt_24000000_ck                         1            1    24000000          0
    sys_clkin_ck                          9           23    24000000          0
       timer6_fck                         0            1    24000000          0
       timer3_fck                         0            1    24000000          0
       dpll_per_ck                        1            2   960000000          0
          dpll_per_m2_ck                  2            4   192000000          0
             ehrpwm2_tbclk                0            0   192000000          0
             ehrpwm1_tbclk                0            0   192000000          0
             ehrpwm0_tbclk                0            0   192000000          0
             mmc_clk                      0            3    96000000          0
             clk_24mhz                    1            1    24000000          0
                clkdiv32k_ck              1            1       32786          0
                   clkdiv32k_ick           1            5       32786          0
                      wdt1_fck            0            1       32786          0
                      gpio3_dbclk           0            1       32786          0
                      gpio2_dbclk           0            1       32786          0
                      gpio1_dbclk           0            1       32786          0
             dpll_per_m2_div4_ck           0            9    48000000          0
             dpll_per_m2_div4_wkupdm_ck           1            2    48000000          0
          usbotg_fck                      0            1   960000000          0
       dpll_disp_ck                       0            1    24000000          0
          dpll_disp_m2_ck                 0            1    24000000          0
             lcd_gclk                     0            1    24000000          0
       dpll_ddr_ck                        1            1   400000000          0
          dpll_ddr_m2_ck                  2            2   400000000          0
             dpll_ddr_m2_div2_ck           1            1   200000000          0
       dpll_mpu_ck                        1            1  1000000000          0
          dpll_mpu_m2_ck                  4            4  1000000000          0
       dpll_core_ck                       1            1  1000000000          0
          dpll_core_x2_ck                 2            2  2000000000          0
             dpll_core_m6_ck              0            0   500000000          0
             dpll_core_m5_ck              1            1   250000000          0
                cpsw_cpts_rft_clk           0            0   250000000          0
                cpsw_125mhz_gclk           3            3   125000000          0
             dpll_core_m4_ck              9           11   200000000          0
                dbg_clka_ck               0            2   200000000          0
                   trace_pmd_clk_mux_ck           0            1   200000000          0
                      trace_clk_div_ck           0            1    50000000          0
                   stm_pmd_clock_mux_ck           0            0   200000000          0
                      stm_clk_div_ck           0            0    50000000          0
                gfx_fclk_clksel_ck           0            1   200000000          0
                   gfx_fck_div_ck           0            1   200000000          0
                sysclk_div_ck             0            0   200000000          0
                l4hs_gclk                 2            2   200000000          0
                l4_rtc_gclk               0            0   100000000          0
                dpll_core_m4_div2_ck          16           17   100000000          0
                   l4ls_gclk             41           59   100000000          0
                   l4fw_gclk              1            1   100000000          0
                   l3s_gclk               9           10   100000000          0
                   ieee5000_fck           0            0   100000000          0
                mmu_fck                   0            0   200000000          0
                l3_gclk                  13           15   200000000          0
                   pruss_ocp_gclk           0            1   200000000          0
       rng_fck                            1            2    24000000          0
       aes0_fck                           1            2    24000000          0
       sha0_fck                           1            1    24000000          0
       smartreflex1_fck                   0            1    24000000          0
       smartreflex0_fck                   0            1    24000000          0
       mcasp1_fck                         0            1    24000000          0
       mcasp0_fck                         0            1    24000000          0
       dcan1_fck                          0            1    24000000          0
       dcan0_fck                          0            1    24000000          0
       adc_tsc_fck                        0            1    24000000          0
       cefuse_fck                         0            0    24000000          0
       timer1_fck                         1            1    24000000          0
       timer2_fck                         1            1    24000000          0
       timer4_fck                         0            1    24000000          0
       timer5_fck                         0            1    24000000          0
       timer7_fck                         0            1    24000000          0
       dbg_sysclk_ck                      0            1    24000000          0
 virt_19200000_ck                         0            0    19200000          0
 clk_rc32k_ck                             0            1       32000          0
    gpio0_dbclk_mux_ck                    0            1       32000          0
       gpio0_dbclk                        0            1       32000          0
 clk_32768_ck                             1            2       32768          0
    sysclkout_pre_ck                      1            1       32768          0
       clkout2_div_ck                     1            1       32768          0
          clkout2_ck                      1            1       32768          0
=======
Orphan Clks:
=======
Hello World Board Booted
root@am335x-evm:/test# 
- 03:57:15 [INFO] Host: cat stderr.log
- 03:57:15 [INFO] Target: 
cat stderr.log
root@am335x-evm:/test# 
- 03:57:15 [INFO] Host: cat result.log
- 03:57:17 [ERROR] On command: cat result.log waiting for (?m-ix:^1[\0\n\r]+) >>> error: execution expired
- 03:57:17 [INFO] Target: 
cat result.log
root@am335x-evm:/test# 
- 03:57:17 [INFO] Host: cd /test
- 03:57:18 [INFO] Target: 
cd /test
root@am335x-evm:/test# 
