- 03:27:51 [INFO] Starting target session
- 03:27:51 [INFO] Connected to beaglebone via serial 
- 03:27:51 [INFO] Host: #check prompt
- 03:27:54 [ERROR] On command: #check prompt waiting for #check prompt.+?(?-mix:((?-mix:login:)|[Pp]assword)) >>> error: execution expired
- 03:27:54 [INFO] Target: 
#check prompt
root@am335x-evm:/test# 
- 03:27:54 [INFO] Host: #check prompt
- 03:27:55 [INFO] Target: 
#check prompt
root@am335x-evm:/test# 
- 03:27:55 [INFO] Host: sync;poweroff
- 03:28:08 [INFO] Target: 
sync;poweroff
Broadcast message from root@am335x-evm (ttyO0) (Sun Nov 22 04:49:07 2015):
The system is going down for system halt NOW!
INIT: Switching to runlevel:root@am335x-evm:/test# 
INIT: Sending processes the TERM signal
UIM SYSFS Node Not Found
Stopping Dropbear SSH server: stopped /usr/sbin/dropbear (pid 609)
dropbear.
Stopping telnet daemon.
Stopping system message bus: dbus.
hwclock: can't open '/dev/misc/rtc': No such file or directory
Error opening /dev/fb0: No such file or directory
Stopping syslogd/klogd: stopped syslogd (pid 636)
stopped klogd (pid 639)
done
Stopping thttpd.
Stopping Weston
stopping statd: done
ALSA: Storing mixer settings...
/usr/sbin/alsactl: save_state:1590: No soundcards found...
Stopping rpcbind daemon...
done.
Stopping Lighttpd Web Server: stopped /usr/sbin/lighttpd (pid 648)
lighttpd.
Deconfiguring network interfaces... done.
Stopping Matrix GUI applicationstart-stop-daemon: warning: killing process 655: No such process
Disabling thermal zones...
/etc/rc0.d/K98thermal-zone-init: line 13: /sys/class/thermal/thermal_zone*/mode: No such file or directory
***************************************************************
***************************************************************
NOTICE: This file system contains the followin GPLv3 packages:
	autoconf
	binutils
	cpp-symlinks
	cpp
	g++-symlinks
	g++
	gcc-symlinks
	gcc
	gdbserver
	libgmp10
	libmpc3
	libmpfr4
	make
If you do not wish to distribute GPLv3 components please remove
the above packages prior to distribution.  This can be done using
the opkg remove command.  i.e.:
    opkg remove <package>
Where <package> is the name printed in the list above
NOTE: If the package is a dependency of another package you
      will be notified of the dependent packages.  You should
      use the --force-removal-of-dependent-packages option to
      also remove the dependent packages as well
***************************************************************
***************************************************************
Sending all processes the TERM signal...
Sending all processes the KILL signal...
Unmounting remote filesystems...
Deactivating swap...
Unmounting local filesystems...
[ 1596.237570] EXT4-fs (mmcblk0p2): re-mounted. Opts: data=ordered
[ 1598.686246] reboot: System halted
- 03:28:08 [INFO] Disconnected serial from beaglebone
- 03:28:13 [INFO] Connected to beaglebone via serial 
- 03:28:13 [INFO] Host: 
- 03:28:16 [INFO] Target: 
U-Boot SPL 2014.07-g67b4cea (Mar 20 2015 - 13:25:28)
reading args
spl_load_image_fat_os: error reading image args, err - -1
reading u-boot.img
reading u-boot.img
U-Boot 2014.07-g67b4cea (Mar 20 2015 - 13:25:28)
I2C:   ready
DRAM:  256 MiB
NAND:  0 MiB
MMC:   OMAP SD/MMC: 0, OMAP SD/MMC: 1
reading uboot.env
** Unable to read "uboot.env" from mmc0:1 **
Using default environment
Net:   <ethaddr> not set. Validating first E-fuse MAC
cpsw, usb_ether
Hit any key to stop autoboot:  1  0 
U-Boot# 
U-Boot# 
U-Boot# 
U-Boot# 
U-Boot# 
U-Boot# 
U-Boot# 
U-Boot# 
U-Boot# 
U-Boot# 
U-Boot# 
- 03:28:16 [INFO] Host: 
- 03:28:16 [INFO] Target: 
U-Boot# 
- 03:28:16 [INFO] Host: version
- 03:28:16 [INFO] Target: 
version
U-Boot 2014.07-g67b4cea (Mar 20 2015 - 13:25:28)
arm-linux-gnueabihf-gcc (crosstool-NG linaro-1.13.1-4.7-2013.03-20130313 - Linaro GCC 2013.03) 4.7.3 20130226 (prerelease)
GNU ld (crosstool-NG linaro-1.13.1-4.7-2013.03-20130313 - Linaro GCC 2013.03) 2.23.1
U-Boot# 
- 03:28:16 [INFO] Host: setenv bootargs 'console=ttyO0,115200n8 earlyprintk rootwait '
- 03:28:16 [INFO] Target: 
setenv bootargs 'console=ttyO0,115200n8 earlyprintk rootwait '
U-Boot# 
- 03:28:16 [INFO] Host: setenv bootcmd  ''
- 03:28:17 [INFO] Target: 
setenv bootcmd  ''
U-Boot# 
- 03:28:17 [INFO] Host: setenv autoload 'no'
- 03:28:17 [INFO] Target: 
setenv autoload 'no'
U-Boot# 
- 03:28:17 [INFO] Host: setenv serverip '192.168.0.1'
- 03:28:17 [INFO] Target: 
setenv serverip '192.168.0.1'
U-Boot# 
- 03:28:17 [INFO] Host: printenv
- 03:28:17 [INFO] Target: 
printenv
arch=arm
autoload=no
baudrate=115200
board=am335x
board_name=A335BONE
board_rev=00A6
boot_fdt=try
bootargs=console=ttyO0,115200n8 earlyprintk rootwait 
bootcmd=
bootcount=1
bootdelay=1
bootdir=/boot
bootenv=uEnv.txt
bootfile=zImage
bootm_size=0x10000000
bootpart=0:2
console=ttyO0,115200n8
cpu=armv7
dfu_alt_info_emmc=rawemmc raw 0 3751936;boot part 1 1;rootfs part 1 2;MLO fat 1 1;MLO.raw raw 0x100 0x100;u-boot.img.raw raw 0x300 0x400;spl-os-args.raw raw 0x80 0x80;spl-os-image.raw raw 0x900 0x2000;spl-os-args fat 1 1;spl-os-image fat 1 1;u-boot.img fat 1 1;uEnv.txt fat 1 1
dfu_alt_info_mmc=boot part 0 1;rootfs part 0 2;MLO fat 0 1;MLO.raw raw 0x100 0x100;u-boot.img.raw raw 0x300 0x400;spl-os-args.raw raw 0x80 0x80;spl-os-image.raw raw 0x900 0x2000;spl-os-args fat 0 1;spl-os-image fat 0 1;u-boot.img fat 0 1;uEnv.txt fat 0 1
dfu_alt_info_nand=SPL part 0 1;SPL.backup1 part 0 2;SPL.backup2 part 0 3;SPL.backup3 part 0 4;u-boot part 0 5;u-boot-spl-os part 0 6;kernel part 0 8;rootfs part 0 9
dfu_alt_info_ram=kernel ram 0x80200000 0xD80000;fdt ram 0x80F80000 0x80000;ramdisk ram 0x81000000 0x4000000
eth1addr=78:c5:e5:d9:d6:07
ethact=cpsw
ethaddr=78:c5:e5:d9:d6:06
fdt_addr_r=0x88000000
fdtaddr=0x88000000
fdtfile=undefined
findfdt=if test $board_name = A335BONE; then setenv fdtfile am335x-bone.dtb; fi; if test $board_name = A335BNLT; then setenv fdtfile am335x-boneblack.dtb; fi; if test $board_name = A33515BB; then setenv fdtfile am335x-evm.dtb; fi; if test $board_name = A335X_SK; then setenv fdtfile am335x-evmsk.dtb; fi; if test $fdtfile = undefined; then echo WARNING: Could not determine device tree to use; fi; 
importbootenv=echo Importing environment from mmc ...; env import -t -r $loadaddr $filesize
kernel_addr_r=0x82000000
loadaddr=0x82000000
loadbootenv=load mmc ${mmcdev} ${loadaddr} ${bootenv}
loadfdt=load mmc ${bootpart} ${fdtaddr} ${bootdir}/${fdtfile}
loadimage=load mmc ${bootpart} ${loadaddr} ${bootdir}/${bootfile}
loadramdisk=load mmc ${mmcdev} ${rdaddr} ramdisk.gz
mmcargs=setenv bootargs console=${console} ${optargs} root=${mmcroot} rootfstype=${mmcrootfstype}
mmcboot=mmc dev ${mmcdev}; if mmc rescan; then echo SD/MMC found on device ${mmcdev};if run loadbootenv; then echo Loaded environment from ${bootenv};run importbootenv;fi;if test -n $uenvcmd; then echo Running uenvcmd ...;run uenvcmd;fi;if run loadimage; then run mmcloados;fi;fi;
mmcdev=0
mmcloados=run mmcargs; if test ${boot_fdt} = yes || test ${boot_fdt} = try; then if run loadfdt; then bootz ${loadaddr} - ${fdtaddr}; else if test ${boot_fdt} = try; then bootz; else echo WARN: Cannot load the DT; fi; fi; else bootz; fi;
mmcroot=/dev/mmcblk0p2 ro
mmcrootfstype=ext4 rootwait
mtdids=nand0=nand.0
mtdparts=mtdparts=nand.0:128k(NAND.SPL),128k(NAND.SPL.backup1),128k(NAND.SPL.backup2),128k(NAND.SPL.backup3),256k(NAND.u-boot-spl-os),1m(NAND.u-boot),128k(NAND.u-boot-env),128k(NAND.u-boot-env.backup1),8m(NAND.kernel),-(NAND.file-system)
nandargs=setenv bootargs console=${console} ${optargs} root=${nandroot} rootfstype=${nandrootfstype}
nandboot=echo Booting from nand ...; run nandargs; nand read ${fdtaddr} NAND.u-boot-spl-os; nand read ${loadaddr} NAND.kernel; bootz ${loadaddr} - ${fdtaddr}
nandroot=ubi0:rootfs rw ubi.mtd=NAND.file-system,2048
nandrootfstype=ubifs rootwait=1
netargs=setenv bootargs console=${console} ${optargs} root=/dev/nfs nfsroot=${serverip}:${rootpath},${nfsopts} rw ip=dhcp
netboot=echo Booting from network ...; setenv autoload no; dhcp; tftp ${loadaddr} ${bootfile}; tftp ${fdtaddr} ${fdtfile}; run netargs; bootz ${loadaddr} - ${fdtaddr}
nfsopts=nolock
partitions=uuid_disk=${uuid_gpt_disk};name=rootfs,start=2MiB,size=-,uuid=${uuid_gpt_rootfs}
ramargs=setenv bootargs console=${console} ${optargs} root=${ramroot} rootfstype=${ramrootfstype}
ramboot=echo Booting from ramdisk ...; run ramargs; bootz ${loadaddr} ${rdaddr} ${fdtaddr}
ramdisk_addr_r=0x88080000
ramroot=/dev/ram0 rw
ramrootfstype=ext2
rdaddr=0x88080000
rootpath=/export/rootfs
serverip=192.168.0.1
soc=am33xx
spiargs=setenv bootargs console=${console} ${optargs} root=${spiroot} rootfstype=${spirootfstype}
spiboot=echo Booting from spi ...; run spiargs; sf probe ${spibusno}:0; sf read ${loadaddr} ${spisrcaddr} ${spiimgsize}; bootz ${loadaddr}
spibusno=0
spiimgsize=0x362000
spiroot=/dev/mtdblock4 rw
spirootfstype=jffs2
spisrcaddr=0xe0000
static_ip=${ipaddr}:${serverip}:${gatewayip}:${netmask}:${hostname}::off
stderr=serial
stdin=serial
stdout=serial
usbnet_devaddr=78:c5:e5:d9:d6:07
vendor=ti
ver=U-Boot 2014.07-g67b4cea (Mar 20 2015 - 13:25:28)
Environment size: 4702/131068 bytes
U-Boot# 
- 03:28:17 [INFO] Host: printenv
- 03:28:18 [INFO] Target: 
printenv
arch=arm
autoload=no
baudrate=115200
board=am335x
board_name=A335BONE
board_rev=00A6
boot_fdt=try
bootargs=console=ttyO0,115200n8 earlyprintk rootwait 
bootcmd=
bootcount=1
bootdelay=1
bootdir=/boot
bootenv=uEnv.txt
bootfile=zImage
bootm_size=0x10000000
bootpart=0:2
console=ttyO0,115200n8
cpu=armv7
dfu_alt_info_emmc=rawemmc raw 0 3751936;boot part 1 1;rootfs part 1 2;MLO fat 1 1;MLO.raw raw 0x100 0x100;u-boot.img.raw raw 0x300 0x400;spl-os-args.raw raw 0x80 0x80;spl-os-image.raw raw 0x900 0x2000;spl-os-args fat 1 1;spl-os-image fat 1 1;u-boot.img fat 1 1;uEnv.txt fat 1 1
dfu_alt_info_mmc=boot part 0 1;rootfs part 0 2;MLO fat 0 1;MLO.raw raw 0x100 0x100;u-boot.img.raw raw 0x300 0x400;spl-os-args.raw raw 0x80 0x80;spl-os-image.raw raw 0x900 0x2000;spl-os-args fat 0 1;spl-os-image fat 0 1;u-boot.img fat 0 1;uEnv.txt fat 0 1
dfu_alt_info_nand=SPL part 0 1;SPL.backup1 part 0 2;SPL.backup2 part 0 3;SPL.backup3 part 0 4;u-boot part 0 5;u-boot-spl-os part 0 6;kernel part 0 8;rootfs part 0 9
dfu_alt_info_ram=kernel ram 0x80200000 0xD80000;fdt ram 0x80F80000 0x80000;ramdisk ram 0x81000000 0x4000000
eth1addr=78:c5:e5:d9:d6:07
ethact=cpsw
ethaddr=78:c5:e5:d9:d6:06
fdt_addr_r=0x88000000
fdtaddr=0x88000000
fdtfile=undefined
findfdt=if test $board_name = A335BONE; then setenv fdtfile am335x-bone.dtb; fi; if test $board_name = A335BNLT; then setenv fdtfile am335x-boneblack.dtb; fi; if test $board_name = A33515BB; then setenv fdtfile am335x-evm.dtb; fi; if test $board_name = A335X_SK; then setenv fdtfile am335x-evmsk.dtb; fi; if test $fdtfile = undefined; then echo WARNING: Could not determine device tree to use; fi; 
importbootenv=echo Importing environment from mmc ...; env import -t -r $loadaddr $filesize
kernel_addr_r=0x82000000
loadaddr=0x82000000
loadbootenv=load mmc ${mmcdev} ${loadaddr} ${bootenv}
loadfdt=load mmc ${bootpart} ${fdtaddr} ${bootdir}/${fdtfile}
loadimage=load mmc ${bootpart} ${loadaddr} ${bootdir}/${bootfile}
loadramdisk=load mmc ${mmcdev} ${rdaddr} ramdisk.gz
mmcargs=setenv bootargs console=${console} ${optargs} root=${mmcroot} rootfstype=${mmcrootfstype}
mmcboot=mmc dev ${mmcdev}; if mmc rescan; then echo SD/MMC found on device ${mmcdev};if run loadbootenv; then echo Loaded environment from ${bootenv};run importbootenv;fi;if test -n $uenvcmd; then echo Running uenvcmd ...;run uenvcmd;fi;if run loadimage; then run mmcloados;fi;fi;
mmcdev=0
mmcloados=run mmcargs; if test ${boot_fdt} = yes || test ${boot_fdt} = try; then if run loadfdt; then bootz ${loadaddr} - ${fdtaddr}; else if test ${boot_fdt} = try; then bootz; else echo WARN: Cannot load the DT; fi; fi; else bootz; fi;
mmcroot=/dev/mmcblk0p2 ro
mmcrootfstype=ext4 rootwait
mtdids=nand0=nand.0
mtdparts=mtdparts=nand.0:128k(NAND.SPL),128k(NAND.SPL.backup1),128k(NAND.SPL.backup2),128k(NAND.SPL.backup3),256k(NAND.u-boot-spl-os),1m(NAND.u-boot),128k(NAND.u-boot-env),128k(NAND.u-boot-env.backup1),8m(NAND.kernel),-(NAND.file-system)
nandargs=setenv bootargs console=${console} ${optargs} root=${nandroot} rootfstype=${nandrootfstype}
nandboot=echo Booting from nand ...; run nandargs; nand read ${fdtaddr} NAND.u-boot-spl-os; nand read ${loadaddr} NAND.kernel; bootz ${loadaddr} - ${fdtaddr}
nandroot=ubi0:rootfs rw ubi.mtd=NAND.file-system,2048
nandrootfstype=ubifs rootwait=1
netargs=setenv bootargs console=${console} ${optargs} root=/dev/nfs nfsroot=${serverip}:${rootpath},${nfsopts} rw ip=dhcp
netboot=echo Booting from network ...; setenv autoload no; dhcp; tftp ${loadaddr} ${bootfile}; tftp ${fdtaddr} ${fdtfile}; run netargs; bootz ${loadaddr} - ${fdtaddr}
nfsopts=nolock
partitions=uuid_disk=${uuid_gpt_disk};name=rootfs,start=2MiB,size=-,uuid=${uuid_gpt_rootfs}
ramargs=setenv bootargs console=${console} ${optargs} root=${ramroot} rootfstype=${ramrootfstype}
ramboot=echo Booting from ramdisk ...; run ramargs; bootz ${loadaddr} ${rdaddr} ${fdtaddr}
ramdisk_addr_r=0x88080000
ramroot=/dev/ram0 rw
ramrootfstype=ext2
rdaddr=0x88080000
rootpath=/export/rootfs
serverip=192.168.0.1
soc=am33xx
spiargs=setenv bootargs console=${console} ${optargs} root=${spiroot} rootfstype=${spirootfstype}
spiboot=echo Booting from spi ...; run spiargs; sf probe ${spibusno}:0; sf read ${loadaddr} ${spisrcaddr} ${spiimgsize}; bootz ${loadaddr}
spibusno=0
spiimgsize=0x362000
spiroot=/dev/mtdblock4 rw
spirootfstype=jffs2
spisrcaddr=0xe0000
static_ip=${ipaddr}:${serverip}:${gatewayip}:${netmask}:${hostname}::off
stderr=serial
stdin=serial
stdout=serial
usbnet_devaddr=78:c5:e5:d9:d6:07
vendor=ti
ver=U-Boot 2014.07-g67b4cea (Mar 20 2015 - 13:25:28)
Environment size: 4702/131068 bytes
U-Boot# 
- 03:28:18 [INFO] Host: setenv bootargs ''${bootargs}' ip=:::::eth0:dhcp '
- 03:28:18 [INFO] Target: 
setenv bootargs ''${bootargs}' ip=:::::eth0:dhcp '
U-Boot# 
- 03:28:18 [INFO] Host: setenv serverip '192.168.0.1'
- 03:28:18 [INFO] Target: 
setenv serverip '192.168.0.1'
U-Boot# 
- 03:28:18 [INFO] Host: setenv autoload 'no'
- 03:28:18 [INFO] Target: 
setenv autoload 'no'
U-Boot# 
- 03:28:18 [INFO] Host: dhcp
- 03:28:19 [INFO] Target: 
dhcp
link up on port 0, speed 100, full duplex
BOOTP broadcast 1
DHCP client bound to address 192.168.0.154
U-Boot# 
- 03:28:19 [INFO] Host: tftp ${loadaddr} 192.168.0.1:vatf_bbw1/a7ae332c82c1a0a26091a1bc392701ec
- 03:28:21 [INFO] Target: 
tftp ${loadaddr} 192.168.0.1:vatf_bbw1/a7ae332c82c1a0a26091a1bc392701ec
link up on port 0, speed 100, full duplex
Using cpsw device
TFTP from server 192.168.0.1; our IP address is 192.168.0.154
Filename 'vatf_bbw1/a7ae332c82c1a0a26091a1bc392701ec'.
Load address: 0x82000000
Loading: *#################################################################
	 #################################################################
	 #################################################################
	 #################################################################
	 #################################################################
	 #################################################################
	 #####################################################
	 3.7 MiB/s
done
Bytes transferred = 6500496 (633090 hex)
U-Boot# 
- 03:28:21 [INFO] Host: tftp ${fdt_addr_r} 192.168.0.1:vatf_bbw1/c1aff9305f2999e785797cbef0ee1bf9
- 03:28:21 [INFO] Target: 
tftp ${fdt_addr_r} 192.168.0.1:vatf_bbw1/c1aff9305f2999e785797cbef0ee1bf9
link up on port 0, speed 100, full duplex
Using cpsw device
TFTP from server 192.168.0.1; our IP address is 192.168.0.154
Filename 'vatf_bbw1/c1aff9305f2999e785797cbef0ee1bf9'.
Load address: 0x88000000
Loading: *###
	 3.3 MiB/s
done
Bytes transferred = 30732 (780c hex)
U-Boot# 
- 03:28:21 [INFO] Host: ls mmc 0:1
- 03:28:21 [INFO] Target: 
ls mmc 0:1
    77192   mlo 
   446424   u-boot.img 
       14   .ipaddr 
        4   ws-calibrate.rules 
        0   pointercal 
5 file(s), 0 dir(s)
U-Boot# 
- 03:28:21 [INFO] Host: ls mmc 0:2
- 03:28:21 [INFO] Target: 
ls mmc 0:2
<DIR>       4096 .
<DIR>       4096 ..
<DIR>       4096 include
<DIR>       4096 srv
<DIR>       4096 home
<DIR>       4096 media
<DIR>       4096 opt
<DIR>       4096 var
<DIR>       4096 sys
<DIR>       4096 boot
<DIR>       4096 dev
<DIR>       4096 usr
<DIR>       4096 bin
<DIR>       4096 mnt
<DIR>       4096 etc
<DIR>       4096 sbin
<DIR>       4096 www
<SYM>          8 tmp
<DIR>       4096 proc
<DIR>       4096 run
<DIR>       4096 lib
<DIR>       4096 test
U-Boot# 
- 03:28:21 [INFO] Host: part uuid mmc 0:2
- 03:28:21 [INFO] Target: 
part uuid mmc 0:2
00000000-02
U-Boot# 
- 03:28:21 [INFO] Host: printenv
- 03:28:22 [INFO] Target: 
printenv
arch=arm
autoload=no
baudrate=115200
board=am335x
board_name=A335BONE
board_rev=00A6
boot_fdt=try
bootargs=console=ttyO0,115200n8 earlyprintk rootwait  ip=:::::eth0:dhcp 
bootcmd=
bootcount=1
bootdelay=1
bootdir=/boot
bootenv=uEnv.txt
bootfile=zImage
bootm_size=0x10000000
bootpart=0:2
console=ttyO0,115200n8
cpu=armv7
dfu_alt_info_emmc=rawemmc raw 0 3751936;boot part 1 1;rootfs part 1 2;MLO fat 1 1;MLO.raw raw 0x100 0x100;u-boot.img.raw raw 0x300 0x400;spl-os-args.raw raw 0x80 0x80;spl-os-image.raw raw 0x900 0x2000;spl-os-args fat 1 1;spl-os-image fat 1 1;u-boot.img fat 1 1;uEnv.txt fat 1 1
dfu_alt_info_mmc=boot part 0 1;rootfs part 0 2;MLO fat 0 1;MLO.raw raw 0x100 0x100;u-boot.img.raw raw 0x300 0x400;spl-os-args.raw raw 0x80 0x80;spl-os-image.raw raw 0x900 0x2000;spl-os-args fat 0 1;spl-os-image fat 0 1;u-boot.img fat 0 1;uEnv.txt fat 0 1
dfu_alt_info_nand=SPL part 0 1;SPL.backup1 part 0 2;SPL.backup2 part 0 3;SPL.backup3 part 0 4;u-boot part 0 5;u-boot-spl-os part 0 6;kernel part 0 8;rootfs part 0 9
dfu_alt_info_ram=kernel ram 0x80200000 0xD80000;fdt ram 0x80F80000 0x80000;ramdisk ram 0x81000000 0x4000000
dnsip=192.0.2.2
dnsip2=192.0.2.3
eth1addr=78:c5:e5:d9:d6:07
ethact=cpsw
ethaddr=78:c5:e5:d9:d6:06
fdt_addr_r=0x88000000
fdtaddr=0x88000000
fdtfile=undefined
fileaddr=88000000
filesize=780c
findfdt=if test $board_name = A335BONE; then setenv fdtfile am335x-bone.dtb; fi; if test $board_name = A335BNLT; then setenv fdtfile am335x-boneblack.dtb; fi; if test $board_name = A33515BB; then setenv fdtfile am335x-evm.dtb; fi; if test $board_name = A335X_SK; then setenv fdtfile am335x-evmsk.dtb; fi; if test $fdtfile = undefined; then echo WARNING: Could not determine device tree to use; fi; 
gatewayip=192.168.0.1
importbootenv=echo Importing environment from mmc ...; env import -t -r $loadaddr $filesize
ipaddr=192.168.0.154
kernel_addr_r=0x82000000
loadaddr=0x82000000
loadbootenv=load mmc ${mmcdev} ${loadaddr} ${bootenv}
loadfdt=load mmc ${bootpart} ${fdtaddr} ${bootdir}/${fdtfile}
loadimage=load mmc ${bootpart} ${loadaddr} ${bootdir}/${bootfile}
loadramdisk=load mmc ${mmcdev} ${rdaddr} ramdisk.gz
mmcargs=setenv bootargs console=${console} ${optargs} root=${mmcroot} rootfstype=${mmcrootfstype}
mmcboot=mmc dev ${mmcdev}; if mmc rescan; then echo SD/MMC found on device ${mmcdev};if run loadbootenv; then echo Loaded environment from ${bootenv};run importbootenv;fi;if test -n $uenvcmd; then echo Running uenvcmd ...;run uenvcmd;fi;if run loadimage; then run mmcloados;fi;fi;
mmcdev=0
mmcloados=run mmcargs; if test ${boot_fdt} = yes || test ${boot_fdt} = try; then if run loadfdt; then bootz ${loadaddr} - ${fdtaddr}; else if test ${boot_fdt} = try; then bootz; else echo WARN: Cannot load the DT; fi; fi; else bootz; fi;
mmcroot=/dev/mmcblk0p2 ro
mmcrootfstype=ext4 rootwait
mtdids=nand0=nand.0
mtdparts=mtdparts=nand.0:128k(NAND.SPL),128k(NAND.SPL.backup1),128k(NAND.SPL.backup2),128k(NAND.SPL.backup3),256k(NAND.u-boot-spl-os),1m(NAND.u-boot),128k(NAND.u-boot-env),128k(NAND.u-boot-env.backup1),8m(NAND.kernel),-(NAND.file-system)
nandargs=setenv bootargs console=${console} ${optargs} root=${nandroot} rootfstype=${nandrootfstype}
nandboot=echo Booting from nand ...; run nandargs; nand read ${fdtaddr} NAND.u-boot-spl-os; nand read ${loadaddr} NAND.kernel; bootz ${loadaddr} - ${fdtaddr}
nandroot=ubi0:rootfs rw ubi.mtd=NAND.file-system,2048
nandrootfstype=ubifs rootwait=1
netargs=setenv bootargs console=${console} ${optargs} root=/dev/nfs nfsroot=${serverip}:${rootpath},${nfsopts} rw ip=dhcp
netboot=echo Booting from network ...; setenv autoload no; dhcp; tftp ${loadaddr} ${bootfile}; tftp ${fdtaddr} ${fdtfile}; run netargs; bootz ${loadaddr} - ${fdtaddr}
netmask=255.255.255.0
nfsopts=nolock
partitions=uuid_disk=${uuid_gpt_disk};name=rootfs,start=2MiB,size=-,uuid=${uuid_gpt_rootfs}
ramargs=setenv bootargs console=${console} ${optargs} root=${ramroot} rootfstype=${ramrootfstype}
ramboot=echo Booting from ramdisk ...; run ramargs; bootz ${loadaddr} ${rdaddr} ${fdtaddr}
ramdisk_addr_r=0x88080000
ramroot=/dev/ram0 rw
ramrootfstype=ext2
rdaddr=0x88080000
rootpath=/export/rootfs
serverip=192.168.0.1
soc=am33xx
spiargs=setenv bootargs console=${console} ${optargs} root=${spiroot} rootfstype=${spirootfstype}
spiboot=echo Booting from spi ...; run spiargs; sf probe ${spibusno}:0; sf read ${loadaddr} ${spisrcaddr} ${spiimgsize}; bootz ${loadaddr}
spibusno=0
spiimgsize=0x362000
spiroot=/dev/mtdblock4 rw
spirootfstype=jffs2
spisrcaddr=0xe0000
static_ip=${ipaddr}:${serverip}:${gatewayip}:${netmask}:${hostname}::off
stderr=serial
stdin=serial
stdout=serial
usbnet_devaddr=78:c5:e5:d9:d6:07
vendor=ti
ver=U-Boot 2014.07-g67b4cea (Mar 20 2015 - 13:25:28)
Environment size: 4865/131068 bytes
U-Boot# 
- 03:28:22 [INFO] Host: setenv bootargs ''${bootargs}' root=PARTUUID=00000000-02 rw rootfstype=ext4 rootwait '
- 03:28:22 [INFO] Target: 
setenv bootargs ''${bootargs}' root=PARTUUID=00000000-02 rw rootfstype=ext4 rootwait '
U-Boot# 
- 03:28:22 [INFO] Host: printenv
- 03:28:23 [INFO] Target: 
printenv
arch=arm
autoload=no
baudrate=115200
board=am335x
board_name=A335BONE
board_rev=00A6
boot_fdt=try
bootargs=console=ttyO0,115200n8 earlyprintk rootwait  ip=:::::eth0:dhcp  root=PARTUUID=00000000-02 rw rootfstype=ext4 rootwait 
bootcmd=
bootcount=1
bootdelay=1
bootdir=/boot
bootenv=uEnv.txt
bootfile=zImage
bootm_size=0x10000000
bootpart=0:2
console=ttyO0,115200n8
cpu=armv7
dfu_alt_info_emmc=rawemmc raw 0 3751936;boot part 1 1;rootfs part 1 2;MLO fat 1 1;MLO.raw raw 0x100 0x100;u-boot.img.raw raw 0x300 0x400;spl-os-args.raw raw 0x80 0x80;spl-os-image.raw raw 0x900 0x2000;spl-os-args fat 1 1;spl-os-image fat 1 1;u-boot.img fat 1 1;uEnv.txt fat 1 1
dfu_alt_info_mmc=boot part 0 1;rootfs part 0 2;MLO fat 0 1;MLO.raw raw 0x100 0x100;u-boot.img.raw raw 0x300 0x400;spl-os-args.raw raw 0x80 0x80;spl-os-image.raw raw 0x900 0x2000;spl-os-args fat 0 1;spl-os-image fat 0 1;u-boot.img fat 0 1;uEnv.txt fat 0 1
dfu_alt_info_nand=SPL part 0 1;SPL.backup1 part 0 2;SPL.backup2 part 0 3;SPL.backup3 part 0 4;u-boot part 0 5;u-boot-spl-os part 0 6;kernel part 0 8;rootfs part 0 9
dfu_alt_info_ram=kernel ram 0x80200000 0xD80000;fdt ram 0x80F80000 0x80000;ramdisk ram 0x81000000 0x4000000
dnsip=192.0.2.2
dnsip2=192.0.2.3
eth1addr=78:c5:e5:d9:d6:07
ethact=cpsw
ethaddr=78:c5:e5:d9:d6:06
fdt_addr_r=0x88000000
fdtaddr=0x88000000
fdtfile=undefined
fileaddr=88000000
filesize=780c
findfdt=if test $board_name = A335BONE; then setenv fdtfile am335x-bone.dtb; fi; if test $board_name = A335BNLT; then setenv fdtfile am335x-boneblack.dtb; fi; if test $board_name = A33515BB; then setenv fdtfile am335x-evm.dtb; fi; if test $board_name = A335X_SK; then setenv fdtfile am335x-evmsk.dtb; fi; if test $fdtfile = undefined; then echo WARNING: Could not determine device tree to use; fi; 
gatewayip=192.168.0.1
importbootenv=echo Importing environment from mmc ...; env import -t -r $loadaddr $filesize
ipaddr=192.168.0.154
kernel_addr_r=0x82000000
loadaddr=0x82000000
loadbootenv=load mmc ${mmcdev} ${loadaddr} ${bootenv}
loadfdt=load mmc ${bootpart} ${fdtaddr} ${bootdir}/${fdtfile}
loadimage=load mmc ${bootpart} ${loadaddr} ${bootdir}/${bootfile}
loadramdisk=load mmc ${mmcdev} ${rdaddr} ramdisk.gz
mmcargs=setenv bootargs console=${console} ${optargs} root=${mmcroot} rootfstype=${mmcrootfstype}
mmcboot=mmc dev ${mmcdev}; if mmc rescan; then echo SD/MMC found on device ${mmcdev};if run loadbootenv; then echo Loaded environment from ${bootenv};run importbootenv;fi;if test -n $uenvcmd; then echo Running uenvcmd ...;run uenvcmd;fi;if run loadimage; then run mmcloados;fi;fi;
mmcdev=0
mmcloados=run mmcargs; if test ${boot_fdt} = yes || test ${boot_fdt} = try; then if run loadfdt; then bootz ${loadaddr} - ${fdtaddr}; else if test ${boot_fdt} = try; then bootz; else echo WARN: Cannot load the DT; fi; fi; else bootz; fi;
mmcroot=/dev/mmcblk0p2 ro
mmcrootfstype=ext4 rootwait
mtdids=nand0=nand.0
mtdparts=mtdparts=nand.0:128k(NAND.SPL),128k(NAND.SPL.backup1),128k(NAND.SPL.backup2),128k(NAND.SPL.backup3),256k(NAND.u-boot-spl-os),1m(NAND.u-boot),128k(NAND.u-boot-env),128k(NAND.u-boot-env.backup1),8m(NAND.kernel),-(NAND.file-system)
nandargs=setenv bootargs console=${console} ${optargs} root=${nandroot} rootfstype=${nandrootfstype}
nandboot=echo Booting from nand ...; run nandargs; nand read ${fdtaddr} NAND.u-boot-spl-os; nand read ${loadaddr} NAND.kernel; bootz ${loadaddr} - ${fdtaddr}
nandroot=ubi0:rootfs rw ubi.mtd=NAND.file-system,2048
nandrootfstype=ubifs rootwait=1
netargs=setenv bootargs console=${console} ${optargs} root=/dev/nfs nfsroot=${serverip}:${rootpath},${nfsopts} rw ip=dhcp
netboot=echo Booting from network ...; setenv autoload no; dhcp; tftp ${loadaddr} ${bootfile}; tftp ${fdtaddr} ${fdtfile}; run netargs; bootz ${loadaddr} - ${fdtaddr}
netmask=255.255.255.0
nfsopts=nolock
partitions=uuid_disk=${uuid_gpt_disk};name=rootfs,start=2MiB,size=-,uuid=${uuid_gpt_rootfs}
ramargs=setenv bootargs console=${console} ${optargs} root=${ramroot} rootfstype=${ramrootfstype}
ramboot=echo Booting from ramdisk ...; run ramargs; bootz ${loadaddr} ${rdaddr} ${fdtaddr}
ramdisk_addr_r=0x88080000
ramroot=/dev/ram0 rw
ramrootfstype=ext2
rdaddr=0x88080000
rootpath=/export/rootfs
serverip=192.168.0.1
soc=am33xx
spiargs=setenv bootargs console=${console} ${optargs} root=${spiroot} rootfstype=${spirootfstype}
spiboot=echo Booting from spi ...; run spiargs; sf probe ${spibusno}:0; sf read ${loadaddr} ${spisrcaddr} ${spiimgsize}; bootz ${loadaddr}
spibusno=0
spiimgsize=0x362000
spiroot=/dev/mtdblock4 rw
spirootfstype=jffs2
spisrcaddr=0xe0000
static_ip=${ipaddr}:${serverip}:${gatewayip}:${netmask}:${hostname}::off
stderr=serial
stdin=serial
stdout=serial
usbnet_devaddr=78:c5:e5:d9:d6:07
vendor=ti
ver=U-Boot 2014.07-g67b4cea (Mar 20 2015 - 13:25:28)
Environment size: 4920/131068 bytes
U-Boot# 
- 03:28:23 [INFO] Host: setenv bootcmd ''${bootcmd}' if iminfo ${loadaddr}; then bootm ${loadaddr} - ${fdt_addr_r}; else bootz ${loadaddr} - ${fdt_addr_r}; bootm ${loadaddr} - ${fdt_addr_r}; fi'
- 03:28:23 [INFO] Target: 
setenv bootcmd ''${bootcmd}' if iminfo ${loadaddr}; then bootm ${loadaddr} - ${fdt_addr_r}; else bootz ${loadaddr} - ${fdt_addr_r}; bootm ${loadaddr} - ${fdt_addr_r}; fi'
U-Boot# 
- 03:28:23 [INFO] Host: version
- 03:28:23 [INFO] Target: 
version
U-Boot 2014.07-g67b4cea (Mar 20 2015 - 13:25:28)
arm-linux-gnueabihf-gcc (crosstool-NG linaro-1.13.1-4.7-2013.03-20130313 - Linaro GCC 2013.03) 4.7.3 20130226 (prerelease)
GNU ld (crosstool-NG linaro-1.13.1-4.7-2013.03-20130313 - Linaro GCC 2013.03) 2.23.1
U-Boot# 
- 03:28:23 [INFO] Host: bdinfo
- 03:28:23 [INFO] Target: 
bdinfo
arch_number = 0x00000E05
boot_params = 0x80000100
DRAM bank   = 0x00000000
-> start    = 0x80000000
-> size     = 0x10000000
eth0name    = cpsw
ethaddr     = 78:c5:e5:d9:d6:06
eth1name    = usb_ether
eth1addr    = 78:c5:e5:d9:d6:07
current eth = cpsw
ip_addr     = 192.168.0.154
baudrate    = 115200 bps
TLB addr    = 0x8FFF0000
relocaddr   = 0x8F741000
reloc off   = 0x0EF41000
irq_sp      = 0x8E720EE0
sp start    = 0x8E720ED0
U-Boot# 
- 03:28:23 [INFO] Host: mmc rescan; echo $?
- 03:28:23 [INFO] Target: 
mmc rescan; echo $?
U-Boot# 
- 03:28:23 [INFO] Host: fatwrite mmc ${mmcdev}:1 ${loadaddr} ws-calibrate.rules 4
- 03:28:23 [INFO] Target: 
fatwrite mmc ${mmcdev}:1 ${loadaddr} ws-calibrate.rules 4
writing ws-calibrate.rules
4 bytes written
U-Boot# 
- 03:28:23 [INFO] Host: boot
- 03:31:53 [ERROR] On command: boot waiting for boot.+?(?-mix:login:) >>> error: execution expired
- 03:31:53 [INFO] Target: 
boot
## Checking Image at 82000000 ...
Unknown image format!
Kernel image @ 0x82000000 [ 0x000000 - 0x633090 ]
## Flattened Device Tree blob at 88000000
   Booting using the fdt blob at 0x88000000
   Loading Device Tree to 8e715000, end 8e71f80b ... OK
Starting kernel ...
[    0.000000] Booting Linux on physical CPU 0x0
[    0.000000] Linux version 4.4.0-rc2-00002-g38b69734e004 (nmenon@kahuna) (gcc version 4.6.3 (Ubuntu/Linaro 4.6.3-1ubuntu5) ) #1 SMP Mon Nov 23 02:30:15 CST 2015
[    0.000000] CPU: ARMv7 Processor [413fc082] revision 2 (ARMv7), cr=10c5387d
[    0.000000] CPU: PIPT / VIPT nonaliasing data cache, VIPT aliasing instruction cache
[    0.000000] Machine model: TI AM335x BeagleBone
[    0.000000] cma: Reserved 64 MiB at 0x8a000000
[    0.000000] Memory policy: Data cache writeback
[    0.000000] CPU: All CPU(s) started in SVC mode.
[    0.000000] AM335X ES1.0 (sgx neon )
[    0.000000] PERCPU: Embedded 12 pages/cpu @cfba6000 s19136 r8192 d21824 u49152
[    0.000000] Built 1 zonelists in Zone order, mobility grouping on.  Total pages: 64512
[    0.000000] Kernel command line: console=ttyO0,115200n8 earlyprintk rootwait  ip=:::::eth0:dhcp  root=PARTUUID=00000000-02 rw rootfstype=ext4 rootwait 
[    0.000000] PID hash table entries: 1024 (order: 0, 4096 bytes)
[    0.000000] Dentry cache hash table entries: 32768 (order: 5, 131072 bytes)
[    0.000000] Inode-cache hash table entries: 16384 (order: 4, 65536 bytes)
[    0.000000] Memory: 177476K/260096K available (8244K kernel code, 1040K rwdata, 3732K rodata, 1056K init, 340K bss, 17084K reserved, 65536K cma-reserved, 0K highmem)
[    0.000000] Virtual kernel memory layout:
[    0.000000]     vector  : 0xffff0000 - 0xffff1000   (   4 kB)
[    0.000000]     fixmap  : 0xffc00000 - 0xfff00000   (3072 kB)
[    0.000000]     vmalloc : 0xd0800000 - 0xff800000   ( 752 MB)
[    0.000000]     lowmem  : 0xc0000000 - 0xd0000000   ( 256 MB)
[    0.000000]     pkmap   : 0xbfe00000 - 0xc0000000   (   2 MB)
[    0.000000]     modules : 0xbf000000 - 0xbfe00000   (  14 MB)
[    0.000000]       .text : 0xc0208000 - 0xc0dbb2dc   (11981 kB)
[    0.000000]       .init : 0xc0dbc000 - 0xc0ec4000   (1056 kB)
[    0.000000]       .data : 0xc0ec4000 - 0xc0fc8060   (1041 kB)
[    0.000000]        .bss : 0xc0fcb000 - 0xc10203e0   ( 341 kB)
[    0.000000] SLUB: HWalign=64, Order=0-3, MinObjects=0, CPUs=1, Nodes=1
[    0.000000] Hierarchical RCU implementation.
[    0.000000] 	Build-time adjustment of leaf fanout to 32.
[    0.000000] 	RCU restricting CPUs from NR_CPUS=16 to nr_cpu_ids=1.
[    0.000000] RCU: Adjusting geometry for rcu_fanout_leaf=32, nr_cpu_ids=1
[    0.000000] NR_IRQS:16 nr_irqs:16 16
[    0.000000] IRQ: Found an INTC at 0xfa200000 (revision 5.0) with 128 interrupts
[    0.000000] OMAP clockevent source: timer2 at 24000000 Hz
[    0.000016] sched_clock: 32 bits at 24MHz, resolution 41ns, wraps every 89478484971ns
[    0.000041] clocksource: timer1: mask: 0xffffffff max_cycles: 0xffffffff, max_idle_ns: 79635851949 ns
[    0.000055] OMAP clocksource: timer1 at 24000000 Hz
[    0.000278] Console: colour dummy device 80x30
[    0.000320] Calibrating delay loop... 717.61 BogoMIPS (lpj=1794048)
[    0.059079] pid_max: default: 32768 minimum: 301
[    0.059236] Mount-cache hash table entries: 1024 (order: 0, 4096 bytes)
[    0.059249] Mountpoint-cache hash table entries: 1024 (order: 0, 4096 bytes)
[    0.060089] CPU: Testing write buffer coherency: ok
[    0.060522] CPU0: thread -1, cpu 0, socket -1, mpidr 0
[    0.060638] Setting up static identity map for 0x80209000 - 0x80209098
[    0.064614] Brought up 1 CPUs
[    0.064637] SMP: Total of 1 processors activated (717.61 BogoMIPS).
[    0.064647] CPU: All CPU(s) started in SVC mode.
[    0.066368] devtmpfs: initialized
[    0.077870] VFP support v0.3: implementor 41 architecture 3 part 30 variant c rev 3
[    0.091986] omap_hwmod: tptc0 using broken dt data from edma
[    0.092157] omap_hwmod: tptc1 using broken dt data from edma
[    0.092303] omap_hwmod: tptc2 using broken dt data from edma
[    0.097435] omap_hwmod: debugss: _wait_target_disable failed
[    0.153702] clocksource: jiffies: mask: 0xffffffff max_cycles: 0xffffffff, max_idle_ns: 9556302231375000 ns
[    0.158921] pinctrl core: initialized pinctrl subsystem
[    0.161761] NET: Registered protocol family 16
[    0.164777] DMA: preallocated 256 KiB pool for atomic coherent allocations
[    0.167156] cpuidle: using governor ladder
[    0.167181] cpuidle: using governor menu
[    0.172888] OMAP GPIO hardware version 0.1
[    0.184591] No ATAGs?
[    0.184630] hw-breakpoint: debug architecture 0x4 unsupported.
[    0.185435] omap4_sram_init:Unable to allocate sram needed to handle errata I688
[    0.185453] omap4_sram_init:Unable to get sram pool needed to handle errata I688
[    0.188917] Serial: AMBA PL011 UART driver
[    0.206910] edma 49000000.edma: Legacy memcpy is enabled, things might not work
[    0.214369] edma 49000000.edma: TI EDMA DMA engine driver
[    0.218363] vgaarb: loaded
[    0.219717] SCSI subsystem initialized
[    0.220515] usbcore: registered new interface driver usbfs
[    0.220602] usbcore: registered new interface driver hub
[    0.220684] usbcore: registered new device driver usb
[    0.221585] omap_i2c 44e0b000.i2c: could not find pctldev for node /ocp/l4_wkup@44c00000/scm@210000/pinmux@800/pinmux_i2c0_pins, deferring probe
[    0.221649] omap_i2c 4819c000.i2c: could not find pctldev for node /ocp/l4_wkup@44c00000/scm@210000/pinmux@800/pinmux_i2c2_pins, deferring probe
[    0.222367] pps_core: LinuxPPS API ver. 1 registered
[    0.222379] pps_core: Software ver. 5.3.6 - Copyright 2005-2007 Rodolfo Giometti <giometti@linux.it>
[    0.222412] PTP clock support registered
[    0.222643] EDAC MC: Ver: 3.0.0
[    0.226185] clocksource: Switched to clocksource timer1
[    0.240057] NET: Registered protocol family 2
[    0.240900] TCP established hash table entries: 2048 (order: 1, 8192 bytes)
[    0.240943] TCP bind hash table entries: 2048 (order: 2, 16384 bytes)
[    0.240989] TCP: Hash tables configured (established 2048 bind 2048)
[    0.241079] UDP hash table entries: 256 (order: 1, 8192 bytes)
[    0.241106] UDP-Lite hash table entries: 256 (order: 1, 8192 bytes)
[    0.241414] NET: Registered protocol family 1
[    0.241935] RPC: Registered named UNIX socket transport module.
[    0.241952] RPC: Registered udp transport module.
[    0.241960] RPC: Registered tcp transport module.
[    0.241968] RPC: Registered tcp NFSv4.1 backchannel transport module.
[    0.243175] hw perfevents: enabled with armv7_cortex_a8 PMU driver, 5 counters available
[    0.245543] futex hash table entries: 256 (order: 2, 16384 bytes)
[    0.261938] squashfs: version 4.0 (2009/01/31) Phillip Lougher
[    0.263243] NFS: Registering the id_resolver key type
[    0.263321] Key type id_resolver registered
[    0.263331] Key type id_legacy registered
[    0.263421] ntfs: driver 2.1.32 [Flags: R/O].
[    0.265636] Block layer SCSI generic (bsg) driver version 0.4 loaded (major 249)
[    0.265668] io scheduler noop registered
[    0.265682] io scheduler deadline registered
[    0.265727] io scheduler cfq registered (default)
[    0.270407] pinctrl-single 44e10800.pinmux: 142 pins at pa f9e10800 size 568
[    0.357846] Serial: 8250/16550 driver, 4 ports, IRQ sharing disabled
[    0.361053] SuperH (H)SCI(F) driver initialized
[    0.362052] msm_serial: driver initialized
[    0.362750] omap_uart 44e09000.serial: no wakeirq for uart0
[    0.362975] 44e09000.serial: ttyO0 at MMIO 0x44e09000 (irq = 155, base_baud = 3000000) is a OMAP UART0
[    1.041818] console [ttyO0] enabled
[    1.046086] STMicroelectronics ASC driver initialized
[    1.053132] [drm] Initialized drm 1.1.0 20060810
[    1.069021] loop: module loaded
[    1.080328] libphy: Fixed MDIO Bus: probed
[    1.085638] CAN device driver interface
[    1.090958] igb: Intel(R) Gigabit Ethernet Network Driver - version 5.3.0-k
[    1.098281] igb: Copyright (c) 2007-2014 Intel Corporation.
[    1.161288] davinci_mdio 4a101000.mdio: davinci mdio revision 1.6
[    1.167715] davinci_mdio 4a101000.mdio: detected phy mask fffffffe
[    1.175208] libphy: 4a101000.mdio: probed
[    1.179505] davinci_mdio 4a101000.mdio: phy[0]: device 4a101000.mdio:00, driver SMSC LAN8710/LAN8720
[    1.191076] cpsw 4a100000.ethernet: Detected MACID = 78:c5:e5:d9:d6:06
[    1.199728] pegasus: v0.9.3 (2013/04/25), Pegasus/Pegasus II USB Ethernet driver
[    1.207685] usbcore: registered new interface driver pegasus
[    1.213735] usbcore: registered new interface driver asix
[    1.219494] usbcore: registered new interface driver ax88179_178a
[    1.225960] usbcore: registered new interface driver cdc_ether
[    1.232172] usbcore: registered new interface driver smsc75xx
[    1.238290] usbcore: registered new interface driver smsc95xx
[    1.244382] usbcore: registered new interface driver net1080
[    1.250382] usbcore: registered new interface driver cdc_subset
[    1.256653] usbcore: registered new interface driver zaurus
[    1.262647] usbcore: registered new interface driver cdc_ncm
[    1.270510] ehci_hcd: USB 2.0 'Enhanced' Host Controller (EHCI) Driver
[    1.277425] ehci-pci: EHCI PCI platform driver
[    1.282184] ehci-platform: EHCI generic platform driver
[    1.287915] ehci-omap: OMAP-EHCI Host Controller driver
[    1.293579] ehci-orion: EHCI orion driver
[    1.297964] SPEAr-ehci: EHCI SPEAr driver
[    1.302344] ehci-st: EHCI STMicroelectronics driver
[    1.307624] ehci-exynos: EHCI EXYNOS driver
[    1.312186] ehci-atmel: EHCI Atmel driver
[    1.316555] tegra-ehci: Tegra EHCI driver
[    1.320897] ohci_hcd: USB 1.1 'Open' Host Controller (OHCI) Driver
[    1.327435] ohci-pci: OHCI PCI platform driver
[    1.332210] ohci-platform: OHCI generic platform driver
[    1.337898] ohci-omap3: OHCI OMAP3 driver
[    1.342282] SPEAr-ohci: OHCI SPEAr driver
[    1.346658] ohci-st: OHCI STMicroelectronics driver
[    1.351935] ohci-atmel: OHCI Atmel driver
[    1.356716] usbcore: registered new interface driver usb-storage
[    1.364903] mousedev: PS/2 mouse device common for all mice
[    1.375207] i2c /dev entries driver
[    1.387068] sdhci: Secure Digital Host Controller Interface driver
[    1.393619] sdhci: Copyright(c) Pierre Ossman
[    1.399401] omap_hsmmc 48060000.mmc: Got CD GPIO
[    1.405786] Synopsys Designware Multimedia Card Interface Driver
[    1.413246] sdhci-pltfm: SDHCI platform and OF driver helper
[    1.422221] ledtrig-cpu: registered to indicate activity on CPUs
[    1.428955] usbcore: registered new interface driver usbhid
[    1.434821] usbhid: USB HID core driver
[    1.444162] NET: Registered protocol family 10
[    1.450440] sit: IPv6 over IPv4 tunneling driver
[    1.456473] NET: Registered protocol family 17
[    1.461182] can: controller area network core (rev 20120528 abi 9)
[    1.467768] NET: Registered protocol family 29
[    1.472447] can: raw protocol (rev 20120528)
[    1.476934] can: broadcast manager protocol (rev 20120528 t)
[    1.482876] can: netlink gateway (rev 20130117) max_hops=1
[    1.489428] Key type dns_resolver registered
[    1.494282] omap_voltage_late_init: Voltage driver support not added
[    1.502355] ThumbEE CPU extension supported.
[    1.506944] Registering SWP/SWPB emulation handler
[    1.516907] at24 0-0050: 32768 byte 24c256 EEPROM, writable, 1 bytes/write
[    1.524259] omap_i2c 44e0b000.i2c: bus 0 rev0.11 at 400 kHz
[    1.532248] at24 2-0054: 32768 byte 24c256 EEPROM, writable, 1 bytes/write
[    1.539814] at24 2-0055: 32768 byte 24c256 EEPROM, writable, 1 bytes/write
[    1.547307] at24 2-0056: 32768 byte 24c256 EEPROM, writable, 1 bytes/write
[    1.554775] at24 2-0057: 32768 byte 24c256 EEPROM, writable, 1 bytes/write
[    1.562038] omap_i2c 4819c000.i2c: bus 2 rev0.11 at 100 kHz
[    1.570221] omap_hsmmc 48060000.mmc: Got CD GPIO
[    1.577931] hctosys: unable to open rtc device (rtc0)
[    1.589384] net eth0: initializing cpsw version 1.12 (0)
[    1.597545] net eth0: phy found : id is : 0x7c0f1
[    1.602562] libphy: PHY 4a101000.mdio:01 not found
[    1.607592] net eth0: phy 4a101000.mdio:01 not found on slave 1
[    1.619371] IPv6: ADDRCONF(NETDEV_UP): eth0: link is not ready
[    5.626786] cpsw 4a100000.ethernet eth0: Link is Up - 100Mbps/Full - flow control rx/tx
[    5.635270] IPv6: ADDRCONF(NETDEV_CHANGE): eth0: link becomes ready
[    5.646204] Sending DHCP requests ., OK
[    5.656683] IP-Config: Got DHCP answer from 192.168.0.1, my address is 192.168.0.154
[    5.665004] IP-Config: Complete:
[    5.668424]      device=eth0, hwaddr=78:c5:e5:d9:d6:06, ipaddr=192.168.0.154, mask=255.255.255.0, gw=192.168.0.1
[    5.679069]      host=192.168.0.154, domain=ti.com, nis-domain=(none)
[    5.685809]      bootserver=0.0.0.0, rootserver=0.0.0.0, rootpath=
[    5.692096]      nameserver0=192.0.2.2, nameserver1=192.0.2.3
[    5.698450] vmmcsd_fixed: disabling
[    5.703317] Waiting for root device PARTUUID=00000000-02...
[  129.606186] random: nonblocking pool is initialized
- 03:31:53 [INFO] Boot attempt 1/1 failed
URL:gtsystest.telogy.design.ti.com/vatf/tigtfarm03/tigtfarm03_vatf@bbw1/tigtfarm0311_23_2015_03_27_51/files/session_iteration_1/test_1
