- 01:44:09 [INFO] Starting target session
- 01:44:10 [INFO] Connected to beaglebone-black via serial 
- 01:44:10 [INFO] Host: #check prompt
- 01:44:13 [ERROR] On command: #check prompt waiting for #check prompt.+?(?-mix:((?-mix:login:)|[Pp]assword)) >>> error: execution expired
- 01:44:13 [INFO] Target: 
#check prompt
root@am335x-evm:/test# 
- 01:44:13 [INFO] Host: #check prompt
- 01:44:13 [INFO] Target: 
#check prompt
root@am335x-evm:/test# 
- 01:44:13 [INFO] Host: sync;poweroff
- 01:44:30 [INFO] Target: 
sync;poweroff
Broadcast message from root@am335x-evm (ttyO0) (Tue Mar 29 07:27:40 2016):
The system is going down for system halt NOW!
INIT: Switching
INIT: root@am335x-evm:/test# Sending processes the TERM signal
UIM SYSFS Node Not Found
Stopping Dropbear SSH server: stopped /usr/sbin/dropbear (pid 644)
dropbear.
Stopping telnet daemon.
Stopping system message bus: dbus.
hwclock: can't open '/dev/misc/rtc': No such file or directory
Error opening /dev/fb0: No such file or directory
Stopping syslogd/klogd: stopped syslogd (pid 671)
stopped klogd (pid 674)
done
Stopping thttpd.
stopping statd: done
ALSA: Storing mixer settings...
/usr/sbin/alsactl: save_state:1590: No soundcards found...
Stopping rpcbind daemon...
done.
Stopping Lighttpd Web Server: stopped /usr/sbin/lighttpd (pid 683)
lighttpd.
Deconfiguring network interfaces... done.
Stopping Matrix GUI applicationstart-stop-daemon: warning: killing process 691: No such process
EGLFS: Failed to open /dev/fb0
EGLFS: Can't continue without a display
/etc/rc0.d/K97matrix-gui-2.0: line 17:   844 Aborted                 refresh_screen "background-black"
***************************************************************
***************************************************************
NOTICE: This file system contains the followin GPLv3 packages:
	binutils
	gdbserver
If you do not wish to distribute GPLv3 components please remove
the above packages prior to distribution.  This can be done using
the opkg remove command.  i.e.:
    opkg remove <package>
Where <package> is the name printed in the list above
NOTE: If the package is a dependency of another package you
      will be notified of the dependent packages.  You should
      use the --force-removal-of-dependent-packages option to
      also remove the dependent packages as well
***************************************************************
***************************************************************
Sending all processes the TERM signal...
Sending all processes the KILL signal...
Unmounting remote filesystems...
Deactivating swap...
Unmounting local filesystems...
[ 1811.403075] EXT4-fs (mmcblk0p2): re-mounted. Opts: data=ordered
[ 1814.469641] reboot: System halted
- 01:44:30 [INFO] Disconnected serial from beaglebone-black
- 01:44:35 [INFO] Connected to beaglebone-black via serial 
- 01:44:35 [INFO] Host: 
- 01:44:38 [INFO] Target: 
U-Boot SPL 2016.05-rc3-00242-g359d4c4 (May 11 2016 - 07:03:49)
Trying to boot from MMC1
Card doesn't support part_switch
MMC partition switch failed
*** Warning - MMC partition switch failed, using default environment
reading u-boot.img
reading u-boot.img
U-Boot 2016.05-rc3-00242-g359d4c4 (May 11 2016 - 07:03:49 -0500), Build: jenkins-ti-uboot-compile-test-111
       Watchdog enabled
I2C:   ready
DRAM:  512 MiB
MMC:   OMAP SD/MMC: 0, OMAP SD/MMC: 1
<ethaddr> not set. Validating first E-fuse MAC
Net:   cpsw, usb_ether
Press SPACE to abort autoboot in 1 seconds
=>  
=>  
=>  
- 01:44:38 [INFO] Host: 
- 01:44:38 [INFO] Target: 
=>  
- 01:44:38 [INFO] Host: version
- 01:44:38 [INFO] Target: 
version
U-Boot 2016.05-rc3-00242-g359d4c4 (May 11 2016 - 07:03:49 -0500)
arm-linux-gnueabihf-gcc (Linaro GCC 5.3-2016.02) 5.3.1 20160113
GNU ld (GNU Binutils) 2.25.0 Linaro 2015_10
- 01:44:38 [INFO] Host: setenv bootargs 'console=ttyO0,115200n8 earlyprintk=serial,ttyO0,115200n8 rootwait '
- 01:44:38 [INFO] Target: 
setenv bootargs 'console=ttyO0,115200n8 earlyprintk=serial,ttyO0,115200n8 rootwait '
- 01:44:38 [INFO] Host: setenv bootcmd  ''
- 01:44:38 [INFO] Target: 
setenv bootcmd  ''
- 01:44:38 [INFO] Host: setenv autoload 'no'
- 01:44:39 [INFO] Target: 
setenv autoload 'no'
- 01:44:39 [INFO] Host: setenv serverip '192.168.0.1'
- 01:44:39 [INFO] Target: 
setenv serverip '192.168.0.1'
- 01:44:39 [INFO] Host: setenv _initramfs -
- 01:44:39 [INFO] Target: 
setenv _initramfs -
- 01:44:39 [INFO] Host: printenv
- 01:44:39 [INFO] Target: 
printenv
_initramfs=-
arch=arm
args_mmc=run finduuid;setenv bootargs console=${console} ${optargs} root=PARTUUID=${uuid} rw rootfstype=${mmcrootfstype}
autoload=no
baudrate=115200
board=am335x
board_name=A335BNLT
board_rev=0A5C
board_serial=3313BBBK3045
boot_fdt=try
bootargs=console=ttyO0,115200n8 earlyprintk=serial,ttyO0,115200n8 rootwait 
bootcmd=
bootcount=2
bootdelay=1
bootdir=/boot
bootenvfile=uEnv.txt
bootfile=zImage
bootm_size=0x10000000
bootpart=0:2
bootscript=echo Running bootscript from mmc${mmcdev} ...; source ${loadaddr}
console=ttyO0,115200n8
cpu=armv7
dfu_alt_info_emmc=rawemmc raw 0 3751936
dfu_alt_info_mmc=boot part 0 1;rootfs part 0 2;MLO fat 0 1;MLO.raw raw 0x100 0x100;u-boot.img.raw raw 0x300 0x400;spl-os-args.raw raw 0x80 0x80;spl-os-image.raw raw 0x900 0x2000;spl-os-args fat 0 1;spl-os-image fat 0 1;u-boot.img fat 0 1;uEnv.txt fat 0 1
dfu_alt_info_ram=kernel ram 0x80200000 0xD80000;fdt ram 0x80F80000 0x80000;ramdisk ram 0x81000000 0x4000000
envboot=mmc dev ${mmcdev}; if mmc rescan; then echo SD/MMC found on device ${mmcdev};if run loadbootscript; then run bootscript;else if run loadbootenv; then echo Loaded env from ${bootenvfile};run importbootenv;fi;if test -n $uenvcmd; then echo Running uenvcmd ...;run uenvcmd;fi;fi;fi;
eth1addr=c8:a0:30:b0:7b:9a
ethact=cpsw
ethaddr=c8:a0:30:b0:7b:98
fdt_addr_r=0x88000000
fdtaddr=0x88000000
fdtfile=undefined
findfdt=if test $board_name = A335BONE; then setenv fdtfile am335x-bone.dtb; fi; if test $board_name = A335BNLT; then setenv fdtfile am335x-boneblack.dtb; fi; if test $board_name = A33515BB; then setenv fdtfile am335x-evm.dtb; fi; if test $board_name = A335X_SK; then setenv fdtfile am335x-evmsk.dtb; fi; if test $board_name = A335_ICE; then setenv fdtfile am335x-icev2.dtb; fi; if test $fdtfile = undefined; then echo WARNING: Could not determine device tree to use; fi; 
finduuid=part uuid mmc 0:2 uuid
importbootenv=echo Importing environment from mmc${mmcdev} ...; env import -t ${loadaddr} ${filesize}
init_console=if test $board_name = A335_ICE; then setenv console ttyO3,115200n8;else setenv console ttyO0,115200n8;fi;
kernel_addr_r=0x82000000
loadaddr=0x82000000
loadbootenv=fatload mmc ${mmcdev} ${loadaddr} ${bootenvfile}
loadbootscript=load mmc ${mmcdev} ${loadaddr} boot.scr
loadfdt=load mmc ${bootpart} ${fdtaddr} ${bootdir}/${fdtfile}
loadimage=load mmc ${bootpart} ${loadaddr} ${bootdir}/${bootfile}
loadramdisk=load mmc ${mmcdev} ${rdaddr} ramdisk.gz
mmcboot=mmc dev ${mmcdev}; if mmc rescan; then echo SD/MMC found on device ${mmcdev};run envboot; if run loadimage; then run mmcloados;fi;fi;
mmcdev=0
mmcloados=run args_mmc; if test ${boot_fdt} = yes || test ${boot_fdt} = try; then if run loadfdt; then bootz ${loadaddr} - ${fdtaddr}; else if test ${boot_fdt} = try; then bootz; else echo WARN: Cannot load the DT; fi; fi; else bootz; fi;
mmcrootfstype=ext4 rootwait
netargs=setenv bootargs console=${console} ${optargs} root=/dev/nfs nfsroot=${serverip}:${rootpath},${nfsopts} rw ip=dhcp
netboot=echo Booting from network ...; setenv autoload no; dhcp; run netloadimage; run netloadfdt; run netargs; bootz ${loadaddr} - ${fdtaddr}
netloadfdt=tftp ${fdtaddr} ${fdtfile}
netloadimage=tftp ${loadaddr} ${bootfile}
nfsopts=nolock
partitions=uuid_disk=${uuid_gpt_disk};name=rootfs,start=2MiB,size=-,uuid=${uuid_gpt_rootfs}
ramargs=setenv bootargs console=${console} ${optargs} root=${ramroot} rootfstype=${ramrootfstype}
ramboot=echo Booting from ramdisk ...; run ramargs; bootz ${loadaddr} ${rdaddr} ${fdtaddr}
ramdisk_addr_r=0x88080000
ramroot=/dev/ram0 rw
ramrootfstype=ext2
rdaddr=0x88080000
rootpath=/export/rootfs
serverip=192.168.0.1
soc=am33xx
spiargs=setenv bootargs console=${console} ${optargs} root=${spiroot} rootfstype=${spirootfstype}
spiboot=echo Booting from spi ...; run spiargs; sf probe ${spibusno}:0; sf read ${loadaddr} ${spisrcaddr} ${spiimgsize}; bootz ${loadaddr}
spibusno=0
spiimgsize=0x362000
spiroot=/dev/mtdblock4 rw
spirootfstype=jffs2
spisrcaddr=0xe0000
static_ip=${ipaddr}:${serverip}:${gatewayip}:${netmask}:${hostname}::off
stderr=ns16550_serial
stdin=ns16550_serial
stdout=ns16550_serial
vendor=ti
ver=U-Boot 2016.05-rc3-00242-g359d4c4 (May 11 2016 - 07:03:49 -0500)
Environment size: 4345/131067 bytes
- 01:44:39 [INFO] Host: printenv
- 01:44:40 [INFO] Target: 
printenv
_initramfs=-
arch=arm
args_mmc=run finduuid;setenv bootargs console=${console} ${optargs} root=PARTUUID=${uuid} rw rootfstype=${mmcrootfstype}
autoload=no
baudrate=115200
board=am335x
board_name=A335BNLT
board_rev=0A5C
board_serial=3313BBBK3045
boot_fdt=try
bootargs=console=ttyO0,115200n8 earlyprintk=serial,ttyO0,115200n8 rootwait 
bootcmd=
bootcount=2
bootdelay=1
bootdir=/boot
bootenvfile=uEnv.txt
bootfile=zImage
bootm_size=0x10000000
bootpart=0:2
bootscript=echo Running bootscript from mmc${mmcdev} ...; source ${loadaddr}
console=ttyO0,115200n8
cpu=armv7
dfu_alt_info_emmc=rawemmc raw 0 3751936
dfu_alt_info_mmc=boot part 0 1;rootfs part 0 2;MLO fat 0 1;MLO.raw raw 0x100 0x100;u-boot.img.raw raw 0x300 0x400;spl-os-args.raw raw 0x80 0x80;spl-os-image.raw raw 0x900 0x2000;spl-os-args fat 0 1;spl-os-image fat 0 1;u-boot.img fat 0 1;uEnv.txt fat 0 1
dfu_alt_info_ram=kernel ram 0x80200000 0xD80000;fdt ram 0x80F80000 0x80000;ramdisk ram 0x81000000 0x4000000
envboot=mmc dev ${mmcdev}; if mmc rescan; then echo SD/MMC found on device ${mmcdev};if run loadbootscript; then run bootscript;else if run loadbootenv; then echo Loaded env from ${bootenvfile};run importbootenv;fi;if test -n $uenvcmd; then echo Running uenvcmd ...;run uenvcmd;fi;fi;fi;
eth1addr=c8:a0:30:b0:7b:9a
ethact=cpsw
ethaddr=c8:a0:30:b0:7b:98
fdt_addr_r=0x88000000
fdtaddr=0x88000000
fdtfile=undefined
findfdt=if test $board_name = A335BONE; then setenv fdtfile am335x-bone.dtb; fi; if test $board_name = A335BNLT; then setenv fdtfile am335x-boneblack.dtb; fi; if test $board_name = A33515BB; then setenv fdtfile am335x-evm.dtb; fi; if test $board_name = A335X_SK; then setenv fdtfile am335x-evmsk.dtb; fi; if test $board_name = A335_ICE; then setenv fdtfile am335x-icev2.dtb; fi; if test $fdtfile = undefined; then echo WARNING: Could not determine device tree to use; fi; 
finduuid=part uuid mmc 0:2 uuid
importbootenv=echo Importing environment from mmc${mmcdev} ...; env import -t ${loadaddr} ${filesize}
init_console=if test $board_name = A335_ICE; then setenv console ttyO3,115200n8;else setenv console ttyO0,115200n8;fi;
kernel_addr_r=0x82000000
loadaddr=0x82000000
loadbootenv=fatload mmc ${mmcdev} ${loadaddr} ${bootenvfile}
loadbootscript=load mmc ${mmcdev} ${loadaddr} boot.scr
loadfdt=load mmc ${bootpart} ${fdtaddr} ${bootdir}/${fdtfile}
loadimage=load mmc ${bootpart} ${loadaddr} ${bootdir}/${bootfile}
loadramdisk=load mmc ${mmcdev} ${rdaddr} ramdisk.gz
mmcboot=mmc dev ${mmcdev}; if mmc rescan; then echo SD/MMC found on device ${mmcdev};run envboot; if run loadimage; then run mmcloados;fi;fi;
mmcdev=0
mmcloados=run args_mmc; if test ${boot_fdt} = yes || test ${boot_fdt} = try; then if run loadfdt; then bootz ${loadaddr} - ${fdtaddr}; else if test ${boot_fdt} = try; then bootz; else echo WARN: Cannot load the DT; fi; fi; else bootz; fi;
mmcrootfstype=ext4 rootwait
netargs=setenv bootargs console=${console} ${optargs} root=/dev/nfs nfsroot=${serverip}:${rootpath},${nfsopts} rw ip=dhcp
netboot=echo Booting from network ...; setenv autoload no; dhcp; run netloadimage; run netloadfdt; run netargs; bootz ${loadaddr} - ${fdtaddr}
netloadfdt=tftp ${fdtaddr} ${fdtfile}
netloadimage=tftp ${loadaddr} ${bootfile}
nfsopts=nolock
partitions=uuid_disk=${uuid_gpt_disk};name=rootfs,start=2MiB,size=-,uuid=${uuid_gpt_rootfs}
ramargs=setenv bootargs console=${console} ${optargs} root=${ramroot} rootfstype=${ramrootfstype}
ramboot=echo Booting from ramdisk ...; run ramargs; bootz ${loadaddr} ${rdaddr} ${fdtaddr}
ramdisk_addr_r=0x88080000
ramroot=/dev/ram0 rw
ramrootfstype=ext2
rdaddr=0x88080000
rootpath=/export/rootfs
serverip=192.168.0.1
soc=am33xx
spiargs=setenv bootargs console=${console} ${optargs} root=${spiroot} rootfstype=${spirootfstype}
spiboot=echo Booting from spi ...; run spiargs; sf probe ${spibusno}:0; sf read ${loadaddr} ${spisrcaddr} ${spiimgsize}; bootz ${loadaddr}
spibusno=0
spiimgsize=0x362000
spiroot=/dev/mtdblock4 rw
spirootfstype=jffs2
spisrcaddr=0xe0000
static_ip=${ipaddr}:${serverip}:${gatewayip}:${netmask}:${hostname}::off
stderr=ns16550_serial
stdin=ns16550_serial
stdout=ns16550_serial
vendor=ti
ver=U-Boot 2016.05-rc3-00242-g359d4c4 (May 11 2016 - 07:03:49 -0500)
Environment size: 4345/131067 bytes
- 01:44:40 [INFO] Host: setenv bootargs ''${bootargs}' ip=:::::eth0:dhcp '
- 01:44:40 [INFO] Target: 
setenv bootargs ''${bootargs}' ip=:::::eth0:dhcp '
- 01:44:40 [INFO] Host: setenv serverip '192.168.0.1'
- 01:44:40 [INFO] Target: 
setenv serverip '192.168.0.1'
- 01:44:40 [INFO] Host: setenv autoload 'no'
- 01:44:40 [INFO] Target: 
setenv autoload 'no'
- 01:44:40 [INFO] Host: dhcp
- 01:44:41 [INFO] Target: 
dhcp
link up on port 0, speed 100, full duplex
BOOTP broadcast 1
BOOTP broadcast 2
BOOTP broadcast 3
DHCP client bound to address 192.168.0.111 (1004 ms)
- 01:44:41 [INFO] Host: tftp ${loadaddr} 192.168.0.1:vatf_bbb2/50e84130709d56e937234a176da3983d
- 01:44:43 [INFO] Target: 
tftp ${loadaddr} 192.168.0.1:vatf_bbb2/50e84130709d56e937234a176da3983d
link up on port 0, speed 100, full duplex
Using cpsw device
TFTP from server 192.168.0.1; our IP address is 192.168.0.111
Filename 'vatf_bbb2/50e84130709d56e937234a176da3983d'.
Load address: 0x82000000
Loading: *#################################################################
	 #################################################################
	 #################################################################
	 #################################################################
	 #################################################################
	 #################################################################
	 #################################################################
	 #######################
	 3.6 MiB/s
done
Bytes transferred = 7016928 (6b11e0 hex)
- 01:44:43 [INFO] Host: tftp ${fdt_addr_r} 192.168.0.1:vatf_bbb2/09d078d29dbe2408b55d138285b81607
- 01:44:43 [INFO] Target: 
tftp ${fdt_addr_r} 192.168.0.1:vatf_bbb2/09d078d29dbe2408b55d138285b81607
link up on port 0, speed 100, full duplex
Using cpsw device
TFTP from server 192.168.0.1; our IP address is 192.168.0.111
Filename 'vatf_bbb2/09d078d29dbe2408b55d138285b81607'.
Load address: 0x88000000
Loading: *###
	 3.1 MiB/s
done
Bytes transferred = 32777 (8009 hex)
- 01:44:43 [INFO] Host: ls mmc 0:1
- 01:44:43 [INFO] Target: 
ls mmc 0:1
    76644   mlo 
   360596   u-boot.img 
        0   pointercal 
       14   .ipaddr 
        4   ws-calibrate.rules 
5 file(s), 0 dir(s)
- 01:44:43 [INFO] Host: ls mmc 0:2
- 01:44:43 [INFO] Target: 
ls mmc 0:2
<DIR>       4096 .
<DIR>       4096 ..
<DIR>       4096 bin
<DIR>       4096 dev
<DIR>       4096 sys
<DIR>       4096 lib
<DIR>       4096 srv
<DIR>       4096 mnt
<DIR>       4096 proc
<DIR>       4096 boot
<DIR>       4096 sbin
<DIR>       4096 run
<SYM>          8 tmp
<DIR>       4096 home
<DIR>       4096 var
<DIR>       4096 www
<DIR>       4096 opt
<DIR>       4096 usr
<DIR>       4096 media
<DIR>       4096 etc
<DIR>       4096 test
- 01:44:43 [INFO] Host: part uuid mmc 0:2
- 01:44:43 [INFO] Target: 
part uuid mmc 0:2
00000000-02
- 01:44:43 [INFO] Host: printenv
- 01:44:44 [INFO] Target: 
printenv
_initramfs=-
arch=arm
args_mmc=run finduuid;setenv bootargs console=${console} ${optargs} root=PARTUUID=${uuid} rw rootfstype=${mmcrootfstype}
autoload=no
baudrate=115200
board=am335x
board_name=A335BNLT
board_rev=0A5C
board_serial=3313BBBK3045
boot_fdt=try
bootargs=console=ttyO0,115200n8 earlyprintk=serial,ttyO0,115200n8 rootwait  ip=:::::eth0:dhcp 
bootcmd=
bootcount=2
bootdelay=1
bootdir=/boot
bootenvfile=uEnv.txt
bootfile=zImage
bootm_size=0x10000000
bootpart=0:2
bootscript=echo Running bootscript from mmc${mmcdev} ...; source ${loadaddr}
console=ttyO0,115200n8
cpu=armv7
dfu_alt_info_emmc=rawemmc raw 0 3751936
dfu_alt_info_mmc=boot part 0 1;rootfs part 0 2;MLO fat 0 1;MLO.raw raw 0x100 0x100;u-boot.img.raw raw 0x300 0x400;spl-os-args.raw raw 0x80 0x80;spl-os-image.raw raw 0x900 0x2000;spl-os-args fat 0 1;spl-os-image fat 0 1;u-boot.img fat 0 1;uEnv.txt fat 0 1
dfu_alt_info_ram=kernel ram 0x80200000 0xD80000;fdt ram 0x80F80000 0x80000;ramdisk ram 0x81000000 0x4000000
dnsip=192.0.2.2
dnsip2=192.0.2.3
envboot=mmc dev ${mmcdev}; if mmc rescan; then echo SD/MMC found on device ${mmcdev};if run loadbootscript; then run bootscript;else if run loadbootenv; then echo Loaded env from ${bootenvfile};run importbootenv;fi;if test -n $uenvcmd; then echo Running uenvcmd ...;run uenvcmd;fi;fi;fi;
eth1addr=c8:a0:30:b0:7b:9a
ethact=cpsw
ethaddr=c8:a0:30:b0:7b:98
fdt_addr_r=0x88000000
fdtaddr=0x88000000
fdtfile=undefined
fileaddr=88000000
filesize=8009
findfdt=if test $board_name = A335BONE; then setenv fdtfile am335x-bone.dtb; fi; if test $board_name = A335BNLT; then setenv fdtfile am335x-boneblack.dtb; fi; if test $board_name = A33515BB; then setenv fdtfile am335x-evm.dtb; fi; if test $board_name = A335X_SK; then setenv fdtfile am335x-evmsk.dtb; fi; if test $board_name = A335_ICE; then setenv fdtfile am335x-icev2.dtb; fi; if test $fdtfile = undefined; then echo WARNING: Could not determine device tree to use; fi; 
finduuid=part uuid mmc 0:2 uuid
gatewayip=192.168.0.1
importbootenv=echo Importing environment from mmc${mmcdev} ...; env import -t ${loadaddr} ${filesize}
init_console=if test $board_name = A335_ICE; then setenv console ttyO3,115200n8;else setenv console ttyO0,115200n8;fi;
ipaddr=192.168.0.111
kernel_addr_r=0x82000000
loadaddr=0x82000000
loadbootenv=fatload mmc ${mmcdev} ${loadaddr} ${bootenvfile}
loadbootscript=load mmc ${mmcdev} ${loadaddr} boot.scr
loadfdt=load mmc ${bootpart} ${fdtaddr} ${bootdir}/${fdtfile}
loadimage=load mmc ${bootpart} ${loadaddr} ${bootdir}/${bootfile}
loadramdisk=load mmc ${mmcdev} ${rdaddr} ramdisk.gz
mmcboot=mmc dev ${mmcdev}; if mmc rescan; then echo SD/MMC found on device ${mmcdev};run envboot; if run loadimage; then run mmcloados;fi;fi;
mmcdev=0
mmcloados=run args_mmc; if test ${boot_fdt} = yes || test ${boot_fdt} = try; then if run loadfdt; then bootz ${loadaddr} - ${fdtaddr}; else if test ${boot_fdt} = try; then bootz; else echo WARN: Cannot load the DT; fi; fi; else bootz; fi;
mmcrootfstype=ext4 rootwait
netargs=setenv bootargs console=${console} ${optargs} root=/dev/nfs nfsroot=${serverip}:${rootpath},${nfsopts} rw ip=dhcp
netboot=echo Booting from network ...; setenv autoload no; dhcp; run netloadimage; run netloadfdt; run netargs; bootz ${loadaddr} - ${fdtaddr}
netloadfdt=tftp ${fdtaddr} ${fdtfile}
netloadimage=tftp ${loadaddr} ${bootfile}
netmask=255.255.255.0
nfsopts=nolock
partitions=uuid_disk=${uuid_gpt_disk};name=rootfs,start=2MiB,size=-,uuid=${uuid_gpt_rootfs}
ramargs=setenv bootargs console=${console} ${optargs} root=${ramroot} rootfstype=${ramrootfstype}
ramboot=echo Booting from ramdisk ...; run ramargs; bootz ${loadaddr} ${rdaddr} ${fdtaddr}
ramdisk_addr_r=0x88080000
ramroot=/dev/ram0 rw
ramrootfstype=ext2
rdaddr=0x88080000
rootpath=/export/rootfs
serverip=192.168.0.1
soc=am33xx
spiargs=setenv bootargs console=${console} ${optargs} root=${spiroot} rootfstype=${spirootfstype}
spiboot=echo Booting from spi ...; run spiargs; sf probe ${spibusno}:0; sf read ${loadaddr} ${spisrcaddr} ${spiimgsize}; bootz ${loadaddr}
spibusno=0
spiimgsize=0x362000
spiroot=/dev/mtdblock4 rw
spirootfstype=jffs2
spisrcaddr=0xe0000
static_ip=${ipaddr}:${serverip}:${gatewayip}:${netmask}:${hostname}::off
stderr=ns16550_serial
stdin=ns16550_serial
stdout=ns16550_serial
vendor=ti
ver=U-Boot 2016.05-rc3-00242-g359d4c4 (May 11 2016 - 07:03:49 -0500)
Environment size: 4508/131067 bytes
- 01:44:44 [INFO] Host: setenv bootargs ''${bootargs}' root=PARTUUID=00000000-02 rw rootfstype=ext4 rootwait '
- 01:44:44 [INFO] Target: 
setenv bootargs ''${bootargs}' root=PARTUUID=00000000-02 rw rootfstype=ext4 rootwait '
- 01:44:44 [INFO] Host: printenv
- 01:44:44 [INFO] Target: 
printenv
_initramfs=-
arch=arm
args_mmc=run finduuid;setenv bootargs console=${console} ${optargs} root=PARTUUID=${uuid} rw rootfstype=${mmcrootfstype}
autoload=no
baudrate=115200
board=am335x
board_name=A335BNLT
board_rev=0A5C
board_serial=3313BBBK3045
boot_fdt=try
bootargs=console=ttyO0,115200n8 earlyprintk=serial,ttyO0,115200n8 rootwait  ip=:::::eth0:dhcp  root=PARTUUID=00000000-02 rw rootfstype=ext4 rootwait 
bootcmd=
bootcount=2
bootdelay=1
bootdir=/boot
bootenvfile=uEnv.txt
bootfile=zImage
bootm_size=0x10000000
bootpart=0:2
bootscript=echo Running bootscript from mmc${mmcdev} ...; source ${loadaddr}
console=ttyO0,115200n8
cpu=armv7
dfu_alt_info_emmc=rawemmc raw 0 3751936
dfu_alt_info_mmc=boot part 0 1;rootfs part 0 2;MLO fat 0 1;MLO.raw raw 0x100 0x100;u-boot.img.raw raw 0x300 0x400;spl-os-args.raw raw 0x80 0x80;spl-os-image.raw raw 0x900 0x2000;spl-os-args fat 0 1;spl-os-image fat 0 1;u-boot.img fat 0 1;uEnv.txt fat 0 1
dfu_alt_info_ram=kernel ram 0x80200000 0xD80000;fdt ram 0x80F80000 0x80000;ramdisk ram 0x81000000 0x4000000
dnsip=192.0.2.2
dnsip2=192.0.2.3
envboot=mmc dev ${mmcdev}; if mmc rescan; then echo SD/MMC found on device ${mmcdev};if run loadbootscript; then run bootscript;else if run loadbootenv; then echo Loaded env from ${bootenvfile};run importbootenv;fi;if test -n $uenvcmd; then echo Running uenvcmd ...;run uenvcmd;fi;fi;fi;
eth1addr=c8:a0:30:b0:7b:9a
ethact=cpsw
ethaddr=c8:a0:30:b0:7b:98
fdt_addr_r=0x88000000
fdtaddr=0x88000000
fdtfile=undefined
fileaddr=88000000
filesize=8009
findfdt=if test $board_name = A335BONE; then setenv fdtfile am335x-bone.dtb; fi; if test $board_name = A335BNLT; then setenv fdtfile am335x-boneblack.dtb; fi; if test $board_name = A33515BB; then setenv fdtfile am335x-evm.dtb; fi; if test $board_name = A335X_SK; then setenv fdtfile am335x-evmsk.dtb; fi; if test $board_name = A335_ICE; then setenv fdtfile am335x-icev2.dtb; fi; if test $fdtfile = undefined; then echo WARNING: Could not determine device tree to use; fi; 
finduuid=part uuid mmc 0:2 uuid
gatewayip=192.168.0.1
importbootenv=echo Importing environment from mmc${mmcdev} ...; env import -t ${loadaddr} ${filesize}
init_console=if test $board_name = A335_ICE; then setenv console ttyO3,115200n8;else setenv console ttyO0,115200n8;fi;
ipaddr=192.168.0.111
kernel_addr_r=0x82000000
loadaddr=0x82000000
loadbootenv=fatload mmc ${mmcdev} ${loadaddr} ${bootenvfile}
loadbootscript=load mmc ${mmcdev} ${loadaddr} boot.scr
loadfdt=load mmc ${bootpart} ${fdtaddr} ${bootdir}/${fdtfile}
loadimage=load mmc ${bootpart} ${loadaddr} ${bootdir}/${bootfile}
loadramdisk=load mmc ${mmcdev} ${rdaddr} ramdisk.gz
mmcboot=mmc dev ${mmcdev}; if mmc rescan; then echo SD/MMC found on device ${mmcdev};run envboot; if run loadimage; then run mmcloados;fi;fi;
mmcdev=0
mmcloados=run args_mmc; if test ${boot_fdt} = yes || test ${boot_fdt} = try; then if run loadfdt; then bootz ${loadaddr} - ${fdtaddr}; else if test ${boot_fdt} = try; then bootz; else echo WARN: Cannot load the DT; fi; fi; else bootz; fi;
mmcrootfstype=ext4 rootwait
netargs=setenv bootargs console=${console} ${optargs} root=/dev/nfs nfsroot=${serverip}:${rootpath},${nfsopts} rw ip=dhcp
netboot=echo Booting from network ...; setenv autoload no; dhcp; run netloadimage; run netloadfdt; run netargs; bootz ${loadaddr} - ${fdtaddr}
netloadfdt=tftp ${fdtaddr} ${fdtfile}
netloadimage=tftp ${loadaddr} ${bootfile}
netmask=255.255.255.0
nfsopts=nolock
partitions=uuid_disk=${uuid_gpt_disk};name=rootfs,start=2MiB,size=-,uuid=${uuid_gpt_rootfs}
ramargs=setenv bootargs console=${console} ${optargs} root=${ramroot} rootfstype=${ramrootfstype}
ramboot=echo Booting from ramdisk ...; run ramargs; bootz ${loadaddr} ${rdaddr} ${fdtaddr}
ramdisk_addr_r=0x88080000
ramroot=/dev/ram0 rw
ramrootfstype=ext2
rdaddr=0x88080000
rootpath=/export/rootfs
serverip=192.168.0.1
soc=am33xx
spiargs=setenv bootargs console=${console} ${optargs} root=${spiroot} rootfstype=${spirootfstype}
spiboot=echo Booting from spi ...; run spiargs; sf probe ${spibusno}:0; sf read ${loadaddr} ${spisrcaddr} ${spiimgsize}; bootz ${loadaddr}
spibusno=0
spiimgsize=0x362000
spiroot=/dev/mtdblock4 rw
spirootfstype=jffs2
spisrcaddr=0xe0000
static_ip=${ipaddr}:${serverip}:${gatewayip}:${netmask}:${hostname}::off
stderr=ns16550_serial
stdin=ns16550_serial
stdout=ns16550_serial
vendor=ti
ver=U-Boot 2016.05-rc3-00242-g359d4c4 (May 11 2016 - 07:03:49 -0500)
Environment size: 4563/131067 bytes
- 01:44:44 [INFO] Host: setenv bootcmd ''${bootcmd}' if iminfo ${loadaddr}; then bootm ${loadaddr} ${_initramfs} ${fdt_addr_r}; else bootz ${loadaddr} ${_initramfs} ${fdt_addr_r}; bootm ${loadaddr} ${_initramfs} ${fdt_addr_r}; fi'
- 01:44:45 [INFO] Target: 
setenv bootcmd ''${bootcmd}' if iminfo ${loadaddr}; then bootm ${loadaddr} ${_initramfs} ${fdt_addr_r}; else bootz ${loadaddr} ${_initramfs} ${fdt_addr_r}; bootm ${loadaddr} ${_initramfs} ${fdt_addr_r}; fi'
- 01:44:45 [INFO] Host: version
- 01:44:45 [INFO] Target: 
version
U-Boot 2016.05-rc3-00242-g359d4c4 (May 11 2016 - 07:03:49 -0500)
arm-linux-gnueabihf-gcc (Linaro GCC 5.3-2016.02) 5.3.1 20160113
GNU ld (GNU Binutils) 2.25.0 Linaro 2015_10
- 01:44:45 [INFO] Host: bdinfo
- 01:44:45 [INFO] Target: 
bdinfo
arch_number = 0x00000E05
boot_params = 0x80000100
DRAM bank   = 0x00000000
-> start    = 0x80000000
-> size     = 0x20000000
eth0name    = cpsw
ethaddr     = c8:a0:30:b0:7b:98
eth1name    = usb_ether
eth1addr    = c8:a0:30:b0:7b:9a
current eth = cpsw
ip_addr     = 192.168.0.111
baudrate    = 115200 bps
TLB addr    = 0x9FFF0000
relocaddr   = 0x9FF56000
reloc off   = 0x1F756000
irq_sp      = 0x9EF35EC0
sp start    = 0x9EF35EB0
- 01:44:45 [INFO] Host: mmc rescan; echo $?
- 01:44:45 [INFO] Target: 
mmc rescan; echo $?
- 01:44:45 [INFO] Host: fatwrite mmc ${mmcdev}:1 ${loadaddr} ws-calibrate.rules 4
- 01:44:45 [INFO] Target: 
fatwrite mmc ${mmcdev}:1 ${loadaddr} ws-calibrate.rules 4
writing ws-calibrate.rules
4 bytes written
- 01:44:45 [INFO] Host: boot
- 01:45:14 [INFO] Target: 
boot
## Checking Image at 82000000 ...
Unknown image format!
Kernel image @ 0x82000000 [ 0x000000 - 0x6b11e0 ]
## Flattened Device Tree blob at 88000000
   Booting using the fdt blob at 0x88000000
   Loading Device Tree to 8fff4000, end 8ffff008 ... OK
Starting kernel ...
[    0.000000] Booting Linux on physical CPU 0x0
[    0.000000] Linux version 4.6.0-next-20160525-00002-g82e9e251a853 (nmenon@horus) (gcc version 4.9.3 20150413 (prerelease) (Linaro GCC 4.9-2015.05) ) #1 SMP Wed May 25 00:38:39 CDT 2016
[    0.000000] CPU: ARMv7 Processor [413fc082] revision 2 (ARMv7), cr=10c5387d
[    0.000000] CPU: PIPT / VIPT nonaliasing data cache, VIPT aliasing instruction cache
[    0.000000] Machine model: TI AM335x BeagleBone Black
[    0.000000] cma: Reserved 64 MiB at 0x9b800000
[    0.000000] Memory policy: Data cache writeback
[    0.000000] CPU: All CPU(s) started in SVC mode.
[    0.000000] AM335X ES2.0 (sgx neon )
[    0.000000] percpu: Embedded 13 pages/cpu @df9a2000 s23744 r8192 d21312 u53248
[    0.000000] Built 1 zonelists in Zone order, mobility grouping on.  Total pages: 129536
[    0.000000] Kernel command line: console=ttyO0,115200n8 earlyprintk=serial,ttyO0,115200n8 rootwait  ip=:::::eth0:dhcp  root=PARTUUID=00000000-02 rw rootfstype=ext4 rootwait 
[    0.000000] PID hash table entries: 2048 (order: 1, 8192 bytes)
[    0.000000] Dentry cache hash table entries: 65536 (order: 6, 262144 bytes)
[    0.000000] Inode-cache hash table entries: 32768 (order: 5, 131072 bytes)
[    0.000000] Memory: 433980K/522240K available (9470K kernel code, 1082K rwdata, 4300K rodata, 2048K init, 343K bss, 22724K reserved, 65536K cma-reserved, 0K highmem)
[    0.000000] Virtual kernel memory layout:
[    0.000000]     vector  : 0xffff0000 - 0xffff1000   (   4 kB)
[    0.000000]     fixmap  : 0xffc00000 - 0xfff00000   (3072 kB)
[    0.000000]     vmalloc : 0xe0800000 - 0xff800000   ( 496 MB)
[    0.000000]     lowmem  : 0xc0000000 - 0xe0000000   ( 512 MB)
[    0.000000]     pkmap   : 0xbfe00000 - 0xc0000000   (   2 MB)
[    0.000000]     modules : 0xbf000000 - 0xbfe00000   (  14 MB)
[    0.000000]       .text : 0xc0208000 - 0xc1072a5c   (14763 kB)
[    0.000000]       .init : 0xc1100000 - 0xc1300000   (2048 kB)
[    0.000000]       .data : 0xc1300000 - 0xc140ea20   (1083 kB)
[    0.000000]        .bss : 0xc1410000 - 0xc1465c20   ( 344 kB)
[    0.000000] SLUB: HWalign=64, Order=0-3, MinObjects=0, CPUs=1, Nodes=1
[    0.000000] Hierarchical RCU implementation.
[    0.000000] 	Build-time adjustment of leaf fanout to 32.
[    0.000000] 	RCU restricting CPUs from NR_CPUS=16 to nr_cpu_ids=1.
[    0.000000] RCU: Adjusting geometry for rcu_fanout_leaf=32, nr_cpu_ids=1
[    0.000000] NR_IRQS:16 nr_irqs:16 16
[    0.000000] IRQ: Found an INTC at 0xfa200000 (revision 5.0) with 128 interrupts
[    0.000000] OMAP clockevent source: timer2 at 24000000 Hz
[    0.000014] sched_clock: 32 bits at 24MHz, resolution 41ns, wraps every 89478484971ns
[    0.000033] clocksource: timer1: mask: 0xffffffff max_cycles: 0xffffffff, max_idle_ns: 79635851949 ns
[    0.000042] OMAP clocksource: timer1 at 24000000 Hz
[    0.000213] Console: colour dummy device 80x30
[    0.000248] Calibrating delay loop... 997.78 BogoMIPS (lpj=2494464)
[    0.059262] pid_max: default: 32768 minimum: 301
[    0.059384] Mount-cache hash table entries: 1024 (order: 0, 4096 bytes)
[    0.059394] Mountpoint-cache hash table entries: 1024 (order: 0, 4096 bytes)
[    0.060055] CPU: Testing write buffer coherency: ok
[    0.060386] CPU0: thread -1, cpu 0, socket -1, mpidr 0
[    0.060437] Setting up static identity map for 0x80300000 - 0x80300098
[    0.063588] Brought up 1 CPUs
[    0.063607] SMP: Total of 1 processors activated (997.78 BogoMIPS).
[    0.063615] CPU: All CPU(s) started in SVC mode.
[    0.064999] devtmpfs: initialized
[    0.073583] VFP support v0.3: implementor 41 architecture 3 part 30 variant c rev 3
[    0.074345] clocksource: jiffies: mask: 0xffffffff max_cycles: 0xffffffff, max_idle_ns: 9556302231375000 ns
[    0.078035] pinctrl core: initialized pinctrl subsystem
[    0.080233] NET: Registered protocol family 16
[    0.082254] DMA: preallocated 256 KiB pool for atomic coherent allocations
[    0.100852] omap_hwmod: debugss: _wait_target_disable failed
[    0.156798] cpuidle: using governor menu
[    0.162421] OMAP GPIO hardware version 0.1
[    0.173151] No ATAGs?
[    0.173175] hw-breakpoint: debug architecture 0x4 unsupported.
[    0.173574] omap4_sram_init:Unable to allocate sram needed to handle errata I688
[    0.173585] omap4_sram_init:Unable to get sram pool needed to handle errata I688
[    0.177099] Serial: AMBA PL011 UART driver
[    0.196076] edma 49000000.edma: TI EDMA DMA engine driver
[    0.199066] vgaarb: loaded
[    0.200001] SCSI subsystem initialized
[    0.200576] usbcore: registered new interface driver usbfs
[    0.200642] usbcore: registered new interface driver hub
[    0.200713] usbcore: registered new device driver usb
[    0.201360] omap_i2c 44e0b000.i2c: could not find pctldev for node /ocp/l4_wkup@44c00000/scm@210000/pinmux@800/pinmux_i2c0_pins, deferring probe
[    0.201406] omap_i2c 4819c000.i2c: could not find pctldev for node /ocp/l4_wkup@44c00000/scm@210000/pinmux@800/pinmux_i2c2_pins, deferring probe
[    0.201967] pps_core: LinuxPPS API ver. 1 registered
[    0.201975] pps_core: Software ver. 5.3.6 - Copyright 2005-2007 Rodolfo Giometti <giometti@linux.it>
[    0.202006] PTP clock support registered
[    0.202158] EDAC MC: Ver: 3.0.0
[    0.204888] clocksource: Switched to clocksource timer1
[    0.214818] NET: Registered protocol family 2
[    0.215558] TCP established hash table entries: 4096 (order: 2, 16384 bytes)
[    0.215611] TCP bind hash table entries: 4096 (order: 3, 32768 bytes)
[    0.215670] TCP: Hash tables configured (established 4096 bind 4096)
[    0.215739] UDP hash table entries: 256 (order: 1, 8192 bytes)
[    0.215759] UDP-Lite hash table entries: 256 (order: 1, 8192 bytes)
[    0.215895] NET: Registered protocol family 1
[    0.216274] RPC: Registered named UNIX socket transport module.
[    0.216286] RPC: Registered udp transport module.
[    0.216292] RPC: Registered tcp transport module.
[    0.216298] RPC: Registered tcp NFSv4.1 backchannel transport module.
[    0.217271] hw perfevents: enabled with armv7_cortex_a8 PMU driver, 5 counters available
[    0.219026] futex hash table entries: 256 (order: 2, 16384 bytes)
[    0.220003] workingset: timestamp_bits=28 max_order=17 bucket_order=0
[    0.230524] squashfs: version 4.0 (2009/01/31) Phillip Lougher
[    0.231516] NFS: Registering the id_resolver key type
[    0.231583] Key type id_resolver registered
[    0.231590] Key type id_legacy registered
[    0.231642] ntfs: driver 2.1.32 [Flags: R/O].
[    0.233269] Block layer SCSI generic (bsg) driver version 0.4 loaded (major 248)
[    0.233285] io scheduler noop registered
[    0.233293] io scheduler deadline registered
[    0.233323] io scheduler cfq registered (default)
[    0.237535] pinctrl-single 44e10800.pinmux: 142 pins at pa f9e10800 size 568
[    0.302991] Serial: 8250/16550 driver, 4 ports, IRQ sharing disabled
[    0.305803] SuperH (H)SCI(F) driver initialized
[    0.306508] msm_serial: driver initialized
[    0.306812] omap_uart 44e09000.serial: no wakeirq for uart0
[    0.306980] 44e09000.serial: ttyO0 at MMIO 0x44e09000 (irq = 158, base_baud = 3000000) is a OMAP UART0
[    0.971113] console [ttyO0] enabled
[    0.975255] STMicroelectronics ASC driver initialized
[    0.982522] omap_rng 48310000.rng: OMAP Random Number Generator ver. 20
[    0.990676] [drm] Initialized drm 1.1.0 20060810
[    1.010026] brd: module loaded
[    1.019234] loop: module loaded
[    1.029561] libphy: Fixed MDIO Bus: probed
[    1.034655] CAN device driver interface
[    1.040074] igb: Intel(R) Gigabit Ethernet Network Driver - version 5.3.0-k
[    1.047409] igb: Copyright (c) 2007-2014 Intel Corporation.
[    1.109970] davinci_mdio 4a101000.mdio: davinci mdio revision 1.6
[    1.116412] davinci_mdio 4a101000.mdio: detected phy mask fffffffe
[    1.123765] libphy: 4a101000.mdio: probed
[    1.128053] davinci_mdio 4a101000.mdio: phy[0]: device 4a101000.mdio:00, driver SMSC LAN8710/LAN8720
[    1.139458] cpsw 4a100000.ethernet: Detected MACID = c8:a0:30:b0:7b:98
[    1.147754] pegasus: v0.9.3 (2013/04/25), Pegasus/Pegasus II USB Ethernet driver
[    1.155700] usbcore: registered new interface driver pegasus
[    1.161732] usbcore: registered new interface driver asix
[    1.167468] usbcore: registered new interface driver ax88179_178a
[    1.173922] usbcore: registered new interface driver cdc_ether
[    1.180121] usbcore: registered new interface driver smsc75xx
[    1.186224] usbcore: registered new interface driver smsc95xx
[    1.192310] usbcore: registered new interface driver net1080
[    1.198304] usbcore: registered new interface driver cdc_subset
[    1.204570] usbcore: registered new interface driver zaurus
[    1.210525] usbcore: registered new interface driver cdc_ncm
[    1.218138] ehci_hcd: USB 2.0 'Enhanced' Host Controller (EHCI) Driver
[    1.225052] ehci-pci: EHCI PCI platform driver
[    1.229771] ehci-platform: EHCI generic platform driver
[    1.235458] ehci-omap: OMAP-EHCI Host Controller driver
[    1.241100] ehci-orion: EHCI orion driver
[    1.245448] SPEAr-ehci: EHCI SPEAr driver
[    1.249761] ehci-st: EHCI STMicroelectronics driver
[    1.255019] ehci-exynos: EHCI EXYNOS driver
[    1.259522] ehci-atmel: EHCI Atmel driver
[    1.263863] tegra-ehci: Tegra EHCI driver
[    1.268225] ohci_hcd: USB 1.1 'Open' Host Controller (OHCI) Driver
[    1.274765] ohci-pci: OHCI PCI platform driver
[    1.279510] ohci-platform: OHCI generic platform driver
[    1.285170] ohci-omap3: OHCI OMAP3 driver
[    1.289496] SPEAr-ohci: OHCI SPEAr driver
[    1.293849] ohci-st: OHCI STMicroelectronics driver
[    1.299109] ohci-atmel: OHCI Atmel driver
[    1.303922] usbcore: registered new interface driver usb-storage
[    1.311763] mousedev: PS/2 mouse device common for all mice
[    1.320916] i2c /dev entries driver
[    1.333224] sdhci: Secure Digital Host Controller Interface driver
[    1.339788] sdhci: Copyright(c) Pierre Ossman
[    1.345444] omap_hsmmc 48060000.mmc: Got CD GPIO
[    1.410918] Synopsys Designware Multimedia Card Interface Driver
[    1.418125] sdhci-pltfm: SDHCI platform and OF driver helper
[    1.426612] ledtrig-cpu: registered to indicate activity on CPUs
[    1.433399] usbcore: registered new interface driver usbhid
[    1.439289] usbhid: USB HID core driver
[    1.448110] NET: Registered protocol family 10
[    1.454173] sit: IPv6 over IPv4 tunneling driver
[    1.459958] NET: Registered protocol family 17
[    1.464641] can: controller area network core (rev 20120528 abi 9)
[    1.471234] NET: Registered protocol family 29
[    1.475919] can: raw protocol (rev 20120528)
[    1.480415] can: broadcast manager protocol (rev 20120528 t)
[    1.486368] can: netlink gateway (rev 20130117) max_hops=1
[    1.492778] Key type dns_resolver registered
[    1.497576] omap_voltage_late_init: Voltage driver support not added
[    1.504424] ThumbEE CPU extension supported.
[    1.508942] Registering SWP/SWPB emulation handler
[    1.514220] mmc0: host does not support reading read-only switch, assuming write-enable
[    1.526217] mmc0: new high speed SDHC card at address 1234
[    1.536537] mmcblk0: mmc0:1234 SA04G 3.64 GiB 
[    1.545449]  mmcblk0: p1 p2 p3
[    1.563147] tps65217 0-0024: TPS65217 ID 0xe version 1.2
[    1.569293] at24 0-0050: 32768 byte 24c256 EEPROM, writable, 1 bytes/write
[    1.576824] omap_i2c 44e0b000.i2c: bus 0 rev0.11 at 400 kHz
[    1.584657] at24 2-0054: 32768 byte 24c256 EEPROM, writable, 1 bytes/write
[    1.592267] at24 2-0055: 32768 byte 24c256 EEPROM, writable, 1 bytes/write
[    1.599850] at24 2-0056: 32768 byte 24c256 EEPROM, writable, 1 bytes/write
[    1.607372] at24 2-0057: 32768 byte 24c256 EEPROM, writable, 1 bytes/write
[    1.614655] omap_i2c 4819c000.i2c: bus 2 rev0.11 at 100 kHz
[    1.621364] hctosys: unable to open rtc device (rtc0)
[    1.631112] net eth0: initializing cpsw version 1.12 (0)
[    1.639154] SMSC LAN8710/LAN8720 4a101000.mdio:00: attached PHY driver [SMSC LAN8710/LAN8720] (mii_bus:phy_addr=4a101000.mdio:00, irq=-1)
[    1.652221] libphy: PHY 4a101000.mdio:01 not found
[    1.657273] net eth0: phy "4a101000.mdio:01" not found on slave 1, err -19
[    1.669570] IPv6: ADDRCONF(NETDEV_UP): eth0: link is not ready
[    1.676715] mmc1: new high speed MMC card at address 0001
[    1.683168] mmcblk1: mmc1:0001 MMC02G 1.79 GiB 
[    1.688289] mmcblk1boot0: mmc1:0001 MMC02G partition 1 1.00 MiB
[    1.694773] mmcblk1boot1: mmc1:0001 MMC02G partition 2 1.00 MiB
[    1.702996]  mmcblk1: p1
[    5.665537] cpsw 4a100000.ethernet eth0: Link is Up - 100Mbps/Full - flow control rx/tx
[    5.674040] IPv6: ADDRCONF(NETDEV_CHANGE): eth0: link becomes ready
[    5.684908] Sending DHCP requests ., OK
[    5.695386] IP-Config: Got DHCP answer from 192.168.0.1, my address is 192.168.0.111
[    5.703697] IP-Config: Complete:
[    5.707118]      device=eth0, hwaddr=c8:a0:30:b0:7b:98, ipaddr=192.168.0.111, mask=255.255.255.0, gw=192.168.0.1
[    5.717807]      host=192.168.0.111, domain=ti.com, nis-domain=(none)
[    5.724576]      bootserver=0.0.0.0, rootserver=0.0.0.0, rootpath=     nameserver0=192.0.2.2, nameserver1=192.0.2.3
[    5.757932] EXT4-fs (mmcblk0p2): mounted filesystem with ordered data mode. Opts: (null)
[    5.766606] VFS: Mounted root (ext4 filesystem) on device 179:2.
[    5.782036] devtmpfs: mounted
[    5.787638] Freeing unused kernel memory: 2048K (c1100000 - c1300000)
INIT: version 2.88 booting
Error opening /dev/fb0: No such file or directory
Starting udev
[    6.394665] udevd[107]: starting version 182
[    9.833007] EXT4-fs (mmcblk0p3): warning: mounting unchecked fs, running e2fsck is recommended
[    9.885369] EXT4-fs (mmcblk0p3): mounted filesystem without journal. Opts: (null)
[    9.899740] FAT-fs (mmcblk0p1): Volume was not properly unmounted. Some data may be corrupt. Please run fsck.
depmod: ERROR: could not open directory /lib/modules/4.6.0-next-20160525-00002-g82e9e251a853: No such file or directory
depmod: WARNING: -e needs -E or -F
depmod: ERROR: could not open directory /lib/modules/4.6.0-next-20160525-00002-g82e9e251a853: No such file or directory
depmod: FATAL: could not search modules: No such file or directory
[   11.096619] EXT4-fs (mmcblk0p2): re-mounted. Opts: data=ordered
Starting Bootlog daemon: bootlogd.
[   11.211959] random: dd urandom read with 69 bits of entropy available
Populating dev cache
ALSA: Restoring mixer settings...
/usr/sbin/alsactl: load_state:1729: No soundcards found...
hwclock: can't open '/dev/misc/rtc': No such file or directory
Tue Mar 29 07:27:00 UTC 2016
hwclock: can't open '/dev/misc/rtc': No such file or directory
INIT: Entering runlevel: 5
Configuring network interfaces... udhcpc (v1.22.1) started
Sending discover...
Sending select for 192.168.0.249...
Lease of 192.168.0.249 obtained, lease time 3600
/etc/udhcpc.d/50default: Adding DNS 192.0.2.2
/etc/udhcpc.d/50default: Adding DNS 192.0.2.3
done.
Starting system message bus: dbus.
UIM SYSFS Node Not Found
Starting Dropbear SSH server: dropbear.
Starting telnet daemon.
Starting rpcbind daemon...done.
creating NFS state directory: done
starting statd: done
hwclock: can't open '/dev/misc/rtc': No such file or directory
Starting syslogd/klogd: done
Starting thttpd.
Starting Lighttpd Web Server: lighttpd.
2016-03-29 07:27:03: (/home/gtbldadm/ti/oe-layersetup/build-CORTEX_1/arago-tmp-external-linaro-toolchain/work/cortexa8t2hf-vfp-neon-oe-linux-gnueabi/lighttpd/1.4.33-r1/lighttpd-1.4.33/src/log.c.166) server started 
Starting Matrix GUI application.
[   26.662901] random: nonblocking pool is initialized
***************************************************************
***************************************************************
NOTICE: This file system contains the followin GPLv3 packages:
	binutils
	gdbserver
If you do not wish to distribute GPLv3 components please remove
the above packages prior to distribution.  This can be done using
the opkg remove command.  i.e.:
    opkg remove <package>
Where <package> is the name printed in the list above
NOTE: If the package is a dependency of another package you
      will be notified of the dependent packages.  You should
      use the --force-removal-of-dependent-packages option to
      also remove the dependent packages as well
***************************************************************
***************************************************************
Stopping Bootlog daemon: bootlogd.
 _____                    _____           _         _   
|  _  |___ ___ ___ ___   |  _  |___ ___  |_|___ ___| |_ 
|     |  _| .'| . | . |  |   __|  _| . | | | -_|  _|  _|
|__|__|_| |__,|_  |___|  |__|  |_| |___|_| |___|___|_|  
              |___|                    |___|            
Arago Project http://arago-project.org am335x-evm /dev/ttyO0
Arago 2015.03 am335x-evm /dev/ttyO0
am335x-evm login: 
- 01:45:14 [INFO] Host: root
- 01:45:14 [INFO] Target: 
root
root@am335x-evm:~# 
- 01:45:14 [INFO] Disconnected serial from beaglebone-black
- 01:45:14 [INFO] Connected to beaglebone-black via serial 
- 01:45:14 [INFO] Host: uname -a
- 01:45:15 [INFO] Target: 
uname -a
Linux am335x-evm 4.6.0-next-20160525-00002-g82e9e251a853 #1 SMP Wed May 25 00:38:39 CDT 2016 armv7l GNU/Linux
root@am335x-evm:~# 
- 01:45:15 [INFO] Host: cat /proc/cmdline
- 01:45:15 [INFO] Target: 
cat /proc/cmdline
console=ttyO0,115200n8 earlyprintk=serial,ttyO0,115200n8 rootwait  ip=:::::eth0:dhcp  root=PARTUUID=00000000-02 rw rootfstype=ext4 rootwait 
root@am335x-evm:~# 
- 01:45:15 [INFO] Host: uname -a
- 01:45:15 [INFO] Target: 
uname -a
Linux am335x-evm 4.6.0-next-20160525-00002-g82e9e251a853 #1 SMP Wed May 25 00:38:39 CDT 2016 armv7l GNU/Linux
root@am335x-evm:~# 
- 01:45:15 [INFO] Host: cat /proc/mtd
- 01:45:15 [INFO] Target: 
cat /proc/mtd
dev:    size   erasesize  name
root@am335x-evm:~# 
- 01:45:15 [INFO] Host: export IPERFHOST=192.168.0.1
- 01:45:15 [INFO] Target: 
export IPERFHOST=192.168.0.1
root@am335x-evm:~# 
- 01:45:15 [INFO] Host: export NFS_SERVER=192.168.0.1
- 01:45:15 [INFO] Target: 
export NFS_SERVER=192.168.0.1
root@am335x-evm:~# 
- 01:45:15 [INFO] Host: export NFS_ROOT_PATH=/home/tigtfarm03/NFS_exports/bbb2/
- 01:45:15 [INFO] Target: 
export NFS_ROOT_PATH=/home/tigtfarm03/NFS_exports/bbb2/
root@am335x-evm:~# 
- 01:45:15 [INFO] Host: export AP_SSID=
- 01:45:16 [INFO] Target: 
export AP_SSID=
root@am335x-evm:~# 
- 01:45:16 [INFO] Host: mkdir -p -m 777 /test
- 01:45:16 [INFO] Target: 
mkdir -p -m 777 /test
root@am335x-evm:~# 
- 01:45:16 [INFO] Host: cd /test
- 01:45:16 [INFO] Target: 
cd /test
root@am335x-evm:/test# 
- 01:45:16 [INFO] Host: cat > test.sh << EOF
- 01:45:16 [INFO] Target: 
cat > test.sh << EOF
- 01:45:16 [INFO] Host: failtest() {
- 01:45:16 [INFO] Target: 
failtest() {
- 01:45:16 [INFO] Host:   echo 1 >&3
- 01:45:16 [INFO] Target: 
  echo 1 >&3
- 01:45:16 [INFO] Host: }
- 01:45:16 [INFO] Target: 
- 01:45:16 [INFO] Host: timeout=600
- 01:45:16 [INFO] Target: 
timeout=600
- 01:45:16 [INFO] Host: 
- 01:45:16 [INFO] Target: 
- 01:45:16 [INFO] Host: # Start of user's script logic
- 01:45:16 [INFO] Target: 
# Start of user's script logic
- 01:45:16 [INFO] Host: mount -t proc proc /proc 2>/dev/null;
- 01:45:17 [INFO] Target: 
mount -t proc proc /proc 2>/dev/null;
- 01:45:17 [INFO] Host: 
- 01:45:17 [INFO] Target: 
- 01:45:17 [INFO] Host: mount -t sysfs sys /sys 2>/dev/null;
- 01:45:17 [INFO] Target: 
mount -t sysfs sys /sys 2>/dev/null;
- 01:45:17 [INFO] Host: 
- 01:45:17 [INFO] Target: 
- 01:45:17 [INFO] Host: mount -t debugfs none /sys/kernel/debug 2>/dev/null;
- 01:45:17 [INFO] Target: 
mount -t debugfs none /sys/kernel/debug 2>/dev/null;
- 01:45:17 [INFO] Host: 
- 01:45:17 [INFO] Target: 
- 01:45:17 [INFO] Host: echo 'cpuinfo:';cat /proc/cpuinfo; echo '=======';
- 01:45:17 [INFO] Target: 
echo 'cpuinfo:';cat /proc/cpuinfo; echo '=======';
- 01:45:17 [INFO] Host: 
- 01:45:17 [INFO] Target: 
- 01:45:17 [INFO] Host: echo 'soc info:';head /sys/devices/soc0/* 2>/dev/null; echo '=======';
- 01:45:17 [INFO] Target: 
echo 'soc info:';head /sys/devices/soc0/* 2>/dev/null; echo '=======';
- 01:45:17 [INFO] Host: 
- 01:45:17 [INFO] Target: 
- 01:45:17 [INFO] Host: echo 'DT Model info'; head /proc/device-tree/name /proc/device-tree/model /proc/device-tree/compatible 2>/dev/null;echo; echo '=======';
- 01:45:18 [INFO] Target: 
echo 'DT Model info'; head /proc/device-tree/name /proc/device-tree/model /pro 
c/device-tree/compatible 2>/dev/null;echo; echo '=======';
- 01:45:18 [INFO] Host: 
- 01:45:18 [INFO] Target: 
- 01:45:18 [INFO] Host: echo 'interrupts:';cat /proc/interrupts; echo '=======';
- 01:45:18 [INFO] Target: 
echo 'interrupts:';cat /proc/interrupts; echo '=======';
- 01:45:18 [INFO] Host: 
- 01:45:18 [INFO] Target: 
- 01:45:18 [INFO] Host: echo 'Clk_summary:';cat /sys/kernel/debug/clk/clk_summary; echo '=======';
- 01:45:18 [INFO] Target: 
echo 'Clk_summary:';cat /sys/kernel/debug/clk/clk_summary; echo '=======';
- 01:45:18 [INFO] Host: 
- 01:45:18 [INFO] Target: 
- 01:45:18 [INFO] Host: echo "Available frequencies"; cat /sys/devices/system/cpu/cpu0/cpufreq/scaling_available_frequencies 2>/dev/null;echo '=======';
- 01:45:18 [INFO] Target: 
echo "Available frequencies"; cat /sys/devices/system/cpu/cpu0/cpufreq/scaling 
_available_frequencies 2>/dev/null;echo '=======';
- 01:45:18 [INFO] Host: 
- 01:45:18 [INFO] Target: 
- 01:45:18 [INFO] Host: TMPF=/tmp/a.\$\$; TMPF2=/tmp/b.\$\$; STR=""
- 01:45:18 [INFO] Target: 
TMPF=/tmp/a.\$\$; TMPF2=/tmp/b.\$\$; STR=""
- 01:45:18 [INFO] Host: 
- 01:45:18 [INFO] Target: 
- 01:45:18 [INFO] Host: cp /dev/kmsg \$TMPF &
- 01:45:19 [INFO] Target: 
cp /dev/kmsg \$TMPF &
- 01:45:19 [INFO] Host: 
- 01:45:19 [INFO] Target: 
- 01:45:19 [INFO] Host: PID=\$! ; sleep 5; kill -9 \$PID
- 01:45:19 [INFO] Target: 
PID=\$! ; sleep 5; kill -9 \$PID
- 01:45:19 [INFO] Host: 
- 01:45:19 [INFO] Target: 
- 01:45:19 [INFO] Host: 
- 01:45:19 [INFO] Target: 
- 01:45:19 [INFO] Host: 
- 01:45:19 [INFO] Target: 
- 01:45:19 [INFO] Host: cat \$TMPF|grep "^0">\$TMPF2; N=\`cat \$TMPF2|wc -l\`; if [ "\$N" -ne 0 ]; then STR="\$STR emerg=\$N";echo "===== EMERGE++";cat \$TMPF2|cut -d ';' -f2;echo "====="; fi
- 01:45:19 [INFO] Target: 
cat \$TMPF|grep "^0">\$TMPF2; N=\`cat \$TMPF2|wc -l\`; if [ "\$N" -ne 0 ]; the 
n STR="\$STR emerg=\$N";echo "===== EMERGE++";cat \$TMPF2|cut -d ';' -f2;echo "= 
===="; fi
- 01:45:19 [INFO] Host: 
- 01:45:19 [INFO] Target: 
- 01:45:19 [INFO] Host: cat \$TMPF|grep "^1">\$TMPF2; N=\`cat \$TMPF2|wc -l\`; if [ "\$N" -ne 0 ]; then STR="\$STR alert=\$N";echo "===== ALERT ==";cat \$TMPF2|cut -d ';' -f2;echo "====="; fi
- 01:45:19 [INFO] Target: 
cat \$TMPF|grep "^1">\$TMPF2; N=\`cat \$TMPF2|wc -l\`; if [ "\$N" -ne 0 ]; the 
n STR="\$STR alert=\$N";echo "===== ALERT ==";cat \$TMPF2|cut -d ';' -f2;echo "= 
===="; fi
- 01:45:19 [INFO] Host: 
- 01:45:19 [INFO] Target: 
- 01:45:19 [INFO] Host: cat \$TMPF|grep "^2">\$TMPF2; N=\`cat \$TMPF2|wc -l\`; if [ "\$N" -ne 0 ]; then STR="\$STR crit=\$N";echo "===== CRIT ==";cat \$TMPF2|cut -d ';' -f2;echo "====="; fi
- 01:45:20 [INFO] Target: 
cat \$TMPF|grep "^2">\$TMPF2; N=\`cat \$TMPF2|wc -l\`; if [ "\$N" -ne 0 ]; the 
n STR="\$STR crit=\$N";echo "===== CRIT ==";cat \$TMPF2|cut -d ';' -f2;echo "=== 
=="; fi
- 01:45:20 [INFO] Host: 
- 01:45:20 [INFO] Target: 
- 01:45:20 [INFO] Host: cat \$TMPF|grep "^3">\$TMPF2; N=\`cat \$TMPF2|wc -l\`; if [ "\$N" -ne 0 ]; then STR="\$STR err=\$N";echo "===== ERR ==";cat \$TMPF2|cut -d ';' -f2;echo "=====" ;fi
- 01:45:20 [INFO] Target: 
cat \$TMPF|grep "^3">\$TMPF2; N=\`cat \$TMPF2|wc -l\`; if [ "\$N" -ne 0 ]; the 
n STR="\$STR err=\$N";echo "===== ERR ==";cat \$TMPF2|cut -d ';' -f2;echo "===== 
" ;fi
- 01:45:20 [INFO] Host: 
- 01:45:20 [INFO] Target: 
- 01:45:20 [INFO] Host: cat \$TMPF|grep "^4">\$TMPF2; N=\`cat \$TMPF2|wc -l\`; if [ "\$N" -ne 0 ]; then STR="\$STR warn=\$N";echo "===== WARN ==";cat \$TMPF2|cut -d ';' -f2;echo "=====" ;fi
- 01:45:20 [INFO] Target: 
cat \$TMPF|grep "^4">\$TMPF2; N=\`cat \$TMPF2|wc -l\`; if [ "\$N" -ne 0 ]; the 
n STR="\$STR warn=\$N";echo "===== WARN ==";cat \$TMPF2|cut -d ';' -f2;echo "=== 
==" ;fi
- 01:45:20 [INFO] Host: 
- 01:45:20 [INFO] Target: 
- 01:45:20 [INFO] Host: rm \$TMPF \$TMPF2; echo "SUM""MARY RESULT: BOOT:" 'PASS: H''ello World' 'B''oard' "Booted" "Boot Log has::::\$STR:"
- 01:45:20 [INFO] Target: 
rm \$TMPF \$TMPF2; echo "SUM""MARY RESULT: BOOT:" 'PASS: H''ello World' 'B''oa 
rd' "Booted" "Boot Log has::::\$STR:"
- 01:45:20 [INFO] Host: 
- 01:45:20 [INFO] Target: 
- 01:45:20 [INFO] Host: EOF
- 01:45:21 [INFO] Target: 
root@am335x-evm:/test# 
- 01:45:21 [INFO] Host: cd /test
- 01:45:21 [INFO] Target: 
cd /test
root@am335x-evm:/test# 
- 01:45:21 [INFO] Host: chmod +x test.sh
- 01:45:21 [INFO] Target: 
chmod +x test.sh
root@am335x-evm:/test# 
- 01:45:21 [INFO] Host: ./test.sh 2> stderr.log > stdout.log 3> result.log
- 01:45:26 [INFO] Target: 
./test.sh 2> stderr.log > stdout.log 3> result.log
root@am335x-evm:/test# 
- 01:45:26 [INFO] Host: echo $?
- 01:45:26 [INFO] Target: 
echo $?
root@am335x-evm:/test# 
- 01:45:26 [INFO] Host: cd /test
- 01:45:27 [INFO] Target: 
cd /test
root@am335x-evm:/test# 
- 01:45:27 [INFO] Host: cat stdout.log
- 01:45:28 [INFO] Target: 
cat stdout.log
cpuinfo:
processor	: 0
model name	: ARMv7 Processor rev 2 (v7l)
BogoMIPS	: 997.78
Features	: half thumb fastmult vfp edsp thumbee neon vfpv3 tls vfpd32 
CPU implementer	: 0x41
CPU architecture: 7
CPU variant	: 0x3
CPU part	: 0xc08
CPU revision	: 2
Hardware	: Generic AM33XX (Flattened Device Tree)
Revision	: 0000
Serial		: 0000000000000000
=======
soc info:
==> /sys/devices/soc0/family <==
AM33xx
==> /sys/devices/soc0/machine <==
AM335X
==> /sys/devices/soc0/power <==
==> /sys/devices/soc0/revision <==
ES2.0
==> /sys/devices/soc0/subsystem <==
==> /sys/devices/soc0/type <==
==> /sys/devices/soc0/uevent <==
=======
DT Model info
==> /proc/device-tree/name <==
==> /proc/device-tree/model <==
TI AM335x BeagleBone Black
==> /proc/device-tree/compatible <==
ti,am335x-bone-blackti,am335x-boneti,am33xx
=======
interrupts:
           CPU0       
 16:       3265      INTC  68 Level     gp_timer
 20:       2145      INTC  12 Level     49000000.edma_ccint
 22:          3      INTC  14 Level     49000000.edma_ccerrint
 26:          0      INTC  96 Level     44e07000.gpio
 33:          0  44e07000.gpio   6 Edge      48060000.mmc cd
 59:          0      INTC  98 Level     4804c000.gpio
 92:          0      INTC  32 Level     481ac000.gpio
125:          0      INTC  62 Level     481ae000.gpio
158:       8806      INTC  72 Level     OMAP UART0
159:        105      INTC  70 Level     44e0b000.i2c
160:          0      INTC  30 Level     4819c000.i2c
161:       5963      INTC  64 Level     mmc0
162:        492      INTC  28 Level     mmc1
173:         20      INTC  41 Level     4a100000.ethernet
174:         14      INTC  42 Level     4a100000.ethernet
179:          0      INTC 111 Level     48310000.rng
IPI0:          0  CPU wakeup interrupts
IPI1:          0  Timer broadcast interrupts
IPI2:          0  Rescheduling interrupts
IPI3:          0  Function call interrupts
IPI4:          0  CPU stop interrupts
IPI5:          0  IRQ work interrupts
IPI6:          0  completion interrupts
Err:          0
=======
Clk_summary:
   clock                         enable_cnt  prepare_cnt        rate   accuracy   phase
----------------------------------------------------------------------------------------
 tclkin_ck                                0            0    12000000          0 0  
 virt_26000000_ck                         0            0    26000000          0 0  
 virt_25000000_ck                         0            0    25000000          0 0  
 virt_24000000_ck                         1            1    24000000          0 0  
    sys_clkin_ck                          9           23    24000000          0 0  
       timer6_fck                         0            1    24000000          0 0  
       timer3_fck                         0            1    24000000          0 0  
       dbg_sysclk_ck                      0            1    24000000          0 0  
       timer7_fck                         0            1    24000000          0 0  
       timer5_fck                         0            1    24000000          0 0  
       timer4_fck                         0            1    24000000          0 0  
       timer2_fck                         1            1    24000000          0 0  
       timer1_fck                         1            1    24000000          0 0  
       cefuse_fck                         0            0    24000000          0 0  
       dpll_per_ck                        1            2   960000000          0 0  
          usbotg_fck                      0            1   960000000          0 0  
          dpll_per_m2_ck                  3            4   192000000          0 0  
             mmc_clk                      1            3    96000000          0 0  
             clk_24mhz                    1            1    24000000          0 0  
                clkdiv32k_ck              1            1       32786          0 0  
                   clkdiv32k_ick           1            5       32786          0 0  
                      wdt1_fck            0            1       32786          0 0  
                      gpio3_dbclk           0            2       32786          0 0  
                      gpio2_dbclk           0            2       32786          0 0  
                      gpio1_dbclk           0            2       32786          0 0  
             dpll_per_m2_div4_ck           0            9    48000000          0 0  
             dpll_per_m2_div4_wkupdm_ck           1            2    48000000          0 0  
       dpll_disp_ck                       0            1    24000000          0 0  
          dpll_disp_m2_ck                 0            1    24000000          0 0  
             lcd_gclk                     0            1    24000000          0 0  
       dpll_ddr_ck                        1            1   400000000          0 0  
          dpll_ddr_m2_ck                  2            2   400000000          0 0  
             dpll_ddr_m2_div2_ck           1            1   200000000          0 0  
       dpll_mpu_ck                        1            1  1000000000          0 0  
          dpll_mpu_m2_ck                  4            4  1000000000          0 0  
       dpll_core_ck                       1            1  1000000000          0 0  
          dpll_core_x2_ck                 2            2  2000000000          0 0  
             dpll_core_m6_ck              0            0   500000000          0 0  
             dpll_core_m5_ck              1            1   250000000          0 0  
                cpsw_cpts_rft_clk           0            0   250000000          0 0  
                cpsw_125mhz_gclk           3            3   125000000          0 0  
             dpll_core_m4_ck              9           11   200000000          0 0  
                dbg_clka_ck               0            2   200000000          0 0  
                   trace_pmd_clk_mux_ck           0            1   200000000          0 0  
                      trace_clk_div_ck           0            1    50000000          0 0  
                   stm_pmd_clock_mux_ck           0            0   200000000          0 0  
                      stm_clk_div_ck           0            0    50000000          0 0  
                gfx_fclk_clksel_ck           0            1   200000000          0 0  
                   gfx_fck_div_ck           0            1   200000000          0 0  
                sysclk_div_ck             0            0   200000000          0 0  
                l4hs_gclk                 2            2   200000000          0 0  
                l4_rtc_gclk               0            0   100000000          0 0  
                dpll_core_m4_div2_ck          16           17   100000000          0 0  
                   l4ls_gclk             42           59   100000000          0 0  
                      ehrpwm2_tbclk           0            0   100000000          0 0  
                      ehrpwm1_tbclk           0            0   100000000          0 0  
                      ehrpwm0_tbclk           0            0   100000000          0 0  
                   l4fw_gclk              1            1   100000000          0 0  
                   l3s_gclk               9           10   100000000          0 0  
                   ieee5000_fck           0            0   100000000          0 0  
                mmu_fck                   0            0   200000000          0 0  
                l3_gclk                  13           15   200000000          0 0  
                   pruss_ocp_gclk           0            1   200000000          0 0  
       rng_fck                            2            2    24000000          0 0  
       aes0_fck                           1            2    24000000          0 0  
       sha0_fck                           1            1    24000000          0 0  
       smartreflex1_fck                   0            1    24000000          0 0  
       smartreflex0_fck                   0            1    24000000          0 0  
       mcasp1_fck                         0            1    24000000          0 0  
       mcasp0_fck                         0            1    24000000          0 0  
       dcan1_fck                          0            1    24000000          0 0  
       dcan0_fck                          0            1    24000000          0 0  
       adc_tsc_fck                        0            1    24000000          0 0  
 virt_19200000_ck                         0            0    19200000          0 0  
 clk_rc32k_ck                             0            1       32000          0 0  
    gpio0_dbclk_mux_ck                    0            1       32000          0 0  
       gpio0_dbclk                        0            2       32000          0 0  
 clk_32768_ck                             1            2       32768          0 0  
    sysclkout_pre_ck                      1            1       32768          0 0  
       clkout2_div_ck                     1            1       32768          0 0  
          clkout2_ck                      1            1       32768          0 0  
=======
Available frequencies
=======
===== ERR ==
omap_voltage_late_init: Voltage driver support not added
libphy: PHY 4a101000.mdio:01 not found
net eth0: phy "4a101000.mdio:01" not found on slave 1, err -19
udevd[107]: starting version 182
=====
===== WARN ==
omap_hwmod: debugss: _wait_target_disable failed
omap4_sram_init:Unable to allocate sram needed to handle errata I688
omap4_sram_init:Unable to get sram pool needed to handle errata I688
workingset: timestamp_bits=28 max_order=17 bucket_order=0
mmc0: host does not support reading read-only switch, assuming write-enable
EXT4-fs (mmcblk0p3): warning: mounting unchecked fs, running e2fsck is recommended
FAT-fs (mmcblk0p1): Volume was not properly unmounted. Some data may be corrupt. Please run fsck.
=====
SUMMARY RESULT: BOOT: PASS: Hello World Board Booted Boot Log has:::: err=4 warn=7:
root@am335x-evm:/test# 
- 01:45:28 [INFO] Host: cat stderr.log
- 01:45:28 [INFO] Target: 
cat stderr.log
./test.sh: line 33:   712 Killed                  cp /dev/kmsg $TMPF
root@am335x-evm:/test# 
- 01:45:28 [INFO] Host: cat result.log
- 01:45:30 [ERROR] On command: cat result.log waiting for cat result.log.+?(?m-ix:^1[\0\n\r]+) >>> error: execution expired
- 01:45:30 [INFO] Target: 
cat result.log
root@am335x-evm:/test# 
- 01:45:30 [INFO] Host: cd /test
- 01:45:30 [INFO] Target: 
cd /test
root@am335x-evm:/test# 
URL:gtsystest.telogy.design.ti.com/vatf/tigtfarm03/tigtfarm03_vatf@bbb2/tigtfarm0305_25_2016_01_44_09/files/session_iteration_1/test_1
