- 14:21:48 [INFO] Starting target session
- 14:21:49 [INFO] Connected to beaglebone via serial 
- 14:21:49 [INFO] Host: #check prompt
- 14:21:52 [ERROR] On command: #check prompt waiting for #check prompt.+?(?-mix:((?-mix:login:)|[Pp]assword)) >>> error: execution expired
- 14:21:52 [INFO] Target: 
- 14:21:52 [INFO] Host: #check prompt
- 14:21:54 [ERROR] On command: #check prompt waiting for #check prompt.+?(?-mix:[\w\d]+@.+[@:#]+) >>> error: execution expired
- 14:21:54 [INFO] Target: 
- 14:21:54 [INFO] Host: #check prompt
- 14:21:56 [ERROR] On command: #check prompt waiting for #check prompt.+?(?-mix:[\w\d]+@.+[@:#]+) >>> error: execution expired
- 14:21:56 [INFO] Target: 
- 14:21:56 [INFO] Host: #check prompt
- 14:21:58 [ERROR] On command: #check prompt waiting for #check prompt.+?(?-mix:[\w\d]+@.+[@:#]+) >>> error: execution expired
- 14:21:58 [INFO] Target: 
- 14:21:58 [INFO] Disconnected serial from beaglebone
- 14:22:03 [INFO] Connected to beaglebone via serial 
- 14:22:03 [INFO] Host: 
- 14:22:06 [INFO] Target: 
U-Boot SPL 2014.07-g67b4cea (Mar 20 2015 - 13:25:28)
reading args
spl_load_image_fat_os: error reading image args, err - -1
reading u-boot.img
reading u-boot.img
U-Boot 2014.07-g67b4cea (Mar 20 2015 - 13:25:28)
I2C:   ready
DRAM:  256 MiB
NAND:  0 MiB
MMC:   OMAP SD/MMC: 0, OMAP SD/MMC: 1
reading uboot.env
** Unable to read "uboot.env" from mmc0:1 **
Using default environment
Net:   <ethaddr> not set. Validating first E-fuse MAC
cpsw, usb_ether
Hit any key to stop autoboot:  1  0 
U-Boot# 
U-Boot# 
U-Boot# 
U-Boot# 
U-Boot# 
U-Boot# 
U-Boot# 
U-Boot# 
U-Boot# 
- 14:22:06 [INFO] Host: 
- 14:22:06 [INFO] Target: 
U-Boot# 
- 14:22:06 [INFO] Host: version
- 14:22:06 [INFO] Target: 
version
U-Boot 2014.07-g67b4cea (Mar 20 2015 - 13:25:28)
arm-linux-gnueabihf-gcc (crosstool-NG linaro-1.13.1-4.7-2013.03-20130313 - Linaro GCC 2013.03) 4.7.3 20130226 (prerelease)
GNU ld (crosstool-NG linaro-1.13.1-4.7-2013.03-20130313 - Linaro GCC 2013.03) 2.23.1
U-Boot# 
- 14:22:06 [INFO] Host: setenv bootargs 'console=ttyO0,115200n8 earlyprintk rootwait '
- 14:22:06 [INFO] Target: 
setenv bootargs 'console=ttyO0,115200n8 earlyprintk rootwait '
U-Boot# 
- 14:22:06 [INFO] Host: setenv bootcmd  ''
- 14:22:06 [INFO] Target: 
setenv bootcmd  ''
U-Boot# 
- 14:22:06 [INFO] Host: setenv autoload 'no'
- 14:22:07 [INFO] Target: 
setenv autoload 'no'
U-Boot# 
- 14:22:07 [INFO] Host: setenv serverip '192.168.0.1'
- 14:22:07 [INFO] Target: 
setenv serverip '192.168.0.1'
U-Boot# 
- 14:22:07 [INFO] Host: printenv
- 14:22:07 [INFO] Target: 
printenv
arch=arm
autoload=no
baudrate=115200
board=am335x
board_name=A335BONE
board_rev=00A6
boot_fdt=try
bootargs=console=ttyO0,115200n8 earlyprintk rootwait 
bootcmd=
bootcount=1
bootdelay=1
bootdir=/boot
bootenv=uEnv.txt
bootfile=zImage
bootm_size=0x10000000
bootpart=0:2
console=ttyO0,115200n8
cpu=armv7
dfu_alt_info_emmc=rawemmc raw 0 3751936;boot part 1 1;rootfs part 1 2;MLO fat 1 1;MLO.raw raw 0x100 0x100;u-boot.img.raw raw 0x300 0x400;spl-os-args.raw raw 0x80 0x80;spl-os-image.raw raw 0x900 0x2000;spl-os-args fat 1 1;spl-os-image fat 1 1;u-boot.img fat 1 1;uEnv.txt fat 1 1
dfu_alt_info_mmc=boot part 0 1;rootfs part 0 2;MLO fat 0 1;MLO.raw raw 0x100 0x100;u-boot.img.raw raw 0x300 0x400;spl-os-args.raw raw 0x80 0x80;spl-os-image.raw raw 0x900 0x2000;spl-os-args fat 0 1;spl-os-image fat 0 1;u-boot.img fat 0 1;uEnv.txt fat 0 1
dfu_alt_info_nand=SPL part 0 1;SPL.backup1 part 0 2;SPL.backup2 part 0 3;SPL.backup3 part 0 4;u-boot part 0 5;u-boot-spl-os part 0 6;kernel part 0 8;rootfs part 0 9
dfu_alt_info_ram=kernel ram 0x80200000 0xD80000;fdt ram 0x80F80000 0x80000;ramdisk ram 0x81000000 0x4000000
eth1addr=78:c5:e5:d9:d6:07
ethact=cpsw
ethaddr=78:c5:e5:d9:d6:06
fdt_addr_r=0x88000000
fdtaddr=0x88000000
fdtfile=undefined
findfdt=if test $board_name = A335BONE; then setenv fdtfile am335x-bone.dtb; fi; if test $board_name = A335BNLT; then setenv fdtfile am335x-boneblack.dtb; fi; if test $board_name = A33515BB; then setenv fdtfile am335x-evm.dtb; fi; if test $board_name = A335X_SK; then setenv fdtfile am335x-evmsk.dtb; fi; if test $fdtfile = undefined; then echo WARNING: Could not determine device tree to use; fi; 
importbootenv=echo Importing environment from mmc ...; env import -t -r $loadaddr $filesize
kernel_addr_r=0x82000000
loadaddr=0x82000000
loadbootenv=load mmc ${mmcdev} ${loadaddr} ${bootenv}
loadfdt=load mmc ${bootpart} ${fdtaddr} ${bootdir}/${fdtfile}
loadimage=load mmc ${bootpart} ${loadaddr} ${bootdir}/${bootfile}
loadramdisk=load mmc ${mmcdev} ${rdaddr} ramdisk.gz
mmcargs=setenv bootargs console=${console} ${optargs} root=${mmcroot} rootfstype=${mmcrootfstype}
mmcboot=mmc dev ${mmcdev}; if mmc rescan; then echo SD/MMC found on device ${mmcdev};if run loadbootenv; then echo Loaded environment from ${bootenv};run importbootenv;fi;if test -n $uenvcmd; then echo Running uenvcmd ...;run uenvcmd;fi;if run loadimage; then run mmcloados;fi;fi;
mmcdev=0
mmcloados=run mmcargs; if test ${boot_fdt} = yes || test ${boot_fdt} = try; then if run loadfdt; then bootz ${loadaddr} - ${fdtaddr}; else if test ${boot_fdt} = try; then bootz; else echo WARN: Cannot load the DT; fi; fi; else bootz; fi;
mmcroot=/dev/mmcblk0p2 ro
mmcrootfstype=ext4 rootwait
mtdids=nand0=nand.0
mtdparts=mtdparts=nand.0:128k(NAND.SPL),128k(NAND.SPL.backup1),128k(NAND.SPL.backup2),128k(NAND.SPL.backup3),256k(NAND.u-boot-spl-os),1m(NAND.u-boot),128k(NAND.u-boot-env),128k(NAND.u-boot-env.backup1),8m(NAND.kernel),-(NAND.file-system)
nandargs=setenv bootargs console=${console} ${optargs} root=${nandroot} rootfstype=${nandrootfstype}
nandboot=echo Booting from nand ...; run nandargs; nand read ${fdtaddr} NAND.u-boot-spl-os; nand read ${loadaddr} NAND.kernel; bootz ${loadaddr} - ${fdtaddr}
nandroot=ubi0:rootfs rw ubi.mtd=NAND.file-system,2048
nandrootfstype=ubifs rootwait=1
netargs=setenv bootargs console=${console} ${optargs} root=/dev/nfs nfsroot=${serverip}:${rootpath},${nfsopts} rw ip=dhcp
netboot=echo Booting from network ...; setenv autoload no; dhcp; tftp ${loadaddr} ${bootfile}; tftp ${fdtaddr} ${fdtfile}; run netargs; bootz ${loadaddr} - ${fdtaddr}
nfsopts=nolock
partitions=uuid_disk=${uuid_gpt_disk};name=rootfs,start=2MiB,size=-,uuid=${uuid_gpt_rootfs}
ramargs=setenv bootargs console=${console} ${optargs} root=${ramroot} rootfstype=${ramrootfstype}
ramboot=echo Booting from ramdisk ...; run ramargs; bootz ${loadaddr} ${rdaddr} ${fdtaddr}
ramdisk_addr_r=0x88080000
ramroot=/dev/ram0 rw
ramrootfstype=ext2
rdaddr=0x88080000
rootpath=/export/rootfs
serverip=192.168.0.1
soc=am33xx
spiargs=setenv bootargs console=${console} ${optargs} root=${spiroot} rootfstype=${spirootfstype}
spiboot=echo Booting from spi ...; run spiargs; sf probe ${spibusno}:0; sf read ${loadaddr} ${spisrcaddr} ${spiimgsize}; bootz ${loadaddr}
spibusno=0
spiimgsize=0x362000
spiroot=/dev/mtdblock4 rw
spirootfstype=jffs2
spisrcaddr=0xe0000
static_ip=${ipaddr}:${serverip}:${gatewayip}:${netmask}:${hostname}::off
stderr=serial
stdin=serial
stdout=serial
usbnet_devaddr=78:c5:e5:d9:d6:07
vendor=ti
ver=U-Boot 2014.07-g67b4cea (Mar 20 2015 - 13:25:28)
Environment size: 4702/131068 bytes
U-Boot# 
- 14:22:07 [INFO] Host: setenv _initramfs -
- 14:22:07 [INFO] Target: 
setenv _initramfs -
U-Boot# 
- 14:22:07 [INFO] Host: printenv
- 14:22:08 [INFO] Target: 
printenv
_initramfs=-
arch=arm
autoload=no
baudrate=115200
board=am335x
board_name=A335BONE
board_rev=00A6
boot_fdt=try
bootargs=console=ttyO0,115200n8 earlyprintk rootwait 
bootcmd=
bootcount=1
bootdelay=1
bootdir=/boot
bootenv=uEnv.txt
bootfile=zImage
bootm_size=0x10000000
bootpart=0:2
console=ttyO0,115200n8
cpu=armv7
dfu_alt_info_emmc=rawemmc raw 0 3751936;boot part 1 1;rootfs part 1 2;MLO fat 1 1;MLO.raw raw 0x100 0x100;u-boot.img.raw raw 0x300 0x400;spl-os-args.raw raw 0x80 0x80;spl-os-image.raw raw 0x900 0x2000;spl-os-args fat 1 1;spl-os-image fat 1 1;u-boot.img fat 1 1;uEnv.txt fat 1 1
dfu_alt_info_mmc=boot part 0 1;rootfs part 0 2;MLO fat 0 1;MLO.raw raw 0x100 0x100;u-boot.img.raw raw 0x300 0x400;spl-os-args.raw raw 0x80 0x80;spl-os-image.raw raw 0x900 0x2000;spl-os-args fat 0 1;spl-os-image fat 0 1;u-boot.img fat 0 1;uEnv.txt fat 0 1
dfu_alt_info_nand=SPL part 0 1;SPL.backup1 part 0 2;SPL.backup2 part 0 3;SPL.backup3 part 0 4;u-boot part 0 5;u-boot-spl-os part 0 6;kernel part 0 8;rootfs part 0 9
dfu_alt_info_ram=kernel ram 0x80200000 0xD80000;fdt ram 0x80F80000 0x80000;ramdisk ram 0x81000000 0x4000000
eth1addr=78:c5:e5:d9:d6:07
ethact=cpsw
ethaddr=78:c5:e5:d9:d6:06
fdt_addr_r=0x88000000
fdtaddr=0x88000000
fdtfile=undefined
findfdt=if test $board_name = A335BONE; then setenv fdtfile am335x-bone.dtb; fi; if test $board_name = A335BNLT; then setenv fdtfile am335x-boneblack.dtb; fi; if test $board_name = A33515BB; then setenv fdtfile am335x-evm.dtb; fi; if test $board_name = A335X_SK; then setenv fdtfile am335x-evmsk.dtb; fi; if test $fdtfile = undefined; then echo WARNING: Could not determine device tree to use; fi; 
importbootenv=echo Importing environment from mmc ...; env import -t -r $loadaddr $filesize
kernel_addr_r=0x82000000
loadaddr=0x82000000
loadbootenv=load mmc ${mmcdev} ${loadaddr} ${bootenv}
loadfdt=load mmc ${bootpart} ${fdtaddr} ${bootdir}/${fdtfile}
loadimage=load mmc ${bootpart} ${loadaddr} ${bootdir}/${bootfile}
loadramdisk=load mmc ${mmcdev} ${rdaddr} ramdisk.gz
mmcargs=setenv bootargs console=${console} ${optargs} root=${mmcroot} rootfstype=${mmcrootfstype}
mmcboot=mmc dev ${mmcdev}; if mmc rescan; then echo SD/MMC found on device ${mmcdev};if run loadbootenv; then echo Loaded environment from ${bootenv};run importbootenv;fi;if test -n $uenvcmd; then echo Running uenvcmd ...;run uenvcmd;fi;if run loadimage; then run mmcloados;fi;fi;
mmcdev=0
mmcloados=run mmcargs; if test ${boot_fdt} = yes || test ${boot_fdt} = try; then if run loadfdt; then bootz ${loadaddr} - ${fdtaddr}; else if test ${boot_fdt} = try; then bootz; else echo WARN: Cannot load the DT; fi; fi; else bootz; fi;
mmcroot=/dev/mmcblk0p2 ro
mmcrootfstype=ext4 rootwait
mtdids=nand0=nand.0
mtdparts=mtdparts=nand.0:128k(NAND.SPL),128k(NAND.SPL.backup1),128k(NAND.SPL.backup2),128k(NAND.SPL.backup3),256k(NAND.u-boot-spl-os),1m(NAND.u-boot),128k(NAND.u-boot-env),128k(NAND.u-boot-env.backup1),8m(NAND.kernel),-(NAND.file-system)
nandargs=setenv bootargs console=${console} ${optargs} root=${nandroot} rootfstype=${nandrootfstype}
nandboot=echo Booting from nand ...; run nandargs; nand read ${fdtaddr} NAND.u-boot-spl-os; nand read ${loadaddr} NAND.kernel; bootz ${loadaddr} - ${fdtaddr}
nandroot=ubi0:rootfs rw ubi.mtd=NAND.file-system,2048
nandrootfstype=ubifs rootwait=1
netargs=setenv bootargs console=${console} ${optargs} root=/dev/nfs nfsroot=${serverip}:${rootpath},${nfsopts} rw ip=dhcp
netboot=echo Booting from network ...; setenv autoload no; dhcp; tftp ${loadaddr} ${bootfile}; tftp ${fdtaddr} ${fdtfile}; run netargs; bootz ${loadaddr} - ${fdtaddr}
nfsopts=nolock
partitions=uuid_disk=${uuid_gpt_disk};name=rootfs,start=2MiB,size=-,uuid=${uuid_gpt_rootfs}
ramargs=setenv bootargs console=${console} ${optargs} root=${ramroot} rootfstype=${ramrootfstype}
ramboot=echo Booting from ramdisk ...; run ramargs; bootz ${loadaddr} ${rdaddr} ${fdtaddr}
ramdisk_addr_r=0x88080000
ramroot=/dev/ram0 rw
ramrootfstype=ext2
rdaddr=0x88080000
rootpath=/export/rootfs
serverip=192.168.0.1
soc=am33xx
spiargs=setenv bootargs console=${console} ${optargs} root=${spiroot} rootfstype=${spirootfstype}
spiboot=echo Booting from spi ...; run spiargs; sf probe ${spibusno}:0; sf read ${loadaddr} ${spisrcaddr} ${spiimgsize}; bootz ${loadaddr}
spibusno=0
spiimgsize=0x362000
spiroot=/dev/mtdblock4 rw
spirootfstype=jffs2
spisrcaddr=0xe0000
static_ip=${ipaddr}:${serverip}:${gatewayip}:${netmask}:${hostname}::off
stderr=serial
stdin=serial
stdout=serial
usbnet_devaddr=78:c5:e5:d9:d6:07
vendor=ti
ver=U-Boot 2014.07-g67b4cea (Mar 20 2015 - 13:25:28)
Environment size: 4717/131068 bytes
U-Boot# 
- 14:22:08 [INFO] Host: setenv bootargs ''${bootargs}' ip=:::::eth0:dhcp '
- 14:22:08 [INFO] Target: 
setenv bootargs ''${bootargs}' ip=:::::eth0:dhcp '
U-Boot# 
- 14:22:08 [INFO] Host: setenv serverip '192.168.0.1'
- 14:22:08 [INFO] Target: 
setenv serverip '192.168.0.1'
U-Boot# 
- 14:22:08 [INFO] Host: setenv autoload 'no'
- 14:22:08 [INFO] Target: 
setenv autoload 'no'
U-Boot# 
- 14:22:08 [INFO] Host: dhcp
- 14:22:09 [INFO] Target: 
dhcp
link up on port 0, speed 100, full duplex
BOOTP broadcast 1
DHCP client bound to address 192.168.0.116
U-Boot# 
- 14:22:09 [INFO] Host: tftp ${loadaddr} 192.168.0.1:vatf_bbw1/28eccf32fa1a55f419144727d0d739ba
- 14:22:11 [INFO] Target: 
tftp ${loadaddr} 192.168.0.1:vatf_bbw1/28eccf32fa1a55f419144727d0d739ba
link up on port 0, speed 100, full duplex
Using cpsw device
TFTP from server 192.168.0.1; our IP address is 192.168.0.116
Filename 'vatf_bbw1/28eccf32fa1a55f419144727d0d739ba'.
Load address: 0x82000000
Loading: *#################################################################
	 #################################################################
	 #################################################################
	 #################################################################
	 #################################################################
	 #################################################################
	 #################################################################
	 ##
	 3.8 MiB/s
done
Bytes transferred = 6699776 (663b00 hex)
U-Boot# 
- 14:22:11 [INFO] Host: tftp ${fdtaddr} 192.168.0.1:vatf_bbw1/59a7840d68cbc6643e79b6a0c0bb1bfc
- 14:22:11 [INFO] Target: 
tftp ${fdtaddr} 192.168.0.1:vatf_bbw1/59a7840d68cbc6643e79b6a0c0bb1bfc
link up on port 0, speed 100, full duplex
Using cpsw device
TFTP from server 192.168.0.1; our IP address is 192.168.0.116
Filename 'vatf_bbw1/59a7840d68cbc6643e79b6a0c0bb1bfc'.
Load address: 0x88000000
Loading: *###
	 3.3 MiB/s
done
Bytes transferred = 31569 (7b51 hex)
U-Boot# 
- 14:22:11 [INFO] Host: ls mmc 0:1
- 14:22:11 [INFO] Target: 
ls mmc 0:1
    77192   mlo 
   446424   u-boot.img 
       14   .ipaddr 
        4   ws-calibrate.rules 
        0   pointercal 
5 file(s), 0 dir(s)
U-Boot# 
- 14:22:11 [INFO] Host: ls mmc 0:2
- 14:22:11 [INFO] Target: 
ls mmc 0:2
<DIR>       4096 .
<DIR>       4096 ..
<DIR>       4096 include
<DIR>       4096 srv
<DIR>       4096 home
<DIR>       4096 media
<DIR>       4096 opt
<DIR>       4096 var
<DIR>       4096 sys
<DIR>       4096 boot
<DIR>       4096 dev
<DIR>       4096 usr
<DIR>       4096 bin
<DIR>       4096 mnt
<DIR>       4096 etc
<DIR>       4096 sbin
<DIR>       4096 www
<SYM>          8 tmp
<DIR>       4096 proc
<DIR>       4096 run
<DIR>       4096 lib
<DIR>       4096 test
U-Boot# 
- 14:22:11 [INFO] Host: part uuid mmc 0:2
- 14:22:11 [INFO] Target: 
part uuid mmc 0:2
00000000-02
U-Boot# 
- 14:22:11 [INFO] Host: printenv
- 14:22:12 [INFO] Target: 
printenv
_initramfs=-
arch=arm
autoload=no
baudrate=115200
board=am335x
board_name=A335BONE
board_rev=00A6
boot_fdt=try
bootargs=console=ttyO0,115200n8 earlyprintk rootwait  ip=:::::eth0:dhcp 
bootcmd=
bootcount=1
bootdelay=1
bootdir=/boot
bootenv=uEnv.txt
bootfile=zImage
bootm_size=0x10000000
bootpart=0:2
console=ttyO0,115200n8
cpu=armv7
dfu_alt_info_emmc=rawemmc raw 0 3751936;boot part 1 1;rootfs part 1 2;MLO fat 1 1;MLO.raw raw 0x100 0x100;u-boot.img.raw raw 0x300 0x400;spl-os-args.raw raw 0x80 0x80;spl-os-image.raw raw 0x900 0x2000;spl-os-args fat 1 1;spl-os-image fat 1 1;u-boot.img fat 1 1;uEnv.txt fat 1 1
dfu_alt_info_mmc=boot part 0 1;rootfs part 0 2;MLO fat 0 1;MLO.raw raw 0x100 0x100;u-boot.img.raw raw 0x300 0x400;spl-os-args.raw raw 0x80 0x80;spl-os-image.raw raw 0x900 0x2000;spl-os-args fat 0 1;spl-os-image fat 0 1;u-boot.img fat 0 1;uEnv.txt fat 0 1
dfu_alt_info_nand=SPL part 0 1;SPL.backup1 part 0 2;SPL.backup2 part 0 3;SPL.backup3 part 0 4;u-boot part 0 5;u-boot-spl-os part 0 6;kernel part 0 8;rootfs part 0 9
dfu_alt_info_ram=kernel ram 0x80200000 0xD80000;fdt ram 0x80F80000 0x80000;ramdisk ram 0x81000000 0x4000000
dnsip=192.0.2.2
dnsip2=192.0.2.3
eth1addr=78:c5:e5:d9:d6:07
ethact=cpsw
ethaddr=78:c5:e5:d9:d6:06
fdt_addr_r=0x88000000
fdtaddr=0x88000000
fdtfile=undefined
fileaddr=88000000
filesize=7b51
findfdt=if test $board_name = A335BONE; then setenv fdtfile am335x-bone.dtb; fi; if test $board_name = A335BNLT; then setenv fdtfile am335x-boneblack.dtb; fi; if test $board_name = A33515BB; then setenv fdtfile am335x-evm.dtb; fi; if test $board_name = A335X_SK; then setenv fdtfile am335x-evmsk.dtb; fi; if test $fdtfile = undefined; then echo WARNING: Could not determine device tree to use; fi; 
gatewayip=192.168.0.1
importbootenv=echo Importing environment from mmc ...; env import -t -r $loadaddr $filesize
ipaddr=192.168.0.116
kernel_addr_r=0x82000000
loadaddr=0x82000000
loadbootenv=load mmc ${mmcdev} ${loadaddr} ${bootenv}
loadfdt=load mmc ${bootpart} ${fdtaddr} ${bootdir}/${fdtfile}
loadimage=load mmc ${bootpart} ${loadaddr} ${bootdir}/${bootfile}
loadramdisk=load mmc ${mmcdev} ${rdaddr} ramdisk.gz
mmcargs=setenv bootargs console=${console} ${optargs} root=${mmcroot} rootfstype=${mmcrootfstype}
mmcboot=mmc dev ${mmcdev}; if mmc rescan; then echo SD/MMC found on device ${mmcdev};if run loadbootenv; then echo Loaded environment from ${bootenv};run importbootenv;fi;if test -n $uenvcmd; then echo Running uenvcmd ...;run uenvcmd;fi;if run loadimage; then run mmcloados;fi;fi;
mmcdev=0
mmcloados=run mmcargs; if test ${boot_fdt} = yes || test ${boot_fdt} = try; then if run loadfdt; then bootz ${loadaddr} - ${fdtaddr}; else if test ${boot_fdt} = try; then bootz; else echo WARN: Cannot load the DT; fi; fi; else bootz; fi;
mmcroot=/dev/mmcblk0p2 ro
mmcrootfstype=ext4 rootwait
mtdids=nand0=nand.0
mtdparts=mtdparts=nand.0:128k(NAND.SPL),128k(NAND.SPL.backup1),128k(NAND.SPL.backup2),128k(NAND.SPL.backup3),256k(NAND.u-boot-spl-os),1m(NAND.u-boot),128k(NAND.u-boot-env),128k(NAND.u-boot-env.backup1),8m(NAND.kernel),-(NAND.file-system)
nandargs=setenv bootargs console=${console} ${optargs} root=${nandroot} rootfstype=${nandrootfstype}
nandboot=echo Booting from nand ...; run nandargs; nand read ${fdtaddr} NAND.u-boot-spl-os; nand read ${loadaddr} NAND.kernel; bootz ${loadaddr} - ${fdtaddr}
nandroot=ubi0:rootfs rw ubi.mtd=NAND.file-system,2048
nandrootfstype=ubifs rootwait=1
netargs=setenv bootargs console=${console} ${optargs} root=/dev/nfs nfsroot=${serverip}:${rootpath},${nfsopts} rw ip=dhcp
netboot=echo Booting from network ...; setenv autoload no; dhcp; tftp ${loadaddr} ${bootfile}; tftp ${fdtaddr} ${fdtfile}; run netargs; bootz ${loadaddr} - ${fdtaddr}
netmask=255.255.255.0
nfsopts=nolock
partitions=uuid_disk=${uuid_gpt_disk};name=rootfs,start=2MiB,size=-,uuid=${uuid_gpt_rootfs}
ramargs=setenv bootargs console=${console} ${optargs} root=${ramroot} rootfstype=${ramrootfstype}
ramboot=echo Booting from ramdisk ...; run ramargs; bootz ${loadaddr} ${rdaddr} ${fdtaddr}
ramdisk_addr_r=0x88080000
ramroot=/dev/ram0 rw
ramrootfstype=ext2
rdaddr=0x88080000
rootpath=/export/rootfs
serverip=192.168.0.1
soc=am33xx
spiargs=setenv bootargs console=${console} ${optargs} root=${spiroot} rootfstype=${spirootfstype}
spiboot=echo Booting from spi ...; run spiargs; sf probe ${spibusno}:0; sf read ${loadaddr} ${spisrcaddr} ${spiimgsize}; bootz ${loadaddr}
spibusno=0
spiimgsize=0x362000
spiroot=/dev/mtdblock4 rw
spirootfstype=jffs2
spisrcaddr=0xe0000
static_ip=${ipaddr}:${serverip}:${gatewayip}:${netmask}:${hostname}::off
stderr=serial
stdin=serial
stdout=serial
usbnet_devaddr=78:c5:e5:d9:d6:07
vendor=ti
ver=U-Boot 2014.07-g67b4cea (Mar 20 2015 - 13:25:28)
Environment size: 4880/131068 bytes
U-Boot# 
- 14:22:12 [INFO] Host: setenv bootargs ''${bootargs}' root=PARTUUID=00000000-02 rw rootfstype=ext4 rootwait '
- 14:22:12 [INFO] Target: 
setenv bootargs ''${bootargs}' root=PARTUUID=00000000-02 rw rootfstype=ext4 rootwait '
U-Boot# 
- 14:22:12 [INFO] Host: printenv
- 14:22:13 [INFO] Target: 
printenv
_initramfs=-
arch=arm
autoload=no
baudrate=115200
board=am335x
board_name=A335BONE
board_rev=00A6
boot_fdt=try
bootargs=console=ttyO0,115200n8 earlyprintk rootwait  ip=:::::eth0:dhcp  root=PARTUUID=00000000-02 rw rootfstype=ext4 rootwait 
bootcmd=
bootcount=1
bootdelay=1
bootdir=/boot
bootenv=uEnv.txt
bootfile=zImage
bootm_size=0x10000000
bootpart=0:2
console=ttyO0,115200n8
cpu=armv7
dfu_alt_info_emmc=rawemmc raw 0 3751936;boot part 1 1;rootfs part 1 2;MLO fat 1 1;MLO.raw raw 0x100 0x100;u-boot.img.raw raw 0x300 0x400;spl-os-args.raw raw 0x80 0x80;spl-os-image.raw raw 0x900 0x2000;spl-os-args fat 1 1;spl-os-image fat 1 1;u-boot.img fat 1 1;uEnv.txt fat 1 1
dfu_alt_info_mmc=boot part 0 1;rootfs part 0 2;MLO fat 0 1;MLO.raw raw 0x100 0x100;u-boot.img.raw raw 0x300 0x400;spl-os-args.raw raw 0x80 0x80;spl-os-image.raw raw 0x900 0x2000;spl-os-args fat 0 1;spl-os-image fat 0 1;u-boot.img fat 0 1;uEnv.txt fat 0 1
dfu_alt_info_nand=SPL part 0 1;SPL.backup1 part 0 2;SPL.backup2 part 0 3;SPL.backup3 part 0 4;u-boot part 0 5;u-boot-spl-os part 0 6;kernel part 0 8;rootfs part 0 9
dfu_alt_info_ram=kernel ram 0x80200000 0xD80000;fdt ram 0x80F80000 0x80000;ramdisk ram 0x81000000 0x4000000
dnsip=192.0.2.2
dnsip2=192.0.2.3
eth1addr=78:c5:e5:d9:d6:07
ethact=cpsw
ethaddr=78:c5:e5:d9:d6:06
fdt_addr_r=0x88000000
fdtaddr=0x88000000
fdtfile=undefined
fileaddr=88000000
filesize=7b51
findfdt=if test $board_name = A335BONE; then setenv fdtfile am335x-bone.dtb; fi; if test $board_name = A335BNLT; then setenv fdtfile am335x-boneblack.dtb; fi; if test $board_name = A33515BB; then setenv fdtfile am335x-evm.dtb; fi; if test $board_name = A335X_SK; then setenv fdtfile am335x-evmsk.dtb; fi; if test $fdtfile = undefined; then echo WARNING: Could not determine device tree to use; fi; 
gatewayip=192.168.0.1
importbootenv=echo Importing environment from mmc ...; env import -t -r $loadaddr $filesize
ipaddr=192.168.0.116
kernel_addr_r=0x82000000
loadaddr=0x82000000
loadbootenv=load mmc ${mmcdev} ${loadaddr} ${bootenv}
loadfdt=load mmc ${bootpart} ${fdtaddr} ${bootdir}/${fdtfile}
loadimage=load mmc ${bootpart} ${loadaddr} ${bootdir}/${bootfile}
loadramdisk=load mmc ${mmcdev} ${rdaddr} ramdisk.gz
mmcargs=setenv bootargs console=${console} ${optargs} root=${mmcroot} rootfstype=${mmcrootfstype}
mmcboot=mmc dev ${mmcdev}; if mmc rescan; then echo SD/MMC found on device ${mmcdev};if run loadbootenv; then echo Loaded environment from ${bootenv};run importbootenv;fi;if test -n $uenvcmd; then echo Running uenvcmd ...;run uenvcmd;fi;if run loadimage; then run mmcloados;fi;fi;
mmcdev=0
mmcloados=run mmcargs; if test ${boot_fdt} = yes || test ${boot_fdt} = try; then if run loadfdt; then bootz ${loadaddr} - ${fdtaddr}; else if test ${boot_fdt} = try; then bootz; else echo WARN: Cannot load the DT; fi; fi; else bootz; fi;
mmcroot=/dev/mmcblk0p2 ro
mmcrootfstype=ext4 rootwait
mtdids=nand0=nand.0
mtdparts=mtdparts=nand.0:128k(NAND.SPL),128k(NAND.SPL.backup1),128k(NAND.SPL.backup2),128k(NAND.SPL.backup3),256k(NAND.u-boot-spl-os),1m(NAND.u-boot),128k(NAND.u-boot-env),128k(NAND.u-boot-env.backup1),8m(NAND.kernel),-(NAND.file-system)
nandargs=setenv bootargs console=${console} ${optargs} root=${nandroot} rootfstype=${nandrootfstype}
nandboot=echo Booting from nand ...; run nandargs; nand read ${fdtaddr} NAND.u-boot-spl-os; nand read ${loadaddr} NAND.kernel; bootz ${loadaddr} - ${fdtaddr}
nandroot=ubi0:rootfs rw ubi.mtd=NAND.file-system,2048
nandrootfstype=ubifs rootwait=1
netargs=setenv bootargs console=${console} ${optargs} root=/dev/nfs nfsroot=${serverip}:${rootpath},${nfsopts} rw ip=dhcp
netboot=echo Booting from network ...; setenv autoload no; dhcp; tftp ${loadaddr} ${bootfile}; tftp ${fdtaddr} ${fdtfile}; run netargs; bootz ${loadaddr} - ${fdtaddr}
netmask=255.255.255.0
nfsopts=nolock
partitions=uuid_disk=${uuid_gpt_disk};name=rootfs,start=2MiB,size=-,uuid=${uuid_gpt_rootfs}
ramargs=setenv bootargs console=${console} ${optargs} root=${ramroot} rootfstype=${ramrootfstype}
ramboot=echo Booting from ramdisk ...; run ramargs; bootz ${loadaddr} ${rdaddr} ${fdtaddr}
ramdisk_addr_r=0x88080000
ramroot=/dev/ram0 rw
ramrootfstype=ext2
rdaddr=0x88080000
rootpath=/export/rootfs
serverip=192.168.0.1
soc=am33xx
spiargs=setenv bootargs console=${console} ${optargs} root=${spiroot} rootfstype=${spirootfstype}
spiboot=echo Booting from spi ...; run spiargs; sf probe ${spibusno}:0; sf read ${loadaddr} ${spisrcaddr} ${spiimgsize}; bootz ${loadaddr}
spibusno=0
spiimgsize=0x362000
spiroot=/dev/mtdblock4 rw
spirootfstype=jffs2
spisrcaddr=0xe0000
static_ip=${ipaddr}:${serverip}:${gatewayip}:${netmask}:${hostname}::off
stderr=serial
stdin=serial
stdout=serial
usbnet_devaddr=78:c5:e5:d9:d6:07
vendor=ti
ver=U-Boot 2014.07-g67b4cea (Mar 20 2015 - 13:25:28)
Environment size: 4935/131068 bytes
U-Boot# 
- 14:22:13 [INFO] Host: setenv bootcmd ''${bootcmd}' if iminfo ${loadaddr}; then bootm ${loadaddr} ${_initramfs} ${fdtaddr}; else bootz ${loadaddr} ${_initramfs} ${fdtaddr}; bootm ${loadaddr} ${_initramfs} ${fdtaddr}; fi'
- 14:22:13 [INFO] Target: 
setenv bootcmd ''${bootcmd}' if iminfo ${loadaddr}; then bootm ${loadaddr} ${_initramfs} ${fdtaddr}; else bootz ${loadaddr} ${_initramfs} ${fdtaddr}; bootm ${loadaddr} ${_initramfs} ${fdtaddr}; fi'
U-Boot# 
- 14:22:13 [INFO] Host: version
- 14:22:13 [INFO] Target: 
version
U-Boot 2014.07-g67b4cea (Mar 20 2015 - 13:25:28)
arm-linux-gnueabihf-gcc (crosstool-NG linaro-1.13.1-4.7-2013.03-20130313 - Linaro GCC 2013.03) 4.7.3 20130226 (prerelease)
GNU ld (crosstool-NG linaro-1.13.1-4.7-2013.03-20130313 - Linaro GCC 2013.03) 2.23.1
U-Boot# 
- 14:22:13 [INFO] Host: bdinfo
- 14:22:13 [INFO] Target: 
bdinfo
arch_number = 0x00000E05
boot_params = 0x80000100
DRAM bank   = 0x00000000
-> start    = 0x80000000
-> size     = 0x10000000
eth0name    = cpsw
ethaddr     = 78:c5:e5:d9:d6:06
eth1name    = usb_ether
eth1addr    = 78:c5:e5:d9:d6:07
current eth = cpsw
ip_addr     = 192.168.0.116
baudrate    = 115200 bps
TLB addr    = 0x8FFF0000
relocaddr   = 0x8F741000
reloc off   = 0x0EF41000
irq_sp      = 0x8E720EE0
sp start    = 0x8E720ED0
U-Boot# 
- 14:22:13 [INFO] Host: mmc rescan; echo $?
- 14:22:13 [INFO] Target: 
mmc rescan; echo $?
U-Boot# 
- 14:22:13 [INFO] Host: fatwrite mmc 0:1 ${loadaddr} ws-calibrate.rules 4
- 14:22:13 [INFO] Target: 
fatwrite mmc 0:1 ${loadaddr} ws-calibrate.rules 4
writing ws-calibrate.rules
4 bytes written
U-Boot# 
- 14:22:13 [INFO] Host: boot
- 14:25:43 [ERROR] On command: boot waiting for boot.+?(?-mix:login:) >>> error: execution expired
- 14:25:43 [INFO] Target: 
boot
## Checking Image at 82000000 ...
Unknown image format!
Kernel image @ 0x82000000 [ 0x000000 - 0x663b00 ]
## Flattened Device Tree blob at 88000000
   Booting using the fdt blob at 0x88000000
   Loading Device Tree to 8e714000, end 8e71eb50 ... OK
Starting kernel ...
[    0.000000] Booting Linux on physical CPU 0x0
[    0.000000] Linux version 4.4.0-next-20160113-00002-g0a9eb241be66 (nmenon@horus) (gcc version 4.9.3 20150413 (prerelease) (Linaro GCC 4.9-2015.05) ) #1 SMP Wed Jan 13 13:21:00 CST 2016
[    0.000000] CPU: ARMv7 Processor [413fc082] revision 2 (ARMv7), cr=10c5387d
[    0.000000] CPU: PIPT / VIPT nonaliasing data cache, VIPT aliasing instruction cache
[    0.000000] Machine model: TI AM335x BeagleBone
[    0.000000] cma: Reserved 64 MiB at 0x8a000000
[    0.000000] Memory policy: Data cache writeback
[    0.000000] CPU: All CPU(s) started in SVC mode.
[    0.000000] AM335X ES1.0 (sgx neon )
[    0.000000] PERCPU: Embedded 13 pages/cpu @cfba4000 s23168 r8192 d21888 u53248
[    0.000000] Built 1 zonelists in Zone order, mobility grouping on.  Total pages: 64512
[    0.000000] Kernel command line: console=ttyO0,115200n8 earlyprintk rootwait  ip=:::::eth0:dhcp  root=PARTUUID=00000000-02 rw rootfstype=ext4 rootwait 
[    0.000000] PID hash table entries: 1024 (order: 0, 4096 bytes)
[    0.000000] Dentry cache hash table entries: 32768 (order: 5, 131072 bytes)
[    0.000000] Inode-cache hash table entries: 16384 (order: 4, 65536 bytes)
[    0.000000] Memory: 176756K/260096K available (8571K kernel code, 1050K rwdata, 4104K rodata, 1064K init, 345K bss, 17804K reserved, 65536K cma-reserved, 0K highmem)
[    0.000000] Virtual kernel memory layout:
[    0.000000]     vector  : 0xffff0000 - 0xffff1000   (   4 kB)
[    0.000000]     fixmap  : 0xffc00000 - 0xfff00000   (3072 kB)
[    0.000000]     vmalloc : 0xd0800000 - 0xff800000   ( 752 MB)
[    0.000000]     lowmem  : 0xc0000000 - 0xd0000000   ( 256 MB)
[    0.000000]     pkmap   : 0xbfe00000 - 0xc0000000   (   2 MB)
[    0.000000]     modules : 0xbf000000 - 0xbfe00000   (  14 MB)
[    0.000000]       .text : 0xc0208000 - 0xc0e69e24   (12680 kB)
[    0.000000]       .init : 0xc0e6a000 - 0xc0f74000   (1064 kB)
[    0.000000]       .data : 0xc0f74000 - 0xc107abc0   (1051 kB)
[    0.000000]        .bss : 0xc107d000 - 0xc10d3520   ( 346 kB)
[    0.000000] SLUB: HWalign=64, Order=0-3, MinObjects=0, CPUs=1, Nodes=1
[    0.000000] Hierarchical RCU implementation.
[    0.000000] 	Build-time adjustment of leaf fanout to 32.
[    0.000000] 	RCU restricting CPUs from NR_CPUS=16 to nr_cpu_ids=1.
[    0.000000] RCU: Adjusting geometry for rcu_fanout_leaf=32, nr_cpu_ids=1
[    0.000000] NR_IRQS:16 nr_irqs:16 16
[    0.000000] IRQ: Found an INTC at 0xfa200000 (revision 5.0) with 128 interrupts
[    0.000000] OMAP clockevent source: timer2 at 24000000 Hz
[    0.000014] sched_clock: 32 bits at 24MHz, resolution 41ns, wraps every 89478484971ns
[    0.000037] clocksource: timer1: mask: 0xffffffff max_cycles: 0xffffffff, max_idle_ns: 79635851949 ns
[    0.000051] OMAP clocksource: timer1 at 24000000 Hz
[    0.000272] Console: colour dummy device 80x30
[    0.000317] Calibrating delay loop... 717.61 BogoMIPS (lpj=1794048)
[    0.059058] pid_max: default: 32768 minimum: 301
[    0.059211] Mount-cache hash table entries: 1024 (order: 0, 4096 bytes)
[    0.059226] Mountpoint-cache hash table entries: 1024 (order: 0, 4096 bytes)
[    0.060076] CPU: Testing write buffer coherency: ok
[    0.060512] CPU0: thread -1, cpu 0, socket -1, mpidr 0
[    0.060636] Setting up static identity map for 0x80209000 - 0x80209098
[    0.064604] Brought up 1 CPUs
[    0.064629] SMP: Total of 1 processors activated (717.61 BogoMIPS).
[    0.064640] CPU: All CPU(s) started in SVC mode.
[    0.066336] devtmpfs: initialized
[    0.077829] VFP support v0.3: implementor 41 architecture 3 part 30 variant c rev 3
[    0.078819] clocksource: jiffies: mask: 0xffffffff max_cycles: 0xffffffff, max_idle_ns: 9556302231375000 ns
[    0.084016] pinctrl core: initialized pinctrl subsystem
[    0.086998] NET: Registered protocol family 16
[    0.089997] DMA: preallocated 256 KiB pool for atomic coherent allocations
[    0.109462] omap_hwmod: debugss: _wait_target_disable failed
[    0.167335] cpuidle: using governor ladder
[    0.167366] cpuidle: using governor menu
[    0.174301] OMAP GPIO hardware version 0.1
[    0.185988] No ATAGs?
[    0.186026] hw-breakpoint: debug architecture 0x4 unsupported.
[    0.186626] omap4_sram_init:Unable to allocate sram needed to handle errata I688
[    0.186639] omap4_sram_init:Unable to get sram pool needed to handle errata I688
[    0.191197] Serial: AMBA PL011 UART driver
[    0.216983] edma 49000000.edma: TI EDMA DMA engine driver
[    0.221307] vgaarb: loaded
[    0.222682] SCSI subsystem initialized
[    0.223485] usbcore: registered new interface driver usbfs
[    0.223574] usbcore: registered new interface driver hub
[    0.223664] usbcore: registered new device driver usb
[    0.224724] omap_i2c 44e0b000.i2c: could not find pctldev for node /ocp/l4_wkup@44c00000/scm@210000/pinmux@800/pinmux_i2c0_pins, deferring probe
[    0.224788] omap_i2c 4819c000.i2c: could not find pctldev for node /ocp/l4_wkup@44c00000/scm@210000/pinmux@800/pinmux_i2c2_pins, deferring probe
[    0.225540] pps_core: LinuxPPS API ver. 1 registered
[    0.225552] pps_core: Software ver. 5.3.6 - Copyright 2005-2007 Rodolfo Giometti <giometti@linux.it>
[    0.225600] PTP clock support registered
[    0.225844] EDAC MC: Ver: 3.0.0
[    0.229396] clocksource: Switched to clocksource timer1
[    0.243153] NET: Registered protocol family 2
[    0.243978] TCP established hash table entries: 2048 (order: 1, 8192 bytes)
[    0.244024] TCP bind hash table entries: 2048 (order: 2, 16384 bytes)
[    0.244072] TCP: Hash tables configured (established 2048 bind 2048)
[    0.244161] UDP hash table entries: 256 (order: 1, 8192 bytes)
[    0.244189] UDP-Lite hash table entries: 256 (order: 1, 8192 bytes)
[    0.244510] NET: Registered protocol family 1
[    0.245011] RPC: Registered named UNIX socket transport module.
[    0.245030] RPC: Registered udp transport module.
[    0.245038] RPC: Registered tcp transport module.
[    0.245046] RPC: Registered tcp NFSv4.1 backchannel transport module.
[    0.246321] hw perfevents: enabled with armv7_cortex_a8 PMU driver, 5 counters available
[    0.248736] futex hash table entries: 256 (order: 2, 16384 bytes)
[    0.264883] squashfs: version 4.0 (2009/01/31) Phillip Lougher
[    0.266237] NFS: Registering the id_resolver key type
[    0.266318] Key type id_resolver registered
[    0.266329] Key type id_legacy registered
[    0.266413] ntfs: driver 2.1.32 [Flags: R/O].
[    0.268689] Block layer SCSI generic (bsg) driver version 0.4 loaded (major 249)
[    0.268718] io scheduler noop registered
[    0.268734] io scheduler deadline registered
[    0.268782] io scheduler cfq registered (default)
[    0.273724] pinctrl-single 44e10800.pinmux: 142 pins at pa f9e10800 size 568
[    0.363970] Serial: 8250/16550 driver, 4 ports, IRQ sharing disabled
[    0.367584] SuperH (H)SCI(F) driver initialized
[    0.368536] msm_serial: driver initialized
[    0.368920] omap_uart 44e09000.serial: no wakeirq for uart0
[    0.369130] 44e09000.serial: ttyO0 at MMIO 0x44e09000 (irq = 158, base_baud = 3000000) is a OMAP UART0
[    1.028542] console [ttyO0] enabled
[    1.032838] STMicroelectronics ASC driver initialized
[    1.040242] [drm] Initialized drm 1.1.0 20060810
[    1.063569] brd: module loaded
[    1.075046] loop: module loaded
[    1.087526] libphy: Fixed MDIO Bus: probed
[    1.092927] CAN device driver interface
[    1.098789] igb: Intel(R) Gigabit Ethernet Network Driver - version 5.3.0-k
[    1.106149] igb: Copyright (c) 2007-2014 Intel Corporation.
[    1.169502] davinci_mdio 4a101000.mdio: davinci mdio revision 1.6
[    1.175964] davinci_mdio 4a101000.mdio: detected phy mask fffffffe
[    1.183560] libphy: 4a101000.mdio: probed
[    1.187878] davinci_mdio 4a101000.mdio: phy[0]: device 4a101000.mdio:00, driver SMSC LAN8710/LAN8720
[    1.199736] cpsw 4a100000.ethernet: Detected MACID = 78:c5:e5:d9:d6:06
[    1.208311] pegasus: v0.9.3 (2013/04/25), Pegasus/Pegasus II USB Ethernet driver
[    1.216303] usbcore: registered new interface driver pegasus
[    1.222382] usbcore: registered new interface driver asix
[    1.228144] usbcore: registered new interface driver ax88179_178a
[    1.234628] usbcore: registered new interface driver cdc_ether
[    1.240858] usbcore: registered new interface driver smsc75xx
[    1.247016] usbcore: registered new interface driver smsc95xx
[    1.253142] usbcore: registered new interface driver net1080
[    1.259169] usbcore: registered new interface driver cdc_subset
[    1.265470] usbcore: registered new interface driver zaurus
[    1.271467] usbcore: registered new interface driver cdc_ncm
[    1.279356] ehci_hcd: USB 2.0 'Enhanced' Host Controller (EHCI) Driver
[    1.286320] ehci-pci: EHCI PCI platform driver
[    1.291082] ehci-platform: EHCI generic platform driver
[    1.296823] ehci-omap: OMAP-EHCI Host Controller driver
[    1.302524] ehci-orion: EHCI orion driver
[    1.306917] SPEAr-ehci: EHCI SPEAr driver
[    1.311305] ehci-st: EHCI STMicroelectronics driver
[    1.316596] ehci-exynos: EHCI EXYNOS driver
[    1.321170] ehci-atmel: EHCI Atmel driver
[    1.325544] tegra-ehci: Tegra EHCI driver
[    1.329940] ohci_hcd: USB 1.1 'Open' Host Controller (OHCI) Driver
[    1.336495] ohci-pci: OHCI PCI platform driver
[    1.341266] ohci-platform: OHCI generic platform driver
[    1.346957] ohci-omap3: OHCI OMAP3 driver
[    1.351350] SPEAr-ohci: OHCI SPEAr driver
[    1.355734] ohci-st: OHCI STMicroelectronics driver
[    1.361023] ohci-atmel: OHCI Atmel driver
[    1.365853] usbcore: registered new interface driver usb-storage
[    1.374045] mousedev: PS/2 mouse device common for all mice
[    1.384120] i2c /dev entries driver
[    1.397950] sdhci: Secure Digital Host Controller Interface driver
[    1.404526] sdhci: Copyright(c) Pierre Ossman
[    1.410430] omap_hsmmc 48060000.mmc: Got CD GPIO
[    1.416995] Synopsys Designware Multimedia Card Interface Driver
[    1.424549] sdhci-pltfm: SDHCI platform and OF driver helper
[    1.433650] ledtrig-cpu: registered to indicate activity on CPUs
[    1.440622] usbcore: registered new interface driver usbhid
[    1.446530] usbhid: USB HID core driver
[    1.456263] NET: Registered protocol family 10
[    1.462554] sit: IPv6 over IPv4 tunneling driver
[    1.468487] NET: Registered protocol family 17
[    1.473245] can: controller area network core (rev 20120528 abi 9)
[    1.479861] NET: Registered protocol family 29
[    1.484564] can: raw protocol (rev 20120528)
[    1.489051] can: broadcast manager protocol (rev 20120528 t)
[    1.495022] can: netlink gateway (rev 20130117) max_hops=1
[    1.501608] Key type dns_resolver registered
[    1.506530] omap_voltage_late_init: Voltage driver support not added
[    1.514662] ThumbEE CPU extension supported.
[    1.519182] Registering SWP/SWPB emulation handler
[    1.550867] tps65217 0-0024: TPS65217 ID 0xf version 1.2
[    1.556993] at24 0-0050: 32768 byte 24c256 EEPROM, writable, 1 bytes/write
[    1.564341] omap_i2c 44e0b000.i2c: bus 0 rev0.11 at 400 kHz
[    1.572356] at24 2-0054: 32768 byte 24c256 EEPROM, writable, 1 bytes/write
[    1.579969] at24 2-0055: 32768 byte 24c256 EEPROM, writable, 1 bytes/write
[    1.587488] at24 2-0056: 32768 byte 24c256 EEPROM, writable, 1 bytes/write
[    1.595004] at24 2-0057: 32768 byte 24c256 EEPROM, writable, 1 bytes/write
[    1.602303] omap_i2c 4819c000.i2c: bus 2 rev0.11 at 100 kHz
[    1.610686] omap_hsmmc 48060000.mmc: Got CD GPIO
[    1.615832] omap_hsmmc 48060000.mmc: omap_device: omap_device_enable() called from invalid state 1
[    1.627901] hctosys: unable to open rtc device (rtc0)
[    1.639522] net eth0: initializing cpsw version 1.12 (0)
[    1.647648] SMSC LAN8710/LAN8720 4a101000.mdio:00: attached PHY driver [SMSC LAN8710/LAN8720] (mii_bus:phy_addr=4a101000.mdio:00, irq=-1)
[    1.660717] libphy: PHY 4a101000.mdio:01 not found
[    1.665776] net eth0: phy 4a101000.mdio:01 not found on slave 1
[    1.677559] IPv6: ADDRCONF(NETDEV_UP): eth0: link is not ready
[    5.674999] cpsw 4a100000.ethernet eth0: Link is Up - 100Mbps/Full - flow control rx/tx
[    5.683527] IPv6: ADDRCONF(NETDEV_CHANGE): eth0: link becomes ready
[    5.694418] Sending DHCP requests ., OK
[    5.704902] IP-Config: Got DHCP answer from 192.168.0.1, my address is 192.168.0.116
[    5.713255] IP-Config: Complete:
[    5.716687]      device=eth0, hwaddr=78:c5:e5:d9:d6:06, ipaddr=192.168.0.116, mask=255.255.255.0, gw=192.168.0.1
[    5.727389]      host=192.168.0.116, domain=ti.com, nis-domain=(none)
[    5.734166]      bootserver=0.0.0.0, rootserver=0.0.0.0, rootpath=     nameserver0=192.0.2.2, nameserver1=192.0.2.3
[    5.745251] platform 48060000.mmc: omap_device_late_idle: enabled but no driver.  Idling
[    5.753859] vmmcsd_fixed: disabling
[    5.758883] Waiting for root device PARTUUID=00000000-02...
[  128.619405] random: nonblocking pool is initialized
- 14:25:43 [INFO] Boot attempt 1/1 failed
- 14:25:43 [INFO] Collecting kernel traces via sysrq...
- 14:25:53 [INFO] [  209.659496] sysrq: SysRq : Show State
[  209.663353]   task                PC stack   pid father
[  209.668835] swapper/0       D c0a26cc8     0     1      0 0x00000000
[  209.675566] [<c0a26cc8>] (__schedule) from [<c0a270b4>] (schedule+0x44/0x9c)
[  209.682971] [<c0a270b4>] (schedule) from [<c0a29928>] (schedule_timeout+0x11c/0x1a8)
[  209.691111] [<c0a29928>] (schedule_timeout) from [<c029bfc0>] (msleep+0x2c/0x38)
[  209.698885] [<c029bfc0>] (msleep) from [<c0e6b5e0>] (prepare_namespace+0x13c/0x1d4)
[  209.706926] [<c0e6b5e0>] (prepare_namespace) from [<c0e6ae90>] (kernel_init_freeable+0x1e8/0x1f8)
[  209.716240] [<c0e6ae90>] (kernel_init_freeable) from [<c0a25704>] (kernel_init+0xc/0xec)
[  209.724743] [<c0a25704>] (kernel_init) from [<c0210db8>] (ret_from_fork+0x14/0x3c)
[  209.732685] kthreadd        S c0a26cc8     0     2      0 0x00000000
[  209.739373] [<c0a26cc8>] (__schedule) from [<c0a270b4>] (schedule+0x44/0x9c)
[  209.746788] [<c0a270b4>] (schedule) from [<c0265540>] (kthreadd+0x180/0x184)
[  209.754191] [<c0265540>] (kthreadd) from [<c0210db8>] (ret_from_fork+0x14/0x3c)
[  209.761856] ksoftirqd/0     S c0a26cc8     0     3      2 0x00000000
[  209.768542] [<c0a26cc8>] (__schedule) from [<c0a270b4>] (schedule+0x44/0x9c)
[  209.775951] [<c0a270b4>] (schedule) from [<c0267c9c>] (smpboot_thread_fn+0xc8/0x194)
[  209.784083] [<c0267c9c>] (smpboot_thread_fn) from [<c0264d5c>] (kthread+0xdc/0xf4)
[  209.792034] [<c0264d5c>] (kthread) from [<c0210db8>] (ret_from_fork+0x14/0x3c)
[  209.799613] kworker/0:0     S c0a26cc8     0     4      2 0x00000000
[  209.806320] [<c0a26cc8>] (__schedule) from [<c0a270b4>] (schedule+0x44/0x9c)
[  209.813723] [<c0a270b4>] (schedule) from [<c025fb50>] (worker_thread+0xd8/0x518)
[  209.821490] [<c025fb50>] (worker_thread) from [<c0264d5c>] (kthread+0xdc/0xf4)
[  209.829073] [<c0264d5c>] (kthread) from [<c0210db8>] (ret_from_fork+0x14/0x3c)
[  209.836650] kworker/0:0H    S c0a26cc8     0     5      2 0x00000000
[  209.843343] [<c0a26cc8>] (__schedule) from [<c0a270b4>] (schedule+0x44/0x9c)
[  209.850743] [<c0a270b4>] (schedule) from [<c025fb50>] (worker_thread+0xd8/0x518)
[  209.858506] [<c025fb50>] (worker_thread) from [<c0264d5c>] (kthread+0xdc/0xf4)
[  209.866091] [<c0264d5c>] (kthread) from [<c0210db8>] (ret_from_fork+0x14/0x3c)
[  209.873666] kworker/u2:0    S c0a26cc8     0     6      2 0x00000000
[  209.880358] [<c0a26cc8>] (__schedule) from [<c0a270b4>] (schedule+0x44/0x9c)
[  209.887759] [<c0a270b4>] (schedule) from [<c025fb50>] (worker_thread+0xd8/0x518)
[  209.895525] [<c025fb50>] (worker_thread) from [<c0264d5c>] (kthread+0xdc/0xf4)
[  209.903109] [<c0264d5c>] (kthread) from [<c0210db8>] (ret_from_fork+0x14/0x3c)
[  209.910685] rcu_sched       S c0a26cc8     0     7      2 0x00000000
[  209.917372] [<c0a26cc8>] (__schedule) from [<c0a270b4>] (schedule+0x44/0x9c)
[  209.924774] [<c0a270b4>] (schedule) from [<c0298b20>] (rcu_gp_kthread+0x98/0x938)
[  209.932631] [<c0298b20>] (rcu_gp_kthread) from [<c0264d5c>] (kthread+0xdc/0xf4)
[  209.940303] [<c0264d5c>] (kthread) from [<c0210db8>] (ret_from_fork+0x14/0x3c)
[  209.947878] rcu_bh          S c0a26cc8     0     8      2 0x00000000
[  209.954565] [<c0a26cc8>] (__schedule) from [<c0a270b4>] (schedule+0x44/0x9c)
[  209.961967] [<c0a270b4>] (schedule) from [<c0298b20>] (rcu_gp_kthread+0x98/0x938)
[  209.969822] [<c0298b20>] (rcu_gp_kthread) from [<c0264d5c>] (kthread+0xdc/0xf4)
[  209.977496] [<c0264d5c>] (kthread) from [<c0210db8>] (ret_from_fork+0x14/0x3c)
[  209.985071] migration/0     S c0a26cc8     0     9      2 0x00000000
[  209.991758] [<c0a26cc8>] (__schedule) from [<c0a270b4>] (schedule+0x44/0x9c)
[  209.999161] [<c0a270b4>] (schedule) from [<c0267c9c>] (smpboot_thread_fn+0xc8/0x194)
[  210.007294] [<c0267c9c>] (smpboot_thread_fn) from [<c0264d5c>] (kthread+0xdc/0xf4)
[  210.015243] [<c0264d5c>] (kthread) from [<c0210db8>] (ret_from_fork+0x14/0x3c)
[  210.022819] watchdog/0      S c0a26cc8     0    10      2 0x00000000
[  210.029509] [<c0a26cc8>] (__schedule) from [<c0a270b4>] (schedule+0x44/0x9c)
[  210.036914] [<c0a270b4>] (schedule) from [<c0267c9c>] (smpboot_thread_fn+0xc8/0x194)
[  210.045046] [<c0267c9c>] (smpboot_thread_fn) from [<c0264d5c>] (kthread+0xdc/0xf4)
[  210.052996] [<c0264d5c>] (kthread) from [<c0210db8>] (ret_from_fork+0x14/0x3c)
[  210.060574] kdevtmpfs       S c0a26cc8     0    11      2 0x00000000
[  210.067263] [<c0a26cc8>] (__schedule) from [<c0a270b4>] (schedule+0x44/0x9c)
[  210.074675] [<c0a270b4>] (schedule) from [<c066f714>] (devtmpfsd+0x314/0x320)
[  210.082170] [<c066f714>] (devtmpfsd) from [<c0264d5c>] (kthread+0xdc/0xf4)
[  210.089391] [<c0264d5c>] (kthread) from [<c0210db8>] (ret_from_fork+0x14/0x3c)
[  210.096970] perf            S c0a26cc8     0    12      2 0x00000000
[  210.103663] [<c0a26cc8>] (__schedule) from [<c0a270b4>] (schedule+0x44/0x9c)
[  210.111067] [<c0a270b4>] (schedule) from [<c026028c>] (rescuer_thread+0x2fc/0x364)
[  210.119017] [<c026028c>] (rescuer_thread) from [<c0264d5c>] (kthread+0xdc/0xf4)
[  210.126694] [<c0264d5c>] (kthread) from [<c0210db8>] (ret_from_fork+0x14/0x3c)
[  210.134274] khungtaskd      S c0a26cc8     0    13      2 0x00000000
[  210.140964] [<c0a26cc8>] (__schedule) from [<c0a270b4>] (schedule+0x44/0x9c)
[  210.148370] [<c0a270b4>] (schedule) from [<c0a29928>] (schedule_timeout+0x11c/0x1a8)
[  210.156513] [<c0a29928>] (schedule_timeout) from [<c02bd99c>] (watchdog+0xb4/0x33c)
[  210.164561] [<c02bd99c>] (watchdog) from [<c0264d5c>] (kthread+0xdc/0xf4)
[  210.171692] [<c0264d5c>] (kthread) from [<c0210db8>] (ret_from_fork+0x14/0x3c)
[  210.179273] kworker/0:1     S c0a26cc8     0    14      2 0x00000000
[  210.185967] [<c0a26cc8>] (__schedule) from [<c0a270b4>] (schedule+0x44/0x9c)
[  210.193371] [<c0a270b4>] (schedule) from [<c025fb50>] (worker_thread+0xd8/0x518)
[  210.201139] [<c025fb50>] (worker_thread) from [<c0264d5c>] (kthread+0xdc/0xf4)
[  210.208725] [<c0264d5c>] (kthread) from [<c0210db8>] (ret_from_fork+0x14/0x3c)
[  210.216304] oom_reaper      S c0a26cc8     0    15      2 0x00000000
[  210.222992] [<c0a26cc8>] (__schedule) from [<c0a270b4>] (schedule+0x44/0x9c)
[  210.230398] [<c0a270b4>] (schedule) from [<c02d32ec>] (oom_reaper+0xe0/0x11c)
[  210.237895] [<c02d32ec>] (oom_reaper) from [<c0264d5c>] (kthread+0xdc/0xf4)
[  210.245208] [<c0264d5c>] (kthread) from [<c0210db8>] (ret_from_fork+0x14/0x3c)
[  210.252787] writeback       S c0a26cc8     0    16      2 0x00000000
[  210.259480] [<c0a26cc8>] (__schedule) from [<c0a270b4>] (schedule+0x44/0x9c)
[  210.266886] [<c0a270b4>] (schedule) from [<c026028c>] (rescuer_thread+0x2fc/0x364)
[  210.274838] [<c026028c>] (rescuer_thread) from [<c0264d5c>] (kthread+0xdc/0xf4)
[  210.282515] [<c0264d5c>] (kthread) from [<c0210db8>] (ret_from_fork+0x14/0x3c)
[  210.290092] crypto          S c0a26cc8     0    17      2 0x00000000
[  210.296785] [<c0a26cc8>] (__schedule) from [<c0a270b4>] (schedule+0x44/0x9c)
[  210.304187] [<c0a270b4>] (schedule) from [<c026028c>] (rescuer_thread+0x2fc/0x364)
[  210.312137] [<c026028c>] (rescuer_thread) from [<c0264d5c>] (kthread+0xdc/0xf4)
[  210.319816] [<c0264d5c>] (kthread) from [<c0210db8>] (ret_from_fork+0x14/0x3c)
[  210.327396] bioset          S c0a26cc8     0    18      2 0x00000000
[  210.334093] [<c0a26cc8>] (__schedule) from [<c0a270b4>] (schedule+0x44/0x9c)
[  210.341500] [<c0a270b4>] (schedule) from [<c026028c>] (rescuer_thread+0x2fc/0x364)
[  210.349452] [<c026028c>] (rescuer_thread) from [<c0264d5c>] (kthread+0xdc/0xf4)
[  210.357132] [<c0264d5c>] (kthread) from [<c0210db8>] (ret_from_fork+0x14/0x3c)
[  210.364711] kblockd         S c0a26cc8     0    19      2 0x00000000
[  210.371406] [<c0a26cc8>] (__schedule) from [<c0a270b4>] (schedule+0x44/0x9c)
[  210.378811] [<c0a270b4>] (schedule) from [<c026028c>] (rescuer_thread+0x2fc/0x364)
[  210.386763] [<c026028c>] (rescuer_thread) from [<c0264d5c>] (kthread+0xdc/0xf4)
[  210.394441] [<c0264d5c>] (kthread) from [<c0210db8>] (ret_from_fork+0x14/0x3c)
[  210.402017] ata_sff         S c0a26cc8     0    20      2 0x00000000
[  210.408711] [<c0a26cc8>] (__schedule) from [<c0a270b4>] (schedule+0x44/0x9c)
[  210.416115] [<c0a270b4>] (schedule) from [<c026028c>] (rescuer_thread+0x2fc/0x364)
[  210.424067] [<c026028c>] (rescuer_thread) from [<c0264d5c>] (kthread+0xdc/0xf4)
[  210.431747] [<c0264d5c>] (kthread) from [<c0210db8>] (ret_from_fork+0x14/0x3c)
[  210.439328] edac-poller     S c0a26cc8     0    21      2 0x00000000
[  210.446022] [<c0a26cc8>] (__schedule) from [<c0a270b4>] (schedule+0x44/0x9c)
[  210.453424] [<c0a270b4>] (schedule) from [<c026028c>] (rescuer_thread+0x2fc/0x364)
[  210.461375] [<c026028c>] (rescuer_thread) from [<c0264d5c>] (kthread+0xdc/0xf4)
[  210.469050] [<c0264d5c>] (kthread) from [<c0210db8>] (ret_from_fork+0x14/0x3c)
[  210.476628] devfreq_wq      S c0a26cc8     0    22      2 0x00000000
[  210.483322] [<c0a26cc8>] (__schedule) from [<c0a270b4>] (schedule+0x44/0x9c)
[  210.490726] [<c0a270b4>] (schedule) from [<c026028c>] (rescuer_thread+0x2fc/0x364)
[  210.498678] [<c026028c>] (rescuer_thread) from [<c0264d5c>] (kthread+0xdc/0xf4)
[  210.506356] [<c0264d5c>] (kthread) from [<c0210db8>] (ret_from_fork+0x14/0x3c)
[  210.513934] rpciod          S c0a26cc8     0    23      2 0x00000000
[  210.520629] [<c0a26cc8>] (__schedule) from [<c0a270b4>] (schedule+0x44/0x9c)
[  210.528034] [<c0a270b4>] (schedule) from [<c026028c>] (rescuer_thread+0x2fc/0x364)
[  210.535983] [<c026028c>] (rescuer_thread) from [<c0264d5c>] (kthread+0xdc/0xf4)
[  210.543661] [<c0264d5c>] (kthread) from [<c0210db8>] (ret_from_fork+0x14/0x3c)
[  210.551242] kswapd0         S c0a26cc8     0    24      2 0x00000000
[  210.557931] [<c0a26cc8>] (__schedule) from [<c0a270b4>] (schedule+0x44/0x9c)
[  210.565337] [<c0a270b4>] (schedule) from [<c02e316c>] (kswapd+0x8dc/0x8ec)
[  210.572560] [<c02e316c>] (kswapd) from [<c0264d5c>] (kthread+0xdc/0xf4)
[  210.579510] [<c0264d5c>] (kthread) from [<c0210db8>] (ret_from_fork+0x14/0x3c)
[  210.587090] vmstat          S c0a26cc8     0    25      2 0x00000000
[  210.593786] [<c0a26cc8>] (__schedule) from [<c0a270b4>] (schedule+0x44/0x9c)
[  210.601190] [<c0a270b4>] (schedule) from [<c026028c>] (rescuer_thread+0x2fc/0x364)
[  210.609142] [<c026028c>] (rescuer_thread) from [<c0264d5c>] (kthread+0xdc/0xf4)
[  210.616822] [<c0264d5c>] (kthread) from [<c0210db8>] (ret_from_fork+0x14/0x3c)
[  210.624403] nfsiod          S c0a26cc8     0    26      2 0x00000000
[  210.631097] [<c0a26cc8>] (__schedule) from [<c0a270b4>] (schedule+0x44/0x9c)
[  210.638503] [<c0a270b4>] (schedule) from [<c026028c>] (rescuer_thread+0x2fc/0x364)
[  210.646455] [<c026028c>] (rescuer_thread) from [<c0264d5c>] (kthread+0xdc/0xf4)
[  210.654131] [<c0264d5c>] (kthread) from [<c0210db8>] (ret_from_fork+0x14/0x3c)
[  210.661711] bioset          S c0a26cc8     0    35      2 0x00000000
[  210.668405] [<c0a26cc8>] (__schedule) from [<c0a270b4>] (schedule+0x44/0x9c)
[  210.675810] [<c0a270b4>] (schedule) from [<c026028c>] (rescuer_thread+0x2fc/0x364)
[  210.683764] [<c026028c>] (rescuer_thread) from [<c0264d5c>] (kthread+0xdc/0xf4)
[  210.691444] [<c0264d5c>] (kthread) from [<c0210db8>] (ret_from_fork+0x14/0x3c)
[  210.699023] bioset          S c0a26cc8     0    36      2 0x00000000
[  210.705720] [<c0a26cc8>] (__schedule) from [<c0a270b4>] (schedule+0x44/0x9c)
[  210.713124] [<c0a270b4>] (schedule) from [<c026028c>] (rescuer_thread+0x2fc/0x364)
[  210.721076] [<c026028c>] (rescuer_thread) from [<c0264d5c>] (kthread+0xdc/0xf4)
[  210.728751] [<c0264d5c>] (kthread) from [<c0210db8>] (ret_from_fork+0x14/0x3c)
[  210.736332] bioset          S c0a26cc8     0    37      2 0x00000000
[  210.743026] [<c0a26cc8>] (__schedule) from [<c0a270b4>] (schedule+0x44/0x9c)
[  210.750429] [<c0a270b4>] (schedule) from [<c026028c>] (rescuer_thread+0x2fc/0x364)
[  210.758380] [<c026028c>] (rescuer_thread) from [<c0264d5c>] (kthread+0xdc/0xf4)
[  210.766056] [<c0264d5c>] (kthread) from [<c0210db8>] (ret_from_fork+0x14/0x3c)
[  210.773636] bioset          S c0a26cc8     0    38      2 0x00000000
[  210.780331] [<c0a26cc8>] (__schedule) from [<c0a270b4>] (schedule+0x44/0x9c)
[  210.787735] [<c0a270b4>] (schedule) from [<c026028c>] (rescuer_thread+0x2fc/0x364)
[  210.795685] [<c026028c>] (rescuer_thread) from [<c0264d5c>] (kthread+0xdc/0xf4)
[  210.803362] [<c0264d5c>] (kthread) from [<c0210db8>] (ret_from_fork+0x14/0x3c)
[  210.810939] bioset          S c0a26cc8     0    39      2 0x00000000
[  210.817634] [<c0a26cc8>] (__schedule) from [<c0a270b4>] (schedule+0x44/0x9c)
[  210.825041] [<c0a270b4>] (schedule) from [<c026028c>] (rescuer_thread+0x2fc/0x364)
[  210.832991] [<c026028c>] (rescuer_thread) from [<c0264d5c>] (kthread+0xdc/0xf4)
[  210.840671] [<c0264d5c>] (kthread) from [<c0210db8>] (ret_from_fork+0x14/0x3c)
[  210.848255] bioset          S c0a26cc8     0    40      2 0x00000000
[  210.854951] [<c0a26cc8>] (__schedule) from [<c0a270b4>] (schedule+0x44/0x9c)
[  210.862354] [<c0a270b4>] (schedule) from [<c026028c>] (rescuer_thread+0x2fc/0x364)
[  210.870305] [<c026028c>] (rescuer_thread) from [<c0264d5c>] (kthread+0xdc/0xf4)
[  210.877982] [<c0264d5c>] (kthread) from [<c0210db8>] (ret_from_fork+0x14/0x3c)
[  210.885563] bioset          S c0a26cc8     0    41      2 0x00000000
[  210.892261] [<c0a26cc8>] (__schedule) from [<c0a270b4>] (schedule+0x44/0x9c)
[  210.899667] [<c0a270b4>] (schedule) from [<c026028c>] (rescuer_thread+0x2fc/0x364)
[  210.907623] [<c026028c>] (rescuer_thread) from [<c0264d5c>] (kthread+0xdc/0xf4)
[  210.915302] [<c0264d5c>] (kthread) from [<c0210db8>] (ret_from_fork+0x14/0x3c)
[  210.922884] bioset          S c0a26cc8     0    42      2 0x00000000
[  210.929580] [<c0a26cc8>] (__schedule) from [<c0a270b4>] (schedule+0x44/0x9c)
[  210.936987] [<c0a270b4>] (schedule) from [<c026028c>] (rescuer_thread+0x2fc/0x364)
[  210.944941] [<c026028c>] (rescuer_thread) from [<c0264d5c>] (kthread+0xdc/0xf4)
[  210.952619] [<c0264d5c>] (kthread) from [<c0210db8>] (ret_from_fork+0x14/0x3c)
[  210.960201] bioset          S c0a26cc8     0    43      2 0x00000000
[  210.966899] [<c0a26cc8>] (__schedule) from [<c0a270b4>] (schedule+0x44/0x9c)
[  210.974307] [<c0a270b4>] (schedule) from [<c026028c>] (rescuer_thread+0x2fc/0x364)
[  210.982259] [<c026028c>] (rescuer_thread) from [<c0264d5c>] (kthread+0xdc/0xf4)
[  210.989936] [<c0264d5c>] (kthread) from [<c0210db8>] (ret_from_fork+0x14/0x3c)
[  210.997514] bioset          S c0a26cc8     0    44      2 0x00000000
[  211.004207] [<c0a26cc8>] (__schedule) from [<c0a270b4>] (schedule+0x44/0x9c)
[  211.011611] [<c0a270b4>] (schedule) from [<c026028c>] (rescuer_thread+0x2fc/0x364)
[  211.019563] [<c026028c>] (rescuer_thread) from [<c0264d5c>] (kthread+0xdc/0xf4)
[  211.027241] [<c0264d5c>] (kthread) from [<c0210db8>] (ret_from_fork+0x14/0x3c)
[  211.034821] bioset          S c0a26cc8     0    45      2 0x00000000
[  211.041517] [<c0a26cc8>] (__schedule) from [<c0a270b4>] (schedule+0x44/0x9c)
[  211.048923] [<c0a270b4>] (schedule) from [<c026028c>] (rescuer_thread+0x2fc/0x364)
[  211.056874] [<c026028c>] (rescuer_thread) from [<c0264d5c>] (kthread+0xdc/0xf4)
[  211.064550] [<c0264d5c>] (kthread) from [<c0210db8>] (ret_from_fork+0x14/0x3c)
[  211.072127] bioset          S c0a26cc8     0    46      2 0x00000000
[  211.078822] [<c0a26cc8>] (__schedule) from [<c0a270b4>] (schedule+0x44/0x9c)
[  211.086228] [<c0a270b4>] (schedule) from [<c026028c>] (rescuer_thread+0x2fc/0x364)
[  211.094179] [<c026028c>] (rescuer_thread) from [<c0264d5c>] (kthread+0xdc/0xf4)
[  211.101858] [<c0264d5c>] (kthread) from [<c0210db8>] (ret_from_fork+0x14/0x3c)
[  211.109437] bioset          S c0a26cc8     0    47      2 0x00000000
[  211.116129] [<c0a26cc8>] (__schedule) from [<c0a270b4>] (schedule+0x44/0x9c)
[  211.123534] [<c0a270b4>] (schedule) from [<c026028c>] (rescuer_thread+0x2fc/0x364)
[  211.131484] [<c026028c>] (rescuer_thread) from [<c0264d5c>] (kthread+0xdc/0xf4)
[  211.139161] [<c0264d5c>] (kthread) from [<c0210db8>] (ret_from_fork+0x14/0x3c)
[  211.146738] bioset          S c0a26cc8     0    48      2 0x00000000
[  211.153432] [<c0a26cc8>] (__schedule) from [<c0a270b4>] (schedule+0x44/0x9c)
[  211.160835] [<c0a270b4>] (schedule) from [<c026028c>] (rescuer_thread+0x2fc/0x364)
[  211.168786] [<c026028c>] (rescuer_thread) from [<c0264d5c>] (kthread+0xdc/0xf4)
[  211.176461] [<c0264d5c>] (kthread) from [<c0210db8>] (ret_from_fork+0x14/0x3c)
[  211.184037] bioset          S c0a26cc8     0    49      2 0x00000000
[  211.190731] [<c0a26cc8>] (__schedule) from [<c0a270b4>] (schedule+0x44/0x9c)
[  211.198136] [<c0a270b4>] (schedule) from [<c026028c>] (rescuer_thread+0x2fc/0x364)
[  211.206087] [<c026028c>] (rescuer_thread) from [<c0264d5c>] (kthread+0xdc/0xf4)
[  211.213765] [<c0264d5c>] (kthread) from [<c0210db8>] (ret_from_fork+0x14/0x3c)
[  211.221344] bioset          S c0a26cc8     0    50      2 0x00000000
[  211.228037] [<c0a26cc8>] (__schedule) from [<c0a270b4>] (schedule+0x44/0x9c)
[  211.235441] [<c0a270b4>] (schedule) from [<c026028c>] (rescuer_thread+0x2fc/0x364)
[  211.243388] [<c026028c>] (rescuer_thread) from [<c0264d5c>] (kthread+0xdc/0xf4)
[  211.251062] [<c0264d5c>] (kthread) from [<c0210db8>] (ret_from_fork+0x14/0x3c)
[  211.258639] bioset          S c0a26cc8     0    51      2 0x00000000
[  211.265333] [<c0a26cc8>] (__schedule) from [<c0a270b4>] (schedule+0x44/0x9c)
[  211.272737] [<c0a270b4>] (schedule) from [<c026028c>] (rescuer_thread+0x2fc/0x364)
[  211.280689] [<c026028c>] (rescuer_thread) from [<c0264d5c>] (kthread+0xdc/0xf4)
[  211.288368] [<c0264d5c>] (kthread) from [<c0210db8>] (ret_from_fork+0x14/0x3c)
[  211.295948] bioset          S c0a26cc8     0    52      2 0x00000000
[  211.302643] [<c0a26cc8>] (__schedule) from [<c0a270b4>] (schedule+0x44/0x9c)
[  211.310050] [<c0a270b4>] (schedule) from [<c026028c>] (rescuer_thread+0x2fc/0x364)
[  211.318002] [<c026028c>] (rescuer_thread) from [<c0264d5c>] (kthread+0xdc/0xf4)
[  211.325679] [<c0264d5c>] (kthread) from [<c0210db8>] (ret_from_fork+0x14/0x3c)
[  211.333257] bioset          S c0a26cc8     0    53      2 0x00000000
[  211.339951] [<c0a26cc8>] (__schedule) from [<c0a270b4>] (schedule+0x44/0x9c)
[  211.347353] [<c0a270b4>] (schedule) from [<c026028c>] (rescuer_thread+0x2fc/0x364)
[  211.355300] [<c026028c>] (rescuer_thread) from [<c0264d5c>] (kthread+0xdc/0xf4)
[  211.362976] [<c0264d5c>] (kthread) from [<c0210db8>] (ret_from_fork+0x14/0x3c)
[  211.370553] bioset          S c0a26cc8     0    54      2 0x00000000
[  211.377246] [<c0a26cc8>] (__schedule) from [<c0a270b4>] (schedule+0x44/0x9c)
[  211.384647] [<c0a270b4>] (schedule) from [<c026028c>] (rescuer_thread+0x2fc/0x364)
[  211.392594] [<c026028c>] (rescuer_thread) from [<c0264d5c>] (kthread+0xdc/0xf4)
[  211.400270] [<c0264d5c>] (kthread) from [<c0210db8>] (ret_from_fork+0x14/0x3c)
[  211.407846] bioset          S c0a26cc8     0    55      2 0x00000000
[  211.414539] [<c0a26cc8>] (__schedule) from [<c0a270b4>] (schedule+0x44/0x9c)
[  211.421941] [<c0a270b4>] (schedule) from [<c026028c>] (rescuer_thread+0x2fc/0x364)
[  211.429889] [<c026028c>] (rescuer_thread) from [<c0264d5c>] (kthread+0xdc/0xf4)
[  211.437564] [<c0264d5c>] (kthread) from [<c0210db8>] (ret_from_fork+0x14/0x3c)
[  211.445140] bioset          S c0a26cc8     0    56      2 0x00000000
[  211.451833] [<c0a26cc8>] (__schedule) from [<c0a270b4>] (schedule+0x44/0x9c)
[  211.459236] [<c0a270b4>] (schedule) from [<c026028c>] (rescuer_thread+0x2fc/0x364)
[  211.467184] [<c026028c>] (rescuer_thread) from [<c0264d5c>] (kthread+0xdc/0xf4)
[  211.474860] [<c0264d5c>] (kthread) from [<c0210db8>] (ret_from_fork+0x14/0x3c)
[  211.482436] bioset          S c0a26cc8     0    57      2 0x00000000
[  211.489128] [<c0a26cc8>] (__schedule) from [<c0a270b4>] (schedule+0x44/0x9c)
[  211.496531] [<c0a270b4>] (schedule) from [<c026028c>] (rescuer_thread+0x2fc/0x364)
[  211.504480] [<c026028c>] (rescuer_thread) from [<c0264d5c>] (kthread+0xdc/0xf4)
[  211.512158] [<c0264d5c>] (kthread) from [<c0210db8>] (ret_from_fork+0x14/0x3c)
[  211.519734] bioset          S c0a26cc8     0    58      2 0x00000000
[  211.526430] [<c0a26cc8>] (__schedule) from [<c0a270b4>] (schedule+0x44/0x9c)
[  211.533831] [<c0a270b4>] (schedule) from [<c026028c>] (rescuer_thread+0x2fc/0x364)
[  211.541781] [<c026028c>] (rescuer_thread) from [<c0264d5c>] (kthread+0xdc/0xf4)
[  211.549455] [<c0264d5c>] (kthread) from [<c0210db8>] (ret_from_fork+0x14/0x3c)
[  211.557032] kworker/u2:1    S c0a26cc8     0    59      2 0x00000000
[  211.563725] [<c0a26cc8>] (__schedule) from [<c0a270b4>] (schedule+0x44/0x9c)
[  211.571131] [<c0a270b4>] (schedule) from [<c025fb50>] (worker_thread+0xd8/0x518)
[  211.578900] [<c025fb50>] (worker_thread) from [<c0264d5c>] (kthread+0xdc/0xf4)
[  211.586487] [<c0264d5c>] (kthread) from [<c0210db8>] (ret_from_fork+0x14/0x3c)
[  211.594064] kpsmoused       S c0a26cc8     0    61      2 0x00000000
[  211.600757] [<c0a26cc8>] (__schedule) from [<c0a270b4>] (schedule+0x44/0x9c)
[  211.608160] [<c0a270b4>] (schedule) from [<c026028c>] (rescuer_thread+0x2fc/0x364)
[  211.616109] [<c026028c>] (rescuer_thread) from [<c0264d5c>] (kthread+0xdc/0xf4)
[  211.623790] [<c0264d5c>] (kthread) from [<c0210db8>] (ret_from_fork+0x14/0x3c)
[  211.631371] ipv6_addrconf   S c0a26cc8     0    62      2 0x00000000
[  211.638070] [<c0a26cc8>] (__schedule) from [<c0a270b4>] (schedule+0x44/0x9c)
[  211.645478] [<c0a270b4>] (schedule) from [<c026028c>] (rescuer_thread+0x2fc/0x364)
[  211.653432] [<c026028c>] (rescuer_thread) from [<c0264d5c>] (kthread+0xdc/0xf4)
[  211.661111] [<c0264d5c>] (kthread) from [<c0210db8>] (ret_from_fork+0x14/0x3c)
[  211.668689] deferwq         S c0a26cc8     0    63      2 0x00000000
[  211.675383] [<c0a26cc8>] (__schedule) from [<c0a270b4>] (schedule+0x44/0x9c)
[  211.682786] [<c0a270b4>] (schedule) from [<c026028c>] (rescuer_thread+0x2fc/0x364)
[  211.690734] [<c026028c>] (rescuer_thread) from [<c0264d5c>] (kthread+0xdc/0xf4)
[  211.698411] [<c0264d5c>] (kthread) from [<c0210db8>] (ret_from_fork+0x14/0x3c)
[  211.705988] irq/159-44e0b00 S c0a26cc8     0    64      2 0x00000000
[  211.712676] [<c0a26cc8>] (__schedule) from [<c0a270b4>] (schedule+0x44/0x9c)
[  211.720086] [<c0a270b4>] (schedule) from [<c028dbb4>] (irq_thread+0xb8/0x1ec)
[  211.727588] [<c028dbb4>] (irq_thread) from [<c0264d5c>] (kthread+0xdc/0xf4)
[  211.734906] [<c0264d5c>] (kthread) from [<c0210db8>] (ret_from_fork+0x14/0x3c)
[  211.742486] irq/160-4819c00 S c0a26cc8     0    65      2 0x00000000
[  211.749176] [<c0a26cc8>] (__schedule) from [<c0a270b4>] (schedule+0x44/0x9c)
[  211.756582] [<c0a270b4>] (schedule) from [<c028dbb4>] (irq_thread+0xb8/0x1ec)
[  211.764077] [<c028dbb4>] (irq_thread) from [<c0264d5c>] (kthread+0xdc/0xf4)
[  211.771390] [<c0264d5c>] (kthread) from [<c0210db8>] (ret_from_fork+0x14/0x3c)
[  211.778969] kworker/0:2     S c0a26cc8     0    66      2 0x00000000
[  211.785664] [<c0a26cc8>] (__schedule) from [<c0a270b4>] (schedule+0x44/0x9c)
[  211.793074] [<c0a270b4>] (schedule) from [<c025fb50>] (worker_thread+0xd8/0x518)
[  211.800845] [<c025fb50>] (worker_thread) from [<c0264d5c>] (kthread+0xdc/0xf4)
[  211.808432] [<c0264d5c>] (kthread) from [<c0210db8>] (ret_from_fork+0x14/0x3c)
[  211.816019] Sched Debug Version: v0.11, 4.4.0-next-20160113-00002-g0a9eb241be66 #1
[  211.823961] ktime                                   : 211816.661775
[  211.830537] sched_clk                               : 211816.013190
[  211.837114] cpu_clk                                 : 211816.013607
[  211.843694] jiffies                                 : 4294949228
[  211.849996] 
[  211.851554] sysctl_sched
[  211.854211]   .sysctl_sched_latency                    : 6.000000
[  211.860607]   .sysctl_sched_min_granularity            : 0.750000
[  211.867003]   .sysctl_sched_wakeup_granularity         : 1.000000
[  211.873396]   .sysctl_sched_child_runs_first           : 0
[  211.879153]   .sysctl_sched_features                   : 44859
[  211.885274]   .sysctl_sched_tunable_scaling            : 1 (logaritmic)
[  211.892215] 
[  211.893775] cpu#0
[  211.895792]   .nr_running                    : 0
[  211.900636]   .load                          : 0
[  211.905479]   .nr_switches                   : 7475
[  211.910596]   .nr_load_updates               : 4004
[  211.915711]   .nr_uninterruptible            : 1
[  211.920554]   .next_balance                  : 4294.907296
[  211.926306]   .curr->pid                     : 0
[  211.931149]   .clock                         : 209634.362407
[  211.937085]   .clock_task                    : 209634.362407
[  211.943021]   .cpu_load[0]                   : 0
[  211.947862]   .cpu_load[1]                   : 0
[  211.952704]   .cpu_load[2]                   : 0
[  211.957545]   .cpu_load[3]                   : 0
[  211.962386]   .cpu_load[4]                   : 0
[  211.967229] 
[  211.967229] cfs_rq[0]:
[  211.971257]   .exec_clock                    : 0.000000
[  211.976742]   .MIN_vruntime                  : 0.000001
[  211.982228]   .min_vruntime                  : 1800.785220
[  211.987984]   .max_vruntime                  : 0.000001
[  211.993452]   .spread                        : 0.000000
[  211.998920]   .spread0                       : 0.000000
[  212.004386]   .nr_spread_over                : 0
[  212.009216]   .nr_running                    : 0
[  212.014047]   .load                          : 0
[  212.018877]   .load_avg                      : 0
[  212.023708]   .runnable_load_avg             : 0
[  212.028539]   .util_avg                      : 0
[  212.033368]   .removed_load_avg              : 0
[  212.038197]   .removed_util_avg              : 0
[  212.043027] 
[  212.043027] rt_rq[0]:
[  212.046951]   .rt_nr_running                 : 0
[  212.051781]   .rt_throttled                  : 0
[  212.056612]   .rt_time                       : 0.000000
[  212.062080]   .rt_runtime                    : 950.000000
[  212.067729] 
[  212.067729] dl_rq[0]:
[  212.071654]   .dl_nr_running                 : 0
[  212.076485] 
[  212.076485] runnable tasks:
[  212.076485]             task   PID         tree-key  switches  prio     wait-time             sum-exec        sum-sleep
[  212.076485] ----------------------------------------------------------------------------------------------------------
[  212.103424]        swapper/0     1      1798.010177      3056   120         0.000000      1570.300587         0.000000
[  212.114648]         kthreadd     2      1611.879513        63   120         0.000000         3.928499         0.000000
[  212.125868]      ksoftirqd/0     3      1764.080763        10   120         0.000000         0.187710         0.000000
[  212.137088]      kworker/0:0     4      1613.830387         9   120         0.000000         0.364249         0.000000
[  212.148303]     kworker/0:0H     5       196.684683         4   100         0.000000         0.036083         0.000000
[  212.159522]     kworker/u2:0     6      1797.791720        56   120         0.000000        80.918838         0.000000
[  212.170744]        rcu_sched     7      1726.615598        71   120         0.000000         2.778128         0.000000
[  212.181962]           rcu_bh     8        17.332944         2   120         0.000000         0.012125         0.000000
[  212.193180]      migration/0     9         0.000000         4     0         0.000000         0.074124         0.000000
[  212.204399]       watchdog/0    10         0.000000        55     0         0.000000         1.358582         0.000000
[  212.215617]        kdevtmpfs    11      1557.017344       636   120         0.000000        24.575327         0.000000
[  212.226833]             perf    12        34.687258         2   100         0.000000         2.425958         0.000000
[  212.238049]       khungtaskd    13      1750.983720         3   120         0.000000         0.119584         0.000000
[  212.249266]      kworker/0:1    14      1800.785220       472   120         0.000000       122.185540         0.000000
[  212.260480]       oom_reaper    15         0.000000         2     0         0.000000         0.019833         0.000000
[  212.271699]        writeback    16       163.709621         2   100         0.000000         0.027458         0.000000
[  212.282916]           crypto    17       165.712076         2   100         0.000000         0.018292         0.000000
[  212.294133]           bioset    18       167.719782         2   100         0.000000         0.017792         0.000000
[  212.305351]          kblockd    19       169.738308         2   100         0.000000         0.034208         0.000000
[  212.316570]          ata_sff    20       186.756693         2   100         0.000000         0.029209         0.000000
[  212.327787]      edac-poller    21       188.763373         2   100         0.000000         0.022333         0.000000
[  212.339002]       devfreq_wq    22       190.776491         2   100         0.000000         0.028292         0.000000
[  212.350220]           rpciod    23       202.714767         2   100         0.000000         0.041250         0.000000
[  212.361440]          kswapd0    24       308.572884         3   120         0.000000         0.078667         0.000000
[  212.372657]           vmstat    25       209.907599         2   100         0.000000         0.031167         0.000000
[  212.383874]           nfsiod    26       219.317286         2   100         0.000000         0.053916         0.000000
[  212.395089]           bioset    35      1009.291314         2   100         0.000000         0.029626         0.000000
[  212.406309]           bioset    36      1011.296341         2   100         0.000000         0.017000         0.000000
[  212.417527]           bioset    37      1013.304011         2   100         0.000000         0.017376         0.000000
[  212.428746]           bioset    38      1015.311042         2   100         0.000000         0.015874         0.000000
[  212.439963]           bioset    39      1017.319212         2   100         0.000000         0.016792         0.000000
[  212.451181]           bioset    40      1019.326165         2   100         0.000000         0.015916         0.000000
[  212.462396]           bioset    41      1021.333542         2   100         0.000000         0.016541         0.000000
[  212.473615]           bioset    42      1023.339288         2   100         0.000000         0.015167         0.000000
[  212.484831]           bioset    43      1025.347758         2   100         0.000000         0.018000         0.000000
[  212.496048]           bioset    44      1027.356207         2   100         0.000000         0.018250         0.000000
[  212.507262]           bioset    45      1029.363829         2   100         0.000000         0.016750         0.000000
[  212.518477]           bioset    46      1031.372124         2   100         0.000000         0.017167         0.000000
[  212.529692]           bioset    47      1033.378956         2   100         0.000000         0.016583         0.000000
[  212.540911]           bioset    48      1035.387073         2   100         0.000000         0.016958         0.000000
[  212.552127]           bioset    49      1037.395293         2   100         0.000000         0.018125         0.000000
[  212.563347]           bioset    50      1039.404718         2   100         0.000000         0.025251         0.000000
[  212.574564]           bioset    51      1055.274000         2   100         0.000000         0.026626         0.000000
[  212.585781]           bioset    52      1057.282810         2   100         0.000000         0.023708         0.000000
[  212.596996]           bioset    53      1058.788840         2   100         0.000000         0.020500         0.000000
[  212.608211]           bioset    54      1060.795911         2   100         0.000000         0.018167         0.000000
[  212.619424]           bioset    55      1062.805083         2   100         0.000000         0.020958         0.000000
[  212.630644]           bioset    56      1064.812044         2   100         0.000000         0.019916         0.000000
[  212.641862]           bioset    57      1066.820037         2   100         0.000000         0.019250         0.000000
[  212.653082]           bioset    58      1068.845203         2   100         0.000000         0.050833         0.000000
[  212.664303]     kworker/u2:1    59      1480.872885         4   120         0.000000         0.059125         0.000000
[  212.675525]        kpsmoused    61      1335.831289         2   100         0.000000         0.036375         0.000000
[  212.686741]    ipv6_addrconf    62      1411.357616         2   100         0.000000         0.086042         0.000000
[  212.697958]          deferwq    63      1481.375748         2   100         0.000000         0.032042         0.000000
[  212.709174]  irq/159-44e0b00    64         0.000000        52    49         0.000000         1.081291         0.000000
[  212.720390]  irq/160-4819c00    65         0.000000         2    49         0.000000         0.038376         0.000000
[  212.731604]      kworker/0:2    66      1628.902929        14   120         0.000000        12.142292         0.000000
[  212.742823] 
[  212.744381] Showing busy workqueues and worker pools:
- 14:26:04 [INFO] [  219.919680] sysrq: SysRq : Show backtrace of all active CPUs
[  219.925641] Sending NMI to all CPUs:
[  219.929392] NMI backtrace for cpu 0
[  219.933063] CPU: 0 PID: 0 Comm: swapper/0 Not tainted 4.4.0-next-20160113-00002-g0a9eb241be66 #1
[  219.942276] Hardware name: Generic AM33XX (Flattened Device Tree)
[  219.948708] [<c0219348>] (unwind_backtrace) from [<c0214a20>] (show_stack+0x10/0x14)
[  219.956843] [<c0214a20>] (show_stack) from [<c04925f0>] (dump_stack+0x8c/0x9c)
[  219.964432] [<c04925f0>] (dump_stack) from [<c0495e48>] (nmi_cpu_backtrace+0x88/0x8c)
[  219.972653] [<c0495e48>] (nmi_cpu_backtrace) from [<c02171e8>] (raise_nmi+0x6c/0x70)
[  219.980781] [<c02171e8>] (raise_nmi) from [<c0495dac>] (nmi_trigger_all_cpu_backtrace+0xf4/0x108)
[  219.990097] [<c0495dac>] (nmi_trigger_all_cpu_backtrace) from [<c05a9688>] (__handle_sysrq+0xa8/0x16c)
[  219.999875] [<c05a9688>] (__handle_sysrq) from [<c05d8a34>] (serial_omap_irq+0x384/0x3c4)
[  220.008460] [<c05d8a34>] (serial_omap_irq) from [<c028c918>] (handle_irq_event_percpu+0x78/0x130)
[  220.017773] [<c028c918>] (handle_irq_event_percpu) from [<c028ca14>] (handle_irq_event+0x44/0x68)
[  220.027088] [<c028ca14>] (handle_irq_event) from [<c028fa38>] (handle_level_irq+0xa0/0x134)
[  220.035868] [<c028fa38>] (handle_level_irq) from [<c028c00c>] (generic_handle_irq+0x24/0x34)
[  220.044727] [<c028c00c>] (generic_handle_irq) from [<c028c2bc>] (__handle_domain_irq+0x5c/0xb4)
[  220.053855] [<c028c2bc>] (__handle_domain_irq) from [<c0215554>] (__irq_svc+0x54/0x70)
[  220.062167] [<c0215554>] (__irq_svc) from [<c02117ec>] (arch_cpu_idle+0x38/0x3c)
[  220.069932] [<c02117ec>] (arch_cpu_idle) from [<c02809e8>] (cpu_startup_entry+0x1e4/0x240)
[  220.078612] [<c02809e8>] (cpu_startup_entry) from [<c0e6ac9c>] (start_kernel+0x3cc/0x3d8)
[  220.087200] [<c0e6ac9c>] (start_kernel) from [<8020807c>] (0x8020807c)
[  220.094059] Unable to handle kernel NULL pointer dereference at virtual address 00000000
[  220.102546] pgd = c0204000
[  220.105382] [00000000] *pgd=00000000
[  220.109145] Internal error: Oops: 80000005 [#1] SMP ARM
[  220.114625] Modules linked in:
[  220.117834] CPU: 0 PID: 0 Comm: swapper/0 Not tainted 4.4.0-next-20160113-00002-g0a9eb241be66 #1
[  220.127048] Hardware name: Generic AM33XX (Flattened Device Tree)
[  220.133439] task: c0f7a9c0 ti: c0f74000 task.ti: c0f74000
[  220.139100] PC is at 0x0
[  220.141760] LR is at nmi_trigger_all_cpu_backtrace+0xf4/0x108
[  220.147788] pc : [<00000000>]    lr : [<c0495dac>]    psr: 60000193
[  220.147788] sp : c0f75e88  ip : 00000000  fp : c0f76504
[  220.159831] r10: 00000061  r9 : cf0d8000  r8 : 00000001
[  220.165312] r7 : c021717c  r6 : 00000000  r5 : c0f767f8  r4 : 00000001
[  220.172157] r3 : 00000000  r2 : 00000000  r1 : 00000007  r0 : c0f767f8
[  220.179007] Flags: nZCv  IRQs off  FIQs on  Mode SVC_32  ISA ARM  Segment none
[  220.186586] Control: 10c5387d  Table: 80204019  DAC: 00000051
[  220.192612] Process swapper/0 (pid: 0, stack limit = 0xc0f74220)
[  220.198910] Stack: (0xc0f75e88 to 0xc0f76000)
[  220.203487] 5e80:                   c0faae60 c1006454 00000007 0000006c 00000001 c05a9688
[  220.212074] 5ea0: cf251010 00000101 00000002 00000005 c0f76100 c05d8a34 c10a50a8 c10a5010
[  220.220661] 5ec0: c0f76140 cf53f4c0 cf0d8060 00000000 00000000 0000009e cf0d8000 c107a98c
[  220.229246] 5ee0: c0f76504 c028c918 00000000 3445af27 cf0d8000 cf0d8060 00000000 00000000
[  220.237832] 5f00: cf006000 c0f71570 c0f75fa8 c028ca14 cf0d8000 cf0d8010 00000000 c028fa38
[  220.246420] 5f20: c0f7048c 0000009e 00000000 c028c00c c0f7048c c028c2bc c02117ec 60000013
[  220.255007] 5f40: ffffffff c0f75f84 c0f6d364 c0215554 00000001 00000000 00000000 c0223ba0
[  220.263597] 5f60: c0f74000 c0f764a4 00000000 00000000 c0f6d364 c0f71570 c0f75fa8 c0f76504
[  220.272187] 5f80: 00000190 c0f75fa0 c02117e8 c02117ec 60000013 ffffffff 00000051 00000000
[  220.280774] 5fa0: c0f74000 c02809e8 c0f7650c c107a98a 00000000 ffffffff 00000000 c0e6ac9c
[  220.289362] 5fc0: ffffffff ffffffff 00000000 c0e6a67c 00000000 c0f0ba30 c107d5d4 c0f76480
[  220.297950] 5fe0: c0f0ba2c c0f7bb84 80204059 413fc082 00000000 8020807c 00000000 00000000
[  220.306539] [<c0495dac>] (nmi_trigger_all_cpu_backtrace) from [<c05a9688>] (__handle_sysrq+0xa8/0x16c)
[  220.316308] [<c05a9688>] (__handle_sysrq) from [<c05d8a34>] (serial_omap_irq+0x384/0x3c4)
[  220.324894] [<c05d8a34>] (serial_omap_irq) from [<c028c918>] (handle_irq_event_percpu+0x78/0x130)
[  220.334207] [<c028c918>] (handle_irq_event_percpu) from [<c028ca14>] (handle_irq_event+0x44/0x68)
[  220.343521] [<c028ca14>] (handle_irq_event) from [<c028fa38>] (handle_level_irq+0xa0/0x134)
[  220.352288] [<c028fa38>] (handle_level_irq) from [<c028c00c>] (generic_handle_irq+0x24/0x34)
[  220.361146] [<c028c00c>] (generic_handle_irq) from [<c028c2bc>] (__handle_domain_irq+0x5c/0xb4)
[  220.370278] [<c028c2bc>] (__handle_domain_irq) from [<c0215554>] (__irq_svc+0x54/0x70)
[  220.378592] [<c0215554>] (__irq_svc) from [<c02117ec>] (arch_cpu_idle+0x38/0x3c)
[  220.386356] [<c02117ec>] (arch_cpu_idle) from [<c02809e8>] (cpu_startup_entry+0x1e4/0x240)
[  220.395032] [<c02809e8>] (cpu_startup_entry) from [<c0e6ac9c>] (start_kernel+0x3cc/0x3d8)
[  220.403617] [<c0e6ac9c>] (start_kernel) from [<8020807c>] (0x8020807c)
[  220.410468] Code: bad PC value
[  220.413681] ---[ end trace 0a34eee7870090df ]---
[  220.418526] Kernel panic - not syncing: Fatal exception in interrupt
[  220.425200] ---[ end Kernel panic - not syncing: Fatal exception in interrupt
- 14:26:14 [INFO] 
- 14:26:14 [INFO] Disconnected serial from beaglebone
URL:gtsystest.telogy.design.ti.com/vatf/tigtfarm03/tigtfarm03_vatf@bbw1/tigtfarm0301_13_2016_14_21_48/files/session_iteration_1/test_1
