- 05:59:42 [INFO] Starting target session
- 05:59:43 [INFO] Connected to beagleboard-vanilla via serial 
- 05:59:43 [INFO] Host: #check prompt
- 05:59:46 [ERROR] On command: #check prompt waiting for #check prompt.+?(?-mix:((?-mix:.*\s+login)|[Pp]assword)) >>> error: execution expired
- 05:59:46 [INFO] Target: 
#check prompt
root@GenericOMAP3-GP(FlattenedDeviceTree):/test# 
- 05:59:46 [INFO] Host: #check prompt
- 05:59:47 [INFO] Target: 
#check prompt
root@GenericOMAP3-GP(FlattenedDeviceTree):/test# 
- 05:59:47 [INFO] Host: sync;poweroff
- 06:00:04 [INFO] Target: 
sync;poweroff
Broadcast message from root@GenericOMAP3-GP(FlattenedDeviceTree) (ttyO2) (Sat
The system is going down for system halt NOW!
INIT: Switching to runlevel: 0
root@G
INIT: Sending processes the TERM signal
INIT: Sending processes the KILL signaStopping Dropbear SSH server: stopped /usr/sbin/dropbear (pid 665)
dropbear.
Stopping telnet daemon.
Stopping system message bus: hwclock: can't open '/dev/misc/rtc': No such file or directory
Error opening /dev/fb0: No such file or directory
Stopping syslogd/klogd: stopped syslogd (pid 677)
stopped klogd (pid 680)
done
Stopping thttpd.
ALSA: Storing mixer settings...
/usr/sbin/alsactl: save_state:1580: No soundcards found...
Deconfiguring network interfaces... ifdown: interface eth0 not configured
done.
Stopping Lighttpd Web Server: stopped /usr/sbin/lighttpd (pid 690)
lighttpd.
***************************************************************
***************************************************************
NOTICE: This file system contains the followin GPLv3 packages:
	binutils-symlinks
	binutils
	gdbserver
	parted
If you do not wish to distribute GPLv3 components please remove
the above packages prior to distribution.  This can be done using
the opkg remove command.  i.e.:
    opkg remove <package>
Where <package> is the name printed in the list above
NOTE: If the package is a dependency of another package you
      will be notified of the dependent packages.  You should
      use the --force-removal-of-dependent-packages option to
      also remove the dependent packages as well
***************************************************************
***************************************************************
Sending all processes the TERM signal...
Sending all processes the KILL signal...
Unmounting remote filesystems...
Deactivating swap...
Unmounting local filesystems...
[  916.541900] reboot: System halted
- 06:00:04 [INFO] Disconnected serial from beagleboard-vanilla
- 06:00:52 [INFO] Connected to beagleboard-vanilla via serial 
- 06:00:52 [INFO] Host: 
- 06:00:52 [ERROR] On command:  waiting for (?-mix:U-Boot#\s) >>> error: execution expired
- 06:00:52 [INFO] Target: 
*** Warning - bad CRC, using default environment
Beagle Rev C1/C2/C3
- 06:00:52 [INFO] Host: 
- 06:00:53 [INFO] Target: 
Timed out in wait_for_event: status=0000
Check if pads/pull-ups of bus 1 are properly configured
No EEPROM on expansion board
Die ID #0a8600030000000004013f780600a00e
Net:   usb_ether
Hit any key to stop autoboot:  1  0 
U-Boot# 
U-Boot# 
- 06:00:53 [INFO] Host: 
- 06:00:53 [INFO] Target: 
U-Boot# 
- 06:00:53 [INFO] Host: version
- 06:00:54 [INFO] Target: 
version
U-Boot 2014.04-00071-g8543283 (Apr 22 2014 - 15:49:50)
arm-linux-gnueabi-gcc (Ubuntu/Linaro 4.6.3-1ubuntu5) 4.6.3
GNU ld (GNU Binutils for Ubuntu) 2.22
U-Boot# 
- 06:00:54 [INFO] Host: setenv bootargs 'console=ttyO2,115200n8  earlyprintk rootwait '
- 06:00:54 [INFO] Target: 
setenv bootargs 'console=ttyO2,115200n8  earlyprintk rootwait '
U-Boot# 
- 06:00:54 [INFO] Host: setenv bootcmd  ''
- 06:00:55 [INFO] Target: 
setenv bootcmd  ''
U-Boot# 
- 06:00:55 [INFO] Host: setenv autoload 'no'
- 06:00:55 [INFO] Target: 
setenv autoload 'no'
U-Boot# 
- 06:00:55 [INFO] Host: setenv serverip '192.168.1.254'
- 06:00:56 [INFO] Target: 
setenv serverip '192.168.1.254'
U-Boot# 
- 06:00:56 [INFO] Host: printenv
- 06:00:56 [INFO] Target: 
printenv
arch=arm
autoload=no
baudrate=115200
beaglerev=Cx
board=beagle
board_name=beagle
bootargs=console=ttyO2,115200n8  earlyprintk rootwait 
bootcmd=
bootdelay=1
bootdir=/boot
bootenv=uEnv.txt
bootfile=uImage
bootm_size=0x08000000
bootpart=0:2
buddy=none
camera=none
console=ttyO2,115200n8
cpu=armv7
defaultdisplay=dvi
dieid#=0a8600030000000004013f780600a00e
dvimode=640x480MR-16@60
ethact=usb_ether
fdtaddr=0x80f80000
findfdt=if test $beaglerev = AxBx; then setenv fdtfile omap3-beagle.dtb; fi; if test $beaglerev = Cx; then setenv fdtfile omap3-beagle.dtb; fi; if test $beaglerev = C4; then setenv fdtfile omap3-beagle.dtb; fi; if test $beaglerev = xMAB; then setenv fdtfile omap3-beagle-xm.dtb; fi; if test $beaglerev = xMC; then setenv fdtfile omap3-beagle-xm.dtb; fi; if test $fdtfile = undefined; then echo WARNING: Could not determine device tree to use; fi; 
importbootenv=echo Importing environment from mmc ...; env import -t $loadaddr $filesize
loadaddr=0x80200000
loadbootenv=fatload mmc ${mmcdev} ${loadaddr} ${bootenv}
loadfdt=load mmc ${bootpart} ${fdtaddr} ${bootdir}/${fdtfile}
loadimage=load mmc ${bootpart} ${loadaddr} ${bootdir}/${bootfile}
loadramdisk=load mmc ${bootpart} ${rdaddr} ${bootdir}/${ramdisk}
mmcargs=setenv bootargs console=${console} ${optargs} mpurate=${mpurate} buddy=${buddy} camera=${camera} vram=${vram} omapfb.mode=dvi:${dvimode} omapdss.def_disp=${defaultdisplay} root=${mmcroot} rootfstype=${mmcrootfstype}
mmcboot=echo Booting from mmc ...; run mmcargs; bootm ${loadaddr}
mmcbootz=echo Booting with DT from mmc${mmcdev} ...; run mmcargs; bootz ${loadaddr} - ${fdtaddr}
mmcdev=0
mmcroot=/dev/mmcblk0p2 rw
mmcrootfstype=ext3 rootwait
mpurate=auto
nandargs=setenv bootargs console=${console} ${optargs} mpurate=${mpurate} buddy=${buddy} camera=${camera} vram=${vram} omapfb.mode=dvi:${dvimode} omapdss.def_disp=${defaultdisplay} root=${nandroot} rootfstype=${nandrootfstype}
nandboot=echo Booting from nand ...; run nandargs; nand read ${loadaddr} 280000 400000; bootm ${loadaddr}
nandroot=ubi0:rootfs ubi.mtd=4
nandrootfstype=ubifs
ramargs=setenv bootargs console=${console} ${optargs} mpurate=${mpurate} buddy=${buddy} vram=${vram} omapfb.mode=dvi:${dvimode} omapdss.def_disp=${defaultdisplay} root=${ramroot} rootfstype=${ramrootfstype}
ramboot=echo Booting from ramdisk ...; run ramargs; bootm ${loadaddr}
ramdisk=ramdisk.gz
ramroot=/dev/ram0 rw ramdisk_size=65536 initrd=0x81000000,64M
ramrootfstype=ext2
rdaddr=0x81000000
serverip=192.168.1.254
soc=omap3
stderr=serial
stdin=serial
stdout=serial
usbtty=cdc_acm
userbutton=if gpio input 173; then run userbutton_xm; else run userbutton_nonxm; fi;
userbutton_nonxm=gpio input 7;
userbutton_xm=gpio input 4;
vendor=ti
ver=U-Boot 2014.04-00071-g8543283 (Apr 22 2014 - 15:49:50)
vram=12M
Environment size: 2894/131068 bytes
U-Boot# 
- 06:00:56 [INFO] Host: dcache off
- 06:00:57 [INFO] Target: 
dcache off
U-Boot# 
- 06:00:57 [INFO] Host: usb start
- 06:00:57 [INFO] Target: 
usb start
(Re)start USB...
USB0:   USB EHCI 1.00
scanning bus 0 for devices... 1 USB Device(s) found
       scanning usb for storage devices... 0 Storage Device(s) found
       scanning usb for ethernet devices... 0 Ethernet Device(s) found
U-Boot# 
- 06:00:57 [INFO] Host: printenv
- 06:00:58 [INFO] Target: 
printenv
arch=arm
autoload=no
baudrate=115200
beaglerev=Cx
board=beagle
board_name=beagle
bootargs=console=ttyO2,115200n8  earlyprintk rootwait 
bootcmd=
bootdelay=1
bootdir=/boot
bootenv=uEnv.txt
bootfile=uImage
bootm_size=0x08000000
bootpart=0:2
buddy=none
camera=none
console=ttyO2,115200n8
cpu=armv7
defaultdisplay=dvi
dieid#=0a8600030000000004013f780600a00e
dvimode=640x480MR-16@60
ethact=usb_ether
fdtaddr=0x80f80000
findfdt=if test $beaglerev = AxBx; then setenv fdtfile omap3-beagle.dtb; fi; if test $beaglerev = Cx; then setenv fdtfile omap3-beagle.dtb; fi; if test $beaglerev = C4; then setenv fdtfile omap3-beagle.dtb; fi; if test $beaglerev = xMAB; then setenv fdtfile omap3-beagle-xm.dtb; fi; if test $beaglerev = xMC; then setenv fdtfile omap3-beagle-xm.dtb; fi; if test $fdtfile = undefined; then echo WARNING: Could not determine device tree to use; fi; 
importbootenv=echo Importing environment from mmc ...; env import -t $loadaddr $filesize
loadaddr=0x80200000
loadbootenv=fatload mmc ${mmcdev} ${loadaddr} ${bootenv}
loadfdt=load mmc ${bootpart} ${fdtaddr} ${bootdir}/${fdtfile}
loadimage=load mmc ${bootpart} ${loadaddr} ${bootdir}/${bootfile}
loadramdisk=load mmc ${bootpart} ${rdaddr} ${bootdir}/${ramdisk}
mmcargs=setenv bootargs console=${console} ${optargs} mpurate=${mpurate} buddy=${buddy} camera=${camera} vram=${vram} omapfb.mode=dvi:${dvimode} omapdss.def_disp=${defaultdisplay} root=${mmcroot} rootfstype=${mmcrootfstype}
mmcboot=echo Booting from mmc ...; run mmcargs; bootm ${loadaddr}
mmcbootz=echo Booting with DT from mmc${mmcdev} ...; run mmcargs; bootz ${loadaddr} - ${fdtaddr}
mmcdev=0
mmcroot=/dev/mmcblk0p2 rw
mmcrootfstype=ext3 rootwait
mpurate=auto
nandargs=setenv bootargs console=${console} ${optargs} mpurate=${mpurate} buddy=${buddy} camera=${camera} vram=${vram} omapfb.mode=dvi:${dvimode} omapdss.def_disp=${defaultdisplay} root=${nandroot} rootfstype=${nandrootfstype}
nandboot=echo Booting from nand ...; run nandargs; nand read ${loadaddr} 280000 400000; bootm ${loadaddr}
nandroot=ubi0:rootfs ubi.mtd=4
nandrootfstype=ubifs
ramargs=setenv bootargs console=${console} ${optargs} mpurate=${mpurate} buddy=${buddy} vram=${vram} omapfb.mode=dvi:${dvimode} omapdss.def_disp=${defaultdisplay} root=${ramroot} rootfstype=${ramrootfstype}
ramboot=echo Booting from ramdisk ...; run ramargs; bootm ${loadaddr}
ramdisk=ramdisk.gz
ramroot=/dev/ram0 rw ramdisk_size=65536 initrd=0x81000000,64M
ramrootfstype=ext2
rdaddr=0x81000000
serverip=192.168.1.254
soc=omap3
stderr=serial
stdin=serial
stdout=serial
usbtty=cdc_acm
userbutton=if gpio input 173; then run userbutton_xm; else run userbutton_nonxm; fi;
userbutton_nonxm=gpio input 7;
userbutton_xm=gpio input 4;
vendor=ti
ver=U-Boot 2014.04-00071-g8543283 (Apr 22 2014 - 15:49:50)
vram=12M
Environment size: 2894/131068 bytes
U-Boot# 
- 06:00:58 [INFO] Host: setenv bootargs ''${bootargs}' ip=dhcp '
- 06:00:58 [INFO] Target: 
setenv bootargs ''${bootargs}' ip=dhcp '
U-Boot# 
- 06:00:58 [INFO] Host: setenv serverip '192.168.1.254'
- 06:00:59 [INFO] Target: 
setenv serverip '192.168.1.254'
U-Boot# 
- 06:00:59 [INFO] Host: setenv ipaddr dhcp
- 06:00:59 [INFO] Target: 
setenv ipaddr dhcp
U-Boot# 
- 06:00:59 [INFO] Host: setenv autoload 'no'
- 06:01:00 [INFO] Target: 
setenv autoload 'no'
U-Boot# 
- 06:01:00 [INFO] Host: dhcp
- 06:01:00 [INFO] Target: 
dhcp
ERROR: Need valid 'usbnet_devaddr' to be set
at drivers/usb/gadget/ether.c:2362/usb_eth_init()
U-Boot# 
- 06:01:01 [INFO] Disconnected serial from beagleboard-vanilla
- 06:10:18 [INFO] Connected to beagleboard-vanilla via serial 
- 06:10:19 [INFO] Disconnected serial from beagleboard-vanilla
- 06:10:30 [INFO] Connected to beagleboard-vanilla via serial 
- 06:10:30 [INFO] Host: ls mmc 0:1
- 06:10:50 [ERROR] On command: ls mmc 0:1 waiting for ls mmc 0:1.+?(?-mix:U-Boot#\s) >>> error: execution expired
- 06:10:50 [INFO] Target: 
STX)/0(CAN) packets, 2 retries
## Total Size      = 0x0000f106 = 61702 Bytes
U-Boot# :1
Unknown command ':1' - try 'help'
U-Boot# 
- 06:10:50 [INFO] Host: printenv
- 06:10:51 [INFO] Target: 
printenv
arch=arm
autoload=no
baudrate=115200
beaglerev=Cx
board=beagle
board_name=beagle
bootargs=console=ttyO2,115200n8  earlyprintk rootwait  ip=dhcp 
bootcmd=
bootdelay=1
bootdir=/boot
bootenv=uEnv.txt
bootfile=uImage
bootm_size=0x08000000
bootpart=0:2
buddy=none
camera=none
console=ttyO2,115200n8
cpu=armv7
defaultdisplay=dvi
dieid#=0a8600030000000004013f780600a00e
dvimode=640x480MR-16@60
ethact=usb_ether
fdtaddr=0x80f80000
filesize=f106
findfdt=if test $beaglerev = AxBx; then setenv fdtfile omap3-beagle.dtb; fi; if test $beaglerev = Cx; then setenv fdtfile omap3-beagle.dtb; fi; if test $beaglerev = C4; then setenv fdtfile omap3-beagle.dtb; fi; if test $beaglerev = xMAB; then setenv fdtfile omap3-beagle-xm.dtb; fi; if test $beaglerev = xMC; then setenv fdtfile omap3-beagle-xm.dtb; fi; if test $fdtfile = undefined; then echo WARNING: Could not determine device tree to use; fi; 
importbootenv=echo Importing environment from mmc ...; env import -t $loadaddr $filesize
ipaddr=dhcp
loadaddr=0x80200000
loadbootenv=fatload mmc ${mmcdev} ${loadaddr} ${bootenv}
loadfdt=load mmc ${bootpart} ${fdtaddr} ${bootdir}/${fdtfile}
loadimage=load mmc ${bootpart} ${loadaddr} ${bootdir}/${bootfile}
loadramdisk=load mmc ${bootpart} ${rdaddr} ${bootdir}/${ramdisk}
mmcargs=setenv bootargs console=${console} ${optargs} mpurate=${mpurate} buddy=${buddy} camera=${camera} vram=${vram} omapfb.mode=dvi:${dvimode} omapdss.def_disp=${defaultdisplay} root=${mmcroot} rootfstype=${mmcrootfstype}
mmcboot=echo Booting from mmc ...; run mmcargs; bootm ${loadaddr}
mmcbootz=echo Booting with DT from mmc${mmcdev} ...; run mmcargs; bootz ${loadaddr} - ${fdtaddr}
mmcdev=0
mmcroot=/dev/mmcblk0p2 rw
mmcrootfstype=ext3 rootwait
mpurate=auto
nandargs=setenv bootargs console=${console} ${optargs} mpurate=${mpurate} buddy=${buddy} camera=${camera} vram=${vram} omapfb.mode=dvi:${dvimode} omapdss.def_disp=${defaultdisplay} root=${nandroot} rootfstype=${nandrootfstype}
nandboot=echo Booting from nand ...; run nandargs; nand read ${loadaddr} 280000 400000; bootm ${loadaddr}
nandroot=ubi0:rootfs ubi.mtd=4
nandrootfstype=ubifs
ramargs=setenv bootargs console=${console} ${optargs} mpurate=${mpurate} buddy=${buddy} vram=${vram} omapfb.mode=dvi:${dvimode} omapdss.def_disp=${defaultdisplay} root=${ramroot} rootfstype=${ramrootfstype}
ramboot=echo Booting from ramdisk ...; run ramargs; bootm ${loadaddr}
ramdisk=ramdisk.gz
ramroot=/dev/ram0 rw ramdisk_size=65536 initrd=0x81000000,64M
ramrootfstype=ext2
rdaddr=0x81000000
serverip=192.168.1.254
soc=omap3
stderr=serial
stdin=serial
stdout=serial
usbtty=cdc_acm
userbutton=if gpio input 173; then run userbutton_xm; else run userbutton_nonxm; fi;
userbutton_nonxm=gpio input 7;
userbutton_xm=gpio input 4;
vendor=ti
ver=U-Boot 2014.04-00071-g8543283 (Apr 22 2014 - 15:49:50)
vram=12M
Environment size: 2933/131068 bytes
U-Boot# 
- 06:10:51 [INFO] Host: setenv bootargs ''${bootargs}' root=/dev/mmcblk0p2 rw rootfstype=ext3 rootwait '
- 06:10:51 [INFO] Target: 
setenv bootargs ''${bootargs}' root=/dev/mmcblk0p2 rw rootfstype=ext3 rootwait '
U-Boot# 
- 06:10:51 [INFO] Host: printenv
- 06:10:52 [INFO] Target: 
printenv
arch=arm
autoload=no
baudrate=115200
beaglerev=Cx
board=beagle
board_name=beagle
bootargs=console=ttyO2,115200n8  earlyprintk rootwait  ip=dhcp  root=/dev/mmcblk0p2 rw rootfstype=ext3 rootwait 
bootcmd=
bootdelay=1
bootdir=/boot
bootenv=uEnv.txt
bootfile=uImage
bootm_size=0x08000000
bootpart=0:2
buddy=none
camera=none
console=ttyO2,115200n8
cpu=armv7
defaultdisplay=dvi
dieid#=0a8600030000000004013f780600a00e
dvimode=640x480MR-16@60
ethact=usb_ether
fdtaddr=0x80f80000
filesize=f106
findfdt=if test $beaglerev = AxBx; then setenv fdtfile omap3-beagle.dtb; fi; if test $beaglerev = Cx; then setenv fdtfile omap3-beagle.dtb; fi; if test $beaglerev = C4; then setenv fdtfile omap3-beagle.dtb; fi; if test $beaglerev = xMAB; then setenv fdtfile omap3-beagle-xm.dtb; fi; if test $beaglerev = xMC; then setenv fdtfile omap3-beagle-xm.dtb; fi; if test $fdtfile = undefined; then echo WARNING: Could not determine device tree to use; fi; 
importbootenv=echo Importing environment from mmc ...; env import -t $loadaddr $filesize
ipaddr=dhcp
loadaddr=0x80200000
loadbootenv=fatload mmc ${mmcdev} ${loadaddr} ${bootenv}
loadfdt=load mmc ${bootpart} ${fdtaddr} ${bootdir}/${fdtfile}
loadimage=load mmc ${bootpart} ${loadaddr} ${bootdir}/${bootfile}
loadramdisk=load mmc ${bootpart} ${rdaddr} ${bootdir}/${ramdisk}
mmcargs=setenv bootargs console=${console} ${optargs} mpurate=${mpurate} buddy=${buddy} camera=${camera} vram=${vram} omapfb.mode=dvi:${dvimode} omapdss.def_disp=${defaultdisplay} root=${mmcroot} rootfstype=${mmcrootfstype}
mmcboot=echo Booting from mmc ...; run mmcargs; bootm ${loadaddr}
mmcbootz=echo Booting with DT from mmc${mmcdev} ...; run mmcargs; bootz ${loadaddr} - ${fdtaddr}
mmcdev=0
mmcroot=/dev/mmcblk0p2 rw
mmcrootfstype=ext3 rootwait
mpurate=auto
nandargs=setenv bootargs console=${console} ${optargs} mpurate=${mpurate} buddy=${buddy} camera=${camera} vram=${vram} omapfb.mode=dvi:${dvimode} omapdss.def_disp=${defaultdisplay} root=${nandroot} rootfstype=${nandrootfstype}
nandboot=echo Booting from nand ...; run nandargs; nand read ${loadaddr} 280000 400000; bootm ${loadaddr}
nandroot=ubi0:rootfs ubi.mtd=4
nandrootfstype=ubifs
ramargs=setenv bootargs console=${console} ${optargs} mpurate=${mpurate} buddy=${buddy} vram=${vram} omapfb.mode=dvi:${dvimode} omapdss.def_disp=${defaultdisplay} root=${ramroot} rootfstype=${ramrootfstype}
ramboot=echo Booting from ramdisk ...; run ramargs; bootm ${loadaddr}
ramdisk=ramdisk.gz
ramroot=/dev/ram0 rw ramdisk_size=65536 initrd=0x81000000,64M
ramrootfstype=ext2
rdaddr=0x81000000
serverip=192.168.1.254
soc=omap3
stderr=serial
stdin=serial
stdout=serial
usbtty=cdc_acm
userbutton=if gpio input 173; then run userbutton_xm; else run userbutton_nonxm; fi;
userbutton_nonxm=gpio input 7;
userbutton_xm=gpio input 4;
vendor=ti
ver=U-Boot 2014.04-00071-g8543283 (Apr 22 2014 - 15:49:50)
vram=12M
Environment size: 2982/131068 bytes
U-Boot# 
- 06:10:52 [INFO] Host: setenv bootcmd ''${bootcmd}' if iminfo ${loadaddr}; then bootm ${loadaddr} - ${fdtaddr}; else bootz ${loadaddr} - ${fdtaddr}; bootm ${loadaddr} - ${fdtaddr}; fi'
- 06:10:52 [INFO] Target: 
setenv bootcmd ''${bootcmd}' if iminfo ${loadaddr}; then bootm ${loadaddr} - ${fdtaddr}; else bootz ${loadaddr} - ${fdtaddr}; bootm ${loadaddr} - ${fdtaddr}; fi'
U-Boot# 
- 06:10:52 [INFO] Host: bdinfo
- 06:10:53 [INFO] Target: 
bdinfo
arch_number = 0x0000060A
boot_params = 0x80000100
DRAM bank   = 0x00000000
-> start    = 0x80000000
-> size     = 0x08000000
DRAM bank   = 0x00000001
-> start    = 0x88000000
-> size     = 0x08000000
eth0name    = usb_ether
ethaddr     = (not set)
current eth = usb_ether
ip_addr     = dhcp
baudrate    = 115200 bps
TLB addr    = 0x8FFF0000
relocaddr   = 0x8FF51000
reloc off   = 0x0FE51000
irq_sp      = 0x8FE30ED0
sp start    = 0x8FE30EC0
U-Boot# 
- 06:10:53 [INFO] Host: mmc rescan
- 06:10:53 [INFO] Target: 
mmc rescan
U-Boot# 
- 06:10:53 [INFO] Host: fatwrite mmc ${mmcdev}:1 ${loadaddr} ws-calibrate.rules 4
- 06:10:54 [INFO] Target: 
fatwrite mmc ${mmcdev}:1 ${loadaddr} ws-calibrate.rules 4
writing ws-calibrate.rules
4 bytes written
U-Boot# 
- 06:10:54 [INFO] Host: boot
- 06:13:24 [ERROR] On command: boot waiting for boot.+?(?-mix:.*\s+login) >>> error: execution expired
- 06:13:24 [INFO] Target: 
boot
## Checking Image at 80200000 ...
Unknown image format!
Kernel image @ 0x80200000 [ 0x000000 - 0x58c130 ]
## Flattened Device Tree blob at 80f80000
   Booting using the fdt blob at 0x80f80000
   Loading Device Tree to 87fed000, end 87fff105 ... OK
Starting kernel ...
[    0.000000] Booting Linux on physical CPU 0x0
[    0.000000] Linux version 3.19.0-next-20150223-00002-g9103c3446afc (nmenon@kahuna) (gcc version 4.6.3 (Ubuntu/Linaro 4.6.3-1ubuntu5) ) #1 SMP Mon Feb 23 05:55:45 CST 2015
[    0.000000] CPU: ARMv7 Processor [411fc083] revision 3 (ARMv7), cr=10c5387d
[    0.000000] CPU: PIPT / VIPT nonaliasing data cache, VIPT nonaliasing instruction cache
[    0.000000] Machine model: TI OMAP3 BeagleBoard
[    0.000000] cma: Reserved 64 MiB at 0x8b800000
[    0.000000] Memory policy: Data cache writeback
[    0.000000] CPU: All CPU(s) started in SVC mode.
[    0.000000] OMAP3430/3530 ES3.0 (l2cache iva sgx neon isp )
[    0.000000] PERCPU: Embedded 11 pages/cpu @cfc8a000 s12480 r8192 d24384 u45056
[    0.000000] Built 1 zonelists in Zone order, mobility grouping on.  Total pages: 64768
[    0.000000] Kernel command line: console=ttyO2,115200n8  earlyprintk rootwait  ip=dhcp  root=/dev/mmcblk0p2 rw rootfstype=ext3 rootwait 
[    0.000000] PID hash table entries: 1024 (order: 0, 4096 bytes)
[    0.000000] Dentry cache hash table entries: 32768 (order: 5, 131072 bytes)
[    0.000000] Inode-cache hash table entries: 16384 (order: 4, 65536 bytes)
[    0.000000] Memory: 179988K/261120K available (7620K kernel code, 926K rwdata, 3168K rodata, 776K init, 308K bss, 15596K reserved, 65536K cma-reserved, 0K highmem)
[    0.000000] Virtual kernel memory layout:
[    0.000000]     vector  : 0xffff0000 - 0xffff1000   (   4 kB)
[    0.000000]     fixmap  : 0xffc00000 - 0xfff00000   (3072 kB)
[    0.000000]     vmalloc : 0xd0800000 - 0xff000000   ( 744 MB)
[    0.000000]     lowmem  : 0xc0000000 - 0xd0000000   ( 256 MB)
[    0.000000]     pkmap   : 0xbfe00000 - 0xc0000000   (   2 MB)
[    0.000000]     modules : 0xbf000000 - 0xbfe00000   (  14 MB)
[    0.000000]       .text : 0xc0208000 - 0xc0c91550   (10790 kB)
[    0.000000]       .init : 0xc0c92000 - 0xc0d54000   ( 776 kB)
[    0.000000]       .data : 0xc0d54000 - 0xc0e3b920   ( 927 kB)
[    0.000000]        .bss : 0xc0e3b920 - 0xc0e88920   ( 308 kB)
[    0.000000] SLUB: HWalign=64, Order=0-3, MinObjects=0, CPUs=1, Nodes=1
[    0.000000] Hierarchical RCU implementation.
[    0.000000] 	Additional per-CPU info printed with stalls.
[    0.000000] 	RCU restricting CPUs from NR_CPUS=8 to nr_cpu_ids=1.
[    0.000000] RCU: Adjusting geometry for rcu_fanout_leaf=16, nr_cpu_ids=1
[    0.000000] NR_IRQS:16 nr_irqs:16 16
[    0.000000] IRQ: Found an INTC at 0xfa200000 (revision 4.0) with 96 interrupts
[    0.000000] Clocking rate (Crystal/Core/MPU): 26.0/332/600 MHz
[    0.000000] OMAP clockevent source: timer12 at 32768 Hz
[    0.000000] sched_clock: 32 bits at 32kHz, resolution 30517ns, wraps every 65536000000000ns
[    0.000030] OMAP clocksource: 32k_counter at 32768 Hz
[    0.000305] Console: colour dummy device 80x30
[    0.000335] Calibrating delay loop... 479.23 BogoMIPS (lpj=1198080)
[    0.059387] pid_max: default: 32768 minimum: 301
[    0.059600] Mount-cache hash table entries: 1024 (order: 0, 4096 bytes)
[    0.059600] Mountpoint-cache hash table entries: 1024 (order: 0, 4096 bytes)
[    0.060729] CPU: Testing write buffer coherency: ok
[    0.061157] CPU0: thread -1, cpu 0, socket -1, mpidr 0
[    0.061309] Setting up static identity map for 0x809346c8 - 0x80934760
[    0.067352] Brought up 1 CPUs
[    0.067382] SMP: Total of 1 processors activated (479.23 BogoMIPS).
[    0.067382] CPU: All CPU(s) started in SVC mode.
[    0.068389] devtmpfs: initialized
[    0.073883] VFP support v0.3: implementor 41 architecture 3 part 30 variant c rev 1
[    0.096588] omap_hwmod: mcbsp2_sidetone using broken dt data from mcbsp
[    0.097229] omap_hwmod: mcbsp3_sidetone using broken dt data from mcbsp
[    0.128631] omap_hwmod: mcbsp2: _wait_target_ready failed: -16
[    0.128662] omap_hwmod: mcbsp2: cannot be enabled for reset (3)
[    0.168914] pinctrl core: initialized pinctrl subsystem
[    0.211944] NET: Registered protocol family 16
[    0.216522] DMA: preallocated 256 KiB pool for atomic coherent allocations
[    0.220062] cpuidle: using governor ladder
[    0.220092] cpuidle: using governor menu
[    0.226867] Reprogramming SDRC clock to 332000000 Hz
[    0.234039] omap_gpio 48310000.gpio: could not find pctldev for node /ocp/pinmux@48002a00/pinmux_gpio1_pins, deferring probe
[    0.234100] platform 48310000.gpio: Driver omap_gpio requests probe deferral
[    0.235351] OMAP GPIO hardware version 2.5
[    0.241485] irq: no irq domain found for /ocp/pinmux@48002030 !
[    0.256927] omap-gpmc 6e000000.gpmc: GPMC revision 5.0
[    0.261657] of_amba_device_create(): amba_device_add() failed (-19) for /etb@540000000
[    0.261810] of_amba_device_create(): amba_device_add() failed (-19) for /etm@54010000
[    0.264312] No ATAGs?
[    0.264343] hw-breakpoint: debug architecture 0x4 unsupported.
[    0.266876] OMAP DMA hardware revision 4.0
[    0.272003] Serial: AMBA PL011 UART driver
[    0.322570] omap-dma-engine 48056000.dma-controller: OMAP DMA engine driver
[    0.323516] platform hsusb2_power_reg: Driver reg-fixed-voltage requests probe deferral
[    0.328613] vgaarb: loaded
[    0.330078] SCSI subsystem initialized
[    0.331176] usbcore: registered new interface driver usbfs
[    0.331329] usbcore: registered new interface driver hub
[    0.331451] usbcore: registered new device driver usb
[    0.332366] platform hsusb2_phy: Driver usb_phy_generic requests probe deferral
[    0.334716] omap_i2c 48070000.i2c: bus 0 rev3.3 at 2600 kHz
[    0.335510] omap_i2c 48072000.i2c: bus 1 rev3.3 at 100 kHz
[    0.336212] omap_i2c 48060000.i2c: bus 2 rev3.3 at 100 kHz
[    0.337402] Linux video capture interface: v2.00
[    0.337524] pps_core: LinuxPPS API ver. 1 registered
[    0.337524] pps_core: Software ver. 5.3.6 - Copyright 2005-2007 Rodolfo Giometti <giometti@linux.it>
[    0.337585] PTP clock support registered
[    0.338073] EDAC MC: Ver: 3.0.0
[    0.339324] Advanced Linux Sound Architecture Driver Initialized.
[    0.341613] Switched to clocksource 32k_counter
[    0.363220] NET: Registered protocol family 2
[    0.364257] TCP established hash table entries: 2048 (order: 1, 8192 bytes)
[    0.364318] TCP bind hash table entries: 2048 (order: 2, 16384 bytes)
[    0.364379] TCP: Hash tables configured (established 2048 bind 2048)
[    0.364532] UDP hash table entries: 256 (order: 1, 8192 bytes)
[    0.364562] UDP-Lite hash table entries: 256 (order: 1, 8192 bytes)
[    0.364837] NET: Registered protocol family 1
[    0.365447] RPC: Registered named UNIX socket transport module.
[    0.365447] RPC: Registered udp transport module.
[    0.365478] RPC: Registered tcp transport module.
[    0.365478] RPC: Registered tcp NFSv4.1 backchannel transport module.
[    0.369049] hw perfevents: enabled with armv7_cortex_a8 PMU driver, 5 counters available
[    0.373596] futex hash table entries: 256 (order: 2, 16384 bytes)
[    0.397766] squashfs: version 4.0 (2009/01/31) Phillip Lougher
[    0.399780] NFS: Registering the id_resolver key type
[    0.399871] Key type id_resolver registered
[    0.399871] Key type id_legacy registered
[    0.400024] ntfs: driver 2.1.31 [Flags: R/O].
[    0.402862] Block layer SCSI generic (bsg) driver version 0.4 loaded (major 249)
[    0.402893] io scheduler noop registered
[    0.402923] io scheduler deadline registered
[    0.403320] io scheduler cfq registered (default)
[    0.410797] pinctrl-single 48002030.pinmux: 284 pins at pa fa002030 size 568
[    0.411224] pinctrl-single 48002a00.pinmux: 46 pins at pa fa002a00 size 92
[    0.412048] pinctrl-single 480025d8.pinmux: 18 pins at pa fa0025d8 size 36
[    0.546081] Serial: 8250/16550 driver, 4 ports, IRQ sharing disabled
[    0.551330] msm_serial: driver initialized
[    0.552551] omap_uart 4806a000.serial: no wakeirq for uart0
[    0.552825] 4806a000.serial: ttyO0 at MMIO 0x4806a000 (irq = 88, base_baud = 3000000) is a OMAP UART0
[    0.553680] omap_uart 4806c000.serial: no wakeirq for uart0
[    0.553863] 4806c000.serial: ttyO1 at MMIO 0x4806c000 (irq = 89, base_baud = 3000000) is a OMAP UART1
[    0.554992] 49020000.serial: ttyO2 at MMIO 0x49020000 (irq = 90, base_baud = 3000000) is a OMAP UART2
[    1.315429] console [ttyO2] enabled
[    1.320007] STMicroelectronics ASC driver initialized
[    1.328216] [drm] Initialized drm 1.1.0 20060810
[    1.347045] loop: module loaded
[    1.359039] twl 0-0048: PIH (irq 23) chaining IRQs 307..315
[    1.365112] twl 0-0048: power (irq 312) chaining IRQs 315..322
[    1.412414] twl4030_gpio twl4030-gpio: gpio (irq 307) chaining IRQs 323..340
[    1.439849] CAN device driver interface
[    1.446502] igb: Intel(R) Gigabit Ethernet Network Driver - version 5.2.15-k
[    1.453948] igb: Copyright (c) 2007-2014 Intel Corporation.
[    1.463897] pegasus: v0.9.3 (2013/04/25), Pegasus/Pegasus II USB Ethernet driver
[    1.471862] usbcore: registered new interface driver pegasus
[    1.477996] usbcore: registered new interface driver asix
[    1.483795] usbcore: registered new interface driver ax88179_178a
[    1.490325] usbcore: registered new interface driver cdc_ether
[    1.496643] usbcore: registered new interface driver smsc75xx
[    1.502868] usbcore: registered new interface driver smsc95xx
[    1.509033] usbcore: registered new interface driver net1080
[    1.515106] usbcore: registered new interface driver cdc_subset
[    1.521453] usbcore: registered new interface driver zaurus
[    1.527526] usbcore: registered new interface driver cdc_ncm
[    1.536071] ehci_hcd: USB 2.0 'Enhanced' Host Controller (EHCI) Driver
[    1.542999] ehci-pci: EHCI PCI platform driver
[    1.547790] ehci-platform: EHCI generic platform driver
[    1.553802] ehci-omap: OMAP-EHCI Host Controller driver
[    1.559844] ehci-omap 48064800.ehci: Can't get PHY device for port 1: -517
[    1.567169] platform 48064800.ehci: Driver ehci-omap requests probe deferral
[    1.574768] ehci-orion: EHCI orion driver
[    1.579406] SPEAr-ehci: EHCI SPEAr driver
[    1.584014] ehci-st: EHCI STMicroelectronics driver
[    1.589508] ehci-exynos: EHCI EXYNOS driver
[    1.594329] tegra-ehci: Tegra EHCI driver
[    1.598937] ohci_hcd: USB 1.1 'Open' Host Controller (OHCI) Driver
[    1.605499] ohci-pci: OHCI PCI platform driver
[    1.610382] ohci-platform: OHCI generic platform driver
[    1.616302] ohci-omap3: OHCI OMAP3 driver
[    1.621063] ohci-omap3 48064400.ohci: OHCI Host Controller
[    1.626922] ohci-omap3 48064400.ohci: new USB bus registered, assigned bus number 1
[    1.635406] ohci-omap3 48064400.ohci: irq 92, io mem 0x48064400
[    1.714569] hub 1-0:1.0: USB hub found
[    1.718688] hub 1-0:1.0: 3 ports detected
[    1.724182] SPEAr-ohci: OHCI SPEAr driver
[    1.728973] ohci-st: OHCI STMicroelectronics driver
[    1.734771] usbcore: registered new interface driver usb-storage
[    1.745269] mousedev: PS/2 mouse device common for all mice
[    1.758819] twl_rtc 48070000.i2c:twl@48:rtc: Power up reset detected.
[    1.765960] twl_rtc 48070000.i2c:twl@48:rtc: Enabling TWL-RTC
[    1.775360] twl_rtc 48070000.i2c:twl@48:rtc: rtc core: registered 48070000.i2c:twl@48 as rtc0
[    1.786163] i2c /dev entries driver
[    1.794586] usbcore: registered new interface driver uvcvideo
[    1.800689] USB Video Class driver (1.1.1)
[    1.805023] gspca_main: v2.14.0 registered
[    1.817962] Driver 'mmcblk' needs updating - please use bus_type methods
[    1.825286] sdhci: Secure Digital Host Controller Interface driver
[    1.831787] sdhci: Copyright(c) Pierre Ossman
[    1.872802] Synopsys Designware Multimedia Card Interface Driver
[    1.881347] sdhci-pltfm: SDHCI platform and OF driver helper
[    1.892852] ledtrig-cpu: registered to indicate activity on CPUs
[    1.899780] usbcore: registered new interface driver usbhid
[    1.905670] usbhid: USB HID core driver
[    1.920013] usbcore: registered new interface driver snd-usb-audio
[    1.933013] NET: Registered protocol family 17
[    1.937805] can: controller area network core (rev 20120528 abi 9)
[    1.944519] NET: Registered protocol family 29
[    1.949249] can: raw protocol (rev 20120528)
[    1.953765] can: broadcast manager protocol (rev 20120528 t)
[    1.959777] can: netlink gateway (rev 20130117) max_hops=1
[    1.966491] Key type dns_resolver registered
[    1.971405] omap2_set_init_voltage: unable to find boot up OPP for vdd_mpu_iva
[    1.979064] omap2_set_init_voltage: unable to set vdd_mpu_iva
[    1.985137] omap2_set_init_voltage: unable to find boot up OPP for vdd_core
[    1.992462] omap2_set_init_voltage: unable to set vdd_core
[    2.000274] PM: no software I/O chain control; some wakeups may be lost
[    2.008331] ThumbEE CPU extension supported.
[    2.012908] Registering SWP/SWPB emulation handler
[    2.050933] mmc0: host does not support reading read-only switch, assuming write-enable
[    2.061676] mmc0: new high speed SDHC card at address b368
[    2.068298] mmcblk0: mmc0:b368 SMI   3.72 GiB 
[    2.074859]  mmcblk0: p1 p2
[    2.117492] ehci-omap 48064800.ehci: EHCI Host Controller
[    2.123229] ehci-omap 48064800.ehci: new USB bus registered, assigned bus number 2
[    2.131530] ehci-omap 48064800.ehci: irq 93, io mem 0x48064800
[    2.146759] ehci-omap 48064800.ehci: USB 2.0 started, EHCI 1.00
[    2.154693] hub 2-0:1.0: USB hub found
[    2.158813] hub 2-0:1.0: 3 ports detected
[    2.166809] input: gpio_keys as /devices/platform/gpio_keys/input/input0
[    2.175598] twl_rtc 48070000.i2c:twl@48:rtc: setting system clock to 2000-01-01 00:00:00 UTC (946684800)
[   14.263519] VUSB3V1: disabling
[   14.268280] VUSB1V8: disabling
[   14.272918] VUSB1V5: disabling
[   14.278045] VDAC: disabling
[   14.282897] VAUX3: disabling
[   14.288543] ALSA device list:
[   14.291931]   No soundcards found.
[   14.304962] EXT4-fs (mmcblk0p2): mounting ext3 file system using the ext4 subsystem
[   14.343536] EXT4-fs (mmcblk0p2): mounted filesystem with ordered data mode. Opts: (null)
[   14.352325] VFS: Mounted root (ext3 filesystem) on device 179:2.
[   14.373016] devtmpfs: mounted
[   14.380920] Freeing unused kernel memory: 776K (c0c92000 - c0d54000)
INIT: version 2.88 booting
Error opening /dev/fb0: No such file or directory
/dev/ttyO2 linked to /dev/tty-bd - using as console
Starting udev
[   15.507324] udevd[93]: starting version 182
[   20.688781] FAT-fs (mmcblk0p1): Volume was not properly unmounted. Some data may be corrupt. Please run fsck.
[   21.616516] random: nonblocking pool is initialized
ERROR: could not open directory /lib/modules/3.19.0-next-20150223-00002-g9103c3446afc: No such file or directory
WARNING: -e needs -E or -F
ERROR: could not open directory /lib/modules/3.19.0-next-20150223-00002-g9103c3446afc: No such file or directory
FATAL: could not search modules: No such file or directory
Starting Bootlog daemon: bootlogd.
[   22.004699] EXT4-fs (mmcblk0p2): re-mounted. Opts: data=ordered
ALSA: Restoring mixer settings...
/usr/sbin/alsactl: load_state:1696: No soundcards found...
Configuring network interfaces... ifconfig: SIOCGIFFLAGS: No such device
done.
Sat Mar 11 17:35:00 UTC 2000
INIT: Entering runlevel: 3
/dev/ linked to /dev/tty-bd - using as console
Starting system message bus: dbus.
Starting Dropbear SSH server: dropbear.
Starting telnet daemon.
Starting syslogd/klogd: done
Starting thttpd.
Starting Lighttpd Web Server: lighttpd.
2000-03-11 17:35:01: (log.c.166) server started 
***************************************************************
***************************************************************
NOTICE: This file system contains the followin GPLv3 packages:
	binutils-symlinks
	binutils
	gdbserver
	parted
If you do not wish to distribute GPLv3 components please remove
the above packages prior to distribution.  This can be done using
the opkg remove command.  i.e.:
    opkg remove <package>
Where <package> is the name printed in the list above
NOTE: If the package is a dependency of another package you
      will be notified of the dependent packages.  You should
      use the --force-removal-of-dependent-packages option to
      also remove the dependent packages as well
***************************************************************
***************************************************************
Stopping Bootlog daemon: bootlogd.
INIT: Id "S" respawning too fast: disabled for 5 minutes
URL:gtsystest.telogy.design.ti.com/vatf/tidfarm-02/tidfarm-02_vatf@1/tidfarm-0202_23_2015_05_59_32/files/session_iteration_1/test_1
