- 06:47:52 [INFO] Starting target session
- 06:47:53 [INFO] Connected to beaglebone via serial 
- 06:47:53 [INFO] Host: #check prompt
- 06:47:56 [ERROR] On command: #check prompt waiting for #check prompt.+?(?-mix:((?-mix:login:)|[Pp]assword)) >>> error: execution expired
- 06:47:56 [INFO] Target: 
- 06:47:56 [INFO] Host: #check prompt
- 06:47:58 [ERROR] On command: #check prompt waiting for #check prompt.+?(?-mix:root@.+[@:#]+) >>> error: execution expired
- 06:47:58 [INFO] Target: 
- 06:47:58 [INFO] Disconnected serial from beaglebone
- 06:48:03 [INFO] Connected to beaglebone via serial 
- 06:48:03 [INFO] Host: 
- 06:48:06 [INFO] Target: 
U-Boot SPL 2014.07-00076-g8f725ef (Oct 09 2014 - 11:18:44)
reading args
spl_load_image_fat_os: error reading image args, err - -1
reading u-boot.img
reading u-boot.img
U-Boot 2014.07-00076-g8f725ef (Oct 09 2014 - 11:18:44), Build: jenkins-system_test_testing_kernel-500
I2C:   ready
DRAM:  256 MiB
NAND:  0 MiB
MMC:   OMAP SD/MMC: 0, OMAP SD/MMC: 1
reading uboot.env
** Unable to read "uboot.env" from mmc0:1 **
Using default environment
Net:   <ethaddr> not set. Validating first E-fuse MAC
cpsw, usb_ether
Hit any key to stop autoboot:  1  0 
U-Boot# 
U-Boot# 
U-Boot# 
U-Boot# 
U-Boot# 
U-Boot# 
U-Boot# 
U-Boot# 
U-Boot# 
U-Boo
- 06:48:06 [INFO] Host: 
- 06:48:06 [INFO] Target: 
U-Boot# 
- 06:48:06 [INFO] Host: version
- 06:48:06 [INFO] Target: 
U-Boot# version
U-Boot 2014.07-00076-g8f725ef (Oct 09 2014 - 11:18:44)
arm-linux-gnueabihf-gcc (crosstool-NG linaro-1.13.1-4.7-2013.03-20130313 - Linaro GCC 2013.03) 4.7.3 20130226 (prerelease)
GNU ld (crosstool-NG linaro-1.13.1-4.7-2013.03-20130313 - Linaro GCC 2013.03) 2.23.1
U-Boot# 
- 06:48:06 [INFO] Host: setenv bootargs 'console=ttyO0,115200n8 earlyprintk rootwait '
- 06:48:06 [INFO] Target: 
setenv bootargs 'console=ttyO0,115200n8 earlyprintk rootwait '
U-Boot# 
- 06:48:06 [INFO] Host: setenv bootcmd  ''
- 06:48:06 [INFO] Target: 
setenv bootcmd  ''
U-Boot# 
- 06:48:06 [INFO] Host: setenv autoload 'no'
- 06:48:06 [INFO] Target: 
setenv autoload 'no'
U-Boot# 
- 06:48:06 [INFO] Host: setenv serverip '192.168.0.1'
- 06:48:06 [INFO] Target: 
setenv serverip '192.168.0.1'
U-Boot# 
- 06:48:06 [INFO] Host: setenv mmcdev ' '
- 06:48:06 [INFO] Target: 
setenv mmcdev ' '
U-Boot# 
- 06:48:06 [INFO] Host: printenv
- 06:48:07 [INFO] Target: 
printenv
arch=arm
autoload=no
baudrate=115200
board=am335x
board_name=A335BONE
board_rev=00A6
boot_fdt=try
bootargs=console=ttyO0,115200n8 earlyprintk rootwait 
bootcmd=
bootcount=1
bootdelay=1
bootdir=/boot
bootenv=uEnv.txt
bootfile=zImage
bootm_size=0x10000000
bootpart=0:2
console=ttyO0,115200n8
cpu=armv7
dfu_alt_info_emmc=rawemmc raw 0 3751936
dfu_alt_info_mmc=boot part 0 1;rootfs part 0 2;MLO fat 0 1;MLO.raw raw 0x100 0x100;u-boot.img.raw raw 0x300 0x400;spl-os-args.raw raw 0x80 0x80;spl-os-image.raw raw 0x900 0x2000;spl-os-args fat 0 1;spl-os-image fat 0 1;u-boot.img fat 0 1;uEnv.txt fat 0 1
dfu_alt_info_nand=SPL part 0 1;SPL.backup1 part 0 2;SPL.backup2 part 0 3;SPL.backup3 part 0 4;u-boot part 0 5;u-boot-spl-os part 0 6;kernel part 0 8;rootfs part 0 9
dfu_alt_info_ram=kernel ram 0x80200000 0xD80000;fdt ram 0x80F80000 0x80000;ramdisk ram 0x81000000 0x4000000
eth1addr=78:c5:e5:d5:61:69
ethact=cpsw
ethaddr=78:c5:e5:d5:61:68
fdt_addr_r=0x88000000
fdtaddr=0x88000000
fdtfile=undefined
findfdt=if test $board_name = A335BONE; then setenv fdtfile am335x-bone.dtb; fi; if test $board_name = A335BNLT; then setenv fdtfile am335x-boneblack.dtb; fi; if test $board_name = A33515BB; then setenv fdtfile am335x-evm.dtb; fi; if test $board_name = A335X_SK; then setenv fdtfile am335x-evmsk.dtb; fi; if test $fdtfile = undefined; then echo WARNING: Could not determine device tree to use; fi; 
importbootenv=echo Importing environment from mmc ...; env import -t -r $loadaddr $filesize
kernel_addr_r=0x82000000
loadaddr=0x82000000
loadbootenv=load mmc ${mmcdev} ${loadaddr} ${bootenv}
loadfdt=load mmc ${bootpart} ${fdtaddr} ${bootdir}/${fdtfile}
loadimage=load mmc ${bootpart} ${loadaddr} ${bootdir}/${bootfile}
loadramdisk=load mmc ${mmcdev} ${rdaddr} ramdisk.gz
mmcargs=setenv bootargs console=${console} ${optargs} root=${mmcroot} rootfstype=${mmcrootfstype}
mmcboot=mmc dev ${mmcdev}; if mmc rescan; then echo SD/MMC found on device ${mmcdev};if run loadbootenv; then echo Loaded environment from ${bootenv};run importbootenv;fi;if test -n $uenvcmd; then echo Running uenvcmd ...;run uenvcmd;fi;if run loadimage; then run mmcloados;fi;fi;
mmcdev= 
mmcloados=run mmcargs; if test ${boot_fdt} = yes || test ${boot_fdt} = try; then if run loadfdt; then bootz ${loadaddr} - ${fdtaddr}; else if test ${boot_fdt} = try; then bootz; else echo WARN: Cannot load the DT; fi; fi; else bootz; fi;
mmcroot=/dev/mmcblk0p2 ro
mmcrootfstype=ext4 rootwait
mtdids=nand0=nand.0
mtdparts=mtdparts=nand.0:128k(NAND.SPL),128k(NAND.SPL.backup1),128k(NAND.SPL.backup2),128k(NAND.SPL.backup3),256k(NAND.u-boot-spl-os),1m(NAND.u-boot),128k(NAND.u-boot-env),128k(NAND.u-boot-env.backup1),8m(NAND.kernel),-(NAND.file-system)
nandargs=setenv bootargs console=${console} ${optargs} root=${nandroot} rootfstype=${nandrootfstype}
nandboot=echo Booting from nand ...; run nandargs; nand read ${fdtaddr} NAND.u-boot-spl-os; nand read ${loadaddr} NAND.kernel; bootz ${loadaddr} - ${fdtaddr}
nandroot=ubi0:rootfs rw ubi.mtd=NAND.file-system,2048
nandrootfstype=ubifs rootwait=1
netargs=setenv bootargs console=${console} ${optargs} root=/dev/nfs nfsroot=${serverip}:${rootpath},${nfsopts} rw ip=dhcp
netboot=echo Booting from network ...; setenv autoload no; dhcp; tftp ${loadaddr} ${bootfile}; tftp ${fdtaddr} ${fdtfile}; run netargs; bootz ${loadaddr} - ${fdtaddr}
nfsopts=nolock
partitions=uuid_disk=${uuid_gpt_disk};name=rootfs,start=2MiB,size=-,uuid=${uuid_gpt_rootfs}
ramargs=setenv bootargs console=${console} ${optargs} root=${ramroot} rootfstype=${ramrootfstype}
ramboot=echo Booting from ramdisk ...; run ramargs; bootz ${loadaddr} ${rdaddr} ${fdtaddr}
ramdisk_addr_r=0x88080000
ramroot=/dev/ram0 rw
ramrootfstype=ext2
rdaddr=0x88080000
rootpath=/export/rootfs
serverip=192.168.0.1
soc=am33xx
spiargs=setenv bootargs console=${console} ${optargs} root=${spiroot} rootfstype=${spirootfstype}
spiboot=echo Booting from spi ...; run spiargs; sf probe ${spibusno}:0; sf read ${loadaddr} ${spisrcaddr} ${spiimgsize}; bootz ${loadaddr}
spibusno=0
spiimgsize=0x362000
spiroot=/dev/mtdblock4 rw
spirootfstype=jffs2
spisrcaddr=0xe0000
static_ip=${ipaddr}:${serverip}:${gatewayip}:${netmask}:${hostname}::off
stderr=serial
stdin=serial
stdout=serial
usbnet_devaddr=78:c5:e5:d5:61:69
vendor=ti
ver=U-Boot 2014.07-00076-g8f725ef (Oct 09 2014 - 11:18:44)
Environment size: 4470/131068 bytes
U-Boot# 
- 06:48:07 [INFO] Host: printenv
- 06:48:07 [INFO] Target: 
printenv
arch=arm
autoload=no
baudrate=115200
board=am335x
board_name=A335BONE
board_rev=00A6
boot_fdt=try
bootargs=console=ttyO0,115200n8 earlyprintk rootwait 
bootcmd=
bootcount=1
bootdelay=1
bootdir=/boot
bootenv=uEnv.txt
bootfile=zImage
bootm_size=0x10000000
bootpart=0:2
console=ttyO0,115200n8
cpu=armv7
dfu_alt_info_emmc=rawemmc raw 0 3751936
dfu_alt_info_mmc=boot part 0 1;rootfs part 0 2;MLO fat 0 1;MLO.raw raw 0x100 0x100;u-boot.img.raw raw 0x300 0x400;spl-os-args.raw raw 0x80 0x80;spl-os-image.raw raw 0x900 0x2000;spl-os-args fat 0 1;spl-os-image fat 0 1;u-boot.img fat 0 1;uEnv.txt fat 0 1
dfu_alt_info_nand=SPL part 0 1;SPL.backup1 part 0 2;SPL.backup2 part 0 3;SPL.backup3 part 0 4;u-boot part 0 5;u-boot-spl-os part 0 6;kernel part 0 8;rootfs part 0 9
dfu_alt_info_ram=kernel ram 0x80200000 0xD80000;fdt ram 0x80F80000 0x80000;ramdisk ram 0x81000000 0x4000000
eth1addr=78:c5:e5:d5:61:69
ethact=cpsw
ethaddr=78:c5:e5:d5:61:68
fdt_addr_r=0x88000000
fdtaddr=0x88000000
fdtfile=undefined
findfdt=if test $board_name = A335BONE; then setenv fdtfile am335x-bone.dtb; fi; if test $board_name = A335BNLT; then setenv fdtfile am335x-boneblack.dtb; fi; if test $board_name = A33515BB; then setenv fdtfile am335x-evm.dtb; fi; if test $board_name = A335X_SK; then setenv fdtfile am335x-evmsk.dtb; fi; if test $fdtfile = undefined; then echo WARNING: Could not determine device tree to use; fi; 
importbootenv=echo Importing environment from mmc ...; env import -t -r $loadaddr $filesize
kernel_addr_r=0x82000000
loadaddr=0x82000000
loadbootenv=load mmc ${mmcdev} ${loadaddr} ${bootenv}
loadfdt=load mmc ${bootpart} ${fdtaddr} ${bootdir}/${fdtfile}
loadimage=load mmc ${bootpart} ${loadaddr} ${bootdir}/${bootfile}
loadramdisk=load mmc ${mmcdev} ${rdaddr} ramdisk.gz
mmcargs=setenv bootargs console=${console} ${optargs} root=${mmcroot} rootfstype=${mmcrootfstype}
mmcboot=mmc dev ${mmcdev}; if mmc rescan; then echo SD/MMC found on device ${mmcdev};if run loadbootenv; then echo Loaded environment from ${bootenv};run importbootenv;fi;if test -n $uenvcmd; then echo Running uenvcmd ...;run uenvcmd;fi;if run loadimage; then run mmcloados;fi;fi;
mmcdev= 
mmcloados=run mmcargs; if test ${boot_fdt} = yes || test ${boot_fdt} = try; then if run loadfdt; then bootz ${loadaddr} - ${fdtaddr}; else if test ${boot_fdt} = try; then bootz; else echo WARN: Cannot load the DT; fi; fi; else bootz; fi;
mmcroot=/dev/mmcblk0p2 ro
mmcrootfstype=ext4 rootwait
mtdids=nand0=nand.0
mtdparts=mtdparts=nand.0:128k(NAND.SPL),128k(NAND.SPL.backup1),128k(NAND.SPL.backup2),128k(NAND.SPL.backup3),256k(NAND.u-boot-spl-os),1m(NAND.u-boot),128k(NAND.u-boot-env),128k(NAND.u-boot-env.backup1),8m(NAND.kernel),-(NAND.file-system)
nandargs=setenv bootargs console=${console} ${optargs} root=${nandroot} rootfstype=${nandrootfstype}
nandboot=echo Booting from nand ...; run nandargs; nand read ${fdtaddr} NAND.u-boot-spl-os; nand read ${loadaddr} NAND.kernel; bootz ${loadaddr} - ${fdtaddr}
nandroot=ubi0:rootfs rw ubi.mtd=NAND.file-system,2048
nandrootfstype=ubifs rootwait=1
netargs=setenv bootargs console=${console} ${optargs} root=/dev/nfs nfsroot=${serverip}:${rootpath},${nfsopts} rw ip=dhcp
netboot=echo Booting from network ...; setenv autoload no; dhcp; tftp ${loadaddr} ${bootfile}; tftp ${fdtaddr} ${fdtfile}; run netargs; bootz ${loadaddr} - ${fdtaddr}
nfsopts=nolock
partitions=uuid_disk=${uuid_gpt_disk};name=rootfs,start=2MiB,size=-,uuid=${uuid_gpt_rootfs}
ramargs=setenv bootargs console=${console} ${optargs} root=${ramroot} rootfstype=${ramrootfstype}
ramboot=echo Booting from ramdisk ...; run ramargs; bootz ${loadaddr} ${rdaddr} ${fdtaddr}
ramdisk_addr_r=0x88080000
ramroot=/dev/ram0 rw
ramrootfstype=ext2
rdaddr=0x88080000
rootpath=/export/rootfs
serverip=192.168.0.1
soc=am33xx
spiargs=setenv bootargs console=${console} ${optargs} root=${spiroot} rootfstype=${spirootfstype}
spiboot=echo Booting from spi ...; run spiargs; sf probe ${spibusno}:0; sf read ${loadaddr} ${spisrcaddr} ${spiimgsize}; bootz ${loadaddr}
spibusno=0
spiimgsize=0x362000
spiroot=/dev/mtdblock4 rw
spirootfstype=jffs2
spisrcaddr=0xe0000
static_ip=${ipaddr}:${serverip}:${gatewayip}:${netmask}:${hostname}::off
stderr=serial
stdin=serial
stdout=serial
usbnet_devaddr=78:c5:e5:d5:61:69
vendor=ti
ver=U-Boot 2014.07-00076-g8f725ef (Oct 09 2014 - 11:18:44)
Environment size: 4470/131068 bytes
U-Boot# 
- 06:48:07 [INFO] Host: setenv bootargs ''${bootargs}' ip=:::::eth0:dhcp '
- 06:48:07 [INFO] Target: 
setenv bootargs ''${bootargs}' ip=:::::eth0:dhcp '
U-Boot# 
- 06:48:07 [INFO] Host: setenv serverip '192.168.0.1'
- 06:48:07 [INFO] Target: 
setenv serverip '192.168.0.1'
U-Boot# 
- 06:48:07 [INFO] Host: setenv ipaddr dhcp
- 06:48:08 [INFO] Target: 
setenv ipaddr dhcp
U-Boot# 
- 06:48:08 [INFO] Host: setenv autoload 'no'
- 06:48:08 [INFO] Target: 
setenv autoload 'no'
U-Boot# 
- 06:48:08 [INFO] Host: dhcp
- 06:48:09 [INFO] Target: 
dhcp
link up on port 0, speed 100, full duplex
BOOTP broadcast 1
DHCP client bound to address 192.168.0.76
U-Boot# 
- 06:48:09 [INFO] Host: setenv serverip '192.168.0.1'
- 06:48:09 [INFO] Target: 
setenv serverip '192.168.0.1'
U-Boot# 
- 06:48:09 [INFO] Host: tftp ${loadaddr} 192.168.0.1:vatf_beaglebone/2bf35a665720582d03b3d399e98f11b9
- 06:48:10 [INFO] Target: 
tftp ${loadaddr} 192.168.0.1:vatf_beaglebone/2bf35a665720582d03b3d399e98f11b9
link up on port 0, speed 100, full duplex
Using cpsw device
TFTP from server 192.168.0.1; our IP address is 192.168.0.76
Filename 'vatf_beaglebone/2bf35a665720582d03b3d399e98f11b9'.
Load address: 0x82000000
Loading: *#################################################################
	 #################################################################
	 #################################################################
	 #################################################################
	 #################################################################
	 #################################################################
	 ##############################################
	 4.2 MiB/s
done
Bytes transferred = 6393088 (618d00 hex)
U-Boot# 
- 06:48:10 [INFO] Host: tftp ${fdt_addr_r} 192.168.0.1:vatf_beaglebone/5c61ee6bac6dc7e1b7fb2ba5b72c7757
- 06:48:11 [INFO] Target: 
tftp ${fdt_addr_r} 192.168.0.1:vatf_beaglebone/5c61ee6bac6dc7e1b7fb2ba5b72c7757
link up on port 0, speed 100, full duplex
Using cpsw device
TFTP from server 192.168.0.1; our IP address is 192.168.0.76
Filename 'vatf_beaglebone/5c61ee6bac6dc7e1b7fb2ba5b72c7757'.
Load address: 0x88000000
Loading: *###
	 3.7 MiB/s
done
Bytes transferred = 30756 (7824 hex)
U-Boot# 
- 06:48:11 [INFO] Host: ls mmc 0:1
- 06:48:11 [INFO] Target: 
ls mmc 0:1
    77532   mlo 
   447164   u-boot.img 
  2629467   u-boot 
   447100   u-boot.bin 
   907613   u-boot-spl 
    77012   u-boot-spl.bin 
      259   uboot_build.txt 
       14   .ipaddr 
            windows_users/
        0   pointercal 
            old_uboot/
        4   ws-calibrate.rules 
10 file(s), 2 dir(s)
U-Boot# 
- 06:48:11 [INFO] Host: ls mmc 0:2
- 06:48:11 [INFO] Target: 
ls mmc 0:2
<DIR>       4096 .
<DIR>       4096 ..
<DIR>       4096 bin
<DIR>       4096 boot
<DIR>       4096 dev
<DIR>       4096 etc
<DIR>       4096 home
<DIR>       4096 lib
<DIR>       4096 media
<DIR>       4096 mnt
<DIR>       4096 opt
<DIR>       4096 proc
<SYM>          8 run
<DIR>       4096 sbin
<DIR>       4096 srv
<DIR>       4096 sys
<SYM>          8 tmp
<DIR>       4096 usr
<DIR>       4096 var
<DIR>       4096 www
<DIR>       4096 Settings
<DIR>       4096 test
U-Boot# 
- 06:48:11 [INFO] Host: part uuid mmc 0:2
- 06:48:11 [INFO] Target: 
part uuid mmc 0:2
00000000-02
U-Boot# 
- 06:48:11 [INFO] Host: printenv
- 06:48:11 [INFO] Target: 
printenv
arch=arm
autoload=no
baudrate=115200
board=am335x
board_name=A335BONE
board_rev=00A6
boot_fdt=try
bootargs=console=ttyO0,115200n8 earlyprintk rootwait  ip=:::::eth0:dhcp 
bootcmd=
bootcount=1
bootdelay=1
bootdir=/boot
bootenv=uEnv.txt
bootfile=zImage
bootm_size=0x10000000
bootpart=0:2
console=ttyO0,115200n8
cpu=armv7
dfu_alt_info_emmc=rawemmc raw 0 3751936
dfu_alt_info_mmc=boot part 0 1;rootfs part 0 2;MLO fat 0 1;MLO.raw raw 0x100 0x100;u-boot.img.raw raw 0x300 0x400;spl-os-args.raw raw 0x80 0x80;spl-os-image.raw raw 0x900 0x2000;spl-os-args fat 0 1;spl-os-image fat 0 1;u-boot.img fat 0 1;uEnv.txt fat 0 1
dfu_alt_info_nand=SPL part 0 1;SPL.backup1 part 0 2;SPL.backup2 part 0 3;SPL.backup3 part 0 4;u-boot part 0 5;u-boot-spl-os part 0 6;kernel part 0 8;rootfs part 0 9
dfu_alt_info_ram=kernel ram 0x80200000 0xD80000;fdt ram 0x80F80000 0x80000;ramdisk ram 0x81000000 0x4000000
dnsip=192.0.2.2
dnsip2=192.0.2.3
eth1addr=78:c5:e5:d5:61:69
ethact=cpsw
ethaddr=78:c5:e5:d5:61:68
fdt_addr_r=0x88000000
fdtaddr=0x88000000
fdtfile=undefined
fileaddr=88000000
filesize=7824
findfdt=if test $board_name = A335BONE; then setenv fdtfile am335x-bone.dtb; fi; if test $board_name = A335BNLT; then setenv fdtfile am335x-boneblack.dtb; fi; if test $board_name = A33515BB; then setenv fdtfile am335x-evm.dtb; fi; if test $board_name = A335X_SK; then setenv fdtfile am335x-evmsk.dtb; fi; if test $fdtfile = undefined; then echo WARNING: Could not determine device tree to use; fi; 
gatewayip=192.168.0.1
importbootenv=echo Importing environment from mmc ...; env import -t -r $loadaddr $filesize
ipaddr=192.168.0.76
kernel_addr_r=0x82000000
loadaddr=0x82000000
loadbootenv=load mmc ${mmcdev} ${loadaddr} ${bootenv}
loadfdt=load mmc ${bootpart} ${fdtaddr} ${bootdir}/${fdtfile}
loadimage=load mmc ${bootpart} ${loadaddr} ${bootdir}/${bootfile}
loadramdisk=load mmc ${mmcdev} ${rdaddr} ramdisk.gz
mmcargs=setenv bootargs console=${console} ${optargs} root=${mmcroot} rootfstype=${mmcrootfstype}
mmcboot=mmc dev ${mmcdev}; if mmc rescan; then echo SD/MMC found on device ${mmcdev};if run loadbootenv; then echo Loaded environment from ${bootenv};run importbootenv;fi;if test -n $uenvcmd; then echo Running uenvcmd ...;run uenvcmd;fi;if run loadimage; then run mmcloados;fi;fi;
mmcdev= 
mmcloados=run mmcargs; if test ${boot_fdt} = yes || test ${boot_fdt} = try; then if run loadfdt; then bootz ${loadaddr} - ${fdtaddr}; else if test ${boot_fdt} = try; then bootz; else echo WARN: Cannot load the DT; fi; fi; else bootz; fi;
mmcroot=/dev/mmcblk0p2 ro
mmcrootfstype=ext4 rootwait
mtdids=nand0=nand.0
mtdparts=mtdparts=nand.0:128k(NAND.SPL),128k(NAND.SPL.backup1),128k(NAND.SPL.backup2),128k(NAND.SPL.backup3),256k(NAND.u-boot-spl-os),1m(NAND.u-boot),128k(NAND.u-boot-env),128k(NAND.u-boot-env.backup1),8m(NAND.kernel),-(NAND.file-system)
nandargs=setenv bootargs console=${console} ${optargs} root=${nandroot} rootfstype=${nandrootfstype}
nandboot=echo Booting from nand ...; run nandargs; nand read ${fdtaddr} NAND.u-boot-spl-os; nand read ${loadaddr} NAND.kernel; bootz ${loadaddr} - ${fdtaddr}
nandroot=ubi0:rootfs rw ubi.mtd=NAND.file-system,2048
nandrootfstype=ubifs rootwait=1
netargs=setenv bootargs console=${console} ${optargs} root=/dev/nfs nfsroot=${serverip}:${rootpath},${nfsopts} rw ip=dhcp
netboot=echo Booting from network ...; setenv autoload no; dhcp; tftp ${loadaddr} ${bootfile}; tftp ${fdtaddr} ${fdtfile}; run netargs; bootz ${loadaddr} - ${fdtaddr}
netmask=255.255.255.0
nfsopts=nolock
partitions=uuid_disk=${uuid_gpt_disk};name=rootfs,start=2MiB,size=-,uuid=${uuid_gpt_rootfs}
ramargs=setenv bootargs console=${console} ${optargs} root=${ramroot} rootfstype=${ramrootfstype}
ramboot=echo Booting from ramdisk ...; run ramargs; bootz ${loadaddr} ${rdaddr} ${fdtaddr}
ramdisk_addr_r=0x88080000
ramroot=/dev/ram0 rw
ramrootfstype=ext2
rdaddr=0x88080000
rootpath=/export/rootfs
serverip=192.168.0.1
soc=am33xx
spiargs=setenv bootargs console=${console} ${optargs} root=${spiroot} rootfstype=${spirootfstype}
spiboot=echo Booting from spi ...; run spiargs; sf probe ${spibusno}:0; sf read ${loadaddr} ${spisrcaddr} ${spiimgsize}; bootz ${loadaddr}
spibusno=0
spiimgsize=0x362000
spiroot=/dev/mtdblock4 rw
spirootfstype=jffs2
spisrcaddr=0xe0000
static_ip=${ipaddr}:${serverip}:${gatewayip}:${netmask}:${hostname}::off
stderr=serial
stdin=serial
stdout=serial
usbnet_devaddr=78:c5:e5:d5:61:69
vendor=ti
ver=U-Boot 2014.07-00076-g8f725ef (Oct 09 2014 - 11:18:44)
Environment size: 4632/131068 bytes
U-Boot# 
- 06:48:11 [INFO] Host: setenv bootargs ''${bootargs}' root=PARTUUID=00000000-02 rw rootfstype=ext4 rootwait '
- 06:48:11 [INFO] Target: 
setenv bootargs ''${bootargs}' root=PARTUUID=00000000-02 rw rootfstype=ext4 rootwait '
U-Boot# 
- 06:48:11 [INFO] Host: printenv
- 06:48:12 [INFO] Target: 
printenv
arch=arm
autoload=no
baudrate=115200
board=am335x
board_name=A335BONE
board_rev=00A6
boot_fdt=try
bootargs=console=ttyO0,115200n8 earlyprintk rootwait  ip=:::::eth0:dhcp  root=PARTUUID=00000000-02 rw rootfstype=ext4 rootwait 
bootcmd=
bootcount=1
bootdelay=1
bootdir=/boot
bootenv=uEnv.txt
bootfile=zImage
bootm_size=0x10000000
bootpart=0:2
console=ttyO0,115200n8
cpu=armv7
dfu_alt_info_emmc=rawemmc raw 0 3751936
dfu_alt_info_mmc=boot part 0 1;rootfs part 0 2;MLO fat 0 1;MLO.raw raw 0x100 0x100;u-boot.img.raw raw 0x300 0x400;spl-os-args.raw raw 0x80 0x80;spl-os-image.raw raw 0x900 0x2000;spl-os-args fat 0 1;spl-os-image fat 0 1;u-boot.img fat 0 1;uEnv.txt fat 0 1
dfu_alt_info_nand=SPL part 0 1;SPL.backup1 part 0 2;SPL.backup2 part 0 3;SPL.backup3 part 0 4;u-boot part 0 5;u-boot-spl-os part 0 6;kernel part 0 8;rootfs part 0 9
dfu_alt_info_ram=kernel ram 0x80200000 0xD80000;fdt ram 0x80F80000 0x80000;ramdisk ram 0x81000000 0x4000000
dnsip=192.0.2.2
dnsip2=192.0.2.3
eth1addr=78:c5:e5:d5:61:69
ethact=cpsw
ethaddr=78:c5:e5:d5:61:68
fdt_addr_r=0x88000000
fdtaddr=0x88000000
fdtfile=undefined
fileaddr=88000000
filesize=7824
findfdt=if test $board_name = A335BONE; then setenv fdtfile am335x-bone.dtb; fi; if test $board_name = A335BNLT; then setenv fdtfile am335x-boneblack.dtb; fi; if test $board_name = A33515BB; then setenv fdtfile am335x-evm.dtb; fi; if test $board_name = A335X_SK; then setenv fdtfile am335x-evmsk.dtb; fi; if test $fdtfile = undefined; then echo WARNING: Could not determine device tree to use; fi; 
gatewayip=192.168.0.1
importbootenv=echo Importing environment from mmc ...; env import -t -r $loadaddr $filesize
ipaddr=192.168.0.76
kernel_addr_r=0x82000000
loadaddr=0x82000000
loadbootenv=load mmc ${mmcdev} ${loadaddr} ${bootenv}
loadfdt=load mmc ${bootpart} ${fdtaddr} ${bootdir}/${fdtfile}
loadimage=load mmc ${bootpart} ${loadaddr} ${bootdir}/${bootfile}
loadramdisk=load mmc ${mmcdev} ${rdaddr} ramdisk.gz
mmcargs=setenv bootargs console=${console} ${optargs} root=${mmcroot} rootfstype=${mmcrootfstype}
mmcboot=mmc dev ${mmcdev}; if mmc rescan; then echo SD/MMC found on device ${mmcdev};if run loadbootenv; then echo Loaded environment from ${bootenv};run importbootenv;fi;if test -n $uenvcmd; then echo Running uenvcmd ...;run uenvcmd;fi;if run loadimage; then run mmcloados;fi;fi;
mmcdev= 
mmcloados=run mmcargs; if test ${boot_fdt} = yes || test ${boot_fdt} = try; then if run loadfdt; then bootz ${loadaddr} - ${fdtaddr}; else if test ${boot_fdt} = try; then bootz; else echo WARN: Cannot load the DT; fi; fi; else bootz; fi;
mmcroot=/dev/mmcblk0p2 ro
mmcrootfstype=ext4 rootwait
mtdids=nand0=nand.0
mtdparts=mtdparts=nand.0:128k(NAND.SPL),128k(NAND.SPL.backup1),128k(NAND.SPL.backup2),128k(NAND.SPL.backup3),256k(NAND.u-boot-spl-os),1m(NAND.u-boot),128k(NAND.u-boot-env),128k(NAND.u-boot-env.backup1),8m(NAND.kernel),-(NAND.file-system)
nandargs=setenv bootargs console=${console} ${optargs} root=${nandroot} rootfstype=${nandrootfstype}
nandboot=echo Booting from nand ...; run nandargs; nand read ${fdtaddr} NAND.u-boot-spl-os; nand read ${loadaddr} NAND.kernel; bootz ${loadaddr} - ${fdtaddr}
nandroot=ubi0:rootfs rw ubi.mtd=NAND.file-system,2048
nandrootfstype=ubifs rootwait=1
netargs=setenv bootargs console=${console} ${optargs} root=/dev/nfs nfsroot=${serverip}:${rootpath},${nfsopts} rw ip=dhcp
netboot=echo Booting from network ...; setenv autoload no; dhcp; tftp ${loadaddr} ${bootfile}; tftp ${fdtaddr} ${fdtfile}; run netargs; bootz ${loadaddr} - ${fdtaddr}
netmask=255.255.255.0
nfsopts=nolock
partitions=uuid_disk=${uuid_gpt_disk};name=rootfs,start=2MiB,size=-,uuid=${uuid_gpt_rootfs}
ramargs=setenv bootargs console=${console} ${optargs} root=${ramroot} rootfstype=${ramrootfstype}
ramboot=echo Booting from ramdisk ...; run ramargs; bootz ${loadaddr} ${rdaddr} ${fdtaddr}
ramdisk_addr_r=0x88080000
ramroot=/dev/ram0 rw
ramrootfstype=ext2
rdaddr=0x88080000
rootpath=/export/rootfs
serverip=192.168.0.1
soc=am33xx
spiargs=setenv bootargs console=${console} ${optargs} root=${spiroot} rootfstype=${spirootfstype}
spiboot=echo Booting from spi ...; run spiargs; sf probe ${spibusno}:0; sf read ${loadaddr} ${spisrcaddr} ${spiimgsize}; bootz ${loadaddr}
spibusno=0
spiimgsize=0x362000
spiroot=/dev/mtdblock4 rw
spirootfstype=jffs2
spisrcaddr=0xe0000
static_ip=${ipaddr}:${serverip}:${gatewayip}:${netmask}:${hostname}::off
stderr=serial
stdin=serial
stdout=serial
usbnet_devaddr=78:c5:e5:d5:61:69
vendor=ti
ver=U-Boot 2014.07-00076-g8f725ef (Oct 09 2014 - 11:18:44)
Environment size: 4687/131068 bytes
U-Boot# 
- 06:48:12 [INFO] Host: setenv bootcmd ''${bootcmd}' if iminfo ${loadaddr}; then bootm ${loadaddr} - ${fdt_addr_r}; else bootz ${loadaddr} - ${fdt_addr_r}; bootm ${loadaddr} - ${fdt_addr_r}; fi'
- 06:48:12 [INFO] Target: 
setenv bootcmd ''${bootcmd}' if iminfo ${loadaddr}; then bootm ${loadaddr} - ${fdt_addr_r}; else bootz ${loadaddr} - ${fdt_addr_r}; bootm ${loadaddr} - ${fdt_addr_r}; fi'
U-Boot# 
- 06:48:12 [INFO] Host: version
- 06:48:12 [INFO] Target: 
version
U-Boot 2014.07-00076-g8f725ef (Oct 09 2014 - 11:18:44)
arm-linux-gnueabihf-gcc (crosstool-NG linaro-1.13.1-4.7-2013.03-20130313 - Linaro GCC 2013.03) 4.7.3 20130226 (prerelease)
GNU ld (crosstool-NG linaro-1.13.1-4.7-2013.03-20130313 - Linaro GCC 2013.03) 2.23.1
U-Boot# 
- 06:48:12 [INFO] Host: bdinfo
- 06:48:12 [INFO] Target: 
bdinfo
arch_number = 0x00000E05
boot_params = 0x80000100
DRAM bank   = 0x00000000
-> start    = 0x80000000
-> size     = 0x10000000
eth0name    = cpsw
ethaddr     = 78:c5:e5:d5:61:68
eth1name    = usb_ether
eth1addr    = 78:c5:e5:d5:61:69
current eth = cpsw
ip_addr     = 192.168.0.76
baudrate    = 115200 bps
TLB addr    = 0x8FFF0000
relocaddr   = 0x8F741000
reloc off   = 0x0EF41000
irq_sp      = 0x8E720EE0
sp start    = 0x8E720ED0
U-Boot# 
- 06:48:12 [INFO] Host: mmc rescan; echo $?
- 06:48:12 [INFO] Target: 
mmc rescan; echo $?
U-Boot# 
- 06:48:12 [INFO] Host: fatwrite mmc ${mmcdev}:1 ${loadaddr} ws-calibrate.rules 4
- 06:48:12 [INFO] Target: 
fatwrite mmc ${mmcdev}:1 ${loadaddr} ws-calibrate.rules 4
writing ws-calibrate.rules
4 bytes written
U-Boot# 
- 06:48:12 [INFO] Host: boot
- 06:50:42 [ERROR] On command: boot waiting for boot.+?(?-mix:login:) >>> error: execution expired
- 06:50:42 [INFO] Target: 
boot
## Checking Image at 82000000 ...
Unknown image format!
Kernel image @ 0x82000000 [ 0x000000 - 0x618d00 ]
## Flattened Device Tree blob at 88000000
   Booting using the fdt blob at 0x88000000
   Loading Device Tree to 8e715000, end 8e71f823 ... OK
Starting kernel ...
[    0.000000] Booting Linux on physical CPU 0x0
[    0.000000] Linux version 4.3.0-rc1-next-20150917-00002-g96be00c16145 (nmenon@kahuna) (gcc version 4.6.3 (Ubuntu/Linaro 4.6.3-1ubuntu5) ) #1 SMP Thu Sep 17 05:57:47 CDT 2015
[    0.000000] CPU: ARMv7 Processor [413fc082] revision 2 (ARMv7), cr=10c5387d
[    0.000000] CPU: PIPT / VIPT nonaliasing data cache, VIPT aliasing instruction cache
[    0.000000] Machine model: TI AM335x BeagleBone
[    0.000000] cma: Reserved 64 MiB at 0x8a000000
[    0.000000] Memory policy: Data cache writeback
[    0.000000] CPU: All CPU(s) started in SVC mode.
[    0.000000] AM335X ES1.0 (sgx neon )
[    0.000000] PERCPU: Embedded 12 pages/cpu @cfba6000 s19200 r8192 d21760 u49152
[    0.000000] Built 1 zonelists in Zone order, mobility grouping on.  Total pages: 64512
[    0.000000] Kernel command line: console=ttyO0,115200n8 earlyprintk rootwait  ip=:::::eth0:dhcp  root=PARTUUID=00000000-02 rw rootfstype=ext4 rootwait 
[    0.000000] PID hash table entries: 1024 (order: 0, 4096 bytes)
[    0.000000] Dentry cache hash table entries: 32768 (order: 5, 131072 bytes)
[    0.000000] Inode-cache hash table entries: 16384 (order: 4, 65536 bytes)
[    0.000000] Memory: 177764K/260096K available (8125K kernel code, 1018K rwdata, 3620K rodata, 1024K init, 340K bss, 16796K reserved, 65536K cma-reserved, 0K highmem)
[    0.000000] Virtual kernel memory layout:
[    0.000000]     vector  : 0xffff0000 - 0xffff1000   (   4 kB)
[    0.000000]     fixmap  : 0xffc00000 - 0xfff00000   (3072 kB)
[    0.000000]     vmalloc : 0xd0800000 - 0xff000000   ( 744 MB)
[    0.000000]     lowmem  : 0xc0000000 - 0xd0000000   ( 256 MB)
[    0.000000]     pkmap   : 0xbfe00000 - 0xc0000000   (   2 MB)
[    0.000000]     modules : 0xbf000000 - 0xbfe00000   (  14 MB)
[    0.000000]       .text : 0xc0208000 - 0xc0d81570   (11750 kB)
[    0.000000]       .init : 0xc0d82000 - 0xc0e82000   (1024 kB)
[    0.000000]       .data : 0xc0e82000 - 0xc0f809e0   (1019 kB)
[    0.000000]        .bss : 0xc0f83000 - 0xc0fd82e0   ( 341 kB)
[    0.000000] SLUB: HWalign=64, Order=0-3, MinObjects=0, CPUs=1, Nodes=1
[    0.000000] Hierarchical RCU implementation.
[    0.000000] 	Build-time adjustment of leaf fanout to 32.
[    0.000000] 	RCU restricting CPUs from NR_CPUS=16 to nr_cpu_ids=1.
[    0.000000] RCU: Adjusting geometry for rcu_fanout_leaf=32, nr_cpu_ids=1
[    0.000000] NR_IRQS:16 nr_irqs:16 16
[    0.000000] IRQ: Found an INTC at 0xfa200000 (revision 5.0) with 128 interrupts
[    0.000000] OMAP clockevent source: timer2 at 24000000 Hz
[    0.000016] sched_clock: 32 bits at 24MHz, resolution 41ns, wraps every 89478484971ns
[    0.000040] clocksource: timer1: mask: 0xffffffff max_cycles: 0xffffffff, max_idle_ns: 79635851949 ns
[    0.000055] OMAP clocksource: timer1 at 24000000 Hz
[    0.000282] Console: colour dummy device 80x30
[    0.000324] Calibrating delay loop... 717.61 BogoMIPS (lpj=1794048)
[    0.059045] pid_max: default: 32768 minimum: 301
[    0.059203] Mount-cache hash table entries: 1024 (order: 0, 4096 bytes)
[    0.059217] Mountpoint-cache hash table entries: 1024 (order: 0, 4096 bytes)
[    0.060063] CPU: Testing write buffer coherency: ok
[    0.060491] CPU0: thread -1, cpu 0, socket -1, mpidr 0
[    0.060611] Setting up static identity map for 0x80209000 - 0x80209098
[    0.064844] Brought up 1 CPUs
[    0.064871] SMP: Total of 1 processors activated (717.61 BogoMIPS).
[    0.064882] CPU: All CPU(s) started in SVC mode.
[    0.066605] devtmpfs: initialized
[    0.078411] VFP support v0.3: implementor 41 architecture 3 part 30 variant c rev 3
[    0.092541] omap_hwmod: tptc0 using broken dt data from edma
[    0.092706] omap_hwmod: tptc1 using broken dt data from edma
[    0.092852] omap_hwmod: tptc2 using broken dt data from edma
[    0.098002] omap_hwmod: debugss: _wait_target_disable failed
[    0.154414] clocksource: jiffies: mask: 0xffffffff max_cycles: 0xffffffff, max_idle_ns: 9556302231375000 ns
[    0.159922] pinctrl core: initialized pinctrl subsystem
[    0.162663] NET: Registered protocol family 16
[    0.165780] DMA: preallocated 256 KiB pool for atomic coherent allocations
[    0.168104] cpuidle: using governor ladder
[    0.168134] cpuidle: using governor menu
[    0.173608] OMAP GPIO hardware version 0.1
[    0.184843] No ATAGs?
[    0.184881] hw-breakpoint: debug architecture 0x4 unsupported.
[    0.186500] omap4_sram_init:Unable to allocate sram needed to handle errata I688
[    0.186520] omap4_sram_init:Unable to get sram pool needed to handle errata I688
[    0.189774] Serial: AMBA PL011 UART driver
[    0.215041] edma-dma-engine edma-dma-engine.0: TI EDMA DMA engine driver
[    0.218500] vgaarb: loaded
[    0.219670] SCSI subsystem initialized
[    0.220459] usbcore: registered new interface driver usbfs
[    0.220559] usbcore: registered new interface driver hub
[    0.220642] usbcore: registered new device driver usb
[    0.221537] omap_i2c 44e0b000.i2c: could not find pctldev for node /ocp/l4_wkup@44c00000/scm@210000/pinmux@800/pinmux_i2c0_pins, deferring probe
[    0.221598] omap_i2c 4819c000.i2c: could not find pctldev for node /ocp/l4_wkup@44c00000/scm@210000/pinmux@800/pinmux_i2c2_pins, deferring probe
[    0.222356] pps_core: LinuxPPS API ver. 1 registered
[    0.222369] pps_core: Software ver. 5.3.6 - Copyright 2005-2007 Rodolfo Giometti <giometti@linux.it>
[    0.222407] PTP clock support registered
[    0.222658] EDAC MC: Ver: 3.0.0
[    0.226129] clocksource: Switched to clocksource timer1
[    0.240350] NET: Registered protocol family 2
[    0.241318] TCP established hash table entries: 2048 (order: 1, 8192 bytes)
[    0.241364] TCP bind hash table entries: 2048 (order: 2, 16384 bytes)
[    0.241411] TCP: Hash tables configured (established 2048 bind 2048)
[    0.241502] UDP hash table entries: 256 (order: 1, 8192 bytes)
[    0.241530] UDP-Lite hash table entries: 256 (order: 1, 8192 bytes)
[    0.241735] NET: Registered protocol family 1
[    0.242236] RPC: Registered named UNIX socket transport module.
[    0.242253] RPC: Registered udp transport module.
[    0.242262] RPC: Registered tcp transport module.
[    0.242270] RPC: Registered tcp NFSv4.1 backchannel transport module.
[    0.243502] hw perfevents: enabled with armv7_cortex_a8 PMU driver, 5 counters available
[    0.245899] futex hash table entries: 256 (order: 2, 16384 bytes)
[    0.262139] squashfs: version 4.0 (2009/01/31) Phillip Lougher
[    0.263551] NFS: Registering the id_resolver key type
[    0.263630] Key type id_resolver registered
[    0.263641] Key type id_legacy registered
[    0.263741] ntfs: driver 2.1.32 [Flags: R/O].
[    0.266069] Block layer SCSI generic (bsg) driver version 0.4 loaded (major 249)
[    0.266222] io scheduler noop registered
[    0.266245] io scheduler deadline registered
[    0.266313] io scheduler cfq registered (default)
[    0.270248] pinctrl-single 44e10800.pinmux: 142 pins at pa f9e10800 size 568
[    0.359347] Serial: 8250/16550 driver, 4 ports, IRQ sharing disabled
[    0.362734] SuperH (H)SCI(F) driver initialized
[    0.363649] msm_serial: driver initialized
[    0.364349] omap_uart 44e09000.serial: no wakeirq for uart0
[    0.364569] 44e09000.serial: ttyO0 at MMIO 0x44e09000 (irq = 155, base_baud = 3000000) is a OMAP UART0
[    1.038138] console [ttyO0] enabled
[    1.042453] STMicroelectronics ASC driver initialized
[    1.049547] [drm] Initialized drm 1.1.0 20060810
[    1.065474] loop: module loaded
[    1.077013] CAN device driver interface
[    1.082206] igb: Intel(R) Gigabit Ethernet Network Driver - version 5.3.0-k
[    1.089513] igb: Copyright (c) 2007-2014 Intel Corporation.
[    1.098065] pegasus: v0.9.3 (2013/04/25), Pegasus/Pegasus II USB Ethernet driver
[    1.105938] usbcore: registered new interface driver pegasus
[    1.111968] usbcore: registered new interface driver asix
[    1.117696] usbcore: registered new interface driver ax88179_178a
[    1.124141] usbcore: registered new interface driver cdc_ether
[    1.130336] usbcore: registered new interface driver smsc75xx
[    1.136449] usbcore: registered new interface driver smsc95xx
[    1.142534] usbcore: registered new interface driver net1080
[    1.148527] usbcore: registered new interface driver cdc_subset
[    1.154786] usbcore: registered new interface driver zaurus
[    1.160758] usbcore: registered new interface driver cdc_ncm
[    1.168741] ehci_hcd: USB 2.0 'Enhanced' Host Controller (EHCI) Driver
[    1.175628] ehci-pci: EHCI PCI platform driver
[    1.180385] ehci-platform: EHCI generic platform driver
[    1.186121] ehci-omap: OMAP-EHCI Host Controller driver
[    1.191755] ehci-orion: EHCI orion driver
[    1.196071] SPEAr-ehci: EHCI SPEAr driver
[    1.200429] ehci-st: EHCI STMicroelectronics driver
[    1.205686] ehci-exynos: EHCI EXYNOS driver
[    1.210239] ehci-atmel: EHCI Atmel driver
[    1.214589] tegra-ehci: Tegra EHCI driver
[    1.218955] ohci_hcd: USB 1.1 'Open' Host Controller (OHCI) Driver
[    1.225484] ohci-pci: OHCI PCI platform driver
[    1.230230] ohci-platform: OHCI generic platform driver
[    1.235891] ohci-omap3: OHCI OMAP3 driver
[    1.240250] SPEAr-ohci: OHCI SPEAr driver
[    1.244609] ohci-st: OHCI STMicroelectronics driver
[    1.249864] ohci-atmel: OHCI Atmel driver
[    1.254316] usbcore: registered new interface driver usb-storage
[    1.262428] mousedev: PS/2 mouse device common for all mice
[    1.272807] i2c /dev entries driver
[    1.284039] sdhci: Secure Digital Host Controller Interface driver
[    1.290554] sdhci: Copyright(c) Pierre Ossman
[    1.296338] omap_hsmmc 48060000.mmc: Got CD GPIO
[    1.302941] Synopsys Designware Multimedia Card Interface Driver
[    1.310374] sdhci-pltfm: SDHCI platform and OF driver helper
[    1.318988] ledtrig-cpu: registered to indicate activity on CPUs
[    1.325700] usbcore: registered new interface driver usbhid
[    1.331563] usbhid: USB HID core driver
[    1.340509] NET: Registered protocol family 10
[    1.346747] sit: IPv6 over IPv4 tunneling driver
[    1.352678] NET: Registered protocol family 17
[    1.357425] can: controller area network core (rev 20120528 abi 9)
[    1.364011] NET: Registered protocol family 29
[    1.368688] can: raw protocol (rev 20120528)
[    1.373173] can: broadcast manager protocol (rev 20120528 t)
[    1.379111] can: netlink gateway (rev 20130117) max_hops=1
[    1.385655] Key type dns_resolver registered
[    1.390524] omap_voltage_late_init: Voltage driver support not added
[    1.398501] ThumbEE CPU extension supported.
[    1.403083] Registering SWP/SWPB emulation handler
[    1.413003] at24 0-0050: 32768 byte 24c256 EEPROM, writable, 1 bytes/write
[    1.420381] omap_i2c 44e0b000.i2c: bus 0 rev0.11 at 400 kHz
[    1.428180] at24 2-0054: 32768 byte 24c256 EEPROM, writable, 1 bytes/write
[    1.435781] at24 2-0055: 32768 byte 24c256 EEPROM, writable, 1 bytes/write
[    1.443284] at24 2-0056: 32768 byte 24c256 EEPROM, writable, 1 bytes/write
[    1.450757] at24 2-0057: 32768 byte 24c256 EEPROM, writable, 1 bytes/write
[    1.458012] omap_i2c 4819c000.i2c: bus 2 rev0.11 at 100 kHz
[    1.466068] omap_hsmmc 48060000.mmc: Got CD GPIO
[    1.526146] davinci_mdio 4a101000.mdio: davinci mdio revision 1.6
[    1.532569] davinci_mdio 4a101000.mdio: detected phy mask fffffffe
[    1.539997] libphy: 4a101000.mdio: probed
[    1.544279] davinci_mdio 4a101000.mdio: phy[0]: device 4a101000.mdio:00, driver SMSC LAN8710/LAN8720
[    1.555753] cpsw 4a100000.ethernet: Detected MACID = 78:c5:e5:d5:61:68
[    1.564704] hctosys: unable to open rtc device (rtc0)
[    1.576262] net eth0: initializing cpsw version 1.12 (0)
[    1.584347] net eth0: phy found : id is : 0x7c0f1
[    1.589366] libphy: PHY 4a101000.mdio:01 not found
[    1.594394] net eth0: phy 4a101000.mdio:01 not found on slave 1
[    1.606223] IPv6: ADDRCONF(NETDEV_UP): eth0: link is not ready
[    1.614846] omap_hsmmc 48060000.mmc: Got CD GPIO
[    4.596741] cpsw 4a100000.ethernet eth0: Link is Up - 100Mbps/Full - flow control rx/tx
[    4.605233] IPv6: ADDRCONF(NETDEV_CHANGE): eth0: link becomes ready
[    4.616149] Sending DHCP requests ., OK
[    4.661613] IP-Config: Got DHCP answer from 192.168.0.1, my address is 192.168.0.76
[    4.669840] IP-Config: Complete:
[    4.673275]      device=eth0, hwaddr=78:c5:e5:d5:61:68, ipaddr=192.168.0.76, mask=255.255.255.0, gw=192.168.0.1
[    4.683885]      host=192.168.0.76, domain=tim.com, nis-domain=(none)
[    4.690665]      bootserver=192.168.0.1, rootserver=192.168.0.1, rootpath=
[    4.697713]      nameserver0=192.0.2.2, nameserver1=192.0.2.3
[    4.704095] vmmcsd_fixed: disabling
[    4.709083] Waiting for root device PARTUUID=00000000-02...
[  130.291131] random: nonblocking pool is initialized
- 06:50:42 [INFO] Boot attempt 1/1 failed
URL:gtsystest.telogy.design.ti.com/vatf/tigtfarm06/tigtfarm06_vatf@beaglebone/tigtfarm0609_17_2015_06_47_52/files/session_iteration_1/test_1
