- 06:07:22 [INFO] Starting target session
- 06:07:25 [INFO] Connected to beagleboard via serial 
- 06:07:25 [INFO] Host: #check prompt
- 06:07:28 [ERROR] On command: #check prompt waiting for #check prompt.+?(?-mix:((?-mix:.*\s+login)|[Pp]assword)) >>> error: execution expired
- 06:07:28 [INFO] Target: 
- 06:07:28 [INFO] Host: #check prompt
- 06:07:30 [ERROR] On command: #check prompt waiting for #check prompt.+?(?m-ix:root.*#) >>> error: execution expired
- 06:07:30 [INFO] Target: 
- 06:07:30 [INFO] Host: #check prompt
- 06:07:32 [ERROR] On command: #check prompt waiting for #check prompt.+?(?m-ix:root.*#) >>> error: execution expired
- 06:07:32 [INFO] Target: 
- 06:07:32 [INFO] Host: #check prompt
- 06:07:34 [ERROR] On command: #check prompt waiting for #check prompt.+?(?m-ix:root.*#) >>> error: execution expired
- 06:07:34 [INFO] Target: 
- 06:07:34 [INFO] Disconnected serial from beagleboard
- 06:08:15 [INFO] Connected to beagleboard via serial 
- 06:08:15 [INFO] Host: 
- 06:08:16 [INFO] Target: 
U-Boot# 
U-Boot# 
U-Boot# 
U-Boot# 
U-Boot# 
U-Boot# 
U-Boot# 
- 06:08:16 [INFO] Host: 
- 06:08:16 [INFO] Target: 
U-Boot# 
U-Boot# 
U-Boot# 
- 06:08:16 [INFO] Host: version
- 06:08:16 [INFO] Target: 
version
U-Boot 2014.10-00004-g9ade0ab (Dec 05 2014 - 14:01:52)
arm-linux-gnueabi-gcc (Ubuntu/Linaro 4.6.3-1ubuntu5) 4.6.3
GNU ld (GNU Binutils for Ubuntu) 2.22
U-Boot# 
- 06:08:16 [INFO] Host: setenv bootargs 'console=ttyO2,115200n8  earlyprintk rootwait '
- 06:08:16 [INFO] Target: 
setenv bootargs 'console=ttyO2,115200n8  earlyprintk rootwait '
U-Boot# 
- 06:08:16 [INFO] Host: setenv bootcmd  ''
- 06:08:16 [INFO] Target: 
setenv bootcmd  ''
U-Boot# 
- 06:08:16 [INFO] Host: setenv autoload 'no'
- 06:08:16 [INFO] Target: 
setenv autoload 'no'
U-Boot# 
- 06:08:16 [INFO] Host: setenv serverip '192.168.1.254'
- 06:08:16 [INFO] Target: 
setenv serverip '192.168.1.254'
U-Boot# 
- 06:08:16 [INFO] Host: printenv
- 06:08:17 [INFO] Target: 
printenv
arch=arm
autoload=no
baudrate=115200
beaglerev=xMC
board=beagle
board_name=beagle
bootargs=console=ttyO2,115200n8  earlyprintk rootwait 
bootcmd=
bootdelay=1
bootdir=/boot
bootenv=uEnv.txt
bootfile=uImage
bootm_size=0x08000000
bootpart=0:2
bootscript=echo Running bootscript from mmc${mmcdev} ...; source ${loadaddr}
buddy=none
camera=none
console=ttyO2,115200n8
cpu=armv7
defaultdisplay=dvi
dieid#=586000029ff80000016830101700b01f
dvimode=640x480MR-16@60
ethact=usb_ether
fdtaddr=0x80f80000
findfdt=if test $beaglerev = AxBx; then setenv fdtfile omap3-beagle.dtb; fi; if test $beaglerev = Cx; then setenv fdtfile omap3-beagle.dtb; fi; if test $beaglerev = C4; then setenv fdtfile omap3-beagle.dtb; fi; if test $beaglerev = xMAB; then setenv fdtfile omap3-beagle-xm-ab.dtb; fi; if test $beaglerev = xMC; then setenv fdtfile omap3-beagle-xm.dtb; fi; if test $fdtfile = undefined; then echo WARNING: Could not determine device tree to use; fi; 
importbootenv=echo Importing environment from mmc ...; env import -t -r $loadaddr $filesize
loadaddr=0x80200000
loadbootenv=fatload mmc ${mmcdev} ${loadaddr} ${bootenv}
loadbootscript=load mmc ${mmcdev} ${loadaddr} boot.scr
loadfdt=run validatefdt; load mmc ${bootpart} ${fdtaddr} ${bootdir}/${fdtfile}
loadimage=load mmc ${bootpart} ${loadaddr} ${bootdir}/${bootfile}
loadramdisk=load mmc ${bootpart} ${rdaddr} ${bootdir}/${ramdisk}
mmcargs=setenv bootargs console=${console} ${optargs} mpurate=${mpurate} buddy=${buddy} camera=${camera} vram=${vram} omapfb.mode=dvi:${dvimode} omapdss.def_disp=${defaultdisplay} root=${mmcroot} rootfstype=${mmcrootfstype}
mmcboot=echo Booting from mmc ...; run mmcargs; bootm ${loadaddr}
mmcbootz=echo Booting with DT from mmc${mmcdev} ...; run mmcargs; bootz ${loadaddr} - ${fdtaddr}
mmcdev=0
mmcroot=/dev/mmcblk0p2 rw
mmcrootfstype=ext3 rootwait
mpurate=auto
nandargs=setenv bootargs console=${console} ${optargs} mpurate=${mpurate} buddy=${buddy} camera=${camera} vram=${vram} omapfb.mode=dvi:${dvimode} omapdss.def_disp=${defaultdisplay} root=${nandroot} rootfstype=${nandrootfstype}
nandboot=echo Booting from nand ...; run nandargs; nand read ${loadaddr} 280000 400000; bootm ${loadaddr}
nandroot=ubi0:rootfs ubi.mtd=4
nandrootfstype=ubifs
ramargs=setenv bootargs console=${console} ${optargs} mpurate=${mpurate} buddy=${buddy} vram=${vram} omapfb.mode=dvi:${dvimode} omapdss.def_disp=${defaultdisplay} root=${ramroot} rootfstype=${ramrootfstype}
ramboot=echo Booting from ramdisk ...; run ramargs; bootm ${loadaddr}
ramdisk=ramdisk.gz
ramroot=/dev/ram0 rw ramdisk_size=65536 initrd=0x81000000,64M
ramrootfstype=ext2
rdaddr=0x81000000
serverip=192.168.1.254
soc=omap3
stderr=serial
stdin=serial
stdout=serial
usbethaddr=02:1f:10:00:02:00
usbtty=cdc_acm
userbutton=if gpio input 173; then run userbutton_xm; else run userbutton_nonxm; fi;
userbutton_nonxm=gpio input 7;
userbutton_xm=gpio input 4;
validatefdt=if test $beaglerev = xMAB; then if test ! -e mmc ${bootpart} ${bootdir}/${fdtfile}; then setenv fdtfile omap3-beagle-xm.dtb; fi; fi; 
vendor=ti
ver=U-Boot 2014.10-00004-g9ade0ab (Dec 05 2014 - 14:01:52)
vram=12M
Environment size: 3233/131068 bytes
U-Boot# 
- 06:08:17 [INFO] Host: dcache off
- 06:08:17 [INFO] Target: 
dcache off
U-Boot# 
- 06:08:17 [INFO] Host: setenv usbethaddr 2E:60:05:CC:46:04
- 06:08:17 [INFO] Target: 
setenv usbethaddr 2E:60:05:CC:46:04
U-Boot# 
- 06:08:17 [INFO] Host: usb start
- 06:08:21 [INFO] Target: 
usb start
(Re)start USB...
USB0:   USB EHCI 1.00
scanning bus 0 for devices... 3 USB Device(s) found
       scanning usb for storage devices... 0 Storage Device(s) found
       scanning usb for ethernet devices... 1 Ethernet Device(s) found
U-Boot# 
- 06:08:21 [INFO] Host: printenv
- 06:08:21 [INFO] Target: 
printenv
arch=arm
autoload=no
baudrate=115200
beaglerev=xMC
board=beagle
board_name=beagle
bootargs=console=ttyO2,115200n8  earlyprintk rootwait 
bootcmd=
bootdelay=1
bootdir=/boot
bootenv=uEnv.txt
bootfile=uImage
bootm_size=0x08000000
bootpart=0:2
bootscript=echo Running bootscript from mmc${mmcdev} ...; source ${loadaddr}
buddy=none
camera=none
console=ttyO2,115200n8
cpu=armv7
defaultdisplay=dvi
dieid#=586000029ff80000016830101700b01f
dvimode=640x480MR-16@60
ethact=usb_ether
fdtaddr=0x80f80000
findfdt=if test $beaglerev = AxBx; then setenv fdtfile omap3-beagle.dtb; fi; if test $beaglerev = Cx; then setenv fdtfile omap3-beagle.dtb; fi; if test $beaglerev = C4; then setenv fdtfile omap3-beagle.dtb; fi; if test $beaglerev = xMAB; then setenv fdtfile omap3-beagle-xm-ab.dtb; fi; if test $beaglerev = xMC; then setenv fdtfile omap3-beagle-xm.dtb; fi; if test $fdtfile = undefined; then echo WARNING: Could not determine device tree to use; fi; 
importbootenv=echo Importing environment from mmc ...; env import -t -r $loadaddr $filesize
loadaddr=0x80200000
loadbootenv=fatload mmc ${mmcdev} ${loadaddr} ${bootenv}
loadbootscript=load mmc ${mmcdev} ${loadaddr} boot.scr
loadfdt=run validatefdt; load mmc ${bootpart} ${fdtaddr} ${bootdir}/${fdtfile}
loadimage=load mmc ${bootpart} ${loadaddr} ${bootdir}/${bootfile}
loadramdisk=load mmc ${bootpart} ${rdaddr} ${bootdir}/${ramdisk}
mmcargs=setenv bootargs console=${console} ${optargs} mpurate=${mpurate} buddy=${buddy} camera=${camera} vram=${vram} omapfb.mode=dvi:${dvimode} omapdss.def_disp=${defaultdisplay} root=${mmcroot} rootfstype=${mmcrootfstype}
mmcboot=echo Booting from mmc ...; run mmcargs; bootm ${loadaddr}
mmcbootz=echo Booting with DT from mmc${mmcdev} ...; run mmcargs; bootz ${loadaddr} - ${fdtaddr}
mmcdev=0
mmcroot=/dev/mmcblk0p2 rw
mmcrootfstype=ext3 rootwait
mpurate=auto
nandargs=setenv bootargs console=${console} ${optargs} mpurate=${mpurate} buddy=${buddy} camera=${camera} vram=${vram} omapfb.mode=dvi:${dvimode} omapdss.def_disp=${defaultdisplay} root=${nandroot} rootfstype=${nandrootfstype}
nandboot=echo Booting from nand ...; run nandargs; nand read ${loadaddr} 280000 400000; bootm ${loadaddr}
nandroot=ubi0:rootfs ubi.mtd=4
nandrootfstype=ubifs
ramargs=setenv bootargs console=${console} ${optargs} mpurate=${mpurate} buddy=${buddy} vram=${vram} omapfb.mode=dvi:${dvimode} omapdss.def_disp=${defaultdisplay} root=${ramroot} rootfstype=${ramrootfstype}
ramboot=echo Booting from ramdisk ...; run ramargs; bootm ${loadaddr}
ramdisk=ramdisk.gz
ramroot=/dev/ram0 rw ramdisk_size=65536 initrd=0x81000000,64M
ramrootfstype=ext2
rdaddr=0x81000000
serverip=192.168.1.254
soc=omap3
stderr=serial
stdin=serial
stdout=serial
usbethaddr=2E:60:05:CC:46:04
usbtty=cdc_acm
userbutton=if gpio input 173; then run userbutton_xm; else run userbutton_nonxm; fi;
userbutton_nonxm=gpio input 7;
userbutton_xm=gpio input 4;
validatefdt=if test $beaglerev = xMAB; then if test ! -e mmc ${bootpart} ${bootdir}/${fdtfile}; then setenv fdtfile omap3-beagle-xm.dtb; fi; fi; 
vendor=ti
ver=U-Boot 2014.10-00004-g9ade0ab (Dec 05 2014 - 14:01:52)
vram=12M
Environment size: 3233/131068 bytes
U-Boot# 
- 06:08:21 [INFO] Host: setenv bootargs ''${bootargs}' ip=:::::eth0:dhcp '
- 06:08:21 [INFO] Target: 
setenv bootargs ''${bootargs}' ip=:::::eth0:dhcp '
U-Boot# 
- 06:08:21 [INFO] Host: setenv serverip '192.168.1.254'
- 06:08:22 [INFO] Target: 
setenv serverip '192.168.1.254'
U-Boot# 
- 06:08:22 [INFO] Host: setenv autoload 'no'
- 06:08:22 [INFO] Target: 
setenv autoload 'no'
U-Boot# 
- 06:08:22 [INFO] Host: dhcp
- 06:08:24 [INFO] Target: 
dhcp
ERROR: Need valid 'usbnet_devaddr' to be set
at drivers/usb/gadget/ether.c:2357/usb_eth_init()
Waiting for Ethernet connection... done.
BOOTP broadcast 1
DHCP client bound to address 192.168.1.171 (1051 ms)
U-Boot# 
- 06:08:24 [INFO] Host: tftp ${loadaddr} 192.168.1.254:vatf_beagleboard-xm/ed1a3921e74f8d8a0699f163242fa28c
- 06:08:36 [INFO] Target: 
tftp ${loadaddr} 192.168.1.254:vatf_beagleboard-xm/ed1a3921e74f8d8a0699f163242fa28c
Waiting for Ethernet connection... done.
Using sms0 device
TFTP from server 192.168.1.254; our IP address is 192.168.1.171
Filename 'vatf_beagleboard-xm/ed1a3921e74f8d8a0699f163242fa28c'.
Load address: 0x80200000
Loading: *EHCI timed out on TD - token=0x88008d80
T #################################################################
	 #################################################################
	 #################################################################
	 #################################################################
	 #################################################################
	 #################################################################
	 #########################################################
	 664.1 KiB/s
done
Bytes transferred = 6560128 (641980 hex)
U-Boot# 
- 06:08:36 [INFO] Host: tftp ${fdtaddr} 192.168.1.254:vatf_beagleboard-xm/d46ba7e36ab537132ba6240e1823f27c
- 06:08:43 [INFO] Target: 
tftp ${fdtaddr} 192.168.1.254:vatf_beagleboard-xm/d46ba7e36ab537132ba6240e1823f27c
Waiting for Ethernet connection... done.
Using sms0 device
TFTP from server 192.168.1.254; our IP address is 192.168.1.171
Filename 'vatf_beagleboard-xm/d46ba7e36ab537132ba6240e1823f27c'.
Load address: 0x80f80000
Loading: *#T ####
	 11.7 KiB/s
done
Bytes transferred = 63292 (f73c hex)
U-Boot# 
- 06:08:43 [INFO] Host: ls mmc 0:1
- 06:08:43 [INFO] Target: 
ls mmc 0:1
    50564   mlo 
   392660   u-boot.img 
        4   ws-calibrate.rules 
3 file(s), 0 dir(s)
U-Boot# 
- 06:08:43 [INFO] Host: ls mmc 0:2
- 06:08:43 [INFO] Target: 
ls mmc 0:2
<DIR>       4096 .
<DIR>       4096 ..
<DIR>      16384 lost+found
<DIR>       4096 bin
<DIR>       4096 boot
<SYM>         37 cpufreq
<SYM>         37 cpuidle
<DIR>       4096 dev
<DIR>       4096 etc
<DIR>       4096 home
<DIR>       4096 lib
<DIR>       4096 media
<DIR>       4096 mnt
<DIR>       4096 opt
<DIR>       4096 proc
<SYM>          8 run
<DIR>       4096 sbin
<DIR>       4096 srv
<DIR>       4096 sys
<SYM>          8 tmp
<DIR>       4096 usr
<DIR>       4096 var
<DIR>       4096 www
<DIR>       4096 test
<DIR>       4096 autofs
<DIR>       4096 debug
U-Boot# 
- 06:08:43 [INFO] Host: part uuid mmc 0:2
- 06:08:43 [INFO] Target: 
part uuid mmc 0:2
Unknown command 'part' - try 'help'
U-Boot# 
- 06:08:43 [INFO] Host: printenv
- 06:08:43 [INFO] Target: 
printenv
arch=arm
autoload=no
baudrate=115200
beaglerev=xMC
board=beagle
board_name=beagle
bootargs=console=ttyO2,115200n8  earlyprintk rootwait  ip=:::::eth0:dhcp 
bootcmd=
bootdelay=1
bootdir=/boot
bootenv=uEnv.txt
bootfile=uImage
bootm_size=0x08000000
bootpart=0:2
bootscript=echo Running bootscript from mmc${mmcdev} ...; source ${loadaddr}
buddy=none
camera=none
console=ttyO2,115200n8
cpu=armv7
defaultdisplay=dvi
dieid#=586000029ff80000016830101700b01f
dnsip=192.0.2.2
dvimode=640x480MR-16@60
ethact=sms0
fdtaddr=0x80f80000
fileaddr=80f80000
filesize=f73c
findfdt=if test $beaglerev = AxBx; then setenv fdtfile omap3-beagle.dtb; fi; if test $beaglerev = Cx; then setenv fdtfile omap3-beagle.dtb; fi; if test $beaglerev = C4; then setenv fdtfile omap3-beagle.dtb; fi; if test $beaglerev = xMAB; then setenv fdtfile omap3-beagle-xm-ab.dtb; fi; if test $beaglerev = xMC; then setenv fdtfile omap3-beagle-xm.dtb; fi; if test $fdtfile = undefined; then echo WARNING: Could not determine device tree to use; fi; 
gatewayip=192.168.1.254
importbootenv=echo Importing environment from mmc ...; env import -t -r $loadaddr $filesize
ipaddr=192.168.1.171
loadaddr=0x80200000
loadbootenv=fatload mmc ${mmcdev} ${loadaddr} ${bootenv}
loadbootscript=load mmc ${mmcdev} ${loadaddr} boot.scr
loadfdt=run validatefdt; load mmc ${bootpart} ${fdtaddr} ${bootdir}/${fdtfile}
loadimage=load mmc ${bootpart} ${loadaddr} ${bootdir}/${bootfile}
loadramdisk=load mmc ${bootpart} ${rdaddr} ${bootdir}/${ramdisk}
mmcargs=setenv bootargs console=${console} ${optargs} mpurate=${mpurate} buddy=${buddy} camera=${camera} vram=${vram} omapfb.mode=dvi:${dvimode} omapdss.def_disp=${defaultdisplay} root=${mmcroot} rootfstype=${mmcrootfstype}
mmcboot=echo Booting from mmc ...; run mmcargs; bootm ${loadaddr}
mmcbootz=echo Booting with DT from mmc${mmcdev} ...; run mmcargs; bootz ${loadaddr} - ${fdtaddr}
mmcdev=0
mmcroot=/dev/mmcblk0p2 rw
mmcrootfstype=ext3 rootwait
mpurate=auto
nandargs=setenv bootargs console=${console} ${optargs} mpurate=${mpurate} buddy=${buddy} camera=${camera} vram=${vram} omapfb.mode=dvi:${dvimode} omapdss.def_disp=${defaultdisplay} root=${nandroot} rootfstype=${nandrootfstype}
nandboot=echo Booting from nand ...; run nandargs; nand read ${loadaddr} 280000 400000; bootm ${loadaddr}
nandroot=ubi0:rootfs ubi.mtd=4
nandrootfstype=ubifs
netmask=255.255.255.0
ramargs=setenv bootargs console=${console} ${optargs} mpurate=${mpurate} buddy=${buddy} vram=${vram} omapfb.mode=dvi:${dvimode} omapdss.def_disp=${defaultdisplay} root=${ramroot} rootfstype=${ramrootfstype}
ramboot=echo Booting from ramdisk ...; run ramargs; bootm ${loadaddr}
ramdisk=ramdisk.gz
ramroot=/dev/ram0 rw ramdisk_size=65536 initrd=0x81000000,64M
ramrootfstype=ext2
rdaddr=0x81000000
serverip=192.168.1.254
soc=omap3
stderr=serial
stdin=serial
stdout=serial
usbethaddr=2E:60:05:CC:46:04
usbtty=cdc_acm
userbutton=if gpio input 173; then run userbutton_xm; else run userbutton_nonxm; fi;
userbutton_nonxm=gpio input 7;
userbutton_xm=gpio input 4;
validatefdt=if test $beaglerev = xMAB; then if test ! -e mmc ${bootpart} ${bootdir}/${fdtfile}; then setenv fdtfile omap3-beagle-xm.dtb; fi; fi; 
vendor=ti
ver=U-Boot 2014.10-00004-g9ade0ab (Dec 05 2014 - 14:01:52)
vram=12M
Environment size: 3374/131068 bytes
U-Boot# 
- 06:08:43 [INFO] Host: setenv bootargs ''${bootargs}' root=/dev/mmcblk0p2 rw rootfstype=ext3 rootwait '
- 06:08:43 [INFO] Target: 
setenv bootargs ''${bootargs}' root=/dev/mmcblk0p2 rw rootfstype=ext3 rootwait '
U-Boot# 
- 06:08:43 [INFO] Host: printenv
- 06:08:44 [INFO] Target: 
printenv
arch=arm
autoload=no
baudrate=115200
beaglerev=xMC
board=beagle
board_name=beagle
bootargs=console=ttyO2,115200n8  earlyprintk rootwait  ip=:::::eth0:dhcp  root=/dev/mmcblk0p2 rw rootfstype=ext3 rootwait 
bootcmd=
bootdelay=1
bootdir=/boot
bootenv=uEnv.txt
bootfile=uImage
bootm_size=0x08000000
bootpart=0:2
bootscript=echo Running bootscript from mmc${mmcdev} ...; source ${loadaddr}
buddy=none
camera=none
console=ttyO2,115200n8
cpu=armv7
defaultdisplay=dvi
dieid#=586000029ff80000016830101700b01f
dnsip=192.0.2.2
dvimode=640x480MR-16@60
ethact=sms0
fdtaddr=0x80f80000
fileaddr=80f80000
filesize=f73c
findfdt=if test $beaglerev = AxBx; then setenv fdtfile omap3-beagle.dtb; fi; if test $beaglerev = Cx; then setenv fdtfile omap3-beagle.dtb; fi; if test $beaglerev = C4; then setenv fdtfile omap3-beagle.dtb; fi; if test $beaglerev = xMAB; then setenv fdtfile omap3-beagle-xm-ab.dtb; fi; if test $beaglerev = xMC; then setenv fdtfile omap3-beagle-xm.dtb; fi; if test $fdtfile = undefined; then echo WARNING: Could not determine device tree to use; fi; 
gatewayip=192.168.1.254
importbootenv=echo Importing environment from mmc ...; env import -t -r $loadaddr $filesize
ipaddr=192.168.1.171
loadaddr=0x80200000
loadbootenv=fatload mmc ${mmcdev} ${loadaddr} ${bootenv}
loadbootscript=load mmc ${mmcdev} ${loadaddr} boot.scr
loadfdt=run validatefdt; load mmc ${bootpart} ${fdtaddr} ${bootdir}/${fdtfile}
loadimage=load mmc ${bootpart} ${loadaddr} ${bootdir}/${bootfile}
loadramdisk=load mmc ${bootpart} ${rdaddr} ${bootdir}/${ramdisk}
mmcargs=setenv bootargs console=${console} ${optargs} mpurate=${mpurate} buddy=${buddy} camera=${camera} vram=${vram} omapfb.mode=dvi:${dvimode} omapdss.def_disp=${defaultdisplay} root=${mmcroot} rootfstype=${mmcrootfstype}
mmcboot=echo Booting from mmc ...; run mmcargs; bootm ${loadaddr}
mmcbootz=echo Booting with DT from mmc${mmcdev} ...; run mmcargs; bootz ${loadaddr} - ${fdtaddr}
mmcdev=0
mmcroot=/dev/mmcblk0p2 rw
mmcrootfstype=ext3 rootwait
mpurate=auto
nandargs=setenv bootargs console=${console} ${optargs} mpurate=${mpurate} buddy=${buddy} camera=${camera} vram=${vram} omapfb.mode=dvi:${dvimode} omapdss.def_disp=${defaultdisplay} root=${nandroot} rootfstype=${nandrootfstype}
nandboot=echo Booting from nand ...; run nandargs; nand read ${loadaddr} 280000 400000; bootm ${loadaddr}
nandroot=ubi0:rootfs ubi.mtd=4
nandrootfstype=ubifs
netmask=255.255.255.0
ramargs=setenv bootargs console=${console} ${optargs} mpurate=${mpurate} buddy=${buddy} vram=${vram} omapfb.mode=dvi:${dvimode} omapdss.def_disp=${defaultdisplay} root=${ramroot} rootfstype=${ramrootfstype}
ramboot=echo Booting from ramdisk ...; run ramargs; bootm ${loadaddr}
ramdisk=ramdisk.gz
ramroot=/dev/ram0 rw ramdisk_size=65536 initrd=0x81000000,64M
ramrootfstype=ext2
rdaddr=0x81000000
serverip=192.168.1.254
soc=omap3
stderr=serial
stdin=serial
stdout=serial
usbethaddr=2E:60:05:CC:46:04
usbtty=cdc_acm
userbutton=if gpio input 173; then run userbutton_xm; else run userbutton_nonxm; fi;
userbutton_nonxm=gpio input 7;
userbutton_xm=gpio input 4;
validatefdt=if test $beaglerev = xMAB; then if test ! -e mmc ${bootpart} ${bootdir}/${fdtfile}; then setenv fdtfile omap3-beagle-xm.dtb; fi; fi; 
vendor=ti
ver=U-Boot 2014.10-00004-g9ade0ab (Dec 05 2014 - 14:01:52)
vram=12M
Environment size: 3423/131068 bytes
U-Boot# 
- 06:08:44 [INFO] Host: setenv bootcmd ''${bootcmd}' if iminfo ${loadaddr}; then bootm ${loadaddr} - ${fdtaddr}; else bootz ${loadaddr} - ${fdtaddr}; bootm ${loadaddr} - ${fdtaddr}; fi'
- 06:08:44 [INFO] Target: 
setenv bootcmd ''${bootcmd}' if iminfo ${loadaddr}; then bootm ${loadaddr} - ${fdtaddr}; else bootz ${loadaddr} - ${fdtaddr}; bootm ${loadaddr} - ${fdtaddr}; fi'
U-Boot# 
- 06:08:44 [INFO] Host: version
- 06:08:44 [INFO] Target: 
version
U-Boot 2014.10-00004-g9ade0ab (Dec 05 2014 - 14:01:52)
arm-linux-gnueabi-gcc (Ubuntu/Linaro 4.6.3-1ubuntu5) 4.6.3
GNU ld (GNU Binutils for Ubuntu) 2.22
U-Boot# 
- 06:08:44 [INFO] Host: bdinfo
- 06:08:44 [INFO] Target: 
bdinfo
arch_number = 0x0000060A
boot_params = 0x80000100
DRAM bank   = 0x00000000
-> start    = 0x80000000
-> size     = 0x10000000
DRAM bank   = 0x00000001
-> start    = 0x90000000
-> size     = 0x10000000
eth0name    = usb_ether
ethaddr     = (not set)
eth1name    = sms0
eth1addr    = (not set)
current eth = sms0
ip_addr     = 192.168.1.171
baudrate    = 115200 bps
TLB addr    = 0x9FFF0000
relocaddr   = 0x9FF4C000
reloc off   = 0x1FE4C000
irq_sp      = 0x9EF2BEE0
sp start    = 0x9EF2BED0
U-Boot# 
- 06:08:44 [INFO] Host: mmc rescan; echo $?
- 06:08:44 [INFO] Target: 
mmc rescan; echo $?
U-Boot# 
- 06:08:44 [INFO] Host: fatwrite mmc ${mmcdev}:1 ${loadaddr} ws-calibrate.rules 4
- 06:08:44 [INFO] Target: 
fatwrite mmc ${mmcdev}:1 ${loadaddr} ws-calibrate.rules 4
writing ws-calibrate.rules
4 bytes written
U-Boot# 
- 06:08:44 [INFO] Host: boot
- 06:12:14 [ERROR] On command: boot waiting for boot.+?(?-mix:.*\s+login) >>> error: execution expired
- 06:12:14 [INFO] Target: 
boot
## Checking Image at 80200000 ...
Unknown image format!
Kernel image @ 0x80200000 [ 0x000000 - 0x641980 ]
## Flattened Device Tree blob at 80f80000
   Booting using the fdt blob at 0x80f80000
   Loading Device Tree to 87fed000, end 87fff73b ... OK
Starting kernel ...
[    0.000000] Booting Linux on physical CPU 0x0
[    0.000000] Linux version 4.4.0-rc4-next-20151209-00002-g014f41951744 (nmenon@kahuna) (gcc version 4.6.3 (Ubuntu/Linaro 4.6.3-1ubuntu5) ) #1 SMP Wed Dec 9 06:03:07 CST 2015
[    0.000000] CPU: ARMv7 Processor [413fc082] revision 2 (ARMv7), cr=10c5387d
[    0.000000] CPU: PIPT / VIPT nonaliasing data cache, VIPT aliasing instruction cache
[    0.000000] Machine model: TI OMAP3 BeagleBoard xM
[    0.000000] cma: Reserved 64 MiB at 0x9b800000
[    0.000000] Memory policy: Data cache writeback
[    0.000000] CPU: All CPU(s) started in SVC mode.
[    0.000000] OMAP3630 ES1.2 (l2cache iva sgx neon isp 192mhz_clk )
[    0.000000] PERCPU: Embedded 12 pages/cpu @df987000 s19200 r8192 d21760 u49152
[    0.000000] Built 1 zonelists in Zone order, mobility grouping on.  Total pages: 129536
[    0.000000] Kernel command line: console=ttyO2,115200n8  earlyprintk rootwait  ip=:::::eth0:dhcp  root=/dev/mmcblk0p2 rw rootfstype=ext3 rootwait 
[    0.000000] PID hash table entries: 2048 (order: 1, 8192 bytes)
[    0.000000] Dentry cache hash table entries: 65536 (order: 6, 262144 bytes)
[    0.000000] Inode-cache hash table entries: 32768 (order: 5, 131072 bytes)
[    0.000000] Memory: 451660K/522240K available (8339K kernel code, 1089K rwdata, 3832K rodata, 1024K init, 344K bss, 5044K reserved, 65536K cma-reserved, 0K highmem)
[    0.000000] Virtual kernel memory layout:
[    0.000000]     vector  : 0xffff0000 - 0xffff1000   (   4 kB)
[    0.000000]     fixmap  : 0xffc00000 - 0xfff00000   (3072 kB)
[    0.000000]     vmalloc : 0xe0800000 - 0xff800000   ( 496 MB)
[    0.000000]     lowmem  : 0xc0000000 - 0xe0000000   ( 512 MB)
[    0.000000]     pkmap   : 0xbfe00000 - 0xc0000000   (   2 MB)
[    0.000000]     modules : 0xbf000000 - 0xbfe00000   (  14 MB)
[    0.000000]       .text : 0xc0208000 - 0xc0debd1c   (12176 kB)
[    0.000000]       .init : 0xc0dec000 - 0xc0eec000   (1024 kB)
[    0.000000]       .data : 0xc0eec000 - 0xc0ffc740   (1090 kB)
[    0.000000]        .bss : 0xc0fff000 - 0xc10550a0   ( 345 kB)
[    0.000000] SLUB: HWalign=64, Order=0-3, MinObjects=0, CPUs=1, Nodes=1
[    0.000000] Hierarchical RCU implementation.
[    0.000000] 	Build-time adjustment of leaf fanout to 32.
[    0.000000] 	RCU restricting CPUs from NR_CPUS=16 to nr_cpu_ids=1.
[    0.000000] RCU: Adjusting geometry for rcu_fanout_leaf=32, nr_cpu_ids=1
[    0.000000] NR_IRQS:16 nr_irqs:16 16
[    0.000000] IRQ: Found an INTC at 0xfa200000 (revision 4.0) with 96 interrupts
[    0.000000] Clocking rate (Crystal/Core/MPU): 26.0/400/600 MHz
[    0.000000] OMAP clockevent source: timer1 at 32768 Hz
[    0.000000] clocksource: 32k_counter: mask: 0xffffffff max_cycles: 0xffffffff, max_idle_ns: 58327039986419 ns
[    0.000000] sched_clock: 32 bits at 32kHz, resolution 30517ns, wraps every 65535999984741ns
[    0.000030] OMAP clocksource: 32k_counter at 32768 Hz
[    0.003417] Console: colour dummy device 80x30
[    0.003448] Calibrating delay loop... 594.73 BogoMIPS (lpj=1486848)
[    0.034942] pid_max: default: 32768 minimum: 301
[    0.035125] Mount-cache hash table entries: 1024 (order: 0, 4096 bytes)
[    0.035125] Mountpoint-cache hash table entries: 1024 (order: 0, 4096 bytes)
[    0.035980] CPU: Testing write buffer coherency: ok
[    0.036346] CPU0: thread -1, cpu 0, socket -1, mpidr 0
[    0.036437] Setting up static identity map for 0x80209000 - 0x80209098
[    0.044616] Brought up 1 CPUs
[    0.044647] SMP: Total of 1 processors activated (594.73 BogoMIPS).
[    0.044677] CPU: All CPU(s) started in SVC mode.
[    0.046661] devtmpfs: initialized
[    0.078948] VFP support v0.3: implementor 41 architecture 3 part 30 variant c rev 3
[    0.080627] clocksource: jiffies: mask: 0xffffffff max_cycles: 0xffffffff, max_idle_ns: 9556302231375000 ns
[    0.085510] pinctrl core: initialized pinctrl subsystem
[    0.088653] NET: Registered protocol family 16
[    0.091766] DMA: preallocated 256 KiB pool for atomic coherent allocations
[    0.112884] omap_hwmod: mcbsp2_sidetone using broken dt data from mcbsp
[    0.113464] omap_hwmod: mcbsp3_sidetone using broken dt data from mcbsp
[    0.182861] cpuidle: using governor ladder
[    0.182891] cpuidle: using governor menu
[    0.183593] Reprogramming SDRC clock to 400000000 Hz
[    0.190734] omap_gpio 48310000.gpio: could not find pctldev for node /ocp/l4@48000000/scm@2000/pinmux@a00/pinmux_gpio1_pins, deferring probe
[    0.192016] OMAP GPIO hardware version 2.5
[    0.198028] irq: no irq domain found for /ocp/l4@48000000/scm@2000/pinmux@30 !
[    0.211822] omap-gpmc 6e000000.gpmc: GPMC revision 5.0
[    0.211853] gpmc_mem_init: disabling cs 0 mapped at 0x0-0x1000000
[    0.213287] platform 48058000.ssi-controller: Cannot lookup hwmod 'ssi'
[    0.217529] of_amba_device_create(): amba_device_add() failed (-19) for /etb@5401b000
[    0.217651] of_amba_device_create(): amba_device_add() failed (-19) for /etm@54010000
[    0.219940] No ATAGs?
[    0.220001] hw-breakpoint: debug architecture 0x4 unsupported.
[    0.222076] omap4_sram_init:Unable to allocate sram needed to handle errata I688
[    0.222076] omap4_sram_init:Unable to get sram pool needed to handle errata I688
[    0.222412] OMAP DMA hardware revision 5.0
[    0.229125] Serial: AMBA PL011 UART driver
[    0.254455] omap-dma-engine 48056000.dma-controller: OMAP DMA engine driver
[    0.262603] vgaarb: loaded
[    0.264190] SCSI subsystem initialized
[    0.265014] usbcore: registered new interface driver usbfs
[    0.265106] usbcore: registered new interface driver hub
[    0.265197] usbcore: registered new device driver usb
[    0.267944] omap_i2c 48070000.i2c: bus 0 rev4.4 at 2600 kHz
[    0.268676] omap_i2c 48072000.i2c: bus 1 rev4.4 at 400 kHz
[    0.269439] omap_i2c 48060000.i2c: bus 2 rev4.4 at 100 kHz
[    0.270996] pps_core: LinuxPPS API ver. 1 registered
[    0.271026] pps_core: Software ver. 5.3.6 - Copyright 2005-2007 Rodolfo Giometti <giometti@linux.it>
[    0.271057] PTP clock support registered
[    0.271392] EDAC MC: Ver: 3.0.0
[    0.275512] clocksource: Switched to clocksource 32k_counter
[    0.291900] NET: Registered protocol family 2
[    0.292724] TCP established hash table entries: 4096 (order: 2, 16384 bytes)
[    0.292785] TCP bind hash table entries: 4096 (order: 3, 32768 bytes)
[    0.292877] TCP: Hash tables configured (established 4096 bind 4096)
[    0.292968] UDP hash table entries: 256 (order: 1, 8192 bytes)
[    0.292999] UDP-Lite hash table entries: 256 (order: 1, 8192 bytes)
[    0.293212] NET: Registered protocol family 1
[    0.293670] RPC: Registered named UNIX socket transport module.
[    0.293701] RPC: Registered udp transport module.
[    0.293701] RPC: Registered tcp transport module.
[    0.293701] RPC: Registered tcp NFSv4.1 backchannel transport module.
[    0.297149] hw perfevents: enabled with armv7_cortex_a8 PMU driver, 5 counters available
[    0.301025] futex hash table entries: 256 (order: 2, 16384 bytes)
[    0.319519] squashfs: version 4.0 (2009/01/31) Phillip Lougher
[    0.321075] NFS: Registering the id_resolver key type
[    0.321136] Key type id_resolver registered
[    0.321166] Key type id_legacy registered
[    0.321258] ntfs: driver 2.1.32 [Flags: R/O].
[    0.323669] Block layer SCSI generic (bsg) driver version 0.4 loaded (major 249)
[    0.323699] io scheduler noop registered
[    0.323730] io scheduler deadline registered
[    0.323760] io scheduler cfq registered (default)
[    0.331695] pinctrl-single 48002030.pinmux: 284 pins at pa fa002030 size 568
[    0.332031] pinctrl-single 48002a00.pinmux: 46 pins at pa fa002a00 size 92
[    0.332824] pinctrl-single 480025a0.pinmux: 46 pins at pa fa0025a0 size 92
[    0.441925] Serial: 8250/16550 driver, 4 ports, IRQ sharing disabled
[    0.445831] SuperH (H)SCI(F) driver initialized
[    0.447296] msm_serial: driver initialized
[    0.448303] omap_uart 4806a000.serial: no wakeirq for uart0
[    0.448516] 4806a000.serial: ttyO0 at MMIO 0x4806a000 (irq = 88, base_baud = 3000000) is a OMAP UART0
[    0.449188] omap_uart 4806c000.serial: no wakeirq for uart1
[    0.449340] 4806c000.serial: ttyO1 at MMIO 0x4806c000 (irq = 89, base_baud = 3000000) is a OMAP UART1
[    0.450134] 49020000.serial: ttyO2 at MMIO 0x49020000 (irq = 90, base_baud = 3000000) is a OMAP UART2
[    1.222656] console [ttyO2] enabled
[    1.227111] omap_uart 49042000.serial: no wakeirq for uart3
[    1.233154] 49042000.serial: ttyO3 at MMIO 0x49042000 (irq = 96, base_baud = 3000000) is a OMAP UART3
[    1.243438] STMicroelectronics ASC driver initialized
[    1.251556] [drm] Initialized drm 1.1.0 20060810
[    1.270141] loop: module loaded
[    1.305206] twl 0-0048: PIH (irq 23) chaining IRQs 307..315
[    1.311218] twl 0-0048: power (irq 312) chaining IRQs 315..322
[    1.364898] twl4030_gpio twl4030-gpio: gpio (irq 307) chaining IRQs 323..340
[    1.485504] libphy: Fixed MDIO Bus: probed
[    1.491210] CAN device driver interface
[    1.498168] igb: Intel(R) Gigabit Ethernet Network Driver - version 5.3.0-k
[    1.505523] igb: Copyright (c) 2007-2014 Intel Corporation.
[    1.517700] pegasus: v0.9.3 (2013/04/25), Pegasus/Pegasus II USB Ethernet driver
[    1.525604] usbcore: registered new interface driver pegasus
[    1.531677] usbcore: registered new interface driver asix
[    1.537445] usbcore: registered new interface driver ax88179_178a
[    1.543945] usbcore: registered new interface driver cdc_ether
[    1.550170] usbcore: registered new interface driver smsc75xx
[    1.556335] usbcore: registered new interface driver smsc95xx
[    1.562438] usbcore: registered new interface driver net1080
[    1.568450] usbcore: registered new interface driver cdc_subset
[    1.574768] usbcore: registered new interface driver zaurus
[    1.580780] usbcore: registered new interface driver cdc_ncm
[    1.590026] ehci_hcd: USB 2.0 'Enhanced' Host Controller (EHCI) Driver
[    1.596954] ehci-pci: EHCI PCI platform driver
[    1.601715] ehci-platform: EHCI generic platform driver
[    1.607696] ehci-omap: OMAP-EHCI Host Controller driver
[    1.613769] ehci-omap 48064800.ehci: Can't get PHY device for port 1: -517
[    1.621215] ehci-orion: EHCI orion driver
[    1.625854] SPEAr-ehci: EHCI SPEAr driver
[    1.630371] ehci-st: EHCI STMicroelectronics driver
[    1.635833] ehci-exynos: EHCI EXYNOS driver
[    1.640533] ehci-atmel: EHCI Atmel driver
[    1.645080] tegra-ehci: Tegra EHCI driver
[    1.649658] ohci_hcd: USB 1.1 'Open' Host Controller (OHCI) Driver
[    1.656219] ohci-pci: OHCI PCI platform driver
[    1.661041] ohci-platform: OHCI generic platform driver
[    1.666900] ohci-omap3: OHCI OMAP3 driver
[    1.671539] ohci-omap3 48064400.ohci: OHCI Host Controller
[    1.677368] ohci-omap3 48064400.ohci: new USB bus registered, assigned bus number 1
[    1.685913] ohci-omap3 48064400.ohci: irq 92, io mem 0x48064400
[    1.766906] hub 1-0:1.0: USB hub found
[    1.770996] hub 1-0:1.0: 3 ports detected
[    1.776245] SPEAr-ohci: OHCI SPEAr driver
[    1.781005] ohci-st: OHCI STMicroelectronics driver
[    1.786529] ohci-atmel: OHCI Atmel driver
[    1.791992] usbcore: registered new interface driver usb-storage
[    1.801452] mousedev: PS/2 mouse device common for all mice
[    1.814636] twl_rtc 48070000.i2c:twl@48:rtc: Power up reset detected.
[    1.821746] twl_rtc 48070000.i2c:twl@48:rtc: Enabling TWL-RTC
[    1.832214] twl_rtc 48070000.i2c:twl@48:rtc: rtc core: registered 48070000.i2c:twl@48 as rtc0
[    1.842864] i2c /dev entries driver
[    1.864532] sdhci: Secure Digital Host Controller Interface driver
[    1.871093] sdhci: Copyright(c) Pierre Ossman
[    1.912811] Synopsys Designware Multimedia Card Interface Driver
[    1.921569] sdhci-pltfm: SDHCI platform and OF driver helper
[    1.932250] leds_pwm pwmleds: unable to request PWM for beagleboard::pmu_stat: -517
[    1.941101] ledtrig-cpu: registered to indicate activity on CPUs
[    1.948150] usbcore: registered new interface driver usbhid
[    1.954040] usbhid: USB HID core driver
[    1.966949] NET: Registered protocol family 10
[    1.972930] sit: IPv6 over IPv4 tunneling driver
[    1.978851] NET: Registered protocol family 17
[    1.983581] can: controller area network core (rev 20120528 abi 9)
[    1.990203] NET: Registered protocol family 29
[    1.994903] can: raw protocol (rev 20120528)
[    1.999420] can: broadcast manager protocol (rev 20120528 t)
[    2.005401] can: netlink gateway (rev 20130117) max_hops=1
[    2.011993] Key type dns_resolver registered
[    2.016906] omap2_set_init_voltage: unable to find boot up OPP for vdd_mpu_iva
[    2.024536] omap2_set_init_voltage: unable to set vdd_mpu_iva
[    2.030578] omap2_set_init_voltage: unable to find boot up OPP for vdd_core
[    2.037902] omap2_set_init_voltage: unable to set vdd_core
[    2.048858] ThumbEE CPU extension supported.
[    2.053436] Registering SWP/SWPB emulation handler
[    2.095855] mmc0: host does not support reading read-only switch, assuming write-enable
[    2.106262] mmc0: new high speed SDHC card at address 0001
[    2.112670] mmcblk0: mmc0:0001 00000 3.79 GiB 
[    2.119018]  mmcblk0: p1 p2
[    2.161376] ehci-omap 48064800.ehci: EHCI Host Controller
[    2.167114] ehci-omap 48064800.ehci: new USB bus registered, assigned bus number 2
[    2.175231] ehci-omap 48064800.ehci: irq 93, io mem 0x48064800
[    2.190917] ehci-omap 48064800.ehci: USB 2.0 started, EHCI 1.00
[    2.198211] hub 2-0:1.0: USB hub found
[    2.202239] hub 2-0:1.0: 3 ports detected
[    2.208953] leds_pwm pwmleds: unable to request PWM for beagleboard::pmu_stat: -517
[    2.218597] input: gpio_keys as /devices/platform/gpio_keys/input/input0
[    2.227935] leds_pwm pwmleds: unable to request PWM for beagleboard::pmu_stat: -517
[    2.237091] twl_rtc 48070000.i2c:twl@48:rtc: setting system clock to 2000-01-01 00:00:00 UTC (946684800)
[    2.515960] usb 2-2: new high-speed USB device number 2 using ehci-omap
[    2.653198] hub 2-2:1.0: USB hub found
[    2.657348] hub 2-2:1.0: 5 ports detected
[    2.666900] leds_pwm pwmleds: unable to request PWM for beagleboard::pmu_stat: -517
[    2.945983] usb 2-2.1: new high-speed USB device number 3 using ehci-omap
[    3.061492] smsc95xx v1.0.4
[    3.141204] smsc95xx 2-2.1:1.0 eth0: register 'smsc95xx' at usb-48064800.ehci-2.1, smsc95xx USB 2.0 Ethernet, a6:2c:68:28:7e:f6
[    3.157165] leds_pwm pwmleds: unable to request PWM for beagleboard::pmu_stat: -517
[    3.318237] smsc95xx 2-2.1:1.0 eth0: hardware isn't capable of remote wakeup
[    3.326080] IPv6: ADDRCONF(NETDEV_UP): eth0: link is not ready
[    5.029602] smsc95xx 2-2.1:1.0 eth0: link up, 100Mbps, full-duplex, lpa 0xC5E1
[    5.037475] IPv6: ADDRCONF(NETDEV_CHANGE): eth0: link becomes ready
[    5.050872] Sending DHCP requests ., OK
[    6.131500] IP-Config: Got DHCP answer from 192.168.1.254, my address is 192.168.1.187
[    6.140258] IP-Config: Complete:
[    6.143768]      device=eth0, hwaddr=a6:2c:68:28:7e:f6, ipaddr=192.168.1.187, mask=255.255.255.0, gw=192.168.1.254
[    6.154754]      host=192.168.1.187, domain=tidfarm-05.internal.ti.com, nis-domain=(none)
[    6.163452]      bootserver=192.168.1.254, rootserver=192.168.1.254, rootpath=     nameserver0=192.0.2.2, nameserver1=192.0.2.3
[    6.176605] VAUX3: disabling
[    6.180297] VDAC: disabling
[    6.184356] VUSB3V1: disabling
[    6.188232] VPLL2: disabling
[    6.196197] EXT4-fs (mmcblk0p2): mounting ext3 file system using the ext4 subsystem
[    6.219909] unexpected IRQ trap at vector 00
- 06:12:14 [INFO] Boot attempt 1/1 failed
- 06:12:14 [INFO] Disconnected serial from beagleboard
URL:gtsystest.telogy.design.ti.com/vatf/tidfarm-05/tidfarm-05_vatf@beagleboard-xm/tidfarm-0512_09_2015_06_07_21/files/session_iteration_1/test_1
