- 02:27:01 [INFO] Starting target session
- 02:27:02 [INFO] Connected to beagleboard via serial 
- 02:27:02 [INFO] Host: #check prompt
- 02:27:05 [ERROR] On command: #check prompt waiting for #check prompt.+?(?-mix:((?-mix:.*\s+login)|[Pp]assword)) >>> error: execution expired
- 02:27:05 [INFO] Target: 
#check prompt
root@GenericOMAP36xx(FlattenedDeviceTree):/test# 
- 02:27:05 [INFO] Host: #check prompt
- 02:27:05 [INFO] Target: 
#check prompt
root@GenericOMAP36xx(FlattenedDeviceTree):/test# 
- 02:27:05 [INFO] Host: sync;poweroff
- 02:27:25 [INFO] Target: 
sync;poweroff
Broadcast message from root@GenericOMAP36xx(FlattenedDeviceTree) (ttyO2) (Thu
The system is going down for system halt NOW!
INIT: Switching to runlevel: 0
root@GenericOM	
INIT: Sending processes the TERM signal
INIT: Sending processes the KILL signal
Stopping Dropbear SSH server: stopped /usr/sbin/dropbear (pid 586)
dropbear.
Stopping telnet daemon.
Stopping system message bus: hwclock: can't open '/dev/misc/rtc': No such file or directory
Error opening /dev/fb0: No such file or directory
Stopping syslogd/klogd: stopped syslogd (pid 598)
stopped klogd (pid 601)
done
Stopping thttpd.
ALSA: Storing mixer settings...
/usr/sbin/alsactl: save_state:1580: No soundcards found...
Deconfiguring network interfaces... ifdown: interface eth0 not configured
done.
Stopping Lighttpd Web Server: stopped /usr/sbin/lighttpd (pid 612)
lighttpd.
***************************************************************
***************************************************************
NOTICE: This file system contains the followin GPLv3 packages:
	binutils-symlinks
	binutils
	gdbserver
	parted
If you do not wish to distribute GPLv3 components please remove
the above packages prior to distribution.  This can be done using
the opkg remove command.  i.e.:
    opkg remove <package>
Where <package> is the name printed in the list above
NOTE: If the package is a dependency of another package you
      will be notified of the dependent packages.  You should
      use the --force-removal-of-dependent-packages option to
      also remove the dependent packages as well
***************************************************************
***************************************************************
Sending all processes the TERM signal...
Sending all processes the KILL signal...
Unmounting remote filesystems...
Deactivating swap...
Unmounting local filesystems...
[ 1103.984619] reboot: Power down
[ 1103.987884] ------------[ cut here ]------------
[ 1103.992797] WARNING: CPU: 0 PID: 772 at kernel/locking/lockdep.c:2755 lockdep_trace_alloc+0xec/0x10c()
[ 1104.002593] DEBUG_LOCKS_WARN_ON(irqs_disabled_flags(flags))
[ 1104.008300] Modules linked in:
[ 1104.011718] CPU: 0 PID: 772 Comm: halt Not tainted 4.2.0-rc2-00002-g73d69cb94836 #1
[ 1104.019805] Hardware name: Generic OMAP36xx (Flattened Device Tree)
[ 1104.026428] [<c00165b4>] (unwind_backtrace) from [<c0012a84>] (show_stack+0x10/0x14)
[ 1104.034606] [<c0012a84>] (show_stack) from [<c05efae0>] (dump_stack+0x78/0x94)
[ 1104.042236] [<c05efae0>] (dump_stack) from [<c003fa3c>] (warn_slowpath_common+0x7c/0xb4)
[ 1104.050781] [<c003fa3c>] (warn_slowpath_common) from [<c003fb08>] (warn_slowpath_fmt+0x30/0x40)
[ 1104.059967] [<c003fb08>] (warn_slowpath_fmt) from [<c008fc48>] (lockdep_trace_alloc+0xec/0x10c)
[ 1104.069152] [<c008fc48>] (lockdep_trace_alloc) from [<c0155dc8>] (__kmalloc_track_caller+0x40/0x260)
[ 1104.078796]
- 02:27:25 [INFO] Disconnected serial from beagleboard
- 02:28:10 [INFO] Connected to beagleboard via serial 
- 02:28:10 [INFO] Host: 
- 02:28:11 [INFO] Target: 
  0 
U-Boot# 
U-Boot# 
U-Boot# 
U-Boot# 
U-Boot# 
U-Boot# 
U-Boot# 
U-Boot# 
- 02:28:11 [INFO] Host: 
- 02:28:11 [INFO] Target: 
U-Boot# 
- 02:28:11 [INFO] Host: version
- 02:28:11 [INFO] Target: 
version
U-Boot 2014.10-00004-g9ade0ab (Dec 05 2014 - 14:01:52)
arm-linux-gnueabi-gcc (Ubuntu/Linaro 4.6.3-1ubuntu5) 4.6.3
GNU ld (GNU Binutils for Ubuntu) 2.22
U-Boot# 
- 02:28:11 [INFO] Host: setenv bootargs 'console=ttyO2,115200n8  earlyprintk rootwait '
- 02:28:11 [INFO] Target: 
setenv bootargs 'console=ttyO2,115200n8  earlyprintk rootwait '
U-Boot# 
- 02:28:11 [INFO] Host: setenv bootcmd  ''
- 02:28:11 [INFO] Target: 
setenv bootcmd  ''
U-Boot# 
- 02:28:11 [INFO] Host: setenv autoload 'no'
- 02:28:11 [INFO] Target: 
setenv autoload 'no'
U-Boot# 
- 02:28:11 [INFO] Host: setenv serverip '192.168.1.254'
- 02:28:11 [INFO] Target: 
setenv serverip '192.168.1.254'
U-Boot# 
- 02:28:11 [INFO] Host: setenv mmcdev ' '
- 02:28:11 [INFO] Target: 
setenv mmcdev ' '
U-Boot# 
- 02:28:11 [INFO] Host: printenv
- 02:28:12 [INFO] Target: 
printenv
arch=arm
autoload=no
baudrate=115200
beaglerev=xMC
board=beagle
board_name=beagle
bootargs=console=ttyO2,115200n8  earlyprintk rootwait 
bootcmd=
bootdelay=1
bootdir=/boot
bootenv=uEnv.txt
bootfile=uImage
bootm_size=0x08000000
bootpart=0:2
bootscript=echo Running bootscript from mmc${mmcdev} ...; source ${loadaddr}
buddy=none
camera=none
console=ttyO2,115200n8
cpu=armv7
defaultdisplay=dvi
dieid#=586000029ff80000016830101700b01f
dvimode=640x480MR-16@60
ethact=usb_ether
fdtaddr=0x80f80000
findfdt=if test $beaglerev = AxBx; then setenv fdtfile omap3-beagle.dtb; fi; if test $beaglerev = Cx; then setenv fdtfile omap3-beagle.dtb; fi; if test $beaglerev = C4; then setenv fdtfile omap3-beagle.dtb; fi; if test $beaglerev = xMAB; then setenv fdtfile omap3-beagle-xm-ab.dtb; fi; if test $beaglerev = xMC; then setenv fdtfile omap3-beagle-xm.dtb; fi; if test $fdtfile = undefined; then echo WARNING: Could not determine device tree to use; fi; 
importbootenv=echo Importing environment from mmc ...; env import -t -r $loadaddr $filesize
loadaddr=0x80200000
loadbootenv=fatload mmc ${mmcdev} ${loadaddr} ${bootenv}
loadbootscript=load mmc ${mmcdev} ${loadaddr} boot.scr
loadfdt=run validatefdt; load mmc ${bootpart} ${fdtaddr} ${bootdir}/${fdtfile}
loadimage=load mmc ${bootpart} ${loadaddr} ${bootdir}/${bootfile}
loadramdisk=load mmc ${bootpart} ${rdaddr} ${bootdir}/${ramdisk}
mmcargs=setenv bootargs console=${console} ${optargs} mpurate=${mpurate} buddy=${buddy} camera=${camera} vram=${vram} omapfb.mode=dvi:${dvimode} omapdss.def_disp=${defaultdisplay} root=${mmcroot} rootfstype=${mmcrootfstype}
mmcboot=echo Booting from mmc ...; run mmcargs; bootm ${loadaddr}
mmcbootz=echo Booting with DT from mmc${mmcdev} ...; run mmcargs; bootz ${loadaddr} - ${fdtaddr}
mmcdev= 
mmcroot=/dev/mmcblk0p2 rw
mmcrootfstype=ext3 rootwait
mpurate=auto
nandargs=setenv bootargs console=${console} ${optargs} mpurate=${mpurate} buddy=${buddy} camera=${camera} vram=${vram} omapfb.mode=dvi:${dvimode} omapdss.def_disp=${defaultdisplay} root=${nandroot} rootfstype=${nandrootfstype}
nandboot=echo Booting from nand ...; run nandargs; nand read ${loadaddr} 280000 400000; bootm ${loadaddr}
nandroot=ubi0:rootfs ubi.mtd=4
nandrootfstype=ubifs
ramargs=setenv bootargs console=${console} ${optargs} mpurate=${mpurate} buddy=${buddy} vram=${vram} omapfb.mode=dvi:${dvimode} omapdss.def_disp=${defaultdisplay} root=${ramroot} rootfstype=${ramrootfstype}
ramboot=echo Booting from ramdisk ...; run ramargs; bootm ${loadaddr}
ramdisk=ramdisk.gz
ramroot=/dev/ram0 rw ramdisk_size=65536 initrd=0x81000000,64M
ramrootfstype=ext2
rdaddr=0x81000000
serverip=192.168.1.254
soc=omap3
stderr=serial
stdin=serial
stdout=serial
usbethaddr=02:1f:10:00:02:00
usbtty=cdc_acm
userbutton=if gpio input 173; then run userbutton_xm; else run userbutton_nonxm; fi;
userbutton_nonxm=gpio input 7;
userbutton_xm=gpio input 4;
validatefdt=if test $beaglerev = xMAB; then if test ! -e mmc ${bootpart} ${bootdir}/${fdtfile}; then setenv fdtfile omap3-beagle-xm.dtb; fi; fi; 
vendor=ti
ver=U-Boot 2014.10-00004-g9ade0ab (Dec 05 2014 - 14:01:52)
vram=12M
Environment size: 3233/131068 bytes
U-Boot# 
- 02:28:12 [INFO] Host: dcache off
- 02:28:12 [INFO] Target: 
dcache off
U-Boot# 
- 02:28:12 [INFO] Host: usb start
- 02:28:16 [INFO] Target: 
usb start
(Re)start USB...
USB0:   USB EHCI 1.00
scanning bus 0 for devices... 3 USB Device(s) found
       scanning usb for storage devices... 0 Storage Device(s) found
       scanning usb for ethernet devices... 1 Ethernet Device(s) found
U-Boot# 
- 02:28:16 [INFO] Host: printenv
- 02:28:16 [INFO] Target: 
printenv
arch=arm
autoload=no
baudrate=115200
beaglerev=xMC
board=beagle
board_name=beagle
bootargs=console=ttyO2,115200n8  earlyprintk rootwait 
bootcmd=
bootdelay=1
bootdir=/boot
bootenv=uEnv.txt
bootfile=uImage
bootm_size=0x08000000
bootpart=0:2
bootscript=echo Running bootscript from mmc${mmcdev} ...; source ${loadaddr}
buddy=none
camera=none
console=ttyO2,115200n8
cpu=armv7
defaultdisplay=dvi
dieid#=586000029ff80000016830101700b01f
dvimode=640x480MR-16@60
ethact=usb_ether
fdtaddr=0x80f80000
findfdt=if test $beaglerev = AxBx; then setenv fdtfile omap3-beagle.dtb; fi; if test $beaglerev = Cx; then setenv fdtfile omap3-beagle.dtb; fi; if test $beaglerev = C4; then setenv fdtfile omap3-beagle.dtb; fi; if test $beaglerev = xMAB; then setenv fdtfile omap3-beagle-xm-ab.dtb; fi; if test $beaglerev = xMC; then setenv fdtfile omap3-beagle-xm.dtb; fi; if test $fdtfile = undefined; then echo WARNING: Could not determine device tree to use; fi; 
importbootenv=echo Importing environment from mmc ...; env import -t -r $loadaddr $filesize
loadaddr=0x80200000
loadbootenv=fatload mmc ${mmcdev} ${loadaddr} ${bootenv}
loadbootscript=load mmc ${mmcdev} ${loadaddr} boot.scr
loadfdt=run validatefdt; load mmc ${bootpart} ${fdtaddr} ${bootdir}/${fdtfile}
loadimage=load mmc ${bootpart} ${loadaddr} ${bootdir}/${bootfile}
loadramdisk=load mmc ${bootpart} ${rdaddr} ${bootdir}/${ramdisk}
mmcargs=setenv bootargs console=${console} ${optargs} mpurate=${mpurate} buddy=${buddy} camera=${camera} vram=${vram} omapfb.mode=dvi:${dvimode} omapdss.def_disp=${defaultdisplay} root=${mmcroot} rootfstype=${mmcrootfstype}
mmcboot=echo Booting from mmc ...; run mmcargs; bootm ${loadaddr}
mmcbootz=echo Booting with DT from mmc${mmcdev} ...; run mmcargs; bootz ${loadaddr} - ${fdtaddr}
mmcdev= 
mmcroot=/dev/mmcblk0p2 rw
mmcrootfstype=ext3 rootwait
mpurate=auto
nandargs=setenv bootargs console=${console} ${optargs} mpurate=${mpurate} buddy=${buddy} camera=${camera} vram=${vram} omapfb.mode=dvi:${dvimode} omapdss.def_disp=${defaultdisplay} root=${nandroot} rootfstype=${nandrootfstype}
nandboot=echo Booting from nand ...; run nandargs; nand read ${loadaddr} 280000 400000; bootm ${loadaddr}
nandroot=ubi0:rootfs ubi.mtd=4
nandrootfstype=ubifs
ramargs=setenv bootargs console=${console} ${optargs} mpurate=${mpurate} buddy=${buddy} vram=${vram} omapfb.mode=dvi:${dvimode} omapdss.def_disp=${defaultdisplay} root=${ramroot} rootfstype=${ramrootfstype}
ramboot=echo Booting from ramdisk ...; run ramargs; bootm ${loadaddr}
ramdisk=ramdisk.gz
ramroot=/dev/ram0 rw ramdisk_size=65536 initrd=0x81000000,64M
ramrootfstype=ext2
rdaddr=0x81000000
serverip=192.168.1.254
soc=omap3
stderr=serial
stdin=serial
stdout=serial
usbethaddr=02:1f:10:00:02:00
usbtty=cdc_acm
userbutton=if gpio input 173; then run userbutton_xm; else run userbutton_nonxm; fi;
userbutton_nonxm=gpio input 7;
userbutton_xm=gpio input 4;
validatefdt=if test $beaglerev = xMAB; then if test ! -e mmc ${bootpart} ${bootdir}/${fdtfile}; then setenv fdtfile omap3-beagle-xm.dtb; fi; fi; 
vendor=ti
ver=U-Boot 2014.10-00004-g9ade0ab (Dec 05 2014 - 14:01:52)
vram=12M
Environment size: 3233/131068 bytes
U-Boot# 
- 02:28:16 [INFO] Host: setenv bootargs ''${bootargs}' ip=:::::eth0:dhcp '
- 02:28:16 [INFO] Target: 
setenv bootargs ''${bootargs}' ip=:::::eth0:dhcp '
U-Boot# 
- 02:28:16 [INFO] Host: setenv serverip '192.168.1.254'
- 02:28:16 [INFO] Target: 
setenv serverip '192.168.1.254'
U-Boot# 
- 02:28:16 [INFO] Host: setenv ipaddr dhcp
- 02:28:16 [INFO] Target: 
setenv ipaddr dhcp
U-Boot# 
- 02:28:16 [INFO] Host: setenv autoload 'no'
- 02:28:17 [INFO] Target: 
setenv autoload 'no'
U-Boot# 
- 02:28:17 [INFO] Host: dhcp
- 02:28:19 [INFO] Target: 
dhcp
ERROR: Need valid 'usbnet_devaddr' to be set
at drivers/usb/gadget/ether.c:2357/usb_eth_init()
Waiting for Ethernet connection... done.
BOOTP broadcast 1
DHCP client bound to address 192.168.1.151 (1047 ms)
U-Boot# 
- 02:28:19 [INFO] Host: setenv serverip '192.168.1.254'
- 02:28:19 [INFO] Target: 
setenv serverip '192.168.1.254'
U-Boot# 
- 02:28:19 [INFO] Host: tftp ${loadaddr} 192.168.1.254:vatf_2/4fc270bba71daa0fa6f38d1a41394538
- 02:28:35 [INFO] Target: 
tftp ${loadaddr} 192.168.1.254:vatf_2/4fc270bba71daa0fa6f38d1a41394538
Waiting for Ethernet connection... done.
Using sms0 device
TFTP from server 192.168.1.254; our IP address is 192.168.1.151
Filename 'vatf_2/4fc270bba71daa0fa6f38d1a41394538'.
Load address: 0x80200000
Loading: *#T ################################################################
	 #################################################################
	 #################################################################
	 #################################################################
	 #################################################################
	 #################################################################
	 ###########################
	 419.9 KiB/s
done
Bytes transferred = 6119304 (5d5f88 hex)
U-Boot# 
- 02:28:35 [INFO] Host: tftp ${fdtaddr} 192.168.1.254:vatf_2/54fff92a7f35d15e89f1020babe9b56f
- 02:28:42 [INFO] Target: 
tftp ${fdtaddr} 192.168.1.254:vatf_2/54fff92a7f35d15e89f1020babe9b56f
Waiting for Ethernet connection... done.
Using sms0 device
TFTP from server 192.168.1.254; our IP address is 192.168.1.151
Filename 'vatf_2/54fff92a7f35d15e89f1020babe9b56f'.
Load address: 0x80f80000
Loading: *T #####
	 11.7 KiB/s
done
Bytes transferred = 63200 (f6e0 hex)
U-Boot# 
- 02:28:42 [INFO] Host: ls mmc 0:1
- 02:28:42 [INFO] Target: 
ls mmc 0:1
    50564   mlo 
   392660   u-boot.img 
        4   ws-calibrate.rules 
3 file(s), 0 dir(s)
U-Boot# 
- 02:28:42 [INFO] Host: ls mmc 0:2
- 02:28:42 [INFO] Target: 
ls mmc 0:2
<DIR>       4096 .
<DIR>       4096 ..
<DIR>      16384 lost+found
<DIR>       4096 bin
<DIR>       4096 boot
<SYM>         37 cpufreq
<SYM>         37 cpuidle
<DIR>       4096 dev
<DIR>       4096 etc
<DIR>       4096 home
<DIR>       4096 lib
<DIR>       4096 media
<DIR>       4096 mnt
<DIR>       4096 opt
<DIR>       4096 proc
<SYM>          8 run
<DIR>       4096 sbin
<DIR>       4096 srv
<DIR>       4096 sys
<SYM>          8 tmp
<DIR>       4096 usr
<DIR>       4096 var
<DIR>       4096 www
<DIR>       4096 test
U-Boot# 
- 02:28:42 [INFO] Host: part uuid mmc 0:2
- 02:28:42 [INFO] Target: 
part uuid mmc 0:2
Unknown command 'part' - try 'help'
U-Boot# 
- 02:28:42 [INFO] Host: printenv
- 02:28:43 [INFO] Target: 
printenv
arch=arm
autoload=no
baudrate=115200
beaglerev=xMC
board=beagle
board_name=beagle
bootargs=console=ttyO2,115200n8  earlyprintk rootwait  ip=:::::eth0:dhcp 
bootcmd=
bootdelay=1
bootdir=/boot
bootenv=uEnv.txt
bootfile=uImage
bootm_size=0x08000000
bootpart=0:2
bootscript=echo Running bootscript from mmc${mmcdev} ...; source ${loadaddr}
buddy=none
camera=none
console=ttyO2,115200n8
cpu=armv7
defaultdisplay=dvi
dieid#=586000029ff80000016830101700b01f
dnsip=192.0.2.2
dvimode=640x480MR-16@60
ethact=sms0
fdtaddr=0x80f80000
fileaddr=80f80000
filesize=f6e0
findfdt=if test $beaglerev = AxBx; then setenv fdtfile omap3-beagle.dtb; fi; if test $beaglerev = Cx; then setenv fdtfile omap3-beagle.dtb; fi; if test $beaglerev = C4; then setenv fdtfile omap3-beagle.dtb; fi; if test $beaglerev = xMAB; then setenv fdtfile omap3-beagle-xm-ab.dtb; fi; if test $beaglerev = xMC; then setenv fdtfile omap3-beagle-xm.dtb; fi; if test $fdtfile = undefined; then echo WARNING: Could not determine device tree to use; fi; 
gatewayip=192.168.1.254
importbootenv=echo Importing environment from mmc ...; env import -t -r $loadaddr $filesize
ipaddr=192.168.1.151
loadaddr=0x80200000
loadbootenv=fatload mmc ${mmcdev} ${loadaddr} ${bootenv}
loadbootscript=load mmc ${mmcdev} ${loadaddr} boot.scr
loadfdt=run validatefdt; load mmc ${bootpart} ${fdtaddr} ${bootdir}/${fdtfile}
loadimage=load mmc ${bootpart} ${loadaddr} ${bootdir}/${bootfile}
loadramdisk=load mmc ${bootpart} ${rdaddr} ${bootdir}/${ramdisk}
mmcargs=setenv bootargs console=${console} ${optargs} mpurate=${mpurate} buddy=${buddy} camera=${camera} vram=${vram} omapfb.mode=dvi:${dvimode} omapdss.def_disp=${defaultdisplay} root=${mmcroot} rootfstype=${mmcrootfstype}
mmcboot=echo Booting from mmc ...; run mmcargs; bootm ${loadaddr}
mmcbootz=echo Booting with DT from mmc${mmcdev} ...; run mmcargs; bootz ${loadaddr} - ${fdtaddr}
mmcdev= 
mmcroot=/dev/mmcblk0p2 rw
mmcrootfstype=ext3 rootwait
mpurate=auto
nandargs=setenv bootargs console=${console} ${optargs} mpurate=${mpurate} buddy=${buddy} camera=${camera} vram=${vram} omapfb.mode=dvi:${dvimode} omapdss.def_disp=${defaultdisplay} root=${nandroot} rootfstype=${nandrootfstype}
nandboot=echo Booting from nand ...; run nandargs; nand read ${loadaddr} 280000 400000; bootm ${loadaddr}
nandroot=ubi0:rootfs ubi.mtd=4
nandrootfstype=ubifs
netmask=255.255.255.0
ramargs=setenv bootargs console=${console} ${optargs} mpurate=${mpurate} buddy=${buddy} vram=${vram} omapfb.mode=dvi:${dvimode} omapdss.def_disp=${defaultdisplay} root=${ramroot} rootfstype=${ramrootfstype}
ramboot=echo Booting from ramdisk ...; run ramargs; bootm ${loadaddr}
ramdisk=ramdisk.gz
ramroot=/dev/ram0 rw ramdisk_size=65536 initrd=0x81000000,64M
ramrootfstype=ext2
rdaddr=0x81000000
serverip=192.168.1.254
soc=omap3
stderr=serial
stdin=serial
stdout=serial
usbethaddr=02:1f:10:00:02:00
usbtty=cdc_acm
userbutton=if gpio input 173; then run userbutton_xm; else run userbutton_nonxm; fi;
userbutton_nonxm=gpio input 7;
userbutton_xm=gpio input 4;
validatefdt=if test $beaglerev = xMAB; then if test ! -e mmc ${bootpart} ${bootdir}/${fdtfile}; then setenv fdtfile omap3-beagle-xm.dtb; fi; fi; 
vendor=ti
ver=U-Boot 2014.10-00004-g9ade0ab (Dec 05 2014 - 14:01:52)
vram=12M
Environment size: 3374/131068 bytes
U-Boot# 
- 02:28:43 [INFO] Host: setenv bootargs ''${bootargs}' root=/dev/mmcblk0p2 rw rootfstype=ext3 rootwait '
- 02:28:43 [INFO] Target: 
setenv bootargs ''${bootargs}' root=/dev/mmcblk0p2 rw rootfstype=ext3 rootwait '
U-Boot# 
- 02:28:43 [INFO] Host: printenv
- 02:28:43 [INFO] Target: 
printenv
arch=arm
autoload=no
baudrate=115200
beaglerev=xMC
board=beagle
board_name=beagle
bootargs=console=ttyO2,115200n8  earlyprintk rootwait  ip=:::::eth0:dhcp  root=/dev/mmcblk0p2 rw rootfstype=ext3 rootwait 
bootcmd=
bootdelay=1
bootdir=/boot
bootenv=uEnv.txt
bootfile=uImage
bootm_size=0x08000000
bootpart=0:2
bootscript=echo Running bootscript from mmc${mmcdev} ...; source ${loadaddr}
buddy=none
camera=none
console=ttyO2,115200n8
cpu=armv7
defaultdisplay=dvi
dieid#=586000029ff80000016830101700b01f
dnsip=192.0.2.2
dvimode=640x480MR-16@60
ethact=sms0
fdtaddr=0x80f80000
fileaddr=80f80000
filesize=f6e0
findfdt=if test $beaglerev = AxBx; then setenv fdtfile omap3-beagle.dtb; fi; if test $beaglerev = Cx; then setenv fdtfile omap3-beagle.dtb; fi; if test $beaglerev = C4; then setenv fdtfile omap3-beagle.dtb; fi; if test $beaglerev = xMAB; then setenv fdtfile omap3-beagle-xm-ab.dtb; fi; if test $beaglerev = xMC; then setenv fdtfile omap3-beagle-xm.dtb; fi; if test $fdtfile = undefined; then echo WARNING: Could not determine device tree to use; fi; 
gatewayip=192.168.1.254
importbootenv=echo Importing environment from mmc ...; env import -t -r $loadaddr $filesize
ipaddr=192.168.1.151
loadaddr=0x80200000
loadbootenv=fatload mmc ${mmcdev} ${loadaddr} ${bootenv}
loadbootscript=load mmc ${mmcdev} ${loadaddr} boot.scr
loadfdt=run validatefdt; load mmc ${bootpart} ${fdtaddr} ${bootdir}/${fdtfile}
loadimage=load mmc ${bootpart} ${loadaddr} ${bootdir}/${bootfile}
loadramdisk=load mmc ${bootpart} ${rdaddr} ${bootdir}/${ramdisk}
mmcargs=setenv bootargs console=${console} ${optargs} mpurate=${mpurate} buddy=${buddy} camera=${camera} vram=${vram} omapfb.mode=dvi:${dvimode} omapdss.def_disp=${defaultdisplay} root=${mmcroot} rootfstype=${mmcrootfstype}
mmcboot=echo Booting from mmc ...; run mmcargs; bootm ${loadaddr}
mmcbootz=echo Booting with DT from mmc${mmcdev} ...; run mmcargs; bootz ${loadaddr} - ${fdtaddr}
mmcdev= 
mmcroot=/dev/mmcblk0p2 rw
mmcrootfstype=ext3 rootwait
mpurate=auto
nandargs=setenv bootargs console=${console} ${optargs} mpurate=${mpurate} buddy=${buddy} camera=${camera} vram=${vram} omapfb.mode=dvi:${dvimode} omapdss.def_disp=${defaultdisplay} root=${nandroot} rootfstype=${nandrootfstype}
nandboot=echo Booting from nand ...; run nandargs; nand read ${loadaddr} 280000 400000; bootm ${loadaddr}
nandroot=ubi0:rootfs ubi.mtd=4
nandrootfstype=ubifs
netmask=255.255.255.0
ramargs=setenv bootargs console=${console} ${optargs} mpurate=${mpurate} buddy=${buddy} vram=${vram} omapfb.mode=dvi:${dvimode} omapdss.def_disp=${defaultdisplay} root=${ramroot} rootfstype=${ramrootfstype}
ramboot=echo Booting from ramdisk ...; run ramargs; bootm ${loadaddr}
ramdisk=ramdisk.gz
ramroot=/dev/ram0 rw ramdisk_size=65536 initrd=0x81000000,64M
ramrootfstype=ext2
rdaddr=0x81000000
serverip=192.168.1.254
soc=omap3
stderr=serial
stdin=serial
stdout=serial
usbethaddr=02:1f:10:00:02:00
usbtty=cdc_acm
userbutton=if gpio input 173; then run userbutton_xm; else run userbutton_nonxm; fi;
userbutton_nonxm=gpio input 7;
userbutton_xm=gpio input 4;
validatefdt=if test $beaglerev = xMAB; then if test ! -e mmc ${bootpart} ${bootdir}/${fdtfile}; then setenv fdtfile omap3-beagle-xm.dtb; fi; fi; 
vendor=ti
ver=U-Boot 2014.10-00004-g9ade0ab (Dec 05 2014 - 14:01:52)
vram=12M
Environment size: 3423/131068 bytes
U-Boot# 
- 02:28:43 [INFO] Host: setenv bootcmd ''${bootcmd}' if iminfo ${loadaddr}; then bootm ${loadaddr} - ${fdtaddr}; else bootz ${loadaddr} - ${fdtaddr}; bootm ${loadaddr} - ${fdtaddr}; fi'
- 02:28:43 [INFO] Target: 
setenv bootcmd ''${bootcmd}' if iminfo ${loadaddr}; then bootm ${loadaddr} - ${fdtaddr}; else bootz ${loadaddr} - ${fdtaddr}; bootm ${loadaddr} - ${fdtaddr}; fi'
U-Boot# 
- 02:28:43 [INFO] Host: bdinfo
- 02:28:43 [INFO] Target: 
bdinfo
arch_number = 0x0000060A
boot_params = 0x80000100
DRAM bank   = 0x00000000
-> start    = 0x80000000
-> size     = 0x10000000
DRAM bank   = 0x00000001
-> start    = 0x90000000
-> size     = 0x10000000
eth0name    = usb_ether
ethaddr     = (not set)
eth1name    = sms0
eth1addr    = (not set)
current eth = sms0
ip_addr     = 192.168.1.151
baudrate    = 115200 bps
TLB addr    = 0x9FFF0000
relocaddr   = 0x9FF4C000
reloc off   = 0x1FE4C000
irq_sp      = 0x9EF2BEE0
sp start    = 0x9EF2BED0
U-Boot# 
- 02:28:43 [INFO] Host: mmc rescan
- 02:28:44 [INFO] Target: 
mmc rescan
U-Boot# 
- 02:28:44 [INFO] Host: fatwrite mmc ${mmcdev}:1 ${loadaddr} ws-calibrate.rules 4
- 02:28:44 [INFO] Target: 
fatwrite mmc ${mmcdev}:1 ${loadaddr} ws-calibrate.rules 4
writing ws-calibrate.rules
4 bytes written
U-Boot# 
- 02:28:44 [INFO] Host: boot
- 02:29:01 [INFO] Target: 
boot
## Checking Image at 80200000 ...
Unknown image format!
Kernel image @ 0x80200000 [ 0x000000 - 0x5d5f88 ]
## Flattened Device Tree blob at 80f80000
   Booting using the fdt blob at 0x80f80000
   Loading Device Tree to 87fed000, end 87fff6df ... OK
Starting kernel ...
[    0.000000] Booting Linux on physical CPU 0x0
[    0.000000] Linux version 4.2.0-rc2-00002-g73d69cb94836 (nmenon@kahuna) (gcc version 4.6.3 (Ubuntu/Linaro 4.6.3-1ubuntu5) ) #1 SMP Mon Jul 13 02:22:24 CDT 2015
[    0.000000] CPU: ARMv7 Processor [413fc082] revision 2 (ARMv7), cr=10c5387d
[    0.000000] CPU: PIPT / VIPT nonaliasing data cache, VIPT aliasing instruction cache
[    0.000000] Machine model: TI OMAP3 BeagleBoard xM
[    0.000000] cma: Reserved 64 MiB at 0x9b800000
[    0.000000] Memory policy: Data cache writeback
[    0.000000] CPU: All CPU(s) started in SVC mode.
[    0.000000] OMAP3630 ES1.2 (l2cache iva sgx neon isp 192mhz_clk )
[    0.000000] PERCPU: Embedded 11 pages/cpu @dfa88000 s14784 r8192 d22080 u45056
[    0.000000] Built 1 zonelists in Zone order, mobility grouping on.  Total pages: 129792
[    0.000000] Kernel command line: console=ttyO2,115200n8  earlyprintk rootwait  ip=:::::eth0:dhcp  root=/dev/mmcblk0p2 rw rootfstype=ext3 rootwait 
[    0.000000] PID hash table entries: 2048 (order: 1, 8192 bytes)
[    0.000000] Dentry cache hash table entries: 65536 (order: 6, 262144 bytes)
[    0.000000] Inode-cache hash table entries: 32768 (order: 5, 131072 bytes)
[    0.000000] Memory: 439076K/523264K available (7788K kernel code, 1038K rwdata, 3504K rodata, 940K init, 327K bss, 18652K reserved, 65536K cma-reserved, 0K highmem)
[    0.000000] Virtual kernel memory layout:
[    0.000000]     vector  : 0xffff0000 - 0xffff1000   (   4 kB)
[    0.000000]     fixmap  : 0xffc00000 - 0xfff00000   (3072 kB)
[    0.000000]     vmalloc : 0xe0800000 - 0xff000000   ( 488 MB)
[    0.000000]     lowmem  : 0xc0000000 - 0xe0000000   ( 512 MB)
[    0.000000]     pkmap   : 0xbfe00000 - 0xc0000000   (   2 MB)
[    0.000000]     modules : 0xbf000000 - 0xbfe00000   (  14 MB)
[    0.000000]       .text : 0xc0208000 - 0xc0d102b8   (11297 kB)
[    0.000000]       .init : 0xc0d11000 - 0xc0dfc000   ( 940 kB)
[    0.000000]       .data : 0xc0dfc000 - 0xc0effa80   (1039 kB)
[    0.000000]        .bss : 0xc0f02000 - 0xc0f53c20   ( 328 kB)
[    0.000000] SLUB: HWalign=64, Order=0-3, MinObjects=0, CPUs=1, Nodes=1
[    0.000000] Hierarchical RCU implementation.
[    0.000000] 	Additional per-CPU info printed with stalls.
[    0.000000] 	Build-time adjustment of leaf fanout to 32.
[    0.000000] 	RCU restricting CPUs from NR_CPUS=16 to nr_cpu_ids=1.
[    0.000000] RCU: Adjusting geometry for rcu_fanout_leaf=32, nr_cpu_ids=1
[    0.000000] NR_IRQS:16 nr_irqs:16 16
[    0.000000] IRQ: Found an INTC at 0xfa200000 (revision 4.0) with 96 interrupts
[    0.000000] Clocking rate (Crystal/Core/MPU): 26.0/400/600 MHz
[    0.000000] OMAP clockevent source: timer1 at 32768 Hz
[    0.000000] clocksource: 32k_counter: mask: 0xffffffff max_cycles: 0xffffffff, max_idle_ns: 58327039986419 ns
[    0.000000] sched_clock: 32 bits at 32kHz, resolution 30517ns, wraps every 65535999984741ns
[    0.000030] OMAP clocksource: 32k_counter at 32768 Hz
[    0.000244] Console: colour dummy device 80x30
[    0.000274] Calibrating delay loop... 594.73 BogoMIPS (lpj=1486848)
[    0.028991] pid_max: default: 32768 minimum: 301
[    0.029174] Mount-cache hash table entries: 1024 (order: 0, 4096 bytes)
[    0.029205] Mountpoint-cache hash table entries: 1024 (order: 0, 4096 bytes)
[    0.030029] CPU: Testing write buffer coherency: ok
[    0.030364] CPU0: thread -1, cpu 0, socket -1, mpidr 0
[    0.030456] Setting up static identity map for 0x80209000 - 0x80209098
[    0.036041] Brought up 1 CPUs
[    0.036071] SMP: Total of 1 processors activated (594.73 BogoMIPS).
[    0.036071] CPU: All CPU(s) started in SVC mode.
[    0.036804] devtmpfs: initialized
[    0.072021] VFP support v0.3: implementor 41 architecture 3 part 30 variant c rev 3
[    0.094177] omap_hwmod: mcbsp2_sidetone using broken dt data from mcbsp
[    0.094818] omap_hwmod: mcbsp3_sidetone using broken dt data from mcbsp
[    0.158813] clocksource: jiffies: mask: 0xffffffff max_cycles: 0xffffffff, max_idle_ns: 9556302231375000 ns
[    0.163208] pinctrl core: initialized pinctrl subsystem
[    0.166198] NET: Registered protocol family 16
[    0.169433] DMA: preallocated 256 KiB pool for atomic coherent allocations
[    0.172302] cpuidle: using governor ladder
[    0.172332] cpuidle: using governor menu
[    0.173004] Reprogramming SDRC clock to 400000000 Hz
[    0.179809] omap_gpio 48310000.gpio: could not find pctldev for node /ocp/l4@48000000/scm@2000/pinmux@a00/pinmux_gpio1_pins, deferring probe
[    0.180908] OMAP GPIO hardware version 2.5
[    0.186126] irq: no irq domain found for /ocp/l4@48000000/scm@2000/pinmux@30 !
[    0.199890] omap-gpmc 6e000000.gpmc: GPMC revision 5.0
[    0.199920] gpmc_mem_init: disabling cs 0 mapped at 0x0-0x1000000
[    0.201324] platform 48058000.ssi-controller: Cannot lookup hwmod 'ssi'
[    0.205627] of_amba_device_create(): amba_device_add() failed (-19) for /etb@5401b000
[    0.205749] of_amba_device_create(): amba_device_add() failed (-19) for /etm@54010000
[    0.208007] No ATAGs?
[    0.208038] hw-breakpoint: debug architecture 0x4 unsupported.
[    0.210449] OMAP DMA hardware revision 5.0
[    0.215515] Serial: AMBA PL011 UART driver
[    0.242004] omap-dma-engine 48056000.dma-controller: OMAP DMA engine driver
[    0.247467] vgaarb: loaded
[    0.248687] SCSI subsystem initialized
[    0.249542] usbcore: registered new interface driver usbfs
[    0.249633] usbcore: registered new interface driver hub
[    0.249725] usbcore: registered new device driver usb
[    0.252471] omap_i2c 48070000.i2c: bus 0 rev4.4 at 2600 kHz
[    0.253234] omap_i2c 48072000.i2c: bus 1 rev4.4 at 400 kHz
[    0.253875] omap_i2c 48060000.i2c: bus 2 rev4.4 at 100 kHz
[    0.255371] pps_core: LinuxPPS API ver. 1 registered
[    0.255371] pps_core: Software ver. 5.3.6 - Copyright 2005-2007 Rodolfo Giometti <giometti@linux.it>
[    0.255432] PTP clock support registered
[    0.255767] EDAC MC: Ver: 3.0.0
[    0.259857] clocksource: Switched to clocksource 32k_counter
[    0.276458] NET: Registered protocol family 2
[    0.277252] TCP established hash table entries: 4096 (order: 2, 16384 bytes)
[    0.277313] TCP bind hash table entries: 4096 (order: 3, 32768 bytes)
[    0.277404] TCP: Hash tables configured (established 4096 bind 4096)
[    0.277496] UDP hash table entries: 256 (order: 1, 8192 bytes)
[    0.277526] UDP-Lite hash table entries: 256 (order: 1, 8192 bytes)
[    0.277770] NET: Registered protocol family 1
[    0.278198] RPC: Registered named UNIX socket transport module.
[    0.278198] RPC: Registered udp transport module.
[    0.278228] RPC: Registered tcp transport module.
[    0.278228] RPC: Registered tcp NFSv4.1 backchannel transport module.
[    0.281494] hw perfevents: Failed to parse /pmu/interrupt-affinity[0]
[    0.281555] hw perfevents: enabled with armv7_cortex_a8 PMU driver, 5 counters available
[    0.285339] futex hash table entries: 256 (order: 2, 16384 bytes)
[    0.303222] squashfs: version 4.0 (2009/01/31) Phillip Lougher
[    0.304687] NFS: Registering the id_resolver key type
[    0.304779] Key type id_resolver registered
[    0.304779] Key type id_legacy registered
[    0.304870] ntfs: driver 2.1.32 [Flags: R/O].
[    0.306915] Block layer SCSI generic (bsg) driver version 0.4 loaded (major 249)
[    0.306945] io scheduler noop registered
[    0.306976] io scheduler deadline registered
[    0.307250] io scheduler cfq registered (default)
[    0.314025] pinctrl-single 48002030.pinmux: 284 pins at pa fa002030 size 568
[    0.314331] pinctrl-single 48002a00.pinmux: 46 pins at pa fa002a00 size 92
[    0.315216] pinctrl-single 480025a0.pinmux: 46 pins at pa fa0025a0 size 92
[    0.421051] Serial: 8250/16550 driver, 4 ports, IRQ sharing disabled
[    0.424804] SuperH (H)SCI(F) driver initialized
[    0.426361] msm_serial: driver initialized
[    0.427368] omap_uart 4806a000.serial: no wakeirq for uart0
[    0.427581] 4806a000.serial: ttyO0 at MMIO 0x4806a000 (irq = 88, base_baud = 3000000) is a OMAP UART0
[    0.428222] omap_uart 4806c000.serial: no wakeirq for uart1
[    0.428375] 4806c000.serial: ttyO1 at MMIO 0x4806c000 (irq = 89, base_baud = 3000000) is a OMAP UART1
[    0.429168] 49020000.serial: ttyO2 at MMIO 0x49020000 (irq = 90, base_baud = 3000000) is a OMAP UART2
[    1.197784] console [ttyO2] enabled
[    1.202239] omap_uart 49042000.serial: no wakeirq for uart3
[    1.208282] 49042000.serial: ttyO3 at MMIO 0x49042000 (irq = 96, base_baud = 3000000) is a OMAP UART3
[    1.218536] STMicroelectronics ASC driver initialized
[    1.226623] [drm] Initialized drm 1.1.0 20060810
[    1.243316] loop: module loaded
[    1.274536] twl 0-0048: PIH (irq 23) chaining IRQs 307..315
[    1.280548] twl 0-0048: power (irq 312) chaining IRQs 315..322
[    1.332916] twl4030_gpio twl4030-gpio: gpio (irq 307) chaining IRQs 323..340
[    1.451293] CAN device driver interface
[    1.457946] igb: Intel(R) Gigabit Ethernet Network Driver - version 5.2.18-k
[    1.465362] igb: Copyright (c) 2007-2014 Intel Corporation.
[    1.476959] pegasus: v0.9.3 (2013/04/25), Pegasus/Pegasus II USB Ethernet driver
[    1.484893] usbcore: registered new interface driver pegasus
[    1.490966] usbcore: registered new interface driver asix
[    1.496734] usbcore: registered new interface driver ax88179_178a
[    1.503204] usbcore: registered new interface driver cdc_ether
[    1.509429] usbcore: registered new interface driver smsc75xx
[    1.515563] usbcore: registered new interface driver smsc95xx
[    1.521728] usbcore: registered new interface driver net1080
[    1.527740] usbcore: registered new interface driver cdc_subset
[    1.534027] usbcore: registered new interface driver zaurus
[    1.540039] usbcore: registered new interface driver cdc_ncm
[    1.549621] ehci_hcd: USB 2.0 'Enhanced' Host Controller (EHCI) Driver
[    1.556549] ehci-pci: EHCI PCI platform driver
[    1.561340] ehci-platform: EHCI generic platform driver
[    1.567291] ehci-omap: OMAP-EHCI Host Controller driver
[    1.573272] ehci-omap 48064800.ehci: Can't get PHY device for port 1: -517
[    1.580718] ehci-orion: EHCI orion driver
[    1.585327] SPEAr-ehci: EHCI SPEAr driver
[    1.589843] ehci-st: EHCI STMicroelectronics driver
[    1.595306] ehci-exynos: EHCI EXYNOS driver
[    1.600067] ehci-atmel: EHCI Atmel driver
[    1.604553] tegra-ehci: Tegra EHCI driver
[    1.609130] ohci_hcd: USB 1.1 'Open' Host Controller (OHCI) Driver
[    1.615661] ohci-pci: OHCI PCI platform driver
[    1.620452] ohci-platform: OHCI generic platform driver
[    1.626342] ohci-omap3: OHCI OMAP3 driver
[    1.631042] ohci-omap3 48064400.ohci: OHCI Host Controller
[    1.636901] ohci-omap3 48064400.ohci: new USB bus registered, assigned bus number 1
[    1.645385] ohci-omap3 48064400.ohci: irq 92, io mem 0x48064400
[    1.726318] hub 1-0:1.0: USB hub found
[    1.730407] hub 1-0:1.0: 3 ports detected
[    1.735656] SPEAr-ohci: OHCI SPEAr driver
[    1.740386] ohci-st: OHCI STMicroelectronics driver
[    1.745880] ohci-atmel: OHCI Atmel driver
[    1.750610] usbcore: registered new interface driver usb-storage
[    1.759826] mousedev: PS/2 mouse device common for all mice
[    1.773284] twl_rtc 48070000.i2c:twl@48:rtc: Power up reset detected.
[    1.780395] twl_rtc 48070000.i2c:twl@48:rtc: Enabling TWL-RTC
[    1.790832] twl_rtc 48070000.i2c:twl@48:rtc: rtc core: registered 48070000.i2c:twl@48 as rtc0
[    1.801330] i2c /dev entries driver
[    1.819641] sdhci: Secure Digital Host Controller Interface driver
[    1.826171] sdhci: Copyright(c) Pierre Ossman
[    1.867126] Synopsys Designware Multimedia Card Interface Driver
[    1.875762] sdhci-pltfm: SDHCI platform and OF driver helper
[    1.885681] leds_pwm pwmleds: unable to request PWM for beagleboard::pmu_stat: -517
[    1.894042] ledtrig-cpu: registered to indicate activity on CPUs
[    1.900756] usbcore: registered new interface driver usbhid
[    1.906646] usbhid: USB HID core driver
[    1.917419] NET: Registered protocol family 17
[    1.922180] can: controller area network core (rev 20120528 abi 9)
[    1.928833] NET: Registered protocol family 29
[    1.933532] can: raw protocol (rev 20120528)
[    1.938049] can: broadcast manager protocol (rev 20120528 t)
[    1.944030] can: netlink gateway (rev 20130117) max_hops=1
[    1.950561] Key type dns_resolver registered
[    1.955444] omap2_set_init_voltage: unable to find boot up OPP for vdd_mpu_iva
[    1.963073] omap2_set_init_voltage: unable to set vdd_mpu_iva
[    1.969146] omap2_set_init_voltage: unable to find boot up OPP for vdd_core
[    1.976470] omap2_set_init_voltage: unable to set vdd_core
[    1.989593] ThumbEE CPU extension supported.
[    1.994293] Registering SWP/SWPB emulation handler
[    2.038970] mmc0: host does not support reading read-only switch, assuming write-enable
[    2.049530] mmc0: new high speed SDHC card at address 0001
[    2.056488] mmcblk0: mmc0:0001 00000 3.79 GiB 
[    2.063507]  mmcblk0: p1 p2
[    2.110565] ehci-omap 48064800.ehci: EHCI Host Controller
[    2.116424] ehci-omap 48064800.ehci: new USB bus registered, assigned bus number 2
[    2.124908] ehci-omap 48064800.ehci: irq 93, io mem 0x48064800
[    2.140167] ehci-omap 48064800.ehci: USB 2.0 started, EHCI 1.00
[    2.148773] hub 2-0:1.0: USB hub found
[    2.152984] hub 2-0:1.0: 3 ports detected
[    2.162048] leds_pwm pwmleds: unable to request PWM for beagleboard::pmu_stat: -517
[    2.174011] input: gpio_keys as /devices/platform/gpio_keys/input/input0
[    2.185516] leds_pwm pwmleds: unable to request PWM for beagleboard::pmu_stat: -517
[    2.194671] twl_rtc 48070000.i2c:twl@48:rtc: setting system clock to 2000-01-01 00:00:00 UTC (946684800)
[    2.465118] usb 2-2: new high-speed USB device number 2 using ehci-omap
[    2.602020] hub 2-2:1.0: USB hub found
[    2.606262] hub 2-2:1.0: 5 ports detected
[    2.614715] leds_pwm pwmleds: unable to request PWM for beagleboard::pmu_stat: -517
[    2.885162] usb 2-2.1: new high-speed USB device number 3 using ehci-omap
[    2.999786] smsc95xx v1.0.4
[    3.070129] smsc95xx 2-2.1:1.0 eth0: register 'smsc95xx' at usb-48064800.ehci-2.1, smsc95xx USB 2.0 Ethernet, e2:14:a5:01:49:62
[    3.085723] leds_pwm pwmleds: unable to request PWM for beagleboard::pmu_stat: -517
[    3.291900] smsc95xx 2-2.1:1.0 eth0: hardware isn't capable of remote wakeup
[    5.026702] smsc95xx 2-2.1:1.0 eth0: link up, 100Mbps, full-duplex, lpa 0xC5E1
[    5.040161] Sending DHCP requests ., OK
[    6.095642] IP-Config: Got DHCP answer from 192.168.1.254, my address is 192.168.1.177
[    6.104400] IP-Config: Complete:
[    6.107910]      device=eth0, hwaddr=e2:14:a5:01:49:62, ipaddr=192.168.1.177, mask=255.255.255.0, gw=192.168.1.254
[    6.118896]      host=192.168.1.177, domain=ti.com, nis-domain=(none)
[    6.125732]      bootserver=192.168.1.254, rootserver=192.168.1.254, rootpath=
[    6.133209]      nameserver0=192.0.2.2, nameserver1=192.0.2.3
[    6.140350] VPLL2: disabling
[    6.143859] VUSB3V1: disabling
[    6.148162] VDAC: disabling
[    6.151855] VAUX3: disabling
[    6.159576] EXT4-fs (mmcblk0p2): mounting ext3 file system using the ext4 subsystem
[    6.386901] EXT4-fs (mmcblk0p2): mounted filesystem with ordered data mode. Opts: (null)
[    6.395660] VFS: Mounted root (ext3 filesystem) on device 179:2.
[    6.413757] devtmpfs: mounted
[    6.420104] Freeing unused kernel memory: 940K (c0d11000 - c0dfc000)
INIT: version 2.88 booting
Error opening /dev/fb0: No such file or directory
/dev/ttyO2 linked to /dev/tty-bd - using as console
Starting udev
[    7.313873] udevd[98]: starting version 182
[   10.272521] FAT-fs (mmcblk0p1): Volume was not properly unmounted. Some data may be corrupt. Please run fsck.
ERROR: could not open directory /lib/modules/4.2.0-rc2-00002-g73d69cb94836: No such file or directory
WARNING: -e needs -E or -F
ERROR: could not open directory /lib/modules/4.2.0-rc2-00002-g73d69cb94836: No such file or directory
FATAL: could not search modules: No such file or directory
Starting Bootlog daemon: bootlogd.
[   11.160369] EXT4-fs (mmcblk0p2): re-mounted. Opts: data=ordered
[   11.230377] random: dd urandom read with 90 bits of entropy available
ALSA: Restoring mixer settings...
/usr/sbin/alsactl: load_state:1696: No soundcards found...
Configuring network interfaces... udhcpc (v1.20.2) started
Sending discover...
Sending select for 192.168.1.177...
Lease of 192.168.1.177 obtained, lease time 600
/etc/udhcpc.d/50default: Adding DNS 192.0.2.2
/etc/udhcpc.d/50default: Adding DNS 192.0.2.3
done.
Thu May 15 21:15:00 UTC 2014
INIT: Entering runlevel: 3
/dev/ttyO2 linked to /dev/tty-bd - using as console
Starting system message bus: dbus.
Starting Dropbear SSH server: dropbear.
Starting telnet daemon.
Starting syslogd/klogd: done
Starting thttpd.
Starting Lighttpd Web Server: lighttpd.
2014-05-15 21:15:01: (log.c.166) server started 
[   13.535034] random: nonblocking pool is initialized
***************************************************************
***************************************************************
NOTICE: This file system contains the followin GPLv3 packages:
	binutils-symlinks
	binutils
	gdbserver
	parted
If you do not wish to distribute GPLv3 components please remove
the above packages prior to distribution.  This can be done using
the opkg remove command.  i.e.:
    opkg remove <package>
Where <package> is the name printed in the list above
NOTE: If the package is a dependency of another package you
      will be notified of the dependent packages.  You should
      use the --force-removal-of-dependent-packages option to
      also remove the dependent packages as well
***************************************************************
***************************************************************
Stopping Bootlog daemon: bootlogd.
 _____                    _____           _         _   
|  _  |___ ___ ___ ___   |  _  |___ ___  |_|___ ___| |_ 
|     |  _| .'| . | . |  |   __|  _| . | | | -_|  _|  _|
|__|__|_| |__,|_  |___|  |__|  |_| |___|_| |___|___|_|  
              |___|                    |___|            
Arago Project http://arago-project.org GenericOMAP36xx(FlattenedDeviceTree) tty-bd
Arago 2013.12 GenericOMAP36xx(FlattenedDeviceTree) tty-bd
GenericOMAP36xx(FlattenedDeviceTree) login: 
- 02:29:01 [INFO] Host: root
- 02:29:01 [INFO] Target: 
root
root@GenericOMAP36xx(FlattenedDeviceTree):~# 
- 02:29:01 [INFO] Host: uname -a
- 02:29:01 [INFO] Target: 
uname -a
Linux GenericOMAP36xx(FlattenedDeviceTree) 4.2.0-rc2-00002-g73d69cb94836 #1 SMP Mon Jul 13 02:22:24 CDT 2015 armv7l GNU/Linux
root@GenericOMAP36xx(FlattenedDeviceTree):~# 
- 02:29:01 [INFO] Host: cat /proc/cmdline
- 02:29:01 [INFO] Target: 
cat /proc/cmdline
console=ttyO2,115200n8  earlyprintk rootwait  ip=:::::eth0:dhcp  root=/dev/mmcblk0p2 rw rootfstype=ext3 rootwait 
root@GenericOMAP36xx(FlattenedDeviceTree):~# 
- 02:29:01 [INFO] Host: uname -a
- 02:29:01 [INFO] Target: 
uname -a
Linux GenericOMAP36xx(FlattenedDeviceTree) 4.2.0-rc2-00002-g73d69cb94836 #1 SMP Mon Jul 13 02:22:24 CDT 2015 armv7l GNU/Linux
root@GenericOMAP36xx(FlattenedDeviceTree):~# 
- 02:29:01 [INFO] Host: cat /proc/mtd
- 02:29:01 [INFO] Target: 
cat /proc/mtd
dev:    size   erasesize  name
root@GenericOMAP36xx(FlattenedDeviceTree):~# 
- 02:29:12 [INFO] Host: export IPERFHOST=192.168.1.254
- 02:29:12 [INFO] Target: 
export IPERFHOST=192.168.1.254
root@GenericOMAP36xx(FlattenedDeviceTree):~# 
- 02:29:12 [INFO] Host: export NFS_SERVER=192.168.1.254
- 02:29:12 [INFO] Target: 
export NFS_SERVER=192.168.1.254
root@GenericOMAP36xx(FlattenedDeviceTree):~# 
- 02:29:12 [INFO] Host: export NFS_ROOT_PATH=/usr/workdir/filesys/linux/bbxm
- 02:29:12 [INFO] Target: 
export NFS_ROOT_PATH=/usr/workdir/f 
ilesys/linux/bbxm
root@GenericOMAP36xx(FlattenedDeviceTree):~# 
- 02:29:12 [INFO] Host: mkdir -p -m 777 /test
- 02:29:13 [INFO] Target: 
mkdir -p -m 777 /test
root@GenericOMAP36xx(FlattenedDeviceTree):~# 
- 02:29:13 [INFO] Host: cd /test
- 02:29:13 [INFO] Target: 
cd /test
root@GenericOMAP36xx(FlattenedDeviceTree):/test# 
- 02:29:13 [INFO] Host: cat > test.sh << EOF
- 02:29:13 [INFO] Target: 
cat > test.sh << EOF
- 02:29:13 [INFO] Host: failtest() {
- 02:29:13 [INFO] Target: 
failtest() {
- 02:29:13 [INFO] Host:   echo 1 >&3
- 02:29:13 [INFO] Target: 
  echo 1 >&3
- 02:29:13 [INFO] Host: }
- 02:29:13 [INFO] Target: 
- 02:29:13 [INFO] Host: timeout=600
- 02:29:13 [INFO] Target: 
timeout=600
- 02:29:13 [INFO] Host: 
- 02:29:13 [INFO] Target: 
- 02:29:13 [INFO] Host: # Start of user's script logic
- 02:29:13 [INFO] Target: 
# Start of user's script logic
- 02:29:13 [INFO] Host: mount -t proc proc /proc 2>/dev/null;
- 02:29:13 [INFO] Target: 
mount -t proc proc /proc 2>/dev/null;
- 02:29:13 [INFO] Host: 
- 02:29:14 [INFO] Target: 
- 02:29:14 [INFO] Host: mount -t sysfs sys /sys 2>/dev/null;
- 02:29:14 [INFO] Target: 
mount -t sysfs sys /sys 2>/dev/null;
- 02:29:14 [INFO] Host: 
- 02:29:14 [INFO] Target: 
- 02:29:14 [INFO] Host: mount -t debugfs none /sys/kernel/debug 2>/dev/null;
- 02:29:14 [INFO] Target: 
mount -t debugfs none /sys/kernel/debug 2>/dev/null;
- 02:29:14 [INFO] Host: 
- 02:29:14 [INFO] Target: 
- 02:29:14 [INFO] Host: echo 'cpuinfo:';cat /proc/cpuinfo; echo '=======';
- 02:29:14 [INFO] Target: 
echo 'cpuinfo:';cat /proc/cpuinfo; echo '=======';
- 02:29:14 [INFO] Host: 
- 02:29:14 [INFO] Target: 
- 02:29:14 [INFO] Host: echo 'soc info:';head /sys/devices/soc0/* 2>/dev/null; echo '=======';
- 02:29:14 [INFO] Target: 
echo 'soc info:';head /sys/devices/soc0/* 2>/dev/null; echo '=======';
- 02:29:14 [INFO] Host: 
- 02:29:14 [INFO] Target: 
- 02:29:14 [INFO] Host: echo 'DT Model info'; head /proc/device-tree/name /proc/device-tree/model /proc/device-tree/compatible 2>/dev/null;echo; echo '=======';
- 02:29:14 [INFO] Target: 
echo 'DT Model info'; head /proc/device-tree/name /proc/device-tree/model /pro 
c/device-tree/compatible 2>/dev/null;echo; echo '=======';
- 02:29:14 [INFO] Host: 
- 02:29:15 [INFO] Target: 
- 02:29:15 [INFO] Host: echo 'interrupts:';cat /proc/interrupts; echo '=======';
- 02:29:15 [INFO] Target: 
echo 'interrupts:';cat /proc/interrupts; echo '=======';
- 02:29:15 [INFO] Host: 
- 02:29:15 [INFO] Target: 
- 02:29:15 [INFO] Host: echo 'Clk_summary:';cat /sys/kernel/debug/clk/clk_summary; echo '=======';
- 02:29:15 [INFO] Target: 
echo 'Clk_summary:';cat /sys/kernel/debug/clk/clk_summary; echo '=======';
- 02:29:15 [INFO] Host: 
- 02:29:15 [INFO] Target: 
- 02:29:15 [INFO] Host: echo "Available frequencies"; cat /sys/devices/system/cpu/cpu0/cpufreq/scaling_available_frequencies 2>/dev/null;echo '=======';
- 02:29:15 [INFO] Target: 
echo "Available frequencies"; cat /sys/devices/system/cpu/cpu0/cpufreq/scaling 
_available_frequencies 2>/dev/null;echo '=======';
- 02:29:15 [INFO] Host: 
- 02:29:15 [INFO] Target: 
- 02:29:15 [INFO] Host: TMPF=/tmp/a.\$\$; TMPF2=/tmp/b.\$\$; STR=""
- 02:29:15 [INFO] Target: 
TMPF=/tmp/a.\$\$; TMPF2=/tmp/b.\$\$; STR=""
- 02:29:15 [INFO] Host: 
- 02:29:15 [INFO] Target: 
- 02:29:15 [INFO] Host: cp /dev/kmsg \$TMPF &
- 02:29:15 [INFO] Target: 
cp /dev/kmsg \$TMPF &
- 02:29:15 [INFO] Host: 
- 02:29:16 [INFO] Target: 
- 02:29:16 [INFO] Host: PID=\$! ; sleep 5; kill -9 \$PID
- 02:29:16 [INFO] Target: 
PID=\$! ; sleep 5; kill -9 \$PID
- 02:29:16 [INFO] Host: 
- 02:29:16 [INFO] Target: 
- 02:29:16 [INFO] Host: 
- 02:29:16 [INFO] Target: 
- 02:29:16 [INFO] Host: 
- 02:29:16 [INFO] Target: 
- 02:29:16 [INFO] Host: cat \$TMPF|grep "^0">\$TMPF2; N=\`cat \$TMPF2|wc -l\`; if [ "\$N" -ne 0 ]; then STR="\$STR emerg=\$N";echo "===== EMERGE++";cat \$TMPF2|cut -d ';' -f2;echo "====="; fi
- 02:29:16 [INFO] Target: 
cat \$TMPF|grep "^0">\$TMPF2; N=\`cat \$TMPF2|wc -l\`; if [ "\$N" -ne 0 ]; the 
n STR="\$STR emerg=\$N";echo "===== EMERGE++";cat \$TMPF2|cut -d ';' -f2;echo "= 
===="; fi
- 02:29:16 [INFO] Host: 
- 02:29:16 [INFO] Target: 
- 02:29:16 [INFO] Host: cat \$TMPF|grep "^1">\$TMPF2; N=\`cat \$TMPF2|wc -l\`; if [ "\$N" -ne 0 ]; then STR="\$STR alert=\$N";echo "===== ALERT ==";cat \$TMPF2|cut -d ';' -f2;echo "====="; fi
- 02:29:16 [INFO] Target: 
cat \$TMPF|grep "^1">\$TMPF2; N=\`cat \$TMPF2|wc -l\`; if [ "\$N" -ne 0 ]; the 
n STR="\$STR alert=\$N";echo "===== ALERT ==";cat \$TMPF2|cut -d ';' -f2;echo "= 
===="; fi
- 02:29:16 [INFO] Host: 
- 02:29:16 [INFO] Target: 
- 02:29:16 [INFO] Host: cat \$TMPF|grep "^2">\$TMPF2; N=\`cat \$TMPF2|wc -l\`; if [ "\$N" -ne 0 ]; then STR="\$STR crit=\$N";echo "===== CRIT ==";cat \$TMPF2|cut -d ';' -f2;echo "====="; fi
- 02:29:17 [INFO] Target: 
cat \$TMPF|grep "^2">\$TMPF2; N=\`cat \$TMPF2|wc -l\`; if [ "\$N" -ne 0 ]; the 
n STR="\$STR crit=\$N";echo "===== CRIT ==";cat \$TMPF2|cut -d ';' -f2;echo "=== 
=="; fi
- 02:29:17 [INFO] Host: 
- 02:29:17 [INFO] Target: 
- 02:29:17 [INFO] Host: cat \$TMPF|grep "^3">\$TMPF2; N=\`cat \$TMPF2|wc -l\`; if [ "\$N" -ne 0 ]; then STR="\$STR err=\$N";echo "===== ERR ==";cat \$TMPF2|cut -d ';' -f2;echo "=====" ;fi
- 02:29:17 [INFO] Target: 
cat \$TMPF|grep "^3">\$TMPF2; N=\`cat \$TMPF2|wc -l\`; if [ "\$N" -ne 0 ]; the 
n STR="\$STR err=\$N";echo "===== ERR ==";cat \$TMPF2|cut -d ';' -f2;echo "===== 
" ;fi
- 02:29:17 [INFO] Host: 
- 02:29:17 [INFO] Target: 
- 02:29:17 [INFO] Host: cat \$TMPF|grep "^4">\$TMPF2; N=\`cat \$TMPF2|wc -l\`; if [ "\$N" -ne 0 ]; then STR="\$STR warn=\$N";echo "===== WARN ==";cat \$TMPF2|cut -d ';' -f2;echo "=====" ;fi
- 02:29:17 [INFO] Target: 
cat \$TMPF|grep "^4">\$TMPF2; N=\`cat \$TMPF2|wc -l\`; if [ "\$N" -ne 0 ]; the 
n STR="\$STR warn=\$N";echo "===== WARN ==";cat \$TMPF2|cut -d ';' -f2;echo "=== 
==" ;fi
- 02:29:17 [INFO] Host: 
- 02:29:17 [INFO] Target: 
- 02:29:17 [INFO] Host: rm \$TMPF \$TMPF2; echo "SUM""MARY RESULT: BOOT:" 'PASS: H''ello World' 'B''oard' "Booted" "Boot Log has::::\$STR:"
- 02:29:17 [INFO] Target: 
rm \$TMPF \$TMPF2; echo "SUM""MARY RESULT: BOOT:" 'PASS: H''ello World' 'B''oa 
rd' "Booted" "Boot Log has::::\$STR:"
- 02:29:17 [INFO] Host: 
- 02:29:17 [INFO] Target: 
- 02:29:17 [INFO] Host: EOF
- 02:29:17 [INFO] Target: 
root@GenericOMAP36xx(FlattenedDeviceTree):/test# 
- 02:29:17 [INFO] Host: cd /test
- 02:29:17 [INFO] Target: 
cd /test
root@GenericOMAP36xx(FlattenedDeviceTree):/test# 
- 02:29:17 [INFO] Host: chmod +x test.sh
- 02:29:18 [INFO] Target: 
chmod +x test.sh
root@GenericOMAP36xx(FlattenedDeviceTree):/test# 
- 02:29:18 [INFO] Host: ./test.sh 2> stderr.log > stdout.log 3> result.log
- 02:29:23 [INFO] Target: 
./test.sh 2> stderr.log > stdou 
t.log 3> result.log
root@GenericOMAP36xx(FlattenedDeviceTree):/test# 
- 02:29:23 [INFO] Host: echo $?
- 02:29:23 [INFO] Target: 
echo $?
root@GenericOMAP36xx(FlattenedDeviceTree):/test# 
- 02:29:23 [INFO] Host: cd /test
- 02:29:23 [INFO] Target: 
cd /test
root@GenericOMAP36xx(FlattenedDeviceTree):/test# 
- 02:29:23 [INFO] Host: cat stdout.log
- 02:29:26 [INFO] Target: 
cat stdout.log
cpuinfo:
processor	: 0
model name	: ARMv7 Processor rev 2 (v7l)
BogoMIPS	: 297.36
Features	: half thumb fastmult vfp edsp thumbee neon vfpv3 tls vfpd32 
CPU implementer	: 0x41
CPU architecture: 7
CPU variant	: 0x3
CPU part	: 0xc08
CPU revision	: 2
Hardware	: Generic OMAP36xx (Flattened Device Tree)
Revision	: 0000
Serial		: 0000000000000000
=======
soc info:
==> /sys/devices/soc0/family <==
OMAP3
==> /sys/devices/soc0/machine <==
OMAP3630
==> /sys/devices/soc0/power <==
==> /sys/devices/soc0/revision <==
ES1.2
==> /sys/devices/soc0/subsystem <==
==> /sys/devices/soc0/type <==
==> /sys/devices/soc0/uevent <==
=======
DT Model info
==> /proc/device-tree/name <==
==> /proc/device-tree/model <==
TI OMAP3 BeagleBoard xM
==> /proc/device-tree/compatible <==
ti,omap3-beagle-xmti,omap36xxti,omap3
=======
interrupts:
           CPU0       
 23:          0      INTC   7 Edge      TWL4030-PIH
 25:          0      INTC   9 Edge      l3-debug-irq
 26:          0      INTC  10 Edge      l3-app-irq
 28:          0      INTC  12 Edge      DMA
 29:       2655      INTC  13 Edge      omap-dma-engine
 36:          0      INTC  20 Edge      gpmc
 53:       3028      INTC  37 Edge      gp_timer
 72:       1240      INTC  56 Edge      48070000.i2c
 73:          0      INTC  57 Edge      48072000.i2c
 77:          0      INTC  61 Edge      48060000.i2c
 90:       7618      INTC  74 Edge      OMAP UART2
 92:          3      INTC  76 Edge      ohci_hcd:usb1
 93:        298      INTC  77 Edge      ehci_hcd:usb2
 99:       4079      INTC  83 Edge      mmc0
274:        964      PRCM Edge      pm_wkup
283:          0      PRCM Edge      pinctrl, pinctrl, pinctrl, pm_io
306:          0   pinctrl 366 Edge      49020000.serial
307:          0   twl4030   0 Edge      twl4030_gpio
312:          0   twl4030   5 Edge      twl4030_power
318:          0   twl4030  11 Edge      rtc0
345:          0  48310000.gpio   4 Edge      user
IPI0:          0  CPU wakeup interrupts
IPI1:          0  Timer broadcast interrupts
IPI2:          0  Rescheduling interrupts
IPI3:          0  Function call interrupts
IPI4:          0  Single function call interrupts
IPI5:          0  CPU stop interrupts
IPI6:          0  IRQ work interrupts
IPI7:          0  completion interrupts
Err:          0
=======
Clk_summary:
   clock                         enable_cnt  prepare_cnt        rate   accuracy   phase
----------------------------------------------------------------------------------------
 secure_32k_fck                           0            1       32768          0 0  
    wdt1_fck                              0            0       32768          0 0  
    gpt12_fck                             0            1       32768          0 0  
 dummy_ck                                 0            0           0          0 0  
 mcbsp_clks                               0            5           0          0 0  
 sys_altclk                               0            0           0          0 0  
 virt_38_4m_ck                            0            0    38400000          0 0  
 virt_26000000_ck                         1            1    26000000          0 0  
    osc_sys_ck                            1            1    26000000          0 0  
       sys_clkout1                        0            0    26000000          0 0  
       sys_ck                             4           18    13000000          0 0  
          gpt9_fck                        0            1    13000000          0 0  
          gpt8_fck                        0            1    13000000          0 0  
          gpt7_fck                        0            1    13000000          0 0  
          gpt6_fck                        0            1    13000000          0 0  
          gpt5_fck                        0            1    13000000          0 0  
          gpt4_fck                        0            1    13000000          0 0  
          gpt3_fck                        0            1    13000000          0 0  
          gpt2_fck                        0            1    13000000          0 0  
          cpefuse_fck                     0            0    13000000          0 0  
          dpll5_ck                        1            1   120000000          0 0  
             dpll5_m2_ck                  2            2   120000000          0 0  
                dpll5_m2_d20_ck           0            0     6000000          0 0  
                dpll5_m2_d16_ck           0            0     7500000          0 0  
                dpll5_m2_d8_ck            0            0    15000000          0 0  
                dpll5_m2_d4_ck            0            0    30000000          0 0  
                usbhost_120m_fck           1            1   120000000          0 0  
                usbtll_fck                1            1   120000000          0 0  
          sys_d2_ck                       0            0     6500000          0 0  
             usim_fck                     0            0     6500000          0 0  
          modem_fck                       0            0    13000000          0 0  
          dpll2_ck                        0            1   260000000          0 0  
             dpll2_m2_ck                  0            1   260000000          0 0  
                iva2_ck                   0            2   260000000          0 0  
          sr2_fck                         0            1    13000000          0 0  
          sr1_fck                         0            1    13000000          0 0  
          traceclk_src_fck                0            0    13000000          0 0  
             traceclk_fck                 0            0    13000000          0 0  
          emu_src_mux_ck                  0            1    13000000          0 0  
             emu_src_ck                   0            1    13000000          0 0  
                atclk_fck                 0            0    13000000          0 0  
                pclkx2_fck                0            0    13000000          0 0  
                pclk_fck                  0            0     6500000          0 0  
          dss2_alwon_fck                  0            2    13000000          0 0  
          dpll1_ck                        0            1   600000000          0 0  
             dpll1_x2_ck                  0            1  1200000000          0 0  
                dpll1_x2m2_ck             0            1  1200000000          0 0  
                   mpu_ck                 0            1  1200000000          0 0  
                      emu_mpu_alwon_ck           0            0  1200000000          0 0  
                      arm_fck             0            1   600000000          0 0  
          dpll3_ck                        1            1   400000000          0 0  
             dpll3_x2_ck                  0            0   800000000          0 0  
             dpll3_m2_ck                  1            1   400000000          0 0  
                dpll3_m2x2_ck             0            0   800000000          0 0  
                   corex2_fck             0            0   800000000          0 0  
                      ssi_ssr_fck_3430es2           0            0   266666667          0 0  
                         ssi_sst_fck_3430es2           0            0   133333333          0 0  
                      corex2_d5_fck           0            0   160000000          0 0  
                      corex2_d3_fck           0            0   266666666          0 0  
                core_ck                   1            1   400000000          0 0  
                   core_d2_ck             0            0   200000000          0 0  
                      sgx_fck             0            0   200000000          0 0  
                   core_d6_ck             0            0    66666666          0 0  
                   core_d4_ck             0            0   100000000          0 0  
                   core_d3_ck             0            0   133333333          0 0  
                   dpll2_fck              0            0   400000000          0 0  
                   l3_ick                 2            3   200000000          0 0  
                      sgx_ick             0            0   200000000          0 0  
                      mad2d_ick           0            0   200000000          0 0  
                      sad2d_ick           0            1   200000000          0 0  
                      security_l3_ick           0            0   200000000          0 0  
                         pka_ick           0            0   200000000          0 0  
                      core_l3_ick           8           10   200000000          0 0  
                         hsotgusb_ick_3430es2           0            1   200000000          0 0  
                         gpmc_fck           2            2   200000000          0 0  
                         sdrc_ick           1            1   200000000          0 0  
                      l4_ick              6            7   100000000          0 0  
                         usbhost_ick           1            1   100000000          0 0  
                         dss_ick_3430es2           4            6   100000000          0 0  
                         sr_l4_ick           2            2   100000000          0 0  
                         ssi_l4_ick           0            0   100000000          0 0  
                            ssi_ick_3430es2           0            0   100000000          0 0  
                         cam_ick           0            1   100000000          0 0  
                         security_l4_ick2           0            0   100000000          0 0  
                            des1_ick           0            0   100000000          0 0  
                            sha11_ick           0            0   100000000          0 0  
                            rng_ick           0            0   100000000          0 0  
                            aes1_ick           0            0   100000000          0 0  
                         per_l4_ick          14           18   100000000          0 0  
                            mcbsp4_ick           1            1   100000000          0 0  
                            mcbsp3_ick           2            2   100000000          0 0  
                            mcbsp2_ick           2            2   100000000          0 0  
                            gpt2_ick           1            1   100000000          0 0  
                            gpt3_ick           1            1   100000000          0 0  
                            gpt4_ick           1            1   100000000          0 0  
                            gpt5_ick           1            1   100000000          0 0  
                            gpt6_ick           1            1   100000000          0 0  
                            gpt7_ick           1            1   100000000          0 0  
                            gpt8_ick           1            1   100000000          0 0  
                            gpt9_ick           1            1   100000000          0 0  
                            uart4_ick           1            1   100000000          0 0  
                            uart3_ick           1            1   100000000          0 0  
                            wdt3_ick           0            0   100000000          0 0  
                            gpio2_ick           0            1   100000000          0 0  
                            gpio3_ick           0            1   100000000          0 0  
                            gpio4_ick           0            1   100000000          0 0  
                            gpio5_ick           1            1   100000000          0 0  
                            gpio6_ick           0            1   100000000          0 0  
                         core_l4_ick          21           23   100000000          0 0  
                            mmchs3_ick           1            1   100000000          0 0  
                            usbtll_ick           1            1   100000000          0 0  
                            mailboxes_ick           0            1   100000000          0 0  
                            mspro_ick           0            0   100000000          0 0  
                            des2_ick           0            0   100000000          0 0  
                            icr_ick           0            0   100000000          0 0  
                            sha12_ick           1            2   100000000          0 0  
                            aes2_ick           1            2   100000000          0 0  
                            omapctrl_ick           1            1   100000000          0 0  
                            mcbsp1_ick           1            1   100000000          0 0  
                            mcbsp5_ick           1            1   100000000          0 0  
                            gpt10_ick           1            1   100000000          0 0  
                            gpt11_ick           1            1   100000000          0 0  
                            uart1_ick           1            1   100000000          0 0  
                            uart2_ick           1            1   100000000          0 0  
                            i2c1_ick           1            1   100000000          0 0  
                            i2c2_ick           1            1   100000000          0 0  
                            i2c3_ick           1            1   100000000          0 0  
                            mcspi1_ick           1            1   100000000          0 0  
                            mcspi2_ick           1            1   100000000          0 0  
                            mcspi3_ick           1            1   100000000          0 0  
                            mcspi4_ick           1            1   100000000          0 0  
                            hdq_ick           0            1   100000000          0 0  
                            mmchs1_ick           1            1   100000000          0 0  
                            mmchs2_ick           1            1   100000000          0 0  
                         rm_ick           0            0    50000000          0 0  
                   dpll1_fck              0            0   200000000          0 0  
             dpll3_m3_ck                  0            0   200000000          0 0  
                dpll3_m3x2_mul_ck           0            0   400000000          0 0  
                   dpll3_m3x2_ck           0            0   400000000          0 0  
                      emu_core_alwon_ck           0            0   400000000          0 0  
          dpll4_ck                        1            3   864000000          0 0  
             dpll4_x2_ck                  0            0  1728000000          0 0  
             dpll4_m6_ck                  0            0   288000000          0 0  
                dpll4_m6x2_mul_ck           0            0   288000000          0 0  
                   dpll4_m6x2_ck           0            0   288000000          0 0  
                      emu_per_alwon_ck           0            0   288000000          0 0  
             dpll4_m5_ck                  0            0   216000000          0 0  
                dpll4_m5x2_mul_ck           0            0   216000000          0 0  
                   dpll4_m5x2_ck           0            0   216000000          0 0  
                      cam_mclk            0            0   216000000          0 0  
             dpll4_m4_ck                  0            1    96000000          0 0  
                dpll4_m4x2_mul_ck           0            1    96000000          0 0  
                   dpll4_m4x2_ck           0            1    96000000          0 0  
                      dss1_alwon_fck_3430es2           0            4    96000000          0 0  
             dpll4_m3_ck                  0            1    54000000          0 0  
                dpll4_m3x2_mul_ck           0            1    54000000          0 0  
                   dpll4_m3x2_ck           0            1    54000000          0 0  
                      omap_54m_fck           0            1    54000000          0 0  
                         clkout2_src_ck           0            0    54000000          0 0  
                            sys_clkout2           0            0    54000000          0 0  
                         dss_tv_fck           0            2    54000000          0 0  
             dpll4_m2_ck                  1            1    96000000          0 0  
                dpll4_m2x2_mul_ck           1            1    96000000          0 0  
                   dpll4_m2x2_ck           1            1    96000000          0 0  
                      omap_192m_alwon_fck           0            0    96000000          0 0  
                      omap_96m_alwon_fck           1            2    96000000          0 0  
                         per_96m_fck           0            6    96000000          0 0  
                            mcbsp4_fck           0            1    96000000          0 0  
                            mcbsp3_fck           0            2    96000000          0 0  
                            mcbsp2_fck           0            2    96000000          0 0  
                         cm_96m_fck           2            2    96000000          0 0  
                            cm_96m_d2_fck           1            1    48000000          0 0  
                               omap_48m_fck           3            4    48000000          0 0  
                                  usbhost_48m_fck           1            1    48000000          0 0  
                                  per_48m_fck           2            2    48000000          0 0  
                                     uart4_fck           1            1    48000000          0 0  
                                     uart3_fck           1            1    48000000          0 0  
                                  core_48m_fck           2            6    48000000          0 0  
                                     uart1_fck           1            1    48000000          0 0  
                                     uart2_fck           1            1    48000000          0 0  
                                     mcspi1_fck           0            1    48000000          0 0  
                                     mcspi2_fck           0            1    48000000          0 0  
                                     mcspi3_fck           0            1    48000000          0 0  
                                     mcspi4_fck           0            1    48000000          0 0  
                                  omap_12m_fck           0            1    12000000          0 0  
                                     core_12m_fck           0            1    12000000          0 0  
                                        hdq_fck             0            1    12000000          0 0  
                            omap_96m_fck           1            2    96000000          0 0  
                               omap_96m_d10_fck           0            0     9600000          0 0  
                               omap_96m_d8_fck           0            0    12000000          0 0  
                               omap_96m_d4_fck           0            0    24000000          0 0  
                               omap_96m_d2_fck           0            0    48000000          0 0  
                               dss_96m_fck           0            2    96000000          0 0  
                               core_96m_fck           1           10    96000000          0 0  
                                  mcbsp1_fck           0            1    96000000          0 0  
                                  mcbsp5_fck           0            1    96000000          0 0  
                                  mmchs3_fck           0            1    96000000          0 0  
                                  mspro_fck           0            0    96000000          0 0  
                                  csi2_96m_fck           0            0    96000000          0 0  
                                  i2c1_fck           1            1    96000000          0 0  
                                  i2c2_fck           0            1    96000000          0 0  
                                  i2c3_fck           0            1    96000000          0 0  
                                  mmchs1_fck           0            1    96000000          0 0  
                                  mmchs2_fck           0            1    96000000          0 0  
          wkup_l4_ick                     5            5    13000000          0 0  
             usim_ick                     0            0    13000000          0 0  
             gpt1_ick                     1            1    13000000          0 0  
             gpt12_ick                    1            1    13000000          0 0  
             omap_32ksync_ick             1            1    13000000          0 0  
             gpio1_ick                    1            1    13000000          0 0  
             wdt1_ick                     0            0    13000000          0 0  
             wdt2_ick                     1            1    13000000          0 0  
 virt_19200000_ck                         0            0    19200000          0 0  
 virt_13m_ck                              0            0    13000000          0 0  
 virt_12m_ck                              0            0    12000000          0 0  
 omap_32k_fck                             2            8       32768          0 0  
    gpt1_fck                              1            1       32768          0 0  
    gpt11_fck                             0            1       32768          0 0  
    gpt10_fck                             0            1       32768          0 0  
    ts_fck                                0            0       32768          0 0  
    per_32k_alwon_fck                     0            5       32768          0 0  
       wdt3_fck                           0            0       32768          0 0  
       gpio2_dbck                         0            1       32768          0 0  
       gpio3_dbck                         0            1       32768          0 0  
       gpio4_dbck                         0            1       32768          0 0  
       gpio5_dbck                         0            1       32768          0 0  
       gpio6_dbck                         0            1       32768          0 0  
    wkup_32k_fck                          2            3       32768          0 0  
       wdt2_fck                           0            1       32768          0 0  
       gpio1_dbck                         1            2       32768          0 0  
 dummy_apb_pclk                           0            0           0          0 0  
 virt_16_8m_ck                            0            0    16800000          0 0  
=======
Available frequencies
300000 600000 800000 
=======
===== ERR ==
platform 48058000.ssi-controller: Cannot lookup hwmod 'ssi'
of_amba_device_create(): amba_device_add() failed (-19) for /etb@5401b000
of_amba_device_create(): amba_device_add() failed (-19) for /etm@54010000
ehci-omap 48064800.ehci: Can't get PHY device for port 1: -517
leds_pwm pwmleds: unable to request PWM for beagleboard::pmu_stat: -517
omap2_set_init_voltage: unable to find boot up OPP for vdd_mpu_iva
omap2_set_init_voltage: unable to set vdd_mpu_iva
omap2_set_init_voltage: unable to find boot up OPP for vdd_core
omap2_set_init_voltage: unable to set vdd_core
leds_pwm pwmleds: unable to request PWM for beagleboard::pmu_stat: -517
leds_pwm pwmleds: unable to request PWM for beagleboard::pmu_stat: -517
leds_pwm pwmleds: unable to request PWM for beagleboard::pmu_stat: -517
leds_pwm pwmleds: unable to request PWM for beagleboard::pmu_stat: -517
udevd[98]: starting version 182
=====
===== WARN ==
omap_hwmod: mcbsp2_sidetone using broken dt data from mcbsp
omap_hwmod: mcbsp3_sidetone using broken dt data from mcbsp
irq: no irq domain found for /ocp/l4@48000000/scm@2000/pinmux@30 !
gpmc_mem_init: disabling cs 0 mapped at 0x0-0x1000000
hw perfevents: Failed to parse /pmu/interrupt-affinity[0]
twl_rtc 48070000.i2c:twl@48:rtc: Power up reset detected.
mmc0: host does not support reading read-only switch, assuming write-enable
IP-Config: Got DHCP answer from 192.168.1.254, my address is 192.168.1.177
, nameserver1=192.0.2.3
FAT-fs (mmcblk0p1): Volume was not properly unmounted. Some data may be corrupt. Please run fsck.
=====
SUMMARY RESULT: BOOT: PASS: Hello World Board Booted Boot Log has:::: err=14 warn=10:
root@GenericOMAP36xx(FlattenedDeviceTree):/test# 
- 02:29:26 [INFO] Host: cat stderr.log
- 02:29:26 [INFO] Target: 
cat stderr.log
./test.sh: line 33:   594 Killed                  cp /dev/kmsg $TMPF
root@GenericOMAP36xx(FlattenedDeviceTree):/test# 
- 02:29:26 [INFO] Host: cat result.log
- 02:29:28 [ERROR] On command: cat result.log waiting for cat result.log.+?(?m-ix:^1[\0\n\r]+) >>> error: execution expired
- 02:29:28 [INFO] Target: 
cat result.log
root@GenericOMAP36xx(FlattenedDeviceTree):/test# 
- 02:29:28 [INFO] Host: cd /test
- 02:29:28 [INFO] Target: 
cd /test
root@GenericOMAP36xx(FlattenedDeviceTree):/test# 
URL:gtsystest.telogy.design.ti.com/vatf/tidfarm-02.dal.design.ti.com/tidfarm-02.dal.design.ti.com_vatf@2/tidfarm-02.dal.design.ti.com07_13_2015_02_27_00/files/session_iteration_1/test_1
