- 09:36:51 [INFO] Starting target session
- 09:36:51 [INFO] Connected to beagleboard via serial 
- 09:36:51 [INFO] Host: 
- 09:36:52 [INFO] Target: 

root@GenericOMAP36xx(FlattenedDeviceTree):/test# 
- 09:36:52 [INFO] Host: sync;poweroff
- 09:37:13 [INFO] Target: 
sync;poweroff


Broadcast message from root@GenericOMAP36xx(FlattenedDeviceTree) (ttyO2) (Fri
The system is going down for system halt NOW!


INIT: Switching to runlevel: 0root@GenericOMAP36xx(FlattenedDeviceTree):/test#
INIT: Sending processes the TERM signal


INIT: Sending processes the KIStopping Dropbear SSH server: stopped /usr/sbin/dropbear (pid 1424)
dropbear.
Stopping telnet daemon.
Stopping system message bus: Error opening /dev/fb0: No such file or directory
Stopping syslogd/klogd: stopped syslogd (pid 1436)
stopped klogd (pid 1439)
done
Stopping thttpd.
ALSA: Storing mixer settings...
/usr/sbin/alsactl: save_state:1580: No soundcards found...
/etc/rc0.d/K40networking: line 18:  1525 Done                    sed -n 's/^[^ ]* \([^ ]*\) \([^ ]*\) .*$/\1 \2/p' /proc/mounts
      1526 Segmentation fault      | grep -q "^/ smbfs$"
Deconfiguring network interfaces... ifdown: interface eth0 not configured
done.
Stopping Lighttpd Web Server: stopped /usr/sbin/lighttpd (pid 1450)
lighttpd.
***************************************************************
***************************************************************
NOTICE: This file system contains the followin GPLv3 packages:
	binutils-symlinks
	binutils
	gdbserver
	parted

If you do not wish to distribute GPLv3 components please remove
the above packages prior to distribution.  This can be done using
the opkg remove command.  i.e.:
    opkg remove <package>
Where <package> is the name printed in the list above

NOTE: If the package is a dependency of another package you
      will be notified of the dependent packages.  You should
      use the --force-removal-of-dependent-packages option to
      also remove the dependent packages as well
***************************************************************
***************************************************************
Sending all processes the TERM signal...
Sending all processes the KILL signal...
Unmounting remote filesystems...
Deactivating swap...
Unmounting local filesystems...
[ 2206.952972] FAT-fs (mmcblk0p1): error, invalid access to FAT (entry 0x77fffeff)
[ 2206.961120] FAT-fs (mmcblk0p1): Filesystem has been set read-only
[ 2206.967681] grow_buffers: requested out-of-range block 18428729673044197343 for device mmcblk0p1
[ 2206.977142] FAT-fs (mmcblk0p1): unable to read inode block for updating (i_pos -288230410645668358)
[ 2206.986785] FAT-fs (mmcblk0p1): Failed to update on disk inode for unused fallocated blocks, inode could be corrupted. Please run fsck
[ 2209.185943] reboot: System halted

- 09:37:36 [INFO] Disconnected {"type"=>"serial"} from beagleboard
- 09:37:36 [INFO] Host: 
- 09:37:36 [INFO] Target: 
 0 
U-Boot# 
- 09:37:36 [INFO] Host: 
- 09:37:37 [INFO] Target: 

U-Boot# 
- 09:37:37 [INFO] Host: version
- 09:37:38 [INFO] Target: 
version

U-Boot 2014.04-00071-g8543283 (Apr 22 2014 - 15:49:50)
arm-linux-gnueabi-gcc (Ubuntu/Linaro 4.6.3-1ubuntu5) 4.6.3
GNU ld (GNU Binutils for Ubuntu) 2.22
U-Boot# 
- 09:37:38 [INFO] Host: setenv bootargs 'console=ttyO2,115200n8  earlyprintk rootwait '
- 09:37:38 [INFO] Target: 
setenv bootargs 'console=ttyO2,115200n8  earlyprintk rootwait '
U-Boot# 
- 09:37:38 [INFO] Host: setenv bootcmd  ''
- 09:37:39 [INFO] Target: 
setenv bootcmd  ''
U-Boot# 
- 09:37:39 [INFO] Host: setenv autoload 'no'
- 09:37:39 [INFO] Target: 
setenv autoload 'no'
U-Boot# 
- 09:37:39 [INFO] Host: setenv serverip '128.247.105.47'
- 09:37:40 [INFO] Target: 
setenv serverip '128.247.105.47'
U-Boot# 
- 09:37:40 [INFO] Host: printenv
- 09:37:40 [INFO] Target: 
printenv
arch=arm
autoload=no
baudrate=115200
beaglerev=xMC
board=beagle
board_name=beagle
bootargs=console=ttyO2,115200n8  earlyprintk rootwait 
bootcmd=
bootdelay=1
bootdir=/boot
bootenv=uEnv.txt
bootfile=uImage
bootm_size=0x08000000
bootpart=0:2
buddy=none
camera=none
console=ttyO2,115200n8
cpu=armv7
defaultdisplay=dvi
dieid#=409600029ff800000168300f0d00c008
dvimode=640x480MR-16@60
ethact=usb_ether
fdtaddr=0x80f80000
findfdt=if test $beaglerev = AxBx; then setenv fdtfile omap3-beagle.dtb; fi; if test $beaglerev = Cx; then setenv fdtfile omap3-beagle.dtb; fi; if test $beaglerev = C4; then setenv fdtfile omap3-beagle.dtb; fi; if test $beaglerev = xMAB; then setenv fdtfile omap3-beagle-xm.dtb; fi; if test $beaglerev = xMC; then setenv fdtfile omap3-beagle-xm.dtb; fi; if test $fdtfile = undefined; then echo WARNING: Could not determine device tree to use; fi; 
importbootenv=echo Importing environment from mmc ...; env import -t $loadaddr $filesize
loadaddr=0x80200000
loadbootenv=fatload mmc ${mmcdev} ${loadaddr} ${bootenv}
loadfdt=load mmc ${bootpart} ${fdtaddr} ${bootdir}/${fdtfile}
loadimage=load mmc ${bootpart} ${loadaddr} ${bootdir}/${bootfile}
loadramdisk=load mmc ${bootpart} ${rdaddr} ${bootdir}/${ramdisk}
mmcargs=setenv bootargs console=${console} ${optargs} mpurate=${mpurate} buddy=${buddy} camera=${camera} vram=${vram} omapfb.mode=dvi:${dvimode} omapdss.def_disp=${defaultdisplay} root=${mmcroot} rootfstype=${mmcrootfstype}
mmcboot=echo Booting from mmc ...; run mmcargs; bootm ${loadaddr}
mmcbootz=echo Booting with DT from mmc${mmcdev} ...; run mmcargs; bootz ${loadaddr} - ${fdtaddr}
mmcdev=0
mmcroot=/dev/mmcblk0p2 rw
mmcrootfstype=ext3 rootwait
mpurate=auto
nandargs=setenv bootargs console=${console} ${optargs} mpurate=${mpurate} buddy=${buddy} camera=${camera} vram=${vram} omapfb.mode=dvi:${dvimode} omapdss.def_disp=${defaultdisplay} root=${nandroot} rootfstype=${nandrootfstype}
nandboot=echo Booting from nand ...; run nandargs; nand read ${loadaddr} 280000 400000; bootm ${loadaddr}
nandroot=ubi0:rootfs ubi.mtd=4
nandrootfstype=ubifs
ramargs=setenv bootargs console=${console} ${optargs} mpurate=${mpurate} buddy=${buddy} vram=${vram} omapfb.mode=dvi:${dvimode} omapdss.def_disp=${defaultdisplay} root=${ramroot} rootfstype=${ramrootfstype}
ramboot=echo Booting from ramdisk ...; run ramargs; bootm ${loadaddr}
ramdisk=ramdisk.gz
ramroot=/dev/ram0 rw ramdisk_size=65536 initrd=0x81000000,64M
ramrootfstype=ext2
rdaddr=0x81000000
serverip=128.247.105.47
soc=omap3
stderr=serial
stdin=serial
stdout=serial
usbethaddr=02:08:0f:00:02:00
usbtty=cdc_acm
userbutton=if gpio input 173; then run userbutton_xm; else run userbutton_nonxm; fi;
userbutton_nonxm=gpio input 7;
userbutton_xm=gpio input 4;
vendor=ti
ver=U-Boot 2014.04-00071-g8543283 (Apr 22 2014 - 15:49:50)
vram=12M

Environment size: 2927/131068 bytes
U-Boot# 
- 09:37:41 [INFO] Host: dcache off
- 09:37:41 [INFO] Target: 
dcache off
U-Boot# 
- 09:37:41 [INFO] Host: usb start
- 09:37:44 [INFO] Target: 
usb start
(Re)start USB...
USB0:   USB EHCI 1.00
scanning bus 0 for devices... 3 USB Device(s) found
       scanning usb for storage devices... 0 Storage Device(s) found
       scanning usb for ethernet devices... 1 Ethernet Device(s) found
U-Boot# 
- 09:37:44 [INFO] Host: printenv
- 09:37:44 [INFO] Target: 
printenv
arch=arm
autoload=no
baudrate=115200
beaglerev=xMC
board=beagle
board_name=beagle
bootargs=console=ttyO2,115200n8  earlyprintk rootwait 
bootcmd=
bootdelay=1
bootdir=/boot
bootenv=uEnv.txt
bootfile=uImage
bootm_size=0x08000000
bootpart=0:2
buddy=none
camera=none
console=ttyO2,115200n8
cpu=armv7
defaultdisplay=dvi
dieid#=409600029ff800000168300f0d00c008
dvimode=640x480MR-16@60
ethact=usb_ether
fdtaddr=0x80f80000
findfdt=if test $beaglerev = AxBx; then setenv fdtfile omap3-beagle.dtb; fi; if test $beaglerev = Cx; then setenv fdtfile omap3-beagle.dtb; fi; if test $beaglerev = C4; then setenv fdtfile omap3-beagle.dtb; fi; if test $beaglerev = xMAB; then setenv fdtfile omap3-beagle-xm.dtb; fi; if test $beaglerev = xMC; then setenv fdtfile omap3-beagle-xm.dtb; fi; if test $fdtfile = undefined; then echo WARNING: Could not determine device tree to use; fi; 
importbootenv=echo Importing environment from mmc ...; env import -t $loadaddr $filesize
loadaddr=0x80200000
loadbootenv=fatload mmc ${mmcdev} ${loadaddr} ${bootenv}
loadfdt=load mmc ${bootpart} ${fdtaddr} ${bootdir}/${fdtfile}
loadimage=load mmc ${bootpart} ${loadaddr} ${bootdir}/${bootfile}
loadramdisk=load mmc ${bootpart} ${rdaddr} ${bootdir}/${ramdisk}
mmcargs=setenv bootargs console=${console} ${optargs} mpurate=${mpurate} buddy=${buddy} camera=${camera} vram=${vram} omapfb.mode=dvi:${dvimode} omapdss.def_disp=${defaultdisplay} root=${mmcroot} rootfstype=${mmcrootfstype}
mmcboot=echo Booting from mmc ...; run mmcargs; bootm ${loadaddr}
mmcbootz=echo Booting with DT from mmc${mmcdev} ...; run mmcargs; bootz ${loadaddr} - ${fdtaddr}
mmcdev=0
mmcroot=/dev/mmcblk0p2 rw
mmcrootfstype=ext3 rootwait
mpurate=auto
nandargs=setenv bootargs console=${console} ${optargs} mpurate=${mpurate} buddy=${buddy} camera=${camera} vram=${vram} omapfb.mode=dvi:${dvimode} omapdss.def_disp=${defaultdisplay} root=${nandroot} rootfstype=${nandrootfstype}
nandboot=echo Booting from nand ...; run nandargs; nand read ${loadaddr} 280000 400000; bootm ${loadaddr}
nandroot=ubi0:rootfs ubi.mtd=4
nandrootfstype=ubifs
ramargs=setenv bootargs console=${console} ${optargs} mpurate=${mpurate} buddy=${buddy} vram=${vram} omapfb.mode=dvi:${dvimode} omapdss.def_disp=${defaultdisplay} root=${ramroot} rootfstype=${ramrootfstype}
ramboot=echo Booting from ramdisk ...; run ramargs; bootm ${loadaddr}
ramdisk=ramdisk.gz
ramroot=/dev/ram0 rw ramdisk_size=65536 initrd=0x81000000,64M
ramrootfstype=ext2
rdaddr=0x81000000
serverip=128.247.105.47
soc=omap3
stderr=serial
stdin=serial
stdout=serial
usbethaddr=02:08:0f:00:02:00
usbtty=cdc_acm
userbutton=if gpio input 173; then run userbutton_xm; else run userbutton_nonxm; fi;
userbutton_nonxm=gpio input 7;
userbutton_xm=gpio input 4;
vendor=ti
ver=U-Boot 2014.04-00071-g8543283 (Apr 22 2014 - 15:49:50)
vram=12M

Environment size: 2927/131068 bytes
U-Boot# 
- 09:37:44 [INFO] Host: setenv bootargs ''${bootargs}' ip=dhcp '
- 09:37:45 [INFO] Target: 
setenv bootargs ''${bootargs}' ip=dhcp '
U-Boot# 
- 09:37:45 [INFO] Host: setenv ipaddr dhcp
- 09:37:45 [INFO] Target: 
setenv ipaddr dhcp
U-Boot# 
- 09:37:46 [INFO] Host: dhcp
- 09:37:49 [INFO] Target: 
dhcp
ERROR: Need valid 'usbnet_devaddr' to be set
at drivers/usb/gadget/ether.c:2362/usb_eth_init()
Waiting for Ethernet connection... done.
BOOTP broadcast 1
DHCP client bound to address 192.168.1.152
U-Boot# 
- 09:37:49 [INFO] Host: setenv serverip '128.247.105.47'
- 09:37:49 [INFO] Target: 
setenv serverip '128.247.105.47'
U-Boot# 
- 09:37:49 [INFO] Host: printenv
- 09:37:50 [INFO] Target: 
printenv
arch=arm
autoload=no
baudrate=115200
beaglerev=xMC
board=beagle
board_name=beagle
bootargs=console=ttyO2,115200n8  earlyprintk rootwait  ip=dhcp 
bootcmd=
bootdelay=1
bootdir=/boot
bootenv=uEnv.txt
bootfile=uImage
bootm_size=0x08000000
bootpart=0:2
buddy=none
camera=none
console=ttyO2,115200n8
cpu=armv7
defaultdisplay=dvi
dieid#=409600029ff800000168300f0d00c008
dnsip=192.0.2.2
dvimode=640x480MR-16@60
ethact=sms0
fdtaddr=0x80f80000
findfdt=if test $beaglerev = AxBx; then setenv fdtfile omap3-beagle.dtb; fi; if test $beaglerev = Cx; then setenv fdtfile omap3-beagle.dtb; fi; if test $beaglerev = C4; then setenv fdtfile omap3-beagle.dtb; fi; if test $beaglerev = xMAB; then setenv fdtfile omap3-beagle-xm.dtb; fi; if test $beaglerev = xMC; then setenv fdtfile omap3-beagle-xm.dtb; fi; if test $fdtfile = undefined; then echo WARNING: Could not determine device tree to use; fi; 
gatewayip=192.168.1.254
importbootenv=echo Importing environment from mmc ...; env import -t $loadaddr $filesize
ipaddr=192.168.1.152
loadaddr=0x80200000
loadbootenv=fatload mmc ${mmcdev} ${loadaddr} ${bootenv}
loadfdt=load mmc ${bootpart} ${fdtaddr} ${bootdir}/${fdtfile}
loadimage=load mmc ${bootpart} ${loadaddr} ${bootdir}/${bootfile}
loadramdisk=load mmc ${bootpart} ${rdaddr} ${bootdir}/${ramdisk}
mmcargs=setenv bootargs console=${console} ${optargs} mpurate=${mpurate} buddy=${buddy} camera=${camera} vram=${vram} omapfb.mode=dvi:${dvimode} omapdss.def_disp=${defaultdisplay} root=${mmcroot} rootfstype=${mmcrootfstype}
mmcboot=echo Booting from mmc ...; run mmcargs; bootm ${loadaddr}
mmcbootz=echo Booting with DT from mmc${mmcdev} ...; run mmcargs; bootz ${loadaddr} - ${fdtaddr}
mmcdev=0
mmcroot=/dev/mmcblk0p2 rw
mmcrootfstype=ext3 rootwait
mpurate=auto
nandargs=setenv bootargs console=${console} ${optargs} mpurate=${mpurate} buddy=${buddy} camera=${camera} vram=${vram} omapfb.mode=dvi:${dvimode} omapdss.def_disp=${defaultdisplay} root=${nandroot} rootfstype=${nandrootfstype}
nandboot=echo Booting from nand ...; run nandargs; nand read ${loadaddr} 280000 400000; bootm ${loadaddr}
nandroot=ubi0:rootfs ubi.mtd=4
nandrootfstype=ubifs
netmask=255.255.255.0
ramargs=setenv bootargs console=${console} ${optargs} mpurate=${mpurate} buddy=${buddy} vram=${vram} omapfb.mode=dvi:${dvimode} omapdss.def_disp=${defaultdisplay} root=${ramroot} rootfstype=${ramrootfstype}
ramboot=echo Booting from ramdisk ...; run ramargs; bootm ${loadaddr}
ramdisk=ramdisk.gz
ramroot=/dev/ram0 rw ramdisk_size=65536 initrd=0x81000000,64M
ramrootfstype=ext2
rdaddr=0x81000000
serverip=128.247.105.47
soc=omap3
stderr=serial
stdin=serial
stdout=serial
usbethaddr=02:08:0f:00:02:00
usbtty=cdc_acm
userbutton=if gpio input 173; then run userbutton_xm; else run userbutton_nonxm; fi;
userbutton_nonxm=gpio input 7;
userbutton_xm=gpio input 4;
vendor=ti
ver=U-Boot 2014.04-00071-g8543283 (Apr 22 2014 - 15:49:50)
vram=12M

Environment size: 3022/131068 bytes
U-Boot# 
- 09:37:50 [INFO] Host: setenv bootcmd ''${bootcmd}' tftp ${loadaddr} 128.247.105.47:vatf_2/cc4710f5653543cd0db6702582f2b378; '
- 09:37:50 [INFO] Target: 
setenv bootcmd ''${bootcmd}' tftp ${loadaddr} 128.247.105.47:vatf_2/cc4710f5653543cd0db6702582f2b378; '
U-Boot# 
- 09:37:50 [INFO] Host: printenv
- 09:37:51 [INFO] Target: 
printenv
arch=arm
autoload=no
baudrate=115200
beaglerev=xMC
board=beagle
board_name=beagle
bootargs=console=ttyO2,115200n8  earlyprintk rootwait  ip=dhcp 
bootcmd= tftp ${loadaddr} 128.247.105.47:vatf_2/cc4710f5653543cd0db6702582f2b378; 
bootdelay=1
bootdir=/boot
bootenv=uEnv.txt
bootfile=uImage
bootm_size=0x08000000
bootpart=0:2
buddy=none
camera=none
console=ttyO2,115200n8
cpu=armv7
defaultdisplay=dvi
dieid#=409600029ff800000168300f0d00c008
dnsip=192.0.2.2
dvimode=640x480MR-16@60
ethact=sms0
fdtaddr=0x80f80000
findfdt=if test $beaglerev = AxBx; then setenv fdtfile omap3-beagle.dtb; fi; if test $beaglerev = Cx; then setenv fdtfile omap3-beagle.dtb; fi; if test $beaglerev = C4; then setenv fdtfile omap3-beagle.dtb; fi; if test $beaglerev = xMAB; then setenv fdtfile omap3-beagle-xm.dtb; fi; if test $beaglerev = xMC; then setenv fdtfile omap3-beagle-xm.dtb; fi; if test $fdtfile = undefined; then echo WARNING: Could not determine device tree to use; fi; 
gatewayip=192.168.1.254
importbootenv=echo Importing environment from mmc ...; env import -t $loadaddr $filesize
ipaddr=192.168.1.152
loadaddr=0x80200000
loadbootenv=fatload mmc ${mmcdev} ${loadaddr} ${bootenv}
loadfdt=load mmc ${bootpart} ${fdtaddr} ${bootdir}/${fdtfile}
loadimage=load mmc ${bootpart} ${loadaddr} ${bootdir}/${bootfile}
loadramdisk=load mmc ${bootpart} ${rdaddr} ${bootdir}/${ramdisk}
mmcargs=setenv bootargs console=${console} ${optargs} mpurate=${mpurate} buddy=${buddy} camera=${camera} vram=${vram} omapfb.mode=dvi:${dvimode} omapdss.def_disp=${defaultdisplay} root=${mmcroot} rootfstype=${mmcrootfstype}
mmcboot=echo Booting from mmc ...; run mmcargs; bootm ${loadaddr}
mmcbootz=echo Booting with DT from mmc${mmcdev} ...; run mmcargs; bootz ${loadaddr} - ${fdtaddr}
mmcdev=0
mmcroot=/dev/mmcblk0p2 rw
mmcrootfstype=ext3 rootwait
mpurate=auto
nandargs=setenv bootargs console=${console} ${optargs} mpurate=${mpurate} buddy=${buddy} camera=${camera} vram=${vram} omapfb.mode=dvi:${dvimode} omapdss.def_disp=${defaultdisplay} root=${nandroot} rootfstype=${nandrootfstype}
nandboot=echo Booting from nand ...; run nandargs; nand read ${loadaddr} 280000 400000; bootm ${loadaddr}
nandroot=ubi0:rootfs ubi.mtd=4
nandrootfstype=ubifs
netmask=255.255.255.0
ramargs=setenv bootargs console=${console} ${optargs} mpurate=${mpurate} buddy=${buddy} vram=${vram} omapfb.mode=dvi:${dvimode} omapdss.def_disp=${defaultdisplay} root=${ramroot} rootfstype=${ramrootfstype}
ramboot=echo Booting from ramdisk ...; run ramargs; bootm ${loadaddr}
ramdisk=ramdisk.gz
ramroot=/dev/ram0 rw ramdisk_size=65536 initrd=0x81000000,64M
ramrootfstype=ext2
rdaddr=0x81000000
serverip=128.247.105.47
soc=omap3
stderr=serial
stdin=serial
stdout=serial
usbethaddr=02:08:0f:00:02:00
usbtty=cdc_acm
userbutton=if gpio input 173; then run userbutton_xm; else run userbutton_nonxm; fi;
userbutton_nonxm=gpio input 7;
userbutton_xm=gpio input 4;
vendor=ti
ver=U-Boot 2014.04-00071-g8543283 (Apr 22 2014 - 15:49:50)
vram=12M

Environment size: 3096/131068 bytes
U-Boot# 
- 09:37:51 [INFO] Host: setenv bootcmd ''${bootcmd}' tftp ${fdtaddr} 128.247.105.47:vatf_2/599bd72f301688af84301ff07db10e0c; '
- 09:37:52 [INFO] Target: 
setenv bootcmd ''${bootcmd}' tftp ${fdtaddr} 128.247.105.47:vatf_2/599bd72f301688af84301ff07db10e0c; '
U-Boot# 
- 09:37:52 [INFO] Host: printenv
- 09:37:52 [INFO] Target: 
printenv
arch=arm
autoload=no
baudrate=115200
beaglerev=xMC
board=beagle
board_name=beagle
bootargs=console=ttyO2,115200n8  earlyprintk rootwait  ip=dhcp 
bootcmd= tftp ${loadaddr} 128.247.105.47:vatf_2/cc4710f5653543cd0db6702582f2b378;  tftp ${fdtaddr} 128.247.105.47:vatf_2/599bd72f301688af84301ff07db10e0c; 
bootdelay=1
bootdir=/boot
bootenv=uEnv.txt
bootfile=uImage
bootm_size=0x08000000
bootpart=0:2
buddy=none
camera=none
console=ttyO2,115200n8
cpu=armv7
defaultdisplay=dvi
dieid#=409600029ff800000168300f0d00c008
dnsip=192.0.2.2
dvimode=640x480MR-16@60
ethact=sms0
fdtaddr=0x80f80000
findfdt=if test $beaglerev = AxBx; then setenv fdtfile omap3-beagle.dtb; fi; if test $beaglerev = Cx; then setenv fdtfile omap3-beagle.dtb; fi; if test $beaglerev = C4; then setenv fdtfile omap3-beagle.dtb; fi; if test $beaglerev = xMAB; then setenv fdtfile omap3-beagle-xm.dtb; fi; if test $beaglerev = xMC; then setenv fdtfile omap3-beagle-xm.dtb; fi; if test $fdtfile = undefined; then echo WARNING: Could not determine device tree to use; fi; 
gatewayip=192.168.1.254
importbootenv=echo Importing environment from mmc ...; env import -t $loadaddr $filesize
ipaddr=192.168.1.152
loadaddr=0x80200000
loadbootenv=fatload mmc ${mmcdev} ${loadaddr} ${bootenv}
loadfdt=load mmc ${bootpart} ${fdtaddr} ${bootdir}/${fdtfile}
loadimage=load mmc ${bootpart} ${loadaddr} ${bootdir}/${bootfile}
loadramdisk=load mmc ${bootpart} ${rdaddr} ${bootdir}/${ramdisk}
mmcargs=setenv bootargs console=${console} ${optargs} mpurate=${mpurate} buddy=${buddy} camera=${camera} vram=${vram} omapfb.mode=dvi:${dvimode} omapdss.def_disp=${defaultdisplay} root=${mmcroot} rootfstype=${mmcrootfstype}
mmcboot=echo Booting from mmc ...; run mmcargs; bootm ${loadaddr}
mmcbootz=echo Booting with DT from mmc${mmcdev} ...; run mmcargs; bootz ${loadaddr} - ${fdtaddr}
mmcdev=0
mmcroot=/dev/mmcblk0p2 rw
mmcrootfstype=ext3 rootwait
mpurate=auto
nandargs=setenv bootargs console=${console} ${optargs} mpurate=${mpurate} buddy=${buddy} camera=${camera} vram=${vram} omapfb.mode=dvi:${dvimode} omapdss.def_disp=${defaultdisplay} root=${nandroot} rootfstype=${nandrootfstype}
nandboot=echo Booting from nand ...; run nandargs; nand read ${loadaddr} 280000 400000; bootm ${loadaddr}
nandroot=ubi0:rootfs ubi.mtd=4
nandrootfstype=ubifs
netmask=255.255.255.0
ramargs=setenv bootargs console=${console} ${optargs} mpurate=${mpurate} buddy=${buddy} vram=${vram} omapfb.mode=dvi:${dvimode} omapdss.def_disp=${defaultdisplay} root=${ramroot} rootfstype=${ramrootfstype}
ramboot=echo Booting from ramdisk ...; run ramargs; bootm ${loadaddr}
ramdisk=ramdisk.gz
ramroot=/dev/ram0 rw ramdisk_size=65536 initrd=0x81000000,64M
ramrootfstype=ext2
rdaddr=0x81000000
serverip=128.247.105.47
soc=omap3
stderr=serial
stdin=serial
stdout=serial
usbethaddr=02:08:0f:00:02:00
usbtty=cdc_acm
userbutton=if gpio input 173; then run userbutton_xm; else run userbutton_nonxm; fi;
userbutton_nonxm=gpio input 7;
userbutton_xm=gpio input 4;
vendor=ti
ver=U-Boot 2014.04-00071-g8543283 (Apr 22 2014 - 15:49:50)
vram=12M

Environment size: 3169/131068 bytes
U-Boot# 
- 09:37:52 [INFO] Host: setenv bootargs ''${bootargs}' root=/dev/mmcblk0p2 rw rootfstype=ext3 rootwait '
- 09:37:53 [INFO] Target: 
setenv bootargs ''${bootargs}' root=/dev/mmcblk0p2 rw rootfstype=ext3 rootwait '
U-Boot# 
- 09:37:53 [INFO] Host: printenv
- 09:37:53 [INFO] Target: 
printenv
arch=arm
autoload=no
baudrate=115200
beaglerev=xMC
board=beagle
board_name=beagle
bootargs=console=ttyO2,115200n8  earlyprintk rootwait  ip=dhcp  root=/dev/mmcblk0p2 rw rootfstype=ext3 rootwait 
bootcmd= tftp ${loadaddr} 128.247.105.47:vatf_2/cc4710f5653543cd0db6702582f2b378;  tftp ${fdtaddr} 128.247.105.47:vatf_2/599bd72f301688af84301ff07db10e0c; 
bootdelay=1
bootdir=/boot
bootenv=uEnv.txt
bootfile=uImage
bootm_size=0x08000000
bootpart=0:2
buddy=none
camera=none
console=ttyO2,115200n8
cpu=armv7
defaultdisplay=dvi
dieid#=409600029ff800000168300f0d00c008
dnsip=192.0.2.2
dvimode=640x480MR-16@60
ethact=sms0
fdtaddr=0x80f80000
findfdt=if test $beaglerev = AxBx; then setenv fdtfile omap3-beagle.dtb; fi; if test $beaglerev = Cx; then setenv fdtfile omap3-beagle.dtb; fi; if test $beaglerev = C4; then setenv fdtfile omap3-beagle.dtb; fi; if test $beaglerev = xMAB; then setenv fdtfile omap3-beagle-xm.dtb; fi; if test $beaglerev = xMC; then setenv fdtfile omap3-beagle-xm.dtb; fi; if test $fdtfile = undefined; then echo WARNING: Could not determine device tree to use; fi; 
gatewayip=192.168.1.254
importbootenv=echo Importing environment from mmc ...; env import -t $loadaddr $filesize
ipaddr=192.168.1.152
loadaddr=0x80200000
loadbootenv=fatload mmc ${mmcdev} ${loadaddr} ${bootenv}
loadfdt=load mmc ${bootpart} ${fdtaddr} ${bootdir}/${fdtfile}
loadimage=load mmc ${bootpart} ${loadaddr} ${bootdir}/${bootfile}
loadramdisk=load mmc ${bootpart} ${rdaddr} ${bootdir}/${ramdisk}
mmcargs=setenv bootargs console=${console} ${optargs} mpurate=${mpurate} buddy=${buddy} camera=${camera} vram=${vram} omapfb.mode=dvi:${dvimode} omapdss.def_disp=${defaultdisplay} root=${mmcroot} rootfstype=${mmcrootfstype}
mmcboot=echo Booting from mmc ...; run mmcargs; bootm ${loadaddr}
mmcbootz=echo Booting with DT from mmc${mmcdev} ...; run mmcargs; bootz ${loadaddr} - ${fdtaddr}
mmcdev=0
mmcroot=/dev/mmcblk0p2 rw
mmcrootfstype=ext3 rootwait
mpurate=auto
nandargs=setenv bootargs console=${console} ${optargs} mpurate=${mpurate} buddy=${buddy} camera=${camera} vram=${vram} omapfb.mode=dvi:${dvimode} omapdss.def_disp=${defaultdisplay} root=${nandroot} rootfstype=${nandrootfstype}
nandboot=echo Booting from nand ...; run nandargs; nand read ${loadaddr} 280000 400000; bootm ${loadaddr}
nandroot=ubi0:rootfs ubi.mtd=4
nandrootfstype=ubifs
netmask=255.255.255.0
ramargs=setenv bootargs console=${console} ${optargs} mpurate=${mpurate} buddy=${buddy} vram=${vram} omapfb.mode=dvi:${dvimode} omapdss.def_disp=${defaultdisplay} root=${ramroot} rootfstype=${ramrootfstype}
ramboot=echo Booting from ramdisk ...; run ramargs; bootm ${loadaddr}
ramdisk=ramdisk.gz
ramroot=/dev/ram0 rw ramdisk_size=65536 initrd=0x81000000,64M
ramrootfstype=ext2
rdaddr=0x81000000
serverip=128.247.105.47
soc=omap3
stderr=serial
stdin=serial
stdout=serial
usbethaddr=02:08:0f:00:02:00
usbtty=cdc_acm
userbutton=if gpio input 173; then run userbutton_xm; else run userbutton_nonxm; fi;
userbutton_nonxm=gpio input 7;
userbutton_xm=gpio input 4;
vendor=ti
ver=U-Boot 2014.04-00071-g8543283 (Apr 22 2014 - 15:49:50)
vram=12M

Environment size: 3218/131068 bytes
U-Boot# 
- 09:37:53 [INFO] Host: setenv bootcmd ''${bootcmd}' if iminfo ${loadaddr}; then bootm ${loadaddr} - ${fdtaddr}; else bootz ${loadaddr} - ${fdtaddr}; bootm ${loadaddr} - ${fdtaddr}; fi'
- 09:37:54 [INFO] Target: 
setenv bootcmd ''${bootcmd}' if iminfo ${loadaddr}; then bootm ${loadaddr} - ${fdtaddr}; else bootz ${loadaddr} - ${fdtaddr}; bootm ${loadaddr} - ${fdtaddr}; fi'
U-Boot# 
- 09:37:54 [INFO] Host: bdinfo
- 09:37:55 [INFO] Target: 
bdinfo
arch_number = 0x0000060A
boot_params = 0x80000100
DRAM bank   = 0x00000000
-> start    = 0x80000000
-> size     = 0x10000000
DRAM bank   = 0x00000001
-> start    = 0x90000000
-> size     = 0x10000000
eth0name    = usb_ether
ethaddr     = (not set)
eth1name    = sms0
eth1addr    = (not set)
current eth = sms0
ip_addr     = 192.168.1.152
baudrate    = 115200 bps
TLB addr    = 0x9FFF0000
relocaddr   = 0x9FF51000
reloc off   = 0x1FE51000
irq_sp      = 0x9FE30ED0
sp start    = 0x9FE30EC0
U-Boot# 
- 09:37:55 [INFO] Host: boot
- 09:40:25 [ERROR] On command: boot waiting for (?-mix:.*\s+login) >>> error: execution expired
- 09:40:25 [INFO] Target: 
boot
Waiting for Ethernet connection... done.
Using sms0 device
TFTP from server 128.247.105.47; our IP address is 192.168.1.152; sending through gateway 192.168.1.254
Filename 'vatf_2/cc4710f5653543cd0db6702582f2b378'.
Load address: 0x80200000
Loading: *T #################################################################
	 #################################################################
	 #################################################################
	 #################################################################
	 ###########################################################
	 264.6 KiB/s
done
Bytes transferred = 4675824 (4758f0 hex)
Waiting for Ethernet connection... done.
Using sms0 device
TFTP from server 128.247.105.47; our IP address is 192.168.1.152; sending through gateway 192.168.1.254
Filename 'vatf_2/599bd72f301688af84301ff07db10e0c'.
Load address: 0x80f80000
Loading: *##T ####
	 11.7 KiB/s
done
Bytes transferred = 60981 (ee35 hex)

## Checking Image at 80200000 ...
Unknown image format!
Kernel image @ 0x80200000 [ 0x000000 - 0x4758f0 ]
## Flattened Device Tree blob at 80f80000
   Booting using the fdt blob at 0x80f80000
   Loading Device Tree to 87fee000, end 87fffe34 ... OK

Starting kernel ...

[    0.000000] Booting Linux on physical CPU 0x0
[    0.000000] Linux version 3.15.0-rc5-next-20140516-00002-g2a6ef3e (nmenon@kahuna) (gcc version 4.6.3 (Ubuntu/Linaro 4.6.3-1ubuntu5) ) #1 SMP Fri May 16 09:33:00 CDT 2014
[    0.000000] CPU: ARMv7 Processor [413fc082] revision 2 (ARMv7), cr=10c5387d
[    0.000000] CPU: PIPT / VIPT nonaliasing data cache, VIPT aliasing instruction cache
[    0.000000] Machine model: TI OMAP3 BeagleBoard xM
[    0.000000] cma: CMA: reserved 64 MiB at 9b800000
[    0.000000] Memory policy: Data cache writeback
[    0.000000] CPU: All CPU(s) started in SVC mode.
[    0.000000] OMAP3630 ES1.2 (l2cache iva sgx neon isp 192mhz_clk )
[    0.000000] PERCPU: Embedded 7 pages/cpu @dfa99000 s7744 r8192 d12736 u32768
[    0.000000] Built 1 zonelists in Zone order, mobility grouping on.  Total pages: 129792
[    0.000000] Kernel command line: console=ttyO2,115200n8  earlyprintk rootwait  ip=dhcp  root=/dev/mmcblk0p2 rw rootfstype=ext3 rootwait 
[    0.000000] PID hash table entries: 2048 (order: 1, 8192 bytes)
[    0.000000] Dentry cache hash table entries: 65536 (order: 6, 262144 bytes)
[    0.000000] Inode-cache hash table entries: 32768 (order: 5, 131072 bytes)
[    0.000000] Memory: 442632K/523264K available (6094K kernel code, 774K rwdata, 2404K rodata, 559K init, 289K bss, 80632K reserved, 0K highmem)
[    0.000000] Virtual kernel memory layout:
[    0.000000]     vector  : 0xffff0000 - 0xffff1000   (   4 kB)
[    0.000000]     fixmap  : 0xffc00000 - 0xffe00000   (2048 kB)
[    0.000000]     vmalloc : 0xe0800000 - 0xff000000   ( 488 MB)
[    0.000000]     lowmem  : 0xc0000000 - 0xe0000000   ( 512 MB)
[    0.000000]     pkmap   : 0xbfe00000 - 0xc0000000   (   2 MB)
[    0.000000]     modules : 0xbf000000 - 0xbfe00000   (  14 MB)
[    0.000000]       .text : 0xc0208000 - 0xc0a54c48   (8500 kB)
[    0.000000]       .init : 0xc0a55000 - 0xc0ae0e40   ( 560 kB)
[    0.000000]       .data : 0xc0ae2000 - 0xc0ba3ba0   ( 775 kB)
[    0.000000]        .bss : 0xc0ba3ba8 - 0xc0bec308   ( 290 kB)
[    0.000000] SLUB: HWalign=64, Order=0-3, MinObjects=0, CPUs=1, Nodes=1
[    0.000000] Hierarchical RCU implementation.
[    0.000000] 	RCU restricting CPUs from NR_CPUS=4 to nr_cpu_ids=1.
[    0.000000] RCU: Adjusting geometry for rcu_fanout_leaf=16, nr_cpu_ids=1
[    0.000000] NR_IRQS:16 nr_irqs:16 16
[    0.000000] IRQ: Found an INTC at 0xfa200000 (revision 4.0) with 96 interrupts
[    0.000000] Total of 96 interrupts on 1 active controller
[    0.000000] Clocking rate (Crystal/Core/MPU): 26.0/400/600 MHz
[    0.000000] OMAP clockevent source: timer1 at 32768 Hz
[    0.000000] sched_clock: 32 bits at 32kHz, resolution 30517ns, wraps every 65536000000000ns
[    0.000030] OMAP clocksource: 32k_counter at 32768 Hz
[    0.000213] Console: colour dummy device 80x30
[    0.000244] Calibrating delay loop... 597.60 BogoMIPS (lpj=2988032)
[    0.119018] pid_max: default: 32768 minimum: 301
[    0.119201] Mount-cache hash table entries: 1024 (order: 0, 4096 bytes)
[    0.119232] Mountpoint-cache hash table entries: 1024 (order: 0, 4096 bytes)
[    0.119934] CPU: Testing write buffer coherency: ok
[    0.120239] CPU0: thread -1, cpu 0, socket -1, mpidr 0
[    0.120330] Setting up static identity map for 0x807c2950 - 0x807c29e8
[    0.124694] Brought up 1 CPUs
[    0.124725] SMP: Total of 1 processors activated.
[    0.124725] CPU: All CPU(s) started in SVC mode.
[    0.125366] devtmpfs: initialized
[    0.129272] VFP support v0.3: implementor 41 architecture 3 part 30 variant c rev 3
[    0.149383] omap_hwmod: mcbsp2_sidetone using broken dt data from mcbsp
[    0.149993] omap_hwmod: mcbsp3_sidetone using broken dt data from mcbsp
[    0.182525] omap_hwmod: mcbsp2: cannot be enabled for reset (3)
[    0.224212] pinctrl core: initialized pinctrl subsystem
[    0.224853] regulator-dummy: no parameters
[    0.256713] NET: Registered protocol family 16
[    0.259826] DMA: preallocated 256 KiB pool for atomic coherent allocations
[    0.262634] cpuidle: using governor ladder
[    0.262664] cpuidle: using governor menu
[    0.271911] Reprogramming SDRC clock to 400000000 Hz
[    0.276611] omap_gpio 48310000.gpio: could not find pctldev for node /ocp/pinmux@48002a00/pinmux_gpio1_pins, deferring probe
[    0.276641] platform 48310000.gpio: Driver omap_gpio requests probe deferral
[    0.277587] OMAP GPIO hardware version 2.5
[    0.286621] platform 49022000.mcbsp: alias fck already exists
[    0.292358] omap-gpmc 6e000000.gpmc: GPMC revision 5.0
[    0.297546] No ATAGs?
[    0.298736] OMAP DMA hardware revision 5.0
[    0.301666] Serial: AMBA PL011 UART driver
[    0.319885] edma-dma-engine edma-dma-engine.0: Can't allocate PaRAM dummy slot
[    0.319915] edma-dma-engine: probe of edma-dma-engine.0 failed with error -5
[    0.337097] omap-dma-engine 48056000.dma-controller: OMAP DMA engine driver
[    0.337890] platform hsusb2_power_reg.7: Driver reg-fixed-voltage requests probe deferral
[    0.341613] vgaarb: loaded
[    0.342468] SCSI subsystem initialized
[    0.343200] usbcore: registered new interface driver usbfs
[    0.343292] usbcore: registered new interface driver hub
[    0.343475] usbcore: registered new device driver usb
[    0.344085] platform hsusb2_phy.8: Driver usb_phy_generic requests probe deferral
[    0.346069] omap_i2c 48070000.i2c: bus 0 rev4.4 at 2600 kHz
[    0.346679] omap_i2c 48072000.i2c: bus 1 rev4.4 at 400 kHz
[    0.347198] omap_i2c 48060000.i2c: bus 2 rev4.4 at 100 kHz
[    0.347839] Linux video capture interface: v2.00
[    0.347900] pps_core: LinuxPPS API ver. 1 registered
[    0.347930] pps_core: Software ver. 5.3.6 - Copyright 2005-2007 Rodolfo Giometti <giometti@linux.it>
[    0.347961] PTP clock support registered
[    0.348083] EDAC MC: Ver: 3.0.0
[    0.349365] Advanced Linux Sound Architecture Driver Initialized.
[    0.351013] Switched to clocksource 32k_counter
[    0.366821] NET: Registered protocol family 2
[    0.367492] TCP established hash table entries: 4096 (order: 2, 16384 bytes)
[    0.367584] TCP bind hash table entries: 4096 (order: 3, 32768 bytes)
[    0.367675] TCP: Hash tables configured (established 4096 bind 4096)
[    0.367736] TCP: reno registered
[    0.367767] UDP hash table entries: 256 (order: 1, 8192 bytes)
[    0.367797] UDP-Lite hash table entries: 256 (order: 1, 8192 bytes)
[    0.368011] NET: Registered protocol family 1
[    0.368438] RPC: Registered named UNIX socket transport module.
[    0.368438] RPC: Registered udp transport module.
[    0.368469] RPC: Registered tcp transport module.
[    0.368469] RPC: Registered tcp NFSv4.1 backchannel transport module.
[    0.373809] futex hash table entries: 256 (order: 2, 16384 bytes)
[    0.391204] squashfs: version 4.0 (2009/01/31) Phillip Lougher
[    0.392364] NFS: Registering the id_resolver key type
[    0.392425] Key type id_resolver registered
[    0.392456] Key type id_legacy registered
[    0.392517] msgmni has been set to 992
[    0.393463] Block layer SCSI generic (bsg) driver version 0.4 loaded (major 249)
[    0.393493] io scheduler noop registered
[    0.393493] io scheduler deadline registered
[    0.393798] io scheduler cfq registered (default)
[    0.396392] pinctrl-single 48002030.pinmux: 284 pins at pa fa002030 size 568
[    0.396697] pinctrl-single 48002a00.pinmux: 46 pins at pa fa002a00 size 92
[    0.397338] pinctrl-single 480025a0.pinmux: 46 pins at pa fa0025a0 size 92
[    0.491882] Serial: 8250/16550 driver, 4 ports, IRQ sharing disabled
[    0.494323] Serial: IMX driver
[    0.494934] msm_serial: driver initialized
[    0.495758] omap_uart 4806a000.serial: no wakeirq for uart0
[    0.495971] 4806a000.serial: ttyO0 at MMIO 0x4806a000 (irq = 88, base_baud = 3000000) is a OMAP UART0
[    0.496612] omap_uart 4806c000.serial: no wakeirq for uart0
[    0.496765] 4806c000.serial: ttyO1 at MMIO 0x4806c000 (irq = 89, base_baud = 3000000) is a OMAP UART1
[    0.497375] omap_uart 49020000.serial: no wakeirq for uart0
[    0.497528] 49020000.serial: ttyO2 at MMIO 0x49020000 (irq = 90, base_baud = 3000000) is a OMAP UART2
[    1.246978] console [ttyO2] enabled
[    1.251464] omap_uart 49042000.serial: no wakeirq for uart0
[    1.257446] 49042000.serial: ttyO3 at MMIO 0x49042000 (irq = 96, base_baud = 3000000) is a OMAP UART3
[    1.267700] STMicroelectronics ASC driver initialized
[    1.274291] serial: Freescale lpuart driver
[    1.278961] [drm] Initialized drm 1.1.0 20060810
[    1.292022] loop: module loaded
[    1.302368] twl 0-0048: PIH (irq 23) chaining IRQs 306..314
[    1.308349] twl 0-0048: power (irq 311) chaining IRQs 314..321
[    1.318359] VAUX1: at 3000 mV 
[    1.323913] usb_1v8: 1800 mV 
[    1.328308] VAUX3: at 2800 mV 
[    1.332855] VAUX4: at 2800 mV 
[    1.337310] VDD1: 600 <--> 1450 mV at 1200 mV 
[    1.343444] VDAC: 1800 mV 
[    1.349243] VIO: at 1800 mV 
[    1.354125] VINTANA1: 1500 mV 
[    1.359161] VINTANA2: at 2750 mV 
[    1.364532] VINTDIG: 1500 mV 
[    1.368652] VMMC1: 1850 <--> 3150 mV at 3150 mV 
[    1.374847] VMMC2: 1850 <--> 3150 mV at 2600 mV 
[    1.380798] VUSB1V5: 1500 mV 
[    1.384826] VUSB1V8: 1800 mV 
[    1.388824] VUSB3V1: 3100 mV 
[    1.393829] VPLL1: at 1800 mV 
[    1.398437] VPLL2: 1800 mV 
[    1.402709] VSIM: 1800 <--> 3000 mV at 1800 mV 
[    1.408569] twl4030_gpio twl4030-gpio: gpio (irq 306) chaining IRQs 322..339
[    1.429504] pegasus: v0.9.3 (2013/04/25), Pegasus/Pegasus II USB Ethernet driver
[    1.437438] usbcore: registered new interface driver pegasus
[    1.443511] usbcore: registered new interface driver asix
[    1.449218] usbcore: registered new interface driver ax88179_178a
[    1.455718] usbcore: registered new interface driver cdc_ether
[    1.461944] usbcore: registered new interface driver smsc75xx
[    1.468078] usbcore: registered new interface driver smsc95xx
[    1.474212] usbcore: registered new interface driver net1080
[    1.480194] usbcore: registered new interface driver cdc_subset
[    1.486511] usbcore: registered new interface driver zaurus
[    1.492492] usbcore: registered new interface driver cdc_ncm
[    1.498474] ehci_hcd: USB 2.0 'Enhanced' Host Controller (EHCI) Driver
[    1.505340] ehci-pci: EHCI PCI platform driver
[    1.510070] ehci-platform: EHCI generic platform driver
[    1.515991] ehci-omap: OMAP-EHCI Host Controller driver
[    1.521911] ehci-omap 48064800.ehci: Can't get PHY device for port 1: -517
[    1.529144] platform 48064800.ehci: Driver ehci-omap requests probe deferral
[    1.536682] ehci-orion: EHCI orion driver
[    1.541229] SPEAr-ehci: EHCI SPEAr driver
[    1.545684] tegra-ehci: Tegra EHCI driver
[    1.550933] usbcore: registered new interface driver usb-storage
[    1.560455] mousedev: PS/2 mouse device common for all mice
[    1.569885] twl_rtc rtc.13: Power up reset detected.
[    1.575286] twl_rtc rtc.13: Enabling TWL-RTC
[    1.582000] twl_rtc rtc.13: rtc core: registered rtc.13 as rtc0
[    1.589630] i2c /dev entries driver
[    1.595550] usbcore: registered new interface driver uvcvideo
[    1.601623] USB Video Class driver (1.1.1)
[    1.605926] gspca_main: v2.14.0 registered
[    1.619201] sdhci: Secure Digital Host Controller Interface driver
[    1.625732] sdhci: Copyright(c) Pierre Ossman
[    1.635131] omap_hsmmc 4809c000.mmc: pins are not configured from the driver
[    1.682281] sdhci-pltfm: SDHCI platform and OF driver helper
[    1.689666] usbcore: registered new interface driver usbhid
[    1.695556] usbhid: USB HID core driver
[    1.706756] TCP: cubic registered
[    1.710235] NET: Registered protocol family 17
[    1.715393] Key type dns_resolver registered
[    1.721618] ThumbEE CPU extension supported.
[    1.726135] Registering SWP/SWPB emulation handler
[    1.732360] VPLL2: disabling
[    1.738739] VUSB3V1: disabling
[    1.743072] VDAC: disabling
[    1.746734] VAUX3: disabling
[    1.755737] hsusb2_vbus: 3300 mV 
[    1.839294] mmc0: host does not support reading read-only switch. assuming write-enable.
[    1.850402] mmc0: new high speed SDHC card at address 1234
[    1.856750] ehci-omap 48064800.ehci: EHCI Host Controller
[    1.862487] ehci-omap 48064800.ehci: new USB bus registered, assigned bus number 1
[    1.870666] mmcblk0: mmc0:1234 SA04G 3.63 GiB 
[    1.876495] ehci-omap 48064800.ehci: irq 93, io mem 0x48064800
[    1.882812]  mmcblk0: p1 p2
[    1.901214] ehci-omap 48064800.ehci: USB 2.0 started, EHCI 1.00
[    1.908691] hub 1-0:1.0: USB hub found
[    1.912750] hub 1-0:1.0: 3 ports detected
[    1.919219] input: gpio_keys.6 as /devices/gpio_keys.6/input/input0
[    1.927246] twl_rtc rtc.13: setting system clock to 2000-01-01 00:00:00 UTC (946684800)
[    2.231353] usb 1-2: new high-speed USB device number 2 using ehci-omap
[    2.383117] hub 1-2:1.0: USB hub found
[    2.387145] hub 1-2:1.0: 5 ports detected
[    2.671508] usb 1-2.1: new high-speed USB device number 3 using ehci-omap
[    2.805145] smsc95xx v1.0.4
[    2.880157] smsc95xx 1-2.1:1.0 eth0: register 'smsc95xx' at usb-48064800.ehci-2.1, smsc95xx USB 2.0 Ethernet, 82:d2:47:46:21:eb
[    3.016693] smsc95xx 1-2.1:1.0 eth0: hardware isn't capable of remote wakeup
[    4.730041] smsc95xx 1-2.1:1.0 eth0: link up, 100Mbps, full-duplex, lpa 0xC5E1
[    4.761169] Sending DHCP requests .., OK
[    8.091674] IP-Config: Got DHCP answer from 192.168.1.254, my address is 192.168.1.151
[    8.100128] IP-Config: Complete:
[    8.103576]      device=eth0, hwaddr=82:d2:47:46:21:eb, ipaddr=192.168.1.151, mask=255.255.255.0, gw=192.168.1.254
[    8.114440]      host=192.168.1.151, domain=ti.com, nis-domain=(none)
[    8.121215]      bootserver=192.168.1.254, rootserver=192.168.1.254, rootpath=
[    8.128601]      nameserver0=192.0.2.2, nameserver1=192.0.2.3
[    8.135314] ALSA device list:
[    8.138427]   No soundcards found.
[    8.145507] EXT4-fs (mmcblk0p2): mounting ext3 file system using the ext4 subsystem
[    8.177307] EXT4-fs (mmcblk0p2): mounted filesystem with ordered data mode. Opts: (null)
[    8.185913] VFS: Mounted root (ext3 filesystem) on device 179:2.
[    8.203338] devtmpfs: mounted
[    8.207336] Freeing unused kernel memory: 556K (c0a55000 - c0ae0000)

INIT: version 2.88 booting

Error opening /dev/fb0: No such file or directory
/dev/ttyO2 linked to /dev/tty-bd - using as console
Starting udev
[    9.073699] udevd[92]: starting version 182
[   22.506286] random: nonblocking pool is initialized

