- 06:48:56 [INFO] Starting target session
- 06:48:57 [INFO] Connected to beaglebone via serial 
- 06:48:57 [INFO] Host: 
- 06:48:59 [ERROR] On command:  waiting for (?-mix:login:) >>> error: execution expired
- 06:48:59 [INFO] Target: 

root@am335x-evm:/test# 
- 06:48:59 [INFO] Host: 
- 06:48:59 [INFO] Target: 

root@am335x-evm:/test# 
- 06:48:59 [INFO] Host: sync;poweroff
- 06:49:17 [INFO] Target: 
sync;poweroff


Broadcast message from root@am335x-evm (ttyO0) (Thu May  1 14:45:41 2014):



The system is going down for system halt NOW!


INIT: Switching to runlevel:root@am335x-evm:/test# 
INIT: Sending processes the TERM signal


INIT: Sending processes tUIM SYSFS Node Not Found
Stopping Dropbear SSH server: stopped /usr/sbin/dropbear (pid 1167)
dropbear.
Stopping telnet daemon.
Stopping system message bus: Error opening /dev/fb0: No such file or directory
Stopping syslogd/klogd: stopped syslogd (pid 1179)
stopped klogd (pid 1182)
done
Stopping thttpd.
ALSA: Storing mixer settings...
/usr/sbin/alsactl: save_state:1580: No soundcards found...
Deconfiguring network interfaces... done.
Stopping Lighttpd Web Server: stopped /usr/sbin/lighttpd (pid 1195)
lighttpd.
Stopping Matrix GUI applicationstart-stop-daemon: warning: killing process 1203: No such process
.
***************************************************************
***************************************************************
NOTICE: This file system contains the followin GPLv3 packages:
	binutils-symlinks
	binutils
	gdbserver

If you do not wish to distribute GPLv3 components please remove
the above packages prior to distribution.  This can be done using
the opkg remove command.  i.e.:
    opkg remove <package>
Where <package> is the name printed in the list above

NOTE: If the package is a dependency of another package you
      will be notified of the dependent packages.  You should
      use the --force-removal-of-dependent-packages option to
      also remove the dependent packages as well
***************************************************************
***************************************************************
Sending all processes the TERM signal...
Sending all processes the KILL signal...
Unmounting remote filesystems...
Deactivating swap...
Unmounting local filesystems...
[  553.609370] EXT4-fs (mmcblk0p2): re-mounted. Opts: data=ordered
[  556.020511] reboot: System halted

- 06:49:19 [INFO] Disconnected serial from beaglebone
- 06:49:19 [INFO] Connected to beaglebone via serial 
- 06:49:19 [INFO] Host: 
- 06:49:20 [ERROR] On command:  waiting for (?-mix:U-Boot#) >>> error: execution expired
- 06:49:20 [INFO] Target: 

U-Boot SPL 2014.07-rc2 (May 29 2014 - 18:04:30)

- 06:49:20 [INFO] Host: 
- 06:49:20 [ERROR] On command:  waiting for (?-mix:U-Boot#) >>> error: execution expired
- 06:49:20 [INFO] Target: 
reading u-boot.img
reading u-boot.img


U-Boot 2014.07-rc2 (May 29 2014 - 18:04:30)

I2C:   ready
DRAM:  256 MiB

- 06:49:20 [INFO] Host: 
- 06:49:21 [INFO] Target: 
NAND:  0 MiB
MMC:   OMAP SD/MMC: 0, OMAP SD/MMC: 1
*** Warning - readenv() failed, using default environment

Net:   <ethaddr> not set. Validating first E-fuse MAC
cpsw, usb_ether
Hit any key to stop autoboot:  1  0 
U-Boot# 
- 06:49:21 [INFO] Host: 
- 06:49:21 [INFO] Target: 

U-Boot# 
- 06:49:21 [INFO] Host: version
- 06:49:22 [INFO] Target: 
version

U-Boot 2014.07-rc2 (May 29 2014 - 18:04:30)
arm-linux-gnueabihf-gcc (crosstool-NG linaro-1.13.1-4.7-2013.03-20130313 - Linaro GCC 2013.03) 4.7.3 20130226 (prerelease)
GNU ld (crosstool-NG linaro-1.13.1-4.7-2013.03-20130313 - Linaro GCC 2013.03) 2.23.1
U-Boot# 
- 06:49:22 [INFO] Host: setenv bootargs 'console=ttyO0,115200n8 earlyprintk rootwait '
- 06:49:22 [INFO] Target: 
setenv bootargs 'console=ttyO0,115200n8 earlyprintk rootwait '
U-Boot# 
- 06:49:22 [INFO] Host: setenv bootcmd  ''
- 06:49:23 [INFO] Target: 
setenv bootcmd  ''
U-Boot# 
- 06:49:23 [INFO] Host: setenv autoload 'no'
- 06:49:23 [INFO] Target: 
setenv autoload 'no'
U-Boot# 
- 06:49:23 [INFO] Host: setenv serverip '192.168.0.1'
- 06:49:24 [INFO] Target: 
setenv serverip '192.168.0.1'
U-Boot# 
- 06:49:24 [INFO] Host: printenv
- 06:49:24 [INFO] Target: 
printenv
arch=arm
autoload=no
baudrate=115200
board=am335x
board_name=A335BONE
board_rev=00A6
boot_fdt=try
bootargs=console=ttyO0,115200n8 earlyprintk rootwait 
bootcmd=
bootcount=1
bootdelay=1
bootdir=/boot
bootenv=uEnv.txt
bootfile=zImage
bootm_size=0x10000000
bootpart=0:2
console=ttyO0,115200n8
cpu=armv7
dfu_alt_info_emmc=rawemmc mmc 0 3751936
dfu_alt_info_mmc=boot part 0 1;rootfs part 0 2;MLO fat 0 1;MLO.raw mmc 0x100 0x100;u-boot.img.raw mmc 0x300 0x400;spl-os-args.raw mmc 0x80 0x80;spl-os-image.raw mmc 0x900 0x2000;spl-os-args fat 0 1;spl-os-image fat 0 1;u-boot.img fat 0 1;uEnv.txt fat 0 1
dfu_alt_info_nand=SPL part 0 1;SPL.backup1 part 0 2;SPL.backup2 part 0 3;SPL.backup3 part 0 4;u-boot part 0 5;u-boot-spl-os part 0 6;kernel part 0 8;rootfs part 0 9
dfu_alt_info_ram=kernel ram 0x80200000 0xD80000;fdt ram 0x80F80000 0x80000;ramdisk ram 0x81000000 0x4000000
eth1addr=78:c5:e5:d5:61:69
ethact=cpsw
ethaddr=78:c5:e5:d5:61:68
fdt_addr_r=0x88000000
fdtaddr=0x88000000
fdtfile=undefined
findfdt=if test $board_name = A335BONE; then setenv fdtfile am335x-bone.dtb; fi; if test $board_name = A335BNLT; then setenv fdtfile am335x-boneblack.dtb; fi; if test $board_name = A33515BB; then setenv fdtfile am335x-evm.dtb; fi; if test $board_name = A335X_SK; then setenv fdtfile am335x-evmsk.dtb; fi; if test $fdtfile = undefined; then echo WARNING: Could not determine device tree to use; fi; 
importbootenv=echo Importing environment from mmc ...; env import -t $loadaddr $filesize
kernel_addr_r=0x82000000
loadaddr=0x82000000
loadbootenv=load mmc ${mmcdev} ${loadaddr} ${bootenv}
loadfdt=load mmc ${bootpart} ${fdtaddr} ${bootdir}/${fdtfile}
loadimage=load mmc ${bootpart} ${loadaddr} ${bootdir}/${bootfile}
loadramdisk=load mmc ${mmcdev} ${rdaddr} ramdisk.gz
mmcargs=setenv bootargs console=${console} ${optargs} root=${mmcroot} rootfstype=${mmcrootfstype}
mmcboot=mmc dev ${mmcdev}; if mmc rescan; then echo SD/MMC found on device ${mmcdev};if run loadbootenv; then echo Loaded environment from ${bootenv};run importbootenv;fi;if test -n $uenvcmd; then echo Running uenvcmd ...;run uenvcmd;fi;if run loadimage; then run mmcloados;fi;fi;
mmcdev=0
mmcloados=run mmcargs; if test ${boot_fdt} = yes || test ${boot_fdt} = try; then if run loadfdt; then bootz ${loadaddr} - ${fdtaddr}; else if test ${boot_fdt} = try; then bootz; else echo WARN: Cannot load the DT; fi; fi; else bootz; fi;
mmcroot=/dev/mmcblk0p2 ro
mmcrootfstype=ext4 rootwait
mtdids=nand0=omap2-nand.0
mtdparts=mtdparts=omap2-nand.0:128k(SPL),128k(SPL.backup1),128k(SPL.backup2),128k(SPL.backup3),1792k(u-boot),128k(u-boot-spl-os),128k(u-boot-env),5m(kernel),-(rootfs)
nandargs=setenv bootargs console=${console} ${optargs} root=${nandroot} rootfstype=${nandrootfstype}
nandboot=echo Booting from nand ...; run nandargs; nand read ${fdtaddr} u-boot-spl-os; nand read ${loadaddr} kernel; bootz ${loadaddr} - ${fdtaddr}
nandroot=ubi0:rootfs rw ubi.mtd=7,2048
nandrootfstype=ubifs rootwait=1
netargs=setenv bootargs console=${console} ${optargs} root=/dev/nfs nfsroot=${serverip}:${rootpath},${nfsopts} rw ip=dhcp
netboot=echo Booting from network ...; setenv autoload no; dhcp; tftp ${loadaddr} ${bootfile}; tftp ${fdtaddr} ${fdtfile}; run netargs; bootz ${loadaddr} - ${fdtaddr}
nfsopts=nolock
partitions=uuid_disk=${uuid_gpt_disk};name=rootfs,start=2MiB,size=-,uuid=${uuid_gpt_rootfs}
ramargs=setenv bootargs console=${console} ${optargs} root=${ramroot} rootfstype=${ramrootfstype}
ramboot=echo Booting from ramdisk ...; run ramargs; bootz ${loadaddr} ${rdaddr} ${fdtaddr}
ramdisk_addr_r=0x88080000
ramroot=/dev/ram0 rw
ramrootfstype=ext2
rdaddr=0x88080000
rootpath=/export/rootfs
serverip=192.168.0.1
soc=am33xx
spiargs=setenv bootargs console=${console} ${optargs} root=${spiroot} rootfstype=${spirootfstype}
spiboot=echo Booting from spi ...; run spiargs; sf probe ${spibusno}:0; sf read ${loadaddr} ${spisrcaddr} ${spiimgsize}; bootz ${loadaddr}
spibusno=0
spiimgsize=0x362000
spiroot=/dev/mtdblock4 rw
spirootfstype=jffs2
spisrcaddr=0xe0000
static_ip=${ipaddr}:${serverip}:${gatewayip}:${netmask}:${hostname}::off
stderr=serial
stdin=serial
stdout=serial
usbnet_devaddr=78:c5:e5:d5:61:69
vendor=ti
ver=U-Boot 2014.07-rc2 (May 29 2014 - 18:04:30)

Environment size: 4366/131068 bytes
U-Boot# 
- 06:49:24 [INFO] Host: printenv
- 06:49:25 [INFO] Target: 
printenv
arch=arm
autoload=no
baudrate=115200
board=am335x
board_name=A335BONE
board_rev=00A6
boot_fdt=try
bootargs=console=ttyO0,115200n8 earlyprintk rootwait 
bootcmd=
bootcount=1
bootdelay=1
bootdir=/boot
bootenv=uEnv.txt
bootfile=zImage
bootm_size=0x10000000
bootpart=0:2
console=ttyO0,115200n8
cpu=armv7
dfu_alt_info_emmc=rawemmc mmc 0 3751936
dfu_alt_info_mmc=boot part 0 1;rootfs part 0 2;MLO fat 0 1;MLO.raw mmc 0x100 0x100;u-boot.img.raw mmc 0x300 0x400;spl-os-args.raw mmc 0x80 0x80;spl-os-image.raw mmc 0x900 0x2000;spl-os-args fat 0 1;spl-os-image fat 0 1;u-boot.img fat 0 1;uEnv.txt fat 0 1
dfu_alt_info_nand=SPL part 0 1;SPL.backup1 part 0 2;SPL.backup2 part 0 3;SPL.backup3 part 0 4;u-boot part 0 5;u-boot-spl-os part 0 6;kernel part 0 8;rootfs part 0 9
dfu_alt_info_ram=kernel ram 0x80200000 0xD80000;fdt ram 0x80F80000 0x80000;ramdisk ram 0x81000000 0x4000000
eth1addr=78:c5:e5:d5:61:69
ethact=cpsw
ethaddr=78:c5:e5:d5:61:68
fdt_addr_r=0x88000000
fdtaddr=0x88000000
fdtfile=undefined
findfdt=if test $board_name = A335BONE; then setenv fdtfile am335x-bone.dtb; fi; if test $board_name = A335BNLT; then setenv fdtfile am335x-boneblack.dtb; fi; if test $board_name = A33515BB; then setenv fdtfile am335x-evm.dtb; fi; if test $board_name = A335X_SK; then setenv fdtfile am335x-evmsk.dtb; fi; if test $fdtfile = undefined; then echo WARNING: Could not determine device tree to use; fi; 
importbootenv=echo Importing environment from mmc ...; env import -t $loadaddr $filesize
kernel_addr_r=0x82000000
loadaddr=0x82000000
loadbootenv=load mmc ${mmcdev} ${loadaddr} ${bootenv}
loadfdt=load mmc ${bootpart} ${fdtaddr} ${bootdir}/${fdtfile}
loadimage=load mmc ${bootpart} ${loadaddr} ${bootdir}/${bootfile}
loadramdisk=load mmc ${mmcdev} ${rdaddr} ramdisk.gz
mmcargs=setenv bootargs console=${console} ${optargs} root=${mmcroot} rootfstype=${mmcrootfstype}
mmcboot=mmc dev ${mmcdev}; if mmc rescan; then echo SD/MMC found on device ${mmcdev};if run loadbootenv; then echo Loaded environment from ${bootenv};run importbootenv;fi;if test -n $uenvcmd; then echo Running uenvcmd ...;run uenvcmd;fi;if run loadimage; then run mmcloados;fi;fi;
mmcdev=0
mmcloados=run mmcargs; if test ${boot_fdt} = yes || test ${boot_fdt} = try; then if run loadfdt; then bootz ${loadaddr} - ${fdtaddr}; else if test ${boot_fdt} = try; then bootz; else echo WARN: Cannot load the DT; fi; fi; else bootz; fi;
mmcroot=/dev/mmcblk0p2 ro
mmcrootfstype=ext4 rootwait
mtdids=nand0=omap2-nand.0
mtdparts=mtdparts=omap2-nand.0:128k(SPL),128k(SPL.backup1),128k(SPL.backup2),128k(SPL.backup3),1792k(u-boot),128k(u-boot-spl-os),128k(u-boot-env),5m(kernel),-(rootfs)
nandargs=setenv bootargs console=${console} ${optargs} root=${nandroot} rootfstype=${nandrootfstype}
nandboot=echo Booting from nand ...; run nandargs; nand read ${fdtaddr} u-boot-spl-os; nand read ${loadaddr} kernel; bootz ${loadaddr} - ${fdtaddr}
nandroot=ubi0:rootfs rw ubi.mtd=7,2048
nandrootfstype=ubifs rootwait=1
netargs=setenv bootargs console=${console} ${optargs} root=/dev/nfs nfsroot=${serverip}:${rootpath},${nfsopts} rw ip=dhcp
netboot=echo Booting from network ...; setenv autoload no; dhcp; tftp ${loadaddr} ${bootfile}; tftp ${fdtaddr} ${fdtfile}; run netargs; bootz ${loadaddr} - ${fdtaddr}
nfsopts=nolock
partitions=uuid_disk=${uuid_gpt_disk};name=rootfs,start=2MiB,size=-,uuid=${uuid_gpt_rootfs}
ramargs=setenv bootargs console=${console} ${optargs} root=${ramroot} rootfstype=${ramrootfstype}
ramboot=echo Booting from ramdisk ...; run ramargs; bootz ${loadaddr} ${rdaddr} ${fdtaddr}
ramdisk_addr_r=0x88080000
ramroot=/dev/ram0 rw
ramrootfstype=ext2
rdaddr=0x88080000
rootpath=/export/rootfs
serverip=192.168.0.1
soc=am33xx
spiargs=setenv bootargs console=${console} ${optargs} root=${spiroot} rootfstype=${spirootfstype}
spiboot=echo Booting from spi ...; run spiargs; sf probe ${spibusno}:0; sf read ${loadaddr} ${spisrcaddr} ${spiimgsize}; bootz ${loadaddr}
spibusno=0
spiimgsize=0x362000
spiroot=/dev/mtdblock4 rw
spirootfstype=jffs2
spisrcaddr=0xe0000
static_ip=${ipaddr}:${serverip}:${gatewayip}:${netmask}:${hostname}::off
stderr=serial
stdin=serial
stdout=serial
usbnet_devaddr=78:c5:e5:d5:61:69
vendor=ti
ver=U-Boot 2014.07-rc2 (May 29 2014 - 18:04:30)

Environment size: 4366/131068 bytes
U-Boot# 
- 06:49:25 [INFO] Host: setenv bootargs ''${bootargs}' ip=dhcp '
- 06:49:25 [INFO] Target: 
setenv bootargs ''${bootargs}' ip=dhcp '
U-Boot# 
- 06:49:25 [INFO] Host: setenv ipaddr dhcp
- 06:49:26 [INFO] Target: 
setenv ipaddr dhcp
U-Boot# 
- 06:49:26 [INFO] Host: dhcp
- 06:49:27 [INFO] Target: 
dhcp
link up on port 0, speed 100, full duplex
BOOTP broadcast 1
DHCP client bound to address 192.168.0.140
U-Boot# 
- 06:49:27 [INFO] Host: setenv serverip '192.168.0.1'
- 06:49:28 [INFO] Target: 
setenv serverip '192.168.0.1'
U-Boot# 
- 06:49:28 [INFO] Host: tftp ${loadaddr} 192.168.0.1:vatf_beaglebone/fb12ff6ed6c16dafc5f62a815a9abf59
- 06:49:29 [INFO] Target: 
tftp ${loadaddr} 192.168.0.1:vatf_beaglebone/fb12ff6ed6c16dafc5f62a815a9abf59
link up on port 0, speed 100, full duplex
Using cpsw device
TFTP from server 192.168.0.1; our IP address is 192.168.0.140
Filename 'vatf_beaglebone/fb12ff6ed6c16dafc5f62a815a9abf59'.
Load address: 0x82000000
Loading: *#################################################################
	 #################################################################
	 #################################################################
	 #################################################################
	 #################################################################
	 ################
	 4.1 MiB/s
done
Bytes transferred = 4997952 (4c4340 hex)
U-Boot# 
- 06:49:29 [INFO] Host: tftp ${fdt_addr_r} 192.168.0.1:vatf_beaglebone/a05a883a7028b3915936d7b8b2f3d43a
- 06:49:30 [INFO] Target: 
tftp ${fdt_addr_r} 192.168.0.1:vatf_beaglebone/a05a883a7028b3915936d7b8b2f3d43a
link up on port 0, speed 100, full duplex
Using cpsw device
TFTP from server 192.168.0.1; our IP address is 192.168.0.140
Filename 'vatf_beaglebone/a05a883a7028b3915936d7b8b2f3d43a'.
Load address: 0x88000000
Loading: *##
	 3.9 MiB/s
done
Bytes transferred = 28422 (6f06 hex)
U-Boot# 
- 06:49:30 [INFO] Host: ls mmc 0:1
- 06:49:30 [INFO] Target: 
ls mmc 0:1
   452120   am335x-evm-sk-quickstartguide.pdf 
      140   autorun.inf 
   176621   beaglebone-quickstartguide.pdf 
    82480   mlo 
  1167591   quickstartguide.pdf 
     1164   readme 
   408372   u-boot.img 
            windows_users/
       13   .ipaddr 

8 file(s), 1 dir(s)

U-Boot# 
- 06:49:30 [INFO] Host: ls mmc 0:2
- 06:49:31 [INFO] Target: 
ls mmc 0:2
<DIR>       4096 .
<DIR>       4096 ..
<DIR>       4096 bin
<DIR>       4096 boot
<DIR>       4096 dev
<DIR>       4096 etc
<DIR>       4096 home
<DIR>       4096 lib
<DIR>       4096 media
<DIR>       4096 mnt
<DIR>       4096 opt
<DIR>       4096 proc
<SYM>          8 run
<DIR>       4096 sbin
<DIR>       4096 srv
<DIR>       4096 sys
<SYM>          8 tmp
<DIR>       4096 usr
<DIR>       4096 var
<DIR>       4096 www
<DIR>       4096 Settings
<DIR>       4096 test
U-Boot# 
- 06:49:31 [INFO] Host: part uuid mmc 0:2
- 06:49:31 [INFO] Target: 
part uuid mmc 0:2
00000000-02
U-Boot# 
- 06:49:31 [INFO] Host: printenv
- 06:49:32 [INFO] Target: 
printenv
arch=arm
autoload=no
baudrate=115200
board=am335x
board_name=A335BONE
board_rev=00A6
boot_fdt=try
bootargs=console=ttyO0,115200n8 earlyprintk rootwait  ip=dhcp 
bootcmd=
bootcount=1
bootdelay=1
bootdir=/boot
bootenv=uEnv.txt
bootfile=zImage
bootm_size=0x10000000
bootpart=0:2
console=ttyO0,115200n8
cpu=armv7
dfu_alt_info_emmc=rawemmc mmc 0 3751936
dfu_alt_info_mmc=boot part 0 1;rootfs part 0 2;MLO fat 0 1;MLO.raw mmc 0x100 0x100;u-boot.img.raw mmc 0x300 0x400;spl-os-args.raw mmc 0x80 0x80;spl-os-image.raw mmc 0x900 0x2000;spl-os-args fat 0 1;spl-os-image fat 0 1;u-boot.img fat 0 1;uEnv.txt fat 0 1
dfu_alt_info_nand=SPL part 0 1;SPL.backup1 part 0 2;SPL.backup2 part 0 3;SPL.backup3 part 0 4;u-boot part 0 5;u-boot-spl-os part 0 6;kernel part 0 8;rootfs part 0 9
dfu_alt_info_ram=kernel ram 0x80200000 0xD80000;fdt ram 0x80F80000 0x80000;ramdisk ram 0x81000000 0x4000000
dnsip=192.0.2.2
dnsip2=192.0.2.3
eth1addr=78:c5:e5:d5:61:69
ethact=cpsw
ethaddr=78:c5:e5:d5:61:68
fdt_addr_r=0x88000000
fdtaddr=0x88000000
fdtfile=undefined
fileaddr=88000000
filesize=6f06
findfdt=if test $board_name = A335BONE; then setenv fdtfile am335x-bone.dtb; fi; if test $board_name = A335BNLT; then setenv fdtfile am335x-boneblack.dtb; fi; if test $board_name = A33515BB; then setenv fdtfile am335x-evm.dtb; fi; if test $board_name = A335X_SK; then setenv fdtfile am335x-evmsk.dtb; fi; if test $fdtfile = undefined; then echo WARNING: Could not determine device tree to use; fi; 
gatewayip=192.168.0.1
importbootenv=echo Importing environment from mmc ...; env import -t $loadaddr $filesize
ipaddr=192.168.0.140
kernel_addr_r=0x82000000
loadaddr=0x82000000
loadbootenv=load mmc ${mmcdev} ${loadaddr} ${bootenv}
loadfdt=load mmc ${bootpart} ${fdtaddr} ${bootdir}/${fdtfile}
loadimage=load mmc ${bootpart} ${loadaddr} ${bootdir}/${bootfile}
loadramdisk=load mmc ${mmcdev} ${rdaddr} ramdisk.gz
mmcargs=setenv bootargs console=${console} ${optargs} root=${mmcroot} rootfstype=${mmcrootfstype}
mmcboot=mmc dev ${mmcdev}; if mmc rescan; then echo SD/MMC found on device ${mmcdev};if run loadbootenv; then echo Loaded environment from ${bootenv};run importbootenv;fi;if test -n $uenvcmd; then echo Running uenvcmd ...;run uenvcmd;fi;if run loadimage; then run mmcloados;fi;fi;
mmcdev=0
mmcloados=run mmcargs; if test ${boot_fdt} = yes || test ${boot_fdt} = try; then if run loadfdt; then bootz ${loadaddr} - ${fdtaddr}; else if test ${boot_fdt} = try; then bootz; else echo WARN: Cannot load the DT; fi; fi; else bootz; fi;
mmcroot=/dev/mmcblk0p2 ro
mmcrootfstype=ext4 rootwait
mtdids=nand0=omap2-nand.0
mtdparts=mtdparts=omap2-nand.0:128k(SPL),128k(SPL.backup1),128k(SPL.backup2),128k(SPL.backup3),1792k(u-boot),128k(u-boot-spl-os),128k(u-boot-env),5m(kernel),-(rootfs)
nandargs=setenv bootargs console=${console} ${optargs} root=${nandroot} rootfstype=${nandrootfstype}
nandboot=echo Booting from nand ...; run nandargs; nand read ${fdtaddr} u-boot-spl-os; nand read ${loadaddr} kernel; bootz ${loadaddr} - ${fdtaddr}
nandroot=ubi0:rootfs rw ubi.mtd=7,2048
nandrootfstype=ubifs rootwait=1
netargs=setenv bootargs console=${console} ${optargs} root=/dev/nfs nfsroot=${serverip}:${rootpath},${nfsopts} rw ip=dhcp
netboot=echo Booting from network ...; setenv autoload no; dhcp; tftp ${loadaddr} ${bootfile}; tftp ${fdtaddr} ${fdtfile}; run netargs; bootz ${loadaddr} - ${fdtaddr}
netmask=255.255.255.0
nfsopts=nolock
partitions=uuid_disk=${uuid_gpt_disk};name=rootfs,start=2MiB,size=-,uuid=${uuid_gpt_rootfs}
ramargs=setenv bootargs console=${console} ${optargs} root=${ramroot} rootfstype=${ramrootfstype}
ramboot=echo Booting from ramdisk ...; run ramargs; bootz ${loadaddr} ${rdaddr} ${fdtaddr}
ramdisk_addr_r=0x88080000
ramroot=/dev/ram0 rw
ramrootfstype=ext2
rdaddr=0x88080000
rootpath=/export/rootfs
serverip=192.168.0.1
soc=am33xx
spiargs=setenv bootargs console=${console} ${optargs} root=${spiroot} rootfstype=${spirootfstype}
spiboot=echo Booting from spi ...; run spiargs; sf probe ${spibusno}:0; sf read ${loadaddr} ${spisrcaddr} ${spiimgsize}; bootz ${loadaddr}
spibusno=0
spiimgsize=0x362000
spiroot=/dev/mtdblock4 rw
spirootfstype=jffs2
spisrcaddr=0xe0000
static_ip=${ipaddr}:${serverip}:${gatewayip}:${netmask}:${hostname}::off
stderr=serial
stdin=serial
stdout=serial
usbnet_devaddr=78:c5:e5:d5:61:69
vendor=ti
ver=U-Boot 2014.07-rc2 (May 29 2014 - 18:04:30)

Environment size: 4519/131068 bytes
U-Boot# 
- 06:49:32 [INFO] Host: setenv bootargs ''${bootargs}' root=PARTUUID=00000000-02 rw rootfstype=ext4 rootwait '
- 06:49:32 [INFO] Target: 
setenv bootargs ''${bootargs}' root=PARTUUID=00000000-02 rw rootfstype=ext4 rootwait '
U-Boot# 
- 06:49:32 [INFO] Host: printenv
- 06:49:33 [INFO] Target: 
printenv
arch=arm
autoload=no
baudrate=115200
board=am335x
board_name=A335BONE
board_rev=00A6
boot_fdt=try
bootargs=console=ttyO0,115200n8 earlyprintk rootwait  ip=dhcp  root=PARTUUID=00000000-02 rw rootfstype=ext4 rootwait 
bootcmd=
bootcount=1
bootdelay=1
bootdir=/boot
bootenv=uEnv.txt
bootfile=zImage
bootm_size=0x10000000
bootpart=0:2
console=ttyO0,115200n8
cpu=armv7
dfu_alt_info_emmc=rawemmc mmc 0 3751936
dfu_alt_info_mmc=boot part 0 1;rootfs part 0 2;MLO fat 0 1;MLO.raw mmc 0x100 0x100;u-boot.img.raw mmc 0x300 0x400;spl-os-args.raw mmc 0x80 0x80;spl-os-image.raw mmc 0x900 0x2000;spl-os-args fat 0 1;spl-os-image fat 0 1;u-boot.img fat 0 1;uEnv.txt fat 0 1
dfu_alt_info_nand=SPL part 0 1;SPL.backup1 part 0 2;SPL.backup2 part 0 3;SPL.backup3 part 0 4;u-boot part 0 5;u-boot-spl-os part 0 6;kernel part 0 8;rootfs part 0 9
dfu_alt_info_ram=kernel ram 0x80200000 0xD80000;fdt ram 0x80F80000 0x80000;ramdisk ram 0x81000000 0x4000000
dnsip=192.0.2.2
dnsip2=192.0.2.3
eth1addr=78:c5:e5:d5:61:69
ethact=cpsw
ethaddr=78:c5:e5:d5:61:68
fdt_addr_r=0x88000000
fdtaddr=0x88000000
fdtfile=undefined
fileaddr=88000000
filesize=6f06
findfdt=if test $board_name = A335BONE; then setenv fdtfile am335x-bone.dtb; fi; if test $board_name = A335BNLT; then setenv fdtfile am335x-boneblack.dtb; fi; if test $board_name = A33515BB; then setenv fdtfile am335x-evm.dtb; fi; if test $board_name = A335X_SK; then setenv fdtfile am335x-evmsk.dtb; fi; if test $fdtfile = undefined; then echo WARNING: Could not determine device tree to use; fi; 
gatewayip=192.168.0.1
importbootenv=echo Importing environment from mmc ...; env import -t $loadaddr $filesize
ipaddr=192.168.0.140
kernel_addr_r=0x82000000
loadaddr=0x82000000
loadbootenv=load mmc ${mmcdev} ${loadaddr} ${bootenv}
loadfdt=load mmc ${bootpart} ${fdtaddr} ${bootdir}/${fdtfile}
loadimage=load mmc ${bootpart} ${loadaddr} ${bootdir}/${bootfile}
loadramdisk=load mmc ${mmcdev} ${rdaddr} ramdisk.gz
mmcargs=setenv bootargs console=${console} ${optargs} root=${mmcroot} rootfstype=${mmcrootfstype}
mmcboot=mmc dev ${mmcdev}; if mmc rescan; then echo SD/MMC found on device ${mmcdev};if run loadbootenv; then echo Loaded environment from ${bootenv};run importbootenv;fi;if test -n $uenvcmd; then echo Running uenvcmd ...;run uenvcmd;fi;if run loadimage; then run mmcloados;fi;fi;
mmcdev=0
mmcloados=run mmcargs; if test ${boot_fdt} = yes || test ${boot_fdt} = try; then if run loadfdt; then bootz ${loadaddr} - ${fdtaddr}; else if test ${boot_fdt} = try; then bootz; else echo WARN: Cannot load the DT; fi; fi; else bootz; fi;
mmcroot=/dev/mmcblk0p2 ro
mmcrootfstype=ext4 rootwait
mtdids=nand0=omap2-nand.0
mtdparts=mtdparts=omap2-nand.0:128k(SPL),128k(SPL.backup1),128k(SPL.backup2),128k(SPL.backup3),1792k(u-boot),128k(u-boot-spl-os),128k(u-boot-env),5m(kernel),-(rootfs)
nandargs=setenv bootargs console=${console} ${optargs} root=${nandroot} rootfstype=${nandrootfstype}
nandboot=echo Booting from nand ...; run nandargs; nand read ${fdtaddr} u-boot-spl-os; nand read ${loadaddr} kernel; bootz ${loadaddr} - ${fdtaddr}
nandroot=ubi0:rootfs rw ubi.mtd=7,2048
nandrootfstype=ubifs rootwait=1
netargs=setenv bootargs console=${console} ${optargs} root=/dev/nfs nfsroot=${serverip}:${rootpath},${nfsopts} rw ip=dhcp
netboot=echo Booting from network ...; setenv autoload no; dhcp; tftp ${loadaddr} ${bootfile}; tftp ${fdtaddr} ${fdtfile}; run netargs; bootz ${loadaddr} - ${fdtaddr}
netmask=255.255.255.0
nfsopts=nolock
partitions=uuid_disk=${uuid_gpt_disk};name=rootfs,start=2MiB,size=-,uuid=${uuid_gpt_rootfs}
ramargs=setenv bootargs console=${console} ${optargs} root=${ramroot} rootfstype=${ramrootfstype}
ramboot=echo Booting from ramdisk ...; run ramargs; bootz ${loadaddr} ${rdaddr} ${fdtaddr}
ramdisk_addr_r=0x88080000
ramroot=/dev/ram0 rw
ramrootfstype=ext2
rdaddr=0x88080000
rootpath=/export/rootfs
serverip=192.168.0.1
soc=am33xx
spiargs=setenv bootargs console=${console} ${optargs} root=${spiroot} rootfstype=${spirootfstype}
spiboot=echo Booting from spi ...; run spiargs; sf probe ${spibusno}:0; sf read ${loadaddr} ${spisrcaddr} ${spiimgsize}; bootz ${loadaddr}
spibusno=0
spiimgsize=0x362000
spiroot=/dev/mtdblock4 rw
spirootfstype=jffs2
spisrcaddr=0xe0000
static_ip=${ipaddr}:${serverip}:${gatewayip}:${netmask}:${hostname}::off
stderr=serial
stdin=serial
stdout=serial
usbnet_devaddr=78:c5:e5:d5:61:69
vendor=ti
ver=U-Boot 2014.07-rc2 (May 29 2014 - 18:04:30)

Environment size: 4574/131068 bytes
U-Boot# 
- 06:49:33 [INFO] Host: setenv bootcmd ''${bootcmd}' if iminfo ${loadaddr}; then bootm ${loadaddr} - ${fdt_addr_r}; else bootz ${loadaddr} - ${fdt_addr_r}; bootm ${loadaddr} - ${fdt_addr_r}; fi'
- 06:49:33 [INFO] Target: 
setenv bootcmd ''${bootcmd}' if iminfo ${loadaddr}; then bootm ${loadaddr} - ${fdt_addr_r}; else bootz ${loadaddr} - ${fdt_addr_r}; bootm ${loadaddr} - ${fdt_addr_r}; fi'
U-Boot# 
- 06:49:33 [INFO] Host: bdinfo
- 06:49:34 [INFO] Target: 
bdinfo
arch_number = 0x00000E05
boot_params = 0x80000100
DRAM bank   = 0x00000000
-> start    = 0x80000000
-> size     = 0x10000000
eth0name    = cpsw
ethaddr     = 78:c5:e5:d5:61:68
eth1name    = usb_ether
eth1addr    = 78:c5:e5:d5:61:69
current eth = cpsw
ip_addr     = 192.168.0.140
baudrate    = 115200 bps
TLB addr    = 0x8FFF0000
relocaddr   = 0x8F74A000
reloc off   = 0x0EF4A000
irq_sp      = 0x8F629EE0
sp start    = 0x8F629ED0
U-Boot# 
- 06:49:34 [INFO] Host: boot
- 06:52:04 [ERROR] On command: boot waiting for (?-mix:login:) >>> error: execution expired
- 06:52:04 [INFO] Target: 
boot

## Checking Image at 82000000 ...
Unknown image format!
Kernel image @ 0x82000000 [ 0x000000 - 0x4c4340 ]
## Flattened Device Tree blob at 88000000
   Booting using the fdt blob at 0x88000000
   Loading Device Tree to 8f61e000, end 8f627f05 ... OK

Starting kernel ...

[    0.000000] Booting Linux on physical CPU 0x0
[    0.000000] Linux version 3.16.0-rc4-next-20140707-00002-g2bf1d65 (nmenon@kahuna) (gcc version 4.6.3 (Ubuntu/Linaro 4.6.3-1ubuntu5) ) #1 SMP Mon Jul 7 05:46:11 CDT 2014
[    0.000000] CPU: ARMv7 Processor [413fc082] revision 2 (ARMv7), cr=10c5387d
[    0.000000] CPU: PIPT / VIPT nonaliasing data cache, VIPT aliasing instruction cache
[    0.000000] Machine model: TI AM335x BeagleBone
[    0.000000] cma: Reserved 64 MiB at 8b000000
[    0.000000] Memory policy: Data cache writeback
[    0.000000]   HighMem zone: 1048574 pages exceeds freesize 0
[    0.000000] CPU: All CPU(s) started in SVC mode.
[    0.000000] AM335X ES1.0 (sgx neon )
[    0.000000] PERCPU: Embedded 8 pages/cpu @cfcac000 s8448 r8192 d16128 u32768
[    0.000000] Built 1 zonelists in Zone order, mobility grouping on.  Total pages: 64768
[    0.000000] Kernel command line: console=ttyO0,115200n8 earlyprintk rootwait  ip=dhcp  root=PARTUUID=00000000-02 rw rootfstype=ext4 rootwait 
[    0.000000] PID hash table entries: 1024 (order: 0, 4096 bytes)
[    0.000000] Dentry cache hash table entries: 32768 (order: 5, 131072 bytes)
[    0.000000] Inode-cache hash table entries: 16384 (order: 4, 65536 bytes)
[    0.000000] Memory: 181980K/261120K available (6507K kernel code, 906K rwdata, 2596K rodata, 656K init, 304K bss, 79140K reserved, 0K highmem)
[    0.000000] Virtual kernel memory layout:
[    0.000000]     vector  : 0xffff0000 - 0xffff1000   (   4 kB)
[    0.000000]     fixmap  : 0xffc00000 - 0xffe00000   (2048 kB)
[    0.000000]     vmalloc : 0xd0800000 - 0xff000000   ( 744 MB)
[    0.000000]     lowmem  : 0xc0000000 - 0xd0000000   ( 256 MB)
[    0.000000]     pkmap   : 0xbfe00000 - 0xc0000000   (   2 MB)
[    0.000000]     modules : 0xbf000000 - 0xbfe00000   (  14 MB)
[    0.000000]       .text : 0xc0208000 - 0xc0aec268   (9105 kB)
[    0.000000]       .init : 0xc0aed000 - 0xc0b91100   ( 657 kB)
[    0.000000]       .data : 0xc0b92000 - 0xc0c74880   ( 907 kB)
[    0.000000]        .bss : 0xc0c74888 - 0xc0cc0a10   ( 305 kB)
[    0.000000] SLUB: HWalign=64, Order=0-3, MinObjects=0, CPUs=1, Nodes=1
[    0.000000] Hierarchical RCU implementation.
[    0.000000] 	RCU restricting CPUs from NR_CPUS=8 to nr_cpu_ids=1.
[    0.000000] RCU: Adjusting geometry for rcu_fanout_leaf=16, nr_cpu_ids=1
[    0.000000] NR_IRQS:16 nr_irqs:16 16
[    0.000000] IRQ: Found an INTC at 0xfa200000 (revision 5.0) with 128 interrupts
[    0.000000] Total of 128 interrupts on 1 active controller
[    0.000000] OMAP clockevent source: timer2 at 24000000 Hz
[    0.000015] sched_clock: 32 bits at 24MHz, resolution 41ns, wraps every 178956969942ns
[    0.000039] OMAP clocksource: timer1 at 24000000 Hz
[    0.000274] Console: colour dummy device 80x30
[    0.000312] Calibrating delay loop... 717.61 BogoMIPS (lpj=1794048)
[    0.059332] pid_max: default: 32768 minimum: 301
[    0.059509] Mount-cache hash table entries: 1024 (order: 0, 4096 bytes)
[    0.059523] Mountpoint-cache hash table entries: 1024 (order: 0, 4096 bytes)
[    0.060232] CPU: Testing write buffer coherency: ok
[    0.060605] CPU0: thread -1, cpu 0, socket -1, mpidr 0
[    0.060720] Setting up static identity map for 0x80826580 - 0x80826618
[    0.062956] Brought up 1 CPUs
[    0.062975] SMP: Total of 1 processors activated.
[    0.062985] CPU: All CPU(s) started in SVC mode.
[    0.063708] devtmpfs: initialized
[    0.068251] VFP support v0.3: implementor 41 architecture 3 part 30 variant c rev 3
[    0.080572] omap_hwmod: tptc0 using broken dt data from edma
[    0.080732] omap_hwmod: tptc1 using broken dt data from edma
[    0.080857] omap_hwmod: tptc2 using broken dt data from edma
[    0.085739] omap_hwmod: debugss: _wait_target_disable failed
[    0.146288] pinctrl core: initialized pinctrl subsystem
[    0.147014] regulator-dummy: no parameters
[    0.157744] NET: Registered protocol family 16
[    0.160795] DMA: preallocated 256 KiB pool for atomic coherent allocations
[    0.163156] cpuidle: using governor ladder
[    0.163180] cpuidle: using governor menu
[    0.171492] platform 49000000.edma: alias fck already exists
[    0.171521] platform 49000000.edma: alias fck already exists
[    0.171537] platform 49000000.edma: alias fck already exists
[    0.172458] OMAP GPIO hardware version 0.1
[    0.180833] No ATAGs?
[    0.180871] hw-breakpoint: debug architecture 0x4 unsupported.
[    0.181907] EXYNOS: PMU not supported
[    0.184214] Serial: AMBA PL011 UART driver
[    0.206857] edma-dma-engine edma-dma-engine.0: TI EDMA DMA engine driver
[    0.207689] vmmcsd_fixed: 3300 mV 
[    0.210099] vgaarb: loaded
[    0.210991] SCSI subsystem initialized
[    0.211803] usbcore: registered new interface driver usbfs
[    0.211897] usbcore: registered new interface driver hub
[    0.212056] usbcore: registered new device driver usb
[    0.212768] omap_i2c 44e0b000.i2c: could not find pctldev for node /pinmux@44e10800/pinmux_i2c0_pins, deferring probe
[    0.212798] platform 44e0b000.i2c: Driver omap_i2c requests probe deferral
[    0.213058] Linux video capture interface: v2.00
[    0.213123] pps_core: LinuxPPS API ver. 1 registered
[    0.213134] pps_core: Software ver. 5.3.6 - Copyright 2005-2007 Rodolfo Giometti <giometti@linux.it>
[    0.213173] PTP clock support registered
[    0.213277] EDAC MC: Ver: 3.0.0
[    0.214414] Advanced Linux Sound Architecture Driver Initialized.
[    0.215982] Switched to clocksource timer1
[    0.229414] NET: Registered protocol family 2
[    0.230233] TCP established hash table entries: 2048 (order: 1, 8192 bytes)
[    0.230278] TCP bind hash table entries: 2048 (order: 2, 16384 bytes)
[    0.230326] TCP: Hash tables configured (established 2048 bind 2048)
[    0.230412] TCP: reno registered
[    0.230429] UDP hash table entries: 256 (order: 1, 8192 bytes)
[    0.230457] UDP-Lite hash table entries: 256 (order: 1, 8192 bytes)
[    0.230686] NET: Registered protocol family 1
[    0.231254] RPC: Registered named UNIX socket transport module.
[    0.231272] RPC: Registered udp transport module.
[    0.231281] RPC: Registered tcp transport module.
[    0.231289] RPC: Registered tcp NFSv4.1 backchannel transport module.
[    0.232390] hw perfevents: enabled with armv7_cortex_a8 PMU driver, 5 counters available
[    0.234535] futex hash table entries: 256 (order: 2, 16384 bytes)
[    0.250514] squashfs: version 4.0 (2009/01/31) Phillip Lougher
[    0.251706] NFS: Registering the id_resolver key type
[    0.251789] Key type id_resolver registered
[    0.251799] Key type id_legacy registered
[    0.251881] msgmni has been set to 483
[    0.252854] Block layer SCSI generic (bsg) driver version 0.4 loaded (major 249)
[    0.252882] io scheduler noop registered
[    0.252896] io scheduler deadline registered
[    0.253141] io scheduler cfq registered (default)
[    0.254879] pinctrl-single 44e10800.pinmux: 142 pins at pa f9e10800 size 568
[    0.336027] Serial: 8250/16550 driver, 4 ports, IRQ sharing disabled
[    0.338513] Serial: IMX driver
[    0.338836] msm_serial: driver initialized
[    0.339404] omap_uart 44e09000.serial: no wakeirq for uart0
[    0.339618] 44e09000.serial: ttyO0 at MMIO 0x44e09000 (irq = 88, base_baud = 3000000) is a OMAP UART0
[    1.014123] console [ttyO0] enabled
[    1.018434] STMicroelectronics ASC driver initialized
[    1.024565] serial: Freescale lpuart driver
[    1.029246] [drm] Initialized drm 1.1.0 20060810
[    1.040445] loop: module loaded
[    1.048236] CAN device driver interface
[    1.052988] igb: Intel(R) Gigabit Ethernet Network Driver - version 5.0.5-k
[    1.060329] igb: Copyright (c) 2007-2014 Intel Corporation.
[    1.067410] pegasus: v0.9.3 (2013/04/25), Pegasus/Pegasus II USB Ethernet driver
[    1.075313] usbcore: registered new interface driver pegasus
[    1.081372] usbcore: registered new interface driver asix
[    1.087129] usbcore: registered new interface driver ax88179_178a
[    1.093609] usbcore: registered new interface driver cdc_ether
[    1.099848] usbcore: registered new interface driver smsc75xx
[    1.106013] usbcore: registered new interface driver smsc95xx
[    1.112126] usbcore: registered new interface driver net1080
[    1.118149] usbcore: registered new interface driver cdc_subset
[    1.124438] usbcore: registered new interface driver zaurus
[    1.130443] usbcore: registered new interface driver cdc_ncm
[    1.136454] ehci_hcd: USB 2.0 'Enhanced' Host Controller (EHCI) Driver
[    1.143333] ehci-pci: EHCI PCI platform driver
[    1.148087] ehci-platform: EHCI generic platform driver
[    1.153777] ehci-omap: OMAP-EHCI Host Controller driver
[    1.159415] ehci-orion: EHCI orion driver
[    1.163759] SPEAr-ehci: EHCI SPEAr driver
[    1.168100] tegra-ehci: Tegra EHCI driver
[    1.172453] ohci_hcd: USB 1.1 'Open' Host Controller (OHCI) Driver
[    1.179001] ohci-pci: OHCI PCI platform driver
[    1.183763] ohci-platform: OHCI generic platform driver
[    1.189405] ohci-omap3: OHCI OMAP3 driver
[    1.193753] SPEAr-ohci: OHCI SPEAr driver
[    1.198711] usbcore: registered new interface driver usb-storage
[    1.206965] mousedev: PS/2 mouse device common for all mice
[    1.215558] i2c /dev entries driver
[    1.220482] usbcore: registered new interface driver uvcvideo
[    1.226564] USB Video Class driver (1.1.1)
[    1.230877] gspca_main: v2.14.0 registered
[    1.237567] sdhci: Secure Digital Host Controller Interface driver
[    1.244097] sdhci: Copyright(c) Pierre Ossman
[    1.250028] omap_hsmmc 48060000.mmc: unable to get vmmc regulator -517
[    1.257113] platform 48060000.mmc: Driver omap_hsmmc requests probe deferral
[    1.264893] Synopsys Designware Multimedia Card Interface Driver
[    1.271816] sdhci-pltfm: SDHCI platform and OF driver helper
[    1.278901] usbcore: registered new interface driver usbhid
[    1.284795] usbhid: USB HID core driver
[    1.294094] TCP: cubic registered
[    1.297695] NET: Registered protocol family 17
[    1.302434] can: controller area network core (rev 20120528 abi 9)
[    1.309066] NET: Registered protocol family 29
[    1.313764] can: raw protocol (rev 20120528)
[    1.318270] can: broadcast manager protocol (rev 20120528 t)
[    1.324241] can: netlink gateway (rev 20130117) max_hops=1
[    1.330653] Key type dns_resolver registered
[    1.335460] omap_voltage_late_init: Voltage driver support not added
[    1.342936] ThumbEE CPU extension supported.
[    1.347528] Registering SWP/SWPB emulation handler
[    1.357668] omap_i2c 44e0b000.i2c: bus 0 rev0.11 at 400 kHz
[    1.365245] omap_hsmmc 48060000.mmc: unable to get vmmc regulator -517
[    1.372347] platform 48060000.mmc: Driver omap_hsmmc requests probe deferral
[    1.431010] davinci_mdio 4a101000.mdio: davinci mdio revision 1.6
[    1.437455] davinci_mdio 4a101000.mdio: detected phy mask fffffffe
[    1.444808] libphy: 4a101000.mdio: probed
[    1.449094] davinci_mdio 4a101000.mdio: phy[0]: device 4a101000.mdio:00, driver unknown
[    1.458784] cpsw 4a100000.ethernet: Detected MACID = 78:c5:e5:d5:61:68
[    1.467184] drivers/rtc/hctosys.c: unable to open rtc device (rtc0)
[    1.478693] net eth0: initializing cpsw version 1.12 (0)
[    1.488067] omap_hsmmc 48060000.mmc: unable to get vmmc regulator -517
[    1.495207] platform 48060000.mmc: Driver omap_hsmmc requests probe deferral
[    1.551390] net eth0: phy found : id is : 0x7c0f1
[    1.556450] libphy: PHY 4a101000.mdio:01 not found
[    1.561501] net eth0: phy 4a101000.mdio:01 not found on slave 1
[    4.551603] cpsw 4a100000.ethernet eth0: Link is Up - 100Mbps/Full - flow control rx/tx
[    4.571000] Sending DHCP requests ., OK
[    4.621472] IP-Config: Got DHCP answer from 192.168.0.1, my address is 192.168.0.140
[    4.629824] IP-Config: Complete:
[    4.633254]      device=eth0, hwaddr=78:c5:e5:d5:61:68, ipaddr=192.168.0.140, mask=255.255.255.0, gw=192.168.0.1
[    4.643946]      host=192.168.0.140, domain=tim.com, nis-domain=(none)
[    4.650808]      bootserver=192.168.0.1, rootserver=192.168.0.1, rootpath=
[    4.657849]      nameserver0=192.0.2.2, nameserver1=192.0.2.3
[    4.664217] vmmcsd_fixed: disabling
[    4.668038] ALSA device list:
[    4.671175]   No soundcards found.
[    4.675835] Waiting for root device PARTUUID=00000000-02...
[  130.155986] random: nonblocking pool is initialized

FOR DEBUG:URL:http://gtsystest.telogy.design.ti.com/vatf/tigtfarm06/tigtfarm06_vatf@beaglebone/tigtfarm0607_07_2014_06_48_56/files/session_iteration_1/test_1/dut1_1_log.txt
