- 06:49:13 [INFO] Starting target session
- 06:49:13 [INFO] Connected to beaglebone via serial 
- 06:49:13 [INFO] Host: #check prompt
- 06:49:16 [ERROR] On command: #check prompt waiting for #check prompt.+?(?-mix:((?-mix:login:)|[Pp]assword)) >>> error: execution expired
- 06:49:16 [INFO] Target: 
- 06:49:16 [INFO] Host: #check prompt
- 06:49:18 [ERROR] On command: #check prompt waiting for #check prompt.+?(?-mix:root@.+[@:#]+) >>> error: execution expired
- 06:49:18 [INFO] Target: 
- 06:49:18 [INFO] Disconnected serial from beaglebone
- 06:49:23 [INFO] Connected to beaglebone via serial 
- 06:49:23 [INFO] Host: 
- 06:49:26 [INFO] Target: 
U-Boot SPL 2014.07-00076-g8f725ef (Oct 09 2014 - 11:18:44)
reading args
spl_load_image_fat_os: error reading image args, err - -1
reading u-boot.img
reading u-boot.img
U-Boot 2014.07-00076-g8f725ef (Oct 09 2014 - 11:18:44), Build: jenkins-system_test_testing_kernel-500
I2C:   ready
DRAM:  256 MiB
NAND:  0 MiB
MMC:   OMAP SD/MMC: 0, OMAP SD/MMC: 1
reading uboot.env
** Unable to read "uboot.env" from mmc0:1 **
Using default environment
Net:   <ethaddr> not set. Validating first E-fuse MAC
cpsw, usb_ether
Hit any key to stop autoboot:  1  0 
U-Boot# 
U-Boot# 
U-Boot# 
U-Boot# 
U-Boot# 
U-Boot# 
U-Boot# 
- 06:49:26 [INFO] Host: 
- 06:49:26 [INFO] Target: 
U-Boot# 
- 06:49:26 [INFO] Host: version
- 06:49:26 [INFO] Target: 
U-Boot# version
U-Boot 2014.07-00076-g8f725ef (Oct 09 2014 - 11:18:44)
arm-linux-gnueabihf-gcc (crosstool-NG linaro-1.13.1-4.7-2013.03-20130313 - Linaro GCC 2013.03) 4.7.3 20130226 (prerelease)
GNU ld (crosstool-NG linaro-1.13.1-4.7-2013.03-20130313 - Linaro GCC 2013.03) 2.23.1
U-Boot# 
- 06:49:26 [INFO] Host: setenv bootargs 'console=ttyO0,115200n8 earlyprintk rootwait '
- 06:49:26 [INFO] Target: 
setenv bootargs 'console=ttyO0,115200n8 earlyprintk rootwait '
U-Boot# 
- 06:49:26 [INFO] Host: setenv bootcmd  ''
- 06:49:27 [INFO] Target: 
setenv bootcmd  ''
U-Boot# 
- 06:49:27 [INFO] Host: setenv autoload 'no'
- 06:49:27 [INFO] Target: 
setenv autoload 'no'
U-Boot# 
- 06:49:27 [INFO] Host: setenv serverip '192.168.0.1'
- 06:49:27 [INFO] Target: 
setenv serverip '192.168.0.1'
U-Boot# 
- 06:49:27 [INFO] Host: setenv mmcdev ' '
- 06:49:27 [INFO] Target: 
setenv mmcdev ' '
U-Boot# 
- 06:49:27 [INFO] Host: printenv
- 06:49:27 [INFO] Target: 
printenv
arch=arm
autoload=no
baudrate=115200
board=am335x
board_name=A335BONE
board_rev=00A6
boot_fdt=try
bootargs=console=ttyO0,115200n8 earlyprintk rootwait 
bootcmd=
bootcount=1
bootdelay=1
bootdir=/boot
bootenv=uEnv.txt
bootfile=zImage
bootm_size=0x10000000
bootpart=0:2
console=ttyO0,115200n8
cpu=armv7
dfu_alt_info_emmc=rawemmc raw 0 3751936
dfu_alt_info_mmc=boot part 0 1;rootfs part 0 2;MLO fat 0 1;MLO.raw raw 0x100 0x100;u-boot.img.raw raw 0x300 0x400;spl-os-args.raw raw 0x80 0x80;spl-os-image.raw raw 0x900 0x2000;spl-os-args fat 0 1;spl-os-image fat 0 1;u-boot.img fat 0 1;uEnv.txt fat 0 1
dfu_alt_info_nand=SPL part 0 1;SPL.backup1 part 0 2;SPL.backup2 part 0 3;SPL.backup3 part 0 4;u-boot part 0 5;u-boot-spl-os part 0 6;kernel part 0 8;rootfs part 0 9
dfu_alt_info_ram=kernel ram 0x80200000 0xD80000;fdt ram 0x80F80000 0x80000;ramdisk ram 0x81000000 0x4000000
eth1addr=78:c5:e5:d5:61:69
ethact=cpsw
ethaddr=78:c5:e5:d5:61:68
fdt_addr_r=0x88000000
fdtaddr=0x88000000
fdtfile=undefined
findfdt=if test $board_name = A335BONE; then setenv fdtfile am335x-bone.dtb; fi; if test $board_name = A335BNLT; then setenv fdtfile am335x-boneblack.dtb; fi; if test $board_name = A33515BB; then setenv fdtfile am335x-evm.dtb; fi; if test $board_name = A335X_SK; then setenv fdtfile am335x-evmsk.dtb; fi; if test $fdtfile = undefined; then echo WARNING: Could not determine device tree to use; fi; 
importbootenv=echo Importing environment from mmc ...; env import -t -r $loadaddr $filesize
kernel_addr_r=0x82000000
loadaddr=0x82000000
loadbootenv=load mmc ${mmcdev} ${loadaddr} ${bootenv}
loadfdt=load mmc ${bootpart} ${fdtaddr} ${bootdir}/${fdtfile}
loadimage=load mmc ${bootpart} ${loadaddr} ${bootdir}/${bootfile}
loadramdisk=load mmc ${mmcdev} ${rdaddr} ramdisk.gz
mmcargs=setenv bootargs console=${console} ${optargs} root=${mmcroot} rootfstype=${mmcrootfstype}
mmcboot=mmc dev ${mmcdev}; if mmc rescan; then echo SD/MMC found on device ${mmcdev};if run loadbootenv; then echo Loaded environment from ${bootenv};run importbootenv;fi;if test -n $uenvcmd; then echo Running uenvcmd ...;run uenvcmd;fi;if run loadimage; then run mmcloados;fi;fi;
mmcdev= 
mmcloados=run mmcargs; if test ${boot_fdt} = yes || test ${boot_fdt} = try; then if run loadfdt; then bootz ${loadaddr} - ${fdtaddr}; else if test ${boot_fdt} = try; then bootz; else echo WARN: Cannot load the DT; fi; fi; else bootz; fi;
mmcroot=/dev/mmcblk0p2 ro
mmcrootfstype=ext4 rootwait
mtdids=nand0=nand.0
mtdparts=mtdparts=nand.0:128k(NAND.SPL),128k(NAND.SPL.backup1),128k(NAND.SPL.backup2),128k(NAND.SPL.backup3),256k(NAND.u-boot-spl-os),1m(NAND.u-boot),128k(NAND.u-boot-env),128k(NAND.u-boot-env.backup1),8m(NAND.kernel),-(NAND.file-system)
nandargs=setenv bootargs console=${console} ${optargs} root=${nandroot} rootfstype=${nandrootfstype}
nandboot=echo Booting from nand ...; run nandargs; nand read ${fdtaddr} NAND.u-boot-spl-os; nand read ${loadaddr} NAND.kernel; bootz ${loadaddr} - ${fdtaddr}
nandroot=ubi0:rootfs rw ubi.mtd=NAND.file-system,2048
nandrootfstype=ubifs rootwait=1
netargs=setenv bootargs console=${console} ${optargs} root=/dev/nfs nfsroot=${serverip}:${rootpath},${nfsopts} rw ip=dhcp
netboot=echo Booting from network ...; setenv autoload no; dhcp; tftp ${loadaddr} ${bootfile}; tftp ${fdtaddr} ${fdtfile}; run netargs; bootz ${loadaddr} - ${fdtaddr}
nfsopts=nolock
partitions=uuid_disk=${uuid_gpt_disk};name=rootfs,start=2MiB,size=-,uuid=${uuid_gpt_rootfs}
ramargs=setenv bootargs console=${console} ${optargs} root=${ramroot} rootfstype=${ramrootfstype}
ramboot=echo Booting from ramdisk ...; run ramargs; bootz ${loadaddr} ${rdaddr} ${fdtaddr}
ramdisk_addr_r=0x88080000
ramroot=/dev/ram0 rw
ramrootfstype=ext2
rdaddr=0x88080000
rootpath=/export/rootfs
serverip=192.168.0.1
soc=am33xx
spiargs=setenv bootargs console=${console} ${optargs} root=${spiroot} rootfstype=${spirootfstype}
spiboot=echo Booting from spi ...; run spiargs; sf probe ${spibusno}:0; sf read ${loadaddr} ${spisrcaddr} ${spiimgsize}; bootz ${loadaddr}
spibusno=0
spiimgsize=0x362000
spiroot=/dev/mtdblock4 rw
spirootfstype=jffs2
spisrcaddr=0xe0000
static_ip=${ipaddr}:${serverip}:${gatewayip}:${netmask}:${hostname}::off
stderr=serial
stdin=serial
stdout=serial
usbnet_devaddr=78:c5:e5:d5:61:69
vendor=ti
ver=U-Boot 2014.07-00076-g8f725ef (Oct 09 2014 - 11:18:44)
Environment size: 4470/131068 bytes
U-Boot# 
- 06:49:27 [INFO] Host: printenv
- 06:49:28 [INFO] Target: 
printenv
arch=arm
autoload=no
baudrate=115200
board=am335x
board_name=A335BONE
board_rev=00A6
boot_fdt=try
bootargs=console=ttyO0,115200n8 earlyprintk rootwait 
bootcmd=
bootcount=1
bootdelay=1
bootdir=/boot
bootenv=uEnv.txt
bootfile=zImage
bootm_size=0x10000000
bootpart=0:2
console=ttyO0,115200n8
cpu=armv7
dfu_alt_info_emmc=rawemmc raw 0 3751936
dfu_alt_info_mmc=boot part 0 1;rootfs part 0 2;MLO fat 0 1;MLO.raw raw 0x100 0x100;u-boot.img.raw raw 0x300 0x400;spl-os-args.raw raw 0x80 0x80;spl-os-image.raw raw 0x900 0x2000;spl-os-args fat 0 1;spl-os-image fat 0 1;u-boot.img fat 0 1;uEnv.txt fat 0 1
dfu_alt_info_nand=SPL part 0 1;SPL.backup1 part 0 2;SPL.backup2 part 0 3;SPL.backup3 part 0 4;u-boot part 0 5;u-boot-spl-os part 0 6;kernel part 0 8;rootfs part 0 9
dfu_alt_info_ram=kernel ram 0x80200000 0xD80000;fdt ram 0x80F80000 0x80000;ramdisk ram 0x81000000 0x4000000
eth1addr=78:c5:e5:d5:61:69
ethact=cpsw
ethaddr=78:c5:e5:d5:61:68
fdt_addr_r=0x88000000
fdtaddr=0x88000000
fdtfile=undefined
findfdt=if test $board_name = A335BONE; then setenv fdtfile am335x-bone.dtb; fi; if test $board_name = A335BNLT; then setenv fdtfile am335x-boneblack.dtb; fi; if test $board_name = A33515BB; then setenv fdtfile am335x-evm.dtb; fi; if test $board_name = A335X_SK; then setenv fdtfile am335x-evmsk.dtb; fi; if test $fdtfile = undefined; then echo WARNING: Could not determine device tree to use; fi; 
importbootenv=echo Importing environment from mmc ...; env import -t -r $loadaddr $filesize
kernel_addr_r=0x82000000
loadaddr=0x82000000
loadbootenv=load mmc ${mmcdev} ${loadaddr} ${bootenv}
loadfdt=load mmc ${bootpart} ${fdtaddr} ${bootdir}/${fdtfile}
loadimage=load mmc ${bootpart} ${loadaddr} ${bootdir}/${bootfile}
loadramdisk=load mmc ${mmcdev} ${rdaddr} ramdisk.gz
mmcargs=setenv bootargs console=${console} ${optargs} root=${mmcroot} rootfstype=${mmcrootfstype}
mmcboot=mmc dev ${mmcdev}; if mmc rescan; then echo SD/MMC found on device ${mmcdev};if run loadbootenv; then echo Loaded environment from ${bootenv};run importbootenv;fi;if test -n $uenvcmd; then echo Running uenvcmd ...;run uenvcmd;fi;if run loadimage; then run mmcloados;fi;fi;
mmcdev= 
mmcloados=run mmcargs; if test ${boot_fdt} = yes || test ${boot_fdt} = try; then if run loadfdt; then bootz ${loadaddr} - ${fdtaddr}; else if test ${boot_fdt} = try; then bootz; else echo WARN: Cannot load the DT; fi; fi; else bootz; fi;
mmcroot=/dev/mmcblk0p2 ro
mmcrootfstype=ext4 rootwait
mtdids=nand0=nand.0
mtdparts=mtdparts=nand.0:128k(NAND.SPL),128k(NAND.SPL.backup1),128k(NAND.SPL.backup2),128k(NAND.SPL.backup3),256k(NAND.u-boot-spl-os),1m(NAND.u-boot),128k(NAND.u-boot-env),128k(NAND.u-boot-env.backup1),8m(NAND.kernel),-(NAND.file-system)
nandargs=setenv bootargs console=${console} ${optargs} root=${nandroot} rootfstype=${nandrootfstype}
nandboot=echo Booting from nand ...; run nandargs; nand read ${fdtaddr} NAND.u-boot-spl-os; nand read ${loadaddr} NAND.kernel; bootz ${loadaddr} - ${fdtaddr}
nandroot=ubi0:rootfs rw ubi.mtd=NAND.file-system,2048
nandrootfstype=ubifs rootwait=1
netargs=setenv bootargs console=${console} ${optargs} root=/dev/nfs nfsroot=${serverip}:${rootpath},${nfsopts} rw ip=dhcp
netboot=echo Booting from network ...; setenv autoload no; dhcp; tftp ${loadaddr} ${bootfile}; tftp ${fdtaddr} ${fdtfile}; run netargs; bootz ${loadaddr} - ${fdtaddr}
nfsopts=nolock
partitions=uuid_disk=${uuid_gpt_disk};name=rootfs,start=2MiB,size=-,uuid=${uuid_gpt_rootfs}
ramargs=setenv bootargs console=${console} ${optargs} root=${ramroot} rootfstype=${ramrootfstype}
ramboot=echo Booting from ramdisk ...; run ramargs; bootz ${loadaddr} ${rdaddr} ${fdtaddr}
ramdisk_addr_r=0x88080000
ramroot=/dev/ram0 rw
ramrootfstype=ext2
rdaddr=0x88080000
rootpath=/export/rootfs
serverip=192.168.0.1
soc=am33xx
spiargs=setenv bootargs console=${console} ${optargs} root=${spiroot} rootfstype=${spirootfstype}
spiboot=echo Booting from spi ...; run spiargs; sf probe ${spibusno}:0; sf read ${loadaddr} ${spisrcaddr} ${spiimgsize}; bootz ${loadaddr}
spibusno=0
spiimgsize=0x362000
spiroot=/dev/mtdblock4 rw
spirootfstype=jffs2
spisrcaddr=0xe0000
static_ip=${ipaddr}:${serverip}:${gatewayip}:${netmask}:${hostname}::off
stderr=serial
stdin=serial
stdout=serial
usbnet_devaddr=78:c5:e5:d5:61:69
vendor=ti
ver=U-Boot 2014.07-00076-g8f725ef (Oct 09 2014 - 11:18:44)
Environment size: 4470/131068 bytes
U-Boot# 
- 06:49:28 [INFO] Host: setenv bootargs ''${bootargs}' ip=:::::eth0:dhcp '
- 06:49:28 [INFO] Target: 
setenv bootargs ''${bootargs}' ip=:::::eth0:dhcp '
U-Boot# 
- 06:49:28 [INFO] Host: setenv serverip '192.168.0.1'
- 06:49:28 [INFO] Target: 
setenv serverip '192.168.0.1'
U-Boot# 
- 06:49:28 [INFO] Host: setenv ipaddr dhcp
- 06:49:28 [INFO] Target: 
setenv ipaddr dhcp
U-Boot# 
- 06:49:28 [INFO] Host: setenv autoload 'no'
- 06:49:28 [INFO] Target: 
setenv autoload 'no'
U-Boot# 
- 06:49:28 [INFO] Host: dhcp
- 06:49:29 [INFO] Target: 
dhcp
link up on port 0, speed 100, full duplex
BOOTP broadcast 1
DHCP client bound to address 192.168.0.160
U-Boot# 
- 06:49:29 [INFO] Host: setenv serverip '192.168.0.1'
- 06:49:29 [INFO] Target: 
setenv serverip '192.168.0.1'
U-Boot# 
- 06:49:29 [INFO] Host: tftp ${loadaddr} 192.168.0.1:vatf_beaglebone/2d3127d81b54b98f05907452ce20be2f
- 06:49:31 [INFO] Target: 
tftp ${loadaddr} 192.168.0.1:vatf_beaglebone/2d3127d81b54b98f05907452ce20be2f
link up on port 0, speed 100, full duplex
Using cpsw device
TFTP from server 192.168.0.1; our IP address is 192.168.0.160
Filename 'vatf_beaglebone/2d3127d81b54b98f05907452ce20be2f'.
Load address: 0x82000000
Loading: *#################################################################
	 #################################################################
	 #################################################################
	 #################################################################
	 #################################################################
	 #################################################################
	 #######################################
	 4.2 MiB/s
done
Bytes transferred = 6294928 (600d90 hex)
U-Boot# 
- 06:49:31 [INFO] Host: tftp ${fdt_addr_r} 192.168.0.1:vatf_beaglebone/a0e1a2accded4a331e0b128ba1790e5a
- 06:49:31 [INFO] Target: 
tftp ${fdt_addr_r} 192.168.0.1:vatf_beaglebone/a0e1a2accded4a331e0b128ba1790e5a
link up on port 0, speed 100, full duplex
Using cpsw device
TFTP from server 192.168.0.1; our IP address is 192.168.0.160
Filename 'vatf_beaglebone/a0e1a2accded4a331e0b128ba1790e5a'.
Load address: 0x88000000
Loading: *###
	 3.6 MiB/s
done
Bytes transferred = 30396 (76bc hex)
U-Boot# 
- 06:49:31 [INFO] Host: ls mmc 0:1
- 06:49:31 [INFO] Target: 
ls mmc 0:1
    77532   mlo 
   447164   u-boot.img 
  2629467   u-boot 
   447100   u-boot.bin 
   907613   u-boot-spl 
    77012   u-boot-spl.bin 
      259   uboot_build.txt 
       14   .ipaddr 
            windows_users/
        0   pointercal 
            old_uboot/
        4   ws-calibrate.rules 
10 file(s), 2 dir(s)
U-Boot# 
- 06:49:31 [INFO] Host: ls mmc 0:2
- 06:49:31 [INFO] Target: 
ls mmc 0:2
<DIR>       4096 .
<DIR>       4096 ..
<DIR>       4096 bin
<DIR>       4096 boot
<DIR>       4096 dev
<DIR>       4096 etc
<DIR>       4096 home
<DIR>       4096 lib
<DIR>       4096 media
<DIR>       4096 mnt
<DIR>       4096 opt
<DIR>       4096 proc
<SYM>          8 run
<DIR>       4096 sbin
<DIR>       4096 srv
<DIR>       4096 sys
<SYM>          8 tmp
<DIR>       4096 usr
<DIR>       4096 var
<DIR>       4096 www
<DIR>       4096 Settings
<DIR>       4096 test
U-Boot# 
- 06:49:31 [INFO] Host: part uuid mmc 0:2
- 06:49:31 [INFO] Target: 
part uuid mmc 0:2
00000000-02
U-Boot# 
- 06:49:31 [INFO] Host: printenv
- 06:49:32 [INFO] Target: 
printenv
arch=arm
autoload=no
baudrate=115200
board=am335x
board_name=A335BONE
board_rev=00A6
boot_fdt=try
bootargs=console=ttyO0,115200n8 earlyprintk rootwait  ip=:::::eth0:dhcp 
bootcmd=
bootcount=1
bootdelay=1
bootdir=/boot
bootenv=uEnv.txt
bootfile=zImage
bootm_size=0x10000000
bootpart=0:2
console=ttyO0,115200n8
cpu=armv7
dfu_alt_info_emmc=rawemmc raw 0 3751936
dfu_alt_info_mmc=boot part 0 1;rootfs part 0 2;MLO fat 0 1;MLO.raw raw 0x100 0x100;u-boot.img.raw raw 0x300 0x400;spl-os-args.raw raw 0x80 0x80;spl-os-image.raw raw 0x900 0x2000;spl-os-args fat 0 1;spl-os-image fat 0 1;u-boot.img fat 0 1;uEnv.txt fat 0 1
dfu_alt_info_nand=SPL part 0 1;SPL.backup1 part 0 2;SPL.backup2 part 0 3;SPL.backup3 part 0 4;u-boot part 0 5;u-boot-spl-os part 0 6;kernel part 0 8;rootfs part 0 9
dfu_alt_info_ram=kernel ram 0x80200000 0xD80000;fdt ram 0x80F80000 0x80000;ramdisk ram 0x81000000 0x4000000
dnsip=192.0.2.2
dnsip2=192.0.2.3
eth1addr=78:c5:e5:d5:61:69
ethact=cpsw
ethaddr=78:c5:e5:d5:61:68
fdt_addr_r=0x88000000
fdtaddr=0x88000000
fdtfile=undefined
fileaddr=88000000
filesize=76bc
findfdt=if test $board_name = A335BONE; then setenv fdtfile am335x-bone.dtb; fi; if test $board_name = A335BNLT; then setenv fdtfile am335x-boneblack.dtb; fi; if test $board_name = A33515BB; then setenv fdtfile am335x-evm.dtb; fi; if test $board_name = A335X_SK; then setenv fdtfile am335x-evmsk.dtb; fi; if test $fdtfile = undefined; then echo WARNING: Could not determine device tree to use; fi; 
gatewayip=192.168.0.1
importbootenv=echo Importing environment from mmc ...; env import -t -r $loadaddr $filesize
ipaddr=192.168.0.160
kernel_addr_r=0x82000000
loadaddr=0x82000000
loadbootenv=load mmc ${mmcdev} ${loadaddr} ${bootenv}
loadfdt=load mmc ${bootpart} ${fdtaddr} ${bootdir}/${fdtfile}
loadimage=load mmc ${bootpart} ${loadaddr} ${bootdir}/${bootfile}
loadramdisk=load mmc ${mmcdev} ${rdaddr} ramdisk.gz
mmcargs=setenv bootargs console=${console} ${optargs} root=${mmcroot} rootfstype=${mmcrootfstype}
mmcboot=mmc dev ${mmcdev}; if mmc rescan; then echo SD/MMC found on device ${mmcdev};if run loadbootenv; then echo Loaded environment from ${bootenv};run importbootenv;fi;if test -n $uenvcmd; then echo Running uenvcmd ...;run uenvcmd;fi;if run loadimage; then run mmcloados;fi;fi;
mmcdev= 
mmcloados=run mmcargs; if test ${boot_fdt} = yes || test ${boot_fdt} = try; then if run loadfdt; then bootz ${loadaddr} - ${fdtaddr}; else if test ${boot_fdt} = try; then bootz; else echo WARN: Cannot load the DT; fi; fi; else bootz; fi;
mmcroot=/dev/mmcblk0p2 ro
mmcrootfstype=ext4 rootwait
mtdids=nand0=nand.0
mtdparts=mtdparts=nand.0:128k(NAND.SPL),128k(NAND.SPL.backup1),128k(NAND.SPL.backup2),128k(NAND.SPL.backup3),256k(NAND.u-boot-spl-os),1m(NAND.u-boot),128k(NAND.u-boot-env),128k(NAND.u-boot-env.backup1),8m(NAND.kernel),-(NAND.file-system)
nandargs=setenv bootargs console=${console} ${optargs} root=${nandroot} rootfstype=${nandrootfstype}
nandboot=echo Booting from nand ...; run nandargs; nand read ${fdtaddr} NAND.u-boot-spl-os; nand read ${loadaddr} NAND.kernel; bootz ${loadaddr} - ${fdtaddr}
nandroot=ubi0:rootfs rw ubi.mtd=NAND.file-system,2048
nandrootfstype=ubifs rootwait=1
netargs=setenv bootargs console=${console} ${optargs} root=/dev/nfs nfsroot=${serverip}:${rootpath},${nfsopts} rw ip=dhcp
netboot=echo Booting from network ...; setenv autoload no; dhcp; tftp ${loadaddr} ${bootfile}; tftp ${fdtaddr} ${fdtfile}; run netargs; bootz ${loadaddr} - ${fdtaddr}
netmask=255.255.255.0
nfsopts=nolock
partitions=uuid_disk=${uuid_gpt_disk};name=rootfs,start=2MiB,size=-,uuid=${uuid_gpt_rootfs}
ramargs=setenv bootargs console=${console} ${optargs} root=${ramroot} rootfstype=${ramrootfstype}
ramboot=echo Booting from ramdisk ...; run ramargs; bootz ${loadaddr} ${rdaddr} ${fdtaddr}
ramdisk_addr_r=0x88080000
ramroot=/dev/ram0 rw
ramrootfstype=ext2
rdaddr=0x88080000
rootpath=/export/rootfs
serverip=192.168.0.1
soc=am33xx
spiargs=setenv bootargs console=${console} ${optargs} root=${spiroot} rootfstype=${spirootfstype}
spiboot=echo Booting from spi ...; run spiargs; sf probe ${spibusno}:0; sf read ${loadaddr} ${spisrcaddr} ${spiimgsize}; bootz ${loadaddr}
spibusno=0
spiimgsize=0x362000
spiroot=/dev/mtdblock4 rw
spirootfstype=jffs2
spisrcaddr=0xe0000
static_ip=${ipaddr}:${serverip}:${gatewayip}:${netmask}:${hostname}::off
stderr=serial
stdin=serial
stdout=serial
usbnet_devaddr=78:c5:e5:d5:61:69
vendor=ti
ver=U-Boot 2014.07-00076-g8f725ef (Oct 09 2014 - 11:18:44)
Environment size: 4633/131068 bytes
U-Boot# 
- 06:49:32 [INFO] Host: setenv bootargs ''${bootargs}' root=PARTUUID=00000000-02 rw rootfstype=ext4 rootwait '
- 06:49:32 [INFO] Target: 
setenv bootargs ''${bootargs}' root=PARTUUID=00000000-02 rw rootfstype=ext4 rootwait '
U-Boot# 
- 06:49:32 [INFO] Host: printenv
- 06:49:32 [INFO] Target: 
printenv
arch=arm
autoload=no
baudrate=115200
board=am335x
board_name=A335BONE
board_rev=00A6
boot_fdt=try
bootargs=console=ttyO0,115200n8 earlyprintk rootwait  ip=:::::eth0:dhcp  root=PARTUUID=00000000-02 rw rootfstype=ext4 rootwait 
bootcmd=
bootcount=1
bootdelay=1
bootdir=/boot
bootenv=uEnv.txt
bootfile=zImage
bootm_size=0x10000000
bootpart=0:2
console=ttyO0,115200n8
cpu=armv7
dfu_alt_info_emmc=rawemmc raw 0 3751936
dfu_alt_info_mmc=boot part 0 1;rootfs part 0 2;MLO fat 0 1;MLO.raw raw 0x100 0x100;u-boot.img.raw raw 0x300 0x400;spl-os-args.raw raw 0x80 0x80;spl-os-image.raw raw 0x900 0x2000;spl-os-args fat 0 1;spl-os-image fat 0 1;u-boot.img fat 0 1;uEnv.txt fat 0 1
dfu_alt_info_nand=SPL part 0 1;SPL.backup1 part 0 2;SPL.backup2 part 0 3;SPL.backup3 part 0 4;u-boot part 0 5;u-boot-spl-os part 0 6;kernel part 0 8;rootfs part 0 9
dfu_alt_info_ram=kernel ram 0x80200000 0xD80000;fdt ram 0x80F80000 0x80000;ramdisk ram 0x81000000 0x4000000
dnsip=192.0.2.2
dnsip2=192.0.2.3
eth1addr=78:c5:e5:d5:61:69
ethact=cpsw
ethaddr=78:c5:e5:d5:61:68
fdt_addr_r=0x88000000
fdtaddr=0x88000000
fdtfile=undefined
fileaddr=88000000
filesize=76bc
findfdt=if test $board_name = A335BONE; then setenv fdtfile am335x-bone.dtb; fi; if test $board_name = A335BNLT; then setenv fdtfile am335x-boneblack.dtb; fi; if test $board_name = A33515BB; then setenv fdtfile am335x-evm.dtb; fi; if test $board_name = A335X_SK; then setenv fdtfile am335x-evmsk.dtb; fi; if test $fdtfile = undefined; then echo WARNING: Could not determine device tree to use; fi; 
gatewayip=192.168.0.1
importbootenv=echo Importing environment from mmc ...; env import -t -r $loadaddr $filesize
ipaddr=192.168.0.160
kernel_addr_r=0x82000000
loadaddr=0x82000000
loadbootenv=load mmc ${mmcdev} ${loadaddr} ${bootenv}
loadfdt=load mmc ${bootpart} ${fdtaddr} ${bootdir}/${fdtfile}
loadimage=load mmc ${bootpart} ${loadaddr} ${bootdir}/${bootfile}
loadramdisk=load mmc ${mmcdev} ${rdaddr} ramdisk.gz
mmcargs=setenv bootargs console=${console} ${optargs} root=${mmcroot} rootfstype=${mmcrootfstype}
mmcboot=mmc dev ${mmcdev}; if mmc rescan; then echo SD/MMC found on device ${mmcdev};if run loadbootenv; then echo Loaded environment from ${bootenv};run importbootenv;fi;if test -n $uenvcmd; then echo Running uenvcmd ...;run uenvcmd;fi;if run loadimage; then run mmcloados;fi;fi;
mmcdev= 
mmcloados=run mmcargs; if test ${boot_fdt} = yes || test ${boot_fdt} = try; then if run loadfdt; then bootz ${loadaddr} - ${fdtaddr}; else if test ${boot_fdt} = try; then bootz; else echo WARN: Cannot load the DT; fi; fi; else bootz; fi;
mmcroot=/dev/mmcblk0p2 ro
mmcrootfstype=ext4 rootwait
mtdids=nand0=nand.0
mtdparts=mtdparts=nand.0:128k(NAND.SPL),128k(NAND.SPL.backup1),128k(NAND.SPL.backup2),128k(NAND.SPL.backup3),256k(NAND.u-boot-spl-os),1m(NAND.u-boot),128k(NAND.u-boot-env),128k(NAND.u-boot-env.backup1),8m(NAND.kernel),-(NAND.file-system)
nandargs=setenv bootargs console=${console} ${optargs} root=${nandroot} rootfstype=${nandrootfstype}
nandboot=echo Booting from nand ...; run nandargs; nand read ${fdtaddr} NAND.u-boot-spl-os; nand read ${loadaddr} NAND.kernel; bootz ${loadaddr} - ${fdtaddr}
nandroot=ubi0:rootfs rw ubi.mtd=NAND.file-system,2048
nandrootfstype=ubifs rootwait=1
netargs=setenv bootargs console=${console} ${optargs} root=/dev/nfs nfsroot=${serverip}:${rootpath},${nfsopts} rw ip=dhcp
netboot=echo Booting from network ...; setenv autoload no; dhcp; tftp ${loadaddr} ${bootfile}; tftp ${fdtaddr} ${fdtfile}; run netargs; bootz ${loadaddr} - ${fdtaddr}
netmask=255.255.255.0
nfsopts=nolock
partitions=uuid_disk=${uuid_gpt_disk};name=rootfs,start=2MiB,size=-,uuid=${uuid_gpt_rootfs}
ramargs=setenv bootargs console=${console} ${optargs} root=${ramroot} rootfstype=${ramrootfstype}
ramboot=echo Booting from ramdisk ...; run ramargs; bootz ${loadaddr} ${rdaddr} ${fdtaddr}
ramdisk_addr_r=0x88080000
ramroot=/dev/ram0 rw
ramrootfstype=ext2
rdaddr=0x88080000
rootpath=/export/rootfs
serverip=192.168.0.1
soc=am33xx
spiargs=setenv bootargs console=${console} ${optargs} root=${spiroot} rootfstype=${spirootfstype}
spiboot=echo Booting from spi ...; run spiargs; sf probe ${spibusno}:0; sf read ${loadaddr} ${spisrcaddr} ${spiimgsize}; bootz ${loadaddr}
spibusno=0
spiimgsize=0x362000
spiroot=/dev/mtdblock4 rw
spirootfstype=jffs2
spisrcaddr=0xe0000
static_ip=${ipaddr}:${serverip}:${gatewayip}:${netmask}:${hostname}::off
stderr=serial
stdin=serial
stdout=serial
usbnet_devaddr=78:c5:e5:d5:61:69
vendor=ti
ver=U-Boot 2014.07-00076-g8f725ef (Oct 09 2014 - 11:18:44)
Environment size: 4688/131068 bytes
U-Boot# 
- 06:49:32 [INFO] Host: setenv bootcmd ''${bootcmd}' if iminfo ${loadaddr}; then bootm ${loadaddr} - ${fdt_addr_r}; else bootz ${loadaddr} - ${fdt_addr_r}; bootm ${loadaddr} - ${fdt_addr_r}; fi'
- 06:49:33 [INFO] Target: 
setenv bootcmd ''${bootcmd}' if iminfo ${loadaddr}; then bootm ${loadaddr} - ${fdt_addr_r}; else bootz ${loadaddr} - ${fdt_addr_r}; bootm ${loadaddr} - ${fdt_addr_r}; fi'
U-Boot# 
- 06:49:33 [INFO] Host: bdinfo
- 06:49:33 [INFO] Target: 
bdinfo
arch_number = 0x00000E05
boot_params = 0x80000100
DRAM bank   = 0x00000000
-> start    = 0x80000000
-> size     = 0x10000000
eth0name    = cpsw
ethaddr     = 78:c5:e5:d5:61:68
eth1name    = usb_ether
eth1addr    = 78:c5:e5:d5:61:69
current eth = cpsw
ip_addr     = 192.168.0.160
baudrate    = 115200 bps
TLB addr    = 0x8FFF0000
relocaddr   = 0x8F741000
reloc off   = 0x0EF41000
irq_sp      = 0x8E720EE0
sp start    = 0x8E720ED0
U-Boot# 
- 06:49:33 [INFO] Host: mmc rescan
- 06:49:33 [INFO] Target: 
mmc rescan
U-Boot# 
- 06:49:33 [INFO] Host: fatwrite mmc ${mmcdev}:1 ${loadaddr} ws-calibrate.rules 4
- 06:49:33 [INFO] Target: 
fatwrite mmc ${mmcdev}:1 ${loadaddr} ws-calibrate.rules 4
writing ws-calibrate.rules
4 bytes written
U-Boot# 
- 06:49:33 [INFO] Host: boot
- 06:52:03 [ERROR] On command: boot waiting for boot.+?(?-mix:login:) >>> error: execution expired
- 06:52:03 [INFO] Target: 
boot
## Checking Image at 82000000 ...
Unknown image format!
Kernel image @ 0x82000000 [ 0x000000 - 0x600d90 ]
## Flattened Device Tree blob at 88000000
   Booting using the fdt blob at 0x88000000
   Loading Device Tree to 8e715000, end 8e71f6bb ... OK
Starting kernel ...
[    0.000000] Booting Linux on physical CPU 0x0
[    0.000000] Linux version 4.2.0-rc2-next-20150716-00002-g5b2ace34a237 (nmenon@kahuna) (gcc version 4.6.3 (Ubuntu/Linaro 4.6.3-1ubuntu5) ) #1 SMP Thu Jul 16 05:58:53 CDT 2015
[    0.000000] CPU: ARMv7 Processor [413fc082] revision 2 (ARMv7), cr=10c5387d
[    0.000000] CPU: PIPT / VIPT nonaliasing data cache, VIPT aliasing instruction cache
[    0.000000] Machine model: TI AM335x BeagleBone
[    0.000000] cma: Reserved 64 MiB at 0x8a000000
[    0.000000] Memory policy: Data cache writeback
[    0.000000] CPU: All CPU(s) started in SVC mode.
[    0.000000] AM335X ES1.0 (sgx neon )
[    0.000000] PERCPU: Embedded 11 pages/cpu @cfca7000 s15040 r8192 d21824 u45056
[    0.000000] Built 1 zonelists in Zone order, mobility grouping on.  Total pages: 64768
[    0.000000] Kernel command line: console=ttyO0,115200n8 earlyprintk rootwait  ip=:::::eth0:dhcp  root=PARTUUID=00000000-02 rw rootfstype=ext4 rootwait 
[    0.000000] PID hash table entries: 1024 (order: 0, 4096 bytes)
[    0.000000] Dentry cache hash table entries: 32768 (order: 5, 131072 bytes)
[    0.000000] Inode-cache hash table entries: 16384 (order: 4, 65536 bytes)
[    0.000000] Memory: 178988K/261120K available (8067K kernel code, 1022K rwdata, 3548K rodata, 964K init, 337K bss, 16596K reserved, 65536K cma-reserved, 0K highmem)
[    0.000000] Virtual kernel memory layout:
[    0.000000]     vector  : 0xffff0000 - 0xffff1000   (   4 kB)
[    0.000000]     fixmap  : 0xffc00000 - 0xfff00000   (3072 kB)
[    0.000000]     vmalloc : 0xd0800000 - 0xff000000   ( 744 MB)
[    0.000000]     lowmem  : 0xc0000000 - 0xd0000000   ( 256 MB)
[    0.000000]     pkmap   : 0xbfe00000 - 0xc0000000   (   2 MB)
[    0.000000]     modules : 0xbf000000 - 0xbfe00000   (  14 MB)
[    0.000000]       .text : 0xc0208000 - 0xc0d60ca4   (11620 kB)
[    0.000000]       .init : 0xc0d61000 - 0xc0e52000   ( 964 kB)
[    0.000000]       .data : 0xc0e52000 - 0xc0f51a40   (1023 kB)
[    0.000000]        .bss : 0xc0f54000 - 0xc0fa8618   ( 338 kB)
[    0.000000] SLUB: HWalign=64, Order=0-3, MinObjects=0, CPUs=1, Nodes=1
[    0.000000] Hierarchical RCU implementation.
[    0.000000] 	Build-time adjustment of leaf fanout to 32.
[    0.000000] 	RCU restricting CPUs from NR_CPUS=16 to nr_cpu_ids=1.
[    0.000000] RCU: Adjusting geometry for rcu_fanout_leaf=32, nr_cpu_ids=1
[    0.000000] NR_IRQS:16 nr_irqs:16 16
[    0.000000] IRQ: Found an INTC at 0xfa200000 (revision 5.0) with 128 interrupts
[    0.000000] OMAP clockevent source: timer2 at 24000000 Hz
[    0.000018] sched_clock: 32 bits at 24MHz, resolution 41ns, wraps every 89478484971ns
[    0.000042] clocksource: timer1: mask: 0xffffffff max_cycles: 0xffffffff, max_idle_ns: 79635851949 ns
[    0.000056] OMAP clocksource: timer1 at 24000000 Hz
[    0.000279] Console: colour dummy device 80x30
[    0.000321] Calibrating delay loop... 717.61 BogoMIPS (lpj=1794048)
[    0.059099] pid_max: default: 32768 minimum: 301
[    0.059264] Mount-cache hash table entries: 1024 (order: 0, 4096 bytes)
[    0.059280] Mountpoint-cache hash table entries: 1024 (order: 0, 4096 bytes)
[    0.060128] CPU: Testing write buffer coherency: ok
[    0.060544] CPU0: thread -1, cpu 0, socket -1, mpidr 0
[    0.060664] Setting up static identity map for 0x80209000 - 0x80209098
[    0.064515] Brought up 1 CPUs
[    0.064540] SMP: Total of 1 processors activated (717.61 BogoMIPS).
[    0.064551] CPU: All CPU(s) started in SVC mode.
[    0.065325] devtmpfs: initialized
[    0.077226] VFP support v0.3: implementor 41 architecture 3 part 30 variant c rev 3
[    0.091462] omap_hwmod: tptc0 using broken dt data from edma
[    0.091631] omap_hwmod: tptc1 using broken dt data from edma
[    0.091777] omap_hwmod: tptc2 using broken dt data from edma
[    0.096927] omap_hwmod: debugss: _wait_target_disable failed
[    0.153116] clocksource: jiffies: mask: 0xffffffff max_cycles: 0xffffffff, max_idle_ns: 9556302231375000 ns
[    0.158470] pinctrl core: initialized pinctrl subsystem
[    0.161306] NET: Registered protocol family 16
[    0.164373] DMA: preallocated 256 KiB pool for atomic coherent allocations
[    0.166721] cpuidle: using governor ladder
[    0.166747] cpuidle: using governor menu
[    0.171940] OMAP GPIO hardware version 0.1
[    0.182870] No ATAGs?
[    0.182907] hw-breakpoint: debug architecture 0x4 unsupported.
[    0.187430] Serial: AMBA PL011 UART driver
[    0.212192] edma-dma-engine edma-dma-engine.0: TI EDMA DMA engine driver
[    0.215997] vgaarb: loaded
[    0.217036] SCSI subsystem initialized
[    0.217841] usbcore: registered new interface driver usbfs
[    0.217928] usbcore: registered new interface driver hub
[    0.218006] usbcore: registered new device driver usb
[    0.218907] omap_i2c 44e0b000.i2c: could not find pctldev for node /ocp/l4_wkup@44c00000/scm@210000/pinmux@800/pinmux_i2c0_pins, deferring probe
[    0.218967] omap_i2c 4819c000.i2c: could not find pctldev for node /ocp/l4_wkup@44c00000/scm@210000/pinmux@800/pinmux_i2c2_pins, deferring probe
[    0.219766] pps_core: LinuxPPS API ver. 1 registered
[    0.219779] pps_core: Software ver. 5.3.6 - Copyright 2005-2007 Rodolfo Giometti <giometti@linux.it>
[    0.219814] PTP clock support registered
[    0.220053] EDAC MC: Ver: 3.0.0
[    0.223493] clocksource: Switched to clocksource timer1
[    0.237749] NET: Registered protocol family 2
[    0.238715] TCP established hash table entries: 2048 (order: 1, 8192 bytes)
[    0.238757] TCP bind hash table entries: 2048 (order: 2, 16384 bytes)
[    0.238804] TCP: Hash tables configured (established 2048 bind 2048)
[    0.238897] UDP hash table entries: 256 (order: 1, 8192 bytes)
[    0.238924] UDP-Lite hash table entries: 256 (order: 1, 8192 bytes)
[    0.239135] NET: Registered protocol family 1
[    0.239614] RPC: Registered named UNIX socket transport module.
[    0.239632] RPC: Registered udp transport module.
[    0.239640] RPC: Registered tcp transport module.
[    0.239648] RPC: Registered tcp NFSv4.1 backchannel transport module.
[    0.240834] hw perfevents: Failed to parse /pmu/interrupt-affinity[0]
[    0.240903] hw perfevents: enabled with armv7_cortex_a8 PMU driver, 5 counters available
[    0.243246] futex hash table entries: 256 (order: 2, 16384 bytes)
[    0.259995] squashfs: version 4.0 (2009/01/31) Phillip Lougher
[    0.261386] NFS: Registering the id_resolver key type
[    0.261467] Key type id_resolver registered
[    0.261478] Key type id_legacy registered
[    0.261569] ntfs: driver 2.1.32 [Flags: R/O].
[    0.263385] Block layer SCSI generic (bsg) driver version 0.4 loaded (major 249)
[    0.263414] io scheduler noop registered
[    0.263428] io scheduler deadline registered
[    0.263812] io scheduler cfq registered (default)
[    0.267650] pinctrl-single 44e10800.pinmux: 142 pins at pa f9e10800 size 568
[    0.355685] Serial: 8250/16550 driver, 4 ports, IRQ sharing disabled
[    0.359078] SuperH (H)SCI(F) driver initialized
[    0.359957] msm_serial: driver initialized
[    0.360635] omap_uart 44e09000.serial: no wakeirq for uart0
[    0.360857] 44e09000.serial: ttyO0 at MMIO 0x44e09000 (irq = 154, base_baud = 3000000) is a OMAP UART0
[    1.029117] console [ttyO0] enabled
[    1.033504] STMicroelectronics ASC driver initialized
[    1.040537] [drm] Initialized drm 1.1.0 20060810
[    1.054729] loop: module loaded
[    1.066155] CAN device driver interface
[    1.071331] igb: Intel(R) Gigabit Ethernet Network Driver - version 5.2.18-k
[    1.078778] igb: Copyright (c) 2007-2014 Intel Corporation.
[    1.087231] pegasus: v0.9.3 (2013/04/25), Pegasus/Pegasus II USB Ethernet driver
[    1.095169] usbcore: registered new interface driver pegasus
[    1.101244] usbcore: registered new interface driver asix
[    1.107008] usbcore: registered new interface driver ax88179_178a
[    1.113512] usbcore: registered new interface driver cdc_ether
[    1.119745] usbcore: registered new interface driver smsc75xx
[    1.125894] usbcore: registered new interface driver smsc95xx
[    1.132013] usbcore: registered new interface driver net1080
[    1.138039] usbcore: registered new interface driver cdc_subset
[    1.144336] usbcore: registered new interface driver zaurus
[    1.150344] usbcore: registered new interface driver cdc_ncm
[    1.158226] ehci_hcd: USB 2.0 'Enhanced' Host Controller (EHCI) Driver
[    1.165157] ehci-pci: EHCI PCI platform driver
[    1.169931] ehci-platform: EHCI generic platform driver
[    1.175669] ehci-omap: OMAP-EHCI Host Controller driver
[    1.181346] ehci-orion: EHCI orion driver
[    1.185728] SPEAr-ehci: EHCI SPEAr driver
[    1.190112] ehci-st: EHCI STMicroelectronics driver
[    1.195399] ehci-exynos: EHCI EXYNOS driver
[    1.199966] ehci-atmel: EHCI Atmel driver
[    1.204330] tegra-ehci: Tegra EHCI driver
[    1.208716] ohci_hcd: USB 1.1 'Open' Host Controller (OHCI) Driver
[    1.215263] ohci-pci: OHCI PCI platform driver
[    1.220053] ohci-platform: OHCI generic platform driver
[    1.225747] ohci-omap3: OHCI OMAP3 driver
[    1.230131] SPEAr-ohci: OHCI SPEAr driver
[    1.234508] ohci-st: OHCI STMicroelectronics driver
[    1.239798] ohci-atmel: OHCI Atmel driver
[    1.244283] usbcore: registered new interface driver usb-storage
[    1.252332] mousedev: PS/2 mouse device common for all mice
[    1.262470] i2c /dev entries driver
[    1.273137] sdhci: Secure Digital Host Controller Interface driver
[    1.279710] sdhci: Copyright(c) Pierre Ossman
[    1.285458] omap_hsmmc 48060000.mmc: Got CD GPIO
[    1.290949] omap_hsmmc 48060000.mmc: unable to get vmmc regulator -517
[    1.299038] Synopsys Designware Multimedia Card Interface Driver
[    1.306427] sdhci-pltfm: SDHCI platform and OF driver helper
[    1.314981] ledtrig-cpu: registered to indicate activity on CPUs
[    1.321752] usbcore: registered new interface driver usbhid
[    1.327644] usbhid: USB HID core driver
[    1.336628] NET: Registered protocol family 10
[    1.342994] sit: IPv6 over IPv4 tunneling driver
[    1.349007] NET: Registered protocol family 17
[    1.353756] can: controller area network core (rev 20120528 abi 9)
[    1.360373] NET: Registered protocol family 29
[    1.365076] can: raw protocol (rev 20120528)
[    1.369584] can: broadcast manager protocol (rev 20120528 t)
[    1.375555] can: netlink gateway (rev 20130117) max_hops=1
[    1.382108] Key type dns_resolver registered
[    1.386976] omap_voltage_late_init: Voltage driver support not added
[    1.394997] ThumbEE CPU extension supported.
[    1.399608] Registering SWP/SWPB emulation handler
[    1.409594] at24 0-0050: 32768 byte 24c256 EEPROM, writable, 1 bytes/write
[    1.416987] omap_i2c 44e0b000.i2c: bus 0 rev0.11 at 400 kHz
[    1.424881] at24 2-0054: 32768 byte 24c256 EEPROM, writable, 1 bytes/write
[    1.432490] at24 2-0055: 32768 byte 24c256 EEPROM, writable, 1 bytes/write
[    1.440018] at24 2-0056: 32768 byte 24c256 EEPROM, writable, 1 bytes/write
[    1.447515] at24 2-0057: 32768 byte 24c256 EEPROM, writable, 1 bytes/write
[    1.454811] omap_i2c 4819c000.i2c: bus 2 rev0.11 at 100 kHz
[    1.462784] omap_hsmmc 48060000.mmc: Got CD GPIO
[    1.468104] omap_hsmmc 48060000.mmc: unable to get vmmc regulator -517
[    1.528571] davinci_mdio 4a101000.mdio: davinci mdio revision 1.6
[    1.535024] davinci_mdio 4a101000.mdio: detected phy mask fffffffe
[    1.542495] libphy: 4a101000.mdio: probed
[    1.546800] davinci_mdio 4a101000.mdio: phy[0]: device 4a101000.mdio:00, driver SMSC LAN8710/LAN8720
[    1.558267] cpsw 4a100000.ethernet: Detected MACID = 78:c5:e5:d5:61:68
[    1.567273] hctosys: unable to open rtc device (rtc0)
[    1.578876] net eth0: initializing cpsw version 1.12 (0)
[    1.587048] net eth0: phy found : id is : 0x7c0f1
[    1.592087] libphy: PHY 4a101000.mdio:01 not found
[    1.597138] net eth0: phy 4a101000.mdio:01 not found on slave 1
[    1.608988] IPv6: ADDRCONF(NETDEV_UP): eth0: link is not ready
[    1.617498] omap_hsmmc 48060000.mmc: Got CD GPIO
[    1.622882] omap_hsmmc 48060000.mmc: unable to get vmmc regulator -517
[    4.654105] cpsw 4a100000.ethernet eth0: Link is Up - 100Mbps/Full - flow control rx/tx
[    4.662624] IPv6: ADDRCONF(NETDEV_CHANGE): eth0: link becomes ready
[    4.673511] Sending DHCP requests ., OK
[    4.713975] IP-Config: Got DHCP answer from 192.168.0.1, my address is 192.168.0.160
[    4.722339] IP-Config: Complete:
[    4.725775]      device=eth0, hwaddr=78:c5:e5:d5:61:68, ipaddr=192.168.0.160, mask=255.255.255.0, gw=192.168.0.1
[    4.736462]      host=192.168.0.160, domain=tim.com, nis-domain=(none)
[    4.743321]      bootserver=192.168.0.1, rootserver=192.168.0.1, rootpath=
[    4.750365]      nameserver0=192.0.2.2, nameserver1=192.0.2.3
[    4.756693] platform 48060000.mmc: omap_device_late_idle: enabled but no driver.  Idling
[    4.765295] vmmcsd_fixed: disabling
[    4.770158] Waiting for root device PARTUUID=00000000-02...
[  130.148493] random: nonblocking pool is initialized
URL:gtsystest.telogy.design.ti.com/vatf/tigtfarm06/tigtfarm06_vatf@beaglebone/tigtfarm0607_16_2015_06_49_13/files/session_iteration_1/test_1
