- 06:52:13 [INFO] Starting target session
- 06:52:13 [INFO] Connected to beaglebone via serial 
- 06:52:13 [INFO] Host: 
- 06:52:15 [ERROR] On command:  waiting for (?-mix:login:) >>> error: execution expired
- 06:52:15 [INFO] Target: 

root@am335x-evm:/test# 
- 06:52:15 [INFO] Host: 
- 06:52:15 [INFO] Target: 

root@am335x-evm:/test# 
- 06:52:15 [INFO] Host: sync;poweroff
- 06:52:33 [INFO] Target: 
sync;poweroff


Broadcast message from root@am335x-evm (ttyO0) (Fri May  2 18:17:41 2014):



The system is going down for system halt NOW!


INIT: Switching to runlevel:root@am335x-evm:/test# 
INIT: Sending processes the TERM signal


INIT: Sending processesUIM SYSFS Node Not Found
Stopping Dropbear SSH server: stopped /usr/sbin/dropbear (pid 1128)
dropbear.
Stopping telnet daemon.
Stopping system message bus: Error opening /dev/fb0: No such file or directory
Stopping syslogd/klogd: stopped syslogd (pid 1140)
stopped klogd (pid 1143)
done
Stopping thttpd.
ALSA: Storing mixer settings...
/usr/sbin/alsactl: save_state:1580: No soundcards found...
Deconfiguring network interfaces... done.
Stopping Lighttpd Web Server: stopped /usr/sbin/lighttpd (pid 1156)
lighttpd.
Stopping Matrix GUI applicationstart-stop-daemon: warning: killing process 1164: No such process
.
***************************************************************
***************************************************************
NOTICE: This file system contains the followin GPLv3 packages:
	binutils-symlinks
	binutils
	gdbserver

If you do not wish to distribute GPLv3 components please remove
the above packages prior to distribution.  This can be done using
the opkg remove command.  i.e.:
    opkg remove <package>
Where <package> is the name printed in the list above

NOTE: If the package is a dependency of another package you
      will be notified of the dependent packages.  You should
      use the --force-removal-of-dependent-packages option to
      also remove the dependent packages as well
***************************************************************
***************************************************************
Sending all processes the TERM signal...
Sending all processes the KILL signal...
Unmounting remote filesystems...
Deactivating swap...
Unmounting local filesystems...
[ 1273.625856] EXT4-fs (mmcblk0p2): re-mounted. Opts: data=ordered
[ 1273.671683] FAT-fs (mmcblk0p1): error, invalid access to FAT (entry 0xffffeffe)
[ 1273.679570] FAT-fs (mmcblk0p1): Filesystem has been set read-only
[ 1273.686037] grow_buffers: requested out-of-range block 18446735277616529407 for device mmcblk0p1
[ 1273.695284] FAT-fs (mmcblk0p1): unable to read inode block for updating (i_pos -140737488355333)
[ 1273.704512] FAT-fs (mmcblk0p1): Failed to update on disk inode for unused fallocated blocks, inode could be corrupted. Please run fsck
[ 1273.717304] FAT-fs (mmcblk0p1): error, invalid access to FAT (entry 0xfdffffff)
[ 1276.094836] reboot: System halted

- 06:52:35 [INFO] Disconnected serial from beaglebone
- 06:52:35 [INFO] Connected to beaglebone via serial 
- 06:52:35 [INFO] Host: 
- 06:52:36 [ERROR] On command:  waiting for (?-mix:U-Boot#) >>> error: execution expired
- 06:52:36 [INFO] Target: 

U-Boot SPL 2014.07-rc2 (May 29 2014 - 18:04:30)

- 06:52:36 [INFO] Host: 
- 06:52:36 [ERROR] On command:  waiting for (?-mix:U-Boot#) >>> error: execution expired
- 06:52:36 [INFO] Target: 
reading u-boot.img
reading u-boot.img


U-Boot 2014.07-rc2 (May 29 2014 - 18:04:30)

I2C:   ready
DRAM:  256 MiB

- 06:52:36 [INFO] Host: 
- 06:52:37 [INFO] Target: 
NAND:  0 MiB
MMC:   OMAP SD/MMC: 0, OMAP SD/MMC: 1
*** Warning - readenv() failed, using default environment

Net:   <ethaddr> not set. Validating first E-fuse MAC
cpsw, usb_ether
Hit any key to stop autoboot:  1  0 
U-Boot# 
- 06:52:37 [INFO] Host: 
- 06:52:37 [INFO] Target: 

U-Boot# 
- 06:52:37 [INFO] Host: version
- 06:52:38 [INFO] Target: 
version

U-Boot 2014.07-rc2 (May 29 2014 - 18:04:30)
arm-linux-gnueabihf-gcc (crosstool-NG linaro-1.13.1-4.7-2013.03-20130313 - Linaro GCC 2013.03) 4.7.3 20130226 (prerelease)
GNU ld (crosstool-NG linaro-1.13.1-4.7-2013.03-20130313 - Linaro GCC 2013.03) 2.23.1
U-Boot# 
- 06:52:38 [INFO] Host: setenv bootargs 'console=ttyO0,115200n8 earlyprintk rootwait '
- 06:52:38 [INFO] Target: 
setenv bootargs 'console=ttyO0,115200n8 earlyprintk rootwait '
U-Boot# 
- 06:52:38 [INFO] Host: setenv bootcmd  ''
- 06:52:39 [INFO] Target: 
setenv bootcmd  ''
U-Boot# 
- 06:52:39 [INFO] Host: setenv autoload 'no'
- 06:52:39 [INFO] Target: 
setenv autoload 'no'
U-Boot# 
- 06:52:39 [INFO] Host: setenv serverip '192.168.0.1'
- 06:52:40 [INFO] Target: 
setenv serverip '192.168.0.1'
U-Boot# 
- 06:52:40 [INFO] Host: printenv
- 06:52:40 [INFO] Target: 
printenv
arch=arm
autoload=no
baudrate=115200
board=am335x
board_name=A335BONE
board_rev=00A6
boot_fdt=try
bootargs=console=ttyO0,115200n8 earlyprintk rootwait 
bootcmd=
bootcount=1
bootdelay=1
bootdir=/boot
bootenv=uEnv.txt
bootfile=zImage
bootm_size=0x10000000
bootpart=0:2
console=ttyO0,115200n8
cpu=armv7
dfu_alt_info_emmc=rawemmc mmc 0 3751936
dfu_alt_info_mmc=boot part 0 1;rootfs part 0 2;MLO fat 0 1;MLO.raw mmc 0x100 0x100;u-boot.img.raw mmc 0x300 0x400;spl-os-args.raw mmc 0x80 0x80;spl-os-image.raw mmc 0x900 0x2000;spl-os-args fat 0 1;spl-os-image fat 0 1;u-boot.img fat 0 1;uEnv.txt fat 0 1
dfu_alt_info_nand=SPL part 0 1;SPL.backup1 part 0 2;SPL.backup2 part 0 3;SPL.backup3 part 0 4;u-boot part 0 5;u-boot-spl-os part 0 6;kernel part 0 8;rootfs part 0 9
dfu_alt_info_ram=kernel ram 0x80200000 0xD80000;fdt ram 0x80F80000 0x80000;ramdisk ram 0x81000000 0x4000000
eth1addr=78:c5:e5:d5:61:69
ethact=cpsw
ethaddr=78:c5:e5:d5:61:68
fdt_addr_r=0x88000000
fdtaddr=0x88000000
fdtfile=undefined
findfdt=if test $board_name = A335BONE; then setenv fdtfile am335x-bone.dtb; fi; if test $board_name = A335BNLT; then setenv fdtfile am335x-boneblack.dtb; fi; if test $board_name = A33515BB; then setenv fdtfile am335x-evm.dtb; fi; if test $board_name = A335X_SK; then setenv fdtfile am335x-evmsk.dtb; fi; if test $fdtfile = undefined; then echo WARNING: Could not determine device tree to use; fi; 
importbootenv=echo Importing environment from mmc ...; env import -t $loadaddr $filesize
kernel_addr_r=0x82000000
loadaddr=0x82000000
loadbootenv=load mmc ${mmcdev} ${loadaddr} ${bootenv}
loadfdt=load mmc ${bootpart} ${fdtaddr} ${bootdir}/${fdtfile}
loadimage=load mmc ${bootpart} ${loadaddr} ${bootdir}/${bootfile}
loadramdisk=load mmc ${mmcdev} ${rdaddr} ramdisk.gz
mmcargs=setenv bootargs console=${console} ${optargs} root=${mmcroot} rootfstype=${mmcrootfstype}
mmcboot=mmc dev ${mmcdev}; if mmc rescan; then echo SD/MMC found on device ${mmcdev};if run loadbootenv; then echo Loaded environment from ${bootenv};run importbootenv;fi;if test -n $uenvcmd; then echo Running uenvcmd ...;run uenvcmd;fi;if run loadimage; then run mmcloados;fi;fi;
mmcdev=0
mmcloados=run mmcargs; if test ${boot_fdt} = yes || test ${boot_fdt} = try; then if run loadfdt; then bootz ${loadaddr} - ${fdtaddr}; else if test ${boot_fdt} = try; then bootz; else echo WARN: Cannot load the DT; fi; fi; else bootz; fi;
mmcroot=/dev/mmcblk0p2 ro
mmcrootfstype=ext4 rootwait
mtdids=nand0=omap2-nand.0
mtdparts=mtdparts=omap2-nand.0:128k(SPL),128k(SPL.backup1),128k(SPL.backup2),128k(SPL.backup3),1792k(u-boot),128k(u-boot-spl-os),128k(u-boot-env),5m(kernel),-(rootfs)
nandargs=setenv bootargs console=${console} ${optargs} root=${nandroot} rootfstype=${nandrootfstype}
nandboot=echo Booting from nand ...; run nandargs; nand read ${fdtaddr} u-boot-spl-os; nand read ${loadaddr} kernel; bootz ${loadaddr} - ${fdtaddr}
nandroot=ubi0:rootfs rw ubi.mtd=7,2048
nandrootfstype=ubifs rootwait=1
netargs=setenv bootargs console=${console} ${optargs} root=/dev/nfs nfsroot=${serverip}:${rootpath},${nfsopts} rw ip=dhcp
netboot=echo Booting from network ...; setenv autoload no; dhcp; tftp ${loadaddr} ${bootfile}; tftp ${fdtaddr} ${fdtfile}; run netargs; bootz ${loadaddr} - ${fdtaddr}
nfsopts=nolock
partitions=uuid_disk=${uuid_gpt_disk};name=rootfs,start=2MiB,size=-,uuid=${uuid_gpt_rootfs}
ramargs=setenv bootargs console=${console} ${optargs} root=${ramroot} rootfstype=${ramrootfstype}
ramboot=echo Booting from ramdisk ...; run ramargs; bootz ${loadaddr} ${rdaddr} ${fdtaddr}
ramdisk_addr_r=0x88080000
ramroot=/dev/ram0 rw
ramrootfstype=ext2
rdaddr=0x88080000
rootpath=/export/rootfs
serverip=192.168.0.1
soc=am33xx
spiargs=setenv bootargs console=${console} ${optargs} root=${spiroot} rootfstype=${spirootfstype}
spiboot=echo Booting from spi ...; run spiargs; sf probe ${spibusno}:0; sf read ${loadaddr} ${spisrcaddr} ${spiimgsize}; bootz ${loadaddr}
spibusno=0
spiimgsize=0x362000
spiroot=/dev/mtdblock4 rw
spirootfstype=jffs2
spisrcaddr=0xe0000
static_ip=${ipaddr}:${serverip}:${gatewayip}:${netmask}:${hostname}::off
stderr=serial
stdin=serial
stdout=serial
usbnet_devaddr=78:c5:e5:d5:61:69
vendor=ti
ver=U-Boot 2014.07-rc2 (May 29 2014 - 18:04:30)

Environment size: 4366/131068 bytes
U-Boot# 
- 06:52:40 [INFO] Host: printenv
- 06:52:41 [INFO] Target: 
printenv
arch=arm
autoload=no
baudrate=115200
board=am335x
board_name=A335BONE
board_rev=00A6
boot_fdt=try
bootargs=console=ttyO0,115200n8 earlyprintk rootwait 
bootcmd=
bootcount=1
bootdelay=1
bootdir=/boot
bootenv=uEnv.txt
bootfile=zImage
bootm_size=0x10000000
bootpart=0:2
console=ttyO0,115200n8
cpu=armv7
dfu_alt_info_emmc=rawemmc mmc 0 3751936
dfu_alt_info_mmc=boot part 0 1;rootfs part 0 2;MLO fat 0 1;MLO.raw mmc 0x100 0x100;u-boot.img.raw mmc 0x300 0x400;spl-os-args.raw mmc 0x80 0x80;spl-os-image.raw mmc 0x900 0x2000;spl-os-args fat 0 1;spl-os-image fat 0 1;u-boot.img fat 0 1;uEnv.txt fat 0 1
dfu_alt_info_nand=SPL part 0 1;SPL.backup1 part 0 2;SPL.backup2 part 0 3;SPL.backup3 part 0 4;u-boot part 0 5;u-boot-spl-os part 0 6;kernel part 0 8;rootfs part 0 9
dfu_alt_info_ram=kernel ram 0x80200000 0xD80000;fdt ram 0x80F80000 0x80000;ramdisk ram 0x81000000 0x4000000
eth1addr=78:c5:e5:d5:61:69
ethact=cpsw
ethaddr=78:c5:e5:d5:61:68
fdt_addr_r=0x88000000
fdtaddr=0x88000000
fdtfile=undefined
findfdt=if test $board_name = A335BONE; then setenv fdtfile am335x-bone.dtb; fi; if test $board_name = A335BNLT; then setenv fdtfile am335x-boneblack.dtb; fi; if test $board_name = A33515BB; then setenv fdtfile am335x-evm.dtb; fi; if test $board_name = A335X_SK; then setenv fdtfile am335x-evmsk.dtb; fi; if test $fdtfile = undefined; then echo WARNING: Could not determine device tree to use; fi; 
importbootenv=echo Importing environment from mmc ...; env import -t $loadaddr $filesize
kernel_addr_r=0x82000000
loadaddr=0x82000000
loadbootenv=load mmc ${mmcdev} ${loadaddr} ${bootenv}
loadfdt=load mmc ${bootpart} ${fdtaddr} ${bootdir}/${fdtfile}
loadimage=load mmc ${bootpart} ${loadaddr} ${bootdir}/${bootfile}
loadramdisk=load mmc ${mmcdev} ${rdaddr} ramdisk.gz
mmcargs=setenv bootargs console=${console} ${optargs} root=${mmcroot} rootfstype=${mmcrootfstype}
mmcboot=mmc dev ${mmcdev}; if mmc rescan; then echo SD/MMC found on device ${mmcdev};if run loadbootenv; then echo Loaded environment from ${bootenv};run importbootenv;fi;if test -n $uenvcmd; then echo Running uenvcmd ...;run uenvcmd;fi;if run loadimage; then run mmcloados;fi;fi;
mmcdev=0
mmcloados=run mmcargs; if test ${boot_fdt} = yes || test ${boot_fdt} = try; then if run loadfdt; then bootz ${loadaddr} - ${fdtaddr}; else if test ${boot_fdt} = try; then bootz; else echo WARN: Cannot load the DT; fi; fi; else bootz; fi;
mmcroot=/dev/mmcblk0p2 ro
mmcrootfstype=ext4 rootwait
mtdids=nand0=omap2-nand.0
mtdparts=mtdparts=omap2-nand.0:128k(SPL),128k(SPL.backup1),128k(SPL.backup2),128k(SPL.backup3),1792k(u-boot),128k(u-boot-spl-os),128k(u-boot-env),5m(kernel),-(rootfs)
nandargs=setenv bootargs console=${console} ${optargs} root=${nandroot} rootfstype=${nandrootfstype}
nandboot=echo Booting from nand ...; run nandargs; nand read ${fdtaddr} u-boot-spl-os; nand read ${loadaddr} kernel; bootz ${loadaddr} - ${fdtaddr}
nandroot=ubi0:rootfs rw ubi.mtd=7,2048
nandrootfstype=ubifs rootwait=1
netargs=setenv bootargs console=${console} ${optargs} root=/dev/nfs nfsroot=${serverip}:${rootpath},${nfsopts} rw ip=dhcp
netboot=echo Booting from network ...; setenv autoload no; dhcp; tftp ${loadaddr} ${bootfile}; tftp ${fdtaddr} ${fdtfile}; run netargs; bootz ${loadaddr} - ${fdtaddr}
nfsopts=nolock
partitions=uuid_disk=${uuid_gpt_disk};name=rootfs,start=2MiB,size=-,uuid=${uuid_gpt_rootfs}
ramargs=setenv bootargs console=${console} ${optargs} root=${ramroot} rootfstype=${ramrootfstype}
ramboot=echo Booting from ramdisk ...; run ramargs; bootz ${loadaddr} ${rdaddr} ${fdtaddr}
ramdisk_addr_r=0x88080000
ramroot=/dev/ram0 rw
ramrootfstype=ext2
rdaddr=0x88080000
rootpath=/export/rootfs
serverip=192.168.0.1
soc=am33xx
spiargs=setenv bootargs console=${console} ${optargs} root=${spiroot} rootfstype=${spirootfstype}
spiboot=echo Booting from spi ...; run spiargs; sf probe ${spibusno}:0; sf read ${loadaddr} ${spisrcaddr} ${spiimgsize}; bootz ${loadaddr}
spibusno=0
spiimgsize=0x362000
spiroot=/dev/mtdblock4 rw
spirootfstype=jffs2
spisrcaddr=0xe0000
static_ip=${ipaddr}:${serverip}:${gatewayip}:${netmask}:${hostname}::off
stderr=serial
stdin=serial
stdout=serial
usbnet_devaddr=78:c5:e5:d5:61:69
vendor=ti
ver=U-Boot 2014.07-rc2 (May 29 2014 - 18:04:30)

Environment size: 4366/131068 bytes
U-Boot# 
- 06:52:41 [INFO] Host: setenv bootargs ''${bootargs}' ip=dhcp '
- 06:52:41 [INFO] Target: 
setenv bootargs ''${bootargs}' ip=dhcp '
U-Boot# 
- 06:52:41 [INFO] Host: setenv ipaddr dhcp
- 06:52:42 [INFO] Target: 
setenv ipaddr dhcp
U-Boot# 
- 06:52:42 [INFO] Host: dhcp
- 06:52:43 [INFO] Target: 
dhcp
link up on port 0, speed 100, full duplex
BOOTP broadcast 1
DHCP client bound to address 192.168.0.76
U-Boot# 
- 06:52:43 [INFO] Host: setenv serverip '192.168.0.1'
- 06:52:44 [INFO] Target: 
setenv serverip '192.168.0.1'
U-Boot# 
- 06:52:44 [INFO] Host: tftp ${loadaddr} 192.168.0.1:vatf_beaglebone/8a9fb24ef8c01b414c5deb70205c6289
- 06:52:45 [INFO] Target: 
tftp ${loadaddr} 192.168.0.1:vatf_beaglebone/8a9fb24ef8c01b414c5deb70205c6289
link up on port 0, speed 100, full duplex
Using cpsw device
TFTP from server 192.168.0.1; our IP address is 192.168.0.76
Filename 'vatf_beaglebone/8a9fb24ef8c01b414c5deb70205c6289'.
Load address: 0x82000000
Loading: *#################################################################
	 #################################################################
	 #################################################################
	 #################################################################
	 #################################################################
	 #####################
	 4.1 MiB/s
done
Bytes transferred = 5077792 (4d7b20 hex)
U-Boot# 
- 06:52:45 [INFO] Host: tftp ${fdt_addr_r} 192.168.0.1:vatf_beaglebone/7c692cb271a77f4a8fe2db4da4ee30dd
- 06:52:46 [INFO] Target: 
tftp ${fdt_addr_r} 192.168.0.1:vatf_beaglebone/7c692cb271a77f4a8fe2db4da4ee30dd
link up on port 0, speed 100, full duplex
Using cpsw device
TFTP from server 192.168.0.1; our IP address is 192.168.0.76
Filename 'vatf_beaglebone/7c692cb271a77f4a8fe2db4da4ee30dd'.
Load address: 0x88000000
Loading: *##
	 3.9 MiB/s
done
Bytes transferred = 28606 (6fbe hex)
U-Boot# 
- 06:52:46 [INFO] Host: ls mmc 0:1
- 06:52:46 [INFO] Target: 
ls mmc 0:1
   452120   am335x-evm-sk-quickstartguide.pdf 
      140   autorun.inf 
   176621   beaglebone-quickstartguide.pdf 
    82480   mlo 
  1167591   quickstartguide.pdf 
     1164   readme 
   408372   u-boot.img 
            windows_users/
       13   .ipaddr 

8 file(s), 1 dir(s)

U-Boot# 
- 06:52:46 [INFO] Host: ls mmc 0:2
- 06:52:47 [INFO] Target: 
ls mmc 0:2
<DIR>       4096 .
<DIR>       4096 ..
<DIR>       4096 bin
<DIR>       4096 boot
<DIR>       4096 dev
<DIR>       4096 etc
<DIR>       4096 home
<DIR>       4096 lib
<DIR>       4096 media
<DIR>       4096 mnt
<DIR>       4096 opt
<DIR>       4096 proc
<SYM>          8 run
<DIR>       4096 sbin
<DIR>       4096 srv
<DIR>       4096 sys
<SYM>          8 tmp
<DIR>       4096 usr
<DIR>       4096 var
<DIR>       4096 www
<DIR>       4096 Settings
<DIR>       4096 test
U-Boot# 
- 06:52:47 [INFO] Host: part uuid mmc 0:2
- 06:52:47 [INFO] Target: 
part uuid mmc 0:2
00000000-02
U-Boot# 
- 06:52:47 [INFO] Host: printenv
- 06:52:48 [INFO] Target: 
printenv
arch=arm
autoload=no
baudrate=115200
board=am335x
board_name=A335BONE
board_rev=00A6
boot_fdt=try
bootargs=console=ttyO0,115200n8 earlyprintk rootwait  ip=dhcp 
bootcmd=
bootcount=1
bootdelay=1
bootdir=/boot
bootenv=uEnv.txt
bootfile=zImage
bootm_size=0x10000000
bootpart=0:2
console=ttyO0,115200n8
cpu=armv7
dfu_alt_info_emmc=rawemmc mmc 0 3751936
dfu_alt_info_mmc=boot part 0 1;rootfs part 0 2;MLO fat 0 1;MLO.raw mmc 0x100 0x100;u-boot.img.raw mmc 0x300 0x400;spl-os-args.raw mmc 0x80 0x80;spl-os-image.raw mmc 0x900 0x2000;spl-os-args fat 0 1;spl-os-image fat 0 1;u-boot.img fat 0 1;uEnv.txt fat 0 1
dfu_alt_info_nand=SPL part 0 1;SPL.backup1 part 0 2;SPL.backup2 part 0 3;SPL.backup3 part 0 4;u-boot part 0 5;u-boot-spl-os part 0 6;kernel part 0 8;rootfs part 0 9
dfu_alt_info_ram=kernel ram 0x80200000 0xD80000;fdt ram 0x80F80000 0x80000;ramdisk ram 0x81000000 0x4000000
dnsip=192.0.2.2
dnsip2=192.0.2.3
eth1addr=78:c5:e5:d5:61:69
ethact=cpsw
ethaddr=78:c5:e5:d5:61:68
fdt_addr_r=0x88000000
fdtaddr=0x88000000
fdtfile=undefined
fileaddr=88000000
filesize=6fbe
findfdt=if test $board_name = A335BONE; then setenv fdtfile am335x-bone.dtb; fi; if test $board_name = A335BNLT; then setenv fdtfile am335x-boneblack.dtb; fi; if test $board_name = A33515BB; then setenv fdtfile am335x-evm.dtb; fi; if test $board_name = A335X_SK; then setenv fdtfile am335x-evmsk.dtb; fi; if test $fdtfile = undefined; then echo WARNING: Could not determine device tree to use; fi; 
gatewayip=192.168.0.1
importbootenv=echo Importing environment from mmc ...; env import -t $loadaddr $filesize
ipaddr=192.168.0.76
kernel_addr_r=0x82000000
loadaddr=0x82000000
loadbootenv=load mmc ${mmcdev} ${loadaddr} ${bootenv}
loadfdt=load mmc ${bootpart} ${fdtaddr} ${bootdir}/${fdtfile}
loadimage=load mmc ${bootpart} ${loadaddr} ${bootdir}/${bootfile}
loadramdisk=load mmc ${mmcdev} ${rdaddr} ramdisk.gz
mmcargs=setenv bootargs console=${console} ${optargs} root=${mmcroot} rootfstype=${mmcrootfstype}
mmcboot=mmc dev ${mmcdev}; if mmc rescan; then echo SD/MMC found on device ${mmcdev};if run loadbootenv; then echo Loaded environment from ${bootenv};run importbootenv;fi;if test -n $uenvcmd; then echo Running uenvcmd ...;run uenvcmd;fi;if run loadimage; then run mmcloados;fi;fi;
mmcdev=0
mmcloados=run mmcargs; if test ${boot_fdt} = yes || test ${boot_fdt} = try; then if run loadfdt; then bootz ${loadaddr} - ${fdtaddr}; else if test ${boot_fdt} = try; then bootz; else echo WARN: Cannot load the DT; fi; fi; else bootz; fi;
mmcroot=/dev/mmcblk0p2 ro
mmcrootfstype=ext4 rootwait
mtdids=nand0=omap2-nand.0
mtdparts=mtdparts=omap2-nand.0:128k(SPL),128k(SPL.backup1),128k(SPL.backup2),128k(SPL.backup3),1792k(u-boot),128k(u-boot-spl-os),128k(u-boot-env),5m(kernel),-(rootfs)
nandargs=setenv bootargs console=${console} ${optargs} root=${nandroot} rootfstype=${nandrootfstype}
nandboot=echo Booting from nand ...; run nandargs; nand read ${fdtaddr} u-boot-spl-os; nand read ${loadaddr} kernel; bootz ${loadaddr} - ${fdtaddr}
nandroot=ubi0:rootfs rw ubi.mtd=7,2048
nandrootfstype=ubifs rootwait=1
netargs=setenv bootargs console=${console} ${optargs} root=/dev/nfs nfsroot=${serverip}:${rootpath},${nfsopts} rw ip=dhcp
netboot=echo Booting from network ...; setenv autoload no; dhcp; tftp ${loadaddr} ${bootfile}; tftp ${fdtaddr} ${fdtfile}; run netargs; bootz ${loadaddr} - ${fdtaddr}
netmask=255.255.255.0
nfsopts=nolock
partitions=uuid_disk=${uuid_gpt_disk};name=rootfs,start=2MiB,size=-,uuid=${uuid_gpt_rootfs}
ramargs=setenv bootargs console=${console} ${optargs} root=${ramroot} rootfstype=${ramrootfstype}
ramboot=echo Booting from ramdisk ...; run ramargs; bootz ${loadaddr} ${rdaddr} ${fdtaddr}
ramdisk_addr_r=0x88080000
ramroot=/dev/ram0 rw
ramrootfstype=ext2
rdaddr=0x88080000
rootpath=/export/rootfs
serverip=192.168.0.1
soc=am33xx
spiargs=setenv bootargs console=${console} ${optargs} root=${spiroot} rootfstype=${spirootfstype}
spiboot=echo Booting from spi ...; run spiargs; sf probe ${spibusno}:0; sf read ${loadaddr} ${spisrcaddr} ${spiimgsize}; bootz ${loadaddr}
spibusno=0
spiimgsize=0x362000
spiroot=/dev/mtdblock4 rw
spirootfstype=jffs2
spisrcaddr=0xe0000
static_ip=${ipaddr}:${serverip}:${gatewayip}:${netmask}:${hostname}::off
stderr=serial
stdin=serial
stdout=serial
usbnet_devaddr=78:c5:e5:d5:61:69
vendor=ti
ver=U-Boot 2014.07-rc2 (May 29 2014 - 18:04:30)

Environment size: 4518/131068 bytes
U-Boot# 
- 06:52:48 [INFO] Host: setenv bootargs ''${bootargs}' root=PARTUUID=00000000-02 rw rootfstype=ext4 rootwait '
- 06:52:48 [INFO] Target: 
setenv bootargs ''${bootargs}' root=PARTUUID=00000000-02 rw rootfstype=ext4 rootwait '
U-Boot# 
- 06:52:48 [INFO] Host: printenv
- 06:52:49 [INFO] Target: 
printenv
arch=arm
autoload=no
baudrate=115200
board=am335x
board_name=A335BONE
board_rev=00A6
boot_fdt=try
bootargs=console=ttyO0,115200n8 earlyprintk rootwait  ip=dhcp  root=PARTUUID=00000000-02 rw rootfstype=ext4 rootwait 
bootcmd=
bootcount=1
bootdelay=1
bootdir=/boot
bootenv=uEnv.txt
bootfile=zImage
bootm_size=0x10000000
bootpart=0:2
console=ttyO0,115200n8
cpu=armv7
dfu_alt_info_emmc=rawemmc mmc 0 3751936
dfu_alt_info_mmc=boot part 0 1;rootfs part 0 2;MLO fat 0 1;MLO.raw mmc 0x100 0x100;u-boot.img.raw mmc 0x300 0x400;spl-os-args.raw mmc 0x80 0x80;spl-os-image.raw mmc 0x900 0x2000;spl-os-args fat 0 1;spl-os-image fat 0 1;u-boot.img fat 0 1;uEnv.txt fat 0 1
dfu_alt_info_nand=SPL part 0 1;SPL.backup1 part 0 2;SPL.backup2 part 0 3;SPL.backup3 part 0 4;u-boot part 0 5;u-boot-spl-os part 0 6;kernel part 0 8;rootfs part 0 9
dfu_alt_info_ram=kernel ram 0x80200000 0xD80000;fdt ram 0x80F80000 0x80000;ramdisk ram 0x81000000 0x4000000
dnsip=192.0.2.2
dnsip2=192.0.2.3
eth1addr=78:c5:e5:d5:61:69
ethact=cpsw
ethaddr=78:c5:e5:d5:61:68
fdt_addr_r=0x88000000
fdtaddr=0x88000000
fdtfile=undefined
fileaddr=88000000
filesize=6fbe
findfdt=if test $board_name = A335BONE; then setenv fdtfile am335x-bone.dtb; fi; if test $board_name = A335BNLT; then setenv fdtfile am335x-boneblack.dtb; fi; if test $board_name = A33515BB; then setenv fdtfile am335x-evm.dtb; fi; if test $board_name = A335X_SK; then setenv fdtfile am335x-evmsk.dtb; fi; if test $fdtfile = undefined; then echo WARNING: Could not determine device tree to use; fi; 
gatewayip=192.168.0.1
importbootenv=echo Importing environment from mmc ...; env import -t $loadaddr $filesize
ipaddr=192.168.0.76
kernel_addr_r=0x82000000
loadaddr=0x82000000
loadbootenv=load mmc ${mmcdev} ${loadaddr} ${bootenv}
loadfdt=load mmc ${bootpart} ${fdtaddr} ${bootdir}/${fdtfile}
loadimage=load mmc ${bootpart} ${loadaddr} ${bootdir}/${bootfile}
loadramdisk=load mmc ${mmcdev} ${rdaddr} ramdisk.gz
mmcargs=setenv bootargs console=${console} ${optargs} root=${mmcroot} rootfstype=${mmcrootfstype}
mmcboot=mmc dev ${mmcdev}; if mmc rescan; then echo SD/MMC found on device ${mmcdev};if run loadbootenv; then echo Loaded environment from ${bootenv};run importbootenv;fi;if test -n $uenvcmd; then echo Running uenvcmd ...;run uenvcmd;fi;if run loadimage; then run mmcloados;fi;fi;
mmcdev=0
mmcloados=run mmcargs; if test ${boot_fdt} = yes || test ${boot_fdt} = try; then if run loadfdt; then bootz ${loadaddr} - ${fdtaddr}; else if test ${boot_fdt} = try; then bootz; else echo WARN: Cannot load the DT; fi; fi; else bootz; fi;
mmcroot=/dev/mmcblk0p2 ro
mmcrootfstype=ext4 rootwait
mtdids=nand0=omap2-nand.0
mtdparts=mtdparts=omap2-nand.0:128k(SPL),128k(SPL.backup1),128k(SPL.backup2),128k(SPL.backup3),1792k(u-boot),128k(u-boot-spl-os),128k(u-boot-env),5m(kernel),-(rootfs)
nandargs=setenv bootargs console=${console} ${optargs} root=${nandroot} rootfstype=${nandrootfstype}
nandboot=echo Booting from nand ...; run nandargs; nand read ${fdtaddr} u-boot-spl-os; nand read ${loadaddr} kernel; bootz ${loadaddr} - ${fdtaddr}
nandroot=ubi0:rootfs rw ubi.mtd=7,2048
nandrootfstype=ubifs rootwait=1
netargs=setenv bootargs console=${console} ${optargs} root=/dev/nfs nfsroot=${serverip}:${rootpath},${nfsopts} rw ip=dhcp
netboot=echo Booting from network ...; setenv autoload no; dhcp; tftp ${loadaddr} ${bootfile}; tftp ${fdtaddr} ${fdtfile}; run netargs; bootz ${loadaddr} - ${fdtaddr}
netmask=255.255.255.0
nfsopts=nolock
partitions=uuid_disk=${uuid_gpt_disk};name=rootfs,start=2MiB,size=-,uuid=${uuid_gpt_rootfs}
ramargs=setenv bootargs console=${console} ${optargs} root=${ramroot} rootfstype=${ramrootfstype}
ramboot=echo Booting from ramdisk ...; run ramargs; bootz ${loadaddr} ${rdaddr} ${fdtaddr}
ramdisk_addr_r=0x88080000
ramroot=/dev/ram0 rw
ramrootfstype=ext2
rdaddr=0x88080000
rootpath=/export/rootfs
serverip=192.168.0.1
soc=am33xx
spiargs=setenv bootargs console=${console} ${optargs} root=${spiroot} rootfstype=${spirootfstype}
spiboot=echo Booting from spi ...; run spiargs; sf probe ${spibusno}:0; sf read ${loadaddr} ${spisrcaddr} ${spiimgsize}; bootz ${loadaddr}
spibusno=0
spiimgsize=0x362000
spiroot=/dev/mtdblock4 rw
spirootfstype=jffs2
spisrcaddr=0xe0000
static_ip=${ipaddr}:${serverip}:${gatewayip}:${netmask}:${hostname}::off
stderr=serial
stdin=serial
stdout=serial
usbnet_devaddr=78:c5:e5:d5:61:69
vendor=ti
ver=U-Boot 2014.07-rc2 (May 29 2014 - 18:04:30)

Environment size: 4573/131068 bytes
U-Boot# 
- 06:52:49 [INFO] Host: setenv bootcmd ''${bootcmd}' if iminfo ${loadaddr}; then bootm ${loadaddr} - ${fdt_addr_r}; else bootz ${loadaddr} - ${fdt_addr_r}; bootm ${loadaddr} - ${fdt_addr_r}; fi'
- 06:52:49 [INFO] Target: 
setenv bootcmd ''${bootcmd}' if iminfo ${loadaddr}; then bootm ${loadaddr} - ${fdt_addr_r}; else bootz ${loadaddr} - ${fdt_addr_r}; bootm ${loadaddr} - ${fdt_addr_r}; fi'
U-Boot# 
- 06:52:49 [INFO] Host: bdinfo
- 06:52:50 [INFO] Target: 
bdinfo
arch_number = 0x00000E05
boot_params = 0x80000100
DRAM bank   = 0x00000000
-> start    = 0x80000000
-> size     = 0x10000000
eth0name    = cpsw
ethaddr     = 78:c5:e5:d5:61:68
eth1name    = usb_ether
eth1addr    = 78:c5:e5:d5:61:69
current eth = cpsw
ip_addr     = 192.168.0.76
baudrate    = 115200 bps
TLB addr    = 0x8FFF0000
relocaddr   = 0x8F74A000
reloc off   = 0x0EF4A000
irq_sp      = 0x8F629EE0
sp start    = 0x8F629ED0
U-Boot# 
- 06:52:50 [INFO] Host: boot
- 06:55:20 [ERROR] On command: boot waiting for (?-mix:login:) >>> error: execution expired
- 06:55:20 [INFO] Target: 
boot

## Checking Image at 82000000 ...
Unknown image format!
Kernel image @ 0x82000000 [ 0x000000 - 0x4d7b20 ]
## Flattened Device Tree blob at 88000000
   Booting using the fdt blob at 0x88000000
   Loading Device Tree to 8f61e000, end 8f627fbd ... OK

Starting kernel ...

[    0.000000] Booting Linux on physical CPU 0x0
[    0.000000] Linux version 3.16.0-rc7-next-20140801-00002-g636c9d7 (nmenon@kahuna) (gcc version 4.6.3 (Ubuntu/Linaro 4.6.3-1ubuntu5) ) #1 SMP Mon Aug 4 05:49:37 CDT 2014
[    0.000000] CPU: ARMv7 Processor [413fc082] revision 2 (ARMv7), cr=10c5387d
[    0.000000] CPU: PIPT / VIPT nonaliasing data cache, VIPT aliasing instruction cache
[    0.000000] Machine model: TI AM335x BeagleBone
[    0.000000] cma: Reserved 64 MiB at 8b000000
[    0.000000] Memory policy: Data cache writeback
[    0.000000]   HighMem zone: 1048574 pages exceeds freesize 0
[    0.000000] CPU: All CPU(s) started in SVC mode.
[    0.000000] AM335X ES1.0 (sgx neon )
[    0.000000] PERCPU: Embedded 8 pages/cpu @cfcac000 s8512 r8192 d16064 u32768
[    0.000000] Built 1 zonelists in Zone order, mobility grouping on.  Total pages: 64768
[    0.000000] Kernel command line: console=ttyO0,115200n8 earlyprintk rootwait  ip=dhcp  root=PARTUUID=00000000-02 rw rootfstype=ext4 rootwait 
[    0.000000] PID hash table entries: 1024 (order: 0, 4096 bytes)
[    0.000000] Dentry cache hash table entries: 32768 (order: 5, 131072 bytes)
[    0.000000] Inode-cache hash table entries: 16384 (order: 4, 65536 bytes)
[    0.000000] Memory: 181752K/261120K available (6619K kernel code, 926K rwdata, 2652K rodata, 692K init, 305K bss, 79368K reserved, 0K highmem)
[    0.000000] Virtual kernel memory layout:
[    0.000000]     vector  : 0xffff0000 - 0xffff1000   (   4 kB)
[    0.000000]     fixmap  : 0xffc00000 - 0xffe00000   (2048 kB)
[    0.000000]     vmalloc : 0xd0800000 - 0xff000000   ( 744 MB)
[    0.000000]     lowmem  : 0xc0000000 - 0xd0000000   ( 256 MB)
[    0.000000]     pkmap   : 0xbfe00000 - 0xc0000000   (   2 MB)
[    0.000000]     modules : 0xbf000000 - 0xbfe00000   (  14 MB)
[    0.000000]       .text : 0xc0208000 - 0xc0b16040   (9273 kB)
[    0.000000]       .init : 0xc0b17000 - 0xc0bc4140   ( 693 kB)
[    0.000000]       .data : 0xc0bc6000 - 0xc0cad800   ( 926 kB)
[    0.000000]        .bss : 0xc0cad800 - 0xc0cf9c50   ( 306 kB)
[    0.000000] SLUB: HWalign=64, Order=0-3, MinObjects=0, CPUs=1, Nodes=1
[    0.000000] Hierarchical RCU implementation.
[    0.000000] 	RCU restricting CPUs from NR_CPUS=8 to nr_cpu_ids=1.
[    0.000000] RCU: Adjusting geometry for rcu_fanout_leaf=16, nr_cpu_ids=1
[    0.000000] NR_IRQS:16 nr_irqs:16 16
[    0.000000] IRQ: Found an INTC at 0xfa200000 (revision 5.0) with 128 interrupts
[    0.000000] Total of 128 interrupts on 1 active controller
[    0.000000] OMAP clockevent source: timer2 at 24000000 Hz
[    0.000014] sched_clock: 32 bits at 24MHz, resolution 41ns, wraps every 178956969942ns
[    0.000038] OMAP clocksource: timer1 at 24000000 Hz
[    0.000269] Console: colour dummy device 80x30
[    0.000305] Calibrating delay loop... 717.61 BogoMIPS (lpj=1794048)
[    0.059320] pid_max: default: 32768 minimum: 301
[    0.059493] Mount-cache hash table entries: 1024 (order: 0, 4096 bytes)
[    0.059508] Mountpoint-cache hash table entries: 1024 (order: 0, 4096 bytes)
[    0.060222] CPU: Testing write buffer coherency: ok
[    0.060595] CPU0: thread -1, cpu 0, socket -1, mpidr 0
[    0.060715] Setting up static identity map for 0x80841990 - 0x80841a28
[    0.062930] Brought up 1 CPUs
[    0.062951] SMP: Total of 1 processors activated.
[    0.062961] CPU: All CPU(s) started in SVC mode.
[    0.063691] devtmpfs: initialized
[    0.068252] VFP support v0.3: implementor 41 architecture 3 part 30 variant c rev 3
[    0.081632] omap_hwmod: tptc0 using broken dt data from edma
[    0.081796] omap_hwmod: tptc1 using broken dt data from edma
[    0.081926] omap_hwmod: tptc2 using broken dt data from edma
[    0.086958] omap_hwmod: debugss: _wait_target_disable failed
[    0.147602] pinctrl core: initialized pinctrl subsystem
[    0.148339] regulator-dummy: no parameters
[    0.159239] NET: Registered protocol family 16
[    0.162230] DMA: preallocated 256 KiB pool for atomic coherent allocations
[    0.164741] cpuidle: using governor ladder
[    0.164767] cpuidle: using governor menu
[    0.172942] platform 49000000.edma: alias fck already exists
[    0.172971] platform 49000000.edma: alias fck already exists
[    0.172987] platform 49000000.edma: alias fck already exists
[    0.173926] OMAP GPIO hardware version 0.1
[    0.182688] No ATAGs?
[    0.182726] hw-breakpoint: debug architecture 0x4 unsupported.
[    0.183796] EXYNOS: PMU not supported
[    0.186453] Serial: AMBA PL011 UART driver
[    0.209397] edma-dma-engine edma-dma-engine.0: TI EDMA DMA engine driver
[    0.210225] vmmcsd_fixed: 3300 mV 
[    0.212643] vgaarb: loaded
[    0.213524] SCSI subsystem initialized
[    0.214414] usbcore: registered new interface driver usbfs
[    0.214516] usbcore: registered new interface driver hub
[    0.214692] usbcore: registered new device driver usb
[    0.215430] omap_i2c 44e0b000.i2c: could not find pctldev for node /pinmux@44e10800/pinmux_i2c0_pins, deferring probe
[    0.215458] platform 44e0b000.i2c: Driver omap_i2c requests probe deferral
[    0.215723] Linux video capture interface: v2.00
[    0.215789] pps_core: LinuxPPS API ver. 1 registered
[    0.215799] pps_core: Software ver. 5.3.6 - Copyright 2005-2007 Rodolfo Giometti <giometti@linux.it>
[    0.215839] PTP clock support registered
[    0.216075] EDAC MC: Ver: 3.0.0
[    0.217150] Advanced Linux Sound Architecture Driver Initialized.
[    0.218736] Switched to clocksource timer1
[    0.232170] NET: Registered protocol family 2
[    0.233120] TCP established hash table entries: 2048 (order: 1, 8192 bytes)
[    0.233161] TCP bind hash table entries: 2048 (order: 2, 16384 bytes)
[    0.233208] TCP: Hash tables configured (established 2048 bind 2048)
[    0.233287] TCP: reno registered
[    0.233304] UDP hash table entries: 256 (order: 1, 8192 bytes)
[    0.233329] UDP-Lite hash table entries: 256 (order: 1, 8192 bytes)
[    0.233555] NET: Registered protocol family 1
[    0.234118] RPC: Registered named UNIX socket transport module.
[    0.234135] RPC: Registered udp transport module.
[    0.234143] RPC: Registered tcp transport module.
[    0.234151] RPC: Registered tcp NFSv4.1 backchannel transport module.
[    0.235260] hw perfevents: enabled with armv7_cortex_a8 PMU driver, 5 counters available
[    0.237459] futex hash table entries: 256 (order: 2, 16384 bytes)
[    0.253485] squashfs: version 4.0 (2009/01/31) Phillip Lougher
[    0.254693] NFS: Registering the id_resolver key type
[    0.254774] Key type id_resolver registered
[    0.254784] Key type id_legacy registered
[    0.254865] msgmni has been set to 482
[    0.256032] Block layer SCSI generic (bsg) driver version 0.4 loaded (major 249)
[    0.256065] io scheduler noop registered
[    0.256079] io scheduler deadline registered
[    0.256327] io scheduler cfq registered (default)
[    0.258491] pinctrl-single 44e10800.pinmux: 142 pins at pa f9e10800 size 568
[    0.340360] Serial: 8250/16550 driver, 4 ports, IRQ sharing disabled
[    0.342829] Serial: IMX driver
[    0.343159] msm_serial: driver initialized
[    0.343810] omap_uart 44e09000.serial: no wakeirq for uart0
[    0.344024] 44e09000.serial: ttyO0 at MMIO 0x44e09000 (irq = 88, base_baud = 3000000) is a OMAP UART0
[    1.014261] console [ttyO0] enabled
[    1.018537] STMicroelectronics ASC driver initialized
[    1.024651] serial: Freescale lpuart driver
[    1.029315] [drm] Initialized drm 1.1.0 20060810
[    1.040681] loop: module loaded
[    1.048465] CAN device driver interface
[    1.053277] igb: Intel(R) Gigabit Ethernet Network Driver - version 5.2.13-k
[    1.060671] igb: Copyright (c) 2007-2014 Intel Corporation.
[    1.067733] pegasus: v0.9.3 (2013/04/25), Pegasus/Pegasus II USB Ethernet driver
[    1.075590] usbcore: registered new interface driver pegasus
[    1.081609] usbcore: registered new interface driver asix
[    1.087327] usbcore: registered new interface driver ax88179_178a
[    1.093781] usbcore: registered new interface driver cdc_ether
[    1.099973] usbcore: registered new interface driver smsc75xx
[    1.106101] usbcore: registered new interface driver smsc95xx
[    1.112181] usbcore: registered new interface driver net1080
[    1.118171] usbcore: registered new interface driver cdc_subset
[    1.124433] usbcore: registered new interface driver zaurus
[    1.130404] usbcore: registered new interface driver cdc_ncm
[    1.136375] ehci_hcd: USB 2.0 'Enhanced' Host Controller (EHCI) Driver
[    1.143211] ehci-pci: EHCI PCI platform driver
[    1.147939] ehci-platform: EHCI generic platform driver
[    1.153607] ehci-omap: OMAP-EHCI Host Controller driver
[    1.159217] ehci-orion: EHCI orion driver
[    1.163515] SPEAr-ehci: EHCI SPEAr driver
[    1.167841] tegra-ehci: Tegra EHCI driver
[    1.172189] ohci_hcd: USB 1.1 'Open' Host Controller (OHCI) Driver
[    1.178729] ohci-pci: OHCI PCI platform driver
[    1.183450] ohci-platform: OHCI generic platform driver
[    1.189060] ohci-omap3: OHCI OMAP3 driver
[    1.193361] SPEAr-ohci: OHCI SPEAr driver
[    1.198392] usbcore: registered new interface driver usb-storage
[    1.206616] mousedev: PS/2 mouse device common for all mice
[    1.215479] i2c /dev entries driver
[    1.220356] usbcore: registered new interface driver uvcvideo
[    1.226392] USB Video Class driver (1.1.1)
[    1.230692] gspca_main: v2.14.0 registered
[    1.237738] sdhci: Secure Digital Host Controller Interface driver
[    1.244233] sdhci: Copyright(c) Pierre Ossman
[    1.250138] omap_hsmmc 48060000.mmc: unable to get vmmc regulator -517
[    1.257174] platform 48060000.mmc: Driver omap_hsmmc requests probe deferral
[    1.264920] Synopsys Designware Multimedia Card Interface Driver
[    1.271833] sdhci-pltfm: SDHCI platform and OF driver helper
[    1.279087] usbcore: registered new interface driver usbhid
[    1.284941] usbhid: USB HID core driver
[    1.294563] TCP: cubic registered
[    1.298052] NET: Registered protocol family 17
[    1.302776] can: controller area network core (rev 20120528 abi 9)
[    1.309362] NET: Registered protocol family 29
[    1.314028] can: raw protocol (rev 20120528)
[    1.318488] can: broadcast manager protocol (rev 20120528 t)
[    1.324427] can: netlink gateway (rev 20130117) max_hops=1
[    1.330820] Key type dns_resolver registered
[    1.335599] omap_voltage_late_init: Voltage driver support not added
[    1.343066] ThumbEE CPU extension supported.
[    1.347627] Registering SWP/SWPB emulation handler
[    1.356268] omap_i2c 44e0b000.i2c: bus 0 rev0.11 at 400 kHz
[    1.363901] omap_hsmmc 48060000.mmc: unable to get vmmc regulator -517
[    1.370894] platform 48060000.mmc: Driver omap_hsmmc requests probe deferral
[    1.433761] davinci_mdio 4a101000.mdio: davinci mdio revision 1.6
[    1.440165] davinci_mdio 4a101000.mdio: detected phy mask fffffffe
[    1.447527] libphy: 4a101000.mdio: probed
[    1.451791] davinci_mdio 4a101000.mdio: phy[0]: device 4a101000.mdio:00, driver unknown
[    1.461453] cpsw 4a100000.ethernet: Detected MACID = 78:c5:e5:d5:61:68
[    1.469877] drivers/rtc/hctosys.c: unable to open rtc device (rtc0)
[    1.481366] net eth0: initializing cpsw version 1.12 (0)
[    1.490771] omap_hsmmc 48060000.mmc: unable to get vmmc regulator -517
[    1.497876] platform 48060000.mmc: Driver omap_hsmmc requests probe deferral
[    1.554096] net eth0: phy found : id is : 0x7c0f1
[    1.559127] libphy: PHY 4a101000.mdio:01 not found
[    1.564149] net eth0: phy 4a101000.mdio:01 not found on slave 1
[    4.554377] cpsw 4a100000.ethernet eth0: Link is Up - 100Mbps/Full - flow control rx/tx
[    4.573752] Sending DHCP requests ., OK
[    4.639217] IP-Config: Got DHCP answer from 192.168.0.1, my address is 192.168.0.76
[    4.647432] IP-Config: Complete:
[    4.650838]      device=eth0, hwaddr=78:c5:e5:d5:61:68, ipaddr=192.168.0.76, mask=255.255.255.0, gw=192.168.0.1
[    4.661382]      host=192.168.0.76, domain=tim.com, nis-domain=(none)
[    4.668115]      bootserver=192.168.0.1, rootserver=192.168.0.1, rootpath=
[    4.675122]      nameserver0=192.0.2.2, nameserver1=192.0.2.3
[    4.681461] vmmcsd_fixed: disabling
[    4.685253] ALSA device list:
[    4.688346]   No soundcards found.
[    4.693043] Waiting for root device PARTUUID=00000000-02...
[  130.488735] random: nonblocking pool is initialized

