- 06:52:50 [INFO] Starting target session
- 06:52:50 [INFO] Connected to beagleboard via serial 
- 06:52:50 [INFO] Host: #check prompt
- 06:52:53 [ERROR] On command: #check prompt waiting for #check prompt.+?(?-mix:((?-mix:login:)|[Pp]assword)) >>> error: execution expired
- 06:52:53 [INFO] Target: 
#check prompt
root@beagleboard:/test# 
- 06:52:53 [INFO] Host: #check prompt
- 06:52:53 [INFO] Target: 
#check prompt
root@beagleboard:/test# 
- 06:52:53 [INFO] Host: sync;poweroff
- 06:53:10 [INFO] Target: 
sync;poweroff
Broadcast message from root@beagleboard (ttyO2) (Sat Apr 26 05:06:29 2014):
The system is going down for system halt NOW!
INIT: Switching to runlevel: 0
5root@beagleboard:/test# 
INIT: Sending processes the TERM signal
INIT: Sending processes the KILL signaStopping Dropbear SSH server: stopped /usr/sbin/dropbear (pid 464)
dropbear.
Stopping telnet daemon.
Stopping system message bus: dbus.
hwclock: can't open '/dev/misc/rtc': No such file or directory
Error opening /dev/fb0: No such file or directory
Stopping syslogd/klogd: stopped syslogd (pid 476)
stopped klogd (pid 479)
done
Stopping thttpd.
ALSA: Storing mixer settings...
/usr/sbin/alsactl: save_state:1590: No soundcards found...
Deconfiguring network interfaces... ifdown: interface eth0 not configured
done.
Stopping Lighttpd Web Server: stopped /usr/sbin/lighttpd (pid 491)
lighttpd.
Stopping Matrix GUI applicationstart-stop-daemon: warning: killing process 503: No such process
***************************************************************
***************************************************************
NOTICE: This file system contains the followin GPLv3 packages:
	binutils-symlinks
	binutils
	gdbserver
If you do not wish to distribute GPLv3 components please remove
the above packages prior to distribution.  This can be done using
the opkg remove command.  i.e.:
    opkg remove <package>
Where <package> is the name printed in the list above
NOTE: If the package is a dependency of another package you
      will be notified of the dependent packages.  You should
      use the --force-removal-of-dependent-packages option to
      also remove the dependent packages as well
***************************************************************
***************************************************************
Sending all processes the TERM signal...
Sending all processes the KILL signal...
Unmounting remote filesystems...
Deactivating swap...
Unmounting local filesystems...
[ 1329.534729] EXT4-fs (mmcblk0p2): re-mounted. Opts: data=ordered
[ 1331.758178] reboot: Power down
[ 1331.761444] ------------[ cut here ]------------
[ 1331.766357] WARNING: CPU: 0 PID: 628 at kernel/locking/lockdep.c:2744 lockdep_trace_alloc+0xec/0x10c()
[ 1331.776153] DEBUG_LOCKS_WARN_ON(irqs_disabled_flags(flags))
[ 1331.781860] Modules linked in:
[ 1331.785278] CPU: 0 PID: 628 Comm: halt Not tainted 3.19.0-next-20150220-00002-g44c775ea854f #1
[ 1331.794372] Hardware name: Generic OMAP36xx (Flattened Device Tree)
[ 1331.801025] [<c001545c>] (unwind_backtrace) from [<c0011a74>] (show_stack+0x10/0x14)
[ 1331.809204] [<c0011a74>] (show_stack) from [<c058cbd0>] (dump_stack+0x78/0x94)
[ 1331.816833] [<c058cbd0>] (dump_stack) from [<c003daf8>] (warn_slowpath_common+0x7c/0xb4)
[ 1331.825378] [<c003daf8>] (warn_slowpath_common) from [<c003dbc4>] (warn_slowpath_fmt+0x30/0x40)
[ 1331.834564] [<c003dbc4>] (warn_slowpath_fmt) from [<c0084b64>] (lockdep_trace_alloc+0xec/0x10c)
[ 1331.843749] [<c0084b64>] (lockdep_trace_alloc) from [<c013f9f4>] (__kmalloc_track_caller+0x40/0x258)
[ 1331.853424] [<c013f9f4>] (__kmalloc_track_caller) from [<c01186d8>] (kmemdup+0x1c/0x38)
[ 1331.861877] [<c01186d8>] (kmemdup) from [<c03bd8f4>] (regmap_bulk_write+0x74/0x19c)
[ 1331.869964] [<c03bd8f4>] (regmap_bulk_write) from [<c03c88d8>] (twl_i2c_write+0x4c/0x88)
[ 1331.878509] [<c03c88d8>] (twl_i2c_write) from [<c03cae30>] (twl4030_power_off+0x3c/0x158)
[ 1331.887145] [<c03cae30>] (twl4030_power_off) from [<c000f230>] (machine_power_off+0x24/0x2c)
[ 1331.896057] [<c000f230>] (machine_power_off) from [<c005abf4>] (SyS_reboot+0x114/0x1f0)
[ 1331.904510] [<c005abf4>] (SyS_reboot) from [<c000e5e0>] (ret_fast_syscall+0x0/0x4c)
[ 1331.912597] ---[ end trace c68e92c1cac30fcd ]---
- 06:53:10 [INFO] Disconnected serial from beagleboard
- 06:53:11 [INFO] Connected to beagleboard via serial 
- 06:53:11 [INFO] Host: 
- 06:53:12 [ERROR] On command:  waiting for (?-mix:U-Boot#) >>> error: execution expired
- 06:53:12 [INFO] Target: 
U-Boot SPL 2014.10-00004-g9ade0ab-dirty (Dec 16 2014 - 13:40:24)
- 06:53:12 [INFO] Host: 
- 06:53:12 [ERROR] On command:  waiting for (?-mix:U-Boot#) >>> error: execution expired
- 06:53:12 [INFO] Target: 
SPL: Please implement spl_start_uboot() for your board
SPL: Direct Linux boot not active!
reading u-boot.img
reading u-boot.img
U-Boot 2014.10-00004-g9ade0ab-dirty (Dec 16 2014 - 13:40:24)
OMAP36XX/37XX-GP ES1.2, CPU-OPP2, L3-200MHz, Max CPU Clock 1 Ghz
OMAP3 Beagle board + LPDDR/NAND
I2C:   ready
DRAM:  512 MiB
NAND:  0 MiB
MMC:   OMAP SD/MMC: 0
*** Warning - readenv() failed, using default environment
Beagle xM Rev C
No EEPROM on expansion board
Die ID #723000029ff8000001578ca00e02e00b
Net:   usb_ether
Error: usb_ether address not set.
Hit any key to stop autoboot:  1 
- 06:53:12 [INFO] Host: 
- 06:53:13 [INFO] Target: 
U-Boot# 
- 06:53:13 [INFO] Host: 
- 06:53:13 [INFO] Target: 
U-Boot# 
- 06:53:13 [INFO] Host: version
- 06:53:14 [INFO] Target: 
version
U-Boot 2014.10-00004-g9ade0ab-dirty (Dec 16 2014 - 13:40:24)
arm-linux-gnueabi-gcc (Ubuntu/Linaro 4.6.3-1ubuntu5) 4.6.3
GNU ld (GNU Binutils for Ubuntu) 2.22
U-Boot# 
- 06:53:14 [INFO] Host: setenv bootargs 'console=ttyO2,115200n8  earlyprintk rootwait '
- 06:53:14 [INFO] Target: 
setenv bootargs 'console=ttyO2,115200n8  earlyprintk rootwait '
U-Boot# 
- 06:53:14 [INFO] Host: setenv bootcmd  ''
- 06:53:15 [INFO] Target: 
setenv bootcmd  ''
U-Boot# 
- 06:53:15 [INFO] Host: setenv autoload 'no'
- 06:53:15 [INFO] Target: 
setenv autoload 'no'
U-Boot# 
- 06:53:15 [INFO] Host: setenv serverip '192.168.0.1'
- 06:53:16 [INFO] Target: 
setenv serverip '192.168.0.1'
U-Boot# 
- 06:53:16 [INFO] Host: printenv
- 06:53:16 [INFO] Target: 
printenv
arch=arm
autoload=no
baudrate=115200
beaglerev=xMC
board=beagle
board_name=beagle
bootargs=console=ttyO2,115200n8  earlyprintk rootwait 
bootcmd=
bootdelay=1
bootdir=/boot
bootenv=uEnv.txt
bootfile=uImage
bootm_size=0x08000000
bootpart=0:2
bootscript=echo Running bootscript from mmc${mmcdev} ...; source ${loadaddr}
buddy=none
camera=none
console=ttyO2,115200n8
cpu=armv7
defaultdisplay=dvi
dieid#=723000029ff8000001578ca00e02e00b
dvimode=640x480MR-16@60
ethact=usb_ether
fdtaddr=0x80f80000
findfdt=if test $beaglerev = AxBx; then setenv fdtfile omap3-beagle.dtb; fi; if test $beaglerev = Cx; then setenv fdtfile omap3-beagle.dtb; fi; if test $beaglerev = C4; then setenv fdtfile omap3-beagle.dtb; fi; if test $beaglerev = xMAB; then setenv fdtfile omap3-beagle-xm-ab.dtb; fi; if test $beaglerev = xMC; then setenv fdtfile omap3-beagle-xm.dtb; fi; if test $fdtfile = undefined; then echo WARNING: Could not determine device tree to use; fi; 
importbootenv=echo Importing environment from mmc ...; env import -t -r $loadaddr $filesize
loadaddr=0x80200000
loadbootenv=fatload mmc ${mmcdev} ${loadaddr} ${bootenv}
loadbootscript=load mmc ${mmcdev} ${loadaddr} boot.scr
loadfdt=run validatefdt; load mmc ${bootpart} ${fdtaddr} ${bootdir}/${fdtfile}
loadimage=load mmc ${bootpart} ${loadaddr} ${bootdir}/${bootfile}
loadramdisk=load mmc ${bootpart} ${rdaddr} ${bootdir}/${ramdisk}
mmcargs=setenv bootargs console=${console} ${optargs} mpurate=${mpurate} buddy=${buddy} camera=${camera} vram=${vram} omapfb.mode=dvi:${dvimode} omapdss.def_disp=${defaultdisplay} root=${mmcroot} rootfstype=${mmcrootfstype}
mmcboot=echo Booting from mmc ...; run mmcargs; bootm ${loadaddr}
mmcbootz=echo Booting with DT from mmc${mmcdev} ...; run mmcargs; bootz ${loadaddr} - ${fdtaddr}
mmcdev=0
mmcroot=/dev/mmcblk0p2 rw
mmcrootfstype=ext3 rootwait
mpurate=auto
nandargs=setenv bootargs console=${console} ${optargs} mpurate=${mpurate} buddy=${buddy} camera=${camera} vram=${vram} omapfb.mode=dvi:${dvimode} omapdss.def_disp=${defaultdisplay} root=${nandroot} rootfstype=${nandrootfstype}
nandboot=echo Booting from nand ...; run nandargs; nand read ${loadaddr} 280000 400000; bootm ${loadaddr}
nandroot=ubi0:rootfs ubi.mtd=4
nandrootfstype=ubifs
ramargs=setenv bootargs console=${console} ${optargs} mpurate=${mpurate} buddy=${buddy} vram=${vram} omapfb.mode=dvi:${dvimode} omapdss.def_disp=${defaultdisplay} root=${ramroot} rootfstype=${ramrootfstype}
ramboot=echo Booting from ramdisk ...; run ramargs; bootm ${loadaddr}
ramdisk=ramdisk.gz
ramroot=/dev/ram0 rw ramdisk_size=65536 initrd=0x81000000,64M
ramrootfstype=ext2
rdaddr=0x81000000
serverip=192.168.0.1
soc=omap3
stderr=serial
stdin=serial
stdout=serial
usbethaddr=02:0b:a0:00:02:00
usbtty=cdc_acm
userbutton=if gpio input 173; then run userbutton_xm; else run userbutton_nonxm; fi;
userbutton_nonxm=gpio input 7;
userbutton_xm=gpio input 4;
validatefdt=if test $beaglerev = xMAB; then if test ! -e mmc ${bootpart} ${bootdir}/${fdtfile}; then setenv fdtfile omap3-beagle-xm.dtb; fi; fi; 
vendor=ti
ver=U-Boot 2014.10-00004-g9ade0ab-dirty (Dec 16 2014 - 13:40:24)
vram=12M
Environment size: 3237/131068 bytes
U-Boot# 
- 06:53:16 [INFO] Host: dcache off
- 06:53:17 [INFO] Target: 
dcache off
U-Boot# 
- 06:53:17 [INFO] Host: setenv usbethaddr b0:ee:aa:12:34:56
- 06:53:17 [INFO] Target: 
setenv usbethaddr b0:ee:aa:12:34:56
U-Boot# 
- 06:53:17 [INFO] Host: usb start
- 06:53:22 [INFO] Target: 
usb start
(Re)start USB...
USB0:   USB EHCI 1.00
scanning bus 0 for devices... 3 USB Device(s) found
       scanning usb for storage devices... 0 Storage Device(s) found
       scanning usb for ethernet devices... 1 Ethernet Device(s) found
U-Boot# 
- 06:53:22 [INFO] Host: printenv
- 06:53:22 [INFO] Target: 
printenv
arch=arm
autoload=no
baudrate=115200
beaglerev=xMC
board=beagle
board_name=beagle
bootargs=console=ttyO2,115200n8  earlyprintk rootwait 
bootcmd=
bootdelay=1
bootdir=/boot
bootenv=uEnv.txt
bootfile=uImage
bootm_size=0x08000000
bootpart=0:2
bootscript=echo Running bootscript from mmc${mmcdev} ...; source ${loadaddr}
buddy=none
camera=none
console=ttyO2,115200n8
cpu=armv7
defaultdisplay=dvi
dieid#=723000029ff8000001578ca00e02e00b
dvimode=640x480MR-16@60
ethact=usb_ether
fdtaddr=0x80f80000
findfdt=if test $beaglerev = AxBx; then setenv fdtfile omap3-beagle.dtb; fi; if test $beaglerev = Cx; then setenv fdtfile omap3-beagle.dtb; fi; if test $beaglerev = C4; then setenv fdtfile omap3-beagle.dtb; fi; if test $beaglerev = xMAB; then setenv fdtfile omap3-beagle-xm-ab.dtb; fi; if test $beaglerev = xMC; then setenv fdtfile omap3-beagle-xm.dtb; fi; if test $fdtfile = undefined; then echo WARNING: Could not determine device tree to use; fi; 
importbootenv=echo Importing environment from mmc ...; env import -t -r $loadaddr $filesize
loadaddr=0x80200000
loadbootenv=fatload mmc ${mmcdev} ${loadaddr} ${bootenv}
loadbootscript=load mmc ${mmcdev} ${loadaddr} boot.scr
loadfdt=run validatefdt; load mmc ${bootpart} ${fdtaddr} ${bootdir}/${fdtfile}
loadimage=load mmc ${bootpart} ${loadaddr} ${bootdir}/${bootfile}
loadramdisk=load mmc ${bootpart} ${rdaddr} ${bootdir}/${ramdisk}
mmcargs=setenv bootargs console=${console} ${optargs} mpurate=${mpurate} buddy=${buddy} camera=${camera} vram=${vram} omapfb.mode=dvi:${dvimode} omapdss.def_disp=${defaultdisplay} root=${mmcroot} rootfstype=${mmcrootfstype}
mmcboot=echo Booting from mmc ...; run mmcargs; bootm ${loadaddr}
mmcbootz=echo Booting with DT from mmc${mmcdev} ...; run mmcargs; bootz ${loadaddr} - ${fdtaddr}
mmcdev=0
mmcroot=/dev/mmcblk0p2 rw
mmcrootfstype=ext3 rootwait
mpurate=auto
nandargs=setenv bootargs console=${console} ${optargs} mpurate=${mpurate} buddy=${buddy} camera=${camera} vram=${vram} omapfb.mode=dvi:${dvimode} omapdss.def_disp=${defaultdisplay} root=${nandroot} rootfstype=${nandrootfstype}
nandboot=echo Booting from nand ...; run nandargs; nand read ${loadaddr} 280000 400000; bootm ${loadaddr}
nandroot=ubi0:rootfs ubi.mtd=4
nandrootfstype=ubifs
ramargs=setenv bootargs console=${console} ${optargs} mpurate=${mpurate} buddy=${buddy} vram=${vram} omapfb.mode=dvi:${dvimode} omapdss.def_disp=${defaultdisplay} root=${ramroot} rootfstype=${ramrootfstype}
ramboot=echo Booting from ramdisk ...; run ramargs; bootm ${loadaddr}
ramdisk=ramdisk.gz
ramroot=/dev/ram0 rw ramdisk_size=65536 initrd=0x81000000,64M
ramrootfstype=ext2
rdaddr=0x81000000
serverip=192.168.0.1
soc=omap3
stderr=serial
stdin=serial
stdout=serial
usbethaddr=b0:ee:aa:12:34:56
usbtty=cdc_acm
userbutton=if gpio input 173; then run userbutton_xm; else run userbutton_nonxm; fi;
userbutton_nonxm=gpio input 7;
userbutton_xm=gpio input 4;
validatefdt=if test $beaglerev = xMAB; then if test ! -e mmc ${bootpart} ${bootdir}/${fdtfile}; then setenv fdtfile omap3-beagle-xm.dtb; fi; fi; 
vendor=ti
ver=U-Boot 2014.10-00004-g9ade0ab-dirty (Dec 16 2014 - 13:40:24)
vram=12M
Environment size: 3237/131068 bytes
U-Boot# 
- 06:53:22 [INFO] Host: setenv bootargs ''${bootargs}' ip=dhcp '
- 06:53:23 [INFO] Target: 
setenv bootargs ''${bootargs}' ip=dhcp '
U-Boot# 
- 06:53:23 [INFO] Host: setenv serverip '192.168.0.1'
- 06:53:23 [INFO] Target: 
setenv serverip '192.168.0.1'
U-Boot# 
- 06:53:23 [INFO] Host: setenv ipaddr dhcp
- 06:53:24 [INFO] Target: 
setenv ipaddr dhcp
U-Boot# 
- 06:53:24 [INFO] Host: setenv autoload 'no'
- 06:53:24 [INFO] Target: 
setenv autoload 'no'
U-Boot# 
- 06:53:24 [INFO] Host: dhcp
- 06:53:27 [INFO] Target: 
dhcp
ERROR: Need valid 'usbnet_devaddr' to be set
at drivers/usb/gadget/ether.c:2357/usb_eth_init()
Waiting for Ethernet connection... done.
BOOTP broadcast 1
BOOTP broadcast 2
DHCP client bound to address 192.168.0.103 (1055 ms)
U-Boot# 
- 06:53:27 [INFO] Host: setenv serverip '192.168.0.1'
- 06:53:28 [INFO] Target: 
setenv serverip '192.168.0.1'
U-Boot# 
- 06:53:28 [INFO] Host: tftp ${loadaddr} 192.168.0.1:vatf_beagleboard1/4b029653c12d12464d086f0d062b38e7
- 06:53:34 [INFO] Target: 
tftp ${loadaddr} 192.168.0.1:vatf_beagleboard1/4b029653c12d12464d086f0d062b38e7
Waiting for Ethernet connection... done.
Using sms0 device
TFTP from server 192.168.0.1; our IP address is 192.168.0.103
Filename 'vatf_beagleboard1/4b029653c12d12464d086f0d062b38e7'.
Load address: 0x80200000
Loading: *#################################################################
	 #################################################################
	 #################################################################
	 #################################################################
	 #################################################################
	 #################################################################
	 #######
	 1.4 MiB/s
done
Bytes transferred = 5816208 (58bf90 hex)
U-Boot# 
- 06:53:34 [INFO] Host: tftp ${fdtaddr} 192.168.0.1:vatf_beagleboard1/99169ff9a0b7ee4c0fbc81cc9eddec2f
- 06:53:36 [INFO] Target: 
tftp ${fdtaddr} 192.168.0.1:vatf_beagleboard1/99169ff9a0b7ee4c0fbc81cc9eddec2f
Waiting for Ethernet connection... done.
Using sms0 device
TFTP from server 192.168.0.1; our IP address is 192.168.0.103
Filename 'vatf_beagleboard1/99169ff9a0b7ee4c0fbc81cc9eddec2f'.
Load address: 0x80f80000
Loading: *#####
	 1.3 MiB/s
done
Bytes transferred = 62706 (f4f2 hex)
U-Boot# 
- 06:53:36 [INFO] Host: ls mmc 0:1
- 06:53:36 [INFO] Target: 
ls mmc 0:1
    50708   mlo 
   393400   u-boot.img 
        4   ws-calibrate.rules 
3 file(s), 0 dir(s)
U-Boot# 
- 06:53:36 [INFO] Host: ls mmc 0:2
- 06:53:37 [INFO] Target: 
ls mmc 0:2
<DIR>       4096 .
<DIR>       4096 ..
<DIR>       4096 srv
<DIR>       4096 home
<DIR>       4096 media
<DIR>       4096 opt
<DIR>       4096 var
<DIR>       4096 sys
<DIR>       4096 boot
<DIR>       4096 dev
<DIR>       4096 usr
<DIR>       4096 bin
<DIR>       4096 mnt
<DIR>       4096 etc
<DIR>       4096 sbin
<DIR>       4096 www
<SYM>          8 tmp
<DIR>       4096 proc
<DIR>       4096 run
<DIR>       4096 lib
<DIR>       4096 Settings
<DIR>       4096 test
U-Boot# 
- 06:53:37 [INFO] Host: part uuid mmc 0:2
- 06:53:37 [INFO] Target: 
part uuid mmc 0:2
00000000-02
U-Boot# 
- 06:53:37 [INFO] Host: printenv
- 06:53:38 [INFO] Target: 
printenv
arch=arm
autoload=no
baudrate=115200
beaglerev=xMC
board=beagle
board_name=beagle
bootargs=console=ttyO2,115200n8  earlyprintk rootwait  ip=dhcp 
bootcmd=
bootdelay=1
bootdir=/boot
bootenv=uEnv.txt
bootfile=uImage
bootm_size=0x08000000
bootpart=0:2
bootscript=echo Running bootscript from mmc${mmcdev} ...; source ${loadaddr}
buddy=none
camera=none
console=ttyO2,115200n8
cpu=armv7
defaultdisplay=dvi
dieid#=723000029ff8000001578ca00e02e00b
dnsip=192.0.2.2
dvimode=640x480MR-16@60
ethact=sms0
fdtaddr=0x80f80000
fileaddr=80f80000
filesize=f4f2
findfdt=if test $beaglerev = AxBx; then setenv fdtfile omap3-beagle.dtb; fi; if test $beaglerev = Cx; then setenv fdtfile omap3-beagle.dtb; fi; if test $beaglerev = C4; then setenv fdtfile omap3-beagle.dtb; fi; if test $beaglerev = xMAB; then setenv fdtfile omap3-beagle-xm-ab.dtb; fi; if test $beaglerev = xMC; then setenv fdtfile omap3-beagle-xm.dtb; fi; if test $fdtfile = undefined; then echo WARNING: Could not determine device tree to use; fi; 
gatewayip=192.168.0.1
importbootenv=echo Importing environment from mmc ...; env import -t -r $loadaddr $filesize
ipaddr=192.168.0.103
loadaddr=0x80200000
loadbootenv=fatload mmc ${mmcdev} ${loadaddr} ${bootenv}
loadbootscript=load mmc ${mmcdev} ${loadaddr} boot.scr
loadfdt=run validatefdt; load mmc ${bootpart} ${fdtaddr} ${bootdir}/${fdtfile}
loadimage=load mmc ${bootpart} ${loadaddr} ${bootdir}/${bootfile}
loadramdisk=load mmc ${bootpart} ${rdaddr} ${bootdir}/${ramdisk}
mmcargs=setenv bootargs console=${console} ${optargs} mpurate=${mpurate} buddy=${buddy} camera=${camera} vram=${vram} omapfb.mode=dvi:${dvimode} omapdss.def_disp=${defaultdisplay} root=${mmcroot} rootfstype=${mmcrootfstype}
mmcboot=echo Booting from mmc ...; run mmcargs; bootm ${loadaddr}
mmcbootz=echo Booting with DT from mmc${mmcdev} ...; run mmcargs; bootz ${loadaddr} - ${fdtaddr}
mmcdev=0
mmcroot=/dev/mmcblk0p2 rw
mmcrootfstype=ext3 rootwait
mpurate=auto
nandargs=setenv bootargs console=${console} ${optargs} mpurate=${mpurate} buddy=${buddy} camera=${camera} vram=${vram} omapfb.mode=dvi:${dvimode} omapdss.def_disp=${defaultdisplay} root=${nandroot} rootfstype=${nandrootfstype}
nandboot=echo Booting from nand ...; run nandargs; nand read ${loadaddr} 280000 400000; bootm ${loadaddr}
nandroot=ubi0:rootfs ubi.mtd=4
nandrootfstype=ubifs
netmask=255.255.255.0
ramargs=setenv bootargs console=${console} ${optargs} mpurate=${mpurate} buddy=${buddy} vram=${vram} omapfb.mode=dvi:${dvimode} omapdss.def_disp=${defaultdisplay} root=${ramroot} rootfstype=${ramrootfstype}
ramboot=echo Booting from ramdisk ...; run ramargs; bootm ${loadaddr}
ramdisk=ramdisk.gz
ramroot=/dev/ram0 rw ramdisk_size=65536 initrd=0x81000000,64M
ramrootfstype=ext2
rdaddr=0x81000000
serverip=192.168.0.1
soc=omap3
stderr=serial
stdin=serial
stdout=serial
usbethaddr=b0:ee:aa:12:34:56
usbtty=cdc_acm
userbutton=if gpio input 173; then run userbutton_xm; else run userbutton_nonxm; fi;
userbutton_nonxm=gpio input 7;
userbutton_xm=gpio input 4;
validatefdt=if test $beaglerev = xMAB; then if test ! -e mmc ${bootpart} ${bootdir}/${fdtfile}; then setenv fdtfile omap3-beagle-xm.dtb; fi; fi; 
vendor=ti
ver=U-Boot 2014.10-00004-g9ade0ab-dirty (Dec 16 2014 - 13:40:24)
vram=12M
Environment size: 3366/131068 bytes
U-Boot# 
- 06:53:38 [INFO] Host: setenv bootargs ''${bootargs}' root=PARTUUID=00000000-02 rw rootfstype=ext4 rootwait '
- 06:53:38 [INFO] Target: 
setenv bootargs ''${bootargs}' root=PARTUUID=00000000-02 rw rootfstype=ext4 rootwait '
U-Boot# 
- 06:53:38 [INFO] Host: printenv
- 06:53:39 [INFO] Target: 
printenv
arch=arm
autoload=no
baudrate=115200
beaglerev=xMC
board=beagle
board_name=beagle
bootargs=console=ttyO2,115200n8  earlyprintk rootwait  ip=dhcp  root=PARTUUID=00000000-02 rw rootfstype=ext4 rootwait 
bootcmd=
bootdelay=1
bootdir=/boot
bootenv=uEnv.txt
bootfile=uImage
bootm_size=0x08000000
bootpart=0:2
bootscript=echo Running bootscript from mmc${mmcdev} ...; source ${loadaddr}
buddy=none
camera=none
console=ttyO2,115200n8
cpu=armv7
defaultdisplay=dvi
dieid#=723000029ff8000001578ca00e02e00b
dnsip=192.0.2.2
dvimode=640x480MR-16@60
ethact=sms0
fdtaddr=0x80f80000
fileaddr=80f80000
filesize=f4f2
findfdt=if test $beaglerev = AxBx; then setenv fdtfile omap3-beagle.dtb; fi; if test $beaglerev = Cx; then setenv fdtfile omap3-beagle.dtb; fi; if test $beaglerev = C4; then setenv fdtfile omap3-beagle.dtb; fi; if test $beaglerev = xMAB; then setenv fdtfile omap3-beagle-xm-ab.dtb; fi; if test $beaglerev = xMC; then setenv fdtfile omap3-beagle-xm.dtb; fi; if test $fdtfile = undefined; then echo WARNING: Could not determine device tree to use; fi; 
gatewayip=192.168.0.1
importbootenv=echo Importing environment from mmc ...; env import -t -r $loadaddr $filesize
ipaddr=192.168.0.103
loadaddr=0x80200000
loadbootenv=fatload mmc ${mmcdev} ${loadaddr} ${bootenv}
loadbootscript=load mmc ${mmcdev} ${loadaddr} boot.scr
loadfdt=run validatefdt; load mmc ${bootpart} ${fdtaddr} ${bootdir}/${fdtfile}
loadimage=load mmc ${bootpart} ${loadaddr} ${bootdir}/${bootfile}
loadramdisk=load mmc ${bootpart} ${rdaddr} ${bootdir}/${ramdisk}
mmcargs=setenv bootargs console=${console} ${optargs} mpurate=${mpurate} buddy=${buddy} camera=${camera} vram=${vram} omapfb.mode=dvi:${dvimode} omapdss.def_disp=${defaultdisplay} root=${mmcroot} rootfstype=${mmcrootfstype}
mmcboot=echo Booting from mmc ...; run mmcargs; bootm ${loadaddr}
mmcbootz=echo Booting with DT from mmc${mmcdev} ...; run mmcargs; bootz ${loadaddr} - ${fdtaddr}
mmcdev=0
mmcroot=/dev/mmcblk0p2 rw
mmcrootfstype=ext3 rootwait
mpurate=auto
nandargs=setenv bootargs console=${console} ${optargs} mpurate=${mpurate} buddy=${buddy} camera=${camera} vram=${vram} omapfb.mode=dvi:${dvimode} omapdss.def_disp=${defaultdisplay} root=${nandroot} rootfstype=${nandrootfstype}
nandboot=echo Booting from nand ...; run nandargs; nand read ${loadaddr} 280000 400000; bootm ${loadaddr}
nandroot=ubi0:rootfs ubi.mtd=4
nandrootfstype=ubifs
netmask=255.255.255.0
ramargs=setenv bootargs console=${console} ${optargs} mpurate=${mpurate} buddy=${buddy} vram=${vram} omapfb.mode=dvi:${dvimode} omapdss.def_disp=${defaultdisplay} root=${ramroot} rootfstype=${ramrootfstype}
ramboot=echo Booting from ramdisk ...; run ramargs; bootm ${loadaddr}
ramdisk=ramdisk.gz
ramroot=/dev/ram0 rw ramdisk_size=65536 initrd=0x81000000,64M
ramrootfstype=ext2
rdaddr=0x81000000
serverip=192.168.0.1
soc=omap3
stderr=serial
stdin=serial
stdout=serial
usbethaddr=b0:ee:aa:12:34:56
usbtty=cdc_acm
userbutton=if gpio input 173; then run userbutton_xm; else run userbutton_nonxm; fi;
userbutton_nonxm=gpio input 7;
userbutton_xm=gpio input 4;
validatefdt=if test $beaglerev = xMAB; then if test ! -e mmc ${bootpart} ${bootdir}/${fdtfile}; then setenv fdtfile omap3-beagle-xm.dtb; fi; fi; 
vendor=ti
ver=U-Boot 2014.10-00004-g9ade0ab-dirty (Dec 16 2014 - 13:40:24)
vram=12M
Environment size: 3421/131068 bytes
U-Boot# 
- 06:53:39 [INFO] Host: setenv bootcmd ''${bootcmd}' if iminfo ${loadaddr}; then bootm ${loadaddr} - ${fdtaddr}; else bootz ${loadaddr} - ${fdtaddr}; bootm ${loadaddr} - ${fdtaddr}; fi'
- 06:53:39 [INFO] Target: 
setenv bootcmd ''${bootcmd}' if iminfo ${loadaddr}; then bootm ${loadaddr} - ${fdtaddr}; else bootz ${loadaddr} - ${fdtaddr}; bootm ${loadaddr} - ${fdtaddr}; fi'
U-Boot# 
- 06:53:39 [INFO] Host: bdinfo
- 06:53:40 [INFO] Target: 
bdinfo
arch_number = 0x0000060A
boot_params = 0x80000100
DRAM bank   = 0x00000000
-> start    = 0x80000000
-> size     = 0x10000000
DRAM bank   = 0x00000001
-> start    = 0x90000000
-> size     = 0x10000000
eth0name    = usb_ether
ethaddr     = (not set)
eth1name    = sms0
eth1addr    = (not set)
current eth = sms0
ip_addr     = 192.168.0.103
baudrate    = 115200 bps
TLB addr    = 0x9FFF0000
relocaddr   = 0x9FF4C000
reloc off   = 0x1FE4C000
irq_sp      = 0x9EF2BEE0
sp start    = 0x9EF2BED0
U-Boot# 
- 06:53:40 [INFO] Host: mmc rescan
- 06:53:40 [INFO] Target: 
mmc rescan
U-Boot# 
- 06:53:40 [INFO] Host: fatwrite mmc ${mmcdev}:1 ${loadaddr} ws-calibrate.rules 4
- 06:53:41 [INFO] Target: 
fatwrite mmc ${mmcdev}:1 ${loadaddr} ws-calibrate.rules 4
writing ws-calibrate.rules
4 bytes written
U-Boot# 
- 06:53:41 [INFO] Host: boot
- 06:56:11 [ERROR] On command: boot waiting for boot.+?(?-mix:login:) >>> error: execution expired
- 06:56:11 [INFO] Target: 
boot
## Checking Image at 80200000 ...
Unknown image format!
Kernel image @ 0x80200000 [ 0x000000 - 0x58bf90 ]
## Flattened Device Tree blob at 80f80000
   Booting using the fdt blob at 0x80f80000
   Loading Device Tree to 87fed000, end 87fff4f1 ... OK
Starting kernel ...
[    0.000000] Booting Linux on physical CPU 0x0
[    0.000000] Linux version 3.19.0-next-20150220-00002-g44c775ea854f (nmenon@kahuna) (gcc version 4.6.3 (Ubuntu/Linaro 4.6.3-1ubuntu5) ) #1 SMP Fri Feb 20 05:51:19 CST 2015
[    0.000000] CPU: ARMv7 Processor [413fc082] revision 2 (ARMv7), cr=10c5387d
[    0.000000] CPU: PIPT / VIPT nonaliasing data cache, VIPT aliasing instruction cache
[    0.000000] Machine model: TI OMAP3 BeagleBoard xM
[    0.000000] cma: Reserved 64 MiB at 0x9b800000
[    0.000000] Memory policy: Data cache writeback
[    0.000000] CPU: All CPU(s) started in SVC mode.
[    0.000000] OMAP3630 ES1.2 (l2cache iva sgx neon isp 192mhz_clk )
[    0.000000] PERCPU: Embedded 11 pages/cpu @dfa89000 s12480 r8192 d24384 u45056
[    0.000000] Built 1 zonelists in Zone order, mobility grouping on.  Total pages: 129792
[    0.000000] Kernel command line: console=ttyO2,115200n8  earlyprintk rootwait  ip=dhcp  root=PARTUUID=00000000-02 rw rootfstype=ext4 rootwait 
[    0.000000] PID hash table entries: 2048 (order: 1, 8192 bytes)
[    0.000000] Dentry cache hash table entries: 65536 (order: 6, 262144 bytes)
[    0.000000] Inode-cache hash table entries: 32768 (order: 5, 131072 bytes)
[    0.000000] Memory: 439888K/523264K available (7620K kernel code, 934K rwdata, 3160K rodata, 776K init, 308K bss, 17840K reserved, 65536K cma-reserved, 0K highmem)
[    0.000000] Virtual kernel memory layout:
[    0.000000]     vector  : 0xffff0000 - 0xffff1000   (   4 kB)
[    0.000000]     fixmap  : 0xffc00000 - 0xfff00000   (3072 kB)
[    0.000000]     vmalloc : 0xe0800000 - 0xff000000   ( 488 MB)
[    0.000000]     lowmem  : 0xc0000000 - 0xe0000000   ( 512 MB)
[    0.000000]     pkmap   : 0xbfe00000 - 0xc0000000   (   2 MB)
[    0.000000]     modules : 0xbf000000 - 0xbfe00000   (  14 MB)
[    0.000000]       .text : 0xc0208000 - 0xc0c8f5bc   (10782 kB)
[    0.000000]       .init : 0xc0c90000 - 0xc0d52000   ( 776 kB)
[    0.000000]       .data : 0xc0d52000 - 0xc0e3ba60   ( 935 kB)
[    0.000000]        .bss : 0xc0e3ba60 - 0xc0e88a60   ( 308 kB)
[    0.000000] SLUB: HWalign=64, Order=0-3, MinObjects=0, CPUs=1, Nodes=1
[    0.000000] Hierarchical RCU implementation.
[    0.000000] 	Additional per-CPU info printed with stalls.
[    0.000000] 	RCU restricting CPUs from NR_CPUS=8 to nr_cpu_ids=1.
[    0.000000] RCU: Adjusting geometry for rcu_fanout_leaf=16, nr_cpu_ids=1
[    0.000000] NR_IRQS:16 nr_irqs:16 16
[    0.000000] IRQ: Found an INTC at 0xfa200000 (revision 4.0) with 96 interrupts
[    0.000000] Clocking rate (Crystal/Core/MPU): 26.0/400/600 MHz
[    0.000000] OMAP clockevent source: timer1 at 32768 Hz
[    0.000000] sched_clock: 32 bits at 32kHz, resolution 30517ns, wraps every 65536000000000ns
[    0.000030] OMAP clocksource: 32k_counter at 32768 Hz
[    0.000244] Console: colour dummy device 80x30
[    0.000274] Calibrating delay loop... 594.73 BogoMIPS (lpj=1486848)
[    0.029052] pid_max: default: 32768 minimum: 301
[    0.029235] Mount-cache hash table entries: 1024 (order: 0, 4096 bytes)
[    0.029235] Mountpoint-cache hash table entries: 1024 (order: 0, 4096 bytes)
[    0.030090] CPU: Testing write buffer coherency: ok
[    0.030426] CPU0: thread -1, cpu 0, socket -1, mpidr 0
[    0.030517] Setting up static identity map for 0x809342f0 - 0x80934388
[    0.035888] Brought up 1 CPUs
[    0.035919] SMP: Total of 1 processors activated (594.73 BogoMIPS).
[    0.035919] CPU: All CPU(s) started in SVC mode.
[    0.036651] devtmpfs: initialized
[    0.040496] VFP support v0.3: implementor 41 architecture 3 part 30 variant c rev 3
[    0.061187] omap_hwmod: mcbsp2_sidetone using broken dt data from mcbsp
[    0.061798] omap_hwmod: mcbsp3_sidetone using broken dt data from mcbsp
[    0.094909] omap_hwmod: mcbsp2: _wait_target_ready failed: -16
[    0.094940] omap_hwmod: mcbsp2: cannot be enabled for reset (3)
[    0.139801] pinctrl core: initialized pinctrl subsystem
[    0.172027] NET: Registered protocol family 16
[    0.175415] DMA: preallocated 256 KiB pool for atomic coherent allocations
[    0.178070] cpuidle: using governor ladder
[    0.178100] cpuidle: using governor menu
[    0.184692] Reprogramming SDRC clock to 400000000 Hz
[    0.190490] omap_gpio 48310000.gpio: could not find pctldev for node /ocp/pinmux@48002a00/pinmux_gpio1_pins, deferring probe
[    0.190521] platform 48310000.gpio: Driver omap_gpio requests probe deferral
[    0.191558] OMAP GPIO hardware version 2.5
[    0.196411] irq: no irq domain found for /ocp/pinmux@48002030 !
[    0.208892] omap-gpmc 6e000000.gpmc: GPMC revision 5.0
[    0.210205] platform 48058000.ssi-controller: Cannot lookup hwmod 'ssi'
[    0.213623] of_amba_device_create(): amba_device_add() failed (-19) for /etb@5401b000
[    0.213745] of_amba_device_create(): amba_device_add() failed (-19) for /etm@54010000
[    0.215789] No ATAGs?
[    0.215820] hw-breakpoint: debug architecture 0x4 unsupported.
[    0.218017] OMAP DMA hardware revision 5.0
[    0.222442] Serial: AMBA PL011 UART driver
[    0.259490] omap-dma-engine 48056000.dma-controller: OMAP DMA engine driver
[    0.260314] platform hsusb2_power_reg: Driver reg-fixed-voltage requests probe deferral
[    0.264770] vgaarb: loaded
[    0.265808] SCSI subsystem initialized
[    0.266632] usbcore: registered new interface driver usbfs
[    0.266723] usbcore: registered new interface driver hub
[    0.266815] usbcore: registered new device driver usb
[    0.267547] platform hsusb2_phy: Driver usb_phy_generic requests probe deferral
[    0.269470] omap_i2c 48070000.i2c: bus 0 rev4.4 at 2600 kHz
[    0.270111] omap_i2c 48072000.i2c: bus 1 rev4.4 at 400 kHz
[    0.270690] omap_i2c 48060000.i2c: bus 2 rev4.4 at 100 kHz
[    0.271667] Linux video capture interface: v2.00
[    0.271728] pps_core: LinuxPPS API ver. 1 registered
[    0.271759] pps_core: Software ver. 5.3.6 - Copyright 2005-2007 Rodolfo Giometti <giometti@linux.it>
[    0.271789] PTP clock support registered
[    0.272186] EDAC MC: Ver: 3.0.0
[    0.273162] Advanced Linux Sound Architecture Driver Initialized.
[    0.274993] Switched to clocksource 32k_counter
[    0.291259] NET: Registered protocol family 2
[    0.292144] TCP established hash table entries: 4096 (order: 2, 16384 bytes)
[    0.292205] TCP bind hash table entries: 4096 (order: 3, 32768 bytes)
[    0.292297] TCP: Hash tables configured (established 4096 bind 4096)
[    0.292388] TCP: reno registered
[    0.292388] UDP hash table entries: 256 (order: 1, 8192 bytes)
[    0.292419] UDP-Lite hash table entries: 256 (order: 1, 8192 bytes)
[    0.292663] NET: Registered protocol family 1
[    0.293151] RPC: Registered named UNIX socket transport module.
[    0.293182] RPC: Registered udp transport module.
[    0.293182] RPC: Registered tcp transport module.
[    0.293212] RPC: Registered tcp NFSv4.1 backchannel transport module.
[    0.296173] hw perfevents: enabled with armv7_cortex_a8 PMU driver, 5 counters available
[    0.299804] futex hash table entries: 256 (order: 2, 16384 bytes)
[    0.317718] squashfs: version 4.0 (2009/01/31) Phillip Lougher
[    0.319152] NFS: Registering the id_resolver key type
[    0.319244] Key type id_resolver registered
[    0.319244] Key type id_legacy registered
[    0.319366] ntfs: driver 2.1.31 [Flags: R/O].
[    0.321472] Block layer SCSI generic (bsg) driver version 0.4 loaded (major 249)
[    0.321502] io scheduler noop registered
[    0.321502] io scheduler deadline registered
[    0.321838] io scheduler cfq registered (default)
[    0.328094] pinctrl-single 48002030.pinmux: 284 pins at pa fa002030 size 568
[    0.328430] pinctrl-single 48002a00.pinmux: 46 pins at pa fa002a00 size 92
[    0.329101] pinctrl-single 480025a0.pinmux: 46 pins at pa fa0025a0 size 92
[    0.429229] Serial: 8250/16550 driver, 4 ports, IRQ sharing disabled
[    0.433410] msm_serial: driver initialized
[    0.434387] omap_uart 4806a000.serial: no wakeirq for uart0
[    0.434600] 4806a000.serial: ttyO0 at MMIO 0x4806a000 (irq = 88, base_baud = 3000000) is a OMAP UART0
[    0.435363] omap_uart 4806c000.serial: no wakeirq for uart0
[    0.435516] 4806c000.serial: ttyO1 at MMIO 0x4806c000 (irq = 89, base_baud = 3000000) is a OMAP UART1
[    0.436340] 49020000.serial: ttyO2 at MMIO 0x49020000 (irq = 90, base_baud = 3000000) is a OMAP UART2
[    1.206054] console [ttyO2] enabled
[    1.210479] omap_uart 49042000.serial: no wakeirq for uart0
[    1.216522] 49042000.serial: ttyO3 at MMIO 0x49042000 (irq = 96, base_baud = 3000000) is a OMAP UART3
[    1.226745] STMicroelectronics ASC driver initialized
[    1.234374] [drm] Initialized drm 1.1.0 20060810
[    1.250122] loop: module loaded
[    1.284729] twl 0-0048: PIH (irq 23) chaining IRQs 307..315
[    1.290710] twl 0-0048: power (irq 312) chaining IRQs 315..322
[    1.340057] twl4030_gpio twl4030-gpio: gpio (irq 307) chaining IRQs 323..340
[    1.453063] CAN device driver interface
[    1.459381] igb: Intel(R) Gigabit Ethernet Network Driver - version 5.2.15-k
[    1.466827] igb: Copyright (c) 2007-2014 Intel Corporation.
[    1.476104] pegasus: v0.9.3 (2013/04/25), Pegasus/Pegasus II USB Ethernet driver
[    1.483978] usbcore: registered new interface driver pegasus
[    1.490051] usbcore: registered new interface driver asix
[    1.495819] usbcore: registered new interface driver ax88179_178a
[    1.502319] usbcore: registered new interface driver cdc_ether
[    1.508544] usbcore: registered new interface driver smsc75xx
[    1.514678] usbcore: registered new interface driver smsc95xx
[    1.520843] usbcore: registered new interface driver net1080
[    1.526885] usbcore: registered new interface driver cdc_subset
[    1.533172] usbcore: registered new interface driver zaurus
[    1.539184] usbcore: registered new interface driver cdc_ncm
[    1.547332] ehci_hcd: USB 2.0 'Enhanced' Host Controller (EHCI) Driver
[    1.554229] ehci-pci: EHCI PCI platform driver
[    1.558990] ehci-platform: EHCI generic platform driver
[    1.564941] ehci-omap: OMAP-EHCI Host Controller driver
[    1.570861] ehci-omap 48064800.ehci: Can't get PHY device for port 1: -517
[    1.578155] platform 48064800.ehci: Driver ehci-omap requests probe deferral
[    1.585693] ehci-orion: EHCI orion driver
[    1.590270] SPEAr-ehci: EHCI SPEAr driver
[    1.594787] ehci-st: EHCI STMicroelectronics driver
[    1.600219] ehci-exynos: EHCI EXYNOS driver
[    1.604919] tegra-ehci: Tegra EHCI driver
[    1.609466] ohci_hcd: USB 1.1 'Open' Host Controller (OHCI) Driver
[    1.616027] ohci-pci: OHCI PCI platform driver
[    1.620819] ohci-platform: OHCI generic platform driver
[    1.626647] ohci-omap3: OHCI OMAP3 driver
[    1.631317] ohci-omap3 48064400.ohci: OHCI Host Controller
[    1.637145] ohci-omap3 48064400.ohci: new USB bus registered, assigned bus number 1
[    1.645599] ohci-omap3 48064400.ohci: irq 92, io mem 0x48064400
[    1.726409] hub 1-0:1.0: USB hub found
[    1.730499] hub 1-0:1.0: 3 ports detected
[    1.735687] SPEAr-ohci: OHCI SPEAr driver
[    1.740386] ohci-st: OHCI STMicroelectronics driver
[    1.746032] usbcore: registered new interface driver usb-storage
[    1.755767] mousedev: PS/2 mouse device common for all mice
[    1.767761] twl_rtc 48070000.i2c:twl@48:rtc: Power up reset detected.
[    1.774871] twl_rtc 48070000.i2c:twl@48:rtc: Enabling TWL-RTC
[    1.785400] twl_rtc 48070000.i2c:twl@48:rtc: rtc core: registered 48070000.i2c:twl@48 as rtc0
[    1.796264] i2c /dev entries driver
[    1.803771] usbcore: registered new interface driver uvcvideo
[    1.809844] USB Video Class driver (1.1.1)
[    1.814178] gspca_main: v2.14.0 registered
[    1.825592] Driver 'mmcblk' needs updating - please use bus_type methods
[    1.832794] sdhci: Secure Digital Host Controller Interface driver
[    1.839294] sdhci: Copyright(c) Pierre Ossman
[    1.881072] Synopsys Designware Multimedia Card Interface Driver
[    1.889251] sdhci-pltfm: SDHCI platform and OF driver helper
[    1.898498] leds_pwm pwmleds: unable to request PWM for beagleboard::pmu_stat: -517
[    1.906616] platform pwmleds: Driver leds_pwm requests probe deferral
[    1.913665] ledtrig-cpu: registered to indicate activity on CPUs
[    1.920349] usbcore: registered new interface driver usbhid
[    1.926208] usbhid: USB HID core driver
[    1.936645] usbcore: registered new interface driver snd-usb-audio
[    1.948394] TCP: cubic registered
[    1.951995] NET: Registered protocol family 17
[    1.956695] can: controller area network core (rev 20120528 abi 9)
[    1.963348] NET: Registered protocol family 29
[    1.968048] can: raw protocol (rev 20120528)
[    1.972564] can: broadcast manager protocol (rev 20120528 t)
[    1.978515] can: netlink gateway (rev 20130117) max_hops=1
[    1.985015] Key type dns_resolver registered
[    1.989898] omap2_set_init_voltage: unable to find boot up OPP for vdd_mpu_iva
[    1.997528] omap2_set_init_voltage: unable to set vdd_mpu_iva
[    2.003601] omap2_set_init_voltage: unable to find boot up OPP for vdd_core
[    2.010894] omap2_set_init_voltage: unable to set vdd_core
[    2.023956] ThumbEE CPU extension supported.
[    2.028503] Registering SWP/SWPB emulation handler
[    2.130279] ehci-omap 48064800.ehci: EHCI Host Controller
[    2.135986] ehci-omap 48064800.ehci: new USB bus registered, assigned bus number 2
[    2.144165] ehci-omap 48064800.ehci: irq 93, io mem 0x48064800
[    2.160247] ehci-omap 48064800.ehci: USB 2.0 started, EHCI 1.00
[    2.167602] hub 2-0:1.0: USB hub found
[    2.171661] hub 2-0:1.0: 3 ports detected
[    2.177795] leds_pwm pwmleds: unable to request PWM for beagleboard::pmu_stat: -517
[    2.185943] platform pwmleds: Driver leds_pwm requests probe deferral
[    2.194641] input: gpio_keys as /devices/platform/gpio_keys/input/input0
[    2.203521] leds_pwm pwmleds: unable to request PWM for beagleboard::pmu_stat: -517
[    2.211639] platform pwmleds: Driver leds_pwm requests probe deferral
[    2.219665] twl_rtc 48070000.i2c:twl@48:rtc: setting system clock to 2000-01-01 00:00:00 UTC (946684800)
[    2.485229] usb 2-2: new high-speed USB device number 2 using ehci-omap
[    2.622833] hub 2-2:1.0: USB hub found
[    2.627258] hub 2-2:1.0: 5 ports detected
[    2.637207] leds_pwm pwmleds: unable to request PWM for beagleboard::pmu_stat: -517
[    2.645477] platform pwmleds: Driver leds_pwm requests probe deferral
[    2.915435] usb 2-2.1: new high-speed USB device number 3 using ehci-omap
[    3.030303] smsc95xx v1.0.4
[    3.094421] smsc95xx 2-2.1:1.0 eth0: register 'smsc95xx' at usb-48064800.ehci-2.1, smsc95xx USB 2.0 Ethernet, 16:8c:68:8e:7f:cb
[    3.109344] leds_pwm pwmleds: unable to request PWM for beagleboard::pmu_stat: -517
[    3.117614] platform pwmleds: Driver leds_pwm requests probe deferral
[    3.301086] smsc95xx 2-2.1:1.0 eth0: hardware isn't capable of remote wakeup
[    3.625274] mmc0: card never left busy state
[    3.629821] mmc0: error -110 whilst initialising SD card
[    5.117889] smsc95xx 2-2.1:1.0 eth0: link up, 100Mbps, full-duplex, lpa 0xC5E1
[    5.140106] Sending DHCP requests ., OK
[    6.195770] IP-Config: Got DHCP answer from 192.168.0.1, my address is 192.168.0.149
[    6.204315] IP-Config: Complete:
[    6.207824]      device=eth0, hwaddr=16:8c:68:8e:7f:cb, ipaddr=192.168.0.149, mask=255.255.255.0, gw=192.168.0.1
[    6.218597]      host=192.168.0.149, domain=tim.com, nis-domain=(none)
[    6.225494]      bootserver=192.168.0.1, rootserver=192.168.0.1, rootpath=
[    6.232604]      nameserver0=192.0.2.2, nameserver1=192.0.2.3
[    6.239837] VPLL2: disabling
[    6.243469] VUSB3V1: disabling
[    6.248046] VDAC: disabling
[    6.251678] VAUX3: disabling
[    6.255706] ALSA device list:
[    6.258850]   No soundcards found.
[    6.264221] Waiting for root device PARTUUID=00000000-02...
[   82.685424] random: nonblocking pool is initialized
URL:gtsystest.telogy.design.ti.com/vatf/tigtfarm06/tigtfarm06_vatf@beagleboard1/tigtfarm0602_20_2015_06_52_50/files/session_iteration_1/test_1
