- 09:36:10 [INFO] Starting target session
- 09:36:10 [INFO] Connected to craneboard via serial 
- 09:36:10 [INFO] Host: 
- 09:36:11 [INFO] Target: 

root@GenericAM3517(FlattenedDeviceTree):/test# 
- 09:36:11 [INFO] Host: sync;poweroff
- 09:36:32 [INFO] Target: 
sync;poweroff


Broadcast message from root@GenericAM3517(FlattenedDeviceTree) (ttyO2) (Sat M
The system is going down for system halt NOW!


INIT: Switching to runlevel: 0

root@GenericAM3517(FlattenedDeviceTree):/test# 
INIT: Sending processes the TERM signal


INIT: Sending processes the KILL signal

Stopping Dropbear SSH server: stopped /usr/sbin/dropbear (pid 1301)
dropbear.
Stopping telnet daemon.
Stopping system message bus: hwclock: can't open '/dev/misc/rtc': No such file or directory
Error opening /dev/fb0: No such file or directory
Stopping syslogd/klogd: stopped syslogd (pid 1313)
stopped klogd (pid 1316)
done
Stopping thttpd.
ALSA: Storing mixer settings...
/usr/sbin/alsactl: save_state:1580: No soundcards found...
Deconfiguring network interfaces... ifdown: interface eth0 not configured
done.
Stopping Lighttpd Web Server: stopped /usr/sbin/lighttpd (pid 1327)
lighttpd.
***************************************************************
***************************************************************
NOTICE: This file system contains the followin GPLv3 packages:
	binutils-symlinks
	binutils
	gdbserver
	parted

If you do not wish to distribute GPLv3 components please remove
the above packages prior to distribution.  This can be done using
the opkg remove command.  i.e.:
    opkg remove <package>
Where <package> is the name printed in the list above

NOTE: If the package is a dependency of another package you
      will be notified of the dependent packages.  You should
      use the --force-removal-of-dependent-packages option to
      also remove the dependent packages as well
***************************************************************
***************************************************************
Sending all processes the TERM signal...
Sending all processes the KILL signal...
Unmounting remote filesystems...
Deactivating swap...
Unmounting local filesystems...
[ 1848.205949] reboot: System halted

- 09:36:58 [INFO] Disconnected {"type"=>"serial"} from craneboard
- 09:36:58 [INFO] Host: 
- 09:36:59 [ERROR] On command:  waiting for (?-mix:AM3517_CRANE\s#) >>> error: execution expired
- 09:36:59 [INFO] Target: 

- 09:36:59 [INFO] Host: 
- 09:37:00 [ERROR] On command:  waiting for (?-mix:AM3517_CRANE\s#) >>> error: execution expired
- 09:37:00 [INFO] Target: 
In:    serial
Out:   serial
Err:   serial
Die ID #7b4e00010000
- 09:37:00 [INFO] Host: 
- 09:37:00 [INFO] Target: 
Net:   davinci_emac_initialize
Ethernet PHY: GENERIC @ 0x00
EMAC LSB = 0x00106680
EMAC MSB = 0x00080028
-----------------------------
EMAC ID 08:00:28:10:66:80
-----------------------------
DaVinci EMAC
Hit any key to stop autoboot:  3  0 
AM3517_CRANE # 

AM3517_CRANE # 

AM3517_CRANE # 
- 09:37:00 [INFO] Host: 
- 09:37:01 [INFO] Target: 


AM3517_CRANE # 
- 09:37:01 [INFO] Host: version
- 09:37:02 [INFO] Target: 
version


U-Boot 2009.11-00005-ge83d2db (Dec 07 2010 - 11:55:34)
AM3517_CRANE # 
- 09:37:02 [INFO] Host: setenv bootargs 'console=ttyO2,115200n8 earlyprintk rootwait nohlt '
- 09:37:02 [INFO] Target: 
setenv bootargs 'console=ttyO2,115200n8 earlyprintk rootwait nohlt '

AM3517_CRANE # 
- 09:37:02 [INFO] Host: setenv bootcmd  ''
- 09:37:03 [INFO] Target: 
setenv bootcmd  ''

AM3517_CRANE # 
- 09:37:03 [INFO] Host: setenv autoload 'no'
- 09:37:03 [INFO] Target: 
setenv autoload 'no'

AM3517_CRANE # 
- 09:37:03 [INFO] Host: setenv serverip '128.247.105.47'
- 09:37:04 [INFO] Target: 
setenv serverip '128.247.105.47'

AM3517_CRANE # 
- 09:37:04 [INFO] Host: printenv
- 09:37:04 [INFO] Target: 
printenv

bootdelay=3
baudrate=115200
loadaddr=0x82000000
nandargs=setenv bootargs console=${console} root=/dev/mtdblock4 rw rootfstype=jffs2 eth=${ethaddr} ip=dhcp
loadbootscript=fatload mmc 0 ${loadaddr} boot.scr
bootscript=echo Running bootscript from mmc ...; source ${loadaddr}
loaduimage=fatload mmc 0 ${loadaddr} uImage
mmcboot=echo Booting from mmc ...; run mmcargs; bootm ${loadaddr}
nandboot=echo Booting from nand ...; run nandargs; nand read ${loadaddr} 480000 500000; bootm ${loadaddr}
dieid#=7b4e000100000000015da3961501500d
ethact=DaVinci EMAC
filesize=F40000
ipaddr=192.168.1.9
oldbootcmd=if mmc init; then if run loadbootscript; then run bootscript; else if run loaduimage; then run mmcboot; else run nandboot; fi; fi; else run nandboot; fi
mmcargs=setenv bootargs console=ttyS2,115200n8 root=/dev/mmcblk0p2 rw rootfstype=ext3 rootwait eth=08:00:28:10:66:80 ip=dhcp earlyprintk
console=ttyO2,115200n8
bootfile=uImage.am3517-craneboard
ethaddr=08:00:28:10:66:80
bootargs=console=ttyO2,115200n8 earlyprintk rootwait nohlt 
bootcmd=
autoload=no
serverip=128.247.105.47

Environment size: 1073/131068 bytes
AM3517_CRANE # 
- 09:37:04 [INFO] Host: printenv
- 09:37:05 [INFO] Target: 
printenv

bootdelay=3
baudrate=115200
loadaddr=0x82000000
nandargs=setenv bootargs console=${console} root=/dev/mtdblock4 rw rootfstype=jffs2 eth=${ethaddr} ip=dhcp
loadbootscript=fatload mmc 0 ${loadaddr} boot.scr
bootscript=echo Running bootscript from mmc ...; source ${loadaddr}
loaduimage=fatload mmc 0 ${loadaddr} uImage
mmcboot=echo Booting from mmc ...; run mmcargs; bootm ${loadaddr}
nandboot=echo Booting from nand ...; run nandargs; nand read ${loadaddr} 480000 500000; bootm ${loadaddr}
dieid#=7b4e000100000000015da3961501500d
ethact=DaVinci EMAC
filesize=F40000
ipaddr=192.168.1.9
oldbootcmd=if mmc init; then if run loadbootscript; then run bootscript; else if run loaduimage; then run mmcboot; else run nandboot; fi; fi; else run nandboot; fi
mmcargs=setenv bootargs console=ttyS2,115200n8 root=/dev/mmcblk0p2 rw rootfstype=ext3 rootwait eth=08:00:28:10:66:80 ip=dhcp earlyprintk
console=ttyO2,115200n8
bootfile=uImage.am3517-craneboard
ethaddr=08:00:28:10:66:80
bootargs=console=ttyO2,115200n8 earlyprintk rootwait nohlt 
bootcmd=
autoload=no
serverip=128.247.105.47

Environment size: 1073/131068 bytes
AM3517_CRANE # 
- 09:37:05 [INFO] Host: setenv bootargs ''${bootargs}' ip=dhcp '
- 09:37:06 [INFO] Target: 
setenv bootargs ''${bootargs}' ip=dhcp '

AM3517_CRANE # 
- 09:37:06 [INFO] Host: setenv ipaddr dhcp
- 09:37:06 [INFO] Target: 
setenv ipaddr dhcp

AM3517_CRANE # 
- 09:37:06 [INFO] Host: dhcp
- 09:37:08 [INFO] Target: 
dhcp

BOOTP broadcast 1
DHCP client bound to address 192.168.1.153
AM3517_CRANE # 
- 09:37:08 [INFO] Host: setenv serverip '128.247.105.47'
- 09:37:09 [INFO] Target: 
setenv serverip '128.247.105.47'

AM3517_CRANE # 
- 09:37:09 [INFO] Host: printenv
- 09:37:09 [INFO] Target: 
printenv

bootdelay=3
baudrate=115200
loadaddr=0x82000000
nandargs=setenv bootargs console=${console} root=/dev/mtdblock4 rw rootfstype=jffs2 eth=${ethaddr} ip=dhcp
loadbootscript=fatload mmc 0 ${loadaddr} boot.scr
bootscript=echo Running bootscript from mmc ...; source ${loadaddr}
loaduimage=fatload mmc 0 ${loadaddr} uImage
mmcboot=echo Booting from mmc ...; run mmcargs; bootm ${loadaddr}
nandboot=echo Booting from nand ...; run nandargs; nand read ${loadaddr} 480000 500000; bootm ${loadaddr}
dieid#=7b4e000100000000015da3961501500d
ethact=DaVinci EMAC
filesize=F40000
oldbootcmd=if mmc init; then if run loadbootscript; then run bootscript; else if run loaduimage; then run mmcboot; else run nandboot; fi; fi; else run nandboot; fi
mmcargs=setenv bootargs console=ttyS2,115200n8 root=/dev/mmcblk0p2 rw rootfstype=ext3 rootwait eth=08:00:28:10:66:80 ip=dhcp earlyprintk
console=ttyO2,115200n8
ethaddr=08:00:28:10:66:80
bootcmd=
autoload=no
bootargs=console=ttyO2,115200n8 earlyprintk rootwait nohlt ip=dhcp
bootfile=uImage.am3517-craneboard
netmask=255.255.255.0
ipaddr=192.168.1.153
dnsip=192.0.2.2
dnsip2=192.0.2.3
serverip=128.247.105.47

Environment size: 1137/131068 bytes
AM3517_CRANE # 
- 09:37:09 [INFO] Host: setenv bootcmd ''${bootcmd}' tftp ${loadaddr} 128.247.105.47:vatf_4/0af506837f5e19fe6ea03b073e7ca026; '
- 09:37:10 [INFO] Target: 
setenv bootcmd ''${bootcmd}' tftp ${loadaddr} 128.247.105.47:vatf_4/0af506837f5e19fe6ea03b073e7ca026; '

AM3517_CRANE # 
- 09:37:10 [INFO] Host: printenv
- 09:37:11 [INFO] Target: 
printenv

bootdelay=3
baudrate=115200
loadaddr=0x82000000
nandargs=setenv bootargs console=${console} root=/dev/mtdblock4 rw rootfstype=jffs2 eth=${ethaddr} ip=dhcp
loadbootscript=fatload mmc 0 ${loadaddr} boot.scr
bootscript=echo Running bootscript from mmc ...; source ${loadaddr}
loaduimage=fatload mmc 0 ${loadaddr} uImage
mmcboot=echo Booting from mmc ...; run mmcargs; bootm ${loadaddr}
nandboot=echo Booting from nand ...; run nandargs; nand read ${loadaddr} 480000 500000; bootm ${loadaddr}
dieid#=7b4e000100000000015da3961501500d
ethact=DaVinci EMAC
filesize=F40000
oldbootcmd=if mmc init; then if run loadbootscript; then run bootscript; else if run loaduimage; then run mmcboot; else run nandboot; fi; fi; else run nandboot; fi
mmcargs=setenv bootargs console=ttyS2,115200n8 root=/dev/mmcblk0p2 rw rootfstype=ext3 rootwait eth=08:00:28:10:66:80 ip=dhcp earlyprintk
console=ttyO2,115200n8
ethaddr=08:00:28:10:66:80
autoload=no
bootargs=console=ttyO2,115200n8 earlyprintk rootwait nohlt ip=dhcp
bootfile=uImage.am3517-craneboard
netmask=255.255.255.0
ipaddr=192.168.1.153
dnsip=192.0.2.2
dnsip2=192.0.2.3
serverip=128.247.105.47
bootcmd=tftp ${loadaddr} 128.247.105.47:vatf_4/0af506837f5e19fe6ea03b073e7ca026;

Environment size: 1209/131068 bytes
AM3517_CRANE # 
- 09:37:11 [INFO] Host: setenv bootargs ''${bootargs}' root=/dev/mmcblk0p2 rw rootfstype=ext3 rootwait '
- 09:37:11 [INFO] Target: 
setenv bootargs ''${bootargs}' root=/dev/mmcblk0p2 rw rootfstype=ext3 rootwait '

AM3517_CRANE # 
- 09:37:11 [INFO] Host: printenv
- 09:37:12 [INFO] Target: 
printenv

bootdelay=3
baudrate=115200
loadaddr=0x82000000
nandargs=setenv bootargs console=${console} root=/dev/mtdblock4 rw rootfstype=jffs2 eth=${ethaddr} ip=dhcp
loadbootscript=fatload mmc 0 ${loadaddr} boot.scr
bootscript=echo Running bootscript from mmc ...; source ${loadaddr}
loaduimage=fatload mmc 0 ${loadaddr} uImage
mmcboot=echo Booting from mmc ...; run mmcargs; bootm ${loadaddr}
nandboot=echo Booting from nand ...; run nandargs; nand read ${loadaddr} 480000 500000; bootm ${loadaddr}
dieid#=7b4e000100000000015da3961501500d
ethact=DaVinci EMAC
filesize=F40000
oldbootcmd=if mmc init; then if run loadbootscript; then run bootscript; else if run loaduimage; then run mmcboot; else run nandboot; fi; fi; else run nandboot; fi
mmcargs=setenv bootargs console=ttyS2,115200n8 root=/dev/mmcblk0p2 rw rootfstype=ext3 rootwait eth=08:00:28:10:66:80 ip=dhcp earlyprintk
console=ttyO2,115200n8
ethaddr=08:00:28:10:66:80
autoload=no
bootfile=uImage.am3517-craneboard
netmask=255.255.255.0
ipaddr=192.168.1.153
dnsip=192.0.2.2
dnsip2=192.0.2.3
serverip=128.247.105.47
bootcmd=tftp ${loadaddr} 128.247.105.47:vatf_4/0af506837f5e19fe6ea03b073e7ca026;
bootargs=console=ttyO2,115200n8 earlyprintk rootwait nohlt ip=dhcp root=/dev/mmcblk0p2 rw rootfstype=ext3 rootwait

Environment size: 1257/131068 bytes
AM3517_CRANE # 
- 09:37:12 [INFO] Host: setenv bootcmd ''${bootcmd}' if iminfo ${loadaddr}; then bootm ${loadaddr}  ; else bootz ${loadaddr}  ; bootm ${loadaddr}  ; fi'
- 09:37:13 [INFO] Target: 
setenv bootcmd ''${bootcmd}' if iminfo ${loadaddr}; then bootm ${loadaddr}  ; else bootz ${loadaddr}  ; bootm ${loadaddr}  ; fi'

AM3517_CRANE # 
- 09:37:13 [INFO] Host: bdinfo
- 09:37:13 [INFO] Target: 
bdinfo

arch_number = 0x00000B74
env_t       = 0x00000000
boot_params = 0x80000100
DRAM bank   = 0x00000000
-> start    = 0x80000000
-> size     = 0x10000000
DRAM bank   = 0x00000001
-> start    = 0x80000000
-> size     = 0x00000000
ethaddr     = 08:00:28:10:66:80
ip_addr     = 192.168.1.153
baudrate    = 115200 bps
AM3517_CRANE # 
- 09:37:13 [INFO] Host: boot
- 09:37:56 [INFO] Target: 
boot

Using DaVinci EMAC device
TFTP from server 128.247.105.47; our IP address is 192.168.1.153
Filename 'vatf_4/0af506837f5e19fe6ea03b073e7ca026'.
Load address: 0x82000000
Loading: *## Warning: gatewayip needed but not set
#################################################################
	 #################################################################
	 #################################################################
	 #################################################################
	 #################################################################
	 #################################################################
	 #################################################################
	 #################################################################
	 #################################################################
	 #################################################################
	 #################################################################
	 #################################################################
	 #################################################################
	 #################################################################
	 ##############
done
Bytes transferred = 4727358 (48223e hex)
Unknown command 'iminfo' - try 'help'
Unknown command 'bootz' - try 'help'
## Booting kernel from Legacy Image at 82000000 ...
   Image Name:   Linux-3.15.0-rc5-next-20140516-0
   Image Type:   ARM Linux Kernel Image (uncompressed)
   Data Size:    4727294 Bytes =  4.5 MB
   Load Address: 80800000
   Entry Point:  80800000
   Verifying Checksum ... OK
   Loading Kernel Image ... OK
OK

Starting kernel ...

[    0.000000] Booting Linux on physical CPU 0x0
[    0.000000] Linux version 3.15.0-rc5-next-20140516-00002-g2a6ef3e (nmenon@kahuna) (gcc version 4.6.3 (Ubuntu/Linaro 4.6.3-1ubuntu5) ) #1 SMP Fri May 16 09:33:00 CDT 2014
[    0.000000] CPU: ARMv7 Processor [411fc087] revision 7 (ARMv7), cr=10c5387d
[    0.000000] CPU: PIPT / VIPT nonaliasing data cache, VIPT nonaliasing instruction cache
[    0.000000] Machine model: TI AM3517 CraneBoard (TMDSEVM3517)
[    0.000000] cma: CMA: reserved 64 MiB at 8b800000
[    0.000000] Memory policy: Data cache writeback
[    0.000000] CPU: All CPU(s) started in SVC mode.
[    0.000000] AM3517 ES1.1 (l2cache sgx neon )
[    0.000000] PERCPU: Embedded 7 pages/cpu @cfca2000 s7744 r8192 d12736 u32768
[    0.000000] Built 1 zonelists in Zone order, mobility grouping on.  Total pages: 64768
[    0.000000] Kernel command line: console=ttyO2,115200n8 earlyprintk rootwait nohlt ip=dhcp root=/dev/mmcblk0p2 rw rootfstype=ext3 rootwait
[    0.000000] PID hash table entries: 1024 (order: 0, 4096 bytes)
[    0.000000] Dentry cache hash table entries: 32768 (order: 5, 131072 bytes)
[    0.000000] Inode-cache hash table entries: 16384 (order: 4, 65536 bytes)
[    0.000000] Memory: 182768K/261120K available (6094K kernel code, 774K rwdata, 2404K rodata, 559K init, 289K bss, 78352K reserved, 0K highmem)
[    0.000000] Virtual kernel memory layout:
[    0.000000]     vector  : 0xffff0000 - 0xffff1000   (   4 kB)
[    0.000000]     fixmap  : 0xffc00000 - 0xffe00000   (2048 kB)
[    0.000000]     vmalloc : 0xd0800000 - 0xff000000   ( 744 MB)
[    0.000000]     lowmem  : 0xc0000000 - 0xd0000000   ( 256 MB)
[    0.000000]     pkmap   : 0xbfe00000 - 0xc0000000   (   2 MB)
[    0.000000]     modules : 0xbf000000 - 0xbfe00000   (  14 MB)
[    0.000000]       .text : 0xc0208000 - 0xc0a54c48   (8500 kB)
[    0.000000]       .init : 0xc0a55000 - 0xc0ae0e40   ( 560 kB)
[    0.000000]       .data : 0xc0ae2000 - 0xc0ba3ba0   ( 775 kB)
[    0.000000]        .bss : 0xc0ba3ba8 - 0xc0bec308   ( 290 kB)
[    0.000000] SLUB: HWalign=64, Order=0-3, MinObjects=0, CPUs=1, Nodes=1
[    0.000000] Hierarchical RCU implementation.
[    0.000000] 	RCU restricting CPUs from NR_CPUS=4 to nr_cpu_ids=1.
[    0.000000] RCU: Adjusting geometry for rcu_fanout_leaf=16, nr_cpu_ids=1
[    0.000000] NR_IRQS:16 nr_irqs:16 16
[    0.000000] IRQ: Found an INTC at 0xfa200000 (revision 4.0) with 96 interrupts
[    0.000000] Total of 96 interrupts on 1 active controller
[    0.000000] Clocking rate (Crystal/Core/MPU): 26.0/332/500 MHz
[    0.000000] OMAP clockevent source: timer2 at 13000000 Hz
[    0.000024] sched_clock: 32 bits at 13MHz, resolution 76ns, wraps every 330382100403ns
[    0.000062] OMAP clocksource: timer1 at 13000000 Hz
[    0.000333] Console: colour dummy device 80x30
[    0.000380] Calibrating delay loop... 498.89 BogoMIPS (lpj=2494464)
[    0.117669] pid_max: default: 32768 minimum: 301
[    0.117950] Mount-cache hash table entries: 1024 (order: 0, 4096 bytes)
[    0.117973] Mountpoint-cache hash table entries: 1024 (order: 0, 4096 bytes)
[    0.119089] CPU: Testing write buffer coherency: ok
[    0.119622] CPU0: thread -1, cpu 0, socket -1, mpidr 0
[    0.119807] Setting up static identity map for 0x807c2950 - 0x807c29e8
[    0.125067] Brought up 1 CPUs
[    0.125096] SMP: Total of 1 processors activated.
[    0.125110] CPU: All CPU(s) started in SVC mode.
[    0.126207] devtmpfs: initialized
[    0.133019] VFP support v0.3: implementor 41 architecture 3 part 30 variant c rev 1
[    0.154750] omap_hwmod: mcbsp2_sidetone using broken dt data from mcbsp
[    0.155410] omap_hwmod: mcbsp3_sidetone using broken dt data from mcbsp
[    0.201869] omap_hwmod: uart4: cannot be enabled for reset (3)
[    0.217269] pinctrl core: initialized pinctrl subsystem
[    0.218435] regulator-dummy: no parameters
[    0.261066] NET: Registered protocol family 16
[    0.265949] DMA: preallocated 256 KiB pool for atomic coherent allocations
[    0.270141] cpuidle: using governor ladder
[    0.270178] cpuidle: using governor menu
[    0.270387] Address Hole seen by USB_OTG  at address 4deb6fbc
[    0.270405] ------------[ cut here ]------------
[    0.270442] WARNING: CPU: 0 PID: 1 at drivers/bus/omap_l3_smx.c:162 omap3_l3_app_irq+0x100/0x120()
[    0.270457] Modules linked in:
[    0.270487] CPU: 0 PID: 1 Comm: swapper/0 Not tainted 3.15.0-rc5-next-20140516-00002-g2a6ef3e #1
[    0.270560] [<c02152ec>] (unwind_backtrace) from [<c0210f90>] (show_stack+0x10/0x14)
[    0.270603] [<c0210f90>] (show_stack) from [<c07bdd90>] (dump_stack+0x70/0x8c)
[    0.270649] [<c07bdd90>] (dump_stack) from [<c0243434>] (warn_slowpath_common+0x64/0x84)
[    0.270681] [<c0243434>] (warn_slowpath_common) from [<c0243470>] (warn_slowpath_null+0x1c/0x24)
[    0.270711] [<c0243470>] (warn_slowpath_null) from [<c041af20>] (omap3_l3_app_irq+0x100/0x120)
[    0.270753] [<c041af20>] (omap3_l3_app_irq) from [<c027fc10>] (handle_irq_event_percpu+0x50/0x150)
[    0.270783] [<c027fc10>] (handle_irq_event_percpu) from [<c027fd54>] (handle_irq_event+0x44/0x64)
[    0.270810] [<c027fd54>] (handle_irq_event) from [<c02825d0>] (handle_level_irq+0x90/0x138)
[    0.270835] [<c02825d0>] (handle_level_irq) from [<c027f568>] (generic_handle_irq+0x20/0x30)
[    0.270864] [<c027f568>] (generic_handle_irq) from [<c020eeb4>] (handle_IRQ+0x38/0x90)
[    0.270891] [<c020eeb4>] (handle_IRQ) from [<c0208670>] (omap3_intc_handle_irq+0x84/0x9c)
[    0.270919] [<c0208670>] (omap3_intc_handle_irq) from [<c0211a80>] (__irq_svc+0x40/0x50)
[    0.270935] Exception stack(0xcb057da0 to 0xcb057de8)
[    0.270959] 7da0: cb00541c 60000153 00000000 00000006 cb0053c0 cb0d51c0 cb00541c 00000000
[    0.270982] 7dc0: 0000001a cb0053f4 60000153 00000000 cb0053c0 cb057de8 c028138c c07c22e8
[    0.270998] 7de0: 60000153 ffffffff
[    0.271028] [<c0211a80>] (__irq_svc) from [<c07c22e8>] (_raw_spin_unlock_irqrestore+0x1c/0x20)
[    0.271058] [<c07c22e8>] (_raw_spin_unlock_irqrestore) from [<c028138c>] (__setup_irq+0x2dc/0x4c0)
[    0.271087] [<c028138c>] (__setup_irq) from [<c028161c>] (request_threaded_irq+0xac/0x128)
[    0.271116] [<c028161c>] (request_threaded_irq) from [<c0a87390>] (omap3_l3_probe+0x10c/0x168)
[    0.271161] [<c0a87390>] (omap3_l3_probe) from [<c050d118>] (platform_drv_probe+0x18/0x48)
[    0.271193] [<c050d118>] (platform_drv_probe) from [<c050b880>] (driver_probe_device+0x118/0x23c)
[    0.271222] [<c050b880>] (driver_probe_device) from [<c050ba30>] (__driver_attach+0x8c/0x90)
[    0.271248] [<c050ba30>] (__driver_attach) from [<c050a1d0>] (bus_for_each_dev+0x54/0x88)
[    0.271275] [<c050a1d0>] (bus_for_each_dev) from [<c050b01c>] (bus_add_driver+0xd8/0x1cc)
[    0.271301] [<c050b01c>] (bus_add_driver) from [<c050c06c>] (driver_register+0x78/0xf4)
[    0.271329] [<c050c06c>] (driver_register) from [<c050cb04>] (platform_driver_probe+0x20/0xa4)
[    0.271357] [<c050cb04>] (platform_driver_probe) from [<c0208bc4>] (do_one_initcall+0x80/0x1c4)
[    0.271391] [<c0208bc4>] (do_one_initcall) from [<c0a55d14>] (kernel_init_freeable+0x100/0x1cc)
[    0.271420] [<c0a55d14>] (kernel_init_freeable) from [<c07b96ac>] (kernel_init+0x8/0xe4)
[    0.271446] [<c07b96ac>] (kernel_init) from [<c020e678>] (ret_from_fork+0x14/0x3c)
[    0.271509] ---[ end trace e88df2e0aacaefb5 ]---
[    0.282473] Reprogramming SDRC clock to 332000000 Hz
[    0.284774] platform 480c5000.aes: Cannot lookup hwmod 'aes'
[    0.290299] OMAP GPIO hardware version 2.5
[    0.303083] platform 480c3000.sham: Cannot lookup hwmod 'sham'
[    0.303587] platform 480cb000.smartreflex: Cannot lookup hwmod 'smartreflex_core'
[    0.310272] omap-gpmc 6e000000.gpmc: GPMC revision 5.0
[    0.310921] platform 480ab000.usb_otg_hs: Cannot lookup hwmod 'usb_otg_hs'
[    0.313441] No ATAGs?
[    0.315187] OMAP DMA hardware revision 4.0
[    0.318839] Serial: AMBA PL011 UART driver
[    0.345791] edma-dma-engine edma-dma-engine.0: Can't allocate PaRAM dummy slot
[    0.345862] edma-dma-engine: probe of edma-dma-engine.0 failed with error -5
[    0.373700] omap-dma-engine 48056000.dma-controller: OMAP DMA engine driver
[    0.374780] vbat: 5000 mV 
[    0.379211] vgaarb: loaded
[    0.380576] SCSI subsystem initialized
[    0.381795] usbcore: registered new interface driver usbfs
[    0.381975] usbcore: registered new interface driver hub
[    0.382456] usbcore: registered new device driver usb
[    0.386076] tps65910 0-002d: could not find pctldev for node /ocp/pinmux@48002030/pinmux_tps_pins, deferring probe
[    0.386128] i2c 0-002d: Driver tps65910 requests probe deferral
[    0.386202] omap_i2c 48070000.i2c: bus 0 rev3.3 at 2600 kHz
[    0.386919] Linux video capture interface: v2.00
[    0.387056] pps_core: LinuxPPS API ver. 1 registered
[    0.387072] pps_core: Software ver. 5.3.6 - Copyright 2005-2007 Rodolfo Giometti <giometti@linux.it>
[    0.387143] PTP clock support registered
[    0.387336] EDAC MC: Ver: 3.0.0
[    0.389346] Advanced Linux Sound Architecture Driver Initialized.
[    0.391904] Switched to clocksource timer1
[    0.416407] NET: Registered protocol family 2
[    0.417422] TCP established hash table entries: 2048 (order: 1, 8192 bytes)
[    0.417486] TCP bind hash table entries: 2048 (order: 2, 16384 bytes)
[    0.417554] TCP: Hash tables configured (established 2048 bind 2048)
[    0.417716] TCP: reno registered
[    0.417743] UDP hash table entries: 256 (order: 1, 8192 bytes)
[    0.417787] UDP-Lite hash table entries: 256 (order: 1, 8192 bytes)
[    0.418122] NET: Registered protocol family 1
[    0.418782] RPC: Registered named UNIX socket transport module.
[    0.418807] RPC: Registered udp transport module.
[    0.418820] RPC: Registered tcp transport module.
[    0.418832] RPC: Registered tcp NFSv4.1 backchannel transport module.
[    0.426433] futex hash table entries: 256 (order: 2, 16384 bytes)
[    0.454350] squashfs: version 4.0 (2009/01/31) Phillip Lougher
[    0.456207] NFS: Registering the id_resolver key type
[    0.456330] Key type id_resolver registered
[    0.456349] Key type id_legacy registered
[    0.456479] msgmni has been set to 484
[    0.458017] Block layer SCSI generic (bsg) driver version 0.4 loaded (major 249)
[    0.458058] io scheduler noop registered
[    0.458084] io scheduler deadline registered
[    0.458525] io scheduler cfq registered (default)
[    0.461697] pinctrl-single 48002030.pinmux: 284 pins at pa fa002030 size 568
[    0.462368] pinctrl-single 48002a00.pinmux: 46 pins at pa fa002a00 size 92
[    0.611545] Serial: 8250/16550 driver, 4 ports, IRQ sharing disabled
[    0.615400] Serial: IMX driver
[    0.616174] msm_serial: driver initialized
[    0.617213] omap_uart 4806a000.serial: no wakeirq for uart0
[    0.617511] 4806a000.serial: ttyO0 at MMIO 0x4806a000 (irq = 88, base_baud = 3000000) is a OMAP UART0
[    0.618519] omap_uart 4806c000.serial: no wakeirq for uart0
[    0.618765] 4806c000.serial: ttyO1 at MMIO 0x4806c000 (irq = 89, base_baud = 3000000) is a OMAP UART1
[    0.619642] omap_uart 49020000.serial: no wakeirq for uart0
[    0.619862] 49020000.serial: ttyO2 at MMIO 0x49020000 (irq = 90, base_baud = 3000000) is a OMAP UART2
[    1.662029] console [ttyO2] enabled
[    1.666667] STMicroelectronics ASC driver initialized
[    1.673668] serial: Freescale lpuart driver
[    1.678504] [drm] Initialized drm 1.1.0 20060810
[    1.695273] loop: module loaded
[    1.752031] davinci_mdio davinci_mdio.0: davinci mdio revision 1.5
[    1.758577] davinci_mdio davinci_mdio.0: detected phy mask fffffffe
[    1.766179] libphy: davinci_mdio.0: probed
[    1.770526] davinci_mdio davinci_mdio.0: phy[0]: device davinci_mdio.0:00, driver unknown
[    1.779823] pegasus: v0.9.3 (2013/04/25), Pegasus/Pegasus II USB Ethernet driver
[    1.787854] usbcore: registered new interface driver pegasus
[    1.794057] usbcore: registered new interface driver asix
[    1.799880] usbcore: registered new interface driver ax88179_178a
[    1.806486] usbcore: registered new interface driver cdc_ether
[    1.812878] usbcore: registered new interface driver smsc75xx
[    1.819111] usbcore: registered new interface driver smsc95xx
[    1.825344] usbcore: registered new interface driver net1080
[    1.831440] usbcore: registered new interface driver cdc_subset
[    1.837855] usbcore: registered new interface driver zaurus
[    1.844012] usbcore: registered new interface driver cdc_ncm
[    1.850047] ehci_hcd: USB 2.0 'Enhanced' Host Controller (EHCI) Driver
[    1.856991] ehci-pci: EHCI PCI platform driver
[    1.861826] ehci-platform: EHCI generic platform driver
[    1.867768] ehci-omap: OMAP-EHCI Host Controller driver
[    1.873966] ehci-omap 48064800.ehci: EHCI Host Controller
[    1.879726] ehci-omap 48064800.ehci: new USB bus registered, assigned bus number 1
[    1.888290] ehci-omap 48064800.ehci: irq 93, io mem 0x48064800
[    1.911950] ehci-omap 48064800.ehci: USB 2.0 started, EHCI 1.00
[    1.920213] hub 1-0:1.0: USB hub found
[    1.924380] hub 1-0:1.0: 3 ports detected
[    1.929972] ehci-orion: EHCI orion driver
[    1.934706] SPEAr-ehci: EHCI SPEAr driver
[    1.939215] tegra-ehci: Tegra EHCI driver
[    1.944928] usbcore: registered new interface driver usb-storage
[    1.954875] mousedev: PS/2 mouse device common for all mice
[    1.965228] i2c /dev entries driver
[    1.970926] usbcore: registered new interface driver uvcvideo
[    1.977094] USB Video Class driver (1.1.1)
[    1.981437] gspca_main: v2.14.0 registered
[    1.991305] sdhci: Secure Digital Host Controller Interface driver
[    1.997935] sdhci: Copyright(c) Pierre Ossman
[    2.004625] omap_hsmmc 4809c000.mmc: unable to get vmmc regulator -517
[    2.011659] platform 4809c000.mmc: Driver omap_hsmmc requests probe deferral
[    2.020007] sdhci-pltfm: SDHCI platform and OF driver helper
[    2.027635] usbcore: registered new interface driver usbhid
[    2.033575] usbhid: USB HID core driver
[    2.049382] TCP: cubic registered
[    2.053037] NET: Registered protocol family 17
[    2.058256] Key type dns_resolver registered
[    2.064179] PM: no software I/O chain control; some wakeups may be lost
[    2.071566] ThumbEE CPU extension supported.
[    2.076232] Registering SWP/SWPB emulation handler
[    2.082865] vbat: disabling
[    2.092720] vrtc: 1800 mV 
[    2.096016] vrtc: supplied by vbat
[    2.101555] vio: at 1800 mV 
[    2.104873] vio: supplied by vbat
[    2.110536] vdd_core: 1200 mV 
[    2.114021] vdd_core: supplied by vbat
[    2.120448] vdd_shv: 3300 mV 
[    2.123814] vdd_shv: supplied by vbat
[    2.128799] vdd3: 5000 mV 
[    2.133122] vdig1: at 1200 mV 
[    2.136531] vdig1: supplied by vbat
[    2.141664] vdig2: at 1000 mV 
[    2.145111] vdig2: supplied by vbat
[    2.150524] vpll: 1800 mV 
[    2.153621] vpll: supplied by vbat
[    2.158873] vdac: 1800 mV 
[    2.161958] vdac: supplied by vbat
[    2.167261] vaux1: 1800 mV 
[    2.170384] vaux1: supplied by vbat
[    2.175831] vaux2: 1800 mV 
[    2.178952] vaux2: supplied by vbat
[    2.184141] vaux33: at 1800 mV 
[    2.187631] vaux33: supplied by vbat
[    2.193106] vmmc: 3300 mV 
[    2.196140] vmmc: supplied by vbat
[    2.201154] vbb: at 3000 mV 
[    2.204571] vbb: supplied by vbat
[    2.218091] tps65910-rtc tps65910-rtc: rtc core: registered tps65910-rtc as rtc0
[    2.228872] omap_hsmmc 4809c000.mmc: pins are not configured from the driver
[    2.277258] tps65910-rtc tps65910-rtc: setting system clock to 2014-05-10 07:58:04 UTC (1399708684)
[    2.419687] mmc0: host does not support reading read-only switch. assuming write-enable.
[    2.430880] mmc0: new high speed SDHC card at address 1234
[    2.437740] mmcblk0: mmc0:1234 SA04G 3.63 GiB 
[    2.445287]  mmcblk0: p1 p2
[   14.422460] ALSA device list:
[   14.425614]   No soundcards found.
[   14.433088] EXT4-fs (mmcblk0p2): mounting ext3 file system using the ext4 subsystem
[   14.464894] EXT4-fs (mmcblk0p2): mounted filesystem with ordered data mode. Opts: (null)
[   14.473595] VFS: Mounted root (ext3 filesystem) on device 179:2.
[   14.491055] devtmpfs: mounted
[   14.495941] Freeing unused kernel memory: 556K (c0a55000 - c0ae0000)

INIT: version 2.88 booting

Error opening /dev/fb0: No such file or directory
/dev/ttyO2 linked to /dev/tty-bd - using as console
Starting udev
[   15.557042] udevd[91]: starting version 182
[   21.232706] random: nonblocking pool is initialized
[   21.308618] FAT-fs (mmcblk0p1): codepage cp437 not found
[   21.571142] FAT-fs (mmcblk0p1): codepage cp437 not found
[   22.218020] FAT-fs (mmcblk0p1): codepage cp437 not found
[   22.267665] FAT-fs (mmcblk0p1): codepage cp437 not found
ERROR: could not open directory /lib/modules/3.15.0-rc5-next-20140516-00002-g2a6ef3e: No such file or directory
WARNING: -e needs -E or -F
ERROR: could not open directory /lib/modules/3.15.0-rc5-next-20140516-00002-g2a6ef3e: No such file or directory
FATAL: could not search modules: No such file or directory
Starting Bootlog daemon: bootlogd.

[   22.623114] EXT4-fs (mmcblk0p2): re-mounted. Opts: data=ordered
ALSA: Restoring mixer settings...

/usr/sbin/alsactl: load_state:1696: No soundcards found...

Configuring network interfaces... ifconfig: SIOCGIFFLAGS: No such device

done.


INIT: Entering runlevel: 3


/dev/ttyO2 linked to /dev/tty-bd - using as console

Starting system message bus: dbus.

Starting Dropbear SSH server: dropbear.

Starting telnet daemon.

Starting syslogd/klogd: done

Starting thttpd.

Starting Lighttpd Web Server: lighttpd.

2014-05-10 07:58:30: (log.c.166) server started 

***************************************************************

***************************************************************

NOTICE: This file system contains the followin GPLv3 packages:

	binutils-symlinks

	binutils

	gdbserver

	parted



If you do not wish to distribute GPLv3 components please remove

the above packages prior to distribution.  This can be done using

the opkg remove command.  i.e.:

    opkg remove <package>

Where <package> is the name printed in the list above



NOTE: If the package is a dependency of another package you

      will be notified of the dependent packages.  You should

      use the --force-removal-of-dependent-packages option to

      also remove the dependent packages as well

***************************************************************

***************************************************************

Stopping Bootlog daemon: bootlogd.

 _____                    _____           _         _   
|  _  |___ ___ ___ ___   |  _  |___ ___  |_|___ ___| |_ 
|     |  _| .'| . | . |  |   __|  _| . | | | -_|  _|  _|
|__|__|_| |__,|_  |___|  |__|  |_| |___|_| |___|___|_|  
              |___|                    |___|            

Arago Project http://arago-project.org GenericAM3517(FlattenedDeviceTree) tty-bd

Arago 2013.12 GenericAM3517(FlattenedDeviceTree) tty-bd

GenericAM3517(FlattenedDeviceTree) login: 
- 09:37:56 [INFO] Host: root
- 09:37:57 [INFO] Target: 
root
root@GenericAM3517(FlattenedDeviceTree):~# 
- 09:37:57 [INFO] Host: uname -a
- 09:37:57 [INFO] Target: 
uname -a
Linux GenericAM3517(FlattenedDeviceTree) 3.15.0-rc5-next-20140516-00002-g2a6ef3e #1 SMP Fri May 16 09:33:00 CDT 2014 armv7l GNU/Linux
root@GenericAM3517(FlattenedDeviceTree):~# 
- 09:37:57 [INFO] Host: cat /proc/cmdline
- 09:37:58 [INFO] Target: 
cat /proc/cmdline
console=ttyO2,115200n8 earlyprintk rootwait nohlt ip=dhcp root=/dev/mmcblk0p2 rw rootfstype=ext3 rootwait
root@GenericAM3517(FlattenedDeviceTree):~# 
- 09:37:58 [INFO] Host: uname -a
- 09:37:58 [INFO] Target: 
uname -a
Linux GenericAM3517(FlattenedDeviceTree) 3.15.0-rc5-next-20140516-00002-g2a6ef3e #1 SMP Fri May 16 09:33:00 CDT 2014 armv7l GNU/Linux
root@GenericAM3517(FlattenedDeviceTree):~# 
- 09:37:59 [INFO] Host: cat /proc/mtd
- 09:37:59 [INFO] Target: 
cat /proc/mtd
dev:    size   erasesize  name
root@GenericAM3517(FlattenedDeviceTree):~# 
- 09:38:12 [INFO] Host: export IPERFHOST=128.247.105.47
- 09:38:13 [INFO] Target: 
export IPERFHOST=128.247.105.47
root@GenericAM3517(FlattenedDeviceTree):~# 
- 09:38:13 [INFO] Host: export NFS_SERVER=128.247.105.47
- 09:38:13 [INFO] Target: 
export NFS_SERVER=128.247.105.47
root@GenericAM3517(FlattenedDeviceTree):~# 
- 09:38:13 [INFO] Host: export NFS_ROOT_PATH=/usr/workdir/filesys/linux/crane
- 09:38:14 [INFO] Target: 
export NFS_ROOT_PATH=/usr/workdir/fil 
esys/linux/crane
root@GenericAM3517(FlattenedDeviceTree):~# 
- 09:38:14 [INFO] Host: mkdir -p -m 777 /test
- 09:38:15 [INFO] Target: 
mkdir -p -m 777 /test
root@GenericAM3517(FlattenedDeviceTree):~# 
- 09:38:15 [INFO] Host: cd /test
- 09:38:15 [INFO] Target: 
cd /test
root@GenericAM3517(FlattenedDeviceTree):/test# 
- 09:38:15 [INFO] Host: cat > test.sh << EOF
- 09:38:16 [INFO] Target: 
cat > test.sh << EOF
> 
- 09:38:16 [INFO] Host: failtest() {

- 09:38:16 [INFO] Target: 
failtest() {
> 
- 09:38:16 [INFO] Host:   echo 1 >&3

- 09:38:17 [INFO] Target: 
  echo 1 >&3
> 
- 09:38:17 [INFO] Host: }

- 09:38:18 [INFO] Target: 
}
> 
- 09:38:18 [INFO] Host: script=anonymous:anonymous@gtautoftp.gt.design.ti.com/anonymous/opentest/target-test-basic.sh_md5_5d260c597a39e144f6dea1bc54ee8584

- 09:38:28 [ERROR] On command: script=anonymous:anonymous@gtautoftp.gt.design.ti.com/anonymous/opentest/target-test-basic.sh_md5_5d260c597a39e144f6dea1bc54ee8584
 waiting for (?-mix:.*) >>> error: execution expired
- 09:38:28 [INFO] Target: 
script=anonymous:anonymous@gtautoftp.gt.design.ti.com/anonymous/opentest/targe 
t-test-basic.sh_md5_5d260c597a39e144f6dea1bc54ee8584
> 
- 09:38:28 [INFO] Host: timeout=600

- 09:38:28 [INFO] Target: 
timeout=600
> 
- 09:38:28 [INFO] Host: 

- 09:38:29 [INFO] Target: 

> 
- 09:38:29 [INFO] Host: # Start of user's script logic

- 09:38:29 [INFO] Target: 
# Start of user's script logic
> 
- 09:38:29 [INFO] Host: 

- 09:38:30 [INFO] Target: 

> 
- 09:38:30 [INFO] Host: 

- 09:38:31 [INFO] Target: 

> 
- 09:38:31 [INFO] Host: mount -t proc proc /proc 2>/dev/null;

- 09:38:31 [INFO] Target: 
mount -t proc proc /proc 2>/dev/null;
> 
- 09:38:31 [INFO] Host: 

- 09:38:32 [INFO] Target: 

> 
- 09:38:32 [INFO] Host: mount -t sysfs sys /sys 2>/dev/null;

- 09:38:32 [INFO] Target: 
mount -t sysfs sys /sys 2>/dev/null;
> 
- 09:38:32 [INFO] Host: 

- 09:38:33 [INFO] Target: 

> 
- 09:38:33 [INFO] Host: mount -t debugfs none /sys/kernel/debug 2>/dev/null;

- 09:38:33 [INFO] Target: 
mount -t debugfs none /sys/kernel/debug 2>/dev/null;
> 
- 09:38:34 [INFO] Host: 

- 09:38:34 [INFO] Target: 

> 
- 09:38:34 [INFO] Host: echo 'cpuinfo:';cat /proc/cpuinfo; echo '=======';

- 09:38:35 [INFO] Target: 
echo 'cpuinfo:';cat /proc/cpuinfo; echo '=======';
> 
- 09:38:35 [INFO] Host: 

- 09:38:35 [INFO] Target: 

> 
- 09:38:35 [INFO] Host: echo 'soc info:';head /sys/devices/soc0/* 2>/dev/null; echo '=======';

- 09:38:36 [INFO] Target: 
echo 'soc info:';head /sys/devices/soc0/* 2>/dev/null; echo '=======';
> 
- 09:38:36 [INFO] Host: 

- 09:38:36 [INFO] Target: 

> 
- 09:38:37 [INFO] Host: echo 'interrupts:';cat /proc/interrupts; echo '=======';

- 09:38:37 [INFO] Target: 
echo 'interrupts:';cat /proc/interrupts; echo '=======';
> 
- 09:38:37 [INFO] Host: 

- 09:38:38 [INFO] Target: 

> 
- 09:38:38 [INFO] Host: echo 'Clk_summary:';cat /sys/kernel/debug/clk/clk_summary; echo '=======';

- 09:38:38 [INFO] Target: 
echo 'Clk_summary:';cat /sys/kernel/debug/clk/clk_summary; echo '=======';
> 
- 09:38:38 [INFO] Host: 

- 09:38:39 [INFO] Target: 

> 
- 09:38:39 [INFO] Host: echo 'Orphan Clks:';ls /sys/kernel/debug/clk/orphans/; echo '=======';

- 09:38:39 [INFO] Target: 
echo 'Orphan Clks:';ls /sys/kernel/debug/clk/orphans/; echo '=======';
> 
- 09:38:39 [INFO] Host: 

- 09:38:40 [INFO] Target: 

> 
- 09:38:40 [INFO] Host: echo 'H''ello World' 'B''oard Booted';

- 09:38:41 [INFO] Target: 
echo 'H''ello World' 'B''oard Booted';
> 
- 09:38:41 [INFO] Host: 

- 09:38:41 [INFO] Target: 

> 
- 09:38:41 [INFO] Host: EOF
- 09:38:42 [INFO] Target: 
EOF
root@GenericAM3517(FlattenedDeviceTree):/test# 
- 09:38:42 [INFO] Host: cd /test
- 09:38:42 [INFO] Target: 
cd /test
root@GenericAM3517(FlattenedDeviceTree):/test# 
- 09:38:42 [INFO] Host: chmod +x test.sh
- 09:38:43 [INFO] Target: 
chmod +x test.sh
root@GenericAM3517(FlattenedDeviceTree):/test# 
- 09:38:43 [INFO] Host: ./test.sh 2> stderr.log > stdout.log 3> result.log
- 09:38:43 [INFO] Target: 
./test.sh 2> stderr.log > stdout. 
log 3> result.log
root@GenericAM3517(FlattenedDeviceTree):/test# 
- 09:38:44 [INFO] Host: echo $?
- 09:38:44 [INFO] Target: 
echo $?
0
root@GenericAM3517(FlattenedDeviceTree):/test# 
- 09:38:44 [INFO] Host: cd /test
- 09:38:45 [INFO] Target: 
cd /test
root@GenericAM3517(FlattenedDeviceTree):/test# 
- 09:38:45 [INFO] Host: cat stdout.log
- 09:38:47 [INFO] Target: 
cat stdout.log
cpuinfo:
processor	: 0
model name	: ARMv7 Processor rev 7 (v7l)
Features	: swp half thumb fastmult vfp edsp thumbee neon vfpv3 tls vfpd32 
CPU implementer	: 0x41
CPU architecture: 7
CPU variant	: 0x1
CPU part	: 0xc08
CPU revision	: 7

Hardware	: Generic AM3517 (Flattened Device Tree)
Revision	: 0000
Serial		: 0000000000000000
=======
soc info:
==> /sys/devices/soc0/family <==
OMAP3

==> /sys/devices/soc0/machine <==
AM3517

==> /sys/devices/soc0/power <==

==> /sys/devices/soc0/revision <==
ES1.1

==> /sys/devices/soc0/subsystem <==

==> /sys/devices/soc0/type <==
GP

==> /sys/devices/soc0/uevent <==
=======
interrupts:
           CPU0       
 23:          0      INTC   7  tps65910
 25:          0      INTC   9  l3-debug-irq
 26:          1      INTC  10  l3-app-irq
 28:          0      INTC  12  DMA
 29:       2381      INTC  13  omap-dma-engine
 36:          0      INTC  20  gpmc
 54:       1801      INTC  38  gp_timer
 72:        372      INTC  56  48070000.i2c
 90:       4129      INTC  74  OMAP UART2
 93:          0      INTC  77  ehci_hcd:usb1
 99:       4165      INTC  83  mmc0
306:          0      PRCM  pm_wkup
315:          0      PRCM  pinctrl, pinctrl, pm_io
344:          0  tps65910   6  tps65910-rtc
IPI0:          0  CPU wakeup interrupts
IPI1:          0  Timer broadcast interrupts
IPI2:          0  Rescheduling interrupts
IPI3:          0  Function call interrupts
IPI4:          0  Single function call interrupts
IPI5:          0  CPU stop interrupts
IPI6:          0  IRQ work interrupts
IPI7:          0  completion interrupts
Err:          0
=======
Clk_summary:
   clock                        enable_cnt  prepare_cnt  rate        accuracy
---------------------------------------------------------------------------------
 pclk_ck                        0           0            27000000   0          
    vpfe_fck                    0           0            27000000   0          
 rmii_ck                        1           1            50000000   0          
    emac_fck                    2           2            50000000   0          
 secure_32k_fck                 0           1            32768      0          
    wdt1_fck                    0           0            32768      0          
    gpt12_fck                   0           1            32768      0          
 dummy_ck                       0           0            0          0          
 mcbsp_clks                     0           5            0          0          
 sys_altclk                     0           0            0          0          
 virt_38_4m_ck                  0           0            38400000   0          
 virt_26000000_ck               1           1            26000000   0          
    osc_sys_ck                  1           1            26000000   0          
       sys_clkout1              0           0            26000000   0          
       sys_ck                   6           17           13000000   0          
          hecc_ck               0           0            13000000   0          
          hsotgusb_fck_am35xx   0           1            13000000   0          
          cpefuse_fck           0           0            13000000   0          
          dpll5_ck              1           1            120000000  0          
             dpll5_m2_ck        1           1            120000000  0          
                usbhost_120m_fck 0           0            120000000  0          
                usbtll_fck      1           1            120000000  0          
          traceclk_src_fck      0           0            13000000   0          
             traceclk_fck       0           0            13000000   0          
          emu_src_mux_ck        0           1            13000000   0          
             emu_src_ck         0           1            13000000   0          
                atclk_fck       0           0            13000000   0          
                pclkx2_fck      0           0            13000000   0          
                pclk_fck        0           0            6500000    0          
          gpt9_fck              0           1            13000000   0          
          gpt8_fck              0           1            13000000   0          
          gpt7_fck              0           1            13000000   0          
          gpt6_fck              0           1            13000000   0          
          gpt5_fck              0           1            13000000   0          
          gpt4_fck              0           1            13000000   0          
          gpt3_fck              0           1            13000000   0          
          gpt2_fck              1           1            13000000   0          
          gpt1_fck              1           1            13000000   0          
          dss2_alwon_fck        0           2            13000000   0          
          dpll1_ck              0           1            500000000  0          
             dpll1_x2_ck        0           1            1000000000 0          
                dpll1_x2m2_ck   0           1            1000000000 0          
                   mpu_ck       0           1            1000000000 0          
                      emu_mpu_alwon_ck 0           0            1000000000 0          
                      arm_fck   0           1            500000000  0          
          dpll3_ck              1           1            332000000  0          
             dpll3_m2_ck        1           1            332000000  0          
                core_ck         1           1            332000000  0          
                   core_d2_ck   0           0            166000000  0          
                   core_d6_ck   0           0            55333333   0          
                   core_d4_ck   0           0            83000000   0          
                   core_d3_ck   0           0            110666666  0          
                      sgx_fck   0           0            110666666  0          
                   l3_ick       2           2            166000000  0          
                      sgx_ick   0           0            166000000  0          
                      core_l3_ick 6           7            166000000  0          
                         ipss_ick 2           2            166000000  0          
                            hsotgusb_ick_am35xx 2           2            166000000  0          
                            vpfe_ick 0           0            166000000  0          
                            emac_ick 2           2            166000000  0          
                         gpmc_fck 2           2            166000000  0          
                         sdrc_ick 1           1            166000000  0          
                      l4_ick    4           4            83000000   0          
                         usbhost_ick 1           1            83000000   0          
                         dss_ick_3430es2 4           6            83000000   0          
                         per_l4_ick 13          18           83000000   0          
                            mcbsp4_ick 2           2            83000000   0          
                            mcbsp3_ick 2           2            83000000   0          
                            mcbsp2_ick 1           1            83000000   0          
                            gpt2_ick 1           1            83000000   0          
                            gpt3_ick 1           1            83000000   0          
                            gpt4_ick 1           1            83000000   0          
                            gpt5_ick 1           1            83000000   0          
                            gpt6_ick 1           1            83000000   0          
                            gpt7_ick 1           1            83000000   0          
                            gpt8_ick 1           1            83000000   0          
                            gpt9_ick 1           1            83000000   0          
                            uart4_ick 1           1            83000000   0          
                            uart3_ick 1           1            83000000   0          
                            wdt3_ick 0           0            83000000   0          
                            gpio2_ick 0           1            83000000   0          
                            gpio3_ick 0           1            83000000   0          
                            gpio4_ick 0           1            83000000   0          
                            gpio5_ick 0           1            83000000   0          
                            gpio6_ick 0           1            83000000   0          
                         core_l4_ick 19          20           83000000   0          
                            mmchs3_ick 1           1            83000000   0          
                            usbtll_ick 1           1            83000000   0          
                            uart4_ick_am35xx 0           0            83000000   0          
                            sha12_ick 0           0            83000000   0          
                            aes2_ick 0           0            83000000   0          
                            omapctrl_ick 1           1            83000000   0          
                            mcbsp1_ick 1           1            83000000   0          
                            mcbsp5_ick 1           1            83000000   0          
                            gpt10_ick 1           1            83000000   0          
                            gpt11_ick 1           1            83000000   0          
                            uart1_ick 1           1            83000000   0          
                            uart2_ick 1           1            83000000   0          
                            i2c1_ick 1           1            83000000   0          
                            i2c2_ick 1           1            83000000   0          
                            i2c3_ick 1           1            83000000   0          
                            mcspi1_ick 1           1            83000000   0          
                            mcspi2_ick 1           1            83000000   0          
                            mcspi3_ick 1           1            83000000   0          
                            mcspi4_ick 1           1            83000000   0          
                            hdq_ick 0           1            83000000   0          
                            mmchs1_ick 1           1            83000000   0          
                            mmchs2_ick 1           1            83000000   0          
                         rm_ick 0           0            41500000   0          
                   dpll1_fck    0           0            166000000  0          
                dpll3_m2x2_ck   0           0            664000000  0          
                   corex2_fck   0           0            664000000  0          
                      corex2_d5_fck 0           0            132800000  0          
                      corex2_d3_fck 0           0            221333333  0          
             dpll3_m3_ck        0           0            166000000  0          
                dpll3_m3x2_mul_ck 0           0            332000000  0          
                   dpll3_m3x2_ck 0           0            332000000  0          
                      emu_core_alwon_ck 0           0            332000000  0          
             dpll3_x2_ck        0           0            664000000  0          
          dpll4_ck              1           3            432000000  0          
             dpll4_m6_ck        0           0            144000000  0          
                dpll4_m6x2_mul_ck 0           0            288000000  0          
                   dpll4_m6x2_ck 0           0            288000000  0          
                      emu_per_alwon_ck 0           0            288000000  0          
             dpll4_m5_ck        0           0            108000000  0          
                dpll4_m5x2_mul_ck 0           0            216000000  0          
                   dpll4_m5x2_ck 0           0            216000000  0          
             dpll4_m4_ck        0           1            216000000  0          
                dpll4_m4x2_mul_ck 0           1            432000000  0          
                   dpll4_m4x2_ck 0           1            432000000  0          
                      dss1_alwon_fck_3430es2 0           4            432000000  0          
             dpll4_m3_ck        0           1            27000000   0          
                dpll4_m3x2_mul_ck 0           1            54000000   0          
                   dpll4_m3x2_ck 0           1            54000000   0          
                      omap_54m_fck 0           1            54000000   0          
                         dss_tv_fck 0           2            54000000   0          
                         clkout2_src_ck 0           0            54000000   0          
                            sys_clkout2 0           0            54000000   0          
             dpll4_m2_ck        1           1            48000000   0          
                dpll4_m2x2_mul_ck 1           1            96000000   0          
                   dpll4_m2x2_ck 1           1            96000000   0          
                      omap_192m_alwon_fck 0           0            96000000   0          
                      omap_96m_alwon_fck 1           2            96000000   0          
                         per_96m_fck 0           6            96000000   0          
                            mcbsp4_fck 0           1            96000000   0          
                            mcbsp3_fck 0           2            96000000   0          
                            mcbsp2_fck 0           2            96000000   0          
                         cm_96m_fck 1           2            96000000   0          
                            cm_96m_d2_fck 1           1            48000000   0          
                               omap_48m_fck 3           4            48000000   0          
                                  usbhost_48m_fck 1           1            48000000   0          
                                  per_48m_fck 1           1            48000000   0          
                                     uart3_fck 1           1            48000000   0          
                                  core_48m_fck 2           7            48000000   0          
                                     uart4_fck_am35xx 0           1            48000000   0          
                                     uart1_fck 1           2            48000000   0          
                                     uart2_fck 1           1            48000000   0          
                                     mcspi1_fck 0           1            48000000   0          
                                     mcspi2_fck 0           1            48000000   0          
                                     mcspi3_fck 0           1            48000000   0          
                                     mcspi4_fck 0           1            48000000   0          
                                  omap_12m_fck 0           1            12000000   0          
                                     core_12m_fck 0           1            12000000   0          
                                        hdq_fck   0           1            12000000   0          
                            omap_96m_fck 0           2            96000000   0          
                               dss_96m_fck 0           2            96000000   0          
                               core_96m_fck 0           10           96000000   0          
                                  mcbsp1_fck 0           1            96000000   0          
                                  mcbsp5_fck 0           1            96000000   0          
                                  mmchs3_fck 0           1            96000000   0          
                                  i2c1_fck 0           1            96000000   0          
                                  i2c2_fck 0           1            96000000   0          
                                  i2c3_fck 0           1            96000000   0          
                                  mmchs1_fck 0           1            96000000   0          
                                  mmchs2_fck 0           1            96000000   0          
             dpll4_x2_ck        0           0            864000000  0          
          wkup_l4_ick           4           5            13000000   0          
             gpt1_ick           1           1            13000000   0          
             gpt12_ick          1           1            13000000   0          
             omap_32ksync_ick   1           1            13000000   0          
             gpio1_ick          0           1            13000000   0          
             wdt1_ick           0           0            13000000   0          
             wdt2_ick           1           1            13000000   0          
 virt_19200000_ck               0           0            19200000   0          
 virt_13m_ck                    0           0            13000000   0          
 virt_12m_ck                    0           0            12000000   0          
 omap_32k_fck                   0           7            32768      0          
    ts_fck                      0           0            32768      0          
    per_32k_alwon_fck           0           5            32768      0          
       wdt3_fck                 0           0            32768      0          
       gpio2_dbck               0           1            32768      0          
       gpio3_dbck               0           1            32768      0          
       gpio4_dbck               0           1            32768      0          
       gpio5_dbck               0           1            32768      0          
       gpio6_dbck               0           1            32768      0          
    wkup_32k_fck                0           3            32768      0          
       wdt2_fck                 0           1            32768      0          
       gpio1_dbck               0           1            32768      0          
    gpt11_fck                   0           1            32768      0          
    gpt10_fck                   0           1            32768      0          
 dummy_apb_pclk                 0           0            0          0          
 virt_16_8m_ck                  0           0            16800000   0          
=======
Orphan Clks:
=======
Hello World Board Booted
root@GenericAM3517(FlattenedDeviceTree):/test# 
- 09:38:47 [INFO] Host: cat stderr.log
- 09:38:48 [INFO] Target: 
cat stderr.log
root@GenericAM3517(FlattenedDeviceTree):/test# 
- 09:38:48 [INFO] Host: cat result.log
- 09:38:50 [ERROR] On command: cat result.log waiting for (?m-ix:^1[\0\n\r]+) >>> error: execution expired
- 09:38:51 [INFO] Target: 
cat result.log
root@GenericAM3517(FlattenedDeviceTree):/test# 
- 09:38:51 [INFO] Host: cd /test
- 09:38:51 [INFO] Target: 
cd /test
root@GenericAM3517(FlattenedDeviceTree):/test# 
