- 10:03:43 [INFO] Starting target session
- 10:03:43 [INFO] Connected to craneboard via serial 
- 10:03:43 [INFO] Host: #check prompt
- 10:03:46 [ERROR] On command: #check prompt waiting for #check prompt.+?(?-mix:((?-mix:.*\s+login)|[Pp]assword)) >>> error: execution expired
- 10:03:46 [INFO] Target: 
#check prompt
root@GenericAM3517(FlattenedDeviceTree):/test# 
- 10:03:46 [INFO] Host: #check prompt
- 10:03:46 [INFO] Target: 
#check prompt
root@GenericAM3517(FlattenedDeviceTree):/test# 
- 10:03:46 [INFO] Host: sync;poweroff
- 10:04:08 [INFO] Target: 
sync;poweroff
Broadcast message from root@GenericAM3517(FlattenedDeviceTree) (ttyO2) (Tue M
The system is going down for system halt NOW!
INIT: Switching to runlevel: 0
root@GenericAM3517(FlattenedDeviceTree):/test# 
INIT: Sending processes the TERM signal
INIT: Sending processes the KILL signal
Stopping Dropbear SSH server: stopped /usr/sbin/dropbear (pid 554)
dropbear.
Stopping telnet daemon.
Stopping system message bus: hwclock: can't open '/dev/misc/rtc': No such file or directory
Error opening /dev/fb0: No such file or directory
Stopping syslogd/klogd: stopped syslogd (pid 566)
stopped klogd (pid 568)
done
Stopping thttpd.
ALSA: Storing mixer settings...
/usr/sbin/alsactl: save_state:1580: No soundcards found...
Deconfiguring network interfaces... [15753.809505] davinci_mdio davinci_mdio.0: resetting idled controller
[15753.877876] davinci_mdio davinci_mdio.0: resetting idled controller
[15753.885277] net eth0: attached PHY driver [SMSC LAN8710/LAN8720] (mii_bus:phy_addr=davinci_mdio.0:00, id=7c0f1)
done.
Stopping Lighttpd Web Server: stopped /usr/sbin/lighttpd (pid 579)
lighttpd.
***************************************************************
***************************************************************
NOTICE: This file system contains the followin GPLv3 packages:
	binutils-symlinks
	binutils
	gdbserver
	parted
If you do not wish to distribute GPLv3 components please remove
the above packages prior to distribution.  This can be done using
the opkg remove command.  i.e.:
    opkg remove <package>
Where <package> is the name printed in the list above
NOTE: If the package is a dependency of another package you
      will be notified of the dependent packages.  You should
      use the --force-removal-of-dependent-packages option to
      also remove the dependent packages as well
***************************************************************
***************************************************************
Sending all processes the TERM signal...
[15755.879078] davinci_emac davinci_emac.0 eth0: Link is Up - 100Mbps/Full - flow control rx/tx
Sending all processes the KILL signal...
Unmounting remote filesystems...
Deactivating swap...
Unmounting local filesystems...
[15767.661295] reboot: System halted
- 10:04:08 [INFO] Disconnected serial from craneboard
- 10:04:38 [INFO] Connected to craneboard via serial 
- 10:04:38 [INFO] Host: 
- 10:04:40 [INFO] Target: 
In:    serial
Out:   serial
Err:   serial
Die ID #7b4e000100000000015da3961501500d
Net:   davinci_emac_initialize
Ethernet PHY: GENERIC @ 0x00
EMAC LSB = 0x00106680
EMAC MSB = 0x00080028
-----------------------------
EMAC ID 08:00:28:10:66:80
-----------------------------
DaVinci EMAC
Hit any key to stop autoboot:  3  0 
AM3517_CRANE # 
AM3517_CRANE # 
AM3517_CRANE # 
AM3517_CRANE # 
AM3517_CRANE # 
AM3517_CRANE # 
AM3517_CRANE # 
AM3517_CRANE # 
AM3517_CRANE # 
AM3517_CRANE # 
AM3517_CRANE # 
AM3517_CRANE # 
AM3517_CRANE # 
AM3517_CRANE # 
AM3517_CRANE # 
AM3517_CRANE # 
AM3517_CRANE # 
AM3517_CRANE # 
AM3517_CRANE # 
AM3517_CRANE # 
AM3517_CRANE # 
AM3517_CRANE # 
AM3517_CRANE # 
AM3517_CRANE # 
AM3517_CRANE # 
- 10:04:40 [INFO] Host: 
- 10:04:41 [INFO] Target: 
AM3517_CRANE # 
AM3517_CRANE # 
AM3517_CRANE # 
AM3517_CRANE # 
- 10:04:41 [INFO] Host: version
- 10:04:41 [INFO] Target: 
version
U-Boot 2009.11-00005-ge83d2db (Dec 07 2010 - 11:55:34)
AM3517_CRANE # 
- 10:04:41 [INFO] Host: setenv bootargs 'console=ttyO2,115200n8 earlyprintk rootwait nohlt '
- 10:04:41 [INFO] Target: 
setenv bootargs 'console=ttyO2,115200n8 earlyprintk rootwait nohlt '
AM3517_CRANE # 
- 10:04:41 [INFO] Host: setenv bootcmd  ''
- 10:04:41 [INFO] Target: 
setenv bootcmd  ''
AM3517_CRANE # 
- 10:04:41 [INFO] Host: setenv autoload 'no'
- 10:04:41 [INFO] Target: 
setenv autoload 'no'
AM3517_CRANE # 
- 10:04:41 [INFO] Host: setenv serverip '192.168.1.254'
- 10:04:41 [INFO] Target: 
setenv serverip '192.168.1.254'
AM3517_CRANE # 
- 10:04:41 [INFO] Host: setenv mmcdev ' '
- 10:04:41 [INFO] Target: 
setenv mmcdev ' '
AM3517_CRANE # 
- 10:04:41 [INFO] Host: printenv
- 10:04:41 [INFO] Target: 
printenv
bootdelay=3
baudrate=115200
loadaddr=0x82000000
nandargs=setenv bootargs console=${console} root=/dev/mtdblock4 rw rootfstype=jffs2 eth=${ethaddr} ip=dhcp
loadbootscript=fatload mmc 0 ${loadaddr} boot.scr
bootscript=echo Running bootscript from mmc ...; source ${loadaddr}
loaduimage=fatload mmc 0 ${loadaddr} uImage
mmcboot=echo Booting from mmc ...; run mmcargs; bootm ${loadaddr}
nandboot=echo Booting from nand ...; run nandargs; nand read ${loadaddr} 480000 500000; bootm ${loadaddr}
dieid#=7b4e000100000000015da3961501500d
ethact=DaVinci EMAC
filesize=F40000
ipaddr=192.168.1.9
oldbootcmd=if mmc init; then if run loadbootscript; then run bootscript; else if run loaduimage; then run mmcboot; else run nandboot; fi; fi; else run nandboot; fi
mmcargs=setenv bootargs console=ttyS2,115200n8 root=/dev/mmcblk0p2 rw rootfstype=ext3 rootwait eth=08:00:28:10:66:80 ip=dhcp earlyprintk
console=ttyO2,115200n8
bootfile=uImage.am3517-craneboard
ethaddr=08:00:28:10:66:80
bootargs=console=ttyO2,115200n8 earlyprintk rootwait nohlt 
bootcmd=
autoload=no
serverip=192.168.1.254
mmcdev= 
Environment size: 1081/131068 bytes
AM3517_CRANE # 
- 10:04:41 [INFO] Host: printenv
- 10:04:42 [INFO] Target: 
printenv
bootdelay=3
baudrate=115200
loadaddr=0x82000000
nandargs=setenv bootargs console=${console} root=/dev/mtdblock4 rw rootfstype=jffs2 eth=${ethaddr} ip=dhcp
loadbootscript=fatload mmc 0 ${loadaddr} boot.scr
bootscript=echo Running bootscript from mmc ...; source ${loadaddr}
loaduimage=fatload mmc 0 ${loadaddr} uImage
mmcboot=echo Booting from mmc ...; run mmcargs; bootm ${loadaddr}
nandboot=echo Booting from nand ...; run nandargs; nand read ${loadaddr} 480000 500000; bootm ${loadaddr}
dieid#=7b4e000100000000015da3961501500d
ethact=DaVinci EMAC
filesize=F40000
ipaddr=192.168.1.9
oldbootcmd=if mmc init; then if run loadbootscript; then run bootscript; else if run loaduimage; then run mmcboot; else run nandboot; fi; fi; else run nandboot; fi
mmcargs=setenv bootargs console=ttyS2,115200n8 root=/dev/mmcblk0p2 rw rootfstype=ext3 rootwait eth=08:00:28:10:66:80 ip=dhcp earlyprintk
console=ttyO2,115200n8
bootfile=uImage.am3517-craneboard
ethaddr=08:00:28:10:66:80
bootargs=console=ttyO2,115200n8 earlyprintk rootwait nohlt 
bootcmd=
autoload=no
serverip=192.168.1.254
mmcdev= 
Environment size: 1081/131068 bytes
AM3517_CRANE # 
- 10:04:42 [INFO] Host: setenv bootargs ''${bootargs}' ip=:::::eth0:dhcp '
- 10:04:42 [INFO] Target: 
setenv bootargs ''${bootargs}' ip=:::::eth0:dhcp '
AM3517_CRANE # 
- 10:04:42 [INFO] Host: setenv serverip '192.168.1.254'
- 10:04:42 [INFO] Target: 
setenv serverip '192.168.1.254'
AM3517_CRANE # 
- 10:04:42 [INFO] Host: setenv ipaddr dhcp
- 10:04:42 [INFO] Target: 
setenv ipaddr dhcp
AM3517_CRANE # 
- 10:04:42 [INFO] Host: setenv autoload 'no'
- 10:04:42 [INFO] Target: 
setenv autoload 'no'
AM3517_CRANE # 
- 10:04:42 [INFO] Host: dhcp
- 10:04:44 [INFO] Target: 
dhcp
BOOTP broadcast 1
DHCP client bound to address 192.168.1.171
AM3517_CRANE # 
- 10:04:44 [INFO] Host: setenv serverip '192.168.1.254'
- 10:04:44 [INFO] Target: 
setenv serverip '192.168.1.254'
AM3517_CRANE # 
- 10:04:44 [INFO] Host: tftp ${loadaddr} 192.168.1.254:vatf_4/69d5cb22d89e8a2040905f2507051e87
- 10:04:51 [INFO] Target: 
tftp ${loadaddr} 192.168.1.254:vatf_4/69d5cb22d89e8a2040905f2507051e87
Using DaVinci EMAC device
TFTP from server 192.168.1.254; our IP address is 192.168.1.171
Filename 'vatf_4/69d5cb22d89e8a2040905f2507051e87'.
Load address: 0x82000000
Loading: *#################################################################
	 #################################################################
	 #################################################################
	 #################################################################
	 #################################################################
	 #################################################################
	 #################################################################
	 #################################################################
	 #################################################################
	 #################################################################
	 #################################################################
	 #################################################################
	 #################################################################
	 #################################################################
	 #################################################################
	 #################################################################
	 #################################################################
	 #################################################################
	 #################################################################
	 #################
done
Bytes transferred = 6409222 (61cc06 hex)
AM3517_CRANE # 
- 10:04:51 [INFO] Host: ls mmc 0:1
- 10:04:51 [INFO] Target: 
ls mmc 0:1
ls - list files in a directory (default /)
Usage:
ls [ directory ]
AM3517_CRANE # 
- 10:04:51 [INFO] Host: ls mmc 0:2
- 10:04:51 [INFO] Target: 
ls mmc 0:2
ls - list files in a directory (default /)
Usage:
ls [ directory ]
AM3517_CRANE # 
- 10:04:51 [INFO] Host: ls mmc 0:3
- 10:04:51 [INFO] Target: 
ls mmc 0:3
ls - list files in a directory (default /)
Usage:
ls [ directory ]
AM3517_CRANE # 
- 10:04:51 [INFO] Host: ls mmc 0:4
- 10:04:51 [INFO] Target: 
ls mmc 0:4
ls - list files in a directory (default /)
Usage:
ls [ directory ]
AM3517_CRANE # 
- 10:04:51 [INFO] Host: ls mmc 0:5
- 10:04:51 [INFO] Target: 
ls mmc 0:5
ls - list files in a directory (default /)
Usage:
ls [ directory ]
AM3517_CRANE # 
- 10:04:51 [INFO] Host: part uuid mmc 0:
- 10:04:52 [INFO] Target: 
part uuid mmc 0:
Unknown command 'part' - try 'help'
AM3517_CRANE # 
- 10:04:52 [INFO] Host: printenv
- 10:04:52 [INFO] Target: 
printenv
bootdelay=3
baudrate=115200
loadaddr=0x82000000
nandargs=setenv bootargs console=${console} root=/dev/mtdblock4 rw rootfstype=jffs2 eth=${ethaddr} ip=dhcp
loadbootscript=fatload mmc 0 ${loadaddr} boot.scr
bootscript=echo Running bootscript from mmc ...; source ${loadaddr}
loaduimage=fatload mmc 0 ${loadaddr} uImage
mmcboot=echo Booting from mmc ...; run mmcargs; bootm ${loadaddr}
nandboot=echo Booting from nand ...; run nandargs; nand read ${loadaddr} 480000 500000; bootm ${loadaddr}
dieid#=7b4e000100000000015da3961501500d
ethact=DaVinci EMAC
oldbootcmd=if mmc init; then if run loadbootscript; then run bootscript; else if run loaduimage; then run mmcboot; else run nandboot; fi; fi; else run nandboot; fi
mmcargs=setenv bootargs console=ttyS2,115200n8 root=/dev/mmcblk0p2 rw rootfstype=ext3 rootwait eth=08:00:28:10:66:80 ip=dhcp earlyprintk
console=ttyO2,115200n8
ethaddr=08:00:28:10:66:80
bootcmd=
mmcdev= 
bootargs=console=ttyO2,115200n8 earlyprintk rootwait nohlt ip=:::::eth0:dhcp
autoload=no
bootfile=uImage.am3517-craneboard
filesize=61CC06
fileaddr=82000000
netmask=255.255.255.0
ipaddr=192.168.1.171
serverip=192.168.1.254
dnsip=192.0.2.2
dnsip2=192.0.2.3
Environment size: 1173/131068 bytes
AM3517_CRANE # 
- 10:04:52 [INFO] Host: setenv bootargs ''${bootargs}' root=/dev/mmcblk0p2 rw rootfstype=ext3 rootwait '
- 10:04:52 [INFO] Target: 
setenv bootargs ''${bootargs}' root=/dev/mmcblk0p2 rw rootfstype=ext3 rootwait '
AM3517_CRANE # 
- 10:04:52 [INFO] Host: printenv
- 10:04:52 [INFO] Target: 
printenv
bootdelay=3
baudrate=115200
loadaddr=0x82000000
nandargs=setenv bootargs console=${console} root=/dev/mtdblock4 rw rootfstype=jffs2 eth=${ethaddr} ip=dhcp
loadbootscript=fatload mmc 0 ${loadaddr} boot.scr
bootscript=echo Running bootscript from mmc ...; source ${loadaddr}
loaduimage=fatload mmc 0 ${loadaddr} uImage
mmcboot=echo Booting from mmc ...; run mmcargs; bootm ${loadaddr}
nandboot=echo Booting from nand ...; run nandargs; nand read ${loadaddr} 480000 500000; bootm ${loadaddr}
dieid#=7b4e000100000000015da3961501500d
ethact=DaVinci EMAC
oldbootcmd=if mmc init; then if run loadbootscript; then run bootscript; else if run loaduimage; then run mmcboot; else run nandboot; fi; fi; else run nandboot; fi
mmcargs=setenv bootargs console=ttyS2,115200n8 root=/dev/mmcblk0p2 rw rootfstype=ext3 rootwait eth=08:00:28:10:66:80 ip=dhcp earlyprintk
console=ttyO2,115200n8
ethaddr=08:00:28:10:66:80
bootcmd=
mmcdev= 
autoload=no
bootfile=uImage.am3517-craneboard
filesize=61CC06
fileaddr=82000000
netmask=255.255.255.0
ipaddr=192.168.1.171
serverip=192.168.1.254
dnsip=192.0.2.2
dnsip2=192.0.2.3
bootargs=console=ttyO2,115200n8 earlyprintk rootwait nohlt ip=:::::eth0:dhcp root=/dev/mmcblk0p2 rw rootfstype=ext3 rootwait
Environment size: 1221/131068 bytes
AM3517_CRANE # 
- 10:04:52 [INFO] Host: setenv bootcmd ''${bootcmd}' if iminfo ${loadaddr}; then bootm ${loadaddr}  ; else bootz ${loadaddr}  ; bootm ${loadaddr}  ; fi'
- 10:04:52 [INFO] Target: 
setenv bootcmd ''${bootcmd}' if iminfo ${loadaddr}; then bootm ${loadaddr}  ; else bootz ${loadaddr}  ; bootm ${loadaddr}  ; fi'
AM3517_CRANE # 
- 10:04:52 [INFO] Host: bdinfo
- 10:04:52 [INFO] Target: 
bdinfo
arch_number = 0x00000B74
env_t       = 0x00000000
boot_params = 0x80000100
DRAM bank   = 0x00000000
-> start    = 0x80000000
-> size     = 0x10000000
DRAM bank   = 0x00000001
-> start    = 0x80000000
-> size     = 0x00000000
ethaddr     = 08:00:28:10:66:80
ip_addr     = 192.168.1.171
baudrate    = 115200 bps
AM3517_CRANE # 
- 10:04:52 [INFO] Host: mmc init
- 10:04:52 [INFO] Target: 
mmc init
mmc1 is available
AM3517_CRANE # 
- 10:04:52 [INFO] Host: fatwrite mmc ${mmcdev}:1 ${loadaddr} ws-calibrate.rules 4
- 10:04:53 [INFO] Target: 
fatwrite mmc ${mmcdev}:1 ${loadaddr} ws-calibrate.rules 4
Unknown command 'fatwrite' - try 'help'
AM3517_CRANE # 
- 10:04:53 [INFO] Host: boot
- 10:07:23 [ERROR] On command: boot waiting for boot.+?(?-mix:.*\s+login) >>> error: execution expired
- 10:07:23 [INFO] Target: 
boot
Unknown command 'iminfo' - try 'help'
Unknown command 'bootz' - try 'help'
## Booting kernel from Legacy Image at 82000000 ...
   Image Name:   Linux-4.1.0-rc4-next-20150521-00
   Image Type:   ARM Linux Kernel Image (uncompressed)
   Data Size:    6409158 Bytes =  6.1 MB
   Load Address: 80800000
   Entry Point:  80800000
   Verifying Checksum ... OK
   Loading Kernel Image ... OK
Starting kernel ...
[    0.000000] Booting Linux on physical CPU 0x0
[    0.000000] Linux version 4.1.0-rc4-next-20150521-00002-g53a0ca078ede (nmenon@kahuna) (gcc version 4.6.3 (Ubuntu/Linaro 4.6.3-1ubuntu5) ) #1 SMP Thu May 21 09:58:50 CDT 2015
[    0.000000] CPU: ARMv7 Processor [411fc087] revision 7 (ARMv7), cr=10c5387d
[    0.000000] CPU: PIPT / VIPT nonaliasing data cache, VIPT nonaliasing instruction cache
[    0.000000] Machine model: TI AM3517 CraneBoard (TMDSEVM3517)
[    0.000000] cma: Reserved 64 MiB at 0x8b800000
[    0.000000] Memory policy: Data cache writeback
[    0.000000] CPU: All CPU(s) started in SVC mode.
[    0.000000] AM3517 ES1.1 (l2cache sgx neon )
[    0.000000] PERCPU: Embedded 12 pages/cpu @cfc91000 s16896 r8192 d24064 u49152
[    0.000000] Built 1 zonelists in Zone order, mobility grouping on.  Total pages: 64768
[    0.000000] Kernel command line: console=ttyO2,115200n8 earlyprintk rootwait nohlt ip=:::::eth0:dhcp root=/dev/mmcblk0p2 rw rootfstype=ext3 rootwait
[    0.000000] PID hash table entries: 1024 (order: 0, 4096 bytes)
[    0.000000] Dentry cache hash table entries: 32768 (order: 5, 131072 bytes)
[    0.000000] Inode-cache hash table entries: 16384 (order: 4, 65536 bytes)
[    0.000000] Memory: 178628K/261120K available (8143K kernel code, 1074K rwdata, 3716K rodata, 928K init, 326K bss, 16956K reserved, 65536K cma-reserved, 0K highmem)
[    0.000000] Virtual kernel memory layout:
[    0.000000]     vector  : 0xffff0000 - 0xffff1000   (   4 kB)
[    0.000000]     fixmap  : 0xffc00000 - 0xfff00000   (3072 kB)
[    0.000000]     vmalloc : 0xd0800000 - 0xff000000   ( 744 MB)
[    0.000000]     lowmem  : 0xc0000000 - 0xd0000000   ( 256 MB)
[    0.000000]     pkmap   : 0xbfe00000 - 0xc0000000   (   2 MB)
[    0.000000]     modules : 0xbf000000 - 0xbfe00000   (  14 MB)
[    0.000000]       .text : 0xc0208000 - 0xc0d9dcb4   (11864 kB)
[    0.000000]       .init : 0xc0d9e000 - 0xc0e86000   ( 928 kB)
[    0.000000]       .data : 0xc0e86000 - 0xc0f92860   (1075 kB)
[    0.000000]        .bss : 0xc0f95000 - 0xc0fe6a20   ( 327 kB)
[    0.000000] SLUB: HWalign=64, Order=0-3, MinObjects=0, CPUs=1, Nodes=1
[    0.000000] Hierarchical RCU implementation.
[    0.000000] 	Additional per-CPU info printed with stalls.
[    0.000000] 	Build-time adjustment of leaf fanout to 32.
[    0.000000] 	RCU restricting CPUs from NR_CPUS=16 to nr_cpu_ids=1.
[    0.000000] RCU: Adjusting geometry for rcu_fanout_leaf=32, nr_cpu_ids=1
[    0.000000] NR_IRQS:16 nr_irqs:16 16
[    0.000000] IRQ: Found an INTC at 0xfa200000 (revision 4.0) with 96 interrupts
[    0.000000] Clocking rate (Crystal/Core/MPU): 26.0/332/500 MHz
[    0.000000] OMAP clockevent source: timer2 at 13000000 Hz
[    0.000031] sched_clock: 32 bits at 13MHz, resolution 76ns, wraps every 165191050201ns
[    0.000069] clocksource timer1: mask: 0xffffffff max_cycles: 0xffffffff, max_idle_ns: 147020034397 ns
[    0.000090] OMAP clocksource: timer1 at 13000000 Hz
[    0.000408] Console: colour dummy device 80x30
[    0.000464] Calibrating delay loop... 496.43 BogoMIPS (lpj=1241088)
[    0.027125] pid_max: default: 32768 minimum: 301
[    0.027380] Mount-cache hash table entries: 1024 (order: 0, 4096 bytes)
[    0.027406] Mountpoint-cache hash table entries: 1024 (order: 0, 4096 bytes)
[    0.028813] CPU: Testing write buffer coherency: ok
[    0.029378] CPU0: thread -1, cpu 0, socket -1, mpidr 0
[    0.029570] Setting up static identity map for 0x80209000 - 0x80209098
[    0.038726] Brought up 1 CPUs
[    0.038761] SMP: Total of 1 processors activated (496.43 BogoMIPS).
[    0.038777] CPU: All CPU(s) started in SVC mode.
[    0.039985] devtmpfs: initialized
[    0.046851] VFP support v0.3: implementor 41 architecture 3 part 30 variant c rev 1
[    0.069526] omap_hwmod: mcbsp2_sidetone using broken dt data from mcbsp
[    0.070200] omap_hwmod: mcbsp3_sidetone using broken dt data from mcbsp
[    0.117492] omap_hwmod: uart4: _wait_target_ready failed: -16
[    0.117521] omap_hwmod: uart4: cannot be enabled for reset (3)
[    0.133378] clocksource jiffies: mask: 0xffffffff max_cycles: 0xffffffff, max_idle_ns: 9556302231375000 ns
[    0.139784] pinctrl core: initialized pinctrl subsystem
[    0.184848] NET: Registered protocol family 16
[    0.190097] DMA: preallocated 256 KiB pool for atomic coherent allocations
[    0.194567] cpuidle: using governor ladder
[    0.194605] cpuidle: using governor menu
[    0.195552] Reprogramming SDRC clock to 332000000 Hz
[    0.198429] In-band Error seen by MPU  at address 0
[    0.198458] ------------[ cut here ]------------
[    0.198510] WARNING: CPU: 0 PID: 1 at drivers/bus/omap_l3_smx.c:166 omap3_l3_app_irq+0x100/0x120()
[    0.198524] Modules linked in:
[    0.198556] CPU: 0 PID: 1 Comm: swapper/0 Not tainted 4.1.0-rc4-next-20150521-00002-g53a0ca078ede #1
[    0.198571] Hardware name: Generic AM3517 (Flattened Device Tree)
[    0.198644] [<c0217b04>] (unwind_backtrace) from [<c02134ec>] (show_stack+0x10/0x14)
[    0.198685] [<c02134ec>] (show_stack) from [<c09af2fc>] (dump_stack+0x70/0x8c)
[    0.198731] [<c09af2fc>] (dump_stack) from [<c024d25c>] (warn_slowpath_common+0x74/0xac)
[    0.198763] [<c024d25c>] (warn_slowpath_common) from [<c024d2b0>] (warn_slowpath_null+0x1c/0x24)
[    0.198794] [<c024d2b0>] (warn_slowpath_null) from [<c049fcb8>] (omap3_l3_app_irq+0x100/0x120)
[    0.198830] [<c049fcb8>] (omap3_l3_app_irq) from [<c0286ffc>] (handle_irq_event_percpu+0x50/0x150)
[    0.198858] [<c0286ffc>] (handle_irq_event_percpu) from [<c0287140>] (handle_irq_event+0x44/0x64)
[    0.198887] [<c0287140>] (handle_irq_event) from [<c0289e84>] (handle_level_irq+0x98/0x12c)
[    0.198914] [<c0289e84>] (handle_level_irq) from [<c0286934>] (generic_handle_irq+0x20/0x30)
[    0.198939] [<c0286934>] (generic_handle_irq) from [<c0286a30>] (__handle_domain_irq+0x54/0xac)
[    0.198964] [<c0286a30>] (__handle_domain_irq) from [<c020a650>] (omap_intc_handle_irq+0xa8/0xb8)
[    0.198989] [<c020a650>] (omap_intc_handle_irq) from [<c0214000>] (__irq_svc+0x40/0x54)
[    0.199005] Exception stack(0xcb05fcf8 to 0xcb05fd40)
[    0.199024] fce0:                                                       cb005420 60000153
[    0.199046] fd00: 00000001 00000006 cb0053c0 cb124140 cb005420 00000000 0000001a cb0053f8
[    0.199068] fd20: 60000153 00000000 ca800000 cb05fd40 c02887a8 c09b4048 60000153 ffffffff
[    0.199104] [<c0214000>] (__irq_svc) from [<c09b4048>] (_raw_spin_unlock_irqrestore+0x1c/0x20)
[    0.199134] [<c09b4048>] (_raw_spin_unlock_irqrestore) from [<c02887a8>] (__setup_irq+0x2e8/0x4d8)
[    0.199160] [<c02887a8>] (__setup_irq) from [<c0288a64>] (request_threaded_irq+0xcc/0x148)
[    0.199189] [<c0288a64>] (request_threaded_irq) from [<c049fb4c>] (omap3_l3_probe+0xf0/0x15c)
[    0.199233] [<c049fb4c>] (omap3_l3_probe) from [<c0610624>] (platform_drv_probe+0x48/0x98)
[    0.199265] [<c0610624>] (platform_drv_probe) from [<c060ef90>] (driver_probe_device+0x1b4/0x26c)
[    0.199295] [<c060ef90>] (driver_probe_device) from [<c060d924>] (bus_for_each_drv+0x5c/0x88)
[    0.199322] [<c060d924>] (bus_for_each_drv) from [<c060f340>] (__device_attach+0x88/0xd4)
[    0.199350] [<c060f340>] (__device_attach) from [<c060e608>] (bus_probe_device+0x84/0x8c)
[    0.199375] [<c060e608>] (bus_probe_device) from [<c060cb28>] (device_add+0x324/0x51c)
[    0.199408] [<c060cb28>] (device_add) from [<c085fee4>] (of_platform_device_create_pdata+0x7c/0xb4)
[    0.199437] [<c085fee4>] (of_platform_device_create_pdata) from [<c085ffe8>] (of_platform_bus_create+0xcc/0x2ec)
[    0.199462] [<c085ffe8>] (of_platform_bus_create) from [<c0860268>] (of_platform_populate+0x60/0xa8)
[    0.199492] [<c0860268>] (of_platform_populate) from [<c0db40e8>] (pdata_quirks_init+0x34/0x44)
[    0.199520] [<c0db40e8>] (pdata_quirks_init) from [<c0db3e80>] (omap_generic_init+0x10/0x1c)
[    0.199550] [<c0db3e80>] (omap_generic_init) from [<c0da08ac>] (customize_machine+0x20/0x44)
[    0.199579] [<c0da08ac>] (customize_machine) from [<c020ac04>] (do_one_initcall+0x80/0x1d0)
[    0.199607] [<c020ac04>] (do_one_initcall) from [<c0d9ed6c>] (kernel_init_freeable+0x114/0x1e0)
[    0.199634] [<c0d9ed6c>] (kernel_init_freeable) from [<c09aa59c>] (kernel_init+0x8/0xe4)
[    0.199662] [<c09aa59c>] (kernel_init) from [<c02107e8>] (ret_from_fork+0x14/0x2c)
[    0.199721] ---[ end trace 76d5b7049ef0f36d ]---
[    0.199759] Address Hole seen by USB_OTG  at address 4de96fbc
[    0.199772] ------------[ cut here ]------------
[    0.199799] WARNING: CPU: 0 PID: 1 at drivers/bus/omap_l3_smx.c:166 omap3_l3_app_irq+0x100/0x120()
[    0.199811] Modules linked in:
[    0.199836] CPU: 0 PID: 1 Comm: swapper/0 Tainted: G        W       4.1.0-rc4-next-20150521-00002-g53a0ca078ede #1
[    0.199850] Hardware name: Generic AM3517 (Flattened Device Tree)
[    0.199884] [<c0217b04>] (unwind_backtrace) from [<c02134ec>] (show_stack+0x10/0x14)
[    0.199914] [<c02134ec>] (show_stack) from [<c09af2fc>] (dump_stack+0x70/0x8c)
[    0.199946] [<c09af2fc>] (dump_stack) from [<c024d25c>] (warn_slowpath_common+0x74/0xac)
[    0.199976] [<c024d25c>] (warn_slowpath_common) from [<c024d2b0>] (warn_slowpath_null+0x1c/0x24)
[    0.200006] [<c024d2b0>] (warn_slowpath_null) from [<c049fcb8>] (omap3_l3_app_irq+0x100/0x120)
[    0.200036] [<c049fcb8>] (omap3_l3_app_irq) from [<c0286ffc>] (handle_irq_event_percpu+0x50/0x150)
[    0.200062] [<c0286ffc>] (handle_irq_event_percpu) from [<c0287140>] (handle_irq_event+0x44/0x64)
[    0.200088] [<c0287140>] (handle_irq_event) from [<c0289e84>] (handle_level_irq+0x98/0x12c)
[    0.200113] [<c0289e84>] (handle_level_irq) from [<c0286934>] (generic_handle_irq+0x20/0x30)
[    0.200138] [<c0286934>] (generic_handle_irq) from [<c0286a30>] (__handle_domain_irq+0x54/0xac)
[    0.200163] [<c0286a30>] (__handle_domain_irq) from [<c020a650>] (omap_intc_handle_irq+0xa8/0xb8)
[    0.200187] [<c020a650>] (omap_intc_handle_irq) from [<c0214000>] (__irq_svc+0x40/0x54)
[    0.200202] Exception stack(0xcb05fcf8 to 0xcb05fd40)
[    0.200219] fce0:                                                       cb005420 60000153
[    0.200241] fd00: 00000001 00000006 cb0053c0 cb124140 cb005420 00000000 0000001a cb0053f8
[    0.200263] fd20: 60000153 00000000 ca800000 cb05fd40 c02887a8 c09b4048 60000153 ffffffff
[    0.200294] [<c0214000>] (__irq_svc) from [<c09b4048>] (_raw_spin_unlock_irqrestore+0x1c/0x20)
[    0.200324] [<c09b4048>] (_raw_spin_unlock_irqrestore) from [<c02887a8>] (__setup_irq+0x2e8/0x4d8)
[    0.200350] [<c02887a8>] (__setup_irq) from [<c0288a64>] (request_threaded_irq+0xcc/0x148)
[    0.200379] [<c0288a64>] (request_threaded_irq) from [<c049fb4c>] (omap3_l3_probe+0xf0/0x15c)
[    0.200413] [<c049fb4c>] (omap3_l3_probe) from [<c0610624>] (platform_drv_probe+0x48/0x98)
[    0.200443] [<c0610624>] (platform_drv_probe) from [<c060ef90>] (driver_probe_device+0x1b4/0x26c)
[    0.200470] [<c060ef90>] (driver_probe_device) from [<c060d924>] (bus_for_each_drv+0x5c/0x88)
[    0.200496] [<c060d924>] (bus_for_each_drv) from [<c060f340>] (__device_attach+0x88/0xd4)
[    0.200523] [<c060f340>] (__device_attach) from [<c060e608>] (bus_probe_device+0x84/0x8c)
[    0.200549] [<c060e608>] (bus_probe_device) from [<c060cb28>] (device_add+0x324/0x51c)
[    0.200576] [<c060cb28>] (device_add) from [<c085fee4>] (of_platform_device_create_pdata+0x7c/0xb4)
[    0.200602] [<c085fee4>] (of_platform_device_create_pdata) from [<c085ffe8>] (of_platform_bus_create+0xcc/0x2ec)
[    0.200627] [<c085ffe8>] (of_platform_bus_create) from [<c0860268>] (of_platform_populate+0x60/0xa8)
[    0.200653] [<c0860268>] (of_platform_populate) from [<c0db40e8>] (pdata_quirks_init+0x34/0x44)
[    0.200678] [<c0db40e8>] (pdata_quirks_init) from [<c0db3e80>] (omap_generic_init+0x10/0x1c)
[    0.200705] [<c0db3e80>] (omap_generic_init) from [<c0da08ac>] (customize_machine+0x20/0x44)
[    0.200731] [<c0da08ac>] (customize_machine) from [<c020ac04>] (do_one_initcall+0x80/0x1d0)
[    0.200757] [<c020ac04>] (do_one_initcall) from [<c0d9ed6c>] (kernel_init_freeable+0x114/0x1e0)
[    0.200782] [<c0d9ed6c>] (kernel_init_freeable) from [<c09aa59c>] (kernel_init+0x8/0xe4)
[    0.200807] [<c09aa59c>] (kernel_init) from [<c02107e8>] (ret_from_fork+0x14/0x2c)
[    0.200823] ---[ end trace 76d5b7049ef0f36e ]---
[    0.203899] platform 480c5000.aes: Cannot lookup hwmod 'aes'
[    0.208910] OMAP GPIO hardware version 2.5
[    0.224272] platform 480c3000.sham: Cannot lookup hwmod 'sham'
[    0.224900] platform 480cb000.smartreflex: Cannot lookup hwmod 'smartreflex_core'
[    0.233445] omap-gpmc 6e000000.gpmc: GPMC revision 5.0
[    0.234142] platform 480ab000.usb_otg_hs: Cannot lookup hwmod 'usb_otg_hs'
[    0.237058] No ATAGs?
[    0.237215] hw-breakpoint: debug architecture 0x4 unsupported.
[    0.240538] OMAP DMA hardware revision 4.0
[    0.246551] Serial: AMBA PL011 UART driver
[    0.288494] omap-dma-engine 48056000.dma-controller: OMAP DMA engine driver
[    0.295157] vgaarb: loaded
[    0.297264] SCSI subsystem initialized
[    0.298603] usbcore: registered new interface driver usbfs
[    0.298776] usbcore: registered new interface driver hub
[    0.298919] usbcore: registered new device driver usb
[    0.302297] tps65910 0-002d: could not find pctldev for node /ocp/l4@48000000/scm@2000/pinmux@30/pinmux_tps_pins, deferring probe
[    0.302432] omap_i2c 48070000.i2c: bus 0 rev3.3 at 2600 kHz
[    0.304009] media: Linux media interface: v0.10
[    0.304168] Linux video capture interface: v2.00
[    0.304294] pps_core: LinuxPPS API ver. 1 registered
[    0.304310] pps_core: Software ver. 5.3.6 - Copyright 2005-2007 Rodolfo Giometti <giometti@linux.it>
[    0.304379] PTP clock support registered
[    0.304886] EDAC MC: Ver: 3.0.0
[    0.308213] Advanced Linux Sound Architecture Driver Initialized.
[    0.310982] Switched to clocksource timer1
[    0.337094] NET: Registered protocol family 2
[    0.338259] TCP established hash table entries: 2048 (order: 1, 8192 bytes)
[    0.338326] TCP bind hash table entries: 2048 (order: 2, 16384 bytes)
[    0.338394] TCP: Hash tables configured (established 2048 bind 2048)
[    0.338558] UDP hash table entries: 256 (order: 1, 8192 bytes)
[    0.338603] UDP-Lite hash table entries: 256 (order: 1, 8192 bytes)
[    0.338970] NET: Registered protocol family 1
[    0.339692] RPC: Registered named UNIX socket transport module.
[    0.339715] RPC: Registered udp transport module.
[    0.339728] RPC: Registered tcp transport module.
[    0.339741] RPC: Registered tcp NFSv4.1 backchannel transport module.
[    0.344289] CPU PMU: Failed to parse /pmu/interrupt-affinity[0]
[    0.344418] hw perfevents: enabled with armv7_cortex_a8 PMU driver, 5 counters available
[    0.349667] futex hash table entries: 256 (order: 2, 16384 bytes)
[    0.378992] squashfs: version 4.0 (2009/01/31) Phillip Lougher
[    0.381362] NFS: Registering the id_resolver key type
[    0.381460] Key type id_resolver registered
[    0.381478] Key type id_legacy registered
[    0.381660] ntfs: driver 2.1.32 [Flags: R/O].
[    0.384978] Block layer SCSI generic (bsg) driver version 0.4 loaded (major 248)
[    0.385021] io scheduler noop registered
[    0.385046] io scheduler deadline registered
[    0.385531] io scheduler cfq registered (default)
[    0.393906] pinctrl-single 48002030.pinmux: 284 pins at pa fa002030 size 568
[    0.394358] pinctrl-single 48002a00.pinmux: 46 pins at pa fa002a00 size 92
[    0.562614] Serial: 8250/16550 driver, 4 ports, IRQ sharing disabled
[    0.568027] SuperH (H)SCI(F) driver initialized
[    0.569802] msm_serial: driver initialized
[    0.571105] omap_uart 4806a000.serial: no wakeirq for uart0
[    0.571410] 4806a000.serial: ttyO0 at MMIO 0x4806a000 (irq = 88, base_baud = 3000000) is a OMAP UART0
[    0.572490] omap_uart 4806c000.serial: no wakeirq for uart1
[    0.572730] 4806c000.serial: ttyO1 at MMIO 0x4806c000 (irq = 89, base_baud = 3000000) is a OMAP UART1
[    0.573654] omap_uart 49020000.serial: no wakeirq for uart2
[    0.573877] 49020000.serial: ttyO2 at MMIO 0x49020000 (irq = 90, base_baud = 3000000) is a OMAP UART2
[    2.069689] console [ttyO2] enabled
[    2.074532] STMicroelectronics ASC driver initialized
[    2.083457] [drm] Initialized drm 1.1.0 20060810
[    2.106208] loop: module loaded
[    2.127514] CAN device driver interface
[    2.133843] igb: Intel(R) Gigabit Ethernet Network Driver - version 5.2.15-k
[    2.141308] igb: Copyright (c) 2007-2014 Intel Corporation.
[    2.191093] davinci_mdio davinci_mdio.0: davinci mdio revision 1.5
[    2.197648] davinci_mdio davinci_mdio.0: detected phy mask fffffffe
[    2.205553] libphy: davinci_mdio.0: probed
[    2.210009] davinci_mdio davinci_mdio.0: phy[0]: device davinci_mdio.0:00, driver SMSC LAN8710/LAN8720
[    2.220927] pegasus: v0.9.3 (2013/04/25), Pegasus/Pegasus II USB Ethernet driver
[    2.229025] usbcore: registered new interface driver pegasus
[    2.235228] usbcore: registered new interface driver asix
[    2.241141] usbcore: registered new interface driver ax88179_178a
[    2.247750] usbcore: registered new interface driver cdc_ether
[    2.254125] usbcore: registered new interface driver smsc75xx
[    2.260390] usbcore: registered new interface driver smsc95xx
[    2.266624] usbcore: registered new interface driver net1080
[    2.272749] usbcore: registered new interface driver cdc_subset
[    2.279160] usbcore: registered new interface driver zaurus
[    2.285320] usbcore: registered new interface driver cdc_ncm
[    2.294504] ehci_hcd: USB 2.0 'Enhanced' Host Controller (EHCI) Driver
[    2.301491] ehci-pci: EHCI PCI platform driver
[    2.306365] ehci-platform: EHCI generic platform driver
[    2.312315] ehci-omap: OMAP-EHCI Host Controller driver
[    2.318544] ehci-omap 48064800.ehci: EHCI Host Controller
[    2.324372] ehci-omap 48064800.ehci: new USB bus registered, assigned bus number 1
[    2.332953] ehci-omap 48064800.ehci: irq 93, io mem 0x48064800
[    2.346052] ehci-omap 48064800.ehci: USB 2.0 started, EHCI 1.00
[    2.354471] hub 1-0:1.0: USB hub found
[    2.358624] hub 1-0:1.0: 3 ports detected
[    2.364442] ehci-orion: EHCI orion driver
[    2.369265] SPEAr-ehci: EHCI SPEAr driver
[    2.373912] ehci-st: EHCI STMicroelectronics driver
[    2.379389] ehci-exynos: EHCI EXYNOS driver
[    2.384169] ehci-atmel: EHCI Atmel driver
[    2.388722] tegra-ehci: Tegra EHCI driver
[    2.393301] ohci_hcd: USB 1.1 'Open' Host Controller (OHCI) Driver
[    2.399889] ohci-pci: OHCI PCI platform driver
[    2.404796] ohci-platform: OHCI generic platform driver
[    2.410690] ohci-omap3: OHCI OMAP3 driver
[    2.415503] ohci-omap3 48064400.ohci: OHCI Host Controller
[    2.421421] ohci-omap3 48064400.ohci: new USB bus registered, assigned bus number 2
[    2.429887] ohci-omap3 48064400.ohci: irq 92, io mem 0x48064400
[    2.513090] hub 2-0:1.0: USB hub found
[    2.517260] hub 2-0:1.0: 3 ports detected
[    2.522880] SPEAr-ohci: OHCI SPEAr driver
[    2.527698] ohci-st: OHCI STMicroelectronics driver
[    2.533233] ohci-atmel: OHCI Atmel driver
[    2.538151] usbcore: registered new interface driver usb-storage
[    2.547811] mousedev: PS/2 mouse device common for all mice
[    2.562166] i2c /dev entries driver
[    2.570566] usbcore: registered new interface driver uvcvideo
[    2.576751] USB Video Class driver (1.1.1)
[    2.581133] gspca_main: v2.14.0 registered
[    2.595730] sdhci: Secure Digital Host Controller Interface driver
[    2.602336] sdhci: Copyright(c) Pierre Ossman
[    2.609568] omap_hsmmc 4809c000.mmc: unable to get vmmc regulator -517
[    2.618315] Synopsys Designware Multimedia Card Interface Driver
[    2.626969] sdhci-pltfm: SDHCI platform and OF driver helper
[    2.636028] ledtrig-cpu: registered to indicate activity on CPUs
[    2.642986] usbcore: registered new interface driver usbhid
[    2.648912] usbhid: USB HID core driver
[    2.661421] usbcore: registered new interface driver snd-usb-audio
[    2.674682] NET: Registered protocol family 17
[    2.679524] can: controller area network core (rev 20120528 abi 9)
[    2.686272] NET: Registered protocol family 29
[    2.691007] can: raw protocol (rev 20120528)
[    2.695504] can: broadcast manager protocol (rev 20120528 t)
[    2.701530] can: netlink gateway (rev 20130117) max_hops=1
[    2.708476] Key type dns_resolver registered
[    2.713510] omap2_set_init_voltage: unable to find boot up OPP for vdd_mpu_iva
[    2.721179] omap2_set_init_voltage: unable to set vdd_mpu_iva
[    2.727284] omap2_set_init_voltage: unable to find boot up OPP for vdd_core
[    2.734627] omap2_set_init_voltage: unable to set vdd_core
[    2.741784] cpu cpu0: dev_pm_opp_get_opp_count: device OPP not found (-19)
[    2.749520] PM: no software I/O chain control; some wakeups may be lost
[    2.756570] pm: Failed to request pm_wkup irq
[    2.761283] ThumbEE CPU extension supported.
[    2.765809] Registering SWP/SWPB emulation handler
[    2.813247] tps65910-rtc tps65910-rtc: rtc core: registered tps65910-rtc as rtc0
[    2.825254] vdd_shv: supplied by vbat
[    2.829710] vdd_shv: operation not allowed
[    2.834113] omap_hsmmc 4809c000.mmc: could not set regulator OCR (-1)
[    2.841333] vdd_shv: operation not allowed
[    2.845646] omap_hsmmc 4809c000.mmc: could not set regulator OCR (-1)
[    2.887315] tps65910-rtc tps65910-rtc: setting system clock to 2015-05-12 18:57:49 UTC (1431457069)
[    2.943898] mmc0: host does not support reading read-only switch, assuming write-enable
[    2.954976] mmc0: new high speed SDHC card at address 1234
[    2.961880] mmcblk0: mmc0:1234 SA04G 3.63 GiB 
[    2.969494]  mmcblk0: p1 p2
[   14.976772] In-band Error seen by MPU  at address 0
[   14.981915] ------------[ cut here ]------------
[   14.986792] WARNING: CPU: 0 PID: 1 at drivers/bus/omap_l3_smx.c:166 omap3_l3_app_irq+0x100/0x120()
[   14.996209] Modules linked in:
[   14.999435] CPU: 0 PID: 1 Comm: swapper/0 Tainted: G        W       4.1.0-rc4-next-20150521-00002-g53a0ca078ede #1
[   15.010271] Hardware name: Generic AM3517 (Flattened Device Tree)
[   15.016724] [<c0217b04>] (unwind_backtrace) from [<c02134ec>] (show_stack+0x10/0x14)
[   15.024900] [<c02134ec>] (show_stack) from [<c09af2fc>] (dump_stack+0x70/0x8c)
[   15.032506] [<c09af2fc>] (dump_stack) from [<c024d25c>] (warn_slowpath_common+0x74/0xac)
[   15.040990] [<c024d25c>] (warn_slowpath_common) from [<c024d2b0>] (warn_slowpath_null+0x1c/0x24)
[   15.050226] [<c024d2b0>] (warn_slowpath_null) from [<c049fcb8>] (omap3_l3_app_irq+0x100/0x120)
[   15.059283] [<c049fcb8>] (omap3_l3_app_irq) from [<c0286ffc>] (handle_irq_event_percpu+0x50/0x150)
[   15.068702] [<c0286ffc>] (handle_irq_event_percpu) from [<c0287140>] (handle_irq_event+0x44/0x64)
[   15.078023] [<c0287140>] (handle_irq_event) from [<c0289e84>] (handle_level_irq+0x98/0x12c)
[   15.086786] [<c0289e84>] (handle_level_irq) from [<c0286934>] (generic_handle_irq+0x20/0x30)
[   15.095667] [<c0286934>] (generic_handle_irq) from [<c0286a30>] (__handle_domain_irq+0x54/0xac)
[   15.104787] [<c0286a30>] (__handle_domain_irq) from [<c020a650>] (omap_intc_handle_irq+0xa8/0xb8)
[   15.114108] [<c020a650>] (omap_intc_handle_irq) from [<c0214000>] (__irq_svc+0x40/0x54)
[   15.122496] Exception stack(0xcb05fe70 to 0xcb05feb8)
[   15.127822] fe60:                                     c0fd95e4 60000113 c0fd95c8 00000145
[   15.136403] fe80: cb023a00 cb011f00 c0e8b918 c0e8b918 cb50c1c0 00000117 c0d9e588 c0e7fd04
[   15.144963] fea0: 00000000 cb05feb8 c0868230 c09b4048 60000113 ffffffff
[   15.151920] [<c0214000>] (__irq_svc) from [<c09b4048>] (_raw_spin_unlock_irqrestore+0x1c/0x20)
[   15.160967] [<c09b4048>] (_raw_spin_unlock_irqrestore) from [<c0868230>] (clk_disable_unused_subtree+0x20/0xa4)
[   15.171531] ---[ end trace 76d5b7049ef0f370 ]---
[   15.176509] In-band Error seen by MPU  at address 0
[   15.181630] ------------[ cut here ]------------
[   15.186477] WARNING: CPU: 0 PID: 1 at drivers/bus/omap_l3_smx.c:166 omap3_l3_app_irq+0x100/0x120()
[   15.195855] Modules linked in:
[   15.199068] CPU: 0 PID: 1 Comm: swapper/0 Tainted: G        W       4.1.0-rc4-next-20150521-00002-g53a0ca078ede #1
[   15.209949] Hardware name: Generic AM3517 (Flattened Device Tree)
[   15.216348] [<c0217b04>] (unwind_backtrace) from [<c02134ec>] (show_stack+0x10/0x14)
[   15.224498] [<c02134ec>] (show_stack) from [<c09af2fc>] (dump_stack+0x70/0x8c)
[   15.232088] [<c09af2fc>] (dump_stack) from [<c024d25c>] (warn_slowpath_common+0x74/0xac)
[   15.240600] [<c024d25c>] (warn_slowpath_common) from [<c024d2b0>] (warn_slowpath_null+0x1c/0x24)
[   15.249853] [<c024d2b0>] (warn_slowpath_null) from [<c049fcb8>] (omap3_l3_app_irq+0x100/0x120)
[   15.258898] [<c049fcb8>] (omap3_l3_app_irq) from [<c0286ffc>] (handle_irq_event_percpu+0x50/0x150)
[   15.268287] [<c0286ffc>] (handle_irq_event_percpu) from [<c0287140>] (handle_irq_event+0x44/0x64)
[   15.277610] [<c0287140>] (handle_irq_event) from [<c0289e84>] (handle_level_irq+0x98/0x12c)
[   15.286368] [<c0289e84>] (handle_level_irq) from [<c0286934>] (generic_handle_irq+0x20/0x30)
[   15.295246] [<c0286934>] (generic_handle_irq) from [<c0286a30>] (__handle_domain_irq+0x54/0xac)
[   15.304382] [<c0286a30>] (__handle_domain_irq) from [<c020a650>] (omap_intc_handle_irq+0xa8/0xb8)
[   15.313692] [<c020a650>] (omap_intc_handle_irq) from [<c0214000>] (__irq_svc+0x40/0x54)
[   15.322075] Exception stack(0xcb05fe70 to 0xcb05feb8)
[   15.327368] fe60:                                     c0fd95e4 60000113 c0fd95c8 00000146
[   15.335955] fe80: cb023980 cb011f00 c0e8b918 c0e8b918 cb50c1c0 00000117 c0d9e588 c0e7fd04
[   15.344527] fea0: 00000000 cb05feb8 c0868230 c09b4048 60000113 ffffffff
[   15.351484] [<c0214000>] (__irq_svc) from [<c09b4048>] (_raw_spin_unlock_irqrestore+0x1c/0x20)
[   15.360539] [<c09b4048>] (_raw_spin_unlock_irqrestore) from [<c0868230>] (clk_disable_unused_subtree+0x20/0xa4)
[   15.371110] ---[ end trace 76d5b7049ef0f371 ]---
[   15.376083] In-band Error seen by MPU  at address 0
[   15.381213] ------------[ cut here ]------------
[   15.386063] WARNING: CPU: 0 PID: 1 at drivers/bus/omap_l3_smx.c:166 omap3_l3_app_irq+0x100/0x120()
[   15.395470] Modules linked in:
[   15.398702] CPU: 0 PID: 1 Comm: swapper/0 Tainted: G        W       4.1.0-rc4-next-20150521-00002-g53a0ca078ede #1
[   15.409556] Hardware name: Generic AM3517 (Flattened Device Tree)
[   15.415977] [<c0217b04>] (unwind_backtrace) from [<c02134ec>] (show_stack+0x10/0x14)
[   15.424110] [<c02134ec>] (show_stack) from [<c09af2fc>] (dump_stack+0x70/0x8c)
[   15.431691] [<c09af2fc>] (dump_stack) from [<c024d25c>] (warn_slowpath_common+0x74/0xac)
[   15.440214] [<c024d25c>] (warn_slowpath_common) from [<c024d2b0>] (warn_slowpath_null+0x1c/0x24)
[   15.449452] [<c024d2b0>] (warn_slowpath_null) from [<c049fcb8>] (omap3_l3_app_irq+0x100/0x120)
[   15.458496] [<c049fcb8>] (omap3_l3_app_irq) from [<c0286ffc>] (handle_irq_event_percpu+0x50/0x150)
[   15.467919] [<c0286ffc>] (handle_irq_event_percpu) from [<c0287140>] (handle_irq_event+0x44/0x64)
[   15.477222] [<c0287140>] (handle_irq_event) from [<c0289e84>] (handle_level_irq+0x98/0x12c)
[   15.485990] [<c0289e84>] (handle_level_irq) from [<c0286934>] (generic_handle_irq+0x20/0x30)
[   15.494846] [<c0286934>] (generic_handle_irq) from [<c0286a30>] (__handle_domain_irq+0x54/0xac)
[   15.503993] [<c0286a30>] (__handle_domain_irq) from [<c020a650>] (omap_intc_handle_irq+0xa8/0xb8)
[   15.513308] [<c020a650>] (omap_intc_handle_irq) from [<c0214000>] (__irq_svc+0x40/0x54)
[   15.521688] Exception stack(0xcb05fe10 to 0xcb05fe58)
[   15.526993] fe00:                                     c0fd95e4 60000113 c0fd95c8 00000166
[   15.535577] fe20: cb023880 cb01fd00 c0e8b918 c0e8b918 cb50c1c0 00000117 c0d9e588 c0e7fd04
[   15.544159] fe40: 00000000 cb05fe58 c0868230 c09b4048 60000113 ffffffff
[   15.551119] [<c0214000>] (__irq_svc) from [<c09b4048>] (_raw_spin_unlock_irqrestore+0x1c/0x20)
[   15.560174] [<c09b4048>] (_raw_spin_unlock_irqrestore) from [<c0868230>] (clk_disable_unused_subtree+0x20/0xa4)
[   15.570761] ---[ end trace 76d5b7049ef0f372 ]---
[   15.576003] ALSA device list:
[   15.579128]   No soundcards found.
[   15.586863] EXT4-fs (mmcblk0p2): mounting ext3 file system using the ext4 subsystem
[   15.619710] EXT4-fs (mmcblk0p2): mounted filesystem with ordered data mode. Opts: (null)
[   15.628400] VFS: Mounted root (ext3 filesystem) on device 179:2.
[   15.646368] devtmpfs: mounted
[   15.652335] Freeing unused kernel memory: 928K (c0d9e000 - c0e86000)
INIT: version 2.88 booting
Error opening /dev/fb0: No such file or directory
/dev/ttyO2 linked to /dev/tty-bd - using as console
Starting udev
[   16.727969] udevd[92]: starting version 182
[  101.154204] random: nonblocking pool is initialized
udevadm settle - timeout of 120 seconds reached, the event queue contains:
  /sys/devices/platform/68000000.ocp/4809c000.mmc/mmc_host/mmc0/mmc0:1234/block/mmcblk0 (1879)
  /sys/devices/platform/68000000.ocp/4809c000.mmc/mmc_host/mmc0/mmc0:1234/block/mmcblk0/mmcblk0p1 (1880)
  /sys/devices/platform/68000000.ocp/4809c000.mmc/mmc_host/mmc0/mmc0:1234/block/mmcblk0/mmcblk0p2 (1881)
  /sys/devices/platform/68000000.ocp/49034000.timer (1900)
  /sys/devices/platform/68000000.ocp/49038000.timer (1902)
  /sys/devices/platform/68000000.ocp/4903a000.timer (1903)
  /sys/devices/platform/68000000.ocp/4903c000.timer (1904)
  /sys/devices/platform/68000000.ocp/4903e000.timer (1905)
  /sys/devices/platform/68000000.ocp/49040000.timer (1906)
  /sys/devices/platform/68000000.ocp/49050000.gpio (1907)
  /sys/devices/platform/68000000.ocp/49050000.gpio/gpio/gpiochip32 (1908)
  /sys/devices/platform/68000000.ocp/49052000.gpio (1909)
ERROR: could not open directory /lib/modules/4.1.0-rc4-next-20150521-00002-g53a0ca078ede: No such file or directory
WARNING: -e needs -E or -F
ERROR: could not open directory /lib/modules/4.1.0-rc4-next-20150521-00002-g53a0ca078ede: No such file or directory
FATAL: could not search modules: No such file or directory
Starting Bootlog daemon: bootlogd.
[  138.499604] EXT4-fs (mmcblk0p2): re-mounted. Opts: data=ordered
ALSA: Restoring mixer settings...
/usr/sbin/alsactl: load_state:1696: No soundcards found...
Configuring network interfaces... ifconfig: SIOCGIFFLAGS: No such device
done.
INIT: Entering runlevel: 3
/dev/ttyO2 linked to /dev/tty-bd - using as console
Starting system message bus: dbus.
Starting Dropbear SSH server: dropbear.
Starting telnet daemon.
Starting syslogd/klogd: done
Starting thttpd.
Starting Lighttpd Web Server: lighttpd.
2015-05-12 19:00:07: (log.c.166) server started 
URL:gtsystest.telogy.design.ti.com/vatf/tidfarm-02.dal.design.ti.com/tidfarm-02.dal.design.ti.com_vatf@4/tidfarm-02.dal.design.ti.com05_21_2015_10_03_42/files/session_iteration_1/test_1
