- 12:02:10 [INFO] Starting target session
- 12:02:10 [INFO] Connected to craneboard via serial 
- 12:02:10 [INFO] Host: #check prompt
- 12:02:13 [ERROR] On command: #check prompt waiting for #check prompt.+?(?-mix:((?-mix:.*\s+login)|[Pp]assword)) >>> error: execution expired
- 12:02:13 [INFO] Target: 
#check prompt
root@GenericAM3517(FlattenedDeviceTree):/test# 
- 12:02:13 [INFO] Host: #check prompt
- 12:02:13 [INFO] Target: 
#check prompt
root@GenericAM3517(FlattenedDeviceTree):/test# 
- 12:02:13 [INFO] Host: sync;poweroff
- 12:02:35 [INFO] Target: 
sync;poweroff
Broadcast message from root@GenericAM3517(FlattenedDeviceTree) (ttyO2) (Sun M
The system is going down for system halt NOW!
INIT: Switching to runlevel: 0
root@GenericAM3517(FlattenedDeviceTree):/test# 
INIT: Sending processes the TERM signal
INIT: Sending processes the KILL signal
Stopping Dropbear SSH server: stopped /usr/sbin/dropbear (pid 630)
dropbear.
Stopping telnet daemon.
Stopping system message bus: hwclock: can't open '/dev/misc/rtc': No such file or directory
Error opening /dev/fb0: No such file or directory
Stopping syslogd/klogd: stopped syslogd (pid 642)
stopped klogd (pid 645)
done
Stopping thttpd.
ALSA: Storing mixer settings...
/usr/sbin/alsactl: save_state:1580: No soundcards found...
Deconfiguring network interfaces... [22522.280472] davinci_mdio davinci_mdio.0: resetting idled controller
[22522.362872] davinci_mdio davinci_mdio.0: resetting idled controller
[22522.370544] net eth0: attached PHY driver [SMSC LAN8710/LAN8720] (mii_bus:phy_addr=davinci_mdio.0:00, id=7c0f1)
done.
Stopping Lighttpd Web Server: stopped /usr/sbin/lighttpd (pid 655)
lighttpd.
***************************************************************
***************************************************************
NOTICE: This file system contains the followin GPLv3 packages:
	binutils-symlinks
	binutils
	gdbserver
	parted
If you do not wish to distribute GPLv3 components please remove
the above packages prior to distribution.  This can be done using
the opkg remove command.  i.e.:
    opkg remove <package>
Where <package> is the name printed in the list above
NOTE: If the package is a dependency of another package you
      will be notified of the dependent packages.  You should
      use the --force-removal-of-dependent-packages option to
      also remove the dependent packages as well
***************************************************************
***************************************************************
Sending all processes the TERM signal...
[22524.370147] davinci_emac davinci_emac.0 eth0: Link is Up - 100Mbps/Full - flow control rx/tx
Sending all processes the KILL signal...
Unmounting remote filesystems...
Deactivating swap...
Unmounting local filesystems...
[22536.115882] reboot: System halted
- 12:02:35 [INFO] Disconnected serial from craneboard
- 12:03:09 [INFO] Connected to craneboard via serial 
- 12:03:09 [INFO] Host: 
- 12:03:09 [ERROR] On command:  waiting for (?-mix:AM3517_CRANE\s#) >>> error: execution expired
- 12:03:09 [INFO] Target: 
- 12:03:09 [INFO] Host: 
- 12:03:10 [ERROR] On command:  waiting for (?-mix:AM3517_CRANE\s#) >>> error: execution expired
- 12:03:10 [INFO] Target: 
- 12:03:10 [INFO] Host: 
- 12:03:10 [ERROR] On command:  waiting for (?-mix:AM3517_CRANE\s#) >>> error: execution expired
- 12:03:10 [INFO] Target: 
In:    serial
Out:   serial
Err:   serial
Die ID #7b4e000100000000015da3961501500d
- 12:03:10 [INFO] Host: 
- 12:03:11 [ERROR] On command:  waiting for (?-mix:AM3517_CRANE\s#) >>> error: execution expired
- 12:03:11 [INFO] Target: 
Net:   davinci_emac_initialize
Ethernet PHY: GENERIC @ 0x00
EMAC LSB = 0x00106680
EMAC MSB = 0x00080028
-----------------------------
EMAC ID 08:00:28:10:66:80
-----------------------------
- 12:03:11 [INFO] Host: 
- 12:03:11 [INFO] Target: 
DaVinci EMAC
Hit any key to stop autoboot:  3  0 
AM3517_CRANE # 
AM3517_CRANE # 
AM3517_CRANE # 
AM3517_CRANE # 
AM3517_CRANE # 
- 12:03:11 [INFO] Host: 
- 12:03:12 [INFO] Target: 
AM3517_CRANE # 
- 12:03:12 [INFO] Host: version
- 12:03:12 [INFO] Target: 
version
U-Boot 2009.11-00005-ge83d2db (Dec 07 2010 - 11:55:34)
AM3517_CRANE # 
- 12:03:12 [INFO] Host: setenv bootargs 'console=ttyO2,115200n8 earlyprintk rootwait nohlt '
- 12:03:13 [INFO] Target: 
setenv bootargs 'console=ttyO2,115200n8 earlyprintk rootwait nohlt '
AM3517_CRANE # 
- 12:03:13 [INFO] Host: setenv bootcmd  ''
- 12:03:13 [INFO] Target: 
setenv bootcmd  ''
AM3517_CRANE # 
- 12:03:13 [INFO] Host: setenv autoload 'no'
- 12:03:14 [INFO] Target: 
setenv autoload 'no'
AM3517_CRANE # 
- 12:03:14 [INFO] Host: setenv serverip '192.168.1.254'
- 12:03:14 [INFO] Target: 
setenv serverip '192.168.1.254'
AM3517_CRANE # 
- 12:03:14 [INFO] Host: setenv mmcdev ' '
- 12:03:15 [INFO] Target: 
setenv mmcdev ' '
AM3517_CRANE # 
- 12:03:15 [INFO] Host: printenv
- 12:03:15 [INFO] Target: 
printenv
bootdelay=3
baudrate=115200
loadaddr=0x82000000
nandargs=setenv bootargs console=${console} root=/dev/mtdblock4 rw rootfstype=jffs2 eth=${ethaddr} ip=dhcp
loadbootscript=fatload mmc 0 ${loadaddr} boot.scr
bootscript=echo Running bootscript from mmc ...; source ${loadaddr}
loaduimage=fatload mmc 0 ${loadaddr} uImage
mmcboot=echo Booting from mmc ...; run mmcargs; bootm ${loadaddr}
nandboot=echo Booting from nand ...; run nandargs; nand read ${loadaddr} 480000 500000; bootm ${loadaddr}
dieid#=7b4e000100000000015da3961501500d
ethact=DaVinci EMAC
filesize=F40000
ipaddr=192.168.1.9
oldbootcmd=if mmc init; then if run loadbootscript; then run bootscript; else if run loaduimage; then run mmcboot; else run nandboot; fi; fi; else run nandboot; fi
mmcargs=setenv bootargs console=ttyS2,115200n8 root=/dev/mmcblk0p2 rw rootfstype=ext3 rootwait eth=08:00:28:10:66:80 ip=dhcp earlyprintk
console=ttyO2,115200n8
bootfile=uImage.am3517-craneboard
ethaddr=08:00:28:10:66:80
bootargs=console=ttyO2,115200n8 earlyprintk rootwait nohlt 
bootcmd=
autoload=no
serverip=192.168.1.254
mmcdev= 
Environment size: 1081/131068 bytes
AM3517_CRANE # 
- 12:03:15 [INFO] Host: printenv
- 12:03:16 [INFO] Target: 
printenv
bootdelay=3
baudrate=115200
loadaddr=0x82000000
nandargs=setenv bootargs console=${console} root=/dev/mtdblock4 rw rootfstype=jffs2 eth=${ethaddr} ip=dhcp
loadbootscript=fatload mmc 0 ${loadaddr} boot.scr
bootscript=echo Running bootscript from mmc ...; source ${loadaddr}
loaduimage=fatload mmc 0 ${loadaddr} uImage
mmcboot=echo Booting from mmc ...; run mmcargs; bootm ${loadaddr}
nandboot=echo Booting from nand ...; run nandargs; nand read ${loadaddr} 480000 500000; bootm ${loadaddr}
dieid#=7b4e000100000000015da3961501500d
ethact=DaVinci EMAC
filesize=F40000
ipaddr=192.168.1.9
oldbootcmd=if mmc init; then if run loadbootscript; then run bootscript; else if run loaduimage; then run mmcboot; else run nandboot; fi; fi; else run nandboot; fi
mmcargs=setenv bootargs console=ttyS2,115200n8 root=/dev/mmcblk0p2 rw rootfstype=ext3 rootwait eth=08:00:28:10:66:80 ip=dhcp earlyprintk
console=ttyO2,115200n8
bootfile=uImage.am3517-craneboard
ethaddr=08:00:28:10:66:80
bootargs=console=ttyO2,115200n8 earlyprintk rootwait nohlt 
bootcmd=
autoload=no
serverip=192.168.1.254
mmcdev= 
Environment size: 1081/131068 bytes
AM3517_CRANE # 
- 12:03:16 [INFO] Host: setenv bootargs ''${bootargs}' ip=dhcp '
- 12:03:16 [INFO] Target: 
setenv bootargs ''${bootargs}' ip=dhcp '
AM3517_CRANE # 
- 12:03:16 [INFO] Host: setenv serverip '192.168.1.254'
- 12:03:17 [INFO] Target: 
setenv serverip '192.168.1.254'
AM3517_CRANE # 
- 12:03:17 [INFO] Host: setenv ipaddr dhcp
- 12:03:17 [INFO] Target: 
setenv ipaddr dhcp
AM3517_CRANE # 
- 12:03:17 [INFO] Host: setenv autoload 'no'
- 12:03:18 [INFO] Target: 
setenv autoload 'no'
AM3517_CRANE # 
- 12:03:18 [INFO] Host: dhcp
- 12:03:20 [INFO] Target: 
dhcp
BOOTP broadcast 1
DHCP client bound to address 192.168.1.159
AM3517_CRANE # 
- 12:03:20 [INFO] Host: setenv serverip '192.168.1.254'
- 12:03:20 [INFO] Target: 
setenv serverip '192.168.1.254'
AM3517_CRANE # 
- 12:03:20 [INFO] Host: tftp ${loadaddr} 192.168.1.254:vatf_4/98ee048b24c9f2b818d97ce8e917539b
- 12:03:28 [INFO] Target: 
tftp ${loadaddr} 192.168.1.254:vatf_4/98ee048b24c9f2b818d97ce8e917539b
Using DaVinci EMAC device
TFTP from server 192.168.1.254; our IP address is 192.168.1.159
Filename 'vatf_4/98ee048b24c9f2b818d97ce8e917539b'.
Load address: 0x82000000
Loading: *#################################################################
	 #################################################################
	 #################################################################
	 #################################################################
	 #################################################################
	 #################################################################
	 #################################################################
	 #################################################################
	 #################################################################
	 #################################################################
	 #################################################################
	 #################################################################
	 #################################################################
	 #################################################################
	 #################################################################
	 #################################################################
	 #################################################################
	 #################################################################
	 ################################
done
Bytes transferred = 6152249 (5de039 hex)
AM3517_CRANE # 
- 12:03:28 [INFO] Host: ls mmc 0:1
- 12:03:28 [INFO] Target: 
ls mmc 0:1
ls - list files in a directory (default /)
Usage:
ls [ directory ]
AM3517_CRANE # 
- 12:03:28 [INFO] Host: ls mmc 0:2
- 12:03:29 [INFO] Target: 
ls mmc 0:2
ls - list files in a directory (default /)
Usage:
ls [ directory ]
AM3517_CRANE # 
- 12:03:29 [INFO] Host: ls mmc 0:3
- 12:03:29 [INFO] Target: 
ls mmc 0:3
ls - list files in a directory (default /)
Usage:
ls [ directory ]
AM3517_CRANE # 
- 12:03:29 [INFO] Host: ls mmc 0:4
- 12:03:30 [INFO] Target: 
ls mmc 0:4
ls - list files in a directory (default /)
Usage:
ls [ directory ]
AM3517_CRANE # 
- 12:03:30 [INFO] Host: ls mmc 0:5
- 12:03:30 [INFO] Target: 
ls mmc 0:5
ls - list files in a directory (default /)
Usage:
ls [ directory ]
AM3517_CRANE # 
- 12:03:30 [INFO] Host: part uuid mmc 0:
- 12:03:31 [INFO] Target: 
part uuid mmc 0:
Unknown command 'part' - try 'help'
AM3517_CRANE # 
- 12:03:31 [INFO] Host: printenv
- 12:03:31 [INFO] Target: 
printenv
bootdelay=3
baudrate=115200
loadaddr=0x82000000
nandargs=setenv bootargs console=${console} root=/dev/mtdblock4 rw rootfstype=jffs2 eth=${ethaddr} ip=dhcp
loadbootscript=fatload mmc 0 ${loadaddr} boot.scr
bootscript=echo Running bootscript from mmc ...; source ${loadaddr}
loaduimage=fatload mmc 0 ${loadaddr} uImage
mmcboot=echo Booting from mmc ...; run mmcargs; bootm ${loadaddr}
nandboot=echo Booting from nand ...; run nandargs; nand read ${loadaddr} 480000 500000; bootm ${loadaddr}
dieid#=7b4e000100000000015da3961501500d
ethact=DaVinci EMAC
oldbootcmd=if mmc init; then if run loadbootscript; then run bootscript; else if run loaduimage; then run mmcboot; else run nandboot; fi; fi; else run nandboot; fi
mmcargs=setenv bootargs console=ttyS2,115200n8 root=/dev/mmcblk0p2 rw rootfstype=ext3 rootwait eth=08:00:28:10:66:80 ip=dhcp earlyprintk
console=ttyO2,115200n8
ethaddr=08:00:28:10:66:80
bootcmd=
mmcdev= 
bootargs=console=ttyO2,115200n8 earlyprintk rootwait nohlt ip=dhcp
autoload=no
bootfile=uImage.am3517-craneboard
filesize=5DE039
fileaddr=82000000
netmask=255.255.255.0
ipaddr=192.168.1.159
serverip=192.168.1.254
dnsip=192.0.2.2
dnsip2=192.0.2.3
Environment size: 1163/131068 bytes
AM3517_CRANE # 
- 12:03:31 [INFO] Host: setenv bootargs ''${bootargs}' root=/dev/mmcblk0p2 rw rootfstype=ext3 rootwait '
- 12:03:32 [INFO] Target: 
setenv bootargs ''${bootargs}' root=/dev/mmcblk0p2 rw rootfstype=ext3 rootwait '
AM3517_CRANE # 
- 12:03:32 [INFO] Host: printenv
- 12:03:32 [INFO] Target: 
printenv
bootdelay=3
baudrate=115200
loadaddr=0x82000000
nandargs=setenv bootargs console=${console} root=/dev/mtdblock4 rw rootfstype=jffs2 eth=${ethaddr} ip=dhcp
loadbootscript=fatload mmc 0 ${loadaddr} boot.scr
bootscript=echo Running bootscript from mmc ...; source ${loadaddr}
loaduimage=fatload mmc 0 ${loadaddr} uImage
mmcboot=echo Booting from mmc ...; run mmcargs; bootm ${loadaddr}
nandboot=echo Booting from nand ...; run nandargs; nand read ${loadaddr} 480000 500000; bootm ${loadaddr}
dieid#=7b4e000100000000015da3961501500d
ethact=DaVinci EMAC
oldbootcmd=if mmc init; then if run loadbootscript; then run bootscript; else if run loaduimage; then run mmcboot; else run nandboot; fi; fi; else run nandboot; fi
mmcargs=setenv bootargs console=ttyS2,115200n8 root=/dev/mmcblk0p2 rw rootfstype=ext3 rootwait eth=08:00:28:10:66:80 ip=dhcp earlyprintk
console=ttyO2,115200n8
ethaddr=08:00:28:10:66:80
bootcmd=
mmcdev= 
autoload=no
bootfile=uImage.am3517-craneboard
filesize=5DE039
fileaddr=82000000
netmask=255.255.255.0
ipaddr=192.168.1.159
serverip=192.168.1.254
dnsip=192.0.2.2
dnsip2=192.0.2.3
bootargs=console=ttyO2,115200n8 earlyprintk rootwait nohlt ip=dhcp root=/dev/mmcblk0p2 rw rootfstype=ext3 rootwait
Environment size: 1211/131068 bytes
AM3517_CRANE # 
- 12:03:32 [INFO] Host: setenv bootcmd ''${bootcmd}' if iminfo ${loadaddr}; then bootm ${loadaddr}  ; else bootz ${loadaddr}  ; bootm ${loadaddr}  ; fi'
- 12:03:33 [INFO] Target: 
setenv bootcmd ''${bootcmd}' if iminfo ${loadaddr}; then bootm ${loadaddr}  ; else bootz ${loadaddr}  ; bootm ${loadaddr}  ; fi'
AM3517_CRANE # 
- 12:03:33 [INFO] Host: bdinfo
- 12:03:33 [INFO] Target: 
bdinfo
arch_number = 0x00000B74
env_t       = 0x00000000
boot_params = 0x80000100
DRAM bank   = 0x00000000
-> start    = 0x80000000
-> size     = 0x10000000
DRAM bank   = 0x00000001
-> start    = 0x80000000
-> size     = 0x00000000
ethaddr     = 08:00:28:10:66:80
ip_addr     = 192.168.1.159
baudrate    = 115200 bps
AM3517_CRANE # 
- 12:03:33 [INFO] Host: mmc init
- 12:03:34 [INFO] Target: 
mmc init
mmc1 is available
AM3517_CRANE # 
- 12:03:34 [INFO] Host: fatwrite mmc ${mmcdev}:1 ${loadaddr} ws-calibrate.rules 4
- 12:03:34 [INFO] Target: 
fatwrite mmc ${mmcdev}:1 ${loadaddr} ws-calibrate.rules 4
Unknown command 'fatwrite' - try 'help'
AM3517_CRANE # 
- 12:03:34 [INFO] Host: boot
- 12:04:06 [INFO] Target: 
boot
Unknown command 'iminfo' - try 'help'
Unknown command 'bootz' - try 'help'
## Booting kernel from Legacy Image at 82000000 ...
   Image Name:   Linux-4.0.0-rc3-next-20150310-00
   Image Type:   ARM Linux Kernel Image (uncompressed)
   Data Size:    6152185 Bytes =  5.9 MB
   Load Address: 80800000
   Entry Point:  80800000
   Verifying Checksum ... OK
   Loading Kernel Image ... OK
Starting kernel ...
[    0.000000] Booting Linux on physical CPU 0x0
[    0.000000] Linux version 4.0.0-rc3-next-20150310-00002-gcf5af6388b49 (nmenon@kahuna) (gcc version 4.6.3 (Ubuntu/Linaro 4.6.3-1ubuntu5) ) #1 SMP Tue Mar 10 11:58:17 CDT 2015
[    0.000000] CPU: ARMv7 Processor [411fc087] revision 7 (ARMv7), cr=10c5387d
[    0.000000] CPU: PIPT / VIPT nonaliasing data cache, VIPT nonaliasing instruction cache
[    0.000000] Machine model: TI AM3517 CraneBoard (TMDSEVM3517)
[    0.000000] cma: Reserved 64 MiB at 0x8b800000
[    0.000000] Memory policy: Data cache writeback
[    0.000000] CPU: All CPU(s) started in SVC mode.
[    0.000000] AM3517 ES1.1 (l2cache sgx neon )
[    0.000000] PERCPU: Embedded 11 pages/cpu @cfc93000 s12608 r8192 d24256 u45056
[    0.000000] Built 1 zonelists in Zone order, mobility grouping on.  Total pages: 64768
[    0.000000] Kernel command line: console=ttyO2,115200n8 earlyprintk rootwait nohlt ip=dhcp root=/dev/mmcblk0p2 rw rootfstype=ext3 rootwait
[    0.000000] PID hash table entries: 1024 (order: 0, 4096 bytes)
[    0.000000] Dentry cache hash table entries: 32768 (order: 5, 131072 bytes)
[    0.000000] Inode-cache hash table entries: 16384 (order: 4, 65536 bytes)
[    0.000000] Memory: 179312K/261120K available (7886K kernel code, 1058K rwdata, 3460K rodata, 800K init, 316K bss, 16272K reserved, 65536K cma-reserved, 0K highmem)
[    0.000000] Virtual kernel memory layout:
[    0.000000]     vector  : 0xffff0000 - 0xffff1000   (   4 kB)
[    0.000000]     fixmap  : 0xffc00000 - 0xfff00000   (3072 kB)
[    0.000000]     vmalloc : 0xd0800000 - 0xff000000   ( 744 MB)
[    0.000000]     lowmem  : 0xc0000000 - 0xd0000000   ( 256 MB)
[    0.000000]     pkmap   : 0xbfe00000 - 0xc0000000   (   2 MB)
[    0.000000]     modules : 0xbf000000 - 0xbfe00000   (  14 MB)
[    0.000000]       .text : 0xc0208000 - 0xc0d1da30   (11351 kB)
[    0.000000]       .init : 0xc0d1e000 - 0xc0de6000   ( 800 kB)
[    0.000000]       .data : 0xc0de6000 - 0xc0eeeba0   (1059 kB)
[    0.000000]        .bss : 0xc0eeeba0 - 0xc0f3dda0   ( 317 kB)
[    0.000000] SLUB: HWalign=64, Order=0-3, MinObjects=0, CPUs=1, Nodes=1
[    0.000000] Hierarchical RCU implementation.
[    0.000000] 	Additional per-CPU info printed with stalls.
[    0.000000] 	RCU restricting CPUs from NR_CPUS=16 to nr_cpu_ids=1.
[    0.000000] RCU: Adjusting geometry for rcu_fanout_leaf=16, nr_cpu_ids=1
[    0.000000] NR_IRQS:16 nr_irqs:16 16
[    0.000000] IRQ: Found an INTC at 0xfa200000 (revision 4.0) with 96 interrupts
[    0.000000] Clocking rate (Crystal/Core/MPU): 26.0/332/500 MHz
[    0.000000] OMAP clockevent source: timer2 at 13000000 Hz
[    0.000029] sched_clock: 32 bits at 13MHz, resolution 76ns, wraps every 330382100403ns
[    0.000069] OMAP clocksource: timer1 at 13000000 Hz
[    0.000382] Console: colour dummy device 80x30
[    0.000436] Calibrating delay loop... 496.43 BogoMIPS (lpj=1241088)
[    0.027132] pid_max: default: 32768 minimum: 301
[    0.027374] Mount-cache hash table entries: 1024 (order: 0, 4096 bytes)
[    0.027398] Mountpoint-cache hash table entries: 1024 (order: 0, 4096 bytes)
[    0.028776] CPU: Testing write buffer coherency: ok
[    0.029332] CPU0: thread -1, cpu 0, socket -1, mpidr 0
[    0.029516] Setting up static identity map for 0x80975238 - 0x809752d0
[    0.035984] Brought up 1 CPUs
[    0.036017] SMP: Total of 1 processors activated (496.43 BogoMIPS).
[    0.036033] CPU: All CPU(s) started in SVC mode.
[    0.037336] devtmpfs: initialized
[    0.044166] VFP support v0.3: implementor 41 architecture 3 part 30 variant c rev 1
[    0.066672] omap_hwmod: mcbsp2_sidetone using broken dt data from mcbsp
[    0.067416] omap_hwmod: mcbsp3_sidetone using broken dt data from mcbsp
[    0.114652] omap_hwmod: uart4: _wait_target_ready failed: -16
[    0.114682] omap_hwmod: uart4: cannot be enabled for reset (3)
[    0.136666] pinctrl core: initialized pinctrl subsystem
[    0.182446] NET: Registered protocol family 16
[    0.187496] DMA: preallocated 256 KiB pool for atomic coherent allocations
[    0.192035] cpuidle: using governor ladder
[    0.192076] cpuidle: using governor menu
[    0.200281] Reprogramming SDRC clock to 332000000 Hz
[    0.203008] Address Hole seen by USB_OTG  at address 4feb6fbc
[    0.203033] ------------[ cut here ]------------
[    0.203078] WARNING: CPU: 0 PID: 1 at drivers/bus/omap_l3_smx.c:166 omap3_l3_app_irq+0x100/0x120()
[    0.203093] Modules linked in:
[    0.203124] CPU: 0 PID: 1 Comm: swapper/0 Not tainted 4.0.0-rc3-next-20150310-00002-gcf5af6388b49 #1
[    0.203139] Hardware name: Generic AM3517 (Flattened Device Tree)
[    0.203210] [<c021673c>] (unwind_backtrace) from [<c02121d4>] (show_stack+0x10/0x14)
[    0.203258] [<c02121d4>] (show_stack) from [<c097013c>] (dump_stack+0x70/0x8c)
[    0.203304] [<c097013c>] (dump_stack) from [<c024c408>] (warn_slowpath_common+0x74/0xac)
[    0.203336] [<c024c408>] (warn_slowpath_common) from [<c024c45c>] (warn_slowpath_null+0x1c/0x24)
[    0.203367] [<c024c45c>] (warn_slowpath_null) from [<c04946b4>] (omap3_l3_app_irq+0x100/0x120)
[    0.203400] [<c04946b4>] (omap3_l3_app_irq) from [<c02848c0>] (handle_irq_event_percpu+0x50/0x150)
[    0.203428] [<c02848c0>] (handle_irq_event_percpu) from [<c0284a04>] (handle_irq_event+0x44/0x64)
[    0.203456] [<c0284a04>] (handle_irq_event) from [<c0287634>] (handle_level_irq+0x98/0x12c)
[    0.203482] [<c0287634>] (handle_level_irq) from [<c02841f4>] (generic_handle_irq+0x20/0x30)
[    0.203506] [<c02841f4>] (generic_handle_irq) from [<c02842f0>] (__handle_domain_irq+0x54/0xac)
[    0.203531] [<c02842f0>] (__handle_domain_irq) from [<c0209640>] (omap_intc_handle_irq+0xb4/0xc4)
[    0.203560] [<c0209640>] (omap_intc_handle_irq) from [<c0212d00>] (__irq_svc+0x40/0x54)
[    0.203577] Exception stack(0xcb05dd10 to 0xcb05dd58)
[    0.203598] dd00:                                     cb005420 60000153 00000001 00000006
[    0.203620] dd20: cb0053c0 cb11ffc0 cb005420 00000000 0000001a cb0053f8 60000153 00000000
[    0.203640] dd40: ca800000 cb05dd58 c028606c c0974d68 60000153 ffffffff
[    0.203676] [<c0212d00>] (__irq_svc) from [<c0974d68>] (_raw_spin_unlock_irqrestore+0x1c/0x20)
[    0.203705] [<c0974d68>] (_raw_spin_unlock_irqrestore) from [<c028606c>] (__setup_irq+0x2e8/0x4d8)
[    0.203731] [<c028606c>] (__setup_irq) from [<c0286328>] (request_threaded_irq+0xcc/0x148)
[    0.203757] [<c0286328>] (request_threaded_irq) from [<c0494548>] (omap3_l3_probe+0xf0/0x15c)
[    0.203798] [<c0494548>] (omap3_l3_probe) from [<c05eeb40>] (platform_drv_probe+0x48/0x98)
[    0.203830] [<c05eeb40>] (platform_drv_probe) from [<c05ed704>] (driver_probe_device+0x114/0x234)
[    0.203858] [<c05ed704>] (driver_probe_device) from [<c05ec038>] (bus_for_each_drv+0x5c/0x88)
[    0.203885] [<c05ec038>] (bus_for_each_drv) from [<c05ed5bc>] (device_attach+0x70/0x88)
[    0.203911] [<c05ed5bc>] (device_attach) from [<c05ecd18>] (bus_probe_device+0x84/0xa8)
[    0.203936] [<c05ecd18>] (bus_probe_device) from [<c05eb284>] (device_add+0x2fc/0x4dc)
[    0.203978] [<c05eb284>] (device_add) from [<c082d31c>] (of_platform_device_create_pdata+0x78/0xb0)
[    0.204010] [<c082d31c>] (of_platform_device_create_pdata) from [<c082d420>] (of_platform_bus_create+0xcc/0x2e8)
[    0.204039] [<c082d420>] (of_platform_bus_create) from [<c082d69c>] (of_platform_populate+0x60/0xa8)
[    0.204078] [<c082d69c>] (of_platform_populate) from [<c0d3eef4>] (pdata_quirks_init+0x34/0x44)
[    0.204108] [<c0d3eef4>] (pdata_quirks_init) from [<c0d3ec78>] (omap_generic_init+0x10/0x1c)
[    0.204144] [<c0d3ec78>] (omap_generic_init) from [<c0d20828>] (customize_machine+0x20/0x44)
[    0.204173] [<c0d20828>] (customize_machine) from [<c0209a44>] (do_one_initcall+0x80/0x1d0)
[    0.204201] [<c0209a44>] (do_one_initcall) from [<c0d1ed50>] (kernel_init_freeable+0x10c/0x1d8)
[    0.204230] [<c0d1ed50>] (kernel_init_freeable) from [<c096b63c>] (kernel_init+0x8/0xe4)
[    0.204259] [<c096b63c>] (kernel_init) from [<c020f500>] (ret_from_fork+0x14/0x34)
[    0.204318] ---[ end trace 621ba94477535b81 ]---
[    0.204894] platform 480c5000.aes: Cannot lookup hwmod 'aes'
[    0.211457] OMAP GPIO hardware version 2.5
[    0.226261] platform 480c3000.sham: Cannot lookup hwmod 'sham'
[    0.226854] platform 480cb000.smartreflex: Cannot lookup hwmod 'smartreflex_core'
[    0.235063] omap-gpmc 6e000000.gpmc: GPMC revision 5.0
[    0.235722] platform 480ab000.usb_otg_hs: Cannot lookup hwmod 'usb_otg_hs'
[    0.238705] No ATAGs?
[    0.238748] hw-breakpoint: debug architecture 0x4 unsupported.
[    0.241626] OMAP DMA hardware revision 4.0
[    0.246781] Serial: AMBA PL011 UART driver
[    0.306733] omap-dma-engine 48056000.dma-controller: OMAP DMA engine driver
[    0.313599] vgaarb: loaded
[    0.315413] SCSI subsystem initialized
[    0.316789] usbcore: registered new interface driver usbfs
[    0.316961] usbcore: registered new interface driver hub
[    0.317226] usbcore: registered new device driver usb
[    0.320492] tps65910 0-002d: could not find pctldev for node /ocp/pinmux@48002030/pinmux_tps_pins, deferring probe
[    0.320543] i2c 0-002d: Driver tps65910 requests probe deferral
[    0.320637] omap_i2c 48070000.i2c: bus 0 rev3.3 at 2600 kHz
[    0.322250] media: Linux media interface: v0.10
[    0.322412] Linux video capture interface: v2.00
[    0.322534] pps_core: LinuxPPS API ver. 1 registered
[    0.322551] pps_core: Software ver. 5.3.6 - Copyright 2005-2007 Rodolfo Giometti <giometti@linux.it>
[    0.322618] PTP clock support registered
[    0.323134] EDAC MC: Ver: 3.0.0
[    0.325770] Advanced Linux Sound Architecture Driver Initialized.
[    0.328672] Switched to clocksource timer1
[    0.354551] NET: Registered protocol family 2
[    0.355792] TCP established hash table entries: 2048 (order: 1, 8192 bytes)
[    0.355858] TCP bind hash table entries: 2048 (order: 2, 16384 bytes)
[    0.355927] TCP: Hash tables configured (established 2048 bind 2048)
[    0.356085] UDP hash table entries: 256 (order: 1, 8192 bytes)
[    0.356131] UDP-Lite hash table entries: 256 (order: 1, 8192 bytes)
[    0.356478] NET: Registered protocol family 1
[    0.357187] RPC: Registered named UNIX socket transport module.
[    0.357212] RPC: Registered udp transport module.
[    0.357225] RPC: Registered tcp transport module.
[    0.357238] RPC: Registered tcp NFSv4.1 backchannel transport module.
[    0.361621] hw perfevents: enabled with armv7_cortex_a8 PMU driver, 5 counters available
[    0.366735] futex hash table entries: 256 (order: 2, 16384 bytes)
[    0.395880] squashfs: version 4.0 (2009/01/31) Phillip Lougher
[    0.398117] NFS: Registering the id_resolver key type
[    0.398217] Key type id_resolver registered
[    0.398234] Key type id_legacy registered
[    0.398395] ntfs: driver 2.1.31 [Flags: R/O].
[    0.401889] Block layer SCSI generic (bsg) driver version 0.4 loaded (major 248)
[    0.401933] io scheduler noop registered
[    0.401960] io scheduler deadline registered
[    0.402433] io scheduler cfq registered (default)
[    0.410695] pinctrl-single 48002030.pinmux: 284 pins at pa fa002030 size 568
[    0.411142] pinctrl-single 48002a00.pinmux: 46 pins at pa fa002a00 size 92
[    0.574976] Serial: 8250/16550 driver, 4 ports, IRQ sharing disabled
[    0.580213] SuperH (H)SCI(F) driver initialized
[    0.581614] msm_serial: driver initialized
[    0.582780] omap_uart 4806a000.serial: no wakeirq for uart0
[    0.583082] 4806a000.serial: ttyO0 at MMIO 0x4806a000 (irq = 88, base_baud = 3000000) is a OMAP UART0
[    0.584262] omap_uart 4806c000.serial: no wakeirq for uart0
[    0.584500] 4806c000.serial: ttyO1 at MMIO 0x4806c000 (irq = 89, base_baud = 3000000) is a OMAP UART1
[    0.585401] omap_uart 49020000.serial: no wakeirq for uart0
[    0.585626] 49020000.serial: ttyO2 at MMIO 0x49020000 (irq = 90, base_baud = 3000000) is a OMAP UART2
[    1.695193] console [ttyO2] enabled
[    1.700011] STMicroelectronics ASC driver initialized
[    1.708430] [drm] Initialized drm 1.1.0 20060810
[    1.729874] loop: module loaded
[    1.750746] CAN device driver interface
[    1.757050] igb: Intel(R) Gigabit Ethernet Network Driver - version 5.2.15-k
[    1.764569] igb: Copyright (c) 2007-2014 Intel Corporation.
[    1.813779] davinci_mdio davinci_mdio.0: davinci mdio revision 1.5
[    1.820370] davinci_mdio davinci_mdio.0: detected phy mask fffffffe
[    1.828288] libphy: davinci_mdio.0: probed
[    1.832758] davinci_mdio davinci_mdio.0: phy[0]: device davinci_mdio.0:00, driver SMSC LAN8710/LAN8720
[    1.843870] pegasus: v0.9.3 (2013/04/25), Pegasus/Pegasus II USB Ethernet driver
[    1.851950] usbcore: registered new interface driver pegasus
[    1.858179] usbcore: registered new interface driver asix
[    1.864084] usbcore: registered new interface driver ax88179_178a
[    1.870706] usbcore: registered new interface driver cdc_ether
[    1.877100] usbcore: registered new interface driver smsc75xx
[    1.883397] usbcore: registered new interface driver smsc95xx
[    1.889654] usbcore: registered new interface driver net1080
[    1.895829] usbcore: registered new interface driver cdc_subset
[    1.902266] usbcore: registered new interface driver zaurus
[    1.908455] usbcore: registered new interface driver cdc_ncm
[    1.916792] ehci_hcd: USB 2.0 'Enhanced' Host Controller (EHCI) Driver
[    1.923793] ehci-pci: EHCI PCI platform driver
[    1.928703] ehci-platform: EHCI generic platform driver
[    1.934675] ehci-omap: OMAP-EHCI Host Controller driver
[    1.940924] ehci-omap 48064800.ehci: EHCI Host Controller
[    1.946782] ehci-omap 48064800.ehci: new USB bus registered, assigned bus number 1
[    1.955393] ehci-omap 48064800.ehci: irq 93, io mem 0x48064800
[    1.968743] ehci-omap 48064800.ehci: USB 2.0 started, EHCI 1.00
[    1.977172] hub 1-0:1.0: USB hub found
[    1.981355] hub 1-0:1.0: 3 ports detected
[    1.987232] ehci-orion: EHCI orion driver
[    1.992069] SPEAr-ehci: EHCI SPEAr driver
[    1.996732] ehci-st: EHCI STMicroelectronics driver
[    2.002259] ehci-exynos: EHCI EXYNOS driver
[    2.007057] tegra-ehci: Tegra EHCI driver
[    2.011665] ohci_hcd: USB 1.1 'Open' Host Controller (OHCI) Driver
[    2.018303] ohci-pci: OHCI PCI platform driver
[    2.023238] ohci-platform: OHCI generic platform driver
[    2.029159] ohci-omap3: OHCI OMAP3 driver
[    2.033945] ohci-omap3 48064400.ohci: OHCI Host Controller
[    2.039868] ohci-omap3 48064400.ohci: new USB bus registered, assigned bus number 2
[    2.048390] ohci-omap3 48064400.ohci: irq 92, io mem 0x48064400
[    2.130649] hub 2-0:1.0: USB hub found
[    2.134831] hub 2-0:1.0: 3 ports detected
[    2.140494] SPEAr-ohci: OHCI SPEAr driver
[    2.145325] ohci-st: OHCI STMicroelectronics driver
[    2.151229] usbcore: registered new interface driver usb-storage
[    2.161692] mousedev: PS/2 mouse device common for all mice
[    2.175447] i2c /dev entries driver
[    2.183882] usbcore: registered new interface driver uvcvideo
[    2.190012] USB Video Class driver (1.1.1)
[    2.194391] gspca_main: v2.14.0 registered
[    2.206784] Driver 'mmcblk' needs updating - please use bus_type methods
[    2.214153] sdhci: Secure Digital Host Controller Interface driver
[    2.220722] sdhci: Copyright(c) Pierre Ossman
[    2.228025] omap_hsmmc 4809c000.mmc: unable to get vmmc regulator -517
[    2.235186] platform 4809c000.mmc: Driver omap_hsmmc requests probe deferral
[    2.244142] Synopsys Designware Multimedia Card Interface Driver
[    2.252524] sdhci-pltfm: SDHCI platform and OF driver helper
[    2.261568] ledtrig-cpu: registered to indicate activity on CPUs
[    2.268613] usbcore: registered new interface driver usbhid
[    2.274566] usbhid: USB HID core driver
[    2.286348] usbcore: registered new interface driver snd-usb-audio
[    2.299567] NET: Registered protocol family 17
[    2.304410] can: controller area network core (rev 20120528 abi 9)
[    2.311165] NET: Registered protocol family 29
[    2.315936] can: raw protocol (rev 20120528)
[    2.320509] can: broadcast manager protocol (rev 20120528 t)
[    2.326555] can: netlink gateway (rev 20130117) max_hops=1
[    2.333431] Key type dns_resolver registered
[    2.338485] omap2_set_init_voltage: unable to find boot up OPP for vdd_mpu_iva
[    2.346183] omap2_set_init_voltage: unable to set vdd_mpu_iva
[    2.352315] omap2_set_init_voltage: unable to find boot up OPP for vdd_core
[    2.359700] omap2_set_init_voltage: unable to set vdd_core
[    2.366768] cpu cpu0: dev_pm_opp_get_opp_count: device OPP not found (-19)
[    2.374497] PM: no software I/O chain control; some wakeups may be lost
[    2.381559] pm: Failed to request pm_wkup irq
[    2.386277] ThumbEE CPU extension supported.
[    2.390872] Registering SWP/SWPB emulation handler
[    2.407484] vrtc: supplied by vbat
[    2.413346] vio: supplied by vbat
[    2.419198] vdd_core: supplied by vbat
[    2.425858] vdd_shv: supplied by vbat
[    2.432382] vdig1: supplied by vbat
[    2.437671] vdig2: supplied by vbat
[    2.443191] vpll: supplied by vbat
[    2.448698] vdac: supplied by vbat
[    2.454200] vaux1: supplied by vbat
[    2.459691] vaux2: supplied by vbat
[    2.465029] vaux33: supplied by vbat
[    2.470675] vmmc: supplied by vbat
[    2.476006] vbb: supplied by vbat
[    2.489817] tps65910-rtc tps65910-rtc: rtc core: registered tps65910-rtc as rtc0
[    2.501900] vdd_shv: operation not allowed
[    2.506390] omap_hsmmc 4809c000.mmc: could not set regulator OCR (-1)
[    2.513605] vdd_shv: operation not allowed
[    2.518004] omap_hsmmc 4809c000.mmc: could not set regulator OCR (-1)
[    2.559029] tps65910-rtc tps65910-rtc: setting system clock to 2015-03-01 21:00:44 UTC (1425243644)
[    2.616596] mmc0: host does not support reading read-only switch, assuming write-enable
[    2.627724] mmc0: new high speed SDHC card at address 1234
[    2.634660] mmcblk0: mmc0:1234 SA04G 3.63 GiB 
[    2.642325]  mmcblk0: p1 p2
[   14.649720] ALSA device list:
[   14.652872]   No soundcards found.
[   14.660646] EXT4-fs (mmcblk0p2): mounting ext3 file system using the ext4 subsystem
[   14.693495] EXT4-fs (mmcblk0p2): mounted filesystem with ordered data mode. Opts: (null)
[   14.702226] VFS: Mounted root (ext3 filesystem) on device 179:2.
[   14.720206] devtmpfs: mounted
[   14.725812] Freeing unused kernel memory: 800K (c0d1e000 - c0de6000)
INIT: version 2.88 booting
Error opening /dev/fb0: No such file or directory
/dev/ttyO2 linked to /dev/tty-bd - using as console
Starting udev
[   15.786906] udevd[93]: starting version 182
udevd[93]: worker [104] terminated by signal 11 (Segmentation fault)
udevd[93]: worker [104] failed while handling '/devices/platform/68000000.ocp/48002270.tisyscon'
udevd[93]: worker [105] terminated by signal 11 (Segmentation fault)
udevd[93]: worker [105] failed while handling '/devices/platform/68000000.ocp/48002a00.pinmux'
udevd[93]: worker [106] terminated by signal 11 (Segmentation fault)
udevd[93]: worker [106] failed while handling '/devices/platform/68000000.ocp/48004000.cm'
udevd[93]: worker [107] terminated by signal 11 (Segmentation fault)
udevd[93]: worker [107] failed while handling '/devices/platform/68000000.ocp/48056000.dma-controller'
udevd[93]: worker [108] terminated by signal 11 (Segmentation fault)
udevd[93]: worker [108] failed while handling '/devices/platform/68000000.ocp/48056000.dma-controller/dma/dma0chan100'
udevd[93]: worker [109] terminated by signal 11 (Segmentation fault)
udevd[93]: worker [109] failed while handling '/devices/platform/68000000.ocp/48056000.dma-controller/dma/dma0chan101'
udevd[93]: worker [110] terminated by signal 11 (Segmentation fault)
udevd[93]: worker [110] failed while handling '/devices/platform/68000000.ocp/48056000.dma-controller/dma/dma0chan102'
udevd[93]: worker [112] terminated by signal 11 (Segmentation fault)
udevd[93]: worker [112] failed while handling '/devices/platform/68000000.ocp/48056000.dma-controller/dma/dma0chan104'
udevd[93]: worker [113] terminated by signal 11 (Segmentation fault)
udevd[93]: worker [113] failed while handling '/devices/platform/68000000.ocp/48056000.dma-controller/dma/dma0chan105'
udevd[93]: worker [114] terminated by signal 11 (Segmentation fault)
udevd[93]: worker [114] failed while handling '/devices/platform/68000000.ocp/48056000.dma-controller/dma/dma0chan106'
udevd[93]: worker [115] terminated by signal 11 (Segmentation fault)
udevd[93]: worker [115] failed while handling '/devices/platform/68000000.ocp/48056000.dma-controller/dma/dma0chan107'
udevd[93]: worker [116] terminated by signal 11 (Segmentation fault)
udevd[93]: worker [116] failed while handling '/devices/platform/68000000.ocp/48056000.dma-controller/dma/dma0chan108'
udevd[93]: worker [117] terminated by signal 11 (Segmentation fault)
udevd[93]: worker [117] failed while handling '/devices/platform/68000000.ocp/48056000.dma-controller/dma/dma0chan109'
udevd[93]: worker [118] terminated by signal 11 (Segmentation fault)
udevd[93]: worker [118] failed while handling '/devices/platform/68000000.ocp/48056000.dma-controller/dma/dma0chan11'
udevd[93]: worker [119] terminated by signal 11 (Segmentation fault)
udevd[93]: worker [119] failed while handling '/devices/platform/68000000.ocp/48056000.dma-controller/dma/dma0chan110'
udevd[93]: worker [120] terminated by signal 11 (Segmentation fault)
udevd[93]: worker [120] failed while handling '/devices/platform/68000000.ocp/48056000.dma-controller/dma/dma0chan111'
udevd[93]: worker [121] terminated by signal 11 (Segmentation fault)
udevd[93]: worker [121] failed while handling '/devices/platform/68000000.ocp/48056000.dma-controller/dma/dma0chan112'
udevd[93]: worker [122] terminated by signal 11 (Segmentation fault)
udevd[93]: worker [122] failed while handling '/devices/platform/68000000.ocp/48056000.dma-controller/dma/dma0chan113'
udevd[93]: worker [123] terminated by signal 11 (Segmentation fault)
udevd[93]: worker [123] failed while handling '/devices/platform/68000000.ocp/48056000.dma-controller/dma/dma0chan114'
udevd[93]: worker [124] terminated by signal 11 (Segmentation fault)
udevd[93]: worker [124] failed while handling '/devices/platform/68000000.ocp/48056000.dma-controller/dma/dma0chan115'
udevd[93]: worker [125] terminated by signal 11 (Segmentation fault)
udevd[93]: worker [125] failed while handling '/devices/platform/68000000.ocp/48056000.dma-controller/dma/dma0chan116'
udevd[93]: worker [126] terminated by signal 11 (Segmentation fault)
udevd[93]: worker [126] failed while handling '/devices/platform/68000000.ocp/48056000.dma-controller/dma/dma0chan117'
udevd[93]: worker [127] terminated by signal 11 (Segmentation fault)
udevd[93]: worker [127] failed while handling '/devices/platform/68000000.ocp/48056000.dma-controller/dma/dma0chan118'
udevd[93]: worker [128] terminated by signal 11 (Segmentation fault)
udevd[93]: worker [128] failed while handling '/devices/platform/68000000.ocp/48056000.dma-controller/dma/dma0chan119'
udevd[93]: worker [129] terminated by signal 11 (Segmentation fault)
udevd[93]: worker [129] failed while handling '/devices/platform/68000000.ocp/48056000.dma-controller/dma/dma0chan12'
udevd[93]: worker [130] terminated by signal 11 (Segmentation fault)
udevd[93]: worker [130] failed while handling '/devices/platform/68000000.ocp/48056000.dma-controller/dma/dma0chan120'
udevd[93]: worker [131] terminated by signal 11 (Segmentation fault)
udevd[93]: worker [131] failed while handling '/devices/platform/68000000.ocp/48056000.dma-controller/dma/dma0chan121'
udevd[93]: worker [132] terminated by signal 11 (Segmentation fault)
udevd[93]: worker [132] failed while handling '/devices/platform/68000000.ocp/48056000.dma-controller/dma/dma0chan122'
udevd[93]: worker [133] terminated by signal 11 (Segmentation fault)
udevd[93]: worker [133] failed while handling '/devices/platform/68000000.ocp/48056000.dma-controller/dma/dma0chan123'
udevd[93]: worker [134] terminated by signal 11 (Segmentation fault)
udevd[93]: worker [134] failed while handling '/devices/platform/68000000.ocp/48056000.dma-controller/dma/dma0chan124'
udevd[93]: worker [135] terminated by signal 11 (Segmentation fault)
udevd[93]: worker [135] failed while handling '/devices/platform/68000000.ocp/48056000.dma-controller/dma/dma0chan125'
udevd[93]: worker [136] terminated by signal 11 (Segmentation fault)
udevd[93]: worker [136] failed while handling '/devices/platform/68000000.ocp/48056000.dma-controller/dma/dma0chan126'
udevd[93]: worker [137] terminated by signal 11 (Segmentation fault)
udevd[93]: worker [137] failed while handling '/devices/platform/68000000.ocp/48056000.dma-controller/dma/dma0chan13'
udevd[93]: worker [138] terminated by signal 11 (Segmentation fault)
udevd[93]: worker [138] failed while handling '/devices/platform/68000000.ocp/48056000.dma-controller/dma/dma0chan14'
udevd[93]: worker [139] terminated by signal 11 (Segmentation fault)
udevd[93]: worker [139] failed while handling '/devices/platform/68000000.ocp/48056000.dma-controller/dma/dma0chan15'
udevd[93]: worker [140] terminated by signal 11 (Segmentation fault)
udevd[93]: worker [140] failed while handling '/devices/platform/68000000.ocp/48056000.dma-controller/dma/dma0chan16'
udevd[93]: worker [141] terminated by signal 11 (Segmentation fault)
udevd[93]: worker [141] failed while handling '/devices/platform/68000000.ocp/48056000.dma-controller/dma/dma0chan17'
udevd[93]: worker [142] terminated by signal 11 (Segmentation fault)
udevd[93]: worker [142] failed while handling '/devices/platform/68000000.ocp/48056000.dma-controller/dma/dma0chan18'
udevd[93]: worker [143] terminated by signal 11 (Segmentation fault)
udevd[93]: worker [143] failed while handling '/devices/platform/68000000.ocp/48056000.dma-controller/dma/dma0chan19'
udevd[93]: worker [144] terminated by signal 11 (Segmentation fault)
udevd[93]: worker [144] failed while handling '/devices/platform/68000000.ocp/48056000.dma-controller/dma/dma0chan2'
udevd[93]: worker [145] terminated by signal 11 (Segmentation fault)
udevd[93]: worker [145] failed while handling '/devices/platform/68000000.ocp/48056000.dma-controller/dma/dma0chan20'
udevd[93]: worker [146] terminated by signal 11 (Segmentation fault)
udevd[93]: worker [146] failed while handling '/devices/platform/68000000.ocp/48056000.dma-controller/dma/dma0chan21'
udevd[93]: worker [147] terminated by signal 11 (Segmentation fault)
udevd[93]: worker [147] failed while handling '/devices/platform/68000000.ocp/48056000.dma-controller/dma/dma0chan22'
udevd[93]: worker [148] terminated by signal 11 (Segmentation fault)
udevd[93]: worker [148] failed while handling '/devices/platform/68000000.ocp/48056000.dma-controller/dma/dma0chan23'
udevd[93]: worker [149] terminated by signal 11 (Segmentation fault)
udevd[93]: worker [149] failed while handling '/devices/platform/68000000.ocp/48056000.dma-controller/dma/dma0chan24'
udevd[93]: worker [150] terminated by signal 11 (Segmentation fault)
udevd[93]: worker [150] failed while handling '/devices/platform/68000000.ocp/48056000.dma-controller/dma/dma0chan25'
udevd[93]: worker [151] terminated by signal 11 (Segmentation fault)
udevd[93]: worker [151] failed while handling '/devices/platform/68000000.ocp/48056000.dma-controller/dma/dma0chan26'
udevd[93]: worker [152] terminated by signal 11 (Segmentation fault)
udevd[93]: worker [152] failed while handling '/devices/platform/68000000.ocp/48056000.dma-controller/dma/dma0chan27'
udevd[93]: worker [153] terminated by signal 11 (Segmentation fault)
udevd[93]: worker [153] failed while handling '/devices/platform/68000000.ocp/48056000.dma-controller/dma/dma0chan28'
udevd[93]: worker [154] terminated by signal 11 (Segmentation fault)
udevd[93]: worker [154] failed while handling '/devices/platform/68000000.ocp/48056000.dma-controller/dma/dma0chan29'
udevd[93]: worker [155] terminated by signal 11 (Segmentation fault)
udevd[93]: worker [155] failed while handling '/devices/platform/68000000.ocp/48056000.dma-controller/dma/dma0chan3'
udevd[93]: worker [156] terminated by signal 11 (Segmentation fault)
udevd[93]: worker [156] failed while handling '/devices/platform/68000000.ocp/48056000.dma-controller/dma/dma0chan30'
udevd[93]: worker [158] terminated by signal 11 (Segmentation fault)
udevd[93]: worker [158] failed while handling '/devices/platform/68000000.ocp/48056000.dma-controller/dma/dma0chan31'
ERROR: could not open directory /lib/modules/4.0.0-rc3-next-20150310-00002-gcf5af6388b49: No such file or directory
WARNING: -e needs -E or -F
ERROR: could not open directory /lib/modules/4.0.0-rc3-next-20150310-00002-gcf5af6388b49: No such file or directory
FATAL: could not search modules: No such file or directory
Starting Bootlog daemon: bootlogd.
[   17.732449] EXT4-fs (mmcblk0p2): re-mounted. Opts: data=ordered
[   17.845809] random: dd urandom read with 60 bits of entropy available
ALSA: Restoring mixer settings...
/usr/sbin/alsactl: load_state:1696: No soundcards found...
Configuring network interfaces... ifconfig: SIOCGIFFLAGS: No such device
done.
INIT: Entering runlevel: 3
/dev/ttyO2 linked to /dev/tty-bd - using as console
Starting system message bus: dbus.
Starting Dropbear SSH server: dropbear.
Starting telnet daemon.
Starting syslogd/klogd: done
Starting thttpd.
Starting Lighttpd Web Server: lighttpd.
2015-03-01 21:01:02: (log.c.166) server started 
***************************************************************
***************************************************************
NOTICE: This file system contains the followin GPLv3 packages:
	binutils-symlinks
	binutils
	gdbserver
	parted
If you do not wish to distribute GPLv3 components please remove
the above packages prior to distribution.  Thi[   22.365811] random: nonblocking pool is initialized
s can be done using
the opkg remove command.  i.e.:
    opkg remove <package>
Where <package> is the name printed in the list above
NOTE: If the package is a dependency of another package you
      will be notified of the dependent packages.  You should
      use the --force-removal-of-dependent-packages option to
      also remove the dependent packages as well
***************************************************************
***************************************************************
Stopping Bootlog daemon: bootlogd.
 _____                    _____           _         _   
|  _  |___ ___ ___ ___   |  _  |___ ___  |_|___ ___| |_ 
|     |  _| .'| . | . |  |   __|  _| . | | | -_|  _|  _|
|__|__|_| |__,|_  |___|  |__|  |_| |___|_| |___|___|_|  
              |___|                    |___|            
Arago Project http://arago-project.org GenericAM3517(FlattenedDeviceTree) tty-bd
Arago 2013.12 GenericAM3517(FlattenedDeviceTree) tty-bd
GenericAM3517(FlattenedDeviceTree) login: 
- 12:04:06 [INFO] Host: root
- 12:04:06 [INFO] Target: 
root
root@GenericAM3517(FlattenedDeviceTree):~# 
- 12:04:06 [INFO] Host: uname -a
- 12:04:07 [INFO] Target: 
uname -a
Linux GenericAM3517(FlattenedDeviceTree) 4.0.0-rc3-next-20150310-00002-gcf5af6388b49 #1 SMP Tue Mar 10 11:58:17 CDT 2015 armv7l GNU/Linux
root@GenericAM3517(FlattenedDeviceTree):~# 
- 12:04:07 [INFO] Host: cat /proc/cmdline
- 12:04:07 [INFO] Target: 
cat /proc/cmdline
console=ttyO2,115200n8 earlyprintk rootwait nohlt ip=dhcp root=/dev/mmcblk0p2 rw rootfstype=ext3 rootwait
root@GenericAM3517(FlattenedDeviceTree):~# 
- 12:04:07 [INFO] Host: uname -a
- 12:04:08 [INFO] Target: 
uname -a
Linux GenericAM3517(FlattenedDeviceTree) 4.0.0-rc3-next-20150310-00002-gcf5af6388b49 #1 SMP Tue Mar 10 11:58:17 CDT 2015 armv7l GNU/Linux
root@GenericAM3517(FlattenedDeviceTree):~# 
- 12:04:08 [INFO] Host: cat /proc/mtd
- 12:04:08 [INFO] Target: 
cat /proc/mtd
dev:    size   erasesize  name
root@GenericAM3517(FlattenedDeviceTree):~# 
- 12:04:17 [INFO] Host: export IPERFHOST=192.168.1.254
- 12:04:17 [INFO] Target: 
export IPERFHOST=192.168.1.254
root@GenericAM3517(FlattenedDeviceTree):~# 
- 12:04:17 [INFO] Host: export NFS_SERVER=192.168.1.254
- 12:04:18 [INFO] Target: 
export NFS_SERVER=192.168.1.254
root@GenericAM3517(FlattenedDeviceTree):~# 
- 12:04:18 [INFO] Host: export NFS_ROOT_PATH=/usr/workdir/filesys/linux/crane
- 12:04:18 [INFO] Target: 
export NFS_ROOT_PATH=/usr/workdir/fil 
esys/linux/crane
root@GenericAM3517(FlattenedDeviceTree):~# 
- 12:04:18 [INFO] Host: mkdir -p -m 777 /test
- 12:04:19 [INFO] Target: 
mkdir -p -m 777 /test
root@GenericAM3517(FlattenedDeviceTree):~# 
- 12:04:19 [INFO] Host: cd /test
- 12:04:19 [INFO] Target: 
cd /test
root@GenericAM3517(FlattenedDeviceTree):/test# 
- 12:04:19 [INFO] Host: cat > test.sh << EOF
- 12:04:20 [INFO] Target: 
cat > test.sh << EOF
- 12:04:20 [INFO] Host: failtest() {
- 12:04:20 [INFO] Target: 
failtest() {
- 12:04:20 [INFO] Host:   echo 1 >&3
- 12:04:21 [INFO] Target: 
  echo 1 >&3
- 12:04:21 [INFO] Host: }
- 12:04:21 [INFO] Target: 
- 12:04:21 [INFO] Host: timeout=600
- 12:04:22 [INFO] Target: 
timeout=600
- 12:04:22 [INFO] Host: 
- 12:04:22 [INFO] Target: 
- 12:04:22 [INFO] Host: # Start of user's script logic
- 12:04:23 [INFO] Target: 
# Start of user's script logic
- 12:04:23 [INFO] Host: 
- 12:04:23 [INFO] Target: 
- 12:04:23 [INFO] Host: 
- 12:04:24 [INFO] Target: 
- 12:04:24 [INFO] Host: mount -t proc proc /proc 2>/dev/null;
- 12:04:24 [INFO] Target: 
mount -t proc proc /proc 2>/dev/null;
- 12:04:24 [INFO] Host: 
- 12:04:25 [INFO] Target: 
- 12:04:25 [INFO] Host: mount -t sysfs sys /sys 2>/dev/null;
- 12:04:26 [INFO] Target: 
mount -t sysfs sys /sys 2>/dev/null;
- 12:04:26 [INFO] Host: 
- 12:04:26 [INFO] Target: 
- 12:04:26 [INFO] Host: mount -t debugfs none /sys/kernel/debug 2>/dev/null;
- 12:04:27 [INFO] Target: 
mount -t debugfs none /sys/kernel/debug 2>/dev/null;
- 12:04:27 [INFO] Host: 
- 12:04:27 [INFO] Target: 
- 12:04:27 [INFO] Host: echo 'cpuinfo:';cat /proc/cpuinfo; echo '=======';
- 12:04:28 [INFO] Target: 
echo 'cpuinfo:';cat /proc/cpuinfo; echo '=======';
- 12:04:28 [INFO] Host: 
- 12:04:28 [INFO] Target: 
- 12:04:28 [INFO] Host: echo 'soc info:';head /sys/devices/soc0/* 2>/dev/null; echo '=======';
- 12:04:29 [INFO] Target: 
echo 'soc info:';head /sys/devices/soc0/* 2>/dev/null; echo '=======';
- 12:04:29 [INFO] Host: 
- 12:04:29 [INFO] Target: 
- 12:04:29 [INFO] Host: echo 'DT Model info'; head /proc/device-tree/name /proc/device-tree/model /proc/device-tree/compatible 2>/dev/null;echo; echo '=======';
- 12:04:30 [INFO] Target: 
echo 'DT Model info'; head /proc/device-tree/name /proc/device-tree/model /pro 
c/device-tree/compatible 2>/dev/null;echo; echo '=======';
- 12:04:30 [INFO] Host: 
- 12:04:30 [INFO] Target: 
- 12:04:30 [INFO] Host: echo 'interrupts:';cat /proc/interrupts; echo '=======';
- 12:04:31 [INFO] Target: 
echo 'interrupts:';cat /proc/interrupts; echo '=======';
- 12:04:31 [INFO] Host: 
- 12:04:31 [INFO] Target: 
- 12:04:31 [INFO] Host: echo 'Clk_summary:';cat /sys/kernel/debug/clk/clk_summary; echo '=======';
- 12:04:32 [INFO] Target: 
echo 'Clk_summary:';cat /sys/kernel/debug/clk/clk_summary; echo '=======';
- 12:04:32 [INFO] Host: 
- 12:04:32 [INFO] Target: 
- 12:04:32 [INFO] Host: echo 'Orphan Clks:';ls /sys/kernel/debug/clk/orphans/; echo '=======';
- 12:04:33 [INFO] Target: 
echo 'Orphan Clks:';ls /sys/kernel/debug/clk/orphans/; echo '=======';
- 12:04:33 [INFO] Host: 
- 12:04:33 [INFO] Target: 
- 12:04:33 [INFO] Host: echo "Available frequencies"; cat /sys/devices/system/cpu/cpu0/cpufreq/scaling_available_frequencies 2>/dev/null;echo '=======';
- 12:04:34 [INFO] Target: 
echo "Available frequencies"; cat /sys/devices/system/cpu/cpu0/cpufreq/scaling 
_available_frequencies 2>/dev/null;echo '=======';
- 12:04:34 [INFO] Host: 
- 12:04:34 [INFO] Target: 
- 12:04:34 [INFO] Host: echo 'H''ello World' 'B''oard Booted';
- 12:04:35 [INFO] Target: 
echo 'H''ello World' 'B''oard Booted';
- 12:04:35 [INFO] Host: 
- 12:04:35 [INFO] Target: 
- 12:04:35 [INFO] Host: EOF
- 12:04:36 [INFO] Target: 
root@GenericAM3517(FlattenedDeviceTree):/test# 
- 12:04:36 [INFO] Host: cd /test
- 12:04:36 [INFO] Target: 
cd /test
root@GenericAM3517(FlattenedDeviceTree):/test# 
- 12:04:36 [INFO] Host: chmod +x test.sh
- 12:04:37 [INFO] Target: 
chmod +x test.sh
root@GenericAM3517(FlattenedDeviceTree):/test# 
- 12:04:37 [INFO] Host: ./test.sh 2> stderr.log > stdout.log 3> result.log
- 12:04:37 [INFO] Target: 
./test.sh 2> stderr.log > stdout. 
log 3> result.log
root@GenericAM3517(FlattenedDeviceTree):/test# 
- 12:04:37 [INFO] Host: echo $?
- 12:04:38 [INFO] Target: 
echo $?
root@GenericAM3517(FlattenedDeviceTree):/test# 
- 12:04:38 [INFO] Host: cd /test
- 12:04:38 [INFO] Target: 
cd /test
root@GenericAM3517(FlattenedDeviceTree):/test# 
- 12:04:38 [INFO] Host: cat stdout.log
- 12:04:40 [INFO] Target: 
cat stdout.log
cpuinfo:
processor	: 0
model name	: ARMv7 Processor rev 7 (v7l)
BogoMIPS	: 496.43
Features	: half thumb fastmult vfp edsp thumbee neon vfpv3 tls vfpd32 
CPU implementer	: 0x41
CPU architecture: 7
CPU variant	: 0x1
CPU part	: 0xc08
CPU revision	: 7
Hardware	: Generic AM3517 (Flattened Device Tree)
Revision	: 0000
Serial		: 0000000000000000
=======
soc info:
==> /sys/devices/soc0/family <==
OMAP3
==> /sys/devices/soc0/machine <==
AM3517
==> /sys/devices/soc0/power <==
==> /sys/devices/soc0/revision <==
ES1.1
==> /sys/devices/soc0/subsystem <==
==> /sys/devices/soc0/type <==
==> /sys/devices/soc0/uevent <==
=======
DT Model info
==> /proc/device-tree/name <==
==> /proc/device-tree/model <==
TI AM3517 CraneBoard (TMDSEVM3517)
==> /proc/device-tree/compatible <==
ti,am3517-craneboardti,am3517ti,omap3
=======
interrupts:
           CPU0       
 23:          0      INTC   7  tps65910
 25:          0      INTC   9  l3-debug-irq
 26:          1      INTC  10  l3-app-irq
 28:          0      INTC  12  DMA
 29:       1774      INTC  13  omap-dma-engine
 36:          0      INTC  20  gpmc
 54:       2030      INTC  38  gp_timer
 72:        350      INTC  56  48070000.i2c
 90:       5299      INTC  74  OMAP UART2
 92:          1      INTC  76  ohci_hcd:usb2
 93:          0      INTC  77  ehci_hcd:usb1
 99:       3223      INTC  83  mmc0
312:          0  tps65910   6  tps65910-rtc
IPI0:          0  CPU wakeup interrupts
IPI1:          0  Timer broadcast interrupts
IPI2:          0  Rescheduling interrupts
IPI3:          0  Function call interrupts
IPI4:          0  Single function call interrupts
IPI5:          0  CPU stop interrupts
IPI6:          0  IRQ work interrupts
IPI7:          0  completion interrupts
Err:          0
=======
Clk_summary:
   clock                         enable_cnt  prepare_cnt        rate   accuracy   phase
----------------------------------------------------------------------------------------
 pclk_ck                                  0            0    27000000          0 0  
    vpfe_fck                              0            0    27000000          0 0  
 rmii_ck                                  1            1    50000000          0 0  
    emac_fck                              2            2    50000000          0 0  
 secure_32k_fck                           0            1       32768          0 0  
    wdt1_fck                              0            0       32768          0 0  
    gpt12_fck                             0            1       32768          0 0  
 dummy_ck                                 0            0           0          0 0  
 mcbsp_clks                               0            5           0          0 0  
 sys_altclk                               0            0           0          0 0  
 virt_38_4m_ck                            0            0    38400000          0 0  
 virt_26000000_ck                         1            1    26000000          0 0  
    osc_sys_ck                            1            1    26000000          0 0  
       sys_clkout1                        0            0    26000000          0 0  
       sys_ck                             6           17    13000000          0 0  
          gpt9_fck                        0            1    13000000          0 0  
          gpt8_fck                        0            1    13000000          0 0  
          gpt7_fck                        0            1    13000000          0 0  
          gpt6_fck                        0            1    13000000          0 0  
          gpt5_fck                        0            1    13000000          0 0  
          gpt4_fck                        0            1    13000000          0 0  
          gpt3_fck                        0            1    13000000          0 0  
          gpt2_fck                        1            1    13000000          0 0  
          gpt1_fck                        1            1    13000000          0 0  
          hecc_ck                         0            0    13000000          0 0  
          hsotgusb_fck_am35xx             0            1    13000000          0 0  
          cpefuse_fck                     0            0    13000000          0 0  
          dpll5_ck                        1            1   120000000          0 0  
             dpll5_m2_ck                  1            1   120000000          0 0  
                usbhost_120m_fck           0            0   120000000          0 0  
                usbtll_fck                1            1   120000000          0 0  
          traceclk_src_fck                0            0    13000000          0 0  
             traceclk_fck                 0            0    13000000          0 0  
          emu_src_mux_ck                  0            1    13000000          0 0  
             emu_src_ck                   0            1    13000000          0 0  
                atclk_fck                 0            0    13000000          0 0  
                pclkx2_fck                0            0    13000000          0 0  
                pclk_fck                  0            0     6500000          0 0  
          dss2_alwon_fck                  0            2    13000000          0 0  
          dpll1_ck                        0            1   500000000          0 0  
             dpll1_x2_ck                  0            1  1000000000          0 0  
                dpll1_x2m2_ck             0            1  1000000000          0 0  
                   mpu_ck                 0            1  1000000000          0 0  
                      emu_mpu_alwon_ck           0            0  1000000000          0 0  
                      arm_fck             0            1   500000000          0 0  
          dpll3_ck                        1            1   332000000          0 0  
             dpll3_x2_ck                  0            0   664000000          0 0  
             dpll3_m2_ck                  1            1   332000000          0 0  
                dpll3_m2x2_ck             0            0   664000000          0 0  
                   corex2_fck             0            0   664000000          0 0  
                      corex2_d5_fck           0            0   132800000          0 0  
                      corex2_d3_fck           0            0   221333333          0 0  
                core_ck                   1            1   332000000          0 0  
                   core_d2_ck             0            0   166000000          0 0  
                   core_d6_ck             0            0    55333333          0 0  
                   core_d4_ck             0            0    83000000          0 0  
                   core_d3_ck             0            0   110666666          0 0  
                      sgx_fck             0            0   110666666          0 0  
                   l3_ick                 2            2   166000000          0 0  
                      sgx_ick             0            0   166000000          0 0  
                      core_l3_ick           6            7   166000000          0 0  
                         ipss_ick           2            2   166000000          0 0  
                            hsotgusb_ick_am35xx           2            2   166000000          0 0  
                            vpfe_ick           0            0   166000000          0 0  
                            emac_ick           2            2   166000000          0 0  
                         gpmc_fck           2            2   166000000          0 0  
                         sdrc_ick           1            1   166000000          0 0  
                      l4_ick              4            4    83000000          0 0  
                         usbhost_ick           1            1    83000000          0 0  
                         dss_ick_3430es2           4            6    83000000          0 0  
                         per_l4_ick          13           18    83000000          0 0  
                            mcbsp4_ick           2            2    83000000          0 0  
                            mcbsp3_ick           2            2    83000000          0 0  
                            mcbsp2_ick           1            1    83000000          0 0  
                            gpt2_ick           1            1    83000000          0 0  
                            gpt3_ick           1            1    83000000          0 0  
                            gpt4_ick           1            1    83000000          0 0  
                            gpt5_ick           1            1    83000000          0 0  
                            gpt6_ick           1            1    83000000          0 0  
                            gpt7_ick           1            1    83000000          0 0  
                            gpt8_ick           1            1    83000000          0 0  
                            gpt9_ick           1            1    83000000          0 0  
                            uart4_ick           1            1    83000000          0 0  
                            uart3_ick           1            1    83000000          0 0  
                            wdt3_ick           0            0    83000000          0 0  
                            gpio2_ick           0            1    83000000          0 0  
                            gpio3_ick           0            1    83000000          0 0  
                            gpio4_ick           0            1    83000000          0 0  
                            gpio5_ick           0            1    83000000          0 0  
                            gpio6_ick           0            1    83000000          0 0  
                         core_l4_ick          19           20    83000000          0 0  
                            mmchs3_ick           1            1    83000000          0 0  
                            usbtll_ick           1            1    83000000          0 0  
                            uart4_ick_am35xx           0            0    83000000          0 0  
                            sha12_ick           0            0    83000000          0 0  
                            aes2_ick           0            0    83000000          0 0  
                            omapctrl_ick           1            1    83000000          0 0  
                            mcbsp1_ick           1            1    83000000          0 0  
                            mcbsp5_ick           1            1    83000000          0 0  
                            gpt10_ick           1            1    83000000          0 0  
                            gpt11_ick           1            1    83000000          0 0  
                            uart1_ick           1            1    83000000          0 0  
                            uart2_ick           1            1    83000000          0 0  
                            i2c1_ick           1            1    83000000          0 0  
                            i2c2_ick           1            1    83000000          0 0  
                            i2c3_ick           1            1    83000000          0 0  
                            mcspi1_ick           1            1    83000000          0 0  
                            mcspi2_ick           1            1    83000000          0 0  
                            mcspi3_ick           1            1    83000000          0 0  
                            mcspi4_ick           1            1    83000000          0 0  
                            hdq_ick           0            1    83000000          0 0  
                            mmchs1_ick           1            1    83000000          0 0  
                            mmchs2_ick           1            1    83000000          0 0  
                         rm_ick           0            0    41500000          0 0  
                   dpll1_fck              0            0   166000000          0 0  
             dpll3_m3_ck                  0            0   166000000          0 0  
                dpll3_m3x2_mul_ck           0            0   332000000          0 0  
                   dpll3_m3x2_ck           0            0   332000000          0 0  
                      emu_core_alwon_ck           0            0   332000000          0 0  
          dpll4_ck                        1            3   432000000          0 0  
             dpll4_x2_ck                  0            0   864000000          0 0  
             dpll4_m6_ck                  0            0   144000000          0 0  
                dpll4_m6x2_mul_ck           0            0   288000000          0 0  
                   dpll4_m6x2_ck           0            0   288000000          0 0  
                      emu_per_alwon_ck           0            0   288000000          0 0  
             dpll4_m5_ck                  0            0   108000000          0 0  
                dpll4_m5x2_mul_ck           0            0   216000000          0 0  
                   dpll4_m5x2_ck           0            0   216000000          0 0  
             dpll4_m4_ck                  0            1   216000000          0 0  
                dpll4_m4x2_mul_ck           0            1   432000000          0 0  
                   dpll4_m4x2_ck           0            1   432000000          0 0  
                      dss1_alwon_fck_3430es2           0            4   432000000          0 0  
             dpll4_m3_ck                  0            1    27000000          0 0  
                dpll4_m3x2_mul_ck           0            1    54000000          0 0  
                   dpll4_m3x2_ck           0            1    54000000          0 0  
                      omap_54m_fck           0            1    54000000          0 0  
                         clkout2_src_ck           0            0    54000000          0 0  
                            sys_clkout2           0            0    54000000          0 0  
                         dss_tv_fck           0            2    54000000          0 0  
             dpll4_m2_ck                  1            1    48000000          0 0  
                dpll4_m2x2_mul_ck           1            1    96000000          0 0  
                   dpll4_m2x2_ck           1            1    96000000          0 0  
                      omap_192m_alwon_fck           0            0    96000000          0 0  
                      omap_96m_alwon_fck           1            2    96000000          0 0  
                         per_96m_fck           0            6    96000000          0 0  
                            mcbsp4_fck           0            1    96000000          0 0  
                            mcbsp3_fck           0            2    96000000          0 0  
                            mcbsp2_fck           0            2    96000000          0 0  
                         cm_96m_fck           1            2    96000000          0 0  
                            cm_96m_d2_fck           1            1    48000000          0 0  
                               omap_48m_fck           3            4    48000000          0 0  
                                  usbhost_48m_fck           1            1    48000000          0 0  
                                  per_48m_fck           1            1    48000000          0 0  
                                     uart3_fck           1            1    48000000          0 0  
                                  core_48m_fck           2            7    48000000          0 0  
                                     uart4_fck_am35xx           0            1    48000000          0 0  
                                     uart1_fck           1            2    48000000          0 0  
                                     uart2_fck           1            1    48000000          0 0  
                                     mcspi1_fck           0            1    48000000          0 0  
                                     mcspi2_fck           0            1    48000000          0 0  
                                     mcspi3_fck           0            1    48000000          0 0  
                                     mcspi4_fck           0            1    48000000          0 0  
                                  omap_12m_fck           0            1    12000000          0 0  
                                     core_12m_fck           0            1    12000000          0 0  
                                        hdq_fck             0            1    12000000          0 0  
                            omap_96m_fck           0            2    96000000          0 0  
                               dss_96m_fck           0            2    96000000          0 0  
                               core_96m_fck           0           10    96000000          0 0  
                                  mcbsp1_fck           0            1    96000000          0 0  
                                  mcbsp5_fck           0            1    96000000          0 0  
                                  mmchs3_fck           0            1    96000000          0 0  
                                  i2c1_fck           0            1    96000000          0 0  
                                  i2c2_fck           0            1    96000000          0 0  
                                  i2c3_fck           0            1    96000000          0 0  
                                  mmchs1_fck           0            1    96000000          0 0  
                                  mmchs2_fck           0            1    96000000          0 0  
          wkup_l4_ick                     4            5    13000000          0 0  
             gpt1_ick                     1            1    13000000          0 0  
             gpt12_ick                    1            1    13000000          0 0  
             omap_32ksync_ick             1            1    13000000          0 0  
             gpio1_ick                    0            1    13000000          0 0  
             wdt1_ick                     0            0    13000000          0 0  
             wdt2_ick                     1            1    13000000          0 0  
 virt_19200000_ck                         0            0    19200000          0 0  
 virt_13m_ck                              0            0    13000000          0 0  
 virt_12m_ck                              0            0    12000000          0 0  
 omap_32k_fck                             0            7       32768          0 0  
    gpt11_fck                             0            1       32768          0 0  
    gpt10_fck                             0            1       32768          0 0  
    ts_fck                                0            0       32768          0 0  
    per_32k_alwon_fck                     0            5       32768          0 0  
       wdt3_fck                           0            0       32768          0 0  
       gpio2_dbck                         0            1       32768          0 0  
       gpio3_dbck                         0            1       32768          0 0  
       gpio4_dbck                         0            1       32768          0 0  
       gpio5_dbck                         0            1       32768          0 0  
       gpio6_dbck                         0            1       32768          0 0  
    wkup_32k_fck                          0            3       32768          0 0  
       wdt2_fck                           0            1       32768          0 0  
       gpio1_dbck                         0            1       32768          0 0  
 dummy_apb_pclk                           0            0           0          0 0  
 virt_16_8m_ck                            0            0    16800000          0 0  
=======
Orphan Clks:
=======
Available frequencies
=======
Hello World Board Booted
root@GenericAM3517(FlattenedDeviceTree):/test# 
- 12:04:40 [INFO] Host: cat stderr.log
- 12:04:41 [INFO] Target: 
cat stderr.log
ls: /sys/kernel/debug/clk/orphans/: No such file or directory
root@GenericAM3517(FlattenedDeviceTree):/test# 
- 12:04:41 [INFO] Host: cat result.log
- 12:04:43 [ERROR] On command: cat result.log waiting for cat result.log.+?(?m-ix:^1[\0\n\r]+) >>> error: execution expired
- 12:04:43 [INFO] Target: 
cat result.log
root@GenericAM3517(FlattenedDeviceTree):/test# 
- 12:04:43 [INFO] Host: cd /test
- 12:04:43 [INFO] Target: 
cd /test
root@GenericAM3517(FlattenedDeviceTree):/test# 
URL:gtsystest.telogy.design.ti.com/vatf/tidfarm-02.dal.design.ti.com/tidfarm-02.dal.design.ti.com_vatf@4/tidfarm-02.dal.design.ti.com03_10_2015_12_02_08/files/session_iteration_1/test_1
