- 02:26:44 [INFO] Starting target session
- 02:26:45 [INFO] Connected to craneboard via serial 
- 02:26:45 [INFO] Host: #check prompt
- 02:26:47 [ERROR] On command: #check prompt waiting for (?-mix:((?-mix:.*\s+login)|[Pp]assword)) >>> error: execution expired
- 02:26:47 [INFO] Target: 
#check prompt
root@GenericAM3517(FlattenedDeviceTree):/test# 
- 02:26:47 [INFO] Host: #check prompt
- 02:26:47 [INFO] Target: 
#check prompt
root@GenericAM3517(FlattenedDeviceTree):/test# 
- 02:26:48 [INFO] Host: sync;poweroff
- 02:27:08 [INFO] Target: 
sync;poweroff


Broadcast message from root@GenericAM3517(FlattenedDeviceTree) (ttyO2) (Tue A
The system is going down for system halt NOW!


INIT: Switching to runlevel: 0

root@GenericAM3517(FlattenedDeviceTree):/test# 
INIT: Sending processes the TERM signal


INIT: Sending processes the KILL signal
Stopping Dropbear SSH server: stopped /usr/sbin/dropbear (pid 1311)
dropbear.
Stopping telnet daemon.
Stopping system message bus: hwclock: can't open '/dev/misc/rtc': No such file or directory
Error opening /dev/fb0: No such file or directory
Stopping syslogd/klogd: stopped syslogd (pid 1323)
no klogd found; none killed
Stopping thttpd.
ALSA: Storing mixer settings...
/usr/sbin/alsactl: save_state:1580: No soundcards found...
Deconfiguring network interfaces... ifdown: interface eth0 not configured
done.
Stopping Lighttpd Web Server: stopped /usr/sbin/lighttpd (pid 1337)
lighttpd.
Sending all processes the TERM signal...
Sending all processes the KILL signal...
Unmounting remote filesystems...
Deactivating swap...
Unmounting local filesystems...
[ 1191.293301] reboot: System halted

- 02:27:08 [INFO] Disconnected serial from craneboard
- 02:27:37 [INFO] Connected to craneboard via serial 
- 02:27:37 [INFO] Host: 
- 02:27:38 [ERROR] On command:  waiting for (?-mix:AM3517_CRANE\s#) >>> error: execution expired
- 02:27:38 [INFO] Target: 

- 02:27:38 [INFO] Host: 
- 02:27:38 [ERROR] On command:  waiting for (?-mix:AM3517_CRANE\s#) >>> error: execution expired
- 02:27:38 [INFO] Target: 
In:    serial
Out:   serial
Err:   serial
Die ID #7b4e000100000000015da3961501500d

- 02:27:38 [INFO] Host: 
- 02:27:39 [ERROR] On command:  waiting for (?-mix:AM3517_CRANE\s#) >>> error: execution expired
- 02:27:39 [INFO] Target: 
Net:   davinci_emac_initialize
Ethernet PHY: GENERIC @ 0x00
EMAC LSB = 0x00106680
EMAC MSB = 0x00080028
-----------------------------
EMAC ID 08:00:28:10:66:80
-----------------------------

- 02:27:39 [INFO] Host: 
- 02:27:40 [INFO] Target: 


AM3517_CRANE # 
- 02:27:40 [INFO] Host: 
- 02:27:40 [INFO] Target: 


AM3517_CRANE # 
- 02:27:40 [INFO] Host: version
- 02:27:41 [INFO] Target: 
version


U-Boot 2009.11-00005-ge83d2db (Dec 07 2010 - 11:55:34)
AM3517_CRANE # 
- 02:27:41 [INFO] Host: setenv bootargs 'console=ttyO2,115200n8 earlyprintk rootwait nohlt '
- 02:27:41 [INFO] Target: 
setenv bootargs 'console=ttyO2,115200n8 earlyprintk rootwait nohlt '

AM3517_CRANE # 
- 02:27:41 [INFO] Host: setenv bootcmd  ''
- 02:27:42 [INFO] Target: 
setenv bootcmd  ''

AM3517_CRANE # 
- 02:27:42 [INFO] Host: setenv autoload 'no'
- 02:27:42 [INFO] Target: 
setenv autoload 'no'

AM3517_CRANE # 
- 02:27:43 [INFO] Host: setenv serverip '128.247.105.47'
- 02:27:43 [INFO] Target: 
setenv serverip '128.247.105.47'

AM3517_CRANE # 
- 02:27:43 [INFO] Host: printenv
- 02:27:44 [INFO] Target: 
printenv

bootdelay=3
baudrate=115200
loadaddr=0x82000000
nandargs=setenv bootargs console=${console} root=/dev/mtdblock4 rw rootfstype=jffs2 eth=${ethaddr} ip=dhcp
loadbootscript=fatload mmc 0 ${loadaddr} boot.scr
bootscript=echo Running bootscript from mmc ...; source ${loadaddr}
loaduimage=fatload mmc 0 ${loadaddr} uImage
mmcboot=echo Booting from mmc ...; run mmcargs; bootm ${loadaddr}
nandboot=echo Booting from nand ...; run nandargs; nand read ${loadaddr} 480000 500000; bootm ${loadaddr}
dieid#=7b4e000100000000015da3961501500d
ethact=DaVinci EMAC
filesize=F40000
ipaddr=192.168.1.9
oldbootcmd=if mmc init; then if run loadbootscript; then run bootscript; else if run loaduimage; then run mmcboot; else run nandboot; fi; fi; else run nandboot; fi
mmcargs=setenv bootargs console=ttyS2,115200n8 root=/dev/mmcblk0p2 rw rootfstype=ext3 rootwait eth=08:00:28:10:66:80 ip=dhcp earlyprintk
console=ttyO2,115200n8
bootfile=uImage.am3517-craneboard
ethaddr=08:00:28:10:66:80
bootargs=console=ttyO2,115200n8 earlyprintk rootwait nohlt 
bootcmd=
autoload=no
serverip=128.247.105.47

Environment size: 1073/131068 bytes
AM3517_CRANE # 
- 02:27:44 [INFO] Host: printenv
- 02:27:44 [INFO] Target: 
printenv

bootdelay=3
baudrate=115200
loadaddr=0x82000000
nandargs=setenv bootargs console=${console} root=/dev/mtdblock4 rw rootfstype=jffs2 eth=${ethaddr} ip=dhcp
loadbootscript=fatload mmc 0 ${loadaddr} boot.scr
bootscript=echo Running bootscript from mmc ...; source ${loadaddr}
loaduimage=fatload mmc 0 ${loadaddr} uImage
mmcboot=echo Booting from mmc ...; run mmcargs; bootm ${loadaddr}
nandboot=echo Booting from nand ...; run nandargs; nand read ${loadaddr} 480000 500000; bootm ${loadaddr}
dieid#=7b4e000100000000015da3961501500d
ethact=DaVinci EMAC
filesize=F40000
ipaddr=192.168.1.9
oldbootcmd=if mmc init; then if run loadbootscript; then run bootscript; else if run loaduimage; then run mmcboot; else run nandboot; fi; fi; else run nandboot; fi
mmcargs=setenv bootargs console=ttyS2,115200n8 root=/dev/mmcblk0p2 rw rootfstype=ext3 rootwait eth=08:00:28:10:66:80 ip=dhcp earlyprintk
console=ttyO2,115200n8
bootfile=uImage.am3517-craneboard
ethaddr=08:00:28:10:66:80
bootargs=console=ttyO2,115200n8 earlyprintk rootwait nohlt 
bootcmd=
autoload=no
serverip=128.247.105.47

Environment size: 1073/131068 bytes
AM3517_CRANE # 
- 02:27:44 [INFO] Host: setenv bootargs ''${bootargs}' ip=dhcp '
- 02:27:45 [INFO] Target: 
setenv bootargs ''${bootargs}' ip=dhcp '

AM3517_CRANE # 
- 02:27:45 [INFO] Host: setenv serverip '128.247.105.47'
- 02:27:45 [INFO] Target: 
setenv serverip '128.247.105.47'

AM3517_CRANE # 
- 02:27:45 [INFO] Host: setenv ipaddr dhcp
- 02:27:46 [INFO] Target: 
setenv ipaddr dhcp

AM3517_CRANE # 
- 02:27:46 [INFO] Host: setenv autoload 'no'
- 02:27:47 [INFO] Target: 
setenv autoload 'no'

AM3517_CRANE # 
- 02:27:47 [INFO] Host: dhcp
- 02:27:49 [INFO] Target: 
dhcp

BOOTP broadcast 1
DHCP client bound to address 192.168.1.153
AM3517_CRANE # 
- 02:27:49 [INFO] Host: setenv serverip '128.247.105.47'
- 02:27:50 [INFO] Target: 
setenv serverip '128.247.105.47'

AM3517_CRANE # 
- 02:27:50 [INFO] Host: tftp ${loadaddr} 128.247.105.47:vatf_4/70a42e916b369d8dcfb889a6ab3c41ca
- 02:27:56 [INFO] Target: 
tftp ${loadaddr} 128.247.105.47:vatf_4/70a42e916b369d8dcfb889a6ab3c41ca

Using DaVinci EMAC device
TFTP from server 128.247.105.47; our IP address is 192.168.1.153
Filename 'vatf_4/70a42e916b369d8dcfb889a6ab3c41ca'.
Load address: 0x82000000
Loading: *## Warning: gatewayip needed but not set
#################################################################
	 #################################################################
	 #################################################################
	 #################################################################
	 #################################################################
	 #################################################################
	 #################################################################
	 #################################################################
	 #################################################################
	 #################################################################
	 #################################################################
	 #################################################################
	 #################################################################
	 #################################################################
	 #################################################################
	 #####################################
done
Bytes transferred = 5179694 (4f092e hex)
AM3517_CRANE # 
- 02:27:56 [INFO] Host: ls mmc 0:1
- 02:27:57 [INFO] Target: 
ls mmc 0:1

ls - list files in a directory (default /)

Usage:
ls [ directory ]
AM3517_CRANE # 
- 02:27:57 [INFO] Host: ls mmc 0:2
- 02:27:57 [INFO] Target: 
ls mmc 0:2

ls - list files in a directory (default /)

Usage:
ls [ directory ]
AM3517_CRANE # 
- 02:27:57 [INFO] Host: ls mmc 0:3
- 02:27:58 [INFO] Target: 
ls mmc 0:3

ls - list files in a directory (default /)

Usage:
ls [ directory ]
AM3517_CRANE # 
- 02:27:58 [INFO] Host: ls mmc 0:4
- 02:27:58 [INFO] Target: 
ls mmc 0:4

ls - list files in a directory (default /)

Usage:
ls [ directory ]
AM3517_CRANE # 
- 02:27:59 [INFO] Host: ls mmc 0:5
- 02:27:59 [INFO] Target: 
ls mmc 0:5

ls - list files in a directory (default /)

Usage:
ls [ directory ]
AM3517_CRANE # 
- 02:27:59 [INFO] Host: part uuid mmc 0:
- 02:28:00 [INFO] Target: 
part uuid mmc 0:

Unknown command 'part' - try 'help'
AM3517_CRANE # 
- 02:28:00 [INFO] Host: printenv
- 02:28:00 [INFO] Target: 
printenv

bootdelay=3
baudrate=115200
loadaddr=0x82000000
nandargs=setenv bootargs console=${console} root=/dev/mtdblock4 rw rootfstype=jffs2 eth=${ethaddr} ip=dhcp
loadbootscript=fatload mmc 0 ${loadaddr} boot.scr
bootscript=echo Running bootscript from mmc ...; source ${loadaddr}
loaduimage=fatload mmc 0 ${loadaddr} uImage
mmcboot=echo Booting from mmc ...; run mmcargs; bootm ${loadaddr}
nandboot=echo Booting from nand ...; run nandargs; nand read ${loadaddr} 480000 500000; bootm ${loadaddr}
dieid#=7b4e000100000000015da3961501500d
ethact=DaVinci EMAC
oldbootcmd=if mmc init; then if run loadbootscript; then run bootscript; else if run loaduimage; then run mmcboot; else run nandboot; fi; fi; else run nandboot; fi
mmcargs=setenv bootargs console=ttyS2,115200n8 root=/dev/mmcblk0p2 rw rootfstype=ext3 rootwait eth=08:00:28:10:66:80 ip=dhcp earlyprintk
console=ttyO2,115200n8
ethaddr=08:00:28:10:66:80
bootcmd=
bootargs=console=ttyO2,115200n8 earlyprintk rootwait nohlt ip=dhcp
autoload=no
bootfile=uImage.am3517-craneboard
filesize=4F092E
fileaddr=82000000
netmask=255.255.255.0
ipaddr=192.168.1.153
serverip=128.247.105.47
dnsip=192.0.2.2
dnsip2=192.0.2.3

Environment size: 1155/131068 bytes
AM3517_CRANE # 
- 02:28:01 [INFO] Host: setenv bootargs ''${bootargs}' root=/dev/mmcblk0p2 rw rootfstype=ext3 rootwait '
- 02:28:01 [INFO] Target: 
setenv bootargs ''${bootargs}' root=/dev/mmcblk0p2 rw rootfstype=ext3 rootwait '

AM3517_CRANE # 
- 02:28:01 [INFO] Host: printenv
- 02:28:02 [INFO] Target: 
printenv

bootdelay=3
baudrate=115200
loadaddr=0x82000000
nandargs=setenv bootargs console=${console} root=/dev/mtdblock4 rw rootfstype=jffs2 eth=${ethaddr} ip=dhcp
loadbootscript=fatload mmc 0 ${loadaddr} boot.scr
bootscript=echo Running bootscript from mmc ...; source ${loadaddr}
loaduimage=fatload mmc 0 ${loadaddr} uImage
mmcboot=echo Booting from mmc ...; run mmcargs; bootm ${loadaddr}
nandboot=echo Booting from nand ...; run nandargs; nand read ${loadaddr} 480000 500000; bootm ${loadaddr}
dieid#=7b4e000100000000015da3961501500d
ethact=DaVinci EMAC
oldbootcmd=if mmc init; then if run loadbootscript; then run bootscript; else if run loaduimage; then run mmcboot; else run nandboot; fi; fi; else run nandboot; fi
mmcargs=setenv bootargs console=ttyS2,115200n8 root=/dev/mmcblk0p2 rw rootfstype=ext3 rootwait eth=08:00:28:10:66:80 ip=dhcp earlyprintk
console=ttyO2,115200n8
ethaddr=08:00:28:10:66:80
bootcmd=
autoload=no
bootfile=uImage.am3517-craneboard
filesize=4F092E
fileaddr=82000000
netmask=255.255.255.0
ipaddr=192.168.1.153
serverip=128.247.105.47
dnsip=192.0.2.2
dnsip2=192.0.2.3
bootargs=console=ttyO2,115200n8 earlyprintk rootwait nohlt ip=dhcp root=/dev/mmcblk0p2 rw rootfstype=ext3 rootwait

Environment size: 1203/131068 bytes
AM3517_CRANE # 
- 02:28:02 [INFO] Host: setenv bootcmd ''${bootcmd}' if iminfo ${loadaddr}; then bootm ${loadaddr}  ; else bootz ${loadaddr}  ; bootm ${loadaddr}  ; fi'
- 02:28:02 [INFO] Target: 
setenv bootcmd ''${bootcmd}' if iminfo ${loadaddr}; then bootm ${loadaddr}  ; else bootz ${loadaddr}  ; bootm ${loadaddr}  ; fi'

AM3517_CRANE # 
- 02:28:02 [INFO] Host: bdinfo
- 02:28:03 [INFO] Target: 
bdinfo

arch_number = 0x00000B74
env_t       = 0x00000000
boot_params = 0x80000100
DRAM bank   = 0x00000000
-> start    = 0x80000000
-> size     = 0x10000000
DRAM bank   = 0x00000001
-> start    = 0x80000000
-> size     = 0x00000000
ethaddr     = 08:00:28:10:66:80
ip_addr     = 192.168.1.153
baudrate    = 115200 bps
AM3517_CRANE # 
- 02:28:03 [INFO] Host: boot
- 02:28:42 [INFO] Target: 
boot

Unknown command 'iminfo' - try 'help'
Unknown command 'bootz' - try 'help'
## Booting kernel from Legacy Image at 82000000 ...
   Image Name:   Linux-3.17.0-rc3-00002-g1c6a93a
   Image Type:   ARM Linux Kernel Image (uncompressed)
   Data Size:    5179630 Bytes =  4.9 MB
   Load Address: 80800000
   Entry Point:  80800000
   Verifying Checksum ... OK
   Loading Kernel Image ... OK
OK

Starting kernel ...

[    0.000000] Booting Linux on physical CPU 0x0
[    0.000000] Linux version 3.17.0-rc3-00002-g1c6a93a (nmenon@kahuna) (gcc version 4.6.3 (Ubuntu/Linaro 4.6.3-1ubuntu5) ) #1 SMP Mon Sep 1 02:23:28 CDT 2014
[    0.000000] CPU: ARMv7 Processor [411fc087] revision 7 (ARMv7), cr=10c5387d
[    0.000000] CPU: PIPT / VIPT nonaliasing data cache, VIPT nonaliasing instruction cache
[    0.000000] Machine model: TI AM3517 CraneBoard (TMDSEVM3517)
[    0.000000] cma: Reserved 64 MiB at 8b800000
[    0.000000] Memory policy: Data cache writeback
[    0.000000]   HighMem zone: 1048574 pages exceeds freesize 0
[    0.000000] CPU: All CPU(s) started in SVC mode.
[    0.000000] AM3517 ES1.1 (l2cache sgx neon )
[    0.000000] PERCPU: Embedded 8 pages/cpu @cfc96000 s8448 r8192 d16128 u32768
[    0.000000] Built 1 zonelists in Zone order, mobility grouping on.  Total pages: 64768
[    0.000000] Kernel command line: console=ttyO2,115200n8 earlyprintk rootwait nohlt ip=dhcp root=/dev/mmcblk0p2 rw rootfstype=ext3 rootwait
[    0.000000] PID hash table entries: 1024 (order: 0, 4096 bytes)
[    0.000000] Dentry cache hash table entries: 32768 (order: 5, 131072 bytes)
[    0.000000] Inode-cache hash table entries: 16384 (order: 4, 65536 bytes)
[    0.000000] Memory: 181552K/261120K available (6678K kernel code, 922K rwdata, 2680K rodata, 696K init, 305K bss, 79568K reserved, 0K highmem)
[    0.000000] Virtual kernel memory layout:
[    0.000000]     vector  : 0xffff0000 - 0xffff1000   (   4 kB)
[    0.000000]     fixmap  : 0xffc00000 - 0xffe00000   (2048 kB)
[    0.000000]     vmalloc : 0xd0800000 - 0xff000000   ( 744 MB)
[    0.000000]     lowmem  : 0xc0000000 - 0xd0000000   ( 256 MB)
[    0.000000]     pkmap   : 0xbfe00000 - 0xc0000000   (   2 MB)
[    0.000000]     modules : 0xbf000000 - 0xbfe00000   (  14 MB)
[    0.000000]       .text : 0xc0208000 - 0xc0b2ba94   (9359 kB)
[    0.000000]       .init : 0xc0b2c000 - 0xc0bda100   ( 697 kB)
[    0.000000]       .data : 0xc0bdc000 - 0xc0cc2b80   ( 923 kB)
[    0.000000]        .bss : 0xc0cc2b80 - 0xc0d0f050   ( 306 kB)
[    0.000000] SLUB: HWalign=64, Order=0-3, MinObjects=0, CPUs=1, Nodes=1
[    0.000000] Hierarchical RCU implementation.
[    0.000000] 	RCU restricting CPUs from NR_CPUS=8 to nr_cpu_ids=1.
[    0.000000] RCU: Adjusting geometry for rcu_fanout_leaf=16, nr_cpu_ids=1
[    0.000000] NR_IRQS:16 nr_irqs:16 16
[    0.000000] IRQ: Found an INTC at 0xfa200000 (revision 4.0) with 96 interrupts
[    0.000000] Total of 96 interrupts on 1 active controller
[    0.000000] Clocking rate (Crystal/Core/MPU): 26.0/332/500 MHz
[    0.000000] OMAP clockevent source: timer2 at 13000000 Hz
[    0.000026] sched_clock: 32 bits at 13MHz, resolution 76ns, wraps every 330382100403ns
[    0.000063] OMAP clocksource: timer1 at 13000000 Hz
[    0.000375] Console: colour dummy device 80x30
[    0.000422] Calibrating delay loop... 496.43 BogoMIPS (lpj=1241088)
[    0.027613] pid_max: default: 32768 minimum: 301
[    0.027890] Mount-cache hash table entries: 1024 (order: 0, 4096 bytes)
[    0.027915] Mountpoint-cache hash table entries: 1024 (order: 0, 4096 bytes)
[    0.029028] CPU: Testing write buffer coherency: ok
[    0.029572] CPU0: thread -1, cpu 0, socket -1, mpidr 0
[    0.029762] Setting up static identity map for 0x8084f540 - 0x8084f5d8
[    0.034839] Brought up 1 CPUs
[    0.034866] SMP: Total of 1 processors activated.
[    0.034881] CPU: All CPU(s) started in SVC mode.
[    0.035963] devtmpfs: initialized
[    0.042569] VFP support v0.3: implementor 41 architecture 3 part 30 variant c rev 1
[    0.064613] omap_hwmod: mcbsp2_sidetone using broken dt data from mcbsp
[    0.065270] omap_hwmod: mcbsp3_sidetone using broken dt data from mcbsp
[    0.112006] omap_hwmod: uart4: cannot be enabled for reset (3)
[    0.132894] pinctrl core: initialized pinctrl subsystem
[    0.134079] regulator-dummy: no parameters
[    0.172827] NET: Registered protocol family 16
[    0.177887] DMA: preallocated 256 KiB pool for atomic coherent allocations
[    0.182957] cpuidle: using governor ladder
[    0.182995] cpuidle: using governor menu
[    0.183286] Address Hole seen by USB_OTG  at address 4de96ec4
[    0.183304] ------------[ cut here ]------------
[    0.183337] WARNING: CPU: 0 PID: 1 at drivers/bus/omap_l3_smx.c:162 omap3_l3_app_irq+0x100/0x120()
[    0.183351] Modules linked in:
[    0.183381] CPU: 0 PID: 1 Comm: swapper/0 Not tainted 3.17.0-rc3-00002-g1c6a93a #1
[    0.183451] [<c021585c>] (unwind_backtrace) from [<c02113e8>] (show_stack+0x10/0x14)
[    0.183490] [<c02113e8>] (show_stack) from [<c084a5f4>] (dump_stack+0x70/0x8c)
[    0.183529] [<c084a5f4>] (dump_stack) from [<c0247a74>] (warn_slowpath_common+0x64/0x84)
[    0.183558] [<c0247a74>] (warn_slowpath_common) from [<c0247ab0>] (warn_slowpath_null+0x1c/0x24)
[    0.183585] [<c0247ab0>] (warn_slowpath_null) from [<c0431588>] (omap3_l3_app_irq+0x100/0x120)
[    0.183622] [<c0431588>] (omap3_l3_app_irq) from [<c027d9ac>] (handle_irq_event_percpu+0x50/0x150)
[    0.183652] [<c027d9ac>] (handle_irq_event_percpu) from [<c027daf0>] (handle_irq_event+0x44/0x64)
[    0.183682] [<c027daf0>] (handle_irq_event) from [<c02803c0>] (handle_level_irq+0x90/0x138)
[    0.183709] [<c02803c0>] (handle_level_irq) from [<c027d3dc>] (generic_handle_irq+0x20/0x30)
[    0.183736] [<c027d3dc>] (generic_handle_irq) from [<c020ef74>] (handle_IRQ+0x38/0x90)
[    0.183764] [<c020ef74>] (handle_IRQ) from [<c02086f0>] (omap3_intc_handle_irq+0x84/0x9c)
[    0.183792] [<c02086f0>] (omap3_intc_handle_irq) from [<c0211f00>] (__irq_svc+0x40/0x54)
[    0.183808] Exception stack(0xcb055da8 to 0xcb055df0)
[    0.183830] 5da0:                   cb00541c 60000153 00000000 00000006 cb0053c0 cb0e6040
[    0.183852] 5dc0: cb00541c 00000000 0000001a cb0053f4 60000153 00000000 cb0053c0 cb055df0
[    0.183869] 5de0: c027f128 c084eed8 60000153 ffffffff
[    0.183905] [<c0211f00>] (__irq_svc) from [<c084eed8>] (_raw_spin_unlock_irqrestore+0x1c/0x20)
[    0.183937] [<c084eed8>] (_raw_spin_unlock_irqrestore) from [<c027f128>] (__setup_irq+0x2dc/0x4c0)
[    0.183966] [<c027f128>] (__setup_irq) from [<c027f3b8>] (request_threaded_irq+0xac/0x128)
[    0.183994] [<c027f3b8>] (request_threaded_irq) from [<c0b5f538>] (omap3_l3_probe+0x100/0x15c)
[    0.184033] [<c0b5f538>] (omap3_l3_probe) from [<c054ab48>] (platform_drv_probe+0x2c/0x5c)
[    0.184063] [<c054ab48>] (platform_drv_probe) from [<c054974c>] (driver_probe_device+0x114/0x234)
[    0.184089] [<c054974c>] (driver_probe_device) from [<c05498f8>] (__driver_attach+0x8c/0x90)
[    0.184113] [<c05498f8>] (__driver_attach) from [<c0548108>] (bus_for_each_dev+0x54/0x88)
[    0.184138] [<c0548108>] (bus_for_each_dev) from [<c0548f54>] (bus_add_driver+0xd8/0x1cc)
[    0.184162] [<c0548f54>] (bus_add_driver) from [<c0549f34>] (driver_register+0x78/0xf4)
[    0.184188] [<c0549f34>] (driver_register) from [<c054aa98>] (platform_driver_probe+0x20/0xa4)
[    0.184215] [<c054aa98>] (platform_driver_probe) from [<c0208c64>] (do_one_initcall+0x80/0x1c4)
[    0.184246] [<c0208c64>] (do_one_initcall) from [<c0b2cc98>] (kernel_init_freeable+0x100/0x1cc)
[    0.184275] [<c0b2cc98>] (kernel_init_freeable) from [<c0845f60>] (kernel_init+0x8/0xe4)
[    0.184301] [<c0845f60>] (kernel_init) from [<c020e738>] (ret_from_fork+0x14/0x3c)
[    0.184358] ---[ end trace 8a01faa36c695bbd ]---
[    0.192452] Reprogramming SDRC clock to 332000000 Hz
[    0.195031] platform 480c5000.aes: Cannot lookup hwmod 'aes'
[    0.201051] OMAP GPIO hardware version 2.5
[    0.214775] platform 480c3000.sham: Cannot lookup hwmod 'sham'
[    0.215350] platform 480cb000.smartreflex: Cannot lookup hwmod 'smartreflex_core'
[    0.222796] omap-gpmc 6e000000.gpmc: GPMC revision 5.0
[    0.223461] platform 480ab000.usb_otg_hs: Cannot lookup hwmod 'usb_otg_hs'
[    0.226181] No ATAGs?
[    0.226228] hw-breakpoint: debug architecture 0x4 unsupported.
[    0.226656] EXYNOS: PMU not supported
[    0.229648] OMAP DMA hardware revision 4.0
[    0.233260] Serial: AMBA PL011 UART driver
[    0.261788] edma-dma-engine edma-dma-engine.0: Can't allocate PaRAM dummy slot
[    0.261857] edma-dma-engine: probe of edma-dma-engine.0 failed with error -22
[    0.290412] omap-dma-engine 48056000.dma-controller: OMAP DMA engine driver
[    0.291551] vbat: 5000 mV 
[    0.296471] vgaarb: loaded
[    0.298114] SCSI subsystem initialized
[    0.299388] usbcore: registered new interface driver usbfs
[    0.299581] usbcore: registered new interface driver hub
[    0.299866] usbcore: registered new device driver usb
[    0.303887] tps65910 0-002d: could not find pctldev for node /ocp/pinmux@48002030/pinmux_tps_pins, deferring probe
[    0.303939] i2c 0-002d: Driver tps65910 requests probe deferral
[    0.304024] omap_i2c 48070000.i2c: bus 0 rev3.3 at 2600 kHz
[    0.304781] Linux video capture interface: v2.00
[    0.304917] pps_core: LinuxPPS API ver. 1 registered
[    0.304932] pps_core: Software ver. 5.3.6 - Copyright 2005-2007 Rodolfo Giometti <giometti@linux.it>
[    0.305004] PTP clock support registered
[    0.305485] EDAC MC: Ver: 3.0.0
[    0.307522] Advanced Linux Sound Architecture Driver Initialized.
[    0.310270] Switched to clocksource timer1
[    0.335138] NET: Registered protocol family 2
[    0.336594] TCP established hash table entries: 2048 (order: 1, 8192 bytes)
[    0.336660] TCP bind hash table entries: 2048 (order: 2, 16384 bytes)
[    0.336728] TCP: Hash tables configured (established 2048 bind 2048)
[    0.336890] TCP: reno registered
[    0.336920] UDP hash table entries: 256 (order: 1, 8192 bytes)
[    0.336967] UDP-Lite hash table entries: 256 (order: 1, 8192 bytes)
[    0.337320] NET: Registered protocol family 1
[    0.337987] RPC: Registered named UNIX socket transport module.
[    0.338011] RPC: Registered udp transport module.
[    0.338024] RPC: Registered tcp transport module.
[    0.338036] RPC: Registered tcp NFSv4.1 backchannel transport module.
[    0.342106] hw perfevents: enabled with armv7_cortex_a8 PMU driver, 5 counters available
[    0.347042] futex hash table entries: 256 (order: 2, 16384 bytes)
[    0.376390] squashfs: version 4.0 (2009/01/31) Phillip Lougher
[    0.378217] NFS: Registering the id_resolver key type
[    0.378313] Key type id_resolver registered
[    0.378331] Key type id_legacy registered
[    0.378454] msgmni has been set to 482
[    0.380002] Block layer SCSI generic (bsg) driver version 0.4 loaded (major 249)
[    0.380039] io scheduler noop registered
[    0.380062] io scheduler deadline registered
[    0.380625] io scheduler cfq registered (default)
[    0.385759] pinctrl-single 48002030.pinmux: 284 pins at pa fa002030 size 568
[    0.386197] pinctrl-single 48002a00.pinmux: 46 pins at pa fa002a00 size 92
[    0.541957] Serial: 8250/16550 driver, 4 ports, IRQ sharing disabled
[    0.546491] Serial: IMX driver
[    0.547199] msm_serial: driver initialized
[    0.548258] omap_uart 4806a000.serial: no wakeirq for uart0
[    0.548557] 4806a000.serial: ttyO0 at MMIO 0x4806a000 (irq = 88, base_baud = 3000000) is a OMAP UART0
[    0.549614] omap_uart 4806c000.serial: no wakeirq for uart0
[    0.549858] 4806c000.serial: ttyO1 at MMIO 0x4806c000 (irq = 89, base_baud = 3000000) is a OMAP UART1
[    0.550842] omap_uart 49020000.serial: no wakeirq for uart0
[    0.551063] 49020000.serial: ttyO2 at MMIO 0x49020000 (irq = 90, base_baud = 3000000) is a OMAP UART2
[    1.612685] console [ttyO2] enabled
[    1.617401] STMicroelectronics ASC driver initialized
[    1.624484] serial: Freescale lpuart driver
[    1.629415] [drm] Initialized drm 1.1.0 20060810
[    1.647279] loop: module loaded
[    1.662361] CAN device driver interface
[    1.667960] igb: Intel(R) Gigabit Ethernet Network Driver - version 5.2.13-k
[    1.675432] igb: Copyright (c) 2007-2014 Intel Corporation.
[    1.720377] davinci_mdio davinci_mdio.0: davinci mdio revision 1.5
[    1.726933] davinci_mdio davinci_mdio.0: detected phy mask fffffffe
[    1.734487] libphy: davinci_mdio.0: probed
[    1.738908] davinci_mdio davinci_mdio.0: phy[0]: device davinci_mdio.0:00, driver unknown
[    1.748154] pegasus: v0.9.3 (2013/04/25), Pegasus/Pegasus II USB Ethernet driver
[    1.756195] usbcore: registered new interface driver pegasus
[    1.762363] usbcore: registered new interface driver asix
[    1.768211] usbcore: registered new interface driver ax88179_178a
[    1.774783] usbcore: registered new interface driver cdc_ether
[    1.781132] usbcore: registered new interface driver smsc75xx
[    1.787399] usbcore: registered new interface driver smsc95xx
[    1.793603] usbcore: registered new interface driver net1080
[    1.799717] usbcore: registered new interface driver cdc_subset
[    1.806119] usbcore: registered new interface driver zaurus
[    1.812238] usbcore: registered new interface driver cdc_ncm
[    1.818310] ehci_hcd: USB 2.0 'Enhanced' Host Controller (EHCI) Driver
[    1.825213] ehci-pci: EHCI PCI platform driver
[    1.830067] ehci-platform: EHCI generic platform driver
[    1.836011] ehci-omap: OMAP-EHCI Host Controller driver
[    1.842216] ehci-omap 48064800.ehci: EHCI Host Controller
[    1.848022] ehci-omap 48064800.ehci: new USB bus registered, assigned bus number 1
[    1.856572] ehci-omap 48064800.ehci: irq 93, io mem 0x48064800
[    1.870318] ehci-omap 48064800.ehci: USB 2.0 started, EHCI 1.00
[    1.878570] hub 1-0:1.0: USB hub found
[    1.882735] hub 1-0:1.0: 3 ports detected
[    1.888452] ehci-orion: EHCI orion driver
[    1.893208] SPEAr-ehci: EHCI SPEAr driver
[    1.897816] tegra-ehci: Tegra EHCI driver
[    1.902388] ohci_hcd: USB 1.1 'Open' Host Controller (OHCI) Driver
[    1.908989] ohci-pci: OHCI PCI platform driver
[    1.913881] ohci-platform: OHCI generic platform driver
[    1.919715] ohci-omap3: OHCI OMAP3 driver
[    1.924457] ohci-omap3 48064400.ohci: OHCI Host Controller
[    1.930356] ohci-omap3 48064400.ohci: new USB bus registered, assigned bus number 2
[    1.938833] ohci-omap3 48064400.ohci: irq 92, io mem 0x48064400
[    2.022187] hub 2-0:1.0: USB hub found
[    2.026324] hub 2-0:1.0: 3 ports detected
[    2.031953] SPEAr-ohci: OHCI SPEAr driver
[    2.038249] usbcore: registered new interface driver usb-storage
[    2.048647] mousedev: PS/2 mouse device common for all mice
[    2.060718] i2c /dev entries driver
[    2.067646] usbcore: registered new interface driver uvcvideo
[    2.073762] USB Video Class driver (1.1.1)
[    2.078131] gspca_main: v2.14.0 registered
[    2.088653] sdhci: Secure Digital Host Controller Interface driver
[    2.095214] sdhci: Copyright(c) Pierre Ossman
[    2.102376] omap_hsmmc 4809c000.mmc: unable to get vmmc regulator -517
[    2.109477] platform 4809c000.mmc: Driver omap_hsmmc requests probe deferral
[    2.117558] Synopsys Designware Multimedia Card Interface Driver
[    2.125224] sdhci-pltfm: SDHCI platform and OF driver helper
[    2.133960] usbcore: registered new interface driver usbhid
[    2.139888] usbhid: USB HID core driver
[    2.154593] TCP: cubic registered
[    2.158220] NET: Registered protocol family 17
[    2.162978] can: controller area network core (rev 20120528 abi 9)
[    2.169707] NET: Registered protocol family 29
[    2.174433] can: raw protocol (rev 20120528)
[    2.178964] can: broadcast manager protocol (rev 20120528 t)
[    2.184967] can: netlink gateway (rev 20130117) max_hops=1
[    2.191774] Key type dns_resolver registered
[    2.196764] omap2_set_init_voltage: unable to find boot up OPP for vdd_mpu_iva
[    2.204422] omap2_set_init_voltage: unable to set vdd_mpu_iva
[    2.210503] omap2_set_init_voltage: unable to find boot up OPP for vdd_core
[    2.217861] omap2_set_init_voltage: unable to set vdd_core
[    2.224801] PM: no software I/O chain control; some wakeups may be lost
[    2.231845] pm: Failed to request pm_wkup irq
[    2.236532] ThumbEE CPU extension supported.
[    2.241120] Registering SWP/SWPB emulation handler
[    2.255373] vrtc: 1800 mV 
[    2.258628] vrtc: supplied by vbat
[    2.264331] vio: at 1800 mV 
[    2.267640] vio: supplied by vbat
[    2.273344] vdd_core: 1200 mV 
[    2.276795] vdd_core: supplied by vbat
[    2.283177] vdd_shv: 3300 mV 
[    2.286523] vdd_shv: supplied by vbat
[    2.291529] vdd3: 5000 mV 
[    2.295756] vdig1: at 1200 mV 
[    2.299155] vdig1: supplied by vbat
[    2.304338] vdig2: at 1000 mV 
[    2.307770] vdig2: supplied by vbat
[    2.313096] vpll: 1800 mV 
[    2.316163] vpll: supplied by vbat
[    2.321497] vdac: 1800 mV 
[    2.324527] vdac: supplied by vbat
[    2.329839] vaux1: 1800 mV 
[    2.332998] vaux1: supplied by vbat
[    2.338351] vaux2: 1800 mV 
[    2.341543] vaux2: supplied by vbat
[    2.346648] vaux33: at 1800 mV 
[    2.350115] vaux33: supplied by vbat
[    2.355677] vmmc: 3300 mV 
[    2.358703] vmmc: supplied by vbat
[    2.363758] vbb: at 3000 mV 
[    2.367159] vbb: supplied by vbat
[    2.380793] tps65910-rtc tps65910-rtc: rtc core: registered tps65910-rtc as rtc0
[    2.425741] tps65910-rtc tps65910-rtc: setting system clock to 2014-08-26 00:40:31 UTC (1409013631)
[    2.573106] mmc0: host does not support reading read-only switch. assuming write-enable.
[    2.584283] mmc0: new high speed SDHC card at address 1234
[    2.591168] mmcblk0: mmc0:1234 SA04G 3.63 GiB 
[    2.598770]  mmcblk0: p1 p2
[   14.511326] ALSA device list:
[   14.514472]   No soundcards found.
[   14.522179] EXT4-fs (mmcblk0p2): mounting ext3 file system using the ext4 subsystem
[   14.554657] EXT4-fs (mmcblk0p2): mounted filesystem with ordered data mode. Opts: (null)
[   14.563342] VFS: Mounted root (ext3 filesystem) on device 179:2.
[   14.580988] devtmpfs: mounted
[   14.586272] Freeing unused kernel memory: 696K (c0b2c000 - c0bda000)

INIT: version 2.88 booting

Error opening /dev/fb0: No such file or directory
/dev/ttyO2 linked to /dev/tty-bd - using as console
Starting udev
[   15.637497] udevd[91]: starting version 182
[   18.481177] random: nonblocking pool is initialized
[   22.328893] FAT-fs (mmcblk0p1): codepage cp437 not found
[   22.441362] FAT-fs (mmcblk0p1): codepage cp437 not found
[   22.717781] FAT-fs (mmcblk0p1): codepage cp437 not found
[   22.769338] FAT-fs (mmcblk0p1): codepage cp437 not found
ERROR: could not open directory /lib/modules/3.17.0-rc3-00002-g1c6a93a: No such file or directory
WARNING: -e needs -E or -F
ERROR: could not open directory /lib/modules/3.17.0-rc3-00002-g1c6a93a: No such file or directory
FATAL: could not search modules: No such file or directory
Starting Bootlog daemon: bootlogd.

[   23.131328] EXT4-fs (mmcblk0p2): re-mounted. Opts: data=ordered
ALSA: Restoring mixer settings...

/usr/sbin/alsactl: load_state:1696: No soundcards found...

Configuring network interfaces... ifconfig: SIOCGIFFLAGS: No such device

done.


INIT: Entering runlevel: 3


/dev/ttyO2 linked to /dev/tty-bd - using as console

Starting system message bus: dbus.

Starting Dropbear SSH server: dropbear.

Starting telnet daemon.

Starting syslogd/klogd: done

Starting thttpd.

Starting Lighttpd Web Server: lighttpd.

2014-08-26 00:40:58: (log.c.166) server started 

***************************************************************

***************************************************************

NOTICE: This file system contains the followin GPLv3 packages:

	binutils-symlinks

	binutils

	gdbserver

	parted



If you do not wish to distribute GPLv3 components please remove

the above packages prior to distribution.  This can be done using

the opkg remove command.  i.e.:

    opkg remove <package>

Where <package> is the name printed in the list above



NOTE: If the package is a dependency of another package you

      will be notified of the dependent packages.  You should

      use the --force-removal-of-dependent-packages option to

      also remove the dependent packages as well

***************************************************************

***************************************************************

Stopping Bootlog daemon: bootlogd.

 _____                    _____           _         _   
|  _  |___ ___ ___ ___   |  _  |___ ___  |_|___ ___| |_ 
|     |  _| .'| . | . |  |   __|  _| . | | | -_|  _|  _|
|__|__|_| |__,|_  |___|  |__|  |_| |___|_| |___|___|_|  
              |___|                    |___|            

Arago Project http://arago-project.org GenericAM3517(FlattenedDeviceTree) tty-bd

Arago 2013.12 GenericAM3517(FlattenedDeviceTree) tty-bd

GenericAM3517(FlattenedDeviceTree) login: 
- 02:28:42 [INFO] Host: root
- 02:28:43 [INFO] Target: 
root
root@GenericAM3517(FlattenedDeviceTree):~# 
- 02:28:43 [INFO] Host: uname -a
- 02:28:43 [INFO] Target: 
uname -a
Linux GenericAM3517(FlattenedDeviceTree) 3.17.0-rc3-00002-g1c6a93a #1 SMP Mon Sep 1 02:23:28 CDT 2014 armv7l GNU/Linux
root@GenericAM3517(FlattenedDeviceTree):~# 
- 02:28:43 [INFO] Host: cat /proc/cmdline
- 02:28:44 [INFO] Target: 
cat /proc/cmdline
console=ttyO2,115200n8 earlyprintk rootwait nohlt ip=dhcp root=/dev/mmcblk0p2 rw rootfstype=ext3 rootwait
root@GenericAM3517(FlattenedDeviceTree):~# 
- 02:28:44 [INFO] Host: uname -a
- 02:28:45 [INFO] Target: 
uname -a
Linux GenericAM3517(FlattenedDeviceTree) 3.17.0-rc3-00002-g1c6a93a #1 SMP Mon Sep 1 02:23:28 CDT 2014 armv7l GNU/Linux
root@GenericAM3517(FlattenedDeviceTree):~# 
- 02:28:45 [INFO] Host: cat /proc/mtd
- 02:28:45 [INFO] Target: 
cat /proc/mtd
dev:    size   erasesize  name
root@GenericAM3517(FlattenedDeviceTree):~# 
- 02:28:54 [INFO] Host: export IPERFHOST=128.247.105.47
- 02:28:55 [INFO] Target: 
export IPERFHOST=128.247.105.47
root@GenericAM3517(FlattenedDeviceTree):~# 
- 02:28:55 [INFO] Host: export NFS_SERVER=128.247.105.47
- 02:28:55 [INFO] Target: 
export NFS_SERVER=128.247.105.47
root@GenericAM3517(FlattenedDeviceTree):~# 
- 02:28:55 [INFO] Host: export NFS_ROOT_PATH=/usr/workdir/filesys/linux/crane
- 02:28:56 [INFO] Target: 
export NFS_ROOT_PATH=/usr/workdir/fil 
esys/linux/crane
root@GenericAM3517(FlattenedDeviceTree):~# 
- 02:28:56 [INFO] Host: mkdir -p -m 777 /test
- 02:28:56 [INFO] Target: 
mkdir -p -m 777 /test
root@GenericAM3517(FlattenedDeviceTree):~# 
- 02:28:56 [INFO] Host: cd /test
- 02:28:57 [INFO] Target: 
cd /test
root@GenericAM3517(FlattenedDeviceTree):/test# 
- 02:28:57 [INFO] Host: cat > test.sh << EOF
- 02:28:58 [INFO] Target: 
cat > test.sh << EOF
> 
- 02:28:58 [INFO] Host: failtest() {

- 02:28:58 [INFO] Target: 
failtest() {
> 
- 02:28:58 [INFO] Host:   echo 1 >&3

- 02:28:59 [INFO] Target: 
  echo 1 >&3
> 
- 02:28:59 [INFO] Host: }

- 02:28:59 [INFO] Target: 
}
> 
- 02:28:59 [INFO] Host: timeout=600

- 02:29:00 [INFO] Target: 
timeout=600
> 
- 02:29:00 [INFO] Host: 

- 02:29:01 [INFO] Target: 

> 
- 02:29:01 [INFO] Host: # Start of user's script logic

- 02:29:01 [INFO] Target: 
# Start of user's script logic
> 
- 02:29:01 [INFO] Host: 

- 02:29:02 [INFO] Target: 

> 
- 02:29:02 [INFO] Host: 

- 02:29:02 [INFO] Target: 

> 
- 02:29:02 [INFO] Host: mount -t proc proc /proc 2>/dev/null;

- 02:29:03 [INFO] Target: 
mount -t proc proc /proc 2>/dev/null;
> 
- 02:29:03 [INFO] Host: 

- 02:29:04 [INFO] Target: 

> 
- 02:29:04 [INFO] Host: mount -t sysfs sys /sys 2>/dev/null;

- 02:29:04 [INFO] Target: 
mount -t sysfs sys /sys 2>/dev/null;
> 
- 02:29:04 [INFO] Host: 

- 02:29:05 [INFO] Target: 

> 
- 02:29:05 [INFO] Host: mount -t debugfs none /sys/kernel/debug 2>/dev/null;

- 02:29:05 [INFO] Target: 
mount -t debugfs none /sys/kernel/debug 2>/dev/null;
> 
- 02:29:05 [INFO] Host: 

- 02:29:06 [INFO] Target: 

> 
- 02:29:06 [INFO] Host: echo 'cpuinfo:';cat /proc/cpuinfo; echo '=======';

- 02:29:07 [INFO] Target: 
echo 'cpuinfo:';cat /proc/cpuinfo; echo '=======';
> 
- 02:29:07 [INFO] Host: 

- 02:29:07 [INFO] Target: 

> 
- 02:29:07 [INFO] Host: echo 'soc info:';head /sys/devices/soc0/* 2>/dev/null; echo '=======';

- 02:29:08 [INFO] Target: 
echo 'soc info:';head /sys/devices/soc0/* 2>/dev/null; echo '=======';
> 
- 02:29:08 [INFO] Host: 

- 02:29:08 [INFO] Target: 

> 
- 02:29:09 [INFO] Host: echo 'interrupts:';cat /proc/interrupts; echo '=======';

- 02:29:09 [INFO] Target: 
echo 'interrupts:';cat /proc/interrupts; echo '=======';
> 
- 02:29:09 [INFO] Host: 

- 02:29:10 [INFO] Target: 

> 
- 02:29:10 [INFO] Host: echo 'Clk_summary:';cat /sys/kernel/debug/clk/clk_summary; echo '=======';

- 02:29:10 [INFO] Target: 
echo 'Clk_summary:';cat /sys/kernel/debug/clk/clk_summary; echo '=======';
> 
- 02:29:10 [INFO] Host: 

- 02:29:11 [INFO] Target: 

> 
- 02:29:11 [INFO] Host: echo 'Orphan Clks:';ls /sys/kernel/debug/clk/orphans/; echo '=======';

- 02:29:12 [INFO] Target: 
echo 'Orphan Clks:';ls /sys/kernel/debug/clk/orphans/; echo '=======';
> 
- 02:29:12 [INFO] Host: 

- 02:29:12 [INFO] Target: 

> 
- 02:29:12 [INFO] Host: echo 'H''ello World' 'B''oard Booted';

- 02:29:13 [INFO] Target: 
echo 'H''ello World' 'B''oard Booted';
> 
- 02:29:13 [INFO] Host: 

- 02:29:13 [INFO] Target: 

> 
- 02:29:13 [INFO] Host: EOF
- 02:29:14 [INFO] Target: 
EOF
root@GenericAM3517(FlattenedDeviceTree):/test# 
- 02:29:14 [INFO] Host: cd /test
- 02:29:15 [INFO] Target: 
cd /test
root@GenericAM3517(FlattenedDeviceTree):/test# 
- 02:29:15 [INFO] Host: chmod +x test.sh
- 02:29:16 [INFO] Target: 
chmod +x test.sh
root@GenericAM3517(FlattenedDeviceTree):/test# 
- 02:29:16 [INFO] Host: ./test.sh 2> stderr.log > stdout.log 3> result.log
- 02:29:16 [INFO] Target: 
./test.sh 2> stderr.log > stdout. 
log 3> result.log
root@GenericAM3517(FlattenedDeviceTree):/test# 
- 02:29:16 [INFO] Host: echo $?
- 02:29:17 [INFO] Target: 
echo $?
0
root@GenericAM3517(FlattenedDeviceTree):/test# 
- 02:29:17 [INFO] Host: cd /test
- 02:29:17 [INFO] Target: 
cd /test
root@GenericAM3517(FlattenedDeviceTree):/test# 
- 02:29:17 [INFO] Host: cat stdout.log
- 02:29:19 [INFO] Target: 
cat stdout.log
cpuinfo:
processor	: 0
model name	: ARMv7 Processor rev 7 (v7l)
Features	: half thumb fastmult vfp edsp thumbee neon vfpv3 tls vfpd32 
CPU implementer	: 0x41
CPU architecture: 7
CPU variant	: 0x1
CPU part	: 0xc08
CPU revision	: 7

Hardware	: Generic AM3517 (Flattened Device Tree)
Revision	: 0000
Serial		: 0000000000000000
=======
soc info:
==> /sys/devices/soc0/family <==
OMAP3

==> /sys/devices/soc0/machine <==
AM3517

==> /sys/devices/soc0/power <==

==> /sys/devices/soc0/revision <==
ES1.1

==> /sys/devices/soc0/subsystem <==

==> /sys/devices/soc0/type <==
GP

==> /sys/devices/soc0/uevent <==
=======
interrupts:
           CPU0       
 23:          0      INTC   7  tps65910
 25:          0      INTC   9  l3-debug-irq
 26:          1      INTC  10  l3-app-irq
 28:          0      INTC  12  DMA
 29:       2450      INTC  13  omap-dma-engine
 36:          0      INTC  20  gpmc
 54:       3386      INTC  38  gp_timer
 72:        348      INTC  56  48070000.i2c
 90:       3616      INTC  74  OMAP UART2
 92:          1      INTC  76  ohci_hcd:usb2
 93:          0      INTC  77  ehci_hcd:usb1
 99:       4178      INTC  83  mmc0
312:          0  tps65910   6  tps65910-rtc
IPI0:          0  CPU wakeup interrupts
IPI1:          0  Timer broadcast interrupts
IPI2:          0  Rescheduling interrupts
IPI3:          0  Function call interrupts
IPI4:          0  Single function call interrupts
IPI5:          0  CPU stop interrupts
IPI6:          0  IRQ work interrupts
IPI7:          0  completion interrupts
Err:          0
=======
Clk_summary:
   clock                         enable_cnt  prepare_cnt        rate   accuracy
--------------------------------------------------------------------------------
 pclk_ck                                  0            0    27000000          0
    vpfe_fck                              0            0    27000000          0
 rmii_ck                                  1            1    50000000          0
    emac_fck                              2            2    50000000          0
 secure_32k_fck                           0            1       32768          0
    wdt1_fck                              0            0       32768          0
    gpt12_fck                             0            1       32768          0
 dummy_ck                                 0            0           0          0
 mcbsp_clks                               0            5           0          0
 sys_altclk                               0            0           0          0
 virt_38_4m_ck                            0            0    38400000          0
 virt_26000000_ck                         1            1    26000000          0
    osc_sys_ck                            1            1    26000000          0
       sys_clkout1                        0            0    26000000          0
       sys_ck                             6           17    13000000          0
          hecc_ck                         0            0    13000000          0
          hsotgusb_fck_am35xx             0            1    13000000          0
          cpefuse_fck                     0            0    13000000          0
          dpll5_ck                        1            1   120000000          0
             dpll5_m2_ck                  1            1   120000000          0
                usbhost_120m_fck           0            0   120000000          0
                usbtll_fck                1            1   120000000          0
          traceclk_src_fck                0            0    13000000          0
             traceclk_fck                 0            0    13000000          0
          emu_src_mux_ck                  0            1    13000000          0
             emu_src_ck                   0            1    13000000          0
                atclk_fck                 0            0    13000000          0
                pclkx2_fck                0            0    13000000          0
                pclk_fck                  0            0     6500000          0
          gpt9_fck                        0            1    13000000          0
          gpt8_fck                        0            1    13000000          0
          gpt7_fck                        0            1    13000000          0
          gpt6_fck                        0            1    13000000          0
          gpt5_fck                        0            1    13000000          0
          gpt4_fck                        0            1    13000000          0
          gpt3_fck                        0            1    13000000          0
          gpt2_fck                        1            1    13000000          0
          gpt1_fck                        1            1    13000000          0
          dss2_alwon_fck                  0            2    13000000          0
          dpll1_ck                        0            1   500000000          0
             dpll1_x2_ck                  0            1  1000000000          0
                dpll1_x2m2_ck             0            1  1000000000          0
                   mpu_ck                 0            1  1000000000          0
                      emu_mpu_alwon_ck           0            0  1000000000          0
                      arm_fck             0            1   500000000          0
          dpll3_ck                        1            1   332000000          0
             dpll3_m2_ck                  1            1   332000000          0
                core_ck                   1            1   332000000          0
                   core_d2_ck             0            0   166000000          0
                   core_d6_ck             0            0    55333333          0
                   core_d4_ck             0            0    83000000          0
                   core_d3_ck             0            0   110666666          0
                      sgx_fck             0            0   110666666          0
                   l3_ick                 2            2   166000000          0
                      sgx_ick             0            0   166000000          0
                      core_l3_ick           6            7   166000000          0
                         ipss_ick           2            2   166000000          0
                            hsotgusb_ick_am35xx           2            2   166000000          0
                            vpfe_ick           0            0   166000000          0
                            emac_ick           2            2   166000000          0
                         gpmc_fck           2            2   166000000          0
                         sdrc_ick           1            1   166000000          0
                      l4_ick              4            4    83000000          0
                         usbhost_ick           1            1    83000000          0
                         dss_ick_3430es2           4            6    83000000          0
                         per_l4_ick          13           18    83000000          0
                            mcbsp4_ick           2            2    83000000          0
                            mcbsp3_ick           2            2    83000000          0
                            mcbsp2_ick           1            1    83000000          0
                            gpt2_ick           1            1    83000000          0
                            gpt3_ick           1            1    83000000          0
                            gpt4_ick           1            1    83000000          0
                            gpt5_ick           1            1    83000000          0
                            gpt6_ick           1            1    83000000          0
                            gpt7_ick           1            1    83000000          0
                            gpt8_ick           1            1    83000000          0
                            gpt9_ick           1            1    83000000          0
                            uart4_ick           1            1    83000000          0
                            uart3_ick           1            1    83000000          0
                            wdt3_ick           0            0    83000000          0
                            gpio2_ick           0            1    83000000          0
                            gpio3_ick           0            1    83000000          0
                            gpio4_ick           0            1    83000000          0
                            gpio5_ick           0            1    83000000          0
                            gpio6_ick           0            1    83000000          0
                         core_l4_ick          19           20    83000000          0
                            mmchs3_ick           1            1    83000000          0
                            usbtll_ick           1            1    83000000          0
                            uart4_ick_am35xx           0            0    83000000          0
                            sha12_ick           0            0    83000000          0
                            aes2_ick           0            0    83000000          0
                            omapctrl_ick           1            1    83000000          0
                            mcbsp1_ick           1            1    83000000          0
                            mcbsp5_ick           1            1    83000000          0
                            gpt10_ick           1            1    83000000          0
                            gpt11_ick           1            1    83000000          0
                            uart1_ick           1            1    83000000          0
                            uart2_ick           1            1    83000000          0
                            i2c1_ick           1            1    83000000          0
                            i2c2_ick           1            1    83000000          0
                            i2c3_ick           1            1    83000000          0
                            mcspi1_ick           1            1    83000000          0
                            mcspi2_ick           1            1    83000000          0
                            mcspi3_ick           1            1    83000000          0
                            mcspi4_ick           1            1    83000000          0
                            hdq_ick           0            1    83000000          0
                            mmchs1_ick           1            1    83000000          0
                            mmchs2_ick           1            1    83000000          0
                         rm_ick           0            0    41500000          0
                   dpll1_fck              0            0   166000000          0
                dpll3_m2x2_ck             0            0   664000000          0
                   corex2_fck             0            0   664000000          0
                      corex2_d5_fck           0            0   132800000          0
                      corex2_d3_fck           0            0   221333333          0
             dpll3_m3_ck                  0            0   166000000          0
                dpll3_m3x2_mul_ck           0            0   332000000          0
                   dpll3_m3x2_ck           0            0   332000000          0
                      emu_core_alwon_ck           0            0   332000000          0
             dpll3_x2_ck                  0            0   664000000          0
          dpll4_ck                        1            3   432000000          0
             dpll4_m6_ck                  0            0   144000000          0
                dpll4_m6x2_mul_ck           0            0   288000000          0
                   dpll4_m6x2_ck           0            0   288000000          0
                      emu_per_alwon_ck           0            0   288000000          0
             dpll4_m5_ck                  0            0   108000000          0
                dpll4_m5x2_mul_ck           0            0   216000000          0
                   dpll4_m5x2_ck           0            0   216000000          0
             dpll4_m4_ck                  0            1   216000000          0
                dpll4_m4x2_mul_ck           0            1   432000000          0
                   dpll4_m4x2_ck           0            1   432000000          0
                      dss1_alwon_fck_3430es2           0            4   432000000          0
             dpll4_m3_ck                  0            1    27000000          0
                dpll4_m3x2_mul_ck           0            1    54000000          0
                   dpll4_m3x2_ck           0            1    54000000          0
                      omap_54m_fck           0            1    54000000          0
                         dss_tv_fck           0            2    54000000          0
                         clkout2_src_ck           0            0    54000000          0
                            sys_clkout2           0            0    54000000          0
             dpll4_m2_ck                  1            1    48000000          0
                dpll4_m2x2_mul_ck           1            1    96000000          0
                   dpll4_m2x2_ck           1            1    96000000          0
                      omap_192m_alwon_fck           0            0    96000000          0
                      omap_96m_alwon_fck           1            2    96000000          0
                         per_96m_fck           0            6    96000000          0
                            mcbsp4_fck           0            1    96000000          0
                            mcbsp3_fck           0            2    96000000          0
                            mcbsp2_fck           0            2    96000000          0
                         cm_96m_fck           2            2    96000000          0
                            cm_96m_d2_fck           1            1    48000000          0
                               omap_48m_fck           3            4    48000000          0
                                  usbhost_48m_fck           1            1    48000000          0
                                  per_48m_fck           1            1    48000000          0
                                     uart3_fck           1            1    48000000          0
                                  core_48m_fck           2            7    48000000          0
                                     uart4_fck_am35xx           0            1    48000000          0
                                     uart1_fck           1            2    48000000          0
                                     uart2_fck           1            1    48000000          0
                                     mcspi1_fck           0            1    48000000          0
                                     mcspi2_fck           0            1    48000000          0
                                     mcspi3_fck           0            1    48000000          0
                                     mcspi4_fck           0            1    48000000          0
                                  omap_12m_fck           0            1    12000000          0
                                     core_12m_fck           0            1    12000000          0
                                        hdq_fck             0            1    12000000          0
                            omap_96m_fck           1            2    96000000          0
                               dss_96m_fck           0            2    96000000          0
                               core_96m_fck           1           10    96000000          0
                                  mcbsp1_fck           0            1    96000000          0
                                  mcbsp5_fck           0            1    96000000          0
                                  mmchs3_fck           0            1    96000000          0
                                  i2c1_fck           0            1    96000000          0
                                  i2c2_fck           0            1    96000000          0
                                  i2c3_fck           0            1    96000000          0
                                  mmchs1_fck           1            1    96000000          0
                                  mmchs2_fck           0            1    96000000          0
             dpll4_x2_ck                  0            0   864000000          0
          wkup_l4_ick                     4            5    13000000          0
             gpt1_ick                     1            1    13000000          0
             gpt12_ick                    1            1    13000000          0
             omap_32ksync_ick             1            1    13000000          0
             gpio1_ick                    0            1    13000000          0
             wdt1_ick                     0            0    13000000          0
             wdt2_ick                     1            1    13000000          0
 virt_19200000_ck                         0            0    19200000          0
 virt_13m_ck                              0            0    13000000          0
 virt_12m_ck                              0            0    12000000          0
 omap_32k_fck                             0            7       32768          0
    ts_fck                                0            0       32768          0
    per_32k_alwon_fck                     0            5       32768          0
       wdt3_fck                           0            0       32768          0
       gpio2_dbck                         0            1       32768          0
       gpio3_dbck                         0            1       32768          0
       gpio4_dbck                         0            1       32768          0
       gpio5_dbck                         0            1       32768          0
       gpio6_dbck                         0            1       32768          0
    wkup_32k_fck                          0            3       32768          0
       wdt2_fck                           0            1       32768          0
       gpio1_dbck                         0            1       32768          0
    gpt11_fck                             0            1       32768          0
    gpt10_fck                             0            1       32768          0
 dummy_apb_pclk                           0            0           0          0
 virt_16_8m_ck                            0            0    16800000          0
=======
Orphan Clks:
=======
Hello World Board Booted
root@GenericAM3517(FlattenedDeviceTree):/test# 
- 02:29:19 [INFO] Host: cat stderr.log
- 02:29:21 [INFO] Target: 
cat stderr.log
ls: /sys/kernel/debug/clk/orphans/: No such file or directory
root@GenericAM3517(FlattenedDeviceTree):/test# 
- 02:29:21 [INFO] Host: cat result.log
- 02:29:23 [ERROR] On command: cat result.log waiting for (?m-ix:^1[\0\n\r]+) >>> error: execution expired
- 02:29:23 [INFO] Target: 
cat result.log
root@GenericAM3517(FlattenedDeviceTree):/test# 
- 02:29:23 [INFO] Host: cd /test
- 02:29:23 [INFO] Target: 
cd /test
root@GenericAM3517(FlattenedDeviceTree):/test# 
