- 06:03:43 [INFO] Starting target session
- 06:03:44 [INFO] Connected to craneboard via serial 
- 06:03:44 [INFO] Host: #check prompt
- 06:03:46 [ERROR] On command: #check prompt waiting for (?-mix:((?-mix:.*\s+login)|[Pp]assword)) >>> error: execution expired
- 06:03:46 [INFO] Target: 
#check prompt
root@GenericAM3517(FlattenedDeviceTree):/test# 
- 06:03:46 [INFO] Host: #check prompt
- 06:03:46 [INFO] Target: 
#check prompt
root@GenericAM3517(FlattenedDeviceTree):/test# 
- 06:03:46 [INFO] Host: sync;poweroff
- 06:04:08 [INFO] Target: 
sync;poweroff
Broadcast message from root@GenericAM3517(FlattenedDeviceTree) (ttyO2) (Sat S
The system is going down for system halt NOW!
INIT: Switching to runlevel: 0
root@GenericAM3517(FlattenedDeviceTree):/test# 
INIT: Sending processes the TERM signal
INIT: Sending processes the KILL signal
Stopping Dropbear SSH server: stopped /usr/sbin/dropbear (pid 613)
dropbear.
Stopping telnet daemon.
Stopping system message bus: hwclock: can't open '/dev/misc/rtc': No such file or directory
Error opening /dev/fb0: No such file or directory
Stopping syslogd/klogd: stopped syslogd (pid 623)
stopped klogd (pid 625)
done
Stopping thttpd.
ALSA: Storing mixer settings...
/usr/sbin/alsactl: save_state:1580: No soundcards found...
Deconfiguring network interfaces... ifdown: interface eth0 not configured
done.
Stopping Lighttpd Web Server: stopped /usr/sbin/lighttpd (pid 633)
lighttpd.
***************************************************************
***************************************************************
NOTICE: This file system contains the followin GPLv3 packages:
	binutils-symlinks
	binutils
	gdbserver
	parted
If you do not wish to distribute GPLv3 components please remove
the above packages prior to distribution.  This can be done using
the opkg remove command.  i.e.:
    opkg remove <package>
Where <package> is the name printed in the list above
NOTE: If the package is a dependency of another package you
      will be notified of the dependent packages.  You should
      use the --force-removal-of-dependent-packages option to
      also remove the dependent packages as well
***************************************************************
***************************************************************
Sending all processes the TERM signal...
Sending all processes the KILL signal...
Unmounting remote filesystems...
Deactivating swap...
Unmounting local filesystems...
[ 1370.918015] FAT-fs (mmcblk0p1): error, invalid access to FAT (entry 0x76fdfffd)
[ 1370.926023] FAT-fs (mmcblk0p1): Filesystem has been set read-only
[ 1370.932522] grow_buffers: requested out-of-range block 288080773043305435 for device mmcblk0p1
[ 1370.941725] FAT-fs (mmcblk0p1): unable to read inode block for updating (i_pos 4609292368692886975)
[ 1370.951371] FAT-fs (mmcblk0p1): Failed to update on disk inode for unused fallocated blocks, inode could be corrupted. Please run fsck
[ 1373.209479] reboot: System halted
- 06:04:08 [INFO] Disconnected serial from craneboard
- 06:04:59 [INFO] Connected to craneboard via serial 
- 06:04:59 [INFO] Host: 
- 06:04:59 [ERROR] On command:  waiting for (?-mix:AM3517_CRANE\s#) >>> error: execution expired
- 06:04:59 [INFO] Target: 
- 06:04:59 [INFO] Host: 
- 06:05:00 [ERROR] On command:  waiting for (?-mix:AM3517_CRANE\s#) >>> error: execution expired
- 06:05:00 [INFO] Target: 
- 06:05:00 [INFO] Host: 
- 06:05:01 [ERROR] On command:  waiting for (?-mix:AM3517_CRANE\s#) >>> error: execution expired
- 06:05:01 [INFO] Target: 
- 06:05:01 [INFO] Host: 
- 06:05:01 [INFO] Target: 
DaVinci EMAC
Hit any key to stop autoboot:  3  0 
AM3517_CRANE # 
AM3517_CRANE # 
AM3517_CRANE # 
AM3517_CRANE # 
- 06:05:01 [INFO] Host: 
- 06:05:02 [INFO] Target: 
AM3517_CRANE # 
- 06:05:02 [INFO] Host: version
- 06:05:02 [INFO] Target: 
version
U-Boot 2009.11-00005-ge83d2db (Dec 07 2010 - 11:55:34)
AM3517_CRANE # 
- 06:05:02 [INFO] Host: setenv bootargs 'console=ttyO2,115200n8 earlyprintk rootwait nohlt '
- 06:05:03 [INFO] Target: 
setenv bootargs 'console=ttyO2,115200n8 earlyprintk rootwait nohlt '
AM3517_CRANE # 
- 06:05:03 [INFO] Host: setenv bootcmd  ''
- 06:05:04 [INFO] Target: 
setenv bootcmd  ''
AM3517_CRANE # 
- 06:05:04 [INFO] Host: setenv autoload 'no'
- 06:05:04 [INFO] Target: 
setenv autoload 'no'
AM3517_CRANE # 
- 06:05:04 [INFO] Host: setenv serverip '128.247.105.47'
- 06:05:05 [INFO] Target: 
setenv serverip '128.247.105.47'
AM3517_CRANE # 
- 06:05:05 [INFO] Host: printenv
- 06:05:05 [INFO] Target: 
printenv
bootdelay=3
baudrate=115200
loadaddr=0x82000000
nandargs=setenv bootargs console=${console} root=/dev/mtdblock4 rw rootfstype=jffs2 eth=${ethaddr} ip=dhcp
loadbootscript=fatload mmc 0 ${loadaddr} boot.scr
bootscript=echo Running bootscript from mmc ...; source ${loadaddr}
loaduimage=fatload mmc 0 ${loadaddr} uImage
mmcboot=echo Booting from mmc ...; run mmcargs; bootm ${loadaddr}
nandboot=echo Booting from nand ...; run nandargs; nand read ${loadaddr} 480000 500000; bootm ${loadaddr}
dieid#=7b4e000100000000015da3961501500d
ethact=DaVinci EMAC
filesize=F40000
ipaddr=192.168.1.9
oldbootcmd=if mmc init; then if run loadbootscript; then run bootscript; else if run loaduimage; then run mmcboot; else run nandboot; fi; fi; else run nandboot; fi
mmcargs=setenv bootargs console=ttyS2,115200n8 root=/dev/mmcblk0p2 rw rootfstype=ext3 rootwait eth=08:00:28:10:66:80 ip=dhcp earlyprintk
console=ttyO2,115200n8
bootfile=uImage.am3517-craneboard
ethaddr=08:00:28:10:66:80
bootargs=console=ttyO2,115200n8 earlyprintk rootwait nohlt 
bootcmd=
autoload=no
serverip=128.247.105.47
Environment size: 1073/131068 bytes
AM3517_CRANE # 
- 06:05:05 [INFO] Host: printenv
- 06:05:06 [INFO] Target: 
printenv
bootdelay=3
baudrate=115200
loadaddr=0x82000000
nandargs=setenv bootargs console=${console} root=/dev/mtdblock4 rw rootfstype=jffs2 eth=${ethaddr} ip=dhcp
loadbootscript=fatload mmc 0 ${loadaddr} boot.scr
bootscript=echo Running bootscript from mmc ...; source ${loadaddr}
loaduimage=fatload mmc 0 ${loadaddr} uImage
mmcboot=echo Booting from mmc ...; run mmcargs; bootm ${loadaddr}
nandboot=echo Booting from nand ...; run nandargs; nand read ${loadaddr} 480000 500000; bootm ${loadaddr}
dieid#=7b4e000100000000015da3961501500d
ethact=DaVinci EMAC
filesize=F40000
ipaddr=192.168.1.9
oldbootcmd=if mmc init; then if run loadbootscript; then run bootscript; else if run loaduimage; then run mmcboot; else run nandboot; fi; fi; else run nandboot; fi
mmcargs=setenv bootargs console=ttyS2,115200n8 root=/dev/mmcblk0p2 rw rootfstype=ext3 rootwait eth=08:00:28:10:66:80 ip=dhcp earlyprintk
console=ttyO2,115200n8
bootfile=uImage.am3517-craneboard
ethaddr=08:00:28:10:66:80
bootargs=console=ttyO2,115200n8 earlyprintk rootwait nohlt 
bootcmd=
autoload=no
serverip=128.247.105.47
Environment size: 1073/131068 bytes
AM3517_CRANE # 
- 06:05:06 [INFO] Host: setenv bootargs ''${bootargs}' ip=dhcp '
- 06:05:06 [INFO] Target: 
setenv bootargs ''${bootargs}' ip=dhcp '
AM3517_CRANE # 
- 06:05:06 [INFO] Host: setenv serverip '128.247.105.47'
- 06:05:07 [INFO] Target: 
setenv serverip '128.247.105.47'
AM3517_CRANE # 
- 06:05:07 [INFO] Host: setenv ipaddr dhcp
- 06:05:08 [INFO] Target: 
setenv ipaddr dhcp
AM3517_CRANE # 
- 06:05:08 [INFO] Host: setenv autoload 'no'
- 06:05:08 [INFO] Target: 
setenv autoload 'no'
AM3517_CRANE # 
- 06:05:08 [INFO] Host: dhcp
- 06:05:10 [INFO] Target: 
dhcp
BOOTP broadcast 1
DHCP client bound to address 192.168.1.153
AM3517_CRANE # 
- 06:05:10 [INFO] Host: setenv serverip '128.247.105.47'
- 06:05:11 [INFO] Target: 
setenv serverip '128.247.105.47'
AM3517_CRANE # 
- 06:05:11 [INFO] Host: tftp ${loadaddr} 128.247.105.47:vatf_4/5c596401af113335519080dfcf303a18
- 06:05:17 [INFO] Target: 
tftp ${loadaddr} 128.247.105.47:vatf_4/5c596401af113335519080dfcf303a18
Using DaVinci EMAC device
TFTP from server 128.247.105.47; our IP address is 192.168.1.153
Filename 'vatf_4/5c596401af113335519080dfcf303a18'.
Load address: 0x82000000
Loading: *## Warning: gatewayip needed but not set
#################################################################
	 #################################################################
	 #################################################################
	 #################################################################
	 #################################################################
	 #################################################################
	 #################################################################
	 #################################################################
	 #################################################################
	 #################################################################
	 #################################################################
	 #################################################################
	 #################################################################
	 #################################################################
	 #################################################################
	 ###############################################################
done
Bytes transferred = 5310095 (51068f hex)
AM3517_CRANE # 
- 06:05:17 [INFO] Host: ls mmc 0:1
- 06:05:18 [INFO] Target: 
ls mmc 0:1
ls - list files in a directory (default /)
Usage:
ls [ directory ]
AM3517_CRANE # 
- 06:05:18 [INFO] Host: ls mmc 0:2
- 06:05:19 [INFO] Target: 
ls mmc 0:2
ls - list files in a directory (default /)
Usage:
ls [ directory ]
AM3517_CRANE # 
- 06:05:19 [INFO] Host: ls mmc 0:3
- 06:05:19 [INFO] Target: 
ls mmc 0:3
ls - list files in a directory (default /)
Usage:
ls [ directory ]
AM3517_CRANE # 
- 06:05:19 [INFO] Host: ls mmc 0:4
- 06:05:20 [INFO] Target: 
ls mmc 0:4
ls - list files in a directory (default /)
Usage:
ls [ directory ]
AM3517_CRANE # 
- 06:05:20 [INFO] Host: ls mmc 0:5
- 06:05:20 [INFO] Target: 
ls mmc 0:5
ls - list files in a directory (default /)
Usage:
ls [ directory ]
AM3517_CRANE # 
- 06:05:20 [INFO] Host: part uuid mmc 0:
- 06:05:21 [INFO] Target: 
part uuid mmc 0:
Unknown command 'part' - try 'help'
AM3517_CRANE # 
- 06:05:21 [INFO] Host: printenv
- 06:05:21 [INFO] Target: 
printenv
bootdelay=3
baudrate=115200
loadaddr=0x82000000
nandargs=setenv bootargs console=${console} root=/dev/mtdblock4 rw rootfstype=jffs2 eth=${ethaddr} ip=dhcp
loadbootscript=fatload mmc 0 ${loadaddr} boot.scr
bootscript=echo Running bootscript from mmc ...; source ${loadaddr}
loaduimage=fatload mmc 0 ${loadaddr} uImage
mmcboot=echo Booting from mmc ...; run mmcargs; bootm ${loadaddr}
nandboot=echo Booting from nand ...; run nandargs; nand read ${loadaddr} 480000 500000; bootm ${loadaddr}
dieid#=7b4e000100000000015da3961501500d
ethact=DaVinci EMAC
oldbootcmd=if mmc init; then if run loadbootscript; then run bootscript; else if run loaduimage; then run mmcboot; else run nandboot; fi; fi; else run nandboot; fi
mmcargs=setenv bootargs console=ttyS2,115200n8 root=/dev/mmcblk0p2 rw rootfstype=ext3 rootwait eth=08:00:28:10:66:80 ip=dhcp earlyprintk
console=ttyO2,115200n8
ethaddr=08:00:28:10:66:80
bootcmd=
bootargs=console=ttyO2,115200n8 earlyprintk rootwait nohlt ip=dhcp
autoload=no
bootfile=uImage.am3517-craneboard
filesize=51068F
fileaddr=82000000
netmask=255.255.255.0
ipaddr=192.168.1.153
serverip=128.247.105.47
dnsip=192.0.2.2
dnsip2=192.0.2.3
Environment size: 1155/131068 bytes
AM3517_CRANE # 
- 06:05:22 [INFO] Host: setenv bootargs ''${bootargs}' root=/dev/mmcblk0p2 rw rootfstype=ext3 rootwait '
- 06:05:22 [INFO] Target: 
setenv bootargs ''${bootargs}' root=/dev/mmcblk0p2 rw rootfstype=ext3 rootwait '
AM3517_CRANE # 
- 06:05:22 [INFO] Host: printenv
- 06:05:23 [INFO] Target: 
printenv
bootdelay=3
baudrate=115200
loadaddr=0x82000000
nandargs=setenv bootargs console=${console} root=/dev/mtdblock4 rw rootfstype=jffs2 eth=${ethaddr} ip=dhcp
loadbootscript=fatload mmc 0 ${loadaddr} boot.scr
bootscript=echo Running bootscript from mmc ...; source ${loadaddr}
loaduimage=fatload mmc 0 ${loadaddr} uImage
mmcboot=echo Booting from mmc ...; run mmcargs; bootm ${loadaddr}
nandboot=echo Booting from nand ...; run nandargs; nand read ${loadaddr} 480000 500000; bootm ${loadaddr}
dieid#=7b4e000100000000015da3961501500d
ethact=DaVinci EMAC
oldbootcmd=if mmc init; then if run loadbootscript; then run bootscript; else if run loaduimage; then run mmcboot; else run nandboot; fi; fi; else run nandboot; fi
mmcargs=setenv bootargs console=ttyS2,115200n8 root=/dev/mmcblk0p2 rw rootfstype=ext3 rootwait eth=08:00:28:10:66:80 ip=dhcp earlyprintk
console=ttyO2,115200n8
ethaddr=08:00:28:10:66:80
bootcmd=
autoload=no
bootfile=uImage.am3517-craneboard
filesize=51068F
fileaddr=82000000
netmask=255.255.255.0
ipaddr=192.168.1.153
serverip=128.247.105.47
dnsip=192.0.2.2
dnsip2=192.0.2.3
bootargs=console=ttyO2,115200n8 earlyprintk rootwait nohlt ip=dhcp root=/dev/mmcblk0p2 rw rootfstype=ext3 rootwait
Environment size: 1203/131068 bytes
AM3517_CRANE # 
- 06:05:23 [INFO] Host: setenv bootcmd ''${bootcmd}' if iminfo ${loadaddr}; then bootm ${loadaddr}  ; else bootz ${loadaddr}  ; bootm ${loadaddr}  ; fi'
- 06:05:23 [INFO] Target: 
setenv bootcmd ''${bootcmd}' if iminfo ${loadaddr}; then bootm ${loadaddr}  ; else bootz ${loadaddr}  ; bootm ${loadaddr}  ; fi'
AM3517_CRANE # 
- 06:05:23 [INFO] Host: bdinfo
- 06:05:24 [INFO] Target: 
bdinfo
arch_number = 0x00000B74
env_t       = 0x00000000
boot_params = 0x80000100
DRAM bank   = 0x00000000
-> start    = 0x80000000
-> size     = 0x10000000
DRAM bank   = 0x00000001
-> start    = 0x80000000
-> size     = 0x00000000
ethaddr     = 08:00:28:10:66:80
ip_addr     = 192.168.1.153
baudrate    = 115200 bps
AM3517_CRANE # 
- 06:05:24 [INFO] Host: boot
- 06:06:05 [INFO] Target: 
boot
Unknown command 'iminfo' - try 'help'
Unknown command 'bootz' - try 'help'
## Booting kernel from Legacy Image at 82000000 ...
   Image Name:   Linux-3.17.0-rc7-next-20141003-0
   Image Type:   ARM Linux Kernel Image (uncompressed)
   Data Size:    5310031 Bytes =  5.1 MB
   Load Address: 80800000
   Entry Point:  80800000
   Verifying Checksum ... OK
   Loading Kernel Image ... OK
Starting kernel ...
[    0.000000] Booting Linux on physical CPU 0x0
[    0.000000] Linux version 3.17.0-rc7-next-20141003-00002-gb4b24f3 (nmenon@kahuna) (gcc version 4.6.3 (Ubuntu/Linaro 4.6.3-1ubuntu5) ) #1 SMP Fri Oct 3 05:59:25 CDT 2014
[    0.000000] CPU: ARMv7 Processor [411fc087] revision 7 (ARMv7), cr=10c5387d
[    0.000000] CPU: PIPT / VIPT nonaliasing data cache, VIPT nonaliasing instruction cache
[    0.000000] Machine model: TI AM3517 CraneBoard (TMDSEVM3517)
[    0.000000] cma: Reserved 64 MiB at 8b800000
[    0.000000] Memory policy: Data cache writeback
[    0.000000]   HighMem zone: 1048574 pages exceeds freesize 0
[    0.000000] CPU: All CPU(s) started in SVC mode.
[    0.000000] AM3517 ES1.1 (l2cache sgx neon )
[    0.000000] PERCPU: Embedded 10 pages/cpu @cfc94000 s8448 r8192 d24320 u40960
[    0.000000] Built 1 zonelists in Zone order, mobility grouping on.  Total pages: 64768
[    0.000000] Kernel command line: console=ttyO2,115200n8 earlyprintk rootwait nohlt ip=dhcp root=/dev/mmcblk0p2 rw rootfstype=ext3 rootwait
[    0.000000] PID hash table entries: 1024 (order: 0, 4096 bytes)
[    0.000000] Dentry cache hash table entries: 32768 (order: 5, 131072 bytes)
[    0.000000] Inode-cache hash table entries: 16384 (order: 4, 65536 bytes)
[    0.000000] Memory: 181220K/261120K available (6868K kernel code, 937K rwdata, 2776K rodata, 716K init, 308K bss, 79900K reserved, 0K highmem)
[    0.000000] Virtual kernel memory layout:
[    0.000000]     vector  : 0xffff0000 - 0xffff1000   (   4 kB)
[    0.000000]     fixmap  : 0xffc00000 - 0xffe00000   (2048 kB)
[    0.000000]     vmalloc : 0xd0800000 - 0xff000000   ( 744 MB)
[    0.000000]     lowmem  : 0xc0000000 - 0xd0000000   ( 256 MB)
[    0.000000]     pkmap   : 0xbfe00000 - 0xc0000000   (   2 MB)
[    0.000000]     modules : 0xbf000000 - 0xbfe00000   (  14 MB)
[    0.000000]       .text : 0xc0208000 - 0xc0b733f0   (9645 kB)
[    0.000000]       .init : 0xc0b74000 - 0xc0c27100   ( 717 kB)
[    0.000000]       .data : 0xc0c28000 - 0xc0d12540   ( 938 kB)
[    0.000000]        .bss : 0xc0d12540 - 0xc0d5f8e0   ( 309 kB)
[    0.000000] SLUB: HWalign=64, Order=0-3, MinObjects=0, CPUs=1, Nodes=1
[    0.000000] Hierarchical RCU implementation.
[    0.000000] 	RCU restricting CPUs from NR_CPUS=8 to nr_cpu_ids=1.
[    0.000000] RCU: Adjusting geometry for rcu_fanout_leaf=16, nr_cpu_ids=1
[    0.000000] NR_IRQS:16 nr_irqs:16 16
[    0.000000] IRQ: Found an INTC at 0xfa200000 (revision 4.0) with 96 interrupts
[    0.000000] Clocking rate (Crystal/Core/MPU): 26.0/332/500 MHz
[    0.000000] OMAP clockevent source: timer2 at 13000000 Hz
[    0.000026] sched_clock: 32 bits at 13MHz, resolution 76ns, wraps every 330382100403ns
[    0.000067] OMAP clocksource: timer1 at 13000000 Hz
[    0.000380] Console: colour dummy device 80x30
[    0.000431] Calibrating delay loop... 496.43 BogoMIPS (lpj=1241088)
[    0.027547] pid_max: default: 32768 minimum: 301
[    0.027835] Mount-cache hash table entries: 1024 (order: 0, 4096 bytes)
[    0.027858] Mountpoint-cache hash table entries: 1024 (order: 0, 4096 bytes)
[    0.029019] CPU: Testing write buffer coherency: ok
[    0.029563] CPU0: thread -1, cpu 0, socket -1, mpidr 0
[    0.029743] Setting up static identity map for 0x8087dd78 - 0x8087de10
[    0.035065] Brought up 1 CPUs
[    0.035092] SMP: Total of 1 processors activated.
[    0.035108] CPU: All CPU(s) started in SVC mode.
[    0.036198] devtmpfs: initialized
[    0.037983] VFP support v0.3: implementor 41 architecture 3 part 30 variant c rev 1
[    0.060114] omap_hwmod: mcbsp2_sidetone using broken dt data from mcbsp
[    0.060779] omap_hwmod: mcbsp3_sidetone using broken dt data from mcbsp
[    0.107638] omap_hwmod: uart4: cannot be enabled for reset (3)
[    0.128871] pinctrl core: initialized pinctrl subsystem
[    0.130030] regulator-dummy: no parameters
[    0.169133] NET: Registered protocol family 16
[    0.174040] DMA: preallocated 256 KiB pool for atomic coherent allocations
[    0.179282] cpuidle: using governor ladder
[    0.179320] cpuidle: using governor menu
[    0.179532] omap_l3_smx omap_l3_smx.0: couldn't request debug irq
[    0.179584] omap_l3_smx: probe of omap_l3_smx.0 failed with error -22
[    0.187396] Reprogramming SDRC clock to 332000000 Hz
[    0.190081] platform 480c5000.aes: Cannot lookup hwmod 'aes'
[    0.196397] OMAP GPIO hardware version 2.5
[    0.210608] platform 480c3000.sham: Cannot lookup hwmod 'sham'
[    0.211206] platform 480cb000.smartreflex: Cannot lookup hwmod 'smartreflex_core'
[    0.218965] omap-gpmc 6e000000.gpmc: GPMC revision 5.0
[    0.219668] platform 480ab000.usb_otg_hs: Cannot lookup hwmod 'usb_otg_hs'
[    0.222492] No ATAGs?
[    0.222632] hw-breakpoint: debug architecture 0x4 unsupported.
[    0.223084] EXYNOS: PMU not supported
[    0.226035] OMAP DMA hardware revision 4.0
[    0.230672] Serial: AMBA PL011 UART driver
[    0.260132] edma-dma-engine edma-dma-engine.0: Can't allocate PaRAM dummy slot
[    0.260203] edma-dma-engine: probe of edma-dma-engine.0 failed with error -22
[    0.289239] omap-dma-engine 48056000.dma-controller: OMAP DMA engine driver
[    0.290387] vbat: 5000 mV 
[    0.295279] vgaarb: loaded
[    0.296874] SCSI subsystem initialized
[    0.298262] usbcore: registered new interface driver usbfs
[    0.298431] usbcore: registered new interface driver hub
[    0.298554] usbcore: registered new device driver usb
[    0.302788] tps65910 0-002d: could not find pctldev for node /ocp/pinmux@48002030/pinmux_tps_pins, deferring probe
[    0.302840] i2c 0-002d: Driver tps65910 requests probe deferral
[    0.302931] omap_i2c 48070000.i2c: bus 0 rev3.3 at 2600 kHz
[    0.303698] Linux video capture interface: v2.00
[    0.303836] pps_core: LinuxPPS API ver. 1 registered
[    0.303853] pps_core: Software ver. 5.3.6 - Copyright 2005-2007 Rodolfo Giometti <giometti@linux.it>
[    0.303921] PTP clock support registered
[    0.304403] EDAC MC: Ver: 3.0.0
[    0.306499] Advanced Linux Sound Architecture Driver Initialized.
[    0.309317] Switched to clocksource timer1
[    0.334624] NET: Registered protocol family 2
[    0.335815] TCP established hash table entries: 2048 (order: 1, 8192 bytes)
[    0.335880] TCP bind hash table entries: 2048 (order: 2, 16384 bytes)
[    0.335948] TCP: Hash tables configured (established 2048 bind 2048)
[    0.336099] TCP: reno registered
[    0.336126] UDP hash table entries: 256 (order: 1, 8192 bytes)
[    0.336173] UDP-Lite hash table entries: 256 (order: 1, 8192 bytes)
[    0.336544] NET: Registered protocol family 1
[    0.337222] RPC: Registered named UNIX socket transport module.
[    0.337247] RPC: Registered udp transport module.
[    0.337260] RPC: Registered tcp transport module.
[    0.337274] RPC: Registered tcp NFSv4.1 backchannel transport module.
[    0.341465] hw perfevents: enabled with armv7_cortex_a8 PMU driver, 5 counters available
[    0.346469] futex hash table entries: 256 (order: 2, 16384 bytes)
[    0.375782] squashfs: version 4.0 (2009/01/31) Phillip Lougher
[    0.377596] NFS: Registering the id_resolver key type
[    0.377692] Key type id_resolver registered
[    0.377711] Key type id_legacy registered
[    0.377851] msgmni has been set to 481
[    0.379517] Block layer SCSI generic (bsg) driver version 0.4 loaded (major 249)
[    0.379558] io scheduler noop registered
[    0.379584] io scheduler deadline registered
[    0.380038] io scheduler cfq registered (default)
[    0.385394] pinctrl-single 48002030.pinmux: 284 pins at pa fa002030 size 568
[    0.385834] pinctrl-single 48002a00.pinmux: 46 pins at pa fa002a00 size 92
[    0.543100] Serial: 8250/16550 driver, 4 ports, IRQ sharing disabled
[    0.547671] Serial: IMX driver
[    0.548665] msm_serial: driver initialized
[    0.549864] omap_uart 4806a000.serial: no wakeirq for uart0
[    0.550175] omap_uart 4806a000.serial: ttyO0 at MMIO 0x4806a000 (irq = 225, base_baud = 3000000) is a OMAP UART0
[    0.551216] omap_uart 4806c000.serial: no wakeirq for uart0
[    0.551453] omap_uart 4806c000.serial: ttyO1 at MMIO 0x4806c000 (irq = 226, base_baud = 3000000) is a OMAP UART1
[    0.552333] omap_uart 49020000.serial: no wakeirq for uart0
[    0.552551] omap_uart 49020000.serial: ttyO2 at MMIO 0x49020000 (irq = 227, base_baud = 3000000) is a OMAP UART2
[    1.329072] console [ttyO2] enabled
[    1.333734] STMicroelectronics ASC driver initialized
[    1.340946] serial: Freescale lpuart driver
[    1.345939] [drm] Initialized drm 1.1.0 20060810
[    1.364062] loop: module loaded
[    1.380900] CAN device driver interface
[    1.386852] igb: Intel(R) Gigabit Ethernet Network Driver - version 5.2.13-k
[    1.394371] igb: Copyright (c) 2007-2014 Intel Corporation.
[    1.439402] davinci_mdio davinci_mdio.0: davinci mdio revision 1.5
[    1.445990] davinci_mdio davinci_mdio.0: detected phy mask fffffffe
[    1.453582] libphy: davinci_mdio.0: probed
[    1.458039] davinci_mdio davinci_mdio.0: phy[0]: device davinci_mdio.0:00, driver unknown
[    1.467791] pegasus: v0.9.3 (2013/04/25), Pegasus/Pegasus II USB Ethernet driver
[    1.475843] usbcore: registered new interface driver pegasus
[    1.482043] usbcore: registered new interface driver asix
[    1.487922] usbcore: registered new interface driver ax88179_178a
[    1.494525] usbcore: registered new interface driver cdc_ether
[    1.500893] usbcore: registered new interface driver smsc75xx
[    1.507165] usbcore: registered new interface driver smsc95xx
[    1.513412] usbcore: registered new interface driver net1080
[    1.519601] usbcore: registered new interface driver cdc_subset
[    1.526034] usbcore: registered new interface driver zaurus
[    1.532186] usbcore: registered new interface driver cdc_ncm
[    1.538287] ehci_hcd: USB 2.0 'Enhanced' Host Controller (EHCI) Driver
[    1.545237] ehci-pci: EHCI PCI platform driver
[    1.550123] ehci-platform: EHCI generic platform driver
[    1.556114] ehci-omap: OMAP-EHCI Host Controller driver
[    1.562357] ehci-omap 48064800.ehci: EHCI Host Controller
[    1.568204] ehci-omap 48064800.ehci: new USB bus registered, assigned bus number 1
[    1.576928] ehci-omap 48064800.ehci: irq 259, io mem 0x48064800
[    1.589341] ehci-omap 48064800.ehci: USB 2.0 started, EHCI 1.00
[    1.597647] hub 1-0:1.0: USB hub found
[    1.601836] hub 1-0:1.0: 3 ports detected
[    1.607569] ehci-orion: EHCI orion driver
[    1.612355] SPEAr-ehci: EHCI SPEAr driver
[    1.616988] tegra-ehci: Tegra EHCI driver
[    1.621615] ohci_hcd: USB 1.1 'Open' Host Controller (OHCI) Driver
[    1.628248] ohci-pci: OHCI PCI platform driver
[    1.633161] ohci-platform: OHCI generic platform driver
[    1.639054] ohci-omap3: OHCI OMAP3 driver
[    1.643830] ohci-omap3 48064400.ohci: OHCI Host Controller
[    1.649725] ohci-omap3 48064400.ohci: new USB bus registered, assigned bus number 2
[    1.658283] ohci-omap3 48064400.ohci: irq 258, io mem 0x48064400
[    1.741256] hub 2-0:1.0: USB hub found
[    1.745415] hub 2-0:1.0: 3 ports detected
[    1.751043] SPEAr-ohci: OHCI SPEAr driver
[    1.757465] usbcore: registered new interface driver usb-storage
[    1.767329] mousedev: PS/2 mouse device common for all mice
[    1.779912] i2c /dev entries driver
[    1.787151] usbcore: registered new interface driver uvcvideo
[    1.793313] USB Video Class driver (1.1.1)
[    1.797692] gspca_main: v2.14.0 registered
[    1.809169] sdhci: Secure Digital Host Controller Interface driver
[    1.815780] sdhci: Copyright(c) Pierre Ossman
[    1.823023] omap_hsmmc 4809c000.mmc: unable to get vmmc regulator -517
[    1.830164] platform 4809c000.mmc: Driver omap_hsmmc requests probe deferral
[    1.838350] Synopsys Designware Multimedia Card Interface Driver
[    1.846122] sdhci-pltfm: SDHCI platform and OF driver helper
[    1.854842] ledtrig-cpu: registered to indicate activity on CPUs
[    1.861851] usbcore: registered new interface driver usbhid
[    1.867797] usbhid: USB HID core driver
[    1.883206] TCP: cubic registered
[    1.886853] NET: Registered protocol family 17
[    1.891657] can: controller area network core (rev 20120528 abi 9)
[    1.898435] NET: Registered protocol family 29
[    1.903201] can: raw protocol (rev 20120528)
[    1.907770] can: broadcast manager protocol (rev 20120528 t)
[    1.913819] can: netlink gateway (rev 20130117) max_hops=1
[    1.920666] Key type dns_resolver registered
[    1.925692] omap2_set_init_voltage: unable to find boot up OPP for vdd_mpu_iva
[    1.933381] omap2_set_init_voltage: unable to set vdd_mpu_iva
[    1.939505] omap2_set_init_voltage: unable to find boot up OPP for vdd_core
[    1.946889] omap2_set_init_voltage: unable to set vdd_core
[    1.953619] cpu cpu0: failed to get cpu0 regulator: -19
[    1.959415] cpu cpu0: failed to get cpu0 regulator: -19
[    1.965031] cpu cpu0: dev_pm_opp_get_opp_count: device OPP not found (-19)
[    1.972337] cpu cpu0: failed to init cpufreq table: -19
[    1.978219] PM: no software I/O chain control; some wakeups may be lost
[    1.985228] pm: Failed to request pm_wkup irq
[    1.989914] ThumbEE CPU extension supported.
[    1.994533] Registering SWP/SWPB emulation handler
[    2.008935] vrtc: 1800 mV 
[    2.012329] vrtc: supplied by vbat
[    2.017992] vio: at 1800 mV 
[    2.021286] vio: supplied by vbat
[    2.026985] vdd_core: 1200 mV 
[    2.030442] vdd_core: supplied by vbat
[    2.036935] vdd_shv: 3300 mV 
[    2.040297] vdd_shv: supplied by vbat
[    2.045288] vdd3: 5000 mV 
[    2.049592] vdig1: at 1200 mV 
[    2.052995] vdig1: supplied by vbat
[    2.058072] vdig2: at 1000 mV 
[    2.061522] vdig2: supplied by vbat
[    2.066877] vpll: 1800 mV 
[    2.069952] vpll: supplied by vbat
[    2.075253] vdac: 1800 mV 
[    2.078287] vdac: supplied by vbat
[    2.083695] vaux1: 1800 mV 
[    2.086868] vaux1: supplied by vbat
[    2.092274] vaux2: 1800 mV 
[    2.095448] vaux2: supplied by vbat
[    2.100560] vaux33: at 1800 mV 
[    2.104048] vaux33: supplied by vbat
[    2.109621] vmmc: 3300 mV 
[    2.112657] vmmc: supplied by vbat
[    2.117748] vbb: at 3000 mV 
[    2.121158] vbb: supplied by vbat
[    2.134892] tps65910-rtc tps65910-rtc: rtc core: registered tps65910-rtc as rtc0
[    2.146425] vdd_shv: operation not allowed
[    2.150899] omap_hsmmc 4809c000.mmc: could not set regulator OCR (-1)
[    2.158073] vdd_shv: operation not allowed
[    2.162464] omap_hsmmc 4809c000.mmc: could not set regulator OCR (-1)
[    2.204790] tps65910-rtc tps65910-rtc: setting system clock to 2014-09-27 04:16:09 UTC (1411791369)
[    2.336937] mmc0: host does not support reading read-only switch, assuming write-enable
[    2.348052] mmc0: new high speed SDHC card at address 1234
[    2.354948] mmcblk0: mmc0:1234 SA04G 3.63 GiB 
[    2.362598]  mmcblk0: p1 p2
[   14.295313] ALSA device list:
[   14.298468]   No soundcards found.
[   14.306261] EXT4-fs (mmcblk0p2): mounting ext3 file system using the ext4 subsystem
[   14.361227] EXT4-fs (mmcblk0p2): mounted filesystem with ordered data mode. Opts: (null)
[   14.369949] VFS: Mounted root (ext3 filesystem) on device 179:2.
[   14.381570] devtmpfs: mounted
[   14.386960] Freeing unused kernel memory: 716K (c0b74000 - c0c27000)
INIT: version 2.88 booting
Error opening /dev/fb0: No such file or directory
/dev/ttyO2 linked to /dev/tty-bd - using as console
Starting udev
[   15.716738] udevd[91]: starting version 182
[   16.040309] random: nonblocking pool is initialized
[   21.593821] FAT-fs (mmcblk0p1): codepage cp437 not found
[   21.818517] FAT-fs (mmcblk0p1): codepage cp437 not found
[   22.817618] FAT-fs (mmcblk0p1): codepage cp437 not found
[   22.868832] FAT-fs (mmcblk0p1): codepage cp437 not found
ERROR: could not open directory /lib/modules/3.17.0-rc7-next-20141003-00002-gb4b24f3: No such file or directory
WARNING: -e needs -E or -F
ERROR: could not open directory /lib/modules/3.17.0-rc7-next-20141003-00002-gb4b24f3: No such file or directory
FATAL: could not search modules: No such file or directory
Starting Bootlog daemon: bootlogd.
[   23.229725] EXT4-fs (mmcblk0p2): re-mounted. Opts: data=ordered
ALSA: Restoring mixer settings...
/usr/sbin/alsactl: load_state:1696: No soundcards found...
Configuring network interfaces... ifconfig: SIOCGIFFLAGS: No such device
done.
INIT: Entering runlevel: 3
/dev/ttyO2 linked to /dev/tty-bd - using as console
Starting system message bus: dbus.
Starting Dropbear SSH server: dropbear.
Starting telnet daemon.
Starting syslogd/klogd: done
Starting thttpd.
Starting Lighttpd Web Server: lighttpd.
2014-09-27 04:16:39: (log.c.166) server started 
***************************************************************
***************************************************************
NOTICE: This file system contains the followin GPLv3 packages:
	binutils-symlinks
	binutils
	gdbserver
	parted
If you do not wish to distribute GPLv3 components please remove
the above packages prior to distribution.  This can be done using
the opkg remove command.  i.e.:
    opkg remove <package>
Where <package> is the name printed in the list above
NOTE: If the package is a dependency of another package you
      will be notified of the dependent packages.  You should
      use the --force-removal-of-dependent-packages option to
      also remove the dependent packages as well
***************************************************************
***************************************************************
Stopping Bootlog daemon: bootlogd.
 _____                    _____           _         _   
|  _  |___ ___ ___ ___   |  _  |___ ___  |_|___ ___| |_ 
|     |  _| .'| . | . |  |   __|  _| . | | | -_|  _|  _|
|__|__|_| |__,|_  |___|  |__|  |_| |___|_| |___|___|_|  
              |___|                    |___|            
Arago Project http://arago-project.org GenericAM3517(FlattenedDeviceTree) tty-bd
Arago 2013.12 GenericAM3517(FlattenedDeviceTree) tty-bd
GenericAM3517(FlattenedDeviceTree) login: 
- 06:06:06 [INFO] Host: root
- 06:06:06 [INFO] Target: 
root
root@GenericAM3517(FlattenedDeviceTree):~# 
- 06:06:06 [INFO] Host: uname -a
- 06:06:07 [INFO] Target: 
uname -a
Linux GenericAM3517(FlattenedDeviceTree) 3.17.0-rc7-next-20141003-00002-gb4b24f3 #1 SMP Fri Oct 3 05:59:25 CDT 2014 armv7l GNU/Linux
root@GenericAM3517(FlattenedDeviceTree):~# 
- 06:06:07 [INFO] Host: cat /proc/cmdline
- 06:06:07 [INFO] Target: 
cat /proc/cmdline
console=ttyO2,115200n8 earlyprintk rootwait nohlt ip=dhcp root=/dev/mmcblk0p2 rw rootfstype=ext3 rootwait
root@GenericAM3517(FlattenedDeviceTree):~# 
- 06:06:07 [INFO] Host: uname -a
- 06:06:08 [INFO] Target: 
uname -a
Linux GenericAM3517(FlattenedDeviceTree) 3.17.0-rc7-next-20141003-00002-gb4b24f3 #1 SMP Fri Oct 3 05:59:25 CDT 2014 armv7l GNU/Linux
root@GenericAM3517(FlattenedDeviceTree):~# 
- 06:06:08 [INFO] Host: cat /proc/mtd
- 06:06:08 [INFO] Target: 
cat /proc/mtd
dev:    size   erasesize  name
root@GenericAM3517(FlattenedDeviceTree):~# 
- 06:06:15 [INFO] Host: export IPERFHOST=128.247.105.47
- 06:06:15 [INFO] Target: 
export IPERFHOST=128.247.105.47
root@GenericAM3517(FlattenedDeviceTree):~# 
- 06:06:15 [INFO] Host: export NFS_SERVER=128.247.105.47
- 06:06:16 [INFO] Target: 
export NFS_SERVER=128.247.105.47
root@GenericAM3517(FlattenedDeviceTree):~# 
- 06:06:16 [INFO] Host: export NFS_ROOT_PATH=/usr/workdir/filesys/linux/crane
- 06:06:16 [INFO] Target: 
export NFS_ROOT_PATH=/usr/workdir/fil 
esys/linux/crane
root@GenericAM3517(FlattenedDeviceTree):~# 
- 06:06:16 [INFO] Host: mkdir -p -m 777 /test
- 06:06:17 [INFO] Target: 
mkdir -p -m 777 /test
root@GenericAM3517(FlattenedDeviceTree):~# 
- 06:06:17 [INFO] Host: cd /test
- 06:06:17 [INFO] Target: 
cd /test
root@GenericAM3517(FlattenedDeviceTree):/test# 
- 06:06:17 [INFO] Host: cat > test.sh << EOF
- 06:06:18 [INFO] Target: 
cat > test.sh << EOF
- 06:06:18 [INFO] Host: failtest() {
- 06:06:19 [INFO] Target: 
failtest() {
- 06:06:19 [INFO] Host:   echo 1 >&3
- 06:06:19 [INFO] Target: 
  echo 1 >&3
- 06:06:19 [INFO] Host: }
- 06:06:20 [INFO] Target: 
- 06:06:20 [INFO] Host: timeout=600
- 06:06:20 [INFO] Target: 
timeout=600
- 06:06:20 [INFO] Host: 
- 06:06:21 [INFO] Target: 
- 06:06:21 [INFO] Host: # Start of user's script logic
- 06:06:22 [INFO] Target: 
# Start of user's script logic
- 06:06:22 [INFO] Host: 
- 06:06:22 [INFO] Target: 
- 06:06:22 [INFO] Host: 
- 06:06:23 [INFO] Target: 
- 06:06:23 [INFO] Host: mount -t proc proc /proc 2>/dev/null;
- 06:06:23 [INFO] Target: 
mount -t proc proc /proc 2>/dev/null;
- 06:06:23 [INFO] Host: 
- 06:06:24 [INFO] Target: 
- 06:06:24 [INFO] Host: mount -t sysfs sys /sys 2>/dev/null;
- 06:06:24 [INFO] Target: 
mount -t sysfs sys /sys 2>/dev/null;
- 06:06:24 [INFO] Host: 
- 06:06:25 [INFO] Target: 
- 06:06:25 [INFO] Host: mount -t debugfs none /sys/kernel/debug 2>/dev/null;
- 06:06:26 [INFO] Target: 
mount -t debugfs none /sys/kernel/debug 2>/dev/null;
- 06:06:26 [INFO] Host: 
- 06:06:26 [INFO] Target: 
- 06:06:26 [INFO] Host: echo 'cpuinfo:';cat /proc/cpuinfo; echo '=======';
- 06:06:27 [INFO] Target: 
echo 'cpuinfo:';cat /proc/cpuinfo; echo '=======';
- 06:06:27 [INFO] Host: 
- 06:06:27 [INFO] Target: 
- 06:06:27 [INFO] Host: echo 'soc info:';head /sys/devices/soc0/* 2>/dev/null; echo '=======';
- 06:06:28 [INFO] Target: 
echo 'soc info:';head /sys/devices/soc0/* 2>/dev/null; echo '=======';
- 06:06:28 [INFO] Host: 
- 06:06:29 [INFO] Target: 
- 06:06:29 [INFO] Host: echo 'DT Model info'; head /proc/device-tree/name /proc/device-tree/model /proc/device-tree/compatible 2>/dev/null;echo; echo '=======';
- 06:06:29 [INFO] Target: 
echo 'DT Model info'; head /proc/device-tree/name /proc/device-tree/model /pro 
c/device-tree/compatible 2>/dev/null;echo; echo '=======';
- 06:06:29 [INFO] Host: 
- 06:06:30 [INFO] Target: 
- 06:06:30 [INFO] Host: echo 'interrupts:';cat /proc/interrupts; echo '=======';
- 06:06:30 [INFO] Target: 
echo 'interrupts:';cat /proc/interrupts; echo '=======';
- 06:06:30 [INFO] Host: 
- 06:06:31 [INFO] Target: 
- 06:06:31 [INFO] Host: echo 'Clk_summary:';cat /sys/kernel/debug/clk/clk_summary; echo '=======';
- 06:06:31 [INFO] Target: 
echo 'Clk_summary:';cat /sys/kernel/debug/clk/clk_summary; echo '=======';
- 06:06:31 [INFO] Host: 
- 06:06:32 [INFO] Target: 
- 06:06:32 [INFO] Host: echo 'Orphan Clks:';ls /sys/kernel/debug/clk/orphans/; echo '=======';
- 06:06:33 [INFO] Target: 
echo 'Orphan Clks:';ls /sys/kernel/debug/clk/orphans/; echo '=======';
- 06:06:33 [INFO] Host: 
- 06:06:33 [INFO] Target: 
- 06:06:33 [INFO] Host: echo "Available frequencies"; cat /sys/devices/system/cpu/cpu0/cpufreq/scaling_available_frequencies 2>/dev/null;echo '=======';
- 06:06:34 [INFO] Target: 
echo "Available frequencies"; cat /sys/devices/system/cpu/cpu0/cpufreq/scaling 
_available_frequencies 2>/dev/null;echo '=======';
- 06:06:34 [INFO] Host: 
- 06:06:34 [INFO] Target: 
- 06:06:34 [INFO] Host: echo 'H''ello World' 'B''oard Booted';
- 06:06:35 [INFO] Target: 
echo 'H''ello World' 'B''oard Booted';
- 06:06:35 [INFO] Host: 
- 06:06:36 [INFO] Target: 
- 06:06:36 [INFO] Host: EOF
- 06:06:39 [INFO] Target: 
root@GenericAM3517(FlattenedDeviceTree):/test# 
- 06:06:39 [INFO] Host: cd /test
- 06:06:40 [INFO] Target: 
cd /test
root@GenericAM3517(FlattenedDeviceTree):/test# 
- 06:06:40 [INFO] Host: chmod +x test.sh
- 06:06:40 [INFO] Target: 
chmod +x test.sh
root@GenericAM3517(FlattenedDeviceTree):/test# 
- 06:06:40 [INFO] Host: ./test.sh 2> stderr.log > stdout.log 3> result.log
- 06:06:41 [INFO] Target: 
./test.sh 2> stderr.log > stdout. 
log 3> result.log
root@GenericAM3517(FlattenedDeviceTree):/test# 
- 06:06:41 [INFO] Host: echo $?
- 06:06:42 [INFO] Target: 
echo $?
root@GenericAM3517(FlattenedDeviceTree):/test# 
- 06:06:42 [INFO] Host: cd /test
- 06:06:42 [INFO] Target: 
cd /test
root@GenericAM3517(FlattenedDeviceTree):/test# 
- 06:06:42 [INFO] Host: cat stdout.log
- 06:06:45 [INFO] Target: 
cat stdout.log
cpuinfo:
processor	: 0
model name	: ARMv7 Processor rev 7 (v7l)
Features	: half thumb fastmult vfp edsp thumbee neon vfpv3 tls vfpd32 
CPU implementer	: 0x41
CPU architecture: 7
CPU variant	: 0x1
CPU part	: 0xc08
CPU revision	: 7
Hardware	: Generic AM3517 (Flattened Device Tree)
Revision	: 0000
Serial		: 0000000000000000
=======
soc info:
==> /sys/devices/soc0/family <==
OMAP3
==> /sys/devices/soc0/machine <==
AM3517
==> /sys/devices/soc0/power <==
==> /sys/devices/soc0/revision <==
ES1.1
==> /sys/devices/soc0/subsystem <==
==> /sys/devices/soc0/type <==
==> /sys/devices/soc0/uevent <==
=======
DT Model info
==> /proc/device-tree/name <==
==> /proc/device-tree/model <==
TI AM3517 CraneBoard (TMDSEVM3517)
==> /proc/device-tree/compatible <==
ti,am3517-craneboardti,am3517ti,omap3
=======
interrupts:
           CPU0       
 16:       3470      INTC  38  gp_timer
 24:       2892      INTC  13  omap-dma-engine
 28:          0  48310000.gpio   0  DMA
227:       4653      INTC  74  OMAP UART2
228:        350      INTC  56  48070000.i2c
234:       7123      INTC  83  mmc0
248:          0      INTC  20  gpmc
257:          0      INTC   7  tps65910
258:          1      INTC  76  ohci_hcd:usb2
259:          0      INTC  77  ehci_hcd:usb1
266:          0  tps65910   6  tps65910-rtc
IPI0:          0  CPU wakeup interrupts
IPI1:          0  Timer broadcast interrupts
IPI2:          0  Rescheduling interrupts
IPI3:          0  Function call interrupts
IPI4:          0  Single function call interrupts
IPI5:          0  CPU stop interrupts
IPI6:          0  IRQ work interrupts
IPI7:          0  completion interrupts
Err:          0
=======
Clk_summary:
   clock                         enable_cnt  prepare_cnt        rate   accuracy   phase
----------------------------------------------------------------------------------------
 pclk_ck                                  0            0    27000000          0 0  
    vpfe_fck                              0            0    27000000          0 0  
 rmii_ck                                  1            1    50000000          0 0  
    emac_fck                              2            2    50000000          0 0  
 secure_32k_fck                           0            1       32768          0 0  
    wdt1_fck                              0            0       32768          0 0  
    gpt12_fck                             0            1       32768          0 0  
 dummy_ck                                 0            0           0          0 0  
 mcbsp_clks                               0            5           0          0 0  
 sys_altclk                               0            0           0          0 0  
 virt_38_4m_ck                            0            0    38400000          0 0  
 virt_26000000_ck                         1            1    26000000          0 0  
    osc_sys_ck                            1            1    26000000          0 0  
       sys_clkout1                        0            0    26000000          0 0  
       sys_ck                             6           17    13000000          0 0  
          gpt9_fck                        0            1    13000000          0 0  
          gpt8_fck                        0            1    13000000          0 0  
          gpt7_fck                        0            1    13000000          0 0  
          gpt6_fck                        0            1    13000000          0 0  
          gpt5_fck                        0            1    13000000          0 0  
          gpt4_fck                        0            1    13000000          0 0  
          gpt3_fck                        0            1    13000000          0 0  
          gpt2_fck                        1            1    13000000          0 0  
          gpt1_fck                        1            1    13000000          0 0  
          hecc_ck                         0            0    13000000          0 0  
          hsotgusb_fck_am35xx             0            1    13000000          0 0  
          cpefuse_fck                     0            0    13000000          0 0  
          dpll5_ck                        1            1   120000000          0 0  
             dpll5_m2_ck                  1            1   120000000          0 0  
                usbhost_120m_fck           0            0   120000000          0 0  
                usbtll_fck                1            1   120000000          0 0  
          traceclk_src_fck                0            0    13000000          0 0  
             traceclk_fck                 0            0    13000000          0 0  
          emu_src_mux_ck                  0            1    13000000          0 0  
             emu_src_ck                   0            1    13000000          0 0  
                atclk_fck                 0            0    13000000          0 0  
                pclkx2_fck                0            0    13000000          0 0  
                pclk_fck                  0            0     6500000          0 0  
          dss2_alwon_fck                  0            2    13000000          0 0  
          dpll1_ck                        0            1   500000000          0 0  
             dpll1_x2_ck                  0            1  1000000000          0 0  
                dpll1_x2m2_ck             0            1  1000000000          0 0  
                   mpu_ck                 0            1  1000000000          0 0  
                      emu_mpu_alwon_ck           0            0  1000000000          0 0  
                      arm_fck             0            1   500000000          0 0  
          dpll3_ck                        1            1   332000000          0 0  
             dpll3_x2_ck                  0            0   664000000          0 0  
             dpll3_m2_ck                  1            1   332000000          0 0  
                dpll3_m2x2_ck             0            0   664000000          0 0  
                   corex2_fck             0            0   664000000          0 0  
                      corex2_d5_fck           0            0   132800000          0 0  
                      corex2_d3_fck           0            0   221333333          0 0  
                core_ck                   1            1   332000000          0 0  
                   core_d2_ck             0            0   166000000          0 0  
                   core_d6_ck             0            0    55333333          0 0  
                   core_d4_ck             0            0    83000000          0 0  
                   core_d3_ck             0            0   110666666          0 0  
                      sgx_fck             0            0   110666666          0 0  
                   l3_ick                 2            2   166000000          0 0  
                      sgx_ick             0            0   166000000          0 0  
                      core_l3_ick           6            7   166000000          0 0  
                         ipss_ick           2            2   166000000          0 0  
                            hsotgusb_ick_am35xx           2            2   166000000          0 0  
                            vpfe_ick           0            0   166000000          0 0  
                            emac_ick           2            2   166000000          0 0  
                         gpmc_fck           2            2   166000000          0 0  
                         sdrc_ick           1            1   166000000          0 0  
                      l4_ick              4            4    83000000          0 0  
                         usbhost_ick           1            1    83000000          0 0  
                         dss_ick_3430es2           4            6    83000000          0 0  
                         per_l4_ick          13           18    83000000          0 0  
                            mcbsp4_ick           2            2    83000000          0 0  
                            mcbsp3_ick           2            2    83000000          0 0  
                            mcbsp2_ick           1            1    83000000          0 0  
                            gpt2_ick           1            1    83000000          0 0  
                            gpt3_ick           1            1    83000000          0 0  
                            gpt4_ick           1            1    83000000          0 0  
                            gpt5_ick           1            1    83000000          0 0  
                            gpt6_ick           1            1    83000000          0 0  
                            gpt7_ick           1            1    83000000          0 0  
                            gpt8_ick           1            1    83000000          0 0  
                            gpt9_ick           1            1    83000000          0 0  
                            uart4_ick           1            1    83000000          0 0  
                            uart3_ick           1            1    83000000          0 0  
                            wdt3_ick           0            0    83000000          0 0  
                            gpio2_ick           0            1    83000000          0 0  
                            gpio3_ick           0            1    83000000          0 0  
                            gpio4_ick           0            1    83000000          0 0  
                            gpio5_ick           0            1    83000000          0 0  
                            gpio6_ick           0            1    83000000          0 0  
                         core_l4_ick          19           20    83000000          0 0  
                            mmchs3_ick           1            1    83000000          0 0  
                            usbtll_ick           1            1    83000000          0 0  
                            uart4_ick_am35xx           0            0    83000000          0 0  
                            sha12_ick           0            0    83000000          0 0  
                            aes2_ick           0            0    83000000          0 0  
                            omapctrl_ick           1            1    83000000          0 0  
                            mcbsp1_ick           1            1    83000000          0 0  
                            mcbsp5_ick           1            1    83000000          0 0  
                            gpt10_ick           1            1    83000000          0 0  
                            gpt11_ick           1            1    83000000          0 0  
                            uart1_ick           1            1    83000000          0 0  
                            uart2_ick           1            1    83000000          0 0  
                            i2c1_ick           1            1    83000000          0 0  
                            i2c2_ick           1            1    83000000          0 0  
                            i2c3_ick           1            1    83000000          0 0  
                            mcspi1_ick           1            1    83000000          0 0  
                            mcspi2_ick           1            1    83000000          0 0  
                            mcspi3_ick           1            1    83000000          0 0  
                            mcspi4_ick           1            1    83000000          0 0  
                            hdq_ick           0            1    83000000          0 0  
                            mmchs1_ick           1            1    83000000          0 0  
                            mmchs2_ick           1            1    83000000          0 0  
                         rm_ick           0            0    41500000          0 0  
                   dpll1_fck              0            0   166000000          0 0  
             dpll3_m3_ck                  0            0   166000000          0 0  
                dpll3_m3x2_mul_ck           0            0   332000000          0 0  
                   dpll3_m3x2_ck           0            0   332000000          0 0  
                      emu_core_alwon_ck           0            0   332000000          0 0  
          dpll4_ck                        1            3   432000000          0 0  
             dpll4_x2_ck                  0            0   864000000          0 0  
             dpll4_m6_ck                  0            0   144000000          0 0  
                dpll4_m6x2_mul_ck           0            0   288000000          0 0  
                   dpll4_m6x2_ck           0            0   288000000          0 0  
                      emu_per_alwon_ck           0            0   288000000          0 0  
             dpll4_m5_ck                  0            0   108000000          0 0  
                dpll4_m5x2_mul_ck           0            0   216000000          0 0  
                   dpll4_m5x2_ck           0            0   216000000          0 0  
             dpll4_m4_ck                  0            1   216000000          0 0  
                dpll4_m4x2_mul_ck           0            1   432000000          0 0  
                   dpll4_m4x2_ck           0            1   432000000          0 0  
                      dss1_alwon_fck_3430es2           0            4   432000000          0 0  
             dpll4_m3_ck                  0            1    27000000          0 0  
                dpll4_m3x2_mul_ck           0            1    54000000          0 0  
                   dpll4_m3x2_ck           0            1    54000000          0 0  
                      omap_54m_fck           0            1    54000000          0 0  
                         clkout2_src_ck           0            0    54000000          0 0  
                            sys_clkout2           0            0    54000000          0 0  
                         dss_tv_fck           0            2    54000000          0 0  
             dpll4_m2_ck                  1            1    48000000          0 0  
                dpll4_m2x2_mul_ck           1            1    96000000          0 0  
                   dpll4_m2x2_ck           1            1    96000000          0 0  
                      omap_192m_alwon_fck           0            0    96000000          0 0  
                      omap_96m_alwon_fck           1            2    96000000          0 0  
                         per_96m_fck           0            6    96000000          0 0  
                            mcbsp4_fck           0            1    96000000          0 0  
                            mcbsp3_fck           0            2    96000000          0 0  
                            mcbsp2_fck           0            2    96000000          0 0  
                         cm_96m_fck           2            2    96000000          0 0  
                            cm_96m_d2_fck           1            1    48000000          0 0  
                               omap_48m_fck           3            4    48000000          0 0  
                                  usbhost_48m_fck           1            1    48000000          0 0  
                                  per_48m_fck           1            1    48000000          0 0  
                                     uart3_fck           1            1    48000000          0 0  
                                  core_48m_fck           2            7    48000000          0 0  
                                     uart4_fck_am35xx           0            1    48000000          0 0  
                                     uart1_fck           1            2    48000000          0 0  
                                     uart2_fck           1            1    48000000          0 0  
                                     mcspi1_fck           0            1    48000000          0 0  
                                     mcspi2_fck           0            1    48000000          0 0  
                                     mcspi3_fck           0            1    48000000          0 0  
                                     mcspi4_fck           0            1    48000000          0 0  
                                  omap_12m_fck           0            1    12000000          0 0  
                                     core_12m_fck           0            1    12000000          0 0  
                                        hdq_fck             0            1    12000000          0 0  
                            omap_96m_fck           1            2    96000000          0 0  
                               dss_96m_fck           0            2    96000000          0 0  
                               core_96m_fck           1           10    96000000          0 0  
                                  mcbsp1_fck           0            1    96000000          0 0  
                                  mcbsp5_fck           0            1    96000000          0 0  
                                  mmchs3_fck           0            1    96000000          0 0  
                                  i2c1_fck           0            1    96000000          0 0  
                                  i2c2_fck           0            1    96000000          0 0  
                                  i2c3_fck           0            1    96000000          0 0  
                                  mmchs1_fck           1            1    96000000          0 0  
                                  mmchs2_fck           0            1    96000000          0 0  
          wkup_l4_ick                     4            5    13000000          0 0  
             gpt1_ick                     1            1    13000000          0 0  
             gpt12_ick                    1            1    13000000          0 0  
             omap_32ksync_ick             1            1    13000000          0 0  
             gpio1_ick                    0            1    13000000          0 0  
             wdt1_ick                     0            0    13000000          0 0  
             wdt2_ick                     1            1    13000000          0 0  
 virt_19200000_ck                         0            0    19200000          0 0  
 virt_13m_ck                              0            0    13000000          0 0  
 virt_12m_ck                              0            0    12000000          0 0  
 omap_32k_fck                             0            7       32768          0 0  
    gpt11_fck                             0            1       32768          0 0  
    gpt10_fck                             0            1       32768          0 0  
    ts_fck                                0            0       32768          0 0  
    per_32k_alwon_fck                     0            5       32768          0 0  
       wdt3_fck                           0            0       32768          0 0  
       gpio2_dbck                         0            1       32768          0 0  
       gpio3_dbck                         0            1       32768          0 0  
       gpio4_dbck                         0            1       32768          0 0  
       gpio5_dbck                         0            1       32768          0 0  
       gpio6_dbck                         0            1       32768          0 0  
    wkup_32k_fck                          0            3       32768          0 0  
       wdt2_fck                           0            1       32768          0 0  
       gpio1_dbck                         0            1       32768          0 0  
 dummy_apb_pclk                           0            0           0          0 0  
 virt_16_8m_ck                            0            0    16800000          0 0  
=======
Orphan Clks:
=======
Available frequencies
=======
Hello World Board Booted
root@GenericAM3517(FlattenedDeviceTree):/test# 
- 06:06:45 [INFO] Host: cat stderr.log
- 06:06:46 [INFO] Target: 
cat stderr.log
ls: /sys/kernel/debug/clk/orphans/: No such file or directory
root@GenericAM3517(FlattenedDeviceTree):/test# 
- 06:06:46 [INFO] Host: cat result.log
- 06:06:48 [ERROR] On command: cat result.log waiting for (?m-ix:^1[\0\n\r]+) >>> error: execution expired
- 06:06:48 [INFO] Target: 
cat result.log
root@GenericAM3517(FlattenedDeviceTree):/test# 
- 06:06:48 [INFO] Host: cd /test
- 06:06:49 [INFO] Target: 
cd /test
root@GenericAM3517(FlattenedDeviceTree):/test# 
