- 01:35:14 [INFO] Starting target session
- 01:35:17 [INFO] Connected to craneboard via serial 
- 01:35:17 [INFO] Host: #check prompt
- 01:35:20 [ERROR] On command: #check prompt waiting for #check prompt.+?(?-mix:((?-mix:.*\s+login)|[Pp]assword)) >>> error: execution expired
- 01:35:20 [INFO] Target: 
#check prompt
root@GenericAM3517(FlattenedDeviceTree):/test# 
- 01:35:20 [INFO] Host: #check prompt
- 01:35:20 [INFO] Target: 
#check prompt
root@GenericAM3517(FlattenedDeviceTree):/test# 
- 01:35:20 [INFO] Host: sync;poweroff
- 01:35:42 [INFO] Target: 
sync;poweroff
Broadcast message from root@GenericAM3517(FlattenedDeviceTree) (ttyO2) (Wed D
The system is going down for system halt NOW!
INIT: Switching to runlevel: 0
root@GenericAM3517(FlattenedDeviceTree):/test# 
INIT: Sending processes the TERM signal
INIT: Sending processes the KILL signal
Stopping Dropbear SSH server: stopped /usr/sbin/dropbear (pid 634)
dropbear.
Stopping telnet daemon.
Stopping system message bus: hwclock: can't open '/dev/misc/rtc': No such file or directory
Error opening /dev/fb0: No such file or directory
Stopping syslogd/klogd: stopped syslogd (pid 644)
stopped klogd (pid 646)
done
Stopping thttpd.
ALSA: Storing mixer settings...
/usr/sbin/alsactl: save_state:1580: No soundcards found...
Deconfiguring network interfaces... [ 4520.920510] davinci_mdio davinci_mdio.0: resetting idled controller
[ 4521.015732] davinci_mdio davinci_mdio.0: resetting idled controller
done.
Stopping Lighttpd Web Server: [ 4521.122376] SMSC LAN8710/LAN8720 davinci_mdio.0:00: attached PHY driver [SMSC LAN8710/LAN8720] (mii_bus:phy_addr=davinci_mdio.0:00, irq=-1)
[ 4521.136117] IPv6: ADDRCONF(NETDEV_UP): eth0: link is not ready
stopped /usr/sbin/lighttpd (pid 653)
lighttpd.
***************************************************************
***************************************************************
NOTICE: This file system contains the followin GPLv3 packages:
	binutils-symlinks
	binutils
	gdbserver
	parted
If you do not wish to distribute GPLv3 components please remove
the above packages prior to distribution.  This can be done using
the opkg remove command.  i.e.:
    opkg remove <package>
Where <package> is the name printed in the list above
NOTE: If the package is a dependency of another package you
      will be notified of the dependent packages.  You should
      use the --force-removal-of-dependent-packages option to
      also remove the dependent packages as well
***************************************************************
***************************************************************
Sending all processes the TERM signal...
[ 4523.202781] davinci_emac davinci_emac.0 eth0: Link is Up - 100Mbps/Full - flow control rx/tx
[ 4523.212178] IPv6: ADDRCONF(NETDEV_CHANGE): eth0: link becomes ready
Sending all processes the KILL signal...
[ 4527.670074] EXT4-fs error (device mmcblk0p2): ext4_iget:4778: inode #98783: comm dd: bogus i_mode (110664)
urandom stop: failed.
Unmounting remote filesystems...
Deactivating swap...
Unmounting local filesystems...
[ 4532.555508] EXT4-fs (mmcblk0p2): re-mounted. Opts: data=ordered
[ 4534.941910] reboot: System halted
- 01:35:42 [INFO] Disconnected serial from craneboard
- 01:36:11 [INFO] Connected to craneboard via serial 
- 01:36:11 [INFO] Host: 
- 01:36:14 [INFO] Target: 
In:    serial
Out:   serial
Err:   serial
Die ID #7b4e000100000000015da3961501500d
Net:   davinci_emac_initialize
Ethernet PHY: GENERIC @ 0x00
EMAC LSB = 0x00106680
EMAC MSB = 0x00080028
-----------------------------
EMAC ID 08:00:28:10:66:80
-----------------------------
DaVinci EMAC
Hit any key to stop autoboot: 15  0 
AM3517_CRANE # 
AM3517_CRANE #  
AM3517_CRANE #  
AM3517_CRANE #  
AM3517_CRANE # 
AM3517_CRANE #  
AM3517_CRANE #  
AM3517_CRANE #  
AM3517_CRANE #  
AM3517_CRANE #  
AM3517_CRANE #  
AM3517_CRANE #  
AM3517_CRANE #  
AM3517_CRANE #  
AM3517_CRANE #  
AM3517_CRANE #  
AM3517_CRANE #  
AM3517_CRANE #  
AM3517_CRANE #  
AM3517_CRANE #  
AM3517_CRANE #  
AM3517_CRANE #  
AM3517_CRANE #  
AM3517_CRANE #  
AM3517_CRANE #  
AM3517_CRANE #  
AM3517_CRANE #  
AM3517_CRANE # 
- 01:36:14 [INFO] Host: version
- 01:36:14 [INFO] Target: 
version
U-Boot 2009.11-00005-ge83d2db (Dec 07 2010 - 11:55:34)
AM3517_CRANE # 
- 01:36:14 [INFO] Host: bdinfo
- 01:36:14 [INFO] Target: 
bdinfo
arch_number = 0x00000B74
env_t       = 0x00000000
boot_params = 0x80000100
DRAM bank   = 0x00000000
-> start    = 0x80000000
-> size     = 0x10000000
DRAM bank   = 0x00000001
-> start    = 0x80000000
-> size     = 0x00000000
ethaddr     = 08:00:28:10:66:80
ip_addr     = 192.168.1.9
baudrate    = 115200 bps
AM3517_CRANE # 
- 01:36:14 [INFO] Host: printenv
- 01:36:14 [INFO] Target: 
printenv
baudrate=115200
loadaddr=0x82000000
nandargs=setenv bootargs console=${console} root=/dev/mtdblock4 rw rootfstype=jffs2 eth=${ethaddr} ip=dhcp
loadbootscript=fatload mmc 0 ${loadaddr} boot.scr
bootscript=echo Running bootscript from mmc ...; source ${loadaddr}
loaduimage=fatload mmc 0 ${loadaddr} uImage
mmcboot=echo Booting from mmc ...; run mmcargs; bootm ${loadaddr}
nandboot=echo Booting from nand ...; run nandargs; nand read ${loadaddr} 480000 500000; bootm ${loadaddr}
dieid#=7b4e000100000000015da3961501500d
ethact=DaVinci EMAC
filesize=F40000
ipaddr=192.168.1.9
serverip=128.247.91.123
oldbootcmd=if mmc init; then if run loadbootscript; then run bootscript; else if run loaduimage; then run mmcboot; else run nandboot; fi; fi; else run nandboot; fi
mmcargs=setenv bootargs console=ttyS2,115200n8 root=/dev/mmcblk0p2 rw rootfstype=ext3 rootwait eth=08:00:28:10:66:80 ip=dhcp earlyprintk
console=ttyO2,115200n8
bootcmd=dhcp /tftpboot/kernel/${bootfile}; bootm
bootargs=console=ttyO2,115200n8 debug ignore_loglevel earlyprintk root=/dev/mmcblk0p2 rw rootfstype=ext3 rootwait nohlt
bootfile=/tftpboot/kernel/uImage.am3517-craneboard
bootdelay=15
ethaddr=08:00:28:10:66:80
Environment size: 1179/131068 bytes
AM3517_CRANE # 
- 01:36:14 [INFO] Host: setenv autoload 'no'
- 01:36:15 [INFO] Target: 
setenv autoload 'no'
AM3517_CRANE # 
- 01:36:15 [INFO] Host: dhcp
- 01:36:16 [INFO] Target: 
dhcp
BOOTP broadcast 1
DHCP client bound to address 192.168.1.189
AM3517_CRANE # 
- 01:36:16 [INFO] Host: setenv serverip 192.168.1.254
- 01:36:16 [INFO] Target: 
setenv serverip 192.168.1.254
AM3517_CRANE # 
- 01:36:16 [INFO] Host: setenv bootargs 'console=ttyO2,115200n8 earlyprintk rootwait ip=dhcp root=/dev/mmcblk0p2 rw rootfstype=ext3 nohlt'
- 01:36:16 [INFO] Target: 
setenv bootargs 'console=ttyO2,115200n8 earlyprintk rootwait ip=dhcp root=/dev/mmcblk0p2 rw rootfstype=ext3 nohlt'
AM3517_CRANE # 
- 01:36:16 [INFO] Host: setenv loadaddr 0x82800000
- 01:36:16 [INFO] Target: 
setenv loadaddr 0x82800000
AM3517_CRANE # 
- 01:36:16 [INFO] Host: setenv bootcmd 'tftp ${loadaddr} 192.168.1.254:vatf_craneboard/4c7667b0318e009faf150ebcfc354d88; bootm ${loadaddr}'
- 01:36:17 [INFO] Target: 
setenv bootcmd 'tftp ${loadaddr} 192.168.1.254:vatf_craneboard/4c7667b0318e009faf150ebcfc354d88; bootm ${loadaddr}'
AM3517_CRANE # 
- 01:36:17 [INFO] Host: printenv
- 01:36:17 [INFO] Target: 
printenv
baudrate=115200
nandargs=setenv bootargs console=${console} root=/dev/mtdblock4 rw rootfstype=jffs2 eth=${ethaddr} ip=dhcp
loadbootscript=fatload mmc 0 ${loadaddr} boot.scr
bootscript=echo Running bootscript from mmc ...; source ${loadaddr}
loaduimage=fatload mmc 0 ${loadaddr} uImage
mmcboot=echo Booting from mmc ...; run mmcargs; bootm ${loadaddr}
nandboot=echo Booting from nand ...; run nandargs; nand read ${loadaddr} 480000 500000; bootm ${loadaddr}
dieid#=7b4e000100000000015da3961501500d
ethact=DaVinci EMAC
filesize=F40000
oldbootcmd=if mmc init; then if run loadbootscript; then run bootscript; else if run loaduimage; then run mmcboot; else run nandboot; fi; fi; else run nandboot; fi
mmcargs=setenv bootargs console=ttyS2,115200n8 root=/dev/mmcblk0p2 rw rootfstype=ext3 rootwait eth=08:00:28:10:66:80 ip=dhcp earlyprintk
console=ttyO2,115200n8
bootdelay=15
ethaddr=08:00:28:10:66:80
autoload=no
bootfile=/tftpboot/kernel/uImage.am3517-craneboard
netmask=255.255.255.0
ipaddr=192.168.1.189
dnsip=192.0.2.2
dnsip2=192.0.2.3
serverip=192.168.1.254
bootargs=console=ttyO2,115200n8 earlyprintk rootwait ip=dhcp root=/dev/mmcblk0p2 rw rootfstype=ext3 nohlt
loadaddr=0x82800000
bootcmd=tftp ${loadaddr} 192.168.1.254:vatf_craneboard/4c7667b0318e009faf150ebcfc354d88; bootm ${loadaddr}
Environment size: 1291/131068 bytes
AM3517_CRANE # 
- 01:36:17 [INFO] Host: boot
- 01:37:11 [INFO] Target: 
boot
Using DaVinci EMAC device
TFTP from server 192.168.1.254; our IP address is 192.168.1.189
Filename 'vatf_craneboard/4c7667b0318e009faf150ebcfc354d88'.
Load address: 0x82800000
Loading: *#################################################################
	 #################################################################
	 #################################################################
	 #################################################################
	 #################################################################
	 #################################################################
	 #################################################################
	 #################################################################
	 #################################################################
	 #################################################################
	 #################################################################
	 #################################################################
	 #################################################################
	 #################################################################
	 #################################################################
	 #################################################################
	 #################################################################
	 #################################################################
	 #################################################################
	 #################################################################
	 #################################################################
	 ################################################
done
Bytes transferred = 7234145 (6e6261 hex)
## Booting kernel from Legacy Image at 82800000 ...
   Image Name:   Linux-4.10.0-rc2-next-20170106-0
   Image Type:   ARM Linux Kernel Image (uncompressed)
   Data Size:    7234081 Bytes =  6.9 MB
   Load Address: 81000000
   Entry Point:  81000000
   Verifying Checksum ... OK
   Loading Kernel Image ... OK
Starting kernel ...
[    0.000000] Booting Linux on physical CPU 0x0
[    0.000000] Linux version 4.10.0-rc2-next-20170106-00002-g14a31feb91fc (nmenon@horus) (gcc version 4.9.3 20150413 (prerelease) (Linaro GCC 4.9-2015.05) ) #1 SMP Fri Jan 6 01:27:34 CST 2017
[    0.000000] CPU: ARMv7 Processor [411fc087] revision 7 (ARMv7), cr=10c5387d
[    0.000000] CPU: PIPT / VIPT nonaliasing data cache, VIPT nonaliasing instruction cache
[    0.000000] OF: fdt:Machine model: TI AM3517 CraneBoard (TMDSEVM3517)
[    0.000000] efi: Getting EFI parameters from FDT:
[    0.000000] efi: UEFI not found.
[    0.000000] cma: Reserved 64 MiB at 0x8b800000
[    0.000000] Memory policy: Data cache writeback
[    0.000000] CPU: All CPU(s) started in SVC mode.
[    0.000000] AM3517 ES1.1 (l2cache sgx neon)
[    0.000000] percpu: Embedded 14 pages/cpu @cfb9a000 s26048 r8192 d23104 u57344
[    0.000000] Built 1 zonelists in Zone order, mobility grouping on.  Total pages: 64512
[    0.000000] Kernel command line: console=ttyO2,115200n8 earlyprintk rootwait ip=dhcp root=/dev/mmcblk0p2 rw rootfstype=ext3 nohlt
[    0.000000] PID hash table entries: 1024 (order: 0, 4096 bytes)
[    0.000000] Dentry cache hash table entries: 32768 (order: 5, 131072 bytes)
[    0.000000] Inode-cache hash table entries: 16384 (order: 4, 65536 bytes)
[    0.000000] Memory: 172812K/260096K available (10240K kernel code, 1141K rwdata, 3952K rodata, 2048K init, 470K bss, 21748K reserved, 65536K cma-reserved, 0K highmem)
[    0.000000] Virtual kernel memory layout:
[    0.000000]     vector  : 0xffff0000 - 0xffff1000   (   4 kB)
[    0.000000]     fixmap  : 0xffc00000 - 0xfff00000   (3072 kB)
[    0.000000]     vmalloc : 0xd0800000 - 0xff800000   ( 752 MB)
[    0.000000]     lowmem  : 0xc0000000 - 0xd0000000   ( 256 MB)
[    0.000000]     pkmap   : 0xbfe00000 - 0xc0000000   (   2 MB)
[    0.000000]     modules : 0xbf000000 - 0xbfe00000   (  14 MB)
[    0.000000]       .text : 0xc0208000 - 0xc0d00000   (11232 kB)
[    0.000000]       .init : 0xc1200000 - 0xc1400000   (2048 kB)
[    0.000000]       .data : 0xc1400000 - 0xc151d640   (1142 kB)
[    0.000000]        .bss : 0xc151f000 - 0xc1594bb0   ( 471 kB)
[    0.000000] SLUB: HWalign=64, Order=0-3, MinObjects=0, CPUs=1, Nodes=1
[    0.000000] Hierarchical RCU implementation.
[    0.000000] 	RCU debugfs-based tracing is enabled.
[    0.000000] 	Build-time adjustment of leaf fanout to 32.
[    0.000000] 	RCU restricting CPUs from NR_CPUS=16 to nr_cpu_ids=1.
[    0.000000] RCU: Adjusting geometry for rcu_fanout_leaf=32, nr_cpu_ids=1
[    0.000000] NR_IRQS:16 nr_irqs:16 16
[    0.000000] IRQ: Found an INTC at 0xfa200000 (revision 4.0) with 96 interrupts
[    0.000000] Clocking rate (Crystal/Core/MPU): 26.0/332/500 MHz
[    0.000000] OMAP clockevent source: timer2 at 13000000 Hz
[    0.000028] sched_clock: 32 bits at 13MHz, resolution 76ns, wraps every 165191050201ns
[    0.000067] clocksource: timer1: mask: 0xffffffff max_cycles: 0xffffffff, max_idle_ns: 147020034397 ns
[    0.000087] OMAP clocksource: timer1 at 13000000 Hz
[    0.010058] clocksource: 32k_counter: mask: 0xffffffff max_cycles: 0xffffffff, max_idle_ns: 58327039986419 ns
[    0.010077] OMAP clocksource: 32k_counter at 32768 Hz
[    0.012913] Console: colour dummy device 80x30
[    0.012977] Calibrating delay loop... 498.89 BogoMIPS (lpj=2494464)
[    0.066860] pid_max: default: 32768 minimum: 301
[    0.067087] Mount-cache hash table entries: 1024 (order: 0, 4096 bytes)
[    0.067109] Mountpoint-cache hash table entries: 1024 (order: 0, 4096 bytes)
[    0.068268] CPU: Testing write buffer coherency: ok
[    0.068893] CPU0: thread -1, cpu 0, socket -1, mpidr 0
[    0.069536] Setting up static identity map for 0x80300000 - 0x80300098
[    0.079867] EFI services will not be available.
[    0.080413] smp: Bringing up secondary CPUs ...
[    0.080435] smp: Brought up 1 node, 1 CPU
[    0.080454] SMP: Total of 1 processors activated (498.89 BogoMIPS).
[    0.080469] CPU: All CPU(s) started in SVC mode.
[    0.083150] devtmpfs: initialized
[    0.117768] VFP support v0.3: implementor 41 architecture 3 part 30 variant c rev 1
[    0.119006] clocksource: jiffies: mask: 0xffffffff max_cycles: 0xffffffff, max_idle_ns: 19112604462750000 ns
[    0.124448] pinctrl core: initialized pinctrl subsystem
[    0.129060] NET: Registered protocol family 16
[    0.133681] DMA: preallocated 256 KiB pool for atomic coherent allocations
[    0.162900] omap_hwmod: mcbsp2_sidetone using broken dt data from mcbsp
[    0.163765] omap_hwmod: mcbsp3_sidetone using broken dt data from mcbsp
[    0.233618] cpuidle: using governor menu
[    0.234537] Reprogramming SDRC clock to 332000000 Hz
[    0.237396] Address Hole seen by USB_OTG  at address dc6346bc
[    0.237422] ------------[ cut here ]------------
[    0.237462] WARNING: CPU: 0 PID: 1 at drivers/bus/omap_l3_smx.c:166 omap3_l3_app_irq+0xfc/0x130
[    0.237476] Modules linked in:
[    0.237507] CPU: 0 PID: 1 Comm: swapper/0 Not tainted 4.10.0-rc2-next-20170106-00002-g14a31feb91fc #1
[    0.237522] Hardware name: Generic AM3517 (Flattened Device Tree)
[    0.237583] [<c0310580>] (unwind_backtrace) from [<c030bbcc>] (show_stack+0x10/0x14)
[    0.237623] [<c030bbcc>] (show_stack) from [<c05a16dc>] (dump_stack+0x98/0xac)
[    0.237661] [<c05a16dc>] (dump_stack) from [<c0341c94>] (__warn+0xe8/0x100)
[    0.237689] [<c0341c94>] (__warn) from [<c0341d5c>] (warn_slowpath_null+0x20/0x28)
[    0.237715] [<c0341d5c>] (warn_slowpath_null) from [<c05d7950>] (omap3_l3_app_irq+0xfc/0x130)
[    0.237750] [<c05d7950>] (omap3_l3_app_irq) from [<c038901c>] (__handle_irq_event_percpu+0x88/0x118)
[    0.237779] [<c038901c>] (__handle_irq_event_percpu) from [<c03890c8>] (handle_irq_event_percpu+0x1c/0x58)
[    0.237805] [<c03890c8>] (handle_irq_event_percpu) from [<c0389148>] (handle_irq_event+0x44/0x68)
[    0.237835] [<c0389148>] (handle_irq_event) from [<c038c3c8>] (handle_level_irq+0xa0/0x134)
[    0.237863] [<c038c3c8>] (handle_level_irq) from [<c038837c>] (generic_handle_irq+0x24/0x34)
[    0.237887] [<c038837c>] (generic_handle_irq) from [<c0388894>] (__handle_domain_irq+0x5c/0xb4)
[    0.237911] [<c0388894>] (__handle_domain_irq) from [<c030c74c>] (__irq_svc+0x6c/0x90)
[    0.237949] [<c030c74c>] (__irq_svc) from [<c0c0e100>] (_raw_spin_unlock_irqrestore+0x1c/0x20)
[    0.237980] [<c0c0e100>] (_raw_spin_unlock_irqrestore) from [<c038acfc>] (__setup_irq+0x294/0x610)
[    0.238006] [<c038acfc>] (__setup_irq) from [<c038b224>] (request_threaded_irq+0xe4/0x17c)
[    0.238032] [<c038b224>] (request_threaded_irq) from [<c05d7a7c>] (omap3_l3_probe+0xf8/0x164)
[    0.238067] [<c05d7a7c>] (omap3_l3_probe) from [<c07f1aa4>] (platform_drv_probe+0x4c/0xb0)
[    0.238097] [<c07f1aa4>] (platform_drv_probe) from [<c07f0154>] (driver_probe_device+0x238/0x2d8)
[    0.238124] [<c07f0154>] (driver_probe_device) from [<c07ee558>] (bus_for_each_drv+0x60/0x94)
[    0.238149] [<c07ee558>] (bus_for_each_drv) from [<c07efe3c>] (__device_attach+0xb0/0x114)
[    0.238174] [<c07efe3c>] (__device_attach) from [<c07ef484>] (bus_probe_device+0x84/0x8c)
[    0.238197] [<c07ef484>] (bus_probe_device) from [<c07ed87c>] (device_add+0x420/0x5a4)
[    0.238238] [<c07ed87c>] (device_add) from [<c0ab7014>] (of_platform_device_create_pdata+0x84/0xb8)
[    0.238271] [<c0ab7014>] (of_platform_device_create_pdata) from [<c0ab722c>] (of_platform_bus_create+0xf0/0x350)
[    0.238300] [<c0ab722c>] (of_platform_bus_create) from [<c0ab75f4>] (of_platform_populate+0x6c/0xcc)
[    0.238341] [<c0ab75f4>] (of_platform_populate) from [<c1216594>] (pdata_quirks_init+0x68/0x80)
[    0.238373] [<c1216594>] (pdata_quirks_init) from [<c1216194>] (omap_generic_init+0x10/0x18)
[    0.238402] [<c1216194>] (omap_generic_init) from [<c12035d8>] (customize_machine+0x20/0x30)
[    0.238430] [<c12035d8>] (customize_machine) from [<c0301e90>] (do_one_initcall+0x40/0x16c)
[    0.238464] [<c0301e90>] (do_one_initcall) from [<c1200dd0>] (kernel_init_freeable+0x160/0x200)
[    0.238491] [<c1200dd0>] (kernel_init_freeable) from [<c0c08490>] (kernel_init+0x8/0x114)
[    0.238522] [<c0c08490>] (kernel_init) from [<c0307e78>] (ret_from_fork+0x14/0x3c)
[    0.238552] ---[ end trace 7565c09b7f983220 ]---
[    0.242028] platform 480c5000.aes: Cannot lookup hwmod 'aes'
[    0.249142] OMAP GPIO hardware version 2.5
[    0.279452] platform 480c3000.sham: Cannot lookup hwmod 'sham'
[    0.280121] platform 480cb000.smartreflex: Cannot lookup hwmod 'smartreflex_core'
[    0.288756] omap-gpmc 6e000000.gpmc: GPMC revision 5.0
[    0.288791] gpmc_mem_init: disabling cs 0 mapped at 0x0-0x1000000
[    0.289989] platform 480ab000.usb_otg_hs: Cannot lookup hwmod 'usb_otg_hs'
[    0.293487] No ATAGs?
[    0.293513] hw-breakpoint: debug architecture 0x4 unsupported.
[    0.295355] omap4_sram_init:Unable to allocate sram needed to handle errata I688
[    0.295382] omap4_sram_init:Unable to get sram pool needed to handle errata I688
[    0.295747] OMAP DMA hardware revision 4.0
[    0.303581] Serial: AMBA PL011 UART driver
[    0.349177] omap-dma-engine 48056000.dma-controller: OMAP DMA engine driver
[    0.359102] vgaarb: loaded
[    0.360943] SCSI subsystem initialized
[    0.362047] usbcore: registered new interface driver usbfs
[    0.362187] usbcore: registered new interface driver hub
[    0.362318] usbcore: registered new device driver usb
[    0.365096] tps65910 0-002d: could not find pctldev for node /ocp@68000000/l4@48000000/scm@2000/pinmux@30/pinmux_tps_pins, deferring probe
[    0.365240] omap_i2c 48070000.i2c: bus 0 rev3.3 at 2600 kHz
[    0.367007] pps_core: LinuxPPS API ver. 1 registered
[    0.367029] pps_core: Software ver. 5.3.6 - Copyright 2005-2007 Rodolfo Giometti <giometti@linux.it>
[    0.367100] PTP clock support registered
[    0.367502] EDAC MC: Ver: 3.0.0
[    0.373301] clocksource: Switched to clocksource timer1
[    0.395402] NET: Registered protocol family 2
[    0.396519] TCP established hash table entries: 2048 (order: 1, 8192 bytes)
[    0.396587] TCP bind hash table entries: 2048 (order: 2, 16384 bytes)
[    0.396654] TCP: Hash tables configured (established 2048 bind 2048)
[    0.396864] UDP hash table entries: 256 (order: 1, 8192 bytes)
[    0.396912] UDP-Lite hash table entries: 256 (order: 1, 8192 bytes)
[    0.397193] NET: Registered protocol family 1
[    0.398065] RPC: Registered named UNIX socket transport module.
[    0.398088] RPC: Registered udp transport module.
[    0.398101] RPC: Registered tcp transport module.
[    0.398113] RPC: Registered tcp NFSv4.1 backchannel transport module.
[    0.403174] hw perfevents: enabled with armv7_cortex_a8 PMU driver, 5 counters available
[    0.407942] futex hash table entries: 256 (order: 2, 16384 bytes)
[    0.409626] workingset: timestamp_bits=30 max_order=16 bucket_order=0
[    0.428287] squashfs: version 4.0 (2009/01/31) Phillip Lougher
[    0.429864] NFS: Registering the id_resolver key type
[    0.429932] Key type id_resolver registered
[    0.429947] Key type id_legacy registered
[    0.430036] ntfs: driver 2.1.32 [Flags: R/O].
[    0.434170] Block layer SCSI generic (bsg) driver version 0.4 loaded (major 248)
[    0.434204] io scheduler noop registered
[    0.434218] io scheduler deadline registered
[    0.434563] io scheduler cfq registered (default)
[    0.444869] pinctrl-single 48002030.pinmux: 284 pins at pa fa002030 size 568
[    0.445442] pinctrl-single 48002a00.pinmux: 46 pins at pa fa002a00 size 92
[    0.446064] pinctrl-single 480025d8.pinmux: 18 pins at pa fa0025d8 size 36
[    0.606113] Serial: 8250/16550 driver, 4 ports, IRQ sharing disabled
[    0.611899] SuperH (H)SCI(F) driver initialized
[    0.613943] msm_serial: driver initialized
[    0.614522] omap_uart 4806a000.serial: no wakeirq for uart0
[    0.614802] 4806a000.serial: ttyO0 at MMIO 0x4806a000 (irq = 88, base_baud = 3000000) is a OMAP UART0
[    0.615763] omap_uart 4806c000.serial: no wakeirq for uart1
[    0.615973] 4806c000.serial: ttyO1 at MMIO 0x4806c000 (irq = 89, base_baud = 3000000) is a OMAP UART1
[    0.616692] omap_uart 49020000.serial: no wakeirq for uart2
[    0.616882] 49020000.serial: ttyO2 at MMIO 0x49020000 (irq = 90, base_baud = 3000000) is a OMAP UART2
[    1.746112] console [ttyO2] enabled
[    1.750508] STMicroelectronics ASC driver initialized
[    1.797189] brd: module loaded
[    1.813855] loop: module loaded
[    1.837546] libphy: Fixed MDIO Bus: probed
[    1.844679] CAN device driver interface
[    1.850492] bgmac_bcma: Broadcom 47xx GBit MAC driver loaded
[    1.858847] e1000e: Intel(R) PRO/1000 Network Driver - 3.2.6-k
[    1.865032] e1000e: Copyright(c) 1999 - 2015 Intel Corporation.
[    1.871387] igb: Intel(R) Gigabit Ethernet Network Driver - version 5.4.0-k
[    1.878724] igb: Copyright (c) 2007-2014 Intel Corporation.
[    1.943435] davinci_mdio davinci_mdio.0: davinci mdio revision 1.5
[    1.949917] davinci_mdio davinci_mdio.0: detected phy mask fffffffe
[    1.957819] libphy: davinci_mdio.0: probed
[    1.962126] davinci_mdio davinci_mdio.0: phy[0]: device davinci_mdio.0:00, driver SMSC LAN8710/LAN8720
[    1.973651] pegasus: v0.9.3 (2013/04/25), Pegasus/Pegasus II USB Ethernet driver
[    1.981534] usbcore: registered new interface driver pegasus
[    1.987642] usbcore: registered new interface driver asix
[    1.993437] usbcore: registered new interface driver ax88179_178a
[    1.999893] usbcore: registered new interface driver cdc_ether
[    2.006182] usbcore: registered new interface driver smsc75xx
[    2.012319] usbcore: registered new interface driver smsc95xx
[    2.018475] usbcore: registered new interface driver net1080
[    2.024536] usbcore: registered new interface driver cdc_subset
[    2.030803] usbcore: registered new interface driver zaurus
[    2.036810] usbcore: registered new interface driver cdc_ncm
[    2.046288] ehci_hcd: USB 2.0 'Enhanced' Host Controller (EHCI) Driver
[    2.053128] ehci-pci: EHCI PCI platform driver
[    2.057978] ehci-platform: EHCI generic platform driver
[    2.063941] ehci-orion: EHCI orion driver
[    2.068425] SPEAr-ehci: EHCI SPEAr driver
[    2.072884] ehci-st: EHCI STMicroelectronics driver
[    2.078355] ehci-exynos: EHCI EXYNOS driver
[    2.083029] ehci-atmel: EHCI Atmel driver
[    2.087624] tegra-ehci: Tegra EHCI driver
[    2.092119] ohci_hcd: USB 1.1 'Open' Host Controller (OHCI) Driver
[    2.098708] ohci-pci: OHCI PCI platform driver
[    2.103541] ohci-platform: OHCI generic platform driver
[    2.109354] ohci-omap3: OHCI OMAP3 driver
[    2.114317] ohci-omap3 48064400.ohci: OHCI Host Controller
[    2.120125] ohci-omap3 48064400.ohci: new USB bus registered, assigned bus number 1
[    2.128942] ohci-omap3 48064400.ohci: irq 92, io mem 0x48064400
[    2.225249] hub 1-0:1.0: USB hub found
[    2.229278] hub 1-0:1.0: 3 ports detected
[    2.234796] SPEAr-ohci: OHCI SPEAr driver
[    2.239556] ohci-st: OHCI STMicroelectronics driver
[    2.245178] ohci-atmel: OHCI Atmel driver
[    2.250929] usbcore: registered new interface driver usb-storage
[    2.260537] mousedev: PS/2 mouse device common for all mice
[    2.272869] i2c /dev entries driver
[    2.297907] of: dev_pm_opp_of_cpumask_add_table: couldn't find opp table for cpu:0, -19
[    2.306451] cpu cpu0: dev_pm_opp_get_opp_count: OPP table not found (-19)
[    2.318674] sdhci: Secure Digital Host Controller Interface driver
[    2.325286] sdhci: Copyright(c) Pierre Ossman
[    2.334720] Synopsys Designware Multimedia Card Interface Driver
[    2.343054] sdhci-pltfm: SDHCI platform and OF driver helper
[    2.353882] ledtrig-cpu: registered to indicate activity on CPUs
[    2.361029] usbcore: registered new interface driver usbhid
[    2.367015] usbhid: USB HID core driver
[    2.378759] NET: Registered protocol family 10
[    2.385529] Segment Routing with IPv6
[    2.389486] sit: IPv6, IPv4 and MPLS over IPv4 tunneling driver
[    2.397141] NET: Registered protocol family 17
[    2.401819] can: controller area network core (rev 20120528 abi 9)
[    2.408538] NET: Registered protocol family 29
[    2.413197] can: raw protocol (rev 20120528)
[    2.417734] can: broadcast manager protocol (rev 20161123 t)
[    2.423721] can: netlink gateway (rev 20130117) max_hops=1
[    2.430484] Key type dns_resolver registered
[    2.435478] omap2_set_init_voltage: unable to find boot up OPP for vdd_mpu_iva
[    2.443035] omap2_set_init_voltage: unable to set vdd_mpu_iva
[    2.449136] omap2_set_init_voltage: unable to find boot up OPP for vdd_core
[    2.456463] omap2_set_init_voltage: unable to set vdd_core
[    2.462444] PM: no software I/O chain control; some wakeups may be lost
[    2.469411] random: fast init done
[    2.472994] pm: Failed to request pm_wkup irq
[    2.477647] ThumbEE CPU extension supported.
[    2.482135] Registering SWP/SWPB emulation handler
[    2.515971] vrtc: supplied by vbat
[    2.523967] vio: supplied by vbat
[    2.529356] vdd1: supplied by vbat
[    2.535153] vdd2: supplied by vbat
[    2.539319] vdd_shv: Bringing 1100000uV into 3300000-3300000uV
[    2.548539] vdig1: supplied by vbat
[    2.553686] vdig2: supplied by vbat
[    2.558836] vpll: supplied by vbat
[    2.564165] vdac: supplied by vbat
[    2.569479] vaux1: supplied by vbat
[    2.574934] vaux2: supplied by vbat
[    2.580301] vaux33: supplied by vbat
[    2.585606] vmmc: supplied by vbat
[    2.590895] vbb: supplied by vbat
[    2.605501] tps65910-rtc tps65910-rtc: rtc core: registered tps65910-rtc as rtc0
[    2.619544] vdd_shv: voltage operation not allowed
[    2.624740] omap_hsmmc 4809c000.mmc: could not set regulator OCR (-1)
[    2.688107] tps65910-rtc tps65910-rtc: setting system clock to 2016-12-07 02:45:44 UTC (1481078744)
[    2.831144] mmc0: host does not support reading read-only switch, assuming write-enable
[    2.842171] mmc0: new high speed SDHC card at address 1234
[    2.849204] mmcblk0: mmc0:1234 SA04G 3.64 GiB 
[    2.856911]  mmcblk0: p1 p2
[   15.208635] EXT4-fs (mmcblk0p2): mounting ext3 file system using the ext4 subsystem
[   15.230914] EXT4-fs (mmcblk0p2): warning: mounting fs with errors, running e2fsck is recommended
[   15.251225] EXT4-fs (mmcblk0p2): mounted filesystem with ordered data mode. Opts: (null)
[   15.259889] VFS: Mounted root (ext3 filesystem) on device 179:2.
[   15.278233] devtmpfs: mounted
[   15.288031] Freeing unused kernel memory: 2048K
INIT: version 2.88 booting
Error opening /dev/fb0: No such file or directory
/dev/ttyO2 linked to /dev/tty-bd - using as console
Starting udev
[   16.458862] udevd[125]: starting version 182
udevd[125]: worker [233] terminated by signal 11 (Segmentation fault)
udevd[125]: worker [233] failed while handling '/devices/platform/68000000.ocp/48056000.dma-controller/dma/dma0chan9'
[   23.370717] FAT-fs (mmcblk0p1): Volume was not properly unmounted. Some data may be corrupt. Please run fsck.
ERROR: could not open directory /lib/modules/4.10.0-rc2-next-20170106-00002-g14a31feb91fc: No such file or directory
WARNING: -e needs -E or -F
ERROR: could not open directory /lib/modules/4.10.0-rc2-next-20170106-00002-g14a31feb91fc: No such file or directory
FATAL: could not search modules: No such file or directory
Starting Bootlog daemon: bootlogd.
[   25.066334] EXT4-fs (mmcblk0p2): re-mounted. Opts: data=ordered
[   25.142946] EXT4-fs error (device mmcblk0p2): ext4_iget:4778: inode #98783: comm S30urandom: bogus i_mode (110664)
[   25.168629] EXT4-fs error (device mmcblk0p2): ext4_iget:4778: inode #98783: comm rm: bogus i_mode (110664)
rm: can't stat '/var/lib/urandom/random-seed': Structure needs cleaning
[   25.195882] EXT4-fs error (device mmcblk0p2): ext4_iget:4778: inode #98783: comm dd: bogus i_mode (110664)
urandom start: failed.
ALSA: Restoring mixer settings...
/usr/sbin/alsactl: load_state:1696: No soundcards found...
Configuring network interfaces... ifconfig: SIOCGIFFLAGS: No such device
done.
INIT: Entering runlevel: 3
/dev/ttyO2 linked to /dev/tty-bd - using as console
Starting system message bus: dbus.
Starting Dropbear SSH server: dropbear.
Starting telnet daemon.
Starting syslogd/klogd: done
Starting thttpd.
Starting Lighttpd Web Server: lighttpd.
2016-12-07 02:46:15: (log.c.166) server started 
***************************************************************
***************************************************************
NOTICE: This file system contains the followin GPLv3 packages:
	binutils-symlinks
	binutils
	gdbserver
	parted
If you do not wish to distribute GPLv3 components please remove
the above packages prior to distribution.  This can be done using
the opkg remove command.  i.e.:
    opkg remove <package>
Where <package> is the name printed in the list above
NOTE: If the package is a dependency of another package you
      will be notified of the dependent packages.  You should
      use the --force-removal-of-dependent-packages option to
      also remove the dependent packages as well
***************************************************************
***************************************************************
Stopping Bootlog daemon: bootlogd.
 _____                    _____           _         _   
|  _  |___ ___ ___ ___   |  _  |___ ___  |_|___ ___| |_ 
|     |  _| .'| . | . |  |   __|  _| . | | | -_|  _|  _|
|__|__|_| |__,|_  |___|  |__|  |_| |___|_| |___|___|_|  
              |___|                    |___|            
Arago Project http://arago-project.org GenericAM3517(FlattenedDeviceTree) tty-bd
Arago 2013.12 GenericAM3517(FlattenedDeviceTree) tty-bd
GenericAM3517(FlattenedDeviceTree) login: 
- 01:37:11 [INFO] Host: root
- 01:37:11 [INFO] Target: 
root
root@GenericAM3517(FlattenedDeviceTree):~# 
- 01:37:11 [INFO] Sleeping 15 secs to allow systemd to finish starting processes...
- 01:37:26 [INFO] Disconnected serial from craneboard
- 01:37:26 [INFO] Connected to craneboard via serial 
- 01:37:26 [INFO] Host: uname -a
- 01:37:26 [INFO] Target: 
uname -a
Linux GenericAM3517(FlattenedDeviceTree) 4.10.0-rc2-next-20170106-00002-g14a31feb91fc #1 SMP Fri Jan 6 01:27:34 CST 2017 armv7l GNU/Linux
root@GenericAM3517(FlattenedDeviceTree):~# 
- 01:37:26 [INFO] Host: cat /proc/cmdline
- 01:37:26 [INFO] Target: 
cat /proc/cmdline
console=ttyO2,115200n8 earlyprintk rootwait ip=dhcp root=/dev/mmcblk0p2 rw rootfstype=ext3 nohlt
root@GenericAM3517(FlattenedDeviceTree):~# 
- 01:37:26 [INFO] Host: uname -a
- 01:37:26 [INFO] Target: 
uname -a
Linux GenericAM3517(FlattenedDeviceTree) 4.10.0-rc2-next-20170106-00002-g14a31feb91fc #1 SMP Fri Jan 6 01:27:34 CST 2017 armv7l GNU/Linux
root@GenericAM3517(FlattenedDeviceTree):~# 
- 01:37:26 [INFO] Host: cat /proc/mtd
- 01:37:26 [INFO] Target: 
cat /proc/mtd
dev:    size   erasesize  name
root@GenericAM3517(FlattenedDeviceTree):~# 
- 01:37:26 [INFO] Host: cat /proc/diskstats
- 01:37:27 [INFO] Target: 
cat /proc/diskstats
   1       0 ram0 0 0 0 0 0 0 0 0 0 0 0
   1       1 ram1 0 0 0 0 0 0 0 0 0 0 0
   1       2 ram2 0 0 0 0 0 0 0 0 0 0 0
   1       3 ram3 0 0 0 0 0 0 0 0 0 0 0
   1       4 ram4 0 0 0 0 0 0 0 0 0 0 0
   1       5 ram5 0 0 0 0 0 0 0 0 0 0 0
   1       6 ram6 0 0 0 0 0 0 0 0 0 0 0
   1       7 ram7 0 0 0 0 0 0 0 0 0 0 0
   1       8 ram8 0 0 0 0 0 0 0 0 0 0 0
   1       9 ram9 0 0 0 0 0 0 0 0 0 0 0
   1      10 ram10 0 0 0 0 0 0 0 0 0 0 0
   1      11 ram11 0 0 0 0 0 0 0 0 0 0 0
   1      12 ram12 0 0 0 0 0 0 0 0 0 0 0
   1      13 ram13 0 0 0 0 0 0 0 0 0 0 0
   1      14 ram14 0 0 0 0 0 0 0 0 0 0 0
   1      15 ram15 0 0 0 0 0 0 0 0 0 0 0
   7       0 loop0 0 0 0 0 0 0 0 0 0 0 0
   7       1 loop1 0 0 0 0 0 0 0 0 0 0 0
   7       2 loop2 0 0 0 0 0 0 0 0 0 0 0
   7       3 loop3 0 0 0 0 0 0 0 0 0 0 0
   7       4 loop4 0 0 0 0 0 0 0 0 0 0 0
   7       5 loop5 0 0 0 0 0 0 0 0 0 0 0
   7       6 loop6 0 0 0 0 0 0 0 0 0 0 0
   7       7 loop7 0 0 0 0 0 0 0 0 0 0 0
 179       0 mmcblk0 1294 780 27095 9460 53 73 1008 116500 0 16470 125940
 179       1 mmcblk0p1 159 0 1220 1940 0 0 0 0 0 1940 1940
 179       2 mmcblk0p2 1121 780 25763 7500 53 73 1008 116500 0 16180 123980
root@GenericAM3517(FlattenedDeviceTree):~# 
- 01:37:27 [INFO] Host: cat /proc/interrupts
- 01:37:27 [INFO] Target: 
cat /proc/interrupts
           CPU0       
 23:          0      INTC   7 Edge      tps65910
 25:          0      INTC   9 Edge      l3-debug-irq
 26:          1      INTC  10 Edge      l3-app-irq
 28:          0      INTC  12 Edge      DMA
 29:       2314      INTC  13 Edge      omap-dma-engine
 36:          0      INTC  20 Edge      gpmc
 45:          0      INTC  29 Edge      48310000.gpio
 46:          0      INTC  30 Edge      49050000.gpio
 47:          0      INTC  31 Edge      49052000.gpio
 48:          0      INTC  32 Edge      49054000.gpio
 49:          0      INTC  33 Edge      49056000.gpio
 50:          0      INTC  34 Edge      49058000.gpio
 54:       2224      INTC  38 Edge      gp_timer
 72:        353      INTC  56 Edge      48070000.i2c
 90:        641      INTC  74 Edge      OMAP UART2
 92:          1      INTC  76 Edge      ohci_hcd:usb1
 99:       4180      INTC  83 Edge      mmc0
310:          0  tps65910   6 Level     tps65910-rtc
IPI0:          0  CPU wakeup interrupts
IPI1:          0  Timer broadcast interrupts
IPI2:          0  Rescheduling interrupts
IPI3:          0  Function call interrupts
IPI4:          0  CPU stop interrupts
IPI5:          0  IRQ work interrupts
IPI6:          0  completion interrupts
Err:          0
root@GenericAM3517(FlattenedDeviceTree):~# 
- 01:37:27 [INFO] Host: cat /proc/softirqs
- 01:37:27 [INFO] Target: 
cat /proc/softirqs
                    CPU0       
          HI:          1
       TIMER:       1882
      NET_TX:          0
      NET_RX:          0
       BLOCK:          0
    IRQ_POLL:          0
     TASKLET:       1371
       SCHED:          0
     HRTIMER:          0
         RCU:       5409
root@GenericAM3517(FlattenedDeviceTree):~# 
- 01:37:34 [INFO] Host: export IPERFHOST=192.168.1.254
- 01:37:34 [INFO] Target: 
export IPERFHOST=192.168.1.254
root@GenericAM3517(FlattenedDeviceTree):~# 
- 01:37:34 [INFO] Host: export NFS_SERVER=192.168.1.254
- 01:37:34 [INFO] Target: 
export NFS_SERVER=192.168.1.254
root@GenericAM3517(FlattenedDeviceTree):~# 
- 01:37:34 [INFO] Host: export NFS_ROOT_PATH=/home/NFS_exports/crane
- 01:37:34 [INFO] Target: 
export NFS_ROOT_PATH=/home/NFS_export 
s/crane
root@GenericAM3517(FlattenedDeviceTree):~# 
- 01:37:34 [INFO] Host: export AP_SSID=
- 01:37:34 [INFO] Target: 
export AP_SSID=
root@GenericAM3517(FlattenedDeviceTree):~# 
- 01:37:34 [INFO] Host: mkdir -p -m 777 /test
- 01:37:34 [INFO] Target: 
mkdir -p -m 777 /test
root@GenericAM3517(FlattenedDeviceTree):~# 
- 01:37:34 [INFO] Host: cd /test
- 01:37:34 [INFO] Target: 
cd /test
root@GenericAM3517(FlattenedDeviceTree):/test# 
- 01:37:34 [INFO] Host: cat > test.sh << EOF
- 01:37:34 [INFO] Target: 
cat > test.sh << EOF
- 01:37:34 [INFO] Host: failtest() {
- 01:37:35 [INFO] Target: 
failtest() {
- 01:37:35 [INFO] Host:   echo 1 >&3
- 01:37:35 [INFO] Target: 
  echo 1 >&3
- 01:37:35 [INFO] Host: }
- 01:37:35 [INFO] Target: 
- 01:37:35 [INFO] Host: timeout=600
- 01:37:35 [INFO] Target: 
timeout=600
- 01:37:35 [INFO] Host: 
- 01:37:35 [INFO] Target: 
- 01:37:35 [INFO] Host: # Start of user's script logic
- 01:37:35 [INFO] Target: 
# Start of user's script logic
- 01:37:35 [INFO] Host: mount -t proc proc /proc 2>/dev/null;
- 01:37:35 [INFO] Target: 
mount -t proc proc /proc 2>/dev/null;
- 01:37:35 [INFO] Host: 
- 01:37:35 [INFO] Target: 
- 01:37:35 [INFO] Host: mount -t sysfs sys /sys 2>/dev/null;
- 01:37:35 [INFO] Target: 
mount -t sysfs sys /sys 2>/dev/null;
- 01:37:35 [INFO] Host: 
- 01:37:35 [INFO] Target: 
- 01:37:35 [INFO] Host: mount -t debugfs none /sys/kernel/debug 2>/dev/null;
- 01:37:36 [INFO] Target: 
mount -t debugfs none /sys/kernel/debug 2>/dev/null;
- 01:37:36 [INFO] Host: 
- 01:37:36 [INFO] Target: 
- 01:37:36 [INFO] Host: echo 'cpuinfo:';cat /proc/cpuinfo; echo '=======';
- 01:37:36 [INFO] Target: 
echo 'cpuinfo:';cat /proc/cpuinfo; echo '=======';
- 01:37:36 [INFO] Host: 
- 01:37:36 [INFO] Target: 
- 01:37:36 [INFO] Host: echo 'soc info:';head /sys/devices/soc0/* 2>/dev/null; echo '=======';
- 01:37:36 [INFO] Target: 
echo 'soc in[   61.596863] random: crng init done
fo:';head /sys/devices/soc0/* 2>/dev/null; echo '=======';
- 01:37:36 [INFO] Host: 
- 01:37:36 [INFO] Target: 
- 01:37:36 [INFO] Host: echo 'DT Model info'; head /proc/device-tree/name /proc/device-tree/model /proc/device-tree/compatible 2>/dev/null;echo; echo '=======';
- 01:37:36 [INFO] Target: 
echo 'DT Model info'; head /proc/device-tree/name /proc/device-tree/model /pro 
c/device-tree/compatible 2>/dev/null;echo; echo '=======';
- 01:37:36 [INFO] Host: 
- 01:37:36 [INFO] Target: 
- 01:37:36 [INFO] Host: echo 'interrupts:';cat /proc/interrupts; echo '=======';
- 01:37:36 [INFO] Target: 
echo 'interrupts:';cat /proc/interrupts; echo '=======';
- 01:37:36 [INFO] Host: 
- 01:37:36 [INFO] Target: 
- 01:37:36 [INFO] Host: echo 'Clk_summary:';cat /sys/kernel/debug/clk/clk_summary; echo '=======';
- 01:37:37 [INFO] Target: 
echo 'Clk_summary:';cat /sys/kernel/debug/clk/clk_summary; echo '=======';
- 01:37:37 [INFO] Host: 
- 01:37:37 [INFO] Target: 
- 01:37:37 [INFO] Host: echo "Available frequencies"; cat /sys/devices/system/cpu/cpu0/cpufreq/scaling_available_frequencies 2>/dev/null;echo '=======';
- 01:37:37 [INFO] Target: 
echo "Available frequencies"; cat /sys/devices/system/cpu/cpu0/cpufreq/scaling 
_available_frequencies 2>/dev/null;echo '=======';
- 01:37:37 [INFO] Host: 
- 01:37:37 [INFO] Target: 
- 01:37:37 [INFO] Host: TMPF=/tmp/a.\$\$; TMPF2=/tmp/b.\$\$; STR=""
- 01:37:37 [INFO] Target: 
TMPF=/tmp/a.\$\$; TMPF2=/tmp/b.\$\$; STR=""
- 01:37:37 [INFO] Host: 
- 01:37:37 [INFO] Target: 
- 01:37:37 [INFO] Host: cp /dev/kmsg \$TMPF &
- 01:37:37 [INFO] Target: 
cp /dev/kmsg \$TMPF &
- 01:37:37 [INFO] Host: 
- 01:37:37 [INFO] Target: 
- 01:37:37 [INFO] Host: PID=\$! ; sleep 5; kill -9 \$PID
- 01:37:37 [INFO] Target: 
PID=\$! ; sleep 5; kill -9 \$PID
- 01:37:37 [INFO] Host: 
- 01:37:37 [INFO] Target: 
- 01:37:37 [INFO] Host: 
- 01:37:38 [INFO] Target: 
- 01:37:38 [INFO] Host: 
- 01:37:38 [INFO] Target: 
- 01:37:38 [INFO] Host: cat \$TMPF|grep "^0">\$TMPF2; N=\`cat \$TMPF2|wc -l\`; if [ "\$N" -ne 0 ]; then STR="\$STR emerg=\$N";echo "===== EMERGE++";cat \$TMPF2|cut -d ';' -f2;echo "====="; fi
- 01:37:38 [INFO] Target: 
cat \$TMPF|grep "^0">\$TMPF2; N=\`cat \$TMPF2|wc -l\`; if [ "\$N" -ne 0 ]; the 
n STR="\$STR emerg=\$N";echo "===== EMERGE++";cat \$TMPF2|cut -d ';' -f2;echo "= 
===="; fi
- 01:37:38 [INFO] Host: 
- 01:37:38 [INFO] Target: 
- 01:37:38 [INFO] Host: cat \$TMPF|grep "^1">\$TMPF2; N=\`cat \$TMPF2|wc -l\`; if [ "\$N" -ne 0 ]; then STR="\$STR alert=\$N";echo "===== ALERT ==";cat \$TMPF2|cut -d ';' -f2;echo "====="; fi
- 01:37:38 [INFO] Target: 
cat \$TMPF|grep "^1">\$TMPF2; N=\`cat \$TMPF2|wc -l\`; if [ "\$N" -ne 0 ]; the 
n STR="\$STR alert=\$N";echo "===== ALERT ==";cat \$TMPF2|cut -d ';' -f2;echo "= 
===="; fi
- 01:37:38 [INFO] Host: 
- 01:37:38 [INFO] Target: 
- 01:37:38 [INFO] Host: cat \$TMPF|grep "^2">\$TMPF2; N=\`cat \$TMPF2|wc -l\`; if [ "\$N" -ne 0 ]; then STR="\$STR crit=\$N";echo "===== CRIT ==";cat \$TMPF2|cut -d ';' -f2;echo "====="; fi
- 01:37:38 [INFO] Target: 
cat \$TMPF|grep "^2">\$TMPF2; N=\`cat \$TMPF2|wc -l\`; if [ "\$N" -ne 0 ]; the 
n STR="\$STR crit=\$N";echo "===== CRIT ==";cat \$TMPF2|cut -d ';' -f2;echo "=== 
=="; fi
- 01:37:38 [INFO] Host: 
- 01:37:38 [INFO] Target: 
- 01:37:38 [INFO] Host: cat \$TMPF|grep "^3">\$TMPF2; N=\`cat \$TMPF2|wc -l\`; if [ "\$N" -ne 0 ]; then STR="\$STR err=\$N";echo "===== ERR ==";cat \$TMPF2|cut -d ';' -f2;echo "=====" ;fi
- 01:37:38 [INFO] Target: 
cat \$TMPF|grep "^3">\$TMPF2; N=\`cat \$TMPF2|wc -l\`; if [ "\$N" -ne 0 ]; the 
n STR="\$STR err=\$N";echo "===== ERR ==";cat \$TMPF2|cut -d ';' -f2;echo "===== 
" ;fi
- 01:37:38 [INFO] Host: 
- 01:37:38 [INFO] Target: 
- 01:37:38 [INFO] Host: cat \$TMPF|grep "^4">\$TMPF2; N=\`cat \$TMPF2|wc -l\`; if [ "\$N" -ne 0 ]; then STR="\$STR warn=\$N";echo "===== WARN ==";cat \$TMPF2|cut -d ';' -f2;echo "=====" ;fi
- 01:37:39 [INFO] Target: 
cat \$TMPF|grep "^4">\$TMPF2; N=\`cat \$TMPF2|wc -l\`; if [ "\$N" -ne 0 ]; the 
n STR="\$STR warn=\$N";echo "===== WARN ==";cat \$TMPF2|cut -d ';' -f2;echo "=== 
==" ;fi
- 01:37:39 [INFO] Host: 
- 01:37:39 [INFO] Target: 
- 01:37:39 [INFO] Host: rm \$TMPF \$TMPF2; echo "SUM""MARY RESULT: BOOT:" 'PASS: H''ello World' 'B''oard' "Booted" "Boot Log has::::\$STR:"
- 01:37:39 [INFO] Target: 
rm \$TMPF \$TMPF2; echo "SUM""MARY RESULT: BOOT:" 'PASS: H''ello World' 'B''oa 
rd' "Booted" "Boot Log has::::\$STR:"
- 01:37:39 [INFO] Host: 
- 01:37:39 [INFO] Target: 
- 01:37:39 [INFO] Host: EOF
- 01:37:39 [INFO] Target: 
root@GenericAM3517(FlattenedDeviceTree):/test# 
- 01:37:39 [INFO] Host: cd /test
- 01:37:39 [INFO] Target: 
cd /test
root@GenericAM3517(FlattenedDeviceTree):/test# 
- 01:37:39 [INFO] Host: chmod +x test.sh
- 01:37:39 [INFO] Target: 
chmod +x test.sh
root@GenericAM3517(FlattenedDeviceTree):/test# 
- 01:37:39 [INFO] Host: ./test.sh 2> stderr.log > stdout.log 3> result.log
- 01:37:46 [INFO] Target: 
./test.sh 2> stderr.log > stdout. 
log 3> result.log
root@GenericAM3517(FlattenedDeviceTree):/test# 
- 01:37:46 [INFO] Host: echo $?
- 01:37:46 [INFO] Target: 
echo $?
root@GenericAM3517(FlattenedDeviceTree):/test# 
- 01:37:46 [INFO] Host: cd /test
- 01:37:46 [INFO] Target: 
cd /test
root@GenericAM3517(FlattenedDeviceTree):/test# 
- 01:37:46 [INFO] Host: cat stdout.log
- 01:37:49 [INFO] Target: 
cat stdout.log
cpuinfo:
processor	: 0
model name	: ARMv7 Processor rev 7 (v7l)
BogoMIPS	: 498.89
Features	: half thumb fastmult vfp edsp thumbee neon vfpv3 tls vfpd32 
CPU implementer	: 0x41
CPU architecture: 7
CPU variant	: 0x1
CPU part	: 0xc08
CPU revision	: 7
Hardware	: Generic AM3517 (Flattened Device Tree)
Revision	: 0000
Serial		: 0000000000000000
=======
soc info:
==> /sys/devices/soc0/deferred_probe <==
==> /sys/devices/soc0/family <==
OMAP3
==> /sys/devices/soc0/machine <==
AM3517
==> /sys/devices/soc0/power <==
==> /sys/devices/soc0/revision <==
ES1.1
==> /sys/devices/soc0/subsystem <==
==> /sys/devices/soc0/type <==
==> /sys/devices/soc0/uevent <==
=======
DT Model info
==> /proc/device-tree/name <==
==> /proc/device-tree/model <==
TI AM3517 CraneBoard (TMDSEVM3517)
==> /proc/device-tree/compatible <==
ti,am3517-craneboardti,am3517ti,omap3
=======
interrupts:
           CPU0       
 23:          0      INTC   7 Edge      tps65910
 25:          0      INTC   9 Edge      l3-debug-irq
 26:          1      INTC  10 Edge      l3-app-irq
 28:          0      INTC  12 Edge      DMA
 29:       2328      INTC  13 Edge      omap-dma-engine
 36:          0      INTC  20 Edge      gpmc
 45:          0      INTC  29 Edge      48310000.gpio
 46:          0      INTC  30 Edge      49050000.gpio
 47:          0      INTC  31 Edge      49052000.gpio
 48:          0      INTC  32 Edge      49054000.gpio
 49:          0      INTC  33 Edge      49056000.gpio
 50:          0      INTC  34 Edge      49058000.gpio
 54:       2415      INTC  38 Edge      gp_timer
 72:        353      INTC  56 Edge      48070000.i2c
 90:       8949      INTC  74 Edge      OMAP UART2
 92:          1      INTC  76 Edge      ohci_hcd:usb1
 99:       4186      INTC  83 Edge      mmc0
310:          0  tps65910   6 Level     tps65910-rtc
IPI0:          0  CPU wakeup interrupts
IPI1:          0  Timer broadcast interrupts
IPI2:          0  Rescheduling interrupts
IPI3:          0  Function call interrupts
IPI4:          0  CPU stop interrupts
IPI5:          0  IRQ work interrupts
IPI6:          0  completion interrupts
Err:          0
=======
Clk_summary:
   clock                         enable_cnt  prepare_cnt        rate   accuracy   phase
----------------------------------------------------------------------------------------
 pclk_ck                                  0            0    27000000          0 0  
    vpfe_fck                              0            0    27000000          0 0  
 rmii_ck                                  1            1    50000000          0 0  
    emac_fck                              2            2    50000000          0 0  
 secure_32k_fck                           0            1       32768          0 0  
    wdt1_fck                              0            0       32768          0 0  
    gpt12_fck                             0            1       32768          0 0  
 dummy_ck                                 0            0           0          0 0  
 mcbsp_clks                               0            5           0          0 0  
 sys_altclk                               0            0           0          0 0  
 virt_38_4m_ck                            0            0    38400000          0 0  
 virt_26000000_ck                         1            1    26000000          0 0  
    osc_sys_ck                            1            1    26000000          0 0  
       sys_clkout1                        0            0    26000000          0 0  
       sys_ck                             6           17    13000000          0 0  
          gpt9_fck                        0            1    13000000          0 0  
          gpt8_fck                        0            1    13000000          0 0  
          gpt7_fck                        0            1    13000000          0 0  
          gpt6_fck                        0            1    13000000          0 0  
          gpt5_fck                        0            1    13000000          0 0  
          gpt4_fck                        0            1    13000000          0 0  
          gpt3_fck                        0            1    13000000          0 0  
          gpt2_fck                        1            1    13000000          0 0  
          gpt1_fck                        1            1    13000000          0 0  
          hecc_ck                         0            0    13000000          0 0  
          hsotgusb_fck_am35xx             0            1    13000000          0 0  
          cpefuse_fck                     0            0    13000000          0 0  
          dpll5_ck                        1            1   960000000          0 0  
             dpll5_m2_ck                  1            1   120000000          0 0  
                usbhost_120m_fck           0            0   120000000          0 0  
                usbtll_fck                1            1   120000000          0 0  
          traceclk_src_fck                0            0    13000000          0 0  
             traceclk_fck                 0            0    13000000          0 0  
          emu_src_mux_ck                  0            1    13000000          0 0  
             emu_src_ck                   0            1    13000000          0 0  
                atclk_fck                 0            0    13000000          0 0  
                pclkx2_fck                0            0    13000000          0 0  
                pclk_fck                  0            0     6500000          0 0  
          dss2_alwon_fck                  0            2    13000000          0 0  
          dpll1_ck                        0            1   500000000          0 0  
             dpll1_x2_ck                  0            1  1000000000          0 0  
                dpll1_x2m2_ck             0            1  1000000000          0 0  
                   mpu_ck                 0            1  1000000000          0 0  
                      emu_mpu_alwon_ck           0            0  1000000000          0 0  
                      arm_fck             0            1   500000000          0 0  
          dpll3_ck                        1            1   332000000          0 0  
             dpll3_x2_ck                  0            0   664000000          0 0  
             dpll3_m2_ck                  1            1   332000000          0 0  
                dpll3_m2x2_ck             0            0   664000000          0 0  
                   corex2_fck             0            0   664000000          0 0  
                      corex2_d5_fck           0            0   132800000          0 0  
                      corex2_d3_fck           0            0   221333333          0 0  
                core_ck                   1            1   332000000          0 0  
                   core_d2_ck             0            0   166000000          0 0  
                   core_d6_ck             0            0    55333333          0 0  
                   core_d4_ck             0            0    83000000          0 0  
                   core_d3_ck             0            0   110666666          0 0  
                      sgx_fck             0            0   110666666          0 0  
                   l3_ick                 2            2   166000000          0 0  
                      sgx_ick             0            0   166000000          0 0  
                      core_l3_ick           6            7   166000000          0 0  
                         ipss_ick           2            2   166000000          0 0  
                            hsotgusb_ick_am35xx           2            2   166000000          0 0  
                            vpfe_ick           0            0   166000000          0 0  
                            emac_ick           2            2   166000000          0 0  
                         gpmc_fck           2            2   166000000          0 0  
                         sdrc_ick           1            1   166000000          0 0  
                      l4_ick              4            4    83000000          0 0  
                         usbhost_ick           1            1    83000000          0 0  
                         dss_ick_3430es2           4            6    83000000          0 0  
                         per_l4_ick          12           17    83000000          0 0  
                            mcbsp4_ick           1            1    83000000          0 0  
                            mcbsp3_ick           2            3    83000000          0 0  
                            mcbsp2_ick           2            3    83000000          0 0  
                            gpt2_ick           1            1    83000000          0 0  
                            gpt3_ick           1            1    83000000          0 0  
                            gpt4_ick           1            1    83000000          0 0  
                            gpt5_ick           1            1    83000000          0 0  
                            gpt6_ick           1            1    83000000          0 0  
                            gpt7_ick           1            1    83000000          0 0  
                            gpt8_ick           1            1    83000000          0 0  
                            gpt9_ick           1            1    83000000          0 0  
                            uart4_ick           0            0    83000000          0 0  
                            uart3_ick           1            1    83000000          0 0  
                            wdt3_ick           0            0    83000000          0 0  
                            gpio2_ick           0            1    83000000          0 0  
                            gpio3_ick           0            1    83000000          0 0  
                            gpio4_ick           0            1    83000000          0 0  
                            gpio5_ick           0            1    83000000          0 0  
                            gpio6_ick           0            1    83000000          0 0  
                         core_l4_ick          20           21    83000000          0 0  
                            mmchs3_ick           1            1    83000000          0 0  
                            usbtll_ick           1            1    83000000          0 0  
                            uart4_ick_am35xx           1            1    83000000          0 0  
                            sha12_ick           0            0    83000000          0 0  
                            aes2_ick           0            0    83000000          0 0  
                            omapctrl_ick           1            1    83000000          0 0  
                            mcbsp1_ick           1            1    83000000          0 0  
                            mcbsp5_ick           1            1    83000000          0 0  
                            gpt10_ick           1            1    83000000          0 0  
                            gpt11_ick           1            1    83000000          0 0  
                            uart1_ick           1            1    83000000          0 0  
                            uart2_ick           1            1    83000000          0 0  
                            i2c1_ick           1            1    83000000          0 0  
                            i2c2_ick           1            1    83000000          0 0  
                            i2c3_ick           1            1    83000000          0 0  
                            mcspi1_ick           1            1    83000000          0 0  
                            mcspi2_ick           1            1    83000000          0 0  
                            mcspi3_ick           1            1    83000000          0 0  
                            mcspi4_ick           1            1    83000000          0 0  
                            hdq_ick           0            1    83000000          0 0  
                            mmchs1_ick           1            1    83000000          0 0  
                            mmchs2_ick           1            1    83000000          0 0  
                         rm_ick           0            0    41500000          0 0  
                   dpll1_fck              0            0   166000000          0 0  
             dpll3_m3_ck                  0            0   166000000          0 0  
                dpll3_m3x2_mul_ck           0            0   332000000          0 0  
                   dpll3_m3x2_ck           0            0   332000000          0 0  
                      emu_core_alwon_ck           0            0   332000000          0 0  
          dpll4_ck                        1            3   432000000          0 0  
             dpll4_x2_ck                  0            0   864000000          0 0  
             dpll4_m6_ck                  0            0   144000000          0 0  
                dpll4_m6x2_mul_ck           0            0   288000000          0 0  
                   dpll4_m6x2_ck           0            0   288000000          0 0  
                      emu_per_alwon_ck           0            0   288000000          0 0  
             dpll4_m5_ck                  0            0   108000000          0 0  
                dpll4_m5x2_mul_ck           0            0   216000000          0 0  
                   dpll4_m5x2_ck           0            0   216000000          0 0  
             dpll4_m4_ck                  0            1   216000000          0 0  
                dpll4_m4x2_mul_ck           0            1   432000000          0 0  
                   dpll4_m4x2_ck           0            1   432000000          0 0  
                      dss1_alwon_fck_3430es2           0            4   432000000          0 0  
             dpll4_m3_ck                  0            1    27000000          0 0  
                dpll4_m3x2_mul_ck           0            1    54000000          0 0  
                   dpll4_m3x2_ck           0            1    54000000          0 0  
                      omap_54m_fck           0            1    54000000          0 0  
                         clkout2_src_ck           0            0    54000000          0 0  
                            sys_clkout2           0            0    54000000          0 0  
                         dss_tv_fck           0            2    54000000          0 0  
             dpll4_m2_ck                  1            1    48000000          0 0  
                dpll4_m2x2_mul_ck           1            1    96000000          0 0  
                   dpll4_m2x2_ck           1            1    96000000          0 0  
                      omap_192m_alwon_fck           0            0    96000000          0 0  
                      omap_96m_alwon_fck           1            2    96000000          0 0  
                         per_96m_fck           0            6    96000000          0 0  
                            mcbsp4_fck           0            1    96000000          0 0  
                            mcbsp3_fck           0            1    96000000          0 0  
                            mcbsp2_fck           0            1    96000000          0 0  
                         cm_96m_fck           1            2    96000000          0 0  
                            cm_96m_d2_fck           1            1    48000000          0 0  
                               omap_48m_fck           3            4    48000000          0 0  
                                  usbhost_48m_fck           1            1    48000000          0 0  
                                  per_48m_fck           1            1    48000000          0 0  
                                     uart3_fck           1            1    48000000          0 0  
                                  core_48m_fck           2            7    48000000          0 0  
                                     uart4_fck_am35xx           0            1    48000000          0 0  
                                     uart1_fck           1            2    48000000          0 0  
                                     uart2_fck           1            1    48000000          0 0  
                                     mcspi1_fck           0            1    48000000          0 0  
                                     mcspi2_fck           0            1    48000000          0 0  
                                     mcspi3_fck           0            1    48000000          0 0  
                                     mcspi4_fck           0            1    48000000          0 0  
                                  omap_12m_fck           0            1    12000000          0 0  
                                     core_12m_fck           0            1    12000000          0 0  
                                        hdq_fck             0            1    12000000          0 0  
                            omap_96m_fck           0            2    96000000          0 0  
                               dss_96m_fck           0            2    96000000          0 0  
                               core_96m_fck           0           10    96000000          0 0  
                                  mcbsp1_fck           0            1    96000000          0 0  
                                  mcbsp5_fck           0            1    96000000          0 0  
                                  mmchs3_fck           0            1    96000000          0 0  
                                  i2c1_fck           0            1    96000000          0 0  
                                  i2c2_fck           0            1    96000000          0 0  
                                  i2c3_fck           0            1    96000000          0 0  
                                  mmchs1_fck           0            1    96000000          0 0  
                                  mmchs2_fck           0            1    96000000          0 0  
          wkup_l4_ick                     4            5    13000000          0 0  
             gpt1_ick                     1            1    13000000          0 0  
             gpt12_ick                    1            1    13000000          0 0  
             omap_32ksync_ick             1            1    13000000          0 0  
             gpio1_ick                    0            1    13000000          0 0  
             wdt1_ick                     0            0    13000000          0 0  
             wdt2_ick                     1            1    13000000          0 0  
 virt_19200000_ck                         0            0    19200000          0 0  
 virt_13m_ck                              0            0    13000000          0 0  
 virt_12m_ck                              0            0    12000000          0 0  
 omap_32k_fck                             0            7       32768          0 0  
    gpt11_fck                             0            1       32768          0 0  
    gpt10_fck                             0            1       32768          0 0  
    ts_fck                                0            0       32768          0 0  
    per_32k_alwon_fck                     0            5       32768          0 0  
       wdt3_fck                           0            0       32768          0 0  
       gpio2_dbck                         0            2       32768          0 0  
       gpio3_dbck                         0            2       32768          0 0  
       gpio4_dbck                         0            2       32768          0 0  
       gpio5_dbck                         0            2       32768          0 0  
       gpio6_dbck                         0            2       32768          0 0  
    wkup_32k_fck                          0            3       32768          0 0  
       wdt2_fck                           0            1       32768          0 0  
       gpio1_dbck                         0            2       32768          0 0  
 dummy_apb_pclk                           0            0           0          0 0  
 virt_16_8m_ck                            0            0    16800000          0 0  
=======
Available frequencies
=======
===== CRIT ==
EXT4-fs error (device mmcblk0p2): ext4_iget:4778: inode #98783: comm S30urandom: bogus i_mode (110664)
EXT4-fs error (device mmcblk0p2): ext4_iget:4778: inode #98783: comm rm: bogus i_mode (110664)
EXT4-fs error (device mmcblk0p2): ext4_iget:4778: inode #98783: comm dd: bogus i_mode (110664)
=====
===== ERR ==
Address Hole seen by USB_OTG  at address dc6346bc
platform 480c5000.aes: Cannot lookup hwmod 'aes'
platform 480c3000.sham: Cannot lookup hwmod 'sham'
platform 480cb000.smartreflex: Cannot lookup hwmod 'smartreflex_core'
platform 480ab000.usb_otg_hs: Cannot lookup hwmod 'usb_otg_hs'
of: dev_pm_opp_of_cpumask_add_table: couldn't find opp table for cpu:0, -19
cpu cpu0: dev_pm_opp_get_opp_count: OPP table not found (-19)
omap2_set_init_voltage: unable to find boot up OPP for vdd_mpu_iva
omap2_set_init_voltage: unable to set vdd_mpu_iva
omap2_set_init_voltage: unable to find boot up OPP for vdd_core
omap2_set_init_voltage: unable to set vdd_core
pm: Failed to request pm_wkup irq
vdd_shv: voltage operation not allowed
omap_hsmmc 4809c000.mmc: could not set regulator OCR (-1)
udevd[125]: starting version 182
=====
===== WARN ==
omap_hwmod: mcbsp2_sidetone using broken dt data from mcbsp
omap_hwmod: mcbsp3_sidetone using broken dt data from mcbsp
------------[ cut here ]------------
WARNING: CPU: 0 PID: 1 at drivers/bus/omap_l3_smx.c:166 omap3_l3_app_irq+0xfc/0x130
Modules linked in:
CPU: 0 PID: 1 Comm: swapper/0 Not tainted 4.10.0-rc2-next-20170106-00002-g14a31feb91fc #1
Hardware name: Generic AM3517 (Flattened Device Tree)
[<c0310580>] (unwind_backtrace) from [<c030bbcc>] (show_stack+0x10/0x14)
[<c030bbcc>] (show_stack) from [<c05a16dc>] (dump_stack+0x98/0xac)
[<c05a16dc>] (dump_stack) from [<c0341c94>] (__warn+0xe8/0x100)
[<c0341c94>] (__warn) from [<c0341d5c>] (warn_slowpath_null+0x20/0x28)
[<c0341d5c>] (warn_slowpath_null) from [<c05d7950>] (omap3_l3_app_irq+0xfc/0x130)
[<c05d7950>] (omap3_l3_app_irq) from [<c038901c>] (__handle_irq_event_percpu+0x88/0x118)
[<c038901c>] (__handle_irq_event_percpu) from [<c03890c8>] (handle_irq_event_percpu+0x1c/0x58)
[<c03890c8>] (handle_irq_event_percpu) from [<c0389148>] (handle_irq_event+0x44/0x68)
[<c0389148>] (handle_irq_event) from [<c038c3c8>] (handle_level_irq+0xa0/0x134)
[<c038c3c8>] (handle_level_irq) from [<c038837c>] (generic_handle_irq+0x24/0x34)
[<c038837c>] (generic_handle_irq) from [<c0388894>] (__handle_domain_irq+0x5c/0xb4)
[<c0388894>] (__handle_domain_irq) from [<c030c74c>] (__irq_svc+0x6c/0x90)
[<c030c74c>] (__irq_svc) from [<c0c0e100>] (_raw_spin_unlock_irqrestore+0x1c/0x20)
[<c0c0e100>] (_raw_spin_unlock_irqrestore) from [<c038acfc>] (__setup_irq+0x294/0x610)
[<c038acfc>] (__setup_irq) from [<c038b224>] (request_threaded_irq+0xe4/0x17c)
[<c038b224>] (request_threaded_irq) from [<c05d7a7c>] (omap3_l3_probe+0xf8/0x164)
[<c05d7a7c>] (omap3_l3_probe) from [<c07f1aa4>] (platform_drv_probe+0x4c/0xb0)
[<c07f1aa4>] (platform_drv_probe) from [<c07f0154>] (driver_probe_device+0x238/0x2d8)
[<c07f0154>] (driver_probe_device) from [<c07ee558>] (bus_for_each_drv+0x60/0x94)
[<c07ee558>] (bus_for_each_drv) from [<c07efe3c>] (__device_attach+0xb0/0x114)
[<c07efe3c>] (__device_attach) from [<c07ef484>] (bus_probe_device+0x84/0x8c)
[<c07ef484>] (bus_probe_device) from [<c07ed87c>] (device_add+0x420/0x5a4)
[<c07ed87c>] (device_add) from [<c0ab7014>] (of_platform_device_create_pdata+0x84/0xb8)
[<c0ab7014>] (of_platform_device_create_pdata) from [<c0ab722c>] (of_platform_bus_create+0xf0/0x350)
[<c0ab722c>] (of_platform_bus_create) from [<c0ab75f4>] (of_platform_populate+0x6c/0xcc)
[<c0ab75f4>] (of_platform_populate) from [<c1216594>] (pdata_quirks_init+0x68/0x80)
[<c1216594>] (pdata_quirks_init) from [<c1216194>] (omap_generic_init+0x10/0x18)
[<c1216194>] (omap_generic_init) from [<c12035d8>] (customize_machine+0x20/0x30)
[<c12035d8>] (customize_machine) from [<c0301e90>] (do_one_initcall+0x40/0x16c)
[<c0301e90>] (do_one_initcall) from [<c1200dd0>] (kernel_init_freeable+0x160/0x200)
[<c1200dd0>] (kernel_init_freeable) from [<c0c08490>] (kernel_init+0x8/0x114)
[<c0c08490>] (kernel_init) from [<c0307e78>] (ret_from_fork+0x14/0x3c)
---[ end trace 7565c09b7f983220 ]---
gpmc_mem_init: disabling cs 0 mapped at 0x0-0x1000000
omap4_sram_init:Unable to allocate sram needed to handle errata I688
omap4_sram_init:Unable to get sram pool needed to handle errata I688
PM: no software I/O chain control
mmc0: host does not support reading read-only switch, assuming write-enable
EXT4-fs (mmcblk0p2): warning: mounting fs with errors, running e2fsck is recommended
FAT-fs (mmcblk0p1): Volume was not properly unmounted. Some data may be corrupt. Please run fsck.
=====
SUMMARY RESULT: BOOT: PASS: Hello World Board Booted Boot Log has:::: crit=3 err=15 warn=47:
root@GenericAM3517(FlattenedDeviceTree):/test# 
- 01:37:49 [INFO] Host: cat stderr.log
- 01:37:49 [INFO] Target: 
cat stderr.log
./test.sh: line 33:   682 Killed                  cp /dev/kmsg $TMPF
root@GenericAM3517(FlattenedDeviceTree):/test# 
- 01:37:49 [INFO] Host: cat result.log
- 01:37:51 [ERROR] On command: cat result.log waiting for cat result.log.+?(?m-ix:^1[\0\n\r]+) >>> error: execution expired
- 01:37:51 [INFO] Target: 
cat result.log
root@GenericAM3517(FlattenedDeviceTree):/test# 
- 01:37:51 [INFO] Host: cd /test
- 01:37:51 [INFO] Target: 
cd /test
root@GenericAM3517(FlattenedDeviceTree):/test# 
URL:gtsystest.telogy.design.ti.com/vatf/tidfarm-05/tidfarm-05_vatf@craneboard/tidfarm-0501_06_2017_01_35_13/files/session_iteration_1/test_1
