- 02:26:51 [INFO] Starting target session
- 02:26:52 [INFO] Connected to craneboard via serial 
- 02:26:52 [INFO] Host: #check prompt
- 02:26:55 [ERROR] On command: #check prompt waiting for #check prompt.+?(?-mix:((?-mix:.*\s+login)|[Pp]assword)) >>> error: execution expired
- 02:26:55 [INFO] Target: 
#check prompt
root@GenericAM3517(FlattenedDeviceTree):/test# 
- 02:26:55 [INFO] Host: #check prompt
- 02:26:55 [INFO] Target: 
#check prompt
root@GenericAM3517(FlattenedDeviceTree):/test# 
- 02:26:55 [INFO] Host: sync;poweroff
- 02:27:17 [INFO] Target: 
sync;poweroff
Broadcast message from root@GenericAM3517(FlattenedDeviceTree) (ttyO2) (Wed M
The system is going down for system halt NOW!
INIT: Switching to runlevel: 0
root@GenericAM3517(FlattenedDeviceTree):/test# 
INIT: Sending processes the TERM signal
INIT: Sending processes the KILL signal
Stopping Dropbear SSH server: stopped /usr/sbin/dropbear (pid 630)
dropbear.
Stopping telnet daemon.
Stopping system message bus: hwclock: can't open '/dev/misc/rtc': No such file or directory
Error opening /dev/fb0: No such file or directory
Stopping syslogd/klogd: stopped syslogd (pid 642)
stopped klogd (pid 645)
done
Stopping thttpd.
ALSA: Storing mixer settings...
/usr/sbin/alsactl: save_state:1580: No soundcards found...
Deconfiguring network interfaces... [ 1168.685407] davinci_mdio davinci_mdio.0: resetting idled controller
[ 1168.754467] davinci_mdio davinci_mdio.0: resetting idled controller
[ 1168.761806] net eth0: attached PHY driver [SMSC LAN8710/LAN8720] (mii_bus:phy_addr=davinci_mdio.0:00, id=7c0f1)
done.
Stopping Lighttpd Web Server: stopped /usr/sbin/lighttpd (pid 656)
lighttpd.
***************************************************************
***************************************************************
NOTICE: This file system contains the followin GPLv3 packages:
	binutils-symlinks
	binutils
	gdbserver
	parted
If you do not wish to distribute GPLv3 components please remove
the above packages prior to distribution.  This can be done using
the opkg remove command.  i.e.:
    opkg remove <package>
Where <package> is the name printed in the list above
NOTE: If the package is a dependency of another package you
      will be notified of the dependent packages.  You should
      use the --force-removal-of-dependent-packages option to
      also remove the dependent packages as well
***************************************************************
***************************************************************
Sending all processes the TERM signal...
[ 1170.754642] davinci_emac davinci_emac.0 eth0: Link is Up - 100Mbps/Full - flow control rx/tx
Sending all processes the KILL signal...
Unmounting remote filesystems...
Deactivating swap...
Unmounting local filesystems...
[ 1182.572135] reboot: System halted
- 02:27:17 [INFO] Disconnected serial from craneboard
- 02:28:00 [INFO] Connected to craneboard via serial 
- 02:28:00 [INFO] Host: 
- 02:28:02 [INFO] Target: 
In:    serial
Out:   serial
Err:   serial
Die ID #7b4e000100000000015da3961501500d
Net:   davinci_emac_initialize
Ethernet PHY: GENERIC @ 0x00
EMAC LSB = 0x00106680
EMAC MSB = 0x00080028
-----------------------------
EMAC ID 08:00:28:10:66:80
-----------------------------
DaVinci EMAC
Hit any key to stop autoboot:  3  0 
AM3517_CRANE # 
AM3517_CRANE # 
AM3517_CRANE # 
AM3517_CRANE # 
AM3517_CRANE # 
AM3517_CRANE # 
AM3517_CRANE # 
AM3517_CRANE # 
AM3517_CRANE # 
AM3517_CRANE # 
AM3517_CRANE # 
AM3517_CRANE # 
AM3517_CRANE # 
AM3517_CRANE # 
AM3517_CRANE # 
AM3517_CRANE # 
AM3517_CRANE # 
AM3517_CRANE # 
AM3517_CRANE # 
AM3517_CRANE # 
AM3517_CRANE # 
AM3517_CRANE # 
AM3517_CRANE # 
AM3517_CRANE # 
AM3517_CRANE # 
- 02:28:02 [INFO] Host: 
- 02:28:02 [INFO] Target: 
AM3517_CRANE # 
AM3517_CRANE # 
- 02:28:02 [INFO] Host: version
- 02:28:02 [INFO] Target: 
version
U-Boot 2009.11-00005-ge83d2db (Dec 07 2010 - 11:55:34)
AM3517_CRANE # 
- 02:28:02 [INFO] Host: setenv bootargs 'console=ttyO2,115200n8 earlyprintk rootwait nohlt '
- 02:28:02 [INFO] Target: 
setenv bootargs 'console=ttyO2,115200n8 earlyprintk rootwait nohlt '
AM3517_CRANE # 
- 02:28:02 [INFO] Host: setenv bootcmd  ''
- 02:28:03 [INFO] Target: 
setenv bootcmd  ''
AM3517_CRANE # 
- 02:28:03 [INFO] Host: setenv autoload 'no'
- 02:28:03 [INFO] Target: 
setenv autoload 'no'
AM3517_CRANE # 
- 02:28:03 [INFO] Host: setenv serverip '192.168.1.254'
- 02:28:03 [INFO] Target: 
setenv serverip '192.168.1.254'
AM3517_CRANE # 
- 02:28:03 [INFO] Host: setenv mmcdev ' '
- 02:28:03 [INFO] Target: 
setenv mmcdev ' '
AM3517_CRANE # 
- 02:28:03 [INFO] Host: printenv
- 02:28:03 [INFO] Target: 
printenv
bootdelay=3
baudrate=115200
loadaddr=0x82000000
nandargs=setenv bootargs console=${console} root=/dev/mtdblock4 rw rootfstype=jffs2 eth=${ethaddr} ip=dhcp
loadbootscript=fatload mmc 0 ${loadaddr} boot.scr
bootscript=echo Running bootscript from mmc ...; source ${loadaddr}
loaduimage=fatload mmc 0 ${loadaddr} uImage
mmcboot=echo Booting from mmc ...; run mmcargs; bootm ${loadaddr}
nandboot=echo Booting from nand ...; run nandargs; nand read ${loadaddr} 480000 500000; bootm ${loadaddr}
dieid#=7b4e000100000000015da3961501500d
ethact=DaVinci EMAC
filesize=F40000
ipaddr=192.168.1.9
oldbootcmd=if mmc init; then if run loadbootscript; then run bootscript; else if run loaduimage; then run mmcboot; else run nandboot; fi; fi; else run nandboot; fi
mmcargs=setenv bootargs console=ttyS2,115200n8 root=/dev/mmcblk0p2 rw rootfstype=ext3 rootwait eth=08:00:28:10:66:80 ip=dhcp earlyprintk
console=ttyO2,115200n8
bootfile=uImage.am3517-craneboard
ethaddr=08:00:28:10:66:80
bootargs=console=ttyO2,115200n8 earlyprintk rootwait nohlt 
bootcmd=
autoload=no
serverip=192.168.1.254
mmcdev= 
Environment size: 1081/131068 bytes
AM3517_CRANE # 
- 02:28:03 [INFO] Host: printenv
- 02:28:03 [INFO] Target: 
printenv
bootdelay=3
baudrate=115200
loadaddr=0x82000000
nandargs=setenv bootargs console=${console} root=/dev/mtdblock4 rw rootfstype=jffs2 eth=${ethaddr} ip=dhcp
loadbootscript=fatload mmc 0 ${loadaddr} boot.scr
bootscript=echo Running bootscript from mmc ...; source ${loadaddr}
loaduimage=fatload mmc 0 ${loadaddr} uImage
mmcboot=echo Booting from mmc ...; run mmcargs; bootm ${loadaddr}
nandboot=echo Booting from nand ...; run nandargs; nand read ${loadaddr} 480000 500000; bootm ${loadaddr}
dieid#=7b4e000100000000015da3961501500d
ethact=DaVinci EMAC
filesize=F40000
ipaddr=192.168.1.9
oldbootcmd=if mmc init; then if run loadbootscript; then run bootscript; else if run loaduimage; then run mmcboot; else run nandboot; fi; fi; else run nandboot; fi
mmcargs=setenv bootargs console=ttyS2,115200n8 root=/dev/mmcblk0p2 rw rootfstype=ext3 rootwait eth=08:00:28:10:66:80 ip=dhcp earlyprintk
console=ttyO2,115200n8
bootfile=uImage.am3517-craneboard
ethaddr=08:00:28:10:66:80
bootargs=console=ttyO2,115200n8 earlyprintk rootwait nohlt 
bootcmd=
autoload=no
serverip=192.168.1.254
mmcdev= 
Environment size: 1081/131068 bytes
AM3517_CRANE # 
- 02:28:03 [INFO] Host: setenv bootargs ''${bootargs}' ip=:::::eth0:dhcp '
- 02:28:03 [INFO] Target: 
setenv bootargs ''${bootargs}' ip=:::::eth0:dhcp '
AM3517_CRANE # 
- 02:28:03 [INFO] Host: setenv serverip '192.168.1.254'
- 02:28:03 [INFO] Target: 
setenv serverip '192.168.1.254'
AM3517_CRANE # 
- 02:28:03 [INFO] Host: setenv ipaddr dhcp
- 02:28:04 [INFO] Target: 
setenv ipaddr dhcp
AM3517_CRANE # 
- 02:28:04 [INFO] Host: setenv autoload 'no'
- 02:28:04 [INFO] Target: 
setenv autoload 'no'
AM3517_CRANE # 
- 02:28:04 [INFO] Host: dhcp
- 02:28:05 [INFO] Target: 
dhcp
BOOTP broadcast 1
DHCP client bound to address 192.168.1.158
AM3517_CRANE # 
- 02:28:05 [INFO] Host: setenv serverip '192.168.1.254'
- 02:28:05 [INFO] Target: 
setenv serverip '192.168.1.254'
AM3517_CRANE # 
- 02:28:05 [INFO] Host: tftp ${loadaddr} 192.168.1.254:vatf_4/318215837652c58a8b704d937f6bccc6
- 02:28:13 [INFO] Target: 
tftp ${loadaddr} 192.168.1.254:vatf_4/318215837652c58a8b704d937f6bccc6
Using DaVinci EMAC device
TFTP from server 192.168.1.254; our IP address is 192.168.1.158
Filename 'vatf_4/318215837652c58a8b704d937f6bccc6'.
Load address: 0x82000000
Loading: *#################################################################
	 #################################################################
	 #################################################################
	 #################################################################
	 #################################################################
	 #################################################################
	 #################################################################
	 #################################################################
	 #################################################################
	 #################################################################
	 #################################################################
	 #################################################################
	 #################################################################
	 #################################################################
	 #################################################################
	 #################################################################
	 #################################################################
	 #################################################################
	 #########################################################
done
Bytes transferred = 6278894 (5fceee hex)
AM3517_CRANE # 
- 02:28:13 [INFO] Host: ls mmc 0:1
- 02:28:13 [INFO] Target: 
ls mmc 0:1
ls - list files in a directory (default /)
Usage:
ls [ directory ]
AM3517_CRANE # 
- 02:28:13 [INFO] Host: ls mmc 0:2
- 02:28:13 [INFO] Target: 
ls mmc 0:2
ls - list files in a directory (default /)
Usage:
ls [ directory ]
AM3517_CRANE # 
- 02:28:13 [INFO] Host: ls mmc 0:3
- 02:28:13 [INFO] Target: 
ls mmc 0:3
ls - list files in a directory (default /)
Usage:
ls [ directory ]
AM3517_CRANE # 
- 02:28:13 [INFO] Host: ls mmc 0:4
- 02:28:13 [INFO] Target: 
ls mmc 0:4
ls - list files in a directory (default /)
Usage:
ls [ directory ]
AM3517_CRANE # 
- 02:28:13 [INFO] Host: ls mmc 0:5
- 02:28:13 [INFO] Target: 
ls mmc 0:5
ls - list files in a directory (default /)
Usage:
ls [ directory ]
AM3517_CRANE # 
- 02:28:13 [INFO] Host: part uuid mmc 0:
- 02:28:13 [INFO] Target: 
part uuid mmc 0:
Unknown command 'part' - try 'help'
AM3517_CRANE # 
- 02:28:13 [INFO] Host: printenv
- 02:28:14 [INFO] Target: 
printenv
bootdelay=3
baudrate=115200
loadaddr=0x82000000
nandargs=setenv bootargs console=${console} root=/dev/mtdblock4 rw rootfstype=jffs2 eth=${ethaddr} ip=dhcp
loadbootscript=fatload mmc 0 ${loadaddr} boot.scr
bootscript=echo Running bootscript from mmc ...; source ${loadaddr}
loaduimage=fatload mmc 0 ${loadaddr} uImage
mmcboot=echo Booting from mmc ...; run mmcargs; bootm ${loadaddr}
nandboot=echo Booting from nand ...; run nandargs; nand read ${loadaddr} 480000 500000; bootm ${loadaddr}
dieid#=7b4e000100000000015da3961501500d
ethact=DaVinci EMAC
oldbootcmd=if mmc init; then if run loadbootscript; then run bootscript; else if run loaduimage; then run mmcboot; else run nandboot; fi; fi; else run nandboot; fi
mmcargs=setenv bootargs console=ttyS2,115200n8 root=/dev/mmcblk0p2 rw rootfstype=ext3 rootwait eth=08:00:28:10:66:80 ip=dhcp earlyprintk
console=ttyO2,115200n8
ethaddr=08:00:28:10:66:80
bootcmd=
mmcdev= 
bootargs=console=ttyO2,115200n8 earlyprintk rootwait nohlt ip=:::::eth0:dhcp
autoload=no
bootfile=uImage.am3517-craneboard
filesize=5FCEEE
fileaddr=82000000
netmask=255.255.255.0
ipaddr=192.168.1.158
serverip=192.168.1.254
dnsip=192.0.2.2
dnsip2=192.0.2.3
Environment size: 1173/131068 bytes
AM3517_CRANE # 
- 02:28:14 [INFO] Host: setenv bootargs ''${bootargs}' root=/dev/mmcblk0p2 rw rootfstype=ext3 rootwait '
- 02:28:14 [INFO] Target: 
setenv bootargs ''${bootargs}' root=/dev/mmcblk0p2 rw rootfstype=ext3 rootwait '
AM3517_CRANE # 
- 02:28:14 [INFO] Host: printenv
- 02:28:14 [INFO] Target: 
printenv
bootdelay=3
baudrate=115200
loadaddr=0x82000000
nandargs=setenv bootargs console=${console} root=/dev/mtdblock4 rw rootfstype=jffs2 eth=${ethaddr} ip=dhcp
loadbootscript=fatload mmc 0 ${loadaddr} boot.scr
bootscript=echo Running bootscript from mmc ...; source ${loadaddr}
loaduimage=fatload mmc 0 ${loadaddr} uImage
mmcboot=echo Booting from mmc ...; run mmcargs; bootm ${loadaddr}
nandboot=echo Booting from nand ...; run nandargs; nand read ${loadaddr} 480000 500000; bootm ${loadaddr}
dieid#=7b4e000100000000015da3961501500d
ethact=DaVinci EMAC
oldbootcmd=if mmc init; then if run loadbootscript; then run bootscript; else if run loaduimage; then run mmcboot; else run nandboot; fi; fi; else run nandboot; fi
mmcargs=setenv bootargs console=ttyS2,115200n8 root=/dev/mmcblk0p2 rw rootfstype=ext3 rootwait eth=08:00:28:10:66:80 ip=dhcp earlyprintk
console=ttyO2,115200n8
ethaddr=08:00:28:10:66:80
bootcmd=
mmcdev= 
autoload=no
bootfile=uImage.am3517-craneboard
filesize=5FCEEE
fileaddr=82000000
netmask=255.255.255.0
ipaddr=192.168.1.158
serverip=192.168.1.254
dnsip=192.0.2.2
dnsip2=192.0.2.3
bootargs=console=ttyO2,115200n8 earlyprintk rootwait nohlt ip=:::::eth0:dhcp root=/dev/mmcblk0p2 rw rootfstype=ext3 rootwait
Environment size: 1221/131068 bytes
AM3517_CRANE # 
- 02:28:14 [INFO] Host: setenv bootcmd ''${bootcmd}' if iminfo ${loadaddr}; then bootm ${loadaddr}  ; else bootz ${loadaddr}  ; bootm ${loadaddr}  ; fi'
- 02:28:14 [INFO] Target: 
setenv bootcmd ''${bootcmd}' if iminfo ${loadaddr}; then bootm ${loadaddr}  ; else bootz ${loadaddr}  ; bootm ${loadaddr}  ; fi'
AM3517_CRANE # 
- 02:28:14 [INFO] Host: bdinfo
- 02:28:14 [INFO] Target: 
bdinfo
arch_number = 0x00000B74
env_t       = 0x00000000
boot_params = 0x80000100
DRAM bank   = 0x00000000
-> start    = 0x80000000
-> size     = 0x10000000
DRAM bank   = 0x00000001
-> start    = 0x80000000
-> size     = 0x00000000
ethaddr     = 08:00:28:10:66:80
ip_addr     = 192.168.1.158
baudrate    = 115200 bps
AM3517_CRANE # 
- 02:28:14 [INFO] Host: mmc init
- 02:28:14 [INFO] Target: 
mmc init
mmc1 is available
AM3517_CRANE # 
- 02:28:14 [INFO] Host: fatwrite mmc ${mmcdev}:1 ${loadaddr} ws-calibrate.rules 4
- 02:28:14 [INFO] Target: 
fatwrite mmc ${mmcdev}:1 ${loadaddr} ws-calibrate.rules 4
Unknown command 'fatwrite' - try 'help'
AM3517_CRANE # 
- 02:28:14 [INFO] Host: boot
- 02:28:58 [INFO] Target: 
boot
Unknown command 'iminfo' - try 'help'
Unknown command 'bootz' - try 'help'
## Booting kernel from Legacy Image at 82000000 ...
   Image Name:   Linux-4.1.0-rc5-00002-g1af9c554a
   Image Type:   ARM Linux Kernel Image (uncompressed)
   Data Size:    6278830 Bytes =  6 MB
   Load Address: 80800000
   Entry Point:  80800000
   Verifying Checksum ... OK
   Loading Kernel Image ... OK
Starting kernel ...
[    0.000000] Booting Linux on physical CPU 0x0
[    0.000000] Linux version 4.1.0-rc5-00002-g1af9c554a382 (nmenon@kahuna) (gcc version 4.6.3 (Ubuntu/Linaro 4.6.3-1ubuntu5) ) #1 SMP Mon May 25 02:23:06 CDT 2015
[    0.000000] CPU: ARMv7 Processor [411fc087] revision 7 (ARMv7), cr=10c5387d
[    0.000000] CPU: PIPT / VIPT nonaliasing data cache, VIPT nonaliasing instruction cache
[    0.000000] Machine model: TI AM3517 CraneBoard (TMDSEVM3517)
[    0.000000] cma: Reserved 64 MiB at 0x8b800000
[    0.000000] Memory policy: Data cache writeback
[    0.000000] CPU: All CPU(s) started in SVC mode.
[    0.000000] AM3517 ES1.1 (l2cache sgx neon )
[    0.000000] PERCPU: Embedded 12 pages/cpu @cfc91000 s16960 r8192 d24000 u49152
[    0.000000] Built 1 zonelists in Zone order, mobility grouping on.  Total pages: 64768
[    0.000000] Kernel command line: console=ttyO2,115200n8 earlyprintk rootwait nohlt ip=:::::eth0:dhcp root=/dev/mmcblk0p2 rw rootfstype=ext3 rootwait
[    0.000000] PID hash table entries: 1024 (order: 0, 4096 bytes)
[    0.000000] Dentry cache hash table entries: 32768 (order: 5, 131072 bytes)
[    0.000000] Inode-cache hash table entries: 16384 (order: 4, 65536 bytes)
[    0.000000] Memory: 178972K/261120K available (8006K kernel code, 1025K rwdata, 3608K rodata, 884K init, 318K bss, 16612K reserved, 65536K cma-reserved, 0K highmem)
[    0.000000] Virtual kernel memory layout:
[    0.000000]     vector  : 0xffff0000 - 0xffff1000   (   4 kB)
[    0.000000]     fixmap  : 0xffc00000 - 0xfff00000   (3072 kB)
[    0.000000]     vmalloc : 0xd0800000 - 0xff000000   ( 744 MB)
[    0.000000]     lowmem  : 0xc0000000 - 0xd0000000   ( 256 MB)
[    0.000000]     pkmap   : 0xbfe00000 - 0xc0000000   (   2 MB)
[    0.000000]     modules : 0xbf000000 - 0xbfe00000   (  14 MB)
[    0.000000]       .text : 0xc0208000 - 0xc0d608e0   (11619 kB)
[    0.000000]       .init : 0xc0d61000 - 0xc0e3e000   ( 884 kB)
[    0.000000]       .data : 0xc0e3e000 - 0xc0f3e660   (1026 kB)
[    0.000000]        .bss : 0xc0f41000 - 0xc0f90a60   ( 319 kB)
[    0.000000] SLUB: HWalign=64, Order=0-3, MinObjects=0, CPUs=1, Nodes=1
[    0.000000] Hierarchical RCU implementation.
[    0.000000] 	Additional per-CPU info printed with stalls.
[    0.000000] 	RCU restricting CPUs from NR_CPUS=16 to nr_cpu_ids=1.
[    0.000000] RCU: Adjusting geometry for rcu_fanout_leaf=16, nr_cpu_ids=1
[    0.000000] NR_IRQS:16 nr_irqs:16 16
[    0.000000] IRQ: Found an INTC at 0xfa200000 (revision 4.0) with 96 interrupts
[    0.000000] Clocking rate (Crystal/Core/MPU): 26.0/332/500 MHz
[    0.000000] OMAP clockevent source: timer2 at 13000000 Hz
[    0.000029] sched_clock: 32 bits at 13MHz, resolution 76ns, wraps every 165191050201ns
[    0.000067] clocksource timer1: mask: 0xffffffff max_cycles: 0xffffffff, max_idle_ns: 147020034397 ns
[    0.000088] OMAP clocksource: timer1 at 13000000 Hz
[    0.000408] Console: colour dummy device 80x30
[    0.000458] Calibrating delay loop... 496.43 BogoMIPS (lpj=1241088)
[    0.027097] pid_max: default: 32768 minimum: 301
[    0.027347] Mount-cache hash table entries: 1024 (order: 0, 4096 bytes)
[    0.027370] Mountpoint-cache hash table entries: 1024 (order: 0, 4096 bytes)
[    0.028757] CPU: Testing write buffer coherency: ok
[    0.029316] CPU0: thread -1, cpu 0, socket -1, mpidr 0
[    0.029516] Setting up static identity map for 0x80209000 - 0x80209098
[    0.036028] Brought up 1 CPUs
[    0.036061] SMP: Total of 1 processors activated (496.43 BogoMIPS).
[    0.036077] CPU: All CPU(s) started in SVC mode.
[    0.037394] devtmpfs: initialized
[    0.043987] VFP support v0.3: implementor 41 architecture 3 part 30 variant c rev 1
[    0.066819] omap_hwmod: mcbsp2_sidetone using broken dt data from mcbsp
[    0.067587] omap_hwmod: mcbsp3_sidetone using broken dt data from mcbsp
[    0.115113] omap_hwmod: uart4: _wait_target_ready failed: -16
[    0.115143] omap_hwmod: uart4: cannot be enabled for reset (3)
[    0.130961] clocksource jiffies: mask: 0xffffffff max_cycles: 0xffffffff, max_idle_ns: 9556302231375000 ns
[    0.137370] pinctrl core: initialized pinctrl subsystem
[    0.182599] NET: Registered protocol family 16
[    0.187637] DMA: preallocated 256 KiB pool for atomic coherent allocations
[    0.192279] cpuidle: using governor ladder
[    0.192318] cpuidle: using governor menu
[    0.200630] Reprogramming SDRC clock to 332000000 Hz
[    0.203452] In-band Error seen by MPU  at address 0
[    0.203476] ------------[ cut here ]------------
[    0.203525] WARNING: CPU: 0 PID: 1 at drivers/bus/omap_l3_smx.c:166 omap3_l3_app_irq+0x100/0x120()
[    0.203540] Modules linked in:
[    0.203571] CPU: 0 PID: 1 Comm: swapper/0 Not tainted 4.1.0-rc5-00002-g1af9c554a382 #1
[    0.203587] Hardware name: Generic AM3517 (Flattened Device Tree)
[    0.203661] [<c02178dc>] (unwind_backtrace) from [<c02132b0>] (show_stack+0x10/0x14)
[    0.203705] [<c02132b0>] (show_stack) from [<c098dc90>] (dump_stack+0x70/0x8c)
[    0.203753] [<c098dc90>] (dump_stack) from [<c024dfd4>] (warn_slowpath_common+0x74/0xac)
[    0.203784] [<c024dfd4>] (warn_slowpath_common) from [<c024e028>] (warn_slowpath_null+0x1c/0x24)
[    0.203816] [<c024e028>] (warn_slowpath_null) from [<c049ada4>] (omap3_l3_app_irq+0x100/0x120)
[    0.203851] [<c049ada4>] (omap3_l3_app_irq) from [<c02878e8>] (handle_irq_event_percpu+0x50/0x150)
[    0.203879] [<c02878e8>] (handle_irq_event_percpu) from [<c0287a2c>] (handle_irq_event+0x44/0x64)
[    0.203909] [<c0287a2c>] (handle_irq_event) from [<c028a770>] (handle_level_irq+0x98/0x12c)
[    0.203934] [<c028a770>] (handle_level_irq) from [<c028721c>] (generic_handle_irq+0x20/0x30)
[    0.203958] [<c028721c>] (generic_handle_irq) from [<c0287318>] (__handle_domain_irq+0x54/0xac)
[    0.203983] [<c0287318>] (__handle_domain_irq) from [<c020a65c>] (omap_intc_handle_irq+0xb4/0xc4)
[    0.204007] [<c020a65c>] (omap_intc_handle_irq) from [<c0213dc0>] (__irq_svc+0x40/0x54)
[    0.204022] Exception stack(0xcb05dd10 to 0xcb05dd58)
[    0.204042] dd00:                                     cb005420 60000153 00000001 00000006
[    0.204064] dd20: cb0053c0 cb123440 cb005420 00000000 0000001a cb0053f8 60000153 00000000
[    0.204083] dd40: cb0053c0 cb05dd58 c0289094 c09929b0 60000153 ffffffff
[    0.204113] [<c0213dc0>] (__irq_svc) from [<c09929b0>] (_raw_spin_unlock_irqrestore+0x1c/0x20)
[    0.204139] [<c09929b0>] (_raw_spin_unlock_irqrestore) from [<c0289094>] (__setup_irq+0x2e8/0x4d8)
[    0.204164] [<c0289094>] (__setup_irq) from [<c0289350>] (request_threaded_irq+0xcc/0x148)
[    0.204191] [<c0289350>] (request_threaded_irq) from [<c049ac38>] (omap3_l3_probe+0xf0/0x15c)
[    0.204233] [<c049ac38>] (omap3_l3_probe) from [<c0601ad0>] (platform_drv_probe+0x48/0x98)
[    0.204263] [<c0601ad0>] (platform_drv_probe) from [<c06006fc>] (driver_probe_device+0x1b4/0x26c)
[    0.204291] [<c06006fc>] (driver_probe_device) from [<c05fef70>] (bus_for_each_drv+0x5c/0x88)
[    0.204317] [<c05fef70>] (bus_for_each_drv) from [<c0600514>] (device_attach+0x70/0x88)
[    0.204342] [<c0600514>] (device_attach) from [<c05ffc50>] (bus_probe_device+0x84/0xa8)
[    0.204367] [<c05ffc50>] (bus_probe_device) from [<c05fe174>] (device_add+0x324/0x51c)
[    0.204402] [<c05fe174>] (device_add) from [<c08466dc>] (of_platform_device_create_pdata+0x7c/0xb4)
[    0.204430] [<c08466dc>] (of_platform_device_create_pdata) from [<c08467e0>] (of_platform_bus_create+0xcc/0x2ec)
[    0.204455] [<c08467e0>] (of_platform_bus_create) from [<c0846a60>] (of_platform_populate+0x60/0xa8)
[    0.204487] [<c0846a60>] (of_platform_populate) from [<c0d86658>] (pdata_quirks_init+0x34/0x44)
[    0.204514] [<c0d86658>] (pdata_quirks_init) from [<c0d863f0>] (omap_generic_init+0x10/0x1c)
[    0.204544] [<c0d863f0>] (omap_generic_init) from [<c0d63828>] (customize_machine+0x20/0x44)
[    0.204572] [<c0d63828>] (customize_machine) from [<c020aa64>] (do_one_initcall+0x80/0x1d0)
[    0.204598] [<c020aa64>] (do_one_initcall) from [<c0d61d4c>] (kernel_init_freeable+0x10c/0x1d8)
[    0.204624] [<c0d61d4c>] (kernel_init_freeable) from [<c0989184>] (kernel_init+0x8/0xe4)
[    0.204652] [<c0989184>] (kernel_init) from [<c02105a0>] (ret_from_fork+0x14/0x34)
[    0.204709] ---[ end trace ce855218ecaef1f3 ]---
[    0.204746] Address Hole seen by USB_OTG  at address dc6346bc
[    0.204759] ------------[ cut here ]------------
[    0.204786] WARNING: CPU: 0 PID: 1 at drivers/bus/omap_l3_smx.c:166 omap3_l3_app_irq+0x100/0x120()
[    0.204798] Modules linked in:
[    0.204822] CPU: 0 PID: 1 Comm: swapper/0 Tainted: G        W       4.1.0-rc5-00002-g1af9c554a382 #1
[    0.204838] Hardware name: Generic AM3517 (Flattened Device Tree)
[    0.204872] [<c02178dc>] (unwind_backtrace) from [<c02132b0>] (show_stack+0x10/0x14)
[    0.204902] [<c02132b0>] (show_stack) from [<c098dc90>] (dump_stack+0x70/0x8c)
[    0.204933] [<c098dc90>] (dump_stack) from [<c024dfd4>] (warn_slowpath_common+0x74/0xac)
[    0.204962] [<c024dfd4>] (warn_slowpath_common) from [<c024e028>] (warn_slowpath_null+0x1c/0x24)
[    0.204992] [<c024e028>] (warn_slowpath_null) from [<c049ada4>] (omap3_l3_app_irq+0x100/0x120)
[    0.205022] [<c049ada4>] (omap3_l3_app_irq) from [<c02878e8>] (handle_irq_event_percpu+0x50/0x150)
[    0.205047] [<c02878e8>] (handle_irq_event_percpu) from [<c0287a2c>] (handle_irq_event+0x44/0x64)
[    0.205072] [<c0287a2c>] (handle_irq_event) from [<c028a770>] (handle_level_irq+0x98/0x12c)
[    0.205097] [<c028a770>] (handle_level_irq) from [<c028721c>] (generic_handle_irq+0x20/0x30)
[    0.205120] [<c028721c>] (generic_handle_irq) from [<c0287318>] (__handle_domain_irq+0x54/0xac)
[    0.205144] [<c0287318>] (__handle_domain_irq) from [<c020a65c>] (omap_intc_handle_irq+0xb4/0xc4)
[    0.205166] [<c020a65c>] (omap_intc_handle_irq) from [<c0213dc0>] (__irq_svc+0x40/0x54)
[    0.205181] Exception stack(0xcb05dd10 to 0xcb05dd58)
[    0.205198] dd00:                                     cb005420 60000153 00000001 00000006
[    0.205220] dd20: cb0053c0 cb123440 cb005420 00000000 0000001a cb0053f8 60000153 00000000
[    0.205240] dd40: cb0053c0 cb05dd58 c0289094 c09929b0 60000153 ffffffff
[    0.205264] [<c0213dc0>] (__irq_svc) from [<c09929b0>] (_raw_spin_unlock_irqrestore+0x1c/0x20)
[    0.205290] [<c09929b0>] (_raw_spin_unlock_irqrestore) from [<c0289094>] (__setup_irq+0x2e8/0x4d8)
[    0.205314] [<c0289094>] (__setup_irq) from [<c0289350>] (request_threaded_irq+0xcc/0x148)
[    0.205341] [<c0289350>] (request_threaded_irq) from [<c049ac38>] (omap3_l3_probe+0xf0/0x15c)
[    0.205372] [<c049ac38>] (omap3_l3_probe) from [<c0601ad0>] (platform_drv_probe+0x48/0x98)
[    0.205401] [<c0601ad0>] (platform_drv_probe) from [<c06006fc>] (driver_probe_device+0x1b4/0x26c)
[    0.205427] [<c06006fc>] (driver_probe_device) from [<c05fef70>] (bus_for_each_drv+0x5c/0x88)
[    0.205452] [<c05fef70>] (bus_for_each_drv) from [<c0600514>] (device_attach+0x70/0x88)
[    0.205478] [<c0600514>] (device_attach) from [<c05ffc50>] (bus_probe_device+0x84/0xa8)
[    0.205502] [<c05ffc50>] (bus_probe_device) from [<c05fe174>] (device_add+0x324/0x51c)
[    0.205529] [<c05fe174>] (device_add) from [<c08466dc>] (of_platform_device_create_pdata+0x7c/0xb4)
[    0.205555] [<c08466dc>] (of_platform_device_create_pdata) from [<c08467e0>] (of_platform_bus_create+0xcc/0x2ec)
[    0.205580] [<c08467e0>] (of_platform_bus_create) from [<c0846a60>] (of_platform_populate+0x60/0xa8)
[    0.205606] [<c0846a60>] (of_platform_populate) from [<c0d86658>] (pdata_quirks_init+0x34/0x44)
[    0.205631] [<c0d86658>] (pdata_quirks_init) from [<c0d863f0>] (omap_generic_init+0x10/0x1c)
[    0.205658] [<c0d863f0>] (omap_generic_init) from [<c0d63828>] (customize_machine+0x20/0x44)
[    0.205683] [<c0d63828>] (customize_machine) from [<c020aa64>] (do_one_initcall+0x80/0x1d0)
[    0.205708] [<c020aa64>] (do_one_initcall) from [<c0d61d4c>] (kernel_init_freeable+0x10c/0x1d8)
[    0.205733] [<c0d61d4c>] (kernel_init_freeable) from [<c0989184>] (kernel_init+0x8/0xe4)
[    0.205759] [<c0989184>] (kernel_init) from [<c02105a0>] (ret_from_fork+0x14/0x34)
[    0.205774] ---[ end trace ce855218ecaef1f4 ]---
[    0.208880] platform 480c5000.aes: Cannot lookup hwmod 'aes'
[    0.213856] OMAP GPIO hardware version 2.5
[    0.229039] platform 480c3000.sham: Cannot lookup hwmod 'sham'
[    0.229671] platform 480cb000.smartreflex: Cannot lookup hwmod 'smartreflex_core'
[    0.238120] omap-gpmc 6e000000.gpmc: GPMC revision 5.0
[    0.238807] platform 480ab000.usb_otg_hs: Cannot lookup hwmod 'usb_otg_hs'
[    0.241740] No ATAGs?
[    0.241789] hw-breakpoint: debug architecture 0x4 unsupported.
[    0.245192] OMAP DMA hardware revision 4.0
[    0.251083] Serial: AMBA PL011 UART driver
[    0.312231] omap-dma-engine 48056000.dma-controller: OMAP DMA engine driver
[    0.319114] vgaarb: loaded
[    0.320940] SCSI subsystem initialized
[    0.322371] usbcore: registered new interface driver usbfs
[    0.322547] usbcore: registered new interface driver hub
[    0.322692] usbcore: registered new device driver usb
[    0.326014] tps65910 0-002d: could not find pctldev for node /ocp/l4@48000000/scm@2000/pinmux@30/pinmux_tps_pins, deferring probe
[    0.326138] omap_i2c 48070000.i2c: bus 0 rev3.3 at 2600 kHz
[    0.327804] media: Linux media interface: v0.10
[    0.327993] Linux video capture interface: v2.00
[    0.328125] pps_core: LinuxPPS API ver. 1 registered
[    0.328141] pps_core: Software ver. 5.3.6 - Copyright 2005-2007 Rodolfo Giometti <giometti@linux.it>
[    0.328214] PTP clock support registered
[    0.328735] EDAC MC: Ver: 3.0.0
[    0.331683] Advanced Linux Sound Architecture Driver Initialized.
[    0.334555] Switched to clocksource timer1
[    0.360556] NET: Registered protocol family 2
[    0.361817] TCP established hash table entries: 2048 (order: 1, 8192 bytes)
[    0.361884] TCP bind hash table entries: 2048 (order: 2, 16384 bytes)
[    0.361951] TCP: Hash tables configured (established 2048 bind 2048)
[    0.362114] UDP hash table entries: 256 (order: 1, 8192 bytes)
[    0.362159] UDP-Lite hash table entries: 256 (order: 1, 8192 bytes)
[    0.362512] NET: Registered protocol family 1
[    0.363212] RPC: Registered named UNIX socket transport module.
[    0.363234] RPC: Registered udp transport module.
[    0.363248] RPC: Registered tcp transport module.
[    0.363260] RPC: Registered tcp NFSv4.1 backchannel transport module.
[    0.367696] CPU PMU: Failed to parse /pmu/interrupt-affinity[0]
[    0.367823] hw perfevents: enabled with armv7_cortex_a8 PMU driver, 5 counters available
[    0.372954] futex hash table entries: 256 (order: 2, 16384 bytes)
[    0.402621] squashfs: version 4.0 (2009/01/31) Phillip Lougher
[    0.405028] NFS: Registering the id_resolver key type
[    0.405144] Key type id_resolver registered
[    0.405162] Key type id_legacy registered
[    0.405297] ntfs: driver 2.1.32 [Flags: R/O].
[    0.408665] Block layer SCSI generic (bsg) driver version 0.4 loaded (major 248)
[    0.408709] io scheduler noop registered
[    0.408733] io scheduler deadline registered
[    0.409228] io scheduler cfq registered (default)
[    0.417949] pinctrl-single 48002030.pinmux: 284 pins at pa fa002030 size 568
[    0.418387] pinctrl-single 48002a00.pinmux: 46 pins at pa fa002a00 size 92
[    0.583200] Serial: 8250/16550 driver, 4 ports, IRQ sharing disabled
[    0.588456] SuperH (H)SCI(F) driver initialized
[    0.590057] msm_serial: driver initialized
[    0.591274] omap_uart 4806a000.serial: no wakeirq for uart0
[    0.591571] 4806a000.serial: ttyO0 at MMIO 0x4806a000 (irq = 88, base_baud = 3000000) is a OMAP UART0
[    0.592629] omap_uart 4806c000.serial: no wakeirq for uart1
[    0.592864] 4806c000.serial: ttyO1 at MMIO 0x4806c000 (irq = 89, base_baud = 3000000) is a OMAP UART1
[    0.593782] omap_uart 49020000.serial: no wakeirq for uart2
[    0.594004] 49020000.serial: ttyO2 at MMIO 0x49020000 (irq = 90, base_baud = 3000000) is a OMAP UART2
[    2.084161] console [ttyO2] enabled
[    2.088999] STMicroelectronics ASC driver initialized
[    2.097587] [drm] Initialized drm 1.1.0 20060810
[    2.120631] loop: module loaded
[    2.141688] CAN device driver interface
[    2.148036] igb: Intel(R) Gigabit Ethernet Network Driver - version 5.2.15-k
[    2.155552] igb: Copyright (c) 2007-2014 Intel Corporation.
[    2.204667] davinci_mdio davinci_mdio.0: davinci mdio revision 1.5
[    2.211260] davinci_mdio davinci_mdio.0: detected phy mask fffffffe
[    2.219189] libphy: davinci_mdio.0: probed
[    2.223656] davinci_mdio davinci_mdio.0: phy[0]: device davinci_mdio.0:00, driver SMSC LAN8710/LAN8720
[    2.234782] pegasus: v0.9.3 (2013/04/25), Pegasus/Pegasus II USB Ethernet driver
[    2.242826] usbcore: registered new interface driver pegasus
[    2.249045] usbcore: registered new interface driver asix
[    2.254945] usbcore: registered new interface driver ax88179_178a
[    2.261560] usbcore: registered new interface driver cdc_ether
[    2.267954] usbcore: registered new interface driver smsc75xx
[    2.274257] usbcore: registered new interface driver smsc95xx
[    2.280529] usbcore: registered new interface driver net1080
[    2.286693] usbcore: registered new interface driver cdc_subset
[    2.293129] usbcore: registered new interface driver zaurus
[    2.299305] usbcore: registered new interface driver cdc_ncm
[    2.308577] ehci_hcd: USB 2.0 'Enhanced' Host Controller (EHCI) Driver
[    2.315585] ehci-pci: EHCI PCI platform driver
[    2.320484] ehci-platform: EHCI generic platform driver
[    2.326455] ehci-omap: OMAP-EHCI Host Controller driver
[    2.332695] ehci-omap 48064800.ehci: EHCI Host Controller
[    2.338554] ehci-omap 48064800.ehci: new USB bus registered, assigned bus number 1
[    2.347154] ehci-omap 48064800.ehci: irq 93, io mem 0x48064800
[    2.359621] ehci-omap 48064800.ehci: USB 2.0 started, EHCI 1.00
[    2.367983] hub 1-0:1.0: USB hub found
[    2.372179] hub 1-0:1.0: 3 ports detected
[    2.377957] ehci-orion: EHCI orion driver
[    2.382814] SPEAr-ehci: EHCI SPEAr driver
[    2.387474] ehci-st: EHCI STMicroelectronics driver
[    2.392991] ehci-exynos: EHCI EXYNOS driver
[    2.397781] tegra-ehci: Tegra EHCI driver
[    2.402387] ohci_hcd: USB 1.1 'Open' Host Controller (OHCI) Driver
[    2.409018] ohci-pci: OHCI PCI platform driver
[    2.413960] ohci-platform: OHCI generic platform driver
[    2.419910] ohci-omap3: OHCI OMAP3 driver
[    2.424721] ohci-omap3 48064400.ohci: OHCI Host Controller
[    2.430634] ohci-omap3 48064400.ohci: new USB bus registered, assigned bus number 2
[    2.439133] ohci-omap3 48064400.ohci: irq 92, io mem 0x48064400
[    2.521556] hub 2-0:1.0: USB hub found
[    2.525754] hub 2-0:1.0: 3 ports detected
[    2.531442] SPEAr-ohci: OHCI SPEAr driver
[    2.536292] ohci-st: OHCI STMicroelectronics driver
[    2.542193] usbcore: registered new interface driver usb-storage
[    2.551861] mousedev: PS/2 mouse device common for all mice
[    2.566053] i2c /dev entries driver
[    2.574493] usbcore: registered new interface driver uvcvideo
[    2.580709] USB Video Class driver (1.1.1)
[    2.585106] gspca_main: v2.14.0 registered
[    2.598237] sdhci: Secure Digital Host Controller Interface driver
[    2.604858] sdhci: Copyright(c) Pierre Ossman
[    2.612234] omap_hsmmc 4809c000.mmc: unable to get vmmc regulator -517
[    2.620811] Synopsys Designware Multimedia Card Interface Driver
[    2.629322] sdhci-pltfm: SDHCI platform and OF driver helper
[    2.638340] ledtrig-cpu: registered to indicate activity on CPUs
[    2.645393] usbcore: registered new interface driver usbhid
[    2.651345] usbhid: USB HID core driver
[    2.663217] usbcore: registered new interface driver snd-usb-audio
[    2.676412] NET: Registered protocol family 17
[    2.681272] can: controller area network core (rev 20120528 abi 9)
[    2.688058] NET: Registered protocol family 29
[    2.692823] can: raw protocol (rev 20120528)
[    2.697390] can: broadcast manager protocol (rev 20120528 t)
[    2.703441] can: netlink gateway (rev 20130117) max_hops=1
[    2.710371] Key type dns_resolver registered
[    2.715431] omap2_set_init_voltage: unable to find boot up OPP for vdd_mpu_iva
[    2.723122] omap2_set_init_voltage: unable to set vdd_mpu_iva
[    2.729257] omap2_set_init_voltage: unable to find boot up OPP for vdd_core
[    2.736653] omap2_set_init_voltage: unable to set vdd_core
[    2.743698] cpu cpu0: dev_pm_opp_get_opp_count: device OPP not found (-19)
[    2.751435] PM: no software I/O chain control; some wakeups may be lost
[    2.758529] pm: Failed to request pm_wkup irq
[    2.763244] ThumbEE CPU extension supported.
[    2.767843] Registering SWP/SWPB emulation handler
[    2.815544] tps65910-rtc tps65910-rtc: rtc core: registered tps65910-rtc as rtc0
[    2.827583] vdd_shv: supplied by vbat
[    2.832071] vdd_shv: operation not allowed
[    2.836494] omap_hsmmc 4809c000.mmc: could not set regulator OCR (-1)
[    2.843705] vdd_shv: operation not allowed
[    2.848104] omap_hsmmc 4809c000.mmc: could not set regulator OCR (-1)
[    2.890001] tps65910-rtc tps65910-rtc: setting system clock to 2015-05-16 11:21:15 UTC (1431775275)
[    2.947473] mmc0: host does not support reading read-only switch, assuming write-enable
[    2.958602] mmc0: new high speed SDHC card at address 1234
[    2.965512] mmcblk0: mmc0:1234 SA04G 3.63 GiB 
[    2.973176]  mmcblk0: p1 p2
[   14.980362] In-band Error seen by MPU  at address 0
[   14.985526] ------------[ cut here ]------------
[   14.990434] WARNING: CPU: 0 PID: 1 at drivers/bus/omap_l3_smx.c:166 omap3_l3_app_irq+0x100/0x120()
[   14.999882] Modules linked in:
[   15.003124] CPU: 0 PID: 1 Comm: swapper/0 Tainted: G        W       4.1.0-rc5-00002-g1af9c554a382 #1
[   15.012752] Hardware name: Generic AM3517 (Flattened Device Tree)
[   15.019226] [<c02178dc>] (unwind_backtrace) from [<c02132b0>] (show_stack+0x10/0x14)
[   15.027426] [<c02132b0>] (show_stack) from [<c098dc90>] (dump_stack+0x70/0x8c)
[   15.035074] [<c098dc90>] (dump_stack) from [<c024dfd4>] (warn_slowpath_common+0x74/0xac)
[   15.043627] [<c024dfd4>] (warn_slowpath_common) from [<c024e028>] (warn_slowpath_null+0x1c/0x24)
[   15.052902] [<c024e028>] (warn_slowpath_null) from [<c049ada4>] (omap3_l3_app_irq+0x100/0x120)
[   15.062000] [<c049ada4>] (omap3_l3_app_irq) from [<c02878e8>] (handle_irq_event_percpu+0x50/0x150)
[   15.071458] [<c02878e8>] (handle_irq_event_percpu) from [<c0287a2c>] (handle_irq_event+0x44/0x64)
[   15.080825] [<c0287a2c>] (handle_irq_event) from [<c028a770>] (handle_level_irq+0x98/0x12c)
[   15.089644] [<c028a770>] (handle_level_irq) from [<c028721c>] (generic_handle_irq+0x20/0x30)
[   15.098552] [<c028721c>] (generic_handle_irq) from [<c0287318>] (__handle_domain_irq+0x54/0xac)
[   15.107738] [<c0287318>] (__handle_domain_irq) from [<c020a65c>] (omap_intc_handle_irq+0xb4/0xc4)
[   15.117099] [<c020a65c>] (omap_intc_handle_irq) from [<c0213dc0>] (__irq_svc+0x40/0x54)
[   15.125540] Exception stack(0xcb05de78 to 0xcb05dec0)
[   15.130869] de60:                                                       c0f84998 60000113
[   15.139491] de80: c0f84988 00000146 cb023a00 cb011f00 c0e43798 c0e43798 cb555200 c0e37908
[   15.148119] dea0: 00000111 00000000 00000000 cb05dec0 c084e024 c09929b0 60000113 ffffffff
[   15.156757] [<c0213dc0>] (__irq_svc) from [<c09929b0>] (_raw_spin_unlock_irqrestore+0x1c/0x20)
[   15.165850] [<c09929b0>] (_raw_spin_unlock_irqrestore) from [<c084e024>] (clk_disable_unused_subtree+0x20/0xac)
[   15.176491] ---[ end trace ce855218ecaef1f6 ]---
[   15.181496] In-band Error seen by MPU  at address 0
[   15.186642] ------------[ cut here ]------------
[   15.191530] WARNING: CPU: 0 PID: 1 at drivers/bus/omap_l3_smx.c:166 omap3_l3_app_irq+0x100/0x120()
[   15.200972] Modules linked in:
[   15.204209] CPU: 0 PID: 1 Comm: swapper/0 Tainted: G        W       4.1.0-rc5-00002-g1af9c554a382 #1
[   15.213838] Hardware name: Generic AM3517 (Flattened Device Tree)
[   15.220291] [<c02178dc>] (unwind_backtrace) from [<c02132b0>] (show_stack+0x10/0x14)
[   15.228472] [<c02132b0>] (show_stack) from [<c098dc90>] (dump_stack+0x70/0x8c)
[   15.236111] [<c098dc90>] (dump_stack) from [<c024dfd4>] (warn_slowpath_common+0x74/0xac)
[   15.244659] [<c024dfd4>] (warn_slowpath_common) from [<c024e028>] (warn_slowpath_null+0x1c/0x24)
[   15.253942] [<c024e028>] (warn_slowpath_null) from [<c049ada4>] (omap3_l3_app_irq+0x100/0x120)
[   15.263034] [<c049ada4>] (omap3_l3_app_irq) from [<c02878e8>] (handle_irq_event_percpu+0x50/0x150)
[   15.272492] [<c02878e8>] (handle_irq_event_percpu) from [<c0287a2c>] (handle_irq_event+0x44/0x64)
[   15.281861] [<c0287a2c>] (handle_irq_event) from [<c028a770>] (handle_level_irq+0x98/0x12c)
[   15.290682] [<c028a770>] (handle_level_irq) from [<c028721c>] (generic_handle_irq+0x20/0x30)
[   15.299591] [<c028721c>] (generic_handle_irq) from [<c0287318>] (__handle_domain_irq+0x54/0xac)
[   15.308775] [<c0287318>] (__handle_domain_irq) from [<c020a65c>] (omap_intc_handle_irq+0xb4/0xc4)
[   15.318138] [<c020a65c>] (omap_intc_handle_irq) from [<c0213dc0>] (__irq_svc+0x40/0x54)
[   15.326580] Exception stack(0xcb05de78 to 0xcb05dec0)
[   15.331910] de60:                                                       c0f84998 60000113
[   15.340540] de80: c0f84988 00000147 cb023980 cb011f00 c0e43798 c0e43798 cb555200 c0e37908
[   15.349173] dea0: 00000111 00000000 00000000 cb05dec0 c084e024 c09929b0 60000113 ffffffff
[   15.357807] [<c0213dc0>] (__irq_svc) from [<c09929b0>] (_raw_spin_unlock_irqrestore+0x1c/0x20)
[   15.366897] [<c09929b0>] (_raw_spin_unlock_irqrestore) from [<c084e024>] (clk_disable_unused_subtree+0x20/0xac)
[   15.377538] ---[ end trace ce855218ecaef1f7 ]---
[   15.382539] In-band Error seen by MPU  at address 0
[   15.387685] ------------[ cut here ]------------
[   15.392569] WARNING: CPU: 0 PID: 1 at drivers/bus/omap_l3_smx.c:166 omap3_l3_app_irq+0x100/0x120()
[   15.402015] Modules linked in:
[   15.405248] CPU: 0 PID: 1 Comm: swapper/0 Tainted: G        W       4.1.0-rc5-00002-g1af9c554a382 #1
[   15.414871] Hardware name: Generic AM3517 (Flattened Device Tree)
[   15.421318] [<c02178dc>] (unwind_backtrace) from [<c02132b0>] (show_stack+0x10/0x14)
[   15.429501] [<c02132b0>] (show_stack) from [<c098dc90>] (dump_stack+0x70/0x8c)
[   15.437139] [<c098dc90>] (dump_stack) from [<c024dfd4>] (warn_slowpath_common+0x74/0xac)
[   15.445686] [<c024dfd4>] (warn_slowpath_common) from [<c024e028>] (warn_slowpath_null+0x1c/0x24)
[   15.454964] [<c024e028>] (warn_slowpath_null) from [<c049ada4>] (omap3_l3_app_irq+0x100/0x120)
[   15.464061] [<c049ada4>] (omap3_l3_app_irq) from [<c02878e8>] (handle_irq_event_percpu+0x50/0x150)
[   15.473521] [<c02878e8>] (handle_irq_event_percpu) from [<c0287a2c>] (handle_irq_event+0x44/0x64)
[   15.482885] [<c0287a2c>] (handle_irq_event) from [<c028a770>] (handle_level_irq+0x98/0x12c)
[   15.491703] [<c028a770>] (handle_level_irq) from [<c028721c>] (generic_handle_irq+0x20/0x30)
[   15.500614] [<c028721c>] (generic_handle_irq) from [<c0287318>] (__handle_domain_irq+0x54/0xac)
[   15.509791] [<c0287318>] (__handle_domain_irq) from [<c020a65c>] (omap_intc_handle_irq+0xb4/0xc4)
[   15.519158] [<c020a65c>] (omap_intc_handle_irq) from [<c0213dc0>] (__irq_svc+0x40/0x54)
[   15.527602] Exception stack(0xcb05de18 to 0xcb05de60)
[   15.532933] de00:                                                       c0f84998 60000113
[   15.541567] de20: c0f84988 00000167 cb023880 cb01fd00 c0e43798 c0e43798 cb555200 c0e37908
[   15.550198] de40: 00000111 00000000 00000000 cb05de60 c084e024 c09929b0 60000113 ffffffff
[   15.558832] [<c0213dc0>] (__irq_svc) from [<c09929b0>] (_raw_spin_unlock_irqrestore+0x1c/0x20)
[   15.567924] [<c09929b0>] (_raw_spin_unlock_irqrestore) from [<c084e024>] (clk_disable_unused_subtree+0x20/0xac)
[   15.578562] ---[ end trace ce855218ecaef1f8 ]---
[   15.583778] ALSA device list:
[   15.586980]   No soundcards found.
[   15.594849] EXT4-fs (mmcblk0p2): mounting ext3 file system using the ext4 subsystem
[   15.627862] EXT4-fs (mmcblk0p2): mounted filesystem with ordered data mode. Opts: (null)
[   15.636597] VFS: Mounted root (ext3 filesystem) on device 179:2.
[   15.654636] devtmpfs: mounted
[   15.660467] Freeing unused kernel memory: 884K (c0d61000 - c0e3e000)
INIT: version 2.88 booting
Error opening /dev/fb0: No such file or directory
/dev/ttyO2 linked to /dev/tty-bd - using as console
Starting udev
[   16.738347] udevd[94]: starting version 182
[   23.383642] FAT-fs (mmcblk0p1): Volume was not properly unmounted. Some data may be corrupt. Please run fsck.
ERROR: could not open directory /lib/modules/4.1.0-rc5-00002-g1af9c554a382: No such file or directory
WARNING: -e needs -E or -F
ERROR: could not open directory /lib/modules/4.1.0-rc5-00002-g1af9c554a382: No such file or directory
FATAL: could not search modules: No such file or directory
Starting Bootlog daemon: bootlogd.
[   23.960160] EXT4-fs (mmcblk0p2): re-mounted. Opts: data=ordered
[   24.075890] random: dd urandom read with 87 bits of entropy available
ALSA: Restoring mixer settings...
/usr/sbin/alsactl: load_state:1696: No soundcards found...
Configuring network interfaces... ifconfig: SIOCGIFFLAGS: No such device
done.
INIT: Entering runlevel: 3
/dev/ttyO2 linked to /dev/tty-bd - using as console
Starting system message bus: dbus.
Starting Dropbear SSH server: dropbear.
Starting telnet daemon.
Starting syslogd/klogd: done
Starting thttpd.
Starting Lighttpd Web Server: lighttpd.
2015-05-16 11:21:44: (log.c.166) server started 
[   33.469659] random: nonblocking pool is initialized
***************************************************************
***************************************************************
NOTICE: This file system contains the followin GPLv3 packages:
	binutils-symlinks
	binutils
	gdbserver
	parted
If you do not wish to distribute GPLv3 components please remove
the above packages prior to distribution.  This can be done using
the opkg remove command.  i.e.:
    opkg remove <package>
Where <package> is the name printed in the list above
NOTE: If the package is a dependency of another package you
      will be notified of the dependent packages.  You should
      use the --force-removal-of-dependent-packages option to
      also remove the dependent packages as well
***************************************************************
***************************************************************
Stopping Bootlog daemon: bootlogd.
 _____                    _____           _         _   
|  _  |___ ___ ___ ___   |  _  |___ ___  |_|___ ___| |_ 
|     |  _| .'| . | . |  |   __|  _| . | | | -_|  _|  _|
|__|__|_| |__,|_  |___|  |__|  |_| |___|_| |___|___|_|  
              |___|                    |___|            
Arago Project http://arago-project.org GenericAM3517(FlattenedDeviceTree) tty-bd
Arago 2013.12 GenericAM3517(FlattenedDeviceTree) tty-bd
GenericAM3517(FlattenedDeviceTree) login: 
- 02:28:58 [INFO] Host: root
- 02:28:58 [INFO] Target: 
root
root@GenericAM3517(FlattenedDeviceTree):~# 
- 02:28:58 [INFO] Host: uname -a
- 02:28:58 [INFO] Target: 
uname -a
Linux GenericAM3517(FlattenedDeviceTree) 4.1.0-rc5-00002-g1af9c554a382 #1 SMP Mon May 25 02:23:06 CDT 2015 armv7l GNU/Linux
root@GenericAM3517(FlattenedDeviceTree):~# 
- 02:28:58 [INFO] Host: cat /proc/cmdline
- 02:28:58 [INFO] Target: 
cat /proc/cmdline
console=ttyO2,115200n8 earlyprintk rootwait nohlt ip=:::::eth0:dhcp root=/dev/mmcblk0p2 rw rootfstype=ext3 rootwait
root@GenericAM3517(FlattenedDeviceTree):~# 
- 02:28:58 [INFO] Host: uname -a
- 02:28:58 [INFO] Target: 
uname -a
Linux GenericAM3517(FlattenedDeviceTree) 4.1.0-rc5-00002-g1af9c554a382 #1 SMP Mon May 25 02:23:06 CDT 2015 armv7l GNU/Linux
root@GenericAM3517(FlattenedDeviceTree):~# 
- 02:28:58 [INFO] Host: cat /proc/mtd
- 02:28:58 [INFO] Target: 
cat /proc/mtd
dev:    size   erasesize  name
root@GenericAM3517(FlattenedDeviceTree):~# 
- 02:29:05 [INFO] Host: export IPERFHOST=192.168.1.254
- 02:29:05 [INFO] Target: 
export IPERFHOST=192.168.1.254
root@GenericAM3517(FlattenedDeviceTree):~# 
- 02:29:05 [INFO] Host: export NFS_SERVER=192.168.1.254
- 02:29:06 [INFO] Target: 
export NFS_SERVER=192.168.1.254
root@GenericAM3517(FlattenedDeviceTree):~# 
- 02:29:06 [INFO] Host: export NFS_ROOT_PATH=/usr/workdir/filesys/linux/crane
- 02:29:06 [INFO] Target: 
export NFS_ROOT_PATH=/usr/workdir/fil 
esys/linux/crane
root@GenericAM3517(FlattenedDeviceTree):~# 
- 02:29:06 [INFO] Host: mkdir -p -m 777 /test
- 02:29:06 [INFO] Target: 
mkdir -p -m 777 /test
root@GenericAM3517(FlattenedDeviceTree):~# 
- 02:29:06 [INFO] Host: cd /test
- 02:29:06 [INFO] Target: 
cd /test
root@GenericAM3517(FlattenedDeviceTree):/test# 
- 02:29:06 [INFO] Host: cat > test.sh << EOF
- 02:29:06 [INFO] Target: 
cat > test.sh << EOF
- 02:29:06 [INFO] Host: failtest() {
- 02:29:06 [INFO] Target: 
failtest() {
- 02:29:06 [INFO] Host:   echo 1 >&3
- 02:29:06 [INFO] Target: 
  echo 1 >&3
- 02:29:06 [INFO] Host: }
- 02:29:06 [INFO] Target: 
- 02:29:06 [INFO] Host: timeout=600
- 02:29:06 [INFO] Target: 
timeout=600
- 02:29:06 [INFO] Host: 
- 02:29:06 [INFO] Target: 
- 02:29:06 [INFO] Host: # Start of user's script logic
- 02:29:07 [INFO] Target: 
# Start of user's script logic
- 02:29:07 [INFO] Host: mount -t proc proc /proc 2>/dev/null;
- 02:29:07 [INFO] Target: 
mount -t proc proc /proc 2>/dev/null;
- 02:29:07 [INFO] Host: 
- 02:29:07 [INFO] Target: 
- 02:29:07 [INFO] Host: mount -t sysfs sys /sys 2>/dev/null;
- 02:29:07 [INFO] Target: 
mount -t sysfs sys /sys 2>/dev/null;
- 02:29:07 [INFO] Host: 
- 02:29:07 [INFO] Target: 
- 02:29:07 [INFO] Host: mount -t debugfs none /sys/kernel/debug 2>/dev/null;
- 02:29:07 [INFO] Target: 
mount -t debugfs none /sys/kernel/debug 2>/dev/null;
- 02:29:07 [INFO] Host: 
- 02:29:07 [INFO] Target: 
- 02:29:07 [INFO] Host: echo 'cpuinfo:';cat /proc/cpuinfo; echo '=======';
- 02:29:07 [INFO] Target: 
echo 'cpuinfo:';cat /proc/cpuinfo; echo '=======';
- 02:29:07 [INFO] Host: 
- 02:29:07 [INFO] Target: 
- 02:29:07 [INFO] Host: echo 'soc info:';head /sys/devices/soc0/* 2>/dev/null; echo '=======';
- 02:29:07 [INFO] Target: 
echo 'soc info:';head /sys/devices/soc0/* 2>/dev/null; echo '=======';
- 02:29:07 [INFO] Host: 
- 02:29:08 [INFO] Target: 
- 02:29:08 [INFO] Host: echo 'DT Model info'; head /proc/device-tree/name /proc/device-tree/model /proc/device-tree/compatible 2>/dev/null;echo; echo '=======';
- 02:29:08 [INFO] Target: 
echo 'DT Model info'; head /proc/device-tree/name /proc/device-tree/model /pro 
c/device-tree/compatible 2>/dev/null;echo; echo '=======';
- 02:29:08 [INFO] Host: 
- 02:29:08 [INFO] Target: 
- 02:29:08 [INFO] Host: echo 'interrupts:';cat /proc/interrupts; echo '=======';
- 02:29:08 [INFO] Target: 
echo 'interrupts:';cat /proc/interrupts; echo '=======';
- 02:29:08 [INFO] Host: 
- 02:29:08 [INFO] Target: 
- 02:29:08 [INFO] Host: echo 'Clk_summary:';cat /sys/kernel/debug/clk/clk_summary; echo '=======';
- 02:29:08 [INFO] Target: 
echo 'Clk_summary:';cat /sys/kernel/debug/clk/clk_summary; echo '=======';
- 02:29:08 [INFO] Host: 
- 02:29:08 [INFO] Target: 
- 02:29:08 [INFO] Host: echo "Available frequencies"; cat /sys/devices/system/cpu/cpu0/cpufreq/scaling_available_frequencies 2>/dev/null;echo '=======';
- 02:29:08 [INFO] Target: 
echo "Available frequencies"; cat /sys/devices/system/cpu/cpu0/cpufreq/scaling 
_available_frequencies 2>/dev/null;echo '=======';
- 02:29:08 [INFO] Host: 
- 02:29:08 [INFO] Target: 
- 02:29:08 [INFO] Host: TMPF=/tmp/a.\$\$; TMPF2=/tmp/b.\$\$; STR=""
- 02:29:08 [INFO] Target: 
TMPF=/tmp/a.\$\$; TMPF2=/tmp/b.\$\$; STR=""
- 02:29:08 [INFO] Host: 
- 02:29:09 [INFO] Target: 
- 02:29:09 [INFO] Host: cp /dev/kmsg \$TMPF &
- 02:29:09 [INFO] Target: 
cp /dev/kmsg \$TMPF &
- 02:29:09 [INFO] Host: 
- 02:29:09 [INFO] Target: 
- 02:29:09 [INFO] Host: PID=\$! ; sleep 5; kill -9 \$PID
- 02:29:09 [INFO] Target: 
PID=\$! ; sleep 5; kill -9 \$PID
- 02:29:09 [INFO] Host: 
- 02:29:09 [INFO] Target: 
- 02:29:09 [INFO] Host: 
- 02:29:09 [INFO] Target: 
- 02:29:09 [INFO] Host: 
- 02:29:09 [INFO] Target: 
- 02:29:09 [INFO] Host: cat \$TMPF|grep "^0">\$TMPF2; N=\`cat \$TMPF2|wc -l\`; if [ "\$N" -ne 0 ]; then STR="\$STR emerg=\$N";echo "===== EMERGE++";cat \$TMPF2|cut -d ';' -f2;echo "====="; fi
- 02:29:09 [INFO] Target: 
cat \$TMPF|grep "^0">\$TMPF2; N=\`cat \$TMPF2|wc -l\`; if [ "\$N" -ne 0 ]; the 
n STR="\$STR emerg=\$N";echo "===== EMERGE++";cat \$TMPF2|cut -d ';' -f2;echo "= 
===="; fi
- 02:29:09 [INFO] Host: 
- 02:29:09 [INFO] Target: 
- 02:29:09 [INFO] Host: cat \$TMPF|grep "^1">\$TMPF2; N=\`cat \$TMPF2|wc -l\`; if [ "\$N" -ne 0 ]; then STR="\$STR alert=\$N";echo "===== ALERT ==";cat \$TMPF2|cut -d ';' -f2;echo "====="; fi
- 02:29:09 [INFO] Target: 
cat \$TMPF|grep "^1">\$TMPF2; N=\`cat \$TMPF2|wc -l\`; if [ "\$N" -ne 0 ]; the 
n STR="\$STR alert=\$N";echo "===== ALERT ==";cat \$TMPF2|cut -d ';' -f2;echo "= 
===="; fi
- 02:29:09 [INFO] Host: 
- 02:29:10 [INFO] Target: 
- 02:29:10 [INFO] Host: cat \$TMPF|grep "^2">\$TMPF2; N=\`cat \$TMPF2|wc -l\`; if [ "\$N" -ne 0 ]; then STR="\$STR crit=\$N";echo "===== CRIT ==";cat \$TMPF2|cut -d ';' -f2;echo "====="; fi
- 02:29:10 [INFO] Target: 
cat \$TMPF|grep "^2">\$TMPF2; N=\`cat \$TMPF2|wc -l\`; if [ "\$N" -ne 0 ]; the 
n STR="\$STR crit=\$N";echo "===== CRIT ==";cat \$TMPF2|cut -d ';' -f2;echo "=== 
=="; fi
- 02:29:10 [INFO] Host: 
- 02:29:10 [INFO] Target: 
- 02:29:10 [INFO] Host: cat \$TMPF|grep "^3">\$TMPF2; N=\`cat \$TMPF2|wc -l\`; if [ "\$N" -ne 0 ]; then STR="\$STR err=\$N";echo "===== ERR ==";cat \$TMPF2|cut -d ';' -f2;echo "=====" ;fi
- 02:29:10 [INFO] Target: 
cat \$TMPF|grep "^3">\$TMPF2; N=\`cat \$TMPF2|wc -l\`; if [ "\$N" -ne 0 ]; the 
n STR="\$STR err=\$N";echo "===== ERR ==";cat \$TMPF2|cut -d ';' -f2;echo "===== 
" ;fi
- 02:29:10 [INFO] Host: 
- 02:29:10 [INFO] Target: 
- 02:29:10 [INFO] Host: cat \$TMPF|grep "^4">\$TMPF2; N=\`cat \$TMPF2|wc -l\`; if [ "\$N" -ne 0 ]; then STR="\$STR warn=\$N";echo "===== WARN ==";cat \$TMPF2|cut -d ';' -f2;echo "=====" ;fi
- 02:29:10 [INFO] Target: 
cat \$TMPF|grep "^4">\$TMPF2; N=\`cat \$TMPF2|wc -l\`; if [ "\$N" -ne 0 ]; the 
n STR="\$STR warn=\$N";echo "===== WARN ==";cat \$TMPF2|cut -d ';' -f2;echo "=== 
==" ;fi
- 02:29:10 [INFO] Host: 
- 02:29:10 [INFO] Target: 
- 02:29:10 [INFO] Host: rm \$TMPF \$TMPF2; echo "SUM""MARY RESULT: BOOT:" 'PASS: H''ello World' 'B''oard' "Booted" "Boot Log has::::\$STR:"
- 02:29:10 [INFO] Target: 
rm \$TMPF \$TMPF2; echo "SUM""MARY RESULT: BOOT:" 'PASS: H''ello World' 'B''oa 
rd' "Booted" "Boot Log has::::\$STR:"
- 02:29:10 [INFO] Host: 
- 02:29:10 [INFO] Target: 
- 02:29:10 [INFO] Host: EOF
- 02:29:10 [INFO] Target: 
root@GenericAM3517(FlattenedDeviceTree):/test# 
- 02:29:10 [INFO] Host: cd /test
- 02:29:11 [INFO] Target: 
cd /test
root@GenericAM3517(FlattenedDeviceTree):/test# 
- 02:29:11 [INFO] Host: chmod +x test.sh
- 02:29:11 [INFO] Target: 
chmod +x test.sh
root@GenericAM3517(FlattenedDeviceTree):/test# 
- 02:29:11 [INFO] Host: ./test.sh 2> stderr.log > stdout.log 3> result.log
- 02:29:16 [INFO] Target: 
./test.sh 2> stderr.log > stdout. 
log 3> result.log
root@GenericAM3517(FlattenedDeviceTree):/test# 
- 02:29:16 [INFO] Host: echo $?
- 02:29:16 [INFO] Target: 
echo $?
root@GenericAM3517(FlattenedDeviceTree):/test# 
- 02:29:16 [INFO] Host: cd /test
- 02:29:16 [INFO] Target: 
cd /test
root@GenericAM3517(FlattenedDeviceTree):/test# 
- 02:29:16 [INFO] Host: cat stdout.log
- 02:29:19 [INFO] Target: 
cat stdout.log
cpuinfo:
processor	: 0
model name	: ARMv7 Processor rev 7 (v7l)
BogoMIPS	: 496.43
Features	: half thumb fastmult vfp edsp thumbee neon vfpv3 tls vfpd32 
CPU implementer	: 0x41
CPU architecture: 7
CPU variant	: 0x1
CPU part	: 0xc08
CPU revision	: 7
Hardware	: Generic AM3517 (Flattened Device Tree)
Revision	: 0000
Serial		: 0000000000000000
=======
soc info:
==> /sys/devices/soc0/family <==
OMAP3
==> /sys/devices/soc0/machine <==
AM3517
==> /sys/devices/soc0/power <==
==> /sys/devices/soc0/revision <==
ES1.1
==> /sys/devices/soc0/subsystem <==
==> /sys/devices/soc0/type <==
==> /sys/devices/soc0/uevent <==
=======
DT Model info
==> /proc/device-tree/name <==
==> /proc/device-tree/model <==
TI AM3517 CraneBoard (TMDSEVM3517)
==> /proc/device-tree/compatible <==
ti,am3517-craneboardti,am3517ti,omap3
=======
interrupts:
           CPU0       
 23:          0      INTC   7 Edge      tps65910
 25:          0      INTC   9 Edge      l3-debug-irq
 26:          5      INTC  10 Edge      l3-app-irq
 28:          0      INTC  12 Edge      DMA
 29:       2582      INTC  13 Edge      omap-dma-engine
 36:          0      INTC  20 Edge      gpmc
 54:       3443      INTC  38 Edge      gp_timer
 72:        344      INTC  56 Edge      48070000.i2c
 90:       8311      INTC  74 Edge      OMAP UART2
 92:          1      INTC  76 Edge      ohci_hcd:usb2
 93:          0      INTC  77 Edge      ehci_hcd:usb1
 99:       4080      INTC  83 Edge      mmc0
312:          0  tps65910   6 Edge      tps65910-rtc
IPI0:          0  CPU wakeup interrupts
IPI1:          0  Timer broadcast interrupts
IPI2:          0  Rescheduling interrupts
IPI3:          0  Function call interrupts
IPI4:          0  Single function call interrupts
IPI5:          0  CPU stop interrupts
IPI6:          0  IRQ work interrupts
IPI7:          0  completion interrupts
Err:          0
=======
Clk_summary:
   clock                         enable_cnt  prepare_cnt        rate   accuracy   phase
----------------------------------------------------------------------------------------
 pclk_ck                                  0            0    27000000          0 0  
    vpfe_fck                              0            0    27000000          0 0  
 rmii_ck                                  1            1    50000000          0 0  
    emac_fck                              2            2    50000000          0 0  
 secure_32k_fck                           0            1       32768          0 0  
    wdt1_fck                              0            0       32768          0 0  
    gpt12_fck                             0            1       32768          0 0  
 dummy_ck                                 0            0           0          0 0  
 mcbsp_clks                               0            5           0          0 0  
 sys_altclk                               0            0           0          0 0  
 virt_38_4m_ck                            0            0    38400000          0 0  
 virt_26000000_ck                         1            1    26000000          0 0  
    osc_sys_ck                            1            1    26000000          0 0  
       sys_clkout1                        0            0    26000000          0 0  
       sys_ck                             6           17    13000000          0 0  
          gpt9_fck                        0            1    13000000          0 0  
          gpt8_fck                        0            1    13000000          0 0  
          gpt7_fck                        0            1    13000000          0 0  
          gpt6_fck                        0            1    13000000          0 0  
          gpt5_fck                        0            1    13000000          0 0  
          gpt4_fck                        0            1    13000000          0 0  
          gpt3_fck                        0            1    13000000          0 0  
          gpt2_fck                        1            1    13000000          0 0  
          gpt1_fck                        1            1    13000000          0 0  
          hecc_ck                         0            0    13000000          0 0  
          hsotgusb_fck_am35xx             0            1    13000000          0 0  
          cpefuse_fck                     0            0    13000000          0 0  
          dpll5_ck                        1            1   120000000          0 0  
             dpll5_m2_ck                  1            1   120000000          0 0  
                usbhost_120m_fck           0            0   120000000          0 0  
                usbtll_fck                1            1   120000000          0 0  
          traceclk_src_fck                0            0    13000000          0 0  
             traceclk_fck                 0            0    13000000          0 0  
          emu_src_mux_ck                  0            1    13000000          0 0  
             emu_src_ck                   0            1    13000000          0 0  
                atclk_fck                 0            0    13000000          0 0  
                pclkx2_fck                0            0    13000000          0 0  
                pclk_fck                  0            0     6500000          0 0  
          dss2_alwon_fck                  0            2    13000000          0 0  
          dpll1_ck                        0            1   500000000          0 0  
             dpll1_x2_ck                  0            1  1000000000          0 0  
                dpll1_x2m2_ck             0            1  1000000000          0 0  
                   mpu_ck                 0            1  1000000000          0 0  
                      emu_mpu_alwon_ck           0            0  1000000000          0 0  
                      arm_fck             0            1   500000000          0 0  
          dpll3_ck                        1            1   332000000          0 0  
             dpll3_x2_ck                  0            0   664000000          0 0  
             dpll3_m2_ck                  1            1   332000000          0 0  
                dpll3_m2x2_ck             0            0   664000000          0 0  
                   corex2_fck             0            0   664000000          0 0  
                      corex2_d5_fck           0            0   132800000          0 0  
                      corex2_d3_fck           0            0   221333333          0 0  
                core_ck                   1            1   332000000          0 0  
                   core_d2_ck             0            0   166000000          0 0  
                   core_d6_ck             0            0    55333333          0 0  
                   core_d4_ck             0            0    83000000          0 0  
                   core_d3_ck             0            0   110666666          0 0  
                      sgx_fck             0            0   110666666          0 0  
                   l3_ick                 2            2   166000000          0 0  
                      sgx_ick             0            0   166000000          0 0  
                      core_l3_ick           6            7   166000000          0 0  
                         ipss_ick           2            2   166000000          0 0  
                            hsotgusb_ick_am35xx           2            2   166000000          0 0  
                            vpfe_ick           0            0   166000000          0 0  
                            emac_ick           2            2   166000000          0 0  
                         gpmc_fck           2            2   166000000          0 0  
                         sdrc_ick           1            1   166000000          0 0  
                      l4_ick              4            4    83000000          0 0  
                         usbhost_ick           1            1    83000000          0 0  
                         dss_ick_3430es2           4            6    83000000          0 0  
                         per_l4_ick          13           18    83000000          0 0  
                            mcbsp4_ick           1            1    83000000          0 0  
                            mcbsp3_ick           2            2    83000000          0 0  
                            mcbsp2_ick           2            2    83000000          0 0  
                            gpt2_ick           1            1    83000000          0 0  
                            gpt3_ick           1            1    83000000          0 0  
                            gpt4_ick           1            1    83000000          0 0  
                            gpt5_ick           1            1    83000000          0 0  
                            gpt6_ick           1            1    83000000          0 0  
                            gpt7_ick           1            1    83000000          0 0  
                            gpt8_ick           1            1    83000000          0 0  
                            gpt9_ick           1            1    83000000          0 0  
                            uart4_ick           1            1    83000000          0 0  
                            uart3_ick           1            1    83000000          0 0  
                            wdt3_ick           0            0    83000000          0 0  
                            gpio2_ick           0            1    83000000          0 0  
                            gpio3_ick           0            1    83000000          0 0  
                            gpio4_ick           0            1    83000000          0 0  
                            gpio5_ick           0            1    83000000          0 0  
                            gpio6_ick           0            1    83000000          0 0  
                         core_l4_ick          19           20    83000000          0 0  
                            mmchs3_ick           1            1    83000000          0 0  
                            usbtll_ick           1            1    83000000          0 0  
                            uart4_ick_am35xx           0            0    83000000          0 0  
                            sha12_ick           0            0    83000000          0 0  
                            aes2_ick           0            0    83000000          0 0  
                            omapctrl_ick           1            1    83000000          0 0  
                            mcbsp1_ick           1            1    83000000          0 0  
                            mcbsp5_ick           1            1    83000000          0 0  
                            gpt10_ick           1            1    83000000          0 0  
                            gpt11_ick           1            1    83000000          0 0  
                            uart1_ick           1            1    83000000          0 0  
                            uart2_ick           1            1    83000000          0 0  
                            i2c1_ick           1            1    83000000          0 0  
                            i2c2_ick           1            1    83000000          0 0  
                            i2c3_ick           1            1    83000000          0 0  
                            mcspi1_ick           1            1    83000000          0 0  
                            mcspi2_ick           1            1    83000000          0 0  
                            mcspi3_ick           1            1    83000000          0 0  
                            mcspi4_ick           1            1    83000000          0 0  
                            hdq_ick           0            1    83000000          0 0  
                            mmchs1_ick           1            1    83000000          0 0  
                            mmchs2_ick           1            1    83000000          0 0  
                         rm_ick           0            0    41500000          0 0  
                   dpll1_fck              0            0   166000000          0 0  
             dpll3_m3_ck                  0            0   166000000          0 0  
                dpll3_m3x2_mul_ck           0            0   332000000          0 0  
                   dpll3_m3x2_ck           0            0   332000000          0 0  
                      emu_core_alwon_ck           0            0   332000000          0 0  
          dpll4_ck                        1            3   432000000          0 0  
             dpll4_x2_ck                  0            0   864000000          0 0  
             dpll4_m6_ck                  0            0   144000000          0 0  
                dpll4_m6x2_mul_ck           0            0   288000000          0 0  
                   dpll4_m6x2_ck           0            0   288000000          0 0  
                      emu_per_alwon_ck           0            0   288000000          0 0  
             dpll4_m5_ck                  0            0   108000000          0 0  
                dpll4_m5x2_mul_ck           0            0   216000000          0 0  
                   dpll4_m5x2_ck           0            0   216000000          0 0  
             dpll4_m4_ck                  0            1   216000000          0 0  
                dpll4_m4x2_mul_ck           0            1   432000000          0 0  
                   dpll4_m4x2_ck           0            1   432000000          0 0  
                      dss1_alwon_fck_3430es2           0            4   432000000          0 0  
             dpll4_m3_ck                  0            1    27000000          0 0  
                dpll4_m3x2_mul_ck           0            1    54000000          0 0  
                   dpll4_m3x2_ck           0            1    54000000          0 0  
                      omap_54m_fck           0            1    54000000          0 0  
                         clkout2_src_ck           0            0    54000000          0 0  
                            sys_clkout2           0            0    54000000          0 0  
                         dss_tv_fck           0            2    54000000          0 0  
             dpll4_m2_ck                  1            1    48000000          0 0  
                dpll4_m2x2_mul_ck           1            1    96000000          0 0  
                   dpll4_m2x2_ck           1            1    96000000          0 0  
                      omap_192m_alwon_fck           0            0    96000000          0 0  
                      omap_96m_alwon_fck           1            2    96000000          0 0  
                         per_96m_fck           0            6    96000000          0 0  
                            mcbsp4_fck           0            1    96000000          0 0  
                            mcbsp3_fck           0            2    96000000          0 0  
                            mcbsp2_fck           0            2    96000000          0 0  
                         cm_96m_fck           1            2    96000000          0 0  
                            cm_96m_d2_fck           1            1    48000000          0 0  
                               omap_48m_fck           3            4    48000000          0 0  
                                  usbhost_48m_fck           1            1    48000000          0 0  
                                  per_48m_fck           1            1    48000000          0 0  
                                     uart3_fck           1            1    48000000          0 0  
                                  core_48m_fck           2            7    48000000          0 0  
                                     uart4_fck_am35xx           0            1    48000000          0 0  
                                     uart1_fck           1            2    48000000          0 0  
                                     uart2_fck           1            1    48000000          0 0  
                                     mcspi1_fck           0            1    48000000          0 0  
                                     mcspi2_fck           0            1    48000000          0 0  
                                     mcspi3_fck           0            1    48000000          0 0  
                                     mcspi4_fck           0            1    48000000          0 0  
                                  omap_12m_fck           0            1    12000000          0 0  
                                     core_12m_fck           0            1    12000000          0 0  
                                        hdq_fck             0            1    12000000          0 0  
                            omap_96m_fck           0            2    96000000          0 0  
                               dss_96m_fck           0            2    96000000          0 0  
                               core_96m_fck           0           10    96000000          0 0  
                                  mcbsp1_fck           0            1    96000000          0 0  
                                  mcbsp5_fck           0            1    96000000          0 0  
                                  mmchs3_fck           0            1    96000000          0 0  
                                  i2c1_fck           0            1    96000000          0 0  
                                  i2c2_fck           0            1    96000000          0 0  
                                  i2c3_fck           0            1    96000000          0 0  
                                  mmchs1_fck           0            1    96000000          0 0  
                                  mmchs2_fck           0            1    96000000          0 0  
          wkup_l4_ick                     4            5    13000000          0 0  
             gpt1_ick                     1            1    13000000          0 0  
             gpt12_ick                    1            1    13000000          0 0  
             omap_32ksync_ick             1            1    13000000          0 0  
             gpio1_ick                    0            1    13000000          0 0  
             wdt1_ick                     0            0    13000000          0 0  
             wdt2_ick                     1            1    13000000          0 0  
 virt_19200000_ck                         0            0    19200000          0 0  
 virt_13m_ck                              0            0    13000000          0 0  
 virt_12m_ck                              0            0    12000000          0 0  
 omap_32k_fck                             0            7       32768          0 0  
    gpt11_fck                             0            1       32768          0 0  
    gpt10_fck                             0            1       32768          0 0  
    ts_fck                                0            0       32768          0 0  
    per_32k_alwon_fck                     0            5       32768          0 0  
       wdt3_fck                           0            0       32768          0 0  
       gpio2_dbck                         0            1       32768          0 0  
       gpio3_dbck                         0            1       32768          0 0  
       gpio4_dbck                         0            1       32768          0 0  
       gpio5_dbck                         0            1       32768          0 0  
       gpio6_dbck                         0            1       32768          0 0  
    wkup_32k_fck                          0            3       32768          0 0  
       wdt2_fck                           0            1       32768          0 0  
       gpio1_dbck                         0            1       32768          0 0  
 dummy_apb_pclk                           0            0           0          0 0  
 virt_16_8m_ck                            0            0    16800000          0 0  
=======
Available frequencies
=======
===== ERR ==
omap_hwmod: uart4: _wait_target_ready failed: -16
In-band Error seen by MPU  at address 0
Address Hole seen by USB_OTG  at address dc6346bc
platform 480c5000.aes: Cannot lookup hwmod 'aes'
platform 480c3000.sham: Cannot lookup hwmod 'sham'
platform 480cb000.smartreflex: Cannot lookup hwmod 'smartreflex_core'
platform 480ab000.usb_otg_hs: Cannot lookup hwmod 'usb_otg_hs'
omap_hsmmc 4809c000.mmc: unable to get vmmc regulator -517
omap2_set_init_voltage: unable to find boot up OPP for vdd_mpu_iva
omap2_set_init_voltage: unable to set vdd_mpu_iva
omap2_set_init_voltage: unable to find boot up OPP for vdd_core
omap2_set_init_voltage: unable to set vdd_core
cpu cpu0: dev_pm_opp_get_opp_count: device OPP not found (-19)
pm: Failed to request pm_wkup irq
vdd_shv: operation not allowed
omap_hsmmc 4809c000.mmc: could not set regulator OCR (-1)
vdd_shv: operation not allowed
omap_hsmmc 4809c000.mmc: could not set regulator OCR (-1)
In-band Error seen by MPU  at address 0
In-band Error seen by MPU  at address 0
In-band Error seen by MPU  at address 0
udevd[94]: starting version 182
=====
===== WARN ==
omap_hwmod: mcbsp2_sidetone using broken dt data from mcbsp
omap_hwmod: mcbsp3_sidetone using broken dt data from mcbsp
omap_hwmod: uart4: cannot be enabled for reset (3)
------------[ cut here ]------------
WARNING: CPU: 0 PID: 1 at drivers/bus/omap_l3_smx.c:166 omap3_l3_app_irq+0x100/0x120()
Modules linked in:
CPU: 0 PID: 1 Comm: swapper/0 Not tainted 4.1.0-rc5-00002-g1af9c554a382 #1
Hardware name: Generic AM3517 (Flattened Device Tree)
[<c02178dc>] (unwind_backtrace) from [<c02132b0>] (show_stack+0x10/0x14)
[<c02132b0>] (show_stack) from [<c098dc90>] (dump_stack+0x70/0x8c)
[<c098dc90>] (dump_stack) from [<c024dfd4>] (warn_slowpath_common+0x74/0xac)
[<c024dfd4>] (warn_slowpath_common) from [<c024e028>] (warn_slowpath_null+0x1c/0x24)
[<c024e028>] (warn_slowpath_null) from [<c049ada4>] (omap3_l3_app_irq+0x100/0x120)
[<c049ada4>] (omap3_l3_app_irq) from [<c02878e8>] (handle_irq_event_percpu+0x50/0x150)
[<c02878e8>] (handle_irq_event_percpu) from [<c0287a2c>] (handle_irq_event+0x44/0x64)
[<c0287a2c>] (handle_irq_event) from [<c028a770>] (handle_level_irq+0x98/0x12c)
[<c028a770>] (handle_level_irq) from [<c028721c>] (generic_handle_irq+0x20/0x30)
[<c028721c>] (generic_handle_irq) from [<c0287318>] (__handle_domain_irq+0x54/0xac)
[<c0287318>] (__handle_domain_irq) from [<c020a65c>] (omap_intc_handle_irq+0xb4/0xc4)
[<c020a65c>] (omap_intc_handle_irq) from [<c0213dc0>] (__irq_svc+0x40/0x54)
Exception stack(0xcb05dd10 to 0xcb05dd58)
dd00:                                     cb005420 60000153 00000001 00000006
dd20: cb0053c0 cb123440 cb005420 00000000 0000001a cb0053f8 60000153 00000000
dd40: cb0053c0 cb05dd58 c0289094 c09929b0 60000153 ffffffff
[<c0213dc0>] (__irq_svc) from [<c09929b0>] (_raw_spin_unlock_irqrestore+0x1c/0x20)
[<c09929b0>] (_raw_spin_unlock_irqrestore) from [<c0289094>] (__setup_irq+0x2e8/0x4d8)
[<c0289094>] (__setup_irq) from [<c0289350>] (request_threaded_irq+0xcc/0x148)
[<c0289350>] (request_threaded_irq) from [<c049ac38>] (omap3_l3_probe+0xf0/0x15c)
[<c049ac38>] (omap3_l3_probe) from [<c0601ad0>] (platform_drv_probe+0x48/0x98)
[<c0601ad0>] (platform_drv_probe) from [<c06006fc>] (driver_probe_device+0x1b4/0x26c)
[<c06006fc>] (driver_probe_device) from [<c05fef70>] (bus_for_each_drv+0x5c/0x88)
[<c05fef70>] (bus_for_each_drv) from [<c0600514>] (device_attach+0x70/0x88)
[<c0600514>] (device_attach) from [<c05ffc50>] (bus_probe_device+0x84/0xa8)
[<c05ffc50>] (bus_probe_device) from [<c05fe174>] (device_add+0x324/0x51c)
[<c05fe174>] (device_add) from [<c08466dc>] (of_platform_device_create_pdata+0x7c/0xb4)
[<c08466dc>] (of_platform_device_create_pdata) from [<c08467e0>] (of_platform_bus_create+0xcc/0x2ec)
[<c08467e0>] (of_platform_bus_create) from [<c0846a60>] (of_platform_populate+0x60/0xa8)
[<c0846a60>] (of_platform_populate) from [<c0d86658>] (pdata_quirks_init+0x34/0x44)
[<c0d86658>] (pdata_quirks_init) from [<c0d863f0>] (omap_generic_init+0x10/0x1c)
[<c0d863f0>] (omap_generic_init) from [<c0d63828>] (customize_machine+0x20/0x44)
[<c0d63828>] (customize_machine) from [<c020aa64>] (do_one_initcall+0x80/0x1d0)
[<c020aa64>] (do_one_initcall) from [<c0d61d4c>] (kernel_init_freeable+0x10c/0x1d8)
[<c0d61d4c>] (kernel_init_freeable) from [<c0989184>] (kernel_init+0x8/0xe4)
[<c0989184>] (kernel_init) from [<c02105a0>] (ret_from_fork+0x14/0x34)
---[ end trace ce855218ecaef1f3 ]---
------------[ cut here ]------------
WARNING: CPU: 0 PID: 1 at drivers/bus/omap_l3_smx.c:166 omap3_l3_app_irq+0x100/0x120()
Modules linked in:
CPU: 0 PID: 1 Comm: swapper/0 Tainted: G        W       4.1.0-rc5-00002-g1af9c554a382 #1
Hardware name: Generic AM3517 (Flattened Device Tree)
[<c02178dc>] (unwind_backtrace) from [<c02132b0>] (show_stack+0x10/0x14)
[<c02132b0>] (show_stack) from [<c098dc90>] (dump_stack+0x70/0x8c)
[<c098dc90>] (dump_stack) from [<c024dfd4>] (warn_slowpath_common+0x74/0xac)
[<c024dfd4>] (warn_slowpath_common) from [<c024e028>] (warn_slowpath_null+0x1c/0x24)
[<c024e028>] (warn_slowpath_null) from [<c049ada4>] (omap3_l3_app_irq+0x100/0x120)
[<c049ada4>] (omap3_l3_app_irq) from [<c02878e8>] (handle_irq_event_percpu+0x50/0x150)
[<c02878e8>] (handle_irq_event_percpu) from [<c0287a2c>] (handle_irq_event+0x44/0x64)
[<c0287a2c>] (handle_irq_event) from [<c028a770>] (handle_level_irq+0x98/0x12c)
[<c028a770>] (handle_level_irq) from [<c028721c>] (generic_handle_irq+0x20/0x30)
[<c028721c>] (generic_handle_irq) from [<c0287318>] (__handle_domain_irq+0x54/0xac)
[<c0287318>] (__handle_domain_irq) from [<c020a65c>] (omap_intc_handle_irq+0xb4/0xc4)
[<c020a65c>] (omap_intc_handle_irq) from [<c0213dc0>] (__irq_svc+0x40/0x54)
Exception stack(0xcb05dd10 to 0xcb05dd58)
dd00:                                     cb005420 60000153 00000001 00000006
dd20: cb0053c0 cb123440 cb005420 00000000 0000001a cb0053f8 60000153 00000000
dd40: cb0053c0 cb05dd58 c0289094 c09929b0 60000153 ffffffff
[<c0213dc0>] (__irq_svc) from [<c09929b0>] (_raw_spin_unlock_irqrestore+0x1c/0x20)
[<c09929b0>] (_raw_spin_unlock_irqrestore) from [<c0289094>] (__setup_irq+0x2e8/0x4d8)
[<c0289094>] (__setup_irq) from [<c0289350>] (request_threaded_irq+0xcc/0x148)
[<c0289350>] (request_threaded_irq) from [<c049ac38>] (omap3_l3_probe+0xf0/0x15c)
[<c049ac38>] (omap3_l3_probe) from [<c0601ad0>] (platform_drv_probe+0x48/0x98)
[<c0601ad0>] (platform_drv_probe) from [<c06006fc>] (driver_probe_device+0x1b4/0x26c)
[<c06006fc>] (driver_probe_device) from [<c05fef70>] (bus_for_each_drv+0x5c/0x88)
[<c05fef70>] (bus_for_each_drv) from [<c0600514>] (device_attach+0x70/0x88)
[<c0600514>] (device_attach) from [<c05ffc50>] (bus_probe_device+0x84/0xa8)
[<c05ffc50>] (bus_probe_device) from [<c05fe174>] (device_add+0x324/0x51c)
[<c05fe174>] (device_add) from [<c08466dc>] (of_platform_device_create_pdata+0x7c/0xb4)
[<c08466dc>] (of_platform_device_create_pdata) from [<c08467e0>] (of_platform_bus_create+0xcc/0x2ec)
[<c08467e0>] (of_platform_bus_create) from [<c0846a60>] (of_platform_populate+0x60/0xa8)
[<c0846a60>] (of_platform_populate) from [<c0d86658>] (pdata_quirks_init+0x34/0x44)
[<c0d86658>] (pdata_quirks_init) from [<c0d863f0>] (omap_generic_init+0x10/0x1c)
[<c0d863f0>] (omap_generic_init) from [<c0d63828>] (customize_machine+0x20/0x44)
[<c0d63828>] (customize_machine) from [<c020aa64>] (do_one_initcall+0x80/0x1d0)
[<c020aa64>] (do_one_initcall) from [<c0d61d4c>] (kernel_init_freeable+0x10c/0x1d8)
[<c0d61d4c>] (kernel_init_freeable) from [<c0989184>] (kernel_init+0x8/0xe4)
[<c0989184>] (kernel_init) from [<c02105a0>] (ret_from_fork+0x14/0x34)
---[ end trace ce855218ecaef1f4 ]---
CPU PMU: Failed to parse /pmu/interrupt-affinity[0]
PM: no software I/O chain control
mmc0: host does not support reading read-only switch, assuming write-enable
------------[ cut here ]------------
WARNING: CPU: 0 PID: 1 at drivers/bus/omap_l3_smx.c:166 omap3_l3_app_irq+0x100/0x120()
Modules linked in:
CPU: 0 PID: 1 Comm: swapper/0 Tainted: G        W       4.1.0-rc5-00002-g1af9c554a382 #1
Hardware name: Generic AM3517 (Flattened Device Tree)
[<c02178dc>] (unwind_backtrace) from [<c02132b0>] (show_stack+0x10/0x14)
[<c02132b0>] (show_stack) from [<c098dc90>] (dump_stack+0x70/0x8c)
[<c098dc90>] (dump_stack) from [<c024dfd4>] (warn_slowpath_common+0x74/0xac)
[<c024dfd4>] (warn_slowpath_common) from [<c024e028>] (warn_slowpath_null+0x1c/0x24)
[<c024e028>] (warn_slowpath_null) from [<c049ada4>] (omap3_l3_app_irq+0x100/0x120)
[<c049ada4>] (omap3_l3_app_irq) from [<c02878e8>] (handle_irq_event_percpu+0x50/0x150)
[<c02878e8>] (handle_irq_event_percpu) from [<c0287a2c>] (handle_irq_event+0x44/0x64)
[<c0287a2c>] (handle_irq_event) from [<c028a770>] (handle_level_irq+0x98/0x12c)
[<c028a770>] (handle_level_irq) from [<c028721c>] (generic_handle_irq+0x20/0x30)
[<c028721c>] (generic_handle_irq) from [<c0287318>] (__handle_domain_irq+0x54/0xac)
[<c0287318>] (__handle_domain_irq) from [<c020a65c>] (omap_intc_handle_irq+0xb4/0xc4)
[<c020a65c>] (omap_intc_handle_irq) from [<c0213dc0>] (__irq_svc+0x40/0x54)
Exception stack(0xcb05de78 to 0xcb05dec0)
de60:                                                       c0f84998 60000113
de80: c0f84988 00000146 cb023a00 cb011f00 c0e43798 c0e43798 cb555200 c0e37908
dea0: 00000111 00000000 00000000 cb05dec0 c084e024 c09929b0 60000113 ffffffff
[<c0213dc0>] (__irq_svc) from [<c09929b0>] (_raw_spin_unlock_irqrestore+0x1c/0x20)
[<c09929b0>] (_raw_spin_unlock_irqrestore) from [<c084e024>] (clk_disable_unused_subtree+0x20/0xac)
---[ end trace ce855218ecaef1f6 ]---
------------[ cut here ]------------
WARNING: CPU: 0 PID: 1 at drivers/bus/omap_l3_smx.c:166 omap3_l3_app_irq+0x100/0x120()
Modules linked in:
CPU: 0 PID: 1 Comm: swapper/0 Tainted: G        W       4.1.0-rc5-00002-g1af9c554a382 #1
Hardware name: Generic AM3517 (Flattened Device Tree)
[<c02178dc>] (unwind_backtrace) from [<c02132b0>] (show_stack+0x10/0x14)
[<c02132b0>] (show_stack) from [<c098dc90>] (dump_stack+0x70/0x8c)
[<c098dc90>] (dump_stack) from [<c024dfd4>] (warn_slowpath_common+0x74/0xac)
[<c024dfd4>] (warn_slowpath_common) from [<c024e028>] (warn_slowpath_null+0x1c/0x24)
[<c024e028>] (warn_slowpath_null) from [<c049ada4>] (omap3_l3_app_irq+0x100/0x120)
[<c049ada4>] (omap3_l3_app_irq) from [<c02878e8>] (handle_irq_event_percpu+0x50/0x150)
[<c02878e8>] (handle_irq_event_percpu) from [<c0287a2c>] (handle_irq_event+0x44/0x64)
[<c0287a2c>] (handle_irq_event) from [<c028a770>] (handle_level_irq+0x98/0x12c)
[<c028a770>] (handle_level_irq) from [<c028721c>] (generic_handle_irq+0x20/0x30)
[<c028721c>] (generic_handle_irq) from [<c0287318>] (__handle_domain_irq+0x54/0xac)
[<c0287318>] (__handle_domain_irq) from [<c020a65c>] (omap_intc_handle_irq+0xb4/0xc4)
[<c020a65c>] (omap_intc_handle_irq) from [<c0213dc0>] (__irq_svc+0x40/0x54)
Exception stack(0xcb05de78 to 0xcb05dec0)
de60:                                                       c0f84998 60000113
de80: c0f84988 00000147 cb023980 cb011f00 c0e43798 c0e43798 cb555200 c0e37908
dea0: 00000111 00000000 00000000 cb05dec0 c084e024 c09929b0 60000113 ffffffff
[<c0213dc0>] (__irq_svc) from [<c09929b0>] (_raw_spin_unlock_irqrestore+0x1c/0x20)
[<c09929b0>] (_raw_spin_unlock_irqrestore) from [<c084e024>] (clk_disable_unused_subtree+0x20/0xac)
---[ end trace ce855218ecaef1f7 ]---
------------[ cut here ]------------
WARNING: CPU: 0 PID: 1 at drivers/bus/omap_l3_smx.c:166 omap3_l3_app_irq+0x100/0x120()
Modules linked in:
CPU: 0 PID: 1 Comm: swapper/0 Tainted: G        W       4.1.0-rc5-00002-g1af9c554a382 #1
Hardware name: Generic AM3517 (Flattened Device Tree)
[<c02178dc>] (unwind_backtrace) from [<c02132b0>] (show_stack+0x10/0x14)
[<c02132b0>] (show_stack) from [<c098dc90>] (dump_stack+0x70/0x8c)
[<c098dc90>] (dump_stack) from [<c024dfd4>] (warn_slowpath_common+0x74/0xac)
[<c024dfd4>] (warn_slowpath_common) from [<c024e028>] (warn_slowpath_null+0x1c/0x24)
[<c024e028>] (warn_slowpath_null) from [<c049ada4>] (omap3_l3_app_irq+0x100/0x120)
[<c049ada4>] (omap3_l3_app_irq) from [<c02878e8>] (handle_irq_event_percpu+0x50/0x150)
[<c02878e8>] (handle_irq_event_percpu) from [<c0287a2c>] (handle_irq_event+0x44/0x64)
[<c0287a2c>] (handle_irq_event) from [<c028a770>] (handle_level_irq+0x98/0x12c)
[<c028a770>] (handle_level_irq) from [<c028721c>] (generic_handle_irq+0x20/0x30)
[<c028721c>] (generic_handle_irq) from [<c0287318>] (__handle_domain_irq+0x54/0xac)
[<c0287318>] (__handle_domain_irq) from [<c020a65c>] (omap_intc_handle_irq+0xb4/0xc4)
[<c020a65c>] (omap_intc_handle_irq) from [<c0213dc0>] (__irq_svc+0x40/0x54)
Exception stack(0xcb05de18 to 0xcb05de60)
de00:                                                       c0f84998 60000113
de20: c0f84988 00000167 cb023880 cb01fd00 c0e43798 c0e43798 cb555200 c0e37908
de40: 00000111 00000000 00000000 cb05de60 c084e024 c09929b0 60000113 ffffffff
[<c0213dc0>] (__irq_svc) from [<c09929b0>] (_raw_spin_unlock_irqrestore+0x1c/0x20)
[<c09929b0>] (_raw_spin_unlock_irqrestore) from [<c084e024>] (clk_disable_unused_subtree+0x20/0xac)
---[ end trace ce855218ecaef1f8 ]---
FAT-fs (mmcblk0p1): Volume was not properly unmounted. Some data may be corrupt. Please run fsck.
=====
SUMMARY RESULT: BOOT: PASS: Hello World Board Booted Boot Log has:::: err=22 warn=163:
root@GenericAM3517(FlattenedDeviceTree):/test# 
- 02:29:19 [INFO] Host: cat stderr.log
- 02:29:20 [INFO] Target: 
cat stderr.log
./test.sh: line 33:   605 Killed                  cp /dev/kmsg $TMPF
root@GenericAM3517(FlattenedDeviceTree):/test# 
- 02:29:20 [INFO] Host: cat result.log
- 02:29:22 [ERROR] On command: cat result.log waiting for cat result.log.+?(?m-ix:^1[\0\n\r]+) >>> error: execution expired
- 02:29:22 [INFO] Target: 
cat result.log
root@GenericAM3517(FlattenedDeviceTree):/test# 
- 02:29:22 [INFO] Host: cd /test
- 02:29:22 [INFO] Target: 
cd /test
root@GenericAM3517(FlattenedDeviceTree):/test# 
URL:gtsystest.telogy.design.ti.com/vatf/tidfarm-02.dal.design.ti.com/tidfarm-02.dal.design.ti.com_vatf@4/tidfarm-02.dal.design.ti.com05_25_2015_02_26_50/files/session_iteration_1/test_1
