- 06:59:25 [INFO] Starting target session
- 06:59:25 [INFO] Connected to dra7xx-evm via serial 
- 06:59:25 [INFO] Host: #check prompt
- 06:59:28 [ERROR] On command: #check prompt waiting for #check prompt.+?(?-mix:((?-mix:login:)|[Pp]assword)) >>> error: execution expired
- 06:59:28 [INFO] Target: 
#check prompt
root@dra7xx-evm:/test# 
- 06:59:28 [INFO] Host: #check prompt
- 06:59:29 [INFO] Target: 
#check prompt
root@dra7xx-evm:/test# 
- 06:59:29 [INFO] Host: sync;poweroff
- 06:59:38 [INFO] Target: 
sync;poweroff
Broadcast message from root@dra7xx-evm (ttyO0) (Sat Nov  8 16:31:45 2014):
The system is going down for systej(*UI55jRStopping Dropbear SSH server: stopped /usr/sbin/dropbear (pid 765)
dropbear.
Stopping telnet daemon.
Stopping system message bus: dbus.
hwclock: can't open '/dev/misc/rtc': No such file or directory
Error opening /dev/fb0: No such file or directory
Stopping syslogd/klogd: stopped syslogd (pid 799)
stopped klogd (pid 802)
done
Stopping thttpd.
Stopping Weston
stopping statd: done
ALSA: Storing mixer settings...
/usr/sbin/alsactl: save_state:1590: No soundcards found...
Stopping rpcbind daemon...
done.
Stopping Lighttpd Web Server: stopped /usr/sbin/lighttpd (pid 813)
lighttpd.
Deconfiguring network interfaces... done.
Stopping Matrix GUI applicationstart-stop-daemon: warning: killing process 819: No such process
***************************************************************
***************************************************************
NOTICE: This file system contains the followin GPLv3 packages:
	binutils
	elfutils
	gdbserver
	libdw1
	libelf1
	parted
If you do not wish to distribute GPLv3 components please remove
the above packages prior to distribution.  This can be done using
the opkg remove command.  i.e.:
    opkg remove <package>
Where <package> is the name printed in the list above
NOTE: If the package is a dependency of another package you
      will be notified of the dependent packages.  You should
      use the --force-removal-of-dependent-packages option to
      also remove the dependent packages as well
***************************************************************
***************************************************************
Sending all processes the TERM signal...
Sending all processes the KILL signal...
Unmounting remote filesystems...
Deactivating swap...
Unmounting local filesystems...
[ 1263.645610] EXT4-fs (mmcblk1p2): re-mounted. Opts: data=ordered
[ 1266.107037] reboot: System halted
- 06:59:39 [INFO] Disconnected serial from dra7xx-evm
- 06:59:40 [INFO] Connected to dra7xx-evm via serial 
- 06:59:41 [INFO] Host: 
- 06:59:43 [INFO] Target: 
U-Boot# 
U-Boot# 
U-Boot# 
U-Boot# 
U-Boot# 
- 06:59:43 [INFO] Host: 
- 06:59:43 [INFO] Target: 
U-Boot# 
- 06:59:43 [INFO] Host: version
- 06:59:43 [INFO] Target: 
version
U-Boot 2014.07-00076-g8f725ef (Oct 09 2014 - 11:19:18)
arm-linux-gnueabihf-gcc (crosstool-NG linaro-1.13.1-4.7-2013.03-20130313 - Linaro GCC 2013.03) 4.7.3 20130226 (prerelease)
GNU ld (crosstool-NG linaro-1.13.1-4.7-2013.03-20130313 - Linaro GCC 2013.03) 2.23.1
U-Boot# 
- 06:59:43 [INFO] Host: setenv bootargs 'console=ttyO0,115200n8 earlyprintk rootwait '
- 06:59:43 [INFO] Target: 
setenv bootargs 'console=ttyO0,115200n8 earlyprintk rootwait '
U-Boot# 
- 06:59:43 [INFO] Host: setenv bootcmd  ''
- 06:59:43 [INFO] Target: 
setenv bootcmd  ''
U-Boot# 
- 06:59:43 [INFO] Host: setenv autoload 'no'
- 06:59:43 [INFO] Target: 
setenv autoload 'no'
U-Boot# 
- 06:59:43 [INFO] Host: setenv serverip '192.168.0.1'
- 06:59:43 [INFO] Target: 
setenv serverip '192.168.0.1'
U-Boot# 
- 06:59:43 [INFO] Host: setenv mmcdev ' '
- 06:59:44 [INFO] Target: 
setenv mmcdev ' '
U-Boot# 
- 06:59:44 [INFO] Host: printenv
- 06:59:44 [INFO] Target: 
printenv
arch=arm
autoload=no
baudrate=115200
board=dra7xx
board_name=dra7xx
bootargs=console=ttyO0,115200n8 earlyprintk rootwait 
bootcmd=
bootdelay=1
bootdir=/boot
bootfile=zImage
bootm_size=0x10000000
bootpart=0:2
bootscript=echo Running bootscript from mmc${mmcdev} ...; source ${loadaddr}
console=ttyO0,115200n8
cpu=armv7
dfu_alt_info_emmc=MLO raw 0x100 0x100 mmcpart 0;u-boot.img raw 0x300 0x1000 mmcpart 0
dfu_alt_info_mmc=boot part 0 1;rootfs part 0 2;MLO fat 0 1;spl-os-args fat 0 1;spl-os-image fat 0 1;u-boot.img fat 0 1;uEnv.txt fat 0 1
dfu_alt_info_ram=kernel ram 0x80200000 0x4000000;fdt ram 0x80f80000 0x80000;ramdisk ram 0x81000000 0x4000000
dfu_bufsiz=0x10000
eth1addr=b4:99:4c:0b:e4:e7
ethact=cpsw
ethaddr=b4:99:4c:0b:e4:e6
fdt_addr_r=0x88000000
fdtaddr=0x88000000
fdtfile=undefined
findfdt=if test $board_name = omap5_uevm; then setenv fdtfile omap5-uevm.dtb; fi; if test $board_name = dra7xx; then setenv fdtfile dra7-evm.dtb; fi;if test $board_name = dra72x; then setenv fdtfile dra72-evm.dtb; fi;if test $fdtfile = undefined; then echo WARNING: Could not determine device tree to use; fi; 
importbootenv=echo Importing environment from mmc${mmcdev} ...; env import -t ${loadaddr} ${filesize}
kernel_addr_r=0x82000000
loadaddr=0x82000000
loadbootenv=fatload mmc ${mmcdev} ${loadaddr} uEnv.txt
loadbootscript=fatload mmc ${mmcdev} ${loadaddr} boot.scr
loadfdt=load mmc ${bootpart} ${fdtaddr} ${bootdir}/${fdtfile};
loadimage=load mmc ${bootpart} ${loadaddr} ${bootdir}/${bootfile}
mmcargs=setenv bootargs console=${console} ${optargs} vram=${vram} root=${mmcroot} rootfstype=${mmcrootfstype}
mmcboot=mmc dev ${mmcdev}; if mmc rescan; then echo SD/MMC found on device ${mmcdev};if run loadbootenv; then echo Loaded environment from ${bootenv};run importbootenv;fi;if test -n $uenvcmd; then echo Running uenvcmd ...;run uenvcmd;fi;if run loadimage; then run loadfdt; echo Booting from mmc${mmcdev} ...; run mmcargs; bootz ${loadaddr} - ${fdtaddr}; fi;fi;
mmcdev= 
mmcroot=/dev/mmcblk1p2 rw
mmcrootfstype=ext4 rootwait
mtdids=nand0=nand.0
mtdparts=mtdparts=nand.0:128k(NAND.SPL),128k(NAND.SPL.backup1),128k(NAND.SPL.backup2),128k(NAND.SPL.backup3),256k(NAND.u-boot-spl-os),1m(NAND.u-boot),128k(NAND.u-boot-env),128k(NAND.u-boot-env.backup1),8m(NAND.kernel),-(NAND.file-system)
nandargs=setenv bootargs console=${console} ${optargs} root=${nandroot} rootfstype=${nandrootfstype}
nandboot=echo Booting from nand ...; run nandargs; nand read ${fdtaddr} NAND.u-boot-spl-os; nand read ${loadaddr} NAND.kernel; bootz ${loadaddr} - ${fdtaddr}
nandroot=ubi0:rootfs rw ubi.mtd=NAND.file-system,2048
nandrootfstype=ubifs rootwait=1
partitions=uuid_disk=${uuid_gpt_disk};name=rootfs,start=2MiB,size=-,uuid=${uuid_gpt_rootfs}
ramdisk_addr_r=0x88080000
rdaddr=0x88080000
scsidevs=0
serverip=192.168.0.1
soc=omap5
stderr=serial
stdin=serial
stdout=serial
usbtty=cdc_acm
vendor=ti
ver=U-Boot 2014.07-00076-g8f725ef (Oct 09 2014 - 11:19:18)
vram=16M
Environment size: 3057/131067 bytes
U-Boot# 
- 06:59:44 [INFO] Host: printenv
- 06:59:44 [INFO] Target: 
printenv
arch=arm
autoload=no
baudrate=115200
board=dra7xx
board_name=dra7xx
bootargs=console=ttyO0,115200n8 earlyprintk rootwait 
bootcmd=
bootdelay=1
bootdir=/boot
bootfile=zImage
bootm_size=0x10000000
bootpart=0:2
bootscript=echo Running bootscript from mmc${mmcdev} ...; source ${loadaddr}
console=ttyO0,115200n8
cpu=armv7
dfu_alt_info_emmc=MLO raw 0x100 0x100 mmcpart 0;u-boot.img raw 0x300 0x1000 mmcpart 0
dfu_alt_info_mmc=boot part 0 1;rootfs part 0 2;MLO fat 0 1;spl-os-args fat 0 1;spl-os-image fat 0 1;u-boot.img fat 0 1;uEnv.txt fat 0 1
dfu_alt_info_ram=kernel ram 0x80200000 0x4000000;fdt ram 0x80f80000 0x80000;ramdisk ram 0x81000000 0x4000000
dfu_bufsiz=0x10000
eth1addr=b4:99:4c:0b:e4:e7
ethact=cpsw
ethaddr=b4:99:4c:0b:e4:e6
fdt_addr_r=0x88000000
fdtaddr=0x88000000
fdtfile=undefined
findfdt=if test $board_name = omap5_uevm; then setenv fdtfile omap5-uevm.dtb; fi; if test $board_name = dra7xx; then setenv fdtfile dra7-evm.dtb; fi;if test $board_name = dra72x; then setenv fdtfile dra72-evm.dtb; fi;if test $fdtfile = undefined; then echo WARNING: Could not determine device tree to use; fi; 
importbootenv=echo Importing environment from mmc${mmcdev} ...; env import -t ${loadaddr} ${filesize}
kernel_addr_r=0x82000000
loadaddr=0x82000000
loadbootenv=fatload mmc ${mmcdev} ${loadaddr} uEnv.txt
loadbootscript=fatload mmc ${mmcdev} ${loadaddr} boot.scr
loadfdt=load mmc ${bootpart} ${fdtaddr} ${bootdir}/${fdtfile};
loadimage=load mmc ${bootpart} ${loadaddr} ${bootdir}/${bootfile}
mmcargs=setenv bootargs console=${console} ${optargs} vram=${vram} root=${mmcroot} rootfstype=${mmcrootfstype}
mmcboot=mmc dev ${mmcdev}; if mmc rescan; then echo SD/MMC found on device ${mmcdev};if run loadbootenv; then echo Loaded environment from ${bootenv};run importbootenv;fi;if test -n $uenvcmd; then echo Running uenvcmd ...;run uenvcmd;fi;if run loadimage; then run loadfdt; echo Booting from mmc${mmcdev} ...; run mmcargs; bootz ${loadaddr} - ${fdtaddr}; fi;fi;
mmcdev= 
mmcroot=/dev/mmcblk1p2 rw
mmcrootfstype=ext4 rootwait
mtdids=nand0=nand.0
mtdparts=mtdparts=nand.0:128k(NAND.SPL),128k(NAND.SPL.backup1),128k(NAND.SPL.backup2),128k(NAND.SPL.backup3),256k(NAND.u-boot-spl-os),1m(NAND.u-boot),128k(NAND.u-boot-env),128k(NAND.u-boot-env.backup1),8m(NAND.kernel),-(NAND.file-system)
nandargs=setenv bootargs console=${console} ${optargs} root=${nandroot} rootfstype=${nandrootfstype}
nandboot=echo Booting from nand ...; run nandargs; nand read ${fdtaddr} NAND.u-boot-spl-os; nand read ${loadaddr} NAND.kernel; bootz ${loadaddr} - ${fdtaddr}
nandroot=ubi0:rootfs rw ubi.mtd=NAND.file-system,2048
nandrootfstype=ubifs rootwait=1
partitions=uuid_disk=${uuid_gpt_disk};name=rootfs,start=2MiB,size=-,uuid=${uuid_gpt_rootfs}
ramdisk_addr_r=0x88080000
rdaddr=0x88080000
scsidevs=0
serverip=192.168.0.1
soc=omap5
stderr=serial
stdin=serial
stdout=serial
usbtty=cdc_acm
vendor=ti
ver=U-Boot 2014.07-00076-g8f725ef (Oct 09 2014 - 11:19:18)
vram=16M
Environment size: 3057/131067 bytes
U-Boot# 
- 06:59:44 [INFO] Host: setenv bootargs ''${bootargs}' ip=dhcp '
- 06:59:44 [INFO] Target: 
setenv bootargs ''${bootargs}' ip=dhcp '
U-Boot# 
- 06:59:44 [INFO] Host: setenv serverip '192.168.0.1'
- 06:59:44 [INFO] Target: 
setenv serverip '192.168.0.1'
U-Boot# 
- 06:59:44 [INFO] Host: setenv ipaddr dhcp
- 06:59:44 [INFO] Target: 
setenv ipaddr dhcp
U-Boot# 
- 06:59:44 [INFO] Host: setenv autoload 'no'
- 06:59:45 [INFO] Target: 
setenv autoload 'no'
U-Boot# 
- 06:59:45 [INFO] Host: dhcp
- 06:59:46 [INFO] Target: 
dhcp
link up on port 0, speed 1000, full duplex
BOOTP broadcast 1
DHCP client bound to address 192.168.0.93
U-Boot# 
- 06:59:46 [INFO] Host: setenv serverip '192.168.0.1'
- 06:59:46 [INFO] Target: 
setenv serverip '192.168.0.1'
U-Boot# 
- 06:59:46 [INFO] Host: tftp ${loadaddr} 192.168.0.1:vatf_dra7xx-evm1/3225822974fdd017446fe9e4163842e7
- 06:59:46 [INFO] Target: 
tftp ${loadaddr} 192.168.0.1:vatf_dra7xx-evm1/3225822974fdd017446fe9e4163842e7
link up on port 0, speed 1000, full duplex
Using cpsw device
TFTP from server 192.168.0.1; our IP address is 192.168.0.93
Filename 'vatf_dra7xx-evm1/3225822974fdd017446fe9e4163842e7'.
Load address: 0x82000000
Loading: *#################################################################
	 #################################################################
	 #################################################################
	 #################################################################
	 #################################################################
	 #################################################################
	 ##################################
	 11.2 MiB/s
done
Bytes transferred = 6221040 (5eecf0 hex)
U-Boot# 
- 06:59:46 [INFO] Host: tftp ${fdt_addr_r} 192.168.0.1:vatf_dra7xx-evm1/e660259a95c639db5c9e5a935d35b2e4
- 06:59:46 [INFO] Target: 
tftp ${fdt_addr_r} 192.168.0.1:vatf_dra7xx-evm1/e660259a95c639db5c9e5a935d35b2e4
link up on port 0, speed 1000, full duplex
Using cpsw device
TFTP from server 192.168.0.1; our IP address is 192.168.0.93
Filename 'vatf_dra7xx-evm1/e660259a95c639db5c9e5a935d35b2e4'.
Load address: 0x88000000
Loading: *######
	 8.9 MiB/s
done
Bytes transferred = 74803 (12433 hex)
U-Boot# 
- 06:59:46 [INFO] Host: ls mmc 0:1
- 06:59:47 [INFO] Target: 
ls mmc 0:1
    73648   mlo 
   433144   u-boot.img 
        4   ws-calibrate.rules 
        0   pointercal 
4 file(s), 0 dir(s)
U-Boot# 
- 06:59:47 [INFO] Host: ls mmc 0:2
- 06:59:47 [INFO] Target: 
ls mmc 0:2
<DIR>       4096 .
<DIR>       4096 ..
<DIR>      16384 lost+found
<DIR>       4096 bin
<DIR>       4096 boot
<DIR>       4096 dev
<DIR>       4096 etc
<DIR>       4096 home
<DIR>       4096 lib
<DIR>       4096 media
<DIR>       4096 mnt
<DIR>       4096 opt
<DIR>       4096 proc
<DIR>       4096 run
<DIR>       4096 sbin
<DIR>       4096 srv
<DIR>       4096 sys
<DIR>       4096 test
<SYM>          8 tmp
<DIR>       4096 usr
<DIR>       4096 var
<DIR>       4096 www
U-Boot# 
- 06:59:47 [INFO] Host: part uuid mmc 0:2
- 06:59:47 [INFO] Target: 
part uuid mmc 0:2
00000000-02
U-Boot# 
- 06:59:47 [INFO] Host: printenv
- 06:59:47 [INFO] Target: 
printenv
arch=arm
autoload=no
baudrate=115200
board=dra7xx
board_name=dra7xx
bootargs=console=ttyO0,115200n8 earlyprintk rootwait  ip=dhcp 
bootcmd=
bootdelay=1
bootdir=/boot
bootfile=zImage
bootm_size=0x10000000
bootpart=0:2
bootscript=echo Running bootscript from mmc${mmcdev} ...; source ${loadaddr}
console=ttyO0,115200n8
cpu=armv7
dfu_alt_info_emmc=MLO raw 0x100 0x100 mmcpart 0;u-boot.img raw 0x300 0x1000 mmcpart 0
dfu_alt_info_mmc=boot part 0 1;rootfs part 0 2;MLO fat 0 1;spl-os-args fat 0 1;spl-os-image fat 0 1;u-boot.img fat 0 1;uEnv.txt fat 0 1
dfu_alt_info_ram=kernel ram 0x80200000 0x4000000;fdt ram 0x80f80000 0x80000;ramdisk ram 0x81000000 0x4000000
dfu_bufsiz=0x10000
dnsip=192.0.2.2
dnsip2=192.0.2.3
eth1addr=b4:99:4c:0b:e4:e7
ethact=cpsw
ethaddr=b4:99:4c:0b:e4:e6
fdt_addr_r=0x88000000
fdtaddr=0x88000000
fdtfile=undefined
fileaddr=88000000
filesize=12433
findfdt=if test $board_name = omap5_uevm; then setenv fdtfile omap5-uevm.dtb; fi; if test $board_name = dra7xx; then setenv fdtfile dra7-evm.dtb; fi;if test $board_name = dra72x; then setenv fdtfile dra72-evm.dtb; fi;if test $fdtfile = undefined; then echo WARNING: Could not determine device tree to use; fi; 
gatewayip=192.168.0.1
importbootenv=echo Importing environment from mmc${mmcdev} ...; env import -t ${loadaddr} ${filesize}
ipaddr=192.168.0.93
kernel_addr_r=0x82000000
loadaddr=0x82000000
loadbootenv=fatload mmc ${mmcdev} ${loadaddr} uEnv.txt
loadbootscript=fatload mmc ${mmcdev} ${loadaddr} boot.scr
loadfdt=load mmc ${bootpart} ${fdtaddr} ${bootdir}/${fdtfile};
loadimage=load mmc ${bootpart} ${loadaddr} ${bootdir}/${bootfile}
mmcargs=setenv bootargs console=${console} ${optargs} vram=${vram} root=${mmcroot} rootfstype=${mmcrootfstype}
mmcboot=mmc dev ${mmcdev}; if mmc rescan; then echo SD/MMC found on device ${mmcdev};if run loadbootenv; then echo Loaded environment from ${bootenv};run importbootenv;fi;if test -n $uenvcmd; then echo Running uenvcmd ...;run uenvcmd;fi;if run loadimage; then run loadfdt; echo Booting from mmc${mmcdev} ...; run mmcargs; bootz ${loadaddr} - ${fdtaddr}; fi;fi;
mmcdev= 
mmcroot=/dev/mmcblk1p2 rw
mmcrootfstype=ext4 rootwait
mtdids=nand0=nand.0
mtdparts=mtdparts=nand.0:128k(NAND.SPL),128k(NAND.SPL.backup1),128k(NAND.SPL.backup2),128k(NAND.SPL.backup3),256k(NAND.u-boot-spl-os),1m(NAND.u-boot),128k(NAND.u-boot-env),128k(NAND.u-boot-env.backup1),8m(NAND.kernel),-(NAND.file-system)
nandargs=setenv bootargs console=${console} ${optargs} root=${nandroot} rootfstype=${nandrootfstype}
nandboot=echo Booting from nand ...; run nandargs; nand read ${fdtaddr} NAND.u-boot-spl-os; nand read ${loadaddr} NAND.kernel; bootz ${loadaddr} - ${fdtaddr}
nandroot=ubi0:rootfs rw ubi.mtd=NAND.file-system,2048
nandrootfstype=ubifs rootwait=1
netmask=255.255.255.0
partitions=uuid_disk=${uuid_gpt_disk};name=rootfs,start=2MiB,size=-,uuid=${uuid_gpt_rootfs}
ramdisk_addr_r=0x88080000
rdaddr=0x88080000
scsidevs=0
serverip=192.168.0.1
soc=omap5
stderr=serial
stdin=serial
stdout=serial
usbtty=cdc_acm
vendor=ti
ver=U-Boot 2014.07-00076-g8f725ef (Oct 09 2014 - 11:19:18)
vram=16M
Environment size: 3210/131067 bytes
U-Boot# 
- 06:59:47 [INFO] Host: setenv bootargs ''${bootargs}' root=PARTUUID=00000000-02 rw rootfstype=ext4 rootwait '
- 06:59:47 [INFO] Target: 
setenv bootargs ''${bootargs}' root=PARTUUID=00000000-02 rw rootfstype=ext4 rootwait '
U-Boot# 
- 06:59:47 [INFO] Host: printenv
- 06:59:48 [INFO] Target: 
printenv
arch=arm
autoload=no
baudrate=115200
board=dra7xx
board_name=dra7xx
bootargs=console=ttyO0,115200n8 earlyprintk rootwait  ip=dhcp  root=PARTUUID=00000000-02 rw rootfstype=ext4 rootwait 
bootcmd=
bootdelay=1
bootdir=/boot
bootfile=zImage
bootm_size=0x10000000
bootpart=0:2
bootscript=echo Running bootscript from mmc${mmcdev} ...; source ${loadaddr}
console=ttyO0,115200n8
cpu=armv7
dfu_alt_info_emmc=MLO raw 0x100 0x100 mmcpart 0;u-boot.img raw 0x300 0x1000 mmcpart 0
dfu_alt_info_mmc=boot part 0 1;rootfs part 0 2;MLO fat 0 1;spl-os-args fat 0 1;spl-os-image fat 0 1;u-boot.img fat 0 1;uEnv.txt fat 0 1
dfu_alt_info_ram=kernel ram 0x80200000 0x4000000;fdt ram 0x80f80000 0x80000;ramdisk ram 0x81000000 0x4000000
dfu_bufsiz=0x10000
dnsip=192.0.2.2
dnsip2=192.0.2.3
eth1addr=b4:99:4c:0b:e4:e7
ethact=cpsw
ethaddr=b4:99:4c:0b:e4:e6
fdt_addr_r=0x88000000
fdtaddr=0x88000000
fdtfile=undefined
fileaddr=88000000
filesize=12433
findfdt=if test $board_name = omap5_uevm; then setenv fdtfile omap5-uevm.dtb; fi; if test $board_name = dra7xx; then setenv fdtfile dra7-evm.dtb; fi;if test $board_name = dra72x; then setenv fdtfile dra72-evm.dtb; fi;if test $fdtfile = undefined; then echo WARNING: Could not determine device tree to use; fi; 
gatewayip=192.168.0.1
importbootenv=echo Importing environment from mmc${mmcdev} ...; env import -t ${loadaddr} ${filesize}
ipaddr=192.168.0.93
kernel_addr_r=0x82000000
loadaddr=0x82000000
loadbootenv=fatload mmc ${mmcdev} ${loadaddr} uEnv.txt
loadbootscript=fatload mmc ${mmcdev} ${loadaddr} boot.scr
loadfdt=load mmc ${bootpart} ${fdtaddr} ${bootdir}/${fdtfile};
loadimage=load mmc ${bootpart} ${loadaddr} ${bootdir}/${bootfile}
mmcargs=setenv bootargs console=${console} ${optargs} vram=${vram} root=${mmcroot} rootfstype=${mmcrootfstype}
mmcboot=mmc dev ${mmcdev}; if mmc rescan; then echo SD/MMC found on device ${mmcdev};if run loadbootenv; then echo Loaded environment from ${bootenv};run importbootenv;fi;if test -n $uenvcmd; then echo Running uenvcmd ...;run uenvcmd;fi;if run loadimage; then run loadfdt; echo Booting from mmc${mmcdev} ...; run mmcargs; bootz ${loadaddr} - ${fdtaddr}; fi;fi;
mmcdev= 
mmcroot=/dev/mmcblk1p2 rw
mmcrootfstype=ext4 rootwait
mtdids=nand0=nand.0
mtdparts=mtdparts=nand.0:128k(NAND.SPL),128k(NAND.SPL.backup1),128k(NAND.SPL.backup2),128k(NAND.SPL.backup3),256k(NAND.u-boot-spl-os),1m(NAND.u-boot),128k(NAND.u-boot-env),128k(NAND.u-boot-env.backup1),8m(NAND.kernel),-(NAND.file-system)
nandargs=setenv bootargs console=${console} ${optargs} root=${nandroot} rootfstype=${nandrootfstype}
nandboot=echo Booting from nand ...; run nandargs; nand read ${fdtaddr} NAND.u-boot-spl-os; nand read ${loadaddr} NAND.kernel; bootz ${loadaddr} - ${fdtaddr}
nandroot=ubi0:rootfs rw ubi.mtd=NAND.file-system,2048
nandrootfstype=ubifs rootwait=1
netmask=255.255.255.0
partitions=uuid_disk=${uuid_gpt_disk};name=rootfs,start=2MiB,size=-,uuid=${uuid_gpt_rootfs}
ramdisk_addr_r=0x88080000
rdaddr=0x88080000
scsidevs=0
serverip=192.168.0.1
soc=omap5
stderr=serial
stdin=serial
stdout=serial
usbtty=cdc_acm
vendor=ti
ver=U-Boot 2014.07-00076-g8f725ef (Oct 09 2014 - 11:19:18)
vram=16M
Environment size: 3265/131067 bytes
U-Boot# 
- 06:59:48 [INFO] Host: setenv bootcmd ''${bootcmd}' if iminfo ${loadaddr}; then bootm ${loadaddr} - ${fdt_addr_r}; else bootz ${loadaddr} - ${fdt_addr_r}; bootm ${loadaddr} - ${fdt_addr_r}; fi'
- 06:59:48 [INFO] Target: 
setenv bootcmd ''${bootcmd}' if iminfo ${loadaddr}; then bootm ${loadaddr} - ${fdt_addr_r}; else bootz ${loadaddr} - ${fdt_addr_r}; bootm ${loadaddr} - ${fdt_addr_r}; fi'
U-Boot# 
- 06:59:48 [INFO] Host: bdinfo
- 06:59:48 [INFO] Target: 
bdinfo
arch_number = 0x00000000
boot_params = 0x80000100
DRAM bank   = 0x00000000
-> start    = 0x80000000
-> size     = 0x60000000
eth0name    = cpsw
ethaddr     = b4:99:4c:0b:e4:e6
current eth = cpsw
ip_addr     = 192.168.0.93
baudrate    = 115200 bps
TLB addr    = 0xDFFF0000
relocaddr   = 0xDF744000
reloc off   = 0x5EF44000
irq_sp      = 0xDE723EE0
sp start    = 0xDE723ED0
U-Boot# 
- 06:59:48 [INFO] Host: mmc rescan
- 06:59:48 [INFO] Target: 
mmc rescan
U-Boot# 
- 06:59:48 [INFO] Host: fatwrite mmc ${mmcdev}:1 ${loadaddr} ws-calibrate.rules 4
- 06:59:48 [INFO] Target: 
fatwrite mmc ${mmcdev}:1 ${loadaddr} ws-calibrate.rules 4
writing ws-calibrate.rules
4 bytes written
U-Boot# 
- 06:59:48 [INFO] Host: boot
- 07:00:02 [INFO] Target: 
boot
## Checking Image at 82000000 ...
Unknown image format!
Kernel image @ 0x82000000 [ 0x000000 - 0x5eecf0 ]
## Flattened Device Tree blob at 88000000
   Booting using the fdt blob at 0x88000000
   Loading Device Tree to 8ffea000, end 8ffff432 ... OK
Starting kernel ...
[    0.000000] Booting Linux on physical CPU 0x0
[    0.000000] Linux version 4.1.0-rc2-next-20150506-00002-g93e0a436ec76 (nmenon@kahuna) (gcc version 4.6.3 (Ubuntu/Linaro 4.6.3-1ubuntu5) ) #1 SMP Wed May 6 05:53:54 CDT 2015
[    0.000000] CPU: ARMv7 Processor [412fc0f2] revision 2 (ARMv7), cr=10c5387d
[    0.000000] CPU: PIPT / VIPT nonaliasing data cache, PIPT instruction cache
[    0.000000] Machine model: TI DRA742
[    0.000000] earlycon: no match for ttyO0,115200n8
[    0.000000] cma: Reserved 64 MiB at 0xdb800000
[    0.000000] Memory policy: Data cache writealloc
[    0.000000] DRA752 ES1.1
[    0.000000] PERCPU: Embedded 12 pages/cpu @eeb9c000 s17024 r8192 d23936 u49152
[    0.000000] Built 1 zonelists in Zone order, mobility grouping on.  Total pages: 391440
[    0.000000] Kernel command line: console=ttyO0,115200n8 earlyprintk rootwait  ip=dhcp  root=PARTUUID=00000000-02 rw rootfstype=ext4 rootwait 
[    0.000000] PID hash table entries: 4096 (order: 2, 16384 bytes)
[    0.000000] Dentry cache hash table entries: 131072 (order: 7, 524288 bytes)
[    0.000000] Inode-cache hash table entries: 65536 (order: 6, 262144 bytes)
[    0.000000] Memory: 1478940K/1571840K available (8042K kernel code, 1020K rwdata, 3588K rodata, 820K init, 317K bss, 27364K reserved, 65536K cma-reserved, 728064K highmem)
[    0.000000] Virtual kernel memory layout:
[    0.000000]     vector  : 0xffff0000 - 0xffff1000   (   4 kB)
[    0.000000]     fixmap  : 0xffc00000 - 0xfff00000   (3072 kB)
[    0.000000]     vmalloc : 0xf0000000 - 0xff000000   ( 240 MB)
[    0.000000]     lowmem  : 0xc0000000 - 0xef800000   ( 760 MB)
[    0.000000]     pkmap   : 0xbfe00000 - 0xc0000000   (   2 MB)
[    0.000000]     modules : 0xbf000000 - 0xbfe00000   (  14 MB)
[    0.000000]       .text : 0xc0208000 - 0xc0d64b90   (11635 kB)
[    0.000000]       .init : 0xc0d65000 - 0xc0e32000   ( 820 kB)
[    0.000000]       .data : 0xc0e32000 - 0xc0f31220   (1021 kB)
[    0.000000]        .bss : 0xc0f34000 - 0xc0f836a0   ( 318 kB)
[    0.000000] SLUB: HWalign=64, Order=0-3, MinObjects=0, CPUs=2, Nodes=1
[    0.000000] Hierarchical RCU implementation.
[    0.000000] 	Additional per-CPU info printed with stalls.
[    0.000000] 	Build-time adjustment of leaf fanout to 32.
[    0.000000] 	RCU restricting CPUs from NR_CPUS=16 to nr_cpu_ids=2.
[    0.000000] RCU: Adjusting geometry for rcu_fanout_leaf=32, nr_cpu_ids=2
[    0.000000] NR_IRQS:16 nr_irqs:16 16
[    0.000000] OMAP clockevent source: timer1 at 32768 Hz
[    0.000000] clocksource 32k_counter: mask: 0xffffffff max_cycles: 0xffffffff, max_idle_ns: 58327039986419 ns
[    0.000000] sched_clock: 32 bits at 32kHz, resolution 30517ns, wraps every 65535999984741ns
[    0.000000] OMAP clocksource: 32k_counter at 32768 Hz
[    0.000396] Architected cp15 timer(s) running at 6.14MHz (virt).
[    0.000427] clocksource arch_sys_counter: mask: 0xffffffffffffff max_cycles: 0x16af5adb9, max_idle_ns: 440795202250 ns
[    0.000431] sched_clock: 56 bits at 6MHz, resolution 162ns, wraps every 4398046511023ns
[    0.000441] Switching to timer-based delay loop, resolution 162ns
[    0.005046] Console: colour dummy device 80x30
[    0.005063] Calibrating delay loop (skipped), value calculated using timer frequency.. 12.29 BogoMIPS (lpj=30737)
[    0.005074] pid_max: default: 32768 minimum: 301
[    0.005156] Mount-cache hash table entries: 2048 (order: 1, 8192 bytes)
[    0.005165] Mountpoint-cache hash table entries: 2048 (order: 1, 8192 bytes)
[    0.005645] CPU: Testing write buffer coherency: ok
[    0.005823] /cpus/cpu@0 missing clock-frequency property
[    0.005856] /cpus/cpu@1 missing clock-frequency property
[    0.005866] CPU0: thread -1, cpu 0, socket 0, mpidr 80000000
[    0.005904] Setting up static identity map for 0x80209000 - 0x80209098
[    0.008848] CPU1: thread -1, cpu 1, socket 0, mpidr 80000001
[    0.008900] Brought up 2 CPUs
[    0.008912] SMP: Total of 2 processors activated (24.58 BogoMIPS).
[    0.008917] CPU: All CPU(s) started in SVC mode.
[    0.009255] devtmpfs: initialized
[    0.009873] VFP support v0.3: implementor 41 architecture 4 part 30 variant f rev 0
[    0.009923] omap_hwmod: l3_main_2 using broken dt data from ocp
[    0.093650] omap_hwmod: dss_core: _wait_target_disable failed
[    0.093659] omap_hwmod: dss_core: _wait_target_ready failed: -16
[    0.093667] omap_hwmod: dss_core: cannot be enabled for reset (3)
[    0.096175] omap_hwmod: dss_dispc: _wait_target_ready failed: -16
[    0.096184] omap_hwmod: dss_dispc: cannot be enabled for reset (3)
[    0.098685] omap_hwmod: dss_hdmi: _wait_target_ready failed: -16
[    0.098693] omap_hwmod: dss_hdmi: cannot be enabled for reset (3)
[    0.163338] clocksource jiffies: mask: 0xffffffff max_cycles: 0xffffffff, max_idle_ns: 9556302231375000 ns
[    0.164485] pinctrl core: initialized pinctrl subsystem
[    0.182392] NET: Registered protocol family 16
[    0.183895] DMA: preallocated 256 KiB pool for atomic coherent allocations
[    0.200531] cpuidle: using governor ladder
[    0.215547] cpuidle: using governor menu
[    0.220561] OMAP GPIO hardware version 0.1
[    0.224397] irq: no irq domain found for /ocp/l4@4a000000/scm@2000/pinmux@1400 !
[    0.228334] platform 4e000000.dmm: Cannot lookup hwmod 'dmm'
[    0.233867] omap-gpmc 50000000.gpmc: could not find pctldev for node /ocp/l4@4a000000/scm@2000/pinmux@1400/nand_flash_x16, deferring probe
[    0.236063] No ATAGs?
[    0.236087] hw-breakpoint: found 5 (+1 reserved) breakpoint and 4 watchpoint registers.
[    0.236094] hw-breakpoint: maximum watchpoint size is 8 bytes.
[    0.237498] OMAP DMA hardware revision 0.0
[    0.239898] Serial: AMBA PL011 UART driver
[    0.271846] omap-dma-engine 4a056000.dma-controller: OMAP DMA engine driver
[    0.274773] vgaarb: loaded
[    0.275294] SCSI subsystem initialized
[    0.275638] usbcore: registered new interface driver usbfs
[    0.275685] usbcore: registered new interface driver hub
[    0.275743] usbcore: registered new device driver usb
[    0.276384] omap_i2c 48070000.i2c: could not find pctldev for node /ocp/l4@4a000000/scm@2000/pinmux@1400/pinmux_i2c1_pins, deferring probe
[    0.276410] omap_i2c 48072000.i2c: could not find pctldev for node /ocp/l4@4a000000/scm@2000/pinmux@1400/pinmux_i2c2_pins, deferring probe
[    0.276432] omap_i2c 48060000.i2c: could not find pctldev for node /ocp/l4@4a000000/scm@2000/pinmux@1400/pinmux_i2c3_pins, deferring probe
[    0.277080] media: Linux media interface: v0.10
[    0.277124] Linux video capture interface: v2.00
[    0.277158] pps_core: LinuxPPS API ver. 1 registered
[    0.277164] pps_core: Software ver. 5.3.6 - Copyright 2005-2007 Rodolfo Giometti <giometti@linux.it>
[    0.277185] PTP clock support registered
[    0.277380] EDAC MC: Ver: 3.0.0
[    0.278467] Advanced Linux Sound Architecture Driver Initialized.
[    0.279242] Switched to clocksource arch_sys_counter
[    0.286695] NET: Registered protocol family 2
[    0.287054] TCP established hash table entries: 8192 (order: 3, 32768 bytes)
[    0.287116] TCP bind hash table entries: 8192 (order: 4, 65536 bytes)
[    0.287246] TCP: Hash tables configured (established 8192 bind 8192)
[    0.287287] UDP hash table entries: 512 (order: 2, 16384 bytes)
[    0.287317] UDP-Lite hash table entries: 512 (order: 2, 16384 bytes)
[    0.287436] NET: Registered protocol family 1
[    0.287600] RPC: Registered named UNIX socket transport module.
[    0.287607] RPC: Registered udp transport module.
[    0.287612] RPC: Registered tcp transport module.
[    0.287617] RPC: Registered tcp NFSv4.1 backchannel transport module.
[    0.288352] CPU PMU: Failed to parse /pmu/interrupt-affinity[0]
[    0.288380] hw perfevents: enabled with armv7_cortex_a15 PMU driver, 7 counters available
[    0.289828] futex hash table entries: 512 (order: 3, 32768 bytes)
[    0.298484] squashfs: version 4.0 (2009/01/31) Phillip Lougher
[    0.299192] NFS: Registering the id_resolver key type
[    0.299223] Key type id_resolver registered
[    0.299250] Key type id_legacy registered
[    0.299310] ntfs: driver 2.1.32 [Flags: R/O].
[    0.300170] bounce: pool size: 64 pages
[    0.300334] Block layer SCSI generic (bsg) driver version 0.4 loaded (major 248)
[    0.300350] io scheduler noop registered
[    0.300363] io scheduler deadline registered
[    0.300510] io scheduler cfq registered (default)
[    0.306762] pinctrl-single 4a003400.pinmux: 281 pins at pa fc003400 size 1124
[    0.359687] Serial: 8250/16550 driver, 4 ports, IRQ sharing disabled
[    0.361512] SuperH (H)SCI(F) driver initialized
[    0.362150] msm_serial: driver initialized
[    0.362813] 4806a000.serial: ttyO0 at MMIO 0x4806a000 (irq = 296, base_baud = 3000000) is a OMAP UART0
[    1.168444] console [ttyO0] enabled
[    1.172397] omap_uart 4806c000.serial: no wakeirq for uart1
[    1.178289] 4806c000.serial: ttyO1 at MMIO 0x4806c000 (irq = 297, base_baud = 3000000) is a OMAP UART1
[    1.188289] omap_uart 48020000.serial: no wakeirq for uart2
[    1.194174] 48020000.serial: ttyO2 at MMIO 0x48020000 (irq = 298, base_baud = 3000000) is a OMAP UART2
[    1.204194] STMicroelectronics ASC driver initialized
[    1.210738] [drm] Initialized drm 1.1.0 20060810
[    1.221414] loop: module loaded
[    1.225975] ahci 4a140000.sata: SSS flag set, parallel bus scan disabled
[    1.232995] ahci 4a140000.sata: AHCI 0001.0300 32 slots 1 ports 3 Gbps 0x1 impl platform mode
[    1.241912] ahci 4a140000.sata: flags: 64bit ncq sntf stag pm led clo only pmp pio slum part ccc apst 
[    1.252368] scsi host0: ahci
[    1.255612] ata1: SATA max UDMA/133 mmio [mem 0x4a140000-0x4a1410ff] port 0x100 irq 319
[    1.268910] CAN device driver interface
[    1.273974] igb: Intel(R) Gigabit Ethernet Network Driver - version 5.2.15-k
[    1.281341] igb: Copyright (c) 2007-2014 Intel Corporation.
[    1.288949] pegasus: v0.9.3 (2013/04/25), Pegasus/Pegasus II USB Ethernet driver
[    1.296715] usbcore: registered new interface driver pegasus
[    1.302682] usbcore: registered new interface driver asix
[    1.308364] usbcore: registered new interface driver ax88179_178a
[    1.314757] usbcore: registered new interface driver cdc_ether
[    1.320898] usbcore: registered new interface driver smsc75xx
[    1.326951] usbcore: registered new interface driver smsc95xx
[    1.332988] usbcore: registered new interface driver net1080
[    1.338935] usbcore: registered new interface driver cdc_subset
[    1.345154] usbcore: registered new interface driver zaurus
[    1.351047] usbcore: registered new interface driver cdc_ncm
[    1.358263] ehci_hcd: USB 2.0 'Enhanced' Host Controller (EHCI) Driver
[    1.365083] ehci-pci: EHCI PCI platform driver
[    1.369765] ehci-platform: EHCI generic platform driver
[    1.375400] ehci-omap: OMAP-EHCI Host Controller driver
[    1.380978] ehci-orion: EHCI orion driver
[    1.385286] SPEAr-ehci: EHCI SPEAr driver
[    1.389602] ehci-st: EHCI STMicroelectronics driver
[    1.394822] ehci-exynos: EHCI EXYNOS driver
[    1.399335] tegra-ehci: Tegra EHCI driver
[    1.403656] ohci_hcd: USB 1.1 'Open' Host Controller (OHCI) Driver
[    1.410123] ohci-pci: OHCI PCI platform driver
[    1.414801] ohci-platform: OHCI generic platform driver
[    1.420406] ohci-omap3: OHCI OMAP3 driver
[    1.424721] SPEAr-ohci: OHCI SPEAr driver
[    1.429018] ohci-st: OHCI STMicroelectronics driver
[    1.434303] usbcore: registered new interface driver usb-storage
[    1.441790] mousedev: PS/2 mouse device common for all mice
[    1.450666] i2c /dev entries driver
[    1.456057] usbcore: registered new interface driver uvcvideo
[    1.462064] USB Video Class driver (1.1.1)
[    1.466351] gspca_main: v2.14.0 registered
[    1.474345] sdhci: Secure Digital Host Controller Interface driver
[    1.480804] sdhci: Copyright(c) Pierre Ossman
[    1.486345] omap_hsmmc 4809c000.mmc: unable to get vmmc regulator -517
[    1.519822] Synopsys Designware Multimedia Card Interface Driver
[    1.527025] sdhci-pltfm: SDHCI platform and OF driver helper
[    1.534342] ledtrig-cpu: registered to indicate activity on CPUs
[    1.540779] usbcore: registered new interface driver usbhid
[    1.546615] usbhid: USB HID core driver
[    1.553367] usbcore: registered new interface driver snd-usb-audio
[    1.562109] NET: Registered protocol family 17
[    1.566764] can: controller area network core (rev 20120528 abi 9)
[    1.567969] mmc0: MAN_BKOPS_EN bit is not set
[    1.571181] mmc0: new high speed MMC card at address 0001
[    1.571459] mmcblk0: mmc0:0001 MMC08G 7.25 GiB 
[    1.571554] mmcblk0boot0: mmc0:0001 MMC08G partition 1 8.00 MiB
[    1.571645] mmcblk0boot1: mmc0:0001 MMC08G partition 2 8.00 MiB
[    1.573725]  mmcblk0: p1 p2 p3
[    1.599259] ata1: SATA link down (SStatus 0 SControl 300)
[    1.609337] NET: Registered protocol family 29
[    1.613972] can: raw protocol (rev 20120528)
[    1.618432] can: broadcast manager protocol (rev 20120528 t)
[    1.624352] can: netlink gateway (rev 20130117) max_hops=1
[    1.630383] Key type dns_resolver registered
[    1.634986] omap_voltage_late_init: Voltage driver support not added
[    1.642072] Power Management for TI OMAP4+ devices.
[    1.647355] ThumbEE CPU extension supported.
[    1.651866] Registering SWP/SWPB emulation handler
[    1.658038] omap-gpmc 50000000.gpmc: GPMC revision 6.0
[    1.664553] palmas 0-0058: IRQ missing: skipping irq request
[    1.689566] palmas 0-0058: Muxing GPIO 2e, PWM 0, LED 0
[    1.715803] pcf857x 0-0021: probed
[    1.719426] omap_i2c 48070000.i2c: bus 0 rev0.12 at 400 kHz
[    1.725881] omap_i2c 48072000.i2c: bus 1 rev0.12 at 400 kHz
[    1.732301] omap_i2c 48060000.i2c: bus 2 rev0.12 at 400 kHz
[    1.829248] davinci_mdio 48485000.mdio: davinci mdio revision 1.6
[    1.835649] davinci_mdio 48485000.mdio: detected phy mask fffffff3
[    1.846273] libphy: 48485000.mdio: probed
[    1.850499] davinci_mdio 48485000.mdio: phy[2]: device 48485000.mdio:02, driver unknown
[    1.858910] davinci_mdio 48485000.mdio: phy[3]: device 48485000.mdio:03, driver unknown
[    1.867908] cpsw 48484000.ethernet: Detected MACID = b4:99:4c:0b:e4:e6
[    1.875286] cpsw 48484000.ethernet: cpsw: Detected MACID = b4:99:4c:0b:e4:e7
[    1.883202] hctosys: unable to open rtc device (rtc0)
[    1.894548] mmc1: host does not support reading read-only switch, assuming write-enable
[    1.897647] net eth0: initializing cpsw version 1.15 (0)
[    1.912519] mmc1: new high speed SDHC card at address e624
[    1.918499] mmcblk1: mmc1:e624 SU04G 3.69 GiB 
[    1.925492]  mmcblk1: p1 p2 p3
[    1.968294] net eth0: phy found : id is : 0x20005c7a
[    1.977661] net eth1: initializing cpsw version 1.15 (0)
[    2.053053] net eth1: phy found : id is : 0x20005c7a
[    5.986340] cpsw 48484000.ethernet eth0: Link is Up - 1Gbps/Full - flow control rx/tx
[    6.009252] Sending DHCP requests ., OK
[    6.074251] IP-Config: Got DHCP answer from 192.168.0.1, my address is 192.168.0.93
[    6.086281] IP-Config: Complete:
[    6.089688]      device=eth0, hwaddr=b4:99:4c:0b:e4:e6, ipaddr=192.168.0.93, mask=255.255.255.0, gw=192.168.0.1
[    6.100288]      host=192.168.0.93, domain=ti.com, nis-domain=(none)
[    6.106967]      bootserver=192.168.0.1, rootserver=192.168.0.1, rootpath=
[    6.114009]      nameserver0=192.0.2.2, nameserver1=192.0.2.3
[    6.120519] ldousb: disabling
[    6.124075] ALSA device list:
[    6.127201]   No soundcards found.
[    6.147218] EXT4-fs (mmcblk1p2): warning: maximal mount count reached, running e2fsck is recommended
[    6.170642] EXT4-fs (mmcblk1p2): mounted filesystem with ordered data mode. Opts: (null)
[    6.179168] VFS: Mounted root (ext4 filesystem) on device 179:50.
[    6.196912] devtmpfs: mounted
[    6.200483] Freeing unused kernel memory: 820K (c0d65000 - c0e32000)
INIT: version 2.88 booting
Error opening /dev/fb0: No such file or directory
Starting udev
[    6.655450] udevd[88]: starting version 182
[    8.002640] FAT-fs (mmcblk0p1): Volume was not properly unmounted. Some data may be corrupt. Please run fsck.
[    8.057388] FAT-fs (mmcblk0p2): Volume was not properly unmounted. Some data may be corrupt. Please run fsck.
[    8.080921] EXT4-fs (mmcblk1p3): mounted filesystem without journal. Opts: (null)
[    8.106680] FAT-fs (mmcblk1p1): Volume was not properly unmounted. Some data may be corrupt. Please run fsck.
depmod: ERROR: could not open directory /lib/modules/4.1.0-rc2-next-20150506-00002-g93e0a436ec76: No such file or directory
depmod: WARNING: -e needs -E or -F
depmod: ERROR: could not open directory /lib/modules/4.1.0-rc2-next-20150506-00002-g93e0a436ec76: No such file or directory
depmod: FATAL: could not search modules: No such file or directory
[    8.215459] EXT4-fs (mmcblk1p2): re-mounted. Opts: data=ordered
Starting Bootlog daemon: bootlogd.
[    8.280061] random: dd urandom read with 68 bits of entropy available
Populating dev cache
ALSA: Restoring mixer settings...
hwclock: can't open '/dev/misc/rtc': No such file or directory
Sat Nov  8 16:31:00 UTC 2014
hwclock: can't open '/dev/misc/rtc': No such file or directory
INIT: Entering runlevel: 5
Configuring network interfaces... udhcpc (v1.22.1) started
Sending discover...
Sending select for 192.168.0.239...
Lease of 192.168.0.239 obtained, lease time 600
/etc/udhcpc.d/50default: Adding DNS 192.0.2.2
/etc/udhcpc.d/50default: Adding DNS 192.0.2.3
done.
Starting system message bus: dbus.
Starting Dropbear SSH server: dropbear.
Starting telnet daemon.
Starting rpcbind daemon...rpcbind: cannot create socket for udp6
rpcbind: cannot create socket for tcp6
done.
creating NFS state directory: done
starting statd: done
hwclock: can't open '/dev/misc/rtc': No such file or directory
Starting syslogd/klogd: done
Starting thttpd.
Starting Lighttpd Web Server: lighttpd.
2014-11-08 16:31:01: (/scratch/jenkins/coresdk-nightly-build/build-CORTEX_1/arago-tmp-external-linaro-toolchain/work/cortexa15t2hf-vfp-neon-oe-linux-gnueabi/lighttpd/1.4.33-r1/lighttpd-1.4.33/src/log.c.166) server started 
Starting Matrix GUI application.
[   11.237549] random: nonblocking pool is initialized
***************************************************************
***************************************************************
NOTICE: This file system contains the followin GPLv3 packages:
	binutils
	elfutils
	gdbserver
	libdw1
	libelf1
	parted
If you do not wish to distribute GPLv3 components please remove
the above packages prior to distribution.  This can be done using
the opkg remove command.  i.e.:
    opkg remove <package>
Where <package> is the name printed in the list above
NOTE: If the package is a dependency of another package you
      will be notified of the dependent packages.  You should
      use the --force-removal-of-dependent-packages option to
      also remove the dependent packages as well
***************************************************************
***************************************************************
Stopping Bootlog daemon: bootlogd.
 _____                    _____           _         _   
|  _  |___ ___ ___ ___   |  _  |___ ___  |_|___ ___| |_ 
|     |  _| .'| . | . |  |   __|  _| . | | | -_|  _|  _|
|__|__|_| |__,|_  |___|  |__|  |_| |___|_| |___|___|_|  
              |___|                    |___|            
Arago Project http://arago-project.org dra7xx-evm /dev/ttyO0
Arago 2014.08 dra7xx-evm /dev/ttyO0
dra7xx-evm login: 
- 07:00:02 [INFO] Host: root
- 07:00:02 [INFO] Target: 
root
root@dra7xx-evm:~# 
- 07:00:02 [INFO] Host: uname -a
- 07:00:02 [INFO] Target: 
uname -a
Linux dra7xx-evm 4.1.0-rc2-next-20150506-00002-g93e0a436ec76 #1 SMP Wed May 6 05:53:54 CDT 2015 armv7l GNU/Linux
root@dra7xx-evm:~# 
- 07:00:02 [INFO] Host: cat /proc/cmdline
- 07:00:02 [INFO] Target: 
cat /proc/cmdline
console=ttyO0,115200n8 earlyprintk rootwait  ip=dhcp  root=PARTUUID=00000000-02 rw rootfstype=ext4 rootwait 
root@dra7xx-evm:~# 
- 07:00:02 [INFO] Host: uname -a
- 07:00:02 [INFO] Target: 
uname -a
Linux dra7xx-evm 4.1.0-rc2-next-20150506-00002-g93e0a436ec76 #1 SMP Wed May 6 05:53:54 CDT 2015 armv7l GNU/Linux
root@dra7xx-evm:~# 
- 07:00:02 [INFO] Host: cat /proc/mtd
- 07:00:02 [INFO] Target: 
cat /proc/mtd
dev:    size   erasesize  name
root@dra7xx-evm:~# 
- 07:00:11 [INFO] Host: export IPERFHOST=192.168.0.1
- 07:00:11 [INFO] Target: 
export IPERFHOST=192.168.0.1
root@dra7xx-evm:~# 
- 07:00:11 [INFO] Host: export NFS_SERVER=192.168.0.1
- 07:00:11 [INFO] Target: 
export NFS_SERVER=192.168.0.1
root@dra7xx-evm:~# 
- 07:00:11 [INFO] Host: export NFS_ROOT_PATH=/home/tigtfarm07/NFS_exports/dra7xx-evm1
- 07:00:11 [INFO] Target: 
export NFS_ROOT_PATH=/home/tigtfarm07/NFS_exports/dra7xx-evm1 
[Aroot@dra7xx-evm:~# export NFS_ROOT_PATH=/home/tigtfarm07/NFS_exports/dra7xx-evm[K1
root@dra7xx-evm:~# 
- 07:00:11 [INFO] Host: mkdir -p -m 777 /test
- 07:00:11 [INFO] Target: 
mkdir -p -m 777 /test
root@dra7xx-evm:~# 
- 07:00:11 [INFO] Host: cd /test
- 07:00:11 [INFO] Target: 
cd /test
root@dra7xx-evm:/test# 
- 07:00:11 [INFO] Host: cat > test.sh << EOF
- 07:00:11 [INFO] Target: 
cat > test.sh << EOF
- 07:00:11 [INFO] Host: failtest() {
- 07:00:12 [INFO] Target: 
failtest() {
- 07:00:12 [INFO] Host:   echo 1 >&3
- 07:00:12 [INFO] Target: 
  echo 1 >&3
- 07:00:12 [INFO] Host: }
- 07:00:12 [INFO] Target: 
- 07:00:12 [INFO] Host: timeout=600
- 07:00:12 [INFO] Target: 
timeout=600
- 07:00:12 [INFO] Host: 
- 07:00:12 [INFO] Target: 
- 07:00:12 [INFO] Host: # Start of user's script logic
- 07:00:12 [INFO] Target: 
# Start of user's script logic
- 07:00:12 [INFO] Host: 
- 07:00:12 [INFO] Target: 
- 07:00:12 [INFO] Host: 
- 07:00:12 [INFO] Target: 
- 07:00:12 [INFO] Host: mount -t proc proc /proc 2>/dev/null;
- 07:00:12 [INFO] Target: 
mount -t proc proc /proc 2>/dev/null;
- 07:00:12 [INFO] Host: 
- 07:00:12 [INFO] Target: 
- 07:00:12 [INFO] Host: mount -t sysfs sys /sys 2>/dev/null;
- 07:00:13 [INFO] Target: 
mount -t sysfs sys /sys 2>/dev/null;
- 07:00:13 [INFO] Host: 
- 07:00:13 [INFO] Target: 
- 07:00:13 [INFO] Host: mount -t debugfs none /sys/kernel/debug 2>/dev/null;
- 07:00:13 [INFO] Target: 
mount -t debugfs none /sys/kernel/debug 2>/dev/null;
- 07:00:13 [INFO] Host: 
- 07:00:13 [INFO] Target: 
- 07:00:13 [INFO] Host: echo 'cpuinfo:';cat /proc/cpuinfo; echo '=======';
- 07:00:13 [INFO] Target: 
echo 'cpuinfo:';cat /proc/cpuinfo; echo '=======';
- 07:00:13 [INFO] Host: 
- 07:00:13 [INFO] Target: 
- 07:00:13 [INFO] Host: echo 'soc info:';head /sys/devices/soc0/* 2>/dev/null; echo '=======';
- 07:00:13 [INFO] Target: 
echo 'soc info:';head /sys/devices/soc0/* 2>/dev/null; echo '=======';
- 07:00:13 [INFO] Host: 
- 07:00:13 [INFO] Target: 
- 07:00:13 [INFO] Host: echo 'DT Model info'; head /proc/device-tree/name /proc/device-tree/model /proc/device-tree/compatible 2>/dev/null;echo; echo '=======';
- 07:00:13 [INFO] Target: 
echo 'DT Model info'; head /proc/device-tree/name /proc/device-tree/model /pro 
c/device-tree/compatible 2>/dev/null;echo; echo '=======';
- 07:00:13 [INFO] Host: 
- 07:00:13 [INFO] Target: 
- 07:00:13 [INFO] Host: echo 'interrupts:';cat /proc/interrupts; echo '=======';
- 07:00:14 [INFO] Target: 
echo 'interrupts:';cat /proc/interrupts; echo '=======';
- 07:00:14 [INFO] Host: 
- 07:00:14 [INFO] Target: 
- 07:00:14 [INFO] Host: echo 'Clk_summary:';cat /sys/kernel/debug/clk/clk_summary; echo '=======';
- 07:00:14 [INFO] Target: 
echo 'Clk_summary:';cat /sys/kernel/debug/clk/clk_summary; echo '=======';
- 07:00:14 [INFO] Host: 
- 07:00:14 [INFO] Target: 
- 07:00:14 [INFO] Host: echo 'Orphan Clks:';ls /sys/kernel/debug/clk/orphans/; echo '=======';
- 07:00:14 [INFO] Target: 
echo 'Orphan Clks:';ls /sys/kernel/debug/clk/orphans/; echo '=======';
- 07:00:14 [INFO] Host: 
- 07:00:14 [INFO] Target: 
- 07:00:14 [INFO] Host: echo "Available frequencies"; cat /sys/devices/system/cpu/cpu0/cpufreq/scaling_available_frequencies 2>/dev/null;echo '=======';
- 07:00:14 [INFO] Target: 
echo "Available frequencies"; cat /sys/devices/system/cpu/cpu0/cpufreq/scaling 
_available_frequencies 2>/dev/null;echo '=======';
- 07:00:14 [INFO] Host: 
- 07:00:14 [INFO] Target: 
- 07:00:14 [INFO] Host: echo 'H''ello World' 'B''oard Booted';
- 07:00:14 [INFO] Target: 
echo 'H''ello World' 'B''oard Booted';
- 07:00:14 [INFO] Host: 
- 07:00:14 [INFO] Target: 
- 07:00:14 [INFO] Host: EOF
- 07:00:15 [INFO] Target: 
root@dra7xx-evm:/test# 
- 07:00:15 [INFO] Host: cd /test
- 07:00:15 [INFO] Target: 
cd /test
root@dra7xx-evm:/test# 
- 07:00:15 [INFO] Host: chmod +x test.sh
- 07:00:15 [INFO] Target: 
chmod +x test.sh
root@dra7xx-evm:/test# 
- 07:00:15 [INFO] Host: ./test.sh 2> stderr.log > stdout.log 3> result.log
- 07:00:15 [INFO] Target: 
./test.sh 2> stderr.log > stdout.log 3> result.log
root@dra7xx-evm:/test# 
- 07:00:15 [INFO] Host: echo $?
- 07:00:15 [INFO] Target: 
echo $?
root@dra7xx-evm:/test# 
- 07:00:15 [INFO] Host: cd /test
- 07:00:15 [INFO] Target: 
cd /test
root@dra7xx-evm:/test# 
- 07:00:15 [INFO] Host: cat stdout.log
- 07:00:17 [INFO] Target: 
cat stdout.log
cpuinfo:
processor	: 0
model name	: ARMv7 Processor rev 2 (v7l)
BogoMIPS	: 12.29
Features	: half thumb fastmult vfp edsp thumbee neon vfpv3 tls vfpv4 idiva idivt vfpd32 lpae evtstrm 
CPU implementer	: 0x41
CPU architecture: 7
CPU variant	: 0x2
CPU part	: 0xc0f
CPU revision	: 2
processor	: 1
model name	: ARMv7 Processor rev 2 (v7l)
BogoMIPS	: 12.29
Features	: half thumb fastmult vfp edsp thumbee neon vfpv3 tls vfpv4 idiva idivt vfpd32 lpae evtstrm 
CPU implementer	: 0x41
CPU architecture: 7
CPU variant	: 0x2
CPU part	: 0xc0f
CPU revision	: 2
Hardware	: Generic DRA74X (Flattened Device Tree)
Revision	: 0000
Serial		: 0000000000000000
=======
soc info:
==> /sys/devices/soc0/family <==
DRA7
==> /sys/devices/soc0/machine <==
DRA752
==> /sys/devices/soc0/power <==
==> /sys/devices/soc0/revision <==
ES1.1
==> /sys/devices/soc0/subsystem <==
==> /sys/devices/soc0/type <==
==> /sys/devices/soc0/uevent <==
=======
DT Model info
==> /proc/device-tree/name <==
==> /proc/device-tree/model <==
TI DRA742
==> /proc/device-tree/compatible <==
ti,dra7-evmti,dra742ti,dra74ti,dra7
=======
interrupts:
           CPU0       CPU1       
 16:          0          0      CBAR  32 Edge      gp_timer
 19:       1683       1494       GIC  27 Edge      arch_timer
 22:          0          0      CBAR   4 Edge      l3-dbg-irq
 23:          0          0     WUGEN  10 Edge      l3-app-irq
 29:       4559          0      CBAR   8 Edge      omap-dma-engine
209:          0          0  4805d000.gpio  11 Edge      0-0021
296:       4695          0      CBAR  67 Edge      OMAP UART0
311:        402          0      CBAR  51 Edge      48070000.i2c
312:          0          0      CBAR  52 Edge      48072000.i2c
313:          0          0      CBAR  56 Edge      48060000.i2c
314:       5764          0      CBAR  78 Edge      mmc1
315:       1100          0      CBAR  81 Edge      mmc0
319:          0          0      CBAR  49 Edge      4a140000.sata
324:          0          0      CBAR  15 Edge      gpmc
326:         24          0      CBAR 335 Edge      48484000.ethernet
327:         12          0      CBAR 336 Edge      48484000.ethernet
341:          1          0      PRCM Edge      pinctrl
396:          1          0   pinctrl 992 Edge      OMAP UART0
IPI0:          0          1  CPU wakeup interrupts
IPI1:          0          0  Timer broadcast interrupts
IPI2:       2667       3041  Rescheduling interrupts
IPI3:          0          0  Function call interrupts
IPI4:         46        102  Single function call interrupts
IPI5:          0          0  CPU stop interrupts
IPI6:          1          0  IRQ work interrupts
IPI7:          0          0  completion interrupts
Err:          0
=======
Clk_summary:
   clock                         enable_cnt  prepare_cnt        rate   accuracy   phase
----------------------------------------------------------------------------------------
 dummy_ck                                 0            0           0          0 0  
 video2_m2_clkin_ck                       0            0           0          0 0  
    video2_dclk_div                       0            0           0          0 0  
 video2_clkin_ck                          0            0           0          0 0  
    video2_div_clk                        0            0           0          0 0  
    video2_clk2_div                       0            0           0          0 0  
 video1_m2_clkin_ck                       0            0           0          0 0  
    video1_dclk_div                       0            0           0          0 0  
 video1_clkin_ck                          0            0           0          0 0  
    video1_div_clk                        0            0           0          0 0  
    video1_clk2_div                       0            0           0          0 0  
 usb_otg_clkin_ck                         0            0           0          0 0  
    usb_otg_dclk_div                      0            0           0          0 0  
 sys_clkin2                               0            0    22579200          0 0  
    abe_dpll_sys_clk_mux                  0            0    22579200          0 0  
       abe_dpll_clk_mux                   0            0    22579200          0 0  
          dpll_abe_ck                     0            0   180633600          0 0  
             dpll_abe_m2_ck               0            0   180633600          0 0  
                per_abe_x1_gfclk2_div           0            0   180633600          0 0  
                   mcasp8_aux_gfclk_mux           0            0   180633600          0 0  
                   mcasp7_aux_gfclk_mux           0            0   180633600          0 0  
                   mcasp6_aux_gfclk_mux           0            0   180633600          0 0  
                   mcasp5_aux_gfclk_mux           0            0   180633600          0 0  
                   mcasp4_aux_gfclk_mux           0            0   180633600          0 0  
                   mcasp3_aux_gfclk_mux           0            0   180633600          0 0  
                   mcasp2_aux_gfclk_mux           0            0   180633600          0 0  
                   mcasp1_aux_gfclk_mux           0            0   180633600          0 0  
                per_abe_x1_dclk_div           0            0   180633600          0 0  
             dpll_abe_x2_ck               0            0   361267200          0 0  
                dpll_abe_m3x2_ck           0            0   180633600          0 0  
                   usb_dpll_hs_clk_div           0            0    60211200          0 0  
                   per_dpll_hs_clk_div           0            0    90316800          0 0  
                dpll_abe_m2x2_ck           0            0   361267200          0 0  
                   abe_lp_clk_div           0            0    22579200          0 0  
                   abe_24m_fclk           0            0    45158400          0 0  
                      mcasp8_ahclk_mux           0            0    45158400          0 0  
                      mcasp7_ahclkx_mux           0            0    45158400          0 0  
                      mcasp6_ahclkx_mux           0            0    45158400          0 0  
                      mcasp5_ahclkx_mux           0            0    45158400          0 0  
                      mcasp4_ahclkx_mux           0            0    45158400          0 0  
                      mcasp3_ahclkx_mux           0            0    45158400          0 0  
                      mcasp2_ahclkx_mux           0            0    45158400          0 0  
                      mcasp2_ahclkr_mux           0            0    45158400          0 0  
                      mcasp1_ahclkx_mux           0            0    45158400          0 0  
                      mcasp1_ahclkr_mux           0            0    45158400          0 0  
                   ipu1_gfclk_mux           0            0   361267200          0 0  
                   abe_clk                0            0   361267200          0 0  
                      aess_fclk           0            0   361267200          0 0  
                         abe_giclk_div           0            0   361267200          0 0  
       abe_dpll_bypass_clk_mux            0            0    22579200          0 0  
    sys_clk2_dclk_div                     0            0    22579200          0 0  
 virt_38400000_ck                         0            0    38400000          0 0  
 virt_27000000_ck                         0            0    27000000          0 0  
 virt_26000000_ck                         0            0    26000000          0 0  
 virt_20000000_ck                         1            1    20000000          0 0  
    sys_clkin1                            8           14    20000000          0 0  
       wkupaon_iclk_mux                   9           12    20000000          0 0  
          l3instr_ts_gclk_div             0            0      625000          0 0  
       sata_ref_clk                       2            2    20000000          0 0  
       dpll_usb_ck                        1            1   960000000          0 0  
          dpll_usb_clkdcoldo              1            1   960000000          0 0  
             l3init_960m_gfclk            1            2   960000000          0 0  
                usb_otg_ss2_refclk960m           0            2   960000000          0 0  
                usb_otg_ss1_refclk960m           1            3   960000000          0 0  
          dpll_usb_m2_ck                  0            0   480000000          0 0  
             l3init_480m_dclk_div           0            0   480000000          0 0  
             l3init_60m_fclk              0            0    60000000          0 0  
       dpll_usb_byp_mux                   0            0    20000000          0 0  
       dpll_per_ck                        1            1   384000000          0 0  
          dpll_per_x2_ck                  1            3   768000000          0 0  
             dpll_per_m2x2_ck             1            5   192000000          0 0  
                mmc2_fclk_mux             0            1   192000000          0 0  
                   mmc2_fclk_div           0            1    96000000          0 0  
                mmc1_fclk_mux             0            1   192000000          0 0  
                   mmc1_fclk_div           0            1    96000000          0 0  
                func_96m_fclk             0            5    96000000          0 0  
                func_48m_fclk             4           18    48000000          0 0  
                   uart6_gfclk_mux           0            1    48000000          0 0  
                   uart10_gfclk_mux           0            1    48000000          0 0  
                   uart9_gfclk_mux           0            1    48000000          0 0  
                   uart8_gfclk_mux           0            1    48000000          0 0  
                   uart7_gfclk_mux           0            1    48000000          0 0  
                   uart5_gfclk_mux           0            1    48000000          0 0  
                   uart4_gfclk_mux           0            1    48000000          0 0  
                   uart3_gfclk_mux           1            1    48000000          0 0  
                   uart2_gfclk_mux           1            1    48000000          0 0  
                   uart1_gfclk_mux           1            1    48000000          0 0  
                   mmc4_gfclk_mux           0            1    48000000          0 0  
                      mmc4_gfclk_div           0            1    48000000          0 0  
                   mmc3_gfclk_mux           0            1    48000000          0 0  
                      mmc3_gfclk_div           0            1    48000000          0 0  
                   dss_48mhz_clk           0            2    48000000          0 0  
                func_12m_fclk             0            1    12000000          0 0  
             dpll_per_h14x2_ck            0            0   384000000          0 0  
             dpll_per_h13x2_ck            0            1   192000000          0 0  
                qspi_gfclk_mux            0            1   192000000          0 0  
                   qspi_gfclk_div           0            1   192000000          0 0  
             dpll_per_h12x2_ck            0            1   192000000          0 0  
                dss_dss_clk               0            3   192000000          0 0  
             dpll_per_h11x2_ck            0            0   256000000          0 0  
                func_128m_clk             0            0   128000000          0 0  
          dpll_per_m2_ck                  0            0    96000000          0 0  
             func_24m_clk                 0            0    24000000          0 0  
             func_96m_aon_dclk_div           0            0    96000000          0 0  
       dpll_per_byp_mux                   0            0    20000000          0 0  
       dpll_pcie_ref_ck                   1            1  1500000000          0 0  
          dpll_pcie_ref_m2_ck             0            0  1500000000          0 0  
             pcie2_dclk_div               0            0  1500000000          0 0  
          dpll_pcie_ref_m2ldo_ck           1            1   100000000          0 0  
             apll_pcie_in_clk_mux           1            1   100000000          0 0  
                apll_pcie_ck              2            2   100000000          0 0  
                   apll_pcie_m2_ck           0            0   100000000          0 0  
                      pcie_dclk_div           0            0   100000000          0 0  
                   apll_pcie_clkvcoldo_div           0            0   100000000          0 0  
                   apll_pcie_clkvcoldo           0            0   100000000          0 0  
                   optfclk_pciephy2_clk           0            0   100000000          0 0  
                   optfclk_pciephy1_clk           1            1   100000000          0 0  
                   optfclk_pciephy_div           1            1   100000000          0 0  
                      optfclk_pciephy2_div_clk           0            0   100000000          0 0  
                      optfclk_pciephy1_div_clk           1            1   100000000          0 0  
       dpll_eve_byp_mux                   0            0    20000000          0 0  
          dpll_eve_ck                     0            0    20000000          0 0  
             dpll_eve_m2_ck               0            0    20000000          0 0  
                eve_clk                   0            0    20000000          0 0  
                eve_dclk_div              0            0    20000000          0 0  
       dpll_gmac_ck                       3            3  1000000000          0 0  
          dpll_gmac_x2_ck                 0            0  2000000000          0 0  
             dpll_gmac_m3x2_ck            0            0   200000000          0 0  
             dpll_gmac_h13x2_ck           0            0   200000000          0 0  
             dpll_gmac_h12x2_ck           0            0   250000000          0 0  
             dpll_gmac_h11x2_ck           0            0    50000000          0 0  
                gmii_m_clk_div            0            0    25000000          0 0  
          dpll_gmac_m2_ck                 0            0   250000000          0 0  
             gmac_250m_dclk_div           0            0   250000000          0 0  
             gmac_gmii_ref_clk_div           0            0   125000000          0 0  
       dpll_gmac_byp_mux                  0            0    20000000          0 0  
       dpll_ddr_ck                        0            0  1064000000          0 0  
          dpll_ddr_x2_ck                  0            0  2128000000          0 0  
             dpll_ddr_h11x2_ck            0            0   266000000          0 0  
          dpll_ddr_m2_ck                  0            0   532000000          0 0  
             emif_phy_dclk_div            0            0   532000000          0 0  
       dpll_ddr_byp_mux                   0            0    20000000          0 0  
       dpll_gpu_byp_mux                   0            0    20000000          0 0  
          dpll_gpu_ck                     0            0    20000000          0 0  
             dpll_gpu_m2_ck               0            0    20000000          0 0  
                gpu_dclk                  0            0    20000000          0 0  
       dpll_iva_byp_mux                   0            0    20000000          0 0  
          dpll_iva_ck                     0            0    20000000          0 0  
             dpll_iva_m2_ck               0            0    20000000          0 0  
                iva_dclk                  0            0    20000000          0 0  
       dpll_dsp_byp_mux                   0            0    20000000          0 0  
          dpll_dsp_ck                     0            0    20000000          0 0  
             dpll_dsp_x2_ck               0            0    20000000          0 0  
                dpll_dsp_m3x2_ck           0            0    20000000          0 0  
             dpll_dsp_m2_ck               0            0    20000000          0 0  
                dsp_gclk_div              0            0    20000000          0 0  
       dpll_mpu_ck                        1            1  1000000000          0 0  
          dpll_mpu_m2_ck                  1            1  1000000000          0 0  
             mpu_dclk_div                 0            0  1000000000          0 0  
       dpll_core_ck                       1            1  1064000000          0 0  
          dpll_core_m2_ck                 0            0   532000000          0 0  
             core_dpll_out_dclk_div           0            0   532000000          0 0  
          dpll_core_x2_ck                 2            3  2128000000          0 0  
             dpll_core_h24x2_ck           0            1   354666667          0 0  
             dpll_core_h23x2_ck           0            0   532000000          0 0  
             dpll_core_h22x2_ck           0            0   425600000          0 0  
             dpll_core_h14x2_ck           0            0   425600000          0 0  
                gpu_hyd_gclk_mux           0            0   425600000          0 0  
                gpu_core_gclk_mux           0            0   425600000          0 0  
             dpll_core_h13x2_ck           4            8    34322581          0 0  
             dpll_core_h12x2_ck           1            1   532000000          0 0  
                l3_iclk_div              89          100   266000000          0 0  
                   vip3_gclk_mux           0            0   266000000          0 0  
                   vip2_gclk_mux           0            0   266000000          0 0  
                   vip1_gclk_mux           0            0   266000000          0 0  
                   gmac_rft_clk_mux           0            0   266000000          0 0  
                   atl_gfclk_mux           0            1   266000000          0 0  
                      atl_clkin3_ck           0            0   266000000          0 0  
                      atl_clkin2_ck           0            0   266000000          0 0  
                      atl_clkin1_ck           0            0   266000000          0 0  
                      atl_clkin0_ck           0            0   266000000          0 0  
                   l4_root_clk_div           9           11   133000000          0 0  
                eve_dpll_hs_clk_div           0            0   532000000          0 0  
                iva_dpll_hs_clk_div           0            0   532000000          0 0  
                dsp_dpll_hs_clk_div           0            0   532000000          0 0  
                mpu_dpll_hs_clk_div           0            0   532000000          0 0  
       dpll_core_byp_mux                  0            0    20000000          0 0  
       dcan1_sys_clk_mux                  0            1    20000000          0 0  
       video2_dpll_clk_mux                0            1    20000000          0 0  
          dss_video2_clk                  0            1    20000000          0 0  
       video1_dpll_clk_mux                0            1    20000000          0 0  
          dss_video1_clk                  0            1    20000000          0 0  
       timer_sys_clk_div                  0           14    20000000          0 0  
          timer9_gfclk_mux                0            1    20000000          0 0  
          timer4_gfclk_mux                0            1    20000000          0 0  
          timer3_gfclk_mux                0            1    20000000          0 0  
          timer2_gfclk_mux                0            1    20000000          0 0  
          timer16_gfclk_mux               0            1    20000000          0 0  
          timer15_gfclk_mux               0            1    20000000          0 0  
          timer14_gfclk_mux               0            1    20000000          0 0  
          timer13_gfclk_mux               0            1    20000000          0 0  
          timer11_gfclk_mux               0            1    20000000          0 0  
          timer10_gfclk_mux               0            1    20000000          0 0  
          timer8_gfclk_mux                0            1    20000000          0 0  
          timer7_gfclk_mux                0            1    20000000          0 0  
          timer6_gfclk_mux                0            1    20000000          0 0  
          timer5_gfclk_mux                0            1    20000000          0 0  
       hdmi_dpll_clk_mux                  0            1    20000000          0 0  
          dss_hdmi_clk                    0            2    20000000          0 0  
       custefuse_sys_gfclk_div            0            0    10000000          0 0  
       emu_dclk_div                       0            0    20000000          0 0  
       sata_dclk_div                      0            0    20000000          0 0  
       sys_clk1_dclk_div                  0            0    20000000          0 0  
          clkoutmux2_clk_mux              0            0    20000000          0 0  
             clkout2_clk                  0            0    20000000          0 0  
          clkoutmux1_clk_mux              0            0    20000000          0 0  
          clkoutmux0_clk_mux              0            0    20000000          0 0  
       adc_gfclk_mux                      0            0    20000000          0 0  
       abe_sys_clk_div                    0            0    20000000          0 0  
 virt_19200000_ck                         0            0    19200000          0 0  
 virt_16800000_ck                         0            0    16800000          0 0  
 virt_13000000_ck                         0            0    13000000          0 0  
 virt_12000000_ck                         0            0    12000000          0 0  
 sys_32k_ck                               3           20       32768          0 0  
    timer1_gfclk_mux                      1            1       32768          0 0  
    gpio1_dbclk                           0            1       32768          0 0  
    atl_dpll_clk_mux                      0            0       32768          0 0  
    usb_phy3_always_on_clk32k             1            1       32768          0 0  
    usb_phy2_always_on_clk32k             0            1       32768          0 0  
    usb_phy1_always_on_clk32k             0            1       32768          0 0  
    mmc4_clk32k                           0            1       32768          0 0  
    mmc3_clk32k                           0            1       32768          0 0  
    mmc2_clk32k                           0            1       32768          0 0  
    mmc1_clk32k                           0            1       32768          0 0  
    gpio8_dbclk                           0            1       32768          0 0  
    gpio7_dbclk                           0            1       32768          0 0  
    gpio6_dbclk                           0            1       32768          0 0  
    gpio5_dbclk                           0            1       32768          0 0  
    gpio4_dbclk                           0            1       32768          0 0  
    gpio3_dbclk                           0            1       32768          0 0  
    gpio2_dbclk                           0            1       32768          0 0  
    dss_32khz_clk                         0            1       32768          0 0  
    optfclk_pciephy2_32khz                0            0       32768          0 0  
    optfclk_pciephy1_32khz                1            1       32768          0 0  
 secure_32k_clk_src_ck                    0            0       32768          0 0  
    secure_32k_dclk_div                   0            0       32768          0 0  
 sdvenc_clkin_ck                          0            0           0          0 0  
 rmii_clk_ck                              0            0           0          0 0  
 ref_clkin3_ck                            0            0           0          0 0  
 ref_clkin2_ck                            0            0           0          0 0  
 ref_clkin1_ck                            0            0           0          0 0  
 ref_clkin0_ck                            0            0           0          0 0  
 pciesref_acs_clk_ck                      0            0   100000000          0 0  
 mlbp_clkin_ck                            0            0           0          0 0  
    mlbp_clk                              0            0           0          0 0  
 mlb_clkin_ck                             0            0           0          0 0  
    mlb_clk                               0            0           0          0 0  
 hdmi_clkin_ck                            0            0           0          0 0  
    hdmi_div_clk                          0            0           0          0 0  
    hdmi_clk2_div                         0            0           0          0 0  
    hdmi_dclk_div                         0            0           0          0 0  
=======
Orphan Clks:
=======
Available frequencies
1000000 1176000 
=======
Hello World Board Booted
root@dra7xx-evm:/test# 
- 07:00:17 [INFO] Host: cat stderr.log
- 07:00:17 [INFO] Target: 
cat stderr.log
ls: /sys/kernel/debug/clk/orphans/: No such file or directory
root@dra7xx-evm:/test# 
- 07:00:17 [INFO] Host: cat result.log
- 07:00:19 [ERROR] On command: cat result.log waiting for cat result.log.+?(?m-ix:^1[\0\n\r]+) >>> error: execution expired
- 07:00:19 [INFO] Target: 
cat result.log
root@dra7xx-evm:/test# 
- 07:00:20 [INFO] Host: cd /test
- 07:00:20 [INFO] Target: 
cd /test
root@dra7xx-evm:/test# 
URL:gtsystest.telogy.design.ti.com/vatf/tigtfarm07/tigtfarm07_vatf@dra7xx-evm1/tigtfarm0705_06_2015_06_59_25/files/session_iteration_1/test_1
