- 07:18:25 [INFO] Starting target session
- 07:18:25 [INFO] Connected to dra72x-evm via serial 
- 07:18:25 [INFO] Host: #check prompt
- 07:18:27 [ERROR] On command: #check prompt waiting for #check prompt.+?(?-mix:((?-mix:login:)|[Pp]assword)) >>> error: execution expired
- 07:18:27 [INFO] Target: 
#check prompt
root@dra7xx-evm:/test# 
- 07:18:27 [INFO] Host: #check prompt
- 07:18:27 [INFO] Target: 
#check prompt
root@dra7xx-evm:/test# 
- 07:18:27 [INFO] Host: sync;poweroff
- 07:20:27 [ERROR] On command: sync;poweroff waiting for sync;poweroff.+?(?i-mx:System halted|System will go to power_off) >>> error: execution expired
- 07:20:27 [INFO] Target: 
sync;poweroff
INIT: Swit
INIT: Sending processes the TERM signal
Broadcast message from root@dra7xx-evm (ttyO0) (Sat Aug 30 01:22:34 2014):
The system is going down for system halt NOW!
root@dra7xx-evm:/test# 
INIT: SeStopping syslogd/klogd: stopped syslogd (pid 1144)
stopped klogd (pid 1148)
done
Deconfiguring network interfaces... ifdown: interface eth0 not configured
done.
Sending all processes the TERM signal...
Sending all processes the KILL signal...
Unmounting remote filesystems...
Deactivating swap...
Unmounting local filesystems...
[  810.213767] reboot: Power down
- 07:20:27 [INFO] Disconnected serial from dra72x-evm
- 07:20:48 [INFO] Connected to dra72x-evm via serial 
- 07:20:48 [INFO] Host: 
- 07:20:49 [INFO] Target: 
SATA link 0 timeout.
AHCI 0001.0300 32 slots 1 ports 3 Gbps 0x1 impl SATA mode
flags: 64bit ncq stag pm led clo only pmp pio slum part ccc apst 
scanning bus for devices...
Found 0 device(s).
SCSI:  Net:   <ethaddr> not set. Validating first E-fuse MAC
cpsw
Hit any key to stop autoboot:  1  0 
U-Boot# 
- 07:20:49 [INFO] Host: 
- 07:20:49 [INFO] Target: 
U-Boot# 
- 07:20:49 [INFO] Host: version
- 07:20:50 [INFO] Target: 
version
U-Boot 2014.07-00071-gaca0808 (Oct 02 2014 - 11:23:33)
arm-linux-gnueabihf-gcc (crosstool-NG linaro-1.13.1-4.7-2013.03-20130313 - Linaro GCC 2013.03) 4.7.3 20130226 (prerelease)
GNU ld (crosstool-NG linaro-1.13.1-4.7-2013.03-20130313 - Linaro GCC 2013.03) 2.23.1
U-Boot# 
- 07:20:50 [INFO] Host: setenv bootargs 'console=ttyO0,115200n8 earlyprintk rootwait '
- 07:20:50 [INFO] Target: 
setenv bootargs 'console=ttyO0,115200n8 earlyprintk rootwait '
U-Boot# 
- 07:20:50 [INFO] Host: setenv bootcmd  ''
- 07:20:51 [INFO] Target: 
setenv bootcmd  ''
U-Boot# 
- 07:20:51 [INFO] Host: setenv autoload 'no'
- 07:20:51 [INFO] Target: 
setenv autoload 'no'
U-Boot# 
- 07:20:51 [INFO] Host: setenv serverip '192.168.0.1'
- 07:20:52 [INFO] Target: 
setenv serverip '192.168.0.1'
U-Boot# 
- 07:20:52 [INFO] Host: printenv
- 07:20:52 [INFO] Target: 
printenv
arch=arm
autoload=no
baudrate=115200
board=dra7xx
board_name=dra72x
bootargs=console=ttyO0,115200n8 earlyprintk rootwait 
bootcmd=
bootdelay=1
bootdir=/boot
bootfile=zImage
bootm_size=0x10000000
bootpart=0:2
bootscript=echo Running bootscript from mmc${mmcdev} ...; source ${loadaddr}
console=ttyO0,115200n8
cpu=armv7
eth1addr=b4:99:4c:1b:f6:af
ethact=cpsw
ethaddr=b4:99:4c:1b:f6:ae
fdt_addr_r=0x88000000
fdtaddr=0x88000000
fdtfile=undefined
findfdt=if test $board_name = omap5_uevm; then setenv fdtfile omap5-uevm.dtb; fi; if test $board_name = dra7xx; then setenv fdtfile dra7-evm.dtb; fi;if test $board_name = dra72x; then setenv fdtfile dra72-evm.dtb; fi;if test $fdtfile = undefined; then echo WARNING: Could not determine device tree to use; fi; 
importbootenv=echo Importing environment from mmc${mmcdev} ...; env import -t ${loadaddr} ${filesize}
kernel_addr_r=0x82000000
loadaddr=0x82000000
loadbootenv=fatload mmc ${mmcdev} ${loadaddr} uEnv.txt
loadbootscript=fatload mmc ${mmcdev} ${loadaddr} boot.scr
loadfdt=load mmc ${bootpart} ${fdtaddr} ${bootdir}/${fdtfile};
loadimage=load mmc ${bootpart} ${loadaddr} ${bootdir}/${bootfile}
mmcargs=setenv bootargs console=${console} ${optargs} vram=${vram} root=${mmcroot} rootfstype=${mmcrootfstype}
mmcboot=mmc dev ${mmcdev}; if mmc rescan; then echo SD/MMC found on device ${mmcdev};if run loadbootenv; then echo Loaded environment from ${bootenv};run importbootenv;fi;if test -n $uenvcmd; then echo Running uenvcmd ...;run uenvcmd;fi;if run loadimage; then run loadfdt; echo Booting from mmc${mmcdev} ...; run mmcargs; bootz ${loadaddr} - ${fdtaddr}; fi;fi;
mmcdev=0
mmcroot=/dev/mmcblk1p2 rw
mmcrootfstype=ext4 rootwait
partitions=uuid_disk=${uuid_gpt_disk};name=rootfs,start=2MiB,size=-,uuid=${uuid_gpt_rootfs}
ramdisk_addr_r=0x88080000
rdaddr=0x88080000
scsidevs=0
serverip=192.168.0.1
soc=omap5
stderr=serial
stdin=serial
stdout=serial
usbtty=cdc_acm
vendor=ti
ver=U-Boot 2014.07-00071-gaca0808 (Oct 02 2014 - 11:23:33)
vram=16M
Environment size: 2084/131067 bytes
U-Boot# 
- 07:20:52 [INFO] Host: printenv
- 07:20:53 [INFO] Target: 
printenv
arch=arm
autoload=no
baudrate=115200
board=dra7xx
board_name=dra72x
bootargs=console=ttyO0,115200n8 earlyprintk rootwait 
bootcmd=
bootdelay=1
bootdir=/boot
bootfile=zImage
bootm_size=0x10000000
bootpart=0:2
bootscript=echo Running bootscript from mmc${mmcdev} ...; source ${loadaddr}
console=ttyO0,115200n8
cpu=armv7
eth1addr=b4:99:4c:1b:f6:af
ethact=cpsw
ethaddr=b4:99:4c:1b:f6:ae
fdt_addr_r=0x88000000
fdtaddr=0x88000000
fdtfile=undefined
findfdt=if test $board_name = omap5_uevm; then setenv fdtfile omap5-uevm.dtb; fi; if test $board_name = dra7xx; then setenv fdtfile dra7-evm.dtb; fi;if test $board_name = dra72x; then setenv fdtfile dra72-evm.dtb; fi;if test $fdtfile = undefined; then echo WARNING: Could not determine device tree to use; fi; 
importbootenv=echo Importing environment from mmc${mmcdev} ...; env import -t ${loadaddr} ${filesize}
kernel_addr_r=0x82000000
loadaddr=0x82000000
loadbootenv=fatload mmc ${mmcdev} ${loadaddr} uEnv.txt
loadbootscript=fatload mmc ${mmcdev} ${loadaddr} boot.scr
loadfdt=load mmc ${bootpart} ${fdtaddr} ${bootdir}/${fdtfile};
loadimage=load mmc ${bootpart} ${loadaddr} ${bootdir}/${bootfile}
mmcargs=setenv bootargs console=${console} ${optargs} vram=${vram} root=${mmcroot} rootfstype=${mmcrootfstype}
mmcboot=mmc dev ${mmcdev}; if mmc rescan; then echo SD/MMC found on device ${mmcdev};if run loadbootenv; then echo Loaded environment from ${bootenv};run importbootenv;fi;if test -n $uenvcmd; then echo Running uenvcmd ...;run uenvcmd;fi;if run loadimage; then run loadfdt; echo Booting from mmc${mmcdev} ...; run mmcargs; bootz ${loadaddr} - ${fdtaddr}; fi;fi;
mmcdev=0
mmcroot=/dev/mmcblk1p2 rw
mmcrootfstype=ext4 rootwait
partitions=uuid_disk=${uuid_gpt_disk};name=rootfs,start=2MiB,size=-,uuid=${uuid_gpt_rootfs}
ramdisk_addr_r=0x88080000
rdaddr=0x88080000
scsidevs=0
serverip=192.168.0.1
soc=omap5
stderr=serial
stdin=serial
stdout=serial
usbtty=cdc_acm
vendor=ti
ver=U-Boot 2014.07-00071-gaca0808 (Oct 02 2014 - 11:23:33)
vram=16M
Environment size: 2084/131067 bytes
U-Boot# 
- 07:20:53 [INFO] Host: setenv bootargs ''${bootargs}' ip=dhcp '
- 07:20:53 [INFO] Target: 
setenv bootargs ''${bootargs}' ip=dhcp '
U-Boot# 
- 07:20:53 [INFO] Host: setenv serverip '192.168.0.1'
- 07:20:54 [INFO] Target: 
setenv serverip '192.168.0.1'
U-Boot# 
- 07:20:54 [INFO] Host: setenv ipaddr dhcp
- 07:20:54 [INFO] Target: 
setenv ipaddr dhcp
U-Boot# 
- 07:20:54 [INFO] Host: setenv autoload 'no'
- 07:20:55 [INFO] Target: 
setenv autoload 'no'
U-Boot# 
- 07:20:55 [INFO] Host: dhcp
- 07:20:56 [INFO] Target: 
dhcp
link up on port 1, speed 1000, full duplex
BOOTP broadcast 1
DHCP client bound to address 192.168.0.210
U-Boot# 
- 07:20:56 [INFO] Host: setenv serverip '192.168.0.1'
- 07:20:57 [INFO] Target: 
setenv serverip '192.168.0.1'
U-Boot# 
- 07:20:57 [INFO] Host: tftp ${loadaddr} 192.168.0.1:vatf_j6eco-evm2/b9ad648bcc4396a71dd29a13f195b77c
- 07:20:57 [INFO] Target: 
tftp ${loadaddr} 192.168.0.1:vatf_j6eco-evm2/b9ad648bcc4396a71dd29a13f195b77c
link up on port 1, speed 1000, full duplex
Using cpsw device
TFTP from server 192.168.0.1; our IP address is 192.168.0.210
Filename 'vatf_j6eco-evm2/b9ad648bcc4396a71dd29a13f195b77c'.
Load address: 0x82000000
Loading: *#################################################################
	 #################################################################
	 #################################################################
	 #################################################################
	 #################################################################
	 ####################################
	 11 MiB/s
done
Bytes transferred = 5286656 (50ab00 hex)
U-Boot# 
- 07:20:57 [INFO] Host: tftp ${fdt_addr_r} 192.168.0.1:vatf_j6eco-evm2/d60d57d757bbb94bd619554e4537b4b3
- 07:20:58 [INFO] Target: 
tftp ${fdt_addr_r} 192.168.0.1:vatf_j6eco-evm2/d60d57d757bbb94bd619554e4537b4b3
link up on port 1, speed 1000, full duplex
Using cpsw device
TFTP from server 192.168.0.1; our IP address is 192.168.0.210
Filename 'vatf_j6eco-evm2/d60d57d757bbb94bd619554e4537b4b3'.
Load address: 0x88000000
Loading: *#####
	 8.3 MiB/s
done
Bytes transferred = 61103 (eeaf hex)
U-Boot# 
- 07:20:58 [INFO] Host: ls mmc 0:1
- 07:20:58 [INFO] Target: 
ls mmc 0:1
    73624   mlo 
     1164   readme 
   433092   u-boot.img 
      574   uenv.txt 
4 file(s), 0 dir(s)
U-Boot# 
- 07:20:58 [INFO] Host: ls mmc 0:2
- 07:20:59 [INFO] Target: 
ls mmc 0:2
<DIR>       4096 .
<DIR>       4096 ..
<DIR>       4096 bin
<DIR>       4096 boot
<DIR>       4096 dev
<DIR>       4096 etc
<DIR>       4096 home
<DIR>       4096 lib
<DIR>       4096 media
<DIR>       4096 mnt
<DIR>       4096 opt
<DIR>       4096 proc
<DIR>       4096 run
<DIR>       4096 sbin
<DIR>       4096 srv
<DIR>       4096 sys
<SYM>          8 tmp
<DIR>       4096 usr
<DIR>       4096 var
<DIR>       4096 www
<DIR>       4096 test
U-Boot# 
- 07:20:59 [INFO] Host: part uuid mmc 0:2
- 07:20:59 [INFO] Target: 
part uuid mmc 0:2
00000000-02
U-Boot# 
- 07:20:59 [INFO] Host: printenv
- 07:21:00 [INFO] Target: 
printenv
arch=arm
autoload=no
baudrate=115200
board=dra7xx
board_name=dra72x
bootargs=console=ttyO0,115200n8 earlyprintk rootwait  ip=dhcp 
bootcmd=
bootdelay=1
bootdir=/boot
bootfile=zImage
bootm_size=0x10000000
bootpart=0:2
bootscript=echo Running bootscript from mmc${mmcdev} ...; source ${loadaddr}
console=ttyO0,115200n8
cpu=armv7
dnsip=192.0.2.2
dnsip2=192.0.2.3
eth1addr=b4:99:4c:1b:f6:af
ethact=cpsw
ethaddr=b4:99:4c:1b:f6:ae
fdt_addr_r=0x88000000
fdtaddr=0x88000000
fdtfile=undefined
fileaddr=88000000
filesize=eeaf
findfdt=if test $board_name = omap5_uevm; then setenv fdtfile omap5-uevm.dtb; fi; if test $board_name = dra7xx; then setenv fdtfile dra7-evm.dtb; fi;if test $board_name = dra72x; then setenv fdtfile dra72-evm.dtb; fi;if test $fdtfile = undefined; then echo WARNING: Could not determine device tree to use; fi; 
gatewayip=192.168.0.1
importbootenv=echo Importing environment from mmc${mmcdev} ...; env import -t ${loadaddr} ${filesize}
ipaddr=192.168.0.210
kernel_addr_r=0x82000000
loadaddr=0x82000000
loadbootenv=fatload mmc ${mmcdev} ${loadaddr} uEnv.txt
loadbootscript=fatload mmc ${mmcdev} ${loadaddr} boot.scr
loadfdt=load mmc ${bootpart} ${fdtaddr} ${bootdir}/${fdtfile};
loadimage=load mmc ${bootpart} ${loadaddr} ${bootdir}/${bootfile}
mmcargs=setenv bootargs console=${console} ${optargs} vram=${vram} root=${mmcroot} rootfstype=${mmcrootfstype}
mmcboot=mmc dev ${mmcdev}; if mmc rescan; then echo SD/MMC found on device ${mmcdev};if run loadbootenv; then echo Loaded environment from ${bootenv};run importbootenv;fi;if test -n $uenvcmd; then echo Running uenvcmd ...;run uenvcmd;fi;if run loadimage; then run loadfdt; echo Booting from mmc${mmcdev} ...; run mmcargs; bootz ${loadaddr} - ${fdtaddr}; fi;fi;
mmcdev=0
mmcroot=/dev/mmcblk1p2 rw
mmcrootfstype=ext4 rootwait
netmask=255.255.255.0
partitions=uuid_disk=${uuid_gpt_disk};name=rootfs,start=2MiB,size=-,uuid=${uuid_gpt_rootfs}
ramdisk_addr_r=0x88080000
rdaddr=0x88080000
scsidevs=0
serverip=192.168.0.1
soc=omap5
stderr=serial
stdin=serial
stdout=serial
usbtty=cdc_acm
vendor=ti
ver=U-Boot 2014.07-00071-gaca0808 (Oct 02 2014 - 11:23:33)
vram=16M
Environment size: 2237/131067 bytes
U-Boot# 
- 07:21:00 [INFO] Host: setenv bootargs ''${bootargs}' root=PARTUUID=00000000-02 rw rootfstype=ext4 rootwait '
- 07:21:00 [INFO] Target: 
setenv bootargs ''${bootargs}' root=PARTUUID=00000000-02 rw rootfstype=ext4 rootwait '
U-Boot# 
- 07:21:00 [INFO] Host: printenv
- 07:21:01 [INFO] Target: 
printenv
arch=arm
autoload=no
baudrate=115200
board=dra7xx
board_name=dra72x
bootargs=console=ttyO0,115200n8 earlyprintk rootwait  ip=dhcp  root=PARTUUID=00000000-02 rw rootfstype=ext4 rootwait 
bootcmd=
bootdelay=1
bootdir=/boot
bootfile=zImage
bootm_size=0x10000000
bootpart=0:2
bootscript=echo Running bootscript from mmc${mmcdev} ...; source ${loadaddr}
console=ttyO0,115200n8
cpu=armv7
dnsip=192.0.2.2
dnsip2=192.0.2.3
eth1addr=b4:99:4c:1b:f6:af
ethact=cpsw
ethaddr=b4:99:4c:1b:f6:ae
fdt_addr_r=0x88000000
fdtaddr=0x88000000
fdtfile=undefined
fileaddr=88000000
filesize=eeaf
findfdt=if test $board_name = omap5_uevm; then setenv fdtfile omap5-uevm.dtb; fi; if test $board_name = dra7xx; then setenv fdtfile dra7-evm.dtb; fi;if test $board_name = dra72x; then setenv fdtfile dra72-evm.dtb; fi;if test $fdtfile = undefined; then echo WARNING: Could not determine device tree to use; fi; 
gatewayip=192.168.0.1
importbootenv=echo Importing environment from mmc${mmcdev} ...; env import -t ${loadaddr} ${filesize}
ipaddr=192.168.0.210
kernel_addr_r=0x82000000
loadaddr=0x82000000
loadbootenv=fatload mmc ${mmcdev} ${loadaddr} uEnv.txt
loadbootscript=fatload mmc ${mmcdev} ${loadaddr} boot.scr
loadfdt=load mmc ${bootpart} ${fdtaddr} ${bootdir}/${fdtfile};
loadimage=load mmc ${bootpart} ${loadaddr} ${bootdir}/${bootfile}
mmcargs=setenv bootargs console=${console} ${optargs} vram=${vram} root=${mmcroot} rootfstype=${mmcrootfstype}
mmcboot=mmc dev ${mmcdev}; if mmc rescan; then echo SD/MMC found on device ${mmcdev};if run loadbootenv; then echo Loaded environment from ${bootenv};run importbootenv;fi;if test -n $uenvcmd; then echo Running uenvcmd ...;run uenvcmd;fi;if run loadimage; then run loadfdt; echo Booting from mmc${mmcdev} ...; run mmcargs; bootz ${loadaddr} - ${fdtaddr}; fi;fi;
mmcdev=0
mmcroot=/dev/mmcblk1p2 rw
mmcrootfstype=ext4 rootwait
netmask=255.255.255.0
partitions=uuid_disk=${uuid_gpt_disk};name=rootfs,start=2MiB,size=-,uuid=${uuid_gpt_rootfs}
ramdisk_addr_r=0x88080000
rdaddr=0x88080000
scsidevs=0
serverip=192.168.0.1
soc=omap5
stderr=serial
stdin=serial
stdout=serial
usbtty=cdc_acm
vendor=ti
ver=U-Boot 2014.07-00071-gaca0808 (Oct 02 2014 - 11:23:33)
vram=16M
Environment size: 2292/131067 bytes
U-Boot# 
- 07:21:01 [INFO] Host: setenv bootcmd ''${bootcmd}' if iminfo ${loadaddr}; then bootm ${loadaddr} - ${fdt_addr_r}; else bootz ${loadaddr} - ${fdt_addr_r}; bootm ${loadaddr} - ${fdt_addr_r}; fi'
- 07:21:01 [INFO] Target: 
setenv bootcmd ''${bootcmd}' if iminfo ${loadaddr}; then bootm ${loadaddr} - ${fdt_addr_r}; else bootz ${loadaddr} - ${fdt_addr_r}; bootm ${loadaddr} - ${fdt_addr_r}; fi'
U-Boot# 
- 07:21:01 [INFO] Host: bdinfo
- 07:21:02 [INFO] Target: 
bdinfo
arch_number = 0x00000000
boot_params = 0x80000100
DRAM bank   = 0x00000000
-> start    = 0x80000000
-> size     = 0x40000000
eth0name    = cpsw
ethaddr     = b4:99:4c:1b:f6:ae
current eth = cpsw
ip_addr     = 192.168.0.210
baudrate    = 115200 bps
TLB addr    = 0xBFFF0000
relocaddr   = 0xBF744000
reloc off   = 0x3EF44000
irq_sp      = 0xBE723EE0
sp start    = 0xBE723ED0
U-Boot# 
- 07:21:02 [INFO] Host: boot
- 07:23:32 [ERROR] On command: boot waiting for boot.+?(?-mix:login:) >>> error: execution expired
- 07:23:32 [INFO] Target: 
boot
## Checking Image at 82000000 ...
Unknown image format!
Kernel image @ 0x82000000 [ 0x000000 - 0x50ab00 ]
## Flattened Device Tree blob at 88000000
   Booting using the fdt blob at 0x88000000
   Loading Device Tree to 8ffee000, end 8ffffeae ... OK
Starting kernel ...
[    0.000000] Booting Linux on physical CPU 0x0
[    0.000000] Linux version 3.18.0-rc2-next-20141030-00002-g735565c (nmenon@kahuna) (gcc version 4.6.3 (Ubuntu/Linaro 4.6.3-1ubuntu5) ) #1 SMP Thu Oct 30 06:13:09 CDT 2014
[    0.000000] CPU: ARMv7 Processor [412fc0f2] revision 2 (ARMv7), cr=10c5387d
[    0.000000] CPU: PIPT / VIPT nonaliasing data cache, PIPT instruction cache
[    0.000000] Machine model: TI DRA722
[    0.000000] cma: Reserved 64 MiB at 0xbb800000
[    0.000000] Memory policy: Data cache writealloc
[    0.000000] DRA722 ES1.0
[    0.000000] PERCPU: Embedded 10 pages/cpu @eefb6000 s8576 r8192 d24192 u40960
[    0.000000] Built 1 zonelists in Zone order, mobility grouping on.  Total pages: 260368
[    0.000000] Kernel command line: console=ttyO0,115200n8 earlyprintk rootwait  ip=dhcp  root=PARTUUID=00000000-02 rw rootfstype=ext4 rootwait 
[    0.000000] PID hash table entries: 4096 (order: 2, 16384 bytes)
[    0.000000] Dentry cache hash table entries: 131072 (order: 7, 524288 bytes)
[    0.000000] Inode-cache hash table entries: 65536 (order: 6, 262144 bytes)
[    0.000000] Memory: 960964K/1047552K available (6881K kernel code, 967K rwdata, 2816K rodata, 732K init, 309K bss, 21052K reserved, 65536K cma-reserved, 203776K highmem)
[    0.000000] Virtual kernel memory layout:
[    0.000000]     vector  : 0xffff0000 - 0xffff1000   (   4 kB)
[    0.000000]     fixmap  : 0xffc00000 - 0xffe00000   (2048 kB)
[    0.000000]     vmalloc : 0xf0000000 - 0xff000000   ( 240 MB)
[    0.000000]     lowmem  : 0xc0000000 - 0xef800000   ( 760 MB)
[    0.000000]     pkmap   : 0xbfe00000 - 0xc0000000   (   2 MB)
[    0.000000]     modules : 0xbf000000 - 0xbfe00000   (  14 MB)
[    0.000000]       .text : 0xc0208000 - 0xc0b806f4   (9698 kB)
[    0.000000]       .init : 0xc0b81000 - 0xc0c38000   ( 732 kB)
[    0.000000]       .data : 0xc0c38000 - 0xc0d29dc0   ( 968 kB)
[    0.000000]        .bss : 0xc0d29dc0 - 0xc0d771e0   ( 310 kB)
[    0.000000] SLUB: HWalign=64, Order=0-3, MinObjects=0, CPUs=1, Nodes=1
[    0.000000] Hierarchical RCU implementation.
[    0.000000] 	RCU restricting CPUs from NR_CPUS=8 to nr_cpu_ids=1.
[    0.000000] RCU: Adjusting geometry for rcu_fanout_leaf=16, nr_cpu_ids=1
[    0.000000] NR_IRQS:16 nr_irqs:16 16
[    0.000000] GIC CPU mask not found - kernel will fail to boot.
[    0.000000] GIC CPU mask not found - kernel will fail to boot.
[    0.000000] omap3_noncore_dpll_set_rate: dpll_gpu_ck: final rate 22574257 does not match desired rate 22579200
[    0.000000] OMAP clockevent source: timer1 at 32768 Hz
[    0.000000] sched_clock: 32 bits at 32kHz, resolution 30517ns, wraps every 65536000000000ns
[    0.000000] OMAP clocksource: 32k_counter at 32768 Hz
[    0.000335] Architected cp15 timer(s) running at 6.14MHz (virt).
[    0.000370] sched_clock: 56 bits at 6MHz, resolution 162ns, wraps every 2796202663936ns
[    0.000380] Switching to timer-based delay loop, resolution 162ns
[    0.004110] Console: colour dummy device 80x30
[    0.004127] Calibrating delay loop (skipped), value calculated using timer frequency.. 12.28 BogoMIPS (lpj=30720)
[    0.004137] pid_max: default: 32768 minimum: 301
[    0.004233] Mount-cache hash table entries: 2048 (order: 1, 8192 bytes)
[    0.004242] Mountpoint-cache hash table entries: 2048 (order: 1, 8192 bytes)
[    0.004628] CPU: Testing write buffer coherency: ok
[    0.004794] /cpus/cpu@0 missing clock-frequency property
[    0.004805] CPU0: thread -1, cpu 0, socket 0, mpidr 80000000
[    0.004845] Setting up static identity map for 0x80880e80 - 0x80880f18
[    0.006662] Brought up 1 CPUs
[    0.006669] SMP: Total of 1 processors activated.
[    0.006675] CPU: All CPU(s) started in SVC mode.
[    0.006955] devtmpfs: initialized
[    0.007555] VFP support v0.3: implementor 41 architecture 4 part 30 variant f rev 0
[    0.007614] omap_hwmod: l3_main_2 using broken dt data from ocp
[    0.013620] ------------[ cut here ]------------
[    0.013635] WARNING: CPU: 0 PID: 1 at arch/arm/mach-omap2/omap_hwmod.c:2542 _init+0x1c0/0x3d8()
[    0.013641] omap_hwmod: gmac: doesn't have mpu register target base
[    0.013646] Modules linked in:
[    0.013659] CPU: 0 PID: 1 Comm: swapper/0 Not tainted 3.18.0-rc2-next-20141030-00002-g735565c #1
[    0.013687] [<c0215a84>] (unwind_backtrace) from [<c02114a0>] (show_stack+0x10/0x14)
[    0.013703] [<c02114a0>] (show_stack) from [<c087c1fc>] (dump_stack+0x70/0x8c)
[    0.013718] [<c087c1fc>] (dump_stack) from [<c02481ac>] (warn_slowpath_common+0x64/0x84)
[    0.013731] [<c02481ac>] (warn_slowpath_common) from [<c0248260>] (warn_slowpath_fmt+0x30/0x40)
[    0.013745] [<c0248260>] (warn_slowpath_fmt) from [<c0b9d580>] (_init+0x1c0/0x3d8)
[    0.013760] [<c0b9d580>] (_init) from [<c022f2b8>] (omap_hwmod_for_each+0x34/0x5c)
[    0.013773] [<c022f2b8>] (omap_hwmod_for_each) from [<c0b9dc18>] (__omap_hwmod_setup_all+0x24/0x40)
[    0.013786] [<c0b9dc18>] (__omap_hwmod_setup_all) from [<c0208cc4>] (do_one_initcall+0x80/0x1d0)
[    0.013797] [<c0208cc4>] (do_one_initcall) from [<c0b81d30>] (kernel_init_freeable+0x10c/0x1d8)
[    0.013812] [<c0b81d30>] (kernel_init_freeable) from [<c08779e0>] (kernel_init+0x8/0xe4)
[    0.013825] [<c08779e0>] (kernel_init) from [<c020e778>] (ret_from_fork+0x14/0x3c)
[    0.013841] ---[ end trace af0f1e41441c1bdc ]---
[    0.033975] ------------[ cut here ]------------
[    0.033989] WARNING: CPU: 0 PID: 1 at arch/arm/mach-omap2/omap_hwmod.c:2542 _init+0x1c0/0x3d8()
[    0.033995] omap_hwmod: rtcss: doesn't have mpu register target base
[    0.034000] Modules linked in:
[    0.034011] CPU: 0 PID: 1 Comm: swapper/0 Tainted: G        W      3.18.0-rc2-next-20141030-00002-g735565c #1
[    0.034026] [<c0215a84>] (unwind_backtrace) from [<c02114a0>] (show_stack+0x10/0x14)
[    0.034039] [<c02114a0>] (show_stack) from [<c087c1fc>] (dump_stack+0x70/0x8c)
[    0.034052] [<c087c1fc>] (dump_stack) from [<c02481ac>] (warn_slowpath_common+0x64/0x84)
[    0.034064] [<c02481ac>] (warn_slowpath_common) from [<c0248260>] (warn_slowpath_fmt+0x30/0x40)
[    0.034076] [<c0248260>] (warn_slowpath_fmt) from [<c0b9d580>] (_init+0x1c0/0x3d8)
[    0.034089] [<c0b9d580>] (_init) from [<c022f2b8>] (omap_hwmod_for_each+0x34/0x5c)
[    0.034102] [<c022f2b8>] (omap_hwmod_for_each) from [<c0b9dc18>] (__omap_hwmod_setup_all+0x24/0x40)
[    0.034114] [<c0b9dc18>] (__omap_hwmod_setup_all) from [<c0208cc4>] (do_one_initcall+0x80/0x1d0)
[    0.034125] [<c0208cc4>] (do_one_initcall) from [<c0b81d30>] (kernel_init_freeable+0x10c/0x1d8)
[    0.034137] [<c0b81d30>] (kernel_init_freeable) from [<c08779e0>] (kernel_init+0x8/0xe4)
[    0.034149] [<c08779e0>] (kernel_init) from [<c020e778>] (ret_from_fork+0x14/0x3c)
[    0.034155] ---[ end trace af0f1e41441c1bdd ]---
[    0.053751] omap_hwmod: dss_core: _wait_target_disable failed
[    0.053763] omap_hwmod: dss_core: cannot be enabled for reset (3)
[    0.056281] omap_hwmod: dss_dispc: cannot be enabled for reset (3)
[    0.058794] omap_hwmod: dss_hdmi: cannot be enabled for reset (3)
[    0.130083] omap_hwmod: pcie1: _wait_target_disable failed
[    0.136338] omap_hwmod: pcie2: _wait_target_disable failed
[    0.138466] pinctrl core: initialized pinctrl subsystem
[    0.138810] regulator-dummy: no parameters
[    0.152767] NET: Registered protocol family 16
[    0.154241] DMA: preallocated 256 KiB pool for atomic coherent allocations
[    0.155723] cpuidle: using governor ladder
[    0.155735] cpuidle: using governor menu
[    0.159004] OMAP GPIO hardware version 0.1
[    0.165079] platform 4e000000.dmm: Cannot lookup hwmod 'dmm'
[    0.168675] No ATAGs?
[    0.168696] hw-breakpoint: found 5 (+1 reserved) breakpoint and 4 watchpoint registers.
[    0.168703] hw-breakpoint: maximum watchpoint size is 8 bytes.
[    0.168829] EXYNOS: PMU not supported
[    0.169814] OMAP DMA hardware revision 0.0
[    0.171569] Serial: AMBA PL011 UART driver
[    0.181118] edma-dma-engine edma-dma-engine.0: Can't allocate PaRAM dummy slot
[    0.181138] edma-dma-engine: probe of edma-dma-engine.0 failed with error -22
[    0.189557] omap-dma-engine 4a056000.dma-controller: OMAP DMA engine driver
[    0.191319] vgaarb: loaded
[    0.191804] SCSI subsystem initialized
[    0.192246] usbcore: registered new interface driver usbfs
[    0.192302] usbcore: registered new interface driver hub
[    0.192340] usbcore: registered new device driver usb
[    0.192826] omap_i2c 48070000.i2c: could not find pctldev for node /ocp/pinmux@4a003400/pinmux_i2c1_pins, deferring probe
[    0.192839] platform 48070000.i2c: Driver omap_i2c requests probe deferral
[    0.193020] Linux video capture interface: v2.00
[    0.193054] pps_core: LinuxPPS API ver. 1 registered
[    0.193060] pps_core: Software ver. 5.3.6 - Copyright 2005-2007 Rodolfo Giometti <giometti@linux.it>
[    0.193082] PTP clock support registered
[    0.193233] EDAC MC: Ver: 3.0.0
[    0.193812] Advanced Linux Sound Architecture Driver Initialized.
[    0.194562] Switched to clocksource arch_sys_counter
[    0.201472] NET: Registered protocol family 2
[    0.201885] TCP established hash table entries: 8192 (order: 3, 32768 bytes)
[    0.201947] TCP bind hash table entries: 8192 (order: 4, 65536 bytes)
[    0.202077] TCP: Hash tables configured (established 8192 bind 8192)
[    0.202120] TCP: reno registered
[    0.202130] UDP hash table entries: 512 (order: 2, 16384 bytes)
[    0.202159] UDP-Lite hash table entries: 512 (order: 2, 16384 bytes)
[    0.202286] NET: Registered protocol family 1
[    0.202470] RPC: Registered named UNIX socket transport module.
[    0.202477] RPC: Registered udp transport module.
[    0.202482] RPC: Registered tcp transport module.
[    0.202488] RPC: Registered tcp NFSv4.1 backchannel transport module.
[    0.203134] hw perfevents: enabled with armv7_cortex_a15 PMU driver, 7 counters available
[    0.204403] futex hash table entries: 256 (order: 2, 16384 bytes)
[    0.213289] squashfs: version 4.0 (2009/01/31) Phillip Lougher
[    0.213829] NFS: Registering the id_resolver key type
[    0.213857] Key type id_resolver registered
[    0.213864] Key type id_legacy registered
[    0.214189] bounce: pool size: 64 pages
[    0.214347] Block layer SCSI generic (bsg) driver version 0.4 loaded (major 249)
[    0.214360] io scheduler noop registered
[    0.214370] io scheduler deadline registered
[    0.214512] io scheduler cfq registered (default)
[    0.218841] pinctrl-single 4a003400.pinmux: 281 pins at pa fc003400 size 1124
[    0.264442] Serial: 8250/16550 driver, 4 ports, IRQ sharing disabled
[    0.265829] Serial: IMX driver
[    0.266184] msm_serial: driver initialized
[    0.266537] omap_uart 4806a000.serial: no wakeirq for uart0
[    0.266630] omap_uart 4806a000.serial: ttyO0 at MMIO 0x4806a000 (irq = 295, base_baud = 3000000) is a OMAP UART0
[    1.267593] console [ttyO0] enabled
[    1.271568] STMicroelectronics ASC driver initialized
[    1.277458] serial: Freescale lpuart driver
[    1.282006] [drm] Initialized drm 1.1.0 20060810
[    1.291173] loop: module loaded
[    1.295567] ahci 4a140000.sata: SSS flag set, parallel bus scan disabled
[    1.302617] ahci 4a140000.sata: AHCI 0001.0300 32 slots 1 ports 3 Gbps 0x1 impl platform mode
[    1.311562] ahci 4a140000.sata: flags: 64bit ncq sntf stag pm led clo only pmp pio slum part ccc apst 
[    1.322041] scsi host0: ahci_platform
[    1.326128] ata1: SATA max UDMA/133 mmio [mem 0x4a140000-0x4a1410ff] port 0x100 irq 309
[    1.337184] CAN device driver interface
[    1.341905] igb: Intel(R) Gigabit Ethernet Network Driver - version 5.2.15-k
[    1.349297] igb: Copyright (c) 2007-2014 Intel Corporation.
[    1.356317] pegasus: v0.9.3 (2013/04/25), Pegasus/Pegasus II USB Ethernet driver
[    1.364114] usbcore: registered new interface driver pegasus
[    1.370101] usbcore: registered new interface driver asix
[    1.375795] usbcore: registered new interface driver ax88179_178a
[    1.382230] usbcore: registered new interface driver cdc_ether
[    1.388397] usbcore: registered new interface driver smsc75xx
[    1.394474] usbcore: registered new interface driver smsc95xx
[    1.400532] usbcore: registered new interface driver net1080
[    1.406499] usbcore: registered new interface driver cdc_subset
[    1.412741] usbcore: registered new interface driver zaurus
[    1.418647] usbcore: registered new interface driver cdc_ncm
[    1.424805] ehci_hcd: USB 2.0 'Enhanced' Host Controller (EHCI) Driver
[    1.431658] ehci-pci: EHCI PCI platform driver
[    1.436347] ehci-platform: EHCI generic platform driver
[    1.441945] ehci-omap: OMAP-EHCI Host Controller driver
[    1.447523] ehci-orion: EHCI orion driver
[    1.451823] SPEAr-ehci: EHCI SPEAr driver
[    1.456123] tegra-ehci: Tegra EHCI driver
[    1.460434] ohci_hcd: USB 1.1 'Open' Host Controller (OHCI) Driver
[    1.466928] ohci-pci: OHCI PCI platform driver
[    1.471619] ohci-platform: OHCI generic platform driver
[    1.477192] ohci-omap3: OHCI OMAP3 driver
[    1.481490] SPEAr-ohci: OHCI SPEAr driver
[    1.486070] usbcore: registered new interface driver usb-storage
[    1.493478] mousedev: PS/2 mouse device common for all mice
[    1.501460] i2c /dev entries driver
[    1.506104] usbcore: registered new interface driver uvcvideo
[    1.512129] USB Video Class driver (1.1.1)
[    1.516429] gspca_main: v2.14.0 registered
[    1.523181] Driver 'mmcblk' needs updating - please use bus_type methods
[    1.530274] sdhci: Secure Digital Host Controller Interface driver
[    1.536752] sdhci: Copyright(c) Pierre Ossman
[    1.542007] Synopsys Designware Multimedia Card Interface Driver
[    1.548874] sdhci-pltfm: SDHCI platform and OF driver helper
[    1.555757] ledtrig-cpu: registered to indicate activity on CPUs
[    1.562218] usbcore: registered new interface driver usbhid
[    1.568064] usbhid: USB HID core driver
[    1.575798] TCP: cubic registered
[    1.579272] NET: Registered protocol family 17
[    1.583950] can: controller area network core (rev 20120528 abi 9)
[    1.590474] NET: Registered protocol family 29
[    1.595140] can: raw protocol (rev 20120528)
[    1.599625] can: broadcast manager protocol (rev 20120528 t)
[    1.605570] can: netlink gateway (rev 20130117) max_hops=1
[    1.611608] Key type dns_resolver registered
[    1.616223] omap_voltage_late_init: Voltage driver support not added
[    1.623223] Power Management for TI OMAP4+ devices.
[    1.628531] ThumbEE CPU extension supported.
[    1.633015] Registering SWP/SWPB emulation handler
[    1.639575] palmas 0-0058: Irq flag is 0x00000000
[    1.646893] palmas 0-0058: Muxing GPIO 1d, PWM 0, LED 0
[    1.653917] smps1: 850 <--> 1250 mV at 1060 mV 
[    1.659815] smps2: 850 <--> 1030 mV at 1030 mV 
[    1.665694] smps3: 850 <--> 1250 mV at 1060 mV 
[    1.671576] smps4: 1800 mV 
[    1.675614] smps5: 1350 mV 
[    1.679711] ldo1: 1800 <--> 3300 mV at 3000 mV 
[    1.685128] ldo2: 1800 <--> 3300 mV 
[    1.690296] ldo3: 1800 mV 
[    1.694561] ldo4: 3300 mV 
[    1.698817] ldo5: 1800 mV 
[    1.702177] REGEN1: no parameters
[    1.705757] REGEN2: no parameters
[    1.709325] REGEN3: no parameters
[    1.712870] omap_i2c 48070000.i2c: bus 0 rev0.12 at 400 kHz
[    1.719009] drivers/rtc/hctosys.c: unable to open rtc device (rtc0)
[    1.884582] ata1: SATA link down (SStatus 0 SControl 300)
[   13.794829] ldo4: disabling
[   13.798296] ldo1: disabling
[   13.801647] ALSA device list:
[   13.804756]   No soundcards found.
[   13.808801] Waiting for root device PARTUUID=00000000-02...
