- 02:34:53 [INFO] Starting target session
- 02:34:53 [INFO] Connected to dra72x-evm via serial 
- 02:34:53 [INFO] Host: #check prompt
- 02:34:56 [ERROR] On command: #check prompt waiting for #check prompt.+?(?-mix:((?-mix:login:)|[Pp]assword)) >>> error: execution expired
- 02:34:56 [INFO] Target: 
- 02:34:56 [INFO] Host: #check prompt
- 02:34:58 [ERROR] On command: #check prompt waiting for #check prompt.+?(?-mix:root@.+[@:#]+) >>> error: execution expired
- 02:34:58 [INFO] Target: 
- 02:34:58 [INFO] Host: #check prompt
- 02:35:00 [ERROR] On command: #check prompt waiting for #check prompt.+?(?-mix:root@.+[@:#]+) >>> error: execution expired
- 02:35:00 [INFO] Target: 
- 02:35:00 [INFO] Host: #check prompt
- 02:35:02 [ERROR] On command: #check prompt waiting for #check prompt.+?(?-mix:root@.+[@:#]+) >>> error: execution expired
- 02:35:02 [INFO] Target: 
- 02:35:02 [INFO] Disconnected serial from dra72x-evm
- 02:35:04 [INFO] Connected to dra72x-evm via serial 
- 02:35:04 [INFO] Host: 
- 02:35:05 [INFO] Target: 
U-Boot SPL 2016.05-00108-g95c03ee (Aug 17 2016 - 08:44:18)
DRA722-GP ES2.0
Trying to boot from MMC1
reading args
spl_load_image_fat_os: error reading image args, err - -1
reading u-boot.img
reading u-boot.img
reading u-boot.img
reading u-boot.img
U-Boot 2016.05-00108-g95c03ee (Aug 17 2016 - 08:44:18 -0500), Build: jenkins-ti-uboot-compile-test-164
CPU  : DRA722-GP ES2.0
Model: TI DRA722 Rev C EVM
Board: DRA72x EVM REV C.1
DRAM:  2 GiB
MMC:   OMAP SD/MMC: 0, OMAP SD/MMC: 1
SCSI:  Target spinup took 0 ms.
AHCI 0001.0300 32 slots 1 ports 3 Gbps 0x1 impl SATA mode
flags: 64bit ncq stag pm led clo only pmp pio slum part ccc apst 
scanning bus for devices...
  Device 0: (0:0) Vendor: ATA Prod.: ST1000DM003-1SB1 Rev: CC43
            Type: Hard Disk
            Capacity: 953869.7 MB = 931.5 GB (1953525168 x 512)
Found 1 device(s).
Net:   
Warning: ethernet@48484000 using MAC address from ROM
eth0: ethernet@48484000
Hit any key to stop autoboot:  2  0 
=>  
=>  
=>  
=>  
=>  
=>  
=>  
=>  
- 02:35:06 [INFO] Host: 
- 02:35:06 [INFO] Target: 
=>  
- 02:35:06 [INFO] Host: version
- 02:35:06 [INFO] Target: 
=> version
U-Boot 2016.05-00108-g95c03ee (Aug 17 2016 - 08:44:18 -0500)
arm-linux-gnueabihf-gcc (Linaro GCC 5.3-2016.02) 5.3.1 20160113
GNU ld (GNU Binutils) 2.25.0 Linaro 2015_10
- 02:35:06 [INFO] Host: setenv bootargs 'console=ttyO0,115200n8 earlyprintk=serial,ttyO0,115200n8 rootwait '
- 02:35:06 [INFO] Target: 
setenv bootargs 'console=ttyO0,115200n8 earlyprintk=serial,ttyO0,115200n8 rootwait '
- 02:35:06 [INFO] Host: setenv bootcmd  ''
- 02:35:06 [INFO] Target: 
setenv bootcmd  ''
- 02:35:06 [INFO] Host: setenv autoload 'no'
- 02:35:06 [INFO] Target: 
setenv autoload 'no'
- 02:35:06 [INFO] Host: setenv serverip '192.168.0.1'
- 02:35:06 [INFO] Target: 
setenv serverip '192.168.0.1'
- 02:35:06 [INFO] Host: setenv _initramfs -
- 02:35:06 [INFO] Target: 
setenv _initramfs -
- 02:35:06 [INFO] Host: printenv
- 02:35:07 [INFO] Target: 
printenv
_initramfs=-
arch=arm
args_mmc=run finduuid;setenv bootargs console=${console} ${optargs} root=PARTUUID=${uuid} rw rootfstype=${mmcrootfstype}
autoload=no
baudrate=115200
board=dra7xx
board_name=dra72x-revc
board_rev=C.1
bootargs=console=ttyO0,115200n8 earlyprintk=serial,ttyO0,115200n8 rootwait 
bootcmd=
bootdelay=2
bootdir=/boot
bootenvfile=uEnv.txt
bootfile=zImage
bootm_size=0x10000000
bootpart=0:2
bootscript=echo Running bootscript from mmc${mmcdev} ...; source ${loadaddr}
console=ttyO0,115200n8
cpu=armv7
dfu_alt_info_emmc=rawemmc raw 0 3751936;boot part 1 1;rootfs part 1 2;MLO fat 1 1;MLO.raw raw 0x100 0x100;u-boot.img.raw raw 0x300 0x400;spl-os-args.raw raw 0x80 0x80;spl-os-image.raw raw 0x900 0x2000;spl-os-args fat 1 1;spl-os-image fat 1 1;u-boot.img fat 1 1;uEnv.txt fat 1 1
dfu_alt_info_mmc=boot part 0 1;rootfs part 0 2;MLO fat 0 1;MLO.raw raw 0x100 0x100;u-boot.img.raw raw 0x300 0x400;spl-os-args.raw raw 0x80 0x80;spl-os-image.raw raw 0x900 0x2000;spl-os-args fat 0 1;spl-os-image fat 0 1;u-boot.img fat 0 1;uEnv.txt fat 0 1
dfu_alt_info_qspi=MLO raw 0x0 0x040000;u-boot.img raw 0x040000 0x0100000;u-boot-spl-os raw 0x140000 0x080000;u-boot-env raw 0x1C0000 0x010000;u-boot-env.backup raw 0x1D0000 0x010000;kernel raw 0x1E0000 0x800000
dfu_alt_info_ram=kernel ram 0x80200000 0x4000000;fdt ram 0x80f80000 0x80000;ramdisk ram 0x81000000 0x4000000
dfu_bufsiz=0x10000
dofastboot=0
envboot=mmc dev ${mmcdev}; if mmc rescan; then echo SD/MMC found on device ${mmcdev};if run loadbootscript; then run bootscript;else if run loadbootenv; then echo Loaded env from ${bootenvfile};run importbootenv;fi;if test -n $uenvcmd; then echo Running uenvcmd ...;run uenvcmd;fi;fi;fi;
ethaddr=5c:f8:21:14:54:c8
fdt_addr_r=0x88000000
fdtaddr=0x88000000
fdtcontroladdr=fdf12218
fdtfile=undefined
findfdt=if test $board_name = omap5_uevm; then setenv fdtfile omap5-uevm.dtb; fi; if test $board_name = dra7xx; then setenv fdtfile dra7-evm.dtb; fi;if test $board_name = dra72x-revc; then setenv fdtfile dra72-evm-revc.dtb; fi;if test $board_name = dra72x; then setenv fdtfile dra72-evm.dtb; fi;if test $board_name = beagle_x15; then setenv fdtfile am57xx-beagle-x15.dtb; fi;if test $board_name = beagle_x15_revb1; then setenv fdtfile am57xx-beagle-x15-revb1.dtb; fi;if test $board_name = am57xx_evm; then setenv fdtfile am57xx-evm.dtb; fi;if test $board_name = am57xx_evm_reva3; then setenv fdtfile am57xx-evm-reva3.dtb; fi;if test $board_name = am572x_idk; then setenv fdtfile am572x-idk.dtb; fi;if test $board_name = am571x_idk && test $idk_lcd = no; then setenv fdtfile am571x-idk.dtb; fi;if test $board_name = am571x_idk && test $idk_lcd = osd101t2045; then setenv fdtfile am571x-idk-lcd-osd.dtb; fi;if test $fdtfile = undefined; then echo WARNING: Could not determine device tree to use; fi; 
finduuid=part uuid mmc ${bootpart} uuid
importbootenv=echo Importing environment from mmc${mmcdev} ...; env import -t ${loadaddr} ${filesize}
kernel_addr_r=0x82000000
loadaddr=0x82000000
loadbootenv=fatload mmc ${mmcdev} ${loadaddr} ${bootenvfile}
loadbootscript=fatload mmc ${mmcdev} ${loadaddr} boot.scr
loadfdt=load mmc ${bootpart} ${fdtaddr} ${bootdir}/${fdtfile};
loadimage=load mmc ${bootpart} ${loadaddr} ${bootdir}/${bootfile}
mmcboot=mmc dev ${mmcdev}; if mmc rescan; then echo SD/MMC found on device ${mmcdev};if run loadimage; then run loadfdt; echo Booting from mmc${mmcdev} ...; run args_mmc; bootz ${loadaddr} - ${fdtaddr}; fi;fi;
mmcdev=0
mmcrootfstype=ext4 rootwait
netargs=setenv bootargs console=${console} ${optargs} root=/dev/nfs nfsroot=${serverip}:${rootpath},${nfsopts} rw ip=dhcp
netboot=echo Booting from network ...; setenv autoload no; dhcp; run netloadimage; run netloadfdt; run netargs; bootz ${loadaddr} - ${fdtaddr}
netloadfdt=tftp ${fdtaddr} ${fdtfile}
netloadimage=tftp ${loadaddr} ${bootfile}
nfsopts=nolock
partitions=uuid_disk=${uuid_gpt_disk};name=rootfs,start=2MiB,size=-,uuid=${uuid_gpt_rootfs}
partitions_android=uuid_disk=${uuid_gpt_disk};name=xloader,start=128K,size=128K,uuid=${uuid_gpt_xloader};name=bootloader,size=384K,uuid=${uuid_gpt_bootloader};name=environment,size=128K,uuid=${uuid_gpt_environment};name=misc,size=128K,uuid=${uuid_gpt_misc};name=efs,start=1280K,size=16M,uuid=${uuid_gpt_efs};name=crypto,size=16K,uuid=${uuid_gpt_crypto};name=recovery,size=10M,uuid=${uuid_gpt_recovery};name=boot,size=10M,uuid=${uuid_gpt_boot};name=system,size=768M,uuid=${uuid_gpt_system};name=cache,size=256M,uuid=${uuid_gpt_cache};name=ipu1,size=1M,uuid=${uuid_gpt_ipu1};name=ipu2,size=1M,uuid=${uuid_gpt_ipu2};name=userdata,size=-,uuid=${uuid_gpt_userdata}
pxefile_addr_r=0x80100000
ramdisk_addr_r=0x88080000
rdaddr=0x88080000
rootpath=/export/rootfs
scriptaddr=0x80000000
scsidevs=1
serial#=0501101f6f3e0001
serverip=192.168.0.1
soc=omap5
static_ip=${ipaddr}:${serverip}:${gatewayip}:${netmask}:${hostname}::off
stderr=serial@4806a000
stdin=serial@4806a000
stdout=serial@4806a000
usbtty=cdc_acm
vendor=ti
ver=U-Boot 2016.05-00108-g95c03ee (Aug 17 2016 - 08:44:18 -0500)
vram=16M
Environment size: 5147/131067 bytes
- 02:35:07 [INFO] Host: printenv
- 02:35:07 [INFO] Target: 
printenv
_initramfs=-
arch=arm
args_mmc=run finduuid;setenv bootargs console=${console} ${optargs} root=PARTUUID=${uuid} rw rootfstype=${mmcrootfstype}
autoload=no
baudrate=115200
board=dra7xx
board_name=dra72x-revc
board_rev=C.1
bootargs=console=ttyO0,115200n8 earlyprintk=serial,ttyO0,115200n8 rootwait 
bootcmd=
bootdelay=2
bootdir=/boot
bootenvfile=uEnv.txt
bootfile=zImage
bootm_size=0x10000000
bootpart=0:2
bootscript=echo Running bootscript from mmc${mmcdev} ...; source ${loadaddr}
console=ttyO0,115200n8
cpu=armv7
dfu_alt_info_emmc=rawemmc raw 0 3751936;boot part 1 1;rootfs part 1 2;MLO fat 1 1;MLO.raw raw 0x100 0x100;u-boot.img.raw raw 0x300 0x400;spl-os-args.raw raw 0x80 0x80;spl-os-image.raw raw 0x900 0x2000;spl-os-args fat 1 1;spl-os-image fat 1 1;u-boot.img fat 1 1;uEnv.txt fat 1 1
dfu_alt_info_mmc=boot part 0 1;rootfs part 0 2;MLO fat 0 1;MLO.raw raw 0x100 0x100;u-boot.img.raw raw 0x300 0x400;spl-os-args.raw raw 0x80 0x80;spl-os-image.raw raw 0x900 0x2000;spl-os-args fat 0 1;spl-os-image fat 0 1;u-boot.img fat 0 1;uEnv.txt fat 0 1
dfu_alt_info_qspi=MLO raw 0x0 0x040000;u-boot.img raw 0x040000 0x0100000;u-boot-spl-os raw 0x140000 0x080000;u-boot-env raw 0x1C0000 0x010000;u-boot-env.backup raw 0x1D0000 0x010000;kernel raw 0x1E0000 0x800000
dfu_alt_info_ram=kernel ram 0x80200000 0x4000000;fdt ram 0x80f80000 0x80000;ramdisk ram 0x81000000 0x4000000
dfu_bufsiz=0x10000
dofastboot=0
envboot=mmc dev ${mmcdev}; if mmc rescan; then echo SD/MMC found on device ${mmcdev};if run loadbootscript; then run bootscript;else if run loadbootenv; then echo Loaded env from ${bootenvfile};run importbootenv;fi;if test -n $uenvcmd; then echo Running uenvcmd ...;run uenvcmd;fi;fi;fi;
ethaddr=5c:f8:21:14:54:c8
fdt_addr_r=0x88000000
fdtaddr=0x88000000
fdtcontroladdr=fdf12218
fdtfile=undefined
findfdt=if test $board_name = omap5_uevm; then setenv fdtfile omap5-uevm.dtb; fi; if test $board_name = dra7xx; then setenv fdtfile dra7-evm.dtb; fi;if test $board_name = dra72x-revc; then setenv fdtfile dra72-evm-revc.dtb; fi;if test $board_name = dra72x; then setenv fdtfile dra72-evm.dtb; fi;if test $board_name = beagle_x15; then setenv fdtfile am57xx-beagle-x15.dtb; fi;if test $board_name = beagle_x15_revb1; then setenv fdtfile am57xx-beagle-x15-revb1.dtb; fi;if test $board_name = am57xx_evm; then setenv fdtfile am57xx-evm.dtb; fi;if test $board_name = am57xx_evm_reva3; then setenv fdtfile am57xx-evm-reva3.dtb; fi;if test $board_name = am572x_idk; then setenv fdtfile am572x-idk.dtb; fi;if test $board_name = am571x_idk && test $idk_lcd = no; then setenv fdtfile am571x-idk.dtb; fi;if test $board_name = am571x_idk && test $idk_lcd = osd101t2045; then setenv fdtfile am571x-idk-lcd-osd.dtb; fi;if test $fdtfile = undefined; then echo WARNING: Could not determine device tree to use; fi; 
finduuid=part uuid mmc ${bootpart} uuid
importbootenv=echo Importing environment from mmc${mmcdev} ...; env import -t ${loadaddr} ${filesize}
kernel_addr_r=0x82000000
loadaddr=0x82000000
loadbootenv=fatload mmc ${mmcdev} ${loadaddr} ${bootenvfile}
loadbootscript=fatload mmc ${mmcdev} ${loadaddr} boot.scr
loadfdt=load mmc ${bootpart} ${fdtaddr} ${bootdir}/${fdtfile};
loadimage=load mmc ${bootpart} ${loadaddr} ${bootdir}/${bootfile}
mmcboot=mmc dev ${mmcdev}; if mmc rescan; then echo SD/MMC found on device ${mmcdev};if run loadimage; then run loadfdt; echo Booting from mmc${mmcdev} ...; run args_mmc; bootz ${loadaddr} - ${fdtaddr}; fi;fi;
mmcdev=0
mmcrootfstype=ext4 rootwait
netargs=setenv bootargs console=${console} ${optargs} root=/dev/nfs nfsroot=${serverip}:${rootpath},${nfsopts} rw ip=dhcp
netboot=echo Booting from network ...; setenv autoload no; dhcp; run netloadimage; run netloadfdt; run netargs; bootz ${loadaddr} - ${fdtaddr}
netloadfdt=tftp ${fdtaddr} ${fdtfile}
netloadimage=tftp ${loadaddr} ${bootfile}
nfsopts=nolock
partitions=uuid_disk=${uuid_gpt_disk};name=rootfs,start=2MiB,size=-,uuid=${uuid_gpt_rootfs}
partitions_android=uuid_disk=${uuid_gpt_disk};name=xloader,start=128K,size=128K,uuid=${uuid_gpt_xloader};name=bootloader,size=384K,uuid=${uuid_gpt_bootloader};name=environment,size=128K,uuid=${uuid_gpt_environment};name=misc,size=128K,uuid=${uuid_gpt_misc};name=efs,start=1280K,size=16M,uuid=${uuid_gpt_efs};name=crypto,size=16K,uuid=${uuid_gpt_crypto};name=recovery,size=10M,uuid=${uuid_gpt_recovery};name=boot,size=10M,uuid=${uuid_gpt_boot};name=system,size=768M,uuid=${uuid_gpt_system};name=cache,size=256M,uuid=${uuid_gpt_cache};name=ipu1,size=1M,uuid=${uuid_gpt_ipu1};name=ipu2,size=1M,uuid=${uuid_gpt_ipu2};name=userdata,size=-,uuid=${uuid_gpt_userdata}
pxefile_addr_r=0x80100000
ramdisk_addr_r=0x88080000
rdaddr=0x88080000
rootpath=/export/rootfs
scriptaddr=0x80000000
scsidevs=1
serial#=0501101f6f3e0001
serverip=192.168.0.1
soc=omap5
static_ip=${ipaddr}:${serverip}:${gatewayip}:${netmask}:${hostname}::off
stderr=serial@4806a000
stdin=serial@4806a000
stdout=serial@4806a000
usbtty=cdc_acm
vendor=ti
ver=U-Boot 2016.05-00108-g95c03ee (Aug 17 2016 - 08:44:18 -0500)
vram=16M
Environment size: 5147/131067 bytes
- 02:35:07 [INFO] Host: setenv bootargs ''${bootargs}' ip=:::::eth0:dhcp '
- 02:35:07 [INFO] Target: 
setenv bootargs ''${bootargs}' ip=:::::eth0:dhcp '
- 02:35:07 [INFO] Host: setenv serverip '192.168.0.1'
- 02:35:07 [INFO] Target: 
setenv serverip '192.168.0.1'
- 02:35:07 [INFO] Host: setenv autoload 'no'
- 02:35:07 [INFO] Target: 
setenv autoload 'no'
- 02:35:07 [INFO] Host: dhcp
- 02:35:13 [INFO] Target: 
dhcp
ethernet@48484000 Waiting for PHY auto negotiation to complete....... done
link up on port 0, speed 1000, full duplex
BOOTP broadcast 1
BOOTP broadcast 2
BOOTP broadcast 3
DHCP client bound to address 192.168.0.72 (1002 ms)
- 02:35:13 [INFO] Host: tftp ${loadaddr} 192.168.0.1:vatf_dra72x-evm/a7e156337d651fd550bc1ae682bceef1
- 02:35:13 [INFO] Target: 
tftp ${loadaddr} 192.168.0.1:vatf_dra72x-evm/a7e156337d651fd550bc1ae682bceef1
link up on port 0, speed 1000, full duplex
Using ethernet@48484000 device
TFTP from server 192.168.0.1; our IP address is 192.168.0.72
Filename 'vatf_dra72x-evm/a7e156337d651fd550bc1ae682bceef1'.
Load address: 0x82000000
Loading: *#################################################################
	 #################################################################
	 #################################################################
	 #################################################################
	 #################################################################
	 #################################################################
	 #################################################################
	 ##############
	 10.5 MiB/s
done
Bytes transferred = 6880968 (68fec8 hex)
- 02:35:13 [INFO] Host: tftp ${fdt_addr_r} 192.168.0.1:vatf_dra72x-evm/687ee9de3e51d042485da59e849c0346
- 02:35:13 [INFO] Target: 
tftp ${fdt_addr_r} 192.168.0.1:vatf_dra72x-evm/687ee9de3e51d042485da59e849c0346
link up on port 0, speed 1000, full duplex
Using ethernet@48484000 device
TFTP from server 192.168.0.1; our IP address is 192.168.0.72
Filename 'vatf_dra72x-evm/687ee9de3e51d042485da59e849c0346'.
Load address: 0x88000000
Loading: *#######
	 9.4 MiB/s
done
Bytes transferred = 88698 (15a7a hex)
- 02:35:13 [INFO] Host: ls mmc 0:1
- 02:35:14 [INFO] Target: 
ls mmc 0:1
    78464   mlo 
   653596   u-boot.img 
        4   ws-calibrate.rules 
        0   pointercal 
4 file(s), 0 dir(s)
- 02:35:14 [INFO] Host: ls mmc 0:2
- 02:35:14 [INFO] Target: 
ls mmc 0:2
<DIR>       4096 .
<DIR>       4096 ..
<DIR>      16384 lost+found
<DIR>       4096 include
<DIR>       4096 srv
<DIR>       4096 home
<DIR>       4096 media
<DIR>       4096 opt
<DIR>       4096 var
<DIR>       4096 sys
<DIR>       4096 boot
<DIR>       4096 dev
<DIR>       4096 usr
<DIR>       4096 bin
<DIR>       4096 mnt
<DIR>       4096 etc
<DIR>       4096 sbin
<DIR>       4096 www
<SYM>          8 tmp
<DIR>       4096 proc
<DIR>       4096 run
<DIR>       4096 lib
<DIR>       4096 test
- 02:35:14 [INFO] Host: part uuid mmc 0:2
- 02:35:14 [INFO] Target: 
part uuid mmc 0:2
00000000-02
- 02:35:14 [INFO] Host: printenv
- 02:35:14 [INFO] Target: 
printenv
_initramfs=-
arch=arm
args_mmc=run finduuid;setenv bootargs console=${console} ${optargs} root=PARTUUID=${uuid} rw rootfstype=${mmcrootfstype}
autoload=no
baudrate=115200
board=dra7xx
board_name=dra72x-revc
board_rev=C.1
bootargs=console=ttyO0,115200n8 earlyprintk=serial,ttyO0,115200n8 rootwait  ip=:::::eth0:dhcp 
bootcmd=
bootdelay=2
bootdir=/boot
bootenvfile=uEnv.txt
bootfile=zImage
bootm_size=0x10000000
bootpart=0:2
bootscript=echo Running bootscript from mmc${mmcdev} ...; source ${loadaddr}
console=ttyO0,115200n8
cpu=armv7
dfu_alt_info_emmc=rawemmc raw 0 3751936;boot part 1 1;rootfs part 1 2;MLO fat 1 1;MLO.raw raw 0x100 0x100;u-boot.img.raw raw 0x300 0x400;spl-os-args.raw raw 0x80 0x80;spl-os-image.raw raw 0x900 0x2000;spl-os-args fat 1 1;spl-os-image fat 1 1;u-boot.img fat 1 1;uEnv.txt fat 1 1
dfu_alt_info_mmc=boot part 0 1;rootfs part 0 2;MLO fat 0 1;MLO.raw raw 0x100 0x100;u-boot.img.raw raw 0x300 0x400;spl-os-args.raw raw 0x80 0x80;spl-os-image.raw raw 0x900 0x2000;spl-os-args fat 0 1;spl-os-image fat 0 1;u-boot.img fat 0 1;uEnv.txt fat 0 1
dfu_alt_info_qspi=MLO raw 0x0 0x040000;u-boot.img raw 0x040000 0x0100000;u-boot-spl-os raw 0x140000 0x080000;u-boot-env raw 0x1C0000 0x010000;u-boot-env.backup raw 0x1D0000 0x010000;kernel raw 0x1E0000 0x800000
dfu_alt_info_ram=kernel ram 0x80200000 0x4000000;fdt ram 0x80f80000 0x80000;ramdisk ram 0x81000000 0x4000000
dfu_bufsiz=0x10000
dnsip=192.0.2.2
dnsip2=192.0.2.3
dofastboot=0
envboot=mmc dev ${mmcdev}; if mmc rescan; then echo SD/MMC found on device ${mmcdev};if run loadbootscript; then run bootscript;else if run loadbootenv; then echo Loaded env from ${bootenvfile};run importbootenv;fi;if test -n $uenvcmd; then echo Running uenvcmd ...;run uenvcmd;fi;fi;fi;
ethact=ethernet@48484000
ethaddr=5c:f8:21:14:54:c8
fdt_addr_r=0x88000000
fdtaddr=0x88000000
fdtcontroladdr=fdf12218
fdtfile=undefined
fileaddr=88000000
filesize=15a7a
findfdt=if test $board_name = omap5_uevm; then setenv fdtfile omap5-uevm.dtb; fi; if test $board_name = dra7xx; then setenv fdtfile dra7-evm.dtb; fi;if test $board_name = dra72x-revc; then setenv fdtfile dra72-evm-revc.dtb; fi;if test $board_name = dra72x; then setenv fdtfile dra72-evm.dtb; fi;if test $board_name = beagle_x15; then setenv fdtfile am57xx-beagle-x15.dtb; fi;if test $board_name = beagle_x15_revb1; then setenv fdtfile am57xx-beagle-x15-revb1.dtb; fi;if test $board_name = am57xx_evm; then setenv fdtfile am57xx-evm.dtb; fi;if test $board_name = am57xx_evm_reva3; then setenv fdtfile am57xx-evm-reva3.dtb; fi;if test $board_name = am572x_idk; then setenv fdtfile am572x-idk.dtb; fi;if test $board_name = am571x_idk && test $idk_lcd = no; then setenv fdtfile am571x-idk.dtb; fi;if test $board_name = am571x_idk && test $idk_lcd = osd101t2045; then setenv fdtfile am571x-idk-lcd-osd.dtb; fi;if test $fdtfile = undefined; then echo WARNING: Could not determine device tree to use; fi; 
finduuid=part uuid mmc ${bootpart} uuid
gatewayip=192.168.0.1
importbootenv=echo Importing environment from mmc${mmcdev} ...; env import -t ${loadaddr} ${filesize}
ipaddr=192.168.0.72
kernel_addr_r=0x82000000
loadaddr=0x82000000
loadbootenv=fatload mmc ${mmcdev} ${loadaddr} ${bootenvfile}
loadbootscript=fatload mmc ${mmcdev} ${loadaddr} boot.scr
loadfdt=load mmc ${bootpart} ${fdtaddr} ${bootdir}/${fdtfile};
loadimage=load mmc ${bootpart} ${loadaddr} ${bootdir}/${bootfile}
mmcboot=mmc dev ${mmcdev}; if mmc rescan; then echo SD/MMC found on device ${mmcdev};if run loadimage; then run loadfdt; echo Booting from mmc${mmcdev} ...; run args_mmc; bootz ${loadaddr} - ${fdtaddr}; fi;fi;
mmcdev=0
mmcrootfstype=ext4 rootwait
netargs=setenv bootargs console=${console} ${optargs} root=/dev/nfs nfsroot=${serverip}:${rootpath},${nfsopts} rw ip=dhcp
netboot=echo Booting from network ...; setenv autoload no; dhcp; run netloadimage; run netloadfdt; run netargs; bootz ${loadaddr} - ${fdtaddr}
netloadfdt=tftp ${fdtaddr} ${fdtfile}
netloadimage=tftp ${loadaddr} ${bootfile}
netmask=255.255.255.0
nfsopts=nolock
partitions=uuid_disk=${uuid_gpt_disk};name=rootfs,start=2MiB,size=-,uuid=${uuid_gpt_rootfs}
partitions_android=uuid_disk=${uuid_gpt_disk};name=xloader,start=128K,size=128K,uuid=${uuid_gpt_xloader};name=bootloader,size=384K,uuid=${uuid_gpt_bootloader};name=environment,size=128K,uuid=${uuid_gpt_environment};name=misc,size=128K,uuid=${uuid_gpt_misc};name=efs,start=1280K,size=16M,uuid=${uuid_gpt_efs};name=crypto,size=16K,uuid=${uuid_gpt_crypto};name=recovery,size=10M,uuid=${uuid_gpt_recovery};name=boot,size=10M,uuid=${uuid_gpt_boot};name=system,size=768M,uuid=${uuid_gpt_system};name=cache,size=256M,uuid=${uuid_gpt_cache};name=ipu1,size=1M,uuid=${uuid_gpt_ipu1};name=ipu2,size=1M,uuid=${uuid_gpt_ipu2};name=userdata,size=-,uuid=${uuid_gpt_userdata}
pxefile_addr_r=0x80100000
ramdisk_addr_r=0x88080000
rdaddr=0x88080000
rootpath=/export/rootfs
scriptaddr=0x80000000
scsidevs=1
serial#=0501101f6f3e0001
serverip=192.168.0.1
soc=omap5
static_ip=${ipaddr}:${serverip}:${gatewayip}:${netmask}:${hostname}::off
stderr=serial@4806a000
stdin=serial@4806a000
stdout=serial@4806a000
usbtty=cdc_acm
vendor=ti
ver=U-Boot 2016.05-00108-g95c03ee (Aug 17 2016 - 08:44:18 -0500)
vram=16M
Environment size: 5337/131067 bytes
- 02:35:14 [INFO] Host: setenv bootargs ''${bootargs}' root=PARTUUID=00000000-02 rw rootfstype=ext4 rootwait '
- 02:35:14 [INFO] Target: 
setenv bootargs ''${bootargs}' root=PARTUUID=00000000-02 rw rootfstype=ext4 rootwait '
- 02:35:14 [INFO] Host: printenv
- 02:35:15 [INFO] Target: 
printenv
_initramfs=-
arch=arm
args_mmc=run finduuid;setenv bootargs console=${console} ${optargs} root=PARTUUID=${uuid} rw rootfstype=${mmcrootfstype}
autoload=no
baudrate=115200
board=dra7xx
board_name=dra72x-revc
board_rev=C.1
bootargs=console=ttyO0,115200n8 earlyprintk=serial,ttyO0,115200n8 rootwait  ip=:::::eth0:dhcp  root=PARTUUID=00000000-02 rw rootfstype=ext4 rootwait 
bootcmd=
bootdelay=2
bootdir=/boot
bootenvfile=uEnv.txt
bootfile=zImage
bootm_size=0x10000000
bootpart=0:2
bootscript=echo Running bootscript from mmc${mmcdev} ...; source ${loadaddr}
console=ttyO0,115200n8
cpu=armv7
dfu_alt_info_emmc=rawemmc raw 0 3751936;boot part 1 1;rootfs part 1 2;MLO fat 1 1;MLO.raw raw 0x100 0x100;u-boot.img.raw raw 0x300 0x400;spl-os-args.raw raw 0x80 0x80;spl-os-image.raw raw 0x900 0x2000;spl-os-args fat 1 1;spl-os-image fat 1 1;u-boot.img fat 1 1;uEnv.txt fat 1 1
dfu_alt_info_mmc=boot part 0 1;rootfs part 0 2;MLO fat 0 1;MLO.raw raw 0x100 0x100;u-boot.img.raw raw 0x300 0x400;spl-os-args.raw raw 0x80 0x80;spl-os-image.raw raw 0x900 0x2000;spl-os-args fat 0 1;spl-os-image fat 0 1;u-boot.img fat 0 1;uEnv.txt fat 0 1
dfu_alt_info_qspi=MLO raw 0x0 0x040000;u-boot.img raw 0x040000 0x0100000;u-boot-spl-os raw 0x140000 0x080000;u-boot-env raw 0x1C0000 0x010000;u-boot-env.backup raw 0x1D0000 0x010000;kernel raw 0x1E0000 0x800000
dfu_alt_info_ram=kernel ram 0x80200000 0x4000000;fdt ram 0x80f80000 0x80000;ramdisk ram 0x81000000 0x4000000
dfu_bufsiz=0x10000
dnsip=192.0.2.2
dnsip2=192.0.2.3
dofastboot=0
envboot=mmc dev ${mmcdev}; if mmc rescan; then echo SD/MMC found on device ${mmcdev};if run loadbootscript; then run bootscript;else if run loadbootenv; then echo Loaded env from ${bootenvfile};run importbootenv;fi;if test -n $uenvcmd; then echo Running uenvcmd ...;run uenvcmd;fi;fi;fi;
ethact=ethernet@48484000
ethaddr=5c:f8:21:14:54:c8
fdt_addr_r=0x88000000
fdtaddr=0x88000000
fdtcontroladdr=fdf12218
fdtfile=undefined
fileaddr=88000000
filesize=15a7a
findfdt=if test $board_name = omap5_uevm; then setenv fdtfile omap5-uevm.dtb; fi; if test $board_name = dra7xx; then setenv fdtfile dra7-evm.dtb; fi;if test $board_name = dra72x-revc; then setenv fdtfile dra72-evm-revc.dtb; fi;if test $board_name = dra72x; then setenv fdtfile dra72-evm.dtb; fi;if test $board_name = beagle_x15; then setenv fdtfile am57xx-beagle-x15.dtb; fi;if test $board_name = beagle_x15_revb1; then setenv fdtfile am57xx-beagle-x15-revb1.dtb; fi;if test $board_name = am57xx_evm; then setenv fdtfile am57xx-evm.dtb; fi;if test $board_name = am57xx_evm_reva3; then setenv fdtfile am57xx-evm-reva3.dtb; fi;if test $board_name = am572x_idk; then setenv fdtfile am572x-idk.dtb; fi;if test $board_name = am571x_idk && test $idk_lcd = no; then setenv fdtfile am571x-idk.dtb; fi;if test $board_name = am571x_idk && test $idk_lcd = osd101t2045; then setenv fdtfile am571x-idk-lcd-osd.dtb; fi;if test $fdtfile = undefined; then echo WARNING: Could not determine device tree to use; fi; 
finduuid=part uuid mmc ${bootpart} uuid
gatewayip=192.168.0.1
importbootenv=echo Importing environment from mmc${mmcdev} ...; env import -t ${loadaddr} ${filesize}
ipaddr=192.168.0.72
kernel_addr_r=0x82000000
loadaddr=0x82000000
loadbootenv=fatload mmc ${mmcdev} ${loadaddr} ${bootenvfile}
loadbootscript=fatload mmc ${mmcdev} ${loadaddr} boot.scr
loadfdt=load mmc ${bootpart} ${fdtaddr} ${bootdir}/${fdtfile};
loadimage=load mmc ${bootpart} ${loadaddr} ${bootdir}/${bootfile}
mmcboot=mmc dev ${mmcdev}; if mmc rescan; then echo SD/MMC found on device ${mmcdev};if run loadimage; then run loadfdt; echo Booting from mmc${mmcdev} ...; run args_mmc; bootz ${loadaddr} - ${fdtaddr}; fi;fi;
mmcdev=0
mmcrootfstype=ext4 rootwait
netargs=setenv bootargs console=${console} ${optargs} root=/dev/nfs nfsroot=${serverip}:${rootpath},${nfsopts} rw ip=dhcp
netboot=echo Booting from network ...; setenv autoload no; dhcp; run netloadimage; run netloadfdt; run netargs; bootz ${loadaddr} - ${fdtaddr}
netloadfdt=tftp ${fdtaddr} ${fdtfile}
netloadimage=tftp ${loadaddr} ${bootfile}
netmask=255.255.255.0
nfsopts=nolock
partitions=uuid_disk=${uuid_gpt_disk};name=rootfs,start=2MiB,size=-,uuid=${uuid_gpt_rootfs}
partitions_android=uuid_disk=${uuid_gpt_disk};name=xloader,start=128K,size=128K,uuid=${uuid_gpt_xloader};name=bootloader,size=384K,uuid=${uuid_gpt_bootloader};name=environment,size=128K,uuid=${uuid_gpt_environment};name=misc,size=128K,uuid=${uuid_gpt_misc};name=efs,start=1280K,size=16M,uuid=${uuid_gpt_efs};name=crypto,size=16K,uuid=${uuid_gpt_crypto};name=recovery,size=10M,uuid=${uuid_gpt_recovery};name=boot,size=10M,uuid=${uuid_gpt_boot};name=system,size=768M,uuid=${uuid_gpt_system};name=cache,size=256M,uuid=${uuid_gpt_cache};name=ipu1,size=1M,uuid=${uuid_gpt_ipu1};name=ipu2,size=1M,uuid=${uuid_gpt_ipu2};name=userdata,size=-,uuid=${uuid_gpt_userdata}
pxefile_addr_r=0x80100000
ramdisk_addr_r=0x88080000
rdaddr=0x88080000
rootpath=/export/rootfs
scriptaddr=0x80000000
scsidevs=1
serial#=0501101f6f3e0001
serverip=192.168.0.1
soc=omap5
static_ip=${ipaddr}:${serverip}:${gatewayip}:${netmask}:${hostname}::off
stderr=serial@4806a000
stdin=serial@4806a000
stdout=serial@4806a000
usbtty=cdc_acm
vendor=ti
ver=U-Boot 2016.05-00108-g95c03ee (Aug 17 2016 - 08:44:18 -0500)
vram=16M
Environment size: 5392/131067 bytes
- 02:35:15 [INFO] Host: setenv bootcmd ''${bootcmd}' if iminfo ${loadaddr}; then bootm ${loadaddr} ${_initramfs} ${fdt_addr_r}; else bootz ${loadaddr} ${_initramfs} ${fdt_addr_r}; bootm ${loadaddr} ${_initramfs} ${fdt_addr_r}; fi'
- 02:35:15 [INFO] Target: 
setenv bootcmd ''${bootcmd}' if iminfo ${loadaddr}; then bootm ${loadaddr} ${_initramfs} ${fdt_addr_r}; else bootz ${loadaddr} ${_initramfs} ${fdt_addr_r}; bootm ${loadaddr} ${_initramfs} ${fdt_addr_r}; fi'
- 02:35:15 [INFO] Host: version
- 02:35:15 [INFO] Target: 
version
U-Boot 2016.05-00108-g95c03ee (Aug 17 2016 - 08:44:18 -0500)
arm-linux-gnueabihf-gcc (Linaro GCC 5.3-2016.02) 5.3.1 20160113
GNU ld (GNU Binutils) 2.25.0 Linaro 2015_10
- 02:35:15 [INFO] Host: bdinfo
- 02:35:15 [INFO] Target: 
bdinfo
arch_number = 0x00000000
boot_params = 0x80000100
DRAM bank   = 0x00000000
-> start    = 0x80000000
-> size     = 0x7F000000
DRAM bank   = 0x00000001
-> start    = 0x00000000
-> size     = 0x00000000
baudrate    = 115200 bps
TLB addr    = 0xFEFF0000
relocaddr   = 0xFEF46000
reloc off   = 0x7E746000
irq_sp      = 0xFDF12200
sp start    = 0xFDF121F0
- 02:35:15 [INFO] Host: mmc rescan; echo $?
- 02:35:16 [INFO] Target: 
mmc rescan; echo $?
- 02:35:16 [INFO] Host: fatwrite mmc ${mmcdev}:1 ${loadaddr} ws-calibrate.rules 4
- 02:35:16 [INFO] Target: 
fatwrite mmc ${mmcdev}:1 ${loadaddr} ws-calibrate.rules 4
writing ws-calibrate.rules
4 bytes written
- 02:35:16 [INFO] Host: boot
- 02:38:46 [ERROR] On command: boot waiting for boot.+?(?-mix:login:) >>> error: execution expired
- 02:38:46 [INFO] Target: 
boot
## Checking Image at 82000000 ...
Unknown image format!
Kernel image @ 0x82000000 [ 0x000000 - 0x68fec8 ]
## Flattened Device Tree blob at 88000000
   Booting using the fdt blob at 0x88000000
   Loading Device Tree to 8ffe7000, end 8ffffa79 ... OK
Starting kernel ...
[    0.000000] Booting Linux on physical CPU 0x0
[    0.000000] Linux version 4.8.0-rc2-next-20160819-00002-g26e00a4320a0 (nmenon@horus) (gcc version 4.9.3 20150413 (prerelease) (Linaro GCC 4.9-2015.05) ) #3 SMP Fri Aug 19 01:30:30 CDT 2016
[    0.000000] CPU: ARMv7 Processor [412fc0f2] revision 2 (ARMv7), cr=10c5387d
[    0.000000] CPU: div instructions available: patching division code
[    0.000000] CPU: PIPT / VIPT nonaliasing data cache, PIPT instruction cache
[    0.000000] OF: fdt:Machine model: TI DRA722
[    0.000000] cma: Reserved 64 MiB at 0xfa800000
[    0.000000] Memory policy: Data cache writealloc
[    0.000000] OMAP4: Map 0xfee00000 to fe600000 for dram barrier
[    0.000000] DRA722 ES2.0
[    0.000000] percpu: Embedded 14 pages/cpu @eefb8000 s26112 r8192 d23040 u57344
[    0.000000] Built 1 zonelists in Zone order, mobility grouping on.  Total pages: 518144
[    0.000000] Kernel command line: console=ttyO0,115200n8 earlyprintk=serial,ttyO0,115200n8 rootwait  ip=:::::eth0:dhcp  root=PARTUUID=00000000-02 rw rootfstype=ext4 rootwait 
[    0.000000] PID hash table entries: 4096 (order: 2, 16384 bytes)
[    0.000000] Dentry cache hash table entries: 131072 (order: 7, 524288 bytes)
[    0.000000] Inode-cache hash table entries: 65536 (order: 6, 262144 bytes)
[    0.000000] Memory: 1978840K/2078720K available (9216K kernel code, 1081K rwdata, 3780K rodata, 2048K init, 342K bss, 34344K reserved, 65536K cma-reserved, 1226752K highmem)
[    0.000000] Virtual kernel memory layout:
[    0.000000]     vector  : 0xffff0000 - 0xffff1000   (   4 kB)
[    0.000000]     fixmap  : 0xffc00000 - 0xfff00000   (3072 kB)
[    0.000000]     vmalloc : 0xf0800000 - 0xff800000   ( 240 MB)
[    0.000000]     lowmem  : 0xc0000000 - 0xf0000000   ( 768 MB)
[    0.000000]     pkmap   : 0xbfe00000 - 0xc0000000   (   2 MB)
[    0.000000]     modules : 0xbf000000 - 0xbfe00000   (  14 MB)
[    0.000000]       .text : 0xc0208000 - 0xc0c00000   (10208 kB)
[    0.000000]       .init : 0xc1000000 - 0xc1200000   (2048 kB)
[    0.000000]       .data : 0xc1200000 - 0xc130e520   (1082 kB)
[    0.000000]        .bss : 0xc1310000 - 0xc1365a88   ( 343 kB)
[    0.000000] SLUB: HWalign=64, Order=0-3, MinObjects=0, CPUs=1, Nodes=1
[    0.000000] Hierarchical RCU implementation.
[    0.000000] 	Build-time adjustment of leaf fanout to 32.
[    0.000000] 	RCU restricting CPUs from NR_CPUS=16 to nr_cpu_ids=1.
[    0.000000] RCU: Adjusting geometry for rcu_fanout_leaf=32, nr_cpu_ids=1
[    0.000000] NR_IRQS:16 nr_irqs:16 16
[    0.000000] OMAP clockevent source: timer1 at 32786 Hz
[    0.000000] arm_arch_timer: Architected cp15 timer(s) running at 6.14MHz (virt).
[    0.000000] clocksource: arch_sys_counter: mask: 0xffffffffffffff max_cycles: 0x16af5adb9, max_idle_ns: 440795202250 ns
[    0.000004] sched_clock: 56 bits at 6MHz, resolution 162ns, wraps every 4398046511023ns
[    0.000014] Switching to timer-based delay loop, resolution 162ns
[    0.003284] clocksource: 32k_counter: mask: 0xffffffff max_cycles: 0xffffffff, max_idle_ns: 58327039986419 ns
[    0.003290] OMAP clocksource: 32k_counter at 32768 Hz
[    0.006249] Console: colour dummy device 80x30
[    0.006269] Calibrating delay loop (skipped), value calculated using timer frequency.. 12.29 BogoMIPS (lpj=30737)
[    0.006281] pid_max: default: 32768 minimum: 301
[    0.006353] Mount-cache hash table entries: 2048 (order: 1, 8192 bytes)
[    0.006362] Mountpoint-cache hash table entries: 2048 (order: 1, 8192 bytes)
[    0.006832] CPU: Testing write buffer coherency: ok
[    0.006988] /cpus/cpu@0 missing clock-frequency property
[    0.007000] CPU0: thread -1, cpu 0, socket 0, mpidr 80000000
[    0.007018] Setting up static identity map for 0x80300000 - 0x80300098
[    0.011776] Brought up 1 CPUs
[    0.011786] SMP: Total of 1 processors activated (12.29 BogoMIPS).
[    0.011792] CPU: All CPU(s) started in SVC mode.
[    0.011824] span: 0 (max cpu_capacity = 1024)
[    0.012734] devtmpfs: initialized
[    0.033348] VFP support v0.3: implementor 41 architecture 4 part 30 variant f rev 0
[    0.033819] clocksource: jiffies: mask: 0xffffffff max_cycles: 0xffffffff, max_idle_ns: 9556302231375000 ns
[    0.034757] pinctrl core: initialized pinctrl subsystem
[    0.036315] NET: Registered protocol family 16
[    0.037833] DMA: preallocated 256 KiB pool for atomic coherent allocations
[    0.039026] omap_hwmod: l3_main_2 using broken dt data from ocp
[    0.175746] cpuidle: using governor menu
[    0.183516] OMAP GPIO hardware version 0.1
[    0.189669] irq: no irq domain found for /ocp/l4@4a000000/scm@2000/pinmux@1400 !
[    0.199862] omap-gpmc 50000000.gpmc: could not find pctldev for node /ocp/l4@4a000000/scm@2000/pinmux@1400/nand_default, deferring probe
[    0.201797] platform 4b500000.aes: Cannot lookup hwmod 'aes1'
[    0.202063] platform 4b700000.aes: Cannot lookup hwmod 'aes2'
[    0.202315] platform 480a5000.des: Cannot lookup hwmod 'des'
[    0.202563] platform 4b101000.sham: Cannot lookup hwmod 'sham'
[    0.202814] platform 48090000.rng: Cannot lookup hwmod 'rng'
[    0.205833] No ATAGs?
[    0.205848] hw-breakpoint: found 5 (+1 reserved) breakpoint and 4 watchpoint registers.
[    0.205855] hw-breakpoint: maximum watchpoint size is 8 bytes.
[    0.206906] omap4_sram_init:Unable to allocate sram needed to handle errata I688
[    0.206914] omap4_sram_init:Unable to get sram pool needed to handle errata I688
[    0.207064] OMAP DMA hardware revision 0.0
[    0.212159] Serial: AMBA PL011 UART driver
[    0.231172] omap-dma-engine 4a056000.dma-controller: OMAP DMA engine driver (LinkedList1/2/3 supported)
[    0.232928] edma 43300000.edma: memcpy is disabled
[    0.237055] edma 43300000.edma: TI EDMA DMA engine driver
[    0.237803] aic_dvdd: supplied by evm_3v3
[    0.241025] vgaarb: loaded
[    0.241681] SCSI subsystem initialized
[    0.241990] usbcore: registered new interface driver usbfs
[    0.242062] usbcore: registered new interface driver hub
[    0.242101] usbcore: registered new device driver usb
[    0.242702] omap_i2c 48070000.i2c: could not find pctldev for node /ocp/l4@4a000000/scm@2000/pinmux@1400/pinmux_i2c1_pins, deferring probe
[    0.242731] omap_i2c 4807c000.i2c: could not find pctldev for node /ocp/l4@4a000000/scm@2000/pinmux@1400/pinmux_i2c5_pins, deferring probe
[    0.243541] pps_core: LinuxPPS API ver. 1 registered
[    0.243548] pps_core: Software ver. 5.3.6 - Copyright 2005-2007 Rodolfo Giometti <giometti@linux.it>
[    0.243564] PTP clock support registered
[    0.243742] EDAC MC: Ver: 3.0.0
[    0.245747] clocksource: Switched to clocksource arch_sys_counter
[    0.253414] NET: Registered protocol family 2
[    0.253773] TCP established hash table entries: 8192 (order: 3, 32768 bytes)
[    0.253834] TCP bind hash table entries: 8192 (order: 4, 65536 bytes)
[    0.253957] TCP: Hash tables configured (established 8192 bind 8192)
[    0.254005] UDP hash table entries: 512 (order: 2, 16384 bytes)
[    0.254035] UDP-Lite hash table entries: 512 (order: 2, 16384 bytes)
[    0.254144] NET: Registered protocol family 1
[    0.254375] RPC: Registered named UNIX socket transport module.
[    0.254383] RPC: Registered udp transport module.
[    0.254388] RPC: Registered tcp transport module.
[    0.254394] RPC: Registered tcp NFSv4.1 backchannel transport module.
[    0.255188] hw perfevents: enabled with armv7_cortex_a15 PMU driver, 7 counters available
[    0.256764] futex hash table entries: 256 (order: 2, 16384 bytes)
[    0.257396] workingset: timestamp_bits=30 max_order=19 bucket_order=0
[    0.265436] squashfs: version 4.0 (2009/01/31) Phillip Lougher
[    0.266083] NFS: Registering the id_resolver key type
[    0.266106] Key type id_resolver registered
[    0.266111] Key type id_legacy registered
[    0.266143] ntfs: driver 2.1.32 [Flags: R/O].
[    0.267029] bounce: pool size: 64 pages
[    0.267179] Block layer SCSI generic (bsg) driver version 0.4 loaded (major 248)
[    0.267187] io scheduler noop registered
[    0.267193] io scheduler deadline registered
[    0.267324] io scheduler cfq registered (default)
[    0.274635] libphy: mdio_driver_register: phy-bcm-ns2-pci
[    0.275880] pinctrl-single 4a003400.pinmux: 282 pins at pa fc003400 size 1128
[    0.332015] Serial: 8250/16550 driver, 4 ports, IRQ sharing disabled
[    0.334516] SuperH (H)SCI(F) driver initialized
[    0.335503] msm_serial: driver initialized
[    0.335888] 4806a000.serial: ttyO0 at MMIO 0x4806a000 (irq = 301, base_baud = 3000000) is a OMAP UART0
[    1.121653] console [ttyO0] enabled
[    1.125633] STMicroelectronics ASC driver initialized
[    1.132546] omap_rng 48090000.rng: _od_fail_runtime_resume: FIXME: missing hwmod/omap_dev info
[    1.141544] omap_rng 48090000.rng: Failed to runtime_get device: -19
[    1.148181] omap_rng 48090000.rng: initialization failed.
[    1.155422] [drm:drm_core_init] Initialized drm 1.1.0 20060810
[    1.173590] brd: module loaded
[    1.180659] loop: module loaded
[    1.185694] ahci 4a140000.sata: SSS flag set, parallel bus scan disabled
[    1.192722] ahci 4a140000.sata: AHCI 0001.0300 32 slots 1 ports 3 Gbps 0x1 impl platform mode
[    1.201626] ahci 4a140000.sata: flags: 64bit ncq sntf stag pm led clo only pmp pio slum part ccc apst 
[    1.212082] scsi host0: ahci
[    1.215344] ata1: SATA max UDMA/133 mmio [mem 0x4a140000-0x4a1410ff] port 0x100 irq 332
[    1.230541] libphy: Fixed MDIO Bus: probed
[    1.235564] CAN device driver interface
[    1.241688] igb: Intel(R) Gigabit Ethernet Network Driver - version 5.3.0-k
[    1.248955] igb: Copyright (c) 2007-2014 Intel Corporation.
[    1.257858] cpsw 48484000.ethernet: gpio request failed, ret -517
[    1.264575] pegasus: v0.9.3 (2013/04/25), Pegasus/Pegasus II USB Ethernet driver
[    1.272343] usbcore: registered new interface driver pegasus
[    1.278304] usbcore: registered new interface driver asix
[    1.283975] usbcore: registered new interface driver ax88179_178a
[    1.290375] usbcore: registered new interface driver cdc_ether
[    1.296518] usbcore: registered new interface driver smsc75xx
[    1.302575] usbcore: registered new interface driver smsc95xx
[    1.308616] usbcore: registered new interface driver net1080
[    1.314561] usbcore: registered new interface driver cdc_subset
[    1.320779] usbcore: registered new interface driver zaurus
[    1.326653] usbcore: registered new interface driver cdc_ncm
[    1.335014] ehci_hcd: USB 2.0 'Enhanced' Host Controller (EHCI) Driver
[    1.341854] ehci-pci: EHCI PCI platform driver
[    1.346526] ehci-platform: EHCI generic platform driver
[    1.352182] ehci-orion: EHCI orion driver
[    1.356502] SPEAr-ehci: EHCI SPEAr driver
[    1.360823] ehci-st: EHCI STMicroelectronics driver
[    1.366060] ehci-exynos: EHCI EXYNOS driver
[    1.370583] ehci-atmel: EHCI Atmel driver
[    1.374905] tegra-ehci: Tegra EHCI driver
[    1.379255] ohci_hcd: USB 1.1 'Open' Host Controller (OHCI) Driver
[    1.385723] ohci-pci: OHCI PCI platform driver
[    1.390400] ohci-platform: OHCI generic platform driver
[    1.396016] ohci-omap3: OHCI OMAP3 driver
[    1.400333] SPEAr-ohci: OHCI SPEAr driver
[    1.404661] ohci-st: OHCI STMicroelectronics driver
[    1.409892] ohci-atmel: OHCI Atmel driver
[    1.414779] usbcore: registered new interface driver usb-storage
[    1.422541] mousedev: PS/2 mouse device common for all mice
[    1.431504] i2c /dev entries driver
[    1.446979] sdhci: Secure Digital Host Controller Interface driver
[    1.453442] sdhci: Copyright(c) Pierre Ossman
[    1.458956] omap_hsmmc 4809c000.mmc: Got CD GPIO
[    1.501576] Synopsys Designware Multimedia Card Interface Driver
[    1.508922] sdhci-pltfm: SDHCI platform and OF driver helper
[    1.517171] ledtrig-cpu: registered to indicate activity on CPUs
[    1.523772] usbcore: registered new interface driver usbhid
[    1.529596] usbhid: USB HID core driver
[    1.540204] NET: Registered protocol family 10
[    1.545516] sit: IPv6, IPv4 and MPLS over IPv4 tunneling driver
[    1.552177] NET: Registered protocol family 17
[    1.556830] can: controller area network core (rev 20120528 abi 9)
[    1.563327] NET: Registered protocol family 29
[    1.567971] can: raw protocol (rev 20120528)
[    1.572431] can: broadcast manager protocol (rev 20160617 t)
[    1.578343] can: netlink gateway (rev 20130117) max_hops=1
[    1.584386] Key type dns_resolver registered
[    1.589015] omap_voltage_late_init: Voltage driver support not added
[    1.595755] Power Management for TI OMAP4+ devices.
[    1.601044] ThumbEE CPU extension supported.
[    1.605504] Registering SWP/SWPB emulation handler
[    1.614611] omap-gpmc 50000000.gpmc: GPMC revision 6.0
[    1.620011] gpmc_mem_init: disabling cs 0 mapped at 0x0-0x1000000
[    1.630014] palmas 0-0058: Irq flag is 0x00000000
[    1.647819] palmas 0-0058: Muxing GPIO 1d, PWM 0, LED 0
[    1.664774] random: fast init done
[    1.673725] mmc0: new high speed MMC card at address 0001
[    1.679713] pcf857x 0-0021: probed
[    1.683486] omap_i2c 48070000.i2c: bus 0 rev0.12 at 400 kHz
[    1.701549] mmcblk0: mmc0:0001 MMC08G 7.25 GiB 
[    1.706448] mmcblk0boot0: mmc0:0001 MMC08G partition 1 8.00 MiB
[    1.712784] mmcblk0boot1: mmc0:0001 MMC08G partition 2 8.00 MiB
[    1.720119]  mmcblk0: p1 p2 p3
[    1.730979] GPIO line 991 (vin6_sel_s0) hogged as output/low
[    1.737114] pcf857x 4-0026: probed
[    1.740721] omap_i2c 4807c000.i2c: bus 4 rev0.12 at 400 kHz
[    1.790759] davinci_mdio 48485000.mdio: davinci mdio revision 1.6
[    1.797138] davinci_mdio 48485000.mdio: no live phy, scanning all
[    1.804780] davinci_mdio: probe of 48485000.mdio failed with error -5
[    1.812779] cpsw 48484000.ethernet: Detected MACID = 5c:f8:21:14:54:c8
[    1.823338] omap_hsmmc 4809c000.mmc: Got CD GPIO
[    1.832078] omap_hsmmc 4809c000.mmc: Got CD GPIO
[    1.879390] hctosys: unable to open rtc device (rtc0)
[    1.893864] net eth0: initializing cpsw version 1.15 (0)
[    1.901449] libphy: PHY 48485000.mdio:03 not found
[    1.906478] net eth0: phy "48485000.mdio:03" not found on slave 0, err -19
[    1.920047] IPv6: ADDRCONF(NETDEV_UP): eth0: link is not ready
[    1.926197] ata1: SATA link up 3.0 Gbps (SStatus 123 SControl 300)
[    1.935052] ata1.00: ATA-8: ST1000DM003-1SB10C, CC43, max UDMA/133
[    1.941594] ata1.00: 1953525168 sectors, multi 0: LBA48 NCQ (depth 31/32)
[    1.953707] ata1.00: configured for UDMA/133
[    1.958473] scsi 0:0:0:0: Direct-Access     ATA      ST1000DM003-1SB1 CC43 PQ: 0 ANSI: 5
[    1.967756] sd 0:0:0:0: [sda] 1953525168 512-byte logical blocks: (1.00 TB/932 GiB)
[    1.975780] sd 0:0:0:0: [sda] 4096-byte physical blocks
[    1.984135] sd 0:0:0:0: [sda] Write Protect is off
[    1.989266] sd 0:0:0:0: [sda] Write cache: enabled, read cache: enabled, doesn't support DPO or FUA
[    2.004953]  sda: sda1 sda2 sda3
[    2.009286] sd 0:0:0:0: [sda] Attached SCSI disk
[   11.925751] Waiting up to 110 more seconds for network.
[   21.935750] Waiting up to 100 more seconds for network.
[   31.945749] Waiting up to 90 more seconds for network.
[   41.955749] Waiting up to 80 more seconds for network.
[   51.965750] Waiting up to 70 more seconds for network.
[   61.975750] Waiting up to 60 more seconds for network.
[   71.985749] Waiting up to 50 more seconds for network.
[   81.995749] Waiting up to 40 more seconds for network.
[   92.005749] Waiting up to 30 more seconds for network.
[  102.015750] Waiting up to 20 more seconds for network.
[  112.025750] Waiting up to 10 more seconds for network.
[  121.950756] Sending DHCP requests ...... timed out!
[  205.971940] Unable to handle kernel NULL pointer dereference at virtual address 00000004
[  205.980400] pgd = c0204000
[  205.983232] [00000004] *pgd=00000000
[  205.986975] Internal error: Oops: 5 [#1] SMP ARM
[  205.991797] Modules linked in:
[  205.994987] CPU: 0 PID: 1 Comm: swapper/0 Not tainted 4.8.0-rc2-next-20160819-00002-g26e00a4320a0 #3
[  206.004524] Hardware name: Generic DRA72X (Flattened Device Tree)
[  206.010887] task: ee084000 task.stack: ee088000
[  206.015619] PC is at ic_close_devs+0x28/0x6c
[  206.020080] LR is at ic_close_devs+0x10/0x6c
[  206.024543] pc : [<c108c4b8>]    lr : [<c108c4a0>]    psr: a0000013
[  206.024543] sp : ee089e48  ip : 00000000  fp : c10d0498
[  206.036532] r10: ee709958  r9 : c1306000  r8 : c10d0498
[  206.041990] r7 : 00000000  r6 : c10d0498  r5 : 00000000  r4 : ee7336c0
[  206.048811] r3 : 00000000  r2 : 00000000  r1 : 33333333  r0 : ee709800
[  206.055629] Flags: NzCv  IRQs on  FIQs on  Mode SVC_32  ISA ARM  Segment none
[  206.063079] Control: 10c5387d  Table: 8020406a  DAC: 00000051
[  206.069080] Process swapper/0 (pid: 1, stack limit = 0xee088220)
[  206.075358] Stack: (0xee089e48 to 0xee08a000)
[  206.079906] 9e40:                   ffffffff ffffb689 ee709800 c108dccc ee72c648 00000240
[  206.088450] 9e60: 00000001 00000000 00000000 00000001 00000000 51eb851f 00000002 00000000
[  206.096997] 9e80: ffff74e5 ee798d18 00000129 00001770 00000000 c0557930 ed91779c 00000000
[  206.105537] 9ea0: c0c17824 c1355b24 c0d8a998 c1310000 c1310000 c0557a18 c0c1889c c0c17824
[  206.114084] 9ec0: c0c177a8 c0558d90 c0c17824 c0c17824 c0c177a8 ee00f000 ee00f000 c0a468f0
[  206.122634] 9ee0: ee00f000 c11112e8 c108d094 c10a6838 c1310000 c1310000 00000129 00000000
[  206.131179] 9f00: 00000000 c0301e90 c0c0778c 00000015 00000000 00000000 00000000 c0470044
[  206.139723] 9f20: 00000000 c12338b8 00000128 c0c1d2f0 c0fb00f4 c035d658 0000cccd c0e54f68
[  206.148266] 9f40: c0fae9d4 00000000 00000007 00000007 c12338a0 efffc900 c11112e8 00000007
[  206.156812] 9f60: c10a6838 c1310000 c1310000 00000129 c10a683c c1000db8 00000007 00000007
[  206.165352] 9f80: 00000000 c10005a0 00000000 c0baa21c 00000000 00000000 00000000 00000000
[  206.173895] 9fa0: 00000000 c0baa224 00000000 c0307eb8 00000000 00000000 00000000 00000000
[  206.182443] 9fc0: 00000000 00000000 00000000 00000000 00000000 00000000 00000000 00000000
[  206.190987] 9fe0: 00000000 00000000 00000000 00000000 00000013 00000000 00000620 00003000
[  206.199544] [<c108c4b8>] (ic_close_devs) from [<c108dccc>] (ip_auto_config+0xc38/0x1134)
[  206.208004] [<c108dccc>] (ip_auto_config) from [<c0301e90>] (do_one_initcall+0x40/0x174)
[  206.216464] [<c0301e90>] (do_one_initcall) from [<c1000db8>] (kernel_init_freeable+0x15c/0x1fc)
[  206.225564] [<c1000db8>] (kernel_init_freeable) from [<c0baa224>] (kernel_init+0x8/0x114)
[  206.234112] [<c0baa224>] (kernel_init) from [<c0307eb8>] (ret_from_fork+0x14/0x3c)
[  206.242022] Code: 0a000011 e5963018 e5940004 e5945000 (e5933004) 
[  206.248405] ---[ end trace 86d42e7cf9fa4358 ]---
[  206.253243] Kernel panic - not syncing: Attempted to kill init! exitcode=0x0000000b
[  206.253243] 
[  206.262791] ---[ end Kernel panic - not syncing: Attempted to kill init! exitcode=0x0000000b
[  206.262791] 
- 02:38:46 [INFO] Boot attempt 1/1 failed
- 02:38:46 [INFO] Collecting kernel traces via sysrq...
- 02:38:56 [INFO] 
- 02:39:06 [INFO] 
- 02:39:16 [INFO] 
- 02:39:16 [INFO] Disconnected serial from dra72x-evm
URL:gtsystest.telogy.design.ti.com/vatf/tigtfarm04/tigtfarm04_vatf@dra72x-evm/tigtfarm0408_19_2016_02_34_53/files/session_iteration_1/test_1
