- 06:05:41 [INFO] Starting target session
- 06:05:43 [INFO] Connected to dra72x-evm via serial 
- 06:05:43 [INFO] Host: #check prompt
- 06:05:46 [ERROR] On command: #check prompt waiting for #check prompt.+?(?-mix:((?-mix:.*\s+login)|[Pp]assword)) >>> error: execution expired
- 06:05:46 [INFO] Target: 
- 06:05:46 [INFO] Host: #check prompt
- 06:05:48 [ERROR] On command: #check prompt waiting for #check prompt.+?(?m-ix:root.*#) >>> error: execution expired
- 06:05:48 [INFO] Target: 
- 06:05:48 [INFO] Disconnected serial from dra72x-evm
- 06:06:16 [INFO] Connected to dra72x-evm via serial 
- 06:06:16 [INFO] Host: 
- 06:06:17 [INFO] Target: 
U-Boot SPL 2014.07-g705aec7 (Jan 09 2015 - 15:40:31)
DRA722 ES1.0
reading args
spl_load_image_fat_os: error reading image args, err - -1
reading u-boot.img
reading u-boot.img
U-Boot 2014.07-g705aec7 (Jan 09 2015 - 15:40:31)
CPU  : DRA722 ES1.0
Board: DRA7xx
I2C:   ready
DRAM:  1 GiB
NAND:  0 MiB
MMC:   OMAP SD/MMC: 0, OMAP SD/MMC: 1
Using default environment
SATA link 0 timeout.
AHCI 0001.0300 32 slots 1 ports 3 Gbps 0x1 impl SATA mode
flags: 64bit ncq stag pm led clo only pmp pio slum part ccc apst 
scanning bus for devices...
Found 0 device(s).
SCSI:  Net:   <ethaddr> not set. Validating first E-fuse MAC
cpsw
Hit any key to stop autoboot:  1  0 
U-Boot# 
U-Boot# 
U-Boot# 
U-Boot# 
U-Boot# 
U-Boot# 
U-Boot# 
- 06:06:17 [INFO] Host: 
- 06:06:17 [INFO] Target: 
U-Boot# 
- 06:06:17 [INFO] Host: version
- 06:06:17 [INFO] Target: 
U-Boot# version
U-Boot 2014.07-g705aec7 (Jan 09 2015 - 15:40:31)
arm-linux-gnueabihf-gcc (crosstool-NG linaro-1.13.1-4.7-2013.03-20130313 - Linaro GCC 2013.03) 4.7.3 20130226 (prerelease)
GNU ld (crosstool-NG linaro-1.13.1-4.7-2013.03-20130313 - Linaro GCC 2013.03) 2.23.1
U-Boot# 
- 06:06:17 [INFO] Host: setenv bootargs 'console=ttyO0,115200n8 earlyprintk rootwait '
- 06:06:17 [INFO] Target: 
setenv bootargs 'console=ttyO0,115200n8 earlyprintk rootwait '
U-Boot# 
- 06:06:17 [INFO] Host: setenv bootcmd  ''
- 06:06:18 [INFO] Target: 
setenv bootcmd  ''
U-Boot# 
- 06:06:18 [INFO] Host: setenv autoload 'no'
- 06:06:18 [INFO] Target: 
setenv autoload 'no'
U-Boot# 
- 06:06:18 [INFO] Host: setenv serverip '192.168.1.254'
- 06:06:18 [INFO] Target: 
setenv serverip '192.168.1.254'
U-Boot# 
- 06:06:18 [INFO] Host: printenv
- 06:06:18 [INFO] Target: 
printenv
arch=arm
autoload=no
baudrate=115200
board=dra7xx
board_name=dra72x
bootargs=console=ttyO0,115200n8 earlyprintk rootwait 
bootcmd=
bootdelay=1
bootdir=/boot
bootfile=zImage
bootm_size=0x10000000
bootpart=0:2
bootscript=echo Running bootscript from mmc${mmcdev} ...; source ${loadaddr}
console=ttyO0,115200n8
cpu=armv7
dfu_alt_info_emmc=rawemmc raw 0 3751936;boot part 1 1;rootfs part 1 2;MLO fat 1 1;MLO.raw raw 0x100 0x100;u-boot.img.raw raw 0x300 0x400;spl-os-args.raw raw 0x80 0x80;spl-os-image.raw raw 0x900 0x2000;spl-os-args fat 1 1;spl-os-image fat 1 1;u-boot.img fat 1 1;uEnv.txt fat 1 1
dfu_alt_info_mmc=boot part 0 1;rootfs part 0 2;MLO fat 0 1;MLO.raw raw 0x100 0x100;u-boot.img.raw raw 0x300 0x400;spl-os-args.raw raw 0x80 0x80;spl-os-image.raw raw 0x900 0x2000;spl-os-args fat 0 1;spl-os-image fat 0 1;u-boot.img fat 0 1;uEnv.txt fat 0 1
dfu_alt_info_ram=kernel ram 0x80200000 0x4000000;fdt ram 0x80f80000 0x80000;ramdisk ram 0x81000000 0x4000000
dfu_bufsiz=0x10000
eth1addr=08:00:28:01:f6:7f
ethact=cpsw
ethaddr=08:00:28:01:f6:7e
fdt_addr_r=0x88000000
fdtaddr=0x88000000
fdtfile=undefined
findfdt=if test $board_name = omap5_uevm; then setenv fdtfile omap5-uevm.dtb; fi; if test $board_name = dra7xx; then setenv fdtfile dra7-evm.dtb; fi;if test $board_name = dra72x; then setenv fdtfile dra72-evm.dtb; fi;if test $fdtfile = undefined; then echo WARNING: Could not determine device tree to use; fi; 
importbootenv=echo Importing environment from mmc${mmcdev} ...; env import -t ${loadaddr} ${filesize}
kernel_addr_r=0x82000000
loadaddr=0x82000000
loadbootenv=fatload mmc ${mmcdev} ${loadaddr} uEnv.txt
loadbootscript=fatload mmc ${mmcdev} ${loadaddr} boot.scr
loadfdt=load mmc ${bootpart} ${fdtaddr} ${bootdir}/${fdtfile};
loadimage=load mmc ${bootpart} ${loadaddr} ${bootdir}/${bootfile}
mmcargs=setenv bootargs console=${console} ${optargs} vram=${vram} root=${mmcroot} rootfstype=${mmcrootfstype}
mmcboot=mmc dev ${mmcdev}; if mmc rescan; then echo SD/MMC found on device ${mmcdev};if run loadbootenv; then echo Loaded environment from ${bootenv};run importbootenv;fi;if test -n $uenvcmd; then echo Running uenvcmd ...;run uenvcmd;fi;if run loadimage; then run loadfdt; echo Booting from mmc${mmcdev} ...; run mmcargs; bootz ${loadaddr} - ${fdtaddr}; fi;fi;
mmcdev=0
mmcroot=/dev/mmcblk1p2 rw
mmcrootfstype=ext4 rootwait
mtdids=nand0=nand.0
mtdparts=mtdparts=nand.0:128k(NAND.SPL),128k(NAND.SPL.backup1),128k(NAND.SPL.backup2),128k(NAND.SPL.backup3),256k(NAND.u-boot-spl-os),1m(NAND.u-boot),128k(NAND.u-boot-env),128k(NAND.u-boot-env.backup1),8m(NAND.kernel),-(NAND.file-system)
nandargs=setenv bootargs console=${console} ${optargs} root=${nandroot} rootfstype=${nandrootfstype}
nandboot=echo Booting from nand ...; run nandargs; nand read ${fdtaddr} NAND.u-boot-spl-os; nand read ${loadaddr} NAND.kernel; bootz ${loadaddr} - ${fdtaddr}
nandroot=ubi0:rootfs rw ubi.mtd=NAND.file-system,2048
nandrootfstype=ubifs rootwait=1
partitions=uuid_disk=${uuid_gpt_disk};name=rootfs,start=2MiB,size=-,uuid=${uuid_gpt_rootfs}
ramdisk_addr_r=0x88080000
rdaddr=0x88080000
scsidevs=0
serverip=192.168.1.254
soc=omap5
stderr=serial
stdin=serial
stdout=serial
usbtty=cdc_acm
vendor=ti
ver=U-Boot 2014.07-g705aec7 (Jan 09 2015 - 15:40:31)
vram=16M
Environment size: 3364/131067 bytes
U-Boot# 
- 06:06:18 [INFO] Host: printenv
- 06:06:18 [INFO] Target: 
printenv
arch=arm
autoload=no
baudrate=115200
board=dra7xx
board_name=dra72x
bootargs=console=ttyO0,115200n8 earlyprintk rootwait 
bootcmd=
bootdelay=1
bootdir=/boot
bootfile=zImage
bootm_size=0x10000000
bootpart=0:2
bootscript=echo Running bootscript from mmc${mmcdev} ...; source ${loadaddr}
console=ttyO0,115200n8
cpu=armv7
dfu_alt_info_emmc=rawemmc raw 0 3751936;boot part 1 1;rootfs part 1 2;MLO fat 1 1;MLO.raw raw 0x100 0x100;u-boot.img.raw raw 0x300 0x400;spl-os-args.raw raw 0x80 0x80;spl-os-image.raw raw 0x900 0x2000;spl-os-args fat 1 1;spl-os-image fat 1 1;u-boot.img fat 1 1;uEnv.txt fat 1 1
dfu_alt_info_mmc=boot part 0 1;rootfs part 0 2;MLO fat 0 1;MLO.raw raw 0x100 0x100;u-boot.img.raw raw 0x300 0x400;spl-os-args.raw raw 0x80 0x80;spl-os-image.raw raw 0x900 0x2000;spl-os-args fat 0 1;spl-os-image fat 0 1;u-boot.img fat 0 1;uEnv.txt fat 0 1
dfu_alt_info_ram=kernel ram 0x80200000 0x4000000;fdt ram 0x80f80000 0x80000;ramdisk ram 0x81000000 0x4000000
dfu_bufsiz=0x10000
eth1addr=08:00:28:01:f6:7f
ethact=cpsw
ethaddr=08:00:28:01:f6:7e
fdt_addr_r=0x88000000
fdtaddr=0x88000000
fdtfile=undefined
findfdt=if test $board_name = omap5_uevm; then setenv fdtfile omap5-uevm.dtb; fi; if test $board_name = dra7xx; then setenv fdtfile dra7-evm.dtb; fi;if test $board_name = dra72x; then setenv fdtfile dra72-evm.dtb; fi;if test $fdtfile = undefined; then echo WARNING: Could not determine device tree to use; fi; 
importbootenv=echo Importing environment from mmc${mmcdev} ...; env import -t ${loadaddr} ${filesize}
kernel_addr_r=0x82000000
loadaddr=0x82000000
loadbootenv=fatload mmc ${mmcdev} ${loadaddr} uEnv.txt
loadbootscript=fatload mmc ${mmcdev} ${loadaddr} boot.scr
loadfdt=load mmc ${bootpart} ${fdtaddr} ${bootdir}/${fdtfile};
loadimage=load mmc ${bootpart} ${loadaddr} ${bootdir}/${bootfile}
mmcargs=setenv bootargs console=${console} ${optargs} vram=${vram} root=${mmcroot} rootfstype=${mmcrootfstype}
mmcboot=mmc dev ${mmcdev}; if mmc rescan; then echo SD/MMC found on device ${mmcdev};if run loadbootenv; then echo Loaded environment from ${bootenv};run importbootenv;fi;if test -n $uenvcmd; then echo Running uenvcmd ...;run uenvcmd;fi;if run loadimage; then run loadfdt; echo Booting from mmc${mmcdev} ...; run mmcargs; bootz ${loadaddr} - ${fdtaddr}; fi;fi;
mmcdev=0
mmcroot=/dev/mmcblk1p2 rw
mmcrootfstype=ext4 rootwait
mtdids=nand0=nand.0
mtdparts=mtdparts=nand.0:128k(NAND.SPL),128k(NAND.SPL.backup1),128k(NAND.SPL.backup2),128k(NAND.SPL.backup3),256k(NAND.u-boot-spl-os),1m(NAND.u-boot),128k(NAND.u-boot-env),128k(NAND.u-boot-env.backup1),8m(NAND.kernel),-(NAND.file-system)
nandargs=setenv bootargs console=${console} ${optargs} root=${nandroot} rootfstype=${nandrootfstype}
nandboot=echo Booting from nand ...; run nandargs; nand read ${fdtaddr} NAND.u-boot-spl-os; nand read ${loadaddr} NAND.kernel; bootz ${loadaddr} - ${fdtaddr}
nandroot=ubi0:rootfs rw ubi.mtd=NAND.file-system,2048
nandrootfstype=ubifs rootwait=1
partitions=uuid_disk=${uuid_gpt_disk};name=rootfs,start=2MiB,size=-,uuid=${uuid_gpt_rootfs}
ramdisk_addr_r=0x88080000
rdaddr=0x88080000
scsidevs=0
serverip=192.168.1.254
soc=omap5
stderr=serial
stdin=serial
stdout=serial
usbtty=cdc_acm
vendor=ti
ver=U-Boot 2014.07-g705aec7 (Jan 09 2015 - 15:40:31)
vram=16M
Environment size: 3364/131067 bytes
U-Boot# 
- 06:06:18 [INFO] Host: setenv bootargs ''${bootargs}' ip=:::::eth0:dhcp '
- 06:06:18 [INFO] Target: 
setenv bootargs ''${bootargs}' ip=:::::eth0:dhcp '
U-Boot# 
- 06:06:18 [INFO] Host: setenv serverip '192.168.1.254'
- 06:06:19 [INFO] Target: 
setenv serverip '192.168.1.254'
U-Boot# 
- 06:06:19 [INFO] Host: setenv ipaddr dhcp
- 06:06:19 [INFO] Target: 
setenv ipaddr dhcp
U-Boot# 
- 06:06:19 [INFO] Host: setenv autoload 'no'
- 06:06:19 [INFO] Target: 
setenv autoload 'no'
U-Boot# 
- 06:06:19 [INFO] Host: dhcp
- 06:06:38 [INFO] Target: 
dhcp
cpsw Waiting for PHY auto negotiation to complete.. done
link up on port 1, speed 1000, full duplex
BOOTP broadcast 1
cpsw Waiting for PHY auto negotiation to complete...... done
BOOTP broadcast 2
cpsw Waiting for PHY auto negotiation to complete...... done
cpsw Waiting for PHY auto negotiation to complete...... done
BOOTP broadcast 3
cpsw Waiting for PHY auto negotiation to complete....... done
BOOTP broadcast 4
DHCP client bound to address 192.168.1.160
U-Boot# 
- 06:06:38 [INFO] Host: setenv serverip '192.168.1.254'
- 06:06:38 [INFO] Target: 
setenv serverip '192.168.1.254'
U-Boot# 
- 06:06:38 [INFO] Host: tftp ${loadaddr} 192.168.1.254:vatf_dra72x-evm/5ac847e25fecde2773df4aa9e445dd4d
- 06:06:56 [INFO] Target: 
tftp ${loadaddr} 192.168.1.254:vatf_dra72x-evm/5ac847e25fecde2773df4aa9e445dd4d
link up on port 1, speed 1000, full duplex
Using cpsw device
TFTP from server 192.168.1.254; our IP address is 192.168.1.160
Filename 'vatf_dra72x-evm/5ac847e25fecde2773df4aa9e445dd4d'.
Load address: 0x82000000
Loading: *#################################################################
	 #################################################################
	 #################################################################
	 #################################################################
	 #################################################################
	 #################################################################
	 ##############################################
	 349.6 KiB/s
done
Bytes transferred = 6395528 (619688 hex)
U-Boot# 
- 06:06:56 [INFO] Host: tftp ${fdt_addr_r} 192.168.1.254:vatf_dra72x-evm/572b33821c4bd262978f8f2755bb4438
- 06:06:56 [INFO] Target: 
tftp ${fdt_addr_r} 192.168.1.254:vatf_dra72x-evm/572b33821c4bd262978f8f2755bb4438
link up on port 1, speed 1000, full duplex
Using cpsw device
TFTP from server 192.168.1.254; our IP address is 192.168.1.160
Filename 'vatf_dra72x-evm/572b33821c4bd262978f8f2755bb4438'.
Load address: 0x88000000
Loading: *######
	 348.6 KiB/s
done
Bytes transferred = 76408 (12a78 hex)
U-Boot# 
- 06:06:56 [INFO] Host: ls mmc 0:1
- 06:06:56 [INFO] Target: 
ls mmc 0:1
    73592   mlo 
   432500   u-boot.img 
        4   ws-calibrate.rules 
3 file(s), 0 dir(s)
U-Boot# 
- 06:06:56 [INFO] Host: ls mmc 0:2
- 06:06:56 [INFO] Target: 
ls mmc 0:2
<DIR>       4096 .
<DIR>       4096 ..
<DIR>       4096 bin
<DIR>       4096 boot
<DIR>       4096 dev
<DIR>       4096 etc
<DIR>       4096 home
<DIR>       4096 lib
<DIR>       4096 media
<DIR>       4096 mnt
<DIR>       4096 opt
<DIR>       4096 proc
<DIR>       4096 run
<DIR>       4096 sbin
<DIR>       4096 srv
<DIR>       4096 sys
<SYM>          8 tmp
<DIR>       4096 usr
<DIR>       4096 var
<DIR>       4096 www
<DIR>       4096 test
U-Boot# 
- 06:06:56 [INFO] Host: part uuid mmc 0:2
- 06:06:56 [INFO] Target: 
part uuid mmc 0:2
00000000-02
U-Boot# 
- 06:06:56 [INFO] Host: printenv
- 06:06:57 [INFO] Target: 
printenv
arch=arm
autoload=no
baudrate=115200
board=dra7xx
board_name=dra72x
bootargs=console=ttyO0,115200n8 earlyprintk rootwait  ip=:::::eth0:dhcp 
bootcmd=
bootdelay=1
bootdir=/boot
bootfile=zImage
bootm_size=0x10000000
bootpart=0:2
bootscript=echo Running bootscript from mmc${mmcdev} ...; source ${loadaddr}
console=ttyO0,115200n8
cpu=armv7
dfu_alt_info_emmc=rawemmc raw 0 3751936;boot part 1 1;rootfs part 1 2;MLO fat 1 1;MLO.raw raw 0x100 0x100;u-boot.img.raw raw 0x300 0x400;spl-os-args.raw raw 0x80 0x80;spl-os-image.raw raw 0x900 0x2000;spl-os-args fat 1 1;spl-os-image fat 1 1;u-boot.img fat 1 1;uEnv.txt fat 1 1
dfu_alt_info_mmc=boot part 0 1;rootfs part 0 2;MLO fat 0 1;MLO.raw raw 0x100 0x100;u-boot.img.raw raw 0x300 0x400;spl-os-args.raw raw 0x80 0x80;spl-os-image.raw raw 0x900 0x2000;spl-os-args fat 0 1;spl-os-image fat 0 1;u-boot.img fat 0 1;uEnv.txt fat 0 1
dfu_alt_info_ram=kernel ram 0x80200000 0x4000000;fdt ram 0x80f80000 0x80000;ramdisk ram 0x81000000 0x4000000
dfu_bufsiz=0x10000
dnsip=192.0.2.2
dnsip2=192.0.2.3
eth1addr=08:00:28:01:f6:7f
ethact=cpsw
ethaddr=08:00:28:01:f6:7e
fdt_addr_r=0x88000000
fdtaddr=0x88000000
fdtfile=undefined
fileaddr=88000000
filesize=12a78
findfdt=if test $board_name = omap5_uevm; then setenv fdtfile omap5-uevm.dtb; fi; if test $board_name = dra7xx; then setenv fdtfile dra7-evm.dtb; fi;if test $board_name = dra72x; then setenv fdtfile dra72-evm.dtb; fi;if test $fdtfile = undefined; then echo WARNING: Could not determine device tree to use; fi; 
gatewayip=192.168.1.254
importbootenv=echo Importing environment from mmc${mmcdev} ...; env import -t ${loadaddr} ${filesize}
ipaddr=192.168.1.160
kernel_addr_r=0x82000000
loadaddr=0x82000000
loadbootenv=fatload mmc ${mmcdev} ${loadaddr} uEnv.txt
loadbootscript=fatload mmc ${mmcdev} ${loadaddr} boot.scr
loadfdt=load mmc ${bootpart} ${fdtaddr} ${bootdir}/${fdtfile};
loadimage=load mmc ${bootpart} ${loadaddr} ${bootdir}/${bootfile}
mmcargs=setenv bootargs console=${console} ${optargs} vram=${vram} root=${mmcroot} rootfstype=${mmcrootfstype}
mmcboot=mmc dev ${mmcdev}; if mmc rescan; then echo SD/MMC found on device ${mmcdev};if run loadbootenv; then echo Loaded environment from ${bootenv};run importbootenv;fi;if test -n $uenvcmd; then echo Running uenvcmd ...;run uenvcmd;fi;if run loadimage; then run loadfdt; echo Booting from mmc${mmcdev} ...; run mmcargs; bootz ${loadaddr} - ${fdtaddr}; fi;fi;
mmcdev=0
mmcroot=/dev/mmcblk1p2 rw
mmcrootfstype=ext4 rootwait
mtdids=nand0=nand.0
mtdparts=mtdparts=nand.0:128k(NAND.SPL),128k(NAND.SPL.backup1),128k(NAND.SPL.backup2),128k(NAND.SPL.backup3),256k(NAND.u-boot-spl-os),1m(NAND.u-boot),128k(NAND.u-boot-env),128k(NAND.u-boot-env.backup1),8m(NAND.kernel),-(NAND.file-system)
nandargs=setenv bootargs console=${console} ${optargs} root=${nandroot} rootfstype=${nandrootfstype}
nandboot=echo Booting from nand ...; run nandargs; nand read ${fdtaddr} NAND.u-boot-spl-os; nand read ${loadaddr} NAND.kernel; bootz ${loadaddr} - ${fdtaddr}
nandroot=ubi0:rootfs rw ubi.mtd=NAND.file-system,2048
nandrootfstype=ubifs rootwait=1
netmask=255.255.255.0
partitions=uuid_disk=${uuid_gpt_disk};name=rootfs,start=2MiB,size=-,uuid=${uuid_gpt_rootfs}
ramdisk_addr_r=0x88080000
rdaddr=0x88080000
scsidevs=0
serverip=192.168.1.254
soc=omap5
stderr=serial
stdin=serial
stdout=serial
usbtty=cdc_acm
vendor=ti
ver=U-Boot 2014.07-g705aec7 (Jan 09 2015 - 15:40:31)
vram=16M
Environment size: 3530/131067 bytes
U-Boot# 
- 06:06:57 [INFO] Host: setenv bootargs ''${bootargs}' root=PARTUUID=00000000-02 rw rootfstype=ext4 rootwait '
- 06:06:57 [INFO] Target: 
setenv bootargs ''${bootargs}' root=PARTUUID=00000000-02 rw rootfstype=ext4 rootwait '
U-Boot# 
- 06:06:57 [INFO] Host: printenv
- 06:06:57 [INFO] Target: 
printenv
arch=arm
autoload=no
baudrate=115200
board=dra7xx
board_name=dra72x
bootargs=console=ttyO0,115200n8 earlyprintk rootwait  ip=:::::eth0:dhcp  root=PARTUUID=00000000-02 rw rootfstype=ext4 rootwait 
bootcmd=
bootdelay=1
bootdir=/boot
bootfile=zImage
bootm_size=0x10000000
bootpart=0:2
bootscript=echo Running bootscript from mmc${mmcdev} ...; source ${loadaddr}
console=ttyO0,115200n8
cpu=armv7
dfu_alt_info_emmc=rawemmc raw 0 3751936;boot part 1 1;rootfs part 1 2;MLO fat 1 1;MLO.raw raw 0x100 0x100;u-boot.img.raw raw 0x300 0x400;spl-os-args.raw raw 0x80 0x80;spl-os-image.raw raw 0x900 0x2000;spl-os-args fat 1 1;spl-os-image fat 1 1;u-boot.img fat 1 1;uEnv.txt fat 1 1
dfu_alt_info_mmc=boot part 0 1;rootfs part 0 2;MLO fat 0 1;MLO.raw raw 0x100 0x100;u-boot.img.raw raw 0x300 0x400;spl-os-args.raw raw 0x80 0x80;spl-os-image.raw raw 0x900 0x2000;spl-os-args fat 0 1;spl-os-image fat 0 1;u-boot.img fat 0 1;uEnv.txt fat 0 1
dfu_alt_info_ram=kernel ram 0x80200000 0x4000000;fdt ram 0x80f80000 0x80000;ramdisk ram 0x81000000 0x4000000
dfu_bufsiz=0x10000
dnsip=192.0.2.2
dnsip2=192.0.2.3
eth1addr=08:00:28:01:f6:7f
ethact=cpsw
ethaddr=08:00:28:01:f6:7e
fdt_addr_r=0x88000000
fdtaddr=0x88000000
fdtfile=undefined
fileaddr=88000000
filesize=12a78
findfdt=if test $board_name = omap5_uevm; then setenv fdtfile omap5-uevm.dtb; fi; if test $board_name = dra7xx; then setenv fdtfile dra7-evm.dtb; fi;if test $board_name = dra72x; then setenv fdtfile dra72-evm.dtb; fi;if test $fdtfile = undefined; then echo WARNING: Could not determine device tree to use; fi; 
gatewayip=192.168.1.254
importbootenv=echo Importing environment from mmc${mmcdev} ...; env import -t ${loadaddr} ${filesize}
ipaddr=192.168.1.160
kernel_addr_r=0x82000000
loadaddr=0x82000000
loadbootenv=fatload mmc ${mmcdev} ${loadaddr} uEnv.txt
loadbootscript=fatload mmc ${mmcdev} ${loadaddr} boot.scr
loadfdt=load mmc ${bootpart} ${fdtaddr} ${bootdir}/${fdtfile};
loadimage=load mmc ${bootpart} ${loadaddr} ${bootdir}/${bootfile}
mmcargs=setenv bootargs console=${console} ${optargs} vram=${vram} root=${mmcroot} rootfstype=${mmcrootfstype}
mmcboot=mmc dev ${mmcdev}; if mmc rescan; then echo SD/MMC found on device ${mmcdev};if run loadbootenv; then echo Loaded environment from ${bootenv};run importbootenv;fi;if test -n $uenvcmd; then echo Running uenvcmd ...;run uenvcmd;fi;if run loadimage; then run loadfdt; echo Booting from mmc${mmcdev} ...; run mmcargs; bootz ${loadaddr} - ${fdtaddr}; fi;fi;
mmcdev=0
mmcroot=/dev/mmcblk1p2 rw
mmcrootfstype=ext4 rootwait
mtdids=nand0=nand.0
mtdparts=mtdparts=nand.0:128k(NAND.SPL),128k(NAND.SPL.backup1),128k(NAND.SPL.backup2),128k(NAND.SPL.backup3),256k(NAND.u-boot-spl-os),1m(NAND.u-boot),128k(NAND.u-boot-env),128k(NAND.u-boot-env.backup1),8m(NAND.kernel),-(NAND.file-system)
nandargs=setenv bootargs console=${console} ${optargs} root=${nandroot} rootfstype=${nandrootfstype}
nandboot=echo Booting from nand ...; run nandargs; nand read ${fdtaddr} NAND.u-boot-spl-os; nand read ${loadaddr} NAND.kernel; bootz ${loadaddr} - ${fdtaddr}
nandroot=ubi0:rootfs rw ubi.mtd=NAND.file-system,2048
nandrootfstype=ubifs rootwait=1
netmask=255.255.255.0
partitions=uuid_disk=${uuid_gpt_disk};name=rootfs,start=2MiB,size=-,uuid=${uuid_gpt_rootfs}
ramdisk_addr_r=0x88080000
rdaddr=0x88080000
scsidevs=0
serverip=192.168.1.254
soc=omap5
stderr=serial
stdin=serial
stdout=serial
usbtty=cdc_acm
vendor=ti
ver=U-Boot 2014.07-g705aec7 (Jan 09 2015 - 15:40:31)
vram=16M
Environment size: 3585/131067 bytes
U-Boot# 
- 06:06:57 [INFO] Host: setenv bootcmd ''${bootcmd}' if iminfo ${loadaddr}; then bootm ${loadaddr} - ${fdt_addr_r}; else bootz ${loadaddr} - ${fdt_addr_r}; bootm ${loadaddr} - ${fdt_addr_r}; fi'
- 06:06:57 [INFO] Target: 
setenv bootcmd ''${bootcmd}' if iminfo ${loadaddr}; then bootm ${loadaddr} - ${fdt_addr_r}; else bootz ${loadaddr} - ${fdt_addr_r}; bootm ${loadaddr} - ${fdt_addr_r}; fi'
U-Boot# 
- 06:06:57 [INFO] Host: version
- 06:06:58 [INFO] Target: 
version
U-Boot 2014.07-g705aec7 (Jan 09 2015 - 15:40:31)
arm-linux-gnueabihf-gcc (crosstool-NG linaro-1.13.1-4.7-2013.03-20130313 - Linaro GCC 2013.03) 4.7.3 20130226 (prerelease)
GNU ld (crosstool-NG linaro-1.13.1-4.7-2013.03-20130313 - Linaro GCC 2013.03) 2.23.1
U-Boot# 
- 06:06:58 [INFO] Host: bdinfo
- 06:06:58 [INFO] Target: 
bdinfo
arch_number = 0x00000000
boot_params = 0x80000100
DRAM bank   = 0x00000000
-> start    = 0x80000000
-> size     = 0x40000000
eth0name    = cpsw
ethaddr     = 08:00:28:01:f6:7e
current eth = cpsw
ip_addr     = 192.168.1.160
baudrate    = 115200 bps
TLB addr    = 0xBFFF0000
relocaddr   = 0xBF744000
reloc off   = 0x3EF44000
irq_sp      = 0xBE723EE0
sp start    = 0xBE723ED0
U-Boot# 
- 06:06:58 [INFO] Host: mmc rescan; echo $?
- 06:06:58 [INFO] Target: 
mmc rescan; echo $?
U-Boot# 
- 06:06:58 [INFO] Host: fatwrite mmc ${mmcdev}:1 ${loadaddr} ws-calibrate.rules 4
- 06:06:58 [INFO] Target: 
fatwrite mmc ${mmcdev}:1 ${loadaddr} ws-calibrate.rules 4
writing ws-calibrate.rules
4 bytes written
U-Boot# 
- 06:06:58 [INFO] Host: boot
- 06:09:28 [ERROR] On command: boot waiting for boot.+?(?-mix:.*\s+login) >>> error: execution expired
- 06:09:28 [INFO] Target: 
boot
## Checking Image at 82000000 ...
Unknown image format!
Kernel image @ 0x82000000 [ 0x000000 - 0x619688 ]
## Flattened Device Tree blob at 88000000
   Booting using the fdt blob at 0x88000000
   Loading Device Tree to 8ffea000, end 8ffffa77 ... OK
Starting kernel ...
[    0.000000] Booting Linux on physical CPU 0x0
[    0.000000] Linux version 4.3.0-rc1-next-20150918-00002-g3377da53ceb1 (nmenon@kahuna) (gcc version 4.6.3 (Ubuntu/Linaro 4.6.3-1ubuntu5) ) #1 SMP Fri Sep 18 06:00:05 CDT 2015
[    0.000000] CPU: ARMv7 Processor [412fc0f2] revision 2 (ARMv7), cr=10c5387d
[    0.000000] CPU: PIPT / VIPT nonaliasing data cache, PIPT instruction cache
[    0.000000] Machine model: TI DRA722
[    0.000000] cma: Reserved 64 MiB at 0xbb800000
[    0.000000] Memory policy: Data cache writealloc
[    0.000000] DRA722 ES1.0
[    0.000000] PERCPU: Embedded 12 pages/cpu @ef7a8000 s19200 r8192 d21760 u49152
[    0.000000] Built 1 zonelists in Zone order, mobility grouping on.  Total pages: 260096
[    0.000000] Kernel command line: console=ttyO0,115200n8 earlyprintk rootwait  ip=:::::eth0:dhcp  root=PARTUUID=00000000-02 rw rootfstype=ext4 rootwait 
[    0.000000] PID hash table entries: 4096 (order: 2, 16384 bytes)
[    0.000000] Dentry cache hash table entries: 131072 (order: 7, 524288 bytes)
[    0.000000] Inode-cache hash table entries: 65536 (order: 6, 262144 bytes)
[    0.000000] Memory: 957432K/1046528K available (8125K kernel code, 1019K rwdata, 3620K rodata, 1024K init, 340K bss, 23560K reserved, 65536K cma-reserved, 194560K highmem)
[    0.000000] Virtual kernel memory layout:
[    0.000000]     vector  : 0xffff0000 - 0xffff1000   (   4 kB)
[    0.000000]     fixmap  : 0xffc00000 - 0xfff00000   (3072 kB)
[    0.000000]     vmalloc : 0xf0800000 - 0xff800000   ( 240 MB)
[    0.000000]     lowmem  : 0xc0000000 - 0xf0000000   ( 768 MB)
[    0.000000]     pkmap   : 0xbfe00000 - 0xc0000000   (   2 MB)
[    0.000000]     modules : 0xbf000000 - 0xbfe00000   (  14 MB)
[    0.000000]       .text : 0xc0208000 - 0xc0d815d0   (11750 kB)
[    0.000000]       .init : 0xc0d82000 - 0xc0e82000   (1024 kB)
[    0.000000]       .data : 0xc0e82000 - 0xc0f80d60   (1020 kB)
[    0.000000]        .bss : 0xc0f83000 - 0xc0fd82e0   ( 341 kB)
[    0.000000] SLUB: HWalign=64, Order=0-3, MinObjects=0, CPUs=1, Nodes=1
[    0.000000] Hierarchical RCU implementation.
[    0.000000] 	Build-time adjustment of leaf fanout to 32.
[    0.000000] 	RCU restricting CPUs from NR_CPUS=16 to nr_cpu_ids=1.
[    0.000000] RCU: Adjusting geometry for rcu_fanout_leaf=32, nr_cpu_ids=1
[    0.000000] NR_IRQS:16 nr_irqs:16 16
[    0.000000] OMAP clockevent source: timer1 at 32768 Hz
[    0.000000] clocksource: 32k_counter: mask: 0xffffffff max_cycles: 0xffffffff, max_idle_ns: 58327039986419 ns
[    0.000000] sched_clock: 32 bits at 32kHz, resolution 30517ns, wraps every 65535999984741ns
[    0.000000] OMAP clocksource: 32k_counter at 32768 Hz
[    0.000427] Architected cp15 timer(s) running at 6.14MHz (virt).
[    0.000427] clocksource: arch_sys_counter: mask: 0xffffffffffffff max_cycles: 0x16af5adb9, max_idle_ns: 440795202250 ns
[    0.000431] sched_clock: 56 bits at 6MHz, resolution 162ns, wraps every 4398046511023ns
[    0.000441] Switching to timer-based delay loop, resolution 162ns
[    0.005559] Console: colour dummy device 80x30
[    0.005577] Calibrating delay loop (skipped), value calculated using timer frequency.. 12.29 BogoMIPS (lpj=30737)
[    0.005587] pid_max: default: 32768 minimum: 301
[    0.005672] Mount-cache hash table entries: 2048 (order: 1, 8192 bytes)
[    0.005680] Mountpoint-cache hash table entries: 2048 (order: 1, 8192 bytes)
[    0.006116] CPU: Testing write buffer coherency: ok
[    0.006304] /cpus/cpu@0 missing clock-frequency property
[    0.006315] CPU0: thread -1, cpu 0, socket 0, mpidr 80000000
[    0.006354] Setting up static identity map for 0x80209000 - 0x80209098
[    0.010214] Brought up 1 CPUs
[    0.010223] SMP: Total of 1 processors activated (12.29 BogoMIPS).
[    0.010229] CPU: All CPU(s) started in SVC mode.
[    0.011169] devtmpfs: initialized
[    0.028853] VFP support v0.3: implementor 41 architecture 4 part 30 variant f rev 0
[    0.029785] omap_hwmod: l3_main_2 using broken dt data from ocp
[    0.170331] clocksource: jiffies: mask: 0xffffffff max_cycles: 0xffffffff, max_idle_ns: 9556302231375000 ns
[    0.171617] pinctrl core: initialized pinctrl subsystem
[    0.173060] NET: Registered protocol family 16
[    0.174586] DMA: preallocated 256 KiB pool for atomic coherent allocations
[    0.176159] cpuidle: using governor ladder
[    0.176173] cpuidle: using governor menu
[    0.181510] OMAP GPIO hardware version 0.1
[    0.194022] omap-gpmc 50000000.gpmc: could not find pctldev for node /ocp/l4@4a000000/scm@2000/pinmux@1400/nand_default, deferring probe
[    0.197697] No ATAGs?
[    0.197716] hw-breakpoint: found 5 (+1 reserved) breakpoint and 4 watchpoint registers.
[    0.197723] hw-breakpoint: maximum watchpoint size is 8 bytes.
[    0.198940] omap4_sram_init:Unable to allocate sram needed to handle errata I688
[    0.198948] omap4_sram_init:Unable to get sram pool needed to handle errata I688
[    0.199082] OMAP DMA hardware revision 0.0
[    0.202159] Serial: AMBA PL011 UART driver
[    0.215266] omap-dma-engine 4a056000.dma-controller: OMAP DMA engine driver
[    0.218970] vgaarb: loaded
[    0.219572] SCSI subsystem initialized
[    0.219912] usbcore: registered new interface driver usbfs
[    0.219961] usbcore: registered new interface driver hub
[    0.219998] usbcore: registered new device driver usb
[    0.220671] omap_i2c 48070000.i2c: could not find pctldev for node /ocp/l4@4a000000/scm@2000/pinmux@1400/pinmux_i2c1_pins, deferring probe
[    0.220696] omap_i2c 4807c000.i2c: could not find pctldev for node /ocp/l4@4a000000/scm@2000/pinmux@1400/pinmux_i2c5_pins, deferring probe
[    0.221433] pps_core: LinuxPPS API ver. 1 registered
[    0.221440] pps_core: Software ver. 5.3.6 - Copyright 2005-2007 Rodolfo Giometti <giometti@linux.it>
[    0.221461] PTP clock support registered
[    0.221642] EDAC MC: Ver: 3.0.0
[    0.223482] clocksource: Switched to clocksource arch_sys_counter
[    0.231334] NET: Registered protocol family 2
[    0.231702] TCP established hash table entries: 8192 (order: 3, 32768 bytes)
[    0.231771] TCP bind hash table entries: 8192 (order: 4, 65536 bytes)
[    0.231901] TCP: Hash tables configured (established 8192 bind 8192)
[    0.231947] UDP hash table entries: 512 (order: 2, 16384 bytes)
[    0.231977] UDP-Lite hash table entries: 512 (order: 2, 16384 bytes)
[    0.232097] NET: Registered protocol family 1
[    0.232277] RPC: Registered named UNIX socket transport module.
[    0.232284] RPC: Registered udp transport module.
[    0.232289] RPC: Registered tcp transport module.
[    0.232294] RPC: Registered tcp NFSv4.1 backchannel transport module.
[    0.233029] hw perfevents: enabled with armv7_cortex_a15 PMU driver, 7 counters available
[    0.234449] futex hash table entries: 256 (order: 2, 16384 bytes)
[    0.243318] squashfs: version 4.0 (2009/01/31) Phillip Lougher
[    0.244031] NFS: Registering the id_resolver key type
[    0.244054] Key type id_resolver registered
[    0.244059] Key type id_legacy registered
[    0.244118] ntfs: driver 2.1.32 [Flags: R/O].
[    0.245127] bounce: pool size: 64 pages
[    0.245297] Block layer SCSI generic (bsg) driver version 0.4 loaded (major 249)
[    0.245312] io scheduler noop registered
[    0.245325] io scheduler deadline registered
[    0.245355] io scheduler cfq registered (default)
[    0.251722] pinctrl-single 4a003400.pinmux: 282 pins at pa fc003400 size 1128
[    0.303346] Serial: 8250/16550 driver, 4 ports, IRQ sharing disabled
[    0.305325] SuperH (H)SCI(F) driver initialized
[    0.306130] msm_serial: driver initialized
[    0.306684] omap_uart 4806a000.serial: no wakeirq for uart0
[    0.306780] 4806a000.serial: ttyO0 at MMIO 0x4806a000 (irq = 296, base_baud = 3000000) is a OMAP UART0
[    1.023619] console [ttyO0] enabled
[    1.027602] STMicroelectronics ASC driver initialized
[    1.034394] [drm] Initialized drm 1.1.0 20060810
[    1.045861] loop: module loaded
[    1.050433] ahci 4a140000.sata: SSS flag set, parallel bus scan disabled
[    1.057482] ahci 4a140000.sata: AHCI 0001.0300 32 slots 1 ports 3 Gbps 0x1 impl platform mode
[    1.066419] ahci 4a140000.sata: flags: 64bit ncq sntf stag pm led clo only pmp pio slum part ccc apst 
[    1.076881] scsi host0: ahci
[    1.080141] ata1: SATA max UDMA/133 mmio [mem 0x4a140000-0x4a1410ff] port 0x100 irq 314
[    1.093645] CAN device driver interface
[    1.098735] igb: Intel(R) Gigabit Ethernet Network Driver - version 5.3.0-k
[    1.106022] igb: Copyright (c) 2007-2014 Intel Corporation.
[    1.114351] pegasus: v0.9.3 (2013/04/25), Pegasus/Pegasus II USB Ethernet driver
[    1.122135] usbcore: registered new interface driver pegasus
[    1.128116] usbcore: registered new interface driver asix
[    1.133807] usbcore: registered new interface driver ax88179_178a
[    1.140225] usbcore: registered new interface driver cdc_ether
[    1.146392] usbcore: registered new interface driver smsc75xx
[    1.152465] usbcore: registered new interface driver smsc95xx
[    1.158521] usbcore: registered new interface driver net1080
[    1.164495] usbcore: registered new interface driver cdc_subset
[    1.170733] usbcore: registered new interface driver zaurus
[    1.176631] usbcore: registered new interface driver cdc_ncm
[    1.184576] ehci_hcd: USB 2.0 'Enhanced' Host Controller (EHCI) Driver
[    1.191429] ehci-pci: EHCI PCI platform driver
[    1.196124] ehci-platform: EHCI generic platform driver
[    1.201770] ehci-omap: OMAP-EHCI Host Controller driver
[    1.207367] ehci-orion: EHCI orion driver
[    1.211694] SPEAr-ehci: EHCI SPEAr driver
[    1.216023] ehci-st: EHCI STMicroelectronics driver
[    1.221252] ehci-exynos: EHCI EXYNOS driver
[    1.225776] ehci-atmel: EHCI Atmel driver
[    1.230102] tegra-ehci: Tegra EHCI driver
[    1.234450] ohci_hcd: USB 1.1 'Open' Host Controller (OHCI) Driver
[    1.240936] ohci-pci: OHCI PCI platform driver
[    1.245627] ohci-platform: OHCI generic platform driver
[    1.251247] ohci-omap3: OHCI OMAP3 driver
[    1.255570] SPEAr-ohci: OHCI SPEAr driver
[    1.259902] ohci-st: OHCI STMicroelectronics driver
[    1.265138] ohci-atmel: OHCI Atmel driver
[    1.269514] usbcore: registered new interface driver usb-storage
[    1.277135] mousedev: PS/2 mouse device common for all mice
[    1.286246] i2c /dev entries driver
[    1.296688] sdhci: Secure Digital Host Controller Interface driver
[    1.303174] sdhci: Copyright(c) Pierre Ossman
[    1.308606] omap_hsmmc 4809c000.mmc: Got CD GPIO
[    1.344219] Synopsys Designware Multimedia Card Interface Driver
[    1.351435] sdhci-pltfm: SDHCI platform and OF driver helper
[    1.358891] ledtrig-cpu: registered to indicate activity on CPUs
[    1.365336] usbcore: registered new interface driver usbhid
[    1.371175] usbhid: USB HID core driver
[    1.378851] NET: Registered protocol family 10
[    1.384032] sit: IPv6 over IPv4 tunneling driver
[    1.389382] NET: Registered protocol family 17
[    1.394057] can: controller area network core (rev 20120528 abi 9)
[    1.400581] NET: Registered protocol family 29
[    1.405235] can: raw protocol (rev 20120528)
[    1.409712] can: broadcast manager protocol (rev 20120528 t)
[    1.415645] can: netlink gateway (rev 20130117) max_hops=1
[    1.421700] Key type dns_resolver registered
[    1.426329] omap_voltage_late_init: Voltage driver support not added
[    1.433397] cpu cpu0: failed to get cpu0 clock: -2
[    1.438424] cpufreq-dt: probe of cpufreq-dt.0 failed with error -2
[    1.445038] Power Management for TI OMAP4+ devices.
[    1.450342] ThumbEE CPU extension supported.
[    1.454823] Registering SWP/SWPB emulation handler
[    1.464142] omap-gpmc 50000000.gpmc: GPMC revision 6.0
[    1.469568] gpmc_mem_init: disabling cs 0 mapped at 0x0-0x1000000
[    1.477850] palmas 0-0058: Irq flag is 0x00000000
[    1.500024] palmas 0-0058: Muxing GPIO 1d, PWM 0, LED 0
[    1.519877] mmc0: MAN_BKOPS_EN bit is not set
[    1.524600] GPIO line 1012 (cpsw_sel_s0) hogged as output/low
[    1.530935] pcf857x 0-0021: probed
[    1.534549] omap_i2c 48070000.i2c: bus 0 rev0.12 at 400 kHz
[    1.558682] mmc0: new high speed MMC card at address 0001
[    1.564663] mmcblk0: mmc0:0001 MMC08G 7.25 GiB 
[    1.569540] mmcblk0boot0: mmc0:0001 MMC08G partition 1 8.00 MiB
[    1.575953] pcf857x 4-0026: probed
[    1.579551] omap_i2c 4807c000.i2c: bus 4 rev0.12 at 400 kHz
[    1.588504] omap_hsmmc 4809c000.mmc: Got CD GPIO
[    1.594035] ata1: SATA link down (SStatus 0 SControl 300)
[    1.599808] mmcblk0boot1: mmc0:0001 MMC08G partition 2 8.00 MiB
[    1.608610] omap_hsmmc 4809c000.mmc: Got CD GPIO
[    1.703498] davinci_mdio 48485000.mdio: davinci mdio revision 1.6
[    1.709890] davinci_mdio 48485000.mdio: detected phy mask fffffff7
[    1.718620] libphy: 48485000.mdio: probed
[    1.722820] davinci_mdio 48485000.mdio: phy[3]: device 48485000.mdio:03, driver unknown
[    1.731937] cpsw 48484000.ethernet: Detected MACID = 08:00:28:01:f6:7e
[    1.739733] hctosys: unable to open rtc device (rtc0)
[    1.754874] net eth0: initializing cpsw version 1.15 (0)
[    1.814340] mmc1: host does not support reading read-only switch, assuming write-enable
[    1.827549] net eth0: phy found : id is : 0x20005c7a
[    1.839025] IPv6: ADDRCONF(NETDEV_UP): eth0: link is not ready
[    1.845197] mmc1: new high speed SD card at address e624
[    1.851087] mmcblk1: mmc1:e624 SU02G 1.84 GiB 
[    1.869504]  mmcblk1: p1 p2 p3
[    5.845595] cpsw 48484000.ethernet eth0: Link is Up - 1Gbps/Full - flow control rx/tx
[    5.853826] IPv6: ADDRCONF(NETDEV_CHANGE): eth0: link becomes ready
[    5.868487] Sending DHCP requests ., OK
[    6.383955] IP-Config: Got DHCP answer from 192.168.1.254, my address is 192.168.1.160
[    6.392327] IP-Config: Complete:
[    6.395716]      device=eth0, hwaddr=08:00:28:01:f6:7e, ipaddr=192.168.1.160, mask=255.255.255.0, gw=192.168.1.254
[    6.406546]      host=192.168.1.160, domain=ti.com, nis-domain=(none)
[    6.413286]      bootserver=192.168.1.254, rootserver=192.168.1.254, rootpath=
[    6.420661]      nameserver0=192.0.2.2, nameserver1=192.0.2.3
[    6.427299] ldo4: disabling
[    6.443405] EXT4-fs (mmcblk1p2): warning: maximal mount count reached, running e2fsck is recommended
[    6.525614] EXT4-fs (mmcblk1p2): recovery complete
[    6.530642] EXT4-fs (mmcblk1p2): mounted filesystem with ordered data mode. Opts: (null)
[    6.539129] VFS: Mounted root (ext4 filesystem) on device 179:50.
[    6.562227] devtmpfs: mounted
[    6.565907] Freeing unused kernel memory: 1024K (c0d82000 - c0e82000)
INIT: version 2.88 booting
Error opening /dev/fb0: No such file or directory
Starting udev
[    7.088910] udevd[93]: starting version 182
[    9.030672] FAT-fs (mmcblk1p1): Volume was not properly unmounted. Some data may be corrupt. Please run fsck.
[    9.052050] EXT4-fs (mmcblk1p3): warning: maximal mount count reached, running e2fsck is recommended
[    9.093169] EXT4-fs (mmcblk1p3): recovery complete
[    9.098224] EXT4-fs (mmcblk1p3): mounted filesystem with ordered data mode. Opts: (null)
depmod: ERROR: could not open directory /lib/modules/4.3.0-rc1-next-20150918-00002-g3377da53ceb1: No such file or directory
depmod: WARNING: -e needs -E or -F
depmod: ERROR: could not open directory /lib/modules/4.3.0-rc1-next-20150918-00002-g3377da53ceb1: No such file or directory
depmod: FATAL: could not search modules: No such file or directory
[    9.323694] EXT4-fs (mmcblk1p2): re-mounted. Opts: data=ordered
Starting Bootlog daemon: bootlogd.
[    9.390357] random: dd urandom read with 53 bits of entropy available
Populating dev cache
ALSA: Restoring mixer settings...
hwclock: can't open '/dev/misc/rtc': No such file or directory
/usr/sbin/alsactl: load_state:1729: No soundcards found...
Sat Feb 21 06:04:00 UTC 2015
hwclock: can't open '/dev/misc/rtc': No such file or directory
INIT: Entering runlevel: 5
Configuring network interfaces... udhcpc (v1.22.1) started
Sending discover...
Sending select for 192.168.1.174...
[   11.580180] Unable to handle kernel NULL pointer dereference at virtual address 0000000d
[   11.588644] pgd = c0204000
[   11.591473] [0000000d] *pgd=00000000
[   11.595212] Internal error: Oops: 17 [#1] SMP ARM
[   11.600124] Modules linked in:
[   11.603319] CPU: 0 PID: 0 Comm: swapper/0 Not tainted 4.3.0-rc1-next-20150918-00002-g3377da53ceb1 #1
[   11.612861] Hardware name: Generic DRA72X (Flattened Device Tree)
[   11.619226] task: c0e88428 ti: c0e82000 task.ti: c0e82000
[   11.624873] PC is at ip_route_input_noref+0x238/0x820
[   11.630156] LR is at dst_alloc+0x70/0x94
[   11.634260] pc : [<c08e51dc>]    lr : [<c08c8524>]    psr: 20000113
[   11.634260] sp : c0e83ce0  ip : 2e92b000  fp : 00000010
[   11.646252] r10: eed72800  r9 : eed64c00  r8 : ffffff8f
[   11.651706] r7 : c0f78900  r6 : edafbe80  r5 : 00000000  r4 : ed9bb840
[   11.658531] r3 : 00000005  r2 : c08e3cb4  r1 : 00000014  r0 : edafbe80
[   11.665350] Flags: nzCv  IRQs on  FIQs on  Mode SVC_32  ISA ARM  Segment none
[   11.672815] Control: 10c5387d  Table: adbd006a  DAC: 00000051
[   11.678816] Process swapper/0 (pid: 0, stack limit = 0xc0e82220)
[   11.685090] Stack: (0xc0e83ce0 to 0xc0e84000)
[   11.689641] 3ce0: 00000000 00000000 eededc44 00000001 ef817040 00001000 00000000 00000003
[   11.698197] 3d00: 00000000 00000010 00000000 00000000 00000000 00000000 fe01a8c0 ae01a8c0
[   11.706745] 3d20: 00000009 00000000 00000001 00070000 00000000 00000000 00000005 00000002
[   11.715293] 3d40: 00000000 00000020 eeddf900 eee0b850 ed9bb858 ed9bb840 c0f78900 00000003
[   11.723840] 3d60: 00000000 c0e83db4 eeddf9a8 c08e7588 eed72800 c02698b0 ef7ac0c0 eeddf900
[   11.732389] 3d80: eeefdf80 eeefdf80 eed72800 00000008 eed7285c c08ba230 ef817040 00000000
[   11.740930] 3da0: b1ec776a 00000002 c0faad30 eeddf900 b1ec776a eeefdf94 eed72800 eeddf900
[   11.749479] 3dc0: c0e85dd4 eeddf900 eed72cc0 00000156 c0e81980 00010000 2e92b000 c08bdb0c
[   11.758028] 3de0: 00000700 60000113 eee3d600 c08b3344 eee3d642 ed9bb9c0 eed72800 ed9bb9c0
[   11.766570] 3e00: eed72800 c073a118 eeddde78 60000113 fa4860a0 eeddf0d0 eeddde50 eeddf900
[   11.775113] 3e20: 00000156 c07359fc 00000000 c028d0bc c028d0a8 00010000 eeddf0d0 fa4860a0
[   11.783657] 3e40: 00000156 eeddf0f0 eeddde50 c0735af0 00000001 eeddf0d0 00000000 00000040
[   11.792203] 3e60: 0000012c ffff1ead c0e83ea0 c0735b6c eed72cd0 eed72cd0 00000040 c073a868
[   11.800748] 3e80: eed72cd0 00000001 00000040 c08be258 00000000 c0e84100 c0e83ea8 ef7ac980
[   11.809297] 3ea0: c0e83ea0 c0e83ea0 c0e83ea8 c0e83ea8 c0f85c00 00000000 c0e8408c 00000100
[   11.817843] 3ec0: c0e84080 c0e7d308 00000003 c0f85c00 00000003 c024dfc0 ee972964 00000000
[   11.826388] 3ee0: c0e84080 0000000a ffff1eac 00200000 ee972900 c0e7e494 00000000 00000000
[   11.834936] 3f00: 0000008f ee806000 00000001 fa213000 00000000 c024e3a4 c0e7e494 c0289208
[   11.843486] 3f20: fa212000 c0e84848 c0ec0c84 c0e83f58 fa21200c c020a6fc c0232d6c c02113d0
[   11.852029] 3f40: 60000013 ffffffff c0e83f8c c0e8450c c0e7d364 c0214694 00000001 00000000
[   11.860574] 3f60: c0f84d64 00000000 c0e84504 c0e844a4 00000000 c0e805c8 c0e8450c 00000001
[   11.869120] 3f80: c0e7d364 00000000 c0e7d388 c0e83fa8 c0232d6c c02113d0 60000013 ffffffff
[   11.877668] 3fa0: 00000051 c02113cc 00000000 c027e500 000000ed c0f83000 00000000 c0d82bf0
[   11.886214] 3fc0: ffffffff ffffffff 00000000 c0d82668 00000000 c0e1aa28 00000000 c0f835d4
[   11.894760] 3fe0: c0e84480 c0e1aa24 c0e8952c 8020406a 00000000 8020807c 00000000 00000000
[   11.903315] [<c08e51dc>] (ip_route_input_noref) from [<c08e7588>] (ip_rcv+0x390/0x72c)
[   11.911596] [<c08e7588>] (ip_rcv) from [<c08ba230>] (__netif_receive_skb_core+0x4d0/0x764)
[   11.920229] [<c08ba230>] (__netif_receive_skb_core) from [<c08bdb0c>] (netif_receive_skb_internal+0x30/0xa0)
[   11.930500] [<c08bdb0c>] (netif_receive_skb_internal) from [<c073a118>] (cpsw_rx_handler+0xa8/0x1d8)
[   11.940052] [<c073a118>] (cpsw_rx_handler) from [<c07359fc>] (__cpdma_chan_free+0x90/0xa0)
[   11.948697] [<c07359fc>] (__cpdma_chan_free) from [<c0735af0>] (__cpdma_chan_process+0xe4/0x120)
[   11.957885] [<c0735af0>] (__cpdma_chan_process) from [<c0735b6c>] (cpdma_chan_process+0x40/0x50)
[   11.967071] [<c0735b6c>] (cpdma_chan_process) from [<c073a868>] (cpsw_rx_poll+0x14/0x94)
[   11.975533] [<c073a868>] (cpsw_rx_poll) from [<c08be258>] (net_rx_action+0xf8/0x2d4)
[   11.983633] [<c08be258>] (net_rx_action) from [<c024dfc0>] (__do_softirq+0xe4/0x230)
[   11.991731] [<c024dfc0>] (__do_softirq) from [<c024e3a4>] (irq_exit+0xa8/0x114)
[   11.999376] [<c024e3a4>] (irq_exit) from [<c0289208>] (__handle_domain_irq+0x58/0xac)
[   12.007560] [<c0289208>] (__handle_domain_irq) from [<c020a6fc>] (gic_handle_irq+0x4c/0x98)
[   12.016288] [<c020a6fc>] (gic_handle_irq) from [<c0214694>] (__irq_svc+0x54/0x70)
[   12.024108] Exception stack(0xc0e83f58 to 0xc0e83fa0)
[   12.029385] 3f40:                                                       00000001 00000000
[   12.037932] 3f60: c0f84d64 00000000 c0e84504 c0e844a4 00000000 c0e805c8 c0e8450c 00000001
[   12.046480] 3f80: c0e7d364 00000000 c0e7d388 c0e83fa8 c0232d6c c02113d0 60000013 ffffffff
[   12.055031] [<c0214694>] (__irq_svc) from [<c02113d0>] (arch_cpu_idle+0x1c/0x3c)
[   12.062766] [<c02113d0>] (arch_cpu_idle) from [<c027e500>] (cpu_startup_entry+0x1cc/0x24c)
[   12.071408] [<c027e500>] (cpu_startup_entry) from [<c0d82bf0>] (start_kernel+0x358/0x3c0)
[   12.079957] Code: e5c6205e e59f25cc e3530000 e586202c (15933008) 
[   12.086343] ---[ end trace bfd30516f45a532b ]---
[   12.091164] Kernel panic - not syncing: Fatal exception in interrupt
[   12.097804] ---[ end Kernel panic - not syncing: Fatal exception in interrupt
- 06:09:28 [INFO] Boot attempt 1/1 failed
URL:gtsystest.telogy.design.ti.com/vatf/tidfarm-01.dal.design.ti.com/tidfarm-01.dal.design.ti.com_vatf@dra72x-evm/tidfarm-01.dal.design.ti.com09_18_2015_06_05_39/files/session_iteration_1/test_1
