- 10:21:55 [INFO] Starting target session
- 10:21:55 [INFO] Connected to dra7xx-evm via serial 
- 10:21:55 [INFO] Host: #check prompt
- 10:21:58 [ERROR] On command: #check prompt waiting for #check prompt.+?(?-mix:((?-mix:login:)|[Pp]assword)) >>> error: execution expired
- 10:21:58 [INFO] Target: 
#check prompt
root@dra7xx-evm:/test# 
- 10:21:58 [INFO] Host: #check prompt
- 10:21:58 [INFO] Target: 
#check prompt
root@dra7xx-evm:/test# 
- 10:21:58 [INFO] Host: sync;poweroff
- 10:22:13 [INFO] Target: 
sync;poweroff
Broadcast message from root@dra7xx-evm (ttyO0) (Tue Jul 29 14:45:46 2014):
The system is going down for system halt NOW!
INIT: Sw
INIT: Sending processes the TERM signal
root@dra7xx-evm:/test# 
INIT: Sending pStopping Dropbear SSH server: stopped /usr/sbin/dropbear (pid 421)
dropbear.
Stopping telnet daemon.
Stopping tiipclad daemon.
Stopping system message bus: dbus.
hwclock: can't open '/dev/misc/rtc': No such file or directory
Error opening /dev/fb0: No such file or directory
Stopping syslogd/klogd: stopped syslogd (pid 435)
stopped klogd (pid 438)
done
Stopping thttpd.
ALSA: Storing mixer settings...
/usr/sbin/alsactl: save_state:1590: No soundcards found...
Deconfiguring network interfaces... done.
Stopping Lighttpd Web Server: stopped /usr/sbin/lighttpd (pid 449)
lighttpd.
Stopping Matrix GUI applicationstart-stop-daemon: warning: killing process 459: No such process
***************************************************************
***************************************************************
NOTICE: This file system contains the followin GPLv3 packages:
	binutils-symlinks
	binutils
	gdbserver
	parted
If you do not wish to distribute GPLv3 components please remove
the above packages prior to distribution.  This can be done using
the opkg remove command.  i.e.:
    opkg remove <package>
Where <package> is the name printed in the list above
NOTE: If the package is a dependency of another package you
      will be notified of the dependent packages.  You should
      use the --force-removal-of-dependent-packages option to
      also remove the dependent packages as well
***************************************************************
***************************************************************
Sending all processes the TERM signal...
Sending all processes the KILL signal...
Unmounting remote filesystems...
Deactivating swap...
Unmounting local filesystems...
[ 2712.947239] EXT4-fs (mmcblk1p2): re-mounted. Opts: data=ordered
[ 2715.261268] reboot: System halted
- 10:22:13 [INFO] Disconnected serial from dra7xx-evm
- 10:22:18 [INFO] Connected to dra7xx-evm via serial 
- 10:22:18 [INFO] Host: 
- 10:22:19 [INFO] Target: 
U-Boot SPL 2014.07-00071-gaca0808 (Oct 02 2014 - 11:23:33)
DRA752 ES1.0
reading args
spl_load_image_fat_os: error reading image args, err - -1
reading u-boot.img
reading u-boot.img
U-Boot 2014.07-00071-gaca0808 (Oct 02 2014 - 11:23:33), Build: jenkins-ti-linux-3-14-y_opentest-216
CPU  : DRA752 ES1.0
Board: DRA7xx
I2C:   ready
DRAM:  1.5 GiB
NAND:  256 MiB
MMC:   OMAP SD/MMC: 0, OMAP SD/MMC: 1
Using default environment
SATA link 0 timeout.
AHCI 0001.0300 32 slots 1 ports 3 Gbps 0x1 impl SATA mode
flags: 64bit ncq stag pm led clo only pmp pio slum part ccc apst 
scanning bus for devices...
Found 0 device(s).
SCSI:  Net:   <ethaddr> not set. Validating first E-fuse MAC
cpsw
Hit any key to stop autoboot:  1  0 
U-Boot# 
U-Boot# 
U-Boot# 
U-Boot# 
U-Boot# 
U-Boot# 
U-Boot# 
- 10:22:19 [INFO] Host: 
- 10:22:19 [INFO] Target: 
U-Boot# 
- 10:22:19 [INFO] Host: version
- 10:22:20 [INFO] Target: 
version
U-Boot 2014.07-00071-gaca0808 (Oct 02 2014 - 11:23:33)
arm-linux-gnueabihf-gcc (crosstool-NG linaro-1.13.1-4.7-2013.03-20130313 - Linaro GCC 2013.03) 4.7.3 20130226 (prerelease)
GNU ld (crosstool-NG linaro-1.13.1-4.7-2013.03-20130313 - Linaro GCC 2013.03) 2.23.1
U-Boot# 
- 10:22:20 [INFO] Host: setenv bootargs 'console=ttyO0,115200n8 earlyprintk rootwait '
- 10:22:20 [INFO] Target: 
setenv bootargs 'console=ttyO0,115200n8 earlyprintk rootwait '
U-Boot# 
- 10:22:20 [INFO] Host: setenv bootcmd  ''
- 10:22:20 [INFO] Target: 
setenv bootcmd  ''
U-Boot# 
- 10:22:20 [INFO] Host: setenv autoload 'no'
- 10:22:20 [INFO] Target: 
setenv autoload 'no'
U-Boot# 
- 10:22:20 [INFO] Host: setenv serverip '192.168.0.1'
- 10:22:20 [INFO] Target: 
setenv serverip '192.168.0.1'
U-Boot# 
- 10:22:20 [INFO] Host: printenv
- 10:22:20 [INFO] Target: 
printenv
arch=arm
autoload=no
baudrate=115200
board=dra7xx
board_name=dra7xx
bootargs=console=ttyO0,115200n8 earlyprintk rootwait 
bootcmd=
bootdelay=1
bootdir=/boot
bootfile=zImage
bootm_size=0x10000000
bootpart=0:2
bootscript=echo Running bootscript from mmc${mmcdev} ...; source ${loadaddr}
console=ttyO0,115200n8
cpu=armv7
dfu_alt_info_emmc=MLO raw 0x100 0x100 mmcpart 0;u-boot.img raw 0x300 0x1000 mmcpart 0
dfu_alt_info_mmc=boot part 0 1;rootfs part 0 2;MLO fat 0 1;spl-os-args fat 0 1;spl-os-image fat 0 1;u-boot.img fat 0 1;uEnv.txt fat 0 1
dfu_alt_info_ram=kernel ram 0x80200000 0x4000000;fdt ram 0x80f80000 0x80000;ramdisk ram 0x81000000 0x4000000
dfu_bufsiz=0x10000
eth1addr=c4:ed:ba:c2:1b:55
ethact=cpsw
ethaddr=c4:ed:ba:c2:1b:54
fdt_addr_r=0x88000000
fdtaddr=0x88000000
fdtfile=undefined
findfdt=if test $board_name = omap5_uevm; then setenv fdtfile omap5-uevm.dtb; fi; if test $board_name = dra7xx; then setenv fdtfile dra7-evm.dtb; fi;if test $board_name = dra72x; then setenv fdtfile dra72-evm.dtb; fi;if test $fdtfile = undefined; then echo WARNING: Could not determine device tree to use; fi; 
importbootenv=echo Importing environment from mmc${mmcdev} ...; env import -t ${loadaddr} ${filesize}
kernel_addr_r=0x82000000
loadaddr=0x82000000
loadbootenv=fatload mmc ${mmcdev} ${loadaddr} uEnv.txt
loadbootscript=fatload mmc ${mmcdev} ${loadaddr} boot.scr
loadfdt=load mmc ${bootpart} ${fdtaddr} ${bootdir}/${fdtfile};
loadimage=load mmc ${bootpart} ${loadaddr} ${bootdir}/${bootfile}
mmcargs=setenv bootargs console=${console} ${optargs} vram=${vram} root=${mmcroot} rootfstype=${mmcrootfstype}
mmcboot=mmc dev ${mmcdev}; if mmc rescan; then echo SD/MMC found on device ${mmcdev};if run loadbootenv; then echo Loaded environment from ${bootenv};run importbootenv;fi;if test -n $uenvcmd; then echo Running uenvcmd ...;run uenvcmd;fi;if run loadimage; then run loadfdt; echo Booting from mmc${mmcdev} ...; run mmcargs; bootz ${loadaddr} - ${fdtaddr}; fi;fi;
mmcdev=0
mmcroot=/dev/mmcblk1p2 rw
mmcrootfstype=ext4 rootwait
mtdids=nand0=nand.0
mtdparts=mtdparts=nand.0:128k(NAND.SPL),128k(NAND.SPL.backup1),128k(NAND.SPL.backup2),128k(NAND.SPL.backup3),256k(NAND.u-boot-spl-os),1m(NAND.u-boot),128k(NAND.u-boot-env),128k(NAND.u-boot-env.backup1),8m(NAND.kernel),-(NAND.file-system)
nandargs=setenv bootargs console=${console} ${optargs} root=${nandroot} rootfstype=${nandrootfstype}
nandboot=echo Booting from nand ...; run nandargs; nand read ${fdtaddr} NAND.u-boot-spl-os; nand read ${loadaddr} NAND.kernel; bootz ${loadaddr} - ${fdtaddr}
nandroot=ubi0:rootfs rw ubi.mtd=NAND.file-system,2048
nandrootfstype=ubifs rootwait=1
partitions=uuid_disk=${uuid_gpt_disk};name=rootfs,start=2MiB,size=-,uuid=${uuid_gpt_rootfs}
ramdisk_addr_r=0x88080000
rdaddr=0x88080000
scsidevs=0
serverip=192.168.0.1
soc=omap5
stderr=serial
stdin=serial
stdout=serial
usbtty=cdc_acm
vendor=ti
ver=U-Boot 2014.07-00071-gaca0808 (Oct 02 2014 - 11:23:33)
vram=16M
Environment size: 3057/131067 bytes
U-Boot# 
- 10:22:20 [INFO] Host: printenv
- 10:22:21 [INFO] Target: 
printenv
arch=arm
autoload=no
baudrate=115200
board=dra7xx
board_name=dra7xx
bootargs=console=ttyO0,115200n8 earlyprintk rootwait 
bootcmd=
bootdelay=1
bootdir=/boot
bootfile=zImage
bootm_size=0x10000000
bootpart=0:2
bootscript=echo Running bootscript from mmc${mmcdev} ...; source ${loadaddr}
console=ttyO0,115200n8
cpu=armv7
dfu_alt_info_emmc=MLO raw 0x100 0x100 mmcpart 0;u-boot.img raw 0x300 0x1000 mmcpart 0
dfu_alt_info_mmc=boot part 0 1;rootfs part 0 2;MLO fat 0 1;spl-os-args fat 0 1;spl-os-image fat 0 1;u-boot.img fat 0 1;uEnv.txt fat 0 1
dfu_alt_info_ram=kernel ram 0x80200000 0x4000000;fdt ram 0x80f80000 0x80000;ramdisk ram 0x81000000 0x4000000
dfu_bufsiz=0x10000
eth1addr=c4:ed:ba:c2:1b:55
ethact=cpsw
ethaddr=c4:ed:ba:c2:1b:54
fdt_addr_r=0x88000000
fdtaddr=0x88000000
fdtfile=undefined
findfdt=if test $board_name = omap5_uevm; then setenv fdtfile omap5-uevm.dtb; fi; if test $board_name = dra7xx; then setenv fdtfile dra7-evm.dtb; fi;if test $board_name = dra72x; then setenv fdtfile dra72-evm.dtb; fi;if test $fdtfile = undefined; then echo WARNING: Could not determine device tree to use; fi; 
importbootenv=echo Importing environment from mmc${mmcdev} ...; env import -t ${loadaddr} ${filesize}
kernel_addr_r=0x82000000
loadaddr=0x82000000
loadbootenv=fatload mmc ${mmcdev} ${loadaddr} uEnv.txt
loadbootscript=fatload mmc ${mmcdev} ${loadaddr} boot.scr
loadfdt=load mmc ${bootpart} ${fdtaddr} ${bootdir}/${fdtfile};
loadimage=load mmc ${bootpart} ${loadaddr} ${bootdir}/${bootfile}
mmcargs=setenv bootargs console=${console} ${optargs} vram=${vram} root=${mmcroot} rootfstype=${mmcrootfstype}
mmcboot=mmc dev ${mmcdev}; if mmc rescan; then echo SD/MMC found on device ${mmcdev};if run loadbootenv; then echo Loaded environment from ${bootenv};run importbootenv;fi;if test -n $uenvcmd; then echo Running uenvcmd ...;run uenvcmd;fi;if run loadimage; then run loadfdt; echo Booting from mmc${mmcdev} ...; run mmcargs; bootz ${loadaddr} - ${fdtaddr}; fi;fi;
mmcdev=0
mmcroot=/dev/mmcblk1p2 rw
mmcrootfstype=ext4 rootwait
mtdids=nand0=nand.0
mtdparts=mtdparts=nand.0:128k(NAND.SPL),128k(NAND.SPL.backup1),128k(NAND.SPL.backup2),128k(NAND.SPL.backup3),256k(NAND.u-boot-spl-os),1m(NAND.u-boot),128k(NAND.u-boot-env),128k(NAND.u-boot-env.backup1),8m(NAND.kernel),-(NAND.file-system)
nandargs=setenv bootargs console=${console} ${optargs} root=${nandroot} rootfstype=${nandrootfstype}
nandboot=echo Booting from nand ...; run nandargs; nand read ${fdtaddr} NAND.u-boot-spl-os; nand read ${loadaddr} NAND.kernel; bootz ${loadaddr} - ${fdtaddr}
nandroot=ubi0:rootfs rw ubi.mtd=NAND.file-system,2048
nandrootfstype=ubifs rootwait=1
partitions=uuid_disk=${uuid_gpt_disk};name=rootfs,start=2MiB,size=-,uuid=${uuid_gpt_rootfs}
ramdisk_addr_r=0x88080000
rdaddr=0x88080000
scsidevs=0
serverip=192.168.0.1
soc=omap5
stderr=serial
stdin=serial
stdout=serial
usbtty=cdc_acm
vendor=ti
ver=U-Boot 2014.07-00071-gaca0808 (Oct 02 2014 - 11:23:33)
vram=16M
Environment size: 3057/131067 bytes
U-Boot# 
- 10:22:21 [INFO] Host: setenv bootargs ''${bootargs}' ip=:::::eth0:dhcp '
- 10:22:21 [INFO] Target: 
setenv bootargs ''${bootargs}' ip=:::::eth0:dhcp '
U-Boot# 
- 10:22:21 [INFO] Host: setenv serverip '192.168.0.1'
- 10:22:21 [INFO] Target: 
setenv serverip '192.168.0.1'
U-Boot# 
- 10:22:21 [INFO] Host: setenv ipaddr dhcp
- 10:22:21 [INFO] Target: 
setenv ipaddr dhcp
U-Boot# 
- 10:22:21 [INFO] Host: setenv autoload 'no'
- 10:22:21 [INFO] Target: 
setenv autoload 'no'
U-Boot# 
- 10:22:21 [INFO] Host: dhcp
- 10:22:26 [INFO] Target: 
dhcp
cpsw Waiting for PHY auto negotiation to complete....... done
link up on port 0, speed 1000, full duplex
BOOTP broadcast 1
DHCP client bound to address 192.168.0.195
U-Boot# 
- 10:22:26 [INFO] Host: setenv serverip '192.168.0.1'
- 10:22:26 [INFO] Target: 
setenv serverip '192.168.0.1'
U-Boot# 
- 10:22:26 [INFO] Host: tftp ${loadaddr} 192.168.0.1:vatf_dra7xx-evm/9fb69ffea38fff73c861590c0171d613
- 10:22:27 [INFO] Target: 
tftp ${loadaddr} 192.168.0.1:vatf_dra7xx-evm/9fb69ffea38fff73c861590c0171d613
link up on port 0, speed 1000, full duplex
Using cpsw device
TFTP from server 192.168.0.1; our IP address is 192.168.0.195
Filename 'vatf_dra7xx-evm/9fb69ffea38fff73c861590c0171d613'.
Load address: 0x82000000
Loading: *#################################################################
	 #################################################################
	 #################################################################
	 #################################################################
	 #################################################################
	 #################################################################
	 ###############################################
	 13.2 MiB/s
done
Bytes transferred = 6400728 (61aad8 hex)
U-Boot# 
- 10:22:27 [INFO] Host: tftp ${fdt_addr_r} 192.168.0.1:vatf_dra7xx-evm/36ca0a9f75fb1caf8dc70d4e59864eb5
- 10:22:27 [INFO] Target: 
tftp ${fdt_addr_r} 192.168.0.1:vatf_dra7xx-evm/36ca0a9f75fb1caf8dc70d4e59864eb5
link up on port 0, speed 1000, full duplex
Using cpsw device
TFTP from server 192.168.0.1; our IP address is 192.168.0.195
Filename 'vatf_dra7xx-evm/36ca0a9f75fb1caf8dc70d4e59864eb5'.
Load address: 0x88000000
Loading: *######
	 12.2 MiB/s
done
Bytes transferred = 76825 (12c19 hex)
U-Boot# 
- 10:22:27 [INFO] Host: ls mmc 0:1
- 10:22:27 [INFO] Target: 
ls mmc 0:1
  4487984   zimage 
    61116   dra7-evm.dtb 
    73624   mlo 
  2005426   u-boot 
   321784   u-boot.bin 
   433092   u-boot.img 
   744568   u-boot-spl 
    65080   u-boot-spl.bin 
        4   ws-calibrate.rules 
        0   pointercal 
10 file(s), 0 dir(s)
U-Boot# 
- 10:22:27 [INFO] Host: ls mmc 0:2
- 10:22:27 [INFO] Target: 
ls mmc 0:2
<DIR>       4096 .
<DIR>       4096 ..
<DIR>      16384 lost+found
<DIR>       4096 srv
<DIR>       4096 home
<DIR>       4096 media
<DIR>       4096 opt
<DIR>       4096 var
<DIR>       4096 sys
<DIR>       4096 boot
<DIR>       4096 dev
<DIR>       4096 usr
<DIR>       4096 bin
<DIR>       4096 mnt
<DIR>       4096 etc
<DIR>       4096 sbin
<DIR>       4096 www
<SYM>          8 tmp
<DIR>       4096 proc
<DIR>       4096 run
<DIR>       4096 lib
<DIR>       4096 Settings
<DIR>       4096 test
U-Boot# 
- 10:22:27 [INFO] Host: part uuid mmc 0:2
- 10:22:28 [INFO] Target: 
part uuid mmc 0:2
00000000-02
U-Boot# 
- 10:22:28 [INFO] Host: printenv
- 10:22:28 [INFO] Target: 
printenv
arch=arm
autoload=no
baudrate=115200
board=dra7xx
board_name=dra7xx
bootargs=console=ttyO0,115200n8 earlyprintk rootwait  ip=:::::eth0:dhcp 
bootcmd=
bootdelay=1
bootdir=/boot
bootfile=zImage
bootm_size=0x10000000
bootpart=0:2
bootscript=echo Running bootscript from mmc${mmcdev} ...; source ${loadaddr}
console=ttyO0,115200n8
cpu=armv7
dfu_alt_info_emmc=MLO raw 0x100 0x100 mmcpart 0;u-boot.img raw 0x300 0x1000 mmcpart 0
dfu_alt_info_mmc=boot part 0 1;rootfs part 0 2;MLO fat 0 1;spl-os-args fat 0 1;spl-os-image fat 0 1;u-boot.img fat 0 1;uEnv.txt fat 0 1
dfu_alt_info_ram=kernel ram 0x80200000 0x4000000;fdt ram 0x80f80000 0x80000;ramdisk ram 0x81000000 0x4000000
dfu_bufsiz=0x10000
dnsip=192.0.2.2
dnsip2=192.0.2.3
eth1addr=c4:ed:ba:c2:1b:55
ethact=cpsw
ethaddr=c4:ed:ba:c2:1b:54
fdt_addr_r=0x88000000
fdtaddr=0x88000000
fdtfile=undefined
fileaddr=88000000
filesize=12c19
findfdt=if test $board_name = omap5_uevm; then setenv fdtfile omap5-uevm.dtb; fi; if test $board_name = dra7xx; then setenv fdtfile dra7-evm.dtb; fi;if test $board_name = dra72x; then setenv fdtfile dra72-evm.dtb; fi;if test $fdtfile = undefined; then echo WARNING: Could not determine device tree to use; fi; 
gatewayip=192.168.0.1
importbootenv=echo Importing environment from mmc${mmcdev} ...; env import -t ${loadaddr} ${filesize}
ipaddr=192.168.0.195
kernel_addr_r=0x82000000
loadaddr=0x82000000
loadbootenv=fatload mmc ${mmcdev} ${loadaddr} uEnv.txt
loadbootscript=fatload mmc ${mmcdev} ${loadaddr} boot.scr
loadfdt=load mmc ${bootpart} ${fdtaddr} ${bootdir}/${fdtfile};
loadimage=load mmc ${bootpart} ${loadaddr} ${bootdir}/${bootfile}
mmcargs=setenv bootargs console=${console} ${optargs} vram=${vram} root=${mmcroot} rootfstype=${mmcrootfstype}
mmcboot=mmc dev ${mmcdev}; if mmc rescan; then echo SD/MMC found on device ${mmcdev};if run loadbootenv; then echo Loaded environment from ${bootenv};run importbootenv;fi;if test -n $uenvcmd; then echo Running uenvcmd ...;run uenvcmd;fi;if run loadimage; then run loadfdt; echo Booting from mmc${mmcdev} ...; run mmcargs; bootz ${loadaddr} - ${fdtaddr}; fi;fi;
mmcdev=0
mmcroot=/dev/mmcblk1p2 rw
mmcrootfstype=ext4 rootwait
mtdids=nand0=nand.0
mtdparts=mtdparts=nand.0:128k(NAND.SPL),128k(NAND.SPL.backup1),128k(NAND.SPL.backup2),128k(NAND.SPL.backup3),256k(NAND.u-boot-spl-os),1m(NAND.u-boot),128k(NAND.u-boot-env),128k(NAND.u-boot-env.backup1),8m(NAND.kernel),-(NAND.file-system)
nandargs=setenv bootargs console=${console} ${optargs} root=${nandroot} rootfstype=${nandrootfstype}
nandboot=echo Booting from nand ...; run nandargs; nand read ${fdtaddr} NAND.u-boot-spl-os; nand read ${loadaddr} NAND.kernel; bootz ${loadaddr} - ${fdtaddr}
nandroot=ubi0:rootfs rw ubi.mtd=NAND.file-system,2048
nandrootfstype=ubifs rootwait=1
netmask=255.255.255.0
partitions=uuid_disk=${uuid_gpt_disk};name=rootfs,start=2MiB,size=-,uuid=${uuid_gpt_rootfs}
ramdisk_addr_r=0x88080000
rdaddr=0x88080000
scsidevs=0
serverip=192.168.0.1
soc=omap5
stderr=serial
stdin=serial
stdout=serial
usbtty=cdc_acm
vendor=ti
ver=U-Boot 2014.07-00071-gaca0808 (Oct 02 2014 - 11:23:33)
vram=16M
Environment size: 3221/131067 bytes
U-Boot# 
- 10:22:28 [INFO] Host: setenv bootargs ''${bootargs}' root=PARTUUID=00000000-02 rw rootfstype=ext4 rootwait '
- 10:22:28 [INFO] Target: 
setenv bootargs ''${bootargs}' root=PARTUUID=00000000-02 rw rootfstype=ext4 rootwait '
U-Boot# 
- 10:22:28 [INFO] Host: printenv
- 10:22:28 [INFO] Target: 
printenv
arch=arm
autoload=no
baudrate=115200
board=dra7xx
board_name=dra7xx
bootargs=console=ttyO0,115200n8 earlyprintk rootwait  ip=:::::eth0:dhcp  root=PARTUUID=00000000-02 rw rootfstype=ext4 rootwait 
bootcmd=
bootdelay=1
bootdir=/boot
bootfile=zImage
bootm_size=0x10000000
bootpart=0:2
bootscript=echo Running bootscript from mmc${mmcdev} ...; source ${loadaddr}
console=ttyO0,115200n8
cpu=armv7
dfu_alt_info_emmc=MLO raw 0x100 0x100 mmcpart 0;u-boot.img raw 0x300 0x1000 mmcpart 0
dfu_alt_info_mmc=boot part 0 1;rootfs part 0 2;MLO fat 0 1;spl-os-args fat 0 1;spl-os-image fat 0 1;u-boot.img fat 0 1;uEnv.txt fat 0 1
dfu_alt_info_ram=kernel ram 0x80200000 0x4000000;fdt ram 0x80f80000 0x80000;ramdisk ram 0x81000000 0x4000000
dfu_bufsiz=0x10000
dnsip=192.0.2.2
dnsip2=192.0.2.3
eth1addr=c4:ed:ba:c2:1b:55
ethact=cpsw
ethaddr=c4:ed:ba:c2:1b:54
fdt_addr_r=0x88000000
fdtaddr=0x88000000
fdtfile=undefined
fileaddr=88000000
filesize=12c19
findfdt=if test $board_name = omap5_uevm; then setenv fdtfile omap5-uevm.dtb; fi; if test $board_name = dra7xx; then setenv fdtfile dra7-evm.dtb; fi;if test $board_name = dra72x; then setenv fdtfile dra72-evm.dtb; fi;if test $fdtfile = undefined; then echo WARNING: Could not determine device tree to use; fi; 
gatewayip=192.168.0.1
importbootenv=echo Importing environment from mmc${mmcdev} ...; env import -t ${loadaddr} ${filesize}
ipaddr=192.168.0.195
kernel_addr_r=0x82000000
loadaddr=0x82000000
loadbootenv=fatload mmc ${mmcdev} ${loadaddr} uEnv.txt
loadbootscript=fatload mmc ${mmcdev} ${loadaddr} boot.scr
loadfdt=load mmc ${bootpart} ${fdtaddr} ${bootdir}/${fdtfile};
loadimage=load mmc ${bootpart} ${loadaddr} ${bootdir}/${bootfile}
mmcargs=setenv bootargs console=${console} ${optargs} vram=${vram} root=${mmcroot} rootfstype=${mmcrootfstype}
mmcboot=mmc dev ${mmcdev}; if mmc rescan; then echo SD/MMC found on device ${mmcdev};if run loadbootenv; then echo Loaded environment from ${bootenv};run importbootenv;fi;if test -n $uenvcmd; then echo Running uenvcmd ...;run uenvcmd;fi;if run loadimage; then run loadfdt; echo Booting from mmc${mmcdev} ...; run mmcargs; bootz ${loadaddr} - ${fdtaddr}; fi;fi;
mmcdev=0
mmcroot=/dev/mmcblk1p2 rw
mmcrootfstype=ext4 rootwait
mtdids=nand0=nand.0
mtdparts=mtdparts=nand.0:128k(NAND.SPL),128k(NAND.SPL.backup1),128k(NAND.SPL.backup2),128k(NAND.SPL.backup3),256k(NAND.u-boot-spl-os),1m(NAND.u-boot),128k(NAND.u-boot-env),128k(NAND.u-boot-env.backup1),8m(NAND.kernel),-(NAND.file-system)
nandargs=setenv bootargs console=${console} ${optargs} root=${nandroot} rootfstype=${nandrootfstype}
nandboot=echo Booting from nand ...; run nandargs; nand read ${fdtaddr} NAND.u-boot-spl-os; nand read ${loadaddr} NAND.kernel; bootz ${loadaddr} - ${fdtaddr}
nandroot=ubi0:rootfs rw ubi.mtd=NAND.file-system,2048
nandrootfstype=ubifs rootwait=1
netmask=255.255.255.0
partitions=uuid_disk=${uuid_gpt_disk};name=rootfs,start=2MiB,size=-,uuid=${uuid_gpt_rootfs}
ramdisk_addr_r=0x88080000
rdaddr=0x88080000
scsidevs=0
serverip=192.168.0.1
soc=omap5
stderr=serial
stdin=serial
stdout=serial
usbtty=cdc_acm
vendor=ti
ver=U-Boot 2014.07-00071-gaca0808 (Oct 02 2014 - 11:23:33)
vram=16M
Environment size: 3276/131067 bytes
U-Boot# 
- 10:22:28 [INFO] Host: setenv bootcmd ''${bootcmd}' if iminfo ${loadaddr}; then bootm ${loadaddr} - ${fdt_addr_r}; else bootz ${loadaddr} - ${fdt_addr_r}; bootm ${loadaddr} - ${fdt_addr_r}; fi'
- 10:22:28 [INFO] Target: 
setenv bootcmd ''${bootcmd}' if iminfo ${loadaddr}; then bootm ${loadaddr} - ${fdt_addr_r}; else bootz ${loadaddr} - ${fdt_addr_r}; bootm ${loadaddr} - ${fdt_addr_r}; fi'
U-Boot# 
- 10:22:28 [INFO] Host: version
- 10:22:28 [INFO] Target: 
version
U-Boot 2014.07-00071-gaca0808 (Oct 02 2014 - 11:23:33)
arm-linux-gnueabihf-gcc (crosstool-NG linaro-1.13.1-4.7-2013.03-20130313 - Linaro GCC 2013.03) 4.7.3 20130226 (prerelease)
GNU ld (crosstool-NG linaro-1.13.1-4.7-2013.03-20130313 - Linaro GCC 2013.03) 2.23.1
U-Boot# 
- 10:22:28 [INFO] Host: bdinfo
- 10:22:29 [INFO] Target: 
bdinfo
arch_number = 0x00000000
boot_params = 0x80000100
DRAM bank   = 0x00000000
-> start    = 0x80000000
-> size     = 0x60000000
eth0name    = cpsw
ethaddr     = c4:ed:ba:c2:1b:54
current eth = cpsw
ip_addr     = 192.168.0.195
baudrate    = 115200 bps
TLB addr    = 0xDFFF0000
relocaddr   = 0xDF744000
reloc off   = 0x5EF44000
irq_sp      = 0xDE723EE0
sp start    = 0xDE723ED0
U-Boot# 
- 10:22:29 [INFO] Host: mmc rescan; echo $?
- 10:22:29 [INFO] Target: 
mmc rescan; echo $?
U-Boot# 
- 10:22:29 [INFO] Host: fatwrite mmc ${mmcdev}:1 ${loadaddr} ws-calibrate.rules 4
- 10:22:29 [INFO] Target: 
fatwrite mmc ${mmcdev}:1 ${loadaddr} ws-calibrate.rules 4
writing ws-calibrate.rules
4 bytes written
U-Boot# 
- 10:22:29 [INFO] Host: boot
- 10:24:59 [ERROR] On command: boot waiting for boot.+?(?-mix:login:) >>> error: execution expired
- 10:24:59 [INFO] Target: 
boot
## Checking Image at 82000000 ...
Unknown image format!
Kernel image @ 0x82000000 [ 0x000000 - 0x61aad8 ]
## Flattened Device Tree blob at 88000000
   Booting using the fdt blob at 0x88000000
   Loading Device Tree to 8ffea000, end 8ffffc18 ... OK
Starting kernel ...
[    0.000000] Booting Linux on physical CPU 0x0
[    0.000000] Linux version 4.2.0-next-20150910-00002-g12915d7c8793 (nmenon@kahuna) (gcc version 4.6.3 (Ubuntu/Linaro 4.6.3-1ubuntu5) ) #1 SMP Thu Sep 10 09:15:21 CDT 2015
[    0.000000] CPU: ARMv7 Processor [412fc0f2] revision 2 (ARMv7), cr=10c5387d
[    0.000000] CPU: PIPT / VIPT nonaliasing data cache, PIPT instruction cache
[    0.000000] Machine model: TI DRA742
[    0.000000] cma: Reserved 64 MiB at 0xdb800000
[    0.000000] Memory policy: Data cache writealloc
[    0.000000] DRA752 ES1.0
[    0.000000] PERCPU: Embedded 12 pages/cpu @eeb9a000 s19200 r8192 d21760 u49152
[    0.000000] Built 1 zonelists in Zone order, mobility grouping on.  Total pages: 391184
[    0.000000] Kernel command line: console=ttyO0,115200n8 earlyprintk rootwait  ip=:::::eth0:dhcp  root=PARTUUID=00000000-02 rw rootfstype=ext4 rootwait 
[    0.000000] PID hash table entries: 4096 (order: 2, 16384 bytes)
[    0.000000] Dentry cache hash table entries: 131072 (order: 7, 524288 bytes)
[    0.000000] Inode-cache hash table entries: 65536 (order: 6, 262144 bytes)
[    0.000000] Memory: 1477544K/1570816K available (8141K kernel code, 1012K rwdata, 3620K rodata, 1032K init, 340K bss, 27736K reserved, 65536K cma-reserved, 727040K highmem)
[    0.000000] Virtual kernel memory layout:
[    0.000000]     vector  : 0xffff0000 - 0xffff1000   (   4 kB)
[    0.000000]     fixmap  : 0xffc00000 - 0xfff00000   (3072 kB)
[    0.000000]     vmalloc : 0xf0000000 - 0xff000000   ( 240 MB)
[    0.000000]     lowmem  : 0xc0000000 - 0xef800000   ( 760 MB)
[    0.000000]     pkmap   : 0xbfe00000 - 0xc0000000   (   2 MB)
[    0.000000]     modules : 0xbf000000 - 0xbfe00000   (  14 MB)
[    0.000000]       .text : 0xc0208000 - 0xc0d8559c   (11766 kB)
[    0.000000]       .init : 0xc0d86000 - 0xc0e88000   (1032 kB)
[    0.000000]       .data : 0xc0e88000 - 0xc0f85320   (1013 kB)
[    0.000000]        .bss : 0xc0f88000 - 0xc0fdd2e0   ( 341 kB)
[    0.000000] SLUB: HWalign=64, Order=0-3, MinObjects=0, CPUs=2, Nodes=1
[    0.000000] Hierarchical RCU implementation.
[    0.000000] 	Build-time adjustment of leaf fanout to 32.
[    0.000000] 	RCU restricting CPUs from NR_CPUS=16 to nr_cpu_ids=2.
[    0.000000] RCU: Adjusting geometry for rcu_fanout_leaf=32, nr_cpu_ids=2
[    0.000000] NR_IRQS:16 nr_irqs:16 16
[    0.000000] OMAP clockevent source: timer1 at 32768 Hz
[    0.000000] clocksource: 32k_counter: mask: 0xffffffff max_cycles: 0xffffffff, max_idle_ns: 58327039986419 ns
[    0.000000] sched_clock: 32 bits at 32kHz, resolution 30517ns, wraps every 65535999984741ns
[    0.000030] OMAP clocksource: 32k_counter at 32768 Hz
[    0.000396] Architected cp15 timer(s) running at 6.14MHz (virt).
[    0.000427] clocksource: arch_sys_counter: mask: 0xffffffffffffff max_cycles: 0x16af5adb9, max_idle_ns: 440795202250 ns
[    0.000431] sched_clock: 56 bits at 6MHz, resolution 162ns, wraps every 4398046511023ns
[    0.000441] Switching to timer-based delay loop, resolution 162ns
[    0.005620] Console: colour dummy device 80x30
[    0.005639] Calibrating delay loop (skipped), value calculated using timer frequency.. 12.29 BogoMIPS (lpj=30737)
[    0.005650] pid_max: default: 32768 minimum: 301
[    0.005734] Mount-cache hash table entries: 2048 (order: 1, 8192 bytes)
[    0.005743] Mountpoint-cache hash table entries: 2048 (order: 1, 8192 bytes)
[    0.006191] CPU: Testing write buffer coherency: ok
[    0.006380] /cpus/cpu@0 missing clock-frequency property
[    0.006414] /cpus/cpu@1 missing clock-frequency property
[    0.006424] CPU0: thread -1, cpu 0, socket 0, mpidr 80000000
[    0.006461] Setting up static identity map for 0x80209000 - 0x80209098
[    0.010781] CPU1: thread -1, cpu 1, socket 0, mpidr 80000001
[    0.010842] Brought up 2 CPUs
[    0.010853] SMP: Total of 2 processors activated (24.58 BogoMIPS).
[    0.010859] CPU: All CPU(s) started in SVC mode.
[    0.011775] devtmpfs: initialized
[    0.029579] VFP support v0.3: implementor 41 architecture 4 part 30 variant f rev 0
[    0.030436] omap_hwmod: l3_main_2 using broken dt data from ocp
[    0.170160] clocksource: jiffies: mask: 0xffffffff max_cycles: 0xffffffff, max_idle_ns: 9556302231375000 ns
[    0.171392] pinctrl core: initialized pinctrl subsystem
[    0.172735] NET: Registered protocol family 16
[    0.174200] DMA: preallocated 256 KiB pool for atomic coherent allocations
[    0.185836] cpuidle: using governor ladder
[    0.200852] cpuidle: using governor menu
[    0.206122] OMAP GPIO hardware version 0.1
[    0.210183] irq: no irq domain found for /ocp/l4@4a000000/scm@2000/pinmux@1400 !
[    0.219825] omap-gpmc 50000000.gpmc: could not find pctldev for node /ocp/l4@4a000000/scm@2000/pinmux@1400/nand_flash_x16, deferring probe
[    0.222338] No ATAGs?
[    0.222362] hw-breakpoint: found 5 (+1 reserved) breakpoint and 4 watchpoint registers.
[    0.222369] hw-breakpoint: maximum watchpoint size is 8 bytes.
[    0.223540] omap4_sram_init:Unable to allocate sram needed to handle errata I688
[    0.223547] omap4_sram_init:Unable to get sram pool needed to handle errata I688
[    0.223675] OMAP DMA hardware revision 0.0
[    0.226783] Serial: AMBA PL011 UART driver
[    0.250743] omap-dma-engine 4a056000.dma-controller: OMAP DMA engine driver
[    0.254646] vgaarb: loaded
[    0.255236] SCSI subsystem initialized
[    0.255584] usbcore: registered new interface driver usbfs
[    0.255637] usbcore: registered new interface driver hub
[    0.255677] usbcore: registered new device driver usb
[    0.256360] omap_i2c 48070000.i2c: could not find pctldev for node /ocp/l4@4a000000/scm@2000/pinmux@1400/pinmux_i2c1_pins, deferring probe
[    0.256386] omap_i2c 48072000.i2c: could not find pctldev for node /ocp/l4@4a000000/scm@2000/pinmux@1400/pinmux_i2c2_pins, deferring probe
[    0.256408] omap_i2c 48060000.i2c: could not find pctldev for node /ocp/l4@4a000000/scm@2000/pinmux@1400/pinmux_i2c3_pins, deferring probe
[    0.257121] pps_core: LinuxPPS API ver. 1 registered
[    0.257127] pps_core: Software ver. 5.3.6 - Copyright 2005-2007 Rodolfo Giometti <giometti@linux.it>
[    0.257153] PTP clock support registered
[    0.257335] EDAC MC: Ver: 3.0.0
[    0.259167] clocksource: Switched to clocksource arch_sys_counter
[    0.267331] NET: Registered protocol family 2
[    0.267697] TCP established hash table entries: 8192 (order: 3, 32768 bytes)
[    0.267766] TCP bind hash table entries: 8192 (order: 4, 65536 bytes)
[    0.267896] TCP: Hash tables configured (established 8192 bind 8192)
[    0.267940] UDP hash table entries: 512 (order: 2, 16384 bytes)
[    0.267969] UDP-Lite hash table entries: 512 (order: 2, 16384 bytes)
[    0.268086] NET: Registered protocol family 1
[    0.268283] RPC: Registered named UNIX socket transport module.
[    0.268289] RPC: Registered udp transport module.
[    0.268294] RPC: Registered tcp transport module.
[    0.268300] RPC: Registered tcp NFSv4.1 backchannel transport module.
[    0.269018] hw perfevents: enabled with armv7_cortex_a15 PMU driver, 7 counters available
[    0.270467] futex hash table entries: 512 (order: 3, 32768 bytes)
[    0.279543] squashfs: version 4.0 (2009/01/31) Phillip Lougher
[    0.280225] NFS: Registering the id_resolver key type
[    0.280250] Key type id_resolver registered
[    0.280257] Key type id_legacy registered
[    0.280313] ntfs: driver 2.1.32 [Flags: R/O].
[    0.281323] bounce: pool size: 64 pages
[    0.281481] Block layer SCSI generic (bsg) driver version 0.4 loaded (major 249)
[    0.281495] io scheduler noop registered
[    0.281507] io scheduler deadline registered
[    0.281535] io scheduler cfq registered (default)
[    0.287829] pinctrl-single 4a003400.pinmux: 282 pins at pa fc003400 size 1128
[    0.339097] Serial: 8250/16550 driver, 4 ports, IRQ sharing disabled
[    0.341029] SuperH (H)SCI(F) driver initialized
[    0.341849] msm_serial: driver initialized
[    0.342522] 4806a000.serial: ttyO0 at MMIO 0x4806a000 (irq = 296, base_baud = 3000000) is a OMAP UART0
[    1.083741] console [ttyO0] enabled
[    1.087736] omap_uart 4806c000.serial: no wakeirq for uart1
[    1.093632] 4806c000.serial: ttyO1 at MMIO 0x4806c000 (irq = 297, base_baud = 3000000) is a OMAP UART1
[    1.103676] omap_uart 48020000.serial: no wakeirq for uart2
[    1.109576] 48020000.serial: ttyO2 at MMIO 0x48020000 (irq = 298, base_baud = 3000000) is a OMAP UART2
[    1.119612] STMicroelectronics ASC driver initialized
[    1.126378] [drm] Initialized drm 1.1.0 20060810
[    1.138011] loop: module loaded
[    1.142545] ahci 4a140000.sata: SSS flag set, parallel bus scan disabled
[    1.149566] ahci 4a140000.sata: AHCI 0001.0300 32 slots 1 ports 3 Gbps 0x1 impl platform mode
[    1.158486] ahci 4a140000.sata: flags: 64bit ncq sntf stag pm led clo only pmp pio slum part ccc apst 
[    1.168925] scsi host0: ahci
[    1.172179] ata1: SATA max UDMA/133 mmio [mem 0x4a140000-0x4a1410ff] port 0x100 irq 319
[    1.186317] CAN device driver interface
[    1.191435] igb: Intel(R) Gigabit Ethernet Network Driver - version 5.3.0-k
[    1.198716] igb: Copyright (c) 2007-2014 Intel Corporation.
[    1.207051] pegasus: v0.9.3 (2013/04/25), Pegasus/Pegasus II USB Ethernet driver
[    1.214817] usbcore: registered new interface driver pegasus
[    1.220795] usbcore: registered new interface driver asix
[    1.226472] usbcore: registered new interface driver ax88179_178a
[    1.232876] usbcore: registered new interface driver cdc_ether
[    1.239024] usbcore: registered new interface driver smsc75xx
[    1.245081] usbcore: registered new interface driver smsc95xx
[    1.251116] usbcore: registered new interface driver net1080
[    1.257070] usbcore: registered new interface driver cdc_subset
[    1.263298] usbcore: registered new interface driver zaurus
[    1.269198] usbcore: registered new interface driver cdc_ncm
[    1.277133] ehci_hcd: USB 2.0 'Enhanced' Host Controller (EHCI) Driver
[    1.283966] ehci-pci: EHCI PCI platform driver
[    1.288641] ehci-platform: EHCI generic platform driver
[    1.294297] ehci-omap: OMAP-EHCI Host Controller driver
[    1.299887] ehci-orion: EHCI orion driver
[    1.304205] SPEAr-ehci: EHCI SPEAr driver
[    1.308511] ehci-st: EHCI STMicroelectronics driver
[    1.313747] ehci-exynos: EHCI EXYNOS driver
[    1.318266] ehci-atmel: EHCI Atmel driver
[    1.322591] tegra-ehci: Tegra EHCI driver
[    1.326930] ohci_hcd: USB 1.1 'Open' Host Controller (OHCI) Driver
[    1.333400] ohci-pci: OHCI PCI platform driver
[    1.338074] ohci-platform: OHCI generic platform driver
[    1.343682] ohci-omap3: OHCI OMAP3 driver
[    1.348001] SPEAr-ohci: OHCI SPEAr driver
[    1.352323] ohci-st: OHCI STMicroelectronics driver
[    1.357558] ohci-atmel: OHCI Atmel driver
[    1.361926] usbcore: registered new interface driver usb-storage
[    1.369478] mousedev: PS/2 mouse device common for all mice
[    1.378514] i2c /dev entries driver
[    1.389066] sdhci: Secure Digital Host Controller Interface driver
[    1.395532] sdhci: Copyright(c) Pierre Ossman
[    1.400915] omap_hsmmc 4809c000.mmc: Got CD GPIO
[    1.449963] Synopsys Designware Multimedia Card Interface Driver
[    1.457213] sdhci-pltfm: SDHCI platform and OF driver helper
[    1.464891] ledtrig-cpu: registered to indicate activity on CPUs
[    1.471482] usbcore: registered new interface driver usbhid
[    1.477337] usbhid: USB HID core driver
[    1.485161] NET: Registered protocol family 10
[    1.490317] sit: IPv6 over IPv4 tunneling driver
[    1.495627] NET: Registered protocol family 17
[    1.500284] can: controller area network core (rev 20120528 abi 9)
[    1.506792] NET: Registered protocol family 29
[    1.509175] ata1: SATA link down (SStatus 0 SControl 300)
[    1.517104] can: raw protocol (rev 20120528)
[    1.521574] can: broadcast manager protocol (rev 20120528 t)
[    1.527508] can: netlink gateway (rev 20130117) max_hops=1
[    1.533545] Key type dns_resolver registered
[    1.538176] omap_voltage_late_init: Voltage driver support not added
[    1.545369] Power Management for TI OMAP4+ devices.
[    1.550491] mmc0: MAN_BKOPS_EN bit is not set
[    1.550689] ThumbEE CPU extension supported.
[    1.550704] Registering SWP/SWPB emulation handler
[    1.565706] omap-gpmc 50000000.gpmc: GPMC revision 6.0
[    1.571127] gpmc_mem_init: disabling cs 0 mapped at 0x0-0x1000000
[    1.579471] palmas 0-0058: IRQ missing: skipping irq request
[    1.585954] mmc0: new high speed MMC card at address 0001
[    1.591959] mmcblk0: mmc0:0001 MMC04G 3.52 GiB 
[    1.596877] mmcblk0boot0: mmc0:0001 MMC04G partition 1 16.0 MiB
[    1.603242] mmcblk0boot1: mmc0:0001 MMC04G partition 2 16.0 MiB
[    1.610029] palmas 0-0058: Muxing GPIO 2e, PWM 0, LED 0
[    1.615564]  mmcblk0: p1
[    1.639548] pcf857x 0-0021: probed
[    1.643157] omap_i2c 48070000.i2c: bus 0 rev0.12 at 400 kHz
[    1.649673] omap_i2c 48072000.i2c: bus 1 rev0.12 at 400 kHz
[    1.656111] omap_i2c 48060000.i2c: bus 2 rev0.12 at 400 kHz
[    1.664956] omap_hsmmc 4809c000.mmc: Got CD GPIO
[    1.688277] omap_hsmmc 4809c000.mmc: Got CD GPIO
[    1.759171] davinci_mdio 48485000.mdio: davinci mdio revision 1.6
[    1.765575] davinci_mdio 48485000.mdio: detected phy mask fffffff3
[    1.776000] libphy: 48485000.mdio: probed
[    1.780215] davinci_mdio 48485000.mdio: phy[2]: device 48485000.mdio:02, driver unknown
[    1.788616] davinci_mdio 48485000.mdio: phy[3]: device 48485000.mdio:03, driver unknown
[    1.797628] cpsw 48484000.ethernet: Detected MACID = c4:ed:ba:c2:1b:54
[    1.801197] omap_hsmmc 4809c000.mmc: Got CD GPIO
[    1.809926] cpsw 48484000.ethernet: cpsw: Detected MACID = c4:ed:ba:c2:1b:55
[    1.817910] hctosys: unable to open rtc device (rtc0)
[    1.831700] net eth0: initializing cpsw version 1.15 (0)
[    1.856349] omap_hsmmc 4809c000.mmc: Got CD GPIO
[    1.907931] net eth0: phy found : id is : 0x20005c7a
[    1.919223] IPv6: ADDRCONF(NETDEV_UP): eth0: link is not ready
[    5.921296] cpsw 48484000.ethernet eth0: Link is Up - 1Gbps/Full - flow control rx/tx
[    5.929555] IPv6: ADDRCONF(NETDEV_CHANGE): eth0: link becomes ready
[    5.944168] Sending DHCP requests ., OK
[    5.969170] IP-Config: Got DHCP answer from 192.168.0.1, my address is 192.168.0.195
[    5.977402] IP-Config: Complete:
[    5.980808]      device=eth0, hwaddr=c4:ed:ba:c2:1b:54, ipaddr=192.168.0.195, mask=255.255.255.0, gw=192.168.0.1
[    5.991511]      host=192.168.0.195, domain=ti.com, nis-domain=(none)
[    5.998284]      bootserver=0.0.0.0, rootserver=0.0.0.0, rootpath=
[    6.004599]      nameserver0=192.0.2.2, nameserver1=192.0.2.3
[    6.010894] platform 4809c000.mmc: omap_device_late_idle: enabled but no driver.  Idling
[    6.019633] ldousb: disabling
[    6.023006] evm_3v3_sd: disabling
[    6.027221] Waiting for root device PARTUUID=00000000-02...
[    9.950254] cpsw 48484000.ethernet eth0: Link is Down
[   12.971456] cpsw 48484000.ethernet eth0: Link is Up - 1Gbps/Full - flow control rx/tx
- 10:24:59 [INFO] Boot attempt 1/1 failed
URL:gtsystest.telogy.design.ti.com/vatf/tigtfarm01/tigtfarm01_vatf@dra7xx-evm/tigtfarm0109_10_2015_10_21_55/files/session_iteration_1/test_1
