- 06:54:08 [INFO] Starting target session
- 06:54:08 [INFO] Connected to dra7xx-evm via serial 
- 06:54:08 [INFO] Host: #check prompt
- 06:54:11 [ERROR] On command: #check prompt waiting for #check prompt.+?(?-mix:((?-mix:login:)|[Pp]assword)) >>> error: execution expired
- 06:54:11 [INFO] Target: 
#check prompt
root@dra7xx-evm:/test# 
- 06:54:11 [INFO] Host: #check prompt
- 06:54:11 [INFO] Target: 
#check prompt
root@dra7xx-evm:/test# 
- 06:54:11 [INFO] Host: sync;poweroff
- 06:54:21 [INFO] Target: 
sync;poweroff
Broadcast message from root@dra7xx-evm (ttyO0) (Sat Oct 11 13:27:20 2014):
The system is going down for system halt NOW!
INIT: Sending Stopping Dropbear SSH server: stopped /usr/sbin/dropbear (pid 619)
dropbear.
Stopping telnet daemon.
Stopping system message bus: dbus.
hwclock: can't open '/dev/misc/rtc': No such file or directory
Error opening /dev/fb0: No such file or directory
Stopping syslogd/klogd: stopped syslogd (pid 653)
stopped klogd (pid 656)
done
Stopping thttpd.
Stopping Weston
stopping statd: done
ALSA: Storing mixer settings...
/usr/sbin/alsactl: save_state:1590: No soundcards found...
Stopping rpcbind daemon...
done.
Stopping Lighttpd Web Server: stopped /usr/sbin/lighttpd (pid 667)
lighttpd.
Deconfiguring network interfaces... done.
Stopping Matrix GUI applicationstart-stop-daemon: warning: killing process 673: No such process
***************************************************************
***************************************************************
NOTICE: This file system contains the followin GPLv3 packages:
	binutils
	elfutils
	gdbserver
	libdw1
	libelf1
	parted
If you do not wish to distribute GPLv3 components please remove
the above packages prior to distribution.  This can be done using
the opkg remove command.  i.e.:
    opkg remove <package>
Where <package> is the name printed in the list above
NOTE: If the package is a dependency of another package you
      will be notified of the dependent packages.  You should
      use the --force-removal-of-dependent-packages option to
      also remove the dependent packages as well
***************************************************************
***************************************************************
Sending all processes the TERM signal...
Sending all processes the KILL signal...
Unmounting remote filesystems...
Deactivating swap...
Unmounting local filesystems...
[  577.241520] EXT4-fs (mmcblk1p2): re-mounted. Opts: data=ordered
[  579.652856] reboot: System halted
- 06:54:21 [INFO] Disconnected serial from dra7xx-evm
- 06:54:52 [INFO] Connected to dra7xx-evm via serial 
- 06:54:52 [INFO] Host: 
- 06:54:52 [ERROR] On command:  waiting for (?-mix:U-Boot#) >>> error: execution expired
- 06:54:52 [INFO] Target: 
reading args
spl_load_image_fat_os: error reading image args, err - -1
reading u-boot.img
reading u-boot.img
U-Boot 2014.07-00076-g8f725ef (Oct 09 2014 - 11:19:18), Build: jenkins-system_test_testing_kernel-500
CPU  : DRA752 ES1.1
Board: DRA7xx
I2C:   ready
DRAM:  1.5 GiB
NAND:  256 MiB
MMC:   OMAP SD/MMC: 0, OMAP SD/MMC: 1
- 06:54:52 [INFO] Host: 
- 06:54:53 [INFO] Target: 
SATA link 0 timeout.
AHCI 0001.0300 32 slots 1 ports 3 Gbps 0x1 impl SATA mode
flags: 64bit ncq stag pm led clo only pmp pio slum part ccc apst 
scanning bus for devices...
Found 0 device(s).
SCSI:  Net:   cpsw
Hit any key to stop autoboot:  3  0 
U-Boot# 
- 06:54:53 [INFO] Host: 
- 06:54:53 [INFO] Target: 
U-Boot# 
- 06:54:53 [INFO] Host: version
- 06:54:54 [INFO] Target: 
version
U-Boot 2014.07-00076-g8f725ef (Oct 09 2014 - 11:19:18)
arm-linux-gnueabihf-gcc (crosstool-NG linaro-1.13.1-4.7-2013.03-20130313 - Linaro GCC 2013.03) 4.7.3 20130226 (prerelease)
GNU ld (crosstool-NG linaro-1.13.1-4.7-2013.03-20130313 - Linaro GCC 2013.03) 2.23.1
U-Boot# 
- 06:54:54 [INFO] Host: setenv bootargs 'console=ttyO0,115200n8 earlyprintk rootwait '
- 06:54:54 [INFO] Target: 
setenv bootargs 'console=ttyO0,115200n8 earlyprintk rootwait '
U-Boot# 
- 06:54:54 [INFO] Host: setenv bootcmd  ''
- 06:54:55 [INFO] Target: 
setenv bootcmd  ''
U-Boot# 
- 06:54:55 [INFO] Host: setenv autoload 'no'
- 06:54:55 [INFO] Target: 
setenv autoload 'no'
U-Boot# 
- 06:54:55 [INFO] Host: setenv serverip '192.168.0.1'
- 06:54:56 [INFO] Target: 
setenv serverip '192.168.0.1'
U-Boot# 
- 06:54:56 [INFO] Host: printenv
- 06:54:56 [INFO] Target: 
printenv
arch=arm
autoload=no
baudrate=115200
board=dra7xx
board_name=dra7xx
bootargs=console=ttyO0,115200n8 earlyprintk rootwait 
bootcmd=
bootdelay=3
bootdir=/boot
bootfile=zImage
bootm_size=0x10000000
bootpart=0:2
bootscript=echo Running bootscript from mmc${mmcdev} ...; source ${loadaddr}
console=ttyO0,115200n8
cpu=armv7
dfu_alt_info_emmc=MLO raw 0x100 0x100 mmcpart 0;u-boot.img raw 0x300 0x1000 mmcpart 0
dfu_alt_info_mmc=boot part 0 1;rootfs part 0 2;MLO fat 0 1;spl-os-args fat 0 1;spl-os-image fat 0 1;u-boot.img fat 0 1;uEnv.txt fat 0 1
dfu_alt_info_ram=kernel ram 0x80200000 0x4000000;fdt ram 0x80f80000 0x80000;ramdisk ram 0x81000000 0x4000000
dfu_bufsiz=0x10000
eth1addr=7c:66:9d:eb:fd:0f
ethact=cpsw
ethaddr=7c:66:9d:eb:fd:0e
fdt_addr_r=0x88000000
fdtaddr=0x88000000
fdtfile=undefined
findfdt=if test $board_name = omap5_uevm; then setenv fdtfile omap5-uevm.dtb; fi; if test $board_name = dra7xx; then setenv fdtfile dra7-evm.dtb; fi;if test $board_name = dra72x; then setenv fdtfile dra72-evm.dtb; fi;if test $fdtfile = undefined; then echo WARNING: Could not determine device tree to use; fi; 
importbootenv=echo Importing environment from mmc${mmcdev} ...; env import -t ${loadaddr} ${filesize}
kernel_addr_r=0x82000000
loadaddr=0x82000000
loadbootenv=fatload mmc ${mmcdev} ${loadaddr} uEnv.txt
loadbootscript=fatload mmc ${mmcdev} ${loadaddr} boot.scr
loadfdt=load mmc ${bootpart} ${fdtaddr} ${bootdir}/${fdtfile};
loadimage=load mmc ${bootpart} ${loadaddr} ${bootdir}/${bootfile}
mmcargs=setenv bootargs console=${console} ${optargs} vram=${vram} root=${mmcroot} rootfstype=${mmcrootfstype}
mmcboot=mmc dev ${mmcdev}; if mmc rescan; then echo SD/MMC found on device ${mmcdev};if run loadbootenv; then echo Loaded environment from ${bootenv};run importbootenv;fi;if test -n $uenvcmd; then echo Running uenvcmd ...;run uenvcmd;fi;if run loadimage; then run loadfdt; echo Booting from mmc${mmcdev} ...; run mmcargs; bootz ${loadaddr} - ${fdtaddr}; fi;fi;
mmcdev=0
mmcroot=/dev/mmcblk1p2 rw
mmcrootfstype=ext4 rootwait
mtdids=nand0=nand.0
mtdparts=mtdparts=nand.0:128k(NAND.SPL),128k(NAND.SPL.backup1),128k(NAND.SPL.backup2),128k(NAND.SPL.backup3),256k(NAND.u-boot-spl-os),1m(NAND.u-boot),128k(NAND.u-boot-env),128k(NAND.u-boot-env.backup1),8m(NAND.kernel),-(NAND.file-system)
nandargs=setenv bootargs console=${console} ${optargs} root=${nandroot} rootfstype=${nandrootfstype}
nandboot=echo Booting from nand ...; run nandargs; nand read ${fdtaddr} NAND.u-boot-spl-os; nand read ${loadaddr} NAND.kernel; bootz ${loadaddr} - ${fdtaddr}
nandroot=ubi0:rootfs rw ubi.mtd=NAND.file-system,4096
nandrootfstype=ubifs rootwait=1
optargs=video=HDMI-A-1:D
partitions=uuid_disk=${uuid_gpt_disk};name=rootfs,start=2MiB,size=-,uuid=${uuid_gpt_rootfs}
ramdisk_addr_r=0x88080000
rdaddr=0x88080000
scsidevs=0
serverip=192.168.0.1
soc=omap5
stderr=serial
stdin=serial
stdout=serial
usbtty=cdc_acm
vendor=ti
ver=U-Boot 2014.07-00076-g8f725ef (Oct 09 2014 - 11:19:18)
vram=16M
Environment size: 3084/131067 bytes
U-Boot# 
- 06:54:56 [INFO] Host: printenv
- 06:54:57 [INFO] Target: 
printenv
arch=arm
autoload=no
baudrate=115200
board=dra7xx
board_name=dra7xx
bootargs=console=ttyO0,115200n8 earlyprintk rootwait 
bootcmd=
bootdelay=3
bootdir=/boot
bootfile=zImage
bootm_size=0x10000000
bootpart=0:2
bootscript=echo Running bootscript from mmc${mmcdev} ...; source ${loadaddr}
console=ttyO0,115200n8
cpu=armv7
dfu_alt_info_emmc=MLO raw 0x100 0x100 mmcpart 0;u-boot.img raw 0x300 0x1000 mmcpart 0
dfu_alt_info_mmc=boot part 0 1;rootfs part 0 2;MLO fat 0 1;spl-os-args fat 0 1;spl-os-image fat 0 1;u-boot.img fat 0 1;uEnv.txt fat 0 1
dfu_alt_info_ram=kernel ram 0x80200000 0x4000000;fdt ram 0x80f80000 0x80000;ramdisk ram 0x81000000 0x4000000
dfu_bufsiz=0x10000
eth1addr=7c:66:9d:eb:fd:0f
ethact=cpsw
ethaddr=7c:66:9d:eb:fd:0e
fdt_addr_r=0x88000000
fdtaddr=0x88000000
fdtfile=undefined
findfdt=if test $board_name = omap5_uevm; then setenv fdtfile omap5-uevm.dtb; fi; if test $board_name = dra7xx; then setenv fdtfile dra7-evm.dtb; fi;if test $board_name = dra72x; then setenv fdtfile dra72-evm.dtb; fi;if test $fdtfile = undefined; then echo WARNING: Could not determine device tree to use; fi; 
importbootenv=echo Importing environment from mmc${mmcdev} ...; env import -t ${loadaddr} ${filesize}
kernel_addr_r=0x82000000
loadaddr=0x82000000
loadbootenv=fatload mmc ${mmcdev} ${loadaddr} uEnv.txt
loadbootscript=fatload mmc ${mmcdev} ${loadaddr} boot.scr
loadfdt=load mmc ${bootpart} ${fdtaddr} ${bootdir}/${fdtfile};
loadimage=load mmc ${bootpart} ${loadaddr} ${bootdir}/${bootfile}
mmcargs=setenv bootargs console=${console} ${optargs} vram=${vram} root=${mmcroot} rootfstype=${mmcrootfstype}
mmcboot=mmc dev ${mmcdev}; if mmc rescan; then echo SD/MMC found on device ${mmcdev};if run loadbootenv; then echo Loaded environment from ${bootenv};run importbootenv;fi;if test -n $uenvcmd; then echo Running uenvcmd ...;run uenvcmd;fi;if run loadimage; then run loadfdt; echo Booting from mmc${mmcdev} ...; run mmcargs; bootz ${loadaddr} - ${fdtaddr}; fi;fi;
mmcdev=0
mmcroot=/dev/mmcblk1p2 rw
mmcrootfstype=ext4 rootwait
mtdids=nand0=nand.0
mtdparts=mtdparts=nand.0:128k(NAND.SPL),128k(NAND.SPL.backup1),128k(NAND.SPL.backup2),128k(NAND.SPL.backup3),256k(NAND.u-boot-spl-os),1m(NAND.u-boot),128k(NAND.u-boot-env),128k(NAND.u-boot-env.backup1),8m(NAND.kernel),-(NAND.file-system)
nandargs=setenv bootargs console=${console} ${optargs} root=${nandroot} rootfstype=${nandrootfstype}
nandboot=echo Booting from nand ...; run nandargs; nand read ${fdtaddr} NAND.u-boot-spl-os; nand read ${loadaddr} NAND.kernel; bootz ${loadaddr} - ${fdtaddr}
nandroot=ubi0:rootfs rw ubi.mtd=NAND.file-system,4096
nandrootfstype=ubifs rootwait=1
optargs=video=HDMI-A-1:D
partitions=uuid_disk=${uuid_gpt_disk};name=rootfs,start=2MiB,size=-,uuid=${uuid_gpt_rootfs}
ramdisk_addr_r=0x88080000
rdaddr=0x88080000
scsidevs=0
serverip=192.168.0.1
soc=omap5
stderr=serial
stdin=serial
stdout=serial
usbtty=cdc_acm
vendor=ti
ver=U-Boot 2014.07-00076-g8f725ef (Oct 09 2014 - 11:19:18)
vram=16M
Environment size: 3084/131067 bytes
U-Boot# 
- 06:54:57 [INFO] Host: setenv bootargs ''${bootargs}' ip=dhcp '
- 06:54:57 [INFO] Target: 
setenv bootargs ''${bootargs}' ip=dhcp '
U-Boot# 
- 06:54:57 [INFO] Host: setenv serverip '192.168.0.1'
- 06:54:58 [INFO] Target: 
setenv serverip '192.168.0.1'
U-Boot# 
- 06:54:58 [INFO] Host: setenv ipaddr dhcp
- 06:54:58 [INFO] Target: 
setenv ipaddr dhcp
U-Boot# 
- 06:54:58 [INFO] Host: setenv autoload 'no'
- 06:54:59 [INFO] Target: 
setenv autoload 'no'
U-Boot# 
- 06:54:59 [INFO] Host: dhcp
- 06:55:00 [INFO] Target: 
dhcp
link up on port 0, speed 1000, full duplex
BOOTP broadcast 1
DHCP client bound to address 192.168.0.53
U-Boot# 
- 06:55:00 [INFO] Host: setenv serverip '192.168.0.1'
- 06:55:01 [INFO] Target: 
setenv serverip '192.168.0.1'
U-Boot# 
- 06:55:01 [INFO] Host: tftp ${loadaddr} 192.168.0.1:vatf_dra7xx-evm1/e7415456eb02247c82a04ce058379084
- 06:55:02 [INFO] Target: 
tftp ${loadaddr} 192.168.0.1:vatf_dra7xx-evm1/e7415456eb02247c82a04ce058379084
link up on port 0, speed 1000, full duplex
Using cpsw device
TFTP from server 192.168.0.1; our IP address is 192.168.0.53
Filename 'vatf_dra7xx-evm1/e7415456eb02247c82a04ce058379084'.
Load address: 0x82000000
Loading: *#################################################################
	 #################################################################
	 #################################################################
	 #################################################################
	 #################################################################
	 ###############################################################
	 11 MiB/s
done
Bytes transferred = 5683400 (56b8c8 hex)
U-Boot# 
- 06:55:02 [INFO] Host: tftp ${fdt_addr_r} 192.168.0.1:vatf_dra7xx-evm1/8093ef06b8873bd9cb8f06f195070cfd
- 06:55:02 [INFO] Target: 
tftp ${fdt_addr_r} 192.168.0.1:vatf_dra7xx-evm1/8093ef06b8873bd9cb8f06f195070cfd
link up on port 0, speed 1000, full duplex
Using cpsw device
TFTP from server 192.168.0.1; our IP address is 192.168.0.53
Filename 'vatf_dra7xx-evm1/8093ef06b8873bd9cb8f06f195070cfd'.
Load address: 0x88000000
Loading: *#####
	 9.5 MiB/s
done
Bytes transferred = 70042 (1119a hex)
U-Boot# 
- 06:55:02 [INFO] Host: ls mmc 0:1
- 06:55:03 [INFO] Target: 
ls mmc 0:1
    73648   mlo 
   433144   u-boot.img 
2 file(s), 0 dir(s)
U-Boot# 
- 06:55:03 [INFO] Host: ls mmc 0:2
- 06:55:03 [INFO] Target: 
ls mmc 0:2
<DIR>       4096 .
<DIR>       4096 ..
<DIR>      16384 lost+found
<DIR>       4096 bin
<DIR>       4096 boot
<DIR>       4096 dev
<DIR>       4096 etc
<DIR>       4096 home
<DIR>       4096 lib
<DIR>       4096 media
<DIR>       4096 mnt
<DIR>       4096 opt
<DIR>       4096 proc
<DIR>       4096 run
<DIR>       4096 sbin
<DIR>       4096 srv
<DIR>       4096 sys
<DIR>       4096 test
<SYM>          8 tmp
<DIR>       4096 usr
<DIR>       4096 var
<DIR>       4096 www
U-Boot# 
- 06:55:03 [INFO] Host: part uuid mmc 0:2
- 06:55:04 [INFO] Target: 
part uuid mmc 0:2
00000000-02
U-Boot# 
- 06:55:04 [INFO] Host: printenv
- 06:55:04 [INFO] Target: 
printenv
arch=arm
autoload=no
baudrate=115200
board=dra7xx
board_name=dra7xx
bootargs=console=ttyO0,115200n8 earlyprintk rootwait  ip=dhcp 
bootcmd=
bootdelay=3
bootdir=/boot
bootfile=zImage
bootm_size=0x10000000
bootpart=0:2
bootscript=echo Running bootscript from mmc${mmcdev} ...; source ${loadaddr}
console=ttyO0,115200n8
cpu=armv7
dfu_alt_info_emmc=MLO raw 0x100 0x100 mmcpart 0;u-boot.img raw 0x300 0x1000 mmcpart 0
dfu_alt_info_mmc=boot part 0 1;rootfs part 0 2;MLO fat 0 1;spl-os-args fat 0 1;spl-os-image fat 0 1;u-boot.img fat 0 1;uEnv.txt fat 0 1
dfu_alt_info_ram=kernel ram 0x80200000 0x4000000;fdt ram 0x80f80000 0x80000;ramdisk ram 0x81000000 0x4000000
dfu_bufsiz=0x10000
dnsip=192.0.2.2
dnsip2=192.0.2.3
eth1addr=7c:66:9d:eb:fd:0f
ethact=cpsw
ethaddr=7c:66:9d:eb:fd:0e
fdt_addr_r=0x88000000
fdtaddr=0x88000000
fdtfile=undefined
fileaddr=88000000
filesize=1119a
findfdt=if test $board_name = omap5_uevm; then setenv fdtfile omap5-uevm.dtb; fi; if test $board_name = dra7xx; then setenv fdtfile dra7-evm.dtb; fi;if test $board_name = dra72x; then setenv fdtfile dra72-evm.dtb; fi;if test $fdtfile = undefined; then echo WARNING: Could not determine device tree to use; fi; 
gatewayip=192.168.0.1
importbootenv=echo Importing environment from mmc${mmcdev} ...; env import -t ${loadaddr} ${filesize}
ipaddr=192.168.0.53
kernel_addr_r=0x82000000
loadaddr=0x82000000
loadbootenv=fatload mmc ${mmcdev} ${loadaddr} uEnv.txt
loadbootscript=fatload mmc ${mmcdev} ${loadaddr} boot.scr
loadfdt=load mmc ${bootpart} ${fdtaddr} ${bootdir}/${fdtfile};
loadimage=load mmc ${bootpart} ${loadaddr} ${bootdir}/${bootfile}
mmcargs=setenv bootargs console=${console} ${optargs} vram=${vram} root=${mmcroot} rootfstype=${mmcrootfstype}
mmcboot=mmc dev ${mmcdev}; if mmc rescan; then echo SD/MMC found on device ${mmcdev};if run loadbootenv; then echo Loaded environment from ${bootenv};run importbootenv;fi;if test -n $uenvcmd; then echo Running uenvcmd ...;run uenvcmd;fi;if run loadimage; then run loadfdt; echo Booting from mmc${mmcdev} ...; run mmcargs; bootz ${loadaddr} - ${fdtaddr}; fi;fi;
mmcdev=0
mmcroot=/dev/mmcblk1p2 rw
mmcrootfstype=ext4 rootwait
mtdids=nand0=nand.0
mtdparts=mtdparts=nand.0:128k(NAND.SPL),128k(NAND.SPL.backup1),128k(NAND.SPL.backup2),128k(NAND.SPL.backup3),256k(NAND.u-boot-spl-os),1m(NAND.u-boot),128k(NAND.u-boot-env),128k(NAND.u-boot-env.backup1),8m(NAND.kernel),-(NAND.file-system)
nandargs=setenv bootargs console=${console} ${optargs} root=${nandroot} rootfstype=${nandrootfstype}
nandboot=echo Booting from nand ...; run nandargs; nand read ${fdtaddr} NAND.u-boot-spl-os; nand read ${loadaddr} NAND.kernel; bootz ${loadaddr} - ${fdtaddr}
nandroot=ubi0:rootfs rw ubi.mtd=NAND.file-system,4096
nandrootfstype=ubifs rootwait=1
netmask=255.255.255.0
optargs=video=HDMI-A-1:D
partitions=uuid_disk=${uuid_gpt_disk};name=rootfs,start=2MiB,size=-,uuid=${uuid_gpt_rootfs}
ramdisk_addr_r=0x88080000
rdaddr=0x88080000
scsidevs=0
serverip=192.168.0.1
soc=omap5
stderr=serial
stdin=serial
stdout=serial
usbtty=cdc_acm
vendor=ti
ver=U-Boot 2014.07-00076-g8f725ef (Oct 09 2014 - 11:19:18)
vram=16M
Environment size: 3237/131067 bytes
U-Boot# 
- 06:55:04 [INFO] Host: setenv bootargs ''${bootargs}' root=PARTUUID=00000000-02 rw rootfstype=ext4 rootwait '
- 06:55:05 [INFO] Target: 
setenv bootargs ''${bootargs}' root=PARTUUID=00000000-02 rw rootfstype=ext4 rootwait '
U-Boot# 
- 06:55:05 [INFO] Host: printenv
- 06:55:05 [INFO] Target: 
printenv
arch=arm
autoload=no
baudrate=115200
board=dra7xx
board_name=dra7xx
bootargs=console=ttyO0,115200n8 earlyprintk rootwait  ip=dhcp  root=PARTUUID=00000000-02 rw rootfstype=ext4 rootwait 
bootcmd=
bootdelay=3
bootdir=/boot
bootfile=zImage
bootm_size=0x10000000
bootpart=0:2
bootscript=echo Running bootscript from mmc${mmcdev} ...; source ${loadaddr}
console=ttyO0,115200n8
cpu=armv7
dfu_alt_info_emmc=MLO raw 0x100 0x100 mmcpart 0;u-boot.img raw 0x300 0x1000 mmcpart 0
dfu_alt_info_mmc=boot part 0 1;rootfs part 0 2;MLO fat 0 1;spl-os-args fat 0 1;spl-os-image fat 0 1;u-boot.img fat 0 1;uEnv.txt fat 0 1
dfu_alt_info_ram=kernel ram 0x80200000 0x4000000;fdt ram 0x80f80000 0x80000;ramdisk ram 0x81000000 0x4000000
dfu_bufsiz=0x10000
dnsip=192.0.2.2
dnsip2=192.0.2.3
eth1addr=7c:66:9d:eb:fd:0f
ethact=cpsw
ethaddr=7c:66:9d:eb:fd:0e
fdt_addr_r=0x88000000
fdtaddr=0x88000000
fdtfile=undefined
fileaddr=88000000
filesize=1119a
findfdt=if test $board_name = omap5_uevm; then setenv fdtfile omap5-uevm.dtb; fi; if test $board_name = dra7xx; then setenv fdtfile dra7-evm.dtb; fi;if test $board_name = dra72x; then setenv fdtfile dra72-evm.dtb; fi;if test $fdtfile = undefined; then echo WARNING: Could not determine device tree to use; fi; 
gatewayip=192.168.0.1
importbootenv=echo Importing environment from mmc${mmcdev} ...; env import -t ${loadaddr} ${filesize}
ipaddr=192.168.0.53
kernel_addr_r=0x82000000
loadaddr=0x82000000
loadbootenv=fatload mmc ${mmcdev} ${loadaddr} uEnv.txt
loadbootscript=fatload mmc ${mmcdev} ${loadaddr} boot.scr
loadfdt=load mmc ${bootpart} ${fdtaddr} ${bootdir}/${fdtfile};
loadimage=load mmc ${bootpart} ${loadaddr} ${bootdir}/${bootfile}
mmcargs=setenv bootargs console=${console} ${optargs} vram=${vram} root=${mmcroot} rootfstype=${mmcrootfstype}
mmcboot=mmc dev ${mmcdev}; if mmc rescan; then echo SD/MMC found on device ${mmcdev};if run loadbootenv; then echo Loaded environment from ${bootenv};run importbootenv;fi;if test -n $uenvcmd; then echo Running uenvcmd ...;run uenvcmd;fi;if run loadimage; then run loadfdt; echo Booting from mmc${mmcdev} ...; run mmcargs; bootz ${loadaddr} - ${fdtaddr}; fi;fi;
mmcdev=0
mmcroot=/dev/mmcblk1p2 rw
mmcrootfstype=ext4 rootwait
mtdids=nand0=nand.0
mtdparts=mtdparts=nand.0:128k(NAND.SPL),128k(NAND.SPL.backup1),128k(NAND.SPL.backup2),128k(NAND.SPL.backup3),256k(NAND.u-boot-spl-os),1m(NAND.u-boot),128k(NAND.u-boot-env),128k(NAND.u-boot-env.backup1),8m(NAND.kernel),-(NAND.file-system)
nandargs=setenv bootargs console=${console} ${optargs} root=${nandroot} rootfstype=${nandrootfstype}
nandboot=echo Booting from nand ...; run nandargs; nand read ${fdtaddr} NAND.u-boot-spl-os; nand read ${loadaddr} NAND.kernel; bootz ${loadaddr} - ${fdtaddr}
nandroot=ubi0:rootfs rw ubi.mtd=NAND.file-system,4096
nandrootfstype=ubifs rootwait=1
netmask=255.255.255.0
optargs=video=HDMI-A-1:D
partitions=uuid_disk=${uuid_gpt_disk};name=rootfs,start=2MiB,size=-,uuid=${uuid_gpt_rootfs}
ramdisk_addr_r=0x88080000
rdaddr=0x88080000
scsidevs=0
serverip=192.168.0.1
soc=omap5
stderr=serial
stdin=serial
stdout=serial
usbtty=cdc_acm
vendor=ti
ver=U-Boot 2014.07-00076-g8f725ef (Oct 09 2014 - 11:19:18)
vram=16M
Environment size: 3292/131067 bytes
U-Boot# 
- 06:55:05 [INFO] Host: setenv bootcmd ''${bootcmd}' if iminfo ${loadaddr}; then bootm ${loadaddr} - ${fdt_addr_r}; else bootz ${loadaddr} - ${fdt_addr_r}; bootm ${loadaddr} - ${fdt_addr_r}; fi'
- 06:55:06 [INFO] Target: 
setenv bootcmd ''${bootcmd}' if iminfo ${loadaddr}; then bootm ${loadaddr} - ${fdt_addr_r}; else bootz ${loadaddr} - ${fdt_addr_r}; bootm ${loadaddr} - ${fdt_addr_r}; fi'
U-Boot# 
- 06:55:06 [INFO] Host: bdinfo
- 06:55:06 [INFO] Target: 
bdinfo
arch_number = 0x00000000
boot_params = 0x80000100
DRAM bank   = 0x00000000
-> start    = 0x80000000
-> size     = 0x60000000
eth0name    = cpsw
ethaddr     = 7c:66:9d:eb:fd:0e
current eth = cpsw
ip_addr     = 192.168.0.53
baudrate    = 115200 bps
TLB addr    = 0xDFFF0000
relocaddr   = 0xDF744000
reloc off   = 0x5EF44000
irq_sp      = 0xDE723EE0
sp start    = 0xDE723ED0
U-Boot# 
- 06:55:06 [INFO] Host: boot
- 06:55:19 [INFO] Target: 
boot
## Checking Image at 82000000 ...
Unknown image format!
Kernel image @ 0x82000000 [ 0x000000 - 0x56b8c8 ]
## Flattened Device Tree blob at 88000000
   Booting using the fdt blob at 0x88000000
   Loading Device Tree to 8ffeb000, end 8ffff199 ... OK
Starting kernel ...
[    0.000000] Booting Linux on physical CPU 0x0
[    0.000000] Linux version 3.18.0-rc6-next-20141126-00002-g0dd4a24 (nmenon@kahuna) (gcc version 4.6.3 (Ubuntu/Linaro 4.6.3-1ubuntu5) ) #13 SMP Thu Nov 27 05:48:41 CST 2014
[    0.000000] CPU: ARMv7 Processor [412fc0f2] revision 2 (ARMv7), cr=10c5387d
[    0.000000] CPU: PIPT / VIPT nonaliasing data cache, PIPT instruction cache
[    0.000000] Machine model: TI DRA742
[    0.000000] cma: Reserved 64 MiB at 0xdb800000
[    0.000000] Memory policy: Data cache writealloc
[    0.000000] DRA752 ES1.1
[    0.000000] PERCPU: Embedded 10 pages/cpu @eeba5000 s8512 r8192 d24256 u40960
[    0.000000] Built 1 zonelists in Zone order, mobility grouping on.  Total pages: 391440
[    0.000000] Kernel command line: console=ttyO0,115200n8 earlyprintk rootwait  ip=dhcp  root=PARTUUID=00000000-02 rw rootfstype=ext4 rootwait 
[    0.000000] PID hash table entries: 4096 (order: 2, 16384 bytes)
[    0.000000] Dentry cache hash table entries: 131072 (order: 7, 524288 bytes)
[    0.000000] Inode-cache hash table entries: 65536 (order: 6, 262144 bytes)
[    0.000000] Memory: 1480276K/1571840K available (7445K kernel code, 956K rwdata, 3024K rodata, 752K init, 323K bss, 26028K reserved, 65536K cma-reserved, 728064K highmem)
[    0.000000] Virtual kernel memory layout:
[    0.000000]     vector  : 0xffff0000 - 0xffff1000   (   4 kB)
[    0.000000]     fixmap  : 0xffc00000 - 0xfff00000   (3072 kB)
[    0.000000]     vmalloc : 0xf0000000 - 0xff000000   ( 240 MB)
[    0.000000]     lowmem  : 0xc0000000 - 0xef800000   ( 760 MB)
[    0.000000]     pkmap   : 0xbfe00000 - 0xc0000000   (   2 MB)
[    0.000000]     modules : 0xbf000000 - 0xbfe00000   (  14 MB)
[    0.000000]       .text : 0xc0208000 - 0xc0c417a0   (10470 kB)
[    0.000000]       .init : 0xc0c42000 - 0xc0cfe000   ( 752 kB)
[    0.000000]       .data : 0xc0cfe000 - 0xc0ded280   ( 957 kB)
[    0.000000]        .bss : 0xc0ded280 - 0xc0e3dee0   ( 324 kB)
[    0.000000] SLUB: HWalign=64, Order=0-3, MinObjects=0, CPUs=2, Nodes=1
[    0.000000] Hierarchical RCU implementation.
[    0.000000] 	RCU restricting CPUs from NR_CPUS=8 to nr_cpu_ids=2.
[    0.000000] RCU: Adjusting geometry for rcu_fanout_leaf=16, nr_cpu_ids=2
[    0.000000] NR_IRQS:16 nr_irqs:16 16
[    0.000000] OMAP clockevent source: timer1 at 32768 Hz
[    0.000000] sched_clock: 32 bits at 32kHz, resolution 30517ns, wraps every 65536000000000ns
[    0.000030] OMAP clocksource: 32k_counter at 32768 Hz
[    0.000396] Architected cp15 timer(s) running at 6.14MHz (virt).
[    0.000401] sched_clock: 56 bits at 6MHz, resolution 162ns, wraps every 2796202663936ns
[    0.000411] Switching to timer-based delay loop, resolution 162ns
[    0.004425] Console: colour dummy device 80x30
[    0.004443] Calibrating delay loop (skipped), value calculated using timer frequency.. 12.28 BogoMIPS (lpj=30720)
[    0.004454] pid_max: default: 32768 minimum: 301
[    0.004548] Mount-cache hash table entries: 2048 (order: 1, 8192 bytes)
[    0.004557] Mountpoint-cache hash table entries: 2048 (order: 1, 8192 bytes)
[    0.005019] CPU: Testing write buffer coherency: ok
[    0.005192] /cpus/cpu@0 missing clock-frequency property
[    0.005224] /cpus/cpu@1 missing clock-frequency property
[    0.005233] CPU0: thread -1, cpu 0, socket 0, mpidr 80000000
[    0.005290] Setting up static identity map for 0x8090aac0 - 0x8090ab58
[    0.007647] CPU1: thread -1, cpu 1, socket 0, mpidr 80000001
[    0.007701] Brought up 2 CPUs
[    0.007711] CPU: All CPU(s) started in SVC mode.
[    0.008051] devtmpfs: initialized
[    0.008673] VFP support v0.3: implementor 41 architecture 4 part 30 variant f rev 0
[    0.008725] omap_hwmod: l3_main_2 using broken dt data from ocp
[    0.036519] ------------[ cut here ]------------
[    0.036532] WARNING: CPU: 0 PID: 1 at arch/arm/mach-omap2/omap_hwmod.c:2458 _init+0x1c0/0x3d8()
[    0.036538] omap_hwmod: rtcss: doesn't have mpu register target base
[    0.036543] Modules linked in:
[    0.036555] CPU: 0 PID: 1 Comm: swapper/0 Not tainted 3.18.0-rc6-next-20141126-00002-g0dd4a24 #13
[    0.036562] Hardware name: Generic DRA74X (Flattened Device Tree)
[    0.036588] [<c02159f4>] (unwind_backtrace) from [<c0211490>] (show_stack+0x10/0x14)
[    0.036605] [<c0211490>] (show_stack) from [<c0905c28>] (dump_stack+0x70/0x8c)
[    0.036620] [<c0905c28>] (dump_stack) from [<c0249928>] (warn_slowpath_common+0x74/0xac)
[    0.036633] [<c0249928>] (warn_slowpath_common) from [<c02499f4>] (warn_slowpath_fmt+0x30/0x40)
[    0.036645] [<c02499f4>] (warn_slowpath_fmt) from [<c0c5e4e8>] (_init+0x1c0/0x3d8)
[    0.036660] [<c0c5e4e8>] (_init) from [<c02307b0>] (omap_hwmod_for_each+0x34/0x5c)
[    0.036673] [<c02307b0>] (omap_hwmod_for_each) from [<c0c5eb70>] (__omap_hwmod_setup_all+0x24/0x40)
[    0.036683] [<c0c5eb70>] (__omap_hwmod_setup_all) from [<c0208cc4>] (do_one_initcall+0x80/0x1d0)
[    0.036694] [<c0208cc4>] (do_one_initcall) from [<c0c42d4c>] (kernel_init_freeable+0x10c/0x1d8)
[    0.036707] [<c0c42d4c>] (kernel_init_freeable) from [<c09013ec>] (kernel_init+0x8/0xe4)
[    0.036720] [<c09013ec>] (kernel_init) from [<c020e778>] (ret_from_fork+0x14/0x3c)
[    0.036736] ---[ end trace f156a84a8aa4881e ]---
[    0.087731] omap_hwmod: dss_core: _wait_target_disable failed
[    0.087742] omap_hwmod: dss_core: cannot be enabled for reset (3)
[    0.090260] omap_hwmod: dss_dispc: cannot be enabled for reset (3)
[    0.092780] omap_hwmod: dss_hdmi: cannot be enabled for reset (3)
[    0.161945] omap_hwmod: pcie1: _wait_target_disable failed
[    0.168214] omap_hwmod: pcie2: _wait_target_disable failed
[    0.170317] pinctrl core: initialized pinctrl subsystem
[    0.186110] NET: Registered protocol family 16
[    0.187636] DMA: preallocated 256 KiB pool for atomic coherent allocations
[    0.188992] ------------[ cut here ]------------
[    0.189004] WARNING: CPU: 0 PID: 1 at drivers/spi/spi.c:2419 spi_init+0x58/0x98()
[    0.189009] Modules linked in:
[    0.189021] CPU: 0 PID: 1 Comm: swapper/0 Tainted: G        W      3.18.0-rc6-next-20141126-00002-g0dd4a24 #13
[    0.189027] Hardware name: Generic DRA74X (Flattened Device Tree)
[    0.189050] [<c02159f4>] (unwind_backtrace) from [<c0211490>] (show_stack+0x10/0x14)
[    0.189065] [<c0211490>] (show_stack) from [<c0905c28>] (dump_stack+0x70/0x8c)
[    0.189080] [<c0905c28>] (dump_stack) from [<c0249928>] (warn_slowpath_common+0x74/0xac)
[    0.189092] [<c0249928>] (warn_slowpath_common) from [<c024997c>] (warn_slowpath_null+0x1c/0x24)
[    0.189103] [<c024997c>] (warn_slowpath_null) from [<c0c8595c>] (spi_init+0x58/0x98)
[    0.189115] [<c0c8595c>] (spi_init) from [<c0208cc4>] (do_one_initcall+0x80/0x1d0)
[    0.189126] [<c0208cc4>] (do_one_initcall) from [<c0c42d4c>] (kernel_init_freeable+0x10c/0x1d8)
[    0.189139] [<c0c42d4c>] (kernel_init_freeable) from [<c09013ec>] (kernel_init+0x8/0xe4)
[    0.189152] [<c09013ec>] (kernel_init) from [<c020e778>] (ret_from_fork+0x14/0x3c)
[    0.189158] ---[ end trace f156a84a8aa4881f ]---
[    0.200496] cpuidle: using governor ladder
[    0.215508] cpuidle: using governor menu
[    0.218806] OMAP GPIO hardware version 0.1
[    0.222226] irq: no irq domain found for /ocp/pinmux@4a003400 !
[    0.225319] platform 4e000000.dmm: Cannot lookup hwmod 'dmm'
[    0.229779] omap-gpmc 50000000.gpmc: could not find pctldev for node /ocp/pinmux@4a003400/nand_flash_x16, deferring probe
[    0.229793] platform 50000000.gpmc: Driver omap-gpmc requests probe deferral
[    0.231275] No ATAGs?
[    0.231301] hw-breakpoint: found 5 (+1 reserved) breakpoint and 4 watchpoint registers.
[    0.231307] hw-breakpoint: maximum watchpoint size is 8 bytes.
[    0.232485] OMAP DMA hardware revision 0.0
[    0.234463] Serial: AMBA PL011 UART driver
[    0.266993] omap-dma-engine 4a056000.dma-controller: OMAP DMA engine driver
[    0.269465] vgaarb: loaded
[    0.269925] SCSI subsystem initialized
[    0.270280] usbcore: registered new interface driver usbfs
[    0.270333] usbcore: registered new interface driver hub
[    0.270374] usbcore: registered new device driver usb
[    0.270899] omap_i2c 48070000.i2c: could not find pctldev for node /ocp/pinmux@4a003400/pinmux_i2c1_pins, deferring probe
[    0.270912] platform 48070000.i2c: Driver omap_i2c requests probe deferral
[    0.270939] omap_i2c 48072000.i2c: could not find pctldev for node /ocp/pinmux@4a003400/pinmux_i2c2_pins, deferring probe
[    0.270949] platform 48072000.i2c: Driver omap_i2c requests probe deferral
[    0.270974] omap_i2c 48060000.i2c: could not find pctldev for node /ocp/pinmux@4a003400/pinmux_i2c3_pins, deferring probe
[    0.270983] platform 48060000.i2c: Driver omap_i2c requests probe deferral
[    0.271353] Linux video capture interface: v2.00
[    0.271386] pps_core: LinuxPPS API ver. 1 registered
[    0.271392] pps_core: Software ver. 5.3.6 - Copyright 2005-2007 Rodolfo Giometti <giometti@linux.it>
[    0.271411] PTP clock support registered
[    0.271570] EDAC MC: Ver: 3.0.0
[    0.272085] Advanced Linux Sound Architecture Driver Initialized.
[    0.272847] Switched to clocksource arch_sys_counter
[    0.279853] NET: Registered protocol family 2
[    0.280255] TCP established hash table entries: 8192 (order: 3, 32768 bytes)
[    0.280317] TCP bind hash table entries: 8192 (order: 4, 65536 bytes)
[    0.280447] TCP: Hash tables configured (established 8192 bind 8192)
[    0.280485] TCP: reno registered
[    0.280495] UDP hash table entries: 512 (order: 2, 16384 bytes)
[    0.280523] UDP-Lite hash table entries: 512 (order: 2, 16384 bytes)
[    0.280645] NET: Registered protocol family 1
[    0.280828] RPC: Registered named UNIX socket transport module.
[    0.280835] RPC: Registered udp transport module.
[    0.280840] RPC: Registered tcp transport module.
[    0.280845] RPC: Registered tcp NFSv4.1 backchannel transport module.
[    0.281526] hw perfevents: enabled with armv7_cortex_a15 PMU driver, 7 counters available
[    0.282956] futex hash table entries: 512 (order: 3, 32768 bytes)
[    0.291723] squashfs: version 4.0 (2009/01/31) Phillip Lougher
[    0.292270] NFS: Registering the id_resolver key type
[    0.292307] Key type id_resolver registered
[    0.292314] Key type id_legacy registered
[    0.292372] ntfs: driver 2.1.31 [Flags: R/O].
[    0.293224] bounce: pool size: 64 pages
[    0.293384] Block layer SCSI generic (bsg) driver version 0.4 loaded (major 249)
[    0.293398] io scheduler noop registered
[    0.293411] io scheduler deadline registered
[    0.293559] io scheduler cfq registered (default)
[    0.295864] platform 4a084000.phy: Driver omap-usb2 requests probe deferral
[    0.295963] platform 4a085000.phy: Driver omap-usb2 requests probe deferral
[    0.298142] pinctrl-single 4a003400.pinmux: 281 pins at pa fc003400 size 1124
[    0.344000] Serial: 8250/16550 driver, 4 ports, IRQ sharing disabled
[    0.345800] msm_serial: driver initialized
[    0.346352] omap_uart 4806a000.serial: ttyO0 at MMIO 0x4806a000 (irq = 295, base_baud = 3000000) is a OMAP UART0
[    1.365041] console [ttyO0] enabled
[    1.368974] omap_uart 4806c000.serial: no wakeirq for uart0
[    1.374874] omap_uart 4806c000.serial: ttyO1 at MMIO 0x4806c000 (irq = 296, base_baud = 3000000) is a OMAP UART1
[    1.385775] omap_uart 48020000.serial: no wakeirq for uart0
[    1.391671] omap_uart 48020000.serial: ttyO2 at MMIO 0x48020000 (irq = 297, base_baud = 3000000) is a OMAP UART2
[    1.402601] STMicroelectronics ASC driver initialized
[    1.408714] [drm] Initialized drm 1.1.0 20060810
[    1.415539] error detecting cacheinfo..cpu0
[    1.422643] loop: module loaded
[    1.427070] ahci 4a140000.sata: SSS flag set, parallel bus scan disabled
[    1.434106] ahci 4a140000.sata: AHCI 0001.0300 32 slots 1 ports 3 Gbps 0x1 impl platform mode
[    1.443017] ahci 4a140000.sata: flags: 64bit ncq sntf stag pm led clo only pmp pio slum part ccc apst 
[    1.453491] scsi host0: ahci_platform
[    1.457534] ata1: SATA max UDMA/133 mmio [mem 0x4a140000-0x4a1410ff] port 0x100 irq 318
[    1.469528] CAN device driver interface
[    1.474328] igb: Intel(R) Gigabit Ethernet Network Driver - version 5.2.15-k
[    1.481702] igb: Copyright (c) 2007-2014 Intel Corporation.
[    1.488907] pegasus: v0.9.3 (2013/04/25), Pegasus/Pegasus II USB Ethernet driver
[    1.496686] usbcore: registered new interface driver pegasus
[    1.502653] usbcore: registered new interface driver asix
[    1.508336] usbcore: registered new interface driver ax88179_178a
[    1.514753] usbcore: registered new interface driver cdc_ether
[    1.520905] usbcore: registered new interface driver smsc75xx
[    1.526974] usbcore: registered new interface driver smsc95xx
[    1.533025] usbcore: registered new interface driver net1080
[    1.538977] usbcore: registered new interface driver cdc_subset
[    1.545201] usbcore: registered new interface driver zaurus
[    1.551101] usbcore: registered new interface driver cdc_ncm
[    1.557277] ehci_hcd: USB 2.0 'Enhanced' Host Controller (EHCI) Driver
[    1.564116] ehci-pci: EHCI PCI platform driver
[    1.568809] ehci-platform: EHCI generic platform driver
[    1.574421] ehci-omap: OMAP-EHCI Host Controller driver
[    1.580004] ehci-orion: EHCI orion driver
[    1.584308] SPEAr-ehci: EHCI SPEAr driver
[    1.588615] ehci-st: EHCI STMicroelectronics driver
[    1.593829] tegra-ehci: Tegra EHCI driver
[    1.598148] ohci_hcd: USB 1.1 'Open' Host Controller (OHCI) Driver
[    1.604632] ohci-pci: OHCI PCI platform driver
[    1.609317] ohci-platform: OHCI generic platform driver
[    1.614892] ohci-omap3: OHCI OMAP3 driver
[    1.619208] SPEAr-ohci: OHCI SPEAr driver
[    1.623517] ohci-st: OHCI STMicroelectronics driver
[    1.629033] usbcore: registered new interface driver usb-storage
[    1.636509] mousedev: PS/2 mouse device common for all mice
[    1.644665] i2c /dev entries driver
[    1.649414] usbcore: registered new interface driver uvcvideo
[    1.655430] USB Video Class driver (1.1.1)
[    1.659716] gspca_main: v2.14.0 registered
[    1.666768] Driver 'mmcblk' needs updating - please use bus_type methods
[    1.673834] sdhci: Secure Digital Host Controller Interface driver
[    1.680289] sdhci: Copyright(c) Pierre Ossman
[    1.685667] omap_hsmmc 4809c000.mmc: unable to get vmmc regulator -517
[    1.692529] platform 4809c000.mmc: Driver omap_hsmmc requests probe deferral
[    1.728092] Synopsys Designware Multimedia Card Interface Driver
[    1.735100] sdhci-pltfm: SDHCI platform and OF driver helper
[    1.742122] ledtrig-cpu: registered to indicate activity on CPUs
[    1.748568] usbcore: registered new interface driver usbhid
[    1.754398] usbhid: USB HID core driver
[    1.760501] usbcore: registered new interface driver snd-usb-audio
[    1.768998] TCP: cubic registered
[    1.772465] NET: Registered protocol family 17
[    1.777128] can: controller area network core (rev 20120528 abi 9)
[    1.783650] NET: Registered protocol family 29
[    1.788307] can: raw protocol (rev 20120528)
[    1.792777] can: broadcast manager protocol (rev 20120528 t)
[    1.798704] can: netlink gateway (rev 20130117) max_hops=1
[    1.804736] Key type dns_resolver registered
[    1.809352] omap_voltage_late_init: Voltage driver support not added
[    1.816320] Power Management for TI OMAP4+ devices.
[    1.821611] ThumbEE CPU extension supported.
[    1.826115] Registering SWP/SWPB emulation handler
[    1.827891] ata1: SATA link down (SStatus 0 SControl 300)
[    1.827923] mmc0: BKOPS_EN bit is not set
[    1.842144] omap-gpmc 50000000.gpmc: GPMC revision 6.0
[    1.848189] mmc0: new high speed MMC card at address 0001
[    1.854480] palmas 0-0058: IRQ missing: skipping irq request
[    1.860483] mmcblk0: mmc0:0001 MMC08G 7.25 GiB 
[    1.865343] mmcblk0boot0: mmc0:0001 MMC08G partition 1 8.00 MiB
[    1.871660] mmcblk0boot1: mmc0:0001 MMC08G partition 2 8.00 MiB
[    1.878440] palmas 0-0058: Muxing GPIO 2e, PWM 0, LED 0
[    1.883967]  mmcblk0: p1
[    1.907455] omap_i2c 48070000.i2c: bus 0 rev0.12 at 400 kHz
[    1.913880] omap_i2c 48072000.i2c: bus 1 rev0.12 at 400 kHz
[    1.920250] omap_i2c 48060000.i2c: bus 2 rev0.12 at 400 kHz
[    2.017859] davinci_mdio 48485000.mdio: davinci mdio revision 1.6
[    2.024267] davinci_mdio 48485000.mdio: detected phy mask fffffff3
[    2.035046] libphy: 48485000.mdio: probed
[    2.039273] davinci_mdio 48485000.mdio: phy[2]: device 48485000.mdio:02, driver unknown
[    2.047694] davinci_mdio 48485000.mdio: phy[3]: device 48485000.mdio:03, driver unknown
[    2.047697] mmc1: host does not support reading read-only switch, assuming write-enable
[    2.064540] mmc1: new high speed SDHC card at address e624
[    2.065190] cpsw 48484000.ethernet: Detected MACID = 7c:66:9d:eb:fd:0e
[    2.065843] cpsw 48484000.ethernet: cpsw: Detected MACID = 7c:66:9d:eb:fd:0f
[    2.066494] drivers/rtc/hctosys.c: unable to open rtc device (rtc0)
[    2.077624] net eth0: initializing cpsw version 1.15 (0)
[    2.097014] mmcblk1: mmc1:e624 SU04G 3.69 GiB 
[    2.104063]  mmcblk1: p1 p2 p3
[    2.141514] net eth0: phy found : id is : 0x20005c7a
[    2.151063] net eth1: initializing cpsw version 1.15 (0)
[    2.226843] net eth1: phy found : id is : 0x20005c7a
[    5.149893] cpsw 48484000.ethernet eth0: Link is Up - 1Gbps/Full - flow control rx/tx
[    5.172855] Sending DHCP requests ., OK
[    5.237874] IP-Config: Got DHCP answer from 192.168.0.1, my address is 192.168.0.53
[    5.249900] IP-Config: Complete:
[    5.253298]      device=eth0, hwaddr=7c:66:9d:eb:fd:0e, ipaddr=192.168.0.53, mask=255.255.255.0, gw=192.168.0.1
[    5.263890]      host=192.168.0.53, domain=ti.com, nis-domain=(none)
[    5.270559]      bootserver=192.168.0.1, rootserver=192.168.0.1, rootpath=
[    5.277597]      nameserver0=192.0.2.2, nameserver1=192.0.2.3
[    5.284080] ldousb: disabling
[    5.287618] ALSA device list:
[    5.290741]   No soundcards found.
[    5.312331] EXT4-fs (mmcblk1p2): warning: maximal mount count reached, running e2fsck is recommended
[    5.334524] EXT4-fs (mmcblk1p2): mounted filesystem with ordered data mode. Opts: (null)
[    5.343033] VFS: Mounted root (ext4 filesystem) on device 179:50.
[    5.360127] devtmpfs: mounted
[    5.363664] Freeing unused kernel memory: 752K (c0c42000 - c0cfe000)
INIT: version 2.88 booting
Error opening /dev/fb0: No such file or directory
Starting udev
[    5.814630] udevd[88]: starting version 182
[    7.194213] EXT4-fs (mmcblk1p3): warning: maximal mount count reached, running e2fsck is recommended
[    7.216366] EXT4-fs (mmcblk1p3): mounted filesystem with ordered data mode. Opts: (null)
[    7.228069] FAT-fs (mmcblk1p1): Volume was not properly unmounted. Some data may be corrupt. Please run fsck.
depmod: ERROR: could not open directory /lib/modules/3.18.0-rc6-next-20141126-00002-g0dd4a24: No such file or directory
depmod: WARNING: -e needs -E or -F
depmod: ERROR: could not open directory /lib/modules/3.18.0-rc6-next-20141126-00002-g0dd4a24: No such file or directory
depmod: FATAL: could not search modules: No such file or directory
[    7.330703] EXT4-fs (mmcblk1p2): re-mounted. Opts: data=ordered
Starting Bootlog daemon: bootlogd.
[    7.399545] random: dd urandom read with 62 bits of entropy available
Populating dev cache
ALSA: Restoring mixer settings...
/usr/sbin/alsactl: load_state:1729: No soundcards found...
hwclock: can't open '/dev/misc/rtc': No such file or directory
Sat Oct 11 13:27:00 UTC 2014
hwclock: can't open '/dev/misc/rtc': No such file or directory
INIT: Entering runlevel: 5
Configuring network interfaces... udhcpc (v1.22.1) started
Sending discover...
Sending select for 192.168.0.56...
Lease of 192.168.0.56 obtained, lease time 600
/etc/udhcpc.d/50default: Adding DNS 192.0.2.2
/etc/udhcpc.d/50default: Adding DNS 192.0.2.3
done.
Starting system message bus: dbus.
Starting Dropbear SSH server: dropbear.
Starting telnet daemon.
Starting rpcbind daemon...rpcbind: cannot create socket for udp6
rpcbind: cannot create socket for tcp6
done.
creating NFS state directory: done
starting statd: done
hwclock: can't open '/dev/misc/rtc': No such file or directory
Starting syslogd/klogd: done
Starting thttpd.
Starting Lighttpd Web Server: lighttpd.
2014-10-11 13:27:01: (/scratch/jenkins/coresdk-nightly-build/build-CORTEX_1/arago-tmp-external-linaro-toolchain/work/cortexa15t2hf-vfp-neon-oe-linux-gnueabi/lighttpd/1.4.33-r1/lighttpd-1.4.33/src/log.c.166) server started 
Starting Matrix GUI application.
[   10.681476] random: nonblocking pool is initialized
***************************************************************
***************************************************************
NOTICE: This file system contains the followin GPLv3 packages:
	binutils
	elfutils
	gdbserver
	libdw1
	libelf1
	parted
If you do not wish to distribute GPLv3 components please remove
the above packages prior to distribution.  This can be done using
the opkg remove command.  i.e.:
    opkg remove <package>
Where <package> is the name printed in the list above
NOTE: If the package is a dependency of another package you
      will be notified of the dependent packages.  You should
      use the --force-removal-of-dependent-packages option to
      also remove the dependent packages as well
***************************************************************
***************************************************************
Stopping Bootlog daemon: bootlogd.
 _____                    _____           _         _   
|  _  |___ ___ ___ ___   |  _  |___ ___  |_|___ ___| |_ 
|     |  _| .'| . | . |  |   __|  _| . | | | -_|  _|  _|
|__|__|_| |__,|_  |___|  |__|  |_| |___|_| |___|___|_|  
              |___|                    |___|            
Arago Project http://arago-project.org dra7xx-evm /dev/ttyO0
Arago 2014.08 dra7xx-evm /dev/ttyO0
dra7xx-evm login: 
- 06:55:19 [INFO] Host: root
- 06:55:20 [INFO] Target: 
root
root@dra7xx-evm:~# 
- 06:55:20 [INFO] Host: uname -a
- 06:55:20 [INFO] Target: 
uname -a
Linux dra7xx-evm 3.18.0-rc6-next-20141126-00002-g0dd4a24 #13 SMP Thu Nov 27 05:48:41 CST 2014 armv7l GNU/Linux
root@dra7xx-evm:~# 
- 06:55:20 [INFO] Host: cat /proc/cmdline
- 06:55:21 [INFO] Target: 
cat /proc/cmdline
console=ttyO0,115200n8 earlyprintk rootwait  ip=dhcp  root=PARTUUID=00000000-02 rw rootfstype=ext4 rootwait 
root@dra7xx-evm:~# 
- 06:55:21 [INFO] Host: uname -a
- 06:55:21 [INFO] Target: 
uname -a
Linux dra7xx-evm 3.18.0-rc6-next-20141126-00002-g0dd4a24 #13 SMP Thu Nov 27 05:48:41 CST 2014 armv7l GNU/Linux
root@dra7xx-evm:~# 
- 06:55:21 [INFO] Host: cat /proc/mtd
- 06:55:22 [INFO] Target: 
cat /proc/mtd
dev:    size   erasesize  name
root@dra7xx-evm:~# 
- 06:55:30 [INFO] Host: export IPERFHOST=192.168.0.1
- 06:55:30 [INFO] Target: 
export IPERFHOST=192.168.0.1
root@dra7xx-evm:~# 
- 06:55:30 [INFO] Host: export NFS_SERVER=192.168.0.1
- 06:55:31 [INFO] Target: 
export NFS_SERVER=192.168.0.1
root@dra7xx-evm:~# 
- 06:55:31 [INFO] Host: export NFS_ROOT_PATH=/home/tigtfarm07/NFS_exports/dra7xx-evm1
- 06:55:31 [INFO] Target: 
export NFS_ROOT_PATH=/home/tigtfarm07/NFS_exports/dra7xx-evm1 
[Aroot@dra7xx-evm:~# export NFS_ROOT_PATH=/home/tigtfarm07/NFS_exports/dra7xx-evm[K1
root@dra7xx-evm:~# 
- 06:55:31 [INFO] Host: mkdir -p -m 777 /test
- 06:55:32 [INFO] Target: 
mkdir -p -m 777 /test
root@dra7xx-evm:~# 
- 06:55:32 [INFO] Host: cd /test
- 06:55:32 [INFO] Target: 
cd /test
root@dra7xx-evm:/test# 
- 06:55:32 [INFO] Host: cat > test.sh << EOF
- 06:55:33 [INFO] Target: 
cat > test.sh << EOF
- 06:55:33 [INFO] Host: failtest() {
- 06:55:33 [INFO] Target: 
failtest() {
- 06:55:33 [INFO] Host:   echo 1 >&3
- 06:55:34 [INFO] Target: 
  echo 1 >&3
- 06:55:34 [INFO] Host: }
- 06:55:34 [INFO] Target: 
- 06:55:34 [INFO] Host: timeout=600
- 06:55:35 [INFO] Target: 
timeout=600
- 06:55:35 [INFO] Host: 
- 06:55:35 [INFO] Target: 
- 06:55:35 [INFO] Host: # Start of user's script logic
- 06:55:36 [INFO] Target: 
# Start of user's script logic
- 06:55:36 [INFO] Host: 
- 06:55:36 [INFO] Target: 
- 06:55:36 [INFO] Host: 
- 06:55:37 [INFO] Target: 
- 06:55:37 [INFO] Host: mount -t proc proc /proc 2>/dev/null;
- 06:55:37 [INFO] Target: 
mount -t proc proc /proc 2>/dev/null;
- 06:55:37 [INFO] Host: 
- 06:55:38 [INFO] Target: 
- 06:55:38 [INFO] Host: mount -t sysfs sys /sys 2>/dev/null;
- 06:55:38 [INFO] Target: 
mount -t sysfs sys /sys 2>/dev/null;
- 06:55:38 [INFO] Host: 
- 06:55:39 [INFO] Target: 
- 06:55:39 [INFO] Host: mount -t debugfs none /sys/kernel/debug 2>/dev/null;
- 06:55:39 [INFO] Target: 
mount -t debugfs none /sys/kernel/debug 2>/dev/null;
- 06:55:39 [INFO] Host: 
- 06:55:40 [INFO] Target: 
- 06:55:40 [INFO] Host: echo 'cpuinfo:';cat /proc/cpuinfo; echo '=======';
- 06:55:40 [INFO] Target: 
echo 'cpuinfo:';cat /proc/cpuinfo; echo '=======';
- 06:55:40 [INFO] Host: 
- 06:55:41 [INFO] Target: 
- 06:55:41 [INFO] Host: echo 'soc info:';head /sys/devices/soc0/* 2>/dev/null; echo '=======';
- 06:55:41 [INFO] Target: 
echo 'soc info:';head /sys/devices/soc0/* 2>/dev/null; echo '=======';
- 06:55:41 [INFO] Host: 
- 06:55:42 [INFO] Target: 
- 06:55:42 [INFO] Host: echo 'DT Model info'; head /proc/device-tree/name /proc/device-tree/model /proc/device-tree/compatible 2>/dev/null;echo; echo '=======';
- 06:55:42 [INFO] Target: 
echo 'DT Model info'; head /proc/device-tree/name /proc/device-tree/model /pro 
c/device-tree/compatible 2>/dev/null;echo; echo '=======';
- 06:55:42 [INFO] Host: 
- 06:55:43 [INFO] Target: 
- 06:55:43 [INFO] Host: echo 'interrupts:';cat /proc/interrupts; echo '=======';
- 06:55:43 [INFO] Target: 
echo 'interrupts:';cat /proc/interrupts; echo '=======';
- 06:55:43 [INFO] Host: 
- 06:55:44 [INFO] Target: 
- 06:55:44 [INFO] Host: echo 'Clk_summary:';cat /sys/kernel/debug/clk/clk_summary; echo '=======';
- 06:55:44 [INFO] Target: 
echo 'Clk_summary:';cat /sys/kernel/debug/clk/clk_summary; echo '=======';
- 06:55:44 [INFO] Host: 
- 06:55:45 [INFO] Target: 
- 06:55:45 [INFO] Host: echo 'Orphan Clks:';ls /sys/kernel/debug/clk/orphans/; echo '=======';
- 06:55:45 [INFO] Target: 
echo 'Orphan Clks:';ls /sys/kernel/debug/clk/orphans/; echo '=======';
- 06:55:45 [INFO] Host: 
- 06:55:46 [INFO] Target: 
- 06:55:46 [INFO] Host: echo "Available frequencies"; cat /sys/devices/system/cpu/cpu0/cpufreq/scaling_available_frequencies 2>/dev/null;echo '=======';
- 06:55:46 [INFO] Target: 
echo "Available frequencies"; cat /sys/devices/system/cpu/cpu0/cpufreq/scaling 
_available_frequencies 2>/dev/null;echo '=======';
- 06:55:46 [INFO] Host: 
- 06:55:47 [INFO] Target: 
- 06:55:47 [INFO] Host: echo 'H''ello World' 'B''oard Booted';
- 06:55:47 [INFO] Target: 
echo 'H''ello World' 'B''oard Booted';
- 06:55:47 [INFO] Host: 
- 06:55:48 [INFO] Target: 
- 06:55:48 [INFO] Host: EOF
- 06:55:48 [INFO] Target: 
root@dra7xx-evm:/test# 
- 06:55:48 [INFO] Host: cd /test
- 06:55:49 [INFO] Target: 
cd /test
root@dra7xx-evm:/test# 
- 06:55:49 [INFO] Host: chmod +x test.sh
- 06:55:49 [INFO] Target: 
chmod +x test.sh
root@dra7xx-evm:/test# 
- 06:55:49 [INFO] Host: ./test.sh 2> stderr.log > stdout.log 3> result.log
- 06:55:50 [INFO] Target: 
./test.sh 2> stderr.log > stdout.log 3> result.log
root@dra7xx-evm:/test# 
- 06:55:50 [INFO] Host: echo $?
- 06:55:50 [INFO] Target: 
echo $?
root@dra7xx-evm:/test# 
- 06:55:50 [INFO] Host: cd /test
- 06:55:51 [INFO] Target: 
cd /test
root@dra7xx-evm:/test# 
- 06:55:51 [INFO] Host: cat stdout.log
- 06:55:53 [INFO] Target: 
cat stdout.log
cpuinfo:
processor	: 0
model name	: ARMv7 Processor rev 2 (v7l)
Features	: half thumb fastmult vfp edsp thumbee neon vfpv3 tls vfpv4 idiva idivt vfpd32 lpae evtstrm 
CPU implementer	: 0x41
CPU architecture: 7
CPU variant	: 0x2
CPU part	: 0xc0f
CPU revision	: 2
processor	: 1
model name	: ARMv7 Processor rev 2 (v7l)
Features	: half thumb fastmult vfp edsp thumbee neon vfpv3 tls vfpv4 idiva idivt vfpd32 lpae evtstrm 
CPU implementer	: 0x41
CPU architecture: 7
CPU variant	: 0x2
CPU part	: 0xc0f
CPU revision	: 2
Hardware	: Generic DRA74X (Flattened Device Tree)
Revision	: 0000
Serial		: 0000000000000000
=======
soc info:
==> /sys/devices/soc0/family <==
DRA7
==> /sys/devices/soc0/machine <==
DRA752
==> /sys/devices/soc0/power <==
==> /sys/devices/soc0/revision <==
ES1.1
==> /sys/devices/soc0/subsystem <==
==> /sys/devices/soc0/type <==
==> /sys/devices/soc0/uevent <==
=======
DT Model info
==> /proc/device-tree/name <==
==> /proc/device-tree/model <==
TI DRA742
==> /proc/device-tree/compatible <==
ti,dra7-evmti,dra742ti,dra74ti,dra7
=======
interrupts:
           CPU0       CPU1       
 16:          0          0       GIC 191  gp_timer
 19:       1424       1684       GIC  27  arch_timer
 22:          0          0       GIC 190  l3-dbg-irq
 23:          0          0       GIC  42  l3-app-irq
 28:       4615          0       GIC 185  omap-dma-engine
295:       4968          0       GIC 174  OMAP UART0
310:        331          0       GIC 154  48070000.i2c
311:          0          0       GIC 153  48072000.i2c
312:          0          0       GIC 152  48060000.i2c
313:       5884          0       GIC 151  mmc1
314:        763          0       GIC 150  mmc0
318:          0          0       GIC 146  4a140000.sata
322:          0          0       GIC 142  gpmc
323:          0          0       GIC 141  48484000.ethernet
324:         20          0       GIC 140  48484000.ethernet
325:         11          0       GIC 139  48484000.ethernet
326:          0          0       GIC 138  48484000.ethernet
338:          1          0      PRCM  pinctrl
393:          1          0   pinctrl 992  OMAP UART0
IPI0:          0          1  CPU wakeup interrupts
IPI1:          0          0  Timer broadcast interrupts
IPI2:       1917       2789  Rescheduling interrupts
IPI3:          0          0  Function call interrupts
IPI4:         49         13  Single function call interrupts
IPI5:          0          0  CPU stop interrupts
IPI6:          0          0  IRQ work interrupts
IPI7:          0          0  completion interrupts
Err:          0
=======
Clk_summary:
   clock                         enable_cnt  prepare_cnt        rate   accuracy   phase
----------------------------------------------------------------------------------------
 dummy_ck                                 0            0           0          0 0  
 video2_m2_clkin_ck                       0            0           0          0 0  
    video2_dclk_div                       0            0           0          0 0  
 video2_clkin_ck                          0            0           0          0 0  
    video2_div_clk                        0            0           0          0 0  
    video2_clk2_div                       0            0           0          0 0  
 video1_m2_clkin_ck                       0            0           0          0 0  
    video1_dclk_div                       0            0           0          0 0  
 video1_clkin_ck                          0            0           0          0 0  
    video1_div_clk                        0            0           0          0 0  
    video1_clk2_div                       0            0           0          0 0  
 usb_otg_clkin_ck                         0            0           0          0 0  
    usb_otg_dclk_div                      0            0           0          0 0  
 sys_clkin2                               0            0    22579200          0 0  
    abe_dpll_sys_clk_mux                  0            0    22579200          0 0  
       abe_dpll_clk_mux                   0            0    22579200          0 0  
          dpll_abe_ck                     0            0   180633600          0 0  
             dpll_abe_m2_ck               0            0   180633600          0 0  
                per_abe_x1_gfclk2_div           0            0   180633600          0 0  
                   mcasp8_aux_gfclk_mux           0            0   180633600          0 0  
                   mcasp7_aux_gfclk_mux           0            0   180633600          0 0  
                   mcasp6_aux_gfclk_mux           0            0   180633600          0 0  
                   mcasp5_aux_gfclk_mux           0            0   180633600          0 0  
                   mcasp4_aux_gfclk_mux           0            0   180633600          0 0  
                   mcasp3_aux_gfclk_mux           0            0   180633600          0 0  
                   mcasp2_aux_gfclk_mux           0            0   180633600          0 0  
                   mcasp1_aux_gfclk_mux           0            0   180633600          0 0  
                per_abe_x1_dclk_div           0            0   180633600          0 0  
             dpll_abe_x2_ck               0            0   361267200          0 0  
                dpll_abe_m3x2_ck           0            0   180633600          0 0  
                   usb_dpll_hs_clk_div           0            0    60211200          0 0  
                   per_dpll_hs_clk_div           0            0    90316800          0 0  
                   dpll_gpu_ck            0            0   180633600          0 0  
                      dpll_gpu_m2_ck           0            0    22579200          0 0  
                         gpu_dclk           0            0    22579200          0 0  
                dpll_abe_m2x2_ck           0            0   361267200          0 0  
                   abe_lp_clk_div           0            0    22579200          0 0  
                   abe_24m_fclk           0            0    45158400          0 0  
                      mcasp8_ahclk_mux           0            0    45158400          0 0  
                      mcasp7_ahclkx_mux           0            0    45158400          0 0  
                      mcasp6_ahclkx_mux           0            0    45158400          0 0  
                      mcasp5_ahclkx_mux           0            0    45158400          0 0  
                      mcasp4_ahclkx_mux           0            0    45158400          0 0  
                      mcasp3_ahclkx_mux           0            0    45158400          0 0  
                      mcasp2_ahclkx_mux           0            0    45158400          0 0  
                      mcasp2_ahclkr_mux           0            0    45158400          0 0  
                      mcasp1_ahclkx_mux           0            0    45158400          0 0  
                      mcasp1_ahclkr_mux           0            0    45158400          0 0  
                   ipu1_gfclk_mux           0            0   361267200          0 0  
                   abe_clk                0            0   361267200          0 0  
                      aess_fclk           0            0   361267200          0 0  
                         abe_giclk_div           0            0   361267200          0 0  
       abe_dpll_bypass_clk_mux            0            0    22579200          0 0  
    sys_clk2_dclk_div                     0            0    22579200          0 0  
 virt_38400000_ck                         0            0    38400000          0 0  
 virt_27000000_ck                         0            0    27000000          0 0  
 virt_26000000_ck                         0            0    26000000          0 0  
 virt_20000000_ck                         1            1    20000000          0 0  
    sys_clkin1                            8           14    20000000          0 0  
       wkupaon_iclk_mux                   8           11    20000000          0 0  
          l3instr_ts_gclk_div             0            0      625000          0 0  
       sata_ref_clk                       1            1    20000000          0 0  
       dpll_usb_ck                        1            1   960000000          0 0  
          dpll_usb_clkdcoldo              1            1   960000000          0 0  
             l3init_960m_gfclk            1            2   960000000          0 0  
                usb_otg_ss2_refclk960m           0            2   960000000          0 0  
                usb_otg_ss1_refclk960m           1            3   960000000          0 0  
          dpll_usb_m2_ck                  0            0   480000000          0 0  
             l3init_480m_dclk_div           0            0   480000000          0 0  
             l3init_60m_fclk              0            0    60000000          0 0  
       dpll_per_ck                        1            1   384000000          0 0  
          dpll_per_x2_ck                  1            3   768000000          0 0  
             dpll_per_m2x2_ck             1            5   192000000          0 0  
                mmc2_fclk_mux             0            1   192000000          0 0  
                   mmc2_fclk_div           0            1    96000000          0 0  
                mmc1_fclk_mux             0            1   192000000          0 0  
                   mmc1_fclk_div           0            1    96000000          0 0  
                func_96m_fclk             0            5    96000000          0 0  
                func_48m_fclk             4           14    48000000          0 0  
                   uart6_gfclk_mux           0            1    48000000          0 0  
                   uart10_gfclk_mux           0            0    48000000          0 0  
                   uart9_gfclk_mux           0            0    48000000          0 0  
                   uart8_gfclk_mux           0            0    48000000          0 0  
                   uart7_gfclk_mux           0            0    48000000          0 0  
                   uart5_gfclk_mux           0            1    48000000          0 0  
                   uart4_gfclk_mux           0            1    48000000          0 0  
                   uart3_gfclk_mux           1            1    48000000          0 0  
                   uart2_gfclk_mux           1            1    48000000          0 0  
                   uart1_gfclk_mux           1            1    48000000          0 0  
                   mmc4_gfclk_mux           0            1    48000000          0 0  
                      mmc4_gfclk_div           0            1    48000000          0 0  
                   mmc3_gfclk_mux           0            1    48000000          0 0  
                      mmc3_gfclk_div           0            1    48000000          0 0  
                   dss_48mhz_clk           0            2    48000000          0 0  
                func_12m_fclk             0            1    12000000          0 0  
             dpll_per_h14x2_ck            0            0   384000000          0 0  
             dpll_per_h13x2_ck            0            1   192000000          0 0  
                qspi_gfclk_mux            0            1   192000000          0 0  
                   qspi_gfclk_div           0            1   192000000          0 0  
             dpll_per_h12x2_ck            0            1   192000000          0 0  
                dss_dss_clk               0            3   192000000          0 0  
             dpll_per_h11x2_ck            0            0   256000000          0 0  
                func_128m_clk             0            0   128000000          0 0  
          dpll_per_m2_ck                  0            0    96000000          0 0  
             func_24m_clk                 0            0    24000000          0 0  
             func_96m_aon_dclk_div           0            0    96000000          0 0  
       dpll_pcie_ref_ck                   1            1  1500000000          0 0  
          dpll_pcie_ref_m2_ck             0            0  1500000000          0 0  
             pcie2_dclk_div               0            0  1500000000          0 0  
          dpll_pcie_ref_m2ldo_ck           1            1   100000000          0 0  
             apll_pcie_in_clk_mux           1            1   100000000          0 0  
                apll_pcie_ck              2            2   100000000          0 0  
                   apll_pcie_m2_ck           0            0   100000000          0 0  
                      pcie_dclk_div           0            0   100000000          0 0  
                   apll_pcie_clkvcoldo_div           0            0   100000000          0 0  
                   apll_pcie_clkvcoldo           0            0   100000000          0 0  
                   optfclk_pciephy2_clk           0            0   100000000          0 0  
                   optfclk_pciephy1_clk           1            1   100000000          0 0  
                   optfclk_pciephy_div           1            1   100000000          0 0  
                      optfclk_pciephy2_div_clk           0            0   100000000          0 0  
                      optfclk_pciephy1_div_clk           1            1   100000000          0 0  
       dpll_gmac_ck                       3            3  1000000000          0 0  
          dpll_gmac_x2_ck                 0            0  2000000000          0 0  
             dpll_gmac_m3x2_ck            0            0   200000000          0 0  
             dpll_gmac_h13x2_ck           0            0   200000000          0 0  
             dpll_gmac_h12x2_ck           0            0   250000000          0 0  
             dpll_gmac_h11x2_ck           0            0    50000000          0 0  
                gmii_m_clk_div            0            0    25000000          0 0  
          dpll_gmac_m2_ck                 0            0   250000000          0 0  
             gmac_250m_dclk_div           0            0   250000000          0 0  
             gmac_gmii_ref_clk_div           0            0   125000000          0 0  
       dpll_ddr_ck                        0            0  1064000000          0 0  
          dpll_ddr_x2_ck                  0            0  2128000000          0 0  
             dpll_ddr_h11x2_ck            0            0   266000000          0 0  
          dpll_ddr_m2_ck                  0            0   532000000          0 0  
             emif_phy_dclk_div            0            0   532000000          0 0  
       dpll_mpu_ck                        1            1  1000000000          0 0  
          dpll_mpu_m2_ck                  1            1  1000000000          0 0  
             mpu_dclk_div                 0            0  1000000000          0 0  
       dpll_core_ck                       1            1  1064000000          0 0  
          dpll_core_m2_ck                 0            0   532000000          0 0  
             core_dpll_out_dclk_div           0            0   532000000          0 0  
          dpll_core_x2_ck                 2            3  2128000000          0 0  
             dpll_core_h24x2_ck           0            1   354666667          0 0  
             dpll_core_h23x2_ck           0            0   532000000          0 0  
             dpll_core_h22x2_ck           0            0   425600000          0 0  
             dpll_core_h14x2_ck           0            0   425600000          0 0  
                gpu_hyd_gclk_mux           0            0   425600000          0 0  
                gpu_core_gclk_mux           0            0   425600000          0 0  
             dpll_core_h13x2_ck           4            8    34322581          0 0  
             dpll_core_h12x2_ck           1            1   532000000          0 0  
                l3_iclk_div              81           93   266000000          0 0  
                   vip3_gclk_mux           0            0   266000000          0 0  
                   vip2_gclk_mux           0            0   266000000          0 0  
                   vip1_gclk_mux           0            0   266000000          0 0  
                   gmac_rft_clk_mux           0            0   266000000          0 0  
                   atl_gfclk_mux           0            1   266000000          0 0  
                      atl_clkin3_ck           0            0   266000000          0 0  
                      atl_clkin2_ck           0            0   266000000          0 0  
                      atl_clkin1_ck           0            0   266000000          0 0  
                      atl_clkin0_ck           0            0   266000000          0 0  
                   l4_root_clk_div          11           14   133000000          0 0  
                eve_dpll_hs_clk_div           0            0   532000000          0 0  
                   dpll_eve_ck            0            0   532000000          0 0  
                      dpll_eve_m2_ck           0            0   532000000          0 0  
                         eve_clk           0            0   532000000          0 0  
                         eve_dclk_div           0            0   532000000          0 0  
                iva_dpll_hs_clk_div           0            0   532000000          0 0  
                   dpll_iva_ck            0            0   532000000          0 0  
                      dpll_iva_m2_ck           0            0   532000000          0 0  
                         iva_dclk           0            0   532000000          0 0  
                dsp_dpll_hs_clk_div           0            0   532000000          0 0  
                   dpll_dsp_ck            0            0   532000000          0 0  
                      dpll_dsp_x2_ck           0            0   532000000          0 0  
                         dpll_dsp_m3x2_ck           0            0   532000000          0 0  
                      dpll_dsp_m2_ck           0            0   532000000          0 0  
                         dsp_gclk_div           0            0   532000000          0 0  
                mpu_dpll_hs_clk_div           0            0   532000000          0 0  
       dcan1_sys_clk_mux                  0            1    20000000          0 0  
       video2_dpll_clk_mux                0            1    20000000          0 0  
          dss_video2_clk                  0            1    20000000          0 0  
       video1_dpll_clk_mux                0            1    20000000          0 0  
          dss_video1_clk                  0            1    20000000          0 0  
       timer_sys_clk_div                  0           10    20000000          0 0  
          timer9_gfclk_mux                0            1    20000000          0 0  
          timer4_gfclk_mux                0            1    20000000          0 0  
          timer3_gfclk_mux                0            1    20000000          0 0  
          timer2_gfclk_mux                0            1    20000000          0 0  
          timer16_gfclk_mux               0            0    20000000          0 0  
          timer15_gfclk_mux               0            0    20000000          0 0  
          timer14_gfclk_mux               0            0    20000000          0 0  
          timer13_gfclk_mux               0            0    20000000          0 0  
          timer11_gfclk_mux               0            1    20000000          0 0  
          timer10_gfclk_mux               0            1    20000000          0 0  
          timer8_gfclk_mux                0            1    20000000          0 0  
          timer7_gfclk_mux                0            1    20000000          0 0  
          timer6_gfclk_mux                0            1    20000000          0 0  
          timer5_gfclk_mux                0            1    20000000          0 0  
       hdmi_dpll_clk_mux                  0            1    20000000          0 0  
          dss_hdmi_clk                    0            2    20000000          0 0  
       custefuse_sys_gfclk_div            0            0    10000000          0 0  
       emu_dclk_div                       0            0    20000000          0 0  
       sata_dclk_div                      0            0    20000000          0 0  
       sys_clk1_dclk_div                  0            0    20000000          0 0  
          clkoutmux2_clk_mux              0            0    20000000          0 0  
          clkoutmux1_clk_mux              0            0    20000000          0 0  
          clkoutmux0_clk_mux              0            0    20000000          0 0  
       adc_gfclk_mux                      0            0    20000000          0 0  
       abe_sys_clk_div                    0            0    20000000          0 0  
 virt_19200000_ck                         0            0    19200000          0 0  
 virt_16800000_ck                         0            0    16800000          0 0  
 virt_13000000_ck                         0            0    13000000          0 0  
 virt_12000000_ck                         0            0    12000000          0 0  
 sys_32k_ck                               3           19       32768          0 0  
    timer1_gfclk_mux                      1            1       32768          0 0  
    gpio1_dbclk                           0            1       32768          0 0  
    atl_dpll_clk_mux                      0            0       32768          0 0  
    usb_phy3_always_on_clk32k             1            1       32768          0 0  
    usb_phy2_always_on_clk32k             0            1       32768          0 0  
    usb_phy1_always_on_clk32k             0            1       32768          0 0  
    mmc4_clk32k                           0            1       32768          0 0  
    mmc3_clk32k                           0            1       32768          0 0  
    mmc2_clk32k                           0            1       32768          0 0  
    mmc1_clk32k                           0            1       32768          0 0  
    gpio8_dbclk                           0            1       32768          0 0  
    gpio7_dbclk                           0            1       32768          0 0  
    gpio6_dbclk                           0            1       32768          0 0  
    gpio5_dbclk                           0            1       32768          0 0  
    gpio4_dbclk                           0            1       32768          0 0  
    gpio3_dbclk                           0            1       32768          0 0  
    gpio2_dbclk                           0            1       32768          0 0  
    dss_32khz_clk                         0            1       32768          0 0  
    optfclk_pciephy2_32khz                0            0       32768          0 0  
    optfclk_pciephy1_32khz                1            1       32768          0 0  
 secure_32k_clk_src_ck                    0            0       32768          0 0  
    secure_32k_dclk_div                   0            0       32768          0 0  
 sdvenc_clkin_ck                          0            0           0          0 0  
 rmii_clk_ck                              0            0           0          0 0  
 ref_clkin3_ck                            0            0           0          0 0  
 ref_clkin2_ck                            0            0           0          0 0  
 ref_clkin1_ck                            0            0           0          0 0  
 ref_clkin0_ck                            0            0           0          0 0  
 pciesref_acs_clk_ck                      0            0   100000000          0 0  
 mlbp_clkin_ck                            0            0           0          0 0  
    mlbp_clk                              0            0           0          0 0  
 mlb_clkin_ck                             0            0           0          0 0  
    mlb_clk                               0            0           0          0 0  
 hdmi_clkin_ck                            0            0           0          0 0  
    hdmi_div_clk                          0            0           0          0 0  
    hdmi_clk2_div                         0            0           0          0 0  
    hdmi_dclk_div                         0            0           0          0 0  
=======
Orphan Clks:
=======
Available frequencies
=======
Hello World Board Booted
root@dra7xx-evm:/test# 
- 06:55:53 [INFO] Host: cat stderr.log
- 06:55:54 [INFO] Target: 
cat stderr.log
ls: /sys/kernel/debug/clk/orphans/: No such file or directory
root@dra7xx-evm:/test# 
- 06:55:54 [INFO] Host: cat result.log
- 06:55:56 [ERROR] On command: cat result.log waiting for cat result.log.+?(?m-ix:^1[\0\n\r]+) >>> error: execution expired
- 06:55:56 [INFO] Target: 
cat result.log
root@dra7xx-evm:/test# 
- 06:55:56 [INFO] Host: cd /test
- 06:55:57 [INFO] Target: 
cd /test
root@dra7xx-evm:/test# 
URL:gtsystest.telogy.design.ti.com/vatf/tigtfarm07/tigtfarm07_vatf@dra7xx-evm1/tigtfarm0711_27_2014_06_54_08/files/session_iteration_1/test_1
