- 10:22:46 [INFO] Starting target session
- 10:22:46 [INFO] Connected to dra72x-evm via serial 
- 10:22:46 [INFO] Host: #check prompt
- 10:22:49 [ERROR] On command: #check prompt waiting for #check prompt.+?(?-mix:((?-mix:login:)|[Pp]assword)) >>> error: execution expired
- 10:22:49 [INFO] Target: 
- 10:22:49 [INFO] Host: #check prompt
- 10:22:51 [ERROR] On command: #check prompt waiting for #check prompt.+?(?-mix:root@.+[@:#]+) >>> error: execution expired
- 10:22:51 [INFO] Target: 
- 10:22:51 [INFO] Host: #check prompt
- 10:22:53 [ERROR] On command: #check prompt waiting for #check prompt.+?(?-mix:root@.+[@:#]+) >>> error: execution expired
- 10:22:53 [INFO] Target: 
- 10:22:53 [INFO] Host: #check prompt
- 10:22:55 [ERROR] On command: #check prompt waiting for #check prompt.+?(?-mix:root@.+[@:#]+) >>> error: execution expired
- 10:22:55 [INFO] Target: 
- 10:22:55 [INFO] Disconnected serial from dra72x-evm
- 10:22:56 [INFO] Connected to dra72x-evm via serial 
- 10:22:57 [INFO] Host: 
- 10:22:58 [INFO] Target: 
U-Boot SPL 2015.07 (Feb 05 2016 - 20:32:43)
DRA722 ES1.0
reading args
spl_load_image_fat_os: error reading image args, err - -1
reading u-boot.img
reading u-boot.img
ti_i2c_eeprom_init failed 1
U-Boot 2015.07 (Feb 05 2016 - 20:32:43 -0500)
CPU  : DRA722 ES1.0
Board: DRA72x EVM REV <NULL>
I2C:   ready
DRAM:  1 GiB
MMC:   OMAP SD/MMC: 0, OMAP SD/MMC: 1
*** Warning - bad CRC, using default environment
SCSI:  SATA link 0 timeout.
AHCI 0001.0300 32 slots 1 ports 3 Gbps 0x1 impl SATA mode
flags: 64bit ncq stag pm led clo only pmp pio slum part ccc apst 
scanning bus for devices...
Found 0 device(s).
Net:   <ethaddr> not set. Validating first E-fuse MAC
cpsw
Hit any key to stop autoboot:  1  0 
U-Boot# 
U-Boot# 
U-Boot# 
U-Boot# 
U-Boot# 
U-Boot# 
U-Boot# 
U-Boot# 
U-Boot# 
- 10:22:58 [INFO] Host: 
- 10:22:58 [INFO] Target: 
U-Boot# 
- 10:22:58 [INFO] Host: version
- 10:22:59 [INFO] Target: 
version
U-Boot 2015.07 (Feb 05 2016 - 20:32:43 -0500)
arm-linux-gnueabihf-gcc (Linaro GCC 4.9-2015.05) 4.9.3 20150413 (prerelease)
GNU ld (GNU Binutils) Linaro 2014.11-3-git 2.24.0.20141017
U-Boot# 
- 10:22:59 [INFO] Host: setenv bootargs 'console=ttyO0,115200n8 earlyprintk=serial,ttyO0,115200n8 rootwait '
- 10:22:59 [INFO] Target: 
setenv bootargs 'console=ttyO0,115200n8 earlyprintk=serial,ttyO0,115200n8 rootwait '
U-Boot# 
- 10:22:59 [INFO] Host: setenv bootcmd  ''
- 10:22:59 [INFO] Target: 
setenv bootcmd  ''
U-Boot# 
- 10:22:59 [INFO] Host: setenv autoload 'no'
- 10:22:59 [INFO] Target: 
setenv autoload 'no'
U-Boot# 
- 10:22:59 [INFO] Host: setenv serverip '192.168.0.1'
- 10:22:59 [INFO] Target: 
setenv serverip '192.168.0.1'
U-Boot# 
- 10:22:59 [INFO] Host: printenv
- 10:22:59 [INFO] Target: 
printenv
arch=arm
args_mmc=run finduuid;setenv bootargs console=${console} ${optargs} root=PARTUUID=${uuid} rw rootfstype=${mmcrootfstype}
autoload=no
baudrate=115200
board=dra7xx
board_name=dra72x
bootargs=console=ttyO0,115200n8 earlyprintk=serial,ttyO0,115200n8 rootwait 
bootcmd=
bootdelay=1
bootdir=/boot
bootenvfile=uEnv.txt
bootfile=zImage
bootm_size=0x10000000
bootpart=0:2
bootscript=echo Running bootscript from mmc${mmcdev} ...; source ${loadaddr}
console=ttyO0,115200n8
cpu=armv7
dfu_alt_info_emmc=rawemmc raw 0 3751936;boot part 1 1;rootfs part 1 2;MLO fat 1 1;MLO.raw raw 0x100 0x100;u-boot.img.raw raw 0x300 0x400;spl-os-args.raw raw 0x80 0x80;spl-os-image.raw raw 0x900 0x2000;spl-os-args fat 1 1;spl-os-image fat 1 1;u-boot.img fat 1 1;uEnv.txt fat 1 1
dfu_alt_info_mmc=boot part 0 1;rootfs part 0 2;MLO fat 0 1;MLO.raw raw 0x100 0x100;u-boot.img.raw raw 0x300 0x400;spl-os-args.raw raw 0x80 0x80;spl-os-image.raw raw 0x900 0x2000;spl-os-args fat 0 1;spl-os-image fat 0 1;u-boot.img fat 0 1;uEnv.txt fat 0 1
dfu_alt_info_qspi=MLO raw 0x0 0x010000;MLO.backup1 raw 0x010000 0x010000;MLO.backup2 raw 0x020000 0x010000;MLO.backup3 raw 0x030000 0x010000;u-boot.img raw 0x040000 0x0100000;u-boot-spl-os raw 0x140000 0x080000;u-boot-env raw 0x1C0000 0x010000;u-boot-env.backup raw 0x1D0000 0x010000;kernel raw 0x1E0000 0x800000
dfu_alt_info_ram=kernel ram 0x80200000 0x4000000;fdt ram 0x80f80000 0x80000;ramdisk ram 0x81000000 0x4000000
dfu_bufsiz=0x10000
dofastboot=0
envboot=mmc dev ${mmcdev}; if mmc rescan; then echo SD/MMC found on device ${mmcdev};if run loadbootscript; then run bootscript;else if run loadbootenv; then echo Loaded env from ${bootenvfile};run importbootenv;fi;if test -n $uenvcmd; then echo Running uenvcmd ...;run uenvcmd;fi;fi;fi;
eth1addr=b4:99:4c:d1:cd:8d
ethact=cpsw
ethaddr=b4:99:4c:d1:cd:8c
fdt_addr_r=0x88000000
fdtaddr=0x88000000
fdtfile=undefined
findfdt=if test $board_name = omap5_uevm; then setenv fdtfile omap5-uevm.dtb; fi; if test $board_name = dra7xx; then setenv fdtfile dra7-evm.dtb; fi;if test $board_name = dra72x; then setenv fdtfile dra72-evm.dtb; fi;if test $board_name = beagle_x15; then setenv fdtfile am57xx-beagle-x15.dtb; fi;if test $board_name = beagle_x15_es2plus; then setenv fdtfile am57xx-beagle-x15-es2plus.dtb; fi;if test $board_name = am57xx_evm; then setenv fdtfile am57xx-evm.dtb; fi;if test $board_name = am57xx_evm_es2plus; then setenv fdtfile am57xx-evm-es2plus.dtb; fi;if test $board_name = am572x_idk; then setenv fdtfile am572x-idk.dtb; fi;if test $board_name = am571x_idk; then setenv fdtfile am571x-idk.dtb; fi;if test $board_name = am572x_idk_osd; then setenv fdtfile am572x-idk-lcd-osd.dtb; fi;if test $board_name = am571x_idk_osd; then setenv fdtfile am571x-idk-lcd-osd.dtb; fi;if test $fdtfile = undefined; then echo WARNING: Could not determine device tree to use; fi; 
finduuid=part uuid mmc 0:2 uuid
importbootenv=echo Importing environment from mmc${mmcdev} ...; env import -t ${loadaddr} ${filesize}
kernel_addr_r=0x82000000
loadaddr=0x82000000
loadbootenv=fatload mmc ${mmcdev} ${loadaddr} ${bootenvfile}
loadbootscript=fatload mmc ${mmcdev} ${loadaddr} boot.scr
loadfdt=load mmc ${bootpart} ${fdtaddr} ${bootdir}/${fdtfile};
loadimage=load mmc ${bootpart} ${loadaddr} ${bootdir}/${bootfile}
mmcboot=mmc dev ${mmcdev}; if mmc rescan; then echo SD/MMC found on device ${mmcdev};if run loadimage; then run loadfdt; echo Booting from mmc${mmcdev} ...; run args_mmc; bootz ${loadaddr} - ${fdtaddr}; fi;fi;
mmcdev=0
mmcrootfstype=ext4 rootwait
netargs=setenv bootargs console=${console} ${optargs} root=/dev/nfs nfsroot=${serverip}:${rootpath},${nfsopts} rw ip=dhcp
netboot=echo Booting from network ...; setenv autoload no; dhcp; run netloadimage; run netloadfdt; run netargs; bootz ${loadaddr} - ${fdtaddr}
netloadfdt=tftp ${fdtaddr} ${fdtfile}
netloadimage=tftp ${loadaddr} ${bootfile}
nfsopts=nolock
partitions=uuid_disk=${uuid_gpt_disk};name=rootfs,start=2MiB,size=-,uuid=${uuid_gpt_rootfs}
ramdisk_addr_r=0x88080000
rdaddr=0x88080000
rootpath=/export/rootfs
scsidevs=0
serial#=0700f016014e3537
serverip=192.168.0.1
soc=omap5
static_ip=${ipaddr}:${serverip}:${gatewayip}:${netmask}:${hostname}::off
stderr=serial
stdin=serial
stdout=serial
usbtty=cdc_acm
vendor=ti
ver=U-Boot 2015.07 (Feb 05 2016 - 20:32:43 -0500)
vram=16M
Environment size: 4432/131067 bytes
U-Boot# 
- 10:22:59 [INFO] Host: setenv _initramfs -
- 10:22:59 [INFO] Target: 
setenv _initramfs -
U-Boot# 
- 10:22:59 [INFO] Host: printenv
- 10:23:00 [INFO] Target: 
printenv
_initramfs=-
arch=arm
args_mmc=run finduuid;setenv bootargs console=${console} ${optargs} root=PARTUUID=${uuid} rw rootfstype=${mmcrootfstype}
autoload=no
baudrate=115200
board=dra7xx
board_name=dra72x
bootargs=console=ttyO0,115200n8 earlyprintk=serial,ttyO0,115200n8 rootwait 
bootcmd=
bootdelay=1
bootdir=/boot
bootenvfile=uEnv.txt
bootfile=zImage
bootm_size=0x10000000
bootpart=0:2
bootscript=echo Running bootscript from mmc${mmcdev} ...; source ${loadaddr}
console=ttyO0,115200n8
cpu=armv7
dfu_alt_info_emmc=rawemmc raw 0 3751936;boot part 1 1;rootfs part 1 2;MLO fat 1 1;MLO.raw raw 0x100 0x100;u-boot.img.raw raw 0x300 0x400;spl-os-args.raw raw 0x80 0x80;spl-os-image.raw raw 0x900 0x2000;spl-os-args fat 1 1;spl-os-image fat 1 1;u-boot.img fat 1 1;uEnv.txt fat 1 1
dfu_alt_info_mmc=boot part 0 1;rootfs part 0 2;MLO fat 0 1;MLO.raw raw 0x100 0x100;u-boot.img.raw raw 0x300 0x400;spl-os-args.raw raw 0x80 0x80;spl-os-image.raw raw 0x900 0x2000;spl-os-args fat 0 1;spl-os-image fat 0 1;u-boot.img fat 0 1;uEnv.txt fat 0 1
dfu_alt_info_qspi=MLO raw 0x0 0x010000;MLO.backup1 raw 0x010000 0x010000;MLO.backup2 raw 0x020000 0x010000;MLO.backup3 raw 0x030000 0x010000;u-boot.img raw 0x040000 0x0100000;u-boot-spl-os raw 0x140000 0x080000;u-boot-env raw 0x1C0000 0x010000;u-boot-env.backup raw 0x1D0000 0x010000;kernel raw 0x1E0000 0x800000
dfu_alt_info_ram=kernel ram 0x80200000 0x4000000;fdt ram 0x80f80000 0x80000;ramdisk ram 0x81000000 0x4000000
dfu_bufsiz=0x10000
dofastboot=0
envboot=mmc dev ${mmcdev}; if mmc rescan; then echo SD/MMC found on device ${mmcdev};if run loadbootscript; then run bootscript;else if run loadbootenv; then echo Loaded env from ${bootenvfile};run importbootenv;fi;if test -n $uenvcmd; then echo Running uenvcmd ...;run uenvcmd;fi;fi;fi;
eth1addr=b4:99:4c:d1:cd:8d
ethact=cpsw
ethaddr=b4:99:4c:d1:cd:8c
fdt_addr_r=0x88000000
fdtaddr=0x88000000
fdtfile=undefined
findfdt=if test $board_name = omap5_uevm; then setenv fdtfile omap5-uevm.dtb; fi; if test $board_name = dra7xx; then setenv fdtfile dra7-evm.dtb; fi;if test $board_name = dra72x; then setenv fdtfile dra72-evm.dtb; fi;if test $board_name = beagle_x15; then setenv fdtfile am57xx-beagle-x15.dtb; fi;if test $board_name = beagle_x15_es2plus; then setenv fdtfile am57xx-beagle-x15-es2plus.dtb; fi;if test $board_name = am57xx_evm; then setenv fdtfile am57xx-evm.dtb; fi;if test $board_name = am57xx_evm_es2plus; then setenv fdtfile am57xx-evm-es2plus.dtb; fi;if test $board_name = am572x_idk; then setenv fdtfile am572x-idk.dtb; fi;if test $board_name = am571x_idk; then setenv fdtfile am571x-idk.dtb; fi;if test $board_name = am572x_idk_osd; then setenv fdtfile am572x-idk-lcd-osd.dtb; fi;if test $board_name = am571x_idk_osd; then setenv fdtfile am571x-idk-lcd-osd.dtb; fi;if test $fdtfile = undefined; then echo WARNING: Could not determine device tree to use; fi; 
finduuid=part uuid mmc 0:2 uuid
importbootenv=echo Importing environment from mmc${mmcdev} ...; env import -t ${loadaddr} ${filesize}
kernel_addr_r=0x82000000
loadaddr=0x82000000
loadbootenv=fatload mmc ${mmcdev} ${loadaddr} ${bootenvfile}
loadbootscript=fatload mmc ${mmcdev} ${loadaddr} boot.scr
loadfdt=load mmc ${bootpart} ${fdtaddr} ${bootdir}/${fdtfile};
loadimage=load mmc ${bootpart} ${loadaddr} ${bootdir}/${bootfile}
mmcboot=mmc dev ${mmcdev}; if mmc rescan; then echo SD/MMC found on device ${mmcdev};if run loadimage; then run loadfdt; echo Booting from mmc${mmcdev} ...; run args_mmc; bootz ${loadaddr} - ${fdtaddr}; fi;fi;
mmcdev=0
mmcrootfstype=ext4 rootwait
netargs=setenv bootargs console=${console} ${optargs} root=/dev/nfs nfsroot=${serverip}:${rootpath},${nfsopts} rw ip=dhcp
netboot=echo Booting from network ...; setenv autoload no; dhcp; run netloadimage; run netloadfdt; run netargs; bootz ${loadaddr} - ${fdtaddr}
netloadfdt=tftp ${fdtaddr} ${fdtfile}
netloadimage=tftp ${loadaddr} ${bootfile}
nfsopts=nolock
partitions=uuid_disk=${uuid_gpt_disk};name=rootfs,start=2MiB,size=-,uuid=${uuid_gpt_rootfs}
ramdisk_addr_r=0x88080000
rdaddr=0x88080000
rootpath=/export/rootfs
scsidevs=0
serial#=0700f016014e3537
serverip=192.168.0.1
soc=omap5
static_ip=${ipaddr}:${serverip}:${gatewayip}:${netmask}:${hostname}::off
stderr=serial
stdin=serial
stdout=serial
usbtty=cdc_acm
vendor=ti
ver=U-Boot 2015.07 (Feb 05 2016 - 20:32:43 -0500)
vram=16M
Environment size: 4447/131067 bytes
U-Boot# 
- 10:23:00 [INFO] Host: setenv bootargs ''${bootargs}' ip=:::::eth0:dhcp '
- 10:23:00 [INFO] Target: 
setenv bootargs ''${bootargs}' ip=:::::eth0:dhcp '
U-Boot# 
- 10:23:00 [INFO] Host: setenv serverip '192.168.0.1'
- 10:23:00 [INFO] Target: 
setenv serverip '192.168.0.1'
U-Boot# 
- 10:23:00 [INFO] Host: setenv autoload 'no'
- 10:23:00 [INFO] Target: 
setenv autoload 'no'
U-Boot# 
- 10:23:00 [INFO] Host: dhcp
- 10:23:02 [INFO] Target: 
dhcp
cpsw Waiting for PHY auto negotiation to complete.. done
link up on port 0, speed 1000, full duplex
BOOTP broadcast 1
BOOTP broadcast 2
BOOTP broadcast 3
DHCP client bound to address 192.168.0.67 (1002 ms)
U-Boot# 
- 10:23:02 [INFO] Host: tftp ${loadaddr} 192.168.0.1:vatf_dra72x-evm/edd07195bfcef46bb07b76401a1d0591
- 10:23:03 [INFO] Target: 
tftp ${loadaddr} 192.168.0.1:vatf_dra72x-evm/edd07195bfcef46bb07b76401a1d0591
link up on port 0, speed 1000, full duplex
Using cpsw device
TFTP from server 192.168.0.1; our IP address is 192.168.0.67
Filename 'vatf_dra72x-evm/edd07195bfcef46bb07b76401a1d0591'.
Load address: 0x82000000
Loading: *#################################################################
	 #################################################################
	 #################################################################
	 #################################################################
	 #################################################################
	 #################################################################
	 #################################################################
	 ##############
	 9.2 MiB/s
done
Bytes transferred = 6876360 (68ecc8 hex)
U-Boot# 
- 10:23:03 [INFO] Host: tftp ${fdtaddr} 192.168.0.1:vatf_dra72x-evm/f9668133ec8b97e2d9ab786a3a544ea5
- 10:23:03 [INFO] Target: 
tftp ${fdtaddr} 192.168.0.1:vatf_dra72x-evm/f9668133ec8b97e2d9ab786a3a544ea5
link up on port 0, speed 1000, full duplex
Using cpsw device
TFTP from server 192.168.0.1; our IP address is 192.168.0.67
Filename 'vatf_dra72x-evm/f9668133ec8b97e2d9ab786a3a544ea5'.
Load address: 0x88000000
Loading: *######
	 8.5 MiB/s
done
Bytes transferred = 80277 (13995 hex)
U-Boot# 
- 10:23:03 [INFO] Host: ls mmc 0:1
- 10:23:03 [INFO] Target: 
ls mmc 0:1
    67628   mlo 
   311560   u-boot.img 
        4   ws-calibrate.rules 
        0   pointercal 
4 file(s), 0 dir(s)
U-Boot# 
- 10:23:03 [INFO] Host: ls mmc 0:2
- 10:23:03 [INFO] Target: 
ls mmc 0:2
<DIR>       4096 .
<DIR>       4096 ..
<DIR>       4096 include
<DIR>       4096 srv
<DIR>       4096 home
<DIR>       4096 media
<DIR>       4096 opt
<DIR>       4096 var
<DIR>       4096 sys
<DIR>       4096 boot
<DIR>       4096 dev
<DIR>       4096 usr
<DIR>       4096 bin
<DIR>       4096 mnt
<DIR>       4096 etc
<DIR>       4096 sbin
<DIR>       4096 www
<SYM>          8 tmp
<DIR>       4096 proc
<DIR>       4096 run
<DIR>       4096 lib
<DIR>       4096 test
U-Boot# 
- 10:23:03 [INFO] Host: part uuid mmc 0:2
- 10:23:03 [INFO] Target: 
part uuid mmc 0:2
00000000-02
U-Boot# 
- 10:23:03 [INFO] Host: printenv
- 10:23:04 [INFO] Target: 
printenv
_initramfs=-
arch=arm
args_mmc=run finduuid;setenv bootargs console=${console} ${optargs} root=PARTUUID=${uuid} rw rootfstype=${mmcrootfstype}
autoload=no
baudrate=115200
board=dra7xx
board_name=dra72x
bootargs=console=ttyO0,115200n8 earlyprintk=serial,ttyO0,115200n8 rootwait  ip=:::::eth0:dhcp 
bootcmd=
bootdelay=1
bootdir=/boot
bootenvfile=uEnv.txt
bootfile=zImage
bootm_size=0x10000000
bootpart=0:2
bootscript=echo Running bootscript from mmc${mmcdev} ...; source ${loadaddr}
console=ttyO0,115200n8
cpu=armv7
dfu_alt_info_emmc=rawemmc raw 0 3751936;boot part 1 1;rootfs part 1 2;MLO fat 1 1;MLO.raw raw 0x100 0x100;u-boot.img.raw raw 0x300 0x400;spl-os-args.raw raw 0x80 0x80;spl-os-image.raw raw 0x900 0x2000;spl-os-args fat 1 1;spl-os-image fat 1 1;u-boot.img fat 1 1;uEnv.txt fat 1 1
dfu_alt_info_mmc=boot part 0 1;rootfs part 0 2;MLO fat 0 1;MLO.raw raw 0x100 0x100;u-boot.img.raw raw 0x300 0x400;spl-os-args.raw raw 0x80 0x80;spl-os-image.raw raw 0x900 0x2000;spl-os-args fat 0 1;spl-os-image fat 0 1;u-boot.img fat 0 1;uEnv.txt fat 0 1
dfu_alt_info_qspi=MLO raw 0x0 0x010000;MLO.backup1 raw 0x010000 0x010000;MLO.backup2 raw 0x020000 0x010000;MLO.backup3 raw 0x030000 0x010000;u-boot.img raw 0x040000 0x0100000;u-boot-spl-os raw 0x140000 0x080000;u-boot-env raw 0x1C0000 0x010000;u-boot-env.backup raw 0x1D0000 0x010000;kernel raw 0x1E0000 0x800000
dfu_alt_info_ram=kernel ram 0x80200000 0x4000000;fdt ram 0x80f80000 0x80000;ramdisk ram 0x81000000 0x4000000
dfu_bufsiz=0x10000
dnsip=192.0.2.2
dnsip2=192.0.2.3
dofastboot=0
envboot=mmc dev ${mmcdev}; if mmc rescan; then echo SD/MMC found on device ${mmcdev};if run loadbootscript; then run bootscript;else if run loadbootenv; then echo Loaded env from ${bootenvfile};run importbootenv;fi;if test -n $uenvcmd; then echo Running uenvcmd ...;run uenvcmd;fi;fi;fi;
eth1addr=b4:99:4c:d1:cd:8d
ethact=cpsw
ethaddr=b4:99:4c:d1:cd:8c
fdt_addr_r=0x88000000
fdtaddr=0x88000000
fdtfile=undefined
fileaddr=88000000
filesize=13995
findfdt=if test $board_name = omap5_uevm; then setenv fdtfile omap5-uevm.dtb; fi; if test $board_name = dra7xx; then setenv fdtfile dra7-evm.dtb; fi;if test $board_name = dra72x; then setenv fdtfile dra72-evm.dtb; fi;if test $board_name = beagle_x15; then setenv fdtfile am57xx-beagle-x15.dtb; fi;if test $board_name = beagle_x15_es2plus; then setenv fdtfile am57xx-beagle-x15-es2plus.dtb; fi;if test $board_name = am57xx_evm; then setenv fdtfile am57xx-evm.dtb; fi;if test $board_name = am57xx_evm_es2plus; then setenv fdtfile am57xx-evm-es2plus.dtb; fi;if test $board_name = am572x_idk; then setenv fdtfile am572x-idk.dtb; fi;if test $board_name = am571x_idk; then setenv fdtfile am571x-idk.dtb; fi;if test $board_name = am572x_idk_osd; then setenv fdtfile am572x-idk-lcd-osd.dtb; fi;if test $board_name = am571x_idk_osd; then setenv fdtfile am571x-idk-lcd-osd.dtb; fi;if test $fdtfile = undefined; then echo WARNING: Could not determine device tree to use; fi; 
finduuid=part uuid mmc 0:2 uuid
gatewayip=192.168.0.1
importbootenv=echo Importing environment from mmc${mmcdev} ...; env import -t ${loadaddr} ${filesize}
ipaddr=192.168.0.67
kernel_addr_r=0x82000000
loadaddr=0x82000000
loadbootenv=fatload mmc ${mmcdev} ${loadaddr} ${bootenvfile}
loadbootscript=fatload mmc ${mmcdev} ${loadaddr} boot.scr
loadfdt=load mmc ${bootpart} ${fdtaddr} ${bootdir}/${fdtfile};
loadimage=load mmc ${bootpart} ${loadaddr} ${bootdir}/${bootfile}
mmcboot=mmc dev ${mmcdev}; if mmc rescan; then echo SD/MMC found on device ${mmcdev};if run loadimage; then run loadfdt; echo Booting from mmc${mmcdev} ...; run args_mmc; bootz ${loadaddr} - ${fdtaddr}; fi;fi;
mmcdev=0
mmcrootfstype=ext4 rootwait
netargs=setenv bootargs console=${console} ${optargs} root=/dev/nfs nfsroot=${serverip}:${rootpath},${nfsopts} rw ip=dhcp
netboot=echo Booting from network ...; setenv autoload no; dhcp; run netloadimage; run netloadfdt; run netargs; bootz ${loadaddr} - ${fdtaddr}
netloadfdt=tftp ${fdtaddr} ${fdtfile}
netloadimage=tftp ${loadaddr} ${bootfile}
netmask=255.255.255.0
nfsopts=nolock
partitions=uuid_disk=${uuid_gpt_disk};name=rootfs,start=2MiB,size=-,uuid=${uuid_gpt_rootfs}
ramdisk_addr_r=0x88080000
rdaddr=0x88080000
rootpath=/export/rootfs
scsidevs=0
serial#=0700f016014e3537
serverip=192.168.0.1
soc=omap5
static_ip=${ipaddr}:${serverip}:${gatewayip}:${netmask}:${hostname}::off
stderr=serial
stdin=serial
stdout=serial
usbtty=cdc_acm
vendor=ti
ver=U-Boot 2015.07 (Feb 05 2016 - 20:32:43 -0500)
vram=16M
Environment size: 4610/131067 bytes
U-Boot# 
- 10:23:04 [INFO] Host: setenv bootargs ''${bootargs}' root=PARTUUID=00000000-02 rw rootfstype=ext4 rootwait '
- 10:23:04 [INFO] Target: 
setenv bootargs ''${bootargs}' root=PARTUUID=00000000-02 rw rootfstype=ext4 rootwait '
U-Boot# 
- 10:23:04 [INFO] Host: printenv
- 10:23:04 [INFO] Target: 
printenv
_initramfs=-
arch=arm
args_mmc=run finduuid;setenv bootargs console=${console} ${optargs} root=PARTUUID=${uuid} rw rootfstype=${mmcrootfstype}
autoload=no
baudrate=115200
board=dra7xx
board_name=dra72x
bootargs=console=ttyO0,115200n8 earlyprintk=serial,ttyO0,115200n8 rootwait  ip=:::::eth0:dhcp  root=PARTUUID=00000000-02 rw rootfstype=ext4 rootwait 
bootcmd=
bootdelay=1
bootdir=/boot
bootenvfile=uEnv.txt
bootfile=zImage
bootm_size=0x10000000
bootpart=0:2
bootscript=echo Running bootscript from mmc${mmcdev} ...; source ${loadaddr}
console=ttyO0,115200n8
cpu=armv7
dfu_alt_info_emmc=rawemmc raw 0 3751936;boot part 1 1;rootfs part 1 2;MLO fat 1 1;MLO.raw raw 0x100 0x100;u-boot.img.raw raw 0x300 0x400;spl-os-args.raw raw 0x80 0x80;spl-os-image.raw raw 0x900 0x2000;spl-os-args fat 1 1;spl-os-image fat 1 1;u-boot.img fat 1 1;uEnv.txt fat 1 1
dfu_alt_info_mmc=boot part 0 1;rootfs part 0 2;MLO fat 0 1;MLO.raw raw 0x100 0x100;u-boot.img.raw raw 0x300 0x400;spl-os-args.raw raw 0x80 0x80;spl-os-image.raw raw 0x900 0x2000;spl-os-args fat 0 1;spl-os-image fat 0 1;u-boot.img fat 0 1;uEnv.txt fat 0 1
dfu_alt_info_qspi=MLO raw 0x0 0x010000;MLO.backup1 raw 0x010000 0x010000;MLO.backup2 raw 0x020000 0x010000;MLO.backup3 raw 0x030000 0x010000;u-boot.img raw 0x040000 0x0100000;u-boot-spl-os raw 0x140000 0x080000;u-boot-env raw 0x1C0000 0x010000;u-boot-env.backup raw 0x1D0000 0x010000;kernel raw 0x1E0000 0x800000
dfu_alt_info_ram=kernel ram 0x80200000 0x4000000;fdt ram 0x80f80000 0x80000;ramdisk ram 0x81000000 0x4000000
dfu_bufsiz=0x10000
dnsip=192.0.2.2
dnsip2=192.0.2.3
dofastboot=0
envboot=mmc dev ${mmcdev}; if mmc rescan; then echo SD/MMC found on device ${mmcdev};if run loadbootscript; then run bootscript;else if run loadbootenv; then echo Loaded env from ${bootenvfile};run importbootenv;fi;if test -n $uenvcmd; then echo Running uenvcmd ...;run uenvcmd;fi;fi;fi;
eth1addr=b4:99:4c:d1:cd:8d
ethact=cpsw
ethaddr=b4:99:4c:d1:cd:8c
fdt_addr_r=0x88000000
fdtaddr=0x88000000
fdtfile=undefined
fileaddr=88000000
filesize=13995
findfdt=if test $board_name = omap5_uevm; then setenv fdtfile omap5-uevm.dtb; fi; if test $board_name = dra7xx; then setenv fdtfile dra7-evm.dtb; fi;if test $board_name = dra72x; then setenv fdtfile dra72-evm.dtb; fi;if test $board_name = beagle_x15; then setenv fdtfile am57xx-beagle-x15.dtb; fi;if test $board_name = beagle_x15_es2plus; then setenv fdtfile am57xx-beagle-x15-es2plus.dtb; fi;if test $board_name = am57xx_evm; then setenv fdtfile am57xx-evm.dtb; fi;if test $board_name = am57xx_evm_es2plus; then setenv fdtfile am57xx-evm-es2plus.dtb; fi;if test $board_name = am572x_idk; then setenv fdtfile am572x-idk.dtb; fi;if test $board_name = am571x_idk; then setenv fdtfile am571x-idk.dtb; fi;if test $board_name = am572x_idk_osd; then setenv fdtfile am572x-idk-lcd-osd.dtb; fi;if test $board_name = am571x_idk_osd; then setenv fdtfile am571x-idk-lcd-osd.dtb; fi;if test $fdtfile = undefined; then echo WARNING: Could not determine device tree to use; fi; 
finduuid=part uuid mmc 0:2 uuid
gatewayip=192.168.0.1
importbootenv=echo Importing environment from mmc${mmcdev} ...; env import -t ${loadaddr} ${filesize}
ipaddr=192.168.0.67
kernel_addr_r=0x82000000
loadaddr=0x82000000
loadbootenv=fatload mmc ${mmcdev} ${loadaddr} ${bootenvfile}
loadbootscript=fatload mmc ${mmcdev} ${loadaddr} boot.scr
loadfdt=load mmc ${bootpart} ${fdtaddr} ${bootdir}/${fdtfile};
loadimage=load mmc ${bootpart} ${loadaddr} ${bootdir}/${bootfile}
mmcboot=mmc dev ${mmcdev}; if mmc rescan; then echo SD/MMC found on device ${mmcdev};if run loadimage; then run loadfdt; echo Booting from mmc${mmcdev} ...; run args_mmc; bootz ${loadaddr} - ${fdtaddr}; fi;fi;
mmcdev=0
mmcrootfstype=ext4 rootwait
netargs=setenv bootargs console=${console} ${optargs} root=/dev/nfs nfsroot=${serverip}:${rootpath},${nfsopts} rw ip=dhcp
netboot=echo Booting from network ...; setenv autoload no; dhcp; run netloadimage; run netloadfdt; run netargs; bootz ${loadaddr} - ${fdtaddr}
netloadfdt=tftp ${fdtaddr} ${fdtfile}
netloadimage=tftp ${loadaddr} ${bootfile}
netmask=255.255.255.0
nfsopts=nolock
partitions=uuid_disk=${uuid_gpt_disk};name=rootfs,start=2MiB,size=-,uuid=${uuid_gpt_rootfs}
ramdisk_addr_r=0x88080000
rdaddr=0x88080000
rootpath=/export/rootfs
scsidevs=0
serial#=0700f016014e3537
serverip=192.168.0.1
soc=omap5
static_ip=${ipaddr}:${serverip}:${gatewayip}:${netmask}:${hostname}::off
stderr=serial
stdin=serial
stdout=serial
usbtty=cdc_acm
vendor=ti
ver=U-Boot 2015.07 (Feb 05 2016 - 20:32:43 -0500)
vram=16M
Environment size: 4665/131067 bytes
U-Boot# 
- 10:23:04 [INFO] Host: setenv bootcmd ''${bootcmd}' if iminfo ${loadaddr}; then bootm ${loadaddr} ${_initramfs} ${fdtaddr}; else bootz ${loadaddr} ${_initramfs} ${fdtaddr}; bootm ${loadaddr} ${_initramfs} ${fdtaddr}; fi'
- 10:23:05 [INFO] Target: 
setenv bootcmd ''${bootcmd}' if iminfo ${loadaddr}; then bootm ${loadaddr} ${_initramfs} ${fdtaddr}; else bootz ${loadaddr} ${_initramfs} ${fdtaddr}; bootm ${loadaddr} ${_initramfs} ${fdtaddr}; fi'
U-Boot# 
- 10:23:05 [INFO] Host: version
- 10:23:05 [INFO] Target: 
version
U-Boot 2015.07 (Feb 05 2016 - 20:32:43 -0500)
arm-linux-gnueabihf-gcc (Linaro GCC 4.9-2015.05) 4.9.3 20150413 (prerelease)
GNU ld (GNU Binutils) Linaro 2014.11-3-git 2.24.0.20141017
U-Boot# 
- 10:23:05 [INFO] Host: bdinfo
- 10:23:05 [INFO] Target: 
bdinfo
arch_number = 0x00000000
boot_params = 0x80000100
DRAM bank   = 0x00000000
-> start    = 0x80000000
-> size     = 0x40000000
DRAM bank   = 0x00000001
-> start    = 0x00000000
-> size     = 0x00000000
eth0name    = cpsw
ethaddr     = b4:99:4c:d1:cd:8c
current eth = cpsw
ip_addr     = 192.168.0.67
baudrate    = 115200 bps
TLB addr    = 0xBFFF0000
relocaddr   = 0xBFF5F000
reloc off   = 0x3F75F000
irq_sp      = 0xBEF3EEC0
sp start    = 0xBEF3EEB0
U-Boot# 
- 10:23:05 [INFO] Host: mmc rescan; echo $?
- 10:23:05 [INFO] Target: 
mmc rescan; echo $?
U-Boot# 
- 10:23:05 [INFO] Host: fatwrite mmc 0:1 ${loadaddr} ws-calibrate.rules 4
- 10:23:05 [INFO] Target: 
fatwrite mmc 0:1 ${loadaddr} ws-calibrate.rules 4
writing ws-calibrate.rules
4 bytes written
U-Boot# 
- 10:23:05 [INFO] Host: boot
- 10:26:35 [ERROR] On command: boot waiting for boot.+?(?-mix:login:) >>> error: execution expired
- 10:26:35 [INFO] Target: 
boot
## Checking Image at 82000000 ...
Unknown image format!
Kernel image @ 0x82000000 [ 0x000000 - 0x68ecc8 ]
## Flattened Device Tree blob at 88000000
   Booting using the fdt blob at 0x88000000
   Loading Device Tree to 8ffe9000, end 8ffff994 ... OK
Starting kernel ...
[    0.000000] Booting Linux on physical CPU 0x0
[    0.000000] Linux version 4.6.0-rc1-next-20160330-00002-gefea4f52f0b7 (nmenon@horus) (gcc version 4.9.3 20150413 (prerelease) (Linaro GCC 4.9-2015.05) ) #1 SMP Wed Mar 30 01:14:42 CDT 2016
[    0.000000] CPU: ARMv7 Processor [412fc0f2] revision 2 (ARMv7), cr=10c5387d
[    0.000000] CPU: div instructions available: patching division code
[    0.000000] CPU: PIPT / VIPT nonaliasing data cache, PIPT instruction cache
[    0.000000] Machine model: TI DRA722
[    0.000000] cma: Reserved 64 MiB at 0xbb800000
[    0.000000] Memory policy: Data cache writealloc
[    0.000000] DRA722 ES1.0
[    0.000000] percpu: Embedded 12 pages/cpu @ef7a5000 s19648 r8192 d21312 u49152
[    0.000000] Built 1 zonelists in Zone order, mobility grouping on.  Total pages: 260096
[    0.000000] Kernel command line: console=ttyO0,115200n8 earlyprintk=serial,ttyO0,115200n8 rootwait  ip=:::::eth0:dhcp  root=PARTUUID=00000000-02 rw rootfstype=ext4 rootwait 
[    0.000000] PID hash table entries: 4096 (order: 2, 16384 bytes)
[    0.000000] Dentry cache hash table entries: 131072 (order: 7, 524288 bytes)
[    0.000000] Inode-cache hash table entries: 65536 (order: 6, 262144 bytes)
[    0.000000] Memory: 953740K/1046528K available (9465K kernel code, 1085K rwdata, 4204K rodata, 2048K init, 341K bss, 27252K reserved, 65536K cma-reserved, 194560K highmem)
[    0.000000] Virtual kernel memory layout:
[    0.000000]     vector  : 0xffff0000 - 0xffff1000   (   4 kB)
[    0.000000]     fixmap  : 0xffc00000 - 0xfff00000   (3072 kB)
[    0.000000]     vmalloc : 0xf0800000 - 0xff800000   ( 240 MB)
[    0.000000]     lowmem  : 0xc0000000 - 0xf0000000   ( 768 MB)
[    0.000000]     pkmap   : 0xbfe00000 - 0xc0000000   (   2 MB)
[    0.000000]     modules : 0xbf000000 - 0xbfe00000   (  14 MB)
[    0.000000]       .text : 0xc0208000 - 0xc10596a8   (14662 kB)
[    0.000000]       .init : 0xc1100000 - 0xc1300000   (2048 kB)
[    0.000000]       .data : 0xc1300000 - 0xc140f680   (1086 kB)
[    0.000000]        .bss : 0xc1411000 - 0xc1466518   ( 342 kB)
[    0.000000] SLUB: HWalign=64, Order=0-3, MinObjects=0, CPUs=1, Nodes=1
[    0.000000] Hierarchical RCU implementation.
[    0.000000] 	Build-time adjustment of leaf fanout to 32.
[    0.000000] 	RCU restricting CPUs from NR_CPUS=16 to nr_cpu_ids=1.
[    0.000000] RCU: Adjusting geometry for rcu_fanout_leaf=32, nr_cpu_ids=1
[    0.000000] NR_IRQS:16 nr_irqs:16 16
[    0.000000] OMAP clockevent source: timer1 at 32768 Hz
[    0.000000] Architected cp15 timer(s) running at 6.14MHz (virt).
[    0.000000] clocksource: arch_sys_counter: mask: 0xffffffffffffff max_cycles: 0x16af5adb9, max_idle_ns: 440795202250 ns
[    0.000003] sched_clock: 56 bits at 6MHz, resolution 162ns, wraps every 4398046511023ns
[    0.000013] Switching to timer-based delay loop, resolution 162ns
[    0.003141] clocksource: 32k_counter: mask: 0xffffffff max_cycles: 0xffffffff, max_idle_ns: 58327039986419 ns
[    0.003146] OMAP clocksource: 32k_counter at 32768 Hz
[    0.005659] Console: colour dummy device 80x30
[    0.005677] Calibrating delay loop (skipped), value calculated using timer frequency.. 12.29 BogoMIPS (lpj=30737)
[    0.005688] pid_max: default: 32768 minimum: 301
[    0.005762] Mount-cache hash table entries: 2048 (order: 1, 8192 bytes)
[    0.005770] Mountpoint-cache hash table entries: 2048 (order: 1, 8192 bytes)
[    0.006243] CPU: Testing write buffer coherency: ok
[    0.006445] /cpus/cpu@0 missing clock-frequency property
[    0.006455] CPU0: thread -1, cpu 0, socket 0, mpidr 80000000
[    0.006473] Setting up static identity map for 0x80300000 - 0x80300098
[    0.010174] Brought up 1 CPUs
[    0.010183] SMP: Total of 1 processors activated (12.29 BogoMIPS).
[    0.010189] CPU: All CPU(s) started in SVC mode.
[    0.011142] devtmpfs: initialized
[    0.028640] VFP support v0.3: implementor 41 architecture 4 part 30 variant f rev 0
[    0.029317] clocksource: jiffies: mask: 0xffffffff max_cycles: 0xffffffff, max_idle_ns: 9556302231375000 ns
[    0.030409] pinctrl core: initialized pinctrl subsystem
[    0.031823] NET: Registered protocol family 16
[    0.033395] DMA: preallocated 256 KiB pool for atomic coherent allocations
[    0.034480] omap_hwmod: l3_main_2 using broken dt data from ocp
[    0.186862] cpuidle: using governor menu
[    0.193451] OMAP GPIO hardware version 0.1
[    0.199449] irq: no irq domain found for /ocp/l4@4a000000/scm@2000/pinmux@1400 !
[    0.208449] omap-gpmc 50000000.gpmc: could not find pctldev for node /ocp/l4@4a000000/scm@2000/pinmux@1400/nand_default, deferring probe
[    0.213113] No ATAGs?
[    0.213127] hw-breakpoint: found 5 (+1 reserved) breakpoint and 4 watchpoint registers.
[    0.213134] hw-breakpoint: maximum watchpoint size is 8 bytes.
[    0.214095] omap4_sram_init:Unable to allocate sram needed to handle errata I688
[    0.214102] omap4_sram_init:Unable to get sram pool needed to handle errata I688
[    0.214238] OMAP DMA hardware revision 0.0
[    0.218397] Serial: AMBA PL011 UART driver
[    0.230608] omap-dma-engine 4a056000.dma-controller: OMAP DMA engine driver
[    0.232322] aic_dvdd: supplied by evm_3v3
[    0.235237] vgaarb: loaded
[    0.235921] SCSI subsystem initialized
[    0.236241] usbcore: registered new interface driver usbfs
[    0.236287] usbcore: registered new interface driver hub
[    0.236322] usbcore: registered new device driver usb
[    0.236966] omap_i2c 48070000.i2c: could not find pctldev for node /ocp/l4@4a000000/scm@2000/pinmux@1400/pinmux_i2c1_pins, deferring probe
[    0.236993] omap_i2c 4807c000.i2c: could not find pctldev for node /ocp/l4@4a000000/scm@2000/pinmux@1400/pinmux_i2c5_pins, deferring probe
[    0.237689] pps_core: LinuxPPS API ver. 1 registered
[    0.237695] pps_core: Software ver. 5.3.6 - Copyright 2005-2007 Rodolfo Giometti <giometti@linux.it>
[    0.237710] PTP clock support registered
[    0.237867] EDAC MC: Ver: 3.0.0
[    0.239691] clocksource: Switched to clocksource arch_sys_counter
[    0.247315] NET: Registered protocol family 2
[    0.247682] TCP established hash table entries: 8192 (order: 3, 32768 bytes)
[    0.247743] TCP bind hash table entries: 8192 (order: 4, 65536 bytes)
[    0.247867] TCP: Hash tables configured (established 8192 bind 8192)
[    0.247912] UDP hash table entries: 512 (order: 2, 16384 bytes)
[    0.247940] UDP-Lite hash table entries: 512 (order: 2, 16384 bytes)
[    0.248044] NET: Registered protocol family 1
[    0.248234] RPC: Registered named UNIX socket transport module.
[    0.248241] RPC: Registered udp transport module.
[    0.248246] RPC: Registered tcp transport module.
[    0.248251] RPC: Registered tcp NFSv4.1 backchannel transport module.
[    0.248980] hw perfevents: enabled with armv7_cortex_a15 PMU driver, 7 counters available
[    0.250338] futex hash table entries: 256 (order: 2, 16384 bytes)
[    0.250948] workingset: timestamp_bits=28 max_order=18 bucket_order=0
[    0.259190] squashfs: version 4.0 (2009/01/31) Phillip Lougher
[    0.259847] NFS: Registering the id_resolver key type
[    0.259870] Key type id_resolver registered
[    0.259876] Key type id_legacy registered
[    0.259907] ntfs: driver 2.1.32 [Flags: R/O].
[    0.260788] bounce: pool size: 64 pages
[    0.260938] Block layer SCSI generic (bsg) driver version 0.4 loaded (major 248)
[    0.260946] io scheduler noop registered
[    0.260952] io scheduler deadline registered
[    0.260973] io scheduler cfq registered (default)
[    0.268244] pinctrl-single 4a003400.pinmux: 282 pins at pa fc003400 size 1128
[    0.322460] Serial: 8250/16550 driver, 4 ports, IRQ sharing disabled
[    0.324815] SuperH (H)SCI(F) driver initialized
[    0.325710] msm_serial: driver initialized
[    0.326053] 4806a000.serial: ttyO0 at MMIO 0x4806a000 (irq = 296, base_baud = 3000000) is a OMAP UART0
[    1.052351] console [ttyO0] enabled
[    1.056340] STMicroelectronics ASC driver initialized
[    1.063192] [drm] Initialized drm 1.1.0 20060810
[    1.079072] brd: module loaded
[    1.086137] loop: module loaded
[    1.091023] ahci 4a140000.sata: SSS flag set, parallel bus scan disabled
[    1.098076] ahci 4a140000.sata: AHCI 0001.0300 32 slots 1 ports 3 Gbps 0x1 impl platform mode
[    1.107007] ahci 4a140000.sata: flags: 64bit ncq sntf stag pm led clo only pmp pio slum part ccc apst 
[    1.117480] scsi host0: ahci
[    1.120744] ata1: SATA max UDMA/133 mmio [mem 0x4a140000-0x4a1410ff] port 0x100 irq 322
[    1.134881] libphy: Fixed MDIO Bus: probed
[    1.139712] CAN device driver interface
[    1.145438] igb: Intel(R) Gigabit Ethernet Network Driver - version 5.3.0-k
[    1.152734] igb: Copyright (c) 2007-2014 Intel Corporation.
[    1.161338] cpsw 48484000.ethernet: gpio request failed, ret -517
[    1.168027] pegasus: v0.9.3 (2013/04/25), Pegasus/Pegasus II USB Ethernet driver
[    1.175834] usbcore: registered new interface driver pegasus
[    1.181809] usbcore: registered new interface driver asix
[    1.187496] usbcore: registered new interface driver ax88179_178a
[    1.193912] usbcore: registered new interface driver cdc_ether
[    1.200077] usbcore: registered new interface driver smsc75xx
[    1.206145] usbcore: registered new interface driver smsc95xx
[    1.212197] usbcore: registered new interface driver net1080
[    1.218156] usbcore: registered new interface driver cdc_subset
[    1.224389] usbcore: registered new interface driver zaurus
[    1.230286] usbcore: registered new interface driver cdc_ncm
[    1.238037] ehci_hcd: USB 2.0 'Enhanced' Host Controller (EHCI) Driver
[    1.244883] ehci-pci: EHCI PCI platform driver
[    1.249566] ehci-platform: EHCI generic platform driver
[    1.255230] ehci-omap: OMAP-EHCI Host Controller driver
[    1.260834] ehci-orion: EHCI orion driver
[    1.265166] SPEAr-ehci: EHCI SPEAr driver
[    1.269486] ehci-st: EHCI STMicroelectronics driver
[    1.274734] ehci-exynos: EHCI EXYNOS driver
[    1.279251] ehci-atmel: EHCI Atmel driver
[    1.283577] tegra-ehci: Tegra EHCI driver
[    1.287924] ohci_hcd: USB 1.1 'Open' Host Controller (OHCI) Driver
[    1.294407] ohci-pci: OHCI PCI platform driver
[    1.299097] ohci-platform: OHCI generic platform driver
[    1.304727] ohci-omap3: OHCI OMAP3 driver
[    1.309048] SPEAr-ohci: OHCI SPEAr driver
[    1.313380] ohci-st: OHCI STMicroelectronics driver
[    1.318619] ohci-atmel: OHCI Atmel driver
[    1.323453] usbcore: registered new interface driver usb-storage
[    1.331249] mousedev: PS/2 mouse device common for all mice
[    1.340103] i2c /dev entries driver
[    1.352981] sdhci: Secure Digital Host Controller Interface driver
[    1.359467] sdhci: Copyright(c) Pierre Ossman
[    1.364910] omap_hsmmc 4809c000.mmc: Got CD GPIO
[    1.370605] omap_hsmmc 480b4000.mmc: could not set regulator OCR (-22)
[    1.405442] Synopsys Designware Multimedia Card Interface Driver
[    1.412682] sdhci-pltfm: SDHCI platform and OF driver helper
[    1.420585] ledtrig-cpu: registered to indicate activity on CPUs
[    1.427264] usbcore: registered new interface driver usbhid
[    1.433108] usbhid: USB HID core driver
[    1.441978] NET: Registered protocol family 10
[    1.447214] sit: IPv6 over IPv4 tunneling driver
[    1.452567] NET: Registered protocol family 17
[    1.457237] can: controller area network core (rev 20120528 abi 9)
[    1.463757] NET: Registered protocol family 29
[    1.468415] can: raw protocol (rev 20120528)
[    1.472888] can: broadcast manager protocol (rev 20120528 t)
[    1.478818] can: netlink gateway (rev 20130117) max_hops=1
[    1.484878] Key type dns_resolver registered
[    1.489499] omap_voltage_late_init: Voltage driver support not added
[    1.496614] cpu cpu0: failed to get clock: -2
[    1.501194] cpufreq-dt: probe of cpufreq-dt.0 failed with error -2
[    1.507794] Power Management for TI OMAP4+ devices.
[    1.513077] ThumbEE CPU extension supported.
[    1.517561] Registering SWP/SWPB emulation handler
[    1.526783] omap-gpmc 50000000.gpmc: GPMC revision 6.0
[    1.532192] gpmc_mem_init: disabling cs 0 mapped at 0x0-0x1000000
[    1.540845] palmas 0-0058: Irq flag is 0x00000000
[    1.566807] palmas 0-0058: Muxing GPIO 1d, PWM 0, LED 0
[    1.581628] mmc0: new high speed MMC card at address 0001
[    1.587616] mmcblk0: mmc0:0001 MMC08G 7.25 GiB 
[    1.592520] mmcblk0boot0: mmc0:0001 MMC08G partition 1 8.00 MiB
[    1.598865] mmcblk0boot1: mmc0:0001 MMC08G partition 2 8.00 MiB
[    1.605806]  mmcblk0: p1 p2 p3
[    1.645822] ata1: SATA link down (SStatus 0 SControl 300)
- 10:26:35 [INFO] Boot attempt 1/1 failed
- 10:26:35 [INFO] Collecting kernel traces via sysrq...
- 10:26:45 [INFO] 
- 10:26:55 [INFO] 
- 10:27:06 [INFO] [  240.229696] INFO: task swapper/0:1 blocked for more than 120 seconds.
[  240.236455]       Not tainted 4.6.0-rc1-next-20160330-00002-gefea4f52f0b7 #1
[  240.243847] "echo 0 > /proc/sys/kernel/hung_task_timeout_secs" disables this message.
[  240.252051] swapper/0       D c0b50d40     0     1      0 0x00000000
[  240.258741] [<c0b50d40>] (__schedule) from [<c0b51120>] (schedule+0x44/0x9c)
[  240.266141] [<c0b51120>] (schedule) from [<c0b539d4>] (schedule_timeout+0x13c/0x1a8)
[  240.274260] [<c0b539d4>] (schedule_timeout) from [<c0b51b10>] (wait_for_common+0xa4/0x164)
[  240.282931] [<c0b51b10>] (wait_for_common) from [<c0355e78>] (flush_workqueue+0xfc/0x544)
[  240.291508] [<c0355e78>] (flush_workqueue) from [<c0778d18>] (deferred_probe_initcall+0x
- 10:27:06 [INFO] Disconnected serial from dra72x-evm
URL:gtsystest.telogy.design.ti.com/vatf/tigtfarm16/tigtfarm16_vatf@dra72x-evm/tigtfarm1603_30_2016_10_22_46/files/session_iteration_1/test_1
