- 12:06:36 [INFO] Starting target session
- 12:06:37 [INFO] Connected to dra7xx-evm via serial 
- 12:06:37 [INFO] Host: #check prompt
- 12:06:40 [ERROR] On command: #check prompt waiting for #check prompt.+?(?-mix:((?-mix:login:)|[Pp]assword)) >>> error: execution expired
- 12:06:40 [INFO] Target: 
#check prompt
root@dra7xx-evm:/test# 
- 12:06:40 [INFO] Host: #check prompt
- 12:06:40 [INFO] Target: 
#check prompt
root@dra7xx-evm:/test# 
- 12:06:40 [INFO] Host: sync;poweroff
- 12:06:53 [INFO] Target: 
sync;poweroff
Broadcast message from root@dra7xx-evm (ttyS0) (Thu Apr 16 04:
INIT: Sending processes the TERM signal
INIT:hwclock: can't open '/dev/misc/rtc': No such file or directory
Stopping syslogd/klogd: stopped syslogd (pid 540)
stopped klogd (pid 543)
done
Deconfiguring network interfaces... done.
Sending all processes the TERM signal...
Sending all processes the KILL signal...
Unmounting remote filesystems...
Deactivating swap...
Unmounting local filesystems...
[10989.487773] reboot: System halted
- 12:06:53 [INFO] Disconnected serial from dra7xx-evm
- 12:06:58 [INFO] Connected to dra7xx-evm via serial 
- 12:06:58 [INFO] Host: 
- 12:07:00 [INFO] Target: 
U-Boot SPL 2014.07-00071-gaca0808 (Oct 02 2014 - 11:23:33)
DRA752 ES1.0
reading args
spl_load_image_fat_os: error reading image args, err - -1
reading u-boot.img
reading u-boot.img
U-Boot 2014.07-00071-gaca0808 (Oct 02 2014 - 11:23:33), Build: jenkins-ti-linux-3-14-y_opentest-216
CPU  : DRA752 ES1.0
Board: DRA7xx
I2C:   ready
DRAM:  1.5 GiB
NAND:  256 MiB
MMC:   OMAP SD/MMC: 0, OMAP SD/MMC: 1
Using default environment
SATA link 0 timeout.
AHCI 0001.0300 32 slots 1 ports 3 Gbps 0x1 impl SATA mode
flags: 64bit ncq stag pm led clo only pmp pio slum part ccc apst 
scanning bus for devices...
Found 0 device(s).
SCSI:  Net:   <ethaddr> not set. Validating first E-fuse MAC
cpsw
Hit any key to stop autoboot:  1  0 
U-Boot# 
U-Boot# 
U-Boot# 
U-Boot# 
U-Boot# 
U-Boot# 
U-Boot# 
- 12:07:00 [INFO] Host: 
- 12:07:00 [INFO] Target: 
U-Boot# 
U-Boot# 
- 12:07:00 [INFO] Host: version
- 12:07:00 [INFO] Target: 
version
U-Boot 2014.07-00071-gaca0808 (Oct 02 2014 - 11:23:33)
arm-linux-gnueabihf-gcc (crosstool-NG linaro-1.13.1-4.7-2013.03-20130313 - Linaro GCC 2013.03) 4.7.3 20130226 (prerelease)
GNU ld (crosstool-NG linaro-1.13.1-4.7-2013.03-20130313 - Linaro GCC 2013.03) 2.23.1
U-Boot# 
- 12:07:00 [INFO] Host: setenv bootargs 'console=ttyO0,115200n8 earlyprintk rootwait '
- 12:07:00 [INFO] Target: 
setenv bootargs 'console=ttyO0,115200n8 earlyprintk rootwait '
U-Boot# 
- 12:07:00 [INFO] Host: setenv bootcmd  ''
- 12:07:00 [INFO] Target: 
setenv bootcmd  ''
U-Boot# 
- 12:07:00 [INFO] Host: setenv autoload 'no'
- 12:07:00 [INFO] Target: 
setenv autoload 'no'
U-Boot# 
- 12:07:00 [INFO] Host: setenv serverip '192.168.0.1'
- 12:07:00 [INFO] Target: 
setenv serverip '192.168.0.1'
U-Boot# 
- 12:07:00 [INFO] Host: printenv
- 12:07:01 [INFO] Target: 
printenv
arch=arm
autoload=no
baudrate=115200
board=dra7xx
board_name=dra7xx
bootargs=console=ttyO0,115200n8 earlyprintk rootwait 
bootcmd=
bootdelay=1
bootdir=/boot
bootfile=zImage
bootm_size=0x10000000
bootpart=0:2
bootscript=echo Running bootscript from mmc${mmcdev} ...; source ${loadaddr}
console=ttyO0,115200n8
cpu=armv7
dfu_alt_info_emmc=MLO raw 0x100 0x100 mmcpart 0;u-boot.img raw 0x300 0x1000 mmcpart 0
dfu_alt_info_mmc=boot part 0 1;rootfs part 0 2;MLO fat 0 1;spl-os-args fat 0 1;spl-os-image fat 0 1;u-boot.img fat 0 1;uEnv.txt fat 0 1
dfu_alt_info_ram=kernel ram 0x80200000 0x4000000;fdt ram 0x80f80000 0x80000;ramdisk ram 0x81000000 0x4000000
dfu_bufsiz=0x10000
eth1addr=c4:ed:ba:c2:1b:55
ethact=cpsw
ethaddr=c4:ed:ba:c2:1b:54
fdt_addr_r=0x88000000
fdtaddr=0x88000000
fdtfile=undefined
findfdt=if test $board_name = omap5_uevm; then setenv fdtfile omap5-uevm.dtb; fi; if test $board_name = dra7xx; then setenv fdtfile dra7-evm.dtb; fi;if test $board_name = dra72x; then setenv fdtfile dra72-evm.dtb; fi;if test $fdtfile = undefined; then echo WARNING: Could not determine device tree to use; fi; 
importbootenv=echo Importing environment from mmc${mmcdev} ...; env import -t ${loadaddr} ${filesize}
kernel_addr_r=0x82000000
loadaddr=0x82000000
loadbootenv=fatload mmc ${mmcdev} ${loadaddr} uEnv.txt
loadbootscript=fatload mmc ${mmcdev} ${loadaddr} boot.scr
loadfdt=load mmc ${bootpart} ${fdtaddr} ${bootdir}/${fdtfile};
loadimage=load mmc ${bootpart} ${loadaddr} ${bootdir}/${bootfile}
mmcargs=setenv bootargs console=${console} ${optargs} vram=${vram} root=${mmcroot} rootfstype=${mmcrootfstype}
mmcboot=mmc dev ${mmcdev}; if mmc rescan; then echo SD/MMC found on device ${mmcdev};if run loadbootenv; then echo Loaded environment from ${bootenv};run importbootenv;fi;if test -n $uenvcmd; then echo Running uenvcmd ...;run uenvcmd;fi;if run loadimage; then run loadfdt; echo Booting from mmc${mmcdev} ...; run mmcargs; bootz ${loadaddr} - ${fdtaddr}; fi;fi;
mmcdev=0
mmcroot=/dev/mmcblk1p2 rw
mmcrootfstype=ext4 rootwait
mtdids=nand0=nand.0
mtdparts=mtdparts=nand.0:128k(NAND.SPL),128k(NAND.SPL.backup1),128k(NAND.SPL.backup2),128k(NAND.SPL.backup3),256k(NAND.u-boot-spl-os),1m(NAND.u-boot),128k(NAND.u-boot-env),128k(NAND.u-boot-env.backup1),8m(NAND.kernel),-(NAND.file-system)
nandargs=setenv bootargs console=${console} ${optargs} root=${nandroot} rootfstype=${nandrootfstype}
nandboot=echo Booting from nand ...; run nandargs; nand read ${fdtaddr} NAND.u-boot-spl-os; nand read ${loadaddr} NAND.kernel; bootz ${loadaddr} - ${fdtaddr}
nandroot=ubi0:rootfs rw ubi.mtd=NAND.file-system,2048
nandrootfstype=ubifs rootwait=1
partitions=uuid_disk=${uuid_gpt_disk};name=rootfs,start=2MiB,size=-,uuid=${uuid_gpt_rootfs}
ramdisk_addr_r=0x88080000
rdaddr=0x88080000
scsidevs=0
serverip=192.168.0.1
soc=omap5
stderr=serial
stdin=serial
stdout=serial
usbtty=cdc_acm
vendor=ti
ver=U-Boot 2014.07-00071-gaca0808 (Oct 02 2014 - 11:23:33)
vram=16M
Environment size: 3057/131067 bytes
U-Boot# 
- 12:07:01 [INFO] Host: printenv
- 12:07:01 [INFO] Target: 
printenv
arch=arm
autoload=no
baudrate=115200
board=dra7xx
board_name=dra7xx
bootargs=console=ttyO0,115200n8 earlyprintk rootwait 
bootcmd=
bootdelay=1
bootdir=/boot
bootfile=zImage
bootm_size=0x10000000
bootpart=0:2
bootscript=echo Running bootscript from mmc${mmcdev} ...; source ${loadaddr}
console=ttyO0,115200n8
cpu=armv7
dfu_alt_info_emmc=MLO raw 0x100 0x100 mmcpart 0;u-boot.img raw 0x300 0x1000 mmcpart 0
dfu_alt_info_mmc=boot part 0 1;rootfs part 0 2;MLO fat 0 1;spl-os-args fat 0 1;spl-os-image fat 0 1;u-boot.img fat 0 1;uEnv.txt fat 0 1
dfu_alt_info_ram=kernel ram 0x80200000 0x4000000;fdt ram 0x80f80000 0x80000;ramdisk ram 0x81000000 0x4000000
dfu_bufsiz=0x10000
eth1addr=c4:ed:ba:c2:1b:55
ethact=cpsw
ethaddr=c4:ed:ba:c2:1b:54
fdt_addr_r=0x88000000
fdtaddr=0x88000000
fdtfile=undefined
findfdt=if test $board_name = omap5_uevm; then setenv fdtfile omap5-uevm.dtb; fi; if test $board_name = dra7xx; then setenv fdtfile dra7-evm.dtb; fi;if test $board_name = dra72x; then setenv fdtfile dra72-evm.dtb; fi;if test $fdtfile = undefined; then echo WARNING: Could not determine device tree to use; fi; 
importbootenv=echo Importing environment from mmc${mmcdev} ...; env import -t ${loadaddr} ${filesize}
kernel_addr_r=0x82000000
loadaddr=0x82000000
loadbootenv=fatload mmc ${mmcdev} ${loadaddr} uEnv.txt
loadbootscript=fatload mmc ${mmcdev} ${loadaddr} boot.scr
loadfdt=load mmc ${bootpart} ${fdtaddr} ${bootdir}/${fdtfile};
loadimage=load mmc ${bootpart} ${loadaddr} ${bootdir}/${bootfile}
mmcargs=setenv bootargs console=${console} ${optargs} vram=${vram} root=${mmcroot} rootfstype=${mmcrootfstype}
mmcboot=mmc dev ${mmcdev}; if mmc rescan; then echo SD/MMC found on device ${mmcdev};if run loadbootenv; then echo Loaded environment from ${bootenv};run importbootenv;fi;if test -n $uenvcmd; then echo Running uenvcmd ...;run uenvcmd;fi;if run loadimage; then run loadfdt; echo Booting from mmc${mmcdev} ...; run mmcargs; bootz ${loadaddr} - ${fdtaddr}; fi;fi;
mmcdev=0
mmcroot=/dev/mmcblk1p2 rw
mmcrootfstype=ext4 rootwait
mtdids=nand0=nand.0
mtdparts=mtdparts=nand.0:128k(NAND.SPL),128k(NAND.SPL.backup1),128k(NAND.SPL.backup2),128k(NAND.SPL.backup3),256k(NAND.u-boot-spl-os),1m(NAND.u-boot),128k(NAND.u-boot-env),128k(NAND.u-boot-env.backup1),8m(NAND.kernel),-(NAND.file-system)
nandargs=setenv bootargs console=${console} ${optargs} root=${nandroot} rootfstype=${nandrootfstype}
nandboot=echo Booting from nand ...; run nandargs; nand read ${fdtaddr} NAND.u-boot-spl-os; nand read ${loadaddr} NAND.kernel; bootz ${loadaddr} - ${fdtaddr}
nandroot=ubi0:rootfs rw ubi.mtd=NAND.file-system,2048
nandrootfstype=ubifs rootwait=1
partitions=uuid_disk=${uuid_gpt_disk};name=rootfs,start=2MiB,size=-,uuid=${uuid_gpt_rootfs}
ramdisk_addr_r=0x88080000
rdaddr=0x88080000
scsidevs=0
serverip=192.168.0.1
soc=omap5
stderr=serial
stdin=serial
stdout=serial
usbtty=cdc_acm
vendor=ti
ver=U-Boot 2014.07-00071-gaca0808 (Oct 02 2014 - 11:23:33)
vram=16M
Environment size: 3057/131067 bytes
U-Boot# 
- 12:07:01 [INFO] Host: setenv bootargs ''${bootargs}' ip=:::::eth0:dhcp '
- 12:07:01 [INFO] Target: 
setenv bootargs ''${bootargs}' ip=:::::eth0:dhcp '
U-Boot# 
- 12:07:01 [INFO] Host: setenv serverip '192.168.0.1'
- 12:07:01 [INFO] Target: 
setenv serverip '192.168.0.1'
U-Boot# 
- 12:07:01 [INFO] Host: setenv ipaddr dhcp
- 12:07:01 [INFO] Target: 
setenv ipaddr dhcp
U-Boot# 
- 12:07:01 [INFO] Host: setenv autoload 'no'
- 12:07:01 [INFO] Target: 
setenv autoload 'no'
U-Boot# 
- 12:07:01 [INFO] Host: dhcp
- 12:07:03 [INFO] Target: 
dhcp
cpsw Waiting for PHY auto negotiation to complete.. done
link up on port 0, speed 1000, full duplex
BOOTP broadcast 1
DHCP client bound to address 192.168.0.99
U-Boot# 
- 12:07:03 [INFO] Host: setenv serverip '192.168.0.1'
- 12:07:03 [INFO] Target: 
setenv serverip '192.168.0.1'
U-Boot# 
- 12:07:03 [INFO] Host: tftp ${loadaddr} 192.168.0.1:vatf_dra7xx-evm/7c692060d90edad0a074ae8d529a0275
- 12:07:04 [INFO] Target: 
tftp ${loadaddr} 192.168.0.1:vatf_dra7xx-evm/7c692060d90edad0a074ae8d529a0275
link up on port 0, speed 1000, full duplex
Using cpsw device
TFTP from server 192.168.0.1; our IP address is 192.168.0.99
Filename 'vatf_dra7xx-evm/7c692060d90edad0a074ae8d529a0275'.
Load address: 0x82000000
Loading: *#################################################################
	 #################################################################
	 #################################################################
	 #################################################################
	 #################################################################
	 #################################################################
	 ############################################
	 13.2 MiB/s
done
Bytes transferred = 6364960 (611f20 hex)
U-Boot# 
- 12:07:04 [INFO] Host: tftp ${fdt_addr_r} 192.168.0.1:vatf_dra7xx-evm/36ca0a9f75fb1caf8dc70d4e59864eb5
- 12:07:04 [INFO] Target: 
tftp ${fdt_addr_r} 192.168.0.1:vatf_dra7xx-evm/36ca0a9f75fb1caf8dc70d4e59864eb5
link up on port 0, speed 1000, full duplex
Using cpsw device
TFTP from server 192.168.0.1; our IP address is 192.168.0.99
Filename 'vatf_dra7xx-evm/36ca0a9f75fb1caf8dc70d4e59864eb5'.
Load address: 0x88000000
Loading: *######
	 12.2 MiB/s
done
Bytes transferred = 76825 (12c19 hex)
U-Boot# 
- 12:07:04 [INFO] Host: ls mmc 0:1
- 12:07:04 [INFO] Target: 
ls mmc 0:1
  4487984   zimage 
    61116   dra7-evm.dtb 
    73624   mlo 
  2005426   u-boot 
   321784   u-boot.bin 
   433092   u-boot.img 
   744568   u-boot-spl 
    65080   u-boot-spl.bin 
        4   ws-calibrate.rules 
        0   pointercal 
10 file(s), 0 dir(s)
U-Boot# 
- 12:07:04 [INFO] Host: ls mmc 0:2
- 12:07:04 [INFO] Target: 
ls mmc 0:2
<DIR>       4096 .
<DIR>       4096 ..
<DIR>      16384 lost+found
<DIR>       4096 srv
<DIR>       4096 home
<DIR>       4096 media
<DIR>       4096 opt
<DIR>       4096 var
<DIR>       4096 sys
<DIR>       4096 boot
<DIR>       4096 dev
<DIR>       4096 usr
<DIR>       4096 bin
<DIR>       4096 mnt
<DIR>       4096 etc
<DIR>       4096 sbin
<DIR>       4096 www
<SYM>          8 tmp
<DIR>       4096 proc
<DIR>       4096 run
<DIR>       4096 lib
<DIR>       4096 Settings
<DIR>       4096 test
U-Boot# 
- 12:07:04 [INFO] Host: part uuid mmc 0:2
- 12:07:04 [INFO] Target: 
part uuid mmc 0:2
00000000-02
U-Boot# 
- 12:07:04 [INFO] Host: printenv
- 12:07:05 [INFO] Target: 
printenv
arch=arm
autoload=no
baudrate=115200
board=dra7xx
board_name=dra7xx
bootargs=console=ttyO0,115200n8 earlyprintk rootwait  ip=:::::eth0:dhcp 
bootcmd=
bootdelay=1
bootdir=/boot
bootfile=zImage
bootm_size=0x10000000
bootpart=0:2
bootscript=echo Running bootscript from mmc${mmcdev} ...; source ${loadaddr}
console=ttyO0,115200n8
cpu=armv7
dfu_alt_info_emmc=MLO raw 0x100 0x100 mmcpart 0;u-boot.img raw 0x300 0x1000 mmcpart 0
dfu_alt_info_mmc=boot part 0 1;rootfs part 0 2;MLO fat 0 1;spl-os-args fat 0 1;spl-os-image fat 0 1;u-boot.img fat 0 1;uEnv.txt fat 0 1
dfu_alt_info_ram=kernel ram 0x80200000 0x4000000;fdt ram 0x80f80000 0x80000;ramdisk ram 0x81000000 0x4000000
dfu_bufsiz=0x10000
dnsip=192.0.2.2
dnsip2=192.0.2.3
eth1addr=c4:ed:ba:c2:1b:55
ethact=cpsw
ethaddr=c4:ed:ba:c2:1b:54
fdt_addr_r=0x88000000
fdtaddr=0x88000000
fdtfile=undefined
fileaddr=88000000
filesize=12c19
findfdt=if test $board_name = omap5_uevm; then setenv fdtfile omap5-uevm.dtb; fi; if test $board_name = dra7xx; then setenv fdtfile dra7-evm.dtb; fi;if test $board_name = dra72x; then setenv fdtfile dra72-evm.dtb; fi;if test $fdtfile = undefined; then echo WARNING: Could not determine device tree to use; fi; 
gatewayip=192.168.0.1
importbootenv=echo Importing environment from mmc${mmcdev} ...; env import -t ${loadaddr} ${filesize}
ipaddr=192.168.0.99
kernel_addr_r=0x82000000
loadaddr=0x82000000
loadbootenv=fatload mmc ${mmcdev} ${loadaddr} uEnv.txt
loadbootscript=fatload mmc ${mmcdev} ${loadaddr} boot.scr
loadfdt=load mmc ${bootpart} ${fdtaddr} ${bootdir}/${fdtfile};
loadimage=load mmc ${bootpart} ${loadaddr} ${bootdir}/${bootfile}
mmcargs=setenv bootargs console=${console} ${optargs} vram=${vram} root=${mmcroot} rootfstype=${mmcrootfstype}
mmcboot=mmc dev ${mmcdev}; if mmc rescan; then echo SD/MMC found on device ${mmcdev};if run loadbootenv; then echo Loaded environment from ${bootenv};run importbootenv;fi;if test -n $uenvcmd; then echo Running uenvcmd ...;run uenvcmd;fi;if run loadimage; then run loadfdt; echo Booting from mmc${mmcdev} ...; run mmcargs; bootz ${loadaddr} - ${fdtaddr}; fi;fi;
mmcdev=0
mmcroot=/dev/mmcblk1p2 rw
mmcrootfstype=ext4 rootwait
mtdids=nand0=nand.0
mtdparts=mtdparts=nand.0:128k(NAND.SPL),128k(NAND.SPL.backup1),128k(NAND.SPL.backup2),128k(NAND.SPL.backup3),256k(NAND.u-boot-spl-os),1m(NAND.u-boot),128k(NAND.u-boot-env),128k(NAND.u-boot-env.backup1),8m(NAND.kernel),-(NAND.file-system)
nandargs=setenv bootargs console=${console} ${optargs} root=${nandroot} rootfstype=${nandrootfstype}
nandboot=echo Booting from nand ...; run nandargs; nand read ${fdtaddr} NAND.u-boot-spl-os; nand read ${loadaddr} NAND.kernel; bootz ${loadaddr} - ${fdtaddr}
nandroot=ubi0:rootfs rw ubi.mtd=NAND.file-system,2048
nandrootfstype=ubifs rootwait=1
netmask=255.255.255.0
partitions=uuid_disk=${uuid_gpt_disk};name=rootfs,start=2MiB,size=-,uuid=${uuid_gpt_rootfs}
ramdisk_addr_r=0x88080000
rdaddr=0x88080000
scsidevs=0
serverip=192.168.0.1
soc=omap5
stderr=serial
stdin=serial
stdout=serial
usbtty=cdc_acm
vendor=ti
ver=U-Boot 2014.07-00071-gaca0808 (Oct 02 2014 - 11:23:33)
vram=16M
Environment size: 3220/131067 bytes
U-Boot# 
- 12:07:05 [INFO] Host: setenv bootargs ''${bootargs}' root=PARTUUID=00000000-02 rw rootfstype=ext4 rootwait '
- 12:07:05 [INFO] Target: 
setenv bootargs ''${bootargs}' root=PARTUUID=00000000-02 rw rootfstype=ext4 rootwait '
U-Boot# 
- 12:07:05 [INFO] Host: printenv
- 12:07:05 [INFO] Target: 
printenv
arch=arm
autoload=no
baudrate=115200
board=dra7xx
board_name=dra7xx
bootargs=console=ttyO0,115200n8 earlyprintk rootwait  ip=:::::eth0:dhcp  root=PARTUUID=00000000-02 rw rootfstype=ext4 rootwait 
bootcmd=
bootdelay=1
bootdir=/boot
bootfile=zImage
bootm_size=0x10000000
bootpart=0:2
bootscript=echo Running bootscript from mmc${mmcdev} ...; source ${loadaddr}
console=ttyO0,115200n8
cpu=armv7
dfu_alt_info_emmc=MLO raw 0x100 0x100 mmcpart 0;u-boot.img raw 0x300 0x1000 mmcpart 0
dfu_alt_info_mmc=boot part 0 1;rootfs part 0 2;MLO fat 0 1;spl-os-args fat 0 1;spl-os-image fat 0 1;u-boot.img fat 0 1;uEnv.txt fat 0 1
dfu_alt_info_ram=kernel ram 0x80200000 0x4000000;fdt ram 0x80f80000 0x80000;ramdisk ram 0x81000000 0x4000000
dfu_bufsiz=0x10000
dnsip=192.0.2.2
dnsip2=192.0.2.3
eth1addr=c4:ed:ba:c2:1b:55
ethact=cpsw
ethaddr=c4:ed:ba:c2:1b:54
fdt_addr_r=0x88000000
fdtaddr=0x88000000
fdtfile=undefined
fileaddr=88000000
filesize=12c19
findfdt=if test $board_name = omap5_uevm; then setenv fdtfile omap5-uevm.dtb; fi; if test $board_name = dra7xx; then setenv fdtfile dra7-evm.dtb; fi;if test $board_name = dra72x; then setenv fdtfile dra72-evm.dtb; fi;if test $fdtfile = undefined; then echo WARNING: Could not determine device tree to use; fi; 
gatewayip=192.168.0.1
importbootenv=echo Importing environment from mmc${mmcdev} ...; env import -t ${loadaddr} ${filesize}
ipaddr=192.168.0.99
kernel_addr_r=0x82000000
loadaddr=0x82000000
loadbootenv=fatload mmc ${mmcdev} ${loadaddr} uEnv.txt
loadbootscript=fatload mmc ${mmcdev} ${loadaddr} boot.scr
loadfdt=load mmc ${bootpart} ${fdtaddr} ${bootdir}/${fdtfile};
loadimage=load mmc ${bootpart} ${loadaddr} ${bootdir}/${bootfile}
mmcargs=setenv bootargs console=${console} ${optargs} vram=${vram} root=${mmcroot} rootfstype=${mmcrootfstype}
mmcboot=mmc dev ${mmcdev}; if mmc rescan; then echo SD/MMC found on device ${mmcdev};if run loadbootenv; then echo Loaded environment from ${bootenv};run importbootenv;fi;if test -n $uenvcmd; then echo Running uenvcmd ...;run uenvcmd;fi;if run loadimage; then run loadfdt; echo Booting from mmc${mmcdev} ...; run mmcargs; bootz ${loadaddr} - ${fdtaddr}; fi;fi;
mmcdev=0
mmcroot=/dev/mmcblk1p2 rw
mmcrootfstype=ext4 rootwait
mtdids=nand0=nand.0
mtdparts=mtdparts=nand.0:128k(NAND.SPL),128k(NAND.SPL.backup1),128k(NAND.SPL.backup2),128k(NAND.SPL.backup3),256k(NAND.u-boot-spl-os),1m(NAND.u-boot),128k(NAND.u-boot-env),128k(NAND.u-boot-env.backup1),8m(NAND.kernel),-(NAND.file-system)
nandargs=setenv bootargs console=${console} ${optargs} root=${nandroot} rootfstype=${nandrootfstype}
nandboot=echo Booting from nand ...; run nandargs; nand read ${fdtaddr} NAND.u-boot-spl-os; nand read ${loadaddr} NAND.kernel; bootz ${loadaddr} - ${fdtaddr}
nandroot=ubi0:rootfs rw ubi.mtd=NAND.file-system,2048
nandrootfstype=ubifs rootwait=1
netmask=255.255.255.0
partitions=uuid_disk=${uuid_gpt_disk};name=rootfs,start=2MiB,size=-,uuid=${uuid_gpt_rootfs}
ramdisk_addr_r=0x88080000
rdaddr=0x88080000
scsidevs=0
serverip=192.168.0.1
soc=omap5
stderr=serial
stdin=serial
stdout=serial
usbtty=cdc_acm
vendor=ti
ver=U-Boot 2014.07-00071-gaca0808 (Oct 02 2014 - 11:23:33)
vram=16M
Environment size: 3275/131067 bytes
U-Boot# 
- 12:07:05 [INFO] Host: setenv bootcmd ''${bootcmd}' if iminfo ${loadaddr}; then bootm ${loadaddr} - ${fdt_addr_r}; else bootz ${loadaddr} - ${fdt_addr_r}; bootm ${loadaddr} - ${fdt_addr_r}; fi'
- 12:07:05 [INFO] Target: 
setenv bootcmd ''${bootcmd}' if iminfo ${loadaddr}; then bootm ${loadaddr} - ${fdt_addr_r}; else bootz ${loadaddr} - ${fdt_addr_r}; bootm ${loadaddr} - ${fdt_addr_r}; fi'
U-Boot# 
- 12:07:05 [INFO] Host: version
- 12:07:05 [INFO] Target: 
version
U-Boot 2014.07-00071-gaca0808 (Oct 02 2014 - 11:23:33)
arm-linux-gnueabihf-gcc (crosstool-NG linaro-1.13.1-4.7-2013.03-20130313 - Linaro GCC 2013.03) 4.7.3 20130226 (prerelease)
GNU ld (crosstool-NG linaro-1.13.1-4.7-2013.03-20130313 - Linaro GCC 2013.03) 2.23.1
U-Boot# 
- 12:07:05 [INFO] Host: bdinfo
- 12:07:05 [INFO] Target: 
bdinfo
arch_number = 0x00000000
boot_params = 0x80000100
DRAM bank   = 0x00000000
-> start    = 0x80000000
-> size     = 0x60000000
eth0name    = cpsw
ethaddr     = c4:ed:ba:c2:1b:54
current eth = cpsw
ip_addr     = 192.168.0.99
baudrate    = 115200 bps
TLB addr    = 0xDFFF0000
relocaddr   = 0xDF744000
reloc off   = 0x5EF44000
irq_sp      = 0xDE723EE0
sp start    = 0xDE723ED0
U-Boot# 
- 12:07:05 [INFO] Host: mmc rescan; echo $?
- 12:07:05 [INFO] Target: 
mmc rescan; echo $?
U-Boot# 
- 12:07:05 [INFO] Host: fatwrite mmc ${mmcdev}:1 ${loadaddr} ws-calibrate.rules 4
- 12:07:06 [INFO] Target: 
fatwrite mmc ${mmcdev}:1 ${loadaddr} ws-calibrate.rules 4
writing ws-calibrate.rules
4 bytes written
U-Boot# 
- 12:07:06 [INFO] Host: boot
- 12:07:24 [INFO] Target: 
boot
## Checking Image at 82000000 ...
Unknown image format!
Kernel image @ 0x82000000 [ 0x000000 - 0x611f20 ]
## Flattened Device Tree blob at 88000000
   Booting using the fdt blob at 0x88000000
   Loading Device Tree to 8ffea000, end 8ffffc18 ... OK
Starting kernel ...
[    0.000000] Booting Linux on physical CPU 0x0
[    0.000000] Linux version 4.2.0-rc7-next-20150819-00002-g79c1fc743cdd (nmenon@kahuna) (gcc version 4.6.3 (Ubuntu/Linaro 4.6.3-1ubuntu5) ) #1 SMP Thu Aug 20 11:00:45 CDT 2015
[    0.000000] CPU: ARMv7 Processor [412fc0f2] revision 2 (ARMv7), cr=10c5387d
[    0.000000] CPU: PIPT / VIPT nonaliasing data cache, PIPT instruction cache
[    0.000000] Machine model: TI DRA742
[    0.000000] cma: Reserved 64 MiB at 0xdb800000
[    0.000000] Memory policy: Data cache writealloc
[    0.000000] DRA752 ES1.0
[    0.000000] PERCPU: Embedded 12 pages/cpu @eeb9a000 s19200 r8192 d21760 u49152
[    0.000000] Built 1 zonelists in Zone order, mobility grouping on.  Total pages: 391184
[    0.000000] Kernel command line: console=ttyO0,115200n8 earlyprintk rootwait  ip=:::::eth0:dhcp  root=PARTUUID=00000000-02 rw rootfstype=ext4 rootwait 
[    0.000000] PID hash table entries: 4096 (order: 2, 16384 bytes)
[    0.000000] Dentry cache hash table entries: 131072 (order: 7, 524288 bytes)
[    0.000000] Inode-cache hash table entries: 65536 (order: 6, 262144 bytes)
[    0.000000] Memory: 1477628K/1570816K available (8053K kernel code, 1017K rwdata, 3616K rodata, 1036K init, 340K bss, 27652K reserved, 65536K cma-reserved, 727040K highmem)
[    0.000000] Virtual kernel memory layout:
[    0.000000]     vector  : 0xffff0000 - 0xffff1000   (   4 kB)
[    0.000000]     fixmap  : 0xffc00000 - 0xfff00000   (3072 kB)
[    0.000000]     vmalloc : 0xf0000000 - 0xff000000   ( 240 MB)
[    0.000000]     lowmem  : 0xc0000000 - 0xef800000   ( 760 MB)
[    0.000000]     pkmap   : 0xbfe00000 - 0xc0000000   (   2 MB)
[    0.000000]     modules : 0xbf000000 - 0xbfe00000   (  14 MB)
[    0.000000]       .text : 0xc0208000 - 0xc0d6e514   (11674 kB)
[    0.000000]       .init : 0xc0d6f000 - 0xc0e72000   (1036 kB)
[    0.000000]       .data : 0xc0e72000 - 0xc0f70620   (1018 kB)
[    0.000000]        .bss : 0xc0f73000 - 0xc0fc82e0   ( 341 kB)
[    0.000000] SLUB: HWalign=64, Order=0-3, MinObjects=0, CPUs=2, Nodes=1
[    0.000000] Hierarchical RCU implementation.
[    0.000000] 	Build-time adjustment of leaf fanout to 32.
[    0.000000] 	RCU restricting CPUs from NR_CPUS=16 to nr_cpu_ids=2.
[    0.000000] RCU: Adjusting geometry for rcu_fanout_leaf=32, nr_cpu_ids=2
[    0.000000] NR_IRQS:16 nr_irqs:16 16
[    0.000000] OMAP clockevent source: timer1 at 32768 Hz
[    0.000000] clocksource: 32k_counter: mask: 0xffffffff max_cycles: 0xffffffff, max_idle_ns: 58327039986419 ns
[    0.000000] sched_clock: 32 bits at 32kHz, resolution 30517ns, wraps every 65535999984741ns
[    0.000000] OMAP clocksource: 32k_counter at 32768 Hz
[    0.000396] Architected cp15 timer(s) running at 6.14MHz (virt).
[    0.000427] clocksource: arch_sys_counter: mask: 0xffffffffffffff max_cycles: 0x16af5adb9, max_idle_ns: 440795202250 ns
[    0.000432] sched_clock: 56 bits at 6MHz, resolution 162ns, wraps every 4398046511023ns
[    0.000442] Switching to timer-based delay loop, resolution 162ns
[    0.005661] Console: colour dummy device 80x30
[    0.005679] Calibrating delay loop (skipped), value calculated using timer frequency.. 12.29 BogoMIPS (lpj=30737)
[    0.005690] pid_max: default: 32768 minimum: 301
[    0.005775] Mount-cache hash table entries: 2048 (order: 1, 8192 bytes)
[    0.005784] Mountpoint-cache hash table entries: 2048 (order: 1, 8192 bytes)
[    0.006233] CPU: Testing write buffer coherency: ok
[    0.006422] /cpus/cpu@0 missing clock-frequency property
[    0.006458] /cpus/cpu@1 missing clock-frequency property
[    0.006468] CPU0: thread -1, cpu 0, socket 0, mpidr 80000000
[    0.006509] Setting up static identity map for 0x80209000 - 0x80209098
[    0.010807] CPU1: thread -1, cpu 1, socket 0, mpidr 80000001
[    0.010861] Brought up 2 CPUs
[    0.010872] SMP: Total of 2 processors activated (24.58 BogoMIPS).
[    0.010878] CPU: All CPU(s) started in SVC mode.
[    0.011174] devtmpfs: initialized
[    0.029270] VFP support v0.3: implementor 41 architecture 4 part 30 variant f rev 0
[    0.030130] omap_hwmod: l3_main_2 using broken dt data from ocp
[    0.170470] clocksource: jiffies: mask: 0xffffffff max_cycles: 0xffffffff, max_idle_ns: 9556302231375000 ns
[    0.171703] pinctrl core: initialized pinctrl subsystem
[    0.173061] NET: Registered protocol family 16
[    0.174535] DMA: preallocated 256 KiB pool for atomic coherent allocations
[    0.190881] cpuidle: using governor ladder
[    0.205897] cpuidle: using governor menu
[    0.211179] OMAP GPIO hardware version 0.1
[    0.215089] irq: no irq domain found for /ocp/l4@4a000000/scm@2000/pinmux@1400 !
[    0.224779] omap-gpmc 50000000.gpmc: could not find pctldev for node /ocp/l4@4a000000/scm@2000/pinmux@1400/nand_flash_x16, deferring probe
[    0.227317] No ATAGs?
[    0.227343] hw-breakpoint: found 5 (+1 reserved) breakpoint and 4 watchpoint registers.
[    0.227351] hw-breakpoint: maximum watchpoint size is 8 bytes.
[    0.228545] omap4_sram_init:Unable to allocate sram needed to handle errata I688
[    0.228552] omap4_sram_init:Unable to get sram pool needed to handle errata I688
[    0.228687] OMAP DMA hardware revision 0.0
[    0.231868] Serial: AMBA PL011 UART driver
[    0.256615] omap-dma-engine 4a056000.dma-controller: OMAP DMA engine driver
[    0.259722] vgaarb: loaded
[    0.260291] SCSI subsystem initialized
[    0.260633] usbcore: registered new interface driver usbfs
[    0.260686] usbcore: registered new interface driver hub
[    0.260727] usbcore: registered new device driver usb
[    0.261416] omap_i2c 48070000.i2c: could not find pctldev for node /ocp/l4@4a000000/scm@2000/pinmux@1400/pinmux_i2c1_pins, deferring probe
[    0.261441] omap_i2c 48072000.i2c: could not find pctldev for node /ocp/l4@4a000000/scm@2000/pinmux@1400/pinmux_i2c2_pins, deferring probe
[    0.261464] omap_i2c 48060000.i2c: could not find pctldev for node /ocp/l4@4a000000/scm@2000/pinmux@1400/pinmux_i2c3_pins, deferring probe
[    0.262172] pps_core: LinuxPPS API ver. 1 registered
[    0.262178] pps_core: Software ver. 5.3.6 - Copyright 2005-2007 Rodolfo Giometti <giometti@linux.it>
[    0.262198] PTP clock support registered
[    0.262373] EDAC MC: Ver: 3.0.0
[    0.263597] lo uses DEPRECATED zero tx_queue_len - convert driver to use IFF_NO_QUEUE instead.
[    0.264350] clocksource: Switched to clocksource arch_sys_counter
[    0.272674] NET: Registered protocol family 2
[    0.273041] TCP established hash table entries: 8192 (order: 3, 32768 bytes)
[    0.273110] TCP bind hash table entries: 8192 (order: 4, 65536 bytes)
[    0.273240] TCP: Hash tables configured (established 8192 bind 8192)
[    0.273282] UDP hash table entries: 512 (order: 2, 16384 bytes)
[    0.273311] UDP-Lite hash table entries: 512 (order: 2, 16384 bytes)
[    0.273425] NET: Registered protocol family 1
[    0.273616] RPC: Registered named UNIX socket transport module.
[    0.273623] RPC: Registered udp transport module.
[    0.273627] RPC: Registered tcp transport module.
[    0.273633] RPC: Registered tcp NFSv4.1 backchannel transport module.
[    0.274379] hw perfevents: enabled with armv7_cortex_a15 PMU driver, 7 counters available
[    0.275777] futex hash table entries: 512 (order: 3, 32768 bytes)
[    0.284908] squashfs: version 4.0 (2009/01/31) Phillip Lougher
[    0.285581] NFS: Registering the id_resolver key type
[    0.285605] Key type id_resolver registered
[    0.285611] Key type id_legacy registered
[    0.285659] ntfs: driver 2.1.32 [Flags: R/O].
[    0.286629] bounce: pool size: 64 pages
[    0.286791] Block layer SCSI generic (bsg) driver version 0.4 loaded (major 249)
[    0.286803] io scheduler noop registered
[    0.286813] io scheduler deadline registered
[    0.286840] io scheduler cfq registered (default)
[    0.293231] pinctrl-single 4a003400.pinmux: 282 pins at pa fc003400 size 1128
[    0.344500] Serial: 8250/16550 driver, 4 ports, IRQ sharing disabled
[    0.346429] SuperH (H)SCI(F) driver initialized
[    0.347256] msm_serial: driver initialized
[    0.347933] 4806a000.serial: ttyO0 at MMIO 0x4806a000 (irq = 296, base_baud = 3000000) is a OMAP UART0
[    1.099052] console [ttyO0] enabled
[    1.103040] omap_uart 4806c000.serial: no wakeirq for uart1
[    1.108934] 4806c000.serial: ttyO1 at MMIO 0x4806c000 (irq = 297, base_baud = 3000000) is a OMAP UART1
[    1.118975] omap_uart 48020000.serial: no wakeirq for uart2
[    1.124875] 48020000.serial: ttyO2 at MMIO 0x48020000 (irq = 298, base_baud = 3000000) is a OMAP UART2
[    1.134932] STMicroelectronics ASC driver initialized
[    1.141724] [drm] Initialized drm 1.1.0 20060810
[    1.153387] loop: module loaded
[    1.157893] ahci 4a140000.sata: SSS flag set, parallel bus scan disabled
[    1.164930] ahci 4a140000.sata: AHCI 0001.0300 32 slots 1 ports 3 Gbps 0x1 impl platform mode
[    1.173855] ahci 4a140000.sata: flags: 64bit ncq sntf stag pm led clo only pmp pio slum part ccc apst 
[    1.184302] scsi host0: ahci
[    1.187553] ata1: SATA max UDMA/133 mmio [mem 0x4a140000-0x4a1410ff] port 0x100 irq 319
[    1.201666] CAN device driver interface
[    1.206804] igb: Intel(R) Gigabit Ethernet Network Driver - version 5.3.0-k
[    1.214080] igb: Copyright (c) 2007-2014 Intel Corporation.
[    1.222481] pegasus: v0.9.3 (2013/04/25), Pegasus/Pegasus II USB Ethernet driver
[    1.230257] usbcore: registered new interface driver pegasus
[    1.236226] usbcore: registered new interface driver asix
[    1.241918] usbcore: registered new interface driver ax88179_178a
[    1.248340] usbcore: registered new interface driver cdc_ether
[    1.254495] usbcore: registered new interface driver smsc75xx
[    1.260554] usbcore: registered new interface driver smsc95xx
[    1.266604] usbcore: registered new interface driver net1080
[    1.272568] usbcore: registered new interface driver cdc_subset
[    1.278802] usbcore: registered new interface driver zaurus
[    1.284702] usbcore: registered new interface driver cdc_ncm
[    1.292685] ehci_hcd: USB 2.0 'Enhanced' Host Controller (EHCI) Driver
[    1.299518] ehci-pci: EHCI PCI platform driver
[    1.304193] ehci-platform: EHCI generic platform driver
[    1.309849] ehci-omap: OMAP-EHCI Host Controller driver
[    1.315445] ehci-orion: EHCI orion driver
[    1.319768] SPEAr-ehci: EHCI SPEAr driver
[    1.324076] ehci-st: EHCI STMicroelectronics driver
[    1.329309] ehci-exynos: EHCI EXYNOS driver
[    1.333840] ehci-atmel: EHCI Atmel driver
[    1.338170] tegra-ehci: Tegra EHCI driver
[    1.342509] ohci_hcd: USB 1.1 'Open' Host Controller (OHCI) Driver
[    1.348997] ohci-pci: OHCI PCI platform driver
[    1.353682] ohci-platform: OHCI generic platform driver
[    1.359300] ohci-omap3: OHCI OMAP3 driver
[    1.363635] SPEAr-ohci: OHCI SPEAr driver
[    1.367961] ohci-st: OHCI STMicroelectronics driver
[    1.373195] ohci-atmel: OHCI Atmel driver
[    1.377578] usbcore: registered new interface driver usb-storage
[    1.385159] mousedev: PS/2 mouse device common for all mice
[    1.394245] i2c /dev entries driver
[    1.404744] sdhci: Secure Digital Host Controller Interface driver
[    1.411198] sdhci: Copyright(c) Pierre Ossman
[    1.416596] omap_hsmmc 4809c000.mmc: Got CD GPIO
[    1.421695] omap_hsmmc 4809c000.mmc: unable to get vmmc regulator -517
[    1.470150] Synopsys Designware Multimedia Card Interface Driver
[    1.477393] sdhci-pltfm: SDHCI platform and OF driver helper
[    1.485044] ledtrig-cpu: registered to indicate activity on CPUs
[    1.491660] usbcore: registered new interface driver usbhid
[    1.497514] usbhid: USB HID core driver
[    1.505325] NET: Registered protocol family 10
[    1.510465] sit: IPv6 over IPv4 tunneling driver
[    1.514370] ata1: SATA link down (SStatus 0 SControl 300)
[    1.520965] sit0 uses DEPRECATED zero tx_queue_len - convert driver to use IFF_NO_QUEUE instead.
[    1.530624] NET: Registered protocol family 17
[    1.535291] can: controller area network core (rev 20120528 abi 9)
[    1.541807] NET: Registered protocol family 29
[    1.546470] can: raw protocol (rev 20120528)
[    1.550947] can: broadcast manager protocol (rev 20120528 t)
[    1.556881] can: netlink gateway (rev 20130117) max_hops=1
[    1.562937] Key type dns_resolver registered
[    1.567421] mmc0: MAN_BKOPS_EN bit is not set
[    1.567562] omap_voltage_late_init: Voltage driver support not added
[    1.568161] Power Management for TI OMAP4+ devices.
[    1.568382] ThumbEE CPU extension supported.
[    1.568399] Registering SWP/SWPB emulation handler
[    1.594434] omap-gpmc 50000000.gpmc: GPMC revision 6.0
[    1.599840] gpmc_mem_init: disabling cs 0 mapped at 0x0-0x1000000
[    1.600539] mmc0: new high speed MMC card at address 0001
[    1.606267] mmcblk0: mmc0:0001 MMC04G 3.52 GiB 
[    1.606448] mmcblk0boot0: mmc0:0001 MMC04G partition 1 16.0 MiB
[    1.606615] mmcblk0boot1: mmc0:0001 MMC04G partition 2 16.0 MiB
[    1.615569]  mmcblk0: p1
[    1.633682] palmas 0-0058: IRQ missing: skipping irq request
[    1.659677] palmas 0-0058: Muxing GPIO 2e, PWM 0, LED 0
[    1.686172] pcf857x 0-0021: probed
[    1.689786] omap_i2c 48070000.i2c: bus 0 rev0.12 at 400 kHz
[    1.696239] omap_i2c 48072000.i2c: bus 1 rev0.12 at 400 kHz
[    1.702660] omap_i2c 48060000.i2c: bus 2 rev0.12 at 400 kHz
[    1.711422] omap_hsmmc 4809c000.mmc: Got CD GPIO
[    1.716502] omap_hsmmc 4809c000.mmc: unable to get vmmc regulator -517
[    1.738508] omap_hsmmc 4809c000.mmc: Got CD GPIO
[    1.829364] davinci_mdio 48485000.mdio: davinci mdio revision 1.6
[    1.835769] davinci_mdio 48485000.mdio: detected phy mask fffffff3
[    1.846218] libphy: 48485000.mdio: probed
[    1.850441] davinci_mdio 48485000.mdio: phy[2]: device 48485000.mdio:02, driver unknown
[    1.858847] davinci_mdio 48485000.mdio: phy[3]: device 48485000.mdio:03, driver unknown
[    1.867877] cpsw 48484000.ethernet: Detected MACID = c4:ed:ba:c2:1b:54
[    1.875319] cpsw 48484000.ethernet: cpsw: Detected MACID = c4:ed:ba:c2:1b:55
[    1.883305] hctosys: unable to open rtc device (rtc0)
[    1.897130] net eth0: initializing cpsw version 1.15 (0)
[    1.945295] mmc1: host does not support reading read-only switch, assuming write-enable
[    1.958120] mmc1: new high speed SD card at address e624
[    1.964052] mmcblk1: mmc1:e624 SU02G 1.84 GiB 
[    1.973461] net eth0: phy found : id is : 0x20005c7a
[    1.984774] IPv6: ADDRCONF(NETDEV_UP): eth0: link is not ready
[    1.990946]  mmcblk1: p1 p2 p3
[    8.001309] cpsw 48484000.ethernet eth0: Link is Up - 1Gbps/Full - flow control rx/tx
[    8.001342] IPv6: ADDRCONF(NETDEV_CHANGE): eth0: link becomes ready
[    8.019356] Sending DHCP requests ., OK
[    8.044366] IP-Config: Got DHCP answer from 192.168.0.1, my address is 192.168.0.99
[    8.052487] IP-Config: Complete:
[    8.055896]      device=eth0, hwaddr=c4:ed:ba:c2:1b:54, ipaddr=192.168.0.99, mask=255.255.255.0, gw=192.168.0.1
[    8.066494]      host=192.168.0.99, domain=ti.com, nis-domain=(none)
[    8.073169]      bootserver=0.0.0.0, rootserver=0.0.0.0, rootpath=
[    8.079481]      nameserver0=192.0.2.2, nameserver1=192.0.2.3
[    8.086000] ldousb: disabling
[    8.114975] EXT4-fs (mmcblk1p2): mounted filesystem with ordered data mode. Opts: (null)
[    8.123499] VFS: Mounted root (ext4 filesystem) on device 179:50.
[    8.134631] devtmpfs: mounted
[    8.138302] Freeing unused kernel memory: 1036K (c0d6f000 - c0e72000)
INIT: version 2.88 booting
Error opening /dev/fb0: No such file or directory
Starting udev
[    8.621392] udevd[106]: starting version 182
udevd[366]: failed to execute '/etc/udev/scripts/mount.sh' '/etc/udev/scripts/mount.sh': No such file or directory
udevd[368]: failed to execute '/etc/udev/scripts/mount.sh' '/etc/udev/scripts/mount.sh': No such file or directory
udevd[367]: failed to execute '/etc/udev/scripts/mount.sh' '/etc/udev/scripts/mount.sh': No such file or directory
udevd[369]: failed to execute '/etc/udev/scripts/mount.sh' '/etc/udev/scripts/mount.sh': No such file or directory
depmod: ERROR: could not open directory /lib/modules/4.2.0-rc7-next-20150819-00002-g79c1fc743cdd: No such file or directory
depmod: WARNING: -e needs -E or -F
depmod: ERROR: could not open directory /lib/modules/4.2.0-rc7-next-20150819-00002-g79c1fc743cdd: No such file or directory
depmod: FATAL: could not search modules: No such file or directory
[    9.988402] EXT4-fs (mmcblk1p2): re-mounted. Opts: data=ordered
Starting Bootlog daemon: bootlogd.
[   10.056909] random: dd urandom read with 79 bits of entropy available
Populating dev cache
ALSA: Restoring mixer settings...
Configuring network interfaces... /usr/sbin/alsactl: load_state:1729: No soundcards found...
udhcpc (v1.21.1) started
Sending discover...
[   11.030307] cpsw 48484000.ethernet eth0: Link is Down
[   13.046355] cpsw 48484000.ethernet eth0: Link is Up - 1Gbps/Full - flow control rx/tx
Sending discover...
Sending select for 192.168.0.52...
Lease of 192.168.0.52 obtained, lease time 7200
/etc/udhcpc.d/50default: Adding DNS 192.0.2.2
/etc/udhcpc.d/50default: Adding DNS 192.0.2.3
done.
hwclock: can't open '/dev/misc/rtc': No such file or directory
Mon Jul 28 18:00:00 UTC 2014
hwclock: can't open '/dev/misc/rtc': No such file or directory
INIT: Entering runlevel: 5
Starting system message bus: dbus.
Starting Dropbear SSH server: dropbear.
Starting telnet daemon.
Starting tiipclad daemon
Spawned daemon: /usr/bin/lad_dra7xx
hwclock: can't open '/dev/misc/rtc': No such file or directory
Starting syslogd/klogd: done
Starting thttpd.
Starting Lighttpd Web Server: 2014-07-28 18:00:00: (log.c.166) server started 
lighttpd.
Removing stale PID file /var/run/matrix-gui-2.0.pid.
Starting Matrix GUI application.
[   16.228415] random: nonblocking pool is initialized
***************************************************************
***************************************************************
NOTICE: This file system contains the followin GPLv3 packages:
	binutils-symlinks
	binutils
	gdbserver
	parted
If you do not wish to distribute GPLv3 components please remove
the above packages prior to distribution.  This can be done using
the opkg remove command.  i.e.:
    opkg remove <package>
Where <package> is the name printed in the list above
NOTE: If the package is a dependency of another package you
      will be notified of the dependent packages.  You should
      use the --force-removal-of-dependent-packages option to
      also remove the dependent packages as well
***************************************************************
***************************************************************
Stopping Bootlog daemon: bootlogd.
 _____                    _____           _         _   
|  _  |___ ___ ___ ___   |  _  |___ ___  |_|___ ___| |_ 
|     |  _| .'| . | . |  |   __|  _| . | | | -_|  _|  _|
|__|__|_| |__,|_  |___|  |__|  |_| |___|_| |___|___|_|  
              |___|                    |___|            
Arago Project http://arago-project.org dra7xx-evm /dev/ttyO0
Arago 2014.05 dra7xx-evm /dev/ttyO0
dra7xx-evm login: 
- 12:07:24 [INFO] Host: root
- 12:07:24 [INFO] Target: 
root
root@dra7xx-evm:~# 
- 12:07:24 [INFO] Host: uname -a
- 12:07:24 [INFO] Target: 
uname -a
Linux dra7xx-evm 4.2.0-rc7-next-20150819-00002-g79c1fc743cdd #1 SMP Thu Aug 20 11:00:45 CDT 2015 armv7l GNU/Linux
root@dra7xx-evm:~# 
- 12:07:24 [INFO] Host: cat /proc/cmdline
- 12:07:24 [INFO] Target: 
cat /proc/cmdline
console=ttyO0,115200n8 earlyprintk rootwait  ip=:::::eth0:dhcp  root=PARTUUID=00000000-02 rw rootfstype=ext4 rootwait 
root@dra7xx-evm:~# 
- 12:07:24 [INFO] Host: uname -a
- 12:07:25 [INFO] Target: 
uname -a
Linux dra7xx-evm 4.2.0-rc7-next-20150819-00002-g79c1fc743cdd #1 SMP Thu Aug 20 11:00:45 CDT 2015 armv7l GNU/Linux
root@dra7xx-evm:~# 
- 12:07:25 [INFO] Host: cat /proc/mtd
- 12:07:25 [INFO] Target: 
cat /proc/mtd
dev:    size   erasesize  name
root@dra7xx-evm:~# 
- 12:07:40 [INFO] Host: export IPERFHOST=192.168.0.1
- 12:07:40 [INFO] Target: 
export IPERFHOST=192.168.0.1
root@dra7xx-evm:~# 
- 12:07:40 [INFO] Host: export NFS_SERVER=192.168.0.1
- 12:07:40 [INFO] Target: 
export NFS_SERVER=192.168.0.1
root@dra7xx-evm:~# 
- 12:07:40 [INFO] Host: export NFS_ROOT_PATH=/home/tigtfarm01/NFS_exports/dra7xx
- 12:07:40 [INFO] Target: 
export NFS_ROOT_PATH=/home/tigtfarm01/NFS_exports/dra7xx
root@dra7xx-evm:~# 
- 12:07:40 [INFO] Host: mkdir -p -m 777 /test
- 12:07:41 [INFO] Target: 
mkdir -p -m 777 /test
root@dra7xx-evm:~# 
- 12:07:41 [INFO] Host: cd /test
- 12:07:41 [INFO] Target: 
cd /test
root@dra7xx-evm:/test# 
- 12:07:41 [INFO] Host: cat > test.sh << EOF
- 12:07:41 [INFO] Target: 
cat > test.sh << EOF
- 12:07:41 [INFO] Host: failtest() {
- 12:07:41 [INFO] Target: 
failtest() {
- 12:07:41 [INFO] Host:   echo 1 >&3
- 12:07:41 [INFO] Target: 
  echo 1 >&3
- 12:07:41 [INFO] Host: }
- 12:07:41 [INFO] Target: 
- 12:07:41 [INFO] Host: timeout=600
- 12:07:41 [INFO] Target: 
timeout=600
- 12:07:41 [INFO] Host: 
- 12:07:41 [INFO] Target: 
- 12:07:41 [INFO] Host: # Start of user's script logic
- 12:07:41 [INFO] Target: 
# Start of user's script logic
- 12:07:41 [INFO] Host: mount -t proc proc /proc 2>/dev/null;
- 12:07:41 [INFO] Target: 
mount -t proc proc /proc 2>/dev/null;
- 12:07:41 [INFO] Host: 
- 12:07:42 [INFO] Target: 
- 12:07:42 [INFO] Host: mount -t sysfs sys /sys 2>/dev/null;
- 12:07:42 [INFO] Target: 
mount -t sysfs sys /sys 2>/dev/null;
- 12:07:42 [INFO] Host: 
- 12:07:42 [INFO] Target: 
- 12:07:42 [INFO] Host: mount -t debugfs none /sys/kernel/debug 2>/dev/null;
- 12:07:42 [INFO] Target: 
mount -t debugfs none /sys/kernel/debug 2>/dev/null;
- 12:07:42 [INFO] Host: 
- 12:07:42 [INFO] Target: 
- 12:07:42 [INFO] Host: echo 'cpuinfo:';cat /proc/cpuinfo; echo '=======';
- 12:07:42 [INFO] Target: 
echo 'cpuinfo:';cat /proc/cpuinfo; echo '=======';
- 12:07:42 [INFO] Host: 
- 12:07:42 [INFO] Target: 
- 12:07:42 [INFO] Host: echo 'soc info:';head /sys/devices/soc0/* 2>/dev/null; echo '=======';
- 12:07:42 [INFO] Target: 
echo 'soc info:';head /sys/devices/soc0/* 2>/dev/null; echo '=======';
- 12:07:42 [INFO] Host: 
- 12:07:42 [INFO] Target: 
> [   36.2066
- 12:07:42 [INFO] Host: echo 'DT Model info'; head /proc/device-tree/name /proc/device-tree/model /proc/device-tree/compatible 2>/dev/null;echo; echo '=======';
- 12:07:42 [INFO] Target: 
29] cpsw 48484000.ethernet eth0: Link is Up - 1Gbps/Full - flow control rx/tx
echo 'DT Model info'; head /proc/device-tree/name /proc/device-troc/device-tre 
e/compatible 2>/dev/null;echo; echo '=======';
- 12:07:42 [INFO] Host: 
- 12:07:43 [INFO] Target: 
- 12:07:43 [INFO] Host: echo 'interrupts:';cat /proc/interrupts; echo '=======';
- 12:07:43 [INFO] Target: 
echo 'interrupts:';cat /proc/interrupts; echo '=======';
- 12:07:43 [INFO] Host: 
- 12:07:43 [INFO] Target: 
- 12:07:43 [INFO] Host: echo 'Clk_summary:';cat /sys/kernel/debug/clk/clk_summary; echo '=======';
- 12:07:43 [INFO] Target: 
echo 'Clk_summary:';cat /sys/kernel/debug/clk/clk_summary; echo '=======';
- 12:07:43 [INFO] Host: 
- 12:07:43 [INFO] Target: 
- 12:07:43 [INFO] Host: echo "Available frequencies"; cat /sys/devices/system/cpu/cpu0/cpufreq/scaling_available_frequencies 2>/dev/null;echo '=======';
- 12:07:43 [INFO] Target: 
echo "Available frequencies"; cat /sys/devices/system/cpu/cpu0/cpufreq/scaling 
_available_frequencies 2>/dev/null;echo '=======';
- 12:07:43 [INFO] Host: 
- 12:07:43 [INFO] Target: 
- 12:07:43 [INFO] Host: TMPF=/tmp/a.\$\$; TMPF2=/tmp/b.\$\$; STR=""
- 12:07:43 [INFO] Target: 
TMPF=/tmp/a.\$\$; TMPF2=/tmp/b.\$\$; STR=""
- 12:07:43 [INFO] Host: 
- 12:07:43 [INFO] Target: 
- 12:07:43 [INFO] Host: cp /dev/kmsg \$TMPF &
- 12:07:43 [INFO] Target: 
cp /dev/kmsg \$TMPF &
- 12:07:43 [INFO] Host: 
- 12:07:44 [INFO] Target: 
- 12:07:44 [INFO] Host: PID=\$! ; sleep 5; kill -9 \$PID
- 12:07:44 [INFO] Target: 
PID=\$! ; sleep 5; kill -9 \$PID
- 12:07:44 [INFO] Host: 
- 12:07:44 [INFO] Target: 
- 12:07:44 [INFO] Host: 
- 12:07:44 [INFO] Target: 
- 12:07:44 [INFO] Host: 
- 12:07:44 [INFO] Target: 
- 12:07:44 [INFO] Host: cat \$TMPF|grep "^0">\$TMPF2; N=\`cat \$TMPF2|wc -l\`; if [ "\$N" -ne 0 ]; then STR="\$STR emerg=\$N";echo "===== EMERGE++";cat \$TMPF2|cut -d ';' -f2;echo "====="; fi
- 12:07:44 [INFO] Target: 
cat \$TMPF|grep "^0">\$TMPF2; N=\`cat \$TMPF2|wc -l\`; if [ "\$N" -ne 0 ]; the 
n STR="\$STR emerg=\$N";echo "===== EMERGE++";cat \$TMPF2|cut -d ';' -f2;echo "= 
===="; fi
- 12:07:44 [INFO] Host: 
- 12:07:44 [INFO] Target: 
- 12:07:44 [INFO] Host: cat \$TMPF|grep "^1">\$TMPF2; N=\`cat \$TMPF2|wc -l\`; if [ "\$N" -ne 0 ]; then STR="\$STR alert=\$N";echo "===== ALERT ==";cat \$TMPF2|cut -d ';' -f2;echo "====="; fi
- 12:07:44 [INFO] Target: 
cat \$TMPF|grep "^1">\$TMPF2; N=\`cat \$TMPF2|wc -l\`; if [ "\$N" -ne 0 ]; the 
n STR="\$STR alert=\$N";echo "===== ALERT ==";cat \$TMPF2|cut -d ';' -f2;echo "= 
===="; fi
- 12:07:44 [INFO] Host: 
- 12:07:44 [INFO] Target: 
- 12:07:44 [INFO] Host: cat \$TMPF|grep "^2">\$TMPF2; N=\`cat \$TMPF2|wc -l\`; if [ "\$N" -ne 0 ]; then STR="\$STR crit=\$N";echo "===== CRIT ==";cat \$TMPF2|cut -d ';' -f2;echo "====="; fi
- 12:07:44 [INFO] Target: 
cat \$TMPF|grep "^2">\$TMPF2; N=\`cat \$TMPF2|wc -l\`; if [ "\$N" -ne 0 ]; the 
n STR="\$STR crit=\$N";echo "===== CRIT ==";cat \$TMPF2|cut -d ';' -f2;echo "=== 
=="; fi
- 12:07:44 [INFO] Host: 
- 12:07:45 [INFO] Target: 
- 12:07:45 [INFO] Host: cat \$TMPF|grep "^3">\$TMPF2; N=\`cat \$TMPF2|wc -l\`; if [ "\$N" -ne 0 ]; then STR="\$STR err=\$N";echo "===== ERR ==";cat \$TMPF2|cut -d ';' -f2;echo "=====" ;fi
- 12:07:45 [INFO] Target: 
cat \$TMPF|grep "^3">\$TMPF2; N=\`cat \$TMPF2|wc -l\`; if [ "\$N" -ne 0 ]; the 
n STR="\$STR err=\$N";echo "===== ERR ==";cat \$TMPF2|cut -d ';' -f2;echo "===== 
" ;fi
- 12:07:45 [INFO] Host: 
- 12:07:45 [INFO] Target: 
- 12:07:45 [INFO] Host: cat \$TMPF|grep "^4">\$TMPF2; N=\`cat \$TMPF2|wc -l\`; if [ "\$N" -ne 0 ]; then STR="\$STR warn=\$N";echo "===== WARN ==";cat \$TMPF2|cut -d ';' -f2;echo "=====" ;fi
- 12:07:45 [INFO] Target: 
cat \$TMPF|grep "^4">\$TMPF2; N=\`cat \$TMPF2|wc -l\`; if [ "\$N" -ne 0 ]; the 
n STR="\$STR warn=\$N";echo "===== WARN ==";cat \$TMPF2|cut -d ';' -f2;echo "=== 
==" ;fi
- 12:07:45 [INFO] Host: 
- 12:07:45 [INFO] Target: 
- 12:07:45 [INFO] Host: rm \$TMPF \$TMPF2; echo "SUM""MARY RESULT: BOOT:" 'PASS: H''ello World' 'B''oard' "Booted" "Boot Log has::::\$STR:"
- 12:07:45 [INFO] Target: 
rm \$TMPF \$TMPF2; echo "SUM""MARY RESULT: BOOT:" 'PASS: H''ello World' 'B''oa 
rd' "Booted" "Boot Log has::::\$STR:"
- 12:07:45 [INFO] Host: 
- 12:07:45 [INFO] Target: 
- 12:07:45 [INFO] Host: EOF
- 12:07:45 [INFO] Target: 
root@dra7xx-evm:/test# 
- 12:07:45 [INFO] Host: cd /test
- 12:07:45 [INFO] Target: 
cd /test
root@dra7xx-evm:/test# 
- 12:07:45 [INFO] Host: chmod +x test.sh
- 12:07:45 [INFO] Target: 
chmod +x test.sh
root@dra7xx-evm:/test# 
- 12:07:45 [INFO] Host: ./test.sh 2> stderr.log > stdout.log 3> result.log
- 12:07:51 [INFO] Target: 
./test.sh 2> stderr.log > stdout.log 3> result.log
[   41.240229] cpsw 48484000.ethernet eth0: Link is Down
[   43.256267] cpsw 48484000.ethernet eth0: Link is Up - 1Gbps/Full - flow control rx/tx
root@dra7xx-evm:/test# 
- 12:07:51 [INFO] Host: echo $?
- 12:07:51 [INFO] Target: 
echo $?
root@dra7xx-evm:/test# 
- 12:07:51 [INFO] Host: cd /test
- 12:07:51 [INFO] Target: 
cd /test
root@dra7xx-evm:/test# 
- 12:07:51 [INFO] Host: cat stdout.log
- 12:07:53 [INFO] Target: 
cat stdout.log
cpuinfo:
processor	: 0
model name	: ARMv7 Processor rev 2 (v7l)
BogoMIPS	: 12.29
Features	: half thumb fastmult vfp edsp thumbee neon vfpv3 tls vfpv4 idiva idivt vfpd32 lpae evtstrm 
CPU implementer	: 0x41
CPU architecture: 7
CPU variant	: 0x2
CPU part	: 0xc0f
CPU revision	: 2
processor	: 1
model name	: ARMv7 Processor rev 2 (v7l)
BogoMIPS	: 12.29
Features	: half thumb fastmult vfp edsp thumbee neon vfpv3 tls vfpv4 idiva idivt vfpd32 lpae evtstrm 
CPU implementer	: 0x41
CPU architecture: 7
CPU variant	: 0x2
CPU part	: 0xc0f
CPU revision	: 2
Hardware	: Generic DRA74X (Flattened Device Tree)
Revision	: 0000
Serial		: 0000000000000000
=======
soc info:
==> /sys/devices/soc0/family <==
DRA7
==> /sys/devices/soc0/machine <==
DRA752
==> /sys/devices/soc0/power <==
==> /sys/devices/soc0/revision <==
ES1.0
==> /sys/devices/soc0/subsystem <==
==> /sys/devices/soc0/type <==
==> /sys/devices/soc0/uevent <==
=======
DT Model info
==> /proc/device-tree/name <==
=======
interrupts:
           CPU0       CPU1       
 16:          0          0      CBAR  32 Edge      gp_timer
 19:       1835       2486       GIC  27 Edge      arch_timer
 22:          0          0      CBAR   4 Edge      l3-dbg-irq
 23:          0          0     WUGEN  10 Edge      l3-app-irq
 29:       4450          0      CBAR   8 Edge      omap-dma-engine
209:          4          0  4805d000.gpio  11 Edge      0-0021
225:          0          0  4805d000.gpio  27 Edge      4809c000.mmc cd
296:       6205          0      CBAR  67 Edge      OMAP UART0
311:        455          0      CBAR  51 Edge      48070000.i2c
312:          0          0      CBAR  52 Edge      48072000.i2c
313:          0          0      CBAR  56 Edge      48060000.i2c
314:       5853          0      CBAR  78 Edge      mmc1
315:        990          0      CBAR  81 Edge      mmc0
319:          0          0      CBAR  49 Edge      4a140000.sata
321:          1          0      CBAR  72 Edge    
322:          1          0      CBAR  87 Edge    
324:          0          0      CBAR  15 Edge      gpmc
326:         12          0      CBAR 335 Edge      48484000.ethernet
327:         13          0      CBAR 336 Edge      48484000.ethernet
396:          0          0   pinctrl 992 Edge      4806a000.serial
IPI0:          0          1  CPU wakeup interrupts
IPI1:          0          0  Timer broadcast interrupts
IPI2:       1950       5775  Rescheduling interrupts
IPI3:          0          0  Function call interrupts
IPI4:          3          5  Single function call interrupts
IPI5:          0          0  CPU stop interrupts
IPI6:          0          0  IRQ work interrupts
IPI7:          0          0  completion interrupts
Err:          0
=======
Clk_summary:
   clock                         enable_cnt  prepare_cnt        rate   accuracy   phase
----------------------------------------------------------------------------------------
 dummy_ck                                 0            0           0          0 0  
 video2_m2_clkin_ck                       0            0           0          0 0  
    video2_dclk_div                       0            0           0          0 0  
 video2_clkin_ck                          0            0           0          0 0  
    video2_div_clk                        0            0           0          0 0  
    video2_clk2_div                       0            0           0          0 0  
 video1_m2_clkin_ck                       0            0           0          0 0  
    video1_dclk_div                       0            0           0          0 0  
 video1_clkin_ck                          0            0           0          0 0  
    video1_div_clk                        0            0           0          0 0  
    video1_clk2_div                       0            0           0          0 0  
 usb_otg_clkin_ck                         0            0           0          0 0  
    usb_otg_dclk_div                      0            0           0          0 0  
 sys_clkin2                               0            0    22579200          0 0  
    abe_dpll_sys_clk_mux                  0            0    22579200          0 0  
       abe_dpll_clk_mux                   0            0    22579200          0 0  
          dpll_abe_ck                     0            0   180633600          0 0  
             dpll_abe_m2_ck               0            0   180633600          0 0  
                per_abe_x1_gfclk2_div           0            0   180633600          0 0  
                   mcasp8_aux_gfclk_mux           0            0   180633600          0 0  
                   mcasp7_aux_gfclk_mux           0            0   180633600          0 0  
                   mcasp6_aux_gfclk_mux           0            0   180633600          0 0  
                   mcasp5_aux_gfclk_mux           0            0   180633600          0 0  
                   mcasp4_aux_gfclk_mux           0            0   180633600          0 0  
                   mcasp3_aux_gfclk_mux           0            0   180633600          0 0  
                   mcasp2_aux_gfclk_mux           0            0   180633600          0 0  
                   mcasp1_aux_gfclk_mux           0            0   180633600          0 0  
                per_abe_x1_dclk_div           0            0   180633600          0 0  
             dpll_abe_x2_ck               0            0   361267200          0 0  
                dpll_abe_m3x2_ck           0            0   180633600          0 0  
                   usb_dpll_hs_clk_div           0            0    60211200          0 0  
                   per_dpll_hs_clk_div           0            0    90316800          0 0  
                dpll_abe_m2x2_ck           0            0   361267200          0 0  
                   abe_lp_clk_div           0            0    22579200          0 0  
                   abe_24m_fclk           0            0    45158400          0 0  
                      mcasp8_ahclk_mux           0            0    45158400          0 0  
                      mcasp7_ahclkx_mux           0            0    45158400          0 0  
                      mcasp6_ahclkx_mux           0            0    45158400          0 0  
                      mcasp5_ahclkx_mux           0            0    45158400          0 0  
                      mcasp4_ahclkx_mux           0            0    45158400          0 0  
                      mcasp3_ahclkx_mux           0            0    45158400          0 0  
                      mcasp2_ahclkx_mux           0            0    45158400          0 0  
                      mcasp2_ahclkr_mux           0            0    45158400          0 0  
                      mcasp1_ahclkx_mux           0            0    45158400          0 0  
                      mcasp1_ahclkr_mux           0            0    45158400          0 0  
                   ipu1_gfclk_mux           0            0   361267200          0 0  
                   abe_clk                0            0   361267200          0 0  
                      aess_fclk           0            0   361267200          0 0  
                         abe_giclk_div           0            0   361267200          0 0  
       abe_dpll_bypass_clk_mux            0            0    22579200          0 0  
    sys_clk2_dclk_div                     0            0    22579200          0 0  
 virt_38400000_ck                         0            0    38400000          0 0  
 virt_27000000_ck                         0            0    27000000          0 0  
 virt_26000000_ck                         0            0    26000000          0 0  
 virt_20000000_ck                         1            1    20000000          0 0  
    sys_clkin1                            6           13    20000000          0 0  
       wkupaon_iclk_mux                   9           12    20000000          0 0  
          l3instr_ts_gclk_div             0            0      625000          0 0  
       sata_ref_clk                       3            3    20000000          0 0  
       dpll_usb_ck                        0            1   960000000          0 0  
          dpll_usb_clkdcoldo              0            1   960000000          0 0  
             l3init_960m_gfclk            0            2   960000000          0 0  
                usb_otg_ss2_refclk960m           0            2   960000000          0 0  
                usb_otg_ss1_refclk960m           0            2   960000000          0 0  
          dpll_usb_m2_ck                  0            0   480000000          0 0  
             l3init_480m_dclk_div           0            0   480000000          0 0  
             l3init_60m_fclk              0            0    60000000          0 0  
       dpll_usb_byp_mux                   0            0    20000000          0 0  
       dpll_per_ck                        1            1   384000000          0 0  
          dpll_per_x2_ck                  1            3   768000000          0 0  
             dpll_per_m2x2_ck             1            5   192000000          0 0  
                mmc2_fclk_mux             0            1   192000000          0 0  
                   mmc2_fclk_div           0            1    96000000          0 0  
                mmc1_fclk_mux             0            1   192000000          0 0  
                   mmc1_fclk_div           0            1    96000000          0 0  
                func_96m_fclk             0            5    96000000          0 0  
                func_48m_fclk             4           18    48000000          0 0  
                   uart6_gfclk_mux           0            1    48000000          0 0  
                   uart10_gfclk_mux           0            1    48000000          0 0  
                   uart9_gfclk_mux           0            1    48000000          0 0  
                   uart8_gfclk_mux           0            1    48000000          0 0  
                   uart7_gfclk_mux           0            1    48000000          0 0  
                   uart5_gfclk_mux           0            1    48000000          0 0  
                   uart4_gfclk_mux           0            1    48000000          0 0  
                   uart3_gfclk_mux           1            1    48000000          0 0  
                   uart2_gfclk_mux           1            1    48000000          0 0  
                   uart1_gfclk_mux           1            1    48000000          0 0  
                   mmc4_gfclk_mux           0            1    48000000          0 0  
                      mmc4_gfclk_div           0            1    48000000          0 0  
                   mmc3_gfclk_mux           0            1    48000000          0 0  
                      mmc3_gfclk_div           0            1    48000000          0 0  
                   dss_48mhz_clk           0            2    48000000          0 0  
                func_12m_fclk             0            1    12000000          0 0  
             dpll_per_h14x2_ck            0            0   384000000          0 0  
             dpll_per_h13x2_ck            0            1   192000000          0 0  
                qspi_gfclk_mux            0            1   192000000          0 0  
                   qspi_gfclk_div           0            1   192000000          0 0  
             dpll_per_h12x2_ck            0            1   192000000          0 0  
                dss_dss_clk               0            3   192000000          0 0  
             dpll_per_h11x2_ck            0            0   256000000          0 0  
                func_128m_clk             0            0   128000000          0 0  
          dpll_per_m2_ck                  0            0    96000000          0 0  
             func_24m_clk                 0            0    24000000          0 0  
             func_96m_aon_dclk_div           0            0    96000000          0 0  
       dpll_per_byp_mux                   0            0    20000000          0 0  
       dpll_pcie_ref_ck                   0            0  1500000000          0 0  
          dpll_pcie_ref_m2_ck             0            0  1500000000          0 0  
             pcie2_dclk_div               0            0  1500000000          0 0  
          dpll_pcie_ref_m2ldo_ck           0            0   100000000          0 0  
             apll_pcie_in_clk_mux           0            0   100000000          0 0  
                apll_pcie_ck              0            0   100000000          0 0  
                   apll_pcie_m2_ck           0            0   100000000          0 0  
                      pcie_dclk_div           0            0   100000000          0 0  
                   apll_pcie_clkvcoldo_div           0            0   100000000          0 0  
                   apll_pcie_clkvcoldo           0            0   100000000          0 0  
                   optfclk_pciephy2_clk           0            0   100000000          0 0  
                   optfclk_pciephy1_clk           0            0   100000000          0 0  
                   optfclk_pciephy_div           0            0   100000000          0 0  
                      optfclk_pciephy2_div_clk           0            0   100000000          0 0  
                      optfclk_pciephy1_div_clk           0            0   100000000          0 0  
       dpll_eve_byp_mux                   0            0    20000000          0 0  
          dpll_eve_ck                     0            0    20000000          0 0  
             dpll_eve_m2_ck               0            0    20000000          0 0  
                eve_clk                   0            0    20000000          0 0  
                eve_dclk_div              0            0    20000000          0 0  
       dpll_gmac_ck                       3            3  1000000000          0 0  
          dpll_gmac_x2_ck                 0            0  2000000000          0 0  
             dpll_gmac_m3x2_ck            0            0   200000000          0 0  
             dpll_gmac_h13x2_ck           0            0   200000000          0 0  
             dpll_gmac_h12x2_ck           0            0   250000000          0 0  
             dpll_gmac_h11x2_ck           0            0    50000000          0 0  
                gmii_m_clk_div            0            0    25000000          0 0  
          dpll_gmac_m2_ck                 0            0   250000000          0 0  
             gmac_250m_dclk_div           0            0   250000000          0 0  
             gmac_gmii_ref_clk_div           0            0   125000000          0 0  
       dpll_gmac_byp_mux                  0            0    20000000          0 0  
       dpll_ddr_ck                        0            0  1064000000          0 0  
          dpll_ddr_x2_ck                  0            0  2128000000          0 0  
             dpll_ddr_h11x2_ck            0            0   266000000          0 0  
          dpll_ddr_m2_ck                  0            0   532000000          0 0  
             emif_phy_dclk_div            0            0   532000000          0 0  
       dpll_ddr_byp_mux                   0            0    20000000          0 0  
       dpll_gpu_byp_mux                   0            0    20000000          0 0  
          dpll_gpu_ck                     0            0    20000000          0 0  
             dpll_gpu_m2_ck               0            0    20000000          0 0  
                gpu_dclk                  0            0    20000000          0 0  
       dpll_iva_byp_mux                   0            0    20000000          0 0  
          dpll_iva_ck                     0            0    20000000          0 0  
             dpll_iva_m2_ck               0            0    20000000          0 0  
                iva_dclk                  0            0    20000000          0 0  
       dpll_dsp_byp_mux                   0            0    20000000          0 0  
          dpll_dsp_ck                     0            0    20000000          0 0  
             dpll_dsp_x2_ck               0            0    20000000          0 0  
                dpll_dsp_m3x2_ck           0            0    20000000          0 0  
             dpll_dsp_m2_ck               0            0    20000000          0 0  
                dsp_gclk_div              0            0    20000000          0 0  
       dpll_mpu_ck                        1            1  1000000000          0 0  
          dpll_mpu_m2_ck                  1            1  1000000000          0 0  
             mpu_dclk_div                 0            0  1000000000          0 0  
       dpll_core_ck                       1            1  1064000000          0 0  
          dpll_core_m2_ck                 0            0   532000000          0 0  
             core_dpll_out_dclk_div           0            0   532000000          0 0  
          dpll_core_x2_ck                 2            3  2128000000          0 0  
             dpll_core_h24x2_ck           0            1   354666667          0 0  
             dpll_core_h23x2_ck           0            0   532000000          0 0  
             dpll_core_h22x2_ck           0            0   425600000          0 0  
             dpll_core_h14x2_ck           0            0   425600000          0 0  
                gpu_hyd_gclk_mux           0            0   425600000          0 0  
                gpu_core_gclk_mux           0            0   425600000          0 0  
             dpll_core_h13x2_ck           4            8    34322581          0 0  
             dpll_core_h12x2_ck           1            1   532000000          0 0  
                l3_iclk_div              91          102   266000000          0 0  
                   dss_deshdcp_clk           1            2   266000000          0 0  
                   vip3_gclk_mux           0            0   266000000          0 0  
                   vip2_gclk_mux           0            0   266000000          0 0  
                   vip1_gclk_mux           0            0   266000000          0 0  
                   gmac_rft_clk_mux           0            0   266000000          0 0  
                   atl_gfclk_mux           0            1   266000000          0 0  
                      atl_clkin3_ck           0            0   266000000          0 0  
                      atl_clkin2_ck           0            0   266000000          0 0  
                      atl_clkin1_ck           0            0   266000000          0 0  
                      atl_clkin0_ck           0            0   266000000          0 0  
                   l4_root_clk_div           8           11   133000000          0 0  
                eve_dpll_hs_clk_div           0            0   532000000          0 0  
                iva_dpll_hs_clk_div           0            0   532000000          0 0  
                dsp_dpll_hs_clk_div           0            0   532000000          0 0  
                mpu_dpll_hs_clk_div           0            0   532000000          0 0  
       dpll_core_byp_mux                  0            0    20000000          0 0  
       dcan1_sys_clk_mux                  0            1    20000000          0 0  
       video2_dpll_clk_mux                0            1    20000000          0 0  
          dss_video2_clk                  0            1    20000000          0 0  
       video1_dpll_clk_mux                0            1    20000000          0 0  
          dss_video1_clk                  0            1    20000000          0 0  
       timer_sys_clk_div                  0           14    20000000          0 0  
          timer9_gfclk_mux                0            1    20000000          0 0  
          timer4_gfclk_mux                0            1    20000000          0 0  
          timer3_gfclk_mux                0            1    20000000          0 0  
          timer2_gfclk_mux                0            1    20000000          0 0  
          timer16_gfclk_mux               0            1    20000000          0 0  
          timer15_gfclk_mux               0            1    20000000          0 0  
          timer14_gfclk_mux               0            1    20000000          0 0  
          timer13_gfclk_mux               0            1    20000000          0 0  
          timer11_gfclk_mux               0            1    20000000          0 0  
          timer10_gfclk_mux               0            1    20000000          0 0  
          timer8_gfclk_mux                0            1    20000000          0 0  
          timer7_gfclk_mux                0            1    20000000          0 0  
          timer6_gfclk_mux                0            1    20000000          0 0  
          timer5_gfclk_mux                0            1    20000000          0 0  
       hdmi_dpll_clk_mux                  0            1    20000000          0 0  
          dss_hdmi_clk                    0            2    20000000          0 0  
       custefuse_sys_gfclk_div            0            0    10000000          0 0  
       emu_dclk_div                       0            0    20000000          0 0  
       sata_dclk_div                      0            0    20000000          0 0  
       sys_clk1_dclk_div                  0            0    20000000          0 0  
          clkoutmux2_clk_mux              0            0    20000000          0 0  
             clkout2_clk                  0            0    20000000          0 0  
          clkoutmux1_clk_mux              0            0    20000000          0 0  
          clkoutmux0_clk_mux              0            0    20000000          0 0  
       adc_gfclk_mux                      0            0    20000000          0 0  
       abe_sys_clk_div                    0            0    20000000          0 0  
 virt_19200000_ck                         0            0    19200000          0 0  
 virt_16800000_ck                         0            0    16800000          0 0  
 virt_13000000_ck                         0            0    13000000          0 0  
 virt_12000000_ck                         0            0    12000000          0 0  
 sys_32k_ck                               1           18       32768          0 0  
    timer1_gfclk_mux                      1            1       32768          0 0  
    gpio1_dbclk                           0            1       32768          0 0  
    atl_dpll_clk_mux                      0            0       32768          0 0  
    usb_phy3_always_on_clk32k             0            0       32768          0 0  
    usb_phy2_always_on_clk32k             0            1       32768          0 0  
    usb_phy1_always_on_clk32k             0            1       32768          0 0  
    mmc4_clk32k                           0            1       32768          0 0  
    mmc3_clk32k                           0            1       32768          0 0  
    mmc2_clk32k                           0            1       32768          0 0  
    mmc1_clk32k                           0            1       32768          0 0  
    gpio8_dbclk                           0            1       32768          0 0  
    gpio7_dbclk                           0            1       32768          0 0  
    gpio6_dbclk                           0            1       32768          0 0  
    gpio5_dbclk                           0            1       32768          0 0  
    gpio4_dbclk                           0            1       32768          0 0  
    gpio3_dbclk                           0            1       32768          0 0  
    gpio2_dbclk                           0            1       32768          0 0  
    dss_32khz_clk                         0            1       32768          0 0  
    optfclk_pciephy2_32khz                0            0       32768          0 0  
    optfclk_pciephy1_32khz                0            0       32768          0 0  
 secure_32k_clk_src_ck                    0            0       32768          0 0  
    secure_32k_dclk_div                   0            0       32768          0 0  
 sdvenc_clkin_ck                          0            0           0          0 0  
 rmii_clk_ck                              0            0           0          0 0  
 ref_clkin3_ck                            0            0           0          0 0  
 ref_clkin2_ck                            0            0           0          0 0  
 ref_clkin1_ck                            0            0           0          0 0  
 ref_clkin0_ck                            0            0           0          0 0  
 pciesref_acs_clk_ck                      0            0   100000000          0 0  
 mlbp_clkin_ck                            0            0           0          0 0  
    mlbp_clk                              0            0           0          0 0  
 mlb_clkin_ck                             0            0           0          0 0  
    mlb_clk                               0            0           0          0 0  
 hdmi_clkin_ck                            0            0           0          0 0  
    hdmi_div_clk                          0            0           0          0 0  
    hdmi_clk2_div                         0            0           0          0 0  
    hdmi_dclk_div                         0            0           0          0 0  
=======
Available frequencies
1000000 1176000 
=======
===== ERR ==
/cpus/cpu@0 missing clock-frequency property
/cpus/cpu@1 missing clock-frequency property
omap_hsmmc 4809c000.mmc: unable to get vmmc regulator -517
omap_voltage_late_init: Voltage driver support not added
omap_hsmmc 4809c000.mmc: unable to get vmmc regulator -517
udevd[106]: starting version 182
=====
===== WARN ==
omap_hwmod: l3_main_2 using broken dt data from ocp
irq: no irq domain found for /ocp/l4@4a000000/scm@2000/pinmux@1400 !
omap4_sram_init:Unable to allocate sram needed to handle errata I688
omap4_sram_init:Unable to get sram pool needed to handle errata I688
lo uses DEPRECATED zero tx_queue_len - convert driver to use IFF_NO_QUEUE instead.
sit0 uses DEPRECATED zero tx_queue_len - convert driver to use IFF_NO_QUEUE instead.
gpmc_mem_init: disabling cs 0 mapped at 0x0-0x1000000
palmas 0-0058: IRQ missing: skipping irq request
mmc1: host does not support reading read-only switch, assuming write-enable
IP-Config: Got DHCP answer from 192.168.0.1, my address is 192.168.0.99
, nameserver1=192.0.2.3
=====
SUMMARY RESULT: BOOT: PASS: Hello World Board Booted Boot Log has:::: err=6 warn=11:
root@dra7xx-evm:/test# 
- 12:07:53 [INFO] Host: cat stderr.log
- 12:07:53 [INFO] Target: 
cat stderr.log
./test.sh: line 33:   602 Killed                  cp /dev/kmsg $TMPF
root@dra7xx-evm:/test# 
- 12:07:53 [INFO] Host: cat result.log
- 12:07:55 [ERROR] On command: cat result.log waiting for cat result.log.+?(?m-ix:^1[\0\n\r]+) >>> error: execution expired
- 12:07:55 [INFO] Target: 
cat result.log
root@dra7xx-evm:/test# [   47.285229] cpsw 48484000.ethernet eth0: Link is Down
- 12:07:55 [INFO] Host: cd /test
- 12:07:55 [INFO] Target: 
cd /test
root@dra7xx-evm:/test# 
URL:gtsystest.telogy.design.ti.com/vatf/tigtfarm01/tigtfarm01_vatf@dra7xx-evm/tigtfarm0108_20_2015_12_06_36/files/session_iteration_1/test_1
