- 07:14:35 [INFO] Starting target session
- 07:14:35 [INFO] Connected to dra72x-evm via serial 
- 07:14:35 [INFO] Host: #check prompt
- 07:14:37 [ERROR] On command: #check prompt waiting for #check prompt.+?(?-mix:((?-mix:login:)|[Pp]assword)) >>> error: execution expired
- 07:14:37 [INFO] Target: 
#check prompt
root@dra7xx-evm:/test# 
- 07:14:37 [INFO] Host: #check prompt
- 07:14:37 [INFO] Target: 
#check prompt
root@dra7xx-evm:/test# 
- 07:14:37 [INFO] Host: sync;poweroff
- 07:16:37 [ERROR] On command: sync;poweroff waiting for sync;poweroff.+?(?i-mx:System halted|System will go to power_off) >>> error: execution expired
- 07:16:37 [INFO] Target: 
sync;poweroff
INIT: Swit
INIT: Sending processes the TERM signal
Broadcast message from root@dra7xx-evm (ttyO0) (Sat Aug 30 01:20:52 2014):
The system is going down for system halt NOW!
root@dra7xx-evm:/test# 
INIT: SeStopping syslogd/klogd: stopped syslogd (pid 1189)
stopped klogd (pid 1193)
done
Deconfiguring network interfaces... ifdown: interface eth0 not configured
done.
Sending all processes the TERM signal...
Sending all processes the KILL signal...
Unmounting remote filesystems...
Deactivating swap...
Unmounting local filesystems...
[  708.212891] reboot: Power down
- 07:16:37 [INFO] Disconnected serial from dra72x-evm
- 07:16:58 [INFO] Connected to dra72x-evm via serial 
- 07:16:58 [INFO] Host: 
- 07:16:59 [INFO] Target: 
SATA link 0 timeout.
AHCI 0001.0300 32 slots 1 ports 3 Gbps 0x1 impl SATA mode
flags: 64bit ncq stag pm led clo only pmp pio slum part ccc apst 
scanning bus for devices...
Found 0 device(s).
SCSI:  Net:   <ethaddr> not set. Validating first E-fuse MAC
cpsw
Hit any key to stop autoboot:  1  0 
U-Boot# 
- 07:16:59 [INFO] Host: 
- 07:16:59 [INFO] Target: 
U-Boot# 
- 07:16:59 [INFO] Host: version
- 07:17:00 [INFO] Target: 
version
U-Boot 2014.07-00071-gaca0808 (Oct 02 2014 - 11:23:33)
arm-linux-gnueabihf-gcc (crosstool-NG linaro-1.13.1-4.7-2013.03-20130313 - Linaro GCC 2013.03) 4.7.3 20130226 (prerelease)
GNU ld (crosstool-NG linaro-1.13.1-4.7-2013.03-20130313 - Linaro GCC 2013.03) 2.23.1
U-Boot# 
- 07:17:00 [INFO] Host: setenv bootargs 'console=ttyO0,115200n8 earlyprintk rootwait '
- 07:17:00 [INFO] Target: 
setenv bootargs 'console=ttyO0,115200n8 earlyprintk rootwait '
U-Boot# 
- 07:17:00 [INFO] Host: setenv bootcmd  ''
- 07:17:01 [INFO] Target: 
setenv bootcmd  ''
U-Boot# 
- 07:17:01 [INFO] Host: setenv autoload 'no'
- 07:17:01 [INFO] Target: 
setenv autoload 'no'
U-Boot# 
- 07:17:01 [INFO] Host: setenv serverip '192.168.0.1'
- 07:17:02 [INFO] Target: 
setenv serverip '192.168.0.1'
U-Boot# 
- 07:17:02 [INFO] Host: printenv
- 07:17:02 [INFO] Target: 
printenv
arch=arm
autoload=no
baudrate=115200
board=dra7xx
board_name=dra72x
bootargs=console=ttyO0,115200n8 earlyprintk rootwait 
bootcmd=
bootdelay=1
bootdir=/boot
bootfile=zImage
bootm_size=0x10000000
bootpart=0:2
bootscript=echo Running bootscript from mmc${mmcdev} ...; source ${loadaddr}
console=ttyO0,115200n8
cpu=armv7
eth1addr=b4:99:4c:1b:f6:af
ethact=cpsw
ethaddr=b4:99:4c:1b:f6:ae
fdt_addr_r=0x88000000
fdtaddr=0x88000000
fdtfile=undefined
findfdt=if test $board_name = omap5_uevm; then setenv fdtfile omap5-uevm.dtb; fi; if test $board_name = dra7xx; then setenv fdtfile dra7-evm.dtb; fi;if test $board_name = dra72x; then setenv fdtfile dra72-evm.dtb; fi;if test $fdtfile = undefined; then echo WARNING: Could not determine device tree to use; fi; 
importbootenv=echo Importing environment from mmc${mmcdev} ...; env import -t ${loadaddr} ${filesize}
kernel_addr_r=0x82000000
loadaddr=0x82000000
loadbootenv=fatload mmc ${mmcdev} ${loadaddr} uEnv.txt
loadbootscript=fatload mmc ${mmcdev} ${loadaddr} boot.scr
loadfdt=load mmc ${bootpart} ${fdtaddr} ${bootdir}/${fdtfile};
loadimage=load mmc ${bootpart} ${loadaddr} ${bootdir}/${bootfile}
mmcargs=setenv bootargs console=${console} ${optargs} vram=${vram} root=${mmcroot} rootfstype=${mmcrootfstype}
mmcboot=mmc dev ${mmcdev}; if mmc rescan; then echo SD/MMC found on device ${mmcdev};if run loadbootenv; then echo Loaded environment from ${bootenv};run importbootenv;fi;if test -n $uenvcmd; then echo Running uenvcmd ...;run uenvcmd;fi;if run loadimage; then run loadfdt; echo Booting from mmc${mmcdev} ...; run mmcargs; bootz ${loadaddr} - ${fdtaddr}; fi;fi;
mmcdev=0
mmcroot=/dev/mmcblk1p2 rw
mmcrootfstype=ext4 rootwait
partitions=uuid_disk=${uuid_gpt_disk};name=rootfs,start=2MiB,size=-,uuid=${uuid_gpt_rootfs}
ramdisk_addr_r=0x88080000
rdaddr=0x88080000
scsidevs=0
serverip=192.168.0.1
soc=omap5
stderr=serial
stdin=serial
stdout=serial
usbtty=cdc_acm
vendor=ti
ver=U-Boot 2014.07-00071-gaca0808 (Oct 02 2014 - 11:23:33)
vram=16M
Environment size: 2084/131067 bytes
U-Boot# 
- 07:17:02 [INFO] Host: printenv
- 07:17:03 [INFO] Target: 
printenv
arch=arm
autoload=no
baudrate=115200
board=dra7xx
board_name=dra72x
bootargs=console=ttyO0,115200n8 earlyprintk rootwait 
bootcmd=
bootdelay=1
bootdir=/boot
bootfile=zImage
bootm_size=0x10000000
bootpart=0:2
bootscript=echo Running bootscript from mmc${mmcdev} ...; source ${loadaddr}
console=ttyO0,115200n8
cpu=armv7
eth1addr=b4:99:4c:1b:f6:af
ethact=cpsw
ethaddr=b4:99:4c:1b:f6:ae
fdt_addr_r=0x88000000
fdtaddr=0x88000000
fdtfile=undefined
findfdt=if test $board_name = omap5_uevm; then setenv fdtfile omap5-uevm.dtb; fi; if test $board_name = dra7xx; then setenv fdtfile dra7-evm.dtb; fi;if test $board_name = dra72x; then setenv fdtfile dra72-evm.dtb; fi;if test $fdtfile = undefined; then echo WARNING: Could not determine device tree to use; fi; 
importbootenv=echo Importing environment from mmc${mmcdev} ...; env import -t ${loadaddr} ${filesize}
kernel_addr_r=0x82000000
loadaddr=0x82000000
loadbootenv=fatload mmc ${mmcdev} ${loadaddr} uEnv.txt
loadbootscript=fatload mmc ${mmcdev} ${loadaddr} boot.scr
loadfdt=load mmc ${bootpart} ${fdtaddr} ${bootdir}/${fdtfile};
loadimage=load mmc ${bootpart} ${loadaddr} ${bootdir}/${bootfile}
mmcargs=setenv bootargs console=${console} ${optargs} vram=${vram} root=${mmcroot} rootfstype=${mmcrootfstype}
mmcboot=mmc dev ${mmcdev}; if mmc rescan; then echo SD/MMC found on device ${mmcdev};if run loadbootenv; then echo Loaded environment from ${bootenv};run importbootenv;fi;if test -n $uenvcmd; then echo Running uenvcmd ...;run uenvcmd;fi;if run loadimage; then run loadfdt; echo Booting from mmc${mmcdev} ...; run mmcargs; bootz ${loadaddr} - ${fdtaddr}; fi;fi;
mmcdev=0
mmcroot=/dev/mmcblk1p2 rw
mmcrootfstype=ext4 rootwait
partitions=uuid_disk=${uuid_gpt_disk};name=rootfs,start=2MiB,size=-,uuid=${uuid_gpt_rootfs}
ramdisk_addr_r=0x88080000
rdaddr=0x88080000
scsidevs=0
serverip=192.168.0.1
soc=omap5
stderr=serial
stdin=serial
stdout=serial
usbtty=cdc_acm
vendor=ti
ver=U-Boot 2014.07-00071-gaca0808 (Oct 02 2014 - 11:23:33)
vram=16M
Environment size: 2084/131067 bytes
U-Boot# 
- 07:17:03 [INFO] Host: setenv bootargs ''${bootargs}' ip=dhcp '
- 07:17:03 [INFO] Target: 
setenv bootargs ''${bootargs}' ip=dhcp '
U-Boot# 
- 07:17:03 [INFO] Host: setenv serverip '192.168.0.1'
- 07:17:04 [INFO] Target: 
setenv serverip '192.168.0.1'
U-Boot# 
- 07:17:04 [INFO] Host: setenv ipaddr dhcp
- 07:17:04 [INFO] Target: 
setenv ipaddr dhcp
U-Boot# 
- 07:17:04 [INFO] Host: setenv autoload 'no'
- 07:17:05 [INFO] Target: 
setenv autoload 'no'
U-Boot# 
- 07:17:05 [INFO] Host: dhcp
- 07:17:06 [INFO] Target: 
dhcp
link up on port 1, speed 1000, full duplex
BOOTP broadcast 1
DHCP client bound to address 192.168.0.210
U-Boot# 
- 07:17:06 [INFO] Host: setenv serverip '192.168.0.1'
- 07:17:07 [INFO] Target: 
setenv serverip '192.168.0.1'
U-Boot# 
- 07:17:07 [INFO] Host: tftp ${loadaddr} 192.168.0.1:vatf_j6eco-evm2/d28f31814a4da1254ec60777bf07a622
- 07:17:07 [INFO] Target: 
tftp ${loadaddr} 192.168.0.1:vatf_j6eco-evm2/d28f31814a4da1254ec60777bf07a622
link up on port 1, speed 1000, full duplex
Using cpsw device
TFTP from server 192.168.0.1; our IP address is 192.168.0.210
Filename 'vatf_j6eco-evm2/d28f31814a4da1254ec60777bf07a622'.
Load address: 0x82000000
Loading: *#################################################################
	 #################################################################
	 #################################################################
	 #################################################################
	 #################################################################
	 #####################################
	 11 MiB/s
done
Bytes transferred = 5304304 (50eff0 hex)
U-Boot# 
- 07:17:07 [INFO] Host: tftp ${fdt_addr_r} 192.168.0.1:vatf_j6eco-evm2/d60d57d757bbb94bd619554e4537b4b3
- 07:17:08 [INFO] Target: 
tftp ${fdt_addr_r} 192.168.0.1:vatf_j6eco-evm2/d60d57d757bbb94bd619554e4537b4b3
link up on port 1, speed 1000, full duplex
Using cpsw device
TFTP from server 192.168.0.1; our IP address is 192.168.0.210
Filename 'vatf_j6eco-evm2/d60d57d757bbb94bd619554e4537b4b3'.
Load address: 0x88000000
Loading: *#####
	 9.7 MiB/s
done
Bytes transferred = 61103 (eeaf hex)
U-Boot# 
- 07:17:08 [INFO] Host: ls mmc 0:1
- 07:17:08 [INFO] Target: 
ls mmc 0:1
    73624   mlo 
     1164   readme 
   433092   u-boot.img 
      574   uenv.txt 
4 file(s), 0 dir(s)
U-Boot# 
- 07:17:08 [INFO] Host: ls mmc 0:2
- 07:17:09 [INFO] Target: 
ls mmc 0:2
<DIR>       4096 .
<DIR>       4096 ..
<DIR>       4096 bin
<DIR>       4096 boot
<DIR>       4096 dev
<DIR>       4096 etc
<DIR>       4096 home
<DIR>       4096 lib
<DIR>       4096 media
<DIR>       4096 mnt
<DIR>       4096 opt
<DIR>       4096 proc
<DIR>       4096 run
<DIR>       4096 sbin
<DIR>       4096 srv
<DIR>       4096 sys
<SYM>          8 tmp
<DIR>       4096 usr
<DIR>       4096 var
<DIR>       4096 www
<DIR>       4096 test
U-Boot# 
- 07:17:09 [INFO] Host: part uuid mmc 0:2
- 07:17:09 [INFO] Target: 
part uuid mmc 0:2
00000000-02
U-Boot# 
- 07:17:09 [INFO] Host: printenv
- 07:17:10 [INFO] Target: 
printenv
arch=arm
autoload=no
baudrate=115200
board=dra7xx
board_name=dra72x
bootargs=console=ttyO0,115200n8 earlyprintk rootwait  ip=dhcp 
bootcmd=
bootdelay=1
bootdir=/boot
bootfile=zImage
bootm_size=0x10000000
bootpart=0:2
bootscript=echo Running bootscript from mmc${mmcdev} ...; source ${loadaddr}
console=ttyO0,115200n8
cpu=armv7
dnsip=192.0.2.2
dnsip2=192.0.2.3
eth1addr=b4:99:4c:1b:f6:af
ethact=cpsw
ethaddr=b4:99:4c:1b:f6:ae
fdt_addr_r=0x88000000
fdtaddr=0x88000000
fdtfile=undefined
fileaddr=88000000
filesize=eeaf
findfdt=if test $board_name = omap5_uevm; then setenv fdtfile omap5-uevm.dtb; fi; if test $board_name = dra7xx; then setenv fdtfile dra7-evm.dtb; fi;if test $board_name = dra72x; then setenv fdtfile dra72-evm.dtb; fi;if test $fdtfile = undefined; then echo WARNING: Could not determine device tree to use; fi; 
gatewayip=192.168.0.1
importbootenv=echo Importing environment from mmc${mmcdev} ...; env import -t ${loadaddr} ${filesize}
ipaddr=192.168.0.210
kernel_addr_r=0x82000000
loadaddr=0x82000000
loadbootenv=fatload mmc ${mmcdev} ${loadaddr} uEnv.txt
loadbootscript=fatload mmc ${mmcdev} ${loadaddr} boot.scr
loadfdt=load mmc ${bootpart} ${fdtaddr} ${bootdir}/${fdtfile};
loadimage=load mmc ${bootpart} ${loadaddr} ${bootdir}/${bootfile}
mmcargs=setenv bootargs console=${console} ${optargs} vram=${vram} root=${mmcroot} rootfstype=${mmcrootfstype}
mmcboot=mmc dev ${mmcdev}; if mmc rescan; then echo SD/MMC found on device ${mmcdev};if run loadbootenv; then echo Loaded environment from ${bootenv};run importbootenv;fi;if test -n $uenvcmd; then echo Running uenvcmd ...;run uenvcmd;fi;if run loadimage; then run loadfdt; echo Booting from mmc${mmcdev} ...; run mmcargs; bootz ${loadaddr} - ${fdtaddr}; fi;fi;
mmcdev=0
mmcroot=/dev/mmcblk1p2 rw
mmcrootfstype=ext4 rootwait
netmask=255.255.255.0
partitions=uuid_disk=${uuid_gpt_disk};name=rootfs,start=2MiB,size=-,uuid=${uuid_gpt_rootfs}
ramdisk_addr_r=0x88080000
rdaddr=0x88080000
scsidevs=0
serverip=192.168.0.1
soc=omap5
stderr=serial
stdin=serial
stdout=serial
usbtty=cdc_acm
vendor=ti
ver=U-Boot 2014.07-00071-gaca0808 (Oct 02 2014 - 11:23:33)
vram=16M
Environment size: 2237/131067 bytes
U-Boot# 
- 07:17:10 [INFO] Host: setenv bootargs ''${bootargs}' root=PARTUUID=00000000-02 rw rootfstype=ext4 rootwait '
- 07:17:10 [INFO] Target: 
setenv bootargs ''${bootargs}' root=PARTUUID=00000000-02 rw rootfstype=ext4 rootwait '
U-Boot# 
- 07:17:10 [INFO] Host: printenv
- 07:17:11 [INFO] Target: 
printenv
arch=arm
autoload=no
baudrate=115200
board=dra7xx
board_name=dra72x
bootargs=console=ttyO0,115200n8 earlyprintk rootwait  ip=dhcp  root=PARTUUID=00000000-02 rw rootfstype=ext4 rootwait 
bootcmd=
bootdelay=1
bootdir=/boot
bootfile=zImage
bootm_size=0x10000000
bootpart=0:2
bootscript=echo Running bootscript from mmc${mmcdev} ...; source ${loadaddr}
console=ttyO0,115200n8
cpu=armv7
dnsip=192.0.2.2
dnsip2=192.0.2.3
eth1addr=b4:99:4c:1b:f6:af
ethact=cpsw
ethaddr=b4:99:4c:1b:f6:ae
fdt_addr_r=0x88000000
fdtaddr=0x88000000
fdtfile=undefined
fileaddr=88000000
filesize=eeaf
findfdt=if test $board_name = omap5_uevm; then setenv fdtfile omap5-uevm.dtb; fi; if test $board_name = dra7xx; then setenv fdtfile dra7-evm.dtb; fi;if test $board_name = dra72x; then setenv fdtfile dra72-evm.dtb; fi;if test $fdtfile = undefined; then echo WARNING: Could not determine device tree to use; fi; 
gatewayip=192.168.0.1
importbootenv=echo Importing environment from mmc${mmcdev} ...; env import -t ${loadaddr} ${filesize}
ipaddr=192.168.0.210
kernel_addr_r=0x82000000
loadaddr=0x82000000
loadbootenv=fatload mmc ${mmcdev} ${loadaddr} uEnv.txt
loadbootscript=fatload mmc ${mmcdev} ${loadaddr} boot.scr
loadfdt=load mmc ${bootpart} ${fdtaddr} ${bootdir}/${fdtfile};
loadimage=load mmc ${bootpart} ${loadaddr} ${bootdir}/${bootfile}
mmcargs=setenv bootargs console=${console} ${optargs} vram=${vram} root=${mmcroot} rootfstype=${mmcrootfstype}
mmcboot=mmc dev ${mmcdev}; if mmc rescan; then echo SD/MMC found on device ${mmcdev};if run loadbootenv; then echo Loaded environment from ${bootenv};run importbootenv;fi;if test -n $uenvcmd; then echo Running uenvcmd ...;run uenvcmd;fi;if run loadimage; then run loadfdt; echo Booting from mmc${mmcdev} ...; run mmcargs; bootz ${loadaddr} - ${fdtaddr}; fi;fi;
mmcdev=0
mmcroot=/dev/mmcblk1p2 rw
mmcrootfstype=ext4 rootwait
netmask=255.255.255.0
partitions=uuid_disk=${uuid_gpt_disk};name=rootfs,start=2MiB,size=-,uuid=${uuid_gpt_rootfs}
ramdisk_addr_r=0x88080000
rdaddr=0x88080000
scsidevs=0
serverip=192.168.0.1
soc=omap5
stderr=serial
stdin=serial
stdout=serial
usbtty=cdc_acm
vendor=ti
ver=U-Boot 2014.07-00071-gaca0808 (Oct 02 2014 - 11:23:33)
vram=16M
Environment size: 2292/131067 bytes
U-Boot# 
- 07:17:11 [INFO] Host: setenv bootcmd ''${bootcmd}' if iminfo ${loadaddr}; then bootm ${loadaddr} - ${fdt_addr_r}; else bootz ${loadaddr} - ${fdt_addr_r}; bootm ${loadaddr} - ${fdt_addr_r}; fi'
- 07:17:11 [INFO] Target: 
setenv bootcmd ''${bootcmd}' if iminfo ${loadaddr}; then bootm ${loadaddr} - ${fdt_addr_r}; else bootz ${loadaddr} - ${fdt_addr_r}; bootm ${loadaddr} - ${fdt_addr_r}; fi'
U-Boot# 
- 07:17:11 [INFO] Host: bdinfo
- 07:17:12 [INFO] Target: 
bdinfo
arch_number = 0x00000000
boot_params = 0x80000100
DRAM bank   = 0x00000000
-> start    = 0x80000000
-> size     = 0x40000000
eth0name    = cpsw
ethaddr     = b4:99:4c:1b:f6:ae
current eth = cpsw
ip_addr     = 192.168.0.210
baudrate    = 115200 bps
TLB addr    = 0xBFFF0000
relocaddr   = 0xBF744000
reloc off   = 0x3EF44000
irq_sp      = 0xBE723EE0
sp start    = 0xBE723ED0
U-Boot# 
- 07:17:12 [INFO] Host: boot
- 07:19:42 [ERROR] On command: boot waiting for boot.+?(?-mix:login:) >>> error: execution expired
- 07:19:42 [INFO] Target: 
boot
## Checking Image at 82000000 ...
Unknown image format!
Kernel image @ 0x82000000 [ 0x000000 - 0x50eff0 ]
## Flattened Device Tree blob at 88000000
   Booting using the fdt blob at 0x88000000
   Loading Device Tree to 8ffee000, end 8ffffeae ... OK
Starting kernel ...
[    0.000000] Booting Linux on physical CPU 0x0
[    0.000000] Linux version 3.18.0-rc4-next-20141112-00002-g03800f2 (nmenon@kahuna) (gcc version 4.6.3 (Ubuntu/Linaro 4.6.3-1ubuntu5) ) #1 SMP Wed Nov 12 06:09:09 CST 2014
[    0.000000] CPU: ARMv7 Processor [412fc0f2] revision 2 (ARMv7), cr=10c5387d
[    0.000000] CPU: PIPT / VIPT nonaliasing data cache, PIPT instruction cache
[    0.000000] Machine model: TI DRA722
[    0.000000] cma: Reserved 64 MiB at 0xbb800000
[    0.000000] Memory policy: Data cache writealloc
[    0.000000] DRA722 ES1.0
[    0.000000] PERCPU: Embedded 10 pages/cpu @eefb6000 s8512 r8192 d24256 u40960
[    0.000000] Built 1 zonelists in Zone order, mobility grouping on.  Total pages: 260368
[    0.000000] Kernel command line: console=ttyO0,115200n8 earlyprintk rootwait  ip=dhcp  root=PARTUUID=00000000-02 rw rootfstype=ext4 rootwait 
[    0.000000] PID hash table entries: 4096 (order: 2, 16384 bytes)
[    0.000000] Dentry cache hash table entries: 131072 (order: 7, 524288 bytes)
[    0.000000] Inode-cache hash table entries: 65536 (order: 6, 262144 bytes)
[    0.000000] Memory: 960956K/1047552K available (6905K kernel code, 915K rwdata, 2832K rodata, 748K init, 314K bss, 21060K reserved, 65536K cma-reserved, 203776K highmem)
[    0.000000] Virtual kernel memory layout:
[    0.000000]     vector  : 0xffff0000 - 0xffff1000   (   4 kB)
[    0.000000]     fixmap  : 0xffc00000 - 0xffe00000   (2048 kB)
[    0.000000]     vmalloc : 0xf0000000 - 0xff000000   ( 240 MB)
[    0.000000]     lowmem  : 0xc0000000 - 0xef800000   ( 760 MB)
[    0.000000]     pkmap   : 0xbfe00000 - 0xc0000000   (   2 MB)
[    0.000000]     modules : 0xbf000000 - 0xbfe00000   (  14 MB)
[    0.000000]       .text : 0xc0208000 - 0xc0b8a9d8   (9739 kB)
[    0.000000]       .init : 0xc0b8b000 - 0xc0c46000   ( 748 kB)
[    0.000000]       .data : 0xc0c46000 - 0xc0d2ada0   ( 916 kB)
[    0.000000]        .bss : 0xc0d2ada0 - 0xc0d795a0   ( 314 kB)
[    0.000000] SLUB: HWalign=64, Order=0-3, MinObjects=0, CPUs=1, Nodes=1
[    0.000000] Hierarchical RCU implementation.
[    0.000000] 	RCU restricting CPUs from NR_CPUS=8 to nr_cpu_ids=1.
[    0.000000] RCU: Adjusting geometry for rcu_fanout_leaf=16, nr_cpu_ids=1
[    0.000000] NR_IRQS:16 nr_irqs:16 16
[    0.000000] GIC CPU mask not found - kernel will fail to boot.
[    0.000000] GIC CPU mask not found - kernel will fail to boot.
[    0.000000] omap3_noncore_dpll_set_rate: dpll_gpu_ck: final rate 22574257 does not match desired rate 22579200
[    0.000000] OMAP clockevent source: timer1 at 32768 Hz
[    0.000000] sched_clock: 32 bits at 32kHz, resolution 30517ns, wraps every 65536000000000ns
[    0.000000] OMAP clocksource: 32k_counter at 32768 Hz
[    0.000335] Architected cp15 timer(s) running at 6.14MHz (virt).
[    0.000370] sched_clock: 56 bits at 6MHz, resolution 162ns, wraps every 2796202663936ns
[    0.000380] Switching to timer-based delay loop, resolution 162ns
[    0.004100] Console: colour dummy device 80x30
[    0.004116] Calibrating delay loop (skipped), value calculated using timer frequency.. 12.28 BogoMIPS (lpj=30720)
[    0.004127] pid_max: default: 32768 minimum: 301
[    0.004218] Mount-cache hash table entries: 2048 (order: 1, 8192 bytes)
[    0.004226] Mountpoint-cache hash table entries: 2048 (order: 1, 8192 bytes)
[    0.004611] CPU: Testing write buffer coherency: ok
[    0.004781] /cpus/cpu@0 missing clock-frequency property
[    0.004791] CPU0: thread -1, cpu 0, socket 0, mpidr 80000000
[    0.004831] Setting up static identity map for 0x80886640 - 0x808866d8
[    0.006671] Brought up 1 CPUs
[    0.006678] SMP: Total of 1 processors activated.
[    0.006684] CPU: All CPU(s) started in SVC mode.
[    0.006960] devtmpfs: initialized
[    0.007572] VFP support v0.3: implementor 41 architecture 4 part 30 variant f rev 0
[    0.007633] omap_hwmod: l3_main_2 using broken dt data from ocp
[    0.013665] ------------[ cut here ]------------
[    0.013678] WARNING: CPU: 0 PID: 1 at arch/arm/mach-omap2/omap_hwmod.c:2542 _init+0x1c0/0x3d8()
[    0.013684] omap_hwmod: gmac: doesn't have mpu register target base
[    0.013689] Modules linked in:
[    0.013700] CPU: 0 PID: 1 Comm: swapper/0 Not tainted 3.18.0-rc4-next-20141112-00002-g03800f2 #1
[    0.013726] [<c0215a84>] (unwind_backtrace) from [<c02114a0>] (show_stack+0x10/0x14)
[    0.013743] [<c02114a0>] (show_stack) from [<c0881b28>] (dump_stack+0x70/0x8c)
[    0.013758] [<c0881b28>] (dump_stack) from [<c0248590>] (warn_slowpath_common+0x78/0xc0)
[    0.013771] [<c0248590>] (warn_slowpath_common) from [<c024866c>] (warn_slowpath_fmt+0x30/0x40)
[    0.013784] [<c024866c>] (warn_slowpath_fmt) from [<c0ba7af8>] (_init+0x1c0/0x3d8)
[    0.013799] [<c0ba7af8>] (_init) from [<c022f668>] (omap_hwmod_for_each+0x34/0x5c)
[    0.013812] [<c022f668>] (omap_hwmod_for_each) from [<c0ba8190>] (__omap_hwmod_setup_all+0x24/0x40)
[    0.013823] [<c0ba8190>] (__omap_hwmod_setup_all) from [<c0208cc4>] (do_one_initcall+0x80/0x1d0)
[    0.013834] [<c0208cc4>] (do_one_initcall) from [<c0b8bd44>] (kernel_init_freeable+0x10c/0x1d8)
[    0.013845] [<c0b8bd44>] (kernel_init_freeable) from [<c087d3b4>] (kernel_init+0x8/0xe4)
[    0.013855] [<c087d3b4>] (kernel_init) from [<c020e778>] (ret_from_fork+0x14/0x3c)
[    0.013871] ---[ end trace c05c95b00b8ddf3a ]---
[    0.034140] ------------[ cut here ]------------
[    0.034153] WARNING: CPU: 0 PID: 1 at arch/arm/mach-omap2/omap_hwmod.c:2542 _init+0x1c0/0x3d8()
[    0.034159] omap_hwmod: rtcss: doesn't have mpu register target base
[    0.034163] Modules linked in:
[    0.034173] CPU: 0 PID: 1 Comm: swapper/0 Tainted: G        W      3.18.0-rc4-next-20141112-00002-g03800f2 #1
[    0.034188] [<c0215a84>] (unwind_backtrace) from [<c02114a0>] (show_stack+0x10/0x14)
[    0.034201] [<c02114a0>] (show_stack) from [<c0881b28>] (dump_stack+0x70/0x8c)
[    0.034214] [<c0881b28>] (dump_stack) from [<c0248590>] (warn_slowpath_common+0x78/0xc0)
[    0.034225] [<c0248590>] (warn_slowpath_common) from [<c024866c>] (warn_slowpath_fmt+0x30/0x40)
[    0.034237] [<c024866c>] (warn_slowpath_fmt) from [<c0ba7af8>] (_init+0x1c0/0x3d8)
[    0.034250] [<c0ba7af8>] (_init) from [<c022f668>] (omap_hwmod_for_each+0x34/0x5c)
[    0.034263] [<c022f668>] (omap_hwmod_for_each) from [<c0ba8190>] (__omap_hwmod_setup_all+0x24/0x40)
[    0.034273] [<c0ba8190>] (__omap_hwmod_setup_all) from [<c0208cc4>] (do_one_initcall+0x80/0x1d0)
[    0.034283] [<c0208cc4>] (do_one_initcall) from [<c0b8bd44>] (kernel_init_freeable+0x10c/0x1d8)
[    0.034293] [<c0b8bd44>] (kernel_init_freeable) from [<c087d3b4>] (kernel_init+0x8/0xe4)
[    0.034303] [<c087d3b4>] (kernel_init) from [<c020e778>] (ret_from_fork+0x14/0x3c)
[    0.034309] ---[ end trace c05c95b00b8ddf3b ]---
[    0.053981] omap_hwmod: dss_core: _wait_target_disable failed
[    0.053992] omap_hwmod: dss_core: cannot be enabled for reset (3)
[    0.056507] omap_hwmod: dss_dispc: cannot be enabled for reset (3)
[    0.059013] omap_hwmod: dss_hdmi: cannot be enabled for reset (3)
[    0.131044] omap_hwmod: pcie1: _wait_target_disable failed
[    0.137294] omap_hwmod: pcie2: _wait_target_disable failed
[    0.139406] pinctrl core: initialized pinctrl subsystem
[    0.153614] NET: Registered protocol family 16
[    0.155144] DMA: preallocated 256 KiB pool for atomic coherent allocations
[    0.156627] cpuidle: using governor ladder
[    0.156640] cpuidle: using governor menu
[    0.159907] OMAP GPIO hardware version 0.1
[    0.165979] platform 4e000000.dmm: Cannot lookup hwmod 'dmm'
[    0.169574] No ATAGs?
[    0.169595] hw-breakpoint: found 5 (+1 reserved) breakpoint and 4 watchpoint registers.
[    0.169601] hw-breakpoint: maximum watchpoint size is 8 bytes.
[    0.169727] EXYNOS: PMU not supported
[    0.170738] OMAP DMA hardware revision 0.0
[    0.172466] Serial: AMBA PL011 UART driver
[    0.190408] omap-dma-engine 4a056000.dma-controller: OMAP DMA engine driver
[    0.192177] vgaarb: loaded
[    0.192668] SCSI subsystem initialized
[    0.193114] usbcore: registered new interface driver usbfs
[    0.193165] usbcore: registered new interface driver hub
[    0.193203] usbcore: registered new device driver usb
[    0.193685] omap_i2c 48070000.i2c: could not find pctldev for node /ocp/pinmux@4a003400/pinmux_i2c1_pins, deferring probe
[    0.193698] platform 48070000.i2c: Driver omap_i2c requests probe deferral
[    0.193875] Linux video capture interface: v2.00
[    0.193914] pps_core: LinuxPPS API ver. 1 registered
[    0.193919] pps_core: Software ver. 5.3.6 - Copyright 2005-2007 Rodolfo Giometti <giometti@linux.it>
[    0.193941] PTP clock support registered
[    0.194093] EDAC MC: Ver: 3.0.0
[    0.194660] Advanced Linux Sound Architecture Driver Initialized.
[    0.195402] Switched to clocksource arch_sys_counter
[    0.202365] NET: Registered protocol family 2
[    0.202765] TCP established hash table entries: 8192 (order: 3, 32768 bytes)
[    0.202827] TCP bind hash table entries: 8192 (order: 4, 65536 bytes)
[    0.202957] TCP: Hash tables configured (established 8192 bind 8192)
[    0.203001] TCP: reno registered
[    0.203011] UDP hash table entries: 512 (order: 2, 16384 bytes)
[    0.203039] UDP-Lite hash table entries: 512 (order: 2, 16384 bytes)
[    0.203166] NET: Registered protocol family 1
[    0.203339] RPC: Registered named UNIX socket transport module.
[    0.203345] RPC: Registered udp transport module.
[    0.203350] RPC: Registered tcp transport module.
[    0.203355] RPC: Registered tcp NFSv4.1 backchannel transport module.
[    0.204012] hw perfevents: enabled with armv7_cortex_a15 PMU driver, 7 counters available
[    0.205288] futex hash table entries: 256 (order: 2, 16384 bytes)
[    0.214258] squashfs: version 4.0 (2009/01/31) Phillip Lougher
[    0.214813] NFS: Registering the id_resolver key type
[    0.214845] Key type id_resolver registered
[    0.214851] Key type id_legacy registered
[    0.215184] bounce: pool size: 64 pages
[    0.215340] Block layer SCSI generic (bsg) driver version 0.4 loaded (major 249)
[    0.215351] io scheduler noop registered
[    0.215360] io scheduler deadline registered
[    0.215526] io scheduler cfq registered (default)
[    0.219883] pinctrl-single 4a003400.pinmux: 281 pins at pa fc003400 size 1124
[    0.265612] Serial: 8250/16550 driver, 4 ports, IRQ sharing disabled
[    0.267312] msm_serial: driver initialized
[    0.267670] omap_uart 4806a000.serial: no wakeirq for uart0
[    0.267761] omap_uart 4806a000.serial: ttyO0 at MMIO 0x4806a000 (irq = 295, base_baud = 3000000) is a OMAP UART0
[    1.246356] console [ttyO0] enabled
[    1.250318] STMicroelectronics ASC driver initialized
[    1.256361] [drm] Initialized drm 1.1.0 20060810
[    1.262872] error detecting cacheinfo..cpu0
[    1.269943] loop: module loaded
[    1.274339] ahci 4a140000.sata: SSS flag set, parallel bus scan disabled
[    1.281397] ahci 4a140000.sata: AHCI 0001.0300 32 slots 1 ports 3 Gbps 0x1 impl platform mode
[    1.290339] ahci 4a140000.sata: flags: 64bit ncq sntf stag pm led clo only pmp pio slum part ccc apst 
[    1.300846] scsi host0: ahci_platform
[    1.304905] ata1: SATA max UDMA/133 mmio [mem 0x4a140000-0x4a1410ff] port 0x100 irq 309
[    1.315972] CAN device driver interface
[    1.320684] igb: Intel(R) Gigabit Ethernet Network Driver - version 5.2.15-k
[    1.328073] igb: Copyright (c) 2007-2014 Intel Corporation.
[    1.335112] pegasus: v0.9.3 (2013/04/25), Pegasus/Pegasus II USB Ethernet driver
[    1.342908] usbcore: registered new interface driver pegasus
[    1.348898] usbcore: registered new interface driver asix
[    1.354597] usbcore: registered new interface driver ax88179_178a
[    1.361027] usbcore: registered new interface driver cdc_ether
[    1.367199] usbcore: registered new interface driver smsc75xx
[    1.373283] usbcore: registered new interface driver smsc95xx
[    1.379350] usbcore: registered new interface driver net1080
[    1.385323] usbcore: registered new interface driver cdc_subset
[    1.391572] usbcore: registered new interface driver zaurus
[    1.397486] usbcore: registered new interface driver cdc_ncm
[    1.403649] ehci_hcd: USB 2.0 'Enhanced' Host Controller (EHCI) Driver
[    1.410500] ehci-pci: EHCI PCI platform driver
[    1.415187] ehci-platform: EHCI generic platform driver
[    1.420789] ehci-omap: OMAP-EHCI Host Controller driver
[    1.426373] ehci-orion: EHCI orion driver
[    1.430676] SPEAr-ehci: EHCI SPEAr driver
[    1.434966] tegra-ehci: Tegra EHCI driver
[    1.439280] ohci_hcd: USB 1.1 'Open' Host Controller (OHCI) Driver
[    1.445777] ohci-pci: OHCI PCI platform driver
[    1.450473] ohci-platform: OHCI generic platform driver
[    1.456043] ohci-omap3: OHCI OMAP3 driver
[    1.460333] SPEAr-ohci: OHCI SPEAr driver
[    1.464915] usbcore: registered new interface driver usb-storage
[    1.472379] mousedev: PS/2 mouse device common for all mice
[    1.480271] i2c /dev entries driver
[    1.484909] usbcore: registered new interface driver uvcvideo
[    1.490933] USB Video Class driver (1.1.1)
[    1.495225] gspca_main: v2.14.0 registered
[    1.501978] Driver 'mmcblk' needs updating - please use bus_type methods
[    1.509062] sdhci: Secure Digital Host Controller Interface driver
[    1.515544] sdhci: Copyright(c) Pierre Ossman
[    1.520806] Synopsys Designware Multimedia Card Interface Driver
[    1.527669] sdhci-pltfm: SDHCI platform and OF driver helper
[    1.534540] ledtrig-cpu: registered to indicate activity on CPUs
[    1.540998] usbcore: registered new interface driver usbhid
[    1.546841] usbhid: USB HID core driver
[    1.554583] TCP: cubic registered
[    1.558081] NET: Registered protocol family 17
[    1.562750] can: controller area network core (rev 20120528 abi 9)
[    1.569276] NET: Registered protocol family 29
[    1.573944] can: raw protocol (rev 20120528)
[    1.578426] can: broadcast manager protocol (rev 20120528 t)
[    1.584361] can: netlink gateway (rev 20130117) max_hops=1
[    1.590404] Key type dns_resolver registered
[    1.595017] omap_voltage_late_init: Voltage driver support not added
[    1.602017] Power Management for TI OMAP4+ devices.
[    1.607330] ThumbEE CPU extension supported.
[    1.611816] Registering SWP/SWPB emulation handler
[    1.618354] palmas 0-0058: Irq flag is 0x00000000
[    1.625678] palmas 0-0058: Muxing GPIO 1d, PWM 0, LED 0
[    1.644108] omap_i2c 48070000.i2c: bus 0 rev0.12 at 400 kHz
[    1.650258] drivers/rtc/hctosys.c: unable to open rtc device (rtc0)
[    1.865422] ata1: SATA link down (SStatus 0 SControl 300)
[   13.725665] ldo4: disabling
[   13.729127] ldo1: disabling
[   13.732478] ALSA device list:
[   13.735591]   No soundcards found.
[   13.739633] Waiting for root device PARTUUID=00000000-02...
