- 05:55:51 [INFO] Starting target session
- 05:55:51 [INFO] Connected to ldp via serial 
- 05:55:51 [INFO] Host: #check prompt
- 05:55:54 [ERROR] On command: #check prompt waiting for #check prompt.+?(?-mix:((?-mix:.*\s+login)|[Pp]assword)) >>> error: execution expired
- 05:55:54 [INFO] Target: 
#check prompt
root@GenericOMAP3(FlattenedDeviceTree):/test# 
- 05:55:54 [INFO] Host: #check prompt
- 05:55:55 [INFO] Target: 
#check prompt
root@GenericOMAP3(FlattenedDeviceTree):/test# 
- 05:55:55 [INFO] Host: sync;poweroff
- 05:56:21 [INFO] Target: 
sync;poweroff
Broadcast message from root@GenericOMAP3(FlattenedDeviceTree) (ttyO2) (Tue Fe
The system is going down for system halt NOW!
root@GenericOMAP3(FlattenedDeviceTree):/test# 
INIT: Switching to runlevel: 0
INIT: Sending processes the TERM signal
INIT: Sending processes the KILL signal
Stopping Dropbear SSH server: stopped /usr/sbin/dropbear (pid 723)
dropbear.
Stopping telnet daemon.
Stopping system message bus: hwclock: can't open '/dev/misc/rtc': No such file or directory
Error opening /dev/fb0: No such file or directory
Stopping syslogd/klogd: stopped syslogd (pid 735)
stopped klogd (pid 738)
done
Stopping thttpd.
ALSA: Storing mixer settings...
/usr/sbin/alsactl: save_state:1580: No soundcards found...
Deconfiguring network interfaces... done.
[ 1311.459777] smsc911x 8000000.ethernet eth0: SMSC911x/921x identified at 0xc890e000, IRQ: 264
Stopping Lighttpd Web Server: stopped /usr/sbin/lighttpd (pid 748)
lighttpd.
***************************************************************
***************************************************************
NOTICE: This file system contains the followin GPLv3 packages:
	binutils-symlinks
	binutils
	gdbserver
	parted
If you do not wish to distribute GPLv3 components please remove
the above packages prior to distribution.  This can be done using
the opkg remove command.  i.e.:
    opkg remove <package>
Where <package> is the name printed in the list above
NOTE: If the package is a dependency of another package you
      will be notified of the dependent packages.  You should
      use the --force-removal-of-dependent-packages option to
      also remove the dependent packages as well
***************************************************************
***************************************************************
Sending all processes the TERM signal...
Sending all processes the KILL signal...
Unmounting remote filesystems...
Deactivating swap...
Unmounting local filesystems...
[ 1327.307189] reboot: Power down
[ 1327.310485] ------------[ cut here ]------------
[ 1327.315460] WARNING: CPU: 0 PID: 919 at kernel/locking/lockdep.c:2744 lockdep_trace_alloc+0xec/0x10c()
[ 1327.325347] DEBUG_LOCKS_WARN_ON(irqs_disabled_flags(flags))
[ 1327.331054] Modules linked in:
[ 1327.334564] CPU: 0 PID: 919 Comm: halt Not tainted 3.19.0-next-20150220-00002-g44c775ea854f #1
[ 1327.343688] Hardware name: Generic OMAP3 (Flattened Device Tree)
[ 1327.350128] [<c001545c>] (unwind_backtrace) from [<c0011a74>] (show_stack+0x10/0x14)
[ 1327.358398] [<c0011a74>] (show_stack) from [<c058cbd0>] (dump_stack+0x78/0x94)
[ 1327.366119] [<c058cbd0>] (dump_stack) from [<c003daf8>] (warn_slowpath_common+0x7c/0xb4)
[ 1327.374755] [<c003daf8>] (warn_slowpath_common) from [<c003dbc4>] (warn_slowpath_fmt+0x30/0x40)
[ 1327.384002] [<c003dbc4>] (warn_slowpath_fmt) from [<c0084b64>] (lockdep_trace_alloc+0xec/0x10c)
[ 1327.393280] [<c0084b64>] (lockdep_trace_alloc) from [<c013f9f4>] (__kmalloc_track_caller+0x40/0x258)
[ 1327.403015] [<c013f9f4>] (__kmalloc_track_caller) from [<c01186d8>] (kmemdup+0x1c/0x38)
[ 1327.411560] [<c01186d8>] (kmemdup) from [<c03bd8f4>] (regmap_bulk_write+0x74/0x19c)
[ 1327.419708] [<c03bd8f4>] (regmap_bulk_write) from [<c03c88d8>] (twl_i2c_write+0x4c/0x88)
[ 1327.428344] [<c03c88d8>] (twl_i2c_write) from [<c03cae30>] (twl4030_power_off+0x3c/0x158)
[ 1327.437042] [<c03cae30>] (twl4030_power_off) from [<c000f230>] (machine_power_off+0x24/0x2c)
[ 1327.446044] [<c000f230>] (machine_power_off) from [<c005abf4>] (SyS_reboot+0x114/0x1f0)
[ 1327.454589] [<c0
- 05:56:21 [INFO] Disconnected serial from ldp
- 05:56:22 [INFO] Connected to ldp via serial 
- 05:56:22 [INFO] Host: 
- 05:56:22 [ERROR] On command:  waiting for (?-mix:OMAP34XX\sLAB\s#) >>> error: execution expired
- 05:56:22 [INFO] Target: 
tb$U @ @D` @ @
Texas Instruments X-Loader 1.41
- 05:56:22 [INFO] Host: 
- 05:56:23 [ERROR] On command:  waiting for (?-mix:OMAP34XX\sLAB\s#) >>> error: execution expired
- 05:56:23 [INFO] Target: 
Starting OS Bootloader...
U-Boot 1.1.4 (Mar 14 2008 - 15:08:13)
OMAP3430-GP rev 2, CPU-OPP2 L3-133MHz
OMAP3430LAB 0.1 Version + mDDR (Boot NAND)
DRAM:  128 MB
NAND:
- 05:56:23 [INFO] Host: 
- 05:56:23 [ERROR] On command:  waiting for (?-mix:OMAP34XX\sLAB\s#) >>> error: execution expired
- 05:56:23 [INFO] Target: 
- 05:56:23 [INFO] Host: 
- 05:56:24 [ERROR] On command:  waiting for (?-mix:OMAP34XX\sLAB\s#) >>> error: execution expired
- 05:56:24 [INFO] Target: 
- 05:56:24 [INFO] Host: 
- 05:56:24 [ERROR] On command:  waiting for (?-mix:OMAP34XX\sLAB\s#) >>> error: execution expired
- 05:56:24 [INFO] Target: 
256 MiB
- 05:56:24 [INFO] Host: 
- 05:56:25 [ERROR] On command:  waiting for (?-mix:OMAP34XX\sLAB\s#) >>> error: execution expired
- 05:56:25 [INFO] Target: 
In:    serial
Out:   serial
Err:   serial
- 05:56:25 [INFO] Host: 
- 05:56:25 [ERROR] On command:  waiting for (?-mix:OMAP34XX\sLAB\s#) >>> error: execution expired
- 05:56:25 [INFO] Target: 
- 05:56:25 [INFO] Host: 
- 05:56:26 [ERROR] On command:  waiting for (?-mix:OMAP34XX\sLAB\s#) >>> error: execution expired
- 05:56:26 [INFO] Target: 
Battery levels: main 0 mV, backup 3228 mV
Main battery charge too low!
LAN9x18 (0x92110000) detected.
Read mac address: 00:08:EE:02:24:F3
- 05:56:26 [INFO] Host: 
- 05:56:26 [ERROR] On command:  waiting for (?-mix:OMAP34XX\sLAB\s#) >>> error: execution expired
- 05:56:26 [INFO] Target: 
start Auto negotiation... (take ~2sec)
- 05:56:26 [INFO] Host: 
- 05:56:27 [ERROR] On command:  waiting for (?-mix:OMAP34XX\sLAB\s#) >>> error: execution expired
- 05:56:27 [INFO] Target: 
- 05:56:27 [INFO] Host: 
- 05:56:27 [ERROR] On command:  waiting for (?-mix:OMAP34XX\sLAB\s#) >>> error: execution expired
- 05:56:27 [INFO] Target: 
- 05:56:27 [INFO] Host: 
- 05:56:28 [ERROR] On command:  waiting for (?-mix:OMAP34XX\sLAB\s#) >>> error: execution expired
- 05:56:28 [INFO] Target: 
- 05:56:28 [INFO] Host: 
- 05:56:28 [INFO] Target: 
Auto negotiation complete, 100BaseTX, full duplex
OMAP34XX LAB # 
OMAP34XX LAB # 
OMAP34XX LAB # 
OMAP34XX LAB # 
OMAP34XX LAB # 
OMAP34XX LAB # 
OMAP34XX LAB # 
OMAP34XX LAB # 
OMAP34XX LAB # 
OMAP34XX LAB # 
OMAP34XX LAB # 
OMAP34XX LAB # 
- 05:56:28 [INFO] Host: version
- 05:56:29 [INFO] Target: 
version
U-Boot 1.1.4 (Mar 14 2008 - 15:08:13)
OMAP34XX LAB # 
- 05:56:29 [INFO] Host: bdinfo
- 05:56:29 [INFO] Target: 
bdinfo
arch_number = 0x00000472
env_t       = 0x00000000
boot_params = 0x80000100
DRAM bank   = 0x00000000
-> start    = 0x80000000
-> size     = 0x08000000
DRAM bank   = 0x00000001
-> start    = 0x88000000
-> size     = 0x00000000
ethaddr     = 00:08:EE:02:24:F3
ip_addr     = 128.247.77.90
baudrate    = 115200 bps
OMAP34XX LAB # 
- 05:56:29 [INFO] Host: printenv
- 05:56:30 [INFO] Target: 
printenv
bootargs=root=/dev/ram0 rw mem=64M console=ttyS2,115200n8 initrd=0x80600000,8M ramdisk_size=8192
bootdelay=3
baudrate=115200
ipaddr=128.247.77.90
serverip=128.247.77.158
netmask=255.255.254.0
bootfile="uImage"
stdin=serial
stdout=serial
stderr=serial
ethaddr=00:08:EE:02:24:F3
Environment size: 277/131068 bytes
OMAP34XX LAB # 
- 05:56:30 [INFO] Host: setenv autoload 'no'
- 05:56:30 [INFO] Target: 
setenv autoload 'no'
OMAP34XX LAB # 
- 05:56:30 [INFO] Host: dhcp
- 05:56:34 [INFO] Target: 
dhcp
LAN9x18 (0x92110000) detected.
Read mac address: 00:08:EE:02:24:F3
start Auto negotiation... (take ~2sec)
Auto negotiation complete, 100BaseTX, full duplex
BOOTP broadcast 1
DHCP client bound to address 192.168.1.183
OMAP34XX LAB # 
- 05:56:34 [INFO] Host: setenv serverip 192.168.1.254
- 05:56:35 [INFO] Target: 
setenv serverip 192.168.1.254
OMAP34XX LAB # 
- 05:56:35 [INFO] Host: setenv bootargs 'console=ttyO2,115200n8 earlyprintk rootwait ip=dhcp root=/dev/mmcblk0p2 rw rootfstype=ext3 nohlt'
- 05:56:35 [INFO] Target: 
setenv bootargs 'console=ttyO2,115200n8 earlyprintk rootwait ip=dhcp root=/dev/mmcblk0p2 rw rootfstype=ext3 nohlt'
OMAP34XX LAB # 
- 05:56:35 [INFO] Host: setenv bootfile vatf_6/e1c49aad0421af956a0e904866ce9e70
- 05:56:36 [INFO] Target: 
setenv bootfile vatf_6/e1c49aad0421af956a0e904866ce9e70
OMAP34XX LAB # 
- 05:56:36 [INFO] Host: setenv bootcmd 'tftp ${loadaddr};bootm ${loadaddr}'
- 05:56:36 [INFO] Target: 
setenv bootcmd 'tftp ${loadaddr};bootm ${loadaddr}'
OMAP34XX LAB # 
- 05:56:36 [INFO] Host: printenv
- 05:56:37 [INFO] Target: 
printenv
bootdelay=3
baudrate=115200
stdin=serial
stdout=serial
stderr=serial
autoload=no
ethaddr=00:08:EE:02:24:F3
gatewayip=192.168.1.254
netmask=255.255.255.0
ipaddr=192.168.1.183
serverip=192.168.1.254
bootargs=console=ttyO2,115200n8 earlyprintk rootwait ip=dhcp root=/dev/mmcblk0p2 rw rootfstype=ext3 nohlt
bootfile=vatf_6/e1c49aad0421af956a0e904866ce9e70
bootcmd=tftp ${loadaddr};bootm ${loadaddr}
Environment size: 395/131068 bytes
OMAP34XX LAB # 
- 05:56:37 [INFO] Host: boot
- 05:57:58 [INFO] Target: 
boot
LAN9x18 (0x92110000) detected.
Read mac address: 00:08:EE:02:24:F3
start Auto negotiation... (take ~2sec)
Auto negotiation complete, 100BaseTX, full duplex
TFTP from server 192.168.1.254; our IP address is 192.168.1.183
Filename 'vatf_6/e1c49aad0421af956a0e904866ce9e70'.
Load address: 0x80000000
Loading: *#################################################################
	 #################################################################
	 #################################################################
	 #################################################################
	 #################################################################
	 #################################################################
	 #################################################################
	 #################################################################
	 #################################################################
	 #################################################################
	 #################################################################
	 #################################################################
	 #################################################################
	 #################################################################
	 #################################################################
	 #################################################################
	 #################################################################
	 ############################################
done
Bytes transferred = 5878902 (59b476 hex)
## Booting image at 80000000 ...
   Image Name:   Linux-3.19.0-next-20150220-00002
   Image Type:   ARM Linux Kernel Image (uncompressed)
   Data Size:    5878838 Bytes =  5.6 MB
   Load Address: 80800000
   Entry Point:  80800000
   Verifying Checksum ... OK
Starting kernel ...
[    0.000000] Booting Linux on physical CPU 0x0
[    0.000000] Linux version 3.19.0-next-20150220-00002-g44c775ea854f (nmenon@kahuna) (gcc version 4.6.3 (Ubuntu/Linaro 4.6.3-1ubuntu5) ) #1 SMP Fri Feb 20 05:51:19 CST 2015
[    0.000000] CPU: ARMv7 Processor [411fc082] revision 2 (ARMv7), cr=10c5387d
[    0.000000] CPU: PIPT / VIPT nonaliasing data cache, VIPT nonaliasing instruction cache
[    0.000000] Machine model: TI OMAP3430 LDP (Zoom1 Labrador)
[    0.000000] cma: Reserved 64 MiB at 0x83800000
[    0.000000] Memory policy: Data cache writeback
[    0.000000] CPU: All CPU(s) started in SVC mode.
[    0.000000] OMAP3430/3530 ES2.1 (l2cache iva sgx neon isp )
[    0.000000] PERCPU: Embedded 11 pages/cpu @c7d8b000 s12480 r8192 d24384 u45056
[    0.000000] Built 1 zonelists in Zone order, mobility grouping on.  Total pages: 32256
[    0.000000] Kernel command line: console=ttyO2,115200n8 earlyprintk rootwait ip=dhcp root=/dev/mmcblk0p2 rw rootfstype=ext3 nohlt
[    0.000000] PID hash table entries: 512 (order: -1, 2048 bytes)
[    0.000000] Dentry cache hash table entries: 16384 (order: 4, 65536 bytes)
[    0.000000] Inode-cache hash table entries: 8192 (order: 3, 32768 bytes)
[    0.000000] Memory: 50040K/130048K available (7620K kernel code, 934K rwdata, 3160K rodata, 776K init, 308K bss, 14472K reserved, 65536K cma-reserved, 0K highmem)
[    0.000000] Virtual kernel memory layout:
[    0.000000]     vector  : 0xffff0000 - 0xffff1000   (   4 kB)
[    0.000000]     fixmap  : 0xffc00000 - 0xfff00000   (3072 kB)
[    0.000000]     vmalloc : 0xc8800000 - 0xff000000   ( 872 MB)
[    0.000000]     lowmem  : 0xc0000000 - 0xc8000000   ( 128 MB)
[    0.000000]     pkmap   : 0xbfe00000 - 0xc0000000   (   2 MB)
[    0.000000]     modules : 0xbf000000 - 0xbfe00000   (  14 MB)
[    0.000000]       .text : 0xc0208000 - 0xc0c8f5bc   (10782 kB)
[    0.000000]       .init : 0xc0c90000 - 0xc0d52000   ( 776 kB)
[    0.000000]       .data : 0xc0d52000 - 0xc0e3ba60   ( 935 kB)
[    0.000000]        .bss : 0xc0e3ba60 - 0xc0e88a60   ( 308 kB)
[    0.000000] SLUB: HWalign=64, Order=0-3, MinObjects=0, CPUs=1, Nodes=1
[    0.000000] Hierarchical RCU implementation.
[    0.000000] 	Additional per-CPU info printed with stalls.
[    0.000000] 	RCU restricting CPUs from NR_CPUS=8 to nr_cpu_ids=1.
[    0.000000] RCU: Adjusting geometry for rcu_fanout_leaf=16, nr_cpu_ids=1
[    0.000000] NR_IRQS:16 nr_irqs:16 16
[    0.000000] IRQ: Found an INTC at 0xfa200000 (revision 4.0) with 96 interrupts
[    0.000000] Clocking rate (Crystal/Core/MPU): 26.0/266/500 MHz
[    0.000000] OMAP clockevent source: timer1 at 32768 Hz
[    0.000061] sched_clock: 32 bits at 32kHz, resolution 30517ns, wraps every 65536000000000ns
[    0.000091] OMAP clocksource: 32k_counter at 32768 Hz
[    0.000457] Console: colour dummy device 80x30
[    0.000518] Calibrating delay loop... 491.52 BogoMIPS (lpj=1228800)
[    0.033050] pid_max: default: 32768 minimum: 301
[    0.033416] Mount-cache hash table entries: 1024 (order: 0, 4096 bytes)
[    0.033477] Mountpoint-cache hash table entries: 1024 (order: 0, 4096 bytes)
[    0.035339] CPU: Testing write buffer coherency: ok
[    0.036163] CPU0: thread -1, cpu 0, socket -1, mpidr 0
[    0.036437] Setting up static identity map for 0x809342f0 - 0x80934388
[    0.049530] Brought up 1 CPUs
[    0.049560] SMP: Total of 1 processors activated (491.52 BogoMIPS).
[    0.049591] CPU: All CPU(s) started in SVC mode.
[    0.051696] devtmpfs: initialized
[    0.059936] VFP support v0.3: implementor 41 architecture 3 part 30 variant c rev 1
[    0.110046] omap_hwmod: mcbsp2_sidetone using broken dt data from mcbsp
[    0.111511] omap_hwmod: mcbsp3_sidetone using broken dt data from mcbsp
[    0.184814] omap_hwmod: mcbsp2: _wait_target_ready failed: -16
[    0.184844] omap_hwmod: mcbsp2: cannot be enabled for reset (3)
[    0.212524] pinctrl core: initialized pinctrl subsystem
[    0.277862] NET: Registered protocol family 16
[    0.283538] DMA: preallocated 256 KiB pool for atomic coherent allocations
[    0.290679] cpuidle: using governor ladder
[    0.290771] cpuidle: using governor menu
[    0.299621] Reprogramming SDRC clock to 266000000 Hz
[    0.317535] OMAP GPIO hardware version 2.5
[    0.334808] irq: no irq domain found for /ocp/pinmux@48002030 !
[    0.374267] omap-gpmc 6e000000.gpmc: GPMC revision 5.0
[    0.388641] No ATAGs?
[    0.388702] hw-breakpoint: debug architecture 0x4 unsupported.
[    0.393341] OMAP DMA hardware revision 4.0
[    0.403564] Serial: AMBA PL011 UART driver
[    0.496368] omap-dma-engine 48056000.dma-controller: OMAP DMA engine driver
[    0.509063] vgaarb: loaded
[    0.511993] SCSI subsystem initialized
[    0.514190] usbcore: registered new interface driver usbfs
[    0.514465] usbcore: registered new interface driver hub
[    0.514801] usbcore: registered new device driver usb
[    0.520019] omap_i2c 48070000.i2c: bus 0 rev3.3 at 2600 kHz
[    0.521850] omap_i2c 48072000.i2c: bus 1 rev3.3 at 400 kHz
[    0.523559] omap_i2c 48060000.i2c: bus 2 rev3.3 at 400 kHz
[    0.525726] Linux video capture interface: v2.00
[    0.526000] pps_core: LinuxPPS API ver. 1 registered
[    0.526031] pps_core: Software ver. 5.3.6 - Copyright 2005-2007 Rodolfo Giometti <giometti@linux.it>
[    0.526184] PTP clock support registered
[    0.527221] EDAC MC: Ver: 3.0.0
[    0.529785] Advanced Linux Sound Architecture Driver Initialized.
[    0.533935] Switched to clocksource 32k_counter
[    0.588287] NET: Registered protocol family 2
[    0.590270] TCP established hash table entries: 1024 (order: 0, 4096 bytes)
[    0.590332] TCP bind hash table entries: 1024 (order: 1, 8192 bytes)
[    0.590393] TCP: Hash tables configured (established 1024 bind 1024)
[    0.590576] TCP: reno registered
[    0.590667] UDP hash table entries: 256 (order: 1, 8192 bytes)
[    0.590728] UDP-Lite hash table entries: 256 (order: 1, 8192 bytes)
[    0.591339] NET: Registered protocol family 1
[    0.592559] RPC: Registered named UNIX socket transport module.
[    0.592620] RPC: Registered udp transport module.
[    0.592620] RPC: Registered tcp transport module.
[    0.592651] RPC: Registered tcp NFSv4.1 backchannel transport module.
[    0.598785] hw perfevents: enabled with armv7_cortex_a8 PMU driver, 5 counters available
[    0.607452] futex hash table entries: 256 (order: 2, 16384 bytes)
[    0.642456] squashfs: version 4.0 (2009/01/31) Phillip Lougher
[    0.645996] NFS: Registering the id_resolver key type
[    0.646118] Key type id_resolver registered
[    0.646179] Key type id_legacy registered
[    0.646514] ntfs: driver 2.1.31 [Flags: R/O].
[    0.652648] Block layer SCSI generic (bsg) driver version 0.4 loaded (major 249)
[    0.652770] io scheduler noop registered
[    0.652832] io scheduler deadline registered
[    0.653503] io scheduler cfq registered (default)
[    0.668792] pinctrl-single 48002030.pinmux: 284 pins at pa fa002030 size 568
[    0.669799] pinctrl-single 48002a00.pinmux: 46 pins at pa fa002a00 size 92
[    0.670715] pinctrl-single 480025d8.pinmux: 18 pins at pa fa0025d8 size 36
[    1.026123] Serial: 8250/16550 driver, 4 ports, IRQ sharing disabled
[    1.036071] msm_serial: driver initialized
[    1.038085] omap_uart 4806a000.serial: no wakeirq for uart0
[    1.038513] 4806a000.serial: ttyO0 at MMIO 0x4806a000 (irq = 88, base_baud = 3000000) is a OMAP UART0
[    1.040374] omap_uart 4806c000.serial: no wakeirq for uart0
[    1.040771] 4806c000.serial: ttyO1 at MMIO 0x4806c000 (irq = 89, base_baud = 3000000) is a OMAP UART1
[    1.042877] 49020000.serial: ttyO2 at MMIO 0x49020000 (irq = 90, base_baud = 3000000) is a OMAP UART2
[    1.767181] console [ttyO2] enabled
[    1.772674] STMicroelectronics ASC driver initialized
[    1.784576] [drm] Initialized drm 1.1.0 20060810
[    1.816711] loop: module loaded
[    1.836029] twl 0-0048: PIH (irq 23) chaining IRQs 339..347
[    1.842346] twl 0-0048: power (irq 344) chaining IRQs 347..354
[    1.919982] twl4030_gpio twl4030-gpio: gpio (irq 339) chaining IRQs 355..372
[    2.057464] CAN device driver interface
[    2.067474] igb: Intel(R) Gigabit Ethernet Network Driver - version 5.2.15-k
[    2.075103] igb: Copyright (c) 2007-2014 Intel Corporation.
[    2.090606] libphy: smsc911x-mdio: probed
[    2.159393] smsc911x 8000000.ethernet eth0: attached PHY driver [Generic PHY] (mii_bus:phy_addr=8000000.ethernet:01, irq=-1)
[    2.171600] smsc911x 8000000.ethernet eth0: MAC Address: 00:08:ee:02:24:f3
[    2.183502] pegasus: v0.9.3 (2013/04/25), Pegasus/Pegasus II USB Ethernet driver
[    2.191741] usbcore: registered new interface driver pegasus
[    2.198181] usbcore: registered new interface driver asix
[    2.204345] usbcore: registered new interface driver ax88179_178a
[    2.211273] usbcore: registered new interface driver cdc_ether
[    2.218017] usbcore: registered new interface driver smsc75xx
[    2.224578] usbcore: registered new interface driver smsc95xx
[    2.231109] usbcore: registered new interface driver net1080
[    2.237548] usbcore: registered new interface driver cdc_subset
[    2.244323] usbcore: registered new interface driver zaurus
[    2.250793] usbcore: registered new interface driver cdc_ncm
[    2.262756] ehci_hcd: USB 2.0 'Enhanced' Host Controller (EHCI) Driver
[    2.269866] ehci-pci: EHCI PCI platform driver
[    2.275024] ehci-platform: EHCI generic platform driver
[    2.281677] ehci-omap: OMAP-EHCI Host Controller driver
[    2.288452] ehci-omap 48064800.ehci: EHCI Host Controller
[    2.294433] ehci-omap 48064800.ehci: new USB bus registered, assigned bus number 1
[    2.303222] ehci-omap 48064800.ehci: irq 93, io mem 0x48064800
[    2.319244] ehci-omap 48064800.ehci: USB 2.0 started, EHCI 1.00
[    2.329254] hub 1-0:1.0: USB hub found
[    2.333526] hub 1-0:1.0: 3 ports detected
[    2.341003] ehci-orion: EHCI orion driver
[    2.346221] SPEAr-ehci: EHCI SPEAr driver
[    2.351440] ehci-st: EHCI STMicroelectronics driver
[    2.357574] ehci-exynos: EHCI EXYNOS driver
[    2.363006] tegra-ehci: Tegra EHCI driver
[    2.368316] ohci_hcd: USB 1.1 'Open' Host Controller (OHCI) Driver
[    2.375091] ohci-pci: OHCI PCI platform driver
[    2.380249] ohci-platform: OHCI generic platform driver
[    2.386779] ohci-omap3: OHCI OMAP3 driver
[    2.392089] ohci-omap3 48064400.ohci: OHCI Host Controller
[    2.398162] ohci-omap3 48064400.ohci: new USB bus registered, assigned bus number 2
[    2.406829] ohci-omap3 48064400.ohci: irq 92, io mem 0x48064400
[    2.487548] hub 2-0:1.0: USB hub found
[    2.492004] hub 2-0:1.0: 3 ports detected
[    2.499298] SPEAr-ohci: OHCI SPEAr driver
[    2.504547] ohci-st: OHCI STMicroelectronics driver
[    2.511047] usbcore: registered new interface driver usb-storage
[    2.527038] mousedev: PS/2 mouse device common for all mice
[    2.551361] twl_rtc 48070000.i2c:twl@48:rtc: Enabling TWL-RTC
[    2.563964] twl_rtc 48070000.i2c:twl@48:rtc: rtc core: registered 48070000.i2c:twl@48 as rtc0
[    2.576629] i2c /dev entries driver
[    2.591278] usbcore: registered new interface driver uvcvideo
[    2.597564] USB Video Class driver (1.1.1)
[    2.602081] gspca_main: v2.14.0 registered
[    2.627685] Driver 'mmcblk' needs updating - please use bus_type methods
[    2.635345] sdhci: Secure Digital Host Controller Interface driver
[    2.642028] sdhci: Copyright(c) Pierre Ossman
[    2.650970] omap_hsmmc 4809c000.mmc: multiblock reads disabled due to 35xx erratum 2.1.1.128; MMC read performance may suffer
[    2.700805] Synopsys Designware Multimedia Card Interface Driver
[    2.712158] sdhci-pltfm: SDHCI platform and OF driver helper
[    2.725860] ledtrig-cpu: registered to indicate activity on CPUs
[    2.733398] usbcore: registered new interface driver usbhid
[    2.739471] usbhid: USB HID core driver
[    2.762481] usbcore: registered new interface driver snd-usb-audio
[    2.782775] TCP: cubic registered
[    2.786560] NET: Registered protocol family 17
[    2.791503] can: controller area network core (rev 20120528 abi 9)
[    2.798431] NET: Registered protocol family 29
[    2.803375] can: raw protocol (rev 20120528)
[    2.808105] can: broadcast manager protocol (rev 20120528 t)
[    2.814361] can: netlink gateway (rev 20130117) max_hops=1
[    2.821868] Key type dns_resolver registered
[    2.827209] omap2_set_init_voltage: unable to find boot up OPP for vdd_mpu_iva
[    2.835021] omap2_set_init_voltage: unable to set vdd_mpu_iva
[    2.841278] omap2_set_init_voltage: unable to find boot up OPP for vdd_core
[    2.848785] omap2_set_init_voltage: unable to set vdd_core
[    2.864410] PM: no software I/O chain control; some wakeups may be lost
[    2.872863] ThumbEE CPU extension supported.
[    2.877624] Registering SWP/SWPB emulation handler
[    2.899261] input: gpio_keys as /devices/platform/gpio_keys/input/input0
[    2.909606] twl_rtc 48070000.i2c:twl@48:rtc: setting system clock to 2015-02-03 18:49:08 UTC (1422989348)
[    2.954254] smsc911x 8000000.ethernet eth0: SMSC911x/921x identified at 0xc8808000, IRQ: 264
[    2.988403] mmc0: host does not support reading read-only switch, assuming write-enable
[    2.999908] mmc0: new high speed SDHC card at address 1234
[    3.007141] mmcblk0: mmc0:1234 SA04G 3.63 GiB 
[    3.020965]  mmcblk0: p1 p2
[    5.179504] Sending DHCP requests ., OK
[    5.240203] IP-Config: Got DHCP answer from 192.168.1.254, my address is 192.168.1.183
[    5.251037] IP-Config: Complete:
[    5.255004]      device=eth0, hwaddr=00:08:ee:02:24:f3, ipaddr=192.168.1.183, mask=255.255.255.0, gw=192.168.1.254
[    5.266479]      host=192.168.1.183, domain=ti.com, nis-domain=(none)
[    5.273742]      bootserver=192.168.1.254, rootserver=192.168.1.254, rootpath=
[    5.281738]      nameserver0=192.0.2.2, nameserver1=192.0.2.3
[    5.292388] VUSB3V1: disabling
[    5.299499] VUSB1V8: disabling
[    5.305999] VUSB1V5: disabling
[    5.318695] ALSA device list:
[    5.322387]   No soundcards found.
[    5.339294] EXT4-fs (mmcblk0p2): mounting ext3 file system using the ext4 subsystem
[    5.673400] EXT4-fs (mmcblk0p2): mounted filesystem with ordered data mode. Opts: (null)
[    5.682220] VFS: Mounted root (ext3 filesystem) on device 179:2.
[    5.710021] devtmpfs: mounted
[    5.715270] Freeing unused kernel memory: 776K (c0c90000 - c0d52000)
[    7.431793] random: nonblocking pool is initialized
INIT: version 2.88 booting
Error opening /dev/fb0: No such file or directory
/dev/ttyO2 linked to /dev/tty-bd - using as console
Starting udev
[   19.300994] udevd[97]: starting version 182
[   34.045227] FAT-fs (mmcblk0p1): Volume was not properly unmounted. Some data may be corrupt. Please run fsck.
ERROR: could not open directory /lib/modules/3.19.0-next-20150220-00002-g44c775ea854f: No such file or directory
WARNING: -e needs -E or -F
ERROR: could not open directory /lib/modules/3.19.0-next-20150220-00002-g44c775ea854f: No such file or directory
FATAL: could not search modules: No such file or directory
Starting Bootlog daemon: bootlogd.
[   37.848205] EXT4-fs (mmcblk0p2): re-mounted. Opts: data=ordered
ALSA: Restoring mixer settings...
Configuring network interfaces... /usr/sbin/alsactl: load_state:1696: No soundcards found...
udhcpc (v1.20.2) started
Sending discover...
Sending select for 192.168.1.184...
Lease of 192.168.1.184 obtained, lease time 600
/etc/udhcpc.d/50default: Adding DNS 192.0.2.2
/etc/udhcpc.d/50default: Adding DNS 192.0.2.3
done.
INIT: Entering runlevel: 3
/dev/ttyO2 linked to /dev/tty-bd - using as console
Starting system message bus: dbus.
Starting Dropbear SSH server: dropbear.
Starting telnet daemon.
Starting syslogd/klogd: done
Starting thttpd.
Starting Lighttpd Web Server: 2015-02-03 18:49:58: (log.c.166) server started 
lighttpd.
***************************************************************
***************************************************************
NOTICE: This file system contains the followin GPLv3 packages:
	binutils-symlinks
	binutils
	gdbserver
	parted
If you do not wish to distribute GPLv3 components please remove
the above packages prior to distribution.  This can be done using
the opkg remove command.  i.e.:
    opkg remove <package>
Where <package> is the name printed in the list above
NOTE: If the package is a dependency of another package you
      will be notified of the dependent packages.  You should
      use the --force-removal-of-dependent-packages option to
      also remove the dependent packages as well
***************************************************************
***************************************************************
Stopping Bootlog daemon: bootlogd.
 _____                    _____           _         _   
|  _  |___ ___ ___ ___   |  _  |___ ___  |_|___ ___| |_ 
|     |  _| .'| . | . |  |   __|  _| . | | | -_|  _|  _|
|__|__|_| |__,|_  |___|  |__|  |_| |___|_| |___|___|_|  
              |___|                    |___|            
Arago Project http://arago-project.org GenericOMAP3(FlattenedDeviceTree) tty-bd
Arago 2013.12 GenericOMAP3(FlattenedDeviceTree) tty-bd
GenericOMAP3(FlattenedDeviceTree) login: 
- 05:57:58 [INFO] Host: root
- 05:57:59 [INFO] Target: 
root
root@GenericOMAP3(FlattenedDeviceTree):~# 
- 05:57:59 [INFO] Host: uname -a
- 05:58:00 [INFO] Target: 
uname -a
Linux GenericOMAP3(FlattenedDeviceTree) 3.19.0-next-20150220-00002-g44c775ea854f #1 SMP Fri Feb 20 05:51:19 CST 2015 armv7l GNU/Linux
root@GenericOMAP3(FlattenedDeviceTree):~# 
- 05:58:00 [INFO] Host: cat /proc/cmdline
- 05:58:00 [INFO] Target: 
cat /proc/cmdline
console=ttyO2,115200n8 earlyprintk rootwait ip=dhcp root=/dev/mmcblk0p2 rw rootfstype=ext3 nohlt
root@GenericOMAP3(FlattenedDeviceTree):~# 
- 05:58:00 [INFO] Host: uname -a
- 05:58:01 [INFO] Target: 
uname -a
Linux GenericOMAP3(FlattenedDeviceTree) 3.19.0-next-20150220-00002-g44c775ea854f #1 SMP Fri Feb 20 05:51:19 CST 2015 armv7l GNU/Linux
root@GenericOMAP3(FlattenedDeviceTree):~# 
- 05:58:01 [INFO] Host: cat /proc/mtd
- 05:58:01 [INFO] Target: 
cat /proc/mtd
dev:    size   erasesize  name
root@GenericOMAP3(FlattenedDeviceTree):~# 
- 05:58:07 [INFO] Host: export IPERFHOST=192.168.1.254
- 05:58:08 [INFO] Target: 
export IPERFHOST=192.168.1.254
root@GenericOMAP3(FlattenedDeviceTree):~# 
- 05:58:08 [INFO] Host: export NFS_SERVER=192.168.1.254
- 05:58:08 [INFO] Target: 
export NFS_SERVER=192.168.1.254
root@GenericOMAP3(FlattenedDeviceTree):~# 
- 05:58:08 [INFO] Host: export NFS_ROOT_PATH=/usr/workdir/filesys/linux/ldp
- 05:58:09 [INFO] Target: 
export NFS_ROOT_PATH=/usr/workdir/file 
sys/linux/ldp
root@GenericOMAP3(FlattenedDeviceTree):~# 
- 05:58:09 [INFO] Host: mkdir -p -m 777 /test
- 05:58:09 [INFO] Target: 
mkdir -p -m 777 /test
root@GenericOMAP3(FlattenedDeviceTree):~# 
- 05:58:09 [INFO] Host: cd /test
- 05:58:10 [INFO] Target: 
cd /test
root@GenericOMAP3(FlattenedDeviceTree):/test# 
- 05:58:10 [INFO] Host: cat > test.sh << EOF
- 05:58:10 [INFO] Target: 
cat > test.sh << EOF
- 05:58:10 [INFO] Host: failtest() {
- 05:58:11 [INFO] Target: 
failtest() {
- 05:58:11 [INFO] Host:   echo 1 >&3
- 05:58:11 [INFO] Target: 
  echo 1 >&3
- 05:58:11 [INFO] Host: }
- 05:58:12 [INFO] Target: 
- 05:58:12 [INFO] Host: timeout=600
- 05:58:12 [INFO] Target: 
timeout=600
- 05:58:12 [INFO] Host: 
- 05:58:13 [INFO] Target: 
- 05:58:13 [INFO] Host: # Start of user's script logic
- 05:58:13 [INFO] Target: 
# Start of user's script logic
- 05:58:13 [INFO] Host: 
- 05:58:14 [INFO] Target: 
- 05:58:14 [INFO] Host: 
- 05:58:14 [INFO] Target: 
- 05:58:14 [INFO] Host: mount -t proc proc /proc 2>/dev/null;
- 05:58:15 [INFO] Target: 
mount -t proc proc /proc 2>/dev/null;
- 05:58:15 [INFO] Host: 
- 05:58:15 [INFO] Target: 
- 05:58:15 [INFO] Host: mount -t sysfs sys /sys 2>/dev/null;
- 05:58:16 [INFO] Target: 
mount -t sysfs sys /sys 2>/dev/null;
- 05:58:16 [INFO] Host: 
- 05:58:16 [INFO] Target: 
- 05:58:16 [INFO] Host: mount -t debugfs none /sys/kernel/debug 2>/dev/null;
- 05:58:17 [INFO] Target: 
mount -t debugfs none /sys/kernel/debug 2>/dev/null;
- 05:58:17 [INFO] Host: 
- 05:58:17 [INFO] Target: 
- 05:58:17 [INFO] Host: echo 'cpuinfo:';cat /proc/cpuinfo; echo '=======';
- 05:58:18 [INFO] Target: 
echo 'cpuinfo:';cat /proc/cpuinfo; echo '=======';
- 05:58:18 [INFO] Host: 
- 05:58:18 [INFO] Target: 
- 05:58:18 [INFO] Host: echo 'soc info:';head /sys/devices/soc0/* 2>/dev/null; echo '=======';
- 05:58:19 [INFO] Target: 
echo 'soc info:';head /sys/devices/soc0/* 2>/dev/null; echo '=======';
- 05:58:19 [INFO] Host: 
- 05:58:19 [INFO] Target: 
- 05:58:19 [INFO] Host: echo 'DT Model info'; head /proc/device-tree/name /proc/device-tree/model /proc/device-tree/compatible 2>/dev/null;echo; echo '=======';
- 05:58:20 [INFO] Target: 
echo 'DT Model info'; head /proc/device-tree/name /proc/device-tree/model /pro 
c/device-tree/compatible 2>/dev/null;echo; echo '=======';
- 05:58:20 [INFO] Host: 
- 05:58:20 [INFO] Target: 
- 05:58:20 [INFO] Host: echo 'interrupts:';cat /proc/interrupts; echo '=======';
- 05:58:21 [INFO] Target: 
echo 'interrupts:';cat /proc/interrupts; echo '=======';
- 05:58:21 [INFO] Host: 
- 05:58:21 [INFO] Target: 
- 05:58:21 [INFO] Host: echo 'Clk_summary:';cat /sys/kernel/debug/clk/clk_summary; echo '=======';
- 05:58:22 [INFO] Target: 
echo 'Clk_summary:';cat /sys/kernel/debug/clk/clk_summary; echo '=======';
- 05:58:22 [INFO] Host: 
- 05:58:22 [INFO] Target: 
- 05:58:22 [INFO] Host: echo 'Orphan Clks:';ls /sys/kernel/debug/clk/orphans/; echo '=======';
- 05:58:23 [INFO] Target: 
echo 'Orphan Clks:';ls /sys/kernel/debug/clk/orphans/; echo '=======';
- 05:58:23 [INFO] Host: 
- 05:58:23 [INFO] Target: 
- 05:58:23 [INFO] Host: echo "Available frequencies"; cat /sys/devices/system/cpu/cpu0/cpufreq/scaling_available_frequencies 2>/dev/null;echo '=======';
- 05:58:24 [INFO] Target: 
echo "Available frequencies"; cat /sys/devices/system/cpu/cpu0/cpufreq/scaling 
_available_frequencies 2>/dev/null;echo '=======';
- 05:58:24 [INFO] Host: 
- 05:58:24 [INFO] Target: 
- 05:58:24 [INFO] Host: echo 'H''ello World' 'B''oard Booted';
- 05:58:25 [INFO] Target: 
echo 'H''ello World' 'B''oard Booted';
- 05:58:25 [INFO] Host: 
- 05:58:25 [INFO] Target: 
- 05:58:25 [INFO] Host: EOF
- 05:58:26 [INFO] Target: 
root@GenericOMAP3(FlattenedDeviceTree):/test# 
- 05:58:26 [INFO] Host: cd /test
- 05:58:26 [INFO] Target: 
cd /test
root@GenericOMAP3(FlattenedDeviceTree):/test# 
- 05:58:26 [INFO] Host: chmod +x test.sh
- 05:58:27 [INFO] Target: 
chmod +x test.sh
root@GenericOMAP3(FlattenedDeviceTree):/test# 
- 05:58:27 [INFO] Host: ./test.sh 2> stderr.log > stdout.log 3> result.log
- 05:58:27 [INFO] Target: 
./test.sh 2> stderr.log > stdout.l 
og 3> result.log
root@GenericOMAP3(FlattenedDeviceTree):/test# 
- 05:58:27 [INFO] Host: echo $?
- 05:58:28 [INFO] Target: 
echo $?
root@GenericOMAP3(FlattenedDeviceTree):/test# 
- 05:58:28 [INFO] Host: cd /test
- 05:58:28 [INFO] Target: 
cd /test
root@GenericOMAP3(FlattenedDeviceTree):/test# 
- 05:58:28 [INFO] Host: cat stdout.log
- 05:58:31 [INFO] Target: 
cat stdout.log
cpuinfo:
processor	: 0
model name	: ARMv7 Processor rev 2 (v7l)
BogoMIPS	: 589.82
Features	: half thumb fastmult vfp edsp thumbee neon vfpv3 tls vfpd32 
CPU implementer	: 0x41
CPU architecture: 7
CPU variant	: 0x1
CPU part	: 0xc08
CPU revision	: 2
Hardware	: Generic OMAP3 (Flattened Device Tree)
Revision	: 0000
Serial		: 0000000000000000
=======
soc info:
==> /sys/devices/soc0/family <==
OMAP3
==> /sys/devices/soc0/machine <==
OMAP3430/3530
==> /sys/devices/soc0/power <==
==> /sys/devices/soc0/revision <==
ES2.1
==> /sys/devices/soc0/subsystem <==
==> /sys/devices/soc0/type <==
==> /sys/devices/soc0/uevent <==
=======
DT Model info
==> /proc/device-tree/name <==
==> /proc/device-tree/model <==
TI OMAP3430 LDP (Zoom1 Labrador)
==> /proc/device-tree/compatible <==
ti,omap3-ldpti,omap3
=======
interrupts:
           CPU0       
 23:          0      INTC   7  TWL4030-PIH
 25:          0      INTC   9  l3-debug-irq
 26:          0      INTC  10  l3-app-irq
 28:          0      INTC  12  DMA
 29:      28423      INTC  13  omap-dma-engine
 36:          0      INTC  20  gpmc
 53:       9569      INTC  37  gp_timer
 72:       2007      INTC  56  48070000.i2c
 73:          0      INTC  57  48072000.i2c
 77:          0      INTC  61  48060000.i2c
 90:       4224      INTC  74  OMAP UART2
 92:          1      INTC  76  ohci_hcd:usb2
 93:          0      INTC  77  ehci_hcd:usb1
 99:      56917      INTC  83  mmc0
213:          0  49054000.gpio   5  enter
214:          0  49054000.gpio   6  f1
215:          0  49054000.gpio   7  f2
216:          0  49054000.gpio   8  f3
217:          0  49054000.gpio   9  f4
218:          0  49054000.gpio  10  left
219:          0  49054000.gpio  11  right
220:          0  49054000.gpio  12  up
221:          0  49054000.gpio  13  down
264:         22  49056000.gpio  24  eth0
306:          0      PRCM  pm_wkup
315:          0      PRCM  pinctrl, pinctrl, pm_io
338:          0   pinctrl 366  OMAP UART2
339:          0   twl4030   0  twl4030_gpio
344:          0   twl4030   5  twl4030_power
350:          0   twl4030  11  rtc0
IPI0:          0  CPU wakeup interrupts
IPI1:          0  Timer broadcast interrupts
IPI2:          0  Rescheduling interrupts
IPI3:          0  Function call interrupts
IPI4:          0  Single function call interrupts
IPI5:          0  CPU stop interrupts
IPI6:          0  IRQ work interrupts
IPI7:          0  completion interrupts
Err:          0
=======
Clk_summary:
   clock                         enable_cnt  prepare_cnt        rate   accuracy   phase
----------------------------------------------------------------------------------------
 secure_32k_fck                           0            1       32768          0 0  
    wdt1_fck                              0            0       32768          0 0  
    gpt12_fck                             0            1       32768          0 0  
 dummy_ck                                 0            0           0          0 0  
 mcbsp_clks                               0            5           0          0 0  
 sys_altclk                               0            0           0          0 0  
 virt_38_4m_ck                            0            0    38400000          0 0  
 virt_26000000_ck                         1            1    26000000          0 0  
    osc_sys_ck                            1            1    26000000          0 0  
       sys_clkout1                        0            0    26000000          0 0  
       sys_ck                             4           18    13000000          0 0  
          gpt9_fck                        0            1    13000000          0 0  
          gpt8_fck                        0            1    13000000          0 0  
          gpt7_fck                        0            1    13000000          0 0  
          gpt6_fck                        0            1    13000000          0 0  
          gpt5_fck                        0            1    13000000          0 0  
          gpt4_fck                        0            1    13000000          0 0  
          gpt3_fck                        0            1    13000000          0 0  
          gpt2_fck                        0            1    13000000          0 0  
          cpefuse_fck                     0            0    13000000          0 0  
          dpll5_ck                        1            1   120000000          0 0  
             dpll5_m2_ck                  1            1   120000000          0 0  
                dpll5_m2_d20_ck           0            0     6000000          0 0  
                dpll5_m2_d16_ck           0            0     7500000          0 0  
                dpll5_m2_d8_ck            0            0    15000000          0 0  
                dpll5_m2_d4_ck            0            0    30000000          0 0  
                usbhost_120m_fck           0            0   120000000          0 0  
                usbtll_fck                1            1   120000000          0 0  
          sys_d2_ck                       0            0     6500000          0 0  
             usim_fck                     0            0     6500000          0 0  
          modem_fck                       0            0    13000000          0 0  
          dpll2_ck                        0            1   360000000          0 0  
             dpll2_m2_ck                  0            1   360000000          0 0  
                iva2_ck                   0            2   360000000          0 0  
          sr2_fck                         0            1    13000000          0 0  
          sr1_fck                         0            1    13000000          0 0  
          traceclk_src_fck                0            0    13000000          0 0  
             traceclk_fck                 0            0    13000000          0 0  
          emu_src_mux_ck                  0            1    13000000          0 0  
             emu_src_ck                   0            1    13000000          0 0  
                atclk_fck                 0            0    13000000          0 0  
                pclkx2_fck                0            0    13000000          0 0  
                pclk_fck                  0            0     6500000          0 0  
          dss2_alwon_fck                  0            2    13000000          0 0  
          dpll1_ck                        0            1   600000000          0 0  
             dpll1_x2_ck                  0            1  1200000000          0 0  
                dpll1_x2m2_ck             0            1  1200000000          0 0  
                   mpu_ck                 0            1  1200000000          0 0  
                      emu_mpu_alwon_ck           0            0  1200000000          0 0  
                      arm_fck             0            1   600000000          0 0  
          dpll3_ck                        1            1   266000000          0 0  
             dpll3_x2_ck                  0            0   532000000          0 0  
             dpll3_m2_ck                  1            2   266000000          0 0  
                dpll3_m2x2_ck             0            1   532000000          0 0  
                   corex2_fck             0            1   532000000          0 0  
                      ssi_ssr_fck_3430es2           0            1   177333334          0 0  
                         ssi_sst_fck_3430es2           0            0    88666667          0 0  
                      corex2_d5_fck           0            0   106400000          0 0  
                      corex2_d3_fck           0            0   177333333          0 0  
                core_ck                   1            1   266000000          0 0  
                   core_d2_ck             0            0   133000000          0 0  
                   core_d6_ck             0            0    44333333          0 0  
                      sgx_fck             0            0    44333333          0 0  
                   core_d4_ck             0            0    66500000          0 0  
                   core_d3_ck             0            0    88666666          0 0  
                   dpll2_fck              0            0   266000000          0 0  
                   l3_ick                 2            3   133000000          0 0  
                      sgx_ick             0            0   133000000          0 0  
                      mad2d_ick           0            0   133000000          0 0  
                      sad2d_ick           0            1   133000000          0 0  
                      security_l3_ick           0            0   133000000          0 0  
                         pka_ick           0            0   133000000          0 0  
                      core_l3_ick           8           10   133000000          0 0  
                         hsotgusb_ick_3430es2           0            1   133000000          0 0  
                         gpmc_fck           2            2   133000000          0 0  
                         sdrc_ick           1            1   133000000          0 0  
                      l4_ick              7            8    66500000          0 0  
                         usbhost_ick           1            1    66500000          0 0  
                         dss_ick_3430es2           4            6    66500000          0 0  
                         sr_l4_ick           2            2    66500000          0 0  
                         ssi_l4_ick           1            1    66500000          0 0  
                            ssi_ick_3430es2           1            1    66500000          0 0  
                         cam_ick           0            1    66500000          0 0  
                         security_l4_ick2           0            0    66500000          0 0  
                            des1_ick           0            0    66500000          0 0  
                            sha11_ick           0            0    66500000          0 0  
                            rng_ick           0            0    66500000          0 0  
                            aes1_ick           0            0    66500000          0 0  
                         per_l4_ick          14           17    66500000          0 0  
                            mcbsp4_ick           2            2    66500000          0 0  
                            mcbsp3_ick           2            2    66500000          0 0  
                            mcbsp2_ick           1            1    66500000          0 0  
                            gpt2_ick           1            1    66500000          0 0  
                            gpt3_ick           1            1    66500000          0 0  
                            gpt4_ick           1            1    66500000          0 0  
                            gpt5_ick           1            1    66500000          0 0  
                            gpt6_ick           1            1    66500000          0 0  
                            gpt7_ick           1            1    66500000          0 0  
                            gpt8_ick           1            1    66500000          0 0  
                            gpt9_ick           1            1    66500000          0 0  
                            uart4_ick           0            0    66500000          0 0  
                            uart3_ick           1            1    66500000          0 0  
                            wdt3_ick           0            0    66500000          0 0  
                            gpio2_ick           0            1    66500000          0 0  
                            gpio3_ick           0            1    66500000          0 0  
                            gpio4_ick           1            1    66500000          0 0  
                            gpio5_ick           1            1    66500000          0 0  
                            gpio6_ick           0            1    66500000          0 0  
                         core_l4_ick          21           23    66500000          0 0  
                            mmchs3_ick           1            1    66500000          0 0  
                            usbtll_ick           1            1    66500000          0 0  
                            mailboxes_ick           0            1    66500000          0 0  
                            mspro_ick           0            0    66500000          0 0  
                            des2_ick           0            0    66500000          0 0  
                            icr_ick           0            0    66500000          0 0  
                            sha12_ick           1            2    66500000          0 0  
                            aes2_ick           1            2    66500000          0 0  
                            omapctrl_ick           1            1    66500000          0 0  
                            mcbsp1_ick           1            1    66500000          0 0  
                            mcbsp5_ick           1            1    66500000          0 0  
                            gpt10_ick           1            1    66500000          0 0  
                            gpt11_ick           1            1    66500000          0 0  
                            uart1_ick           1            1    66500000          0 0  
                            uart2_ick           1            1    66500000          0 0  
                            i2c1_ick           1            1    66500000          0 0  
                            i2c2_ick           1            1    66500000          0 0  
                            i2c3_ick           1            1    66500000          0 0  
                            mcspi1_ick           1            1    66500000          0 0  
                            mcspi2_ick           1            1    66500000          0 0  
                            mcspi3_ick           1            1    66500000          0 0  
                            mcspi4_ick           1            1    66500000          0 0  
                            hdq_ick           0            1    66500000          0 0  
                            mmchs1_ick           1            1    66500000          0 0  
                            mmchs2_ick           1            1    66500000          0 0  
                         rm_ick           0            0    33250000          0 0  
                   dpll1_fck              0            0   133000000          0 0  
             dpll3_m3_ck                  0            0   133000000          0 0  
                dpll3_m3x2_mul_ck           0            0   266000000          0 0  
                   dpll3_m3x2_ck           0            0   266000000          0 0  
                      emu_core_alwon_ck           0            0   266000000          0 0  
          dpll4_ck                        1            3   432000000          0 0  
             dpll4_x2_ck                  0            0   864000000          0 0  
             dpll4_m6_ck                  0            0   144000000          0 0  
                dpll4_m6x2_mul_ck           0            0   288000000          0 0  
                   dpll4_m6x2_ck           0            0   288000000          0 0  
                      emu_per_alwon_ck           0            0   288000000          0 0  
             dpll4_m5_ck                  0            0   108000000          0 0  
                dpll4_m5x2_mul_ck           0            0   216000000          0 0  
                   dpll4_m5x2_ck           0            0   216000000          0 0  
                      cam_mclk            0            0   216000000          0 0  
             dpll4_m4_ck                  0            1    48000000          0 0  
                dpll4_m4x2_mul_ck           0            1    96000000          0 0  
                   dpll4_m4x2_ck           0            1    96000000          0 0  
                      dss1_alwon_fck_3430es2           0            4    96000000          0 0  
             dpll4_m3_ck                  0            1    27000000          0 0  
                dpll4_m3x2_mul_ck           0            1    54000000          0 0  
                   dpll4_m3x2_ck           0            1    54000000          0 0  
                      omap_54m_fck           0            1    54000000          0 0  
                         clkout2_src_ck           0            0    54000000          0 0  
                            sys_clkout2           0            0    54000000          0 0  
                         dss_tv_fck           0            2    54000000          0 0  
             dpll4_m2_ck                  1            1    48000000          0 0  
                dpll4_m2x2_mul_ck           1            1    96000000          0 0  
                   dpll4_m2x2_ck           1            1    96000000          0 0  
                      omap_192m_alwon_fck           0            0    96000000          0 0  
                      omap_96m_alwon_fck           1            2    96000000          0 0  
                         per_96m_fck           0            6    96000000          0 0  
                            mcbsp4_fck           0            1    96000000          0 0  
                            mcbsp3_fck           0            2    96000000          0 0  
                            mcbsp2_fck           0            2    96000000          0 0  
                         cm_96m_fck           2            2    96000000          0 0  
                            cm_96m_d2_fck           1            1    48000000          0 0  
                               omap_48m_fck           3            4    48000000          0 0  
                                  usbhost_48m_fck           1            1    48000000          0 0  
                                  per_48m_fck           1            1    48000000          0 0  
                                     uart3_fck           1            1    48000000          0 0  
                                  core_48m_fck           2            6    48000000          0 0  
                                     uart1_fck           1            1    48000000          0 0  
                                     uart2_fck           1            1    48000000          0 0  
                                     mcspi1_fck           0            1    48000000          0 0  
                                     mcspi2_fck           0            1    48000000          0 0  
                                     mcspi3_fck           0            1    48000000          0 0  
                                     mcspi4_fck           0            1    48000000          0 0  
                                  omap_12m_fck           0            1    12000000          0 0  
                                     core_12m_fck           0            1    12000000          0 0  
                                        hdq_fck             0            1    12000000          0 0  
                            omap_96m_fck           1            2    96000000          0 0  
                               omap_96m_d10_fck           0            0     9600000          0 0  
                               omap_96m_d8_fck           0            0    12000000          0 0  
                               omap_96m_d4_fck           0            0    24000000          0 0  
                               omap_96m_d2_fck           0            0    48000000          0 0  
                               dss_96m_fck           0            2    96000000          0 0  
                               core_96m_fck           1           10    96000000          0 0  
                                  mcbsp1_fck           0            1    96000000          0 0  
                                  mcbsp5_fck           0            1    96000000          0 0  
                                  mmchs3_fck           0            1    96000000          0 0  
                                  mspro_fck           0            0    96000000          0 0  
                                  csi2_96m_fck           0            0    96000000          0 0  
                                  i2c1_fck           1            1    96000000          0 0  
                                  i2c2_fck           0            1    96000000          0 0  
                                  i2c3_fck           0            1    96000000          0 0  
                                  mmchs1_fck           0            1    96000000          0 0  
                                  mmchs2_fck           0            1    96000000          0 0  
          wkup_l4_ick                     4            5    13000000          0 0  
             usim_ick                     0            0    13000000          0 0  
             gpt1_ick                     1            1    13000000          0 0  
             gpt12_ick                    1            1    13000000          0 0  
             omap_32ksync_ick             1            1    13000000          0 0  
             gpio1_ick                    0            1    13000000          0 0  
             wdt1_ick                     0            0    13000000          0 0  
             wdt2_ick                     1            1    13000000          0 0  
 virt_19200000_ck                         0            0    19200000          0 0  
 virt_13m_ck                              0            0    13000000          0 0  
 virt_12m_ck                              0            0    12000000          0 0  
 omap_32k_fck                             3            8       32768          0 0  
    gpt1_fck                              1            1       32768          0 0  
    gpt11_fck                             0            1       32768          0 0  
    gpt10_fck                             0            1       32768          0 0  
    ts_fck                                0            0       32768          0 0  
    per_32k_alwon_fck                     1            5       32768          0 0  
       wdt3_fck                           0            0       32768          0 0  
       gpio2_dbck                         0            1       32768          0 0  
       gpio3_dbck                         0            1       32768          0 0  
       gpio4_dbck                         1            2       32768          0 0  
       gpio5_dbck                         0            1       32768          0 0  
       gpio6_dbck                         0            1       32768          0 0  
    wkup_32k_fck                          1            3       32768          0 0  
       wdt2_fck                           0            1       32768          0 0  
       gpio1_dbck                         0            1       32768          0 0  
 dummy_apb_pclk                           0            0           0          0 0  
 virt_16_8m_ck                            0            0    16800000          0 0  
=======
Orphan Clks:
=======
Available frequencies
125000 250000 500000 550000 600000 
=======
Hello World Board Booted
root@GenericOMAP3(FlattenedDeviceTree):/test# 
- 05:58:31 [INFO] Host: cat stderr.log
- 05:58:31 [INFO] Target: 
cat stderr.log
ls: /sys/kernel/debug/clk/orphans/: No such file or directory
root@GenericOMAP3(FlattenedDeviceTree):/test# 
- 05:58:31 [INFO] Host: cat result.log
- 05:58:33 [ERROR] On command: cat result.log waiting for cat result.log.+?(?m-ix:^1[\0\n\r]+) >>> error: execution expired
- 05:58:33 [INFO] Target: 
cat result.log
root@GenericOMAP3(FlattenedDeviceTree):/test# 
- 05:58:33 [INFO] Host: cd /test
- 05:58:34 [INFO] Target: 
cd /test
root@GenericOMAP3(FlattenedDeviceTree):/test# 
URL:gtsystest.telogy.design.ti.com/vatf/tidfarm-02/tidfarm-02_vatf@6/tidfarm-0202_20_2015_05_55_49/files/session_iteration_1/test_1
