- 06:23:43 [INFO] Starting target session
- 06:23:44 [INFO] Connected to ldp via serial 
- 06:23:44 [INFO] Host: #check prompt
- 06:23:47 [ERROR] On command: #check prompt waiting for #check prompt.+?(?-mix:((?-mix:.*\s+login)|[Pp]assword)) >>> error: execution expired
- 06:23:47 [INFO] Target: 
#check prompt
root@GenericOMAP3(FlattenedDeviceTree):/test# 
- 06:23:47 [INFO] Host: #check prompt
- 06:23:47 [INFO] Target: 
#check prompt
root@GenericOMAP3(FlattenedDeviceTree):/test# 
- 06:23:47 [INFO] Host: sync;poweroff
- 06:24:09 [INFO] Target: 
sync;poweroff
Broadcast message from root@GenericOMAP3(FlattenedDeviceTree) (ttyO2) (Sat Fe
The system is going down for system halt NOW!
INIT: Switching to runlevel: 0
root@GenericOMAP3(FlattenedDeviceTree):/test# 
INIT: Sending processes the TERM signal
INIT: Sending processes the KILL signal
Stopping Dropbear SSH server: stopped /usr/sbin/dropbear (pid 726)
dropbear.
Stopping telnet daemon.
Stopping system message bus: hwclock: can't open '/dev/misc/rtc': No such file or directory
Stopping syslogd/klogd: Error opening /dev/fb0: No such file or directory
stopped syslogd (pid 738)
stopped klogd (pid 741)
done
Stopping thttpd.
ALSA: Storing mixer settings...
/usr/sbin/alsactl: save_state:1580: No soundcards found...
Deconfiguring network interfaces... [ 1266.345672] smsc911x 8000000.ethernet eth0: SMSC911x/921x identified at 0xc890e000, IRQ: 264
done.
Stopping Lighttpd Web Server: stopped /usr/sbin/lighttpd (pid 751)
lighttpd.
***************************************************************
***************************************************************
NOTICE: This file system contains the followin GPLv3 packages:
	binutils-symlinks
	binutils
	gdbserver
	parted
If you do not wish to distribute GPLv3 components please remove
the above packages prior to distribution.  This can be done using
the opkg remove command.  i.e.:
    opkg remove <package>
Where <package> is the name printed in the list above
NOTE: If the package is a dependency of another package you
      will be notified of the dependent packages.  You should
      use the --force-removal-of-dependent-packages option to
      also remove the dependent packages as well
***************************************************************
***************************************************************
Sending all processes the TERM signal...
Sending all processes the KILL signal...
Unmounting remote filesystems...
Deactivating swap...
Unmounting local filesystems...
[ 1279.996246] reboot: Power down
[ 1279.999511] ------------[ cut here ]------------
[ 1280.004364] WARNING: CPU: 0 PID: 922 at kernel/locking/lockdep.c:2755 lockdep_trace_alloc+0xec/0x10c()
[ 1280.014099] DEBUG_LOCKS_WARN_ON(irqs_disabled_flags(flags))
[ 1280.019744] Modules linked in:
[ 1280.023132] CPU: 0 PID: 922 Comm: halt Not tainted 4.1.0-rc1-next-20150428-00002-ga9d471da97e2 #1
[ 1280.032409] Hardware name: Generic OMAP3 (Flattened Device Tree)
[ 1280.038696] [<c0016374>] (unwind_backtrace) from [<c001288c>] (show_stack+0x10/0x14)
[ 1280.046813] [<c001288c>] (show_stack) from [<c05e3984>] (dump_stack+0x78/0x94)
[ 1280.054382] [<c05e3984>] (dump_stack) from [<c003fca4>] (warn_slowpath_common+0x7c/0xb4)
[ 1280.062835] [<c003fca4>] (warn_slowpath_common) from [<c003fd70>] (warn_slowpath_fmt+0x30/0x40)
[ 1280.071960] [<c003fd70>] (warn_slowpath_fmt
- 06:24:09 [INFO] Disconnected serial from ldp
- 06:24:10 [INFO] Connected to ldp via serial 
- 06:24:10 [INFO] Host: 
- 06:24:10 [ERROR] On command:  waiting for (?-mix:U-Boot#\s) >>> error: execution expired
- 06:24:10 [INFO] Target: 
tb$U
 @ @ @D`  
Texas Instruments X-Loader 1.41 (Apr 25 2014 - 11:23:40)
- 06:24:10 [INFO] Host: 
- 06:24:11 [ERROR] On command:  waiting for (?-mix:U-Boot#\s) >>> error: execution expired
- 06:24:11 [INFO] Target: 
Starting OS Bootloader from NAND ...
U-Boot 1.1.4-gae533d15 (Apr 25 2014 - 15:03:07)
OMAP3430-GP rev 2, CPU-OPP2 L3-165MHz
OMAP3430LAB 0.1 Version + mDDR (Boot NAND)
DRAM:  128 MB
NAND:
- 06:24:11 [INFO] Host: 
- 06:24:11 [ERROR] On command:  waiting for (?-mix:U-Boot#\s) >>> error: execution expired
- 06:24:11 [INFO] Target: 
- 06:24:11 [INFO] Host: 
- 06:24:12 [ERROR] On command:  waiting for (?-mix:U-Boot#\s) >>> error: execution expired
- 06:24:12 [INFO] Target: 
- 06:24:12 [INFO] Host: 
- 06:24:12 [ERROR] On command:  waiting for (?-mix:U-Boot#\s) >>> error: execution expired
- 06:24:12 [INFO] Target: 
256 MiB
Reading data from 0xc0000 --   1% complete.
Reading data from 0xc0800 --   3% complete.
Reading data from 0xc1000 --   4% complete.
Reading data from 0xc1800 --   6% complete.
Reading data from 0xc2000 --   7% complete.
Reading data from 0xc2800 --   9% complete.
Reading data from 0xc3000 --  10% complete.
Reading data from 0xc3800 --  12% complete.
Reading data from 0xc4000 --  14% complete.
Reading data from 0xc4800 --  15% complete.
Reading data from 0xc5000 --  17% complete.
Reading data from 0xc5800 --  18% complete.
Reading data from 0xc6000 --  20% complete.
Reading data from 0xc6800 --  21% complete.
Reading data from 0xc7000 --  23% complete.
Reading data from 0xc7800 --  25% complete.
Reading data from 0xc8000
- 06:24:12 [INFO] Host: 
- 06:24:13 [ERROR] On command:  waiting for (?-mix:U-Boot#\s) >>> error: execution expired
- 06:24:13 [INFO] Target: 
 --  26% complete.
Reading data from 0xc8800 --  28% complete.
Reading data from 0xc9000 --  29% complete.
Reading data from 0xc9800 --  31% complete.
Reading data from 0xca000 --  32% complete.
Reading data from 0xca800 --  34% complete.
Reading data from 0xcb000 --  35% complete.
Reading data from 0xcb800 --  37% complete.
Reading data from 0xcc000 --  39% complete.
Reading data from 0xcc800 --  40% complete.
Reading data from 0xcd000 --  42% complete.
Reading data from 0xcd800 --  43% complete.
Reading data from 0xce000 --  45% complete.
Reading data from 0xce800 --  46% complete.
Reading data from 0xcf000 --  48% complete.
Reading data from 0xcf800 --  50% complete.
Reading data from 0xd0000 --  51% complete.
Reading data from 0xd0800 --  53% complete.
Reading data from 0xd1000 --  54% complete.
Reading data from 0xd1800 --  56% complete.
Reading data from 0xd2000 --  57% complete.
Reading data from 0xd2800 --  59% complete.
Reading data from 0xd3000 --  60% complete.
Reading data from 0xd3800 --  62% complete.
Reading data from 0xd4000 --  64% complete.
Reading data from 0xd4800 --  65% complete.
Reading data from 0xd5000 --  67% complete.
Reading data from 0xd5800 --  68% complete.
Reading data from 0xd6000 --  70% complete.
Reading data from 0xd6800 --  71% complete.
Reading data from 0xd7000 --  73% complete.
Reading data from 0xd7800 --  75% complete.
Reading data from 0xd8000 --  76% complete.
Reading data from 0xd8800 --  78% complete.
Reading data from 0xd9000 --  79% complete.
Reading data from 0xd9800 --  81% complete.
Reading data from 0xda000 --  82% complete.
Reading data from 0xda800 --  84% complete.
Reading data from 0xdb000 --  85% complete.
Reading data from 0xdb800 --  87% complete.
Reading data from 0xdc000 --  89% complete.
Reading data from 0xdc800 --  90% complete.
Reading data from 0xdd000 --  92% complete.
Reading data from 0xdd800 --  93% complete.
Reading data from 0xde000 --  95% complete.
Reading data from 0xde800 --  96% complete.
Reading data from 0xdf000 --  98% complete.
Reading data from 0xdf800 -- 100% complete.
*** Warning - bad CRC or NAND, using default environment
In:    serial
Out:   serial
Err:   serial
- 06:24:13 [INFO] Host: 
- 06:24:13 [ERROR] On command:  waiting for (?-mix:U-Boot#\s) >>> error: execution expired
- 06:24:13 [INFO] Target: 
- 06:24:13 [INFO] Host: 
- 06:24:14 [ERROR] On command:  waiting for (?-mix:U-Boot#\s) >>> error: execution expired
- 06:24:14 [INFO] Target: 
- 06:24:14 [INFO] Host: 
- 06:24:14 [ERROR] On command:  waiting for (?-mix:U-Boot#\s) >>> error: execution expired
- 06:24:14 [INFO] Target: 
- 06:24:14 [INFO] Host: 
- 06:24:15 [ERROR] On command:  waiting for (?-mix:U-Boot#\s) >>> error: execution expired
- 06:24:15 [INFO] Target: 
Battery levels: main 4180 mV, backup 3188 mV
LAN9x18 (0x92110000) detected.
Read mac address: 00:08:EE:02:24:9D
start Auto negotiation... (
- 06:24:15 [INFO] Host: 
- 06:24:15 [ERROR] On command:  waiting for (?-mix:U-Boot#\s) >>> error: execution expired
- 06:24:15 [INFO] Target: 
take ~2sec)
- 06:24:15 [INFO] Host: 
- 06:24:16 [ERROR] On command:  waiting for (?-mix:U-Boot#\s) >>> error: execution expired
- 06:24:16 [INFO] Target: 
- 06:24:16 [INFO] Host: 
- 06:24:16 [ERROR] On command:  waiting for (?-mix:U-Boot#\s) >>> error: execution expired
- 06:24:16 [INFO] Target: 
- 06:24:16 [INFO] Host: 
- 06:24:17 [ERROR] On command:  waiting for (?-mix:U-Boot#\s) >>> error: execution expired
- 06:24:17 [INFO] Target: 
- 06:24:17 [INFO] Host: 
- 06:24:17 [ERROR] On command:  waiting for (?-mix:U-Boot#\s) >>> error: execution expired
- 06:24:17 [INFO] Target: 
Auto negotiation complete, 100BaseTX, full duplex
Press SPACE to abort Chain2Bootloader in 1 seconds
- 06:24:17 [INFO] Host: 
- 06:24:18 [ERROR] On command:  waiting for (?-mix:U-Boot#\s) >>> error: execution expired
- 06:24:18 [INFO] Target: 
- 06:24:18 [INFO] Host: 
- 06:24:18 [ERROR] On command:  waiting for (?-mix:U-Boot#\s) >>> error: execution expired
- 06:24:18 [INFO] Target: 
reading chained-bootloader
NAND read: device 0 offset 0x100000, size 0x100000
 1048576 bytes read: OK
starting chained-boot-loader
## Starting application at 0x80800000 ...
U-Boot 2014.04-00071-g8543283-dirty (Apr 25 2014 - 14:59:48)
OMAP3530-GP ES2.1, CPU-OPP2, L3-165MHz, Max CPU Clock 600 MHz
OMAP3 Zoom MDK Rev 1 + LPDDR/NAND
I2C:   ready
DRAM:  128 MiB
- 06:24:18 [INFO] Host: 
- 06:24:19 [ERROR] On command:  waiting for (?-mix:U-Boot#\s) >>> error: execution expired
- 06:24:19 [INFO] Target: 
NAND:  256 MiB
MMC:   OMAP SD/MMC: 0
- 06:24:19 [INFO] Host: 
- 06:24:19 [ERROR] On command:  waiting for (?-mix:U-Boot#\s) >>> error: execution expired
- 06:24:19 [INFO] Target: 
*** Warning - bad CRC, using default environment
- 06:24:19 [INFO] Host: 
- 06:24:20 [ERROR] On command:  waiting for (?-mix:U-Boot#\s) >>> error: execution expired
- 06:24:20 [INFO] Target: 
- 06:24:20 [INFO] Host: 
- 06:24:20 [INFO] Target: 
Die ID #19ae00020000000004013ddc0201700b
Net:   smc911x-0
Hit any key to stop autoboot:  1  0 
U-Boot# 
U-Boot# 
U-Boot# 
U-Boot# 
- 06:24:20 [INFO] Host: version
- 06:24:20 [INFO] Target: 
version
U-Boot 2014.04-00071-g8543283-dirty (Apr 25 2014 - 14:59:48)
arm-linux-gnueabi-gcc (Ubuntu/Linaro 4.6.3-1ubuntu5) 4.6.3
GNU ld (GNU Binutils for Ubuntu) 2.22
U-Boot# 
- 06:24:20 [INFO] Host: bdinfo
- 06:24:20 [INFO] Target: 
bdinfo
arch_number = 0x00000667
boot_params = 0x80000100
DRAM bank   = 0x00000000
-> start    = 0x80000000
-> size     = 0x08000000
DRAM bank   = 0x00000001
-> start    = 0x88000000
-> size     = 0x00000000
eth0name    = smc911x-0
ethaddr     = 00:08:ee:02:24:9d
current eth = smc911x-0
ip_addr     = <NULL>
baudrate    = 115200 bps
TLB addr    = 0x87FF0000
relocaddr   = 0x87F71000
reloc off   = 0x07771000
irq_sp      = 0x87E50ED0
sp start    = 0x87E50EC0
U-Boot# 
- 06:24:20 [INFO] Host: printenv
- 06:24:20 [INFO] Target: 
printenv
arch=arm
baudrate=115200
board=zoom1
board_name=zoom1
bootcmd=mmc dev ${mmcdev}; if mmc rescan; then if run loadbootscript; then run bootscript; if test -n $uenvcmd; then echo Running uenvcmd ...;run uenvcmd;fi;else if run loadimage; then run mmcboot; else if run loadzimage; then run mmczboot; else run nandboot; fi; fi;fi; else run nandboot; fi
bootdelay=1
bootdir=/
bootfile=uImage
bootpart=0:1
bootscript=echo Running bootscript from mmc ...; if run importbootscr; then echo boot.scr imported; else run importbootenv;fi
console=ttyO2,115200n8
cpu=armv7
dieid#=19ae00020000000004013ddc0201700b
ethact=smc911x-0
ethaddr=00:08:ee:02:24:9d
fdtaddr=0x80f80000
fdtfile=omap3-ldp.dtb
importbootenv=env import -t $loadaddr $filesize
importbootscr=source ${loadaddr}
loadaddr=0x82000000
loadbootenv=fatload mmc ${mmcdev} ${loadaddr} uEnv.txt
loadbootscr=fatload mmc ${mmcdev} ${loadaddr} boot.scr
loadbootscript=if run loadbootscr; then echo boot.scr; else run loadbootenv;fi
loadfdt=load mmc ${bootpart} ${fdtaddr} ${bootdir}/${fdtfile}
loadimage=load mmc ${bootpart} ${loadaddr} ${bootdir}/${bootfile}
loadzimage=setenv bootfile zImage; if run loadimage; then run loadfdt;fi
mmcargs=setenv bootargs console=${console} video=${videospec},mode:${videomode} root=/dev/mmcblk0p2 rw rootfstype=ext3 rootwait
mmcboot=echo Booting from mmc ...; run mmcargs; bootm ${loadaddr}
mmcdev=0
mmczboot=echo Booting from mmc ...; run mmcargs; bootz ${loadaddr} - ${fdtaddr}
nandargs=setenv bootargs console=${console} video=${videospec},mode:${videomode} root=/dev/mtdblock4 rw rootfstype=jffs2
nandboot=echo Booting from nand ...; run nandargs; nand read ${loadaddr} 280000 400000; bootm ${loadaddr}
soc=omap3
usbtty=cdc_acm
vendor=logicpd
ver=U-Boot 2014.04-00071-g8543283-dirty (Apr 25 2014 - 14:59:48)
videomode=1024x768@60,vxres=1024,vyres=768
videospec=omapfb:vram:2M,vram:4M
Environment size: 1940/131068 bytes
U-Boot# 
- 06:24:20 [INFO] Host: setenv autoload 'no'
- 06:24:20 [INFO] Target: 
setenv autoload 'no'
U-Boot# 
- 06:24:20 [INFO] Host: dhcp
- 06:24:23 [INFO] Target: 
dhcp
smc911x: detected LAN9211 controller
smc911x: phy initialized
smc911x: MAC 00:08:ee:02:24:9d
BOOTP broadcast 1
DHCP client bound to address 192.168.1.168
U-Boot# 
- 06:24:23 [INFO] Host: setenv serverip 192.168.1.254
- 06:24:23 [INFO] Target: 
setenv serverip 192.168.1.254
U-Boot# 
- 06:24:23 [INFO] Host: setenv bootargs 'console=ttyO2,115200n8 earlyprintk rootwait ip=dhcp root=/dev/mmcblk0p2 rw rootfstype=ext3 nohlt'
- 06:24:23 [INFO] Target: 
setenv bootargs 'console=ttyO2,115200n8 earlyprintk rootwait ip=dhcp root=/dev/mmcblk0p2 rw rootfstype=ext3 nohlt'
U-Boot# 
- 06:24:23 [INFO] Host: setenv bootfile vatf_6/aae038791e9ff5adbaacec68dfc9b62f
- 06:24:23 [INFO] Target: 
setenv bootfile vatf_6/aae038791e9ff5adbaacec68dfc9b62f
U-Boot# 
- 06:24:23 [INFO] Host: setenv bootcmd 'tftp ${loadaddr};bootm ${loadaddr}'
- 06:24:23 [INFO] Target: 
setenv bootcmd 'tftp ${loadaddr};bootm ${loadaddr}'
U-Boot# 
- 06:24:23 [INFO] Host: printenv
- 06:24:23 [INFO] Target: 
printenv
arch=arm
autoload=no
baudrate=115200
board=zoom1
board_name=zoom1
bootargs=console=ttyO2,115200n8 earlyprintk rootwait ip=dhcp root=/dev/mmcblk0p2 rw rootfstype=ext3 nohlt
bootcmd=tftp ${loadaddr};bootm ${loadaddr}
bootdelay=1
bootdir=/
bootfile=vatf_6/aae038791e9ff5adbaacec68dfc9b62f
bootpart=0:1
bootscript=echo Running bootscript from mmc ...; if run importbootscr; then echo boot.scr imported; else run importbootenv;fi
console=ttyO2,115200n8
cpu=armv7
dieid#=19ae00020000000004013ddc0201700b
dnsip=192.0.2.2
ethact=smc911x-0
ethaddr=00:08:ee:02:24:9d
fdtaddr=0x80f80000
fdtfile=omap3-ldp.dtb
gatewayip=192.168.1.254
importbootenv=env import -t $loadaddr $filesize
importbootscr=source ${loadaddr}
ipaddr=192.168.1.168
loadaddr=0x82000000
loadbootenv=fatload mmc ${mmcdev} ${loadaddr} uEnv.txt
loadbootscr=fatload mmc ${mmcdev} ${loadaddr} boot.scr
loadbootscript=if run loadbootscr; then echo boot.scr; else run loadbootenv;fi
loadfdt=load mmc ${bootpart} ${fdtaddr} ${bootdir}/${fdtfile}
loadimage=load mmc ${bootpart} ${loadaddr} ${bootdir}/${bootfile}
loadzimage=setenv bootfile zImage; if run loadimage; then run loadfdt;fi
mmcargs=setenv bootargs console=${console} video=${videospec},mode:${videomode} root=/dev/mmcblk0p2 rw rootfstype=ext3 rootwait
mmcboot=echo Booting from mmc ...; run mmcargs; bootm ${loadaddr}
mmcdev=0
mmczboot=echo Booting from mmc ...; run mmcargs; bootz ${loadaddr} - ${fdtaddr}
nandargs=setenv bootargs console=${console} video=${videospec},mode:${videomode} root=/dev/mtdblock4 rw rootfstype=jffs2
nandboot=echo Booting from nand ...; run nandargs; nand read ${loadaddr} 280000 400000; bootm ${loadaddr}
netmask=255.255.255.0
serverip=192.168.1.254
soc=omap3
usbtty=cdc_acm
vendor=logicpd
ver=U-Boot 2014.04-00071-g8543283-dirty (Apr 25 2014 - 14:59:48)
videomode=1024x768@60,vxres=1024,vyres=768
videospec=omapfb:vram:2M,vram:4M
Environment size: 1961/131068 bytes
U-Boot# 
- 06:24:23 [INFO] Host: boot
- 06:26:53 [ERROR] On command: boot waiting for boot.+?(?-mix:.*\s+login) >>> error: execution expired
- 06:26:53 [INFO] Target: 
boot
smc911x: detected LAN9211 controller
smc911x: phy initialized
smc911x: MAC 00:08:ee:02:24:9d
Using smc911x-0 device
TFTP from server 192.168.1.254; our IP address is 192.168.1.168
Filename 'vatf_6/aae038791e9ff5adbaacec68dfc9b62f'.
Load address: 0x82000000
Loading: *####T #############################################################
	 #################################################################
	 #################################################################
	 #################################################################
	 #################################################################
	 #################################################################
	 ######################################
	 880.9 KiB/s
done
Bytes transferred = 6275963 (5fc37b hex)
## Booting kernel from Legacy Image at 82000000 ...
   Image Name:   Linux-4.1.0-rc1-next-20150428-00
   Image Type:   ARM Linux Kernel Image (uncompressed)
   Data Size:    6275899 Bytes = 6 MiB
   Load Address: 80800000
   Entry Point:  80800000
   Verifying Checksum ... OK
   Loading Kernel Image ... OK
Starting kernel ...
[    0.000000] Booting Linux on physical CPU 0x0
[    0.000000] Linux version 4.1.0-rc1-next-20150428-00002-ga9d471da97e2 (nmenon@kahuna) (gcc version 4.6.3 (Ubuntu/Linaro 4.6.3-1ubuntu5) ) #1 SMP Tue Apr 28 06:17:32 CDT 2015
[    0.000000] CPU: ARMv7 Processor [411fc082] revision 2 (ARMv7), cr=10c5387d
[    0.000000] CPU: PIPT / VIPT nonaliasing data cache, VIPT nonaliasing instruction cache
[    0.000000] Machine model: TI OMAP3430 LDP (Zoom1 Labrador)
[    0.000000] earlycon: no match for ttyO2,115200n8
[    0.000000] cma: Reserved 64 MiB at 0x83800000
[    0.000000] Memory policy: Data cache writeback
[    0.000000] CPU: All CPU(s) started in SVC mode.
[    0.000000] OMAP3430/3530 ES2.1 (l2cache iva sgx neon isp )
[    0.000000] PERCPU: Embedded 12 pages/cpu @c7d89000 s17024 r8192 d23936 u49152
[    0.000000] Built 1 zonelists in Zone order, mobility grouping on.  Total pages: 32256
[    0.000000] Kernel command line: console=ttyO2,115200n8 earlyprintk rootwait ip=dhcp root=/dev/mmcblk0p2 rw rootfstype=ext3 nohlt
[    0.000000] PID hash table entries: 512 (order: -1, 2048 bytes)
[    0.000000] Dentry cache hash table entries: 16384 (order: 4, 65536 bytes)
[    0.000000] Inode-cache hash table entries: 8192 (order: 3, 32768 bytes)
[    0.000000] Memory: 49056K/130048K available (8030K kernel code, 1021K rwdata, 3580K rodata, 816K init, 317K bss, 15456K reserved, 65536K cma-reserved, 0K highmem)
[    0.000000] Virtual kernel memory layout:
[    0.000000]     vector  : 0xffff0000 - 0xffff1000   (   4 kB)
[    0.000000]     fixmap  : 0xffc00000 - 0xfff00000   (3072 kB)
[    0.000000]     vmalloc : 0xc8800000 - 0xff000000   ( 872 MB)
[    0.000000]     lowmem  : 0xc0000000 - 0xc8000000   ( 128 MB)
[    0.000000]     pkmap   : 0xbfe00000 - 0xc0000000   (   2 MB)
[    0.000000]     modules : 0xbf000000 - 0xbfe00000   (  14 MB)
[    0.000000]       .text : 0xc0208000 - 0xc0d5fa60   (11615 kB)
[    0.000000]       .init : 0xc0d60000 - 0xc0e2c000   ( 816 kB)
[    0.000000]       .data : 0xc0e2c000 - 0xc0f2b4c0   (1022 kB)
[    0.000000]        .bss : 0xc0f2e000 - 0xc0f7d6a0   ( 318 kB)
[    0.000000] SLUB: HWalign=64, Order=0-3, MinObjects=0, CPUs=1, Nodes=1
[    0.000000] Hierarchical RCU implementation.
[    0.000000] 	Additional per-CPU info printed with stalls.
[    0.000000] 	RCU restricting CPUs from NR_CPUS=16 to nr_cpu_ids=1.
[    0.000000] RCU: Adjusting geometry for rcu_fanout_leaf=16, nr_cpu_ids=1
[    0.000000] NR_IRQS:16 nr_irqs:16 16
[    0.000000] IRQ: Found an INTC at 0xfa200000 (revision 4.0) with 96 interrupts
[    0.000000] Clocking rate (Crystal/Core/MPU): 26.0/166/600 MHz
[    0.000000] OMAP clockevent source: timer1 at 32768 Hz
[    0.000000] clocksource 32k_counter: mask: 0xffffffff max_cycles: 0xffffffff, max_idle_ns: 58327039986419 ns
[    0.000030] sched_clock: 32 bits at 32kHz, resolution 30517ns, wraps every 65535999984741ns
[    0.000030] OMAP clocksource: 32k_counter at 32768 Hz
[    0.000305] Console: colour dummy device 80x30
[    0.000366] Calibrating delay loop... 594.73 BogoMIPS (lpj=1486848)
[    0.028869] pid_max: default: 32768 minimum: 301
[    0.029083] Mount-cache hash table entries: 1024 (order: 0, 4096 bytes)
[    0.029083] Mountpoint-cache hash table entries: 1024 (order: 0, 4096 bytes)
[    0.030273] CPU: Testing write buffer coherency: ok
[    0.030731] CPU0: thread -1, cpu 0, socket -1, mpidr 0
[    0.030914] Setting up static identity map for 0x80209000 - 0x80209098
[    0.037048] Brought up 1 CPUs
[    0.037078] SMP: Total of 1 processors activated (594.73 BogoMIPS).
[    0.037109] CPU: All CPU(s) started in SVC mode.
[    0.037994] devtmpfs: initialized
[    0.043609] VFP support v0.3: implementor 41 architecture 3 part 30 variant c rev 1
[    0.066009] omap_hwmod: mcbsp2_sidetone using broken dt data from mcbsp
[    0.066680] omap_hwmod: mcbsp3_sidetone using broken dt data from mcbsp
[    0.129272] clocksource jiffies: mask: 0xffffffff max_cycles: 0xffffffff, max_idle_ns: 9556302231375000 ns
[    0.134674] pinctrl core: initialized pinctrl subsystem
[    0.180694] NET: Registered protocol family 16
[    0.184997] DMA: preallocated 256 KiB pool for atomic coherent allocations
[    0.189147] cpuidle: using governor ladder
[    0.189178] cpuidle: using governor menu
[    0.195983] Reprogramming SDRC clock to 166000000 Hz
[    0.204833] OMAP GPIO hardware version 2.5
[    0.212371] irq: no irq domain found for /ocp/l4@48000000/scm@2000/pinmux@30 !
[    0.228271] omap-gpmc 6e000000.gpmc: GPMC revision 5.0
[    0.231597] /ocp/isp@480bc000: could not get #iommu-cells for /ocp/mmu@480bd400
[    0.236083] No ATAGs?
[    0.236145] hw-breakpoint: debug architecture 0x4 unsupported.
[    0.239410] OMAP DMA hardware revision 4.0
[    0.244689] Serial: AMBA PL011 UART driver
[    0.297210] omap-dma-engine 48056000.dma-controller: OMAP DMA engine driver
[    0.304565] vgaarb: loaded
[    0.306060] SCSI subsystem initialized
[    0.307189] usbcore: registered new interface driver usbfs
[    0.307312] usbcore: registered new interface driver hub
[    0.307495] usbcore: registered new device driver usb
[    0.310394] omap_i2c 48070000.i2c: bus 0 rev3.3 at 2600 kHz
[    0.311309] omap_i2c 48072000.i2c: bus 1 rev3.3 at 400 kHz
[    0.312072] omap_i2c 48060000.i2c: bus 2 rev3.3 at 400 kHz
[    0.313659] media: Linux media interface: v0.10
[    0.313812] Linux video capture interface: v2.00
[    0.313903] pps_core: LinuxPPS API ver. 1 registered
[    0.313934] pps_core: Software ver. 5.3.6 - Copyright 2005-2007 Rodolfo Giometti <giometti@linux.it>
[    0.313964] PTP clock support registered
[    0.314422] EDAC MC: Ver: 3.0.0
[    0.317260] Advanced Linux Sound Architecture Driver Initialized.
[    0.319671] Switched to clocksource 32k_counter
[    0.341339] NET: Registered protocol family 2
[    0.342376] TCP established hash table entries: 1024 (order: 0, 4096 bytes)
[    0.342437] TCP bind hash table entries: 1024 (order: 1, 8192 bytes)
[    0.342468] TCP: Hash tables configured (established 1024 bind 1024)
[    0.342590] UDP hash table entries: 256 (order: 1, 8192 bytes)
[    0.342651] UDP-Lite hash table entries: 256 (order: 1, 8192 bytes)
[    0.342926] NET: Registered protocol family 1
[    0.343536] RPC: Registered named UNIX socket transport module.
[    0.343536] RPC: Registered udp transport module.
[    0.343566] RPC: Registered tcp transport module.
[    0.343566] RPC: Registered tcp NFSv4.1 backchannel transport module.
[    0.347198] CPU PMU: Failed to parse <no-node>/interrupt-affinity[0]
[    0.347351] hw perfevents: enabled with armv7_cortex_a8 PMU driver, 5 counters available
[    0.352020] futex hash table entries: 256 (order: 2, 16384 bytes)
[    0.376678] squashfs: version 4.0 (2009/01/31) Phillip Lougher
[    0.378570] NFS: Registering the id_resolver key type
[    0.378662] Key type id_resolver registered
[    0.378692] Key type id_legacy registered
[    0.378814] ntfs: driver 2.1.32 [Flags: R/O].
[    0.381622] Block layer SCSI generic (bsg) driver version 0.4 loaded (major 248)
[    0.381652] io scheduler noop registered
[    0.381652] io scheduler deadline registered
[    0.382049] io scheduler cfq registered (default)
[    0.390289] pinctrl-single 48002030.pinmux: 284 pins at pa fa002030 size 568
[    0.390716] pinctrl-single 48002a00.pinmux: 46 pins at pa fa002a00 size 92
[    0.391235] pinctrl-single 480025d8.pinmux: 18 pins at pa fa0025d8 size 36
[    0.530090] Serial: 8250/16550 driver, 4 ports, IRQ sharing disabled
[    0.534484] SuperH (H)SCI(F) driver initialized
[    0.536010] msm_serial: driver initialized
[    0.537170] omap_uart 4806a000.serial: no wakeirq for uart0
[    0.537414] 4806a000.serial: ttyO0 at MMIO 0x4806a000 (irq = 88, base_baud = 3000000) is a OMAP UART0
[    0.538269] omap_uart 4806c000.serial: no wakeirq for uart1
[    0.538452] 4806c000.serial: ttyO1 at MMIO 0x4806c000 (irq = 89, base_baud = 3000000) is a OMAP UART1
[    0.539398] 49020000.serial: ttyO2 at MMIO 0x49020000 (irq = 90, base_baud = 3000000) is a OMAP UART2
[    1.288665] console [ttyO2] enabled
[    1.293212] STMicroelectronics ASC driver initialized
[    1.301544] [drm] Initialized drm 1.1.0 20060810
[    1.322021] loop: module loaded
[    1.335021] twl 0-0048: PIH (irq 23) chaining IRQs 339..347
[    1.341064] twl 0-0048: power (irq 344) chaining IRQs 347..354
[    1.390991] twl4030_gpio twl4030-gpio: gpio (irq 339) chaining IRQs 355..372
[    1.501342] CAN device driver interface
[    1.508178] igb: Intel(R) Gigabit Ethernet Network Driver - version 5.2.15-k
[    1.515655] igb: Copyright (c) 2007-2014 Intel Corporation.
[    1.527465] libphy: smsc911x-mdio: probed
[    1.532073] smsc911x 8000000.ethernet eth0: attached PHY driver [SMSC LAN8700] (mii_bus:phy_addr=8000000.ethernet:01, irq=-1)
[    1.544189] smsc911x 8000000.ethernet eth0: MAC Address: 00:08:ee:02:24:9d
[    1.554077] pegasus: v0.9.3 (2013/04/25), Pegasus/Pegasus II USB Ethernet driver
[    1.562103] usbcore: registered new interface driver pegasus
[    1.568267] usbcore: registered new interface driver asix
[    1.574096] usbcore: registered new interface driver ax88179_178a
[    1.580657] usbcore: registered new interface driver cdc_ether
[    1.587005] usbcore: registered new interface driver smsc75xx
[    1.593261] usbcore: registered new interface driver smsc95xx
[    1.599456] usbcore: registered new interface driver net1080
[    1.605560] usbcore: registered new interface driver cdc_subset
[    1.611938] usbcore: registered new interface driver zaurus
[    1.618041] usbcore: registered new interface driver cdc_ncm
[    1.627807] ehci_hcd: USB 2.0 'Enhanced' Host Controller (EHCI) Driver
[    1.634765] ehci-pci: EHCI PCI platform driver
[    1.639556] ehci-platform: EHCI generic platform driver
[    1.645568] ehci-omap: OMAP-EHCI Host Controller driver
[    1.651702] ehci-omap 48064800.ehci: EHCI Host Controller
[    1.657531] ehci-omap 48064800.ehci: new USB bus registered, assigned bus number 1
[    1.665985] ehci-omap 48064800.ehci: irq 93, io mem 0x48064800
[    1.679809] ehci-omap 48064800.ehci: USB 2.0 started, EHCI 1.00
[    1.687866] hub 1-0:1.0: USB hub found
[    1.691986] hub 1-0:1.0: 3 ports detected
[    1.697631] ehci-orion: EHCI orion driver
[    1.702453] SPEAr-ehci: EHCI SPEAr driver
[    1.707153] ehci-st: EHCI STMicroelectronics driver
[    1.712677] ehci-exynos: EHCI EXYNOS driver
[    1.717529] tegra-ehci: Tegra EHCI driver
[    1.722167] ohci_hcd: USB 1.1 'Open' Host Controller (OHCI) Driver
[    1.728759] ohci-pci: OHCI PCI platform driver
[    1.733612] ohci-platform: OHCI generic platform driver
[    1.739593] ohci-omap3: OHCI OMAP3 driver
[    1.744323] ohci-omap3 48064400.ohci: OHCI Host Controller
[    1.750183] ohci-omap3 48064400.ohci: new USB bus registered, assigned bus number 2
[    1.758575] ohci-omap3 48064400.ohci: irq 92, io mem 0x48064400
[    1.841430] hub 2-0:1.0: USB hub found
[    1.845550] hub 2-0:1.0: 3 ports detected
[    1.851074] SPEAr-ohci: OHCI SPEAr driver
[    1.855926] ohci-st: OHCI STMicroelectronics driver
[    1.861755] usbcore: registered new interface driver usb-storage
[    1.871551] mousedev: PS/2 mouse device common for all mice
[    1.885803] twl_rtc 48070000.i2c:twl@48:rtc: Enabling TWL-RTC
[    1.895477] twl_rtc 48070000.i2c:twl@48:rtc: rtc core: registered 48070000.i2c:twl@48 as rtc0
[    1.906463] i2c /dev entries driver
[    1.915893] usbcore: registered new interface driver uvcvideo
[    1.921997] USB Video Class driver (1.1.1)
[    1.926330] gspca_main: v2.14.0 registered
[    1.940429] sdhci: Secure Digital Host Controller Interface driver
[    1.946990] sdhci: Copyright(c) Pierre Ossman
[    1.953857] omap_hsmmc 4809c000.mmc: multiblock reads disabled due to 35xx erratum 2.1.1.128; MMC read performance may suffer
[    2.001739] Synopsys Designware Multimedia Card Interface Driver
[    2.010650] sdhci-pltfm: SDHCI platform and OF driver helper
[    2.020172] ledtrig-cpu: registered to indicate activity on CPUs
[    2.027038] usbcore: registered new interface driver usbhid
[    2.032958] usbhid: USB HID core driver
[    2.045135] usbcore: registered new interface driver snd-usb-audio
[    2.058319] NET: Registered protocol family 17
[    2.063140] can: controller area network core (rev 20120528 abi 9)
[    2.069854] NET: Registered protocol family 29
[    2.074554] can: raw protocol (rev 20120528)
[    2.079101] can: broadcast manager protocol (rev 20120528 t)
[    2.085113] can: netlink gateway (rev 20130117) max_hops=1
[    2.091888] Key type dns_resolver registered
[    2.096832] omap2_set_init_voltage: unable to find boot up OPP for vdd_mpu_iva
[    2.104492] omap2_set_init_voltage: unable to set vdd_mpu_iva
[    2.110595] omap2_set_init_voltage: unable to find boot up OPP for vdd_core
[    2.117950] omap2_set_init_voltage: unable to set vdd_core
[    2.125976] PM: no software I/O chain control; some wakeups may be lost
[    2.134094] ThumbEE CPU extension supported.
[    2.138702] Registering SWP/SWPB emulation handler
[    2.154113] input: gpio_keys as /devices/platform/gpio_keys/input/input0
[    2.163024] twl_rtc 48070000.i2c:twl@48:rtc: setting system clock to 2015-04-08 07:29:47 UTC (1428478187)
[    2.204864] smsc911x 8000000.ethernet eth0: SMSC911x/921x identified at 0xc8808000, IRQ: 264
[    3.700073] mmc0: card never left busy state
[    3.704895] mmc0: error -110 whilst initialising SD card
[    5.545013] Sending DHCP requests ., OK
[    5.590606] IP-Config: Got DHCP answer from 192.168.1.254, my address is 192.168.1.168
[    5.600463] IP-Config: Complete:
[    5.604034]      device=eth0, hwaddr=00:08:ee:02:24:9d, ipaddr=192.168.1.168, mask=255.255.255.0, gw=192.168.1.254
[    5.615325]      host=192.168.1.168, domain=ti.com, nis-domain=(none)
[    5.622436]      bootserver=192.168.1.254, rootserver=192.168.1.254, rootpath=
[    5.630187]      nameserver0=192.0.2.2, nameserver1=192.0.2.3
[    5.638916] VUSB3V1: disabling
[    5.643829] VUSB1V8: disabling
[    5.648651] VUSB1V5: disabling
[    5.654174] VDAC: disabling
[    5.658966] VAUX3: disabling
[    5.665161] ALSA device list:
[    5.668426]   No soundcards found.
[    5.676544] Waiting for root device /dev/mmcblk0p2...
[  107.635009] random: nonblocking pool is initialized
URL:gtsystest.telogy.design.ti.com/vatf/tidfarm-02.dal.design.ti.com/tidfarm-02.dal.design.ti.com_vatf@6/tidfarm-02.dal.design.ti.com04_28_2015_06_23_39/files/session_iteration_1/test_1
