- 05:59:49 [INFO] Starting target session
- 05:59:49 [INFO] Connected to ldp via serial 
- 05:59:49 [INFO] Host: 
- 05:59:50 [INFO] Target: 

root@GenericOMAP3(FlattenedDeviceTree):/test# 
- 05:59:50 [INFO] Host: sync;poweroff
- 06:00:20 [ERROR] On command: sync;poweroff waiting for (?i-mx:reboot:\s*System halted) >>> error: execution expired
- 06:00:20 [INFO] Target: 
sync;poweroff


Broadcast message from root@GenericOMAP3(FlattenedDeviceTree) (ttyO2) (Tue Ma
The system is going down for system halt NOW!


INIT: Switching to runlevel: 0root@GenericOMAP3(FlattenedDeviceTree):/test# 


INIT: Sending processes the TERM signal


INIT: Sending processes the KILL signal

[ 1228.948364] PRM: I/O chain clock line assertion timed out
[ 1229.986999] PRM: I/O chain clock line assertion timed out
Stopping Dropbear SSH server: stopped /usr/sbin/dropbear (pid 1453)
dropbear.
Stopping telnet daemon.
Stopping system message bus: Error opening /dev/fb0: No such file or directory
Stopping syslogd/klogd: stopped syslogd (pid 1465)
stopped klogd (pid 1467)
done
Stopping thttpd.
ALSA: Storing mixer settings...
/usr/sbin/alsactl: save_state:1580: No soundcards found...
Deconfiguring network interfaces... done.
[ 1233.652404] smsc911x 8000000.ethernet eth0: SMSC911x/921x identified at 0xc887c000, IRQ: 264
Stopping Lighttpd Web Server: stopped /usr/sbin/lighttpd (pid 1478)
lighttpd.
***************************************************************
***************************************************************
NOTICE: This file system contains the followin GPLv3 packages:
	binutils-symlinks
	binutils
	gdbserver
	parted

If you do not wish to distribute GPLv3 components please remove
the above packages prior to distribution.  This can be done using
the opkg remove command.  i.e.:
    opkg remove <package>
Where <package> is the name printed in the list above

NOTE: If the package is a dependency of another package you
      will be notified of the dependent packages.  You should
      use the --force-removal-of-dependent-packages option to
      also remove the dependent packages as well
***************************************************************
***************************************************************
Sending all processes the TERM signal...
Sending all processes the KILL signal...
Unmounting remote filesystems...
Deactivating swap...
Unmounting local filesystems...

- 06:00:21 [INFO] Disconnected {"type"=>"serial"} from ldp
- 06:00:21 [INFO] Host: 
- 06:00:22 [ERROR] On command:  waiting for (?-mix:OMAP34XX\sLAB\s#) >>> error: execution expired
- 06:00:22 [INFO] Target: 


Texas Instruments X-Loader 1.41
Starting OS Bootloader...


U-Boot 1.1.4 (Mar 14 2008 - 15:08:13)

OMAP3430-GP rev 2, CPU-OPP2 L3-133MHz
OMAP3430LAB 0.1 Version + mDDR (Boot NAND)
DRAM:  128 MB
NAND:
- 06:00:22 [INFO] Host: 
- 06:00:23 [ERROR] On command:  waiting for (?-mix:OMAP34XX\sLAB\s#) >>> error: execution expired
- 06:00:23 [INFO] Target: 

- 06:00:23 [INFO] Host: 
- 06:00:23 [ERROR] On command:  waiting for (?-mix:OMAP34XX\sLAB\s#) >>> error: execution expired
- 06:00:23 [INFO] Target: 

- 06:00:23 [INFO] Host: 
- 06:00:24 [ERROR] On command:  waiting for (?-mix:OMAP34XX\sLAB\s#) >>> error: execution expired
- 06:00:24 [INFO] Target: 
256 MiB
In:    serial
Out:   serial
Err:   serial

- 06:00:24 [INFO] Host: 
- 06:00:24 [ERROR] On command:  waiting for (?-mix:OMAP34XX\sLAB\s#) >>> error: execution expired
- 06:00:24 [INFO] Target: 

- 06:00:25 [INFO] Host: 
- 06:00:25 [ERROR] On command:  waiting for (?-mix:OMAP34XX\sLAB\s#) >>> error: execution expired
- 06:00:25 [INFO] Target: 
Battery levels: main 0 mV, backup 3228 mV
Main battery charge too low!
LAN9x18 (0x92110000) detected.
Read mac address: 00:08:EE:02:24:F3
start Auto negotiation... (take ~2sec)

- 06:00:25 [INFO] Host: 
- 06:00:26 [ERROR] On command:  waiting for (?-mix:OMAP34XX\sLAB\s#) >>> error: execution expired
- 06:00:26 [INFO] Target: 

- 06:00:26 [INFO] Host: 
- 06:00:26 [ERROR] On command:  waiting for (?-mix:OMAP34XX\sLAB\s#) >>> error: execution expired
- 06:00:26 [INFO] Target: 

- 06:00:26 [INFO] Host: 
- 06:00:27 [ERROR] On command:  waiting for (?-mix:OMAP34XX\sLAB\s#) >>> error: execution expired
- 06:00:27 [INFO] Target: 

- 06:00:27 [INFO] Host: 
- 06:00:28 [INFO] Target: 


OMAP34XX LAB # 
- 06:00:28 [INFO] Host: version
- 06:00:28 [INFO] Target: 
version


U-Boot 1.1.4 (Mar 14 2008 - 15:08:13)
OMAP34XX LAB # 
- 06:00:28 [INFO] Host: bdinfo
- 06:00:29 [INFO] Target: 
bdinfo

arch_number = 0x00000472
env_t       = 0x00000000
boot_params = 0x80000100
DRAM bank   = 0x00000000
-> start    = 0x80000000
-> size     = 0x08000000
DRAM bank   = 0x00000001
-> start    = 0x88000000
-> size     = 0x00000000
ethaddr     = 00:08:EE:02:24:F3
ip_addr     = 128.247.77.90
baudrate    = 115200 bps
OMAP34XX LAB # 
- 06:00:29 [INFO] Host: printenv
- 06:00:29 [INFO] Target: 
printenv

bootargs=root=/dev/ram0 rw mem=64M console=ttyS2,115200n8 initrd=0x80600000,8M ramdisk_size=8192
bootdelay=3
baudrate=115200
ipaddr=128.247.77.90
serverip=128.247.77.158
netmask=255.255.254.0
bootfile="uImage"
stdin=serial
stdout=serial
stderr=serial
ethaddr=00:08:EE:02:24:F3

Environment size: 277/131068 bytes
OMAP34XX LAB # 
- 06:00:29 [INFO] Host: setenv autoload 'no'
- 06:00:30 [INFO] Target: 
setenv autoload 'no'

OMAP34XX LAB # 
- 06:00:30 [INFO] Host: dhcp
- 06:00:34 [INFO] Target: 
dhcp

LAN9x18 (0x92110000) detected.
Read mac address: 00:08:EE:02:24:F3
start Auto negotiation... (take ~2sec)
Auto negotiation complete, 100BaseTX, full duplex
BOOTP broadcast 1
DHCP client bound to address 192.168.1.178
OMAP34XX LAB # 
- 06:00:34 [INFO] Host: setenv serverip 128.247.105.47
- 06:00:35 [INFO] Target: 
setenv serverip 128.247.105.47

OMAP34XX LAB # 
- 06:00:35 [INFO] Host: setenv bootargs 'console=ttyO2,115200n8 earlyprintk rootwait ip=dhcp root=/dev/mmcblk0p2 rw rootfstype=ext3 nohlt'
- 06:00:35 [INFO] Target: 
setenv bootargs 'console=ttyO2,115200n8 earlyprintk rootwait ip=dhcp root=/dev/mmcblk0p2 rw rootfstype=ext3 nohlt'

OMAP34XX LAB # 
- 06:00:35 [INFO] Host: setenv bootfile vatf_6/1883bee9276f145a82a74ae2a5a27477
- 06:00:36 [INFO] Target: 
setenv bootfile vatf_6/1883bee9276f145a82a74ae2a5a27477

OMAP34XX LAB # 
- 06:00:36 [INFO] Host: setenv bootcmd 'tftp ${loadaddr};bootm ${loadaddr}'
- 06:00:36 [INFO] Target: 
setenv bootcmd 'tftp ${loadaddr};bootm ${loadaddr}'

OMAP34XX LAB # 
- 06:00:37 [INFO] Host: printenv
- 06:00:37 [INFO] Target: 
printenv

bootdelay=3
baudrate=115200
stdin=serial
stdout=serial
stderr=serial
autoload=no
ethaddr=00:08:EE:02:24:F3
gatewayip=192.168.1.254
netmask=255.255.255.0
ipaddr=192.168.1.178
serverip=128.247.105.47
bootargs=console=ttyO2,115200n8 earlyprintk rootwait ip=dhcp root=/dev/mmcblk0p2 rw rootfstype=ext3 nohlt
bootfile=vatf_6/1883bee9276f145a82a74ae2a5a27477
bootcmd=tftp ${loadaddr};bootm ${loadaddr}

Environment size: 396/131068 bytes
OMAP34XX LAB # 
- 06:00:37 [INFO] Host: boot
- 06:01:54 [INFO] Target: 
boot

LAN9x18 (0x92110000) detected.
Read mac address: 00:08:EE:02:24:F3
start Auto negotiation... (take ~2sec)
Auto negotiation complete, 100BaseTX, full duplex
TFTP from server 128.247.105.47; our IP address is 192.168.1.178; sending through gateway 192.168.1.254
Filename 'vatf_6/1883bee9276f145a82a74ae2a5a27477'.
Load address: 0x80000000
Loading: *#################################################################
	 #################################################################
	 #################################################################
	 #################################################################
	 #################################################################
	 #################################################################
	 #################################################################
	 #################################################################
	 #################################################################
	 #################################################################
	 #################################################################
	 #################################################################
	 #################################################################
	 #################################################################
	 ########################################
done
Bytes transferred = 4863757 (4a370d hex)
## Booting image at 80000000 ...
   Image Name:   Linux-3.15.0-rc7-next-20140530-0
   Image Type:   ARM Linux Kernel Image (uncompressed)
   Data Size:    4863693 Bytes =  4.6 MB
   Load Address: 80800000
   Entry Point:  80800000
   Verifying Checksum ... OK
OK

Starting kernel ...

[    0.000000] Booting Linux on physical CPU 0x0
[    0.000000] Linux version 3.15.0-rc7-next-20140530-00002-gcb6bd38 (nmenon@kahuna) (gcc version 4.6.3 (Ubuntu/Linaro 4.6.3-1ubuntu5) ) #1 SMP Fri May 30 05:55:59 CDT 2014
[    0.000000] CPU: ARMv7 Processor [411fc082] revision 2 (ARMv7), cr=10c5387d
[    0.000000] CPU: PIPT / VIPT nonaliasing data cache, VIPT nonaliasing instruction cache
[    0.000000] Machine model: TI OMAP3430 LDP (Zoom1 Labrador)
[    0.000000] cma: CMA: reserved 64 MiB at 83800000
[    0.000000] Memory policy: Data cache writeback
[    0.000000] CPU: All CPU(s) started in SVC mode.
[    0.000000] OMAP3430/3530 ES2.1 (l2cache iva sgx neon isp )
[    0.000000] PERCPU: Embedded 8 pages/cpu @c7d9a000 s8256 r8192 d16320 u32768
[    0.000000] Built 1 zonelists in Zone order, mobility grouping on.  Total pages: 32256
[    0.000000] Kernel command line: console=ttyO2,115200n8 earlyprintk rootwait ip=dhcp root=/dev/mmcblk0p2 rw rootfstype=ext3 nohlt
[    0.000000] PID hash table entries: 512 (order: -1, 2048 bytes)
[    0.000000] Dentry cache hash table entries: 16384 (order: 4, 65536 bytes)
[    0.000000] Inode-cache hash table entries: 8192 (order: 3, 32768 bytes)
[    0.000000] Memory: 52452K/130048K available (6263K kernel code, 823K rwdata, 2480K rodata, 564K init, 301K bss, 77596K reserved, 0K highmem)
[    0.000000] Virtual kernel memory layout:
[    0.000000]     vector  : 0xffff0000 - 0xffff1000   (   4 kB)
[    0.000000]     fixmap  : 0xffc00000 - 0xffe00000   (2048 kB)
[    0.000000]     vmalloc : 0xc8800000 - 0xff000000   ( 872 MB)
[    0.000000]     lowmem  : 0xc0000000 - 0xc8000000   ( 128 MB)
[    0.000000]     pkmap   : 0xbfe00000 - 0xc0000000   (   2 MB)
[    0.000000]     modules : 0xbf000000 - 0xbfe00000   (  14 MB)
[    0.000000]       .text : 0xc0208000 - 0xc0a9222c   (8745 kB)
[    0.000000]       .init : 0xc0a93000 - 0xc0b20040   ( 565 kB)
[    0.000000]       .data : 0xc0b22000 - 0xc0befd80   ( 824 kB)
[    0.000000]        .bss : 0xc0befd88 - 0xc0c3b398   ( 302 kB)
[    0.000000] SLUB: HWalign=64, Order=0-3, MinObjects=0, CPUs=1, Nodes=1
[    0.000000] Hierarchical RCU implementation.
[    0.000000] 	RCU restricting CPUs from NR_CPUS=4 to nr_cpu_ids=1.
[    0.000000] RCU: Adjusting geometry for rcu_fanout_leaf=16, nr_cpu_ids=1
[    0.000000] NR_IRQS:16 nr_irqs:16 16
[    0.000000] IRQ: Found an INTC at 0xfa200000 (revision 4.0) with 96 interrupts
[    0.000000] Total of 96 interrupts on 1 active controller
[    0.000000] Clocking rate (Crystal/Core/MPU): 26.0/266/500 MHz
[    0.000000] OMAP clockevent source: timer1 at 32768 Hz
[    0.000061] sched_clock: 32 bits at 32kHz, resolution 30517ns, wraps every 65536000000000ns
[    0.000091] OMAP clocksource: 32k_counter at 32768 Hz
[    0.000427] Console: colour dummy device 80x30
[    0.000518] Calibrating delay loop... 493.97 BogoMIPS (lpj=2469888)
[    0.058013] pid_max: default: 32768 minimum: 301
[    0.058502] Mount-cache hash table entries: 1024 (order: 0, 4096 bytes)
[    0.058532] Mountpoint-cache hash table entries: 1024 (order: 0, 4096 bytes)
[    0.059967] CPU: Testing write buffer coherency: ok
[    0.060821] CPU0: thread -1, cpu 0, socket -1, mpidr 0
[    0.061035] Setting up static identity map for 0x807eb420 - 0x807eb4b8
[    0.070892] Brought up 1 CPUs
[    0.070953] SMP: Total of 1 processors activated.
[    0.070953] CPU: All CPU(s) started in SVC mode.
[    0.072967] devtmpfs: initialized
[    0.082244] VFP support v0.3: implementor 41 architecture 3 part 30 variant c rev 1
[    0.130981] omap_hwmod: mcbsp2_sidetone using broken dt data from mcbsp
[    0.132415] omap_hwmod: mcbsp3_sidetone using broken dt data from mcbsp
[    0.204132] omap_hwmod: mcbsp2: cannot be enabled for reset (3)
[    0.221740] pinctrl core: initialized pinctrl subsystem
[    0.223449] regulator-dummy: no parameters
[    0.293701] NET: Registered protocol family 16
[    0.294494] DMA: failed to allocate 256 KiB pool for atomic coherent allocation
[    0.302185] cpuidle: using governor ladder
[    0.302276] cpuidle: using governor menu
[    0.310974] Reprogramming SDRC clock to 266000000 Hz
[    0.326263] OMAP GPIO hardware version 2.5
[    0.342651] irq: no irq domain found for /ocp/pinmux@48002030 !
[    0.378143] omap-gpmc 6e000000.gpmc: GPMC revision 5.0
[    0.390747] No ATAGs?
[    0.390808] hw-breakpoint: debug architecture 0x4 unsupported.
[    0.394348] OMAP DMA hardware revision 4.0
[    0.401733] Serial: AMBA PL011 UART driver
[    0.447570] edma-dma-engine edma-dma-engine.0: Can't allocate PaRAM dummy slot
[    0.447692] edma-dma-engine: probe of edma-dma-engine.0 failed with error -5
[    0.491455] omap-dma-engine 48056000.dma-controller: OMAP DMA engine driver
[    0.492980] vddvario: no parameters
[    0.493835] vdd33a: no parameters
[    0.494659] lcd_3v3: 3300 mV 
[    0.502105] vgaarb: loaded
[    0.504394] SCSI subsystem initialized
[    0.506500] usbcore: registered new interface driver usbfs
[    0.506805] usbcore: registered new interface driver hub
[    0.507537] usbcore: registered new device driver usb
[    0.513458] omap_i2c 48070000.i2c: bus 0 rev3.3 at 2600 kHz
[    0.514984] omap_i2c 48072000.i2c: bus 1 rev3.3 at 400 kHz
[    0.516510] omap_i2c 48060000.i2c: bus 2 rev3.3 at 400 kHz
[    0.517822] Linux video capture interface: v2.00
[    0.518066] pps_core: LinuxPPS API ver. 1 registered
[    0.518127] pps_core: Software ver. 5.3.6 - Copyright 2005-2007 Rodolfo Giometti <giometti@linux.it>
[    0.518249] PTP clock support registered
[    0.518585] EDAC MC: Ver: 3.0.0
[    0.522064] Advanced Linux Sound Architecture Driver Initialized.
[    0.525848] Switched to clocksource 32k_counter
[    0.579376] NET: Registered protocol family 2
[    0.580871] TCP established hash table entries: 1024 (order: 0, 4096 bytes)
[    0.580963] TCP bind hash table entries: 1024 (order: 1, 8192 bytes)
[    0.581024] TCP: Hash tables configured (established 1024 bind 1024)
[    0.581176] TCP: reno registered
[    0.581237] UDP hash table entries: 256 (order: 1, 8192 bytes)
[    0.581298] UDP-Lite hash table entries: 256 (order: 1, 8192 bytes)
[    0.581878] NET: Registered protocol family 1
[    0.582977] RPC: Registered named UNIX socket transport module.
[    0.583038] RPC: Registered udp transport module.
[    0.583038] RPC: Registered tcp transport module.
[    0.583068] RPC: Registered tcp NFSv4.1 backchannel transport module.
[    0.588806] hw perfevents: enabled with ARMv7 Cortex-A8 PMU driver, 5 counters available
[    0.597045] futex hash table entries: 256 (order: 2, 16384 bytes)
[    0.633026] squashfs: version 4.0 (2009/01/31) Phillip Lougher
[    0.635772] NFS: Registering the id_resolver key type
[    0.636077] Key type id_resolver registered
[    0.636138] Key type id_legacy registered
[    0.636383] msgmni has been set to 230
[    0.639312] Block layer SCSI generic (bsg) driver version 0.4 loaded (major 249)
[    0.639373] io scheduler noop registered
[    0.639434] io scheduler deadline registered
[    0.640167] io scheduler cfq registered (default)
[    0.645812] pinctrl-single 48002030.pinmux: 284 pins at pa fa002030 size 568
[    0.646789] pinctrl-single 48002a00.pinmux: 46 pins at pa fa002a00 size 92
[    0.647644] pinctrl-single 480025d8.pinmux: 18 pins at pa fa0025d8 size 36
[    0.985839] Serial: 8250/16550 driver, 4 ports, IRQ sharing disabled
[    0.991790] Serial: IMX driver
[    0.993225] msm_serial: driver initialized
[    0.995147] omap_uart 4806a000.serial: no wakeirq for uart0
[    0.995574] 4806a000.serial: ttyO0 at MMIO 0x4806a000 (irq = 88, base_baud = 3000000) is a OMAP UART0
[    0.997344] omap_uart 4806c000.serial: no wakeirq for uart0
[    0.997741] 4806c000.serial: ttyO1 at MMIO 0x4806c000 (irq = 89, base_baud = 3000000) is a OMAP UART1
[    0.999908] 49020000.serial: ttyO2 at MMIO 0x49020000 (irq = 90, base_baud = 3000000) is a OMAP UART2
[    1.740020] console [ttyO2] enabled
[    1.745239] STMicroelectronics ASC driver initialized
[    1.754028] serial: Freescale lpuart driver
[    1.759460] [drm] Initialized drm 1.1.0 20060810
[    1.785827] loop: module loaded
[    1.804046] twl 0-0048: PIH (irq 23) chaining IRQs 339..347
[    1.810333] twl 0-0048: power (irq 344) chaining IRQs 347..354
[    1.824188] vcc: at 3000 mV 
[    1.830291] VAUX2_4030: at 1800 mV 
[    1.837127] VAUX3: at 2800 mV 
[    1.843353] VAUX4: at 2800 mV 
[    1.849670] VDD1: 600 <--> 1450 mV at 1200 mV 
[    1.857788] VDAC: 1800 mV 
[    1.865661] VIO: at 1800 mV 
[    1.872558] VINTANA1: 1500 mV 
[    1.879577] VINTANA2: at 2750 mV 
[    1.886871] VINTDIG: 1500 mV 
[    1.892639] VMMC1: 1850 <--> 3150 mV at 3000 mV 
[    1.900665] VMMC2: 1850 <--> 3150 mV at 2600 mV 
[    1.908203] VUSB1V5: 1500 mV 
[    1.913574] VUSB1V8: 1800 mV 
[    1.919006] VUSB3V1: 3100 mV 
[    1.925872] VPLL1: at 1800 mV 
[    1.933563] VPLL2: 1800 mV 
[    1.939697] VSIM: 1800 <--> 3000 mV at 1800 mV 
[    1.946899] twl4030_gpio twl4030-gpio: gpio (irq 339) chaining IRQs 355..372
[    1.986328] CAN device driver interface
[    2.002441] libphy: smsc911x-mdio: probed
[    2.086364] smsc911x 8000000.ethernet eth0: attached PHY driver [Generic PHY] (mii_bus:phy_addr=8000000.ethernet:01, irq=-1)
[    2.098541] smsc911x 8000000.ethernet eth0: MAC Address: 00:08:ee:02:24:f3
[    2.108978] pegasus: v0.9.3 (2013/04/25), Pegasus/Pegasus II USB Ethernet driver
[    2.117156] usbcore: registered new interface driver pegasus
[    2.123443] usbcore: registered new interface driver asix
[    2.129577] usbcore: registered new interface driver ax88179_178a
[    2.136413] usbcore: registered new interface driver cdc_ether
[    2.142913] usbcore: registered new interface driver smsc75xx
[    2.149475] usbcore: registered new interface driver smsc95xx
[    2.155853] usbcore: registered new interface driver net1080
[    2.162261] usbcore: registered new interface driver cdc_subset
[    2.168945] usbcore: registered new interface driver zaurus
[    2.175231] usbcore: registered new interface driver cdc_ncm
[    2.181457] ehci_hcd: USB 2.0 'Enhanced' Host Controller (EHCI) Driver
[    2.188507] ehci-pci: EHCI PCI platform driver
[    2.193481] ehci-platform: EHCI generic platform driver
[    2.199981] ehci-omap: OMAP-EHCI Host Controller driver
[    2.206695] ehci-omap 48064800.ehci: EHCI Host Controller
[    2.212524] ehci-omap 48064800.ehci: new USB bus registered, assigned bus number 1
[    2.220794] ehci-omap 48064800.ehci: can't setup: -12
[    2.226287] ehci-omap 48064800.ehci: USB bus 1 deregistered
[    2.232238] ehci-omap 48064800.ehci: failed to add hcd with err -12
[    2.239105] ehci-omap: probe of 48064800.ehci failed with error -12
[    2.246154] ehci-orion: EHCI orion driver
[    2.251129] SPEAr-ehci: EHCI SPEAr driver
[    2.256256] tegra-ehci: Tegra EHCI driver
[    2.261291] ohci_hcd: USB 1.1 'Open' Host Controller (OHCI) Driver
[    2.268066] ohci-pci: OHCI PCI platform driver
[    2.273071] ohci-platform: OHCI generic platform driver
[    2.279479] ohci-omap3: OHCI OMAP3 driver
[    2.284576] ohci-omap3 48064400.ohci: OHCI Host Controller
[    2.290618] ohci-omap3 48064400.ohci: new USB bus registered, assigned bus number 1
[    2.298858] ------------[ cut here ]------------
[    2.303771] WARNING: CPU: 0 PID: 1 at arch/arm/mm/dma-mapping.c:523 __dma_alloc+0x254/0x298()
[    2.312866] coherent pool not initialised!
[    2.317291] Modules linked in:
[    2.320556] CPU: 0 PID: 1 Comm: swapper/0 Not tainted 3.15.0-rc7-next-20140530-00002-gcb6bd38 #1
[    2.329986] [<c021572c>] (unwind_backtrace) from [<c02113b0>] (show_stack+0x10/0x14)
[    2.338317] [<c02113b0>] (show_stack) from [<c07e6720>] (dump_stack+0x70/0x8c)
[    2.346099] [<c07e6720>] (dump_stack) from [<c0247bd4>] (warn_slowpath_common+0x64/0x84)
[    2.354644] [<c0247bd4>] (warn_slowpath_common) from [<c0247c88>] (warn_slowpath_fmt+0x30/0x40)
[    2.363983] [<c0247c88>] (warn_slowpath_fmt) from [<c021ada8>] (__dma_alloc+0x254/0x298)
[    2.372650] [<c021ada8>] (__dma_alloc) from [<c021af14>] (arm_dma_alloc+0x84/0x9c)
[    2.380798] [<c021af14>] (arm_dma_alloc) from [<c0608910>] (ohci_init+0x128/0x288)
[    2.388946] [<c0608910>] (ohci_init) from [<c05e9058>] (usb_add_hcd+0x240/0x748)
[    2.396881] [<c05e9058>] (usb_add_hcd) from [<c060aaa4>] (ohci_hcd_omap3_probe+0x14c/0x21c)
[    2.405731] [<c060aaa4>] (ohci_hcd_omap3_probe) from [<c051df50>] (platform_drv_probe+0x18/0x48)
[    2.415161] [<c051df50>] (platform_drv_probe) from [<c051c6dc>] (driver_probe_device+0x114/0x234)
[    2.424652] [<c051c6dc>] (driver_probe_device) from [<c051c888>] (__driver_attach+0x8c/0x90)
[    2.433685] [<c051c888>] (__driver_attach) from [<c051b098>] (bus_for_each_dev+0x54/0x88)
[    2.442443] [<c051b098>] (bus_for_each_dev) from [<c051bee4>] (bus_add_driver+0xd8/0x1cc)
[    2.451202] [<c051bee4>] (bus_add_driver) from [<c051cec4>] (driver_register+0x78/0xf4)
[    2.459808] [<c051cec4>] (driver_register) from [<c0208c44>] (do_one_initcall+0x80/0x1c4)
[    2.468566] [<c0208c44>] (do_one_initcall) from [<c0a93c88>] (kernel_init_freeable+0x100/0x1cc)
[    2.477905] [<c0a93c88>] (kernel_init_freeable) from [<c07e1f30>] (kernel_init+0x8/0xe4)
[    2.486572] [<c07e1f30>] (kernel_init) from [<c020e6f8>] (ret_from_fork+0x14/0x3c)
[    2.494628] ---[ end trace d5562e5af6e69332 ]---
[    2.499633] ohci-omap3 48064400.ohci: can't setup: -12
[    2.505096] ohci-omap3 48064400.ohci: USB bus 1 deregistered
[    2.511291] ohci-omap3: probe of 48064400.ohci failed with error -12
[    2.518402] SPEAr-ohci: OHCI SPEAr driver
[    2.526458] usbcore: registered new interface driver usb-storage
[    2.541748] mousedev: PS/2 mouse device common for all mice
[    2.558929] twl_rtc 48070000.i2c:twl@48:rtc: Enabling TWL-RTC
[    2.570312] twl_rtc 48070000.i2c:twl@48:rtc: rtc core: registered 48070000.i2c:twl@48 as rtc0
[    2.582611] i2c /dev entries driver
[    2.592987] usbcore: registered new interface driver uvcvideo
[    2.599212] USB Video Class driver (1.1.1)
[    2.603607] gspca_main: v2.14.0 registered
[    2.629150] sdhci: Secure Digital Host Controller Interface driver
[    2.635681] sdhci: Copyright(c) Pierre Ossman
[    2.643981] omap_hsmmc 4809c000.mmc: multiblock reads disabled due to 35xx erratum 2.1.1.128; MMC read performance may suffer
[    2.698364] sdhci-pltfm: SDHCI platform and OF driver helper
[    2.709533] usbcore: registered new interface driver usbhid
[    2.715423] usbhid: USB HID core driver
[    2.739807] TCP: cubic registered
[    2.743347] NET: Registered protocol family 17
[    2.748352] can: controller area network core (rev 20120528 abi 9)
[    2.755096] NET: Registered protocol family 29
[    2.759979] can: raw protocol (rev 20120528)
[    2.764526] can: broadcast manager protocol (rev 20120528 t)
[    2.770721] can: netlink gateway (rev 20130117) max_hops=1
[    2.778076] Key type dns_resolver registered
[    2.783172] omap2_set_init_voltage: unable to find boot up OPP for vdd_mpu_iva
[    2.790954] omap2_set_init_voltage: unable to set vdd_mpu_iva
[    2.797180] omap2_set_init_voltage: unable to find boot up OPP for vdd_core
[    2.804504] omap2_set_init_voltage: unable to set vdd_core
[    2.811676] PM: no software I/O chain control; some wakeups may be lost
[    2.820465] ThumbEE CPU extension supported.
[    2.825103] Registering SWP/SWPB emulation handler
[    2.833984] VUSB3V1: disabling
[    2.839691] VUSB1V8: disabling
[    2.846527] VUSB1V5: disabling
[    2.863403] input: gpio_keys as /devices/gpio_keys/input/input0
[    2.872436] twl_rtc 48070000.i2c:twl@48:rtc: setting system clock to 2014-05-13 17:54:04 UTC (1400003644)
[    3.022918] mmc0: host does not support reading read-only switch. assuming write-enable.
[    3.031860] smsc911x 8000000.ethernet eth0: SMSC911x/921x identified at 0xc8806000, IRQ: 264
[    3.041748] mmc0: new high speed SDHC card at address 1234
[    3.049102] mmcblk0: mmc0:1234 SA04G 3.63 GiB 
[    3.056091] Sending DHCP requests .
[    3.065124]  mmcblk0: p1 p2
[    5.936004] ., OK
[    5.986572] IP-Config: Got DHCP answer from 192.168.1.254, my address is 192.168.1.178
[    5.995574] IP-Config: Complete:
[    5.999206]      device=eth0, hwaddr=00:08:ee:02:24:f3, ipaddr=192.168.1.178, mask=255.255.255.0, gw=192.168.1.254
[    6.010253]      host=192.168.1.178, domain=ti.com, nis-domain=(none)
[    6.017181]      bootserver=192.168.1.254, rootserver=192.168.1.254, rootpath=
[    6.024597]      nameserver0=192.0.2.2, nameserver1=192.0.2.3
[    6.031768] ALSA device list:
[    6.034912]   No soundcards found.
[    6.040222] PRM: I/O chain clock line assertion timed out
[    6.050537] EXT4-fs (mmcblk0p2): mounting ext3 file system using the ext4 subsystem
[    6.341766] EXT4-fs (mmcblk0p2): mounted filesystem with ordered data mode. Opts: (null)
[    6.350555] VFS: Mounted root (ext3 filesystem) on device 179:2.
[    6.376312] devtmpfs: mounted
[    6.380981] Freeing unused kernel memory: 564K (c0a93000 - c0b20000)
[    7.727111] random: nonblocking pool is initialized
[    9.490539] PRM: I/O chain clock line assertion timed out
[    9.498199] PRM: I/O chain clock line assertion timed out
[    9.504913] PRM: I/O chain clock line assertion timed out
[   10.011352] PRM: I/O chain clock line assertion timed out

INIT: [   10.036376] PRM: I/O chain clock line assertion timed out
[   10.043823] PRM: I/O chain clock line assertion timed out
version 2.88 booting[   10.066406] PRM: I/O chain clock line assertion timed out
[   10.073822] PRM: I/O chain clock line assertion timed out


[   10.096435] PRM: I/O chain clock line assertion timed out
[   10.116363] PRM: I/O chain clock line assertion timed out
Error opening /dev/fb0: No such file or directory
/dev/ttyO2 linked to /dev/tty-bd - using as console
Starting udev
[   18.123626] udevd[95]: starting version 182
[   36.320770] FAT-fs (mmcblk0p1): codepage cp437 not found
[   36.413116] FAT-fs (mmcblk0p1): codepage cp437 not found
[   36.927764] FAT-fs (mmcblk0p1): codepage cp437 not found
[   37.020996] FAT-fs (mmcblk0p1): codepage cp437 not found
ERROR: could not open directory /lib/modules/3.15.0-rc7-next-20140530-00002-gcb6bd38: No such file or directory
WARNING: -e needs -E or -F
ERROR: could not open directory /lib/modules/3.15.0-rc7-next-20140530-00002-gcb6bd38: No such file or directory
FATAL: could not search modules: No such file or directory
Starting Bootlog daemon: bootlogd.

[   37.871887] EXT4-fs (mmcblk0p2): re-mounted. Opts: data=ordered
ALSA: Restoring mixer settings...

Configuring network interfaces... /usr/sbin/alsactl: load_state:1696: No soundcards found...

udhcpc (v1.20.2) started

Sending discover...

Sending select for 192.168.1.184...

Lease of 192.168.1.184 obtained, lease time 600

/etc/udhcpc.d/50default: Adding DNS 192.0.2.2

/etc/udhcpc.d/50default: Adding DNS 192.0.2.3

done.


INIT: Entering runlevel: 3


/dev/ttyO2 linked to /dev/tty-bd - using as console

Starting system message bus: dbus.

Starting Dropbear SSH server: dropbear.

Starting telnet daemon.

Starting syslogd/klogd: done

Starting thttpd.

Starting Lighttpd Web Server: 2014-05-13 17:54:53: (log.c.166) server started 

lighttpd.

***************************************************************

***************************************************************

NOTICE: This file system contains the followin GPLv3 packages:

	binutils-symlinks

	binutils

	gdbserver

	parted



If you do not wish to distribute GPLv3 components please remove

the above packages prior to distribution.  This can be done using

the opkg remove command.  i.e.:

    opkg remove <package>

Where <package> is the name printed in the list above



NOTE: If the package is a dependency of another package you

      will be notified of the dependent packages.  You should

      use the --force-removal-of-dependent-packages option to

      also remove the dependent packages as well

***************************************************************

***************************************************************

Stopping Bootlog daemon: bootlogd.
[   58.925048] PRM: I/O chain clock line assertion timed out
[   58.940704] PRM: I/O chain clock line assertion timed out
[   59.053344] PRM: I/O chain clock line assertion timed out
[   59.061798] PRM: I/O chain clock line assertion timed out

 _____                    _____           _         _   
|  _  |___ ___ ___ ___   |  _  |___ ___  |_|___ ___| |_ 
|     |  _| .'| . | . |  |   __|  _| . | | | -_|  _|  _|
|__|__|_| |__,|_  |___|  |__|  |_| |___|_| |___|___|_|  
              |___|                    |___|            

Arago Project http://arago-project.org GenericOMAP3(FlattenedDeviceTree) tty-bd

Arago 2013.12 GenericOMAP3(FlattenedDeviceTree) tty-bd

GenericOMAP3(FlattenedDeviceTree) login: 
- 06:01:54 [INFO] Host: root
- 06:01:55 [INFO] Target: 
root
root@GenericOMAP3(FlattenedDeviceTree):~# 
- 06:01:55 [INFO] Host: uname -a
- 06:01:55 [INFO] Target: 
uname -a
Linux GenericOMAP3(FlattenedDeviceTree) 3.15.0-rc7-next-20140530-00002-gcb6bd38 #1 SMP Fri May 30 05:55:59 CDT 2014 armv7l GNU/Linux
root@GenericOMAP3(FlattenedDeviceTree):~# 
- 06:01:55 [INFO] Host: cat /proc/cmdline
- 06:01:56 [INFO] Target: 
cat /proc/cmdline
console=ttyO2,115200n8 earlyprintk rootwait ip=dhcp root=/dev/mmcblk0p2 rw rootfstype=ext3 nohlt
root@GenericOMAP3(FlattenedDeviceTree):~# 
- 06:01:56 [INFO] Host: uname -a
- 06:01:57 [INFO] Target: 
uname -a
Linux GenericOMAP3(FlattenedDeviceTree) 3.15.0-rc7-next-20140530-00002-gcb6bd38 #1 SMP Fri May 30 05:55:59 CDT 2014 armv7l GNU/Linux
root@GenericOMAP3(FlattenedDeviceTree):~# 
- 06:01:57 [INFO] Host: cat /proc/mtd
- 06:01:57 [INFO] Target: 
cat /proc/mtd
dev:    size   erasesize  name
root@GenericOMAP3(FlattenedDeviceTree):~# 
- 06:02:06 [INFO] Host: export IPERFHOST=128.247.105.47
- 06:02:07 [INFO] Target: 
export IPERFHOST=128.247.105.47
root@GenericOMAP3(FlattenedDeviceTree):~# 
- 06:02:07 [INFO] Host: export NFS_SERVER=128.247.105.47
- 06:02:07 [INFO] Target: 
export NFS_SERVER=128.247.105.47
root@GenericOMAP3(FlattenedDeviceTree):~# 
- 06:02:07 [INFO] Host: export NFS_ROOT_PATH=/usr/workdir/filesys/linux/ldp
- 06:02:08 [INFO] Target: 
export NFS_ROOT_PATH=/usr/workdir/file 
sys/linux/ldp
root@GenericOMAP3(FlattenedDeviceTree):~# 
- 06:02:08 [INFO] Host: mkdir -p -m 777 /test
- 06:02:08 [INFO] Target: 
mkdir -p -m 777 /test
root@GenericOMAP3(FlattenedDeviceTree):~# 
- 06:02:08 [INFO] Host: cd /test
- 06:02:09 [INFO] Target: 
cd /test
root@GenericOMAP3(FlattenedDeviceTree):/test# 
- 06:02:09 [INFO] Host: cat > test.sh << EOF
- 06:02:09 [INFO] Target: 
cat > test.sh << EOF
> 
- 06:02:09 [INFO] Host: failtest() {

- 06:02:10 [INFO] Target: 
failtest() {
> 
- 06:02:10 [INFO] Host:   echo 1 >&3

- 06:02:11 [INFO] Target: 
  echo 1 >&3
> 
- 06:02:11 [INFO] Host: }

- 06:02:11 [INFO] Target: 
}
> 
- 06:02:11 [INFO] Host: script=anonymous:anonymous@gtautoftp.gt.design.ti.com/anonymous/opentest/target-test-basic.sh_md5_5d260c597a39e144f6dea1bc54ee8584

- 06:02:21 [ERROR] On command: script=anonymous:anonymous@gtautoftp.gt.design.ti.com/anonymous/opentest/target-test-basic.sh_md5_5d260c597a39e144f6dea1bc54ee8584
 waiting for (?-mix:.*) >>> error: execution expired
- 06:02:21 [INFO] Target: 
script=anonymous:anonymous@gtautoftp.gt.design.ti.com/anonymous/opentest/targe 
t-test-basic.sh_md5_5d260c597a39e144f6dea1bc54ee8584
> 
- 06:02:21 [INFO] Host: timeout=600

- 06:02:22 [INFO] Target: 
timeout=600
> 
- 06:02:22 [INFO] Host: 

- 06:02:22 [INFO] Target: 

> 
- 06:02:23 [INFO] Host: # Start of user's script logic

- 06:02:23 [INFO] Target: 
# Start of user's script logic
> 
- 06:02:23 [INFO] Host: 

- 06:02:24 [INFO] Target: 

> 
- 06:02:24 [INFO] Host: 

- 06:02:24 [INFO] Target: 

> 
- 06:02:24 [INFO] Host: mount -t proc proc /proc 2>/dev/null;

- 06:02:25 [INFO] Target: 
mount -t proc proc /proc 2>/dev/null;
> 
- 06:02:25 [INFO] Host: 

- 06:02:25 [INFO] Target: 

> 
- 06:02:25 [INFO] Host: mount -t sysfs sys /sys 2>/dev/null;

- 06:02:26 [INFO] Target: 
mount -t sysfs sys /sys 2>/dev/null;
> 
- 06:02:26 [INFO] Host: 

- 06:02:27 [INFO] Target: 

> 
- 06:02:27 [INFO] Host: mount -t debugfs none /sys/kernel/debug 2>/dev/null;

- 06:02:27 [INFO] Target: 
mount -t debugfs none /sys/kernel/debug 2>/dev/null;
> 
- 06:02:27 [INFO] Host: 

- 06:02:28 [INFO] Target: 

> 
- 06:02:28 [INFO] Host: echo 'cpuinfo:';cat /proc/cpuinfo; echo '=======';

- 06:02:28 [INFO] Target: 
echo 'cpuinfo:';cat /proc/cpuinfo; echo '=======';
> 
- 06:02:28 [INFO] Host: 

- 06:02:29 [INFO] Target: 

> 
- 06:02:29 [INFO] Host: echo 'soc info:';head /sys/devices/soc0/* 2>/dev/null; echo '=======';

- 06:02:29 [INFO] Target: 
echo 'soc info:';head /sys/devices/soc0/* 2>/dev/null; echo '=======';
> 
- 06:02:29 [INFO] Host: 

- 06:02:30 [INFO] Target: 

> 
- 06:02:30 [INFO] Host: echo 'interrupts:';cat /proc/interrupts; echo '=======';

- 06:02:31 [INFO] Target: 
echo 'interrupts:';cat /proc/interrupts; echo '=======';
> 
- 06:02:31 [INFO] Host: 

- 06:02:31 [INFO] Target: 

> 
- 06:02:31 [INFO] Host: echo 'Clk_summary:';cat /sys/kernel/debug/clk/clk_summary; echo '=======';

- 06:02:32 [INFO] Target: 
echo 'Clk_summary:';cat /sys/kernel/debug/clk/clk_summary; echo '=======';
> 
- 06:02:32 [INFO] Host: 

- 06:02:32 [INFO] Target: 

> 
- 06:02:32 [INFO] Host: echo 'Orphan Clks:';ls /sys/kernel/debug/clk/orphans/; echo '=======';

- 06:02:33 [INFO] Target: 
echo 'Orphan Clks:';ls /sys/kernel/debug/clk/orphans/; echo '=======';
> 
- 06:02:33 [INFO] Host: 

- 06:02:34 [INFO] Target: 

> 
- 06:02:34 [INFO] Host: echo 'H''ello World' 'B''oard Booted';

- 06:02:34 [INFO] Target: 
echo 'H''ello World' 'B''oard Booted';
> 
- 06:02:34 [INFO] Host: 

- 06:02:35 [INFO] Target: 

> 
- 06:02:35 [INFO] Host: EOF
- 06:02:35 [INFO] Target: 
EOF
root@GenericOMAP3(FlattenedDeviceTree):/test# 
- 06:02:35 [INFO] Host: cd /test
- 06:02:36 [INFO] Target: 
cd /test
root@GenericOMAP3(FlattenedDeviceTree):/test# 
- 06:02:36 [INFO] Host: chmod +x test.sh
- 06:02:36 [INFO] Target: 
chmod +x test.sh
root@GenericOMAP3(FlattenedDeviceTree):/test# 
- 06:02:36 [INFO] Host: ./test.sh 2> stderr.log > stdout.log 3> result.log
- 06:02:37 [INFO] Target: 
./test.sh 2> stderr.log > stdout.l 
og 3> result.log
root@GenericOMAP3(FlattenedDeviceTree):/test# 
- 06:02:37 [INFO] Host: echo $?
- 06:02:38 [INFO] Target: 
echo $?
0
root@GenericOMAP3(FlattenedDeviceTree):/test# 
- 06:02:38 [INFO] Host: cd /test
- 06:02:38 [INFO] Target: 
cd /test
root@GenericOMAP3(FlattenedDeviceTree):/test# 
- 06:02:38 [INFO] Host: cat stdout.log
- 06:02:40 [INFO] Target: 
cat stdout.log
cpuinfo:
processor	: 0
model name	: ARMv7 Processor rev 2 (v7l)
Features	: swp half thumb fastmult vfp edsp thumbee neon vfpv3 tls vfpd32 
CPU implementer	: 0x41
CPU architecture: 7
CPU variant	: 0x1
CPU part	: 0xc08
CPU revision	: 2

Hardware	: Generic OMAP3 (Flattened Device Tree)
Revision	: 0000
Serial		: 0000000000000000
=======
soc info:
==> /sys/devices/soc0/family <==
OMAP3

==> /sys/devices/soc0/machine <==
OMAP3430/3530

==> /sys/devices/soc0/power <==

==> /sys/devices/soc0/revision <==
ES2.1

==> /sys/devices/soc0/subsystem <==

==> /sys/devices/soc0/type <==
GP

==> /sys/devices/soc0/uevent <==
=======
interrupts:
           CPU0       
 23:          0      INTC   7  TWL4030-PIH
 25:          0      INTC   9  l3-debug-irq
 26:          0      INTC  10  l3-app-irq
 28:          0      INTC  12  DMA
 29:      28478      INTC  13  omap-dma-engine
 36:          0      INTC  20  gpmc
 53:       4906      INTC  37  gp_timer
 72:        393      INTC  56  48070000.i2c
 73:         30      INTC  57  48072000.i2c
 77:         30      INTC  61  48060000.i2c
 90:       3699      INTC  74  OMAP UART2
 99:      57013      INTC  83  mmc0
213:          0      GPIO   5  enter
214:          0      GPIO   6  f1
215:          0      GPIO   7  f2
216:          0      GPIO   8  f3
217:          0      GPIO   9  f4
218:          0      GPIO  10  left
219:          0      GPIO  11  right
220:          0      GPIO  12  up
221:          0      GPIO  13  down
264:         12      GPIO  24  eth0
306:          0      PRCM  pm_wkup
315:          0      PRCM  pinctrl, pinctrl, pm_io
338:          0   pinctrl 366  OMAP UART2
339:          0   twl4030   0  twl4030_gpio
344:          0   twl4030   5  twl4030_power
350:          0   twl4030  11  rtc0
IPI0:          0  CPU wakeup interrupts
IPI1:          0  Timer broadcast interrupts
IPI2:          0  Rescheduling interrupts
IPI3:          0  Function call interrupts
IPI4:          0  Single function call interrupts
IPI5:          0  CPU stop interrupts
IPI6:          0  IRQ work interrupts
IPI7:          0  completion interrupts
Err:          0
=======
Clk_summary:
   clock                         enable_cnt  prepare_cnt        rate   accuracy
--------------------------------------------------------------------------------
 secure_32k_fck                           0            1       32768          0
    wdt1_fck                              0            0       32768          0
    gpt12_fck                             0            1       32768          0
 dummy_ck                                 0            0           0          0
 mcbsp_clks                               0            5           0          0
 sys_altclk                               0            0           0          0
 virt_38_4m_ck                            0            0    38400000          0
 virt_26000000_ck                         1            1    26000000          0
    osc_sys_ck                            1            1    26000000          0
       sys_clkout1                        0            0    26000000          0
       sys_ck                             3           18    13000000          0
          cpefuse_fck                     0            0    13000000          0
          dpll5_ck                        0            1   120000000          0
             dpll5_m2_ck                  0            1   120000000          0
                usbhost_120m_fck           0            0   120000000          0
                usbtll_fck                0            1   120000000          0
                dpll5_m2_d4_ck            0            0    30000000          0
                dpll5_m2_d8_ck            0            0    15000000          0
                dpll5_m2_d16_ck           0            0     7500000          0
                dpll5_m2_d20_ck           0            0     6000000          0
          sys_d2_ck                       0            0     6500000          0
             usim_fck                     0            0     6500000          0
          modem_fck                       0            0    13000000          0
          dpll2_ck                        0            1   360000000          0
             dpll2_m2_ck                  0            1   360000000          0
                iva2_ck                   0            2   360000000          0
          sr2_fck                         0            1    13000000          0
          sr1_fck                         0            1    13000000          0
          traceclk_src_fck                0            0    13000000          0
             traceclk_fck                 0            0    13000000          0
          emu_src_mux_ck                  0            1    13000000          0
             emu_src_ck                   0            1    13000000          0
                atclk_fck                 0            0    13000000          0
                pclkx2_fck                0            0    13000000          0
                pclk_fck                  0            0     6500000          0
          gpt9_fck                        0            1    13000000          0
          gpt8_fck                        0            1    13000000          0
          gpt7_fck                        0            1    13000000          0
          gpt6_fck                        0            1    13000000          0
          gpt5_fck                        0            1    13000000          0
          gpt4_fck                        0            1    13000000          0
          gpt3_fck                        0            1    13000000          0
          gpt2_fck                        0            1    13000000          0
          dss2_alwon_fck                  0            2    13000000          0
          dpll1_ck                        0            1   500000000          0
             dpll1_x2_ck                  0            1  1000000000          0
                dpll1_x2m2_ck             0            1  1000000000          0
                   mpu_ck                 0            1  1000000000          0
                      emu_mpu_alwon_ck           0            0  1000000000          0
                      arm_fck             0            1   500000000          0
          dpll3_ck                        1            1   266000000          0
             dpll3_m2_ck                  1            2   266000000          0
                core_ck                   1            1   266000000          0
                   core_d2_ck             0            0   133000000          0
                   core_d6_ck             0            0    44333333          0
                      sgx_fck             0            0    44333333          0
                   core_d4_ck             0            0    66500000          0
                   core_d3_ck             0            0    88666666          0
                   dpll2_fck              0            0   266000000          0
                   l3_ick                 2            3   133000000          0
                      sgx_ick             0            0   133000000          0
                      mad2d_ick           0            0   133000000          0
                      sad2d_ick           0            1   133000000          0
                      security_l3_ick           0            0   133000000          0
                         pka_ick           0            0   133000000          0
                      core_l3_ick           8           10   133000000          0
                         hsotgusb_ick_3430es2           0            1   133000000          0
                         gpmc_fck           2            2   133000000          0
                         sdrc_ick           1            1   133000000          0
                      l4_ick              7            8    66500000          0
                         usbhost_ick           1            1    66500000          0
                         dss_ick_3430es2           4            6    66500000          0
                         sr_l4_ick           2            2    66500000          0
                         ssi_l4_ick           1            1    66500000          0
                            ssi_ick_3430es2           1            1    66500000          0
                         cam_ick           0            1    66500000          0
                         security_l4_ick2           0            0    66500000          0
                            des1_ick           0            0    66500000          0
                            sha11_ick           0            0    66500000          0
                            rng_ick           0            0    66500000          0
                            aes1_ick           0            0    66500000          0
                         per_l4_ick          14           17    66500000          0
                            mcbsp4_ick           2            2    66500000          0
                            mcbsp3_ick           2            2    66500000          0
                            mcbsp2_ick           1            1    66500000          0
                            gpt2_ick           1            1    66500000          0
                            gpt3_ick           1            1    66500000          0
                            gpt4_ick           1            1    66500000          0
                            gpt5_ick           1            1    66500000          0
                            gpt6_ick           1            1    66500000          0
                            gpt7_ick           1            1    66500000          0
                            gpt8_ick           1            1    66500000          0
                            gpt9_ick           1            1    66500000          0
                            uart4_ick           0            0    66500000          0
                            uart3_ick           1            1    66500000          0
                            wdt3_ick           0            0    66500000          0
                            gpio2_ick           0            1    66500000          0
                            gpio3_ick           0            1    66500000          0
                            gpio4_ick           1            1    66500000          0
                            gpio5_ick           1            1    66500000          0
                            gpio6_ick           0            1    66500000          0
                         core_l4_ick          21           23    66500000          0
                            mmchs3_ick           1            1    66500000          0
                            usbtll_ick           1            1    66500000          0
                            mailboxes_ick           0            1    66500000          0
                            mspro_ick           0            0    66500000          0
                            des2_ick           0            0    66500000          0
                            icr_ick           0            0    66500000          0
                            sha12_ick           1            2    66500000          0
                            aes2_ick           1            2    66500000          0
                            omapctrl_ick           1            1    66500000          0
                            mcbsp1_ick           1            1    66500000          0
                            mcbsp5_ick           1            1    66500000          0
                            gpt10_ick           1            1    66500000          0
                            gpt11_ick           1            1    66500000          0
                            uart1_ick           1            1    66500000          0
                            uart2_ick           1            1    66500000          0
                            i2c1_ick           1            1    66500000          0
                            i2c2_ick           1            1    66500000          0
                            i2c3_ick           1            1    66500000          0
                            mcspi1_ick           1            1    66500000          0
                            mcspi2_ick           1            1    66500000          0
                            mcspi3_ick           1            1    66500000          0
                            mcspi4_ick           1            1    66500000          0
                            hdq_ick           0            1    66500000          0
                            mmchs1_ick           1            1    66500000          0
                            mmchs2_ick           1            1    66500000          0
                         rm_ick           0            0    33250000          0
                   dpll1_fck              0            0   133000000          0
                dpll3_m2x2_ck             0            1   532000000          0
                   corex2_fck             0            1   532000000          0
                      ssi_ssr_fck_3430es2           0            1   177333334          0
                         ssi_sst_fck_3430es2           0            0    88666667          0
                      corex2_d5_fck           0            0   106400000          0
                      corex2_d3_fck           0            0   177333333          0
             dpll3_m3_ck                  0            0   133000000          0
                dpll3_m3x2_mul_ck           0            0   266000000          0
                   dpll3_m3x2_ck           0            0   266000000          0
                      emu_core_alwon_ck           0            0   266000000          0
             dpll3_x2_ck                  0            0   532000000          0
          dpll4_ck                        1            3   432000000          0
             dpll4_m6_ck                  0            0   144000000          0
                dpll4_m6x2_mul_ck           0            0   288000000          0
                   dpll4_m6x2_ck           0            0   288000000          0
                      emu_per_alwon_ck           0            0   288000000          0
             dpll4_m5_ck                  0            0   108000000          0
                dpll4_m5x2_mul_ck           0            0   216000000          0
                   dpll4_m5x2_ck           0            0   216000000          0
                      cam_mclk            0            0   216000000          0
             dpll4_m4_ck                  0            1    48000000          0
                dpll4_m4x2_mul_ck           0            1    96000000          0
                   dpll4_m4x2_ck           0            1    96000000          0
                      dss1_alwon_fck_3430es2           0            4    96000000          0
             dpll4_m3_ck                  0            1    27000000          0
                dpll4_m3x2_mul_ck           0            1    54000000          0
                   dpll4_m3x2_ck           0            1    54000000          0
                      omap_54m_fck           0            1    54000000          0
                         dss_tv_fck           0            2    54000000          0
                         clkout2_src_ck           0            0    54000000          0
                            sys_clkout2           0            0    54000000          0
             dpll4_m2_ck                  1            1    48000000          0
                dpll4_m2x2_mul_ck           1            1    96000000          0
                   dpll4_m2x2_ck           1            1    96000000          0
                      omap_192m_alwon_fck           0            0    96000000          0
                      omap_96m_alwon_fck           1            2    96000000          0
                         per_96m_fck           0            6    96000000          0
                            mcbsp4_fck           0            1    96000000          0
                            mcbsp3_fck           0            2    96000000          0
                            mcbsp2_fck           0            2    96000000          0
                         cm_96m_fck           1            2    96000000          0
                            cm_96m_d2_fck           1            1    48000000          0
                               omap_48m_fck           2            4    48000000          0
                                  usbhost_48m_fck           0            1    48000000          0
                                  per_48m_fck           1            1    48000000          0
                                     uart3_fck           1            1    48000000          0
                                  core_48m_fck           2            6    48000000          0
                                     uart1_fck           1            1    48000000          0
                                     uart2_fck           1            1    48000000          0
                                     mcspi1_fck           0            1    48000000          0
                                     mcspi2_fck           0            1    48000000          0
                                     mcspi3_fck           0            1    48000000          0
                                     mcspi4_fck           0            1    48000000          0
                                  omap_12m_fck           0            1    12000000          0
                                     core_12m_fck           0            1    12000000          0
                                        hdq_fck             0            1    12000000          0
                            omap_96m_fck           0            2    96000000          0
                               omap_96m_d10_fck           0            0     9600000          0
                               omap_96m_d8_fck           0            0    12000000          0
                               omap_96m_d4_fck           0            0    24000000          0
                               omap_96m_d2_fck           0            0    48000000          0
                               dss_96m_fck           0            2    96000000          0
                               core_96m_fck           0           10    96000000          0
                                  mcbsp1_fck           0            1    96000000          0
                                  mcbsp5_fck           0            1    96000000          0
                                  mmchs3_fck           0            1    96000000          0
                                  mspro_fck           0            0    96000000          0
                                  csi2_96m_fck           0            0    96000000          0
                                  i2c1_fck           0            1    96000000          0
                                  i2c2_fck           0            1    96000000          0
                                  i2c3_fck           0            1    96000000          0
                                  mmchs1_fck           0            1    96000000          0
                                  mmchs2_fck           0            1    96000000          0
             dpll4_x2_ck                  0            0   864000000          0
          wkup_l4_ick                     4            5    13000000          0
             usim_ick                     0            0    13000000          0
             gpt1_ick                     1            1    13000000          0
             gpt12_ick                    1            1    13000000          0
             omap_32ksync_ick             1            1    13000000          0
             gpio1_ick                    0            1    13000000          0
             wdt1_ick                     0            0    13000000          0
             wdt2_ick                     1            1    13000000          0
 virt_19200000_ck                         0            0    19200000          0
 virt_13m_ck                              0            0    13000000          0
 virt_12m_ck                              0            0    12000000          0
 omap_32k_fck                             3            8       32768          0
    gpt1_fck                              1            1       32768          0
    ts_fck                                0            0       32768          0
    per_32k_alwon_fck                     1            5       32768          0
       wdt3_fck                           0            0       32768          0
       gpio2_dbck                         0            1       32768          0
       gpio3_dbck                         0            1       32768          0
       gpio4_dbck                         1            2       32768          0
       gpio5_dbck                         0            1       32768          0
       gpio6_dbck                         0            1       32768          0
    wkup_32k_fck                          1            3       32768          0
       wdt2_fck                           0            1       32768          0
       gpio1_dbck                         0            1       32768          0
    gpt11_fck                             0            1       32768          0
    gpt10_fck                             0            1       32768          0
 dummy_apb_pclk                           0            0           0          0
 virt_16_8m_ck                            0            0    16800000          0
=======
Orphan Clks:
=======
Hello World Board Booted
root@GenericOMAP3(FlattenedDeviceTree):/test# 
- 06:02:40 [INFO] Host: cat stderr.log
- 06:02:41 [INFO] Target: 
cat stderr.log
root@GenericOMAP3(FlattenedDeviceTree):/test# 
- 06:02:41 [INFO] Host: cat result.log
- 06:02:43 [ERROR] On command: cat result.log waiting for (?m-ix:^1[\0\n\r]+) >>> error: execution expired
- 06:02:43 [INFO] Target: 
cat result.log
root@GenericOMAP3(FlattenedDeviceTree):/test# 
- 06:02:43 [INFO] Host: cd /test
- 06:02:44 [INFO] Target: 
cd /test
root@GenericOMAP3(FlattenedDeviceTree):/test# 
