- 01:21:59 [INFO] Starting target session
- 01:22:01 [INFO] Connected to ldp3430 via serial 
- 01:22:01 [INFO] Host: #check prompt
- 01:22:04 [ERROR] On command: #check prompt waiting for #check prompt.+?(?-mix:((?-mix:.*\s+login)|[Pp]assword)) >>> error: execution expired
- 01:22:04 [INFO] Target: 
#check prompt
root@GenericOMAP3(FlattenedDeviceTree):/test# 
- 01:22:04 [INFO] Host: #check prompt
- 01:22:04 [INFO] Target: 
#check prompt
root@GenericOMAP3(FlattenedDeviceTree):/test# 
- 01:22:04 [INFO] Host: sync;poweroff
- 01:22:25 [INFO] Target: 
sync;poweroff
Broadcast message from root@GenericOMAP3(FlattenedDeviceTree) (ttyO2) (Sat Ju
The system is going down for system halt NOW!
INIT: Switching to runlevel: 0
root@GenericOMAP3(FlattenedDeviceTree):/test# 
INIT: Sending processes the TERM signal
INIT: Sending processes the KILL signal
Stopping Dropbear SSH server: stopped /usr/sbin/dropbear (pid 709)
dropbear.
Stopping telnet daemon.
Stopping system message bus: hwclock: can't open '/dev/misc/rtc': No such file or directory
Error opening /dev/fb0: No such file or directory
Stopping syslogd/klogd: stopped syslogd (pid 719)
stopped klogd (pid 722)
done
Stopping thttpd.
ALSA: Storing mixer settings...
/usr/sbin/alsactl: save_state:1580: No soundcards found...
Deconfiguring network interfaces... done.
Stopping Lighttpd Web Server: [ 2744.275085] smsc911x 8000000.ethernet eth0: SMSC911x/921x identified at 0xc881e000, IRQ: 264
stopped /usr/sbin/lighttpd (pid 728)
lighttpd.
***************************************************************
***************************************************************
NOTICE: This file system contains the followin GPLv3 packages:
	binutils-symlinks
	binutils
	gdbserver
	parted
If you do not wish to distribute GPLv3 components please remove
the above packages prior to distribution.  This can be done using
the opkg remove command.  i.e.:
    opkg remove <package>
Where <package> is the name printed in the list above
NOTE: If the package is a dependency of another package you
      will be notified of the dependent packages.  You should
      use the --force-removal-of-dependent-packages option to
      also remove the dependent packages as well
***************************************************************
***************************************************************
Sending all processes the TERM signal...
Sending all processes the KILL signal...
Unmounting remote filesystems...
Deactivating swap...
Unmounting local filesystems...
[ 2754.797912] EXT4-fs (mmcblk0p2): re-mounted. Opts: data=ordered
[ 2757.382781] reboot: Power down
[ 2757.386047] ------------[ cut here ]------------
[ 2757.390899] WARNING: CPU: 0 PID: 975 at kernel/locking/lockdep.c:2771 lockdep_trace_alloc+0x100/0x120
[ 2757.400543] DEBUG_LOCKS_WARN_ON(irqs_disabled_flags(flags))
[ 2757.406188] Modules linked in:
[ 2757.409606] CPU: 0 PID: 975 Comm: halt Not tainted 4.6.0-rc1-next-20160401-00002-g5934d070b26b #1
[ 2757.418853] Hardware name: Generic OMAP3 (Flattened Device Tree)
[ 2757.425170] [<c011011c>] (unwind_backtrace) from [<c010c264>] (show_stack+0x10/0x14)
[ 2757.433288] [<c010c264>] (show_stack) from [<c047a6bc>] (dump_stack+0xb0/0xe4)
[ 2757.440856] [<c047a6bc>] (dump_stack) from [
- 01:22:25 [INFO] Disconnected serial from ldp3430
- 01:22:26 [INFO] Connected to ldp3430 via serial 
- 01:22:27 [INFO] Host: 
- 01:22:37 [INFO] Target: 
tb$U
 @ @ @ @ 
Texas Instruments X-Loader 1.41 (Apr 25 2014 - 11:23:40)
Starting OS Bootloader from NAND ...
U-Boot 1.1.4-gae533d15 (Apr 25 2014 - 15:03:07)
OMAP3430-GP rev 2, CPU-OPP2 L3-165MHz
OMAP3430LAB 0.1 Version + mDDR (Boot NAND)
DRAM:  128 MB
NAND:256 MiB
Reading data from 0xc0000 --   1% complete.
Reading data from 0xc0800 --   3% complete.
Reading data from 0xc1000 --   4% complete.
Reading data from 0xc1800 --   6% complete.
Reading data from 0xc2000 --   7% complete.
Reading data from 0xc2800 --   9% complete.
Reading data from 0xc3000 --  10% complete.
Reading data from 0xc3800 --  12% complete.
Reading data from 0xc4000 --  14% complete.
Reading data from 0xc4800 --  15% complete.
Reading data from 0xc5000 --  17% complete.
Reading data from 0xc5800 --  18% complete.
Reading data from 0xc6000 --  20% complete.
Reading data from 0xc6800 --  21% complete.
Reading data from 0xc7000 --  23% complete.
Reading data from 0xc7800 --  25% complete.
Reading data from 0xc8000 --  26% complete.
Reading data from 0xc8800 --  28% complete.
Reading data from 0xc9000 --  29% complete.
Reading data from 0xc9800 --  31% complete.
Reading data from 0xca000 --  32% complete.
Reading data from 0xca800 --  34% complete.
Reading data from 0xcb000 --  35% complete.
Reading data from 0xcb800 --  37% complete.
Reading data from 0xcc000 --  39% complete.
Reading data from 0xcc800 --  40% complete.
Reading data from 0xcd000 --  42% complete.
Reading data from 0xcd800 --  43% complete.
Reading data from 0xce000 --  45% complete.
Reading data from 0xce800 --  46% complete.
Reading data from 0xcf000 --  48% complete.
Reading data from 0xcf800 --  50% complete.
Reading data from 0xd0000 --  51% complete.
Reading data from 0xd0800 --  53% complete.
Reading data from 0xd1000 --  54% complete.
Reading data from 0xd1800 --  56% complete.
Reading data from 0xd2000 --  57% complete.
Reading data from 0xd2800 --  59% complete.
Reading data from 0xd3000 --  60% complete.
Reading data from 0xd3800 --  62% complete.
Reading data from 0xd4000 --  64% complete.
Reading data from 0xd4800 --  65% complete.
Reading data from 0xd5000 --  67% complete.
Reading data from 0xd5800 --  68% complete.
Reading data from 0xd6000 --  70% complete.
Reading data from 0xd6800 --  71% complete.
Reading data from 0xd7000 --  73% complete.
Reading data from 0xd7800 --  75% complete.
Reading data from 0xd8000 --  76% complete.
Reading data from 0xd8800 --  78% complete.
Reading data from 0xd9000 --  79% complete.
Reading data from 0xd9800 --  81% complete.
Reading data from 0xda000 --  82% complete.
Reading data from 0xda800 --  84% complete.
Reading data from 0xdb000 --  85% complete.
Reading data from 0xdb800 --  87% complete.
Reading data from 0xdc000 --  89% complete.
Reading data from 0xdc800 --  90% complete.
Reading data from 0xdd000 --  92% complete.
Reading data from 0xdd800 --  93% complete.
Reading data from 0xde000 --  95% complete.
Reading data from 0xde800 --  96% complete.
Reading data from 0xdf000 --  98% complete.
Reading data from 0xdf800 -- 100% complete.
*** Warning - bad CRC or NAND, using default environment
In:    serial
Out:   serial
Err:   serial
Battery levels: main 4163 mV, backup 3281 mV
LAN9x18 (0x92110000) detected.
Read mac address: 00:08:EE:02:24:9D
start Auto negotiation... (take ~2sec)
Auto negotiation complete, 100BaseTX, full duplex
Press SPACE to abort Chain2Bootloader in 1 seconds
reading chained-bootloader
NAND read: device 0 offset 0x100000, size 0x100000
 1048576 bytes read: OK
starting chained-boot-loader
## Starting application at 0x80800000 ...
U-Boot 2014.04-00071-g8543283-dirty (Apr 25 2014 - 14:59:48)
OMAP3530-GP ES2.1, CPU-OPP2, L3-165MHz, Max CPU Clock 600 MHz
OMAP3 Zoom MDK Rev 1 + LPDDR/NAND
I2C:   ready
DRAM:  128 MiB
NAND:  256 MiB
MMC:   OMAP SD/MMC: 0
*** Warning - bad CRC, using default environment
Die ID #19ae00020000000004013ddc0201700b
Net:   smc911x-0
Hit any key to stop autoboot:  1  0 
U-Boot# 
U-Boot# 
U-Boot# 
U-Boot# 
U-Boot# 
U-Boot# 
U-Boot# 
U-Boot# 
U-Boot# 
U-Boot# 
U-Boot# 
U-Boot# 
U-Boot# 
U-Boot# 
U-Boot# 
U-Boot# 
U-Boot# 
U-Boot# 
- 01:22:37 [INFO] Host: version
- 01:22:37 [INFO] Target: 
U-Boot# 
U-Boot# 
U-Boot# 
U-Boot# 
U-Boot# version
U-Boot 2014.04-00071-g8543283-dirty (Apr 25 2014 - 14:59:48)
arm-linux-gnueabi-gcc (Ubuntu/Linaro 4.6.3-1ubuntu5) 4.6.3
GNU ld (GNU Binutils for Ubuntu) 2.22
U-Boot# 
- 01:22:37 [INFO] Host: bdinfo
- 01:22:37 [INFO] Target: 
bdinfo
arch_number = 0x00000667
boot_params = 0x80000100
DRAM bank   = 0x00000000
-> start    = 0x80000000
-> size     = 0x08000000
DRAM bank   = 0x00000001
-> start    = 0x88000000
-> size     = 0x00000000
eth0name    = smc911x-0
ethaddr     = 00:08:ee:02:24:9d
current eth = smc911x-0
ip_addr     = <NULL>
baudrate    = 115200 bps
TLB addr    = 0x87FF0000
relocaddr   = 0x87F71000
reloc off   = 0x07771000
irq_sp      = 0x87E50ED0
sp start    = 0x87E50EC0
U-Boot# 
- 01:22:37 [INFO] Host: printenv
- 01:22:38 [INFO] Target: 
printenv
arch=arm
baudrate=115200
board=zoom1
board_name=zoom1
bootcmd=mmc dev ${mmcdev}; if mmc rescan; then if run loadbootscript; then run bootscript; if test -n $uenvcmd; then echo Running uenvcmd ...;run uenvcmd;fi;else if run loadimage; then run mmcboot; else if run loadzimage; then run mmczboot; else run nandboot; fi; fi;fi; else run nandboot; fi
bootdelay=1
bootdir=/
bootfile=uImage
bootpart=0:1
bootscript=echo Running bootscript from mmc ...; if run importbootscr; then echo boot.scr imported; else run importbootenv;fi
console=ttyO2,115200n8
cpu=armv7
dieid#=19ae00020000000004013ddc0201700b
ethact=smc911x-0
ethaddr=00:08:ee:02:24:9d
fdtaddr=0x80f80000
fdtfile=omap3-ldp.dtb
importbootenv=env import -t $loadaddr $filesize
importbootscr=source ${loadaddr}
loadaddr=0x82000000
loadbootenv=fatload mmc ${mmcdev} ${loadaddr} uEnv.txt
loadbootscr=fatload mmc ${mmcdev} ${loadaddr} boot.scr
loadbootscript=if run loadbootscr; then echo boot.scr; else run loadbootenv;fi
loadfdt=load mmc ${bootpart} ${fdtaddr} ${bootdir}/${fdtfile}
loadimage=load mmc ${bootpart} ${loadaddr} ${bootdir}/${bootfile}
loadzimage=setenv bootfile zImage; if run loadimage; then run loadfdt;fi
mmcargs=setenv bootargs console=${console} video=${videospec},mode:${videomode} root=/dev/mmcblk0p2 rw rootfstype=ext3 rootwait
mmcboot=echo Booting from mmc ...; run mmcargs; bootm ${loadaddr}
mmcdev=0
mmczboot=echo Booting from mmc ...; run mmcargs; bootz ${loadaddr} - ${fdtaddr}
nandargs=setenv bootargs console=${console} video=${videospec},mode:${videomode} root=/dev/mtdblock4 rw rootfstype=jffs2
nandboot=echo Booting from nand ...; run nandargs; nand read ${loadaddr} 280000 400000; bootm ${loadaddr}
soc=omap3
usbtty=cdc_acm
vendor=logicpd
ver=U-Boot 2014.04-00071-g8543283-dirty (Apr 25 2014 - 14:59:48)
videomode=1024x768@60,vxres=1024,vyres=768
videospec=omapfb:vram:2M,vram:4M
Environment size: 1940/131068 bytes
U-Boot# 
- 01:22:38 [INFO] Host: setenv autoload 'no'
- 01:22:38 [INFO] Target: 
setenv autoload 'no'
U-Boot# 
- 01:22:38 [INFO] Host: dhcp
- 01:22:40 [INFO] Target: 
dhcp
smc911x: detected LAN9211 controller
smc911x: phy initialized
smc911x: MAC 00:08:ee:02:24:9d
BOOTP broadcast 1
DHCP client bound to address 192.168.1.177
U-Boot# 
- 01:22:40 [INFO] Host: setenv serverip 192.168.1.254
- 01:22:40 [INFO] Target: 
setenv serverip 192.168.1.254
U-Boot# 
- 01:22:40 [INFO] Host: setenv bootargs 'console=ttyO2,115200n8 earlyprintk rootwait ip=dhcp root=/dev/mmcblk0p2 rw rootfstype=ext3 nohlt'
- 01:22:41 [INFO] Target: 
setenv bootargs 'console=ttyO2,115200n8 earlyprintk rootwait ip=dhcp root=/dev/mmcblk0p2 rw rootfstype=ext3 nohlt'
U-Boot# 
- 01:22:41 [INFO] Host: setenv bootfile vatf_ldp3430/fe0ece78c22557439f857e0dd333ec35
- 01:22:41 [INFO] Target: 
setenv bootfile vatf_ldp3430/fe0ece78c22557439f857e0dd333ec35
U-Boot# 
- 01:22:41 [INFO] Host: setenv bootcmd 'tftp ${loadaddr};bootm ${loadaddr}'
- 01:22:41 [INFO] Target: 
setenv bootcmd 'tftp ${loadaddr};bootm ${loadaddr}'
U-Boot# 
- 01:22:41 [INFO] Host: printenv
- 01:22:41 [INFO] Target: 
printenv
arch=arm
autoload=no
baudrate=115200
board=zoom1
board_name=zoom1
bootargs=console=ttyO2,115200n8 earlyprintk rootwait ip=dhcp root=/dev/mmcblk0p2 rw rootfstype=ext3 nohlt
bootcmd=tftp ${loadaddr};bootm ${loadaddr}
bootdelay=1
bootdir=/
bootfile=vatf_ldp3430/fe0ece78c22557439f857e0dd333ec35
bootpart=0:1
bootscript=echo Running bootscript from mmc ...; if run importbootscr; then echo boot.scr imported; else run importbootenv;fi
console=ttyO2,115200n8
cpu=armv7
dieid#=19ae00020000000004013ddc0201700b
dnsip=192.0.2.2
ethact=smc911x-0
ethaddr=00:08:ee:02:24:9d
fdtaddr=0x80f80000
fdtfile=omap3-ldp.dtb
gatewayip=192.168.1.254
importbootenv=env import -t $loadaddr $filesize
importbootscr=source ${loadaddr}
ipaddr=192.168.1.177
loadaddr=0x82000000
loadbootenv=fatload mmc ${mmcdev} ${loadaddr} uEnv.txt
loadbootscr=fatload mmc ${mmcdev} ${loadaddr} boot.scr
loadbootscript=if run loadbootscr; then echo boot.scr; else run loadbootenv;fi
loadfdt=load mmc ${bootpart} ${fdtaddr} ${bootdir}/${fdtfile}
loadimage=load mmc ${bootpart} ${loadaddr} ${bootdir}/${bootfile}
loadzimage=setenv bootfile zImage; if run loadimage; then run loadfdt;fi
mmcargs=setenv bootargs console=${console} video=${videospec},mode:${videomode} root=/dev/mmcblk0p2 rw rootfstype=ext3 rootwait
mmcboot=echo Booting from mmc ...; run mmcargs; bootm ${loadaddr}
mmcdev=0
mmczboot=echo Booting from mmc ...; run mmcargs; bootz ${loadaddr} - ${fdtaddr}
nandargs=setenv bootargs console=${console} video=${videospec},mode:${videomode} root=/dev/mtdblock4 rw rootfstype=jffs2
nandboot=echo Booting from nand ...; run nandargs; nand read ${loadaddr} 280000 400000; bootm ${loadaddr}
netmask=255.255.255.0
serverip=192.168.1.254
soc=omap3
usbtty=cdc_acm
vendor=logicpd
ver=U-Boot 2014.04-00071-g8543283-dirty (Apr 25 2014 - 14:59:48)
videomode=1024x768@60,vxres=1024,vyres=768
videospec=omapfb:vram:2M,vram:4M
Environment size: 1967/131068 bytes
U-Boot# 
- 01:22:41 [INFO] Host: boot
- 01:25:11 [ERROR] On command: boot waiting for boot.+?(?-mix:.*\s+login) >>> error: execution expired
- 01:25:11 [INFO] Target: 
boot
smc911x: detected LAN9211 controller
smc911x: phy initialized
smc911x: MAC 00:08:ee:02:24:9d
Using smc911x-0 device
TFTP from server 192.168.1.254; our IP address is 192.168.1.177
Filename 'vatf_ldp3430/fe0ece78c22557439f857e0dd333ec35'.
Load address: 0x82000000
Loading: *###T ##############################################################
	 #################################################################
	 #################################################################
	 #################################################################
	 #################################################################
	 #################################################################
	 #################################################################
	 ##################
	 928.7 KiB/s
done
Bytes transferred = 6938947 (69e143 hex)
## Booting kernel from Legacy Image at 82000000 ...
   Image Name:   Linux-4.6.0-rc1-next-20160401-00
   Image Type:   ARM Linux Kernel Image (uncompressed)
   Data Size:    6938883 Bytes = 6.6 MiB
   Load Address: 81000000
   Entry Point:  81000000
   Verifying Checksum ... OK
   Loading Kernel Image ... OK
Starting kernel ...
[    0.000000] Booting Linux on physical CPU 0x0
[    0.000000] Linux version 4.6.0-rc1-next-20160401-00002-g5934d070b26b (nmenon@horus) (gcc version 4.9.3 20150413 (prerelease) (Linaro GCC 4.9-2015.05) ) #1 SMP Fri Apr 1 01:13:16 CDT 2016
[    0.000000] CPU: ARMv7 Processor [411fc082] revision 2 (ARMv7), cr=10c5387d
[    0.000000] CPU: PIPT / VIPT nonaliasing data cache, VIPT nonaliasing instruction cache
[    0.000000] Machine model: TI OMAP3430 LDP (Zoom1 Labrador)
[    0.000000] cma: Reserved 64 MiB at 0x83800000
[    0.000000] Memory policy: Data cache writeback
[    0.000000] CPU: All CPU(s) started in SVC mode.
[    0.000000] OMAP3430/3530 ES2.1 (l2cache iva sgx neon isp )
[    0.000000] percpu: Embedded 12 pages/cpu @c7c89000 s19648 r8192 d21312 u49152
[    0.000000] Built 1 zonelists in Zone order, mobility grouping on.  Total pages: 32000
[    0.000000] Kernel command line: console=ttyO2,115200n8 earlyprintk rootwait ip=dhcp root=/dev/mmcblk0p2 rw rootfstype=ext3 nohlt
[    0.000000] PID hash table entries: 512 (order: -1, 2048 bytes)
[    0.000000] Dentry cache hash table entries: 16384 (order: 4, 65536 bytes)
[    0.000000] Inode-cache hash table entries: 8192 (order: 3, 32768 bytes)
[    0.000000] Memory: 43988K/129024K available (9465K kernel code, 1085K rwdata, 4204K rodata, 2048K init, 341K bss, 19500K reserved, 65536K cma-reserved, 0K highmem)
[    0.000000] Virtual kernel memory layout:
[    0.000000]     vector  : 0xffff0000 - 0xffff1000   (   4 kB)
[    0.000000]     fixmap  : 0xffc00000 - 0xfff00000   (3072 kB)
[    0.000000]     vmalloc : 0xc8800000 - 0xff800000   ( 880 MB)
[    0.000000]     lowmem  : 0xc0000000 - 0xc8000000   ( 128 MB)
[    0.000000]     pkmap   : 0xbfe00000 - 0xc0000000   (   2 MB)
[    0.000000]     modules : 0xbf000000 - 0xbfe00000   (  14 MB)
[    0.000000]       .text : 0xc0208000 - 0xc105968c   (14662 kB)
[    0.000000]       .init : 0xc1100000 - 0xc1300000   (2048 kB)
[    0.000000]       .data : 0xc1300000 - 0xc140f600   (1086 kB)
[    0.000000]        .bss : 0xc1411000 - 0xc1466518   ( 342 kB)
[    0.000000] SLUB: HWalign=64, Order=0-3, MinObjects=0, CPUs=1, Nodes=1
[    0.000000] Hierarchical RCU implementation.
[    0.000000] 	Build-time adjustment of leaf fanout to 32.
[    0.000000] 	RCU restricting CPUs from NR_CPUS=16 to nr_cpu_ids=1.
[    0.000000] RCU: Adjusting geometry for rcu_fanout_leaf=32, nr_cpu_ids=1
[    0.000000] NR_IRQS:16 nr_irqs:16 16
[    0.000000] IRQ: Found an INTC at 0xfa200000 (revision 4.0) with 96 interrupts
[    0.000000] Clocking rate (Crystal/Core/MPU): 26.0/166/600 MHz
[    0.000000] OMAP clockevent source: timer1 at 32768 Hz
[    0.000000] clocksource: 32k_counter: mask: 0xffffffff max_cycles: 0xffffffff, max_idle_ns: 58327039986419 ns
[    0.000000] sched_clock: 32 bits at 32kHz, resolution 30517ns, wraps every 65535999984741ns
[    0.000030] OMAP clocksource: 32k_counter at 32768 Hz
[    0.003356] Console: colour dummy device 80x30
[    0.003417] Calibrating delay loop... 594.73 BogoMIPS (lpj=1486848)
[    0.034271] pid_max: default: 32768 minimum: 301
[    0.034454] Mount-cache hash table entries: 1024 (order: 0, 4096 bytes)
[    0.034454] Mountpoint-cache hash table entries: 1024 (order: 0, 4096 bytes)
[    0.035644] CPU: Testing write buffer coherency: ok
[    0.036132] CPU0: thread -1, cpu 0, socket -1, mpidr 0
[    0.036254] Setting up static identity map for 0x80300000 - 0x80300098
[    0.045227] Brought up 1 CPUs
[    0.045257] SMP: Total of 1 processors activated (594.73 BogoMIPS).
[    0.045257] CPU: All CPU(s) started in SVC mode.
[    0.047485] devtmpfs: initialized
[    0.092193] VFP support v0.3: implementor 41 architecture 3 part 30 variant c rev 1
[    0.094085] clocksource: jiffies: mask: 0xffffffff max_cycles: 0xffffffff, max_idle_ns: 9556302231375000 ns
[    0.098815] pinctrl core: initialized pinctrl subsystem
[    0.103057] NET: Registered protocol family 16
[    0.107269] DMA: preallocated 256 KiB pool for atomic coherent allocations
[    0.135437] omap_hwmod: mcbsp2_sidetone using broken dt data from mcbsp
[    0.136260] omap_hwmod: mcbsp3_sidetone using broken dt data from mcbsp
[    0.205505] cpuidle: using governor menu
[    0.206359] Reprogramming SDRC clock to 166000000 Hz
[    0.217132] OMAP GPIO hardware version 2.5
[    0.228942] irq: no irq domain found for /ocp/l4@48000000/scm@2000/pinmux@30 !
[    0.245849] omap-gpmc 6e000000.gpmc: GPMC revision 5.0
[    0.245880] gpmc_mem_init: disabling cs 0 mapped at 0x0-0x1000000
[    0.254516] No ATAGs?
[    0.254547] hw-breakpoint: debug architecture 0x4 unsupported.
[    0.256530] omap4_sram_init:Unable to allocate sram needed to handle errata I688
[    0.256561] omap4_sram_init:Unable to get sram pool needed to handle errata I688
[    0.256896] OMAP DMA hardware revision 4.0
[    0.264831] Serial: AMBA PL011 UART driver
[    0.298065] omap-dma-engine 48056000.dma-controller: OMAP DMA engine driver
[    0.308471] vgaarb: loaded
[    0.310424] SCSI subsystem initialized
[    0.311431] usbcore: registered new interface driver usbfs
[    0.311584] usbcore: registered new interface driver hub
[    0.311676] usbcore: registered new device driver usb
[    0.314636] omap_i2c 48070000.i2c: bus 0 rev3.3 at 2600 kHz
[    0.315551] omap_i2c 48072000.i2c: bus 1 rev3.3 at 400 kHz
[    0.316345] omap_i2c 48060000.i2c: bus 2 rev3.3 at 400 kHz
[    0.318115] pps_core: LinuxPPS API ver. 1 registered
[    0.318115] pps_core: Software ver. 5.3.6 - Copyright 2005-2007 Rodolfo Giometti <giometti@linux.it>
[    0.318176] PTP clock support registered
[    0.318542] EDAC MC: Ver: 3.0.0
[    0.323638] clocksource: Switched to clocksource 32k_counter
[    0.344970] NET: Registered protocol family 2
[    0.345947] TCP established hash table entries: 1024 (order: 0, 4096 bytes)
[    0.345977] TCP bind hash table entries: 1024 (order: 1, 8192 bytes)
[    0.346008] TCP: Hash tables configured (established 1024 bind 1024)
[    0.346160] UDP hash table entries: 256 (order: 1, 8192 bytes)
[    0.346191] UDP-Lite hash table entries: 256 (order: 1, 8192 bytes)
[    0.346466] NET: Registered protocol family 1
[    0.347076] RPC: Registered named UNIX socket transport module.
[    0.347076] RPC: Registered udp transport module.
[    0.347106] RPC: Registered tcp transport module.
[    0.347106] RPC: Registered tcp NFSv4.1 backchannel transport module.
[    0.351196] hw perfevents: enabled with armv7_cortex_a8 PMU driver, 5 counters available
[    0.355621] futex hash table entries: 256 (order: 2, 16384 bytes)
[    0.357391] workingset: timestamp_bits=28 max_order=15 bucket_order=0
[    0.381195] squashfs: version 4.0 (2009/01/31) Phillip Lougher
[    0.383117] NFS: Registering the id_resolver key type
[    0.383209] Key type id_resolver registered
[    0.383209] Key type id_legacy registered
[    0.383300] ntfs: driver 2.1.32 [Flags: R/O].
[    0.386505] Block layer SCSI generic (bsg) driver version 0.4 loaded (major 248)
[    0.386505] io scheduler noop registered
[    0.386535] io scheduler deadline registered
[    0.386596] io scheduler cfq registered (default)
[    0.395782] pinctrl-single 48002030.pinmux: 284 pins at pa fa002030 size 568
[    0.396209] pinctrl-single 48002a00.pinmux: 46 pins at pa fa002a00 size 92
[    0.396759] pinctrl-single 480025d8.pinmux: 18 pins at pa fa0025d8 size 36
[    0.543121] Serial: 8250/16550 driver, 4 ports, IRQ sharing disabled
[    0.548614] SuperH (H)SCI(F) driver initialized
[    0.550567] msm_serial: driver initialized
[    0.551055] omap_uart 4806a000.serial: no wakeirq for uart0
[    0.551330] 4806a000.serial: ttyO0 at MMIO 0x4806a000 (irq = 88, base_baud = 3000000) is a OMAP UART0
[    0.552215] omap_uart 4806c000.serial: no wakeirq for uart1
[    0.552398] 4806c000.serial: ttyO1 at MMIO 0x4806c000 (irq = 89, base_baud = 3000000) is a OMAP UART1
[    0.553344] 49020000.serial: ttyO2 at MMIO 0x49020000 (irq = 90, base_baud = 3000000) is a OMAP UART2
[    1.296264] console [ttyO2] enabled
[    1.300872] STMicroelectronics ASC driver initialized
[    1.309783] [drm] Initialized drm 1.1.0 20060810
[    1.346618] brd: module loaded
[    1.361968] loop: module loaded
[    1.373870] twl 0-0048: PIH (irq 23) chaining IRQs 339..347
[    1.379943] twl 0-0048: power (irq 344) chaining IRQs 347..354
[    1.433441] twl4030_gpio twl4030-gpio: gpio (irq 339) chaining IRQs 355..372
[    1.535064] libphy: Fixed MDIO Bus: probed
[    1.541107] CAN device driver interface
[    1.549621] igb: Intel(R) Gigabit Ethernet Network Driver - version 5.3.0-k
[    1.557006] igb: Copyright (c) 2007-2014 Intel Corporation.
[    1.586334] libphy: smsc911x-mdio: probed
[    1.590942] SMSC LAN8700 8000000.ethernet:01: attached PHY driver [SMSC LAN8700] (mii_bus:phy_addr=8000000.ethernet:01, irq=-1)
[    1.603240] smsc911x 8000000.ethernet eth0: MAC Address: 00:08:ee:02:24:9d
[    1.615753] pegasus: v0.9.3 (2013/04/25), Pegasus/Pegasus II USB Ethernet driver
[    1.623779] usbcore: registered new interface driver pegasus
[    1.629943] usbcore: registered new interface driver asix
[    1.635772] usbcore: registered new interface driver ax88179_178a
[    1.642333] usbcore: registered new interface driver cdc_ether
[    1.648651] usbcore: registered new interface driver smsc75xx
[    1.654876] usbcore: registered new interface driver smsc95xx
[    1.661071] usbcore: registered new interface driver net1080
[    1.667175] usbcore: registered new interface driver cdc_subset
[    1.673522] usbcore: registered new interface driver zaurus
[    1.679626] usbcore: registered new interface driver cdc_ncm
[    1.689666] ehci_hcd: USB 2.0 'Enhanced' Host Controller (EHCI) Driver
[    1.696624] ehci-pci: EHCI PCI platform driver
[    1.701446] ehci-platform: EHCI generic platform driver
[    1.707519] ehci-omap: OMAP-EHCI Host Controller driver
[    1.713775] ehci-omap 48064800.ehci: EHCI Host Controller
[    1.719573] ehci-omap 48064800.ehci: new USB bus registered, assigned bus number 1
[    1.728057] ehci-omap 48064800.ehci: irq 93, io mem 0x48064800
[    1.743774] ehci-omap 48064800.ehci: USB 2.0 started, EHCI 1.00
[    1.751831] hub 1-0:1.0: USB hub found
[    1.755981] hub 1-0:1.0: 3 ports detected
[    1.761627] ehci-orion: EHCI orion driver
[    1.766510] SPEAr-ehci: EHCI SPEAr driver
[    1.771209] ehci-st: EHCI STMicroelectronics driver
[    1.776794] ehci-exynos: EHCI EXYNOS driver
[    1.781646] ehci-atmel: EHCI Atmel driver
[    1.786254] tegra-ehci: Tegra EHCI driver
[    1.790924] ohci_hcd: USB 1.1 'Open' Host Controller (OHCI) Driver
[    1.797515] ohci-pci: OHCI PCI platform driver
[    1.802398] ohci-platform: OHCI generic platform driver
[    1.808349] ohci-omap3: OHCI OMAP3 driver
[    1.813171] ohci-omap3 48064400.ohci: OHCI Host Controller
[    1.819061] ohci-omap3 48064400.ohci: new USB bus registered, assigned bus number 2
[    1.827484] ohci-omap3 48064400.ohci: irq 92, io mem 0x48064400
[    1.910430] hub 2-0:1.0: USB hub found
[    1.914581] hub 2-0:1.0: 3 ports detected
[    1.920135] SPEAr-ohci: OHCI SPEAr driver
[    1.925048] ohci-st: OHCI STMicroelectronics driver
[    1.930664] ohci-atmel: OHCI Atmel driver
[    1.936767] usbcore: registered new interface driver usb-storage
[    1.946990] mousedev: PS/2 mouse device common for all mice
[    1.961639] twl_rtc 48070000.i2c:twl@48:rtc: Enabling TWL-RTC
[    1.971313] twl_rtc 48070000.i2c:twl@48:rtc: rtc core: registered 48070000.i2c:twl@48 as rtc0
[    1.981842] i2c /dev entries driver
[    2.010803] sdhci: Secure Digital Host Controller Interface driver
[    2.017395] sdhci: Copyright(c) Pierre Ossman
[    2.024566] omap_hsmmc 4809c000.mmc: multiblock reads disabled due to 35xx erratum 2.1.1.128; MMC read performance may suffer
[    2.071166] Synopsys Designware Multimedia Card Interface Driver
[    2.080261] sdhci-pltfm: SDHCI platform and OF driver helper
[    2.091400] ledtrig-cpu: registered to indicate activity on CPUs
[    2.098999] usbcore: registered new interface driver usbhid
[    2.104919] usbhid: USB HID core driver
[    2.121185] NET: Registered protocol family 10
[    2.127929] sit: IPv6 over IPv4 tunneling driver
[    2.134216] NET: Registered protocol family 17
[    2.139007] can: controller area network core (rev 20120528 abi 9)
[    2.145690] NET: Registered protocol family 29
[    2.150421] can: raw protocol (rev 20120528)
[    2.154937] can: broadcast manager protocol (rev 20120528 t)
[    2.160949] can: netlink gateway (rev 20130117) max_hops=1
[    2.167816] Key type dns_resolver registered
[    2.172821] omap2_set_init_voltage: unable to find boot up OPP for vdd_mpu_iva
[    2.180480] omap2_set_init_voltage: unable to set vdd_mpu_iva
[    2.186584] omap2_set_init_voltage: unable to find boot up OPP for vdd_core
[    2.193969] omap2_set_init_voltage: unable to set vdd_core
[    2.202758] PM: no software I/O chain control; some wakeups may be lost
[    2.210906] ThumbEE CPU extension supported.
[    2.215515] Registering SWP/SWPB emulation handler
[    2.230194] input: gpio_keys as /devices/platform/gpio_keys/input/input0
[    2.242095] twl_rtc 48070000.i2c:twl@48:rtc: setting system clock to 2015-07-06 01:37:05 UTC (1436146625)
[    2.283843] smsc911x 8000000.ethernet eth0: SMSC911x/921x identified at 0xc881a000, IRQ: 264
[    2.292938] IPv6: ADDRCONF(NETDEV_UP): eth0: link is not ready
[    3.783905] mmc0: card never left busy state
[    3.788513] mmc0: error -110 whilst initialising SD card
[    4.604736] IPv6: ADDRCONF(NETDEV_CHANGE): eth0: link becomes ready
[    4.619384] Sending DHCP requests ., OK
[    4.739593] IP-Config: Got DHCP answer from 192.168.1.254, my address is 192.168.1.177
[    4.749328] IP-Config: Complete:
[    4.752868]      device=eth0, hwaddr=00:08:ee:02:24:9d, ipaddr=192.168.1.177, mask=255.255.255.0, gw=192.168.1.254
[    4.764221]      host=192.168.1.177, domain=tidfarm-05.internal.ti.com, nis-domain=(none)
[    4.773101]      bootserver=192.168.1.254, rootserver=192.168.1.254, rootpath=     nameserver0=192.0.2.2, nameserver1=192.0.2.3
[    4.788238] VAUX3: disabling
[    4.793426] VDAC: disabling
[    4.799102] VUSB1V5: disabling
[    4.803588] VUSB1V8: disabling
[    4.808227] VUSB3V1: disabling
[    4.819580] Waiting for root device /dev/mmcblk0p2...
[  108.143951] random: nonblocking pool is initialized
- 01:25:11 [INFO] Boot attempt 1/1 failed
- 01:25:11 [INFO] Collecting kernel traces via sysrq...
- 01:25:21 [INFO] [  140.242462] sysrq: SysRq : Show State
[  140.246459]   task                PC stack   pid father
[  140.252044] swapper/0       D c0b51300     0     1      0 0x00000000
[  140.259033] [<c0b51300>] (__schedule) from [<c0b516e0>] (schedule+0x44/0x9c)
[  140.266632] [<c0b516e0>] (schedule) from [<c0b53f74>] (schedule_timeout+0x11c/0x1a8)
[  140.274963] [<c0b53f74>] (schedule_timeout) from [<c03945d4>] (msleep+0x2c/0x38)
[  140.282928] [<c03945d4>] (msleep) from [<c1101594>] (prepare_namespace+0x13c/0x1d4)
[  140.291168] [<c1101594>] (prepare_namespace) from [<c1100e44>] (kernel_init_freeable+0x1ec/0x1fc)
[  140.300842] [<c1100e44>] (kernel_init_freeable) from [<c0b4fbbc>] (kernel_init+0x8/0x114)
[  140.309631] [<c0b4fbbc>] (kernel_init) from [<c0307eb8>] (ret_from_fork+0x14/0x3c)
[  140.317687] kthreadd        S c0b51300     0     2      0 0x00000000
[  140.324584] [<c0b51300>] (__schedule) from [<c0b516e0>] (schedule+0x44/0x9c)
[  140.332153] [<c0b516e0>] (schedule) from [<c035d318>] (kthreadd+0x180/0x184)
[  140.339721] [<c035d318>] (kthreadd) from [<c0307eb8>] (ret_from_fork+0x14/0x3c)
[  140.347534] ksoftirqd/0     S c0b51300     0     3      2 0x00000000
[  140.354400] [<c0b51300>] (__schedule) from [<c0b516e0>] (schedule+0x44/0x9c)
[  140.361999] [<c0b516e0>] (schedule) from [<c035fb04>] (smpboot_thread_fn+0xc8/0x194)
[  140.370330] [<c035fb04>] (smpboot_thread_fn) from [<c035cb34>] (kthread+0xdc/0xf4)
[  140.378448] [<c035cb34>] (kthread) from [<c0307eb8>] (ret_from_fork+0x14/0x3c)
[  140.386169] kworker/0:0     S c0b51300     0     4      2 0x00000000
[  140.393127] [<c0b51300>] (__schedule) from [<c0b516e0>] (schedule+0x44/0x9c)
[  140.400695] [<c0b516e0>] (schedule) from [<c0357938>] (worker_thread+0xd8/0x510)
[  140.408630] [<c0357938>] (worker_thread) from [<c035cb34>] (kthread+0xdc/0xf4)
[  140.416381] [<c035cb34>] (kthread) from [<c0307eb8>] (ret_from_fork+0x14/0x3c)
[  140.424102] kworker/0:0H    S c0b51300     0     5      2 0x00000000
[  140.431030] [<c0b51300>] (__schedule) from [<c0b516e0>] (schedule+0x44/0x9c)
[  140.438598] [<c0b516e0>] (schedule) from [<c0357938>] (worker_thread+0xd8/0x510)
[  140.446533] [<c0357938>] (worker_thread) from [<c035cb34>] (kthread+0xdc/0xf4)
[  140.454284] [<c035cb34>] (kthread) from [<c0307eb8>] (ret_from_fork+0x14/0x3c)
[  140.462005] kworker/u2:0    S c0b51300     0     6      2 0x00000000
[  140.468933] [<c0b51300>] (__schedule) from [<c0b516e0>] (schedule+0x44/0x9c)
[  140.476501] [<c0b516e0>] (schedule) from [<c0357938>] (worker_thread+0xd8/0x510)
[  140.484436] [<c0357938>] (worker_thread) from [<c035cb34>] (kthread+0xdc/0xf4)
[  140.492187] [<c035cb34>] (kthread) from [<c0307eb8>] (ret_from_fork+0x14/0x3c)
[  140.499877] rcu_sched       S c0b51300     0     7      2 0x00000000
[  140.506774] [<c0b51300>] (__schedule) from [<c0b516e0>] (schedule+0x44/0x9c)
[  140.514343] [<c0b516e0>] (schedule) from [<c0391074>] (rcu_gp_kthread+0x94/0x950)
[  140.522399] [<c0391074>] (rcu_gp_kthread) from [<c035cb34>] (kthread+0xdc/0xf4)
[  140.530242] [<c035cb34>] (kthread) from [<c0307eb8>] (ret_from_fork+0x14/0x3c)
[  140.537933] rcu_bh          S c0b51300     0     8      2 0x00000000
[  140.544830] [<c0b51300>] (__schedule) from [<c0b516e0>] (schedule+0x44/0x9c)
[  140.552398] [<c0b516e0>] (schedule) from [<c0391074>] (rcu_gp_kthread+0x94/0x950)
[  140.560424] [<c0391074>] (rcu_gp_kthread) from [<c035cb34>] (kthread+0xdc/0xf4)
[  140.568267] [<c035cb34>] (kthread) from [<c0307eb8>] (ret_from_fork+0x14/0x3c)
[  140.575988] migration/0     S c0b51300     0     9      2 0x00000000
[  140.582885] [<c0b51300>] (__schedule) from [<c0b516e0>] (schedule+0x44/0x9c)
[  140.590454] [<c0b516e0>] (schedule) from [<c035fb04>] (smpboot_thread_fn+0xc8/0x194)
[  140.598754] [<c035fb04>] (smpboot_thread_fn) from [<c035cb34>] (kthread+0xdc/0xf4)
[  140.606872] [<c035cb34>] (kthread) from [<c0307eb8>] (ret_from_fork+0x14/0x3c)
[  140.614593] watchdog/0      S c0b51300     0    10      2 0x00000000
[  140.621490] [<c0b51300>] (__schedule) from [<c0b516e0>] (schedule+0x44/0x9c)
[  140.629058] [<c0b516e0>] (schedule) from [<c035fb04>] (smpboot_thread_fn+0xc8/0x194)
[  140.637359] [<c035fb04>] (smpboot_thread_fn) from [<c035cb34>] (kthread+0xdc/0xf4)
[  140.645477] [<c035cb34>] (kthread) from [<c0307eb8>] (ret_from_fork+0x14/0x3c)
[  140.653198] cpuhp/0         S c0b51300     0    11      2 0x00000000
[  140.660095] [<c0b51300>] (__schedule) from [<c0b516e0>] (schedule+0x44/0x9c)
[  140.667663] [<c0b516e0>] (schedule) from [<c035fb04>] (smpboot_thread_fn+0xc8/0x194)
[  140.675964] [<c035fb04>] (smpboot_thread_fn) from [<c035cb34>] (kthread+0xdc/0xf4)
[  140.684082] [<c035cb34>] (kthread) from [<c0307eb8>] (ret_from_fork+0x14/0x3c)
[  140.691802] kdevtmpfs       S c0b51300     0    12      2 0x00000000
[  140.698699] [<c0b51300>] (__schedule) from [<c0b516e0>] (schedule+0x44/0x9c)
[  140.706268] [<c0b516e0>] (schedule) from [<c077f6a4>] (devtmpfsd+0x314/0x320)
[  140.713928] [<c077f6a4>] (devtmpfsd) from [<c035cb34>] (kthread+0xdc/0xf4)
[  140.721313] [<c035cb34>] (kthread) from [<c0307eb8>] (ret_from_fork+0x14/0x3c)
[  140.729034] kworker/0:1     S c0b51300     0    13      2 0x00000000
[  140.735961] [<c0b51300>] (__schedule) from [<c0b516e0>] (schedule+0x44/0x9c)
[  140.743530] [<c0b516e0>] (schedule) from [<c0357938>] (worker_thread+0xd8/0x510)
[  140.751464] [<c0357938>] (worker_thread) from [<c035cb34>] (kthread+0xdc/0xf4)
[  140.759216] [<c035cb34>] (kthread) from [<c0307eb8>] (ret_from_fork+0x14/0x3c)
[  140.766906] khungtaskd      S c0b51300     0    14      2 0x00000000
[  140.773803] [<c0b51300>] (__schedule) from [<c0b516e0>] (schedule+0x44/0x9c)
[  140.781372] [<c0b516e0>] (schedule) from [<c0b53f74>] (schedule_timeout+0x11c/0x1a8)
[  140.789703] [<c0b53f74>] (schedule_timeout) from [<c03b6e30>] (watchdog+0xb4/0x33c)
[  140.797912] [<c03b6e30>] (watchdog) from [<c035cb34>] (kthread+0xdc/0xf4)
[  140.805206] [<c035cb34>] (kthread) from [<c0307eb8>] (ret_from_fork+0x14/0x3c)
[  140.812927] oom_reaper      S c0b51300     0    15      2 0x00000000
[  140.819824] [<c0b51300>] (__schedule) from [<c0b516e0>] (schedule+0x44/0x9c)
[  140.827392] [<c0b516e0>] (schedule) from [<c03cd36c>] (oom_reaper+0xb4/0x164)
[  140.835052] [<c03cd36c>] (oom_reaper) from [<c035cb34>] (kthread+0xdc/0xf4)
[  140.842529] [<c035cb34>] (kthread) from [<c0307eb8>] (ret_from_fork+0x14/0x3c)
[  140.850250] writeback       S c0b51300     0    16      2 0x00000000
[  140.857177] [<c0b51300>] (__schedule) from [<c0b516e0>] (schedule+0x44/0x9c)
[  140.864746] [<c0b516e0>] (schedule) from [<c035806c>] (rescuer_thread+0x2fc/0x364)
[  140.872863] [<c035806c>] (rescuer_thread) from [<c035cb34>] (kthread+0xdc/0xf4)
[  140.880706] [<c035cb34>] (kthread) from [<c0307eb8>] (ret_from_fork+0x14/0x3c)
[  140.888427] kcompactd0      S c0b51300     0    17      2 0x00000000
[  140.895324] [<c0b51300>] (__schedule) from [<c0b516e0>] (schedule+0x44/0x9c)
[  140.902862] [<c0b516e0>] (schedule) from [<c03e9a70>] (kcompactd+0x1d0/0x2d0)
[  140.910552] [<c03e9a70>] (kcompactd) from [<c035cb34>] (kthread+0xdc/0xf4)
[  140.917938] [<c035cb34>] (kthread) from [<c0307eb8>] (ret_from_fork+0x14/0x3c)
[  140.925628] crypto          S c0b51300     0    18      2 0x00000000
[  140.932556] [<c0b51300>] (__schedule) from [<c0b516e0>] (schedule+0x44/0x9c)
[  140.940124] [<c0b516e0>] (schedule) from [<c035806c>] (rescuer_thread+0x2fc/0x364)
[  140.948272] [<c035806c>] (rescuer_thread) from [<c035cb34>] (kthread+0xdc/0xf4)
[  140.956115] [<c035cb34>] (kthread) from [<c0307eb8>] (ret_from_fork+0x14/0x3c)
[  140.963806] bioset          S c0b51300     0    19      2 0x00000000
[  140.970733] [<c0b51300>] (__schedule) from [<c0b516e0>] (schedule+0x44/0x9c)
[  140.978302] [<c0b516e0>] (schedule) from [<c035806c>] (rescuer_thread+0x2fc/0x364)
[  140.986419] [<c035806c>] (rescuer_thread) from [<c035cb34>] (kthread+0xdc/0xf4)
[  140.994293] [<c035cb34>] (kthread) from [<c0307eb8>] (ret_from_fork+0x14/0x3c)
[  141.001983] kblockd         S c0b51300     0    20      2 0x00000000
[  141.008911] [<c0b51300>] (__schedule) from [<c0b516e0>] (schedule+0x44/0x9c)
[  141.016479] [<c0b516e0>] (schedule) from [<c035806c>] (rescuer_thread+0x2fc/0x364)
[  141.024597] [<c035806c>] (rescuer_thread) from [<c035cb34>] (kthread+0xdc/0xf4)
[  141.032470] [<c035cb34>] (kthread) from [<c0307eb8>] (ret_from_fork+0x14/0x3c)
[  141.040161] ata_sff         S c0b51300     0    21      2 0x00000000
[  141.047088] [<c0b51300>] (__schedule) from [<c0b516e0>] (schedule+0x44/0x9c)
[  141.054656] [<c0b516e0>] (schedule) from [<c035806c>] (rescuer_thread+0x2fc/0x364)
[  141.062774] [<c035806c>] (rescuer_thread) from [<c035cb34>] (kthread+0xdc/0xf4)
[  141.070617] [<c035cb34>] (kthread) from [<c0307eb8>] (ret_from_fork+0x14/0x3c)
[  141.078338] irq/72-48070000 S c0b51300     0    22      2 0x00000000
[  141.085205] [<c0b51300>] (__schedule) from [<c0b516e0>] (schedule+0x44/0x9c)
[  141.092803] [<c0b516e0>] (schedule) from [<c0385fb0>] (irq_thread+0xb8/0x1ec)
[  141.100463] [<c0385fb0>] (irq_thread) from [<c035cb34>] (kthread+0xdc/0xf4)
[  141.107940] [<c035cb34>] (kthread) from [<c0307eb8>] (ret_from_fork+0x14/0x3c)
[  141.115631] irq/73-48072000 S c0b51300     0    23      2 0x00000000
[  141.122528] [<c0b51300>] (__schedule) from [<c0b516e0>] (schedule+0x44/0x9c)
[  141.130096] [<c0b516e0>] (schedule) from [<c0385fb0>] (irq_thread+0xb8/0x1ec)
[  141.137756] [<c0385fb0>] (irq_thread) from [<c035cb34>] (kthread+0xdc/0xf4)
[  141.145233] [<c035cb34>] (kthread) from [<c0307eb8>] (ret_from_fork+0x14/0x3c)
[  141.152954] irq/77-48060000 S c0b51300     0    24      2 0x00000000
[  141.159820] [<c0b51300>] (__schedule) from [<c0b516e0>] (schedule+0x44/0x9c)
[  141.167388] [<c0b516e0>] (schedule) from [<c0385fb0>] (irq_thread+0xb8/0x1ec)
[  141.175048] [<c0385fb0>] (irq_thread) from [<c035cb34>] (kthread+0xdc/0xf4)
[  141.182525] [<c035cb34>] (kthread) from [<c0307eb8>] (ret_from_fork+0x14/0x3c)
[  141.190246] edac-poller     S c0b51300     0    25      2 0x00000000
[  141.197174] [<c0b51300>] (__schedule) from [<c0b516e0>] (schedule+0x44/0x9c)
[  141.204742] [<c0b516e0>] (schedule) from [<c035806c>] (rescuer_thread+0x2fc/0x364)
[  141.212860] [<c035806c>] (rescuer_thread) from [<c035cb34>] (kthread+0xdc/0xf4)
[  141.220703] [<c035cb34>] (kthread) from [<c0307eb8>] (ret_from_fork+0x14/0x3c)
[  141.228424] devfreq_wq      S c0b51300     0    26      2 0x00000000
[  141.235351] [<c0b51300>] (__schedule) from [<c0b516e0>] (schedule+0x44/0x9c)
[  141.242919] [<c0b516e0>] (schedule) from [<c035806c>] (rescuer_thread+0x2fc/0x364)
[  141.251037] [<c035806c>] (rescuer_thread) from [<c035cb34>] (kthread+0xdc/0xf4)
[  141.258880] [<c035cb34>] (kthread) from [<c0307eb8>] (ret_from_fork+0x14/0x3c)
[  141.266571] watchdogd       S c0b51300     0    27      2 0x00000000
[  141.273498] [<c0b51300>] (__schedule) from [<c0b516e0>] (schedule+0x44/0x9c)
[  141.281066] [<c0b516e0>] (schedule) from [<c035806c>] (rescuer_thread+0x2fc/0x364)
[  141.289184] [<c035806c>] (rescuer_thread) from [<c035cb34>] (kthread+0xdc/0xf4)
[  141.297058] [<c035cb34>] (kthread) from [<c0307eb8>] (ret_from_fork+0x14/0x3c)
[  141.304748] rpciod          S c0b51300     0    28      2 0x00000000
[  141.311676] [<c0b51300>] (__schedule) from [<c0b516e0>] (schedule+0x44/0x9c)
[  141.319244] [<c0b516e0>] (schedule) from [<c035806c>] (rescuer_thread+0x2fc/0x364)
[  141.327362] [<c035806c>] (rescuer_thread) from [<c035cb34>] (kthread+0xdc/0xf4)
[  141.335235] [<c035cb34>] (kthread) from [<c0307eb8>] (ret_from_fork+0x14/0x3c)
[  141.342926] kswapd0         S c0b51300     0    29      2 0x00000000
[  141.349822] [<c0b51300>] (__schedule) from [<c0b516e0>] (schedule+0x44/0x9c)
[  141.357391] [<c0b516e0>] (schedule) from [<c03dd664>] (kswapd+0x794/0x7c8)
[  141.364776] [<c03dd664>] (kswapd) from [<c035cb34>] (kthread+0xdc/0xf4)
[  141.371887] [<c035cb34>] (kthread) from [<c0307eb8>] (ret_from_fork+0x14/0x3c)
[  141.379577] vmstat          S c0b51300     0    30      2 0x00000000
[  141.386505] [<c0b51300>] (__schedule) from [<c0b516e0>] (schedule+0x44/0x9c)
[  141.394073] [<c0b516e0>] (schedule) from [<c035806c>] (rescuer_thread+0x2fc/0x364)
[  141.402221] [<c035806c>] (rescuer_thread) from [<c035cb34>] (kthread+0xdc/0xf4)
[  141.410064] [<c035cb34>] (kthread) from [<c0307eb8>] (ret_from_fork+0x14/0x3c)
[  141.417755] nfsiod          S c0b51300     0    31      2 0x00000000
[  141.424682] [<c0b51300>] (__schedule) from [<c0b516e0>] (schedule+0x44/0x9c)
[  141.432250] [<c0b516e0>] (schedule) from [<c035806c>] (rescuer_thread+0x2fc/0x364)
[  141.440368] [<c035806c>] (rescuer_thread) from [<c035cb34>] (kthread+0xdc/0xf4)
[  141.448211] [<c035cb34>] (kthread) from [<c0307eb8>] (ret_from_fork+0x14/0x3c)
[  141.455932] bioset          S c0b51300     0    40      2 0x00000000
[  141.462860] [<c0b51300>] (__schedule) from [<c0b516e0>] (schedule+0x44/0x9c)
[  141.470428] [<c0b516e0>] (schedule) from [<c035806c>] (rescuer_thread+0x2fc/0x364)
[  141.478546] [<c035806c>] (rescuer_thread) from [<c035cb34>] (kthread+0xdc/0xf4)
[  141.486389] [<c035cb34>] (kthread) from [<c0307eb8>] (ret_from_fork+0x14/0x3c)
[  141.494110] bioset          S c0b51300     0    41      2 0x00000000
[  141.501007] [<c0b51300>] (__schedule) from [<c0b516e0>] (schedule+0x44/0x9c)
[  141.508575] [<c0b516e0>] (schedule) from [<c035806c>] (rescuer_thread+0x2fc/0x364)
[  141.516693] [<c035806c>] (rescuer_thread) from [<c035cb34>] (kthread+0xdc/0xf4)
[  141.524566] [<c035cb34>] (kthread) from [<c0307eb8>] (ret_from_fork+0x14/0x3c)
[  141.532257] bioset          S c0b51300     0    42      2 0x00000000
[  141.539184] [<c0b51300>] (__schedule) from [<c0b516e0>] (schedule+0x44/0x9c)
[  141.546752] [<c0b516e0>] (schedule) from [<c035806c>] (rescuer_thread+0x2fc/0x364)
[  141.554870] [<c035806c>] (rescuer_thread) from [<c035cb34>] (kthread+0xdc/0xf4)
[  141.562713] [<c035cb34>] (kthread) from [<c0307eb8>] (ret_from_fork+0x14/0x3c)
[  141.570434] bioset          S c0b51300     0    43      2 0x00000000
[  141.577362] [<c0b51300>] (__schedule) from [<c0b516e0>] (schedule+0x44/0x9c)
[  141.584930] [<c0b516e0>] (schedule) from [<c035806c>] (rescuer_thread+0x2fc/0x364)
[  141.593048] [<c035806c>] (rescuer_thread) from [<c035cb34>] (kthread+0xdc/0xf4)
[  141.600891] [<c035cb34>] (kthread) from [<c0307eb8>] (ret_from_fork+0x14/0x3c)
[  141.608581] bioset          S c0b51300     0    44      2 0x00000000
[  141.615509] [<c0b51300>] (__schedule) from [<c0b516e0>] (schedule+0x44/0x9c)
[  141.623077] [<c0b516e0>] (schedule) from [<c035806c>] (rescuer_thread+0x2fc/0x364)
[  141.631225] [<c035806c>] (rescuer_thread) from [<c035cb34>] (kthread+0xdc/0xf4)
[  141.639068] [<c035cb34>] (kthread) from [<c0307eb8>] (ret_from_fork+0x14/0x3c)
[  141.646759] bioset          S c0b51300     0    45      2 0x00000000
[  141.653686] [<c0b51300>] (__schedule) from [<c0b516e0>] (schedule+0x44/0x9c)
[  141.661254] [<c0b516e0>] (schedule) from [<c035806c>] (rescuer_thread+0x2fc/0x364)
[  141.669372] [<c035806c>] (rescuer_thread) from [<c035cb34>] (kthread+0xdc/0xf4)
[  141.677215] [<c035cb34>] (kthread) from [<c0307eb8>] (ret_from_fork+0x14/0x3c)
[  141.684936] bioset          S c0b51300     0    46      2 0x00000000
[  141.691864] [<c0b51300>] (__schedule) from [<c0b516e0>] (schedule+0x44/0x9c)
[  141.699432] [<c0b516e0>] (schedule) from [<c035806c>] (rescuer_thread+0x2fc/0x364)
[  141.707550] [<c035806c>] (rescuer_thread) from [<c035cb34>] (kthread+0xdc/0xf4)
[  141.715393] [<c035cb34>] (kthread) from [<c0307eb8>] (ret_from_fork+0x14/0x3c)
[  141.723114] bioset          S c0b51300     0    47      2 0x00000000
[  141.730041] [<c0b51300>] (__schedule) from [<c0b516e0>] (schedule+0x44/0x9c)
[  141.737579] [<c0b516e0>] (schedule) from [<c035806c>] (rescuer_thread+0x2fc/0x364)
[  141.745727] [<c035806c>] (rescuer_thread) from [<c035cb34>] (kthread+0xdc/0xf4)
[  141.753570] [<c035cb34>] (kthread) from [<c0307eb8>] (ret_from_fork+0x14/0x3c)
[  141.761260] bioset          S c0b51300     0    48      2 0x00000000
[  141.768188] [<c0b51300>] (__schedule) from [<c0b516e0>] (schedule+0x44/0x9c)
[  141.775756] [<c0b516e0>] (schedule) from [<c035806c>] (rescuer_thread+0x2fc/0x364)
[  141.783874] [<c035806c>] (rescuer_thread) from [<c035cb34>] (kthread+0xdc/0xf4)
[  141.791717] [<c035cb34>] (kthread) from [<c0307eb8>] (ret_from_fork+0x14/0x3c)
[  141.799438] bioset          S c0b51300     0    49      2 0x00000000
[  141.806365] [<c0b51300>] (__schedule) from [<c0b516e0>] (schedule+0x44/0x9c)
[  141.814025] [<c0b516e0>] (schedule) from [<c035806c>] (rescuer_thread+0x2fc/0x364)
[  141.822265] [<c035806c>] (rescuer_thread) from [<c035cb34>] (kthread+0xdc/0xf4)
[  141.830139] [<c035cb34>] (kthread) from [<c0307eb8>] (ret_from_fork+0x14/0x3c)
[  141.837829] bioset          S c0b51300     0    50      2 0x00000000
[  141.844757] [<c0b51300>] (__schedule) from [<c0b516e0>] (schedule+0x44/0x9c)
[  141.852325] [<c0b516e0>] (schedule) from [<c035806c>] (rescuer_thread+0x2fc/0x364)
[  141.860443] [<c035806c>] (rescuer_thread) from [<c035cb34>] (kthread+0xdc/0xf4)
[  141.868286] [<c035cb34>] (kthread) from [<c0307eb8>] (ret_from_fork+0x14/0x3c)
[  141.876007] bioset          S c0b51300     0    51      2 0x00000000
[  141.882904] [<c0b51300>] (__schedule) from [<c0b516e0>] (schedule+0x44/0x9c)
[  141.890472] [<c0b516e0>] (schedule) from [<c035806c>] (rescuer_thread+0x2fc/0x364)
[  141.898590] [<c035806c>] (rescuer_thread) from [<c035cb34>] (kthread+0xdc/0xf4)
[  141.906463] [<c035cb34>] (kthread) from [<c0307eb8>] (ret_from_fork+0x14/0x3c)
[  141.914154] bioset          S c0b51300     0    52      2 0x00000000
[  141.921081] [<c0b51300>] (__schedule) from [<c0b516e0>] (schedule+0x44/0x9c)
[  141.928649] [<c0b516e0>] (schedule) from [<c035806c>] (rescuer_thread+0x2fc/0x364)
[  141.936767] [<c035806c>] (rescuer_thread) from [<c035cb34>] (kthread+0xdc/0xf4)
[  141.944641] [<c035cb34>] (kthread) from [<c0307eb8>] (ret_from_fork+0x14/0x3c)
[  141.952331] bioset          S c0b51300     0    53      2 0x00000000
[  141.959259] [<c0b51300>] (__schedule) from [<c0b516e0>] (schedule+0x44/0x9c)
[  141.966827] [<c0b516e0>] (schedule) from [<c035806c>] (rescuer_thread+0x2fc/0x364)
[  141.974945] [<c035806c>] (rescuer_thread) from [<c035cb34>] (kthread+0xdc/0xf4)
[  141.982788] [<c035cb34>] (kthread) from [<c0307eb8>] (ret_from_fork+0x14/0x3c)
[  141.990509] bioset          S c0b51300     0    54      2 0x00000000
[  141.997436] [<c0b51300>] (__schedule) from [<c0b516e0>] (schedule+0x44/0x9c)
[  142.005004] [<c0b516e0>] (schedule) from [<c035806c>] (rescuer_thread+0x2fc/0x364)
[  142.013122] [<c035806c>] (rescuer_thread) from [<c035cb34>] (kthread+0xdc/0xf4)
[  142.020965] [<c035cb34>] (kthread) from [<c0307eb8>] (ret_from_fork+0x14/0x3c)
[  142.028656] bioset          S c0b51300     0    55      2 0x00000000
[  142.035583] [<c0b51300>] (__schedule) from [<c0b516e0>] (schedule+0x44/0x9c)
[  142.043151] [<c0b516e0>] (schedule) from [<c035806c>] (rescuer_thread+0x2fc/0x364)
[  142.051269] [<c035806c>] (rescuer_thread) from [<c035cb34>] (kthread+0xdc/0xf4)
[  142.059143] [<c035cb34>] (kthread) from [<c0307eb8>] (ret_from_fork+0x14/0x3c)
[  142.066833] bioset          S c0b51300     0    56      2 0x00000000
[  142.073760] [<c0b51300>] (__schedule) from [<c0b516e0>] (schedule+0x44/0x9c)
[  142.081329] [<c0b516e0>] (schedule) from [<c035806c>] (rescuer_thread+0x2fc/0x364)
[  142.089447] [<c035806c>] (rescuer_thread) from [<c035cb34>] (kthread+0xdc/0xf4)
[  142.097290] [<c035cb34>] (kthread) from [<c0307eb8>] (ret_from_fork+0x14/0x3c)
[  142.105010] bioset          S c0b51300     0    57      2 0x00000000
[  142.111907] [<c0b51300>] (__schedule) from [<c0b516e0>] (schedule+0x44/0x9c)
[  142.119476] [<c0b516e0>] (schedule) from [<c035806c>] (rescuer_thread+0x2fc/0x364)
[  142.127593] [<c035806c>] (rescuer_thread) from [<c035cb34>] (kthread+0xdc/0xf4)
[  142.135467] [<c035cb34>] (kthread) from [<c0307eb8>] (ret_from_fork+0x14/0x3c)
[  142.143157] bioset          S c0b51300     0    58      2 0x00000000
[  142.150085] [<c0b51300>] (__schedule) from [<c0b516e0>] (schedule+0x44/0x9c)
[  142.157653] [<c0b516e0>] (schedule) from [<c035806c>] (rescuer_thread+0x2fc/0x364)
[  142.165771] [<c035806c>] (rescuer_thread) from [<c035cb34>] (kthread+0xdc/0xf4)
[  142.173614] [<c035cb34>] (kthread) from [<c0307eb8>] (ret_from_fork+0x14/0x3c)
[  142.181335] bioset          S c0b51300     0    59      2 0x00000000
[  142.188262] [<c0b51300>] (__schedule) from [<c0b516e0>] (schedule+0x44/0x9c)
[  142.195800] [<c0b516e0>] (schedule) from [<c035806c>] (rescuer_thread+0x2fc/0x364)
[  142.203948] [<c035806c>] (rescuer_thread) from [<c035cb34>] (kthread+0xdc/0xf4)
[  142.211791] [<c035cb34>] (kthread) from [<c0307eb8>] (ret_from_fork+0x14/0x3c)
[  142.219482] bioset          S c0b51300     0    60      2 0x00000000
[  142.226409] [<c0b51300>] (__schedule) from [<c0b516e0>] (schedule+0x44/0x9c)
[  142.233978] [<c0b516e0>] (schedule) from [<c035806c>] (rescuer_thread+0x2fc/0x364)
[  142.242095] [<c035806c>] (rescuer_thread) from [<c035cb34>] (kthread+0xdc/0xf4)
[  142.249938] [<c035cb34>] (kthread) from [<c0307eb8>] (ret_from_fork+0x14/0x3c)
[  142.257659] bioset          S c0b51300     0    61      2 0x00000000
[  142.264587] [<c0b51300>] (__schedule) from [<c0b516e0>] (schedule+0x44/0x9c)
[  142.272155] [<c0b516e0>] (schedule) from [<c035806c>] (rescuer_thread+0x2fc/0x364)
[  142.280273] [<c035806c>] (rescuer_thread) from [<c035cb34>] (kthread+0xdc/0xf4)
[  142.288116] [<c035cb34>] (kthread) from [<c0307eb8>] (ret_from_fork+0x14/0x3c)
[  142.295806] bioset          S c0b51300     0    62      2 0x00000000
[  142.302734] [<c0b51300>] (__schedule) from [<c0b516e0>] (schedule+0x44/0x9c)
[  142.310302] [<c0b516e0>] (schedule) from [<c035806c>] (rescuer_thread+0x2fc/0x364)
[  142.318450] [<c035806c>] (rescuer_thread) from [<c035cb34>] (kthread+0xdc/0xf4)
[  142.326293] [<c035cb34>] (kthread) from [<c0307eb8>] (ret_from_fork+0x14/0x3c)
[  142.333984] bioset          S c0b51300     0    63      2 0x00000000
[  142.340911] [<c0b51300>] (__schedule) from [<c0b516e0>] (schedule+0x44/0x9c)
[  142.348480] [<c0b516e0>] (schedule) from [<c035806c>] (rescuer_thread+0x2fc/0x364)
[  142.356597] [<c035806c>] (rescuer_thread) from [<c035cb34>] (kthread+0xdc/0xf4)
[  142.364440] [<c035cb34>] (kthread) from [<c0307eb8>] (ret_from_fork+0x14/0x3c)
[  142.372161] irq/23-TWL4030- S c0b51300     0    64      2 0x00000000
[  142.379058] [<c0b51300>] (__schedule) from [<c0b516e0>] (schedule+0x44/0x9c)
[  142.386627] [<c0b516e0>] (schedule) from [<c0385fb0>] (irq_thread+0xb8/0x1ec)
[  142.394287] [<c0385fb0>] (irq_thread) from [<c035cb34>] (kthread+0xdc/0xf4)
[  142.401763] [<c035cb34>] (kthread) from [<c0307eb8>] (ret_from_fork+0x14/0x3c)
[  142.409454] spi1            S c0b51300     0    65      2 0x00000000
[  142.416351] [<c0b51300>] (__schedule) from [<c0b516e0>] (schedule+0x44/0x9c)
[  142.423919] [<c0b516e0>] (schedule) from [<c035cc58>] (kthread_worker_fn+0x10c/0x19c)
[  142.432342] [<c035cc58>] (kthread_worker_fn) from [<c035cb34>] (kthread+0xdc/0xf4)
[  142.440460] [<c035cb34>] (kthread) from [<c0307eb8>] (ret_from_fork+0x14/0x3c)
[  142.448181] spi2            S c0b51300     0    66      2 0x00000000
[  142.455047] [<c0b51300>] (__schedule) from [<c0b516e0>] (schedule+0x44/0x9c)
[  142.462646] [<c0b516e0>] (schedule) from [<c035cc58>] (kthread_worker_fn+0x10c/0x19c)
[  142.471038] [<c035cc58>] (kthread_worker_fn) from [<c035cb34>] (kthread+0xdc/0xf4)
[  142.479156] [<c035cb34>] (kthread) from [<c0307eb8>] (ret_from_fork+0x14/0x3c)
[  142.486877] spi3            S c0b51300     0    67      2 0x00000000
[  142.493774] [<c0b51300>] (__schedule) from [<c0b516e0>] (schedule+0x44/0x9c)
[  142.501342] [<c0b516e0>] (schedule) from [<c035cc58>] (kthread_worker_fn+0x10c/0x19c)
[  142.509735] [<c035cc58>] (kthread_worker_fn) from [<c035cb34>] (kthread+0xdc/0xf4)
[  142.517852] [<c035cb34>] (kthread) from [<c0307eb8>] (ret_from_fork+0x14/0x3c)
[  142.525573] spi4            S c0b51300     0    68      2 0x00000000
[  142.532470] [<c0b51300>] (__schedule) from [<c0b516e0>] (schedule+0x44/0x9c)
[  142.540039] [<c0b516e0>] (schedule) from [<c035cc58>] (kthread_worker_fn+0x10c/0x19c)
[  142.548431] [<c035cc58>] (kthread_worker_fn) from [<c035cb34>] (kthread+0xdc/0xf4)
[  142.556549] [<c035cb34>] (kthread) from [<c0307eb8>] (ret_from_fork+0x14/0x3c)
[  142.564270] kworker/u2:1    S c0b51300     0    69      2 0x00000000
[  142.571197] [<c0b51300>] (__schedule) from [<c0b516e0>] (schedule+0x44/0x9c)
[  142.578765] [<c0b516e0>] (schedule) from [<c0357938>] (worker_thread+0xd8/0x510)
[  142.586700] [<c0357938>] (worker_thread) from [<c035cb34>] (kthread+0xdc/0xf4)
[  142.594451] [<c035cb34>] (kthread) from [<c0307eb8>] (ret_from_fork+0x14/0x3c)
[  142.602172] kpsmoused       S c0b51300     0    71      2 0x00000000
[  142.609069] [<c0b51300>] (__schedule) from [<c0b516e0>] (schedule+0x44/0x9c)
[  142.616638] [<c0b516e0>] (schedule) from [<c035806c>] (rescuer_thread+0x2fc/0x364)
[  142.624755] [<c035806c>] (rescuer_thread) from [<c035cb34>] (kthread+0xdc/0xf4)
[  142.632629] [<c035cb34>] (kthread) from [<c0307eb8>] (ret_from_fork+0x14/0x3c)
[  142.640319] ipv6_addrconf   S c0b51300     0    72      2 0x00000000
[  142.647247] [<c0b51300>] (__schedule) from [<c0b516e0>] (schedule+0x44/0x9c)
[  142.654815] [<c0b516e0>] (schedule) from [<c035806c>] (rescuer_thread+0x2fc/0x364)
[  142.662933] [<c035806c>] (rescuer_thread) from [<c035cb34>] (kthread+0xdc/0xf4)
[  142.670776] [<c035cb34>] (kthread) from [<c0307eb8>] (ret_from_fork+0x14/0x3c)
[  142.678497] kworker/0:2     S c0b51300     0    73      2 0x00000000
[  142.685424] [<c0b51300>] (__schedule) from [<c0b516e0>] (schedule+0x44/0x9c)
[  142.692993] [<c0b516e0>] (schedule) from [<c0357938>] (worker_thread+0xd8/0x510)
[  142.700927] [<c0357938>] (worker_thread) from [<c035cb34>] (kthread+0xdc/0xf4)
[  142.708679] [<c035cb34>] (kthread) from [<c0307eb8>] (ret_from_fork+0x14/0x3c)
[  142.716400] deferwq         S c0b51300     0    74      2 0x00000000
[  142.723327] [<c0b51300>] (__schedule) from [<c0b516e0>] (schedule+0x44/0x9c)
[  142.730895] [<c0b516e0>] (schedule) from [<c035806c>] (rescuer_thread+0x2fc/0x364)
[  142.739013] [<c035806c>] (rescuer_thread) from [<c035cb34>] (kthread+0xdc/0xf4)
[  142.746856] [<c035cb34>] (kthread) from [<c0307eb8>] (ret_from_fork+0x14/0x3c)
[  142.754547] irq/338-4902000 S c0b51300     0    75      2 0x00000000
[  142.761444] [<c0b51300>] (__schedule) from [<c0b516e0>] (schedule+0x44/0x9c)
[  142.769012] [<c0b516e0>] (schedule) from [<c0385fb0>] (irq_thread+0xb8/0x1ec)
[  142.776672] [<c0385fb0>] (irq_thread) from [<c035cb34>] (kthread+0xdc/0xf4)
[  142.784149] [<c035cb34>] (kthread) from [<c0307eb8>] (ret_from_fork+0x14/0x3c)
[  142.791900] Sched Debug Version: v0.11, 4.6.0-rc1-next-20160401-00002-g5934d070b26b #1
[  142.800354] ktime                                   : 142798.292236
[  142.807037] sched_clk                               : 142791.870116
[  142.813720] cpu_clk                                 : 142791.870116
[  142.820404] jiffies                                 : 4294935345
[  142.826812] 
[  142.828430] sysctl_sched
[  142.831146]   .sysctl_sched_latency                    : 6.000000
[  142.837646]   .sysctl_sched_min_granularity            : 0.750000
[  142.844146]   .sysctl_sched_wakeup_granularity         : 1.000000
[  142.850646]   .sysctl_sched_child_runs_first           : 0
[  142.856506]   .sysctl_sched_features                   : 44859
[  142.862731]   .sysctl_sched_tunable_scaling            : 1 (logaritmic)
[  142.869781] 
[  142.871398] cpu#0
[  142.873474]   .nr_running                    : 0
[  142.878417]   .load                          : 0
[  142.883361]   .nr_switches                   : 9209
[  142.888549]   .nr_load_updates               : 2741
[  142.893768]   .nr_uninterruptible            : 1
[  142.898712]   .next_balance                  : 4294.907296
[  142.904571]   .curr->pid                     : 0
[  142.909515]   .clock                         : 140174.194335
[  142.915557]   .clock_task                    : 140174.194335
[  142.921569]   .cpu_load[0]                   : 0
[  142.926513]   .cpu_load[1]                   : 0
[  142.931457]   .cpu_load[2]                   : 0
[  142.936370]   .cpu_load[3]                   : 0
[  142.941314]   .cpu_load[4]                   : 0
[  142.946228] 
[  142.946228] cfs_rq[0]:
[  142.950378]   .exec_clock                    : 0.000000
[  142.955963]   .MIN_vruntime                  : 0.000001
[  142.961547]   .min_vruntime                  : 2691.222316
[  142.967407]   .max_vruntime                  : 0.000001
[  142.972991]   .spread                        : 0.000000
[  142.978576]   .spread0                       : 0.000000
[  142.984130]   .nr_spread_over                : 0
[  142.989074]   .nr_running                    : 0
[  142.994018]   .load                          : 0
[  142.998931]   .load_avg                      : 1
[  143.003875]   .runnable_load_avg             : 0
[  143.008789]   .util_avg                      : 1
[  143.013732]   .removed_load_avg              : 0
[  143.018676]   .removed_util_avg              : 0
[  143.023590] 
[  143.023590] rt_rq[0]:
[  143.027618]   .rt_nr_running                 : 0
[  143.032562]   .rt_throttled                  : 0
[  143.037475]   .rt_time                       : 0.274658
[  143.043060]   .rt_runtime                    : 950.000000
[  143.048828] 
[  143.048828] dl_rq[0]:
[  143.052856]   .dl_nr_running                 : 0
[  143.057800]   .dl_bw->bw                     : 996147
[  143.063171]   .dl_bw->total_bw               : 0
[  143.068115] 
[  143.068115] runnable tasks:
[  143.068115]             task   PID         tree-key  switches  prio     wait-time             sum-exec        sum-sleep
[  143.068115] ----------------------------------------------------------------------------------------------------------
[  143.095458]        swapper/0     1      2691.222316      2920   120         0.000000      2560.180635         0.000000
[  143.106964]         kthreadd     2      2226.482104        73   120         0.000000         6.286636         0.000000
[  143.118438]      ksoftirqd/0     3      2152.324389        42   120         0.000000         1.342778         0.000000
[  143.129913]      kworker/0:0     4      1890.520679        10   120         0.000000         0.366209         0.000000
[  143.141387]     kworker/0:0H     5       335.650859         5   100         0.000000         0.091552         0.000000
[  143.152862]     kworker/u2:0     6      2687.673000        15   120         0.000000         0.701902         0.000000
[  143.164337]        rcu_sched     7      2508.778956        71   120         0.000000        11.230461         0.000000
[  143.175781]           rcu_bh     8        19.858153         2   120         0.000000         0.030517         0.000000
[  143.187255]      migration/0     9         0.000000         4     0         0.000000         0.091552         0.000000
[  143.198730]       watchdog/0    10         0.000000        38     0         0.000000         9.277338         0.000000
[  143.210205]          cpuhp/0    11        28.367671         3   120         0.000000         0.061035         0.000000
[  143.221679]        kdevtmpfs    12      2044.298756       650   120         0.000000        34.027111         0.000000
[  143.233154]      kworker/0:1    13      2687.978175      1123   120         0.000000       193.298362         0.000000
[  143.244628]       khungtaskd    14      2621.419336         3   120         0.000000         0.366211         0.000000
[  143.256103]       oom_reaper    15       270.360102         2   120         0.000000         0.000000         0.000000
[  143.267547]        writeback    16       270.421136         2   100         0.000000         0.000000         0.000000
[  143.279022]       kcompactd0    17       272.390618         2   120         0.000000         0.030517         0.000000
[  143.290496]           crypto    18       274.451651         2   100         0.000000         0.061034         0.000000
[  143.301971]           bioset    19       276.421133         2   100         0.000000         0.000000         0.000000
[  143.313446]          kblockd    20       276.482168         2   100         0.000000         0.030518         0.000000
[  143.324920]          ata_sff    21       299.370349         2   100         0.000000         0.061035         0.000000
[  143.336364]  irq/72-48070000    22         0.000000      1007    49         0.000000        61.950683         0.000000
[  143.347839]  irq/73-48072000    23         0.000000         2    49         0.000000         0.061036         0.000000
[  143.359313]  irq/77-48060000    24         0.000000         2    49         0.000000         0.091552         0.000000
[  143.370788]      edac-poller    25       315.589200         2   100         0.000000         0.030517         0.000000
[  143.382263]       devfreq_wq    26       317.619365         2   100         0.000000         0.000000         0.000000
[  143.393737]        watchdogd    27       321.814434         2   100         0.000000         0.061035         0.000000
[  143.405181]           rpciod    28       344.946756         2   100         0.000000         0.061036         0.000000
[  143.416656]          kswapd0    29       459.133757         3   120         0.000000         0.091553         0.000000
[  143.428131]           vmstat    30       358.865317         2   100         0.000000         0.061034         0.000000
[  143.439605]           nfsiod    31       360.895834         2   100         0.000000         0.061036         0.000000
[  143.451080]           bioset    40      1330.581756         2   100         0.000000         0.000000         0.000000
[  143.462554]           bioset    41      1329.764862         2   100         0.000000         0.030517         0.000000
[  143.474029]           bioset    42      1329.356414         2   100         0.000000         0.000000         0.000000
[  143.485473]           bioset    43      1329.209001         2   100         0.000000         0.000000         0.000000
[  143.496948]           bioset    44      1329.100555         2   100         0.000000         0.030518         0.000000
[  143.508422]           bioset    45      1329.049250         2   100         0.000000         0.030517         0.000000
[  143.519897]           bioset    46      1329.065232         2   100         0.000000         0.122070         0.000000
[  143.531372]           bioset    47      1329.156082         2   100         0.000000         0.061036         0.000000
[  143.542846]           bioset    48      1330.013224         2   100         0.000000         0.030517         0.000000
[  143.554290]           bioset    49      1331.264860         2   100         0.000000         0.000000         0.000000
[  143.565765]           bioset    50      1332.612624         2   100         0.000000         0.061035         0.000000
[  143.577239]           bioset    51      1334.642788         2   100         0.000000         0.030517         0.000000
[  143.588714]           bioset    52      1334.612623         2   100         0.000000         0.000000         0.000000
[  143.600189]           bioset    53      1336.612974         2   100         0.000000         0.030518         0.000000
[  143.611663]           bioset    54      1336.643139         2   100         0.000000         0.030517         0.000000
[  143.623107]           bioset    55      1338.612621         2   100         0.000000         0.000000         0.000000
[  143.634582]           bioset    56      1360.416682         2   100         0.000000         0.030518         0.000000
[  143.646057]           bioset    57      1360.698070         2   100         0.000000         0.000000         0.000000
[  143.657531]           bioset    58      1362.477716         2   100         0.000000         0.061035         0.000000
[  143.669006]           bioset    59      1364.478066         2   100         0.000000         0.030517         0.000000
[  143.680450]           bioset    60      1366.231729         2   100         0.000000         0.030518         0.000000
[  143.691925]           bioset    61      1367.452081         2   100         0.000000         0.000000         0.000000
[  143.703399]           bioset    62      1368.306574         2   100         0.000000         0.030518         0.000000
[  143.714874]           bioset    63      1370.367608         2   100         0.000000         0.030518         0.000000
[  143.726348]  irq/23-TWL4030-    64      1392.927179         2    49         0.000000         0.030518         0.000000
[  143.737823]             spi1    65      1458.570500         2   120         0.000000         0.030518         0.000000
[  143.749298]             spi2    66      1460.601017         2   120         0.000000         0.030518         0.000000
[  143.760742]             spi3    67      1462.631533         2   120         0.000000         0.030517         0.000000
[  143.772216]             spi4    68      1465.469668         2   120         0.000000         0.030518         0.000000
[  143.783691]     kworker/u2:1    69      1506.830260         2   120         0.000000         0.030518         0.000000
[  143.795166]        kpsmoused    71      1812.022396         2   100         0.000000         0.061036         0.000000
[  143.806640]    ipv6_addrconf    72      1893.398962         2   100         0.000000         0.030518         0.000000
[  143.818084]      kworker/0:2    73      2126.076587        28   120         0.000000         3.723142         0.000000
[  143.829559]          deferwq    74      2046.688758         2   100         0.000000         0.061036         0.000000
[  143.841033]  irq/338-4902000    75         0.030517         2    49         0.000000         0.579833         0.000000
[  143.852508] 
[  143.854125] Showing busy workqueues and worker pools:
- 01:25:32 [INFO] [  150.506530] sysrq: SysRq : Show backtrace of all active CPUs
[  150.512664] Sending NMI to all CPUs:
[  150.517608] Unable to handle kernel NULL pointer dereference at virtual address 00000000
[  150.526367] pgd = c0204000
[  150.529296] [00000000] *pgd=00000000
[  150.533203] Internal error: Oops: 80000005 [#1] SMP ARM
[  150.538757] Modules linked in:
[  150.542083] CPU: 0 PID: 0 Comm: swapper/0 Not tainted 4.6.0-rc1-next-20160401-00002-g5934d070b26b #1
[  150.551818] Hardware name: Generic OMAP3 (Flattened Device Tree)
[  150.558227] task: c1306a80 ti: c1300000 task.ti: c1300000
[  150.563995] PC is at 0x0
[  150.566741] LR is at nmi_trigger_all_cpu_backtrace+0x23c/0x248
[  150.572998] pc : [<00000000>]    lr : [<c058eaac>]    psr: 60000193
[  150.572998] sp : c1301e80  ip : 00000000  fp : c13027f8
[  150.585235] r10: c120d518  r9 : c030e27c  r8 : c1302580
[  150.590820] r7 : 00000000  r6 : 00000000  r5 : c13027f8  r4 : 00000001
[  150.597778] r3 : 00000000  r2 : 00000000  r1 : 00000007  r0 : c13027f8
[  150.604736] Flags: nZCv  IRQs off  FIQs on  Mode SVC_32  ISA ARM  Segment none
[  150.612457] Control: 10c5387d  Table: 80204019  DAC: 00000051
[  150.618591] Process swapper/0 (pid: 0, stack limit = 0xc1300220)
[  150.624999] Stack: (0xc1301e80 to 0xc1302000)
[  150.629730] 1e80: c06ac7b4 c13377b4 c1397674 00000007 0000006c 00000001 c300a480 00000061
[  150.638488] 1ea0: c1301fa8 c06ace5c c32ddc10 00000101 00000002 00000005 c1302100 c06dcadc
[  150.647247] 1ec0: c14391a8 c1439110 c1302140 c3621d80 c300a4e0 00000000 00000000 0000005a
[  150.656005] 1ee0: c300a480 c140f3aa c1301fa8 c0384d14 00000000 0b44008f c300a480 c300a4e0
[  150.664764] 1f00: 00000000 00000000 c3003000 c130250c c1302504 c0384e10 c300a480 c300a490
[  150.673492] 1f20: 00000000 c0387e94 c120d510 0000005a 00000000 c03843f8 c120d510 c03846a8
[  150.682250] 1f40: c037879c 20000013 ffffffff c1301f8c c120f600 c030c654 00000000 c7c893f0
[  150.691009] 1f60: 00000001 c7c893fc c1300000 c13024a4 c1302400 ffffffff c120f600 c130250c
[  150.699768] 1f80: c1302504 c1301fa8 00000001 c1301fa8 c038ff4c c037879c 20000013 ffffffff
[  150.708526] 1fa0: 00000051 c0378784 c1301fb4 c140f3a8 00000000 ffffffff 00000000 c1100c4c
[  150.717285] 1fc0: ffffffff ffffffff 00000000 c1100688 00000000 c11a4a30 c14115d4 c1302480
[  150.726043] 1fe0: c11a4a2c c1307c5c 80204059 411fc082 00000000 8020807c 00000000 00000000
[  150.734802] [<c058eaac>] (nmi_trigger_all_cpu_backtrace) from [<c06ace5c>] (__handle_sysrq+0xa8/0x16c)
[  150.744781] [<c06ace5c>] (__handle_sysrq) from [<c06dcadc>] (serial_omap_irq+0x384/0x3c4)
[  150.753540] [<c06dcadc>] (serial_omap_irq) from [<c0384d14>] (handle_irq_event_percpu+0x88/0x140)
[  150.763061] [<c0384d14>] (handle_irq_event_percpu) from [<c0384e10>] (handle_irq_event+0x44/0x68)
[  150.772552] [<c0384e10>] (handle_irq_event) from [<c0387e94>] (handle_level_irq+0xa0/0x134)
[  150.781494] [<c0387e94>] (handle_level_irq) from [<c03843f8>] (generic_handle_irq+0x24/0x34)
[  150.790527] [<c03843f8>] (generic_handle_irq) from [<c03846a8>] (__handle_domain_irq+0x5c/0xb4)
[  150.799804] [<c03846a8>] (__handle_domain_irq) from [<c030c654>] (__irq_svc+0x54/0x70)
[  150.808288] [<c030c654>] (__irq_svc) from [<c037879c>] (cpu_startup_entry+0xc8/0x224)
[  150.816711] [<c037879c>] (cpu_startup_entry) from [<c1100c4c>] (start_kernel+0x370/0x37c)
[  150.825469] [<c1100c4c>] (start_kernel) from [<8020807c>] (0x8020807c)
[  150.832458] Code: bad PC value
[  150.835754] ---[ end trace 1c95258d4decc08e ]---
[  150.840728] Kernel panic - not syncing: Fatal exception in interrupt
[  150.847534] ---[ end Kernel panic - not syncing: Fatal exception in interrupt
- 01:25:42 [INFO] 
- 01:25:42 [INFO] Disconnected serial from ldp3430
URL:gtsystest.telogy.design.ti.com/vatf/tidfarm-05/tidfarm-05_vatf@ldp3430/tidfarm-0504_01_2016_01_21_57/files/session_iteration_1/test_1
