- 13:17:44 [INFO] Starting target session
- 13:17:46 [INFO] Connected to ldp3430 via serial 
- 13:17:46 [INFO] Host: #check prompt
- 13:17:49 [ERROR] On command: #check prompt waiting for #check prompt.+?(?-mix:((?-mix:.*\s+login)|[Pp]assword)) >>> error: execution expired
- 13:17:49 [INFO] Target: 
#check prompt
root@GenericOMAP3(FlattenedDeviceTree):/test# 
- 13:17:49 [INFO] Host: #check prompt
- 13:17:50 [INFO] Target: 
#check prompt
root@GenericOMAP3(FlattenedDeviceTree):/test# 
- 13:17:50 [INFO] Host: sync;poweroff
- 13:18:11 [INFO] Target: 
sync;poweroff
Broadcast message from root@GenericOMAP3(FlattenedDeviceTree) (ttyO2) (Sun Ju
The system is going down for system halt NOW!
INIT: Switching to runlevel: 0
5root@GenericOMAP3(FlattenedDeviceTree):/test# 
INIT: Sending processes the TERM signal
INIT: Sending processes the KILL signal
Stopping Dropbear SSH server: stopped /usr/sbin/dropbear (pid 683)
dropbear.
Stopping telnet daemon.
Stopping system message bus: hwclock: can't open '/dev/misc/rtc': No such file or directory
Error opening /dev/fb0: No such file or directory
Stopping syslogd/klogd: stopped syslogd (pid 693)
stopped klogd (pid 695)
done
Stopping thttpd.
ALSA: Storing mixer settings...
/usr/sbin/alsactl: save_state:1580: No soundcards found...
Deconfiguring network interfaces... [ 2628.974578] smsc911x 8000000.ethernet eth0: SMSC911x/921x identified at 0xc881e000, IRQ: 264
done.
Stopping Lighttpd Web Server: stopped /usr/sbin/lighttpd (pid 702)
lighttpd.
***************************************************************
***************************************************************
NOTICE: This file system contains the followin GPLv3 packages:
	binutils-symlinks
	binutils
	gdbserver
	parted
If you do not wish to distribute GPLv3 components please remove
the above packages prior to distribution.  This can be done using
the opkg remove command.  i.e.:
    opkg remove <package>
Where <package> is the name printed in the list above
NOTE: If the package is a dependency of another package you
      will be notified of the dependent packages.  You should
      use the --force-removal-of-dependent-packages option to
      also remove the dependent packages as well
***************************************************************
***************************************************************
Sending all processes the TERM signal...
Sending all processes the KILL signal...
Unmounting remote filesystems...
Deactivating swap...
Unmounting local filesystems...
[ 2639.509857] EXT4-fs (mmcblk0p2): re-mounted. Opts: data=ordered
[ 2642.073547] reboot: Power down
[ 2642.076812] ------------[ cut here ]------------
[ 2642.081665] WARNING: CPU: 0 PID: 940 at kernel/locking/lockdep.c:2772 lockdep_trace_alloc+0x100/0x120
[ 2642.091308] DEBUG_LOCKS_WARN_ON(irqs_disabled_flags(flags))
[ 2642.096954] Modules linked in:
[ 2642.100341] CPU: 0 PID: 940 Comm: halt Not tainted 4.5.0-rc6-next-20160302-00002-g87fe98489cb9 #1
[ 2642.109619] Hardware name: Generic OMAP3 (Flattened Device Tree)
[ 2642.115936] [<c010fe2c>] (unwind_backtrace) from [<c010c0e0>] (show_stack+0x10/0x14)
[ 2642.124053] [<c010c0e0>] (show_stack) from [<c0465778>] (dump_stack+0xb0/0xe4)
[ 2642.131622] [<c0465778>] (dump_stack) from [<c0136a64>] (__warn+0xd4/0x100)
[ 2642.138916] [<c0136a64>] (__warn) from [<c0136ac4>] (warn_slowpath_fmt+0x34/0x44)
[ 2642.146759] [<c0136ac4>
- 13:18:11 [INFO] Disconnected serial from ldp3430
- 13:18:12 [INFO] Connected to ldp3430 via serial 
- 13:18:12 [INFO] Host: 
- 13:18:22 [INFO] Target: 
40mL`U
@ @QT,0@ @ @
Texas Instruments X-Loader 1.41 (Apr 25 2014 - 11:23:40)
Starting OS Bootloader from NAND ...
U-Boot 1.1.4-gae533d15 (Apr 25 2014 - 15:03:07)
OMAP3430-GP rev 2, CPU-OPP2 L3-165MHz
OMAP3430LAB 0.1 Version + mDDR (Boot NAND)
DRAM:  128 MB
NAND:256 MiB
Reading data from 0xc0000 --   1% complete.
Reading data from 0xc0800 --   3% complete.
Reading data from 0xc1000 --   4% complete.
Reading data from 0xc1800 --   6% complete.
Reading data from 0xc2000 --   7% complete.
Reading data from 0xc2800 --   9% complete.
Reading data from 0xc3000 --  10% complete.
Reading data from 0xc3800 --  12% complete.
Reading data from 0xc4000 --  14% complete.
Reading data from 0xc4800 --  15% complete.
Reading data from 0xc5000 --  17% complete.
Reading data from 0xc5800 --  18% complete.
Reading data from 0xc6000 --  20% complete.
Reading data from 0xc6800 --  21% complete.
Reading data from 0xc7000 --  23% complete.
Reading data from 0xc7800 --  25% complete.
Reading data from 0xc8000 --  26% complete.
Reading data from 0xc8800 --  28% complete.
Reading data from 0xc9000 --  29% complete.
Reading data from 0xc9800 --  31% complete.
Reading data from 0xca000 --  32% complete.
Reading data from 0xca800 --  34% complete.
Reading data from 0xcb000 --  35% complete.
Reading data from 0xcb800 --  37% complete.
Reading data from 0xcc000 --  39% complete.
Reading data from 0xcc800 --  40% complete.
Reading data from 0xcd000 --  42% complete.
Reading data from 0xcd800 --  43% complete.
Reading data from 0xce000 --  45% complete.
Reading data from 0xce800 --  46% complete.
Reading data from 0xcf000 --  48% complete.
Reading data from 0xcf800 --  50% complete.
Reading data from 0xd0000 --  51% complete.
Reading data from 0xd0800 --  53% complete.
Reading data from 0xd1000 --  54% complete.
Reading data from 0xd1800 --  56% complete.
Reading data from 0xd2000 --  57% complete.
Reading data from 0xd2800 --  59% complete.
Reading data from 0xd3000 --  60% complete.
Reading data from 0xd3800 --  62% complete.
Reading data from 0xd4000 --  64% complete.
Reading data from 0xd4800 --  65% complete.
Reading data from 0xd5000 --  67% complete.
Reading data from 0xd5800 --  68% complete.
Reading data from 0xd6000 --  70% complete.
Reading data from 0xd6800 --  71% complete.
Reading data from 0xd7000 --  73% complete.
Reading data from 0xd7800 --  75% complete.
Reading data from 0xd8000 --  76% complete.
Reading data from 0xd8800 --  78% complete.
Reading data from 0xd9000 --  79% complete.
Reading data from 0xd9800 --  81% complete.
Reading data from 0xda000 --  82% complete.
Reading data from 0xda800 --  84% complete.
Reading data from 0xdb000 --  85% complete.
Reading data from 0xdb800 --  87% complete.
Reading data from 0xdc000 --  89% complete.
Reading data from 0xdc800 --  90% complete.
Reading data from 0xdd000 --  92% complete.
Reading data from 0xdd800 --  93% complete.
Reading data from 0xde000 --  95% complete.
Reading data from 0xde800 --  96% complete.
Reading data from 0xdf000 --  98% complete.
Reading data from 0xdf800 -- 100% complete.
*** Warning - bad CRC or NAND, using default environment
In:    serial
Out:   serial
Err:   serial
Battery levels: main 4163 mV, backup 3223 mV
LAN9x18 (0x92110000) detected.
Read mac address: 00:08:EE:02:24:9D
start Auto negotiation... (take ~2sec)
Auto negotiation complete, 100BaseTX, full duplex
Press SPACE to abort Chain2Bootloader in 1 seconds
reading chained-bootloader
NAND read: device 0 offset 0x100000, size 0x100000
 1048576 bytes read: OK
starting chained-boot-loader
## Starting application at 0x80800000 ...
U-Boot 2014.04-00071-g8543283-dirty (Apr 25 2014 - 14:59:48)
OMAP3530-GP ES2.1, CPU-OPP2, L3-165MHz, Max CPU Clock 600 MHz
OMAP3 Zoom MDK Rev 1 + LPDDR/NAND
I2C:   ready
DRAM:  128 MiB
NAND:  256 MiB
MMC:   OMAP SD/MMC: 0
*** Warning - bad CRC, using default environment
Die ID #19ae00020000000004013ddc0201700b
Net:   smc911x-0
Hit any key to stop autoboot:  1  0 
U-Boot# 
U-Boot# 
U-Boot# 
U-Boot# 
U-Boot# 
U-Boot# 
U-Boot# 
U-Boot# 
U-Boot# 
U-Boot# 
U-Boot# 
U-Boot# 
U-Boot# 
U-Boot# 
U-Boot# 
U-Boot# 
U-Boot# 
U-Boot# 
U-Boot# 
U-Boot# 
U-Boot# 
U-Boot# 
U-Boot# 
U-Boot# 
U-Boot# 
- 13:18:23 [INFO] Host: version
- 13:18:23 [INFO] Target: 
version
U-Boot 2014.04-00071-g8543283-dirty (Apr 25 2014 - 14:59:48)
arm-linux-gnueabi-gcc (Ubuntu/Linaro 4.6.3-1ubuntu5) 4.6.3
GNU ld (GNU Binutils for Ubuntu) 2.22
U-Boot# 
- 13:18:23 [INFO] Host: bdinfo
- 13:18:23 [INFO] Target: 
bdinfo
arch_number = 0x00000667
boot_params = 0x80000100
DRAM bank   = 0x00000000
-> start    = 0x80000000
-> size     = 0x08000000
DRAM bank   = 0x00000001
-> start    = 0x88000000
-> size     = 0x00000000
eth0name    = smc911x-0
ethaddr     = 00:08:ee:02:24:9d
current eth = smc911x-0
ip_addr     = <NULL>
baudrate    = 115200 bps
TLB addr    = 0x87FF0000
relocaddr   = 0x87F71000
reloc off   = 0x07771000
irq_sp      = 0x87E50ED0
sp start    = 0x87E50EC0
U-Boot# 
- 13:18:23 [INFO] Host: printenv
- 13:18:23 [INFO] Target: 
printenv
arch=arm
baudrate=115200
board=zoom1
board_name=zoom1
bootcmd=mmc dev ${mmcdev}; if mmc rescan; then if run loadbootscript; then run bootscript; if test -n $uenvcmd; then echo Running uenvcmd ...;run uenvcmd;fi;else if run loadimage; then run mmcboot; else if run loadzimage; then run mmczboot; else run nandboot; fi; fi;fi; else run nandboot; fi
bootdelay=1
bootdir=/
bootfile=uImage
bootpart=0:1
bootscript=echo Running bootscript from mmc ...; if run importbootscr; then echo boot.scr imported; else run importbootenv;fi
console=ttyO2,115200n8
cpu=armv7
dieid#=19ae00020000000004013ddc0201700b
ethact=smc911x-0
ethaddr=00:08:ee:02:24:9d
fdtaddr=0x80f80000
fdtfile=omap3-ldp.dtb
importbootenv=env import -t $loadaddr $filesize
importbootscr=source ${loadaddr}
loadaddr=0x82000000
loadbootenv=fatload mmc ${mmcdev} ${loadaddr} uEnv.txt
loadbootscr=fatload mmc ${mmcdev} ${loadaddr} boot.scr
loadbootscript=if run loadbootscr; then echo boot.scr; else run loadbootenv;fi
loadfdt=load mmc ${bootpart} ${fdtaddr} ${bootdir}/${fdtfile}
loadimage=load mmc ${bootpart} ${loadaddr} ${bootdir}/${bootfile}
loadzimage=setenv bootfile zImage; if run loadimage; then run loadfdt;fi
mmcargs=setenv bootargs console=${console} video=${videospec},mode:${videomode} root=/dev/mmcblk0p2 rw rootfstype=ext3 rootwait
mmcboot=echo Booting from mmc ...; run mmcargs; bootm ${loadaddr}
mmcdev=0
mmczboot=echo Booting from mmc ...; run mmcargs; bootz ${loadaddr} - ${fdtaddr}
nandargs=setenv bootargs console=${console} video=${videospec},mode:${videomode} root=/dev/mtdblock4 rw rootfstype=jffs2
nandboot=echo Booting from nand ...; run nandargs; nand read ${loadaddr} 280000 400000; bootm ${loadaddr}
soc=omap3
usbtty=cdc_acm
vendor=logicpd
ver=U-Boot 2014.04-00071-g8543283-dirty (Apr 25 2014 - 14:59:48)
videomode=1024x768@60,vxres=1024,vyres=768
videospec=omapfb:vram:2M,vram:4M
Environment size: 1940/131068 bytes
U-Boot# 
- 13:18:23 [INFO] Host: setenv autoload 'no'
- 13:18:23 [INFO] Target: 
setenv autoload 'no'
U-Boot# 
- 13:18:23 [INFO] Host: dhcp
- 13:18:26 [INFO] Target: 
dhcp
smc911x: detected LAN9211 controller
smc911x: phy initialized
smc911x: MAC 00:08:ee:02:24:9d
BOOTP broadcast 1
DHCP client bound to address 192.168.1.164
U-Boot# 
- 13:18:26 [INFO] Host: setenv serverip 192.168.1.254
- 13:18:26 [INFO] Target: 
setenv serverip 192.168.1.254
U-Boot# 
- 13:18:26 [INFO] Host: setenv bootargs 'console=ttyO2,115200n8 earlyprintk rootwait ip=dhcp root=/dev/mmcblk0p2 rw rootfstype=ext3 nohlt'
- 13:18:26 [INFO] Target: 
setenv bootargs 'console=ttyO2,115200n8 earlyprintk rootwait ip=dhcp root=/dev/mmcblk0p2 rw rootfstype=ext3 nohlt'
U-Boot# 
- 13:18:26 [INFO] Host: setenv bootfile vatf_ldp3430/866bfe11c025ebc2ba6fa70e3af7a92e
- 13:18:26 [INFO] Target: 
setenv bootfile vatf_ldp3430/866bfe11c025ebc2ba6fa70e3af7a92e
U-Boot# 
- 13:18:26 [INFO] Host: setenv bootcmd 'tftp ${loadaddr};bootm ${loadaddr}'
- 13:18:26 [INFO] Target: 
setenv bootcmd 'tftp ${loadaddr};bootm ${loadaddr}'
U-Boot# 
- 13:18:26 [INFO] Host: printenv
- 13:18:26 [INFO] Target: 
printenv
arch=arm
autoload=no
baudrate=115200
board=zoom1
board_name=zoom1
bootargs=console=ttyO2,115200n8 earlyprintk rootwait ip=dhcp root=/dev/mmcblk0p2 rw rootfstype=ext3 nohlt
bootcmd=tftp ${loadaddr};bootm ${loadaddr}
bootdelay=1
bootdir=/
bootfile=vatf_ldp3430/866bfe11c025ebc2ba6fa70e3af7a92e
bootpart=0:1
bootscript=echo Running bootscript from mmc ...; if run importbootscr; then echo boot.scr imported; else run importbootenv;fi
console=ttyO2,115200n8
cpu=armv7
dieid#=19ae00020000000004013ddc0201700b
dnsip=192.0.2.2
ethact=smc911x-0
ethaddr=00:08:ee:02:24:9d
fdtaddr=0x80f80000
fdtfile=omap3-ldp.dtb
gatewayip=192.168.1.254
importbootenv=env import -t $loadaddr $filesize
importbootscr=source ${loadaddr}
ipaddr=192.168.1.164
loadaddr=0x82000000
loadbootenv=fatload mmc ${mmcdev} ${loadaddr} uEnv.txt
loadbootscr=fatload mmc ${mmcdev} ${loadaddr} boot.scr
loadbootscript=if run loadbootscr; then echo boot.scr; else run loadbootenv;fi
loadfdt=load mmc ${bootpart} ${fdtaddr} ${bootdir}/${fdtfile}
loadimage=load mmc ${bootpart} ${loadaddr} ${bootdir}/${bootfile}
loadzimage=setenv bootfile zImage; if run loadimage; then run loadfdt;fi
mmcargs=setenv bootargs console=${console} video=${videospec},mode:${videomode} root=/dev/mmcblk0p2 rw rootfstype=ext3 rootwait
mmcboot=echo Booting from mmc ...; run mmcargs; bootm ${loadaddr}
mmcdev=0
mmczboot=echo Booting from mmc ...; run mmcargs; bootz ${loadaddr} - ${fdtaddr}
nandargs=setenv bootargs console=${console} video=${videospec},mode:${videomode} root=/dev/mtdblock4 rw rootfstype=jffs2
nandboot=echo Booting from nand ...; run nandargs; nand read ${loadaddr} 280000 400000; bootm ${loadaddr}
netmask=255.255.255.0
serverip=192.168.1.254
soc=omap3
usbtty=cdc_acm
vendor=logicpd
ver=U-Boot 2014.04-00071-g8543283-dirty (Apr 25 2014 - 14:59:48)
videomode=1024x768@60,vxres=1024,vyres=768
videospec=omapfb:vram:2M,vram:4M
Environment size: 1967/131068 bytes
U-Boot# 
- 13:18:26 [INFO] Host: boot
- 13:20:56 [ERROR] On command: boot waiting for boot.+?(?-mix:.*\s+login) >>> error: execution expired
- 13:20:56 [INFO] Target: 
boot
smc911x: detected LAN9211 controller
smc911x: phy initialized
smc911x: MAC 00:08:ee:02:24:9d
Using smc911x-0 device
TFTP from server 192.168.1.254; our IP address is 192.168.1.164
Filename 'vatf_ldp3430/866bfe11c025ebc2ba6fa70e3af7a92e'.
Load address: 0x82000000
Loading: *###smc911x: dropped bad packet. Status: 0x04ff8022
T ##############################################################
	 #################################################################
	 #################################################################
	 #################################################################
	 #################################################################
	 #################################################################
	 #################################################################
	 ################
	 917 KiB/s
done
Bytes transferred = 6909187 (696d03 hex)
## Booting kernel from Legacy Image at 82000000 ...
   Image Name:   Linux-4.5.0-rc6-next-20160302-00
   Image Type:   ARM Linux Kernel Image (uncompressed)
   Data Size:    6909123 Bytes = 6.6 MiB
   Load Address: 81000000
   Entry Point:  81000000
   Verifying Checksum ... OK
   Loading Kernel Image ... OK
Starting kernel ...
[    0.000000] Booting Linux on physical CPU 0x0
[    0.000000] Linux version 4.5.0-rc6-next-20160302-00002-g87fe98489cb9 (nmenon@horus) (gcc version 4.9.3 20150413 (prerelease) (Linaro GCC 4.9-2015.05) ) #1 SMP Wed Mar 2 13:08:46 CST 2016
[    0.000000] CPU: ARMv7 Processor [411fc082] revision 2 (ARMv7), cr=10c5387d
[    0.000000] CPU: PIPT / VIPT nonaliasing data cache, VIPT nonaliasing instruction cache
[    0.000000] Machine model: TI OMAP3430 LDP (Zoom1 Labrador)
[    0.000000] cma: Reserved 64 MiB at 0x83800000
[    0.000000] Memory policy: Data cache writeback
[    0.000000] CPU: All CPU(s) started in SVC mode.
[    0.000000] OMAP3430/3530 ES2.1 (l2cache iva sgx neon isp )
[    0.000000] PERCPU: Embedded 13 pages/cpu @c7c88000 s23808 r8192 d21248 u53248
[    0.000000] Built 1 zonelists in Zone order, mobility grouping on.  Total pages: 32000
[    0.000000] Kernel command line: console=ttyO2,115200n8 earlyprintk rootwait ip=dhcp root=/dev/mmcblk0p2 rw rootfstype=ext3 nohlt
[    0.000000] PID hash table entries: 512 (order: -1, 2048 bytes)
[    0.000000] Dentry cache hash table entries: 16384 (order: 4, 65536 bytes)
[    0.000000] Inode-cache hash table entries: 8192 (order: 3, 32768 bytes)
[    0.000000] Memory: 43996K/129024K available (9464K kernel code, 1070K rwdata, 4184K rodata, 2048K init, 342K bss, 19492K reserved, 65536K cma-reserved, 0K highmem)
[    0.000000] Virtual kernel memory layout:
[    0.000000]     vector  : 0xffff0000 - 0xffff1000   (   4 kB)
[    0.000000]     fixmap  : 0xffc00000 - 0xfff00000   (3072 kB)
[    0.000000]     vmalloc : 0xc8800000 - 0xff800000   ( 880 MB)
[    0.000000]     lowmem  : 0xc0000000 - 0xc8000000   ( 128 MB)
[    0.000000]     pkmap   : 0xbfe00000 - 0xc0000000   (   2 MB)
[    0.000000]     modules : 0xbf000000 - 0xbfe00000   (  14 MB)
[    0.000000]       .text : 0xc0208000 - 0xc1054140   (14641 kB)
[    0.000000]       .init : 0xc1100000 - 0xc1300000   (2048 kB)
[    0.000000]       .data : 0xc1300000 - 0xc140bac0   (1071 kB)
[    0.000000]        .bss : 0xc140d000 - 0xc1462860   ( 343 kB)
[    0.000000] SLUB: HWalign=64, Order=0-3, MinObjects=0, CPUs=1, Nodes=1
[    0.000000] Hierarchical RCU implementation.
[    0.000000] 	Build-time adjustment of leaf fanout to 32.
[    0.000000] 	RCU restricting CPUs from NR_CPUS=16 to nr_cpu_ids=1.
[    0.000000] RCU: Adjusting geometry for rcu_fanout_leaf=32, nr_cpu_ids=1
[    0.000000] NR_IRQS:16 nr_irqs:16 16
[    0.000000] IRQ: Found an INTC at 0xfa200000 (revision 4.0) with 96 interrupts
[    0.000000] Clocking rate (Crystal/Core/MPU): 26.0/166/600 MHz
[    0.000000] OMAP clockevent source: timer1 at 32768 Hz
[    0.000000] clocksource: 32k_counter: mask: 0xffffffff max_cycles: 0xffffffff, max_idle_ns: 58327039986419 ns
[    0.000000] sched_clock: 32 bits at 32kHz, resolution 30517ns, wraps every 65535999984741ns
[    0.000030] OMAP clocksource: 32k_counter at 32768 Hz
[    0.003326] Console: colour dummy device 80x30
[    0.003387] Calibrating delay loop... 594.73 BogoMIPS (lpj=1486848)
[    0.034454] pid_max: default: 32768 minimum: 301
[    0.034637] Mount-cache hash table entries: 1024 (order: 0, 4096 bytes)
[    0.034637] Mountpoint-cache hash table entries: 1024 (order: 0, 4096 bytes)
[    0.035827] CPU: Testing write buffer coherency: ok
[    0.036315] CPU0: thread -1, cpu 0, socket -1, mpidr 0
[    0.036468] Setting up static identity map for 0x80300000 - 0x80300098
[    0.045593] Brought up 1 CPUs
[    0.045623] SMP: Total of 1 processors activated (594.73 BogoMIPS).
[    0.045654] CPU: All CPU(s) started in SVC mode.
[    0.047943] devtmpfs: initialized
[    0.094085] VFP support v0.3: implementor 41 architecture 3 part 30 variant c rev 1
[    0.096130] clocksource: jiffies: mask: 0xffffffff max_cycles: 0xffffffff, max_idle_ns: 9556302231375000 ns
[    0.101135] pinctrl core: initialized pinctrl subsystem
[    0.105712] NET: Registered protocol family 16
[    0.109924] DMA: preallocated 256 KiB pool for atomic coherent allocations
[    0.132293] omap_hwmod: mcbsp2_sidetone using broken dt data from mcbsp
[    0.132934] omap_hwmod: mcbsp3_sidetone using broken dt data from mcbsp
[    0.197967] cpuidle: using governor menu
[    0.198974] Reprogramming SDRC clock to 166000000 Hz
[    0.209594] OMAP GPIO hardware version 2.5
[    0.221343] irq: no irq domain found for /ocp/l4@48000000/scm@2000/pinmux@30 !
[    0.237915] omap-gpmc 6e000000.gpmc: GPMC revision 5.0
[    0.237945] gpmc_mem_init: disabling cs 0 mapped at 0x0-0x1000000
[    0.246459] No ATAGs?
[    0.246490] hw-breakpoint: debug architecture 0x4 unsupported.
[    0.248657] omap4_sram_init:Unable to allocate sram needed to handle errata I688
[    0.248657] omap4_sram_init:Unable to get sram pool needed to handle errata I688
[    0.249053] OMAP DMA hardware revision 4.0
[    0.257080] Serial: AMBA PL011 UART driver
[    0.291931] omap-dma-engine 48056000.dma-controller: OMAP DMA engine driver
[    0.302764] vgaarb: loaded
[    0.304962] SCSI subsystem initialized
[    0.305999] usbcore: registered new interface driver usbfs
[    0.306182] usbcore: registered new interface driver hub
[    0.306274] usbcore: registered new device driver usb
[    0.309295] omap_i2c 48070000.i2c: bus 0 rev3.3 at 2600 kHz
[    0.310211] omap_i2c 48072000.i2c: bus 1 rev3.3 at 400 kHz
[    0.311004] omap_i2c 48060000.i2c: bus 2 rev3.3 at 400 kHz
[    0.312713] pps_core: LinuxPPS API ver. 1 registered
[    0.312713] pps_core: Software ver. 5.3.6 - Copyright 2005-2007 Rodolfo Giometti <giometti@linux.it>
[    0.312774] PTP clock support registered
[    0.313293] EDAC MC: Ver: 3.0.0
[    0.318542] clocksource: Switched to clocksource 32k_counter
[    0.340393] NET: Registered protocol family 2
[    0.341369] TCP established hash table entries: 1024 (order: 0, 4096 bytes)
[    0.341430] TCP bind hash table entries: 1024 (order: 1, 8192 bytes)
[    0.341461] TCP: Hash tables configured (established 1024 bind 1024)
[    0.341613] UDP hash table entries: 256 (order: 1, 8192 bytes)
[    0.341644] UDP-Lite hash table entries: 256 (order: 1, 8192 bytes)
[    0.341918] NET: Registered protocol family 1
[    0.342529] RPC: Registered named UNIX socket transport module.
[    0.342559] RPC: Registered udp transport module.
[    0.342559] RPC: Registered tcp transport module.
[    0.342590] RPC: Registered tcp NFSv4.1 backchannel transport module.
[    0.346710] hw perfevents: enabled with armv7_cortex_a8 PMU driver, 5 counters available
[    0.351348] futex hash table entries: 256 (order: 2, 16384 bytes)
[    0.353240] workingset: timestamp_bits=28 max_order=15 bucket_order=0
[    0.377563] squashfs: version 4.0 (2009/01/31) Phillip Lougher
[    0.379699] NFS: Registering the id_resolver key type
[    0.379760] Key type id_resolver registered
[    0.379791] Key type id_legacy registered
[    0.379913] ntfs: driver 2.1.32 [Flags: R/O].
[    0.383209] Block layer SCSI generic (bsg) driver version 0.4 loaded (major 248)
[    0.383239] io scheduler noop registered
[    0.383270] io scheduler deadline registered
[    0.383331] io scheduler cfq registered (default)
[    0.392791] pinctrl-single 48002030.pinmux: 284 pins at pa fa002030 size 568
[    0.393218] pinctrl-single 48002a00.pinmux: 46 pins at pa fa002a00 size 92
[    0.393859] pinctrl-single 480025d8.pinmux: 18 pins at pa fa0025d8 size 36
[    0.543304] Serial: 8250/16550 driver, 4 ports, IRQ sharing disabled
[    0.549041] SuperH (H)SCI(F) driver initialized
[    0.550903] msm_serial: driver initialized
[    0.551391] omap_uart 4806a000.serial: no wakeirq for uart0
[    0.551635] 4806a000.serial: ttyO0 at MMIO 0x4806a000 (irq = 88, base_baud = 3000000) is a OMAP UART0
[    0.552551] omap_uart 4806c000.serial: no wakeirq for uart1
[    0.552734] 4806c000.serial: ttyO1 at MMIO 0x4806c000 (irq = 89, base_baud = 3000000) is a OMAP UART1
[    0.553802] 49020000.serial: ttyO2 at MMIO 0x49020000 (irq = 90, base_baud = 3000000) is a OMAP UART2
[    1.295776] console [ttyO2] enabled
[    1.300415] STMicroelectronics ASC driver initialized
[    1.309417] [drm] Initialized drm 1.1.0 20060810
[    1.346435] brd: module loaded
[    1.362152] loop: module loaded
[    1.374481] twl 0-0048: PIH (irq 23) chaining IRQs 339..347
[    1.380523] twl 0-0048: power (irq 344) chaining IRQs 347..354
[    1.432250] twl4030_gpio twl4030-gpio: gpio (irq 339) chaining IRQs 355..372
[    1.533416] libphy: Fixed MDIO Bus: probed
[    1.539550] CAN device driver interface
[    1.548095] igb: Intel(R) Gigabit Ethernet Network Driver - version 5.3.0-k
[    1.555511] igb: Copyright (c) 2007-2014 Intel Corporation.
[    1.586212] libphy: smsc911x-mdio: probed
[    1.590820] SMSC LAN8700 8000000.ethernet:01: attached PHY driver [SMSC LAN8700] (mii_bus:phy_addr=8000000.ethernet:01, irq=-1)
[    1.603118] smsc911x 8000000.ethernet eth0: MAC Address: 00:08:ee:02:24:9d
[    1.615783] pegasus: v0.9.3 (2013/04/25), Pegasus/Pegasus II USB Ethernet driver
[    1.623809] usbcore: registered new interface driver pegasus
[    1.629974] usbcore: registered new interface driver asix
[    1.635833] usbcore: registered new interface driver ax88179_178a
[    1.642395] usbcore: registered new interface driver cdc_ether
[    1.648712] usbcore: registered new interface driver smsc75xx
[    1.654937] usbcore: registered new interface driver smsc95xx
[    1.661132] usbcore: registered new interface driver net1080
[    1.667236] usbcore: registered new interface driver cdc_subset
[    1.673614] usbcore: registered new interface driver zaurus
[    1.679718] usbcore: registered new interface driver cdc_ncm
[    1.689941] ehci_hcd: USB 2.0 'Enhanced' Host Controller (EHCI) Driver
[    1.696899] ehci-pci: EHCI PCI platform driver
[    1.701751] ehci-platform: EHCI generic platform driver
[    1.707824] ehci-omap: OMAP-EHCI Host Controller driver
[    1.714050] ehci-omap 48064800.ehci: EHCI Host Controller
[    1.719848] ehci-omap 48064800.ehci: new USB bus registered, assigned bus number 1
[    1.728332] ehci-omap 48064800.ehci: irq 93, io mem 0x48064800
[    1.743652] ehci-omap 48064800.ehci: USB 2.0 started, EHCI 1.00
[    1.751739] hub 1-0:1.0: USB hub found
[    1.755859] hub 1-0:1.0: 3 ports detected
[    1.761535] ehci-orion: EHCI orion driver
[    1.766448] SPEAr-ehci: EHCI SPEAr driver
[    1.771179] ehci-st: EHCI STMicroelectronics driver
[    1.776763] ehci-exynos: EHCI EXYNOS driver
[    1.781646] ehci-atmel: EHCI Atmel driver
[    1.786285] tegra-ehci: Tegra EHCI driver
[    1.790954] ohci_hcd: USB 1.1 'Open' Host Controller (OHCI) Driver
[    1.797546] ohci-pci: OHCI PCI platform driver
[    1.802429] ohci-platform: OHCI generic platform driver
[    1.808441] ohci-omap3: OHCI OMAP3 driver
[    1.813232] ohci-omap3 48064400.ohci: OHCI Host Controller
[    1.819122] ohci-omap3 48064400.ohci: new USB bus registered, assigned bus number 2
[    1.827514] ohci-omap3 48064400.ohci: irq 92, io mem 0x48064400
[    1.910339] hub 2-0:1.0: USB hub found
[    1.914489] hub 2-0:1.0: 3 ports detected
[    1.920074] SPEAr-ohci: OHCI SPEAr driver
[    1.924987] ohci-st: OHCI STMicroelectronics driver
[    1.930603] ohci-atmel: OHCI Atmel driver
[    1.936767] usbcore: registered new interface driver usb-storage
[    1.947204] mousedev: PS/2 mouse device common for all mice
[    1.962188] twl_rtc 48070000.i2c:twl@48:rtc: Enabling TWL-RTC
[    1.971801] twl_rtc 48070000.i2c:twl@48:rtc: rtc core: registered 48070000.i2c:twl@48 as rtc0
[    1.982147] i2c /dev entries driver
[    2.011566] sdhci: Secure Digital Host Controller Interface driver
[    2.018188] sdhci: Copyright(c) Pierre Ossman
[    2.025421] omap_hsmmc 4809c000.mmc: multiblock reads disabled due to 35xx erratum 2.1.1.128; MMC read performance may suffer
[    2.071105] Synopsys Designware Multimedia Card Interface Driver
[    2.080291] sdhci-pltfm: SDHCI platform and OF driver helper
[    2.091644] ledtrig-cpu: registered to indicate activity on CPUs
[    2.099334] usbcore: registered new interface driver usbhid
[    2.105285] usbhid: USB HID core driver
[    2.122772] NET: Registered protocol family 10
[    2.129638] sit: IPv6 over IPv4 tunneling driver
[    2.135894] NET: Registered protocol family 17
[    2.140686] can: controller area network core (rev 20120528 abi 9)
[    2.147369] NET: Registered protocol family 29
[    2.152130] can: raw protocol (rev 20120528)
[    2.156646] can: broadcast manager protocol (rev 20120528 t)
[    2.162658] can: netlink gateway (rev 20130117) max_hops=1
[    2.169586] Key type dns_resolver registered
[    2.174621] omap2_set_init_voltage: unable to find boot up OPP for vdd_mpu_iva
[    2.182281] omap2_set_init_voltage: unable to set vdd_mpu_iva
[    2.188385] omap2_set_init_voltage: unable to find boot up OPP for vdd_core
[    2.195739] omap2_set_init_voltage: unable to set vdd_core
[    2.204711] PM: no software I/O chain control; some wakeups may be lost
[    2.212799] ThumbEE CPU extension supported.
[    2.217407] Registering SWP/SWPB emulation handler
[    2.233520] input: gpio_keys as /devices/platform/gpio_keys/input/input0
[    2.244567] twl_rtc 48070000.i2c:twl@48:rtc: setting system clock to 2000-01-16 12:33:03 UTC (948025983)
[    2.283721] smsc911x 8000000.ethernet eth0: SMSC911x/921x identified at 0xc881a000, IRQ: 264
[    2.292816] IPv6: ADDRCONF(NETDEV_UP): eth0: link is not ready
[    3.783782] mmc0: card never left busy state
[    3.788421] mmc0: error -110 whilst initialising SD card
[    4.604614] IPv6: ADDRCONF(NETDEV_CHANGE): eth0: link becomes ready
[    4.619262] Sending DHCP requests ., OK
[    4.659484] IP-Config: Got DHCP answer from 192.168.1.254, my address is 192.168.1.164
[    4.669250] IP-Config: Complete:
[    4.672760]      device=eth0, hwaddr=00:08:ee:02:24:9d, ipaddr=192.168.1.164, mask=255.255.255.0, gw=192.168.1.254
[    4.683990]      host=192.168.1.164, domain=tidfarm-05.internal.ti.com, nis-domain=(none)
[    4.692901]      bootserver=192.168.1.254, rootserver=192.168.1.254, rootpath=     nameserver0=192.0.2.2, nameserver1=192.0.2.3
[    4.708221] VAUX3: disabling
[    4.713470] VDAC: disabling
[    4.719238] VUSB1V5: disabling
[    4.723937] VUSB1V8: disabling
[    4.728485] VUSB3V1: disabling
[    4.739990] Waiting for root device /dev/mmcblk0p2...
[  108.693847] random: nonblocking pool is initialized
- 13:20:56 [INFO] Boot attempt 1/1 failed
- 13:20:56 [INFO] Collecting kernel traces via sysrq...
- 13:21:07 [INFO] [  140.194519] sysrq: SysRq : Show State
[  140.198516]   task                PC stack   pid father
[  140.204132] swapper/0       D c0b4b928     0     1      0 0x00000000
[  140.211120] [<c0b4b928>] (__schedule) from [<c0b4bd14>] (schedule+0x44/0x9c)
[  140.218688] [<c0b4bd14>] (schedule) from [<c0b4e5a8>] (schedule_timeout+0x11c/0x1a8)
[  140.227020] [<c0b4e5a8>] (schedule_timeout) from [<c0393954>] (msleep+0x2c/0x38)
[  140.235015] [<c0393954>] (msleep) from [<c11015f0>] (prepare_namespace+0x13c/0x1d4)
[  140.243225] [<c11015f0>] (prepare_namespace) from [<c1100ea0>] (kernel_init_freeable+0x1ec/0x1fc)
[  140.252746] [<c1100ea0>] (kernel_init_freeable) from [<c0b4a330>] (kernel_init+0x8/0x114)
[  140.261535] [<c0b4a330>] (kernel_init) from [<c0307eb8>] (ret_from_fork+0x14/0x3c)
[  140.269622] kthreadd        S c0b4b928     0     2      0 0x00000000
[  140.276519] [<c0b4b928>] (__schedule) from [<c0b4bd14>] (schedule+0x44/0x9c)
[  140.284118] [<c0b4bd14>] (schedule) from [<c035c758>] (kthreadd+0x180/0x184)
[  140.291687] [<c035c758>] (kthreadd) from [<c0307eb8>] (ret_from_fork+0x14/0x3c)
[  140.299499] ksoftirqd/0     S c0b4b928     0     3      2 0x00000000
[  140.306396] [<c0b4b928>] (__schedule) from [<c0b4bd14>] (schedule+0x44/0x9c)
[  140.313995] [<c0b4bd14>] (schedule) from [<c035ef50>] (smpboot_thread_fn+0xc8/0x194)
[  140.322326] [<c035ef50>] (smpboot_thread_fn) from [<c035bf74>] (kthread+0xdc/0xf4)
[  140.330444] [<c035bf74>] (kthread) from [<c0307eb8>] (ret_from_fork+0x14/0x3c)
[  140.338165] kworker/0:0     S c0b4b928     0     4      2 0x00000000
[  140.345092] [<c0b4b928>] (__schedule) from [<c0b4bd14>] (schedule+0x44/0x9c)
[  140.352691] [<c0b4bd14>] (schedule) from [<c0356d5c>] (worker_thread+0xd8/0x518)
[  140.360626] [<c0356d5c>] (worker_thread) from [<c035bf74>] (kthread+0xdc/0xf4)
[  140.368377] [<c035bf74>] (kthread) from [<c0307eb8>] (ret_from_fork+0x14/0x3c)
[  140.376098] kworker/0:0H    S c0b4b928     0     5      2 0x00000000
[  140.383026] [<c0b4b928>] (__schedule) from [<c0b4bd14>] (schedule+0x44/0x9c)
[  140.390624] [<c0b4bd14>] (schedule) from [<c0356d5c>] (worker_thread+0xd8/0x518)
[  140.398559] [<c0356d5c>] (worker_thread) from [<c035bf74>] (kthread+0xdc/0xf4)
[  140.406341] [<c035bf74>] (kthread) from [<c0307eb8>] (ret_from_fork+0x14/0x3c)
[  140.414031] kworker/u2:0    S c0b4b928     0     6      2 0x00000000
[  140.420959] [<c0b4b928>] (__schedule) from [<c0b4bd14>] (schedule+0x44/0x9c)
[  140.428497] [<c0b4bd14>] (schedule) from [<c0356d5c>] (worker_thread+0xd8/0x518)
[  140.436462] [<c0356d5c>] (worker_thread) from [<c035bf74>] (kthread+0xdc/0xf4)
[  140.444213] [<c035bf74>] (kthread) from [<c0307eb8>] (ret_from_fork+0x14/0x3c)
[  140.451934] rcu_sched       S c0b4b928     0     7      2 0x00000000
[  140.458831] [<c0b4b928>] (__schedule) from [<c0b4bd14>] (schedule+0x44/0x9c)
[  140.466430] [<c0b4bd14>] (schedule) from [<c03904e4>] (rcu_gp_kthread+0x94/0x928)
[  140.474456] [<c03904e4>] (rcu_gp_kthread) from [<c035bf74>] (kthread+0xdc/0xf4)
[  140.482299] [<c035bf74>] (kthread) from [<c0307eb8>] (ret_from_fork+0x14/0x3c)
[  140.490020] rcu_bh          S c0b4b928     0     8      2 0x00000000
[  140.496948] [<c0b4b928>] (__schedule) from [<c0b4bd14>] (schedule+0x44/0x9c)
[  140.504516] [<c0b4bd14>] (schedule) from [<c03904e4>] (rcu_gp_kthread+0x94/0x928)
[  140.512573] [<c03904e4>] (rcu_gp_kthread) from [<c035bf74>] (kthread+0xdc/0xf4)
[  140.520416] [<c035bf74>] (kthread) from [<c0307eb8>] (ret_from_fork+0x14/0x3c)
[  140.528106] migration/0     S c0b4b928     0     9      2 0x00000000
[  140.535003] [<c0b4b928>] (__schedule) from [<c0b4bd14>] (schedule+0x44/0x9c)
[  140.542572] [<c0b4bd14>] (schedule) from [<c035ef50>] (smpboot_thread_fn+0xc8/0x194)
[  140.550903] [<c035ef50>] (smpboot_thread_fn) from [<c035bf74>] (kthread+0xdc/0xf4)
[  140.559020] [<c035bf74>] (kthread) from [<c0307eb8>] (ret_from_fork+0x14/0x3c)
[  140.566741] watchdog/0      S c0b4b928     0    10      2 0x00000000
[  140.573638] [<c0b4b928>] (__schedule) from [<c0b4bd14>] (schedule+0x44/0x9c)
[  140.581207] [<c0b4bd14>] (schedule) from [<c035ef50>] (smpboot_thread_fn+0xc8/0x194)
[  140.589508] [<c035ef50>] (smpboot_thread_fn) from [<c035bf74>] (kthread+0xdc/0xf4)
[  140.597656] [<c035bf74>] (kthread) from [<c0307eb8>] (ret_from_fork+0x14/0x3c)
[  140.605377] kdevtmpfs       S c0b4b928     0    11      2 0x00000000
[  140.612274] [<c0b4b928>] (__schedule) from [<c0b4bd14>] (schedule+0x44/0x9c)
[  140.619873] [<c0b4bd14>] (schedule) from [<c077e3bc>] (devtmpfsd+0x314/0x320)
[  140.627532] [<c077e3bc>] (devtmpfsd) from [<c035bf74>] (kthread+0xdc/0xf4)
[  140.634948] [<c035bf74>] (kthread) from [<c0307eb8>] (ret_from_fork+0x14/0x3c)
[  140.642639] kworker/0:1     S c0b4b928     0    12      2 0x00000000
[  140.649566] [<c0b4b928>] (__schedule) from [<c0b4bd14>] (schedule+0x44/0x9c)
[  140.657165] [<c0b4bd14>] (schedule) from [<c0356d5c>] (worker_thread+0xd8/0x518)
[  140.665100] [<c0356d5c>] (worker_thread) from [<c035bf74>] (kthread+0xdc/0xf4)
[  140.672851] [<c035bf74>] (kthread) from [<c0307eb8>] (ret_from_fork+0x14/0x3c)
[  140.680541] khungtaskd      S c0b4b928     0    13      2 0x00000000
[  140.687469] [<c0b4b928>] (__schedule) from [<c0b4bd14>] (schedule+0x44/0x9c)
[  140.695037] [<c0b4bd14>] (schedule) from [<c0b4e5a8>] (schedule_timeout+0x11c/0x1a8)
[  140.703399] [<c0b4e5a8>] (schedule_timeout) from [<c03b5954>] (watchdog+0xb4/0x33c)
[  140.711608] [<c03b5954>] (watchdog) from [<c035bf74>] (kthread+0xdc/0xf4)
[  140.718902] [<c035bf74>] (kthread) from [<c0307eb8>] (ret_from_fork+0x14/0x3c)
[  140.726623] oom_reaper      S c0b4b928     0    14      2 0x00000000
[  140.733520] [<c0b4b928>] (__schedule) from [<c0b4bd14>] (schedule+0x44/0x9c)
[  140.741119] [<c0b4bd14>] (schedule) from [<c03cb78c>] (oom_reaper+0xf4/0x1a4)
[  140.748809] [<c03cb78c>] (oom_reaper) from [<c035bf74>] (kthread+0xdc/0xf4)
[  140.756286] [<c035bf74>] (kthread) from [<c0307eb8>] (ret_from_fork+0x14/0x3c)
[  140.764007] writeback       S c0b4b928     0    15      2 0x00000000
[  140.770965] [<c0b4b928>] (__schedule) from [<c0b4bd14>] (schedule+0x44/0x9c)
[  140.778533] [<c0b4bd14>] (schedule) from [<c0357498>] (rescuer_thread+0x2fc/0x364)
[  140.786651] [<c0357498>] (rescuer_thread) from [<c035bf74>] (kthread+0xdc/0xf4)
[  140.794494] [<c035bf74>] (kthread) from [<c0307eb8>] (ret_from_fork+0x14/0x3c)
[  140.802215] kcompactd0      S c0b4b928     0    16      2 0x00000000
[  140.809112] [<c0b4b928>] (__schedule) from [<c0b4bd14>] (schedule+0x44/0x9c)
[  140.816680] [<c0b4bd14>] (schedule) from [<c03e7f34>] (kcompactd+0x1d0/0x2e8)
[  140.824340] [<c03e7f34>] (kcompactd) from [<c035bf74>] (kthread+0xdc/0xf4)
[  140.831787] [<c035bf74>] (kthread) from [<c0307eb8>] (ret_from_fork+0x14/0x3c)
[  140.839477] crypto          S c0b4b928     0    17      2 0x00000000
[  140.846435] [<c0b4b928>] (__schedule) from [<c0b4bd14>] (schedule+0x44/0x9c)
[  140.854003] [<c0b4bd14>] (schedule) from [<c0357498>] (rescuer_thread+0x2fc/0x364)
[  140.862121] [<c0357498>] (rescuer_thread) from [<c035bf74>] (kthread+0xdc/0xf4)
[  140.869964] [<c035bf74>] (kthread) from [<c0307eb8>] (ret_from_fork+0x14/0x3c)
[  140.877685] bioset          S c0b4b928     0    18      2 0x00000000
[  140.884613] [<c0b4b928>] (__schedule) from [<c0b4bd14>] (schedule+0x44/0x9c)
[  140.892181] [<c0b4bd14>] (schedule) from [<c0357498>] (rescuer_thread+0x2fc/0x364)
[  140.900329] [<c0357498>] (rescuer_thread) from [<c035bf74>] (kthread+0xdc/0xf4)
[  140.908142] [<c035bf74>] (kthread) from [<c0307eb8>] (ret_from_fork+0x14/0x3c)
[  140.915863] kblockd         S c0b4b928     0    19      2 0x00000000
[  140.922790] [<c0b4b928>] (__schedule) from [<c0b4bd14>] (schedule+0x44/0x9c)
[  140.930389] [<c0b4bd14>] (schedule) from [<c0357498>] (rescuer_thread+0x2fc/0x364)
[  140.938537] [<c0357498>] (rescuer_thread) from [<c035bf74>] (kthread+0xdc/0xf4)
[  140.946380] [<c035bf74>] (kthread) from [<c0307eb8>] (ret_from_fork+0x14/0x3c)
[  140.954071] ata_sff         S c0b4b928     0    20      2 0x00000000
[  140.960998] [<c0b4b928>] (__schedule) from [<c0b4bd14>] (schedule+0x44/0x9c)
[  140.968566] [<c0b4bd14>] (schedule) from [<c0357498>] (rescuer_thread+0x2fc/0x364)
[  140.976684] [<c0357498>] (rescuer_thread) from [<c035bf74>] (kthread+0xdc/0xf4)
[  140.984527] [<c035bf74>] (kthread) from [<c0307eb8>] (ret_from_fork+0x14/0x3c)
[  140.992248] irq/72-48070000 S c0b4b928     0    21      2 0x00000000
[  140.999145] [<c0b4b928>] (__schedule) from [<c0b4bd14>] (schedule+0x44/0x9c)
[  141.006713] [<c0b4bd14>] (schedule) from [<c0385574>] (irq_thread+0xb8/0x1ec)
[  141.014373] [<c0385574>] (irq_thread) from [<c035bf74>] (kthread+0xdc/0xf4)
[  141.021850] [<c035bf74>] (kthread) from [<c0307eb8>] (ret_from_fork+0x14/0x3c)
[  141.029571] irq/73-48072000 S c0b4b928     0    22      2 0x00000000
[  141.036468] [<c0b4b928>] (__schedule) from [<c0b4bd14>] (schedule+0x44/0x9c)
[  141.044036] [<c0b4bd14>] (schedule) from [<c0385574>] (irq_thread+0xb8/0x1ec)
[  141.051727] [<c0385574>] (irq_thread) from [<c035bf74>] (kthread+0xdc/0xf4)
[  141.059204] [<c035bf74>] (kthread) from [<c0307eb8>] (ret_from_fork+0x14/0x3c)
[  141.066894] irq/77-48060000 S c0b4b928     0    23      2 0x00000000
[  141.073791] [<c0b4b928>] (__schedule) from [<c0b4bd14>] (schedule+0x44/0x9c)
[  141.081359] [<c0b4bd14>] (schedule) from [<c0385574>] (irq_thread+0xb8/0x1ec)
[  141.089019] [<c0385574>] (irq_thread) from [<c035bf74>] (kthread+0xdc/0xf4)
[  141.096466] [<c035bf74>] (kthread) from [<c0307eb8>] (ret_from_fork+0x14/0x3c)
[  141.104187] edac-poller     S c0b4b928     0    24      2 0x00000000
[  141.111114] [<c0b4b928>] (__schedule) from [<c0b4bd14>] (schedule+0x44/0x9c)
[  141.118713] [<c0b4bd14>] (schedule) from [<c0357498>] (rescuer_thread+0x2fc/0x364)
[  141.126831] [<c0357498>] (rescuer_thread) from [<c035bf74>] (kthread+0xdc/0xf4)
[  141.134674] [<c035bf74>] (kthread) from [<c0307eb8>] (ret_from_fork+0x14/0x3c)
[  141.142395] devfreq_wq      S c0b4b928     0    25      2 0x00000000
[  141.149322] [<c0b4b928>] (__schedule) from [<c0b4bd14>] (schedule+0x44/0x9c)
[  141.156921] [<c0b4bd14>] (schedule) from [<c0357498>] (rescuer_thread+0x2fc/0x364)
[  141.165039] [<c0357498>] (rescuer_thread) from [<c035bf74>] (kthread+0xdc/0xf4)
[  141.172882] [<c035bf74>] (kthread) from [<c0307eb8>] (ret_from_fork+0x14/0x3c)
[  141.180603] rpciod          S c0b4b928     0    26      2 0x00000000
[  141.187530] [<c0b4b928>] (__schedule) from [<c0b4bd14>] (schedule+0x44/0x9c)
[  141.195098] [<c0b4bd14>] (schedule) from [<c0357498>] (rescuer_thread+0x2fc/0x364)
[  141.203216] [<c0357498>] (rescuer_thread) from [<c035bf74>] (kthread+0xdc/0xf4)
[  141.211059] [<c035bf74>] (kthread) from [<c0307eb8>] (ret_from_fork+0x14/0x3c)
[  141.218780] kswapd0         S c0b4b928     0    27      2 0x00000000
[  141.225677] [<c0b4b928>] (__schedule) from [<c0b4bd14>] (schedule+0x44/0x9c)
[  141.233276] [<c0b4bd14>] (schedule) from [<c03dba60>] (kswapd+0x774/0x7a8)
[  141.240661] [<c03dba60>] (kswapd) from [<c035bf74>] (kthread+0xdc/0xf4)
[  141.247772] [<c035bf74>] (kthread) from [<c0307eb8>] (ret_from_fork+0x14/0x3c)
[  141.255493] vmstat          S c0b4b928     0    28      2 0x00000000
[  141.262420] [<c0b4b928>] (__schedule) from [<c0b4bd14>] (schedule+0x44/0x9c)
[  141.269989] [<c0b4bd14>] (schedule) from [<c0357498>] (rescuer_thread+0x2fc/0x364)
[  141.278106] [<c0357498>] (rescuer_thread) from [<c035bf74>] (kthread+0xdc/0xf4)
[  141.285949] [<c035bf74>] (kthread) from [<c0307eb8>] (ret_from_fork+0x14/0x3c)
[  141.293670] nfsiod          S c0b4b928     0    29      2 0x00000000
[  141.300598] [<c0b4b928>] (__schedule) from [<c0b4bd14>] (schedule+0x44/0x9c)
[  141.308197] [<c0b4bd14>] (schedule) from [<c0357498>] (rescuer_thread+0x2fc/0x364)
[  141.316345] [<c0357498>] (rescuer_thread) from [<c035bf74>] (kthread+0xdc/0xf4)
[  141.324188] [<c035bf74>] (kthread) from [<c0307eb8>] (ret_from_fork+0x14/0x3c)
[  141.331909] bioset          S c0b4b928     0    38      2 0x00000000
[  141.338867] [<c0b4b928>] (__schedule) from [<c0b4bd14>] (schedule+0x44/0x9c)
[  141.346435] [<c0b4bd14>] (schedule) from [<c0357498>] (rescuer_thread+0x2fc/0x364)
[  141.354553] [<c0357498>] (rescuer_thread) from [<c035bf74>] (kthread+0xdc/0xf4)
[  141.362426] [<c035bf74>] (kthread) from [<c0307eb8>] (ret_from_fork+0x14/0x3c)
[  141.370147] bioset          S c0b4b928     0    39      2 0x00000000
[  141.377105] [<c0b4b928>] (__schedule) from [<c0b4bd14>] (schedule+0x44/0x9c)
[  141.384674] [<c0b4bd14>] (schedule) from [<c0357498>] (rescuer_thread+0x2fc/0x364)
[  141.392791] [<c0357498>] (rescuer_thread) from [<c035bf74>] (kthread+0xdc/0xf4)
[  141.400665] [<c035bf74>] (kthread) from [<c0307eb8>] (ret_from_fork+0x14/0x3c)
[  141.408355] bioset          S c0b4b928     0    40      2 0x00000000
[  141.415283] [<c0b4b928>] (__schedule) from [<c0b4bd14>] (schedule+0x44/0x9c)
[  141.422851] [<c0b4bd14>] (schedule) from [<c0357498>] (rescuer_thread+0x2fc/0x364)
[  141.430969] [<c0357498>] (rescuer_thread) from [<c035bf74>] (kthread+0xdc/0xf4)
[  141.438842] [<c035bf74>] (kthread) from [<c0307eb8>] (ret_from_fork+0x14/0x3c)
[  141.446533] bioset          S c0b4b928     0    41      2 0x00000000
[  141.453460] [<c0b4b928>] (__schedule) from [<c0b4bd14>] (schedule+0x44/0x9c)
[  141.461059] [<c0b4bd14>] (schedule) from [<c0357498>] (rescuer_thread+0x2fc/0x364)
[  141.469177] [<c0357498>] (rescuer_thread) from [<c035bf74>] (kthread+0xdc/0xf4)
[  141.477020] [<c035bf74>] (kthread) from [<c0307eb8>] (ret_from_fork+0x14/0x3c)
[  141.484741] bioset          S c0b4b928     0    42      2 0x00000000
[  141.491668] [<c0b4b928>] (__schedule) from [<c0b4bd14>] (schedule+0x44/0x9c)
[  141.499237] [<c0b4bd14>] (schedule) from [<c0357498>] (rescuer_thread+0x2fc/0x364)
[  141.507354] [<c0357498>] (rescuer_thread) from [<c035bf74>] (kthread+0xdc/0xf4)
[  141.515228] [<c035bf74>] (kthread) from [<c0307eb8>] (ret_from_fork+0x14/0x3c)
[  141.522918] bioset          S c0b4b928     0    43      2 0x00000000
[  141.529846] [<c0b4b928>] (__schedule) from [<c0b4bd14>] (schedule+0x44/0x9c)
[  141.537445] [<c0b4bd14>] (schedule) from [<c0357498>] (rescuer_thread+0x2fc/0x364)
[  141.545593] [<c0357498>] (rescuer_thread) from [<c035bf74>] (kthread+0xdc/0xf4)
[  141.553436] [<c035bf74>] (kthread) from [<c0307eb8>] (ret_from_fork+0x14/0x3c)
[  141.561157] bioset          S c0b4b928     0    44      2 0x00000000
[  141.568084] [<c0b4b928>] (__schedule) from [<c0b4bd14>] (schedule+0x44/0x9c)
[  141.575653] [<c0b4bd14>] (schedule) from [<c0357498>] (rescuer_thread+0x2fc/0x364)
[  141.583770] [<c0357498>] (rescuer_thread) from [<c035bf74>] (kthread+0xdc/0xf4)
[  141.591644] [<c035bf74>] (kthread) from [<c0307eb8>] (ret_from_fork+0x14/0x3c)
[  141.599334] bioset          S c0b4b928     0    45      2 0x00000000
[  141.606262] [<c0b4b928>] (__schedule) from [<c0b4bd14>] (schedule+0x44/0x9c)
[  141.613830] [<c0b4bd14>] (schedule) from [<c0357498>] (rescuer_thread+0x2fc/0x364)
[  141.621978] [<c0357498>] (rescuer_thread) from [<c035bf74>] (kthread+0xdc/0xf4)
[  141.629821] [<c035bf74>] (kthread) from [<c0307eb8>] (ret_from_fork+0x14/0x3c)
[  141.637512] bioset          S c0b4b928     0    46      2 0x00000000
[  141.644439] [<c0b4b928>] (__schedule) from [<c0b4bd14>] (schedule+0x44/0x9c)
[  141.652038] [<c0b4bd14>] (schedule) from [<c0357498>] (rescuer_thread+0x2fc/0x364)
[  141.660186] [<c0357498>] (rescuer_thread) from [<c035bf74>] (kthread+0xdc/0xf4)
[  141.668029] [<c035bf74>] (kthread) from [<c0307eb8>] (ret_from_fork+0x14/0x3c)
[  141.675750] bioset          S c0b4b928     0    47      2 0x00000000
[  141.682678] [<c0b4b928>] (__schedule) from [<c0b4bd14>] (schedule+0x44/0x9c)
[  141.690246] [<c0b4bd14>] (schedule) from [<c0357498>] (rescuer_thread+0x2fc/0x364)
[  141.698364] [<c0357498>] (rescuer_thread) from [<c035bf74>] (kthread+0xdc/0xf4)
[  141.706237] [<c035bf74>] (kthread) from [<c0307eb8>] (ret_from_fork+0x14/0x3c)
[  141.713958] bioset          S c0b4b928     0    48      2 0x00000000
[  141.720855] [<c0b4b928>] (__schedule) from [<c0b4bd14>] (schedule+0x44/0x9c)
[  141.728454] [<c0b4bd14>] (schedule) from [<c0357498>] (rescuer_thread+0x2fc/0x364)
[  141.736572] [<c0357498>] (rescuer_thread) from [<c035bf74>] (kthread+0xdc/0xf4)
[  141.744445] [<c035bf74>] (kthread) from [<c0307eb8>] (ret_from_fork+0x14/0x3c)
[  141.752136] bioset          S c0b4b928     0    49      2 0x00000000
[  141.759063] [<c0b4b928>] (__schedule) from [<c0b4bd14>] (schedule+0x44/0x9c)
[  141.766632] [<c0b4bd14>] (schedule) from [<c0357498>] (rescuer_thread+0x2fc/0x364)
[  141.774749] [<c0357498>] (rescuer_thread) from [<c035bf74>] (kthread+0xdc/0xf4)
[  141.782592] [<c035bf74>] (kthread) from [<c0307eb8>] (ret_from_fork+0x14/0x3c)
[  141.790313] bioset          S c0b4b928     0    50      2 0x00000000
[  141.797241] [<c0b4b928>] (__schedule) from [<c0b4bd14>] (schedule+0x44/0x9c)
[  141.804809] [<c0b4bd14>] (schedule) from [<c0357498>] (rescuer_thread+0x2fc/0x364)
[  141.812957] [<c0357498>] (rescuer_thread) from [<c035bf74>] (kthread+0xdc/0xf4)
[  141.820800] [<c035bf74>] (kthread) from [<c0307eb8>] (ret_from_fork+0x14/0x3c)
[  141.828491] bioset          S c0b4b928     0    51      2 0x00000000
[  141.835418] [<c0b4b928>] (__schedule) from [<c0b4bd14>] (schedule+0x44/0x9c)
[  141.842987] [<c0b4bd14>] (schedule) from [<c0357498>] (rescuer_thread+0x2fc/0x364)
[  141.851104] [<c0357498>] (rescuer_thread) from [<c035bf74>] (kthread+0xdc/0xf4)
[  141.858978] [<c035bf74>] (kthread) from [<c0307eb8>] (ret_from_fork+0x14/0x3c)
[  141.866699] bioset          S c0b4b928     0    52      2 0x00000000
[  141.873626] [<c0b4b928>] (__schedule) from [<c0b4bd14>] (schedule+0x44/0x9c)
[  141.881225] [<c0b4bd14>] (schedule) from [<c0357498>] (rescuer_thread+0x2fc/0x364)
[  141.889343] [<c0357498>] (rescuer_thread) from [<c035bf74>] (kthread+0xdc/0xf4)
[  141.897186] [<c035bf74>] (kthread) from [<c0307eb8>] (ret_from_fork+0x14/0x3c)
[  141.904907] bioset          S c0b4b928     0    53      2 0x00000000
[  141.911865] [<c0b4b928>] (__schedule) from [<c0b4bd14>] (schedule+0x44/0x9c)
[  141.919433] [<c0b4bd14>] (schedule) from [<c0357498>] (rescuer_thread+0x2fc/0x364)
[  141.927551] [<c0357498>] (rescuer_thread) from [<c035bf74>] (kthread+0xdc/0xf4)
[  141.935424] [<c035bf74>] (kthread) from [<c0307eb8>] (ret_from_fork+0x14/0x3c)
[  141.943115] bioset          S c0b4b928     0    54      2 0x00000000
[  141.950073] [<c0b4b928>] (__schedule) from [<c0b4bd14>] (schedule+0x44/0x9c)
[  141.957641] [<c0b4bd14>] (schedule) from [<c0357498>] (rescuer_thread+0x2fc/0x364)
[  141.965759] [<c0357498>] (rescuer_thread) from [<c035bf74>] (kthread+0xdc/0xf4)
[  141.973602] [<c035bf74>] (kthread) from [<c0307eb8>] (ret_from_fork+0x14/0x3c)
[  141.981323] bioset          S c0b4b928     0    55      2 0x00000000
[  141.988250] [<c0b4b928>] (__schedule) from [<c0b4bd14>] (schedule+0x44/0x9c)
[  141.995849] [<c0b4bd14>] (schedule) from [<c0357498>] (rescuer_thread+0x2fc/0x364)
[  142.003967] [<c0357498>] (rescuer_thread) from [<c035bf74>] (kthread+0xdc/0xf4)
[  142.011840] [<c035bf74>] (kthread) from [<c0307eb8>] (ret_from_fork+0x14/0x3c)
[  142.019561] bioset          S c0b4b928     0    56      2 0x00000000
[  142.026458] [<c0b4b928>] (__schedule) from [<c0b4bd14>] (schedule+0x44/0x9c)
[  142.034057] [<c0b4bd14>] (schedule) from [<c0357498>] (rescuer_thread+0x2fc/0x364)
[  142.042175] [<c0357498>] (rescuer_thread) from [<c035bf74>] (kthread+0xdc/0xf4)
[  142.050018] [<c035bf74>] (kthread) from [<c0307eb8>] (ret_from_fork+0x14/0x3c)
[  142.057739] bioset          S c0b4b928     0    57      2 0x00000000
[  142.064666] [<c0b4b928>] (__schedule) from [<c0b4bd14>] (schedule+0x44/0x9c)
[  142.072265] [<c0b4bd14>] (schedule) from [<c0357498>] (rescuer_thread+0x2fc/0x364)
[  142.080383] [<c0357498>] (rescuer_thread) from [<c035bf74>] (kthread+0xdc/0xf4)
[  142.088256] [<c035bf74>] (kthread) from [<c0307eb8>] (ret_from_fork+0x14/0x3c)
[  142.095947] bioset          S c0b4b928     0    58      2 0x00000000
[  142.102874] [<c0b4b928>] (__schedule) from [<c0b4bd14>] (schedule+0x44/0x9c)
[  142.110443] [<c0b4bd14>] (schedule) from [<c0357498>] (rescuer_thread+0x2fc/0x364)
[  142.118591] [<c0357498>] (rescuer_thread) from [<c035bf74>] (kthread+0xdc/0xf4)
[  142.126434] [<c035bf74>] (kthread) from [<c0307eb8>] (ret_from_fork+0x14/0x3c)
[  142.134155] bioset          S c0b4b928     0    59      2 0x00000000
[  142.141082] [<c0b4b928>] (__schedule) from [<c0b4bd14>] (schedule+0x44/0x9c)
[  142.148651] [<c0b4bd14>] (schedule) from [<c0357498>] (rescuer_thread+0x2fc/0x364)
[  142.156768] [<c0357498>] (rescuer_thread) from [<c035bf74>] (kthread+0xdc/0xf4)
[  142.164642] [<c035bf74>] (kthread) from [<c0307eb8>] (ret_from_fork+0x14/0x3c)
[  142.172363] bioset          S c0b4b928     0    60      2 0x00000000
[  142.179290] [<c0b4b928>] (__schedule) from [<c0b4bd14>] (schedule+0x44/0x9c)
[  142.186859] [<c0b4bd14>] (schedule) from [<c0357498>] (rescuer_thread+0x2fc/0x364)
[  142.194976] [<c0357498>] (rescuer_thread) from [<c035bf74>] (kthread+0xdc/0xf4)
[  142.202850] [<c035bf74>] (kthread) from [<c0307eb8>] (ret_from_fork+0x14/0x3c)
[  142.210571] bioset          S c0b4b928     0    61      2 0x00000000
[  142.217529] [<c0b4b928>] (__schedule) from [<c0b4bd14>] (schedule+0x44/0x9c)
[  142.225097] [<c0b4bd14>] (schedule) from [<c0357498>] (rescuer_thread+0x2fc/0x364)
[  142.233215] [<c0357498>] (rescuer_thread) from [<c035bf74>] (kthread+0xdc/0xf4)
[  142.241088] [<c035bf74>] (kthread) from [<c0307eb8>] (ret_from_fork+0x14/0x3c)
[  142.248779] irq/23-TWL4030- S c0b4b928     0    62      2 0x00000000
[  142.255706] [<c0b4b928>] (__schedule) from [<c0b4bd14>] (schedule+0x44/0x9c)
[  142.263244] [<c0b4bd14>] (schedule) from [<c0385574>] (irq_thread+0xb8/0x1ec)
[  142.270935] [<c0385574>] (irq_thread) from [<c035bf74>] (kthread+0xdc/0xf4)
[  142.278411] [<c035bf74>] (kthread) from [<c0307eb8>] (ret_from_fork+0x14/0x3c)
[  142.286102] spi1            S c0b4b928     0    63      2 0x00000000
[  142.292999] [<c0b4b928>] (__schedule) from [<c0b4bd14>] (schedule+0x44/0x9c)
[  142.300598] [<c0b4bd14>] (schedule) from [<c035c098>] (kthread_worker_fn+0x10c/0x19c)
[  142.309020] [<c035c098>] (kthread_worker_fn) from [<c035bf74>] (kthread+0xdc/0xf4)
[  142.317138] [<c035bf74>] (kthread) from [<c0307eb8>] (ret_from_fork+0x14/0x3c)
[  142.324859] spi2            S c0b4b928     0    64      2 0x00000000
[  142.331756] [<c0b4b928>] (__schedule) from [<c0b4bd14>] (schedule+0x44/0x9c)
[  142.339355] [<c0b4bd14>] (schedule) from [<c035c098>] (kthread_worker_fn+0x10c/0x19c)
[  142.347747] [<c035c098>] (kthread_worker_fn) from [<c035bf74>] (kthread+0xdc/0xf4)
[  142.355895] [<c035bf74>] (kthread) from [<c0307eb8>] (ret_from_fork+0x14/0x3c)
[  142.363586] spi3            S c0b4b928     0    65      2 0x00000000
[  142.370483] [<c0b4b928>] (__schedule) from [<c0b4bd14>] (schedule+0x44/0x9c)
[  142.378051] [<c0b4bd14>] (schedule) from [<c035c098>] (kthread_worker_fn+0x10c/0x19c)
[  142.386444] [<c035c098>] (kthread_worker_fn) from [<c035bf74>] (kthread+0xdc/0xf4)
[  142.394592] [<c035bf74>] (kthread) from [<c0307eb8>] (ret_from_fork+0x14/0x3c)
[  142.402282] spi4            S c0b4b928     0    66      2 0x00000000
[  142.409210] [<c0b4b928>] (__schedule) from [<c0b4bd14>] (schedule+0x44/0x9c)
[  142.416778] [<c0b4bd14>] (schedule) from [<c035c098>] (kthread_worker_fn+0x10c/0x19c)
[  142.425201] [<c035c098>] (kthread_worker_fn) from [<c035bf74>] (kthread+0xdc/0xf4)
[  142.433319] [<c035bf74>] (kthread) from [<c0307eb8>] (ret_from_fork+0x14/0x3c)
[  142.441040] kworker/u2:1    S c0b4b928     0    67      2 0x00000000
[  142.447967] [<c0b4b928>] (__schedule) from [<c0b4bd14>] (schedule+0x44/0x9c)
[  142.455535] [<c0b4bd14>] (schedule) from [<c0356d5c>] (worker_thread+0xd8/0x518)
[  142.463500] [<c0356d5c>] (worker_thread) from [<c035bf74>] (kthread+0xdc/0xf4)
[  142.471252] [<c035bf74>] (kthread) from [<c0307eb8>] (ret_from_fork+0x14/0x3c)
[  142.478942] kpsmoused       S c0b4b928     0    69      2 0x00000000
[  142.485870] [<c0b4b928>] (__schedule) from [<c0b4bd14>] (schedule+0x44/0x9c)
[  142.493438] [<c0b4bd14>] (schedule) from [<c0357498>] (rescuer_thread+0x2fc/0x364)
[  142.501586] [<c0357498>] (rescuer_thread) from [<c035bf74>] (kthread+0xdc/0xf4)
[  142.509429] [<c035bf74>] (kthread) from [<c0307eb8>] (ret_from_fork+0x14/0x3c)
[  142.517150] ipv6_addrconf   S c0b4b928     0    70      2 0x00000000
[  142.524108] [<c0b4b928>] (__schedule) from [<c0b4bd14>] (schedule+0x44/0x9c)
[  142.531677] [<c0b4bd14>] (schedule) from [<c0357498>] (rescuer_thread+0x2fc/0x364)
[  142.539825] [<c0357498>] (rescuer_thread) from [<c035bf74>] (kthread+0xdc/0xf4)
[  142.547668] [<c035bf74>] (kthread) from [<c0307eb8>] (ret_from_fork+0x14/0x3c)
[  142.555419] kworker/0:2     S c0b4b928     0    71      2 0x00000000
[  142.562347] [<c0b4b928>] (__schedule) from [<c0b4bd14>] (schedule+0x44/0x9c)
[  142.569946] [<c0b4bd14>] (schedule) from [<c0356d5c>] (worker_thread+0xd8/0x518)
[  142.577880] [<c0356d5c>] (worker_thread) from [<c035bf74>] (kthread+0xdc/0xf4)
[  142.585662] [<c035bf74>] (kthread) from [<c0307eb8>] (ret_from_fork+0x14/0x3c)
[  142.593383] deferwq         S c0b4b928     0    72      2 0x00000000
[  142.600280] [<c0b4b928>] (__schedule) from [<c0b4bd14>] (schedule+0x44/0x9c)
[  142.607849] [<c0b4bd14>] (schedule) from [<c0357498>] (rescuer_thread+0x2fc/0x364)
[  142.615966] [<c0357498>] (rescuer_thread) from [<c035bf74>] (kthread+0xdc/0xf4)
[  142.623840] [<c035bf74>] (kthread) from [<c0307eb8>] (ret_from_fork+0x14/0x3c)
[  142.631530] irq/338-4902000 S c0b4b928     0    73      2 0x00000000
[  142.638458] [<c0b4b928>] (__schedule) from [<c0b4bd14>] (schedule+0x44/0x9c)
[  142.646087] [<c0b4bd14>] (schedule) from [<c0385574>] (irq_thread+0xb8/0x1ec)
[  142.653808] [<c0385574>] (irq_thread) from [<c035bf74>] (kthread+0xdc/0xf4)
[  142.661315] [<c035bf74>] (kthread) from [<c0307eb8>] (ret_from_fork+0x14/0x3c)
[  142.669067] Sched Debug Version: v0.11, 4.5.0-rc6-next-20160302-00002-g87fe98489cb9 #1
[  142.677520] ktime                                   : 142675.585937
[  142.684234] sched_clk                               : 142669.036864
[  142.690917] cpu_clk                                 : 142669.036864
[  142.697631] jiffies                                 : 4294935336
[  142.704040] 
[  142.705657] sysctl_sched
[  142.708374]   .sysctl_sched_latency                    : 6.000000
[  142.714874]   .sysctl_sched_min_granularity            : 0.750000
[  142.721374]   .sysctl_sched_wakeup_granularity         : 1.000000
[  142.727905]   .sysctl_sched_child_runs_first           : 0
[  142.733764]   .sysctl_sched_features                   : 44859
[  142.740020]   .sysctl_sched_tunable_scaling            : 1 (logaritmic)
[  142.747070] 
[  142.748657] cpu#0
[  142.750762]   .nr_running                    : 0
[  142.755676]   .load                          : 0
[  142.760620]   .nr_switches                   : 9177
[  142.765838]   .nr_load_updates               : 2734
[  142.771057]   .nr_uninterruptible            : 1
[  142.776000]   .next_balance                  : 4294.907296
[  142.781860]   .curr->pid                     : 0
[  142.786804]   .clock                         : 140098.846434
[  142.792846]   .clock_task                    : 140098.846434
[  142.798889]   .cpu_load[0]                   : 0
[  142.803833]   .cpu_load[1]                   : 0
[  142.808776]   .cpu_load[2]                   : 0
[  142.813720]   .cpu_load[3]                   : 0
[  142.818634]   .cpu_load[4]                   : 0
[  142.823577] 
[  142.823577] cfs_rq[0]:
[  142.827697]   .exec_clock                    : 0.000000
[  142.833312]   .MIN_vruntime                  : 0.000001
[  142.838897]   .min_vruntime                  : 2621.397562
[  142.844757]   .max_vruntime                  : 0.000001
[  142.850341]   .spread                        : 0.000000
[  142.855926]   .spread0                       : 0.000000
[  142.861480]   .nr_spread_over                : 0
[  142.866424]   .nr_running                    : 0
[  142.871368]   .load                          : 0
[  142.876312]   .load_avg                      : 7
[  142.881225]   .runnable_load_avg             : 0
[  142.886169]   .util_avg                      : 7
[  142.891113]   .removed_load_avg              : 0
[  142.896057]   .removed_util_avg              : 0
[  142.900970] 
[  142.900970] rt_rq[0]:
[  142.904998]   .rt_nr_running                 : 0
[  142.909912]   .rt_throttled                  : 0
[  142.914855]   .rt_time                       : 0.244141
[  142.920471]   .rt_runtime                    : 950.000000
[  142.926208] 
[  142.926208] dl_rq[0]:
[  142.930236]   .dl_nr_running                 : 0
[  142.935180]   .dl_bw->bw                     : 996147
[  142.940582]   .dl_bw->total_bw               : 0
[  142.945526] 
[  142.945526] runnable tasks:
[  142.945526]             task   PID         tree-key  switches  prio     wait-time             sum-exec        sum-sleep
[  142.945526] ----------------------------------------------------------------------------------------------------------
[  142.972900]        swapper/0     1      2621.397562      2895   120         0.000000      2551.971462         0.000000
[  142.984405]         kthreadd     2      2164.387528        71   120         0.000000         6.225584         0.000000
[  142.995910]      ksoftirqd/0     3      2091.084307        42   120         0.000000         1.129153         0.000000
[  143.007385]      kworker/0:0     4      1830.029380         9   120         0.000000         0.305176         0.000000
[  143.018890]     kworker/0:0H     5       301.510504         4   100         0.000000         0.061036         0.000000
[  143.030395]     kworker/u2:0     6      1445.996181        10   120         0.000000         0.366212         0.000000
[  143.041870]        rcu_sched     7      2264.729319        80   120         0.000000         7.568360         0.000000
[  143.053375]           rcu_bh     8        18.218028         2   120         0.000000         0.030518         0.000000
[  143.064849]      migration/0     9        18.218028         4     0         0.000000         0.061035         0.000000
[  143.076324]       watchdog/0    10         0.000000        38     0         0.000000         9.033213         0.000000
[  143.087829]        kdevtmpfs    11      1983.943686       650   120         0.000000        37.658696         0.000000
[  143.099334]      kworker/0:1    12      2618.519632      1122   120         0.000000       206.542952         0.000000
[  143.110809]       khungtaskd    13      2553.303564         3   120         0.000000         0.335694         0.000000
[  143.122314]       oom_reaper    14       197.449955         2   120         0.000000         0.061036         0.000000
[  143.133789]        writeback    15       248.868033         2   100         0.000000         0.030518         0.000000
[  143.145263]       kcompactd0    16       254.898196         2   120         0.000000         0.030517         0.000000
[  143.156738]           crypto    17       254.325444         2   100         0.000000         0.030518         0.000000
[  143.168212]           bioset    18       253.947513         2   100         0.000000         0.000000         0.000000
[  143.179687]          kblockd    19       253.800452         2   100         0.000000         0.030517         0.000000
[  143.191192]          ata_sff    20       279.373294         2   100         0.000000         0.000000         0.000000
[  143.202636]  irq/72-48070000    21         0.000000       997    49         0.000000        60.241708         0.000000
[  143.214141]  irq/73-48072000    22         0.000000         2    49         0.000000         0.030518         0.000000
[  143.225616]  irq/77-48060000    23       286.401613         2    49         0.000000         0.030518         0.000000
[  143.237121]      edac-poller    24       286.432131         2   100         0.000000         0.030518         0.000000
[  143.248596]       devfreq_wq    25       288.493166         2   100         0.000000         0.061036         0.000000
[  143.260101]           rpciod    26       307.571537         2   100         0.000000         0.061035         0.000000
[  143.271575]          kswapd0    27       414.676262         3   120         0.000000         0.091553         0.000000
[  143.283081]           vmstat    28       315.151859         2   100         0.000000         0.061035         0.000000
[  143.294555]           nfsiod    29       340.359730         2   100         0.000000         0.183106         0.000000
[  143.306030]           bioset    38      1267.508531         2   100         0.000000         0.000000         0.000000
[  143.317504]           bioset    39      1266.722155         2   100         0.000000         0.061035         0.000000
[  143.329010]           bioset    40      1268.222504         2   100         0.000000         0.061035         0.000000
[  143.340515]           bioset    41      1270.222151         2   100         0.000000         0.000000         0.000000
[  143.352020]           bioset    42      1270.283538         2   100         0.000000         0.061035         0.000000
[  143.363494]           bioset    43      1272.253020         2   100         0.000000         0.000000         0.000000
[  143.374999]           bioset    44      1272.283537         2   100         0.000000         0.000000         0.000000
[  143.386474]           bioset    45      1274.283537         2   100         0.000000         0.030518         0.000000
[  143.397949]           bioset    46      1276.314054         2   100         0.000000         0.030518         0.000000
[  143.409423]           bioset    47      1278.344571         2   100         0.000000         0.030518         0.000000
[  143.420928]           bioset    48      1280.405605         2   100         0.000000         0.061035         0.000000
[  143.432434]           bioset    49      1282.375087         2   100         0.000000         0.000000         0.000000
[  143.443908]           bioset    50      1282.405604         2   100         0.000000         0.000000         0.000000
[  143.455352]           bioset    51      1284.405604         2   100         0.000000         0.030518         0.000000
[  143.466857]           bioset    52      1286.436121         2   100         0.000000         0.030518         0.000000
[  143.478363]           bioset    53      1288.466989         2   100         0.000000         0.061034         0.000000
[  143.489837]           bioset    54      1312.483969         2   100         0.000000         0.061035         0.000000
[  143.501312]           bioset    55      1314.483968         2   100         0.000000         0.030517         0.000000
[  143.512817]           bioset    56      1314.514485         2   100         0.000000         0.030517         0.000000
[  143.524291]           bioset    57      1316.514484         2   100         0.000000         0.030517         0.000000
[  143.535797]           bioset    58      1316.672310         2   100         0.000000         0.030517         0.000000
[  143.547271]           bioset    59      1318.545000         2   100         0.000000         0.030517         0.000000
[  143.558715]           bioset    60      1319.205268         2   100         0.000000         0.030518         0.000000
[  143.570220]           bioset    61      1320.544999         2   100         0.000000         0.000000         0.000000
[  143.581695]  irq/23-TWL4030-    62         0.000000         2    49         0.000000         0.061036         0.000000
[  143.593170]             spi1    63      1400.905361         2   120         0.000000         0.061035         0.000000
[  143.604614]             spi2    64      1406.874842         2   120         0.000000         0.000000         0.000000
[  143.616119]             spi3    65      1407.461757         2   120         0.000000         0.030517         0.000000
[  143.627593]             spi4    66      1409.461756         2   120         0.000000         0.000000         0.000000
[  143.639068]     kworker/u2:1    67      2617.909282         7   120         0.000000         0.274659         0.000000
[  143.650543]        kpsmoused    69      1751.448815         2   100         0.000000         0.061035         0.000000
[  143.662017]    ipv6_addrconf    70      1833.059897         3   100         0.000000         0.091552         0.000000
[  143.673492]      kworker/0:2    71      2064.470291        30   120         0.000000         3.875730         0.000000
[  143.684967]          deferwq    72      1989.180747         2   100         0.000000         0.030518         0.000000
[  143.696472]  irq/338-4902000    73         0.000000         2    49         0.000000         0.457763         0.000000
[  143.708038] 
[  143.709686] Showing busy workqueues and worker pools:
- 13:21:17 [INFO] [  150.458587] sysrq: SysRq : Show backtrace of all active CPUs
[  150.464721] Sending NMI to all CPUs:
[  150.468566] NMI backtrace for cpu 0
[  150.472351] CPU: 0 PID: 0 Comm: swapper/0 Not tainted 4.5.0-rc6-next-20160302-00002-g87fe98489cb9 #1
[  150.482086] Hardware name: Generic OMAP3 (Flattened Device Tree)
[  150.488616] [<c0310440>] (unwind_backtrace) from [<c030bb18>] (show_stack+0x10/0x14)
[  150.496948] [<c030bb18>] (show_stack) from [<c058c854>] (dump_stack+0x98/0xac)
[  150.504760] [<c058c854>] (dump_stack) from [<c05900b0>] (nmi_cpu_backtrace+0x88/0x8c)
[  150.513153] [<c05900b0>] (nmi_cpu_backtrace) from [<c030e2e8>] (raise_nmi+0x6c/0x70)
[  150.521484] [<c030e2e8>] (raise_nmi) from [<c0590014>] (nmi_trigger_all_cpu_backtrace+0xf4/0x108)
[  150.531036] [<c0590014>] (nmi_trigger_all_cpu_backtrace) from [<c06ac984>] (__handle_sysrq+0xa8/0x16c)
[  150.541046] [<c06ac984>] (__handle_sysrq) from [<c06dc4b8>] (serial_omap_irq+0x384/0x3c4)
[  150.549804] [<c06dc4b8>] (serial_omap_irq) from [<c03842d8>] (handle_irq_event_percpu+0x88/0x140)
[  150.559326] [<c03842d8>] (handle_irq_event_percpu) from [<c03843d4>] (handle_irq_event+0x44/0x68)
[  150.568817] [<c03843d4>] (handle_irq_event) from [<c03873f8>] (handle_level_irq+0xa0/0x134)
[  150.577819] [<c03873f8>] (handle_level_irq) from [<c03839bc>] (generic_handle_irq+0x24/0x34)
[  150.586853] [<c03839bc>] (generic_handle_irq) from [<c0383c6c>] (__handle_domain_irq+0x5c/0xb4)
[  150.596191] [<c0383c6c>] (__handle_domain_irq) from [<c030c654>] (__irq_svc+0x54/0x70)
[  150.604675] [<c030c654>] (__irq_svc) from [<c0377a00>] (cpu_startup_entry+0xcc/0x240)
[  150.613098] [<c0377a00>] (cpu_startup_entry) from [<c1100ca8>] (start_kernel+0x3cc/0x3d8)
[  150.621887] [<c1100ca8>] (start_kernel) from [<8020807c>] (0x8020807c)
[  150.628875] Unable to handle kernel NULL pointer dereference at virtual address 00000000
[  150.637512] pgd = c0204000
[  150.640441] [00000000] *pgd=00000000
[  150.644317] Internal error: Oops: 80000005 [#1] SMP ARM
[  150.649932] Modules linked in:
[  150.653259] CPU: 0 PID: 0 Comm: swapper/0 Not tainted 4.5.0-rc6-next-20160302-00002-g87fe98489cb9 #1
[  150.662994] Hardware name: Generic OMAP3 (Flattened Device Tree)
[  150.669403] task: c1306a80 ti: c1300000 task.ti: c1300000
[  150.675170] PC is at 0x0
[  150.677947] LR is at nmi_trigger_all_cpu_backtrace+0xf4/0x108
[  150.684112] pc : [<00000000>]    lr : [<c0590014>]    psr: 60000193
[  150.684112] sp : c1301e90  ip : 00000000  fp : c1302504
[  150.696350] r10: 00000061  r9 : c300a480  r8 : 00000001
[  150.701934] r7 : c030e27c  r6 : 00000000  r5 : c13027f8  r4 : 00000001
[  150.708923] r3 : 00000000  r2 : 00000000  r1 : 00000007  r0 : c13027f8
[  150.715911] Flags: nZCv  IRQs off  FIQs on  Mode SVC_32  ISA ARM  Segment none
[  150.723632] Control: 10c5387d  Table: 80204019  DAC: 00000051
[  150.729766] Process swapper/0 (pid: 0, stack limit = 0xc1300220)
[  150.736175] Stack: (0xc1301e90 to 0xc1302000)
[  150.740875] 1e80:                                     c1337074 c1394dc0 00000007 0000006c
[  150.749633] 1ea0: 00000001 c06ac984 c32d7c10 00000101 00000002 00000005 c1302100 c06dc4b8
[  150.758392] 1ec0: c14351a8 c1435110 c1302140 c361eac0 c300a4e0 00000000 00000000 0000005a
[  150.767150] 1ee0: c300a480 c140b86a c1302504 c03842d8 00000000 086a62ad c300a480 c300a4e0
[  150.775909] 1f00: 00000000 00000000 c3003000 c12095c0 c1301fa8 c03843d4 c300a480 c300a490
[  150.784667] 1f20: 00000000 c03873f8 c1208510 0000005a 00000000 c03839bc c1208510 c0383c6c
[  150.793457] 1f40: c0377a00 60000013 ffffffff c1301f8c c12053ac c030c654 00000000 c7c8a3c8
[  150.802215] 1f60: 00000000 c7c8a3d4 c1300000 c13024a4 c1302400 ffffffff c12053ac c12095c0
[  150.810974] 1f80: c1301fa8 c1302504 00000001 c1301fa8 c038f3f8 c0377a00 60000013 ffffffff
[  150.819763] 1fa0: 00000051 c03779dc c130250c c140b868 00000000 ffffffff 00000000 c1100ca8
[  150.828521] 1fc0: ffffffff ffffffff 00000000 c1100688 00000000 c11a3a30 c140d5d4 c1302480
[  150.837249] 1fe0: c11a3a2c c1307c5c 80204059 411fc082 00000000 8020807c 00000000 00000000
[  150.846038] [<c0590014>] (nmi_trigger_all_cpu_backtrace) from [<c06ac984>] (__handle_sysrq+0xa8/0x16c)
[  150.856018] [<c06ac984>] (__handle_sysrq) from [<c06dc4b8>] (serial_omap_irq+0x384/0x3c4)
[  150.864776] [<c06dc4b8>] (serial_omap_irq) from [<c03842d8>] (handle_irq_event_percpu+0x88/0x140)
[  150.874298] [<c03842d8>] (handle_irq_event_percpu) from [<c03843d4>] (handle_irq_event+0x44/0x68)
[  150.883789] [<c03843d4>] (handle_irq_event) from [<c03873f8>] (handle_level_irq+0xa0/0x134)
[  150.892730] [<c03873f8>] (handle_level_irq) from [<c03839bc>] (generic_handle_irq+0x24/0x34)
[  150.901763] [<c03839bc>] (generic_handle_irq) from [<c0383c6c>] (__handle_domain_irq+0x5c/0xb4)
[  150.911102] [<c0383c6c>] (__handle_domain_irq) from [<c030c654>] (__irq_svc+0x54/0x70)
[  150.919586] [<c030c654>] (__irq_svc) from [<c0377a00>] (cpu_startup_entry+0xcc/0x240)
[  150.928009] [<c0377a00>] (cpu_startup_entry) from [<c1100ca8>] (start_kernel+0x3cc/0x3d8)
[  150.936767] [<c1100ca8>] (start_kernel) from [<8020807c>] (0x8020807c)
[  150.943756] Code: bad PC value
[  150.947082] ---[ end trace 196cb48ec251da69 ]---
[  150.952026] Kernel panic - not syncing: Fatal exception in interrupt
[  150.958862] ---[ end Kernel panic - not syncing: Fatal exception in interrupt
- 13:21:27 [INFO] 
- 13:21:27 [INFO] Disconnected serial from ldp3430
URL:gtsystest.telogy.design.ti.com/vatf/tidfarm-05/tidfarm-05_vatf@ldp3430/tidfarm-0503_02_2016_13_17_42/files/session_iteration_1/test_1
