- 00:44:38 [INFO] Starting target session
- 00:44:40 [INFO] Connected to ldp3430 via serial 
- 00:44:40 [INFO] Host: #check prompt
- 00:44:43 [ERROR] On command: #check prompt waiting for #check prompt.+?(?-mix:((?-mix:.*\s+login)|[Pp]assword)) >>> error: execution expired
- 00:44:43 [INFO] Target: 
#check prompt
root@GenericOMAP3(FlattenedDeviceTree):/test# 
- 00:44:43 [INFO] Host: #check prompt
- 00:44:43 [INFO] Target: 
#check prompt
root@GenericOMAP3(FlattenedDeviceTree):/test# 
- 00:44:43 [INFO] Host: sync;poweroff
- 00:45:04 [INFO] Target: 
sync;poweroff
Broadcast message from root@GenericOMAP3(FlattenedDeviceTree) (ttyO2) (Sun Ju
The system is going down for system halt NOW!
INIT: Switching to runlevel: 0
root@GenericOMAP3(FlattenedDeviceTree):/test# 
INIT: Sending processes the TERM signal
INIT: Sending processes the KILL signal
Stopping Dropbear SSH server: stopped /usr/sbin/dropbear (pid 676)
dropbear.
Stopping telnet daemon.
Stopping system message bus: hwclock: can't open '/dev/misc/rtc': No such file or directory
Error opening /dev/fb0: No such file or directory
Stopping syslogd/klogd: stopped syslogd (pid 686)
stopped klogd (pid 689)
done
Stopping thttpd.
ALSA: Storing mixer settings...
/usr/sbin/alsactl: save_state:1580: No soundcards found...
Deconfiguring network interfaces... [ 1633.677001] smsc911x 8000000.ethernet eth0: SMSC911x/921x identified at 0xc881e000, IRQ: 264
done.
Stopping Lighttpd Web Server: stopped /usr/sbin/lighttpd (pid 695)
lighttpd.
***************************************************************
***************************************************************
NOTICE: This file system contains the followin GPLv3 packages:
	binutils-symlinks
	binutils
	gdbserver
	parted
If you do not wish to distribute GPLv3 components please remove
the above packages prior to distribution.  This can be done using
the opkg remove command.  i.e.:
    opkg remove <package>
Where <package> is the name printed in the list above
NOTE: If the package is a dependency of another package you
      will be notified of the dependent packages.  You should
      use the --force-removal-of-dependent-packages option to
      also remove the dependent packages as well
***************************************************************
***************************************************************
Sending all processes the TERM signal...
Sending all processes the KILL signal...
Unmounting remote filesystems...
Deactivating swap...
Unmounting local filesystems...
[ 1644.223052] EXT4-fs (mmcblk0p2): re-mounted. Opts: data=ordered
[ 1646.784210] reboot: Power down
[ 1646.787475] ------------[ cut here ]------------
[ 1646.792327] WARNING: CPU: 0 PID: 908 at kernel/locking/lockdep.c:2730 lockdep_trace_alloc+0x100/0x120()
[ 1646.802154] DEBUG_LOCKS_WARN_ON(irqs_disabled_flags(flags))
[ 1646.807800] Modules linked in:
[ 1646.811187] CPU: 0 PID: 908 Comm: halt Not tainted 4.5.0-rc4-next-20160216-00002-g8be258e2b77c #1
[ 1646.820465] Hardware name: Generic OMAP3 (Flattened Device Tree)
[ 1646.826782] [<c010fd24>] (unwind_backtrace) from [<c010c060>] (show_stack+0x10/0x14)
[ 1646.834899] [<c010c060>] (show_stack) from [<c045a870>] (dump_stack+0xb0/0xe4)
[ 1646.842468] [<c045a870>] (dump_stack) from [<c0134c44>] (warn_slowpath_common+0x78/0xb4)
[ 1646.85
- 00:45:04 [INFO] Disconnected serial from ldp3430
- 00:45:05 [INFO] Connected to ldp3430 via serial 
- 00:45:05 [INFO] Host: 
- 00:45:17 [INFO] Target: 
tb$U
  D`  
Texas Instruments X-Loader 1.41 (Apr 25 2014 - 11:23:40)
Starting OS Bootloader from NAND ...
U-Boot 1.1.4-gae533d15 (Apr 25 2014 - 15:03:07)
OMAP3430-GP rev 2, CPU-OPP2 L3-165MHz
OMAP3430LAB 0.1 Version + mDDR (Boot NAND)
DRAM:  128 MB
NAND:256 MiB
Reading data from 0xc0000 --   1% complete.
Reading data from 0xc0800 --   3% complete.
Reading data from 0xc1000 --   4% complete.
Reading data from 0xc1800 --   6% complete.
Reading data from 0xc2000 --   7% complete.
Reading data from 0xc2800 --   9% complete.
Reading data from 0xc3000 --  10% complete.
Reading data from 0xc3800 --  12% complete.
Reading data from 0xc4000 --  14% complete.
Reading data from 0xc4800 --  15% complete.
Reading data from 0xc5000 --  17% complete.
Reading data from 0xc5800 --  18% complete.
Reading data from 0xc6000 --  20% complete.
Reading data from 0xc6800 --  21% complete.
Reading data from 0xc7000 --  23% complete.
Reading data from 0xc7800 --  25% complete.
Reading data from 0xc8000 --  26% complete.
Reading data from 0xc8800 --  28% complete.
Reading data from 0xc9000 --  29% complete.
Reading data from 0xc9800 --  31% complete.
Reading data from 0xca000 --  32% complete.
Reading data from 0xca800 --  34% complete.
Reading data from 0xcb000 --  35% complete.
Reading data from 0xcb800 --  37% complete.
Reading data from 0xcc000 --  39% complete.
Reading data from 0xcc800 --  40% complete.
Reading data from 0xcd000 --  42% complete.
Reading data from 0xcd800 --  43% complete.
Reading data from 0xce000 --  45% complete.
Reading data from 0xce800 --  46% complete.
Reading data from 0xcf000 --  48% complete.
Reading data from 0xcf800 --  50% complete.
Reading data from 0xd0000 --  51% complete.
Reading data from 0xd0800 --  53% complete.
Reading data from 0xd1000 --  54% complete.
Reading data from 0xd1800 --  56% complete.
Reading data from 0xd2000 --  57% complete.
Reading data from 0xd2800 --  59% complete.
Reading data from 0xd3000 --  60% complete.
Reading data from 0xd3800 --  62% complete.
Reading data from 0xd4000 --  64% complete.
Reading data from 0xd4800 --  65% complete.
Reading data from 0xd5000 --  67% complete.
Reading data from 0xd5800 --  68% complete.
Reading data from 0xd6000 --  70% complete.
Reading data from 0xd6800 --  71% complete.
Reading data from 0xd7000 --  73% complete.
Reading data from 0xd7800 --  75% complete.
Reading data from 0xd8000 --  76% complete.
Reading data from 0xd8800 --  78% complete.
Reading data from 0xd9000 --  79% complete.
Reading data from 0xd9800 --  81% complete.
Reading data from 0xda000 --  82% complete.
Reading data from 0xda800 --  84% complete.
Reading data from 0xdb000 --  85% complete.
Reading data from 0xdb800 --  87% complete.
Reading data from 0xdc000 --  89% complete.
Reading data from 0xdc800 --  90% complete.
Reading data from 0xdd000 --  92% complete.
Reading data from 0xdd800 --  93% complete.
Reading data from 0xde000 --  95% complete.
Reading data from 0xde800 --  96% complete.
Reading data from 0xdf000 --  98% complete.
Reading data from 0xdf800 -- 100% complete.
*** Warning - bad CRC or NAND, using default environment
In:    serial
Out:   serial
Err:   serial
Battery levels: main 4157 mV, backup 3206 mV
LAN9x18 (0x92110000) detected.
Read mac address: 00:08:EE:02:24:9D
start Auto negotiation... (take ~2sec)
Auto negotiation complete, 100BaseTX, full duplex
Press SPACE to abort Chain2Bootloader in 1 seconds
reading chained-bootloader
NAND read: device 0 offset 0x100000, size 0x100000
 1048576 bytes read: OK
starting chained-boot-loader
## Starting application at 0x80800000 ...
U-Boot 2014.04-00071-g8543283-dirty (Apr 25 2014 - 14:59:48)
OMAP3530-GP ES2.1, CPU-OPP2, L3-165MHz, Max CPU Clock 600 MHz
OMAP3 Zoom MDK Rev 1 + LPDDR/NAND
I2C:   ready
DRAM:  128 MiB
NAND:  256 MiB
MMC:   OMAP SD/MMC: 0
*** Warning - bad CRC, using default environment
Die ID #19ae00020000000004013ddc0201700b
Net:   smc911x-0
Hit any key to stop autoboot:  1  0 
U-Boot# 
U-Boot# 
U-Boot# 
U-Boot# 
U-Boot# 
U-Boot# 
U-Boot# 
U-Boot# 
U-Boot# 
U-Boot# 
U-Boot# 
U-Boot# 
U-Boot# 
U-Boot# 
U-Boot# 
U-Boot# 
U-Boot# 
U-Boot# 
U-Boot# 
U-Boot# 
U-Boot# 
U-Boot# 
U-Boot# 
U-Boot# 
U-Boot# 
U-Boot# 
U-Boot# 
U-Boot# 
U-Boot# 
U-Boot# 
U-Boot# 
U-Boot# 
U-Boot# 
U-Boot# 
U-Boot# 
- 00:45:18 [INFO] Host: version
- 00:45:18 [INFO] Target: 
oot# 
U-Boot# 
U-Boot# version
U-Boot 2014.04-00071-g8543283-dirty (Apr 25 2014 - 14:59:48)
arm-linux-gnueabi-gcc (Ubuntu/Linaro 4.6.3-1ubuntu5) 4.6.3
GNU ld (GNU Binutils for Ubuntu) 2.22
U-Boot# 
- 00:45:18 [INFO] Host: bdinfo
- 00:45:18 [INFO] Target: 
bdinfo
arch_number = 0x00000667
boot_params = 0x80000100
DRAM bank   = 0x00000000
-> start    = 0x80000000
-> size     = 0x08000000
DRAM bank   = 0x00000001
-> start    = 0x88000000
-> size     = 0x00000000
eth0name    = smc911x-0
ethaddr     = 00:08:ee:02:24:9d
current eth = smc911x-0
ip_addr     = <NULL>
baudrate    = 115200 bps
TLB addr    = 0x87FF0000
relocaddr   = 0x87F71000
reloc off   = 0x07771000
irq_sp      = 0x87E50ED0
sp start    = 0x87E50EC0
U-Boot# 
- 00:45:18 [INFO] Host: printenv
- 00:45:18 [INFO] Target: 
printenv
arch=arm
baudrate=115200
board=zoom1
board_name=zoom1
bootcmd=mmc dev ${mmcdev}; if mmc rescan; then if run loadbootscript; then run bootscript; if test -n $uenvcmd; then echo Running uenvcmd ...;run uenvcmd;fi;else if run loadimage; then run mmcboot; else if run loadzimage; then run mmczboot; else run nandboot; fi; fi;fi; else run nandboot; fi
bootdelay=1
bootdir=/
bootfile=uImage
bootpart=0:1
bootscript=echo Running bootscript from mmc ...; if run importbootscr; then echo boot.scr imported; else run importbootenv;fi
console=ttyO2,115200n8
cpu=armv7
dieid#=19ae00020000000004013ddc0201700b
ethact=smc911x-0
ethaddr=00:08:ee:02:24:9d
fdtaddr=0x80f80000
fdtfile=omap3-ldp.dtb
importbootenv=env import -t $loadaddr $filesize
importbootscr=source ${loadaddr}
loadaddr=0x82000000
loadbootenv=fatload mmc ${mmcdev} ${loadaddr} uEnv.txt
loadbootscr=fatload mmc ${mmcdev} ${loadaddr} boot.scr
loadbootscript=if run loadbootscr; then echo boot.scr; else run loadbootenv;fi
loadfdt=load mmc ${bootpart} ${fdtaddr} ${bootdir}/${fdtfile}
loadimage=load mmc ${bootpart} ${loadaddr} ${bootdir}/${bootfile}
loadzimage=setenv bootfile zImage; if run loadimage; then run loadfdt;fi
mmcargs=setenv bootargs console=${console} video=${videospec},mode:${videomode} root=/dev/mmcblk0p2 rw rootfstype=ext3 rootwait
mmcboot=echo Booting from mmc ...; run mmcargs; bootm ${loadaddr}
mmcdev=0
mmczboot=echo Booting from mmc ...; run mmcargs; bootz ${loadaddr} - ${fdtaddr}
nandargs=setenv bootargs console=${console} video=${videospec},mode:${videomode} root=/dev/mtdblock4 rw rootfstype=jffs2
nandboot=echo Booting from nand ...; run nandargs; nand read ${loadaddr} 280000 400000; bootm ${loadaddr}
soc=omap3
usbtty=cdc_acm
vendor=logicpd
ver=U-Boot 2014.04-00071-g8543283-dirty (Apr 25 2014 - 14:59:48)
videomode=1024x768@60,vxres=1024,vyres=768
videospec=omapfb:vram:2M,vram:4M
Environment size: 1940/131068 bytes
U-Boot# 
- 00:45:18 [INFO] Host: setenv autoload 'no'
- 00:45:18 [INFO] Target: 
setenv autoload 'no'
U-Boot# 
- 00:45:18 [INFO] Host: dhcp
- 00:45:21 [INFO] Target: 
dhcp
smc911x: detected LAN9211 controller
smc911x: phy initialized
smc911x: MAC 00:08:ee:02:24:9d
BOOTP broadcast 1
DHCP client bound to address 192.168.1.190
U-Boot# 
- 00:45:21 [INFO] Host: setenv serverip 192.168.1.254
- 00:45:21 [INFO] Target: 
setenv serverip 192.168.1.254
U-Boot# 
- 00:45:21 [INFO] Host: setenv bootargs 'console=ttyO2,115200n8 earlyprintk rootwait ip=dhcp root=/dev/mmcblk0p2 rw rootfstype=ext3 nohlt'
- 00:45:21 [INFO] Target: 
setenv bootargs 'console=ttyO2,115200n8 earlyprintk rootwait ip=dhcp root=/dev/mmcblk0p2 rw rootfstype=ext3 nohlt'
U-Boot# 
- 00:45:21 [INFO] Host: setenv bootfile vatf_ldp3430/65f713458e20d2d08d5da861d2e59619
- 00:45:21 [INFO] Target: 
setenv bootfile vatf_ldp3430/65f713458e20d2d08d5da861d2e59619
U-Boot# 
- 00:45:21 [INFO] Host: setenv bootcmd 'tftp ${loadaddr};bootm ${loadaddr}'
- 00:45:21 [INFO] Target: 
setenv bootcmd 'tftp ${loadaddr};bootm ${loadaddr}'
U-Boot# 
- 00:45:21 [INFO] Host: printenv
- 00:45:22 [INFO] Target: 
printenv
arch=arm
autoload=no
baudrate=115200
board=zoom1
board_name=zoom1
bootargs=console=ttyO2,115200n8 earlyprintk rootwait ip=dhcp root=/dev/mmcblk0p2 rw rootfstype=ext3 nohlt
bootcmd=tftp ${loadaddr};bootm ${loadaddr}
bootdelay=1
bootdir=/
bootfile=vatf_ldp3430/65f713458e20d2d08d5da861d2e59619
bootpart=0:1
bootscript=echo Running bootscript from mmc ...; if run importbootscr; then echo boot.scr imported; else run importbootenv;fi
console=ttyO2,115200n8
cpu=armv7
dieid#=19ae00020000000004013ddc0201700b
dnsip=192.0.2.2
ethact=smc911x-0
ethaddr=00:08:ee:02:24:9d
fdtaddr=0x80f80000
fdtfile=omap3-ldp.dtb
gatewayip=192.168.1.254
importbootenv=env import -t $loadaddr $filesize
importbootscr=source ${loadaddr}
ipaddr=192.168.1.190
loadaddr=0x82000000
loadbootenv=fatload mmc ${mmcdev} ${loadaddr} uEnv.txt
loadbootscr=fatload mmc ${mmcdev} ${loadaddr} boot.scr
loadbootscript=if run loadbootscr; then echo boot.scr; else run loadbootenv;fi
loadfdt=load mmc ${bootpart} ${fdtaddr} ${bootdir}/${fdtfile}
loadimage=load mmc ${bootpart} ${loadaddr} ${bootdir}/${bootfile}
loadzimage=setenv bootfile zImage; if run loadimage; then run loadfdt;fi
mmcargs=setenv bootargs console=${console} video=${videospec},mode:${videomode} root=/dev/mmcblk0p2 rw rootfstype=ext3 rootwait
mmcboot=echo Booting from mmc ...; run mmcargs; bootm ${loadaddr}
mmcdev=0
mmczboot=echo Booting from mmc ...; run mmcargs; bootz ${loadaddr} - ${fdtaddr}
nandargs=setenv bootargs console=${console} video=${videospec},mode:${videomode} root=/dev/mtdblock4 rw rootfstype=jffs2
nandboot=echo Booting from nand ...; run nandargs; nand read ${loadaddr} 280000 400000; bootm ${loadaddr}
netmask=255.255.255.0
serverip=192.168.1.254
soc=omap3
usbtty=cdc_acm
vendor=logicpd
ver=U-Boot 2014.04-00071-g8543283-dirty (Apr 25 2014 - 14:59:48)
videomode=1024x768@60,vxres=1024,vyres=768
videospec=omapfb:vram:2M,vram:4M
Environment size: 1967/131068 bytes
U-Boot# 
- 00:45:22 [INFO] Host: boot
- 00:47:52 [ERROR] On command: boot waiting for boot.+?(?-mix:.*\s+login) >>> error: execution expired
- 00:47:52 [INFO] Target: 
boot
smc911x: detected LAN9211 controller
smc911x: phy initialized
smc911x: MAC 00:08:ee:02:24:9d
Using smc911x-0 device
TFTP from server 192.168.1.254; our IP address is 192.168.1.190
Filename 'vatf_ldp3430/65f713458e20d2d08d5da861d2e59619'.
Load address: 0x82000000
Loading: *###T ##############################################################
	 #################################################################
	 #################################################################
	 #################################################################
	 #################################################################
	 #################################################################
	 #################################################################
	 #########
	 907.2 KiB/s
done
Bytes transferred = 6798487 (67bc97 hex)
## Booting kernel from Legacy Image at 82000000 ...
   Image Name:   Linux-4.5.0-rc4-next-20160216-00
   Image Type:   ARM Linux Kernel Image (uncompressed)
   Data Size:    6798423 Bytes = 6.5 MiB
   Load Address: 81000000
   Entry Point:  81000000
   Verifying Checksum ... OK
   Loading Kernel Image ... OK
Starting kernel ...
[    0.000000] Booting Linux on physical CPU 0x0
[    0.000000] Linux version 4.5.0-rc4-next-20160216-00002-g8be258e2b77c (nmenon@horus) (gcc version 4.9.3 20150413 (prerelease) (Linaro GCC 4.9-2015.05) ) #1 SMP Tue Feb 16 00:36:16 CST 2016
[    0.000000] CPU: ARMv7 Processor [411fc082] revision 2 (ARMv7), cr=10c5387d
[    0.000000] CPU: PIPT / VIPT nonaliasing data cache, VIPT nonaliasing instruction cache
[    0.000000] Machine model: TI OMAP3430 LDP (Zoom1 Labrador)
[    0.000000] cma: Reserved 64 MiB at 0x83800000
[    0.000000] Memory policy: Data cache writeback
[    0.000000] CPU: All CPU(s) started in SVC mode.
[    0.000000] OMAP3430/3530 ES2.1 (l2cache iva sgx neon isp )
[    0.000000] PERCPU: Embedded 13 pages/cpu @c7c88000 s23296 r8192 d21760 u53248
[    0.000000] Built 1 zonelists in Zone order, mobility grouping on.  Total pages: 32000
[    0.000000] Kernel command line: console=ttyO2,115200n8 earlyprintk rootwait ip=dhcp root=/dev/mmcblk0p2 rw rootfstype=ext3 nohlt
[    0.000000] PID hash table entries: 512 (order: -1, 2048 bytes)
[    0.000000] Dentry cache hash table entries: 16384 (order: 4, 65536 bytes)
[    0.000000] Inode-cache hash table entries: 8192 (order: 3, 32768 bytes)
[    0.000000] Memory: 44008K/129024K available (9460K kernel code, 1053K rwdata, 4120K rodata, 2048K init, 341K bss, 19480K reserved, 65536K cma-reserved, 0K highmem)
[    0.000000] Virtual kernel memory layout:
[    0.000000]     vector  : 0xffff0000 - 0xffff1000   (   4 kB)
[    0.000000]     fixmap  : 0xffc00000 - 0xfff00000   (3072 kB)
[    0.000000]     vmalloc : 0xc8800000 - 0xff800000   ( 880 MB)
[    0.000000]     lowmem  : 0xc0000000 - 0xc8000000   ( 128 MB)
[    0.000000]     pkmap   : 0xbfe00000 - 0xc0000000   (   2 MB)
[    0.000000]     modules : 0xbf000000 - 0xbfe00000   (  14 MB)
[    0.000000]       .text : 0xc0208000 - 0xc1043144   (14573 kB)
[    0.000000]       .init : 0xc1100000 - 0xc1300000   (2048 kB)
[    0.000000]       .data : 0xc1300000 - 0xc1407780   (1054 kB)
[    0.000000]        .bss : 0xc140a000 - 0xc145f620   ( 342 kB)
[    0.000000] SLUB: HWalign=64, Order=0-3, MinObjects=0, CPUs=1, Nodes=1
[    0.000000] Hierarchical RCU implementation.
[    0.000000] 	Build-time adjustment of leaf fanout to 32.
[    0.000000] 	RCU restricting CPUs from NR_CPUS=16 to nr_cpu_ids=1.
[    0.000000] RCU: Adjusting geometry for rcu_fanout_leaf=32, nr_cpu_ids=1
[    0.000000] NR_IRQS:16 nr_irqs:16 16
[    0.000000] IRQ: Found an INTC at 0xfa200000 (revision 4.0) with 96 interrupts
[    0.000000] Clocking rate (Crystal/Core/MPU): 26.0/166/600 MHz
[    0.000000] OMAP clockevent source: timer1 at 32768 Hz
[    0.000000] clocksource: 32k_counter: mask: 0xffffffff max_cycles: 0xffffffff, max_idle_ns: 58327039986419 ns
[    0.000000] sched_clock: 32 bits at 32kHz, resolution 30517ns, wraps every 65535999984741ns
[    0.000030] OMAP clocksource: 32k_counter at 32768 Hz
[    0.003295] Console: colour dummy device 80x30
[    0.003356] Calibrating delay loop... 594.73 BogoMIPS (lpj=1486848)
[    0.034637] pid_max: default: 32768 minimum: 301
[    0.034820] Mount-cache hash table entries: 1024 (order: 0, 4096 bytes)
[    0.034851] Mountpoint-cache hash table entries: 1024 (order: 0, 4096 bytes)
[    0.035980] CPU: Testing write buffer coherency: ok
[    0.036499] CPU0: thread -1, cpu 0, socket -1, mpidr 0
[    0.036651] Setting up static identity map for 0x80300000 - 0x80300098
[    0.045898] Brought up 1 CPUs
[    0.045928] SMP: Total of 1 processors activated (594.73 BogoMIPS).
[    0.045928] CPU: All CPU(s) started in SVC mode.
[    0.048187] devtmpfs: initialized
[    0.094726] VFP support v0.3: implementor 41 architecture 3 part 30 variant c rev 1
[    0.096710] clocksource: jiffies: mask: 0xffffffff max_cycles: 0xffffffff, max_idle_ns: 9556302231375000 ns
[    0.101684] pinctrl core: initialized pinctrl subsystem
[    0.106262] NET: Registered protocol family 16
[    0.110504] DMA: preallocated 256 KiB pool for atomic coherent allocations
[    0.134216] omap_hwmod: mcbsp2_sidetone using broken dt data from mcbsp
[    0.134918] omap_hwmod: mcbsp3_sidetone using broken dt data from mcbsp
[    0.201202] cpuidle: using governor menu
[    0.202178] Reprogramming SDRC clock to 166000000 Hz
[    0.212463] OMAP GPIO hardware version 2.5
[    0.221588] irq: no irq domain found for /ocp/l4@48000000/scm@2000/pinmux@30 !
[    0.238250] omap-gpmc 6e000000.gpmc: GPMC revision 5.0
[    0.238281] gpmc_mem_init: disabling cs 0 mapped at 0x0-0x1000000
[    0.246887] No ATAGs?
[    0.246917] hw-breakpoint: debug architecture 0x4 unsupported.
[    0.249267] omap4_sram_init:Unable to allocate sram needed to handle errata I688
[    0.249298] omap4_sram_init:Unable to get sram pool needed to handle errata I688
[    0.249664] OMAP DMA hardware revision 4.0
[    0.257873] Serial: AMBA PL011 UART driver
[    0.292602] omap-dma-engine 48056000.dma-controller: OMAP DMA engine driver
[    0.303405] vgaarb: loaded
[    0.305541] SCSI subsystem initialized
[    0.306579] usbcore: registered new interface driver usbfs
[    0.306762] usbcore: registered new interface driver hub
[    0.306854] usbcore: registered new device driver usb
[    0.309875] omap_i2c 48070000.i2c: bus 0 rev3.3 at 2600 kHz
[    0.310821] omap_i2c 48072000.i2c: bus 1 rev3.3 at 400 kHz
[    0.311614] omap_i2c 48060000.i2c: bus 2 rev3.3 at 400 kHz
[    0.313476] pps_core: LinuxPPS API ver. 1 registered
[    0.313507] pps_core: Software ver. 5.3.6 - Copyright 2005-2007 Rodolfo Giometti <giometti@linux.it>
[    0.313568] PTP clock support registered
[    0.313995] EDAC MC: Ver: 3.0.0
[    0.319213] clocksource: Switched to clocksource 32k_counter
[    0.340850] NET: Registered protocol family 2
[    0.341827] TCP established hash table entries: 1024 (order: 0, 4096 bytes)
[    0.341888] TCP bind hash table entries: 1024 (order: 1, 8192 bytes)
[    0.341918] TCP: Hash tables configured (established 1024 bind 1024)
[    0.342041] UDP hash table entries: 256 (order: 1, 8192 bytes)
[    0.342102] UDP-Lite hash table entries: 256 (order: 1, 8192 bytes)
[    0.342346] NET: Registered protocol family 1
[    0.342987] RPC: Registered named UNIX socket transport module.
[    0.342987] RPC: Registered udp transport module.
[    0.343017] RPC: Registered tcp transport module.
[    0.343017] RPC: Registered tcp NFSv4.1 backchannel transport module.
[    0.347137] hw perfevents: enabled with armv7_cortex_a8 PMU driver, 5 counters available
[    0.351745] futex hash table entries: 256 (order: 2, 16384 bytes)
[    0.353729] workingset: timestamp_bits=28 max_order=15 bucket_order=0
[    0.377349] squashfs: version 4.0 (2009/01/31) Phillip Lougher
[    0.379455] NFS: Registering the id_resolver key type
[    0.379516] Key type id_resolver registered
[    0.379547] Key type id_legacy registered
[    0.379669] ntfs: driver 2.1.32 [Flags: R/O].
[    0.382904] Block layer SCSI generic (bsg) driver version 0.4 loaded (major 249)
[    0.382934] io scheduler noop registered
[    0.382965] io scheduler deadline registered
[    0.383026] io scheduler cfq registered (default)
[    0.392608] pinctrl-single 48002030.pinmux: 284 pins at pa fa002030 size 568
[    0.393005] pinctrl-single 48002a00.pinmux: 46 pins at pa fa002a00 size 92
[    0.393554] pinctrl-single 480025d8.pinmux: 18 pins at pa fa0025d8 size 36
[    0.541107] Serial: 8250/16550 driver, 4 ports, IRQ sharing disabled
[    0.546661] SuperH (H)SCI(F) driver initialized
[    0.548553] msm_serial: driver initialized
[    0.549041] omap_uart 4806a000.serial: no wakeirq for uart0
[    0.549377] 4806a000.serial: ttyO0 at MMIO 0x4806a000 (irq = 88, base_baud = 3000000) is a OMAP UART0
[    0.550262] omap_uart 4806c000.serial: no wakeirq for uart1
[    0.550476] 4806c000.serial: ttyO1 at MMIO 0x4806c000 (irq = 89, base_baud = 3000000) is a OMAP UART1
[    0.551452] 49020000.serial: ttyO2 at MMIO 0x49020000 (irq = 90, base_baud = 3000000) is a OMAP UART2
[    1.293487] console [ttyO2] enabled
[    1.298065] STMicroelectronics ASC driver initialized
[    1.307037] [drm] Initialized drm 1.1.0 20060810
[    1.342315] brd: module loaded
[    1.357818] loop: module loaded
[    1.370086] twl 0-0048: PIH (irq 23) chaining IRQs 339..347
[    1.376159] twl 0-0048: power (irq 344) chaining IRQs 347..354
[    1.427276] twl4030_gpio twl4030-gpio: gpio (irq 339) chaining IRQs 355..372
[    1.512054] libphy: Fixed MDIO Bus: probed
[    1.518188] CAN device driver interface
[    1.526824] igb: Intel(R) Gigabit Ethernet Network Driver - version 5.3.0-k
[    1.534210] igb: Copyright (c) 2007-2014 Intel Corporation.
[    1.561889] libphy: smsc911x-mdio: probed
[    1.566497] SMSC LAN8700 8000000.ethernet:01: attached PHY driver [SMSC LAN8700] (mii_bus:phy_addr=8000000.ethernet:01, irq=-1)
[    1.578796] smsc911x 8000000.ethernet eth0: MAC Address: 00:08:ee:02:24:9d
[    1.591156] pegasus: v0.9.3 (2013/04/25), Pegasus/Pegasus II USB Ethernet driver
[    1.599151] usbcore: registered new interface driver pegasus
[    1.605316] usbcore: registered new interface driver asix
[    1.611145] usbcore: registered new interface driver ax88179_178a
[    1.617706] usbcore: registered new interface driver cdc_ether
[    1.624023] usbcore: registered new interface driver smsc75xx
[    1.630249] usbcore: registered new interface driver smsc95xx
[    1.636444] usbcore: registered new interface driver net1080
[    1.642547] usbcore: registered new interface driver cdc_subset
[    1.648925] usbcore: registered new interface driver zaurus
[    1.654998] usbcore: registered new interface driver cdc_ncm
[    1.665222] ehci_hcd: USB 2.0 'Enhanced' Host Controller (EHCI) Driver
[    1.672180] ehci-pci: EHCI PCI platform driver
[    1.677032] ehci-platform: EHCI generic platform driver
[    1.683105] ehci-omap: OMAP-EHCI Host Controller driver
[    1.689392] ehci-omap 48064800.ehci: EHCI Host Controller
[    1.695190] ehci-omap 48064800.ehci: new USB bus registered, assigned bus number 1
[    1.703643] ehci-omap 48064800.ehci: irq 93, io mem 0x48064800
[    1.719360] ehci-omap 48064800.ehci: USB 2.0 started, EHCI 1.00
[    1.727416] hub 1-0:1.0: USB hub found
[    1.731536] hub 1-0:1.0: 3 ports detected
[    1.737182] ehci-orion: EHCI orion driver
[    1.742065] SPEAr-ehci: EHCI SPEAr driver
[    1.746795] ehci-st: EHCI STMicroelectronics driver
[    1.752380] ehci-exynos: EHCI EXYNOS driver
[    1.757263] ehci-atmel: EHCI Atmel driver
[    1.761871] tegra-ehci: Tegra EHCI driver
[    1.766571] ohci_hcd: USB 1.1 'Open' Host Controller (OHCI) Driver
[    1.773162] ohci-pci: OHCI PCI platform driver
[    1.778015] ohci-platform: OHCI generic platform driver
[    1.783996] ohci-omap3: OHCI OMAP3 driver
[    1.788757] ohci-omap3 48064400.ohci: OHCI Host Controller
[    1.794647] ohci-omap3 48064400.ohci: new USB bus registered, assigned bus number 2
[    1.803039] ohci-omap3 48064400.ohci: irq 92, io mem 0x48064400
[    1.886016] hub 2-0:1.0: USB hub found
[    1.890167] hub 2-0:1.0: 3 ports detected
[    1.895751] SPEAr-ohci: OHCI SPEAr driver
[    1.900634] ohci-st: OHCI STMicroelectronics driver
[    1.906249] ohci-atmel: OHCI Atmel driver
[    1.911987] usbcore: registered new interface driver usb-storage
[    1.922119] mousedev: PS/2 mouse device common for all mice
[    1.937072] twl_rtc 48070000.i2c:twl@48:rtc: Power up reset detected.
[    1.944091] twl_rtc 48070000.i2c:twl@48:rtc: Enabling TWL-RTC
[    1.953186] twl_rtc 48070000.i2c:twl@48:rtc: rtc core: registered 48070000.i2c:twl@48 as rtc0
[    1.963439] i2c /dev entries driver
[    1.992034] sdhci: Secure Digital Host Controller Interface driver
[    1.998687] sdhci: Copyright(c) Pierre Ossman
[    2.005889] omap_hsmmc 4809c000.mmc: multiblock reads disabled due to 35xx erratum 2.1.1.128; MMC read performance may suffer
[    2.051757] Synopsys Designware Multimedia Card Interface Driver
[    2.060821] sdhci-pltfm: SDHCI platform and OF driver helper
[    2.071746] ledtrig-cpu: registered to indicate activity on CPUs
[    2.079010] usbcore: registered new interface driver usbhid
[    2.084930] usbhid: USB HID core driver
[    2.100830] NET: Registered protocol family 10
[    2.107574] sit: IPv6 over IPv4 tunneling driver
[    2.113891] NET: Registered protocol family 17
[    2.118682] can: controller area network core (rev 20120528 abi 9)
[    2.125396] NET: Registered protocol family 29
[    2.130126] can: raw protocol (rev 20120528)
[    2.134674] can: broadcast manager protocol (rev 20120528 t)
[    2.140686] can: netlink gateway (rev 20130117) max_hops=1
[    2.147583] Key type dns_resolver registered
[    2.152648] omap2_set_init_voltage: unable to find boot up OPP for vdd_mpu_iva
[    2.160308] omap2_set_init_voltage: unable to set vdd_mpu_iva
[    2.166412] omap2_set_init_voltage: unable to find boot up OPP for vdd_core
[    2.173767] omap2_set_init_voltage: unable to set vdd_core
[    2.202545] PM: no software I/O chain control; some wakeups may be lost
[    2.214050] ThumbEE CPU extension supported.
[    2.218994] Registering SWP/SWPB emulation handler
[    2.241302] input: gpio_keys as /devices/platform/gpio_keys/input/input0
[    2.250274] twl_rtc 48070000.i2c:twl@48:rtc: setting system clock to 2000-01-01 00:00:00 UTC (946684800)
[    2.294403] smsc911x 8000000.ethernet eth0: SMSC911x/921x identified at 0xc881a000, IRQ: 264
[    2.303466] IPv6: ADDRCONF(NETDEV_UP): eth0: link is not ready
[    3.779602] mmc0: card never left busy state
[    3.784240] mmc0: error -110 whilst initialising SD card
[    5.599639] IPv6: ADDRCONF(NETDEV_CHANGE): eth0: link becomes ready
[    5.614929] Sending DHCP requests ., OK
[    5.660156] IP-Config: Got DHCP answer from 192.168.1.254, my address is 192.168.1.190
[    5.669891] IP-Config: Complete:
[    5.673431]      device=eth0, hwaddr=00:08:ee:02:24:9d, ipaddr=192.168.1.190, mask=255.255.255.0, gw=192.168.1.254
[    5.684661]      host=192.168.1.190, domain=tidfarm-05.internal.ti.com, nis-domain=(none)
[    5.693542]      bootserver=192.168.1.254, rootserver=192.168.1.254, rootpath=     nameserver0=192.0.2.2, nameserver1=192.0.2.3
[    5.708953] VAUX3: disabling
[    5.714233] VDAC: disabling
[    5.720001] VUSB1V5: disabling
[    5.724670] VUSB1V8: disabling
[    5.729217] VUSB3V1: disabling
[    5.740722] Waiting for root device /dev/mmcblk0p2...
[  107.594573] random: nonblocking pool is initialized
- 00:47:52 [INFO] Boot attempt 1/1 failed
- 00:47:52 [INFO] Collecting kernel traces via sysrq...
- 00:48:02 [INFO] [  140.269866] sysrq: SysRq : Show State
[  140.273864]   task                PC stack   pid father
[  140.279479] swapper/0       D c0b24c08     0     1      0 0x00000000
[  140.286468] [<c0b24c08>] (__schedule) from [<c0b24ff4>] (schedule+0x44/0x9c)
[  140.294067] [<c0b24ff4>] (schedule) from [<c0b27860>] (schedule_timeout+0x11c/0x1a8)
[  140.302398] [<c0b27860>] (schedule_timeout) from [<c039331c>] (msleep+0x2c/0x38)
[  140.310363] [<c039331c>] (msleep) from [<c11015e4>] (prepare_namespace+0x13c/0x1d4)
[  140.318603] [<c11015e4>] (prepare_namespace) from [<c1100e94>] (kernel_init_freeable+0x1ec/0x1fc)
[  140.328155] [<c1100e94>] (kernel_init_freeable) from [<c0b2363c>] (kernel_init+0xc/0xf0)
[  140.336853] [<c0b2363c>] (kernel_init) from [<c0307db8>] (ret_from_fork+0x14/0x3c)
[  140.344940] kthreadd        S c0b24c08     0     2      0 0x00000000
[  140.351837] [<c0b24c08>] (__schedule) from [<c0b24ff4>] (schedule+0x44/0x9c)
[  140.359436] [<c0b24ff4>] (schedule) from [<c035c690>] (kthreadd+0x180/0x184)
[  140.367034] [<c035c690>] (kthreadd) from [<c0307db8>] (ret_from_fork+0x14/0x3c)
[  140.374816] ksoftirqd/0     S c0b24c08     0     3      2 0x00000000
[  140.381713] [<c0b24c08>] (__schedule) from [<c0b24ff4>] (schedule+0x44/0x9c)
[  140.389312] [<c0b24ff4>] (schedule) from [<c035edec>] (smpboot_thread_fn+0xc8/0x194)
[  140.397613] [<c035edec>] (smpboot_thread_fn) from [<c035beac>] (kthread+0xdc/0xf4)
[  140.405761] [<c035beac>] (kthread) from [<c0307db8>] (ret_from_fork+0x14/0x3c)
[  140.413482] kworker/0:0     S c0b24c08     0     4      2 0x00000000
[  140.420440] [<c0b24c08>] (__schedule) from [<c0b24ff4>] (schedule+0x44/0x9c)
[  140.428009] [<c0b24ff4>] (schedule) from [<c0356ca0>] (worker_thread+0xd8/0x518)
[  140.435943] [<c0356ca0>] (worker_thread) from [<c035beac>] (kthread+0xdc/0xf4)
[  140.443695] [<c035beac>] (kthread) from [<c0307db8>] (ret_from_fork+0x14/0x3c)
[  140.451416] kworker/0:0H    S c0b24c08     0     5      2 0x00000000
[  140.458343] [<c0b24c08>] (__schedule) from [<c0b24ff4>] (schedule+0x44/0x9c)
[  140.465911] [<c0b24ff4>] (schedule) from [<c0356ca0>] (worker_thread+0xd8/0x518)
[  140.473846] [<c0356ca0>] (worker_thread) from [<c035beac>] (kthread+0xdc/0xf4)
[  140.481628] [<c035beac>] (kthread) from [<c0307db8>] (ret_from_fork+0x14/0x3c)
[  140.489349] kworker/u2:0    S c0b24c08     0     6      2 0x00000000
[  140.496276] [<c0b24c08>] (__schedule) from [<c0b24ff4>] (schedule+0x44/0x9c)
[  140.503814] [<c0b24ff4>] (schedule) from [<c0356ca0>] (worker_thread+0xd8/0x518)
[  140.511749] [<c0356ca0>] (worker_thread) from [<c035beac>] (kthread+0xdc/0xf4)
[  140.519500] [<c035beac>] (kthread) from [<c0307db8>] (ret_from_fork+0x14/0x3c)
[  140.527221] rcu_sched       S c0b24c08     0     7      2 0x00000000
[  140.534118] [<c0b24c08>] (__schedule) from [<c0b24ff4>] (schedule+0x44/0x9c)
[  140.541656] [<c0b24ff4>] (schedule) from [<c038fe44>] (rcu_gp_kthread+0x98/0x960)
[  140.549713] [<c038fe44>] (rcu_gp_kthread) from [<c035beac>] (kthread+0xdc/0xf4)
[  140.557556] [<c035beac>] (kthread) from [<c0307db8>] (ret_from_fork+0x14/0x3c)
[  140.565277] rcu_bh          S c0b24c08     0     8      2 0x00000000
[  140.572174] [<c0b24c08>] (__schedule) from [<c0b24ff4>] (schedule+0x44/0x9c)
[  140.579711] [<c0b24ff4>] (schedule) from [<c038fe44>] (rcu_gp_kthread+0x98/0x960)
[  140.587768] [<c038fe44>] (rcu_gp_kthread) from [<c035beac>] (kthread+0xdc/0xf4)
[  140.595642] [<c035beac>] (kthread) from [<c0307db8>] (ret_from_fork+0x14/0x3c)
[  140.603332] migration/0     S c0b24c08     0     9      2 0x00000000
[  140.610229] [<c0b24c08>] (__schedule) from [<c0b24ff4>] (schedule+0x44/0x9c)
[  140.617828] [<c0b24ff4>] (schedule) from [<c035edec>] (smpboot_thread_fn+0xc8/0x194)
[  140.626159] [<c035edec>] (smpboot_thread_fn) from [<c035beac>] (kthread+0xdc/0xf4)
[  140.634277] [<c035beac>] (kthread) from [<c0307db8>] (ret_from_fork+0x14/0x3c)
[  140.641998] watchdog/0      S c0b24c08     0    10      2 0x00000000
[  140.648895] [<c0b24c08>] (__schedule) from [<c0b24ff4>] (schedule+0x44/0x9c)
[  140.656463] [<c0b24ff4>] (schedule) from [<c035edec>] (smpboot_thread_fn+0xc8/0x194)
[  140.664794] [<c035edec>] (smpboot_thread_fn) from [<c035beac>] (kthread+0xdc/0xf4)
[  140.672943] [<c035beac>] (kthread) from [<c0307db8>] (ret_from_fork+0x14/0x3c)
[  140.680633] kdevtmpfs       S c0b24c08     0    11      2 0x00000000
[  140.687530] [<c0b24c08>] (__schedule) from [<c0b24ff4>] (schedule+0x44/0x9c)
[  140.695129] [<c0b24ff4>] (schedule) from [<c0769d94>] (devtmpfsd+0x314/0x320)
[  140.702819] [<c0769d94>] (devtmpfsd) from [<c035beac>] (kthread+0xdc/0xf4)
[  140.710205] [<c035beac>] (kthread) from [<c0307db8>] (ret_from_fork+0x14/0x3c)
[  140.717926] khungtaskd      S c0b24c08     0    12      2 0x00000000
[  140.724822] [<c0b24c08>] (__schedule) from [<c0b24ff4>] (schedule+0x44/0x9c)
[  140.732391] [<c0b24ff4>] (schedule) from [<c0b27860>] (schedule_timeout+0x11c/0x1a8)
[  140.740722] [<c0b27860>] (schedule_timeout) from [<c03b4d10>] (watchdog+0xb4/0x33c)
[  140.748931] [<c03b4d10>] (watchdog) from [<c035beac>] (kthread+0xdc/0xf4)
[  140.756256] [<c035beac>] (kthread) from [<c0307db8>] (ret_from_fork+0x14/0x3c)
[  140.763946] kworker/0:1     S c0b24c08     0    13      2 0x00000000
[  140.770874] [<c0b24c08>] (__schedule) from [<c0b24ff4>] (schedule+0x44/0x9c)
[  140.778442] [<c0b24ff4>] (schedule) from [<c0356ca0>] (worker_thread+0xd8/0x518)
[  140.786376] [<c0356ca0>] (worker_thread) from [<c035beac>] (kthread+0xdc/0xf4)
[  140.794158] [<c035beac>] (kthread) from [<c0307db8>] (ret_from_fork+0x14/0x3c)
[  140.801849] oom_reaper      S c0b24c08     0    14      2 0x00000000
[  140.808746] [<c0b24c08>] (__schedule) from [<c0b24ff4>] (schedule+0x44/0x9c)
[  140.816345] [<c0b24ff4>] (schedule) from [<c03ca860>] (oom_reaper+0xf0/0x1a0)
[  140.824005] [<c03ca860>] (oom_reaper) from [<c035beac>] (kthread+0xdc/0xf4)
[  140.831481] [<c035beac>] (kthread) from [<c0307db8>] (ret_from_fork+0x14/0x3c)
[  140.839202] writeback       S c0b24c08     0    15      2 0x00000000
[  140.846130] [<c0b24c08>] (__schedule) from [<c0b24ff4>] (schedule+0x44/0x9c)
[  140.853698] [<c0b24ff4>] (schedule) from [<c03573dc>] (rescuer_thread+0x2fc/0x364)
[  140.861846] [<c03573dc>] (rescuer_thread) from [<c035beac>] (kthread+0xdc/0xf4)
[  140.869659] [<c035beac>] (kthread) from [<c0307db8>] (ret_from_fork+0x14/0x3c)
[  140.877380] crypto          S c0b24c08     0    16      2 0x00000000
[  140.884307] [<c0b24c08>] (__schedule) from [<c0b24ff4>] (schedule+0x44/0x9c)
[  140.891876] [<c0b24ff4>] (schedule) from [<c03573dc>] (rescuer_thread+0x2fc/0x364)
[  140.899993] [<c03573dc>] (rescuer_thread) from [<c035beac>] (kthread+0xdc/0xf4)
[  140.907867] [<c035beac>] (kthread) from [<c0307db8>] (ret_from_fork+0x14/0x3c)
[  140.915588] bioset          S c0b24c08     0    17      2 0x00000000
[  140.922485] [<c0b24c08>] (__schedule) from [<c0b24ff4>] (schedule+0x44/0x9c)
[  140.930053] [<c0b24ff4>] (schedule) from [<c03573dc>] (rescuer_thread+0x2fc/0x364)
[  140.938171] [<c03573dc>] (rescuer_thread) from [<c035beac>] (kthread+0xdc/0xf4)
[  140.946014] [<c035beac>] (kthread) from [<c0307db8>] (ret_from_fork+0x14/0x3c)
[  140.953765] kblockd         S c0b24c08     0    18      2 0x00000000
[  140.960662] [<c0b24c08>] (__schedule) from [<c0b24ff4>] (schedule+0x44/0x9c)
[  140.968231] [<c0b24ff4>] (schedule) from [<c03573dc>] (rescuer_thread+0x2fc/0x364)
[  140.976348] [<c03573dc>] (rescuer_thread) from [<c035beac>] (kthread+0xdc/0xf4)
[  140.984222] [<c035beac>] (kthread) from [<c0307db8>] (ret_from_fork+0x14/0x3c)
[  140.991943] ata_sff         S c0b24c08     0    19      2 0x00000000
[  140.998840] [<c0b24c08>] (__schedule) from [<c0b24ff4>] (schedule+0x44/0x9c)
[  141.006408] [<c0b24ff4>] (schedule) from [<c03573dc>] (rescuer_thread+0x2fc/0x364)
[  141.014526] [<c03573dc>] (rescuer_thread) from [<c035beac>] (kthread+0xdc/0xf4)
[  141.022399] [<c035beac>] (kthread) from [<c0307db8>] (ret_from_fork+0x14/0x3c)
[  141.030090] irq/72-48070000 S c0b24c08     0    20      2 0x00000000
[  141.036987] [<c0b24c08>] (__schedule) from [<c0b24ff4>] (schedule+0x44/0x9c)
[  141.044555] [<c0b24ff4>] (schedule) from [<c0384eb8>] (irq_thread+0xb8/0x1ec)
[  141.052215] [<c0384eb8>] (irq_thread) from [<c035beac>] (kthread+0xdc/0xf4)
[  141.059692] [<c035beac>] (kthread) from [<c0307db8>] (ret_from_fork+0x14/0x3c)
[  141.067413] irq/73-48072000 S c0b24c08     0    21      2 0x00000000
[  141.074310] [<c0b24c08>] (__schedule) from [<c0b24ff4>] (schedule+0x44/0x9c)
[  141.081878] [<c0b24ff4>] (schedule) from [<c0384eb8>] (irq_thread+0xb8/0x1ec)
[  141.089569] [<c0384eb8>] (irq_thread) from [<c035beac>] (kthread+0xdc/0xf4)
[  141.097045] [<c035beac>] (kthread) from [<c0307db8>] (ret_from_fork+0x14/0x3c)
[  141.104766] irq/77-48060000 S c0b24c08     0    22      2 0x00000000
[  141.111663] [<c0b24c08>] (__schedule) from [<c0b24ff4>] (schedule+0x44/0x9c)
[  141.119232] [<c0b24ff4>] (schedule) from [<c0384eb8>] (irq_thread+0xb8/0x1ec)
[  141.126892] [<c0384eb8>] (irq_thread) from [<c035beac>] (kthread+0xdc/0xf4)
[  141.134368] [<c035beac>] (kthread) from [<c0307db8>] (ret_from_fork+0x14/0x3c)
[  141.142059] edac-poller     S c0b24c08     0    23      2 0x00000000
[  141.148986] [<c0b24c08>] (__schedule) from [<c0b24ff4>] (schedule+0x44/0x9c)
[  141.156555] [<c0b24ff4>] (schedule) from [<c03573dc>] (rescuer_thread+0x2fc/0x364)
[  141.164703] [<c03573dc>] (rescuer_thread) from [<c035beac>] (kthread+0xdc/0xf4)
[  141.172576] [<c035beac>] (kthread) from [<c0307db8>] (ret_from_fork+0x14/0x3c)
[  141.180297] devfreq_wq      S c0b24c08     0    24      2 0x00000000
[  141.187194] [<c0b24c08>] (__schedule) from [<c0b24ff4>] (schedule+0x44/0x9c)
[  141.194763] [<c0b24ff4>] (schedule) from [<c03573dc>] (rescuer_thread+0x2fc/0x364)
[  141.202880] [<c03573dc>] (rescuer_thread) from [<c035beac>] (kthread+0xdc/0xf4)
[  141.210754] [<c035beac>] (kthread) from [<c0307db8>] (ret_from_fork+0x14/0x3c)
[  141.218475] rpciod          S c0b24c08     0    25      2 0x00000000
[  141.225402] [<c0b24c08>] (__schedule) from [<c0b24ff4>] (schedule+0x44/0x9c)
[  141.232971] [<c0b24ff4>] (schedule) from [<c03573dc>] (rescuer_thread+0x2fc/0x364)
[  141.241088] [<c03573dc>] (rescuer_thread) from [<c035beac>] (kthread+0xdc/0xf4)
[  141.248931] [<c035beac>] (kthread) from [<c0307db8>] (ret_from_fork+0x14/0x3c)
[  141.256652] kswapd0         S c0b24c08     0    26      2 0x00000000
[  141.263549] [<c0b24c08>] (__schedule) from [<c0b24ff4>] (schedule+0x44/0x9c)
[  141.271118] [<c0b24ff4>] (schedule) from [<c03da9c0>] (kswapd+0x774/0x7a8)
[  141.278503] [<c03da9c0>] (kswapd) from [<c035beac>] (kthread+0xdc/0xf4)
[  141.285614] [<c035beac>] (kthread) from [<c0307db8>] (ret_from_fork+0x14/0x3c)
[  141.293334] vmstat          S c0b24c08     0    27      2 0x00000000
[  141.300292] [<c0b24c08>] (__schedule) from [<c0b24ff4>] (schedule+0x44/0x9c)
[  141.307830] [<c0b24ff4>] (schedule) from [<c03573dc>] (rescuer_thread+0x2fc/0x364)
[  141.315979] [<c03573dc>] (rescuer_thread) from [<c035beac>] (kthread+0xdc/0xf4)
[  141.323822] [<c035beac>] (kthread) from [<c0307db8>] (ret_from_fork+0x14/0x3c)
[  141.331542] kcompactd0      S c0b24c08     0    28      2 0x00000000
[  141.338439] [<c0b24c08>] (__schedule) from [<c0b24ff4>] (schedule+0x44/0x9c)
[  141.346008] [<c0b24ff4>] (schedule) from [<c03e6d00>] (kcompactd+0x1d0/0x2e8)
[  141.353698] [<c03e6d00>] (kcompactd) from [<c035beac>] (kthread+0xdc/0xf4)
[  141.361083] [<c035beac>] (kthread) from [<c0307db8>] (ret_from_fork+0x14/0x3c)
[  141.368804] nfsiod          S c0b24c08     0    29      2 0x00000000
[  141.375701] [<c0b24c08>] (__schedule) from [<c0b24ff4>] (schedule+0x44/0x9c)
[  141.383270] [<c0b24ff4>] (schedule) from [<c03573dc>] (rescuer_thread+0x2fc/0x364)
[  141.391387] [<c03573dc>] (rescuer_thread) from [<c035beac>] (kthread+0xdc/0xf4)
[  141.399261] [<c035beac>] (kthread) from [<c0307db8>] (ret_from_fork+0x14/0x3c)
[  141.406951] bioset          S c0b24c08     0    38      2 0x00000000
[  141.413879] [<c0b24c08>] (__schedule) from [<c0b24ff4>] (schedule+0x44/0x9c)
[  141.421478] [<c0b24ff4>] (schedule) from [<c03573dc>] (rescuer_thread+0x2fc/0x364)
[  141.429595] [<c03573dc>] (rescuer_thread) from [<c035beac>] (kthread+0xdc/0xf4)
[  141.437469] [<c035beac>] (kthread) from [<c0307db8>] (ret_from_fork+0x14/0x3c)
[  141.445159] bioset          S c0b24c08     0    39      2 0x00000000
[  141.452087] [<c0b24c08>] (__schedule) from [<c0b24ff4>] (schedule+0x44/0x9c)
[  141.459686] [<c0b24ff4>] (schedule) from [<c03573dc>] (rescuer_thread+0x2fc/0x364)
[  141.467803] [<c03573dc>] (rescuer_thread) from [<c035beac>] (kthread+0xdc/0xf4)
[  141.475677] [<c035beac>] (kthread) from [<c0307db8>] (ret_from_fork+0x14/0x3c)
[  141.483398] bioset          S c0b24c08     0    40      2 0x00000000
[  141.490325] [<c0b24c08>] (__schedule) from [<c0b24ff4>] (schedule+0x44/0x9c)
[  141.497894] [<c0b24ff4>] (schedule) from [<c03573dc>] (rescuer_thread+0x2fc/0x364)
[  141.506011] [<c03573dc>] (rescuer_thread) from [<c035beac>] (kthread+0xdc/0xf4)
[  141.513885] [<c035beac>] (kthread) from [<c0307db8>] (ret_from_fork+0x14/0x3c)
[  141.521575] bioset          S c0b24c08     0    41      2 0x00000000
[  141.528503] [<c0b24c08>] (__schedule) from [<c0b24ff4>] (schedule+0x44/0x9c)
[  141.536071] [<c0b24ff4>] (schedule) from [<c03573dc>] (rescuer_thread+0x2fc/0x364)
[  141.544219] [<c03573dc>] (rescuer_thread) from [<c035beac>] (kthread+0xdc/0xf4)
[  141.552093] [<c035beac>] (kthread) from [<c0307db8>] (ret_from_fork+0x14/0x3c)
[  141.559783] bioset          S c0b24c08     0    42      2 0x00000000
[  141.566680] [<c0b24c08>] (__schedule) from [<c0b24ff4>] (schedule+0x44/0x9c)
[  141.574249] [<c0b24ff4>] (schedule) from [<c03573dc>] (rescuer_thread+0x2fc/0x364)
[  141.582366] [<c03573dc>] (rescuer_thread) from [<c035beac>] (kthread+0xdc/0xf4)
[  141.590209] [<c035beac>] (kthread) from [<c0307db8>] (ret_from_fork+0x14/0x3c)
[  141.597930] bioset          S c0b24c08     0    43      2 0x00000000
[  141.604858] [<c0b24c08>] (__schedule) from [<c0b24ff4>] (schedule+0x44/0x9c)
[  141.612457] [<c0b24ff4>] (schedule) from [<c03573dc>] (rescuer_thread+0x2fc/0x364)
[  141.620574] [<c03573dc>] (rescuer_thread) from [<c035beac>] (kthread+0xdc/0xf4)
[  141.628448] [<c035beac>] (kthread) from [<c0307db8>] (ret_from_fork+0x14/0x3c)
[  141.636169] bioset          S c0b24c08     0    44      2 0x00000000
[  141.643096] [<c0b24c08>] (__schedule) from [<c0b24ff4>] (schedule+0x44/0x9c)
[  141.650665] [<c0b24ff4>] (schedule) from [<c03573dc>] (rescuer_thread+0x2fc/0x364)
[  141.658813] [<c03573dc>] (rescuer_thread) from [<c035beac>] (kthread+0xdc/0xf4)
[  141.666656] [<c035beac>] (kthread) from [<c0307db8>] (ret_from_fork+0x14/0x3c)
[  141.674377] bioset          S c0b24c08     0    45      2 0x00000000
[  141.681304] [<c0b24c08>] (__schedule) from [<c0b24ff4>] (schedule+0x44/0x9c)
[  141.688842] [<c0b24ff4>] (schedule) from [<c03573dc>] (rescuer_thread+0x2fc/0x364)
[  141.696960] [<c03573dc>] (rescuer_thread) from [<c035beac>] (kthread+0xdc/0xf4)
[  141.704803] [<c035beac>] (kthread) from [<c0307db8>] (ret_from_fork+0x14/0x3c)
[  141.712524] bioset          S c0b24c08     0    46      2 0x00000000
[  141.719451] [<c0b24c08>] (__schedule) from [<c0b24ff4>] (schedule+0x44/0x9c)
[  141.727020] [<c0b24ff4>] (schedule) from [<c03573dc>] (rescuer_thread+0x2fc/0x364)
[  141.735137] [<c03573dc>] (rescuer_thread) from [<c035beac>] (kthread+0xdc/0xf4)
[  141.742980] [<c035beac>] (kthread) from [<c0307db8>] (ret_from_fork+0x14/0x3c)
[  141.750701] bioset          S c0b24c08     0    47      2 0x00000000
[  141.757629] [<c0b24c08>] (__schedule) from [<c0b24ff4>] (schedule+0x44/0x9c)
[  141.765197] [<c0b24ff4>] (schedule) from [<c03573dc>] (rescuer_thread+0x2fc/0x364)
[  141.773315] [<c03573dc>] (rescuer_thread) from [<c035beac>] (kthread+0xdc/0xf4)
[  141.781158] [<c035beac>] (kthread) from [<c0307db8>] (ret_from_fork+0x14/0x3c)
[  141.788879] bioset          S c0b24c08     0    48      2 0x00000000
[  141.795776] [<c0b24c08>] (__schedule) from [<c0b24ff4>] (schedule+0x44/0x9c)
[  141.803344] [<c0b24ff4>] (schedule) from [<c03573dc>] (rescuer_thread+0x2fc/0x364)
[  141.811492] [<c03573dc>] (rescuer_thread) from [<c035beac>] (kthread+0xdc/0xf4)
[  141.819335] [<c035beac>] (kthread) from [<c0307db8>] (ret_from_fork+0x14/0x3c)
[  141.827056] bioset          S c0b24c08     0    49      2 0x00000000
[  141.833984] [<c0b24c08>] (__schedule) from [<c0b24ff4>] (schedule+0x44/0x9c)
[  141.841552] [<c0b24ff4>] (schedule) from [<c03573dc>] (rescuer_thread+0x2fc/0x364)
[  141.849700] [<c03573dc>] (rescuer_thread) from [<c035beac>] (kthread+0xdc/0xf4)
[  141.857543] [<c035beac>] (kthread) from [<c0307db8>] (ret_from_fork+0x14/0x3c)
[  141.865264] bioset          S c0b24c08     0    50      2 0x00000000
[  141.872222] [<c0b24c08>] (__schedule) from [<c0b24ff4>] (schedule+0x44/0x9c)
[  141.879791] [<c0b24ff4>] (schedule) from [<c03573dc>] (rescuer_thread+0x2fc/0x364)
[  141.887908] [<c03573dc>] (rescuer_thread) from [<c035beac>] (kthread+0xdc/0xf4)
[  141.895782] [<c035beac>] (kthread) from [<c0307db8>] (ret_from_fork+0x14/0x3c)
[  141.903503] bioset          S c0b24c08     0    51      2 0x00000000
[  141.910430] [<c0b24c08>] (__schedule) from [<c0b24ff4>] (schedule+0x44/0x9c)
[  141.917999] [<c0b24ff4>] (schedule) from [<c03573dc>] (rescuer_thread+0x2fc/0x364)
[  141.926116] [<c03573dc>] (rescuer_thread) from [<c035beac>] (kthread+0xdc/0xf4)
[  141.933959] [<c035beac>] (kthread) from [<c0307db8>] (ret_from_fork+0x14/0x3c)
[  141.941680] bioset          S c0b24c08     0    52      2 0x00000000
[  141.948577] [<c0b24c08>] (__schedule) from [<c0b24ff4>] (schedule+0x44/0x9c)
[  141.956146] [<c0b24ff4>] (schedule) from [<c03573dc>] (rescuer_thread+0x2fc/0x364)
[  141.964294] [<c03573dc>] (rescuer_thread) from [<c035beac>] (kthread+0xdc/0xf4)
[  141.972137] [<c035beac>] (kthread) from [<c0307db8>] (ret_from_fork+0x14/0x3c)
[  141.979858] bioset          S c0b24c08     0    53      2 0x00000000
[  141.986755] [<c0b24c08>] (__schedule) from [<c0b24ff4>] (schedule+0x44/0x9c)
[  141.994323] [<c0b24ff4>] (schedule) from [<c03573dc>] (rescuer_thread+0x2fc/0x364)
[  142.002471] [<c03573dc>] (rescuer_thread) from [<c035beac>] (kthread+0xdc/0xf4)
[  142.010345] [<c035beac>] (kthread) from [<c0307db8>] (ret_from_fork+0x14/0x3c)
[  142.018035] bioset          S c0b24c08     0    54      2 0x00000000
[  142.024963] [<c0b24c08>] (__schedule) from [<c0b24ff4>] (schedule+0x44/0x9c)
[  142.032531] [<c0b24ff4>] (schedule) from [<c03573dc>] (rescuer_thread+0x2fc/0x364)
[  142.040679] [<c03573dc>] (rescuer_thread) from [<c035beac>] (kthread+0xdc/0xf4)
[  142.048522] [<c035beac>] (kthread) from [<c0307db8>] (ret_from_fork+0x14/0x3c)
[  142.056213] bioset          S c0b24c08     0    55      2 0x00000000
[  142.063171] [<c0b24c08>] (__schedule) from [<c0b24ff4>] (schedule+0x44/0x9c)
[  142.070709] [<c0b24ff4>] (schedule) from [<c03573dc>] (rescuer_thread+0x2fc/0x364)
[  142.078857] [<c03573dc>] (rescuer_thread) from [<c035beac>] (kthread+0xdc/0xf4)
[  142.086730] [<c035beac>] (kthread) from [<c0307db8>] (ret_from_fork+0x14/0x3c)
[  142.094451] bioset          S c0b24c08     0    56      2 0x00000000
[  142.101379] [<c0b24c08>] (__schedule) from [<c0b24ff4>] (schedule+0x44/0x9c)
[  142.108917] [<c0b24ff4>] (schedule) from [<c03573dc>] (rescuer_thread+0x2fc/0x364)
[  142.117065] [<c03573dc>] (rescuer_thread) from [<c035beac>] (kthread+0xdc/0xf4)
[  142.124938] [<c035beac>] (kthread) from [<c0307db8>] (ret_from_fork+0x14/0x3c)
[  142.132659] bioset          S c0b24c08     0    57      2 0x00000000
[  142.139587] [<c0b24c08>] (__schedule) from [<c0b24ff4>] (schedule+0x44/0x9c)
[  142.147155] [<c0b24ff4>] (schedule) from [<c03573dc>] (rescuer_thread+0x2fc/0x364)
[  142.155273] [<c03573dc>] (rescuer_thread) from [<c035beac>] (kthread+0xdc/0xf4)
[  142.163116] [<c035beac>] (kthread) from [<c0307db8>] (ret_from_fork+0x14/0x3c)
[  142.170837] bioset          S c0b24c08     0    58      2 0x00000000
[  142.177764] [<c0b24c08>] (__schedule) from [<c0b24ff4>] (schedule+0x44/0x9c)
[  142.185333] [<c0b24ff4>] (schedule) from [<c03573dc>] (rescuer_thread+0x2fc/0x364)
[  142.193450] [<c03573dc>] (rescuer_thread) from [<c035beac>] (kthread+0xdc/0xf4)
[  142.201293] [<c035beac>] (kthread) from [<c0307db8>] (ret_from_fork+0x14/0x3c)
[  142.209014] bioset          S c0b24c08     0    59      2 0x00000000
[  142.215942] [<c0b24c08>] (__schedule) from [<c0b24ff4>] (schedule+0x44/0x9c)
[  142.223541] [<c0b24ff4>] (schedule) from [<c03573dc>] (rescuer_thread+0x2fc/0x364)
[  142.231658] [<c03573dc>] (rescuer_thread) from [<c035beac>] (kthread+0xdc/0xf4)
[  142.239532] [<c035beac>] (kthread) from [<c0307db8>] (ret_from_fork+0x14/0x3c)
[  142.247222] bioset          S c0b24c08     0    60      2 0x00000000
[  142.254150] [<c0b24c08>] (__schedule) from [<c0b24ff4>] (schedule+0x44/0x9c)
[  142.261718] [<c0b24ff4>] (schedule) from [<c03573dc>] (rescuer_thread+0x2fc/0x364)
[  142.269866] [<c03573dc>] (rescuer_thread) from [<c035beac>] (kthread+0xdc/0xf4)
[  142.277709] [<c035beac>] (kthread) from [<c0307db8>] (ret_from_fork+0x14/0x3c)
[  142.285400] bioset          S c0b24c08     0    61      2 0x00000000
[  142.292327] [<c0b24c08>] (__schedule) from [<c0b24ff4>] (schedule+0x44/0x9c)
[  142.299896] [<c0b24ff4>] (schedule) from [<c03573dc>] (rescuer_thread+0x2fc/0x364)
[  142.308044] [<c03573dc>] (rescuer_thread) from [<c035beac>] (kthread+0xdc/0xf4)
[  142.315887] [<c035beac>] (kthread) from [<c0307db8>] (ret_from_fork+0x14/0x3c)
[  142.323608] irq/23-TWL4030- S c0b24c08     0    62      2 0x00000000
[  142.330474] [<c0b24c08>] (__schedule) from [<c0b24ff4>] (schedule+0x44/0x9c)
[  142.338073] [<c0b24ff4>] (schedule) from [<c0384eb8>] (irq_thread+0xb8/0x1ec)
[  142.345733] [<c0384eb8>] (irq_thread) from [<c035beac>] (kthread+0xdc/0xf4)
[  142.353210] [<c035beac>] (kthread) from [<c0307db8>] (ret_from_fork+0x14/0x3c)
[  142.360931] spi1            S c0b24c08     0    63      2 0x00000000
[  142.367828] [<c0b24c08>] (__schedule) from [<c0b24ff4>] (schedule+0x44/0x9c)
[  142.375396] [<c0b24ff4>] (schedule) from [<c035bfd0>] (kthread_worker_fn+0x10c/0x19c)
[  142.383819] [<c035bfd0>] (kthread_worker_fn) from [<c035beac>] (kthread+0xdc/0xf4)
[  142.391967] [<c035beac>] (kthread) from [<c0307db8>] (ret_from_fork+0x14/0x3c)
[  142.399658] spi2            S c0b24c08     0    64      2 0x00000000
[  142.406555] [<c0b24c08>] (__schedule) from [<c0b24ff4>] (schedule+0x44/0x9c)
[  142.414123] [<c0b24ff4>] (schedule) from [<c035bfd0>] (kthread_worker_fn+0x10c/0x19c)
[  142.422546] [<c035bfd0>] (kthread_worker_fn) from [<c035beac>] (kthread+0xdc/0xf4)
[  142.430664] [<c035beac>] (kthread) from [<c0307db8>] (ret_from_fork+0x14/0x3c)
[  142.438385] spi3            S c0b24c08     0    65      2 0x00000000
[  142.445281] [<c0b24c08>] (__schedule) from [<c0b24ff4>] (schedule+0x44/0x9c)
[  142.452880] [<c0b24ff4>] (schedule) from [<c035bfd0>] (kthread_worker_fn+0x10c/0x19c)
[  142.461273] [<c035bfd0>] (kthread_worker_fn) from [<c035beac>] (kthread+0xdc/0xf4)
[  142.469421] [<c035beac>] (kthread) from [<c0307db8>] (ret_from_fork+0x14/0x3c)
[  142.477111] spi4            S c0b24c08     0    66      2 0x00000000
[  142.484008] [<c0b24c08>] (__schedule) from [<c0b24ff4>] (schedule+0x44/0x9c)
[  142.491607] [<c0b24ff4>] (schedule) from [<c035bfd0>] (kthread_worker_fn+0x10c/0x19c)
[  142.499999] [<c035bfd0>] (kthread_worker_fn) from [<c035beac>] (kthread+0xdc/0xf4)
[  142.508148] [<c035beac>] (kthread) from [<c0307db8>] (ret_from_fork+0x14/0x3c)
[  142.515838] kworker/u2:1    S c0b24c08     0    67      2 0x00000000
[  142.522735] [<c0b24c08>] (__schedule) from [<c0b24ff4>] (schedule+0x44/0x9c)
[  142.530303] [<c0b24ff4>] (schedule) from [<c0356ca0>] (worker_thread+0xd8/0x518)
[  142.538269] [<c0356ca0>] (worker_thread) from [<c035beac>] (kthread+0xdc/0xf4)
[  142.546020] [<c035beac>] (kthread) from [<c0307db8>] (ret_from_fork+0x14/0x3c)
[  142.553741] kpsmoused       S c0b24c08     0    69      2 0x00000000
[  142.560668] [<c0b24c08>] (__schedule) from [<c0b24ff4>] (schedule+0x44/0x9c)
[  142.568237] [<c0b24ff4>] (schedule) from [<c03573dc>] (rescuer_thread+0x2fc/0x364)
[  142.576354] [<c03573dc>] (rescuer_thread) from [<c035beac>] (kthread+0xdc/0xf4)
[  142.584228] [<c035beac>] (kthread) from [<c0307db8>] (ret_from_fork+0x14/0x3c)
[  142.591949] ipv6_addrconf   S c0b24c08     0    70      2 0x00000000
[  142.598876] [<c0b24c08>] (__schedule) from [<c0b24ff4>] (schedule+0x44/0x9c)
[  142.606445] [<c0b24ff4>] (schedule) from [<c03573dc>] (rescuer_thread+0x2fc/0x364)
[  142.614562] [<c03573dc>] (rescuer_thread) from [<c035beac>] (kthread+0xdc/0xf4)
[  142.622436] [<c035beac>] (kthread) from [<c0307db8>] (ret_from_fork+0x14/0x3c)
[  142.630157] kworker/0:2     S c0b24c08     0    71      2 0x00000000
[  142.637084] [<c0b24c08>] (__schedule) from [<c0b24ff4>] (schedule+0x44/0x9c)
[  142.644653] [<c0b24ff4>] (schedule) from [<c0356ca0>] (worker_thread+0xd8/0x518)
[  142.652587] [<c0356ca0>] (worker_thread) from [<c035beac>] (kthread+0xdc/0xf4)
[  142.660339] [<c035beac>] (kthread) from [<c0307db8>] (ret_from_fork+0x14/0x3c)
[  142.668029] deferwq         S c0b24c08     0    72      2 0x00000000
[  142.674957] [<c0b24c08>] (__schedule) from [<c0b24ff4>] (schedule+0x44/0x9c)
[  142.682556] [<c0b24ff4>] (schedule) from [<c03573dc>] (rescuer_thread+0x2fc/0x364)
[  142.690673] [<c03573dc>] (rescuer_thread) from [<c035beac>] (kthread+0xdc/0xf4)
[  142.698516] [<c035beac>] (kthread) from [<c0307db8>] (ret_from_fork+0x14/0x3c)
[  142.706237] irq/338-4902000 S c0b24c08     0    73      2 0x00000000
[  142.713134] [<c0b24c08>] (__schedule) from [<c0b24ff4>] (schedule+0x44/0x9c)
[  142.720703] [<c0b24ff4>] (schedule) from [<c0384eb8>] (irq_thread+0xb8/0x1ec)
[  142.728393] [<c0384eb8>] (irq_thread) from [<c035beac>] (kthread+0xdc/0xf4)
[  142.735870] [<c035beac>] (kthread) from [<c0307db8>] (ret_from_fork+0x14/0x3c)
[  142.743621] Sched Debug Version: v0.11, 4.5.0-rc4-next-20160216-00002-g8be258e2b77c #1
[  142.752075] ktime                                   : 142749.438476
[  142.758758] sched_clk                               : 142743.591308
[  142.765472] cpu_clk                                 : 142743.591308
[  142.772155] jiffies                                 : 4294935351
[  142.778533] 
[  142.780151] sysctl_sched
[  142.782897]   .sysctl_sched_latency                    : 6.000000
[  142.789428]   .sysctl_sched_min_granularity            : 0.750000
[  142.795928]   .sysctl_sched_wakeup_granularity         : 1.000000
[  142.802429]   .sysctl_sched_child_runs_first           : 0
[  142.808288]   .sysctl_sched_features                   : 44859
[  142.814514]   .sysctl_sched_tunable_scaling            : 1 (logaritmic)
[  142.821563] 
[  142.823181] cpu#0
[  142.825256]   .nr_running                    : 0
[  142.830200]   .load                          : 0
[  142.835144]   .nr_switches                   : 9328
[  142.840362]   .nr_load_updates               : 2821
[  142.845581]   .nr_uninterruptible            : 1
[  142.850524]   .next_balance                  : 4294.907296
[  142.856384]   .curr->pid                     : 0
[  142.861328]   .clock                         : 140254.791259
[  142.867370]   .clock_task                    : 140254.791259
[  142.873413]   .cpu_load[0]                   : 8
[  142.878356]   .cpu_load[1]                   : 4
[  142.883300]   .cpu_load[2]                   : 2
[  142.888214]   .cpu_load[3]                   : 1
[  142.893157]   .cpu_load[4]                   : 1
[  142.898071] 
[  142.898071] cfs_rq[0]:
[  142.902191]   .exec_clock                    : 0.000000
[  142.907806]   .MIN_vruntime                  : 0.000001
[  142.913391]   .min_vruntime                  : 2648.460256
[  142.919281]   .max_vruntime                  : 0.000001
[  142.924865]   .spread                        : 0.000000
[  142.930450]   .spread0                       : 0.000000
[  142.936035]   .nr_spread_over                : 0
[  142.940948]   .nr_running                    : 0
[  142.945892]   .load                          : 0
[  142.950805]   .load_avg                      : 8
[  142.955749]   .runnable_load_avg             : 7
[  142.960662]   .util_avg                      : 8
[  142.965606]   .removed_load_avg              : 0
[  142.970550]   .removed_util_avg              : 0
[  142.975494] 
[  142.975494] rt_rq[0]:
[  142.979492]   .rt_nr_running                 : 0
[  142.984436]   .rt_throttled                  : 0
[  142.989379]   .rt_time                       : 0.244141
[  142.994995]   .rt_runtime                    : 950.000000
[  143.000762] 
[  143.000762] dl_rq[0]:
[  143.004760]   .dl_nr_running                 : 0
[  143.009735] 
[  143.009735] runnable tasks:
[  143.009735]             task   PID         tree-key  switches  prio     wait-time             sum-exec        sum-sleep
[  143.009735] ----------------------------------------------------------------------------------------------------------
[  143.037078]        swapper/0     1      2648.460256      2982   120         0.000000      2587.402340         0.000000
[  143.048583]         kthreadd     2      2184.217594        70   120         0.000000         6.256101         0.000000
[  143.060089]      ksoftirqd/0     3      2111.066958        41   120         0.000000         1.190185         0.000000
[  143.071594]      kworker/0:0     4      1829.748347        10   120         0.000000         0.396728         0.000000
[  143.083068]     kworker/0:0H     5       299.156012         4   100         0.000000         0.030518         0.000000
[  143.094512]     kworker/u2:0     6      2644.575246        15   120         0.000000         0.732422         0.000000
[  143.105987]        rcu_sched     7      2216.291566        65   120         0.000000        10.437012         0.000000
[  143.117462]           rcu_bh     8        16.718028         2   120         0.000000         0.000000         0.000000
[  143.128936]      migration/0     9        18.187509         4     0         0.000000         0.091552         0.000000
[  143.140441]       watchdog/0    10         0.000000        38     0         0.000000         8.331311         0.000000
[  143.151916]        kdevtmpfs    11      1989.925839       643   120         0.000000        36.560058         0.000000
[  143.163391]       khungtaskd    12      2578.169000         3   120         0.000000         0.366211         0.000000
[  143.174865]      kworker/0:1    13      2644.910939      1120   120         0.000000       208.526597         0.000000
[  143.186340]       oom_reaper    14       244.848888         2   120         0.000000         0.000000         0.000000
[  143.197845]        writeback    15       250.909922         2   100         0.000000         0.061036         0.000000
[  143.209320]           crypto    16       252.909920         2   100         0.000000         0.030517         0.000000
[  143.220794]           bioset    17       252.910273         2   100         0.000000         0.030517         0.000000
[  143.232299]          kblockd    18       254.910271         2   100         0.000000         0.030518         0.000000
[  143.243774]          ata_sff    19       276.744499         2   100         0.000000         0.030518         0.000000
[  143.255279]  irq/72-48070000    20       276.751228       998    49         0.000000        53.802498         0.000000
[  143.266754]  irq/73-48072000    21         0.000000         2    49         0.000000         0.030517         0.000000
[  143.278228]  irq/77-48060000    22       283.772464         2    49         0.000000         0.030517         0.000000
[  143.289703]      edac-poller    23       283.772464         2   100         0.000000         0.000000         0.000000
[  143.301177]       devfreq_wq    24       285.387702         2   100         0.000000         0.030518         0.000000
[  143.312652]           rpciod    25       305.186880         2   100         0.000000         0.061035         0.000000
[  143.324157]          kswapd0    26       409.718502         3   120         0.000000         0.061035         0.000000
[  143.335632]           vmstat    27       318.583744         2   100         0.000000         0.000000         0.000000
[  143.347106]       kcompactd0    28       317.827887         2   120         0.000000         0.061036         0.000000
[  143.358581]           nfsiod    29       337.333502         2   100         0.000000         0.061036         0.000000
[  143.370086]           bioset    38      1262.734233         2   100         0.000000         0.030517         0.000000
[  143.381561]           bioset    39      1261.947505         2   100         0.000000         0.061035         0.000000
[  143.393035]           bioset    40      1263.447503         2   100         0.000000         0.030518         0.000000
[  143.404510]           bioset    41      1264.734232         2   100         0.000000         0.000000         0.000000
[  143.415985]           bioset    42      1265.478372         2   100         0.000000         0.061035         0.000000
[  143.427490]           bioset    43      1267.478019         2   100         0.000000         0.000000         0.000000
[  143.438995]           bioset    44      1267.509240         2   100         0.000000         0.061035         0.000000
[  143.450500]           bioset    45      1269.539405         2   100         0.000000         0.030518         0.000000
[  143.461975]           bioset    46      1269.509239         2   100         0.000000         0.000000         0.000000
[  143.473449]           bioset    47      1271.540108         2   100         0.000000         0.061035         0.000000
[  143.484954]           bioset    48      1273.570273         2   100         0.000000         0.030518         0.000000
[  143.496429]           bioset    49      1273.540107         2   100         0.000000         0.000000         0.000000
[  143.507873]           bioset    50      1275.601141         2   100         0.000000         0.061035         0.000000
[  143.519348]           bioset    51      1277.601140         2   100         0.000000         0.030518         0.000000
[  143.530822]           bioset    52      1277.601140         2   100         0.000000         0.000000         0.000000
[  143.542327]           bioset    53      1279.631657         2   100         0.000000         0.030518         0.000000
[  143.553802]           bioset    54      1303.313297         2   100         0.000000         0.030517         0.000000
[  143.565277]           bioset    55      1305.343814         2   100         0.000000         0.030518         0.000000
[  143.576751]           bioset    56      1306.874681         2   100         0.000000         0.061035         0.000000
[  143.588226]           bioset    57      1308.874328         2   100         0.000000         0.000000         0.000000
[  143.599700]           bioset    58      1308.874680         2   100         0.000000         0.000000         0.000000
[  143.611175]           bioset    59      1310.904844         2   100         0.000000         0.030517         0.000000
[  143.622680]           bioset    60      1312.904843         2   100         0.000000         0.000000         0.000000
[  143.634155]           bioset    61      1312.935361         2   100         0.000000         0.030518         0.000000
[  143.645629]  irq/23-TWL4030-    62         0.000000         2    49         0.000000         0.061035         0.000000
[  143.657104]             spi1    63      1398.368222         2   120         0.000000         0.030517         0.000000
[  143.668579]             spi2    64      1399.868220         2   120         0.000000         0.000000         0.000000
[  143.680084]             spi3    65      1400.398739         2   120         0.000000         0.030518         0.000000
[  143.691558]             spi4    66      1401.398735         2   120         0.000000         0.030517         0.000000
[  143.703063]     kworker/u2:1    67      1442.466120         2   120         0.000000         0.030517         0.000000
[  143.714569]        kpsmoused    69      1744.911676         2   100         0.000000         0.030518         0.000000
[  143.726043]    ipv6_addrconf    70      1832.779218         3   100         0.000000         0.183105         0.000000
[  143.737548]      kworker/0:2    71      2092.439271        32   120         0.000000         5.249022         0.000000
[  143.749023]          deferwq    72      1992.773252         2   100         0.000000         0.061036         0.000000
[  143.760498]  irq/338-4902000    73         0.000000         2    49         0.000000         0.457764         0.000000
[  143.771972] 
[  143.773590] Showing busy workqueues and worker pools:
- 00:48:12 [INFO] [  150.533905] sysrq: SysRq : Show backtrace of all active CPUs
[  150.540039] Sending NMI to all CPUs:
[  150.543914] NMI backtrace for cpu 0
[  150.547668] CPU: 0 PID: 0 Comm: swapper/0 Not tainted 4.5.0-rc4-next-20160216-00002-g8be258e2b77c #1
[  150.557403] Hardware name: Generic OMAP3 (Flattened Device Tree)
[  150.563964] [<c0310340>] (unwind_backtrace) from [<c030ba18>] (show_stack+0x10/0x14)
[  150.572326] [<c030ba18>] (show_stack) from [<c058a8e4>] (dump_stack+0x98/0xac)
[  150.580108] [<c058a8e4>] (dump_stack) from [<c058e140>] (nmi_cpu_backtrace+0x88/0x8c)
[  150.588531] [<c058e140>] (nmi_cpu_backtrace) from [<c030e1e8>] (raise_nmi+0x6c/0x70)
[  150.596832] [<c030e1e8>] (raise_nmi) from [<c058e0a4>] (nmi_trigger_all_cpu_backtrace+0xf4/0x108)
[  150.606353] [<c058e0a4>] (nmi_trigger_all_cpu_backtrace) from [<c06a3024>] (__handle_sysrq+0xa8/0x16c)
[  150.616333] [<c06a3024>] (__handle_sysrq) from [<c06d2b40>] (serial_omap_irq+0x384/0x3c4)
[  150.625122] [<c06d2b40>] (serial_omap_irq) from [<c0383c1c>] (handle_irq_event_percpu+0x88/0x140)
[  150.634643] [<c0383c1c>] (handle_irq_event_percpu) from [<c0383d18>] (handle_irq_event+0x44/0x68)
[  150.644165] [<c0383d18>] (handle_irq_event) from [<c0386d3c>] (handle_level_irq+0xa0/0x134)
[  150.653167] [<c0386d3c>] (handle_level_irq) from [<c0383300>] (generic_handle_irq+0x24/0x34)
[  150.662231] [<c0383300>] (generic_handle_irq) from [<c03835b0>] (__handle_domain_irq+0x5c/0xb4)
[  150.671569] [<c03835b0>] (__handle_domain_irq) from [<c030c554>] (__irq_svc+0x54/0x70)
[  150.680053] [<c030c554>] (__irq_svc) from [<c0377b88>] (cpu_startup_entry+0xc0/0x240)
[  150.688446] [<c0377b88>] (cpu_startup_entry) from [<c1100c9c>] (start_kernel+0x3cc/0x3d8)
[  150.697235] [<c1100c9c>] (start_kernel) from [<8020807c>] (0x8020807c)
[  150.704223] Unable to handle kernel NULL pointer dereference at virtual address 00000000
[  150.712860] pgd = c0204000
[  150.715759] [00000000] *pgd=00000000
[  150.719665] Internal error: Oops: 80000005 [#1] SMP ARM
[  150.725250] Modules linked in:
[  150.728576] CPU: 0 PID: 0 Comm: swapper/0 Not tainted 4.5.0-rc4-next-20160216-00002-g8be258e2b77c #1
[  150.738342] Hardware name: Generic OMAP3 (Flattened Device Tree)
[  150.744781] task: c1306a40 ti: c1300000 task.ti: c1300000
[  150.750549] PC is at 0x0
[  150.753326] LR is at nmi_trigger_all_cpu_backtrace+0xf4/0x108
[  150.759490] pc : [<00000000>]    lr : [<c058e0a4>]    psr: 60000193
[  150.759490] sp : c1301e90  ip : 00000000  fp : c1302504
[  150.771728] r10: 00000061  r9 : c300a480  r8 : 00000001
[  150.777313] r7 : c030e17c  r6 : 00000000  r5 : c13027fc  r4 : 00000001
[  150.784271] r3 : 00000000  r2 : 00000000  r1 : 00000007  r0 : c13027fc
[  150.791259] Flags: nZCv  IRQs off  FIQs on  Mode SVC_32  ISA ARM  Segment none
[  150.798980] Control: 10c5387d  Table: 80204019  DAC: 00000051
[  150.805114] Process swapper/0 (pid: 0, stack limit = 0xc1300220)
[  150.811553] Stack: (0xc1301e90 to 0xc1302000)
[  150.816253] 1e80:                                     c1336960 c13935d0 00000007 0000006c
[  150.825012] 1ea0: 00000001 c06a3024 c33e4410 00000101 00000002 00000005 c1302100 c06d2b40
[  150.833770] 1ec0: c14320a8 c1432010 c1302140 c360de00 c300a4e0 00000000 00000000 0000005a
[  150.842559] 1ee0: c300a480 c140754c c1302504 c0383c1c 00000000 0cdced64 c300a480 c300a4e0
[  150.851348] 1f00: 00000000 00000000 c3003000 c12075d8 c1301fa8 c0383d18 c300a480 c300a490
[  150.860107] 1f20: 00000000 c0386d3c c1206510 0000005a 00000000 c0383300 c1206510 c03835b0
[  150.868835] 1f40: c0377b88 20000013 ffffffff c1301f8c c12033ac c030c554 00000000 c7c8a3c8
[  150.877593] 1f60: 00000001 c7c8a3d4 c1300000 c13024a4 c1302400 ffffffff c12033ac c12075d8
[  150.886352] 1f80: c1301fa8 c1302504 00000001 c1301fa8 c038ea78 c0377b88 20000013 ffffffff
[  150.895111] 1fa0: 00000051 c0377b70 c130250c c140754a 00000000 ffffffff 00000000 c1100c9c
[  150.903900] 1fc0: ffffffff ffffffff 00000000 c110067c 00000000 c11a2a30 c140a5d4 c1302480
[  150.912658] 1fe0: c11a2a2c c1307c1c 80204059 411fc082 00000000 8020807c 00000000 00000000
[  150.921417] [<c058e0a4>] (nmi_trigger_all_cpu_backtrace) from [<c06a3024>] (__handle_sysrq+0xa8/0x16c)
[  150.931396] [<c06a3024>] (__handle_sysrq) from [<c06d2b40>] (serial_omap_irq+0x384/0x3c4)
[  150.940185] [<c06d2b40>] (serial_omap_irq) from [<c0383c1c>] (handle_irq_event_percpu+0x88/0x140)
[  150.949676] [<c0383c1c>] (handle_irq_event_percpu) from [<c0383d18>] (handle_irq_event+0x44/0x68)
[  150.959167] [<c0383d18>] (handle_irq_event) from [<c0386d3c>] (handle_level_irq+0xa0/0x134)
[  150.968139] [<c0386d3c>] (handle_level_irq) from [<c0383300>] (generic_handle_irq+0x24/0x34)
[  150.977172] [<c0383300>] (generic_handle_irq) from [<c03835b0>] (__handle_domain_irq+0x5c/0xb4)
[  150.986511] [<c03835b0>] (__handle_domain_irq) from [<c030c554>] (__irq_svc+0x54/0x70)
[  150.994995] [<c030c554>] (__irq_svc) from [<c0377b88>] (cpu_startup_entry+0xc0/0x240)
[  151.003417] [<c0377b88>] (cpu_startup_entry) from [<c1100c9c>] (start_kernel+0x3cc/0x3d8)
[  151.012176] [<c1100c9c>] (start_kernel) from [<8020807c>] (0x8020807c)
[  151.019165] Code: bad PC value
[  151.022491] ---[ end trace 7dbebfdbd4a2bc16 ]---
[  151.027435] Kernel panic - not syncing: Fatal exception in interrupt
[  151.034240] ---[ end Kernel panic - not syncing: Fatal exception in interrupt
- 00:48:22 [INFO] 
- 00:48:22 [INFO] Disconnected serial from ldp3430
URL:gtsystest.telogy.design.ti.com/vatf/tidfarm-05/tidfarm-05_vatf@ldp3430/tidfarm-0502_16_2016_00_44_37/files/session_iteration_1/test_1
