- 01:15:16 [INFO] Starting target session
- 01:15:18 [INFO] Connected to ldp3430 via serial 
- 01:15:18 [INFO] Host: #check prompt
- 01:15:21 [ERROR] On command: #check prompt waiting for #check prompt.+?(?-mix:((?-mix:.*\s+login)|[Pp]assword)) >>> error: execution expired
- 01:15:21 [INFO] Target: 
#check prompt
root@GenericOMAP3(FlattenedDeviceTree):/test# 
- 01:15:21 [INFO] Host: #check prompt
- 01:15:21 [INFO] Target: 
#check prompt
root@GenericOMAP3(FlattenedDeviceTree):/test# 
- 01:15:21 [INFO] Host: sync;poweroff
- 01:15:42 [INFO] Target: 
sync;poweroff
Broadcast message from root@GenericOMAP3(FlattenedDeviceTree) (ttyO2) (Sat Ju
The system is going down for system halt NOW!
INIT: Switching to runlevel: 0
root@GenericOMAP3(FlattenedDeviceTree):/test# 
INIT: Sending processes the TERM signal
INIT: Sending processes the KILL signal
Stopping Dropbear SSH server: stopped /usr/sbin/dropbear (pid 679)
dropbear.
Stopping telnet daemon.
Stopping system message bus: hwclock: can't open '/dev/misc/rtc': No such file or directory
Error opening /dev/fb0: No such file or directory
Stopping syslogd/klogd: stopped syslogd (pid 689)
stopped klogd (pid 692)
done
Stopping thttpd.
ALSA: Storing mixer settings...
/usr/sbin/alsactl: save_state:1580: No soundcards found...
Deconfiguring network interfaces... [ 2540.156982] smsc911x 8000000.ethernet eth0: SMSC911x/921x identified at 0xc881e000, IRQ: 264
done.
Stopping Lighttpd Web Server: stopped /usr/sbin/lighttpd (pid 698)
lighttpd.
***************************************************************
***************************************************************
NOTICE: This file system contains the followin GPLv3 packages:
	binutils-symlinks
	binutils
	gdbserver
	parted
If you do not wish to distribute GPLv3 components please remove
the above packages prior to distribution.  This can be done using
the opkg remove command.  i.e.:
    opkg remove <package>
Where <package> is the name printed in the list above
NOTE: If the package is a dependency of another package you
      will be notified of the dependent packages.  You should
      use the --force-removal-of-dependent-packages option to
      also remove the dependent packages as well
***************************************************************
***************************************************************
Sending all processes the TERM signal...
Sending all processes the KILL signal...
Unmounting remote filesystems...
Deactivating swap...
Unmounting local filesystems...
[ 2550.691131] EXT4-fs (mmcblk0p2): re-mounted. Opts: data=ordered
[ 2553.257385] reboot: Power down
[ 2553.260650] ------------[ cut h
- 01:15:42 [INFO] Disconnected serial from ldp3430
- 01:15:43 [INFO] Connected to ldp3430 via serial 
- 01:15:43 [INFO] Host: 
- 01:15:54 [INFO] Target: 
tb$U
  @ @(U
Texas Instruments X-Loader 1.41 (Apr 25 2014 - 11:23:40)
Starting OS Bootloader from NAND ...
U-Boot 1.1.4-gae533d15 (Apr 25 2014 - 15:03:07)
OMAP3430-GP rev 2, CPU-OPP2 L3-165MHz
OMAP3430LAB 0.1 Version + mDDR (Boot NAND)
DRAM:  128 MB
NAND:256 MiB
Reading data from 0xc0000 --   1% complete.
Reading data from 0xc0800 --   3% complete.
Reading data from 0xc1000 --   4% complete.
Reading data from 0xc1800 --   6% complete.
Reading data from 0xc2000 --   7% complete.
Reading data from 0xc2800 --   9% complete.
Reading data from 0xc3000 --  10% complete.
Reading data from 0xc3800 --  12% complete.
Reading data from 0xc4000 --  14% complete.
Reading data from 0xc4800 --  15% complete.
Reading data from 0xc5000 --  17% complete.
Reading data from 0xc5800 --  18% complete.
Reading data from 0xc6000 --  20% complete.
Reading data from 0xc6800 --  21% complete.
Reading data from 0xc7000 --  23% complete.
Reading data from 0xc7800 --  25% complete.
Reading data from 0xc8000 --  26% complete.
Reading data from 0xc8800 --  28% complete.
Reading data from 0xc9000 --  29% complete.
Reading data from 0xc9800 --  31% complete.
Reading data from 0xca000 --  32% complete.
Reading data from 0xca800 --  34% complete.
Reading data from 0xcb000 --  35% complete.
Reading data from 0xcb800 --  37% complete.
Reading data from 0xcc000 --  39% complete.
Reading data from 0xcc800 --  40% complete.
Reading data from 0xcd000 --  42% complete.
Reading data from 0xcd800 --  43% complete.
Reading data from 0xce000 --  45% complete.
Reading data from 0xce800 --  46% complete.
Reading data from 0xcf000 --  48% complete.
Reading data from 0xcf800 --  50% complete.
Reading data from 0xd0000 --  51% complete.
Reading data from 0xd0800 --  53% complete.
Reading data from 0xd1000 --  54% complete.
Reading data from 0xd1800 --  56% complete.
Reading data from 0xd2000 --  57% complete.
Reading data from 0xd2800 --  59% complete.
Reading data from 0xd3000 --  60% complete.
Reading data from 0xd3800 --  62% complete.
Reading data from 0xd4000 --  64% complete.
Reading data from 0xd4800 --  65% complete.
Reading data from 0xd5000 --  67% complete.
Reading data from 0xd5800 --  68% complete.
Reading data from 0xd6000 --  70% complete.
Reading data from 0xd6800 --  71% complete.
Reading data from 0xd7000 --  73% complete.
Reading data from 0xd7800 --  75% complete.
Reading data from 0xd8000 --  76% complete.
Reading data from 0xd8800 --  78% complete.
Reading data from 0xd9000 --  79% complete.
Reading data from 0xd9800 --  81% complete.
Reading data from 0xda000 --  82% complete.
Reading data from 0xda800 --  84% complete.
Reading data from 0xdb000 --  85% complete.
Reading data from 0xdb800 --  87% complete.
Reading data from 0xdc000 --  89% complete.
Reading data from 0xdc800 --  90% complete.
Reading data from 0xdd000 --  92% complete.
Reading data from 0xdd800 --  93% complete.
Reading data from 0xde000 --  95% complete.
Reading data from 0xde800 --  96% complete.
Reading data from 0xdf000 --  98% complete.
Reading data from 0xdf800 -- 100% complete.
*** Warning - bad CRC or NAND, using default environment
In:    serial
Out:   serial
Err:   serial
Battery levels: main 4163 mV, backup 3281 mV
LAN9x18 (0x92110000) detected.
Read mac address: 00:08:EE:02:24:9D
start Auto negotiation... (take ~2sec)
Auto negotiation complete, 100BaseTX, full duplex
Press SPACE to abort Chain2Bootloader in 1 seconds
reading chained-bootloader
NAND read: device 0 offset 0x100000, size 0x100000
 1048576 bytes read: OK
starting chained-boot-loader
## Starting application at 0x80800000 ...
U-Boot 2014.04-00071-g8543283-dirty (Apr 25 2014 - 14:59:48)
OMAP3530-GP ES2.1, CPU-OPP2, L3-165MHz, Max CPU Clock 600 MHz
OMAP3 Zoom MDK Rev 1 + LPDDR/NAND
I2C:   ready
DRAM:  128 MiB
NAND:  256 MiB
MMC:   OMAP SD/MMC: 0
*** Warning - bad CRC, using default environment
Die ID #19ae00020000000004013ddc0201700b
Net:   smc911x-0
Hit any key to stop autoboot:  1  0 
U-Boot# 
U-Boot# 
U-Boot# 
U-Boot# 
U-Boot# 
U-Boot# 
U-Boot# 
U-Boot# 
U-Boot# 
U-Boot# 
U-Boot# 
U-Boot# 
U-Boot# 
U-Boot# 
U-Boot# 
U-Boot# 
U-Boot# 
U-Boot# 
U-Boot# 
U-Boot# 
U-Boot# 
- 01:15:54 [INFO] Host: version
- 01:15:54 [INFO] Target: 
oot# 
U-Boot# 
U-Boot# version
U-Boot 2014.04-00071-g8543283-dirty (Apr 25 2014 - 14:59:48)
arm-linux-gnueabi-gcc (Ubuntu/Linaro 4.6.3-1ubuntu5) 4.6.3
GNU ld (GNU Binutils for Ubuntu) 2.22
U-Boot# 
- 01:15:54 [INFO] Host: bdinfo
- 01:15:54 [INFO] Target: 
bdinfo
arch_number = 0x00000667
boot_params = 0x80000100
DRAM bank   = 0x00000000
-> start    = 0x80000000
-> size     = 0x08000000
DRAM bank   = 0x00000001
-> start    = 0x88000000
-> size     = 0x00000000
eth0name    = smc911x-0
ethaddr     = 00:08:ee:02:24:9d
current eth = smc911x-0
ip_addr     = <NULL>
baudrate    = 115200 bps
TLB addr    = 0x87FF0000
relocaddr   = 0x87F71000
reloc off   = 0x07771000
irq_sp      = 0x87E50ED0
sp start    = 0x87E50EC0
U-Boot# 
- 01:15:54 [INFO] Host: printenv
- 01:15:54 [INFO] Target: 
printenv
arch=arm
baudrate=115200
board=zoom1
board_name=zoom1
bootcmd=mmc dev ${mmcdev}; if mmc rescan; then if run loadbootscript; then run bootscript; if test -n $uenvcmd; then echo Running uenvcmd ...;run uenvcmd;fi;else if run loadimage; then run mmcboot; else if run loadzimage; then run mmczboot; else run nandboot; fi; fi;fi; else run nandboot; fi
bootdelay=1
bootdir=/
bootfile=uImage
bootpart=0:1
bootscript=echo Running bootscript from mmc ...; if run importbootscr; then echo boot.scr imported; else run importbootenv;fi
console=ttyO2,115200n8
cpu=armv7
dieid#=19ae00020000000004013ddc0201700b
ethact=smc911x-0
ethaddr=00:08:ee:02:24:9d
fdtaddr=0x80f80000
fdtfile=omap3-ldp.dtb
importbootenv=env import -t $loadaddr $filesize
importbootscr=source ${loadaddr}
loadaddr=0x82000000
loadbootenv=fatload mmc ${mmcdev} ${loadaddr} uEnv.txt
loadbootscr=fatload mmc ${mmcdev} ${loadaddr} boot.scr
loadbootscript=if run loadbootscr; then echo boot.scr; else run loadbootenv;fi
loadfdt=load mmc ${bootpart} ${fdtaddr} ${bootdir}/${fdtfile}
loadimage=load mmc ${bootpart} ${loadaddr} ${bootdir}/${bootfile}
loadzimage=setenv bootfile zImage; if run loadimage; then run loadfdt;fi
mmcargs=setenv bootargs console=${console} video=${videospec},mode:${videomode} root=/dev/mmcblk0p2 rw rootfstype=ext3 rootwait
mmcboot=echo Booting from mmc ...; run mmcargs; bootm ${loadaddr}
mmcdev=0
mmczboot=echo Booting from mmc ...; run mmcargs; bootz ${loadaddr} - ${fdtaddr}
nandargs=setenv bootargs console=${console} video=${videospec},mode:${videomode} root=/dev/mtdblock4 rw rootfstype=jffs2
nandboot=echo Booting from nand ...; run nandargs; nand read ${loadaddr} 280000 400000; bootm ${loadaddr}
soc=omap3
usbtty=cdc_acm
vendor=logicpd
ver=U-Boot 2014.04-00071-g8543283-dirty (Apr 25 2014 - 14:59:48)
videomode=1024x768@60,vxres=1024,vyres=768
videospec=omapfb:vram:2M,vram:4M
Environment size: 1940/131068 bytes
U-Boot# 
- 01:15:54 [INFO] Host: setenv autoload 'no'
- 01:15:54 [INFO] Target: 
setenv autoload 'no'
U-Boot# 
- 01:15:54 [INFO] Host: dhcp
- 01:15:57 [INFO] Target: 
dhcp
smc911x: detected LAN9211 controller
smc911x: phy initialized
smc911x: MAC 00:08:ee:02:24:9d
BOOTP broadcast 1
DHCP client bound to address 192.168.1.178
U-Boot# 
- 01:15:57 [INFO] Host: setenv serverip 192.168.1.254
- 01:15:57 [INFO] Target: 
setenv serverip 192.168.1.254
U-Boot# 
- 01:15:57 [INFO] Host: setenv bootargs 'console=ttyO2,115200n8 earlyprintk rootwait ip=dhcp root=/dev/mmcblk0p2 rw rootfstype=ext3 nohlt'
- 01:15:57 [INFO] Target: 
setenv bootargs 'console=ttyO2,115200n8 earlyprintk rootwait ip=dhcp root=/dev/mmcblk0p2 rw rootfstype=ext3 nohlt'
U-Boot# 
- 01:15:57 [INFO] Host: setenv bootfile vatf_ldp3430/65dfb11609653e25aecef39b98916a8b
- 01:15:57 [INFO] Target: 
setenv bootfile vatf_ldp3430/65dfb11609653e25aecef39b98916a8b
U-Boot# 
- 01:15:57 [INFO] Host: setenv bootcmd 'tftp ${loadaddr};bootm ${loadaddr}'
- 01:15:57 [INFO] Target: 
setenv bootcmd 'tftp ${loadaddr};bootm ${loadaddr}'
U-Boot# 
- 01:15:57 [INFO] Host: printenv
- 01:15:58 [INFO] Target: 
printenv
arch=arm
autoload=no
baudrate=115200
board=zoom1
board_name=zoom1
bootargs=console=ttyO2,115200n8 earlyprintk rootwait ip=dhcp root=/dev/mmcblk0p2 rw rootfstype=ext3 nohlt
bootcmd=tftp ${loadaddr};bootm ${loadaddr}
bootdelay=1
bootdir=/
bootfile=vatf_ldp3430/65dfb11609653e25aecef39b98916a8b
bootpart=0:1
bootscript=echo Running bootscript from mmc ...; if run importbootscr; then echo boot.scr imported; else run importbootenv;fi
console=ttyO2,115200n8
cpu=armv7
dieid#=19ae00020000000004013ddc0201700b
dnsip=192.0.2.2
ethact=smc911x-0
ethaddr=00:08:ee:02:24:9d
fdtaddr=0x80f80000
fdtfile=omap3-ldp.dtb
gatewayip=192.168.1.254
importbootenv=env import -t $loadaddr $filesize
importbootscr=source ${loadaddr}
ipaddr=192.168.1.178
loadaddr=0x82000000
loadbootenv=fatload mmc ${mmcdev} ${loadaddr} uEnv.txt
loadbootscr=fatload mmc ${mmcdev} ${loadaddr} boot.scr
loadbootscript=if run loadbootscr; then echo boot.scr; else run loadbootenv;fi
loadfdt=load mmc ${bootpart} ${fdtaddr} ${bootdir}/${fdtfile}
loadimage=load mmc ${bootpart} ${loadaddr} ${bootdir}/${bootfile}
loadzimage=setenv bootfile zImage; if run loadimage; then run loadfdt;fi
mmcargs=setenv bootargs console=${console} video=${videospec},mode:${videomode} root=/dev/mmcblk0p2 rw rootfstype=ext3 rootwait
mmcboot=echo Booting from mmc ...; run mmcargs; bootm ${loadaddr}
mmcdev=0
mmczboot=echo Booting from mmc ...; run mmcargs; bootz ${loadaddr} - ${fdtaddr}
nandargs=setenv bootargs console=${console} video=${videospec},mode:${videomode} root=/dev/mtdblock4 rw rootfstype=jffs2
nandboot=echo Booting from nand ...; run nandargs; nand read ${loadaddr} 280000 400000; bootm ${loadaddr}
netmask=255.255.255.0
serverip=192.168.1.254
soc=omap3
usbtty=cdc_acm
vendor=logicpd
ver=U-Boot 2014.04-00071-g8543283-dirty (Apr 25 2014 - 14:59:48)
videomode=1024x768@60,vxres=1024,vyres=768
videospec=omapfb:vram:2M,vram:4M
Environment size: 1967/131068 bytes
U-Boot# 
- 01:15:58 [INFO] Host: boot
- 01:18:28 [ERROR] On command: boot waiting for boot.+?(?-mix:.*\s+login) >>> error: execution expired
- 01:18:28 [INFO] Target: 
boot
smc911x: detected LAN9211 controller
smc911x: phy initialized
smc911x: MAC 00:08:ee:02:24:9d
Using smc911x-0 device
TFTP from server 192.168.1.254; our IP address is 192.168.1.178
Filename 'vatf_ldp3430/65dfb11609653e25aecef39b98916a8b'.
Load address: 0x82000000
Loading: *###T ##############################################################
	 #################################################################
	 #################################################################
	 #################################################################
	 #################################################################
	 #################################################################
	 #################################################################
	 ##########
	 912.1 KiB/s
done
Bytes transferred = 6811895 (67f0f7 hex)
## Booting kernel from Legacy Image at 82000000 ...
   Image Name:   Linux-4.5.0-rc3-next-20160211-00
   Image Type:   ARM Linux Kernel Image (uncompressed)
   Data Size:    6811831 Bytes = 6.5 MiB
   Load Address: 81000000
   Entry Point:  81000000
   Verifying Checksum ... OK
   Loading Kernel Image ... OK
Starting kernel ...
[    0.000000] Booting Linux on physical CPU 0x0
[    0.000000] Linux version 4.5.0-rc3-next-20160211-00002-ge0e6b2a2e66b (nmenon@horus) (gcc version 4.9.3 20150413 (prerelease) (Linaro GCC 4.9-2015.05) ) #1 SMP Thu Feb 11 01:06:14 CST 2016
[    0.000000] CPU: ARMv7 Processor [411fc082] revision 2 (ARMv7), cr=10c5387d
[    0.000000] CPU: PIPT / VIPT nonaliasing data cache, VIPT nonaliasing instruction cache
[    0.000000] Machine model: TI OMAP3430 LDP (Zoom1 Labrador)
[    0.000000] cma: Reserved 64 MiB at 0x83800000
[    0.000000] Memory policy: Data cache writeback
[    0.000000] CPU: All CPU(s) started in SVC mode.
[    0.000000] OMAP3430/3530 ES2.1 (l2cache iva sgx neon isp )
[    0.000000] PERCPU: Embedded 13 pages/cpu @c7c88000 s23040 r8192 d22016 u53248
[    0.000000] Built 1 zonelists in Zone order, mobility grouping on.  Total pages: 32000
[    0.000000] Kernel command line: console=ttyO2,115200n8 earlyprintk rootwait ip=dhcp root=/dev/mmcblk0p2 rw rootfstype=ext3 nohlt
[    0.000000] PID hash table entries: 512 (order: -1, 2048 bytes)
[    0.000000] Dentry cache hash table entries: 16384 (order: 4, 65536 bytes)
[    0.000000] Inode-cache hash table entries: 8192 (order: 3, 32768 bytes)
[    0.000000] Memory: 44012K/129024K available (9460K kernel code, 1053K rwdata, 4144K rodata, 2048K init, 341K bss, 19476K reserved, 65536K cma-reserved, 0K highmem)
[    0.000000] Virtual kernel memory layout:
[    0.000000]     vector  : 0xffff0000 - 0xffff1000   (   4 kB)
[    0.000000]     fixmap  : 0xffc00000 - 0xfff00000   (3072 kB)
[    0.000000]     vmalloc : 0xc8800000 - 0xff800000   ( 880 MB)
[    0.000000]     lowmem  : 0xc0000000 - 0xc8000000   ( 128 MB)
[    0.000000]     pkmap   : 0xbfe00000 - 0xc0000000   (   2 MB)
[    0.000000]     modules : 0xbf000000 - 0xbfe00000   (  14 MB)
[    0.000000]       .text : 0xc0208000 - 0xc104909c   (14597 kB)
[    0.000000]       .init : 0xc1100000 - 0xc1300000   (2048 kB)
[    0.000000]       .data : 0xc1300000 - 0xc1407740   (1054 kB)
[    0.000000]        .bss : 0xc140a000 - 0xc145f5e0   ( 342 kB)
[    0.000000] SLUB: HWalign=64, Order=0-3, MinObjects=0, CPUs=1, Nodes=1
[    0.000000] Hierarchical RCU implementation.
[    0.000000] 	Build-time adjustment of leaf fanout to 32.
[    0.000000] 	RCU restricting CPUs from NR_CPUS=16 to nr_cpu_ids=1.
[    0.000000] RCU: Adjusting geometry for rcu_fanout_leaf=32, nr_cpu_ids=1
[    0.000000] NR_IRQS:16 nr_irqs:16 16
[    0.000000] IRQ: Found an INTC at 0xfa200000 (revision 4.0) with 96 interrupts
[    0.000000] Clocking rate (Crystal/Core/MPU): 26.0/166/600 MHz
[    0.000000] OMAP clockevent source: timer1 at 32768 Hz
[    0.000000] clocksource: 32k_counter: mask: 0xffffffff max_cycles: 0xffffffff, max_idle_ns: 58327039986419 ns
[    0.000000] sched_clock: 32 bits at 32kHz, resolution 30517ns, wraps every 65535999984741ns
[    0.000030] OMAP clocksource: 32k_counter at 32768 Hz
[    0.003326] Console: colour dummy device 80x30
[    0.003356] Calibrating delay loop... 594.73 BogoMIPS (lpj=1486848)
[    0.034637] pid_max: default: 32768 minimum: 301
[    0.034820] Mount-cache hash table entries: 1024 (order: 0, 4096 bytes)
[    0.034851] Mountpoint-cache hash table entries: 1024 (order: 0, 4096 bytes)
[    0.035980] CPU: Testing write buffer coherency: ok
[    0.036499] CPU0: thread -1, cpu 0, socket -1, mpidr 0
[    0.036651] Setting up static identity map for 0x80300000 - 0x80300098
[    0.045715] Brought up 1 CPUs
[    0.045745] SMP: Total of 1 processors activated (594.73 BogoMIPS).
[    0.045776] CPU: All CPU(s) started in SVC mode.
[    0.048034] devtmpfs: initialized
[    0.093597] VFP support v0.3: implementor 41 architecture 3 part 30 variant c rev 1
[    0.095672] clocksource: jiffies: mask: 0xffffffff max_cycles: 0xffffffff, max_idle_ns: 9556302231375000 ns
[    0.100677] pinctrl core: initialized pinctrl subsystem
[    0.105010] NET: Registered protocol family 16
[    0.109130] DMA: preallocated 256 KiB pool for atomic coherent allocations
[    0.131561] omap_hwmod: mcbsp2_sidetone using broken dt data from mcbsp
[    0.132202] omap_hwmod: mcbsp3_sidetone using broken dt data from mcbsp
[    0.197296] cpuidle: using governor menu
[    0.198242] Reprogramming SDRC clock to 166000000 Hz
[    0.208129] OMAP GPIO hardware version 2.5
[    0.217071] irq: no irq domain found for /ocp/l4@48000000/scm@2000/pinmux@30 !
[    0.232910] omap-gpmc 6e000000.gpmc: GPMC revision 5.0
[    0.232940] gpmc_mem_init: disabling cs 0 mapped at 0x0-0x1000000
[    0.241180] No ATAGs?
[    0.241210] hw-breakpoint: debug architecture 0x4 unsupported.
[    0.243286] omap4_sram_init:Unable to allocate sram needed to handle errata I688
[    0.243316] omap4_sram_init:Unable to get sram pool needed to handle errata I688
[    0.243774] OMAP DMA hardware revision 4.0
[    0.251617] Serial: AMBA PL011 UART driver
[    0.285675] omap-dma-engine 48056000.dma-controller: OMAP DMA engine driver
[    0.296020] vgaarb: loaded
[    0.298095] SCSI subsystem initialized
[    0.299194] usbcore: registered new interface driver usbfs
[    0.299346] usbcore: registered new interface driver hub
[    0.299468] usbcore: registered new device driver usb
[    0.302276] omap_i2c 48070000.i2c: bus 0 rev3.3 at 2600 kHz
[    0.303192] omap_i2c 48072000.i2c: bus 1 rev3.3 at 400 kHz
[    0.304077] omap_i2c 48060000.i2c: bus 2 rev3.3 at 400 kHz
[    0.305725] pps_core: LinuxPPS API ver. 1 registered
[    0.305755] pps_core: Software ver. 5.3.6 - Copyright 2005-2007 Rodolfo Giometti <giometti@linux.it>
[    0.305816] PTP clock support registered
[    0.306213] EDAC MC: Ver: 3.0.0
[    0.311248] clocksource: Switched to clocksource 32k_counter
[    0.332580] NET: Registered protocol family 2
[    0.333557] TCP established hash table entries: 1024 (order: 0, 4096 bytes)
[    0.333618] TCP bind hash table entries: 1024 (order: 1, 8192 bytes)
[    0.333648] TCP: Hash tables configured (established 1024 bind 1024)
[    0.333770] UDP hash table entries: 256 (order: 1, 8192 bytes)
[    0.333801] UDP-Lite hash table entries: 256 (order: 1, 8192 bytes)
[    0.334075] NET: Registered protocol family 1
[    0.334716] RPC: Registered named UNIX socket transport module.
[    0.334716] RPC: Registered udp transport module.
[    0.334747] RPC: Registered tcp transport module.
[    0.334747] RPC: Registered tcp NFSv4.1 backchannel transport module.
[    0.338745] hw perfevents: enabled with armv7_cortex_a8 PMU driver, 5 counters available
[    0.343231] futex hash table entries: 256 (order: 2, 16384 bytes)
[    0.345214] workingset: timestamp_bits=28 max_order=15 bucket_order=0
[    0.368377] squashfs: version 4.0 (2009/01/31) Phillip Lougher
[    0.370330] NFS: Registering the id_resolver key type
[    0.370422] Key type id_resolver registered
[    0.370422] Key type id_legacy registered
[    0.370544] ntfs: driver 2.1.32 [Flags: R/O].
[    0.373840] Block layer SCSI generic (bsg) driver version 0.4 loaded (major 249)
[    0.373870] io scheduler noop registered
[    0.373901] io scheduler deadline registered
[    0.373962] io scheduler cfq registered (default)
[    0.383270] pinctrl-single 48002030.pinmux: 284 pins at pa fa002030 size 568
[    0.383697] pinctrl-single 48002a00.pinmux: 46 pins at pa fa002a00 size 92
[    0.384216] pinctrl-single 480025d8.pinmux: 18 pins at pa fa0025d8 size 36
[    0.529418] Serial: 8250/16550 driver, 4 ports, IRQ sharing disabled
[    0.534790] SuperH (H)SCI(F) driver initialized
[    0.536682] msm_serial: driver initialized
[    0.537170] omap_uart 4806a000.serial: no wakeirq for uart0
[    0.537414] 4806a000.serial: ttyO0 at MMIO 0x4806a000 (irq = 88, base_baud = 3000000) is a OMAP UART0
[    0.538299] omap_uart 4806c000.serial: no wakeirq for uart1
[    0.538482] 4806c000.serial: ttyO1 at MMIO 0x4806c000 (irq = 89, base_baud = 3000000) is a OMAP UART1
[    0.539459] 49020000.serial: ttyO2 at MMIO 0x49020000 (irq = 90, base_baud = 3000000) is a OMAP UART2
[    1.282562] console [ttyO2] enabled
[    1.287109] STMicroelectronics ASC driver initialized
[    1.295867] [drm] Initialized drm 1.1.0 20060810
[    1.330535] brd: module loaded
[    1.345855] loop: module loaded
[    1.358428] twl 0-0048: PIH (irq 23) chaining IRQs 339..347
[    1.364501] twl 0-0048: power (irq 344) chaining IRQs 347..354
[    1.414825] twl4030_gpio twl4030-gpio: gpio (irq 339) chaining IRQs 355..372
[    1.528991] libphy: Fixed MDIO Bus: probed
[    1.535034] CAN device driver interface
[    1.543426] igb: Intel(R) Gigabit Ethernet Network Driver - version 5.3.0-k
[    1.550842] igb: Copyright (c) 2007-2014 Intel Corporation.
[    1.578857] libphy: smsc911x-mdio: probed
[    1.583465] SMSC LAN8700 8000000.ethernet:01: attached PHY driver [SMSC LAN8700] (mii_bus:phy_addr=8000000.ethernet:01, irq=-1)
[    1.595794] smsc911x 8000000.ethernet eth0: MAC Address: 00:08:ee:02:24:9d
[    1.607879] pegasus: v0.9.3 (2013/04/25), Pegasus/Pegasus II USB Ethernet driver
[    1.615875] usbcore: registered new interface driver pegasus
[    1.622009] usbcore: registered new interface driver asix
[    1.627868] usbcore: registered new interface driver ax88179_178a
[    1.634429] usbcore: registered new interface driver cdc_ether
[    1.640747] usbcore: registered new interface driver smsc75xx
[    1.647003] usbcore: registered new interface driver smsc95xx
[    1.653198] usbcore: registered new interface driver net1080
[    1.659301] usbcore: registered new interface driver cdc_subset
[    1.665679] usbcore: registered new interface driver zaurus
[    1.671752] usbcore: registered new interface driver cdc_ncm
[    1.681701] ehci_hcd: USB 2.0 'Enhanced' Host Controller (EHCI) Driver
[    1.688659] ehci-pci: EHCI PCI platform driver
[    1.693481] ehci-platform: EHCI generic platform driver
[    1.699523] ehci-omap: OMAP-EHCI Host Controller driver
[    1.705688] ehci-omap 48064800.ehci: EHCI Host Controller
[    1.711517] ehci-omap 48064800.ehci: new USB bus registered, assigned bus number 1
[    1.720001] ehci-omap 48064800.ehci: irq 93, io mem 0x48064800
[    1.736389] ehci-omap 48064800.ehci: USB 2.0 started, EHCI 1.00
[    1.744445] hub 1-0:1.0: USB hub found
[    1.748565] hub 1-0:1.0: 3 ports detected
[    1.754211] ehci-orion: EHCI orion driver
[    1.759063] SPEAr-ehci: EHCI SPEAr driver
[    1.763732] ehci-st: EHCI STMicroelectronics driver
[    1.769287] ehci-exynos: EHCI EXYNOS driver
[    1.774108] ehci-atmel: EHCI Atmel driver
[    1.778686] tegra-ehci: Tegra EHCI driver
[    1.783325] ohci_hcd: USB 1.1 'Open' Host Controller (OHCI) Driver
[    1.789947] ohci-pci: OHCI PCI platform driver
[    1.794799] ohci-platform: OHCI generic platform driver
[    1.800750] ohci-omap3: OHCI OMAP3 driver
[    1.805511] ohci-omap3 48064400.ohci: OHCI Host Controller
[    1.811401] ohci-omap3 48064400.ohci: new USB bus registered, assigned bus number 2
[    1.819793] ohci-omap3 48064400.ohci: irq 92, io mem 0x48064400
[    1.898010] hub 2-0:1.0: USB hub found
[    1.902160] hub 2-0:1.0: 3 ports detected
[    1.907684] SPEAr-ohci: OHCI SPEAr driver
[    1.912536] ohci-st: OHCI STMicroelectronics driver
[    1.918121] ohci-atmel: OHCI Atmel driver
[    1.923797] usbcore: registered new interface driver usb-storage
[    1.933776] mousedev: PS/2 mouse device common for all mice
[    1.948181] twl_rtc 48070000.i2c:twl@48:rtc: Power up reset detected.
[    1.955200] twl_rtc 48070000.i2c:twl@48:rtc: Enabling TWL-RTC
[    1.964233] twl_rtc 48070000.i2c:twl@48:rtc: rtc core: registered 48070000.i2c:twl@48 as rtc0
[    1.974456] i2c /dev entries driver
[    2.001495] sdhci: Secure Digital Host Controller Interface driver
[    2.008087] sdhci: Copyright(c) Pierre Ossman
[    2.015045] omap_hsmmc 4809c000.mmc: multiblock reads disabled due to 35xx erratum 2.1.1.128; MMC read performance may suffer
[    2.063690] Synopsys Designware Multimedia Card Interface Driver
[    2.072662] sdhci-pltfm: SDHCI platform and OF driver helper
[    2.083312] ledtrig-cpu: registered to indicate activity on CPUs
[    2.090545] usbcore: registered new interface driver usbhid
[    2.096466] usbhid: USB HID core driver
[    2.111694] NET: Registered protocol family 10
[    2.118408] sit: IPv6 over IPv4 tunneling driver
[    2.124725] NET: Registered protocol family 17
[    2.129516] can: controller area network core (rev 20120528 abi 9)
[    2.136230] NET: Registered protocol family 29
[    2.140960] can: raw protocol (rev 20120528)
[    2.145507] can: broadcast manager protocol (rev 20120528 t)
[    2.151519] can: netlink gateway (rev 20130117) max_hops=1
[    2.158416] Key type dns_resolver registered
[    2.163452] omap2_set_init_voltage: unable to find boot up OPP for vdd_mpu_iva
[    2.171142] omap2_set_init_voltage: unable to set vdd_mpu_iva
[    2.177246] omap2_set_init_voltage: unable to find boot up OPP for vdd_core
[    2.184600] omap2_set_init_voltage: unable to set vdd_core
[    2.192321] Unable to handle kernel NULL pointer dereference at virtual address 00000030
[    2.200988] pgd = c0204000
[    2.203887] [00000030] *pgd=00000000
[    2.207702] Internal error: Oops: 5 [#1] SMP ARM
[    2.212554] Modules linked in:
[    2.215789] CPU: 0 PID: 1 Comm: swapper/0 Not tainted 4.5.0-rc3-next-20160211-00002-ge0e6b2a2e66b #1
[    2.225402] Hardware name: Generic OMAP3 (Flattened Device Tree)
[    2.231719] task: c3060000 ti: c305e000 task.ti: c305e000
[    2.237426] PC is at regulator_is_supported_voltage+0x8/0xf0
[    2.243408] LR is at _opp_add+0x88/0x190
[    2.247528] pc : [<c06820f8>]    lr : [<c0771ae8>]    psr: 00000013
[    2.247528] sp : c305fc68  ip : 00000000  fp : 00000000
[    2.259613] r10: c7c88050  r9 : c144ebbc  r8 : 00000000
[    2.265106] r7 : 000ee098  r6 : c35ce600  r5 : c35b5b40  r4 : c35ce698
[    2.271972] r3 : 00000000  r2 : 000ee098  r1 : 000ee098  r0 : 00000000
[    2.278869] Flags: nzcv  IRQs on  FIQs on  Mode SVC_32  ISA ARM  Segment none
[    2.286376] Control: 10c5387d  Table: 80204019  DAC: 00000051
[    2.292419] Process swapper/0 (pid: 1, stack limit = 0xc305e220)
[    2.298736] Stack: (0xc305fc68 to 0xc3060000)
[    2.303344] fc60:                   c35ce698 c35b5b40 c35ce600 c7c88050 00000000 c0771ae8
[    2.311950] fc80: c7c97d88 c0772db8 c305fcb4 000493e0 c35b5b40 c7c88050 c305fcb4 c35b5b40
[    2.320556] fca0: 000ee098 00000000 00000000 c077317c 60000013 c35ce600 07735940 c1a7a580
[    2.329193] fcc0: 0000000a 00000000 c1302680 c0773614 00000000 00000000 00000000 c35b5a40
[    2.337799] fce0: c305fd30 c09d3038 c0ecc1f0 c7c88050 00000000 00000000 c1302580 c35b6700
[    2.346405] fd00: c1213590 c1302680 c144ebbc c35b67b4 00000000 c07739c8 fffffffe c35b6700
[    2.355041] fd20: c7c97d88 c097030c c14075cf c7c88050 c35b5a40 c35b5b00 c2835d48 c0406660
[    2.363647] fd40: c35b6700 00000000 00000000 c1213590 c1302680 c144ebbc c35b67b4 c096d060
[    2.372253] fd60: 00000001 c046a894 c3532740 c35325f0 c305fd9c c13bc2c4 c139d7e0 c13bc270
[    2.380859] fd80: fffffdfb 00000000 00000000 00000000 00000000 c0761da0 fffffdfb c300cc5c
[    2.389495] fda0: c3169db4 00000000 c1334208 c13bc714 c144ebbc c096be78 c35ce400 c35ce410
[    2.398101] fdc0: c13bc6cc c0970494 c13bc6cc c7c88050 c35b5a40 c35b5b00 c35ce410 c0764efc
[    2.406707] fde0: c35ce410 c1449fd0 c1449fd8 c13bc6cc 00000000 c076366c 00000000 c305fe30
[    2.415344] fe00: c07637dc 00000001 c1449fac 00000000 00000000 c0761a88 c300cb70 c35a09b8
[    2.423950] fe20: c35ce410 c35ce444 c139d760 c0763378 c35ce410 00000001 c35ce418 c35ce418
[    2.432556] fe40: c35ce410 c139d760 00000000 c07629b4 c35ce418 c35ce410 c139d5d8 c0760da8
[    2.441192] fe60: 0000011a c058cba0 c305feb8 c35ce400 00000000 c35ce400 c35ce410 c1103690
[    2.449798] fe80: 00000000 0000011a c11a283c c0764c28 c305feb8 c35ce400 c35b5940 c1103690
[    2.458404] fea0: 00000000 c0765644 c144f288 c13067d0 c35b5940 c11124b0 00000000 00000000
[    2.467041] fec0: c0ec311c 00000000 00000000 00000000 00000000 00000000 00000000 00000000
[    2.475646] fee0: 00000000 00000000 c13067d0 c110f880 c13067d0 c110fae4 c13067d0 c11036b0
[    2.484252] ff00: c13067d0 c0301d74 c0c078b4 0000006f 00000000 00000000 00000000 c0462290
[    2.492858] ff20: 00000000 c13356dc 00000119 c0c1d83c c100b9e0 c035b670 0000cccd c0ebce70
[    2.501495] ff40: c100a3ec 00000000 00000007 00000007 c13356c4 c7c97200 c120ee4c 00000007
[    2.510101] ff60: c11a2838 c140a000 c140a000 c11a283c 00000000 c1100e04 00000007 00000007
[    2.518707] ff80: 00000000 c1100594 0000a000 c0b22bd4 00000000 00000000 00000000 00000000
[    2.527343] ffa0: 00000000 c0b22be0 00000000 c0307db8 00000000 00000000 00000000 00000000
[    2.535949] ffc0: 00000000 00000000 00000000 00000000 00000000 00000000 00000000 00000000
[    2.544555] ffe0: 00000000 00000000 00000000 00000000 00000013 00000000 00fbff00 00fff700
[    2.553192] [<c06820f8>] (regulator_is_supported_voltage) from [<c0771ae8>] (_opp_add+0x88/0x190)
[    2.562561] [<c0771ae8>] (_opp_add) from [<c077317c>] (_opp_add_v1+0x80/0xe0)
[    2.570068] [<c077317c>] (_opp_add_v1) from [<c0773614>] (dev_pm_opp_of_add_table+0x430/0x4e8)
[    2.579162] [<c0773614>] (dev_pm_opp_of_add_table) from [<c07739c8>] (dev_pm_opp_of_cpumask_add_table+0x34/0xc0)
[    2.589874] [<c07739c8>] (dev_pm_opp_of_cpumask_add_table) from [<c097030c>] (cpufreq_init+0x258/0x380)
[    2.599761] [<c097030c>] (cpufreq_init) from [<c096d060>] (cpufreq_online+0xbc/0x704)
[    2.608032] [<c096d060>] (cpufreq_online) from [<c0761da0>] (subsys_interface_register+0x94/0xd8)
[    2.617370] [<c0761da0>] (subsys_interface_register) from [<c096be78>] (cpufreq_register_driver+0x12c/0x198)
[    2.627746] [<c096be78>] (cpufreq_register_driver) from [<c0970494>] (dt_cpufreq_probe+0x60/0x8c)
[    2.637084] [<c0970494>] (dt_cpufreq_probe) from [<c0764efc>] (platform_drv_probe+0x4c/0xb0)
[    2.645996] [<c0764efc>] (platform_drv_probe) from [<c076366c>] (driver_probe_device+0x214/0x2c0)
[    2.655334] [<c076366c>] (driver_probe_device) from [<c0761a88>] (bus_for_each_drv+0x60/0x94)
[    2.664306] [<c0761a88>] (bus_for_each_drv) from [<c0763378>] (__device_attach+0xb0/0x114)
[    2.673034] [<c0763378>] (__device_attach) from [<c07629b4>] (bus_probe_device+0x84/0x8c)
[    2.681640] [<c07629b4>] (bus_probe_device) from [<c0760da8>] (device_add+0x3e8/0x570)
[    2.689971] [<c0760da8>] (device_add) from [<c0764c28>] (platform_device_add+0xac/0x208)
[    2.698516] [<c0764c28>] (platform_device_add) from [<c0765644>] (platform_device_register_full+0xf8/0x120)
[    2.708801] [<c0765644>] (platform_device_register_full) from [<c11124b0>] (omap2_common_pm_late_init+0x108/0x114)
[    2.719696] [<c11124b0>] (omap2_common_pm_late_init) from [<c110f880>] (omap_common_late_init+0xc/0x14)
[    2.729583] [<c110f880>] (omap_common_late_init) from [<c110fae4>] (omap3_init_late+0x8/0x14)
[    2.738586] [<c110fae4>] (omap3_init_late) from [<c11036b0>] (init_machine_late+0x20/0x98)
[    2.747283] [<c11036b0>] (init_machine_late) from [<c0301d74>] (do_one_initcall+0x90/0x1dc)
[    2.756103] [<c0301d74>] (do_one_initcall) from [<c1100e04>] (kernel_init_freeable+0x15c/0x1fc)
[    2.765289] [<c1100e04>] (kernel_init_freeable) from [<c0b22be0>] (kernel_init+0xc/0xf0)
[    2.773803] [<c0b22be0>] (kernel_init) from [<c0307db8>] (ret_from_fork+0x14/0x3c)
[    2.781799] Code: e5940030 eafffff7 e92d41f0 e1a07001 (e5903030) 
[    2.788330] ---[ end trace 2c5f938d7297c651 ]---
[    2.793304] Kernel panic - not syncing: Attempted to kill init! exitcode=0x0000000b
[    2.793304] 
[    2.802917] ---[ end Kernel panic - not syncing: Attempted to kill init! exitcode=0x0000000b
[    2.802917] 
[   37.601348] random: nonblocking pool is initialized
- 01:18:28 [INFO] Boot attempt 1/1 failed
- 01:18:28 [INFO] Collecting kernel traces via sysrq...
- 01:18:38 [INFO] 
- 01:18:48 [INFO] 
- 01:18:58 [INFO] 
- 01:18:58 [INFO] Disconnected serial from ldp3430
URL:gtsystest.telogy.design.ti.com/vatf/tidfarm-05/tidfarm-05_vatf@ldp3430/tidfarm-0502_11_2016_01_15_15/files/session_iteration_1/test_1
