- 13:20:34 [INFO] Starting target session
- 13:20:36 [INFO] Connected to ldp3430 via serial 
- 13:20:36 [INFO] Host: #check prompt
- 13:20:39 [ERROR] On command: #check prompt waiting for #check prompt.+?(?-mix:((?-mix:.*\s+login)|[Pp]assword)) >>> error: execution expired
- 13:20:39 [INFO] Target: 
#check prompt
root@GenericOMAP3(FlattenedDeviceTree):/test# 
- 13:20:39 [INFO] Host: #check prompt
- 13:20:39 [INFO] Target: 
#check prompt
root@GenericOMAP3(FlattenedDeviceTree):/test# 
- 13:20:39 [INFO] Host: sync;poweroff
- 13:21:00 [INFO] Target: 
sync;poweroff
Broadcast message from root@GenericOMAP3(FlattenedDeviceTree) (ttyO2) (Mon Ju
The system is going down for system halt NOW!
INIT: Switching to runlevel: 0
root@GenericOMAP3(FlattenedDeviceTree):/test# 
INIT: Sending processes the TERM signal
INIT: Sending processes the KILL signal
Stopping Dropbear SSH server: stopped /usr/sbin/dropbear (pid 677)
dropbear.
Stopping telnet daemon.
Stopping system message bus: hwclock: can't open '/dev/misc/rtc': No such file or directory
Error opening /dev/fb0: No such file or directory
Stopping syslogd/klogd: stopped syslogd (pid 687)
stopped klogd (pid 690)
done
Stopping thttpd.
ALSA: Storing mixer settings...
/usr/sbin/alsactl: save_state:1580: No soundcards found...
Deconfiguring network interfaces... [ 2712.520843] smsc911x 8000000.ethernet eth0: SMSC911x/921x identified at 0xc881e000, IRQ: 264
done.
Stopping Lighttpd Web Server: stopped /usr/sbin/lighttpd (pid 696)
lighttpd.
***************************************************************
***************************************************************
NOTICE: This file system contains the followin GPLv3 packages:
	binutils-symlinks
	binutils
	gdbserver
	parted
If you do not wish to distribute GPLv3 components please remove
the above packages prior to distribution.  This can be done using
the opkg remove command.  i.e.:
    opkg remove <package>
Where <package> is the name printed in the list above
NOTE: If the package is a dependency of another package you
      will be notified of the dependent packages.  You should
      use the --force-removal-of-dependent-packages option to
      also remove the dependent packages as well
***************************************************************
***************************************************************
Sending all processes the TERM signal...
Sending all processes the KILL signal...
Unmounting remote filesystems...
Deactivating swap...
Unmounting local filesystems...
[ 2723.070617] EXT4-fs (mmcblk0p2): re-mounted. Opts: data=ordered
[ 2725.635833] reboot: Power down
[ 2725.639068] ------------[ cut here ]------------
[ 2725.643951] WARNING: CPU: 0 PID: 933 at kernel/locking/lockdep.c:2771 lockdep_trace_alloc+0x100/0x120
[ 2725.653594] DEBUG_LOCKS_WARN_ON(irqs_disabled_flags(flags))
[ 2725.659240] Modules linked in:
[ 2725.662628] CPU: 0 PID: 933 Comm: halt Not tainted 4.5.0-next-20160317-00002-g73ccb470de38 #1
[ 2725.671539] Hardware name: Generic OMAP3 (Flattened Device Tree)
[ 2725.677856] [<c010feec>] (unwind_backtrace) from [<c010c158>] (show_stack+0x10/0x14)
[ 2725.685974] [<c010c158>] (show_stack) from [<c046c8b8>] (dump_stack+0xb0/0xe4)
[ 2725.693542] [<c046c8b8>] (dump_stack) from [<c0136f28>] (__warn+0xd4/0x100)
[ 2725.700836] [<c0136f28>] (__warn) from [<c0136f88>] (warn_slowpath_fmt+0x34/0x44)
[ 2725.708679] [<c0136f88>] (warn_slowpath_fmt) from [<c019095c>] (lockdep_trace_alloc+0x100/0x12
- 13:21:00 [INFO] Disconnected serial from ldp3430
- 13:21:01 [INFO] Connected to ldp3430 via serial 
- 13:21:01 [INFO] Host: 
- 13:21:12 [INFO] Target: 
tb$U
  @D` 
Texas Instruments X-Loader 1.41 (Apr 25 2014 - 11:23:40)
Starting OS Bootloader from NAND ...
U-Boot 1.1.4-gae533d15 (Apr 25 2014 - 15:03:07)
OMAP3430-GP rev 2, CPU-OPP2 L3-165MHz
OMAP3430LAB 0.1 Version + mDDR (Boot NAND)
DRAM:  128 MB
NAND:256 MiB
Reading data from 0xc0000 --   1% complete.
Reading data from 0xc0800 --   3% complete.
Reading data from 0xc1000 --   4% complete.
Reading data from 0xc1800 --   6% complete.
Reading data from 0xc2000 --   7% complete.
Reading data from 0xc2800 --   9% complete.
Reading data from 0xc3000 --  10% complete.
Reading data from 0xc3800 --  12% complete.
Reading data from 0xc4000 --  14% complete.
Reading data from 0xc4800 --  15% complete.
Reading data from 0xc5000 --  17% complete.
Reading data from 0xc5800 --  18% complete.
Reading data from 0xc6000 --  20% complete.
Reading data from 0xc6800 --  21% complete.
Reading data from 0xc7000 --  23% complete.
Reading data from 0xc7800 --  25% complete.
Reading data from 0xc8000 --  26% complete.
Reading data from 0xc8800 --  28% complete.
Reading data from 0xc9000 --  29% complete.
Reading data from 0xc9800 --  31% complete.
Reading data from 0xca000 --  32% complete.
Reading data from 0xca800 --  34% complete.
Reading data from 0xcb000 --  35% complete.
Reading data from 0xcb800 --  37% complete.
Reading data from 0xcc000 --  39% complete.
Reading data from 0xcc800 --  40% complete.
Reading data from 0xcd000 --  42% complete.
Reading data from 0xcd800 --  43% complete.
Reading data from 0xce000 --  45% complete.
Reading data from 0xce800 --  46% complete.
Reading data from 0xcf000 --  48% complete.
Reading data from 0xcf800 --  50% complete.
Reading data from 0xd0000 --  51% complete.
Reading data from 0xd0800 --  53% complete.
Reading data from 0xd1000 --  54% complete.
Reading data from 0xd1800 --  56% complete.
Reading data from 0xd2000 --  57% complete.
Reading data from 0xd2800 --  59% complete.
Reading data from 0xd3000 --  60% complete.
Reading data from 0xd3800 --  62% complete.
Reading data from 0xd4000 --  64% complete.
Reading data from 0xd4800 --  65% complete.
Reading data from 0xd5000 --  67% complete.
Reading data from 0xd5800 --  68% complete.
Reading data from 0xd6000 --  70% complete.
Reading data from 0xd6800 --  71% complete.
Reading data from 0xd7000 --  73% complete.
Reading data from 0xd7800 --  75% complete.
Reading data from 0xd8000 --  76% complete.
Reading data from 0xd8800 --  78% complete.
Reading data from 0xd9000 --  79% complete.
Reading data from 0xd9800 --  81% complete.
Reading data from 0xda000 --  82% complete.
Reading data from 0xda800 --  84% complete.
Reading data from 0xdb000 --  85% complete.
Reading data from 0xdb800 --  87% complete.
Reading data from 0xdc000 --  89% complete.
Reading data from 0xdc800 --  90% complete.
Reading data from 0xdd000 --  92% complete.
Reading data from 0xdd800 --  93% complete.
Reading data from 0xde000 --  95% complete.
Reading data from 0xde800 --  96% complete.
Reading data from 0xdf000 --  98% complete.
Reading data from 0xdf800 -- 100% complete.
*** Warning - bad CRC or NAND, using default environment
In:    serial
Out:   serial
Err:   serial
Battery levels: main 4163 mV, backup 3236 mV
LAN9x18 (0x92110000) detected.
Read mac address: 00:08:EE:02:24:9D
start Auto negotiation... (take ~2sec)
Auto negotiation complete, 100BaseTX, full duplex
Press SPACE to abort Chain2Bootloader in 1 seconds
reading chained-bootloader
NAND read: device 0 offset 0x100000, size 0x100000
 1048576 bytes read: OK
starting chained-boot-loader
## Starting application at 0x80800000 ...
U-Boot 2014.04-00071-g8543283-dirty (Apr 25 2014 - 14:59:48)
OMAP3530-GP ES2.1, CPU-OPP2, L3-165MHz, Max CPU Clock 600 MHz
OMAP3 Zoom MDK Rev 1 + LPDDR/NAND
I2C:   ready
DRAM:  128 MiB
NAND:  256 MiB
MMC:   OMAP SD/MMC: 0
*** Warning - bad CRC, using default environment
Die ID #19ae00020000000004013ddc0201700b
Net:   smc911x-0
Hit any key to stop autoboot:  1  0 
U-Boot# 
U-Boot# 
U-Boot# 
U-Boot# 
U-Boot# 
U-Boot# 
U-Boot# 
U-Boot# 
U-Boot# 
U-Boot# 
U-Boot# 
U-Boot# 
U-Boot# 
U-Boot# 
U-Boot# 
U-Boot# 
U-Boot# 
U-Boot# 
U-Boot# 
U-Boot# 
U-Boot# 
U-Boot# 
U-Boot# 
U-Boot# 
U-Boot# 
U-Boot# 
U-Boot# 
- 13:21:13 [INFO] Host: version
- 13:21:13 [INFO] Target: 
version
U-Boot 2014.04-00071-g8543283-dirty (Apr 25 2014 - 14:59:48)
arm-linux-gnueabi-gcc (Ubuntu/Linaro 4.6.3-1ubuntu5) 4.6.3
GNU ld (GNU Binutils for Ubuntu) 2.22
U-Boot# 
- 13:21:13 [INFO] Host: bdinfo
- 13:21:13 [INFO] Target: 
bdinfo
arch_number = 0x00000667
boot_params = 0x80000100
DRAM bank   = 0x00000000
-> start    = 0x80000000
-> size     = 0x08000000
DRAM bank   = 0x00000001
-> start    = 0x88000000
-> size     = 0x00000000
eth0name    = smc911x-0
ethaddr     = 00:08:ee:02:24:9d
current eth = smc911x-0
ip_addr     = <NULL>
baudrate    = 115200 bps
TLB addr    = 0x87FF0000
relocaddr   = 0x87F71000
reloc off   = 0x07771000
irq_sp      = 0x87E50ED0
sp start    = 0x87E50EC0
U-Boot# 
- 13:21:13 [INFO] Host: printenv
- 13:21:13 [INFO] Target: 
printenv
arch=arm
baudrate=115200
board=zoom1
board_name=zoom1
bootcmd=mmc dev ${mmcdev}; if mmc rescan; then if run loadbootscript; then run bootscript; if test -n $uenvcmd; then echo Running uenvcmd ...;run uenvcmd;fi;else if run loadimage; then run mmcboot; else if run loadzimage; then run mmczboot; else run nandboot; fi; fi;fi; else run nandboot; fi
bootdelay=1
bootdir=/
bootfile=uImage
bootpart=0:1
bootscript=echo Running bootscript from mmc ...; if run importbootscr; then echo boot.scr imported; else run importbootenv;fi
console=ttyO2,115200n8
cpu=armv7
dieid#=19ae00020000000004013ddc0201700b
ethact=smc911x-0
ethaddr=00:08:ee:02:24:9d
fdtaddr=0x80f80000
fdtfile=omap3-ldp.dtb
importbootenv=env import -t $loadaddr $filesize
importbootscr=source ${loadaddr}
loadaddr=0x82000000
loadbootenv=fatload mmc ${mmcdev} ${loadaddr} uEnv.txt
loadbootscr=fatload mmc ${mmcdev} ${loadaddr} boot.scr
loadbootscript=if run loadbootscr; then echo boot.scr; else run loadbootenv;fi
loadfdt=load mmc ${bootpart} ${fdtaddr} ${bootdir}/${fdtfile}
loadimage=load mmc ${bootpart} ${loadaddr} ${bootdir}/${bootfile}
loadzimage=setenv bootfile zImage; if run loadimage; then run loadfdt;fi
mmcargs=setenv bootargs console=${console} video=${videospec},mode:${videomode} root=/dev/mmcblk0p2 rw rootfstype=ext3 rootwait
mmcboot=echo Booting from mmc ...; run mmcargs; bootm ${loadaddr}
mmcdev=0
mmczboot=echo Booting from mmc ...; run mmcargs; bootz ${loadaddr} - ${fdtaddr}
nandargs=setenv bootargs console=${console} video=${videospec},mode:${videomode} root=/dev/mtdblock4 rw rootfstype=jffs2
nandboot=echo Booting from nand ...; run nandargs; nand read ${loadaddr} 280000 400000; bootm ${loadaddr}
soc=omap3
usbtty=cdc_acm
vendor=logicpd
ver=U-Boot 2014.04-00071-g8543283-dirty (Apr 25 2014 - 14:59:48)
videomode=1024x768@60,vxres=1024,vyres=768
videospec=omapfb:vram:2M,vram:4M
Environment size: 1940/131068 bytes
U-Boot# 
- 13:21:13 [INFO] Host: setenv autoload 'no'
- 13:21:13 [INFO] Target: 
setenv autoload 'no'
U-Boot# 
- 13:21:13 [INFO] Host: dhcp
- 13:21:16 [INFO] Target: 
dhcp
smc911x: detected LAN9211 controller
smc911x: phy initialized
smc911x: MAC 00:08:ee:02:24:9d
BOOTP broadcast 1
DHCP client bound to address 192.168.1.158
U-Boot# 
- 13:21:16 [INFO] Host: setenv serverip 192.168.1.254
- 13:21:16 [INFO] Target: 
setenv serverip 192.168.1.254
U-Boot# 
- 13:21:16 [INFO] Host: setenv bootargs 'console=ttyO2,115200n8 earlyprintk rootwait ip=dhcp root=/dev/mmcblk0p2 rw rootfstype=ext3 nohlt'
- 13:21:16 [INFO] Target: 
setenv bootargs 'console=ttyO2,115200n8 earlyprintk rootwait ip=dhcp root=/dev/mmcblk0p2 rw rootfstype=ext3 nohlt'
U-Boot# 
- 13:21:16 [INFO] Host: setenv bootfile vatf_ldp3430/e4d80e50a1d3bc13f903f19c6d150c9a
- 13:21:16 [INFO] Target: 
setenv bootfile vatf_ldp3430/e4d80e50a1d3bc13f903f19c6d150c9a
U-Boot# 
- 13:21:16 [INFO] Host: setenv bootcmd 'tftp ${loadaddr};bootm ${loadaddr}'
- 13:21:16 [INFO] Target: 
setenv bootcmd 'tftp ${loadaddr};bootm ${loadaddr}'
U-Boot# 
- 13:21:16 [INFO] Host: printenv
- 13:21:17 [INFO] Target: 
printenv
arch=arm
autoload=no
baudrate=115200
board=zoom1
board_name=zoom1
bootargs=console=ttyO2,115200n8 earlyprintk rootwait ip=dhcp root=/dev/mmcblk0p2 rw rootfstype=ext3 nohlt
bootcmd=tftp ${loadaddr};bootm ${loadaddr}
bootdelay=1
bootdir=/
bootfile=vatf_ldp3430/e4d80e50a1d3bc13f903f19c6d150c9a
bootpart=0:1
bootscript=echo Running bootscript from mmc ...; if run importbootscr; then echo boot.scr imported; else run importbootenv;fi
console=ttyO2,115200n8
cpu=armv7
dieid#=19ae00020000000004013ddc0201700b
dnsip=192.0.2.2
ethact=smc911x-0
ethaddr=00:08:ee:02:24:9d
fdtaddr=0x80f80000
fdtfile=omap3-ldp.dtb
gatewayip=192.168.1.254
importbootenv=env import -t $loadaddr $filesize
importbootscr=source ${loadaddr}
ipaddr=192.168.1.158
loadaddr=0x82000000
loadbootenv=fatload mmc ${mmcdev} ${loadaddr} uEnv.txt
loadbootscr=fatload mmc ${mmcdev} ${loadaddr} boot.scr
loadbootscript=if run loadbootscr; then echo boot.scr; else run loadbootenv;fi
loadfdt=load mmc ${bootpart} ${fdtaddr} ${bootdir}/${fdtfile}
loadimage=load mmc ${bootpart} ${loadaddr} ${bootdir}/${bootfile}
loadzimage=setenv bootfile zImage; if run loadimage; then run loadfdt;fi
mmcargs=setenv bootargs console=${console} video=${videospec},mode:${videomode} root=/dev/mmcblk0p2 rw rootfstype=ext3 rootwait
mmcboot=echo Booting from mmc ...; run mmcargs; bootm ${loadaddr}
mmcdev=0
mmczboot=echo Booting from mmc ...; run mmcargs; bootz ${loadaddr} - ${fdtaddr}
nandargs=setenv bootargs console=${console} video=${videospec},mode:${videomode} root=/dev/mtdblock4 rw rootfstype=jffs2
nandboot=echo Booting from nand ...; run nandargs; nand read ${loadaddr} 280000 400000; bootm ${loadaddr}
netmask=255.255.255.0
serverip=192.168.1.254
soc=omap3
usbtty=cdc_acm
vendor=logicpd
ver=U-Boot 2014.04-00071-g8543283-dirty (Apr 25 2014 - 14:59:48)
videomode=1024x768@60,vxres=1024,vyres=768
videospec=omapfb:vram:2M,vram:4M
Environment size: 1967/131068 bytes
U-Boot# 
- 13:21:17 [INFO] Host: boot
- 13:23:47 [ERROR] On command: boot waiting for boot.+?(?-mix:.*\s+login) >>> error: execution expired
- 13:23:47 [INFO] Target: 
boot
smc911x: detected LAN9211 controller
smc911x: phy initialized
smc911x: MAC 00:08:ee:02:24:9d
Using smc911x-0 device
TFTP from server 192.168.1.254; our IP address is 192.168.1.158
Filename 'vatf_ldp3430/e4d80e50a1d3bc13f903f19c6d150c9a'.
Load address: 0x82000000
Loading: *###T ##############################################################
	 #################################################################
	 #################################################################
	 #################################################################
	 #################################################################
	 #################################################################
	 #################################################################
	 #################
	 919.9 KiB/s
done
Bytes transferred = 6927099 (69b2fb hex)
## Booting kernel from Legacy Image at 82000000 ...
   Image Name:   Linux-4.5.0-next-20160317-00002-
   Image Type:   ARM Linux Kernel Image (uncompressed)
   Data Size:    6927035 Bytes = 6.6 MiB
   Load Address: 81000000
   Entry Point:  81000000
   Verifying Checksum ... OK
   Loading Kernel Image ... OK
Starting kernel ...
[    0.000000] Booting Linux on physical CPU 0x0
[    0.000000] Linux version 4.5.0-next-20160317-00002-g73ccb470de38 (nmenon@horus) (gcc version 4.9.3 20150413 (prerelease) (Linaro GCC 4.9-2015.05) ) #1 SMP Thu Mar 17 13:11:36 CDT 2016
[    0.000000] CPU: ARMv7 Processor [411fc082] revision 2 (ARMv7), cr=10c5387d
[    0.000000] CPU: PIPT / VIPT nonaliasing data cache, VIPT nonaliasing instruction cache
[    0.000000] Machine model: TI OMAP3430 LDP (Zoom1 Labrador)
[    0.000000] cma: Reserved 64 MiB at 0x83800000
[    0.000000] Memory policy: Data cache writeback
[    0.000000] CPU: All CPU(s) started in SVC mode.
[    0.000000] OMAP3430/3530 ES2.1 (l2cache iva sgx neon isp )
[    0.000000] percpu: Embedded 13 pages/cpu @c7c88000 s23808 r8192 d21248 u53248
[    0.000000] Built 1 zonelists in Zone order, mobility grouping on.  Total pages: 32000
[    0.000000] Kernel command line: console=ttyO2,115200n8 earlyprintk rootwait ip=dhcp root=/dev/mmcblk0p2 rw rootfstype=ext3 nohlt
[    0.000000] PID hash table entries: 512 (order: -1, 2048 bytes)
[    0.000000] Dentry cache hash table entries: 16384 (order: 4, 65536 bytes)
[    0.000000] Inode-cache hash table entries: 8192 (order: 3, 32768 bytes)
[    0.000000] Memory: 43988K/129024K available (9464K kernel code, 1081K rwdata, 4212K rodata, 2048K init, 341K bss, 19500K reserved, 65536K cma-reserved, 0K highmem)
[    0.000000] Virtual kernel memory layout:
[    0.000000]     vector  : 0xffff0000 - 0xffff1000   (   4 kB)
[    0.000000]     fixmap  : 0xffc00000 - 0xfff00000   (3072 kB)
[    0.000000]     vmalloc : 0xc8800000 - 0xff800000   ( 880 MB)
[    0.000000]     lowmem  : 0xc0000000 - 0xc8000000   ( 128 MB)
[    0.000000]     pkmap   : 0xbfe00000 - 0xc0000000   (   2 MB)
[    0.000000]     modules : 0xbf000000 - 0xbfe00000   (  14 MB)
[    0.000000]       .text : 0xc0208000 - 0xc105b39c   (14669 kB)
[    0.000000]       .init : 0xc1100000 - 0xc1300000   (2048 kB)
[    0.000000]       .data : 0xc1300000 - 0xc140e400   (1081 kB)
[    0.000000]        .bss : 0xc1410000 - 0xc1465518   ( 342 kB)
[    0.000000] SLUB: HWalign=64, Order=0-3, MinObjects=0, CPUs=1, Nodes=1
[    0.000000] Hierarchical RCU implementation.
[    0.000000] 	Build-time adjustment of leaf fanout to 32.
[    0.000000] 	RCU restricting CPUs from NR_CPUS=16 to nr_cpu_ids=1.
[    0.000000] RCU: Adjusting geometry for rcu_fanout_leaf=32, nr_cpu_ids=1
[    0.000000] NR_IRQS:16 nr_irqs:16 16
[    0.000000] IRQ: Found an INTC at 0xfa200000 (revision 4.0) with 96 interrupts
[    0.000000] Clocking rate (Crystal/Core/MPU): 26.0/166/600 MHz
[    0.000000] OMAP clockevent source: timer1 at 32768 Hz
[    0.000000] clocksource: 32k_counter: mask: 0xffffffff max_cycles: 0xffffffff, max_idle_ns: 58327039986419 ns
[    0.000030] sched_clock: 32 bits at 32kHz, resolution 30517ns, wraps every 65535999984741ns
[    0.000030] OMAP clocksource: 32k_counter at 32768 Hz
[    0.003326] Console: colour dummy device 80x30
[    0.003356] Calibrating delay loop... 594.73 BogoMIPS (lpj=1486848)
[    0.034942] pid_max: default: 32768 minimum: 301
[    0.035125] Mount-cache hash table entries: 1024 (order: 0, 4096 bytes)
[    0.035125] Mountpoint-cache hash table entries: 1024 (order: 0, 4096 bytes)
[    0.036285] CPU: Testing write buffer coherency: ok
[    0.036773] CPU0: thread -1, cpu 0, socket -1, mpidr 0
[    0.036956] Setting up static identity map for 0x80300000 - 0x80300098
[    0.046081] Brought up 1 CPUs
[    0.046112] SMP: Total of 1 processors activated (594.73 BogoMIPS).
[    0.046112] CPU: All CPU(s) started in SVC mode.
[    0.048370] devtmpfs: initialized
[    0.093078] VFP support v0.3: implementor 41 architecture 3 part 30 variant c rev 1
[    0.095123] clocksource: jiffies: mask: 0xffffffff max_cycles: 0xffffffff, max_idle_ns: 9556302231375000 ns
[    0.100158] pinctrl core: initialized pinctrl subsystem
[    0.104522] NET: Registered protocol family 16
[    0.108825] DMA: preallocated 256 KiB pool for atomic coherent allocations
[    0.131347] omap_hwmod: mcbsp2_sidetone using broken dt data from mcbsp
[    0.131988] omap_hwmod: mcbsp3_sidetone using broken dt data from mcbsp
[    0.197143] cpuidle: using governor menu
[    0.198089] Reprogramming SDRC clock to 166000000 Hz
[    0.208557] OMAP GPIO hardware version 2.5
[    0.220214] irq: no irq domain found for /ocp/l4@48000000/scm@2000/pinmux@30 !
[    0.236480] omap-gpmc 6e000000.gpmc: GPMC revision 5.0
[    0.236511] gpmc_mem_init: disabling cs 0 mapped at 0x0-0x1000000
[    0.244964] No ATAGs?
[    0.244995] hw-breakpoint: debug architecture 0x4 unsupported.
[    0.247009] omap4_sram_init:Unable to allocate sram needed to handle errata I688
[    0.247039] omap4_sram_init:Unable to get sram pool needed to handle errata I688
[    0.247406] OMAP DMA hardware revision 4.0
[    0.255798] Serial: AMBA PL011 UART driver
[    0.289489] omap-dma-engine 48056000.dma-controller: OMAP DMA engine driver
[    0.300262] vgaarb: loaded
[    0.302368] SCSI subsystem initialized
[    0.303405] usbcore: registered new interface driver usbfs
[    0.303649] usbcore: registered new interface driver hub
[    0.303771] usbcore: registered new device driver usb
[    0.306701] omap_i2c 48070000.i2c: bus 0 rev3.3 at 2600 kHz
[    0.307617] omap_i2c 48072000.i2c: bus 1 rev3.3 at 400 kHz
[    0.308441] omap_i2c 48060000.i2c: bus 2 rev3.3 at 400 kHz
[    0.310211] pps_core: LinuxPPS API ver. 1 registered
[    0.310241] pps_core: Software ver. 5.3.6 - Copyright 2005-2007 Rodolfo Giometti <giometti@linux.it>
[    0.310302] PTP clock support registered
[    0.310668] EDAC MC: Ver: 3.0.0
[    0.316070] clocksource: Switched to clocksource 32k_counter
[    0.337646] NET: Registered protocol family 2
[    0.338592] TCP established hash table entries: 1024 (order: 0, 4096 bytes)
[    0.338653] TCP bind hash table entries: 1024 (order: 1, 8192 bytes)
[    0.338684] TCP: Hash tables configured (established 1024 bind 1024)
[    0.338806] UDP hash table entries: 256 (order: 1, 8192 bytes)
[    0.338867] UDP-Lite hash table entries: 256 (order: 1, 8192 bytes)
[    0.339141] NET: Registered protocol family 1
[    0.339782] RPC: Registered named UNIX socket transport module.
[    0.339813] RPC: Registered udp transport module.
[    0.339813] RPC: Registered tcp transport module.
[    0.339843] RPC: Registered tcp NFSv4.1 backchannel transport module.
[    0.343963] hw perfevents: enabled with armv7_cortex_a8 PMU driver, 5 counters available
[    0.348632] futex hash table entries: 256 (order: 2, 16384 bytes)
[    0.350463] workingset: timestamp_bits=28 max_order=15 bucket_order=0
[    0.374359] squashfs: version 4.0 (2009/01/31) Phillip Lougher
[    0.376464] NFS: Registering the id_resolver key type
[    0.376556] Key type id_resolver registered
[    0.376556] Key type id_legacy registered
[    0.376708] ntfs: driver 2.1.32 [Flags: R/O].
[    0.379943] Block layer SCSI generic (bsg) driver version 0.4 loaded (major 248)
[    0.380004] io scheduler noop registered
[    0.380004] io scheduler deadline registered
[    0.380096] io scheduler cfq registered (default)
[    0.389587] pinctrl-single 48002030.pinmux: 284 pins at pa fa002030 size 568
[    0.390014] pinctrl-single 48002a00.pinmux: 46 pins at pa fa002a00 size 92
[    0.390563] pinctrl-single 480025d8.pinmux: 18 pins at pa fa0025d8 size 36
[    0.537261] Serial: 8250/16550 driver, 4 ports, IRQ sharing disabled
[    0.542938] SuperH (H)SCI(F) driver initialized
[    0.544799] msm_serial: driver initialized
[    0.545288] omap_uart 4806a000.serial: no wakeirq for uart0
[    0.545562] 4806a000.serial: ttyO0 at MMIO 0x4806a000 (irq = 88, base_baud = 3000000) is a OMAP UART0
[    0.546539] omap_uart 4806c000.serial: no wakeirq for uart1
[    0.546722] 4806c000.serial: ttyO1 at MMIO 0x4806c000 (irq = 89, base_baud = 3000000) is a OMAP UART1
[    0.547698] 49020000.serial: ttyO2 at MMIO 0x49020000 (irq = 90, base_baud = 3000000) is a OMAP UART2
[    1.290283] console [ttyO2] enabled
[    1.294891] STMicroelectronics ASC driver initialized
[    1.303924] [drm] Initialized drm 1.1.0 20060810
[    1.340667] brd: module loaded
[    1.355987] loop: module loaded
[    1.368041] twl 0-0048: PIH (irq 23) chaining IRQs 339..347
[    1.374114] twl 0-0048: power (irq 344) chaining IRQs 347..354
[    1.424255] twl4030_gpio twl4030-gpio: gpio (irq 339) chaining IRQs 355..372
[    1.525512] libphy: Fixed MDIO Bus: probed
[    1.531707] CAN device driver interface
[    1.540344] igb: Intel(R) Gigabit Ethernet Network Driver - version 5.3.0-k
[    1.547760] igb: Copyright (c) 2007-2014 Intel Corporation.
[    1.578735] libphy: smsc911x-mdio: probed
[    1.583343] SMSC LAN8700 8000000.ethernet:01: attached PHY driver [SMSC LAN8700] (mii_bus:phy_addr=8000000.ethernet:01, irq=-1)
[    1.595642] smsc911x 8000000.ethernet eth0: MAC Address: 00:08:ee:02:24:9d
[    1.608398] pegasus: v0.9.3 (2013/04/25), Pegasus/Pegasus II USB Ethernet driver
[    1.616394] usbcore: registered new interface driver pegasus
[    1.622558] usbcore: registered new interface driver asix
[    1.628417] usbcore: registered new interface driver ax88179_178a
[    1.634979] usbcore: registered new interface driver cdc_ether
[    1.641326] usbcore: registered new interface driver smsc75xx
[    1.647552] usbcore: registered new interface driver smsc95xx
[    1.653747] usbcore: registered new interface driver net1080
[    1.659881] usbcore: registered new interface driver cdc_subset
[    1.666259] usbcore: registered new interface driver zaurus
[    1.672363] usbcore: registered new interface driver cdc_ncm
[    1.682647] ehci_hcd: USB 2.0 'Enhanced' Host Controller (EHCI) Driver
[    1.689636] ehci-pci: EHCI PCI platform driver
[    1.694488] ehci-platform: EHCI generic platform driver
[    1.700561] ehci-omap: OMAP-EHCI Host Controller driver
[    1.706756] ehci-omap 48064800.ehci: EHCI Host Controller
[    1.712585] ehci-omap 48064800.ehci: new USB bus registered, assigned bus number 1
[    1.721069] ehci-omap 48064800.ehci: irq 93, io mem 0x48064800
[    1.736206] ehci-omap 48064800.ehci: USB 2.0 started, EHCI 1.00
[    1.744293] hub 1-0:1.0: USB hub found
[    1.748413] hub 1-0:1.0: 3 ports detected
[    1.754119] ehci-orion: EHCI orion driver
[    1.759002] SPEAr-ehci: EHCI SPEAr driver
[    1.763763] ehci-st: EHCI STMicroelectronics driver
[    1.769348] ehci-exynos: EHCI EXYNOS driver
[    1.774230] ehci-atmel: EHCI Atmel driver
[    1.778869] tegra-ehci: Tegra EHCI driver
[    1.783538] ohci_hcd: USB 1.1 'Open' Host Controller (OHCI) Driver
[    1.790161] ohci-pci: OHCI PCI platform driver
[    1.795043] ohci-platform: OHCI generic platform driver
[    1.801025] ohci-omap3: OHCI OMAP3 driver
[    1.805847] ohci-omap3 48064400.ohci: OHCI Host Controller
[    1.811737] ohci-omap3 48064400.ohci: new USB bus registered, assigned bus number 2
[    1.820129] ohci-omap3 48064400.ohci: irq 92, io mem 0x48064400
[    1.902893] hub 2-0:1.0: USB hub found
[    1.907043] hub 2-0:1.0: 3 ports detected
[    1.912658] SPEAr-ohci: OHCI SPEAr driver
[    1.917541] ohci-st: OHCI STMicroelectronics driver
[    1.923217] ohci-atmel: OHCI Atmel driver
[    1.929412] usbcore: registered new interface driver usb-storage
[    1.939819] mousedev: PS/2 mouse device common for all mice
[    1.954895] twl_rtc 48070000.i2c:twl@48:rtc: Enabling TWL-RTC
[    1.964569] twl_rtc 48070000.i2c:twl@48:rtc: rtc core: registered 48070000.i2c:twl@48 as rtc0
[    1.974945] i2c /dev entries driver
[    2.004364] sdhci: Secure Digital Host Controller Interface driver
[    2.010986] sdhci: Copyright(c) Pierre Ossman
[    2.018249] omap_hsmmc 4809c000.mmc: multiblock reads disabled due to 35xx erratum 2.1.1.128; MMC read performance may suffer
[    2.063659] Synopsys Designware Multimedia Card Interface Driver
[    2.072875] sdhci-pltfm: SDHCI platform and OF driver helper
[    2.084289] ledtrig-cpu: registered to indicate activity on CPUs
[    2.092041] usbcore: registered new interface driver usbhid
[    2.097961] usbhid: USB HID core driver
[    2.115020] NET: Registered protocol family 10
[    2.121887] sit: IPv6 over IPv4 tunneling driver
[    2.128112] NET: Registered protocol family 17
[    2.132904] can: controller area network core (rev 20120528 abi 9)
[    2.139587] NET: Registered protocol family 29
[    2.144348] can: raw protocol (rev 20120528)
[    2.148895] can: broadcast manager protocol (rev 20120528 t)
[    2.154907] can: netlink gateway (rev 20130117) max_hops=1
[    2.161865] Key type dns_resolver registered
[    2.166900] omap2_set_init_voltage: unable to find boot up OPP for vdd_mpu_iva
[    2.174591] omap2_set_init_voltage: unable to set vdd_mpu_iva
[    2.180694] omap2_set_init_voltage: unable to find boot up OPP for vdd_core
[    2.188049] omap2_set_init_voltage: unable to set vdd_core
[    2.196990] PM: no software I/O chain control; some wakeups may be lost
[    2.205047] ThumbEE CPU extension supported.
[    2.209655] Registering SWP/SWPB emulation handler
[    2.225646] input: gpio_keys as /devices/platform/gpio_keys/input/input0
[    2.236755] twl_rtc 48070000.i2c:twl@48:rtc: setting system clock to 2015-06-21 13:35:42 UTC (1434893742)
[    2.276245] smsc911x 8000000.ethernet eth0: SMSC911x/921x identified at 0xc881a000, IRQ: 264
[    2.285369] IPv6: ADDRCONF(NETDEV_UP): eth0: link is not ready
[    3.761474] mmc0: card never left busy state
[    3.766113] mmc0: error -110 whilst initialising SD card
[    5.612182] IPv6: ADDRCONF(NETDEV_CHANGE): eth0: link becomes ready
[    5.626831] Sending DHCP requests ., OK
[    5.666992] IP-Config: Got DHCP answer from 192.168.1.254, my address is 192.168.1.158
[    5.676757] IP-Config: Complete:
[    5.680267]      device=eth0, hwaddr=00:08:ee:02:24:9d, ipaddr=192.168.1.158, mask=255.255.255.0, gw=192.168.1.254
[    5.691650]      host=192.168.1.158, domain=tidfarm-05.internal.ti.com, nis-domain=(none)
[    5.700531]      bootserver=192.168.1.254, rootserver=192.168.1.254, rootpath=     nameserver0=192.0.2.2, nameserver1=192.0.2.3
[    5.716033] VAUX3: disabling
[    5.721679] VDAC: disabling
[    5.727050] VUSB1V5: disabling
[    5.731781] VUSB1V8: disabling
[    5.736450] VUSB3V1: disabling
[    5.747772] Waiting for root device /dev/mmcblk0p2...
[  107.811431] random: nonblocking pool is initialized
- 13:23:47 [INFO] Boot attempt 1/1 failed
- 13:23:47 [INFO] Collecting kernel traces via sysrq...
- 13:23:57 [INFO] [  140.199554] sysrq: SysRq : Show State
[  140.203552]   task                PC stack   pid father
[  140.209136] swapper/0       D c0b50218     0     1      0 0x00000000
[  140.216156] [<c0b50218>] (__schedule) from [<c0b505f8>] (schedule+0x44/0x9c)
[  140.223754] [<c0b505f8>] (schedule) from [<c0b52e8c>] (schedule_timeout+0x11c/0x1a8)
[  140.232086] [<c0b52e8c>] (schedule_timeout) from [<c03946c4>] (msleep+0x2c/0x38)
[  140.240051] [<c03946c4>] (msleep) from [<c1101598>] (prepare_namespace+0x13c/0x1d4)
[  140.248291] [<c1101598>] (prepare_namespace) from [<c1100e48>] (kernel_init_freeable+0x1ec/0x1fc)
[  140.257934] [<c1100e48>] (kernel_init_freeable) from [<c0b4ead0>] (kernel_init+0x8/0x114)
[  140.266845] [<c0b4ead0>] (kernel_init) from [<c0307eb8>] (ret_from_fork+0x14/0x3c)
[  140.275054] kthreadd        S c0b50218     0     2      0 0x00000000
[  140.282073] [<c0b50218>] (__schedule) from [<c0b505f8>] (schedule+0x44/0x9c)
[  140.289764] [<c0b505f8>] (schedule) from [<c035d324>] (kthreadd+0x180/0x184)
[  140.297424] [<c035d324>] (kthreadd) from [<c0307eb8>] (ret_from_fork+0x14/0x3c)
[  140.305328] ksoftirqd/0     S c0b50218     0     3      2 0x00000000
[  140.312347] [<c0b50218>] (__schedule) from [<c0b505f8>] (schedule+0x44/0x9c)
[  140.319946] [<c0b505f8>] (schedule) from [<c035fb1c>] (smpboot_thread_fn+0xc8/0x194)
[  140.328277] [<c035fb1c>] (smpboot_thread_fn) from [<c035cb40>] (kthread+0xdc/0xf4)
[  140.336395] [<c035cb40>] (kthread) from [<c0307eb8>] (ret_from_fork+0x14/0x3c)
[  140.344116] kworker/0:0     S c0b50218     0     4      2 0x00000000
[  140.351074] [<c0b50218>] (__schedule) from [<c0b505f8>] (schedule+0x44/0x9c)
[  140.358673] [<c0b505f8>] (schedule) from [<c0357944>] (worker_thread+0xd8/0x510)
[  140.366607] [<c0357944>] (worker_thread) from [<c035cb40>] (kthread+0xdc/0xf4)
[  140.374359] [<c035cb40>] (kthread) from [<c0307eb8>] (ret_from_fork+0x14/0x3c)
[  140.382080] kworker/0:0H    S c0b50218     0     5      2 0x00000000
[  140.389007] [<c0b50218>] (__schedule) from [<c0b505f8>] (schedule+0x44/0x9c)
[  140.396606] [<c0b505f8>] (schedule) from [<c0357944>] (worker_thread+0xd8/0x510)
[  140.404541] [<c0357944>] (worker_thread) from [<c035cb40>] (kthread+0xdc/0xf4)
[  140.412292] [<c035cb40>] (kthread) from [<c0307eb8>] (ret_from_fork+0x14/0x3c)
[  140.419982] kworker/u2:0    S c0b50218     0     6      2 0x00000000
[  140.426940] [<c0b50218>] (__schedule) from [<c0b505f8>] (schedule+0x44/0x9c)
[  140.434509] [<c0b505f8>] (schedule) from [<c0357944>] (worker_thread+0xd8/0x510)
[  140.442443] [<c0357944>] (worker_thread) from [<c035cb40>] (kthread+0xdc/0xf4)
[  140.450195] [<c035cb40>] (kthread) from [<c0307eb8>] (ret_from_fork+0x14/0x3c)
[  140.457916] rcu_sched       S c0b50218     0     7      2 0x00000000
[  140.464813] [<c0b50218>] (__schedule) from [<c0b505f8>] (schedule+0x44/0x9c)
[  140.472381] [<c0b505f8>] (schedule) from [<c03911c8>] (rcu_gp_kthread+0x94/0x928)
[  140.480438] [<c03911c8>] (rcu_gp_kthread) from [<c035cb40>] (kthread+0xdc/0xf4)
[  140.488281] [<c035cb40>] (kthread) from [<c0307eb8>] (ret_from_fork+0x14/0x3c)
[  140.496002] rcu_bh          S c0b50218     0     8      2 0x00000000
[  140.502899] [<c0b50218>] (__schedule) from [<c0b505f8>] (schedule+0x44/0x9c)
[  140.510467] [<c0b505f8>] (schedule) from [<c03911c8>] (rcu_gp_kthread+0x94/0x928)
[  140.518524] [<c03911c8>] (rcu_gp_kthread) from [<c035cb40>] (kthread+0xdc/0xf4)
[  140.526367] [<c035cb40>] (kthread) from [<c0307eb8>] (ret_from_fork+0x14/0x3c)
[  140.534088] migration/0     S c0b50218     0     9      2 0x00000000
[  140.540985] [<c0b50218>] (__schedule) from [<c0b505f8>] (schedule+0x44/0x9c)
[  140.548553] [<c0b505f8>] (schedule) from [<c035fb1c>] (smpboot_thread_fn+0xc8/0x194)
[  140.556884] [<c035fb1c>] (smpboot_thread_fn) from [<c035cb40>] (kthread+0xdc/0xf4)
[  140.565002] [<c035cb40>] (kthread) from [<c0307eb8>] (ret_from_fork+0x14/0x3c)
[  140.572723] watchdog/0      S c0b50218     0    10      2 0x00000000
[  140.579620] [<c0b50218>] (__schedule) from [<c0b505f8>] (schedule+0x44/0x9c)
[  140.587219] [<c0b505f8>] (schedule) from [<c035fb1c>] (smpboot_thread_fn+0xc8/0x194)
[  140.595520] [<c035fb1c>] (smpboot_thread_fn) from [<c035cb40>] (kthread+0xdc/0xf4)
[  140.603637] [<c035cb40>] (kthread) from [<c0307eb8>] (ret_from_fork+0x14/0x3c)
[  140.611358] cpuhp/0         S c0b50218     0    11      2 0x00000000
[  140.618255] [<c0b50218>] (__schedule) from [<c0b505f8>] (schedule+0x44/0x9c)
[  140.625854] [<c0b505f8>] (schedule) from [<c035fb1c>] (smpboot_thread_fn+0xc8/0x194)
[  140.634155] [<c035fb1c>] (smpboot_thread_fn) from [<c035cb40>] (kthread+0xdc/0xf4)
[  140.642272] [<c035cb40>] (kthread) from [<c0307eb8>] (ret_from_fork+0x14/0x3c)
[  140.649993] kdevtmpfs       S c0b50218     0    12      2 0x00000000
[  140.656890] [<c0b50218>] (__schedule) from [<c0b505f8>] (schedule+0x44/0x9c)
[  140.664520] [<c0b505f8>] (schedule) from [<c0780c58>] (devtmpfsd+0x314/0x320)
[  140.672180] [<c0780c58>] (devtmpfsd) from [<c035cb40>] (kthread+0xdc/0xf4)
[  140.679595] [<c035cb40>] (kthread) from [<c0307eb8>] (ret_from_fork+0x14/0x3c)
[  140.687286] kworker/0:1     S c0b50218     0    13      2 0x00000000
[  140.694244] [<c0b50218>] (__schedule) from [<c0b505f8>] (schedule+0x44/0x9c)
[  140.701812] [<c0b505f8>] (schedule) from [<c0357944>] (worker_thread+0xd8/0x510)
[  140.709747] [<c0357944>] (worker_thread) from [<c035cb40>] (kthread+0xdc/0xf4)
[  140.717498] [<c035cb40>] (kthread) from [<c0307eb8>] (ret_from_fork+0x14/0x3c)
[  140.725219] khungtaskd      S c0b50218     0    14      2 0x00000000
[  140.732116] [<c0b50218>] (__schedule) from [<c0b505f8>] (schedule+0x44/0x9c)
[  140.739685] [<c0b505f8>] (schedule) from [<c0b52e8c>] (schedule_timeout+0x11c/0x1a8)
[  140.748016] [<c0b52e8c>] (schedule_timeout) from [<c03b6f40>] (watchdog+0xb4/0x33c)
[  140.756256] [<c03b6f40>] (watchdog) from [<c035cb40>] (kthread+0xdc/0xf4)
[  140.763549] [<c035cb40>] (kthread) from [<c0307eb8>] (ret_from_fork+0x14/0x3c)
[  140.771270] oom_reaper      S c0b50218     0    15      2 0x00000000
[  140.778167] [<c0b50218>] (__schedule) from [<c0b505f8>] (schedule+0x44/0x9c)
[  140.785766] [<c0b505f8>] (schedule) from [<c03ccfc8>] (oom_reaper+0xb4/0x164)
[  140.793426] [<c03ccfc8>] (oom_reaper) from [<c035cb40>] (kthread+0xdc/0xf4)
[  140.800903] [<c035cb40>] (kthread) from [<c0307eb8>] (ret_from_fork+0x14/0x3c)
[  140.808624] writeback       S c0b50218     0    16      2 0x00000000
[  140.815551] [<c0b50218>] (__schedule) from [<c0b505f8>] (schedule+0x44/0x9c)
[  140.823120] [<c0b505f8>] (schedule) from [<c0358078>] (rescuer_thread+0x2fc/0x364)
[  140.831268] [<c0358078>] (rescuer_thread) from [<c035cb40>] (kthread+0xdc/0xf4)
[  140.839111] [<c035cb40>] (kthread) from [<c0307eb8>] (ret_from_fork+0x14/0x3c)
[  140.846832] kcompactd0      S c0b50218     0    17      2 0x00000000
[  140.853729] [<c0b50218>] (__schedule) from [<c0b505f8>] (schedule+0x44/0x9c)
[  140.861297] [<c0b505f8>] (schedule) from [<c03e9768>] (kcompactd+0x1d0/0x2d0)
[  140.868957] [<c03e9768>] (kcompactd) from [<c035cb40>] (kthread+0xdc/0xf4)
[  140.876373] [<c035cb40>] (kthread) from [<c0307eb8>] (ret_from_fork+0x14/0x3c)
[  140.884063] crypto          S c0b50218     0    18      2 0x00000000
[  140.891021] [<c0b50218>] (__schedule) from [<c0b505f8>] (schedule+0x44/0x9c)
[  140.898590] [<c0b505f8>] (schedule) from [<c0358078>] (rescuer_thread+0x2fc/0x364)
[  140.906707] [<c0358078>] (rescuer_thread) from [<c035cb40>] (kthread+0xdc/0xf4)
[  140.914581] [<c035cb40>] (kthread) from [<c0307eb8>] (ret_from_fork+0x14/0x3c)
[  140.922271] bioset          S c0b50218     0    19      2 0x00000000
[  140.929229] [<c0b50218>] (__schedule) from [<c0b505f8>] (schedule+0x44/0x9c)
[  140.936798] [<c0b505f8>] (schedule) from [<c0358078>] (rescuer_thread+0x2fc/0x364)
[  140.944915] [<c0358078>] (rescuer_thread) from [<c035cb40>] (kthread+0xdc/0xf4)
[  140.952758] [<c035cb40>] (kthread) from [<c0307eb8>] (ret_from_fork+0x14/0x3c)
[  140.960479] kblockd         S c0b50218     0    20      2 0x00000000
[  140.967407] [<c0b50218>] (__schedule) from [<c0b505f8>] (schedule+0x44/0x9c)
[  140.975006] [<c0b505f8>] (schedule) from [<c0358078>] (rescuer_thread+0x2fc/0x364)
[  140.983123] [<c0358078>] (rescuer_thread) from [<c035cb40>] (kthread+0xdc/0xf4)
[  140.990966] [<c035cb40>] (kthread) from [<c0307eb8>] (ret_from_fork+0x14/0x3c)
[  140.998687] ata_sff         S c0b50218     0    21      2 0x00000000
[  141.005615] [<c0b50218>] (__schedule) from [<c0b505f8>] (schedule+0x44/0x9c)
[  141.013214] [<c0b505f8>] (schedule) from [<c0358078>] (rescuer_thread+0x2fc/0x364)
[  141.021331] [<c0358078>] (rescuer_thread) from [<c035cb40>] (kthread+0xdc/0xf4)
[  141.029174] [<c035cb40>] (kthread) from [<c0307eb8>] (ret_from_fork+0x14/0x3c)
[  141.036895] irq/72-48070000 S c0b50218     0    22      2 0x00000000
[  141.043792] [<c0b50218>] (__schedule) from [<c0b505f8>] (schedule+0x44/0x9c)
[  141.051391] [<c0b505f8>] (schedule) from [<c03862c8>] (irq_thread+0xb8/0x1ec)
[  141.059051] [<c03862c8>] (irq_thread) from [<c035cb40>] (kthread+0xdc/0xf4)
[  141.066528] [<c035cb40>] (kthread) from [<c0307eb8>] (ret_from_fork+0x14/0x3c)
[  141.074249] irq/73-48072000 S c0b50218     0    23      2 0x00000000
[  141.081146] [<c0b50218>] (__schedule) from [<c0b505f8>] (schedule+0x44/0x9c)
[  141.088714] [<c0b505f8>] (schedule) from [<c03862c8>] (irq_thread+0xb8/0x1ec)
[  141.096405] [<c03862c8>] (irq_thread) from [<c035cb40>] (kthread+0xdc/0xf4)
[  141.103881] [<c035cb40>] (kthread) from [<c0307eb8>] (ret_from_fork+0x14/0x3c)
[  141.111572] irq/77-48060000 S c0b50218     0    24      2 0x00000000
[  141.118469] [<c0b50218>] (__schedule) from [<c0b505f8>] (schedule+0x44/0x9c)
[  141.126068] [<c0b505f8>] (schedule) from [<c03862c8>] (irq_thread+0xb8/0x1ec)
[  141.133728] [<c03862c8>] (irq_thread) from [<c035cb40>] (kthread+0xdc/0xf4)
[  141.141204] [<c035cb40>] (kthread) from [<c0307eb8>] (ret_from_fork+0x14/0x3c)
[  141.148895] edac-poller     S c0b50218     0    25      2 0x00000000
[  141.155853] [<c0b50218>] (__schedule) from [<c0b505f8>] (schedule+0x44/0x9c)
[  141.163421] [<c0b505f8>] (schedule) from [<c0358078>] (rescuer_thread+0x2fc/0x364)
[  141.171539] [<c0358078>] (rescuer_thread) from [<c035cb40>] (kthread+0xdc/0xf4)
[  141.179412] [<c035cb40>] (kthread) from [<c0307eb8>] (ret_from_fork+0x14/0x3c)
[  141.187103] devfreq_wq      S c0b50218     0    26      2 0x00000000
[  141.194061] [<c0b50218>] (__schedule) from [<c0b505f8>] (schedule+0x44/0x9c)
[  141.201629] [<c0b505f8>] (schedule) from [<c0358078>] (rescuer_thread+0x2fc/0x364)
[  141.209777] [<c0358078>] (rescuer_thread) from [<c035cb40>] (kthread+0xdc/0xf4)
[  141.217620] [<c035cb40>] (kthread) from [<c0307eb8>] (ret_from_fork+0x14/0x3c)
[  141.225311] watchdogd       S c0b50218     0    27      2 0x00000000
[  141.232269] [<c0b50218>] (__schedule) from [<c0b505f8>] (schedule+0x44/0x9c)
[  141.239837] [<c0b505f8>] (schedule) from [<c0358078>] (rescuer_thread+0x2fc/0x364)
[  141.247955] [<c0358078>] (rescuer_thread) from [<c035cb40>] (kthread+0xdc/0xf4)
[  141.255828] [<c035cb40>] (kthread) from [<c0307eb8>] (ret_from_fork+0x14/0x3c)
[  141.263519] rpciod          S c0b50218     0    28      2 0x00000000
[  141.270477] [<c0b50218>] (__schedule) from [<c0b505f8>] (schedule+0x44/0x9c)
[  141.278045] [<c0b505f8>] (schedule) from [<c0358078>] (rescuer_thread+0x2fc/0x364)
[  141.286163] [<c0358078>] (rescuer_thread) from [<c035cb40>] (kthread+0xdc/0xf4)
[  141.294036] [<c035cb40>] (kthread) from [<c0307eb8>] (ret_from_fork+0x14/0x3c)
[  141.301727] kswapd0         S c0b50218     0    29      2 0x00000000
[  141.308624] [<c0b50218>] (__schedule) from [<c0b505f8>] (schedule+0x44/0x9c)
[  141.316223] [<c0b505f8>] (schedule) from [<c03dd2bc>] (kswapd+0x794/0x7c8)
[  141.323608] [<c03dd2bc>] (kswapd) from [<c035cb40>] (kthread+0xdc/0xf4)
[  141.330718] [<c035cb40>] (kthread) from [<c0307eb8>] (ret_from_fork+0x14/0x3c)
[  141.338439] vmstat          S c0b50218     0    30      2 0x00000000
[  141.345367] [<c0b50218>] (__schedule) from [<c0b505f8>] (schedule+0x44/0x9c)
[  141.352935] [<c0b505f8>] (schedule) from [<c0358078>] (rescuer_thread+0x2fc/0x364)
[  141.361083] [<c0358078>] (rescuer_thread) from [<c035cb40>] (kthread+0xdc/0xf4)
[  141.368927] [<c035cb40>] (kthread) from [<c0307eb8>] (ret_from_fork+0x14/0x3c)
[  141.376617] nfsiod          S c0b50218     0    31      2 0x00000000
[  141.383575] [<c0b50218>] (__schedule) from [<c0b505f8>] (schedule+0x44/0x9c)
[  141.391143] [<c0b505f8>] (schedule) from [<c0358078>] (rescuer_thread+0x2fc/0x364)
[  141.399291] [<c0358078>] (rescuer_thread) from [<c035cb40>] (kthread+0xdc/0xf4)
[  141.407135] [<c035cb40>] (kthread) from [<c0307eb8>] (ret_from_fork+0x14/0x3c)
[  141.414825] bioset          S c0b50218     0    40      2 0x00000000
[  141.421783] [<c0b50218>] (__schedule) from [<c0b505f8>] (schedule+0x44/0x9c)
[  141.429351] [<c0b505f8>] (schedule) from [<c0358078>] (rescuer_thread+0x2fc/0x364)
[  141.437469] [<c0358078>] (rescuer_thread) from [<c035cb40>] (kthread+0xdc/0xf4)
[  141.445343] [<c035cb40>] (kthread) from [<c0307eb8>] (ret_from_fork+0x14/0x3c)
[  141.453033] bioset          S c0b50218     0    41      2 0x00000000
[  141.459991] [<c0b50218>] (__schedule) from [<c0b505f8>] (schedule+0x44/0x9c)
[  141.467559] [<c0b505f8>] (schedule) from [<c0358078>] (rescuer_thread+0x2fc/0x364)
[  141.475677] [<c0358078>] (rescuer_thread) from [<c035cb40>] (kthread+0xdc/0xf4)
[  141.483520] [<c035cb40>] (kthread) from [<c0307eb8>] (ret_from_fork+0x14/0x3c)
[  141.491241] bioset          S c0b50218     0    42      2 0x00000000
[  141.498168] [<c0b50218>] (__schedule) from [<c0b505f8>] (schedule+0x44/0x9c)
[  141.505767] [<c0b505f8>] (schedule) from [<c0358078>] (rescuer_thread+0x2fc/0x364)
[  141.513885] [<c0358078>] (rescuer_thread) from [<c035cb40>] (kthread+0xdc/0xf4)
[  141.521728] [<c035cb40>] (kthread) from [<c0307eb8>] (ret_from_fork+0x14/0x3c)
[  141.529449] bioset          S c0b50218     0    43      2 0x00000000
[  141.536376] [<c0b50218>] (__schedule) from [<c0b505f8>] (schedule+0x44/0x9c)
[  141.543975] [<c0b505f8>] (schedule) from [<c0358078>] (rescuer_thread+0x2fc/0x364)
[  141.552093] [<c0358078>] (rescuer_thread) from [<c035cb40>] (kthread+0xdc/0xf4)
[  141.559936] [<c035cb40>] (kthread) from [<c0307eb8>] (ret_from_fork+0x14/0x3c)
[  141.567657] bioset          S c0b50218     0    44      2 0x00000000
[  141.574584] [<c0b50218>] (__schedule) from [<c0b505f8>] (schedule+0x44/0x9c)
[  141.582153] [<c0b505f8>] (schedule) from [<c0358078>] (rescuer_thread+0x2fc/0x364)
[  141.590301] [<c0358078>] (rescuer_thread) from [<c035cb40>] (kthread+0xdc/0xf4)
[  141.598144] [<c035cb40>] (kthread) from [<c0307eb8>] (ret_from_fork+0x14/0x3c)
[  141.605834] bioset          S c0b50218     0    45      2 0x00000000
[  141.612792] [<c0b50218>] (__schedule) from [<c0b505f8>] (schedule+0x44/0x9c)
[  141.620361] [<c0b505f8>] (schedule) from [<c0358078>] (rescuer_thread+0x2fc/0x364)
[  141.628479] [<c0358078>] (rescuer_thread) from [<c035cb40>] (kthread+0xdc/0xf4)
[  141.636352] [<c035cb40>] (kthread) from [<c0307eb8>] (ret_from_fork+0x14/0x3c)
[  141.644042] bioset          S c0b50218     0    46      2 0x00000000
[  141.650970] [<c0b50218>] (__schedule) from [<c0b505f8>] (schedule+0x44/0x9c)
[  141.658569] [<c0b505f8>] (schedule) from [<c0358078>] (rescuer_thread+0x2fc/0x364)
[  141.666687] [<c0358078>] (rescuer_thread) from [<c035cb40>] (kthread+0xdc/0xf4)
[  141.674530] [<c035cb40>] (kthread) from [<c0307eb8>] (ret_from_fork+0x14/0x3c)
[  141.682250] bioset          S c0b50218     0    47      2 0x00000000
[  141.689178] [<c0b50218>] (__schedule) from [<c0b505f8>] (schedule+0x44/0x9c)
[  141.696777] [<c0b505f8>] (schedule) from [<c0358078>] (rescuer_thread+0x2fc/0x364)
[  141.704895] [<c0358078>] (rescuer_thread) from [<c035cb40>] (kthread+0xdc/0xf4)
[  141.712738] [<c035cb40>] (kthread) from [<c0307eb8>] (ret_from_fork+0x14/0x3c)
[  141.720458] bioset          S c0b50218     0    48      2 0x00000000
[  141.727386] [<c0b50218>] (__schedule) from [<c0b505f8>] (schedule+0x44/0x9c)
[  141.734954] [<c0b505f8>] (schedule) from [<c0358078>] (rescuer_thread+0x2fc/0x364)
[  141.743103] [<c0358078>] (rescuer_thread) from [<c035cb40>] (kthread+0xdc/0xf4)
[  141.750946] [<c035cb40>] (kthread) from [<c0307eb8>] (ret_from_fork+0x14/0x3c)
[  141.758636] bioset          S c0b50218     0    49      2 0x00000000
[  141.765594] [<c0b50218>] (__schedule) from [<c0b505f8>] (schedule+0x44/0x9c)
[  141.773162] [<c0b505f8>] (schedule) from [<c0358078>] (rescuer_thread+0x2fc/0x364)
[  141.781311] [<c0358078>] (rescuer_thread) from [<c035cb40>] (kthread+0xdc/0xf4)
[  141.789154] [<c035cb40>] (kthread) from [<c0307eb8>] (ret_from_fork+0x14/0x3c)
[  141.796844] bioset          S c0b50218     0    50      2 0x00000000
[  141.803802] [<c0b50218>] (__schedule) from [<c0b505f8>] (schedule+0x44/0x9c)
[  141.811370] [<c0b505f8>] (schedule) from [<c0358078>] (rescuer_thread+0x2fc/0x364)
[  141.819488] [<c0358078>] (rescuer_thread) from [<c035cb40>] (kthread+0xdc/0xf4)
[  141.827362] [<c035cb40>] (kthread) from [<c0307eb8>] (ret_from_fork+0x14/0x3c)
[  141.835052] bioset          S c0b50218     0    51      2 0x00000000
[  141.842010] [<c0b50218>] (__schedule) from [<c0b505f8>] (schedule+0x44/0x9c)
[  141.849578] [<c0b505f8>] (schedule) from [<c0358078>] (rescuer_thread+0x2fc/0x364)
[  141.857696] [<c0358078>] (rescuer_thread) from [<c035cb40>] (kthread+0xdc/0xf4)
[  141.865570] [<c035cb40>] (kthread) from [<c0307eb8>] (ret_from_fork+0x14/0x3c)
[  141.873260] bioset          S c0b50218     0    52      2 0x00000000
[  141.880187] [<c0b50218>] (__schedule) from [<c0b505f8>] (schedule+0x44/0x9c)
[  141.887786] [<c0b505f8>] (schedule) from [<c0358078>] (rescuer_thread+0x2fc/0x364)
[  141.895904] [<c0358078>] (rescuer_thread) from [<c035cb40>] (kthread+0xdc/0xf4)
[  141.903747] [<c035cb40>] (kthread) from [<c0307eb8>] (ret_from_fork+0x14/0x3c)
[  141.911468] bioset          S c0b50218     0    53      2 0x00000000
[  141.918395] [<c0b50218>] (__schedule) from [<c0b505f8>] (schedule+0x44/0x9c)
[  141.925964] [<c0b505f8>] (schedule) from [<c0358078>] (rescuer_thread+0x2fc/0x364)
[  141.934112] [<c0358078>] (rescuer_thread) from [<c035cb40>] (kthread+0xdc/0xf4)
[  141.941955] [<c035cb40>] (kthread) from [<c0307eb8>] (ret_from_fork+0x14/0x3c)
[  141.949645] bioset          S c0b50218     0    54      2 0x00000000
[  141.956604] [<c0b50218>] (__schedule) from [<c0b505f8>] (schedule+0x44/0x9c)
[  141.964172] [<c0b505f8>] (schedule) from [<c0358078>] (rescuer_thread+0x2fc/0x364)
[  141.972320] [<c0358078>] (rescuer_thread) from [<c035cb40>] (kthread+0xdc/0xf4)
[  141.980163] [<c035cb40>] (kthread) from [<c0307eb8>] (ret_from_fork+0x14/0x3c)
[  141.987854] bioset          S c0b50218     0    55      2 0x00000000
[  141.994812] [<c0b50218>] (__schedule) from [<c0b505f8>] (schedule+0x44/0x9c)
[  142.002380] [<c0b505f8>] (schedule) from [<c0358078>] (rescuer_thread+0x2fc/0x364)
[  142.010498] [<c0358078>] (rescuer_thread) from [<c035cb40>] (kthread+0xdc/0xf4)
[  142.018371] [<c035cb40>] (kthread) from [<c0307eb8>] (ret_from_fork+0x14/0x3c)
[  142.026062] bioset          S c0b50218     0    56      2 0x00000000
[  142.033020] [<c0b50218>] (__schedule) from [<c0b505f8>] (schedule+0x44/0x9c)
[  142.040588] [<c0b505f8>] (schedule) from [<c0358078>] (rescuer_thread+0x2fc/0x364)
[  142.048706] [<c0358078>] (rescuer_thread) from [<c035cb40>] (kthread+0xdc/0xf4)
[  142.056549] [<c035cb40>] (kthread) from [<c0307eb8>] (ret_from_fork+0x14/0x3c)
[  142.064270] bioset          S c0b50218     0    57      2 0x00000000
[  142.071197] [<c0b50218>] (__schedule) from [<c0b505f8>] (schedule+0x44/0x9c)
[  142.078796] [<c0b505f8>] (schedule) from [<c0358078>] (rescuer_thread+0x2fc/0x364)
[  142.086914] [<c0358078>] (rescuer_thread) from [<c035cb40>] (kthread+0xdc/0xf4)
[  142.094757] [<c035cb40>] (kthread) from [<c0307eb8>] (ret_from_fork+0x14/0x3c)
[  142.102478] bioset          S c0b50218     0    58      2 0x00000000
[  142.109405] [<c0b50218>] (__schedule) from [<c0b505f8>] (schedule+0x44/0x9c)
[  142.116973] [<c0b505f8>] (schedule) from [<c0358078>] (rescuer_thread+0x2fc/0x364)
[  142.125122] [<c0358078>] (rescuer_thread) from [<c035cb40>] (kthread+0xdc/0xf4)
[  142.132965] [<c035cb40>] (kthread) from [<c0307eb8>] (ret_from_fork+0x14/0x3c)
[  142.140655] bioset          S c0b50218     0    59      2 0x00000000
[  142.147613] [<c0b50218>] (__schedule) from [<c0b505f8>] (schedule+0x44/0x9c)
[  142.155181] [<c0b505f8>] (schedule) from [<c0358078>] (rescuer_thread+0x2fc/0x364)
[  142.163330] [<c0358078>] (rescuer_thread) from [<c035cb40>] (kthread+0xdc/0xf4)
[  142.171173] [<c035cb40>] (kthread) from [<c0307eb8>] (ret_from_fork+0x14/0x3c)
[  142.178863] bioset          S c0b50218     0    60      2 0x00000000
[  142.185821] [<c0b50218>] (__schedule) from [<c0b505f8>] (schedule+0x44/0x9c)
[  142.193389] [<c0b505f8>] (schedule) from [<c0358078>] (rescuer_thread+0x2fc/0x364)
[  142.201507] [<c0358078>] (rescuer_thread) from [<c035cb40>] (kthread+0xdc/0xf4)
[  142.209381] [<c035cb40>] (kthread) from [<c0307eb8>] (ret_from_fork+0x14/0x3c)
[  142.217071] bioset          S c0b50218     0    61      2 0x00000000
[  142.224029] [<c0b50218>] (__schedule) from [<c0b505f8>] (schedule+0x44/0x9c)
[  142.231597] [<c0b505f8>] (schedule) from [<c0358078>] (rescuer_thread+0x2fc/0x364)
[  142.239715] [<c0358078>] (rescuer_thread) from [<c035cb40>] (kthread+0xdc/0xf4)
[  142.247558] [<c035cb40>] (kthread) from [<c0307eb8>] (ret_from_fork+0x14/0x3c)
[  142.255279] bioset          S c0b50218     0    62      2 0x00000000
[  142.262207] [<c0b50218>] (__schedule) from [<c0b505f8>] (schedule+0x44/0x9c)
[  142.269805] [<c0b505f8>] (schedule) from [<c0358078>] (rescuer_thread+0x2fc/0x364)
[  142.277923] [<c0358078>] (rescuer_thread) from [<c035cb40>] (kthread+0xdc/0xf4)
[  142.285766] [<c035cb40>] (kthread) from [<c0307eb8>] (ret_from_fork+0x14/0x3c)
[  142.293487] bioset          S c0b50218     0    63      2 0x00000000
[  142.300415] [<c0b50218>] (__schedule) from [<c0b505f8>] (schedule+0x44/0x9c)
[  142.307983] [<c0b505f8>] (schedule) from [<c0358078>] (rescuer_thread+0x2fc/0x364)
[  142.316131] [<c0358078>] (rescuer_thread) from [<c035cb40>] (kthread+0xdc/0xf4)
[  142.323974] [<c035cb40>] (kthread) from [<c0307eb8>] (ret_from_fork+0x14/0x3c)
[  142.331665] irq/23-TWL4030- S c0b50218     0    64      2 0x00000000
[  142.338592] [<c0b50218>] (__schedule) from [<c0b505f8>] (schedule+0x44/0x9c)
[  142.346282] [<c0b505f8>] (schedule) from [<c03862c8>] (irq_thread+0xb8/0x1ec)
[  142.354034] [<c03862c8>] (irq_thread) from [<c035cb40>] (kthread+0xdc/0xf4)
[  142.361633] [<c035cb40>] (kthread) from [<c0307eb8>] (ret_from_fork+0x14/0x3c)
[  142.369445] spi1            S c0b50218     0    65      2 0x00000000
[  142.376464] [<c0b50218>] (__schedule) from [<c0b505f8>] (schedule+0x44/0x9c)
[  142.384033] [<c0b505f8>] (schedule) from [<c035cc64>] (kthread_worker_fn+0x10c/0x19c)
[  142.392456] [<c035cc64>] (kthread_worker_fn) from [<c035cb40>] (kthread+0xdc/0xf4)
[  142.400573] [<c035cb40>] (kthread) from [<c0307eb8>] (ret_from_fork+0x14/0x3c)
[  142.408294] spi2            S c0b50218     0    66      2 0x00000000
[  142.415191] [<c0b50218>] (__schedule) from [<c0b505f8>] (schedule+0x44/0x9c)
[  142.422760] [<c0b505f8>] (schedule) from [<c035cc64>] (kthread_worker_fn+0x10c/0x19c)
[  142.431182] [<c035cc64>] (kthread_worker_fn) from [<c035cb40>] (kthread+0xdc/0xf4)
[  142.439300] [<c035cb40>] (kthread) from [<c0307eb8>] (ret_from_fork+0x14/0x3c)
[  142.447021] spi3            S c0b50218     0    67      2 0x00000000
[  142.453918] [<c0b50218>] (__schedule) from [<c0b505f8>] (schedule+0x44/0x9c)
[  142.461486] [<c0b505f8>] (schedule) from [<c035cc64>] (kthread_worker_fn+0x10c/0x19c)
[  142.469909] [<c035cc64>] (kthread_worker_fn) from [<c035cb40>] (kthread+0xdc/0xf4)
[  142.478027] [<c035cb40>] (kthread) from [<c0307eb8>] (ret_from_fork+0x14/0x3c)
[  142.485748] spi4            S c0b50218     0    68      2 0x00000000
[  142.492645] [<c0b50218>] (__schedule) from [<c0b505f8>] (schedule+0x44/0x9c)
[  142.500244] [<c0b505f8>] (schedule) from [<c035cc64>] (kthread_worker_fn+0x10c/0x19c)
[  142.508636] [<c035cc64>] (kthread_worker_fn) from [<c035cb40>] (kthread+0xdc/0xf4)
[  142.516754] [<c035cb40>] (kthread) from [<c0307eb8>] (ret_from_fork+0x14/0x3c)
[  142.524475] kworker/u2:1    S c0b50218     0    69      2 0x00000000
[  142.531402] [<c0b50218>] (__schedule) from [<c0b505f8>] (schedule+0x44/0x9c)
[  142.539001] [<c0b505f8>] (schedule) from [<c0357944>] (worker_thread+0xd8/0x510)
[  142.546936] [<c0357944>] (worker_thread) from [<c035cb40>] (kthread+0xdc/0xf4)
[  142.554687] [<c035cb40>] (kthread) from [<c0307eb8>] (ret_from_fork+0x14/0x3c)
[  142.562408] kpsmoused       S c0b50218     0    71      2 0x00000000
[  142.569335] [<c0b50218>] (__schedule) from [<c0b505f8>] (schedule+0x44/0x9c)
[  142.576904] [<c0b505f8>] (schedule) from [<c0358078>] (rescuer_thread+0x2fc/0x364)
[  142.585052] [<c0358078>] (rescuer_thread) from [<c035cb40>] (kthread+0xdc/0xf4)
[  142.592895] [<c035cb40>] (kthread) from [<c0307eb8>] (ret_from_fork+0x14/0x3c)
[  142.600585] ipv6_addrconf   S c0b50218     0    72      2 0x00000000
[  142.607543] [<c0b50218>] (__schedule) from [<c0b505f8>] (schedule+0x44/0x9c)
[  142.615112] [<c0b505f8>] (schedule) from [<c0358078>] (rescuer_thread+0x2fc/0x364)
[  142.623260] [<c0358078>] (rescuer_thread) from [<c035cb40>] (kthread+0xdc/0xf4)
[  142.631103] [<c035cb40>] (kthread) from [<c0307eb8>] (ret_from_fork+0x14/0x3c)
[  142.638793] kworker/0:2     S c0b50218     0    73      2 0x00000000
[  142.645751] [<c0b50218>] (__schedule) from [<c0b505f8>] (schedule+0x44/0x9c)
[  142.653320] [<c0b505f8>] (schedule) from [<c0357944>] (worker_thread+0xd8/0x510)
[  142.661254] [<c0357944>] (worker_thread) from [<c035cb40>] (kthread+0xdc/0xf4)
[  142.669006] [<c035cb40>] (kthread) from [<c0307eb8>] (ret_from_fork+0x14/0x3c)
[  142.676727] deferwq         S c0b50218     0    74      2 0x00000000
[  142.683654] [<c0b50218>] (__schedule) from [<c0b505f8>] (schedule+0x44/0x9c)
[  142.691253] [<c0b505f8>] (schedule) from [<c0358078>] (rescuer_thread+0x2fc/0x364)
[  142.699371] [<c0358078>] (rescuer_thread) from [<c035cb40>] (kthread+0xdc/0xf4)
[  142.707214] [<c035cb40>] (kthread) from [<c0307eb8>] (ret_from_fork+0x14/0x3c)
[  142.714935] irq/338-4902000 S c0b50218     0    75      2 0x00000000
[  142.721832] [<c0b50218>] (__schedule) from [<c0b505f8>] (schedule+0x44/0x9c)
[  142.729400] [<c0b505f8>] (schedule) from [<c03862c8>] (irq_thread+0xb8/0x1ec)
[  142.737091] [<c03862c8>] (irq_thread) from [<c035cb40>] (kthread+0xdc/0xf4)
[  142.744567] [<c035cb40>] (kthread) from [<c0307eb8>] (ret_from_fork+0x14/0x3c)
[  142.752288] Sched Debug Version: v0.11, 4.5.0-next-20160317-00002-g73ccb470de38 #1
[  142.760375] ktime                                   : 142756.248778
[  142.767059] sched_clk                               : 142752.258300
[  142.773742] cpu_clk                                 : 142752.258300
[  142.780426] jiffies                                 : 4294935336
[  142.786834] 
[  142.788452] sysctl_sched
[  142.791168]   .sysctl_sched_latency                    : 6.000000
[  142.797668]   .sysctl_sched_min_granularity            : 0.750000
[  142.804168]   .sysctl_sched_wakeup_granularity         : 1.000000
[  142.810668]   .sysctl_sched_child_runs_first           : 0
[  142.816528]   .sysctl_sched_features                   : 44859
[  142.822753]   .sysctl_sched_tunable_scaling            : 1 (logaritmic)
[  142.829803] 
[  142.831420] cpu#0
[  142.833496]   .nr_running                    : 0
[  142.838439]   .load                          : 0
[  142.843353]   .nr_switches                   : 9357
[  142.848571]   .nr_load_updates               : 2820
[  142.853790]   .nr_uninterruptible            : 1
[  142.858703]   .next_balance                  : 4294.907296
[  142.864562]   .curr->pid                     : 0
[  142.869506]   .clock                         : 140156.646728
[  142.875549]   .clock_task                    : 140156.646728
[  142.881591]   .cpu_load[0]                   : 0
[  142.886535]   .cpu_load[1]                   : 0
[  142.891448]   .cpu_load[2]                   : 0
[  142.896392]   .cpu_load[3]                   : 0
[  142.901306]   .cpu_load[4]                   : 0
[  142.906249] 
[  142.906249] cfs_rq[0]:
[  142.910369]   .exec_clock                    : 0.000000
[  142.915954]   .MIN_vruntime                  : 0.000001
[  142.921539]   .min_vruntime                  : 2626.639816
[  142.927398]   .max_vruntime                  : 0.000001
[  142.932983]   .spread                        : 0.000000
[  142.938568]   .spread0                       : 0.000000
[  142.944152]   .nr_spread_over                : 0
[  142.949066]   .nr_running                    : 0
[  142.954010]   .load                          : 0
[  142.958953]   .load_avg                      : 1
[  142.963867]   .runnable_load_avg             : 0
[  142.968811]   .util_avg                      : 1
[  142.973724]   .removed_load_avg              : 0
[  142.978668]   .removed_util_avg              : 0
[  142.983612] 
[  142.983612] rt_rq[0]:
[  142.987609]   .rt_nr_running                 : 0
[  142.992553]   .rt_throttled                  : 0
[  142.997497]   .rt_time                       : 0.244141
[  143.003082]   .rt_runtime                    : 950.000000
[  143.008819] 
[  143.008819] dl_rq[0]:
[  143.012847]   .dl_nr_running                 : 0
[  143.017791]   .dl_bw->bw                     : 996147
[  143.023193]   .dl_bw->total_bw               : 0
[  143.028137] 
[  143.028137] runnable tasks:
[  143.028137]             task   PID         tree-key  switches  prio     wait-time             sum-exec        sum-sleep
[  143.028137] ----------------------------------------------------------------------------------------------------------
[  143.055480]        swapper/0     1      2626.639816      2991   120         0.000000      2563.629233         0.000000
[  143.066955]         kthreadd     2      2164.350230        73   120         0.000000         6.317142         0.000000
[  143.078430]      ksoftirqd/0     3      2223.920541        43   120         0.000000         1.464845         0.000000
[  143.089904]      kworker/0:0     4      1820.379027         9   120         0.000000         0.366212         0.000000
[  143.101379]     kworker/0:0H     5       296.656110         5   100         0.000000         0.091553         0.000000
[  143.112854]     kworker/u2:0     6      2622.876877        15   120         0.000000         0.640870         0.000000
[  143.124328]        rcu_sched     7      2289.563859        84   120         0.000000        13.092037         0.000000
[  143.135803]           rcu_bh     8        18.565440         2   120         0.000000         0.000000         0.000000
[  143.147277]      migration/0     9        19.968017         4     0         0.000000         0.091552         0.000000
[  143.158752]       watchdog/0    10         0.000000        38     0         0.000000         9.246822         0.000000
[  143.170227]          cpuhp/0    11        24.013923         3   120         0.000000         0.091553         0.000000
[  143.181671]        kdevtmpfs    12      1974.354366       650   120         0.000000        36.895724         0.000000
[  143.193145]      kworker/0:1    13      2623.121018      1125   120         0.000000       197.601273         0.000000
[  143.204620]       khungtaskd    14      2557.325114         3   120         0.000000         0.366211         0.000000
[  143.216094]       oom_reaper    15       194.182131         2   120         0.000000         0.061035         0.000000
[  143.227569]        writeback    16       244.592778         2   100         0.000000         0.000000         0.000000
[  143.239044]       kcompactd0    17       250.592776         2   120         0.000000         0.000000         0.000000
[  143.250518]           crypto    18       250.020374         2   100         0.000000         0.030517         0.000000
[  143.261993]           bioset    19       249.703127         2   100         0.000000         0.030518         0.000000
[  143.273468]          kblockd    20       249.586231         2   100         0.000000         0.061034         0.000000
[  143.284942]          ata_sff    21       274.854601         2   100         0.000000         0.061035         0.000000
[  143.296386]  irq/72-48070000    22       276.854248       987    49         0.000000        62.225307         0.000000
[  143.307861]  irq/73-48072000    23         0.000000         2    49         0.000000         0.061035         0.000000
[  143.319335]  irq/77-48060000    24       281.852048         2    49         0.000000         0.030518         0.000000
[  143.330810]      edac-poller    25       281.852400         2   100         0.000000         0.030518         0.000000
[  143.342285]       devfreq_wq    26       283.314697         2   100         0.000000         0.000000         0.000000
[  143.353759]        watchdogd    27       286.695420         2   100         0.000000         0.030518         0.000000
[  143.365234]           rpciod    28       302.716792         2   100         0.000000         0.061036         0.000000
[  143.376708]          kswapd0    29       404.096190         3   120         0.000000         0.091553         0.000000
[  143.388183]           vmstat    30       306.747659         2   100         0.000000         0.061034         0.000000
[  143.399658]           nfsiod    31       308.808342         2   100         0.000000         0.061036         0.000000
[  143.411102]           bioset    40      1259.491966         2   100         0.000000         0.000000         0.000000
[  143.422576]           bioset    41      1258.736108         2   100         0.000000         0.061035         0.000000
[  143.434051]           bioset    42      1260.236105         2   100         0.000000         0.030517         0.000000
[  143.445526]           bioset    43      1262.297139         2   100         0.000000         0.061035         0.000000
[  143.457000]           bioset    44      1264.266620         2   100         0.000000         0.000000         0.000000
[  143.468475]           bioset    45      1264.327656         2   100         0.000000         0.030518         0.000000
[  143.479949]           bioset    46      1266.358172         2   100         0.000000         0.030517         0.000000
[  143.491394]           bioset    47      1268.419206         2   100         0.000000         0.061035         0.000000
[  143.502868]           bioset    48      1270.389040         2   100         0.000000         0.030518         0.000000
[  143.514343]           bioset    49      1270.449722         2   100         0.000000         0.030517         0.000000
[  143.525817]           bioset    50      1272.419557         2   100         0.000000         0.030518         0.000000
[  143.537292]           bioset    51      1272.449721         2   100         0.000000         0.000000         0.000000
[  143.548736]           bioset    52      1274.419556         2   100         0.000000         0.000000         0.000000
[  143.560211]           bioset    53      1274.450072         2   100         0.000000         0.030518         0.000000
[  143.571685]           bioset    54      1276.419555         2   100         0.000000         0.000000         0.000000
[  143.583160]           bioset    55      1276.480589         2   100         0.000000         0.030518         0.000000
[  143.594635]           bioset    56      1299.582748         2   100         0.000000         0.030518         0.000000
[  143.606109]           bioset    57      1299.894653         2   100         0.000000         0.030518         0.000000
[  143.617584]           bioset    58      1301.613265         2   100         0.000000         0.030518         0.000000
[  143.629028]           bioset    59      1302.336056         2   100         0.000000         0.030518         0.000000
[  143.640502]           bioset    60      1303.643782         2   100         0.000000         0.030518         0.000000
[  143.651977]           bioset    61      1304.807978         2   100         0.000000         0.000000         0.000000
[  143.663452]           bioset    62      1306.150751         2   100         0.000000         0.030517         0.000000
[  143.674926]           bioset    63      1308.181268         2   100         0.000000         0.030518         0.000000
[  143.686401]  irq/23-TWL4030-    64      1329.672725         2    49         0.000000         0.030518         0.000000
[  143.698028]             spi1    65      1393.027226         2   120         0.000000         0.061035         0.000000
[  143.709655]             spi2    66      1394.527225         2   120         0.000000         0.030518         0.000000
[  143.721313]             spi3    67      1395.027225         2   120         0.000000         0.000000         0.000000
[  143.732940]             spi4    68      1396.027223         2   120         0.000000         0.000000         0.000000
[  143.744598]     kworker/u2:1    69      1437.308231         2   120         0.000000         0.030517         0.000000
[  143.756225]        kpsmoused    71      1741.554319         2   100         0.000000         0.030517         0.000000
[  143.767852]    ipv6_addrconf    72      1877.705200         2   100         0.000000         0.061035         0.000000
[  143.779327]      kworker/0:2    73      2054.087521        30   120         0.000000         3.936768         0.000000
[  143.790802]          deferwq    74      1979.622296         2   100         0.000000         0.030518         0.000000
[  143.802276]  irq/338-4902000    75         0.000000         2    49         0.000000         0.457763         0.000000
[  143.813751] 
[  143.815368] Showing busy workqueues and worker pools:
- 13:24:07 [INFO] [  150.463592] sysrq: SysRq : Show backtrace of all active CPUs
[  150.469726] Sending NMI to all CPUs:
[  150.473571] NMI backtrace for cpu 0
[  150.477325] CPU: 0 PID: 0 Comm: swapper/0 Not tainted 4.5.0-next-20160317-00002-g73ccb470de38 #1
[  150.486694] Hardware name: Generic OMAP3 (Flattened Device Tree)
[  150.493225] [<c0310440>] (unwind_backtrace) from [<c030bb14>] (show_stack+0x10/0x14)
[  150.501525] [<c030bb14>] (show_stack) from [<c058d4d4>] (dump_stack+0x98/0xac)
[  150.509307] [<c058d4d4>] (dump_stack) from [<c0590d34>] (nmi_cpu_backtrace+0x88/0x8c)
[  150.517700] [<c0590d34>] (nmi_cpu_backtrace) from [<c030e2e8>] (raise_nmi+0x6c/0x70)
[  150.526000] [<c030e2e8>] (raise_nmi) from [<c0590c98>] (nmi_trigger_all_cpu_backtrace+0xf4/0x108)
[  150.535491] [<c0590c98>] (nmi_trigger_all_cpu_backtrace) from [<c06ae3e0>] (__handle_sysrq+0xa8/0x16c)
[  150.545471] [<c06ae3e0>] (__handle_sysrq) from [<c06de074>] (serial_omap_irq+0x384/0x3c4)
[  150.554229] [<c06de074>] (serial_omap_irq) from [<c038502c>] (handle_irq_event_percpu+0x88/0x140)
[  150.563720] [<c038502c>] (handle_irq_event_percpu) from [<c0385128>] (handle_irq_event+0x44/0x68)
[  150.573242] [<c0385128>] (handle_irq_event) from [<c03881bc>] (handle_level_irq+0xa0/0x134)
[  150.582183] [<c03881bc>] (handle_level_irq) from [<c0384710>] (generic_handle_irq+0x24/0x34)
[  150.591217] [<c0384710>] (generic_handle_irq) from [<c03849c0>] (__handle_domain_irq+0x5c/0xb4)
[  150.600524] [<c03849c0>] (__handle_domain_irq) from [<c030c654>] (__irq_svc+0x54/0x70)
[  150.609008] [<c030c654>] (__irq_svc) from [<c0378708>] (cpu_startup_entry+0xc8/0x224)
[  150.617431] [<c0378708>] (cpu_startup_entry) from [<c1100c50>] (start_kernel+0x374/0x380)
[  150.626342] [<c1100c50>] (start_kernel) from [<8020807c>] (0x8020807c)
[  150.633331] Unable to handle kernel NULL pointer dereference at virtual address 00000000
[  150.641967] pgd = c0204000
[  150.644866] [00000000] *pgd=00000000
[  150.648742] Internal error: Oops: 80000005 [#1] SMP ARM
[  150.654327] Modules linked in:
[  150.657653] CPU: 0 PID: 0 Comm: swapper/0 Not tainted 4.5.0-next-20160317-00002-g73ccb470de38 #1
[  150.667022] Hardware name: Generic OMAP3 (Flattened Device Tree)
[  150.673431] task: c1306a80 ti: c1300000 task.ti: c1300000
[  150.679199] PC is at 0x0
[  150.681945] LR is at nmi_trigger_all_cpu_backtrace+0xf4/0x108
[  150.688110] pc : [<00000000>]    lr : [<c0590c98>]    psr: 60000193
[  150.688110] sp : c1301e90  ip : 00000000  fp : c1301fa8
[  150.700317] r10: 00000061  r9 : c300a480  r8 : 00000001
[  150.705902] r7 : c030e27c  r6 : 00000000  r5 : c13027f8  r4 : 00000001
[  150.712890] r3 : 00000000  r2 : 00000000  r1 : 00000007  r0 : c13027f8
[  150.719848] Flags: nZCv  IRQs off  FIQs on  Mode SVC_32  ISA ARM  Segment none
[  150.727569] Control: 10c5387d  Table: 80204019  DAC: 00000051
[  150.733703] Process swapper/0 (pid: 0, stack limit = 0xc1300220)
[  150.740112] Stack: (0xc1301e90 to 0xc1302000)
[  150.744812] 1e80:                                     c13377b4 c13975f4 00000007 0000006c
[  150.753570] 1ea0: 00000001 c06ae3e0 c32ddc10 00000101 00000002 00000005 c1302100 c06de074
[  150.762329] 1ec0: c14381a8 c1438110 c1302140 c3622d80 c300a4e0 00000000 00000000 0000005a
[  150.771087] 1ee0: c300a480 c140e1aa c1301fa8 c038502c 00000000 088fb67e c300a480 c300a4e0
[  150.779846] 1f00: 00000000 00000000 c3003000 c130250c c1302504 c0385128 c300a480 c300a490
[  150.788604] 1f20: 00000000 c03881bc c1208510 0000005a 00000000 c0384710 c1208510 c03849c0
[  150.797363] 1f40: c0378708 20000013 ffffffff c1301f8c c12095c0 c030c654 00000000 c7c8a3f0
[  150.806121] 1f60: 00000001 c7c8a3fc c1300000 c13024a4 c1302400 ffffffff c12095c0 c130250c
[  150.814880] 1f80: c1302504 c1301fa8 00000001 c1301fa8 c03904ec c0378708 20000013 ffffffff
[  150.823638] 1fa0: 00000051 c03786f0 c1301fb4 c140e1a8 00000000 ffffffff 00000000 c1100c50
[  150.832366] 1fc0: ffffffff ffffffff 00000000 c1100688 00000000 c11a3a30 c14105d4 c1302480
[  150.841125] 1fe0: c11a3a2c c1307c5c 80204059 411fc082 00000000 8020807c 00000000 00000000
[  150.849914] [<c0590c98>] (nmi_trigger_all_cpu_backtrace) from [<c06ae3e0>] (__handle_sysrq+0xa8/0x16c)
[  150.859863] [<c06ae3e0>] (__handle_sysrq) from [<c06de074>] (serial_omap_irq+0x384/0x3c4)
[  150.868621] [<c06de074>] (serial_omap_irq) from [<c038502c>] (handle_irq_event_percpu+0x88/0x140)
[  150.878143] [<c038502c>] (handle_irq_event_percpu) from [<c0385128>] (handle_irq_event+0x44/0x68)
[  150.887634] [<c0385128>] (handle_irq_event) from [<c03881bc>] (handle_level_irq+0xa0/0x134)
[  150.896575] [<c03881bc>] (handle_level_irq) from [<c0384710>] (generic_handle_irq+0x24/0x34)
[  150.905609] [<c0384710>] (generic_handle_irq) from [<c03849c0>] (__handle_domain_irq+0x5c/0xb4)
[  150.914916] [<c03849c0>] (__handle_domain_irq) from [<c030c654>] (__irq_svc+0x54/0x70)
[  150.923400] [<c030c654>] (__irq_svc) from [<c0378708>] (cpu_startup_entry+0xc8/0x224)
[  150.931793] [<c0378708>] (cpu_startup_entry) from [<c1100c50>] (start_kernel+0x374/0x380)
[  150.940673] [<c1100c50>] (start_kernel) from [<8020807c>] (0x8020807c)
[  150.947662] Code: bad PC value
[  150.950988] ---[ end trace e4c8cec081b1bf43 ]---
[  150.955932] Kernel panic - not syncing: Fatal exception in interrupt
[  150.962738] ---[ end Kernel panic - not syncing: Fatal exception in interrupt
- 13:24:17 [INFO] 
- 13:24:17 [INFO] Disconnected serial from ldp3430
URL:gtsystest.telogy.design.ti.com/vatf/tidfarm-05/tidfarm-05_vatf@ldp3430/tidfarm-0503_17_2016_13_20_32/files/session_iteration_1/test_1
