- 05:51:19 [INFO] Starting target session
- 05:51:20 [INFO] Connected to n900 via serial 
- 05:51:20 [INFO] Host: 
- 05:51:20 [INFO] Target: 

root@GenericOMAP3(FlattenedDeviceTree):/test# 
- 05:51:20 [INFO] Host: sync;poweroff
- 05:51:37 [INFO] Target: 
sync;poweroff


Broadcast message from root@GenericOMAP3(FlattenedDeviceTree) (ttyO2) (Mon Ma
The 9%Quj(*UI55jRroot@GenericOMAP3(FlattenedDeviceTree):/test# 
INIT: SendingStopping Dropbear SSH server: stopped /usr/sbin/dropbear (pid 1553)
dropbear.
Stopping telnet daemon.
Stopping system message bus: Error opening /dev/fb0: No such file or directory
Stopping syslogd/klogd: stopped syslogd (pid 1564)
stopped klogd (pid 1568)
done
Stopping thttpd.
ALSA: Storing mixer settings...
/usr/sbin/alsactl: save_state:1580: No soundcards found...
Deconfiguring network interfaces... ifdown: interface eth0 not configured
done.
Stopping Lighttpd Web Server: stopped /usr/sbin/lighttpd (pid 1579)
lighttpd.
***************************************************************
***************************************************************
NOTICE: This file system contains the followin GPLv3 packages:
	binutils-symlinks
	binutils
	gdbserver
	parted

If you do not wish to distribute GPLv3 components please remove
the above packages prior to distribution.  This can be done using
the opkg remove command.  i.e.:
    opkg remove <package>
Where <package> is the name printed in the list above

NOTE: If the package is a dependency of another package you
      will be notified of the dependent packages.  You should
      use the --force-removal-of-dependent-packages option to
      also remove the dependent packages as well
***************************************************************
***************************************************************
Sending all processes the TERM signal...
Sending all processes the KILL signal...
Unmounting remote filesystems...
Deactivating swap...
Unmounting local filesystems...
[  419.255767] reboot: System halted

- 05:52:00 [INFO] Disconnected {"type"=>"serial"} from n900
- 05:52:00 [INFO] Host: 
- 05:52:00 [ERROR] On command:  waiting for (?-mix:Nokia\sRX-51\s#\s) >>> error: execution expired
- 05:52:00 [INFO] Target: 
Timed out in wait_for_event: status=0000
Check if pads/pull-ups of bus 1 are properly configured
Timed out in wait_for_event: status=0000
Check if pads/pull-ups of bus 1 are properly configured
Timed out in wait_for_event: status=0000
Check if pads/pull-ups of bus 1 are properly configured

- 05:52:00 [INFO] Host: 
- 05:52:01 [ERROR] On command:  waiting for (?-mix:Nokia\sRX-51\s#\s) >>> error: execution expired
- 05:52:01 [INFO] Target: 

Check if pads/pull-ups of bus 1 are properly configured
Timed out in wait_for_event: status=0000
Check if pads/pull-ups of bus 1 are properly configured
Timed out in wait_for_event: status=0000
Check if pads/pull-ups of bus 1 are properly configured
Timed out in wait_for_event: status=0000
Check if pads/pull-ups of bus 1 are properly configured

- 05:52:01 [INFO] Host: 
- 05:52:02 [ERROR] On command:  waiting for (?-mix:Nokia\sRX-51\s#\s) >>> error: execution expired
- 05:52:02 [INFO] Target: 
Timed out in wait_for_event: status=0000
Check if pads/pull-ups of bus 1 are properly configured
Timed out in wait_for_event: status=0000
Check if pads/pull-ups of bus 1 are properly configured
Timed out in wait_for_event: status=0000
Check if pads/pull-ups of bus 1 are properly configured

- 05:52:02 [INFO] Host: 
- 05:52:02 [ERROR] On command:  waiting for (?-mix:Nokia\sRX-51\s#\s) >>> error: execution expired
- 05:52:02 [INFO] Target: 
Timed out in wait_for_event: status=0000
Check if pads/pull-ups of bus 1 are properly configured
Timed out in wait_for_event: status=0000
Check if pads/pull-ups of bus 1 are properly configured
i2c_read (addr phase): pads on bus 1 probably not configured (status=0x10)
i2c_write: timed out writig last byte!

- 05:52:02 [INFO] Host: 
- 05:52:03 [INFO] Target: 

Nokia RX-51 # 
- 05:52:03 [INFO] Host: 
- 05:52:03 [INFO] Target: 

Nokia RX-51 # 
- 05:52:04 [INFO] Host: version
- 05:52:04 [INFO] Target: 
version

U-Boot 2014.04-00073-g4fa5b9e (Apr 22 2014 - 14:37:10)
arm-linux-gnueabi-gcc (Ubuntu/Linaro 4.6.3-1ubuntu5) 4.6.3
GNU ld (GNU Binutils for Ubuntu) 2.22
Nokia RX-51 # 
- 05:52:04 [INFO] Host: setenv bootargs 'console=ttyO2,57600n8 vram=16M earlyprintk rootwait '
- 05:52:05 [INFO] Target: 
setenv bootargs 'console=ttyO2,57600n8 vram=16M earlyprintk rootwait '
Nokia RX-51 # 
- 05:52:05 [INFO] Host: setenv bootcmd  ''
- 05:52:05 [INFO] Target: 
setenv bootcmd  ''
Nokia RX-51 # 
- 05:52:05 [INFO] Host: setenv autoload 'no'
- 05:52:06 [INFO] Target: 
setenv autoload 'no'
Nokia RX-51 # 
- 05:52:06 [INFO] Host: setenv serverip '128.247.105.47'
- 05:52:06 [INFO] Target: 
setenv serverip '128.247.105.47'
Nokia RX-51 # 
- 05:52:06 [INFO] Host: printenv
- 05:52:07 [INFO] Target: 
printenv
arch=arm
attachboot=echo Booting attached kernel image ...;setenv setup_omap_atag 1;bootm ${attkernaddr};setenv setup_omap_atag
attkernaddr=0x8fe40800
autoload=no
baudrate=57600
board=rx51
board_name=rx51
bootargs=console=ttyO2,57600n8 vram=16M earlyprintk rootwait 
bootcmd=
bootdelay=3
bootm_size=0x08000000
bootmenu_0=Attached kernel=run attachboot
bootmenu_1=Internal eMMC=run emmcboot
bootmenu_2=External SD card=run sdboot
bootmenu_3=U-Boot boot order=boot
bootmenu_delay=30
cpu=armv7
dieid#=582a000400000000040366100301000d
emmcboot=setenv mmcnum 1; run trymmcboot
fdt_file=omap3-n900.dtb
fdtaddr=0x80F80000
fileload=${mmctype}load mmc ${mmcnum}:${mmcpart} ${loadaddr} ${mmcfile}
ftdload=setenv loadaddr ${fdtaddr};setenv mmcfile ${fdt_file};run fileload
importbootenv=echo Importing environment from mmc${mmcdev} ...; env import -t ${loadaddr} ${filesize}
initrdaddr=0x84008000
initrdload=setenv loadaddr ${initrdaddr};setenv mmcfile ${mmcinitrdfile};run fileload
kernaddr=0x82008000
kernboot=echo Booting ${mmckernfile} from mmc ${mmcnum}:${mmcpart} ...; bootm ${kernaddr}
kernbootz=echo Booting ${kernel_file}+${fdt_file} from mmc ${mmcnum}:${mmcpart} ...; bootz ${kernaddr} - ${fdtaddr}
kernel_file=zImage
kerninitrdboot=echo Booting ${mmckernfile} ${mmcinitrdfile} from mmc ${mmcnum}:${mmcpart} ...; bootm ${kernaddr} ${initrdaddr}
kernload=setenv loadaddr ${kernaddr};setenv mmcfile ${mmckernfile};run fileload
kernloadz=setenv loadaddr ${kernaddr};setenv mmcfile ${kernel_file};run fileload
loadaddr=0x82008000
loadbootenv=fatload mmc ${mmcnum} ${loadaddr} uEnv.txt
mem=260353k
menucmd=bootmenu
preboot=setenv loadaddr ${kernaddr};echo
scriptaddr=0x86008000
scriptboot=echo Running ${mmcscriptfile} from mmc ${mmcnum}:${mmcpart} ...; source ${scriptaddr}
scriptload=setenv loadaddr ${scriptaddr};setenv mmcfile ${mmcscriptfile};run fileload
sdboot=setenv mmcnum 0; run trymmcboot
sercon=setenv con serial; run setcon
serverip=128.247.105.47
setcon=setenv stdin ${con};setenv stdout ${con};setenv stderr ${con}
slide=gpio input 71
soc=omap3
stderr=serial
stdin=serial
stdout=serial
switchmmc=mmc dev ${mmcnum}
trymmcallpartboot=setenv mmcpart 1; run trymmcpartboot;setenv mmcpart 2; run trymmcpartboot;setenv mmcpart 3; run trymmcpartboot;setenv mmcpart 4; run trymmcpartboot
trymmcboot=if run switchmmc; then setenv mmctype fat;run trymmcallpartboot;setenv mmctype ext2;run trymmcallpartboot;setenv mmctype ext4;run trymmcallpartboot;fi
trymmckernboot=if run switchmmc; then if run kernload; then run kernboot;fi;fi
trymmckernbootz=if run switchmmc; then if run ftdload; then if run kernloadz; then run kernbootz;fi;fi;fi
trymmckerninitrdboot=if run switchmmc; then if run initrdload; then if run kernload; then run kerninitrdboot;fi;fi; fi
trymmcpartboot=setenv mmcscriptfile boot.scr; run trymmcscriptboot;setenv mmckernfile uImage; run trymmckernboot;run trymmckernbootz
trymmcscriptboot=if run switchmmc; then if run scriptload; then run scriptboot;fi;fi
usbcon=setenv con usbtty; run setcon
usbtty=cdc_acm
vendor=nokia
vgacon=setenv con vga; run setcon

Environment size: 3197/131068 bytes
Nokia RX-51 # 
- 05:52:08 [INFO] Host: printenv
- 05:52:09 [INFO] Target: 
printenv
arch=arm
attachboot=echo Booting attached kernel image ...;setenv setup_omap_atag 1;bootm ${attkernaddr};setenv setup_omap_atag
attkernaddr=0x8fe40800
autoload=no
baudrate=57600
board=rx51
board_name=rx51
bootargs=console=ttyO2,57600n8 vram=16M earlyprintk rootwait 
bootcmd=
bootdelay=3
bootm_size=0x08000000
bootmenu_0=Attached kernel=run attachboot
bootmenu_1=Internal eMMC=run emmcboot
bootmenu_2=External SD card=run sdboot
bootmenu_3=U-Boot boot order=boot
bootmenu_delay=30
cpu=armv7
dieid#=582a000400000000040366100301000d
emmcboot=setenv mmcnum 1; run trymmcboot
fdt_file=omap3-n900.dtb
fdtaddr=0x80F80000
fileload=${mmctype}load mmc ${mmcnum}:${mmcpart} ${loadaddr} ${mmcfile}
ftdload=setenv loadaddr ${fdtaddr};setenv mmcfile ${fdt_file};run fileload
importbootenv=echo Importing environment from mmc${mmcdev} ...; env import -t ${loadaddr} ${filesize}
initrdaddr=0x84008000
initrdload=setenv loadaddr ${initrdaddr};setenv mmcfile ${mmcinitrdfile};run fileload
kernaddr=0x82008000
kernboot=echo Booting ${mmckernfile} from mmc ${mmcnum}:${mmcpart} ...; bootm ${kernaddr}
kernbootz=echo Booting ${kernel_file}+${fdt_file} from mmc ${mmcnum}:${mmcpart} ...; bootz ${kernaddr} - ${fdtaddr}
kernel_file=zImage
kerninitrdboot=echo Booting ${mmckernfile} ${mmcinitrdfile} from mmc ${mmcnum}:${mmcpart} ...; bootm ${kernaddr} ${initrdaddr}
kernload=setenv loadaddr ${kernaddr};setenv mmcfile ${mmckernfile};run fileload
kernloadz=setenv loadaddr ${kernaddr};setenv mmcfile ${kernel_file};run fileload
loadaddr=0x82008000
loadbootenv=fatload mmc ${mmcnum} ${loadaddr} uEnv.txt
mem=260353k
menucmd=bootmenu
preboot=setenv loadaddr ${kernaddr};echo
scriptaddr=0x86008000
scriptboot=echo Running ${mmcscriptfile} from mmc ${mmcnum}:${mmcpart} ...; source ${scriptaddr}
scriptload=setenv loadaddr ${scriptaddr};setenv mmcfile ${mmcscriptfile};run fileload
sdboot=setenv mmcnum 0; run trymmcboot
sercon=setenv con serial; run setcon
serverip=128.247.105.47
setcon=setenv stdin ${con};setenv stdout ${con};setenv stderr ${con}
slide=gpio input 71
soc=omap3
stderr=serial
stdin=serial
stdout=serial
switchmmc=mmc dev ${mmcnum}
trymmcallpartboot=setenv mmcpart 1; run trymmcpartboot;setenv mmcpart 2; run trymmcpartboot;setenv mmcpart 3; run trymmcpartboot;setenv mmcpart 4; run trymmcpartboot
trymmcboot=if run switchmmc; then setenv mmctype fat;run trymmcallpartboot;setenv mmctype ext2;run trymmcallpartboot;setenv mmctype ext4;run trymmcallpartboot;fi
trymmckernboot=if run switchmmc; then if run kernload; then run kernboot;fi;fi
trymmckernbootz=if run switchmmc; then if run ftdload; then if run kernloadz; then run kernbootz;fi;fi;fi
trymmckerninitrdboot=if run switchmmc; then if run initrdload; then if run kernload; then run kerninitrdboot;fi;fi; fi
trymmcpartboot=setenv mmcscriptfile boot.scr; run trymmcscriptboot;setenv mmckernfile uImage; run trymmckernboot;run trymmckernbootz
trymmcscriptboot=if run switchmmc; then if run scriptload; then run scriptboot;fi;fi
usbcon=setenv con usbtty; run setcon
usbtty=cdc_acm
vendor=nokia
vgacon=setenv con vga; run setcon

Environment size: 3197/131068 bytes
Nokia RX-51 # 
- 05:52:09 [INFO] Host: setenv bootargs ''${bootargs}' ip=dhcp '
- 05:52:09 [INFO] Target: 
setenv bootargs ''${bootargs}' ip=dhcp '
Nokia RX-51 # 
- 05:52:09 [INFO] Host: setenv ipaddr dhcp
- 05:52:10 [INFO] Target: 
setenv ipaddr dhcp
Nokia RX-51 # 
- 05:52:10 [INFO] Host: dhcp
- 05:52:10 [INFO] Target: 
dhcp
Unknown command 'dhcp' - try 'help'
Nokia RX-51 # 
- 05:52:11 [INFO] Disconnected serial from n900
- 06:07:35 [INFO] Connected to n900 via serial 
- 06:07:35 [INFO] Host: printenv
- 06:07:36 [INFO] Target: 
## Total Size      = 0x004be8b2 = 4974770 Bytes
Nokia RX-51 # printenv
arch=arm
attachboot=echo Booting attached kernel image ...;setenv setup_omap_atag 1;bootm ${attkernaddr};setenv setup_omap_atag
attkernaddr=0x8fe40800
autoload=no
baudrate=57600
board=rx51
board_name=rx51
bootargs=console=ttyO2,57600n8 vram=16M earlyprintk rootwait  ip=dhcp 
bootcmd=
bootdelay=3
bootm_size=0x08000000
bootmenu_0=Attached kernel=run attachboot
bootmenu_1=Internal eMMC=run emmcboot
bootmenu_2=External SD card=run sdboot
bootmenu_3=U-Boot boot order=boot
bootmenu_delay=30
cpu=armv7
dieid#=582a000400000000040366100301000d
emmcboot=setenv mmcnum 1; run trymmcboot
fdt_file=omap3-n900.dtb
fdtaddr=0x80F80000
fileload=${mmctype}load mmc ${mmcnum}:${mmcpart} ${loadaddr} ${mmcfile}
filesize=4be8b2
ftdload=setenv loadaddr ${fdtaddr};setenv mmcfile ${fdt_file};run fileload
importbootenv=echo Importing environment from mmc${mmcdev} ...; env import -t ${loadaddr} ${filesize}
initrdaddr=0x84008000
initrdload=setenv loadaddr ${initrdaddr};setenv mmcfile ${mmcinitrdfile};run fileload
ipaddr=dhcp
kernaddr=0x82008000
kernboot=echo Booting ${mmckernfile} from mmc ${mmcnum}:${mmcpart} ...; bootm ${kernaddr}
kernbootz=echo Booting ${kernel_file}+${fdt_file} from mmc ${mmcnum}:${mmcpart} ...; bootz ${kernaddr} - ${fdtaddr}
kernel_file=zImage
kerninitrdboot=echo Booting ${mmckernfile} ${mmcinitrdfile} from mmc ${mmcnum}:${mmcpart} ...; bootm ${kernaddr} ${initrdaddr}
kernload=setenv loadaddr ${kernaddr};setenv mmcfile ${mmckernfile};run fileload
kernloadz=setenv loadaddr ${kernaddr};setenv mmcfile ${kernel_file};run fileload
loadaddr=0x82008000
loadbootenv=fatload mmc ${mmcnum} ${loadaddr} uEnv.txt
mem=260353k
menucmd=bootmenu
preboot=setenv loadaddr ${kernaddr};echo
scriptaddr=0x86008000
scriptboot=echo Running ${mmcscriptfile} from mmc ${mmcnum}:${mmcpart} ...; source ${scriptaddr}
scriptload=setenv loadaddr ${scriptaddr};setenv mmcfile ${mmcscriptfile};run fileload
sdboot=setenv mmcnum 0; run trymmcboot
sercon=setenv con serial; run setcon
serverip=128.247.105.47
setcon=setenv stdin ${con};setenv stdout ${con};setenv stderr ${con}
slide=gpio input 71
soc=omap3
stderr=serial
stdin=serial
stdout=serial
switchmmc=mmc dev ${mmcnum}
trymmcallpartboot=setenv mmcpart 1; run trymmcpartboot;setenv mmcpart 2; run trymmcpartboot;setenv mmcpart 3; run trymmcpartboot;setenv mmcpart 4; run trymmcpartboot
trymmcboot=if run switchmmc; then setenv mmctype fat;run trymmcallpartboot;setenv mmctype ext2;run trymmcallpartboot;setenv mmctype ext4;run trymmcallpartboot;fi
trymmckernboot=if run switchmmc; then if run kernload; then run kernboot;fi;fi
trymmckernbootz=if run switchmmc; then if run ftdload; then if run kernloadz; then run kernbootz;fi;fi;fi
trymmckerninitrdboot=if run switchmmc; then if run initrdload; then if run kernload; then run kerninitrdboot;fi;fi; fi
trymmcpartboot=setenv mmcscriptfile boot.scr; run trymmcscriptboot;setenv mmckernfile uImage; run trymmckernboot;run trymmckernbootz
trymmcscriptboot=if run switchmmc; then if run scriptload; then run scriptboot;fi;fi
usbcon=setenv con usbtty; run setcon
usbtty=cdc_acm
vendor=nokia
vgacon=setenv con vga; run setcon

Environment size: 3238/131068 bytes
Nokia RX-51 # 
- 06:07:36 [INFO] Host: setenv bootargs ''${bootargs}' root=/dev/mmcblk0p2 rw rootfstype=ext3 rootwait '
- 06:07:36 [INFO] Target: 
setenv bootargs ''${bootargs}' root=/dev/mmcblk0p2 rw rootfstype=ext3 rootwait '
Nokia RX-51 # 
- 06:07:36 [INFO] Host: printenv
- 06:07:38 [INFO] Target: 
printenv
arch=arm
attachboot=echo Booting attached kernel image ...;setenv setup_omap_atag 1;bootm ${attkernaddr};setenv setup_omap_atag
attkernaddr=0x8fe40800
autoload=no
baudrate=57600
board=rx51
board_name=rx51
bootargs=console=ttyO2,57600n8 vram=16M earlyprintk rootwait  ip=dhcp  root=/dev/mmcblk0p2 rw rootfstype=ext3 rootwait 
bootcmd=
bootdelay=3
bootm_size=0x08000000
bootmenu_0=Attached kernel=run attachboot
bootmenu_1=Internal eMMC=run emmcboot
bootmenu_2=External SD card=run sdboot
bootmenu_3=U-Boot boot order=boot
bootmenu_delay=30
cpu=armv7
dieid#=582a000400000000040366100301000d
emmcboot=setenv mmcnum 1; run trymmcboot
fdt_file=omap3-n900.dtb
fdtaddr=0x80F80000
fileload=${mmctype}load mmc ${mmcnum}:${mmcpart} ${loadaddr} ${mmcfile}
filesize=4be8b2
ftdload=setenv loadaddr ${fdtaddr};setenv mmcfile ${fdt_file};run fileload
importbootenv=echo Importing environment from mmc${mmcdev} ...; env import -t ${loadaddr} ${filesize}
initrdaddr=0x84008000
initrdload=setenv loadaddr ${initrdaddr};setenv mmcfile ${mmcinitrdfile};run fileload
ipaddr=dhcp
kernaddr=0x82008000
kernboot=echo Booting ${mmckernfile} from mmc ${mmcnum}:${mmcpart} ...; bootm ${kernaddr}
kernbootz=echo Booting ${kernel_file}+${fdt_file} from mmc ${mmcnum}:${mmcpart} ...; bootz ${kernaddr} - ${fdtaddr}
kernel_file=zImage
kerninitrdboot=echo Booting ${mmckernfile} ${mmcinitrdfile} from mmc ${mmcnum}:${mmcpart} ...; bootm ${kernaddr} ${initrdaddr}
kernload=setenv loadaddr ${kernaddr};setenv mmcfile ${mmckernfile};run fileload
kernloadz=setenv loadaddr ${kernaddr};setenv mmcfile ${kernel_file};run fileload
loadaddr=0x82008000
loadbootenv=fatload mmc ${mmcnum} ${loadaddr} uEnv.txt
mem=260353k
menucmd=bootmenu
preboot=setenv loadaddr ${kernaddr};echo
scriptaddr=0x86008000
scriptboot=echo Running ${mmcscriptfile} from mmc ${mmcnum}:${mmcpart} ...; source ${scriptaddr}
scriptload=setenv loadaddr ${scriptaddr};setenv mmcfile ${mmcscriptfile};run fileload
sdboot=setenv mmcnum 0; run trymmcboot
sercon=setenv con serial; run setcon
serverip=128.247.105.47
setcon=setenv stdin ${con};setenv stdout ${con};setenv stderr ${con}
slide=gpio input 71
soc=omap3
stderr=serial
stdin=serial
stdout=serial
switchmmc=mmc dev ${mmcnum}
trymmcallpartboot=setenv mmcpart 1; run trymmcpartboot;setenv mmcpart 2; run trymmcpartboot;setenv mmcpart 3; run trymmcpartboot;setenv mmcpart 4; run trymmcpartboot
trymmcboot=if run switchmmc; then setenv mmctype fat;run trymmcallpartboot;setenv mmctype ext2;run trymmcallpartboot;setenv mmctype ext4;run trymmcallpartboot;fi
trymmckernboot=if run switchmmc; then if run kernload; then run kernboot;fi;fi
trymmckernbootz=if run switchmmc; then if run ftdload; then if run kernloadz; then run kernbootz;fi;fi;fi
trymmckerninitrdboot=if run switchmmc; then if run initrdload; then if run kernload; then run kerninitrdboot;fi;fi; fi
trymmcpartboot=setenv mmcscriptfile boot.scr; run trymmcscriptboot;setenv mmckernfile uImage; run trymmckernboot;run trymmckernbootz
trymmcscriptboot=if run switchmmc; then if run scriptload; then run scriptboot;fi;fi
usbcon=setenv con usbtty; run setcon
usbtty=cdc_acm
vendor=nokia
vgacon=setenv con vga; run setcon

Environment size: 3287/131068 bytes
Nokia RX-51 # 
- 06:07:38 [INFO] Host: setenv bootcmd ''${bootcmd}' if iminfo ${loadaddr}; then bootm ${loadaddr}  ; else bootz ${loadaddr}  ; bootm ${loadaddr}  ; fi'
- 06:07:38 [INFO] Target: 
setenv bootcmd ''${bootcmd}' if iminfo ${loadaddr}; then bootm ${loadaddr}  ; else bootz ${loadaddr}  ; bootm ${loadaddr}  ; fi'
Nokia RX-51 # 
- 06:07:38 [INFO] Host: bdinfo
- 06:07:39 [INFO] Target: 
bdinfo
arch_number = 0x000007A3
boot_params = 0x80000100
DRAM bank   = 0x00000000
-> start    = 0x80000000
-> size     = 0x10000000
DRAM bank   = 0x00000001
-> start    = 0x90000000
-> size     = 0x00000000
baudrate    = 57600 bps
TLB addr    = 0x8FE30000
relocaddr   = 0x8FDD1000
reloc off   = 0x0FDC9000
irq_sp      = 0x8FCF0F20
sp start    = 0x8FCF0F10
FB base     = 0x00000000
Nokia RX-51 # 
- 06:07:39 [INFO] Host: boot
- 06:10:09 [ERROR] On command: boot waiting for (?-mix:.*\s+login) >>> error: execution expired
- 06:10:09 [INFO] Target: 
boot
Unknown command 'iminfo' - try 'help'
Bad Linux ARM zImage magic!
## Booting kernel from Legacy Image at 82008000 ...
   Image Name:   Linux-3.15.0-rc8-next-20140606-0
   Image Type:   ARM Linux Kernel Image (uncompressed)
   Data Size:    4974706 Bytes = 4.7 MiB
   Load Address: 80800000
   Entry Point:  80800000
   Verifying Checksum ... OK
   Loading Kernel Image ... OK

Starting kernel ...

[    0.000000] Booting Linux on physical CPU 0x0
[    0.000000] Linux version 3.15.0-rc8-next-20140606-00002-g5e5cfa3 (nmenon@kahuna) (gcc version 4.6.3 (Ubuntu/Linaro 4.6.3-1ubuntu5) ) #1 SMP Mon Jun 9 05:49:17 CDT 2014
[    0.000000] CPU: ARMv7 Processor [411fc083] revision 3 (ARMv7), cr=10c5387d
[    0.000000] CPU: PIPT / VIPT nonaliasing data cache, VIPT nonaliasing instruction cache
[    0.000000] Machine model: Nokia N900
[    0.000000] cma: CMA: reserved 64 MiB at 8b800000
[    0.000000] Memory policy: Data cache writeback
[    0.000000]   HighMem zone: 1048574 pages exceeds freesize 0
[    0.000000] CPU: All CPU(s) started in SVC mode.
[    0.000000] OMAP3430/3530 ES3.1 (l2cache iva sgx neon isp )
[    0.000000] PERCPU: Embedded 8 pages/cpu @cfc89000 s8448 r8192 d16128 u32768
[    0.000000] Built 1 zonelists in Zone order, mobility grouping on.  Total pages: 64768
[    0.000000] Kernel command line: console=ttyO2,57600n8 vram=16M earlyprintk rootwait  ip=dhcp  root=/dev/mmcblk0p2 rw rootfstype=ext3 rootwait 
[    0.000000] PID hash table entries: 1024 (order: 0, 4096 bytes)
[    0.000000] Dentry cache hash table entries: 32768 (order: 5, 131072 bytes)
[    0.000000] Inode-cache hash table entries: 16384 (order: 4, 65536 bytes)
[    0.000000] Memory: 181988K/261120K available (6368K kernel code, 892K rwdata, 2564K rodata, 652K init, 303K bss, 79132K reserved, 0K highmem)
[    0.000000] Virtual kernel memory layout:
[    0.000000]     vector  : 0xffff0000 - 0xffff1000   (   4 kB)
[    0.000000]     fixmap  : 0xffc00000 - 0xffe00000   (2048 kB)
[    0.000000]     vmalloc : 0xd0800000 - 0xff000000   ( 744 MB)
[    0.000000]     lowmem  : 0xc0000000 - 0xd0000000   ( 256 MB)
[    0.000000]     pkmap   : 0xbfe00000 - 0xc0000000   (   2 MB)
[    0.000000]     modules : 0xbf000000 - 0xbfe00000   (  14 MB)
[    0.000000]       .text : 0xc0208000 - 0xc0ac13fc   (8933 kB)
[    0.000000]       .init : 0xc0ac2000 - 0xc0b65100   ( 653 kB)
[    0.000000]       .data : 0xc0b66000 - 0xc0c45340   ( 893 kB)
[    0.000000]        .bss : 0xc0c45348 - 0xc0c91090   ( 304 kB)
[    0.000000] SLUB: HWalign=64, Order=0-3, MinObjects=0, CPUs=1, Nodes=1
[    0.000000] Hierarchical RCU implementation.
[    0.000000] 	RCU restricting CPUs from NR_CPUS=8 to nr_cpu_ids=1.
[    0.000000] RCU: Adjusting geometry for rcu_fanout_leaf=16, nr_cpu_ids=1
[    0.000000] NR_IRQS:16 nr_irqs:16 16
[    0.000000] IRQ: Found an INTC at 0xfa200000 (revision 4.0) with 96 interrupts
[    0.000000] Total of 96 interrupts on 1 active controller
[    0.000000] Clocking rate (Crystal/Core/MPU): 19.2/332/500 MHz
[    0.000000] OMAP clockevent source: timer1 at 32768 Hz
[    0.000030] sched_clock: 32 bits at 32kHz, resolution 30517ns, wraps every 65536000000000ns
[    0.000030] OMAP clocksource: 32k_counter at 32768 Hz
[    0.000335] Console: colour dummy device 80x30
[    0.000366] Calibrating delay loop... 493.97 BogoMIPS (lpj=1234944)
[    0.033660] pid_max: default: 32768 minimum: 301
[    0.033935] Mount-cache hash table entries: 1024 (order: 0, 4096 bytes)
[    0.033966] Mountpoint-cache hash table entries: 1024 (order: 0, 4096 bytes)
[    0.035064] CPU: Testing write buffer coherency: ok
[    0.035552] CPU0: thread -1, cpu 0, socket -1, mpidr 0
[    0.035736] Setting up static identity map for 0x80804818 - 0x808048b0
[    0.041534] Brought up 1 CPUs
[    0.041564] SMP: Total of 1 processors activated.
[    0.041595] CPU: All CPU(s) started in SVC mode.
[    0.042541] devtmpfs: initialized
[    0.049255] VFP support v0.3: implementor 41 architecture 3 part 30 variant c rev 1
[    0.077667] omap_hwmod: mcbsp2_sidetone using broken dt data from mcbsp
[    0.078582] omap_hwmod: mcbsp3_sidetone using broken dt data from mcbsp
[    0.102935] omap_hwmod: mcbsp2: cannot be enabled for reset (3)
[    0.125549] pinctrl core: initialized pinctrl subsystem
[    0.126556] regulator-dummy: no parameters
[    0.179962] NET: Registered protocol family 16
[    0.184967] DMA: preallocated 256 KiB pool for atomic coherent allocations
[    0.190093] cpuidle: using governor ladder
[    0.190124] cpuidle: using governor menu
[    0.192199] Reprogramming SDRC clock to 332000000 Hz
[    0.199676] OMAP GPIO hardware version 2.5
[    0.206634] irq: no irq domain found for /ocp/pinmux@48002030 !
[    0.207305] irq: no irq domain found for /ocp/pinmux@48002030 !
[    0.215332] platform 49022000.mcbsp: alias fck already exists
[    0.223541] omap-gpmc 6e000000.gpmc: GPMC revision 5.0
[    0.227325] RX-51: Not enabling ARM errata 430973 workaround
[    0.227355] Thumb binaries may crash randomly without this workaround
[    0.227355] RX-51: Registring OMAP3 HWRNG device
[    0.230377] No ATAGs?
[    0.230407] hw-breakpoint: debug architecture 0x4 unsupported.
[    0.230804] EXYNOS: PMU not supported
[    0.233428] Reserving DMA channels 0 and 1 for HS ROM code
[    0.233459] OMAP DMA hardware revision 4.0
[    0.237335] Serial: AMBA PL011 UART driver
[    0.265533] edma-dma-engine edma-dma-engine.0: Can't allocate PaRAM dummy slot
[    0.265594] edma-dma-engine: probe of edma-dma-engine.0 failed with error -5
[    0.294311] omap-dma-engine 48056000.dma-controller: OMAP DMA engine driver
[    0.300079] vgaarb: loaded
[    0.301544] SCSI subsystem initialized
[    0.302856] usbcore: registered new interface driver usbfs
[    0.303009] usbcore: registered new interface driver hub
[    0.303283] usbcore: registered new device driver usb
[    0.304748] omap_i2c 48070000.i2c: could not find pctldev for node /ocp/pinmux@48002030/pinmux_i2c1_pins, deferring probe
[    0.304809] platform 48070000.i2c: Driver omap_i2c requests probe deferral
[    0.304901] omap_i2c 48072000.i2c: could not find pctldev for node /ocp/pinmux@48002030/pinmux_i2c2_pins, deferring probe
[    0.304931] platform 48072000.i2c: Driver omap_i2c requests probe deferral
[    0.304992] omap_i2c 48060000.i2c: could not find pctldev for node /ocp/pinmux@48002030/pinmux_i2c3_pins, deferring probe
[    0.305023] platform 48060000.i2c: Driver omap_i2c requests probe deferral
[    0.305694] Linux video capture interface: v2.00
[    0.305816] pps_core: LinuxPPS API ver. 1 registered
[    0.305816] pps_core: Software ver. 5.3.6 - Copyright 2005-2007 Rodolfo Giometti <giometti@linux.it>
[    0.305877] PTP clock support registered
[    0.306060] EDAC MC: Ver: 3.0.0
[    0.308074] Advanced Linux Sound Architecture Driver Initialized.
[    0.310577] Switched to clocksource 32k_counter
[    0.335205] NET: Registered protocol family 2
[    0.336456] TCP established hash table entries: 2048 (order: 1, 8192 bytes)
[    0.336517] TCP bind hash table entries: 2048 (order: 2, 16384 bytes)
[    0.336578] TCP: Hash tables configured (established 2048 bind 2048)
[    0.336730] TCP: reno registered
[    0.336761] UDP hash table entries: 256 (order: 1, 8192 bytes)
[    0.336791] UDP-Lite hash table entries: 256 (order: 1, 8192 bytes)
[    0.337127] NET: Registered protocol family 1
[    0.337768] RPC: Registered named UNIX socket transport module.
[    0.337799] RPC: Registered udp transport module.
[    0.337799] RPC: Registered tcp transport module.
[    0.337829] RPC: Registered tcp NFSv4.1 backchannel transport module.
[    0.341583] hw perfevents: enabled with ARMv7 Cortex-A8 PMU driver, 5 counters available
[    0.346282] futex hash table entries: 256 (order: 2, 16384 bytes)
[    0.374237] squashfs: version 4.0 (2009/01/31) Phillip Lougher
[    0.376220] NFS: Registering the id_resolver key type
[    0.376312] Key type id_resolver registered
[    0.376312] Key type id_legacy registered
[    0.376434] msgmni has been set to 483
[    0.377868] Block layer SCSI generic (bsg) driver version 0.4 loaded (major 249)
[    0.377899] io scheduler noop registered
[    0.377929] io scheduler deadline registered
[    0.378387] io scheduler cfq registered (default)
[    0.382659] pinctrl-single 48002030.pinmux: 284 pins at pa fa002030 size 568
[    0.383117] pinctrl-single 48002a00.pinmux: 46 pins at pa fa002a00 size 92
[    0.383636] pinctrl-single 480025d8.pinmux: 18 pins at pa fa0025d8 size 36
[    0.533264] Serial: 8250/16550 driver, 4 ports, IRQ sharing disabled
[    0.537536] Serial: IMX driver
[    0.538299] msm_serial: driver initialized
[    0.539855] 4806c000.serial: ttyO1 at MMIO 0x4806c000 (irq = 89, base_baud = 3000000) is a OMAP UART1
[    0.541290] 49020000.serial: ttyO2 at MMIO 0x49020000 (irq = 90, base_baud = 3000000) is a OMAP UART2
[    2.091339] console [ttyO2] enabled
[    2.099609] STMicroelectronics ASC driver initialized
[    2.111938] serial: Freescale lpuart driver
[    2.121093] [drm] Initialized drm 1.1.0 20060810
[    2.142883] loop: module loaded
[    2.164245] CAN device driver interface
[    2.176605] pegasus: v0.9.3 (2013/04/25), Pegasus/Pegasus II USB Ethernet driver
[    2.192138] usbcore: registered new interface driver pegasus
[    2.204071] usbcore: registered new interface driver asix
[    2.215423] usbcore: registered new interface driver ax88179_178a
[    2.228179] usbcore: registered new interface driver cdc_ether
[    2.240478] usbcore: registered new interface driver smsc75xx
[    2.252563] usbcore: registered new interface driver smsc95xx
[    2.264617] usbcore: registered new interface driver net1080
[    2.276519] usbcore: registered new interface driver cdc_subset
[    2.288909] usbcore: registered new interface driver zaurus
[    2.300750] usbcore: registered new interface driver cdc_ncm
[    2.312561] ehci_hcd: USB 2.0 'Enhanced' Host Controller (EHCI) Driver
[    2.326110] ehci-pci: EHCI PCI platform driver
[    2.335479] ehci-platform: EHCI generic platform driver
[    2.346710] ehci-omap: OMAP-EHCI Host Controller driver
[    2.358154] ehci-omap 48064800.ehci: EHCI Host Controller
[    2.369445] ehci-omap 48064800.ehci: new USB bus registered, assigned bus number 1
[    2.385711] ehci-omap 48064800.ehci: irq 93, io mem 0x48064800
[    2.405670] ehci-omap 48064800.ehci: USB 2.0 started, EHCI 1.00
[    2.419921] hub 1-0:1.0: USB hub found
[    2.427886] hub 1-0:1.0: 3 ports detected
[    2.437591] ehci-orion: EHCI orion driver
[    2.446411] SPEAr-ehci: EHCI SPEAr driver
[    2.455078] tegra-ehci: Tegra EHCI driver
[    2.463745] ohci_hcd: USB 1.1 'Open' Host Controller (OHCI) Driver
[    2.476623] ohci-pci: OHCI PCI platform driver
[    2.485992] ohci-platform: OHCI generic platform driver
[    2.497161] ohci-omap3: OHCI OMAP3 driver
[    2.505981] ohci-omap3 48064400.ohci: OHCI Host Controller
[    2.517456] ohci-omap3 48064400.ohci: new USB bus registered, assigned bus number 2
[    2.533508] ohci-omap3 48064400.ohci: irq 92, io mem 0x48064400
[    2.622436] hub 2-0:1.0: USB hub found
[    2.630340] hub 2-0:1.0: 3 ports detected
[    2.639862] SPEAr-ohci: OHCI SPEAr driver
[    2.650085] usbcore: registered new interface driver usb-storage
[    2.666534] mousedev: PS/2 mouse device common for all mice
[    2.683563] i2c /dev entries driver
[    2.693084] usbcore: registered new interface driver uvcvideo
[    2.705047] USB Video Class driver (1.1.1)
[    2.713562] gspca_main: v2.14.0 registered
[    2.727447] sdhci: Secure Digital Host Controller Interface driver
[    2.740295] sdhci: Copyright(c) Pierre Ossman
[    2.751892] omap_hsmmc 4809c000.mmc: unable to get vmmc regulator -517
[    2.765686] platform 4809c000.mmc: Driver omap_hsmmc requests probe deferral
[    2.781005] omap_hsmmc 480b4000.mmc: unable to get vmmc regulator -517
[    2.794677] platform 480b4000.mmc: Driver omap_hsmmc requests probe deferral
[    2.810028] Synopsys Designware Multimedia Card Interface Driver
[    2.823883] sdhci-pltfm: SDHCI platform and OF driver helper
[    2.837921] usbcore: registered new interface driver usbhid
[    2.849517] usbhid: USB HID core driver
[    2.866607] TCP: cubic registered
[    2.873565] NET: Registered protocol family 17
[    2.882843] can: controller area network core (rev 20120528 abi 9)
[    2.895874] NET: Registered protocol family 29
[    2.905120] can: raw protocol (rev 20120528)
[    2.914001] can: broadcast manager protocol (rev 20120528 t)
[    2.925781] can: netlink gateway (rev 20130117) max_hops=1
[    2.938140] Key type dns_resolver registered
[    2.947479] omap2_set_init_voltage: unable to find boot up OPP for vdd_mpu_iva
[    2.962493] omap2_set_init_voltage: unable to set vdd_mpu_iva
[    2.974426] omap2_set_init_voltage: unable to find boot up OPP for vdd_core
[    2.988861] omap2_set_init_voltage: unable to set vdd_core
[    3.005065] ThumbEE CPU extension supported.
[    3.014038] Registering SWP/SWPB emulation handler
[    3.035949] twl 0-0048: PIH (irq 23) chaining IRQs 340..348
[    3.047790] twl 0-0048: power (irq 345) chaining IRQs 348..355
[    3.062530] twl_rtc 48070000.i2c:twl@48:rtc: Enabling TWL-RTC
[    3.077667] twl_rtc 48070000.i2c:twl@48:rtc: rtc core: registered 48070000.i2c:twl@48 as rtc0
[    3.101226] V28: 2800 mV 
[    3.108581] VCSI: 1800 mV 
[    3.116088] VMMC2_30: 2800 <--> 3000 mV at 2800 mV 
[    3.127960] VCAM_ANA_28: 2800 mV 
[    3.136657] VDD1: 600 <--> 1450 mV at 1200 mV 
[    3.147583] VDAC: 1800 mV 
[    3.156799] VIO: 1800 mV 
[    3.164764] VINTANA1: 1500 mV 
[    3.173492] VINTANA2: 2750 mV 
[    3.182312] VINTDIG: 1500 mV 
[    3.190063] VMMC1: 1850 <--> 3150 mV at 3000 mV 
[    3.202362] V28_A: 2800 <--> 3000 mV at 2600 mV 
[    3.213470] VUSB1V5: 1500 mV 
[    3.220916] VUSB1V8: 1800 mV 
[    3.228393] VUSB3V1: 3100 mV 
[    3.236968] VPLL: 1800 mV 
[    3.245208] VSDI_CSI: 1800 mV 
[    3.253356] VMMC2_IO_18: 1800 mV 
[    3.261749] twl4030_gpio twl4030-gpio: gpio (irq 340) chaining IRQs 356..373
[    3.287200] omap_i2c 48070000.i2c: bus 0 rev3.3 at 2200 kHz
[    3.308990] omap_i2c 48072000.i2c: bus 1 rev3.3 at 100 kHz
[    3.325347] omap_i2c 48060000.i2c: bus 2 rev3.3 at 400 kHz
[    3.414062] input: gpio_keys as /devices/gpio_keys/input/input0
[    3.431945] twl_rtc 48070000.i2c:twl@48:rtc: setting system clock to 2014-05-19 17:28:09 UTC (1400520489)
[    3.661895] mmc1: switch to bus width 2 failed
[    3.671905] mmc1: switch to bus width 1 failed
[    3.681152] mmc1: new high speed MMC card at address 0001
[    3.693328] mmcblk0: mmc1:0001 MMC32G 29.8 GiB 
[    3.703094] mmcblk0boot0: mmc1:0001 MMC32G partition 1 512 KiB
[    3.715515] mmcblk0boot1: mmc1:0001 MMC32G partition 2 512 KiB
[    3.730194]  mmcblk0: unknown partition table
[    3.742126]  mmcblk0boot1: unknown partition table
[    3.754760]  mmcblk0boot0: unknown partition table
[   15.531555] VUSB3V1: disabling
[   15.538513] VUSB1V8: disabling
[   15.545440] VUSB1V5: disabling
[   15.552581] VDAC: disabling
[   15.559173] VCSI: disabling
[   15.565734] ALSA device list:
[   15.571929]   No soundcards found.
[   15.580566] VFS: Cannot open root device "mmcblk0p2" or unknown-block(179,2): error -6
[   15.597076] Please append a correct "root=" boot option; here are the available partitions:
[   15.614410] b300        31264768 mmcblk0  driver: mmcblk
[   15.625457] b320             512 mmcblk0boot1  (driver?)
[   15.636505] b310             512 mmcblk0boot0  (driver?)
[   15.647583] Kernel panic - not syncing: VFS: Unable to mount root fs on unknown-block(179,2)
[   15.665039] CPU: 0 PID: 1 Comm: swapper/0 Not tainted 3.15.0-rc8-next-20140606-00002-g5e5cfa3 #1
[   15.683258] [<c021577c>] (unwind_backtrace) from [<c02113ac>] (show_stack+0x10/0x14)
[   15.699310] [<c02113ac>] (show_stack) from [<c07ff7a4>] (dump_stack+0x70/0x8c)
[   15.714263] [<c07ff7a4>] (dump_stack) from [<c07fd2a0>] (panic+0x8c/0x210)
[   15.728485] [<c07fd2a0>] (panic) from [<c0ac3074>] (mount_block_root+0x188/0x234)
[   15.743957] [<c0ac3074>] (mount_block_root) from [<c0ac3208>] (mount_root+0xe8/0x108)
[   15.760162] [<c0ac3208>] (mount_root) from [<c0ac3350>] (prepare_namespace+0x128/0x18c)
[   15.776733] [<c0ac3350>] (prepare_namespace) from [<c0ac2d0c>] (kernel_init_freeable+0x184/0x1cc)
[   15.795104] [<c0ac2d0c>] (kernel_init_freeable) from [<c07faf44>] (kernel_init+0x8/0xe4)
[   15.811828] [<c07faf44>] (kernel_init) from [<c020e6f8>] (ret_from_fork+0x14/0x3c)
[   15.827514] ---[ end Kernel panic - not syncing: VFS: Unable to mount root fs on unknown-block(179,2)

FOR DEBUG:URL:http://gtsystest.telogy.design.ti.com/vatf/tidfarm-02/tidfarm-02_vatf@9/tidfarm-0206_09_2014_05_51_18/files/session_iteration_1/test_1/dut1_1_log.txt
