- 16:36:26 [INFO] Starting target session
- 16:36:26 [INFO] Connected to n900 via serial 
- 16:36:26 [INFO] Host: 
- 16:36:28 [ERROR] On command:  waiting for (?-mix:.*\s+login) >>> error: execution expired
- 16:36:28 [INFO] Target: 

- 16:36:28 [INFO] Host: 
- 16:36:34 [ERROR] On command:  waiting for (?m-ix:root.*#) >>> error: execution expired
- 16:36:34 [INFO] Target: 

- 16:36:57 [INFO] Disconnected serial from n900
- 16:36:57 [INFO] Connected to n900 via serial 
- 16:36:57 [INFO] Host: 
- 16:36:57 [ERROR] On command:  waiting for (?-mix:Nokia\sRX-51\s#\s) >>> error: execution expired
- 16:36:57 [INFO] Target: 
Timed out in wait_for_event: status=0000
Check if pads/pull-ups of bus 1 are properly configured
Timed out in wait_for_event: status=0000
Check if pads/pull-ups of bus 1 are properly configured
Timed out in wait_for_event: status=0000
Check if pads/pull-ups of bus 1 are properly configured

- 16:36:57 [INFO] Host: 
- 16:36:58 [ERROR] On command:  waiting for (?-mix:Nokia\sRX-51\s#\s) >>> error: execution expired
- 16:36:58 [INFO] Target: 
Timed out in wait_for_event: status=0000
Check if pads/pull-ups of bus 1 are properly configured
Timed out in wait_for_event: status=0000
Check if pads/pull-ups of bus 1 are properly configured
Timed out in wait_for_event: status=0000
Check if pads/pull-ups of bus 1 are properly configured

- 16:36:58 [INFO] Host: 
- 16:36:59 [ERROR] On command:  waiting for (?-mix:Nokia\sRX-51\s#\s) >>> error: execution expired
- 16:36:59 [INFO] Target: 
Timed out in wait_for_event: status=0000
Check if pads/pull-ups of bus 1 are properly configured
Timed out in wait_for_event: status=0000
Check if pads/pull-ups of bus 1 are properly configured
Timed out in wait_for_event: status=0000
Check if pads/pull-ups of bus 1 are properly configured

- 16:36:59 [INFO] Host: 
- 16:36:59 [ERROR] On command:  waiting for (?-mix:Nokia\sRX-51\s#\s) >>> error: execution expired
- 16:36:59 [INFO] Target: 
Timed out in wait_for_event: status=0000
Check if pads/pull-ups of bus 1 are properly configured
Timed out in wait_for_event: status=0000
Check if pads/pull-ups of bus 1 are properly configured
Timed out in wait_for_event: status=0000
Check if pads/pull-ups of bus 1 are properly configured
i2c_read (addr phase): pads on bus 1 probably not configured (status=0x10)

- 16:36:59 [INFO] Host: 
- 16:37:00 [INFO] Target: 

Nokia RX-51 # 
- 16:37:00 [INFO] Host: 
- 16:37:00 [INFO] Target: 

Nokia RX-51 # 
- 16:37:00 [INFO] Host: version
- 16:37:01 [INFO] Target: 
version

U-Boot 2014.04-00073-g4fa5b9e (Apr 22 2014 - 14:37:10)
arm-linux-gnueabi-gcc (Ubuntu/Linaro 4.6.3-1ubuntu5) 4.6.3
GNU ld (GNU Binutils for Ubuntu) 2.22
Nokia RX-51 # 
- 16:37:01 [INFO] Host: setenv bootargs 'console=ttyO2,57600n8 vram=16M earlyprintk rootwait '
- 16:37:02 [INFO] Target: 
setenv bootargs 'console=ttyO2,57600n8 vram=16M earlyprintk rootwait '
Nokia RX-51 # 
- 16:37:02 [INFO] Host: setenv bootcmd  ''
- 16:37:02 [INFO] Target: 
setenv bootcmd  ''
Nokia RX-51 # 
- 16:37:02 [INFO] Host: setenv autoload 'no'
- 16:37:03 [INFO] Target: 
setenv autoload 'no'
Nokia RX-51 # 
- 16:37:03 [INFO] Host: setenv serverip '128.247.105.47'
- 16:37:03 [INFO] Target: 
setenv serverip '128.247.105.47'
Nokia RX-51 # 
- 16:37:03 [INFO] Host: printenv
- 16:37:04 [INFO] Target: 
printenv
arch=arm
attachboot=echo Booting attached kernel image ...;setenv setup_omap_atag 1;bootm ${attkernaddr};setenv setup_omap_atag
attkernaddr=0x8fe40800
autoload=no
baudrate=57600
board=rx51
board_name=rx51
bootargs=console=ttyO2,57600n8 vram=16M earlyprintk rootwait 
bootcmd=
bootdelay=3
bootm_size=0x08000000
bootmenu_0=Attached kernel=run attachboot
bootmenu_1=Internal eMMC=run emmcboot
bootmenu_2=External SD card=run sdboot
bootmenu_3=U-Boot boot order=boot
bootmenu_delay=30
cpu=armv7
dieid#=582a000400000000040366100301000d
emmcboot=setenv mmcnum 1; run trymmcboot
fdt_file=omap3-n900.dtb
fdtaddr=0x80F80000
fileload=${mmctype}load mmc ${mmcnum}:${mmcpart} ${loadaddr} ${mmcfile}
ftdload=setenv loadaddr ${fdtaddr};setenv mmcfile ${fdt_file};run fileload
importbootenv=echo Importing environment from mmc${mmcdev} ...; env import -t ${loadaddr} ${filesize}
initrdaddr=0x84008000
initrdload=setenv loadaddr ${initrdaddr};setenv mmcfile ${mmcinitrdfile};run fileload
kernaddr=0x82008000
kernboot=echo Booting ${mmckernfile} from mmc ${mmcnum}:${mmcpart} ...; bootm ${kernaddr}
kernbootz=echo Booting ${kernel_file}+${fdt_file} from mmc ${mmcnum}:${mmcpart} ...; bootz ${kernaddr} - ${fdtaddr}
kernel_file=zImage
kerninitrdboot=echo Booting ${mmckernfile} ${mmcinitrdfile} from mmc ${mmcnum}:${mmcpart} ...; bootm ${kernaddr} ${initrdaddr}
kernload=setenv loadaddr ${kernaddr};setenv mmcfile ${mmckernfile};run fileload
kernloadz=setenv loadaddr ${kernaddr};setenv mmcfile ${kernel_file};run fileload
loadaddr=0x82008000
loadbootenv=fatload mmc ${mmcnum} ${loadaddr} uEnv.txt
mem=260353k
menucmd=bootmenu
preboot=setenv loadaddr ${kernaddr};echo
scriptaddr=0x86008000
scriptboot=echo Running ${mmcscriptfile} from mmc ${mmcnum}:${mmcpart} ...; source ${scriptaddr}
scriptload=setenv loadaddr ${scriptaddr};setenv mmcfile ${mmcscriptfile};run fileload
sdboot=setenv mmcnum 0; run trymmcboot
sercon=setenv con serial; run setcon
serverip=128.247.105.47
setcon=setenv stdin ${con};setenv stdout ${con};setenv stderr ${con}
slide=gpio input 71
soc=omap3
stderr=serial
stdin=serial
stdout=serial
switchmmc=mmc dev ${mmcnum}
trymmcallpartboot=setenv mmcpart 1; run trymmcpartboot;setenv mmcpart 2; run trymmcpartboot;setenv mmcpart 3; run trymmcpartboot;setenv mmcpart 4; run trymmcpartboot
trymmcboot=if run switchmmc; then setenv mmctype fat;run trymmcallpartboot;setenv mmctype ext2;run trymmcallpartboot;setenv mmctype ext4;run trymmcallpartboot;fi
trymmckernboot=if run switchmmc; then if run kernload; then run kernboot;fi;fi
trymmckernbootz=if run switchmmc; then if run ftdload; then if run kernloadz; then run kernbootz;fi;fi;fi
trymmckerninitrdboot=if run switchmmc; then if run initrdload; then if run kernload; then run kerninitrdboot;fi;fi; fi
trymmcpartboot=setenv mmcscriptfile boot.scr; run trymmcscriptboot;setenv mmckernfile uImage; run trymmckernboot;run trymmckernbootz
trymmcscriptboot=if run switchmmc; then if run scriptload; then run scriptboot;fi;fi
usbcon=setenv con usbtty; run setcon
usbtty=cdc_acm
vendor=nokia
vgacon=setenv con vga; run setcon

Environment size: 3197/131068 bytes
Nokia RX-51 # 
- 16:37:05 [INFO] Host: printenv
- 16:37:06 [INFO] Target: 
printenv
arch=arm
attachboot=echo Booting attached kernel image ...;setenv setup_omap_atag 1;bootm ${attkernaddr};setenv setup_omap_atag
attkernaddr=0x8fe40800
autoload=no
baudrate=57600
board=rx51
board_name=rx51
bootargs=console=ttyO2,57600n8 vram=16M earlyprintk rootwait 
bootcmd=
bootdelay=3
bootm_size=0x08000000
bootmenu_0=Attached kernel=run attachboot
bootmenu_1=Internal eMMC=run emmcboot
bootmenu_2=External SD card=run sdboot
bootmenu_3=U-Boot boot order=boot
bootmenu_delay=30
cpu=armv7
dieid#=582a000400000000040366100301000d
emmcboot=setenv mmcnum 1; run trymmcboot
fdt_file=omap3-n900.dtb
fdtaddr=0x80F80000
fileload=${mmctype}load mmc ${mmcnum}:${mmcpart} ${loadaddr} ${mmcfile}
ftdload=setenv loadaddr ${fdtaddr};setenv mmcfile ${fdt_file};run fileload
importbootenv=echo Importing environment from mmc${mmcdev} ...; env import -t ${loadaddr} ${filesize}
initrdaddr=0x84008000
initrdload=setenv loadaddr ${initrdaddr};setenv mmcfile ${mmcinitrdfile};run fileload
kernaddr=0x82008000
kernboot=echo Booting ${mmckernfile} from mmc ${mmcnum}:${mmcpart} ...; bootm ${kernaddr}
kernbootz=echo Booting ${kernel_file}+${fdt_file} from mmc ${mmcnum}:${mmcpart} ...; bootz ${kernaddr} - ${fdtaddr}
kernel_file=zImage
kerninitrdboot=echo Booting ${mmckernfile} ${mmcinitrdfile} from mmc ${mmcnum}:${mmcpart} ...; bootm ${kernaddr} ${initrdaddr}
kernload=setenv loadaddr ${kernaddr};setenv mmcfile ${mmckernfile};run fileload
kernloadz=setenv loadaddr ${kernaddr};setenv mmcfile ${kernel_file};run fileload
loadaddr=0x82008000
loadbootenv=fatload mmc ${mmcnum} ${loadaddr} uEnv.txt
mem=260353k
menucmd=bootmenu
preboot=setenv loadaddr ${kernaddr};echo
scriptaddr=0x86008000
scriptboot=echo Running ${mmcscriptfile} from mmc ${mmcnum}:${mmcpart} ...; source ${scriptaddr}
scriptload=setenv loadaddr ${scriptaddr};setenv mmcfile ${mmcscriptfile};run fileload
sdboot=setenv mmcnum 0; run trymmcboot
sercon=setenv con serial; run setcon
serverip=128.247.105.47
setcon=setenv stdin ${con};setenv stdout ${con};setenv stderr ${con}
slide=gpio input 71
soc=omap3
stderr=serial
stdin=serial
stdout=serial
switchmmc=mmc dev ${mmcnum}
trymmcallpartboot=setenv mmcpart 1; run trymmcpartboot;setenv mmcpart 2; run trymmcpartboot;setenv mmcpart 3; run trymmcpartboot;setenv mmcpart 4; run trymmcpartboot
trymmcboot=if run switchmmc; then setenv mmctype fat;run trymmcallpartboot;setenv mmctype ext2;run trymmcallpartboot;setenv mmctype ext4;run trymmcallpartboot;fi
trymmckernboot=if run switchmmc; then if run kernload; then run kernboot;fi;fi
trymmckernbootz=if run switchmmc; then if run ftdload; then if run kernloadz; then run kernbootz;fi;fi;fi
trymmckerninitrdboot=if run switchmmc; then if run initrdload; then if run kernload; then run kerninitrdboot;fi;fi; fi
trymmcpartboot=setenv mmcscriptfile boot.scr; run trymmcscriptboot;setenv mmckernfile uImage; run trymmckernboot;run trymmckernbootz
trymmcscriptboot=if run switchmmc; then if run scriptload; then run scriptboot;fi;fi
usbcon=setenv con usbtty; run setcon
usbtty=cdc_acm
vendor=nokia
vgacon=setenv con vga; run setcon

Environment size: 3197/131068 bytes
Nokia RX-51 # 
- 16:37:06 [INFO] Host: setenv bootargs ''${bootargs}' ip=dhcp '
- 16:37:06 [INFO] Target: 
setenv bootargs ''${bootargs}' ip=dhcp '
Nokia RX-51 # 
- 16:37:06 [INFO] Host: setenv serverip '128.247.105.47'
- 16:37:07 [INFO] Target: 
setenv serverip '128.247.105.47'
Nokia RX-51 # 
- 16:37:07 [INFO] Host: setenv ipaddr dhcp
- 16:37:07 [INFO] Target: 
setenv ipaddr dhcp
Nokia RX-51 # 
- 16:37:07 [INFO] Host: setenv autoload 'no'
- 16:37:08 [INFO] Target: 
setenv autoload 'no'
Nokia RX-51 # 
- 16:37:08 [INFO] Host: dhcp
- 16:37:08 [INFO] Target: 
dhcp
Unknown command 'dhcp' - try 'help'
Nokia RX-51 # 
- 16:37:10 [INFO] Disconnected serial from n900
- 16:52:35 [INFO] Connected to n900 via serial 
- 16:52:35 [INFO] Host: ls mmc 0:1
- 16:52:36 [INFO] Target: 
## Total Size      = 0x004c0176 = 4981110 Bytes
Nokia RX-51 # ls mmc 0:1
Unknown command 'ls' - try 'help'
Nokia RX-51 # 
- 16:52:36 [INFO] Host: ls mmc 0:2
- 16:52:36 [INFO] Target: 
ls mmc 0:2
Unknown command 'ls' - try 'help'
Nokia RX-51 # 
- 16:52:36 [INFO] Host: ls mmc 0:3
- 16:52:37 [INFO] Target: 
ls mmc 0:3
Unknown command 'ls' - try 'help'
Nokia RX-51 # 
- 16:52:37 [INFO] Host: ls mmc 0:4
- 16:52:37 [INFO] Target: 
ls mmc 0:4
Unknown command 'ls' - try 'help'
Nokia RX-51 # 
- 16:52:38 [INFO] Host: ls mmc 0:5
- 16:52:38 [INFO] Target: 
ls mmc 0:5
Unknown command 'ls' - try 'help'
Nokia RX-51 # 
- 16:52:38 [INFO] Host: part uuid mmc 0:
- 16:52:39 [INFO] Target: 
part uuid mmc 0:
Unknown command 'part' - try 'help'
Nokia RX-51 # 
- 16:52:39 [INFO] Host: printenv
- 16:52:40 [INFO] Target: 
printenv
arch=arm
attachboot=echo Booting attached kernel image ...;setenv setup_omap_atag 1;bootm ${attkernaddr};setenv setup_omap_atag
attkernaddr=0x8fe40800
autoload=no
baudrate=57600
board=rx51
board_name=rx51
bootargs=console=ttyO2,57600n8 vram=16M earlyprintk rootwait  ip=dhcp 
bootcmd=
bootdelay=3
bootm_size=0x08000000
bootmenu_0=Attached kernel=run attachboot
bootmenu_1=Internal eMMC=run emmcboot
bootmenu_2=External SD card=run sdboot
bootmenu_3=U-Boot boot order=boot
bootmenu_delay=30
cpu=armv7
dieid#=582a000400000000040366100301000d
emmcboot=setenv mmcnum 1; run trymmcboot
fdt_file=omap3-n900.dtb
fdtaddr=0x80F80000
fileload=${mmctype}load mmc ${mmcnum}:${mmcpart} ${loadaddr} ${mmcfile}
filesize=4c0176
ftdload=setenv loadaddr ${fdtaddr};setenv mmcfile ${fdt_file};run fileload
importbootenv=echo Importing environment from mmc${mmcdev} ...; env import -t ${loadaddr} ${filesize}
initrdaddr=0x84008000
initrdload=setenv loadaddr ${initrdaddr};setenv mmcfile ${mmcinitrdfile};run fileload
ipaddr=dhcp
kernaddr=0x82008000
kernboot=echo Booting ${mmckernfile} from mmc ${mmcnum}:${mmcpart} ...; bootm ${kernaddr}
kernbootz=echo Booting ${kernel_file}+${fdt_file} from mmc ${mmcnum}:${mmcpart} ...; bootz ${kernaddr} - ${fdtaddr}
kernel_file=zImage
kerninitrdboot=echo Booting ${mmckernfile} ${mmcinitrdfile} from mmc ${mmcnum}:${mmcpart} ...; bootm ${kernaddr} ${initrdaddr}
kernload=setenv loadaddr ${kernaddr};setenv mmcfile ${mmckernfile};run fileload
kernloadz=setenv loadaddr ${kernaddr};setenv mmcfile ${kernel_file};run fileload
loadaddr=0x82008000
loadbootenv=fatload mmc ${mmcnum} ${loadaddr} uEnv.txt
mem=260353k
menucmd=bootmenu
preboot=setenv loadaddr ${kernaddr};echo
scriptaddr=0x86008000
scriptboot=echo Running ${mmcscriptfile} from mmc ${mmcnum}:${mmcpart} ...; source ${scriptaddr}
scriptload=setenv loadaddr ${scriptaddr};setenv mmcfile ${mmcscriptfile};run fileload
sdboot=setenv mmcnum 0; run trymmcboot
sercon=setenv con serial; run setcon
serverip=128.247.105.47
setcon=setenv stdin ${con};setenv stdout ${con};setenv stderr ${con}
slide=gpio input 71
soc=omap3
stderr=serial
stdin=serial
stdout=serial
switchmmc=mmc dev ${mmcnum}
trymmcallpartboot=setenv mmcpart 1; run trymmcpartboot;setenv mmcpart 2; run trymmcpartboot;setenv mmcpart 3; run trymmcpartboot;setenv mmcpart 4; run trymmcpartboot
trymmcboot=if run switchmmc; then setenv mmctype fat;run trymmcallpartboot;setenv mmctype ext2;run trymmcallpartboot;setenv mmctype ext4;run trymmcallpartboot;fi
trymmckernboot=if run switchmmc; then if run kernload; then run kernboot;fi;fi
trymmckernbootz=if run switchmmc; then if run ftdload; then if run kernloadz; then run kernbootz;fi;fi;fi
trymmckerninitrdboot=if run switchmmc; then if run initrdload; then if run kernload; then run kerninitrdboot;fi;fi; fi
trymmcpartboot=setenv mmcscriptfile boot.scr; run trymmcscriptboot;setenv mmckernfile uImage; run trymmckernboot;run trymmckernbootz
trymmcscriptboot=if run switchmmc; then if run scriptload; then run scriptboot;fi;fi
usbcon=setenv con usbtty; run setcon
usbtty=cdc_acm
vendor=nokia
vgacon=setenv con vga; run setcon

Environment size: 3238/131068 bytes
Nokia RX-51 # 
- 16:52:40 [INFO] Host: setenv bootargs ''${bootargs}' root=/dev/mmcblk0p2 rw rootfstype=ext3 rootwait '
- 16:52:40 [INFO] Target: 
setenv bootargs ''${bootargs}' root=/dev/mmcblk0p2 rw rootfstype=ext3 rootwait '
Nokia RX-51 # 
- 16:52:40 [INFO] Host: printenv
- 16:52:41 [INFO] Target: 
printenv
arch=arm
attachboot=echo Booting attached kernel image ...;setenv setup_omap_atag 1;bootm ${attkernaddr};setenv setup_omap_atag
attkernaddr=0x8fe40800
autoload=no
baudrate=57600
board=rx51
board_name=rx51
bootargs=console=ttyO2,57600n8 vram=16M earlyprintk rootwait  ip=dhcp  root=/dev/mmcblk0p2 rw rootfstype=ext3 rootwait 
bootcmd=
bootdelay=3
bootm_size=0x08000000
bootmenu_0=Attached kernel=run attachboot
bootmenu_1=Internal eMMC=run emmcboot
bootmenu_2=External SD card=run sdboot
bootmenu_3=U-Boot boot order=boot
bootmenu_delay=30
cpu=armv7
dieid#=582a000400000000040366100301000d
emmcboot=setenv mmcnum 1; run trymmcboot
fdt_file=omap3-n900.dtb
fdtaddr=0x80F80000
fileload=${mmctype}load mmc ${mmcnum}:${mmcpart} ${loadaddr} ${mmcfile}
filesize=4c0176
ftdload=setenv loadaddr ${fdtaddr};setenv mmcfile ${fdt_file};run fileload
importbootenv=echo Importing environment from mmc${mmcdev} ...; env import -t ${loadaddr} ${filesize}
initrdaddr=0x84008000
initrdload=setenv loadaddr ${initrdaddr};setenv mmcfile ${mmcinitrdfile};run fileload
ipaddr=dhcp
kernaddr=0x82008000
kernboot=echo Booting ${mmckernfile} from mmc ${mmcnum}:${mmcpart} ...; bootm ${kernaddr}
kernbootz=echo Booting ${kernel_file}+${fdt_file} from mmc ${mmcnum}:${mmcpart} ...; bootz ${kernaddr} - ${fdtaddr}
kernel_file=zImage
kerninitrdboot=echo Booting ${mmckernfile} ${mmcinitrdfile} from mmc ${mmcnum}:${mmcpart} ...; bootm ${kernaddr} ${initrdaddr}
kernload=setenv loadaddr ${kernaddr};setenv mmcfile ${mmckernfile};run fileload
kernloadz=setenv loadaddr ${kernaddr};setenv mmcfile ${kernel_file};run fileload
loadaddr=0x82008000
loadbootenv=fatload mmc ${mmcnum} ${loadaddr} uEnv.txt
mem=260353k
menucmd=bootmenu
preboot=setenv loadaddr ${kernaddr};echo
scriptaddr=0x86008000
scriptboot=echo Running ${mmcscriptfile} from mmc ${mmcnum}:${mmcpart} ...; source ${scriptaddr}
scriptload=setenv loadaddr ${scriptaddr};setenv mmcfile ${mmcscriptfile};run fileload
sdboot=setenv mmcnum 0; run trymmcboot
sercon=setenv con serial; run setcon
serverip=128.247.105.47
setcon=setenv stdin ${con};setenv stdout ${con};setenv stderr ${con}
slide=gpio input 71
soc=omap3
stderr=serial
stdin=serial
stdout=serial
switchmmc=mmc dev ${mmcnum}
trymmcallpartboot=setenv mmcpart 1; run trymmcpartboot;setenv mmcpart 2; run trymmcpartboot;setenv mmcpart 3; run trymmcpartboot;setenv mmcpart 4; run trymmcpartboot
trymmcboot=if run switchmmc; then setenv mmctype fat;run trymmcallpartboot;setenv mmctype ext2;run trymmcallpartboot;setenv mmctype ext4;run trymmcallpartboot;fi
trymmckernboot=if run switchmmc; then if run kernload; then run kernboot;fi;fi
trymmckernbootz=if run switchmmc; then if run ftdload; then if run kernloadz; then run kernbootz;fi;fi;fi
trymmckerninitrdboot=if run switchmmc; then if run initrdload; then if run kernload; then run kerninitrdboot;fi;fi; fi
trymmcpartboot=setenv mmcscriptfile boot.scr; run trymmcscriptboot;setenv mmckernfile uImage; run trymmckernboot;run trymmckernbootz
trymmcscriptboot=if run switchmmc; then if run scriptload; then run scriptboot;fi;fi
usbcon=setenv con usbtty; run setcon
usbtty=cdc_acm
vendor=nokia
vgacon=setenv con vga; run setcon

Environment size: 3287/131068 bytes
Nokia RX-51 # 
- 16:52:41 [INFO] Host: setenv bootcmd ''${bootcmd}' if iminfo ${loadaddr}; then bootm ${loadaddr}  ; else bootz ${loadaddr}  ; bootm ${loadaddr}  ; fi'
- 16:52:42 [INFO] Target: 
setenv bootcmd ''${bootcmd}' if iminfo ${loadaddr}; then bootm ${loadaddr}  ; else bootz ${loadaddr}  ; bootm ${loadaddr}  ; fi'
Nokia RX-51 # 
- 16:52:42 [INFO] Host: bdinfo
- 16:52:43 [INFO] Target: 
bdinfo
arch_number = 0x000007A3
boot_params = 0x80000100
DRAM bank   = 0x00000000
-> start    = 0x80000000
-> size     = 0x10000000
DRAM bank   = 0x00000001
-> start    = 0x90000000
-> size     = 0x00000000
baudrate    = 57600 bps
TLB addr    = 0x8FE30000
relocaddr   = 0x8FDD1000
reloc off   = 0x0FDC9000
irq_sp      = 0x8FCF0F20
sp start    = 0x8FCF0F10
FB base     = 0x00000000
Nokia RX-51 # 
- 16:52:43 [INFO] Host: boot
- 16:55:13 [ERROR] On command: boot waiting for (?-mix:.*\s+login) >>> error: execution expired
- 16:55:13 [INFO] Target: 
boot
Unknown command 'iminfo' - try 'help'
Bad Linux ARM zImage magic!
## Booting kernel from Legacy Image at 82008000 ...
   Image Name:   Linux-3.16.0-rc6-00002-gaaee71c
   Image Type:   ARM Linux Kernel Image (uncompressed)
   Data Size:    4981046 Bytes = 4.8 MiB
   Load Address: 80800000
   Entry Point:  80800000
   Verifying Checksum ... OK
   Loading Kernel Image ... OK

Starting kernel ...

[    0.000000] Booting Linux on physical CPU 0x0
[    0.000000] Linux version 3.16.0-rc6-00002-gaaee71c (nmenon@kahuna) (gcc version 4.6.3 (Ubuntu/Linaro 4.6.3-1ubuntu5) ) #1 SMP Tue Jul 22 16:34:18 CDT 2014
[    0.000000] CPU: ARMv7 Processor [411fc083] revision 3 (ARMv7), cr=10c5387d
[    0.000000] CPU: PIPT / VIPT nonaliasing data cache, VIPT nonaliasing instruction cache
[    0.000000] Machine model: Nokia N900
[    0.000000] cma: CMA: reserved 64 MiB at 8b800000
[    0.000000] Memory policy: Data cache writeback
[    0.000000]   HighMem zone: 1048574 pages exceeds freesize 0
[    0.000000] CPU: All CPU(s) started in SVC mode.
[    0.000000] OMAP3430/3530 ES3.1 (l2cache iva sgx neon isp )
[    0.000000] PERCPU: Embedded 8 pages/cpu @cfc89000 s8448 r8192 d16128 u32768
[    0.000000] Built 1 zonelists in Zone order, mobility grouping on.  Total pages: 64768
[    0.000000] Kernel command line: console=ttyO2,57600n8 vram=16M earlyprintk rootwait  ip=dhcp  root=/dev/mmcblk0p2 rw rootfstype=ext3 rootwait 
[    0.000000] PID hash table entries: 1024 (order: 0, 4096 bytes)
[    0.000000] Dentry cache hash table entries: 32768 (order: 5, 131072 bytes)
[    0.000000] Inode-cache hash table entries: 16384 (order: 4, 65536 bytes)
[    0.000000] Memory: 181980K/261120K available (6372K kernel code, 894K rwdata, 2564K rodata, 652K init, 304K bss, 79140K reserved, 0K highmem)
[    0.000000] Virtual kernel memory layout:
[    0.000000]     vector  : 0xffff0000 - 0xffff1000   (   4 kB)
[    0.000000]     fixmap  : 0xffc00000 - 0xffe00000   (2048 kB)
[    0.000000]     vmalloc : 0xd0800000 - 0xff000000   ( 744 MB)
[    0.000000]     lowmem  : 0xc0000000 - 0xd0000000   ( 256 MB)
[    0.000000]     pkmap   : 0xbfe00000 - 0xc0000000   (   2 MB)
[    0.000000]     modules : 0xbf000000 - 0xbfe00000   (  14 MB)
[    0.000000]       .text : 0xc0208000 - 0xc0ac2318   (8937 kB)
[    0.000000]       .init : 0xc0ac3000 - 0xc0b66100   ( 653 kB)
[    0.000000]       .data : 0xc0b68000 - 0xc0c47800   ( 894 kB)
[    0.000000]        .bss : 0xc0c47808 - 0xc0c93890   ( 305 kB)
[    0.000000] SLUB: HWalign=64, Order=0-3, MinObjects=0, CPUs=1, Nodes=1
[    0.000000] Hierarchical RCU implementation.
[    0.000000] 	RCU restricting CPUs from NR_CPUS=8 to nr_cpu_ids=1.
[    0.000000] RCU: Adjusting geometry for rcu_fanout_leaf=16, nr_cpu_ids=1
[    0.000000] NR_IRQS:16 nr_irqs:16 16
[    0.000000] IRQ: Found an INTC at 0xfa200000 (revision 4.0) with 96 interrupts
[    0.000000] Total of 96 interrupts on 1 active controller
[    0.000000] Clocking rate (Crystal/Core/MPU): 19.2/332/500 MHz
[    0.000000] OMAP clockevent source: timer1 at 32768 Hz
[    0.000030] sched_clock: 32 bits at 32kHz, resolution 30517ns, wraps every 65536000000000ns
[    0.000061] OMAP clocksource: 32k_counter at 32768 Hz
[    0.000335] Console: colour dummy device 80x30
[    0.000396] Calibrating delay loop... 493.97 BogoMIPS (lpj=1234944)
[    0.033721] pid_max: default: 32768 minimum: 301
[    0.033996] Mount-cache hash table entries: 1024 (order: 0, 4096 bytes)
[    0.033996] Mountpoint-cache hash table entries: 1024 (order: 0, 4096 bytes)
[    0.035095] CPU: Testing write buffer coherency: ok
[    0.035614] CPU0: thread -1, cpu 0, socket -1, mpidr 0
[    0.035766] Setting up static identity map for 0x80805b00 - 0x80805b98
[    0.041564] Brought up 1 CPUs
[    0.041595] SMP: Total of 1 processors activated.
[    0.041595] CPU: All CPU(s) started in SVC mode.
[    0.042633] devtmpfs: initialized
[    0.049346] VFP support v0.3: implementor 41 architecture 3 part 30 variant c rev 1
[    0.077301] omap_hwmod: mcbsp2_sidetone using broken dt data from mcbsp
[    0.078124] omap_hwmod: mcbsp3_sidetone using broken dt data from mcbsp
[    0.102203] omap_hwmod: mcbsp2: cannot be enabled for reset (3)
[    0.128753] pinctrl core: initialized pinctrl subsystem
[    0.129760] regulator-dummy: no parameters
[    0.183410] NET: Registered protocol family 16
[    0.188354] DMA: preallocated 256 KiB pool for atomic coherent allocations
[    0.193511] cpuidle: using governor ladder
[    0.193542] cpuidle: using governor menu
[    0.195678] Reprogramming SDRC clock to 332000000 Hz
[    0.203216] OMAP GPIO hardware version 2.5
[    0.210113] irq: no irq domain found for /ocp/pinmux@48002030 !
[    0.210815] irq: no irq domain found for /ocp/pinmux@48002030 !
[    0.218841] platform 49022000.mcbsp: alias fck already exists
[    0.226959] omap-gpmc 6e000000.gpmc: GPMC revision 5.0
[    0.230865] RX-51: Not enabling ARM errata 430973 workaround
[    0.230865] Thumb binaries may crash randomly without this workaround
[    0.230895] RX-51: Registring OMAP3 HWRNG device
[    0.233886] No ATAGs?
[    0.233917] hw-breakpoint: debug architecture 0x4 unsupported.
[    0.234313] EXYNOS: PMU not supported
[    0.236846] Reserving DMA channels 0 and 1 for HS ROM code
[    0.236877] OMAP DMA hardware revision 4.0
[    0.240905] Serial: AMBA PL011 UART driver
[    0.269256] edma-dma-engine edma-dma-engine.0: Can't allocate PaRAM dummy slot
[    0.269348] edma-dma-engine: probe of edma-dma-engine.0 failed with error -5
[    0.297698] omap-dma-engine 48056000.dma-controller: OMAP DMA engine driver
[    0.303375] vgaarb: loaded
[    0.304809] SCSI subsystem initialized
[    0.306030] usbcore: registered new interface driver usbfs
[    0.306182] usbcore: registered new interface driver hub
[    0.306427] usbcore: registered new device driver usb
[    0.308013] omap_i2c 48070000.i2c: could not find pctldev for node /ocp/pinmux@48002030/pinmux_i2c1_pins, deferring probe
[    0.308044] platform 48070000.i2c: Driver omap_i2c requests probe deferral
[    0.308135] omap_i2c 48072000.i2c: could not find pctldev for node /ocp/pinmux@48002030/pinmux_i2c2_pins, deferring probe
[    0.308166] platform 48072000.i2c: Driver omap_i2c requests probe deferral
[    0.308258] omap_i2c 48060000.i2c: could not find pctldev for node /ocp/pinmux@48002030/pinmux_i2c3_pins, deferring probe
[    0.308288] platform 48060000.i2c: Driver omap_i2c requests probe deferral
[    0.308929] Linux video capture interface: v2.00
[    0.309051] pps_core: LinuxPPS API ver. 1 registered
[    0.309082] pps_core: Software ver. 5.3.6 - Copyright 2005-2007 Rodolfo Giometti <giometti@linux.it>
[    0.309143] PTP clock support registered
[    0.309326] EDAC MC: Ver: 3.0.0
[    0.311187] Advanced Linux Sound Architecture Driver Initialized.
[    0.313781] Switched to clocksource 32k_counter
[    0.338378] NET: Registered protocol family 2
[    0.339630] TCP established hash table entries: 2048 (order: 1, 8192 bytes)
[    0.339691] TCP bind hash table entries: 2048 (order: 2, 16384 bytes)
[    0.339752] TCP: Hash tables configured (established 2048 bind 2048)
[    0.339904] TCP: reno registered
[    0.339935] UDP hash table entries: 256 (order: 1, 8192 bytes)
[    0.339965] UDP-Lite hash table entries: 256 (order: 1, 8192 bytes)
[    0.340301] NET: Registered protocol family 1
[    0.340942] RPC: Registered named UNIX socket transport module.
[    0.340972] RPC: Registered udp transport module.
[    0.340972] RPC: Registered tcp transport module.
[    0.341003] RPC: Registered tcp NFSv4.1 backchannel transport module.
[    0.344787] hw perfevents: enabled with ARMv7 Cortex-A8 PMU driver, 5 counters available
[    0.349517] futex hash table entries: 256 (order: 2, 16384 bytes)
[    0.378204] squashfs: version 4.0 (2009/01/31) Phillip Lougher
[    0.380157] NFS: Registering the id_resolver key type
[    0.380279] Key type id_resolver registered
[    0.380279] Key type id_legacy registered
[    0.380401] msgmni has been set to 483
[    0.381805] Block layer SCSI generic (bsg) driver version 0.4 loaded (major 249)
[    0.381835] io scheduler noop registered
[    0.381866] io scheduler deadline registered
[    0.382324] io scheduler cfq registered (default)
[    0.386596] pinctrl-single 48002030.pinmux: 284 pins at pa fa002030 size 568
[    0.387054] pinctrl-single 48002a00.pinmux: 46 pins at pa fa002a00 size 92
[    0.387573] pinctrl-single 480025d8.pinmux: 18 pins at pa fa0025d8 size 36
[    0.537780] Serial: 8250/16550 driver, 4 ports, IRQ sharing disabled
[    0.542083] Serial: IMX driver
[    0.542846] msm_serial: driver initialized
[    0.544525] 4806c000.serial: ttyO1 at MMIO 0x4806c000 (irq = 89, base_baud = 3000000) is a OMAP UART1
[    0.545867] 49020000.serial: ttyO2 at MMIO 0x49020000 (irq = 90, base_baud = 3000000) is a OMAP UART2
[    2.093841] console [ttyO2] enabled
[    2.102142] STMicroelectronics ASC driver initialized
[    2.114501] serial: Freescale lpuart driver
[    2.123657] [drm] Initialized drm 1.1.0 20060810
[    2.145416] loop: module loaded
[    2.167205] CAN device driver interface
[    2.179626] pegasus: v0.9.3 (2013/04/25), Pegasus/Pegasus II USB Ethernet driver
[    2.195129] usbcore: registered new interface driver pegasus
[    2.207092] usbcore: registered new interface driver asix
[    2.218444] usbcore: registered new interface driver ax88179_178a
[    2.231201] usbcore: registered new interface driver cdc_ether
[    2.243499] usbcore: registered new interface driver smsc75xx
[    2.255615] usbcore: registered new interface driver smsc95xx
[    2.267669] usbcore: registered new interface driver net1080
[    2.279541] usbcore: registered new interface driver cdc_subset
[    2.291961] usbcore: registered new interface driver zaurus
[    2.303741] usbcore: registered new interface driver cdc_ncm
[    2.315551] ehci_hcd: USB 2.0 'Enhanced' Host Controller (EHCI) Driver
[    2.329132] ehci-pci: EHCI PCI platform driver
[    2.338470] ehci-platform: EHCI generic platform driver
[    2.349731] ehci-omap: OMAP-EHCI Host Controller driver
[    2.361175] ehci-omap 48064800.ehci: EHCI Host Controller
[    2.372467] ehci-omap 48064800.ehci: new USB bus registered, assigned bus number 1
[    2.388671] ehci-omap 48064800.ehci: irq 93, io mem 0x48064800
[    2.408935] ehci-omap 48064800.ehci: USB 2.0 started, EHCI 1.00
[    2.423217] hub 1-0:1.0: USB hub found
[    2.431152] hub 1-0:1.0: 3 ports detected
[    2.440917] ehci-orion: EHCI orion driver
[    2.449737] SPEAr-ehci: EHCI SPEAr driver
[    2.458404] tegra-ehci: Tegra EHCI driver
[    2.467071] ohci_hcd: USB 1.1 'Open' Host Controller (OHCI) Driver
[    2.479949] ohci-pci: OHCI PCI platform driver
[    2.489349] ohci-platform: OHCI generic platform driver
[    2.500518] ohci-omap3: OHCI OMAP3 driver
[    2.509307] ohci-omap3 48064400.ohci: OHCI Host Controller
[    2.520782] ohci-omap3 48064400.ohci: new USB bus registered, assigned bus number 2
[    2.536834] ohci-omap3 48064400.ohci: irq 92, io mem 0x48064400
[    2.625701] hub 2-0:1.0: USB hub found
[    2.633636] hub 2-0:1.0: 3 ports detected
[    2.643218] SPEAr-ohci: OHCI SPEAr driver
[    2.653472] usbcore: registered new interface driver usb-storage
[    2.669921] mousedev: PS/2 mouse device common for all mice
[    2.686950] i2c /dev entries driver
[    2.696472] usbcore: registered new interface driver uvcvideo
[    2.708435] USB Video Class driver (1.1.1)
[    2.716949] gspca_main: v2.14.0 registered
[    2.730834] sdhci: Secure Digital Host Controller Interface driver
[    2.743713] sdhci: Copyright(c) Pierre Ossman
[    2.755310] omap_hsmmc 4809c000.mmc: unable to get vmmc regulator -517
[    2.769104] platform 4809c000.mmc: Driver omap_hsmmc requests probe deferral
[    2.784454] omap_hsmmc 480b4000.mmc: unable to get vmmc regulator -517
[    2.798126] platform 480b4000.mmc: Driver omap_hsmmc requests probe deferral
[    2.813476] Synopsys Designware Multimedia Card Interface Driver
[    2.827331] sdhci-pltfm: SDHCI platform and OF driver helper
[    2.841369] usbcore: registered new interface driver usbhid
[    2.852966] usbhid: USB HID core driver
[    2.871459] TCP: cubic registered
[    2.878417] NET: Registered protocol family 17
[    2.887695] can: controller area network core (rev 20120528 abi 9)
[    2.900726] NET: Registered protocol family 29
[    2.910003] can: raw protocol (rev 20120528)
[    2.918884] can: broadcast manager protocol (rev 20120528 t)
[    2.930664] can: netlink gateway (rev 20130117) max_hops=1
[    2.943023] Key type dns_resolver registered
[    2.952392] omap2_set_init_voltage: unable to find boot up OPP for vdd_mpu_iva
[    2.967407] omap2_set_init_voltage: unable to set vdd_mpu_iva
[    2.979339] omap2_set_init_voltage: unable to find boot up OPP for vdd_core
[    2.993804] omap2_set_init_voltage: unable to set vdd_core
[    3.010040] ThumbEE CPU extension supported.
[    3.018981] Registering SWP/SWPB emulation handler
[    3.040710] twl 0-0048: PIH (irq 23) chaining IRQs 340..348
[    3.052581] twl 0-0048: power (irq 345) chaining IRQs 348..355
[    3.067382] twl_rtc 48070000.i2c:twl@48:rtc: Enabling TWL-RTC
[    3.082763] twl_rtc 48070000.i2c:twl@48:rtc: rtc core: registered 48070000.i2c:twl@48 as rtc0
[    3.106414] V28: 2800 mV 
[    3.113800] VCSI: 1800 mV 
[    3.121215] VMMC2_30: 2800 <--> 3000 mV at 2800 mV 
[    3.133087] VCAM_ANA_28: 2800 mV 
[    3.141723] VDD1: 600 <--> 1450 mV at 1200 mV 
[    3.152648] VDAC: 1800 mV 
[    3.161834] VIO: 1800 mV 
[    3.169830] VINTANA1: 1500 mV 
[    3.178558] VINTANA2: 2750 mV 
[    3.187316] VINTDIG: 1500 mV 
[    3.195068] VMMC1: 1850 <--> 3150 mV at 3000 mV 
[    3.207244] V28_A: 2800 <--> 3000 mV at 2600 mV 
[    3.218353] VUSB1V5: 1500 mV 
[    3.225830] VUSB1V8: 1800 mV 
[    3.233306] VUSB3V1: 3100 mV 
[    3.241821] VPLL: 1800 mV 
[    3.250091] VSDI_CSI: 1800 mV 
[    3.258239] VMMC2_IO_18: 1800 mV 
[    3.266571] twl4030_gpio twl4030-gpio: gpio (irq 340) chaining IRQs 356..373
[    3.342956] omap_i2c 48070000.i2c: bus 0 rev3.3 at 2200 kHz
[    3.365875] omap_i2c 48072000.i2c: bus 1 rev3.3 at 100 kHz
[    3.382263] omap_i2c 48060000.i2c: bus 2 rev3.3 at 400 kHz
[    3.467285] input: gpio_keys as /devices/gpio_keys/input/input0
[    3.485168] twl_rtc 48070000.i2c:twl@48:rtc: setting system clock to 2014-07-02 04:15:13 UTC (1404274513)
[    3.710113] mmc1: switch to bus width 2 failed
[    3.720123] mmc1: switch to bus width 1 failed
[    3.729400] mmc1: new high speed MMC card at address 0001
[    3.741607] mmcblk0: mmc1:0001 MMC32G 29.8 GiB 
[    3.751373] mmcblk0boot0: mmc1:0001 MMC32G partition 1 512 KiB
[    3.763793] mmcblk0boot1: mmc1:0001 MMC32G partition 2 512 KiB
[    3.778472]  mmcblk0: unknown partition table
[    3.790405]  mmcblk0boot1: unknown partition table
[    3.803039]  mmcblk0boot0: unknown partition table
[   15.584838] VUSB3V1: disabling
[   15.593231] ALSA device list:
[   15.599426]   No soundcards found.
[   15.608093] VFS: Cannot open root device "mmcblk0p2" or unknown-block(179,2): error -6
[   15.624603] Please append a correct "root=" boot option; here are the available partitions:
[   15.641937] b300        31264768 mmcblk0  driver: mmcblk
[   15.652984] b320             512 mmcblk0boot1  (driver?)
[   15.664062] b310             512 mmcblk0boot0  (driver?)
[   15.675109] Kernel panic - not syncing: VFS: Unable to mount root fs on unknown-block(179,2)
[   15.692596] CPU: 0 PID: 1 Comm: swapper/0 Not tainted 3.16.0-rc6-00002-gaaee71c #1
[   15.708312] [<c021577c>] (unwind_backtrace) from [<c02113a8>] (show_stack+0x10/0x14)
[   15.724334] [<c02113a8>] (show_stack) from [<c0800ac8>] (dump_stack+0x70/0x8c)
[   15.739288] [<c0800ac8>] (dump_stack) from [<c07fe5b4>] (panic+0x8c/0x210)
[   15.753540] [<c07fe5b4>] (panic) from [<c0ac4074>] (mount_block_root+0x188/0x234)
[   15.769042] [<c0ac4074>] (mount_block_root) from [<c0ac4208>] (mount_root+0xe8/0x108)
[   15.785247] [<c0ac4208>] (mount_root) from [<c0ac4350>] (prepare_namespace+0x128/0x18c)
[   15.801818] [<c0ac4350>] (prepare_namespace) from [<c0ac3d0c>] (kernel_init_freeable+0x184/0x1cc)
[   15.820190] [<c0ac3d0c>] (kernel_init_freeable) from [<c07fc284>] (kernel_init+0x8/0xe4)
[   15.836944] [<c07fc284>] (kernel_init) from [<c020e6f8>] (ret_from_fork+0x14/0x3c)
[   15.852600] ---[ end Kernel panic - not syncing: VFS: Unable to mount root fs on unknown-block(179,2)

