- 05:34:25 [INFO] Starting target session
- 05:34:25 [INFO] Connected to n900 via serial 
- 05:34:26 [INFO] Host: 
- 05:34:31 [ERROR] On command:  waiting for (?m-ix:root.*#) >>> error: execution expired
- 05:34:31 [INFO] Target: 

- 05:34:54 [INFO] Disconnected {"type"=>"serial"} from n900
- 05:34:54 [INFO] Host: 
- 05:34:54 [ERROR] On command:  waiting for (?-mix:Nokia\sRX-51\s#\s) >>> error: execution expired
- 05:34:54 [INFO] Target: 
Timed out in wait_for_event: status=0000
Check if pads/pull-ups of bus 1 are properly configured
Timed out in wait_for_event: status=0000
Check if pads/pull-ups of bus 1 are properly configured
Timed out in wait_for_event: status=0000
Check if pads/pull-ups of bus 1 are properly configured

- 05:34:54 [INFO] Host: 
- 05:34:55 [ERROR] On command:  waiting for (?-mix:Nokia\sRX-51\s#\s) >>> error: execution expired
- 05:34:55 [INFO] Target: 
Timed out in wait_for_event: status=0000
Check if pads/pull-ups of bus 1 are properly configured
Timed out in wait_for_event: status=0000
Check if pads/pull-ups of bus 1 are properly configured
Timed out in wait_for_event: status=0000
Check if pads/pull-ups of bus 1 are properly configured

- 05:34:55 [INFO] Host: 
- 05:34:56 [ERROR] On command:  waiting for (?-mix:Nokia\sRX-51\s#\s) >>> error: execution expired
- 05:34:56 [INFO] Target: 
Timed out in wait_for_event: status=0000
Check if pads/pull-ups of bus 1 are properly configured
Timed out in wait_for_event: status=0000
Check if pads/pull-ups of bus 1 are properly configured
Timed out in wait_for_event: status=0000
Check if pads/pull-ups of bus 1 are properly configured

- 05:34:56 [INFO] Host: 
- 05:34:56 [ERROR] On command:  waiting for (?-mix:Nokia\sRX-51\s#\s) >>> error: execution expired
- 05:34:56 [INFO] Target: 
Timed out in wait_for_event: status=0000
Check if pads/pull-ups of bus 1 are properly configured
Timed out in wait_for_event: status=0000
Check if pads/pull-ups of bus 1 are properly configured
Timed out in wait_for_event: status=0000
Check if pads/pull-ups of bus 1 are properly configured
i2c_read (addr phase): pads on bus 1 probably not configured (status=0x10)

- 05:34:56 [INFO] Host: 
- 05:34:57 [INFO] Target: 
Die ID #582a000400000000040366100301000d
OMAP3530-HS ES3.1, CPU-OPP2, L3-165MHz, Max CPU Clock 600 MHz

Hit any key to stop autoboot:  3  0 
Nokia RX-51 # 
Nokia RX-51 # 
Nokia RX-51 # 
Nokia RX-51 # 
Nokia RX-51 # 
- 05:34:57 [INFO] Host: 
- 05:34:57 [INFO] Target: 

Nokia RX-51 # 
- 05:34:57 [INFO] Host: version
- 05:34:58 [INFO] Target: 
version

U-Boot 2014.04-00073-g4fa5b9e (Apr 22 2014 - 14:37:10)
arm-linux-gnueabi-gcc (Ubuntu/Linaro 4.6.3-1ubuntu5) 4.6.3
GNU ld (GNU Binutils for Ubuntu) 2.22
Nokia RX-51 # 
- 05:34:58 [INFO] Host: setenv bootargs 'console=ttyO2,57600n8 vram=16M earlyprintk rootwait '
- 05:34:59 [INFO] Target: 
setenv bootargs 'console=ttyO2,57600n8 vram=16M earlyprintk rootwait '
Nokia RX-51 # 
- 05:34:59 [INFO] Host: setenv bootcmd  ''
- 05:34:59 [INFO] Target: 
setenv bootcmd  ''
Nokia RX-51 # 
- 05:34:59 [INFO] Host: setenv autoload 'no'
- 05:35:00 [INFO] Target: 
setenv autoload 'no'
Nokia RX-51 # 
- 05:35:00 [INFO] Host: setenv serverip '128.247.105.47'
- 05:35:00 [INFO] Target: 
setenv serverip '128.247.105.47'
Nokia RX-51 # 
- 05:35:00 [INFO] Host: printenv
- 05:35:01 [INFO] Target: 
printenv
arch=arm
attachboot=echo Booting attached kernel image ...;setenv setup_omap_atag 1;bootm ${attkernaddr};setenv setup_omap_atag
attkernaddr=0x8fe40800
autoload=no
baudrate=57600
board=rx51
board_name=rx51
bootargs=console=ttyO2,57600n8 vram=16M earlyprintk rootwait 
bootcmd=
bootdelay=3
bootm_size=0x08000000
bootmenu_0=Attached kernel=run attachboot
bootmenu_1=Internal eMMC=run emmcboot
bootmenu_2=External SD card=run sdboot
bootmenu_3=U-Boot boot order=boot
bootmenu_delay=30
cpu=armv7
dieid#=582a000400000000040366100301000d
emmcboot=setenv mmcnum 1; run trymmcboot
fdt_file=omap3-n900.dtb
fdtaddr=0x80F80000
fileload=${mmctype}load mmc ${mmcnum}:${mmcpart} ${loadaddr} ${mmcfile}
ftdload=setenv loadaddr ${fdtaddr};setenv mmcfile ${fdt_file};run fileload
importbootenv=echo Importing environment from mmc${mmcdev} ...; env import -t ${loadaddr} ${filesize}
initrdaddr=0x84008000
initrdload=setenv loadaddr ${initrdaddr};setenv mmcfile ${mmcinitrdfile};run fileload
kernaddr=0x82008000
kernboot=echo Booting ${mmckernfile} from mmc ${mmcnum}:${mmcpart} ...; bootm ${kernaddr}
kernbootz=echo Booting ${kernel_file}+${fdt_file} from mmc ${mmcnum}:${mmcpart} ...; bootz ${kernaddr} - ${fdtaddr}
kernel_file=zImage
kerninitrdboot=echo Booting ${mmckernfile} ${mmcinitrdfile} from mmc ${mmcnum}:${mmcpart} ...; bootm ${kernaddr} ${initrdaddr}
kernload=setenv loadaddr ${kernaddr};setenv mmcfile ${mmckernfile};run fileload
kernloadz=setenv loadaddr ${kernaddr};setenv mmcfile ${kernel_file};run fileload
loadaddr=0x82008000
loadbootenv=fatload mmc ${mmcnum} ${loadaddr} uEnv.txt
mem=260353k
menucmd=bootmenu
preboot=setenv loadaddr ${kernaddr};echo
scriptaddr=0x86008000
scriptboot=echo Running ${mmcscriptfile} from mmc ${mmcnum}:${mmcpart} ...; source ${scriptaddr}
scriptload=setenv loadaddr ${scriptaddr};setenv mmcfile ${mmcscriptfile};run fileload
sdboot=setenv mmcnum 0; run trymmcboot
sercon=setenv con serial; run setcon
serverip=128.247.105.47
setcon=setenv stdin ${con};setenv stdout ${con};setenv stderr ${con}
slide=gpio input 71
soc=omap3
stderr=serial
stdin=serial
stdout=serial
switchmmc=mmc dev ${mmcnum}
trymmcallpartboot=setenv mmcpart 1; run trymmcpartboot;setenv mmcpart 2; run trymmcpartboot;setenv mmcpart 3; run trymmcpartboot;setenv mmcpart 4; run trymmcpartboot
trymmcboot=if run switchmmc; then setenv mmctype fat;run trymmcallpartboot;setenv mmctype ext2;run trymmcallpartboot;setenv mmctype ext4;run trymmcallpartboot;fi
trymmckernboot=if run switchmmc; then if run kernload; then run kernboot;fi;fi
trymmckernbootz=if run switchmmc; then if run ftdload; then if run kernloadz; then run kernbootz;fi;fi;fi
trymmckerninitrdboot=if run switchmmc; then if run initrdload; then if run kernload; then run kerninitrdboot;fi;fi; fi
trymmcpartboot=setenv mmcscriptfile boot.scr; run trymmcscriptboot;setenv mmckernfile uImage; run trymmckernboot;run trymmckernbootz
trymmcscriptboot=if run switchmmc; then if run scriptload; then run scriptboot;fi;fi
usbcon=setenv con usbtty; run setcon
usbtty=cdc_acm
vendor=nokia
vgacon=setenv con vga; run setcon

Environment size: 3197/131068 bytes
Nokia RX-51 # 
- 05:35:01 [INFO] Host: printenv
- 05:35:03 [INFO] Target: 
printenv
arch=arm
attachboot=echo Booting attached kernel image ...;setenv setup_omap_atag 1;bootm ${attkernaddr};setenv setup_omap_atag
attkernaddr=0x8fe40800
autoload=no
baudrate=57600
board=rx51
board_name=rx51
bootargs=console=ttyO2,57600n8 vram=16M earlyprintk rootwait 
bootcmd=
bootdelay=3
bootm_size=0x08000000
bootmenu_0=Attached kernel=run attachboot
bootmenu_1=Internal eMMC=run emmcboot
bootmenu_2=External SD card=run sdboot
bootmenu_3=U-Boot boot order=boot
bootmenu_delay=30
cpu=armv7
dieid#=582a000400000000040366100301000d
emmcboot=setenv mmcnum 1; run trymmcboot
fdt_file=omap3-n900.dtb
fdtaddr=0x80F80000
fileload=${mmctype}load mmc ${mmcnum}:${mmcpart} ${loadaddr} ${mmcfile}
ftdload=setenv loadaddr ${fdtaddr};setenv mmcfile ${fdt_file};run fileload
importbootenv=echo Importing environment from mmc${mmcdev} ...; env import -t ${loadaddr} ${filesize}
initrdaddr=0x84008000
initrdload=setenv loadaddr ${initrdaddr};setenv mmcfile ${mmcinitrdfile};run fileload
kernaddr=0x82008000
kernboot=echo Booting ${mmckernfile} from mmc ${mmcnum}:${mmcpart} ...; bootm ${kernaddr}
kernbootz=echo Booting ${kernel_file}+${fdt_file} from mmc ${mmcnum}:${mmcpart} ...; bootz ${kernaddr} - ${fdtaddr}
kernel_file=zImage
kerninitrdboot=echo Booting ${mmckernfile} ${mmcinitrdfile} from mmc ${mmcnum}:${mmcpart} ...; bootm ${kernaddr} ${initrdaddr}
kernload=setenv loadaddr ${kernaddr};setenv mmcfile ${mmckernfile};run fileload
kernloadz=setenv loadaddr ${kernaddr};setenv mmcfile ${kernel_file};run fileload
loadaddr=0x82008000
loadbootenv=fatload mmc ${mmcnum} ${loadaddr} uEnv.txt
mem=260353k
menucmd=bootmenu
preboot=setenv loadaddr ${kernaddr};echo
scriptaddr=0x86008000
scriptboot=echo Running ${mmcscriptfile} from mmc ${mmcnum}:${mmcpart} ...; source ${scriptaddr}
scriptload=setenv loadaddr ${scriptaddr};setenv mmcfile ${mmcscriptfile};run fileload
sdboot=setenv mmcnum 0; run trymmcboot
sercon=setenv con serial; run setcon
serverip=128.247.105.47
setcon=setenv stdin ${con};setenv stdout ${con};setenv stderr ${con}
slide=gpio input 71
soc=omap3
stderr=serial
stdin=serial
stdout=serial
switchmmc=mmc dev ${mmcnum}
trymmcallpartboot=setenv mmcpart 1; run trymmcpartboot;setenv mmcpart 2; run trymmcpartboot;setenv mmcpart 3; run trymmcpartboot;setenv mmcpart 4; run trymmcpartboot
trymmcboot=if run switchmmc; then setenv mmctype fat;run trymmcallpartboot;setenv mmctype ext2;run trymmcallpartboot;setenv mmctype ext4;run trymmcallpartboot;fi
trymmckernboot=if run switchmmc; then if run kernload; then run kernboot;fi;fi
trymmckernbootz=if run switchmmc; then if run ftdload; then if run kernloadz; then run kernbootz;fi;fi;fi
trymmckerninitrdboot=if run switchmmc; then if run initrdload; then if run kernload; then run kerninitrdboot;fi;fi; fi
trymmcpartboot=setenv mmcscriptfile boot.scr; run trymmcscriptboot;setenv mmckernfile uImage; run trymmckernboot;run trymmckernbootz
trymmcscriptboot=if run switchmmc; then if run scriptload; then run scriptboot;fi;fi
usbcon=setenv con usbtty; run setcon
usbtty=cdc_acm
vendor=nokia
vgacon=setenv con vga; run setcon

Environment size: 3197/131068 bytes
Nokia RX-51 # 
- 05:35:03 [INFO] Host: setenv bootargs ''${bootargs}' ip=dhcp '
- 05:35:03 [INFO] Target: 
setenv bootargs ''${bootargs}' ip=dhcp '
Nokia RX-51 # 
- 05:35:03 [INFO] Host: setenv ipaddr dhcp
- 05:35:04 [INFO] Target: 
setenv ipaddr dhcp
Nokia RX-51 # 
- 05:35:04 [INFO] Host: dhcp
- 05:35:04 [INFO] Target: 
dhcp
Unknown command 'dhcp' - try 'help'
Nokia RX-51 # 
- 05:35:05 [INFO] Disconnected serial from n900
- 05:50:31 [INFO] Connected to n900 via serial 
- 05:50:31 [INFO] Host: printenv
- 05:50:32 [INFO] Target: 
## Total Size      = 0x004c23b2 = 4989874 Bytes
Nokia RX-51 # printenv
arch=arm
attachboot=echo Booting attached kernel image ...;setenv setup_omap_atag 1;bootm ${attkernaddr};setenv setup_omap_atag
attkernaddr=0x8fe40800
autoload=no
baudrate=57600
board=rx51
board_name=rx51
bootargs=console=ttyO2,57600n8 vram=16M earlyprintk rootwait  ip=dhcp 
bootcmd=
bootdelay=3
bootm_size=0x08000000
bootmenu_0=Attached kernel=run attachboot
bootmenu_1=Internal eMMC=run emmcboot
bootmenu_2=External SD card=run sdboot
bootmenu_3=U-Boot boot order=boot
bootmenu_delay=30
cpu=armv7
dieid#=582a000400000000040366100301000d
emmcboot=setenv mmcnum 1; run trymmcboot
fdt_file=omap3-n900.dtb
fdtaddr=0x80F80000
fileload=${mmctype}load mmc ${mmcnum}:${mmcpart} ${loadaddr} ${mmcfile}
filesize=4c23b2
ftdload=setenv loadaddr ${fdtaddr};setenv mmcfile ${fdt_file};run fileload
importbootenv=echo Importing environment from mmc${mmcdev} ...; env import -t ${loadaddr} ${filesize}
initrdaddr=0x84008000
initrdload=setenv loadaddr ${initrdaddr};setenv mmcfile ${mmcinitrdfile};run fileload
ipaddr=dhcp
kernaddr=0x82008000
kernboot=echo Booting ${mmckernfile} from mmc ${mmcnum}:${mmcpart} ...; bootm ${kernaddr}
kernbootz=echo Booting ${kernel_file}+${fdt_file} from mmc ${mmcnum}:${mmcpart} ...; bootz ${kernaddr} - ${fdtaddr}
kernel_file=zImage
kerninitrdboot=echo Booting ${mmckernfile} ${mmcinitrdfile} from mmc ${mmcnum}:${mmcpart} ...; bootm ${kernaddr} ${initrdaddr}
kernload=setenv loadaddr ${kernaddr};setenv mmcfile ${mmckernfile};run fileload
kernloadz=setenv loadaddr ${kernaddr};setenv mmcfile ${kernel_file};run fileload
loadaddr=0x82008000
loadbootenv=fatload mmc ${mmcnum} ${loadaddr} uEnv.txt
mem=260353k
menucmd=bootmenu
preboot=setenv loadaddr ${kernaddr};echo
scriptaddr=0x86008000
scriptboot=echo Running ${mmcscriptfile} from mmc ${mmcnum}:${mmcpart} ...; source ${scriptaddr}
scriptload=setenv loadaddr ${scriptaddr};setenv mmcfile ${mmcscriptfile};run fileload
sdboot=setenv mmcnum 0; run trymmcboot
sercon=setenv con serial; run setcon
serverip=128.247.105.47
setcon=setenv stdin ${con};setenv stdout ${con};setenv stderr ${con}
slide=gpio input 71
soc=omap3
stderr=serial
stdin=serial
stdout=serial
switchmmc=mmc dev ${mmcnum}
trymmcallpartboot=setenv mmcpart 1; run trymmcpartboot;setenv mmcpart 2; run trymmcpartboot;setenv mmcpart 3; run trymmcpartboot;setenv mmcpart 4; run trymmcpartboot
trymmcboot=if run switchmmc; then setenv mmctype fat;run trymmcallpartboot;setenv mmctype ext2;run trymmcallpartboot;setenv mmctype ext4;run trymmcallpartboot;fi
trymmckernboot=if run switchmmc; then if run kernload; then run kernboot;fi;fi
trymmckernbootz=if run switchmmc; then if run ftdload; then if run kernloadz; then run kernbootz;fi;fi;fi
trymmckerninitrdboot=if run switchmmc; then if run initrdload; then if run kernload; then run kerninitrdboot;fi;fi; fi
trymmcpartboot=setenv mmcscriptfile boot.scr; run trymmcscriptboot;setenv mmckernfile uImage; run trymmckernboot;run trymmckernbootz
trymmcscriptboot=if run switchmmc; then if run scriptload; then run scriptboot;fi;fi
usbcon=setenv con usbtty; run setcon
usbtty=cdc_acm
vendor=nokia
vgacon=setenv con vga; run setcon

Environment size: 3238/131068 bytes
Nokia RX-51 # 
- 05:50:33 [INFO] Host: setenv bootargs ''${bootargs}' root=/dev/mmcblk0p2 rw rootfstype=ext3 rootwait '
- 05:50:33 [INFO] Target: 
setenv bootargs ''${bootargs}' root=/dev/mmcblk0p2 rw rootfstype=ext3 rootwait '
Nokia RX-51 # 
- 05:50:33 [INFO] Host: printenv
- 05:50:34 [INFO] Target: 
printenv
arch=arm
attachboot=echo Booting attached kernel image ...;setenv setup_omap_atag 1;bootm ${attkernaddr};setenv setup_omap_atag
attkernaddr=0x8fe40800
autoload=no
baudrate=57600
board=rx51
board_name=rx51
bootargs=console=ttyO2,57600n8 vram=16M earlyprintk rootwait  ip=dhcp  root=/dev/mmcblk0p2 rw rootfstype=ext3 rootwait 
bootcmd=
bootdelay=3
bootm_size=0x08000000
bootmenu_0=Attached kernel=run attachboot
bootmenu_1=Internal eMMC=run emmcboot
bootmenu_2=External SD card=run sdboot
bootmenu_3=U-Boot boot order=boot
bootmenu_delay=30
cpu=armv7
dieid#=582a000400000000040366100301000d
emmcboot=setenv mmcnum 1; run trymmcboot
fdt_file=omap3-n900.dtb
fdtaddr=0x80F80000
fileload=${mmctype}load mmc ${mmcnum}:${mmcpart} ${loadaddr} ${mmcfile}
filesize=4c23b2
ftdload=setenv loadaddr ${fdtaddr};setenv mmcfile ${fdt_file};run fileload
importbootenv=echo Importing environment from mmc${mmcdev} ...; env import -t ${loadaddr} ${filesize}
initrdaddr=0x84008000
initrdload=setenv loadaddr ${initrdaddr};setenv mmcfile ${mmcinitrdfile};run fileload
ipaddr=dhcp
kernaddr=0x82008000
kernboot=echo Booting ${mmckernfile} from mmc ${mmcnum}:${mmcpart} ...; bootm ${kernaddr}
kernbootz=echo Booting ${kernel_file}+${fdt_file} from mmc ${mmcnum}:${mmcpart} ...; bootz ${kernaddr} - ${fdtaddr}
kernel_file=zImage
kerninitrdboot=echo Booting ${mmckernfile} ${mmcinitrdfile} from mmc ${mmcnum}:${mmcpart} ...; bootm ${kernaddr} ${initrdaddr}
kernload=setenv loadaddr ${kernaddr};setenv mmcfile ${mmckernfile};run fileload
kernloadz=setenv loadaddr ${kernaddr};setenv mmcfile ${kernel_file};run fileload
loadaddr=0x82008000
loadbootenv=fatload mmc ${mmcnum} ${loadaddr} uEnv.txt
mem=260353k
menucmd=bootmenu
preboot=setenv loadaddr ${kernaddr};echo
scriptaddr=0x86008000
scriptboot=echo Running ${mmcscriptfile} from mmc ${mmcnum}:${mmcpart} ...; source ${scriptaddr}
scriptload=setenv loadaddr ${scriptaddr};setenv mmcfile ${mmcscriptfile};run fileload
sdboot=setenv mmcnum 0; run trymmcboot
sercon=setenv con serial; run setcon
serverip=128.247.105.47
setcon=setenv stdin ${con};setenv stdout ${con};setenv stderr ${con}
slide=gpio input 71
soc=omap3
stderr=serial
stdin=serial
stdout=serial
switchmmc=mmc dev ${mmcnum}
trymmcallpartboot=setenv mmcpart 1; run trymmcpartboot;setenv mmcpart 2; run trymmcpartboot;setenv mmcpart 3; run trymmcpartboot;setenv mmcpart 4; run trymmcpartboot
trymmcboot=if run switchmmc; then setenv mmctype fat;run trymmcallpartboot;setenv mmctype ext2;run trymmcallpartboot;setenv mmctype ext4;run trymmcallpartboot;fi
trymmckernboot=if run switchmmc; then if run kernload; then run kernboot;fi;fi
trymmckernbootz=if run switchmmc; then if run ftdload; then if run kernloadz; then run kernbootz;fi;fi;fi
trymmckerninitrdboot=if run switchmmc; then if run initrdload; then if run kernload; then run kerninitrdboot;fi;fi; fi
trymmcpartboot=setenv mmcscriptfile boot.scr; run trymmcscriptboot;setenv mmckernfile uImage; run trymmckernboot;run trymmckernbootz
trymmcscriptboot=if run switchmmc; then if run scriptload; then run scriptboot;fi;fi
usbcon=setenv con usbtty; run setcon
usbtty=cdc_acm
vendor=nokia
vgacon=setenv con vga; run setcon

Environment size: 3287/131068 bytes
Nokia RX-51 # 
- 05:50:34 [INFO] Host: setenv bootcmd ''${bootcmd}' if iminfo ${loadaddr}; then bootm ${loadaddr}  ; else bootz ${loadaddr}  ; bootm ${loadaddr}  ; fi'
- 05:50:35 [INFO] Target: 
setenv bootcmd ''${bootcmd}' if iminfo ${loadaddr}; then bootm ${loadaddr}  ; else bootz ${loadaddr}  ; bootm ${loadaddr}  ; fi'
Nokia RX-51 # 
- 05:50:35 [INFO] Host: bdinfo
- 05:50:35 [INFO] Target: 
bdinfo
arch_number = 0x000007A3
boot_params = 0x80000100
DRAM bank   = 0x00000000
-> start    = 0x80000000
-> size     = 0x10000000
DRAM bank   = 0x00000001
-> start    = 0x90000000
-> size     = 0x00000000
baudrate    = 57600 bps
TLB addr    = 0x8FE30000
relocaddr   = 0x8FDD1000
reloc off   = 0x0FDC9000
irq_sp      = 0x8FCF0F20
sp start    = 0x8FCF0F10
FB base     = 0x00000000
Nokia RX-51 # 
- 05:50:35 [INFO] Host: boot
- 05:53:05 [ERROR] On command: boot waiting for (?-mix:.*\s+login) >>> error: execution expired
- 05:53:05 [INFO] Target: 
boot
Unknown command 'iminfo' - try 'help'
Bad Linux ARM zImage magic!
## Booting kernel from Legacy Image at 82008000 ...
   Image Name:   Linux-3.16.0-rc3-next-20140702-0
   Image Type:   ARM Linux Kernel Image (uncompressed)
   Data Size:    4989810 Bytes = 4.8 MiB
   Load Address: 80800000
   Entry Point:  80800000
   Verifying Checksum ... OK
   Loading Kernel Image ... OK

Starting kernel ...

[    0.000000] Booting Linux on physical CPU 0x0
[    0.000000] Linux version 3.16.0-rc3-next-20140702-00002-g0efbef6 (nmenon@kahuna) (gcc version 4.6.3 (Ubuntu/Linaro 4.6.3-1ubuntu5) ) #1 SMP Wed Jul 2 05:32:10 CDT 2014
[    0.000000] CPU: ARMv7 Processor [411fc083] revision 3 (ARMv7), cr=10c5387d
[    0.000000] CPU: PIPT / VIPT nonaliasing data cache, VIPT nonaliasing instruction cache
[    0.000000] Machine model: Nokia N900
[    0.000000] cma: Reserved 64 MiB at 8b800000
[    0.000000] Memory policy: Data cache writeback
[    0.000000]   HighMem zone: 1048574 pages exceeds freesize 0
[    0.000000] CPU: All CPU(s) started in SVC mode.
[    0.000000] OMAP3430/3530 ES3.1 (l2cache iva sgx neon isp )
[    0.000000] PERCPU: Embedded 8 pages/cpu @cfc89000 s8448 r8192 d16128 u32768
[    0.000000] Built 1 zonelists in Zone order, mobility grouping on.  Total pages: 64768
[    0.000000] Kernel command line: console=ttyO2,57600n8 vram=16M earlyprintk rootwait  ip=dhcp  root=/dev/mmcblk0p2 rw rootfstype=ext3 rootwait 
[    0.000000] PID hash table entries: 1024 (order: 0, 4096 bytes)
[    0.000000] Dentry cache hash table entries: 32768 (order: 5, 131072 bytes)
[    0.000000] Inode-cache hash table entries: 16384 (order: 4, 65536 bytes)
[    0.000000] Memory: 181956K/261120K available (6384K kernel code, 901K rwdata, 2568K rodata, 656K init, 304K bss, 79164K reserved, 0K highmem)
[    0.000000] Virtual kernel memory layout:
[    0.000000]     vector  : 0xffff0000 - 0xffff1000   (   4 kB)
[    0.000000]     fixmap  : 0xffc00000 - 0xffe00000   (2048 kB)
[    0.000000]     vmalloc : 0xd0800000 - 0xff000000   ( 744 MB)
[    0.000000]     lowmem  : 0xc0000000 - 0xd0000000   ( 256 MB)
[    0.000000]     pkmap   : 0xbfe00000 - 0xc0000000   (   2 MB)
[    0.000000]     modules : 0xbf000000 - 0xbfe00000   (  14 MB)
[    0.000000]       .text : 0xc0208000 - 0xc0ac6558   (8954 kB)
[    0.000000]       .init : 0xc0ac7000 - 0xc0b6b100   ( 657 kB)
[    0.000000]       .data : 0xc0b6c000 - 0xc0c4d640   ( 902 kB)
[    0.000000]        .bss : 0xc0c4d648 - 0xc0c99750   ( 305 kB)
[    0.000000] SLUB: HWalign=64, Order=0-3, MinObjects=0, CPUs=1, Nodes=1
[    0.000000] Hierarchical RCU implementation.
[    0.000000] 	RCU restricting CPUs from NR_CPUS=8 to nr_cpu_ids=1.
[    0.000000] RCU: Adjusting geometry for rcu_fanout_leaf=16, nr_cpu_ids=1
[    0.000000] NR_IRQS:16 nr_irqs:16 16
[    0.000000] IRQ: Found an INTC at 0xfa200000 (revision 4.0) with 96 interrupts
[    0.000000] Total of 96 interrupts on 1 active controller
[    0.000000] Clocking rate (Crystal/Core/MPU): 19.2/332/500 MHz
[    0.000000] OMAP clockevent source: timer1 at 32768 Hz
[    0.000030] sched_clock: 32 bits at 32kHz, resolution 30517ns, wraps every 65536000000000ns
[    0.000030] OMAP clocksource: 32k_counter at 32768 Hz
[    0.000335] Console: colour dummy device 80x30
[    0.000396] Calibrating delay loop... 493.97 BogoMIPS (lpj=1234944)
[    0.033721] pid_max: default: 32768 minimum: 301
[    0.033966] Mount-cache hash table entries: 1024 (order: 0, 4096 bytes)
[    0.033996] Mountpoint-cache hash table entries: 1024 (order: 0, 4096 bytes)
[    0.035064] CPU: Testing write buffer coherency: ok
[    0.035583] CPU0: thread -1, cpu 0, socket -1, mpidr 0
[    0.035766] Setting up static identity map for 0x808083c0 - 0x80808458
[    0.041412] Brought up 1 CPUs
[    0.041442] SMP: Total of 1 processors activated.
[    0.041442] CPU: All CPU(s) started in SVC mode.
[    0.042480] devtmpfs: initialized
[    0.049102] VFP support v0.3: implementor 41 architecture 3 part 30 variant c rev 1
[    0.076721] omap_hwmod: mcbsp2_sidetone using broken dt data from mcbsp
[    0.077545] omap_hwmod: mcbsp3_sidetone using broken dt data from mcbsp
[    0.101348] omap_hwmod: mcbsp2: cannot be enabled for reset (3)
[    0.122833] pinctrl core: initialized pinctrl subsystem
[    0.123992] regulator-dummy: no parameters
[    0.171264] NET: Registered protocol family 16
[    0.176208] DMA: preallocated 256 KiB pool for atomic coherent allocations
[    0.181457] cpuidle: using governor ladder
[    0.181488] cpuidle: using governor menu
[    0.183654] Reprogramming SDRC clock to 332000000 Hz
[    0.191070] OMAP GPIO hardware version 2.5
[    0.197845] irq: no irq domain found for /ocp/pinmux@48002030 !
[    0.198638] irq: no irq domain found for /ocp/pinmux@48002030 !
[    0.206542] platform 49022000.mcbsp: alias fck already exists
[    0.214691] omap-gpmc 6e000000.gpmc: GPMC revision 5.0
[    0.218536] RX-51: Not enabling ARM errata 430973 workaround
[    0.218566] Thumb binaries may crash randomly without this workaround
[    0.218566] RX-51: Registring OMAP3 HWRNG device
[    0.221466] No ATAGs?
[    0.221496] hw-breakpoint: debug architecture 0x4 unsupported.
[    0.221893] EXYNOS: PMU not supported
[    0.224487] Reserving DMA channels 0 and 1 for HS ROM code
[    0.224517] OMAP DMA hardware revision 4.0
[    0.228485] Serial: AMBA PL011 UART driver
[    0.256164] edma-dma-engine edma-dma-engine.0: Can't allocate PaRAM dummy slot
[    0.256225] edma-dma-engine: probe of edma-dma-engine.0 failed with error -5
[    0.284698] omap-dma-engine 48056000.dma-controller: OMAP DMA engine driver
[    0.290679] vgaarb: loaded
[    0.292144] SCSI subsystem initialized
[    0.293426] usbcore: registered new interface driver usbfs
[    0.293579] usbcore: registered new interface driver hub
[    0.293853] usbcore: registered new device driver usb
[    0.295349] omap_i2c 48070000.i2c: could not find pctldev for node /ocp/pinmux@48002030/pinmux_i2c1_pins, deferring probe
[    0.295379] platform 48070000.i2c: Driver omap_i2c requests probe deferral
[    0.295471] omap_i2c 48072000.i2c: could not find pctldev for node /ocp/pinmux@48002030/pinmux_i2c2_pins, deferring probe
[    0.295501] platform 48072000.i2c: Driver omap_i2c requests probe deferral
[    0.295593] omap_i2c 48060000.i2c: could not find pctldev for node /ocp/pinmux@48002030/pinmux_i2c3_pins, deferring probe
[    0.295623] platform 48060000.i2c: Driver omap_i2c requests probe deferral
[    0.296264] Linux video capture interface: v2.00
[    0.296386] pps_core: LinuxPPS API ver. 1 registered
[    0.296417] pps_core: Software ver. 5.3.6 - Copyright 2005-2007 Rodolfo Giometti <giometti@linux.it>
[    0.296478] PTP clock support registered
[    0.296661] EDAC MC: Ver: 3.0.0
[    0.298675] Advanced Linux Sound Architecture Driver Initialized.
[    0.301177] Switched to clocksource 32k_counter
[    0.325622] NET: Registered protocol family 2
[    0.326843] TCP established hash table entries: 2048 (order: 1, 8192 bytes)
[    0.326904] TCP bind hash table entries: 2048 (order: 2, 16384 bytes)
[    0.326965] TCP: Hash tables configured (established 2048 bind 2048)
[    0.327117] TCP: reno registered
[    0.327148] UDP hash table entries: 256 (order: 1, 8192 bytes)
[    0.327209] UDP-Lite hash table entries: 256 (order: 1, 8192 bytes)
[    0.327545] NET: Registered protocol family 1
[    0.328186] RPC: Registered named UNIX socket transport module.
[    0.328186] RPC: Registered udp transport module.
[    0.328216] RPC: Registered tcp transport module.
[    0.328216] RPC: Registered tcp NFSv4.1 backchannel transport module.
[    0.331939] hw perfevents: enabled with armv7_cortex_a8 PMU driver, 5 counters available
[    0.336608] futex hash table entries: 256 (order: 2, 16384 bytes)
[    0.364044] squashfs: version 4.0 (2009/01/31) Phillip Lougher
[    0.365936] NFS: Registering the id_resolver key type
[    0.366027] Key type id_resolver registered
[    0.366027] Key type id_legacy registered
[    0.366149] msgmni has been set to 483
[    0.367706] Block layer SCSI generic (bsg) driver version 0.4 loaded (major 249)
[    0.367767] io scheduler noop registered
[    0.367767] io scheduler deadline registered
[    0.368194] io scheduler cfq registered (default)
[    0.372406] pinctrl-single 48002030.pinmux: 284 pins at pa fa002030 size 568
[    0.372863] pinctrl-single 48002a00.pinmux: 46 pins at pa fa002a00 size 92
[    0.373382] pinctrl-single 480025d8.pinmux: 18 pins at pa fa0025d8 size 36
[    0.521453] Serial: 8250/16550 driver, 4 ports, IRQ sharing disabled
[    0.525634] Serial: IMX driver
[    0.526458] msm_serial: driver initialized
[    0.528076] 4806c000.serial: ttyO1 at MMIO 0x4806c000 (irq = 89, base_baud = 3000000) is a OMAP UART1
[    0.529388] 49020000.serial: ttyO2 at MMIO 0x49020000 (irq = 90, base_baud = 3000000) is a OMAP UART2
[    2.078796] console [ttyO2] enabled
[    2.087097] STMicroelectronics ASC driver initialized
[    2.099334] serial: Freescale lpuart driver
[    2.108489] [drm] Initialized drm 1.1.0 20060810
[    2.130004] loop: module loaded
[    2.151519] CAN device driver interface
[    2.163787] pegasus: v0.9.3 (2013/04/25), Pegasus/Pegasus II USB Ethernet driver
[    2.179321] usbcore: registered new interface driver pegasus
[    2.191253] usbcore: registered new interface driver asix
[    2.202575] usbcore: registered new interface driver ax88179_178a
[    2.215362] usbcore: registered new interface driver cdc_ether
[    2.227630] usbcore: registered new interface driver smsc75xx
[    2.239746] usbcore: registered new interface driver smsc95xx
[    2.251800] usbcore: registered new interface driver net1080
[    2.263671] usbcore: registered new interface driver cdc_subset
[    2.276062] usbcore: registered new interface driver zaurus
[    2.287872] usbcore: registered new interface driver cdc_ncm
[    2.299682] ehci_hcd: USB 2.0 'Enhanced' Host Controller (EHCI) Driver
[    2.313232] ehci-pci: EHCI PCI platform driver
[    2.322570] ehci-platform: EHCI generic platform driver
[    2.333831] ehci-omap: OMAP-EHCI Host Controller driver
[    2.345245] ehci-omap 48064800.ehci: EHCI Host Controller
[    2.356536] ehci-omap 48064800.ehci: new USB bus registered, assigned bus number 1
[    2.372711] ehci-omap 48064800.ehci: irq 93, io mem 0x48064800
[    2.391296] ehci-omap 48064800.ehci: USB 2.0 started, EHCI 1.00
[    2.405517] hub 1-0:1.0: USB hub found
[    2.413482] hub 1-0:1.0: 3 ports detected
[    2.423217] ehci-orion: EHCI orion driver
[    2.432037] SPEAr-ehci: EHCI SPEAr driver
[    2.440704] tegra-ehci: Tegra EHCI driver
[    2.449371] ohci_hcd: USB 1.1 'Open' Host Controller (OHCI) Driver
[    2.462249] ohci-pci: OHCI PCI platform driver
[    2.471649] ohci-platform: OHCI generic platform driver
[    2.482788] ohci-omap3: OHCI OMAP3 driver
[    2.491577] ohci-omap3 48064400.ohci: OHCI Host Controller
[    2.503051] ohci-omap3 48064400.ohci: new USB bus registered, assigned bus number 2
[    2.519104] ohci-omap3 48064400.ohci: irq 92, io mem 0x48064400
[    2.608032] hub 2-0:1.0: USB hub found
[    2.615966] hub 2-0:1.0: 3 ports detected
[    2.625518] SPEAr-ohci: OHCI SPEAr driver
[    2.635772] usbcore: registered new interface driver usb-storage
[    2.652160] mousedev: PS/2 mouse device common for all mice
[    2.669189] i2c /dev entries driver
[    2.678710] usbcore: registered new interface driver uvcvideo
[    2.690673] USB Video Class driver (1.1.1)
[    2.699188] gspca_main: v2.14.0 registered
[    2.713073] sdhci: Secure Digital Host Controller Interface driver
[    2.725921] sdhci: Copyright(c) Pierre Ossman
[    2.737518] omap_hsmmc 4809c000.mmc: unable to get vmmc regulator -517
[    2.751281] platform 4809c000.mmc: Driver omap_hsmmc requests probe deferral
[    2.766693] omap_hsmmc 480b4000.mmc: unable to get vmmc regulator -517
[    2.780364] platform 480b4000.mmc: Driver omap_hsmmc requests probe deferral
[    2.795715] Synopsys Designware Multimedia Card Interface Driver
[    2.809570] sdhci-pltfm: SDHCI platform and OF driver helper
[    2.823486] usbcore: registered new interface driver usbhid
[    2.835083] usbhid: USB HID core driver
[    2.853729] TCP: cubic registered
[    2.860687] NET: Registered protocol family 17
[    2.869964] can: controller area network core (rev 20120528 abi 9)
[    2.882995] NET: Registered protocol family 29
[    2.892242] can: raw protocol (rev 20120528)
[    2.901153] can: broadcast manager protocol (rev 20120528 t)
[    2.912902] can: netlink gateway (rev 20130117) max_hops=1
[    2.925262] Key type dns_resolver registered
[    2.934600] omap2_set_init_voltage: unable to find boot up OPP for vdd_mpu_iva
[    2.949584] omap2_set_init_voltage: unable to set vdd_mpu_iva
[    2.961547] omap2_set_init_voltage: unable to find boot up OPP for vdd_core
[    2.975982] omap2_set_init_voltage: unable to set vdd_core
[    2.992218] ThumbEE CPU extension supported.
[    3.001159] Registering SWP/SWPB emulation handler
[    3.022460] twl 0-0048: PIH (irq 23) chaining IRQs 340..348
[    3.034301] twl 0-0048: power (irq 345) chaining IRQs 348..355
[    3.049224] twl_rtc 48070000.i2c:twl@48:rtc: Enabling TWL-RTC
[    3.064575] twl_rtc 48070000.i2c:twl@48:rtc: rtc core: registered 48070000.i2c:twl@48 as rtc0
[    3.088165] V28: 2800 mV 
[    3.095520] VCSI: 1800 mV 
[    3.102966] VMMC2_30: 2800 <--> 3000 mV at 2800 mV 
[    3.114837] VCAM_ANA_28: 2800 mV 
[    3.123474] VDD1: 600 <--> 1450 mV at 1200 mV 
[    3.134429] VDAC: 1800 mV 
[    3.143585] VIO: 1800 mV 
[    3.151428] VINTANA1: 1500 mV 
[    3.160125] VINTANA2: 2750 mV 
[    3.168884] VINTDIG: 1500 mV 
[    3.176666] VMMC1: 1850 <--> 3150 mV at 3000 mV 
[    3.188842] V28_A: 2800 <--> 3000 mV at 2600 mV 
[    3.199920] VUSB1V5: 1500 mV 
[    3.207427] VUSB1V8: 1800 mV 
[    3.214874] VUSB3V1: 3100 mV 
[    3.223419] VPLL: 1800 mV 
[    3.231750] VSDI_CSI: 1800 mV 
[    3.239959] VMMC2_IO_18: 1800 mV 
[    3.248291] twl4030_gpio twl4030-gpio: gpio (irq 340) chaining IRQs 356..373
[    3.274108] omap_i2c 48070000.i2c: bus 0 rev3.3 at 2200 kHz
[    3.295928] omap_i2c 48072000.i2c: bus 1 rev3.3 at 100 kHz
[    3.312133] omap_i2c 48060000.i2c: bus 2 rev3.3 at 400 kHz
[    3.399566] input: gpio_keys as /devices/gpio_keys/input/input0
[    3.417236] twl_rtc 48070000.i2c:twl@48:rtc: setting system clock to 2014-06-11 17:12:06 UTC (1402506726)
[    3.647491] mmc1: switch to bus width 2 failed
[    3.657501] mmc1: switch to bus width 1 failed
[    3.666748] mmc1: new high speed MMC card at address 0001
[    3.678924] mmcblk0: mmc1:0001 MMC32G 29.8 GiB 
[    3.688720] mmcblk0boot0: mmc1:0001 MMC32G partition 1 512 KiB
[    3.701141] mmcblk0boot1: mmc1:0001 MMC32G partition 2 512 KiB
[    3.715820]  mmcblk0: unknown partition table
[    3.727783]  mmcblk0boot1: unknown partition table
[    3.740386]  mmcblk0boot0: unknown partition table
[   15.517120] VUSB3V1: disabling
[   15.524169] VUSB1V8: disabling
[   15.531097] VUSB1V5: disabling
[   15.538238] VDAC: disabling
[   15.544830] VCSI: disabling
[   15.551361] ALSA device list:
[   15.557556]   No soundcards found.
[   15.566192] VFS: Cannot open root device "mmcblk0p2" or unknown-block(179,2): error -6
[   15.582733] Please append a correct "root=" boot option; here are the available partitions:
[   15.600067] b300        31264768 mmcblk0  driver: mmcblk
[   15.611114] b320             512 mmcblk0boot1  (driver?)
[   15.622161] b310             512 mmcblk0boot0  (driver?)
[   15.633239] Kernel panic - not syncing: VFS: Unable to mount root fs on unknown-block(179,2)
[   15.650695] CPU: 0 PID: 1 Comm: swapper/0 Not tainted 3.16.0-rc3-next-20140702-00002-g0efbef6 #1
[   15.668945] [<c02157bc>] (unwind_backtrace) from [<c02113e8>] (show_stack+0x10/0x14)
[   15.684967] [<c02113e8>] (show_stack) from [<c080337c>] (dump_stack+0x70/0x8c)
[   15.699920] [<c080337c>] (dump_stack) from [<c0800e68>] (panic+0x8c/0x210)
[   15.714172] [<c0800e68>] (panic) from [<c0ac8084>] (mount_block_root+0x188/0x234)
[   15.729675] [<c0ac8084>] (mount_block_root) from [<c0ac8218>] (mount_root+0xe8/0x108)
[   15.745880] [<c0ac8218>] (mount_root) from [<c0ac8360>] (prepare_namespace+0x128/0x18c)
[   15.762420] [<c0ac8360>] (prepare_namespace) from [<c0ac7d1c>] (kernel_init_freeable+0x184/0x1cc)
[   15.780792] [<c0ac7d1c>] (kernel_init_freeable) from [<c07feb4c>] (kernel_init+0x8/0xe4)
[   15.797546] [<c07feb4c>] (kernel_init) from [<c020e738>] (ret_from_fork+0x14/0x3c)
[   15.813232] ---[ end Kernel panic - not syncing: VFS: Unable to mount root fs on unknown-block(179,2)
[   36.946258] random: nonblocking pool is initialized

FOR DEBUG:URL:http://gtsystest.telogy.design.ti.com/vatf/tidfarm-02/tidfarm-02_vatf@9/tidfarm-0207_02_2014_05_34_23/files/session_iteration_1/test_1/dut1_1_log.txt
