- 05:53:47 [INFO] Starting target session
- 05:53:47 [INFO] Connected to n900 via serial 
- 05:53:47 [INFO] Host: #check prompt
- 05:53:50 [ERROR] On command: #check prompt waiting for #check prompt.+?(?-mix:((?-mix:.*\s+login)|[Pp]assword)) >>> error: execution expired
- 05:53:50 [INFO] Target: 
#check prompt
root@NokiaRX-51board:/test# 
- 05:53:50 [INFO] Host: #check prompt
- 05:53:51 [INFO] Target: 
#check prompt
root@NokiaRX-51board:/test# 
- 05:53:51 [INFO] Host: sync;poweroff
- 05:54:08 [INFO] Target: 
sync;poweroff
Broadcast message from root@NokiaRX-51board (ttyO2) (Fri Jan 30 18:08:33 2015
The system is going down for system halt NOW!
INIT: Switching to runle
INIT: Sending processes the TERM signal
root@NokiaRX-51board:/test# 
INIT: Sending processes Stopping Dropbear SSH server: stopped /usr/sbin/dropbear (pid 746)
dropbear.
Stopping telnet daemon.
Stopping system message bus: hwclock: can't open '/dev/misc/rtc': No such file or directory
Error opening /dev/fb0: No such file or directory
Stopping syslogd/klogd: stopped syslogd (pid 758)
stopped klogd (pid 760)
done
Stopping thttpd.
ALSA: Storing mixer settings...
/usr/sbin/alsactl: save_state:1580: No soundcards found...
Deconfiguring network interfaces... ifdown: interface eth0 not configured
done.
Stopping Lighttpd Web Server: stopped /usr/sbin/lighttpd (pid 771)
lighttpd.
***************************************************************
***************************************************************
NOTICE: This file system contains the followin GPLv3 packages:
	binutils-symlinks
	binutils
	gdbserver
	parted
If you do not wish to distribute GPLv3 components please remove
the above packages prior to distribution.  This can be done using
the opkg remove command.  i.e.:
    opkg remove <package>
Where <package> is the name printed in the list above
NOTE: If the package is a dependency of another package you
      will be notified of the dependent packages.  You should
      use the --force-removal-of-dependent-packages option to
      also remove the dependent packages as well
***************************************************************
***************************************************************
Sending all processes the TERM signal...
Sending all processes the KILL signal...
Unmounting remote filesystems...
Deactivating swap...
Unmounting local filesystems...
[  448.665496] reboot: Power down
[  448.671874] ------------[ cut here ]------------
[  448.681457] WARNING: CPU: 0 PID: 898 at kernel/locking/lockdep.c:2744 lockdep_trace_alloc+0xec/0x10c()
[  448.700714] DEBUG_LOCKS_WARN_ON(irqs_disabled_flags(flags))
[  448.711883] Modules linked in:
[  448.718597] CPU: 0 PID: 898 Comm: halt Not tainted 3.19.0-next-20150220-00002-g44c775ea854f #1
[  448.736419] Hardware name: Nokia RX-51 board
[  448.745300] [<c001545c>] (unwind_backtrace) from [<c0011a74>] (show_stack+0x10/0x14)
[  448.761352] [<c0011a74>] (show_stack) from [<c058cbd0>] (dump_stack+0x78/0x94)
[  448.776336] [<c058cbd0>] (dump_stack) from [<c003daf8>] (warn_slowpath_common+0x7c/0xb4)
[  448.793090] [<c003daf8>] (warn_slowpath_common) from [<c003dbc4>] (warn_slowpath_fmt+0x30/0x40)
[  448.811126] [<c003dbc4>] (warn_slowpath_fmt) from [<c0084b64>] (lockdep_trace_alloc+0xec/0x10c)
[  448.829132] [<c0084b64>] (lockdep_trace_alloc) from [<c013f9f4>] (__kmalloc_track_caller+0x40/0x258)
[  448.848083] [<c013f9f4>] (__kmalloc_track_caller) from [<c01186d8>] (kmemdup+0x1c/0x38)
[  448.864654] [<c01186d8>] (kmemdup) from [<c03bd8f4>] (regmap_bulk_write+0x74/0x19c)
[  448.880523] [<c03bd8f4>] (regmap_bulk_write) from [<c03c88d8>] (twl_i2c_write+0x4c/0x88)
[  448.897277] [<c03c88d8>] (twl_i2c_write) from [<c03cae30>] (twl4030_power_off+0x3c/0x158)
[  448.914245] [<c03cae30>] (twl4030_power_off) from [<c000f230>] (machine_power_off+0x24/0x2c)
[  448.931732] [<c000f230>] (machine_power_off) from [<c005abf4>] (SyS_reboot+0x114/0x1f0)
[  448.948303] [<c005abf4>] (SyS_reboot) from [<c000e5e0>] (ret_fast_syscall+0x0/0x4c)
[  448.964141] ---[ end trace eadfc3130c89353a ]---
- 05:54:08 [INFO] Disconnected serial from n900
- 05:54:31 [INFO] Connected to n900 via serial 
- 05:54:31 [INFO] Host: 
- 05:54:32 [ERROR] On command:  waiting for (?-mix:Nokia\sRX-51\s#\s) >>> error: execution expired
- 05:54:32 [INFO] Target: 
Timed out in wait_for_event: status=0100
Check if pads/pull-ups of bus 1 are properly configured
Timed out in wait_for_event: status=0000
Check if pads/pull-ups of bus 1 are properly configured
Timed out in wait_for_event: status=0000
Check if pads/pull-ups of bus 1 are properly configured
- 05:54:32 [INFO] Host: 
- 05:54:32 [ERROR] On command:  waiting for (?-mix:Nokia\sRX-51\s#\s) >>> error: execution expired
- 05:54:32 [INFO] Target: 
Timed out in wait_for_event: status=0000
Check if pads/pull-ups of bus 1 are properly configured
Timed out in wait_for_event: status=0000
Check if pads/pull-ups of bus 1 are properly configured
Timed out in wait_for_event: status=0000
Check if pads/pull-ups of bus 1 are properly configured
Timed out in wait_for_event: status=0000
Check if pads/pull-ups of bus 1 are properly configured
- 05:54:32 [INFO] Host: 
- 05:54:33 [ERROR] On command:  waiting for (?-mix:Nokia\sRX-51\s#\s) >>> error: execution expired
- 05:54:33 [INFO] Target: 
Timed out in wait_for_event: status=0000
Check if pads/pull-ups of bus 1 are properly configured
Timed out in wait_for_event: status=0000
Check if pads/pull-ups of bus 1 are properly configured
Timed out in wait_for_event: status=0000
Check if pads/pull-ups of bus 1 are properly configured
- 05:54:33 [INFO] Host: 
- 05:54:33 [ERROR] On command:  waiting for (?-mix:Nokia\sRX-51\s#\s) >>> error: execution expired
- 05:54:33 [INFO] Target: 
Timed out in wait_for_event: status=0000
Check if pads/pull-ups of bus 1 are properly configured
Timed out in wait_for_event: status=0000
Check if pads/pull-ups of bus 1 are properly configured
Timed out in wait_for_event: status=0000
Check if pads/pull-ups of bus 1 are properly configured
- 05:54:33 [INFO] Host: 
- 05:54:34 [ERROR] On command:  waiting for (?-mix:Nokia\sRX-51\s#\s) >>> error: execution expired
- 05:54:34 [INFO] Target: 
Timed out in wait_for_event: status=0000
Check if pads/pull-ups of bus 1 are properly configured
Timed out in wait_for_event: status=0000
Check if pads/pull-ups of bus 1 are properly configured
Timed out in wait_for_event: status=0000
Check if pads/pull-ups of bus 1 are properly configured
i2c_read (addr phase): pads on bus 1 probably not configured (status=0x10)
- 05:54:34 [INFO] Host: 
- 05:54:34 [INFO] Target: 
i2c_write: timed out writig last byte!
Die ID #582a000400000000040366100301000d
OMAP3530-HS ES3.1, CPU-OPP2, L3-165MHz, Max CPU Clock 600 MHz
Hit any key to stop autoboot:  3  0 
Nokia RX-51 # 
Nokia RX-51 # 
Nokia RX-51 # 
Nokia RX-51 # 
Nokia RX-51 # 
Nokia RX-51 # 
- 05:54:34 [INFO] Host: 
- 05:54:35 [INFO] Target: 
Nokia RX-51 # 
- 05:54:35 [INFO] Host: version
- 05:54:35 [INFO] Target: 
version
U-Boot 2014.04-00073-g4fa5b9e (Apr 22 2014 - 14:37:10)
arm-linux-gnueabi-gcc (Ubuntu/Linaro 4.6.3-1ubuntu5) 4.6.3
GNU ld (GNU Binutils for Ubuntu) 2.22
Nokia RX-51 # 
- 05:54:35 [INFO] Host: setenv bootargs 'console=ttyO2,57600n8 vram=16M earlyprintk rootwait '
- 05:54:36 [INFO] Target: 
setenv bootargs 'console=ttyO2,57600n8 vram=16M earlyprintk rootwait '
Nokia RX-51 # 
- 05:54:36 [INFO] Host: setenv bootcmd  ''
- 05:54:36 [INFO] Target: 
setenv bootcmd  ''
Nokia RX-51 # 
- 05:54:36 [INFO] Host: setenv autoload 'no'
- 05:54:37 [INFO] Target: 
setenv autoload 'no'
Nokia RX-51 # 
- 05:54:37 [INFO] Host: setenv serverip '192.168.1.254'
- 05:54:37 [INFO] Target: 
setenv serverip '192.168.1.254'
Nokia RX-51 # 
- 05:54:37 [INFO] Host: printenv
- 05:54:38 [INFO] Target: 
printenv
arch=arm
attachboot=echo Booting attached kernel image ...;setenv setup_omap_atag 1;bootm ${attkernaddr};setenv setup_omap_atag
attkernaddr=0x8fe40800
autoload=no
baudrate=57600
board=rx51
board_name=rx51
bootargs=console=ttyO2,57600n8 vram=16M earlyprintk rootwait 
bootcmd=
bootdelay=3
bootm_size=0x08000000
bootmenu_0=Attached kernel=run attachboot
bootmenu_1=Internal eMMC=run emmcboot
bootmenu_2=External SD card=run sdboot
bootmenu_3=U-Boot boot order=boot
bootmenu_delay=30
cpu=armv7
dieid#=582a000400000000040366100301000d
emmcboot=setenv mmcnum 1; run trymmcboot
fdt_file=omap3-n900.dtb
fdtaddr=0x80F80000
fileload=${mmctype}load mmc ${mmcnum}:${mmcpart} ${loadaddr} ${mmcfile}
ftdload=setenv loadaddr ${fdtaddr};setenv mmcfile ${fdt_file};run fileload
importbootenv=echo Importing environment from mmc${mmcdev} ...; env import -t ${loadaddr} ${filesize}
initrdaddr=0x84008000
initrdload=setenv loadaddr ${initrdaddr};setenv mmcfile ${mmcinitrdfile};run fileload
kernaddr=0x82008000
kernboot=echo Booting ${mmckernfile} from mmc ${mmcnum}:${mmcpart} ...; bootm ${kernaddr}
kernbootz=echo Booting ${kernel_file}+${fdt_file} from mmc ${mmcnum}:${mmcpart} ...; bootz ${kernaddr} - ${fdtaddr}
kernel_file=zImage
kerninitrdboot=echo Booting ${mmckernfile} ${mmcinitrdfile} from mmc ${mmcnum}:${mmcpart} ...; bootm ${kernaddr} ${initrdaddr}
kernload=setenv loadaddr ${kernaddr};setenv mmcfile ${mmckernfile};run fileload
kernloadz=setenv loadaddr ${kernaddr};setenv mmcfile ${kernel_file};run fileload
loadaddr=0x82008000
loadbootenv=fatload mmc ${mmcnum} ${loadaddr} uEnv.txt
mem=260353k
menucmd=bootmenu
preboot=setenv loadaddr ${kernaddr};echo
scriptaddr=0x86008000
scriptboot=echo Running ${mmcscriptfile} from mmc ${mmcnum}:${mmcpart} ...; source ${scriptaddr}
scriptload=setenv loadaddr ${scriptaddr};setenv mmcfile ${mmcscriptfile};run fileload
sdboot=setenv mmcnum 0; run trymmcboot
sercon=setenv con serial; run setcon
serverip=192.168.1.254
setcon=setenv stdin ${con};setenv stdout ${con};setenv stderr ${con}
slide=gpio input 71
soc=omap3
stderr=serial
stdin=serial
stdout=serial
switchmmc=mmc dev ${mmcnum}
trymmcallpartboot=setenv mmcpart 1; run trymmcpartboot;setenv mmcpart 2; run trymmcpartboot;setenv mmcpart 3; run trymmcpartboot;setenv mmcpart 4; run trymmcpartboot
trymmcboot=if run switchmmc; then setenv mmctype fat;run trymmcallpartboot;setenv mmctype ext2;run trymmcallpartboot;setenv mmctype ext4;run trymmcallpartboot;fi
trymmckernboot=if run switchmmc; then if run kernload; then run kernboot;fi;fi
trymmckernbootz=if run switchmmc; then if run ftdload; then if run kernloadz; then run kernbootz;fi;fi;fi
trymmckerninitrdboot=if run switchmmc; then if run initrdload; then if run kernload; then run kerninitrdboot;fi;fi; fi
trymmcpartboot=setenv mmcscriptfile boot.scr; run trymmcscriptboot;setenv mmckernfile uImage; run trymmckernboot;run trymmckernbootz
trymmcscriptboot=if run switchmmc; then if run scriptload; then run scriptboot;fi;fi
usbcon=setenv con usbtty; run setcon
usbtty=cdc_acm
vendor=nokia
vgacon=setenv con vga; run setcon
Environment size: 3196/131068 bytes
Nokia RX-51 # 
- 05:54:38 [INFO] Host: printenv
- 05:54:39 [INFO] Target: 
printenv
arch=arm
attachboot=echo Booting attached kernel image ...;setenv setup_omap_atag 1;bootm ${attkernaddr};setenv setup_omap_atag
attkernaddr=0x8fe40800
autoload=no
baudrate=57600
board=rx51
board_name=rx51
bootargs=console=ttyO2,57600n8 vram=16M earlyprintk rootwait 
bootcmd=
bootdelay=3
bootm_size=0x08000000
bootmenu_0=Attached kernel=run attachboot
bootmenu_1=Internal eMMC=run emmcboot
bootmenu_2=External SD card=run sdboot
bootmenu_3=U-Boot boot order=boot
bootmenu_delay=30
cpu=armv7
dieid#=582a000400000000040366100301000d
emmcboot=setenv mmcnum 1; run trymmcboot
fdt_file=omap3-n900.dtb
fdtaddr=0x80F80000
fileload=${mmctype}load mmc ${mmcnum}:${mmcpart} ${loadaddr} ${mmcfile}
ftdload=setenv loadaddr ${fdtaddr};setenv mmcfile ${fdt_file};run fileload
importbootenv=echo Importing environment from mmc${mmcdev} ...; env import -t ${loadaddr} ${filesize}
initrdaddr=0x84008000
initrdload=setenv loadaddr ${initrdaddr};setenv mmcfile ${mmcinitrdfile};run fileload
kernaddr=0x82008000
kernboot=echo Booting ${mmckernfile} from mmc ${mmcnum}:${mmcpart} ...; bootm ${kernaddr}
kernbootz=echo Booting ${kernel_file}+${fdt_file} from mmc ${mmcnum}:${mmcpart} ...; bootz ${kernaddr} - ${fdtaddr}
kernel_file=zImage
kerninitrdboot=echo Booting ${mmckernfile} ${mmcinitrdfile} from mmc ${mmcnum}:${mmcpart} ...; bootm ${kernaddr} ${initrdaddr}
kernload=setenv loadaddr ${kernaddr};setenv mmcfile ${mmckernfile};run fileload
kernloadz=setenv loadaddr ${kernaddr};setenv mmcfile ${kernel_file};run fileload
loadaddr=0x82008000
loadbootenv=fatload mmc ${mmcnum} ${loadaddr} uEnv.txt
mem=260353k
menucmd=bootmenu
preboot=setenv loadaddr ${kernaddr};echo
scriptaddr=0x86008000
scriptboot=echo Running ${mmcscriptfile} from mmc ${mmcnum}:${mmcpart} ...; source ${scriptaddr}
scriptload=setenv loadaddr ${scriptaddr};setenv mmcfile ${mmcscriptfile};run fileload
sdboot=setenv mmcnum 0; run trymmcboot
sercon=setenv con serial; run setcon
serverip=192.168.1.254
setcon=setenv stdin ${con};setenv stdout ${con};setenv stderr ${con}
slide=gpio input 71
soc=omap3
stderr=serial
stdin=serial
stdout=serial
switchmmc=mmc dev ${mmcnum}
trymmcallpartboot=setenv mmcpart 1; run trymmcpartboot;setenv mmcpart 2; run trymmcpartboot;setenv mmcpart 3; run trymmcpartboot;setenv mmcpart 4; run trymmcpartboot
trymmcboot=if run switchmmc; then setenv mmctype fat;run trymmcallpartboot;setenv mmctype ext2;run trymmcallpartboot;setenv mmctype ext4;run trymmcallpartboot;fi
trymmckernboot=if run switchmmc; then if run kernload; then run kernboot;fi;fi
trymmckernbootz=if run switchmmc; then if run ftdload; then if run kernloadz; then run kernbootz;fi;fi;fi
trymmckerninitrdboot=if run switchmmc; then if run initrdload; then if run kernload; then run kerninitrdboot;fi;fi; fi
trymmcpartboot=setenv mmcscriptfile boot.scr; run trymmcscriptboot;setenv mmckernfile uImage; run trymmckernboot;run trymmckernbootz
trymmcscriptboot=if run switchmmc; then if run scriptload; then run scriptboot;fi;fi
usbcon=setenv con usbtty; run setcon
usbtty=cdc_acm
vendor=nokia
vgacon=setenv con vga; run setcon
Environment size: 3196/131068 bytes
Nokia RX-51 # 
- 05:54:39 [INFO] Host: setenv bootargs ''${bootargs}' ip=dhcp '
- 05:54:40 [INFO] Target: 
setenv bootargs ''${bootargs}' ip=dhcp '
Nokia RX-51 # 
- 05:54:40 [INFO] Host: setenv serverip '192.168.1.254'
- 05:54:40 [INFO] Target: 
setenv serverip '192.168.1.254'
Nokia RX-51 # 
- 05:54:40 [INFO] Host: setenv ipaddr dhcp
- 05:54:41 [INFO] Target: 
setenv ipaddr dhcp
Nokia RX-51 # 
- 05:54:41 [INFO] Host: setenv autoload 'no'
- 05:54:41 [INFO] Target: 
setenv autoload 'no'
Nokia RX-51 # 
- 05:54:41 [INFO] Host: dhcp
- 05:54:42 [INFO] Target: 
dhcp
Unknown command 'dhcp' - try 'help'
Nokia RX-51 # 
- 05:54:43 [INFO] Disconnected serial from n900
- 06:12:54 [INFO] Connected to n900 via serial 
- 06:12:54 [INFO] Host: ls mmc 0:1
- 06:13:14 [ERROR] On command: ls mmc 0:1 waiting for ls mmc 0:1.+?(?-mix:Nokia\sRX-51\s#\s) >>> error: execution expired
- 06:13:14 [INFO] Target: 
ode, 45983(SOH)/0(STX)/0(CAN) packets, 2 retries
## Total Size      = 0x0059ce2a = 5885482 Bytes
Nokia RX-51 # 
- 06:13:14 [INFO] Host: printenv
- 06:13:15 [INFO] Target: 
printenv
arch=arm
attachboot=echo Booting attached kernel image ...;setenv setup_omap_atag 1;bootm ${attkernaddr};setenv setup_omap_atag
attkernaddr=0x8fe40800
autoload=no
baudrate=57600
board=rx51
board_name=rx51
bootargs=console=ttyO2,57600n8 vram=16M earlyprintk rootwait  ip=dhcp 
bootcmd=
bootdelay=3
bootm_size=0x08000000
bootmenu_0=Attached kernel=run attachboot
bootmenu_1=Internal eMMC=run emmcboot
bootmenu_2=External SD card=run sdboot
bootmenu_3=U-Boot boot order=boot
bootmenu_delay=30
cpu=armv7
dieid#=582a000400000000040366100301000d
emmcboot=setenv mmcnum 1; run trymmcboot
fdt_file=omap3-n900.dtb
fdtaddr=0x80F80000
fileload=${mmctype}load mmc ${mmcnum}:${mmcpart} ${loadaddr} ${mmcfile}
filesize=59ce2a
ftdload=setenv loadaddr ${fdtaddr};setenv mmcfile ${fdt_file};run fileload
importbootenv=echo Importing environment from mmc${mmcdev} ...; env import -t ${loadaddr} ${filesize}
initrdaddr=0x84008000
initrdload=setenv loadaddr ${initrdaddr};setenv mmcfile ${mmcinitrdfile};run fileload
ipaddr=dhcp
kernaddr=0x82008000
kernboot=echo Booting ${mmckernfile} from mmc ${mmcnum}:${mmcpart} ...; bootm ${kernaddr}
kernbootz=echo Booting ${kernel_file}+${fdt_file} from mmc ${mmcnum}:${mmcpart} ...; bootz ${kernaddr} - ${fdtaddr}
kernel_file=zImage
kerninitrdboot=echo Booting ${mmckernfile} ${mmcinitrdfile} from mmc ${mmcnum}:${mmcpart} ...; bootm ${kernaddr} ${initrdaddr}
kernload=setenv loadaddr ${kernaddr};setenv mmcfile ${mmckernfile};run fileload
kernloadz=setenv loadaddr ${kernaddr};setenv mmcfile ${kernel_file};run fileload
loadaddr=0x82008000
loadbootenv=fatload mmc ${mmcnum} ${loadaddr} uEnv.txt
mem=260353k
menucmd=bootmenu
preboot=setenv loadaddr ${kernaddr};echo
scriptaddr=0x86008000
scriptboot=echo Running ${mmcscriptfile} from mmc ${mmcnum}:${mmcpart} ...; source ${scriptaddr}
scriptload=setenv loadaddr ${scriptaddr};setenv mmcfile ${mmcscriptfile};run fileload
sdboot=setenv mmcnum 0; run trymmcboot
sercon=setenv con serial; run setcon
serverip=192.168.1.254
setcon=setenv stdin ${con};setenv stdout ${con};setenv stderr ${con}
slide=gpio input 71
soc=omap3
stderr=serial
stdin=serial
stdout=serial
switchmmc=mmc dev ${mmcnum}
trymmcallpartboot=setenv mmcpart 1; run trymmcpartboot;setenv mmcpart 2; run trymmcpartboot;setenv mmcpart 3; run trymmcpartboot;setenv mmcpart 4; run trymmcpartboot
trymmcboot=if run switchmmc; then setenv mmctype fat;run trymmcallpartboot;setenv mmctype ext2;run trymmcallpartboot;setenv mmctype ext4;run trymmcallpartboot;fi
trymmckernboot=if run switchmmc; then if run kernload; then run kernboot;fi;fi
trymmckernbootz=if run switchmmc; then if run ftdload; then if run kernloadz; then run kernbootz;fi;fi;fi
trymmckerninitrdboot=if run switchmmc; then if run initrdload; then if run kernload; then run kerninitrdboot;fi;fi; fi
trymmcpartboot=setenv mmcscriptfile boot.scr; run trymmcscriptboot;setenv mmckernfile uImage; run trymmckernboot;run trymmckernbootz
trymmcscriptboot=if run switchmmc; then if run scriptload; then run scriptboot;fi;fi
usbcon=setenv con usbtty; run setcon
usbtty=cdc_acm
vendor=nokia
vgacon=setenv con vga; run setcon
Environment size: 3237/131068 bytes
Nokia RX-51 # 
- 06:13:15 [INFO] Host: setenv bootargs ''${bootargs}' root=/dev/mmcblk0p2 rw rootfstype=ext3 rootwait '
- 06:13:16 [INFO] Target: 
setenv bootargs ''${bootargs}' root=/dev/mmcblk0p2 rw rootfstype=ext3 rootwait '
Nokia RX-51 # 
- 06:13:16 [INFO] Host: printenv
- 06:13:17 [INFO] Target: 
printenv
arch=arm
attachboot=echo Booting attached kernel image ...;setenv setup_omap_atag 1;bootm ${attkernaddr};setenv setup_omap_atag
attkernaddr=0x8fe40800
autoload=no
baudrate=57600
board=rx51
board_name=rx51
bootargs=console=ttyO2,57600n8 vram=16M earlyprintk rootwait  ip=dhcp  root=/dev/mmcblk0p2 rw rootfstype=ext3 rootwait 
bootcmd=
bootdelay=3
bootm_size=0x08000000
bootmenu_0=Attached kernel=run attachboot
bootmenu_1=Internal eMMC=run emmcboot
bootmenu_2=External SD card=run sdboot
bootmenu_3=U-Boot boot order=boot
bootmenu_delay=30
cpu=armv7
dieid#=582a000400000000040366100301000d
emmcboot=setenv mmcnum 1; run trymmcboot
fdt_file=omap3-n900.dtb
fdtaddr=0x80F80000
fileload=${mmctype}load mmc ${mmcnum}:${mmcpart} ${loadaddr} ${mmcfile}
filesize=59ce2a
ftdload=setenv loadaddr ${fdtaddr};setenv mmcfile ${fdt_file};run fileload
importbootenv=echo Importing environment from mmc${mmcdev} ...; env import -t ${loadaddr} ${filesize}
initrdaddr=0x84008000
initrdload=setenv loadaddr ${initrdaddr};setenv mmcfile ${mmcinitrdfile};run fileload
ipaddr=dhcp
kernaddr=0x82008000
kernboot=echo Booting ${mmckernfile} from mmc ${mmcnum}:${mmcpart} ...; bootm ${kernaddr}
kernbootz=echo Booting ${kernel_file}+${fdt_file} from mmc ${mmcnum}:${mmcpart} ...; bootz ${kernaddr} - ${fdtaddr}
kernel_file=zImage
kerninitrdboot=echo Booting ${mmckernfile} ${mmcinitrdfile} from mmc ${mmcnum}:${mmcpart} ...; bootm ${kernaddr} ${initrdaddr}
kernload=setenv loadaddr ${kernaddr};setenv mmcfile ${mmckernfile};run fileload
kernloadz=setenv loadaddr ${kernaddr};setenv mmcfile ${kernel_file};run fileload
loadaddr=0x82008000
loadbootenv=fatload mmc ${mmcnum} ${loadaddr} uEnv.txt
mem=260353k
menucmd=bootmenu
preboot=setenv loadaddr ${kernaddr};echo
scriptaddr=0x86008000
scriptboot=echo Running ${mmcscriptfile} from mmc ${mmcnum}:${mmcpart} ...; source ${scriptaddr}
scriptload=setenv loadaddr ${scriptaddr};setenv mmcfile ${mmcscriptfile};run fileload
sdboot=setenv mmcnum 0; run trymmcboot
sercon=setenv con serial; run setcon
serverip=192.168.1.254
setcon=setenv stdin ${con};setenv stdout ${con};setenv stderr ${con}
slide=gpio input 71
soc=omap3
stderr=serial
stdin=serial
stdout=serial
switchmmc=mmc dev ${mmcnum}
trymmcallpartboot=setenv mmcpart 1; run trymmcpartboot;setenv mmcpart 2; run trymmcpartboot;setenv mmcpart 3; run trymmcpartboot;setenv mmcpart 4; run trymmcpartboot
trymmcboot=if run switchmmc; then setenv mmctype fat;run trymmcallpartboot;setenv mmctype ext2;run trymmcallpartboot;setenv mmctype ext4;run trymmcallpartboot;fi
trymmckernboot=if run switchmmc; then if run kernload; then run kernboot;fi;fi
trymmckernbootz=if run switchmmc; then if run ftdload; then if run kernloadz; then run kernbootz;fi;fi;fi
trymmckerninitrdboot=if run switchmmc; then if run initrdload; then if run kernload; then run kerninitrdboot;fi;fi; fi
trymmcpartboot=setenv mmcscriptfile boot.scr; run trymmcscriptboot;setenv mmckernfile uImage; run trymmckernboot;run trymmckernbootz
trymmcscriptboot=if run switchmmc; then if run scriptload; then run scriptboot;fi;fi
usbcon=setenv con usbtty; run setcon
usbtty=cdc_acm
vendor=nokia
vgacon=setenv con vga; run setcon
Environment size: 3286/131068 bytes
Nokia RX-51 # 
- 06:13:17 [INFO] Host: setenv bootcmd ''${bootcmd}' if iminfo ${loadaddr}; then bootm ${loadaddr}  ; else bootz ${loadaddr}  ; bootm ${loadaddr}  ; fi'
- 06:13:17 [INFO] Target: 
setenv bootcmd ''${bootcmd}' if iminfo ${loadaddr}; then bootm ${loadaddr}  ; else bootz ${loadaddr}  ; bootm ${loadaddr}  ; fi'
Nokia RX-51 # 
- 06:13:17 [INFO] Host: bdinfo
- 06:13:18 [INFO] Target: 
bdinfo
arch_number = 0x000007A3
boot_params = 0x80000100
DRAM bank   = 0x00000000
-> start    = 0x80000000
-> size     = 0x10000000
DRAM bank   = 0x00000001
-> start    = 0x90000000
-> size     = 0x00000000
baudrate    = 57600 bps
TLB addr    = 0x8FE30000
relocaddr   = 0x8FDD1000
reloc off   = 0x0FDC9000
irq_sp      = 0x8FCF0F20
sp start    = 0x8FCF0F10
FB base     = 0x00000000
Nokia RX-51 # 
- 06:13:18 [INFO] Host: mmc rescan
- 06:13:18 [INFO] Target: 
mmc rescan
Nokia RX-51 # 
- 06:13:18 [INFO] Host: fatwrite mmc ${mmcdev}:1 ${loadaddr} ws-calibrate.rules 4
- 06:13:19 [INFO] Target: 
fatwrite mmc ${mmcdev}:1 ${loadaddr} ws-calibrate.rules 4
Unknown command 'fatwrite' - try 'help'
Nokia RX-51 # 
- 06:13:19 [INFO] Host: boot
- 06:13:49 [INFO] Target: 
boot
Unknown command 'iminfo' - try 'help'
Bad Linux ARM zImage magic!
## Booting kernel from Legacy Image at 82008000 ...
   Image Name:   Linux-3.19.0-next-20150220-00002
   Image Type:   ARM Linux Kernel Image (uncompressed)
   Data Size:    5885418 Bytes = 5.6 MiB
   Load Address: 80800000
   Entry Point:  80800000
   Verifying Checksum ... OK
   Loading Kernel Image ... OK
Starting kernel ...
[    0.000000] Booting Linux on physical CPU 0x0
[    0.000000] Linux version 3.19.0-next-20150220-00002-g44c775ea854f (nmenon@kahuna) (gcc version 4.6.3 (Ubuntu/Linaro 4.6.3-1ubuntu5) ) #1 SMP Fri Feb 20 05:51:19 CST 2015
[    0.000000] CPU: ARMv7 Processor [411fc083] revision 3 (ARMv7), cr=10c5387d
[    0.000000] CPU: PIPT / VIPT nonaliasing data cache, VIPT nonaliasing instruction cache
[    0.000000] Machine model: Nokia N900
[    0.000000] cma: Reserved 64 MiB at 0x8b800000
[    0.000000] Memory policy: Data cache writeback
[    0.000000] CPU: All CPU(s) started in SVC mode.
[    0.000000] OMAP3430/3530 ES3.1 (l2cache iva sgx neon isp )
[    0.000000] PERCPU: Embedded 11 pages/cpu @cfc86000 s12480 r8192 d24384 u45056
[    0.000000] Built 1 zonelists in Zone order, mobility grouping on.  Total pages: 64768
[    0.000000] Kernel command line: console=ttyO2,57600n8 vram=16M earlyprintk rootwait  ip=dhcp  root=/dev/mmcblk0p2 rw rootfstype=ext3 rootwait 
[    0.000000] PID hash table entries: 1024 (order: 0, 4096 bytes)
[    0.000000] Dentry cache hash table entries: 32768 (order: 5, 131072 bytes)
[    0.000000] Inode-cache hash table entries: 16384 (order: 4, 65536 bytes)
[    0.000000] Memory: 179960K/261120K available (7620K kernel code, 934K rwdata, 3160K rodata, 776K init, 308K bss, 15624K reserved, 65536K cma-reserved, 0K highmem)
[    0.000000] Virtual kernel memory layout:
[    0.000000]     vector  : 0xffff0000 - 0xffff1000   (   4 kB)
[    0.000000]     fixmap  : 0xffc00000 - 0xfff00000   (3072 kB)
[    0.000000]     vmalloc : 0xd0800000 - 0xff000000   ( 744 MB)
[    0.000000]     lowmem  : 0xc0000000 - 0xd0000000   ( 256 MB)
[    0.000000]     pkmap   : 0xbfe00000 - 0xc0000000   (   2 MB)
[    0.000000]     modules : 0xbf000000 - 0xbfe00000   (  14 MB)
[    0.000000]       .text : 0xc0208000 - 0xc0c8f5bc   (10782 kB)
[    0.000000]       .init : 0xc0c90000 - 0xc0d52000   ( 776 kB)
[    0.000000]       .data : 0xc0d52000 - 0xc0e3ba60   ( 935 kB)
[    0.000000]        .bss : 0xc0e3ba60 - 0xc0e88a60   ( 308 kB)
[    0.000000] SLUB: HWalign=64, Order=0-3, MinObjects=0, CPUs=1, Nodes=1
[    0.000000] Hierarchical RCU implementation.
[    0.000000] 	Additional per-CPU info printed with stalls.
[    0.000000] 	RCU restricting CPUs from NR_CPUS=8 to nr_cpu_ids=1.
[    0.000000] RCU: Adjusting geometry for rcu_fanout_leaf=16, nr_cpu_ids=1
[    0.000000] NR_IRQS:16 nr_irqs:16 16
[    0.000000] IRQ: Found an INTC at 0xfa200000 (revision 4.0) with 96 interrupts
[    0.000000] Clocking rate (Crystal/Core/MPU): 19.2/332/500 MHz
[    0.000000] OMAP clockevent source: timer1 at 32768 Hz
[    0.000030] sched_clock: 32 bits at 32kHz, resolution 30517ns, wraps every 65536000000000ns
[    0.000061] OMAP clocksource: 32k_counter at 32768 Hz
[    0.000366] Console: colour dummy device 80x30
[    0.000427] Calibrating delay loop... 493.97 BogoMIPS (lpj=1234944)
[    0.033691] pid_max: default: 32768 minimum: 301
[    0.033935] Mount-cache hash table entries: 1024 (order: 0, 4096 bytes)
[    0.033935] Mountpoint-cache hash table entries: 1024 (order: 0, 4096 bytes)
[    0.035308] CPU: Testing write buffer coherency: ok
[    0.035797] CPU0: thread -1, cpu 0, socket -1, mpidr 0
[    0.035980] Setting up static identity map for 0x809342f0 - 0x80934388
[    0.043548] Brought up 1 CPUs
[    0.043579] SMP: Total of 1 processors activated (493.97 BogoMIPS).
[    0.043609] CPU: All CPU(s) started in SVC mode.
[    0.044799] devtmpfs: initialized
[    0.051391] VFP support v0.3: implementor 41 architecture 3 part 30 variant c rev 1
[    0.080261] omap_hwmod: mcbsp2_sidetone using broken dt data from mcbsp
[    0.081115] omap_hwmod: mcbsp3_sidetone using broken dt data from mcbsp
[    0.105834] omap_hwmod: mcbsp2: _wait_target_ready failed: -16
[    0.105865] omap_hwmod: mcbsp2: cannot be enabled for reset (3)
[    0.131286] pinctrl core: initialized pinctrl subsystem
[    0.187622] NET: Registered protocol family 16
[    0.193420] DMA: preallocated 256 KiB pool for atomic coherent allocations
[    0.197570] cpuidle: using governor ladder
[    0.197631] cpuidle: using governor menu
[    0.199920] Reprogramming SDRC clock to 332000000 Hz
[    0.208587] OMAP GPIO hardware version 2.5
[    0.216094] irq: no irq domain found for /ocp/pinmux@48002030 !
[    0.216857] irq: no irq domain found for /ocp/pinmux@48002030 !
[    0.235137] omap-gpmc 6e000000.gpmc: could not find pctldev for node /ocp/pinmux@48002030/pinmux_gpmc_pins, deferring probe
[    0.235168] platform 6e000000.gpmc: Driver omap-gpmc requests probe deferral
[    0.239868] RX-51: Not enabling ARM errata 430973 workaround
[    0.239898] Thumb binaries may crash randomly without this workaround
[    0.239898] RX-51: Registring OMAP3 HWRNG device
[    0.243103] No ATAGs?
[    0.243133] hw-breakpoint: debug architecture 0x4 unsupported.
[    0.246154] Reserving DMA channels 0 and 1 for HS ROM code
[    0.246185] OMAP DMA hardware revision 4.0
[    0.252014] Serial: AMBA PL011 UART driver
[    0.312011] omap-dma-engine 48056000.dma-controller: OMAP DMA engine driver
[    0.318542] vgaarb: loaded
[    0.320220] SCSI subsystem initialized
[    0.321533] usbcore: registered new interface driver usbfs
[    0.321685] usbcore: registered new interface driver hub
[    0.321838] usbcore: registered new device driver usb
[    0.323760] omap_i2c 48070000.i2c: could not find pctldev for node /ocp/pinmux@48002030/pinmux_i2c1_pins, deferring probe
[    0.323822] platform 48070000.i2c: Driver omap_i2c requests probe deferral
[    0.323883] omap_i2c 48072000.i2c: could not find pctldev for node /ocp/pinmux@48002030/pinmux_i2c2_pins, deferring probe
[    0.323913] platform 48072000.i2c: Driver omap_i2c requests probe deferral
[    0.324005] omap_i2c 48060000.i2c: could not find pctldev for node /ocp/pinmux@48002030/pinmux_i2c3_pins, deferring probe
[    0.324035] platform 48060000.i2c: Driver omap_i2c requests probe deferral
[    0.325103] Linux video capture interface: v2.00
[    0.325225] pps_core: LinuxPPS API ver. 1 registered
[    0.325256] pps_core: Software ver. 5.3.6 - Copyright 2005-2007 Rodolfo Giometti <giometti@linux.it>
[    0.325317] PTP clock support registered
[    0.325836] EDAC MC: Ver: 3.0.0
[    0.327423] Advanced Linux Sound Architecture Driver Initialized.
[    0.330200] Switched to clocksource 32k_counter
[    0.355865] NET: Registered protocol family 2
[    0.357086] TCP established hash table entries: 2048 (order: 1, 8192 bytes)
[    0.357147] TCP bind hash table entries: 2048 (order: 2, 16384 bytes)
[    0.357208] TCP: Hash tables configured (established 2048 bind 2048)
[    0.357360] TCP: reno registered
[    0.357391] UDP hash table entries: 256 (order: 1, 8192 bytes)
[    0.357421] UDP-Lite hash table entries: 256 (order: 1, 8192 bytes)
[    0.357757] NET: Registered protocol family 1
[    0.358489] RPC: Registered named UNIX socket transport module.
[    0.358489] RPC: Registered udp transport module.
[    0.358520] RPC: Registered tcp transport module.
[    0.358520] RPC: Registered tcp NFSv4.1 backchannel transport module.
[    0.362609] hw perfevents: enabled with armv7_cortex_a8 PMU driver, 5 counters available
[    0.367645] futex hash table entries: 256 (order: 2, 16384 bytes)
[    0.396575] squashfs: version 4.0 (2009/01/31) Phillip Lougher
[    0.398773] NFS: Registering the id_resolver key type
[    0.398895] Key type id_resolver registered
[    0.398925] Key type id_legacy registered
[    0.399047] ntfs: driver 2.1.31 [Flags: R/O].
[    0.402343] Block layer SCSI generic (bsg) driver version 0.4 loaded (major 249)
[    0.402404] io scheduler noop registered
[    0.402435] io scheduler deadline registered
[    0.402923] io scheduler cfq registered (default)
[    0.411376] pinctrl-single 48002030.pinmux: 284 pins at pa fa002030 size 568
[    0.411895] pinctrl-single 48002a00.pinmux: 46 pins at pa fa002a00 size 92
[    0.412506] pinctrl-single 480025d8.pinmux: 18 pins at pa fa0025d8 size 36
[    0.571014] Serial: 8250/16550 driver, 4 ports, IRQ sharing disabled
[    0.576934] msm_serial: driver initialized
[    0.578674] 4806c000.serial: ttyO1 at MMIO 0x4806c000 (irq = 89, base_baud = 3000000) is a OMAP UART1
[    0.580017] 49020000.serial: ttyO2 at MMIO 0x49020000 (irq = 90, base_baud = 3000000) is a OMAP UART2
[    2.103240] console [ttyO2] enabled
[    2.111572] STMicroelectronics ASC driver initialized
[    2.125244] [drm] Initialized drm 1.1.0 20060810
[    2.151367] loop: module loaded
[    2.176910] CAN device driver interface
[    2.187347] igb: Intel(R) Gigabit Ethernet Network Driver - version 5.2.15-k
[    2.202026] igb: Copyright (c) 2007-2014 Intel Corporation.
[    2.217315] pegasus: v0.9.3 (2013/04/25), Pegasus/Pegasus II USB Ethernet driver
[    2.232818] usbcore: registered new interface driver pegasus
[    2.244750] usbcore: registered new interface driver asix
[    2.256134] usbcore: registered new interface driver ax88179_178a
[    2.268920] usbcore: registered new interface driver cdc_ether
[    2.281188] usbcore: registered new interface driver smsc75xx
[    2.293334] usbcore: registered new interface driver smsc95xx
[    2.305419] usbcore: registered new interface driver net1080
[    2.317291] usbcore: registered new interface driver cdc_subset
[    2.329711] usbcore: registered new interface driver zaurus
[    2.341552] usbcore: registered new interface driver cdc_ncm
[    2.355773] ehci_hcd: USB 2.0 'Enhanced' Host Controller (EHCI) Driver
[    2.369354] ehci-pci: EHCI PCI platform driver
[    2.378723] ehci-platform: EHCI generic platform driver
[    2.390014] ehci-omap: OMAP-EHCI Host Controller driver
[    2.401519] ehci-omap 48064800.ehci: EHCI Host Controller
[    2.412811] ehci-omap 48064800.ehci: new USB bus registered, assigned bus number 1
[    2.429138] ehci-omap 48064800.ehci: irq 93, io mem 0x48064800
[    2.450408] ehci-omap 48064800.ehci: USB 2.0 started, EHCI 1.00
[    2.464691] hub 1-0:1.0: USB hub found
[    2.472656] hub 1-0:1.0: 3 ports detected
[    2.482482] ehci-orion: EHCI orion driver
[    2.491363] SPEAr-ehci: EHCI SPEAr driver
[    2.500091] ehci-st: EHCI STMicroelectronics driver
[    2.510559] ehci-exynos: EHCI EXYNOS driver
[    2.519592] tegra-ehci: Tegra EHCI driver
[    2.528259] ohci_hcd: USB 1.1 'Open' Host Controller (OHCI) Driver
[    2.541168] ohci-pci: OHCI PCI platform driver
[    2.550567] ohci-platform: OHCI generic platform driver
[    2.561798] ohci-omap3: OHCI OMAP3 driver
[    2.570709] ohci-omap3 48064400.ohci: OHCI Host Controller
[    2.582183] ohci-omap3 48064400.ohci: new USB bus registered, assigned bus number 2
[    2.601715] ohci-omap3 48064400.ohci: irq 92, io mem 0x48064400
[    2.687225] hub 2-0:1.0: USB hub found
[    2.695190] hub 2-0:1.0: 3 ports detected
[    2.704895] SPEAr-ohci: OHCI SPEAr driver
[    2.713775] ohci-st: OHCI STMicroelectronics driver
[    2.724578] usbcore: registered new interface driver usb-storage
[    2.741180] mousedev: PS/2 mouse device common for all mice
[    2.760375] i2c /dev entries driver
[    2.771057] usbcore: registered new interface driver uvcvideo
[    2.782989] USB Video Class driver (1.1.1)
[    2.791534] gspca_main: v2.14.0 registered
[    2.807983] Driver 'mmcblk' needs updating - please use bus_type methods
[    2.822113] sdhci: Secure Digital Host Controller Interface driver
[    2.834930] sdhci: Copyright(c) Pierre Ossman
[    2.845886] omap_hsmmc 4809c000.mmc: Got CD GPIO
[    2.856048] omap_hsmmc 4809c000.mmc: unable to get vmmc regulator -517
[    2.869812] platform 4809c000.mmc: Driver omap_hsmmc requests probe deferral
[    2.885223] omap_hsmmc 480b4000.mmc: unable to get vmmc regulator -517
[    2.898925] platform 480b4000.mmc: Driver omap_hsmmc requests probe deferral
[    2.914367] Synopsys Designware Multimedia Card Interface Driver
[    2.928771] sdhci-pltfm: SDHCI platform and OF driver helper
[    2.943969] ledtrig-cpu: registered to indicate activity on CPUs
[    2.957122] usbcore: registered new interface driver usbhid
[    2.968719] usbhid: USB HID core driver
[    2.984771] usbcore: registered new interface driver snd-usb-audio
[    3.004058] TCP: cubic registered
[    3.011047] NET: Registered protocol family 17
[    3.020324] can: controller area network core (rev 20120528 abi 9)
[    3.033355] NET: Registered protocol family 29
[    3.042633] can: raw protocol (rev 20120528)
[    3.051513] can: broadcast manager protocol (rev 20120528 t)
[    3.063293] can: netlink gateway (rev 20130117) max_hops=1
[    3.075775] Key type dns_resolver registered
[    3.085144] omap2_set_init_voltage: unable to find boot up OPP for vdd_mpu_iva
[    3.100158] omap2_set_init_voltage: unable to set vdd_mpu_iva
[    3.112121] omap2_set_init_voltage: unable to find boot up OPP for vdd_core
[    3.126556] omap2_set_init_voltage: unable to set vdd_core
[    3.138977] platform cpufreq-dt.0: Driver cpufreq-dt requests probe deferral
[    3.157867] ThumbEE CPU extension supported.
[    3.166809] Registering SWP/SWPB emulation handler
[    3.181304] omap-gpmc 6e000000.gpmc: GPMC revision 5.0
[    3.206359] twl 0-0048: PIH (irq 23) chaining IRQs 340..348
[    3.218109] twl 0-0048: power (irq 345) chaining IRQs 348..355
[    3.233917] twl_rtc 48070000.i2c:twl@48:rtc: Enabling TWL-RTC
[    3.249969] twl_rtc 48070000.i2c:twl@48:rtc: rtc core: registered 48070000.i2c:twl@48 as rtc0
[    3.319091] twl4030_gpio twl4030-gpio: gpio (irq 340) chaining IRQs 356..373
[    3.429992] omap_i2c 48070000.i2c: bus 0 rev3.3 at 2200 kHz
[    3.446594] omap_i2c 48072000.i2c: bus 1 rev3.3 at 100 kHz
[    3.460083] omap_i2c 48060000.i2c: bus 2 rev3.3 at 400 kHz
[    3.473571] omap_hsmmc 4809c000.mmc: Got CD GPIO
[    3.561767] input: gpio_keys as /devices/platform/gpio_keys/input/input0
[    3.578063] twl_rtc 48070000.i2c:twl@48:rtc: setting system clock to 2015-01-30 18:44:34 UTC (1422643474)
[    3.626190] mmc0: host does not support reading read-only switch, assuming write-enable
[    3.645202] mmc0: new high speed SD card at address fdd9
[    3.657135] mmcblk0: mmc0:fdd9 SD02G 1.87 GiB 
[    3.668304]  mmcblk0: p1 p2
[    3.866485] mmc1: switch to bus width 2 failed
[    3.877044] mmc1: switch to bus width 1 failed
[    3.886413] mmc1: new high speed MMC card at address 0001
[    3.899505] mmcblk1: mmc1:0001 MMC32G 29.8 GiB 
[    3.909698] mmcblk1boot0: mmc1:0001 MMC32G partition 1 512 KiB
[    3.922515] mmcblk1boot1: mmc1:0001 MMC32G partition 2 512 KiB
[   15.677612] VUSB3V1: disabling
[   15.685638] VUSB1V8: disabling
[   15.693389] VUSB1V5: disabling
[   15.701324] VDAC: disabling
[   15.708953] VCSI: disabling
[   15.716979] ALSA device list:
[   15.723419]   No soundcards found.
[   15.739196] EXT4-fs (mmcblk0p2): mounting ext3 file system using the ext4 subsystem
[   15.887664] EXT4-fs (mmcblk0p2): mounted filesystem with ordered data mode. Opts: (null)
[   15.904754] VFS: Mounted root (ext3 filesystem) on device 179:2.
[   15.930511] devtmpfs: mounted
[   15.941436] Freeing unused kernel memory: 776K (c0c90000 - c0d52000)
INIT: version 2.88 booting
Error opening /dev/fb0: No such file or directory
/dev/ttyO2 linked to /dev/tty-bd - using as console
Starting udev
[   17.023132] udevd[104]: starting version 182
[   22.795654] FAT-fs (mmcblk0p1): Volume was not properly unmounted. Some data may be corrupt. Please run fsck.
ERROR: could not open directory /lib/modules/3.19.0-next-20150220-00002-g44c775ea854f: No such file or directory
WARNING: -e needs -E or -F
ERROR: could not open directory /lib/modules/3.19.0-next-20150220-00002-g44c775ea854f: No such file or directory
FATAL: could not search modules: No such file or directory
Starting Bootlog daemon: bootlogd.
[   24.068572] EXT4-fs (mmcblk0p2): re-mounted. Opts: data=ordered
[   24.159118] random: dd urandom read with 115 bits of entropy available
ALSA: Restoring mixer settings...
/usr/sbin/alsactl: load_state:1696: No soundcards found...
Configuring network interfaces... ifconfig: SIOCGIFFLAGS: No such device
done.
INIT: Entering runlevel: 3
/dev/ttyO2 linked to /dev/tty-bd - using as console
Starting system message bus: dbus.
[   25.651855] random: nonblocking pool is initialized
Starting Dropbear SSH server: dropbear.
Starting telnet daemon.
Starting syslogd/klogd: done
Starting thttpd.
Starting Lighttpd Web Server: lighttpd.
2015-01-30 18:44:56: (log.c.166) server started 
***************************************************************
***************************************************************
NOTICE: This file system contains the followin GPLv3 packages:
	binutils-symlinks
	binutils
	gdbserver
	parted
If you do not wish to distribute GPLv3 components please remove
the above packages prior to distribution.  This can be done using
the opkg remove command.  i.e.:
    opkg remove <package>
Where <package> is the name printed in the list above
NOTE: If the package is a dependency of another package you
      will be notified of the dependent packages.  You should
      use the --force-removal-of-dependent-packages option to
      also remove the dependent packages as well
***************************************************************
***************************************************************
Stopping Bootlog daemon: bootlogd.
 _____                    _____           _         _   
|  _  |___ ___ ___ ___   |  _  |___ ___  |_|___ ___| |_ 
|     |  _| .'| . | . |  |   __|  _| . | | | -_|  _|  _|
|__|__|_| |__,|_  |___|  |__|  |_| |___|_| |___|___|_|  
              |___|                    |___|            
Arago Project http://arago-project.org NokiaRX-51board tty-bd
Arago 2013.12 NokiaRX-51board tty-bd
NokiaRX-51board login: 
- 06:13:49 [INFO] Host: root
- 06:13:50 [INFO] Target: 
root
root@NokiaRX-51board:~# 
- 06:13:50 [INFO] Host: uname -a
- 06:13:50 [INFO] Target: 
uname -a
Linux NokiaRX-51board 3.19.0-next-20150220-00002-g44c775ea854f #1 SMP Fri Feb 20 05:51:19 CST 2015 armv7l GNU/Linux
root@NokiaRX-51board:~# 
- 06:13:50 [INFO] Host: cat /proc/cmdline
- 06:13:51 [INFO] Target: 
cat /proc/cmdline
console=ttyO2,57600n8 vram=16M earlyprintk rootwait  ip=dhcp  root=/dev/mmcblk0p2 rw rootfstype=ext3 rootwait 
root@NokiaRX-51board:~# 
- 06:13:51 [INFO] Host: uname -a
- 06:13:51 [INFO] Target: 
uname -a
Linux NokiaRX-51board 3.19.0-next-20150220-00002-g44c775ea854f #1 SMP Fri Feb 20 05:51:19 CST 2015 armv7l GNU/Linux
root@NokiaRX-51board:~# 
- 06:13:51 [INFO] Host: cat /proc/mtd
- 06:13:52 [INFO] Target: 
cat /proc/mtd
dev:    size   erasesize  name
root@NokiaRX-51board:~# 
- 06:13:57 [INFO] Host: export IPERFHOST=192.168.1.254
- 06:13:58 [INFO] Target: 
export IPERFHOST=192.168.1.254
root@NokiaRX-51board:~# 
- 06:13:58 [INFO] Host: export NFS_SERVER=192.168.1.254
- 06:13:58 [INFO] Target: 
export NFS_SERVER=192.168.1.254
root@NokiaRX-51board:~# 
- 06:13:58 [INFO] Host: export NFS_ROOT_PATH=/usr/workdir/filesys/linux/n900
- 06:13:59 [INFO] Target: 
export NFS_ROOT_PATH=/usr/workdir/filesys/linux/n900
root@NokiaRX-51board:~# 
- 06:13:59 [INFO] Host: mkdir -p -m 777 /test
- 06:13:59 [INFO] Target: 
mkdir -p -m 777 /test
root@NokiaRX-51board:~# 
- 06:13:59 [INFO] Host: cd /test
- 06:14:00 [INFO] Target: 
cd /test
root@NokiaRX-51board:/test# 
- 06:14:00 [INFO] Host: cat > test.sh << EOF
- 06:14:00 [INFO] Target: 
cat > test.sh << EOF
- 06:14:00 [INFO] Host: failtest() {
- 06:14:01 [INFO] Target: 
failtest() {
- 06:14:01 [INFO] Host:   echo 1 >&3
- 06:14:01 [INFO] Target: 
  echo 1 >&3
- 06:14:01 [INFO] Host: }
- 06:14:02 [INFO] Target: 
- 06:14:02 [INFO] Host: timeout=600
- 06:14:02 [INFO] Target: 
timeout=600
- 06:14:02 [INFO] Host: 
- 06:14:03 [INFO] Target: 
- 06:14:03 [INFO] Host: # Start of user's script logic
- 06:14:03 [INFO] Target: 
# Start of user's script logic
- 06:14:03 [INFO] Host: 
- 06:14:04 [INFO] Target: 
- 06:14:04 [INFO] Host: 
- 06:14:04 [INFO] Target: 
- 06:14:04 [INFO] Host: mount -t proc proc /proc 2>/dev/null;
- 06:14:05 [INFO] Target: 
mount -t proc proc /proc 2>/dev/null;
- 06:14:05 [INFO] Host: 
- 06:14:05 [INFO] Target: 
- 06:14:05 [INFO] Host: mount -t sysfs sys /sys 2>/dev/null;
- 06:14:06 [INFO] Target: 
mount -t sysfs sys /sys 2>/dev/null;
- 06:14:06 [INFO] Host: 
- 06:14:06 [INFO] Target: 
- 06:14:06 [INFO] Host: mount -t debugfs none /sys/kernel/debug 2>/dev/null;
- 06:14:07 [INFO] Target: 
mount -t debugfs none /sys/kernel/debug 2>/dev/null;
- 06:14:07 [INFO] Host: 
- 06:14:07 [INFO] Target: 
- 06:14:07 [INFO] Host: echo 'cpuinfo:';cat /proc/cpuinfo; echo '=======';
- 06:14:08 [INFO] Target: 
echo 'cpuinfo:';cat /proc/cpuinfo; echo '=======';
- 06:14:08 [INFO] Host: 
- 06:14:08 [INFO] Target: 
- 06:14:08 [INFO] Host: echo 'soc info:';head /sys/devices/soc0/* 2>/dev/null; echo '=======';
- 06:14:09 [INFO] Target: 
echo 'soc info:';head /sys/devices/soc0/* 2>/dev/null; echo '=======';
- 06:14:09 [INFO] Host: 
- 06:14:09 [INFO] Target: 
- 06:14:09 [INFO] Host: echo 'DT Model info'; head /proc/device-tree/name /proc/device-tree/model /proc/device-tree/compatible 2>/dev/null;echo; echo '=======';
- 06:14:10 [INFO] Target: 
echo 'DT Model info'; head /proc/device-tree/name /proc/device-tree/model /pro 
c/device-tree/compatible 2>/dev/null;echo; echo '=======';
- 06:14:10 [INFO] Host: 
- 06:14:10 [INFO] Target: 
- 06:14:10 [INFO] Host: echo 'interrupts:';cat /proc/interrupts; echo '=======';
- 06:14:11 [INFO] Target: 
echo 'interrupts:';cat /proc/interrupts; echo '=======';
- 06:14:11 [INFO] Host: 
- 06:14:11 [INFO] Target: 
- 06:14:11 [INFO] Host: echo 'Clk_summary:';cat /sys/kernel/debug/clk/clk_summary; echo '=======';
- 06:14:12 [INFO] Target: 
echo 'Clk_summary:';cat /sys/kernel/debug/clk/clk_summary; echo '=======';
- 06:14:12 [INFO] Host: 
- 06:14:12 [INFO] Target: 
- 06:14:12 [INFO] Host: echo 'Orphan Clks:';ls /sys/kernel/debug/clk/orphans/; echo '=======';
- 06:14:13 [INFO] Target: 
echo 'Orphan Clks:';ls /sys/kernel/debug/clk/orphans/; echo '=======';
- 06:14:13 [INFO] Host: 
- 06:14:13 [INFO] Target: 
- 06:14:13 [INFO] Host: echo "Available frequencies"; cat /sys/devices/system/cpu/cpu0/cpufreq/scaling_available_frequencies 2>/dev/null;echo '=======';
- 06:14:14 [INFO] Target: 
echo "Available frequencies"; cat /sys/devices/system/cpu/cpu0/cpufreq/scaling 
_available_frequencies 2>/dev/null;echo '=======';
- 06:14:14 [INFO] Host: 
- 06:14:14 [INFO] Target: 
- 06:14:14 [INFO] Host: echo 'H''ello World' 'B''oard Booted';
- 06:14:15 [INFO] Target: 
echo 'H''ello World' 'B''oard Booted';
- 06:14:15 [INFO] Host: 
- 06:14:15 [INFO] Target: 
- 06:14:15 [INFO] Host: EOF
- 06:14:16 [INFO] Target: 
root@NokiaRX-51board:/test# 
- 06:14:16 [INFO] Host: cd /test
- 06:14:16 [INFO] Target: 
cd /test
root@NokiaRX-51board:/test# 
- 06:14:16 [INFO] Host: chmod +x test.sh
- 06:14:17 [INFO] Target: 
chmod +x test.sh
root@NokiaRX-51board:/test# 
- 06:14:17 [INFO] Host: ./test.sh 2> stderr.log > stdout.log 3> result.log
- 06:14:17 [INFO] Target: 
./test.sh 2> stderr.log > stdout.log 3> result.log
root@NokiaRX-51board:/test# 
- 06:14:17 [INFO] Host: echo $?
- 06:14:18 [INFO] Target: 
echo $?
root@NokiaRX-51board:/test# 
- 06:14:18 [INFO] Host: cd /test
- 06:14:18 [INFO] Target: 
cd /test
root@NokiaRX-51board:/test# 
- 06:14:18 [INFO] Host: cat stdout.log
- 06:14:23 [INFO] Target: 
cat stdout.log
cpuinfo:
processor	: 0
model name	: ARMv7 Processor rev 3 (v7l)
BogoMIPS	: 123.49
Features	: half thumb fastmult vfp edsp thumbee neon vfpv3 tls vfpd32 
CPU implementer	: 0x41
CPU architecture: 7
CPU variant	: 0x1
CPU part	: 0xc08
CPU revision	: 3
Hardware	: Nokia RX-51 board
Revision	: 0000
Serial		: 0000000000000000
=======
soc info:
==> /sys/devices/soc0/family <==
OMAP3
==> /sys/devices/soc0/machine <==
OMAP3430/3530
==> /sys/devices/soc0/power <==
==> /sys/devices/soc0/revision <==
ES3.1
==> /sys/devices/soc0/subsystem <==
==> /sys/devices/soc0/type <==
==> /sys/devices/soc0/uevent <==
=======
DT Model info
==> /proc/device-tree/name <==
==> /proc/device-tree/model <==
Nokia N900
==> /proc/device-tree/compatible <==
nokia,omap3-n900ti,omap3430ti,omap3
=======
interrupts:
           CPU0       
 23:          0      INTC   7  TWL4030-PIH
 25:          0      INTC   9  l3-debug-irq
 26:          0      INTC  10  l3-app-irq
 28:          0      INTC  12  DMA
 29:       2086      INTC  13  omap-dma-engine
 36:          0      INTC  20  gpmc
 53:       3350      INTC  37  gp_timer
 72:       1310      INTC  56  48070000.i2c
 73:          0      INTC  57  48072000.i2c
 77:          0      INTC  61  48060000.i2c
 90:       4160      INTC  74  OMAP UART2
 92:          1      INTC  76  ohci_hcd:usb2
 93:          0      INTC  77  ehci_hcd:usb1
 99:       4204      INTC  83  mmc0
102:        362      INTC  86  mmc1
180:          0  49052000.gpio   4  Camera Focus
181:          0  49052000.gpio   5  Camera Capture
183:          0  49052000.gpio   7  Keypad Slide
201:          0  49052000.gpio  25  Proximity Sensor
222:          0  49054000.gpio  14  Camera Lens Cover
225:          0  49054000.gpio  17  Lock Button
272:          0  49058000.gpio   0  4809c000.mmc cd
304:        582      PRCM  pm_wkup
313:          2      PRCM  pinctrl, pinctrl, pm_io
337:          1   pinctrl 366  OMAP UART2
340:          0   twl4030   0  twl4030_gpio
345:          0   twl4030   5  twl4030_power
351:          0   twl4030  11  rtc0
IPI0:          0  CPU wakeup interrupts
IPI1:          0  Timer broadcast interrupts
IPI2:          0  Rescheduling interrupts
IPI3:          0  Function call interrupts
IPI4:          0  Single function call interrupts
IPI5:          0  CPU stop interrupts
IPI6:          0  IRQ work interrupts
IPI7:          0  completion interrupts
Err:          0
=======
Clk_summary:
   clock                         enable_cnt  prepare_cnt        rate   accuracy   phase
----------------------------------------------------------------------------------------
 secure_32k_fck                           0            0       32768          0 0  
    wdt1_fck                              0            0       32768          0 0  
    gpt12_fck                             0            0       32768          0 0  
 dummy_ck                                 0            0           0          0 0  
 mcbsp_clks                               0            5           0          0 0  
 sys_altclk                               0            0           0          0 0  
 virt_38_4m_ck                            0            0    38400000          0 0  
 virt_26000000_ck                         0            0    26000000          0 0  
 virt_19200000_ck                         1            1    19200000          0 0  
    osc_sys_ck                            1            1    19200000          0 0  
       sys_clkout1                        0            0    19200000          0 0  
       sys_ck                             4           18    19200000          0 0  
          gpt9_fck                        0            1    19200000          0 0  
          gpt8_fck                        0            1    19200000          0 0  
          gpt7_fck                        0            1    19200000          0 0  
          gpt6_fck                        0            1    19200000          0 0  
          gpt5_fck                        0            1    19200000          0 0  
          gpt4_fck                        0            1    19200000          0 0  
          gpt3_fck                        0            1    19200000          0 0  
          gpt2_fck                        0            1    19200000          0 0  
          cpefuse_fck                     0            0    19200000          0 0  
          dpll5_ck                        1            1   120000000          0 0  
             dpll5_m2_ck                  1            1   120000000          0 0  
                dpll5_m2_d20_ck           0            0     6000000          0 0  
                dpll5_m2_d16_ck           0            0     7500000          0 0  
                dpll5_m2_d8_ck            0            0    15000000          0 0  
                dpll5_m2_d4_ck            0            0    30000000          0 0  
                usbhost_120m_fck           0            0   120000000          0 0  
                usbtll_fck                1            1   120000000          0 0  
          sys_d2_ck                       0            0     9600000          0 0  
             usim_fck                     0            0     9600000          0 0  
          modem_fck                       0            0    19200000          0 0  
          dpll2_ck                        0            1   249600000          0 0  
             dpll2_m2_ck                  0            1   249600000          0 0  
                iva2_ck                   0            2   249600000          0 0  
          sr2_fck                         0            1    19200000          0 0  
          sr1_fck                         0            1    19200000          0 0  
          traceclk_src_fck                0            0    19200000          0 0  
             traceclk_fck                 0            0    19200000          0 0  
          emu_src_mux_ck                  0            1    19200000          0 0  
             emu_src_ck                   0            1    19200000          0 0  
                atclk_fck                 0            0    19200000          0 0  
                pclkx2_fck                0            0    19200000          0 0  
                pclk_fck                  0            0     9600000          0 0  
          dss2_alwon_fck                  0            2    19200000          0 0  
          dpll1_ck                        0            1   600000000          0 0  
             dpll1_x2_ck                  0            1  1200000000          0 0  
                dpll1_x2m2_ck             0            1  1200000000          0 0  
                   mpu_ck                 0            1  1200000000          0 0  
                      emu_mpu_alwon_ck           0            0  1200000000          0 0  
                      arm_fck             0            1   600000000          0 0  
          dpll3_ck                        1            1   664000000          0 0  
             dpll3_x2_ck                  0            0  1328000000          0 0  
             dpll3_m2_ck                  1            2   332000000          0 0  
                dpll3_m2x2_ck             0            1   664000000          0 0  
                   corex2_fck             0            1   664000000          0 0  
                      ssi_ssr_fck_3430es2           0            1   221333334          0 0  
                         ssi_sst_fck_3430es2           0            0   110666667          0 0  
                      corex2_d5_fck           0            0   132800000          0 0  
                      corex2_d3_fck           0            0   221333333          0 0  
                core_ck                   1            1   332000000          0 0  
                   core_d2_ck             0            0   166000000          0 0  
                   core_d6_ck             0            0    55333333          0 0  
                   core_d4_ck             0            0    83000000          0 0  
                   core_d3_ck             0            0   110666666          0 0  
                      sgx_fck             0            0   110666666          0 0  
                   dpll2_fck              0            0   332000000          0 0  
                   l3_ick                 2            3   166000000          0 0  
                      sgx_ick             0            0   166000000          0 0  
                      mad2d_ick           0            0   166000000          0 0  
                      sad2d_ick           0            1   166000000          0 0  
                      security_l3_ick           0            0   166000000          0 0  
                         pka_ick           0            0   166000000          0 0  
                      core_l3_ick           8           10   166000000          0 0  
                         hsotgusb_ick_3430es2           0            1   166000000          0 0  
                         gpmc_fck           2            2   166000000          0 0  
                         sdrc_ick           1            1   166000000          0 0  
                      l4_ick              7            8    83000000          0 0  
                         usbhost_ick           1            1    83000000          0 0  
                         dss_ick_3430es2           4            6    83000000          0 0  
                         sr_l4_ick           2            2    83000000          0 0  
                         ssi_l4_ick           1            1    83000000          0 0  
                            ssi_ick_3430es2           1            1    83000000          0 0  
                         cam_ick           0            1    83000000          0 0  
                         security_l4_ick2           0            0    83000000          0 0  
                            des1_ick           0            0    83000000          0 0  
                            sha11_ick           0            0    83000000          0 0  
                            rng_ick           0            0    83000000          0 0  
                            aes1_ick           0            0    83000000          0 0  
                         per_l4_ick          16           17    83000000          0 0  
                            mcbsp4_ick           2            2    83000000          0 0  
                            mcbsp3_ick           2            2    83000000          0 0  
                            mcbsp2_ick           1            1    83000000          0 0  
                            gpt2_ick           1            1    83000000          0 0  
                            gpt3_ick           1            1    83000000          0 0  
                            gpt4_ick           1            1    83000000          0 0  
                            gpt5_ick           1            1    83000000          0 0  
                            gpt6_ick           1            1    83000000          0 0  
                            gpt7_ick           1            1    83000000          0 0  
                            gpt8_ick           1            1    83000000          0 0  
                            gpt9_ick           1            1    83000000          0 0  
                            uart4_ick           0            0    83000000          0 0  
                            uart3_ick           1            1    83000000          0 0  
                            wdt3_ick           0            0    83000000          0 0  
                            gpio2_ick           1            1    83000000          0 0  
                            gpio3_ick           1            1    83000000          0 0  
                            gpio4_ick           1            1    83000000          0 0  
                            gpio5_ick           0            1    83000000          0 0  
                            gpio6_ick           1            1    83000000          0 0  
                         core_l4_ick          19           21    83000000          0 0  
                            mmchs3_ick           1            1    83000000          0 0  
                            usbtll_ick           1            1    83000000          0 0  
                            mailboxes_ick           0            1    83000000          0 0  
                            mspro_ick           0            0    83000000          0 0  
                            des2_ick           0            0    83000000          0 0  
                            icr_ick           0            0    83000000          0 0  
                            sha12_ick           0            0    83000000          0 0  
                            aes2_ick           0            0    83000000          0 0  
                            omapctrl_ick           1            1    83000000          0 0  
                            mcbsp1_ick           1            1    83000000          0 0  
                            mcbsp5_ick           1            1    83000000          0 0  
                            gpt10_ick           1            1    83000000          0 0  
                            gpt11_ick           1            1    83000000          0 0  
                            uart1_ick           1            1    83000000          0 0  
                            uart2_ick           1            1    83000000          0 0  
                            i2c1_ick           1            1    83000000          0 0  
                            i2c2_ick           1            1    83000000          0 0  
                            i2c3_ick           1            1    83000000          0 0  
                            mcspi1_ick           1            1    83000000          0 0  
                            mcspi2_ick           1            1    83000000          0 0  
                            mcspi3_ick           1            1    83000000          0 0  
                            mcspi4_ick           1            1    83000000          0 0  
                            hdq_ick           0            1    83000000          0 0  
                            mmchs1_ick           1            1    83000000          0 0  
                            mmchs2_ick           1            1    83000000          0 0  
                         rm_ick           0            0    41500000          0 0  
                   dpll1_fck              0            0   166000000          0 0  
             dpll3_m3_ck                  0            0   221333334          0 0  
                dpll3_m3x2_mul_ck           0            0   442666668          0 0  
                   dpll3_m3x2_ck           0            0   442666668          0 0  
                      emu_core_alwon_ck           0            0   442666668          0 0  
          dpll4_ck                        1            3   432000000          0 0  
             dpll4_x2_ck                  0            0   864000000          0 0  
             dpll4_m6_ck                  0            0   144000000          0 0  
                dpll4_m6x2_mul_ck           0            0   288000000          0 0  
                   dpll4_m6x2_ck           0            0   288000000          0 0  
                      emu_per_alwon_ck           0            0   288000000          0 0  
             dpll4_m5_ck                  0            0   108000000          0 0  
                dpll4_m5x2_mul_ck           0            0   216000000          0 0  
                   dpll4_m5x2_ck           0            0   216000000          0 0  
                      cam_mclk            0            0   216000000          0 0  
             dpll4_m4_ck                  0            1    48000000          0 0  
                dpll4_m4x2_mul_ck           0            1    96000000          0 0  
                   dpll4_m4x2_ck           0            1    96000000          0 0  
                      dss1_alwon_fck_3430es2           0            4    96000000          0 0  
             dpll4_m3_ck                  0            1    27000000          0 0  
                dpll4_m3x2_mul_ck           0            1    54000000          0 0  
                   dpll4_m3x2_ck           0            1    54000000          0 0  
                      omap_54m_fck           0            1    54000000          0 0  
                         clkout2_src_ck           0            0    54000000          0 0  
                            sys_clkout2           0            0    54000000          0 0  
                         dss_tv_fck           0            2    54000000          0 0  
             dpll4_m2_ck                  1            1    48000000          0 0  
                dpll4_m2x2_mul_ck           1            1    96000000          0 0  
                   dpll4_m2x2_ck           1            1    96000000          0 0  
                      omap_192m_alwon_fck           0            0    96000000          0 0  
                      omap_96m_alwon_fck           1            2    96000000          0 0  
                         per_96m_fck           0            6    96000000          0 0  
                            mcbsp4_fck           0            1    96000000          0 0  
                            mcbsp3_fck           0            2    96000000          0 0  
                            mcbsp2_fck           0            2    96000000          0 0  
                         cm_96m_fck           2            2    96000000          0 0  
                            cm_96m_d2_fck           1            1    48000000          0 0  
                               omap_48m_fck           3            4    48000000          0 0  
                                  usbhost_48m_fck           1            1    48000000          0 0  
                                  per_48m_fck           1            1    48000000          0 0  
                                     uart3_fck           1            1    48000000          0 0  
                                  core_48m_fck           1            6    48000000          0 0  
                                     uart1_fck           0            1    48000000          0 0  
                                     uart2_fck           1            1    48000000          0 0  
                                     mcspi1_fck           0            1    48000000          0 0  
                                     mcspi2_fck           0            1    48000000          0 0  
                                     mcspi3_fck           0            1    48000000          0 0  
                                     mcspi4_fck           0            1    48000000          0 0  
                                  omap_12m_fck           0            1    12000000          0 0  
                                     core_12m_fck           0            1    12000000          0 0  
                                        hdq_fck             0            1    12000000          0 0  
                            omap_96m_fck           1            2    96000000          0 0  
                               omap_96m_d10_fck           0            0     9600000          0 0  
                               omap_96m_d8_fck           0            0    12000000          0 0  
                               omap_96m_d4_fck           0            0    24000000          0 0  
                               omap_96m_d2_fck           0            0    48000000          0 0  
                               dss_96m_fck           0            2    96000000          0 0  
                               core_96m_fck           1           10    96000000          0 0  
                                  mcbsp1_fck           0            1    96000000          0 0  
                                  mcbsp5_fck           0            1    96000000          0 0  
                                  mmchs3_fck           0            1    96000000          0 0  
                                  mspro_fck           0            0    96000000          0 0  
                                  csi2_96m_fck           0            0    96000000          0 0  
                                  i2c1_fck           1            1    96000000          0 0  
                                  i2c2_fck           0            1    96000000          0 0  
                                  i2c3_fck           0            1    96000000          0 0  
                                  mmchs1_fck           0            1    96000000          0 0  
                                  mmchs2_fck           0            1    96000000          0 0  
          wkup_l4_ick                     3            4    19200000          0 0  
             usim_ick                     0            0    19200000          0 0  
             gpt1_ick                     1            1    19200000          0 0  
             gpt12_ick                    0            0    19200000          0 0  
             omap_32ksync_ick             1            1    19200000          0 0  
             gpio1_ick                    0            1    19200000          0 0  
             wdt1_ick                     0            0    19200000          0 0  
             wdt2_ick                     1            1    19200000          0 0  
 virt_13m_ck                              0            0    13000000          0 0  
 virt_12m_ck                              0            0    12000000          0 0  
 omap_32k_fck                             3            8       32768          0 0  
    gpt1_fck                              1            1       32768          0 0  
    gpt11_fck                             0            1       32768          0 0  
    gpt10_fck                             0            1       32768          0 0  
    ts_fck                                0            0       32768          0 0  
    per_32k_alwon_fck                     2            5       32768          0 0  
       wdt3_fck                           0            0       32768          0 0  
       gpio2_dbck                         0            1       32768          0 0  
       gpio3_dbck                         1            2       32768          0 0  
       gpio4_dbck                         1            2       32768          0 0  
       gpio5_dbck                         0            1       32768          0 0  
       gpio6_dbck                         0            1       32768          0 0  
    wkup_32k_fck                          1            3       32768          0 0  
       wdt2_fck                           0            1       32768          0 0  
       gpio1_dbck                         0            1       32768          0 0  
 dummy_apb_pclk                           0            0           0          0 0  
 virt_16_8m_ck                            0            0    16800000          0 0  
=======
Orphan Clks:
=======
Available frequencies
125000 250000 500000 550000 600000 
=======
Hello World Board Booted
root@NokiaRX-51board:/test# 
- 06:14:23 [INFO] Host: cat stderr.log
- 06:14:23 [INFO] Target: 
cat stderr.log
ls: /sys/kernel/debug/clk/orphans/: No such file or directory
root@NokiaRX-51board:/test# 
- 06:14:23 [INFO] Host: cat result.log
- 06:14:25 [ERROR] On command: cat result.log waiting for cat result.log.+?(?m-ix:^1[\0\n\r]+) >>> error: execution expired
- 06:14:25 [INFO] Target: 
cat result.log
root@NokiaRX-51board:/test# 
- 06:14:25 [INFO] Host: cd /test
- 06:14:26 [INFO] Target: 
cd /test
root@NokiaRX-51board:/test# 
URL:gtsystest.telogy.design.ti.com/vatf/tidfarm-02/tidfarm-02_vatf@9/tidfarm-0202_20_2015_05_53_45/files/session_iteration_1/test_1
