- 07:27:38 [INFO] Starting target session
- 07:27:39 [INFO] Connected to n900 via serial 
- 07:27:39 [INFO] Host: #check prompt
- 07:27:42 [ERROR] On command: #check prompt waiting for #check prompt.+?(?-mix:((?-mix:.*\s+login)|[Pp]assword)) >>> error: execution expired
- 07:27:42 [INFO] Target: 
#check prompt
root@NokiaRX-51board:/test# 
- 07:27:42 [INFO] Host: #check prompt
- 07:27:42 [INFO] Target: 
#check prompt
root@NokiaRX-51board:/test# 
- 07:27:42 [INFO] Host: sync;poweroff
- 07:28:00 [INFO] Target: 
sync;poweroff
Broadcast message from root@NokiaRX-51board (ttyO2) (Thu Dec 24 15:21:28 2015
The system is going down for system halt NOW!
INIT: Switching to ruroot@NokiaRX-51board:/test# 
INIT: Sending processes the TERM signal
INIT: Sending processes tStopping Dropbear SSH server: stopped /usr/sbin/dropbear (pid 705)
dropbear.
Stopping telnet daemon.
Stopping system message bus: hwclock: can't open '/dev/misc/rtc': No such file or directory
Error opening /dev/fb0: No such file or directory
Stopping syslogd/klogd: stopped syslogd (pid 715)
stopped klogd (pid 718)
done
Stopping thttpd.
ALSA: Storing mixer settings...
/usr/sbin/alsactl: save_state:1580: No soundcards found...
Deconfiguring network interfaces... ifdown: interface eth0 not configured
done.
Stopping Lighttpd Web Server: stopped /usr/sbin/lighttpd (pid 725)
lighttpd.
***************************************************************
***************************************************************
NOTICE: This file system contains the followin GPLv3 packages:
	binutils-symlinks
	binutils
	gdbserver
	parted
If you do not wish to distribute GPLv3 components please remove
the above packages prior to distribution.  This can be done using
the opkg remove command.  i.e.:
    opkg remove <package>
Where <package> is the name printed in the list above
NOTE: If the package is a dependency of another package you
      will be notified of the dependent packages.  You should
      use the --force-removal-of-dependent-packages option to
      also remove the dependent packages as well
***************************************************************
***************************************************************
Sending all processes the TERM signal...
Sending all processes the KILL signal...
Unmounting remote filesystems...
Deactivating swap...
Unmounting local filesystems...
[ 2531.093353] EXT4-fs (mmcblk0p2): re-mounted. Opts: data=ordered
[ 2533.442199] reboot: Power down
[ 2533.448730] ------------[ cut here ]------------
[ 2533.458312] WARNING: CPU: 0 PID: 886 at kernel/locking/lockdep.c:2870 lockdep_trace_alloc+0x100/0x120
[ 2533.477416] DEBUG_LOCKS_WARN_ON(irqs_disabled_flags(flags))
[ 2533.488586] Modules linked in:
[ 2533.495300] CPU: 0 PID: 886 Comm: halt Not tainted 4.6.0-rc5-next-20160427-00002-gff88716e65a5 #1
[ 2533.513671] Hardware name: Nokia RX-51 board
[ 2533.522521] [<c011004c>] (un
- 07:28:00 [INFO] Disconnected serial from n900
- 07:28:23 [INFO] Connected to n900 via serial 
- 07:28:23 [INFO] Host: 
- 07:28:27 [INFO] Target: 
MMC:   OMAP SD/MMC: 0, OMAP SD/MMC: 1
Using default environment
In:    serial
Out:   serial
Err:   serial
Timed out in wait_for_event: status=0100
Check if pads/pull-ups of bus 1 are properly configured
Timed out in wait_for_event: status=0000
Check if pads/pull-ups of bus 1 are properly configured
Timed out in wait_for_event: status=0000
Check if pads/pull-ups of bus 1 are properly configured
Timed out in wait_for_event: status=0000
Check if pads/pull-ups of bus 1 are properly configured
Timed out in wait_for_event: status=0000
Check if pads/pull-ups of bus 1 are properly configured
Timed out in wait_for_event: status=0000
Check if pads/pull-ups of bus 1 are properly configured
Timed out in wait_for_event: status=0000
Check if pads/pull-ups of bus 1 are properly configured
Timed out in wait_for_event: status=0000
Check if pads/pull-ups of bus 1 are properly configured
Timed out in wait_for_event: status=0000
Check if pads/pull-ups of bus 1 are properly configured
Timed out in wait_for_event: status=0000
Check if pads/pull-ups of bus 1 are properly configured
Timed out in wait_for_event: status=0000
Check if pads/pull-ups of bus 1 are properly configured
Timed out in wait_for_event: status=0000
Check if pads/pull-ups of bus 1 are properly configured
Timed out in wait_for_event: status=0000
Check if pads/pull-ups of bus 1 are properly configured
Timed out in wait_for_event: status=0000
Check if pads/pull-ups of bus 1 are properly configured
Timed out in wait_for_event: status=0000
Check if pads/pull-ups of bus 1 are properly configured
Timed out in wait_for_event: status=0000
Check if pads/pull-ups of bus 1 are properly configured
i2c_read (addr phase): pads on bus 1 probably not configured (status=0x10)
i2c_write: timed out writig last byte!
Die ID #582a000400000000040366100301000d
OMAP3530-HS ES3.1, CPU-OPP2, L3-165MHz, Max CPU Clock 600 MHz
Hit any key to stop autoboot:  3  0 
Nokia RX-51 # 
Nokia RX-51 # 
Nokia RX-51 # 
Nokia RX-51 # 
Nokia RX-51 # 
Nokia RX-51 # 
Nokia RX-51 # 
Nokia RX-51 # 
Nokia RX-51 # 
Nokia RX-51 # 
Nokia RX-51 # 
Nokia RX-51 # 
Nokia RX-51 # 
Nokia RX-51 # 
Nokia RX-51 # 
Nokia RX-51 # 
Nokia RX-51 # 
Nokia RX-51 # 
Nokia RX-51 # 
Nokia RX-51 # 
Nokia RX-51 # 
Nokia RX-51 # 
Nokia RX-51 # 
Nokia RX-51 # 
Nokia RX-51 # 
Nokia RX-51 # 
Nokia RX-51 # 
Nokia RX-51 # 
Nokia RX-51 # 
Nokia RX-51 # 
Nokia RX-51 # 
Nokia RX-51 # 
Nokia RX-51 # 
Nokia RX-51 # 
Nokia RX-51 # 
Nokia RX-51 # 
- 07:28:27 [INFO] Host: 
- 07:28:27 [INFO] Target: 
Nokia RX-51 # 
Nokia RX-51 # 
Nokia RX-51 # 
Nokia RX-51 # 
- 07:28:27 [INFO] Host: version
- 07:28:28 [INFO] Target: 
version
U-Boot 2014.04-00073-g4fa5b9e (Apr 22 2014 - 14:37:10)
arm-linux-gnueabi-gcc (Ubuntu/Linaro 4.6.3-1ubuntu5) 4.6.3
GNU ld (GNU Binutils for Ubuntu) 2.22
Nokia RX-51 # 
- 07:28:28 [INFO] Host: setenv bootargs 'console=ttyO2,57600n8 vram=16M earlyprintk=serial,ttyO2,115200n8 rootwait '
- 07:28:28 [INFO] Target: 
setenv bootargs 'console=ttyO2,57600n8 vram=16M earlyprintk=serial,ttyO2,115200n8 rootwait '
Nokia RX-51 # 
- 07:28:28 [INFO] Host: setenv bootcmd  ''
- 07:28:28 [INFO] Target: 
setenv bootcmd  ''
Nokia RX-51 # 
- 07:28:28 [INFO] Host: setenv autoload 'no'
- 07:28:28 [INFO] Target: 
setenv autoload 'no'
Nokia RX-51 # 
- 07:28:28 [INFO] Host: setenv serverip '192.168.1.254'
- 07:28:28 [INFO] Target: 
setenv serverip '192.168.1.254'
Nokia RX-51 # 
- 07:28:28 [INFO] Host: printenv
- 07:28:29 [INFO] Target: 
printenv
arch=arm
attachboot=echo Booting attached kernel image ...;setenv setup_omap_atag 1;bootm ${attkernaddr};setenv setup_omap_atag
attkernaddr=0x8fe40800
autoload=no
baudrate=57600
board=rx51
board_name=rx51
bootargs=console=ttyO2,57600n8 vram=16M earlyprintk=serial,ttyO2,115200n8 rootwait 
bootcmd=
bootdelay=3
bootm_size=0x08000000
bootmenu_0=Attached kernel=run attachboot
bootmenu_1=Internal eMMC=run emmcboot
bootmenu_2=External SD card=run sdboot
bootmenu_3=U-Boot boot order=boot
bootmenu_delay=30
cpu=armv7
dieid#=582a000400000000040366100301000d
emmcboot=setenv mmcnum 1; run trymmcboot
fdt_file=omap3-n900.dtb
fdtaddr=0x80F80000
fileload=${mmctype}load mmc ${mmcnum}:${mmcpart} ${loadaddr} ${mmcfile}
ftdload=setenv loadaddr ${fdtaddr};setenv mmcfile ${fdt_file};run fileload
importbootenv=echo Importing environment from mmc${mmcdev} ...; env import -t ${loadaddr} ${filesize}
initrdaddr=0x84008000
initrdload=setenv loadaddr ${initrdaddr};setenv mmcfile ${mmcinitrdfile};run fileload
kernaddr=0x82008000
kernboot=echo Booting ${mmckernfile} from mmc ${mmcnum}:${mmcpart} ...; bootm ${kernaddr}
kernbootz=echo Booting ${kernel_file}+${fdt_file} from mmc ${mmcnum}:${mmcpart} ...; bootz ${kernaddr} - ${fdtaddr}
kernel_file=zImage
kerninitrdboot=echo Booting ${mmckernfile} ${mmcinitrdfile} from mmc ${mmcnum}:${mmcpart} ...; bootm ${kernaddr} ${initrdaddr}
kernload=setenv loadaddr ${kernaddr};setenv mmcfile ${mmckernfile};run fileload
kernloadz=setenv loadaddr ${kernaddr};setenv mmcfile ${kernel_file};run fileload
loadaddr=0x82008000
loadbootenv=fatload mmc ${mmcnum} ${loadaddr} uEnv.txt
mem=260353k
menucmd=bootmenu
preboot=setenv loadaddr ${kernaddr};echo
scriptaddr=0x86008000
scriptboot=echo Running ${mmcscriptfile} from mmc ${mmcnum}:${mmcpart} ...; source ${scriptaddr}
scriptload=setenv loadaddr ${scriptaddr};setenv mmcfile ${mmcscriptfile};run fileload
sdboot=setenv mmcnum 0; run trymmcboot
sercon=setenv con serial; run setcon
serverip=192.168.1.254
setcon=setenv stdin ${con};setenv stdout ${con};setenv stderr ${con}
slide=gpio input 71
soc=omap3
stderr=serial
stdin=serial
stdout=serial
switchmmc=mmc dev ${mmcnum}
trymmcallpartboot=setenv mmcpart 1; run trymmcpartboot;setenv mmcpart 2; run trymmcpartboot;setenv mmcpart 3; run trymmcpartboot;setenv mmcpart 4; run trymmcpartboot
trymmcboot=if run switchmmc; then setenv mmctype fat;run trymmcallpartboot;setenv mmctype ext2;run trymmcallpartboot;setenv mmctype ext4;run trymmcallpartboot;fi
trymmckernboot=if run switchmmc; then if run kernload; then run kernboot;fi;fi
trymmckernbootz=if run switchmmc; then if run ftdload; then if run kernloadz; then run kernbootz;fi;fi;fi
trymmckerninitrdboot=if run switchmmc; then if run initrdload; then if run kernload; then run kerninitrdboot;fi;fi; fi
trymmcpartboot=setenv mmcscriptfile boot.scr; run trymmcscriptboot;setenv mmckernfile uImage; run trymmckernboot;run trymmckernbootz
trymmcscriptboot=if run switchmmc; then if run scriptload; then run scriptboot;fi;fi
usbcon=setenv con usbtty; run setcon
usbtty=cdc_acm
vendor=nokia
vgacon=setenv con vga; run setcon
Environment size: 3218/131068 bytes
Nokia RX-51 # 
- 07:28:29 [INFO] Host: setenv _initramfs -
- 07:28:29 [INFO] Target: 
setenv _initramfs -
Nokia RX-51 # 
- 07:28:30 [INFO] Disconnected serial from n900
- 07:50:11 [INFO] Connected to n900 via serial 
- 07:50:11 [INFO] Host: ls mmc 0:1
- 07:50:31 [ERROR] On command: ls mmc 0:1 waiting for ls mmc 0:1.+?(?-mix:Nokia\sRX-51\s#\s) >>> error: execution expired
- 07:50:31 [INFO] Target: 
ode, 55107(SOH)/0(STX)/0(CAN) packets, 2 retries
## Total Size      = 0x006ba014 = 7053332 Bytes
Nokia RX-51 # 
- 07:50:31 [INFO] Host: printenv
- 07:50:31 [INFO] Target: 
printenv
_initramfs=-
arch=arm
attachboot=echo Booting attached kernel image ...;setenv setup_omap_atag 1;bootm ${attkernaddr};setenv setup_omap_atag
attkernaddr=0x8fe40800
autoload=no
baudrate=57600
board=rx51
board_name=rx51
bootargs=console=ttyO2,57600n8 vram=16M earlyprintk=serial,ttyO2,115200n8 rootwait 
bootcmd=
bootdelay=3
bootm_size=0x08000000
bootmenu_0=Attached kernel=run attachboot
bootmenu_1=Internal eMMC=run emmcboot
bootmenu_2=External SD card=run sdboot
bootmenu_3=U-Boot boot order=boot
bootmenu_delay=30
cpu=armv7
dieid#=582a000400000000040366100301000d
emmcboot=setenv mmcnum 1; run trymmcboot
fdt_file=omap3-n900.dtb
fdtaddr=0x80F80000
fileload=${mmctype}load mmc ${mmcnum}:${mmcpart} ${loadaddr} ${mmcfile}
filesize=6ba014
ftdload=setenv loadaddr ${fdtaddr};setenv mmcfile ${fdt_file};run fileload
importbootenv=echo Importing environment from mmc${mmcdev} ...; env import -t ${loadaddr} ${filesize}
initrdaddr=0x84008000
initrdload=setenv loadaddr ${initrdaddr};setenv mmcfile ${mmcinitrdfile};run fileload
kernaddr=0x82008000
kernboot=echo Booting ${mmckernfile} from mmc ${mmcnum}:${mmcpart} ...; bootm ${kernaddr}
kernbootz=echo Booting ${kernel_file}+${fdt_file} from mmc ${mmcnum}:${mmcpart} ...; bootz ${kernaddr} - ${fdtaddr}
kernel_file=zImage
kerninitrdboot=echo Booting ${mmckernfile} ${mmcinitrdfile} from mmc ${mmcnum}:${mmcpart} ...; bootm ${kernaddr} ${initrdaddr}
kernload=setenv loadaddr ${kernaddr};setenv mmcfile ${mmckernfile};run fileload
kernloadz=setenv loadaddr ${kernaddr};setenv mmcfile ${kernel_file};run fileload
loadaddr=0x82008000
loadbootenv=fatload mmc ${mmcnum} ${loadaddr} uEnv.txt
mem=260353k
menucmd=bootmenu
preboot=setenv loadaddr ${kernaddr};echo
scriptaddr=0x86008000
scriptboot=echo Running ${mmcscriptfile} from mmc ${mmcnum}:${mmcpart} ...; source ${scriptaddr}
scriptload=setenv loadaddr ${scriptaddr};setenv mmcfile ${mmcscriptfile};run fileload
sdboot=setenv mmcnum 0; run trymmcboot
sercon=setenv con serial; run setcon
serverip=192.168.1.254
setcon=setenv stdin ${con};setenv stdout ${con};setenv stderr ${con}
slide=gpio input 71
soc=omap3
stderr=serial
stdin=serial
stdout=serial
switchmmc=mmc dev ${mmcnum}
trymmcallpartboot=setenv mmcpart 1; run trymmcpartboot;setenv mmcpart 2; run trymmcpartboot;setenv mmcpart 3; run trymmcpartboot;setenv mmcpart 4; run trymmcpartboot
trymmcboot=if run switchmmc; then setenv mmctype fat;run trymmcallpartboot;setenv mmctype ext2;run trymmcallpartboot;setenv mmctype ext4;run trymmcallpartboot;fi
trymmckernboot=if run switchmmc; then if run kernload; then run kernboot;fi;fi
trymmckernbootz=if run switchmmc; then if run ftdload; then if run kernloadz; then run kernbootz;fi;fi;fi
trymmckerninitrdboot=if run switchmmc; then if run initrdload; then if run kernload; then run kerninitrdboot;fi;fi; fi
trymmcpartboot=setenv mmcscriptfile boot.scr; run trymmcscriptboot;setenv mmckernfile uImage; run trymmckernboot;run trymmckernbootz
trymmcscriptboot=if run switchmmc; then if run scriptload; then run scriptboot;fi;fi
usbcon=setenv con usbtty; run setcon
usbtty=cdc_acm
vendor=nokia
vgacon=setenv con vga; run setcon
Environment size: 3251/131068 bytes
Nokia RX-51 # 
- 07:50:31 [INFO] Host: setenv bootargs ''${bootargs}' root=/dev/mmcblk0p2 rw rootfstype=ext3 rootwait '
- 07:50:31 [INFO] Target: 
setenv bootargs ''${bootargs}' root=/dev/mmcblk0p2 rw rootfstype=ext3 rootwait '
Nokia RX-51 # 
- 07:50:31 [INFO] Host: printenv
- 07:50:32 [INFO] Target: 
printenv
_initramfs=-
arch=arm
attachboot=echo Booting attached kernel image ...;setenv setup_omap_atag 1;bootm ${attkernaddr};setenv setup_omap_atag
attkernaddr=0x8fe40800
autoload=no
baudrate=57600
board=rx51
board_name=rx51
bootargs=console=ttyO2,57600n8 vram=16M earlyprintk=serial,ttyO2,115200n8 rootwait  root=/dev/mmcblk0p2 rw rootfstype=ext3 rootwait 
bootcmd=
bootdelay=3
bootm_size=0x08000000
bootmenu_0=Attached kernel=run attachboot
bootmenu_1=Internal eMMC=run emmcboot
bootmenu_2=External SD card=run sdboot
bootmenu_3=U-Boot boot order=boot
bootmenu_delay=30
cpu=armv7
dieid#=582a000400000000040366100301000d
emmcboot=setenv mmcnum 1; run trymmcboot
fdt_file=omap3-n900.dtb
fdtaddr=0x80F80000
fileload=${mmctype}load mmc ${mmcnum}:${mmcpart} ${loadaddr} ${mmcfile}
filesize=6ba014
ftdload=setenv loadaddr ${fdtaddr};setenv mmcfile ${fdt_file};run fileload
importbootenv=echo Importing environment from mmc${mmcdev} ...; env import -t ${loadaddr} ${filesize}
initrdaddr=0x84008000
initrdload=setenv loadaddr ${initrdaddr};setenv mmcfile ${mmcinitrdfile};run fileload
kernaddr=0x82008000
kernboot=echo Booting ${mmckernfile} from mmc ${mmcnum}:${mmcpart} ...; bootm ${kernaddr}
kernbootz=echo Booting ${kernel_file}+${fdt_file} from mmc ${mmcnum}:${mmcpart} ...; bootz ${kernaddr} - ${fdtaddr}
kernel_file=zImage
kerninitrdboot=echo Booting ${mmckernfile} ${mmcinitrdfile} from mmc ${mmcnum}:${mmcpart} ...; bootm ${kernaddr} ${initrdaddr}
kernload=setenv loadaddr ${kernaddr};setenv mmcfile ${mmckernfile};run fileload
kernloadz=setenv loadaddr ${kernaddr};setenv mmcfile ${kernel_file};run fileload
loadaddr=0x82008000
loadbootenv=fatload mmc ${mmcnum} ${loadaddr} uEnv.txt
mem=260353k
menucmd=bootmenu
preboot=setenv loadaddr ${kernaddr};echo
scriptaddr=0x86008000
scriptboot=echo Running ${mmcscriptfile} from mmc ${mmcnum}:${mmcpart} ...; source ${scriptaddr}
scriptload=setenv loadaddr ${scriptaddr};setenv mmcfile ${mmcscriptfile};run fileload
sdboot=setenv mmcnum 0; run trymmcboot
sercon=setenv con serial; run setcon
serverip=192.168.1.254
setcon=setenv stdin ${con};setenv stdout ${con};setenv stderr ${con}
slide=gpio input 71
soc=omap3
stderr=serial
stdin=serial
stdout=serial
switchmmc=mmc dev ${mmcnum}
trymmcallpartboot=setenv mmcpart 1; run trymmcpartboot;setenv mmcpart 2; run trymmcpartboot;setenv mmcpart 3; run trymmcpartboot;setenv mmcpart 4; run trymmcpartboot
trymmcboot=if run switchmmc; then setenv mmctype fat;run trymmcallpartboot;setenv mmctype ext2;run trymmcallpartboot;setenv mmctype ext4;run trymmcallpartboot;fi
trymmckernboot=if run switchmmc; then if run kernload; then run kernboot;fi;fi
trymmckernbootz=if run switchmmc; then if run ftdload; then if run kernloadz; then run kernbootz;fi;fi;fi
trymmckerninitrdboot=if run switchmmc; then if run initrdload; then if run kernload; then run kerninitrdboot;fi;fi; fi
trymmcpartboot=setenv mmcscriptfile boot.scr; run trymmcscriptboot;setenv mmckernfile uImage; run trymmckernboot;run trymmckernbootz
trymmcscriptboot=if run switchmmc; then if run scriptload; then run scriptboot;fi;fi
usbcon=setenv con usbtty; run setcon
usbtty=cdc_acm
vendor=nokia
vgacon=setenv con vga; run setcon
Environment size: 3300/131068 bytes
Nokia RX-51 # 
- 07:50:32 [INFO] Host: setenv bootcmd ''${bootcmd}' if iminfo ${loadaddr}; then bootm ${loadaddr} ${_initramfs} ; else bootz ${loadaddr} ${_initramfs} ; bootm ${loadaddr} ${_initramfs} ; fi'
- 07:50:32 [INFO] Target: 
setenv bootcmd ''${bootcmd}' if iminfo ${loadaddr}; then bootm ${loadaddr} ${_initramfs} ; else bootz ${loadaddr} ${_initramfs} ; bootm ${loadaddr} ${_initramfs} ; fi'
Nokia RX-51 # 
- 07:50:32 [INFO] Host: version
- 07:50:32 [INFO] Target: 
version
U-Boot 2014.04-00073-g4fa5b9e (Apr 22 2014 - 14:37:10)
arm-linux-gnueabi-gcc (Ubuntu/Linaro 4.6.3-1ubuntu5) 4.6.3
GNU ld (GNU Binutils for Ubuntu) 2.22
Nokia RX-51 # 
- 07:50:32 [INFO] Host: bdinfo
- 07:50:32 [INFO] Target: 
bdinfo
arch_number = 0x000007A3
boot_params = 0x80000100
DRAM bank   = 0x00000000
-> start    = 0x80000000
-> size     = 0x10000000
DRAM bank   = 0x00000001
-> start    = 0x90000000
-> size     = 0x00000000
baudrate    = 57600 bps
TLB addr    = 0x8FE30000
relocaddr   = 0x8FDD1000
reloc off   = 0x0FDC9000
irq_sp      = 0x8FCF0F20
sp start    = 0x8FCF0F10
FB base     = 0x00000000
Nokia RX-51 # 
- 07:50:32 [INFO] Host: mmc rescan; echo $?
- 07:50:32 [INFO] Target: 
mmc rescan; echo $?
Nokia RX-51 # 
- 07:50:32 [INFO] Host: fatwrite mmc 0:1 ${loadaddr} ws-calibrate.rules 4
- 07:50:32 [INFO] Target: 
fatwrite mmc 0:1 ${loadaddr} ws-calibrate.rules 4
Unknown command 'fatwrite' - try 'help'
Nokia RX-51 # 
- 07:50:32 [INFO] Host: boot
- 07:50:51 [INFO] Target: 
boot
Unknown command 'iminfo' - try 'help'
Bad Linux ARM zImage magic!
## Booting kernel from Legacy Image at 82008000 ...
   Image Name:   Linux-4.6.0-rc5-next-20160427-00
   Image Type:   ARM Linux Kernel Image (uncompressed)
   Data Size:    7053268 Bytes = 6.7 MiB
   Load Address: 81000000
   Entry Point:  81000000
   Verifying Checksum ... OK
   Loading Kernel Image ... OK
Starting kernel ...
[    0.000000] Booting Linux on physical CPU 0x0
[    0.000000] Linux version 4.6.0-rc5-next-20160427-00002-gff88716e65a5 (nmenon@horus) (gcc version 4.9.3 20150413 (prerelease) (Linaro GCC 4.9-2015.05) ) #1 SMP Wed Apr 27 07:21:41 CDT 2016
[    0.000000] CPU: ARMv7 Processor [411fc083] revision 3 (ARMv7), cr=10c5387d
[    0.000000] CPU: PIPT / VIPT nonaliasing data cache, VIPT nonaliasing instruction cache
[    0.000000] Machine model: Nokia N900
[    0.000000] cma: Reserved 64 MiB at 0x8b800000
[    0.000000] Memory policy: Data cache writeback
[    0.000000] CPU: All CPU(s) started in SVC mode.
[    0.000000] OMAP3430/3530 ES3.1 (l2cache iva sgx neon isp )
[    0.000000] percpu: Embedded 13 pages/cpu @cfb81000 s23744 r8192 d21312 u53248
[    0.000000] Built 1 zonelists in Zone order, mobility grouping on.  Total pages: 64512
[    0.000000] Kernel command line: console=ttyO2,57600n8 vram=16M earlyprintk=serial,ttyO2,115200n8 rootwait  root=/dev/mmcblk0p2 rw rootfstype=ext3 rootwait 
[    0.000000] PID hash table entries: 1024 (order: 0, 4096 bytes)
[    0.000000] Dentry cache hash table entries: 32768 (order: 5, 131072 bytes)
[    0.000000] Inode-cache hash table entries: 16384 (order: 4, 65536 bytes)
[    0.000000] Memory: 173920K/260096K available (9469K kernel code, 1068K rwdata, 4268K rodata, 2048K init, 338K bss, 20640K reserved, 65536K cma-reserved, 0K highmem)
[    0.000000] Virtual kernel memory layout:
[    0.000000]     vector  : 0xffff0000 - 0xffff1000   (   4 kB)
[    0.000000]     fixmap  : 0xffc00000 - 0xfff00000   (3072 kB)
[    0.000000]     vmalloc : 0xd0800000 - 0xff800000   ( 752 MB)
[    0.000000]     lowmem  : 0xc0000000 - 0xd0000000   ( 256 MB)
[    0.000000]     pkmap   : 0xbfe00000 - 0xc0000000   (   2 MB)
[    0.000000]     modules : 0xbf000000 - 0xbfe00000   (  14 MB)
[    0.000000]       .text : 0xc0208000 - 0xc106a508   (14730 kB)
[    0.000000]       .init : 0xc1100000 - 0xc1300000   (2048 kB)
[    0.000000]       .data : 0xc1300000 - 0xc140b080   (1069 kB)
[    0.000000]        .bss : 0xc140d000 - 0xc1461a18   ( 339 kB)
[    0.000000] SLUB: HWalign=64, Order=0-3, MinObjects=0, CPUs=1, Nodes=1
[    0.000000] Hierarchical RCU implementation.
[    0.000000] 	Build-time adjustment of leaf fanout to 32.
[    0.000000] 	RCU restricting CPUs from NR_CPUS=16 to nr_cpu_ids=1.
[    0.000000] RCU: Adjusting geometry for rcu_fanout_leaf=32, nr_cpu_ids=1
[    0.000000] NR_IRQS:16 nr_irqs:16 16
[    0.000000] IRQ: Found an INTC at 0xfa200000 (revision 4.0) with 96 interrupts
[    0.000000] Clocking rate (Crystal/Core/MPU): 19.2/332/500 MHz
[    0.000000] OMAP clockevent source: timer1 at 32768 Hz
[    0.000000] clocksource: 32k_counter: mask: 0xffffffff max_cycles: 0xffffffff, max_idle_ns: 58327039986419 ns
[    0.000030] sched_clock: 32 bits at 32kHz, resolution 30517ns, wraps every 65535999984741ns
[    0.000030] OMAP clocksource: 32k_counter at 32768 Hz
[    0.004669] Console: colour dummy device 80x30
[    0.004730] Calibrating delay loop... 493.97 BogoMIPS (lpj=1234944)
[    0.041625] pid_max: default: 32768 minimum: 301
[    0.041839] Mount-cache hash table entries: 1024 (order: 0, 4096 bytes)
[    0.041870] Mountpoint-cache hash table entries: 1024 (order: 0, 4096 bytes)
[    0.043212] CPU: Testing write buffer coherency: ok
[    0.043731] CPU0: thread -1, cpu 0, socket -1, mpidr 0
[    0.043884] Setting up static identity map for 0x80300000 - 0x80300098
[    0.056457] Brought up 1 CPUs
[    0.056518] SMP: Total of 1 processors activated (493.97 BogoMIPS).
[    0.056579] CPU: All CPU(s) started in SVC mode.
[    0.059234] devtmpfs: initialized
[    0.116912] VFP support v0.3: implementor 41 architecture 3 part 30 variant c rev 1
[    0.119140] clocksource: jiffies: mask: 0xffffffff max_cycles: 0xffffffff, max_idle_ns: 9556302231375000 ns
[    0.124786] pinctrl core: initialized pinctrl subsystem
[    0.129608] NET: Registered protocol family 16
[    0.134368] DMA: preallocated 256 KiB pool for atomic coherent allocations
[    0.171539] omap_hwmod: mcbsp2_sidetone using broken dt data from mcbsp
[    0.172637] omap_hwmod: mcbsp3_sidetone using broken dt data from mcbsp
[    0.234161] cpuidle: using governor menu
[    0.235046] Reprogramming SDRC clock to 332000000 Hz
[    0.247039] OMAP GPIO hardware version 2.5
[    0.259368] irq: no irq domain found for /ocp/l4@48000000/scm@2000/pinmux@30 !
[    0.260192] irq: no irq domain found for /ocp/l4@48000000/scm@2000/pinmux@30 !
[    0.281372] omap-gpmc 6e000000.gpmc: could not find pctldev for node /ocp/l4@48000000/scm@2000/pinmux@30/pinmux_gpmc_pins, deferring probe
[    0.287536] RX-51: Not enabling ARM errata 430973 workaround
[    0.287567] Thumb binaries may crash randomly without this workaround
[    0.287597] RX-51: Registering OMAP3 HWRNG device
[    0.291107] hw-breakpoint: debug architecture 0x4 unsupported.
[    0.293548] omap4_sram_init:Unable to allocate sram needed to handle errata I688
[    0.293579] omap4_sram_init:Unable to get sram pool needed to handle errata I688
[    0.293975] Reserving DMA channels 0 and 1 for HS ROM code
[    0.294006] OMAP DMA hardware revision 4.0
[    0.303985] Serial: AMBA PL011 UART driver
[    0.343872] omap-dma-engine 48056000.dma-controller: OMAP DMA engine driver
[    0.354156] vgaarb: loaded
[    0.356323] SCSI subsystem initialized
[    0.357482] usbcore: registered new interface driver usbfs
[    0.357635] usbcore: registered new interface driver hub
[    0.357788] usbcore: registered new device driver usb
[    0.359466] omap_i2c 48070000.i2c: could not find pctldev for node /ocp/l4@48000000/scm@2000/pinmux@30/pinmux_i2c1_pins, deferring probe
[    0.359527] omap_i2c 48072000.i2c: could not find pctldev for node /ocp/l4@48000000/scm@2000/pinmux@30/pinmux_i2c2_pins, deferring probe
[    0.359619] omap_i2c 48060000.i2c: could not find pctldev for node /ocp/l4@48000000/scm@2000/pinmux@30/pinmux_i2c3_pins, deferring probe
[    0.361480] pps_core: LinuxPPS API ver. 1 registered
[    0.361511] pps_core: Software ver. 5.3.6 - Copyright 2005-2007 Rodolfo Giometti <giometti@linux.it>
[    0.361541] PTP clock support registered
[    0.361968] EDAC MC: Ver: 3.0.0
[    0.367828] clocksource: Switched to clocksource 32k_counter
[    0.392608] NET: Registered protocol family 2
[    0.393890] TCP established hash table entries: 2048 (order: 1, 8192 bytes)
[    0.393981] TCP bind hash table entries: 2048 (order: 2, 16384 bytes)
[    0.394042] TCP: Hash tables configured (established 2048 bind 2048)
[    0.394195] UDP hash table entries: 256 (order: 1, 8192 bytes)
[    0.394226] UDP-Lite hash table entries: 256 (order: 1, 8192 bytes)
[    0.394531] NET: Registered protocol family 1
[    0.395202] RPC: Registered named UNIX socket transport module.
[    0.395202] RPC: Registered udp transport module.
[    0.395233] RPC: Registered tcp transport module.
[    0.395233] RPC: Registered tcp NFSv4.1 backchannel transport module.
[    0.399932] hw perfevents: enabled with armv7_cortex_a8 PMU driver, 5 counters available
[    0.404724] futex hash table entries: 256 (order: 2, 16384 bytes)
[    0.406585] workingset: timestamp_bits=28 max_order=16 bucket_order=0
[    0.433593] squashfs: version 4.0 (2009/01/31) Phillip Lougher
[    0.435821] NFS: Registering the id_resolver key type
[    0.435913] Key type id_resolver registered
[    0.435943] Key type id_legacy registered
[    0.436035] ntfs: driver 2.1.32 [Flags: R/O].
[    0.439727] Block layer SCSI generic (bsg) driver version 0.4 loaded (major 248)
[    0.439758] io scheduler noop registered
[    0.439758] io scheduler deadline registered
[    0.439819] io scheduler cfq registered (default)
[    0.451751] pinctrl-single 48002030.pinmux: 284 pins at pa fa002030 size 568
[    0.452270] pinctrl-single 48002a00.pinmux: 46 pins at pa fa002a00 size 92
[    0.453002] pinctrl-single 480025d8.pinmux: 18 pins at pa fa0025d8 size 36
[    0.623687] Serial: 8250/16550 driver, 4 ports, IRQ sharing disabled
[    0.630126] SuperH (H)SCI(F) driver initialized
[    0.632324] msm_serial: driver initialized
[    0.633392] 4806c000.serial: ttyO1 at MMIO 0x4806c000 (irq = 89, base_baud = 3000000) is a OMAP UART1
[    0.634765] 49020000.serial: ttyO2 at MMIO 0x49020000 (irq = 90, base_baud = 3000000) is a OMAP UART2
[    2.152770] console [ttyO2] enabled
[    2.161041] STMicroelectronics ASC driver initialized
[    2.175933] omap3_rom_rng: initializing
[    2.192718] [drm] Initialized drm 1.1.0 20060810
[    2.240051] brd: module loaded
[    2.260864] loop: module loaded
[    2.295379] CAN device driver interface
[    2.307464] igb: Intel(R) Gigabit Ethernet Network Driver - version 5.3.0-k
[    2.321929] igb: Copyright (c) 2007-2014 Intel Corporation.
[    2.340393] pegasus: v0.9.3 (2013/04/25), Pegasus/Pegasus II USB Ethernet driver
[    2.355957] usbcore: registered new interface driver pegasus
[    2.367858] usbcore: registered new interface driver asix
[    2.379180] usbcore: registered new interface driver ax88179_178a
[    2.391937] usbcore: registered new interface driver cdc_ether
[    2.404235] usbcore: registered new interface driver smsc75xx
[    2.416320] usbcore: registered new interface driver smsc95xx
[    2.428375] usbcore: registered new interface driver net1080
[    2.440216] usbcore: registered new interface driver cdc_subset
[    2.452636] usbcore: registered new interface driver zaurus
[    2.464385] usbcore: registered new interface driver cdc_ncm
[    2.480590] ehci_hcd: USB 2.0 'Enhanced' Host Controller (EHCI) Driver
[    2.494201] ehci-pci: EHCI PCI platform driver
[    2.503540] ehci-platform: EHCI generic platform driver
[    2.514892] ehci-omap: OMAP-EHCI Host Controller driver
[    2.526489] ehci-omap 48064800.ehci: EHCI Host Controller
[    2.537780] ehci-omap 48064800.ehci: new USB bus registered, assigned bus number 1
[    2.554107] ehci-omap 48064800.ehci: irq 93, io mem 0x48064800
[    2.573028] ehci-omap 48064800.ehci: USB 2.0 started, EHCI 1.00
[    2.587280] hub 1-0:1.0: USB hub found
[    2.595275] hub 1-0:1.0: 3 ports detected
[    2.604980] ehci-orion: EHCI orion driver
[    2.613922] SPEAr-ehci: EHCI SPEAr driver
[    2.622680] ehci-st: EHCI STMicroelectronics driver
[    2.633178] ehci-exynos: EHCI EXYNOS driver
[    2.642272] ehci-atmel: EHCI Atmel driver
[    2.650939] tegra-ehci: Tegra EHCI driver
[    2.659667] ohci_hcd: USB 1.1 'Open' Host Controller (OHCI) Driver
[    2.672546] ohci-pci: OHCI PCI platform driver
[    2.681945] ohci-platform: OHCI generic platform driver
[    2.693237] ohci-omap3: OHCI OMAP3 driver
[    2.702178] ohci-omap3 48064400.ohci: OHCI Host Controller
[    2.713684] ohci-omap3 48064400.ohci: new USB bus registered, assigned bus number 2
[    2.735290] ohci-omap3 48064400.ohci: irq 92, io mem 0x48064400
[    2.819793] hub 2-0:1.0: USB hub found
[    2.827758] hub 2-0:1.0: 3 ports detected
[    2.837371] SPEAr-ohci: OHCI SPEAr driver
[    2.846374] ohci-st: OHCI STMicroelectronics driver
[    2.856964] ohci-atmel: OHCI Atmel driver
[    2.867126] usbcore: registered new interface driver usb-storage
[    2.883422] mousedev: PS/2 mouse device common for all mice
[    2.903503] i2c /dev entries driver
[    2.938079] sdhci: Secure Digital Host Controller Interface driver
[    2.950958] sdhci: Copyright(c) Pierre Ossman
[    2.962402] omap_hsmmc 4809c000.mmc: Got CD GPIO
[    2.976074] Synopsys Designware Multimedia Card Interface Driver
[    2.990997] sdhci-pltfm: SDHCI platform and OF driver helper
[    3.008117] ledtrig-cpu: registered to indicate activity on CPUs
[    3.021881] usbcore: registered new interface driver usbhid
[    3.033477] usbhid: USB HID core driver
[    3.054443] NET: Registered protocol family 10
[    3.066070] sit: IPv6 over IPv4 tunneling driver
[    3.077301] NET: Registered protocol family 17
[    3.086608] can: controller area network core (rev 20120528 abi 9)
[    3.099639] NET: Registered protocol family 29
[    3.108886] can: raw protocol (rev 20120528)
[    3.117736] can: broadcast manager protocol (rev 20120528 t)
[    3.129486] can: netlink gateway (rev 20130117) max_hops=1
[    3.142059] Key type dns_resolver registered
[    3.151458] omap2_set_init_voltage: unable to find boot up OPP for vdd_mpu_iva
[    3.166473] omap2_set_init_voltage: unable to set vdd_mpu_iva
[    3.178405] omap2_set_init_voltage: unable to find boot up OPP for vdd_core
[    3.192840] omap2_set_init_voltage: unable to set vdd_core
[    3.208251] ThumbEE CPU extension supported.
[    3.217132] Registering SWP/SWPB emulation handler
[    3.231231] omap-gpmc 6e000000.gpmc: GPMC revision 5.0
[    3.242004] gpmc_mem_init: disabling cs 0 mapped at 0x0-0x1000000
[    3.269927] twl 1-0048: PIH (irq 23) chaining IRQs 338..346
[    3.281707] twl 1-0048: power (irq 343) chaining IRQs 346..353
[    3.297790] twl_rtc 48070000.i2c:twl@48:rtc: Power up reset detected.
[    3.311431] twl_rtc 48070000.i2c:twl@48:rtc: Enabling TWL-RTC
[    3.326538] twl_rtc 48070000.i2c:twl@48:rtc: rtc core: registered 48070000.i2c:twl@48 as rtc0
[    3.380584] V28_A: Bringing 2600000uV into 2800000-2800000uV
[    3.408538] twl4030_gpio twl4030-gpio: gpio (irq 338) chaining IRQs 354..371
[    3.495788] omap_i2c 48070000.i2c: bus 1 rev3.3 at 2200 kHz
[    3.513488] omap_i2c 48072000.i2c: bus 2 rev3.3 at 100 kHz
[    3.527770] omap_i2c 48060000.i2c: bus 3 rev3.3 at 400 kHz
[    3.545440] omap_hsmmc 4809c000.mmc: Got CD GPIO
[    3.635803] input: gpio_keys as /devices/platform/gpio_keys/input/input0
[    3.655548] twl_rtc 48070000.i2c:twl@48:rtc: setting system clock to 2000-01-01 00:00:00 UTC (946684800)
[    3.695861] VCSI: disabling
[    3.703094] VDAC: disabling
[    3.710845] VUSB1V5: disabling
[    3.720184] VUSB1V8: disabling
[    3.727569] VUSB3V1: disabling
[    3.734069] mmc0: host does not support reading read-only switch, assuming write-enable
[    3.752868] Waiting for root device /dev/mmcblk0p2...
[    3.763732] mmc0: new high speed SD card at address fdd9
[    3.775970] mmcblk0: mmc0:fdd9 SD02G 1.88 GiB 
[    3.787139]  mmcblk0: p1 p2
[    3.869659] EXT4-fs (mmcblk0p2): mounting ext3 file system using the ext4 subsystem
[    3.902374] mmc1: switch to bus width 8 failed
[    3.912414] mmc1: switch to bus width 4 failed
[    3.921661] mmc1: new high speed MMC card at address 0001
[    3.934082] mmcblk1: mmc1:0001 MMC32G 29.8 GiB 
[    3.944122] mmcblk1boot0: mmc1:0001 MMC32G partition 1 512 KiB
[    3.956817] mmcblk1boot1: mmc1:0001 MMC32G partition 2 512 KiB
[    3.996246] EXT4-fs (mmcblk0p2): mounted filesystem with ordered data mode. Opts: (null)
[    4.013153] VFS: Mounted root (ext3 filesystem) on device 179:2.
[    4.035797] devtmpfs: mounted
[    4.048675] Freeing unused kernel memory: 2048K (c1100000 - c1300000)
INIT: version 2.88 booting
Error opening /dev/fb0: No such file or directory
/dev/ttyO2 linked to /dev/tty-bd - using as console
Starting udev
[    5.024261] udevd[137]: starting version 182
[   11.316253] FAT-fs (mmcblk0p1): Volume was not properly unmounted. Some data may be corrupt. Please run fsck.
ERROR: could not open directory /lib/modules/4.6.0-rc5-next-20160427-00002-gff88716e65a5: No such file or directory
WARNING: -e needs -E or -F
ERROR: could not open directory /lib/modules/4.6.0-rc5-next-20160427-00002-gff88716e65a5: No such file or directory
FATAL: could not search modules: No such file or directory
Starting Bootlog daemon: bootlogd.
[   12.740936] EXT4-fs (mmcblk0p2): re-mounted. Opts: data=ordered
[   12.834716] random: dd urandom read with 106 bits of entropy available
ALSA: Restoring mixer settings...
/usr/sbin/alsactl: load_state:1696: No soundcards found...
Configuring network interfaces... ifconfig: SIOCGIFFLAGS: No such device
done.
Thu Dec 24 15:21:00 UTC 2015
INIT: Entering runlevel: 3
/dev/ttyO2 linked to /dev/tty-bd - using as console
Starting system message bus: dbus.
Starting Dropbear SSH server: dropbear.
Starting telnet daemon.
Starting syslogd/klogd: done
Starting thttpd.
Starting Lighttpd Web Server: lighttpd.
2015-12-24 15:21:01: (log.c.166) server started 
[   15.024658] random: nonblocking pool is initialized
***************************************************************
***************************************************************
NOTICE: This file system contains the followin GPLv3 packages:
	binutils-symlinks
	binutils
	gdbserver
	parted
If you do not wish to distribute GPLv3 components please remove
the above packages prior to distribution.  This can be done using
the opkg remove command.  i.e.:
    opkg remove <package>
Where <package> is the name printed in the list above
NOTE: If the package is a dependency of another package you
      will be notified of the dependent packages.  You should
      use the --force-removal-of-dependent-packages option to
      also remove the dependent packages as well
***************************************************************
***************************************************************
Stopping Bootlog daemon: bootlogd.
 _____                    _____           _         _   
|  _  |___ ___ ___ ___   |  _  |___ ___  |_|___ ___| |_ 
|     |  _| .'| . | . |  |   __|  _| . | | | -_|  _|  _|
|__|__|_| |__,|_  |___|  |__|  |_| |___|_| |___|___|_|  
              |___|                    |___|            
Arago Project http://arago-project.org NokiaRX-51board tty-bd
Arago 2013.12 NokiaRX-51board tty-bd
NokiaRX-51board login: 
- 07:50:51 [INFO] Host: root
- 07:50:52 [INFO] Target: 
root
root@NokiaRX-51board:~# 
- 07:50:52 [INFO] Disconnected serial from n900
- 07:50:52 [INFO] Connected to n900 via serial 
- 07:50:52 [INFO] Host: uname -a
- 07:50:52 [INFO] Target: 
uname -a
Linux NokiaRX-51board 4.6.0-rc5-next-20160427-00002-gff88716e65a5 #1 SMP Wed Apr 27 07:21:41 CDT 2016 armv7l GNU/Linux
root@NokiaRX-51board:~# 
- 07:50:52 [INFO] Host: cat /proc/cmdline
- 07:50:52 [INFO] Target: 
cat /proc/cmdline
console=ttyO2,57600n8 vram=16M earlyprintk=serial,ttyO2,115200n8 rootwait  root=/dev/mmcblk0p2 rw rootfstype=ext3 rootwait 
root@NokiaRX-51board:~# 
- 07:50:52 [INFO] Host: uname -a
- 07:50:52 [INFO] Target: 
uname -a
Linux NokiaRX-51board 4.6.0-rc5-next-20160427-00002-gff88716e65a5 #1 SMP Wed Apr 27 07:21:41 CDT 2016 armv7l GNU/Linux
root@NokiaRX-51board:~# 
- 07:50:52 [INFO] Host: cat /proc/mtd
- 07:50:52 [INFO] Target: 
cat /proc/mtd
dev:    size   erasesize  name
root@NokiaRX-51board:~# 
- 07:50:54 [INFO] Host: export IPERFHOST=192.168.1.254
- 07:50:54 [INFO] Target: 
export IPERFHOST=192.168.1.254
root@NokiaRX-51board:~# 
- 07:50:54 [INFO] Host: export NFS_SERVER=192.168.1.254
- 07:50:54 [INFO] Target: 
export NFS_SERVER=192.168.1.254
root@NokiaRX-51board:~# 
- 07:50:54 [INFO] Host: export NFS_ROOT_PATH=/home/NFS_exports/n900
- 07:50:54 [INFO] Target: 
export NFS_ROOT_PATH=/home/NFS_exports/n900
root@NokiaRX-51board:~# 
- 07:50:54 [INFO] Host: export AP_SSID=
- 07:50:54 [INFO] Target: 
export AP_SSID=
root@NokiaRX-51board:~# 
- 07:50:54 [INFO] Host: mkdir -p -m 777 /test
- 07:50:54 [INFO] Target: 
mkdir -p -m 777 /test
root@NokiaRX-51board:~# 
- 07:50:54 [INFO] Host: cd /test
- 07:50:54 [INFO] Target: 
cd /test
root@NokiaRX-51board:/test# 
- 07:50:54 [INFO] Host: cat > test.sh << EOF
- 07:50:54 [INFO] Target: 
cat > test.sh << EOF
- 07:50:54 [INFO] Host: failtest() {
- 07:50:54 [INFO] Target: 
failtest() {
- 07:50:54 [INFO] Host:   echo 1 >&3
- 07:50:55 [INFO] Target: 
  echo 1 >&3
- 07:50:55 [INFO] Host: }
- 07:50:55 [INFO] Target: 
- 07:50:55 [INFO] Host: timeout=600
- 07:50:55 [INFO] Target: 
timeout=600
- 07:50:55 [INFO] Host: 
- 07:50:55 [INFO] Target: 
- 07:50:55 [INFO] Host: # Start of user's script logic
- 07:50:55 [INFO] Target: 
# Start of user's script logic
- 07:50:55 [INFO] Host: mount -t proc proc /proc 2>/dev/null;
- 07:50:55 [INFO] Target: 
mount -t proc proc /proc 2>/dev/null;
- 07:50:55 [INFO] Host: 
- 07:50:55 [INFO] Target: 
- 07:50:55 [INFO] Host: mount -t sysfs sys /sys 2>/dev/null;
- 07:50:55 [INFO] Target: 
mount -t sysfs sys /sys 2>/dev/null;
- 07:50:55 [INFO] Host: 
- 07:50:55 [INFO] Target: 
- 07:50:55 [INFO] Host: mount -t debugfs none /sys/kernel/debug 2>/dev/null;
- 07:50:55 [INFO] Target: 
mount -t debugfs none /sys/kernel/debug 2>/dev/null;
- 07:50:55 [INFO] Host: 
- 07:50:56 [INFO] Target: 
- 07:50:56 [INFO] Host: echo 'cpuinfo:';cat /proc/cpuinfo; echo '=======';
- 07:50:56 [INFO] Target: 
echo 'cpuinfo:';cat /proc/cpuinfo; echo '=======';
- 07:50:56 [INFO] Host: 
- 07:50:56 [INFO] Target: 
- 07:50:56 [INFO] Host: echo 'soc info:';head /sys/devices/soc0/* 2>/dev/null; echo '=======';
- 07:50:56 [INFO] Target: 
echo 'soc info:';head /sys/devices/soc0/* 2>/dev/null; echo '=======';
- 07:50:56 [INFO] Host: 
- 07:50:56 [INFO] Target: 
- 07:50:56 [INFO] Host: echo 'DT Model info'; head /proc/device-tree/name /proc/device-tree/model /proc/device-tree/compatible 2>/dev/null;echo; echo '=======';
- 07:50:56 [INFO] Target: 
echo 'DT Model info'; head /proc/device-tree/name /proc/device-tree/model /pro 
c/device-tree/compatible 2>/dev/null;echo; echo '=======';
- 07:50:56 [INFO] Host: 
- 07:50:56 [INFO] Target: 
- 07:50:56 [INFO] Host: echo 'interrupts:';cat /proc/interrupts; echo '=======';
- 07:50:56 [INFO] Target: 
echo 'interrupts:';cat /proc/interrupts; echo '=======';
- 07:50:56 [INFO] Host: 
- 07:50:56 [INFO] Target: 
- 07:50:56 [INFO] Host: echo 'Clk_summary:';cat /sys/kernel/debug/clk/clk_summary; echo '=======';
- 07:50:56 [INFO] Target: 
echo 'Clk_summary:';cat /sys/kernel/debug/clk/clk_summary; echo '=======';
- 07:50:56 [INFO] Host: 
- 07:50:57 [INFO] Target: 
- 07:50:57 [INFO] Host: echo "Available frequencies"; cat /sys/devices/system/cpu/cpu0/cpufreq/scaling_available_frequencies 2>/dev/null;echo '=======';
- 07:50:57 [INFO] Target: 
echo "Available frequencies"; cat /sys/devices/system/cpu/cpu0/cpufreq/scaling 
_available_frequencies 2>/dev/null;echo '=======';
- 07:50:57 [INFO] Host: 
- 07:50:57 [INFO] Target: 
- 07:50:57 [INFO] Host: TMPF=/tmp/a.\$\$; TMPF2=/tmp/b.\$\$; STR=""
- 07:50:57 [INFO] Target: 
TMPF=/tmp/a.\$\$; TMPF2=/tmp/b.\$\$; STR=""
- 07:50:57 [INFO] Host: 
- 07:50:57 [INFO] Target: 
- 07:50:57 [INFO] Host: cp /dev/kmsg \$TMPF &
- 07:50:57 [INFO] Target: 
cp /dev/kmsg \$TMPF &
- 07:50:57 [INFO] Host: 
- 07:50:57 [INFO] Target: 
- 07:50:57 [INFO] Host: PID=\$! ; sleep 5; kill -9 \$PID
- 07:50:57 [INFO] Target: 
PID=\$! ; sleep 5; kill -9 \$PID
- 07:50:57 [INFO] Host: 
- 07:50:57 [INFO] Target: 
- 07:50:57 [INFO] Host: 
- 07:50:57 [INFO] Target: 
- 07:50:57 [INFO] Host: 
- 07:50:58 [INFO] Target: 
- 07:50:58 [INFO] Host: cat \$TMPF|grep "^0">\$TMPF2; N=\`cat \$TMPF2|wc -l\`; if [ "\$N" -ne 0 ]; then STR="\$STR emerg=\$N";echo "===== EMERGE++";cat \$TMPF2|cut -d ';' -f2;echo "====="; fi
- 07:50:58 [INFO] Target: 
cat \$TMPF|grep "^0">\$TMPF2; N=\`cat \$TMPF2|wc -l\`; if [ "\$N" -ne 0 ]; the 
n STR="\$STR emerg=\$N";echo "===== EMERGE++";cat \$TMPF2|cut -d ';' -f2;echo "= 
===="; fi
- 07:50:58 [INFO] Host: 
- 07:50:58 [INFO] Target: 
- 07:50:58 [INFO] Host: cat \$TMPF|grep "^1">\$TMPF2; N=\`cat \$TMPF2|wc -l\`; if [ "\$N" -ne 0 ]; then STR="\$STR alert=\$N";echo "===== ALERT ==";cat \$TMPF2|cut -d ';' -f2;echo "====="; fi
- 07:50:58 [INFO] Target: 
cat \$TMPF|grep "^1">\$TMPF2; N=\`cat \$TMPF2|wc -l\`; if [ "\$N" -ne 0 ]; the 
n STR="\$STR alert=\$N";echo "===== ALERT ==";cat \$TMPF2|cut -d ';' -f2;echo "= 
===="; fi
- 07:50:58 [INFO] Host: 
- 07:50:58 [INFO] Target: 
- 07:50:58 [INFO] Host: cat \$TMPF|grep "^2">\$TMPF2; N=\`cat \$TMPF2|wc -l\`; if [ "\$N" -ne 0 ]; then STR="\$STR crit=\$N";echo "===== CRIT ==";cat \$TMPF2|cut -d ';' -f2;echo "====="; fi
- 07:50:58 [INFO] Target: 
cat \$TMPF|grep "^2">\$TMPF2; N=\`cat \$TMPF2|wc -l\`; if [ "\$N" -ne 0 ]; the 
n STR="\$STR crit=\$N";echo "===== CRIT ==";cat \$TMPF2|cut -d ';' -f2;echo "=== 
=="; fi
- 07:50:58 [INFO] Host: 
- 07:50:58 [INFO] Target: 
- 07:50:58 [INFO] Host: cat \$TMPF|grep "^3">\$TMPF2; N=\`cat \$TMPF2|wc -l\`; if [ "\$N" -ne 0 ]; then STR="\$STR err=\$N";echo "===== ERR ==";cat \$TMPF2|cut -d ';' -f2;echo "=====" ;fi
- 07:50:58 [INFO] Target: 
cat \$TMPF|grep "^3">\$TMPF2; N=\`cat \$TMPF2|wc -l\`; if [ "\$N" -ne 0 ]; the 
n STR="\$STR err=\$N";echo "===== ERR ==";cat \$TMPF2|cut -d ';' -f2;echo "===== 
" ;fi
- 07:50:58 [INFO] Host: 
- 07:50:58 [INFO] Target: 
- 07:50:58 [INFO] Host: cat \$TMPF|grep "^4">\$TMPF2; N=\`cat \$TMPF2|wc -l\`; if [ "\$N" -ne 0 ]; then STR="\$STR warn=\$N";echo "===== WARN ==";cat \$TMPF2|cut -d ';' -f2;echo "=====" ;fi
- 07:50:58 [INFO] Target: 
cat \$TMPF|grep "^4">\$TMPF2; N=\`cat \$TMPF2|wc -l\`; if [ "\$N" -ne 0 ]; the 
n STR="\$STR warn=\$N";echo "===== WARN ==";cat \$TMPF2|cut -d ';' -f2;echo "=== 
==" ;fi
- 07:50:58 [INFO] Host: 
- 07:50:59 [INFO] Target: 
- 07:50:59 [INFO] Host: rm \$TMPF \$TMPF2; echo "SUM""MARY RESULT: BOOT:" 'PASS: H''ello World' 'B''oard' "Booted" "Boot Log has::::\$STR:"
- 07:50:59 [INFO] Target: 
rm \$TMPF \$TMPF2; echo "SUM""MARY RESULT: BOOT:" 'PASS: H''ello World' 'B''oa 
rd' "Booted" "Boot Log has::::\$STR:"
- 07:50:59 [INFO] Host: 
- 07:50:59 [INFO] Target: 
- 07:50:59 [INFO] Host: EOF
- 07:50:59 [INFO] Target: 
root@NokiaRX-51board:/test# 
- 07:50:59 [INFO] Host: cd /test
- 07:50:59 [INFO] Target: 
cd /test
root@NokiaRX-51board:/test# 
- 07:50:59 [INFO] Host: chmod +x test.sh
- 07:50:59 [INFO] Target: 
chmod +x test.sh
root@NokiaRX-51board:/test# 
- 07:50:59 [INFO] Host: ./test.sh 2> stderr.log > stdout.log 3> result.log
- 07:51:05 [INFO] Target: 
./test.sh 2> stderr.log > stdout.log 3> result.log
root@NokiaRX-51board:/test# 
- 07:51:05 [INFO] Host: echo $?
- 07:51:05 [INFO] Target: 
echo $?
root@NokiaRX-51board:/test# 
- 07:51:05 [INFO] Host: cd /test
- 07:51:05 [INFO] Target: 
cd /test
root@NokiaRX-51board:/test# 
- 07:51:05 [INFO] Host: cat stdout.log
- 07:51:10 [INFO] Target: 
cat stdout.log
cpuinfo:
processor	: 0
model name	: ARMv7 Processor rev 3 (v7l)
BogoMIPS	: 246.98
Features	: half thumb fastmult vfp edsp thumbee neon vfpv3 tls vfpd32 
CPU implementer	: 0x41
CPU architecture: 7
CPU variant	: 0x1
CPU part	: 0xc08
CPU revision	: 3
Hardware	: Nokia RX-51 board
Revision	: 2201
Serial		: 0000000000000000
=======
soc info:
==> /sys/devices/soc0/family <==
OMAP3
==> /sys/devices/soc0/machine <==
OMAP3430/3530
==> /sys/devices/soc0/power <==
==> /sys/devices/soc0/revision <==
ES3.1
==> /sys/devices/soc0/subsystem <==
==> /sys/devices/soc0/type <==
==> /sys/devices/soc0/uevent <==
=======
DT Model info
==> /proc/device-tree/name <==
==> /proc/device-tree/model <==
Nokia N900
==> /proc/device-tree/compatible <==
nokia,omap3-n900ti,omap3430ti,omap3
=======
interrupts:
           CPU0       
 23:          0      INTC   7 Edge      TWL4030-PIH
 25:          0      INTC   9 Edge      l3-debug-irq
 26:          0      INTC  10 Edge      l3-app-irq
 28:          0      INTC  12 Edge      DMA
 29:       2186      INTC  13 Edge      omap-dma-engine
 36:          0      INTC  20 Edge      gpmc
 45:          0      INTC  29 Edge      48310000.gpio
 46:          0      INTC  30 Edge      49050000.gpio
 47:          0      INTC  31 Edge      49052000.gpio
 48:          0      INTC  32 Edge      49054000.gpio
 49:          0      INTC  33 Edge      49056000.gpio
 50:          0      INTC  34 Edge      49058000.gpio
 53:       3350      INTC  37 Edge      gp_timer
 72:       1269      INTC  56 Edge      48070000.i2c
 73:          0      INTC  57 Edge      48072000.i2c
 77:          0      INTC  61 Edge      48060000.i2c
 90:       6973      INTC  74 Edge      OMAP UART2
 92:          1      INTC  76 Edge      ohci_hcd:usb2
 93:          0      INTC  77 Edge      ehci_hcd:usb1
 99:       4187      INTC  83 Edge      mmc0
102:        360      INTC  86 Edge      mmc1
180:          0  49052000.gpio   4 Edge      Camera Focus
181:          0  49052000.gpio   5 Edge      Camera Capture
183:          0  49052000.gpio   7 Edge      Keypad Slide
201:          0  49052000.gpio  25 Edge      Proximity Sensor
222:          0  49054000.gpio  14 Edge      Camera Lens Cover
225:          0  49054000.gpio  17 Edge      Lock Button
272:          0  49058000.gpio   0 Edge      4809c000.mmc cd
304:        332      PRCM Edge      pm_wkup
313:          0      PRCM Edge      pinctrl, pinctrl, pm_io
337:          0   pinctrl 366 Edge      49020000.serial
338:          0   twl4030   0 Edge      twl4030_gpio
343:          0   twl4030   5 Edge      twl4030_power
349:          0   twl4030  11 Edge      rtc0
IPI0:          0  CPU wakeup interrupts
IPI1:          0  Timer broadcast interrupts
IPI2:          0  Rescheduling interrupts
IPI3:          0  Function call interrupts
IPI4:          0  CPU stop interrupts
IPI5:          0  IRQ work interrupts
IPI6:          0  completion interrupts
Err:          0
=======
Clk_summary:
   clock                         enable_cnt  prepare_cnt        rate   accuracy   phase
----------------------------------------------------------------------------------------
 secure_32k_fck                           0            0       32768          0 0  
    wdt1_fck                              0            0       32768          0 0  
    gpt12_fck                             0            0       32768          0 0  
 dummy_ck                                 0            0           0          0 0  
 mcbsp_clks                               0            5           0          0 0  
 sys_altclk                               0            0           0          0 0  
 virt_38_4m_ck                            0            0    38400000          0 0  
 virt_26000000_ck                         0            0    26000000          0 0  
 virt_19200000_ck                         1            1    19200000          0 0  
    osc_sys_ck                            1            1    19200000          0 0  
       sys_clkout1                        0            0    19200000          0 0  
       sys_ck                             4           18    19200000          0 0  
          gpt9_fck                        0            1    19200000          0 0  
          gpt8_fck                        0            1    19200000          0 0  
          gpt7_fck                        0            1    19200000          0 0  
          gpt6_fck                        0            1    19200000          0 0  
          gpt5_fck                        0            1    19200000          0 0  
          gpt4_fck                        0            1    19200000          0 0  
          gpt3_fck                        0            1    19200000          0 0  
          gpt2_fck                        0            1    19200000          0 0  
          cpefuse_fck                     0            0    19200000          0 0  
          dpll5_ck                        1            1   120000000          0 0  
             dpll5_m2_ck                  1            1   120000000          0 0  
                dpll5_m2_d20_ck           0            0     6000000          0 0  
                dpll5_m2_d16_ck           0            0     7500000          0 0  
                dpll5_m2_d8_ck            0            0    15000000          0 0  
                dpll5_m2_d4_ck            0            0    30000000          0 0  
                usbhost_120m_fck           0            0   120000000          0 0  
                usbtll_fck                1            1   120000000          0 0  
          sys_d2_ck                       0            0     9600000          0 0  
             usim_fck                     0            0     9600000          0 0  
          modem_fck                       0            0    19200000          0 0  
          dpll2_ck                        0            1   249600000          0 0  
             dpll2_m2_ck                  0            1   249600000          0 0  
                iva2_ck                   0            2   249600000          0 0  
          sr2_fck                         0            1    19200000          0 0  
          sr1_fck                         0            1    19200000          0 0  
          traceclk_src_fck                0            0    19200000          0 0  
             traceclk_fck                 0            0    19200000          0 0  
          emu_src_mux_ck                  0            1    19200000          0 0  
             emu_src_ck                   0            1    19200000          0 0  
                atclk_fck                 0            0    19200000          0 0  
                pclkx2_fck                0            0    19200000          0 0  
                pclk_fck                  0            0     9600000          0 0  
          dss2_alwon_fck                  0            2    19200000          0 0  
          dpll1_ck                        0            1   249600000          0 0  
             dpll1_x2_ck                  0            1   499200000          0 0  
                dpll1_x2m2_ck             0            1   499200000          0 0  
                   mpu_ck                 0            1   499200000          0 0  
                      emu_mpu_alwon_ck           0            0   499200000          0 0  
                      arm_fck             0            1   249600000          0 0  
          dpll3_ck                        1            1   664000000          0 0  
             dpll3_x2_ck                  0            0  1328000000          0 0  
             dpll3_m2_ck                  1            2   332000000          0 0  
                dpll3_m2x2_ck             0            1   664000000          0 0  
                   corex2_fck             0            1   664000000          0 0  
                      ssi_ssr_fck_3430es2           0            1   221333334          0 0  
                         ssi_sst_fck_3430es2           0            0   110666667          0 0  
                      corex2_d5_fck           0            0   132800000          0 0  
                      corex2_d3_fck           0            0   221333333          0 0  
                core_ck                   1            1   332000000          0 0  
                   core_d2_ck             0            0   166000000          0 0  
                   core_d6_ck             0            0    55333333          0 0  
                   core_d4_ck             0            0    83000000          0 0  
                   core_d3_ck             0            0   110666666          0 0  
                      sgx_fck             0            0   110666666          0 0  
                   dpll2_fck              0            0   332000000          0 0  
                   l3_ick                 2            3   166000000          0 0  
                      sgx_ick             0            0   166000000          0 0  
                      mad2d_ick           0            0   166000000          0 0  
                      sad2d_ick           0            1   166000000          0 0  
                      security_l3_ick           0            0   166000000          0 0  
                         pka_ick           0            0   166000000          0 0  
                      core_l3_ick           8           10   166000000          0 0  
                         hsotgusb_ick_3430es2           0            1   166000000          0 0  
                         gpmc_fck           2            2   166000000          0 0  
                         sdrc_ick           1            1   166000000          0 0  
                      l4_ick              7            8    83000000          0 0  
                         usbhost_ick           1            1    83000000          0 0  
                         dss_ick_3430es2           4            6    83000000          0 0  
                         sr_l4_ick           2            2    83000000          0 0  
                         ssi_l4_ick           1            1    83000000          0 0  
                            ssi_ick_3430es2           1            1    83000000          0 0  
                         cam_ick           0            1    83000000          0 0  
                         security_l4_ick2           0            0    83000000          0 0  
                            des1_ick           0            0    83000000          0 0  
                            sha11_ick           0            0    83000000          0 0  
                            rng_ick           0            0    83000000          0 0  
                            aes1_ick           0            0    83000000          0 0  
                         per_l4_ick          16           17    83000000          0 0  
                            mcbsp4_ick           1            1    83000000          0 0  
                            mcbsp3_ick           2            2    83000000          0 0  
                            mcbsp2_ick           2            2    83000000          0 0  
                            gpt2_ick           1            1    83000000          0 0  
                            gpt3_ick           1            1    83000000          0 0  
                            gpt4_ick           1            1    83000000          0 0  
                            gpt5_ick           1            1    83000000          0 0  
                            gpt6_ick           1            1    83000000          0 0  
                            gpt7_ick           1            1    83000000          0 0  
                            gpt8_ick           1            1    83000000          0 0  
                            gpt9_ick           1            1    83000000          0 0  
                            uart4_ick           0            0    83000000          0 0  
                            uart3_ick           1            1    83000000          0 0  
                            wdt3_ick           0            0    83000000          0 0  
                            gpio2_ick           1            1    83000000          0 0  
                            gpio3_ick           1            1    83000000          0 0  
                            gpio4_ick           1            1    83000000          0 0  
                            gpio5_ick           0            1    83000000          0 0  
                            gpio6_ick           1            1    83000000          0 0  
                         core_l4_ick          20           22    83000000          0 0  
                            mmchs3_ick           1            1    83000000          0 0  
                            usbtll_ick           1            1    83000000          0 0  
                            mailboxes_ick           0            1    83000000          0 0  
                            mspro_ick           0            0    83000000          0 0  
                            des2_ick           0            0    83000000          0 0  
                            icr_ick           0            0    83000000          0 0  
                            sha12_ick           1            2    83000000          0 0  
                            aes2_ick           0            0    83000000          0 0  
                            omapctrl_ick           1            1    83000000          0 0  
                            mcbsp1_ick           1            1    83000000          0 0  
                            mcbsp5_ick           1            1    83000000          0 0  
                            gpt10_ick           1            1    83000000          0 0  
                            gpt11_ick           1            1    83000000          0 0  
                            uart1_ick           1            1    83000000          0 0  
                            uart2_ick           1            1    83000000          0 0  
                            i2c1_ick           1            1    83000000          0 0  
                            i2c2_ick           1            1    83000000          0 0  
                            i2c3_ick           1            1    83000000          0 0  
                            mcspi1_ick           1            1    83000000          0 0  
                            mcspi2_ick           1            1    83000000          0 0  
                            mcspi3_ick           1            1    83000000          0 0  
                            mcspi4_ick           1            1    83000000          0 0  
                            hdq_ick           0            1    83000000          0 0  
                            mmchs1_ick           1            1    83000000          0 0  
                            mmchs2_ick           1            1    83000000          0 0  
                         rm_ick           0            0    41500000          0 0  
                   dpll1_fck              0            0   166000000          0 0  
             dpll3_m3_ck                  0            0   221333334          0 0  
                dpll3_m3x2_mul_ck           0            0   442666668          0 0  
                   dpll3_m3x2_ck           0            0   442666668          0 0  
                      emu_core_alwon_ck           0            0   442666668          0 0  
          dpll4_ck                        1            3   432000000          0 0  
             dpll4_x2_ck                  0            0   864000000          0 0  
             dpll4_m6_ck                  0            0   144000000          0 0  
                dpll4_m6x2_mul_ck           0            0   288000000          0 0  
                   dpll4_m6x2_ck           0            0   288000000          0 0  
                      emu_per_alwon_ck           0            0   288000000          0 0  
             dpll4_m5_ck                  0            0   108000000          0 0  
                dpll4_m5x2_mul_ck           0            0   216000000          0 0  
                   dpll4_m5x2_ck           0            0   216000000          0 0  
                      cam_mclk            0            0   216000000          0 0  
             dpll4_m4_ck                  0            1    48000000          0 0  
                dpll4_m4x2_mul_ck           0            1    96000000          0 0  
                   dpll4_m4x2_ck           0            1    96000000          0 0  
                      dss1_alwon_fck_3430es2           0            4    96000000          0 0  
             dpll4_m3_ck                  0            1    27000000          0 0  
                dpll4_m3x2_mul_ck           0            1    54000000          0 0  
                   dpll4_m3x2_ck           0            1    54000000          0 0  
                      omap_54m_fck           0            1    54000000          0 0  
                         clkout2_src_ck           0            0    54000000          0 0  
                            sys_clkout2           0            0    54000000          0 0  
                         dss_tv_fck           0            2    54000000          0 0  
             dpll4_m2_ck                  1            1    48000000          0 0  
                dpll4_m2x2_mul_ck           1            1    96000000          0 0  
                   dpll4_m2x2_ck           1            1    96000000          0 0  
                      omap_192m_alwon_fck           0            0    96000000          0 0  
                      omap_96m_alwon_fck           1            2    96000000          0 0  
                         per_96m_fck           0            6    96000000          0 0  
                            mcbsp4_fck           0            1    96000000          0 0  
                            mcbsp3_fck           0            2    96000000          0 0  
                            mcbsp2_fck           0            2    96000000          0 0  
                         cm_96m_fck           2            2    96000000          0 0  
                            cm_96m_d2_fck           1            1    48000000          0 0  
                               omap_48m_fck           3            4    48000000          0 0  
                                  usbhost_48m_fck           1            1    48000000          0 0  
                                  per_48m_fck           1            1    48000000          0 0  
                                     uart3_fck           1            1    48000000          0 0  
                                  core_48m_fck           1            6    48000000          0 0  
                                     uart1_fck           0            1    48000000          0 0  
                                     uart2_fck           1            1    48000000          0 0  
                                     mcspi1_fck           0            1    48000000          0 0  
                                     mcspi2_fck           0            1    48000000          0 0  
                                     mcspi3_fck           0            1    48000000          0 0  
                                     mcspi4_fck           0            1    48000000          0 0  
                                  omap_12m_fck           0            1    12000000          0 0  
                                     core_12m_fck           0            1    12000000          0 0  
                                        hdq_fck             0            1    12000000          0 0  
                            omap_96m_fck           1            2    96000000          0 0  
                               omap_96m_d10_fck           0            0     9600000          0 0  
                               omap_96m_d8_fck           0            0    12000000          0 0  
                               omap_96m_d4_fck           0            0    24000000          0 0  
                               omap_96m_d2_fck           0            0    48000000          0 0  
                               dss_96m_fck           0            2    96000000          0 0  
                               core_96m_fck           1           10    96000000          0 0  
                                  mcbsp1_fck           0            1    96000000          0 0  
                                  mcbsp5_fck           0            1    96000000          0 0  
                                  mmchs3_fck           0            1    96000000          0 0  
                                  mspro_fck           0            0    96000000          0 0  
                                  csi2_96m_fck           0            0    96000000          0 0  
                                  i2c1_fck           1            1    96000000          0 0  
                                  i2c2_fck           0            1    96000000          0 0  
                                  i2c3_fck           0            1    96000000          0 0  
                                  mmchs1_fck           0            1    96000000          0 0  
                                  mmchs2_fck           0            1    96000000          0 0  
          wkup_l4_ick                     3            4    19200000          0 0  
             usim_ick                     0            0    19200000          0 0  
             gpt1_ick                     1            1    19200000          0 0  
             gpt12_ick                    0            0    19200000          0 0  
             omap_32ksync_ick             1            1    19200000          0 0  
             gpio1_ick                    0            1    19200000          0 0  
             wdt1_ick                     0            0    19200000          0 0  
             wdt2_ick                     1            1    19200000          0 0  
 virt_13m_ck                              0            0    13000000          0 0  
 virt_12m_ck                              0            0    12000000          0 0  
 omap_32k_fck                             3            8       32768          0 0  
    gpt1_fck                              1            1       32768          0 0  
    gpt11_fck                             0            1       32768          0 0  
    gpt10_fck                             0            1       32768          0 0  
    ts_fck                                0            0       32768          0 0  
    per_32k_alwon_fck                     2            5       32768          0 0  
       wdt3_fck                           0            0       32768          0 0  
       gpio2_dbck                         0            2       32768          0 0  
       gpio3_dbck                         1            2       32768          0 0  
       gpio4_dbck                         1            2       32768          0 0  
       gpio5_dbck                         0            2       32768          0 0  
       gpio6_dbck                         0            2       32768          0 0  
    wkup_32k_fck                          1            3       32768          0 0  
       wdt2_fck                           0            1       32768          0 0  
       gpio1_dbck                         0            2       32768          0 0  
 dummy_apb_pclk                           0            0           0          0 0  
 virt_16_8m_ck                            0            0    16800000          0 0  
=======
Available frequencies
125000 250000 500000 550000 600000 
=======
===== ERR ==
omap2_set_init_voltage: unable to find boot up OPP for vdd_mpu_iva
omap2_set_init_voltage: unable to set vdd_mpu_iva
omap2_set_init_voltage: unable to find boot up OPP for vdd_core
omap2_set_init_voltage: unable to set vdd_core
udevd[137]: starting version 182
=====
===== WARN ==
omap_hwmod: mcbsp2_sidetone using broken dt data from mcbsp
omap_hwmod: mcbsp3_sidetone using broken dt data from mcbsp
irq: no irq domain found for /ocp/l4@48000000/scm@2000/pinmux@30 !
irq: no irq domain found for /ocp/l4@48000000/scm@2000/pinmux@30 !
RX-51: Not enabling ARM errata 430973 workaround
Thumb binaries may crash randomly without this workaround
omap4_sram_init:Unable to allocate sram needed to handle errata I688
omap4_sram_init:Unable to get sram pool needed to handle errata I688
workingset: timestamp_bits=28 max_order=16 bucket_order=0
gpmc_mem_init: disabling cs 0 mapped at 0x0-0x1000000
twl_rtc 48070000.i2c:twl@48:rtc: Power up reset detected.
mmc0: host does not support reading read-only switch, assuming write-enable
mmc1: switch to bus width 8 failed
mmc1: switch to bus width 4 failed
FAT-fs (mmcblk0p1): Volume was not properly unmounted. Some data may be corrupt. Please run fsck.
=====
SUMMARY RESULT: BOOT: PASS: Hello World Board Booted Boot Log has:::: err=5 warn=15:
root@NokiaRX-51board:/test# 
- 07:51:10 [INFO] Host: cat stderr.log
- 07:51:10 [INFO] Target: 
cat stderr.log
./test.sh: line 33:   717 Killed                  cp /dev/kmsg $TMPF
root@NokiaRX-51board:/test# 
- 07:51:10 [INFO] Host: cat result.log
- 07:51:12 [ERROR] On command: cat result.log waiting for cat result.log.+?(?m-ix:^1[\0\n\r]+) >>> error: execution expired
- 07:51:12 [INFO] Target: 
cat result.log
root@NokiaRX-51board:/test# 
- 07:51:12 [INFO] Host: cd /test
- 07:51:12 [INFO] Target: 
cd /test
root@NokiaRX-51board:/test# 
URL:gtsystest.telogy.design.ti.com/vatf/tidfarm-06/tidfarm-06_vatf@n900/tidfarm-0604_27_2016_07_27_37/files/session_iteration_1/test_1
