- 08:28:26 [INFO] Starting target session
- 08:28:26 [INFO] Connected to omap5-evm via serial 
- 08:28:26 [INFO] Host: #check prompt
- 08:28:29 [ERROR] On command: #check prompt waiting for #check prompt.+?(?-mix:((?-mix:login:)|[Pp]assword)) >>> error: execution expired
- 08:28:29 [INFO] Target: 
#check prompt
root@omap5-evm:/test# 
- 08:28:29 [INFO] Host: #check prompt
- 08:28:29 [INFO] Target: 
#check prompt
root@omap5-evm:/test# 
- 08:28:29 [INFO] Host: sync;poweroff
- 08:28:47 [INFO] Target: 
sync;poweroff
Broadcast message from root@omap5-evm (ttyO2) (Sun Dec 21 22:03:14 2014):
The system 5%9%Quj(*UI55jRroot@omap5-evm:/test# 
INIT: Sending pStopping Dropbear SSH server: stopped /usr/sbin/dropbear (pid 675)
dropbear.
Stopping telnet daemon.
Stopping system message bus: hwclock: can't open '/dev/misc/rtc': No such file or directory
Error opening /dev/fb0: No such file or directory
Stopping syslogd/klogd: stopped syslogd (pid 684)
stopped klogd (pid 688)
done
Stopping thttpd.
ALSA: Storing mixer settings...
/usr/sbin/alsactl: save_state:1580: No soundcards found...
Deconfiguring network interfaces... ifdown: interface eth0 not configured
done.
Stopping Lighttpd Web Server: stopped /usr/sbin/lighttpd (pid 694)
lighttpd.
Stopping Matrix GUI applicationstart-stop-daemon: warning: killing process 701: No such process
***************************************************************
***************************************************************
NOTICE: This file system contains the followin GPLv3 packages:
	binutils-symlinks
	binutils
	gdbserver
	parted
If you do not wish to distribute GPLv3 components please remove
the above packages prior to distribution.  This can be done using
the opkg remove command.  i.e.:
    opkg remove <package>
Where <package> is the name printed in the list above
NOTE: If the package is a dependency of another package you
      will be notified of the dependent packages.  You should
      use the --force-removal-of-dependent-packages option to
      also remove the dependent packages as well
***************************************************************
***************************************************************
Sending all processes the TERM signal...
Sending all processes the KILL signal...
Unmounting remote filesystems...
Deactivating swap...
Unmounting local filesystems...
[ 3469.554559] EXT4-fs (mmcblk1p2): re-mounted. Opts: data=ordered
[ 3472.805847] reboot: Power down
- 08:28:47 [INFO] Disconnected serial from omap5-evm
- 08:28:52 [INFO] Connected to omap5-evm via serial 
- 08:28:52 [INFO] Host: 
- 08:28:53 [INFO] Target: 
SATA link 0 timeout.
AHCI 0001.0300 32 slots 1 ports 3 Gbps 0x1 impl SATA mode
flags: 64bit ncq stag pm led clo only pmp pio slum part ccc apst 
scanning bus for devices...
Found 0 device(s).
Net:   No ethernet found.
Hit any key to stop autoboot:  2  0 
=>  
- 08:28:53 [INFO] Host: 
- 08:28:53 [INFO] Target: 
- 08:28:53 [INFO] Host: version
- 08:28:53 [INFO] Target: 
version
U-Boot 2016.05-rc3-00242-g359d4c4 (May 11 2016 - 07:03:49 -0500)
arm-linux-gnueabihf-gcc (Linaro GCC 5.3-2016.02) 5.3.1 20160113
GNU ld (GNU Binutils) 2.25.0 Linaro 2015_10
- 08:28:53 [INFO] Host: setenv bootargs 'console=ttyO2,115200n8 earlyprintk=serial,ttyO2,115200n8 rootwait '
- 08:28:53 [INFO] Target: 
setenv bootargs 'console=ttyO2,115200n8 earlyprintk=serial,ttyO2,115200n8 rootwait '
- 08:28:53 [INFO] Host: setenv bootcmd  ''
- 08:28:53 [INFO] Target: 
setenv bootcmd  ''
- 08:28:53 [INFO] Host: setenv autoload 'no'
- 08:28:53 [INFO] Target: 
setenv autoload 'no'
- 08:28:53 [INFO] Host: setenv serverip '192.168.0.1'
- 08:28:53 [INFO] Target: 
setenv serverip '192.168.0.1'
- 08:28:53 [INFO] Host: setenv _initramfs -
- 08:28:53 [INFO] Target: 
setenv _initramfs -
- 08:28:53 [INFO] Host: printenv
- 08:28:54 [INFO] Target: 
printenv
_initramfs=-
arch=arm
args_mmc=run finduuid;setenv bootargs console=${console} ${optargs} root=PARTUUID=${uuid} rw rootfstype=${mmcrootfstype}
autoload=no
baudrate=115200
board=omap5_uevm
board_name=omap5_uevm
bootargs=console=ttyO2,115200n8 earlyprintk=serial,ttyO2,115200n8 rootwait 
bootcmd=
bootdelay=2
bootdir=/boot
bootenvfile=uEnv.txt
bootfile=zImage
bootm_size=0x10000000
bootpart=0:2
bootscript=echo Running bootscript from mmc${mmcdev} ...; source ${loadaddr}
console=ttyO2,115200n8
cpu=armv7
dfu_alt_info_emmc=rawemmc raw 0 3751936;boot part 1 1;rootfs part 1 2;MLO fat 1 1;MLO.raw raw 0x100 0x100;u-boot.img.raw raw 0x300 0x400;spl-os-args.raw raw 0x80 0x80;spl-os-image.raw raw 0x900 0x2000;spl-os-args fat 1 1;spl-os-image fat 1 1;u-boot.img fat 1 1;uEnv.txt fat 1 1
dfu_alt_info_mmc=boot part 0 1;rootfs part 0 2;MLO fat 0 1;MLO.raw raw 0x100 0x100;u-boot.img.raw raw 0x300 0x400;spl-os-args.raw raw 0x80 0x80;spl-os-image.raw raw 0x900 0x2000;spl-os-args fat 0 1;spl-os-image fat 0 1;u-boot.img fat 0 1;uEnv.txt fat 0 1
dfu_alt_info_ram=kernel ram 0x80200000 0x4000000;fdt ram 0x80f80000 0x80000;ramdisk ram 0x81000000 0x4000000
dfu_bufsiz=0x10000
dofastboot=0
envboot=mmc dev ${mmcdev}; if mmc rescan; then echo SD/MMC found on device ${mmcdev};if run loadbootscript; then run bootscript;else if run loadbootenv; then echo Loaded env from ${bootenvfile};run importbootenv;fi;if test -n $uenvcmd; then echo Running uenvcmd ...;run uenvcmd;fi;fi;fi;
fdt_addr_r=0x88000000
fdtaddr=0x88000000
fdtfile=undefined
findfdt=if test $board_name = omap5_uevm; then setenv fdtfile omap5-uevm.dtb; fi; if test $board_name = dra7xx; then setenv fdtfile dra7-evm.dtb; fi;if test $board_name = dra72x-revc; then setenv fdtfile dra72-evm-revc.dtb; fi;if test $board_name = dra72x; then setenv fdtfile dra72-evm.dtb; fi;if test $board_name = beagle_x15; then setenv fdtfile am57xx-beagle-x15.dtb; fi;if test $board_name = beagle_x15_revb1; then setenv fdtfile am57xx-beagle-x15-revb1.dtb; fi;if test $board_name = am57xx_evm; then setenv fdtfile am57xx-evm.dtb; fi;if test $board_name = am57xx_evm_reva3; then setenv fdtfile am57xx-evm-reva3.dtb; fi;if test $board_name = am572x_idk; then setenv fdtfile am572x-idk.dtb; fi;if test $board_name = am571x_idk; then setenv fdtfile am571x-idk.dtb; fi;if test $fdtfile = undefined; then echo WARNING: Could not determine device tree to use; fi; 
finduuid=part uuid mmc 0:2 uuid
importbootenv=echo Importing environment from mmc${mmcdev} ...; env import -t ${loadaddr} ${filesize}
kernel_addr_r=0x82000000
loadaddr=0x82000000
loadbootenv=fatload mmc ${mmcdev} ${loadaddr} ${bootenvfile}
loadbootscript=fatload mmc ${mmcdev} ${loadaddr} boot.scr
loadfdt=load mmc ${bootpart} ${fdtaddr} ${bootdir}/${fdtfile};
loadimage=load mmc ${bootpart} ${loadaddr} ${bootdir}/${bootfile}
mmcboot=mmc dev ${mmcdev}; if mmc rescan; then echo SD/MMC found on device ${mmcdev};if run loadimage; then run loadfdt; echo Booting from mmc${mmcdev} ...; run args_mmc; bootz ${loadaddr} - ${fdtaddr}; fi;fi;
mmcdev=0
mmcrootfstype=ext4 rootwait
netargs=setenv bootargs console=${console} ${optargs} root=/dev/nfs nfsroot=${serverip}:${rootpath},${nfsopts} rw ip=dhcp
netboot=echo Booting from network ...; setenv autoload no; dhcp; run netloadimage; run netloadfdt; run netargs; bootz ${loadaddr} - ${fdtaddr}
netloadfdt=tftp ${fdtaddr} ${fdtfile}
netloadimage=tftp ${loadaddr} ${bootfile}
nfsopts=nolock
partitions=uuid_disk=${uuid_gpt_disk};name=rootfs,start=2MiB,size=-,uuid=${uuid_gpt_rootfs}
pxefile_addr_r=0x80100000
ramdisk_addr_r=0x88080000
rdaddr=0x88080000
rootpath=/export/rootfs
scriptaddr=0x80000000
scsidevs=0
serverip=192.168.0.1
soc=omap5
static_ip=${ipaddr}:${serverip}:${gatewayip}:${netmask}:${hostname}::off
stderr=serial
stdin=serial
stdout=serial
usbethaddr=02:21:03:74:17:10
usbtty=cdc_acm
vendor=ti
ver=U-Boot 2016.05-rc3-00242-g359d4c4 (May 11 2016 - 07:03:49 -0500)
vram=16M
Environment size: 4044/131067 bytes
- 08:28:54 [INFO] Host: usb start
- 08:28:56 [INFO] Target: 
usb start
starting USB...
USB0:   USB EHCI 1.00
scanning bus 0 for devices... 2 USB Device(s) found
       scanning usb for storage devices... 0 Storage Device(s) found
       scanning usb for ethernet devices... 1 Ethernet Device(s) found
- 08:28:56 [INFO] Host: printenv
- 08:28:56 [INFO] Target: 
printenv
_initramfs=-
arch=arm
args_mmc=run finduuid;setenv bootargs console=${console} ${optargs} root=PARTUUID=${uuid} rw rootfstype=${mmcrootfstype}
autoload=no
baudrate=115200
board=omap5_uevm
board_name=omap5_uevm
bootargs=console=ttyO2,115200n8 earlyprintk=serial,ttyO2,115200n8 rootwait 
bootcmd=
bootdelay=2
bootdir=/boot
bootenvfile=uEnv.txt
bootfile=zImage
bootm_size=0x10000000
bootpart=0:2
bootscript=echo Running bootscript from mmc${mmcdev} ...; source ${loadaddr}
console=ttyO2,115200n8
cpu=armv7
dfu_alt_info_emmc=rawemmc raw 0 3751936;boot part 1 1;rootfs part 1 2;MLO fat 1 1;MLO.raw raw 0x100 0x100;u-boot.img.raw raw 0x300 0x400;spl-os-args.raw raw 0x80 0x80;spl-os-image.raw raw 0x900 0x2000;spl-os-args fat 1 1;spl-os-image fat 1 1;u-boot.img fat 1 1;uEnv.txt fat 1 1
dfu_alt_info_mmc=boot part 0 1;rootfs part 0 2;MLO fat 0 1;MLO.raw raw 0x100 0x100;u-boot.img.raw raw 0x300 0x400;spl-os-args.raw raw 0x80 0x80;spl-os-image.raw raw 0x900 0x2000;spl-os-args fat 0 1;spl-os-image fat 0 1;u-boot.img fat 0 1;uEnv.txt fat 0 1
dfu_alt_info_ram=kernel ram 0x80200000 0x4000000;fdt ram 0x80f80000 0x80000;ramdisk ram 0x81000000 0x4000000
dfu_bufsiz=0x10000
dofastboot=0
envboot=mmc dev ${mmcdev}; if mmc rescan; then echo SD/MMC found on device ${mmcdev};if run loadbootscript; then run bootscript;else if run loadbootenv; then echo Loaded env from ${bootenvfile};run importbootenv;fi;if test -n $uenvcmd; then echo Running uenvcmd ...;run uenvcmd;fi;fi;fi;
ethact=sms0
fdt_addr_r=0x88000000
fdtaddr=0x88000000
fdtfile=undefined
findfdt=if test $board_name = omap5_uevm; then setenv fdtfile omap5-uevm.dtb; fi; if test $board_name = dra7xx; then setenv fdtfile dra7-evm.dtb; fi;if test $board_name = dra72x-revc; then setenv fdtfile dra72-evm-revc.dtb; fi;if test $board_name = dra72x; then setenv fdtfile dra72-evm.dtb; fi;if test $board_name = beagle_x15; then setenv fdtfile am57xx-beagle-x15.dtb; fi;if test $board_name = beagle_x15_revb1; then setenv fdtfile am57xx-beagle-x15-revb1.dtb; fi;if test $board_name = am57xx_evm; then setenv fdtfile am57xx-evm.dtb; fi;if test $board_name = am57xx_evm_reva3; then setenv fdtfile am57xx-evm-reva3.dtb; fi;if test $board_name = am572x_idk; then setenv fdtfile am572x-idk.dtb; fi;if test $board_name = am571x_idk; then setenv fdtfile am571x-idk.dtb; fi;if test $fdtfile = undefined; then echo WARNING: Could not determine device tree to use; fi; 
finduuid=part uuid mmc 0:2 uuid
importbootenv=echo Importing environment from mmc${mmcdev} ...; env import -t ${loadaddr} ${filesize}
kernel_addr_r=0x82000000
loadaddr=0x82000000
loadbootenv=fatload mmc ${mmcdev} ${loadaddr} ${bootenvfile}
loadbootscript=fatload mmc ${mmcdev} ${loadaddr} boot.scr
loadfdt=load mmc ${bootpart} ${fdtaddr} ${bootdir}/${fdtfile};
loadimage=load mmc ${bootpart} ${loadaddr} ${bootdir}/${bootfile}
mmcboot=mmc dev ${mmcdev}; if mmc rescan; then echo SD/MMC found on device ${mmcdev};if run loadimage; then run loadfdt; echo Booting from mmc${mmcdev} ...; run args_mmc; bootz ${loadaddr} - ${fdtaddr}; fi;fi;
mmcdev=0
mmcrootfstype=ext4 rootwait
netargs=setenv bootargs console=${console} ${optargs} root=/dev/nfs nfsroot=${serverip}:${rootpath},${nfsopts} rw ip=dhcp
netboot=echo Booting from network ...; setenv autoload no; dhcp; run netloadimage; run netloadfdt; run netargs; bootz ${loadaddr} - ${fdtaddr}
netloadfdt=tftp ${fdtaddr} ${fdtfile}
netloadimage=tftp ${loadaddr} ${bootfile}
nfsopts=nolock
partitions=uuid_disk=${uuid_gpt_disk};name=rootfs,start=2MiB,size=-,uuid=${uuid_gpt_rootfs}
pxefile_addr_r=0x80100000
ramdisk_addr_r=0x88080000
rdaddr=0x88080000
rootpath=/export/rootfs
scriptaddr=0x80000000
scsidevs=0
serverip=192.168.0.1
soc=omap5
static_ip=${ipaddr}:${serverip}:${gatewayip}:${netmask}:${hostname}::off
stderr=serial
stdin=serial
stdout=serial
usbethaddr=02:21:03:74:17:10
usbtty=cdc_acm
vendor=ti
ver=U-Boot 2016.05-rc3-00242-g359d4c4 (May 11 2016 - 07:03:49 -0500)
vram=16M
Environment size: 4058/131067 bytes
- 08:28:56 [INFO] Host: setenv bootargs ''${bootargs}' ip=:::::eth0:dhcp '
- 08:28:57 [INFO] Target: 
setenv bootargs ''${bootargs}' ip=:::::eth0:dhcp '
- 08:28:57 [INFO] Host: setenv serverip '192.168.0.1'
- 08:28:57 [INFO] Target: 
setenv serverip '192.168.0.1'
- 08:28:57 [INFO] Host: setenv autoload 'no'
- 08:28:57 [INFO] Target: 
setenv autoload 'no'
- 08:28:57 [INFO] Host: dhcp
- 08:29:00 [INFO] Target: 
dhcp
Waiting for Ethernet connection... done.
BOOTP broadcast 1
BOOTP broadcast 2
BOOTP broadcast 3
DHCP client bound to address 192.168.0.71 (1042 ms)
- 08:29:00 [INFO] Host: tftp ${loadaddr} 192.168.0.1:vatf_omap5-evm/998d31b32998c551a224e37b8bf1f837
- 08:29:04 [INFO] Target: 
tftp ${loadaddr} 192.168.0.1:vatf_omap5-evm/998d31b32998c551a224e37b8bf1f837
Waiting for Ethernet connection... done.
Using sms0 device
TFTP from server 192.168.0.1; our IP address is 192.168.0.71
Filename 'vatf_omap5-evm/998d31b32998c551a224e37b8bf1f837'.
Load address: 0x82000000
Loading: *#################################################################
	 #################################################################
	 #################################################################
	 #################################################################
	 #################################################################
	 #################################################################
	 #################################################################
	 ##########################
	 2.6 MiB/s
done
Bytes transferred = 7055008 (6ba6a0 hex)
- 08:29:04 [INFO] Host: tftp ${fdt_addr_r} 192.168.0.1:vatf_omap5-evm/552bb3768f8f1bddefaee0aeab58fe70
- 08:29:06 [INFO] Target: 
tftp ${fdt_addr_r} 192.168.0.1:vatf_omap5-evm/552bb3768f8f1bddefaee0aeab58fe70
Waiting for Ethernet connection... done.
Using sms0 device
TFTP from server 192.168.0.1; our IP address is 192.168.0.71
Filename 'vatf_omap5-evm/552bb3768f8f1bddefaee0aeab58fe70'.
Load address: 0x88000000
Loading: *####
	 2.3 MiB/s
done
Bytes transferred = 55003 (d6db hex)
- 08:29:06 [INFO] Host: ls mmc 0:1
- 08:29:06 [INFO] Target: 
ls mmc 0:1
    63736   mlo 
   326400   u-boot.img 
  1867895   u-boot 
            old_uboot/
   304240   u-boot.bin 
   704856   u-boot-spl 
    61536   u-boot-spl.bin 
      259   uboot_build.txt 
        4   ws-calibrate.rules 
        0   pointercal 
9 file(s), 1 dir(s)
- 08:29:06 [INFO] Host: ls mmc 0:2
- 08:29:06 [INFO] Target: 
ls mmc 0:2
<DIR>       4096 .
<DIR>       4096 ..
<DIR>       4096 bin
<DIR>       4096 boot
<DIR>       4096 dev
<DIR>       4096 etc
<DIR>       4096 home
<DIR>       4096 lib
<DIR>       4096 media
<DIR>       4096 mnt
<DIR>       4096 opt
<DIR>       4096 proc
<SYM>          8 run
<DIR>       4096 sbin
<DIR>       4096 srv
<DIR>       4096 sys
<SYM>          8 tmp
<DIR>       4096 usr
<DIR>       4096 var
<DIR>       4096 www
<DIR>       4096 Settings
<DIR>       4096 test
- 08:29:06 [INFO] Host: part uuid mmc 0:2
- 08:29:06 [INFO] Target: 
part uuid mmc 0:2
00000000-02
- 08:29:06 [INFO] Host: printenv
- 08:29:07 [INFO] Target: 
printenv
_initramfs=-
arch=arm
args_mmc=run finduuid;setenv bootargs console=${console} ${optargs} root=PARTUUID=${uuid} rw rootfstype=${mmcrootfstype}
autoload=no
baudrate=115200
board=omap5_uevm
board_name=omap5_uevm
bootargs=console=ttyO2,115200n8 earlyprintk=serial,ttyO2,115200n8 rootwait  ip=:::::eth0:dhcp 
bootcmd=
bootdelay=2
bootdir=/boot
bootenvfile=uEnv.txt
bootfile=zImage
bootm_size=0x10000000
bootpart=0:2
bootscript=echo Running bootscript from mmc${mmcdev} ...; source ${loadaddr}
console=ttyO2,115200n8
cpu=armv7
dfu_alt_info_emmc=rawemmc raw 0 3751936;boot part 1 1;rootfs part 1 2;MLO fat 1 1;MLO.raw raw 0x100 0x100;u-boot.img.raw raw 0x300 0x400;spl-os-args.raw raw 0x80 0x80;spl-os-image.raw raw 0x900 0x2000;spl-os-args fat 1 1;spl-os-image fat 1 1;u-boot.img fat 1 1;uEnv.txt fat 1 1
dfu_alt_info_mmc=boot part 0 1;rootfs part 0 2;MLO fat 0 1;MLO.raw raw 0x100 0x100;u-boot.img.raw raw 0x300 0x400;spl-os-args.raw raw 0x80 0x80;spl-os-image.raw raw 0x900 0x2000;spl-os-args fat 0 1;spl-os-image fat 0 1;u-boot.img fat 0 1;uEnv.txt fat 0 1
dfu_alt_info_ram=kernel ram 0x80200000 0x4000000;fdt ram 0x80f80000 0x80000;ramdisk ram 0x81000000 0x4000000
dfu_bufsiz=0x10000
dnsip=192.0.2.2
dofastboot=0
envboot=mmc dev ${mmcdev}; if mmc rescan; then echo SD/MMC found on device ${mmcdev};if run loadbootscript; then run bootscript;else if run loadbootenv; then echo Loaded env from ${bootenvfile};run importbootenv;fi;if test -n $uenvcmd; then echo Running uenvcmd ...;run uenvcmd;fi;fi;fi;
ethact=sms0
fdt_addr_r=0x88000000
fdtaddr=0x88000000
fdtfile=undefined
fileaddr=88000000
filesize=d6db
findfdt=if test $board_name = omap5_uevm; then setenv fdtfile omap5-uevm.dtb; fi; if test $board_name = dra7xx; then setenv fdtfile dra7-evm.dtb; fi;if test $board_name = dra72x-revc; then setenv fdtfile dra72-evm-revc.dtb; fi;if test $board_name = dra72x; then setenv fdtfile dra72-evm.dtb; fi;if test $board_name = beagle_x15; then setenv fdtfile am57xx-beagle-x15.dtb; fi;if test $board_name = beagle_x15_revb1; then setenv fdtfile am57xx-beagle-x15-revb1.dtb; fi;if test $board_name = am57xx_evm; then setenv fdtfile am57xx-evm.dtb; fi;if test $board_name = am57xx_evm_reva3; then setenv fdtfile am57xx-evm-reva3.dtb; fi;if test $board_name = am572x_idk; then setenv fdtfile am572x-idk.dtb; fi;if test $board_name = am571x_idk; then setenv fdtfile am571x-idk.dtb; fi;if test $fdtfile = undefined; then echo WARNING: Could not determine device tree to use; fi; 
finduuid=part uuid mmc 0:2 uuid
gatewayip=192.168.0.1
importbootenv=echo Importing environment from mmc${mmcdev} ...; env import -t ${loadaddr} ${filesize}
ipaddr=192.168.0.71
kernel_addr_r=0x82000000
loadaddr=0x82000000
loadbootenv=fatload mmc ${mmcdev} ${loadaddr} ${bootenvfile}
loadbootscript=fatload mmc ${mmcdev} ${loadaddr} boot.scr
loadfdt=load mmc ${bootpart} ${fdtaddr} ${bootdir}/${fdtfile};
loadimage=load mmc ${bootpart} ${loadaddr} ${bootdir}/${bootfile}
mmcboot=mmc dev ${mmcdev}; if mmc rescan; then echo SD/MMC found on device ${mmcdev};if run loadimage; then run loadfdt; echo Booting from mmc${mmcdev} ...; run args_mmc; bootz ${loadaddr} - ${fdtaddr}; fi;fi;
mmcdev=0
mmcrootfstype=ext4 rootwait
netargs=setenv bootargs console=${console} ${optargs} root=/dev/nfs nfsroot=${serverip}:${rootpath},${nfsopts} rw ip=dhcp
netboot=echo Booting from network ...; setenv autoload no; dhcp; run netloadimage; run netloadfdt; run netargs; bootz ${loadaddr} - ${fdtaddr}
netloadfdt=tftp ${fdtaddr} ${fdtfile}
netloadimage=tftp ${loadaddr} ${bootfile}
netmask=255.255.255.0
nfsopts=nolock
partitions=uuid_disk=${uuid_gpt_disk};name=rootfs,start=2MiB,size=-,uuid=${uuid_gpt_rootfs}
pxefile_addr_r=0x80100000
ramdisk_addr_r=0x88080000
rdaddr=0x88080000
rootpath=/export/rootfs
scriptaddr=0x80000000
scsidevs=0
serverip=192.168.0.1
soc=omap5
static_ip=${ipaddr}:${serverip}:${gatewayip}:${netmask}:${hostname}::off
stderr=serial
stdin=serial
stdout=serial
usbethaddr=02:21:03:74:17:10
usbtty=cdc_acm
vendor=ti
ver=U-Boot 2016.05-rc3-00242-g359d4c4 (May 11 2016 - 07:03:49 -0500)
vram=16M
Environment size: 4201/131067 bytes
- 08:29:07 [INFO] Host: setenv bootargs ''${bootargs}' root=PARTUUID=00000000-02 rw rootfstype=ext4 rootwait '
- 08:29:07 [INFO] Target: 
setenv bootargs ''${bootargs}' root=PARTUUID=00000000-02 rw rootfstype=ext4 rootwait '
- 08:29:07 [INFO] Host: printenv
- 08:29:07 [INFO] Target: 
printenv
_initramfs=-
arch=arm
args_mmc=run finduuid;setenv bootargs console=${console} ${optargs} root=PARTUUID=${uuid} rw rootfstype=${mmcrootfstype}
autoload=no
baudrate=115200
board=omap5_uevm
board_name=omap5_uevm
bootargs=console=ttyO2,115200n8 earlyprintk=serial,ttyO2,115200n8 rootwait  ip=:::::eth0:dhcp  root=PARTUUID=00000000-02 rw rootfstype=ext4 rootwait 
bootcmd=
bootdelay=2
bootdir=/boot
bootenvfile=uEnv.txt
bootfile=zImage
bootm_size=0x10000000
bootpart=0:2
bootscript=echo Running bootscript from mmc${mmcdev} ...; source ${loadaddr}
console=ttyO2,115200n8
cpu=armv7
dfu_alt_info_emmc=rawemmc raw 0 3751936;boot part 1 1;rootfs part 1 2;MLO fat 1 1;MLO.raw raw 0x100 0x100;u-boot.img.raw raw 0x300 0x400;spl-os-args.raw raw 0x80 0x80;spl-os-image.raw raw 0x900 0x2000;spl-os-args fat 1 1;spl-os-image fat 1 1;u-boot.img fat 1 1;uEnv.txt fat 1 1
dfu_alt_info_mmc=boot part 0 1;rootfs part 0 2;MLO fat 0 1;MLO.raw raw 0x100 0x100;u-boot.img.raw raw 0x300 0x400;spl-os-args.raw raw 0x80 0x80;spl-os-image.raw raw 0x900 0x2000;spl-os-args fat 0 1;spl-os-image fat 0 1;u-boot.img fat 0 1;uEnv.txt fat 0 1
dfu_alt_info_ram=kernel ram 0x80200000 0x4000000;fdt ram 0x80f80000 0x80000;ramdisk ram 0x81000000 0x4000000
dfu_bufsiz=0x10000
dnsip=192.0.2.2
dofastboot=0
envboot=mmc dev ${mmcdev}; if mmc rescan; then echo SD/MMC found on device ${mmcdev};if run loadbootscript; then run bootscript;else if run loadbootenv; then echo Loaded env from ${bootenvfile};run importbootenv;fi;if test -n $uenvcmd; then echo Running uenvcmd ...;run uenvcmd;fi;fi;fi;
ethact=sms0
fdt_addr_r=0x88000000
fdtaddr=0x88000000
fdtfile=undefined
fileaddr=88000000
filesize=d6db
findfdt=if test $board_name = omap5_uevm; then setenv fdtfile omap5-uevm.dtb; fi; if test $board_name = dra7xx; then setenv fdtfile dra7-evm.dtb; fi;if test $board_name = dra72x-revc; then setenv fdtfile dra72-evm-revc.dtb; fi;if test $board_name = dra72x; then setenv fdtfile dra72-evm.dtb; fi;if test $board_name = beagle_x15; then setenv fdtfile am57xx-beagle-x15.dtb; fi;if test $board_name = beagle_x15_revb1; then setenv fdtfile am57xx-beagle-x15-revb1.dtb; fi;if test $board_name = am57xx_evm; then setenv fdtfile am57xx-evm.dtb; fi;if test $board_name = am57xx_evm_reva3; then setenv fdtfile am57xx-evm-reva3.dtb; fi;if test $board_name = am572x_idk; then setenv fdtfile am572x-idk.dtb; fi;if test $board_name = am571x_idk; then setenv fdtfile am571x-idk.dtb; fi;if test $fdtfile = undefined; then echo WARNING: Could not determine device tree to use; fi; 
finduuid=part uuid mmc 0:2 uuid
gatewayip=192.168.0.1
importbootenv=echo Importing environment from mmc${mmcdev} ...; env import -t ${loadaddr} ${filesize}
ipaddr=192.168.0.71
kernel_addr_r=0x82000000
loadaddr=0x82000000
loadbootenv=fatload mmc ${mmcdev} ${loadaddr} ${bootenvfile}
loadbootscript=fatload mmc ${mmcdev} ${loadaddr} boot.scr
loadfdt=load mmc ${bootpart} ${fdtaddr} ${bootdir}/${fdtfile};
loadimage=load mmc ${bootpart} ${loadaddr} ${bootdir}/${bootfile}
mmcboot=mmc dev ${mmcdev}; if mmc rescan; then echo SD/MMC found on device ${mmcdev};if run loadimage; then run loadfdt; echo Booting from mmc${mmcdev} ...; run args_mmc; bootz ${loadaddr} - ${fdtaddr}; fi;fi;
mmcdev=0
mmcrootfstype=ext4 rootwait
netargs=setenv bootargs console=${console} ${optargs} root=/dev/nfs nfsroot=${serverip}:${rootpath},${nfsopts} rw ip=dhcp
netboot=echo Booting from network ...; setenv autoload no; dhcp; run netloadimage; run netloadfdt; run netargs; bootz ${loadaddr} - ${fdtaddr}
netloadfdt=tftp ${fdtaddr} ${fdtfile}
netloadimage=tftp ${loadaddr} ${bootfile}
netmask=255.255.255.0
nfsopts=nolock
partitions=uuid_disk=${uuid_gpt_disk};name=rootfs,start=2MiB,size=-,uuid=${uuid_gpt_rootfs}
pxefile_addr_r=0x80100000
ramdisk_addr_r=0x88080000
rdaddr=0x88080000
rootpath=/export/rootfs
scriptaddr=0x80000000
scsidevs=0
serverip=192.168.0.1
soc=omap5
static_ip=${ipaddr}:${serverip}:${gatewayip}:${netmask}:${hostname}::off
stderr=serial
stdin=serial
stdout=serial
usbethaddr=02:21:03:74:17:10
usbtty=cdc_acm
vendor=ti
ver=U-Boot 2016.05-rc3-00242-g359d4c4 (May 11 2016 - 07:03:49 -0500)
vram=16M
Environment size: 4256/131067 bytes
- 08:29:07 [INFO] Host: setenv bootcmd ''${bootcmd}' if iminfo ${loadaddr}; then bootm ${loadaddr} ${_initramfs} ${fdt_addr_r}; else bootz ${loadaddr} ${_initramfs} ${fdt_addr_r}; bootm ${loadaddr} ${_initramfs} ${fdt_addr_r}; fi'
- 08:29:07 [INFO] Target: 
setenv bootcmd ''${bootcmd}' if iminfo ${loadaddr}; then bootm ${loadaddr} ${_initramfs} ${fdt_addr_r}; else bootz ${loadaddr} ${_initramfs} ${fdt_addr_r}; bootm ${loadaddr} ${_initramfs} ${fdt_addr_r}; fi'
- 08:29:07 [INFO] Host: version
- 08:29:07 [INFO] Target: 
version
U-Boot 2016.05-rc3-00242-g359d4c4 (May 11 2016 - 07:03:49 -0500)
arm-linux-gnueabihf-gcc (Linaro GCC 5.3-2016.02) 5.3.1 20160113
GNU ld (GNU Binutils) 2.25.0 Linaro 2015_10
- 08:29:07 [INFO] Host: bdinfo
- 08:29:07 [INFO] Target: 
bdinfo
arch_number = 0x00000EC1
boot_params = 0x80000100
DRAM bank   = 0x00000000
-> start    = 0x80000000
-> size     = 0x7F000000
eth0name    = sms0
ethaddr     = (not set)
current eth = sms0
ip_addr     = 192.168.0.71
baudrate    = 115200 bps
TLB addr    = 0xFEFF0000
relocaddr   = 0xFEF5D000
reloc off   = 0x7E75D000
irq_sp      = 0xFDF3CEE0
sp start    = 0xFDF3CED0
- 08:29:07 [INFO] Host: mmc rescan; echo $?
- 08:29:08 [INFO] Target: 
mmc rescan; echo $?
- 08:29:08 [INFO] Host: fatwrite mmc ${mmcdev}:1 ${loadaddr} ws-calibrate.rules 4
- 08:29:08 [INFO] Target: 
fatwrite mmc ${mmcdev}:1 ${loadaddr} ws-calibrate.rules 4
writing ws-calibrate.rules
4 bytes written
- 08:29:08 [INFO] Host: boot
- 08:32:38 [ERROR] On command: boot waiting for boot.+?(?-mix:login:) >>> error: execution expired
- 08:32:38 [INFO] Target: 
boot
## Checking Image at 82000000 ...
Unknown image format!
Kernel image @ 0x82000000 [ 0x000000 - 0x6ba6a0 ]
## Flattened Device Tree blob at 88000000
   Booting using the fdt blob at 0x88000000
   Loading Device Tree to 8ffef000, end 8ffff6da ... OK
Starting kernel ...
[    0.000000] Booting Linux on physical CPU 0x0
[    0.000000] Linux version 4.7.0-rc4-next-20160622-00002-gb1186c0a3724 (nmenon@horus) (gcc version 4.9.3 20150413 (prerelease) (Linaro GCC 4.9-2015.05) ) #1 SMP Wed Jun 22 07:26:13 CDT 2016
[    0.000000] CPU: ARMv7 Processor [412fc0f2] revision 2 (ARMv7), cr=10c5387d
[    0.000000] CPU: div instructions available: patching division code
[    0.000000] CPU: PIPT / VIPT nonaliasing data cache, PIPT instruction cache
[    0.000000] Machine model: TI OMAP5 uEVM board
[    0.000000] cma: Reserved 64 MiB at 0xfa800000
[    0.000000] Memory policy: Data cache writealloc
[    0.000000] OMAP4: Map 0xfee00000 to fe600000 for dram barrier
[    0.000000] OMAP5432 ES2.0
[    0.000000] percpu: Embedded 14 pages/cpu @eefc6000 s26048 r8192 d23104 u57344
[    0.000000] Built 1 zonelists in Zone order, mobility grouping on.  Total pages: 518144
[    0.000000] Kernel command line: console=ttyO2,115200n8 earlyprintk=serial,ttyO2,115200n8 rootwait  ip=:::::eth0:dhcp  root=PARTUUID=00000000-02 rw rootfstype=ext4 rootwait 
[    0.000000] PID hash table entries: 4096 (order: 2, 16384 bytes)
[    0.000000] Dentry cache hash table entries: 131072 (order: 7, 524288 bytes)
[    0.000000] Inode-cache hash table entries: 65536 (order: 6, 262144 bytes)
[    0.000000] Memory: 1977904K/2078720K available (9471K kernel code, 1080K rwdata, 4340K rodata, 2048K init, 342K bss, 35280K reserved, 65536K cma-reserved, 1226752K highmem)
[    0.000000] Virtual kernel memory layout:
[    0.000000]     vector  : 0xffff0000 - 0xffff1000   (   4 kB)
[    0.000000]     fixmap  : 0xffc00000 - 0xfff00000   (3072 kB)
[    0.000000]     vmalloc : 0xf0800000 - 0xff800000   ( 240 MB)
[    0.000000]     lowmem  : 0xc0000000 - 0xf0000000   ( 768 MB)
[    0.000000]     pkmap   : 0xbfe00000 - 0xc0000000   (   2 MB)
[    0.000000]     modules : 0xbf000000 - 0xbfe00000   (  14 MB)
[    0.000000]       .text : 0xc0208000 - 0xc107cfe0   (14804 kB)
[    0.000000]       .init : 0xc1100000 - 0xc1300000   (2048 kB)
[    0.000000]       .data : 0xc1300000 - 0xc140e320   (1081 kB)
[    0.000000]        .bss : 0xc1410000 - 0xc1465ac8   ( 343 kB)
[    0.000000] SLUB: HWalign=64, Order=0-3, MinObjects=0, CPUs=2, Nodes=1
[    0.000000] Hierarchical RCU implementation.
[    0.000000] 	Build-time adjustment of leaf fanout to 32.
[    0.000000] 	RCU restricting CPUs from NR_CPUS=16 to nr_cpu_ids=2.
[    0.000000] RCU: Adjusting geometry for rcu_fanout_leaf=32, nr_cpu_ids=2
[    0.000000] NR_IRQS:16 nr_irqs:16 16
[    0.000000] OMAP clockevent source: timer1 at 32768 Hz
[    0.000000] Architected cp15 timer(s) running at 6.14MHz (virt).
[    0.000000] clocksource: arch_sys_counter: mask: 0xffffffffffffff max_cycles: 0x16ac02862, max_idle_ns: 440795202218 ns
[    0.000004] sched_clock: 56 bits at 6MHz, resolution 162ns, wraps every 4398046511085ns
[    0.000014] Switching to timer-based delay loop, resolution 162ns
[    0.002123] clocksource: 32k_counter: mask: 0xffffffff max_cycles: 0xffffffff, max_idle_ns: 58327039986419 ns
[    0.002129] OMAP clocksource: 32k_counter at 32768 Hz
[    0.004051] Console: colour dummy device 80x30
[    0.004070] Calibrating delay loop (skipped), value calculated using timer frequency.. 12.28 BogoMIPS (lpj=30720)
[    0.004081] pid_max: default: 32768 minimum: 301
[    0.004152] Mount-cache hash table entries: 2048 (order: 1, 8192 bytes)
[    0.004160] Mountpoint-cache hash table entries: 2048 (order: 1, 8192 bytes)
[    0.004638] CPU: Testing write buffer coherency: ok
[    0.004786] /cpus/cpu@0 missing clock-frequency property
[    0.004798] /cpus/cpu@1 missing clock-frequency property
[    0.004807] CPU0: thread -1, cpu 0, socket 0, mpidr 80000000
[    0.004826] Setting up static identity map for 0x80300000 - 0x80300098
[    0.008708] CPU1: thread -1, cpu 1, socket 0, mpidr 80000001
[    0.008783] Brought up 2 CPUs
[    0.008794] SMP: Total of 2 processors activated (24.57 BogoMIPS).
[    0.008800] CPU: All CPU(s) started in SVC mode.
[    0.009798] devtmpfs: initialized
[    0.021902] VFP support v0.3: implementor 41 architecture 4 part 30 variant f rev 0
[    0.022203] clocksource: jiffies: mask: 0xffffffff max_cycles: 0xffffffff, max_idle_ns: 9556302231375000 ns
[    0.023011] pinctrl core: initialized pinctrl subsystem
[    0.024320] NET: Registered protocol family 16
[    0.025774] DMA: preallocated 256 KiB pool for atomic coherent allocations
[    0.026596] omap_hwmod: l3_main_3 using broken dt data from ocp
[    0.027110] omap_hwmod: l3_main_2 using broken dt data from ocp
[    0.105235] cpuidle: using governor menu
[    0.110853] OMAP GPIO hardware version 0.1
[    0.115776] GPIO line 234 (gpio8_234/msecure) hogged as output/high
[    0.116380] platform 50000000.gpmc: Cannot lookup hwmod 'gpmc'
[    0.116514] omap-gpmc 50000000.gpmc: _od_fail_runtime_resume: FIXME: missing hwmod/omap_dev info
[    0.116525] omap-gpmc 50000000.gpmc: GPMC revision 6.0
[    0.119228] irq: no irq domain found for /ocp/l4@4a000000/scm@2800/pinmux@40 !
[    0.120516] irq: no irq domain found for /ocp/l4@4a000000/scm@2800/pinmux@40 !
[    0.129920] No ATAGs?
[    0.129939] hw-breakpoint: found 5 (+1 reserved) breakpoint and 4 watchpoint registers.
[    0.129946] hw-breakpoint: maximum watchpoint size is 8 bytes.
[    0.130763] OMAP DMA hardware revision 0.0
[    0.135631] Serial: AMBA PL011 UART driver
[    0.160052] omap-dma-engine 4a056000.dma-controller: OMAP DMA engine driver
[    0.161814] vsys_cobra: supplied by vmain
[    0.162336] reg-fixed-voltage fixedregulator-mmcsdio: could not find pctldev for node /ocp/l4@4a000000/scm@2800/pinmux@40/pinmux_wlan_pins, deferring probe
[    0.165241] vgaarb: loaded
[    0.165872] SCSI subsystem initialized
[    0.166160] usbcore: registered new interface driver usbfs
[    0.166207] usbcore: registered new interface driver hub
[    0.166245] usbcore: registered new device driver usb
[    0.166785] omap_i2c 48070000.i2c: could not find pctldev for node /ocp/l4@4a000000/scm@2800/pinmux@40/pinmux_i2c1_pins, deferring probe
[    0.167076] omap_i2c 48072000.i2c: bus 1 rev0.12 at 100 kHz
[    0.167341] omap_i2c 48060000.i2c: bus 2 rev0.12 at 100 kHz
[    0.167612] omap_i2c 4807a000.i2c: bus 3 rev0.12 at 100 kHz
[    0.167644] omap_i2c 4807c000.i2c: could not find pctldev for node /ocp/l4@4a000000/scm@2800/pinmux@40/pinmux_i2c5_pins, deferring probe
[    0.168520] pps_core: LinuxPPS API ver. 1 registered
[    0.168526] pps_core: Software ver. 5.3.6 - Copyright 2005-2007 Rodolfo Giometti <giometti@linux.it>
[    0.168543] PTP clock support registered
[    0.168717] EDAC MC: Ver: 3.0.0
[    0.170631] clocksource: Switched to clocksource arch_sys_counter
[    0.178276] NET: Registered protocol family 2
[    0.178637] TCP established hash table entries: 8192 (order: 3, 32768 bytes)
[    0.178697] TCP bind hash table entries: 8192 (order: 4, 65536 bytes)
[    0.178821] TCP: Hash tables configured (established 8192 bind 8192)
[    0.178860] UDP hash table entries: 512 (order: 2, 16384 bytes)
[    0.178889] UDP-Lite hash table entries: 512 (order: 2, 16384 bytes)
[    0.178996] NET: Registered protocol family 1
[    0.179225] RPC: Registered named UNIX socket transport module.
[    0.179232] RPC: Registered udp transport module.
[    0.179237] RPC: Registered tcp transport module.
[    0.179243] RPC: Registered tcp NFSv4.1 backchannel transport module.
[    0.212476] hw perfevents: enabled with armv7_cortex_a15 PMU driver, 7 counters available
[    0.214112] futex hash table entries: 512 (order: 3, 32768 bytes)
[    0.214701] workingset: timestamp_bits=28 max_order=19 bucket_order=0
[    0.222702] squashfs: version 4.0 (2009/01/31) Phillip Lougher
[    0.223289] NFS: Registering the id_resolver key type
[    0.223313] Key type id_resolver registered
[    0.223319] Key type id_legacy registered
[    0.223352] ntfs: driver 2.1.32 [Flags: R/O].
[    0.224242] bounce: pool size: 64 pages
[    0.224388] Block layer SCSI generic (bsg) driver version 0.4 loaded (major 248)
[    0.224396] io scheduler noop registered
[    0.224403] io scheduler deadline registered
[    0.224538] io scheduler cfq registered (default)
[    0.228888] ti-pipe3 4a096000.phy: can't get syscon-pllreset, sata dpll won't idle
[    0.230731] libphy: mdio_driver_register: phy-bcm-ns2-pci
[    0.231975] pinctrl-single 4a002840.pinmux: 219 pins at pa fc002840 size 438
[    0.232169] pinctrl-single 4ae0c840.pinmux: 30 pins at pa fce0c840 size 60
[    0.289134] Serial: 8250/16550 driver, 4 ports, IRQ sharing disabled
[    0.291576] SuperH (H)SCI(F) driver initialized
[    0.292552] msm_serial: driver initialized
[    0.292759] omap_uart 4806a000.serial: no wakeirq for uart0
[    0.292842] 4806a000.serial: ttyO0 at MMIO 0x4806a000 (irq = 304, base_baud = 3000000) is a OMAP UART0
[    0.293108] omap_uart 4806c000.serial: no wakeirq for uart1
[    0.293179] 4806c000.serial: ttyO1 at MMIO 0x4806c000 (irq = 305, base_baud = 3000000) is a OMAP UART1
[    0.293512] 48020000.serial: ttyO2 at MMIO 0x48020000 (irq = 306, base_baud = 3000000) is a OMAP UART2
[    1.132030] console [ttyO2] enabled
[    1.135921] omap_uart 4806e000.serial: no wakeirq for uart3
[    1.141809] 4806e000.serial: ttyO3 at MMIO 0x4806e000 (irq = 307, base_baud = 3000000) is a OMAP UART3
[    1.151777] omap_uart 48066000.serial: no wakeirq for uart4
[    1.157665] 48066000.serial: ttyO4 at MMIO 0x48066000 (irq = 308, base_baud = 3000000) is a OMAP UART4
[    1.167620] omap_uart 48068000.serial: no wakeirq for uart5
[    1.173502] 48068000.serial: ttyO5 at MMIO 0x48068000 (irq = 309, base_baud = 3000000) is a OMAP UART5
[    1.183511] STMicroelectronics ASC driver initialized
[    1.191935] [drm] Initialized drm 1.1.0 20060810
[    1.208516] brd: module loaded
[    1.215655] loop: module loaded
[    1.220569] ahci 4a140000.sata: SSS flag set, parallel bus scan disabled
[    1.227590] ahci 4a140000.sata: AHCI 0001.0300 32 slots 1 ports 3 Gbps 0x1 impl platform mode
[    1.236494] ahci 4a140000.sata: flags: 64bit ncq sntf stag pm led clo only pmp pio slum part ccc apst 
[    1.246910] scsi host0: ahci
[    1.250131] ata1: SATA max UDMA/133 mmio [mem 0x4a140000-0x4a1410ff] port 0x100 irq 336
[    1.266152] libphy: Fixed MDIO Bus: probed
[    1.271132] CAN device driver interface
[    1.277068] igb: Intel(R) Gigabit Ethernet Network Driver - version 5.3.0-k
[    1.284339] igb: Copyright (c) 2007-2014 Intel Corporation.
[    1.293326] pegasus: v0.9.3 (2013/04/25), Pegasus/Pegasus II USB Ethernet driver
[    1.301100] usbcore: registered new interface driver pegasus
[    1.307060] usbcore: registered new interface driver asix
[    1.312735] usbcore: registered new interface driver ax88179_178a
[    1.319129] usbcore: registered new interface driver cdc_ether
[    1.325263] usbcore: registered new interface driver smsc75xx
[    1.331304] usbcore: registered new interface driver smsc95xx
[    1.337339] usbcore: registered new interface driver net1080
[    1.343286] usbcore: registered new interface driver cdc_subset
[    1.349499] usbcore: registered new interface driver zaurus
[    1.355370] usbcore: registered new interface driver cdc_ncm
[    1.361926] omap-dwc3 4a020000.omap_dwc3: vbus init failed
[    1.368838] ehci_hcd: USB 2.0 'Enhanced' Host Controller (EHCI) Driver
[    1.375657] ehci-pci: EHCI PCI platform driver
[    1.380319] ehci-platform: EHCI generic platform driver
[    1.385975] ehci-orion: EHCI orion driver
[    1.390291] SPEAr-ehci: EHCI SPEAr driver
[    1.394626] ehci-st: EHCI STMicroelectronics driver
[    1.399866] ehci-exynos: EHCI EXYNOS driver
[    1.404398] ehci-atmel: EHCI Atmel driver
[    1.408729] tegra-ehci: Tegra EHCI driver
[    1.413074] ohci_hcd: USB 1.1 'Open' Host Controller (OHCI) Driver
[    1.419537] ohci-pci: OHCI PCI platform driver
[    1.424207] ohci-platform: OHCI generic platform driver
[    1.429821] ohci-omap3: OHCI OMAP3 driver
[    1.444728] ohci-omap3 4a064800.ohci: OHCI Host Controller
[    1.450481] ohci-omap3 4a064800.ohci: new USB bus registered, assigned bus number 1
[    1.458595] ohci-omap3 4a064800.ohci: irq 403, io mem 0x4a064800
[    1.540297] hub 1-0:1.0: USB hub found
[    1.544251] hub 1-0:1.0: 3 ports detected
[    1.548904] SPEAr-ohci: OHCI SPEAr driver
[    1.553262] ohci-st: OHCI STMicroelectronics driver
[    1.558512] ohci-atmel: OHCI Atmel driver
[    1.563417] usbcore: registered new interface driver usb-storage
[    1.571136] mousedev: PS/2 mouse device common for all mice
[    1.580042] i2c /dev entries driver
[    1.580866] ata1: SATA link down (SStatus 0 SControl 300)
[    1.601647] sdhci: Secure Digital Host Controller Interface driver
[    1.608103] sdhci: Copyright(c) Pierre Ossman
[    1.671637] Synopsys Designware Multimedia Card Interface Driver
[    1.678991] sdhci-pltfm: SDHCI platform and OF driver helper
[    1.687146] ledtrig-cpu: registered to indicate activity on CPUs
[    1.693682] usbcore: registered new interface driver usbhid
[    1.699509] usbhid: USB HID core driver
[    1.708909] NET: Registered protocol family 10
[    1.714187] sit: IPv6 over IPv4 tunneling driver
[    1.719491] NET: Registered protocol family 17
[    1.724143] can: controller area network core (rev 20120528 abi 9)
[    1.730661] NET: Registered protocol family 29
[    1.735296] can: raw protocol (rev 20120528)
[    1.739760] can: broadcast manager protocol (rev 20160617 t)
[    1.745673] can: netlink gateway (rev 20130117) max_hops=1
[    1.751694] Key type dns_resolver registered
[    1.756313] omap_vc_init_channel: No PMIC info for vdd_core
[    1.762139] omap_vp_init: No PMIC info for vdd_core
[    1.767234] omap_vc_init_channel: No PMIC info for vdd_mm
[    1.772876] omap_vp_init: No PMIC info for vdd_mm
[    1.777791] omap_vc_init_channel: No PMIC info for vdd_mpu
[    1.783517] omap_vp_init: No PMIC info for vdd_mpu
[    1.788600] Power Management for TI OMAP4+ devices.
[    1.793812] ThumbEE CPU extension supported.
[    1.798299] Registering SWP/SWPB emulation handler
[    1.806965] palmas 0-0048: Irq flag is 0x00000000
[    1.827705] palmas 0-0048: Muxing GPIO 2, PWM 0, LED 0
[    1.838635] palmas-rtc 48070000.i2c:palmas@48:rtc: rtc core: registered 48070000.i2c:palmas as rtc0
[    1.854043] SMPS6: supplied by vsys_cobra
[    1.858572] smps6: Bringing 1350000uV into 1200000-1200000uV
[    1.866193] SMPS7: supplied by vsys_cobra
[    1.871135] vdds_1v8_main: supplied by smps7
[    1.876499] SMPS8: supplied by vsys_cobra
[    1.882236] SMPS9: supplied by vsys_cobra
[    1.886755] smps9: Bringing 0uV into 2100000-2100000uV
[    1.894778] LDO1: supplied by vsys_cobra
[    1.899209] ldo1: Bringing 0uV into 1800000-1800000uV
[    1.905597] LDO2: supplied by vsys_cobra
[    1.910028] ldo2: Bringing 0uV into 2800000-2800000uV
[    1.916434] LDO3: supplied by vdds_1v8_main
[    1.922460] LDO4: supplied by vdds_1v8_main
[    1.927157] ldo4: Bringing 0uV into 1800000-1800000uV
[    1.933545] LDO5: supplied by vsys_cobra
[    1.939350] LDO6: supplied by vdds_1v8_main
[    1.943780] mmc0: new high speed MMC card at address 0001
[    1.946968] LDO7: supplied by vsys_cobra
[    1.947299] ldo7: Bringing 0uV into 2000000-2000000uV
[    1.948485] LDO8: supplied by vsys_cobra
[    1.950197] LDO9: supplied by vmmcsd_fixed
[    1.952384] LDOLN: supplied by vsys_cobra
[    1.954112] LDOUSB: supplied by vsys_cobra
[    1.958709] omap_i2c 48070000.i2c: bus 0 rev0.12 at 400 kHz
[    1.971465] omap_i2c 4807c000.i2c: bus 4 rev0.12 at 400 kHz
[    1.972409] ------------[ cut here ]------------
[    1.972425] WARNING: CPU: 0 PID: 88 at drivers/bus/omap_l3_noc.c:147 l3_interrupt_handler+0x23c/0x340
[    1.972430] 44000000.ocp:L3 Custom Error: MASTER MPU TARGET L4CFG (Read): Data Access in User mode during Functional access
[    1.972435] Modules linked in:
[    1.972442] CPU: 0 PID: 88 Comm: irq/333-dwc3-om Not tainted 4.7.0-rc4-next-20160622-00002-gb1186c0a3724 #1
[    1.972444] Hardware name: Generic OMAP5 (Flattened Device Tree)
[    1.972462] [<c0310440>] (unwind_backtrace) from [<c030bb20>] (show_stack+0x10/0x14)
[    1.972470] [<c030bb20>] (show_stack) from [<c059365c>] (dump_stack+0x98/0xac)
[    1.972480] [<c059365c>] (dump_stack) from [<c0342bf0>] (__warn+0xe8/0x100)
[    1.972489] [<c0342bf0>] (__warn) from [<c0342c40>] (warn_slowpath_fmt+0x38/0x48)
[    1.972499] [<c0342c40>] (warn_slowpath_fmt) from [<c05c4cec>] (l3_interrupt_handler+0x23c/0x340)
[    1.972511] [<c05c4cec>] (l3_interrupt_handler) from [<c03869a4>] (__handle_irq_event_percpu+0x88/0x118)
[    1.972519] [<c03869a4>] (__handle_irq_event_percpu) from [<c0386a50>] (handle_irq_event_percpu+0x1c/0x58)
[    1.972526] [<c0386a50>] (handle_irq_event_percpu) from [<c0386ad0>] (handle_irq_event+0x44/0x68)
[    1.972533] [<c0386ad0>] (handle_irq_event) from [<c0389e5c>] (handle_fasteoi_irq+0xb4/0x194)
[    1.972540] [<c0389e5c>] (handle_fasteoi_irq) from [<c0386010>] (generic_handle_irq+0x24/0x34)
[    1.972546] [<c0386010>] (generic_handle_irq) from [<c03862c0>] (__handle_domain_irq+0x5c/0xb4)
[    1.972552] [<c03862c0>] (__handle_domain_irq) from [<c0301764>] (gic_handle_irq+0x54/0x98)
[    1.972558] [<c0301764>] (gic_handle_irq) from [<c030c654>] (__irq_svc+0x54/0x70)
[    1.972562] Exception stack(0xee6bfec8 to 0xee6bff10)
[    1.972568] fec0:                   0000014d ee69ec90 fc020000 fc020034 ee69ec90 ee6a18e4
[    1.972574] fee0: ee191d80 00000000 c03879e0 c140e0ac 00000000 00000000 00000000 ee6bff18
[    1.972578] ff00: c03879fc c09106c8 60000013 ffffffff
[    1.972590] [<c030c654>] (__irq_svc) from [<c09106c8>] (dwc3_omap_interrupt_thread+0x20/0x80)
[    1.972600] [<c09106c8>] (dwc3_omap_interrupt_thread) from [<c03879fc>] (irq_thread_fn+0x1c/0x34)
[    1.972607] [<c03879fc>] (irq_thread_fn) from [<c0387d0c>] (irq_thread+0x13c/0x1ec)
[    1.972614] [<c0387d0c>] (irq_thread) from [<c035dd98>] (kthread+0xdc/0xf4)
[    1.972622] [<c035dd98>] (kthread) from [<c0307eb8>] (ret_from_fork+0x14/0x3c)
[    1.972626] ---[ end trace abd885afa6c79d90 ]---
[    1.972633] Unhandled fault: imprecise external abort (0x1406) at 0x00000000
[    1.972636] pgd = c0204000
[    1.972640] [00000000] *pgd=00000000
[    1.972646] Internal error: : 1406 [#1] SMP ARM
[    1.972651] Modules linked in:
[    1.972656] CPU: 0 PID: 88 Comm: irq/333-dwc3-om Tainted: G        W       4.7.0-rc4-next-20160622-00002-gb1186c0a3724 #1
[    1.972658] Hardware name: Generic OMAP5 (Flattened Device Tree)
[    1.972662] task: ee5bef40 ti: ee6be000 task.ti: ee6be000
[    1.972668] PC is at dwc3_omap_interrupt_thread+0x20/0x80
[    1.972672] LR is at irq_thread_fn+0x1c/0x34
[    1.972676] pc : [<c09106c8>]    lr : [<c03879fc>]    psr: 60000013
[    1.972676] sp : ee6bff18  ip : 00000000  fp : 00000000
[    1.972679] r10: 00000000  r9 : c140e0ac  r8 : c03879e0
[    1.972682] r7 : 00000000  r6 : ee191d80  r5 : ee6a18e4  r4 : ee69ec90
[    1.972686] r3 : fc020034  r2 : fc020000  r1 : ee69ec90  r0 : 0000014d
[    1.972691] Flags: nZCv  IRQs on  FIQs on  Mode SVC_32  ISA ARM  Segment none
[    1.972694] Control: 10c5387d  Table: 8020406a  DAC: 00000051
[    1.972697] Process irq/333-dwc3-om (pid: 88, stack limit = 0xee6be220)
[    1.972700] Stack: (0xee6bff18 to 0xee6c0000)
[    1.972705] ff00:                                                       ee6a18c0 ee6a18e4
[    1.972711] ff20: ee191d80 ee6a18c0 c03879e0 c03879fc ee6be000 ee6a18e4 ee191d80 c0387d0c
[    1.972717] ff40: 00000000 c0387b14 00000000 ee6a1900 ee6a18c0 c0387bd0 00000000 00000000
[    1.972723] ff60: 00000000 c035dd98 00480e80 00000000 00000001 ee6a18c0 00000000 00000000
[    1.972729] ff80: ee6bff80 ee6bff80 00000000 00000000 ee6bff90 ee6bff90 ee6bffac ee6a1900
[    1.972735] ffa0: c035dcbc 00000000 00000000 c0307eb8 00000000 00000000 00000000 00000000
[    1.972740] ffc0: 00000000 00000000 00000000 00000000 00000000 00000000 00000000 00000000
[    1.972745] ffe0: 00000000 00000000 00000000 00000000 00000013 00000000 00000000 00000000
[    1.972755] [<c09106c8>] (dwc3_omap_interrupt_thread) from [<c03879fc>] (irq_thread_fn+0x1c/0x34)
[    1.972762] [<c03879fc>] (irq_thread_fn) from [<c0387d0c>] (irq_thread+0x13c/0x1ec)
[    1.972768] [<c0387d0c>] (irq_thread) from [<c035dd98>] (kthread+0xdc/0xf4)
[    1.972775] [<c035dd98>] (kthread) from [<c0307eb8>] (ret_from_fork+0x14/0x3c)
[    1.972782] Code: e2833034 e0823003 e5937000 f57ff04f (e5916014) 
[    1.972786] ---[ end trace abd885afa6c79d91 ]---
[    1.972802] Unable to handle kernel paging request at virtual address ffffffec
[    1.972804] pgd = c0204000
[    1.972813] [ffffffec] *pgd=affff861, *pte=00000000, *ppte=00000000
[    1.972818] Internal error: Oops: 37 [#2] SMP ARM
[    1.972821] Modules linked in:
[    1.972826] CPU: 0 PID: 88 Comm: irq/333-dwc3-om Tainted: G      D W       4.7.0-rc4-next-20160622-00002-gb1186c0a3724 #1
[    1.972828] Hardware name: Generic OMAP5 (Flattened Device Tree)
[    1.972831] task: ee5bef40 ti: ee6be000 task.ti: ee6be000
[    1.972835] PC is at kthread_data+0x4/0xc
[    1.972839] LR is at irq_thread_dtor+0x28/0xbc
[    1.972843] pc : [<c035e364>]    lr : [<c0387b3c>]    psr: 20000193
[    1.972843] sp : ee6bfd58  ip : ee6bff84  fp : c09106ca
[    1.972847] r10: ee5bf338  r9 : c09106cc  r8 : ee6bfd80
[    1.972849] r7 : ee5bef40  r6 : 00000000  r5 : c1413204  r4 : ee5bef40
[    1.972852] r3 : 00000000  r2 : ee6bff40  r1 : 00000009  r0 : ee5bef40
[    1.972856] Flags: nzCv  IRQs off  FIQs on  Mode SVC_32  ISA ARM  Segment none
[    1.972859] Control: 10c5387d  Table: 8020406a  DAC: 00000051
[    1.972862] Process irq/333-dwc3-om (pid: 88, stack limit = 0xee6be220)
[    1.972865] Stack: (0xee6bfd58 to 0xee6c0000)
[    1.972869] fd40:                                                       ee5bf324 c1413204
[    1.972875] fd60: 00000000 c035c5b0 ee5bef40 00000000 0000000b 00000001 ee6bfd80 c0345020
[    1.972881] fd80: c0ee2560 c03cc710 0000022e c1410604 c13075ac ee6bfec8 60000193 0000000b
[    1.972887] fda0: c09106cc 00000001 c09106ca c030bf84 ee6be220 0000000b 00000000 ee6be000
[    1.972893] fdc0: 00000000 00000008 65000000 33333832 20343330 32383065 33303033 39356520
[    1.972899] fde0: 30303733 35662030 30666637 28206634 31393565 34313036 c0002029 ee6bfe1c
[    1.972905] fe00: 00001313 c1307ffc 00001406 00000007 00000000 ee6bfec8 c140e0ac 00000000
[    1.972911] fe20: 00000000 c0301328 00000000 070e8921 00000007 00000000 00030003 00000000
[    1.972917] fe40: ee008000 fa213000 00000000 c0386a80 eefcbbc0 00000004 c1217bc0 ee141540
[    1.972923] fe60: ee1415a0 c0386ad0 ee141540 c130a7c8 ee141540 c0389efc c1215dec 00000018
[    1.972929] fe80: 00000000 00000000 c1215dec 00000018 c1302818 c133fc60 fa21200c ee6bfec8
[    1.972935] fea0: fa212000 c0301764 c09106c8 60000013 c09106c8 60000013 ffffffff ee6bfefc
[    1.972941] fec0: c03879e0 c030c5e0 0000014d ee69ec90 fc020000 fc020034 ee69ec90 ee6a18e4
[    1.972947] fee0: ee191d80 00000000 c03879e0 c140e0ac 00000000 00000000 00000000 ee6bff18
[    1.972953] ff00: c03879fc c09106c8 60000013 ffffffff 00000051 ee191d80 ee6a18c0 ee6a18e4
[    1.972959] ff20: ee191d80 ee6a18c0 c03879e0 c03879fc ee6be000 ee6a18e4 ee191d80 c0387d0c
[    1.972965] ff40: 00000000 c0387b14 00000000 ee6a1900 ee6a18c0 c0387bd0 00000000 00000000
[    1.972970] ff60: 00000000 c035dd98 00480e80 00000000 00000001 ee6a18c0 00000000 00000000
[    1.972976] ff80: ee6bff80 ee6bff80 00000001 00010001 ee6bff90 ee6bff90 ee6bffac ee6a1900
[    1.972982] ffa0: c035dcbc 00000000 00000000 c0307eb8 00000000 00000000 00000000 00000000
[    1.972987] ffc0: 00000000 00000000 00000000 00000000 00000000 00000000 00000000 00000000
[    1.972993] ffe0: 00000000 00000000 00000000 00000000 00000013 00000000 00000000 00000000
[    1.973000] [<c035e364>] (kthread_data) from [<c0387b3c>] (irq_thread_dtor+0x28/0xbc)
[    1.973010] [<c0387b3c>] (irq_thread_dtor) from [<c035c5b0>] (task_work_run+0xb8/0xe8)
[    1.973020] [<c035c5b0>] (task_work_run) from [<c0345020>] (do_exit+0x320/0xa84)
[    1.973027] [<c0345020>] (do_exit) from [<c030bf84>] (die+0x460/0x46c)
[    1.973032] [<c030bf84>] (die) from [<c0301328>] (do_DataAbort+0xb4/0xb8)
[    1.973038] [<c0301328>] (do_DataAbort) from [<c030c5e0>] (__dabt_svc+0x40/0x60)
[    1.973041] Exception stack(0xee6bfec8 to 0xee6bff10)
[    1.973046] fec0:                   0000014d ee69ec90 fc020000 fc020034 ee69ec90 ee6a18e4
[    1.973051] fee0: ee191d80 00000000 c03879e0 c140e0ac 00000000 00000000 00000000 ee6bff18
[    1.973056] ff00: c03879fc c09106c8 60000013 ffffffff
[    1.973064] [<c030c5e0>] (__dabt_svc) from [<c09106c8>] (dwc3_omap_interrupt_thread+0x20/0x80)
[    1.973073] [<c09106c8>] (dwc3_omap_interrupt_thread) from [<c03879fc>] (irq_thread_fn+0x1c/0x34)
[    1.973080] [<c03879fc>] (irq_thread_fn) from [<c0387d0c>] (irq_thread+0x13c/0x1ec)
[    1.973085] [<c0387d0c>] (irq_thread) from [<c035dd98>] (kthread+0xdc/0xf4)
[    1.973091] [<c035dd98>] (kthread) from [<c0307eb8>] (ret_from_fork+0x14/0x3c)
[    1.973097] Code: e3a02002 e0431101 eaffff8f e59032f8 (e5130014) 
[    1.973101] ---[ end trace abd885afa6c79d92 ]---
[    1.973104] Fixing recursive fault but reboot is needed!
[    2.876998] mmcblk0: mmc0:0001 SEM04G 3.69 GiB 
[    2.881910] mmcblk0boot0: mmc0:0001 SEM04G partition 1 2.00 MiB
[    2.888265] mmcblk0boot1: mmc0:0001 SEM04G partition 2 2.00 MiB
[    2.895267]  mmcblk0: p1 p2
- 08:32:38 [INFO] Boot attempt 1/1 failed
- 08:32:38 [INFO] Collecting kernel traces via sysrq...
- 08:32:48 [INFO] 
- 08:32:58 [INFO] 
- 08:33:09 [INFO] 
- 08:33:09 [INFO] Disconnected serial from omap5-evm
URL:gtsystest.telogy.design.ti.com/vatf/tigtfarm08/tigtfarm08_vatf@omap5-evm/tigtfarm0806_22_2016_08_28_26/files/session_iteration_1/test_1
