- 02:29:34 [INFO] Starting target session
- 02:29:34 [INFO] Connected to omap5-evm via serial 
- 02:29:34 [INFO] Host: #check prompt
- 02:29:37 [ERROR] On command: #check prompt waiting for #check prompt.+?(?-mix:((?-mix:login:)|[Pp]assword)) >>> error: execution expired
- 02:29:37 [INFO] Target: 
#check prompt
root@omap5-evm:/test# 
- 02:29:37 [INFO] Host: #check prompt
- 02:29:37 [INFO] Target: 
#check prompt
root@omap5-evm:/test# 
- 02:29:37 [INFO] Host: sync;poweroff
- 02:29:49 [INFO] Target: 
sync;poweroff
Broadcast message from root@omap5-evm (ttyO2) (Sun Mar  6 01:33:28 2016):
The system is going down for system halt NOW!
INIT: Switc5test# 
INIT: Sending processes the TERM signal
hwclock: can't open '/dev/misc/rtc': No such file or directory
Stopping syslogd/klogd: stopped syslogd (pid 299)
stopped klogd (pid 302)
done
Deconfiguring network interfaces... ifdown: interface eth0 not configured
done.
Sending all processes the TERM signal...
Sending all processes the KILL signal...
Unmounting remote filesystems...
Deactivating swap...
Unmounting local filesystems...
[ 3524.572664] EXT4-fs (mmcblk1p2): re-mounted. Opts: data=ordered
[ 3526.928976] reboot: Power down
- 02:29:49 [INFO] Disconnected serial from omap5-evm
- 02:29:54 [INFO] Connected to omap5-evm via serial 
- 02:29:54 [INFO] Host: 
- 02:29:55 [INFO] Target: 
SATA link 0 timeout.
AHCI 0001.0300 32 slots 1 ports 3 Gbps 0x1 impl SATA mode
flags: 64bit ncq stag pm led clo only pmp pio slum part ccc apst 
scanning bus for devices...
Found 0 device(s).
Net:   No ethernet found.
Hit any key to stop autoboot:  2  0
=>  
=>  
=>  
=>  
=>  
- 02:29:55 [INFO] Host: 
- 02:29:55 [INFO] Target: 
- 02:29:55 [INFO] Host: version
- 02:29:55 [INFO] Target: 
version
U-Boot 2016.09-rc2-00020-g46fe9eb (Aug 25 2016 - 09:03:55 -0400)
arm-linux-gnueabihf-gcc (Linaro GCC 5.3-2016.02) 5.3.1 20160113
GNU ld (GNU Binutils) 2.25.0 Linaro 2015_10
- 02:29:55 [INFO] Host: setenv bootargs 'console=ttyO2,115200n8 earlyprintk=serial,ttyO2,115200n8 rootwait '
- 02:29:55 [INFO] Target: 
setenv bootargs 'console=ttyO2,115200n8 earlyprintk=serial,ttyO2,115200n8 rootwait '
- 02:29:55 [INFO] Host: setenv bootcmd  ''
- 02:29:55 [INFO] Target: 
setenv bootcmd  ''
- 02:29:55 [INFO] Host: setenv autoload 'no'
- 02:29:55 [INFO] Target: 
setenv autoload 'no'
- 02:29:55 [INFO] Host: setenv serverip '192.168.0.1'
- 02:29:56 [INFO] Target: 
setenv serverip '192.168.0.1'
- 02:29:56 [INFO] Host: setenv _initramfs -
- 02:29:56 [INFO] Target: 
setenv _initramfs -
- 02:29:56 [INFO] Host: printenv
- 02:29:56 [INFO] Target: 
printenv
_initramfs=-
arch=arm
args_mmc=run finduuid;setenv bootargs console=${console} ${optargs} root=PARTUUID=${uuid} rw rootfstype=${mmcrootfstype}
autoload=no
baudrate=115200
board=omap5_uevm
board_name=omap5_uevm
bootargs=console=ttyO2,115200n8 earlyprintk=serial,ttyO2,115200n8 rootwait 
bootcmd=
bootdelay=2
bootdir=/boot
bootenvfile=uEnv.txt
bootfile=zImage
bootm_size=0x10000000
bootpart=0:2
bootscript=echo Running bootscript from mmc${mmcdev} ...; source ${loadaddr}
console=ttyO2,115200n8
cpu=armv7
dfu_alt_info_emmc=rawemmc raw 0 3751936;boot part 1 1;rootfs part 1 2;MLO fat 1 1;MLO.raw raw 0x100 0x100;u-boot.img.raw raw 0x300 0x400;spl-os-args.raw raw 0x80 0x80;spl-os-image.raw raw 0x900 0x2000;spl-os-args fat 1 1;spl-os-image fat 1 1;u-boot.img fat 1 1;uEnv.txt fat 1 1
dfu_alt_info_mmc=boot part 0 1;rootfs part 0 2;MLO fat 0 1;MLO.raw raw 0x100 0x100;u-boot.img.raw raw 0x300 0x400;spl-os-args.raw raw 0x80 0x80;spl-os-image.raw raw 0x900 0x2000;spl-os-args fat 0 1;spl-os-image fat 0 1;u-boot.img fat 0 1;uEnv.txt fat 0 1
dfu_alt_info_ram=kernel ram 0x80200000 0x4000000;fdt ram 0x80f80000 0x80000;ramdisk ram 0x81000000 0x4000000
dfu_bufsiz=0x10000
dofastboot=0
envboot=mmc dev ${mmcdev}; if mmc rescan; then echo SD/MMC found on device ${mmcdev};if run loadbootscript; then run bootscript;else if run loadbootenv; then echo Loaded env from ${bootenvfile};run importbootenv;fi;if test -n $uenvcmd; then echo Running uenvcmd ...;run uenvcmd;fi;fi;fi;
fdt_addr_r=0x88000000
fdtaddr=0x88000000
fdtfile=undefined
findfdt=if test $board_name = omap5_uevm; then setenv fdtfile omap5-uevm.dtb; fi; if test $board_name = dra7xx; then setenv fdtfile dra7-evm.dtb; fi;if test $board_name = dra72x-revc; then setenv fdtfile dra72-evm-revc.dtb; fi;if test $board_name = dra72x; then setenv fdtfile dra72-evm.dtb; fi;if test $board_name = beagle_x15; then setenv fdtfile am57xx-beagle-x15.dtb; fi;if test $board_name = beagle_x15_revb1; then setenv fdtfile am57xx-beagle-x15-revb1.dtb; fi;if test $board_name = am57xx_evm; then setenv fdtfile am57xx-evm.dtb; fi;if test $board_name = am57xx_evm_reva3; then setenv fdtfile am57xx-evm-reva3.dtb; fi;if test $board_name = am572x_idk; then setenv fdtfile am572x-idk.dtb; fi;if test $board_name = am571x_idk; then setenv fdtfile am571x-idk.dtb; fi;if test $fdtfile = undefined; then echo WARNING: Could not determine device tree to use; fi; 
finduuid=part uuid mmc 0:2 uuid
importbootenv=echo Importing environment from mmc${mmcdev} ...; env import -t ${loadaddr} ${filesize}
kernel_addr_r=0x82000000
loadaddr=0x82000000
loadbootenv=fatload mmc ${mmcdev} ${loadaddr} ${bootenvfile}
loadbootscript=fatload mmc ${mmcdev} ${loadaddr} boot.scr
loadfdt=load mmc ${bootpart} ${fdtaddr} ${bootdir}/${fdtfile};
loadimage=load mmc ${bootpart} ${loadaddr} ${bootdir}/${bootfile}
mmcboot=mmc dev ${mmcdev}; if mmc rescan; then echo SD/MMC found on device ${mmcdev};if run loadimage; then run loadfdt; echo Booting from mmc${mmcdev} ...; run args_mmc; bootz ${loadaddr} - ${fdtaddr}; fi;fi;
mmcdev=0
mmcrootfstype=ext4 rootwait
netargs=setenv bootargs console=${console} ${optargs} root=/dev/nfs nfsroot=${serverip}:${rootpath},${nfsopts} rw ip=dhcp
netboot=echo Booting from network ...; setenv autoload no; dhcp; run netloadimage; run netloadfdt; run netargs; bootz ${loadaddr} - ${fdtaddr}
netloadfdt=tftp ${fdtaddr} ${fdtfile}
netloadimage=tftp ${loadaddr} ${bootfile}
nfsopts=nolock
partitions=uuid_disk=${uuid_gpt_disk};name=rootfs,start=2MiB,size=-,uuid=${uuid_gpt_rootfs}
pxefile_addr_r=0x80100000
ramdisk_addr_r=0x88080000
rdaddr=0x88080000
rootpath=/export/rootfs
scriptaddr=0x80000000
scsidevs=0
serverip=192.168.0.1
soc=omap5
static_ip=${ipaddr}:${serverip}:${gatewayip}:${netmask}:${hostname}::off
stderr=serial
stdin=serial
stdout=serial
usbethaddr=02:21:03:74:17:10
usbtty=cdc_acm
vendor=ti
ver=U-Boot 2016.09-rc2-00020-g46fe9eb (Aug 25 2016 - 09:03:55 -0400)
vram=16M
Environment size: 4044/131067 bytes
- 02:29:56 [INFO] Host: usb start
- 02:29:58 [INFO] Target: 
usb start
starting USB...
USB0:   USB EHCI 1.00
scanning bus 0 for devices... 2 USB Device(s) found
       scanning usb for storage devices... 0 Storage Device(s) found
       scanning usb for ethernet devices... 1 Ethernet Device(s) found
- 02:29:58 [INFO] Host: printenv
- 02:29:59 [INFO] Target: 
printenv
_initramfs=-
arch=arm
args_mmc=run finduuid;setenv bootargs console=${console} ${optargs} root=PARTUUID=${uuid} rw rootfstype=${mmcrootfstype}
autoload=no
baudrate=115200
board=omap5_uevm
board_name=omap5_uevm
bootargs=console=ttyO2,115200n8 earlyprintk=serial,ttyO2,115200n8 rootwait 
bootcmd=
bootdelay=2
bootdir=/boot
bootenvfile=uEnv.txt
bootfile=zImage
bootm_size=0x10000000
bootpart=0:2
bootscript=echo Running bootscript from mmc${mmcdev} ...; source ${loadaddr}
console=ttyO2,115200n8
cpu=armv7
dfu_alt_info_emmc=rawemmc raw 0 3751936;boot part 1 1;rootfs part 1 2;MLO fat 1 1;MLO.raw raw 0x100 0x100;u-boot.img.raw raw 0x300 0x400;spl-os-args.raw raw 0x80 0x80;spl-os-image.raw raw 0x900 0x2000;spl-os-args fat 1 1;spl-os-image fat 1 1;u-boot.img fat 1 1;uEnv.txt fat 1 1
dfu_alt_info_mmc=boot part 0 1;rootfs part 0 2;MLO fat 0 1;MLO.raw raw 0x100 0x100;u-boot.img.raw raw 0x300 0x400;spl-os-args.raw raw 0x80 0x80;spl-os-image.raw raw 0x900 0x2000;spl-os-args fat 0 1;spl-os-image fat 0 1;u-boot.img fat 0 1;uEnv.txt fat 0 1
dfu_alt_info_ram=kernel ram 0x80200000 0x4000000;fdt ram 0x80f80000 0x80000;ramdisk ram 0x81000000 0x4000000
dfu_bufsiz=0x10000
dofastboot=0
envboot=mmc dev ${mmcdev}; if mmc rescan; then echo SD/MMC found on device ${mmcdev};if run loadbootscript; then run bootscript;else if run loadbootenv; then echo Loaded env from ${bootenvfile};run importbootenv;fi;if test -n $uenvcmd; then echo Running uenvcmd ...;run uenvcmd;fi;fi;fi;
ethact=sms0
fdt_addr_r=0x88000000
fdtaddr=0x88000000
fdtfile=undefined
findfdt=if test $board_name = omap5_uevm; then setenv fdtfile omap5-uevm.dtb; fi; if test $board_name = dra7xx; then setenv fdtfile dra7-evm.dtb; fi;if test $board_name = dra72x-revc; then setenv fdtfile dra72-evm-revc.dtb; fi;if test $board_name = dra72x; then setenv fdtfile dra72-evm.dtb; fi;if test $board_name = beagle_x15; then setenv fdtfile am57xx-beagle-x15.dtb; fi;if test $board_name = beagle_x15_revb1; then setenv fdtfile am57xx-beagle-x15-revb1.dtb; fi;if test $board_name = am57xx_evm; then setenv fdtfile am57xx-evm.dtb; fi;if test $board_name = am57xx_evm_reva3; then setenv fdtfile am57xx-evm-reva3.dtb; fi;if test $board_name = am572x_idk; then setenv fdtfile am572x-idk.dtb; fi;if test $board_name = am571x_idk; then setenv fdtfile am571x-idk.dtb; fi;if test $fdtfile = undefined; then echo WARNING: Could not determine device tree to use; fi; 
finduuid=part uuid mmc 0:2 uuid
importbootenv=echo Importing environment from mmc${mmcdev} ...; env import -t ${loadaddr} ${filesize}
kernel_addr_r=0x82000000
loadaddr=0x82000000
loadbootenv=fatload mmc ${mmcdev} ${loadaddr} ${bootenvfile}
loadbootscript=fatload mmc ${mmcdev} ${loadaddr} boot.scr
loadfdt=load mmc ${bootpart} ${fdtaddr} ${bootdir}/${fdtfile};
loadimage=load mmc ${bootpart} ${loadaddr} ${bootdir}/${bootfile}
mmcboot=mmc dev ${mmcdev}; if mmc rescan; then echo SD/MMC found on device ${mmcdev};if run loadimage; then run loadfdt; echo Booting from mmc${mmcdev} ...; run args_mmc; bootz ${loadaddr} - ${fdtaddr}; fi;fi;
mmcdev=0
mmcrootfstype=ext4 rootwait
netargs=setenv bootargs console=${console} ${optargs} root=/dev/nfs nfsroot=${serverip}:${rootpath},${nfsopts} rw ip=dhcp
netboot=echo Booting from network ...; setenv autoload no; dhcp; run netloadimage; run netloadfdt; run netargs; bootz ${loadaddr} - ${fdtaddr}
netloadfdt=tftp ${fdtaddr} ${fdtfile}
netloadimage=tftp ${loadaddr} ${bootfile}
nfsopts=nolock
partitions=uuid_disk=${uuid_gpt_disk};name=rootfs,start=2MiB,size=-,uuid=${uuid_gpt_rootfs}
pxefile_addr_r=0x80100000
ramdisk_addr_r=0x88080000
rdaddr=0x88080000
rootpath=/export/rootfs
scriptaddr=0x80000000
scsidevs=0
serverip=192.168.0.1
soc=omap5
static_ip=${ipaddr}:${serverip}:${gatewayip}:${netmask}:${hostname}::off
stderr=serial
stdin=serial
stdout=serial
usbethaddr=02:21:03:74:17:10
usbtty=cdc_acm
vendor=ti
ver=U-Boot 2016.09-rc2-00020-g46fe9eb (Aug 25 2016 - 09:03:55 -0400)
vram=16M
Environment size: 4058/131067 bytes
- 02:29:59 [INFO] Host: setenv bootargs ''${bootargs}' ip=:::::eth0:dhcp '
- 02:29:59 [INFO] Target: 
setenv bootargs ''${bootargs}' ip=:::::eth0:dhcp '
- 02:29:59 [INFO] Host: setenv serverip '192.168.0.1'
- 02:29:59 [INFO] Target: 
setenv serverip '192.168.0.1'
- 02:29:59 [INFO] Host: setenv autoload 'no'
- 02:29:59 [INFO] Target: 
setenv autoload 'no'
- 02:29:59 [INFO] Host: dhcp
- 02:30:02 [INFO] Target: 
dhcp
Waiting for Ethernet connection... done.
BOOTP broadcast 1
BOOTP broadcast 2
BOOTP broadcast 3
DHCP client bound to address 192.168.0.71 (1045 ms)
- 02:30:02 [INFO] Host: tftp ${loadaddr} 192.168.0.1:vatf_omap5-evm/3f09233494220737240af1c158f47f5c
- 02:30:06 [INFO] Target: 
tftp ${loadaddr} 192.168.0.1:vatf_omap5-evm/3f09233494220737240af1c158f47f5c
Waiting for Ethernet connection... done.
Using sms0 device
TFTP from server 192.168.0.1; our IP address is 192.168.0.71
Filename 'vatf_omap5-evm/3f09233494220737240af1c158f47f5c'.
Load address: 0x82000000
Loading: *#################################################################
	 #################################################################
	 #################################################################
	 #################################################################
	 #################################################################
	 #################################################################
	 #################################################################
	 #############
	 2.4 MiB/s
done
Bytes transferred = 6868432 (68cdd0 hex)
CACHE: Misaligned operation at range [82000000, 8268cdd0]
- 02:30:06 [INFO] Host: tftp ${fdt_addr_r} 192.168.0.1:vatf_omap5-evm/d65169145663a552c8d811c7ed3e374d
- 02:30:08 [INFO] Target: 
tftp ${fdt_addr_r} 192.168.0.1:vatf_omap5-evm/d65169145663a552c8d811c7ed3e374d
Waiting for Ethernet connection... done.
Using sms0 device
TFTP from server 192.168.0.1; our IP address is 192.168.0.71
Filename 'vatf_omap5-evm/d65169145663a552c8d811c7ed3e374d'.
Load address: 0x88000000
Loading: *####
	 2.3 MiB/s
done
Bytes transferred = 54995 (d6d3 hex)
CACHE: Misaligned operation at range [88000000, 8800d6d3]
- 02:30:08 [INFO] Host: ls mmc 0:1
- 02:30:08 [INFO] Target: 
ls mmc 0:1
    65764   mlo 
   329576   u-boot.img 
        4   ws-calibrate.rules 
3 file(s), 0 dir(s)
- 02:30:08 [INFO] Host: ls mmc 0:2
- 02:30:08 [INFO] Target: 
ls mmc 0:2
<DIR>       4096 .
<DIR>       4096 ..
<DIR>      16384 lost+found
<DIR>       4096 home
<DIR>       4096 media
<DIR>       4096 var
<DIR>       4096 sys
<DIR>       4096 boot
<DIR>       4096 dev
<DIR>       4096 usr
<DIR>       4096 bin
<DIR>       4096 mnt
<DIR>       4096 etc
<DIR>       4096 sbin
<SYM>          8 tmp
<DIR>       4096 proc
<DIR>       4096 run
<DIR>       4096 lib
<DIR>       4096 test
- 02:30:08 [INFO] Host: part uuid mmc 0:2
- 02:30:09 [INFO] Target: 
part uuid mmc 0:2
00000000-02
- 02:30:09 [INFO] Host: printenv
- 02:30:09 [INFO] Target: 
printenv
_initramfs=-
arch=arm
args_mmc=run finduuid;setenv bootargs console=${console} ${optargs} root=PARTUUID=${uuid} rw rootfstype=${mmcrootfstype}
autoload=no
baudrate=115200
board=omap5_uevm
board_name=omap5_uevm
bootargs=console=ttyO2,115200n8 earlyprintk=serial,ttyO2,115200n8 rootwait  ip=:::::eth0:dhcp 
bootcmd=
bootdelay=2
bootdir=/boot
bootenvfile=uEnv.txt
bootfile=zImage
bootm_size=0x10000000
bootpart=0:2
bootscript=echo Running bootscript from mmc${mmcdev} ...; source ${loadaddr}
console=ttyO2,115200n8
cpu=armv7
dfu_alt_info_emmc=rawemmc raw 0 3751936;boot part 1 1;rootfs part 1 2;MLO fat 1 1;MLO.raw raw 0x100 0x100;u-boot.img.raw raw 0x300 0x400;spl-os-args.raw raw 0x80 0x80;spl-os-image.raw raw 0x900 0x2000;spl-os-args fat 1 1;spl-os-image fat 1 1;u-boot.img fat 1 1;uEnv.txt fat 1 1
dfu_alt_info_mmc=boot part 0 1;rootfs part 0 2;MLO fat 0 1;MLO.raw raw 0x100 0x100;u-boot.img.raw raw 0x300 0x400;spl-os-args.raw raw 0x80 0x80;spl-os-image.raw raw 0x900 0x2000;spl-os-args fat 0 1;spl-os-image fat 0 1;u-boot.img fat 0 1;uEnv.txt fat 0 1
dfu_alt_info_ram=kernel ram 0x80200000 0x4000000;fdt ram 0x80f80000 0x80000;ramdisk ram 0x81000000 0x4000000
dfu_bufsiz=0x10000
dnsip=192.0.2.2
dofastboot=0
envboot=mmc dev ${mmcdev}; if mmc rescan; then echo SD/MMC found on device ${mmcdev};if run loadbootscript; then run bootscript;else if run loadbootenv; then echo Loaded env from ${bootenvfile};run importbootenv;fi;if test -n $uenvcmd; then echo Running uenvcmd ...;run uenvcmd;fi;fi;fi;
ethact=sms0
fdt_addr_r=0x88000000
fdtaddr=0x88000000
fdtfile=undefined
fileaddr=88000000
filesize=d6d3
findfdt=if test $board_name = omap5_uevm; then setenv fdtfile omap5-uevm.dtb; fi; if test $board_name = dra7xx; then setenv fdtfile dra7-evm.dtb; fi;if test $board_name = dra72x-revc; then setenv fdtfile dra72-evm-revc.dtb; fi;if test $board_name = dra72x; then setenv fdtfile dra72-evm.dtb; fi;if test $board_name = beagle_x15; then setenv fdtfile am57xx-beagle-x15.dtb; fi;if test $board_name = beagle_x15_revb1; then setenv fdtfile am57xx-beagle-x15-revb1.dtb; fi;if test $board_name = am57xx_evm; then setenv fdtfile am57xx-evm.dtb; fi;if test $board_name = am57xx_evm_reva3; then setenv fdtfile am57xx-evm-reva3.dtb; fi;if test $board_name = am572x_idk; then setenv fdtfile am572x-idk.dtb; fi;if test $board_name = am571x_idk; then setenv fdtfile am571x-idk.dtb; fi;if test $fdtfile = undefined; then echo WARNING: Could not determine device tree to use; fi; 
finduuid=part uuid mmc 0:2 uuid
gatewayip=192.168.0.1
importbootenv=echo Importing environment from mmc${mmcdev} ...; env import -t ${loadaddr} ${filesize}
ipaddr=192.168.0.71
kernel_addr_r=0x82000000
loadaddr=0x82000000
loadbootenv=fatload mmc ${mmcdev} ${loadaddr} ${bootenvfile}
loadbootscript=fatload mmc ${mmcdev} ${loadaddr} boot.scr
loadfdt=load mmc ${bootpart} ${fdtaddr} ${bootdir}/${fdtfile};
loadimage=load mmc ${bootpart} ${loadaddr} ${bootdir}/${bootfile}
mmcboot=mmc dev ${mmcdev}; if mmc rescan; then echo SD/MMC found on device ${mmcdev};if run loadimage; then run loadfdt; echo Booting from mmc${mmcdev} ...; run args_mmc; bootz ${loadaddr} - ${fdtaddr}; fi;fi;
mmcdev=0
mmcrootfstype=ext4 rootwait
netargs=setenv bootargs console=${console} ${optargs} root=/dev/nfs nfsroot=${serverip}:${rootpath},${nfsopts} rw ip=dhcp
netboot=echo Booting from network ...; setenv autoload no; dhcp; run netloadimage; run netloadfdt; run netargs; bootz ${loadaddr} - ${fdtaddr}
netloadfdt=tftp ${fdtaddr} ${fdtfile}
netloadimage=tftp ${loadaddr} ${bootfile}
netmask=255.255.255.0
nfsopts=nolock
partitions=uuid_disk=${uuid_gpt_disk};name=rootfs,start=2MiB,size=-,uuid=${uuid_gpt_rootfs}
pxefile_addr_r=0x80100000
ramdisk_addr_r=0x88080000
rdaddr=0x88080000
rootpath=/export/rootfs
scriptaddr=0x80000000
scsidevs=0
serverip=192.168.0.1
soc=omap5
static_ip=${ipaddr}:${serverip}:${gatewayip}:${netmask}:${hostname}::off
stderr=serial
stdin=serial
stdout=serial
usbethaddr=02:21:03:74:17:10
usbtty=cdc_acm
vendor=ti
ver=U-Boot 2016.09-rc2-00020-g46fe9eb (Aug 25 2016 - 09:03:55 -0400)
vram=16M
Environment size: 4201/131067 bytes
- 02:30:09 [INFO] Host: setenv bootargs ''${bootargs}' root=PARTUUID=00000000-02 rw rootfstype=ext4 rootwait '
- 02:30:09 [INFO] Target: 
setenv bootargs ''${bootargs}' root=PARTUUID=00000000-02 rw rootfstype=ext4 rootwait '
- 02:30:09 [INFO] Host: printenv
- 02:30:09 [INFO] Target: 
printenv
_initramfs=-
arch=arm
args_mmc=run finduuid;setenv bootargs console=${console} ${optargs} root=PARTUUID=${uuid} rw rootfstype=${mmcrootfstype}
autoload=no
baudrate=115200
board=omap5_uevm
board_name=omap5_uevm
bootargs=console=ttyO2,115200n8 earlyprintk=serial,ttyO2,115200n8 rootwait  ip=:::::eth0:dhcp  root=PARTUUID=00000000-02 rw rootfstype=ext4 rootwait 
bootcmd=
bootdelay=2
bootdir=/boot
bootenvfile=uEnv.txt
bootfile=zImage
bootm_size=0x10000000
bootpart=0:2
bootscript=echo Running bootscript from mmc${mmcdev} ...; source ${loadaddr}
console=ttyO2,115200n8
cpu=armv7
dfu_alt_info_emmc=rawemmc raw 0 3751936;boot part 1 1;rootfs part 1 2;MLO fat 1 1;MLO.raw raw 0x100 0x100;u-boot.img.raw raw 0x300 0x400;spl-os-args.raw raw 0x80 0x80;spl-os-image.raw raw 0x900 0x2000;spl-os-args fat 1 1;spl-os-image fat 1 1;u-boot.img fat 1 1;uEnv.txt fat 1 1
dfu_alt_info_mmc=boot part 0 1;rootfs part 0 2;MLO fat 0 1;MLO.raw raw 0x100 0x100;u-boot.img.raw raw 0x300 0x400;spl-os-args.raw raw 0x80 0x80;spl-os-image.raw raw 0x900 0x2000;spl-os-args fat 0 1;spl-os-image fat 0 1;u-boot.img fat 0 1;uEnv.txt fat 0 1
dfu_alt_info_ram=kernel ram 0x80200000 0x4000000;fdt ram 0x80f80000 0x80000;ramdisk ram 0x81000000 0x4000000
dfu_bufsiz=0x10000
dnsip=192.0.2.2
dofastboot=0
envboot=mmc dev ${mmcdev}; if mmc rescan; then echo SD/MMC found on device ${mmcdev};if run loadbootscript; then run bootscript;else if run loadbootenv; then echo Loaded env from ${bootenvfile};run importbootenv;fi;if test -n $uenvcmd; then echo Running uenvcmd ...;run uenvcmd;fi;fi;fi;
ethact=sms0
fdt_addr_r=0x88000000
fdtaddr=0x88000000
fdtfile=undefined
fileaddr=88000000
filesize=d6d3
findfdt=if test $board_name = omap5_uevm; then setenv fdtfile omap5-uevm.dtb; fi; if test $board_name = dra7xx; then setenv fdtfile dra7-evm.dtb; fi;if test $board_name = dra72x-revc; then setenv fdtfile dra72-evm-revc.dtb; fi;if test $board_name = dra72x; then setenv fdtfile dra72-evm.dtb; fi;if test $board_name = beagle_x15; then setenv fdtfile am57xx-beagle-x15.dtb; fi;if test $board_name = beagle_x15_revb1; then setenv fdtfile am57xx-beagle-x15-revb1.dtb; fi;if test $board_name = am57xx_evm; then setenv fdtfile am57xx-evm.dtb; fi;if test $board_name = am57xx_evm_reva3; then setenv fdtfile am57xx-evm-reva3.dtb; fi;if test $board_name = am572x_idk; then setenv fdtfile am572x-idk.dtb; fi;if test $board_name = am571x_idk; then setenv fdtfile am571x-idk.dtb; fi;if test $fdtfile = undefined; then echo WARNING: Could not determine device tree to use; fi; 
finduuid=part uuid mmc 0:2 uuid
gatewayip=192.168.0.1
importbootenv=echo Importing environment from mmc${mmcdev} ...; env import -t ${loadaddr} ${filesize}
ipaddr=192.168.0.71
kernel_addr_r=0x82000000
loadaddr=0x82000000
loadbootenv=fatload mmc ${mmcdev} ${loadaddr} ${bootenvfile}
loadbootscript=fatload mmc ${mmcdev} ${loadaddr} boot.scr
loadfdt=load mmc ${bootpart} ${fdtaddr} ${bootdir}/${fdtfile};
loadimage=load mmc ${bootpart} ${loadaddr} ${bootdir}/${bootfile}
mmcboot=mmc dev ${mmcdev}; if mmc rescan; then echo SD/MMC found on device ${mmcdev};if run loadimage; then run loadfdt; echo Booting from mmc${mmcdev} ...; run args_mmc; bootz ${loadaddr} - ${fdtaddr}; fi;fi;
mmcdev=0
mmcrootfstype=ext4 rootwait
netargs=setenv bootargs console=${console} ${optargs} root=/dev/nfs nfsroot=${serverip}:${rootpath},${nfsopts} rw ip=dhcp
netboot=echo Booting from network ...; setenv autoload no; dhcp; run netloadimage; run netloadfdt; run netargs; bootz ${loadaddr} - ${fdtaddr}
netloadfdt=tftp ${fdtaddr} ${fdtfile}
netloadimage=tftp ${loadaddr} ${bootfile}
netmask=255.255.255.0
nfsopts=nolock
partitions=uuid_disk=${uuid_gpt_disk};name=rootfs,start=2MiB,size=-,uuid=${uuid_gpt_rootfs}
pxefile_addr_r=0x80100000
ramdisk_addr_r=0x88080000
rdaddr=0x88080000
rootpath=/export/rootfs
scriptaddr=0x80000000
scsidevs=0
serverip=192.168.0.1
soc=omap5
static_ip=${ipaddr}:${serverip}:${gatewayip}:${netmask}:${hostname}::off
stderr=serial
stdin=serial
stdout=serial
usbethaddr=02:21:03:74:17:10
usbtty=cdc_acm
vendor=ti
ver=U-Boot 2016.09-rc2-00020-g46fe9eb (Aug 25 2016 - 09:03:55 -0400)
vram=16M
Environment size: 4256/131067 bytes
- 02:30:09 [INFO] Host: setenv bootcmd ''${bootcmd}' if iminfo ${loadaddr}; then bootm ${loadaddr} ${_initramfs} ${fdt_addr_r}; else bootz ${loadaddr} ${_initramfs} ${fdt_addr_r}; bootm ${loadaddr} ${_initramfs} ${fdt_addr_r}; fi'
- 02:30:10 [INFO] Target: 
setenv bootcmd ''${bootcmd}' if iminfo ${loadaddr}; then bootm ${loadaddr} ${_initramfs} ${fdt_addr_r}; else bootz ${loadaddr} ${_initramfs} ${fdt_addr_r}; bootm ${loadaddr} ${_initramfs} ${fdt_addr_r}; fi'
- 02:30:10 [INFO] Host: version
- 02:30:10 [INFO] Target: 
version
U-Boot 2016.09-rc2-00020-g46fe9eb (Aug 25 2016 - 09:03:55 -0400)
arm-linux-gnueabihf-gcc (Linaro GCC 5.3-2016.02) 5.3.1 20160113
GNU ld (GNU Binutils) 2.25.0 Linaro 2015_10
- 02:30:10 [INFO] Host: bdinfo
- 02:30:10 [INFO] Target: 
bdinfo
arch_number = 0x00000EC1
boot_params = 0x80000100
DRAM bank   = 0x00000000
-> start    = 0x80000000
-> size     = 0x7F000000
eth0name    = sms0
ethaddr     = (not set)
current eth = sms0
ip_addr     = 192.168.0.71
baudrate    = 115200 bps
TLB addr    = 0xFEFF0000
relocaddr   = 0xFEF5C000
reloc off   = 0x7E75C000
irq_sp      = 0xFDF3BEE0
sp start    = 0xFDF3BED0
- 02:30:10 [INFO] Host: mmc rescan; echo $?
- 02:30:10 [INFO] Target: 
mmc rescan; echo $?
- 02:30:10 [INFO] Host: fatwrite mmc ${mmcdev}:1 ${loadaddr} ws-calibrate.rules 4
- 02:30:10 [INFO] Target: 
fatwrite mmc ${mmcdev}:1 ${loadaddr} ws-calibrate.rules 4
writing ws-calibrate.rules
4 bytes written
- 02:30:10 [INFO] Host: boot
- 02:33:40 [ERROR] On command: boot waiting for boot.+?(?-mix:login:) >>> error: execution expired
- 02:33:40 [INFO] Target: 
boot
## Checking Image at 82000000 ...
Unknown image format!
## Flattened Device Tree blob at 88000000
   Booting using the fdt blob at 0x88000000
   Loading Device Tree to 8ffef000, end 8ffff6d2 ... OK
Starting kernel ...
[    0.000000] Booting Linux on physical CPU 0x0
[    0.000000] Linux version 4.8.0-rc7-00002-gef27d4e82101 (nmenon@horus) (gcc version 4.9.3 20150413 (prerelease) (Linaro GCC 4.9-2015.05) ) #1 SMP Mon Sep 19 01:27:57 CDT 2016
[    0.000000] CPU: ARMv7 Processor [412fc0f2] revision 2 (ARMv7), cr=10c5387d
[    0.000000] CPU: div instructions available: patching division code
[    0.000000] CPU: PIPT / VIPT nonaliasing data cache, PIPT instruction cache
[    0.000000] OF: fdt:Machine model: TI OMAP5 uEVM board
[    0.000000] cma: Reserved 64 MiB at 0xfa800000
[    0.000000] Memory policy: Data cache writealloc
[    0.000000] OMAP4: Map 0xfee00000 to fe600000 for dram barrier
[    0.000000] OMAP5432 ES2.0
[    0.000000] percpu: Embedded 14 pages/cpu @eefc4000 s25984 r8192 d23168 u57344
[    0.000000] Built 1 zonelists in Zone order, mobility grouping on.  Total pages: 518144
[    0.000000] Kernel command line: console=ttyO2,115200n8 earlyprintk=serial,ttyO2,115200n8 rootwait  ip=:::::eth0:dhcp  root=PARTUUID=00000000-02 rw rootfstype=ext4 rootwait 
[    0.000000] PID hash table entries: 4096 (order: 2, 16384 bytes)
[    0.000000] Dentry cache hash table entries: 131072 (order: 7, 524288 bytes)
[    0.000000] Inode-cache hash table entries: 65536 (order: 6, 262144 bytes)
[    0.000000] Memory: 1978916K/2078720K available (9216K kernel code, 1087K rwdata, 3768K rodata, 2048K init, 343K bss, 34268K reserved, 65536K cma-reserved, 1226752K highmem)
[    0.000000] Virtual kernel memory layout:
[    0.000000]     vector  : 0xffff0000 - 0xffff1000   (   4 kB)
[    0.000000]     fixmap  : 0xffc00000 - 0xfff00000   (3072 kB)
[    0.000000]     vmalloc : 0xf0800000 - 0xff800000   ( 240 MB)
[    0.000000]     lowmem  : 0xc0000000 - 0xf0000000   ( 768 MB)
[    0.000000]     pkmap   : 0xbfe00000 - 0xc0000000   (   2 MB)
[    0.000000]     modules : 0xbf000000 - 0xbfe00000   (  14 MB)
[    0.000000]       .text : 0xc0208000 - 0xc0c00000   (10208 kB)
[    0.000000]       .init : 0xc1000000 - 0xc1200000   (2048 kB)
[    0.000000]       .data : 0xc1200000 - 0xc130fcc0   (1088 kB)
[    0.000000]        .bss : 0xc1311000 - 0xc1366c08   ( 344 kB)
[    0.000000] SLUB: HWalign=64, Order=0-3, MinObjects=0, CPUs=2, Nodes=1
[    0.000000] Hierarchical RCU implementation.
[    0.000000] 	Build-time adjustment of leaf fanout to 32.
[    0.000000] 	RCU restricting CPUs from NR_CPUS=16 to nr_cpu_ids=2.
[    0.000000] RCU: Adjusting geometry for rcu_fanout_leaf=32, nr_cpu_ids=2
[    0.000000] NR_IRQS:16 nr_irqs:16 16
[    0.000000] OMAP clockevent source: timer1 at 32768 Hz
[    0.000000] arm_arch_timer: Architected cp15 timer(s) running at 6.14MHz (virt).
[    0.000000] clocksource: arch_sys_counter: mask: 0xffffffffffffff max_cycles: 0x16ac02862, max_idle_ns: 440795202218 ns
[    0.000004] sched_clock: 56 bits at 6MHz, resolution 162ns, wraps every 4398046511085ns
[    0.000014] Switching to timer-based delay loop, resolution 162ns
[    0.002123] clocksource: 32k_counter: mask: 0xffffffff max_cycles: 0xffffffff, max_idle_ns: 58327039986419 ns
[    0.002130] OMAP clocksource: 32k_counter at 32768 Hz
[    0.004034] Console: colour dummy device 80x30
[    0.004053] Calibrating delay loop (skipped), value calculated using timer frequency.. 12.28 BogoMIPS (lpj=30720)
[    0.004064] pid_max: default: 32768 minimum: 301
[    0.004137] Mount-cache hash table entries: 2048 (order: 1, 8192 bytes)
[    0.004145] Mountpoint-cache hash table entries: 2048 (order: 1, 8192 bytes)
[    0.004629] CPU: Testing write buffer coherency: ok
[    0.004778] /cpus/cpu@0 missing clock-frequency property
[    0.004790] /cpus/cpu@1 missing clock-frequency property
[    0.004799] CPU0: thread -1, cpu 0, socket 0, mpidr 80000000
[    0.004819] Setting up static identity map for 0x80300000 - 0x80300098
[    0.008725] CPU1: thread -1, cpu 1, socket 0, mpidr 80000001
[    0.008798] Brought up 2 CPUs
[    0.008810] SMP: Total of 2 processors activated (24.57 BogoMIPS).
[    0.008815] CPU: All CPU(s) started in SVC mode.
[    0.009814] devtmpfs: initialized
[    0.023074] VFP support v0.3: implementor 41 architecture 4 part 30 variant f rev 0
[    0.023392] clocksource: jiffies: mask: 0xffffffff max_cycles: 0xffffffff, max_idle_ns: 9556302231375000 ns
[    0.024196] pinctrl core: initialized pinctrl subsystem
[    0.025469] NET: Registered protocol family 16
[    0.026910] DMA: preallocated 256 KiB pool for atomic coherent allocations
[    0.027742] omap_hwmod: l3_main_3 using broken dt data from ocp
[    0.028262] omap_hwmod: l3_main_2 using broken dt data from ocp
[    0.105244] cpuidle: using governor menu
[    0.110481] OMAP GPIO hardware version 0.1
[    0.115497] GPIO line 234 (gpio8_234/msecure) hogged as output/high
[    0.116104] platform 50000000.gpmc: Cannot lookup hwmod 'gpmc'
[    0.116237] omap-gpmc 50000000.gpmc: _od_fail_runtime_resume: FIXME: missing hwmod/omap_dev info
[    0.116248] omap-gpmc 50000000.gpmc: GPMC revision 6.0
[    0.118964] irq: no irq domain found for /ocp/l4@4a000000/scm@2800/pinmux@40 !
[    0.120232] irq: no irq domain found for /ocp/l4@4a000000/scm@2800/pinmux@40 !
[    0.129624] No ATAGs?
[    0.129645] hw-breakpoint: found 5 (+1 reserved) breakpoint and 4 watchpoint registers.
[    0.129653] hw-breakpoint: maximum watchpoint size is 8 bytes.
[    0.130456] OMAP DMA hardware revision 0.0
[    0.135337] Serial: AMBA PL011 UART driver
[    0.158332] omap-dma-engine 4a056000.dma-controller: OMAP DMA engine driver
[    0.160161] vsys_cobra: supplied by vmain
[    0.160655] reg-fixed-voltage fixedregulator-mmcsdio: could not find pctldev for node /ocp/l4@4a000000/scm@2800/pinmux@40/pinmux_wlan_pins, deferring probe
[    0.163487] vgaarb: loaded
[    0.164118] SCSI subsystem initialized
[    0.164404] usbcore: registered new interface driver usbfs
[    0.164449] usbcore: registered new interface driver hub
[    0.164486] usbcore: registered new device driver usb
[    0.165003] omap_i2c 48070000.i2c: could not find pctldev for node /ocp/l4@4a000000/scm@2800/pinmux@40/pinmux_i2c1_pins, deferring probe
[    0.165298] omap_i2c 48072000.i2c: bus 1 rev0.12 at 100 kHz
[    0.165555] omap_i2c 48060000.i2c: bus 2 rev0.12 at 100 kHz
[    0.165805] omap_i2c 4807a000.i2c: bus 3 rev0.12 at 100 kHz
[    0.165837] omap_i2c 4807c000.i2c: could not find pctldev for node /ocp/l4@4a000000/scm@2800/pinmux@40/pinmux_i2c5_pins, deferring probe
[    0.166688] pps_core: LinuxPPS API ver. 1 registered
[    0.166694] pps_core: Software ver. 5.3.6 - Copyright 2005-2007 Rodolfo Giometti <giometti@linux.it>
[    0.166710] PTP clock support registered
[    0.166879] EDAC MC: Ver: 3.0.0
[    0.168768] clocksource: Switched to clocksource arch_sys_counter
[    0.175896] NET: Registered protocol family 2
[    0.176258] TCP established hash table entries: 8192 (order: 3, 32768 bytes)
[    0.176320] TCP bind hash table entries: 8192 (order: 4, 65536 bytes)
[    0.176444] TCP: Hash tables configured (established 8192 bind 8192)
[    0.176484] UDP hash table entries: 512 (order: 2, 16384 bytes)
[    0.176512] UDP-Lite hash table entries: 512 (order: 2, 16384 bytes)
[    0.176614] NET: Registered protocol family 1
[    0.176836] RPC: Registered named UNIX socket transport module.
[    0.176843] RPC: Registered udp transport module.
[    0.176849] RPC: Registered tcp transport module.
[    0.176854] RPC: Registered tcp NFSv4.1 backchannel transport module.
[    0.210056] hw perfevents: enabled with armv7_cortex_a15 PMU driver, 7 counters available
[    0.211678] futex hash table entries: 512 (order: 3, 32768 bytes)
[    0.212223] workingset: timestamp_bits=30 max_order=19 bucket_order=0
[    0.220035] squashfs: version 4.0 (2009/01/31) Phillip Lougher
[    0.220639] NFS: Registering the id_resolver key type
[    0.220658] Key type id_resolver registered
[    0.220664] Key type id_legacy registered
[    0.220695] ntfs: driver 2.1.32 [Flags: R/O].
[    0.221549] bounce: pool size: 64 pages
[    0.221699] Block layer SCSI generic (bsg) driver version 0.4 loaded (major 248)
[    0.221707] io scheduler noop registered
[    0.221713] io scheduler deadline registered
[    0.221850] io scheduler cfq registered (default)
[    0.226107] ti-pipe3 4a096000.phy: can't get syscon-pllreset, sata dpll won't idle
[    0.227887] libphy: mdio_driver_register: phy-bcm-ns2-pci
[    0.229107] pinctrl-single 4a002840.pinmux: 219 pins at pa fc002840 size 438
[    0.229295] pinctrl-single 4ae0c840.pinmux: 30 pins at pa fce0c840 size 60
[    0.286108] Serial: 8250/16550 driver, 4 ports, IRQ sharing disabled
[    0.288501] SuperH (H)SCI(F) driver initialized
[    0.289484] msm_serial: driver initialized
[    0.289682] omap_uart 4806a000.serial: no wakeirq for uart0
[    0.289763] 4806a000.serial: ttyO0 at MMIO 0x4806a000 (irq = 304, base_baud = 3000000) is a OMAP UART0
[    0.290019] omap_uart 4806c000.serial: no wakeirq for uart1
[    0.290091] 4806c000.serial: ttyO1 at MMIO 0x4806c000 (irq = 305, base_baud = 3000000) is a OMAP UART1
[    0.290418] 48020000.serial: ttyO2 at MMIO 0x48020000 (irq = 306, base_baud = 3000000) is a OMAP UART2
[    1.129797] console [ttyO2] enabled
[    1.133666] omap_uart 4806e000.serial: no wakeirq for uart3
[    1.139553] 4806e000.serial: ttyO3 at MMIO 0x4806e000 (irq = 307, base_baud = 3000000) is a OMAP UART3
[    1.149526] omap_uart 48066000.serial: no wakeirq for uart4
[    1.155407] 48066000.serial: ttyO4 at MMIO 0x48066000 (irq = 308, base_baud = 3000000) is a OMAP UART4
[    1.165365] omap_uart 48068000.serial: no wakeirq for uart5
[    1.171240] 48068000.serial: ttyO5 at MMIO 0x48068000 (irq = 309, base_baud = 3000000) is a OMAP UART5
[    1.181258] STMicroelectronics ASC driver initialized
[    1.189641] [drm] Initialized drm 1.1.0 20060810
[    1.206398] brd: module loaded
[    1.213609] loop: module loaded
[    1.218537] ahci 4a140000.sata: SSS flag set, parallel bus scan disabled
[    1.225565] ahci 4a140000.sata: AHCI 0001.0300 32 slots 1 ports 3 Gbps 0x1 impl platform mode
[    1.234475] ahci 4a140000.sata: flags: 64bit ncq sntf stag pm led clo only pmp pio slum part ccc apst 
[    1.244904] scsi host0: ahci
[    1.248121] ata1: SATA max UDMA/133 mmio [mem 0x4a140000-0x4a1410ff] port 0x100 irq 336
[    1.263972] libphy: Fixed MDIO Bus: probed
[    1.268939] CAN device driver interface
[    1.275020] igb: Intel(R) Gigabit Ethernet Network Driver - version 5.3.0-k
[    1.282290] igb: Copyright (c) 2007-2014 Intel Corporation.
[    1.291267] pegasus: v0.9.3 (2013/04/25), Pegasus/Pegasus II USB Ethernet driver
[    1.299034] usbcore: registered new interface driver pegasus
[    1.304992] usbcore: registered new interface driver asix
[    1.310659] usbcore: registered new interface driver ax88179_178a
[    1.317052] usbcore: registered new interface driver cdc_ether
[    1.323189] usbcore: registered new interface driver smsc75xx
[    1.329236] usbcore: registered new interface driver smsc95xx
[    1.335266] usbcore: registered new interface driver net1080
[    1.341218] usbcore: registered new interface driver cdc_subset
[    1.347430] usbcore: registered new interface driver zaurus
[    1.353297] usbcore: registered new interface driver cdc_ncm
[    1.359844] omap-dwc3 4a020000.omap_dwc3: vbus init failed
[    1.366743] ehci_hcd: USB 2.0 'Enhanced' Host Controller (EHCI) Driver
[    1.373564] ehci-pci: EHCI PCI platform driver
[    1.378237] ehci-platform: EHCI generic platform driver
[    1.383906] ehci-orion: EHCI orion driver
[    1.388220] SPEAr-ehci: EHCI SPEAr driver
[    1.392553] ehci-st: EHCI STMicroelectronics driver
[    1.397796] ehci-exynos: EHCI EXYNOS driver
[    1.402328] ehci-atmel: EHCI Atmel driver
[    1.406649] tegra-ehci: Tegra EHCI driver
[    1.410998] ohci_hcd: USB 1.1 'Open' Host Controller (OHCI) Driver
[    1.417460] ohci-pci: OHCI PCI platform driver
[    1.422138] ohci-platform: OHCI generic platform driver
[    1.427752] ohci-omap3: OHCI OMAP3 driver
[    1.442663] ohci-omap3 4a064800.ohci: OHCI Host Controller
[    1.448411] ohci-omap3 4a064800.ohci: new USB bus registered, assigned bus number 1
[    1.456542] ohci-omap3 4a064800.ohci: irq 403, io mem 0x4a064800
[    1.538503] hub 1-0:1.0: USB hub found
[    1.542468] hub 1-0:1.0: 3 ports detected
[    1.547065] SPEAr-ohci: OHCI SPEAr driver
[    1.551421] ohci-st: OHCI STMicroelectronics driver
[    1.556665] ohci-atmel: OHCI Atmel driver
[    1.561560] usbcore: registered new interface driver usb-storage
[    1.569141] ata1: SATA link down (SStatus 0 SControl 300)
[    1.574949] mousedev: PS/2 mouse device common for all mice
[    1.583825] i2c /dev entries driver
[    1.599621] sdhci: Secure Digital Host Controller Interface driver
[    1.606076] sdhci: Copyright(c) Pierre Ossman
[    1.669765] Synopsys Designware Multimedia Card Interface Driver
[    1.677105] sdhci-pltfm: SDHCI platform and OF driver helper
[    1.685506] ledtrig-cpu: registered to indicate activity on CPUs
[    1.692061] usbcore: registered new interface driver usbhid
[    1.697883] usbhid: USB HID core driver
[    1.707474] NET: Registered protocol family 10
[    1.712730] sit: IPv6, IPv4 and MPLS over IPv4 tunneling driver
[    1.719395] NET: Registered protocol family 17
[    1.724047] can: controller area network core (rev 20120528 abi 9)
[    1.730541] NET: Registered protocol family 29
[    1.735184] can: raw protocol (rev 20120528)
[    1.739644] can: broadcast manager protocol (rev 20160617 t)
[    1.745558] can: netlink gateway (rev 20130117) max_hops=1
[    1.751572] Key type dns_resolver registered
[    1.756196] omap_vc_init_channel: No PMIC info for vdd_core
[    1.762018] omap_vp_init: No PMIC info for vdd_core
[    1.767111] omap_vc_init_channel: No PMIC info for vdd_mm
[    1.772749] omap_vp_init: No PMIC info for vdd_mm
[    1.777663] omap_vc_init_channel: No PMIC info for vdd_mpu
[    1.783392] omap_vp_init: No PMIC info for vdd_mpu
[    1.788477] Power Management for TI OMAP4+ devices.
[    1.793711] ThumbEE CPU extension supported.
[    1.798197] Registering SWP/SWPB emulation handler
[    1.808199] palmas 0-0048: Irq flag is 0x00000000
[    1.825842] palmas 0-0048: Muxing GPIO 2, PWM 0, LED 0
[    1.836740] palmas-rtc 48070000.i2c:palmas@48:rtc: rtc core: registered 48070000.i2c:palmas as rtc0
[    1.852345] SMPS6: supplied by vsys_cobra
[    1.856870] smps6: Bringing 1350000uV into 1200000-1200000uV
[    1.864495] SMPS7: supplied by vsys_cobra
[    1.869467] vdds_1v8_main: supplied by smps7
[    1.874110] random: fast init done
[    1.878395] SMPS8: supplied by vsys_cobra
[    1.884183] SMPS9: supplied by vsys_cobra
[    1.888720] smps9: Bringing 0uV into 2100000-2100000uV
[    1.895452] mmc0: new high speed MMC card at address 0001
[    1.901467] mmcblk0: mmc0:0001 SEM04G 3.69 GiB 
[    1.906443] mmcblk0boot0: mmc0:0001 SEM04G partition 1 2.00 MiB
[    1.912930] mmcblk0boot1: mmc0:0001 SEM04G partition 2 2.00 MiB
[    1.919935]  mmcblk0: p1 p2
[    1.923234] LDO1: supplied by vsys_cobra
[    1.928508] ldo1: Bringing 0uV into 1800000-1800000uV
[    1.934903] LDO2: supplied by vsys_cobra
[    1.939327] ldo2: Bringing 0uV into 2800000-2800000uV
[    1.945698] LDO3: supplied by vdds_1v8_main
[    1.951698] LDO4: supplied by vdds_1v8_main
[    1.956402] ldo4: Bringing 0uV into 1800000-1800000uV
[    1.962805] LDO5: supplied by vsys_cobra
[    1.968576] LDO6: supplied by vdds_1v8_main
[    1.976124] LDO7: supplied by vsys_cobra
[    1.980577] ldo7: Bringing 0uV into 2000000-2000000uV
[    1.987000] LDO8: supplied by vsys_cobra
[    1.992792] LDO9: supplied by vmmcsd_fixed
[    1.999154] LDOLN: supplied by vsys_cobra
[    2.005015] LDOUSB: supplied by vsys_cobra
[    2.013504] omap_i2c 48070000.i2c: bus 0 rev0.12 at 400 kHz
[    2.034573] omap_i2c 4807c000.i2c: bus 4 rev0.12 at 400 kHz
[    2.041232] Unhandled fault: imprecise external abort (0x1406) at 0x00000000
[    2.041235] ------------[ cut here ]------------
[    2.041251] WARNING: CPU: 0 PID: 0 at drivers/bus/omap_l3_noc.c:147 l3_interrupt_handler+0x23c/0x340
[    2.041256] 44000000.ocp:L3 Custom Error: MASTER MPU TARGET L4CFG (Read): Data Access in User mode during Functional access
[    2.041260] Modules linked in:
[    2.041268] CPU: 0 PID: 0 Comm: swapper/0 Not tainted 4.8.0-rc7-00002-gef27d4e82101 #1
[    2.041271] Hardware name: Generic OMAP5 (Flattened Device Tree)
[    2.041289] [<c0310510>] (unwind_backtrace) from [<c030bb14>] (show_stack+0x10/0x14)
[    2.041297] [<c030bb14>] (show_stack) from [<c059683c>] (dump_stack+0x98/0xac)
[    2.041308] [<c059683c>] (dump_stack) from [<c0342a8c>] (__warn+0xe8/0x100)
[    2.041317] [<c0342a8c>] (__warn) from [<c0342adc>] (warn_slowpath_fmt+0x38/0x48)
[    2.041325] [<c0342adc>] (warn_slowpath_fmt) from [<c05c83cc>] (l3_interrupt_handler+0x23c/0x340)
[    2.041335] [<c05c83cc>] (l3_interrupt_handler) from [<c0387d50>] (__handle_irq_event_percpu+0x88/0x118)
[    2.041343] [<c0387d50>] (__handle_irq_event_percpu) from [<c0387dfc>] (handle_irq_event_percpu+0x1c/0x58)
[    2.041349] [<c0387dfc>] (handle_irq_event_percpu) from [<c0387e7c>] (handle_irq_event+0x44/0x68)
[    2.041357] [<c0387e7c>] (handle_irq_event) from [<c038b23c>] (handle_fasteoi_irq+0xb4/0x194)
[    2.041364] [<c038b23c>] (handle_fasteoi_irq) from [<c038739c>] (generic_handle_irq+0x24/0x34)
[    2.041371] [<c038739c>] (generic_handle_irq) from [<c038766c>] (__handle_domain_irq+0x5c/0xb4)
[    2.041378] [<c038766c>] (__handle_domain_irq) from [<c0301764>] (gic_handle_irq+0x54/0x98)
[    2.041383] [<c0301764>] (gic_handle_irq) from [<c030c68c>] (__irq_svc+0x6c/0x90)
[    2.041387] Exception stack(0xc1201f50 to 0xc1201f98)
[    2.041392] 1f40:                                     00000001 00000000 ea000016 f0880000
[    2.041399] 1f60: c1200000 c12024a4 00000001 00000000 00000000 c1117080 c1202510 c1202508
[    2.041404] 1f80: 00000000 c1201fa0 c032b658 c03088d4 a0000013 ffffffff
[    2.041414] [<c030c68c>] (__irq_svc) from [<c03088d4>] (arch_cpu_idle+0x20/0x3c)
[    2.041422] [<c03088d4>] (arch_cpu_idle) from [<c037ad74>] (cpu_startup_entry+0x1d0/0x22c)
[    2.041433] [<c037ad74>] (cpu_startup_entry) from [<c1000c50>] (start_kernel+0x374/0x380)
[    2.041440] [<c1000c50>] (start_kernel) from [<8020807c>] (0x8020807c)
[    2.041444] ---[ end trace e834ccde7ebee0de ]---
[    2.271129] pgd = c0204000
[    2.273958] [00000000] *pgd=00000000
[    2.277701] Internal error: : 1406 [#1] SMP ARM
[    2.282434] Modules linked in:
[    2.285636] CPU: 1 PID: 93 Comm: irq/333-dwc3-om Tainted: G        W       4.8.0-rc7-00002-gef27d4e82101 #1
[    2.295837] Hardware name: Generic OMAP5 (Flattened Device Tree)
[    2.302120] task: ee6e9a40 task.stack: ee746000
[    2.306859] PC is at dwc3_omap_interrupt_thread+0x20/0x80
[    2.312506] LR is at irq_thread_fn+0x1c/0x34
[    2.316965] pc : [<c091decc>]    lr : [<c0388da8>]    psr: 60000013
[    2.316965] sp : ee747f18  ip : 00000000  fp : 00000000
[    2.328980] r10: 00000000  r9 : c130fa4c  r8 : c0388d8c
[    2.334450] r7 : 00000000  r6 : ee1c4d80  r5 : ee728624  r4 : ee724c90
[    2.341273] r3 : fc020034  r2 : fc020000  r1 : ee724c90  r0 : 0000014d
[    2.348110] Flags: nZCv  IRQs on  FIQs on  Mode SVC_32  ISA ARM  Segment none
[    2.355579] Control: 10c5387d  Table: 8020406a  DAC: 00000051
[    2.361590] Process irq/333-dwc3-om (pid: 93, stack limit = 0xee746220)
[    2.368506] Stack: (0xee747f18 to 0xee748000)
[    2.373067] 7f00:                                                       ee728600 ee728624
[    2.381623] 7f20: ee1c4d80 ee728600 c0388d8c c0388da8 ee746000 ee728624 ee1c4d80 c03890b8
[    2.390180] 7f40: 00000000 c0388ec0 00000000 ee728640 ee728600 c0388f7c 00000000 00000000
[    2.398741] 7f60: 00000000 c035dcdc 00000000 00000000 00000000 ee728600 00000000 00000000
[    2.407299] 7f80: ee747f80 ee747f80 00000000 00000000 ee747f90 ee747f90 ee747fac ee728640
[    2.415863] 7fa0: c035dc00 00000000 00000000 c0307eb8 00000000 00000000 00000000 00000000
[    2.424422] 7fc0: 00000000 00000000 00000000 00000000 00000000 00000000 00000000 00000000
[    2.432983] 7fe0: 00000000 00000000 00000000 00000000 00000013 00000000 3b002120 28040134
[    2.441542] [<c091decc>] (dwc3_omap_interrupt_thread) from [<c0388da8>] (irq_thread_fn+0x1c/0x34)
[    2.450826] [<c0388da8>] (irq_thread_fn) from [<c03890b8>] (irq_thread+0x13c/0x1ec)
[    2.458842] [<c03890b8>] (irq_thread) from [<c035dcdc>] (kthread+0xdc/0xf4)
[    2.466130] [<c035dcdc>] (kthread) from [<c0307eb8>] (ret_from_fork+0x14/0x3c)
[    2.473687] Code: e2833034 e0823003 e5937000 f57ff04f (e5916014) 
[    2.480067] ---[ end trace e834ccde7ebee0df ]---
[    2.484906] Unable to handle kernel paging request at virtual address ffffffec
[    2.492454] pgd = c0204000
[    2.495281] [ffffffec] *pgd=afffd861, *pte=00000000, *ppte=00000000
[    2.501858] Internal error: Oops: 37 [#2] SMP ARM
[    2.506776] Modules linked in:
[    2.509975] CPU: 1 PID: 93 Comm: irq/333-dwc3-om Tainted: G      D W       4.8.0-rc7-00002-gef27d4e82101 #1
[    2.520169] Hardware name: Generic OMAP5 (Flattened Device Tree)
[    2.526446] task: ee6e9a40 task.stack: ee746000
[    2.531186] PC is at kthread_data+0x4/0xc
[    2.535377] LR is at irq_thread_dtor+0x28/0xbc
[    2.540027] pc : [<c035e2a8>]    lr : [<c0388ee8>]    psr: 20000193
[    2.540027] sp : ee747d58  ip : ee747f84  fp : c091dece
[    2.552032] r10: ee6e9e38  r9 : c091ded0  r8 : ee747d80
[    2.557496] r7 : ee6e9a40  r6 : 00000000  r5 : c1314284  r4 : ee6e9a40
[    2.564323] r3 : 00000000  r2 : ee747f40  r1 : 00000009  r0 : ee6e9a40
[    2.571151] Flags: nzCv  IRQs off  FIQs on  Mode SVC_32  ISA ARM  Segment none
[    2.578706] Control: 10c5387d  Table: 8020406a  DAC: 00000051
[    2.584710] Process irq/333-dwc3-om (pid: 93, stack limit = 0xee746220)
[    2.591625] Stack: (0xee747d58 to 0xee748000)
[    2.596184] 7d40:                                                       ee6e9e24 c1314284
[    2.604742] 7d60: 00000000 c035c4f4 ee6e9a40 00000000 0000000b 00000001 ee747d80 c0344ec4
[    2.613302] 7d80: c0e54a34 c03cd7d0 c1236768 c1311604 c1207628 ee747ec8 60000193 0000000b
[    2.621863] 7da0: c091ded0 00000001 c091dece c030bf78 ee746220 0000000b 00000000 ee746000
[    2.630425] 7dc0: bf000000 00000008 65000000 33333832 20343330 32383065 33303033 39356520
[    2.638988] 7de0: 30303733 35662030 30666637 28206634 31393565 34313036 c0002029 ee747e1c
[    2.647546] 7e00: 00002954 c1208074 00001406 00000007 00000000 ee747ec8 ee746000 00000000
[    2.656103] 7e20: 00000000 c0301328 00000000 ee075ac0 00000007 00000000 00030003 00000000
[    2.664659] 7e40: c1117b80 ee6e9d64 2dec0000 c12026a4 eefd7b80 c0373fe4 c1117b80 ee075a40
[    2.673218] 7e60: 00000001 c1117b80 eefd7b80 eefd7b80 eefd7fd0 ffffffff ee6e9b80 eefd7b80
[    2.681771] 7e80: c12026a4 c130fa46 00000002 c1117b80 ee6e9b80 c0376a3c c1117b80 ee6e9a40
[    2.690330] 7ea0: ee6e9a40 eefd7b80 eefd7c48 ee6e9b80 c091decc 60000013 ffffffff ee747efc
[    2.698890] 7ec0: c0388d8c c030c5f8 0000014d ee724c90 fc020000 fc020034 ee724c90 ee728624
[    2.707451] 7ee0: ee1c4d80 00000000 c0388d8c c130fa4c 00000000 00000000 00000000 ee747f18
[    2.716002] 7f00: c0388da8 c091decc 60000013 ffffffff 00000051 00000000 ee728600 ee728624
[    2.724571] 7f20: ee1c4d80 ee728600 c0388d8c c0388da8 ee746000 ee728624 ee1c4d80 c03890b8
[    2.733123] 7f40: 00000000 c0388ec0 00000000 ee728640 ee728600 c0388f7c 00000000 00000000
[    2.741680] 7f60: 00000000 c035dcdc 00000000 00000000 00000000 ee728600 00000000 00000000
[    2.750239] 7f80: ee747f80 ee747f80 00000001 00010001 ee747f90 ee747f90 ee747fac ee728640
[    2.758795] 7fa0: c035dc00 00000000 00000000 c0307eb8 00000000 00000000 00000000 00000000
[    2.767351] 7fc0: 00000000 00000000 00000000 00000000 00000000 00000000 00000000 00000000
[    2.775910] 7fe0: 00000000 00000000 00000000 00000000 00000013 00000000 3b002120 28040134
[    2.784466] [<c035e2a8>] (kthread_data) from [<c0388ee8>] (irq_thread_dtor+0x28/0xbc)
[    2.792665] [<c0388ee8>] (irq_thread_dtor) from [<c035c4f4>] (task_work_run+0xb8/0xe8)
[    2.800960] [<c035c4f4>] (task_work_run) from [<c0344ec4>] (do_exit+0x320/0xa84)
[    2.808694] [<c0344ec4>] (do_exit) from [<c030bf78>] (die+0x460/0x46c)
[    2.815516] [<c030bf78>] (die) from [<c0301328>] (do_DataAbort+0xb4/0xb8)
[    2.822626] [<c0301328>] (do_DataAbort) from [<c030c5f8>] (__dabt_svc+0x58/0x80)
[    2.830372] Exception stack(0xee747ec8 to 0xee747f10)
[    2.835654] 7ec0:                   0000014d ee724c90 fc020000 fc020034 ee724c90 ee728624
[    2.844205] 7ee0: ee1c4d80 00000000 c0388d8c c130fa4c 00000000 00000000 00000000 ee747f18
[    2.852766] 7f00: c0388da8 c091decc 60000013 ffffffff
[    2.858053] [<c030c5f8>] (__dabt_svc) from [<c091decc>] (dwc3_omap_interrupt_thread+0x20/0x80)
[    2.867067] [<c091decc>] (dwc3_omap_interrupt_thread) from [<c0388da8>] (irq_thread_fn+0x1c/0x34)
[    2.876348] [<c0388da8>] (irq_thread_fn) from [<c03890b8>] (irq_thread+0x13c/0x1ec)
[    2.884367] [<c03890b8>] (irq_thread) from [<c035dcdc>] (kthread+0xdc/0xf4)
[    2.891660] [<c035dcdc>] (kthread) from [<c0307eb8>] (ret_from_fork+0x14/0x3c)
[    2.899214] Code: e3a02002 e0431101 eaffff8f e59032f8 (e5130014) 
[    2.905590] ---[ end trace e834ccde7ebee0e0 ]---
[    2.910423] Fixing recursive fault but reboot is needed!
- 02:33:40 [INFO] Boot attempt 1/1 failed
- 02:33:40 [INFO] Collecting kernel traces via sysrq...
- 02:33:50 [INFO] 
- 02:34:01 [INFO] 
- 02:34:11 [INFO] 
- 02:34:11 [INFO] Disconnected serial from omap5-evm
URL:gtsystest.telogy.design.ti.com/vatf/tigtfarm08/tigtfarm08_vatf@omap5-evm/tigtfarm0809_19_2016_02_29_34/files/session_iteration_1/test_1
