- 06:59:58 [INFO] Starting target session
- 06:59:58 [INFO] Connected to omap5-evm via serial 
- 06:59:58 [INFO] Host: #check prompt
- 07:00:01 [ERROR] On command: #check prompt waiting for #check prompt.+?(?-mix:((?-mix:login:)|[Pp]assword)) >>> error: execution expired
- 07:00:01 [INFO] Target: 
#check prompt
root@omap5-evm:/test# 
- 07:00:01 [INFO] Host: #check prompt
- 07:00:01 [INFO] Target: 
#check prompt
root@omap5-evm:/test# 
- 07:00:01 [INFO] Host: sync;poweroff
- 07:00:11 [INFO] Target: 
sync;poweroff
Broadcast message from root@omap5-evm (ttyO2) (Sat Mar 28 04:44:29 2015):
The system is going doj(Stopping Dropbear SSH server: stopped /usr/sbin/dropbear (pid 755)
dropbear.
Stopping telnet daemon.
Stopping tiipclad daemon.
Stopping system message bus: dbus.
hwclock: can't open '/dev/misc/rtc': No such file or directory
Error opening /dev/fb0: No such file or directory
Stopping syslogd/klogd: stopped syslogd (pid 784)
stopped klogd (pid 787)
done
Stopping thttpd.
Stopping Weston
stopping statd: done
ALSA: Storing mixer settings...
/usr/sbin/alsactl: save_state:1590: No soundcards found...
Stopping rpcbind daemon...
done.
Stopping Lighttpd Web Server: stopped /usr/sbin/lighttpd (pid 795)
lighttpd.
Deconfiguring network interfaces... ifdown: interface eth0 not configured
done.
Stopping Matrix GUI applicationstart-stop-daemon: warning: killing process 800: No such process
Disabling thermal zones...
/etc/rc0.d/K98thermal-zone-init: line 13: /sys/class/thermal/thermal_zone*/mode: No such file or directory
***************************************************************
***************************************************************
NOTICE: This file system contains the followin GPLv3 packages:
	autoconf
	binutils
	cpp-symlinks
	cpp
	g++-symlinks
	g++
	gcc-symlinks
	gcc
	gdbserver
	gstreamer1.0-libav
	libgmp10
	libmpc3
	libmpfr4
	make
	parted
If you do not wish to distribute GPLv3 components please remove
the above packages prior to distribution.  This can be done using
the opkg remove command.  i.e.:
    opkg remove <package>
Where <package> is the name printed in the list above
NOTE: If the package is a dependency of another package you
      will be notified of the dependent packages.  You should
      use the --force-removal-of-dependent-packages option to
      also remove the dependent packages as well
***************************************************************
***************************************************************
Sending all processes the TERM signal...
Sending all processes the KILL signal...
Unmounting remote filesystems...
Deactivating swap...
Unmounting local filesystems...
[ 1675.230026] EXT4-fs (mmcblk1p2): re-mounted. Opts: data=ordered
[ 1677.721082] reboot: Power down
- 07:00:11 [INFO] Disconnected serial from omap5-evm
- 07:00:16 [INFO] Connected to omap5-evm via serial 
- 07:00:16 [INFO] Host: 
- 07:00:17 [INFO] Target: 
SATA link 0 timeout.
AHCI 0001.0300 32 slots 1 ports 3 Gbps 0x1 impl SATA mode
flags: 64bit ncq stag pm led clo only pmp pio slum part ccc apst 
scanning bus for devices...
Found 0 device(s).
SCSI:  Net:   No ethernet found.
Hit any key to stop autoboot:  1  0 
U-Boot# 
U-Boot# 
U-Boot# 
U-Boot# 
U-Boot# 
U-Boot# 
U-Boot# 
- 07:00:17 [INFO] Host: 
- 07:00:17 [INFO] Target: 
ot# 
U-Boot# 
- 07:00:17 [INFO] Host: version
- 07:00:17 [INFO] Target: 
version
U-Boot 2014.07-g67b4cea (Mar 20 2015 - 18:26:19)
arm-linux-gnueabihf-gcc (crosstool-NG linaro-1.13.1-4.7-2013.03-20130313 - Linaro GCC 2013.03) 4.7.3 20130226 (prerelease)
GNU ld (crosstool-NG linaro-1.13.1-4.7-2013.03-20130313 - Linaro GCC 2013.03) 2.23.1
U-Boot# 
- 07:00:17 [INFO] Host: setenv bootargs 'console=ttyO2,115200n8 earlyprintk rootwait '
- 07:00:17 [INFO] Target: 
setenv bootargs 'console=ttyO2,115200n8 earlyprintk rootwait '
U-Boot# 
- 07:00:17 [INFO] Host: setenv bootcmd  ''
- 07:00:17 [INFO] Target: 
setenv bootcmd  ''
U-Boot# 
- 07:00:17 [INFO] Host: setenv autoload 'no'
- 07:00:17 [INFO] Target: 
setenv autoload 'no'
U-Boot# 
- 07:00:17 [INFO] Host: setenv serverip '192.168.0.1'
- 07:00:17 [INFO] Target: 
setenv serverip '192.168.0.1'
U-Boot# 
- 07:00:17 [INFO] Host: printenv
- 07:00:18 [INFO] Target: 
printenv
arch=arm
autoload=no
baudrate=115200
board=omap5_uevm
board_name=omap5_uevm
bootargs=console=ttyO2,115200n8 earlyprintk rootwait 
bootcmd=
bootdelay=1
bootdir=/boot
bootenv=uEnv.txt
bootfile=zImage
bootm_size=0x10000000
bootpart=0:2
bootscript=echo Running bootscript from mmc${mmcdev} ...; source ${loadaddr}
console=ttyO2,115200n8
cpu=armv7
fdt_addr_r=0x88000000
fdtaddr=0x88000000
fdtfile=undefined
findfdt=if test $board_name = omap5_uevm; then setenv fdtfile omap5-uevm.dtb; fi; if test $board_name = dra7xx; then setenv fdtfile dra7-evm.dtb; fi;if test $board_name = dra72x; then setenv fdtfile dra72-evm.dtb; fi;if test $board_name = beagle_x15; then setenv fdtfile am57xx-beagle-x15.dtb; fi;if test $fdtfile = undefined; then echo WARNING: Could not determine device tree to use; fi; 
importbootenv=echo Importing environment from mmc${mmcdev} ...; env import -t ${loadaddr} ${filesize}
kernel_addr_r=0x82000000
loadaddr=0x82000000
loadbootenv=fatload mmc ${mmcdev} ${loadaddr} ${bootenv}
loadbootscript=fatload mmc ${mmcdev} ${loadaddr} boot.scr
loadfdt=load mmc ${bootpart} ${fdtaddr} ${bootdir}/${fdtfile};
loadimage=load mmc ${bootpart} ${loadaddr} ${bootdir}/${bootfile}
mmcargs=setenv bootargs console=${console} ${optargs} vram=${vram} root=${mmcroot} rootfstype=${mmcrootfstype}
mmcboot=mmc dev ${mmcdev}; if mmc rescan; then echo SD/MMC found on device ${mmcdev};if run loadbootenv; then echo Loaded environment from ${bootenv};run importbootenv;fi;if test -n $uenvcmd; then echo Running uenvcmd ...;run uenvcmd;fi;if run loadimage; then run loadfdt; echo Booting from mmc${mmcdev} ...; run mmcargs; bootz ${loadaddr} - ${fdtaddr}; fi;fi;
mmcdev=0
mmcroot=/dev/mmcblk0p2 rw
mmcrootfstype=ext4 rootwait
netargs=setenv bootargs console=${console} ${optargs} root=/dev/nfs nfsroot=${serverip}:${rootpath},${nfsopts} rw ip=dhcp
netboot=echo Booting from network ...; set env autoload no; dhcp; tftp ${loadaddr} ${bootfile}; tftp ${fdtaddr} ${fdtfile}; run netargs; bootz ${loadaddr} - ${fdtaddr}
partitions=uuid_disk=${uuid_gpt_disk};name=rootfs,start=2MiB,size=-,uuid=${uuid_gpt_rootfs}
ramdisk_addr_r=0x88080000
rdaddr=0x88080000
scsidevs=0
serverip=192.168.0.1
soc=omap5
stderr=serial
stdin=serial
stdout=serial
usbethaddr=02:21:03:74:17:10
usbtty=cdc_acm
vendor=ti
ver=U-Boot 2014.07-g67b4cea (Mar 20 2015 - 18:26:19)
vram=16M
Environment size: 2441/131067 bytes
U-Boot# 
- 07:00:18 [INFO] Host: usb start
- 07:00:23 [INFO] Target: 
usb start
(Re)start USB...
USB0:   USB EHCI 1.00
scanning bus 0 for devices... 4 USB Device(s) found
       scanning usb for storage devices... 1 Storage Device(s) found
       scanning usb for ethernet devices... 1 Ethernet Device(s) found
U-Boot# 
- 07:00:23 [INFO] Host: printenv
- 07:00:23 [INFO] Target: 
printenv
arch=arm
autoload=no
baudrate=115200
board=omap5_uevm
board_name=omap5_uevm
bootargs=console=ttyO2,115200n8 earlyprintk rootwait 
bootcmd=
bootdelay=1
bootdir=/boot
bootenv=uEnv.txt
bootfile=zImage
bootm_size=0x10000000
bootpart=0:2
bootscript=echo Running bootscript from mmc${mmcdev} ...; source ${loadaddr}
console=ttyO2,115200n8
cpu=armv7
ethact=sms0
fdt_addr_r=0x88000000
fdtaddr=0x88000000
fdtfile=undefined
findfdt=if test $board_name = omap5_uevm; then setenv fdtfile omap5-uevm.dtb; fi; if test $board_name = dra7xx; then setenv fdtfile dra7-evm.dtb; fi;if test $board_name = dra72x; then setenv fdtfile dra72-evm.dtb; fi;if test $board_name = beagle_x15; then setenv fdtfile am57xx-beagle-x15.dtb; fi;if test $fdtfile = undefined; then echo WARNING: Could not determine device tree to use; fi; 
importbootenv=echo Importing environment from mmc${mmcdev} ...; env import -t ${loadaddr} ${filesize}
kernel_addr_r=0x82000000
loadaddr=0x82000000
loadbootenv=fatload mmc ${mmcdev} ${loadaddr} ${bootenv}
loadbootscript=fatload mmc ${mmcdev} ${loadaddr} boot.scr
loadfdt=load mmc ${bootpart} ${fdtaddr} ${bootdir}/${fdtfile};
loadimage=load mmc ${bootpart} ${loadaddr} ${bootdir}/${bootfile}
mmcargs=setenv bootargs console=${console} ${optargs} vram=${vram} root=${mmcroot} rootfstype=${mmcrootfstype}
mmcboot=mmc dev ${mmcdev}; if mmc rescan; then echo SD/MMC found on device ${mmcdev};if run loadbootenv; then echo Loaded environment from ${bootenv};run importbootenv;fi;if test -n $uenvcmd; then echo Running uenvcmd ...;run uenvcmd;fi;if run loadimage; then run loadfdt; echo Booting from mmc${mmcdev} ...; run mmcargs; bootz ${loadaddr} - ${fdtaddr}; fi;fi;
mmcdev=0
mmcroot=/dev/mmcblk0p2 rw
mmcrootfstype=ext4 rootwait
netargs=setenv bootargs console=${console} ${optargs} root=/dev/nfs nfsroot=${serverip}:${rootpath},${nfsopts} rw ip=dhcp
netboot=echo Booting from network ...; set env autoload no; dhcp; tftp ${loadaddr} ${bootfile}; tftp ${fdtaddr} ${fdtfile}; run netargs; bootz ${loadaddr} - ${fdtaddr}
partitions=uuid_disk=${uuid_gpt_disk};name=rootfs,start=2MiB,size=-,uuid=${uuid_gpt_rootfs}
ramdisk_addr_r=0x88080000
rdaddr=0x88080000
scsidevs=0
serverip=192.168.0.1
soc=omap5
stderr=serial
stdin=serial
stdout=serial
usbethaddr=02:21:03:74:17:10
usbtty=cdc_acm
vendor=ti
ver=U-Boot 2014.07-g67b4cea (Mar 20 2015 - 18:26:19)
vram=16M
Environment size: 2455/131067 bytes
U-Boot# 
- 07:00:23 [INFO] Host: setenv bootargs ''${bootargs}' ip=:::::eth0:dhcp '
- 07:00:23 [INFO] Target: 
setenv bootargs ''${bootargs}' ip=:::::eth0:dhcp '
U-Boot# 
- 07:00:23 [INFO] Host: setenv serverip '192.168.0.1'
- 07:00:23 [INFO] Target: 
setenv serverip '192.168.0.1'
U-Boot# 
- 07:00:23 [INFO] Host: setenv autoload 'no'
- 07:00:23 [INFO] Target: 
setenv autoload 'no'
U-Boot# 
- 07:00:23 [INFO] Host: dhcp
- 07:00:26 [INFO] Target: 
dhcp
Waiting for Ethernet connection... done.
BOOTP broadcast 1
DHCP client bound to address 192.168.0.71
U-Boot# 
- 07:00:26 [INFO] Host: tftp ${loadaddr} 192.168.0.1:vatf_omap5-evm/b0b5fd2376ed2f2e42b91287f4207b00
- 07:00:30 [INFO] Target: 
tftp ${loadaddr} 192.168.0.1:vatf_omap5-evm/b0b5fd2376ed2f2e42b91287f4207b00
Waiting for Ethernet connection... done.
Using sms0 device
TFTP from server 192.168.0.1; our IP address is 192.168.0.71
Filename 'vatf_omap5-evm/b0b5fd2376ed2f2e42b91287f4207b00'.
Load address: 0x82000000
Loading: *#################################################################
	 #################################################################
	 #################################################################
	 #################################################################
	 #################################################################
	 #################################################################
	 #########################################################
	 2.8 MiB/s
done
Bytes transferred = 6559336 (641668 hex)
U-Boot# 
- 07:00:30 [INFO] Host: tftp ${fdt_addr_r} 192.168.0.1:vatf_omap5-evm/59d88167da22f24378de94737aee33ab
- 07:00:32 [INFO] Target: 
tftp ${fdt_addr_r} 192.168.0.1:vatf_omap5-evm/59d88167da22f24378de94737aee33ab
Waiting for Ethernet connection... done.
Using sms0 device
TFTP from server 192.168.0.1; our IP address is 192.168.0.71
Filename 'vatf_omap5-evm/59d88167da22f24378de94737aee33ab'.
Load address: 0x88000000
Loading: *####
	 2.5 MiB/s
done
Bytes transferred = 52926 (cebe hex)
U-Boot# 
- 07:00:32 [INFO] Host: ls mmc 0:1
- 07:00:32 [INFO] Target: 
ls mmc 0:1
    62152   mlo 
   304584   u-boot.img 
        4   ws-calibrate.rules 
        0   pointercal 
4 file(s), 0 dir(s)
U-Boot# 
- 07:00:32 [INFO] Host: ls mmc 0:2
- 07:00:32 [INFO] Target: 
ls mmc 0:2
<DIR>       4096 .
<DIR>       4096 ..
<DIR>       4096 include
<DIR>       4096 srv
<DIR>       4096 home
<DIR>       4096 media
<DIR>       4096 opt
<DIR>       4096 var
<DIR>       4096 sys
<DIR>       4096 boot
<DIR>       4096 dev
<DIR>       4096 usr
<DIR>       4096 bin
<DIR>       4096 mnt
<DIR>       4096 etc
<DIR>       4096 sbin
<DIR>       4096 www
<SYM>          8 tmp
<DIR>       4096 proc
<DIR>       4096 run
<DIR>       4096 lib
<DIR>       4096 test
U-Boot# 
- 07:00:32 [INFO] Host: part uuid mmc 0:2
- 07:00:32 [INFO] Target: 
part uuid mmc 0:2
00000000-02
U-Boot# 
- 07:00:32 [INFO] Host: printenv
- 07:00:32 [INFO] Target: 
printenv
arch=arm
autoload=no
baudrate=115200
board=omap5_uevm
board_name=omap5_uevm
bootargs=console=ttyO2,115200n8 earlyprintk rootwait  ip=:::::eth0:dhcp 
bootcmd=
bootdelay=1
bootdir=/boot
bootenv=uEnv.txt
bootfile=zImage
bootm_size=0x10000000
bootpart=0:2
bootscript=echo Running bootscript from mmc${mmcdev} ...; source ${loadaddr}
console=ttyO2,115200n8
cpu=armv7
dnsip=192.0.2.2
ethact=sms0
fdt_addr_r=0x88000000
fdtaddr=0x88000000
fdtfile=undefined
fileaddr=88000000
filesize=cebe
findfdt=if test $board_name = omap5_uevm; then setenv fdtfile omap5-uevm.dtb; fi; if test $board_name = dra7xx; then setenv fdtfile dra7-evm.dtb; fi;if test $board_name = dra72x; then setenv fdtfile dra72-evm.dtb; fi;if test $board_name = beagle_x15; then setenv fdtfile am57xx-beagle-x15.dtb; fi;if test $fdtfile = undefined; then echo WARNING: Could not determine device tree to use; fi; 
gatewayip=192.168.0.1
importbootenv=echo Importing environment from mmc${mmcdev} ...; env import -t ${loadaddr} ${filesize}
ipaddr=192.168.0.71
kernel_addr_r=0x82000000
loadaddr=0x82000000
loadbootenv=fatload mmc ${mmcdev} ${loadaddr} ${bootenv}
loadbootscript=fatload mmc ${mmcdev} ${loadaddr} boot.scr
loadfdt=load mmc ${bootpart} ${fdtaddr} ${bootdir}/${fdtfile};
loadimage=load mmc ${bootpart} ${loadaddr} ${bootdir}/${bootfile}
mmcargs=setenv bootargs console=${console} ${optargs} vram=${vram} root=${mmcroot} rootfstype=${mmcrootfstype}
mmcboot=mmc dev ${mmcdev}; if mmc rescan; then echo SD/MMC found on device ${mmcdev};if run loadbootenv; then echo Loaded environment from ${bootenv};run importbootenv;fi;if test -n $uenvcmd; then echo Running uenvcmd ...;run uenvcmd;fi;if run loadimage; then run loadfdt; echo Booting from mmc${mmcdev} ...; run mmcargs; bootz ${loadaddr} - ${fdtaddr}; fi;fi;
mmcdev=0
mmcroot=/dev/mmcblk0p2 rw
mmcrootfstype=ext4 rootwait
netargs=setenv bootargs console=${console} ${optargs} root=/dev/nfs nfsroot=${serverip}:${rootpath},${nfsopts} rw ip=dhcp
netboot=echo Booting from network ...; set env autoload no; dhcp; tftp ${loadaddr} ${bootfile}; tftp ${fdtaddr} ${fdtfile}; run netargs; bootz ${loadaddr} - ${fdtaddr}
netmask=255.255.255.0
partitions=uuid_disk=${uuid_gpt_disk};name=rootfs,start=2MiB,size=-,uuid=${uuid_gpt_rootfs}
ramdisk_addr_r=0x88080000
rdaddr=0x88080000
scsidevs=0
serverip=192.168.0.1
soc=omap5
stderr=serial
stdin=serial
stdout=serial
usbethaddr=02:21:03:74:17:10
usbtty=cdc_acm
vendor=ti
ver=U-Boot 2014.07-g67b4cea (Mar 20 2015 - 18:26:19)
vram=16M
Environment size: 2598/131067 bytes
U-Boot# 
- 07:00:32 [INFO] Host: setenv bootargs ''${bootargs}' root=PARTUUID=00000000-02 rw rootfstype=ext4 rootwait '
- 07:00:33 [INFO] Target: 
setenv bootargs ''${bootargs}' root=PARTUUID=00000000-02 rw rootfstype=ext4 rootwait '
U-Boot# 
- 07:00:33 [INFO] Host: printenv
- 07:00:33 [INFO] Target: 
printenv
arch=arm
autoload=no
baudrate=115200
board=omap5_uevm
board_name=omap5_uevm
bootargs=console=ttyO2,115200n8 earlyprintk rootwait  ip=:::::eth0:dhcp  root=PARTUUID=00000000-02 rw rootfstype=ext4 rootwait 
bootcmd=
bootdelay=1
bootdir=/boot
bootenv=uEnv.txt
bootfile=zImage
bootm_size=0x10000000
bootpart=0:2
bootscript=echo Running bootscript from mmc${mmcdev} ...; source ${loadaddr}
console=ttyO2,115200n8
cpu=armv7
dnsip=192.0.2.2
ethact=sms0
fdt_addr_r=0x88000000
fdtaddr=0x88000000
fdtfile=undefined
fileaddr=88000000
filesize=cebe
findfdt=if test $board_name = omap5_uevm; then setenv fdtfile omap5-uevm.dtb; fi; if test $board_name = dra7xx; then setenv fdtfile dra7-evm.dtb; fi;if test $board_name = dra72x; then setenv fdtfile dra72-evm.dtb; fi;if test $board_name = beagle_x15; then setenv fdtfile am57xx-beagle-x15.dtb; fi;if test $fdtfile = undefined; then echo WARNING: Could not determine device tree to use; fi; 
gatewayip=192.168.0.1
importbootenv=echo Importing environment from mmc${mmcdev} ...; env import -t ${loadaddr} ${filesize}
ipaddr=192.168.0.71
kernel_addr_r=0x82000000
loadaddr=0x82000000
loadbootenv=fatload mmc ${mmcdev} ${loadaddr} ${bootenv}
loadbootscript=fatload mmc ${mmcdev} ${loadaddr} boot.scr
loadfdt=load mmc ${bootpart} ${fdtaddr} ${bootdir}/${fdtfile};
loadimage=load mmc ${bootpart} ${loadaddr} ${bootdir}/${bootfile}
mmcargs=setenv bootargs console=${console} ${optargs} vram=${vram} root=${mmcroot} rootfstype=${mmcrootfstype}
mmcboot=mmc dev ${mmcdev}; if mmc rescan; then echo SD/MMC found on device ${mmcdev};if run loadbootenv; then echo Loaded environment from ${bootenv};run importbootenv;fi;if test -n $uenvcmd; then echo Running uenvcmd ...;run uenvcmd;fi;if run loadimage; then run loadfdt; echo Booting from mmc${mmcdev} ...; run mmcargs; bootz ${loadaddr} - ${fdtaddr}; fi;fi;
mmcdev=0
mmcroot=/dev/mmcblk0p2 rw
mmcrootfstype=ext4 rootwait
netargs=setenv bootargs console=${console} ${optargs} root=/dev/nfs nfsroot=${serverip}:${rootpath},${nfsopts} rw ip=dhcp
netboot=echo Booting from network ...; set env autoload no; dhcp; tftp ${loadaddr} ${bootfile}; tftp ${fdtaddr} ${fdtfile}; run netargs; bootz ${loadaddr} - ${fdtaddr}
netmask=255.255.255.0
partitions=uuid_disk=${uuid_gpt_disk};name=rootfs,start=2MiB,size=-,uuid=${uuid_gpt_rootfs}
ramdisk_addr_r=0x88080000
rdaddr=0x88080000
scsidevs=0
serverip=192.168.0.1
soc=omap5
stderr=serial
stdin=serial
stdout=serial
usbethaddr=02:21:03:74:17:10
usbtty=cdc_acm
vendor=ti
ver=U-Boot 2014.07-g67b4cea (Mar 20 2015 - 18:26:19)
vram=16M
Environment size: 2653/131067 bytes
U-Boot# 
- 07:00:33 [INFO] Host: setenv bootcmd ''${bootcmd}' if iminfo ${loadaddr}; then bootm ${loadaddr} - ${fdt_addr_r}; else bootz ${loadaddr} - ${fdt_addr_r}; bootm ${loadaddr} - ${fdt_addr_r}; fi'
- 07:00:33 [INFO] Target: 
setenv bootcmd ''${bootcmd}' if iminfo ${loadaddr}; then bootm ${loadaddr} - ${fdt_addr_r}; else bootz ${loadaddr} - ${fdt_addr_r}; bootm ${loadaddr} - ${fdt_addr_r}; fi'
U-Boot# 
- 07:00:33 [INFO] Host: version
- 07:00:33 [INFO] Target: 
version
U-Boot 2014.07-g67b4cea (Mar 20 2015 - 18:26:19)
arm-linux-gnueabihf-gcc (crosstool-NG linaro-1.13.1-4.7-2013.03-20130313 - Linaro GCC 2013.03) 4.7.3 20130226 (prerelease)
GNU ld (crosstool-NG linaro-1.13.1-4.7-2013.03-20130313 - Linaro GCC 2013.03) 2.23.1
U-Boot# 
- 07:00:33 [INFO] Host: bdinfo
- 07:00:33 [INFO] Target: 
bdinfo
arch_number = 0x00000EC1
boot_params = 0x80000100
DRAM bank   = 0x00000000
-> start    = 0x80000000
-> size     = 0x7F000000
eth0name    = sms0
ethaddr     = (not set)
current eth = sms0
ip_addr     = 192.168.0.71
baudrate    = 115200 bps
TLB addr    = 0xFEFF0000
relocaddr   = 0xFEF61000
reloc off   = 0x7E761000
irq_sp      = 0xFDF40EE0
sp start    = 0xFDF40ED0
U-Boot# 
- 07:00:33 [INFO] Host: mmc rescan; echo $?
- 07:00:33 [INFO] Target: 
mmc rescan; echo $?
U-Boot# 
- 07:00:33 [INFO] Host: fatwrite mmc ${mmcdev}:1 ${loadaddr} ws-calibrate.rules 4
- 07:00:34 [INFO] Target: 
fatwrite mmc ${mmcdev}:1 ${loadaddr} ws-calibrate.rules 4
writing ws-calibrate.rules
4 bytes written
U-Boot# 
- 07:00:34 [INFO] Host: boot
- 07:00:45 [INFO] Target: 
boot
## Checking Image at 82000000 ...
Unknown image format!
Kernel image @ 0x82000000 [ 0x000000 - 0x641668 ]
## Flattened Device Tree blob at 88000000
   Booting using the fdt blob at 0x88000000
   Loading Device Tree to 8fff0000, end 8ffffebd ... OK
Starting kernel ...
[    0.000000] Booting Linux on physical CPU 0x0
[    0.000000] Linux version 4.4.0-rc4-next-20151208-00002-gb88ee61c516d (nmenon@kahuna) (gcc version 4.6.3 (Ubuntu/Linaro 4.6.3-1ubuntu5) ) #1 SMP Tue Dec 8 06:00:02 CST 2015
[    0.000000] CPU: ARMv7 Processor [412fc0f2] revision 2 (ARMv7), cr=10c5387d
[    0.000000] CPU: PIPT / VIPT nonaliasing data cache, PIPT instruction cache
[    0.000000] Machine model: TI OMAP5 uEVM board
[    0.000000] cma: Reserved 64 MiB at 0xfa800000
[    0.000000] Memory policy: Data cache writealloc
[    0.000000] OMAP4: Map 0xfee00000 to fe600000 for dram barrier
[    0.000000] OMAP5432 ES2.0
[    0.000000] PERCPU: Embedded 12 pages/cpu @eefc9000 s19200 r8192 d21760 u49152
[    0.000000] Built 1 zonelists in Zone order, mobility grouping on.  Total pages: 518144
[    0.000000] Kernel command line: console=ttyO2,115200n8 earlyprintk rootwait  ip=:::::eth0:dhcp  root=PARTUUID=00000000-02 rw rootfstype=ext4 rootwait 
[    0.000000] PID hash table entries: 4096 (order: 2, 16384 bytes)
[    0.000000] Dentry cache hash table entries: 131072 (order: 7, 524288 bytes)
[    0.000000] Inode-cache hash table entries: 65536 (order: 6, 262144 bytes)
[    0.000000] Memory: 1981104K/2078720K available (8339K kernel code, 1089K rwdata, 3832K rodata, 1016K init, 340K bss, 32080K reserved, 65536K cma-reserved, 1226752K highmem)
[    0.000000] Virtual kernel memory layout:
[    0.000000]     vector  : 0xffff0000 - 0xffff1000   (   4 kB)
[    0.000000]     fixmap  : 0xffc00000 - 0xfff00000   (3072 kB)
[    0.000000]     vmalloc : 0xf0800000 - 0xff800000   ( 240 MB)
[    0.000000]     lowmem  : 0xc0000000 - 0xf0000000   ( 768 MB)
[    0.000000]     pkmap   : 0xbfe00000 - 0xc0000000   (   2 MB)
[    0.000000]     modules : 0xbf000000 - 0xbfe00000   (  14 MB)
[    0.000000]       .text : 0xc0208000 - 0xc0debd20   (12176 kB)
[    0.000000]       .init : 0xc0dec000 - 0xc0eea000   (1016 kB)
[    0.000000]       .data : 0xc0eea000 - 0xc0ffa780   (1090 kB)
[    0.000000]        .bss : 0xc0ffd000 - 0xc10520a0   ( 341 kB)
[    0.000000] SLUB: HWalign=64, Order=0-3, MinObjects=0, CPUs=2, Nodes=1
[    0.000000] Hierarchical RCU implementation.
[    0.000000] 	Build-time adjustment of leaf fanout to 32.
[    0.000000] 	RCU restricting CPUs from NR_CPUS=16 to nr_cpu_ids=2.
[    0.000000] RCU: Adjusting geometry for rcu_fanout_leaf=32, nr_cpu_ids=2
[    0.000000] NR_IRQS:16 nr_irqs:16 16
[    0.000000] OMAP clockevent source: timer1 at 32768 Hz
[    0.000000] Architected cp15 timer(s) running at 6.14MHz (virt).
[    0.000000] clocksource: arch_sys_counter: mask: 0xffffffffffffff max_cycles: 0x16ac02862, max_idle_ns: 440795202218 ns
[    0.000004] sched_clock: 56 bits at 6MHz, resolution 162ns, wraps every 4398046511085ns
[    0.000014] Switching to timer-based delay loop, resolution 162ns
[    0.002154] clocksource: 32k_counter: mask: 0xffffffff max_cycles: 0xffffffff, max_idle_ns: 58327039986419 ns
[    0.002160] OMAP clocksource: 32k_counter at 32768 Hz
[    0.004062] Console: colour dummy device 80x30
[    0.004081] Calibrating delay loop (skipped), value calculated using timer frequency.. 12.28 BogoMIPS (lpj=30720)
[    0.004091] pid_max: default: 32768 minimum: 301
[    0.004171] Mount-cache hash table entries: 2048 (order: 1, 8192 bytes)
[    0.004179] Mountpoint-cache hash table entries: 2048 (order: 1, 8192 bytes)
[    0.004624] CPU: Testing write buffer coherency: ok
[    0.004776] /cpus/cpu@0 missing clock-frequency property
[    0.004787] /cpus/cpu@1 missing clock-frequency property
[    0.004796] CPU0: thread -1, cpu 0, socket 0, mpidr 80000000
[    0.004836] Setting up static identity map for 0x80209000 - 0x80209098
[    0.008356] CPU1: thread -1, cpu 1, socket 0, mpidr 80000001
[    0.008413] Brought up 2 CPUs
[    0.008424] SMP: Total of 2 processors activated (24.57 BogoMIPS).
[    0.008430] CPU: All CPU(s) started in SVC mode.
[    0.009385] devtmpfs: initialized
[    0.021433] VFP support v0.3: implementor 41 architecture 4 part 30 variant f rev 0
[    0.022139] omap_hwmod: l3_main_3 using broken dt data from ocp
[    0.022583] omap_hwmod: l3_main_2 using broken dt data from ocp
[    0.086849] clocksource: jiffies: mask: 0xffffffff max_cycles: 0xffffffff, max_idle_ns: 9556302231375000 ns
[    0.088049] pinctrl core: initialized pinctrl subsystem
[    0.089302] NET: Registered protocol family 16
[    0.090845] DMA: preallocated 256 KiB pool for atomic coherent allocations
[    0.105252] cpuidle: using governor ladder
[    0.120267] cpuidle: using governor menu
[    0.125570] OMAP GPIO hardware version 0.1
[    0.130049] platform 50000000.gpmc: Cannot lookup hwmod 'gpmc'
[    0.130177] omap-gpmc 50000000.gpmc: _od_fail_runtime_resume: FIXME: missing hwmod/omap_dev info
[    0.130188] omap-gpmc 50000000.gpmc: GPMC revision 6.0
[    0.132683] irq: no irq domain found for /ocp/l4@4a000000/scm@2800/pinmux@40 !
[    0.133900] irq: no irq domain found for /ocp/l4@4a000000/scm@2800/pinmux@40 !
[    0.143109] No ATAGs?
[    0.143134] hw-breakpoint: found 5 (+1 reserved) breakpoint and 4 watchpoint registers.
[    0.143141] hw-breakpoint: maximum watchpoint size is 8 bytes.
[    0.144089] OMAP DMA hardware revision 0.0
[    0.148674] Serial: AMBA PL011 UART driver
[    0.175221] omap-dma-engine 4a056000.dma-controller: OMAP DMA engine driver
[    0.176891] reg-fixed-voltage fixedregulator-mmcsdio: could not find pctldev for node /ocp/l4@4a000000/scm@2800/pinmux@40/pinmux_wlan_pins, deferring probe
[    0.180074] vgaarb: loaded
[    0.180843] SCSI subsystem initialized
[    0.181173] usbcore: registered new interface driver usbfs
[    0.181220] usbcore: registered new interface driver hub
[    0.181259] usbcore: registered new device driver usb
[    0.181542] hsusb2_phy supply vcc not found, using dummy regulator
[    0.181640] hsusb3_phy supply vcc not found, using dummy regulator
[    0.182187] omap_i2c 48070000.i2c: could not find pctldev for node /ocp/l4@4a000000/scm@2800/pinmux@40/pinmux_i2c1_pins, deferring probe
[    0.182467] omap_i2c 48072000.i2c: bus 1 rev0.12 at 100 kHz
[    0.182734] omap_i2c 48060000.i2c: bus 2 rev0.12 at 100 kHz
[    0.182990] omap_i2c 4807a000.i2c: bus 3 rev0.12 at 100 kHz
[    0.183020] omap_i2c 4807c000.i2c: could not find pctldev for node /ocp/l4@4a000000/scm@2800/pinmux@40/pinmux_i2c5_pins, deferring probe
[    0.183915] pps_core: LinuxPPS API ver. 1 registered
[    0.183921] pps_core: Software ver. 5.3.6 - Copyright 2005-2007 Rodolfo Giometti <giometti@linux.it>
[    0.183941] PTP clock support registered
[    0.184142] EDAC MC: Ver: 3.0.0
[    0.186147] clocksource: Switched to clocksource arch_sys_counter
[    0.194274] NET: Registered protocol family 2
[    0.194632] TCP established hash table entries: 8192 (order: 3, 32768 bytes)
[    0.194702] TCP bind hash table entries: 8192 (order: 4, 65536 bytes)
[    0.194833] TCP: Hash tables configured (established 8192 bind 8192)
[    0.194874] UDP hash table entries: 512 (order: 2, 16384 bytes)
[    0.194903] UDP-Lite hash table entries: 512 (order: 2, 16384 bytes)
[    0.195017] NET: Registered protocol family 1
[    0.195214] RPC: Registered named UNIX socket transport module.
[    0.195221] RPC: Registered udp transport module.
[    0.195227] RPC: Registered tcp transport module.
[    0.195232] RPC: Registered tcp NFSv4.1 backchannel transport module.
[    0.232402] hw perfevents: enabled with armv7_cortex_a15 PMU driver, 7 counters available
[    0.234115] futex hash table entries: 512 (order: 3, 32768 bytes)
[    0.243171] squashfs: version 4.0 (2009/01/31) Phillip Lougher
[    0.243804] NFS: Registering the id_resolver key type
[    0.243834] Key type id_resolver registered
[    0.243840] Key type id_legacy registered
[    0.243890] ntfs: driver 2.1.32 [Flags: R/O].
[    0.244823] bounce: pool size: 64 pages
[    0.244972] Block layer SCSI generic (bsg) driver version 0.4 loaded (major 249)
[    0.244984] io scheduler noop registered
[    0.244995] io scheduler deadline registered
[    0.245023] io scheduler cfq registered (default)
[    0.248978] ti-pipe3 4a096000.phy: can't get syscon-pllreset, sata dpll won't idle
[    0.251767] pinctrl-single 4a002840.pinmux: 219 pins at pa fc002840 size 438
[    0.251948] pinctrl-single 4ae0c840.pinmux: 28 pins at pa fce0c840 size 56
[    0.305475] Serial: 8250/16550 driver, 4 ports, IRQ sharing disabled
[    0.307508] SuperH (H)SCI(F) driver initialized
[    0.308432] msm_serial: driver initialized
[    0.309036] omap_uart 4806a000.serial: no wakeirq for uart0
[    0.309117] 4806a000.serial: ttyO0 at MMIO 0x4806a000 (irq = 306, base_baud = 3000000) is a OMAP UART0
[    0.309393] omap_uart 4806c000.serial: no wakeirq for uart1
[    0.309456] 4806c000.serial: ttyO1 at MMIO 0x4806c000 (irq = 307, base_baud = 3000000) is a OMAP UART1
[    0.309795] 48020000.serial: ttyO2 at MMIO 0x48020000 (irq = 308, base_baud = 3000000) is a OMAP UART2
[    1.134504] console [ttyO2] enabled
[    1.138391] omap_uart 4806e000.serial: no wakeirq for uart3
[    1.144287] 4806e000.serial: ttyO3 at MMIO 0x4806e000 (irq = 309, base_baud = 3000000) is a OMAP UART3
[    1.154305] omap_uart 48066000.serial: no wakeirq for uart4
[    1.160205] 48066000.serial: ttyO4 at MMIO 0x48066000 (irq = 310, base_baud = 3000000) is a OMAP UART4
[    1.170183] omap_uart 48068000.serial: no wakeirq for uart5
[    1.176080] 48068000.serial: ttyO5 at MMIO 0x48068000 (irq = 311, base_baud = 3000000) is a OMAP UART5
[    1.186125] STMicroelectronics ASC driver initialized
[    1.193100] [drm] Initialized drm 1.1.0 20060810
[    1.205228] loop: module loaded
[    1.210161] ahci 4a140000.sata: SSS flag set, parallel bus scan disabled
[    1.217201] ahci 4a140000.sata: AHCI 0001.0300 32 slots 1 ports 3 Gbps 0x1 impl platform mode
[    1.226130] ahci 4a140000.sata: flags: 64bit ncq sntf stag pm led clo only pmp pio slum part ccc apst 
[    1.236586] scsi host0: ahci
[    1.239811] ata1: SATA max UDMA/133 mmio [mem 0x4a140000-0x4a1410ff] port 0x100 irq 338
[    1.254980] libphy: Fixed MDIO Bus: probed
[    1.259808] CAN device driver interface
[    1.265249] igb: Intel(R) Gigabit Ethernet Network Driver - version 5.3.0-k
[    1.272539] igb: Copyright (c) 2007-2014 Intel Corporation.
[    1.281516] pegasus: v0.9.3 (2013/04/25), Pegasus/Pegasus II USB Ethernet driver
[    1.289305] usbcore: registered new interface driver pegasus
[    1.295281] usbcore: registered new interface driver asix
[    1.300978] usbcore: registered new interface driver ax88179_178a
[    1.307389] usbcore: registered new interface driver cdc_ether
[    1.313552] usbcore: registered new interface driver smsc75xx
[    1.319624] usbcore: registered new interface driver smsc95xx
[    1.325679] usbcore: registered new interface driver net1080
[    1.331645] usbcore: registered new interface driver cdc_subset
[    1.337878] usbcore: registered new interface driver zaurus
[    1.343778] usbcore: registered new interface driver cdc_ncm
[    1.350505] omap-dwc3 4a020000.omap_dwc3: vbus init failed
[    1.357160] ehci_hcd: USB 2.0 'Enhanced' Host Controller (EHCI) Driver
[    1.363996] ehci-pci: EHCI PCI platform driver
[    1.368682] ehci-platform: EHCI generic platform driver
[    1.374362] ehci-omap: OMAP-EHCI Host Controller driver
[    1.391931] ehci-omap 4a064c00.ehci: EHCI Host Controller
[    1.397613] ehci-omap 4a064c00.ehci: new USB bus registered, assigned bus number 1
[    1.405686] ehci-omap 4a064c00.ehci: irq 406, io mem 0x4a064c00
[    1.421161] ehci-omap 4a064c00.ehci: USB 2.0 started, EHCI 1.00
[    1.427951] hub 1-0:1.0: USB hub found
[    1.431918] hub 1-0:1.0: 3 ports detected
[    1.471196] ehci-orion: EHCI orion driver
[    1.475540] SPEAr-ehci: EHCI SPEAr driver
[    1.479899] ehci-st: EHCI STMicroelectronics driver
[    1.485152] ehci-exynos: EHCI EXYNOS driver
[    1.489696] ehci-atmel: EHCI Atmel driver
[    1.494041] tegra-ehci: Tegra EHCI driver
[    1.498410] ohci_hcd: USB 1.1 'Open' Host Controller (OHCI) Driver
[    1.504893] ohci-pci: OHCI PCI platform driver
[    1.509588] ohci-platform: OHCI generic platform driver
[    1.515235] ohci-omap3: OHCI OMAP3 driver
[    1.519614] ohci-omap3 4a064800.ohci: OHCI Host Controller
[    1.525379] ohci-omap3 4a064800.ohci: new USB bus registered, assigned bus number 2
[    1.533537] ohci-omap3 4a064800.ohci: irq 405, io mem 0x4a064800
[    1.571164] ata1: SATA link down (SStatus 0 SControl 300)
[    1.611718] hub 2-0:1.0: USB hub found
[    1.615659] hub 2-0:1.0: 3 ports detected
[    1.620268] SPEAr-ohci: OHCI SPEAr driver
[    1.624629] ohci-st: OHCI STMicroelectronics driver
[    1.629886] ohci-atmel: OHCI Atmel driver
[    1.634635] usbcore: registered new interface driver usb-storage
[    1.642444] mousedev: PS/2 mouse device common for all mice
[    1.651717] i2c /dev entries driver
[    1.664298] sdhci: Secure Digital Host Controller Interface driver
[    1.670767] sdhci: Copyright(c) Pierre Ossman
[    1.722213] Synopsys Designware Multimedia Card Interface Driver
[    1.729629] sdhci-pltfm: SDHCI platform and OF driver helper
[    1.737864] ledtrig-cpu: registered to indicate activity on CPUs
[    1.744452] usbcore: registered new interface driver usbhid
[    1.750286] usbhid: USB HID core driver
[    1.758730] NET: Registered protocol family 10
[    1.763686] usb 1-3: new high-speed USB device number 2 using ehci-omap
[    1.770884] sit: IPv6 over IPv4 tunneling driver
[    1.776214] NET: Registered protocol family 17
[    1.780881] can: controller area network core (rev 20120528 abi 9)
[    1.787397] NET: Registered protocol family 29
[    1.792061] can: raw protocol (rev 20120528)
[    1.796539] can: broadcast manager protocol (rev 20120528 t)
[    1.802480] can: netlink gateway (rev 20130117) max_hops=1
[    1.808547] Key type dns_resolver registered
[    1.813171] omap_vc_init_channel: No PMIC info for vdd_core
[    1.819009] omap_vp_init: No PMIC info for vdd_core
[    1.824117] omap_vc_init_channel: No PMIC info for vdd_mm
[    1.829768] omap_vp_init: No PMIC info for vdd_mm
[    1.834699] omap_vc_init_channel: No PMIC info for vdd_mpu
[    1.840438] omap_vp_init: No PMIC info for vdd_mpu
[    1.845975] Power Management for TI OMAP4+ devices.
[    1.848988] mmc0: MAN_BKOPS_EN bit is not set
[    1.850648] mmc0: new high speed MMC card at address 0001
[    1.851010] mmcblk0: mmc0:0001 SEM04G 3.69 GiB 
[    1.851167] mmcblk0boot0: mmc0:0001 SEM04G partition 1 2.00 MiB
[    1.851307] mmcblk0boot1: mmc0:0001 SEM04G partition 2 2.00 MiB
[    1.851982]  mmcblk0: p1 p2
[    1.881476] ThumbEE CPU extension supported.
[    1.885958] Registering SWP/SWPB emulation handler
[    1.893089] palmas 0-0048: Irq flag is 0x00000000
[    1.899034] smsc95xx v1.0.4
[    1.918292] palmas 0-0048: Muxing GPIO 2, PWM 0, LED 0
[    1.950700] smsc95xx 1-3:1.0 eth0: register 'smsc95xx' at usb-4a064c00.ehci-3, smsc95xx USB 2.0 Ethernet, 12:6e:49:4b:e0:a9
[    1.965864] omap_i2c 48070000.i2c: bus 0 rev0.12 at 400 kHz
[    1.991822] omap_i2c 4807c000.i2c: bus 4 rev0.12 at 400 kHz
[    1.999243] omap_hsmmc 4809c000.mmc: omap_device: omap_device_enable() called from invalid state 1
[    2.040517] hctosys: unable to open rtc device (rtc0)
[    2.094825] IPv6: ADDRCONF(NETDEV_UP): eth0: link is not ready
[    2.106282] mmc1: host does not support reading read-only switch, assuming write-enable
[    2.117677] mmc1: new high speed SDHC card at address aaaa
[    2.123659] mmcblk1: mmc1:aaaa SU04G 3.69 GiB 
[    2.129591]  mmcblk1: p1 p2 p3
[    2.191151] usb 1-2: new high-speed USB device number 3 using ehci-omap
[    2.326992] hub 1-2:1.0: USB hub found
[    2.330995] hub 1-2:1.0: 3 ports detected
[    2.616165] usb 1-2.1: new high-speed USB device number 4 using ehci-omap
[    2.728098] usb-storage 1-2.1:1.0: USB Mass Storage device detected
[    2.734911] scsi host1: usb-storage 1-2.1:1.0
[    3.599686] smsc95xx 1-3:1.0 eth0: link up, 100Mbps, full-duplex, lpa 0xC5E1
[    3.607114] IPv6: ADDRCONF(NETDEV_CHANGE): eth0: link becomes ready
[    3.621204] Sending DHCP requests .
[    3.737223] scsi 1:0:0:0: Direct-Access     KINGSTON DataTraveler 3.0 1.01 PQ: 0 ANSI: 6
[    3.748576] sd 1:0:0:0: [sda] 15187968 512-byte logical blocks: (7.78 GB/7.24 GiB)
[    3.757195] sd 1:0:0:0: [sda] Write Protect is off
[    3.762944] sd 1:0:0:0: [sda] Write cache: disabled, read cache: enabled, supports DPO and FUA
[    3.776330]  sda:
[    3.780692] sd 1:0:0:0: [sda] Attached SCSI removable disk
[    4.631160] , OK
[    4.696164] IP-Config: Got DHCP answer from 192.168.0.1, my address is 192.168.0.81
[    4.704270] IP-Config: Complete:
[    4.707678]      device=eth0, hwaddr=12:6e:49:4b:e0:a9, ipaddr=192.168.0.81, mask=255.255.255.0, gw=192.168.0.1
[    4.718271]      host=192.168.0.81, domain=ti.com, nis-domain=(none)
[    4.724946]      bootserver=0.0.0.0, rootserver=0.0.0.0, rootpath=     nameserver0=192.0.2.2, nameserver1=192.0.2.3
[    4.736035] vmmcsdio_fixed: disabling
[    4.740643] ldo3: disabling
[    4.744272] ldo8: disabling
[    4.762416] EXT4-fs (mmcblk1p2): mounted filesystem with ordered data mode. Opts: (null)
[    4.770931] VFS: Mounted root (ext4 filesystem) on device 179:50.
[    4.778822] devtmpfs: mounted
[    4.782498] Freeing unused kernel memory: 1016K (c0dec000 - c0eea000)
INIT: version 2.88 booting
Error opening /dev/fb0: No such file or directory
Starting udev
[    5.171242] udevd[113]: starting version 182
[    6.212726] FAT-fs (sda): Volume was not properly unmounted. Some data may be corrupt. Please run fsck.
[    6.226936] FAT-fs (mmcblk0p1): Volume was not properly unmounted. Some data may be corrupt. Please run fsck.
[    6.251952] EXT4-fs (mmcblk0p2): warning: mounting unchecked fs, running e2fsck is recommended
[    6.262763] EXT4-fs (mmcblk0p2): mounted filesystem without journal. Opts: (null)
[    6.308230] FAT-fs (mmcblk1p1): Volume was not properly unmounted. Some data may be corrupt. Please run fsck.
depmod: ERROR: could not open directory /lib/modules/4.4.0-rc4-next-20151208-00002-gb88ee61c516d: No such file or directory
depmod: WARNING: -e needs -E or -F
depmod: ERROR: could not open directory /lib/modules/4.4.0-rc4-next-20151208-00002-gb88ee61c516d: No such file or directory
depmod: FATAL: could not search modules: No such f[    6.424085] EXT4-fs (mmcblk1p2): re-mounted. Opts: data=ordered
ile or directory
Starting Bootlog daemon: bootlogd.
[    6.482841] random: dd urandom read with 100 bits of entropy available
Populating dev cache
ALSA: Restoring mixer settings...
hwclock: can't open '/dev/misc/rtc': No such file or directory
/usr/sbin/alsactl: load_state:1729: No soundcards found...
Sat Mar 28 04:44:00 UTC 2015
hwclock: can't open '/dev/misc/rtc': No such fil
INIT: Entering runlevel: 5
Configuring network interfaces... udhcpc (v1.22.1) started
Sending discover...
Sending select for 192.168.0.81...
Lease of 192.168.0.81 obtained, lease time 597
/etc/udhcpc.d/50default: Adding DNS 192.0.2.2
/etc/udhcpc.d/50default: Adding DNS 192.0.2.3
done.
Starting system message bus: dbus.
Starting Dropbear SSH server: dropbear.
Starting telnet daemon.
Starting tiipclad daemon
Opened log file: lad.txt
id = 0 baseId= 0
Spawned daemon: /usr/bin/lad_omap54xx_smp
Starting rpcbind daemon...done.
creating NFS state directory: done
starting statd: done
hwclock: can't open '/dev/misc/rtc': No such file or directory
Starting syslogd/klogd: done
Starting thttpd.
Starting Lighttpd Web Server: [    7.426799] random: nonblocking pool is initialized
lighttpd.
2015-03-28 04:44:00: (/home/jenkins/tisdk-build/build-CORTEX_1/arago-tmp-external-linaro-toolchain/work/cortexa15t2hf-vfp-neon-linux-gnueabi/lighttpd/1.4.33-r1/lighttpd-1.4.33/src/log.c.166) server started 
Starting Matrix GUI application.
Enabling thermal zones...
***************************************************************
***************************************************************
NOTICE: This file system contains the followin GPLv3 packages:
	autoconf
	binutils
	cpp-symlinks
	cpp
	g++-symlinks
	g++
	gcc-symlinks
	gcc
	gdbserver
	gstreamer1.0-libav
	libgmp10
	libmpc3
	libmpfr4
	make
	parted
If you do not wish to distribute GPLv3 components please remove
the above packages prior to distribution.  This can be done using
the opkg remove command.  i.e.:
    opkg remove <package>
Where <package> is the name printed in the list above
NOTE: If the package is a dependency of another package you
      will be notified of the dependent packages.  You should
      use the --force-removal-of-dependent-packages option to
      also remove the dependent packages as well
***************************************************************
***************************************************************
Stopping Bootlog daemon: bootlogd.
 _____                    _____           _         _   
|  _  |___ ___ ___ ___   |  _  |___ ___  |_|___ ___| |_ 
|     |  _| .'| . | . |  |   __|  _| . | | | -_|  _|  _|
|__|__|_| |__,|_  |___|  |__|  |_| |___|_| |___|___|_|  
              |___|                    |___|            
Arago Project http://arago-project.org omap5-evm /dev/ttyO2
Arago 2015.03 omap5-evm /dev/ttyO2
omap5-evm login: 
- 07:00:45 [INFO] Host: root
- 07:00:45 [INFO] Target: 
root
root@omap5-evm:~# 
- 07:00:45 [INFO] Host: uname -a
- 07:00:45 [INFO] Target: 
uname -a
Linux omap5-evm 4.4.0-rc4-next-20151208-00002-gb88ee61c516d #1 SMP Tue Dec 8 06:00:02 CST 2015 armv7l GNU/Linux
root@omap5-evm:~# 
- 07:00:45 [INFO] Host: cat /proc/cmdline
- 07:00:45 [INFO] Target: 
cat /proc/cmdline
console=ttyO2,115200n8 earlyprintk rootwait  ip=:::::eth0:dhcp  root=PARTUUID=00000000-02 rw rootfstype=ext4 rootwait 
root@omap5-evm:~# 
- 07:00:45 [INFO] Host: uname -a
- 07:00:45 [INFO] Target: 
uname -a
Linux omap5-evm 4.4.0-rc4-next-20151208-00002-gb88ee61c516d #1 SMP Tue Dec 8 06:00:02 CST 2015 armv7l GNU/Linux
root@omap5-evm:~# 
- 07:00:45 [INFO] Host: cat /proc/mtd
- 07:00:45 [INFO] Target: 
cat /proc/mtd
dev:    size   erasesize  name
root@omap5-evm:~# 
- 07:00:45 [INFO] Host: export IPERFHOST=192.168.0.1
- 07:00:45 [INFO] Target: 
export IPERFHOST=192.168.0.1
root@omap5-evm:~# 
- 07:00:45 [INFO] Host: export NFS_SERVER=192.168.0.1
- 07:00:46 [INFO] Target: 
export NFS_SERVER=192.168.0.1
root@omap5-evm:~# 
- 07:00:46 [INFO] Host: export NFS_ROOT_PATH=/home/tigtfarm08/NFS_exports/linux/omap5-evm
- 07:00:46 [INFO] Target: 
export NFS_ROOT_PATH=/home/tigtfarm08/NFS_exports/linux/omap5- 
root@omap5-evm:~# 
- 07:00:46 [INFO] Host: export AP_SSID=
- 07:00:46 [INFO] Target: 
export AP_SSID=
root@omap5-evm:~# 
- 07:00:46 [INFO] Host: mkdir -p -m 777 /test
- 07:00:46 [INFO] Target: 
mkdir -p -m 777 /test
root@omap5-evm:~# 
- 07:00:46 [INFO] Host: cd /test
- 07:00:46 [INFO] Target: 
cd /test
root@omap5-evm:/test# 
- 07:00:46 [INFO] Host: cat > test.sh << EOF
- 07:00:46 [INFO] Target: 
cat > test.sh << EOF
- 07:00:46 [INFO] Host: failtest() {
- 07:00:46 [INFO] Target: 
failtest() {
- 07:00:46 [INFO] Host:   echo 1 >&3
- 07:00:46 [INFO] Target: 
  echo 1 >&3
- 07:00:46 [INFO] Host: }
- 07:00:46 [INFO] Target: 
- 07:00:46 [INFO] Host: timeout=600
- 07:00:46 [INFO] Target: 
timeout=600
- 07:00:46 [INFO] Host: 
- 07:00:47 [INFO] Target: 
- 07:00:47 [INFO] Host: # Start of user's script logic
- 07:00:47 [INFO] Target: 
# Start of user's script logic
- 07:00:47 [INFO] Host: mount -t proc proc /proc 2>/dev/null;
- 07:00:47 [INFO] Target: 
mount -t proc proc /proc 2>/dev/null;
- 07:00:47 [INFO] Host: 
- 07:00:47 [INFO] Target: 
- 07:00:47 [INFO] Host: mount -t sysfs sys /sys 2>/dev/null;
- 07:00:47 [INFO] Target: 
mount -t sysfs sys /sys 2>/dev/null;
- 07:00:47 [INFO] Host: 
- 07:00:47 [INFO] Target: 
- 07:00:47 [INFO] Host: mount -t debugfs none /sys/kernel/debug 2>/dev/null;
- 07:00:47 [INFO] Target: 
mount -t debugfs none /sys/kernel/debug 2>/dev/null;
- 07:00:47 [INFO] Host: 
- 07:00:47 [INFO] Target: 
- 07:00:47 [INFO] Host: echo 'cpuinfo:';cat /proc/cpuinfo; echo '=======';
- 07:00:47 [INFO] Target: 
echo 'cpuinfo:';cat /proc/cpuinfo; echo '=======';
- 07:00:47 [INFO] Host: 
- 07:00:47 [INFO] Target: 
- 07:00:47 [INFO] Host: echo 'soc info:';head /sys/devices/soc0/* 2>/dev/null; echo '=======';
- 07:00:48 [INFO] Target: 
echo 'soc info:';head /sys/devices/soc0/* 2>/dev/null; echo '=======';
- 07:00:48 [INFO] Host: 
- 07:00:48 [INFO] Target: 
- 07:00:48 [INFO] Host: echo 'DT Model info'; head /proc/device-tree/name /proc/device-tree/model /proc/device-tree/compatible 2>/dev/null;echo; echo '=======';
- 07:00:48 [INFO] Target: 
echo 'DT Model info'; head /proc/device-tree/name /proc/device-tree/model /pro 
c/device-tree/compatible 2>/dev/null;echo; echo '=======';
- 07:00:48 [INFO] Host: 
- 07:00:48 [INFO] Target: 
- 07:00:48 [INFO] Host: echo 'interrupts:';cat /proc/interrupts; echo '=======';
- 07:00:48 [INFO] Target: 
echo 'interrupts:';cat /proc/interrupts; echo '=======';
- 07:00:48 [INFO] Host: 
- 07:00:48 [INFO] Target: 
- 07:00:48 [INFO] Host: echo 'Clk_summary:';cat /sys/kernel/debug/clk/clk_summary; echo '=======';
- 07:00:48 [INFO] Target: 
echo 'Clk_summary:';cat /sys/kernel/debug/clk/clk_summary; echo '=======';
- 07:00:48 [INFO] Host: 
- 07:00:48 [INFO] Target: 
- 07:00:48 [INFO] Host: echo "Available frequencies"; cat /sys/devices/system/cpu/cpu0/cpufreq/scaling_available_frequencies 2>/dev/null;echo '=======';
- 07:00:48 [INFO] Target: 
echo "Available frequencies"; cat /sys/devices/system/cpu/cpu0/cpufreq/scaling 
_available_frequencies 2>/dev/null;echo '=======';
- 07:00:48 [INFO] Host: 
- 07:00:48 [INFO] Target: 
- 07:00:48 [INFO] Host: TMPF=/tmp/a.\$\$; TMPF2=/tmp/b.\$\$; STR=""
- 07:00:49 [INFO] Target: 
TMPF=/tmp/a.\$\$; TMPF2=/tmp/b.\$\$; STR=""
- 07:00:49 [INFO] Host: 
- 07:00:49 [INFO] Target: 
- 07:00:49 [INFO] Host: cp /dev/kmsg \$TMPF &
- 07:00:49 [INFO] Target: 
cp /dev/kmsg \$TMPF &
- 07:00:49 [INFO] Host: 
- 07:00:49 [INFO] Target: 
- 07:00:49 [INFO] Host: PID=\$! ; sleep 5; kill -9 \$PID
- 07:00:49 [INFO] Target: 
PID=\$! ; sleep 5; kill -9 \$PID
- 07:00:49 [INFO] Host: 
- 07:00:49 [INFO] Target: 
- 07:00:49 [INFO] Host: 
- 07:00:49 [INFO] Target: 
- 07:00:49 [INFO] Host: 
- 07:00:49 [INFO] Target: 
- 07:00:49 [INFO] Host: cat \$TMPF|grep "^0">\$TMPF2; N=\`cat \$TMPF2|wc -l\`; if [ "\$N" -ne 0 ]; then STR="\$STR emerg=\$N";echo "===== EMERGE++";cat \$TMPF2|cut -d ';' -f2;echo "====="; fi
- 07:00:49 [INFO] Target: 
cat \$TMPF|grep "^0">\$TMPF2; N=\`cat \$TMPF2|wc -l\`; if [ "\$N" -ne 0 ]; the 
n STR="\$STR emerg=\$N";echo "===== EMERGE++";cat \$TMPF2|cut -d ';' -f2;echo "= 
===="; fi
- 07:00:49 [INFO] Host: 
- 07:00:49 [INFO] Target: 
- 07:00:49 [INFO] Host: cat \$TMPF|grep "^1">\$TMPF2; N=\`cat \$TMPF2|wc -l\`; if [ "\$N" -ne 0 ]; then STR="\$STR alert=\$N";echo "===== ALERT ==";cat \$TMPF2|cut -d ';' -f2;echo "====="; fi
- 07:00:50 [INFO] Target: 
cat \$TMPF|grep "^1">\$TMPF2; N=\`cat \$TMPF2|wc -l\`; if [ "\$N" -ne 0 ]; the 
n STR="\$STR alert=\$N";echo "===== ALERT ==";cat \$TMPF2|cut -d ';' -f2;echo "= 
===="; fi
- 07:00:50 [INFO] Host: 
- 07:00:50 [INFO] Target: 
- 07:00:50 [INFO] Host: cat \$TMPF|grep "^2">\$TMPF2; N=\`cat \$TMPF2|wc -l\`; if [ "\$N" -ne 0 ]; then STR="\$STR crit=\$N";echo "===== CRIT ==";cat \$TMPF2|cut -d ';' -f2;echo "====="; fi
- 07:00:50 [INFO] Target: 
cat \$TMPF|grep "^2">\$TMPF2; N=\`cat \$TMPF2|wc -l\`; if [ "\$N" -ne 0 ]; the 
n STR="\$STR crit=\$N";echo "===== CRIT ==";cat \$TMPF2|cut -d ';' -f2;echo "=== 
=="; fi
- 07:00:50 [INFO] Host: 
- 07:00:50 [INFO] Target: 
- 07:00:50 [INFO] Host: cat \$TMPF|grep "^3">\$TMPF2; N=\`cat \$TMPF2|wc -l\`; if [ "\$N" -ne 0 ]; then STR="\$STR err=\$N";echo "===== ERR ==";cat \$TMPF2|cut -d ';' -f2;echo "=====" ;fi
- 07:00:50 [INFO] Target: 
cat \$TMPF|grep "^3">\$TMPF2; N=\`cat \$TMPF2|wc -l\`; if [ "\$N" -ne 0 ]; the 
n STR="\$STR err=\$N";echo "===== ERR ==";cat \$TMPF2|cut -d ';' -f2;echo "===== 
" ;fi
- 07:00:50 [INFO] Host: 
- 07:00:50 [INFO] Target: 
- 07:00:50 [INFO] Host: cat \$TMPF|grep "^4">\$TMPF2; N=\`cat \$TMPF2|wc -l\`; if [ "\$N" -ne 0 ]; then STR="\$STR warn=\$N";echo "===== WARN ==";cat \$TMPF2|cut -d ';' -f2;echo "=====" ;fi
- 07:00:50 [INFO] Target: 
cat \$TMPF|grep "^4">\$TMPF2; N=\`cat \$TMPF2|wc -l\`; if [ "\$N" -ne 0 ]; the 
n STR="\$STR warn=\$N";echo "===== WARN ==";cat \$TMPF2|cut -d ';' -f2;echo "=== 
==" ;fi
- 07:00:50 [INFO] Host: 
- 07:00:50 [INFO] Target: 
- 07:00:50 [INFO] Host: rm \$TMPF \$TMPF2; echo "SUM""MARY RESULT: BOOT:" 'PASS: H''ello World' 'B''oard' "Booted" "Boot Log has::::\$STR:"
- 07:00:50 [INFO] Target: 
rm \$TMPF \$TMPF2; echo "SUM""MARY RESULT: BOOT:" 'PASS: H''ello World' 'B''oa 
rd' "Booted" "Boot Log has::::\$STR:"
- 07:00:50 [INFO] Host: 
- 07:00:50 [INFO] Target: 
- 07:00:50 [INFO] Host: EOF
- 07:00:51 [INFO] Target: 
root@omap5-evm:/test# 
- 07:00:51 [INFO] Host: cd /test
- 07:00:51 [INFO] Target: 
cd /test
root@omap5-evm:/test# 
- 07:00:51 [INFO] Host: chmod +x test.sh
- 07:00:51 [INFO] Target: 
chmod +x test.sh
root@omap5-evm:/test# 
- 07:00:51 [INFO] Host: ./test.sh 2> stderr.log > stdout.log 3> result.log
- 07:00:56 [INFO] Target: 
./test.sh 2> stderr.log > stdout.log 3> result.log
root@omap5-evm:/test# 
- 07:00:56 [INFO] Host: echo $?
- 07:00:56 [INFO] Target: 
echo $?
root@omap5-evm:/test# 
- 07:00:56 [INFO] Host: cd /test
- 07:00:56 [INFO] Target: 
cd /test
root@omap5-evm:/test# 
- 07:00:56 [INFO] Host: cat stdout.log
- 07:00:58 [INFO] Target: 
cat stdout.log
cpuinfo:
processor	: 0
model name	: ARMv7 Processor rev 2 (v7l)
BogoMIPS	: 12.28
Features	: half thumb fastmult vfp edsp thumbee neon vfpv3 tls vfpv4 idiva idivt vfpd32 lpae evtstrm 
CPU implementer	: 0x41
CPU architecture: 7
CPU variant	: 0x2
CPU part	: 0xc0f
CPU revision	: 2
processor	: 1
model name	: ARMv7 Processor rev 2 (v7l)
BogoMIPS	: 12.28
Features	: half thumb fastmult vfp edsp thumbee neon vfpv3 tls vfpv4 idiva idivt vfpd32 lpae evtstrm 
CPU implementer	: 0x41
CPU architecture: 7
CPU variant	: 0x2
CPU part	: 0xc0f
CPU revision	: 2
Hardware	: Generic OMAP5 (Flattened Device Tree)
Revision	: 0000
Serial		: 0000000000000000
=======
soc info:
==> /sys/devices/soc0/family <==
OMAP5
==> /sys/devices/soc0/machine <==
OMAP5432
==> /sys/devices/soc0/power <==
==> /sys/devices/soc0/revision <==
ES2.0
==> /sys/devices/soc0/subsystem <==
==> /sys/devices/soc0/type <==
==> /sys/devices/soc0/uevent <==
=======
DT Model info
==> /proc/device-tree/name <==
==> /proc/device-tree/model <==
TI OMAP5 uEVM board
==> /proc/device-tree/compatible <==
ti,omap5-uevmti,omap5
=======
interrupts:
           CPU0       CPU1       
 16:          0          0     WUGEN  37 Level     gp_timer
 19:       1366       1595       GIC  27 Edge      arch_timer
 23:          0          0     WUGEN   9 Level     l3-dbg-irq
 24:          0          0     WUGEN  10 Level     l3-app-irq
 26:          0          0     WUGEN  12 Level     DMA
 27:       4824          0     WUGEN  13 Level     omap-dma-engine
 30:          0          0     WUGEN  29 Level     4ae10000.gpio
 63:          0          0     WUGEN  30 Level     48055000.gpio
 96:          0          0     WUGEN  31 Level     48057000.gpio
129:          0          0     WUGEN  32 Level     48059000.gpio
162:          0          0     WUGEN  33 Level     4805b000.gpio
195:          0          0     WUGEN  34 Level     4805d000.gpio
228:          0          0     WUGEN  35 Level     48051000.gpio
261:          0          0     WUGEN 121 Level     48053000.gpio
294:          0          0     WUGEN  20 Level     gpmc
297:        572          0     WUGEN  56 Level     48070000.i2c
298:          0          0     WUGEN  57 Level     48072000.i2c
299:          0          0     WUGEN  61 Level     48060000.i2c
300:          0          0     WUGEN  62 Level     4807a000.i2c
301:          8          0     WUGEN  60 Level     4807c000.i2c
308:       6669          0     WUGEN  74 Level     OMAP UART2
312:       6101          0     WUGEN  83 Level     mmc1
313:        905          0     WUGEN  86 Level     mmc0
338:          0          0     WUGEN  54 Level     ahci[4a140000.sata]
350:          0          0      PRCM Edge      pinctrl, pinctrl
405:          1          0     WUGEN  76 Level     ohci_hcd:usb2
406:        651          0     WUGEN  77 Level     ehci_hcd:usb1
407:          0          0   pinctrl 412 Edge      48020000.serial
408:          1          0     WUGEN   7 Edge      palmas
IPI0:          0          1  CPU wakeup interrupts
IPI1:          0          0  Timer broadcast interrupts
IPI2:       1705       9250  Rescheduling interrupts
IPI3:          0          0  Function call interrupts
IPI4:         96         28  Single function call interrupts
IPI5:          0          0  CPU stop interrupts
IPI6:          0          0  IRQ work interrupts
IPI7:          0          0  completion interrupts
Err:          0
=======
Clk_summary:
   clock                         enable_cnt  prepare_cnt        rate   accuracy   phase
----------------------------------------------------------------------------------------
 dummy_ck                                 0            0           0          0 0  
 xclk60mhsp2_ck                           0            0    60000000          0 0  
 xclk60mhsp1_ck                           0            0    60000000          0 0  
 virt_38400000_ck                         0            0    38400000          0 0  
 virt_27000000_ck                         0            0    27000000          0 0  
 virt_26000000_ck                         0            0    26000000          0 0  
 virt_19200000_ck                         1            1    19200000          0 0  
    sys_clkin                             7           15    19200000          0 0  
       auxclk4_src_ck                     0            0    19200000          0 0  
          auxclk4_ck                      0            0     9600000          0 0  
       auxclk3_src_ck                     0            0    19200000          0 0  
          auxclk3_ck                      0            0    19200000          0 0  
             auxclkreq3_ck                0            0    19200000          0 0  
       auxclk2_src_ck                     0            0    19200000          0 0  
          auxclk2_ck                      0            0    19200000          0 0  
             auxclkreq2_ck                0            0    19200000          0 0  
       auxclk1_src_ck                     1            1    19200000          0 0  
          auxclk1_ck                      1            1    19200000          0 0  
             auxclkreq1_ck                0            0    19200000          0 0  
       auxclk0_src_ck                     0            0    19200000          0 0  
          auxclk0_ck                      0            0    19200000          0 0  
             auxclkreq0_ck                0            0    19200000          0 0  
       wkupaon_iclk_mux                   7            8    19200000          0 0  
          l3instr_ts_gclk_div             0            0    19200000          0 0  
       timer9_gfclk_mux                   0            1    19200000          0 0  
       timer4_gfclk_mux                   0            1    19200000          0 0  
       timer3_gfclk_mux                   0            1    19200000          0 0  
       timer2_gfclk_mux                   0            1    19200000          0 0  
       timer11_gfclk_mux                  0            1    19200000          0 0  
       timer10_gfclk_mux                  0            1    19200000          0 0  
       sata_ref_clk                       3            3    19200000          0 0  
       dpll_usb_ck                        1            2   960000000          0 0  
          dpll_usb_m2_ck                  3            3   480000000          0 0  
             usb_host_hs_hsic480m_p3_clk           1            1   480000000          0 0  
             usb_host_hs_hsic480m_p2_clk           1            1   480000000          0 0  
             usb_host_hs_hsic480m_p1_clk           0            0   480000000          0 0  
             l3init_60m_fclk              7            7    60000000          0 0  
                usb_tll_hs_usb_ch2_clk           1            1    60000000          0 0  
                usb_tll_hs_usb_ch1_clk           1            1    60000000          0 0  
                usb_tll_hs_usb_ch0_clk           0            0    60000000          0 0  
                usb_host_hs_utmi_p3_clk           1            1    60000000          0 0  
                utmi_p2_gfclk             1            1    60000000          0 0  
                   usb_host_hs_utmi_p2_clk           1            1    60000000          0 0  
                utmi_p1_gfclk             0            0    60000000          0 0  
                   usb_host_hs_utmi_p1_clk           0            0    60000000          0 0  
                usb_host_hs_hsic60m_p3_clk           1            1    60000000          0 0  
                usb_host_hs_hsic60m_p2_clk           1            1    60000000          0 0  
                usb_host_hs_hsic60m_p1_clk           0            0    60000000          0 0  
          dpll_usb_clkdcoldo              0            1   960000000          0 0  
             usb_otg_ss_refclk960m           0            2   960000000          0 0  
       dpll_usb_byp_mux                   0            0    19200000          0 0  
       dpll_unipro2_ck                    0            0    19200000          0 0  
          dpll_unipro2_m2_ck              0            0    19200000          0 0  
          dpll_unipro2_clkdcoldo           0            0    19200000          0 0  
       dpll_unipro1_ck                    0            0    19200000          0 0  
          dpll_unipro1_m2_ck              0            0    19200000          0 0  
             lli_txphy_ls_clk             0            0    19200000          0 0  
          dpll_unipro1_clkdcoldo           0            0    19200000          0 0  
             lli_txphy_clk                0            0    19200000          0 0  
       dpll_per_ck                        1            1   384000000          0 0  
          dpll_per_m2_ck                  0            0    96000000          0 0  
             func_24m_clk                 0            0    24000000          0 0  
          dpll_per_x2_ck                  1            2   768000000          0 0  
             dpll_per_m3x2_ck             0            0   256000000          0 0  
             dpll_per_m2x2_ck             2            4   192000000          0 0  
                mmc2_fclk_mux             0            1   192000000          0 0  
                   mmc2_fclk              0            1    96000000          0 0  
                mmc1_fclk_mux             1            1   192000000          0 0  
                   mmc1_fclk              1            1    96000000          0 0  
                hsi_fclk                  0            0   192000000          0 0  
                func_96m_fclk             0            6    96000000          0 0  
                   iss_ctrlclk            0            0    96000000          0 0  
                func_48m_fclk             7           14    48000000          0 0  
                   dss_48mhz_clk           0            2    48000000          0 0  
                func_12m_fclk             0            0    12000000          0 0  
             dpll_per_h14x2_ck            0            0   384000000          0 0  
             dpll_per_h12x2_ck            0            1   192000000          0 0  
                dss_dss_clk               0            4   192000000          0 0  
             dpll_per_h11x2_ck            0            0   256000000          0 0  
                fdif_fclk                 0            0   256000000          0 0  
                func_128m_clk             0            0   128000000          0 0  
       dpll_per_byp_mux                   0            0    19200000          0 0  
       dpll_mpu_ck                        1            1  1000000000          0 0  
          dpll_mpu_m2_ck                  1            1  1000000000          0 0  
       dpll_iva_byp_mux                   0            1    19200000          0 0  
          dpll_iva_ck                     0            1    19200000          0 0  
             dpll_iva_x2_ck               0            1    19200000          0 0  
                dpll_iva_h12x2_ck           0            0    19200000          0 0  
                dpll_iva_h11x2_ck           0            1    19200000          0 0  
       dpll_core_ck                       1            1  1063680000          0 0  
          dpll_core_m2_ck                 0            0   531840000          0 0  
          dpll_core_x2_ck                 3            4  2127360000          0 0  
             dpll_core_m3x2_ck            0            0   425472000          0 0  
             dpll_core_h24x2_ck           0            0   354560000          0 0  
             dpll_core_h23x2_ck           0            0   303908572          0 0  
             dpll_core_h22x2_ck           0            1   425472000          0 0  
             dpll_core_h14x2_ck           0            0    33767620          0 0  
                gpu_hyd_gclk_mux           0            0    33767620          0 0  
                gpu_core_gclk_mux           0            0    33767620          0 0  
             dpll_core_h13x2_ck           1            2    34312259          0 0  
             dpll_core_h12x2_ck           1            1   531840000          0 0  
                l3_iclk_div              23           25   265920000          0 0  
                   l4_root_clk_div          44           50   132960000          0 0  
                   gpu_l3_iclk            0            0   265920000          0 0  
                mpu_dpll_hs_clk_div           0            0   531840000          0 0  
                iva_dpll_hs_clk_div           0            0   531840000          0 0  
             dpll_core_h11x2_ck           4            4   265920000          0 0  
             dpll_core_h21x2_ck           0            0   354560000          0 0  
                c2c_fclk                  0            0   354560000          0 0  
                   c2c_iclk               0            0   177280000          0 0  
       dpll_core_byp_mux                  0            0    19200000          0 0  
       dss_syc_gfclk_div                  0            5    19200000          0 0  
          dss_sys_clk                     0            5    19200000          0 0  
          timer8_gfclk_mux                0            1    19200000          0 0  
          timer7_gfclk_mux                0            1    19200000          0 0  
          timer6_gfclk_mux                0            1    19200000          0 0  
          timer5_gfclk_mux                0            1    19200000          0 0  
       custefuse_sys_gfclk_div            0            0     9600000          0 0  
       abe_dpll_bypass_clk_mux            0            0    19200000          0 0  
 virt_16800000_ck                         0            0    16800000          0 0  
 virt_13000000_ck                         0            0    13000000          0 0  
 virt_12000000_ck                         0            0    12000000          0 0  
 sys_32k_ck                               2           15       32768          0 0  
    timer1_gfclk_mux                      1            1       32768          0 0  
    gpio1_dbclk                           0            2       32768          0 0  
    abe_dpll_clk_mux                      1            1       32768          0 0  
       dpll_abe_ck                        1            1    98304000          0 0  
          dpll_abe_x2_ck                  1            1   196608000          0 0  
             dpll_abe_m3x2_ck             0            0    98304000          0 0  
                usb_dpll_hs_clk_div           0            0    32768000          0 0  
                per_dpll_hs_clk_div           0            0    49152000          0 0  
             dpll_abe_m2x2_ck             1            2   196608000          0 0  
                abe_lp_clk_div            0            0    12288000          0 0  
                abe_clk                   1            1   196608000          0 0  
                   aess_fclk              1            1   196608000          0 0  
                      abe_iclk           11           11    98304000          0 0  
                abe_24m_fclk              0            4    24576000          0 0  
                   mcbsp3_sync_mux_ck           0            2    24576000          0 0  
                      mcbsp3_gfclk           0            1    24576000          0 0  
                   mcbsp2_sync_mux_ck           0            2    24576000          0 0  
                      mcbsp2_gfclk           0            1    24576000          0 0  
                   mcbsp1_sync_mux_ck           0            2    24576000          0 0  
                      mcbsp1_gfclk           0            1    24576000          0 0  
                   mcasp_sync_mux_ck           0            0    24576000          0 0  
                      mcasp_gfclk           0            0    24576000          0 0  
                   dmic_sync_mux_ck           0            1    24576000          0 0  
                      dmic_gfclk           0            1    24576000          0 0  
    usb_phy_cm_clk32k                     0            1       32768          0 0  
    mmc1_32khz_clk                        0            1       32768          0 0  
    gpio8_dbclk                           0            2       32768          0 0  
    gpio7_dbclk                           0            2       32768          0 0  
    gpio6_dbclk                           0            2       32768          0 0  
    gpio5_dbclk                           0            2       32768          0 0  
    gpio4_dbclk                           0            2       32768          0 0  
    gpio3_dbclk                           0            2       32768          0 0  
    gpio2_dbclk                           0            2       32768          0 0  
    dss_32khz_clk                         0            1       32768          0 0  
 slimbus_src_clk                          0            0    12000000          0 0  
    slimbus_clk                           0            0    12000000          0 0  
       slimbus1_slimbus_clk               0            0    12000000          0 0  
 secure_32k_clk_src_ck                    0            0       32768          0 0  
 pad_clks_src_ck                          0            1    12000000          0 0  
    pad_clks_ck                           0            4    12000000          0 0  
=======
Available frequencies
1000000 1500000 
=======
===== ERR ==
/cpus/cpu@0 missing clock-frequency property
/cpus/cpu@1 missing clock-frequency property
platform 50000000.gpmc: Cannot lookup hwmod 'gpmc'
omap-dwc3 4a020000.omap_dwc3: vbus init failed
omap_vc_init_channel: No PMIC info for vdd_core
omap_vp_init: No PMIC info for vdd_core
omap_vc_init_channel: No PMIC info for vdd_mm
omap_vp_init: No PMIC info for vdd_mm
omap_vc_init_channel: No PMIC info for vdd_mpu
omap_vp_init: No PMIC info for vdd_mpu
udevd[113]: starting version 182
=====
===== WARN ==
omap_hwmod: l3_main_3 using broken dt data from ocp
omap_hwmod: l3_main_2 using broken dt data from ocp
omap-gpmc 50000000.gpmc: _od_fail_runtime_resume: FIXME: missing hwmod/omap_dev info
irq: no irq domain found for /ocp/l4@4a000000/scm@2800/pinmux@40 !
irq: no irq domain found for /ocp/l4@4a000000/scm@2800/pinmux@40 !
hsusb2_phy supply vcc not found, using dummy regulator
hsusb3_phy supply vcc not found, using dummy regulator
omap_hsmmc 4809c000.mmc: omap_device: omap_device_enable() called from invalid state 1
mmc1: host does not support reading read-only switch, assuming write-enable
, OK
FAT-fs (sda): Volume was not properly unmounted. Some data may be corrupt. Please run fsck.
FAT-fs (mmcblk0p1): Volume was not properly unmounted. Some data may be corrupt. Please run fsck.
EXT4-fs (mmcblk0p2): warning: mounting unchecked fs, running e2fsck is recommended
FAT-fs (mmcblk1p1): Volume was not properly unmounted. Some data may be corrupt. Please run fsck.
=====
SUMMARY RESULT: BOOT: PASS: Hello World Board Booted Boot Log has:::: err=11 warn=14:
root@omap5-evm:/test# 
- 07:00:58 [INFO] Host: cat stderr.log
- 07:00:58 [INFO] Target: 
cat stderr.log
./test.sh: line 33:   828 Killed                  cp /dev/kmsg $TMPF
root@omap5-evm:/test# 
- 07:00:58 [INFO] Host: cat result.log
- 07:01:00 [ERROR] On command: cat result.log waiting for cat result.log.+?(?m-ix:^1[\0\n\r]+) >>> error: execution expired
- 07:01:00 [INFO] Target: 
cat result.log
root@omap5-evm:/test# 
- 07:01:00 [INFO] Host: cd /test
- 07:01:00 [INFO] Target: 
cd /test
root@omap5-evm:/test# 
URL:gtsystest.telogy.design.ti.com/vatf/tigtfarm08/tigtfarm08_vatf@omap5-evm/tigtfarm0812_08_2015_06_59_58/files/session_iteration_1/test_1
