- 19:34:53 [INFO] Starting target session
- 19:34:53 [INFO] Connected to omap5-evm via serial 
- 19:34:53 [INFO] Host: #check prompt
- 19:34:56 [ERROR] On command: #check prompt waiting for #check prompt.+?(?-mix:((?-mix:login:)|[Pp]assword)) >>> error: execution expired
- 19:34:56 [INFO] Target: 
#check prompt
root@omap5-evm:/test# 
- 19:34:56 [INFO] Host: #check prompt
- 19:34:56 [INFO] Target: 
#check prompt
root@omap5-evm:/test# 
- 19:34:56 [INFO] Host: sync;poweroff
- 19:35:14 [INFO] Target: 
sync;poweroff
Broadcast message from root@omap5-evm (ttyO2)QJ:"2Br=]jj(*UI55jRroot@omap5-evm:/test# 
INIT: Sending pStopping Dropbear SSH server: stopped /usr/sbin/dropbear (pid 678)
dropbear.
Stopping telnet daemon.
Stopping system message bus: hwclock: can't open '/dev/misc/rtc': No such file or directory
Error opening /dev/fb0: No such file or directory
Stopping syslogd/klogd: stopped syslogd (pid 687)
stopped klogd (pid 690)
done
Stopping thttpd.
ALSA: Storing mixer settings...
/usr/sbin/alsactl: save_state:1580: No soundcards found...
Deconfiguring network interfaces... ifdown: interface eth0 not configured
done.
Stopping Lighttpd Web Server: stopped /usr/sbin/lighttpd (pid 697)
lighttpd.
Stopping Matrix GUI applicationstart-stop-daemon: warning: killing process 704: No such process
***************************************************************
***************************************************************
NOTICE: This file system contains the followin GPLv3 packages:
	binutils-symlinks
	binutils
	gdbserver
	parted
If you do not wish to distribute GPLv3 components please remove
the above packages prior to distribution.  This can be done using
the opkg remove command.  i.e.:
    opkg remove <package>
Where <package> is the name printed in the list above
NOTE: If the package is a dependency of another package you
      will be notified of the dependent packages.  You should
      use the --force-removal-of-dependent-packages option to
      also remove the dependent packages as well
***************************************************************
***************************************************************
Sending all processes the TERM signal...
Sending all processes the KILL signal...
Unmounting remote filesystems...
Deactivating swap...
Unmounting local filesystems...
[ 1571.318488] EXT4-fs (mmcblk1p2): re-mounted. Opts: data=ordered
[ 1574.556753] reboot: Power down
- 19:35:14 [INFO] Disconnected serial from omap5-evm
- 19:35:19 [INFO] Connected to omap5-evm via serial 
- 19:35:19 [INFO] Host: 
- 19:35:19 [INFO] Target: 
SATA link 0 timeout.
AHCI 0001.0300 32 slots 1 ports 3 Gbps 0x1 impl SATA mode
flags: 64bit ncq stag pm led clo only pmp pio slum part ccc apst 
scanning bus for devices...
Found 0 device(s).
Net:   No ethernet found.
Hit any key to stop autoboot:  2  0 
=>  
=>  
=>  
- 19:35:19 [INFO] Host: 
- 19:35:20 [INFO] Target: 
- 19:35:20 [INFO] Host: version
- 19:35:20 [INFO] Target: 
version
U-Boot 2016.05-rc3-00242-g359d4c4 (May 11 2016 - 07:03:49 -0500)
arm-linux-gnueabihf-gcc (Linaro GCC 5.3-2016.02) 5.3.1 20160113
GNU ld (GNU Binutils) 2.25.0 Linaro 2015_10
- 19:35:20 [INFO] Host: setenv bootargs 'console=ttyO2,115200n8 earlyprintk=serial,ttyO2,115200n8 rootwait '
- 19:35:20 [INFO] Target: 
setenv bootargs 'console=ttyO2,115200n8 earlyprintk=serial,ttyO2,115200n8 rootwait '
- 19:35:20 [INFO] Host: setenv bootcmd  ''
- 19:35:20 [INFO] Target: 
setenv bootcmd  ''
- 19:35:20 [INFO] Host: setenv autoload 'no'
- 19:35:20 [INFO] Target: 
setenv autoload 'no'
- 19:35:20 [INFO] Host: setenv serverip '192.168.0.1'
- 19:35:20 [INFO] Target: 
setenv serverip '192.168.0.1'
- 19:35:20 [INFO] Host: setenv _initramfs -
- 19:35:20 [INFO] Target: 
setenv _initramfs -
- 19:35:20 [INFO] Host: printenv
- 19:35:21 [INFO] Target: 
printenv
_initramfs=-
arch=arm
args_mmc=run finduuid;setenv bootargs console=${console} ${optargs} root=PARTUUID=${uuid} rw rootfstype=${mmcrootfstype}
autoload=no
baudrate=115200
board=omap5_uevm
board_name=omap5_uevm
bootargs=console=ttyO2,115200n8 earlyprintk=serial,ttyO2,115200n8 rootwait 
bootcmd=
bootdelay=2
bootdir=/boot
bootenvfile=uEnv.txt
bootfile=zImage
bootm_size=0x10000000
bootpart=0:2
bootscript=echo Running bootscript from mmc${mmcdev} ...; source ${loadaddr}
console=ttyO2,115200n8
cpu=armv7
dfu_alt_info_emmc=rawemmc raw 0 3751936;boot part 1 1;rootfs part 1 2;MLO fat 1 1;MLO.raw raw 0x100 0x100;u-boot.img.raw raw 0x300 0x400;spl-os-args.raw raw 0x80 0x80;spl-os-image.raw raw 0x900 0x2000;spl-os-args fat 1 1;spl-os-image fat 1 1;u-boot.img fat 1 1;uEnv.txt fat 1 1
dfu_alt_info_mmc=boot part 0 1;rootfs part 0 2;MLO fat 0 1;MLO.raw raw 0x100 0x100;u-boot.img.raw raw 0x300 0x400;spl-os-args.raw raw 0x80 0x80;spl-os-image.raw raw 0x900 0x2000;spl-os-args fat 0 1;spl-os-image fat 0 1;u-boot.img fat 0 1;uEnv.txt fat 0 1
dfu_alt_info_ram=kernel ram 0x80200000 0x4000000;fdt ram 0x80f80000 0x80000;ramdisk ram 0x81000000 0x4000000
dfu_bufsiz=0x10000
dofastboot=0
envboot=mmc dev ${mmcdev}; if mmc rescan; then echo SD/MMC found on device ${mmcdev};if run loadbootscript; then run bootscript;else if run loadbootenv; then echo Loaded env from ${bootenvfile};run importbootenv;fi;if test -n $uenvcmd; then echo Running uenvcmd ...;run uenvcmd;fi;fi;fi;
fdt_addr_r=0x88000000
fdtaddr=0x88000000
fdtfile=undefined
findfdt=if test $board_name = omap5_uevm; then setenv fdtfile omap5-uevm.dtb; fi; if test $board_name = dra7xx; then setenv fdtfile dra7-evm.dtb; fi;if test $board_name = dra72x-revc; then setenv fdtfile dra72-evm-revc.dtb; fi;if test $board_name = dra72x; then setenv fdtfile dra72-evm.dtb; fi;if test $board_name = beagle_x15; then setenv fdtfile am57xx-beagle-x15.dtb; fi;if test $board_name = beagle_x15_revb1; then setenv fdtfile am57xx-beagle-x15-revb1.dtb; fi;if test $board_name = am57xx_evm; then setenv fdtfile am57xx-evm.dtb; fi;if test $board_name = am57xx_evm_reva3; then setenv fdtfile am57xx-evm-reva3.dtb; fi;if test $board_name = am572x_idk; then setenv fdtfile am572x-idk.dtb; fi;if test $board_name = am571x_idk; then setenv fdtfile am571x-idk.dtb; fi;if test $fdtfile = undefined; then echo WARNING: Could not determine device tree to use; fi; 
finduuid=part uuid mmc 0:2 uuid
importbootenv=echo Importing environment from mmc${mmcdev} ...; env import -t ${loadaddr} ${filesize}
kernel_addr_r=0x82000000
loadaddr=0x82000000
loadbootenv=fatload mmc ${mmcdev} ${loadaddr} ${bootenvfile}
loadbootscript=fatload mmc ${mmcdev} ${loadaddr} boot.scr
loadfdt=load mmc ${bootpart} ${fdtaddr} ${bootdir}/${fdtfile};
loadimage=load mmc ${bootpart} ${loadaddr} ${bootdir}/${bootfile}
mmcboot=mmc dev ${mmcdev}; if mmc rescan; then echo SD/MMC found on device ${mmcdev};if run loadimage; then run loadfdt; echo Booting from mmc${mmcdev} ...; run args_mmc; bootz ${loadaddr} - ${fdtaddr}; fi;fi;
mmcdev=0
mmcrootfstype=ext4 rootwait
netargs=setenv bootargs console=${console} ${optargs} root=/dev/nfs nfsroot=${serverip}:${rootpath},${nfsopts} rw ip=dhcp
netboot=echo Booting from network ...; setenv autoload no; dhcp; run netloadimage; run netloadfdt; run netargs; bootz ${loadaddr} - ${fdtaddr}
netloadfdt=tftp ${fdtaddr} ${fdtfile}
netloadimage=tftp ${loadaddr} ${bootfile}
nfsopts=nolock
partitions=uuid_disk=${uuid_gpt_disk};name=rootfs,start=2MiB,size=-,uuid=${uuid_gpt_rootfs}
pxefile_addr_r=0x80100000
ramdisk_addr_r=0x88080000
rdaddr=0x88080000
rootpath=/export/rootfs
scriptaddr=0x80000000
scsidevs=0
serverip=192.168.0.1
soc=omap5
static_ip=${ipaddr}:${serverip}:${gatewayip}:${netmask}:${hostname}::off
stderr=serial
stdin=serial
stdout=serial
usbethaddr=02:21:03:74:17:10
usbtty=cdc_acm
vendor=ti
ver=U-Boot 2016.05-rc3-00242-g359d4c4 (May 11 2016 - 07:03:49 -0500)
vram=16M
Environment size: 4044/131067 bytes
- 19:35:21 [INFO] Host: usb start
- 19:35:23 [INFO] Target: 
usb start
starting USB...
USB0:   USB EHCI 1.00
scanning bus 0 for devices... 2 USB Device(s) found
       scanning usb for storage devices... 0 Storage Device(s) found
       scanning usb for ethernet devices... 1 Ethernet Device(s) found
- 19:35:23 [INFO] Host: printenv
- 19:35:23 [INFO] Target: 
printenv
_initramfs=-
arch=arm
args_mmc=run finduuid;setenv bootargs console=${console} ${optargs} root=PARTUUID=${uuid} rw rootfstype=${mmcrootfstype}
autoload=no
baudrate=115200
board=omap5_uevm
board_name=omap5_uevm
bootargs=console=ttyO2,115200n8 earlyprintk=serial,ttyO2,115200n8 rootwait 
bootcmd=
bootdelay=2
bootdir=/boot
bootenvfile=uEnv.txt
bootfile=zImage
bootm_size=0x10000000
bootpart=0:2
bootscript=echo Running bootscript from mmc${mmcdev} ...; source ${loadaddr}
console=ttyO2,115200n8
cpu=armv7
dfu_alt_info_emmc=rawemmc raw 0 3751936;boot part 1 1;rootfs part 1 2;MLO fat 1 1;MLO.raw raw 0x100 0x100;u-boot.img.raw raw 0x300 0x400;spl-os-args.raw raw 0x80 0x80;spl-os-image.raw raw 0x900 0x2000;spl-os-args fat 1 1;spl-os-image fat 1 1;u-boot.img fat 1 1;uEnv.txt fat 1 1
dfu_alt_info_mmc=boot part 0 1;rootfs part 0 2;MLO fat 0 1;MLO.raw raw 0x100 0x100;u-boot.img.raw raw 0x300 0x400;spl-os-args.raw raw 0x80 0x80;spl-os-image.raw raw 0x900 0x2000;spl-os-args fat 0 1;spl-os-image fat 0 1;u-boot.img fat 0 1;uEnv.txt fat 0 1
dfu_alt_info_ram=kernel ram 0x80200000 0x4000000;fdt ram 0x80f80000 0x80000;ramdisk ram 0x81000000 0x4000000
dfu_bufsiz=0x10000
dofastboot=0
envboot=mmc dev ${mmcdev}; if mmc rescan; then echo SD/MMC found on device ${mmcdev};if run loadbootscript; then run bootscript;else if run loadbootenv; then echo Loaded env from ${bootenvfile};run importbootenv;fi;if test -n $uenvcmd; then echo Running uenvcmd ...;run uenvcmd;fi;fi;fi;
ethact=sms0
fdt_addr_r=0x88000000
fdtaddr=0x88000000
fdtfile=undefined
findfdt=if test $board_name = omap5_uevm; then setenv fdtfile omap5-uevm.dtb; fi; if test $board_name = dra7xx; then setenv fdtfile dra7-evm.dtb; fi;if test $board_name = dra72x-revc; then setenv fdtfile dra72-evm-revc.dtb; fi;if test $board_name = dra72x; then setenv fdtfile dra72-evm.dtb; fi;if test $board_name = beagle_x15; then setenv fdtfile am57xx-beagle-x15.dtb; fi;if test $board_name = beagle_x15_revb1; then setenv fdtfile am57xx-beagle-x15-revb1.dtb; fi;if test $board_name = am57xx_evm; then setenv fdtfile am57xx-evm.dtb; fi;if test $board_name = am57xx_evm_reva3; then setenv fdtfile am57xx-evm-reva3.dtb; fi;if test $board_name = am572x_idk; then setenv fdtfile am572x-idk.dtb; fi;if test $board_name = am571x_idk; then setenv fdtfile am571x-idk.dtb; fi;if test $fdtfile = undefined; then echo WARNING: Could not determine device tree to use; fi; 
finduuid=part uuid mmc 0:2 uuid
importbootenv=echo Importing environment from mmc${mmcdev} ...; env import -t ${loadaddr} ${filesize}
kernel_addr_r=0x82000000
loadaddr=0x82000000
loadbootenv=fatload mmc ${mmcdev} ${loadaddr} ${bootenvfile}
loadbootscript=fatload mmc ${mmcdev} ${loadaddr} boot.scr
loadfdt=load mmc ${bootpart} ${fdtaddr} ${bootdir}/${fdtfile};
loadimage=load mmc ${bootpart} ${loadaddr} ${bootdir}/${bootfile}
mmcboot=mmc dev ${mmcdev}; if mmc rescan; then echo SD/MMC found on device ${mmcdev};if run loadimage; then run loadfdt; echo Booting from mmc${mmcdev} ...; run args_mmc; bootz ${loadaddr} - ${fdtaddr}; fi;fi;
mmcdev=0
mmcrootfstype=ext4 rootwait
netargs=setenv bootargs console=${console} ${optargs} root=/dev/nfs nfsroot=${serverip}:${rootpath},${nfsopts} rw ip=dhcp
netboot=echo Booting from network ...; setenv autoload no; dhcp; run netloadimage; run netloadfdt; run netargs; bootz ${loadaddr} - ${fdtaddr}
netloadfdt=tftp ${fdtaddr} ${fdtfile}
netloadimage=tftp ${loadaddr} ${bootfile}
nfsopts=nolock
partitions=uuid_disk=${uuid_gpt_disk};name=rootfs,start=2MiB,size=-,uuid=${uuid_gpt_rootfs}
pxefile_addr_r=0x80100000
ramdisk_addr_r=0x88080000
rdaddr=0x88080000
rootpath=/export/rootfs
scriptaddr=0x80000000
scsidevs=0
serverip=192.168.0.1
soc=omap5
static_ip=${ipaddr}:${serverip}:${gatewayip}:${netmask}:${hostname}::off
stderr=serial
stdin=serial
stdout=serial
usbethaddr=02:21:03:74:17:10
usbtty=cdc_acm
vendor=ti
ver=U-Boot 2016.05-rc3-00242-g359d4c4 (May 11 2016 - 07:03:49 -0500)
vram=16M
Environment size: 4058/131067 bytes
- 19:35:23 [INFO] Host: setenv bootargs ''${bootargs}' ip=:::::eth0:dhcp '
- 19:35:23 [INFO] Target: 
setenv bootargs ''${bootargs}' ip=:::::eth0:dhcp '
- 19:35:23 [INFO] Host: setenv serverip '192.168.0.1'
- 19:35:23 [INFO] Target: 
setenv serverip '192.168.0.1'
- 19:35:23 [INFO] Host: setenv autoload 'no'
- 19:35:24 [INFO] Target: 
setenv autoload 'no'
- 19:35:24 [INFO] Host: dhcp
- 19:35:26 [INFO] Target: 
dhcp
Waiting for Ethernet connection... done.
BOOTP broadcast 1
BOOTP broadcast 2
BOOTP broadcast 3
DHCP client bound to address 192.168.0.71 (1033 ms)
- 19:35:26 [INFO] Host: tftp ${loadaddr} 192.168.0.1:vatf_omap5-evm/254393618404695f91e356a248a491b1
- 19:35:31 [INFO] Target: 
tftp ${loadaddr} 192.168.0.1:vatf_omap5-evm/254393618404695f91e356a248a491b1
Waiting for Ethernet connection... done.
Using sms0 device
TFTP from server 192.168.0.1; our IP address is 192.168.0.71
Filename 'vatf_omap5-evm/254393618404695f91e356a248a491b1'.
Load address: 0x82000000
Loading: *#################################################################
	 #################################################################
	 #################################################################
	 #################################################################
	 #################################################################
	 #################################################################
	 #################################################################
	 ############
	 2.5 MiB/s
done
Bytes transferred = 6848528 (688010 hex)
- 19:35:31 [INFO] Host: tftp ${fdt_addr_r} 192.168.0.1:vatf_omap5-evm/d65169145663a552c8d811c7ed3e374d
- 19:35:33 [INFO] Target: 
tftp ${fdt_addr_r} 192.168.0.1:vatf_omap5-evm/d65169145663a552c8d811c7ed3e374d
Waiting for Ethernet connection... done.
Using sms0 device
TFTP from server 192.168.0.1; our IP address is 192.168.0.71
Filename 'vatf_omap5-evm/d65169145663a552c8d811c7ed3e374d'.
Load address: 0x88000000
Loading: *####
	 2.3 MiB/s
done
Bytes transferred = 54995 (d6d3 hex)
- 19:35:33 [INFO] Host: ls mmc 0:1
- 19:35:33 [INFO] Target: 
ls mmc 0:1
    63736   mlo 
   326400   u-boot.img 
  1867895   u-boot 
            old_uboot/
   304240   u-boot.bin 
   704856   u-boot-spl 
    61536   u-boot-spl.bin 
      259   uboot_build.txt 
        4   ws-calibrate.rules 
        0   pointercal 
9 file(s), 1 dir(s)
- 19:35:33 [INFO] Host: ls mmc 0:2
- 19:35:33 [INFO] Target: 
ls mmc 0:2
<DIR>       4096 .
<DIR>       4096 ..
<DIR>       4096 bin
<DIR>       4096 boot
<DIR>       4096 dev
<DIR>       4096 etc
<DIR>       4096 home
<DIR>       4096 lib
<DIR>       4096 media
<DIR>       4096 mnt
<DIR>       4096 opt
<DIR>       4096 proc
<SYM>          8 run
<DIR>       4096 sbin
<DIR>       4096 srv
<DIR>       4096 sys
<SYM>          8 tmp
<DIR>       4096 usr
<DIR>       4096 var
<DIR>       4096 www
<DIR>       4096 Settings
<DIR>       4096 test
- 19:35:33 [INFO] Host: part uuid mmc 0:2
- 19:35:33 [INFO] Target: 
part uuid mmc 0:2
00000000-02
- 19:35:33 [INFO] Host: printenv
- 19:35:33 [INFO] Target: 
printenv
_initramfs=-
arch=arm
args_mmc=run finduuid;setenv bootargs console=${console} ${optargs} root=PARTUUID=${uuid} rw rootfstype=${mmcrootfstype}
autoload=no
baudrate=115200
board=omap5_uevm
board_name=omap5_uevm
bootargs=console=ttyO2,115200n8 earlyprintk=serial,ttyO2,115200n8 rootwait  ip=:::::eth0:dhcp 
bootcmd=
bootdelay=2
bootdir=/boot
bootenvfile=uEnv.txt
bootfile=zImage
bootm_size=0x10000000
bootpart=0:2
bootscript=echo Running bootscript from mmc${mmcdev} ...; source ${loadaddr}
console=ttyO2,115200n8
cpu=armv7
dfu_alt_info_emmc=rawemmc raw 0 3751936;boot part 1 1;rootfs part 1 2;MLO fat 1 1;MLO.raw raw 0x100 0x100;u-boot.img.raw raw 0x300 0x400;spl-os-args.raw raw 0x80 0x80;spl-os-image.raw raw 0x900 0x2000;spl-os-args fat 1 1;spl-os-image fat 1 1;u-boot.img fat 1 1;uEnv.txt fat 1 1
dfu_alt_info_mmc=boot part 0 1;rootfs part 0 2;MLO fat 0 1;MLO.raw raw 0x100 0x100;u-boot.img.raw raw 0x300 0x400;spl-os-args.raw raw 0x80 0x80;spl-os-image.raw raw 0x900 0x2000;spl-os-args fat 0 1;spl-os-image fat 0 1;u-boot.img fat 0 1;uEnv.txt fat 0 1
dfu_alt_info_ram=kernel ram 0x80200000 0x4000000;fdt ram 0x80f80000 0x80000;ramdisk ram 0x81000000 0x4000000
dfu_bufsiz=0x10000
dnsip=192.0.2.2
dofastboot=0
envboot=mmc dev ${mmcdev}; if mmc rescan; then echo SD/MMC found on device ${mmcdev};if run loadbootscript; then run bootscript;else if run loadbootenv; then echo Loaded env from ${bootenvfile};run importbootenv;fi;if test -n $uenvcmd; then echo Running uenvcmd ...;run uenvcmd;fi;fi;fi;
ethact=sms0
fdt_addr_r=0x88000000
fdtaddr=0x88000000
fdtfile=undefined
fileaddr=88000000
filesize=d6d3
findfdt=if test $board_name = omap5_uevm; then setenv fdtfile omap5-uevm.dtb; fi; if test $board_name = dra7xx; then setenv fdtfile dra7-evm.dtb; fi;if test $board_name = dra72x-revc; then setenv fdtfile dra72-evm-revc.dtb; fi;if test $board_name = dra72x; then setenv fdtfile dra72-evm.dtb; fi;if test $board_name = beagle_x15; then setenv fdtfile am57xx-beagle-x15.dtb; fi;if test $board_name = beagle_x15_revb1; then setenv fdtfile am57xx-beagle-x15-revb1.dtb; fi;if test $board_name = am57xx_evm; then setenv fdtfile am57xx-evm.dtb; fi;if test $board_name = am57xx_evm_reva3; then setenv fdtfile am57xx-evm-reva3.dtb; fi;if test $board_name = am572x_idk; then setenv fdtfile am572x-idk.dtb; fi;if test $board_name = am571x_idk; then setenv fdtfile am571x-idk.dtb; fi;if test $fdtfile = undefined; then echo WARNING: Could not determine device tree to use; fi; 
finduuid=part uuid mmc 0:2 uuid
gatewayip=192.168.0.1
importbootenv=echo Importing environment from mmc${mmcdev} ...; env import -t ${loadaddr} ${filesize}
ipaddr=192.168.0.71
kernel_addr_r=0x82000000
loadaddr=0x82000000
loadbootenv=fatload mmc ${mmcdev} ${loadaddr} ${bootenvfile}
loadbootscript=fatload mmc ${mmcdev} ${loadaddr} boot.scr
loadfdt=load mmc ${bootpart} ${fdtaddr} ${bootdir}/${fdtfile};
loadimage=load mmc ${bootpart} ${loadaddr} ${bootdir}/${bootfile}
mmcboot=mmc dev ${mmcdev}; if mmc rescan; then echo SD/MMC found on device ${mmcdev};if run loadimage; then run loadfdt; echo Booting from mmc${mmcdev} ...; run args_mmc; bootz ${loadaddr} - ${fdtaddr}; fi;fi;
mmcdev=0
mmcrootfstype=ext4 rootwait
netargs=setenv bootargs console=${console} ${optargs} root=/dev/nfs nfsroot=${serverip}:${rootpath},${nfsopts} rw ip=dhcp
netboot=echo Booting from network ...; setenv autoload no; dhcp; run netloadimage; run netloadfdt; run netargs; bootz ${loadaddr} - ${fdtaddr}
netloadfdt=tftp ${fdtaddr} ${fdtfile}
netloadimage=tftp ${loadaddr} ${bootfile}
netmask=255.255.255.0
nfsopts=nolock
partitions=uuid_disk=${uuid_gpt_disk};name=rootfs,start=2MiB,size=-,uuid=${uuid_gpt_rootfs}
pxefile_addr_r=0x80100000
ramdisk_addr_r=0x88080000
rdaddr=0x88080000
rootpath=/export/rootfs
scriptaddr=0x80000000
scsidevs=0
serverip=192.168.0.1
soc=omap5
static_ip=${ipaddr}:${serverip}:${gatewayip}:${netmask}:${hostname}::off
stderr=serial
stdin=serial
stdout=serial
usbethaddr=02:21:03:74:17:10
usbtty=cdc_acm
vendor=ti
ver=U-Boot 2016.05-rc3-00242-g359d4c4 (May 11 2016 - 07:03:49 -0500)
vram=16M
Environment size: 4201/131067 bytes
- 19:35:33 [INFO] Host: setenv bootargs ''${bootargs}' root=PARTUUID=00000000-02 rw rootfstype=ext4 rootwait '
- 19:35:34 [INFO] Target: 
setenv bootargs ''${bootargs}' root=PARTUUID=00000000-02 rw rootfstype=ext4 rootwait '
- 19:35:34 [INFO] Host: printenv
- 19:35:34 [INFO] Target: 
printenv
_initramfs=-
arch=arm
args_mmc=run finduuid;setenv bootargs console=${console} ${optargs} root=PARTUUID=${uuid} rw rootfstype=${mmcrootfstype}
autoload=no
baudrate=115200
board=omap5_uevm
board_name=omap5_uevm
bootargs=console=ttyO2,115200n8 earlyprintk=serial,ttyO2,115200n8 rootwait  ip=:::::eth0:dhcp  root=PARTUUID=00000000-02 rw rootfstype=ext4 rootwait 
bootcmd=
bootdelay=2
bootdir=/boot
bootenvfile=uEnv.txt
bootfile=zImage
bootm_size=0x10000000
bootpart=0:2
bootscript=echo Running bootscript from mmc${mmcdev} ...; source ${loadaddr}
console=ttyO2,115200n8
cpu=armv7
dfu_alt_info_emmc=rawemmc raw 0 3751936;boot part 1 1;rootfs part 1 2;MLO fat 1 1;MLO.raw raw 0x100 0x100;u-boot.img.raw raw 0x300 0x400;spl-os-args.raw raw 0x80 0x80;spl-os-image.raw raw 0x900 0x2000;spl-os-args fat 1 1;spl-os-image fat 1 1;u-boot.img fat 1 1;uEnv.txt fat 1 1
dfu_alt_info_mmc=boot part 0 1;rootfs part 0 2;MLO fat 0 1;MLO.raw raw 0x100 0x100;u-boot.img.raw raw 0x300 0x400;spl-os-args.raw raw 0x80 0x80;spl-os-image.raw raw 0x900 0x2000;spl-os-args fat 0 1;spl-os-image fat 0 1;u-boot.img fat 0 1;uEnv.txt fat 0 1
dfu_alt_info_ram=kernel ram 0x80200000 0x4000000;fdt ram 0x80f80000 0x80000;ramdisk ram 0x81000000 0x4000000
dfu_bufsiz=0x10000
dnsip=192.0.2.2
dofastboot=0
envboot=mmc dev ${mmcdev}; if mmc rescan; then echo SD/MMC found on device ${mmcdev};if run loadbootscript; then run bootscript;else if run loadbootenv; then echo Loaded env from ${bootenvfile};run importbootenv;fi;if test -n $uenvcmd; then echo Running uenvcmd ...;run uenvcmd;fi;fi;fi;
ethact=sms0
fdt_addr_r=0x88000000
fdtaddr=0x88000000
fdtfile=undefined
fileaddr=88000000
filesize=d6d3
findfdt=if test $board_name = omap5_uevm; then setenv fdtfile omap5-uevm.dtb; fi; if test $board_name = dra7xx; then setenv fdtfile dra7-evm.dtb; fi;if test $board_name = dra72x-revc; then setenv fdtfile dra72-evm-revc.dtb; fi;if test $board_name = dra72x; then setenv fdtfile dra72-evm.dtb; fi;if test $board_name = beagle_x15; then setenv fdtfile am57xx-beagle-x15.dtb; fi;if test $board_name = beagle_x15_revb1; then setenv fdtfile am57xx-beagle-x15-revb1.dtb; fi;if test $board_name = am57xx_evm; then setenv fdtfile am57xx-evm.dtb; fi;if test $board_name = am57xx_evm_reva3; then setenv fdtfile am57xx-evm-reva3.dtb; fi;if test $board_name = am572x_idk; then setenv fdtfile am572x-idk.dtb; fi;if test $board_name = am571x_idk; then setenv fdtfile am571x-idk.dtb; fi;if test $fdtfile = undefined; then echo WARNING: Could not determine device tree to use; fi; 
finduuid=part uuid mmc 0:2 uuid
gatewayip=192.168.0.1
importbootenv=echo Importing environment from mmc${mmcdev} ...; env import -t ${loadaddr} ${filesize}
ipaddr=192.168.0.71
kernel_addr_r=0x82000000
loadaddr=0x82000000
loadbootenv=fatload mmc ${mmcdev} ${loadaddr} ${bootenvfile}
loadbootscript=fatload mmc ${mmcdev} ${loadaddr} boot.scr
loadfdt=load mmc ${bootpart} ${fdtaddr} ${bootdir}/${fdtfile};
loadimage=load mmc ${bootpart} ${loadaddr} ${bootdir}/${bootfile}
mmcboot=mmc dev ${mmcdev}; if mmc rescan; then echo SD/MMC found on device ${mmcdev};if run loadimage; then run loadfdt; echo Booting from mmc${mmcdev} ...; run args_mmc; bootz ${loadaddr} - ${fdtaddr}; fi;fi;
mmcdev=0
mmcrootfstype=ext4 rootwait
netargs=setenv bootargs console=${console} ${optargs} root=/dev/nfs nfsroot=${serverip}:${rootpath},${nfsopts} rw ip=dhcp
netboot=echo Booting from network ...; setenv autoload no; dhcp; run netloadimage; run netloadfdt; run netargs; bootz ${loadaddr} - ${fdtaddr}
netloadfdt=tftp ${fdtaddr} ${fdtfile}
netloadimage=tftp ${loadaddr} ${bootfile}
netmask=255.255.255.0
nfsopts=nolock
partitions=uuid_disk=${uuid_gpt_disk};name=rootfs,start=2MiB,size=-,uuid=${uuid_gpt_rootfs}
pxefile_addr_r=0x80100000
ramdisk_addr_r=0x88080000
rdaddr=0x88080000
rootpath=/export/rootfs
scriptaddr=0x80000000
scsidevs=0
serverip=192.168.0.1
soc=omap5
static_ip=${ipaddr}:${serverip}:${gatewayip}:${netmask}:${hostname}::off
stderr=serial
stdin=serial
stdout=serial
usbethaddr=02:21:03:74:17:10
usbtty=cdc_acm
vendor=ti
ver=U-Boot 2016.05-rc3-00242-g359d4c4 (May 11 2016 - 07:03:49 -0500)
vram=16M
Environment size: 4256/131067 bytes
- 19:35:34 [INFO] Host: setenv bootcmd ''${bootcmd}' if iminfo ${loadaddr}; then bootm ${loadaddr} ${_initramfs} ${fdt_addr_r}; else bootz ${loadaddr} ${_initramfs} ${fdt_addr_r}; bootm ${loadaddr} ${_initramfs} ${fdt_addr_r}; fi'
- 19:35:34 [INFO] Target: 
setenv bootcmd ''${bootcmd}' if iminfo ${loadaddr}; then bootm ${loadaddr} ${_initramfs} ${fdt_addr_r}; else bootz ${loadaddr} ${_initramfs} ${fdt_addr_r}; bootm ${loadaddr} ${_initramfs} ${fdt_addr_r}; fi'
- 19:35:34 [INFO] Host: version
- 19:35:34 [INFO] Target: 
version
U-Boot 2016.05-rc3-00242-g359d4c4 (May 11 2016 - 07:03:49 -0500)
arm-linux-gnueabihf-gcc (Linaro GCC 5.3-2016.02) 5.3.1 20160113
GNU ld (GNU Binutils) 2.25.0 Linaro 2015_10
- 19:35:34 [INFO] Host: bdinfo
- 19:35:34 [INFO] Target: 
bdinfo
arch_number = 0x00000EC1
boot_params = 0x80000100
DRAM bank   = 0x00000000
-> start    = 0x80000000
-> size     = 0x7F000000
eth0name    = sms0
ethaddr     = (not set)
current eth = sms0
ip_addr     = 192.168.0.71
baudrate    = 115200 bps
TLB addr    = 0xFEFF0000
relocaddr   = 0xFEF5D000
reloc off   = 0x7E75D000
irq_sp      = 0xFDF3CEE0
sp start    = 0xFDF3CED0
- 19:35:34 [INFO] Host: mmc rescan; echo $?
- 19:35:34 [INFO] Target: 
mmc rescan; echo $?
- 19:35:34 [INFO] Host: fatwrite mmc ${mmcdev}:1 ${loadaddr} ws-calibrate.rules 4
- 19:35:35 [INFO] Target: 
fatwrite mmc ${mmcdev}:1 ${loadaddr} ws-calibrate.rules 4
writing ws-calibrate.rules
4 bytes written
- 19:35:35 [INFO] Host: boot
- 19:39:05 [ERROR] On command: boot waiting for boot.+?(?-mix:login:) >>> error: execution expired
- 19:39:05 [INFO] Target: 
boot
## Checking Image at 82000000 ...
Unknown image format!
Kernel image @ 0x82000000 [ 0x000000 - 0x688010 ]
## Flattened Device Tree blob at 88000000
   Booting using the fdt blob at 0x88000000
   Loading Device Tree to 8ffef000, end 8ffff6d2 ... OK
Starting kernel ...
[    0.000000] Booting Linux on physical CPU 0x0
[    0.000000] Linux version 4.7.0-rc7-next-20160714-00002-gb0f0c607998d (nmenon@horus) (gcc version 4.9.3 20150413 (prerelease) (Linaro GCC 4.9-2015.05) ) #1 SMP Thu Jul 14 18:33:06 CDT 2016
[    0.000000] CPU: ARMv7 Processor [412fc0f2] revision 2 (ARMv7), cr=10c5387d
[    0.000000] CPU: div instructions available: patching division code
[    0.000000] CPU: PIPT / VIPT nonaliasing data cache, PIPT instruction cache
[    0.000000] Machine model: TI OMAP5 uEVM board
[    0.000000] cma: Reserved 64 MiB at 0xfa800000
[    0.000000] Memory policy: Data cache writealloc
[    0.000000] OMAP4: Map 0xfee00000 to fe600000 for dram barrier
[    0.000000] OMAP5432 ES2.0
[    0.000000] percpu: Embedded 14 pages/cpu @eefc6000 s26624 r8192 d22528 u57344
[    0.000000] Built 1 zonelists in Zone order, mobility grouping on.  Total pages: 518144
[    0.000000] Kernel command line: console=ttyO2,115200n8 earlyprintk=serial,ttyO2,115200n8 rootwait  ip=:::::eth0:dhcp  root=PARTUUID=00000000-02 rw rootfstype=ext4 rootwait 
[    0.000000] PID hash table entries: 4096 (order: 2, 16384 bytes)
[    0.000000] Dentry cache hash table entries: 131072 (order: 7, 524288 bytes)
[    0.000000] Inode-cache hash table entries: 65536 (order: 6, 262144 bytes)
[    0.000000] Memory: 1978920K/2078720K available (9216K kernel code, 1088K rwdata, 3768K rodata, 2048K init, 343K bss, 34264K reserved, 65536K cma-reserved, 1226752K highmem)
[    0.000000] Virtual kernel memory layout:
[    0.000000]     vector  : 0xffff0000 - 0xffff1000   (   4 kB)
[    0.000000]     fixmap  : 0xffc00000 - 0xfff00000   (3072 kB)
[    0.000000]     vmalloc : 0xf0800000 - 0xff800000   ( 240 MB)
[    0.000000]     lowmem  : 0xc0000000 - 0xf0000000   ( 768 MB)
[    0.000000]     pkmap   : 0xbfe00000 - 0xc0000000   (   2 MB)
[    0.000000]     modules : 0xbf000000 - 0xbfe00000   (  14 MB)
[    0.000000]       .text : 0xc0208000 - 0xc0c00000   (10208 kB)
[    0.000000]       .init : 0xc1000000 - 0xc1200000   (2048 kB)
[    0.000000]       .data : 0xc1200000 - 0xc1310380   (1089 kB)
[    0.000000]        .bss : 0xc1312000 - 0xc1367c08   ( 344 kB)
[    0.000000] SLUB: HWalign=64, Order=0-3, MinObjects=0, CPUs=2, Nodes=1
[    0.000000] Hierarchical RCU implementation.
[    0.000000] 	Build-time adjustment of leaf fanout to 32.
[    0.000000] 	RCU restricting CPUs from NR_CPUS=16 to nr_cpu_ids=2.
[    0.000000] RCU: Adjusting geometry for rcu_fanout_leaf=32, nr_cpu_ids=2
[    0.000000] NR_IRQS:16 nr_irqs:16 16
[    0.000000] OMAP clockevent source: timer1 at 32768 Hz
[    0.000000] Architected cp15 timer(s) running at 6.14MHz (virt).
[    0.000000] clocksource: arch_sys_counter: mask: 0xffffffffffffff max_cycles: 0x16ac02862, max_idle_ns: 440795202218 ns
[    0.000004] sched_clock: 56 bits at 6MHz, resolution 162ns, wraps every 4398046511085ns
[    0.000014] Switching to timer-based delay loop, resolution 162ns
[    0.002106] clocksource: 32k_counter: mask: 0xffffffff max_cycles: 0xffffffff, max_idle_ns: 58327039986419 ns
[    0.002113] OMAP clocksource: 32k_counter at 32768 Hz
[    0.004036] Console: colour dummy device 80x30
[    0.004055] Calibrating delay loop (skipped), value calculated using timer frequency.. 12.28 BogoMIPS (lpj=30720)
[    0.004068] pid_max: default: 32768 minimum: 301
[    0.004140] Mount-cache hash table entries: 2048 (order: 1, 8192 bytes)
[    0.004148] Mountpoint-cache hash table entries: 2048 (order: 1, 8192 bytes)
[    0.004631] CPU: Testing write buffer coherency: ok
[    0.004780] /cpus/cpu@0 missing clock-frequency property
[    0.004793] /cpus/cpu@1 missing clock-frequency property
[    0.004802] CPU0: thread -1, cpu 0, socket 0, mpidr 80000000
[    0.004823] Setting up static identity map for 0x80300000 - 0x80300098
[    0.008624] CPU1: thread -1, cpu 1, socket 0, mpidr 80000001
[    0.008699] Brought up 2 CPUs
[    0.008711] SMP: Total of 2 processors activated (24.57 BogoMIPS).
[    0.008717] CPU: All CPU(s) started in SVC mode.
[    0.009716] devtmpfs: initialized
[    0.022839] VFP support v0.3: implementor 41 architecture 4 part 30 variant f rev 0
[    0.023159] clocksource: jiffies: mask: 0xffffffff max_cycles: 0xffffffff, max_idle_ns: 9556302231375000 ns
[    0.023961] pinctrl core: initialized pinctrl subsystem
[    0.025280] NET: Registered protocol family 16
[    0.026705] DMA: preallocated 256 KiB pool for atomic coherent allocations
[    0.027539] omap_hwmod: l3_main_3 using broken dt data from ocp
[    0.028062] omap_hwmod: l3_main_2 using broken dt data from ocp
[    0.105235] cpuidle: using governor menu
[    0.110509] OMAP GPIO hardware version 0.1
[    0.115459] GPIO line 234 (gpio8_234/msecure) hogged as output/high
[    0.116059] platform 50000000.gpmc: Cannot lookup hwmod 'gpmc'
[    0.116192] omap-gpmc 50000000.gpmc: _od_fail_runtime_resume: FIXME: missing hwmod/omap_dev info
[    0.116202] omap-gpmc 50000000.gpmc: GPMC revision 6.0
[    0.118926] irq: no irq domain found for /ocp/l4@4a000000/scm@2800/pinmux@40 !
[    0.120214] irq: no irq domain found for /ocp/l4@4a000000/scm@2800/pinmux@40 !
[    0.129712] No ATAGs?hw-breakpoint: found 5 (+1 reserved) breakpoint and 4 watchpoint registers.
[    0.129734] hw-breakpoint: maximum watchpoint size is 8 bytes.
[    0.130547] OMAP DMA hardware revision 0.0
[    0.135406] Serial: AMBA PL011 UART driver
[    0.159788] omap-dma-engine 4a056000.dma-controller: OMAP DMA engine driver
[    0.161514] vsys_cobra: supplied by vmain
[    0.162004] reg-fixed-voltage fixedregulator-mmcsdio: could not find pctldev for node /ocp/l4@4a000000/scm@2800/pinmux@40/pinmux_wlan_pins, deferring probe
[    0.164842] vgaarb: loaded
[    0.165474] SCSI subsystem initialized
[    0.165762] usbcore: registered new interface driver usbfs
[    0.165807] usbcore: registered new interface driver hub
[    0.165846] usbcore: registered new device driver usb
[    0.166371] omap_i2c 48070000.i2c: could not find pctldev for node /ocp/l4@4a000000/scm@2800/pinmux@40/pinmux_i2c1_pins, deferring probe
[    0.166655] omap_i2c 48072000.i2c: bus 1 rev0.12 at 100 kHz
[    0.166904] omap_i2c 48060000.i2c: bus 2 rev0.12 at 100 kHz
[    0.167157] omap_i2c 4807a000.i2c: bus 3 rev0.12 at 100 kHz
[    0.167188] omap_i2c 4807c000.i2c: could not find pctldev for node /ocp/l4@4a000000/scm@2800/pinmux@40/pinmux_i2c5_pins, deferring probe
[    0.168031] pps_core: LinuxPPS API ver. 1 registered
[    0.168036] pps_core: Software ver. 5.3.6 - Copyright 2005-2007 Rodolfo Giometti <giometti@linux.it>
[    0.168052] PTP clock support registered
[    0.168221] EDAC MC: Ver: 3.0.0
[    0.170121] clocksource: Switched to clocksource arch_sys_counter
[    0.177895] NET: Registered protocol family 2
[    0.178255] TCP established hash table entries: 8192 (order: 3, 32768 bytes)
[    0.178316] TCP bind hash table entries: 8192 (order: 4, 65536 bytes)
[    0.178439] TCP: Hash tables configured (established 8192 bind 8192)
[    0.178481] UDP hash table entries: 512 (order: 2, 16384 bytes)
[    0.178510] UDP-Lite hash table entries: 512 (order: 2, 16384 bytes)
[    0.178617] NET: Registered protocol family 1
[    0.178851] RPC: Registered named UNIX socket transport module.
[    0.178858] RPC: Registered udp transport module.
[    0.178864] RPC: Registered tcp transport module.
[    0.178869] RPC: Registered tcp NFSv4.1 backchannel transport module.
[    0.211887] hw perfevents: /pmu: failed to probe PMU!
[    0.211894] hw perfevents: /pmu: failed to register PMU devices!
[    0.211907] armv7-pmu: probe of pmu failed with error -22
[    0.213491] futex hash table entries: 512 (order: 3, 32768 bytes)
[    0.213934] workingset: timestamp_bits=30 max_order=19 bucket_order=0
[    0.222052] squashfs: version 4.0 (2009/01/31) Phillip Lougher
[    0.222657] NFS: Registering the id_resolver key type
[    0.222680] Key type id_resolver registered
[    0.222687] Key type id_legacy registered
[    0.222720] ntfs: driver 2.1.32 [Flags: R/O].
[    0.223583] bounce: pool size: 64 pages
[    0.223730] Block layer SCSI generic (bsg) driver version 0.4 loaded (major 248)
[    0.223738] io scheduler noop registered
[    0.223744] io scheduler deadline registered
[    0.223881] io scheduler cfq registered (default)
[    0.228142] ti-pipe3 4a096000.phy: can't get syscon-pllreset, sata dpll won't idle
[    0.229919] libphy: mdio_driver_register: phy-bcm-ns2-pci
[    0.231145] pinctrl-single 4a002840.pinmux: 219 pins at pa fc002840 size 438
[    0.231340] pinctrl-single 4ae0c840.pinmux: 30 pins at pa fce0c840 size 60
[    0.285722] Serial: 8250/16550 driver, 4 ports, IRQ sharing disabled
[    0.288064] SuperH (H)SCI(F) driver initialized
[    0.289025] msm_serial: driver initialized
[    0.289226] omap_uart 4806a000.serial: no wakeirq for uart0
[    0.289310] 4806a000.serial: ttyO0 at MMIO 0x4806a000 (irq = 304, base_baud = 3000000) is a OMAP UART0
[    0.289593] omap_uart 4806c000.serial: no wakeirq for uart1
[    0.289657] 4806c000.serial: ttyO1 at MMIO 0x4806c000 (irq = 305, base_baud = 3000000) is a OMAP UART1
[    0.290006] 48020000.serial: ttyO2 at MMIO 0x48020000 (irq = 306, base_baud = 3000000) is a OMAP UART2
[    1.135555] console [ttyO2] enabled
[    1.139426] omap_uart 4806e000.serial: no wakeirq for uart3
[    1.145308] 4806e000.serial: ttyO3 at MMIO 0x4806e000 (irq = 307, base_baud = 3000000) is a OMAP UART3
[    1.155309] omap_uart 48066000.serial: no wakeirq for uart4
[    1.161191] 48066000.serial: ttyO4 at MMIO 0x48066000 (irq = 308, base_baud = 3000000) is a OMAP UART4
[    1.171146] omap_uart 48068000.serial: no wakeirq for uart5
[    1.177036] 48068000.serial: ttyO5 at MMIO 0x48068000 (irq = 309, base_baud = 3000000) is a OMAP UART5
[    1.187048] STMicroelectronics ASC driver initialized
[    1.195433] [drm] Initialized drm 1.1.0 20060810
[    1.212064] brd: module loaded
[    1.219157] loop: module loaded
[    1.224057] ahci 4a140000.sata: SSS flag set, parallel bus scan disabled
[    1.231077] ahci 4a140000.sata: AHCI 0001.0300 32 slots 1 ports 3 Gbps 0x1 impl platform mode
[    1.239989] ahci 4a140000.sata: flags: 64bit ncq sntf stag pm led clo only pmp pio slum part ccc apst 
[    1.250431] scsi host0: ahci
[    1.253650] ata1: SATA max UDMA/133 mmio [mem 0x4a140000-0x4a1410ff] port 0x100 irq 336
[    1.269491] libphy: Fixed MDIO Bus: probed
[    1.274447] CAN device driver interface
[    1.280518] igb: Intel(R) Gigabit Ethernet Network Driver - version 5.3.0-k
[    1.287787] igb: Copyright (c) 2007-2014 Intel Corporation.
[    1.296760] pegasus: v0.9.3 (2013/04/25), Pegasus/Pegasus II USB Ethernet driver
[    1.304522] usbcore: registered new interface driver pegasus
[    1.310476] usbcore: registered new interface driver asix
[    1.316144] usbcore: registered new interface driver ax88179_178a
[    1.322537] usbcore: registered new interface driver cdc_ether
[    1.328671] usbcore: registered new interface driver smsc75xx
[    1.334718] usbcore: registered new interface driver smsc95xx
[    1.340763] usbcore: registered new interface driver net1080
[    1.346702] usbcore: registered new interface driver cdc_subset
[    1.352920] usbcore: registered new interface driver zaurus
[    1.358788] usbcore: registered new interface driver cdc_ncm
[    1.365351] omap-dwc3 4a020000.omap_dwc3: vbus init failed
[    1.372245] ehci_hcd: USB 2.0 'Enhanced' Host Controller (EHCI) Driver
[    1.379072] ehci-pci: EHCI PCI platform driver
[    1.383752] ehci-platform: EHCI generic platform driver
[    1.389402] ehci-orion: EHCI orion driver
[    1.393727] SPEAr-ehci: EHCI SPEAr driver
[    1.398055] ehci-st: EHCI STMicroelectronics driver
[    1.403288] ehci-exynos: EHCI EXYNOS driver
[    1.407814] ehci-atmel: EHCI Atmel driver
[    1.412143] tegra-ehci: Tegra EHCI driver
[    1.416485] ohci_hcd: USB 1.1 'Open' Host Controller (OHCI) Driver
[    1.422945] ohci-pci: OHCI PCI platform driver
[    1.427616] ohci-platform: OHCI generic platform driver
[    1.433225] ohci-omap3: OHCI OMAP3 driver
[    1.448128] ohci-omap3 4a064800.ohci: OHCI Host Controller
[    1.453878] ohci-omap3 4a064800.ohci: new USB bus registered, assigned bus number 1
[    1.461990] ohci-omap3 4a064800.ohci: irq 403, io mem 0x4a064800
[    1.544797] hub 1-0:1.0: USB hub found
[    1.548762] hub 1-0:1.0: 3 ports detected
[    1.553366] SPEAr-ohci: OHCI SPEAr driver
[    1.557725] ohci-st: OHCI STMicroelectronics driver
[    1.562966] ohci-atmel: OHCI Atmel driver
[    1.567846] usbcore: registered new interface driver usb-storage
[    1.575547] mousedev: PS/2 mouse device common for all mice
[    1.580334] ata1: SATA link down (SStatus 0 SControl 300)
[    1.590017] i2c /dev entries driver
[    1.605845] sdhci: Secure Digital Host Controller Interface driver
[    1.612298] sdhci: Copyright(c) Pierre Ossman
[    1.676084] Synopsys Designware Multimedia Card Interface Driver
[    1.683407] sdhci-pltfm: SDHCI platform and OF driver helper
[    1.691684] ledtrig-cpu: registered to indicate activity on CPUs
[    1.698232] usbcore: registered new interface driver usbhid
[    1.704048] usbhid: USB HID core driver
[    1.713618] NET: Registered protocol family 10
[    1.718852] sit: IPv6, IPv4 and MPLS over IPv4 tunneling driver
[    1.725524] NET: Registered protocol family 17
[    1.730179] can: controller area network core (rev 20120528 abi 9)
[    1.736676] NET: Registered protocol family 29
[    1.741317] can: raw protocol (rev 20120528)
[    1.745782] can: broadcast manager protocol (rev 20160617 t)
[    1.751697] can: netlink gateway (rev 20130117) max_hops=1
[    1.757721] Key type dns_resolver registered
[    1.762334] omap_vc_init_channel: No PMIC info for vdd_core
[    1.768163] omap_vp_init: No PMIC info for vdd_core
[    1.773255] omap_vc_init_channel: No PMIC info for vdd_mm
[    1.778893] omap_vp_init: No PMIC info for vdd_mm
[    1.783807] omap_vc_init_channel: No PMIC info for vdd_mpu
[    1.789535] omap_vp_init: No PMIC info for vdd_mpu
[    1.794616] Power Management for TI OMAP4+ devices.
[    1.799849] ThumbEE CPU extension supported.
[    1.804336] Registering SWP/SWPB emulation handler
[    1.811574] palmas 0-0048: Irq flag is 0x00000000
[    1.832183] palmas 0-0048: Muxing GPIO 2, PWM 0, LED 0
[    1.843145] palmas-rtc 48070000.i2c:palmas@48:rtc: rtc core: registered 48070000.i2c:palmas as rtc0
[    1.858557] SMPS6: supplied by vsys_cobra
[    1.863074] smps6: Bringing 1350000uV into 1200000-1200000uV
[    1.870728] SMPS7: supplied by vsys_cobra
[    1.875646] vdds_1v8_main: supplied by smps7
[    1.881001] SMPS8: supplied by vsys_cobra
[    1.886772] SMPS9: supplied by vsys_cobra
[    1.891066] mmc0: new high speed MMC card at address 0001
[    1.891313] smps9: Bringing 0uV into 2100000-2100000uV
[    1.894134] LDO1: supplied by vsys_cobra
[    1.894468] ldo1: Bringing 0uV into 1800000-1800000uV
[    1.895639] LDO2: supplied by vsys_cobra
[    1.895963] ldo2: Bringing 0uV into 2800000-2800000uV
[    1.897121] LDO3: supplied by vdds_1v8_main
[    1.898825] LDO4: supplied by vdds_1v8_main
[    1.899158] ldo4: Bringing 0uV into 1800000-1800000uV
[    1.900334] LDO5: supplied by vsys_cobra
[    1.902051] LDO6: supplied by vdds_1v8_main
[    1.905274] LDO7: supplied by vsys_cobra
[    1.905598] ldo7: Bringing 0uV into 2000000-2000000uV
[    1.906767] LDO8: supplied by vsys_cobra
[    1.908481] LDO9: supplied by vmmcsd_fixed
[    1.910660] LDOLN: supplied by vsys_cobra
[    1.912386] LDOUSB: supplied by vsys_cobra
[    1.916970] omap_i2c 48070000.i2c: bus 0 rev0.12 at 400 kHz
[    1.930945] omap_i2c 4807c000.i2c: bus 4 rev0.12 at 400 kHz
[    1.931927] ------------[ cut here ]------------
[    1.931940] WARNING: CPU: 0 PID: 87 at drivers/bus/omap_l3_noc.c:147 l3_interrupt_handler+0x23c/0x340
[    1.931944] 44000000.ocp:L3 Custom Error: MASTER MPU TARGET L4CFG (Read): Data Access in User mode during Functional access
[    1.931949] Modules linked in:
[    1.931956] CPU: 0 PID: 87 Comm: irq/333-dwc3-om Not tainted 4.7.0-rc7-next-20160714-00002-gb0f0c607998d #1
[    1.931959] Hardware name: Generic OMAP5 (Flattened Device Tree)
[    1.931977] [<c0310548>] (unwind_backtrace) from [<c030bb14>] (show_stack+0x10/0x14)
[    1.931985] [<c030bb14>] (show_stack) from [<c059709c>] (dump_stack+0x98/0xac)
[    1.931996] [<c059709c>] (dump_stack) from [<c0342c34>] (__warn+0xe8/0x100)
[    1.932005] [<c0342c34>] (__warn) from [<c0342c84>] (warn_slowpath_fmt+0x38/0x48)
[    1.932013] [<c0342c84>] (warn_slowpath_fmt) from [<c05c8d10>] (l3_interrupt_handler+0x23c/0x340)
[    1.932023] [<c05c8d10>] (l3_interrupt_handler) from [<c0387e50>] (__handle_irq_event_percpu+0x88/0x118)
[    1.932031] [<c0387e50>] (__handle_irq_event_percpu) from [<c0387efc>] (handle_irq_event_percpu+0x1c/0x58)
[    1.932037] [<c0387efc>] (handle_irq_event_percpu) from [<c0387f7c>] (handle_irq_event+0x44/0x68)
[    1.932045] [<c0387f7c>] (handle_irq_event) from [<c038b33c>] (handle_fasteoi_irq+0xb4/0x194)
[    1.932053] [<c038b33c>] (handle_fasteoi_irq) from [<c038749c>] (generic_handle_irq+0x24/0x34)
[    1.932060] [<c038749c>] (generic_handle_irq) from [<c038776c>] (__handle_domain_irq+0x5c/0xb4)
[    1.932066] [<c038776c>] (__handle_domain_irq) from [<c0301764>] (gic_handle_irq+0x54/0x98)
[    1.932073] [<c0301764>] (gic_handle_irq) from [<c030c68c>] (__irq_svc+0x6c/0x90)
[    1.932076] Exception stack(0xee6e7ec8 to 0xee6e7f10)
[    1.932082] 7ec0:                   0000014d ee681e10 fc020000 fc020034 ee681e10 ee685e64
[    1.932089] 7ee0: 00000000 00000000 c0388e8c c131010c 00000000 00000000 00000000 ee6e7f18
[    1.932093] 7f00: c0388ea8 c0918e30 60000013 ffffffff
[    1.932102] [<c030c68c>] (__irq_svc) from [<c0918e30>] (dwc3_omap_interrupt_thread+0x24/0x80)
[    1.932112] [<c0918e30>] (dwc3_omap_interrupt_thread) from [<c0388ea8>] (irq_thread_fn+0x1c/0x34)
[    1.932119] [<c0388ea8>] (irq_thread_fn) from [<c03891b8>] (irq_thread+0x13c/0x1ec)
[    1.932126] [<c03891b8>] (irq_thread) from [<c035de1c>] (kthread+0xdc/0xf4)
[    1.932134] [<c035de1c>] (kthread) from [<c0307eb8>] (ret_from_fork+0x14/0x3c)
[    1.932138] ---[ end trace c5e7109c1f1b3866 ]---
[    1.932145] Unhandled fault: imprecise external abort (0x1406) at 0x00000000
[    1.932148] pgd = c0204000
[    1.932153] [00000000] *pgd=00000000
[    1.932159] Internal error: : 1406 [#1] SMP ARM
[    1.932163] Modules linked in:
[    1.932168] CPU: 0 PID: 87 Comm: irq/333-dwc3-om Tainted: G        W       4.7.0-rc7-next-20160714-00002-gb0f0c607998d #1
[    1.932171] Hardware name: Generic OMAP5 (Flattened Device Tree)
[    1.932174] task: ee5ff480 ti: ee6e6000 task.ti: ee6e6000
[    1.932180] PC is at dwc3_omap_interrupt_thread+0x24/0x80
[    1.932184] LR is at irq_thread_fn+0x1c/0x34
[    1.932189] pc : [<c0918e30>]    lr : [<c0388ea8>]    psr: 60000013
[    1.932189] sp : ee6e7f18  ip : 00000000  fp : 00000000
[    1.932193] r10: 00000000  r9 : c131010c  r8 : c0388e8c
[    1.932196] r7 : 00000000  r6 : 00000000  r5 : ee685e64  r4 : ee681e10
[    1.932200] r3 : fc020034  r2 : fc020000  r1 : ee681e10  r0 : 0000014d
[    1.932204] Flags: nZCv  IRQs on  FIQs on  Mode SVC_32  ISA ARM  Segment none
[    1.932208] Control: 10c5387d  Table: 8020406a  DAC: 00000051
[    1.932211] Process irq/333-dwc3-om (pid: 87, stack limit = 0xee6e6220)
[    1.932215] Stack: (0xee6e7f18 to 0xee6e8000)
[    1.932219] 7f00:                                                       ee685e40 ee685e64
[    1.932226] 7f20: ee1cdd80 ee685e40 c0388e8c c0388ea8 ee6e6000 ee685e64 ee1cdd80 c03891b8
[    1.932232] 7f40: 00000000 c0388fc0 00000000 ee685e80 ee685e40 c038907c 00000000 00000000
[    1.932238] 7f60: 00000000 c035de1c 41410340 00000000 00000001 ee685e40 00000000 00000000
[    1.932244] 7f80: ee6e7f80 ee6e7f80 00000000 00000000 ee6e7f90 ee6e7f90 ee6e7fac ee685e80
[    1.932249] 7fa0: c035dd40 00000000 00000000 c0307eb8 00000000 00000000 00000000 00000000
[    1.932255] 7fc0: 00000000 00000000 00000000 00000000 00000000 00000000 00000000 00000000
[    1.932261] 7fe0: 00000000 00000000 00000000 00000000 00000013 00000000 00000000 00000000
[    1.932270] [<c0918e30>] (dwc3_omap_interrupt_thread) from [<c0388ea8>] (irq_thread_fn+0x1c/0x34)
[    1.932277] [<c0388ea8>] (irq_thread_fn) from [<c03891b8>] (irq_thread+0x13c/0x1ec)
[    1.932282] [<c03891b8>] (irq_thread) from [<c035de1c>] (kthread+0xdc/0xf4)
[    1.932290] [<c035de1c>] (kthread) from [<c0307eb8>] (ret_from_fork+0x14/0x3c)
[    1.932296] Code: e0823003 e5937000 f57ff04f e5916014 (e5915008) 
[    1.932302] ---[ end trace c5e7109c1f1b3867 ]---
[    1.932317] Unable to handle kernel paging request at virtual address ffffffec
[    1.932319] pgd = c0204000
[    1.932327] [ffffffec] *pgd=affff861, *pte=00000000, *ppte=00000000
[    1.932331] Internal error: Oops: 37 [#2] SMP ARM
[    1.932335] Modules linked in:
[    1.932340] CPU: 0 PID: 87 Comm: irq/333-dwc3-om Tainted: G      D W       4.7.0-rc7-next-20160714-00002-gb0f0c607998d #1
[    1.932342] Hardware name: Generic OMAP5 (Flattened Device Tree)
[    1.932346] task: ee5ff480 ti: ee6e6000 task.ti: ee6e6000
[    1.932350] PC is at kthread_data+0x4/0xc
[    1.932354] LR is at irq_thread_dtor+0x28/0xbc
[    1.932359] pc : [<c035e3e8>]    lr : [<c0388fe8>]    psr: 20000193
[    1.932359] sp : ee6e7d58  ip : ee6e7f84  fp : c0918e32
[    1.932362] r10: ee5ff878  r9 : c0918e34  r8 : ee6e7d80
[    1.932365] r7 : ee5ff480  r6 : 00000000  r5 : c1315204  r4 : ee5ff480
[    1.932368] r3 : 00000000  r2 : ee6e7f40  r1 : 00000009  r0 : ee5ff480
[    1.932372] Flags: nzCv  IRQs off  FIQs on  Mode SVC_32  ISA ARM  Segment none
[    1.932375] Control: 10c5387d  Table: 8020406a  DAC: 00000051
[    1.932379] Process irq/333-dwc3-om (pid: 87, stack limit = 0xee6e6220)
[    1.932382] Stack: (0xee6e7d58 to 0xee6e8000)
[    1.932386] 7d40:                                                       ee5ff864 c1315204
[    1.932393] 7d60: 00000000 c035c634 ee5ff480 00000000 0000000b 00000001 ee6e7d80 c0345060
[    1.932399] 7d80: c0e65de4 ee6e7d9c 00000228 c1312604 c12075ec ee6e7ec8 60000193 0000000b
[    1.932405] 7da0: c0918e34 00000001 c0918e32 c030bf78 ee6e6220 0000000b 00000000 ee6e6000
[    1.932411] 7dc0: bf000000 00000008 65000000 33323830 20333030 33393565 30303037 37356620
[    1.932417] 7de0: 34306666 35652066 30363139 28203431 31393565 38303035 c0002029 ee6e7e1c
[    1.932423] 7e00: c0e55944 c1208044 00001406 00000007 00000000 ee6e7ec8 ee6e6000 00000000
[    1.932430] 7e20: 00000000 c0301328 00000000 071a94d2 00000007 00000000 00030003 00000000
[    1.932436] 7e40: ee008000 fa213000 00000000 c0387f2c eefcbd80 00000004 c1117d80 ee16e540
[    1.932442] 7e60: ee16e5a0 c0387f7c ee16e540 c120a808 ee16e540 c038b3dc c1115fb4 00000018
[    1.932448] 7e80: 00000000 00000000 c1115fb4 00000018 c1202858 c123fde0 fa21200c ee6e7ec8
[    1.932454] 7ea0: fa212000 c0301764 c0918e30 60000013 c0918e30 60000013 ffffffff ee6e7efc
[    1.932461] 7ec0: c0388e8c c030c5f8 0000014d ee681e10 fc020000 fc020034 ee681e10 ee685e64
[    1.932467] 7ee0: 00000000 00000000 c0388e8c c131010c 00000000 00000000 00000000 ee6e7f18
[    1.932473] 7f00: c0388ea8 c0918e30 60000013 ffffffff 00000051 00000000 ee685e40 ee685e64
[    1.932479] 7f20: ee1cdd80 ee685e40 c0388e8c c0388ea8 ee6e6000 ee685e64 ee1cdd80 c03891b8
[    1.932485] 7f40: 00000000 c0388fc0 00000000 ee685e80 ee685e40 c038907c 00000000 00000000
[    1.932490] 7f60: 00000000 c035de1c 41410340 00000000 00000001 ee685e40 00000000 00000000
[    1.932497] 7f80: ee6e7f80 ee6e7f80 00000001 00010001 ee6e7f90 ee6e7f90 ee6e7fac ee685e80
[    1.932503] 7fa0: c035dd40 00000000 00000000 c0307eb8 00000000 00000000 00000000 00000000
[    1.932508] 7fc0: 00000000 00000000 00000000 00000000 00000000 00000000 00000000 00000000
[    1.932513] 7fe0: 00000000 00000000 00000000 00000000 00000013 00000000 00000000 00000000
[    1.932521] [<c035e3e8>] (kthread_data) from [<c0388fe8>] (irq_thread_dtor+0x28/0xbc)
[    1.932530] [<c0388fe8>] (irq_thread_dtor) from [<c035c634>] (task_work_run+0xb8/0xe8)
[    1.932541] [<c035c634>] (task_work_run) from [<c0345060>] (do_exit+0x320/0xa84)
[    1.932548] [<c0345060>] (do_exit) from [<c030bf78>] (die+0x460/0x46c)
[    1.932554] [<c030bf78>] (die) from [<c0301328>] (do_DataAbort+0xb4/0xb8)
[    1.932559] [<c0301328>] (do_DataAbort) from [<c030c5f8>] (__dabt_svc+0x58/0x80)
[    1.932562] Exception stack(0xee6e7ec8 to 0xee6e7f10)
[    1.932567] 7ec0:                   0000014d ee681e10 fc020000 fc020034 ee681e10 ee685e64
[    1.932573] 7ee0: 00000000 00000000 c0388e8c c131010c 00000000 00000000 00000000 ee6e7f18
[    1.932577] 7f00: c0388ea8 c0918e30 60000013 ffffffff
[    1.932584] [<c030c5f8>] (__dabt_svc) from [<c0918e30>] (dwc3_omap_interrupt_thread+0x24/0x80)
[    1.932592] [<c0918e30>] (dwc3_omap_interrupt_thread) from [<c0388ea8>] (irq_thread_fn+0x1c/0x34)
[    1.932598] [<c0388ea8>] (irq_thread_fn) from [<c03891b8>] (irq_thread+0x13c/0x1ec)
[    1.932604] [<c03891b8>] (irq_thread) from [<c035de1c>] (kthread+0xdc/0xf4)
[    1.932611] [<c035de1c>] (kthread) from [<c0307eb8>] (ret_from_fork+0x14/0x3c)
[    1.932617] Code: e3a02002 e0431101 eaffff8f e59032f8 (e5130014) 
[    1.932621] ---[ end trace c5e7109c1f1b3868 ]---
[    1.932623] Fixing recursive fault but reboot is needed!
[    2.871009] mmcblk0: mmc0:0001 SEM04G 3.69 GiB 
[    2.875924] mmcblk0boot0: mmc0:0001 SEM04G partition 1 2.00 MiB
[    2.882282] mmcblk0boot1: mmc0:0001 SEM04G partition 2 2.00 MiB
[    2.889270]  mmcblk0: p1 p2
- 19:39:05 [INFO] Boot attempt 1/1 failed
- 19:39:05 [INFO] Collecting kernel traces via sysrq...
- 19:39:15 [INFO] 
- 19:39:25 [INFO] 
- 19:39:36 [INFO] 
- 19:39:36 [INFO] Disconnected serial from omap5-evm
URL:gtsystest.telogy.design.ti.com/vatf/tigtfarm08/tigtfarm08_vatf@omap5-evm/tigtfarm0807_14_2016_19_34_53/files/session_iteration_1/test_1
