- 13:44:56 [INFO] Starting target session
- 13:44:56 [INFO] Connected to omap5-evm via serial 
- 13:44:56 [INFO] Host: #check prompt
- 13:44:59 [ERROR] On command: #check prompt waiting for #check prompt.+?(?-mix:((?-mix:login:)|[Pp]assword)) >>> error: execution expired
- 13:44:59 [INFO] Target: 
#check prompt
root@omap5-evm:/test# 
- 13:44:59 [INFO] Host: #check prompt
- 13:44:59 [INFO] Target: 
#check prompt
root@omap5-evm:/test# 
- 13:44:59 [INFO] Host: sync;poweroff
- 13:45:12 [INFO] Target: 
sync;poweroff
Broadcast message from root@omap5-evm (ttyO2) (Sat Jun  4 10:19:30 2016):
The system is going down for system halt NOW!
INIT: Sj*UI55jRhwclock: can't open '/dev/misc/rtc': No such file or directory
Stopping syslogd/klogd: stopped syslogd (pid 280)
stopped klogd (pid 283)
done
Deconfiguring network interfaces... ifdown: interface eth0 not configured
done.
Sending all processes the TERM signal...
Sending all processes the KILL signal...
Unmounting remote filesystems...
Deactivating swap...
Unmounting local filesystems...
[ 1693.345700] EXT4-fs (mmcblk1p2): re-mounted. Opts: data=ordered
[ 1695.703838] reboot: Power down
- 13:45:12 [INFO] Disconnected serial from omap5-evm
- 13:45:17 [INFO] Connected to omap5-evm via serial 
- 13:45:17 [INFO] Host: 
- 13:45:18 [INFO] Target: 
SATA link 0 timeout.
AHCI 0001.0300 32 slots 1 ports 3 Gbps 0x1 impl SATA mode
flags: 64bit ncq stag pm led clo only pmp pio slum part ccc apst 
scanning bus for devices...
Found 0 device(s).
Net:   No ethernet found.
Hit any key to stop autoboot:  2  0
=>  
=>  
=>  
- 13:45:18 [INFO] Host: 
- 13:45:18 [INFO] Target: 
- 13:45:18 [INFO] Host: version
- 13:45:18 [INFO] Target: 
version
U-Boot 2016.09-rc2-00020-g46fe9eb (Aug 25 2016 - 09:03:55 -0400)
arm-linux-gnueabihf-gcc (Linaro GCC 5.3-2016.02) 5.3.1 20160113
GNU ld (GNU Binutils) 2.25.0 Linaro 2015_10
- 13:45:18 [INFO] Host: setenv bootargs 'console=ttyO2,115200n8 earlyprintk=serial,ttyO2,115200n8 rootwait '
- 13:45:18 [INFO] Target: 
setenv bootargs 'console=ttyO2,115200n8 earlyprintk=serial,ttyO2,115200n8 rootwait '
- 13:45:18 [INFO] Host: setenv bootcmd  ''
- 13:45:18 [INFO] Target: 
setenv bootcmd  ''
- 13:45:18 [INFO] Host: setenv autoload 'no'
- 13:45:18 [INFO] Target: 
setenv autoload 'no'
- 13:45:18 [INFO] Host: setenv serverip '192.168.0.1'
- 13:45:18 [INFO] Target: 
setenv serverip '192.168.0.1'
- 13:45:18 [INFO] Host: setenv _initramfs -
- 13:45:18 [INFO] Target: 
setenv _initramfs -
- 13:45:18 [INFO] Host: printenv
- 13:45:19 [INFO] Target: 
printenv
_initramfs=-
arch=arm
args_mmc=run finduuid;setenv bootargs console=${console} ${optargs} root=PARTUUID=${uuid} rw rootfstype=${mmcrootfstype}
autoload=no
baudrate=115200
board=omap5_uevm
board_name=omap5_uevm
bootargs=console=ttyO2,115200n8 earlyprintk=serial,ttyO2,115200n8 rootwait 
bootcmd=
bootdelay=2
bootdir=/boot
bootenvfile=uEnv.txt
bootfile=zImage
bootm_size=0x10000000
bootpart=0:2
bootscript=echo Running bootscript from mmc${mmcdev} ...; source ${loadaddr}
console=ttyO2,115200n8
cpu=armv7
dfu_alt_info_emmc=rawemmc raw 0 3751936;boot part 1 1;rootfs part 1 2;MLO fat 1 1;MLO.raw raw 0x100 0x100;u-boot.img.raw raw 0x300 0x400;spl-os-args.raw raw 0x80 0x80;spl-os-image.raw raw 0x900 0x2000;spl-os-args fat 1 1;spl-os-image fat 1 1;u-boot.img fat 1 1;uEnv.txt fat 1 1
dfu_alt_info_mmc=boot part 0 1;rootfs part 0 2;MLO fat 0 1;MLO.raw raw 0x100 0x100;u-boot.img.raw raw 0x300 0x400;spl-os-args.raw raw 0x80 0x80;spl-os-image.raw raw 0x900 0x2000;spl-os-args fat 0 1;spl-os-image fat 0 1;u-boot.img fat 0 1;uEnv.txt fat 0 1
dfu_alt_info_ram=kernel ram 0x80200000 0x4000000;fdt ram 0x80f80000 0x80000;ramdisk ram 0x81000000 0x4000000
dfu_bufsiz=0x10000
dofastboot=0
envboot=mmc dev ${mmcdev}; if mmc rescan; then echo SD/MMC found on device ${mmcdev};if run loadbootscript; then run bootscript;else if run loadbootenv; then echo Loaded env from ${bootenvfile};run importbootenv;fi;if test -n $uenvcmd; then echo Running uenvcmd ...;run uenvcmd;fi;fi;fi;
fdt_addr_r=0x88000000
fdtaddr=0x88000000
fdtfile=undefined
findfdt=if test $board_name = omap5_uevm; then setenv fdtfile omap5-uevm.dtb; fi; if test $board_name = dra7xx; then setenv fdtfile dra7-evm.dtb; fi;if test $board_name = dra72x-revc; then setenv fdtfile dra72-evm-revc.dtb; fi;if test $board_name = dra72x; then setenv fdtfile dra72-evm.dtb; fi;if test $board_name = beagle_x15; then setenv fdtfile am57xx-beagle-x15.dtb; fi;if test $board_name = beagle_x15_revb1; then setenv fdtfile am57xx-beagle-x15-revb1.dtb; fi;if test $board_name = am57xx_evm; then setenv fdtfile am57xx-evm.dtb; fi;if test $board_name = am57xx_evm_reva3; then setenv fdtfile am57xx-evm-reva3.dtb; fi;if test $board_name = am572x_idk; then setenv fdtfile am572x-idk.dtb; fi;if test $board_name = am571x_idk; then setenv fdtfile am571x-idk.dtb; fi;if test $fdtfile = undefined; then echo WARNING: Could not determine device tree to use; fi; 
finduuid=part uuid mmc 0:2 uuid
importbootenv=echo Importing environment from mmc${mmcdev} ...; env import -t ${loadaddr} ${filesize}
kernel_addr_r=0x82000000
loadaddr=0x82000000
loadbootenv=fatload mmc ${mmcdev} ${loadaddr} ${bootenvfile}
loadbootscript=fatload mmc ${mmcdev} ${loadaddr} boot.scr
loadfdt=load mmc ${bootpart} ${fdtaddr} ${bootdir}/${fdtfile};
loadimage=load mmc ${bootpart} ${loadaddr} ${bootdir}/${bootfile}
mmcboot=mmc dev ${mmcdev}; if mmc rescan; then echo SD/MMC found on device ${mmcdev};if run loadimage; then run loadfdt; echo Booting from mmc${mmcdev} ...; run args_mmc; bootz ${loadaddr} - ${fdtaddr}; fi;fi;
mmcdev=0
mmcrootfstype=ext4 rootwait
netargs=setenv bootargs console=${console} ${optargs} root=/dev/nfs nfsroot=${serverip}:${rootpath},${nfsopts} rw ip=dhcp
netboot=echo Booting from network ...; setenv autoload no; dhcp; run netloadimage; run netloadfdt; run netargs; bootz ${loadaddr} - ${fdtaddr}
netloadfdt=tftp ${fdtaddr} ${fdtfile}
netloadimage=tftp ${loadaddr} ${bootfile}
nfsopts=nolock
partitions=uuid_disk=${uuid_gpt_disk};name=rootfs,start=2MiB,size=-,uuid=${uuid_gpt_rootfs}
pxefile_addr_r=0x80100000
ramdisk_addr_r=0x88080000
rdaddr=0x88080000
rootpath=/export/rootfs
scriptaddr=0x80000000
scsidevs=0
serverip=192.168.0.1
soc=omap5
static_ip=${ipaddr}:${serverip}:${gatewayip}:${netmask}:${hostname}::off
stderr=serial
stdin=serial
stdout=serial
usbethaddr=02:21:03:74:17:10
usbtty=cdc_acm
vendor=ti
ver=U-Boot 2016.09-rc2-00020-g46fe9eb (Aug 25 2016 - 09:03:55 -0400)
vram=16M
Environment size: 4044/131067 bytes
- 13:45:19 [INFO] Host: usb start
- 13:45:21 [INFO] Target: 
usb start
starting USB...
USB0:   USB EHCI 1.00
scanning bus 0 for devices... 2 USB Device(s) found
       scanning usb for storage devices... 0 Storage Device(s) found
       scanning usb for ethernet devices... 1 Ethernet Device(s) found
- 13:45:21 [INFO] Host: printenv
- 13:45:22 [INFO] Target: 
printenv
_initramfs=-
arch=arm
args_mmc=run finduuid;setenv bootargs console=${console} ${optargs} root=PARTUUID=${uuid} rw rootfstype=${mmcrootfstype}
autoload=no
baudrate=115200
board=omap5_uevm
board_name=omap5_uevm
bootargs=console=ttyO2,115200n8 earlyprintk=serial,ttyO2,115200n8 rootwait 
bootcmd=
bootdelay=2
bootdir=/boot
bootenvfile=uEnv.txt
bootfile=zImage
bootm_size=0x10000000
bootpart=0:2
bootscript=echo Running bootscript from mmc${mmcdev} ...; source ${loadaddr}
console=ttyO2,115200n8
cpu=armv7
dfu_alt_info_emmc=rawemmc raw 0 3751936;boot part 1 1;rootfs part 1 2;MLO fat 1 1;MLO.raw raw 0x100 0x100;u-boot.img.raw raw 0x300 0x400;spl-os-args.raw raw 0x80 0x80;spl-os-image.raw raw 0x900 0x2000;spl-os-args fat 1 1;spl-os-image fat 1 1;u-boot.img fat 1 1;uEnv.txt fat 1 1
dfu_alt_info_mmc=boot part 0 1;rootfs part 0 2;MLO fat 0 1;MLO.raw raw 0x100 0x100;u-boot.img.raw raw 0x300 0x400;spl-os-args.raw raw 0x80 0x80;spl-os-image.raw raw 0x900 0x2000;spl-os-args fat 0 1;spl-os-image fat 0 1;u-boot.img fat 0 1;uEnv.txt fat 0 1
dfu_alt_info_ram=kernel ram 0x80200000 0x4000000;fdt ram 0x80f80000 0x80000;ramdisk ram 0x81000000 0x4000000
dfu_bufsiz=0x10000
dofastboot=0
envboot=mmc dev ${mmcdev}; if mmc rescan; then echo SD/MMC found on device ${mmcdev};if run loadbootscript; then run bootscript;else if run loadbootenv; then echo Loaded env from ${bootenvfile};run importbootenv;fi;if test -n $uenvcmd; then echo Running uenvcmd ...;run uenvcmd;fi;fi;fi;
ethact=sms0
fdt_addr_r=0x88000000
fdtaddr=0x88000000
fdtfile=undefined
findfdt=if test $board_name = omap5_uevm; then setenv fdtfile omap5-uevm.dtb; fi; if test $board_name = dra7xx; then setenv fdtfile dra7-evm.dtb; fi;if test $board_name = dra72x-revc; then setenv fdtfile dra72-evm-revc.dtb; fi;if test $board_name = dra72x; then setenv fdtfile dra72-evm.dtb; fi;if test $board_name = beagle_x15; then setenv fdtfile am57xx-beagle-x15.dtb; fi;if test $board_name = beagle_x15_revb1; then setenv fdtfile am57xx-beagle-x15-revb1.dtb; fi;if test $board_name = am57xx_evm; then setenv fdtfile am57xx-evm.dtb; fi;if test $board_name = am57xx_evm_reva3; then setenv fdtfile am57xx-evm-reva3.dtb; fi;if test $board_name = am572x_idk; then setenv fdtfile am572x-idk.dtb; fi;if test $board_name = am571x_idk; then setenv fdtfile am571x-idk.dtb; fi;if test $fdtfile = undefined; then echo WARNING: Could not determine device tree to use; fi; 
finduuid=part uuid mmc 0:2 uuid
importbootenv=echo Importing environment from mmc${mmcdev} ...; env import -t ${loadaddr} ${filesize}
kernel_addr_r=0x82000000
loadaddr=0x82000000
loadbootenv=fatload mmc ${mmcdev} ${loadaddr} ${bootenvfile}
loadbootscript=fatload mmc ${mmcdev} ${loadaddr} boot.scr
loadfdt=load mmc ${bootpart} ${fdtaddr} ${bootdir}/${fdtfile};
loadimage=load mmc ${bootpart} ${loadaddr} ${bootdir}/${bootfile}
mmcboot=mmc dev ${mmcdev}; if mmc rescan; then echo SD/MMC found on device ${mmcdev};if run loadimage; then run loadfdt; echo Booting from mmc${mmcdev} ...; run args_mmc; bootz ${loadaddr} - ${fdtaddr}; fi;fi;
mmcdev=0
mmcrootfstype=ext4 rootwait
netargs=setenv bootargs console=${console} ${optargs} root=/dev/nfs nfsroot=${serverip}:${rootpath},${nfsopts} rw ip=dhcp
netboot=echo Booting from network ...; setenv autoload no; dhcp; run netloadimage; run netloadfdt; run netargs; bootz ${loadaddr} - ${fdtaddr}
netloadfdt=tftp ${fdtaddr} ${fdtfile}
netloadimage=tftp ${loadaddr} ${bootfile}
nfsopts=nolock
partitions=uuid_disk=${uuid_gpt_disk};name=rootfs,start=2MiB,size=-,uuid=${uuid_gpt_rootfs}
pxefile_addr_r=0x80100000
ramdisk_addr_r=0x88080000
rdaddr=0x88080000
rootpath=/export/rootfs
scriptaddr=0x80000000
scsidevs=0
serverip=192.168.0.1
soc=omap5
static_ip=${ipaddr}:${serverip}:${gatewayip}:${netmask}:${hostname}::off
stderr=serial
stdin=serial
stdout=serial
usbethaddr=02:21:03:74:17:10
usbtty=cdc_acm
vendor=ti
ver=U-Boot 2016.09-rc2-00020-g46fe9eb (Aug 25 2016 - 09:03:55 -0400)
vram=16M
Environment size: 4058/131067 bytes
- 13:45:22 [INFO] Host: setenv bootargs ''${bootargs}' ip=:::::eth0:dhcp '
- 13:45:22 [INFO] Target: 
setenv bootargs ''${bootargs}' ip=:::::eth0:dhcp '
- 13:45:22 [INFO] Host: setenv serverip '192.168.0.1'
- 13:45:22 [INFO] Target: 
setenv serverip '192.168.0.1'
- 13:45:22 [INFO] Host: setenv autoload 'no'
- 13:45:22 [INFO] Target: 
setenv autoload 'no'
- 13:45:22 [INFO] Host: dhcp
- 13:45:25 [INFO] Target: 
dhcp
Waiting for Ethernet connection... done.
BOOTP broadcast 1
BOOTP broadcast 2
BOOTP broadcast 3
DHCP client bound to address 192.168.0.71 (1080 ms)
- 13:45:25 [INFO] Host: tftp ${loadaddr} 192.168.0.1:vatf_omap5-evm/40426fba218a489662ac54356c9e261a
- 13:45:29 [INFO] Target: 
tftp ${loadaddr} 192.168.0.1:vatf_omap5-evm/40426fba218a489662ac54356c9e261a
Waiting for Ethernet connection... done.
Using sms0 device
TFTP from server 192.168.0.1; our IP address is 192.168.0.71
Filename 'vatf_omap5-evm/40426fba218a489662ac54356c9e261a'.
Load address: 0x82000000
Loading: *#################################################################
	 #################################################################
	 #################################################################
	 #################################################################
	 #################################################################
	 #################################################################
	 #################################################################
	 ##################################
	 2.7 MiB/s
done
Bytes transferred = 7167928 (6d5fb8 hex)
CACHE: Misaligned operation at range [82000000, 826d5fb8]
- 13:45:29 [INFO] Host: tftp ${fdt_addr_r} 192.168.0.1:vatf_omap5-evm/630601ffb6a830f4e8873952820e71e3
- 13:45:31 [INFO] Target: 
tftp ${fdt_addr_r} 192.168.0.1:vatf_omap5-evm/630601ffb6a830f4e8873952820e71e3
Waiting for Ethernet connection... done.
Using sms0 device
TFTP from server 192.168.0.1; our IP address is 192.168.0.71
Filename 'vatf_omap5-evm/630601ffb6a830f4e8873952820e71e3'.
Load address: 0x88000000
Loading: *####
	 2.5 MiB/s
done
Bytes transferred = 56709 (dd85 hex)
CACHE: Misaligned operation at range [88000000, 8800dd85]
- 13:45:31 [INFO] Host: ls mmc 0:1
- 13:45:31 [INFO] Target: 
ls mmc 0:1
    65764   mlo 
   329576   u-boot.img 
        4   ws-calibrate.rules 
3 file(s), 0 dir(s)
- 13:45:31 [INFO] Host: ls mmc 0:2
- 13:45:31 [INFO] Target: 
ls mmc 0:2
<DIR>       4096 .
<DIR>       4096 ..
<DIR>      16384 lost+found
<DIR>       4096 home
<DIR>       4096 media
<DIR>       4096 var
<DIR>       4096 sys
<DIR>       4096 boot
<DIR>       4096 dev
<DIR>       4096 usr
<DIR>       4096 bin
<DIR>       4096 mnt
<DIR>       4096 etc
<DIR>       4096 sbin
<SYM>          8 tmp
<DIR>       4096 proc
<DIR>       4096 run
<DIR>       4096 lib
<DIR>       4096 test
- 13:45:31 [INFO] Host: part uuid mmc 0:2
- 13:45:32 [INFO] Target: 
part uuid mmc 0:2
00000000-02
- 13:45:32 [INFO] Host: printenv
- 13:45:32 [INFO] Target: 
printenv
_initramfs=-
arch=arm
args_mmc=run finduuid;setenv bootargs console=${console} ${optargs} root=PARTUUID=${uuid} rw rootfstype=${mmcrootfstype}
autoload=no
baudrate=115200
board=omap5_uevm
board_name=omap5_uevm
bootargs=console=ttyO2,115200n8 earlyprintk=serial,ttyO2,115200n8 rootwait  ip=:::::eth0:dhcp 
bootcmd=
bootdelay=2
bootdir=/boot
bootenvfile=uEnv.txt
bootfile=zImage
bootm_size=0x10000000
bootpart=0:2
bootscript=echo Running bootscript from mmc${mmcdev} ...; source ${loadaddr}
console=ttyO2,115200n8
cpu=armv7
dfu_alt_info_emmc=rawemmc raw 0 3751936;boot part 1 1;rootfs part 1 2;MLO fat 1 1;MLO.raw raw 0x100 0x100;u-boot.img.raw raw 0x300 0x400;spl-os-args.raw raw 0x80 0x80;spl-os-image.raw raw 0x900 0x2000;spl-os-args fat 1 1;spl-os-image fat 1 1;u-boot.img fat 1 1;uEnv.txt fat 1 1
dfu_alt_info_mmc=boot part 0 1;rootfs part 0 2;MLO fat 0 1;MLO.raw raw 0x100 0x100;u-boot.img.raw raw 0x300 0x400;spl-os-args.raw raw 0x80 0x80;spl-os-image.raw raw 0x900 0x2000;spl-os-args fat 0 1;spl-os-image fat 0 1;u-boot.img fat 0 1;uEnv.txt fat 0 1
dfu_alt_info_ram=kernel ram 0x80200000 0x4000000;fdt ram 0x80f80000 0x80000;ramdisk ram 0x81000000 0x4000000
dfu_bufsiz=0x10000
dnsip=192.0.2.2
dofastboot=0
envboot=mmc dev ${mmcdev}; if mmc rescan; then echo SD/MMC found on device ${mmcdev};if run loadbootscript; then run bootscript;else if run loadbootenv; then echo Loaded env from ${bootenvfile};run importbootenv;fi;if test -n $uenvcmd; then echo Running uenvcmd ...;run uenvcmd;fi;fi;fi;
ethact=sms0
fdt_addr_r=0x88000000
fdtaddr=0x88000000
fdtfile=undefined
fileaddr=88000000
filesize=dd85
findfdt=if test $board_name = omap5_uevm; then setenv fdtfile omap5-uevm.dtb; fi; if test $board_name = dra7xx; then setenv fdtfile dra7-evm.dtb; fi;if test $board_name = dra72x-revc; then setenv fdtfile dra72-evm-revc.dtb; fi;if test $board_name = dra72x; then setenv fdtfile dra72-evm.dtb; fi;if test $board_name = beagle_x15; then setenv fdtfile am57xx-beagle-x15.dtb; fi;if test $board_name = beagle_x15_revb1; then setenv fdtfile am57xx-beagle-x15-revb1.dtb; fi;if test $board_name = am57xx_evm; then setenv fdtfile am57xx-evm.dtb; fi;if test $board_name = am57xx_evm_reva3; then setenv fdtfile am57xx-evm-reva3.dtb; fi;if test $board_name = am572x_idk; then setenv fdtfile am572x-idk.dtb; fi;if test $board_name = am571x_idk; then setenv fdtfile am571x-idk.dtb; fi;if test $fdtfile = undefined; then echo WARNING: Could not determine device tree to use; fi; 
finduuid=part uuid mmc 0:2 uuid
gatewayip=192.168.0.1
importbootenv=echo Importing environment from mmc${mmcdev} ...; env import -t ${loadaddr} ${filesize}
ipaddr=192.168.0.71
kernel_addr_r=0x82000000
loadaddr=0x82000000
loadbootenv=fatload mmc ${mmcdev} ${loadaddr} ${bootenvfile}
loadbootscript=fatload mmc ${mmcdev} ${loadaddr} boot.scr
loadfdt=load mmc ${bootpart} ${fdtaddr} ${bootdir}/${fdtfile};
loadimage=load mmc ${bootpart} ${loadaddr} ${bootdir}/${bootfile}
mmcboot=mmc dev ${mmcdev}; if mmc rescan; then echo SD/MMC found on device ${mmcdev};if run loadimage; then run loadfdt; echo Booting from mmc${mmcdev} ...; run args_mmc; bootz ${loadaddr} - ${fdtaddr}; fi;fi;
mmcdev=0
mmcrootfstype=ext4 rootwait
netargs=setenv bootargs console=${console} ${optargs} root=/dev/nfs nfsroot=${serverip}:${rootpath},${nfsopts} rw ip=dhcp
netboot=echo Booting from network ...; setenv autoload no; dhcp; run netloadimage; run netloadfdt; run netargs; bootz ${loadaddr} - ${fdtaddr}
netloadfdt=tftp ${fdtaddr} ${fdtfile}
netloadimage=tftp ${loadaddr} ${bootfile}
netmask=255.255.255.0
nfsopts=nolock
partitions=uuid_disk=${uuid_gpt_disk};name=rootfs,start=2MiB,size=-,uuid=${uuid_gpt_rootfs}
pxefile_addr_r=0x80100000
ramdisk_addr_r=0x88080000
rdaddr=0x88080000
rootpath=/export/rootfs
scriptaddr=0x80000000
scsidevs=0
serverip=192.168.0.1
soc=omap5
static_ip=${ipaddr}:${serverip}:${gatewayip}:${netmask}:${hostname}::off
stderr=serial
stdin=serial
stdout=serial
usbethaddr=02:21:03:74:17:10
usbtty=cdc_acm
vendor=ti
ver=U-Boot 2016.09-rc2-00020-g46fe9eb (Aug 25 2016 - 09:03:55 -0400)
vram=16M
Environment size: 4201/131067 bytes
- 13:45:32 [INFO] Host: setenv bootargs ''${bootargs}' root=PARTUUID=00000000-02 rw rootfstype=ext4 rootwait '
- 13:45:32 [INFO] Target: 
setenv bootargs ''${bootargs}' root=PARTUUID=00000000-02 rw rootfstype=ext4 rootwait '
- 13:45:32 [INFO] Host: printenv
- 13:45:32 [INFO] Target: 
printenv
_initramfs=-
arch=arm
args_mmc=run finduuid;setenv bootargs console=${console} ${optargs} root=PARTUUID=${uuid} rw rootfstype=${mmcrootfstype}
autoload=no
baudrate=115200
board=omap5_uevm
board_name=omap5_uevm
bootargs=console=ttyO2,115200n8 earlyprintk=serial,ttyO2,115200n8 rootwait  ip=:::::eth0:dhcp  root=PARTUUID=00000000-02 rw rootfstype=ext4 rootwait 
bootcmd=
bootdelay=2
bootdir=/boot
bootenvfile=uEnv.txt
bootfile=zImage
bootm_size=0x10000000
bootpart=0:2
bootscript=echo Running bootscript from mmc${mmcdev} ...; source ${loadaddr}
console=ttyO2,115200n8
cpu=armv7
dfu_alt_info_emmc=rawemmc raw 0 3751936;boot part 1 1;rootfs part 1 2;MLO fat 1 1;MLO.raw raw 0x100 0x100;u-boot.img.raw raw 0x300 0x400;spl-os-args.raw raw 0x80 0x80;spl-os-image.raw raw 0x900 0x2000;spl-os-args fat 1 1;spl-os-image fat 1 1;u-boot.img fat 1 1;uEnv.txt fat 1 1
dfu_alt_info_mmc=boot part 0 1;rootfs part 0 2;MLO fat 0 1;MLO.raw raw 0x100 0x100;u-boot.img.raw raw 0x300 0x400;spl-os-args.raw raw 0x80 0x80;spl-os-image.raw raw 0x900 0x2000;spl-os-args fat 0 1;spl-os-image fat 0 1;u-boot.img fat 0 1;uEnv.txt fat 0 1
dfu_alt_info_ram=kernel ram 0x80200000 0x4000000;fdt ram 0x80f80000 0x80000;ramdisk ram 0x81000000 0x4000000
dfu_bufsiz=0x10000
dnsip=192.0.2.2
dofastboot=0
envboot=mmc dev ${mmcdev}; if mmc rescan; then echo SD/MMC found on device ${mmcdev};if run loadbootscript; then run bootscript;else if run loadbootenv; then echo Loaded env from ${bootenvfile};run importbootenv;fi;if test -n $uenvcmd; then echo Running uenvcmd ...;run uenvcmd;fi;fi;fi;
ethact=sms0
fdt_addr_r=0x88000000
fdtaddr=0x88000000
fdtfile=undefined
fileaddr=88000000
filesize=dd85
findfdt=if test $board_name = omap5_uevm; then setenv fdtfile omap5-uevm.dtb; fi; if test $board_name = dra7xx; then setenv fdtfile dra7-evm.dtb; fi;if test $board_name = dra72x-revc; then setenv fdtfile dra72-evm-revc.dtb; fi;if test $board_name = dra72x; then setenv fdtfile dra72-evm.dtb; fi;if test $board_name = beagle_x15; then setenv fdtfile am57xx-beagle-x15.dtb; fi;if test $board_name = beagle_x15_revb1; then setenv fdtfile am57xx-beagle-x15-revb1.dtb; fi;if test $board_name = am57xx_evm; then setenv fdtfile am57xx-evm.dtb; fi;if test $board_name = am57xx_evm_reva3; then setenv fdtfile am57xx-evm-reva3.dtb; fi;if test $board_name = am572x_idk; then setenv fdtfile am572x-idk.dtb; fi;if test $board_name = am571x_idk; then setenv fdtfile am571x-idk.dtb; fi;if test $fdtfile = undefined; then echo WARNING: Could not determine device tree to use; fi; 
finduuid=part uuid mmc 0:2 uuid
gatewayip=192.168.0.1
importbootenv=echo Importing environment from mmc${mmcdev} ...; env import -t ${loadaddr} ${filesize}
ipaddr=192.168.0.71
kernel_addr_r=0x82000000
loadaddr=0x82000000
loadbootenv=fatload mmc ${mmcdev} ${loadaddr} ${bootenvfile}
loadbootscript=fatload mmc ${mmcdev} ${loadaddr} boot.scr
loadfdt=load mmc ${bootpart} ${fdtaddr} ${bootdir}/${fdtfile};
loadimage=load mmc ${bootpart} ${loadaddr} ${bootdir}/${bootfile}
mmcboot=mmc dev ${mmcdev}; if mmc rescan; then echo SD/MMC found on device ${mmcdev};if run loadimage; then run loadfdt; echo Booting from mmc${mmcdev} ...; run args_mmc; bootz ${loadaddr} - ${fdtaddr}; fi;fi;
mmcdev=0
mmcrootfstype=ext4 rootwait
netargs=setenv bootargs console=${console} ${optargs} root=/dev/nfs nfsroot=${serverip}:${rootpath},${nfsopts} rw ip=dhcp
netboot=echo Booting from network ...; setenv autoload no; dhcp; run netloadimage; run netloadfdt; run netargs; bootz ${loadaddr} - ${fdtaddr}
netloadfdt=tftp ${fdtaddr} ${fdtfile}
netloadimage=tftp ${loadaddr} ${bootfile}
netmask=255.255.255.0
nfsopts=nolock
partitions=uuid_disk=${uuid_gpt_disk};name=rootfs,start=2MiB,size=-,uuid=${uuid_gpt_rootfs}
pxefile_addr_r=0x80100000
ramdisk_addr_r=0x88080000
rdaddr=0x88080000
rootpath=/export/rootfs
scriptaddr=0x80000000
scsidevs=0
serverip=192.168.0.1
soc=omap5
static_ip=${ipaddr}:${serverip}:${gatewayip}:${netmask}:${hostname}::off
stderr=serial
stdin=serial
stdout=serial
usbethaddr=02:21:03:74:17:10
usbtty=cdc_acm
vendor=ti
ver=U-Boot 2016.09-rc2-00020-g46fe9eb (Aug 25 2016 - 09:03:55 -0400)
vram=16M
Environment size: 4256/131067 bytes
- 13:45:32 [INFO] Host: setenv bootcmd ''${bootcmd}' if iminfo ${loadaddr}; then bootm ${loadaddr} ${_initramfs} ${fdt_addr_r}; else bootz ${loadaddr} ${_initramfs} ${fdt_addr_r}; bootm ${loadaddr} ${_initramfs} ${fdt_addr_r}; fi'
- 13:45:33 [INFO] Target: 
setenv bootcmd ''${bootcmd}' if iminfo ${loadaddr}; then bootm ${loadaddr} ${_initramfs} ${fdt_addr_r}; else bootz ${loadaddr} ${_initramfs} ${fdt_addr_r}; bootm ${loadaddr} ${_initramfs} ${fdt_addr_r}; fi'
- 13:45:33 [INFO] Host: version
- 13:45:33 [INFO] Target: 
version
U-Boot 2016.09-rc2-00020-g46fe9eb (Aug 25 2016 - 09:03:55 -0400)
arm-linux-gnueabihf-gcc (Linaro GCC 5.3-2016.02) 5.3.1 20160113
GNU ld (GNU Binutils) 2.25.0 Linaro 2015_10
- 13:45:33 [INFO] Host: bdinfo
- 13:45:33 [INFO] Target: 
bdinfo
arch_number = 0x00000EC1
boot_params = 0x80000100
DRAM bank   = 0x00000000
-> start    = 0x80000000
-> size     = 0x7F000000
eth0name    = sms0
ethaddr     = (not set)
current eth = sms0
ip_addr     = 192.168.0.71
baudrate    = 115200 bps
TLB addr    = 0xFEFF0000
relocaddr   = 0xFEF5C000
reloc off   = 0x7E75C000
irq_sp      = 0xFDF3BEE0
sp start    = 0xFDF3BED0
- 13:45:33 [INFO] Host: mmc rescan; echo $?
- 13:45:33 [INFO] Target: 
mmc rescan; echo $?
- 13:45:33 [INFO] Host: fatwrite mmc ${mmcdev}:1 ${loadaddr} ws-calibrate.rules 4
- 13:45:33 [INFO] Target: 
fatwrite mmc ${mmcdev}:1 ${loadaddr} ws-calibrate.rules 4
writing ws-calibrate.rules
4 bytes written
- 13:45:33 [INFO] Host: boot
- 13:45:51 [INFO] Target: 
boot
## Checking Image at 82000000 ...
Unknown image format!
## Flattened Device Tree blob at 88000000
   Booting using the fdt blob at 0x88000000
   Loading Device Tree to 8ffef000, end 8ffffd84 ... OK
Starting kernel ...
[    0.000000] Booting Linux on physical CPU 0x0
[    0.000000] Linux version 4.9.0-next-20161216-00002-g533c83143525 (nmenon@horus) (gcc version 4.9.3 20150413 (prerelease) (Linaro GCC 4.9-2015.05) ) #3 SMP Fri Dec 16 12:37:53 CST 2016
[    0.000000] CPU: ARMv7 Processor [412fc0f2] revision 2 (ARMv7), cr=10c5387d
[    0.000000] CPU: div instructions available: patching division code
[    0.000000] CPU: PIPT / VIPT nonaliasing data cache, PIPT instruction cache
[    0.000000] OF: fdt:Machine model: TI OMAP5 uEVM board
[    0.000000] efi: Getting EFI parameters from FDT:
[    0.000000] efi: UEFI not found.
[    0.000000] cma: Reserved 64 MiB at 0xfa800000
[    0.000000] Memory policy: Data cache writealloc
[    0.000000] OMAP4: Map 0xfee00000 to fe600000 for dram barrier
[    0.000000] OMAP5432 ES2.0
[    0.000000] percpu: Embedded 14 pages/cpu @eefcb000 s26048 r8192 d23104 u57344
[    0.000000] Built 1 zonelists in Zone order, mobility grouping on.  Total pages: 518144
[    0.000000] Kernel command line: console=ttyO2,115200n8 earlyprintk=serial,ttyO2,115200n8 rootwait  ip=:::::eth0:dhcp  root=PARTUUID=00000000-02 rw rootfstype=ext4 rootwait 
[    0.000000] PID hash table entries: 4096 (order: 2, 16384 bytes)
[    0.000000] Dentry cache hash table entries: 131072 (order: 7, 524288 bytes)
[    0.000000] Inode-cache hash table entries: 65536 (order: 6, 262144 bytes)
[    0.000000] Memory: 1976688K/2078720K available (10240K kernel code, 1135K rwdata, 3944K rodata, 2048K init, 503K bss, 36496K reserved, 65536K cma-reserved, 1226752K highmem)
[    0.000000] Virtual kernel memory layout:
[    0.000000]     vector  : 0xffff0000 - 0xffff1000   (   4 kB)
[    0.000000]     fixmap  : 0xffc00000 - 0xfff00000   (3072 kB)
[    0.000000]     vmalloc : 0xf0800000 - 0xff800000   ( 240 MB)
[    0.000000]     lowmem  : 0xc0000000 - 0xf0000000   ( 768 MB)
[    0.000000]     pkmap   : 0xbfe00000 - 0xc0000000   (   2 MB)
[    0.000000]     modules : 0xbf000000 - 0xbfe00000   (  14 MB)
[    0.000000]       .text : 0xc0208000 - 0xc0d00000   (11232 kB)
[    0.000000]       .init : 0xc1200000 - 0xc1400000   (2048 kB)
[    0.000000]       .data : 0xc1400000 - 0xc151be00   (1136 kB)
[    0.000000]        .bss : 0xc151d000 - 0xc159ac10   ( 504 kB)
[    0.000000] SLUB: HWalign=64, Order=0-3, MinObjects=0, CPUs=2, Nodes=1
[    0.000000] Hierarchical RCU implementation.
[    0.000000] 	Build-time adjustment of leaf fanout to 32.
[    0.000000] 	RCU restricting CPUs from NR_CPUS=16 to nr_cpu_ids=2.
[    0.000000] RCU: Adjusting geometry for rcu_fanout_leaf=32, nr_cpu_ids=2
[    0.000000] NR_IRQS:16 nr_irqs:16 16
[    0.000000] OMAP clockevent source: timer1 at 32768 Hz
[    0.000000] arm_arch_timer: Architected cp15 timer(s) running at 6.14MHz (virt).
[    0.000000] clocksource: arch_sys_counter: mask: 0xffffffffffffff max_cycles: 0x16ac02862, max_idle_ns: 440795202218 ns
[    0.000004] sched_clock: 56 bits at 6MHz, resolution 162ns, wraps every 4398046511085ns
[    0.000014] Switching to timer-based delay loop, resolution 162ns
[    0.002130] clocksource: 32k_counter: mask: 0xffffffff max_cycles: 0xffffffff, max_idle_ns: 58327039986419 ns
[    0.002137] OMAP clocksource: 32k_counter at 32768 Hz
[    0.004157] Console: colour dummy device 80x30
[    0.004176] Calibrating delay loop (skipped), value calculated using timer frequency.. 12.28 BogoMIPS (lpj=61440)
[    0.004188] pid_max: default: 32768 minimum: 301
[    0.004265] Mount-cache hash table entries: 2048 (order: 1, 8192 bytes)
[    0.004274] Mountpoint-cache hash table entries: 2048 (order: 1, 8192 bytes)
[    0.004654] CPU: Testing write buffer coherency: ok
[    0.004804] /cpus/cpu@0 missing clock-frequency property
[    0.004816] /cpus/cpu@1 missing clock-frequency property
[    0.004825] CPU0: thread -1, cpu 0, socket 0, mpidr 80000000
[    0.004971] Setting up static identity map for 0x80300000 - 0x80300098
[    0.008280] EFI services will not be available.
[    0.008438] smp: Bringing up secondary CPUs ...
[    0.008849] CPU1: thread -1, cpu 1, socket 0, mpidr 80000001
[    0.008908] smp: Brought up 1 node, 2 CPUs
[    0.008918] SMP: Total of 2 processors activated (24.57 BogoMIPS).
[    0.008924] CPU: All CPU(s) started in SVC mode.
[    0.009934] devtmpfs: initialized
[    0.020592] VFP support v0.3: implementor 41 architecture 4 part 30 variant f rev 0
[    0.020877] clocksource: jiffies: mask: 0xffffffff max_cycles: 0xffffffff, max_idle_ns: 19112604462750000 ns
[    0.021673] pinctrl core: initialized pinctrl subsystem
[    0.022852] NET: Registered protocol family 16
[    0.024303] DMA: preallocated 256 KiB pool for atomic coherent allocations
[    0.025149] omap_hwmod: l3_main_3 using broken dt data from ocp
[    0.025673] omap_hwmod: l3_main_2 using broken dt data from ocp
[    0.119979] cpuidle: using governor menu
[    0.125930] OMAP GPIO hardware version 0.1
[    0.133939] GPIO line 234 (gpio8_234/msecure) hogged as output/high
[    0.135094] platform 50000000.gpmc: Cannot lookup hwmod 'gpmc'
[    0.135245] omap-gpmc 50000000.gpmc: _od_fail_runtime_resume: FIXME: missing hwmod/omap_dev info
[    0.135256] omap-gpmc 50000000.gpmc: GPMC revision 6.0
[    0.138116] irq: no irq domain found for /ocp/l4@4a000000/scm@2800/pinmux@40 !
[    0.139507] irq: no irq domain found for /ocp/l4@4a000000/scm@2800/pinmux@40 !
[    0.149793] No ATAGs?
[    0.149846] hw-breakpoint: found 5 (+1 reserved) breakpoint and 4 watchpoint registers.
[    0.149856] hw-breakpoint: maximum watchpoint size is 8 bytes.
[    0.150651] OMAP DMA hardware revision 0.0
[    0.155199] Serial: AMBA PL011 UART driver
[    0.198157] omap-dma-engine 4a056000.dma-controller: OMAP DMA engine driver (LinkedList1/2/3 supported)
[    0.200013] vsys_cobra: supplied by vmain
[    0.200463] reg-fixed-voltage fixedregulator-mmcsdio: could not find pctldev for node /ocp/l4@4a000000/scm@2800/pinmux@40/pinmux_wlan_pins, deferring probe
[    0.203383] vgaarb: loaded
[    0.203988] SCSI subsystem initialized
[    0.204246] usbcore: registered new interface driver usbfs
[    0.204287] usbcore: registered new interface driver hub
[    0.204327] usbcore: registered new device driver usb
[    0.204827] omap_i2c 48070000.i2c: could not find pctldev for node /ocp/l4@4a000000/scm@2800/pinmux@40/pinmux_i2c1_pins, deferring probe
[    0.205106] omap_i2c 48072000.i2c: bus 1 rev0.12 at 100 kHz
[    0.205342] omap_i2c 48060000.i2c: bus 2 rev0.12 at 100 kHz
[    0.205575] omap_i2c 4807a000.i2c: bus 3 rev0.12 at 100 kHz
[    0.205607] omap_i2c 4807c000.i2c: could not find pctldev for node /ocp/l4@4a000000/scm@2800/pinmux@40/pinmux_i2c5_pins, deferring probe
[    0.206496] pps_core: LinuxPPS API ver. 1 registered
[    0.206502] pps_core: Software ver. 5.3.6 - Copyright 2005-2007 Rodolfo Giometti <giometti@linux.it>
[    0.206520] PTP clock support registered
[    0.206689] EDAC MC: Ver: 3.0.0
[    0.208450] clocksource: Switched to clocksource arch_sys_counter
[    0.214719] ------------[ cut here ]------------
[    0.214735] WARNING: CPU: 1 PID: 1 at fs/sysfs/dir.c:31 sysfs_warn_dup+0x64/0x74
[    0.214741] sysfs: cannot create duplicate filename '/devices/virtual/thermal/thermal_zone1'
[    0.214745] Modules linked in:
[    0.214757] CPU: 1 PID: 1 Comm: swapper/0 Not tainted 4.9.0-next-20161216-00002-g533c83143525 #3
[    0.214763] Hardware name: Generic OMAP5 (Flattened Device Tree)
[    0.214783] [<c03105c0>] (unwind_backtrace) from [<c030bc0c>] (show_stack+0x10/0x14)
[    0.214797] [<c030bc0c>] (show_stack) from [<c05a029c>] (dump_stack+0x98/0xac)
[    0.214811] [<c05a029c>] (dump_stack) from [<c0341c58>] (__warn+0xe8/0x100)
[    0.214823] [<c0341c58>] (__warn) from [<c0341ca8>] (warn_slowpath_fmt+0x38/0x48)
[    0.214833] [<c0341ca8>] (warn_slowpath_fmt) from [<c047e2c0>] (sysfs_warn_dup+0x64/0x74)
[    0.214843] [<c047e2c0>] (sysfs_warn_dup) from [<c047e3a0>] (sysfs_create_dir_ns+0x88/0x98)
[    0.214854] [<c047e3a0>] (sysfs_create_dir_ns) from [<c05a1d78>] (kobject_add_internal+0xb0/0x308)
[    0.214862] [<c05a1d78>] (kobject_add_internal) from [<c05a2198>] (kobject_add+0x4c/0x98)
[    0.214875] [<c05a2198>] (kobject_add) from [<c07eb300>] (device_add+0xd8/0x5a4)
[    0.214890] [<c07eb300>] (device_add) from [<c0a3efa4>] (thermal_zone_device_register+0x178/0x57c)
[    0.214904] [<c0a3efa4>] (thermal_zone_device_register) from [<c127f9f8>] (of_parse_thermal_zones+0x220/0x81c)
[    0.214914] [<c127f9f8>] (of_parse_thermal_zones) from [<c127f780>] (thermal_init+0x60/0xb8)
[    0.214924] [<c127f780>] (thermal_init) from [<c0301e90>] (do_one_initcall+0x40/0x174)
[    0.214936] [<c0301e90>] (do_one_initcall) from [<c1200dd0>] (kernel_init_freeable+0x160/0x200)
[    0.214948] [<c1200dd0>] (kernel_init_freeable) from [<c0c05ae0>] (kernel_init+0x8/0x114)
[    0.214960] [<c0c05ae0>] (kernel_init) from [<c0307eb8>] (ret_from_fork+0x14/0x3c)
[    0.214969] ---[ end trace 0562309659f5f773 ]---
[    0.214975] ------------[ cut here ]------------
[    0.214984] WARNING: CPU: 1 PID: 1 at lib/kobject.c:240 kobject_add_internal+0x290/0x308
[    0.214989] kobject_add_internal failed for thermal_zone1 with -EEXIST, don't try to register things with the same name in the same directory.
[    0.214993] Modules linked in:
[    0.215003] CPU: 1 PID: 1 Comm: swapper/0 Tainted: G        W       4.9.0-next-20161216-00002-g533c83143525 #3
[    0.215008] Hardware name: Generic OMAP5 (Flattened Device Tree)
[    0.215019] [<c03105c0>] (unwind_backtrace) from [<c030bc0c>] (show_stack+0x10/0x14)
[    0.215029] [<c030bc0c>] (show_stack) from [<c05a029c>] (dump_stack+0x98/0xac)
[    0.215040] [<c05a029c>] (dump_stack) from [<c0341c58>] (__warn+0xe8/0x100)
[    0.215050] [<c0341c58>] (__warn) from [<c0341ca8>] (warn_slowpath_fmt+0x38/0x48)
[    0.215059] [<c0341ca8>] (warn_slowpath_fmt) from [<c05a1f58>] (kobject_add_internal+0x290/0x308)
[    0.215068] [<c05a1f58>] (kobject_add_internal) from [<c05a2198>] (kobject_add+0x4c/0x98)
[    0.215078] [<c05a2198>] (kobject_add) from [<c07eb300>] (device_add+0xd8/0x5a4)
[    0.215090] [<c07eb300>] (device_add) from [<c0a3efa4>] (thermal_zone_device_register+0x178/0x57c)
[    0.215101] [<c0a3efa4>] (thermal_zone_device_register) from [<c127f9f8>] (of_parse_thermal_zones+0x220/0x81c)
[    0.215110] [<c127f9f8>] (of_parse_thermal_zones) from [<c127f780>] (thermal_init+0x60/0xb8)
[    0.215119] [<c127f780>] (thermal_init) from [<c0301e90>] (do_one_initcall+0x40/0x174)
[    0.215129] [<c0301e90>] (do_one_initcall) from [<c1200dd0>] (kernel_init_freeable+0x160/0x200)
[    0.215140] [<c1200dd0>] (kernel_init_freeable) from [<c0c05ae0>] (kernel_init+0x8/0x114)
[    0.215151] [<c0c05ae0>] (kernel_init) from [<c0307eb8>] (ret_from_fork+0x14/0x3c)
[    0.215156] ---[ end trace 0562309659f5f774 ]---
[    0.215163] Failed to build core_thermal zone -17
[    0.215260] NET: Registered protocol family 2
[    0.215612] TCP established hash table entries: 8192 (order: 3, 32768 bytes)
[    0.215672] TCP bind hash table entries: 8192 (order: 4, 65536 bytes)
[    0.215795] TCP: Hash tables configured (established 8192 bind 8192)
[    0.215838] UDP hash table entries: 512 (order: 2, 16384 bytes)
[    0.215866] UDP-Lite hash table entries: 512 (order: 2, 16384 bytes)
[    0.215961] NET: Registered protocol family 1
[    0.216166] RPC: Registered named UNIX socket transport module.
[    0.216172] RPC: Registered udp transport module.
[    0.216177] RPC: Registered tcp transport module.
[    0.216182] RPC: Registered tcp NFSv4.1 backchannel transport module.
[    0.253685] hw perfevents: enabled with armv7_cortex_a15 PMU driver, 7 counters available
[    0.255233] futex hash table entries: 512 (order: 3, 32768 bytes)
[    0.255712] workingset: timestamp_bits=30 max_order=19 bucket_order=0
[    0.261447] squashfs: version 4.0 (2009/01/31) Phillip Lougher
[    0.261902] NFS: Registering the id_resolver key type
[    0.261920] Key type id_resolver registered
[    0.261926] Key type id_legacy registered
[    0.261955] ntfs: driver 2.1.32 [Flags: R/O].
[    0.262937] bounce: pool size: 64 pages
[    0.263055] Block layer SCSI generic (bsg) driver version 0.4 loaded (major 248)
[    0.263062] io scheduler noop registered
[    0.263068] io scheduler deadline registered
[    0.263172] io scheduler cfq registered (default)
[    0.267184] ti-pipe3 4a096000.phy: can't get syscon-pllreset, sata dpll won't idle
[    0.270288] pinctrl-single 4a002840.pinmux: 219 pins at pa fc002840 size 438
[    0.270490] pinctrl-single 4ae0c840.pinmux: 30 pins at pa fce0c840 size 60
[    0.325422] Serial: 8250/16550 driver, 4 ports, IRQ sharing disabled
[    0.327680] SuperH (H)SCI(F) driver initialized
[    0.328699] msm_serial: driver initialized
[    0.328904] omap_uart 4806a000.serial: no wakeirq for uart0
[    0.328973] 4806a000.serial: ttyO0 at MMIO 0x4806a000 (irq = 304, base_baud = 3000000) is a OMAP UART0
[    0.329186] omap_uart 4806c000.serial: no wakeirq for uart1
[    0.329239] 4806c000.serial: ttyO1 at MMIO 0x4806c000 (irq = 305, base_baud = 3000000) is a OMAP UART1
[    0.329535] 48020000.serial: ttyO2 at MMIO 0x48020000 (irq = 306, base_baud = 3000000) is a OMAP UART2
[    1.543992] console [ttyO2] enabled
[    1.547833] omap_uart 4806e000.serial: no wakeirq for uart3
[    1.553724] 4806e000.serial: ttyO3 at MMIO 0x4806e000 (irq = 307, base_baud = 3000000) is a OMAP UART3
[    1.563689] omap_uart 48066000.serial: no wakeirq for uart4
[    1.569577] 48066000.serial: ttyO4 at MMIO 0x48066000 (irq = 308, base_baud = 3000000) is a OMAP UART4
[    1.579511] omap_uart 48068000.serial: no wakeirq for uart5
[    1.585387] 48068000.serial: ttyO5 at MMIO 0x48068000 (irq = 309, base_baud = 3000000) is a OMAP UART5
[    1.595390] STMicroelectronics ASC driver initialized
[    1.603806] [drm] Initialized
[    1.618299] brd: module loaded
[    1.624929] loop: module loaded
[    1.629813] ahci 4a140000.sata: SSS flag set, parallel bus scan disabled
[    1.636838] ahci 4a140000.sata: AHCI 0001.0300 32 slots 1 ports 3 Gbps 0x1 impl platform mode
[    1.645773] ahci 4a140000.sata: flags: 64bit ncq sntf stag pm led clo only pmp pio slum part ccc apst 
[    1.656187] scsi host0: ahci
[    1.659403] ata1: SATA max UDMA/133 mmio [mem 0x4a140000-0x4a1410ff] port 0x100 irq 336
[    1.675274] libphy: Fixed MDIO Bus: probed
[    1.680225] CAN device driver interface
[    1.685077] bgmac_bcma: Broadcom 47xx GBit MAC driver loaded
[    1.692299] e1000e: Intel(R) PRO/1000 Network Driver - 3.2.6-k
[    1.698395] e1000e: Copyright(c) 1999 - 2015 Intel Corporation.
[    1.704631] igb: Intel(R) Gigabit Ethernet Network Driver - version 5.4.0-k
[    1.711921] igb: Copyright (c) 2007-2014 Intel Corporation.
[    1.721177] pegasus: v0.9.3 (2013/04/25), Pegasus/Pegasus II USB Ethernet driver
[    1.728955] usbcore: registered new interface driver pegasus
[    1.734900] usbcore: registered new interface driver asix
[    1.740578] usbcore: registered new interface driver ax88179_178a
[    1.746965] usbcore: registered new interface driver cdc_ether
[    1.753104] usbcore: registered new interface driver smsc75xx
[    1.759151] usbcore: registered new interface driver smsc95xx
[    1.765174] usbcore: registered new interface driver net1080
[    1.771123] usbcore: registered new interface driver cdc_subset
[    1.777329] usbcore: registered new interface driver zaurus
[    1.783204] usbcore: registered new interface driver cdc_ncm
[    1.789764] omap-dwc3 4a020000.omap_dwc3: vbus init failed
[    1.796719] ehci_hcd: USB 2.0 'Enhanced' Host Controller (EHCI) Driver
[    1.803559] ehci-pci: EHCI PCI platform driver
[    1.808233] ehci-platform: EHCI generic platform driver
[    1.813900] ehci-orion: EHCI orion driver
[    1.818224] SPEAr-ehci: EHCI SPEAr driver
[    1.822560] ehci-st: EHCI STMicroelectronics driver
[    1.827791] ehci-exynos: EHCI EXYNOS driver
[    1.832329] ehci-atmel: EHCI Atmel driver
[    1.836648] tegra-ehci: Tegra EHCI driver
[    1.841006] ohci_hcd: USB 1.1 'Open' Host Controller (OHCI) Driver
[    1.847468] ohci-pci: OHCI PCI platform driver
[    1.852153] ohci-platform: OHCI generic platform driver
[    1.857775] ohci-omap3: OHCI OMAP3 driver
[    1.874065] ohci-omap3 4a064800.ohci: OHCI Host Controller
[    1.879830] ohci-omap3 4a064800.ohci: new USB bus registered, assigned bus number 1
[    1.887947] ohci-omap3 4a064800.ohci: irq 403, io mem 0x4a064800
[    1.979042] hub 1-0:1.0: USB hub found
[    1.982983] hub 1-0:1.0: 3 ports detected
[    1.987547] SPEAr-ohci: OHCI SPEAr driver
[    1.991910] ohci-st: OHCI STMicroelectronics driver
[    1.997156] ohci-atmel: OHCI Atmel driver
[    2.002073] usbcore: registered new interface driver usb-storage
[    2.009663] ata1: SATA link down (SStatus 0 SControl 300)
[    2.015438] mousedev: PS/2 mouse device common for all mice
[    2.024124] i2c /dev entries driver
[    2.039861] sdhci: Secure Digital Host Controller Interface driver
[    2.046328] sdhci: Copyright(c) Pierre Ossman
[    2.149434] Synopsys Designware Multimedia Card Interface Driver
[    2.156794] sdhci-pltfm: SDHCI platform and OF driver helper
[    2.165288] ledtrig-cpu: registered to indicate activity on CPUs
[    2.171874] usbcore: registered new interface driver usbhid
[    2.177690] usbhid: USB HID core driver
[    2.184992] NET: Registered protocol family 10
[    2.190201] Segment Routing with IPv6
[    2.194095] sit: IPv6, IPv4 and MPLS over IPv4 tunneling driver
[    2.200719] NET: Registered protocol family 17
[    2.205359] can: controller area network core (rev 20120528 abi 9)
[    2.211867] NET: Registered protocol family 29
[    2.216511] can: raw protocol (rev 20120528)
[    2.220979] can: broadcast manager protocol (rev 20161123 t)
[    2.226890] can: netlink gateway (rev 20130117) max_hops=1
[    2.232894] Key type dns_resolver registered
[    2.237494] omap_vc_init_channel: No PMIC info for vdd_core
[    2.243337] omap_vp_init: No PMIC info for vdd_core
[    2.248450] omap_vc_init_channel: No PMIC info for vdd_mm
[    2.254088] omap_vp_init: No PMIC info for vdd_mm
[    2.259018] omap_vc_init_channel: No PMIC info for vdd_mpu
[    2.264743] omap_vp_init: No PMIC info for vdd_mpu
[    2.269825] Power Management for TI OMAP4+ devices.
[    2.275193] ThumbEE CPU extension supported.
[    2.279684] Registering SWP/SWPB emulation handler
[    2.292522] palmas 0-0048: Irq flag is 0x00000000
[    2.321756] palmas 0-0048: Muxing GPIO 3, PWM 0, LED 0
[    2.334544] palmas-rtc 48070000.i2c:palmas@48:rtc: rtc core: registered 48070000.i2c:palmas as rtc0
[    2.351046] SMPS6: supplied by vsys_cobra
[    2.356579] SMPS7: supplied by vsys_cobra
[    2.361873] vdds_1v8_main: supplied by smps7
[    2.367249] SMPS8: supplied by vsys_cobra
[    2.371699] random: fast init done
[    2.376592] SMPS9: supplied by vsys_cobra
[    2.376943] mmc0: new high speed MMC card at address 0001
[    2.380854] mmcblk0: mmc0:0001 SEM04G 3.69 GiB 
[    2.381031] mmcblk0boot0: mmc0:0001 SEM04G partition 1 2.00 MiB
[    2.381205] mmcblk0boot1: mmc0:0001 SEM04G partition 2 2.00 MiB
[    2.404149] smps9: Bringing 0uV into 2100000-2100000uV
[    2.404341]  mmcblk0: p1 p2
[    2.415639] LDO1: supplied by vsys_cobra
[    2.420437] ldo1: Bringing 0uV into 1800000-1800000uV
[    2.427021] LDO2: supplied by vsys_cobra
[    2.431794] ldo2: Bringing 0uV into 2800000-2800000uV
[    2.438395] LDO3: supplied by vdds_1v8_main
[    2.444669] LDO4: supplied by vdds_1v8_main
[    2.449645] ldo4: Bringing 0uV into 1800000-1800000uV
[    2.456278] LDO5: supplied by vsys_cobra
[    2.462203] LDO6: supplied by vdds_1v8_main
[    2.469880] LDO7: supplied by vsys_cobra
[    2.474508] ldo7: Bringing 0uV into 2000000-2000000uV
[    2.481467] LDO8: supplied by vsys_cobra
[    2.487324] LDO9: supplied by vmmcsd_fixed
[    2.494091] LDOLN: supplied by vsys_cobra
[    2.500043] LDOUSB: supplied by vsys_cobra
[    2.509139] at24 0-0050: 256 byte 24c02 EEPROM, writable, 1 bytes/write
[    2.516110] omap_i2c 48070000.i2c: bus 0 rev0.12 at 400 kHz
[    2.522846] 4-0022 supply vcc not found, using dummy regulator
[    2.560092] omap_i2c 4807c000.i2c: bus 4 rev0.12 at 400 kHz
[    2.642174] input: evm_keys as /devices/platform/evm_keys/input/input0
[    2.652160] palmas-rtc 48070000.i2c:palmas@48:rtc: setting system clock to 2016-06-04 13:34:55 UTC (1465047295)
[    2.687347] mmc1: host does not support reading read-only switch, assuming write-enable
[    2.698368] mmc1: new high speed SDHC card at address 1234
[    2.704608] mmcblk1: mmc1:1234 SA04G 3.64 GiB 
[    2.711088]  mmcblk1: p1 p2 p3
[   15.118856] vmmcsdio_fixed: disabling
[   15.124152] ldo3: disabling
[   15.127779] ldo8: disabling
[   15.160895] EXT4-fs (mmcblk1p2): mounted filesystem with ordered data mode. Opts: (null)
[   15.169437] VFS: Mounted root (ext4 filesystem) on device 179:50.
[   15.178805] devtmpfs: mounted
[   15.183208] Freeing unused kernel memory: 2048K
INIT: version 2.88 booting
Starting udev
udev: Not using udev cache because of changes detected in the following files:
udev:     /proc/version /proc/cmdline /proc/devices
udev:     lib/udev/rules.d/* etc/udev/rules.d/*
udev: The udev cache will be regenerated. To identify the detected changes,
udev: compare the cached sysconf at   /etc/udev/cache.data
udev: against the current sysconf at  /dev/shm/udev.cache
[   15.648008] udevd[137]: starting version 182
[   16.273282] EXT4-fs (mmcblk1p2): re-mounted. Opts: data=ordered
Populating dev cache
INIT: Entering runlevel: 5
Configuring network interfaces... ifconfig: SIOCGIFFLAGS: No such device
Starting syslogd/klogd: done
OpenEmbedded nodistro.0 omap5-evm /dev/ttyO2
omap5-evm login: 
- 13:45:51 [INFO] Host: root
- 13:45:54 [INFO] Target: 
root
7[r[999;999H[6nroot@omap5-evm:~# 
- 13:45:54 [INFO] Sleeping 15 secs to allow systemd to finish starting processes...
- 13:46:09 [INFO] Disconnected serial from omap5-evm
- 13:46:09 [INFO] Connected to omap5-evm via serial 
- 13:46:09 [INFO] Host: uname -a
- 13:46:09 [INFO] Target: 
uname -a
Linux omap5-evm 4.9.0-next-20161216-00002-g533c83143525 #3 SMP Fri Dec 16 12:37:53 CST 2016 armv7l GNU/Linux
root@omap5-evm:~# 
- 13:46:09 [INFO] Host: cat /proc/cmdline
- 13:46:09 [INFO] Target: 
cat /proc/cmdline
console=ttyO2,115200n8 earlyprintk=serial,ttyO2,115200n8 rootwait  ip=:::::eth0:dhcp  root=PARTUUID=00000000-02 rw rootfstype=ext4 rootwait 
root@omap5-evm:~# 
- 13:46:09 [INFO] Host: uname -a
- 13:46:10 [INFO] Target: 
uname -a
Linux omap5-evm 4.9.0-next-20161216-00002-g533c83143525 #3 SMP Fri Dec 16 12:37:53 CST 2016 armv7l GNU/Linux
root@omap5-evm:~# 
- 13:46:10 [INFO] Host: cat /proc/mtd
- 13:46:10 [INFO] Target: 
cat /proc/mtd
dev:    size   erasesize  name
root@omap5-evm:~# 
- 13:46:10 [INFO] Host: cat /proc/diskstats
- 13:46:10 [INFO] Target: 
cat /proc/diskstats
   1       0 ram0 0 0 0 0 0 0 0 0 0 0 0
   1       1 ram1 0 0 0 0 0 0 0 0 0 0 0
   1       2 ram2 0 0 0 0 0 0 0 0 0 0 0
   1       3 ram3 0 0 0 0 0 0 0 0 0 0 0
   1       4 ram4 0 0 0 0 0 0 0 0 0 0 0
   1       5 ram5 0 0 0 0 0 0 0 0 0 0 0
   1       6 ram6 0 0 0 0 0 0 0 0 0 0 0
   1       7 ram7 0 0 0 0 0 0 0 0 0 0 0
   1       8 ram8 0 0 0 0 0 0 0 0 0 0 0
   1       9 ram9 0 0 0 0 0 0 0 0 0 0 0
   1      10 ram10 0 0 0 0 0 0 0 0 0 0 0
   1      11 ram11 0 0 0 0 0 0 0 0 0 0 0
   1      12 ram12 0 0 0 0 0 0 0 0 0 0 0
   1      13 ram13 0 0 0 0 0 0 0 0 0 0 0
   1      14 ram14 0 0 0 0 0 0 0 0 0 0 0
   1      15 ram15 0 0 0 0 0 0 0 0 0 0 0
   7       0 loop0 0 0 0 0 0 0 0 0 0 0 0
   7       1 loop1 0 0 0 0 0 0 0 0 0 0 0
   7       2 loop2 0 0 0 0 0 0 0 0 0 0 0
   7       3 loop3 0 0 0 0 0 0 0 0 0 0 0
   7       4 loop4 0 0 0 0 0 0 0 0 0 0 0
   7       5 loop5 0 0 0 0 0 0 0 0 0 0 0
   7       6 loop6 0 0 0 0 0 0 0 0 0 0 0
   7       7 loop7 0 0 0 0 0 0 0 0 0 0 0
 179       0 mmcblk0 84 0 6259 470 0 0 0 0 0 180 470
 179       1 mmcblk0p1 22 0 2107 120 0 0 0 0 0 110 120
 179       2 mmcblk0p2 50 0 3112 270 0 0 0 0 0 130 270
 179      32 mmcblk0boot1 26 0 208 130 0 0 0 0 0 130 130
 179      16 mmcblk0boot0 26 0 208 130 0 0 0 0 0 130 130
 179      48 mmcblk1 270 43 14465 2570 23 68 752 19040 0 5470 21610
 179      49 mmcblk1p1 30 0 1603 300 0 0 0 0 0 170 300
 179      50 mmcblk1p2 191 43 9716 1940 23 68 752 19040 0 5360 20980
 179      51 mmcblk1p3 19 0 2098 230 0 0 0 0 0 170 230
root@omap5-evm:~# 
- 13:46:10 [INFO] Host: cat /proc/interrupts
- 13:46:10 [INFO] Target: 
cat /proc/interrupts
           CPU0       CPU1       
 16:        488          0     WUGEN  37 Level     gp_timer
 19:       1175        354     GIC-0  27 Level     arch_timer
 23:          0          0     WUGEN   9 Level     l3-dbg-irq
 24:          0          0     WUGEN  10 Level     l3-app-irq
 26:          0          0     WUGEN  12 Level     DMA
 27:        435          0     WUGEN  13 Level     omap-dma-engine
 30:          0          0     WUGEN  29 Level     4ae10000.gpio
 63:          0          0     WUGEN  30 Level     48055000.gpio
 96:          1          0     WUGEN  31 Level     48057000.gpio
116:          1          0  48057000.gpio  19 Edge      BTN1
129:          0          0     WUGEN  32 Level     48059000.gpio
162:          0          0     WUGEN  33 Level     4805b000.gpio
195:          0          0     WUGEN  34 Level     4805d000.gpio
228:          0          0     WUGEN  35 Level     48051000.gpio
261:          0          0     WUGEN 121 Level     48053000.gpio
294:          0          0     WUGEN  20 Level     gpmc
295:        753          0     WUGEN  56 Level     48070000.i2c
296:          0          0     WUGEN  57 Level     48072000.i2c
297:          0          0     WUGEN  61 Level     48060000.i2c
298:          0          0     WUGEN  62 Level     4807a000.i2c
299:       2466          0     WUGEN  60 Level     4807c000.i2c
306:        547          0     WUGEN  74 Level     OMAP UART2
310:        957          0     WUGEN  83 Level     mmc1
311:        613          0     WUGEN  86 Level     mmc0
333:          1          0     WUGEN  93 Level   
336:          0          0     WUGEN  54 Level     ahci[4a140000.sata]
348:          0          0      PRCM Edge      pinctrl, pinctrl
403:          1          0     WUGEN  76 Level     ohci_hcd:usb1
405:          0          0   pinctrl 412 Edge      48020000.serial
406:          1          0     WUGEN   7 Edge      palmas
407:          0          0    palmas   8 Level     48070000.i2c:palmas@48:rtc
IPI0:          0          1  CPU wakeup interrupts
IPI1:          0        235  Timer broadcast interrupts
IPI2:       1099       1837  Rescheduling interrupts
IPI3:         13         15  Function call interrupts
IPI4:          0          0  CPU stop interrupts
IPI5:         55         28  IRQ work interrupts
IPI6:          0          0  completion interrupts
Err:          0
root@omap5-evm:~# 
- 13:46:10 [INFO] Host: cat /proc/softirqs
- 13:46:10 [INFO] Target: 
cat /proc/softirqs
                    CPU0       CPU1       
          HI:          1          0
       TIMER:        435        575
      NET_TX:          0          0
      NET_RX:          0          0
       BLOCK:          0          0
    IRQ_POLL:          0          0
     TASKLET:        452          1
       SCHED:        439        417
     HRTIMER:          0          0
         RCU:       1873        857
root@omap5-evm:~# 
- 13:46:16 [INFO] Host: export IPERFHOST=192.168.0.1
- 13:46:16 [INFO] Target: 
export IPERFHOST=192.168.0.1
root@omap5-evm:~# 
- 13:46:16 [INFO] Host: export NFS_SERVER=192.168.0.1
- 13:46:16 [INFO] Target: 
export NFS_SERVER=192.168.0.1
root@omap5-evm:~# 
- 13:46:16 [INFO] Host: export NFS_ROOT_PATH=/home/tigtfarm08/NFS_exports/linux/omap5-evm
- 13:46:16 [INFO] Target: 
export NFS_ROOT_PATH=/home/tigtfarm08/NFS_exports/linux/omap5-
root@omap5-evm:~# 
- 13:46:16 [INFO] Host: export AP_SSID=
- 13:46:16 [INFO] Target: 
export AP_SSID=
root@omap5-evm:~# 
- 13:46:16 [INFO] Host: mkdir -p -m 777 /test
- 13:46:16 [INFO] Target: 
mkdir -p -m 777 /test
root@omap5-evm:~# 
- 13:46:16 [INFO] Host: cd /test
- 13:46:16 [INFO] Target: 
cd /test
root@omap5-evm:/test# 
- 13:46:16 [INFO] Host: cat > test.sh << EOF
- 13:46:17 [INFO] Target: 
cat > test.sh << EOF
- 13:46:17 [INFO] Host: failtest() {
- 13:46:17 [INFO] Target: 
failtest() {
- 13:46:17 [INFO] Host:   echo 1 >&3
- 13:46:17 [INFO] Target: 
  echo 1 >&3
- 13:46:17 [INFO] Host: }
- 13:46:17 [INFO] Target: 
- 13:46:17 [INFO] Host: timeout=600
- 13:46:17 [INFO] Target: 
timeout=600
- 13:46:17 [INFO] Host: 
- 13:46:17 [INFO] Target: 
- 13:46:17 [INFO] Host: # Start of user's script logic
- 13:46:17 [INFO] Target: 
# Start of user's script logic
- 13:46:17 [INFO] Host: mount -t proc proc /proc 2>/dev/null;
- 13:46:17 [INFO] Target: 
mount -t proc proc /proc 2>/dev/null;
- 13:46:17 [INFO] Host: 
- 13:46:17 [INFO] Target: 
- 13:46:17 [INFO] Host: mount -t sysfs sys /sys 2>/dev/null;
- 13:46:17 [INFO] Target: 
mount -t sysfs sys /sys 2>/dev/null;
- 13:46:17 [INFO] Host: 
- 13:46:18 [INFO] Target: 
- 13:46:18 [INFO] Host: mount -t debugfs none /sys/kernel/debug 2>/dev/null;
- 13:46:18 [INFO] Target: 
mount -t debugfs none /sys/kernel/debug 2>/dev/null;
- 13:46:18 [INFO] Host: 
- 13:46:18 [INFO] Target: 
- 13:46:18 [INFO] Host: echo 'cpuinfo:';cat /proc/cpuinfo; echo '=======';
- 13:46:18 [INFO] Target: 
echo 'cpuinfo:';cat /proc/cpuinfo; echo '=======';
- 13:46:18 [INFO] Host: 
- 13:46:18 [INFO] Target: 
- 13:46:18 [INFO] Host: echo 'soc info:';head /sys/devices/soc0/* 2>/dev/null; echo '=======';
- 13:46:18 [INFO] Target: 
echo 'soc info:';head /sys/devices/soc0/* 2>/dev/null; echo '=======';
- 13:46:18 [INFO] Host: 
- 13:46:18 [INFO] Target: 
- 13:46:18 [INFO] Host: echo 'DT Model info'; head /proc/device-tree/name /proc/device-tree/model /proc/device-tree/compatible 2>/dev/null;echo; echo '=======';
- 13:46:18 [INFO] Target: 
echo 'DT Model info'; head /proc/device-tree/name /proc/device-tree/model /pro
c/device-tree/compatible 2>/dev/null;echo; echo '=======';
- 13:46:18 [INFO] Host: 
- 13:46:18 [INFO] Target: 
- 13:46:18 [INFO] Host: echo 'interrupts:';cat /proc/interrupts; echo '=======';
- 13:46:18 [INFO] Target: 
echo 'interrupts:';cat /proc/interrupts; echo '=======';
- 13:46:18 [INFO] Host: 
- 13:46:19 [INFO] Target: 
- 13:46:19 [INFO] Host: echo 'Clk_summary:';cat /sys/kernel/debug/clk/clk_summary; echo '=======';
- 13:46:19 [INFO] Target: 
echo 'Clk_summary:';cat /sys/kernel/debug/clk/clk_summary; echo '=======';
- 13:46:19 [INFO] Host: 
- 13:46:19 [INFO] Target: 
- 13:46:19 [INFO] Host: echo "Available frequencies"; cat /sys/devices/system/cpu/cpu0/cpufreq/scaling_available_frequencies 2>/dev/null;echo '=======';
- 13:46:19 [INFO] Target: 
echo "Available frequencies"; cat /sys/devices/system/cpu/cpu0/cpufreq/scaling
_available_frequencies 2>/dev/null;echo '=======';
- 13:46:19 [INFO] Host: 
- 13:46:19 [INFO] Target: 
- 13:46:19 [INFO] Host: TMPF=/tmp/a.\$\$; TMPF2=/tmp/b.\$\$; STR=""
- 13:46:19 [INFO] Target: 
TMPF=/tmp/a.\$\$; TMPF2=/tmp/b.\$\$; STR=""
- 13:46:19 [INFO] Host: 
- 13:46:19 [INFO] Target: 
- 13:46:19 [INFO] Host: cp /dev/kmsg \$TMPF &
- 13:46:19 [INFO] Target: 
cp /dev/kmsg \$TMPF &
- 13:46:19 [INFO] Host: 
- 13:46:19 [INFO] Target: 
- 13:46:19 [INFO] Host: PID=\$! ; sleep 5; kill -9 \$PID
- 13:46:19 [INFO] Target: 
PID=\$! ; sleep 5; kill -9 \$PID
- 13:46:19 [INFO] Host: 
- 13:46:20 [INFO] Target: 
- 13:46:20 [INFO] Host: 
- 13:46:20 [INFO] Target: 
- 13:46:20 [INFO] Host: 
- 13:46:20 [INFO] Target: 
- 13:46:20 [INFO] Host: cat \$TMPF|grep "^0">\$TMPF2; N=\`cat \$TMPF2|wc -l\`; if [ "\$N" -ne 0 ]; then STR="\$STR emerg=\$N";echo "===== EMERGE++";cat \$TMPF2|cut -d ';' -f2;echo "====="; fi
- 13:46:20 [INFO] Target: 
cat \$TMPF|grep "^0">\$TMPF2; N=\`cat \$TMPF2|wc -l\`; if [ "\$N" -ne 0 ]; the
n STR="\$STR emerg=\$N";echo "===== EMERGE++";cat \$TMPF2|cut -d ';' -f2;echo "=
===="; fi
- 13:46:20 [INFO] Host: 
- 13:46:20 [INFO] Target: 
- 13:46:20 [INFO] Host: cat \$TMPF|grep "^1">\$TMPF2; N=\`cat \$TMPF2|wc -l\`; if [ "\$N" -ne 0 ]; then STR="\$STR alert=\$N";echo "===== ALERT ==";cat \$TMPF2|cut -d ';' -f2;echo "====="; fi
- 13:46:20 [INFO] Target: 
cat \$TMPF|grep "^1">\$TMPF2; N=\`cat \$TMPF2|wc -l\`; if [ "\$N" -ne 0 ]; the
n STR="\$STR alert=\$N";echo "===== ALERT ==";cat \$TMPF2|cut -d ';' -f2;echo "=
===="; fi
- 13:46:20 [INFO] Host: 
- 13:46:20 [INFO] Target: 
- 13:46:20 [INFO] Host: cat \$TMPF|grep "^2">\$TMPF2; N=\`cat \$TMPF2|wc -l\`; if [ "\$N" -ne 0 ]; then STR="\$STR crit=\$N";echo "===== CRIT ==";cat \$TMPF2|cut -d ';' -f2;echo "====="; fi
- 13:46:20 [INFO] Target: 
[   46.437189] random: crng init done
cat \$TMPF|grep "^2">\$TMPF2; N=\`cat \$TMPF2|wc -l\`; if [ "\$N" -ne 0 ]; the
n STR="\$STR crit=\$N";echo "===== CRIT ==";cat \$TMPF2|cut -d ';' -f2;echo "===
=="; fi
- 13:46:20 [INFO] Host: 
- 13:46:20 [INFO] Target: 
- 13:46:20 [INFO] Host: cat \$TMPF|grep "^3">\$TMPF2; N=\`cat \$TMPF2|wc -l\`; if [ "\$N" -ne 0 ]; then STR="\$STR err=\$N";echo "===== ERR ==";cat \$TMPF2|cut -d ';' -f2;echo "=====" ;fi
- 13:46:20 [INFO] Target: 
cat \$TMPF|grep "^3">\$TMPF2; N=\`cat \$TMPF2|wc -l\`; if [ "\$N" -ne 0 ]; the
n STR="\$STR err=\$N";echo "===== ERR ==";cat \$TMPF2|cut -d ';' -f2;echo "=====
" ;fi
- 13:46:20 [INFO] Host: 
- 13:46:21 [INFO] Target: 
- 13:46:21 [INFO] Host: cat \$TMPF|grep "^4">\$TMPF2; N=\`cat \$TMPF2|wc -l\`; if [ "\$N" -ne 0 ]; then STR="\$STR warn=\$N";echo "===== WARN ==";cat \$TMPF2|cut -d ';' -f2;echo "=====" ;fi
- 13:46:21 [INFO] Target: 
cat \$TMPF|grep "^4">\$TMPF2; N=\`cat \$TMPF2|wc -l\`; if [ "\$N" -ne 0 ]; the
n STR="\$STR warn=\$N";echo "===== WARN ==";cat \$TMPF2|cut -d ';' -f2;echo "===
==" ;fi
- 13:46:21 [INFO] Host: 
- 13:46:21 [INFO] Target: 
- 13:46:21 [INFO] Host: rm \$TMPF \$TMPF2; echo "SUM""MARY RESULT: BOOT:" 'PASS: H''ello World' 'B''oard' "Booted" "Boot Log has::::\$STR:"
- 13:46:21 [INFO] Target: 
rm \$TMPF \$TMPF2; echo "SUM""MARY RESULT: BOOT:" 'PASS: H''ello World' 'B''oa
rd' "Booted" "Boot Log has::::\$STR:"
- 13:46:21 [INFO] Host: 
- 13:46:21 [INFO] Target: 
- 13:46:21 [INFO] Host: EOF
- 13:46:21 [INFO] Target: 
root@omap5-evm:/test# 
- 13:46:21 [INFO] Host: cd /test
- 13:46:21 [INFO] Target: 
cd /test
root@omap5-evm:/test# 
- 13:46:21 [INFO] Host: chmod +x test.sh
- 13:46:21 [INFO] Target: 
chmod +x test.sh
root@omap5-evm:/test# 
- 13:46:21 [INFO] Host: ./test.sh 2> stderr.log > stdout.log 3> result.log
- 13:46:26 [INFO] Target: 
./test.sh 2> stderr.log > stdout.log 3> result.log
root@omap5-evm:/test# 
- 13:46:26 [INFO] Host: echo $?
- 13:46:26 [INFO] Target: 
echo $?
root@omap5-evm:/test# 
- 13:46:26 [INFO] Host: cd /test
- 13:46:27 [INFO] Target: 
cd /test
root@omap5-evm:/test# 
- 13:46:27 [INFO] Host: cat stdout.log
- 13:46:29 [INFO] Target: 
cat stdout.log
cpuinfo:
processor	: 0
model name	: ARMv7 Processor rev 2 (v7l)
BogoMIPS	: 12.28
Features	: half thumb fastmult vfp edsp thumbee neon vfpv3 tls vfpv4 idiva idivt vfpd32 lpae evtstrm 
CPU implementer	: 0x41
CPU architecture: 7
CPU variant	: 0x2
CPU part	: 0xc0f
CPU revision	: 2
processor	: 1
model name	: ARMv7 Processor rev 2 (v7l)
BogoMIPS	: 12.28
Features	: half thumb fastmult vfp edsp thumbee neon vfpv3 tls vfpv4 idiva idivt vfpd32 lpae evtstrm 
CPU implementer	: 0x41
CPU architecture: 7
CPU variant	: 0x2
CPU part	: 0xc0f
CPU revision	: 2
Hardware	: Generic OMAP5 (Flattened Device Tree)
Revision	: 0000
Serial		: 0000000000000000
=======
soc info:
==> /sys/devices/soc0/deferred_probe <==
==> /sys/devices/soc0/family <==
OMAP5
==> /sys/devices/soc0/machine <==
OMAP5432
==> /sys/devices/soc0/power <==
==> /sys/devices/soc0/revision <==
ES2.0
==> /sys/devices/soc0/subsystem <==
==> /sys/devices/soc0/type <==
==> /sys/devices/soc0/uevent <==
=======
DT Model info
==> /proc/device-tree/name <==
==> /proc/device-tree/model <==
TI OMAP5 uEVM board
==> /proc/device-tree/compatible <==
ti,omap5-uevmti,omap5
=======
interrupts:
           CPU0       CPU1       
 16:        815          0     WUGEN  37 Level     gp_timer
 19:       1286        368     GIC-0  27 Level     arch_timer
 23:          0          0     WUGEN   9 Level     l3-dbg-irq
 24:          0          0     WUGEN  10 Level     l3-app-irq
 26:          0          0     WUGEN  12 Level     DMA
 27:        442          0     WUGEN  13 Level     omap-dma-engine
 30:          0          0     WUGEN  29 Level     4ae10000.gpio
 63:          0          0     WUGEN  30 Level     48055000.gpio
 96:          1          0     WUGEN  31 Level     48057000.gpio
116:          1          0  48057000.gpio  19 Edge      BTN1
129:          0          0     WUGEN  32 Level     48059000.gpio
162:          0          0     WUGEN  33 Level     4805b000.gpio
195:          0          0     WUGEN  34 Level     4805d000.gpio
228:          0          0     WUGEN  35 Level     48051000.gpio
261:          0          0     WUGEN 121 Level     48053000.gpio
294:          0          0     WUGEN  20 Level     gpmc
295:        753          0     WUGEN  56 Level     48070000.i2c
296:          0          0     WUGEN  57 Level     48072000.i2c
297:          0          0     WUGEN  61 Level     48060000.i2c
298:          0          0     WUGEN  62 Level     4807a000.i2c
299:       2716          0     WUGEN  60 Level     4807c000.i2c
306:       8677          0     WUGEN  74 Level     OMAP UART2
310:        990          0     WUGEN  83 Level     mmc1
311:        613          0     WUGEN  86 Level     mmc0
333:          1          0     WUGEN  93 Level   
336:          0          0     WUGEN  54 Level     ahci[4a140000.sata]
348:          0          0      PRCM Edge      pinctrl, pinctrl
403:          1          0     WUGEN  76 Level     ohci_hcd:usb1
405:          0          0   pinctrl 412 Edge      48020000.serial
406:          1          0     WUGEN   7 Edge      palmas
407:          0          0    palmas   8 Level     48070000.i2c:palmas@48:rtc
IPI0:          0          1  CPU wakeup interrupts
IPI1:          0        427  Timer broadcast interrupts
IPI2:       1717       4029  Rescheduling interrupts
IPI3:         13         15  Function call interrupts
IPI4:          0          0  CPU stop interrupts
IPI5:         76         36  IRQ work interrupts
IPI6:          0          0  completion interrupts
Err:          0
=======
Clk_summary:
   clock                         enable_cnt  prepare_cnt        rate   accuracy   phase
----------------------------------------------------------------------------------------
 dummy_ck                                 0            0           0          0 0  
 xclk60mhsp2_ck                           0            0    60000000          0 0  
 xclk60mhsp1_ck                           0            0    60000000          0 0  
 virt_38400000_ck                         0            0    38400000          0 0  
 virt_27000000_ck                         0            0    27000000          0 0  
 virt_26000000_ck                         0            0    26000000          0 0  
 virt_19200000_ck                         1            1    19200000          0 0  
    sys_clkin                             6           14    19200000          0 0  
       auxclk4_src_ck                     0            0    19200000          0 0  
          auxclk4_ck                      0            0     9600000          0 0  
       auxclk3_src_ck                     0            0    19200000          0 0  
          auxclk3_ck                      0            0    19200000          0 0  
             auxclkreq3_ck                0            0    19200000          0 0  
       auxclk2_src_ck                     0            0    19200000          0 0  
          auxclk2_ck                      0            0    19200000          0 0  
             auxclkreq2_ck                0            0    19200000          0 0  
       auxclk1_src_ck                     0            0    19200000          0 0  
          auxclk1_ck                      0            0    19200000          0 0  
             auxclkreq1_ck                0            0    19200000          0 0  
       auxclk0_src_ck                     0            0    19200000          0 0  
          auxclk0_ck                      0            0    19200000          0 0  
             auxclkreq0_ck                0            0    19200000          0 0  
       wkupaon_iclk_mux                   7            8    19200000          0 0  
          l3instr_ts_gclk_div             0            0    19200000          0 0  
       timer9_gfclk_mux                   0            1    19200000          0 0  
       timer4_gfclk_mux                   0            1    19200000          0 0  
       timer3_gfclk_mux                   0            1    19200000          0 0  
       timer2_gfclk_mux                   0            1    19200000          0 0  
       timer11_gfclk_mux                  0            1    19200000          0 0  
       timer10_gfclk_mux                  0            1    19200000          0 0  
       sata_ref_clk                       3            3    19200000          0 0  
       dpll_usb_ck                        1            2   960000000          0 0  
          dpll_usb_m2_ck                  3            3   480000000          0 0  
             usb_host_hs_hsic480m_p3_clk           1            1   480000000          0 0  
             usb_host_hs_hsic480m_p2_clk           1            1   480000000          0 0  
             usb_host_hs_hsic480m_p1_clk           0            0   480000000          0 0  
             l3init_60m_fclk              7            8    60000000          0 0  
                usb_tll_hs_usb_ch2_clk           1            1    60000000          0 0  
                usb_tll_hs_usb_ch1_clk           1            1    60000000          0 0  
                usb_tll_hs_usb_ch0_clk           0            1    60000000          0 0  
                usb_host_hs_utmi_p3_clk           1            1    60000000          0 0  
                utmi_p2_gfclk             1            1    60000000          0 0  
                   usb_host_hs_utmi_p2_clk           1            1    60000000          0 0  
                utmi_p1_gfclk             0            0    60000000          0 0  
                   usb_host_hs_utmi_p1_clk           0            0    60000000          0 0  
                usb_host_hs_hsic60m_p3_clk           1            1    60000000          0 0  
                usb_host_hs_hsic60m_p2_clk           1            1    60000000          0 0  
                usb_host_hs_hsic60m_p1_clk           0            0    60000000          0 0  
          dpll_usb_clkdcoldo              0            1   960000000          0 0  
             usb_otg_ss_refclk960m           0            2   960000000          0 0  
       dpll_usb_byp_mux                   0            0    19200000          0 0  
       dpll_unipro2_ck                    0            0    19200000          0 0  
          dpll_unipro2_m2_ck              0            0    19200000          0 0  
          dpll_unipro2_clkdcoldo           0            0    19200000          0 0  
       dpll_unipro1_ck                    0            0    19200000          0 0  
          dpll_unipro1_m2_ck              0            0    19200000          0 0  
             lli_txphy_ls_clk             0            0    19200000          0 0  
          dpll_unipro1_clkdcoldo           0            0    19200000          0 0  
             lli_txphy_clk                0            0    19200000          0 0  
       dpll_per_ck                        1            1   384000000          0 0  
          dpll_per_m2_ck                  0            0    96000000          0 0  
             func_24m_clk                 0            0    24000000          0 0  
          dpll_per_x2_ck                  1            2   768000000          0 0  
             dpll_per_m3x2_ck             0            0   256000000          0 0  
             dpll_per_m2x2_ck             2            4   192000000          0 0  
                mmc2_fclk_mux             0            1   192000000          0 0  
                   mmc2_fclk              0            1    96000000          0 0  
                mmc1_fclk_mux             0            1   192000000          0 0  
                   mmc1_fclk              0            1    96000000          0 0  
                hsi_fclk                  0            0   192000000          0 0  
                func_96m_fclk             1            6    96000000          0 0  
                   iss_ctrlclk            0            0    96000000          0 0  
                func_48m_fclk             7           14    48000000          0 0  
                   dss_48mhz_clk           0            2    48000000          0 0  
                func_12m_fclk             0            0    12000000          0 0  
             dpll_per_h14x2_ck            0            0   384000000          0 0  
             dpll_per_h12x2_ck            0            1   192000000          0 0  
                dss_dss_clk               0            4   192000000          0 0  
             dpll_per_h11x2_ck            0            0   256000000          0 0  
                fdif_fclk                 0            0   256000000          0 0  
                func_128m_clk             0            0   128000000          0 0  
       dpll_per_byp_mux                   0            0    19200000          0 0  
       dpll_mpu_ck                        1            1  1000000000          0 0  
          dpll_mpu_m2_ck                  1            1  1000000000          0 0  
       dpll_iva_byp_mux                   0            1    19200000          0 0  
          dpll_iva_ck                     0            1    19200000          0 0  
             dpll_iva_x2_ck               0            1    19200000          0 0  
                dpll_iva_h12x2_ck           0            0    19200000          0 0  
                dpll_iva_h11x2_ck           0            1    19200000          0 0  
       dpll_core_ck                       1            1  1063680000          0 0  
          dpll_core_m2_ck                 0            0   531840000          0 0  
          dpll_core_x2_ck                 3            4  2127360000          0 0  
             dpll_core_m3x2_ck            0            0   425472000          0 0  
             dpll_core_h24x2_ck           0            0   354560000          0 0  
             dpll_core_h23x2_ck           0            0   303908572          0 0  
             dpll_core_h22x2_ck           0            1   425472000          0 0  
             dpll_core_h14x2_ck           0            0    33767620          0 0  
                gpu_hyd_gclk_mux           0            0    33767620          0 0  
                gpu_core_gclk_mux           0            0    33767620          0 0  
             dpll_core_h13x2_ck           1            2    34312259          0 0  
             dpll_core_h12x2_ck           1            1   531840000          0 0  
                l3_iclk_div              23           25   265920000          0 0  
                   l4_root_clk_div          45           50   132960000          0 0  
                   gpu_l3_iclk            0            0   265920000          0 0  
                mpu_dpll_hs_clk_div           0            0   531840000          0 0  
                iva_dpll_hs_clk_div           0            0   531840000          0 0  
             dpll_core_h11x2_ck           4            4   265920000          0 0  
             dpll_core_h21x2_ck           0            0   354560000          0 0  
                c2c_fclk                  0            0   354560000          0 0  
                   c2c_iclk               0            0   177280000          0 0  
       dpll_core_byp_mux                  0            0    19200000          0 0  
       dss_syc_gfclk_div                  0            5    19200000          0 0  
          dss_sys_clk                     0            5    19200000          0 0  
          timer8_gfclk_mux                0            1    19200000          0 0  
          timer7_gfclk_mux                0            1    19200000          0 0  
          timer6_gfclk_mux                0            1    19200000          0 0  
          timer5_gfclk_mux                0            1    19200000          0 0  
       custefuse_sys_gfclk_div            0            0     9600000          0 0  
       abe_dpll_bypass_clk_mux            0            0    19200000          0 0  
 virt_16800000_ck                         0            0    16800000          0 0  
 virt_13000000_ck                         0            0    13000000          0 0  
 virt_12000000_ck                         0            0    12000000          0 0  
 sys_32k_ck                               3           15       32768          0 0  
    timer1_gfclk_mux                      1            1       32768          0 0  
    gpio1_dbclk                           0            2       32768          0 0  
    abe_dpll_clk_mux                      1            1       32768          0 0  
       dpll_abe_ck                        1            1    98304000          0 0  
          dpll_abe_x2_ck                  1            1   196608000          0 0  
             dpll_abe_m3x2_ck             0            0    98304000          0 0  
                usb_dpll_hs_clk_div           0            0    32768000          0 0  
                per_dpll_hs_clk_div           0            0    49152000          0 0  
             dpll_abe_m2x2_ck             1            2   196608000          0 0  
                abe_lp_clk_div            0            0    12288000          0 0  
                abe_clk                   1            1   196608000          0 0  
                   aess_fclk              1            1   196608000          0 0  
                      abe_iclk           11           11    98304000          0 0  
                abe_24m_fclk              0            4    24576000          0 0  
                   mcbsp3_sync_mux_ck           0            2    24576000          0 0  
                      mcbsp3_gfclk           0            1    24576000          0 0  
                   mcbsp2_sync_mux_ck           0            2    24576000          0 0  
                      mcbsp2_gfclk           0            1    24576000          0 0  
                   mcbsp1_sync_mux_ck           0            2    24576000          0 0  
                      mcbsp1_gfclk           0            1    24576000          0 0  
                   mcasp_sync_mux_ck           0            0    24576000          0 0  
                      mcasp_gfclk           0            0    24576000          0 0  
                   dmic_sync_mux_ck           0            1    24576000          0 0  
                      dmic_gfclk           0            1    24576000          0 0  
    usb_phy_cm_clk32k                     0            1       32768          0 0  
    mmc1_32khz_clk                        0            1       32768          0 0  
    gpio8_dbclk                           0            2       32768          0 0  
    gpio7_dbclk                           0            2       32768          0 0  
    gpio6_dbclk                           0            2       32768          0 0  
    gpio5_dbclk                           0            2       32768          0 0  
    gpio4_dbclk                           0            2       32768          0 0  
    gpio3_dbclk                           1            2       32768          0 0  
    gpio2_dbclk                           0            2       32768          0 0  
    dss_32khz_clk                         0            1       32768          0 0  
 slimbus_src_clk                          0            0    12000000          0 0  
    slimbus_clk                           0            0    12000000          0 0  
       slimbus1_slimbus_clk               0            0    12000000          0 0  
 secure_32k_clk_src_ck                    0            0       32768          0 0  
 pad_clks_src_ck                          0            1    12000000          0 0  
    pad_clks_ck                           0            4    12000000          0 0  
=======
Available frequencies
1000000 1500000 
=======
===== ERR ==
/cpus/cpu@0 missing clock-frequency property
/cpus/cpu@1 missing clock-frequency property
platform 50000000.gpmc: Cannot lookup hwmod 'gpmc'
Failed to build core_thermal zone -17
omap-dwc3 4a020000.omap_dwc3: vbus init failed
omap_vc_init_channel: No PMIC info for vdd_core
omap_vp_init: No PMIC info for vdd_core
omap_vc_init_channel: No PMIC info for vdd_mm
omap_vp_init: No PMIC info for vdd_mm
omap_vc_init_channel: No PMIC info for vdd_mpu
omap_vp_init: No PMIC info for vdd_mpu
udevd[137]: starting version 182
=====
===== WARN ==
omap_hwmod: l3_main_3 using broken dt data from ocp
omap_hwmod: l3_main_2 using broken dt data from ocp
omap-gpmc 50000000.gpmc: _od_fail_runtime_resume: FIXME: missing hwmod/omap_dev info
irq: no irq domain found for /ocp/l4@4a000000/scm@2800/pinmux@40 !
irq: no irq domain found for /ocp/l4@4a000000/scm@2800/pinmux@40 !
------------[ cut here ]------------
WARNING: CPU: 1 PID: 1 at fs/sysfs/dir.c:31 sysfs_warn_dup+0x64/0x74
sysfs: cannot create duplicate filename '/devices/virtual/thermal/thermal_zone1'
Modules linked in:
CPU: 1 PID: 1 Comm: swapper/0 Not tainted 4.9.0-next-20161216-00002-g533c83143525 #3
Hardware name: Generic OMAP5 (Flattened Device Tree)
[<c03105c0>] (unwind_backtrace) from [<c030bc0c>] (show_stack+0x10/0x14)
[<c030bc0c>] (show_stack) from [<c05a029c>] (dump_stack+0x98/0xac)
[<c05a029c>] (dump_stack) from [<c0341c58>] (__warn+0xe8/0x100)
[<c0341c58>] (__warn) from [<c0341ca8>] (warn_slowpath_fmt+0x38/0x48)
[<c0341ca8>] (warn_slowpath_fmt) from [<c047e2c0>] (sysfs_warn_dup+0x64/0x74)
[<c047e2c0>] (sysfs_warn_dup) from [<c047e3a0>] (sysfs_create_dir_ns+0x88/0x98)
[<c047e3a0>] (sysfs_create_dir_ns) from [<c05a1d78>] (kobject_add_internal+0xb0/0x308)
[<c05a1d78>] (kobject_add_internal) from [<c05a2198>] (kobject_add+0x4c/0x98)
[<c05a2198>] (kobject_add) from [<c07eb300>] (device_add+0xd8/0x5a4)
[<c07eb300>] (device_add) from [<c0a3efa4>] (thermal_zone_device_register+0x178/0x57c)
[<c0a3efa4>] (thermal_zone_device_register) from [<c127f9f8>] (of_parse_thermal_zones+0x220/0x81c)
[<c127f9f8>] (of_parse_thermal_zones) from [<c127f780>] (thermal_init+0x60/0xb8)
[<c127f780>] (thermal_init) from [<c0301e90>] (do_one_initcall+0x40/0x174)
[<c0301e90>] (do_one_initcall) from [<c1200dd0>] (kernel_init_freeable+0x160/0x200)
[<c1200dd0>] (kernel_init_freeable) from [<c0c05ae0>] (kernel_init+0x8/0x114)
[<c0c05ae0>] (kernel_init) from [<c0307eb8>] (ret_from_fork+0x14/0x3c)
---[ end trace 0562309659f5f773 ]---
------------[ cut here ]------------
WARNING: CPU: 1 PID: 1 at lib/kobject.c:240 kobject_add_internal+0x290/0x308
kobject_add_internal failed for thermal_zone1 with -EEXIST, don't try to register things with the same name in the same directory.
Modules linked in:
CPU: 1 PID: 1 Comm: swapper/0 Tainted: G        W       4.9.0-next-20161216-00002-g533c83143525 #3
Hardware name: Generic OMAP5 (Flattened Device Tree)
[<c03105c0>] (unwind_backtrace) from [<c030bc0c>] (show_stack+0x10/0x14)
[<c030bc0c>] (show_stack) from [<c05a029c>] (dump_stack+0x98/0xac)
[<c05a029c>] (dump_stack) from [<c0341c58>] (__warn+0xe8/0x100)
[<c0341c58>] (__warn) from [<c0341ca8>] (warn_slowpath_fmt+0x38/0x48)
[<c0341ca8>] (warn_slowpath_fmt) from [<c05a1f58>] (kobject_add_internal+0x290/0x308)
[<c05a1f58>] (kobject_add_internal) from [<c05a2198>] (kobject_add+0x4c/0x98)
[<c05a2198>] (kobject_add) from [<c07eb300>] (device_add+0xd8/0x5a4)
[<c07eb300>] (device_add) from [<c0a3efa4>] (thermal_zone_device_register+0x178/0x57c)
[<c0a3efa4>] (thermal_zone_device_register) from [<c127f9f8>] (of_parse_thermal_zones+0x220/0x81c)
[<c127f9f8>] (of_parse_thermal_zones) from [<c127f780>] (thermal_init+0x60/0xb8)
[<c127f780>] (thermal_init) from [<c0301e90>] (do_one_initcall+0x40/0x174)
[<c0301e90>] (do_one_initcall) from [<c1200dd0>] (kernel_init_freeable+0x160/0x200)
[<c1200dd0>] (kernel_init_freeable) from [<c0c05ae0>] (kernel_init+0x8/0x114)
[<c0c05ae0>] (kernel_init) from [<c0307eb8>] (ret_from_fork+0x14/0x3c)
---[ end trace 0562309659f5f774 ]---
4-0022 supply vcc not found, using dummy regulator
mmc1: host does not support reading read-only switch, assuming write-enable
=====
SUMMARY RESULT: BOOT: PASS: Hello World Board Booted Boot Log has:::: err=12 warn=51:
root@omap5-evm:/test# 
- 13:46:29 [INFO] Host: cat stderr.log
- 13:46:29 [INFO] Target: 
cat stderr.log
root@omap5-evm:/test# 
- 13:46:29 [INFO] Host: cat result.log
- 13:46:31 [ERROR] On command: cat result.log waiting for cat result.log.+?(?m-ix:^1[\0\n\r]+) >>> error: execution expired
- 13:46:31 [INFO] Target: 
cat result.log
root@omap5-evm:/test# 
- 13:46:31 [INFO] Host: cd /test
- 13:46:31 [INFO] Target: 
cd /test
root@omap5-evm:/test# 
URL:gtsystest.telogy.design.ti.com/vatf/tigtfarm08/tigtfarm08_vatf@omap5-evm/tigtfarm0812_16_2016_13_44_56/files/session_iteration_1/test_1
