- 02:21:47 [INFO] Starting target session
- 02:21:48 [INFO] Connected to omap5-evm via serial 
- 02:21:48 [INFO] Host: #check prompt
- 02:21:51 [ERROR] On command: #check prompt waiting for #check prompt.+?(?-mix:((?-mix:login:)|[Pp]assword)) >>> error: execution expired
- 02:21:51 [INFO] Target: 
#check prompt
root@omap5-evm:/test# 
- 02:21:51 [INFO] Host: #check prompt
- 02:21:51 [INFO] Target: 
#check prompt
root@omap5-evm:/test# 
- 02:21:51 [INFO] Host: sync;poweroff
- 02:22:07 [INFO] Target: 
sync;poweroff
Broadcast message from root@omap5-evm (ttyOfQJ:"2Br=]jj(*UI55jRroot@omap5-evm:/test# 
INIT: Sending pStopping Dropbear SSH server: stopped /usr/sbin/dropbear (pid 672)
dropbear.
Stopping telnet daemon.
Stopping system message bus: hwclock: can't open '/dev/misc/rtc': No such file or directory
Error opening /dev/fb0: No such file or directory
Stopping syslogd/klogd: stopped syslogd (pid 681)
stopped klogd (pid 684)
done
Stopping thttpd.
ALSA: Storing mixer settings...
/usr/sbin/alsactl: save_state:1580: No soundcards found...
Deconfiguring network interfaces... ifdown: interface eth0 not configured
done.
Stopping Lighttpd Web Server: stopped /usr/sbin/lighttpd (pid 691)
lighttpd.
Stopping Matrix GUI applicationstart-stop-daemon: warning: killing process 699: No such process
***************************************************************
***************************************************************
NOTICE: This file system contains the followin GPLv3 packages:
	binutils-symlinks
	binutils
	gdbserver
	parted
If you do not wish to distribute GPLv3 components please remove
the above packages prior to distribution.  This can be done using
the opkg remove command.  i.e.:
    opkg remove <package>
Where <package> is the name printed in the list above
NOTE: If the package is a dependency of another package you
      will be notified of the dependent packages.  You should
      use the --force-removal-of-dependent-packages option to
      also remove the dependent packages as well
***************************************************************
***************************************************************
Sending all processes the TERM signal...
Sending all processes the KILL signal...
Unmounting remote filesystems...
Deactivating swap...
Unmounting local filesystems...
[ 3214.107007] EXT4-fs (mmcblk1p2): re-mounted. Opts: data=ordered
[ 3217.351349] reboot: Power down
- 02:22:07 [INFO] Disconnected serial from omap5-evm
- 02:22:12 [INFO] Connected to omap5-evm via serial 
- 02:22:12 [INFO] Host: 
- 02:22:12 [INFO] Target: 
SATA link 0 timeout.
AHCI 0001.0300 32 slots 1 ports 3 Gbps 0x1 impl SATA mode
flags: 64bit ncq stag pm led clo only pmp pio slum part ccc apst 
scanning bus for devices...
Found 0 device(s).
Net:   No ethernet found.
Hit any key to stop autoboot:  2  0 
=>  
=>  
- 02:22:12 [INFO] Host: 
- 02:22:12 [INFO] Target: 
=>  
- 02:22:12 [INFO] Host: version
- 02:22:13 [INFO] Target: 
version
U-Boot 2016.05-rc3-00242-g359d4c4 (May 11 2016 - 07:03:49 -0500)
arm-linux-gnueabihf-gcc (Linaro GCC 5.3-2016.02) 5.3.1 20160113
GNU ld (GNU Binutils) 2.25.0 Linaro 2015_10
- 02:22:13 [INFO] Host: setenv bootargs 'console=ttyO2,115200n8 earlyprintk=serial,ttyO2,115200n8 rootwait '
- 02:22:13 [INFO] Target: 
setenv bootargs 'console=ttyO2,115200n8 earlyprintk=serial,ttyO2,115200n8 rootwait '
- 02:22:13 [INFO] Host: setenv bootcmd  ''
- 02:22:13 [INFO] Target: 
setenv bootcmd  ''
- 02:22:13 [INFO] Host: setenv autoload 'no'
- 02:22:13 [INFO] Target: 
setenv autoload 'no'
- 02:22:13 [INFO] Host: setenv serverip '192.168.0.1'
- 02:22:13 [INFO] Target: 
setenv serverip '192.168.0.1'
- 02:22:13 [INFO] Host: setenv _initramfs -
- 02:22:13 [INFO] Target: 
setenv _initramfs -
- 02:22:13 [INFO] Host: printenv
- 02:22:13 [INFO] Target: 
printenv
_initramfs=-
arch=arm
args_mmc=run finduuid;setenv bootargs console=${console} ${optargs} root=PARTUUID=${uuid} rw rootfstype=${mmcrootfstype}
autoload=no
baudrate=115200
board=omap5_uevm
board_name=omap5_uevm
bootargs=console=ttyO2,115200n8 earlyprintk=serial,ttyO2,115200n8 rootwait 
bootcmd=
bootdelay=2
bootdir=/boot
bootenvfile=uEnv.txt
bootfile=zImage
bootm_size=0x10000000
bootpart=0:2
bootscript=echo Running bootscript from mmc${mmcdev} ...; source ${loadaddr}
console=ttyO2,115200n8
cpu=armv7
dfu_alt_info_emmc=rawemmc raw 0 3751936;boot part 1 1;rootfs part 1 2;MLO fat 1 1;MLO.raw raw 0x100 0x100;u-boot.img.raw raw 0x300 0x400;spl-os-args.raw raw 0x80 0x80;spl-os-image.raw raw 0x900 0x2000;spl-os-args fat 1 1;spl-os-image fat 1 1;u-boot.img fat 1 1;uEnv.txt fat 1 1
dfu_alt_info_mmc=boot part 0 1;rootfs part 0 2;MLO fat 0 1;MLO.raw raw 0x100 0x100;u-boot.img.raw raw 0x300 0x400;spl-os-args.raw raw 0x80 0x80;spl-os-image.raw raw 0x900 0x2000;spl-os-args fat 0 1;spl-os-image fat 0 1;u-boot.img fat 0 1;uEnv.txt fat 0 1
dfu_alt_info_ram=kernel ram 0x80200000 0x4000000;fdt ram 0x80f80000 0x80000;ramdisk ram 0x81000000 0x4000000
dfu_bufsiz=0x10000
dofastboot=0
envboot=mmc dev ${mmcdev}; if mmc rescan; then echo SD/MMC found on device ${mmcdev};if run loadbootscript; then run bootscript;else if run loadbootenv; then echo Loaded env from ${bootenvfile};run importbootenv;fi;if test -n $uenvcmd; then echo Running uenvcmd ...;run uenvcmd;fi;fi;fi;
fdt_addr_r=0x88000000
fdtaddr=0x88000000
fdtfile=undefined
findfdt=if test $board_name = omap5_uevm; then setenv fdtfile omap5-uevm.dtb; fi; if test $board_name = dra7xx; then setenv fdtfile dra7-evm.dtb; fi;if test $board_name = dra72x-revc; then setenv fdtfile dra72-evm-revc.dtb; fi;if test $board_name = dra72x; then setenv fdtfile dra72-evm.dtb; fi;if test $board_name = beagle_x15; then setenv fdtfile am57xx-beagle-x15.dtb; fi;if test $board_name = beagle_x15_revb1; then setenv fdtfile am57xx-beagle-x15-revb1.dtb; fi;if test $board_name = am57xx_evm; then setenv fdtfile am57xx-evm.dtb; fi;if test $board_name = am57xx_evm_reva3; then setenv fdtfile am57xx-evm-reva3.dtb; fi;if test $board_name = am572x_idk; then setenv fdtfile am572x-idk.dtb; fi;if test $board_name = am571x_idk; then setenv fdtfile am571x-idk.dtb; fi;if test $fdtfile = undefined; then echo WARNING: Could not determine device tree to use; fi; 
finduuid=part uuid mmc 0:2 uuid
importbootenv=echo Importing environment from mmc${mmcdev} ...; env import -t ${loadaddr} ${filesize}
kernel_addr_r=0x82000000
loadaddr=0x82000000
loadbootenv=fatload mmc ${mmcdev} ${loadaddr} ${bootenvfile}
loadbootscript=fatload mmc ${mmcdev} ${loadaddr} boot.scr
loadfdt=load mmc ${bootpart} ${fdtaddr} ${bootdir}/${fdtfile};
loadimage=load mmc ${bootpart} ${loadaddr} ${bootdir}/${bootfile}
mmcboot=mmc dev ${mmcdev}; if mmc rescan; then echo SD/MMC found on device ${mmcdev};if run loadimage; then run loadfdt; echo Booting from mmc${mmcdev} ...; run args_mmc; bootz ${loadaddr} - ${fdtaddr}; fi;fi;
mmcdev=0
mmcrootfstype=ext4 rootwait
netargs=setenv bootargs console=${console} ${optargs} root=/dev/nfs nfsroot=${serverip}:${rootpath},${nfsopts} rw ip=dhcp
netboot=echo Booting from network ...; setenv autoload no; dhcp; run netloadimage; run netloadfdt; run netargs; bootz ${loadaddr} - ${fdtaddr}
netloadfdt=tftp ${fdtaddr} ${fdtfile}
netloadimage=tftp ${loadaddr} ${bootfile}
nfsopts=nolock
partitions=uuid_disk=${uuid_gpt_disk};name=rootfs,start=2MiB,size=-,uuid=${uuid_gpt_rootfs}
pxefile_addr_r=0x80100000
ramdisk_addr_r=0x88080000
rdaddr=0x88080000
rootpath=/export/rootfs
scriptaddr=0x80000000
scsidevs=0
serverip=192.168.0.1
soc=omap5
static_ip=${ipaddr}:${serverip}:${gatewayip}:${netmask}:${hostname}::off
stderr=serial
stdin=serial
stdout=serial
usbethaddr=02:21:03:74:17:10
usbtty=cdc_acm
vendor=ti
ver=U-Boot 2016.05-rc3-00242-g359d4c4 (May 11 2016 - 07:03:49 -0500)
vram=16M
Environment size: 4044/131067 bytes
- 02:22:13 [INFO] Host: usb start
- 02:22:16 [INFO] Target: 
usb start
starting USB...
USB0:   USB EHCI 1.00
scanning bus 0 for devices... 2 USB Device(s) found
       scanning usb for storage devices... 0 Storage Device(s) found
       scanning usb for ethernet devices... 1 Ethernet Device(s) found
- 02:22:16 [INFO] Host: printenv
- 02:22:16 [INFO] Target: 
printenv
_initramfs=-
arch=arm
args_mmc=run finduuid;setenv bootargs console=${console} ${optargs} root=PARTUUID=${uuid} rw rootfstype=${mmcrootfstype}
autoload=no
baudrate=115200
board=omap5_uevm
board_name=omap5_uevm
bootargs=console=ttyO2,115200n8 earlyprintk=serial,ttyO2,115200n8 rootwait 
bootcmd=
bootdelay=2
bootdir=/boot
bootenvfile=uEnv.txt
bootfile=zImage
bootm_size=0x10000000
bootpart=0:2
bootscript=echo Running bootscript from mmc${mmcdev} ...; source ${loadaddr}
console=ttyO2,115200n8
cpu=armv7
dfu_alt_info_emmc=rawemmc raw 0 3751936;boot part 1 1;rootfs part 1 2;MLO fat 1 1;MLO.raw raw 0x100 0x100;u-boot.img.raw raw 0x300 0x400;spl-os-args.raw raw 0x80 0x80;spl-os-image.raw raw 0x900 0x2000;spl-os-args fat 1 1;spl-os-image fat 1 1;u-boot.img fat 1 1;uEnv.txt fat 1 1
dfu_alt_info_mmc=boot part 0 1;rootfs part 0 2;MLO fat 0 1;MLO.raw raw 0x100 0x100;u-boot.img.raw raw 0x300 0x400;spl-os-args.raw raw 0x80 0x80;spl-os-image.raw raw 0x900 0x2000;spl-os-args fat 0 1;spl-os-image fat 0 1;u-boot.img fat 0 1;uEnv.txt fat 0 1
dfu_alt_info_ram=kernel ram 0x80200000 0x4000000;fdt ram 0x80f80000 0x80000;ramdisk ram 0x81000000 0x4000000
dfu_bufsiz=0x10000
dofastboot=0
envboot=mmc dev ${mmcdev}; if mmc rescan; then echo SD/MMC found on device ${mmcdev};if run loadbootscript; then run bootscript;else if run loadbootenv; then echo Loaded env from ${bootenvfile};run importbootenv;fi;if test -n $uenvcmd; then echo Running uenvcmd ...;run uenvcmd;fi;fi;fi;
ethact=sms0
fdt_addr_r=0x88000000
fdtaddr=0x88000000
fdtfile=undefined
findfdt=if test $board_name = omap5_uevm; then setenv fdtfile omap5-uevm.dtb; fi; if test $board_name = dra7xx; then setenv fdtfile dra7-evm.dtb; fi;if test $board_name = dra72x-revc; then setenv fdtfile dra72-evm-revc.dtb; fi;if test $board_name = dra72x; then setenv fdtfile dra72-evm.dtb; fi;if test $board_name = beagle_x15; then setenv fdtfile am57xx-beagle-x15.dtb; fi;if test $board_name = beagle_x15_revb1; then setenv fdtfile am57xx-beagle-x15-revb1.dtb; fi;if test $board_name = am57xx_evm; then setenv fdtfile am57xx-evm.dtb; fi;if test $board_name = am57xx_evm_reva3; then setenv fdtfile am57xx-evm-reva3.dtb; fi;if test $board_name = am572x_idk; then setenv fdtfile am572x-idk.dtb; fi;if test $board_name = am571x_idk; then setenv fdtfile am571x-idk.dtb; fi;if test $fdtfile = undefined; then echo WARNING: Could not determine device tree to use; fi; 
finduuid=part uuid mmc 0:2 uuid
importbootenv=echo Importing environment from mmc${mmcdev} ...; env import -t ${loadaddr} ${filesize}
kernel_addr_r=0x82000000
loadaddr=0x82000000
loadbootenv=fatload mmc ${mmcdev} ${loadaddr} ${bootenvfile}
loadbootscript=fatload mmc ${mmcdev} ${loadaddr} boot.scr
loadfdt=load mmc ${bootpart} ${fdtaddr} ${bootdir}/${fdtfile};
loadimage=load mmc ${bootpart} ${loadaddr} ${bootdir}/${bootfile}
mmcboot=mmc dev ${mmcdev}; if mmc rescan; then echo SD/MMC found on device ${mmcdev};if run loadimage; then run loadfdt; echo Booting from mmc${mmcdev} ...; run args_mmc; bootz ${loadaddr} - ${fdtaddr}; fi;fi;
mmcdev=0
mmcrootfstype=ext4 rootwait
netargs=setenv bootargs console=${console} ${optargs} root=/dev/nfs nfsroot=${serverip}:${rootpath},${nfsopts} rw ip=dhcp
netboot=echo Booting from network ...; setenv autoload no; dhcp; run netloadimage; run netloadfdt; run netargs; bootz ${loadaddr} - ${fdtaddr}
netloadfdt=tftp ${fdtaddr} ${fdtfile}
netloadimage=tftp ${loadaddr} ${bootfile}
nfsopts=nolock
partitions=uuid_disk=${uuid_gpt_disk};name=rootfs,start=2MiB,size=-,uuid=${uuid_gpt_rootfs}
pxefile_addr_r=0x80100000
ramdisk_addr_r=0x88080000
rdaddr=0x88080000
rootpath=/export/rootfs
scriptaddr=0x80000000
scsidevs=0
serverip=192.168.0.1
soc=omap5
static_ip=${ipaddr}:${serverip}:${gatewayip}:${netmask}:${hostname}::off
stderr=serial
stdin=serial
stdout=serial
usbethaddr=02:21:03:74:17:10
usbtty=cdc_acm
vendor=ti
ver=U-Boot 2016.05-rc3-00242-g359d4c4 (May 11 2016 - 07:03:49 -0500)
vram=16M
Environment size: 4058/131067 bytes
- 02:22:16 [INFO] Host: setenv bootargs ''${bootargs}' ip=:::::eth0:dhcp '
- 02:22:16 [INFO] Target: 
setenv bootargs ''${bootargs}' ip=:::::eth0:dhcp '
- 02:22:16 [INFO] Host: setenv serverip '192.168.0.1'
- 02:22:16 [INFO] Target: 
setenv serverip '192.168.0.1'
- 02:22:16 [INFO] Host: setenv autoload 'no'
- 02:22:16 [INFO] Target: 
setenv autoload 'no'
- 02:22:16 [INFO] Host: dhcp
- 02:22:19 [INFO] Target: 
dhcp
Waiting for Ethernet connection... done.
BOOTP broadcast 1
BOOTP broadcast 2
BOOTP broadcast 3
DHCP client bound to address 192.168.0.71 (1039 ms)
- 02:22:19 [INFO] Host: tftp ${loadaddr} 192.168.0.1:vatf_omap5-evm/deebbc5b3dc41b952f12ed2d30b9ddd4
- 02:22:24 [INFO] Target: 
tftp ${loadaddr} 192.168.0.1:vatf_omap5-evm/deebbc5b3dc41b952f12ed2d30b9ddd4
Waiting for Ethernet connection... done.
Using sms0 device
TFTP from server 192.168.0.1; our IP address is 192.168.0.71
Filename 'vatf_omap5-evm/deebbc5b3dc41b952f12ed2d30b9ddd4'.
Load address: 0x82000000
Loading: *#################################################################
	 #################################################################
	 #################################################################
	 #################################################################
	 #################################################################
	 #################################################################
	 #################################################################
	 #############
	 2.3 MiB/s
done
Bytes transferred = 6855664 (689bf0 hex)
- 02:22:24 [INFO] Host: tftp ${fdt_addr_r} 192.168.0.1:vatf_omap5-evm/d65169145663a552c8d811c7ed3e374d
- 02:22:26 [INFO] Target: 
tftp ${fdt_addr_r} 192.168.0.1:vatf_omap5-evm/d65169145663a552c8d811c7ed3e374d
Waiting for Ethernet connection... done.
Using sms0 device
TFTP from server 192.168.0.1; our IP address is 192.168.0.71
Filename 'vatf_omap5-evm/d65169145663a552c8d811c7ed3e374d'.
Load address: 0x88000000
Loading: *####
	 2.4 MiB/s
done
Bytes transferred = 54995 (d6d3 hex)
- 02:22:26 [INFO] Host: ls mmc 0:1
- 02:22:26 [INFO] Target: 
ls mmc 0:1
    63736   mlo 
   326400   u-boot.img 
  1867895   u-boot 
            old_uboot/
   304240   u-boot.bin 
   704856   u-boot-spl 
    61536   u-boot-spl.bin 
      259   uboot_build.txt 
        4   ws-calibrate.rules 
        0   pointercal 
9 file(s), 1 dir(s)
- 02:22:26 [INFO] Host: ls mmc 0:2
- 02:22:26 [INFO] Target: 
ls mmc 0:2
<DIR>       4096 .
<DIR>       4096 ..
<DIR>       4096 bin
<DIR>       4096 boot
<DIR>       4096 dev
<DIR>       4096 etc
<DIR>       4096 home
<DIR>       4096 lib
<DIR>       4096 media
<DIR>       4096 mnt
<DIR>       4096 opt
<DIR>       4096 proc
<SYM>          8 run
<DIR>       4096 sbin
<DIR>       4096 srv
<DIR>       4096 sys
<SYM>          8 tmp
<DIR>       4096 usr
<DIR>       4096 var
<DIR>       4096 www
<DIR>       4096 Settings
<DIR>       4096 test
- 02:22:26 [INFO] Host: part uuid mmc 0:2
- 02:22:26 [INFO] Target: 
part uuid mmc 0:2
00000000-02
- 02:22:26 [INFO] Host: printenv
- 02:22:27 [INFO] Target: 
printenv
_initramfs=-
arch=arm
args_mmc=run finduuid;setenv bootargs console=${console} ${optargs} root=PARTUUID=${uuid} rw rootfstype=${mmcrootfstype}
autoload=no
baudrate=115200
board=omap5_uevm
board_name=omap5_uevm
bootargs=console=ttyO2,115200n8 earlyprintk=serial,ttyO2,115200n8 rootwait  ip=:::::eth0:dhcp 
bootcmd=
bootdelay=2
bootdir=/boot
bootenvfile=uEnv.txt
bootfile=zImage
bootm_size=0x10000000
bootpart=0:2
bootscript=echo Running bootscript from mmc${mmcdev} ...; source ${loadaddr}
console=ttyO2,115200n8
cpu=armv7
dfu_alt_info_emmc=rawemmc raw 0 3751936;boot part 1 1;rootfs part 1 2;MLO fat 1 1;MLO.raw raw 0x100 0x100;u-boot.img.raw raw 0x300 0x400;spl-os-args.raw raw 0x80 0x80;spl-os-image.raw raw 0x900 0x2000;spl-os-args fat 1 1;spl-os-image fat 1 1;u-boot.img fat 1 1;uEnv.txt fat 1 1
dfu_alt_info_mmc=boot part 0 1;rootfs part 0 2;MLO fat 0 1;MLO.raw raw 0x100 0x100;u-boot.img.raw raw 0x300 0x400;spl-os-args.raw raw 0x80 0x80;spl-os-image.raw raw 0x900 0x2000;spl-os-args fat 0 1;spl-os-image fat 0 1;u-boot.img fat 0 1;uEnv.txt fat 0 1
dfu_alt_info_ram=kernel ram 0x80200000 0x4000000;fdt ram 0x80f80000 0x80000;ramdisk ram 0x81000000 0x4000000
dfu_bufsiz=0x10000
dnsip=192.0.2.2
dofastboot=0
envboot=mmc dev ${mmcdev}; if mmc rescan; then echo SD/MMC found on device ${mmcdev};if run loadbootscript; then run bootscript;else if run loadbootenv; then echo Loaded env from ${bootenvfile};run importbootenv;fi;if test -n $uenvcmd; then echo Running uenvcmd ...;run uenvcmd;fi;fi;fi;
ethact=sms0
fdt_addr_r=0x88000000
fdtaddr=0x88000000
fdtfile=undefined
fileaddr=88000000
filesize=d6d3
findfdt=if test $board_name = omap5_uevm; then setenv fdtfile omap5-uevm.dtb; fi; if test $board_name = dra7xx; then setenv fdtfile dra7-evm.dtb; fi;if test $board_name = dra72x-revc; then setenv fdtfile dra72-evm-revc.dtb; fi;if test $board_name = dra72x; then setenv fdtfile dra72-evm.dtb; fi;if test $board_name = beagle_x15; then setenv fdtfile am57xx-beagle-x15.dtb; fi;if test $board_name = beagle_x15_revb1; then setenv fdtfile am57xx-beagle-x15-revb1.dtb; fi;if test $board_name = am57xx_evm; then setenv fdtfile am57xx-evm.dtb; fi;if test $board_name = am57xx_evm_reva3; then setenv fdtfile am57xx-evm-reva3.dtb; fi;if test $board_name = am572x_idk; then setenv fdtfile am572x-idk.dtb; fi;if test $board_name = am571x_idk; then setenv fdtfile am571x-idk.dtb; fi;if test $fdtfile = undefined; then echo WARNING: Could not determine device tree to use; fi; 
finduuid=part uuid mmc 0:2 uuid
gatewayip=192.168.0.1
importbootenv=echo Importing environment from mmc${mmcdev} ...; env import -t ${loadaddr} ${filesize}
ipaddr=192.168.0.71
kernel_addr_r=0x82000000
loadaddr=0x82000000
loadbootenv=fatload mmc ${mmcdev} ${loadaddr} ${bootenvfile}
loadbootscript=fatload mmc ${mmcdev} ${loadaddr} boot.scr
loadfdt=load mmc ${bootpart} ${fdtaddr} ${bootdir}/${fdtfile};
loadimage=load mmc ${bootpart} ${loadaddr} ${bootdir}/${bootfile}
mmcboot=mmc dev ${mmcdev}; if mmc rescan; then echo SD/MMC found on device ${mmcdev};if run loadimage; then run loadfdt; echo Booting from mmc${mmcdev} ...; run args_mmc; bootz ${loadaddr} - ${fdtaddr}; fi;fi;
mmcdev=0
mmcrootfstype=ext4 rootwait
netargs=setenv bootargs console=${console} ${optargs} root=/dev/nfs nfsroot=${serverip}:${rootpath},${nfsopts} rw ip=dhcp
netboot=echo Booting from network ...; setenv autoload no; dhcp; run netloadimage; run netloadfdt; run netargs; bootz ${loadaddr} - ${fdtaddr}
netloadfdt=tftp ${fdtaddr} ${fdtfile}
netloadimage=tftp ${loadaddr} ${bootfile}
netmask=255.255.255.0
nfsopts=nolock
partitions=uuid_disk=${uuid_gpt_disk};name=rootfs,start=2MiB,size=-,uuid=${uuid_gpt_rootfs}
pxefile_addr_r=0x80100000
ramdisk_addr_r=0x88080000
rdaddr=0x88080000
rootpath=/export/rootfs
scriptaddr=0x80000000
scsidevs=0
serverip=192.168.0.1
soc=omap5
static_ip=${ipaddr}:${serverip}:${gatewayip}:${netmask}:${hostname}::off
stderr=serial
stdin=serial
stdout=serial
usbethaddr=02:21:03:74:17:10
usbtty=cdc_acm
vendor=ti
ver=U-Boot 2016.05-rc3-00242-g359d4c4 (May 11 2016 - 07:03:49 -0500)
vram=16M
Environment size: 4201/131067 bytes
- 02:22:27 [INFO] Host: setenv bootargs ''${bootargs}' root=PARTUUID=00000000-02 rw rootfstype=ext4 rootwait '
- 02:22:27 [INFO] Target: 
setenv bootargs ''${bootargs}' root=PARTUUID=00000000-02 rw rootfstype=ext4 rootwait '
- 02:22:27 [INFO] Host: printenv
- 02:22:27 [INFO] Target: 
printenv
_initramfs=-
arch=arm
args_mmc=run finduuid;setenv bootargs console=${console} ${optargs} root=PARTUUID=${uuid} rw rootfstype=${mmcrootfstype}
autoload=no
baudrate=115200
board=omap5_uevm
board_name=omap5_uevm
bootargs=console=ttyO2,115200n8 earlyprintk=serial,ttyO2,115200n8 rootwait  ip=:::::eth0:dhcp  root=PARTUUID=00000000-02 rw rootfstype=ext4 rootwait 
bootcmd=
bootdelay=2
bootdir=/boot
bootenvfile=uEnv.txt
bootfile=zImage
bootm_size=0x10000000
bootpart=0:2
bootscript=echo Running bootscript from mmc${mmcdev} ...; source ${loadaddr}
console=ttyO2,115200n8
cpu=armv7
dfu_alt_info_emmc=rawemmc raw 0 3751936;boot part 1 1;rootfs part 1 2;MLO fat 1 1;MLO.raw raw 0x100 0x100;u-boot.img.raw raw 0x300 0x400;spl-os-args.raw raw 0x80 0x80;spl-os-image.raw raw 0x900 0x2000;spl-os-args fat 1 1;spl-os-image fat 1 1;u-boot.img fat 1 1;uEnv.txt fat 1 1
dfu_alt_info_mmc=boot part 0 1;rootfs part 0 2;MLO fat 0 1;MLO.raw raw 0x100 0x100;u-boot.img.raw raw 0x300 0x400;spl-os-args.raw raw 0x80 0x80;spl-os-image.raw raw 0x900 0x2000;spl-os-args fat 0 1;spl-os-image fat 0 1;u-boot.img fat 0 1;uEnv.txt fat 0 1
dfu_alt_info_ram=kernel ram 0x80200000 0x4000000;fdt ram 0x80f80000 0x80000;ramdisk ram 0x81000000 0x4000000
dfu_bufsiz=0x10000
dnsip=192.0.2.2
dofastboot=0
envboot=mmc dev ${mmcdev}; if mmc rescan; then echo SD/MMC found on device ${mmcdev};if run loadbootscript; then run bootscript;else if run loadbootenv; then echo Loaded env from ${bootenvfile};run importbootenv;fi;if test -n $uenvcmd; then echo Running uenvcmd ...;run uenvcmd;fi;fi;fi;
ethact=sms0
fdt_addr_r=0x88000000
fdtaddr=0x88000000
fdtfile=undefined
fileaddr=88000000
filesize=d6d3
findfdt=if test $board_name = omap5_uevm; then setenv fdtfile omap5-uevm.dtb; fi; if test $board_name = dra7xx; then setenv fdtfile dra7-evm.dtb; fi;if test $board_name = dra72x-revc; then setenv fdtfile dra72-evm-revc.dtb; fi;if test $board_name = dra72x; then setenv fdtfile dra72-evm.dtb; fi;if test $board_name = beagle_x15; then setenv fdtfile am57xx-beagle-x15.dtb; fi;if test $board_name = beagle_x15_revb1; then setenv fdtfile am57xx-beagle-x15-revb1.dtb; fi;if test $board_name = am57xx_evm; then setenv fdtfile am57xx-evm.dtb; fi;if test $board_name = am57xx_evm_reva3; then setenv fdtfile am57xx-evm-reva3.dtb; fi;if test $board_name = am572x_idk; then setenv fdtfile am572x-idk.dtb; fi;if test $board_name = am571x_idk; then setenv fdtfile am571x-idk.dtb; fi;if test $fdtfile = undefined; then echo WARNING: Could not determine device tree to use; fi; 
finduuid=part uuid mmc 0:2 uuid
gatewayip=192.168.0.1
importbootenv=echo Importing environment from mmc${mmcdev} ...; env import -t ${loadaddr} ${filesize}
ipaddr=192.168.0.71
kernel_addr_r=0x82000000
loadaddr=0x82000000
loadbootenv=fatload mmc ${mmcdev} ${loadaddr} ${bootenvfile}
loadbootscript=fatload mmc ${mmcdev} ${loadaddr} boot.scr
loadfdt=load mmc ${bootpart} ${fdtaddr} ${bootdir}/${fdtfile};
loadimage=load mmc ${bootpart} ${loadaddr} ${bootdir}/${bootfile}
mmcboot=mmc dev ${mmcdev}; if mmc rescan; then echo SD/MMC found on device ${mmcdev};if run loadimage; then run loadfdt; echo Booting from mmc${mmcdev} ...; run args_mmc; bootz ${loadaddr} - ${fdtaddr}; fi;fi;
mmcdev=0
mmcrootfstype=ext4 rootwait
netargs=setenv bootargs console=${console} ${optargs} root=/dev/nfs nfsroot=${serverip}:${rootpath},${nfsopts} rw ip=dhcp
netboot=echo Booting from network ...; setenv autoload no; dhcp; run netloadimage; run netloadfdt; run netargs; bootz ${loadaddr} - ${fdtaddr}
netloadfdt=tftp ${fdtaddr} ${fdtfile}
netloadimage=tftp ${loadaddr} ${bootfile}
netmask=255.255.255.0
nfsopts=nolock
partitions=uuid_disk=${uuid_gpt_disk};name=rootfs,start=2MiB,size=-,uuid=${uuid_gpt_rootfs}
pxefile_addr_r=0x80100000
ramdisk_addr_r=0x88080000
rdaddr=0x88080000
rootpath=/export/rootfs
scriptaddr=0x80000000
scsidevs=0
serverip=192.168.0.1
soc=omap5
static_ip=${ipaddr}:${serverip}:${gatewayip}:${netmask}:${hostname}::off
stderr=serial
stdin=serial
stdout=serial
usbethaddr=02:21:03:74:17:10
usbtty=cdc_acm
vendor=ti
ver=U-Boot 2016.05-rc3-00242-g359d4c4 (May 11 2016 - 07:03:49 -0500)
vram=16M
Environment size: 4256/131067 bytes
- 02:22:27 [INFO] Host: setenv bootcmd ''${bootcmd}' if iminfo ${loadaddr}; then bootm ${loadaddr} ${_initramfs} ${fdt_addr_r}; else bootz ${loadaddr} ${_initramfs} ${fdt_addr_r}; bootm ${loadaddr} ${_initramfs} ${fdt_addr_r}; fi'
- 02:22:27 [INFO] Target: 
setenv bootcmd ''${bootcmd}' if iminfo ${loadaddr}; then bootm ${loadaddr} ${_initramfs} ${fdt_addr_r}; else bootz ${loadaddr} ${_initramfs} ${fdt_addr_r}; bootm ${loadaddr} ${_initramfs} ${fdt_addr_r}; fi'
- 02:22:27 [INFO] Host: version
- 02:22:28 [INFO] Target: 
version
U-Boot 2016.05-rc3-00242-g359d4c4 (May 11 2016 - 07:03:49 -0500)
arm-linux-gnueabihf-gcc (Linaro GCC 5.3-2016.02) 5.3.1 20160113
GNU ld (GNU Binutils) 2.25.0 Linaro 2015_10
- 02:22:28 [INFO] Host: bdinfo
- 02:22:28 [INFO] Target: 
bdinfo
arch_number = 0x00000EC1
boot_params = 0x80000100
DRAM bank   = 0x00000000
-> start    = 0x80000000
-> size     = 0x7F000000
eth0name    = sms0
ethaddr     = (not set)
current eth = sms0
ip_addr     = 192.168.0.71
baudrate    = 115200 bps
TLB addr    = 0xFEFF0000
relocaddr   = 0xFEF5D000
reloc off   = 0x7E75D000
irq_sp      = 0xFDF3CEE0
sp start    = 0xFDF3CED0
- 02:22:28 [INFO] Host: mmc rescan; echo $?
- 02:22:28 [INFO] Target: 
mmc rescan; echo $?
- 02:22:28 [INFO] Host: fatwrite mmc ${mmcdev}:1 ${loadaddr} ws-calibrate.rules 4
- 02:22:28 [INFO] Target: 
fatwrite mmc ${mmcdev}:1 ${loadaddr} ws-calibrate.rules 4
writing ws-calibrate.rules
4 bytes written
- 02:22:28 [INFO] Host: boot
- 02:25:58 [ERROR] On command: boot waiting for boot.+?(?-mix:login:) >>> error: execution expired
- 02:25:58 [INFO] Target: 
boot
## Checking Image at 82000000 ...
Unknown image format!
Kernel image @ 0x82000000 [ 0x000000 - 0x689bf0 ]
## Flattened Device Tree blob at 88000000
   Booting using the fdt blob at 0x88000000
   Loading Device Tree to 8ffef000, end 8ffff6d2 ... OK
Starting kernel ...
[    0.000000] Booting Linux on physical CPU 0x0
[    0.000000] Linux version 4.7.0-next-20160803-00002-g010c165b6c77 (nmenon@horus) (gcc version 4.9.3 20150413 (prerelease) (Linaro GCC 4.9-2015.05) ) #1 SMP Wed Aug 3 01:20:22 CDT 2016
[    0.000000] CPU: ARMv7 Processor [412fc0f2] revision 2 (ARMv7), cr=10c5387d
[    0.000000] CPU: div instructions available: patching division code
[    0.000000] CPU: PIPT / VIPT nonaliasing data cache, PIPT instruction cache
[    0.000000] OF: fdt:Machine model: TI OMAP5 uEVM board
[    0.000000] cma: Reserved 64 MiB at 0xfa800000
[    0.000000] Memory policy: Data cache writealloc
[    0.000000] OMAP4: Map 0xfee00000 to fe600000 for dram barrier
[    0.000000] OMAP5432 ES2.0
[    0.000000] percpu: Embedded 14 pages/cpu @eefc6000 s26624 r8192 d22528 u57344
[    0.000000] Built 1 zonelists in Zone order, mobility grouping on.  Total pages: 518144
[    0.000000] Kernel command line: console=ttyO2,115200n8 earlyprintk=serial,ttyO2,115200n8 rootwait  ip=:::::eth0:dhcp  root=PARTUUID=00000000-02 rw rootfstype=ext4 rootwait 
[    0.000000] PID hash table entries: 4096 (order: 2, 16384 bytes)
[    0.000000] Dentry cache hash table entries: 131072 (order: 7, 524288 bytes)
[    0.000000] Inode-cache hash table entries: 65536 (order: 6, 262144 bytes)
[    0.000000] Memory: 1978924K/2078720K available (9216K kernel code, 1086K rwdata, 3772K rodata, 2048K init, 342K bss, 34260K reserved, 65536K cma-reserved, 1226752K highmem)
[    0.000000] Virtual kernel memory layout:
[    0.000000]     vector  : 0xffff0000 - 0xffff1000   (   4 kB)
[    0.000000]     fixmap  : 0xffc00000 - 0xfff00000   (3072 kB)
[    0.000000]     vmalloc : 0xf0800000 - 0xff800000   ( 240 MB)
[    0.000000]     lowmem  : 0xc0000000 - 0xf0000000   ( 768 MB)
[    0.000000]     pkmap   : 0xbfe00000 - 0xc0000000   (   2 MB)
[    0.000000]     modules : 0xbf000000 - 0xbfe00000   (  14 MB)
[    0.000000]       .text : 0xc0208000 - 0xc0c00000   (10208 kB)
[    0.000000]       .init : 0xc1000000 - 0xc1200000   (2048 kB)
[    0.000000]       .data : 0xc1200000 - 0xc130f880   (1087 kB)
[    0.000000]        .bss : 0xc1311000 - 0xc1366bc8   ( 343 kB)
[    0.000000] SLUB: HWalign=64, Order=0-3, MinObjects=0, CPUs=2, Nodes=1
[    0.000000] Hierarchical RCU implementation.
[    0.000000] 	Build-time adjustment of leaf fanout to 32.
[    0.000000] 	RCU restricting CPUs from NR_CPUS=16 to nr_cpu_ids=2.
[    0.000000] RCU: Adjusting geometry for rcu_fanout_leaf=32, nr_cpu_ids=2
[    0.000000] NR_IRQS:16 nr_irqs:16 16
[    0.000000] OMAP clockevent source: timer1 at 32768 Hz
[    0.000000] arm_arch_timer: Architected cp15 timer(s) running at 6.14MHz (virt).
[    0.000000] clocksource: arch_sys_counter: mask: 0xffffffffffffff max_cycles: 0x16ac02862, max_idle_ns: 440795202218 ns
[    0.000004] sched_clock: 56 bits at 6MHz, resolution 162ns, wraps every 4398046511085ns
[    0.000014] Switching to timer-based delay loop, resolution 162ns
[    0.002164] clocksource: 32k_counter: mask: 0xffffffff max_cycles: 0xffffffff, max_idle_ns: 58327039986419 ns
[    0.002170] OMAP clocksource: 32k_counter at 32768 Hz
[    0.004080] Console: colour dummy device 80x30
[    0.004101] Calibrating delay loop (skipped), value calculated using timer frequency.. 12.28 BogoMIPS (lpj=30720)
[    0.004112] pid_max: default: 32768 minimum: 301
[    0.004185] Mount-cache hash table entries: 2048 (order: 1, 8192 bytes)
[    0.004193] Mountpoint-cache hash table entries: 2048 (order: 1, 8192 bytes)
[    0.004679] CPU: Testing write buffer coherency: ok
[    0.004828] /cpus/cpu@0 missing clock-frequency property
[    0.004840] /cpus/cpu@1 missing clock-frequency property
[    0.004849] CPU0: thread -1, cpu 0, socket 0, mpidr 80000000
[    0.004894] Setting up static identity map for 0x80300000 - 0x80300098
[    0.008651] CPU1: thread -1, cpu 1, socket 0, mpidr 80000001
[    0.008723] Brought up 2 CPUs
[    0.008735] SMP: Total of 2 processors activated (24.57 BogoMIPS).
[    0.008740] CPU: All CPU(s) started in SVC mode.
[    0.009735] devtmpfs: initialized
[    0.023032] VFP support v0.3: implementor 41 architecture 4 part 30 variant f rev 0
[    0.023350] clocksource: jiffies: mask: 0xffffffff max_cycles: 0xffffffff, max_idle_ns: 9556302231375000 ns
[    0.024151] pinctrl core: initialized pinctrl subsystem
[    0.025422] NET: Registered protocol family 16
[    0.026879] DMA: preallocated 256 KiB pool for atomic coherent allocations
[    0.027721] omap_hwmod: l3_main_3 using broken dt data from ocp
[    0.028241] omap_hwmod: l3_main_2 using broken dt data from ocp
[    0.105052] cpuidle: using governor menu
[    0.110298] OMAP GPIO hardware version 0.1
[    0.115302] GPIO line 234 (gpio8_234/msecure) hogged as output/high
[    0.115910] platform 50000000.gpmc: Cannot lookup hwmod 'gpmc'
[    0.116041] omap-gpmc 50000000.gpmc: _od_fail_runtime_resume: FIXME: missing hwmod/omap_dev info
[    0.116052] omap-gpmc 50000000.gpmc: GPMC revision 6.0
[    0.118763] irq: no irq domain found for /ocp/l4@4a000000/scm@2800/pinmux@40 !
[    0.120020] irq: no irq domain found for /ocp/l4@4a000000/scm@2800/pinmux@40 !
[    0.129446] No ATAGs?hw-breakpoint: found 5 (+1 reserved) breakpoint and 4 watchpoint registers.
[    0.129470] hw-breakpoint: maximum watchpoint size is 8 bytes.
[    0.130273] OMAP DMA hardware revision 0.0
[    0.135138] Serial: AMBA PL011 UART driver
[    0.158233] omap-dma-engine 4a056000.dma-controller: OMAP DMA engine driver
[    0.160056] vsys_cobra: supplied by vmain
[    0.160548] reg-fixed-voltage fixedregulator-mmcsdio: could not find pctldev for node /ocp/l4@4a000000/scm@2800/pinmux@40/pinmux_wlan_pins, deferring probe
[    0.163367] vgaarb: loaded
[    0.163997] SCSI subsystem initialized
[    0.164281] usbcore: registered new interface driver usbfs
[    0.164327] usbcore: registered new interface driver hub
[    0.164364] usbcore: registered new device driver usb
[    0.164882] omap_i2c 48070000.i2c: could not find pctldev for node /ocp/l4@4a000000/scm@2800/pinmux@40/pinmux_i2c1_pins, deferring probe
[    0.165173] omap_i2c 48072000.i2c: bus 1 rev0.12 at 100 kHz
[    0.165433] omap_i2c 48060000.i2c: bus 2 rev0.12 at 100 kHz
[    0.165681] omap_i2c 4807a000.i2c: bus 3 rev0.12 at 100 kHz
[    0.165712] omap_i2c 4807c000.i2c: could not find pctldev for node /ocp/l4@4a000000/scm@2800/pinmux@40/pinmux_i2c5_pins, deferring probe
[    0.166560] pps_core: LinuxPPS API ver. 1 registered
[    0.166566] pps_core: Software ver. 5.3.6 - Copyright 2005-2007 Rodolfo Giometti <giometti@linux.it>
[    0.166582] PTP clock support registered
[    0.166752] EDAC MC: Ver: 3.0.0
[    0.168633] clocksource: Switched to clocksource arch_sys_counter
[    0.175965] NET: Registered protocol family 2
[    0.176312] TCP established hash table entries: 8192 (order: 3, 32768 bytes)
[    0.176372] TCP bind hash table entries: 8192 (order: 4, 65536 bytes)
[    0.176496] TCP: Hash tables configured (established 8192 bind 8192)
[    0.176536] UDP hash table entries: 512 (order: 2, 16384 bytes)
[    0.176564] UDP-Lite hash table entries: 512 (order: 2, 16384 bytes)
[    0.176670] NET: Registered protocol family 1
[    0.176894] RPC: Registered named UNIX socket transport module.
[    0.176900] RPC: Registered udp transport module.
[    0.176906] RPC: Registered tcp transport module.
[    0.176911] RPC: Registered tcp NFSv4.1 backchannel transport module.
[    0.210079] hw perfevents: /pmu: failed to probe PMU!
[    0.210087] hw perfevents: /pmu: failed to register PMU devices!
[    0.210100] armv7-pmu: probe of pmu failed with error -22
[    0.211719] futex hash table entries: 512 (order: 3, 32768 bytes)
[    0.212078] workingset: timestamp_bits=30 max_order=19 bucket_order=0
[    0.220018] squashfs: version 4.0 (2009/01/31) Phillip Lougher
[    0.220606] NFS: Registering the id_resolver key type
[    0.220622] Key type id_resolver registered
[    0.220628] Key type id_legacy registered
[    0.220660] ntfs: driver 2.1.32 [Flags: R/O].
[    0.221546] bounce: pool size: 64 pages
[    0.221692] Block layer SCSI generic (bsg) driver version 0.4 loaded (major 248)
[    0.221699] io scheduler noop registered
[    0.221705] io scheduler deadline registered
[    0.221844] io scheduler cfq registered (default)
[    0.226077] ti-pipe3 4a096000.phy: can't get syscon-pllreset, sata dpll won't idle
[    0.227857] libphy: mdio_driver_register: phy-bcm-ns2-pci
[    0.229085] pinctrl-single 4a002840.pinmux: 219 pins at pa fc002840 size 438
[    0.229271] pinctrl-single 4ae0c840.pinmux: 30 pins at pa fce0c840 size 60
[    0.286688] Serial: 8250/16550 driver, 4 ports, IRQ sharing disabled
[    0.289088] SuperH (H)SCI(F) driver initialized
[    0.290045] msm_serial: driver initialized
[    0.290248] omap_uart 4806a000.serial: no wakeirq for uart0
[    0.290331] 4806a000.serial: ttyO0 at MMIO 0x4806a000 (irq = 304, base_baud = 3000000) is a OMAP UART0
[    0.290590] omap_uart 4806c000.serial: no wakeirq for uart1
[    0.290655] 4806c000.serial: ttyO1 at MMIO 0x4806c000 (irq = 305, base_baud = 3000000) is a OMAP UART1
[    0.290982] 48020000.serial: ttyO2 at MMIO 0x48020000 (irq = 306, base_baud = 3000000) is a OMAP UART2
[    1.138104] console [ttyO2] enabled
[    1.141989] omap_uart 4806e000.serial: no wakeirq for uart3
[    1.147876] 4806e000.serial: ttyO3 at MMIO 0x4806e000 (irq = 307, base_baud = 3000000) is a OMAP UART3
[    1.157851] omap_uart 48066000.serial: no wakeirq for uart4
[    1.163729] 48066000.serial: ttyO4 at MMIO 0x48066000 (irq = 308, base_baud = 3000000) is a OMAP UART4
[    1.173692] omap_uart 48068000.serial: no wakeirq for uart5
[    1.179562] 48068000.serial: ttyO5 at MMIO 0x48068000 (irq = 309, base_baud = 3000000) is a OMAP UART5
[    1.189583] STMicroelectronics ASC driver initialized
[    1.197944] [drm] Initialized drm 1.1.0 20060810
[    1.214758] brd: module loaded
[    1.221996] loop: module loaded
[    1.226915] ahci 4a140000.sata: SSS flag set, parallel bus scan disabled
[    1.233942] ahci 4a140000.sata: AHCI 0001.0300 32 slots 1 ports 3 Gbps 0x1 impl platform mode
[    1.242856] ahci 4a140000.sata: flags: 64bit ncq sntf stag pm led clo only pmp pio slum part ccc apst 
[    1.253291] scsi host0: ahci
[    1.256524] ata1: SATA max UDMA/133 mmio [mem 0x4a140000-0x4a1410ff] port 0x100 irq 336
[    1.272254] libphy: Fixed MDIO Bus: probed
[    1.277209] CAN device driver interface
[    1.283254] igb: Intel(R) Gigabit Ethernet Network Driver - version 5.3.0-k
[    1.290513] igb: Copyright (c) 2007-2014 Intel Corporation.
[    1.299467] pegasus: v0.9.3 (2013/04/25), Pegasus/Pegasus II USB Ethernet driver
[    1.307237] usbcore: registered new interface driver pegasus
[    1.313183] usbcore: registered new interface driver asix
[    1.318851] usbcore: registered new interface driver ax88179_178a
[    1.325236] usbcore: registered new interface driver cdc_ether
[    1.331368] usbcore: registered new interface driver smsc75xx
[    1.337410] usbcore: registered new interface driver smsc95xx
[    1.343443] usbcore: registered new interface driver net1080
[    1.349383] usbcore: registered new interface driver cdc_subset
[    1.355596] usbcore: registered new interface driver zaurus
[    1.361459] usbcore: registered new interface driver cdc_ncm
[    1.367988] omap-dwc3 4a020000.omap_dwc3: vbus init failed
[    1.374868] ehci_hcd: USB 2.0 'Enhanced' Host Controller (EHCI) Driver
[    1.381688] ehci-pci: EHCI PCI platform driver
[    1.386368] ehci-platform: EHCI generic platform driver
[    1.392025] ehci-orion: EHCI orion driver
[    1.396350] SPEAr-ehci: EHCI SPEAr driver
[    1.400677] ehci-st: EHCI STMicroelectronics driver
[    1.405909] ehci-exynos: EHCI EXYNOS driver
[    1.410436] ehci-atmel: EHCI Atmel driver
[    1.414765] tegra-ehci: Tegra EHCI driver
[    1.419118] ohci_hcd: USB 1.1 'Open' Host Controller (OHCI) Driver
[    1.425578] ohci-pci: OHCI PCI platform driver
[    1.430258] ohci-platform: OHCI generic platform driver
[    1.435877] ohci-omap3: OHCI OMAP3 driver
[    1.450782] ohci-omap3 4a064800.ohci: OHCI Host Controller
[    1.456527] ohci-omap3 4a064800.ohci: new USB bus registered, assigned bus number 1
[    1.464641] ohci-omap3 4a064800.ohci: irq 403, io mem 0x4a064800
[    1.548322] hub 1-0:1.0: USB hub found
[    1.552281] hub 1-0:1.0: 3 ports detected
[    1.556865] SPEAr-ohci: OHCI SPEAr driver
[    1.561224] ohci-st: OHCI STMicroelectronics driver
[    1.566460] ohci-atmel: OHCI Atmel driver
[    1.571345] usbcore: registered new interface driver usb-storage
[    1.578964] ata1: SATA link down (SStatus 0 SControl 300)
[    1.584730] mousedev: PS/2 mouse device common for all mice
[    1.593548] i2c /dev entries driver
[    1.609301] sdhci: Secure Digital Host Controller Interface driver
[    1.615758] sdhci: Copyright(c) Pierre Ossman
[    1.679625] Synopsys Designware Multimedia Card Interface Driver
[    1.686965] sdhci-pltfm: SDHCI platform and OF driver helper
[    1.695369] ledtrig-cpu: registered to indicate activity on CPUs
[    1.701953] usbcore: registered new interface driver usbhid
[    1.707773] usbhid: USB HID core driver
[    1.717554] NET: Registered protocol family 10
[    1.722783] sit: IPv6, IPv4 and MPLS over IPv4 tunneling driver
[    1.729472] NET: Registered protocol family 17
[    1.734125] can: controller area network core (rev 20120528 abi 9)
[    1.740624] NET: Registered protocol family 29
[    1.745263] can: raw protocol (rev 20120528)
[    1.749722] can: broadcast manager protocol (rev 20160617 t)
[    1.755638] can: netlink gateway (rev 20130117) max_hops=1
[    1.761659] Key type dns_resolver registered
[    1.766277] omap_vc_init_channel: No PMIC info for vdd_core
[    1.772094] omap_vp_init: No PMIC info for vdd_core
[    1.777192] omap_vc_init_channel: No PMIC info for vdd_mm
[    1.782826] omap_vp_init: No PMIC info for vdd_mm
[    1.787737] omap_vc_init_channel: No PMIC info for vdd_mpu
[    1.793466] omap_vp_init: No PMIC info for vdd_mpu
[    1.798553] Power Management for TI OMAP4+ devices.
[    1.803790] ThumbEE CPU extension supported.
[    1.808261] Registering SWP/SWPB emulation handler
[    1.815426] palmas 0-0048: Irq flag is 0x00000000
[    1.835660] palmas 0-0048: Muxing GPIO 2, PWM 0, LED 0
[    1.846604] palmas-rtc 48070000.i2c:palmas@48:rtc: rtc core: registered 48070000.i2c:palmas as rtc0
[    1.862079] SMPS6: supplied by vsys_cobra
[    1.866600] smps6: Bringing 1350000uV into 1200000-1200000uV
[    1.874233] SMPS7: supplied by vsys_cobra
[    1.878118] mmc0: new high speed MMC card at address 0001
[    1.884247] mmcblk0: mmc0:0001 SEM04G 3.69 GiB 
[    1.889052] random: fast init done
[    1.892771] mmcblk0boot0: mmc0:0001 SEM04G partition 1 2.00 MiB
[    1.899124] mmcblk0boot1: mmc0:0001 SEM04G partition 2 2.00 MiB
[    1.905550] vdds_1v8_main: supplied by smps7
[    1.910624]  mmcblk0: p1 p2
[    1.913871] SMPS8: supplied by vsys_cobra
[    1.919592] SMPS9: supplied by vsys_cobra
[    1.924128] smps9: Bringing 0uV into 2100000-2100000uV
[    1.932135] LDO1: supplied by vsys_cobra
[    1.936565] ldo1: Bringing 0uV into 1800000-1800000uV
[    1.942959] LDO2: supplied by vsys_cobra
[    1.947387] ldo2: Bringing 0uV into 2800000-2800000uV
[    1.953785] LDO3: supplied by vdds_1v8_main
[    1.959820] LDO4: supplied by vdds_1v8_main
[    1.964535] ldo4: Bringing 0uV into 1800000-1800000uV
[    1.970920] LDO5: supplied by vsys_cobra
[    1.976695] LDO6: supplied by vdds_1v8_main
[    1.984249] LDO7: supplied by vsys_cobra
[    1.988673] ldo7: Bringing 0uV into 2000000-2000000uV
[    1.995095] LDO8: supplied by vsys_cobra
[    2.000855] LDO9: supplied by vmmcsd_fixed
[    2.007273] LDOLN: supplied by vsys_cobra
[    2.013125] LDOUSB: supplied by vsys_cobra
[    2.021622] omap_i2c 48070000.i2c: bus 0 rev0.12 at 400 kHz
[    2.039434] omap_i2c 4807c000.i2c: bus 4 rev0.12 at 400 kHz
[    2.046101] Unhandled fault: imprecise external abort (0x1406) at 0x00000000
[    2.046104] ------------[ cut here ]------------
[    2.046119] WARNING: CPU: 0 PID: 0 at drivers/bus/omap_l3_noc.c:147 l3_interrupt_handler+0x23c/0x340
[    2.046124] 44000000.ocp:L3 Custom Error: MASTER MPU TARGET L4CFG (Read): Data Access in User mode during Functional access
[    2.046129] Modules linked in:
[    2.046136] CPU: 0 PID: 0 Comm: swapper/0 Not tainted 4.7.0-next-20160803-00002-g010c165b6c77 #1
[    2.046139] Hardware name: Generic OMAP5 (Flattened Device Tree)
[    2.046157] [<c0310518>] (unwind_backtrace) from [<c030bb14>] (show_stack+0x10/0x14)
[    2.046166] [<c030bb14>] (show_stack) from [<c059673c>] (dump_stack+0x98/0xac)
[    2.046176] [<c059673c>] (dump_stack) from [<c0342a44>] (__warn+0xe8/0x100)
[    2.046185] [<c0342a44>] (__warn) from [<c0342a94>] (warn_slowpath_fmt+0x38/0x48)
[    2.046192] [<c0342a94>] (warn_slowpath_fmt) from [<c05c8344>] (l3_interrupt_handler+0x23c/0x340)
[    2.046202] [<c05c8344>] (l3_interrupt_handler) from [<c0387c74>] (__handle_irq_event_percpu+0x88/0x118)
[    2.046210] [<c0387c74>] (__handle_irq_event_percpu) from [<c0387d20>] (handle_irq_event_percpu+0x1c/0x58)
[    2.046217] [<c0387d20>] (handle_irq_event_percpu) from [<c0387da0>] (handle_irq_event+0x44/0x68)
[    2.046224] [<c0387da0>] (handle_irq_event) from [<c038b160>] (handle_fasteoi_irq+0xb4/0x194)
[    2.046231] [<c038b160>] (handle_fasteoi_irq) from [<c03872c0>] (generic_handle_irq+0x24/0x34)
[    2.046237] [<c03872c0>] (generic_handle_irq) from [<c0387590>] (__handle_domain_irq+0x5c/0xb4)
[    2.046244] [<c0387590>] (__handle_domain_irq) from [<c0301764>] (gic_handle_irq+0x54/0x98)
[    2.046250] [<c0301764>] (gic_handle_irq) from [<c030c68c>] (__irq_svc+0x6c/0x90)
[    2.046253] Exception stack(0xc1201f50 to 0xc1201f98)
[    2.046259] 1f40:                                     00000001 00000000 ea000016 f0880000
[    2.046265] 1f60: c1200000 c120243c 00000001 00000000 00000000 c1117080 c12024a8 c12024a0
[    2.046271] 1f80: 00000000 c1201fa0 c032b628 c03088d4 a0000013 ffffffff
[    2.046280] [<c030c68c>] (__irq_svc) from [<c03088d4>] (arch_cpu_idle+0x20/0x3c)
[    2.046289] [<c03088d4>] (arch_cpu_idle) from [<c037acbc>] (cpu_startup_entry+0x1d0/0x22c)
[    2.046299] [<c037acbc>] (cpu_startup_entry) from [<c1000c50>] (start_kernel+0x374/0x380)
[    2.046306] [<c1000c50>] (start_kernel) from [<8020807c>] (0x8020807c)
[    2.046309] ---[ end trace 9c9bf095ad807560 ]---
[    2.276905] pgd = c0204000
[    2.279732] [00000000] *pgd=00000000
[    2.283473] Internal error: : 1406 [#1] SMP ARM
[    2.288212] Modules linked in:
[    2.291404] CPU: 1 PID: 93 Comm: irq/333-dwc3-om Tainted: G        W       4.7.0-next-20160803-00002-g010c165b6c77 #1
[    2.302511] Hardware name: Generic OMAP5 (Flattened Device Tree)
[    2.308792] task: ee6f1a40 task.stack: ee748000
[    2.313535] PC is at dwc3_omap_interrupt_thread+0x20/0x80
[    2.319180] LR is at irq_thread_fn+0x1c/0x34
[    2.323650] pc : [<c091a698>]    lr : [<c0388ccc>]    psr: 60000013
[    2.323650] sp : ee749f18  ip : 00000000  fp : 00000000
[    2.335664] r10: 00000000  r9 : c130f60c  r8 : c0388cb0
[    2.341128] r7 : 00000000  r6 : ee1c4d80  r5 : ee726624  r4 : ee728110
[    2.347958] r3 : fc020034  r2 : fc020000  r1 : ee728110  r0 : 0000014d
[    2.354784] Flags: nZCv  IRQs on  FIQs on  Mode SVC_32  ISA ARM  Segment none
[    2.362257] Control: 10c5387d  Table: 8020406a  DAC: 00000051
[    2.368269] Process irq/333-dwc3-om (pid: 93, stack limit = 0xee748220)
[    2.375191] Stack: (0xee749f18 to 0xee74a000)
[    2.379734] 9f00:                                                       ee726600 ee726624
[    2.388296] 9f20: ee1c4d80 ee726600 c0388cb0 c0388ccc ee748000 ee726624 ee1c4d80 c0388fdc
[    2.396855] 9f40: 00000000 c0388de4 00000000 ee726640 ee726600 c0388ea0 00000000 00000000
[    2.405413] 9f60: 00000000 c035dc18 ce041f60 00000000 00000000 ee726600 00000000 00000000
[    2.413973] 9f80: ee749f80 ee749f80 00000000 00000000 ee749f90 ee749f90 ee749fac ee726640
[    2.422538] 9fa0: c035db3c 00000000 00000000 c0307eb8 00000000 00000000 00000000 00000000
[    2.431090] 9fc0: 00000000 00000000 00000000 00000000 00000000 00000000 00000000 00000000
[    2.439652] 9fe0: 00000000 00000000 00000000 00000000 00000013 00000000 00000000 00000000
[    2.448209] [<c091a698>] (dwc3_omap_interrupt_thread) from [<c0388ccc>] (irq_thread_fn+0x1c/0x34)
[    2.457501] [<c0388ccc>] (irq_thread_fn) from [<c0388fdc>] (irq_thread+0x13c/0x1ec)
[    2.465515] [<c0388fdc>] (irq_thread) from [<c035dc18>] (kthread+0xdc/0xf4)
[    2.472805] [<c035dc18>] (kthread) from [<c0307eb8>] (ret_from_fork+0x14/0x3c)
[    2.480356] Code: e2833034 e0823003 e5937000 f57ff04f (e5916014) 
[    2.486735] ---[ end trace 9c9bf095ad807561 ]---
[    2.491574] Unable to handle kernel paging request at virtual address ffffffec
[    2.499129] pgd = c0204000
[    2.501955] [ffffffec] *pgd=affff861, *pte=00000000, *ppte=00000000
[    2.508535] Internal error: Oops: 37 [#2] SMP ARM
[    2.513447] Modules linked in:
[    2.516644] CPU: 1 PID: 93 Comm: irq/333-dwc3-om Tainted: G      D W       4.7.0-next-20160803-00002-g010c165b6c77 #1
[    2.527741] Hardware name: Generic OMAP5 (Flattened Device Tree)
[    2.534024] task: ee6f1a40 task.stack: ee748000
[    2.538762] PC is at kthread_data+0x4/0xc
[    2.542956] LR is at irq_thread_dtor+0x28/0xbc
[    2.547605] pc : [<c035e1e4>]    lr : [<c0388e0c>]    psr: 20000193
[    2.547605] sp : ee749d58  ip : ee749f84  fp : c091a69a
[    2.559617] r10: ee6f1e38  r9 : c091a69c  r8 : ee749d80
[    2.565079] r7 : ee6f1a40  r6 : 00000000  r5 : c1314204  r4 : ee6f1a40
[    2.571908] r3 : 00000000  r2 : ee749f40  r1 : 00000009  r0 : ee6f1a40
[    2.578740] Flags: nzCv  IRQs off  FIQs on  Mode SVC_32  ISA ARM  Segment none
[    2.586295] Control: 10c5387d  Table: 8020406a  DAC: 00000051
[    2.592304] Process irq/333-dwc3-om (pid: 93, stack limit = 0xee748220)
[    2.599220] Stack: (0xee749d58 to 0xee74a000)
[    2.603778] 9d40:                                                       ee6f1e24 c1314204
[    2.612339] 9d60: 00000000 c035c430 ee6f1a40 00000000 0000000b 00000001 ee749d80 c0344e80
[    2.620898] 9d80: c0e664ec ee749d9c c12365a8 c1311604 c12075e8 ee749ec8 60000193 0000000b
[    2.629451] 9da0: c091a69c 00000001 c091a69a c030bf78 ee748220 0000000b 00000000 ee748000
[    2.638014] 9dc0: bf000000 00000008 65000000 33333832 20343330 32383065 33303033 39356520
[    2.646572] 9de0: 30303733 35662030 30666637 28206634 31393565 34313036 c0002029 ee749e1c
[    2.655125] 9e00: c0e56434 c1208034 00001406 00000007 00000000 ee749ec8 ee748000 00000000
[    2.663690] 9e20: 00000000 c0301328 00000000 ee075ac0 00000007 00000000 00030003 00000000
[    2.672251] 9e40: c1117d80 ee6f1d64 2dec2000 c120263c eefd9d80 c0373f2c c1117d80 ee075a40
[    2.680810] 9e60: 00000001 c1117d80 eefd9d80 eefd9d80 eefda1d0 ffffffff ee6f1b80 eefd9d80
[    2.689368] 9e80: c120263c c130f606 00000002 c1117d80 ee6f1b80 c0376984 c1117d80 ee6f1a40
[    2.697928] 9ea0: ee6f1a40 eefd9d80 eefd9e48 ee6f1b80 c091a698 60000013 ffffffff ee749efc
[    2.706487] 9ec0: c0388cb0 c030c5f8 0000014d ee728110 fc020000 fc020034 ee728110 ee726624
[    2.715046] 9ee0: ee1c4d80 00000000 c0388cb0 c130f60c 00000000 00000000 00000000 ee749f18
[    2.723607] 9f00: c0388ccc c091a698 60000013 ffffffff 00000051 00000000 ee726600 ee726624
[    2.732164] 9f20: ee1c4d80 ee726600 c0388cb0 c0388ccc ee748000 ee726624 ee1c4d80 c0388fdc
[    2.740724] 9f40: 00000000 c0388de4 00000000 ee726640 ee726600 c0388ea0 00000000 00000000
[    2.749285] 9f60: 00000000 c035dc18 ce041f60 00000000 00000000 ee726600 00000000 00000000
[    2.757847] 9f80: ee749f80 ee749f80 00000001 00010001 ee749f90 ee749f90 ee749fac ee726640
[    2.766411] 9fa0: c035db3c 00000000 00000000 c0307eb8 00000000 00000000 00000000 00000000
[    2.774967] 9fc0: 00000000 00000000 00000000 00000000 00000000 00000000 00000000 00000000
[    2.783518] 9fe0: 00000000 00000000 00000000 00000000 00000013 00000000 00000000 00000000
[    2.792083] [<c035e1e4>] (kthread_data) from [<c0388e0c>] (irq_thread_dtor+0x28/0xbc)
[    2.800278] [<c0388e0c>] (irq_thread_dtor) from [<c035c430>] (task_work_run+0xb8/0xe8)
[    2.808573] [<c035c430>] (task_work_run) from [<c0344e80>] (do_exit+0x320/0xa84)
[    2.816317] [<c0344e80>] (do_exit) from [<c030bf78>] (die+0x460/0x46c)
[    2.823151] [<c030bf78>] (die) from [<c0301328>] (do_DataAbort+0xb4/0xb8)
[    2.830247] [<c0301328>] (do_DataAbort) from [<c030c5f8>] (__dabt_svc+0x58/0x80)
[    2.837980] Exception stack(0xee749ec8 to 0xee749f10)
[    2.843260] 9ec0:                   0000014d ee728110 fc020000 fc020034 ee728110 ee726624
[    2.851817] 9ee0: ee1c4d80 00000000 c0388cb0 c130f60c 00000000 00000000 00000000 ee749f18
[    2.860374] 9f00: c0388ccc c091a698 60000013 ffffffff
[    2.865662] [<c030c5f8>] (__dabt_svc) from [<c091a698>] (dwc3_omap_interrupt_thread+0x20/0x80)
[    2.874672] [<c091a698>] (dwc3_omap_interrupt_thread) from [<c0388ccc>] (irq_thread_fn+0x1c/0x34)
[    2.883958] [<c0388ccc>] (irq_thread_fn) from [<c0388fdc>] (irq_thread+0x13c/0x1ec)
[    2.891961] [<c0388fdc>] (irq_thread) from [<c035dc18>] (kthread+0xdc/0xf4)
[    2.899250] [<c035dc18>] (kthread) from [<c0307eb8>] (ret_from_fork+0x14/0x3c)
[    2.906811] Code: e3a02002 e0431101 eaffff8f e59032f8 (e5130014) 
[    2.913189] ---[ end trace 9c9bf095ad807562 ]---
[    2.918017] Fixing recursive fault but reboot is needed!
- 02:25:58 [INFO] Boot attempt 1/1 failed
- 02:25:58 [INFO] Collecting kernel traces via sysrq...
- 02:26:08 [INFO] 
- 02:26:19 [INFO] 
- 02:26:29 [INFO] 
- 02:26:29 [INFO] Disconnected serial from omap5-evm
URL:gtsystest.telogy.design.ti.com/vatf/tigtfarm08/tigtfarm08_vatf@omap5-evm/tigtfarm0808_03_2016_02_21_47/files/session_iteration_1/test_1
