- 07:07:10 [INFO] Starting target session
- 07:07:10 [INFO] Connected to omap5-evm via serial 
- 07:07:10 [INFO] Host: #check prompt
- 07:07:13 [ERROR] On command: #check prompt waiting for #check prompt.+?(?-mix:((?-mix:login:)|[Pp]assword)) >>> error: execution expired
- 07:07:13 [INFO] Target: 
#check prompt
root@omap5-evm:/test# 
- 07:07:13 [INFO] Host: #check prompt
- 07:07:13 [INFO] Target: 
#check prompt
root@omap5-evm:/test# 
- 07:07:13 [INFO] Host: sync;poweroff
- 07:07:27 [INFO] Target: 
sync;poweroff
Broadcast message from root@omap5-evm (ttyO2) (Mon Dec 22 06:16:49 2014):
The system is going down for j(*UI55jRroot@omap5-evm:/test# 
INIT: Sending procStopping Dropbear SSH server: stopped /usr/sbin/dropbear (pid 616)
dropbear.
Stopping telnet daemon.
Stopping system message bus: hwclock: can't open '/dev/misc/rtc': No such file or directory
Error opening /dev/fb0: No such file or directory
Stopping syslogd/klogd: stopped syslogd (pid 627)
stopped klogd (pid 630)
done
Stopping thttpd.
ALSA: Storing mixer settings...
/usr/sbin/alsactl: save_state:1580: No soundcards found...
Deconfiguring network interfaces... ifdown: interface eth0 not configured
done.
Stopping Lighttpd Web Server: stopped /usr/sbin/lighttpd (pid 641)
lighttpd.
Stopping Matrix GUI applicationstart-stop-daemon: warning: killing process 648: No such process
***************************************************************
***************************************************************
NOTICE: This file system contains the followin GPLv3 packages:
	binutils-symlinks
	binutils
	gdbserver
	parted
If you do not wish to distribute GPLv3 components please remove
the above packages prior to distribution.  This can be done using
the opkg remove command.  i.e.:
    opkg remove <package>
Where <package> is the name printed in the list above
NOTE: If the package is a dependency of another package you
      will be notified of the dependent packages.  You should
      use the --force-removal-of-dependent-packages option to
      also remove the dependent packages as well
***************************************************************
***************************************************************
Sending all processes the TERM signal...
Sending all processes the KILL signal...
Unmounting remote filesystems...
Deactivating swap...
Unmounting local filesystems...
[ 1219.668775] EXT4-fs (mmcblk1p2): re-mounted. Opts: data=ordered
[ 1222.105765] reboot: Power down
- 07:07:27 [INFO] Disconnected serial from omap5-evm
- 07:07:32 [INFO] Connected to omap5-evm via serial 
- 07:07:32 [INFO] Host: 
- 07:07:33 [INFO] Target: 
SATA link 0 timeout.
AHCI 0001.0300 32 slots 1 ports 3 Gbps 0x1 impl SATA mode
flags: 64bit ncq stag pm led clo only pmp pio slum part ccc apst 
scanning bus for devices...
Found 0 device(s).
SCSI:  Net:   No ethernet found.
Hit any key to stop autoboot:  1  0 
U-Boot# 
U-Boot# 
U-Boot# 
U-Boot# 
U-Boot# 
- 07:07:33 [INFO] Host: 
- 07:07:33 [INFO] Target: 
U-Boot# 
- 07:07:33 [INFO] Host: version
- 07:07:33 [INFO] Target: 
U-Boot# version
U-Boot 2014.07-00071-gaca0808 (Oct 02 2014 - 11:23:17)
arm-linux-gnueabihf-gcc (crosstool-NG linaro-1.13.1-4.7-2013.03-20130313 - Linaro GCC 2013.03) 4.7.3 20130226 (prerelease)
GNU ld (crosstool-NG linaro-1.13.1-4.7-2013.03-20130313 - Linaro GCC 2013.03) 2.23.1
U-Boot# 
- 07:07:33 [INFO] Host: setenv bootargs 'console=ttyO2,115200n8 earlyprintk rootwait '
- 07:07:33 [INFO] Target: 
setenv bootargs 'console=ttyO2,115200n8 earlyprintk rootwait '
U-Boot# 
- 07:07:33 [INFO] Host: setenv bootcmd  ''
- 07:07:33 [INFO] Target: 
setenv bootcmd  ''
U-Boot# 
- 07:07:33 [INFO] Host: setenv autoload 'no'
- 07:07:33 [INFO] Target: 
setenv autoload 'no'
U-Boot# 
- 07:07:33 [INFO] Host: setenv serverip '192.168.0.1'
- 07:07:33 [INFO] Target: 
setenv serverip '192.168.0.1'
U-Boot# 
- 07:07:33 [INFO] Host: setenv mmcdev ' '
- 07:07:33 [INFO] Target: 
setenv mmcdev ' '
U-Boot# 
- 07:07:33 [INFO] Host: printenv
- 07:07:34 [INFO] Target: 
printenv
arch=arm
autoload=no
baudrate=115200
board=omap5_uevm
board_name=omap5_uevm
bootargs=console=ttyO2,115200n8 earlyprintk rootwait 
bootcmd=
bootdelay=1
bootdir=/boot
bootfile=zImage
bootm_size=0x10000000
bootpart=0:2
bootscript=echo Running bootscript from mmc${mmcdev} ...; source ${loadaddr}
console=ttyO2,115200n8
cpu=armv7
fdt_addr_r=0x88000000
fdtaddr=0x88000000
fdtfile=undefined
findfdt=if test $board_name = omap5_uevm; then setenv fdtfile omap5-uevm.dtb; fi; if test $board_name = dra7xx; then setenv fdtfile dra7-evm.dtb; fi;if test $board_name = dra72x; then setenv fdtfile dra72-evm.dtb; fi;if test $fdtfile = undefined; then echo WARNING: Could not determine device tree to use; fi; 
importbootenv=echo Importing environment from mmc${mmcdev} ...; env import -t ${loadaddr} ${filesize}
kernel_addr_r=0x82000000
loadaddr=0x82000000
loadbootenv=fatload mmc ${mmcdev} ${loadaddr} uEnv.txt
loadbootscript=fatload mmc ${mmcdev} ${loadaddr} boot.scr
loadfdt=load mmc ${bootpart} ${fdtaddr} ${bootdir}/${fdtfile};
loadimage=load mmc ${bootpart} ${loadaddr} ${bootdir}/${bootfile}
mmcargs=setenv bootargs console=${console} ${optargs} vram=${vram} root=${mmcroot} rootfstype=${mmcrootfstype}
mmcboot=mmc dev ${mmcdev}; if mmc rescan; then echo SD/MMC found on device ${mmcdev};if run loadbootenv; then echo Loaded environment from ${bootenv};run importbootenv;fi;if test -n $uenvcmd; then echo Running uenvcmd ...;run uenvcmd;fi;if run loadimage; then run loadfdt; echo Booting from mmc${mmcdev} ...; run mmcargs; bootz ${loadaddr} - ${fdtaddr}; fi;fi;
mmcdev= 
mmcroot=/dev/mmcblk1p2 rw
mmcrootfstype=ext4 rootwait
partitions=uuid_disk=${uuid_gpt_disk};name=rootfs,start=2MiB,size=-,uuid=${uuid_gpt_rootfs}
ramdisk_addr_r=0x88080000
rdaddr=0x88080000
scsidevs=0
serverip=192.168.0.1
soc=omap5
stderr=serial
stdin=serial
stdout=serial
usbethaddr=02:21:03:ff:09:60
usbtty=cdc_acm
vendor=ti
ver=U-Boot 2014.07-00071-gaca0808 (Oct 02 2014 - 11:23:17)
vram=16M
Environment size: 2052/131067 bytes
U-Boot# 
- 07:07:34 [INFO] Host: usb start
- 07:07:38 [INFO] Target: 
usb start
(Re)start USB...
USB0:   USB EHCI 1.00
scanning bus 0 for devices... 3 USB Device(s) found
       scanning usb for storage devices... 0 Storage Device(s) found
       scanning usb for ethernet devices... 1 Ethernet Device(s) found
U-Boot# 
- 07:07:38 [INFO] Host: printenv
- 07:07:38 [INFO] Target: 
printenv
arch=arm
autoload=no
baudrate=115200
board=omap5_uevm
board_name=omap5_uevm
bootargs=console=ttyO2,115200n8 earlyprintk rootwait 
bootcmd=
bootdelay=1
bootdir=/boot
bootfile=zImage
bootm_size=0x10000000
bootpart=0:2
bootscript=echo Running bootscript from mmc${mmcdev} ...; source ${loadaddr}
console=ttyO2,115200n8
cpu=armv7
ethact=sms0
fdt_addr_r=0x88000000
fdtaddr=0x88000000
fdtfile=undefined
findfdt=if test $board_name = omap5_uevm; then setenv fdtfile omap5-uevm.dtb; fi; if test $board_name = dra7xx; then setenv fdtfile dra7-evm.dtb; fi;if test $board_name = dra72x; then setenv fdtfile dra72-evm.dtb; fi;if test $fdtfile = undefined; then echo WARNING: Could not determine device tree to use; fi; 
importbootenv=echo Importing environment from mmc${mmcdev} ...; env import -t ${loadaddr} ${filesize}
kernel_addr_r=0x82000000
loadaddr=0x82000000
loadbootenv=fatload mmc ${mmcdev} ${loadaddr} uEnv.txt
loadbootscript=fatload mmc ${mmcdev} ${loadaddr} boot.scr
loadfdt=load mmc ${bootpart} ${fdtaddr} ${bootdir}/${fdtfile};
loadimage=load mmc ${bootpart} ${loadaddr} ${bootdir}/${bootfile}
mmcargs=setenv bootargs console=${console} ${optargs} vram=${vram} root=${mmcroot} rootfstype=${mmcrootfstype}
mmcboot=mmc dev ${mmcdev}; if mmc rescan; then echo SD/MMC found on device ${mmcdev};if run loadbootenv; then echo Loaded environment from ${bootenv};run importbootenv;fi;if test -n $uenvcmd; then echo Running uenvcmd ...;run uenvcmd;fi;if run loadimage; then run loadfdt; echo Booting from mmc${mmcdev} ...; run mmcargs; bootz ${loadaddr} - ${fdtaddr}; fi;fi;
mmcdev= 
mmcroot=/dev/mmcblk1p2 rw
mmcrootfstype=ext4 rootwait
partitions=uuid_disk=${uuid_gpt_disk};name=rootfs,start=2MiB,size=-,uuid=${uuid_gpt_rootfs}
ramdisk_addr_r=0x88080000
rdaddr=0x88080000
scsidevs=0
serverip=192.168.0.1
soc=omap5
stderr=serial
stdin=serial
stdout=serial
usbethaddr=02:21:03:ff:09:60
usbtty=cdc_acm
vendor=ti
ver=U-Boot 2014.07-00071-gaca0808 (Oct 02 2014 - 11:23:17)
vram=16M
Environment size: 2066/131067 bytes
U-Boot# 
- 07:07:38 [INFO] Host: setenv bootargs ''${bootargs}' ip=dhcp '
- 07:07:38 [INFO] Target: 
setenv bootargs ''${bootargs}' ip=dhcp '
U-Boot# 
- 07:07:38 [INFO] Host: setenv serverip '192.168.0.1'
- 07:07:38 [INFO] Target: 
setenv serverip '192.168.0.1'
U-Boot# 
- 07:07:38 [INFO] Host: setenv ipaddr dhcp
- 07:07:38 [INFO] Target: 
setenv ipaddr dhcp
U-Boot# 
- 07:07:38 [INFO] Host: setenv autoload 'no'
- 07:07:38 [INFO] Target: 
setenv autoload 'no'
U-Boot# 
- 07:07:38 [INFO] Host: dhcp
- 07:07:41 [INFO] Target: 
dhcp
Waiting for Ethernet connection... done.
BOOTP broadcast 1
DHCP client bound to address 192.168.0.121
U-Boot# 
- 07:07:41 [INFO] Host: setenv serverip '192.168.0.1'
- 07:07:41 [INFO] Target: 
setenv serverip '192.168.0.1'
U-Boot# 
- 07:07:41 [INFO] Host: tftp ${loadaddr} 192.168.0.1:vatf_omap5-evm/a726e2430a8e78505f20f103272d8710
- 07:07:45 [INFO] Target: 
tftp ${loadaddr} 192.168.0.1:vatf_omap5-evm/a726e2430a8e78505f20f103272d8710
Waiting for Ethernet connection... done.
Using sms0 device
TFTP from server 192.168.0.1; our IP address is 192.168.0.121
Filename 'vatf_omap5-evm/a726e2430a8e78505f20f103272d8710'.
Load address: 0x82000000
Loading: *#################################################################
	 #################################################################
	 #################################################################
	 #################################################################
	 #################################################################
	 #################################################################
	 ##############################################
	 2.8 MiB/s
done
Bytes transferred = 6386344 (6172a8 hex)
U-Boot# 
- 07:07:45 [INFO] Host: tftp ${fdt_addr_r} 192.168.0.1:vatf_omap5-evm/f739f724527e37eead1376dbb6f7b0ef
- 07:07:47 [INFO] Target: 
tftp ${fdt_addr_r} 192.168.0.1:vatf_omap5-evm/f739f724527e37eead1376dbb6f7b0ef
Waiting for Ethernet connection... done.
Using sms0 device
TFTP from server 192.168.0.1; our IP address is 192.168.0.121
Filename 'vatf_omap5-evm/f739f724527e37eead1376dbb6f7b0ef'.
Load address: 0x88000000
Loading: *####
	 2.6 MiB/s
done
Bytes transferred = 51736 (ca18 hex)
U-Boot# 
- 07:07:47 [INFO] Host: ls mmc 0:1
- 07:07:47 [INFO] Target: 
ls mmc 0:1
    62048   mlo 
   304288   u-boot.img 
  1867895   u-boot 
            old_uboot/
   304240   u-boot.bin 
   704856   u-boot-spl 
    61536   u-boot-spl.bin 
      259   uboot_build.txt 
        4   ws-calibrate.rules 
        0   pointercal 
9 file(s), 1 dir(s)
U-Boot# 
- 07:07:47 [INFO] Host: ls mmc 0:2
- 07:07:47 [INFO] Target: 
ls mmc 0:2
<DIR>       4096 .
<DIR>       4096 ..
<DIR>       4096 bin
<DIR>       4096 boot
<DIR>       4096 dev
<DIR>       4096 etc
<DIR>       4096 home
<DIR>       4096 lib
<DIR>       4096 media
<DIR>       4096 mnt
<DIR>       4096 opt
<DIR>       4096 proc
<SYM>          8 run
<DIR>       4096 sbin
<DIR>       4096 srv
<DIR>       4096 sys
<SYM>          8 tmp
<DIR>       4096 usr
<DIR>       4096 var
<DIR>       4096 www
<DIR>       4096 Settings
<DIR>       4096 test
U-Boot# 
- 07:07:47 [INFO] Host: part uuid mmc 0:2
- 07:07:47 [INFO] Target: 
part uuid mmc 0:2
00000000-02
U-Boot# 
- 07:07:47 [INFO] Host: printenv
- 07:07:47 [INFO] Target: 
printenv
arch=arm
autoload=no
baudrate=115200
board=omap5_uevm
board_name=omap5_uevm
bootargs=console=ttyO2,115200n8 earlyprintk rootwait  ip=dhcp 
bootcmd=
bootdelay=1
bootdir=/boot
bootfile=zImage
bootm_size=0x10000000
bootpart=0:2
bootscript=echo Running bootscript from mmc${mmcdev} ...; source ${loadaddr}
console=ttyO2,115200n8
cpu=armv7
dnsip=192.0.2.2
ethact=sms0
fdt_addr_r=0x88000000
fdtaddr=0x88000000
fdtfile=undefined
fileaddr=88000000
filesize=ca18
findfdt=if test $board_name = omap5_uevm; then setenv fdtfile omap5-uevm.dtb; fi; if test $board_name = dra7xx; then setenv fdtfile dra7-evm.dtb; fi;if test $board_name = dra72x; then setenv fdtfile dra72-evm.dtb; fi;if test $fdtfile = undefined; then echo WARNING: Could not determine device tree to use; fi; 
gatewayip=192.168.0.1
importbootenv=echo Importing environment from mmc${mmcdev} ...; env import -t ${loadaddr} ${filesize}
ipaddr=192.168.0.121
kernel_addr_r=0x82000000
loadaddr=0x82000000
loadbootenv=fatload mmc ${mmcdev} ${loadaddr} uEnv.txt
loadbootscript=fatload mmc ${mmcdev} ${loadaddr} boot.scr
loadfdt=load mmc ${bootpart} ${fdtaddr} ${bootdir}/${fdtfile};
loadimage=load mmc ${bootpart} ${loadaddr} ${bootdir}/${bootfile}
mmcargs=setenv bootargs console=${console} ${optargs} vram=${vram} root=${mmcroot} rootfstype=${mmcrootfstype}
mmcboot=mmc dev ${mmcdev}; if mmc rescan; then echo SD/MMC found on device ${mmcdev};if run loadbootenv; then echo Loaded environment from ${bootenv};run importbootenv;fi;if test -n $uenvcmd; then echo Running uenvcmd ...;run uenvcmd;fi;if run loadimage; then run loadfdt; echo Booting from mmc${mmcdev} ...; run mmcargs; bootz ${loadaddr} - ${fdtaddr}; fi;fi;
mmcdev= 
mmcroot=/dev/mmcblk1p2 rw
mmcrootfstype=ext4 rootwait
netmask=255.255.255.0
partitions=uuid_disk=${uuid_gpt_disk};name=rootfs,start=2MiB,size=-,uuid=${uuid_gpt_rootfs}
ramdisk_addr_r=0x88080000
rdaddr=0x88080000
scsidevs=0
serverip=192.168.0.1
soc=omap5
stderr=serial
stdin=serial
stdout=serial
usbethaddr=02:21:03:ff:09:60
usbtty=cdc_acm
vendor=ti
ver=U-Boot 2014.07-00071-gaca0808 (Oct 02 2014 - 11:23:17)
vram=16M
Environment size: 2200/131067 bytes
U-Boot# 
- 07:07:47 [INFO] Host: setenv bootargs ''${bootargs}' root=PARTUUID=00000000-02 rw rootfstype=ext4 rootwait '
- 07:07:47 [INFO] Target: 
setenv bootargs ''${bootargs}' root=PARTUUID=00000000-02 rw rootfstype=ext4 rootwait '
U-Boot# 
- 07:07:47 [INFO] Host: printenv
- 07:07:48 [INFO] Target: 
printenv
arch=arm
autoload=no
baudrate=115200
board=omap5_uevm
board_name=omap5_uevm
bootargs=console=ttyO2,115200n8 earlyprintk rootwait  ip=dhcp  root=PARTUUID=00000000-02 rw rootfstype=ext4 rootwait 
bootcmd=
bootdelay=1
bootdir=/boot
bootfile=zImage
bootm_size=0x10000000
bootpart=0:2
bootscript=echo Running bootscript from mmc${mmcdev} ...; source ${loadaddr}
console=ttyO2,115200n8
cpu=armv7
dnsip=192.0.2.2
ethact=sms0
fdt_addr_r=0x88000000
fdtaddr=0x88000000
fdtfile=undefined
fileaddr=88000000
filesize=ca18
findfdt=if test $board_name = omap5_uevm; then setenv fdtfile omap5-uevm.dtb; fi; if test $board_name = dra7xx; then setenv fdtfile dra7-evm.dtb; fi;if test $board_name = dra72x; then setenv fdtfile dra72-evm.dtb; fi;if test $fdtfile = undefined; then echo WARNING: Could not determine device tree to use; fi; 
gatewayip=192.168.0.1
importbootenv=echo Importing environment from mmc${mmcdev} ...; env import -t ${loadaddr} ${filesize}
ipaddr=192.168.0.121
kernel_addr_r=0x82000000
loadaddr=0x82000000
loadbootenv=fatload mmc ${mmcdev} ${loadaddr} uEnv.txt
loadbootscript=fatload mmc ${mmcdev} ${loadaddr} boot.scr
loadfdt=load mmc ${bootpart} ${fdtaddr} ${bootdir}/${fdtfile};
loadimage=load mmc ${bootpart} ${loadaddr} ${bootdir}/${bootfile}
mmcargs=setenv bootargs console=${console} ${optargs} vram=${vram} root=${mmcroot} rootfstype=${mmcrootfstype}
mmcboot=mmc dev ${mmcdev}; if mmc rescan; then echo SD/MMC found on device ${mmcdev};if run loadbootenv; then echo Loaded environment from ${bootenv};run importbootenv;fi;if test -n $uenvcmd; then echo Running uenvcmd ...;run uenvcmd;fi;if run loadimage; then run loadfdt; echo Booting from mmc${mmcdev} ...; run mmcargs; bootz ${loadaddr} - ${fdtaddr}; fi;fi;
mmcdev= 
mmcroot=/dev/mmcblk1p2 rw
mmcrootfstype=ext4 rootwait
netmask=255.255.255.0
partitions=uuid_disk=${uuid_gpt_disk};name=rootfs,start=2MiB,size=-,uuid=${uuid_gpt_rootfs}
ramdisk_addr_r=0x88080000
rdaddr=0x88080000
scsidevs=0
serverip=192.168.0.1
soc=omap5
stderr=serial
stdin=serial
stdout=serial
usbethaddr=02:21:03:ff:09:60
usbtty=cdc_acm
vendor=ti
ver=U-Boot 2014.07-00071-gaca0808 (Oct 02 2014 - 11:23:17)
vram=16M
Environment size: 2255/131067 bytes
U-Boot# 
- 07:07:48 [INFO] Host: setenv bootcmd ''${bootcmd}' if iminfo ${loadaddr}; then bootm ${loadaddr} - ${fdt_addr_r}; else bootz ${loadaddr} - ${fdt_addr_r}; bootm ${loadaddr} - ${fdt_addr_r}; fi'
- 07:07:48 [INFO] Target: 
setenv bootcmd ''${bootcmd}' if iminfo ${loadaddr}; then bootm ${loadaddr} - ${fdt_addr_r}; else bootz ${loadaddr} - ${fdt_addr_r}; bootm ${loadaddr} - ${fdt_addr_r}; fi'
U-Boot# 
- 07:07:48 [INFO] Host: bdinfo
- 07:07:48 [INFO] Target: 
bdinfo
arch_number = 0x00000EC1
boot_params = 0x80000100
DRAM bank   = 0x00000000
-> start    = 0x80000000
-> size     = 0x7F000000
eth0name    = sms0
ethaddr     = (not set)
current eth = sms0
ip_addr     = 192.168.0.121
baudrate    = 115200 bps
TLB addr    = 0xFEFF0000
relocaddr   = 0xFEF61000
reloc off   = 0x7E761000
irq_sp      = 0xFDF40EE0
sp start    = 0xFDF40ED0
U-Boot# 
- 07:07:48 [INFO] Host: mmc rescan
- 07:07:48 [INFO] Target: 
mmc rescan
U-Boot# 
- 07:07:48 [INFO] Host: fatwrite mmc ${mmcdev}:1 ${loadaddr} ws-calibrate.rules 4
- 07:07:48 [INFO] Target: 
fatwrite mmc ${mmcdev}:1 ${loadaddr} ws-calibrate.rules 4
writing ws-calibrate.rules
4 bytes written
U-Boot# 
- 07:07:48 [INFO] Host: boot
- 07:10:18 [ERROR] On command: boot waiting for boot.+?(?-mix:login:) >>> error: execution expired
- 07:10:18 [INFO] Target: 
boot
## Checking Image at 82000000 ...
Unknown image format!
Kernel image @ 0x82000000 [ 0x000000 - 0x6172a8 ]
## Flattened Device Tree blob at 88000000
   Booting using the fdt blob at 0x88000000
   Loading Device Tree to 8fff0000, end 8ffffa17 ... OK
Starting kernel ...
[    0.000000] Booting Linux on physical CPU 0x0
[    0.000000] Linux version 4.1.0-rc5-next-20150526-00002-gb61d5ce61b3a (nmenon@kahuna) (gcc version 4.6.3 (Ubuntu/Linaro 4.6.3-1ubuntu5) ) #3 SMP Tue May 26 06:05:16 CDT 2015
[    0.000000] CPU: ARMv7 Processor [412fc0f2] revision 2 (ARMv7), cr=10c5387d
[    0.000000] CPU: PIPT / VIPT nonaliasing data cache, PIPT instruction cache
[    0.000000] Machine model: TI OMAP5 uEVM board
[    0.000000] cma: Reserved 64 MiB at 0xfa800000
[    0.000000] Memory policy: Data cache writealloc
[    0.000000] OMAP5432 ES2.0
[    0.000000] PERCPU: Embedded 12 pages/cpu @ee7ca000 s16896 r8192 d24064 u49152
[    0.000000] Built 1 zonelists in Zone order, mobility grouping on.  Total pages: 518416
[    0.000000] Kernel command line: console=ttyO2,115200n8 earlyprintk rootwait  ip=dhcp  root=PARTUUID=00000000-02 rw rootfstype=ext4 rootwait 
[    0.000000] PID hash table entries: 4096 (order: 2, 16384 bytes)
[    0.000000] Dentry cache hash table entries: 131072 (order: 7, 524288 bytes)
[    0.000000] Inode-cache hash table entries: 65536 (order: 6, 262144 bytes)
[    0.000000] Memory: 1982488K/2079744K available (8168K kernel code, 1078K rwdata, 3744K rodata, 936K init, 334K bss, 31720K reserved, 65536K cma-reserved, 1235968K highmem)
[    0.000000] Virtual kernel memory layout:
[    0.000000]     vector  : 0xffff0000 - 0xffff1000   (   4 kB)
[    0.000000]     fixmap  : 0xffc00000 - 0xfff00000   (3072 kB)
[    0.000000]     vmalloc : 0xf0000000 - 0xff000000   ( 240 MB)
[    0.000000]     lowmem  : 0xc0000000 - 0xef800000   ( 760 MB)
[    0.000000]     pkmap   : 0xbfe00000 - 0xc0000000   (   2 MB)
[    0.000000]     modules : 0xbf000000 - 0xbfe00000   (  14 MB)
[    0.000000]       .text : 0xc0208000 - 0xc0dab060   (11917 kB)
[    0.000000]       .init : 0xc0dac000 - 0xc0e96000   ( 936 kB)
[    0.000000]       .data : 0xc0e96000 - 0xc0fa38e0   (1079 kB)
[    0.000000]        .bss : 0xc0fa6000 - 0xc0ff9aa0   ( 335 kB)
[    0.000000] SLUB: HWalign=64, Order=0-3, MinObjects=0, CPUs=2, Nodes=1
[    0.000000] Hierarchical RCU implementation.
[    0.000000] 	Additional per-CPU info printed with stalls.
[    0.000000] 	Build-time adjustment of leaf fanout to 32.
[    0.000000] 	RCU restricting CPUs from NR_CPUS=16 to nr_cpu_ids=2.
[    0.000000] RCU: Adjusting geometry for rcu_fanout_leaf=32, nr_cpu_ids=2
[    0.000000] NR_IRQS:16 nr_irqs:16 16
[    0.000000] OMAP clockevent source: timer1 at 32768 Hz
[    0.000000] clocksource 32k_counter: mask: 0xffffffff max_cycles: 0xffffffff, max_idle_ns: 58327039986419 ns
[    0.000000] sched_clock: 32 bits at 32kHz, resolution 30517ns, wraps every 65535999984741ns
[    0.000000] OMAP clocksource: 32k_counter at 32768 Hz
[    0.000396] Architected cp15 timer(s) running at 6.14MHz (virt).
[    0.000427] clocksource arch_sys_counter: mask: 0xffffffffffffff max_cycles: 0x16ac02862, max_idle_ns: 440795202218 ns
[    0.000431] sched_clock: 56 bits at 6MHz, resolution 162ns, wraps every 4398046511085ns
[    0.000441] Switching to timer-based delay loop, resolution 162ns
[    0.003918] Console: colour dummy device 80x30
[    0.003937] Calibrating delay loop (skipped), value calculated using timer frequency.. 12.28 BogoMIPS (lpj=30720)
[    0.003949] pid_max: default: 32768 minimum: 301
[    0.004032] Mount-cache hash table entries: 2048 (order: 1, 8192 bytes)
[    0.004042] Mountpoint-cache hash table entries: 2048 (order: 1, 8192 bytes)
[    0.004495] CPU: Testing write buffer coherency: ok
[    0.004642] /cpus/cpu@0 missing clock-frequency property
[    0.004654] /cpus/cpu@1 missing clock-frequency property
[    0.004663] CPU0: thread -1, cpu 0, socket 0, mpidr 80000000
[    0.004702] Setting up static identity map for 0x80209000 - 0x80209098
[    0.007966] CPU1: thread -1, cpu 1, socket 0, mpidr 80000001
[    0.008020] Brought up 2 CPUs
[    0.008031] SMP: Total of 2 processors activated (24.57 BogoMIPS).
[    0.008037] CPU: All CPU(s) started in SVC mode.
[    0.008374] devtmpfs: initialized
[    0.009012] VFP support v0.3: implementor 41 architecture 4 part 30 variant f rev 0
[    0.009505] omap_hwmod: l3_main_3 using broken dt data from ocp
[    0.009943] omap_hwmod: l3_main_2 using broken dt data from ocp
[    0.073605] clocksource jiffies: mask: 0xffffffff max_cycles: 0xffffffff, max_idle_ns: 9556302231375000 ns
[    0.074783] pinctrl core: initialized pinctrl subsystem
[    0.087924] NET: Registered protocol family 16
[    0.089429] DMA: preallocated 256 KiB pool for atomic coherent allocations
[    0.105705] cpuidle: using governor ladder
[    0.120720] cpuidle: using governor menu
[    0.125257] OMAP GPIO hardware version 0.1
[    0.128762] platform 50000000.gpmc: Cannot lookup hwmod 'gpmc'
[    0.128884] omap-gpmc 50000000.gpmc: _od_fail_runtime_resume: FIXME: missing hwmod/omap_dev info
[    0.128895] omap-gpmc 50000000.gpmc: GPMC revision 6.0
[    0.131367] irq: no irq domain found for /ocp/l4@4a000000/scm@2800/pinmux@40 !
[    0.141497] No ATAGs?
[    0.141521] hw-breakpoint: found 5 (+1 reserved) breakpoint and 4 watchpoint registers.
[    0.141528] hw-breakpoint: maximum watchpoint size is 8 bytes.
[    0.142753] OMAP DMA hardware revision 0.0
[    0.146089] Serial: AMBA PL011 UART driver
[    0.171514] omap-dma-engine 4a056000.dma-controller: OMAP DMA engine driver
[    0.174584] vgaarb: loaded
[    0.175201] SCSI subsystem initialized
[    0.175541] usbcore: registered new interface driver usbfs
[    0.175591] usbcore: registered new interface driver hub
[    0.175631] usbcore: registered new device driver usb
[    0.175929] hsusb2_phy supply vcc not found, using dummy regulator
[    0.176026] hsusb3_phy supply vcc not found, using dummy regulator
[    0.176572] omap_i2c 48070000.i2c: could not find pctldev for node /ocp/l4@4a000000/scm@2800/pinmux@40/pinmux_i2c1_pins, deferring probe
[    0.176854] omap_i2c 48072000.i2c: bus 1 rev0.12 at 100 kHz
[    0.177118] omap_i2c 48060000.i2c: bus 2 rev0.12 at 100 kHz
[    0.177370] omap_i2c 4807a000.i2c: bus 3 rev0.12 at 100 kHz
[    0.177398] omap_i2c 4807c000.i2c: could not find pctldev for node /ocp/l4@4a000000/scm@2800/pinmux@40/pinmux_i2c5_pins, deferring probe
[    0.178209] media: Linux media interface: v0.10
[    0.178258] Linux video capture interface: v2.00
[    0.178295] pps_core: LinuxPPS API ver. 1 registered
[    0.178301] pps_core: Software ver. 5.3.6 - Copyright 2005-2007 Rodolfo Giometti <giometti@linux.it>
[    0.178323] PTP clock support registered
[    0.178547] EDAC MC: Ver: 3.0.0
[    0.179732] Advanced Linux Sound Architecture Driver Initialized.
[    0.180519] Switched to clocksource arch_sys_counter
[    0.188863] NET: Registered protocol family 2
[    0.189227] TCP established hash table entries: 8192 (order: 3, 32768 bytes)
[    0.189288] TCP bind hash table entries: 8192 (order: 4, 65536 bytes)
[    0.189418] TCP: Hash tables configured (established 8192 bind 8192)
[    0.189461] UDP hash table entries: 512 (order: 2, 16384 bytes)
[    0.189490] UDP-Lite hash table entries: 512 (order: 2, 16384 bytes)
[    0.189608] NET: Registered protocol family 1
[    0.189798] RPC: Registered named UNIX socket transport module.
[    0.189805] RPC: Registered udp transport module.
[    0.189810] RPC: Registered tcp transport module.
[    0.189815] RPC: Registered tcp NFSv4.1 backchannel transport module.
[    0.215050] CPU PMU: Failed to parse /pmu/interrupt-affinity[0]
[    0.215079] hw perfevents: enabled with armv7_cortex_a15 PMU driver, 7 counters available
[    0.216844] futex hash table entries: 512 (order: 3, 32768 bytes)
[    0.225768] squashfs: version 4.0 (2009/01/31) Phillip Lougher
[    0.226463] NFS: Registering the id_resolver key type
[    0.226485] Key type id_resolver registered
[    0.226492] Key type id_legacy registered
[    0.226554] ntfs: driver 2.1.32 [Flags: R/O].
[    0.227352] bounce: pool size: 64 pages
[    0.227516] Block layer SCSI generic (bsg) driver version 0.4 loaded (major 248)
[    0.227527] io scheduler noop registered
[    0.227537] io scheduler deadline registered
[    0.227687] io scheduler cfq registered (default)
[    0.233390] pinctrl-single 4a002840.pinmux: 219 pins at pa fc002840 size 438
[    0.233569] pinctrl-single 4ae0c840.pinmux: 28 pins at pa fce0c840 size 56
[    0.288381] Serial: 8250/16550 driver, 4 ports, IRQ sharing disabled
[    0.290284] SuperH (H)SCI(F) driver initialized
[    0.291214] msm_serial: driver initialized
[    0.291802] omap_uart 4806a000.serial: no wakeirq for uart0
[    0.291885] 4806a000.serial: ttyO0 at MMIO 0x4806a000 (irq = 306, base_baud = 3000000) is a OMAP UART0
[    0.292149] omap_uart 4806c000.serial: no wakeirq for uart1
[    0.292216] 4806c000.serial: ttyO1 at MMIO 0x4806c000 (irq = 307, base_baud = 3000000) is a OMAP UART1
[    0.292551] 48020000.serial: ttyO2 at MMIO 0x48020000 (irq = 308, base_baud = 3000000) is a OMAP UART2
[    1.115112] console [ttyO2] enabled
[    1.119022] omap_uart 4806e000.serial: no wakeirq for uart3
[    1.124923] 4806e000.serial: ttyO3 at MMIO 0x4806e000 (irq = 309, base_baud = 3000000) is a OMAP UART3
[    1.134955] omap_uart 48066000.serial: no wakeirq for uart4
[    1.140840] 48066000.serial: ttyO4 at MMIO 0x48066000 (irq = 310, base_baud = 3000000) is a OMAP UART4
[    1.150824] omap_uart 48068000.serial: no wakeirq for uart5
[    1.156716] 48068000.serial: ttyO5 at MMIO 0x48068000 (irq = 311, base_baud = 3000000) is a OMAP UART5
[    1.166755] STMicroelectronics ASC driver initialized
[    1.173629] [drm] Initialized drm 1.1.0 20060810
[    1.184749] loop: module loaded
[    1.189526] ahci 4a140000.sata: SSS flag set, parallel bus scan disabled
[    1.196559] ahci 4a140000.sata: AHCI 0001.0300 32 slots 1 ports 3 Gbps 0x1 impl platform mode
[    1.205474] ahci 4a140000.sata: flags: 64bit ncq sntf stag pm led clo only pmp pio slum part ccc apst 
[    1.215934] scsi host0: ahci
[    1.219164] ata1: SATA max UDMA/133 mmio [mem 0x4a140000-0x4a1410ff] port 0x100 irq 338
[    1.233286] CAN device driver interface
[    1.238490] igb: Intel(R) Gigabit Ethernet Network Driver - version 5.2.15-k
[    1.245871] igb: Copyright (c) 2007-2014 Intel Corporation.
[    1.254301] pegasus: v0.9.3 (2013/04/25), Pegasus/Pegasus II USB Ethernet driver
[    1.262086] usbcore: registered new interface driver pegasus
[    1.268062] usbcore: registered new interface driver asix
[    1.273748] usbcore: registered new interface driver ax88179_178a
[    1.280160] usbcore: registered new interface driver cdc_ether
[    1.286316] usbcore: registered new interface driver smsc75xx
[    1.292389] usbcore: registered new interface driver smsc95xx
[    1.298435] usbcore: registered new interface driver net1080
[    1.304398] usbcore: registered new interface driver cdc_subset
[    1.310635] usbcore: registered new interface driver zaurus
[    1.316535] usbcore: registered new interface driver cdc_ncm
[    1.323951] ehci_hcd: USB 2.0 'Enhanced' Host Controller (EHCI) Driver
[    1.330788] ehci-pci: EHCI PCI platform driver
[    1.335467] ehci-platform: EHCI generic platform driver
[    1.341134] ehci-omap: OMAP-EHCI Host Controller driver
[    1.358705] ehci-omap 4a064c00.ehci: EHCI Host Controller
[    1.364378] ehci-omap 4a064c00.ehci: new USB bus registered, assigned bus number 1
[    1.372435] ehci-omap 4a064c00.ehci: irq 406, io mem 0x4a064c00
[    1.385533] ehci-omap 4a064c00.ehci: USB 2.0 started, EHCI 1.00
[    1.392357] hub 1-0:1.0: USB hub found
[    1.396323] hub 1-0:1.0: 3 ports detected
[    1.441017] ehci-orion: EHCI orion driver
[    1.445353] SPEAr-ehci: EHCI SPEAr driver
[    1.449694] ehci-st: EHCI STMicroelectronics driver
[    1.454938] ehci-exynos: EHCI EXYNOS driver
[    1.459484] ehci-atmel: EHCI Atmel driver
[    1.463818] tegra-ehci: Tegra EHCI driver
[    1.468177] ohci_hcd: USB 1.1 'Open' Host Controller (OHCI) Driver
[    1.474649] ohci-pci: OHCI PCI platform driver
[    1.479348] ohci-platform: OHCI generic platform driver
[    1.484977] ohci-omap3: OHCI OMAP3 driver
[    1.489334] ohci-omap3 4a064800.ohci: OHCI Host Controller
[    1.495087] ohci-omap3 4a064800.ohci: new USB bus registered, assigned bus number 2
[    1.503263] ohci-omap3 4a064800.ohci: irq 405, io mem 0x4a064800
[    1.550536] ata1: SATA link down (SStatus 0 SControl 300)
[    1.581085] hub 2-0:1.0: USB hub found
[    1.585024] hub 2-0:1.0: 3 ports detected
[    1.589622] SPEAr-ohci: OHCI SPEAr driver
[    1.593977] ohci-st: OHCI STMicroelectronics driver
[    1.599219] ohci-atmel: OHCI Atmel driver
[    1.603630] usbcore: registered new interface driver usb-storage
[    1.611293] mousedev: PS/2 mouse device common for all mice
[    1.620671] i2c /dev entries driver
[    1.626628] usbcore: registered new interface driver uvcvideo
[    1.632648] USB Video Class driver (1.1.1)
[    1.636938] gspca_main: v2.14.0 registered
[    1.646102] sdhci: Secure Digital Host Controller Interface driver
[    1.652568] sdhci: Copyright(c) Pierre Ossman
[    1.658098] omap_hsmmc 4809c000.mmc: unable to get vmmc regulator -517
[    1.690723] 480ad000.mmc supply vmmc not found, using dummy regulator
[    1.697590] omap_hsmmc 480ad000.mmc: could not set regulator OCR (-22)
[    1.720549] usb 1-3: new high-speed USB device number 2 using ehci-omap
[    1.731323] Synopsys Designware Multimedia Card Interface Driver
[    1.738646] sdhci-pltfm: SDHCI platform and OF driver helper
[    1.743342] mmc0: MAN_BKOPS_EN bit is not set
[    1.744993] mmc0: new high speed MMC card at address 0001
[    1.745278] mmcblk0: mmc0:0001 SEM04G 3.68 GiB 
[    1.749158] mmcblk0boot0: mmc0:0001 SEM04G partition 1 2.00 MiB
[    1.749253] mmcblk0boot1: mmc0:0001 SEM04G partition 2 2.00 MiB
[    1.773605] ledtrig-cpu: registered to indicate activity on CPUs
[    1.780055] usbcore: registered new interface driver usbhid
[    1.785896] usbhid: USB HID core driver
[    1.786455]  mmcblk0: p1
[    1.796173] usbcore: registered new interface driver snd-usb-audio
[    1.805168] NET: Registered protocol family 17
[    1.809842] can: controller area network core (rev 20120528 abi 9)
[    1.816353] NET: Registered protocol family 29
[    1.821013] can: raw protocol (rev 20120528)
[    1.825478] can: broadcast manager protocol (rev 20120528 t)
[    1.831412] can: netlink gateway (rev 20130117) max_hops=1
[    1.837456] Key type dns_resolver registered
[    1.842081] omap_vc_init_channel: No PMIC info for vdd_core
[    1.847919] omap_vp_init: No PMIC info for vdd_core
[    1.853032] omap_vc_init_channel: No PMIC info for vdd_mm
[    1.858678] omap_vp_init: No PMIC info for vdd_mm
[    1.863601] omap_vc_init_channel: No PMIC info for vdd_mpu
[    1.869336] omap_vp_init: No PMIC info for vdd_mpu
[    1.874792] Power Management for TI OMAP4+ devices.
[    1.880030] ThumbEE CPU extension supported.
[    1.884527] Registering SWP/SWPB emulation handler
[    1.891380] palmas 0-0048: Irq flag is 0x00000000
[    1.910279] smsc95xx v1.0.4
[    1.917645] palmas 0-0048: Muxing GPIO 2, PWM 0, LED 0
[    1.951595] omap_i2c 48070000.i2c: bus 0 rev0.12 at 400 kHz
[    1.964965] smsc95xx 1-3:1.0 eth0: register 'smsc95xx' at usb-4a064c00.ehci-3, smsc95xx USB 2.0 Ethernet, 46:9b:82:c0:54:c6
[    1.977409] omap_i2c 4807c000.i2c: bus 4 rev0.12 at 400 kHz
[    2.019806] hctosys: unable to open rtc device (rtc0)
[    2.085228] mmc2: host does not support reading read-only switch, assuming write-enable
[    2.099319] mmc2: new high speed SDHC card at address e624
[    2.105192] mmcblk1: mmc2:e624 SU04G 3.69 GiB 
[    2.112278]  mmcblk1: p1 p2 p3
[    2.205528] usb 1-2: new high-speed USB device number 3 using ehci-omap
[    2.342066] hub 1-2:1.0: USB hub found
[    2.346272] hub 1-2:1.0: 3 ports detected
[    3.577128] smsc95xx 1-3:1.0 eth0: link up, 100Mbps, full-duplex, lpa 0xC5E1
[    3.595619] Sending DHCP requests ., OK
[    4.660609] IP-Config: Got DHCP answer from 192.168.0.1, my address is 192.168.0.72
[    4.669255] IP-Config: Complete:
[    4.672844]      device=eth0, hwaddr=46:9b:82:c0:54:c6, ipaddr=192.168.0.72, mask=255.255.255.0, gw=192.168.0.1
[    4.683741]      host=192.168.0.72, domain=tim.com, nis-domain=(none)
[    4.690726]      bootserver=192.168.0.1, rootserver=192.168.0.1, rootpath=
[    4.697976]      nameserver0=192.0.2.2, nameserver1=192.0.2.3
[    4.705203] ldo8: disabling
[    4.709837] ldo3: disabling
[    4.715353] ALSA device list:
[    4.718625]   No soundcards found.
[    4.752472] EXT4-fs (mmcblk1p2): mounted filesystem with ordered data mode. Opts: (null)
[    4.761302] VFS: Mounted root (ext4 filesystem) on device 179:50.
[    4.777552] devtmpfs: mounted
[    4.783224] Freeing unused kernel memory: 936K (c0dac000 - c0e96000)
INIT: version 2.88 booting
Error opening /dev/fb0: No such file or directory
Starting udev
[    5.229649] udevd[89]: starting version 182
URL:gtsystest.telogy.design.ti.com/vatf/tigtfarm06/tigtfarm06_vatf@omap5-evm/tigtfarm0605_26_2015_07_07_10/files/session_iteration_1/test_1
