- 03:28:32 [INFO] Starting target session
- 03:28:32 [INFO] Connected to omap5-evm via serial 
- 03:28:32 [INFO] Host: #check prompt
- 03:28:35 [ERROR] On command: #check prompt waiting for #check prompt.+?(?-mix:((?-mix:login:)|[Pp]assword)) >>> error: execution expired
- 03:28:35 [INFO] Target: 
#check prompt
root@omap5-evm:/test# 
- 03:28:35 [INFO] Host: #check prompt
- 03:28:36 [INFO] Target: 
#check prompt
root@omap5-evm:/test# 
- 03:28:36 [INFO] Host: sync;poweroff
- 03:28:50 [INFO] Target: 
sync;poweroff
Broadcast message from root@omap5-evm (ttyO2) (Wed Sep 24 21:59:35 2014):
The s
INIT: Switching to runlevel: 0
INIT: Sending processes the TERM signal
root@omap5-evm:/test# 
INIT: SendinStopping telnet daemon.
Stopping system message bus: dbus.
Stopping syslogd/klogd: stopped syslogd (pid 1529)
stopped klogd (pid 1532)
done
Stopping thttpd.
ALSA: Storing mixer settings...
Deconfiguring network interfaces... done.
Sending all processes the TERM signal...
Sending all processes the KILL signal...
Unmounting remote filesystems...
Deactivating swap...
Unmounting local filesystems...
[  748.997528] reboot: Power down
- 03:28:50 [INFO] Disconnected serial from omap5-evm
- 03:28:55 [INFO] Connected to omap5-evm via serial 
- 03:28:55 [INFO] Host: 
- 03:28:56 [INFO] Target: 
SATA link 0 timeout.
AHCI 0001.0300 32 slots 1 ports 3 Gbps 0x1 impl SATA mode
flags: 64bit ncq stag pm led clo only pmp pio slum part ccc apst 
scanning bus for devices...
Found 0 device(s).
SCSI:  Net:   No ethernet found.
Hit any key to stop autoboot:  1  0 
U-Boot# 
- 03:28:56 [INFO] Host: 
- 03:28:56 [INFO] Target: 
U-Boot# 
- 03:28:56 [INFO] Host: version
- 03:28:57 [INFO] Target: 
version
U-Boot 2014.07-00071-gaca0808 (Oct 02 2014 - 11:23:17)
arm-linux-gnueabihf-gcc (crosstool-NG linaro-1.13.1-4.7-2013.03-20130313 - Linaro GCC 2013.03) 4.7.3 20130226 (prerelease)
GNU ld (crosstool-NG linaro-1.13.1-4.7-2013.03-20130313 - Linaro GCC 2013.03) 2.23.1
U-Boot# 
- 03:28:57 [INFO] Host: setenv bootargs 'console=ttyO2,115200n8 earlyprintk rootwait '
- 03:28:57 [INFO] Target: 
setenv bootargs 'console=ttyO2,115200n8 earlyprintk rootwait '
U-Boot# 
- 03:28:57 [INFO] Host: setenv bootcmd  ''
- 03:28:58 [INFO] Target: 
setenv bootcmd  ''
U-Boot# 
- 03:28:58 [INFO] Host: setenv autoload 'no'
- 03:28:58 [INFO] Target: 
setenv autoload 'no'
U-Boot# 
- 03:28:58 [INFO] Host: setenv serverip '192.168.0.1'
- 03:28:59 [INFO] Target: 
setenv serverip '192.168.0.1'
U-Boot# 
- 03:28:59 [INFO] Host: printenv
- 03:28:59 [INFO] Target: 
printenv
arch=arm
autoload=no
baudrate=115200
board=omap5_uevm
board_name=omap5_uevm
bootargs=console=ttyO2,115200n8 earlyprintk rootwait 
bootcmd=
bootdelay=1
bootdir=/boot
bootfile=zImage
bootm_size=0x10000000
bootpart=0:2
bootscript=echo Running bootscript from mmc${mmcdev} ...; source ${loadaddr}
console=ttyO2,115200n8
cpu=armv7
fdt_addr_r=0x88000000
fdtaddr=0x88000000
fdtfile=undefined
findfdt=if test $board_name = omap5_uevm; then setenv fdtfile omap5-uevm.dtb; fi; if test $board_name = dra7xx; then setenv fdtfile dra7-evm.dtb; fi;if test $board_name = dra72x; then setenv fdtfile dra72-evm.dtb; fi;if test $fdtfile = undefined; then echo WARNING: Could not determine device tree to use; fi; 
importbootenv=echo Importing environment from mmc${mmcdev} ...; env import -t ${loadaddr} ${filesize}
kernel_addr_r=0x82000000
loadaddr=0x82000000
loadbootenv=fatload mmc ${mmcdev} ${loadaddr} uEnv.txt
loadbootscript=fatload mmc ${mmcdev} ${loadaddr} boot.scr
loadfdt=load mmc ${bootpart} ${fdtaddr} ${bootdir}/${fdtfile};
loadimage=load mmc ${bootpart} ${loadaddr} ${bootdir}/${bootfile}
mmcargs=setenv bootargs console=${console} ${optargs} vram=${vram} root=${mmcroot} rootfstype=${mmcrootfstype}
mmcboot=mmc dev ${mmcdev}; if mmc rescan; then echo SD/MMC found on device ${mmcdev};if run loadbootenv; then echo Loaded environment from ${bootenv};run importbootenv;fi;if test -n $uenvcmd; then echo Running uenvcmd ...;run uenvcmd;fi;if run loadimage; then run loadfdt; echo Booting from mmc${mmcdev} ...; run mmcargs; bootz ${loadaddr} - ${fdtaddr}; fi;fi;
mmcdev=0
mmcroot=/dev/mmcblk1p2 rw
mmcrootfstype=ext4 rootwait
partitions=uuid_disk=${uuid_gpt_disk};name=rootfs,start=2MiB,size=-,uuid=${uuid_gpt_rootfs}
ramdisk_addr_r=0x88080000
rdaddr=0x88080000
scsidevs=0
serverip=192.168.0.1
soc=omap5
stderr=serial
stdin=serial
stdout=serial
usbethaddr=02:21:03:ff:09:60
usbtty=cdc_acm
vendor=ti
ver=U-Boot 2014.07-00071-gaca0808 (Oct 02 2014 - 11:23:17)
vram=16M
Environment size: 2052/131067 bytes
U-Boot# 
- 03:28:59 [INFO] Host: usb start
- 03:29:03 [INFO] Target: 
usb start
(Re)start USB...
USB0:   USB EHCI 1.00
scanning bus 0 for devices... 3 USB Device(s) found
       scanning usb for storage devices... 0 Storage Device(s) found
       scanning usb for ethernet devices... 1 Ethernet Device(s) found
U-Boot# 
- 03:29:03 [INFO] Host: printenv
- 03:29:04 [INFO] Target: 
printenv
arch=arm
autoload=no
baudrate=115200
board=omap5_uevm
board_name=omap5_uevm
bootargs=console=ttyO2,115200n8 earlyprintk rootwait 
bootcmd=
bootdelay=1
bootdir=/boot
bootfile=zImage
bootm_size=0x10000000
bootpart=0:2
bootscript=echo Running bootscript from mmc${mmcdev} ...; source ${loadaddr}
console=ttyO2,115200n8
cpu=armv7
ethact=sms0
fdt_addr_r=0x88000000
fdtaddr=0x88000000
fdtfile=undefined
findfdt=if test $board_name = omap5_uevm; then setenv fdtfile omap5-uevm.dtb; fi; if test $board_name = dra7xx; then setenv fdtfile dra7-evm.dtb; fi;if test $board_name = dra72x; then setenv fdtfile dra72-evm.dtb; fi;if test $fdtfile = undefined; then echo WARNING: Could not determine device tree to use; fi; 
importbootenv=echo Importing environment from mmc${mmcdev} ...; env import -t ${loadaddr} ${filesize}
kernel_addr_r=0x82000000
loadaddr=0x82000000
loadbootenv=fatload mmc ${mmcdev} ${loadaddr} uEnv.txt
loadbootscript=fatload mmc ${mmcdev} ${loadaddr} boot.scr
loadfdt=load mmc ${bootpart} ${fdtaddr} ${bootdir}/${fdtfile};
loadimage=load mmc ${bootpart} ${loadaddr} ${bootdir}/${bootfile}
mmcargs=setenv bootargs console=${console} ${optargs} vram=${vram} root=${mmcroot} rootfstype=${mmcrootfstype}
mmcboot=mmc dev ${mmcdev}; if mmc rescan; then echo SD/MMC found on device ${mmcdev};if run loadbootenv; then echo Loaded environment from ${bootenv};run importbootenv;fi;if test -n $uenvcmd; then echo Running uenvcmd ...;run uenvcmd;fi;if run loadimage; then run loadfdt; echo Booting from mmc${mmcdev} ...; run mmcargs; bootz ${loadaddr} - ${fdtaddr}; fi;fi;
mmcdev=0
mmcroot=/dev/mmcblk1p2 rw
mmcrootfstype=ext4 rootwait
partitions=uuid_disk=${uuid_gpt_disk};name=rootfs,start=2MiB,size=-,uuid=${uuid_gpt_rootfs}
ramdisk_addr_r=0x88080000
rdaddr=0x88080000
scsidevs=0
serverip=192.168.0.1
soc=omap5
stderr=serial
stdin=serial
stdout=serial
usbethaddr=02:21:03:ff:09:60
usbtty=cdc_acm
vendor=ti
ver=U-Boot 2014.07-00071-gaca0808 (Oct 02 2014 - 11:23:17)
vram=16M
Environment size: 2066/131067 bytes
U-Boot# 
- 03:29:04 [INFO] Host: setenv bootargs ''${bootargs}' ip=dhcp '
- 03:29:04 [INFO] Target: 
setenv bootargs ''${bootargs}' ip=dhcp '
U-Boot# 
- 03:29:04 [INFO] Host: setenv serverip '192.168.0.1'
- 03:29:05 [INFO] Target: 
setenv serverip '192.168.0.1'
U-Boot# 
- 03:29:05 [INFO] Host: setenv ipaddr dhcp
- 03:29:05 [INFO] Target: 
setenv ipaddr dhcp
U-Boot# 
- 03:29:05 [INFO] Host: setenv autoload 'no'
- 03:29:06 [INFO] Target: 
setenv autoload 'no'
U-Boot# 
- 03:29:06 [INFO] Host: dhcp
- 03:29:09 [INFO] Target: 
dhcp
Waiting for Ethernet connection... done.
BOOTP broadcast 1
DHCP client bound to address 192.168.0.71
U-Boot# 
- 03:29:09 [INFO] Host: setenv serverip '192.168.0.1'
- 03:29:09 [INFO] Target: 
setenv serverip '192.168.0.1'
U-Boot# 
- 03:29:09 [INFO] Host: tftp ${loadaddr} 192.168.0.1:vatf_omap5-evm/35c4e9edde8c9fc7980fe9154802869f
- 03:29:13 [INFO] Target: 
tftp ${loadaddr} 192.168.0.1:vatf_omap5-evm/35c4e9edde8c9fc7980fe9154802869f
Waiting for Ethernet connection... done.
Using sms0 device
TFTP from server 192.168.0.1; our IP address is 192.168.0.71
Filename 'vatf_omap5-evm/35c4e9edde8c9fc7980fe9154802869f'.
Load address: 0x82000000
Loading: *#################################################################
	 #################################################################
	 #################################################################
	 #################################################################
	 #################################################################
	 ###################################
	 2.8 MiB/s
done
Bytes transferred = 5282200 (509998 hex)
U-Boot# 
- 03:29:13 [INFO] Host: tftp ${fdt_addr_r} 192.168.0.1:vatf_omap5-evm/e0689135c7368afe0255285ac4082daf
- 03:29:15 [INFO] Target: 
tftp ${fdt_addr_r} 192.168.0.1:vatf_omap5-evm/e0689135c7368afe0255285ac4082daf
Waiting for Ethernet connection... done.
Using sms0 device
TFTP from server 192.168.0.1; our IP address is 192.168.0.71
Filename 'vatf_omap5-evm/e0689135c7368afe0255285ac4082daf'.
Load address: 0x88000000
Loading: *####
	 2.5 MiB/s
done
Bytes transferred = 50270 (c45e hex)
U-Boot# 
- 03:29:15 [INFO] Host: ls mmc 0:1
- 03:29:15 [INFO] Target: 
ls mmc 0:1
    62048   mlo 
   304288   u-boot.img 
  1867895   u-boot 
            old_uboot/
   304240   u-boot.bin 
   704856   u-boot-spl 
    61536   u-boot-spl.bin 
      259   uboot_build.txt 
        4   ws-calibrate.rules 
8 file(s), 1 dir(s)
U-Boot# 
- 03:29:15 [INFO] Host: ls mmc 0:2
- 03:29:16 [INFO] Target: 
ls mmc 0:2
<DIR>       4096 .
<DIR>       4096 ..
<DIR>       4096 bin
<DIR>       4096 boot
<DIR>       4096 dev
<DIR>       4096 etc
<DIR>       4096 home
<DIR>       4096 lib
<DIR>       4096 media
<DIR>       4096 mnt
<DIR>       4096 opt
<DIR>       4096 proc
<SYM>          8 run
<DIR>       4096 sbin
<DIR>       4096 srv
<DIR>       4096 sys
<SYM>          8 tmp
<DIR>       4096 usr
<DIR>       4096 var
<DIR>       4096 www
<DIR>       4096 Settings
<DIR>       4096 test
U-Boot# 
- 03:29:16 [INFO] Host: part uuid mmc 0:2
- 03:29:16 [INFO] Target: 
part uuid mmc 0:2
00000000-02
U-Boot# 
- 03:29:16 [INFO] Host: printenv
- 03:29:17 [INFO] Target: 
printenv
arch=arm
autoload=no
baudrate=115200
board=omap5_uevm
board_name=omap5_uevm
bootargs=console=ttyO2,115200n8 earlyprintk rootwait  ip=dhcp 
bootcmd=
bootdelay=1
bootdir=/boot
bootfile=zImage
bootm_size=0x10000000
bootpart=0:2
bootscript=echo Running bootscript from mmc${mmcdev} ...; source ${loadaddr}
console=ttyO2,115200n8
cpu=armv7
dnsip=192.0.2.2
ethact=sms0
fdt_addr_r=0x88000000
fdtaddr=0x88000000
fdtfile=undefined
fileaddr=88000000
filesize=c45e
findfdt=if test $board_name = omap5_uevm; then setenv fdtfile omap5-uevm.dtb; fi; if test $board_name = dra7xx; then setenv fdtfile dra7-evm.dtb; fi;if test $board_name = dra72x; then setenv fdtfile dra72-evm.dtb; fi;if test $fdtfile = undefined; then echo WARNING: Could not determine device tree to use; fi; 
gatewayip=192.168.0.1
importbootenv=echo Importing environment from mmc${mmcdev} ...; env import -t ${loadaddr} ${filesize}
ipaddr=192.168.0.71
kernel_addr_r=0x82000000
loadaddr=0x82000000
loadbootenv=fatload mmc ${mmcdev} ${loadaddr} uEnv.txt
loadbootscript=fatload mmc ${mmcdev} ${loadaddr} boot.scr
loadfdt=load mmc ${bootpart} ${fdtaddr} ${bootdir}/${fdtfile};
loadimage=load mmc ${bootpart} ${loadaddr} ${bootdir}/${bootfile}
mmcargs=setenv bootargs console=${console} ${optargs} vram=${vram} root=${mmcroot} rootfstype=${mmcrootfstype}
mmcboot=mmc dev ${mmcdev}; if mmc rescan; then echo SD/MMC found on device ${mmcdev};if run loadbootenv; then echo Loaded environment from ${bootenv};run importbootenv;fi;if test -n $uenvcmd; then echo Running uenvcmd ...;run uenvcmd;fi;if run loadimage; then run loadfdt; echo Booting from mmc${mmcdev} ...; run mmcargs; bootz ${loadaddr} - ${fdtaddr}; fi;fi;
mmcdev=0
mmcroot=/dev/mmcblk1p2 rw
mmcrootfstype=ext4 rootwait
netmask=255.255.255.0
partitions=uuid_disk=${uuid_gpt_disk};name=rootfs,start=2MiB,size=-,uuid=${uuid_gpt_rootfs}
ramdisk_addr_r=0x88080000
rdaddr=0x88080000
scsidevs=0
serverip=192.168.0.1
soc=omap5
stderr=serial
stdin=serial
stdout=serial
usbethaddr=02:21:03:ff:09:60
usbtty=cdc_acm
vendor=ti
ver=U-Boot 2014.07-00071-gaca0808 (Oct 02 2014 - 11:23:17)
vram=16M
Environment size: 2199/131067 bytes
U-Boot# 
- 03:29:17 [INFO] Host: setenv bootargs ''${bootargs}' root=PARTUUID=00000000-02 rw rootfstype=ext4 rootwait '
- 03:29:17 [INFO] Target: 
setenv bootargs ''${bootargs}' root=PARTUUID=00000000-02 rw rootfstype=ext4 rootwait '
U-Boot# 
- 03:29:17 [INFO] Host: printenv
- 03:29:18 [INFO] Target: 
printenv
arch=arm
autoload=no
baudrate=115200
board=omap5_uevm
board_name=omap5_uevm
bootargs=console=ttyO2,115200n8 earlyprintk rootwait  ip=dhcp  root=PARTUUID=00000000-02 rw rootfstype=ext4 rootwait 
bootcmd=
bootdelay=1
bootdir=/boot
bootfile=zImage
bootm_size=0x10000000
bootpart=0:2
bootscript=echo Running bootscript from mmc${mmcdev} ...; source ${loadaddr}
console=ttyO2,115200n8
cpu=armv7
dnsip=192.0.2.2
ethact=sms0
fdt_addr_r=0x88000000
fdtaddr=0x88000000
fdtfile=undefined
fileaddr=88000000
filesize=c45e
findfdt=if test $board_name = omap5_uevm; then setenv fdtfile omap5-uevm.dtb; fi; if test $board_name = dra7xx; then setenv fdtfile dra7-evm.dtb; fi;if test $board_name = dra72x; then setenv fdtfile dra72-evm.dtb; fi;if test $fdtfile = undefined; then echo WARNING: Could not determine device tree to use; fi; 
gatewayip=192.168.0.1
importbootenv=echo Importing environment from mmc${mmcdev} ...; env import -t ${loadaddr} ${filesize}
ipaddr=192.168.0.71
kernel_addr_r=0x82000000
loadaddr=0x82000000
loadbootenv=fatload mmc ${mmcdev} ${loadaddr} uEnv.txt
loadbootscript=fatload mmc ${mmcdev} ${loadaddr} boot.scr
loadfdt=load mmc ${bootpart} ${fdtaddr} ${bootdir}/${fdtfile};
loadimage=load mmc ${bootpart} ${loadaddr} ${bootdir}/${bootfile}
mmcargs=setenv bootargs console=${console} ${optargs} vram=${vram} root=${mmcroot} rootfstype=${mmcrootfstype}
mmcboot=mmc dev ${mmcdev}; if mmc rescan; then echo SD/MMC found on device ${mmcdev};if run loadbootenv; then echo Loaded environment from ${bootenv};run importbootenv;fi;if test -n $uenvcmd; then echo Running uenvcmd ...;run uenvcmd;fi;if run loadimage; then run loadfdt; echo Booting from mmc${mmcdev} ...; run mmcargs; bootz ${loadaddr} - ${fdtaddr}; fi;fi;
mmcdev=0
mmcroot=/dev/mmcblk1p2 rw
mmcrootfstype=ext4 rootwait
netmask=255.255.255.0
partitions=uuid_disk=${uuid_gpt_disk};name=rootfs,start=2MiB,size=-,uuid=${uuid_gpt_rootfs}
ramdisk_addr_r=0x88080000
rdaddr=0x88080000
scsidevs=0
serverip=192.168.0.1
soc=omap5
stderr=serial
stdin=serial
stdout=serial
usbethaddr=02:21:03:ff:09:60
usbtty=cdc_acm
vendor=ti
ver=U-Boot 2014.07-00071-gaca0808 (Oct 02 2014 - 11:23:17)
vram=16M
Environment size: 2254/131067 bytes
U-Boot# 
- 03:29:18 [INFO] Host: setenv bootcmd ''${bootcmd}' if iminfo ${loadaddr}; then bootm ${loadaddr} - ${fdt_addr_r}; else bootz ${loadaddr} - ${fdt_addr_r}; bootm ${loadaddr} - ${fdt_addr_r}; fi'
- 03:29:18 [INFO] Target: 
setenv bootcmd ''${bootcmd}' if iminfo ${loadaddr}; then bootm ${loadaddr} - ${fdt_addr_r}; else bootz ${loadaddr} - ${fdt_addr_r}; bootm ${loadaddr} - ${fdt_addr_r}; fi'
U-Boot# 
- 03:29:18 [INFO] Host: bdinfo
- 03:29:19 [INFO] Target: 
bdinfo
arch_number = 0x00000EC1
boot_params = 0x80000100
DRAM bank   = 0x00000000
-> start    = 0x80000000
-> size     = 0x7F000000
eth0name    = sms0
ethaddr     = (not set)
current eth = sms0
ip_addr     = 192.168.0.71
baudrate    = 115200 bps
TLB addr    = 0xFEFF0000
relocaddr   = 0xFEF61000
reloc off   = 0x7E761000
irq_sp      = 0xFDF40EE0
sp start    = 0xFDF40ED0
U-Boot# 
- 03:29:19 [INFO] Host: mmc rescan
- 03:29:19 [INFO] Target: 
mmc rescan
U-Boot# 
- 03:29:19 [INFO] Host: fatwrite mmc ${mmcdev}:1 ${loadaddr} ws-calibrate.rules 4
- 03:29:20 [INFO] Target: 
fatwrite mmc ${mmcdev}:1 ${loadaddr} ws-calibrate.rules 4
writing ws-calibrate.rules
4 bytes written
U-Boot# 
- 03:29:20 [INFO] Host: boot
- 03:29:32 [INFO] Target: 
boot
## Checking Image at 82000000 ...
Unknown image format!
Kernel image @ 0x82000000 [ 0x000000 - 0x509998 ]
## Flattened Device Tree blob at 88000000
   Booting using the fdt blob at 0x88000000
   Loading Device Tree to 8fff0000, end 8ffff45d ... OK
Starting kernel ...
[    0.000000] Booting Linux on physical CPU 0x0
[    0.000000] Linux version 3.18.0-00002-gd129c56 (nmenon@kahuna) (gcc version 4.6.3 (Ubuntu/Linaro 4.6.3-1ubuntu5) ) #1 SMP Mon Dec 15 02:26:03 CST 2014
[    0.000000] CPU: ARMv7 Processor [412fc0f2] revision 2 (ARMv7), cr=10c5387d
[    0.000000] CPU: PIPT / VIPT nonaliasing data cache, PIPT instruction cache
[    0.000000] Machine model: TI OMAP5 uEVM board
[    0.000000] cma: Reserved 64 MiB at 0xfa800000
[    0.000000] Memory policy: Data cache writealloc
[    0.000000] OMAP5432 ES2.0
[    0.000000] PERCPU: Embedded 10 pages/cpu @ee7cf000 s8512 r8192 d24256 u40960
[    0.000000] Built 1 zonelists in Zone order, mobility grouping on.  Total pages: 518416
[    0.000000] Kernel command line: console=ttyO2,115200n8 earlyprintk rootwait  ip=dhcp  root=PARTUUID=00000000-02 rw rootfstype=ext4 rootwait 
[    0.000000] PID hash table entries: 4096 (order: 2, 16384 bytes)
[    0.000000] Dentry cache hash table entries: 131072 (order: 7, 524288 bytes)
[    0.000000] Inode-cache hash table entries: 65536 (order: 6, 262144 bytes)
[    0.000000] Memory: 1985100K/2079744K available (6872K kernel code, 963K rwdata, 2808K rodata, 724K init, 308K bss, 94644K reserved, 1235968K highmem)
[    0.000000] Virtual kernel memory layout:
[    0.000000]     vector  : 0xffff0000 - 0xffff1000   (   4 kB)
[    0.000000]     fixmap  : 0xffc00000 - 0xffe00000   (2048 kB)
[    0.000000]     vmalloc : 0xf0000000 - 0xff000000   ( 240 MB)
[    0.000000]     lowmem  : 0xc0000000 - 0xef800000   ( 760 MB)
[    0.000000]     pkmap   : 0xbfe00000 - 0xc0000000   (   2 MB)
[    0.000000]     modules : 0xbf000000 - 0xbfe00000   (  14 MB)
[    0.000000]       .text : 0xc0208000 - 0xc0b7c510   (9682 kB)
[    0.000000]       .init : 0xc0b7d000 - 0xc0c32000   ( 724 kB)
[    0.000000]       .data : 0xc0c32000 - 0xc0d22dc0   ( 964 kB)
[    0.000000]        .bss : 0xc0d22dc0 - 0xc0d70020   ( 309 kB)
[    0.000000] SLUB: HWalign=64, Order=0-3, MinObjects=0, CPUs=2, Nodes=1
[    0.000000] Hierarchical RCU implementation.
[    0.000000] 	RCU restricting CPUs from NR_CPUS=8 to nr_cpu_ids=2.
[    0.000000] RCU: Adjusting geometry for rcu_fanout_leaf=16, nr_cpu_ids=2
[    0.000000] NR_IRQS:16 nr_irqs:16 16
[    0.000000] OMAP clockevent source: timer1 at 32768 Hz
[    0.000030] sched_clock: 32 bits at 32kHz, resolution 30517ns, wraps every 65536000000000ns
[    0.000030] OMAP clocksource: 32k_counter at 32768 Hz
[    0.000396] Architected cp15 timer(s) running at 6.14MHz (virt).
[    0.000401] sched_clock: 56 bits at 6MHz, resolution 162ns, wraps every 2796202663936ns
[    0.000411] Switching to timer-based delay loop, resolution 162ns
[    0.003487] Console: colour dummy device 80x30
[    0.003504] Calibrating delay loop (skipped), value calculated using timer frequency.. 12.28 BogoMIPS (lpj=30720)
[    0.003515] pid_max: default: 32768 minimum: 301
[    0.003605] Mount-cache hash table entries: 2048 (order: 1, 8192 bytes)
[    0.003614] Mountpoint-cache hash table entries: 2048 (order: 1, 8192 bytes)
[    0.004006] CPU: Testing write buffer coherency: ok
[    0.004149] /cpus/cpu@0 missing clock-frequency property
[    0.004161] /cpus/cpu@1 missing clock-frequency property
[    0.004171] CPU0: thread -1, cpu 0, socket 0, mpidr 80000000
[    0.004210] Setting up static identity map for 0x8087e2c8 - 0x8087e360
[    0.006233] CPU1: Booted secondary processor
[    0.006254] CPU1: thread -1, cpu 1, socket 0, mpidr 80000001
[    0.006309] Brought up 2 CPUs
[    0.006321] SMP: Total of 2 processors activated.
[    0.006327] CPU: All CPU(s) started in SVC mode.
[    0.006668] devtmpfs: initialized
[    0.010407] VFP support v0.3: implementor 41 architecture 4 part 30 variant f rev 0
[    0.010913] omap_hwmod: l3_main_3 using broken dt data from ocp
[    0.011340] omap_hwmod: l3_main_2 using broken dt data from ocp
[    0.037227] omap_hwmod: dss_dispc: cannot be enabled for reset (3)
[    0.039732] omap_hwmod: dss_dsi1: cannot be enabled for reset (3)
[    0.042246] omap_hwmod: dss_dsi2: cannot be enabled for reset (3)
[    0.044751] omap_hwmod: dss_hdmi: cannot be enabled for reset (3)
[    0.047261] omap_hwmod: dss_rfbi: cannot be enabled for reset (3)
[    0.086786] pinctrl core: initialized pinctrl subsystem
[    0.087117] regulator-dummy: no parameters
[    0.098873] NET: Registered protocol family 16
[    0.100433] DMA: preallocated 256 KiB pool for atomic coherent allocations
[    0.115447] cpuidle: using governor ladder
[    0.130461] cpuidle: using governor menu
[    0.133761] OMAP GPIO hardware version 0.1
[    0.137119] platform 50000000.gpmc: Cannot lookup hwmod 'gpmc'
[    0.137211] omap-gpmc 50000000.gpmc: _od_fail_runtime_resume: FIXME: missing hwmod/omap_dev info
[    0.137222] omap-gpmc 50000000.gpmc: GPMC revision 6.0
[    0.148181] No ATAGs?
[    0.148205] hw-breakpoint: found 5 (+1 reserved) breakpoint and 4 watchpoint registers.
[    0.148213] hw-breakpoint: maximum watchpoint size is 8 bytes.
[    0.148377] EXYNOS: PMU not supported
[    0.149272] OMAP DMA hardware revision 0.0
[    0.151289] Serial: AMBA PL011 UART driver
[    0.181900] omap-dma-engine 4a056000.dma-controller: OMAP DMA engine driver
[    0.182320] vmmcsd_fixed: 3000 mV 
[    0.184594] vgaarb: loaded
[    0.185071] SCSI subsystem initialized
[    0.185425] usbcore: registered new interface driver usbfs
[    0.185474] usbcore: registered new interface driver hub
[    0.185516] usbcore: registered new device driver usb
[    0.185781] hsusb2_phy supply vcc not found, using dummy regulator
[    0.185898] hsusb3_phy supply vcc not found, using dummy regulator
[    0.186281] omap_i2c 48070000.i2c: could not find pctldev for node /ocp/pinmux@4a002840/pinmux_i2c1_pins, deferring probe
[    0.186293] platform 48070000.i2c: Driver omap_i2c requests probe deferral
[    0.186528] omap_i2c 48072000.i2c: bus 1 rev0.12 at 100 kHz
[    0.186755] omap_i2c 48060000.i2c: bus 2 rev0.12 at 100 kHz
[    0.186979] omap_i2c 4807a000.i2c: bus 3 rev0.12 at 100 kHz
[    0.187012] omap_i2c 4807c000.i2c: could not find pctldev for node /ocp/pinmux@4a002840/pinmux_i2c5_pins, deferring probe
[    0.187024] platform 4807c000.i2c: Driver omap_i2c requests probe deferral
[    0.187537] Linux video capture interface: v2.00
[    0.187570] pps_core: LinuxPPS API ver. 1 registered
[    0.187576] pps_core: Software ver. 5.3.6 - Copyright 2005-2007 Rodolfo Giometti <giometti@linux.it>
[    0.187595] PTP clock support registered
[    0.187775] EDAC MC: Ver: 3.0.0
[    0.188420] Advanced Linux Sound Architecture Driver Initialized.
[    0.189156] Switched to clocksource arch_sys_counter
[    0.196373] NET: Registered protocol family 2
[    0.196783] TCP established hash table entries: 8192 (order: 3, 32768 bytes)
[    0.196845] TCP bind hash table entries: 8192 (order: 4, 65536 bytes)
[    0.196976] TCP: Hash tables configured (established 8192 bind 8192)
[    0.197014] TCP: reno registered
[    0.197023] UDP hash table entries: 512 (order: 2, 16384 bytes)
[    0.197052] UDP-Lite hash table entries: 512 (order: 2, 16384 bytes)
[    0.197173] NET: Registered protocol family 1
[    0.197345] RPC: Registered named UNIX socket transport module.
[    0.197353] RPC: Registered udp transport module.
[    0.197358] RPC: Registered tcp transport module.
[    0.197364] RPC: Registered tcp NFSv4.1 backchannel transport module.
[    0.222315] hw perfevents: enabled with armv7_cortex_a15 PMU driver, 7 counters available
[    0.223997] futex hash table entries: 512 (order: 3, 32768 bytes)
[    0.232727] squashfs: version 4.0 (2009/01/31) Phillip Lougher
[    0.233288] NFS: Registering the id_resolver key type
[    0.233311] Key type id_resolver registered
[    0.233317] Key type id_legacy registered
[    0.233371] msgmni has been set to 1463
[    0.233710] bounce: pool size: 64 pages
[    0.233867] Block layer SCSI generic (bsg) driver version 0.4 loaded (major 249)
[    0.233882] io scheduler noop registered
[    0.233894] io scheduler deadline registered
[    0.234045] io scheduler cfq registered (default)
[    0.237870] pinctrl-single 4a002840.pinmux: 219 pins at pa fc002840 size 438
[    0.238030] pinctrl-single 4ae0c840.pinmux: 28 pins at pa fce0c840 size 56
[    0.285082] Serial: 8250/16550 driver, 4 ports, IRQ sharing disabled
[    0.286563] Serial: IMX driver
[    0.287042] msm_serial: driver initialized
[    0.287551] omap_uart 4806a000.serial: no wakeirq for uart0
[    0.287637] omap_uart 4806a000.serial: ttyO0 at MMIO 0x4806a000 (irq = 104, base_baud = 3000000) is a OMAP UART0
[    0.287889] omap_uart 4806c000.serial: no wakeirq for uart0
[    0.287958] omap_uart 4806c000.serial: ttyO1 at MMIO 0x4806c000 (irq = 105, base_baud = 3000000) is a OMAP UART1
[    0.288223] omap_uart 48020000.serial: no wakeirq for uart0
[    0.288292] omap_uart 48020000.serial: ttyO2 at MMIO 0x48020000 (irq = 106, base_baud = 3000000) is a OMAP UART2
[    1.113054] console [ttyO2] enabled
[    1.116957] omap_uart 4806e000.serial: no wakeirq for uart0
[    1.122865] omap_uart 4806e000.serial: ttyO3 at MMIO 0x4806e000 (irq = 102, base_baud = 3000000) is a OMAP UART3
[    1.133770] omap_uart 48066000.serial: no wakeirq for uart0
[    1.139665] omap_uart 48066000.serial: ttyO4 at MMIO 0x48066000 (irq = 137, base_baud = 3000000) is a OMAP UART4
[    1.150542] omap_uart 48068000.serial: no wakeirq for uart0
[    1.156439] omap_uart 48068000.serial: ttyO5 at MMIO 0x48068000 (irq = 138, base_baud = 3000000) is a OMAP UART5
[    1.167384] STMicroelectronics ASC driver initialized
[    1.173469] serial: Freescale lpuart driver
[    1.178039] [drm] Initialized drm 1.1.0 20060810
[    1.187735] loop: module loaded
[    1.192275] ahci 4a140000.sata: SSS flag set, parallel bus scan disabled
[    1.199316] ahci 4a140000.sata: AHCI 0001.0300 32 slots 1 ports 3 Gbps 0x1 impl platform mode
[    1.208237] ahci 4a140000.sata: flags: 64bit ncq sntf stag pm led clo only pmp pio slum part ccc apst 
[    1.218689] scsi host0: ahci_platform
[    1.222764] ata1: SATA max UDMA/133 mmio [mem 0x4a140000-0x4a1410ff] port 0x100 irq 86
[    1.235088] CAN device driver interface
[    1.240056] igb: Intel(R) Gigabit Ethernet Network Driver - version 5.2.15-k
[    1.247441] igb: Copyright (c) 2007-2014 Intel Corporation.
[    1.254864] pegasus: v0.9.3 (2013/04/25), Pegasus/Pegasus II USB Ethernet driver
[    1.262647] usbcore: registered new interface driver pegasus
[    1.268621] usbcore: registered new interface driver asix
[    1.274312] usbcore: registered new interface driver ax88179_178a
[    1.280724] usbcore: registered new interface driver cdc_ether
[    1.286875] usbcore: registered new interface driver smsc75xx
[    1.292941] usbcore: registered new interface driver smsc95xx
[    1.298996] usbcore: registered new interface driver net1080
[    1.304961] usbcore: registered new interface driver cdc_subset
[    1.311197] usbcore: registered new interface driver zaurus
[    1.317100] usbcore: registered new interface driver cdc_ncm
[    1.323310] ehci_hcd: USB 2.0 'Enhanced' Host Controller (EHCI) Driver
[    1.330148] ehci-pci: EHCI PCI platform driver
[    1.334834] ehci-platform: EHCI generic platform driver
[    1.340484] ehci-omap: OMAP-EHCI Host Controller driver
[    1.357936] ehci-omap 4a064c00.ehci: EHCI Host Controller
[    1.363602] ehci-omap 4a064c00.ehci: new USB bus registered, assigned bus number 1
[    1.371670] ehci-omap 4a064c00.ehci: irq 109, io mem 0x4a064c00
[    1.384170] ehci-omap 4a064c00.ehci: USB 2.0 started, EHCI 1.00
[    1.390968] hub 1-0:1.0: USB hub found
[    1.394920] hub 1-0:1.0: 3 ports detected
[    1.439595] ehci-orion: EHCI orion driver
[    1.443934] SPEAr-ehci: EHCI SPEAr driver
[    1.448270] tegra-ehci: Tegra EHCI driver
[    1.452623] ohci_hcd: USB 1.1 'Open' Host Controller (OHCI) Driver
[    1.459107] ohci-pci: OHCI PCI platform driver
[    1.463789] ohci-platform: OHCI generic platform driver
[    1.469387] ohci-omap3: OHCI OMAP3 driver
[    1.473731] ohci-omap3 4a064800.ohci: OHCI Host Controller
[    1.479490] ohci-omap3 4a064800.ohci: new USB bus registered, assigned bus number 2
[    1.487570] ohci-omap3 4a064800.ohci: irq 108, io mem 0x4a064800
[    1.559174] ata1: SATA link down (SStatus 0 SControl 300)
[    1.565224] hub 2-0:1.0: USB hub found
[    1.569187] hub 2-0:1.0: 3 ports detected
[    1.573757] SPEAr-ohci: OHCI SPEAr driver
[    1.578456] usbcore: registered new interface driver usb-storage
[    1.586064] mousedev: PS/2 mouse device common for all mice
[    1.594625] i2c /dev entries driver
[    1.599910] usbcore: registered new interface driver uvcvideo
[    1.605921] USB Video Class driver (1.1.1)
[    1.610208] gspca_main: v2.14.0 registered
[    1.617794] sdhci: Secure Digital Host Controller Interface driver
[    1.624262] sdhci: Copyright(c) Pierre Ossman
[    1.629710] omap_hsmmc 4809c000.mmc: unable to get vmmc regulator -517
[    1.636585] platform 4809c000.mmc: Driver omap_hsmmc requests probe deferral
[    1.674325] 480ad000.mmc supply vmmc not found, using dummy regulator
[    1.681227] omap_hsmmc 480ad000.mmc: could not set regulator OCR (-22)
[    1.709191] usb 1-2: new high-speed USB device number 2 using ehci-omap
[    1.714485] Synopsys Designware Multimedia Card Interface Driver
[    1.715368] sdhci-pltfm: SDHCI platform and OF driver helper
[    1.716979] ledtrig-cpu: registered to indicate activity on CPUs
[    1.717164] usbcore: registered new interface driver usbhid
[    1.717166] usbhid: USB HID core driver
[    1.722572] TCP: cubic registered
[    1.722582] NET: Registered protocol family 17
[    1.722600] can: controller area network core (rev 20120528 abi 9)
[    1.722653] NET: Registered protocol family 29
[    1.722662] can: raw protocol (rev 20120528)
[    1.722670] can: broadcast manager protocol (rev 20120528 t)
[    1.722682] can: netlink gateway (rev 20130117) max_hops=1
[    1.723035] Key type dns_resolver registered
[    1.723172] omap_vc_init_channel: No PMIC info for vdd_core
[    1.723175] omap_vp_init: No PMIC info for vdd_core
[    1.723180] omap_vc_init_channel: No PMIC info for vdd_mm
[    1.723182] omap_vp_init: No PMIC info for vdd_mm
[    1.723186] omap_vc_init_channel: No PMIC info for vdd_mpu
[    1.723188] omap_vp_init: No PMIC info for vdd_mpu
[    1.723567] Power Management for TI OMAP4+ devices.
[    1.723701] ThumbEE CPU extension supported.
[    1.723716] Registering SWP/SWPB emulation handler
[    1.730256] palmas 0-0048: Irq flag is 0x00000000
[    1.751982] mmc0: BKOPS_EN bit is not set
[    1.753613] mmc0: new high speed MMC card at address 0001
[    1.753898] mmcblk0: mmc0:0001 SEM04G 3.68 GiB 
[    1.759191] mmcblk0boot0: mmc0:0001 SEM04G partition 1 2.00 MiB
[    1.759286] mmcblk0boot1: mmc0:0001 SEM04G partition 2 2.00 MiB
[    1.759959]  mmcblk0: p1
[    1.866614] palmas 0-0048: Muxing GPIO 2, PWM 0, LED 0
[    1.875028] smps123: 600 <--> 1500 mV at 1060 mV 
[    1.881256] smps45: 600 <--> 1310 mV at 1030 mV 
[    1.888090] smps6: 1200 mV 
[    1.892141] smps7: 1800 mV 
[    1.896360] smps8: 600 <--> 1310 mV at 1040 mV 
[    1.902725] smps9: 2100 mV 
[    1.906528] smps10_out2: 5000 mV 
[    1.910710] smps10_out1: 5000 mV 
[    1.914626] ldo1: 1500 <--> 1800 mV 
[    1.919656] ldo2: 2800 mV 
[    1.923949] ldo3: 1500 mV 
[    1.927475] ldo4: 1500 <--> 1800 mV 
[    1.932697] ldo5: 1800 mV 
[    1.938493] ldo6: 1200 mV 
[    1.942572] ldo7: 2000 mV 
[    1.946877] ldo8: 3000 mV 
[    1.951170] ldo9: 1800 <--> 3000 mV at 3000 mV 
[    1.957381] ldoln: 1800 mV 
[    1.961789] ldousb: 3250 mV 
[    1.965335] REGEN1: no parameters
[    1.968918] REGEN2: no parameters
[    1.972657] regen3: no parameters
[    1.976506] SYSEN1: no parameters
[    1.980095] SYSEN2: no parameters
[    1.983933] omap_i2c 48070000.i2c: bus 0 rev0.12 at 400 kHz
[    1.991170] omap_i2c 4807c000.i2c: bus 4 rev0.12 at 400 kHz
[    1.998376] hub 1-2:1.0: USB hub found
[    2.002365] hub 1-2:1.0: 3 ports detected
[    2.034616] drivers/rtc/hctosys.c: unable to open rtc device (rtc0)
[    2.103934] mmc2: host does not support reading read-only switch, assuming write-enable
[    2.114189] usb 1-3: new high-speed USB device number 3 using ehci-omap
[    2.121193] mmc2: new high speed SDHC card at address e624
[    2.127237] mmcblk1: mmc2:e624 SU04G 3.69 GiB 
[    2.134489]  mmcblk1: p1 p2 p3
[    2.256994] smsc95xx v1.0.4
[    2.308428] smsc95xx 1-3:1.0 eth0: register 'smsc95xx' at usb-4a064c00.ehci-3, smsc95xx USB 2.0 Ethernet, 66:ec:a7:8f:d5:4b
[    4.614583] smsc95xx 1-3:1.0 eth0: link up, 100Mbps, full-duplex, lpa 0xC5E1
[    4.629163] Sending DHCP requests ., OK
[    5.689170] IP-Config: Got DHCP answer from 192.168.0.1, my address is 192.168.0.201
[    5.697373] IP-Config: Complete:
[    5.700771]      device=eth0, hwaddr=66:ec:a7:8f:d5:4b, ipaddr=192.168.0.201, mask=255.255.255.0, gw=192.168.0.1
[    5.711442]      host=192.168.0.201, domain=tim.com, nis-domain=(none)
[    5.718284]      bootserver=192.168.0.1, rootserver=192.168.0.1, rootpath=
[    5.725308]      nameserver0=192.0.2.2, nameserver1=192.0.2.3
[    5.731811] ldo8: disabling
[    5.735437] ldo3: disabling
[    5.739320] ALSA device list:
[    5.742426]   No soundcards found.
[    5.765574] EXT4-fs (mmcblk1p2): mounted filesystem with ordered data mode. Opts: (null)
[    5.774087] VFS: Mounted root (ext4 filesystem) on device 179:50.
[    5.783741] devtmpfs: mounted
[    5.787252] Freeing unused kernel memory: 724K (c0b7d000 - c0c32000)
INIT: version 2.88 booting
Error opening /dev/fb0: No such file or directory
Starting udev
[    6.166902] udevd[94]: starting version 182
[    7.703897] EXT4-fs (mmcblk0p1): warning: mounting unchecked fs, running e2fsck is recommended
[    7.715433] EXT4-fs (mmcblk0p1): mounted filesystem without journal. Opts: (null)
[    7.751367] FAT-fs (mmcblk1p1): codepage cp437 not found
[    7.789262] EXT4-fs (mmcblk1p3): mounted filesystem with ordered data mode. Opts: (null)
[    7.808851] FAT-fs (mmcblk1p1): codepage cp437 not found
[    7.879564] FAT-fs (mmcblk1p1): codepage cp437 not found
[    7.896085] FAT-fs (mmcblk1p1): codepage cp437 not found
Starting Bootlog daemon: bootlogd.
[    7.963697] EXT4-fs (mmcblk1p2): re-mounted. Opts: data=ordered
[    7.998076] random: dd urandom read with 71 bits of entropy available
ALSA: Restoring mixer settings...
Configuring network interfaces... /usr/sbin/alsactl: load_state:1696: No soundcards found...
udhcpc (v1.20.2) started
Sending discover...
Sending select for 192.168.0.201...
Lease of 192.168.0.201 obtained, lease time 600
/etc/udhcpc.d/50default: Adding DNS 192.0.2.2
/etc/udhcpc.d/50default: Adding DNS 192.0.2.3
done.
hwclock: can't open '/dev/misc/rtc': No such file or directory
Sat Oct  4 10:12:00 UTC 2014
hwclock: can't open '/dev/misc/rtc': No such file or directory
INIT: Entering runlevel: 5
Starting system message bus: dbus.
Starting Dropbear SSH server: dropbear.
Starting telnet daemon.
hwclock: can't open '/dev/misc/rtc': No such file or directory
Starting syslogd/klogd: done
Starting thttpd.
Starting Lighttpd Web Server: 2014-10-04 10:12:00: (log.c.166) server started 
lighttpd.
Starting Matrix GUI application.
[   10.092641] random: nonblocking pool is initialized
***************************************************************
***************************************************************
NOTICE: This file system contains the followin GPLv3 packages:
	binutils-symlinks
	binutils
	gdbserver
	parted
If you do not wish to distribute GPLv3 components please remove
the above packages prior to distribution.  This can be done using
the opkg remove command.  i.e.:
    opkg remove <package>
Where <package> is the name printed in the list above
NOTE: If the package is a dependency of another package you
      will be notified of the dependent packages.  You should
      use the --force-removal-of-dependent-packages option to
      also remove the dependent packages as well
***************************************************************
***************************************************************
Stopping Bootlog daemon: bootlogd.
 _____                    _____           _         _   
|  _  |___ ___ ___ ___   |  _  |___ ___  |_|___ ___| |_ 
|     |  _| .'| . | . |  |   __|  _| . | | | -_|  _|  _|
|__|__|_| |__,|_  |___|  |__|  |_| |___|_| |___|___|_|  
              |___|                    |___|            
Arago Project http://arago-project.org omap5-evm ttyO2
Arago 2013.12 omap5-evm ttyO2
omap5-evm login: 
- 03:29:32 [INFO] Host: root
- 03:29:33 [INFO] Target: 
root
root@omap5-evm:~# 
- 03:29:33 [INFO] Host: uname -a
- 03:29:33 [INFO] Target: 
uname -a
Linux omap5-evm 3.18.0-00002-gd129c56 #1 SMP Mon Dec 15 02:26:03 CST 2014 armv7l GNU/Linux
root@omap5-evm:~# 
- 03:29:33 [INFO] Host: cat /proc/cmdline
- 03:29:34 [INFO] Target: 
cat /proc/cmdline
console=ttyO2,115200n8 earlyprintk rootwait  ip=dhcp  root=PARTUUID=00000000-02 rw rootfstype=ext4 rootwait 
root@omap5-evm:~# 
- 03:29:34 [INFO] Host: uname -a
- 03:29:34 [INFO] Target: 
uname -a
Linux omap5-evm 3.18.0-00002-gd129c56 #1 SMP Mon Dec 15 02:26:03 CST 2014 armv7l GNU/Linux
root@omap5-evm:~# 
- 03:29:34 [INFO] Host: cat /proc/mtd
- 03:29:35 [INFO] Target: 
cat /proc/mtd
dev:    size   erasesize  name
root@omap5-evm:~# 
- 03:29:43 [INFO] Host: export IPERFHOST=192.168.0.1
- 03:29:44 [INFO] Target: 
export IPERFHOST=192.168.0.1
root@omap5-evm:~# 
- 03:29:44 [INFO] Host: export NFS_SERVER=192.168.0.1
- 03:29:44 [INFO] Target: 
export NFS_SERVER=192.168.0.1
root@omap5-evm:~# 
- 03:29:44 [INFO] Host: export NFS_ROOT_PATH=/home/tigtfarm06/NFS_exports/linux/omap5-evm
- 03:29:45 [INFO] Target: 
export NFS_ROOT_PATH=/home/tigtfarm06/NFS_exports/linux/omap5- 
root@omap5-evm:~# 
- 03:29:45 [INFO] Host: mkdir -p -m 777 /test
- 03:29:45 [INFO] Target: 
mkdir -p -m 777 /test
root@omap5-evm:~# 
- 03:29:45 [INFO] Host: cd /test
- 03:29:46 [INFO] Target: 
cd /test
root@omap5-evm:/test# 
- 03:29:46 [INFO] Host: cat > test.sh << EOF
- 03:29:46 [INFO] Target: 
cat > test.sh << EOF
- 03:29:46 [INFO] Host: failtest() {
- 03:29:47 [INFO] Target: 
failtest() {
- 03:29:47 [INFO] Host:   echo 1 >&3
- 03:29:47 [INFO] Target: 
  echo 1 >&3
- 03:29:47 [INFO] Host: }
- 03:29:48 [INFO] Target: 
- 03:29:48 [INFO] Host: timeout=600
- 03:29:48 [INFO] Target: 
timeout=600
- 03:29:48 [INFO] Host: 
- 03:29:49 [INFO] Target: 
- 03:29:49 [INFO] Host: # Start of user's script logic
- 03:29:49 [INFO] Target: 
# Start of user's script logic
- 03:29:49 [INFO] Host: 
- 03:29:50 [INFO] Target: 
- 03:29:50 [INFO] Host: 
- 03:29:50 [INFO] Target: 
- 03:29:50 [INFO] Host: mount -t proc proc /proc 2>/dev/null;
- 03:29:51 [INFO] Target: 
mount -t proc proc /proc 2>/dev/null;
- 03:29:51 [INFO] Host: 
- 03:29:51 [INFO] Target: 
- 03:29:51 [INFO] Host: mount -t sysfs sys /sys 2>/dev/null;
- 03:29:52 [INFO] Target: 
mount -t sysfs sys /sys 2>/dev/null;
- 03:29:52 [INFO] Host: 
- 03:29:52 [INFO] Target: 
- 03:29:52 [INFO] Host: mount -t debugfs none /sys/kernel/debug 2>/dev/null;
- 03:29:53 [INFO] Target: 
mount -t debugfs none /sys/kernel/debug 2>/dev/null;
- 03:29:53 [INFO] Host: 
- 03:29:53 [INFO] Target: 
- 03:29:53 [INFO] Host: echo 'cpuinfo:';cat /proc/cpuinfo; echo '=======';
- 03:29:54 [INFO] Target: 
echo 'cpuinfo:';cat /proc/cpuinfo; echo '=======';
- 03:29:54 [INFO] Host: 
- 03:29:54 [INFO] Target: 
- 03:29:54 [INFO] Host: echo 'soc info:';head /sys/devices/soc0/* 2>/dev/null; echo '=======';
- 03:29:55 [INFO] Target: 
echo 'soc info:';head /sys/devices/soc0/* 2>/dev/null; echo '=======';
- 03:29:55 [INFO] Host: 
- 03:29:55 [INFO] Target: 
- 03:29:55 [INFO] Host: echo 'DT Model info'; head /proc/device-tree/name /proc/device-tree/model /proc/device-tree/compatible 2>/dev/null;echo; echo '=======';
- 03:29:56 [INFO] Target: 
echo 'DT Model info'; head /proc/device-tree/name /proc/device-tree/model /pro 
c/device-tree/compatible 2>/dev/null;echo; echo '=======';
- 03:29:56 [INFO] Host: 
- 03:29:56 [INFO] Target: 
- 03:29:56 [INFO] Host: echo 'interrupts:';cat /proc/interrupts; echo '=======';
- 03:29:57 [INFO] Target: 
echo 'interrupts:';cat /proc/interrupts; echo '=======';
- 03:29:57 [INFO] Host: 
- 03:29:57 [INFO] Target: 
- 03:29:57 [INFO] Host: echo 'Clk_summary:';cat /sys/kernel/debug/clk/clk_summary; echo '=======';
- 03:29:58 [INFO] Target: 
echo 'Clk_summary:';cat /sys/kernel/debug/clk/clk_summary; echo '=======';
- 03:29:58 [INFO] Host: 
- 03:29:58 [INFO] Target: 
- 03:29:58 [INFO] Host: echo 'Orphan Clks:';ls /sys/kernel/debug/clk/orphans/; echo '=======';
- 03:29:59 [INFO] Target: 
echo 'Orphan Clks:';ls /sys/kernel/debug/clk/orphans/; echo '=======';
- 03:29:59 [INFO] Host: 
- 03:29:59 [INFO] Target: 
- 03:29:59 [INFO] Host: echo "Available frequencies"; cat /sys/devices/system/cpu/cpu0/cpufreq/scaling_available_frequencies 2>/dev/null;echo '=======';
- 03:30:00 [INFO] Target: 
echo "Available frequencies"; cat /sys/devices/system/cpu/cpu0/cpufreq/scaling 
_available_frequencies 2>/dev/null;echo '=======';
- 03:30:00 [INFO] Host: 
- 03:30:00 [INFO] Target: 
- 03:30:00 [INFO] Host: echo 'H''ello World' 'B''oard Booted';
- 03:30:01 [INFO] Target: 
echo 'H''ello World' 'B''oard Booted';
- 03:30:01 [INFO] Host: 
- 03:30:01 [INFO] Target: 
- 03:30:01 [INFO] Host: EOF
- 03:30:02 [INFO] Target: 
root@omap5-evm:/test# 
- 03:30:02 [INFO] Host: cd /test
- 03:30:02 [INFO] Target: 
cd /test
root@omap5-evm:/test# 
- 03:30:02 [INFO] Host: chmod +x test.sh
- 03:30:03 [INFO] Target: 
chmod +x test.sh
root@omap5-evm:/test# 
- 03:30:03 [INFO] Host: ./test.sh 2> stderr.log > stdout.log 3> result.log
- 03:30:03 [INFO] Target: 
./test.sh 2> stderr.log > stdout.log 3> result.log
root@omap5-evm:/test# 
- 03:30:03 [INFO] Host: echo $?
- 03:30:04 [INFO] Target: 
echo $?
root@omap5-evm:/test# 
- 03:30:04 [INFO] Host: cd /test
- 03:30:04 [INFO] Target: 
cd /test
root@omap5-evm:/test# 
- 03:30:04 [INFO] Host: cat stdout.log
- 03:30:06 [INFO] Target: 
cat stdout.log
cpuinfo:
processor	: 0
model name	: ARMv7 Processor rev 2 (v7l)
Features	: half thumb fastmult vfp edsp thumbee neon vfpv3 tls vfpv4 idiva idivt vfpd32 lpae evtstrm 
CPU implementer	: 0x41
CPU architecture: 7
CPU variant	: 0x2
CPU part	: 0xc0f
CPU revision	: 2
processor	: 1
model name	: ARMv7 Processor rev 2 (v7l)
Features	: half thumb fastmult vfp edsp thumbee neon vfpv3 tls vfpv4 idiva idivt vfpd32 lpae evtstrm 
CPU implementer	: 0x41
CPU architecture: 7
CPU variant	: 0x2
CPU part	: 0xc0f
CPU revision	: 2
Hardware	: Generic OMAP5 (Flattened Device Tree)
Revision	: 0000
Serial		: 0000000000000000
=======
soc info:
==> /sys/devices/soc0/family <==
OMAP5
==> /sys/devices/soc0/machine <==
OMAP5432
==> /sys/devices/soc0/power <==
==> /sys/devices/soc0/revision <==
ES2.0
==> /sys/devices/soc0/subsystem <==
==> /sys/devices/soc0/type <==
==> /sys/devices/soc0/uevent <==
=======
DT Model info
==> /proc/device-tree/name <==
==> /proc/device-tree/model <==
TI OMAP5 uEVM board
==> /proc/device-tree/compatible <==
ti,omap5-uevmti,omap5
=======
interrupts:
           CPU0       CPU1       
 27:       2557       1853       GIC  27  arch_timer
 39:          1          0       GIC  39  palmas
 41:          0          0       GIC  41  l3-dbg-irq
 42:          0          0       GIC  42  l3-app-irq
 44:          0          0       GIC  44  DMA
 45:       3774          0       GIC  45  omap-dma-engine
 52:          0          0       GIC  52  gpmc
 69:          0          0       GIC  69  gp_timer
 86:          0          0       GIC  86  4a140000.sata
 88:        495          0       GIC  88  48070000.i2c
 89:          0          0       GIC  89  48072000.i2c
 92:          9          0       GIC  92  4807c000.i2c
 93:          0          0       GIC  93  48060000.i2c
 94:          0          0       GIC  94  4807a000.i2c
106:       4862          0       GIC 106  OMAP UART2
108:          1          0       GIC 108  ohci_hcd:usb2
109:        272          0       GIC 109  ehci_hcd:usb1
115:       4913          0       GIC 115  mmc2
118:        813          0       GIC 118  mmc0
126:         13          0       GIC 126  mmc1
459:          0          0      PRCM  pinctrl, pinctrl
IPI0:          0          1  CPU wakeup interrupts
IPI1:          0          0  Timer broadcast interrupts
IPI2:       1966       2120  Rescheduling interrupts
IPI3:          0          0  Function call interrupts
IPI4:        297         34  Single function call interrupts
IPI5:          0          0  CPU stop interrupts
IPI6:          0          0  IRQ work interrupts
IPI7:          0          0  completion interrupts
Err:          0
=======
Clk_summary:
   clock                         enable_cnt  prepare_cnt        rate   accuracy   phase
----------------------------------------------------------------------------------------
 dummy_ck                                 0            0           0          0 0  
 xclk60mhsp2_ck                           0            0    60000000          0 0  
 xclk60mhsp1_ck                           0            0    60000000          0 0  
 virt_38400000_ck                         0            0    38400000          0 0  
 virt_27000000_ck                         0            0    27000000          0 0  
 virt_26000000_ck                         0            0    26000000          0 0  
 virt_19200000_ck                         1            1    19200000          0 0  
    sys_clkin                             7           14    19200000          0 0  
       auxclk4_src_ck                     0            0    19200000          0 0  
          auxclk4_ck                      0            0     9600000          0 0  
       auxclk3_src_ck                     0            0    19200000          0 0  
          auxclk3_ck                      0            0    19200000          0 0  
             auxclkreq3_ck                0            0    19200000          0 0  
       auxclk2_src_ck                     0            0    19200000          0 0  
          auxclk2_ck                      0            0    19200000          0 0  
             auxclkreq2_ck                0            0    19200000          0 0  
       auxclk1_src_ck                     1            1    19200000          0 0  
          auxclk1_ck                      1            1    19200000          0 0  
             auxclkreq1_ck                0            0    19200000          0 0  
       auxclk0_src_ck                     0            0    19200000          0 0  
          auxclk0_ck                      0            0    19200000          0 0  
             auxclkreq0_ck                0            0    19200000          0 0  
       wkupaon_iclk_mux                   7            8    19200000          0 0  
          l3instr_ts_gclk_div             0            0    19200000          0 0  
       timer9_gfclk_mux                   0            1    19200000          0 0  
       timer4_gfclk_mux                   0            1    19200000          0 0  
       timer3_gfclk_mux                   0            1    19200000          0 0  
       timer2_gfclk_mux                   0            1    19200000          0 0  
       timer11_gfclk_mux                  0            1    19200000          0 0  
       timer10_gfclk_mux                  0            1    19200000          0 0  
       sata_ref_clk                       1            1    19200000          0 0  
       dpll_usb_ck                        2            2   960000000          0 0  
          dpll_usb_m2_ck                  3            3   480000000          0 0  
             usb_host_hs_hsic480m_p3_clk           1            1   480000000          0 0  
             usb_host_hs_hsic480m_p2_clk           1            1   480000000          0 0  
             usb_host_hs_hsic480m_p1_clk           0            0   480000000          0 0  
             l3init_60m_fclk              7            7    60000000          0 0  
                usb_tll_hs_usb_ch2_clk           1            1    60000000          0 0  
                usb_tll_hs_usb_ch1_clk           1            1    60000000          0 0  
                usb_tll_hs_usb_ch0_clk           0            0    60000000          0 0  
                usb_host_hs_utmi_p3_clk           1            1    60000000          0 0  
                utmi_p2_gfclk             1            1    60000000          0 0  
                   usb_host_hs_utmi_p2_clk           1            1    60000000          0 0  
                utmi_p1_gfclk             0            0    60000000          0 0  
                   usb_host_hs_utmi_p1_clk           0            0    60000000          0 0  
                usb_host_hs_hsic60m_p3_clk           1            1    60000000          0 0  
                usb_host_hs_hsic60m_p2_clk           1            1    60000000          0 0  
                usb_host_hs_hsic60m_p1_clk           0            0    60000000          0 0  
          dpll_usb_clkdcoldo              1            1   960000000          0 0  
             usb_otg_ss_refclk960m           1            3   960000000          0 0  
       dpll_unipro2_ck                    0            0    19200000          0 0  
          dpll_unipro2_m2_ck              0            0    19200000          0 0  
          dpll_unipro2_clkdcoldo           0            0    19200000          0 0  
       dpll_unipro1_ck                    0            0    19200000          0 0  
          dpll_unipro1_m2_ck              0            0    19200000          0 0  
             lli_txphy_ls_clk             0            0    19200000          0 0  
          dpll_unipro1_clkdcoldo           0            0    19200000          0 0  
             lli_txphy_clk                0            0    19200000          0 0  
       dpll_per_ck                        1            1   384000000          0 0  
          dpll_per_m2_ck                  0            0    96000000          0 0  
             func_24m_clk                 0            0    24000000          0 0  
          dpll_per_x2_ck                  1            2   768000000          0 0  
             dpll_per_m3x2_ck             0            0   256000000          0 0  
             dpll_per_m2x2_ck             1            4   192000000          0 0  
                mmc2_fclk_mux             0            1   192000000          0 0  
                   mmc2_fclk              0            1    96000000          0 0  
                mmc1_fclk_mux             0            1   192000000          0 0  
                   mmc1_fclk              0            1    96000000          0 0  
                hsi_fclk                  0            0   192000000          0 0  
                func_96m_fclk             0            6    96000000          0 0  
                   iss_ctrlclk            0            0    96000000          0 0  
                func_48m_fclk             7           14    48000000          0 0  
                   dss_48mhz_clk           0            2    48000000          0 0  
                func_12m_fclk             0            0    12000000          0 0  
             dpll_per_h14x2_ck            0            0   384000000          0 0  
             dpll_per_h12x2_ck            0            1   192000000          0 0  
                dss_dss_clk               0            4   192000000          0 0  
             dpll_per_h11x2_ck            0            0   256000000          0 0  
                fdif_fclk                 0            0   256000000          0 0  
                func_128m_clk             0            0   128000000          0 0  
       dpll_mpu_ck                        1            1  1000000000          0 0  
          dpll_mpu_m2_ck                  1            1  1000000000          0 0  
       dpll_core_ck                       1            1  1063680000          0 0  
          dpll_core_m2_ck                 0            0   531840000          0 0  
          dpll_core_x2_ck                 3            4  2127360000          0 0  
             dpll_core_m3x2_ck            0            0   425472000          0 0  
             dpll_core_h24x2_ck           0            0   354560000          0 0  
             dpll_core_h23x2_ck           0            0   303908572          0 0  
             dpll_core_h22x2_ck           0            1   425472000          0 0  
             dpll_core_h14x2_ck           0            0    33767620          0 0  
                gpu_hyd_gclk_mux           0            0    33767620          0 0  
                gpu_core_gclk_mux           0            0    33767620          0 0  
             dpll_core_h13x2_ck           1            2    34312259          0 0  
             dpll_core_h12x2_ck           1            2   531840000          0 0  
                l3_iclk_div              23           25   265920000          0 0  
                   l4_root_clk_div          45           50   132960000          0 0  
                   gpu_l3_iclk            0            0   265920000          0 0  
                mpu_dpll_hs_clk_div           0            0   531840000          0 0  
                iva_dpll_hs_clk_div           0            1   531840000          0 0  
                   dpll_iva_ck            0            1   531840000          0 0  
                      dpll_iva_x2_ck           0            1   531840000          0 0  
                         dpll_iva_h12x2_ck           0            0   531840000          0 0  
                         dpll_iva_h11x2_ck           0            1   531840000          0 0  
             dpll_core_h11x2_ck           4            4   265920000          0 0  
             dpll_core_h21x2_ck           0            0   354560000          0 0  
                c2c_fclk                  0            0   354560000          0 0  
                   c2c_iclk               0            0   177280000          0 0  
       dss_syc_gfclk_div                  0            5    19200000          0 0  
          dss_sys_clk                     0            5    19200000          0 0  
          timer8_gfclk_mux                0            1    19200000          0 0  
          timer7_gfclk_mux                0            1    19200000          0 0  
          timer6_gfclk_mux                0            1    19200000          0 0  
          timer5_gfclk_mux                0            1    19200000          0 0  
       custefuse_sys_gfclk_div            0            0     9600000          0 0  
       abe_dpll_bypass_clk_mux            0            0    19200000          0 0  
 virt_16800000_ck                         0            0    16800000          0 0  
 virt_13000000_ck                         0            0    13000000          0 0  
 virt_12000000_ck                         0            0    12000000          0 0  
 sys_32k_ck                               3           15       32768          0 0  
    timer1_gfclk_mux                      1            1       32768          0 0  
    gpio1_dbclk                           0            1       32768          0 0  
    abe_dpll_clk_mux                      1            1       32768          0 0  
       dpll_abe_ck                        1            1    98304000          0 0  
          dpll_abe_x2_ck                  1            1   196608000          0 0  
             dpll_abe_m3x2_ck             0            0    98304000          0 0  
                usb_dpll_hs_clk_div           0            0    32768000          0 0  
                per_dpll_hs_clk_div           0            0    49152000          0 0  
             dpll_abe_m2x2_ck             1            2   196608000          0 0  
                abe_lp_clk_div            0            0    12288000          0 0  
                abe_clk                   1            1   196608000          0 0  
                   aess_fclk              1            1   196608000          0 0  
                      abe_iclk           11           11    98304000          0 0  
                abe_24m_fclk              0            4    24576000          0 0  
                   mcbsp3_sync_mux_ck           0            2    24576000          0 0  
                      mcbsp3_gfclk           0            1    24576000          0 0  
                   mcbsp2_sync_mux_ck           0            2    24576000          0 0  
                      mcbsp2_gfclk           0            1    24576000          0 0  
                   mcbsp1_sync_mux_ck           0            2    24576000          0 0  
                      mcbsp1_gfclk           0            1    24576000          0 0  
                   mcasp_sync_mux_ck           0            0    24576000          0 0  
                      mcasp_gfclk           0            0    24576000          0 0  
                   dmic_sync_mux_ck           0            1    24576000          0 0  
                      dmic_gfclk           0            1    24576000          0 0  
    usb_phy_cm_clk32k                     1            2       32768          0 0  
    mmc1_32khz_clk                        0            1       32768          0 0  
    gpio8_dbclk                           0            1       32768          0 0  
    gpio7_dbclk                           0            1       32768          0 0  
    gpio6_dbclk                           0            1       32768          0 0  
    gpio5_dbclk                           0            1       32768          0 0  
    gpio4_dbclk                           0            1       32768          0 0  
    gpio3_dbclk                           0            1       32768          0 0  
    gpio2_dbclk                           0            1       32768          0 0  
    dss_32khz_clk                         0            1       32768          0 0  
 slimbus_src_clk                          0            0    12000000          0 0  
    slimbus_clk                           0            0    12000000          0 0  
       slimbus1_slimbus_clk               0            0    12000000          0 0  
 secure_32k_clk_src_ck                    0            0       32768          0 0  
 pad_clks_src_ck                          0            1    12000000          0 0  
    pad_clks_ck                           0            4    12000000          0 0  
=======
Orphan Clks:
=======
Available frequencies
=======
Hello World Board Booted
root@omap5-evm:/test# 
- 03:30:06 [INFO] Host: cat stderr.log
- 03:30:06 [INFO] Target: 
cat stderr.log
ls: /sys/kernel/debug/clk/orphans/: No such file or directory
root@omap5-evm:/test# 
- 03:30:06 [INFO] Host: cat result.log
- 03:30:08 [ERROR] On command: cat result.log waiting for cat result.log.+?(?m-ix:^1[\0\n\r]+) >>> error: execution expired
- 03:30:08 [INFO] Target: 
cat result.log
root@omap5-evm:/test# 
- 03:30:08 [INFO] Host: cd /test
- 03:30:09 [INFO] Target: 
cd /test
root@omap5-evm:/test# 
URL:gtsystest.telogy.design.ti.com/vatf/tigtfarm06/tigtfarm06_vatf@omap5-evm/tigtfarm0612_15_2014_03_28_32/files/session_iteration_1/test_1
