- 06:35:29 [INFO] Starting target session
- 06:35:30 [INFO] Connected to omap5-evm via serial 
- 06:35:30 [INFO] Host: #check prompt
- 06:35:32 [ERROR] On command: #check prompt waiting for #check prompt.+?(?-mix:((?-mix:login:)|[Pp]assword)) >>> error: execution expired
- 06:35:32 [INFO] Target: 
#check prompt
root@omap5-evm:/test# 
- 06:35:32 [INFO] Host: #check prompt
- 06:35:32 [INFO] Target: 
#check prompt
root@omap5-evm:/test# 
- 06:35:32 [INFO] Host: sync;poweroff
- 06:35:48 [INFO] Target: 
sync;poweroff
Broadcast message from root@omap5-evm (ttyO2) (Thu Sep 25 03:30:43 2014):
The system is going down for system halt NOW!
INIT: Sending processes the TERM signal
root@omap5-evm:/test# 
INIT:Stopping Dropbear SSH server: stopped /usr/sbin/dropbear (pid 728)
dropbear.
Stopping telnet daemon.
Stopping system message bus: hwclock: can't open '/dev/misc/rtc': No such file or directory
Error opening /dev/fb0: No such file or directory
Stopping syslogd/klogd: stopped syslogd (pid 740)
stopped klogd (pid 742)
done
Stopping thttpd.
ALSA: Storing mixer settings...
/usr/sbin/alsactl: save_state:1580: No soundcards found...
Deconfiguring network interfaces... done.
Stopping Lighttpd Web Server: stopped /usr/sbin/lighttpd (pid 753)
lighttpd.
Stopping Matrix GUI applicationstart-stop-daemon: warning: killing process 760: No such process
***************************************************************
***************************************************************
NOTICE: This file system contains the followin GPLv3 packages:
	binutils-symlinks
	binutils
	gdbserver
	parted
If you do not wish to distribute GPLv3 components please remove
the above packages prior to distribution.  This can be done using
the opkg remove command.  i.e.:
    opkg remove <package>
Where <package> is the name printed in the list above
NOTE: If the package is a dependency of another package you
      will be notified of the dependent packages.  You should
      use the --force-removal-of-dependent-packages option to
      also remove the dependent packages as well
***************************************************************
***************************************************************
Sending all processes the TERM signal...
Sending all processes the KILL signal...
Unmounting remote filesystems...
Deactivating swap...
Unmounting local filesystems...
[ 9246.018372] EXT4-fs (mmcblk1p2): re-mounted. Opts: data=ordered
[ 9248.256877] reboot: Power down
- 06:35:48 [INFO] Disconnected serial from omap5-evm
- 06:35:53 [INFO] Connected to omap5-evm via serial 
- 06:35:53 [INFO] Host: 
- 06:35:54 [INFO] Target: 
SATA link 0 timeout.
AHCI 0001.0300 32 slots 1 ports 3 Gbps 0x1 impl SATA mode
flags: 64bit ncq stag pm led clo only pmp pio slum part ccc apst 
scanning bus for devices...
Found 0 device(s).
SCSI:  Net:   No ethernet found.
Hit any key to stop autoboot:  1  0 
U-Boot# 
- 06:35:54 [INFO] Host: 
- 06:35:54 [INFO] Target: 
U-Boot# 
- 06:35:54 [INFO] Host: version
- 06:35:55 [INFO] Target: 
version
U-Boot 2014.07-00071-gaca0808 (Oct 02 2014 - 11:23:17)
arm-linux-gnueabihf-gcc (crosstool-NG linaro-1.13.1-4.7-2013.03-20130313 - Linaro GCC 2013.03) 4.7.3 20130226 (prerelease)
GNU ld (crosstool-NG linaro-1.13.1-4.7-2013.03-20130313 - Linaro GCC 2013.03) 2.23.1
U-Boot# 
- 06:35:55 [INFO] Host: setenv bootargs 'console=ttyO2,115200n8 earlyprintk rootwait '
- 06:35:55 [INFO] Target: 
setenv bootargs 'console=ttyO2,115200n8 earlyprintk rootwait '
U-Boot# 
- 06:35:55 [INFO] Host: setenv bootcmd  ''
- 06:35:56 [INFO] Target: 
setenv bootcmd  ''
U-Boot# 
- 06:35:56 [INFO] Host: setenv autoload 'no'
- 06:35:56 [INFO] Target: 
setenv autoload 'no'
U-Boot# 
- 06:35:56 [INFO] Host: setenv serverip '192.168.0.1'
- 06:35:57 [INFO] Target: 
setenv serverip '192.168.0.1'
U-Boot# 
- 06:35:57 [INFO] Host: printenv
- 06:35:57 [INFO] Target: 
printenv
arch=arm
autoload=no
baudrate=115200
board=omap5_uevm
board_name=omap5_uevm
bootargs=console=ttyO2,115200n8 earlyprintk rootwait 
bootcmd=
bootdelay=1
bootdir=/boot
bootfile=zImage
bootm_size=0x10000000
bootpart=0:2
bootscript=echo Running bootscript from mmc${mmcdev} ...; source ${loadaddr}
console=ttyO2,115200n8
cpu=armv7
fdt_addr_r=0x88000000
fdtaddr=0x88000000
fdtfile=undefined
findfdt=if test $board_name = omap5_uevm; then setenv fdtfile omap5-uevm.dtb; fi; if test $board_name = dra7xx; then setenv fdtfile dra7-evm.dtb; fi;if test $board_name = dra72x; then setenv fdtfile dra72-evm.dtb; fi;if test $fdtfile = undefined; then echo WARNING: Could not determine device tree to use; fi; 
importbootenv=echo Importing environment from mmc${mmcdev} ...; env import -t ${loadaddr} ${filesize}
kernel_addr_r=0x82000000
loadaddr=0x82000000
loadbootenv=fatload mmc ${mmcdev} ${loadaddr} uEnv.txt
loadbootscript=fatload mmc ${mmcdev} ${loadaddr} boot.scr
loadfdt=load mmc ${bootpart} ${fdtaddr} ${bootdir}/${fdtfile};
loadimage=load mmc ${bootpart} ${loadaddr} ${bootdir}/${bootfile}
mmcargs=setenv bootargs console=${console} ${optargs} vram=${vram} root=${mmcroot} rootfstype=${mmcrootfstype}
mmcboot=mmc dev ${mmcdev}; if mmc rescan; then echo SD/MMC found on device ${mmcdev};if run loadbootenv; then echo Loaded environment from ${bootenv};run importbootenv;fi;if test -n $uenvcmd; then echo Running uenvcmd ...;run uenvcmd;fi;if run loadimage; then run loadfdt; echo Booting from mmc${mmcdev} ...; run mmcargs; bootz ${loadaddr} - ${fdtaddr}; fi;fi;
mmcdev=0
mmcroot=/dev/mmcblk1p2 rw
mmcrootfstype=ext4 rootwait
partitions=uuid_disk=${uuid_gpt_disk};name=rootfs,start=2MiB,size=-,uuid=${uuid_gpt_rootfs}
ramdisk_addr_r=0x88080000
rdaddr=0x88080000
scsidevs=0
serverip=192.168.0.1
soc=omap5
stderr=serial
stdin=serial
stdout=serial
usbethaddr=02:21:03:ff:09:60
usbtty=cdc_acm
vendor=ti
ver=U-Boot 2014.07-00071-gaca0808 (Oct 02 2014 - 11:23:17)
vram=16M
Environment size: 2052/131067 bytes
U-Boot# 
- 06:35:57 [INFO] Host: usb start
- 06:36:01 [INFO] Target: 
usb start
(Re)start USB...
USB0:   USB EHCI 1.00
scanning bus 0 for devices... 3 USB Device(s) found
       scanning usb for storage devices... 0 Storage Device(s) found
       scanning usb for ethernet devices... 1 Ethernet Device(s) found
U-Boot# 
- 06:36:01 [INFO] Host: printenv
- 06:36:02 [INFO] Target: 
printenv
arch=arm
autoload=no
baudrate=115200
board=omap5_uevm
board_name=omap5_uevm
bootargs=console=ttyO2,115200n8 earlyprintk rootwait 
bootcmd=
bootdelay=1
bootdir=/boot
bootfile=zImage
bootm_size=0x10000000
bootpart=0:2
bootscript=echo Running bootscript from mmc${mmcdev} ...; source ${loadaddr}
console=ttyO2,115200n8
cpu=armv7
ethact=sms0
fdt_addr_r=0x88000000
fdtaddr=0x88000000
fdtfile=undefined
findfdt=if test $board_name = omap5_uevm; then setenv fdtfile omap5-uevm.dtb; fi; if test $board_name = dra7xx; then setenv fdtfile dra7-evm.dtb; fi;if test $board_name = dra72x; then setenv fdtfile dra72-evm.dtb; fi;if test $fdtfile = undefined; then echo WARNING: Could not determine device tree to use; fi; 
importbootenv=echo Importing environment from mmc${mmcdev} ...; env import -t ${loadaddr} ${filesize}
kernel_addr_r=0x82000000
loadaddr=0x82000000
loadbootenv=fatload mmc ${mmcdev} ${loadaddr} uEnv.txt
loadbootscript=fatload mmc ${mmcdev} ${loadaddr} boot.scr
loadfdt=load mmc ${bootpart} ${fdtaddr} ${bootdir}/${fdtfile};
loadimage=load mmc ${bootpart} ${loadaddr} ${bootdir}/${bootfile}
mmcargs=setenv bootargs console=${console} ${optargs} vram=${vram} root=${mmcroot} rootfstype=${mmcrootfstype}
mmcboot=mmc dev ${mmcdev}; if mmc rescan; then echo SD/MMC found on device ${mmcdev};if run loadbootenv; then echo Loaded environment from ${bootenv};run importbootenv;fi;if test -n $uenvcmd; then echo Running uenvcmd ...;run uenvcmd;fi;if run loadimage; then run loadfdt; echo Booting from mmc${mmcdev} ...; run mmcargs; bootz ${loadaddr} - ${fdtaddr}; fi;fi;
mmcdev=0
mmcroot=/dev/mmcblk1p2 rw
mmcrootfstype=ext4 rootwait
partitions=uuid_disk=${uuid_gpt_disk};name=rootfs,start=2MiB,size=-,uuid=${uuid_gpt_rootfs}
ramdisk_addr_r=0x88080000
rdaddr=0x88080000
scsidevs=0
serverip=192.168.0.1
soc=omap5
stderr=serial
stdin=serial
stdout=serial
usbethaddr=02:21:03:ff:09:60
usbtty=cdc_acm
vendor=ti
ver=U-Boot 2014.07-00071-gaca0808 (Oct 02 2014 - 11:23:17)
vram=16M
Environment size: 2066/131067 bytes
U-Boot# 
- 06:36:02 [INFO] Host: setenv bootargs ''${bootargs}' ip=dhcp '
- 06:36:02 [INFO] Target: 
setenv bootargs ''${bootargs}' ip=dhcp '
U-Boot# 
- 06:36:02 [INFO] Host: setenv serverip '192.168.0.1'
- 06:36:03 [INFO] Target: 
setenv serverip '192.168.0.1'
U-Boot# 
- 06:36:03 [INFO] Host: setenv ipaddr dhcp
- 06:36:03 [INFO] Target: 
setenv ipaddr dhcp
U-Boot# 
- 06:36:03 [INFO] Host: setenv autoload 'no'
- 06:36:04 [INFO] Target: 
setenv autoload 'no'
U-Boot# 
- 06:36:04 [INFO] Host: dhcp
- 06:36:07 [INFO] Target: 
dhcp
Waiting for Ethernet connection... done.
BOOTP broadcast 1
DHCP client bound to address 192.168.0.237
U-Boot# 
- 06:36:07 [INFO] Host: setenv serverip '192.168.0.1'
- 06:36:07 [INFO] Target: 
setenv serverip '192.168.0.1'
U-Boot# 
- 06:36:07 [INFO] Host: tftp ${loadaddr} 192.168.0.1:vatf_omap5-evm/f53f9a5c4f5111b5f86d619bd18fa823
- 06:36:11 [INFO] Target: 
tftp ${loadaddr} 192.168.0.1:vatf_omap5-evm/f53f9a5c4f5111b5f86d619bd18fa823
Waiting for Ethernet connection... done.
Using sms0 device
TFTP from server 192.168.0.1; our IP address is 192.168.0.237
Filename 'vatf_omap5-evm/f53f9a5c4f5111b5f86d619bd18fa823'.
Load address: 0x82000000
Loading: *#################################################################
	 #################################################################
	 #################################################################
	 #################################################################
	 #################################################################
	 ####################################
	 2.8 MiB/s
done
Bytes transferred = 5287704 (50af18 hex)
U-Boot# 
- 06:36:11 [INFO] Host: tftp ${fdt_addr_r} 192.168.0.1:vatf_omap5-evm/e0689135c7368afe0255285ac4082daf
- 06:36:13 [INFO] Target: 
tftp ${fdt_addr_r} 192.168.0.1:vatf_omap5-evm/e0689135c7368afe0255285ac4082daf
Waiting for Ethernet connection... done.
Using sms0 device
TFTP from server 192.168.0.1; our IP address is 192.168.0.237
Filename 'vatf_omap5-evm/e0689135c7368afe0255285ac4082daf'.
Load address: 0x88000000
Loading: *####
	 2.5 MiB/s
done
Bytes transferred = 50270 (c45e hex)
U-Boot# 
- 06:36:13 [INFO] Host: ls mmc 0:1
- 06:36:13 [INFO] Target: 
ls mmc 0:1
    62048   mlo 
   304288   u-boot.img 
  1867895   u-boot 
            old_uboot/
   304240   u-boot.bin 
   704856   u-boot-spl 
    61536   u-boot-spl.bin 
      259   uboot_build.txt 
7 file(s), 1 dir(s)
U-Boot# 
- 06:36:13 [INFO] Host: ls mmc 0:2
- 06:36:14 [INFO] Target: 
ls mmc 0:2
<DIR>       4096 .
<DIR>       4096 ..
<DIR>       4096 bin
<DIR>       4096 boot
<DIR>       4096 dev
<DIR>       4096 etc
<DIR>       4096 home
<DIR>       4096 lib
<DIR>       4096 media
<DIR>       4096 mnt
<DIR>       4096 opt
<DIR>       4096 proc
<SYM>          8 run
<DIR>       4096 sbin
<DIR>       4096 srv
<DIR>       4096 sys
<SYM>          8 tmp
<DIR>       4096 usr
<DIR>       4096 var
<DIR>       4096 www
<DIR>       4096 Settings
<DIR>       4096 test
U-Boot# 
- 06:36:14 [INFO] Host: part uuid mmc 0:2
- 06:36:14 [INFO] Target: 
part uuid mmc 0:2
00000000-02
U-Boot# 
- 06:36:14 [INFO] Host: printenv
- 06:36:15 [INFO] Target: 
printenv
arch=arm
autoload=no
baudrate=115200
board=omap5_uevm
board_name=omap5_uevm
bootargs=console=ttyO2,115200n8 earlyprintk rootwait  ip=dhcp 
bootcmd=
bootdelay=1
bootdir=/boot
bootfile=zImage
bootm_size=0x10000000
bootpart=0:2
bootscript=echo Running bootscript from mmc${mmcdev} ...; source ${loadaddr}
console=ttyO2,115200n8
cpu=armv7
dnsip=192.0.2.2
ethact=sms0
fdt_addr_r=0x88000000
fdtaddr=0x88000000
fdtfile=undefined
fileaddr=88000000
filesize=c45e
findfdt=if test $board_name = omap5_uevm; then setenv fdtfile omap5-uevm.dtb; fi; if test $board_name = dra7xx; then setenv fdtfile dra7-evm.dtb; fi;if test $board_name = dra72x; then setenv fdtfile dra72-evm.dtb; fi;if test $fdtfile = undefined; then echo WARNING: Could not determine device tree to use; fi; 
gatewayip=192.168.0.1
importbootenv=echo Importing environment from mmc${mmcdev} ...; env import -t ${loadaddr} ${filesize}
ipaddr=192.168.0.237
kernel_addr_r=0x82000000
loadaddr=0x82000000
loadbootenv=fatload mmc ${mmcdev} ${loadaddr} uEnv.txt
loadbootscript=fatload mmc ${mmcdev} ${loadaddr} boot.scr
loadfdt=load mmc ${bootpart} ${fdtaddr} ${bootdir}/${fdtfile};
loadimage=load mmc ${bootpart} ${loadaddr} ${bootdir}/${bootfile}
mmcargs=setenv bootargs console=${console} ${optargs} vram=${vram} root=${mmcroot} rootfstype=${mmcrootfstype}
mmcboot=mmc dev ${mmcdev}; if mmc rescan; then echo SD/MMC found on device ${mmcdev};if run loadbootenv; then echo Loaded environment from ${bootenv};run importbootenv;fi;if test -n $uenvcmd; then echo Running uenvcmd ...;run uenvcmd;fi;if run loadimage; then run loadfdt; echo Booting from mmc${mmcdev} ...; run mmcargs; bootz ${loadaddr} - ${fdtaddr}; fi;fi;
mmcdev=0
mmcroot=/dev/mmcblk1p2 rw
mmcrootfstype=ext4 rootwait
netmask=255.255.255.0
partitions=uuid_disk=${uuid_gpt_disk};name=rootfs,start=2MiB,size=-,uuid=${uuid_gpt_rootfs}
ramdisk_addr_r=0x88080000
rdaddr=0x88080000
scsidevs=0
serverip=192.168.0.1
soc=omap5
stderr=serial
stdin=serial
stdout=serial
usbethaddr=02:21:03:ff:09:60
usbtty=cdc_acm
vendor=ti
ver=U-Boot 2014.07-00071-gaca0808 (Oct 02 2014 - 11:23:17)
vram=16M
Environment size: 2200/131067 bytes
U-Boot# 
- 06:36:15 [INFO] Host: setenv bootargs ''${bootargs}' root=PARTUUID=00000000-02 rw rootfstype=ext4 rootwait '
- 06:36:15 [INFO] Target: 
setenv bootargs ''${bootargs}' root=PARTUUID=00000000-02 rw rootfstype=ext4 rootwait '
U-Boot# 
- 06:36:15 [INFO] Host: printenv
- 06:36:16 [INFO] Target: 
printenv
arch=arm
autoload=no
baudrate=115200
board=omap5_uevm
board_name=omap5_uevm
bootargs=console=ttyO2,115200n8 earlyprintk rootwait  ip=dhcp  root=PARTUUID=00000000-02 rw rootfstype=ext4 rootwait 
bootcmd=
bootdelay=1
bootdir=/boot
bootfile=zImage
bootm_size=0x10000000
bootpart=0:2
bootscript=echo Running bootscript from mmc${mmcdev} ...; source ${loadaddr}
console=ttyO2,115200n8
cpu=armv7
dnsip=192.0.2.2
ethact=sms0
fdt_addr_r=0x88000000
fdtaddr=0x88000000
fdtfile=undefined
fileaddr=88000000
filesize=c45e
findfdt=if test $board_name = omap5_uevm; then setenv fdtfile omap5-uevm.dtb; fi; if test $board_name = dra7xx; then setenv fdtfile dra7-evm.dtb; fi;if test $board_name = dra72x; then setenv fdtfile dra72-evm.dtb; fi;if test $fdtfile = undefined; then echo WARNING: Could not determine device tree to use; fi; 
gatewayip=192.168.0.1
importbootenv=echo Importing environment from mmc${mmcdev} ...; env import -t ${loadaddr} ${filesize}
ipaddr=192.168.0.237
kernel_addr_r=0x82000000
loadaddr=0x82000000
loadbootenv=fatload mmc ${mmcdev} ${loadaddr} uEnv.txt
loadbootscript=fatload mmc ${mmcdev} ${loadaddr} boot.scr
loadfdt=load mmc ${bootpart} ${fdtaddr} ${bootdir}/${fdtfile};
loadimage=load mmc ${bootpart} ${loadaddr} ${bootdir}/${bootfile}
mmcargs=setenv bootargs console=${console} ${optargs} vram=${vram} root=${mmcroot} rootfstype=${mmcrootfstype}
mmcboot=mmc dev ${mmcdev}; if mmc rescan; then echo SD/MMC found on device ${mmcdev};if run loadbootenv; then echo Loaded environment from ${bootenv};run importbootenv;fi;if test -n $uenvcmd; then echo Running uenvcmd ...;run uenvcmd;fi;if run loadimage; then run loadfdt; echo Booting from mmc${mmcdev} ...; run mmcargs; bootz ${loadaddr} - ${fdtaddr}; fi;fi;
mmcdev=0
mmcroot=/dev/mmcblk1p2 rw
mmcrootfstype=ext4 rootwait
netmask=255.255.255.0
partitions=uuid_disk=${uuid_gpt_disk};name=rootfs,start=2MiB,size=-,uuid=${uuid_gpt_rootfs}
ramdisk_addr_r=0x88080000
rdaddr=0x88080000
scsidevs=0
serverip=192.168.0.1
soc=omap5
stderr=serial
stdin=serial
stdout=serial
usbethaddr=02:21:03:ff:09:60
usbtty=cdc_acm
vendor=ti
ver=U-Boot 2014.07-00071-gaca0808 (Oct 02 2014 - 11:23:17)
vram=16M
Environment size: 2255/131067 bytes
U-Boot# 
- 06:36:16 [INFO] Host: setenv bootcmd ''${bootcmd}' if iminfo ${loadaddr}; then bootm ${loadaddr} - ${fdt_addr_r}; else bootz ${loadaddr} - ${fdt_addr_r}; bootm ${loadaddr} - ${fdt_addr_r}; fi'
- 06:36:16 [INFO] Target: 
setenv bootcmd ''${bootcmd}' if iminfo ${loadaddr}; then bootm ${loadaddr} - ${fdt_addr_r}; else bootz ${loadaddr} - ${fdt_addr_r}; bootm ${loadaddr} - ${fdt_addr_r}; fi'
U-Boot# 
- 06:36:16 [INFO] Host: bdinfo
- 06:36:17 [INFO] Target: 
bdinfo
arch_number = 0x00000EC1
boot_params = 0x80000100
DRAM bank   = 0x00000000
-> start    = 0x80000000
-> size     = 0x7F000000
eth0name    = sms0
ethaddr     = (not set)
current eth = sms0
ip_addr     = 192.168.0.237
baudrate    = 115200 bps
TLB addr    = 0xFEFF0000
relocaddr   = 0xFEF61000
reloc off   = 0x7E761000
irq_sp      = 0xFDF40EE0
sp start    = 0xFDF40ED0
U-Boot# 
- 06:36:17 [INFO] Host: boot
- 06:38:47 [ERROR] On command: boot waiting for boot.+?(?-mix:login:) >>> error: execution expired
- 06:38:47 [INFO] Target: 
boot
## Checking Image at 82000000 ...
Unknown image format!
Kernel image @ 0x82000000 [ 0x000000 - 0x50af18 ]
## Flattened Device Tree blob at 88000000
   Booting using the fdt blob at 0x88000000
   Loading Device Tree to 8fff0000, end 8ffff45d ... OK
Starting kernel ...
[    0.000000] Booting Linux on physical CPU 0x0
[    0.000000] Linux version 3.18.0-rc3-next-20141103-00002-gb3eef83 (nmenon@kahuna) (gcc version 4.6.3 (Ubuntu/Linaro 4.6.3-1ubuntu5) ) #1 SMP Mon Nov 3 05:32:27 CST 2014
[    0.000000] CPU: ARMv7 Processor [412fc0f2] revision 2 (ARMv7), cr=10c5387d
[    0.000000] CPU: PIPT / VIPT nonaliasing data cache, PIPT instruction cache
[    0.000000] Machine model: TI OMAP5 uEVM board
[    0.000000] cma: Reserved 64 MiB at 0xfa800000
[    0.000000] Memory policy: Data cache writealloc
[    0.000000] OMAP5432 ES2.0
[    0.000000] PERCPU: Embedded 10 pages/cpu @ee7cf000 s8384 r8192 d24384 u40960
[    0.000000] Built 1 zonelists in Zone order, mobility grouping on.  Total pages: 518416
[    0.000000] Kernel command line: console=ttyO2,115200n8 earlyprintk rootwait  ip=dhcp  root=PARTUUID=00000000-02 rw rootfstype=ext4 rootwait 
[    0.000000] PID hash table entries: 4096 (order: 2, 16384 bytes)
[    0.000000] Dentry cache hash table entries: 131072 (order: 7, 524288 bytes)
[    0.000000] Inode-cache hash table entries: 65536 (order: 6, 262144 bytes)
[    0.000000] Memory: 1985060K/2079744K available (6885K kernel code, 973K rwdata, 2816K rodata, 736K init, 309K bss, 29148K reserved, 65536K cma-reserved, 1235968K highmem)
[    0.000000] Virtual kernel memory layout:
[    0.000000]     vector  : 0xffff0000 - 0xffff1000   (   4 kB)
[    0.000000]     fixmap  : 0xffc00000 - 0xffe00000   (2048 kB)
[    0.000000]     vmalloc : 0xf0000000 - 0xff000000   ( 240 MB)
[    0.000000]     lowmem  : 0xc0000000 - 0xef800000   ( 760 MB)
[    0.000000]     pkmap   : 0xbfe00000 - 0xc0000000   (   2 MB)
[    0.000000]     modules : 0xbf000000 - 0xbfe00000   (  14 MB)
[    0.000000]       .text : 0xc0208000 - 0xc0b8174c   (9702 kB)
[    0.000000]       .init : 0xc0b82000 - 0xc0c3a000   ( 736 kB)
[    0.000000]       .data : 0xc0c3a000 - 0xc0d2d540   ( 974 kB)
[    0.000000]        .bss : 0xc0d2d540 - 0xc0d7a960   ( 310 kB)
[    0.000000] SLUB: HWalign=64, Order=0-3, MinObjects=0, CPUs=2, Nodes=1
[    0.000000] Hierarchical RCU implementation.
[    0.000000] 	RCU restricting CPUs from NR_CPUS=8 to nr_cpu_ids=2.
[    0.000000] RCU: Adjusting geometry for rcu_fanout_leaf=16, nr_cpu_ids=2
[    0.000000] NR_IRQS:16 nr_irqs:16 16
[    0.000000] OMAP clockevent source: timer1 at 32768 Hz
[    0.000000] sched_clock: 32 bits at 32kHz, resolution 30517ns, wraps every 65536000000000ns
[    0.000000] OMAP clocksource: 32k_counter at 32768 Hz
[    0.000366] Architected cp15 timer(s) running at 6.14MHz (virt).
[    0.000370] sched_clock: 56 bits at 6MHz, resolution 162ns, wraps every 2796202663936ns
[    0.000380] Switching to timer-based delay loop, resolution 162ns
[    0.003391] Console: colour dummy device 80x30
[    0.003409] Calibrating delay loop (skipped), value calculated using timer frequency.. 12.28 BogoMIPS (lpj=30720)
[    0.003420] pid_max: default: 32768 minimum: 301
[    0.003509] Mount-cache hash table entries: 2048 (order: 1, 8192 bytes)
[    0.003518] Mountpoint-cache hash table entries: 2048 (order: 1, 8192 bytes)
[    0.003911] CPU: Testing write buffer coherency: ok
[    0.004057] /cpus/cpu@0 missing clock-frequency property
[    0.004070] /cpus/cpu@1 missing clock-frequency property
[    0.004079] CPU0: thread -1, cpu 0, socket 0, mpidr 80000000
[    0.004119] Setting up static identity map for 0x808814e8 - 0x80881580
[    0.006185] CPU1: Booted secondary processor
[    0.006206] CPU1: thread -1, cpu 1, socket 0, mpidr 80000001
[    0.006256] Brought up 2 CPUs
[    0.006267] SMP: Total of 2 processors activated.
[    0.006273] CPU: All CPU(s) started in SVC mode.
[    0.006610] devtmpfs: initialized
[    0.010080] VFP support v0.3: implementor 41 architecture 4 part 30 variant f rev 0
[    0.010608] omap_hwmod: l3_main_3 using broken dt data from ocp
[    0.011043] omap_hwmod: l3_main_2 using broken dt data from ocp
[    0.037451] omap_hwmod: dss_dispc: cannot be enabled for reset (3)
[    0.039997] omap_hwmod: dss_dsi1: cannot be enabled for reset (3)
[    0.042499] omap_hwmod: dss_dsi2: cannot be enabled for reset (3)
[    0.045037] omap_hwmod: dss_hdmi: cannot be enabled for reset (3)
[    0.047591] omap_hwmod: dss_rfbi: cannot be enabled for reset (3)
[    0.087550] pinctrl core: initialized pinctrl subsystem
[    0.099598] NET: Registered protocol family 16
[    0.101071] DMA: preallocated 256 KiB pool for atomic coherent allocations
[    0.115419] cpuidle: using governor ladder
[    0.130431] cpuidle: using governor menu
[    0.133667] OMAP GPIO hardware version 0.1
[    0.137027] platform 50000000.gpmc: Cannot lookup hwmod 'gpmc'
[    0.137115] omap-gpmc 50000000.gpmc: _od_fail_runtime_resume: FIXME: missing hwmod/omap_dev info
[    0.137126] omap-gpmc 50000000.gpmc: GPMC revision 6.0
[    0.148035] No ATAGs?
[    0.148062] hw-breakpoint: found 5 (+1 reserved) breakpoint and 4 watchpoint registers.
[    0.148069] hw-breakpoint: maximum watchpoint size is 8 bytes.
[    0.148232] EXYNOS: PMU not supported
[    0.149139] OMAP DMA hardware revision 0.0
[    0.151408] Serial: AMBA PL011 UART driver
[    0.173534] edma-dma-engine edma-dma-engine.0: Can't allocate PaRAM dummy slot
[    0.173551] edma-dma-engine: probe of edma-dma-engine.0 failed with error -22
[    0.182074] omap-dma-engine 4a056000.dma-controller: OMAP DMA engine driver
[    0.184740] vgaarb: loaded
[    0.185245] SCSI subsystem initialized
[    0.185612] usbcore: registered new interface driver usbfs
[    0.185666] usbcore: registered new interface driver hub
[    0.185708] usbcore: registered new device driver usb
[    0.185947] hsusb2_phy supply vcc not found, using dummy regulator
[    0.186065] hsusb3_phy supply vcc not found, using dummy regulator
[    0.186446] omap_i2c 48070000.i2c: could not find pctldev for node /ocp/pinmux@4a002840/pinmux_i2c1_pins, deferring probe
[    0.186458] platform 48070000.i2c: Driver omap_i2c requests probe deferral
[    0.186695] omap_i2c 48072000.i2c: bus 1 rev0.12 at 100 kHz
[    0.186921] omap_i2c 48060000.i2c: bus 2 rev0.12 at 100 kHz
[    0.187143] omap_i2c 4807a000.i2c: bus 3 rev0.12 at 100 kHz
[    0.187178] omap_i2c 4807c000.i2c: could not find pctldev for node /ocp/pinmux@4a002840/pinmux_i2c5_pins, deferring probe
[    0.187189] platform 4807c000.i2c: Driver omap_i2c requests probe deferral
[    0.187511] Linux video capture interface: v2.00
[    0.187546] pps_core: LinuxPPS API ver. 1 registered
[    0.187551] pps_core: Software ver. 5.3.6 - Copyright 2005-2007 Rodolfo Giometti <giometti@linux.it>
[    0.187573] PTP clock support registered
[    0.187765] EDAC MC: Ver: 3.0.0
[    0.188408] Advanced Linux Sound Architecture Driver Initialized.
[    0.189150] Switched to clocksource arch_sys_counter
[    0.196365] NET: Registered protocol family 2
[    0.196774] TCP established hash table entries: 8192 (order: 3, 32768 bytes)
[    0.196836] TCP bind hash table entries: 8192 (order: 4, 65536 bytes)
[    0.196966] TCP: Hash tables configured (established 8192 bind 8192)
[    0.197005] TCP: reno registered
[    0.197014] UDP hash table entries: 512 (order: 2, 16384 bytes)
[    0.197044] UDP-Lite hash table entries: 512 (order: 2, 16384 bytes)
[    0.197169] NET: Registered protocol family 1
[    0.197348] RPC: Registered named UNIX socket transport module.
[    0.197354] RPC: Registered udp transport module.
[    0.197360] RPC: Registered tcp transport module.
[    0.197365] RPC: Registered tcp NFSv4.1 backchannel transport module.
[    0.222247] hw perfevents: enabled with armv7_cortex_a15 PMU driver, 7 counters available
[    0.223890] futex hash table entries: 512 (order: 3, 32768 bytes)
[    0.232673] squashfs: version 4.0 (2009/01/31) Phillip Lougher
[    0.233213] NFS: Registering the id_resolver key type
[    0.233235] Key type id_resolver registered
[    0.233240] Key type id_legacy registered
[    0.233584] bounce: pool size: 64 pages
[    0.233744] Block layer SCSI generic (bsg) driver version 0.4 loaded (major 249)
[    0.233756] io scheduler noop registered
[    0.233766] io scheduler deadline registered
[    0.233915] io scheduler cfq registered (default)
[    0.237754] pinctrl-single 4a002840.pinmux: 219 pins at pa fc002840 size 438
[    0.237916] pinctrl-single 4ae0c840.pinmux: 28 pins at pa fce0c840 size 56
[    0.239159] ------------[ cut here ]------------
[    0.239175] WARNING: CPU: 1 PID: 0 at fs/dcache.c:255 __d_free+0x34/0x40()
[    0.239181] Modules linked in:
[    0.239193] CPU: 1 PID: 0 Comm: swapper/1 Not tainted 3.18.0-rc3-next-20141103-00002-gb3eef83 #1
[    0.239217] [<c0215a84>] (unwind_backtrace) from [<c02114a0>] (show_stack+0x10/0x14)
[    0.239234] [<c02114a0>] (show_stack) from [<c087c860>] (dump_stack+0x70/0x8c)
[    0.239248] [<c087c860>] (dump_stack) from [<c02481ac>] (warn_slowpath_common+0x64/0x84)
[    0.239262] [<c02481ac>] (warn_slowpath_common) from [<c02481e8>] (warn_slowpath_null+0x1c/0x24)
[    0.239273] [<c02481e8>] (warn_slowpath_null) from [<c0306d68>] (__d_free+0x34/0x40)
[    0.239288] [<c0306d68>] (__d_free) from [<c0288d4c>] (rcu_process_callbacks+0x320/0x544)
[    0.239303] [<c0288d4c>] (rcu_process_callbacks) from [<c024b140>] (__do_softirq+0xec/0x238)
[    0.239316] [<c024b140>] (__do_softirq) from [<c024b51c>] (irq_exit+0xa8/0x114)
[    0.239330] [<c024b51c>] (irq_exit) from [<c027f2ec>] (__handle_domain_irq+0x58/0x9c)
[    0.239343] [<c027f2ec>] (__handle_domain_irq) from [<c020895c>] (gic_handle_irq+0x2c/0x6c)
[    0.239354] [<c020895c>] (gic_handle_irq) from [<c0212000>] (__irq_svc+0x40/0x54)
[    0.239360] Exception stack(0xed897f98 to 0xed897fe0)
[    0.239367] 7f80:                                                       ffffffed 00000000
[    0.239376] 7fa0: ed897fe8 c021ed60 c0c424fc c0c42498 00000000 c0c37840 00000000 ffffffed
[    0.239384] 7fc0: c0c36be8 00000000 00000000 ed897fe0 c020f22c c020f230 60000013 ffffffff
[    0.239397] [<c0212000>] (__irq_svc) from [<c020f230>] (arch_cpu_idle+0x30/0x3c)
[    0.239409] [<c020f230>] (arch_cpu_idle) from [<c0275248>] (cpu_startup_entry+0x238/0x278)
[    0.239419] [<c0275248>] (cpu_startup_entry) from [<80208ac4>] (0x80208ac4)
[    0.239431] ---[ end trace 6ec356b7c95569b5 ]---
[    0.239437] ------------[ cut here ]------------
[    0.239448] WARNING: CPU: 1 PID: 0 at fs/dcache.c:255 __d_free+0x34/0x40()
[    0.239452] Modules linked in:
[    0.239463] CPU: 1 PID: 0 Comm: swapper/1 Tainted: G        W      3.18.0-rc3-next-20141103-00002-gb3eef83 #1
[    0.239476] [<c0215a84>] (unwind_backtrace) from [<c02114a0>] (show_stack+0x10/0x14)
[    0.239488] [<c02114a0>] (show_stack) from [<c087c860>] (dump_stack+0x70/0x8c)
[    0.239500] [<c087c860>] (dump_stack) from [<c02481ac>] (warn_slowpath_common+0x64/0x84)
[    0.239512] [<c02481ac>] (warn_slowpath_common) from [<c02481e8>] (warn_slowpath_null+0x1c/0x24)
[    0.239523] [<c02481e8>] (warn_slowpath_null) from [<c0306d68>] (__d_free+0x34/0x40)
[    0.239536] [<c0306d68>] (__d_free) from [<c0288d4c>] (rcu_process_callbacks+0x320/0x544)
[    0.239549] [<c0288d4c>] (rcu_process_callbacks) from [<c024b140>] (__do_softirq+0xec/0x238)
[    0.239561] [<c024b140>] (__do_softirq) from [<c024b51c>] (irq_exit+0xa8/0x114)
[    0.239573] [<c024b51c>] (irq_exit) from [<c027f2ec>] (__handle_domain_irq+0x58/0x9c)
[    0.239584] [<c027f2ec>] (__handle_domain_irq) from [<c020895c>] (gic_handle_irq+0x2c/0x6c)
[    0.239595] [<c020895c>] (gic_handle_irq) from [<c0212000>] (__irq_svc+0x40/0x54)
[    0.239601] Exception stack(0xed897f98 to 0xed897fe0)
[    0.239608] 7f80:                                                       ffffffed 00000000
[    0.239616] 7fa0: ed897fe8 c021ed60 c0c424fc c0c42498 00000000 c0c37840 00000000 ffffffed
[    0.239624] 7fc0: c0c36be8 00000000 00000000 ed897fe0 c020f22c c020f230 60000013 ffffffff
[    0.239636] [<c0212000>] (__irq_svc) from [<c020f230>] (arch_cpu_idle+0x30/0x3c)
[    0.239647] [<c020f230>] (arch_cpu_idle) from [<c0275248>] (cpu_startup_entry+0x238/0x278)
[    0.239657] [<c0275248>] (cpu_startup_entry) from [<80208ac4>] (0x80208ac4)
[    0.239663] ---[ end trace 6ec356b7c95569b6 ]---
[    0.239669] ------------[ cut here ]------------
[    0.239679] WARNING: CPU: 1 PID: 0 at fs/dcache.c:255 __d_free+0x34/0x40()
[    0.239683] Modules linked in:
[    0.239693] CPU: 1 PID: 0 Comm: swapper/1 Tainted: G        W      3.18.0-rc3-next-20141103-00002-gb3eef83 #1
[    0.239706] [<c0215a84>] (unwind_backtrace) from [<c02114a0>] (show_stack+0x10/0x14)
[    0.239718] [<c02114a0>] (show_stack) from [<c087c860>] (dump_stack+0x70/0x8c)
[    0.239729] [<c087c860>] (dump_stack) from [<c02481ac>] (warn_slowpath_common+0x64/0x84)
[    0.239741] [<c02481ac>] (warn_slowpath_common) from [<c02481e8>] (warn_slowpath_null+0x1c/0x24)
[    0.239752] [<c02481e8>] (warn_slowpath_null) from [<c0306d68>] (__d_free+0x34/0x40)
[    0.239764] [<c0306d68>] (__d_free) from [<c0288d4c>] (rcu_process_callbacks+0x320/0x544)
[    0.239777] [<c0288d4c>] (rcu_process_callbacks) from [<c024b140>] (__do_softirq+0xec/0x238)
[    0.239789] [<c024b140>] (__do_softirq) from [<c024b51c>] (irq_exit+0xa8/0x114)
[    0.239801] [<c024b51c>] (irq_exit) from [<c027f2ec>] (__handle_domain_irq+0x58/0x9c)
[    0.239811] [<c027f2ec>] (__handle_domain_irq) from [<c020895c>] (gic_handle_irq+0x2c/0x6c)
[    0.239822] [<c020895c>] (gic_handle_irq) from [<c0212000>] (__irq_svc+0x40/0x54)
[    0.239827] Exception stack(0xed897f98 to 0xed897fe0)
[    0.239834] 7f80:                                                       ffffffed 00000000
[    0.239842] 7fa0: ed897fe8 c021ed60 c0c424fc c0c42498 00000000 c0c37840 00000000 ffffffed
[    0.239851] 7fc0: c0c36be8 00000000 00000000 ed897fe0 c020f22c c020f230 60000013 ffffffff
[    0.239863] [<c0212000>] (__irq_svc) from [<c020f230>] (arch_cpu_idle+0x30/0x3c)
[    0.239874] [<c020f230>] (arch_cpu_idle) from [<c0275248>] (cpu_startup_entry+0x238/0x278)
[    0.239882] [<c0275248>] (cpu_startup_entry) from [<80208ac4>] (0x80208ac4)
[    0.239888] ---[ end trace 6ec356b7c95569b7 ]---
[    0.284999] Serial: 8250/16550 driver, 4 ports, IRQ sharing disabled
[    0.286475] Serial: IMX driver
[    0.286955] msm_serial: driver initialized
[    0.287465] omap_uart 4806a000.serial: no wakeirq for uart0
[    0.287548] omap_uart 4806a000.serial: ttyO0 at MMIO 0x4806a000 (irq = 104, base_baud = 3000000) is a OMAP UART0
[    0.287795] omap_uart 4806c000.serial: no wakeirq for uart0
[    0.287864] omap_uart 4806c000.serial: ttyO1 at MMIO 0x4806c000 (irq = 105, base_baud = 3000000) is a OMAP UART1
[    0.288127] omap_uart 48020000.serial: no wakeirq for uart0
[    0.288195] omap_uart 48020000.serial: ttyO2 at MMIO 0x48020000 (irq = 106, base_baud = 3000000) is a OMAP UART2
[    1.646646] console [ttyO2] enabled
[    1.650552] omap_uart 4806e000.serial: no wakeirq for uart0
[    1.656457] omap_uart 4806e000.serial: ttyO3 at MMIO 0x4806e000 (irq = 102, base_baud = 3000000) is a OMAP UART3
[    1.667357] omap_uart 48066000.serial: no wakeirq for uart0
[    1.673251] omap_uart 48066000.serial: ttyO4 at MMIO 0x48066000 (irq = 137, base_baud = 3000000) is a OMAP UART4
[    1.684138] omap_uart 48068000.serial: no wakeirq for uart0
[    1.690039] omap_uart 48068000.serial: ttyO5 at MMIO 0x48068000 (irq = 138, base_baud = 3000000) is a OMAP UART5
[    1.700989] STMicroelectronics ASC driver initialized
[    1.707085] serial: Freescale lpuart driver
[    1.711662] [drm] Initialized drm 1.1.0 20060810
[    1.721423] loop: module loaded
[    1.725986] ahci 4a140000.sata: SSS flag set, parallel bus scan disabled
[    1.733018] ahci 4a140000.sata: AHCI 0001.0300 32 slots 1 ports 3 Gbps 0x1 impl platform mode
[    1.741942] ahci 4a140000.sata: flags: 64bit ncq sntf stag pm led clo only pmp pio slum part ccc apst 
[    1.752372] scsi host0: ahci_platform
[    1.756448] ata1: SATA max UDMA/133 mmio [mem 0x4a140000-0x4a1410ff] port 0x100 irq 86
[    1.768808] CAN device driver interface
[    1.773794] igb: Intel(R) Gigabit Ethernet Network Driver - version 5.2.15-k
[    1.781170] igb: Copyright (c) 2007-2014 Intel Corporation.
[    1.788577] pegasus: v0.9.3 (2013/04/25), Pegasus/Pegasus II USB Ethernet driver
[    1.796357] usbcore: registered new interface driver pegasus
[    1.802333] usbcore: registered new interface driver asix
[    1.808016] usbcore: registered new interface driver ax88179_178a
[    1.814426] usbcore: registered new interface driver cdc_ether
[    1.820583] usbcore: registered new interface driver smsc75xx
[    1.826650] usbcore: registered new interface driver smsc95xx
[    1.832692] usbcore: registered new interface driver net1080
[    1.838652] usbcore: registered new interface driver cdc_subset
[    1.844887] usbcore: registered new interface driver zaurus
[    1.850782] usbcore: registered new interface driver cdc_ncm
[    1.856993] ehci_hcd: USB 2.0 'Enhanced' Host Controller (EHCI) Driver
[    1.863821] ehci-pci: EHCI PCI platform driver
[    1.868501] ehci-platform: EHCI generic platform driver
[    1.874134] ehci-omap: OMAP-EHCI Host Controller driver
[    1.891591] ehci-omap 4a064c00.ehci: EHCI Host Controller
[    1.897261] ehci-omap 4a064c00.ehci: new USB bus registered, assigned bus number 1
[    1.905301] ehci-omap 4a064c00.ehci: irq 109, io mem 0x4a064c00
[    1.919164] ehci-omap 4a064c00.ehci: USB 2.0 started, EHCI 1.00
[    1.925939] hub 1-0:1.0: USB hub found
[    1.929893] hub 1-0:1.0: 3 ports detected
[    1.939153] ------------[ cut here ]------------
[    1.943979] WARNING: CPU: 0 PID: 0 at fs/dcache.c:255 __d_free+0x34/0x40()
[    1.951172] Modules linked in:
[    1.954377] CPU: 0 PID: 0 Comm: swapper/0 Tainted: G        W      3.18.0-rc3-next-20141103-00002-gb3eef83 #1
[    1.964768] [<c0215a84>] (unwind_backtrace) from [<c02114a0>] (show_stack+0x10/0x14)
[    1.972873] [<c02114a0>] (show_stack) from [<c087c860>] (dump_stack+0x70/0x8c)
[    1.974563] ehci-orion: EHCI orion driver
[    1.974727] SPEAr-ehci: EHCI SPEAr driver
[    1.974880] tegra-ehci: Tegra EHCI driver
[    1.975052] ohci_hcd: USB 1.1 'Open' Host Controller (OHCI) Driver
[    1.975068] ohci-pci: OHCI PCI platform driver
[    1.975111] ohci-platform: OHCI generic platform driver
[    1.975260] ohci-omap3: OHCI OMAP3 driver
[    1.975440] ohci-omap3 4a064800.ohci: OHCI Host Controller
[    1.975457] ohci-omap3 4a064800.ohci: new USB bus registered, assigned bus number 2
[    1.975530] ohci-omap3 4a064800.ohci: irq 108, io mem 0x4a064800
[    2.033729] [<c087c860>] (dump_stack) from [<c02481ac>] (warn_slowpath_common+0x64/0x84)
[    2.042202] [<c02481ac>] (warn_slowpath_common) from [<c02481e8>] (warn_slowpath_null+0x1c/0x24)
[    2.051388] [<c02481e8>] (warn_slowpath_null) from [<c0306d68>] (__d_free+0x34/0x40)
[    2.059492] [<c0306d68>] (__d_free) from [<c0288d4c>] (rcu_process_callbacks+0x320/0x544)
[    2.068054] [<c0288d4c>] (rcu_process_callbacks) from [<c024b140>] (__do_softirq+0xec/0x238)
[    2.068475] hub 2-0:1.0: USB hub found
[    2.068501] hub 2-0:1.0: 3 ports detected
[    2.068915] SPEAr-ohci: OHCI SPEAr driver
[    2.069481] usbcore: registered new interface driver usb-storage
[    2.070917] mousedev: PS/2 mouse device common for all mice
[    2.073922] i2c /dev entries driver
[    2.075744] usbcore: registered new interface driver uvcvideo
[    2.075745] USB Video Class driver (1.1.1)
[    2.075752] gspca_main: v2.14.0 registered
[    2.079440] Driver 'mmcblk' needs updating - please use bus_type methods
[    2.079502] sdhci: Secure Digital Host Controller Interface driver
[    2.079504] sdhci: Copyright(c) Pierre Ossman
[    2.080486] omap_hsmmc 4809c000.mmc: unable to get vmmc regulator -517
[    2.080532] platform 4809c000.mmc: Driver omap_hsmmc requests probe deferral
[    2.094167] ata1: SATA link down (SStatus 0 SControl 300)
[    2.114328] 480ad000.mmc supply vmmc not found, using dummy regulator
[    2.114465] omap_hsmmc 480ad000.mmc: could not set regulator OCR (-22)
[    2.149478] Synopsys Designware Multimedia Card Interface Driver
[    2.150359] sdhci-pltfm: SDHCI platform and OF driver helper
[    2.151980] ledtrig-cpu: registered to indicate activity on CPUs
[    2.152170] usbcore: registered new interface driver usbhid
[    2.152172] usbhid: USB HID core driver
[    2.157560] TCP: cubic registered
[    2.157572] NET: Registered protocol family 17
[    2.157590] can: controller area network core (rev 20120528 abi 9)
[    2.157642] NET: Registered protocol family 29
[    2.157659] can: raw protocol (rev 20120528)
[    2.157667] can: broadcast manager protocol (rev 20120528 t)
[    2.157680] can: netlink gateway (rev 20130117) max_hops=1
[    2.158006] Key type dns_resolver registered
[    2.158153] omap_vc_init_channel: No PMIC info for vdd_core
[    2.158156] omap_vp_init: No PMIC info for vdd_core
[    2.158160] omap_vc_init_channel: No PMIC info for vdd_mm
[    2.158163] omap_vp_init: No PMIC info for vdd_mm
[    2.158166] omap_vc_init_channel: No PMIC info for vdd_mpu
[    2.158168] omap_vp_init: No PMIC info for vdd_mpu
[    2.158539] Power Management for TI OMAP4+ devices.
[    2.158671] ThumbEE CPU extension supported.
[    2.158686] Registering SWP/SWPB emulation handler
[    2.160391] palmas 0-0048: Irq flag is 0x00000000
[    2.264182] usb 1-2: new high-speed USB device number 2 using ehci-omap
[    2.298289] [<c024b140>] (__do_softirq) from [<c024b51c>] (irq_exit+0xa8/0x114)
[    2.305962] [<c024b51c>] (irq_exit) from [<c027f2ec>] (__handle_domain_irq+0x58/0x9c)
[    2.314176] [<c027f2ec>] (__handle_domain_irq) from [<c020895c>] (gic_handle_irq+0x2c/0x6c)
[    2.322925] [<c020895c>] (gic_handle_irq) from [<c0212000>] (__irq_svc+0x40/0x54)
[    2.330769] Exception stack(0xc0c3bf68 to 0xc0c3bfb0)
[    2.336059] bf60:                   ffffffed 00000000 c0c3bfb8 c021ed60 c0c424fc c0c42498
[    2.344625] bf80: 00000000 c0c37840 00000000 ffffffed c0c36be8 00000000 00000000 c0c3bfb0
[    2.353196] bfa0: c020f22c c020f230 60000013 ffffffff
[    2.358489] [<c0212000>] (__irq_svc) from [<c020f230>] (arch_cpu_idle+0x30/0x3c)
[    2.366246] [<c020f230>] (arch_cpu_idle) from [<c0275248>] (cpu_startup_entry+0x238/0x278)
[    2.374915] [<c0275248>] (cpu_startup_entry) from [<c0b82bb8>] (start_kernel+0x32c/0x398)
[    2.383484] [<c0b82bb8>] (start_kernel) from [<80208074>] (0x80208074)
[    2.390319] ---[ end trace 6ec356b7c95569b9 ]---
[    2.395218] mmc0: BKOPS_EN bit is not set
[    2.400204] palmas 0-0048: Muxing GPIO 2, PWM 0, LED 0
[    2.401102] mmc0: new high speed MMC card at address 0001
[    2.411323] mmcblk0: mmc0:0001 SEM04G 3.68 GiB 
[    2.416178] mmcblk0boot0: mmc0:0001 SEM04G partition 1 2.00 MiB
[    2.422484] mmcblk0boot1: mmc0:0001 SEM04G partition 2 2.00 MiB
[    2.424155] ------------[ cut here ]------------
[    2.424164] WARNING: CPU: 1 PID: 0 at fs/dcache.c:255 __d_free+0x34/0x40()
[    2.424168] Modules linked in:
[    2.424175] CPU: 1 PID: 0 Comm: swapper/1 Tainted: G        W      3.18.0-rc3-next-20141103-00002-gb3eef83 #1
[    2.424191] [<c0215a84>] (unwind_backtrace) from [<c02114a0>] (show_stack+0x10/0x14)
[    2.424202] [<c02114a0>] (show_stack) from [<c087c860>] (dump_stack+0x70/0x8c)
[    2.424213] [<c087c860>] (dump_stack) from [<c02481ac>] (warn_slowpath_common+0x64/0x84)
[    2.424221] [<c02481ac>] (warn_slowpath_common) from [<c02481e8>] (warn_slowpath_null+0x1c/0x24)
[    2.424230] [<c02481e8>] (warn_slowpath_null) from [<c0306d68>] (__d_free+0x34/0x40)
[    2.424241] [<c0306d68>] (__d_free) from [<c0288d4c>] (rcu_process_callbacks+0x320/0x544)
[    2.424251] [<c0288d4c>] (rcu_process_callbacks) from [<c024b140>] (__do_softirq+0xec/0x238)
[    2.424260] [<c024b140>] (__do_softirq) from [<c024b51c>] (irq_exit+0xa8/0x114)
[    2.424270] [<c024b51c>] (irq_exit) from [<c027f2ec>] (__handle_domain_irq+0x58/0x9c)
[    2.424279] [<c027f2ec>] (__handle_domain_irq) from [<c020895c>] (gic_handle_irq+0x2c/0x6c)
[    2.424287] [<c020895c>] (gic_handle_irq) from [<c0212000>] (__irq_svc+0x40/0x54)
[    2.424290] Exception stack(0xed897f98 to 0xed897fe0)
[    2.424294] 7f80:                                                       ffffffed 00000000
[    2.424300] 7fa0: ed897fe8 c0232cc0 c0c424fc c0c42498 00000000 c0c37840 00000000 ffffffed
[    2.424305] 7fc0: c0c36be8 00000000 00000000 ed897fe0 c0231cc8 c020f21c a0000013 ffffffff
[    2.424315] [<c0212000>] (__irq_svc) from [<c020f21c>] (arch_cpu_idle+0x1c/0x3c)
[    2.424324] [<c020f21c>] (arch_cpu_idle) from [<c0275248>] (cpu_startup_entry+0x238/0x278)
[    2.424330] [<c0275248>] (cpu_startup_entry) from [<80208ac4>] (0x80208ac4)
[    2.424333] ---[ end trace 6ec356b7c95569ba ]---
[    2.424336] ------------[ cut here ]------------
[    2.424342] WARNING: CPU: 1 PID: 0 at fs/dcache.c:255 __d_free+0x34/0x40()
[    2.424346] Modules linked in:
[    2.424351] CPU: 1 PID: 0 Comm: swapper/1 Tainted: G        W      3.18.0-rc3-next-20141103-00002-gb3eef83 #1
[    2.424360] [<c0215a84>] (unwind_backtrace) from [<c02114a0>] (show_stack+0x10/0x14)
[    2.424369] [<c02114a0>] (show_stack) from [<c087c860>] (dump_stack+0x70/0x8c)
[    2.424377] [<c087c860>] (dump_stack) from [<c02481ac>] (warn_slowpath_common+0x64/0x84)
[    2.424386] [<c02481ac>] (warn_slowpath_common) from [<c02481e8>] (warn_slowpath_null+0x1c/0x24)
[    2.424394] [<c02481e8>] (warn_slowpath_null) from [<c0306d68>] (__d_free+0x34/0x40)
[    2.424402] [<c0306d68>] (__d_free) from [<c0288d4c>] (rcu_process_callbacks+0x320/0x544)
[    2.424412] [<c0288d4c>] (rcu_process_callbacks) from [<c024b140>] (__do_softirq+0xec/0x238)
[    2.424421] [<c024b140>] (__do_softirq) from [<c024b51c>] (irq_exit+0xa8/0x114)
[    2.424430] [<c024b51c>] (irq_exit) from [<c027f2ec>] (__handle_domain_irq+0x58/0x9c)
[    2.424438] [<c027f2ec>] (__handle_domain_irq) from [<c020895c>] (gic_handle_irq+0x2c/0x6c)
[    2.424445] [<c020895c>] (gic_handle_irq) from [<c0212000>] (__irq_svc+0x40/0x54)
[    2.424448] Exception stack(0xed897f98 to 0xed897fe0)
[    2.424452] 7f80:                                                       ffffffed 00000000
[    2.424457] 7fa0: ed897fe8 c0232cc0 c0c424fc c0c42498 00000000 c0c37840 00000000 ffffffed
[    2.424462] 7fc0: c0c36be8 00000000 00000000 ed897fe0 c0231cc8 c020f21c a0000013 ffffffff
[    2.424472] [<c0212000>] (__irq_svc) from [<c020f21c>] (arch_cpu_idle+0x1c/0x3c)
[    2.424479] [<c020f21c>] (arch_cpu_idle) from [<c0275248>] (cpu_startup_entry+0x238/0x278)
[    2.424486] [<c0275248>] (cpu_startup_entry) from [<80208ac4>] (0x80208ac4)
[    2.424489] ---[ end trace 6ec356b7c95569bb ]---
[    2.424492] ------------[ cut here ]------------
[    2.424498] WARNING: CPU: 1 PID: 0 at fs/dcache.c:255 __d_free+0x34/0x40()
[    2.424501] Modules linked in:
[    2.424506] CPU: 1 PID: 0 Comm: swapper/1 Tainted: G        W      3.18.0-rc3-next-20141103-00002-gb3eef83 #1
[    2.424515] [<c0215a84>] (unwind_backtrace) from [<c02114a0>] (show_stack+0x10/0x14)
[    2.424523] [<c02114a0>] (show_stack) from [<c087c860>] (dump_stack+0x70/0x8c)
[    2.424531] [<c087c860>] (dump_stack) from [<c02481ac>] (warn_slowpath_common+0x64/0x84)
[    2.424540] [<c02481ac>] (warn_slowpath_common) from [<c02481e8>] (warn_slowpath_null+0x1c/0x24)
[    2.424548] [<c02481e8>] (warn_slowpath_null) from [<c0306d68>] (__d_free+0x34/0x40)
[    2.424556] [<c0306d68>] (__d_free) from [<c0288d4c>] (rcu_process_callbacks+0x320/0x544)
[    2.424566] [<c0288d4c>] (rcu_process_callbacks) from [<c024b140>] (__do_softirq+0xec/0x238)
[    2.424574] [<c024b140>] (__do_softirq) from [<c024b51c>] (irq_exit+0xa8/0x114)
[    2.424583] [<c024b51c>] (irq_exit) from [<c027f2ec>] (__handle_domain_irq+0x58/0x9c)
[    2.424591] [<c027f2ec>] (__handle_domain_irq) from [<c020895c>] (gic_handle_irq+0x2c/0x6c)
[    2.424598] [<c020895c>] (gic_handle_irq) from [<c0212000>] (__irq_svc+0x40/0x54)
[    2.424601] Exception stack(0xed897f98 to 0xed897fe0)
[    2.424605] 7f80:                                                       ffffffed 00000000
[    2.424610] 7fa0: ed897fe8 c0232cc0 c0c424fc c0c42498 00000000 c0c37840 00000000 ffffffed
[    2.424616] 7fc0: c0c36be8 00000000 00000000 ed897fe0 c0231cc8 c020f21c a0000013 ffffffff
[    2.424624] [<c0212000>] (__irq_svc) from [<c020f21c>] (arch_cpu_idle+0x1c/0x3c)
[    2.424632] [<c020f21c>] (arch_cpu_idle) from [<c0275248>] (cpu_startup_entry+0x238/0x278)
[    2.424638] [<c0275248>] (cpu_startup_entry) from [<80208ac4>] (0x80208ac4)
[    2.424640] ---[ end trace 6ec356b7c95569bc ]---
[    2.424646] ------------[ cut here ]------------
[    2.424652] WARNING: CPU: 1 PID: 0 at fs/dcache.c:255 __d_free+0x34/0x40()
[    2.424654] Modules linked in:
[    2.424659] CPU: 1 PID: 0 Comm: swapper/1 Tainted: G        W      3.18.0-rc3-next-20141103-00002-gb3eef83 #1
[    2.424668] [<c0215a84>] (unwind_backtrace) from [<c02114a0>] (show_stack+0x10/0x14)
[    2.424677] [<c02114a0>] (show_stack) from [<c087c860>] (dump_stack+0x70/0x8c)
[    2.424684] [<c087c860>] (dump_stack) from [<c02481ac>] (warn_slowpath_common+0x64/0x84)
[    2.424692] [<c02481ac>] (warn_slowpath_common) from [<c02481e8>] (warn_slowpath_null+0x1c/0x24)
[    2.424700] [<c02481e8>] (warn_slowpath_null) from [<c0306d68>] (__d_free+0x34/0x40)
[    2.424709] [<c0306d68>] (__d_free) from [<c0288d4c>] (rcu_process_callbacks+0x320/0x544)
[    2.424718] [<c0288d4c>] (rcu_process_callbacks) from [<c024b140>] (__do_softirq+0xec/0x238)
[    2.424727] [<c024b140>] (__do_softirq) from [<c024b51c>] (irq_exit+0xa8/0x114)
[    2.424736] [<c024b51c>] (irq_exit) from [<c027f2ec>] (__handle_domain_irq+0x58/0x9c)
[    2.424744] [<c027f2ec>] (__handle_domain_irq) from [<c020895c>] (gic_handle_irq+0x2c/0x6c)
[    2.424751] [<c020895c>] (gic_handle_irq) from [<c0212000>] (__irq_svc+0x40/0x54)
[    2.424755] Exception stack(0xed897f98 to 0xed897fe0)
[    2.424758] 7f80:                                                       ffffffed 00000000
[    2.424763] 7fa0: ed897fe8 c0232cc0 c0c424fc c0c42498 00000000 c0c37840 00000000 ffffffed
[    2.424768] 7fc0: c0c36be8 00000000 00000000 ed897fe0 c0231cc8 c020f21c a0000013 ffffffff
[    2.424777] [<c0212000>] (__irq_svc) from [<c020f21c>] (arch_cpu_idle+0x1c/0x3c)
[    2.424785] [<c020f21c>] (arch_cpu_idle) from [<c0275248>] (cpu_startup_entry+0x238/0x278)
[    2.424791] [<c0275248>] (cpu_startup_entry) from [<80208ac4>] (0x80208ac4)
[    2.424794] ---[ end trace 6ec356b7c95569bd ]---
[    2.617465] hub 1-2:1.0: USB hub found
[    2.630911] hub 1-2:1.0: 3 ports detected
[    2.891023] usb 1-3: new high-speed USB device number 3 using ehci-omap
[    3.139059] smsc95xx v1.0.4
[    3.153944]  mmcblk0: p1
[    3.178153] omap_i2c 48070000.i2c: bus 0 rev0.12 at 400 kHz
[    3.185413] omap_i2c 4807c000.i2c: bus 4 rev0.12 at 400 kHz
[    3.194156] ------------[ cut here ]------------
[    3.199015] WARNING: CPU: 0 PID: 0 at fs/dcache.c:255 __d_free+0x34/0x40()
[    3.206230] Modules linked in:
[    3.209448] CPU: 0 PID: 0 Comm: swapper/0 Tainted: G        W      3.18.0-rc3-next-20141103-00002-gb3eef83 #1
[    3.219855] [<c0215a84>] (unwind_backtrace) from [<c02114a0>] (show_stack+0x10/0x14)
[    3.227989] [<c02114a0>] (show_stack) from [<c087c860>] (dump_stack+0x70/0x8c)
[    3.229653] drivers/rtc/hctosys.c: unable to open rtc device (rtc0)
[    3.242231] [<c087c860>] (dump_stack) from [<c02481ac>] (warn_slowpath_common+0x64/0x84)
[    3.250728] [<c02481ac>] (warn_slowpath_common) from [<c02481e8>] (warn_slowpath_null+0x1c/0x24)
[    3.259949] [<c02481e8>] (warn_slowpath_null) from [<c0306d68>] (__d_free+0x34/0x40)
[    3.268106] [<c0306d68>] (__d_free) from [<c0288d4c>] (rcu_process_callbacks+0x320/0x544)
[    3.276720] [<c0288d4c>] (rcu_process_callbacks) from [<c024b140>] (__do_softirq+0xec/0x238)
[    3.285615] [<c024b140>] (__do_softirq) from [<c024b51c>] (irq_exit+0xa8/0x114)
[    3.293333] [<c024b51c>] (irq_exit) from [<c027f2ec>] (__handle_domain_irq+0x58/0x9c)
[    3.301563] [<c027f2ec>] (__handle_domain_irq) from [<c020895c>] (gic_handle_irq+0x2c/0x6c)
[    3.310338] [<c020895c>] (gic_handle_irq) from [<c0212000>] (__irq_svc+0x40/0x54)
[    3.318189] Exception stack(0xc0c3bf68 to 0xc0c3bfb0)
[    3.323494] bf60:                   ffffffed 00000000 c0c3bfb8 c0232cc0 c0c424fc c0c42498
[    3.332081] bf80: 00000000 c0c37840 00000000 ffffffed c0c36be8 00000000 00000000 c0c3bfb0
[    3.340664] bfa0: c0231cc8 c020f21c a0000013 ffffffff
[    3.345968] [<c0212000>] (__irq_svc) from [<c020f21c>] (arch_cpu_idle+0x1c/0x3c)
[    3.353735] [<c020f21c>] (arch_cpu_idle) from [<c0275248>] (cpu_startup_entry+0x238/0x278)
[    3.362396] [<c0275248>] (cpu_startup_entry) from [<c0b82bb8>] (start_kernel+0x32c/0x398)
[    3.370984] [<c0b82bb8>] (start_kernel) from [<80208074>] (0x80208074)
[    3.377838] ---[ end trace 6ec356b7c95569be ]---
[    3.384158] ------------[ cut here ]------------
[    3.388998] WARNING: CPU: 0 PID: 0 at fs/dcache.c:255 __d_free+0x34/0x40()
[    3.396213] Modules linked in:
[    3.399431] CPU: 0 PID: 0 Comm: swapper/0 Tainted: G        W      3.18.0-rc3-next-20141103-00002-gb3eef83 #1
[    3.409840] [<c0215a84>] (unwind_backtrace) from [<c02114a0>] (show_stack+0x10/0x14)
[    3.417970] [<c02114a0>] (show_stack) from [<c087c860>] (dump_stack+0x70/0x8c)
[    3.425557] [<c087c860>] (dump_stack) from [<c02481ac>] (warn_slowpath_common+0x64/0x84)
[    3.434051] [<c02481ac>] (warn_slowpath_common) from [<c02481e8>] (warn_slowpath_null+0x1c/0x24)
[    3.443272] [<c02481e8>] (warn_slowpath_null) from [<c0306d68>] (__d_free+0x34/0x40)
[    3.451409] [<c0306d68>] (__d_free) from [<c0288d4c>] (rcu_process_callbacks+0x320/0x544)
[    3.459996] [<c0288d4c>] (rcu_process_callbacks) from [<c024b140>] (__do_softirq+0xec/0x238)
[    3.468860] [<c024b140>] (__do_softirq) from [<c024b51c>] (irq_exit+0xa8/0x114)
[    3.476533] [<c024b51c>] (irq_exit) from [<c027f2ec>] (__handle_domain_irq+0x58/0x9c)
[    3.484752] [<c027f2ec>] (__handle_domain_irq) from [<c020895c>] (gic_handle_irq+0x2c/0x6c)
[    3.493520] [<c020895c>] (gic_handle_irq) from [<c0212000>] (__irq_svc+0x40/0x54)
[    3.501368] Exception stack(0xc0c3bf68 to 0xc0c3bfb0)
[    3.506670] bf60:                   ffffffed 00000000 c0c3bfb8 c0232cc0 c0c424fc c0c42498
[    3.515245] bf80: 00000000 c0c37840 00000000 ffffffed c0c36be8 00000000 00000000 c0c3bfb0
[    3.523824] bfa0: c0231cc8 c020f21c a0000013 ffffffff
[    3.529131] [<c0212000>] (__irq_svc) from [<c020f21c>] (arch_cpu_idle+0x1c/0x3c)
[    3.536891] [<c020f21c>] (arch_cpu_idle) from [<c0275248>] (cpu_startup_entry+0x238/0x278)
[    3.545566] [<c0275248>] (cpu_startup_entry) from [<c0b82bb8>] (start_kernel+0x32c/0x398)
[    3.554148] [<c0b82bb8>] (start_kernel) from [<80208074>] (0x80208074)
[    3.560992] ---[ end trace 6ec356b7c95569bf ]---
[    3.570252] smsc95xx 1-3:1.0 eth0: register 'smsc95xx' at usb-4a064c00.ehci-3, smsc95xx USB 2.0 Ethernet, 16:bb:08:d6:7f:b7
[    3.582046] mmc2: host does not support reading read-only switch, assuming write-enable
[    3.595476] mmc2: new high speed SDHC card at address e624
[    3.601471] mmcblk1: mmc2:e624 SU04G 3.69 GiB 
[    3.608729]  mmcblk1: p1 p2 p3
[    5.940152] smsc95xx 1-3:1.0 eth0: link up, 100Mbps, full-duplex, lpa 0xC5E1
[    5.959160] Sending DHCP requests ., OK
[    7.034157] IP-Config: Got DHCP answer from 192.168.0.1, my address is 192.168.0.170
[    7.042365] IP-Config: Complete:
[    7.045763]      device=eth0, hwaddr=16:bb:08:d6:7f:b7, ipaddr=192.168.0.170, mask=255.255.255.0, gw=192.168.0.1
[    7.056439]      host=192.168.0.170, domain=tim.com, nis-domain=(none)
[    7.063287]      bootserver=192.168.0.1, rootserver=192.168.0.1, rootpath=
[    7.070319]      nameserver0=192.0.2.2, nameserver1=192.0.2.3
[    7.076808] ldo8: disabling
[    7.080403] ldo3: disabling
[    7.084275] ALSA device list:
[    7.087379]   No soundcards found.
[    7.109155] ------------[ cut here ]------------
[    7.113995] WARNING: CPU: 1 PID: 0 at fs/dcache.c:255 __d_free+0x34/0x40()
[    7.121203] Modules linked in:
[    7.124414] CPU: 1 PID: 0 Comm: swapper/1 Tainted: G        W      3.18.0-rc3-next-20141103-00002-gb3eef83 #1
[    7.134827] [<c0215a84>] (unwind_backtrace) from [<c02114a0>] (show_stack+0x10/0x14)
[    7.142959] [<c02114a0>] (show_stack) from [<c087c860>] (dump_stack+0x70/0x8c)
[    7.150539] [<c087c860>] (dump_stack) from [<c02481ac>] (warn_slowpath_common+0x64/0x84)
[    7.159034] [<c02481ac>] (warn_slowpath_common) from [<c02481e8>] (warn_slowpath_null+0x1c/0x24)
[    7.168258] [<c02481e8>] (warn_slowpath_null) from [<c0306d68>] (__d_free+0x34/0x40)
[    7.176381] [<c0306d68>] (__d_free) from [<c0288d4c>] (rcu_process_callbacks+0x320/0x544)
[    7.184963] [<c0288d4c>] (rcu_process_callbacks) from [<c024b140>] (__do_softirq+0xec/0x238)
[    7.193813] [<c024b140>] (__do_softirq) from [<c024b51c>] (irq_exit+0xa8/0x114)
[    7.201491] [<c024b51c>] (irq_exit) from [<c027f2ec>] (__handle_domain_irq+0x58/0x9c)
[    7.209713] [<c027f2ec>] (__handle_domain_irq) from [<c020895c>] (gic_handle_irq+0x2c/0x6c)
[    7.218474] [<c020895c>] (gic_handle_irq) from [<c0212000>] (__irq_svc+0x40/0x54)
[    7.226316] Exception stack(0xed897f98 to 0xed897fe0)
[    7.231610] 7f80:                                                       ffffffed 00000000
[    7.240187] 7fa0: ed897fe8 c0232cc0 c0c424fc c0c42498 00000000 c0c37840 00000000 ffffffed
[    7.248767] 7fc0: c0c36be8 00000000 00000000 ed897fe0 c0231cc8 c020f21c a0000013 ffffffff
[    7.257353] [<c0212000>] (__irq_svc) from [<c020f21c>] (arch_cpu_idle+0x1c/0x3c)
[    7.265108] [<c020f21c>] (arch_cpu_idle) from [<c0275248>] (cpu_startup_entry+0x238/0x278)
[    7.273781] [<c0275248>] (cpu_startup_entry) from [<80208ac4>] (0x80208ac4)
[    7.281084] ---[ end trace 6ec356b7c95569c0 ]---
[    7.285920] ------------[ cut here ]------------
[    7.290770] WARNING: CPU: 1 PID: 0 at fs/dcache.c:255 __d_free+0x34/0x40()
[    7.297975] Modules linked in:
[    7.301181] CPU: 1 PID: 0 Comm: swapper/1 Tainted: G        W      3.18.0-rc3-next-20141103-00002-gb3eef83 #1
[    7.311588] [<c0215a84>] (unwind_backtrace) from [<c02114a0>] (show_stack+0x10/0x14)
[    7.319720] [<c02114a0>] (show_stack) from [<c087c860>] (dump_stack+0x70/0x8c)
[    7.327306] [<c087c860>] (dump_stack) from [<c02481ac>] (warn_slowpath_common+0x64/0x84)
[    7.335807] [<c02481ac>] (warn_slowpath_common) from [<c02481e8>] (warn_slowpath_null+0x1c/0x24)
[    7.345028] [<c02481e8>] (warn_slowpath_null) from [<c0306d68>] (__d_free+0x34/0x40)
[    7.353150] [<c0306d68>] (__d_free) from [<c0288d4c>] (rcu_process_callbacks+0x320/0x544)
[    7.361725] [<c0288d4c>] (rcu_process_callbacks) from [<c024b140>] (__do_softirq+0xec/0x238)
[    7.370592] [<c024b140>] (__do_softirq) from [<c024b51c>] (irq_exit+0xa8/0x114)
[    7.378256] [<c024b51c>] (irq_exit) from [<c027f2ec>] (__handle_domain_irq+0x58/0x9c)
[    7.386476] [<c027f2ec>] (__handle_domain_irq) from [<c020895c>] (gic_handle_irq+0x2c/0x6c)
[    7.395243] [<c020895c>] (gic_handle_irq) from [<c0212000>] (__irq_svc+0x40/0x54)
[    7.403086] Exception stack(0xed897f98 to 0xed897fe0)
[    7.408391] 7f80:                                                       ffffffed 00000000
[    7.416970] 7fa0: ed897fe8 c0232cc0 c0c424fc c0c42498 00000000 c0c37840 00000000 ffffffed
[    7.425538] 7fc0: c0c36be8 00000000 00000000 ed897fe0 c0231cc8 c020f21c a0000013 ffffffff
[    7.434122] [<c0212000>] (__irq_svc) from [<c020f21c>] (arch_cpu_idle+0x1c/0x3c)
[    7.441878] [<c020f21c>] (arch_cpu_idle) from [<c0275248>] (cpu_startup_entry+0x238/0x278)
[    7.450550] [<c0275248>] (cpu_startup_entry) from [<80208ac4>] (0x80208ac4)
[    7.457847] ---[ end trace 6ec356b7c95569c1 ]---
[    7.462691] ------------[ cut here ]------------
[    7.467530] WARNING: CPU: 1 PID: 0 at fs/dcache.c:255 __d_free+0x34/0x40()
[    7.474739] Modules linked in:
[    7.477940] CPU: 1 PID: 0 Comm: swapper/1 Tainted: G        W      3.18.0-rc3-next-20141103-00002-gb3eef83 #1
[    7.488353] [<c0215a84>] (unwind_backtrace) from [<c02114a0>] (show_stack+0x10/0x14)
[    7.496478] [<c02114a0>] (show_stack) from [<c087c860>] (dump_stack+0x70/0x8c)
[    7.504059] [<c087c860>] (dump_stack) from [<c02481ac>] (warn_slowpath_common+0x64/0x84)
[    7.512550] [<c02481ac>] (warn_slowpath_common) from [<c02481e8>] (warn_slowpath_null+0x1c/0x24)
[    7.521766] [<c02481e8>] (warn_slowpath_null) from [<c0306d68>] (__d_free+0x34/0x40)
[    7.524656] EXT4-fs (mmcblk1p2): mounted filesystem with ordered data mode. Opts: (null)
[    7.524679] VFS: Mounted root (ext4 filesystem) on device 179:50.
[    7.533982] devtmpfs: mounted
[    7.534433] Freeing unused kernel memory: 736K (c0b82000 - c0c3a000)
[    7.554519] [<c0306d68>] (__d_free) from [<c0288d4c>] (rcu_process_callbacks+0x320/0x544)
[    7.563099] [<c0288d4c>] (rcu_process_callbacks) from [<c024b140>] (__do_softirq+0xec/0x238)
[    7.571953] [<c024b140>] (__do_softirq) from [<c024b51c>] (irq_exit+0xa8/0x114)
[    7.579636] [<c024b51c>] (irq_exit) from [<c027f2ec>] (__handle_domain_irq+0x58/0x9c)
[    7.587846] [<c027f2ec>] (__handle_domain_irq) from [<c020895c>] (gic_handle_irq+0x2c/0x6c)
[    7.596603] [<c020895c>] (gic_handle_irq) from [<c0212000>] (__irq_svc+0x40/0x54)
[    7.604455] Exception stack(0xed897f98 to 0xed897fe0)
[    7.609750] 7f80:                                                       ffffffed 00000000
[    7.618323] 7fa0: ed897fe8 c0232cc0 c0c424fc c0c42498 00000000 c0c37840 00000000 ffffffed
[    7.618330] 7fc0: c0c36be8 00000000 00000000 ed897fe0 c0231cc8 c020f21c a0000013 ffffffff
[    7.618341] [<c0212000>] (__irq_svc) from [<c020f21c>] (arch_cpu_idle+0x1c/0x3c)
[    7.618349] [<c020f21c>] (arch_cpu_idle) from [<c0275248>] (cpu_startup_entry+0x238/0x278)
[    7.618355] [<c0275248>] (cpu_startup_entry) from [<80208ac4>] (0x80208ac4)
[    7.618358] ---[ end trace 6ec356b7c95569c2 ]---
[    7.618360] ------------[ cut here ]------------
[    7.618367] WARNING: CPU: 1 PID: 0 at fs/dcache.c:255 __d_free+0x34/0x40()
[    7.618371] Modules linked in:
[    7.618377] CPU: 1 PID: 0 Comm: swapper/1 Tainted: G        W      3.18.0-rc3-next-20141103-00002-gb3eef83 #1
[    7.618388] [<c0215a84>] (unwind_backtrace) from [<c02114a0>] (show_stack+0x10/0x14)
[    7.618398] [<c02114a0>] (show_stack) from [<c087c860>] (dump_stack+0x70/0x8c)
[    7.618406] [<c087c860>] (dump_stack) from [<c02481ac>] (warn_slowpath_common+0x64/0x84)
[    7.618414] [<c02481ac>] (warn_slowpath_common) from [<c02481e8>] (warn_slowpath_null+0x1c/0x24)
[    7.618422] [<c02481e8>] (warn_slowpath_null) from [<c0306d68>] (__d_free+0x34/0x40)
[    7.618431] [<c0306d68>] (__d_free) from [<c0288d4c>] (rcu_process_callbacks+0x320/0x544)
[    7.618441] [<c0288d4c>] (rcu_process_callbacks) from [<c024b140>] (__do_softirq+0xec/0x238)
[    7.618450] [<c024b140>] (__do_softirq) from [<c024b51c>] (irq_exit+0xa8/0x114)
[    7.618459] [<c024b51c>] (irq_exit) from [<c027f2ec>] (__handle_domain_irq+0x58/0x9c)
[    7.618467] [<c027f2ec>] (__handle_domain_irq) from [<c020895c>] (gic_handle_irq+0x2c/0x6c)
[    7.618474] [<c020895c>] (gic_handle_irq) from [<c0212000>] (__irq_svc+0x40/0x54)
[    7.618478] Exception stack(0xed897f98 to 0xed897fe0)
[    7.618481] 7f80:                                                       ffffffed 00000000
[    7.618486] 7fa0: ed897fe8 c0232cc0 c0c424fc c0c42498 00000000 c0c37840 00000000 ffffffed
[    7.618492] 7fc0: c0c36be8 00000000 00000000 ed897fe0 c0231cc8 c020f21c a0000013 ffffffff
[    7.618501] [<c0212000>] (__irq_svc) from [<c020f21c>] (arch_cpu_idle+0x1c/0x3c)
[    7.618509] [<c020f21c>] (arch_cpu_idle) from [<c0275248>] (cpu_startup_entry+0x238/0x278)
[    7.618514] [<c0275248>] (cpu_startup_entry) from [<80208ac4>] (0x80208ac4)
[    7.618517] ---[ end trace 6ec356b7c95569c3 ]---
INIT: version 2.88 booting
[    7.894154] ------------[ cut here ]------------
[    7.899003] WARNING: CPU: 0 PID: 0 at fs/dcache.c:255 __d_free+0x34/0x40()
[    7.906224] Modules linked in:
[    7.909439] CPU: 0 PID: 0 Comm: swapper/0 Tainted: G        W      3.18.0-rc3-next-20141103-00002-gb3eef83 #1
[    7.919850] [<c0215a84>] (unwind_backtrace) from [<c02114a0>] (show_stack+0x10/0x14)
[    7.927977] [<c02114a0>] (show_stack) from [<c087c860>] (dump_stack+0x70/0x8c)
[    7.935562] [<c087c860>] (dump_stack) from [<c02481ac>] (warn_slowpath_common+0x64/0x84)
[    7.944043] [<c02481ac>] (warn_slowpath_common) from [<c02481e8>] (warn_slowpath_null+0x1c/0x24)
[    7.953258] [<c02481e8>] (warn_slowpath_null) from [<c0306d68>] (__d_free+0x34/0x40)
[    7.961401] [<c0306d68>] (__d_free) from [<c0288d4c>] (rcu_process_callbacks+0x320/0x544)
[    7.969983] [<c0288d4c>] (rcu_process_callbacks) from [<c024b140>] (__do_softirq+0xec/0x238)
[    7.978839] [<c024b140>] (__do_softirq) from [<c024b51c>] (irq_exit+0xa8/0x114)
[    7.986519] [<c024b51c>] (irq_exit) from [<c027f2ec>] (__handle_domain_irq+0x58/0x9c)
[    7.994738] [<c027f2ec>] (__handle_domain_irq) from [<c020895c>] (gic_handle_irq+0x2c/0x6c)
[    8.003496] [<c020895c>] (gic_handle_irq) from [<c0212000>] (__irq_svc+0x40/0x54)
[    8.011347] Exception stack(0xc0c3bf68 to 0xc0c3bfb0)
[    8.016646] bf60:                   ffffffed 00000000 c0c3bfb8 c0232cc0 c0c424fc c0c42498
[    8.025228] bf80: 00000000 c0c37840 00000000 ffffffed c0c36be8 00000000 00000000 c0c3bfb0
[    8.033796] bfa0: c0231cc8 c020f21c a0070013 ffffffff
[    8.039102] [<c0212000>] (__irq_svc) from [<c020f21c>] (arch_cpu_idle+0x1c/0x3c)
[    8.046865] [<c020f21c>] (arch_cpu_idle) from [<c0275248>] (cpu_startup_entry+0x238/0x278)
[    8.055543] [<c0275248>] (cpu_startup_entry) from [<c0b82bb8>] (start_kernel+0x32c/0x398)
[    8.064121] ---[ end trace 6ec356b7c95569c4 ]---
[    8.184226] ------------[ cut here ]------------
[    8.189070] WARNING: CPU: 0 PID: 3 at fs/dcache.c:255 __d_free+0x34/0x40()
[    8.196288] Modules linked in:
[    8.199508] CPU: 0 PID: 3 Comm: ksoftirqd/0 Tainted: G        W      3.18.0-rc3-next-20141103-00002-gb3eef83 #1
[    8.210109] [<c0215a84>] (unwind_backtrace) from [<c02114a0>] (show_stack+0x10/0x14)
[    8.218250] [<c02114a0>] (show_stack) from [<c087c860>] (dump_stack+0x70/0x8c)
[    8.225846] [<c087c860>] (dump_stack) from [<c02481ac>] (warn_slowpath_common+0x64/0x84)
[    8.234333] [<c02481ac>] (warn_slowpath_common) from [<c02481e8>] (warn_slowpath_null+0x1c/0x24)
[    8.243560] [<c02481e8>] (warn_slowpath_null) from [<c0306d68>] (__d_free+0x34/0x40)
[    8.251678] [<c0306d68>] (__d_free) from [<c0288d4c>] (rcu_process_callbacks+0x320/0x544)
[    8.260253] [<c0288d4c>] (rcu_process_callbacks) from [<c024b140>] (__do_softirq+0xec/0x238)
[    8.269111] [<c024b140>] (__do_softirq) from [<c024b2c0>] (run_ksoftirqd+0x34/0x48)
[    8.277149] [<c024b2c0>] (run_ksoftirqd) from [<c0262a78>] (smpboot_thread_fn+0x140/0x1b4)
[    8.285825] [<c0262a78>] (smpboot_thread_fn) from [<c025f554>] (kthread+0xd8/0xf4)
[    8.293768] [<c025f554>] (kthread) from [<c020e778>] (ret_from_fork+0x14/0x3c)
[    8.301345] ---[ end trace 6ec356b7c95569c5 ]---
[    8.309159] ------------[ cut here ]------------
[    8.313997] WARNING: CPU: 1 PID: 0 at fs/dcache.c:255 __d_free+0x34/0x40()
[    8.321203] Modules linked in:
[    8.324410] CPU: 1 PID: 0 Comm: swapper/1 Tainted: G        W      3.18.0-rc3-next-20141103-00002-gb3eef83 #1
[    8.334829] [<c0215a84>] (unwind_backtrace) from [<c02114a0>] (show_stack+0x10/0x14)
[    8.334843] [<c02114a0>] (show_stack) from [<c087c860>] (dump_stack+0x70/0x8c)
[    8.334853] [<c087c860>] (dump_stack) from [<c02481ac>] (warn_slowpath_common+0x64/0x84)
[    8.334862] [<c02481ac>] (warn_slowpath_common) from [<c02481e8>] (warn_slowpath_null+0x1c/0x24)
[    8.334870] [<c02481e8>] (warn_slowpath_null) from [<c0306d68>] (__d_free+0x34/0x40)
[    8.334881] [<c0306d68>] (__d_free) from [<c0288d4c>] (rcu_process_callbacks+0x320/0x544)
[    8.334892] [<c0288d4c>] (rcu_process_callbacks) from [<c024b140>] (__do_softirq+0xec/0x238)
[    8.334901] [<c024b140>] (__do_softirq) from [<c024b51c>] (irq_exit+0xa8/0x114)
[    8.334914] [<c024b51c>] (irq_exit) from [<c027f2ec>] (__handle_domain_irq+0x58/0x9c)
[    8.334922] [<c027f2ec>] (__handle_domain_irq) from [<c020895c>] (gic_handle_irq+0x2c/0x6c)
[    8.334930] [<c020895c>] (gic_handle_irq) from [<c0212000>] (__irq_svc+0x40/0x54)
[    8.334934] Exception stack(0xed897f98 to 0xed897fe0)
[    8.334938] 7f80:                                                       ffffffed 00000000
[    8.334944] 7fa0: ed897fe8 c0232cc0 c0c424fc c0c42498 00000000 c0c37840 00000000 ffffffed
[    8.334950] 7fc0: c0c36be8 00000000 00000000 ed897fe0 c0231cc8 c020f21c a00f0013 ffffffff
[    8.334959] [<c0212000>] (__irq_svc) from [<c020f21c>] (arch_cpu_idle+0x1c/0x3c)
[    8.334968] [<c020f21c>] (arch_cpu_idle) from [<c0275248>] (cpu_startup_entry+0x238/0x278)
[    8.334975] [<c0275248>] (cpu_startup_entry) from [<80208ac4>] (0x80208ac4)
[    8.334978] ---[ end trace 6ec356b7c95569c6 ]---
Error opening /dev/fb0: No such file or directory
[    8.494170] ------------[ cut here ]------------
[    8.499022] WARNING: CPU: 1 PID: 0 at fs/dcache.c:255 __d_free+0x34/0x40()
[    8.506236] Modules linked in:
[    8.509450] CPU: 1 PID: 0 Comm: swapper/1 Tainted: G        W      3.18.0-rc3-next-20141103-00002-gb3eef83 #1
[    8.519862] [<c0215a84>] (unwind_backtrace) from [<c02114a0>] (show_stack+0x10/0x14)
Starting udev
[    8.528004] [<c02114a0>] (show_stack) from [<c087c860>] (dump_stack+0x70/0x8c)
[    8.536881] [<c087c860>] (dump_stack) from [<c02481ac>] (warn_slowpath_common+0x64/0x84)
[    8.545375] [<c02481ac>] (warn_slowpath_common) from [<c02481e8>] (warn_slowpath_null+0x1c/0x24)
[    8.554607] [<c02481e8>] (warn_slowpath_null) from [<c0306d68>] (__d_free+0x34/0x40)
[    8.562757] [<c0306d68>] (__d_free) from [<c0288d4c>] (rcu_process_callbacks+0x320/0x544)
[    8.571346] [<c0288d4c>] (rcu_process_callbacks) from [<c024b140>] (__do_softirq+0xec/0x238)
[    8.580217] [<c024b140>] (__do_softirq) from [<c024b51c>] (irq_exit+0xa8/0x114)
[    8.587894] [<c024b51c>] (irq_exit) from [<c027f2ec>] (__handle_domain_irq+0x58/0x9c)
[    8.596115] [<c027f2ec>] (__handle_domain_irq) from [<c020895c>] (gic_handle_irq+0x2c/0x6c)
[    8.604872] [<c020895c>] (gic_handle_irq) from [<c0212000>] (__irq_svc+0x40/0x54)
[    8.612720] Exception stack(0xed897f98 to 0xed897fe0)
[    8.618021] 7f80:                                                       ffffffed 00000000
[    8.626598] 7fa0: ed897fe8 c0232cc0 c0c424fc c0c42498 00000000 c0c37840 00000000 ffffffed
[    8.635176] 7fc0: c0c36be8 00000000 00000000 ed897fe0 c0231cc8 c020f21c a0000013 ffffffff
[    8.636636] udevd[94]: starting version 182
[    8.648147] [<c0212000>] (__irq_svc) from [<c020f21c>] (arch_cpu_idle+0x1c/0x3c)
[    8.655916] [<c020f21c>] (arch_cpu_idle) from [<c0275248>] (cpu_startup_entry+0x238/0x278)
[    8.664586] [<c0275248>] (cpu_startup_entry) from [<80208ac4>] (0x80208ac4)
[    8.671883] ---[ end trace 6ec356b7c95569c7 ]---
[    8.679190] ------------[ cut here ]------------
[    8.684045] WARNING: CPU: 0 PID: 0 at fs/dcache.c:255 __d_free+0x34/0x40()
[    8.691267] Modules linked in:
[    8.694477] CPU: 0 PID: 0 Comm: swapper/0 Tainted: G        W      3.18.0-rc3-next-20141103-00002-gb3eef83 #1
[    8.704897] [<c0215a84>] (unwind_backtrace) from [<c02114a0>] (show_stack+0x10/0x14)
[    8.713031] [<c02114a0>] (show_stack) from [<c087c860>] (dump_stack+0x70/0x8c)
[    8.720624] [<c087c860>] (dump_stack) from [<c02481ac>] (warn_slowpath_common+0x64/0x84)
[    8.729115] [<c02481ac>] (warn_slowpath_common) from [<c02481e8>] (warn_slowpath_null+0x1c/0x24)
[    8.738341] [<c02481e8>] (warn_slowpath_null) from [<c0306d68>] (__d_free+0x34/0x40)
[    8.746473] [<c0306d68>] (__d_free) from [<c0288d4c>] (rcu_process_callbacks+0x320/0x544)
[    8.755059] [<c0288d4c>] (rcu_process_callbacks) from [<c024b140>] (__do_softirq+0xec/0x238)
[    8.763905] [<c024b140>] (__do_softirq) from [<c024b51c>] (irq_exit+0xa8/0x114)
[    8.771581] [<c024b51c>] (irq_exit) from [<c027f2ec>] (__handle_domain_irq+0x58/0x9c)
[    8.779794] [<c027f2ec>] (__handle_domain_irq) from [<c020895c>] (gic_handle_irq+0x2c/0x6c)
[    8.788560] [<c020895c>] (gic_handle_irq) from [<c0212000>] (__irq_svc+0x40/0x54)
[    8.796406] Exception stack(0xc0c3bf68 to 0xc0c3bfb0)
[    8.801705] bf60:                   ffffffed 00000000 c0c3bfb8 c0232cc0 c0c424fc c0c42498
[    8.810287] bf80: 00000000 c0c37840 00000000 ffffffed c0c36be8 00000000 00000000 c0c3bfb0
[    8.818861] bfa0: c0231cc8 c020f21c a00f0013 ffffffff
[    8.824164] [<c0212000>] (__irq_svc) from [<c020f21c>] (arch_cpu_idle+0x1c/0x3c)
[    8.831930] [<c020f21c>] (arch_cpu_idle) from [<c0275248>] (cpu_startup_entry+0x238/0x278)
[    8.840609] [<c0275248>] (cpu_startup_entry) from [<c0b82bb8>] (start_kernel+0x32c/0x398)
[    8.849182] ---[ end trace 6ec356b7c95569c8 ]---
[    8.854041] ------------[ cut here ]------------
[    8.858893] WARNING: CPU: 0 PID: 3 at fs/dcache.c:255 __d_free+0x34/0x40()
[    8.859200] ------------[ cut here ]------------
[    8.859210] WARNING: CPU: 1 PID: 13 at fs/dcache.c:255 __d_free+0x34/0x40()
[    8.859214] Modules linked in:
[    8.859220] CPU: 1 PID: 13 Comm: ksoftirqd/1 Tainted: G        W      3.18.0-rc3-next-20141103-00002-gb3eef83 #1
[    8.859231] [<c0215a84>] (unwind_backtrace) from [<c02114a0>] (show_stack+0x10/0x14)
[    8.859241] [<c02114a0>] (show_stack) from [<c087c860>] (dump_stack+0x70/0x8c)
[    8.859249] [<c087c860>] (dump_stack) from [<c02481ac>] (warn_slowpath_common+0x64/0x84)
[    8.859258] [<c02481ac>] (warn_slowpath_common) from [<c02481e8>] (warn_slowpath_null+0x1c/0x24)
[    8.859266] [<c02481e8>] (warn_slowpath_null) from [<c0306d68>] (__d_free+0x34/0x40)
[    8.859274] [<c0306d68>] (__d_free) from [<c0288d4c>] (rcu_process_callbacks+0x320/0x544)
[    8.859284] [<c0288d4c>] (rcu_process_callbacks) from [<c024b140>] (__do_softirq+0xec/0x238)
[    8.859292] [<c024b140>] (__do_softirq) from [<c024b2c0>] (run_ksoftirqd+0x34/0x48)
[    8.859303] [<c024b2c0>] (run_ksoftirqd) from [<c0262a78>] (smpboot_thread_fn+0x140/0x1b4)
[    8.859319] [<c0262a78>] (smpboot_thread_fn) from [<c025f554>] (kthread+0xd8/0xf4)
[    8.859328] [<c025f554>] (kthread) from [<c020e778>] (ret_from_fork+0x14/0x3c)
[    8.859331] ---[ end trace 6ec356b7c95569c9 ]---
[    8.988098] Modules linked in:
[    8.991307] CPU: 0 PID: 3 Comm: ksoftirqd/0 Tainted: G        W      3.18.0-rc3-next-20141103-00002-gb3eef83 #1
[    9.001896] [<c0215a84>] (unwind_backtrace) from [<c02114a0>] (show_stack+0x10/0x14)
[    9.010019] [<c02114a0>] (show_stack) from [<c087c860>] (dump_stack+0x70/0x8c)
[    9.017600] [<c087c860>] (dump_stack) from [<c02481ac>] (warn_slowpath_common+0x64/0x84)
[    9.026089] [<c02481ac>] (warn_slowpath_common) from [<c02481e8>] (warn_slowpath_null+0x1c/0x24)
[    9.035308] [<c02481e8>] (warn_slowpath_null) from [<c0306d68>] (__d_free+0x34/0x40)
[    9.043432] [<c0306d68>] (__d_free) from [<c0288d4c>] (rcu_process_callbacks+0x320/0x544)
[    9.052020] [<c0288d4c>] (rcu_process_callbacks) from [<c024b140>] (__do_softirq+0xec/0x238)
[    9.060875] [<c024b140>] (__do_softirq) from [<c024b2c0>] (run_ksoftirqd+0x34/0x48)
[    9.068914] [<c024b2c0>] (run_ksoftirqd) from [<c0262a78>] (smpboot_thread_fn+0x140/0x1b4)
[    9.077594] [<c0262a78>] (smpboot_thread_fn) from [<c025f554>] (kthread+0xd8/0xf4)
[    9.085532] [<c025f554>] (kthread) from [<c020e778>] (ret_from_fork+0x14/0x3c)
[    9.093106] ---[ end trace 6ec356b7c95569ca ]---
[    9.097946] ------------[ cut here ]------------
[    9.102794] WARNING: CPU: 0 PID: 3 at fs/dcache.c:255 __d_free+0x34/0x40()
[    9.110000] Modules linked in:
[    9.113207] CPU: 0 PID: 3 Comm: ksoftirqd/0 Tainted: G        W      3.18.0-rc3-next-20141103-00002-gb3eef83 #1
[    9.123786] [<c0215a84>] (unwind_backtrace) from [<c02114a0>] (show_stack+0x10/0x14)
[    9.131918] [<c02114a0>] (show_stack) from [<c087c860>] (dump_stack+0x70/0x8c)
[    9.139496] [<c087c860>] (dump_stack) from [<c02481ac>] (warn_slowpath_common+0x64/0x84)
[    9.147988] [<c02481ac>] (warn_slowpath_common) from [<c02481e8>] (warn_slowpath_null+0x1c/0x24)
[    9.157209] [<c02481e8>] (warn_slowpath_null) from [<c0306d68>] (__d_free+0x34/0x40)
[    9.165337] [<c0306d68>] (__d_free) from [<c0288d4c>] (rcu_process_callbacks+0x320/0x544)
[    9.173914] [<c0288d4c>] (rcu_process_callbacks) from [<c024b140>] (__do_softirq+0xec/0x238)
[    9.182771] [<c024b140>] (__do_softirq) from [<c024b2c0>] (run_ksoftirqd+0x34/0x48)
[    9.190807] [<c024b2c0>] (run_ksoftirqd) from [<c0262a78>] (smpboot_thread_fn+0x140/0x1b4)
[    9.199482] [<c0262a78>] (smpboot_thread_fn) from [<c025f554>] (kthread+0xd8/0xf4)
[    9.207428] [<c025f554>] (kthread) from [<c020e778>] (ret_from_fork+0x14/0x3c)
[    9.215004] ---[ end trace 6ec356b7c95569cb ]---
[    9.219864] ------------[ cut here ]------------
[    9.224718] WARNING: CPU: 0 PID: 3 at fs/dcache.c:255 __d_free+0x34/0x40()
[    9.231932] Modules linked in:
[    9.235150] CPU: 0 PID: 3 Comm: ksoftirqd/0 Tainted: G        W      3.18.0-rc3-next-20141103-00002-gb3eef83 #1
[    9.245731] [<c0215a84>] (unwind_backtrace) from [<c02114a0>] (show_stack+0x10/0x14)
[    9.253860] [<c02114a0>] (show_stack) from [<c087c860>] (dump_stack+0x70/0x8c)
[    9.261439] [<c087c860>] (dump_stack) from [<c02481ac>] (warn_slowpath_common+0x64/0x84)
[    9.269926] [<c02481ac>] (warn_slowpath_common) from [<c02481e8>] (warn_slowpath_null+0x1c/0x24)
[    9.279144] [<c02481e8>] (warn_slowpath_null) from [<c0306d68>] (__d_free+0x34/0x40)
[    9.287276] [<c0306d68>] (__d_free) from [<c0288d4c>] (rcu_process_callbacks+0x320/0x544)
[    9.295861] [<c0288d4c>] (rcu_process_callbacks) from [<c024b140>] (__do_softirq+0xec/0x238)
[    9.304710] [<c024b140>] (__do_softirq) from [<c024b2c0>] (run_ksoftirqd+0x34/0x48)
[    9.312749] [<c024b2c0>] (run_ksoftirqd) from [<c0262a78>] (smpboot_thread_fn+0x140/0x1b4)
[    9.321413] [<c0262a78>] (smpboot_thread_fn) from [<c025f554>] (kthread+0xd8/0xf4)
[    9.329366] [<c025f554>] (kthread) from [<c020e778>] (ret_from_fork+0x14/0x3c)
[    9.336945] ---[ end trace 6ec356b7c95569cc ]---
[    9.341802] ------------[ cut here ]------------
[    9.346651] WARNING: CPU: 0 PID: 3 at fs/dcache.c:255 __d_free+0x34/0x40()
[    9.353866] Modules linked in:
[    9.357078] CPU: 0 PID: 3 Comm: ksoftirqd/0 Tainted: G        W      3.18.0-rc3-next-20141103-00002-gb3eef83 #1
[    9.367667] [<c0215a84>] (unwind_backtrace) from [<c02114a0>] (show_stack+0x10/0x14)
[    9.375800] [<c02114a0>] (show_stack) from [<c087c860>] (dump_stack+0x70/0x8c)
[    9.383376] [<c087c860>] (dump_stack) from [<c02481ac>] (warn_slowpath_common+0x64/0x84)
[    9.391860] [<c02481ac>] (warn_slowpath_common) from [<c02481e8>] (warn_slowpath_null+0x1c/0x24)
[    9.401077] [<c02481e8>] (warn_slowpath_null) from [<c0306d68>] (__d_free+0x34/0x40)
[    9.409211] [<c0306d68>] (__d_free) from [<c0288d4c>] (rcu_process_callbacks+0x320/0x544)
[    9.417792] [<c0288d4c>] (rcu_process_callbacks) from [<c024b140>] (__do_softirq+0xec/0x238)
[    9.426651] [<c024b140>] (__do_softirq) from [<c024b2c0>] (run_ksoftirqd+0x34/0x48)
[    9.434697] [<c024b2c0>] (run_ksoftirqd) from [<c0262a78>] (smpboot_thread_fn+0x140/0x1b4)
[    9.443376] [<c0262a78>] (smpboot_thread_fn) from [<c025f554>] (kthread+0xd8/0xf4)
[    9.451320] [<c025f554>] (kthread) from [<c020e778>] (ret_from_fork+0x14/0x3c)
[    9.458889] ---[ end trace 6ec356b7c95569cd ]---
[    9.463827] ------------[ cut here ]------------
[    9.468680] WARNING: CPU: 0 PID: 3 at fs/dcache.c:255 __d_free+0x34/0x40()
[    9.475905] Modules linked in:
[    9.479112] CPU: 0 PID: 3 Comm: ksoftirqd/0 Tainted: G        W      3.18.0-rc3-next-20141103-00002-gb3eef83 #1
[    9.489704] [<c0215a84>] (unwind_backtrace) from [<c02114a0>] (show_stack+0x10/0x14)
[    9.497838] [<c02114a0>] (show_stack) from [<c087c860>] (dump_stack+0x70/0x8c)
[    9.505422] [<c087c860>] (dump_stack) from [<c02481ac>] (warn_slowpath_common+0x64/0x84)
[    9.513905] [<c02481ac>] (warn_slowpath_common) from [<c02481e8>] (warn_slowpath_null+0x1c/0x24)
[    9.523120] [<c02481e8>] (warn_slowpath_null) from [<c0306d68>] (__d_free+0x34/0x40)
[    9.531254] [<c0306d68>] (__d_free) from [<c0288d4c>] (rcu_process_callbacks+0x320/0x544)
[    9.539838] [<c0288d4c>] (rcu_process_callbacks) from [<c024b140>] (__do_softirq+0xec/0x238)
[    9.548698] [<c024b140>] (__do_softirq) from [<c024b2c0>] (run_ksoftirqd+0x34/0x48)
[    9.556729] [<c024b2c0>] (run_ksoftirqd) from [<c0262a78>] (smpboot_thread_fn+0x140/0x1b4)
[    9.565406] [<c0262a78>] (smpboot_thread_fn) from [<c025f554>] (kthread+0xd8/0xf4)
[    9.573348] [<c025f554>] (kthread) from [<c020e778>] (ret_from_fork+0x14/0x3c)
[    9.580919] ---[ end trace 6ec356b7c95569ce ]---
[    9.585852] ------------[ cut here ]------------
[    9.590695] WARNING: CPU: 0 PID: 3 at fs/dcache.c:255 __d_free+0x34/0x40()
[    9.597909] Modules linked in:
[    9.601122] CPU: 0 PID: 3 Comm: ksoftirqd/0 Tainted: G        W      3.18.0-rc3-next-20141103-00002-gb3eef83 #1
[    9.611719] [<c0215a84>] (unwind_backtrace) from [<c02114a0>] (show_stack+0x10/0x14)
[    9.619855] [<c02114a0>] (show_stack) from [<c087c860>] (dump_stack+0x70/0x8c)
[    9.627438] [<c087c860>] (dump_stack) from [<c02481ac>] (warn_slowpath_common+0x64/0x84)
[    9.635929] [<c02481ac>] (warn_slowpath_common) from [<c02481e8>] (warn_slowpath_null+0x1c/0x24)
[    9.645148] [<c02481e8>] (warn_slowpath_null) from [<c0306d68>] (__d_free+0x34/0x40)
[    9.653273] [<c0306d68>] (__d_free) from [<c0288d4c>] (rcu_process_callbacks+0x320/0x544)
[    9.661857] [<c0288d4c>] (rcu_process_callbacks) from [<c024b140>] (__do_softirq+0xec/0x238)
[    9.670714] [<c024b140>] (__do_softirq) from [<c024b2c0>] (run_ksoftirqd+0x34/0x48)
[    9.678756] [<c024b2c0>] (run_ksoftirqd) from [<c0262a78>] (smpboot_thread_fn+0x140/0x1b4)
[    9.687429] [<c0262a78>] (smpboot_thread_fn) from [<c025f554>] (kthread+0xd8/0xf4)
[    9.695372] [<c025f554>] (kthread) from [<c020e778>] (ret_from_fork+0x14/0x3c)
[    9.702946] ---[ end trace 6ec356b7c95569cf ]---
[    9.707800] ------------[ cut here ]------------
[    9.712648] WARNING: CPU: 0 PID: 3 at fs/dcache.c:255 __d_free+0x34/0x40()
[    9.719854] Modules linked in:
[    9.723060] CPU: 0 PID: 3 Comm: ksoftirqd/0 Tainted: G        W      3.18.0-rc3-next-20141103-00002-gb3eef83 #1
[    9.733644] [<c0215a84>] (unwind_backtrace) from [<c02114a0>] (show_stack+0x10/0x14)
[    9.741771] [<c02114a0>] (show_stack) from [<c087c860>] (dump_stack+0x70/0x8c)
[    9.749361] [<c087c860>] (dump_stack) from [<c02481ac>] (warn_slowpath_common+0x64/0x84)
[    9.757849] [<c02481ac>] (warn_slowpath_common) from [<c02481e8>] (warn_slowpath_null+0x1c/0x24)
[    9.767071] [<c02481e8>] (warn_slowpath_null) from [<c0306d68>] (__d_free+0x34/0x40)
[    9.775200] [<c0306d68>] (__d_free) from [<c0288d4c>] (rcu_process_callbacks+0x320/0x544)
[    9.783776] [<c0288d4c>] (rcu_process_callbacks) from [<c024b140>] (__do_softirq+0xec/0x238)
[    9.792632] [<c024b140>] (__do_softirq) from [<c024b2c0>] (run_ksoftirqd+0x34/0x48)
[    9.800662] [<c024b2c0>] (run_ksoftirqd) from [<c0262a78>] (smpboot_thread_fn+0x140/0x1b4)
[    9.809335] [<c0262a78>] (smpboot_thread_fn) from [<c025f554>] (kthread+0xd8/0xf4)
[    9.817281] [<c025f554>] (kthread) from [<c020e778>] (ret_from_fork+0x14/0x3c)
[    9.824852] ---[ end trace 6ec356b7c95569d0 ]---
[    9.829694] ------------[ cut here ]------------
[    9.834540] WARNING: CPU: 0 PID: 3 at fs/dcache.c:255 __d_free+0x34/0x40()
[    9.841755] Modules linked in:
[    9.844962] CPU: 0 PID: 3 Comm: ksoftirqd/0 Tainted: G        W      3.18.0-rc3-next-20141103-00002-gb3eef83 #1
[    9.855546] [<c0215a84>] (unwind_backtrace) from [<c02114a0>] (show_stack+0x10/0x14)
[    9.863666] [<c02114a0>] (show_stack) from [<c087c860>] (dump_stack+0x70/0x8c)
[    9.871249] [<c087c860>] (dump_stack) from [<c02481ac>] (warn_slowpath_common+0x64/0x84)
[    9.879738] [<c02481ac>] (warn_slowpath_common) from [<c02481e8>] (warn_slowpath_null+0x1c/0x24)
[    9.888957] [<c02481e8>] (warn_slowpath_null) from [<c0306d68>] (__d_free+0x34/0x40)
[    9.897082] [<c0306d68>] (__d_free) from [<c0288d4c>] (rcu_process_callbacks+0x320/0x544)
[    9.905671] [<c0288d4c>] (rcu_process_callbacks) from [<c024b140>] (__do_softirq+0xec/0x238)
[    9.914516] [<c024b140>] (__do_softirq) from [<c024b2c0>] (run_ksoftirqd+0x34/0x48)
[    9.922560] [<c024b2c0>] (run_ksoftirqd) from [<c0262a78>] (smpboot_thread_fn+0x140/0x1b4)
[    9.931239] [<c0262a78>] (smpboot_thread_fn) from [<c025f554>] (kthread+0xd8/0xf4)
[    9.939189] [<c025f554>] (kthread) from [<c020e778>] (ret_from_fork+0x14/0x3c)
[    9.946762] ---[ end trace 6ec356b7c95569d1 ]---
[    9.951655] ------------[ cut here ]------------
[    9.956503] WARNING: CPU: 0 PID: 3 at fs/dcache.c:255 __d_free+0x34/0x40()
[    9.963722] Modules linked in:
[    9.966937] CPU: 0 PID: 3 Comm: ksoftirqd/0 Tainted: G        W      3.18.0-rc3-next-20141103-00002-gb3eef83 #1
[    9.977518] [<c0215a84>] (unwind_backtrace) from [<c02114a0>] (show_stack+0x10/0x14)
[    9.985644] [<c02114a0>] (show_stack) from [<c087c860>] (dump_stack+0x70/0x8c)
[    9.993222] [<c087c860>] (dump_stack) from [<c02481ac>] (warn_slowpath_common+0x64/0x84)
[   10.001709] [<c02481ac>] (warn_slowpath_common) from [<c02481e8>] (warn_slowpath_null+0x1c/0x24)
[   10.010925] [<c02481e8>] (warn_slowpath_null) from [<c0306d68>] (__d_free+0x34/0x40)
[   10.019047] [<c0306d68>] (__d_free) from [<c0288d4c>] (rcu_process_callbacks+0x320/0x544)
[   10.027633] [<c0288d4c>] (rcu_process_callbacks) from [<c024b140>] (__do_softirq+0xec/0x238)
[   10.036482] [<c024b140>] (__do_softirq) from [<c024b2c0>] (run_ksoftirqd+0x34/0x48)
[   10.044525] [<c024b2c0>] (run_ksoftirqd) from [<c0262a78>] (smpboot_thread_fn+0x140/0x1b4)
[   10.053196] [<c0262a78>] (smpboot_thread_fn) from [<c025f554>] (kthread+0xd8/0xf4)
[   10.061144] [<c025f554>] (kthread) from [<c020e778>] (ret_from_fork+0x14/0x3c)
[   10.068724] ---[ end trace 6ec356b7c95569d2 ]---
[   10.073560] ------------[ cut here ]------------
[   10.078406] WARNING: CPU: 0 PID: 3 at fs/dcache.c:255 __d_free+0x34/0x40()
[   10.085617] Modules linked in:
[   10.088822] CPU: 0 PID: 3 Comm: ksoftirqd/0 Tainted: G        W      3.18.0-rc3-next-20141103-00002-gb3eef83 #1
[   10.099408] [<c0215a84>] (unwind_backtrace) from [<c02114a0>] (show_stack+0x10/0x14)
[   10.107533] [<c02114a0>] (show_stack) from [<c087c860>] (dump_stack+0x70/0x8c)
[   10.115117] [<c087c860>] (dump_stack) from [<c02481ac>] (warn_slowpath_common+0x64/0x84)
[   10.123600] [<c02481ac>] (warn_slowpath_common) from [<c02481e8>] (warn_slowpath_null+0x1c/0x24)
[   10.132819] [<c02481e8>] (warn_slowpath_null) from [<c0306d68>] (__d_free+0x34/0x40)
[   10.140938] [<c0306d68>] (__d_free) from [<c0288d4c>] (rcu_process_callbacks+0x320/0x544)
[   10.149517] [<c0288d4c>] (rcu_process_callbacks) from [<c024b140>] (__do_softirq+0xec/0x238)
[   10.158370] [<c024b140>] (__do_softirq) from [<c024b2c0>] (run_ksoftirqd+0x34/0x48)
[   10.166410] [<c024b2c0>] (run_ksoftirqd) from [<c0262a78>] (smpboot_thread_fn+0x140/0x1b4)
[   10.175084] [<c0262a78>] (smpboot_thread_fn) from [<c025f554>] (kthread+0xd8/0xf4)
[   10.183028] [<c025f554>] (kthread) from [<c020e778>] (ret_from_fork+0x14/0x3c)
[   10.190608] ---[ end trace 6ec356b7c95569d3 ]---
[   10.195452] ------------[ cut here ]------------
[   10.200299] WARNING: CPU: 0 PID: 3 at fs/dcache.c:255 __d_free+0x34/0x40()
[   10.207502] Modules linked in:
[   10.210714] CPU: 0 PID: 3 Comm: ksoftirqd/0 Tainted: G        W      3.18.0-rc3-next-20141103-00002-gb3eef83 #1
[   10.221302] [<c0215a84>] (unwind_backtrace) from [<c02114a0>] (show_stack+0x10/0x14)
[   10.229427] [<c02114a0>] (show_stack) from [<c087c860>] (dump_stack+0x70/0x8c)
[   10.237013] [<c087c860>] (dump_stack) from [<c02481ac>] (warn_slowpath_common+0x64/0x84)
[   10.245496] [<c02481ac>] (warn_slowpath_common) from [<c02481e8>] (warn_slowpath_null+0x1c/0x24)
[   10.254718] [<c02481e8>] (warn_slowpath_null) from [<c0306d68>] (__d_free+0x34/0x40)
[   10.262854] [<c0306d68>] (__d_free) from [<c0288d4c>] (rcu_process_callbacks+0x320/0x544)
[   10.271451] [<c0288d4c>] (rcu_process_callbacks) from [<c024b140>] (__do_softirq+0xec/0x238)
[   10.280303] [<c024b140>] (__do_softirq) from [<c024b2c0>] (run_ksoftirqd+0x34/0x48)
[   10.288332] [<c024b2c0>] (run_ksoftirqd) from [<c0262a78>] (smpboot_thread_fn+0x140/0x1b4)
[   10.297011] [<c0262a78>] (smpboot_thread_fn) from [<c025f554>] (kthread+0xd8/0xf4)
[   10.304954] [<c025f554>] (kthread) from [<c020e778>] (ret_from_fork+0x14/0x3c)
[   10.312529] ---[ end trace 6ec356b7c95569d4 ]---
[   10.317425] ------------[ cut here ]------------
[   10.322273] WARNING: CPU: 0 PID: 3 at fs/dcache.c:255 __d_free+0x34/0x40()
[   10.329490] Modules linked in:
[   10.332702] CPU: 0 PID: 3 Comm: ksoftirqd/0 Tainted: G        W      3.18.0-rc3-next-20141103-00002-gb3eef83 #1
[   10.343292] [<c0215a84>] (unwind_backtrace) from [<c02114a0>] (show_stack+0x10/0x14)
[   10.351421] [<c02114a0>] (show_stack) from [<c087c860>] (dump_stack+0x70/0x8c)
[   10.359002] [<c087c860>] (dump_stack) from [<c02481ac>] (warn_slowpath_common+0x64/0x84)
[   10.367492] [<c02481ac>] (warn_slowpath_common) from [<c02481e8>] (warn_slowpath_null+0x1c/0x24)
[   10.376724] [<c02481e8>] (warn_slowpath_null) from [<c0306d68>] (__d_free+0x34/0x40)
[   10.384848] [<c0306d68>] (__d_free) from [<c0288d4c>] (rcu_process_callbacks+0x320/0x544)
[   10.393431] [<c0288d4c>] (rcu_process_callbacks) from [<c024b140>] (__do_softirq+0xec/0x238)
[   10.402298] [<c024b140>] (__do_softirq) from [<c024b2c0>] (run_ksoftirqd+0x34/0x48)
[   10.410337] [<c024b2c0>] (run_ksoftirqd) from [<c0262a78>] (smpboot_thread_fn+0x140/0x1b4)
[   10.419006] [<c0262a78>] (smpboot_thread_fn) from [<c025f554>] (kthread+0xd8/0xf4)
[   10.426955] [<c025f554>] (kthread) from [<c020e778>] (ret_from_fork+0x14/0x3c)
[   10.434531] ---[ end trace 6ec356b7c95569d5 ]---
[   10.439423] ------------[ cut here ]------------
[   10.444275] WARNING: CPU: 0 PID: 3 at fs/dcache.c:255 __d_free+0x34/0x40()
[   10.451492] Modules linked in:
[   10.454707] CPU: 0 PID: 3 Comm: ksoftirqd/0 Tainted: G        W      3.18.0-rc3-next-20141103-00002-gb3eef83 #1
[   10.465296] [<c0215a84>] (unwind_backtrace) from [<c02114a0>] (show_stack+0x10/0x14)
[   10.473422] [<c02114a0>] (show_stack) from [<c087c860>] (dump_stack+0x70/0x8c)
[   10.481003] [<c087c860>] (dump_stack) from [<c02481ac>] (warn_slowpath_common+0x64/0x84)
[   10.489488] [<c02481ac>] (warn_slowpath_common) from [<c02481e8>] (warn_slowpath_null+0x1c/0x24)
[   10.498701] [<c02481e8>] (warn_slowpath_null) from [<c0306d68>] (__d_free+0x34/0x40)
[   10.506828] [<c0306d68>] (__d_free) from [<c0288d4c>] (rcu_process_callbacks+0x320/0x544)
[   10.515412] [<c0288d4c>] (rcu_process_callbacks) from [<c024b140>] (__do_softirq+0xec/0x238)
[   10.524259] [<c024b140>] (__do_softirq) from [<c024b2c0>] (run_ksoftirqd+0x34/0x48)
[   10.532295] [<c024b2c0>] (run_ksoftirqd) from [<c0262a78>] (smpboot_thread_fn+0x140/0x1b4)
[   10.540965] [<c0262a78>] (smpboot_thread_fn) from [<c025f554>] (kthread+0xd8/0xf4)
[   10.548911] [<c025f554>] (kthread) from [<c020e778>] (ret_from_fork+0x14/0x3c)
[   10.556485] ---[ end trace 6ec356b7c95569d6 ]---
[   10.561326] ------------[ cut here ]------------
[   10.566173] WARNING: CPU: 0 PID: 3 at fs/dcache.c:255 __d_free+0x34/0x40()
[   10.573386] Modules linked in:
[   10.576596] CPU: 0 PID: 3 Comm: ksoftirqd/0 Tainted: G        W      3.18.0-rc3-next-20141103-00002-gb3eef83 #1
[   10.587186] [<c0215a84>] (unwind_backtrace) from [<c02114a0>] (show_stack+0x10/0x14)
[   10.595310] [<c02114a0>] (show_stack) from [<c087c860>] (dump_stack+0x70/0x8c)
[   10.602897] [<c087c860>] (dump_stack) from [<c02481ac>] (warn_slowpath_common+0x64/0x84)
[   10.611384] [<c02481ac>] (warn_slowpath_common) from [<c02481e8>] (warn_slowpath_null+0x1c/0x24)
[   10.620600] [<c02481e8>] (warn_slowpath_null) from [<c0306d68>] (__d_free+0x34/0x40)
[   10.628727] [<c0306d68>] (__d_free) from [<c0288d4c>] (rcu_process_callbacks+0x320/0x544)
[   10.637309] [<c0288d4c>] (rcu_process_callbacks) from [<c024b140>] (__do_softirq+0xec/0x238)
[   10.646161] [<c024b140>] (__do_softirq) from [<c024b2c0>] (run_ksoftirqd+0x34/0x48)
[   10.654198] [<c024b2c0>] (run_ksoftirqd) from [<c0262a78>] (smpboot_thread_fn+0x140/0x1b4)
[   10.662867] [<c0262a78>] (smpboot_thread_fn) from [<c025f554>] (kthread+0xd8/0xf4)
[   10.670817] [<c025f554>] (kthread) from [<c020e778>] (ret_from_fork+0x14/0x3c)
[   10.678391] ---[ end trace 6ec356b7c95569d7 ]---
[   10.683254] ------------[ cut here ]------------
[   10.688103] WARNING: CPU: 0 PID: 3 at fs/dcache.c:255 __d_free+0x34/0x40()
[   10.695318] Modules linked in:
[   10.698520] CPU: 0 PID: 3 Comm: ksoftirqd/0 Tainted: G        W      3.18.0-rc3-next-20141103-00002-gb3eef83 #1
[   10.709110] [<c0215a84>] (unwind_backtrace) from [<c02114a0>] (show_stack+0x10/0x14)
[   10.717237] [<c02114a0>] (show_stack) from [<c087c860>] (dump_stack+0x70/0x8c)
[   10.724817] [<c087c860>] (dump_stack) from [<c02481ac>] (warn_slowpath_common+0x64/0x84)
[   10.733310] [<c02481ac>] (warn_slowpath_common) from [<c02481e8>] (warn_slowpath_null+0x1c/0x24)
[   10.742530] [<c02481e8>] (warn_slowpath_null) from [<c0306d68>] (__d_free+0x34/0x40)
[   10.750657] [<c0306d68>] (__d_free) from [<c0288d4c>] (rcu_process_callbacks+0x320/0x544)
[   10.759239] [<c0288d4c>] (rcu_process_callbacks) from [<c024b140>] (__do_softirq+0xec/0x238)
[   10.768094] [<c024b140>] (__do_softirq) from [<c024b2c0>] (run_ksoftirqd+0x34/0x48)
[   10.776133] [<c024b2c0>] (run_ksoftirqd) from [<c0262a78>] (smpboot_thread_fn+0x140/0x1b4)
[   10.784812] [<c0262a78>] (smpboot_thread_fn) from [<c025f554>] (kthread+0xd8/0xf4)
[   10.792759] [<c025f554>] (kthread) from [<c020e778>] (ret_from_fork+0x14/0x3c)
[   10.800334] ---[ end trace 6ec356b7c95569d8 ]---
[   10.805178] ------------[ cut here ]------------
[   10.810019] WARNING: CPU: 0 PID: 3 at fs/dcache.c:255 __d_free+0x34/0x40()
[   10.817221] Modules linked in:
[   10.820429] CPU: 0 PID: 3 Comm: ksoftirqd/0 Tainted: G        W      3.18.0-rc3-next-20141103-00002-gb3eef83 #1
[   10.831013] [<c0215a84>] (unwind_backtrace) from [<c02114a0>] (show_stack+0x10/0x14)
[   10.839133] [<c02114a0>] (show_stack) from [<c087c860>] (dump_stack+0x70/0x8c)
[   10.846711] [<c087c860>] (dump_stack) from [<c02481ac>] (warn_slowpath_common+0x64/0x84)
[   10.855200] [<c02481ac>] (warn_slowpath_common) from [<c02481e8>] (warn_slowpath_null+0x1c/0x24)
[   10.864421] [<c02481e8>] (warn_slowpath_null) from [<c0306d68>] (__d_free+0x34/0x40)
[   10.872551] [<c0306d68>] (__d_free) from [<c0288d4c>] (rcu_process_callbacks+0x320/0x544)
[   10.881131] [<c0288d4c>] (rcu_process_callbacks) from [<c024b140>] (__do_softirq+0xec/0x238)
[   10.889990] [<c024b140>] (__do_softirq) from [<c024b2c0>] (run_ksoftirqd+0x34/0x48)
[   10.898019] [<c024b2c0>] (run_ksoftirqd) from [<c0262a78>] (smpboot_thread_fn+0x140/0x1b4)
[   10.906686] [<c0262a78>] (smpboot_thread_fn) from [<c025f554>] (kthread+0xd8/0xf4)
[   10.914624] [<c025f554>] (kthread) from [<c020e778>] (ret_from_fork+0x14/0x3c)
[   10.922193] ---[ end trace 6ec356b7c95569d9 ]---
[   10.927108] ------------[ cut here ]------------
[   10.931962] WARNING: CPU: 0 PID: 3 at fs/dcache.c:255 __d_free+0x34/0x40()
[   10.939178] Modules linked in:
[   10.942384] CPU: 0 PID: 3 Comm: ksoftirqd/0 Tainted: G        W      3.18.0-rc3-next-20141103-00002-gb3eef83 #1
[   10.952974] [<c0215a84>] (unwind_backtrace) from [<c02114a0>] (show_stack+0x10/0x14)
[   10.961093] [<c02114a0>] (show_stack) from [<c087c860>] (dump_stack+0x70/0x8c)
[   10.968674] [<c087c860>] (dump_stack) from [<c02481ac>] (warn_slowpath_common+0x64/0x84)
[   10.977169] [<c02481ac>] (warn_slowpath_common) from [<c02481e8>] (warn_slowpath_null+0x1c/0x24)
[   10.986390] [<c02481e8>] (warn_slowpath_null) from [<c0306d68>] (__d_free+0x34/0x40)
[   10.994522] [<c0306d68>] (__d_free) from [<c0288d4c>] (rcu_process_callbacks+0x320/0x544)
[   11.003109] [<c0288d4c>] (rcu_process_callbacks) from [<c024b140>] (__do_softirq+0xec/0x238)
[   11.011966] [<c024b140>] (__do_softirq) from [<c024b2c0>] (run_ksoftirqd+0x34/0x48)
[   11.020003] [<c024b2c0>] (run_ksoftirqd) from [<c0262a78>] (smpboot_thread_fn+0x140/0x1b4)
[   11.028675] [<c0262a78>] (smpboot_thread_fn) from [<c025f554>] (kthread+0xd8/0xf4)
[   11.036623] [<c025f554>] (kthread) from [<c020e778>] (ret_from_fork+0x14/0x3c)
[   11.044199] ---[ end trace 6ec356b7c95569da ]---
[   11.049123] ------------[ cut here ]------------
[   11.053974] WARNING: CPU: 0 PID: 3 at fs/dcache.c:255 __d_free+0x34/0x40()
[   11.061189] Modules linked in:
[   11.064405] CPU: 0 PID: 3 Comm: ksoftirqd/0 Tainted: G        W      3.18.0-rc3-next-20141103-00002-gb3eef83 #1
[   11.074999] [<c0215a84>] (unwind_backtrace) from [<c02114a0>] (show_stack+0x10/0x14)
[   11.083125] [<c02114a0>] (show_stack) from [<c087c860>] (dump_stack+0x70/0x8c)
[   11.090712] [<c087c860>] (dump_stack) from [<c02481ac>] (warn_slowpath_common+0x64/0x84)
[   11.099195] [<c02481ac>] (warn_slowpath_common) from [<c02481e8>] (warn_slowpath_null+0x1c/0x24)
[   11.108418] [<c02481e8>] (warn_slowpath_null) from [<c0306d68>] (__d_free+0x34/0x40)
[   11.116543] [<c0306d68>] (__d_free) from [<c0288d4c>] (rcu_process_callbacks+0x320/0x544)
[   11.125125] [<c0288d4c>] (rcu_process_callbacks) from [<c024b140>] (__do_softirq+0xec/0x238)
[   11.133983] [<c024b140>] (__do_softirq) from [<c024b2c0>] (run_ksoftirqd+0x34/0x48)
[   11.142015] [<c024b2c0>] (run_ksoftirqd) from [<c0262a78>] (smpboot_thread_fn+0x140/0x1b4)
[   11.150690] [<c0262a78>] (smpboot_thread_fn) from [<c025f554>] (kthread+0xd8/0xf4)
[   11.158640] [<c025f554>] (kthread) from [<c020e778>] (ret_from_fork+0x14/0x3c)
[   11.166216] ---[ end trace 6ec356b7c95569db ]---
[   11.171053] ------------[ cut here ]------------
[   11.175901] WARNING: CPU: 0 PID: 3 at fs/dcache.c:255 __d_free+0x34/0x40()
[   11.183111] Modules linked in:
[   11.186320] CPU: 0 PID: 3 Comm: ksoftirqd/0 Tainted: G        W      3.18.0-rc3-next-20141103-00002-gb3eef83 #1
[   11.196910] [<c0215a84>] (unwind_backtrace) from [<c02114a0>] (show_stack+0x10/0x14)
[   11.205034] [<c02114a0>] (show_stack) from [<c087c860>] (dump_stack+0x70/0x8c)
[   11.212619] [<c087c860>] (dump_stack) from [<c02481ac>] (warn_slowpath_common+0x64/0x84)
[   11.221113] [<c02481ac>] (warn_slowpath_common) from [<c02481e8>] (warn_slowpath_null+0x1c/0x24)
[   11.230338] [<c02481e8>] (warn_slowpath_null) from [<c0306d68>] (__d_free+0x34/0x40)
[   11.238468] [<c0306d68>] (__d_free) from [<c0288d4c>] (rcu_process_callbacks+0x320/0x544)
[   11.247051] [<c0288d4c>] (rcu_process_callbacks) from [<c024b140>] (__do_softirq+0xec/0x238)
[   11.255905] [<c024b140>] (__do_softirq) from [<c024b2c0>] (run_ksoftirqd+0x34/0x48)
[   11.263941] [<c024b2c0>] (run_ksoftirqd) from [<c0262a78>] (smpboot_thread_fn+0x140/0x1b4)
[   11.272608] [<c0262a78>] (smpboot_thread_fn) from [<c025f554>] (kthread+0xd8/0xf4)
[   11.280556] [<c025f554>] (kthread) from [<c020e778>] (ret_from_fork+0x14/0x3c)
[   11.288131] ---[ end trace 6ec356b7c95569dc ]---
[   11.292974] ------------[ cut here ]------------
[   11.297819] WARNING: CPU: 0 PID: 3 at fs/dcache.c:255 __d_free+0x34/0x40()
[   11.305018] Modules linked in:
[   11.308220] CPU: 0 PID: 3 Comm: ksoftirqd/0 Tainted: G        W      3.18.0-rc3-next-20141103-00002-gb3eef83 #1
[   11.318812] [<c0215a84>] (unwind_backtrace) from [<c02114a0>] (show_stack+0x10/0x14)
[   11.326944] [<c02114a0>] (show_stack) from [<c087c860>] (dump_stack+0x70/0x8c)
[   11.334523] [<c087c860>] (dump_stack) from [<c02481ac>] (warn_slowpath_common+0x64/0x84)
[   11.343009] [<c02481ac>] (warn_slowpath_common) from [<c02481e8>] (warn_slowpath_null+0x1c/0x24)
[   11.352231] [<c02481e8>] (warn_slowpath_null) from [<c0306d68>] (__d_free+0x34/0x40)
[   11.360357] [<c0306d68>] (__d_free) from [<c0288d4c>] (rcu_process_callbacks+0x320/0x544)
[   11.368940] [<c0288d4c>] (rcu_process_callbacks) from [<c024b140>] (__do_softirq+0xec/0x238)
[   11.377795] [<c024b140>] (__do_softirq) from [<c024b2c0>] (run_ksoftirqd+0x34/0x48)
[   11.385835] [<c024b2c0>] (run_ksoftirqd) from [<c0262a78>] (smpboot_thread_fn+0x140/0x1b4)
[   11.394512] [<c0262a78>] (smpboot_thread_fn) from [<c025f554>] (kthread+0xd8/0xf4)
[   11.402463] [<c025f554>] (kthread) from [<c020e778>] (ret_from_fork+0x14/0x3c)
[   11.410048] ---[ end trace 6ec356b7c95569dd ]---
[   11.414909] ------------[ cut here ]------------
[   11.419762] WARNING: CPU: 0 PID: 3 at fs/dcache.c:255 __d_free+0x34/0x40()
[   11.426977] Modules linked in:
[   11.430186] CPU: 0 PID: 3 Comm: ksoftirqd/0 Tainted: G        W      3.18.0-rc3-next-20141103-00002-gb3eef83 #1
[   11.440775] [<c0215a84>] (unwind_backtrace) from [<c02114a0>] (show_stack+0x10/0x14)
[   11.448899] [<c02114a0>] (show_stack) from [<c087c860>] (dump_stack+0x70/0x8c)
[   11.456479] [<c087c860>] (dump_stack) from [<c02481ac>] (warn_slowpath_common+0x64/0x84)
[   11.464967] [<c02481ac>] (warn_slowpath_common) from [<c02481e8>] (warn_slowpath_null+0x1c/0x24)
[   11.474186] [<c02481e8>] (warn_slowpath_null) from [<c0306d68>] (__d_free+0x34/0x40)
[   11.482319] [<c0306d68>] (__d_free) from [<c0288d4c>] (rcu_process_callbacks+0x320/0x544)
[   11.490912] [<c0288d4c>] (rcu_process_callbacks) from [<c024b140>] (__do_softirq+0xec/0x238)
[   11.499771] [<c024b140>] (__do_softirq) from [<c024b2c0>] (run_ksoftirqd+0x34/0x48)
[   11.507811] [<c024b2c0>] (run_ksoftirqd) from [<c0262a78>] (smpboot_thread_fn+0x140/0x1b4)
[   11.516478] [<c0262a78>] (smpboot_thread_fn) from [<c025f554>] (kthread+0xd8/0xf4)
[   11.524427] [<c025f554>] (kthread) from [<c020e778>] (ret_from_fork+0x14/0x3c)
[   11.532006] ---[ end trace 6ec356b7c95569de ]---
[   11.536845] ------------[ cut here ]------------
[   11.541689] WARNING: CPU: 0 PID: 3 at fs/dcache.c:255 __d_free+0x34/0x40()
[   11.548896] Modules linked in:
[   11.552109] CPU: 0 PID: 3 Comm: ksoftirqd/0 Tainted: G        W      3.18.0-rc3-next-20141103-00002-gb3eef83 #1
[   11.562696] [<c0215a84>] (unwind_backtrace) from [<c02114a0>] (show_stack+0x10/0x14)
[   11.570827] [<c02114a0>] (show_stack) from [<c087c860>] (dump_stack+0x70/0x8c)
[   11.578407] [<c087c860>] (dump_stack) from [<c02481ac>] (warn_slowpath_common+0x64/0x84)
[   11.586900] [<c02481ac>] (warn_slowpath_common) from [<c02481e8>] (warn_slowpath_null+0x1c/0x24)
[   11.596116] [<c02481e8>] (warn_slowpath_null) from [<c0306d68>] (__d_free+0x34/0x40)
[   11.604242] [<c0306d68>] (__d_free) from [<c0288d4c>] (rcu_process_callbacks+0x320/0x544)
