- 07:09:20 [INFO] Starting target session
- 07:09:20 [INFO] Connected to omap5-evm via serial 
- 07:09:20 [INFO] Host: #check prompt
- 07:09:23 [ERROR] On command: #check prompt waiting for #check prompt.+?(?-mix:((?-mix:login:)|[Pp]assword)) >>> error: execution expired
- 07:09:23 [INFO] Target: 
#check prompt
root@omap5-evm:/test# 
- 07:09:23 [INFO] Host: #check prompt
- 07:09:24 [INFO] Target: 
#check prompt
root@omap5-evm:/test# 
- 07:09:24 [INFO] Host: sync;poweroff
- 07:09:38 [INFO] Target: 
sync;poweroff
Broadcast message from root@omap5
W.]Y[Z.H+
K.]Y[alt NOW!
INIT: Sending processes the TERM signal
INIT: SeStopping syslogd/klogd: stopped syslogd (pid 1504)
stopped klogd (pid 1508)
done
Deconfiguring network interfaces... done.
Sending all processes the TERM signal...
Sending all processes the KILL signal...
Unmounting remote filesystems...
Deactivating swap...
Unmounting local filesystems...
[  769.565037] reboot: System halted
- 07:09:38 [INFO] Disconnected serial from omap5-evm
- 07:09:43 [INFO] Connected to omap5-evm via serial 
- 07:09:43 [INFO] Host: 
- 07:09:43 [INFO] Target: 
SATA link 0 timeout.
AHCI 0001.0300 32 slots 1 ports 3 Gbps 0x1 impl SATA mode
flags: 64bit ncq stag pm led clo only pmp pio slum part ccc apst 
scanning bus for devices...
Found 0 device(s).
SCSI:  Net:   No ethernet found.
Hit any key to stop autoboot:  1  0 
U-Boot# 
- 07:09:43 [INFO] Host: 
- 07:09:44 [INFO] Target: 
U-Boot# 
- 07:09:44 [INFO] Host: version
- 07:09:44 [INFO] Target: 
version
U-Boot 2014.07-00071-gaca0808 (Oct 02 2014 - 11:23:17)
arm-linux-gnueabihf-gcc (crosstool-NG linaro-1.13.1-4.7-2013.03-20130313 - Linaro GCC 2013.03) 4.7.3 20130226 (prerelease)
GNU ld (crosstool-NG linaro-1.13.1-4.7-2013.03-20130313 - Linaro GCC 2013.03) 2.23.1
U-Boot# 
- 07:09:44 [INFO] Host: setenv bootargs 'console=ttyO2,115200n8 earlyprintk rootwait '
- 07:09:45 [INFO] Target: 
setenv bootargs 'console=ttyO2,115200n8 earlyprintk rootwait '
U-Boot# 
- 07:09:45 [INFO] Host: setenv bootcmd  ''
- 07:09:45 [INFO] Target: 
setenv bootcmd  ''
U-Boot# 
- 07:09:45 [INFO] Host: setenv autoload 'no'
- 07:09:46 [INFO] Target: 
setenv autoload 'no'
U-Boot# 
- 07:09:46 [INFO] Host: setenv serverip '192.168.0.1'
- 07:09:46 [INFO] Target: 
setenv serverip '192.168.0.1'
U-Boot# 
- 07:09:46 [INFO] Host: printenv
- 07:09:47 [INFO] Target: 
printenv
arch=arm
autoload=no
baudrate=115200
board=omap5_uevm
board_name=omap5_uevm
bootargs=console=ttyO2,115200n8 earlyprintk rootwait 
bootcmd=
bootdelay=1
bootdir=/boot
bootfile=zImage
bootm_size=0x10000000
bootpart=0:2
bootscript=echo Running bootscript from mmc${mmcdev} ...; source ${loadaddr}
console=ttyO2,115200n8
cpu=armv7
fdt_addr_r=0x88000000
fdtaddr=0x88000000
fdtfile=undefined
findfdt=if test $board_name = omap5_uevm; then setenv fdtfile omap5-uevm.dtb; fi; if test $board_name = dra7xx; then setenv fdtfile dra7-evm.dtb; fi;if test $board_name = dra72x; then setenv fdtfile dra72-evm.dtb; fi;if test $fdtfile = undefined; then echo WARNING: Could not determine device tree to use; fi; 
importbootenv=echo Importing environment from mmc${mmcdev} ...; env import -t ${loadaddr} ${filesize}
kernel_addr_r=0x82000000
loadaddr=0x82000000
loadbootenv=fatload mmc ${mmcdev} ${loadaddr} uEnv.txt
loadbootscript=fatload mmc ${mmcdev} ${loadaddr} boot.scr
loadfdt=load mmc ${bootpart} ${fdtaddr} ${bootdir}/${fdtfile};
loadimage=load mmc ${bootpart} ${loadaddr} ${bootdir}/${bootfile}
mmcargs=setenv bootargs console=${console} ${optargs} vram=${vram} root=${mmcroot} rootfstype=${mmcrootfstype}
mmcboot=mmc dev ${mmcdev}; if mmc rescan; then echo SD/MMC found on device ${mmcdev};if run loadbootenv; then echo Loaded environment from ${bootenv};run importbootenv;fi;if test -n $uenvcmd; then echo Running uenvcmd ...;run uenvcmd;fi;if run loadimage; then run loadfdt; echo Booting from mmc${mmcdev} ...; run mmcargs; bootz ${loadaddr} - ${fdtaddr}; fi;fi;
mmcdev=0
mmcroot=/dev/mmcblk1p2 rw
mmcrootfstype=ext4 rootwait
partitions=uuid_disk=${uuid_gpt_disk};name=rootfs,start=2MiB,size=-,uuid=${uuid_gpt_rootfs}
ramdisk_addr_r=0x88080000
rdaddr=0x88080000
scsidevs=0
serverip=192.168.0.1
soc=omap5
stderr=serial
stdin=serial
stdout=serial
usbethaddr=02:21:03:ff:09:60
usbtty=cdc_acm
vendor=ti
ver=U-Boot 2014.07-00071-gaca0808 (Oct 02 2014 - 11:23:17)
vram=16M
Environment size: 2052/131067 bytes
U-Boot# 
- 07:09:47 [INFO] Host: usb start
- 07:09:51 [INFO] Target: 
usb start
(Re)start USB...
USB0:   USB EHCI 1.00
scanning bus 0 for devices... 3 USB Device(s) found
       scanning usb for storage devices... 0 Storage Device(s) found
       scanning usb for ethernet devices... 1 Ethernet Device(s) found
U-Boot# 
- 07:09:51 [INFO] Host: printenv
- 07:09:51 [INFO] Target: 
printenv
arch=arm
autoload=no
baudrate=115200
board=omap5_uevm
board_name=omap5_uevm
bootargs=console=ttyO2,115200n8 earlyprintk rootwait 
bootcmd=
bootdelay=1
bootdir=/boot
bootfile=zImage
bootm_size=0x10000000
bootpart=0:2
bootscript=echo Running bootscript from mmc${mmcdev} ...; source ${loadaddr}
console=ttyO2,115200n8
cpu=armv7
ethact=sms0
fdt_addr_r=0x88000000
fdtaddr=0x88000000
fdtfile=undefined
findfdt=if test $board_name = omap5_uevm; then setenv fdtfile omap5-uevm.dtb; fi; if test $board_name = dra7xx; then setenv fdtfile dra7-evm.dtb; fi;if test $board_name = dra72x; then setenv fdtfile dra72-evm.dtb; fi;if test $fdtfile = undefined; then echo WARNING: Could not determine device tree to use; fi; 
importbootenv=echo Importing environment from mmc${mmcdev} ...; env import -t ${loadaddr} ${filesize}
kernel_addr_r=0x82000000
loadaddr=0x82000000
loadbootenv=fatload mmc ${mmcdev} ${loadaddr} uEnv.txt
loadbootscript=fatload mmc ${mmcdev} ${loadaddr} boot.scr
loadfdt=load mmc ${bootpart} ${fdtaddr} ${bootdir}/${fdtfile};
loadimage=load mmc ${bootpart} ${loadaddr} ${bootdir}/${bootfile}
mmcargs=setenv bootargs console=${console} ${optargs} vram=${vram} root=${mmcroot} rootfstype=${mmcrootfstype}
mmcboot=mmc dev ${mmcdev}; if mmc rescan; then echo SD/MMC found on device ${mmcdev};if run loadbootenv; then echo Loaded environment from ${bootenv};run importbootenv;fi;if test -n $uenvcmd; then echo Running uenvcmd ...;run uenvcmd;fi;if run loadimage; then run loadfdt; echo Booting from mmc${mmcdev} ...; run mmcargs; bootz ${loadaddr} - ${fdtaddr}; fi;fi;
mmcdev=0
mmcroot=/dev/mmcblk1p2 rw
mmcrootfstype=ext4 rootwait
partitions=uuid_disk=${uuid_gpt_disk};name=rootfs,start=2MiB,size=-,uuid=${uuid_gpt_rootfs}
ramdisk_addr_r=0x88080000
rdaddr=0x88080000
scsidevs=0
serverip=192.168.0.1
soc=omap5
stderr=serial
stdin=serial
stdout=serial
usbethaddr=02:21:03:ff:09:60
usbtty=cdc_acm
vendor=ti
ver=U-Boot 2014.07-00071-gaca0808 (Oct 02 2014 - 11:23:17)
vram=16M
Environment size: 2066/131067 bytes
U-Boot# 
- 07:09:51 [INFO] Host: setenv bootargs ''${bootargs}' ip=dhcp '
- 07:09:52 [INFO] Target: 
setenv bootargs ''${bootargs}' ip=dhcp '
U-Boot# 
- 07:09:52 [INFO] Host: setenv serverip '192.168.0.1'
- 07:09:52 [INFO] Target: 
setenv serverip '192.168.0.1'
U-Boot# 
- 07:09:52 [INFO] Host: setenv ipaddr dhcp
- 07:09:53 [INFO] Target: 
setenv ipaddr dhcp
U-Boot# 
- 07:09:53 [INFO] Host: setenv autoload 'no'
- 07:09:53 [INFO] Target: 
setenv autoload 'no'
U-Boot# 
- 07:09:53 [INFO] Host: dhcp
- 07:09:56 [INFO] Target: 
dhcp
Waiting for Ethernet connection... done.
BOOTP broadcast 1
DHCP client bound to address 192.168.0.223
U-Boot# 
- 07:09:56 [INFO] Host: setenv serverip '192.168.0.1'
- 07:09:57 [INFO] Target: 
setenv serverip '192.168.0.1'
U-Boot# 
- 07:09:57 [INFO] Host: tftp ${loadaddr} 192.168.0.1:vatf_omap5-evm/8877f164ce14a3931a47bb66929910d1
- 07:10:01 [INFO] Target: 
tftp ${loadaddr} 192.168.0.1:vatf_omap5-evm/8877f164ce14a3931a47bb66929910d1
Waiting for Ethernet connection... done.
Using sms0 device
TFTP from server 192.168.0.1; our IP address is 192.168.0.223
Filename 'vatf_omap5-evm/8877f164ce14a3931a47bb66929910d1'.
Load address: 0x82000000
Loading: *#################################################################
	 #################################################################
	 #################################################################
	 #################################################################
	 #################################################################
	 #################################################################
	 #####
	 2.8 MiB/s
done
Bytes transferred = 5789304 (585678 hex)
U-Boot# 
- 07:10:01 [INFO] Host: tftp ${fdt_addr_r} 192.168.0.1:vatf_omap5-evm/a83fd5a44c0bed1960d2bb13a8f4c5bf
- 07:10:03 [INFO] Target: 
tftp ${fdt_addr_r} 192.168.0.1:vatf_omap5-evm/a83fd5a44c0bed1960d2bb13a8f4c5bf
Waiting for Ethernet connection... done.
Using sms0 device
TFTP from server 192.168.0.1; our IP address is 192.168.0.223
Filename 'vatf_omap5-evm/a83fd5a44c0bed1960d2bb13a8f4c5bf'.
Load address: 0x88000000
Loading: *####
	 2.4 MiB/s
done
Bytes transferred = 50298 (c47a hex)
U-Boot# 
- 07:10:03 [INFO] Host: ls mmc 0:1
- 07:10:03 [INFO] Target: 
ls mmc 0:1
    62048   mlo 
   304288   u-boot.img 
  1867895   u-boot 
            old_uboot/
   304240   u-boot.bin 
   704856   u-boot-spl 
    61536   u-boot-spl.bin 
      259   uboot_build.txt 
        4   ws-calibrate.rules 
8 file(s), 1 dir(s)
U-Boot# 
- 07:10:03 [INFO] Host: ls mmc 0:2
- 07:10:04 [INFO] Target: 
ls mmc 0:2
<DIR>       4096 .
<DIR>       4096 ..
<DIR>       4096 bin
<DIR>       4096 boot
<DIR>       4096 dev
<DIR>       4096 etc
<DIR>       4096 home
<DIR>       4096 lib
<DIR>       4096 media
<DIR>       4096 mnt
<DIR>       4096 opt
<DIR>       4096 proc
<SYM>          8 run
<DIR>       4096 sbin
<DIR>       4096 srv
<DIR>       4096 sys
<SYM>          8 tmp
<DIR>       4096 usr
<DIR>       4096 var
<DIR>       4096 www
<DIR>       4096 Settings
<DIR>       4096 test
U-Boot# 
- 07:10:04 [INFO] Host: part uuid mmc 0:2
- 07:10:04 [INFO] Target: 
part uuid mmc 0:2
00000000-02
U-Boot# 
- 07:10:04 [INFO] Host: printenv
- 07:10:05 [INFO] Target: 
printenv
arch=arm
autoload=no
baudrate=115200
board=omap5_uevm
board_name=omap5_uevm
bootargs=console=ttyO2,115200n8 earlyprintk rootwait  ip=dhcp 
bootcmd=
bootdelay=1
bootdir=/boot
bootfile=zImage
bootm_size=0x10000000
bootpart=0:2
bootscript=echo Running bootscript from mmc${mmcdev} ...; source ${loadaddr}
console=ttyO2,115200n8
cpu=armv7
dnsip=192.0.2.2
ethact=sms0
fdt_addr_r=0x88000000
fdtaddr=0x88000000
fdtfile=undefined
fileaddr=88000000
filesize=c47a
findfdt=if test $board_name = omap5_uevm; then setenv fdtfile omap5-uevm.dtb; fi; if test $board_name = dra7xx; then setenv fdtfile dra7-evm.dtb; fi;if test $board_name = dra72x; then setenv fdtfile dra72-evm.dtb; fi;if test $fdtfile = undefined; then echo WARNING: Could not determine device tree to use; fi; 
gatewayip=192.168.0.1
importbootenv=echo Importing environment from mmc${mmcdev} ...; env import -t ${loadaddr} ${filesize}
ipaddr=192.168.0.223
kernel_addr_r=0x82000000
loadaddr=0x82000000
loadbootenv=fatload mmc ${mmcdev} ${loadaddr} uEnv.txt
loadbootscript=fatload mmc ${mmcdev} ${loadaddr} boot.scr
loadfdt=load mmc ${bootpart} ${fdtaddr} ${bootdir}/${fdtfile};
loadimage=load mmc ${bootpart} ${loadaddr} ${bootdir}/${bootfile}
mmcargs=setenv bootargs console=${console} ${optargs} vram=${vram} root=${mmcroot} rootfstype=${mmcrootfstype}
mmcboot=mmc dev ${mmcdev}; if mmc rescan; then echo SD/MMC found on device ${mmcdev};if run loadbootenv; then echo Loaded environment from ${bootenv};run importbootenv;fi;if test -n $uenvcmd; then echo Running uenvcmd ...;run uenvcmd;fi;if run loadimage; then run loadfdt; echo Booting from mmc${mmcdev} ...; run mmcargs; bootz ${loadaddr} - ${fdtaddr}; fi;fi;
mmcdev=0
mmcroot=/dev/mmcblk1p2 rw
mmcrootfstype=ext4 rootwait
netmask=255.255.255.0
partitions=uuid_disk=${uuid_gpt_disk};name=rootfs,start=2MiB,size=-,uuid=${uuid_gpt_rootfs}
ramdisk_addr_r=0x88080000
rdaddr=0x88080000
scsidevs=0
serverip=192.168.0.1
soc=omap5
stderr=serial
stdin=serial
stdout=serial
usbethaddr=02:21:03:ff:09:60
usbtty=cdc_acm
vendor=ti
ver=U-Boot 2014.07-00071-gaca0808 (Oct 02 2014 - 11:23:17)
vram=16M
Environment size: 2200/131067 bytes
U-Boot# 
- 07:10:05 [INFO] Host: setenv bootargs ''${bootargs}' root=PARTUUID=00000000-02 rw rootfstype=ext4 rootwait '
- 07:10:05 [INFO] Target: 
setenv bootargs ''${bootargs}' root=PARTUUID=00000000-02 rw rootfstype=ext4 rootwait '
U-Boot# 
- 07:10:05 [INFO] Host: printenv
- 07:10:06 [INFO] Target: 
printenv
arch=arm
autoload=no
baudrate=115200
board=omap5_uevm
board_name=omap5_uevm
bootargs=console=ttyO2,115200n8 earlyprintk rootwait  ip=dhcp  root=PARTUUID=00000000-02 rw rootfstype=ext4 rootwait 
bootcmd=
bootdelay=1
bootdir=/boot
bootfile=zImage
bootm_size=0x10000000
bootpart=0:2
bootscript=echo Running bootscript from mmc${mmcdev} ...; source ${loadaddr}
console=ttyO2,115200n8
cpu=armv7
dnsip=192.0.2.2
ethact=sms0
fdt_addr_r=0x88000000
fdtaddr=0x88000000
fdtfile=undefined
fileaddr=88000000
filesize=c47a
findfdt=if test $board_name = omap5_uevm; then setenv fdtfile omap5-uevm.dtb; fi; if test $board_name = dra7xx; then setenv fdtfile dra7-evm.dtb; fi;if test $board_name = dra72x; then setenv fdtfile dra72-evm.dtb; fi;if test $fdtfile = undefined; then echo WARNING: Could not determine device tree to use; fi; 
gatewayip=192.168.0.1
importbootenv=echo Importing environment from mmc${mmcdev} ...; env import -t ${loadaddr} ${filesize}
ipaddr=192.168.0.223
kernel_addr_r=0x82000000
loadaddr=0x82000000
loadbootenv=fatload mmc ${mmcdev} ${loadaddr} uEnv.txt
loadbootscript=fatload mmc ${mmcdev} ${loadaddr} boot.scr
loadfdt=load mmc ${bootpart} ${fdtaddr} ${bootdir}/${fdtfile};
loadimage=load mmc ${bootpart} ${loadaddr} ${bootdir}/${bootfile}
mmcargs=setenv bootargs console=${console} ${optargs} vram=${vram} root=${mmcroot} rootfstype=${mmcrootfstype}
mmcboot=mmc dev ${mmcdev}; if mmc rescan; then echo SD/MMC found on device ${mmcdev};if run loadbootenv; then echo Loaded environment from ${bootenv};run importbootenv;fi;if test -n $uenvcmd; then echo Running uenvcmd ...;run uenvcmd;fi;if run loadimage; then run loadfdt; echo Booting from mmc${mmcdev} ...; run mmcargs; bootz ${loadaddr} - ${fdtaddr}; fi;fi;
mmcdev=0
mmcroot=/dev/mmcblk1p2 rw
mmcrootfstype=ext4 rootwait
netmask=255.255.255.0
partitions=uuid_disk=${uuid_gpt_disk};name=rootfs,start=2MiB,size=-,uuid=${uuid_gpt_rootfs}
ramdisk_addr_r=0x88080000
rdaddr=0x88080000
scsidevs=0
serverip=192.168.0.1
soc=omap5
stderr=serial
stdin=serial
stdout=serial
usbethaddr=02:21:03:ff:09:60
usbtty=cdc_acm
vendor=ti
ver=U-Boot 2014.07-00071-gaca0808 (Oct 02 2014 - 11:23:17)
vram=16M
Environment size: 2255/131067 bytes
U-Boot# 
- 07:10:06 [INFO] Host: setenv bootcmd ''${bootcmd}' if iminfo ${loadaddr}; then bootm ${loadaddr} - ${fdt_addr_r}; else bootz ${loadaddr} - ${fdt_addr_r}; bootm ${loadaddr} - ${fdt_addr_r}; fi'
- 07:10:06 [INFO] Target: 
setenv bootcmd ''${bootcmd}' if iminfo ${loadaddr}; then bootm ${loadaddr} - ${fdt_addr_r}; else bootz ${loadaddr} - ${fdt_addr_r}; bootm ${loadaddr} - ${fdt_addr_r}; fi'
U-Boot# 
- 07:10:06 [INFO] Host: bdinfo
- 07:10:07 [INFO] Target: 
bdinfo
arch_number = 0x00000EC1
boot_params = 0x80000100
DRAM bank   = 0x00000000
-> start    = 0x80000000
-> size     = 0x7F000000
eth0name    = sms0
ethaddr     = (not set)
current eth = sms0
ip_addr     = 192.168.0.223
baudrate    = 115200 bps
TLB addr    = 0xFEFF0000
relocaddr   = 0xFEF61000
reloc off   = 0x7E761000
irq_sp      = 0xFDF40EE0
sp start    = 0xFDF40ED0
U-Boot# 
- 07:10:07 [INFO] Host: mmc rescan
- 07:10:07 [INFO] Target: 
mmc rescan
U-Boot# 
- 07:10:07 [INFO] Host: fatwrite mmc ${mmcdev}:1 ${loadaddr} ws-calibrate.rules 4
- 07:10:08 [INFO] Target: 
fatwrite mmc ${mmcdev}:1 ${loadaddr} ws-calibrate.rules 4
writing ws-calibrate.rules
4 bytes written
U-Boot# 
- 07:10:08 [INFO] Host: boot
- 07:10:28 [INFO] Target: 
boot
## Checking Image at 82000000 ...
Unknown image format!
Kernel image @ 0x82000000 [ 0x000000 - 0x585678 ]
## Flattened Device Tree blob at 88000000
   Booting using the fdt blob at 0x88000000
   Loading Device Tree to 8fff0000, end 8ffff479 ... OK
Starting kernel ...
[    0.000000] Booting Linux on physical CPU 0x0
[    0.000000] Linux version 3.19.0-rc6-next-20150128-00002-ga87fef0dc347 (nmenon@kahuna) (gcc version 4.6.3 (Ubuntu/Linaro 4.6.3-1ubuntu5) ) #1 SMP Wed Jan 28 06:06:42 CST 2015
[    0.000000] CPU: ARMv7 Processor [412fc0f2] revision 2 (ARMv7), cr=10c5387d
[    0.000000] CPU: PIPT / VIPT nonaliasing data cache, PIPT instruction cache
[    0.000000] Machine model: TI OMAP5 uEVM board
[    0.000000] cma: Reserved 64 MiB at 0xfa800000
[    0.000000] Memory policy: Data cache writealloc
[    0.000000] OMAP5432 ES2.0
[    0.000000] PERCPU: Embedded 11 pages/cpu @ee7ce000 s13056 r8192 d23808 u45056
[    0.000000] Built 1 zonelists in Zone order, mobility grouping on.  Total pages: 518416
[    0.000000] Kernel command line: console=ttyO2,115200n8 earlyprintk rootwait  ip=dhcp  root=PARTUUID=00000000-02 rw rootfstype=ext4 rootwait 
[    0.000000] PID hash table entries: 4096 (order: 2, 16384 bytes)
[    0.000000] Dentry cache hash table entries: 131072 (order: 7, 524288 bytes)
[    0.000000] Inode-cache hash table entries: 65536 (order: 6, 262144 bytes)
[    0.000000] Memory: 1984028K/2079744K available (7587K kernel code, 946K rwdata, 3136K rodata, 772K init, 307K bss, 30180K reserved, 65536K cma-reserved, 1235968K highmem)
[    0.000000] Virtual kernel memory layout:
[    0.000000]     vector  : 0xffff0000 - 0xffff1000   (   4 kB)
[    0.000000]     fixmap  : 0xffc00000 - 0xfff00000   (3072 kB)
[    0.000000]     vmalloc : 0xf0000000 - 0xff000000   ( 240 MB)
[    0.000000]     lowmem  : 0xc0000000 - 0xef800000   ( 760 MB)
[    0.000000]     pkmap   : 0xbfe00000 - 0xc0000000   (   2 MB)
[    0.000000]     modules : 0xbf000000 - 0xbfe00000   (  14 MB)
[    0.000000]       .text : 0xc0208000 - 0xc0c80f84   (10724 kB)
[    0.000000]       .init : 0xc0c81000 - 0xc0d42000   ( 772 kB)
[    0.000000]       .data : 0xc0d42000 - 0xc0e2e9e0   ( 947 kB)
[    0.000000]        .bss : 0xc0e2e9e0 - 0xc0e7b920   ( 308 kB)
[    0.000000] SLUB: HWalign=64, Order=0-3, MinObjects=0, CPUs=2, Nodes=1
[    0.000000] Hierarchical RCU implementation.
[    0.000000] 	Additional per-CPU info printed with stalls.
[    0.000000] 	RCU restricting CPUs from NR_CPUS=8 to nr_cpu_ids=2.
[    0.000000] RCU: Adjusting geometry for rcu_fanout_leaf=16, nr_cpu_ids=2
[    0.000000] NR_IRQS:16 nr_irqs:16 16
[    0.000000] OMAP clockevent source: timer1 at 32768 Hz
[    0.000000] sched_clock: 32 bits at 32kHz, resolution 30517ns, wraps every 65536000000000ns
[    0.000000] OMAP clocksource: 32k_counter at 32768 Hz
[    0.000396] Architected cp15 timer(s) running at 6.14MHz (virt).
[    0.000401] sched_clock: 56 bits at 6MHz, resolution 162ns, wraps every 2796202663936ns
[    0.000411] Switching to timer-based delay loop, resolution 162ns
[    0.003513] Console: colour dummy device 80x30
[    0.003531] Calibrating delay loop (skipped), value calculated using timer frequency.. 12.28 BogoMIPS (lpj=30720)
[    0.003542] pid_max: default: 32768 minimum: 301
[    0.003625] Mount-cache hash table entries: 2048 (order: 1, 8192 bytes)
[    0.003634] Mountpoint-cache hash table entries: 2048 (order: 1, 8192 bytes)
[    0.004080] CPU: Testing write buffer coherency: ok
[    0.004224] /cpus/cpu@0 missing clock-frequency property
[    0.004235] /cpus/cpu@1 missing clock-frequency property
[    0.004244] CPU0: thread -1, cpu 0, socket 0, mpidr 80000000
[    0.004281] Setting up static identity map for 0x8092c6e0 - 0x8092c778
[    0.006401] CPU1: thread -1, cpu 1, socket 0, mpidr 80000001
[    0.006454] Brought up 2 CPUs
[    0.006464] SMP: Total of 2 processors activated (24.57 BogoMIPS).
[    0.006470] CPU: All CPU(s) started in SVC mode.
[    0.006797] devtmpfs: initialized
[    0.007418] VFP support v0.3: implementor 41 architecture 4 part 30 variant f rev 0
[    0.007913] omap_hwmod: l3_main_3 using broken dt data from ocp
[    0.008347] omap_hwmod: l3_main_2 using broken dt data from ocp
[    0.071866] pinctrl core: initialized pinctrl subsystem
[    0.084886] NET: Registered protocol family 16
[    0.086519] DMA: preallocated 256 KiB pool for atomic coherent allocations
[    0.100468] cpuidle: using governor ladder
[    0.115482] cpuidle: using governor menu
[    0.118896] OMAP GPIO hardware version 0.1
[    0.122237] platform 50000000.gpmc: Cannot lookup hwmod 'gpmc'
[    0.122350] omap-gpmc 50000000.gpmc: _od_fail_runtime_resume: FIXME: missing hwmod/omap_dev info
[    0.122361] omap-gpmc 50000000.gpmc: GPMC revision 6.0
[    0.133816] No ATAGs?
[    0.133841] hw-breakpoint: found 5 (+1 reserved) breakpoint and 4 watchpoint registers.
[    0.133849] hw-breakpoint: maximum watchpoint size is 8 bytes.
[    0.134930] OMAP DMA hardware revision 0.0
[    0.137332] Serial: AMBA PL011 UART driver
[    0.166766] omap-dma-engine 4a056000.dma-controller: OMAP DMA engine driver
[    0.169641] vgaarb: loaded
[    0.170143] SCSI subsystem initialized
[    0.170510] usbcore: registered new interface driver usbfs
[    0.170574] usbcore: registered new interface driver hub
[    0.170617] usbcore: registered new device driver usb
[    0.170841] usb_phy_generic hsusb2_phy: Error requesting RESET GPIO
[    0.170855] usb_phy_generic: probe of hsusb2_phy failed with error -2
[    0.170887] usb_phy_generic hsusb3_phy: Error requesting RESET GPIO
[    0.170899] usb_phy_generic: probe of hsusb3_phy failed with error -2
[    0.171363] omap_i2c 48070000.i2c: could not find pctldev for node /ocp/pinmux@4a002840/pinmux_i2c1_pins, deferring probe
[    0.171375] platform 48070000.i2c: Driver omap_i2c requests probe deferral
[    0.171643] omap_i2c 48072000.i2c: bus 1 rev0.12 at 100 kHz
[    0.171891] omap_i2c 48060000.i2c: bus 2 rev0.12 at 100 kHz
[    0.172128] omap_i2c 4807a000.i2c: bus 3 rev0.12 at 100 kHz
[    0.172163] omap_i2c 4807c000.i2c: could not find pctldev for node /ocp/pinmux@4a002840/pinmux_i2c5_pins, deferring probe
[    0.172174] platform 4807c000.i2c: Driver omap_i2c requests probe deferral
[    0.172683] Linux video capture interface: v2.00
[    0.172716] pps_core: LinuxPPS API ver. 1 registered
[    0.172722] pps_core: Software ver. 5.3.6 - Copyright 2005-2007 Rodolfo Giometti <giometti@linux.it>
[    0.172742] PTP clock support registered
[    0.172950] EDAC MC: Ver: 3.0.0
[    0.173335] Advanced Linux Sound Architecture Driver Initialized.
[    0.174108] Switched to clocksource arch_sys_counter
[    0.181600] NET: Registered protocol family 2
[    0.182008] TCP established hash table entries: 8192 (order: 3, 32768 bytes)
[    0.182070] TCP bind hash table entries: 8192 (order: 4, 65536 bytes)
[    0.182201] TCP: Hash tables configured (established 8192 bind 8192)
[    0.182240] TCP: reno registered
[    0.182250] UDP hash table entries: 512 (order: 2, 16384 bytes)
[    0.182279] UDP-Lite hash table entries: 512 (order: 2, 16384 bytes)
[    0.182403] NET: Registered protocol family 1
[    0.182586] RPC: Registered named UNIX socket transport module.
[    0.182592] RPC: Registered udp transport module.
[    0.182598] RPC: Registered tcp transport module.
[    0.182603] RPC: Registered tcp NFSv4.1 backchannel transport module.
[    0.207644] hw perfevents: enabled with armv7_cortex_a15 PMU driver, 7 counters available
[    0.209327] futex hash table entries: 512 (order: 3, 32768 bytes)
[    0.218031] squashfs: version 4.0 (2009/01/31) Phillip Lougher
[    0.218592] NFS: Registering the id_resolver key type
[    0.218615] Key type id_resolver registered
[    0.218621] Key type id_legacy registered
[    0.218677] ntfs: driver 2.1.31 [Flags: R/O].
[    0.219550] bounce: pool size: 64 pages
[    0.219713] Block layer SCSI generic (bsg) driver version 0.4 loaded (major 249)
[    0.219728] io scheduler noop registered
[    0.219740] io scheduler deadline registered
[    0.219895] io scheduler cfq registered (default)
[    0.224998] pinctrl-single 4a002840.pinmux: 219 pins at pa fc002840 size 438
[    0.225163] pinctrl-single 4ae0c840.pinmux: 28 pins at pa fce0c840 size 56
[    0.272684] Serial: 8250/16550 driver, 4 ports, IRQ sharing disabled
[    0.274822] msm_serial: driver initialized
[    0.275353] omap_uart 4806a000.serial: no wakeirq for uart0
[    0.275435] 4806a000.serial: ttyO0 at MMIO 0x4806a000 (irq = 306, base_baud = 3000000) is a OMAP UART0
[    0.275685] omap_uart 4806c000.serial: no wakeirq for uart0
[    0.275753] 4806c000.serial: ttyO1 at MMIO 0x4806c000 (irq = 307, base_baud = 3000000) is a OMAP UART1
[    0.276010] omap_uart 48020000.serial: no wakeirq for uart0
[    0.276076] 48020000.serial: ttyO2 at MMIO 0x48020000 (irq = 308, base_baud = 3000000) is a OMAP UART2
[    1.072795] console [ttyO2] enabled
[    1.076699] omap_uart 4806e000.serial: no wakeirq for uart0
[    1.082616] 4806e000.serial: ttyO3 at MMIO 0x4806e000 (irq = 309, base_baud = 3000000) is a OMAP UART3
[    1.092635] omap_uart 48066000.serial: no wakeirq for uart0
[    1.098538] 48066000.serial: ttyO4 at MMIO 0x48066000 (irq = 310, base_baud = 3000000) is a OMAP UART4
[    1.108534] omap_uart 48068000.serial: no wakeirq for uart0
[    1.114435] 48068000.serial: ttyO5 at MMIO 0x48068000 (irq = 311, base_baud = 3000000) is a OMAP UART5
[    1.124500] STMicroelectronics ASC driver initialized
[    1.131158] [drm] Initialized drm 1.1.0 20060810
[    1.141682] loop: module loaded
[    1.146308] ahci 4a140000.sata: SSS flag set, parallel bus scan disabled
[    1.153343] ahci 4a140000.sata: AHCI 0001.0300 32 slots 1 ports 3 Gbps 0x1 impl platform mode
[    1.162273] ahci 4a140000.sata: flags: 64bit ncq sntf stag pm led clo only pmp pio slum part ccc apst 
[    1.172716] scsi host0: ahci_platform
[    1.176786] ata1: SATA max UDMA/133 mmio [mem 0x4a140000-0x4a1410ff] port 0x100 irq 338
[    1.189638] CAN device driver interface
[    1.194739] igb: Intel(R) Gigabit Ethernet Network Driver - version 5.2.15-k
[    1.202114] igb: Copyright (c) 2007-2014 Intel Corporation.
[    1.209592] pegasus: v0.9.3 (2013/04/25), Pegasus/Pegasus II USB Ethernet driver
[    1.217371] usbcore: registered new interface driver pegasus
[    1.223350] usbcore: registered new interface driver asix
[    1.229038] usbcore: registered new interface driver ax88179_178a
[    1.235459] usbcore: registered new interface driver cdc_ether
[    1.241617] usbcore: registered new interface driver smsc75xx
[    1.247691] usbcore: registered new interface driver smsc95xx
[    1.253744] usbcore: registered new interface driver net1080
[    1.259706] usbcore: registered new interface driver cdc_subset
[    1.265941] usbcore: registered new interface driver zaurus
[    1.271840] usbcore: registered new interface driver cdc_ncm
[    1.278799] ehci_hcd: USB 2.0 'Enhanced' Host Controller (EHCI) Driver
[    1.285637] ehci-pci: EHCI PCI platform driver
[    1.290326] ehci-platform: EHCI generic platform driver
[    1.295987] ehci-omap: OMAP-EHCI Host Controller driver
[    1.313718] ehci-omap 4a064c00.ehci: EHCI Host Controller
[    1.319389] ehci-omap 4a064c00.ehci: new USB bus registered, assigned bus number 1
[    1.327454] ehci-omap 4a064c00.ehci: irq 406, io mem 0x4a064c00
[    1.339121] ehci-omap 4a064c00.ehci: USB 2.0 started, EHCI 1.00
[    1.345923] hub 1-0:1.0: USB hub found
[    1.349887] hub 1-0:1.0: 3 ports detected
[    1.354527] ehci-orion: EHCI orion driver
[    1.358857] SPEAr-ehci: EHCI SPEAr driver
[    1.363189] ehci-st: EHCI STMicroelectronics driver
[    1.368431] ehci-exynos: EHCI EXYNOS driver
[    1.372968] tegra-ehci: Tegra EHCI driver
[    1.377323] ohci_hcd: USB 1.1 'Open' Host Controller (OHCI) Driver
[    1.383801] ohci-pci: OHCI PCI platform driver
[    1.388491] ohci-platform: OHCI generic platform driver
[    1.394125] ohci-omap3: OHCI OMAP3 driver
[    1.398465] ohci-omap3 4a064800.ohci: OHCI Host Controller
[    1.404218] ohci-omap3 4a064800.ohci: new USB bus registered, assigned bus number 2
[    1.412308] ohci-omap3 4a064800.ohci: irq 405, io mem 0x4a064800
[    1.489682] hub 2-0:1.0: USB hub found
[    1.493626] hub 2-0:1.0: 3 ports detected
[    1.498230] SPEAr-ohci: OHCI SPEAr driver
[    1.502577] ohci-st: OHCI STMicroelectronics driver
[    1.508186] usbcore: registered new interface driver usb-storage
[    1.516090] mousedev: PS/2 mouse device common for all mice
[    1.519125] ata1: SATA link down (SStatus 0 SControl 300)
[    1.530586] i2c /dev entries driver
[    1.535918] usbcore: registered new interface driver uvcvideo
[    1.541940] USB Video Class driver (1.1.1)
[    1.546238] gspca_main: v2.14.0 registered
[    1.554044] Driver 'mmcblk' needs updating - please use bus_type methods
[    1.561106] sdhci: Secure Digital Host Controller Interface driver
[    1.567568] sdhci: Copyright(c) Pierre Ossman
[    1.573065] omap_hsmmc 4809c000.mmc: unable to get vmmc regulator -517
[    1.579941] platform 4809c000.mmc: Driver omap_hsmmc requests probe deferral
[    1.614316] 480ad000.mmc supply vmmc not found, using dummy regulator
[    1.621207] omap_hsmmc 480ad000.mmc: could not set regulator OCR (-22)
[    1.654411] Synopsys Designware Multimedia Card Interface Driver
[    1.661554] sdhci-pltfm: SDHCI platform and OF driver helper
[    1.668968] ledtrig-cpu: registered to indicate activity on CPUs
[    1.675426] usbcore: registered new interface driver usbhid
[    1.681269] usbhid: USB HID core driver
[    1.686085] mmc0: BKOPS_EN bit is not set
[    1.688500] usbcore: registered new interface driver snd-usb-audio
[    1.691091] TCP: cubic registered
[    1.691102] NET: Registered protocol family 17
[    1.691122] can: controller area network core (rev 20120528 abi 9)
[    1.691175] NET: Registered protocol family 29
[    1.691186] can: raw protocol (rev 20120528)
[    1.691195] can: broadcast manager protocol (rev 20120528 t)
[    1.691208] can: netlink gateway (rev 20130117) max_hops=1
[    1.691549] Key type dns_resolver registered
[    1.691697] omap_vc_init_channel: No PMIC info for vdd_core
[    1.691700] omap_vp_init: No PMIC info for vdd_core
[    1.691704] omap_vc_init_channel: No PMIC info for vdd_mm
[    1.691706] omap_vp_init: No PMIC info for vdd_mm
[    1.691710] omap_vc_init_channel: No PMIC info for vdd_mpu
[    1.691712] omap_vp_init: No PMIC info for vdd_mpu
[    1.692024] platform cpufreq-dt.0: Driver cpufreq-dt requests probe deferral
[    1.692157] Power Management for TI OMAP4+ devices.
[    1.692287] ThumbEE CPU extension supported.
[    1.692300] Registering SWP/SWPB emulation handler
[    1.700056] palmas 0-0048: Irq flag is 0x00000000
[    1.796713] palmas 0-0048: Muxing GPIO 2, PWM 0, LED 0
[    1.804378] mmc0: new high speed MMC card at address 0001
[    1.810318] mmcblk0: mmc0:0001 SEM04G 3.68 GiB 
[    1.815171] mmcblk0boot0: mmc0:0001 SEM04G partition 1 2.00 MiB
[    1.821448] mmcblk0boot1: mmc0:0001 SEM04G partition 2 2.00 MiB
[    1.828426]  mmcblk0: p1
[    1.856359] omap_i2c 48070000.i2c: bus 0 rev0.12 at 400 kHz
[    1.879780] omap_i2c 4807c000.i2c: bus 4 rev0.12 at 400 kHz
[    1.916426] drivers/rtc/hctosys.c: unable to open rtc device (rtc0)
[    1.984130] mmc2: host does not support reading read-only switch, assuming write-enable
[    1.997548] mmc2: new high speed SDHC card at address e624
[    2.003471] mmcblk1: mmc2:e624 SU04G 3.69 GiB 
[    2.010612]  mmcblk1: p1 p2 p3
[   13.984394] ldo8: disabling
[   13.988003] ldo3: disabling
[   13.991965] ALSA device list:
[   13.995083]   No soundcards found.
[   14.015904] EXT4-fs (mmcblk1p2): mounted filesystem with ordered data mode. Opts: (null)
[   14.024422] VFS: Mounted root (ext4 filesystem) on device 179:50.
[   14.038421] devtmpfs: mounted
[   14.041959] Freeing unused kernel memory: 772K (c0c81000 - c0d42000)
INIT: version 2.88 booting
Error opening /dev/fb0: No such file or directory
Starting udev
[   14.414316] udevd[90]: starting version 182
[   15.586050] EXT4-fs (mmcblk0p1): warning: mounting unchecked fs, running e2fsck is recommended
[   15.596942] EXT4-fs (mmcblk0p1): mounted filesystem without journal. Opts: (null)
[   15.641946] FAT-fs (mmcblk1p1): Volume was not properly unmounted. Some data may be corrupt. Please run fsck.
[   15.680933] EXT4-fs (mmcblk1p3): mounted filesystem with ordered data mode. Opts: (null)
Starting Bootlog daemon: bootlogd.
[   15.755228] EXT4-fs (mmcblk1p2): re-mounted. Opts: data=ordered
[   15.783417] random: dd urandom read with 67 bits of entropy available
ALSA: Restoring mixer settings...
Configuring network interfaces... /usr/sbin/alsactl: load_state:1696: No soundcards found...
ifconfig: SIOCGIFFLAGS: No such device
done.
hwclock: can't open '/dev/misc/rtc': No such file or directory
Tue Oct 28 09:50:00 UTC 2014
hwclock: can't open '/dev/misc/rtc': No such file or directory
INIT: Entering runlevel: 5
Starting system message bus: dbus.
Starting Dropbear SSH server: dropbear.
Starting telnet daemon.
hwclock: can't open '/dev/misc/rtc': No such file or directory
Starting syslogd/klogd: done
Starting thttpd.
Starting Lighttpd Web Server: 2014-10-28 09:50:00: (log.c.166) server started 
lighttpd.
Starting Matrix GUI application.
[   17.740639] random: nonblocking pool is initialized
***************************************************************
***************************************************************
NOTICE: This file system contains the followin GPLv3 packages:
	binutils-symlinks
	binutils
	gdbserver
	parted
If you do not wish to distribute GPLv3 components please remove
the above packages prior to distribution.  This can be done using
the opkg remove command.  i.e.:
    opkg remove <package>
Where <package> is the name printed in the list above
NOTE: If the package is a dependency of another package you
      will be notified of the dependent packages.  You should
      use the --force-removal-of-dependent-packages option to
      also remove the dependent packages as well
***************************************************************
***************************************************************
Stopping Bootlog daemon: bootlogd.
 _____                    _____           _         _   
|  _  |___ ___ ___ ___   |  _  |___ ___  |_|___ ___| |_ 
|     |  _| .'| . | . |  |   __|  _| . | | | -_|  _|  _|
|__|__|_| |__,|_  |___|  |__|  |_| |___|_| |___|___|_|  
              |___|                    |___|            
Arago Project http://arago-project.org omap5-evm ttyO2
Arago 2013.12 omap5-evm ttyO2
omap5-evm login: 
- 07:10:28 [INFO] Host: root
- 07:10:28 [INFO] Target: 
root
root@omap5-evm:~# 
- 07:10:28 [INFO] Host: uname -a
- 07:10:29 [INFO] Target: 
uname -a
Linux omap5-evm 3.19.0-rc6-next-20150128-00002-ga87fef0dc347 #1 SMP Wed Jan 28 06:06:42 CST 2015 armv7l GNU/Linux
root@omap5-evm:~# 
- 07:10:29 [INFO] Host: cat /proc/cmdline
- 07:10:29 [INFO] Target: 
cat /proc/cmdline
console=ttyO2,115200n8 earlyprintk rootwait  ip=dhcp  root=PARTUUID=00000000-02 rw rootfstype=ext4 rootwait 
root@omap5-evm:~# 
- 07:10:29 [INFO] Host: uname -a
- 07:10:30 [INFO] Target: 
uname -a
Linux omap5-evm 3.19.0-rc6-next-20150128-00002-ga87fef0dc347 #1 SMP Wed Jan 28 06:06:42 CST 2015 armv7l GNU/Linux
root@omap5-evm:~# 
- 07:10:30 [INFO] Host: cat /proc/mtd
- 07:10:30 [INFO] Target: 
cat /proc/mtd
dev:    size   erasesize  name
root@omap5-evm:~# 
- 07:10:35 [INFO] Host: export IPERFHOST=192.168.0.1
- 07:10:35 [INFO] Target: 
export IPERFHOST=192.168.0.1
root@omap5-evm:~# 
- 07:10:35 [INFO] Host: export NFS_SERVER=192.168.0.1
- 07:10:36 [INFO] Target: 
export NFS_SERVER=192.168.0.1
root@omap5-evm:~# 
- 07:10:36 [INFO] Host: export NFS_ROOT_PATH=/home/tigtfarm06/NFS_exports/linux/omap5-evm
- 07:10:36 [INFO] Target: 
export NFS_ROOT_PATH=/home/tigtfarm06/NFS_exports/linux/omap5- 
root@omap5-evm:~# 
- 07:10:36 [INFO] Host: mkdir -p -m 777 /test
- 07:10:37 [INFO] Target: 
mkdir -p -m 777 /test
root@omap5-evm:~# 
- 07:10:37 [INFO] Host: cd /test
- 07:10:37 [INFO] Target: 
cd /test
root@omap5-evm:/test# 
- 07:10:37 [INFO] Host: cat > test.sh << EOF
- 07:10:38 [INFO] Target: 
cat > test.sh << EOF
- 07:10:38 [INFO] Host: failtest() {
- 07:10:38 [INFO] Target: 
failtest() {
- 07:10:38 [INFO] Host:   echo 1 >&3
- 07:10:39 [INFO] Target: 
  echo 1 >&3
- 07:10:39 [INFO] Host: }
- 07:10:39 [INFO] Target: 
- 07:10:39 [INFO] Host: timeout=600
- 07:10:40 [INFO] Target: 
timeout=600
- 07:10:40 [INFO] Host: 
- 07:10:40 [INFO] Target: 
- 07:10:40 [INFO] Host: # Start of user's script logic
- 07:10:41 [INFO] Target: 
# Start of user's script logic
- 07:10:41 [INFO] Host: 
- 07:10:41 [INFO] Target: 
- 07:10:41 [INFO] Host: 
- 07:10:42 [INFO] Target: 
- 07:10:42 [INFO] Host: mount -t proc proc /proc 2>/dev/null;
- 07:10:42 [INFO] Target: 
mount -t proc proc /proc 2>/dev/null;
- 07:10:42 [INFO] Host: 
- 07:10:43 [INFO] Target: 
- 07:10:43 [INFO] Host: mount -t sysfs sys /sys 2>/dev/null;
- 07:10:43 [INFO] Target: 
mount -t sysfs sys /sys 2>/dev/null;
- 07:10:43 [INFO] Host: 
- 07:10:44 [INFO] Target: 
- 07:10:44 [INFO] Host: mount -t debugfs none /sys/kernel/debug 2>/dev/null;
- 07:10:44 [INFO] Target: 
mount -t debugfs none /sys/kernel/debug 2>/dev/null;
- 07:10:44 [INFO] Host: 
- 07:10:45 [INFO] Target: 
- 07:10:45 [INFO] Host: echo 'cpuinfo:';cat /proc/cpuinfo; echo '=======';
- 07:10:45 [INFO] Target: 
echo 'cpuinfo:';cat /proc/cpuinfo; echo '=======';
- 07:10:45 [INFO] Host: 
- 07:10:46 [INFO] Target: 
- 07:10:46 [INFO] Host: echo 'soc info:';head /sys/devices/soc0/* 2>/dev/null; echo '=======';
- 07:10:46 [INFO] Target: 
echo 'soc info:';head /sys/devices/soc0/* 2>/dev/null; echo '=======';
- 07:10:46 [INFO] Host: 
- 07:10:47 [INFO] Target: 
- 07:10:47 [INFO] Host: echo 'DT Model info'; head /proc/device-tree/name /proc/device-tree/model /proc/device-tree/compatible 2>/dev/null;echo; echo '=======';
- 07:10:47 [INFO] Target: 
echo 'DT Model info'; head /proc/device-tree/name /proc/device-tree/model /pro 
c/device-tree/compatible 2>/dev/null;echo; echo '=======';
- 07:10:47 [INFO] Host: 
- 07:10:48 [INFO] Target: 
- 07:10:48 [INFO] Host: echo 'interrupts:';cat /proc/interrupts; echo '=======';
- 07:10:48 [INFO] Target: 
echo 'interrupts:';cat /proc/interrupts; echo '=======';
- 07:10:48 [INFO] Host: 
- 07:10:49 [INFO] Target: 
- 07:10:49 [INFO] Host: echo 'Clk_summary:';cat /sys/kernel/debug/clk/clk_summary; echo '=======';
- 07:10:49 [INFO] Target: 
echo 'Clk_summary:';cat /sys/kernel/debug/clk/clk_summary; echo '=======';
- 07:10:49 [INFO] Host: 
- 07:10:50 [INFO] Target: 
- 07:10:50 [INFO] Host: echo 'Orphan Clks:';ls /sys/kernel/debug/clk/orphans/; echo '=======';
- 07:10:50 [INFO] Target: 
echo 'Orphan Clks:';ls /sys/kernel/debug/clk/orphans/; echo '=======';
- 07:10:50 [INFO] Host: 
- 07:10:51 [INFO] Target: 
- 07:10:51 [INFO] Host: echo "Available frequencies"; cat /sys/devices/system/cpu/cpu0/cpufreq/scaling_available_frequencies 2>/dev/null;echo '=======';
- 07:10:51 [INFO] Target: 
echo "Available frequencies"; cat /sys/devices/system/cpu/cpu0/cpufreq/scaling 
_available_frequencies 2>/dev/null;echo '=======';
- 07:10:51 [INFO] Host: 
- 07:10:52 [INFO] Target: 
- 07:10:52 [INFO] Host: echo 'H''ello World' 'B''oard Booted';
- 07:10:52 [INFO] Target: 
echo 'H''ello World' 'B''oard Booted';
- 07:10:52 [INFO] Host: 
- 07:10:53 [INFO] Target: 
- 07:10:53 [INFO] Host: EOF
- 07:10:53 [INFO] Target: 
root@omap5-evm:/test# 
- 07:10:53 [INFO] Host: cd /test
- 07:10:54 [INFO] Target: 
cd /test
root@omap5-evm:/test# 
- 07:10:54 [INFO] Host: chmod +x test.sh
- 07:10:54 [INFO] Target: 
chmod +x test.sh
root@omap5-evm:/test# 
- 07:10:54 [INFO] Host: ./test.sh 2> stderr.log > stdout.log 3> result.log
- 07:10:55 [INFO] Target: 
./test.sh 2> stderr.log > stdout.log 3> result.log
root@omap5-evm:/test# 
- 07:10:55 [INFO] Host: echo $?
- 07:10:55 [INFO] Target: 
echo $?
root@omap5-evm:/test# 
- 07:10:55 [INFO] Host: cd /test
- 07:10:56 [INFO] Target: 
cd /test
root@omap5-evm:/test# 
- 07:10:56 [INFO] Host: cat stdout.log
- 07:10:57 [INFO] Target: 
cat stdout.log
cpuinfo:
processor	: 0
model name	: ARMv7 Processor rev 2 (v7l)
BogoMIPS	: 12.28
Features	: half thumb fastmult vfp edsp thumbee neon vfpv3 tls vfpv4 idiva idivt vfpd32 lpae evtstrm 
CPU implementer	: 0x41
CPU architecture: 7
CPU variant	: 0x2
CPU part	: 0xc0f
CPU revision	: 2
processor	: 1
model name	: ARMv7 Processor rev 2 (v7l)
BogoMIPS	: 12.28
Features	: half thumb fastmult vfp edsp thumbee neon vfpv3 tls vfpv4 idiva idivt vfpd32 lpae evtstrm 
CPU implementer	: 0x41
CPU architecture: 7
CPU variant	: 0x2
CPU part	: 0xc0f
CPU revision	: 2
Hardware	: Generic OMAP5 (Flattened Device Tree)
Revision	: 0000
Serial		: 0000000000000000
=======
soc info:
==> /sys/devices/soc0/family <==
OMAP5
==> /sys/devices/soc0/machine <==
OMAP5432
==> /sys/devices/soc0/power <==
==> /sys/devices/soc0/revision <==
ES2.0
==> /sys/devices/soc0/subsystem <==
==> /sys/devices/soc0/type <==
==> /sys/devices/soc0/uevent <==
=======
DT Model info
==> /proc/device-tree/name <==
==> /proc/device-tree/model <==
TI OMAP5 uEVM board
==> /proc/device-tree/compatible <==
ti,omap5-uevmti,omap5
=======
interrupts:
           CPU0       CPU1       
 16:          0          0       GIC  69  gp_timer
 19:       1682       1379       GIC  27  arch_timer
 23:          0          0       GIC  41  l3-dbg-irq
 24:          0          0       GIC  42  l3-app-irq
 26:          0          0       GIC  44  DMA
 27:       3630          0       GIC  45  omap-dma-engine
294:          0          0       GIC  52  gpmc
297:        603          0       GIC  88  48070000.i2c
298:          0          0       GIC  89  48072000.i2c
299:          0          0       GIC  93  48060000.i2c
300:          0          0       GIC  94  4807a000.i2c
301:          8          0       GIC  92  4807c000.i2c
308:       4894          0       GIC 106  OMAP UART2
312:       4837          0       GIC 115  mmc2
313:        795          0       GIC 118  mmc0
314:         13          0       GIC 126  mmc1
338:          0          0       GIC  86  4a140000.sata
350:          0          0      PRCM  pinctrl, pinctrl
405:          1          0       GIC 108  ohci_hcd:usb2
406:          0          0       GIC 109  ehci_hcd:usb1
407:          1          0       GIC  39  palmas
IPI0:          0          1  CPU wakeup interrupts
IPI1:          0          0  Timer broadcast interrupts
IPI2:        974       2357  Rescheduling interrupts
IPI3:          0          0  Function call interrupts
IPI4:         20         16  Single function call interrupts
IPI5:          0          0  CPU stop interrupts
IPI6:          0          0  IRQ work interrupts
IPI7:          0          0  completion interrupts
Err:          0
=======
Clk_summary:
   clock                         enable_cnt  prepare_cnt        rate   accuracy   phase
----------------------------------------------------------------------------------------
 dummy_ck                                 0            0           0          0 0  
 xclk60mhsp2_ck                           0            0    60000000          0 0  
 xclk60mhsp1_ck                           0            0    60000000          0 0  
 virt_38400000_ck                         0            0    38400000          0 0  
 virt_27000000_ck                         0            0    27000000          0 0  
 virt_26000000_ck                         0            0    26000000          0 0  
 virt_19200000_ck                         1            1    19200000          0 0  
    sys_clkin                             6           13    19200000          0 0  
       auxclk4_src_ck                     0            0    19200000          0 0  
          auxclk4_ck                      0            0     9600000          0 0  
       auxclk3_src_ck                     0            0    19200000          0 0  
          auxclk3_ck                      0            0    19200000          0 0  
             auxclkreq3_ck                0            0    19200000          0 0  
       auxclk2_src_ck                     0            0    19200000          0 0  
          auxclk2_ck                      0            0    19200000          0 0  
             auxclkreq2_ck                0            0    19200000          0 0  
       auxclk1_src_ck                     0            0    19200000          0 0  
          auxclk1_ck                      0            0    19200000          0 0  
             auxclkreq1_ck                0            0    19200000          0 0  
       auxclk0_src_ck                     0            0    19200000          0 0  
          auxclk0_ck                      0            0    19200000          0 0  
             auxclkreq0_ck                0            0    19200000          0 0  
       wkupaon_iclk_mux                   7            8    19200000          0 0  
          l3instr_ts_gclk_div             0            0    19200000          0 0  
       timer9_gfclk_mux                   0            1    19200000          0 0  
       timer4_gfclk_mux                   0            1    19200000          0 0  
       timer3_gfclk_mux                   0            1    19200000          0 0  
       timer2_gfclk_mux                   0            1    19200000          0 0  
       timer11_gfclk_mux                  0            1    19200000          0 0  
       timer10_gfclk_mux                  0            1    19200000          0 0  
       sata_ref_clk                       1            1    19200000          0 0  
       dpll_usb_ck                        2            2   960000000          0 0  
          dpll_usb_m2_ck                  3            3   480000000          0 0  
             usb_host_hs_hsic480m_p3_clk           1            1   480000000          0 0  
             usb_host_hs_hsic480m_p2_clk           1            1   480000000          0 0  
             usb_host_hs_hsic480m_p1_clk           0            0   480000000          0 0  
             l3init_60m_fclk              7            7    60000000          0 0  
                usb_tll_hs_usb_ch2_clk           1            1    60000000          0 0  
                usb_tll_hs_usb_ch1_clk           1            1    60000000          0 0  
                usb_tll_hs_usb_ch0_clk           0            0    60000000          0 0  
                usb_host_hs_utmi_p3_clk           1            1    60000000          0 0  
                utmi_p2_gfclk             1            1    60000000          0 0  
                   usb_host_hs_utmi_p2_clk           1            1    60000000          0 0  
                utmi_p1_gfclk             0            0    60000000          0 0  
                   usb_host_hs_utmi_p1_clk           0            0    60000000          0 0  
                usb_host_hs_hsic60m_p3_clk           1            1    60000000          0 0  
                usb_host_hs_hsic60m_p2_clk           1            1    60000000          0 0  
                usb_host_hs_hsic60m_p1_clk           0            0    60000000          0 0  
          dpll_usb_clkdcoldo              1            1   960000000          0 0  
             usb_otg_ss_refclk960m           1            3   960000000          0 0  
       dpll_unipro2_ck                    0            0    19200000          0 0  
          dpll_unipro2_m2_ck              0            0    19200000          0 0  
          dpll_unipro2_clkdcoldo           0            0    19200000          0 0  
       dpll_unipro1_ck                    0            0    19200000          0 0  
          dpll_unipro1_m2_ck              0            0    19200000          0 0  
             lli_txphy_ls_clk             0            0    19200000          0 0  
          dpll_unipro1_clkdcoldo           0            0    19200000          0 0  
             lli_txphy_clk                0            0    19200000          0 0  
       dpll_per_ck                        1            1   384000000          0 0  
          dpll_per_m2_ck                  0            0    96000000          0 0  
             func_24m_clk                 0            0    24000000          0 0  
          dpll_per_x2_ck                  1            2   768000000          0 0  
             dpll_per_m3x2_ck             0            0   256000000          0 0  
             dpll_per_m2x2_ck             1            4   192000000          0 0  
                mmc2_fclk_mux             0            1   192000000          0 0  
                   mmc2_fclk              0            1    96000000          0 0  
                mmc1_fclk_mux             0            1   192000000          0 0  
                   mmc1_fclk              0            1    96000000          0 0  
                hsi_fclk                  0            0   192000000          0 0  
                func_96m_fclk             0            6    96000000          0 0  
                   iss_ctrlclk            0            0    96000000          0 0  
                func_48m_fclk             7           14    48000000          0 0  
                   dss_48mhz_clk           0            2    48000000          0 0  
                func_12m_fclk             0            0    12000000          0 0  
             dpll_per_h14x2_ck            0            0   384000000          0 0  
             dpll_per_h12x2_ck            0            1   192000000          0 0  
                dss_dss_clk               0            4   192000000          0 0  
             dpll_per_h11x2_ck            0            0   256000000          0 0  
                fdif_fclk                 0            0   256000000          0 0  
                func_128m_clk             0            0   128000000          0 0  
       dpll_mpu_ck                        1            1  1000000000          0 0  
          dpll_mpu_m2_ck                  1            1  1000000000          0 0  
       dpll_core_ck                       1            1  1063680000          0 0  
          dpll_core_m2_ck                 0            0   531840000          0 0  
          dpll_core_x2_ck                 3            4  2127360000          0 0  
             dpll_core_m3x2_ck            0            0   425472000          0 0  
             dpll_core_h24x2_ck           0            0   354560000          0 0  
             dpll_core_h23x2_ck           0            0   303908572          0 0  
             dpll_core_h22x2_ck           0            1   425472000          0 0  
             dpll_core_h14x2_ck           0            0    33767620          0 0  
                gpu_hyd_gclk_mux           0            0    33767620          0 0  
                gpu_core_gclk_mux           0            0    33767620          0 0  
             dpll_core_h13x2_ck           1            2    34312259          0 0  
             dpll_core_h12x2_ck           1            2   531840000          0 0  
                l3_iclk_div              23           25   265920000          0 0  
                   l4_root_clk_div          44           50   132960000          0 0  
                   gpu_l3_iclk            0            0   265920000          0 0  
                mpu_dpll_hs_clk_div           0            0   531840000          0 0  
                iva_dpll_hs_clk_div           0            1   531840000          0 0  
                   dpll_iva_ck            0            1   531840000          0 0  
                      dpll_iva_x2_ck           0            1   531840000          0 0  
                         dpll_iva_h12x2_ck           0            0   531840000          0 0  
                         dpll_iva_h11x2_ck           0            1   531840000          0 0  
             dpll_core_h11x2_ck           4            4   265920000          0 0  
             dpll_core_h21x2_ck           0            0   354560000          0 0  
                c2c_fclk                  0            0   354560000          0 0  
                   c2c_iclk               0            0   177280000          0 0  
       dss_syc_gfclk_div                  0            5    19200000          0 0  
          dss_sys_clk                     0            5    19200000          0 0  
          timer8_gfclk_mux                0            1    19200000          0 0  
          timer7_gfclk_mux                0            1    19200000          0 0  
          timer6_gfclk_mux                0            1    19200000          0 0  
          timer5_gfclk_mux                0            1    19200000          0 0  
       custefuse_sys_gfclk_div            0            0     9600000          0 0  
       abe_dpll_bypass_clk_mux            0            0    19200000          0 0  
 virt_16800000_ck                         0            0    16800000          0 0  
 virt_13000000_ck                         0            0    13000000          0 0  
 virt_12000000_ck                         0            0    12000000          0 0  
 sys_32k_ck                               3           15       32768          0 0  
    timer1_gfclk_mux                      1            1       32768          0 0  
    gpio1_dbclk                           0            1       32768          0 0  
    abe_dpll_clk_mux                      1            1       32768          0 0  
       dpll_abe_ck                        1            1    98304000          0 0  
          dpll_abe_x2_ck                  1            1   196608000          0 0  
             dpll_abe_m3x2_ck             0            0    98304000          0 0  
                usb_dpll_hs_clk_div           0            0    32768000          0 0  
                per_dpll_hs_clk_div           0            0    49152000          0 0  
             dpll_abe_m2x2_ck             1            2   196608000          0 0  
                abe_lp_clk_div            0            0    12288000          0 0  
                abe_clk                   1            1   196608000          0 0  
                   aess_fclk              1            1   196608000          0 0  
                      abe_iclk           11           11    98304000          0 0  
                abe_24m_fclk              0            4    24576000          0 0  
                   mcbsp3_sync_mux_ck           0            2    24576000          0 0  
                      mcbsp3_gfclk           0            1    24576000          0 0  
                   mcbsp2_sync_mux_ck           0            2    24576000          0 0  
                      mcbsp2_gfclk           0            1    24576000          0 0  
                   mcbsp1_sync_mux_ck           0            2    24576000          0 0  
                      mcbsp1_gfclk           0            1    24576000          0 0  
                   mcasp_sync_mux_ck           0            0    24576000          0 0  
                      mcasp_gfclk           0            0    24576000          0 0  
                   dmic_sync_mux_ck           0            1    24576000          0 0  
                      dmic_gfclk           0            1    24576000          0 0  
    usb_phy_cm_clk32k                     1            2       32768          0 0  
    mmc1_32khz_clk                        0            1       32768          0 0  
    gpio8_dbclk                           0            1       32768          0 0  
    gpio7_dbclk                           0            1       32768          0 0  
    gpio6_dbclk                           0            1       32768          0 0  
    gpio5_dbclk                           0            1       32768          0 0  
    gpio4_dbclk                           0            1       32768          0 0  
    gpio3_dbclk                           0            1       32768          0 0  
    gpio2_dbclk                           0            1       32768          0 0  
    dss_32khz_clk                         0            1       32768          0 0  
 slimbus_src_clk                          0            0    12000000          0 0  
    slimbus_clk                           0            0    12000000          0 0  
       slimbus1_slimbus_clk               0            0    12000000          0 0  
 secure_32k_clk_src_ck                    0            0       32768          0 0  
 pad_clks_src_ck                          0            1    12000000          0 0  
    pad_clks_ck                           0            4    12000000          0 0  
=======
Orphan Clks:
=======
Available frequencies
1000000 1500000 
=======
Hello World Board Booted
root@omap5-evm:/test# 
- 07:10:57 [INFO] Host: cat stderr.log
- 07:10:58 [INFO] Target: 
cat stderr.log
ls: /sys/kernel/debug/clk/orphans/: No such file or directory
root@omap5-evm:/test# 
- 07:10:58 [INFO] Host: cat result.log
- 07:11:00 [ERROR] On command: cat result.log waiting for cat result.log.+?(?m-ix:^1[\0\n\r]+) >>> error: execution expired
- 07:11:00 [INFO] Target: 
cat result.log
root@omap5-evm:/test# 
- 07:11:00 [INFO] Host: cd /test
- 07:11:00 [INFO] Target: 
cd /test
root@omap5-evm:/test# 
URL:gtsystest.telogy.design.ti.com/vatf/tigtfarm06/tigtfarm06_vatf@omap5-evm/tigtfarm0601_28_2015_07_09_20/files/session_iteration_1/test_1
