- 05:45:47 [INFO] Starting target session
- 05:45:47 [INFO] Connected to pandaboard-vanilla via serial 
- 05:45:47 [INFO] Host: #check prompt
- 05:45:50 [ERROR] On command: #check prompt waiting for (?-mix:((?-mix:.*\s+login)|[Pp]assword)) >>> error: execution expired
- 05:45:50 [INFO] Target: 
check prompt
Password: [259632.715179] ------------[ cut here ]------------
[259632.715179] WARNING: CPU: 0 PID: 0 at fs/dcache.c:255 __d_free+0x34/0x40()
[259632.727447] Modules linked in:
[259632.730773] CPU: 0 PID: 0 Comm: swapper/0 Tainted: G        W      3.18.0-rc3-next-20141103-00002-gb3eef83 #1
[259632.741241] [<c0215a84>] (unwind_backtrace) from [<c02114a0>] (show_stack+0x10/0x14)
[259632.749481] [<c02114a0>] (show_stack) from [<c087c860>] (dump_stack+0x70/0x8c)
[259632.755706] [<c087c860>] (dump_stack) from [<c02481ac>] (warn_slowpath_common+0x64/0x84)
[259632.765777] [<c02481ac>] (warn_slowpath_common) from [<c02481e8>] (warn_slowpath_null+0x1c/0x24)
[259632.775085] [<c02481e8>] (warn_slowpath_null) from [<c0306d68>] (__d_free+0x34/0x40)
[259632.780151] [<c0306d68>] (__d_free) from [<c0288d4c>] (rcu_process_callbacks+0x320/0x544)
[259632.791961] [<c0288d4c>] (rcu_process_callbacks) from [<c024b140>] (__do_softirq+0xec/0x238)
[259632.800903] [<c024b140>] (__do_softirq) from [<c024b51c>] (irq_exit+0xa8/0x114)
[259632.808654] [<c024b51c>] (irq_exit) from [<c027f2ec>] (__handle_domain_irq+0x58/0x9c)
[259632.816986] [<c027f2ec>] (__handle_domain_irq) from [<c020895c>] (gic_handle_irq+0x2c/0x6c)
[259632.825836] [<c020895c>] (gic_handle_irq) from [<c0212000>] (__irq_svc+0x40/0x54)
[259632.833740] Exception stack(0xc0c3bf48 to 0xc0c3bf90)
[259632.839141] bf40:                   00000000 c0c4b860 00000000 c0c4b860 7373e040 0000ec22
[259632.845153] bf60: eefafbf0 00000000 7327f923 0000ec22 c0c36be8 c0c4b860 00000010 c0c3bf90
[259632.856445] bf80: c070fb34 c070fb40 600f0113 ffffffff
[259632.861541] [<c0212000>] (__irq_svc) from [<c070fb40>] (cpuidle_enter_state+0x68/0x104)
[259632.870330] [<c070fb40>] (cpuidle_enter_state) from [<c02751c0>] (cpu_startup_entry+0x1b0/0x278)
[259632.879638] [<c02751c0>] (cpu_startup_entry) from [<c0b82bb8>] (start_kernel+0x32c/0x398)
[259632.888305] ---[ end trace 7f5258dfc3c33128 ]---
[259632.893249] ------------[ cut here ]------------
[259632.897064] WARNING: CPU: 0 PID: 0 at fs/dcache.c:255 __d_free+0x34/0x40()
[259632.905456] Modules linked in:
[259632.908752] CPU: 0 PID: 0 Comm: swapper/0 Tainted: G        W      3.18.0-rc3-next-20141103-00002-gb3eef83 #1
[259632.919219] [<c0215a84>] (unwind_backtrace) from [<c02114a0>] (show_stack+0x10/0x14)
[259632.925170] [<c02114a0>] (show_stack) from [<c087c860>] (dump_stack+0x70/0x8c)
[259632.935119] [<c087c860>] (dump_stack) from [<c02481ac>] (warn_slowpath_common+0x64/0x84)
[259632.935180] [<c02481ac>] (warn_slowpath_common) from [<c02481e8>] (warn_slowpath_null+0x1c/0x24)
[259632.952972] [<c02481e8>] (warn_slowpath_null) from [<c0306d68>] (__d_free+0x34/0x40)
[259632.961181] [<c0306d68>] (__d_free) from [<c0288d4c>] (rcu_process_callbacks+0x320/0x544)
[259632.969848] [<c0288d4c>] (rcu_process_callbacks) from [<c024b140>] (__do_softirq+0xec/0x238)
[259632.978790] [<c024b140>] (__do_softirq) from [<c024b51c>] (irq_exit+0xa8/0x114)
[259632.986541] [<c024b51c>] (irq_exit) from [<c027f2ec>] (__handle_domain_irq+0x58/0x9c)
[259632.993743] [<c027f2ec>] (__handle_domain_irq) from [<c020895c>] (gic_handle_irq+0x2c/0x6c)
[259633.003692] [<c020895c>] (gic_handle_irq) from [<c0212000>] (__irq_svc+0x40/0x54)
[259633.011627] Exception stack(0xc0c3bf48 to 0xc0c3bf90)
[259633.017028] bf40:                   00000000 c0c4b860 00000000 c0c4b860 7373e040 0000ec22
[259633.025665] bf60: eefafbf0 00000000 7327f923 0000ec22 c0c36be8 c0c4b860 00000010 c0c3bf90
[259633.034332] bf80: c070fb34 c070fb40 600f0113 ffffffff
[259633.039703] [<c0212000>] (__irq_svc) from [<c070fb40>] (cpuidle_enter_state+0x68/0x104)
[259633.041076] [<c070fb40>] (cpuidle_enter_state) from [<c02751c0>] (cpu_startup_entry+0x1b0/0x278)
[259633.057495] [<c02751c0>] (cpu_startup_entry) from [<c0b82bb8>] (start_kernel+0x32c/0x398)
[259633.066162] ---[ end trace 7f5258dfc3c33129 ]---
[259633.071075] ------------[ cut here ]------------
[259633.076019] WARNING: CPU: 0 PID: 0 at fs/dcache.c:255 __d_free+0x34/0x40()
[259633.083312] Modules linked in:
[259633.086608] CPU: 0 PID: 0 Comm: swapper/0 Tainted: G        W      3.18.0-rc3-next-20141103-00002-gb3eef83 #1
[259633.097106] [<c0215a84>] (unwind_backtrace) from [<c02114a0>] (show_stack+0x10/0x14)
[259633.105316] [<c02114a0>] (show_stack) from [<c087c860>] (dump_stack+0x70/0x8c)
[259633.112976] [<c087c860>] (dump_stack) from [<c02481ac>] (warn_slowpath_common+0x64/0x84)
[259633.121551] [<c02481ac>] (warn_slowpath_common) from [<c02481e8>] (warn_slowpath_null+0x1c/0x24)
[259633.130828] [<c02481e8>] (warn_slowpath_null) from [<c0306d68>] (__d_free+0x34/0x40)
[259633.139038] [<c0306d68>] (__d_free) from [<c0288d4c>] (rcu_process_callbacks+0x320/0x544)
[259633.139038] [<c0288d4c>] (rcu_process_callbacks) from [<c024b140>] (__do_softirq+0xec/0x238)
[259633.156646] [<c024b140>] (__do_softirq) from [<c024b51c>] (irq_exit+0xa8/0x114)
[259633.164398] [<c024b51c>] (irq_exit) from [<c027f2ec>] (__handle_domain_irq+0x58/0x9c)
[259633.172729] [<c027f2ec>] (__handle_domain_irq) from [<c020895c>] (gic_handle_irq+0x2c/0x6c)
[259633.181579] [<c020895c>] (gic_handle_irq) from [<c0212000>] (__irq_svc+0x40/0x54)
[259633.189514] Exception stack(0xc0c3bf48 to 0xc0c3bf90)
[259633.194885] bf40:                   00000000 c0c4b860 00000000 c0c4b860 7373e040 0000ec22
[259633.203552] bf60: eefafbf0 00000000 7327f923 0000ec22 c0c36be8 c0c4b860 00000010 c0c3bf90
[259633.210174] bf80: c070fb34 c070fb40 600f0113 ffffffff
[259633.217590] [<c0212000>] (__irq_svc) from [<c070fb40>] (cpuidle_enter_state+0x68/0x104)
[259633.226074] [<c070fb40>] (cpuidle_enter_state) from [<c02751c0>] (cpu_startup_entry+0x1b0/0x278)
[259633.235382] [<c02751c0>] (cpu_startup_entry) from [<c0b82bb8>] (start_kernel+0x32c/0x398)
[259633.244018] ---[ end trace 7f5258dfc3c3312a ]---
- 05:45:50 [INFO] Host: #check prompt
- 05:45:52 [ERROR] On command: #check prompt waiting for (?m-ix:root.*#) >>> error: execution expired
- 05:45:52 [INFO] Target: 
[259634.885070] ------------[ cut here ]------------
[259634.890014] WARNING: CPU: 0 PID: 0 at fs/dcache.c:255 __d_free+0x34/0x40()
[259634.897308] Modules linked in:
[259634.900634] CPU: 0 PID: 0 Comm: swapper/0 Tainted: G        W      3.18.0-rc3-next-20141103-00002-gb3eef83 #1
[259634.911132] [<c0215a84>] (unwind_backtrace) from [<c02114a0>] (show_stack+0x10/0x14)
[259634.919342] [<c02114a0>] (show_stack) from [<c087c860>] (dump_stack+0x70/0x8c)
[259634.927001] [<c087c860>] (dump_stack) from [<c02481ac>] (warn_slowpath_common+0x64/0x84)
[259634.935607] [<c02481ac>] (warn_slowpath_common) from [<c02481e8>] (warn_slowpath_null+0x1c/0x24)
[259634.944885] [<c02481e8>] (warn_slowpath_null) from [<c0306d68>] (__d_free+0x34/0x40)
[259634.953094] [<c0306d68>] (__d_free) from [<c0288d4c>] (rcu_process_callbacks+0x320/0x544)
[259634.953094] [<c0288d4c>] (rcu_process_callbacks) from [<c024b140>] (__do_softirq+0xec/0x238)
[259634.970703] [<c024b140>] (__do_softirq) from [<c024b51c>] (irq_exit+0xa8/0x114)
[259634.970703] [<c024b51c>] (irq_exit) from [<c027f2ec>] (__handle_domain_irq+0x58/0x9c)
[259634.986785] [<c027f2ec>] (__handle_domain_irq) from [<c020895c>] (gic_handle_irq+0x2c/0x6c)
[259634.995635] [<c020895c>] (gic_handle_irq) from [<c0212000>] (__irq_svc+0x40/0x54)
[259634.995635] Exception stack(0xc0c3bf48 to 0xc0c3bf90)
[259635.008941] bf40:                   00000000 c0c4b860 00000000 c0c4b860 f47e5a76 0000ec22
[259635.008941] bf60: eefafbf0 00000000 f47e5a76 0000ec22 c0c36be8 c0c4b860 00000010 c0c3bf90
[259635.026245] bf80: c070fb34 c070fb40 600f0113 ffffffff
[259635.026245] [<c0212000>] (__irq_svc) from [<c070fb40>] (cpuidle_enter_state+0x68/0x104)
[259635.040100] [<c070fb40>] (cpuidle_enter_state) from [<c02751c0>] (cpu_startup_entry+0x1b0/0x278)
[259635.049407] [<c02751c0>] (cpu_startup_entry) from [<c0b82bb8>] (start_kernel+0x32c/0x398)
[259635.049407] ---[ end trace 7f5258dfc3c3312b ]---
- 05:45:52 [INFO] Disconnected serial from pandaboard-vanilla
- 05:46:30 [INFO] Connected to pandaboard-vanilla via serial 
- 05:46:30 [INFO] Host: 
- 05:46:30 [INFO] Target: 
U-Boot# 
- 05:46:31 [INFO] Host: 
- 05:46:31 [INFO] Target: 
U-Boot# 
- 05:46:31 [INFO] Host: version
- 05:46:32 [INFO] Target: 
version
U-Boot 2014.04-00069-g53b0d70 (Apr 22 2014 - 14:39:57)
arm-linux-gnueabi-gcc (Ubuntu/Linaro 4.6.3-1ubuntu5) 4.6.3
GNU ld (GNU Binutils for Ubuntu) 2.22
U-Boot# 
- 05:46:32 [INFO] Host: setenv bootargs 'console=ttyO2,115200n8 vram=16M earlyprintk rootwait '
- 05:46:32 [INFO] Target: 
setenv bootargs 'console=ttyO2,115200n8 vram=16M earlyprintk rootwait '
U-Boot# 
- 05:46:32 [INFO] Host: setenv bootcmd  ''
- 05:46:33 [INFO] Target: 
setenv bootcmd  ''
U-Boot# 
- 05:46:33 [INFO] Host: setenv autoload 'no'
- 05:46:33 [INFO] Target: 
setenv autoload 'no'
U-Boot# 
- 05:46:33 [INFO] Host: setenv serverip '128.247.105.47'
- 05:46:34 [INFO] Target: 
setenv serverip '128.247.105.47'
U-Boot# 
- 05:46:34 [INFO] Host: printenv
- 05:46:35 [INFO] Target: 
printenv
arch=arm
autoload=no
baudrate=115200
board=panda
board_name=panda
bootargs=console=ttyO2,115200n8 vram=16M earlyprintk rootwait 
bootcmd=
bootdelay=1
bootdir=/boot
bootfile=zImage
bootm_size=0x08000000
bootpart=0:2
bootscript=echo Running bootscript from mmc${mmcdev} ...; source ${loadaddr}
console=ttyO2,115200n8
cpu=armv7
fdt_addr_r=0x88000000
fdtaddr=0x88000000
fdtfile=undefined
findfdt=if test $board_name = sdp4430; then setenv fdtfile omap4-sdp.dtb; fi; if test $board_name = panda; then setenv fdtfile omap4-panda.dtb; fi;if test $board_name = panda-a4; then setenv fdtfile omap4-panda-a4.dtb; fi;if test $board_name = panda-es; then setenv fdtfile omap4-panda-es.dtb; fi;if test $fdtfile = undefined; then echo WARNING: Could not determine device tree to use; fi; 
importbootenv=echo Importing environment from mmc${mmcdev} ...; env import -t ${loadaddr} ${filesize}
kernel_addr_r=0x82000000
loadaddr=0x82000000
loadbootenv=fatload mmc ${mmcdev} ${loadaddr} uEnv.txt
loadbootscript=fatload mmc ${mmcdev} ${loadaddr} boot.scr
loadfdt=load mmc ${bootpart} ${fdtaddr} ${bootdir}/${fdtfile}
loadimage=load mmc ${bootpart} ${loadaddr} ${bootdir}/${bootfile}
mmcargs=setenv bootargs console=${console} vram=${vram} root=${mmcroot} rootfstype=${mmcrootfstype}
mmcboot=echo Booting from mmc${mmcdev} ...; run mmcargs; bootz ${loadaddr} - ${fdtaddr}
mmcdev=0
mmcroot=/dev/mmcblk0p2 rw
mmcrootfstype=ext3 rootwait
ramdisk_addr_r=0x88080000
rdaddr=0x88080000
serverip=128.247.105.47
soc=omap4
usbethaddr=02:04:f1:2a:2a:93
usbtty=cdc_acm
vendor=ti
ver=U-Boot 2014.04-00069-g53b0d70 (Apr 22 2014 - 14:39:57)
vram=16M
Environment size: 1695/131068 bytes
U-Boot# 
- 05:46:35 [INFO] Host: dcache off
- 05:46:35 [INFO] Target: 
dcache off
Unknown command 'dcache' - try 'help'
U-Boot# 
- 05:46:35 [INFO] Host: setenv usbethaddr 2E:62:05:CC:46:01
- 05:46:36 [INFO] Target: 
setenv usbethaddr 2E:62:05:CC:46:01
U-Boot# 
- 05:46:36 [INFO] Host: usb start
- 05:46:38 [INFO] Target: 
usb start
(Re)start USB...
USB0:   USB EHCI 1.00
scanning bus 0 for devices... 3 USB Device(s) found
       scanning usb for storage devices... 0 Storage Device(s) found
       scanning usb for ethernet devices... 1 Ethernet Device(s) found
U-Boot# 
- 05:46:38 [INFO] Host: printenv
- 05:46:39 [INFO] Target: 
printenv
arch=arm
autoload=no
baudrate=115200
board=panda
board_name=panda
bootargs=console=ttyO2,115200n8 vram=16M earlyprintk rootwait 
bootcmd=
bootdelay=1
bootdir=/boot
bootfile=zImage
bootm_size=0x08000000
bootpart=0:2
bootscript=echo Running bootscript from mmc${mmcdev} ...; source ${loadaddr}
console=ttyO2,115200n8
cpu=armv7
ethact=sms0
fdt_addr_r=0x88000000
fdtaddr=0x88000000
fdtfile=undefined
findfdt=if test $board_name = sdp4430; then setenv fdtfile omap4-sdp.dtb; fi; if test $board_name = panda; then setenv fdtfile omap4-panda.dtb; fi;if test $board_name = panda-a4; then setenv fdtfile omap4-panda-a4.dtb; fi;if test $board_name = panda-es; then setenv fdtfile omap4-panda-es.dtb; fi;if test $fdtfile = undefined; then echo WARNING: Could not determine device tree to use; fi; 
importbootenv=echo Importing environment from mmc${mmcdev} ...; env import -t ${loadaddr} ${filesize}
kernel_addr_r=0x82000000
loadaddr=0x82000000
loadbootenv=fatload mmc ${mmcdev} ${loadaddr} uEnv.txt
loadbootscript=fatload mmc ${mmcdev} ${loadaddr} boot.scr
loadfdt=load mmc ${bootpart} ${fdtaddr} ${bootdir}/${fdtfile}
loadimage=load mmc ${bootpart} ${loadaddr} ${bootdir}/${bootfile}
mmcargs=setenv bootargs console=${console} vram=${vram} root=${mmcroot} rootfstype=${mmcrootfstype}
mmcboot=echo Booting from mmc${mmcdev} ...; run mmcargs; bootz ${loadaddr} - ${fdtaddr}
mmcdev=0
mmcroot=/dev/mmcblk0p2 rw
mmcrootfstype=ext3 rootwait
ramdisk_addr_r=0x88080000
rdaddr=0x88080000
serverip=128.247.105.47
soc=omap4
usbethaddr=2E:62:05:CC:46:01
usbtty=cdc_acm
vendor=ti
ver=U-Boot 2014.04-00069-g53b0d70 (Apr 22 2014 - 14:39:57)
vram=16M
Environment size: 1709/131068 bytes
U-Boot# 
- 05:46:39 [INFO] Host: setenv bootargs ''${bootargs}' ip=dhcp '
- 05:46:39 [INFO] Target: 
setenv bootargs ''${bootargs}' ip=dhcp '
U-Boot# 
- 05:46:40 [INFO] Host: setenv serverip '128.247.105.47'
- 05:46:40 [INFO] Target: 
setenv serverip '128.247.105.47'
U-Boot# 
- 05:46:40 [INFO] Host: setenv ipaddr dhcp
- 05:46:41 [INFO] Target: 
setenv ipaddr dhcp
U-Boot# 
- 05:46:41 [INFO] Host: setenv autoload 'no'
- 05:46:41 [INFO] Target: 
setenv autoload 'no'
U-Boot# 
- 05:46:41 [INFO] Host: dhcp
- 05:46:44 [INFO] Target: 
dhcp
Waiting for Ethernet connection... done.
BOOTP broadcast 1
DHCP client bound to address 192.168.1.166
U-Boot# 
- 05:46:44 [INFO] Host: setenv serverip '128.247.105.47'
- 05:46:45 [INFO] Target: 
setenv serverip '128.247.105.47'
U-Boot# 
- 05:46:45 [INFO] Host: tftp ${loadaddr} 128.247.105.47:vatf_10/22f55af0fbc1e1fc1f5645a9d46e5d2a
- 05:46:55 [INFO] Target: 
tftp ${loadaddr} 128.247.105.47:vatf_10/22f55af0fbc1e1fc1f5645a9d46e5d2a
Waiting for Ethernet connection... done.
Using sms0 device
TFTP from server 128.247.105.47; our IP address is 192.168.1.166; sending through gateway 192.168.1.254
Filename 'vatf_10/22f55af0fbc1e1fc1f5645a9d46e5d2a'.
Load address: 0x82000000
Loading: *EHCI timed out on TD - token=0x8008d80
T #################################################################
	 #################################################################
	 #################################################################
	 #################################################################
	 #################################################################
	 ####################################
	 635.7 KiB/s
done
Bytes transferred = 5294464 (50c980 hex)
U-Boot# 
- 05:46:55 [INFO] Host: tftp ${fdt_addr_r} 128.247.105.47:vatf_10/e5415b3d506d8ac9082877c45beda742
- 05:47:02 [INFO] Target: 
tftp ${fdt_addr_r} 128.247.105.47:vatf_10/e5415b3d506d8ac9082877c45beda742
Waiting for Ethernet connection... done.
Using sms0 device
TFTP from server 128.247.105.47; our IP address is 192.168.1.166; sending through gateway 192.168.1.254
Filename 'vatf_10/e5415b3d506d8ac9082877c45beda742'.
Load address: 0x88000000
Loading: *EHCI timed out on TD - token=0x88008d80
T ####
	 10.7 KiB/s
done
Bytes transferred = 55574 (d916 hex)
U-Boot# 
- 05:47:02 [INFO] Host: ls mmc 0:1
- 05:47:03 [INFO] Target: 
ls mmc 0:1
    33508   mlo 
   208700   u-boot.img 
      879   uenv.txt 
            .trash-1000/
3 file(s), 1 dir(s)
U-Boot# 
- 05:47:03 [INFO] Host: ls mmc 0:2
- 05:47:03 [INFO] Target: 
ls mmc 0:2
<DIR>       4096 .
<DIR>       4096 ..
<DIR>      16384 lost+found
<DIR>       4096 bin
<DIR>       4096 boot
<SYM>         37 cpufreq
<SYM>         37 cpuidle
<DIR>       4096 dev
<DIR>       4096 etc
<DIR>       4096 home
<DIR>       4096 lib
<DIR>       4096 media
<DIR>       4096 mnt
<DIR>       4096 opt
<DIR>       4096 proc
<SYM>          8 run
<DIR>       4096 sbin
<DIR>       4096 srv
               9 .ash_history
<DIR>       4096 sys
<SYM>          8 tmp
<DIR>       4096 usr
<DIR>       4096 var
<DIR>       4096 www
<DIR>       4096 test
U-Boot# 
- 05:47:03 [INFO] Host: part uuid mmc 0:2
- 05:47:04 [INFO] Target: 
part uuid mmc 0:2
Unknown command 'part' - try 'help'
U-Boot# 
- 05:47:04 [INFO] Host: printenv
- 05:47:04 [INFO] Target: 
printenv
arch=arm
autoload=no
baudrate=115200
board=panda
board_name=panda
bootargs=console=ttyO2,115200n8 vram=16M earlyprintk rootwait  ip=dhcp 
bootcmd=
bootdelay=1
bootdir=/boot
bootfile=zImage
bootm_size=0x08000000
bootpart=0:2
bootscript=echo Running bootscript from mmc${mmcdev} ...; source ${loadaddr}
console=ttyO2,115200n8
cpu=armv7
dnsip=192.0.2.2
ethact=sms0
fdt_addr_r=0x88000000
fdtaddr=0x88000000
fdtfile=undefined
fileaddr=88000000
filesize=d916
findfdt=if test $board_name = sdp4430; then setenv fdtfile omap4-sdp.dtb; fi; if test $board_name = panda; then setenv fdtfile omap4-panda.dtb; fi;if test $board_name = panda-a4; then setenv fdtfile omap4-panda-a4.dtb; fi;if test $board_name = panda-es; then setenv fdtfile omap4-panda-es.dtb; fi;if test $fdtfile = undefined; then echo WARNING: Could not determine device tree to use; fi; 
gatewayip=192.168.1.254
importbootenv=echo Importing environment from mmc${mmcdev} ...; env import -t ${loadaddr} ${filesize}
ipaddr=192.168.1.166
kernel_addr_r=0x82000000
loadaddr=0x82000000
loadbootenv=fatload mmc ${mmcdev} ${loadaddr} uEnv.txt
loadbootscript=fatload mmc ${mmcdev} ${loadaddr} boot.scr
loadfdt=load mmc ${bootpart} ${fdtaddr} ${bootdir}/${fdtfile}
loadimage=load mmc ${bootpart} ${loadaddr} ${bootdir}/${bootfile}
mmcargs=setenv bootargs console=${console} vram=${vram} root=${mmcroot} rootfstype=${mmcrootfstype}
mmcboot=echo Booting from mmc${mmcdev} ...; run mmcargs; bootz ${loadaddr} - ${fdtaddr}
mmcdev=0
mmcroot=/dev/mmcblk0p2 rw
mmcrootfstype=ext3 rootwait
netmask=255.255.255.0
ramdisk_addr_r=0x88080000
rdaddr=0x88080000
serverip=128.247.105.47
soc=omap4
usbethaddr=2E:62:05:CC:46:01
usbtty=cdc_acm
vendor=ti
ver=U-Boot 2014.04-00069-g53b0d70 (Apr 22 2014 - 14:39:57)
vram=16M
Environment size: 1845/131068 bytes
U-Boot# 
- 05:47:04 [INFO] Host: setenv bootargs ''${bootargs}' root=/dev/mmcblk0p2 rw rootfstype=ext3 rootwait '
- 05:47:05 [INFO] Target: 
setenv bootargs ''${bootargs}' root=/dev/mmcblk0p2 rw rootfstype=ext3 rootwait '
U-Boot# 
- 05:47:05 [INFO] Host: printenv
- 05:47:06 [INFO] Target: 
printenv
arch=arm
autoload=no
baudrate=115200
board=panda
board_name=panda
bootargs=console=ttyO2,115200n8 vram=16M earlyprintk rootwait  ip=dhcp  root=/dev/mmcblk0p2 rw rootfstype=ext3 rootwait 
bootcmd=
bootdelay=1
bootdir=/boot
bootfile=zImage
bootm_size=0x08000000
bootpart=0:2
bootscript=echo Running bootscript from mmc${mmcdev} ...; source ${loadaddr}
console=ttyO2,115200n8
cpu=armv7
dnsip=192.0.2.2
ethact=sms0
fdt_addr_r=0x88000000
fdtaddr=0x88000000
fdtfile=undefined
fileaddr=88000000
filesize=d916
findfdt=if test $board_name = sdp4430; then setenv fdtfile omap4-sdp.dtb; fi; if test $board_name = panda; then setenv fdtfile omap4-panda.dtb; fi;if test $board_name = panda-a4; then setenv fdtfile omap4-panda-a4.dtb; fi;if test $board_name = panda-es; then setenv fdtfile omap4-panda-es.dtb; fi;if test $fdtfile = undefined; then echo WARNING: Could not determine device tree to use; fi; 
gatewayip=192.168.1.254
importbootenv=echo Importing environment from mmc${mmcdev} ...; env import -t ${loadaddr} ${filesize}
ipaddr=192.168.1.166
kernel_addr_r=0x82000000
loadaddr=0x82000000
loadbootenv=fatload mmc ${mmcdev} ${loadaddr} uEnv.txt
loadbootscript=fatload mmc ${mmcdev} ${loadaddr} boot.scr
loadfdt=load mmc ${bootpart} ${fdtaddr} ${bootdir}/${fdtfile}
loadimage=load mmc ${bootpart} ${loadaddr} ${bootdir}/${bootfile}
mmcargs=setenv bootargs console=${console} vram=${vram} root=${mmcroot} rootfstype=${mmcrootfstype}
mmcboot=echo Booting from mmc${mmcdev} ...; run mmcargs; bootz ${loadaddr} - ${fdtaddr}
mmcdev=0
mmcroot=/dev/mmcblk0p2 rw
mmcrootfstype=ext3 rootwait
netmask=255.255.255.0
ramdisk_addr_r=0x88080000
rdaddr=0x88080000
serverip=128.247.105.47
soc=omap4
usbethaddr=2E:62:05:CC:46:01
usbtty=cdc_acm
vendor=ti
ver=U-Boot 2014.04-00069-g53b0d70 (Apr 22 2014 - 14:39:57)
vram=16M
Environment size: 1894/131068 bytes
U-Boot# 
- 05:47:06 [INFO] Host: setenv bootcmd ''${bootcmd}' if iminfo ${loadaddr}; then bootm ${loadaddr} - ${fdt_addr_r}; else bootz ${loadaddr} - ${fdt_addr_r}; bootm ${loadaddr} - ${fdt_addr_r}; fi'
- 05:47:06 [INFO] Target: 
setenv bootcmd ''${bootcmd}' if iminfo ${loadaddr}; then bootm ${loadaddr} - ${fdt_addr_r}; else bootz ${loadaddr} - ${fdt_addr_r}; bootm ${loadaddr} - ${fdt_addr_r}; fi'
U-Boot# 
- 05:47:06 [INFO] Host: bdinfo
- 05:47:07 [INFO] Target: 
bdinfo
arch_number = 0x00000AE7
boot_params = 0x80000100
DRAM bank   = 0x00000000
-> start    = 0x80000000
-> size     = 0x40000000
eth0name    = sms0
ethaddr     = (not set)
current eth = sms0
ip_addr     = 192.168.1.166
baudrate    = 115200 bps
TLB addr    = 0xBFFF0000
relocaddr   = 0xBFF79000
reloc off   = 0x3F779000
irq_sp      = 0xBFE58EE0
sp start    = 0xBFE58ED0
U-Boot# 
- 05:47:07 [INFO] Host: boot
- 05:47:26 [INFO] Target: 
boot
## Checking Image at 82000000 ...
Unknown image format!
Kernel image @ 0x82000000 [ 0x000000 - 0x50c980 ]
## Flattened Device Tree blob at 88000000
   Booting using the fdt blob at 0x88000000
   Loading Device Tree to 87fef000, end 87fff915 ... OK
Starting kernel ...
[    0.000000] Booting Linux on physical CPU 0x0
[    0.000000] Linux version 3.18.0-rc3-next-20141106-00002-g5efd7dd (nmenon@kahuna) (gcc version 4.6.3 (Ubuntu/Linaro 4.6.3-1ubuntu5) ) #1 SMP Thu Nov 6 05:41:09 CST 2014
[    0.000000] CPU: ARMv7 Processor [411fc092] revision 2 (ARMv7), cr=10c5387d
[    0.000000] CPU: PIPT / VIPT nonaliasing data cache, VIPT aliasing instruction cache
[    0.000000] Machine model: TI OMAP4 PandaBoard
[    0.000000] cma: Reserved 64 MiB at 0xbb800000
[    0.000000] Memory policy: Data cache writealloc
[    0.000000] OMAP4430 ES2.2
[    0.000000] L2C: platform modifies aux control register: 0x0e070000 -> 0x3e470000
[    0.000000] L2C: DT/platform modifies aux control register: 0x0e070000 -> 0x3e470000
[    0.000000] L2C-310 errata 727915 769419 enabled
[    0.000000] L2C-310 enabling early BRESP for Cortex-A9
[    0.000000] L2C-310 ID prefetch enabled, offset 1 lines
[    0.000000] L2C-310 cache controller enabled, 16 ways, 1024 kB
[    0.000000] L2C-310: CACHE_ID 0x410000c4, AUX_CTRL 0x7e470000
[    0.000000] PERCPU: Embedded 10 pages/cpu @eefb0000 s8448 r8192 d24320 u40960
[    0.000000] Built 1 zonelists in Zone order, mobility grouping on.  Total pages: 260368
[    0.000000] Kernel command line: console=ttyO2,115200n8 vram=16M earlyprintk rootwait  ip=dhcp  root=/dev/mmcblk0p2 rw rootfstype=ext3 rootwait 
[    0.000000] PID hash table entries: 4096 (order: 2, 16384 bytes)
[    0.000000] Dentry cache hash table entries: 131072 (order: 7, 524288 bytes)
[    0.000000] Inode-cache hash table entries: 65536 (order: 6, 262144 bytes)
[    0.000000] Memory: 960920K/1047552K available (6889K kernel code, 974K rwdata, 2820K rodata, 736K init, 309K bss, 21096K reserved, 65536K cma-reserved, 203776K highmem)
[    0.000000] Virtual kernel memory layout:
[    0.000000]     vector  : 0xffff0000 - 0xffff1000   (   4 kB)
[    0.000000]     fixmap  : 0xffc00000 - 0xffe00000   (2048 kB)
[    0.000000]     vmalloc : 0xf0000000 - 0xff000000   ( 240 MB)
[    0.000000]     lowmem  : 0xc0000000 - 0xef800000   ( 760 MB)
[    0.000000]     pkmap   : 0xbfe00000 - 0xc0000000   (   2 MB)
[    0.000000]     modules : 0xbf000000 - 0xbfe00000   (  14 MB)
[    0.000000]       .text : 0xc0208000 - 0xc0b8385c   (9711 kB)
[    0.000000]       .init : 0xc0b84000 - 0xc0c3c000   ( 736 kB)
[    0.000000]       .data : 0xc0c3c000 - 0xc0d2f880   ( 975 kB)
[    0.000000]        .bss : 0xc0d2f880 - 0xc0d7cd20   ( 310 kB)
[    0.000000] SLUB: HWalign=64, Order=0-3, MinObjects=0, CPUs=2, Nodes=1
[    0.000000] Hierarchical RCU implementation.
[    0.000000] 	RCU restricting CPUs from NR_CPUS=8 to nr_cpu_ids=2.
[    0.000000] RCU: Adjusting geometry for rcu_fanout_leaf=16, nr_cpu_ids=2
[    0.000000] NR_IRQS:16 nr_irqs:16 16
[    0.000000] ti_dt_clocks_register: failed to lookup clock node div_ts_ck
[    0.000000] ti_dt_clocks_register: failed to lookup clock node bandgap_ts_fclk
[    0.000000] OMAP clockevent source: timer1 at 32768 Hz
[    0.000000] sched_clock: 32 bits at 32kHz, resolution 30517ns, wraps every 65536000000000ns
[    0.000000] OMAP clocksource: 32k_counter at 32768 Hz
[    0.006744] Console: colour dummy device 80x30
[    0.006774] Calibrating delay loop... 1195.21 BogoMIPS (lpj=2988032)
[    0.035339] pid_max: default: 32768 minimum: 301
[    0.035491] Mount-cache hash table entries: 2048 (order: 1, 8192 bytes)
[    0.035522] Mountpoint-cache hash table entries: 2048 (order: 1, 8192 bytes)
[    0.036193] CPU: Testing write buffer coherency: ok
[    0.036468] CPU0: thread -1, cpu 0, socket 0, mpidr 80000000
[    0.036560] Setting up static identity map for 0x80882dc8 - 0x80882e60
[    0.040679] CPU1: Booted secondary processor
[    0.070343] CPU1: thread -1, cpu 1, socket 0, mpidr 80000001
[    0.070434] Brought up 2 CPUs
[    0.070434] SMP: Total of 2 processors activated.
[    0.070465] CPU: All CPU(s) started in SVC mode.
[    0.071105] devtmpfs: initialized
[    0.074920] VFP support v0.3: implementor 41 architecture 3 part 30 variant 9 rev 1
[    0.076843] omap_hwmod: l3_main_3 using broken dt data from ocp
[    0.078338] omap_hwmod: l3_main_2 using broken dt data from ocp
[    0.179718] pinctrl core: initialized pinctrl subsystem
[    0.199188] NET: Registered protocol family 16
[    0.202026] DMA: preallocated 256 KiB pool for atomic coherent allocations
[    0.215393] cpuidle: using governor ladder
[    0.230377] cpuidle: using governor menu
[    0.235809] OMAP GPIO hardware version 0.1
[    0.239715] omap-gpmc 50000000.gpmc: GPMC revision 6.0
[    0.240264] irq: no irq domain found for /ocp/pinmux@4a100040 !
[    0.240661] irq: no irq domain found for /ocp/pinmux@4a100040 !
[    0.241027] irq: no irq domain found for /ocp/pinmux@4a100040 !
[    0.252197] platform 4b501000.aes: Cannot lookup hwmod 'aes'
[    0.252471] platform 480a5000.des: Cannot lookup hwmod 'des'
[    0.257324] No ATAGs?
[    0.257354] hw-breakpoint: found 5 (+1 reserved) breakpoint and 1 watchpoint registers.
[    0.257385] hw-breakpoint: maximum watchpoint size is 4 bytes.
[    0.257659] EXYNOS: PMU not supported
[    0.259613] OMAP DMA hardware revision 0.0
[    0.263366] Serial: AMBA PL011 UART driver
[    0.264495] ARM PMU: not yet supported on OMAP4430 due to missing CTI driver
[    0.290588] edma-dma-engine edma-dma-engine.0: Can't allocate PaRAM dummy slot
[    0.290618] edma-dma-engine: probe of edma-dma-engine.0 failed with error -22
[    0.303405] omap-dma-engine 4a056000.dma-controller: OMAP DMA engine driver
[    0.375518] reg-fixed-voltage wl12xx_vmmc: could not find pctldev for node /ocp/pinmux@4a100040/pinmux_wl12xx_gpio, deferring probe
[    0.375518] platform wl12xx_vmmc: Driver reg-fixed-voltage requests probe deferral
[    0.379241] vgaarb: loaded
[    0.380035] SCSI subsystem initialized
[    0.380615] usbcore: registered new interface driver usbfs
[    0.380676] usbcore: registered new interface driver hub
[    0.380767] usbcore: registered new device driver usb
[    0.381927] omap_i2c 48070000.i2c: could not find pctldev for node /ocp/pinmux@4a100040/pinmux_i2c1_pins, deferring probe
[    0.381958] platform 48070000.i2c: Driver omap_i2c requests probe deferral
[    0.381988] omap_i2c 48072000.i2c: could not find pctldev for node /ocp/pinmux@4a100040/pinmux_i2c2_pins, deferring probe
[    0.382019] platform 48072000.i2c: Driver omap_i2c requests probe deferral
[    0.382049] omap_i2c 48060000.i2c: could not find pctldev for node /ocp/pinmux@4a100040/pinmux_i2c3_pins, deferring probe
[    0.382080] platform 48060000.i2c: Driver omap_i2c requests probe deferral
[    0.382110] omap_i2c 48350000.i2c: could not find pctldev for node /ocp/pinmux@4a100040/pinmux_i2c4_pins, deferring probe
[    0.382141] platform 48350000.i2c: Driver omap_i2c requests probe deferral
[    0.382629] Linux video capture interface: v2.00
[    0.382720] pps_core: LinuxPPS API ver. 1 registered
[    0.382720] pps_core: Software ver. 5.3.6 - Copyright 2005-2007 Rodolfo Giometti <giometti@linux.it>
[    0.382751] PTP clock support registered
[    0.383056] EDAC MC: Ver: 3.0.0
[    0.384063] Advanced Linux Sound Architecture Driver Initialized.
[    0.385345] Switched to clocksource 32k_counter
[    0.397308] NET: Registered protocol family 2
[    0.398010] TCP established hash table entries: 8192 (order: 3, 32768 bytes)
[    0.398132] TCP bind hash table entries: 8192 (order: 4, 65536 bytes)
[    0.398315] TCP: Hash tables configured (established 8192 bind 8192)
[    0.398376] TCP: reno registered
[    0.398406] UDP hash table entries: 512 (order: 2, 16384 bytes)
[    0.398498] UDP-Lite hash table entries: 512 (order: 2, 16384 bytes)
[    0.398773] NET: Registered protocol family 1
[    0.399078] RPC: Registered named UNIX socket transport module.
[    0.399078] RPC: Registered udp transport module.
[    0.399108] RPC: Registered tcp transport module.
[    0.399108] RPC: Registered tcp NFSv4.1 backchannel transport module.
[    0.404205] futex hash table entries: 512 (order: 3, 32768 bytes)
[    0.417602] squashfs: version 4.0 (2009/01/31) Phillip Lougher
[    0.418457] NFS: Registering the id_resolver key type
[    0.418487] Key type id_resolver registered
[    0.418518] Key type id_legacy registered
[    0.419067] bounce: pool size: 64 pages
[    0.419342] Block layer SCSI generic (bsg) driver version 0.4 loaded (major 249)
[    0.419372] io scheduler noop registered
[    0.419372] io scheduler deadline registered
[    0.419616] io scheduler cfq registered (default)
[    0.424865] pinctrl-single 4a100040.pinmux: 203 pins at pa fc100040 size 406
[    0.425079] pinctrl-single 4a31e040.pinmux: 28 pins at pa fc31e040 size 56
[    0.502319] Serial: 8250/16550 driver, 4 ports, IRQ sharing disabled
[    0.504791] Serial: IMX driver
[    0.505584] msm_serial: driver initialized
[    0.506378] omap_uart 4806a000.serial: no wakeirq for uart0
[    0.506530] omap_uart 4806a000.serial: ttyO0 at MMIO 0x4806a000 (irq = 104, base_baud = 3000000) is a OMAP UART0
[    0.507110] omap_uart 4806c000.serial: ttyO1 at MMIO 0x4806c000 (irq = 105, base_baud = 3000000) is a OMAP UART1
[    0.507659] omap_uart 48020000.serial: ttyO2 at MMIO 0x48020000 (irq = 106, base_baud = 3000000) is a OMAP UART2
[    1.357086] console [ttyO2] enabled
[    1.361297] omap_uart 4806e000.serial: ttyO3 at MMIO 0x4806e000 (irq = 102, base_baud = 3000000) is a OMAP UART3
[    1.372467] STMicroelectronics ASC driver initialized
[    1.379089] serial: Freescale lpuart driver
[    1.383819] [drm] Initialized drm 1.1.0 20060810
[    1.396453] loop: module loaded
[    1.408020] CAN device driver interface
[    1.413574] igb: Intel(R) Gigabit Ethernet Network Driver - version 5.2.15-k
[    1.420959] igb: Copyright (c) 2007-2014 Intel Corporation.
[    1.429382] pegasus: v0.9.3 (2013/04/25), Pegasus/Pegasus II USB Ethernet driver
[    1.437194] usbcore: registered new interface driver pegasus
[    1.443176] usbcore: registered new interface driver asix
[    1.448913] usbcore: registered new interface driver ax88179_178a
[    1.455352] usbcore: registered new interface driver cdc_ether
[    1.461517] usbcore: registered new interface driver smsc75xx
[    1.467620] usbcore: registered new interface driver smsc95xx
[    1.473663] usbcore: registered new interface driver net1080
[    1.479644] usbcore: registered new interface driver cdc_subset
[    1.485900] usbcore: registered new interface driver zaurus
[    1.491851] usbcore: registered new interface driver cdc_ncm
[    1.498260] ehci_hcd: USB 2.0 'Enhanced' Host Controller (EHCI) Driver
[    1.505096] ehci-pci: EHCI PCI platform driver
[    1.509796] ehci-platform: EHCI generic platform driver
[    1.515563] ehci-omap: OMAP-EHCI Host Controller driver
[    1.541503] ehci-omap 4a064c00.ehci: EHCI Host Controller
[    1.547180] ehci-omap 4a064c00.ehci: new USB bus registered, assigned bus number 1
[    1.555389] ehci-omap 4a064c00.ehci: irq 109, io mem 0x4a064c00
[    1.570373] ehci-omap 4a064c00.ehci: USB 2.0 started, EHCI 1.00
[    1.577484] hub 1-0:1.0: USB hub found
[    1.581451] hub 1-0:1.0: 3 ports detected
[    1.586334] ehci-orion: EHCI orion driver
[    1.590820] SPEAr-ehci: EHCI SPEAr driver
[    1.595184] tegra-ehci: Tegra EHCI driver
[    1.599639] ohci_hcd: USB 1.1 'Open' Host Controller (OHCI) Driver
[    1.606140] ohci-pci: OHCI PCI platform driver
[    1.610870] ohci-platform: OHCI generic platform driver
[    1.616546] ohci-omap3: OHCI OMAP3 driver
[    1.620971] ohci-omap3 4a064800.ohci: OHCI Host Controller
[    1.626739] ohci-omap3 4a064800.ohci: new USB bus registered, assigned bus number 2
[    1.634857] ohci-omap3 4a064800.ohci: irq 108, io mem 0x4a064800
[    1.716186] hub 2-0:1.0: USB hub found
[    1.720123] hub 2-0:1.0: 3 ports detected
[    1.724914] SPEAr-ohci: OHCI SPEAr driver
[    1.730041] usbcore: registered new interface driver usb-storage
[    1.738464] mousedev: PS/2 mouse device common for all mice
[    1.748657] i2c /dev entries driver
[    1.754516] usbcore: registered new interface driver uvcvideo
[    1.760528] USB Video Class driver (1.1.1)
[    1.764801] gspca_main: v2.14.0 registered
[    1.774505] Driver 'mmcblk' needs updating - please use bus_type methods
[    1.781616] sdhci: Secure Digital Host Controller Interface driver
[    1.788085] sdhci: Copyright(c) Pierre Ossman
[    1.794281] omap_hsmmc 4809c000.mmc: unable to get vmmc regulator -517
[    1.801177] platform 4809c000.mmc: Driver omap_hsmmc requests probe deferral
[    1.808959] omap_hsmmc 480d5000.mmc: unable to get vmmc regulator -517
[    1.815826] platform 480d5000.mmc: Driver omap_hsmmc requests probe deferral
[    1.823699] Synopsys Designware Multimedia Card Interface Driver
[    1.831329] sdhci-pltfm: SDHCI platform and OF driver helper
[    1.839874] ledtrig-cpu: registered to indicate activity on CPUs
[    1.846435] usbcore: registered new interface driver usbhid
[    1.852264] usbhid: USB HID core driver
[    1.864227] TCP: cubic registered
[    1.867736] NET: Registered protocol family 17
[    1.872406] can: controller area network core (rev 20120528 abi 9)
[    1.878936] NET: Registered protocol family 29
[    1.883605] can: raw protocol (rev 20120528)
[    1.888061] can: broadcast manager protocol (rev 20120528 t)
[    1.893981] can: netlink gateway (rev 20130117) max_hops=1
[    1.900207] Key type dns_resolver registered
[    1.904968] twl: not initialized
[    1.908355] twl6030_uv_to_vsel:OUT OF RANGE! non mapped vsel for 1375000 Vs max 1316660
[    1.916717] twl6030_uv_to_vsel:OUT OF RANGE! non mapped vsel for 1375000 Vs max 1316660
[    1.925079] twl6030_uv_to_vsel:OUT OF RANGE! non mapped vsel for 1375000 Vs max 1316660
[    1.933441] twl6030_uv_to_vsel:OUT OF RANGE! non mapped vsel for 1375000 Vs max 1316660
[    1.941802] twl6030_uv_to_vsel:OUT OF RANGE! non mapped vsel for 1375000 Vs max 1316660
[    1.950164] twl6030_uv_to_vsel:OUT OF RANGE! non mapped vsel for 1375000 Vs max 1316660
[    1.958526] twl6030_uv_to_vsel:OUT OF RANGE! non mapped vsel for 1410000 Vs max 1316660
[    1.966888] omap2_set_init_voltage: unable to find boot up OPP for vdd_mpu
[    1.974060] omap2_set_init_voltage: unable to set vdd_mpu
[    1.979705] omap2_set_init_voltage: unable to find boot up OPP for vdd_core
[    1.986968] omap2_set_init_voltage: unable to set vdd_core
[    1.992675] omap2_set_init_voltage: unable to find boot up OPP for vdd_iva
[    1.999847] omap2_set_init_voltage: unable to set vdd_iva
[    2.006011] Power Management for TI OMAP4+ devices.
[    2.011169] Power Management for TI OMAP4.
[    2.015441] OMAP4 PM: u-boot >= v2012.07 is required for full PM support
[    2.022552] ThumbEE CPU extension supported.
[    2.027404] Registering SWP/SWPB emulation handler
[    2.032684] usb 1-1: new high-speed USB device number 2 using ehci-omap
[    2.036010] Skipping twl internal clock init and using bootloader value (unknown osc rate)
[    2.037384] twl 0-0048: PIH (irq 39) nested IRQs
[    2.053344] twl_rtc 48070000.i2c:twl@48:rtc: Power up reset detected.
[    2.060882] twl_rtc 48070000.i2c:twl@48:rtc: Enabling TWL-RTC
[    2.069763] twl_rtc 48070000.i2c:twl@48:rtc: rtc core: registered 48070000.i2c:twl@48 as rtc0
[    2.092498] omap_i2c 48070000.i2c: bus 0 rev0.10 at 400 kHz
[    2.099639] omap_i2c 48072000.i2c: bus 1 rev0.10 at 400 kHz
[    2.106567] omap_i2c 48060000.i2c: bus 2 rev0.10 at 100 kHz
[    2.113708] omap_i2c 48350000.i2c: bus 3 rev0.10 at 400 kHz
[    2.155212] hw-breakpoint: Failed to enable monitor mode on CPU 0.
[    2.187683] hw-breakpoint: CPU 0 failed to disable vector catch
[    2.194885] hub 1-1:1.0: USB hub found
[    2.199157] hub 1-1:1.0: 5 ports detected
[    2.253051] mmc0: host does not support reading read-only switch, assuming write-enable
[    2.263610] twl_rtc 48070000.i2c:twl@48:rtc: setting system clock to 2000-01-01 00:00:00 UTC (946684800)
[    2.263641] mmc0: new high speed SD card at address d198
[    2.264068] mmcblk0: mmc0:d198 SD02G 1.83 GiB 
[    2.265197]  mmcblk0: p1 p2
[    2.500976] usb 1-1.1: new high-speed USB device number 3 using ehci-omap
[    2.618896] smsc95xx v1.0.4
[    2.683258] smsc95xx 1-1.1:1.0 eth0: register 'smsc95xx' at usb-4a064c00.ehci-1.1, smsc95xx USB 2.0 Ethernet, 9a:9a:0d:89:a8:6b
[    3.351440] smsc95xx 1-1.1:1.0 eth0: hardware isn't capable of remote wakeup
[    5.152893] smsc95xx 1-1.1:1.0 eth0: link up, 100Mbps, full-duplex, lpa 0xC5E1
[    5.181671] Sending DHCP requests .., OK
[    8.660675] IP-Config: Got DHCP answer from 192.168.1.254, my address is 192.168.1.176
[    8.666351] IP-Config: Complete:
[    8.672546]      device=eth0, hwaddr=9a:9a:0d:89:a8:6b, ipaddr=192.168.1.176, mask=255.255.255.0, gw=192.168.1.254
[    8.683380]      host=192.168.1.176, domain=ti.com, nis-domain=(none)
[    8.690155]      bootserver=192.168.1.254, rootserver=192.168.1.254, rootpath=
[    8.697540]      nameserver0=192.0.2.2, nameserver1=192.0.2.3
[    8.704315] VUSB: disabling
[    8.707733] VANA: disabling
[    8.711151] VDAC: disabling
[    8.715972] vwl1271: disabling
[    8.719360] ALSA device list:
[    8.719360]   No soundcards found.
[    8.728057] EXT4-fs (mmcblk0p2): mounting ext3 file system using the ext4 subsystem
[   11.839782] EXT4-fs (mmcblk0p2): warning: mounting fs with errors, running e2fsck is recommended
[   12.021179] EXT4-fs (mmcblk0p2): recovery complete
[   12.160217] EXT4-fs (mmcblk0p2): mounted filesystem with ordered data mode. Opts: (null)
[   12.168701] VFS: Mounted root (ext3 filesystem) on device 179:2.
[   12.185424] devtmpfs: mounted
[   12.189422] Freeing unused kernel memory: 736K (c0b84000 - c0c3c000)
INIT: version 2.88 booting
Error opening /dev/fb0: No such file or directory
/dev/ttyO2 linked to /dev/tty-bd - using as console
Starting udev
[   12.725433] udevd[105]: starting version 182
[   14.282104] FAT-fs (mmcblk0p1): codepage cp437 not found
[   14.316497] FAT-fs (mmcblk0p1): codepage cp437 not found
[   14.492126] FAT-fs (mmcblk0p1): codepage cp437 not found
[   14.541809] FAT-fs (mmcblk0p1): codepage cp437 not found
ERROR: could not open directory /lib/modules/3.18.0-rc3-next-20141106-00002-g5efd7dd: No such file or directory
WARNING: -e needs -E or -F
ERROR: could not open directory /lib/modules/3.18.0-rc3-next-20141106-00002-g5efd7dd: No such file or directory
FATAL: could not search modules: No such file or directory
Starting Bootlog daemon: bootlogd.
[   14.745361] EXT4-fs (mmcblk0p2): re-mounted. Opts: data=ordered
[   14.793762] random: dd urandom read with 65 bits of entropy available
ALSA: Restoring mixer settings...
Configuring network interfaces... /usr/sbin/alsactl: load_state:1696: No soundcards found...
udhcpc (v1.20.2) started
Sending discover...
Sending select for 192.168.1.176...
Lease of 192.168.1.176 obtained, lease time 600
/etc/udhcpc.d/50default: Adding DNS 192.0.2.2
/etc/udhcpc.d/50default: Adding DNS 192.0.2.3
done.
Mon Jul 14 22:18:00 UTC 2014
INIT: Entering runlevel: 3
/dev/ttyO2 linked to /dev/tty-bd - using as console
Starting system message bus: dbus.
Starting Dropbear SSH server: dropbear.
Starting telnet daemon.
Starting syslogd/klogd: done
Starting thttpd.
Starting Lighttpd Web Server: 2014-07-14 22:18:00: (log.c.166) server started 
lighttpd.
***************************************************************
***************************************************************
NOTICE: This file system contains the followin GPLv3 packages:
	binutils-symlinks
	binutils
	gdbserver
	parted
If you do not wish to distribute GPLv3 components please remove
the above packages prior to distribution.  This can be done using
the opkg remove command.  i.e.:
    opkg remove <package>
Where <package> is the name printed in the list above
NOTE: If the package is a dependency of another package you
      will be notified of the dependent packages.  You should
      use the --force-removal-of-dependent-packages option to
      also remove the dependent packages as well
***************************************************************
******************************[   16.956329] random: nonblocking pool is initialized
*********************************
Stopping Bootlog daemon: bootlogd.
 _____                    _____           _         _   
|  _  |___ ___ ___ ___   |  _  |___ ___  |_|___ ___| |_ 
|     |  _| .'| . | . |  |   __|  _| . | | | -_|  _|  _|
|__|__|_| |__,|_  |___|  |__|  |_| |___|_| |___|___|_|  
              |___|                    |___|            
Arago Project http://arago-project.org GenericOMAP4(FlattenedDeviceTree) tty-bd
Arago 2013.12 GenericOMAP4(FlattenedDeviceTree) tty-bd
GenericOMAP4(FlattenedDeviceTree) login: 
- 05:47:26 [INFO] Host: root
- 05:47:27 [INFO] Target: 
root
root@GenericOMAP4(FlattenedDeviceTree):~# 
- 05:47:27 [INFO] Host: uname -a
- 05:47:27 [INFO] Target: 
uname -a
Linux GenericOMAP4(FlattenedDeviceTree) 3.18.0-rc3-next-20141106-00002-g5efd7dd #1 SMP Thu Nov 6 05:41:09 CST 2014 armv7l GNU/Linux
root@GenericOMAP4(FlattenedDeviceTree):~# 
- 05:47:27 [INFO] Host: cat /proc/cmdline
- 05:47:28 [INFO] Target: 
cat /proc/cmdline
console=ttyO2,115200n8 vram=16M earlyprintk rootwait  ip=dhcp  root=/dev/mmcblk0p2 rw rootfstype=ext3 rootwait 
root@GenericOMAP4(FlattenedDeviceTree):~# 
- 05:47:28 [INFO] Host: uname -a
- 05:47:29 [INFO] Target: 
uname -a
Linux GenericOMAP4(FlattenedDeviceTree) 3.18.0-rc3-next-20141106-00002-g5efd7dd #1 SMP Thu Nov 6 05:41:09 CST 2014 armv7l GNU/Linux
root@GenericOMAP4(FlattenedDeviceTree):~# 
- 05:47:29 [INFO] Host: cat /proc/mtd
- 05:47:29 [INFO] Target: 
cat /proc/mtd
dev:    size   erasesize  name
root@GenericOMAP4(FlattenedDeviceTree):~# 
- 05:47:38 [INFO] Host: export IPERFHOST=128.247.105.47
- 05:47:38 [INFO] Target: 
export IPERFHOST=128.247.105.47
root@GenericOMAP4(FlattenedDeviceTree):~# 
- 05:47:38 [INFO] Host: export NFS_SERVER=128.247.105.47
- 05:47:39 [INFO] Target: 
export NFS_SERVER=128.247.105.47
root@GenericOMAP4(FlattenedDeviceTree):~# 
- 05:47:39 [INFO] Host: export NFS_ROOT_PATH=/usr/workdir/filesys/linux/pandavanilla
- 05:47:39 [INFO] Target: 
export NFS_ROOT_PATH=/usr/workdir/file 
sys/linux/pandavanilla
root@GenericOMAP4(FlattenedDeviceTree):~# 
- 05:47:39 [INFO] Host: mkdir -p -m 777 /test
- 05:47:40 [INFO] Target: 
mkdir -p -m 777 /test
root@GenericOMAP4(FlattenedDeviceTree):~# 
- 05:47:40 [INFO] Host: cd /test
- 05:47:41 [INFO] Target: 
cd /test
root@GenericOMAP4(FlattenedDeviceTree):/test# 
- 05:47:41 [INFO] Host: cat > test.sh << EOF
- 05:47:41 [INFO] Target: 
cat > test.sh << EOF
- 05:47:41 [INFO] Host: failtest() {
- 05:47:42 [INFO] Target: 
failtest() {
- 05:47:42 [INFO] Host:   echo 1 >&3
- 05:47:42 [INFO] Target: 
  echo 1 >&3
- 05:47:42 [INFO] Host: }
- 05:47:43 [INFO] Target: 
- 05:47:43 [INFO] Host: timeout=600
- 05:47:43 [INFO] Target: 
timeout=600
- 05:47:43 [INFO] Host: 
- 05:47:44 [INFO] Target: 
- 05:47:44 [INFO] Host: # Start of user's script logic
- 05:47:45 [INFO] Target: 
# Start of user's script logic
- 05:47:45 [INFO] Host: 
- 05:47:45 [INFO] Target: 
- 05:47:45 [INFO] Host: 
- 05:47:46 [INFO] Target: 
- 05:47:46 [INFO] Host: mount -t proc proc /proc 2>/dev/null;
- 05:47:46 [INFO] Target: 
mount -t proc proc /proc 2>/dev/null;
- 05:47:46 [INFO] Host: 
- 05:47:47 [INFO] Target: 
- 05:47:47 [INFO] Host: mount -t sysfs sys /sys 2>/dev/null;
- 05:47:48 [INFO] Target: 
mount -t sysfs sys /sys 2>/dev/null;
- 05:47:48 [INFO] Host: 
- 05:47:48 [INFO] Target: 
- 05:47:48 [INFO] Host: mount -t debugfs none /sys/kernel/debug 2>/dev/null;
- 05:47:49 [INFO] Target: 
mount -t debugfs none /sys/kernel/debug 2>/dev/null;
- 05:47:49 [INFO] Host: 
- 05:47:49 [INFO] Target: 
- 05:47:49 [INFO] Host: echo 'cpuinfo:';cat /proc/cpuinfo; echo '=======';
- 05:47:50 [INFO] Target: 
echo 'cpuinfo:';cat /proc/cpuinfo; echo '=======';
- 05:47:50 [INFO] Host: 
- 05:47:50 [INFO] Target: 
- 05:47:50 [INFO] Host: echo 'soc info:';head /sys/devices/soc0/* 2>/dev/null; echo '=======';
- 05:47:51 [INFO] Target: 
echo 'soc info:';head /sys/devices/soc0/* 2>/dev/null; echo '=======';
- 05:47:51 [INFO] Host: 
- 05:47:52 [INFO] Target: 
- 05:47:52 [INFO] Host: echo 'DT Model info'; head /proc/device-tree/name /proc/device-tree/model /proc/device-tree/compatible 2>/dev/null;echo; echo '=======';
- 05:47:52 [INFO] Target: 
echo 'DT Model info'; head /proc/device-tree/name /proc/device-tree/model /pro 
c/device-tree/compatible 2>/dev/null;echo; echo '=======';
- 05:47:52 [INFO] Host: 
- 05:47:53 [INFO] Target: 
- 05:47:53 [INFO] Host: echo 'interrupts:';cat /proc/interrupts; echo '=======';
- 05:47:53 [INFO] Target: 
echo 'interrupts:';cat /proc/interrupts; echo '=======';
- 05:47:53 [INFO] Host: 
- 05:47:54 [INFO] Target: 
- 05:47:54 [INFO] Host: echo 'Clk_summary:';cat /sys/kernel/debug/clk/clk_summary; echo '=======';
- 05:47:55 [INFO] Target: 
echo 'Clk_summary:';cat /sys/kernel/debug/clk/clk_summary; echo '=======';
- 05:47:55 [INFO] Host: 
- 05:47:55 [INFO] Target: 
- 05:47:55 [INFO] Host: echo 'Orphan Clks:';ls /sys/kernel/debug/clk/orphans/; echo '=======';
- 05:47:56 [INFO] Target: 
echo 'Orphan Clks:';ls /sys/kernel/debug/clk/orphans/; echo '=======';
- 05:47:56 [INFO] Host: 
- 05:47:56 [INFO] Target: 
- 05:47:56 [INFO] Host: echo "Available frequencies"; cat /sys/devices/system/cpu/cpu0/cpufreq/scaling_available_frequencies 2>/dev/null;echo '=======';
- 05:47:57 [INFO] Target: 
echo "Available frequencies"; cat /sys/devices/system/cpu/cpu0/cpufreq/scaling 
_available_frequencies 2>/dev/null;echo '=======';
- 05:47:57 [INFO] Host: 
- 05:47:57 [INFO] Target: 
- 05:47:57 [INFO] Host: echo 'H''ello World' 'B''oard Booted';
- 05:47:58 [INFO] Target: 
echo 'H''ello World' 'B''oard Booted';
- 05:47:58 [INFO] Host: 
- 05:47:59 [INFO] Target: 
- 05:47:59 [INFO] Host: EOF
- 05:47:59 [INFO] Target: 
root@GenericOMAP4(FlattenedDeviceTree):/test# 
- 05:47:59 [INFO] Host: cd /test
- 05:48:00 [INFO] Target: 
cd /test
root@GenericOMAP4(FlattenedDeviceTree):/test# 
- 05:48:00 [INFO] Host: chmod +x test.sh
- 05:48:00 [INFO] Target: 
chmod +x test.sh
root@GenericOMAP4(FlattenedDeviceTree):/test# 
- 05:48:00 [INFO] Host: ./test.sh 2> stderr.log > stdout.log 3> result.log
- 05:48:01 [INFO] Target: 
./test.sh 2> stderr.log > stdout.l 
og 3> result.log
root@GenericOMAP4(FlattenedDeviceTree):/test# 
- 05:48:01 [INFO] Host: echo $?
- 05:48:02 [INFO] Target: 
echo $?
root@GenericOMAP4(FlattenedDeviceTree):/test# 
- 05:48:02 [INFO] Host: cd /test
- 05:48:02 [INFO] Target: 
cd /test
root@GenericOMAP4(FlattenedDeviceTree):/test# 
- 05:48:02 [INFO] Host: cat stdout.log
- 05:48:04 [INFO] Target: 
cat stdout.log
cpuinfo:
processor	: 0
model name	: ARMv7 Processor rev 2 (v7l)
Features	: half thumb fastmult vfp edsp thumbee neon vfpv3 tls vfpd32 
CPU implementer	: 0x41
CPU architecture: 7
CPU variant	: 0x1
CPU part	: 0xc09
CPU revision	: 2
processor	: 1
model name	: ARMv7 Processor rev 2 (v7l)
Features	: half thumb fastmult vfp edsp thumbee neon vfpv3 tls vfpd32 
CPU implementer	: 0x41
CPU architecture: 7
CPU variant	: 0x1
CPU part	: 0xc09
CPU revision	: 2
Hardware	: Generic OMAP4 (Flattened Device Tree)
Revision	: 0000
Serial		: 0000000000000000
=======
soc info:
==> /sys/devices/soc0/family <==
OMAP4
==> /sys/devices/soc0/machine <==
OMAP4430
==> /sys/devices/soc0/power <==
==> /sys/devices/soc0/revision <==
ES2.2
==> /sys/devices/soc0/subsystem <==
==> /sys/devices/soc0/type <==
==> /sys/devices/soc0/uevent <==
=======
DT Model info
==> /proc/device-tree/name <==
==> /proc/device-tree/model <==
TI OMAP4 PandaBoard
==> /proc/device-tree/compatible <==
ti,omap4-pandati,omap4430ti,omap4
=======
interrupts:
           CPU0       CPU1       
 29:       2073       2084       GIC  29  twd
 39:          0          0       GIC  39  TWL6030-PIH
 41:          0          0       GIC  41  l3-dbg-irq
 42:          0          0       GIC  42  l3-app-irq
 44:          0          0       GIC  44  DMA
 45:       2552          0       GIC  45  omap-dma-engine
 52:          0          0       GIC  52  gpmc
 69:       1575          0       GIC  69  gp_timer
 88:        252          0       GIC  88  48070000.i2c
 89:          0          0       GIC  89  48072000.i2c
 91:         13          0       GIC  91  mmc1
 93:          0          0       GIC  93  48060000.i2c
 94:          0          0       GIC  94  48350000.i2c
106:       4247          0       GIC 106  OMAP UART2
108:          1          0       GIC 108  ohci_hcd:usb2
109:        299          0       GIC 109  ehci_hcd:usb1
115:       4375          0       GIC 115  mmc0
363:          1          0      PRCM  pinctrl, pinctrl
419:          1          0   pinctrl 260  OMAP UART2
421:          0          0   twl6030  11  rtc0
IPI0:          0          1  CPU wakeup interrupts
IPI1:          0         90  Timer broadcast interrupts
IPI2:       1624       2131  Rescheduling interrupts
IPI3:          0          0  Function call interrupts
IPI4:        122       1727  Single function call interrupts
IPI5:          0          0  CPU stop interrupts
IPI6:          0          0  IRQ work interrupts
IPI7:          0          0  completion interrupts
Err:          0
=======
Clk_summary:
   clock                         enable_cnt  prepare_cnt        rate   accuracy   phase
----------------------------------------------------------------------------------------
 dummy_ck                                 0            0           0          0 0  
 xclk60motg_ck                            0            0    60000000          0 0  
 xclk60mhsp2_ck                           0            0    60000000          0 0  
 xclk60mhsp1_ck                           0            0    60000000          0 0  
    utmi_p1_gfclk                         0            0    60000000          0 0  
       usb_host_hs_utmi_p1_clk            0            0    60000000          0 0  
 utmi_phy_clkout_ck                       0            1    60000000          0 0  
    otg_60m_gfclk                         0            1    60000000          0 0  
       usb_otg_hs_xclk                    0            1    60000000          0 0  
 tie_low_clock_ck                         0            0           0          0 0  
 virt_38400000_ck                         1            1    38400000          0 0  
    sys_clkin_ck                          8           16    38400000          0 0  
       auxclk5_src_ck                     0            0    38400000          0 0  
          auxclk5_ck                      0            0    38400000          0 0  
             auxclkreq5_ck                0            0    38400000          0 0  
       auxclk4_src_ck                     0            0    38400000          0 0  
          auxclk4_ck                      0            0    19200000          0 0  
             auxclkreq4_ck                0            0    19200000          0 0  
       auxclk3_src_ck                     1            1    38400000          0 0  
          auxclk3_ck                      1            1    19200000          0 0  
             auxclkreq3_ck                0            0    19200000          0 0  
       auxclk2_src_ck                     0            0    38400000          0 0  
          auxclk2_ck                      0            0    38400000          0 0  
             auxclkreq2_ck                0            0    38400000          0 0  
       auxclk1_src_ck                     0            0    38400000          0 0  
          auxclk1_ck                      0            0    38400000          0 0  
             auxclkreq1_ck                0            0    38400000          0 0  
       auxclk0_src_ck                     0            0    38400000          0 0  
          auxclk0_ck                      0            0    38400000          0 0  
             auxclkreq0_ck                0            0    38400000          0 0  
       dpll_usb_ck                        1            1   960000000          0 0  
          dpll_usb_m2_ck                  1            1   480000000          0 0  
             usb_host_hs_hsic480m_p2_clk           0            0   480000000          0 0  
             usb_host_hs_hsic480m_p1_clk           0            0   480000000          0 0  
             init_60m_fclk                1            1    60000000          0 0  
                usb_tll_hs_usb_ch1_clk           0            0    60000000          0 0  
                usb_tll_hs_usb_ch0_clk           0            0    60000000          0 0  
                usb_tll_hs_usb_ch2_clk           0            0    60000000          0 0  
                usb_host_hs_fck           1            1    60000000          0 0  
                usb_host_hs_hsic60m_p2_clk           0            0    60000000          0 0  
                usb_host_hs_hsic60m_p1_clk           0            0    60000000          0 0  
                usb_host_hs_utmi_p3_clk           0            0    60000000          0 0  
                utmi_p2_gfclk             0            0    60000000          0 0  
                   usb_host_hs_utmi_p2_clk           0            0    60000000          0 0  
          dpll_usb_clkdcoldo_ck           0            0   960000000          0 0  
       dpll_per_ck                        1            2   768000000          0 0  
          dpll_per_x2_ck                  1            3  1536000000          0 0  
             dpll_per_m3x2_ck             0            0   256000000          0 0  
             dpll_per_m7x2_ck             0            0   307200000          0 0  
             dpll_per_m6x2_ck             0            0   384000000          0 0  
             dpll_per_m5x2_ck             0            1   170666667          0 0  
                dss_dss_clk               0            5   170666667          0 0  
             dpll_per_m4x2_ck             0            1   128000000          0 0  
                usim_ck                   0            0     9142858          0 0  
                   usim_fclk              0            0     9142858          0 0  
                fdif_fck                  0            1   128000000          0 0  
                func_64m_fclk             0            0    64000000          0 0  
             dpll_per_m2x2_ck             1            6   192000000          0 0  
                hsi_fck                   0            1   192000000          0 0  
                func_96m_fclk             0            8    96000000          0 0  
                   hsmmc2_fclk            0            1    96000000          0 0  
                   hsmmc1_fclk            0            1    96000000          0 0  
                   mcbsp4_sync_mux_ck           0            2    96000000          0 0  
                      per_mcbsp4_gfclk           0            1    96000000          0 0  
                   iss_ctrlclk            0            1    96000000          0 0  
                func_48mc_fclk            0            1    48000000          0 0  
                   usb_host_hs_func48mclk           0            0    48000000          0 0  
                   usb_host_fs_fck           0            0    48000000          0 0  
                   dss_48mhz_clk           0            2    48000000          0 0  
                func_48m_fclk             4           12    48000000          0 0  
                   ocp2scp_usb_phy_phy_48m           0            1    48000000          0 0  
                func_24mc_fclk            0            1    24000000          0 0  
                   slimbus2_fclk_0           0            1    24000000          0 0  
                func_12m_fclk             0            1    12000000          0 0  
          dpll_per_m2_ck                  0            1    96000000          0 0  
             func_24m_clk                 0            1    24000000          0 0  
                slimbus1_fclk_1           0            1    24000000          0 0  
       per_hsd_byp_clk_mux_ck             0            0    38400000          0 0  
       pmd_trace_clk_mux_ck               0            1    38400000          0 0  
          trace_clk_div_div_ck            0            1    38400000          0 0  
             trace_clk_div_ck             0            1    38400000          0 0  
       pmd_stm_clock_mux_ck               0            0    38400000          0 0  
          stm_clk_div_ck                  0            0    19200000          0 0  
       l4_wkup_clk_mux_ck                11           14    38400000          0 0  
          smartreflex_mpu_fck             0            1    38400000          0 0  
          smartreflex_iva_fck             0            1    38400000          0 0  
          smartreflex_core_fck            0            1    38400000          0 0  
       dpll_mpu_ck                        2            2   600000000          0 0  
          mpu_periphclk                   1            1   300000000          0 0  
          dpll_mpu_m2_ck                  1            1   600000000          0 0  
       iva_hsd_byp_clk_mux_ck             1            1    38400000          0 0  
          dpll_iva_ck                     1            1    38400000          0 0  
             dpll_iva_x2_ck               1            2    38400000          0 0  
                dpll_iva_m5x2_ck           1            2     9600000          0 0  
                dpll_iva_m4x2_ck           0            2     9600000          0 0  
       dpll_core_ck                       2            2   800000000          0 0  
          dpll_core_m2_ck                 1            1   800000000          0 0  
             ddrphy_ck                    2            2   400000000          0 0  
          dpll_core_x2_ck                 1            2  1600000000          0 0  
             dpll_core_m3x2_ck            0            0   320000000          0 0  
             dpll_core_m7x2_ck            0            1   320000000          0 0  
                sgx_clk_mux               0            1   320000000          0 0  
             dpll_core_m4x2_ck            0            0   200000000          0 0  
                dll_clk_div_ck            0            0   100000000          0 0  
             dpll_core_m5x2_ck            1            1   400000000          0 0  
                div_mpu_hs_clk            0            0   400000000          0 0  
                div_iva_hs_clk            0            0   400000000          0 0  
                div_core_ck               1            2   400000000          0 0  
                   ducati_clk_mux_ck           0            3   400000000          0 0  
                   l3_div_ck             41           43   200000000          0 0  
                      usb_otg_hs_ick           0            1   200000000          0 0  
                      sha2md5_fck           0            0   200000000          0 0  
                      dss_fck             7            8   200000000          0 0  
                      aes2_fck            0            0   200000000          0 0  
                      aes1_fck            0            0   200000000          0 0  
                      l4_div_ck          63           67   100000000          0 0  
                         usb_tll_hs_ick           1            1   100000000          0 0  
             dpll_core_m6x2_ck            0            0   266666667          0 0  
       core_hsd_byp_clk_mux_ck            0            0    38400000          0 0  
       cm2_dm9_mux                        0            1    38400000          0 0  
       cm2_dm4_mux                        0            1    38400000          0 0  
       cm2_dm3_mux                        0            1    38400000          0 0  
       cm2_dm2_mux                        0            1    38400000          0 0  
       cm2_dm11_mux                       0            1    38400000          0 0  
       cm2_dm10_mux                       0            1    38400000          0 0  
       syc_clk_div_ck                     0            5    38400000          0 0  
          timer8_sync_mux                 0            1    38400000          0 0  
          timer7_sync_mux                 0            1    38400000          0 0  
          timer6_sync_mux                 0            1    38400000          0 0  
          timer5_sync_mux                 0            1    38400000          0 0  
          dss_sys_clk                     0            4    38400000          0 0  
       dbgclk_mux_ck                      1            1    38400000          0 0  
       abe_dpll_bypass_clk_mux_ck           0            0    38400000          0 0  
 virt_27000000_ck                         0            0    27000000          0 0  
 virt_26000000_ck                         0            0    26000000          0 0  
 virt_19200000_ck                         0            0    19200000          0 0  
 virt_16800000_ck                         0            0    16800000          0 0  
 virt_13000000_ck                         0            0    13000000          0 0  
 virt_12000000_ck                         0            0    12000000          0 0  
 sys_32k_ck                               3           13       32768          0 0  
    usb_phy_cm_clk32k                     0            1       32768          0 0  
    gpio6_dbclk                           0            1       32768          0 0  
    gpio5_dbclk                           0            1       32768          0 0  
    gpio4_dbclk                           0            1       32768          0 0  
    gpio3_dbclk                           0            1       32768          0 0  
    gpio2_dbclk                           0            1       32768          0 0  
    bandgap_fclk                          0            0       32768          0 0  
    dmt1_clk_mux                          1            1       32768          0 0  
    gpio1_dbclk                           0            1       32768          0 0  
    abe_dpll_refclk_mux_ck                1            1       32768          0 0  
       dpll_abe_ck                        1            2    98304000          0 0  
          dpll_abe_m2_ck                  0            1    98304000          0 0  
             per_abe_nc_fclk              0            0    98304000          0 0  
             per_abe_24m_fclk             0            1    24576000          0 0  
                slimbus2_fclk_1           0            1    24576000          0 0  
          dpll_abe_x2_ck                  1            1   196608000          0 0  
             dpll_abe_m3x2_ck             0            0    98304000          0 0  
                usb_hs_clk_div_ck           0            0    32768000          0 0  
                per_hs_clk_div_ck           0            0    49152000          0 0  
             dpll_abe_m2x2_ck             1            2    98304000          0 0  
                lp_clk_div_ck             0            0     6144000          0 0  
                abe_clk                   1            1    98304000          0 0  
                   aess_fclk              1            2    98304000          0 0  
                      ocp_abe_iclk          20           20    49152000          0 0  
                abe_24m_fclk              0            6    12288000          0 0  
                   mcbsp3_sync_mux_ck           0            2    12288000          0 0  
                      func_mcbsp3_gfclk           0            1    12288000          0 0  
                   mcbsp2_sync_mux_ck           0            2    12288000          0 0  
                      func_mcbsp2_gfclk           0            1    12288000          0 0  
                   mcbsp1_sync_mux_ck           0            2    12288000          0 0  
                      func_mcbsp1_gfclk           0            1    12288000          0 0  
                   mcasp_sync_mux_ck           0            1    12288000          0 0  
                      func_mcasp_abe_gfclk           0            1    12288000          0 0  
                   dmic_sync_mux_ck           0            1    12288000          0 0  
                      func_dmic_abe_gfclk           0            1    12288000          0 0  
                   slimbus1_fclk_0           0            1    12288000          0 0  
 slimbus_src_clk                          0            1    12000000          0 0  
    slimbus_clk                           0            1    12000000          0 0  
       slimbus1_slimbus_clk               0            1    12000000          0 0  
 secure_32k_clk_src_ck                    0            0       32768          0 0  
 pad_slimbus_core_clks_ck                 0            1    12000000          0 0  
    slimbus2_slimbus_clk                  0            1    12000000          0 0  
 pad_clks_src_ck                          0            1    12000000          0 0  
    pad_clks_ck                           0            6    12000000          0 0  
       slimbus1_fclk_2                    0            1    12000000          0 0  
 extalt_clkin_ck                          0            1    59000000          0 0  
    dss_tv_clk                            0            2    59000000          0 0  
=======
Orphan Clks:
=======
Available frequencies
=======
Hello World Board Booted
root@GenericOMAP4(FlattenedDeviceTree):/test# 
- 05:48:04 [INFO] Host: cat stderr.log
- 05:48:05 [INFO] Target: 
cat stderr.log
ls: /sys/kernel/debug/clk/orphans/: No such file or directory
root@GenericOMAP4(FlattenedDeviceTree):/test# 
- 05:48:05 [INFO] Host: cat result.log
- 05:48:07 [ERROR] On command: cat result.log waiting for (?m-ix:^1[\0\n\r]+) >>> error: execution expired
- 05:48:07 [INFO] Target: 
cat result.log
root@GenericOMAP4(FlattenedDeviceTree):/test# 
- 05:48:07 [INFO] Host: cd /test
- 05:48:08 [INFO] Target: 
cd /test
root@GenericOMAP4(FlattenedDeviceTree):/test# 
