- 09:13:50 [INFO] Starting target session
- 09:13:51 [INFO] Connected to pandaboard-es via serial 
- 09:13:51 [INFO] Host: 
- 09:13:52 [INFO] Target: 

root@GenericOMAP4(FlattenedDeviceTree):/test# 
- 09:13:52 [INFO] Host: sync;poweroff
- 09:14:09 [INFO] Target: 
sync;poweroff


Broadcast message from root@GenericOMAP4(FlattenedDeviceTree) (ttyO2) (Sat Ma
The system is going down for system halt NOW!


INIT: Switching 
INIT: Sending processes the TERM signal

root@GenericOMAP4(FlattenedDeviceTree):/test# 
INIT: Sending proStopping Dropbear SSH server: stopped /usr/sbin/dropbear (pid 1359)
dropbear.
Stopping telnet daemon.
Stopping system message bus: Error opening /dev/fb0: No such file or directory
Stopping syslogd/klogd: stopped syslogd (pid 1371)
stopped klogd (pid 1373)
done
Stopping thttpd.
ALSA: Storing mixer settings...
/usr/sbin/alsactl: save_state:1580: No soundcards found...
Deconfiguring network interfaces... ifdown: interface eth0 not configured
done.
Stopping Lighttpd Web Server: stopped /usr/sbin/lighttpd (pid 1384)
lighttpd.
***************************************************************
***************************************************************
NOTICE: This file system contains the followin GPLv3 packages:
	binutils-symlinks
	binutils
	gdbserver
	parted

If you do not wish to distribute GPLv3 components please remove
the above packages prior to distribution.  This can be done using
the opkg remove command.  i.e.:
    opkg remove <package>
Where <package> is the name printed in the list above

NOTE: If the package is a dependency of another package you
      will be notified of the dependent packages.  You should
      use the --force-removal-of-dependent-packages option to
      also remove the dependent packages as well
***************************************************************
***************************************************************
Sending all processes the TERM signal...
Sending all processes the KILL signal...
Unmounting remote filesystems...
Deactivating swap...
Unmounting local filesystems...
[ 1307.049255] FAT-fs (mmcblk0p1): error, invalid access to FAT (entry 0x55548445)
[ 1307.049255] FAT-fs (mmcblk0p1): Filesystem has been set read-only
[ 1307.064208] grow_buffers: requested out-of-range block 384304969177957456 for device mmcblk0p1
[ 1307.073394] FAT-fs (mmcblk0p1): unable to read inode block for updating (i_pos 6148879506847319297)
[ 1307.083007] FAT-fs (mmcblk0p1): Failed to update on disk inode for unused fallocated blocks, inode could be corrupted. Please run fsck
[ 1309.500793] reboot: System halted

- 09:15:13 [INFO] Disconnected {"type"=>"serial"} from pandaboard-es
- 09:15:13 [INFO] Host: 
- 09:15:14 [INFO] Target: 
 0 
U-Boot# 
- 09:15:14 [INFO] Host: 
- 09:15:15 [INFO] Target: 

U-Boot# 
- 09:15:15 [INFO] Host: version
- 09:15:15 [INFO] Target: 
version

U-Boot 2014.04-00069-g53b0d70 (Apr 22 2014 - 14:39:57)
arm-linux-gnueabi-gcc (Ubuntu/Linaro 4.6.3-1ubuntu5) 4.6.3
GNU ld (GNU Binutils for Ubuntu) 2.22
U-Boot# 
- 09:15:15 [INFO] Host: setenv bootargs 'console=ttyO2,115200n8 vram=16M earlyprintk rootwait '
- 09:15:16 [INFO] Target: 
setenv bootargs 'console=ttyO2,115200n8 vram=16M earlyprintk rootwait '
U-Boot# 
- 09:15:16 [INFO] Host: setenv bootcmd  ''
- 09:15:16 [INFO] Target: 
setenv bootcmd  ''
U-Boot# 
- 09:15:16 [INFO] Host: setenv autoload 'no'
- 09:15:17 [INFO] Target: 
setenv autoload 'no'
U-Boot# 
- 09:15:17 [INFO] Host: setenv serverip '128.247.105.47'
- 09:15:17 [INFO] Target: 
setenv serverip '128.247.105.47'
U-Boot# 
- 09:15:17 [INFO] Host: printenv
- 09:15:18 [INFO] Target: 
printenv
arch=arm
autoload=no
baudrate=115200
board=panda
board_name=panda-es
bootargs=console=ttyO2,115200n8 vram=16M earlyprintk rootwait 
bootcmd=
bootdelay=1
bootdir=/boot
bootfile=zImage
bootm_size=0x08000000
bootpart=0:2
bootscript=echo Running bootscript from mmc${mmcdev} ...; source ${loadaddr}
console=ttyO2,115200n8
cpu=armv7
fdt_addr_r=0x88000000
fdtaddr=0x88000000
fdtfile=undefined
findfdt=if test $board_name = sdp4430; then setenv fdtfile omap4-sdp.dtb; fi; if test $board_name = panda; then setenv fdtfile omap4-panda.dtb; fi;if test $board_name = panda-a4; then setenv fdtfile omap4-panda-a4.dtb; fi;if test $board_name = panda-es; then setenv fdtfile omap4-panda-es.dtb; fi;if test $fdtfile = undefined; then echo WARNING: Could not determine device tree to use; fi; 
importbootenv=echo Importing environment from mmc${mmcdev} ...; env import -t ${loadaddr} ${filesize}
kernel_addr_r=0x82000000
loadaddr=0x82000000
loadbootenv=fatload mmc ${mmcdev} ${loadaddr} uEnv.txt
loadbootscript=fatload mmc ${mmcdev} ${loadaddr} boot.scr
loadfdt=load mmc ${bootpart} ${fdtaddr} ${bootdir}/${fdtfile}
loadimage=load mmc ${bootpart} ${loadaddr} ${bootdir}/${bootfile}
mmcargs=setenv bootargs console=${console} vram=${vram} root=${mmcroot} rootfstype=${mmcrootfstype}
mmcboot=echo Booting from mmc${mmcdev} ...; run mmcargs; bootz ${loadaddr} - ${fdtaddr}
mmcdev=0
mmcroot=/dev/mmcblk0p2 rw
mmcrootfstype=ext3 rootwait
ramdisk_addr_r=0x88080000
rdaddr=0x88080000
serverip=128.247.105.47
soc=omap4
usbethaddr=02:22:01:50:0e:50
usbtty=cdc_acm
vendor=ti
ver=U-Boot 2014.04-00069-g53b0d70 (Apr 22 2014 - 14:39:57)
vram=16M

Environment size: 1698/131068 bytes
U-Boot# 
- 09:15:18 [INFO] Host: dcache off
- 09:15:19 [INFO] Target: 
dcache off
Unknown command 'dcache' - try 'help'
U-Boot# 
- 09:15:19 [INFO] Host: usb start
- 09:15:21 [INFO] Target: 
usb start
(Re)start USB...
USB0:   USB EHCI 1.00
scanning bus 0 for devices... 3 USB Device(s) found
       scanning usb for storage devices... 0 Storage Device(s) found
       scanning usb for ethernet devices... 1 Ethernet Device(s) found
U-Boot# 
- 09:15:21 [INFO] Host: printenv
- 09:15:22 [INFO] Target: 
printenv
arch=arm
autoload=no
baudrate=115200
board=panda
board_name=panda-es
bootargs=console=ttyO2,115200n8 vram=16M earlyprintk rootwait 
bootcmd=
bootdelay=1
bootdir=/boot
bootfile=zImage
bootm_size=0x08000000
bootpart=0:2
bootscript=echo Running bootscript from mmc${mmcdev} ...; source ${loadaddr}
console=ttyO2,115200n8
cpu=armv7
ethact=sms0
fdt_addr_r=0x88000000
fdtaddr=0x88000000
fdtfile=undefined
findfdt=if test $board_name = sdp4430; then setenv fdtfile omap4-sdp.dtb; fi; if test $board_name = panda; then setenv fdtfile omap4-panda.dtb; fi;if test $board_name = panda-a4; then setenv fdtfile omap4-panda-a4.dtb; fi;if test $board_name = panda-es; then setenv fdtfile omap4-panda-es.dtb; fi;if test $fdtfile = undefined; then echo WARNING: Could not determine device tree to use; fi; 
importbootenv=echo Importing environment from mmc${mmcdev} ...; env import -t ${loadaddr} ${filesize}
kernel_addr_r=0x82000000
loadaddr=0x82000000
loadbootenv=fatload mmc ${mmcdev} ${loadaddr} uEnv.txt
loadbootscript=fatload mmc ${mmcdev} ${loadaddr} boot.scr
loadfdt=load mmc ${bootpart} ${fdtaddr} ${bootdir}/${fdtfile}
loadimage=load mmc ${bootpart} ${loadaddr} ${bootdir}/${bootfile}
mmcargs=setenv bootargs console=${console} vram=${vram} root=${mmcroot} rootfstype=${mmcrootfstype}
mmcboot=echo Booting from mmc${mmcdev} ...; run mmcargs; bootz ${loadaddr} - ${fdtaddr}
mmcdev=0
mmcroot=/dev/mmcblk0p2 rw
mmcrootfstype=ext3 rootwait
ramdisk_addr_r=0x88080000
rdaddr=0x88080000
serverip=128.247.105.47
soc=omap4
usbethaddr=02:22:01:50:0e:50
usbtty=cdc_acm
vendor=ti
ver=U-Boot 2014.04-00069-g53b0d70 (Apr 22 2014 - 14:39:57)
vram=16M

Environment size: 1712/131068 bytes
U-Boot# 
- 09:15:22 [INFO] Host: setenv bootargs ''${bootargs}' ip=dhcp '
- 09:15:22 [INFO] Target: 
setenv bootargs ''${bootargs}' ip=dhcp '
U-Boot# 
- 09:15:22 [INFO] Host: setenv ipaddr dhcp
- 09:15:23 [INFO] Target: 
setenv ipaddr dhcp
U-Boot# 
- 09:15:23 [INFO] Host: dhcp
- 09:15:26 [INFO] Target: 
dhcp
Waiting for Ethernet connection... done.
BOOTP broadcast 1
DHCP client bound to address 192.168.1.154
U-Boot# 
- 09:15:26 [INFO] Host: setenv serverip '128.247.105.47'
- 09:15:27 [INFO] Target: 
setenv serverip '128.247.105.47'
U-Boot# 
- 09:15:27 [INFO] Host: printenv
- 09:15:27 [INFO] Target: 
printenv
arch=arm
autoload=no
baudrate=115200
board=panda
board_name=panda-es
bootargs=console=ttyO2,115200n8 vram=16M earlyprintk rootwait  ip=dhcp 
bootcmd=
bootdelay=1
bootdir=/boot
bootfile=zImage
bootm_size=0x08000000
bootpart=0:2
bootscript=echo Running bootscript from mmc${mmcdev} ...; source ${loadaddr}
console=ttyO2,115200n8
cpu=armv7
dnsip=192.0.2.2
ethact=sms0
fdt_addr_r=0x88000000
fdtaddr=0x88000000
fdtfile=undefined
findfdt=if test $board_name = sdp4430; then setenv fdtfile omap4-sdp.dtb; fi; if test $board_name = panda; then setenv fdtfile omap4-panda.dtb; fi;if test $board_name = panda-a4; then setenv fdtfile omap4-panda-a4.dtb; fi;if test $board_name = panda-es; then setenv fdtfile omap4-panda-es.dtb; fi;if test $fdtfile = undefined; then echo WARNING: Could not determine device tree to use; fi; 
gatewayip=192.168.1.254
importbootenv=echo Importing environment from mmc${mmcdev} ...; env import -t ${loadaddr} ${filesize}
ipaddr=192.168.1.154
kernel_addr_r=0x82000000
loadaddr=0x82000000
loadbootenv=fatload mmc ${mmcdev} ${loadaddr} uEnv.txt
loadbootscript=fatload mmc ${mmcdev} ${loadaddr} boot.scr
loadfdt=load mmc ${bootpart} ${fdtaddr} ${bootdir}/${fdtfile}
loadimage=load mmc ${bootpart} ${loadaddr} ${bootdir}/${bootfile}
mmcargs=setenv bootargs console=${console} vram=${vram} root=${mmcroot} rootfstype=${mmcrootfstype}
mmcboot=echo Booting from mmc${mmcdev} ...; run mmcargs; bootz ${loadaddr} - ${fdtaddr}
mmcdev=0
mmcroot=/dev/mmcblk0p2 rw
mmcrootfstype=ext3 rootwait
netmask=255.255.255.0
ramdisk_addr_r=0x88080000
rdaddr=0x88080000
serverip=128.247.105.47
soc=omap4
usbethaddr=02:22:01:50:0e:50
usbtty=cdc_acm
vendor=ti
ver=U-Boot 2014.04-00069-g53b0d70 (Apr 22 2014 - 14:39:57)
vram=16M

Environment size: 1812/131068 bytes
U-Boot# 
- 09:15:27 [INFO] Host: setenv bootcmd ''${bootcmd}' tftp ${loadaddr} 128.247.105.47:vatf_3/f40257d1ebb40a98bc54facc5f5f092e; '
- 09:15:28 [INFO] Target: 
setenv bootcmd ''${bootcmd}' tftp ${loadaddr} 128.247.105.47:vatf_3/f40257d1ebb40a98bc54facc5f5f092e; '
U-Boot# 
- 09:15:28 [INFO] Host: printenv
- 09:15:28 [INFO] Target: 
printenv
arch=arm
autoload=no
baudrate=115200
board=panda
board_name=panda-es
bootargs=console=ttyO2,115200n8 vram=16M earlyprintk rootwait  ip=dhcp 
bootcmd= tftp ${loadaddr} 128.247.105.47:vatf_3/f40257d1ebb40a98bc54facc5f5f092e; 
bootdelay=1
bootdir=/boot
bootfile=zImage
bootm_size=0x08000000
bootpart=0:2
bootscript=echo Running bootscript from mmc${mmcdev} ...; source ${loadaddr}
console=ttyO2,115200n8
cpu=armv7
dnsip=192.0.2.2
ethact=sms0
fdt_addr_r=0x88000000
fdtaddr=0x88000000
fdtfile=undefined
findfdt=if test $board_name = sdp4430; then setenv fdtfile omap4-sdp.dtb; fi; if test $board_name = panda; then setenv fdtfile omap4-panda.dtb; fi;if test $board_name = panda-a4; then setenv fdtfile omap4-panda-a4.dtb; fi;if test $board_name = panda-es; then setenv fdtfile omap4-panda-es.dtb; fi;if test $fdtfile = undefined; then echo WARNING: Could not determine device tree to use; fi; 
gatewayip=192.168.1.254
importbootenv=echo Importing environment from mmc${mmcdev} ...; env import -t ${loadaddr} ${filesize}
ipaddr=192.168.1.154
kernel_addr_r=0x82000000
loadaddr=0x82000000
loadbootenv=fatload mmc ${mmcdev} ${loadaddr} uEnv.txt
loadbootscript=fatload mmc ${mmcdev} ${loadaddr} boot.scr
loadfdt=load mmc ${bootpart} ${fdtaddr} ${bootdir}/${fdtfile}
loadimage=load mmc ${bootpart} ${loadaddr} ${bootdir}/${bootfile}
mmcargs=setenv bootargs console=${console} vram=${vram} root=${mmcroot} rootfstype=${mmcrootfstype}
mmcboot=echo Booting from mmc${mmcdev} ...; run mmcargs; bootz ${loadaddr} - ${fdtaddr}
mmcdev=0
mmcroot=/dev/mmcblk0p2 rw
mmcrootfstype=ext3 rootwait
netmask=255.255.255.0
ramdisk_addr_r=0x88080000
rdaddr=0x88080000
serverip=128.247.105.47
soc=omap4
usbethaddr=02:22:01:50:0e:50
usbtty=cdc_acm
vendor=ti
ver=U-Boot 2014.04-00069-g53b0d70 (Apr 22 2014 - 14:39:57)
vram=16M

Environment size: 1886/131068 bytes
U-Boot# 
- 09:15:29 [INFO] Host: setenv bootcmd ''${bootcmd}' tftp ${fdt_addr_r} 128.247.105.47:vatf_3/f14c87ae3becc153c4ca2ff2596bdd9b; '
- 09:15:29 [INFO] Target: 
setenv bootcmd ''${bootcmd}' tftp ${fdt_addr_r} 128.247.105.47:vatf_3/f14c87ae3becc153c4ca2ff2596bdd9b; '
U-Boot# 
- 09:15:29 [INFO] Host: printenv
- 09:15:30 [INFO] Target: 
printenv
arch=arm
autoload=no
baudrate=115200
board=panda
board_name=panda-es
bootargs=console=ttyO2,115200n8 vram=16M earlyprintk rootwait  ip=dhcp 
bootcmd= tftp ${loadaddr} 128.247.105.47:vatf_3/f40257d1ebb40a98bc54facc5f5f092e;  tftp ${fdt_addr_r} 128.247.105.47:vatf_3/f14c87ae3becc153c4ca2ff2596bdd9b; 
bootdelay=1
bootdir=/boot
bootfile=zImage
bootm_size=0x08000000
bootpart=0:2
bootscript=echo Running bootscript from mmc${mmcdev} ...; source ${loadaddr}
console=ttyO2,115200n8
cpu=armv7
dnsip=192.0.2.2
ethact=sms0
fdt_addr_r=0x88000000
fdtaddr=0x88000000
fdtfile=undefined
findfdt=if test $board_name = sdp4430; then setenv fdtfile omap4-sdp.dtb; fi; if test $board_name = panda; then setenv fdtfile omap4-panda.dtb; fi;if test $board_name = panda-a4; then setenv fdtfile omap4-panda-a4.dtb; fi;if test $board_name = panda-es; then setenv fdtfile omap4-panda-es.dtb; fi;if test $fdtfile = undefined; then echo WARNING: Could not determine device tree to use; fi; 
gatewayip=192.168.1.254
importbootenv=echo Importing environment from mmc${mmcdev} ...; env import -t ${loadaddr} ${filesize}
ipaddr=192.168.1.154
kernel_addr_r=0x82000000
loadaddr=0x82000000
loadbootenv=fatload mmc ${mmcdev} ${loadaddr} uEnv.txt
loadbootscript=fatload mmc ${mmcdev} ${loadaddr} boot.scr
loadfdt=load mmc ${bootpart} ${fdtaddr} ${bootdir}/${fdtfile}
loadimage=load mmc ${bootpart} ${loadaddr} ${bootdir}/${bootfile}
mmcargs=setenv bootargs console=${console} vram=${vram} root=${mmcroot} rootfstype=${mmcrootfstype}
mmcboot=echo Booting from mmc${mmcdev} ...; run mmcargs; bootz ${loadaddr} - ${fdtaddr}
mmcdev=0
mmcroot=/dev/mmcblk0p2 rw
mmcrootfstype=ext3 rootwait
netmask=255.255.255.0
ramdisk_addr_r=0x88080000
rdaddr=0x88080000
serverip=128.247.105.47
soc=omap4
usbethaddr=02:22:01:50:0e:50
usbtty=cdc_acm
vendor=ti
ver=U-Boot 2014.04-00069-g53b0d70 (Apr 22 2014 - 14:39:57)
vram=16M

Environment size: 1962/131068 bytes
U-Boot# 
- 09:15:30 [INFO] Host: setenv bootargs ''${bootargs}' root=/dev/mmcblk0p2 rw rootfstype=ext3 rootwait '
- 09:15:30 [INFO] Target: 
setenv bootargs ''${bootargs}' root=/dev/mmcblk0p2 rw rootfstype=ext3 rootwait '
U-Boot# 
- 09:15:30 [INFO] Host: printenv
- 09:15:31 [INFO] Target: 
printenv
arch=arm
autoload=no
baudrate=115200
board=panda
board_name=panda-es
bootargs=console=ttyO2,115200n8 vram=16M earlyprintk rootwait  ip=dhcp  root=/dev/mmcblk0p2 rw rootfstype=ext3 rootwait 
bootcmd= tftp ${loadaddr} 128.247.105.47:vatf_3/f40257d1ebb40a98bc54facc5f5f092e;  tftp ${fdt_addr_r} 128.247.105.47:vatf_3/f14c87ae3becc153c4ca2ff2596bdd9b; 
bootdelay=1
bootdir=/boot
bootfile=zImage
bootm_size=0x08000000
bootpart=0:2
bootscript=echo Running bootscript from mmc${mmcdev} ...; source ${loadaddr}
console=ttyO2,115200n8
cpu=armv7
dnsip=192.0.2.2
ethact=sms0
fdt_addr_r=0x88000000
fdtaddr=0x88000000
fdtfile=undefined
findfdt=if test $board_name = sdp4430; then setenv fdtfile omap4-sdp.dtb; fi; if test $board_name = panda; then setenv fdtfile omap4-panda.dtb; fi;if test $board_name = panda-a4; then setenv fdtfile omap4-panda-a4.dtb; fi;if test $board_name = panda-es; then setenv fdtfile omap4-panda-es.dtb; fi;if test $fdtfile = undefined; then echo WARNING: Could not determine device tree to use; fi; 
gatewayip=192.168.1.254
importbootenv=echo Importing environment from mmc${mmcdev} ...; env import -t ${loadaddr} ${filesize}
ipaddr=192.168.1.154
kernel_addr_r=0x82000000
loadaddr=0x82000000
loadbootenv=fatload mmc ${mmcdev} ${loadaddr} uEnv.txt
loadbootscript=fatload mmc ${mmcdev} ${loadaddr} boot.scr
loadfdt=load mmc ${bootpart} ${fdtaddr} ${bootdir}/${fdtfile}
loadimage=load mmc ${bootpart} ${loadaddr} ${bootdir}/${bootfile}
mmcargs=setenv bootargs console=${console} vram=${vram} root=${mmcroot} rootfstype=${mmcrootfstype}
mmcboot=echo Booting from mmc${mmcdev} ...; run mmcargs; bootz ${loadaddr} - ${fdtaddr}
mmcdev=0
mmcroot=/dev/mmcblk0p2 rw
mmcrootfstype=ext3 rootwait
netmask=255.255.255.0
ramdisk_addr_r=0x88080000
rdaddr=0x88080000
serverip=128.247.105.47
soc=omap4
usbethaddr=02:22:01:50:0e:50
usbtty=cdc_acm
vendor=ti
ver=U-Boot 2014.04-00069-g53b0d70 (Apr 22 2014 - 14:39:57)
vram=16M

Environment size: 2011/131068 bytes
U-Boot# 
- 09:15:31 [INFO] Host: setenv bootcmd ''${bootcmd}' if iminfo ${loadaddr}; then bootm ${loadaddr} - ${fdt_addr_r}; else bootz ${loadaddr} - ${fdt_addr_r}; bootm ${loadaddr} - ${fdt_addr_r}; fi'
- 09:15:31 [INFO] Target: 
setenv bootcmd ''${bootcmd}' if iminfo ${loadaddr}; then bootm ${loadaddr} - ${fdt_addr_r}; else bootz ${loadaddr} - ${fdt_addr_r}; bootm ${loadaddr} - ${fdt_addr_r}; fi'
U-Boot# 
- 09:15:31 [INFO] Host: bdinfo
- 09:15:32 [INFO] Target: 
bdinfo
arch_number = 0x00000AE7
boot_params = 0x80000100
DRAM bank   = 0x00000000
-> start    = 0x80000000
-> size     = 0x40000000
eth0name    = sms0
ethaddr     = (not set)
current eth = sms0
ip_addr     = 192.168.1.154
baudrate    = 115200 bps
TLB addr    = 0xBFFF0000
relocaddr   = 0xBFF79000
reloc off   = 0x3F779000
irq_sp      = 0xBFE58EE0
sp start    = 0xBFE58ED0
U-Boot# 
- 09:15:32 [INFO] Host: boot
- 09:16:04 [INFO] Target: 
boot
Waiting for Ethernet connection... done.
Using sms0 device
TFTP from server 128.247.105.47; our IP address is 192.168.1.154; sending through gateway 192.168.1.254
Filename 'vatf_3/f40257d1ebb40a98bc54facc5f5f092e'.
Load address: 0x82000000
Loading: *EHCI timed out on TD - token=0x88008d80
T #################################################################
	 #################################################################
	 #################################################################
	 #################################################################
	 ###########################################################
	 545.9 KiB/s
done
Bytes transferred = 4678984 (476548 hex)
Waiting for Ethernet connection... done.
Using sms0 device
TFTP from server 128.247.105.47; our IP address is 192.168.1.154; sending through gateway 192.168.1.254
Filename 'vatf_3/f14c87ae3becc153c4ca2ff2596bdd9b'.
Load address: 0x88000000
Loading: *EHCI timed out on TD - token=0x8008d80
T ####
	 7.8 KiB/s
done
Bytes transferred = 55467 (d8ab hex)

## Checking Image at 82000000 ...
Unknown image format!
Kernel image @ 0x82000000 [ 0x000000 - 0x476548 ]
## Flattened Device Tree blob at 88000000
   Booting using the fdt blob at 0x88000000
   Loading Device Tree to 87fef000, end 87fff8aa ... OK

Starting kernel ...

[    0.000000] Booting Linux on physical CPU 0x0
[    0.000000] Linux version 3.15.0-rc5-next-20140520-00002-gd5602f4 (nmenon@kahuna) (gcc version 4.6.3 (Ubuntu/Linaro 4.6.3-1ubuntu5) ) #1 SMP Tue May 20 09:09:46 CDT 2014
[    0.000000] CPU: ARMv7 Processor [412fc09a] revision 10 (ARMv7), cr=10c5387d
[    0.000000] CPU: PIPT / VIPT nonaliasing data cache, VIPT aliasing instruction cache
[    0.000000] Machine model: TI OMAP4 PandaBoard
[    0.000000] cma: CMA: reserved 64 MiB at ab800000
[    0.000000] Memory policy: Data cache writealloc
[    0.000000] OMAP4460 ES1.1
[    0.000000] PERCPU: Embedded 7 pages/cpu @eaf93000 s7744 r8192 d12736 u32768
[    0.000000] Built 1 zonelists in Zone order, mobility grouping on.  Total pages: 260368
[    0.000000] Kernel command line: console=ttyO2,115200n8 vram=16M earlyprintk rootwait  ip=dhcp  root=/dev/mmcblk0p2 rw rootfstype=ext3 rootwait 
[    0.000000] PID hash table entries: 4096 (order: 2, 16384 bytes)
[    0.000000] Dentry cache hash table entries: 131072 (order: 7, 524288 bytes)
[    0.000000] Inode-cache hash table entries: 65536 (order: 6, 262144 bytes)
[    0.000000] Memory: 962372K/1047552K available (6090K kernel code, 810K rwdata, 2424K rodata, 555K init, 290K bss, 85180K reserved, 269312K highmem)
[    0.000000] Virtual kernel memory layout:
[    0.000000]     vector  : 0xffff0000 - 0xffff1000   (   4 kB)
[    0.000000]     fixmap  : 0xffc00000 - 0xffe00000   (2048 kB)
[    0.000000]     vmalloc : 0xf0000000 - 0xff000000   ( 240 MB)
[    0.000000]     lowmem  : 0xc0000000 - 0xef800000   ( 760 MB)
[    0.000000]     pkmap   : 0xbfe00000 - 0xc0000000   (   2 MB)
[    0.000000]     modules : 0xbf000000 - 0xbfe00000   (  14 MB)
[    0.000000]       .text : 0xc0208000 - 0xc0a58c80   (8516 kB)
[    0.000000]       .init : 0xc0a59000 - 0xc0ae3e40   ( 556 kB)
[    0.000000]       .data : 0xc0ae4000 - 0xc0baea60   ( 811 kB)
[    0.000000]        .bss : 0xc0baea68 - 0xc0bf72c8   ( 291 kB)
[    0.000000] SLUB: HWalign=64, Order=0-3, MinObjects=0, CPUs=2, Nodes=1
[    0.000000] Hierarchical RCU implementation.
[    0.000000] 	RCU restricting CPUs from NR_CPUS=4 to nr_cpu_ids=2.
[    0.000000] RCU: Adjusting geometry for rcu_fanout_leaf=16, nr_cpu_ids=2
[    0.000000] NR_IRQS:16 nr_irqs:16 16
[    0.000000] ti_dt_clocks_register: failed to lookup clock node bandgap_fclk
[    0.000000] OMAP clockevent source: timer1 at 32768 Hz
[    0.000030] sched_clock: 32 bits at 32kHz, resolution 30517ns, wraps every 65536000000000ns
[    0.000030] OMAP clocksource: 32k_counter at 32768 Hz
[    0.000213] smp_twd: clock not found -2
[    0.004089] Console: colour dummy device 80x30
[    0.004119] Calibrating local timer... 349.03MHz.
[    0.059295] Calibrating delay loop... 1391.00 BogoMIPS (lpj=6955008)
[    0.099243] pid_max: default: 32768 minimum: 301
[    0.099365] Mount-cache hash table entries: 2048 (order: 1, 8192 bytes)
[    0.099395] Mountpoint-cache hash table entries: 2048 (order: 1, 8192 bytes)
[    0.100006] CPU: Testing write buffer coherency: ok
[    0.100280] CPU0: thread -1, cpu 0, socket 0, mpidr 80000000
[    0.100341] Setting up static identity map for 0x807c1d48 - 0x807c1de0
[    0.102935] L310 cache controller enabled
[    0.102966] l2x0: 16 ways, CACHE_ID 0x410000c7, AUX_CTRL 0x7e470000, Cache size: 1024 kB
[    0.104675] CPU1: Booted secondary processor
[    0.139099] CPU1: thread -1, cpu 1, socket 0, mpidr 80000001
[    0.139221] Brought up 2 CPUs
[    0.139221] SMP: Total of 2 processors activated.
[    0.139251] CPU: All CPU(s) started in SVC mode.
[    0.139739] devtmpfs: initialized
[    0.143035] VFP support v0.3: implementor 41 architecture 3 part 30 variant 9 rev 4
[    0.144378] omap_hwmod: l3_main_3 using broken dt data from ocp
[    0.145568] omap_hwmod: l3_main_2 using broken dt data from ocp
[    0.232543] pinctrl core: initialized pinctrl subsystem
[    0.232910] regulator-dummy: no parameters
[    0.250762] NET: Registered protocol family 16
[    0.253692] DMA: preallocated 256 KiB pool for atomic coherent allocations
[    0.255249] cpuidle: using governor ladder
[    0.255249] cpuidle: using governor menu
[    0.271453] OMAP GPIO hardware version 0.1
[    0.274444] omap-gpmc 50000000.gpmc: GPMC revision 6.0
[    0.282714] platform 4b501000.aes: Cannot lookup hwmod 'aes'
[    0.282928] platform 480a5000.des: Cannot lookup hwmod 'des'
[    0.286712] No ATAGs?
[    0.287902] OMAP DMA hardware revision 0.0
[    0.290069] Serial: AMBA PL011 UART driver
[    0.322357] edma-dma-engine edma-dma-engine.0: Can't allocate PaRAM dummy slot
[    0.322387] edma-dma-engine: probe of edma-dma-engine.0 failed with error -5
[    0.332733] omap-dma-engine 4a056000.dma-controller: OMAP DMA engine driver
[    0.408386] hsusb1_vbus: 3300 mV 
[    0.408508] reg-fixed-voltage wl12xx_vmmc.10: could not find pctldev for node /ocp/pinmux@4a100040/pinmux_wl12xx_gpio, deferring probe
[    0.408538] platform wl12xx_vmmc.10: Driver reg-fixed-voltage requests probe deferral
[    0.411315] vgaarb: loaded
[    0.411895] SCSI subsystem initialized
[    0.412384] usbcore: registered new interface driver usbfs
[    0.412445] usbcore: registered new interface driver hub
[    0.412536] usbcore: registered new device driver usb
[    0.413391] omap_i2c 48070000.i2c: could not find pctldev for node /ocp/pinmux@4a100040/pinmux_i2c1_pins, deferring probe
[    0.413391] platform 48070000.i2c: Driver omap_i2c requests probe deferral
[    0.413421] omap_i2c 48072000.i2c: could not find pctldev for node /ocp/pinmux@4a100040/pinmux_i2c2_pins, deferring probe
[    0.413452] platform 48072000.i2c: Driver omap_i2c requests probe deferral
[    0.413482] omap_i2c 48060000.i2c: could not find pctldev for node /ocp/pinmux@4a100040/pinmux_i2c3_pins, deferring probe
[    0.413482] platform 48060000.i2c: Driver omap_i2c requests probe deferral
[    0.413513] omap_i2c 48350000.i2c: could not find pctldev for node /ocp/pinmux@4a100040/pinmux_i2c4_pins, deferring probe
[    0.413543] platform 48350000.i2c: Driver omap_i2c requests probe deferral
[    0.413940] Linux video capture interface: v2.00
[    0.414001] pps_core: LinuxPPS API ver. 1 registered
[    0.414001] pps_core: Software ver. 5.3.6 - Copyright 2005-2007 Rodolfo Giometti <giometti@linux.it>
[    0.414031] PTP clock support registered
[    0.414123] EDAC MC: Ver: 3.0.0
[    0.414855] Advanced Linux Sound Architecture Driver Initialized.
[    0.415832] Switched to clocksource 32k_counter
[    0.425781] NET: Registered protocol family 2
[    0.426208] TCP established hash table entries: 8192 (order: 3, 32768 bytes)
[    0.426300] TCP bind hash table entries: 8192 (order: 4, 65536 bytes)
[    0.426452] TCP: Hash tables configured (established 8192 bind 8192)
[    0.426513] TCP: reno registered
[    0.426513] UDP hash table entries: 512 (order: 2, 16384 bytes)
[    0.426574] UDP-Lite hash table entries: 512 (order: 2, 16384 bytes)
[    0.426757] NET: Registered protocol family 1
[    0.427032] RPC: Registered named UNIX socket transport module.
[    0.427032] RPC: Registered udp transport module.
[    0.427032] RPC: Registered tcp transport module.
[    0.427032] RPC: Registered tcp NFSv4.1 backchannel transport module.
[    0.430297] futex hash table entries: 512 (order: 3, 32768 bytes)
[    0.431091] bounce: pool size: 64 pages
[    0.440216] squashfs: version 4.0 (2009/01/31) Phillip Lougher
[    0.440887] NFS: Registering the id_resolver key type
[    0.440917] Key type id_resolver registered
[    0.440917] Key type id_legacy registered
[    0.440979] msgmni has been set to 1481
[    0.441558] Block layer SCSI generic (bsg) driver version 0.4 loaded (major 249)
[    0.441589] io scheduler noop registered
[    0.441589] io scheduler deadline registered
[    0.441772] io scheduler cfq registered (default)
[    0.444152] pinctrl-single 4a100040.pinmux: 203 pins at pa fc100040 size 406
[    0.444335] pinctrl-single 4a31e040.pinmux: 28 pins at pa fc31e040 size 56
[    0.509796] Serial: 8250/16550 driver, 4 ports, IRQ sharing disabled
[    0.511322] Serial: IMX driver
[    0.511749] msm_serial: driver initialized
[    0.512359] omap_uart 4806a000.serial: no wakeirq for uart0
[    0.512481] 4806a000.serial: ttyO0 at MMIO 0x4806a000 (irq = 104, base_baud = 3000000) is a OMAP UART0
[    0.512786] omap_uart 4806c000.serial: no wakeirq for uart0
[    0.512878] 4806c000.serial: ttyO1 at MMIO 0x4806c000 (irq = 105, base_baud = 3000000) is a OMAP UART1
[    0.513183] omap_uart 48020000.serial: no wakeirq for uart0
[    0.513275] 48020000.serial: ttyO2 at MMIO 0x48020000 (irq = 106, base_baud = 3000000) is a OMAP UART2
[    1.313659] console [ttyO2] enabled
[    1.317626] omap_uart 4806e000.serial: no wakeirq for uart0
[    1.323577] 4806e000.serial: ttyO3 at MMIO 0x4806e000 (irq = 102, base_baud = 3000000) is a OMAP UART3
[    1.333770] STMicroelectronics ASC driver initialized
[    1.339996] serial: Freescale lpuart driver
[    1.344604] [drm] Initialized drm 1.1.0 20060810
[    1.354797] loop: module loaded
[    1.364501] pegasus: v0.9.3 (2013/04/25), Pegasus/Pegasus II USB Ethernet driver
[    1.372344] usbcore: registered new interface driver pegasus
[    1.378387] usbcore: registered new interface driver asix
[    1.384094] usbcore: registered new interface driver ax88179_178a
[    1.390563] usbcore: registered new interface driver cdc_ether
[    1.396759] usbcore: registered new interface driver smsc75xx
[    1.402862] usbcore: registered new interface driver smsc95xx
[    1.408966] usbcore: registered new interface driver net1080
[    1.414947] usbcore: registered new interface driver cdc_subset
[    1.421234] usbcore: registered new interface driver zaurus
[    1.427185] usbcore: registered new interface driver cdc_ncm
[    1.433135] ehci_hcd: USB 2.0 'Enhanced' Host Controller (EHCI) Driver
[    1.440002] ehci-pci: EHCI PCI platform driver
[    1.444732] ehci-platform: EHCI generic platform driver
[    1.450439] ehci-omap: OMAP-EHCI Host Controller driver
[    1.476196] ehci-omap 4a064c00.ehci: EHCI Host Controller
[    1.481903] ehci-omap 4a064c00.ehci: new USB bus registered, assigned bus number 1
[    1.490081] ehci-omap 4a064c00.ehci: irq 109, io mem 0x4a064c00
[    1.515869] ehci-omap 4a064c00.ehci: USB 2.0 started, EHCI 1.00
[    1.522827] hub 1-0:1.0: USB hub found
[    1.526824] hub 1-0:1.0: 3 ports detected
[    1.531524] ehci-orion: EHCI orion driver
[    1.535980] SPEAr-ehci: EHCI SPEAr driver
[    1.540313] tegra-ehci: Tegra EHCI driver
[    1.545227] usbcore: registered new interface driver usb-storage
[    1.553466] mousedev: PS/2 mouse device common for all mice
[    1.561523] i2c /dev entries driver
[    1.566070] usbcore: registered new interface driver uvcvideo
[    1.572113] USB Video Class driver (1.1.1)
[    1.576446] gspca_main: v2.14.0 registered
[    1.582977] sdhci: Secure Digital Host Controller Interface driver
[    1.589508] sdhci: Copyright(c) Pierre Ossman
[    1.594970] omap_hsmmc 4809c000.mmc: unable to get vmmc regulator -517
[    1.601898] platform 4809c000.mmc: Driver omap_hsmmc requests probe deferral
[    1.609588] omap_hsmmc 480d5000.mmc: unable to get vmmc regulator -517
[    1.616516] platform 480d5000.mmc: Driver omap_hsmmc requests probe deferral
[    1.624389] sdhci-pltfm: SDHCI platform and OF driver helper
[    1.631256] usbcore: registered new interface driver usbhid
[    1.637145] usbhid: USB HID core driver
[    1.645416] TCP: cubic registered
[    1.648925] NET: Registered protocol family 17
[    1.653778] Key type dns_resolver registered
[    1.658782] Power Management for TI OMAP4+ devices.
[    1.663940] Power Management for TI OMAP4.
[    1.668243] OMAP4 PM: u-boot >= v2012.07 is required for full PM support
[    1.675354] ThumbEE CPU extension supported.
[    1.680145] Registering SWP/SWPB emulation handler
[    1.686340] vwl1271: 1800 mV 
[    1.690643] Skipping twl internal clock init and using bootloader value (unknown osc rate)
[    1.700408] twl 0-0048: PIH (irq 39) nested IRQs
[    1.706054] twl_rtc rtc.15: Power up reset detected.
[    1.711975] twl_rtc rtc.15: Enabling TWL-RTC
[    1.719055] twl_rtc rtc.15: rtc core: registered rtc.15 as rtc0
[    1.726043] VAUX1_6030: 1000 <--> 3000 mV at 2800 mV 
[    1.732116] VAUX2_6030: 1200 <--> 2800 mV at 1800 mV 
[    1.738220] VAUX3_6030: 1000 <--> 3000 mV at 1200 mV 
[    1.744323] VMMC: 1200 <--> 3000 mV at 3000 mV 
[    1.749908] VPP: 1800 <--> 2500 mV at 1900 mV 
[    1.755340] VUSIM: 1200 <--> 2900 mV at 1800 mV 
[    1.760375] VDAC: 1800 mV 
[    1.760375] VANA: 2100 mV 
[    1.767669] VCXIO: 1800 mV 
[    1.767669] VUSB: 3300 mV 
[    1.774597] V1V8: 1800 mV 
[    1.778198] V2V1: 2100 mV 
[    1.784118] omap_i2c 48070000.i2c: bus 0 rev0.11 at 400 kHz
[    1.855926] usb 1-1: new high-speed USB device number 2 using ehci-omap
[    2.007690] hub 1-1:1.0: USB hub found
[    2.012268] hub 1-1:1.0: 5 ports detected
[    2.081573] omap_i2c 48072000.i2c: bus 1 rev0.11 at 400 kHz
[    2.323181] usb 1-1.1: new high-speed USB device number 3 using ehci-omap
[    2.425720] omap_i2c 48060000.i2c: bus 2 rev0.11 at 100 kHz
[    2.459167] smsc95xx v1.0.4
[    2.520294] smsc95xx 1-1.1:1.0 eth0: register 'smsc95xx' at usb-4a064c00.ehci-1.1, smsc95xx USB 2.0 Ethernet, 62:6a:f7:5f:fb:4e
[    2.776153] omap_i2c 48350000.i2c: bus 3 rev0.11 at 400 kHz
[    2.784179] omap_hsmmc 4809c000.mmc: pins are not configured from the driver
[    2.988647] twl_rtc rtc.15: setting system clock to 2000-01-01 00:00:01 UTC (946684801)
[    3.033996] mmc0: host does not support reading read-only switch. assuming write-enable.
[    3.044372] mmc0: new high speed SDHC card at address b368
[    3.050506] mmcblk0: mmc0:b368 NCard 3.73 GiB 
[    3.056823]  mmcblk0: p1 p2
[    3.064971] omap_hsmmc 480d5000.mmc: card claims to support voltages below defined range
[    3.079742] smsc95xx 1-1.1:1.0 eth0: hardware isn't capable of remote wakeup
[    3.090942] mmc1: queuing unknown CIS tuple 0x91 (3 bytes)
[    3.097564] mmc1: new SDIO card at address 0001
[    4.551788] smsc95xx 1-1.1:1.0 eth0: link up, 100Mbps, full-duplex, lpa 0xC5E1
[    4.594726] Sending DHCP requests ., OK
[    5.686157] IP-Config: Got DHCP answer from 192.168.1.254, my address is 192.168.1.173
[    5.686187] IP-Config: Complete:
[    5.697967]      device=eth0, hwaddr=62:6a:f7:5f:fb:4e, ipaddr=192.168.1.173, mask=255.255.255.0, gw=192.168.1.254
[    5.697967]      host=192.168.1.173, domain=ti.com, nis-domain=(none)
[    5.715576]      bootserver=192.168.1.254, rootserver=192.168.1.254, rootpath=
[    5.722961]      nameserver0=192.0.2.2, nameserver1=192.0.2.3
[    5.729431] ALSA device list:
[    5.729431]   No soundcards found.
[    5.737548] EXT4-fs (mmcblk0p2): mounting ext3 file system using the ext4 subsystem
[    5.763275] EXT4-fs (mmcblk0p2): mounted filesystem with ordered data mode. Opts: (null)
[    5.763275] VFS: Mounted root (ext3 filesystem) on device 179:2.
[    5.788024] devtmpfs: mounted
[    5.788085] Freeing unused kernel memory: 552K (c0a59000 - c0ae3000)

INIT: version 2.88 booting

Error opening /dev/fb0: No such file or directory
/dev/ttyO2 linked to /dev/tty-bd - using as console
Starting udev
[    6.426116] udevd[103]: starting version 182
[    7.718353] FAT-fs (mmcblk0p1): codepage cp437 not found
[    7.753387] FAT-fs (mmcblk0p1): codepage cp437 not found
[    7.879028] FAT-fs (mmcblk0p1): codepage cp437 not found
[    7.902893] FAT-fs (mmcblk0p1): codepage cp437 not found
ERROR: could not open directory /lib/modules/3.15.0-rc5-next-20140520-00002-gd5602f4: No such file or directory
WARNING: -e needs -E or -F
ERROR: could not open directory /lib/modules/3.15.0-rc5-next-20140520-00002-gd5602f4: No such file or directory
FATAL: could not search modules: No such file or directory
Starting Bootlog daemon: bootlogd.

[    8.199279] EXT4-fs (mmcblk0p2): re-mounted. Opts: data=ordered
[    8.242767] random: dd urandom read with 105 bits of entropy available
ALSA: Restoring mixer settings...

Configuring network interfaces... /usr/sbin/alsactl: load_state:1696: No soundcards found...

udhcpc (v1.20.2) started

Sending discover...

Sending select for 192.168.1.173...

Lease of 192.168.1.173 obtained, lease time 600

/etc/udhcpc.d/50default: Adding DNS 192.0.2.2

/etc/udhcpc.d/50default: Adding DNS 192.0.2.3

done.

Sat Mar 22 07:16:00 UTC 2014


INIT: Entering runlevel: 3


/dev/ttyO2 linked to /dev/tty-bd - using as console

Starting system message bus: [    9.205688] random: nonblocking pool is initialized
dbus.

Starting Dropbear SSH server: dropbear.

Starting telnet daemon.

Starting syslogd/klogd: done

Starting thttpd.

Starting Lighttpd Web Server: 2014-03-22 07:16:00: (log.c.166) server started 

lighttpd.

***************************************************************

***************************************************************

NOTICE: This file system contains the followin GPLv3 packages:

	binutils-symlinks

	binutils

	gdbserver

	parted



If you do not wish to distribute GPLv3 components please remove

the above packages prior to distribution.  This can be done using

the opkg remove command.  i.e.:

    opkg remove <package>

Where <package> is the name printed in the list above



NOTE: If the package is a dependency of another package you

      will be notified of the dependent packages.  You should

      use the --force-removal-of-dependent-packages option to

      also remove the dependent packages as well

***************************************************************

***************************************************************

Stopping Bootlog daemon: bootlogd.

 _____                    _____           _         _   
|  _  |___ ___ ___ ___   |  _  |___ ___  |_|___ ___| |_ 
|     |  _| .'| . | . |  |   __|  _| . | | | -_|  _|  _|
|__|__|_| |__,|_  |___|  |__|  |_| |___|_| |___|___|_|  
              |___|                    |___|            

Arago Project http://arago-project.org GenericOMAP4(FlattenedDeviceTree) tty-bd

Arago 2013.12 GenericOMAP4(FlattenedDeviceTree) tty-bd

GenericOMAP4(FlattenedDeviceTree) login: 
- 09:16:04 [INFO] Host: root
- 09:16:04 [INFO] Target: 
root
root@GenericOMAP4(FlattenedDeviceTree):~# 
- 09:16:04 [INFO] Host: uname -a
- 09:16:05 [INFO] Target: 
uname -a
Linux GenericOMAP4(FlattenedDeviceTree) 3.15.0-rc5-next-20140520-00002-gd5602f4 #1 SMP Tue May 20 09:09:46 CDT 2014 armv7l GNU/Linux
root@GenericOMAP4(FlattenedDeviceTree):~# 
- 09:16:05 [INFO] Host: cat /proc/cmdline
- 09:16:05 [INFO] Target: 
cat /proc/cmdline
console=ttyO2,115200n8 vram=16M earlyprintk rootwait  ip=dhcp  root=/dev/mmcblk0p2 rw rootfstype=ext3 rootwait 
root@GenericOMAP4(FlattenedDeviceTree):~# 
- 09:16:06 [INFO] Host: uname -a
- 09:16:06 [INFO] Target: 
uname -a
Linux GenericOMAP4(FlattenedDeviceTree) 3.15.0-rc5-next-20140520-00002-gd5602f4 #1 SMP Tue May 20 09:09:46 CDT 2014 armv7l GNU/Linux
root@GenericOMAP4(FlattenedDeviceTree):~# 
- 09:16:06 [INFO] Host: cat /proc/mtd
- 09:16:07 [INFO] Target: 
cat /proc/mtd
dev:    size   erasesize  name
root@GenericOMAP4(FlattenedDeviceTree):~# 
- 09:16:14 [INFO] Host: export IPERFHOST=128.247.105.47
- 09:16:15 [INFO] Target: 
export IPERFHOST=128.247.105.47
root@GenericOMAP4(FlattenedDeviceTree):~# 
- 09:16:15 [INFO] Host: export NFS_SERVER=128.247.105.47
- 09:16:15 [INFO] Target: 
export NFS_SERVER=128.247.105.47
root@GenericOMAP4(FlattenedDeviceTree):~# 
- 09:16:15 [INFO] Host: export NFS_ROOT_PATH=/usr/workdir/filesys/linux/pandaes
- 09:16:16 [INFO] Target: 
export NFS_ROOT_PATH=/usr/workdir/file 
sys/linux/pandaes
root@GenericOMAP4(FlattenedDeviceTree):~# 
- 09:16:16 [INFO] Host: mkdir -p -m 777 /test
- 09:16:17 [INFO] Target: 
mkdir -p -m 777 /test
root@GenericOMAP4(FlattenedDeviceTree):~# 
- 09:16:17 [INFO] Host: cd /test
- 09:16:17 [INFO] Target: 
cd /test
root@GenericOMAP4(FlattenedDeviceTree):/test# 
- 09:16:17 [INFO] Host: cat > test.sh << EOF
- 09:16:18 [INFO] Target: 
cat > test.sh << EOF
> 
- 09:16:18 [INFO] Host: failtest() {

- 09:16:18 [INFO] Target: 
failtest() {
> 
- 09:16:19 [INFO] Host:   echo 1 >&3

- 09:16:19 [INFO] Target: 
  echo 1 >&3
> 
- 09:16:19 [INFO] Host: }

- 09:16:20 [INFO] Target: 
}
> 
- 09:16:20 [INFO] Host: script=anonymous:anonymous@gtautoftp.gt.design.ti.com/anonymous/opentest/target-test-basic.sh_md5_5d260c597a39e144f6dea1bc54ee8584

- 09:16:30 [ERROR] On command: script=anonymous:anonymous@gtautoftp.gt.design.ti.com/anonymous/opentest/target-test-basic.sh_md5_5d260c597a39e144f6dea1bc54ee8584
 waiting for (?-mix:.*) >>> error: execution expired
- 09:16:30 [INFO] Target: 
script=anonymous:anonymous@gtautoftp.gt.design.ti.com/anonymous/opentest/targe 
t-test-basic.sh_md5_5d260c597a39e144f6dea1bc54ee8584
> 
- 09:16:30 [INFO] Host: timeout=600

- 09:16:30 [INFO] Target: 
timeout=600
> 
- 09:16:30 [INFO] Host: 

- 09:16:31 [INFO] Target: 

> 
- 09:16:31 [INFO] Host: # Start of user's script logic

- 09:16:32 [INFO] Target: 
# Start of user's script logic
> 
- 09:16:32 [INFO] Host: 

- 09:16:32 [INFO] Target: 

> 
- 09:16:32 [INFO] Host: 

- 09:16:33 [INFO] Target: 

> 
- 09:16:33 [INFO] Host: mount -t proc proc /proc 2>/dev/null;

- 09:16:33 [INFO] Target: 
mount -t proc proc /proc 2>/dev/null;
> 
- 09:16:33 [INFO] Host: 

- 09:16:34 [INFO] Target: 

> 
- 09:16:34 [INFO] Host: mount -t sysfs sys /sys 2>/dev/null;

- 09:16:34 [INFO] Target: 
mount -t sysfs sys /sys 2>/dev/null;
> 
- 09:16:35 [INFO] Host: 

- 09:16:35 [INFO] Target: 

> 
- 09:16:35 [INFO] Host: mount -t debugfs none /sys/kernel/debug 2>/dev/null;

- 09:16:36 [INFO] Target: 
mount -t debugfs none /sys/kernel/debug 2>/dev/null;
> 
- 09:16:36 [INFO] Host: 

- 09:16:36 [INFO] Target: 

> 
- 09:16:36 [INFO] Host: echo 'cpuinfo:';cat /proc/cpuinfo; echo '=======';

- 09:16:37 [INFO] Target: 
echo 'cpuinfo:';cat /proc/cpuinfo; echo '=======';
> 
- 09:16:37 [INFO] Host: 

- 09:16:37 [INFO] Target: 

> 
- 09:16:37 [INFO] Host: echo 'soc info:';head /sys/devices/soc0/* 2>/dev/null; echo '=======';

- 09:16:38 [INFO] Target: 
echo 'soc info:';head /sys/devices/soc0/* 2>/dev/null; echo '=======';
> 
- 09:16:38 [INFO] Host: 

- 09:16:39 [INFO] Target: 

> 
- 09:16:39 [INFO] Host: echo 'interrupts:';cat /proc/interrupts; echo '=======';

- 09:16:39 [INFO] Target: 
echo 'interrupts:';cat /proc/interrupts; echo '=======';
> 
- 09:16:39 [INFO] Host: 

- 09:16:40 [INFO] Target: 

> 
- 09:16:40 [INFO] Host: echo 'Clk_summary:';cat /sys/kernel/debug/clk/clk_summary; echo '=======';

- 09:16:40 [INFO] Target: 
echo 'Clk_summary:';cat /sys/kernel/debug/clk/clk_summary; echo '=======';
> 
- 09:16:40 [INFO] Host: 

- 09:16:41 [INFO] Target: 

> 
- 09:16:41 [INFO] Host: echo 'Orphan Clks:';ls /sys/kernel/debug/clk/orphans/; echo '=======';

- 09:16:42 [INFO] Target: 
echo 'Orphan Clks:';ls /sys/kernel/debug/clk/orphans/; echo '=======';
> 
- 09:16:42 [INFO] Host: 

- 09:16:42 [INFO] Target: 

> 
- 09:16:42 [INFO] Host: echo 'H''ello World' 'B''oard Booted';

- 09:16:43 [INFO] Target: 
echo 'H''ello World' 'B''oard Booted';
> 
- 09:16:43 [INFO] Host: 

- 09:16:43 [INFO] Target: 

> 
- 09:16:43 [INFO] Host: EOF
- 09:16:44 [INFO] Target: 
EOF
root@GenericOMAP4(FlattenedDeviceTree):/test# 
- 09:16:44 [INFO] Host: cd /test
- 09:16:44 [INFO] Target: 
cd /test
root@GenericOMAP4(FlattenedDeviceTree):/test# 
- 09:16:44 [INFO] Host: chmod +x test.sh
- 09:16:45 [INFO] Target: 
chmod +x test.sh
root@GenericOMAP4(FlattenedDeviceTree):/test# 
- 09:16:45 [INFO] Host: ./test.sh 2> stderr.log > stdout.log 3> result.log
- 09:16:46 [INFO] Target: 
./test.sh 2> stderr.log > stdout.l 
og 3> result.log
root@GenericOMAP4(FlattenedDeviceTree):/test# 
- 09:16:46 [INFO] Host: echo $?
- 09:16:48 [ERROR] On command: echo $? waiting for (?m-ix:^0[\0\n\r]+) >>> error: execution expired
- 09:16:48 [INFO] Target: 
echo $?

- 09:16:48 [INFO] Host: cd /test
- 09:16:58 [ERROR] On command: cd /test waiting for (?m-ix:root.*#) >>> error: execution expired
- 09:16:58 [INFO] Target: 

- 09:16:58 [INFO] Host: cat stdout.log
- 09:17:58 [ERROR] On command: cat stdout.log waiting for (?m-ix:root.*#) >>> error: execution expired
- 09:17:58 [INFO] Target: 

- 09:17:58 [INFO] Host: cat stderr.log
- 09:18:58 [ERROR] On command: cat stderr.log waiting for (?m-ix:root.*#) >>> error: execution expired
- 09:18:58 [INFO] Target: 

- 09:18:58 [INFO] Host: cat result.log
- 09:19:00 [ERROR] On command: cat result.log waiting for (?m-ix:^1[\0\n\r]+) >>> error: execution expired
- 09:19:00 [INFO] Target: 

- 09:19:00 [INFO] Host: cd /test
- 09:19:10 [ERROR] On command: cd /test waiting for (?m-ix:root.*#) >>> error: execution expired
- 09:19:10 [INFO] Target: 

- 09:19:10 [INFO] Host: uname -a
- 09:19:15 [ERROR] On command: uname -a waiting for (?-mix:Linux) >>> error: execution expired
- 09:19:15 [INFO] Target: 

