- 05:57:35 [INFO] Starting target session
- 05:57:37 [INFO] Connected to pandaboard-es via serial 
- 05:57:37 [INFO] Host: 
- 05:57:37 [INFO] Target: 

root@GenericOMAP4(FlattenedDeviceTree):/test# 
- 05:57:37 [INFO] Host: sync;poweroff
- 05:57:55 [INFO] Target: 
sync;poweroff


Broadcast message from root@GenericOMAP4(FlattenedDeviceTree) (ttyO2) (Sun Ap
The system is going down for system halt NOWA
INIT: Sending processes the TERM signal

root@GenericOMAP4(FlattenedDeviceTree):/test# 
INIT: Sending proStopping Dropbear SSH server: stopped /usr/sbin/dropbear (pid 1384)
dropbear.
Stopping telnet daemon.
Stopping system message bus: Error opening /dev/fb0: No such file or directory
Stopping syslogd/klogd: stopped syslogd (pid 1396)
stopped klogd (pid 1398)
done
Stopping thttpd.
ALSA: Storing mixer settings...
/usr/sbin/alsactl: save_state:1580: No soundcards found...
Deconfiguring network interfaces... ifdown: interface eth0 not configured
done.
Stopping Lighttpd Web Server: stopped /usr/sbin/lighttpd (pid 1409)
lighttpd.
***************************************************************
***************************************************************
NOTICE: This file system contains the followin GPLv3 packages:
	binutils-symlinks
	binutils
	gdbserver
	parted

If you do not wish to distribute GPLv3 components please remove
the above packages prior to distribution.  This can be done using
the opkg remove command.  i.e.:
    opkg remove <package>
Where <package> is the name printed in the list above

NOTE: If the package is a dependency of another package you
      will be notified of the dependent packages.  You should
      use the --force-removal-of-dependent-packages option to
      also remove the dependent packages as well
***************************************************************
***************************************************************
Sending all processes the TERM signal...
Sending all processes the KILL signal...
Unmounting remote filesystems...
Deactivating swap...
Unmounting local filesystems...
[ 1142.884765] FAT-fs (mmcblk0p1): error, invalid access to FAT (entry 0x55555545)
[ 1142.884765] FAT-fs (mmcblk0p1): Filesystem has been set read-only
[ 1142.899017] grow_buffers: requested out-of-range block 384307151022411093 for device mmcblk0p1
[ 1142.908111] FAT-fs (mmcblk0p1): unable to read inode block for updating (i_pos 6148914416358577493)
[ 1142.917663] FAT-fs (mmcblk0p1): Failed to update on disk inode for unused fallocated blocks, inode could be corrupted. Please run fsck
[ 1142.930419] FAT-fs (mmcblk0p1): error, invalid access to FAT (entry 0x55514555)
[ 1145.243225] reboot: System halted

- 05:58:59 [INFO] Disconnected {"type"=>"serial"} from pandaboard-es
- 05:58:59 [INFO] Host: 
- 05:58:59 [INFO] Target: 
SD/MMC found on device 0
reading boot.scr
** Unable to read file boot.scr **
reading uEnv.txt
** Unable to read file uEnv.txt **
** File not found /boot/zImage **
U-Boot# 
U-Boot# 
- 05:58:59 [INFO] Host: 
- 05:59:00 [INFO] Target: 

U-Boot# 
- 05:59:00 [INFO] Host: version
- 05:59:01 [INFO] Target: 
version

U-Boot 2014.04-00069-g53b0d70 (Apr 22 2014 - 14:39:57)
arm-linux-gnueabi-gcc (Ubuntu/Linaro 4.6.3-1ubuntu5) 4.6.3
GNU ld (GNU Binutils for Ubuntu) 2.22
U-Boot# 
- 05:59:01 [INFO] Host: setenv bootargs 'console=ttyO2,115200n8 vram=16M earlyprintk rootwait '
- 05:59:01 [INFO] Target: 
setenv bootargs 'console=ttyO2,115200n8 vram=16M earlyprintk rootwait '
U-Boot# 
- 05:59:01 [INFO] Host: setenv bootcmd  ''
- 05:59:02 [INFO] Target: 
setenv bootcmd  ''
U-Boot# 
- 05:59:02 [INFO] Host: setenv autoload 'no'
- 05:59:02 [INFO] Target: 
setenv autoload 'no'
U-Boot# 
- 05:59:02 [INFO] Host: setenv serverip '128.247.105.47'
- 05:59:03 [INFO] Target: 
setenv serverip '128.247.105.47'
U-Boot# 
- 05:59:03 [INFO] Host: printenv
- 05:59:03 [INFO] Target: 
printenv
arch=arm
autoload=no
baudrate=115200
board=panda
board_name=panda-es
bootargs=console=ttyO2,115200n8 vram=16M earlyprintk rootwait 
bootcmd=
bootdelay=1
bootdir=/boot
bootfile=zImage
bootm_size=0x08000000
bootpart=0:2
bootscript=echo Running bootscript from mmc${mmcdev} ...; source ${loadaddr}
console=ttyO2,115200n8
cpu=armv7
fdt_addr_r=0x88000000
fdtaddr=0x88000000
fdtfile=omap4-panda-es.dtb
findfdt=if test $board_name = sdp4430; then setenv fdtfile omap4-sdp.dtb; fi; if test $board_name = panda; then setenv fdtfile omap4-panda.dtb; fi;if test $board_name = panda-a4; then setenv fdtfile omap4-panda-a4.dtb; fi;if test $board_name = panda-es; then setenv fdtfile omap4-panda-es.dtb; fi;if test $fdtfile = undefined; then echo WARNING: Could not determine device tree to use; fi; 
importbootenv=echo Importing environment from mmc${mmcdev} ...; env import -t ${loadaddr} ${filesize}
kernel_addr_r=0x82000000
loadaddr=0x82000000
loadbootenv=fatload mmc ${mmcdev} ${loadaddr} uEnv.txt
loadbootscript=fatload mmc ${mmcdev} ${loadaddr} boot.scr
loadfdt=load mmc ${bootpart} ${fdtaddr} ${bootdir}/${fdtfile}
loadimage=load mmc ${bootpart} ${loadaddr} ${bootdir}/${bootfile}
mmcargs=setenv bootargs console=${console} vram=${vram} root=${mmcroot} rootfstype=${mmcrootfstype}
mmcboot=echo Booting from mmc${mmcdev} ...; run mmcargs; bootz ${loadaddr} - ${fdtaddr}
mmcdev=0
mmcroot=/dev/mmcblk0p2 rw
mmcrootfstype=ext3 rootwait
ramdisk_addr_r=0x88080000
rdaddr=0x88080000
serverip=128.247.105.47
soc=omap4
usbethaddr=02:22:01:50:0e:50
usbtty=cdc_acm
vendor=ti
ver=U-Boot 2014.04-00069-g53b0d70 (Apr 22 2014 - 14:39:57)
vram=16M

Environment size: 1707/131068 bytes
U-Boot# 
- 05:59:04 [INFO] Host: dcache off
- 05:59:04 [INFO] Target: 
dcache off
Unknown command 'dcache' - try 'help'
U-Boot# 
- 05:59:04 [INFO] Host: usb start
- 05:59:07 [INFO] Target: 
usb start
(Re)start USB...
USB0:   USB EHCI 1.00
scanning bus 0 for devices... 3 USB Device(s) found
       scanning usb for storage devices... 0 Storage Device(s) found
       scanning usb for ethernet devices... 1 Ethernet Device(s) found
U-Boot# 
- 05:59:07 [INFO] Host: printenv
- 05:59:07 [INFO] Target: 
printenv
arch=arm
autoload=no
baudrate=115200
board=panda
board_name=panda-es
bootargs=console=ttyO2,115200n8 vram=16M earlyprintk rootwait 
bootcmd=
bootdelay=1
bootdir=/boot
bootfile=zImage
bootm_size=0x08000000
bootpart=0:2
bootscript=echo Running bootscript from mmc${mmcdev} ...; source ${loadaddr}
console=ttyO2,115200n8
cpu=armv7
ethact=sms0
fdt_addr_r=0x88000000
fdtaddr=0x88000000
fdtfile=omap4-panda-es.dtb
findfdt=if test $board_name = sdp4430; then setenv fdtfile omap4-sdp.dtb; fi; if test $board_name = panda; then setenv fdtfile omap4-panda.dtb; fi;if test $board_name = panda-a4; then setenv fdtfile omap4-panda-a4.dtb; fi;if test $board_name = panda-es; then setenv fdtfile omap4-panda-es.dtb; fi;if test $fdtfile = undefined; then echo WARNING: Could not determine device tree to use; fi; 
importbootenv=echo Importing environment from mmc${mmcdev} ...; env import -t ${loadaddr} ${filesize}
kernel_addr_r=0x82000000
loadaddr=0x82000000
loadbootenv=fatload mmc ${mmcdev} ${loadaddr} uEnv.txt
loadbootscript=fatload mmc ${mmcdev} ${loadaddr} boot.scr
loadfdt=load mmc ${bootpart} ${fdtaddr} ${bootdir}/${fdtfile}
loadimage=load mmc ${bootpart} ${loadaddr} ${bootdir}/${bootfile}
mmcargs=setenv bootargs console=${console} vram=${vram} root=${mmcroot} rootfstype=${mmcrootfstype}
mmcboot=echo Booting from mmc${mmcdev} ...; run mmcargs; bootz ${loadaddr} - ${fdtaddr}
mmcdev=0
mmcroot=/dev/mmcblk0p2 rw
mmcrootfstype=ext3 rootwait
ramdisk_addr_r=0x88080000
rdaddr=0x88080000
serverip=128.247.105.47
soc=omap4
usbethaddr=02:22:01:50:0e:50
usbtty=cdc_acm
vendor=ti
ver=U-Boot 2014.04-00069-g53b0d70 (Apr 22 2014 - 14:39:57)
vram=16M

Environment size: 1721/131068 bytes
U-Boot# 
- 05:59:07 [INFO] Host: setenv bootargs ''${bootargs}' ip=dhcp '
- 05:59:08 [INFO] Target: 
setenv bootargs ''${bootargs}' ip=dhcp '
U-Boot# 
- 05:59:08 [INFO] Host: setenv ipaddr dhcp
- 05:59:08 [INFO] Target: 
setenv ipaddr dhcp
U-Boot# 
- 05:59:08 [INFO] Host: dhcp
- 05:59:11 [INFO] Target: 
dhcp
Waiting for Ethernet connection... done.
BOOTP broadcast 1
DHCP client bound to address 192.168.1.154
U-Boot# 
- 05:59:12 [INFO] Host: setenv serverip '128.247.105.47'
- 05:59:12 [INFO] Target: 
setenv serverip '128.247.105.47'
U-Boot# 
- 05:59:12 [INFO] Host: printenv
- 05:59:13 [INFO] Target: 
printenv
arch=arm
autoload=no
baudrate=115200
board=panda
board_name=panda-es
bootargs=console=ttyO2,115200n8 vram=16M earlyprintk rootwait  ip=dhcp 
bootcmd=
bootdelay=1
bootdir=/boot
bootfile=zImage
bootm_size=0x08000000
bootpart=0:2
bootscript=echo Running bootscript from mmc${mmcdev} ...; source ${loadaddr}
console=ttyO2,115200n8
cpu=armv7
dnsip=192.0.2.2
ethact=sms0
fdt_addr_r=0x88000000
fdtaddr=0x88000000
fdtfile=omap4-panda-es.dtb
findfdt=if test $board_name = sdp4430; then setenv fdtfile omap4-sdp.dtb; fi; if test $board_name = panda; then setenv fdtfile omap4-panda.dtb; fi;if test $board_name = panda-a4; then setenv fdtfile omap4-panda-a4.dtb; fi;if test $board_name = panda-es; then setenv fdtfile omap4-panda-es.dtb; fi;if test $fdtfile = undefined; then echo WARNING: Could not determine device tree to use; fi; 
gatewayip=192.168.1.254
importbootenv=echo Importing environment from mmc${mmcdev} ...; env import -t ${loadaddr} ${filesize}
ipaddr=192.168.1.154
kernel_addr_r=0x82000000
loadaddr=0x82000000
loadbootenv=fatload mmc ${mmcdev} ${loadaddr} uEnv.txt
loadbootscript=fatload mmc ${mmcdev} ${loadaddr} boot.scr
loadfdt=load mmc ${bootpart} ${fdtaddr} ${bootdir}/${fdtfile}
loadimage=load mmc ${bootpart} ${loadaddr} ${bootdir}/${bootfile}
mmcargs=setenv bootargs console=${console} vram=${vram} root=${mmcroot} rootfstype=${mmcrootfstype}
mmcboot=echo Booting from mmc${mmcdev} ...; run mmcargs; bootz ${loadaddr} - ${fdtaddr}
mmcdev=0
mmcroot=/dev/mmcblk0p2 rw
mmcrootfstype=ext3 rootwait
netmask=255.255.255.0
ramdisk_addr_r=0x88080000
rdaddr=0x88080000
serverip=128.247.105.47
soc=omap4
usbethaddr=02:22:01:50:0e:50
usbtty=cdc_acm
vendor=ti
ver=U-Boot 2014.04-00069-g53b0d70 (Apr 22 2014 - 14:39:57)
vram=16M

Environment size: 1821/131068 bytes
U-Boot# 
- 05:59:13 [INFO] Host: setenv bootcmd ''${bootcmd}' tftp ${loadaddr} 128.247.105.47:vatf_3/f8fe1cfcb8e694ca2a764937dc3ec123; '
- 05:59:13 [INFO] Target: 
setenv bootcmd ''${bootcmd}' tftp ${loadaddr} 128.247.105.47:vatf_3/f8fe1cfcb8e694ca2a764937dc3ec123; '
U-Boot# 
- 05:59:13 [INFO] Host: printenv
- 05:59:14 [INFO] Target: 
printenv
arch=arm
autoload=no
baudrate=115200
board=panda
board_name=panda-es
bootargs=console=ttyO2,115200n8 vram=16M earlyprintk rootwait  ip=dhcp 
bootcmd= tftp ${loadaddr} 128.247.105.47:vatf_3/f8fe1cfcb8e694ca2a764937dc3ec123; 
bootdelay=1
bootdir=/boot
bootfile=zImage
bootm_size=0x08000000
bootpart=0:2
bootscript=echo Running bootscript from mmc${mmcdev} ...; source ${loadaddr}
console=ttyO2,115200n8
cpu=armv7
dnsip=192.0.2.2
ethact=sms0
fdt_addr_r=0x88000000
fdtaddr=0x88000000
fdtfile=omap4-panda-es.dtb
findfdt=if test $board_name = sdp4430; then setenv fdtfile omap4-sdp.dtb; fi; if test $board_name = panda; then setenv fdtfile omap4-panda.dtb; fi;if test $board_name = panda-a4; then setenv fdtfile omap4-panda-a4.dtb; fi;if test $board_name = panda-es; then setenv fdtfile omap4-panda-es.dtb; fi;if test $fdtfile = undefined; then echo WARNING: Could not determine device tree to use; fi; 
gatewayip=192.168.1.254
importbootenv=echo Importing environment from mmc${mmcdev} ...; env import -t ${loadaddr} ${filesize}
ipaddr=192.168.1.154
kernel_addr_r=0x82000000
loadaddr=0x82000000
loadbootenv=fatload mmc ${mmcdev} ${loadaddr} uEnv.txt
loadbootscript=fatload mmc ${mmcdev} ${loadaddr} boot.scr
loadfdt=load mmc ${bootpart} ${fdtaddr} ${bootdir}/${fdtfile}
loadimage=load mmc ${bootpart} ${loadaddr} ${bootdir}/${bootfile}
mmcargs=setenv bootargs console=${console} vram=${vram} root=${mmcroot} rootfstype=${mmcrootfstype}
mmcboot=echo Booting from mmc${mmcdev} ...; run mmcargs; bootz ${loadaddr} - ${fdtaddr}
mmcdev=0
mmcroot=/dev/mmcblk0p2 rw
mmcrootfstype=ext3 rootwait
netmask=255.255.255.0
ramdisk_addr_r=0x88080000
rdaddr=0x88080000
serverip=128.247.105.47
soc=omap4
usbethaddr=02:22:01:50:0e:50
usbtty=cdc_acm
vendor=ti
ver=U-Boot 2014.04-00069-g53b0d70 (Apr 22 2014 - 14:39:57)
vram=16M

Environment size: 1895/131068 bytes
U-Boot# 
- 05:59:14 [INFO] Host: setenv bootcmd ''${bootcmd}' tftp ${fdt_addr_r} 128.247.105.47:vatf_3/26fcdbc1929f51b591b4b8c17e77e2fc; '
- 05:59:14 [INFO] Target: 
setenv bootcmd ''${bootcmd}' tftp ${fdt_addr_r} 128.247.105.47:vatf_3/26fcdbc1929f51b591b4b8c17e77e2fc; '
U-Boot# 
- 05:59:14 [INFO] Host: printenv
- 05:59:15 [INFO] Target: 
printenv
arch=arm
autoload=no
baudrate=115200
board=panda
board_name=panda-es
bootargs=console=ttyO2,115200n8 vram=16M earlyprintk rootwait  ip=dhcp 
bootcmd= tftp ${loadaddr} 128.247.105.47:vatf_3/f8fe1cfcb8e694ca2a764937dc3ec123;  tftp ${fdt_addr_r} 128.247.105.47:vatf_3/26fcdbc1929f51b591b4b8c17e77e2fc; 
bootdelay=1
bootdir=/boot
bootfile=zImage
bootm_size=0x08000000
bootpart=0:2
bootscript=echo Running bootscript from mmc${mmcdev} ...; source ${loadaddr}
console=ttyO2,115200n8
cpu=armv7
dnsip=192.0.2.2
ethact=sms0
fdt_addr_r=0x88000000
fdtaddr=0x88000000
fdtfile=omap4-panda-es.dtb
findfdt=if test $board_name = sdp4430; then setenv fdtfile omap4-sdp.dtb; fi; if test $board_name = panda; then setenv fdtfile omap4-panda.dtb; fi;if test $board_name = panda-a4; then setenv fdtfile omap4-panda-a4.dtb; fi;if test $board_name = panda-es; then setenv fdtfile omap4-panda-es.dtb; fi;if test $fdtfile = undefined; then echo WARNING: Could not determine device tree to use; fi; 
gatewayip=192.168.1.254
importbootenv=echo Importing environment from mmc${mmcdev} ...; env import -t ${loadaddr} ${filesize}
ipaddr=192.168.1.154
kernel_addr_r=0x82000000
loadaddr=0x82000000
loadbootenv=fatload mmc ${mmcdev} ${loadaddr} uEnv.txt
loadbootscript=fatload mmc ${mmcdev} ${loadaddr} boot.scr
loadfdt=load mmc ${bootpart} ${fdtaddr} ${bootdir}/${fdtfile}
loadimage=load mmc ${bootpart} ${loadaddr} ${bootdir}/${bootfile}
mmcargs=setenv bootargs console=${console} vram=${vram} root=${mmcroot} rootfstype=${mmcrootfstype}
mmcboot=echo Booting from mmc${mmcdev} ...; run mmcargs; bootz ${loadaddr} - ${fdtaddr}
mmcdev=0
mmcroot=/dev/mmcblk0p2 rw
mmcrootfstype=ext3 rootwait
netmask=255.255.255.0
ramdisk_addr_r=0x88080000
rdaddr=0x88080000
serverip=128.247.105.47
soc=omap4
usbethaddr=02:22:01:50:0e:50
usbtty=cdc_acm
vendor=ti
ver=U-Boot 2014.04-00069-g53b0d70 (Apr 22 2014 - 14:39:57)
vram=16M

Environment size: 1971/131068 bytes
U-Boot# 
- 05:59:15 [INFO] Host: setenv bootargs ''${bootargs}' root=/dev/mmcblk0p2 rw rootfstype=ext3 rootwait '
- 05:59:16 [INFO] Target: 
setenv bootargs ''${bootargs}' root=/dev/mmcblk0p2 rw rootfstype=ext3 rootwait '
U-Boot# 
- 05:59:16 [INFO] Host: printenv
- 05:59:16 [INFO] Target: 
printenv
arch=arm
autoload=no
baudrate=115200
board=panda
board_name=panda-es
bootargs=console=ttyO2,115200n8 vram=16M earlyprintk rootwait  ip=dhcp  root=/dev/mmcblk0p2 rw rootfstype=ext3 rootwait 
bootcmd= tftp ${loadaddr} 128.247.105.47:vatf_3/f8fe1cfcb8e694ca2a764937dc3ec123;  tftp ${fdt_addr_r} 128.247.105.47:vatf_3/26fcdbc1929f51b591b4b8c17e77e2fc; 
bootdelay=1
bootdir=/boot
bootfile=zImage
bootm_size=0x08000000
bootpart=0:2
bootscript=echo Running bootscript from mmc${mmcdev} ...; source ${loadaddr}
console=ttyO2,115200n8
cpu=armv7
dnsip=192.0.2.2
ethact=sms0
fdt_addr_r=0x88000000
fdtaddr=0x88000000
fdtfile=omap4-panda-es.dtb
findfdt=if test $board_name = sdp4430; then setenv fdtfile omap4-sdp.dtb; fi; if test $board_name = panda; then setenv fdtfile omap4-panda.dtb; fi;if test $board_name = panda-a4; then setenv fdtfile omap4-panda-a4.dtb; fi;if test $board_name = panda-es; then setenv fdtfile omap4-panda-es.dtb; fi;if test $fdtfile = undefined; then echo WARNING: Could not determine device tree to use; fi; 
gatewayip=192.168.1.254
importbootenv=echo Importing environment from mmc${mmcdev} ...; env import -t ${loadaddr} ${filesize}
ipaddr=192.168.1.154
kernel_addr_r=0x82000000
loadaddr=0x82000000
loadbootenv=fatload mmc ${mmcdev} ${loadaddr} uEnv.txt
loadbootscript=fatload mmc ${mmcdev} ${loadaddr} boot.scr
loadfdt=load mmc ${bootpart} ${fdtaddr} ${bootdir}/${fdtfile}
loadimage=load mmc ${bootpart} ${loadaddr} ${bootdir}/${bootfile}
mmcargs=setenv bootargs console=${console} vram=${vram} root=${mmcroot} rootfstype=${mmcrootfstype}
mmcboot=echo Booting from mmc${mmcdev} ...; run mmcargs; bootz ${loadaddr} - ${fdtaddr}
mmcdev=0
mmcroot=/dev/mmcblk0p2 rw
mmcrootfstype=ext3 rootwait
netmask=255.255.255.0
ramdisk_addr_r=0x88080000
rdaddr=0x88080000
serverip=128.247.105.47
soc=omap4
usbethaddr=02:22:01:50:0e:50
usbtty=cdc_acm
vendor=ti
ver=U-Boot 2014.04-00069-g53b0d70 (Apr 22 2014 - 14:39:57)
vram=16M

Environment size: 2020/131068 bytes
U-Boot# 
- 05:59:16 [INFO] Host: setenv bootcmd ''${bootcmd}' if iminfo ${loadaddr}; then bootm ${loadaddr} - ${fdt_addr_r}; else bootz ${loadaddr} - ${fdt_addr_r}; bootm ${loadaddr} - ${fdt_addr_r}; fi'
- 05:59:17 [INFO] Target: 
setenv bootcmd ''${bootcmd}' if iminfo ${loadaddr}; then bootm ${loadaddr} - ${fdt_addr_r}; else bootz ${loadaddr} - ${fdt_addr_r}; bootm ${loadaddr} - ${fdt_addr_r}; fi'
U-Boot# 
- 05:59:17 [INFO] Host: bdinfo
- 05:59:17 [INFO] Target: 
bdinfo
arch_number = 0x00000AE7
boot_params = 0x80000100
DRAM bank   = 0x00000000
-> start    = 0x80000000
-> size     = 0x40000000
eth0name    = sms0
ethaddr     = (not set)
current eth = sms0
ip_addr     = 192.168.1.154
baudrate    = 115200 bps
TLB addr    = 0xBFFF0000
relocaddr   = 0xBFF79000
reloc off   = 0x3F779000
irq_sp      = 0xBFE58EE0
sp start    = 0xBFE58ED0
U-Boot# 
- 05:59:17 [INFO] Host: boot
- 05:59:40 [INFO] Target: 
boot
Waiting for Ethernet connection... done.
Using sms0 device
TFTP from server 128.247.105.47; our IP address is 192.168.1.154; sending through gateway 192.168.1.254
Filename 'vatf_3/f8fe1cfcb8e694ca2a764937dc3ec123'.
Load address: 0x82000000
Loading: *#################################################################
	 #################################################################
	 #################################################################
	 #################################################################
	 #################################################################
	 ##########
	 2.8 MiB/s
done
Bytes transferred = 4906104 (4adc78 hex)
Waiting for Ethernet connection... done.
Using sms0 device
TFTP from server 128.247.105.47; our IP address is 192.168.1.154; sending through gateway 192.168.1.254
Filename 'vatf_3/26fcdbc1929f51b591b4b8c17e77e2fc'.
Load address: 0x88000000
Loading: *#T ###
	 10.7 KiB/s
done
Bytes transferred = 55715 (d9a3 hex)

## Checking Image at 82000000 ...
Unknown image format!
Kernel image @ 0x82000000 [ 0x000000 - 0x4adc78 ]
## Flattened Device Tree blob at 88000000
   Booting using the fdt blob at 0x88000000
   Loading Device Tree to 87fef000, end 87fff9a2 ... OK

Starting kernel ...

[    0.000000] Booting Linux on physical CPU 0x0
[    0.000000] Linux version 3.15.0-next-20140610-00002-gbd6cc79 (nmenon@kahuna) (gcc version 4.6.3 (Ubuntu/Linaro 4.6.3-1ubuntu5) ) #1 SMP Tue Jun 10 05:53:46 CDT 2014
[    0.000000] CPU: ARMv7 Processor [412fc09a] revision 10 (ARMv7), cr=10c5387d
[    0.000000] CPU: PIPT / VIPT nonaliasing data cache, VIPT aliasing instruction cache
[    0.000000] Machine model: TI OMAP4 PandaBoard
[    0.000000] cma: CMA: reserved 64 MiB at ab800000
[    0.000000] Memory policy: Data cache writealloc
[    0.000000] OMAP4460 ES1.1
[    0.000000] L2C: platform modifies aux control register: 0x0e070000 -> 0x3e470000
[    0.000000] L2C: DT/platform modifies aux control register: 0x0e070000 -> 0x3e470000
[    0.000000] L2C-310 erratum 769419 enabled
[    0.000000] L2C-310 enabling early BRESP for Cortex-A9
[    0.000000] L2C-310 ID prefetch enabled, offset 1 lines
[    0.000000] ------------[ cut here ]------------
[    0.000000] WARNING: CPU: 0 PID: 0 at arch/arm/mach-omap2/omap4-common.c:192 omap4_l2c310_write_sec+0x5c/0x8c()
[    0.000000] OMAP L2C310: ignoring write to reg 0xf80
[    0.000000] Modules linked in:
[    0.000000] CPU: 0 PID: 0 Comm: swapper Not tainted 3.15.0-next-20140610-00002-gbd6cc79 #1
[    0.000000] [<c021577c>] (unwind_backtrace) from [<c02113ac>] (show_stack+0x10/0x14)
[    0.000000] [<c02113ac>] (show_stack) from [<c07fe230>] (dump_stack+0x70/0x8c)
[    0.000000] [<c07fe230>] (dump_stack) from [<c0248aa0>] (warn_slowpath_common+0x64/0x84)
[    0.000000] [<c0248aa0>] (warn_slowpath_common) from [<c0248b54>] (warn_slowpath_fmt+0x30/0x40)
[    0.000000] [<c0248b54>] (warn_slowpath_fmt) from [<c022f370>] (omap4_l2c310_write_sec+0x5c/0x8c)
[    0.000000] [<c022f370>] (omap4_l2c310_write_sec) from [<c0ac75c8>] (l2c310_enable+0x150/0x1f8)
[    0.000000] [<c0ac75c8>] (l2c310_enable) from [<c0ac71b4>] (__l2c_init+0x15c/0x1e4)
[    0.000000] [<c0ac71b4>] (__l2c_init) from [<c0ac7868>] (l2x0_of_init+0x134/0x160)
[    0.000000] [<c0ac7868>] (l2x0_of_init) from [<c0adbd28>] (omap_l2_cache_init+0x68/0x9c)
[    0.000000] [<c0adbd28>] (omap_l2_cache_init) from [<c0ad7450>] (omap4430_init_early+0x88/0xa0)
[    0.000000] [<c0ad7450>] (omap4430_init_early) from [<c0ac3390>] (setup_arch+0x88c/0x960)
[    0.000000] [<c0ac3390>] (setup_arch) from [<c0ac0888>] (start_kernel+0x7c/0x37c)
[    0.000000] [<c0ac0888>] (start_kernel) from [<80208074>] (0x80208074)
[    0.000000] ---[ end trace 3406ff24bd97382e ]---
[    0.000000] L2C-310 dynamic clock gating disabled, standby mode disabled
[    0.000000] L2C-310 cache controller enabled, 16 ways, 1024 kB
[    0.000000] L2C-310: CACHE_ID 0x410000c7, AUX_CTRL 0x7e470000
[    0.000000] PERCPU: Embedded 8 pages/cpu @eaf94000 s8448 r8192 d16128 u32768
[    0.000000] Built 1 zonelists in Zone order, mobility grouping on.  Total pages: 260368
[    0.000000] Kernel command line: console=ttyO2,115200n8 vram=16M earlyprintk rootwait  ip=dhcp  root=/dev/mmcblk0p2 rw rootfstype=ext3 rootwait 
[    0.000000] PID hash table entries: 4096 (order: 2, 16384 bytes)
[    0.000000] Dentry cache hash table entries: 131072 (order: 7, 524288 bytes)
[    0.000000] Inode-cache hash table entries: 65536 (order: 6, 262144 bytes)
[    0.000000] Memory: 961756K/1047552K available (6364K kernel code, 892K rwdata, 2560K rodata, 652K init, 304K bss, 85796K reserved, 269312K highmem)
[    0.000000] Virtual kernel memory layout:
[    0.000000]     vector  : 0xffff0000 - 0xffff1000   (   4 kB)
[    0.000000]     fixmap  : 0xffc00000 - 0xffe00000   (2048 kB)
[    0.000000]     vmalloc : 0xf0000000 - 0xff000000   ( 240 MB)
[    0.000000]     lowmem  : 0xc0000000 - 0xef800000   ( 760 MB)
[    0.000000]     pkmap   : 0xbfe00000 - 0xc0000000   (   2 MB)
[    0.000000]     modules : 0xbf000000 - 0xbfe00000   (  14 MB)
[    0.000000]       .text : 0xc0208000 - 0xc0abf3c4   (8925 kB)
[    0.000000]       .init : 0xc0ac0000 - 0xc0b63100   ( 653 kB)
[    0.000000]       .data : 0xc0b64000 - 0xc0c432c0   ( 893 kB)
[    0.000000]        .bss : 0xc0c432c8 - 0xc0c8f390   ( 305 kB)
[    0.000000] SLUB: HWalign=64, Order=0-3, MinObjects=0, CPUs=2, Nodes=1
[    0.000000] Hierarchical RCU implementation.
[    0.000000] 	RCU restricting CPUs from NR_CPUS=8 to nr_cpu_ids=2.
[    0.000000] RCU: Adjusting geometry for rcu_fanout_leaf=16, nr_cpu_ids=2
[    0.000000] NR_IRQS:16 nr_irqs:16 16
[    0.000000] ti_dt_clocks_register: failed to lookup clock node bandgap_fclk
[    0.000000] OMAP clockevent source: timer1 at 32768 Hz
[    0.000000] sched_clock: 32 bits at 32kHz, resolution 30517ns, wraps every 65536000000000ns
[    0.000000] OMAP clocksource: 32k_counter at 32768 Hz
[    0.004760] Console: colour dummy device 80x30
[    0.004791] Calibrating delay loop... 1395.91 BogoMIPS (lpj=3489792)
[    0.025299] pid_max: default: 32768 minimum: 301
[    0.025421] Mount-cache hash table entries: 2048 (order: 1, 8192 bytes)
[    0.025421] Mountpoint-cache hash table entries: 2048 (order: 1, 8192 bytes)
[    0.025970] CPU: Testing write buffer coherency: ok
[    0.026153] CPU0: thread -1, cpu 0, socket 0, mpidr 80000000
[    0.026214] Setting up static identity map for 0x808032a0 - 0x80803338
[    0.029388] CPU1: Booted secondary processor
[    0.055297] CPU1: thread -1, cpu 1, socket 0, mpidr 80000001
[    0.055358] Brought up 2 CPUs
[    0.055389] SMP: Total of 2 processors activated.
[    0.055389] CPU: All CPU(s) started in SVC mode.
[    0.055908] devtmpfs: initialized
[    0.059265] VFP support v0.3: implementor 41 architecture 3 part 30 variant 9 rev 4
[    0.060699] omap_hwmod: l3_main_3 using broken dt data from ocp
[    0.061920] omap_hwmod: l3_main_2 using broken dt data from ocp
[    0.149261] pinctrl core: initialized pinctrl subsystem
[    0.149627] regulator-dummy: no parameters
[    0.167785] NET: Registered protocol family 16
[    0.170471] DMA: preallocated 256 KiB pool for atomic coherent allocations
[    0.172332] cpuidle: using governor ladder
[    0.172363] cpuidle: using governor menu
[    0.179382] OMAP GPIO hardware version 0.1
[    0.182434] omap-gpmc 50000000.gpmc: GPMC revision 6.0
[    0.182830] irq: no irq domain found for /ocp/pinmux@4a100040 !
[    0.183074] irq: no irq domain found for /ocp/pinmux@4a100040 !
[    0.183349] irq: no irq domain found for /ocp/pinmux@4a100040 !
[    0.191406] platform 4b501000.aes: Cannot lookup hwmod 'aes'
[    0.191619] platform 480a5000.des: Cannot lookup hwmod 'des'
[    0.195617] No ATAGs?
[    0.195648] hw-breakpoint: found 5 (+1 reserved) breakpoint and 1 watchpoint registers.
[    0.195678] hw-breakpoint: maximum watchpoint size is 4 bytes.
[    0.195861] EXYNOS: PMU not supported
[    0.197021] OMAP DMA hardware revision 0.0
[    0.199157] Serial: AMBA PL011 UART driver
[    0.223144] edma-dma-engine edma-dma-engine.0: Can't allocate PaRAM dummy slot
[    0.223175] edma-dma-engine: probe of edma-dma-engine.0 failed with error -5
[    0.233489] omap-dma-engine 4a056000.dma-controller: OMAP DMA engine driver
[    0.309448] hsusb1_vbus: 3300 mV 
[    0.309539] reg-fixed-voltage wl12xx_vmmc: could not find pctldev for node /ocp/pinmux@4a100040/pinmux_wl12xx_gpio, deferring probe
[    0.309570] platform wl12xx_vmmc: Driver reg-fixed-voltage requests probe deferral
[    0.312591] vgaarb: loaded
[    0.313201] SCSI subsystem initialized
[    0.313659] usbcore: registered new interface driver usbfs
[    0.313720] usbcore: registered new interface driver hub
[    0.313842] usbcore: registered new device driver usb
[    0.314727] omap_i2c 48070000.i2c: could not find pctldev for node /ocp/pinmux@4a100040/pinmux_i2c1_pins, deferring probe
[    0.314758] platform 48070000.i2c: Driver omap_i2c requests probe deferral
[    0.314788] omap_i2c 48072000.i2c: could not find pctldev for node /ocp/pinmux@4a100040/pinmux_i2c2_pins, deferring probe
[    0.314788] platform 48072000.i2c: Driver omap_i2c requests probe deferral
[    0.314819] omap_i2c 48060000.i2c: could not find pctldev for node /ocp/pinmux@4a100040/pinmux_i2c3_pins, deferring probe
[    0.314849] platform 48060000.i2c: Driver omap_i2c requests probe deferral
[    0.314880] omap_i2c 48350000.i2c: could not find pctldev for node /ocp/pinmux@4a100040/pinmux_i2c4_pins, deferring probe
[    0.314880] platform 48350000.i2c: Driver omap_i2c requests probe deferral
[    0.315277] Linux video capture interface: v2.00
[    0.315338] pps_core: LinuxPPS API ver. 1 registered
[    0.315338] pps_core: Software ver. 5.3.6 - Copyright 2005-2007 Rodolfo Giometti <giometti@linux.it>
[    0.315368] PTP clock support registered
[    0.315460] EDAC MC: Ver: 3.0.0
[    0.316223] Advanced Linux Sound Architecture Driver Initialized.
[    0.317169] Switched to clocksource 32k_counter
[    0.327056] NET: Registered protocol family 2
[    0.327636] TCP established hash table entries: 8192 (order: 3, 32768 bytes)
[    0.327728] TCP bind hash table entries: 8192 (order: 4, 65536 bytes)
[    0.327880] TCP: Hash tables configured (established 8192 bind 8192)
[    0.327941] TCP: reno registered
[    0.327972] UDP hash table entries: 512 (order: 2, 16384 bytes)
[    0.328002] UDP-Lite hash table entries: 512 (order: 2, 16384 bytes)
[    0.328186] NET: Registered protocol family 1
[    0.328460] RPC: Registered named UNIX socket transport module.
[    0.328460] RPC: Registered udp transport module.
[    0.328460] RPC: Registered tcp transport module.
[    0.328460] RPC: Registered tcp NFSv4.1 backchannel transport module.
[    0.330505] hw perfevents: enabled with ARMv7 Cortex-A9 PMU driver, 7 counters available
[    0.332397] futex hash table entries: 512 (order: 3, 32768 bytes)
[    0.342651] squashfs: version 4.0 (2009/01/31) Phillip Lougher
[    0.343292] NFS: Registering the id_resolver key type
[    0.343322] Key type id_resolver registered
[    0.343322] Key type id_legacy registered
[    0.343383] msgmni has been set to 1480
[    0.343841] bounce: pool size: 64 pages
[    0.344055] Block layer SCSI generic (bsg) driver version 0.4 loaded (major 249)
[    0.344055] io scheduler noop registered
[    0.344085] io scheduler deadline registered
[    0.344268] io scheduler cfq registered (default)
[    0.347259] pinctrl-single 4a100040.pinmux: 203 pins at pa fc100040 size 406
[    0.347442] pinctrl-single 4a31e040.pinmux: 28 pins at pa fc31e040 size 56
[    0.409454] Serial: 8250/16550 driver, 4 ports, IRQ sharing disabled
[    0.411254] Serial: IMX driver
[    0.411682] msm_serial: driver initialized
[    0.412353] omap_uart 4806a000.serial: no wakeirq for uart0
[    0.412445] 4806a000.serial: ttyO0 at MMIO 0x4806a000 (irq = 104, base_baud = 3000000) is a OMAP UART0
[    0.412902] 4806c000.serial: ttyO1 at MMIO 0x4806c000 (irq = 105, base_baud = 3000000) is a OMAP UART1
[    0.413330] 48020000.serial: ttyO2 at MMIO 0x48020000 (irq = 106, base_baud = 3000000) is a OMAP UART2
[    1.416595] console [ttyO2] enabled
[    1.420654] 4806e000.serial: ttyO3 at MMIO 0x4806e000 (irq = 102, base_baud = 3000000) is a OMAP UART3
[    1.430847] STMicroelectronics ASC driver initialized
[    1.437072] serial: Freescale lpuart driver
[    1.441680] [drm] Initialized drm 1.1.0 20060810
[    1.452056] loop: module loaded
[    1.460449] CAN device driver interface
[    1.466857] pegasus: v0.9.3 (2013/04/25), Pegasus/Pegasus II USB Ethernet driver
[    1.474670] usbcore: registered new interface driver pegasus
[    1.480682] usbcore: registered new interface driver asix
[    1.486389] usbcore: registered new interface driver ax88179_178a
[    1.492797] usbcore: registered new interface driver cdc_ether
[    1.498962] usbcore: registered new interface driver smsc75xx
[    1.505065] usbcore: registered new interface driver smsc95xx
[    1.511108] usbcore: registered new interface driver net1080
[    1.517089] usbcore: registered new interface driver cdc_subset
[    1.523315] usbcore: registered new interface driver zaurus
[    1.529235] usbcore: registered new interface driver cdc_ncm
[    1.535186] ehci_hcd: USB 2.0 'Enhanced' Host Controller (EHCI) Driver
[    1.542022] ehci-pci: EHCI PCI platform driver
[    1.546752] ehci-platform: EHCI generic platform driver
[    1.552429] ehci-omap: OMAP-EHCI Host Controller driver
[    1.578216] ehci-omap 4a064c00.ehci: EHCI Host Controller
[    1.583892] ehci-omap 4a064c00.ehci: new USB bus registered, assigned bus number 1
[    1.592010] ehci-omap 4a064c00.ehci: irq 109, io mem 0x4a064c00
[    1.607208] ehci-omap 4a064c00.ehci: USB 2.0 started, EHCI 1.00
[    1.614166] hub 1-0:1.0: USB hub found
[    1.618133] hub 1-0:1.0: 3 ports detected
[    1.622863] ehci-orion: EHCI orion driver
[    1.627258] SPEAr-ehci: EHCI SPEAr driver
[    1.631591] tegra-ehci: Tegra EHCI driver
[    1.635986] ohci_hcd: USB 1.1 'Open' Host Controller (OHCI) Driver
[    1.642456] ohci-pci: OHCI PCI platform driver
[    1.647155] ohci-platform: OHCI generic platform driver
[    1.652770] ohci-omap3: OHCI OMAP3 driver
[    1.657165] ohci-omap3 4a064800.ohci: OHCI Host Controller
[    1.662902] ohci-omap3 4a064800.ohci: new USB bus registered, assigned bus number 2
[    1.670959] ohci-omap3 4a064800.ohci: irq 108, io mem 0x4a064800
[    1.752899] hub 2-0:1.0: USB hub found
[    1.756866] hub 2-0:1.0: 3 ports detected
[    1.761505] SPEAr-ohci: OHCI SPEAr driver
[    1.766662] usbcore: registered new interface driver usb-storage
[    1.774963] mousedev: PS/2 mouse device common for all mice
[    1.783538] i2c /dev entries driver
[    1.788391] usbcore: registered new interface driver uvcvideo
[    1.794403] USB Video Class driver (1.1.1)
[    1.798706] gspca_main: v2.14.0 registered
[    1.805938] sdhci: Secure Digital Host Controller Interface driver
[    1.812408] sdhci: Copyright(c) Pierre Ossman
[    1.818115] omap_hsmmc 4809c000.mmc: unable to get vmmc regulator -517
[    1.825012] platform 4809c000.mmc: Driver omap_hsmmc requests probe deferral
[    1.832672] omap_hsmmc 480d5000.mmc: unable to get vmmc regulator -517
[    1.839538] platform 480d5000.mmc: Driver omap_hsmmc requests probe deferral
[    1.847320] Synopsys Designware Multimedia Card Interface Driver
[    1.854217] sdhci-pltfm: SDHCI platform and OF driver helper
[    1.861358] usbcore: registered new interface driver usbhid
[    1.867187] usbhid: USB HID core driver
[    1.875518] TCP: cubic registered
[    1.879028] NET: Registered protocol family 17
[    1.883697] can: controller area network core (rev 20120528 abi 9)
[    1.890197] NET: Registered protocol family 29
[    1.894866] can: raw protocol (rev 20120528)
[    1.899353] can: broadcast manager protocol (rev 20120528 t)
[    1.905273] can: netlink gateway (rev 20130117) max_hops=1
[    1.911376] Key type dns_resolver registered
[    1.916046] twl: not initialized
[    1.919433] twl6030_uv_to_vsel:OUT OF RANGE! non mapped vsel for 1375000 Vs max 1316660
[    1.927795] twl6030_uv_to_vsel:OUT OF RANGE! non mapped vsel for 1375000 Vs max 1316660
[    1.936187] twl6030_uv_to_vsel:OUT OF RANGE! non mapped vsel for 1375000 Vs max 1316660
[    1.944549] twl6030_uv_to_vsel:OUT OF RANGE! non mapped vsel for 1375000 Vs max 1316660
[    1.952911] twl6030_uv_to_vsel:OUT OF RANGE! non mapped vsel for 1375000 Vs max 1316660
[    1.961273] twl6030_uv_to_vsel:OUT OF RANGE! non mapped vsel for 1375000 Vs max 1316660
[    1.969665] twl6030_uv_to_vsel:OUT OF RANGE! non mapped vsel for 1410000 Vs max 1316660
[    1.978027] omap2_set_init_voltage: unable to find boot up OPP for vdd_mpu
[    1.982238] usb 1-1: new high-speed USB device number 2 using ehci-omap
[    1.992126] omap2_set_init_voltage: unable to set vdd_mpu
[    1.997772] omap2_set_init_voltage: unable to find boot up OPP for vdd_core
[    2.005035] omap2_set_init_voltage: unable to set vdd_core
[    2.010803] omap2_set_init_voltage: unable to find boot up OPP for vdd_iva
[    2.017974] omap2_set_init_voltage: unable to set vdd_iva
[    2.023986] Power Management for TI OMAP4+ devices.
[    2.029113] Power Management for TI OMAP4.
[    2.033386] OMAP4 PM: u-boot >= v2012.07 is required for full PM support
[    2.040496] ThumbEE CPU extension supported.
[    2.043914] Registering SWP/SWPB emulation handler
[    2.051177] vwl1271: 1800 mV 
[    2.056549] Skipping twl internal clock init and using bootloader value (unknown osc rate)
[    2.065734] twl 0-0048: PIH (irq 39) nested IRQs
[    2.071472] twl_rtc 48070000.i2c:twl@48:rtc: Power up reset detected.
[    2.078918] twl_rtc 48070000.i2c:twl@48:rtc: Enabling TWL-RTC
[    2.087341] twl_rtc 48070000.i2c:twl@48:rtc: rtc core: registered 48070000.i2c:twl@48 as rtc0
[    2.097229] VAUX1_6030: 1000 <--> 3000 mV at 2800 mV 
[    2.103363] VAUX2_6030: 1200 <--> 2800 mV at 1800 mV 
[    2.109558] VAUX3_6030: 1000 <--> 3000 mV at 1200 mV 
[    2.115722] VMMC: 1200 <--> 3000 mV at 3000 mV 
[    2.121307] VPP: 1800 <--> 2500 mV at 1900 mV 
[    2.126739] VUSIM: 1200 <--> 2900 mV at 1800 mV 
[    2.132232] VDAC: 1800 mV 
[    2.132232] VANA: 2100 mV 
[    2.139282] VCXIO: 1800 mV 
[    2.139282] VUSB: 3300 mV 
[    2.146636] hub 1-1:1.0: USB hub found
[    2.150604] V1V8: 1800 mV 
[    2.153472] hub 1-1:1.0: 5 ports detected
[    2.158447] V2V1: 2100 mV 
[    2.165222] omap_i2c 48070000.i2c: bus 0 rev0.11 at 400 kHz
[    2.357482] omap_i2c 48072000.i2c: bus 1 rev0.11 at 400 kHz
[    2.406433] hw-breakpoint: Failed to enable monitor mode on CPU 0.
[    2.427185] hw-breakpoint: CPU 0 failed to disable vector catch
[    2.447326] usb 1-1.1: new high-speed USB device number 3 using ehci-omap
[    2.533111] omap_i2c 48060000.i2c: bus 2 rev0.11 at 100 kHz
[    2.560302] smsc95xx v1.0.4
[    2.625549] smsc95xx 1-1.1:1.0 eth0: register 'smsc95xx' at usb-4a064c00.ehci-1.1, smsc95xx USB 2.0 Ethernet, fa:38:42:cc:79:0e
[    2.697479] omap_i2c 48350000.i2c: bus 3 rev0.11 at 400 kHz
[    2.705627] omap_hsmmc 4809c000.mmc: pins are not configured from the driver
[    2.895233] twl_rtc 48070000.i2c:twl@48:rtc: setting system clock to 2000-01-01 00:00:00 UTC (946684800)
[    2.949676] mmc0: host does not support reading read-only switch. assuming write-enable.
[    2.960083] mmc0: new high speed SDHC card at address b368
[    2.966217] mmcblk0: mmc0:b368 NCard 3.73 GiB 
[    2.972473]  mmcblk0: p1 p2
[    2.976623] smsc95xx 1-1.1:1.0 eth0: hardware isn't capable of remote wakeup
[    2.988433] omap_hsmmc 480d5000.mmc: card claims to support voltages below defined range
[    3.006713] mmc1: queuing unknown CIS tuple 0x91 (3 bytes)
[    3.013763] mmc1: new SDIO card at address 0001
[    4.428314] smsc95xx 1-1.1:1.0 eth0: link up, 100Mbps, full-duplex, lpa 0xC5E1
[    4.452209] Sending DHCP requests ., OK
[    5.532501] IP-Config: Got DHCP answer from 192.168.1.254, my address is 192.168.1.199
[    5.532501] IP-Config: Complete:
[    5.544342]      device=eth0, hwaddr=fa:38:42:cc:79:0e, ipaddr=192.168.1.199, mask=255.255.255.0, gw=192.168.1.254
[    5.555206]      host=192.168.1.199, domain=ti.com, nis-domain=(none)
[    5.555206]      bootserver=192.168.1.254, rootserver=192.168.1.254, rootpath=
[    5.569335]      nameserver0=192.0.2.2, nameserver1=192.0.2.3
[    5.576385] VUSB: disabling
[    5.580841] VANA: disabling
[    5.584991] VDAC: disabling
[    5.589904] ALSA device list:
[    5.589904]   No soundcards found.
[    5.597961] EXT4-fs (mmcblk0p2): mounting ext3 file system using the ext4 subsystem
[    5.624084] EXT4-fs (mmcblk0p2): mounted filesystem with ordered data mode. Opts: (null)
[    5.626098] VFS: Mounted root (ext3 filesystem) on device 179:2.
[    5.644165] devtmpfs: mounted
[    5.647766] Freeing unused kernel memory: 652K (c0ac0000 - c0b63000)

INIT: version 2.88 booting

Error opening /dev/fb0: No such file or directory
/dev/ttyO2 linked to /dev/tty-bd - using as console
Starting udev
[    6.262695] udevd[104]: starting version 182
[    8.174987] FAT-fs (mmcblk0p1): codepage cp437 not found
[    8.197906] FAT-fs (mmcblk0p1): codepage cp437 not found
[    8.291687] FAT-fs (mmcblk0p1): codepage cp437 not found
[    8.314422] FAT-fs (mmcblk0p1): codepage cp437 not found
ERROR: could not open directory /lib/modules/3.15.0-next-20140610-00002-gbd6cc79: No such file or directory
WARNING: -e needs -E or -F
ERROR: could not open directory /lib/modules/3.15.0-next-20140610-00002-gbd6cc79: No such file or directory
FATAL: could not search modules: No such file or directory
Starting Bootlog daemon: [    8.416137] random: nonblocking pool is initialized
bootlogd.

[    8.452392] EXT4-fs (mmcblk0p2): re-mounted. Opts: data=ordered
ALSA: Restoring mixer settings...

Configuring network interfaces... /usr/sbin/alsactl: load_state:1696: No soundcards found...

udhcpc (v1.20.2) started

Sending discover...

Sending select for 192.168.1.199...

Lease of 192.168.1.199 obtained, lease time 600

/etc/udhcpc.d/50default: Adding DNS 192.0.2.2

/etc/udhcpc.d/50default: Adding DNS 192.0.2.3

done.

Sun Apr  6 06:32:00 UTC 2014


INIT: Entering runlevel: 3


/dev/ttyO2 linked to /dev/tty-bd - using as console

Starting system message bus: dbus.

Starting Dropbear SSH server: dropbear.

Starting telnet daemon.

Starting syslogd/klogd: done

Starting thttpd.

Starting Lighttpd Web Server: 2014-04-06 06:32:00: (log.c.166) server started 

lighttpd.

***************************************************************

***************************************************************

NOTICE: This file system contains the followin GPLv3 packages:

	binutils-symlinks

	binutils

	gdbserver

	parted



If you do not wish to distribute GPLv3 components please remove

the above packages prior to distribution.  This can be done using

the opkg remove command.  i.e.:

    opkg remove <package>

Where <package> is the name printed in the list above



NOTE: If the package is a dependency of another package you

      will be notified of the dependent packages.  You should

      use the --force-removal-of-dependent-packages option to

      also remove the dependent packages as well

***************************************************************

***************************************************************

Stopping Bootlog daemon: bootlogd.

 _____                    _____           _         _   
|  _  |___ ___ ___ ___   |  _  |___ ___  |_|___ ___| |_ 
|     |  _| .'| . | . |  |   __|  _| . | | | -_|  _|  _|
|__|__|_| |__,|_  |___|  |__|  |_| |___|_| |___|___|_|  
              |___|                    |___|            

Arago Project http://arago-project.org GenericOMAP4(FlattenedDeviceTree) tty-bd

Arago 2013.12 GenericOMAP4(FlattenedDeviceTree) tty-bd

GenericOMAP4(FlattenedDeviceTree) login: 
- 05:59:41 [INFO] Host: root
- 05:59:41 [INFO] Target: 
root
root@GenericOMAP4(FlattenedDeviceTree):~# 
- 05:59:41 [INFO] Host: uname -a
- 05:59:42 [INFO] Target: 
uname -a
Linux GenericOMAP4(FlattenedDeviceTree) 3.15.0-next-20140610-00002-gbd6cc79 #1 SMP Tue Jun 10 05:53:46 CDT 2014 armv7l GNU/Linux
root@GenericOMAP4(FlattenedDeviceTree):~# 
- 05:59:42 [INFO] Host: cat /proc/cmdline
- 05:59:42 [INFO] Target: 
cat /proc/cmdline
console=ttyO2,115200n8 vram=16M earlyprintk rootwait  ip=dhcp  root=/dev/mmcblk0p2 rw rootfstype=ext3 rootwait 
root@GenericOMAP4(FlattenedDeviceTree):~# 
- 05:59:42 [INFO] Host: uname -a
- 05:59:43 [INFO] Target: 
uname -a
Linux GenericOMAP4(FlattenedDeviceTree) 3.15.0-next-20140610-00002-gbd6cc79 #1 SMP Tue Jun 10 05:53:46 CDT 2014 armv7l GNU/Linux
root@GenericOMAP4(FlattenedDeviceTree):~# 
- 05:59:43 [INFO] Host: cat /proc/mtd
- 05:59:44 [INFO] Target: 
cat /proc/mtd
dev:    size   erasesize  name
root@GenericOMAP4(FlattenedDeviceTree):~# 
- 05:59:52 [INFO] Host: export IPERFHOST=128.247.105.47
- 05:59:53 [INFO] Target: 
export IPERFHOST=128.247.105.47
root@GenericOMAP4(FlattenedDeviceTree):~# 
- 05:59:53 [INFO] Host: export NFS_SERVER=128.247.105.47
- 05:59:53 [INFO] Target: 
export NFS_SERVER=128.247.105.47
root@GenericOMAP4(FlattenedDeviceTree):~# 
- 05:59:53 [INFO] Host: export NFS_ROOT_PATH=/usr/workdir/filesys/linux/pandaes
- 05:59:54 [INFO] Target: 
export NFS_ROOT_PATH=/usr/workdir/file 
sys/linux/pandaes
root@GenericOMAP4(FlattenedDeviceTree):~# 
- 05:59:54 [INFO] Host: mkdir -p -m 777 /test
- 05:59:55 [INFO] Target: 
mkdir -p -m 777 /test
root@GenericOMAP4(FlattenedDeviceTree):~# 
- 05:59:55 [INFO] Host: cd /test
- 05:59:55 [INFO] Target: 
cd /test
root@GenericOMAP4(FlattenedDeviceTree):/test# 
- 05:59:55 [INFO] Host: cat > test.sh << EOF
- 05:59:56 [INFO] Target: 
cat > test.sh << EOF
> 
- 05:59:56 [INFO] Host: failtest() {

- 05:59:56 [INFO] Target: 
failtest() {
> 
- 05:59:57 [INFO] Host:   echo 1 >&3

- 05:59:57 [INFO] Target: 
  echo 1 >&3
> 
- 05:59:57 [INFO] Host: }

- 05:59:58 [INFO] Target: 
}
> 
- 05:59:58 [INFO] Host: script=anonymous:anonymous@gtautoftp.gt.design.ti.com/anonymous/opentest/target-test-basic.sh_md5_5d260c597a39e144f6dea1bc54ee8584

- 06:00:08 [ERROR] On command: script=anonymous:anonymous@gtautoftp.gt.design.ti.com/anonymous/opentest/target-test-basic.sh_md5_5d260c597a39e144f6dea1bc54ee8584
 waiting for (?-mix:.*) >>> error: execution expired
- 06:00:08 [INFO] Target: 
script=anonymous:anonymous@gtautoftp.gt.design.ti.com/anonymous/opentest/targe 
t-test-basic.sh_md5_5d260c597a39e144f6dea1bc54ee8584
> 
- 06:00:08 [INFO] Host: timeout=600

- 06:00:08 [INFO] Target: 
timeout=600
> 
- 06:00:08 [INFO] Host: 

- 06:00:09 [INFO] Target: 

> 
- 06:00:09 [INFO] Host: # Start of user's script logic

- 06:00:10 [INFO] Target: 
# Start of user's script logic
> 
- 06:00:10 [INFO] Host: 

- 06:00:10 [INFO] Target: 

> 
- 06:00:10 [INFO] Host: 

- 06:00:11 [INFO] Target: 

> 
- 06:00:11 [INFO] Host: mount -t proc proc /proc 2>/dev/null;

- 06:00:11 [INFO] Target: 
mount -t proc proc /proc 2>/dev/null;
> 
- 06:00:11 [INFO] Host: 

- 06:00:12 [INFO] Target: 

> 
- 06:00:12 [INFO] Host: mount -t sysfs sys /sys 2>/dev/null;

- 06:00:13 [INFO] Target: 
mount -t sysfs sys /sys 2>/dev/null;
> 
- 06:00:13 [INFO] Host: 

- 06:00:13 [INFO] Target: 

> 
- 06:00:13 [INFO] Host: mount -t debugfs none /sys/kernel/debug 2>/dev/null;

- 06:00:14 [INFO] Target: 
mount -t debugfs none /sys/kernel/debug 2>/dev/null;
> 
- 06:00:14 [INFO] Host: 

- 06:00:15 [INFO] Target: 

> 
- 06:00:15 [INFO] Host: echo 'cpuinfo:';cat /proc/cpuinfo; echo '=======';

- 06:00:15 [INFO] Target: 
echo 'cpuinfo:';cat /proc/cpuinfo; echo '=======';
> 
- 06:00:15 [INFO] Host: 

- 06:00:16 [INFO] Target: 

> 
- 06:00:16 [INFO] Host: echo 'soc info:';head /sys/devices/soc0/* 2>/dev/null; echo '=======';

- 06:00:16 [INFO] Target: 
echo 'soc info:';head /sys/devices/soc0/* 2>/dev/null; echo '=======';
> 
- 06:00:16 [INFO] Host: 

- 06:00:17 [INFO] Target: 

> 
- 06:00:17 [INFO] Host: echo 'interrupts:';cat /proc/interrupts; echo '=======';

- 06:00:17 [INFO] Target: 
echo 'interrupts:';cat /proc/interrupts; echo '=======';
> 
- 06:00:17 [INFO] Host: 

- 06:00:18 [INFO] Target: 

> 
- 06:00:18 [INFO] Host: echo 'Clk_summary:';cat /sys/kernel/debug/clk/clk_summary; echo '=======';

- 06:00:19 [INFO] Target: 
echo 'Clk_summary:';cat /sys/kernel/debug/clk/clk_summary; echo '=======';
> 
- 06:00:19 [INFO] Host: 

- 06:00:19 [INFO] Target: 

> 
- 06:00:19 [INFO] Host: echo 'Orphan Clks:';ls /sys/kernel/debug/clk/orphans/; echo '=======';

- 06:00:20 [INFO] Target: 
echo 'Orphan Clks:';ls /sys/kernel/debug/clk/orphans/; echo '=======';
> 
- 06:00:20 [INFO] Host: 

- 06:00:20 [INFO] Target: 

> 
- 06:00:20 [INFO] Host: echo 'H''ello World' 'B''oard Booted';

- 06:00:21 [INFO] Target: 
echo 'H''ello World' 'B''oard Booted';
> 
- 06:00:21 [INFO] Host: 

- 06:00:22 [INFO] Target: 

> 
- 06:00:22 [INFO] Host: EOF
- 06:00:22 [INFO] Target: 
EOF
root@GenericOMAP4(FlattenedDeviceTree):/test# 
- 06:00:22 [INFO] Host: cd /test
- 06:00:23 [INFO] Target: 
cd /test
root@GenericOMAP4(FlattenedDeviceTree):/test# 
- 06:00:23 [INFO] Host: chmod +x test.sh
- 06:00:23 [INFO] Target: 
chmod +x test.sh
root@GenericOMAP4(FlattenedDeviceTree):/test# 
- 06:00:23 [INFO] Host: ./test.sh 2> stderr.log > stdout.log 3> result.log
- 06:00:24 [INFO] Target: 
./test.sh 2> stderr.log > stdout.l 
og 3> result.log
root@GenericOMAP4(FlattenedDeviceTree):/test# 
- 06:00:24 [INFO] Host: echo $?
- 06:00:24 [INFO] Target: 
echo $?
0
root@GenericOMAP4(FlattenedDeviceTree):/test# 
- 06:00:24 [INFO] Host: cd /test
- 06:00:25 [INFO] Target: 
cd /test
root@GenericOMAP4(FlattenedDeviceTree):/test# 
- 06:00:25 [INFO] Host: cat stdout.log
- 06:00:27 [INFO] Target: 
cat stdout.log
cpuinfo:
processor	: 0
model name	: ARMv7 Processor rev 10 (v7l)
Features	: swp half thumb fastmult vfp edsp thumbee neon vfpv3 tls vfpd32 
CPU implementer	: 0x41
CPU architecture: 7
CPU variant	: 0x2
CPU part	: 0xc09
CPU revision	: 10

processor	: 1
model name	: ARMv7 Processor rev 10 (v7l)
Features	: swp half thumb fastmult vfp edsp thumbee neon vfpv3 tls vfpd32 
CPU implementer	: 0x41
CPU architecture: 7
CPU variant	: 0x2
CPU part	: 0xc09
CPU revision	: 10

Hardware	: Generic OMAP4 (Flattened Device Tree)
Revision	: 0000
Serial		: 0000000000000000
=======
soc info:
==> /sys/devices/soc0/family <==
OMAP4

==> /sys/devices/soc0/machine <==
OMAP4460

==> /sys/devices/soc0/power <==

==> /sys/devices/soc0/revision <==
ES1.1

==> /sys/devices/soc0/subsystem <==

==> /sys/devices/soc0/type <==
GP

==> /sys/devices/soc0/uevent <==
=======
interrupts:
           CPU0       CPU1       
 29:       1982       2167       GIC  29  twd
 39:          0          0       GIC  39  TWL6030-PIH
 41:          0          0       GIC  41  l3-dbg-irq
 42:          0          0       GIC  42  l3-app-irq
 44:          0          0       GIC  44  DMA
 45:       2620          0       GIC  45  omap-dma-engine
 52:          0          0       GIC  52  gpmc
 69:        990          0       GIC  69  gp_timer
 88:        275          0       GIC  88  48070000.i2c
 89:        156          0       GIC  89  48072000.i2c
 91:        144          0       GIC  91  mmc1
 93:        155          0       GIC  93  48060000.i2c
 94:        155          0       GIC  94  48350000.i2c
106:       2944          0       GIC 106  OMAP UART2
108:          1          0       GIC 108  ohci_hcd:usb2
109:        285          0       GIC 109  ehci_hcd:usb1
115:       4299          0       GIC 115  mmc0
363:          1          0      PRCM  pinctrl, pinctrl
419:          1          0   pinctrl 260  OMAP UART2
421:          0          0   twl6030  11  rtc0
IPI0:          0          1  CPU wakeup interrupts
IPI1:          0         98  Timer broadcast interrupts
IPI2:       1822       2481  Rescheduling interrupts
IPI3:          0          0  Function call interrupts
IPI4:        127       1056  Single function call interrupts
IPI5:          0          0  CPU stop interrupts
IPI6:          0          0  IRQ work interrupts
IPI7:          0          0  completion interrupts
Err:          0
=======
Clk_summary:
   clock                         enable_cnt  prepare_cnt        rate   accuracy
--------------------------------------------------------------------------------
 dummy_ck                                 0            0           0          0
 xclk60motg_ck                            0            0    60000000          0
 xclk60mhsp2_ck                           0            0    60000000          0
 xclk60mhsp1_ck                           0            0    60000000          0
    utmi_p1_gfclk                         0            0    60000000          0
       usb_host_hs_utmi_p1_clk            0            0    60000000          0
 utmi_phy_clkout_ck                       0            1    60000000          0
    otg_60m_gfclk                         0            1    60000000          0
       usb_otg_hs_xclk                    0            1    60000000          0
 tie_low_clock_ck                         0            0           0          0
 virt_38400000_ck                         1            1    38400000          0
    sys_clkin_ck                          8           16    38400000          0
       auxclk5_src_ck                     0            0    38400000          0
          auxclk5_ck                      0            0    38400000          0
             auxclkreq5_ck                0            0    38400000          0
       auxclk4_src_ck                     0            0    38400000          0
          auxclk4_ck                      0            0    19200000          0
             auxclkreq4_ck                0            0    19200000          0
       auxclk3_src_ck                     1            1    38400000          0
          auxclk3_ck                      1            1    19200000          0
             auxclkreq3_ck                0            0    19200000          0
       auxclk2_src_ck                     0            0    38400000          0
          auxclk2_ck                      0            0    38400000          0
             auxclkreq2_ck                0            0    38400000          0
       auxclk1_src_ck                     0            0    38400000          0
          auxclk1_ck                      0            0    38400000          0
             auxclkreq1_ck                0            0    38400000          0
       auxclk0_src_ck                     0            0    38400000          0
          auxclk0_ck                      0            0    38400000          0
             auxclkreq0_ck                0            0    38400000          0
       cm2_dm9_mux                        0            1    38400000          0
       cm2_dm4_mux                        0            1    38400000          0
       cm2_dm3_mux                        0            1    38400000          0
       cm2_dm2_mux                        0            1    38400000          0
       cm2_dm11_mux                       0            1    38400000          0
       cm2_dm10_mux                       0            1    38400000          0
       dpll_usb_ck                        1            1   960000000          0
          dpll_usb_m2_ck                  1            1   480000000          0
             usb_host_hs_hsic480m_p2_clk           0            0   480000000          0
             usb_host_hs_hsic480m_p1_clk           0            0   480000000          0
             init_60m_fclk                1            1    60000000          0
                usb_tll_hs_usb_ch1_clk           0            0    60000000          0
                usb_tll_hs_usb_ch0_clk           0            0    60000000          0
                usb_tll_hs_usb_ch2_clk           0            0    60000000          0
                usb_host_hs_fck           1            1    60000000          0
                usb_host_hs_hsic60m_p2_clk           0            0    60000000          0
                usb_host_hs_hsic60m_p1_clk           0            0    60000000          0
                usb_host_hs_utmi_p3_clk           0            0    60000000          0
                utmi_p2_gfclk             0            0    60000000          0
                   usb_host_hs_utmi_p2_clk           0            0    60000000          0
          dpll_usb_clkdcoldo_ck           0            0   960000000          0
       dpll_per_ck                        1            2   768000000          0
          dpll_per_x2_ck                  1            3  1536000000          0
             dpll_per_m7x2_ck             0            0   307200000          0
             dpll_per_m6x2_ck             0            0   384000000          0
             dpll_per_m5x2_ck             0            1   170666667          0
                dss_dss_clk               0            5   170666667          0
             dpll_per_m4x2_ck             0            1   128000000          0
                fdif_fck                  0            1   128000000          0
                func_64m_fclk             0            0    64000000          0
                usim_ck                   0            0     9142858          0
                   usim_fclk              0            0     9142858          0
             dpll_per_m3x2_ck             0            0   256000000          0
             dpll_per_m2x2_ck             1            6   192000000          0
                hsi_fck                   0            1   192000000          0
                func_96m_fclk             0            8    96000000          0
                   hsmmc2_fclk            0            1    96000000          0
                   hsmmc1_fclk            0            1    96000000          0
                   mcbsp4_sync_mux_ck           0            2    96000000          0
                      per_mcbsp4_gfclk           0            1    96000000          0
                   iss_ctrlclk            0            1    96000000          0
                func_48mc_fclk            0            1    48000000          0
                   usb_host_hs_func48mclk           0            0    48000000          0
                   usb_host_fs_fck           0            0    48000000          0
                   dss_48mhz_clk           0            2    48000000          0
                func_48m_fclk             4           12    48000000          0
                   ocp2scp_usb_phy_phy_48m           0            1    48000000          0
                func_24mc_fclk            0            1    24000000          0
                   slimbus2_fclk_0           0            1    24000000          0
                func_12m_fclk             0            1    12000000          0
          dpll_per_m2_ck                  0            1    96000000          0
             func_24m_clk                 0            1    24000000          0
                slimbus1_fclk_1           0            1    24000000          0
       per_hsd_byp_clk_mux_ck             0            0    38400000          0
       dpll_mpu_ck                        2            2   699977142          0
          dpll_mpu_m2_ck                  1            1   699977142          0
          mpu_periphclk                   1            1   349988571          0
       dpll_core_ck                       2            2   800000000          0
          dpll_core_x2_ck                 1            2  1600000000          0
             dpll_core_m7x2_ck            0            1   320000000          0
                sgx_clk_mux               0            1   320000000          0
             dpll_core_m3x2_ck            0            0   320000000          0
             dpll_core_m4x2_ck            0            0   200000000          0
                dll_clk_div_ck            0            0   100000000          0
             dpll_core_m5x2_ck            1            1   400000000          0
                div_mpu_hs_clk            0            0   400000000          0
                div_iva_hs_clk            0            0   400000000          0
                div_core_ck               1            2   400000000          0
                   ducati_clk_mux_ck           0            3   400000000          0
                   l3_div_ck             41           43   200000000          0
                      usb_otg_hs_ick           0            1   200000000          0
                      sha2md5_fck           0            0   200000000          0
                      dss_fck             7            8   200000000          0
                      aes2_fck            0            0   200000000          0
                      aes1_fck            0            0   200000000          0
                      l4_div_ck          63           67   100000000          0
                         usb_tll_hs_ick           1            1   100000000          0
             dpll_core_m6x2_ck            0            0   266666667          0
          dpll_core_m2_ck                 1            1   800000000          0
             ddrphy_ck                    2            2   400000000          0
       pmd_trace_clk_mux_ck               0            1    38400000          0
          trace_clk_div_div_ck            0            1    38400000          0
             trace_clk_div_ck             0            1    38400000          0
       pmd_stm_clock_mux_ck               0            0    38400000          0
          stm_clk_div_ck                  0            0    19200000          0
       syc_clk_div_ck                     0            5    38400000          0
          dss_sys_clk                     0            4    38400000          0
          timer5_sync_mux                 0            1    38400000          0
          timer6_sync_mux                 0            1    38400000          0
          timer7_sync_mux                 0            1    38400000          0
          timer8_sync_mux                 0            1    38400000          0
       l4_wkup_clk_mux_ck                11           14    38400000          0
          smartreflex_mpu_fck             0            1    38400000          0
          smartreflex_iva_fck             0            1    38400000          0
          smartreflex_core_fck            0            1    38400000          0
          div_ts_ck                       0            0     1200000          0
             bandgap_ts_fclk              0            0     1200000          0
       dbgclk_mux_ck                      1            1    38400000          0
       abe_dpll_bypass_clk_mux_ck           0            0    38400000          0
       core_hsd_byp_clk_mux_ck            0            0    38400000          0
       iva_hsd_byp_clk_mux_ck             1            1    38400000          0
          dpll_iva_ck                     1            1    38400000          0
             dpll_iva_x2_ck               1            2    38400000          0
                dpll_iva_m5x2_ck           1            2     9600000          0
                dpll_iva_m4x2_ck           0            2     9600000          0
 virt_27000000_ck                         0            0    27000000          0
 virt_26000000_ck                         0            0    26000000          0
 virt_19200000_ck                         0            0    19200000          0
 virt_16800000_ck                         0            0    16800000          0
 virt_13000000_ck                         0            0    13000000          0
 virt_12000000_ck                         0            0    12000000          0
 sys_32k_ck                               3           13       32768          0
    usb_phy_cm_clk32k                     0            1       32768          0
    gpio6_dbclk                           0            1       32768          0
    gpio5_dbclk                           0            1       32768          0
    gpio4_dbclk                           0            1       32768          0
    gpio3_dbclk                           0            1       32768          0
    gpio2_dbclk                           0            1       32768          0
    dmt1_clk_mux                          1            1       32768          0
    gpio1_dbclk                           0            1       32768          0
    abe_dpll_refclk_mux_ck                1            1       32768          0
       dpll_abe_ck                        1            2    98304000          0
          dpll_abe_x2_ck                  1            1   196608000          0
             dpll_abe_m3x2_ck             0            0    98304000          0
                usb_hs_clk_div_ck           0            0    32768000          0
                per_hs_clk_div_ck           0            0    49152000          0
             dpll_abe_m2x2_ck             1            2    98304000          0
                lp_clk_div_ck             0            0     6144000          0
                abe_clk                   1            1    98304000          0
                   aess_fclk              1            2    98304000          0
                      ocp_abe_iclk          20           20    49152000          0
                abe_24m_fclk              0            6    12288000          0
                   slimbus1_fclk_0           0            1    12288000          0
                   mcbsp3_sync_mux_ck           0            2    12288000          0
                      func_mcbsp3_gfclk           0            1    12288000          0
                   mcbsp2_sync_mux_ck           0            2    12288000          0
                      func_mcbsp2_gfclk           0            1    12288000          0
                   mcbsp1_sync_mux_ck           0            2    12288000          0
                      func_mcbsp1_gfclk           0            1    12288000          0
                   mcasp_sync_mux_ck           0            1    12288000          0
                      func_mcasp_abe_gfclk           0            1    12288000          0
                   dmic_sync_mux_ck           0            1    12288000          0
                      func_dmic_abe_gfclk           0            1    12288000          0
          dpll_abe_m2_ck                  0            1    98304000          0
             per_abe_nc_fclk              0            0    98304000          0
             per_abe_24m_fclk             0            1    24576000          0
                slimbus2_fclk_1           0            1    24576000          0
 slimbus_src_clk                          0            1    12000000          0
    slimbus_clk                           0            1    12000000          0
       slimbus1_slimbus_clk               0            1    12000000          0
 secure_32k_clk_src_ck                    0            0       32768          0
 pad_slimbus_core_clks_ck                 0            1    12000000          0
    slimbus2_slimbus_clk                  0            1    12000000          0
 pad_clks_src_ck                          0            1    12000000          0
    pad_clks_ck                           0            6    12000000          0
       slimbus1_fclk_2                    0            1    12000000          0
 extalt_clkin_ck                          0            1    59000000          0
    dss_tv_clk                            0            2    59000000          0
=======
Orphan Clks:
=======
Hello World Board Booted
root@GenericOMAP4(FlattenedDeviceTree):/test# 
- 06:00:27 [INFO] Host: cat stderr.log
- 06:00:28 [INFO] Target: 
cat stderr.log
root@GenericOMAP4(FlattenedDeviceTree):/test# 
- 06:00:28 [INFO] Host: cat result.log
- 06:00:30 [ERROR] On command: cat result.log waiting for (?m-ix:^1[\0\n\r]+) >>> error: execution expired
- 06:00:30 [INFO] Target: 
cat result.log
root@GenericOMAP4(FlattenedDeviceTree):/test# 
- 06:00:30 [INFO] Host: cd /test
- 06:00:30 [INFO] Target: 
cd /test
root@GenericOMAP4(FlattenedDeviceTree):/test# 
FOR DEBUG:URL:http://gtsystest.telogy.design.ti.com/vatf/tidfarm-02/tidfarm-02_vatf@3/tidfarm-0206_10_2014_05_57_34/files/session_iteration_1/test_1/dut1_1_log.txt
