- 06:10:19 [INFO] Starting target session
- 06:10:20 [INFO] Connected to pandaboard-vanilla via serial 
- 06:10:20 [INFO] Host: #check prompt
- 06:10:23 [ERROR] On command: #check prompt waiting for #check prompt.+?(?-mix:((?-mix:.*\s+login)|[Pp]assword)) >>> error: execution expired
- 06:10:23 [INFO] Target: 
#check prompt
root@GenericOMAP4(FlattenedDeviceTree):/test# 
- 06:10:23 [INFO] Host: #check prompt
- 06:10:23 [INFO] Target: 
#check prompt
root@GenericOMAP4(FlattenedDeviceTree):/test# 
- 06:10:23 [INFO] Host: sync;poweroff
- 06:10:40 [INFO] Target: 
sync;poweroff
Broadcast message from root@GenericOMAP4(FlattenedDeviceTree) (ttyO2) (Thu No
The system is going down for system halt NOW!
INIT: Switching t
INIT: Sending processes the TERM signal
root@GenericOMAP4(FlattenedDeviceTree):/test# 
INIT: Sending processes thStopping Dropbear SSH server: stopped /usr/sbin/dropbear (pid 601)
dropbear.
Stopping telnet daemon.
Stopping system message bus: hwclock: can't open '/dev/misc/rtc': No such file or directory
Error opening /dev/fb0: No such file or directory
Stopping syslogd/klogd: stopped syslogd (pid 613)
stopped klogd (pid 615)
done
Stopping thttpd.
ALSA: Storing mixer settings...
/usr/sbin/alsactl: save_state:1580: No soundcards found...
Deconfiguring network interfaces... ifdown: interface eth0 not configured
done.
Stopping Lighttpd Web Server: stopped /usr/sbin/lighttpd (pid 626)
lighttpd.
***************************************************************
***************************************************************
NOTICE: This file system contains the followin GPLv3 packages:
	binutils-symlinks
	binutils
	gdbserver
	parted
If you do not wish to distribute GPLv3 components please remove
the above packages prior to distribution.  This can be done using
the opkg remove command.  i.e.:
    opkg remove <package>
Where <package> is the name printed in the list above
NOTE: If the package is a dependency of another package you
      will be notified of the dependent packages.  You should
      use the --force-removal-of-dependent-packages option to
      also remove the dependent packages as well
***************************************************************
***************************************************************
Sending all processes the TERM signal...
Sending all processes the KILL signal...
Unmounting remote filesystems...
Deactivating swap...
Unmounting local filesystems...
[ 1182.216888] reboot: System halted
- 06:10:40 [INFO] Disconnected serial from pandaboard-vanilla
- 06:11:16 [INFO] Connected to pandaboard-vanilla via serial 
- 06:11:16 [INFO] Host: 
- 06:11:17 [INFO] Target: 
  0 
U-Boot# 
U-Boot# 
U-Boot# 
U-Boot# 
U-Boot# 
U-Boot# 
U-Boot# 
U-Boot# 
U-Boot# 
U-Boot# 
U-Boot# 
U-Boot# 
- 06:11:18 [INFO] Host: 
- 06:11:18 [INFO] Target: 
U-Boot# 
- 06:11:18 [INFO] Host: version
- 06:11:18 [INFO] Target: 
version
U-Boot 2014.04-00069-g53b0d70 (Apr 22 2014 - 14:39:57)
arm-linux-gnueabi-gcc (Ubuntu/Linaro 4.6.3-1ubuntu5) 4.6.3
GNU ld (GNU Binutils for Ubuntu) 2.22
U-Boot# 
- 06:11:18 [INFO] Host: setenv bootargs 'console=ttyO2,115200n8 vram=16M earlyprintk rootwait '
- 06:11:18 [INFO] Target: 
setenv bootargs 'console=ttyO2,115200n8 vram=16M earlyprintk rootwait '
U-Boot# 
- 06:11:18 [INFO] Host: setenv bootcmd  ''
- 06:11:18 [INFO] Target: 
setenv bootcmd  ''
U-Boot# 
- 06:11:18 [INFO] Host: setenv autoload 'no'
- 06:11:18 [INFO] Target: 
setenv autoload 'no'
U-Boot# 
- 06:11:18 [INFO] Host: setenv serverip '192.168.1.254'
- 06:11:18 [INFO] Target: 
setenv serverip '192.168.1.254'
U-Boot# 
- 06:11:18 [INFO] Host: setenv mmcdev ' '
- 06:11:18 [INFO] Target: 
setenv mmcdev ' '
U-Boot# 
- 06:11:18 [INFO] Host: printenv
- 06:11:18 [INFO] Target: 
printenv
arch=arm
autoload=no
baudrate=115200
board=panda
board_name=panda
bootargs=console=ttyO2,115200n8 vram=16M earlyprintk rootwait 
bootcmd=
bootdelay=1
bootdir=/boot
bootfile=zImage
bootm_size=0x08000000
bootpart=0:2
bootscript=echo Running bootscript from mmc${mmcdev} ...; source ${loadaddr}
console=ttyO2,115200n8
cpu=armv7
fdt_addr_r=0x88000000
fdtaddr=0x88000000
fdtfile=undefined
findfdt=if test $board_name = sdp4430; then setenv fdtfile omap4-sdp.dtb; fi; if test $board_name = panda; then setenv fdtfile omap4-panda.dtb; fi;if test $board_name = panda-a4; then setenv fdtfile omap4-panda-a4.dtb; fi;if test $board_name = panda-es; then setenv fdtfile omap4-panda-es.dtb; fi;if test $fdtfile = undefined; then echo WARNING: Could not determine device tree to use; fi; 
importbootenv=echo Importing environment from mmc${mmcdev} ...; env import -t ${loadaddr} ${filesize}
kernel_addr_r=0x82000000
loadaddr=0x82000000
loadbootenv=fatload mmc ${mmcdev} ${loadaddr} uEnv.txt
loadbootscript=fatload mmc ${mmcdev} ${loadaddr} boot.scr
loadfdt=load mmc ${bootpart} ${fdtaddr} ${bootdir}/${fdtfile}
loadimage=load mmc ${bootpart} ${loadaddr} ${bootdir}/${bootfile}
mmcargs=setenv bootargs console=${console} vram=${vram} root=${mmcroot} rootfstype=${mmcrootfstype}
mmcboot=echo Booting from mmc${mmcdev} ...; run mmcargs; bootz ${loadaddr} - ${fdtaddr}
mmcdev= 
mmcroot=/dev/mmcblk0p2 rw
mmcrootfstype=ext3 rootwait
ramdisk_addr_r=0x88080000
rdaddr=0x88080000
serverip=192.168.1.254
soc=omap4
usbethaddr=02:04:f1:2a:2a:93
usbtty=cdc_acm
vendor=ti
ver=U-Boot 2014.04-00069-g53b0d70 (Apr 22 2014 - 14:39:57)
vram=16M
Environment size: 1694/131068 bytes
U-Boot# 
- 06:11:18 [INFO] Host: dcache off
- 06:11:19 [INFO] Target: 
dcache off
Unknown command 'dcache' - try 'help'
U-Boot# 
- 06:11:19 [INFO] Host: setenv usbethaddr 2E:62:05:CC:46:01
- 06:11:19 [INFO] Target: 
setenv usbethaddr 2E:62:05:CC:46:01
U-Boot# 
- 06:11:19 [INFO] Host: usb start
- 06:11:21 [INFO] Target: 
usb start
(Re)start USB...
USB0:   USB EHCI 1.00
scanning bus 0 for devices... 3 USB Device(s) found
       scanning usb for storage devices... 0 Storage Device(s) found
       scanning usb for ethernet devices... 1 Ethernet Device(s) found
U-Boot# 
- 06:11:21 [INFO] Host: printenv
- 06:11:21 [INFO] Target: 
printenv
arch=arm
autoload=no
baudrate=115200
board=panda
board_name=panda
bootargs=console=ttyO2,115200n8 vram=16M earlyprintk rootwait 
bootcmd=
bootdelay=1
bootdir=/boot
bootfile=zImage
bootm_size=0x08000000
bootpart=0:2
bootscript=echo Running bootscript from mmc${mmcdev} ...; source ${loadaddr}
console=ttyO2,115200n8
cpu=armv7
ethact=sms0
fdt_addr_r=0x88000000
fdtaddr=0x88000000
fdtfile=undefined
findfdt=if test $board_name = sdp4430; then setenv fdtfile omap4-sdp.dtb; fi; if test $board_name = panda; then setenv fdtfile omap4-panda.dtb; fi;if test $board_name = panda-a4; then setenv fdtfile omap4-panda-a4.dtb; fi;if test $board_name = panda-es; then setenv fdtfile omap4-panda-es.dtb; fi;if test $fdtfile = undefined; then echo WARNING: Could not determine device tree to use; fi; 
importbootenv=echo Importing environment from mmc${mmcdev} ...; env import -t ${loadaddr} ${filesize}
kernel_addr_r=0x82000000
loadaddr=0x82000000
loadbootenv=fatload mmc ${mmcdev} ${loadaddr} uEnv.txt
loadbootscript=fatload mmc ${mmcdev} ${loadaddr} boot.scr
loadfdt=load mmc ${bootpart} ${fdtaddr} ${bootdir}/${fdtfile}
loadimage=load mmc ${bootpart} ${loadaddr} ${bootdir}/${bootfile}
mmcargs=setenv bootargs console=${console} vram=${vram} root=${mmcroot} rootfstype=${mmcrootfstype}
mmcboot=echo Booting from mmc${mmcdev} ...; run mmcargs; bootz ${loadaddr} - ${fdtaddr}
mmcdev= 
mmcroot=/dev/mmcblk0p2 rw
mmcrootfstype=ext3 rootwait
ramdisk_addr_r=0x88080000
rdaddr=0x88080000
serverip=192.168.1.254
soc=omap4
usbethaddr=2E:62:05:CC:46:01
usbtty=cdc_acm
vendor=ti
ver=U-Boot 2014.04-00069-g53b0d70 (Apr 22 2014 - 14:39:57)
vram=16M
Environment size: 1708/131068 bytes
U-Boot# 
- 06:11:21 [INFO] Host: setenv bootargs ''${bootargs}' ip=:::::eth0:dhcp '
- 06:11:21 [INFO] Target: 
setenv bootargs ''${bootargs}' ip=:::::eth0:dhcp '
U-Boot# 
- 06:11:21 [INFO] Host: setenv serverip '192.168.1.254'
- 06:11:21 [INFO] Target: 
setenv serverip '192.168.1.254'
U-Boot# 
- 06:11:21 [INFO] Host: setenv ipaddr dhcp
- 06:11:21 [INFO] Target: 
setenv ipaddr dhcp
U-Boot# 
- 06:11:21 [INFO] Host: setenv autoload 'no'
- 06:11:21 [INFO] Target: 
setenv autoload 'no'
U-Boot# 
- 06:11:21 [INFO] Host: dhcp
- 06:11:30 [INFO] Target: 
dhcp
Waiting for Ethernet connection... done.
BOOTP broadcast 1
EHCI timed out on TD - token=0x88008d80
BOOTP broadcast 2
DHCP client bound to address 192.168.1.166
U-Boot# 
- 06:11:30 [INFO] Host: setenv serverip '192.168.1.254'
- 06:11:30 [INFO] Target: 
setenv serverip '192.168.1.254'
U-Boot# 
- 06:11:30 [INFO] Host: tftp ${loadaddr} 192.168.1.254:vatf_10/a726e2430a8e78505f20f103272d8710
- 06:11:44 [INFO] Target: 
tftp ${loadaddr} 192.168.1.254:vatf_10/a726e2430a8e78505f20f103272d8710
Waiting for Ethernet connection... done.
Using sms0 device
TFTP from server 192.168.1.254; our IP address is 192.168.1.166
Filename 'vatf_10/a726e2430a8e78505f20f103272d8710'.
Load address: 0x82000000
Loading: *##T ###############################################################
	 #################################################################
	 #################################################################
	 #################################################################
	 #################################################################
	 #################################################################
	 ##############################################
	 510.7 KiB/s
done
Bytes transferred = 6386344 (6172a8 hex)
U-Boot# 
- 06:11:44 [INFO] Host: tftp ${fdt_addr_r} 192.168.1.254:vatf_10/25170f90c6f107ee15be4782e02dfb87
- 06:11:52 [INFO] Target: 
tftp ${fdt_addr_r} 192.168.1.254:vatf_10/25170f90c6f107ee15be4782e02dfb87
Waiting for Ethernet connection... done.
Using sms0 device
TFTP from server 192.168.1.254; our IP address is 192.168.1.166
Filename 'vatf_10/25170f90c6f107ee15be4782e02dfb87'.
Load address: 0x88000000
Loading: *EHCI timed out on TD - token=0x8008d80
T ####
	 8.8 KiB/s
done
Bytes transferred = 56472 (dc98 hex)
U-Boot# 
- 06:11:52 [INFO] Host: ls mmc 0:1
- 06:11:52 [INFO] Target: 
ls mmc 0:1
    33508   mlo 
   208700   u-boot.img 
      879   uenv.txt 
            .trash-1000/
        4   ws-calibrate.rules 
4 file(s), 1 dir(s)
U-Boot# 
- 06:11:52 [INFO] Host: ls mmc 0:2
- 06:11:52 [INFO] Target: 
ls mmc 0:2
<DIR>       4096 .
<DIR>       4096 ..
<DIR>      16384 lost+found
<DIR>       4096 bin
<DIR>       4096 boot
<SYM>         37 cpufreq
<SYM>         37 cpuidle
<DIR>       4096 dev
<DIR>       4096 etc
<DIR>       4096 home
<DIR>       4096 lib
<DIR>       4096 media
<DIR>       4096 mnt
<DIR>       4096 opt
<DIR>       4096 proc
<SYM>          8 run
<DIR>       4096 sbin
<DIR>       4096 srv
               9 .ash_history
<DIR>       4096 sys
<SYM>          8 tmp
<DIR>       4096 usr
<DIR>       4096 var
<DIR>       4096 www
<DIR>       4096 test
U-Boot# 
- 06:11:52 [INFO] Host: part uuid mmc 0:2
- 06:11:52 [INFO] Target: 
part uuid mmc 0:2
Unknown command 'part' - try 'help'
U-Boot# 
- 06:11:52 [INFO] Host: printenv
- 06:11:52 [INFO] Target: 
printenv
arch=arm
autoload=no
baudrate=115200
board=panda
board_name=panda
bootargs=console=ttyO2,115200n8 vram=16M earlyprintk rootwait  ip=:::::eth0:dhcp 
bootcmd=
bootdelay=1
bootdir=/boot
bootfile=zImage
bootm_size=0x08000000
bootpart=0:2
bootscript=echo Running bootscript from mmc${mmcdev} ...; source ${loadaddr}
console=ttyO2,115200n8
cpu=armv7
dnsip=192.0.2.2
ethact=sms0
fdt_addr_r=0x88000000
fdtaddr=0x88000000
fdtfile=undefined
fileaddr=88000000
filesize=dc98
findfdt=if test $board_name = sdp4430; then setenv fdtfile omap4-sdp.dtb; fi; if test $board_name = panda; then setenv fdtfile omap4-panda.dtb; fi;if test $board_name = panda-a4; then setenv fdtfile omap4-panda-a4.dtb; fi;if test $board_name = panda-es; then setenv fdtfile omap4-panda-es.dtb; fi;if test $fdtfile = undefined; then echo WARNING: Could not determine device tree to use; fi; 
gatewayip=192.168.1.254
importbootenv=echo Importing environment from mmc${mmcdev} ...; env import -t ${loadaddr} ${filesize}
ipaddr=192.168.1.166
kernel_addr_r=0x82000000
loadaddr=0x82000000
loadbootenv=fatload mmc ${mmcdev} ${loadaddr} uEnv.txt
loadbootscript=fatload mmc ${mmcdev} ${loadaddr} boot.scr
loadfdt=load mmc ${bootpart} ${fdtaddr} ${bootdir}/${fdtfile}
loadimage=load mmc ${bootpart} ${loadaddr} ${bootdir}/${bootfile}
mmcargs=setenv bootargs console=${console} vram=${vram} root=${mmcroot} rootfstype=${mmcrootfstype}
mmcboot=echo Booting from mmc${mmcdev} ...; run mmcargs; bootz ${loadaddr} - ${fdtaddr}
mmcdev= 
mmcroot=/dev/mmcblk0p2 rw
mmcrootfstype=ext3 rootwait
netmask=255.255.255.0
ramdisk_addr_r=0x88080000
rdaddr=0x88080000
serverip=192.168.1.254
soc=omap4
usbethaddr=2E:62:05:CC:46:01
usbtty=cdc_acm
vendor=ti
ver=U-Boot 2014.04-00069-g53b0d70 (Apr 22 2014 - 14:39:57)
vram=16M
Environment size: 1854/131068 bytes
U-Boot# 
- 06:11:52 [INFO] Host: setenv bootargs ''${bootargs}' root=/dev/mmcblk0p2 rw rootfstype=ext3 rootwait '
- 06:11:52 [INFO] Target: 
setenv bootargs ''${bootargs}' root=/dev/mmcblk0p2 rw rootfstype=ext3 rootwait '
U-Boot# 
- 06:11:52 [INFO] Host: printenv
- 06:11:53 [INFO] Target: 
printenv
arch=arm
autoload=no
baudrate=115200
board=panda
board_name=panda
bootargs=console=ttyO2,115200n8 vram=16M earlyprintk rootwait  ip=:::::eth0:dhcp  root=/dev/mmcblk0p2 rw rootfstype=ext3 rootwait 
bootcmd=
bootdelay=1
bootdir=/boot
bootfile=zImage
bootm_size=0x08000000
bootpart=0:2
bootscript=echo Running bootscript from mmc${mmcdev} ...; source ${loadaddr}
console=ttyO2,115200n8
cpu=armv7
dnsip=192.0.2.2
ethact=sms0
fdt_addr_r=0x88000000
fdtaddr=0x88000000
fdtfile=undefined
fileaddr=88000000
filesize=dc98
findfdt=if test $board_name = sdp4430; then setenv fdtfile omap4-sdp.dtb; fi; if test $board_name = panda; then setenv fdtfile omap4-panda.dtb; fi;if test $board_name = panda-a4; then setenv fdtfile omap4-panda-a4.dtb; fi;if test $board_name = panda-es; then setenv fdtfile omap4-panda-es.dtb; fi;if test $fdtfile = undefined; then echo WARNING: Could not determine device tree to use; fi; 
gatewayip=192.168.1.254
importbootenv=echo Importing environment from mmc${mmcdev} ...; env import -t ${loadaddr} ${filesize}
ipaddr=192.168.1.166
kernel_addr_r=0x82000000
loadaddr=0x82000000
loadbootenv=fatload mmc ${mmcdev} ${loadaddr} uEnv.txt
loadbootscript=fatload mmc ${mmcdev} ${loadaddr} boot.scr
loadfdt=load mmc ${bootpart} ${fdtaddr} ${bootdir}/${fdtfile}
loadimage=load mmc ${bootpart} ${loadaddr} ${bootdir}/${bootfile}
mmcargs=setenv bootargs console=${console} vram=${vram} root=${mmcroot} rootfstype=${mmcrootfstype}
mmcboot=echo Booting from mmc${mmcdev} ...; run mmcargs; bootz ${loadaddr} - ${fdtaddr}
mmcdev= 
mmcroot=/dev/mmcblk0p2 rw
mmcrootfstype=ext3 rootwait
netmask=255.255.255.0
ramdisk_addr_r=0x88080000
rdaddr=0x88080000
serverip=192.168.1.254
soc=omap4
usbethaddr=2E:62:05:CC:46:01
usbtty=cdc_acm
vendor=ti
ver=U-Boot 2014.04-00069-g53b0d70 (Apr 22 2014 - 14:39:57)
vram=16M
Environment size: 1903/131068 bytes
U-Boot# 
- 06:11:53 [INFO] Host: setenv bootcmd ''${bootcmd}' if iminfo ${loadaddr}; then bootm ${loadaddr} - ${fdt_addr_r}; else bootz ${loadaddr} - ${fdt_addr_r}; bootm ${loadaddr} - ${fdt_addr_r}; fi'
- 06:11:53 [INFO] Target: 
setenv bootcmd ''${bootcmd}' if iminfo ${loadaddr}; then bootm ${loadaddr} - ${fdt_addr_r}; else bootz ${loadaddr} - ${fdt_addr_r}; bootm ${loadaddr} - ${fdt_addr_r}; fi'
U-Boot# 
- 06:11:53 [INFO] Host: bdinfo
- 06:11:53 [INFO] Target: 
bdinfo
arch_number = 0x00000AE7
boot_params = 0x80000100
DRAM bank   = 0x00000000
-> start    = 0x80000000
-> size     = 0x40000000
eth0name    = sms0
ethaddr     = (not set)
current eth = sms0
ip_addr     = 192.168.1.166
baudrate    = 115200 bps
TLB addr    = 0xBFFF0000
relocaddr   = 0xBFF79000
reloc off   = 0x3F779000
irq_sp      = 0xBFE58EE0
sp start    = 0xBFE58ED0
U-Boot# 
- 06:11:53 [INFO] Host: mmc rescan
- 06:11:53 [INFO] Target: 
mmc rescan
U-Boot# 
- 06:11:53 [INFO] Host: fatwrite mmc ${mmcdev}:1 ${loadaddr} ws-calibrate.rules 4
- 06:11:53 [INFO] Target: 
fatwrite mmc ${mmcdev}:1 ${loadaddr} ws-calibrate.rules 4
writing ws-calibrate.rules
4 bytes written
U-Boot# 
- 06:11:53 [INFO] Host: boot
- 06:14:23 [ERROR] On command: boot waiting for boot.+?(?-mix:.*\s+login) >>> error: execution expired
- 06:14:23 [INFO] Target: 
boot
## Checking Image at 82000000 ...
Unknown image format!
Kernel image @ 0x82000000 [ 0x000000 - 0x6172a8 ]
## Flattened Device Tree blob at 88000000
   Booting using the fdt blob at 0x88000000
   Loading Device Tree to 87fef000, end 87fffc97 ... OK
Starting kernel ...
[    0.000000] Booting Linux on physical CPU 0x0
[    0.000000] Linux version 4.1.0-rc5-next-20150526-00002-gb61d5ce61b3a (nmenon@kahuna) (gcc version 4.6.3 (Ubuntu/Linaro 4.6.3-1ubuntu5) ) #3 SMP Tue May 26 06:05:16 CDT 2015
[    0.000000] CPU: ARMv7 Processor [411fc092] revision 2 (ARMv7), cr=10c5387d
[    0.000000] CPU: PIPT / VIPT nonaliasing data cache, VIPT aliasing instruction cache
[    0.000000] Machine model: TI OMAP4 PandaBoard
[    0.000000] cma: Reserved 64 MiB at 0xbb800000
[    0.000000] Memory policy: Data cache writealloc
[    0.000000] OMAP4430 ES2.2
[    0.000000] PERCPU: Embedded 12 pages/cpu @eefaa000 s16896 r8192 d24064 u49152
[    0.000000] Built 1 zonelists in Zone order, mobility grouping on.  Total pages: 260368
[    0.000000] Kernel command line: console=ttyO2,115200n8 vram=16M earlyprintk rootwait  ip=:::::eth0:dhcp  root=/dev/mmcblk0p2 rw rootfstype=ext3 rootwait 
[    0.000000] PID hash table entries: 4096 (order: 2, 16384 bytes)
[    0.000000] Dentry cache hash table entries: 131072 (order: 7, 524288 bytes)
[    0.000000] Inode-cache hash table entries: 65536 (order: 6, 262144 bytes)
[    0.000000] Memory: 958352K/1047552K available (8168K kernel code, 1078K rwdata, 3744K rodata, 936K init, 334K bss, 23664K reserved, 65536K cma-reserved, 203776K highmem)
[    0.000000] Virtual kernel memory layout:
[    0.000000]     vector  : 0xffff0000 - 0xffff1000   (   4 kB)
[    0.000000]     fixmap  : 0xffc00000 - 0xfff00000   (3072 kB)
[    0.000000]     vmalloc : 0xf0000000 - 0xff000000   ( 240 MB)
[    0.000000]     lowmem  : 0xc0000000 - 0xef800000   ( 760 MB)
[    0.000000]     pkmap   : 0xbfe00000 - 0xc0000000   (   2 MB)
[    0.000000]     modules : 0xbf000000 - 0xbfe00000   (  14 MB)
[    0.000000]       .text : 0xc0208000 - 0xc0dab060   (11917 kB)
[    0.000000]       .init : 0xc0dac000 - 0xc0e96000   ( 936 kB)
[    0.000000]       .data : 0xc0e96000 - 0xc0fa38e0   (1079 kB)
[    0.000000]        .bss : 0xc0fa6000 - 0xc0ff9aa0   ( 335 kB)
[    0.000000] SLUB: HWalign=64, Order=0-3, MinObjects=0, CPUs=2, Nodes=1
[    0.000000] Hierarchical RCU implementation.
[    0.000000] 	Additional per-CPU info printed with stalls.
[    0.000000] 	Build-time adjustment of leaf fanout to 32.
[    0.000000] 	RCU restricting CPUs from NR_CPUS=16 to nr_cpu_ids=2.
[    0.000000] RCU: Adjusting geometry for rcu_fanout_leaf=32, nr_cpu_ids=2
[    0.000000] NR_IRQS:16 nr_irqs:16 16
[    0.000000] L2C: platform modifies aux control register: 0x0e070000 -> 0x3e470000
[    0.000000] L2C: DT/platform modifies aux control register: 0x0e070000 -> 0x3e470000
[    0.000000] L2C-310 errata 727915 769419 enabled
[    0.000000] L2C-310 enabling early BRESP for Cortex-A9
[    0.000000] L2C-310 ID prefetch enabled, offset 1 lines
[    0.000000] L2C-310 cache controller enabled, 16 ways, 1024 kB
[    0.000000] L2C-310: CACHE_ID 0x410000c4, AUX_CTRL 0x7e470000
[    0.000000] ti_dt_clocks_register: failed to lookup clock node dss_fck
[    0.000000] ti_dt_clocks_register: failed to lookup clock node dss_fck
[    0.000000] ti_dt_clocks_register: failed to lookup clock node div_ts_ck
[    0.000000] ti_dt_clocks_register: failed to lookup clock node bandgap_ts_fclk
[    0.000000] OMAP clockevent source: timer1 at 32768 Hz
[    0.000000] clocksource 32k_counter: mask: 0xffffffff max_cycles: 0xffffffff, max_idle_ns: 58327039986419 ns
[    0.000000] sched_clock: 32 bits at 32kHz, resolution 30517ns, wraps every 65535999984741ns
[    0.000000] OMAP clocksource: 32k_counter at 32768 Hz
[    0.007507] Console: colour dummy device 80x30
[    0.007537] Calibrating delay loop... 1195.21 BogoMIPS (lpj=2988032)
[    0.035369] pid_max: default: 32768 minimum: 301
[    0.035522] Mount-cache hash table entries: 2048 (order: 1, 8192 bytes)
[    0.035552] Mountpoint-cache hash table entries: 2048 (order: 1, 8192 bytes)
[    0.036285] CPU: Testing write buffer coherency: ok
[    0.036529] CPU0: thread -1, cpu 0, socket 0, mpidr 80000000
[    0.036621] Setting up static identity map for 0x80209000 - 0x80209098
[    0.070373] CPU1: thread -1, cpu 1, socket 0, mpidr 80000001
[    0.070465] Brought up 2 CPUs
[    0.070465] SMP: Total of 2 processors activated (2390.42 BogoMIPS).
[    0.070495] CPU: All CPU(s) started in SVC mode.
[    0.071105] devtmpfs: initialized
[    0.072082] VFP support v0.3: implementor 41 architecture 3 part 30 variant 9 rev 1
[    0.073822] omap_hwmod: l3_main_3 using broken dt data from ocp
[    0.075317] omap_hwmod: l3_main_2 using broken dt data from ocp
[    0.172027] clocksource jiffies: mask: 0xffffffff max_cycles: 0xffffffff, max_idle_ns: 9556302231375000 ns
[    0.178222] pinctrl core: initialized pinctrl subsystem
[    0.198852] NET: Registered protocol family 16
[    0.201721] DMA: preallocated 256 KiB pool for atomic coherent allocations
[    0.215423] cpuidle: using governor ladder
[    0.230407] cpuidle: using governor menu
[    0.238006] OMAP GPIO hardware version 0.1
[    0.242248] omap-gpmc 50000000.gpmc: GPMC revision 6.0
[    0.242828] irq: no irq domain found for /ocp/l4@4a000000/scm@100000/pinmux@40 !
[    0.243255] irq: no irq domain found for /ocp/l4@4a000000/scm@100000/pinmux@40 !
[    0.243682] irq: no irq domain found for /ocp/l4@4a000000/scm@100000/pinmux@40 !
[    0.256500] platform 4b501000.aes: Cannot lookup hwmod 'aes'
[    0.256835] platform 480a5000.des: Cannot lookup hwmod 'des'
[    0.262359] No ATAGs?
[    0.262390] hw-breakpoint: found 5 (+1 reserved) breakpoint and 1 watchpoint registers.
[    0.262420] hw-breakpoint: maximum watchpoint size is 4 bytes.
[    0.265167] OMAP DMA hardware revision 0.0
[    0.270080] Serial: AMBA PL011 UART driver
[    0.272674] ARM PMU: not yet supported on OMAP4430 due to missing CTI driver
[    0.304443] omap-dma-engine 4a056000.dma-controller: OMAP DMA engine driver
[    0.375488] reg-fixed-voltage wl12xx_vmmc: could not find pctldev for node /ocp/l4@4a000000/scm@100000/pinmux@40/pinmux_wl12xx_gpio, deferring probe
[    0.379852] vgaarb: loaded
[    0.380859] SCSI subsystem initialized
[    0.381408] usbcore: registered new interface driver usbfs
[    0.381500] usbcore: registered new interface driver hub
[    0.381561] usbcore: registered new device driver usb
[    0.382995] omap_i2c 48070000.i2c: could not find pctldev for node /ocp/l4@4a000000/scm@100000/pinmux@40/pinmux_i2c1_pins, deferring probe
[    0.383026] omap_i2c 48072000.i2c: could not find pctldev for node /ocp/l4@4a000000/scm@100000/pinmux@40/pinmux_i2c2_pins, deferring probe
[    0.383087] omap_i2c 48060000.i2c: could not find pctldev for node /ocp/l4@4a000000/scm@100000/pinmux@40/pinmux_i2c3_pins, deferring probe
[    0.383117] omap_i2c 48350000.i2c: could not find pctldev for node /ocp/l4@4a000000/scm@100000/pinmux@40/pinmux_i2c4_pins, deferring probe
[    0.384368] media: Linux media interface: v0.10
[    0.384460] Linux video capture interface: v2.00
[    0.384521] pps_core: LinuxPPS API ver. 1 registered
[    0.384521] pps_core: Software ver. 5.3.6 - Copyright 2005-2007 Rodolfo Giometti <giometti@linux.it>
[    0.384552] PTP clock support registered
[    0.384887] EDAC MC: Ver: 3.0.0
[    0.386688] Advanced Linux Sound Architecture Driver Initialized.
[    0.388000] Switched to clocksource 32k_counter
[    0.401550] NET: Registered protocol family 2
[    0.402191] TCP established hash table entries: 8192 (order: 3, 32768 bytes)
[    0.402313] TCP bind hash table entries: 8192 (order: 4, 65536 bytes)
[    0.402496] TCP: Hash tables configured (established 8192 bind 8192)
[    0.402587] UDP hash table entries: 512 (order: 2, 16384 bytes)
[    0.402648] UDP-Lite hash table entries: 512 (order: 2, 16384 bytes)
[    0.402923] NET: Registered protocol family 1
[    0.403289] RPC: Registered named UNIX socket transport module.
[    0.403320] RPC: Registered udp transport module.
[    0.403320] RPC: Registered tcp transport module.
[    0.403320] RPC: Registered tcp NFSv4.1 backchannel transport module.
[    0.408905] futex hash table entries: 512 (order: 3, 32768 bytes)
[    0.421752] squashfs: version 4.0 (2009/01/31) Phillip Lougher
[    0.422821] NFS: Registering the id_resolver key type
[    0.422882] Key type id_resolver registered
[    0.422882] Key type id_legacy registered
[    0.423034] ntfs: driver 2.1.32 [Flags: R/O].
[    0.424377] bounce: pool size: 64 pages
[    0.424652] Block layer SCSI generic (bsg) driver version 0.4 loaded (major 248)
[    0.424682] io scheduler noop registered
[    0.424682] io scheduler deadline registered
[    0.424926] io scheduler cfq registered (default)
[    0.432586] pinctrl-single 4a100040.pinmux: 203 pins at pa fc100040 size 406
[    0.432830] pinctrl-single 4a31e040.pinmux: 28 pins at pa fc31e040 size 56
[    0.519561] Serial: 8250/16550 driver, 4 ports, IRQ sharing disabled
[    0.522705] SuperH (H)SCI(F) driver initialized
[    0.524169] msm_serial: driver initialized
[    0.525085] omap_uart 4806a000.serial: no wakeirq for uart0
[    0.525238] 4806a000.serial: ttyO0 at MMIO 0x4806a000 (irq = 226, base_baud = 3000000) is a OMAP UART0
[    0.525848] 4806c000.serial: ttyO1 at MMIO 0x4806c000 (irq = 227, base_baud = 3000000) is a OMAP UART1
[    0.526367] 48020000.serial: ttyO2 at MMIO 0x48020000 (irq = 228, base_baud = 3000000) is a OMAP UART2
[    1.381896] console [ttyO2] enabled
[    1.386077] 4806e000.serial: ttyO3 at MMIO 0x4806e000 (irq = 229, base_baud = 3000000) is a OMAP UART3
[    1.396362] STMicroelectronics ASC driver initialized
[    1.404174] [drm] Initialized drm 1.1.0 20060810
[    1.418975] loop: module loaded
[    1.433532] CAN device driver interface
[    1.439453] igb: Intel(R) Gigabit Ethernet Network Driver - version 5.2.15-k
[    1.446838] igb: Copyright (c) 2007-2014 Intel Corporation.
[    1.456726] pegasus: v0.9.3 (2013/04/25), Pegasus/Pegasus II USB Ethernet driver
[    1.464569] usbcore: registered new interface driver pegasus
[    1.470550] usbcore: registered new interface driver asix
[    1.476257] usbcore: registered new interface driver ax88179_178a
[    1.482696] usbcore: registered new interface driver cdc_ether
[    1.488891] usbcore: registered new interface driver smsc75xx
[    1.494964] usbcore: registered new interface driver smsc95xx
[    1.501037] usbcore: registered new interface driver net1080
[    1.507019] usbcore: registered new interface driver cdc_subset
[    1.513275] usbcore: registered new interface driver zaurus
[    1.519226] usbcore: registered new interface driver cdc_ncm
[    1.527496] ehci_hcd: USB 2.0 'Enhanced' Host Controller (EHCI) Driver
[    1.534362] ehci-pci: EHCI PCI platform driver
[    1.539062] ehci-platform: EHCI generic platform driver
[    1.544860] ehci-omap: OMAP-EHCI Host Controller driver
[    1.570831] ehci-omap 4a064c00.ehci: EHCI Host Controller
[    1.576507] ehci-omap 4a064c00.ehci: new USB bus registered, assigned bus number 1
[    1.584716] ehci-omap 4a064c00.ehci: irq 333, io mem 0x4a064c00
[    1.598022] ehci-omap 4a064c00.ehci: USB 2.0 started, EHCI 1.00
[    1.605163] hub 1-0:1.0: USB hub found
[    1.609161] hub 1-0:1.0: 3 ports detected
[    1.614044] ehci-orion: EHCI orion driver
[    1.618560] SPEAr-ehci: EHCI SPEAr driver
[    1.622955] ehci-st: EHCI STMicroelectronics driver
[    1.628295] ehci-exynos: EHCI EXYNOS driver
[    1.632904] ehci-atmel: EHCI Atmel driver
[    1.637298] tegra-ehci: Tegra EHCI driver
[    1.641754] ohci_hcd: USB 1.1 'Open' Host Controller (OHCI) Driver
[    1.648254] ohci-pci: OHCI PCI platform driver
[    1.653015] ohci-platform: OHCI generic platform driver
[    1.658721] ohci-omap3: OHCI OMAP3 driver
[    1.663177] ohci-omap3 4a064800.ohci: OHCI Host Controller
[    1.668945] ohci-omap3 4a064800.ohci: new USB bus registered, assigned bus number 2
[    1.677124] ohci-omap3 4a064800.ohci: irq 332, io mem 0x4a064800
[    1.758850] hub 2-0:1.0: USB hub found
[    1.762786] hub 2-0:1.0: 3 ports detected
[    1.767608] SPEAr-ohci: OHCI SPEAr driver
[    1.772064] ohci-st: OHCI STMicroelectronics driver
[    1.777404] ohci-atmel: OHCI Atmel driver
[    1.781982] usbcore: registered new interface driver usb-storage
[    1.790405] mousedev: PS/2 mouse device common for all mice
[    1.801879] i2c /dev entries driver
[    1.808654] usbcore: registered new interface driver uvcvideo
[    1.814666] USB Video Class driver (1.1.1)
[    1.818969] gspca_main: v2.14.0 registered
[    1.831024] sdhci: Secure Digital Host Controller Interface driver
[    1.837493] sdhci: Copyright(c) Pierre Ossman
[    1.843749] omap_hsmmc 4809c000.mmc: unable to get vmmc regulator -517
[    1.851074] omap_hsmmc 480d5000.mmc: unable to get vmmc regulator -517
[    1.859252] Synopsys Designware Multimedia Card Interface Driver
[    1.867156] sdhci-pltfm: SDHCI platform and OF driver helper
[    1.875946] ledtrig-cpu: registered to indicate activity on CPUs
[    1.882537] usbcore: registered new interface driver usbhid
[    1.888366] usbhid: USB HID core driver
[    1.898071] usbcore: registered new interface driver snd-usb-audio
[    1.908752] NET: Registered protocol family 17
[    1.913421] can: controller area network core (rev 20120528 abi 9)
[    1.919952] NET: Registered protocol family 29
[    1.924621] can: raw protocol (rev 20120528)
[    1.929107] can: broadcast manager protocol (rev 20120528 t)
[    1.935028] can: netlink gateway (rev 20130117) max_hops=1
[    1.941314] Key type dns_resolver registered
[    1.946075] twl: not initialized
[    1.949462] twl6030_uv_to_vsel:OUT OF RANGE! non mapped vsel for 1375000 Vs max 1316660
[    1.957824] twl6030_uv_to_vsel:OUT OF RANGE! non mapped vsel for 1375000 Vs max 1316660
[    1.966186] twl6030_uv_to_vsel:OUT OF RANGE! non mapped vsel for 1375000 Vs max 1316660
[    1.974548] twl6030_uv_to_vsel:OUT OF RANGE! non mapped vsel for 1375000 Vs max 1316660
[    1.982910] twl6030_uv_to_vsel:OUT OF RANGE! non mapped vsel for 1375000 Vs max 1316660
[    1.991271] twl6030_uv_to_vsel:OUT OF RANGE! non mapped vsel for 1375000 Vs max 1316660
[    1.999603] twl6030_uv_to_vsel:OUT OF RANGE! non mapped vsel for 1410000 Vs max 1316660
[    2.003051] usb 1-1: new high-speed USB device number 2 using ehci-omap
[    2.015136] omap2_set_init_voltage: unable to find boot up OPP for vdd_core
[    2.022399] omap2_set_init_voltage: unable to set vdd_core
[    2.028137] omap2_set_init_voltage: unable to find boot up OPP for vdd_iva
[    2.035308] omap2_set_init_voltage: unable to set vdd_iva
[    2.136138] hub 1-1:1.0: USB hub found
[    2.140594] hub 1-1:1.0: 5 ports detected
[    2.429840] usb 1-1.1: new high-speed USB device number 3 using ehci-omap
[    2.542816] smsc95xx v1.0.4
[    2.599731] smsc95xx 1-1.1:1.0 eth0: register 'smsc95xx' at usb-4a064c00.ehci-1.1, smsc95xx USB 2.0 Ethernet, 3e:dc:f4:18:49:dc
[    7.795562] clock: dpll_mpu_ck failed transition to 'locked'
[    7.802581] Power Management for TI OMAP4+ devices.
[    7.808197] OMAP4 PM: u-boot >= v2012.07 is required for full PM support
[    7.816070] ThumbEE CPU extension supported.
[    7.821380] Registering SWP/SWPB emulation handler
[    7.832366] Skipping twl internal clock init and using bootloader value (unknown osc rate)
[    7.867858] twl 0-0048: PIH (irq 337) nested IRQs
[    7.875854] hw-breakpoint: Failed to enable monitor mode on CPU 0.
[    7.883117] twl_rtc 48070000.i2c:twl@48:rtc: Power up reset detected.
[    7.890838] hw-breakpoint: CPU 0 failed to disable vector catch
[    7.898498] twl_rtc 48070000.i2c:twl@48:rtc: Enabling TWL-RTC
[    7.912322] twl_rtc 48070000.i2c:twl@48:rtc: rtc core: registered 48070000.i2c:twl@48 as rtc0
[    7.938171] omap_i2c 48070000.i2c: bus 0 rev0.10 at 400 kHz
[    7.951477] omap_i2c 48072000.i2c: bus 1 rev0.10 at 400 kHz
[    7.960174] omap_i2c 48060000.i2c: bus 2 rev0.10 at 100 kHz
[    7.967285] omap_i2c 48350000.i2c: bus 3 rev0.10 at 400 kHz
[    8.161895] mmc0: host does not support reading read-only switch, assuming write-enable
[    8.172424] mmc0: new high speed SD card at address d198
[    8.178009] twl_rtc 48070000.i2c:twl@48:rtc: setting system clock to 2000-01-01 00:00:00 UTC (946684800)
[    8.178253] mmcblk0: mmc0:d198 SD02G 1.83 GiB 
[    8.198699]  mmcblk0: p1 p2
[    8.242309] smsc95xx 1-1.1:1.0 eth0: hardware isn't capable of remote wakeup
[    9.867279] smsc95xx 1-1.1:1.0 eth0: link up, 100Mbps, full-duplex, lpa 0xC5E1
[    9.889831] Sending DHCP requests .., OK
[   13.428619] IP-Config: Got DHCP answer from 192.168.1.254, my address is 192.168.1.170
[   13.437103] IP-Config: Complete:
[   13.440917]      device=eth0, hwaddr=3e:dc:f4:18:49:dc, ipaddr=192.168.1.170, mask=255.255.255.0, gw=192.168.1.254
[   13.451934]      host=192.168.1.170, domain=ti.com, nis-domain=(none)
[   13.451934]      bootserver=192.168.1.254, rootserver=192.168.1.254, rootpath=
[   13.466278]      nameserver0=192.0.2.2, nameserver1=192.0.2.3
[   13.475952] VUSB: disabling
[   13.480834] VANA: disabling
[   13.486755] VDAC: disabling
[   13.494293] vwl1271: disabling
[   13.498199] ALSA device list:
[   13.498199]   No soundcards found.
[   13.508392] EXT4-fs (mmcblk0p2): mounting ext3 file system using the ext4 subsystem
[   13.531890] EXT4-fs (mmcblk0p2): warning: mounting fs with errors, running e2fsck is recommended
[   13.728393] EXT4-fs (mmcblk0p2): mounted filesystem with ordered data mode. Opts: (null)
[   13.738128] VFS: Mounted root (ext3 filesystem) on device 179:2.
[   13.748687] devtmpfs: mounted
[   13.748687] Freeing unused kernel memory: 936K (c0dac000 - c0e96000)
INIT: version 2.88 booting
Error opening /dev/fb0: No such file or directory
/dev/ttyO2 linked to /dev/tty-bd - using as console
Starting udev
[   14.278442] udevd[102]: starting version 182
[   14.374999] Unable to handle kernel paging request at virtual address f0759880
[   14.378021] pgd = ee6c0000
[   14.382995] [f0759880] *pgd=00000000
[   14.388000] Internal error: Oops: 5 [#1] SMP ARM
[   14.392974] Modules linked in:
[   14.392974] CPU: 0 PID: 102 Comm: udevd Not tainted 4.1.0-rc5-next-20150526-00002-gb61d5ce61b3a #3
[   14.406463] Hardware name: Generic OMAP4 (Flattened Device Tree)
[   14.412719] task: ee66e140 ti: ee69a000 task.ti: ee69a000
[   14.414733] PC is at kmap_atomic+0x24/0x148
[   14.421203] LR is at unmap_single_vma+0x16c/0x624
[   14.427642] pc : [<c0220ce0>]    lr : [<c02e7d40>]    psr: 400f0113
[   14.427642] sp : ee69bd70  ip : 00000000  fp : ee69bdb8
[   14.439605] r10: ee69be08  r9 : beaa2000  r8 : 00000000
[   14.439605] r7 : ee69be08  r6 : ee69be08  r5 : 00000001  r4 : bea80000
[   14.448913] r3 : f0759880  r2 : ee66e140  r1 : 00000001  r0 : f0759880
[   14.455871] Flags: nZcv  IRQs on  FIQs on  Mode SVC_32  ISA ARM  Segment user
[   14.466094] Control: 10c5387d  Table: ae6c004a  DAC: 00000015
[   14.471740] Process udevd (pid: 102, stack limit = 0xee69a220)
[   14.474212] Stack: (0xee69bd70 to 0xee69c000)
[   14.474212] bd60:                                     f0759880 bea80000 00000001 c02e7d40
[   14.485504] bd80: f0759880 00000000 ffeff7b8 ee2daa80 ee6c2fac ee69be30 ee6be300 ee6c2fac
[   14.499755] bda0: beaa2000 beaa1fff 00000001 00000000 00000000 00000000 00000000 ee6be300
[   14.506195] bdc0: ffffffff ee69be08 00000000 00000000 08430000 ee668fc0 00000001 c02e8bbc
[   14.509765] bde0: 00000000 ee2daab8 ee6314e0 ee69be30 ee2daa80 ee69befc ee2daab8 c02eed38
[   14.509765] be00: 00000054 c0257040 ee2daa80 00000001 00000000 00000000 ffffffff ee623700
[   14.530792] be20: 00000000 0000018c 00000400 ee660000 0000000b ee2daa80 ee69befc ee69bee8
[   14.533996] be40: ee2daa80 00000000 ee2daa80 ee69befc ee2daa80 00000000 ee2daa80 c024af20
[   14.545928] be60: 000003f0 ee66e140 00000000 c024f1e4 ee66e4e4 c0255e48 ee623880 00000004
[   14.545928] be80: 00000080 ee668fc0 0000000b ee60aacc ee69befc ee69bee8 08430000 ee668fc0
[   14.565704] bea0: 00040100 c024f938 0000000b ee60aa00 ee60aacc c025871c ee60af04 418004fc
[   14.576507] bec0: ee2daa80 ee69bfb0 00000000 00000000 00000000 00000000 ee69a000 fffffffb
[   14.585052] bee0: bea9e0bf c09b22ec ee69bef0 00000017 0000000a c0e9d094 ee69bfb0 0000000b
[   14.592987] bf00: 00000000 00030001 0000000a 0000000c ee69bf64 ffeff0e4 ffeff000 c0340dcc
[   14.597991] bf20: 00000000 c026ac4c ee66c000 ee69bf60 00000000 bea9e004 ee5b9b98 ed844d80
[   14.603851] bf40: 00000000 bea9e010 00000129 c02108c4 00000000 c08eaba8 00000000 00000001
[   14.617980] bf60: 00000107 ee69be70 0000000c 00000000 00000124 00001edc ee69bef0 00000001
[   14.617980] bf80: bea9e044 ee69bfb0 00000000 ffffffff 10c5387d 00000000 fffffffb c02130fc
[   14.636230] bfa0: 00000028 b6ec5dfa 600f0130 c021078c 00000000 00000008 b6f514d0 00000002
[   14.642974] bfc0: b6f514c8 00000010 00000008 00000002 fffffffc bea9dff4 fffffffb bea9e0bf
[   14.647979] bfe0: b6f51014 bea99ac8 b6ec8351 b6ec5dfa 600f0130 ffffffff 00000000 ffffffff
[   14.661834] [<c0220ce0>] (kmap_atomic) from [<c02e7d40>] (unmap_single_vma+0x16c/0x624)
[   14.665924] [<c02e7d40>] (unmap_single_vma) from [<c02e8bbc>] (unmap_vmas+0x54/0x68)
[   14.670196] [<c02e8bbc>] (unmap_vmas) from [<c02eed38>] (exit_mmap+0xd8/0x1dc)
[   14.685821] [<c02eed38>] (exit_mmap) from [<c024af20>] (mmput+0x40/0xf8)
[   14.688110] [<c024af20>] (mmput) from [<c024f1e4>] (do_exit+0x288/0x904)
[   14.698364] [<c024f1e4>] (do_exit) from [<c024f938>] (do_group_exit+0x48/0xd0)
[   14.703094] [<c024f938>] (do_group_exit) from [<c025871c>] (get_signal+0x240/0x66c)
[   14.715362] [<c025871c>] (get_signal) from [<c09b22ec>] (do_signal+0x7c/0x340)
[   14.719970] [<c09b22ec>] (do_signal) from [<c02130fc>] (do_work_pending+0xa0/0xb8)
[   14.730804] [<c02130fc>] (do_work_pending) from [<c021078c>] (work_pending+0xc/0x20)
[   14.738464] Code: e592200c e5921494 e2811001 e5821494 (e5902000) 
[   14.745239] ---[ end trace 94c5781ecd1af2ba ]---
[   14.745239] Fixing recursive fault but reboot is needed!
[   20.863433] clock: dpll_mpu_ck failed transition to 'locked'
[   27.860351] clock: dpll_mpu_ck failed transition to 'locked'
[  106.729248] random: nonblocking pool is initialized
ERROR: could not open directory /lib/modules/4.1.0-rc5-next-20150526-00002-gb61d5ce61b3a: No such file or directory
WARNING: -e needs -E or -F
ERROR: could not open directory /lib/modules/4.1.0-rc5-next-20150526-00002-gb61d5ce61b3a: No such file or directory
FATAL: could not search modules: No such file or directory
Starting Bootlog daemon: bootlogd.
[  135.390136] EXT4-fs (mmcblk0p2): re-mounted. Opts: data=ordered
ALSA: Restoring mixer settings...
Configuring network interfaces... /usr/sbin/alsactl: load_state:1696: No soundcards found...
udhcpc (v1.20.2) started
[  135.821868] Unable to handle kernel paging request at virtual address 7c8a746c
[  135.829437] pgd = c0204000
[  135.832275] [7c8a746c] *pgd=00000000
[  135.835876] Internal error: Oops: 5 [#2] SMP ARM
[  135.838134] Modules linked in:
[  135.838134] CPU: 1 PID: 0 Comm: swapper/1 Tainted: G      D         4.1.0-rc5-next-20150526-00002-gb61d5ce61b3a #3
[  135.852874] Hardware name: Generic OMAP4 (Flattened Device Tree)
[  135.852874] task: ee06ef80 ti: ee092000 task.ti: ee092000
[  135.852874] PC is at pm_qos_request+0x8/0x18
[  135.871215] LR is at menu_select+0x2c/0x4f8
[  135.871246] pc : [<c0281348>]    lr : [<c0814c9c>]    psr: 80000093
[  135.871246] sp : ee093f80  ip : 00000000  fp : eefb8fec
[  135.884735] r10: c0e90344  r9 : 00000001  r8 : c0e98510
[  135.893005] r7 : c0e92fec  r6 : eefb8db0  r5 : 2e126000  r4 : c0e98508
[  135.893005] r3 : c09c3dac  r2 : 00000000  r1 : eefb8db0  r0 : eefb8db0
[  135.893005] Flags: Nzcv  IRQs off  FIQs on  Mode SVC_32  ISA ARM  Segment kernel
[  135.893005] Control: 10c5387d  Table: ae7a404a  DAC: 00000015
[  135.918060] Process swapper/1 (pid: 0, stack limit = 0xee092220)
[  135.920318] Stack: (0xee093f80 to 0xee094000)
[  135.926574] 3f80: 00000003 c0ea0c64 eefb8db0 00000000 00000000 c0e92fec 00000001 2e126000
[  135.939636] 3fa0: c0ea0c64 eefb8db0 0025c17e 00000000 00007736 00000000 9f6feded c0e98508
[  135.939636] 3fc0: c0e984a4 eefb8db0 c0e92da8 c0e98510 00000001 c0e90344 c0ea0c64 c0813ab0
[  135.948181] 3fe0: 00000000 c027c658 c020a9f4 c0fa66d8 00000000 8020aa0c 00000000 ffffffff
[  135.948181] [<c0281348>] (pm_qos_request) from [<c0814c9c>] (menu_select+0x2c/0x4f8)
[  135.973327] [<c0814c9c>] (menu_select) from [<c0813ab0>] (cpuidle_select+0x18/0x1c)
[  135.973327] [<c0813ab0>] (cpuidle_select) from [<c027c658>] (cpu_startup_entry+0x16c/0x24c)
[  135.990020] [<c027c658>] (cpu_startup_entry) from [<8020aa0c>] (0x8020aa0c)
[  135.990020] Code: e1a00004 e8bd80f8 e3033dac e34c309c (e7933100) 
[  135.990020] ---[ end trace 94c5781ecd1af2bb ]---
[  136.008453] Kernel panic - not syncing: Attempted to kill the idle task!
[  136.008453] CPU0: stopping
[  136.008453] CPU: 0 PID: 0 Comm: swapper/0 Tainted: G      D         4.1.0-rc5-next-20150526-00002-gb61d5ce61b3a #3
[  136.018280] Hardware name: Generic OMAP4 (Flattened Device Tree)
[  136.018280] [<c0217b3c>] (unwind_backtrace) from [<c02134ec>] (show_stack+0x10/0x14)
[  136.018280] [<c02134ec>] (show_stack) from [<c09b5728>] (dump_stack+0x70/0x8c)
[  136.043457] [<c09b5728>] (dump_stack) from [<c0216358>] (handle_IPI+0x134/0x170)
[  136.043457] [<c0216358>] (handle_IPI) from [<c020a724>] (gic_handle_irq+0x64/0x6c)
[  136.066589] [<c020a724>] (gic_handle_irq) from [<c0214040>] (__irq_svc+0x40/0x54)
[  136.066589] Exception stack(0xc0e97ef0 to 0xc0e97f38)
[  136.066589] 7ee0:                                     00000000 c0ea0c64 c0ea0c64 eefad880
[  136.066589] 7f00: c0ea0c64 eefacdb0 00000000 00000000 aa8efb85 0000001f a8663e18 0000001f
[  136.096710] 7f20: 00000010 c0e97f38 c08138f8 c0813a14 60000113 ffffffff
[  136.096710] [<c0214040>] (__irq_svc) from [<c0813a14>] (cpuidle_enter_state+0x200/0x284)
[  136.112060] [<c0813a14>] (cpuidle_enter_state) from [<c0815640>] (cpuidle_enter_state_coupled+0x128/0x360)
[  136.112060] [<c0815640>] (cpuidle_enter_state_coupled) from [<c027c668>] (cpu_startup_entry+0x17c/0x24c)
[  136.112060] [<c027c668>] (cpu_startup_entry) from [<c0dacbec>] (start_kernel+0x354/0x3c0)
[  136.112060] ---[ end Kernel panic - not syncing: Attempted to kill the idle task!
URL:gtsystest.telogy.design.ti.com/vatf/tidfarm-02.dal.design.ti.com/tidfarm-02.dal.design.ti.com_vatf@10/tidfarm-02.dal.design.ti.com05_26_2015_06_10_18/files/session_iteration_1/test_1
