- 11:24:36 [INFO] Starting target session
- 11:24:37 [INFO] Connected to pandaboard-es via serial 
- 11:24:37 [INFO] Host: #check prompt
- 11:24:40 [ERROR] On command: #check prompt waiting for #check prompt.+?(?-mix:((?-mix:.*\s+login)|[Pp]assword)) >>> error: execution expired
- 11:24:40 [INFO] Target: 
#check prompt
- 11:24:40 [INFO] Host: #check prompt
- 11:24:42 [ERROR] On command: #check prompt waiting for #check prompt.+?(?m-ix:root.*#) >>> error: execution expired
- 11:24:42 [INFO] Target: 
#check prompt
- 11:24:42 [INFO] Disconnected serial from pandaboard-es
- 11:25:48 [INFO] Connected to pandaboard-es via serial 
- 11:25:48 [INFO] Host: 
- 11:25:49 [INFO] Target: 
U-Boot# 
U-Boot# 
U-Boot# 
U-Boot# 
U-Boot# 
U-Boot# 
- 11:25:49 [INFO] Host: 
- 11:25:49 [INFO] Target: 
U-Boot# 
U-Boot# 
- 11:25:49 [INFO] Host: version
- 11:25:49 [INFO] Target: 
version
U-Boot 2014.04-00069-g53b0d70 (Apr 22 2014 - 14:39:57)
arm-linux-gnueabi-gcc (Ubuntu/Linaro 4.6.3-1ubuntu5) 4.6.3
GNU ld (GNU Binutils for Ubuntu) 2.22
U-Boot# 
- 11:25:49 [INFO] Host: setenv bootargs 'console=ttyO2,115200n8 vram=16M earlyprintk rootwait '
- 11:25:49 [INFO] Target: 
setenv bootargs 'console=ttyO2,115200n8 vram=16M earlyprintk rootwait '
U-Boot# 
- 11:25:49 [INFO] Host: setenv bootcmd  ''
- 11:25:49 [INFO] Target: 
setenv bootcmd  ''
U-Boot# 
- 11:25:49 [INFO] Host: setenv autoload 'no'
- 11:25:49 [INFO] Target: 
setenv autoload 'no'
U-Boot# 
- 11:25:49 [INFO] Host: setenv serverip '192.168.1.254'
- 11:25:50 [INFO] Target: 
setenv serverip '192.168.1.254'
U-Boot# 
- 11:25:50 [INFO] Host: printenv
- 11:25:50 [INFO] Target: 
printenv
arch=arm
autoload=no
baudrate=115200
board=panda
board_name=panda-es
bootargs=console=ttyO2,115200n8 vram=16M earlyprintk rootwait 
bootcmd=
bootdelay=1
bootdir=/boot
bootfile=zImage
bootm_size=0x08000000
bootpart=0:2
bootscript=echo Running bootscript from mmc${mmcdev} ...; source ${loadaddr}
console=ttyO2,115200n8
cpu=armv7
fdt_addr_r=0x88000000
fdtaddr=0x88000000
fdtfile=undefined
findfdt=if test $board_name = sdp4430; then setenv fdtfile omap4-sdp.dtb; fi; if test $board_name = panda; then setenv fdtfile omap4-panda.dtb; fi;if test $board_name = panda-a4; then setenv fdtfile omap4-panda-a4.dtb; fi;if test $board_name = panda-es; then setenv fdtfile omap4-panda-es.dtb; fi;if test $fdtfile = undefined; then echo WARNING: Could not determine device tree to use; fi; 
importbootenv=echo Importing environment from mmc${mmcdev} ...; env import -t ${loadaddr} ${filesize}
kernel_addr_r=0x82000000
loadaddr=0x82000000
loadbootenv=fatload mmc ${mmcdev} ${loadaddr} uEnv.txt
loadbootscript=fatload mmc ${mmcdev} ${loadaddr} boot.scr
loadfdt=load mmc ${bootpart} ${fdtaddr} ${bootdir}/${fdtfile}
loadimage=load mmc ${bootpart} ${loadaddr} ${bootdir}/${bootfile}
mmcargs=setenv bootargs console=${console} vram=${vram} root=${mmcroot} rootfstype=${mmcrootfstype}
mmcboot=echo Booting from mmc${mmcdev} ...; run mmcargs; bootz ${loadaddr} - ${fdtaddr}
mmcdev=0
mmcroot=/dev/mmcblk0p2 rw
mmcrootfstype=ext3 rootwait
ramdisk_addr_r=0x88080000
rdaddr=0x88080000
serverip=192.168.1.254
soc=omap4
usbethaddr=02:22:01:50:0e:50
usbtty=cdc_acm
vendor=ti
ver=U-Boot 2014.04-00069-g53b0d70 (Apr 22 2014 - 14:39:57)
vram=16M
Environment size: 1697/131068 bytes
U-Boot# 
- 11:25:50 [INFO] Host: dcache off
- 11:25:50 [INFO] Target: 
dcache off
Unknown command 'dcache' - try 'help'
U-Boot# 
- 11:25:50 [INFO] Host: setenv usbethaddr 2E:60:05:CC:46:01
- 11:25:50 [INFO] Target: 
setenv usbethaddr 2E:60:05:CC:46:01
U-Boot# 
- 11:25:50 [INFO] Host: usb start
- 11:25:52 [INFO] Target: 
usb start
(Re)start USB...
USB0:   USB EHCI 1.00
scanning bus 0 for devices... 3 USB Device(s) found
       scanning usb for storage devices... 0 Storage Device(s) found
       scanning usb for ethernet devices... 1 Ethernet Device(s) found
U-Boot# 
- 11:25:52 [INFO] Host: printenv
- 11:25:52 [INFO] Target: 
printenv
arch=arm
autoload=no
baudrate=115200
board=panda
board_name=panda-es
bootargs=console=ttyO2,115200n8 vram=16M earlyprintk rootwait 
bootcmd=
bootdelay=1
bootdir=/boot
bootfile=zImage
bootm_size=0x08000000
bootpart=0:2
bootscript=echo Running bootscript from mmc${mmcdev} ...; source ${loadaddr}
console=ttyO2,115200n8
cpu=armv7
ethact=sms0
fdt_addr_r=0x88000000
fdtaddr=0x88000000
fdtfile=undefined
findfdt=if test $board_name = sdp4430; then setenv fdtfile omap4-sdp.dtb; fi; if test $board_name = panda; then setenv fdtfile omap4-panda.dtb; fi;if test $board_name = panda-a4; then setenv fdtfile omap4-panda-a4.dtb; fi;if test $board_name = panda-es; then setenv fdtfile omap4-panda-es.dtb; fi;if test $fdtfile = undefined; then echo WARNING: Could not determine device tree to use; fi; 
importbootenv=echo Importing environment from mmc${mmcdev} ...; env import -t ${loadaddr} ${filesize}
kernel_addr_r=0x82000000
loadaddr=0x82000000
loadbootenv=fatload mmc ${mmcdev} ${loadaddr} uEnv.txt
loadbootscript=fatload mmc ${mmcdev} ${loadaddr} boot.scr
loadfdt=load mmc ${bootpart} ${fdtaddr} ${bootdir}/${fdtfile}
loadimage=load mmc ${bootpart} ${loadaddr} ${bootdir}/${bootfile}
mmcargs=setenv bootargs console=${console} vram=${vram} root=${mmcroot} rootfstype=${mmcrootfstype}
mmcboot=echo Booting from mmc${mmcdev} ...; run mmcargs; bootz ${loadaddr} - ${fdtaddr}
mmcdev=0
mmcroot=/dev/mmcblk0p2 rw
mmcrootfstype=ext3 rootwait
ramdisk_addr_r=0x88080000
rdaddr=0x88080000
serverip=192.168.1.254
soc=omap4
usbethaddr=2E:60:05:CC:46:01
usbtty=cdc_acm
vendor=ti
ver=U-Boot 2014.04-00069-g53b0d70 (Apr 22 2014 - 14:39:57)
vram=16M
Environment size: 1711/131068 bytes
U-Boot# 
- 11:25:52 [INFO] Host: setenv bootargs ''${bootargs}' ip=:::::eth0:dhcp '
- 11:25:52 [INFO] Target: 
setenv bootargs ''${bootargs}' ip=:::::eth0:dhcp '
U-Boot# 
- 11:25:52 [INFO] Host: setenv serverip '192.168.1.254'
- 11:25:53 [INFO] Target: 
setenv serverip '192.168.1.254'
U-Boot# 
- 11:25:53 [INFO] Host: setenv autoload 'no'
- 11:25:53 [INFO] Target: 
setenv autoload 'no'
U-Boot# 
- 11:25:53 [INFO] Host: dhcp
- 11:25:55 [INFO] Target: 
dhcp
Waiting for Ethernet connection... done.
BOOTP broadcast 1
DHCP client bound to address 192.168.1.169
U-Boot# 
- 11:25:55 [INFO] Host: tftp ${loadaddr} 192.168.1.254:vatf_3/fc3694aa60e5b9401d5d05a34bf05ffa
- 11:26:04 [INFO] Target: 
tftp ${loadaddr} 192.168.1.254:vatf_3/fc3694aa60e5b9401d5d05a34bf05ffa
Waiting for Ethernet connection... done.
Using sms0 device
TFTP from server 192.168.1.254; our IP address is 192.168.1.169
Filename 'vatf_3/fc3694aa60e5b9401d5d05a34bf05ffa'.
Load address: 0x82000000
Loading: *EHCI timed out on TD - token=0x88008d80
T #################################################################
	 #################################################################
	 #################################################################
	 #################################################################
	 #################################################################
	 #################################################################
	 ##############################################
	 869.1 KiB/s
done
Bytes transferred = 6398832 (61a370 hex)
U-Boot# 
- 11:26:04 [INFO] Host: tftp ${fdt_addr_r} 192.168.1.254:vatf_3/b491a5f5b86daeb5c11009902ea43d6a
- 11:26:11 [INFO] Target: 
tftp ${fdt_addr_r} 192.168.1.254:vatf_3/b491a5f5b86daeb5c11009902ea43d6a
Waiting for Ethernet connection... done.
Using sms0 device
TFTP from server 192.168.1.254; our IP address is 192.168.1.169
Filename 'vatf_3/b491a5f5b86daeb5c11009902ea43d6a'.
Load address: 0x88000000
Loading: *#T ###
	 10.7 KiB/s
done
Bytes transferred = 57145 (df39 hex)
U-Boot# 
- 11:26:11 [INFO] Host: ls mmc 0:1
- 11:26:11 [INFO] Target: 
ls mmc 0:1
    33508   mlo 
   208700   u-boot.img 
            images/
        4   ws-calibrate.rules 
3 file(s), 1 dir(s)
U-Boot# 
- 11:26:11 [INFO] Host: ls mmc 0:2
- 11:26:11 [INFO] Target: 
ls mmc 0:2
<DIR>       4096 .
<DIR>       4096 ..
<DIR>       4096 bin
<DIR>       4096 boot
<SYM>         37 cpufreq
<SYM>         37 cpuidle
<DIR>       4096 dev
<DIR>       4096 etc
<DIR>       4096 home
<DIR>       4096 lib
<DIR>       4096 media
<DIR>       4096 mnt
<DIR>       4096 opt
<DIR>       4096 proc
<SYM>          8 run
<DIR>       4096 sbin
<DIR>       4096 srv
<DIR>       4096 sys
<SYM>          8 tmp
              14 .ash_history
<DIR>       4096 usr
<DIR>       4096 var
<DIR>       4096 www
<DIR>       4096 test
U-Boot# 
- 11:26:11 [INFO] Host: part uuid mmc 0:2
- 11:26:11 [INFO] Target: 
part uuid mmc 0:2
Unknown command 'part' - try 'help'
U-Boot# 
- 11:26:11 [INFO] Host: printenv
- 11:26:11 [INFO] Target: 
printenv
arch=arm
autoload=no
baudrate=115200
board=panda
board_name=panda-es
bootargs=console=ttyO2,115200n8 vram=16M earlyprintk rootwait  ip=:::::eth0:dhcp 
bootcmd=
bootdelay=1
bootdir=/boot
bootfile=zImage
bootm_size=0x08000000
bootpart=0:2
bootscript=echo Running bootscript from mmc${mmcdev} ...; source ${loadaddr}
console=ttyO2,115200n8
cpu=armv7
dnsip=192.0.2.2
ethact=sms0
fdt_addr_r=0x88000000
fdtaddr=0x88000000
fdtfile=undefined
fileaddr=88000000
filesize=df39
findfdt=if test $board_name = sdp4430; then setenv fdtfile omap4-sdp.dtb; fi; if test $board_name = panda; then setenv fdtfile omap4-panda.dtb; fi;if test $board_name = panda-a4; then setenv fdtfile omap4-panda-a4.dtb; fi;if test $board_name = panda-es; then setenv fdtfile omap4-panda-es.dtb; fi;if test $fdtfile = undefined; then echo WARNING: Could not determine device tree to use; fi; 
gatewayip=192.168.1.254
importbootenv=echo Importing environment from mmc${mmcdev} ...; env import -t ${loadaddr} ${filesize}
ipaddr=192.168.1.169
kernel_addr_r=0x82000000
loadaddr=0x82000000
loadbootenv=fatload mmc ${mmcdev} ${loadaddr} uEnv.txt
loadbootscript=fatload mmc ${mmcdev} ${loadaddr} boot.scr
loadfdt=load mmc ${bootpart} ${fdtaddr} ${bootdir}/${fdtfile}
loadimage=load mmc ${bootpart} ${loadaddr} ${bootdir}/${bootfile}
mmcargs=setenv bootargs console=${console} vram=${vram} root=${mmcroot} rootfstype=${mmcrootfstype}
mmcboot=echo Booting from mmc${mmcdev} ...; run mmcargs; bootz ${loadaddr} - ${fdtaddr}
mmcdev=0
mmcroot=/dev/mmcblk0p2 rw
mmcrootfstype=ext3 rootwait
netmask=255.255.255.0
ramdisk_addr_r=0x88080000
rdaddr=0x88080000
serverip=192.168.1.254
soc=omap4
usbethaddr=2E:60:05:CC:46:01
usbtty=cdc_acm
vendor=ti
ver=U-Boot 2014.04-00069-g53b0d70 (Apr 22 2014 - 14:39:57)
vram=16M
Environment size: 1857/131068 bytes
U-Boot# 
- 11:26:11 [INFO] Host: setenv bootargs ''${bootargs}' root=/dev/mmcblk0p2 rw rootfstype=ext3 rootwait '
- 11:26:11 [INFO] Target: 
setenv bootargs ''${bootargs}' root=/dev/mmcblk0p2 rw rootfstype=ext3 rootwait '
U-Boot# 
- 11:26:11 [INFO] Host: printenv
- 11:26:12 [INFO] Target: 
printenv
arch=arm
autoload=no
baudrate=115200
board=panda
board_name=panda-es
bootargs=console=ttyO2,115200n8 vram=16M earlyprintk rootwait  ip=:::::eth0:dhcp  root=/dev/mmcblk0p2 rw rootfstype=ext3 rootwait 
bootcmd=
bootdelay=1
bootdir=/boot
bootfile=zImage
bootm_size=0x08000000
bootpart=0:2
bootscript=echo Running bootscript from mmc${mmcdev} ...; source ${loadaddr}
console=ttyO2,115200n8
cpu=armv7
dnsip=192.0.2.2
ethact=sms0
fdt_addr_r=0x88000000
fdtaddr=0x88000000
fdtfile=undefined
fileaddr=88000000
filesize=df39
findfdt=if test $board_name = sdp4430; then setenv fdtfile omap4-sdp.dtb; fi; if test $board_name = panda; then setenv fdtfile omap4-panda.dtb; fi;if test $board_name = panda-a4; then setenv fdtfile omap4-panda-a4.dtb; fi;if test $board_name = panda-es; then setenv fdtfile omap4-panda-es.dtb; fi;if test $fdtfile = undefined; then echo WARNING: Could not determine device tree to use; fi; 
gatewayip=192.168.1.254
importbootenv=echo Importing environment from mmc${mmcdev} ...; env import -t ${loadaddr} ${filesize}
ipaddr=192.168.1.169
kernel_addr_r=0x82000000
loadaddr=0x82000000
loadbootenv=fatload mmc ${mmcdev} ${loadaddr} uEnv.txt
loadbootscript=fatload mmc ${mmcdev} ${loadaddr} boot.scr
loadfdt=load mmc ${bootpart} ${fdtaddr} ${bootdir}/${fdtfile}
loadimage=load mmc ${bootpart} ${loadaddr} ${bootdir}/${bootfile}
mmcargs=setenv bootargs console=${console} vram=${vram} root=${mmcroot} rootfstype=${mmcrootfstype}
mmcboot=echo Booting from mmc${mmcdev} ...; run mmcargs; bootz ${loadaddr} - ${fdtaddr}
mmcdev=0
mmcroot=/dev/mmcblk0p2 rw
mmcrootfstype=ext3 rootwait
netmask=255.255.255.0
ramdisk_addr_r=0x88080000
rdaddr=0x88080000
serverip=192.168.1.254
soc=omap4
usbethaddr=2E:60:05:CC:46:01
usbtty=cdc_acm
vendor=ti
ver=U-Boot 2014.04-00069-g53b0d70 (Apr 22 2014 - 14:39:57)
vram=16M
Environment size: 1906/131068 bytes
U-Boot# 
- 11:26:12 [INFO] Host: setenv bootcmd ''${bootcmd}' if iminfo ${loadaddr}; then bootm ${loadaddr} - ${fdt_addr_r}; else bootz ${loadaddr} - ${fdt_addr_r}; bootm ${loadaddr} - ${fdt_addr_r}; fi'
- 11:26:12 [INFO] Target: 
setenv bootcmd ''${bootcmd}' if iminfo ${loadaddr}; then bootm ${loadaddr} - ${fdt_addr_r}; else bootz ${loadaddr} - ${fdt_addr_r}; bootm ${loadaddr} - ${fdt_addr_r}; fi'
U-Boot# 
- 11:26:12 [INFO] Host: version
- 11:26:12 [INFO] Target: 
version
U-Boot 2014.04-00069-g53b0d70 (Apr 22 2014 - 14:39:57)
arm-linux-gnueabi-gcc (Ubuntu/Linaro 4.6.3-1ubuntu5) 4.6.3
GNU ld (GNU Binutils for Ubuntu) 2.22
U-Boot# 
- 11:26:12 [INFO] Host: bdinfo
- 11:26:12 [INFO] Target: 
bdinfo
arch_number = 0x00000AE7
boot_params = 0x80000100
DRAM bank   = 0x00000000
-> start    = 0x80000000
-> size     = 0x40000000
eth0name    = sms0
ethaddr     = (not set)
current eth = sms0
ip_addr     = 192.168.1.169
baudrate    = 115200 bps
TLB addr    = 0xBFFF0000
relocaddr   = 0xBFF79000
reloc off   = 0x3F779000
irq_sp      = 0xBFE58EE0
sp start    = 0xBFE58ED0
U-Boot# 
- 11:26:12 [INFO] Host: mmc rescan; echo $?
- 11:26:12 [INFO] Target: 
mmc rescan; echo $?
U-Boot# 
- 11:26:12 [INFO] Host: fatwrite mmc ${mmcdev}:1 ${loadaddr} ws-calibrate.rules 4
- 11:26:12 [INFO] Target: 
fatwrite mmc ${mmcdev}:1 ${loadaddr} ws-calibrate.rules 4
writing ws-calibrate.rules
4 bytes written
U-Boot# 
- 11:26:12 [INFO] Host: boot
- 11:28:42 [ERROR] On command: boot waiting for boot.+?(?-mix:.*\s+login) >>> error: execution expired
- 11:28:42 [INFO] Target: 
boot
## Checking Image at 82000000 ...
Unknown image format!
Kernel image @ 0x82000000 [ 0x000000 - 0x61a370 ]
## Flattened Device Tree blob at 88000000
   Booting using the fdt blob at 0x88000000
   Loading Device Tree to 87fef000, end 87ffff38 ... OK
Starting kernel ...
[    0.000000] Booting Linux on physical CPU 0x0
[    0.000000] Linux version 4.2.0-rc8-next-20150828-00002-gbc5f65a519f1 (nmenon@kahuna) (gcc version 4.6.3 (Ubuntu/Linaro 4.6.3-1ubuntu5) ) #1 SMP Fri Aug 28 11:19:21 CDT 2015
[    0.000000] CPU: ARMv7 Processor [412fc09a] revision 10 (ARMv7), cr=10c5387d
[    0.000000] CPU: PIPT / VIPT nonaliasing data cache, VIPT aliasing instruction cache
[    0.000000] Machine model: TI OMAP4 PandaBoard-ES
[    0.000000] cma: Reserved 64 MiB at 0xbb800000
[    0.000000] Memory policy: Data cache writealloc
[    0.000000] OMAP4: Map 0xbfe00000 to fe600000 for dram barrier
[    0.000000] OMAP4460 ES1.1
[    0.000000] PERCPU: Embedded 12 pages/cpu @eefaa000 s19200 r8192 d21760 u49152
[    0.000000] Built 1 zonelists in Zone order, mobility grouping on.  Total pages: 260112
[    0.000000] Kernel command line: console=ttyO2,115200n8 vram=16M earlyprintk rootwait  ip=:::::eth0:dhcp  root=/dev/mmcblk0p2 rw rootfstype=ext3 rootwait 
[    0.000000] PID hash table entries: 4096 (order: 2, 16384 bytes)
[    0.000000] Dentry cache hash table entries: 131072 (order: 7, 524288 bytes)
[    0.000000] Inode-cache hash table entries: 65536 (order: 6, 262144 bytes)
[    0.000000] Memory: 957436K/1046528K available (8133K kernel code, 1013K rwdata, 3624K rodata, 1036K init, 340K bss, 23556K reserved, 65536K cma-reserved, 202752K highmem)
[    0.000000] Virtual kernel memory layout:
[    0.000000]     vector  : 0xffff0000 - 0xffff1000   (   4 kB)
[    0.000000]     fixmap  : 0xffc00000 - 0xfff00000   (3072 kB)
[    0.000000]     vmalloc : 0xf0000000 - 0xff000000   ( 240 MB)
[    0.000000]     lowmem  : 0xc0000000 - 0xef800000   ( 760 MB)
[    0.000000]     pkmap   : 0xbfe00000 - 0xc0000000   (   2 MB)
[    0.000000]     modules : 0xbf000000 - 0xbfe00000   (  14 MB)
[    0.000000]       .text : 0xc0208000 - 0xc0d84574   (11762 kB)
[    0.000000]       .init : 0xc0d85000 - 0xc0e88000   (1036 kB)
[    0.000000]       .data : 0xc0e88000 - 0xc0f854a0   (1014 kB)
[    0.000000]        .bss : 0xc0f88000 - 0xc0fdd2e0   ( 341 kB)
[    0.000000] SLUB: HWalign=64, Order=0-3, MinObjects=0, CPUs=2, Nodes=1
[    0.000000] Hierarchical RCU implementation.
[    0.000000] 	Build-time adjustment of leaf fanout to 32.
[    0.000000] 	RCU restricting CPUs from NR_CPUS=16 to nr_cpu_ids=2.
[    0.000000] RCU: Adjusting geometry for rcu_fanout_leaf=32, nr_cpu_ids=2
[    0.000000] NR_IRQS:16 nr_irqs:16 16
[    0.000000] L2C: platform modifies aux control register: 0x0e070000 -> 0x3e470000
[    0.000000] L2C: DT/platform modifies aux control register: 0x0e070000 -> 0x3e470000
[    0.000000] L2C-310 erratum 769419 enabled
[    0.000000] L2C-310 enabling early BRESP for Cortex-A9
[    0.000000] OMAP L2C310: ROM does not support power control setting
[    0.000000] L2C-310 dynamic clock gating disabled, standby mode disabled
[    0.000000] L2C-310 cache controller enabled, 16 ways, 1024 kB
[    0.000000] L2C-310: CACHE_ID 0x410000c7, AUX_CTRL 0x4e470000
[    0.000000] ti_dt_clocks_register: failed to lookup clock node dss_fck
[    0.000000] ti_dt_clocks_register: failed to lookup clock node dss_fck
[    0.000000] ti_dt_clocks_register: failed to lookup clock node bandgap_fclk
[    0.000000] OMAP clockevent source: timer1 at 32768 Hz
[    0.000000] clocksource: 32k_counter: mask: 0xffffffff max_cycles: 0xffffffff, max_idle_ns: 58327039986419 ns
[    0.000000] sched_clock: 32 bits at 32kHz, resolution 30517ns, wraps every 65535999984741ns
[    0.000000] OMAP clocksource: 32k_counter at 32768 Hz
[    0.006927] Console: colour dummy device 80x30
[    0.006958] Calibrating delay loop... 1395.91 BogoMIPS (lpj=3489792)
[    0.030364] pid_max: default: 32768 minimum: 301
[    0.030487] Mount-cache hash table entries: 2048 (order: 1, 8192 bytes)
[    0.030487] Mountpoint-cache hash table entries: 2048 (order: 1, 8192 bytes)
[    0.031066] CPU: Testing write buffer coherency: ok
[    0.031280] CPU0: thread -1, cpu 0, socket 0, mpidr 80000000
[    0.031311] Setting up static identity map for 0x80209000 - 0x80209098
[    0.065368] CPU1: thread -1, cpu 1, socket 0, mpidr 80000001
[    0.065429] Brought up 2 CPUs
[    0.065460] SMP: Total of 2 processors activated (2791.83 BogoMIPS).
[    0.065460] CPU: All CPU(s) started in SVC mode.
[    0.066253] devtmpfs: initialized
[    0.082489] VFP support v0.3: implementor 41 architecture 3 part 30 variant 9 rev 4
[    0.084350] omap_hwmod: l3_main_3 using broken dt data from ocp
[    0.085632] omap_hwmod: l3_main_2 using broken dt data from ocp
[    0.174438] clocksource: jiffies: mask: 0xffffffff max_cycles: 0xffffffff, max_idle_ns: 9556302231375000 ns
[    0.179504] pinctrl core: initialized pinctrl subsystem
[    0.181518] NET: Registered protocol family 16
[    0.183776] DMA: preallocated 256 KiB pool for atomic coherent allocations
[    0.200378] cpuidle: using governor ladder
[    0.215393] cpuidle: using governor menu
[    0.221801] OMAP GPIO hardware version 0.1
[    0.225280] omap-gpmc 50000000.gpmc: GPMC revision 6.0
[    0.225311] gpmc_mem_init: disabling cs 0 mapped at 0x0-0x1000000
[    0.225799] irq: no irq domain found for /ocp/l4@4a000000/scm@100000/pinmux@40 !
[    0.226135] irq: no irq domain found for /ocp/l4@4a000000/scm@100000/pinmux@40 !
[    0.226470] irq: no irq domain found for /ocp/l4@4a000000/scm@100000/pinmux@40 !
[    0.236907] platform 4b501000.aes: Cannot lookup hwmod 'aes'
[    0.237182] platform 480a5000.des: Cannot lookup hwmod 'des'
[    0.242309] No ATAGs?
[    0.242340] hw-breakpoint: found 5 (+1 reserved) breakpoint and 1 watchpoint registers.
[    0.242370] hw-breakpoint: maximum watchpoint size is 4 bytes.
[    0.244293] OMAP DMA hardware revision 0.0
[    0.248352] Serial: AMBA PL011 UART driver
[    0.276794] omap-dma-engine 4a056000.dma-controller: OMAP DMA engine driver
[    0.350463] reg-fixed-voltage wl12xx_vmmc: could not find pctldev for node /ocp/l4@4a000000/scm@100000/pinmux@40/pinmux_wl12xx_gpio, deferring probe
[    0.354248] vgaarb: loaded
[    0.355041] SCSI subsystem initialized
[    0.355560] usbcore: registered new interface driver usbfs
[    0.355621] usbcore: registered new interface driver hub
[    0.355682] usbcore: registered new device driver usb
[    0.356811] omap_i2c 48070000.i2c: could not find pctldev for node /ocp/l4@4a000000/scm@100000/pinmux@40/pinmux_i2c1_pins, deferring probe
[    0.356842] omap_i2c 48072000.i2c: could not find pctldev for node /ocp/l4@4a000000/scm@100000/pinmux@40/pinmux_i2c2_pins, deferring probe
[    0.356872] omap_i2c 48060000.i2c: could not find pctldev for node /ocp/l4@4a000000/scm@100000/pinmux@40/pinmux_i2c3_pins, deferring probe
[    0.356933] omap_i2c 48350000.i2c: could not find pctldev for node /ocp/l4@4a000000/scm@100000/pinmux@40/pinmux_i2c4_pins, deferring probe
[    0.358062] pps_core: LinuxPPS API ver. 1 registered
[    0.358062] pps_core: Software ver. 5.3.6 - Copyright 2005-2007 Rodolfo Giometti <giometti@linux.it>
[    0.358093] PTP clock support registered
[    0.358367] EDAC MC: Ver: 3.0.0
[    0.360046] lo uses DEPRECATED zero tx_queue_len - convert driver to use IFF_NO_QUEUE instead.
[    0.361114] clocksource: Switched to clocksource 32k_counter
[    0.372436] NET: Registered protocol family 2
[    0.372985] TCP established hash table entries: 8192 (order: 3, 32768 bytes)
[    0.373077] TCP bind hash table entries: 8192 (order: 4, 65536 bytes)
[    0.373229] TCP: Hash tables configured (established 8192 bind 8192)
[    0.373321] UDP hash table entries: 512 (order: 2, 16384 bytes)
[    0.373352] UDP-Lite hash table entries: 512 (order: 2, 16384 bytes)
[    0.373535] NET: Registered protocol family 1
[    0.373840] RPC: Registered named UNIX socket transport module.
[    0.373870] RPC: Registered udp transport module.
[    0.373870] RPC: Registered tcp transport module.
[    0.373870] RPC: Registered tcp NFSv4.1 backchannel transport module.
[    0.376373] hw perfevents: enabled with armv7_cortex_a9 PMU driver, 7 counters available
[    0.378356] futex hash table entries: 512 (order: 3, 32768 bytes)
[    0.389221] squashfs: version 4.0 (2009/01/31) Phillip Lougher
[    0.390106] NFS: Registering the id_resolver key type
[    0.390167] Key type id_resolver registered
[    0.390167] Key type id_legacy registered
[    0.390228] ntfs: driver 2.1.32 [Flags: R/O].
[    0.391601] bounce: pool size: 64 pages
[    0.391815] Block layer SCSI generic (bsg) driver version 0.4 loaded (major 249)
[    0.391815] io scheduler noop registered
[    0.391845] io scheduler deadline registered
[    0.391876] io scheduler cfq registered (default)
[    0.398040] pinctrl-single 4a100040.pinmux: 203 pins at pa fc100040 size 406
[    0.398254] pinctrl-single 4a31e040.pinmux: 28 pins at pa fc31e040 size 56
[    0.470764] Serial: 8250/16550 driver, 4 ports, IRQ sharing disabled
[    0.473510] SuperH (H)SCI(F) driver initialized
[    0.474670] msm_serial: driver initialized
[    0.475433] omap_uart 4806a000.serial: no wakeirq for uart0
[    0.475555] 4806a000.serial: ttyO0 at MMIO 0x4806a000 (irq = 226, base_baud = 3000000) is a OMAP UART0
[    0.476074] 4806c000.serial: ttyO1 at MMIO 0x4806c000 (irq = 227, base_baud = 3000000) is a OMAP UART1
[    0.476501] 48020000.serial: ttyO2 at MMIO 0x48020000 (irq = 228, base_baud = 3000000) is a OMAP UART2
[    1.337554] console [ttyO2] enabled
[    1.341644] 4806e000.serial: ttyO3 at MMIO 0x4806e000 (irq = 229, base_baud = 3000000) is a OMAP UART3
[    1.351837] STMicroelectronics ASC driver initialized
[    1.359222] [drm] Initialized drm 1.1.0 20060810
[    1.373748] loop: module loaded
[    1.387145] CAN device driver interface
[    1.392822] igb: Intel(R) Gigabit Ethernet Network Driver - version 5.3.0-k
[    1.400115] igb: Copyright (c) 2007-2014 Intel Corporation.
[    1.409667] pegasus: v0.9.3 (2013/04/25), Pegasus/Pegasus II USB Ethernet driver
[    1.417510] usbcore: registered new interface driver pegasus
[    1.423492] usbcore: registered new interface driver asix
[    1.429229] usbcore: registered new interface driver ax88179_178a
[    1.435638] usbcore: registered new interface driver cdc_ether
[    1.441864] usbcore: registered new interface driver smsc75xx
[    1.447967] usbcore: registered new interface driver smsc95xx
[    1.454040] usbcore: registered new interface driver net1080
[    1.460021] usbcore: registered new interface driver cdc_subset
[    1.466278] usbcore: registered new interface driver zaurus
[    1.472198] usbcore: registered new interface driver cdc_ncm
[    1.480590] ehci_hcd: USB 2.0 'Enhanced' Host Controller (EHCI) Driver
[    1.487426] ehci-pci: EHCI PCI platform driver
[    1.492156] ehci-platform: EHCI generic platform driver
[    1.497894] ehci-omap: OMAP-EHCI Host Controller driver
[    1.516174] ehci-omap 4a064c00.ehci: EHCI Host Controller
[    1.521881] ehci-omap 4a064c00.ehci: new USB bus registered, assigned bus number 1
[    1.530059] ehci-omap 4a064c00.ehci: irq 336, io mem 0x4a064c00
[    1.546142] ehci-omap 4a064c00.ehci: USB 2.0 started, EHCI 1.00
[    1.553131] hub 1-0:1.0: USB hub found
[    1.557128] hub 1-0:1.0: 3 ports detected
[    1.561920] ehci-orion: EHCI orion driver
[    1.566345] SPEAr-ehci: EHCI SPEAr driver
[    1.570739] ehci-st: EHCI STMicroelectronics driver
[    1.576019] ehci-exynos: EHCI EXYNOS driver
[    1.580627] ehci-atmel: EHCI Atmel driver
[    1.585021] tegra-ehci: Tegra EHCI driver
[    1.589447] ohci_hcd: USB 1.1 'Open' Host Controller (OHCI) Driver
[    1.595947] ohci-pci: OHCI PCI platform driver
[    1.600677] ohci-platform: OHCI generic platform driver
[    1.606353] ohci-omap3: OHCI OMAP3 driver
[    1.610748] ohci-omap3 4a064800.ohci: OHCI Host Controller
[    1.616546] ohci-omap3 4a064800.ohci: new USB bus registered, assigned bus number 2
[    1.624694] ohci-omap3 4a064800.ohci: irq 335, io mem 0x4a064800
[    1.701904] hub 2-0:1.0: USB hub found
[    1.705841] hub 2-0:1.0: 3 ports detected
[    1.710540] SPEAr-ohci: OHCI SPEAr driver
[    1.714935] ohci-st: OHCI STMicroelectronics driver
[    1.720245] ohci-atmel: OHCI Atmel driver
[    1.724761] usbcore: registered new interface driver usb-storage
[    1.732788] mousedev: PS/2 mouse device common for all mice
[    1.743164] i2c /dev entries driver
[    1.756835] sdhci: Secure Digital Host Controller Interface driver
[    1.763305] sdhci: Copyright(c) Pierre Ossman
[    1.797302] Synopsys Designware Multimedia Card Interface Driver
[    1.804992] sdhci-pltfm: SDHCI platform and OF driver helper
[    1.813751] ledtrig-cpu: registered to indicate activity on CPUs
[    1.820465] usbcore: registered new interface driver usbhid
[    1.826324] usbhid: USB HID core driver
[    1.835693] NET: Registered protocol family 10
[    1.841278] sit: IPv6 over IPv4 tunneling driver
[    1.846160] sit0 uses DEPRECATED zero tx_queue_len - convert driver to use IFF_NO_QUEUE instead.
[    1.856018] NET: Registered protocol family 17
[    1.860687] can: controller area network core (rev 20120528 abi 9)
[    1.867218] NET: Registered protocol family 29
[    1.871887] can: raw protocol (rev 20120528)
[    1.876373] can: broadcast manager protocol (rev 20120528 t)
[    1.882324] can: netlink gateway (rev 20130117) max_hops=1
[    1.888519] Key type dns_resolver registered
[    1.893280] twl: not initialized
[    1.896667] twl6030_uv_to_vsel:OUT OF RANGE! non mapped vsel for 1375000 Vs max 1316660
[    1.905059] twl6030_uv_to_vsel:OUT OF RANGE! non mapped vsel for 1375000 Vs max 1316660
[    1.913452] twl6030_uv_to_vsel:OUT OF RANGE! non mapped vsel for 1375000 Vs max 1316660
[    1.921813] twl6030_uv_to_vsel:OUT OF RANGE! non mapped vsel for 1375000 Vs max 1316660
[    1.930206] twl6030_uv_to_vsel:OUT OF RANGE! non mapped vsel for 1375000 Vs max 1316660
[    1.938598] twl6030_uv_to_vsel:OUT OF RANGE! non mapped vsel for 1375000 Vs max 1316660
[    1.946960] twl6030_uv_to_vsel:OUT OF RANGE! non mapped vsel for 1410000 Vs max 1316660
[    1.955352] omap2_set_init_voltage: unable to find boot up OPP for vdd_mpu
[    1.962554] omap2_set_init_voltage: unable to set vdd_mpu
[    1.968231] omap2_set_init_voltage: unable to find boot up OPP for vdd_core
[    1.975494] omap2_set_init_voltage: unable to set vdd_core
[    1.981262] omap2_set_init_voltage: unable to find boot up OPP for vdd_iva
[    1.988433] omap2_set_init_voltage: unable to set vdd_iva
[    1.994720] cpufreq: cpufreq_online: CPU0: Running at unlisted freq: 699977 KHz
[    2.002746] cpufreq: cpufreq_online: CPU0: Unlisted initial frequency changed to: 700000 KHz
[    2.012817] Power Management for TI OMAP4+ devices.
[    2.017974] OMAP4 PM: u-boot >= v2012.07 is required for full PM support
[    2.025207] ThumbEE CPU extension supported.
[    2.030273] Registering SWP/SWPB emulation handler
[    2.035766] usb 1-1: new high-speed USB device number 2 using ehci-omap
[    2.041931] Skipping twl internal clock init and using bootloader value (unknown osc rate)
[    2.061767] twl 0-0048: PIH (irq 340) nested IRQs
[    2.069091] twl_rtc 48070000.i2c:twl@48:rtc: Power up reset detected.
[    2.077026] twl_rtc 48070000.i2c:twl@48:rtc: Enabling TWL-RTC
[    2.086761] twl_rtc 48070000.i2c:twl@48:rtc: rtc core: registered 48070000.i2c:twl@48 as rtc0
[    2.113494] omap_i2c 48070000.i2c: bus 0 rev0.11 at 400 kHz
[    2.126647] omap_i2c 48072000.i2c: bus 1 rev0.11 at 400 kHz
[    2.134674] omap_i2c 48060000.i2c: bus 2 rev0.11 at 100 kHz
[    2.141998] omap_i2c 48350000.i2c: bus 3 rev0.11 at 400 kHz
[    2.156402] hw-breakpoint: Failed to enable monitor mode on CPU 0.
[    2.163696] hw-breakpoint: CPU 0 failed to disable vector catch
[    2.189575] hub 1-1:1.0: USB hub found
[    2.193725] hub 1-1:1.0: 5 ports detected
[    2.284057] omap_hsmmc 480d5000.mmc: card claims to support voltages below defined range
[    2.299316] twl_rtc 48070000.i2c:twl@48:rtc: setting system clock to 2000-01-01 00:00:00 UTC (946684800)
[    2.304138] mmc0: queuing unknown CIS tuple 0x91 (3 bytes)
[    2.305633] mmc0: new SDIO card at address 0001
[    2.486419] usb 1-1.1: new high-speed USB device number 3 using ehci-omap
[    2.604187] smsc95xx v1.0.4
[    2.661529] smsc95xx 1-1.1:1.0 eth0: register 'smsc95xx' at usb-4a064c00.ehci-1.1, smsc95xx USB 2.0 Ethernet, 42:38:af:e3:33:5f
[    3.399902] smsc95xx 1-1.1:1.0 eth0: hardware isn't capable of remote wakeup
[    3.407592] IPv6: ADDRCONF(NETDEV_UP): eth0: link is not ready
[    4.867553] smsc95xx 1-1.1:1.0 eth0: link up, 100Mbps, full-duplex, lpa 0xC5E1
[    4.875305] IPv6: ADDRCONF(NETDEV_CHANGE): eth0: link becomes ready
[    4.886199] Sending DHCP requests .., OK
[    7.991577] IP-Config: Got DHCP answer from 192.168.1.254, my address is 192.168.1.196
[    7.991577] IP-Config: Complete:
[    8.003570]      device=eth0, hwaddr=42:38:af:e3:33:5f, ipaddr=192.168.1.196, mask=255.255.255.0, gw=192.168.1.254
[    8.014526]      host=192.168.1.196, domain=ti.com, nis-domain=(none)
[    8.021392]      bootserver=192.168.1.254, rootserver=192.168.1.254, rootpath=
[    8.028839]      nameserver0=192.0.2.2, nameserver1=192.0.2.3
[    8.034973] vwl1271: disabling
[    8.040344] VMMC: disabling
[    8.044708] VDAC: disabling
[    8.048339] VANA: disabling
[    8.052032] VUSB: disabling
[    8.056488] Waiting for root device /dev/mmcblk0p2...
[  118.596405] random: nonblocking pool is initialized
- 11:28:42 [INFO] Boot attempt 0/1 failed, trying again.....
URL:gtsystest.telogy.design.ti.com/vatf/tidfarm-02.dal.design.ti.com/tidfarm-02.dal.design.ti.com_vatf@3/tidfarm-02.dal.design.ti.com08_28_2015_11_24_35/files/session_iteration_1/test_1
