- 05:37:05 [INFO] Starting target session
- 05:37:06 [INFO] Connected to pandaboard-vanilla via serial 
- 05:37:06 [INFO] Host: #check prompt
- 05:37:08 [ERROR] On command: #check prompt waiting for (?-mix:((?-mix:.*\s+login)|[Pp]assword)) >>> error: execution expired
- 05:37:08 [INFO] Target: 
#check prompt
root@GenericOMAP4(FlattenedDeviceTree):/test# 
- 05:37:08 [INFO] Host: #check prompt
- 05:37:09 [INFO] Target: 
#check prompt
root@GenericOMAP4(FlattenedDeviceTree):/test# 
- 05:37:09 [INFO] Host: sync;poweroff
- 05:37:25 [INFO] Target: 
sync;poweroff
Broadcast message from root@GenericOMAP4(Flatteng down for system halt NOW!
INIT: Switching t
INIT: Sending processes the TERM signal
root@GenericOMAP4(FlattenedDeviceTree):/test# 
INIT: SStopping Dropbear SSH server: stopped /usr/sbin/dropbear (pid 685)
dropbear.
Stopping telnet daemon.
Stopping system message bus: Error opening /dev/fb0: No such file or directory
Stopping syslogd/klogd: stopped syslogd (pid 697)
stopped klogd (pid 699)
done
Stopping thttpd.
ALSA: Storing mixer settings...
/usr/sbin/alsactl: save_state:1580: No soundcards found...
Deconfiguring network interfaces... [10947.505676] smsc95xx 1-1.1:1.0 eth0: hardware isn't capable of remote wakeup
done.
Stopping Lighttpd Web Server: stopped /usr/sbin/lighttpd (pid 710)
lighttpd.
***************************************************************
***************************************************************
NOTICE: This file system contains the followin GPLv3 packages:
	binutils-symlinks
	binutils
	gdbserver
	parted
If you do not wish to distribute GPLv3 components please remove
the above packages prior to distribution.  This can be done using
the opkg remove command.  i.e.:
    opkg remove <package>
Where <package> is the name printed in the list above
NOTE: If the package is a dependency of another package you
      will be notified of the dependent packages.  You should
      use the --force-removal-of-dependent-packages option to
      also remove the dependent packages as well
***************************************************************
***************************************************************
Sending all processes the TERM signal...
Sending all processes the KILL signal...
Unmounting remote filesystems...
Deactivating swap...
Unmounting local filesystems...
[10954.987609] EXT4-fs (mmcblk0p2): re-mounted. Opts: data=ordered
[10957.220855] reboot: System halted
- 05:37:25 [INFO] Disconnected serial from pandaboard-vanilla
- 05:38:01 [INFO] Connected to pandaboard-vanilla via serial 
- 05:38:01 [INFO] Host: 
- 05:38:02 [ERROR] On command:  waiting for (?-mix:U-Boot#\s) >>> error: execution expired
- 05:38:02 [INFO] Target: 
U-Boot# 
- 05:38:02 [INFO] Host: 
- 05:38:03 [INFO] Target: 
U-Boot# 
- 05:38:03 [INFO] Host: 
- 05:38:03 [INFO] Target: 
U-Boot# 
- 05:38:03 [INFO] Host: version
- 05:38:04 [INFO] Target: 
version
U-Boot 2014.04-00069-g53b0d70 (Apr 22 2014 - 14:39:57)
arm-linux-gnueabi-gcc (Ubuntu/Linaro 4.6.3-1ubuntu5) 4.6.3
GNU ld (GNU Binutils for Ubuntu) 2.22
U-Boot# 
- 05:38:04 [INFO] Host: setenv bootargs 'console=ttyO2,115200n8 vram=16M earlyprintk rootwait '
- 05:38:04 [INFO] Target: 
setenv bootargs 'console=ttyO2,115200n8 vram=16M earlyprintk rootwait '
U-Boot# 
- 05:38:04 [INFO] Host: setenv bootcmd  ''
- 05:38:05 [INFO] Target: 
setenv bootcmd  ''
U-Boot# 
- 05:38:05 [INFO] Host: setenv autoload 'no'
- 05:38:06 [INFO] Target: 
setenv autoload 'no'
U-Boot# 
- 05:38:06 [INFO] Host: setenv serverip '128.247.105.47'
- 05:38:06 [INFO] Target: 
setenv serverip '128.247.105.47'
U-Boot# 
- 05:38:06 [INFO] Host: printenv
- 05:38:07 [INFO] Target: 
printenv
arch=arm
autoload=no
baudrate=115200
board=panda
board_name=panda
bootargs=console=ttyO2,115200n8 vram=16M earlyprintk rootwait 
bootcmd=
bootdelay=1
bootdir=/boot
bootfile=zImage
bootm_size=0x08000000
bootpart=0:2
bootscript=echo Running bootscript from mmc${mmcdev} ...; source ${loadaddr}
console=ttyO2,115200n8
cpu=armv7
fdt_addr_r=0x88000000
fdtaddr=0x88000000
fdtfile=undefined
findfdt=if test $board_name = sdp4430; then setenv fdtfile omap4-sdp.dtb; fi; if test $board_name = panda; then setenv fdtfile omap4-panda.dtb; fi;if test $board_name = panda-a4; then setenv fdtfile omap4-panda-a4.dtb; fi;if test $board_name = panda-es; then setenv fdtfile omap4-panda-es.dtb; fi;if test $fdtfile = undefined; then echo WARNING: Could not determine device tree to use; fi; 
importbootenv=echo Importing environment from mmc${mmcdev} ...; env import -t ${loadaddr} ${filesize}
kernel_addr_r=0x82000000
loadaddr=0x82000000
loadbootenv=fatload mmc ${mmcdev} ${loadaddr} uEnv.txt
loadbootscript=fatload mmc ${mmcdev} ${loadaddr} boot.scr
loadfdt=load mmc ${bootpart} ${fdtaddr} ${bootdir}/${fdtfile}
loadimage=load mmc ${bootpart} ${loadaddr} ${bootdir}/${bootfile}
mmcargs=setenv bootargs console=${console} vram=${vram} root=${mmcroot} rootfstype=${mmcrootfstype}
mmcboot=echo Booting from mmc${mmcdev} ...; run mmcargs; bootz ${loadaddr} - ${fdtaddr}
mmcdev=0
mmcroot=/dev/mmcblk0p2 rw
mmcrootfstype=ext3 rootwait
ramdisk_addr_r=0x88080000
rdaddr=0x88080000
serverip=128.247.105.47
soc=omap4
usbethaddr=02:04:f1:2a:2a:93
usbtty=cdc_acm
vendor=ti
ver=U-Boot 2014.04-00069-g53b0d70 (Apr 22 2014 - 14:39:57)
vram=16M
Environment size: 1695/131068 bytes
U-Boot# 
- 05:38:07 [INFO] Host: dcache off
- 05:38:07 [INFO] Target: 
dcache off
Unknown command 'dcache' - try 'help'
U-Boot# 
- 05:38:07 [INFO] Host: setenv usbethaddr 2E:62:05:CC:46:01
- 05:38:08 [INFO] Target: 
setenv usbethaddr 2E:62:05:CC:46:01
U-Boot# 
- 05:38:08 [INFO] Host: usb start
- 05:38:10 [INFO] Target: 
usb start
(Re)start USB...
USB0:   USB EHCI 1.00
scanning bus 0 for devices... 3 USB Device(s) found
       scanning usb for storage devices... 0 Storage Device(s) found
       scanning usb for ethernet devices... 1 Ethernet Device(s) found
U-Boot# 
- 05:38:10 [INFO] Host: printenv
- 05:38:11 [INFO] Target: 
printenv
arch=arm
autoload=no
baudrate=115200
board=panda
board_name=panda
bootargs=console=ttyO2,115200n8 vram=16M earlyprintk rootwait 
bootcmd=
bootdelay=1
bootdir=/boot
bootfile=zImage
bootm_size=0x08000000
bootpart=0:2
bootscript=echo Running bootscript from mmc${mmcdev} ...; source ${loadaddr}
console=ttyO2,115200n8
cpu=armv7
ethact=sms0
fdt_addr_r=0x88000000
fdtaddr=0x88000000
fdtfile=undefined
findfdt=if test $board_name = sdp4430; then setenv fdtfile omap4-sdp.dtb; fi; if test $board_name = panda; then setenv fdtfile omap4-panda.dtb; fi;if test $board_name = panda-a4; then setenv fdtfile omap4-panda-a4.dtb; fi;if test $board_name = panda-es; then setenv fdtfile omap4-panda-es.dtb; fi;if test $fdtfile = undefined; then echo WARNING: Could not determine device tree to use; fi; 
importbootenv=echo Importing environment from mmc${mmcdev} ...; env import -t ${loadaddr} ${filesize}
kernel_addr_r=0x82000000
loadaddr=0x82000000
loadbootenv=fatload mmc ${mmcdev} ${loadaddr} uEnv.txt
loadbootscript=fatload mmc ${mmcdev} ${loadaddr} boot.scr
loadfdt=load mmc ${bootpart} ${fdtaddr} ${bootdir}/${fdtfile}
loadimage=load mmc ${bootpart} ${loadaddr} ${bootdir}/${bootfile}
mmcargs=setenv bootargs console=${console} vram=${vram} root=${mmcroot} rootfstype=${mmcrootfstype}
mmcboot=echo Booting from mmc${mmcdev} ...; run mmcargs; bootz ${loadaddr} - ${fdtaddr}
mmcdev=0
mmcroot=/dev/mmcblk0p2 rw
mmcrootfstype=ext3 rootwait
ramdisk_addr_r=0x88080000
rdaddr=0x88080000
serverip=128.247.105.47
soc=omap4
usbethaddr=2E:62:05:CC:46:01
usbtty=cdc_acm
vendor=ti
ver=U-Boot 2014.04-00069-g53b0d70 (Apr 22 2014 - 14:39:57)
vram=16M
Environment size: 1709/131068 bytes
U-Boot# 
- 05:38:11 [INFO] Host: setenv bootargs ''${bootargs}' ip=dhcp '
- 05:38:12 [INFO] Target: 
setenv bootargs ''${bootargs}' ip=dhcp '
U-Boot# 
- 05:38:12 [INFO] Host: setenv serverip '128.247.105.47'
- 05:38:12 [INFO] Target: 
setenv serverip '128.247.105.47'
U-Boot# 
- 05:38:12 [INFO] Host: setenv ipaddr dhcp
- 05:38:13 [INFO] Target: 
setenv ipaddr dhcp
U-Boot# 
- 05:38:13 [INFO] Host: setenv autoload 'no'
- 05:38:13 [INFO] Target: 
setenv autoload 'no'
U-Boot# 
- 05:38:13 [INFO] Host: dhcp
- 05:38:16 [INFO] Target: 
dhcp
Waiting for Ethernet connection... done.
BOOTP broadcast 1
DHCP client bound to address 192.168.1.166
U-Boot# 
- 05:38:16 [INFO] Host: setenv serverip '128.247.105.47'
- 05:38:17 [INFO] Target: 
setenv serverip '128.247.105.47'
U-Boot# 
- 05:38:17 [INFO] Host: tftp ${loadaddr} 128.247.105.47:vatf_10/f53f9a5c4f5111b5f86d619bd18fa823
- 05:38:21 [INFO] Target: 
tftp ${loadaddr} 128.247.105.47:vatf_10/f53f9a5c4f5111b5f86d619bd18fa823
Waiting for Ethernet connection... done.
Using sms0 device
TFTP from server 128.247.105.47; our IP address is 192.168.1.166; sending through gateway 192.168.1.254
Filename 'vatf_10/f53f9a5c4f5111b5f86d619bd18fa823'.
Load address: 0x82000000
Loading: *#################################################################
	 #################################################################
	 #################################################################
	 #################################################################
	 #################################################################
	 ####################################
	 2.8 MiB/s
done
Bytes transferred = 5287704 (50af18 hex)
U-Boot# 
- 05:38:21 [INFO] Host: tftp ${fdt_addr_r} 128.247.105.47:vatf_10/e5415b3d506d8ac9082877c45beda742
- 05:38:29 [INFO] Target: 
tftp ${fdt_addr_r} 128.247.105.47:vatf_10/e5415b3d506d8ac9082877c45beda742
Waiting for Ethernet connection... done.
Using sms0 device
TFTP from server 128.247.105.47; our IP address is 192.168.1.166; sending through gateway 192.168.1.254
Filename 'vatf_10/e5415b3d506d8ac9082877c45beda742'.
Load address: 0x88000000
Loading: *T ####
	 8.8 KiB/s
done
Bytes transferred = 55574 (d916 hex)
U-Boot# 
- 05:38:29 [INFO] Host: ls mmc 0:1
- 05:38:30 [INFO] Target: 
ls mmc 0:1
    33508   mlo 
   208700   u-boot.img 
      879   uenv.txt 
            .trash-1000/
3 file(s), 1 dir(s)
U-Boot# 
- 05:38:30 [INFO] Host: ls mmc 0:2
- 05:38:30 [INFO] Target: 
ls mmc 0:2
<DIR>       4096 .
<DIR>       4096 ..
<DIR>      16384 lost+found
<DIR>       4096 bin
<DIR>       4096 boot
<SYM>         37 cpufreq
<SYM>         37 cpuidle
<DIR>       4096 dev
<DIR>       4096 etc
<DIR>       4096 home
<DIR>       4096 lib
<DIR>       4096 media
<DIR>       4096 mnt
<DIR>       4096 opt
<DIR>       4096 proc
<SYM>          8 run
<DIR>       4096 sbin
<DIR>       4096 srv
               9 .ash_history
<DIR>       4096 sys
<SYM>          8 tmp
<DIR>       4096 usr
<DIR>       4096 var
<DIR>       4096 www
<DIR>       4096 test
U-Boot# 
- 05:38:30 [INFO] Host: part uuid mmc 0:2
- 05:38:31 [INFO] Target: 
part uuid mmc 0:2
Unknown command 'part' - try 'help'
U-Boot# 
- 05:38:31 [INFO] Host: printenv
- 05:38:32 [INFO] Target: 
printenv
arch=arm
autoload=no
baudrate=115200
board=panda
board_name=panda
bootargs=console=ttyO2,115200n8 vram=16M earlyprintk rootwait  ip=dhcp 
bootcmd=
bootdelay=1
bootdir=/boot
bootfile=zImage
bootm_size=0x08000000
bootpart=0:2
bootscript=echo Running bootscript from mmc${mmcdev} ...; source ${loadaddr}
console=ttyO2,115200n8
cpu=armv7
dnsip=192.0.2.2
ethact=sms0
fdt_addr_r=0x88000000
fdtaddr=0x88000000
fdtfile=undefined
fileaddr=88000000
filesize=d916
findfdt=if test $board_name = sdp4430; then setenv fdtfile omap4-sdp.dtb; fi; if test $board_name = panda; then setenv fdtfile omap4-panda.dtb; fi;if test $board_name = panda-a4; then setenv fdtfile omap4-panda-a4.dtb; fi;if test $board_name = panda-es; then setenv fdtfile omap4-panda-es.dtb; fi;if test $fdtfile = undefined; then echo WARNING: Could not determine device tree to use; fi; 
gatewayip=192.168.1.254
importbootenv=echo Importing environment from mmc${mmcdev} ...; env import -t ${loadaddr} ${filesize}
ipaddr=192.168.1.166
kernel_addr_r=0x82000000
loadaddr=0x82000000
loadbootenv=fatload mmc ${mmcdev} ${loadaddr} uEnv.txt
loadbootscript=fatload mmc ${mmcdev} ${loadaddr} boot.scr
loadfdt=load mmc ${bootpart} ${fdtaddr} ${bootdir}/${fdtfile}
loadimage=load mmc ${bootpart} ${loadaddr} ${bootdir}/${bootfile}
mmcargs=setenv bootargs console=${console} vram=${vram} root=${mmcroot} rootfstype=${mmcrootfstype}
mmcboot=echo Booting from mmc${mmcdev} ...; run mmcargs; bootz ${loadaddr} - ${fdtaddr}
mmcdev=0
mmcroot=/dev/mmcblk0p2 rw
mmcrootfstype=ext3 rootwait
netmask=255.255.255.0
ramdisk_addr_r=0x88080000
rdaddr=0x88080000
serverip=128.247.105.47
soc=omap4
usbethaddr=2E:62:05:CC:46:01
usbtty=cdc_acm
vendor=ti
ver=U-Boot 2014.04-00069-g53b0d70 (Apr 22 2014 - 14:39:57)
vram=16M
Environment size: 1845/131068 bytes
U-Boot# 
- 05:38:32 [INFO] Host: setenv bootargs ''${bootargs}' root=/dev/mmcblk0p2 rw rootfstype=ext3 rootwait '
- 05:38:32 [INFO] Target: 
setenv bootargs ''${bootargs}' root=/dev/mmcblk0p2 rw rootfstype=ext3 rootwait '
U-Boot# 
- 05:38:32 [INFO] Host: printenv
- 05:38:33 [INFO] Target: 
printenv
arch=arm
autoload=no
baudrate=115200
board=panda
board_name=panda
bootargs=console=ttyO2,115200n8 vram=16M earlyprintk rootwait  ip=dhcp  root=/dev/mmcblk0p2 rw rootfstype=ext3 rootwait 
bootcmd=
bootdelay=1
bootdir=/boot
bootfile=zImage
bootm_size=0x08000000
bootpart=0:2
bootscript=echo Running bootscript from mmc${mmcdev} ...; source ${loadaddr}
console=ttyO2,115200n8
cpu=armv7
dnsip=192.0.2.2
ethact=sms0
fdt_addr_r=0x88000000
fdtaddr=0x88000000
fdtfile=undefined
fileaddr=88000000
filesize=d916
findfdt=if test $board_name = sdp4430; then setenv fdtfile omap4-sdp.dtb; fi; if test $board_name = panda; then setenv fdtfile omap4-panda.dtb; fi;if test $board_name = panda-a4; then setenv fdtfile omap4-panda-a4.dtb; fi;if test $board_name = panda-es; then setenv fdtfile omap4-panda-es.dtb; fi;if test $fdtfile = undefined; then echo WARNING: Could not determine device tree to use; fi; 
gatewayip=192.168.1.254
importbootenv=echo Importing environment from mmc${mmcdev} ...; env import -t ${loadaddr} ${filesize}
ipaddr=192.168.1.166
kernel_addr_r=0x82000000
loadaddr=0x82000000
loadbootenv=fatload mmc ${mmcdev} ${loadaddr} uEnv.txt
loadbootscript=fatload mmc ${mmcdev} ${loadaddr} boot.scr
loadfdt=load mmc ${bootpart} ${fdtaddr} ${bootdir}/${fdtfile}
loadimage=load mmc ${bootpart} ${loadaddr} ${bootdir}/${bootfile}
mmcargs=setenv bootargs console=${console} vram=${vram} root=${mmcroot} rootfstype=${mmcrootfstype}
mmcboot=echo Booting from mmc${mmcdev} ...; run mmcargs; bootz ${loadaddr} - ${fdtaddr}
mmcdev=0
mmcroot=/dev/mmcblk0p2 rw
mmcrootfstype=ext3 rootwait
netmask=255.255.255.0
ramdisk_addr_r=0x88080000
rdaddr=0x88080000
serverip=128.247.105.47
soc=omap4
usbethaddr=2E:62:05:CC:46:01
usbtty=cdc_acm
vendor=ti
ver=U-Boot 2014.04-00069-g53b0d70 (Apr 22 2014 - 14:39:57)
vram=16M
Environment size: 1894/131068 bytes
U-Boot# 
- 05:38:33 [INFO] Host: setenv bootcmd ''${bootcmd}' if iminfo ${loadaddr}; then bootm ${loadaddr} - ${fdt_addr_r}; else bootz ${loadaddr} - ${fdt_addr_r}; bootm ${loadaddr} - ${fdt_addr_r}; fi'
- 05:38:33 [INFO] Target: 
setenv bootcmd ''${bootcmd}' if iminfo ${loadaddr}; then bootm ${loadaddr} - ${fdt_addr_r}; else bootz ${loadaddr} - ${fdt_addr_r}; bootm ${loadaddr} - ${fdt_addr_r}; fi'
U-Boot# 
- 05:38:33 [INFO] Host: bdinfo
- 05:38:34 [INFO] Target: 
bdinfo
arch_number = 0x00000AE7
boot_params = 0x80000100
DRAM bank   = 0x00000000
-> start    = 0x80000000
-> size     = 0x40000000
eth0name    = sms0
ethaddr     = (not set)
current eth = sms0
ip_addr     = 192.168.1.166
baudrate    = 115200 bps
TLB addr    = 0xBFFF0000
relocaddr   = 0xBFF79000
reloc off   = 0x3F779000
irq_sp      = 0xBFE58EE0
sp start    = 0xBFE58ED0
U-Boot# 
- 05:38:34 [INFO] Host: boot
- 05:41:04 [ERROR] On command: boot waiting for (?-mix:.*\s+login) >>> error: execution expired
- 05:41:04 [INFO] Target: 
boot
## Checking Image at 82000000 ...
Unknown image format!
Kernel image @ 0x82000000 [ 0x000000 - 0x50af18 ]
## Flattened Device Tree blob at 88000000
   Booting using the fdt blob at 0x88000000
   Loading Device Tree to 87fef000, end 87fff915 ... OK
Starting kernel ...
[    0.000000] Booting Linux on physical CPU 0x0
[    0.000000] Linux version 3.18.0-rc3-next-20141103-00002-gb3eef83 (nmenon@kahuna) (gcc version 4.6.3 (Ubuntu/Linaro 4.6.3-1ubuntu5) ) #1 SMP Mon Nov 3 05:32:27 CST 2014
[    0.000000] CPU: ARMv7 Processor [411fc092] revision 2 (ARMv7), cr=10c5387d
[    0.000000] CPU: PIPT / VIPT nonaliasing data cache, VIPT aliasing instruction cache
[    0.000000] Machine model: TI OMAP4 PandaBoard
[    0.000000] cma: Reserved 64 MiB at 0xbb800000
[    0.000000] Memory policy: Data cache writealloc
[    0.000000] OMAP4430 ES2.2
[    0.000000] L2C: platform modifies aux control register: 0x0e070000 -> 0x3e470000
[    0.000000] L2C: DT/platform modifies aux control register: 0x0e070000 -> 0x3e470000
[    0.000000] L2C-310 errata 727915 769419 enabled
[    0.000000] L2C-310 enabling early BRESP for Cortex-A9
[    0.000000] L2C-310 ID prefetch enabled, offset 1 lines
[    0.000000] L2C-310 cache controller enabled, 16 ways, 1024 kB
[    0.000000] L2C-310: CACHE_ID 0x410000c4, AUX_CTRL 0x7e470000
[    0.000000] PERCPU: Embedded 10 pages/cpu @eefaf000 s8384 r8192 d24384 u40960
[    0.000000] Built 1 zonelists in Zone order, mobility grouping on.  Total pages: 260368
[    0.000000] Kernel command line: console=ttyO2,115200n8 vram=16M earlyprintk rootwait  ip=dhcp  root=/dev/mmcblk0p2 rw rootfstype=ext3 rootwait 
[    0.000000] PID hash table entries: 4096 (order: 2, 16384 bytes)
[    0.000000] Dentry cache hash table entries: 131072 (order: 7, 524288 bytes)
[    0.000000] Inode-cache hash table entries: 65536 (order: 6, 262144 bytes)
[    0.000000] Memory: 960924K/1047552K available (6885K kernel code, 973K rwdata, 2816K rodata, 736K init, 309K bss, 21092K reserved, 65536K cma-reserved, 203776K highmem)
[    0.000000] Virtual kernel memory layout:
[    0.000000]     vector  : 0xffff0000 - 0xffff1000   (   4 kB)
[    0.000000]     fixmap  : 0xffc00000 - 0xffe00000   (2048 kB)
[    0.000000]     vmalloc : 0xf0000000 - 0xff000000   ( 240 MB)
[    0.000000]     lowmem  : 0xc0000000 - 0xef800000   ( 760 MB)
[    0.000000]     pkmap   : 0xbfe00000 - 0xc0000000   (   2 MB)
[    0.000000]     modules : 0xbf000000 - 0xbfe00000   (  14 MB)
[    0.000000]       .text : 0xc0208000 - 0xc0b8174c   (9702 kB)
[    0.000000]       .init : 0xc0b82000 - 0xc0c3a000   ( 736 kB)
[    0.000000]       .data : 0xc0c3a000 - 0xc0d2d540   ( 974 kB)
[    0.000000]        .bss : 0xc0d2d540 - 0xc0d7a960   ( 310 kB)
[    0.000000] SLUB: HWalign=64, Order=0-3, MinObjects=0, CPUs=2, Nodes=1
[    0.000000] Hierarchical RCU implementation.
[    0.000000] 	RCU restricting CPUs from NR_CPUS=8 to nr_cpu_ids=2.
[    0.000000] RCU: Adjusting geometry for rcu_fanout_leaf=16, nr_cpu_ids=2
[    0.000000] NR_IRQS:16 nr_irqs:16 16
[    0.000000] ti_dt_clocks_register: failed to lookup clock node div_ts_ck
[    0.000000] ti_dt_clocks_register: failed to lookup clock node bandgap_ts_fclk
[    0.000000] OMAP clockevent source: timer1 at 32768 Hz
[    0.000000] sched_clock: 32 bits at 32kHz, resolution 30517ns, wraps every 65536000000000ns
[    0.000000] OMAP clocksource: 32k_counter at 32768 Hz
[    0.007049] Console: colour dummy device 80x30
[    0.007080] Calibrating delay loop... 1195.21 BogoMIPS (lpj=2988032)
[    0.035339] pid_max: default: 32768 minimum: 301
[    0.035491] Mount-cache hash table entries: 2048 (order: 1, 8192 bytes)
[    0.035522] Mountpoint-cache hash table entries: 2048 (order: 1, 8192 bytes)
[    0.036193] CPU: Testing write buffer coherency: ok
[    0.036468] CPU0: thread -1, cpu 0, socket 0, mpidr 80000000
[    0.036560] Setting up static identity map for 0x808814e8 - 0x80881580
[    0.040679] CPU1: Booted secondary processor
[    0.070343] CPU1: thread -1, cpu 1, socket 0, mpidr 80000001
[    0.070434] Brought up 2 CPUs
[    0.070434] SMP: Total of 2 processors activated.
[    0.070465] CPU: All CPU(s) started in SVC mode.
[    0.071105] devtmpfs: initialized
[    0.074859] VFP support v0.3: implementor 41 architecture 3 part 30 variant 9 rev 1
[    0.076812] omap_hwmod: l3_main_3 using broken dt data from ocp
[    0.078277] omap_hwmod: l3_main_2 using broken dt data from ocp
[    0.180053] pinctrl core: initialized pinctrl subsystem
[    0.198516] NET: Registered protocol family 16
[    0.201385] DMA: preallocated 256 KiB pool for atomic coherent allocations
[    0.215393] cpuidle: using governor ladder
[    0.230377] cpuidle: using governor menu
[    0.235687] OMAP GPIO hardware version 0.1
[    0.239562] omap-gpmc 50000000.gpmc: GPMC revision 6.0
[    0.240112] irq: no irq domain found for /ocp/pinmux@4a100040 !
[    0.240478] irq: no irq domain found for /ocp/pinmux@4a100040 !
[    0.240844] irq: no irq domain found for /ocp/pinmux@4a100040 !
[    0.251770] platform 4b501000.aes: Cannot lookup hwmod 'aes'
[    0.252044] platform 480a5000.des: Cannot lookup hwmod 'des'
[    0.256805] No ATAGs?
[    0.256835] hw-breakpoint: found 5 (+1 reserved) breakpoint and 1 watchpoint registers.
[    0.256866] hw-breakpoint: maximum watchpoint size is 4 bytes.
[    0.257141] EXYNOS: PMU not supported
[    0.259033] OMAP DMA hardware revision 0.0
[    0.262634] Serial: AMBA PL011 UART driver
[    0.263763] ARM PMU: not yet supported on OMAP4430 due to missing CTI driver
[    0.290527] edma-dma-engine edma-dma-engine.0: Can't allocate PaRAM dummy slot
[    0.290557] edma-dma-engine: probe of edma-dma-engine.0 failed with error -22
[    0.303344] omap-dma-engine 4a056000.dma-controller: OMAP DMA engine driver
[    0.375518] reg-fixed-voltage wl12xx_vmmc: could not find pctldev for node /ocp/pinmux@4a100040/pinmux_wl12xx_gpio, deferring probe
[    0.375549] platform wl12xx_vmmc: Driver reg-fixed-voltage requests probe deferral
[    0.379089] vgaarb: loaded
[    0.379913] SCSI subsystem initialized
[    0.380493] usbcore: registered new interface driver usbfs
[    0.380584] usbcore: registered new interface driver hub
[    0.380645] usbcore: registered new device driver usb
[    0.381805] omap_i2c 48070000.i2c: could not find pctldev for node /ocp/pinmux@4a100040/pinmux_i2c1_pins, deferring probe
[    0.381835] platform 48070000.i2c: Driver omap_i2c requests probe deferral
[    0.381866] omap_i2c 48072000.i2c: could not find pctldev for node /ocp/pinmux@4a100040/pinmux_i2c2_pins, deferring probe
[    0.381896] platform 48072000.i2c: Driver omap_i2c requests probe deferral
[    0.381927] omap_i2c 48060000.i2c: could not find pctldev for node /ocp/pinmux@4a100040/pinmux_i2c3_pins, deferring probe
[    0.381927] platform 48060000.i2c: Driver omap_i2c requests probe deferral
[    0.381988] omap_i2c 48350000.i2c: could not find pctldev for node /ocp/pinmux@4a100040/pinmux_i2c4_pins, deferring probe
[    0.381988] platform 48350000.i2c: Driver omap_i2c requests probe deferral
[    0.382476] Linux video capture interface: v2.00
[    0.382537] pps_core: LinuxPPS API ver. 1 registered
[    0.382568] pps_core: Software ver. 5.3.6 - Copyright 2005-2007 Rodolfo Giometti <giometti@linux.it>
[    0.382598] PTP clock support registered
[    0.382904] EDAC MC: Ver: 3.0.0
[    0.383880] Advanced Linux Sound Architecture Driver Initialized.
[    0.385162] Switched to clocksource 32k_counter
[    0.397277] NET: Registered protocol family 2
[    0.398010] TCP established hash table entries: 8192 (order: 3, 32768 bytes)
[    0.398101] TCP bind hash table entries: 8192 (order: 4, 65536 bytes)
[    0.398315] TCP: Hash tables configured (established 8192 bind 8192)
[    0.398376] TCP: reno registered
[    0.398406] UDP hash table entries: 512 (order: 2, 16384 bytes)
[    0.398468] UDP-Lite hash table entries: 512 (order: 2, 16384 bytes)
[    0.398773] NET: Registered protocol family 1
[    0.399108] RPC: Registered named UNIX socket transport module.
[    0.399108] RPC: Registered udp transport module.
[    0.399108] RPC: Registered tcp transport module.
[    0.399108] RPC: Registered tcp NFSv4.1 backchannel transport module.
[    0.404144] futex hash table entries: 512 (order: 3, 32768 bytes)
[    0.417449] squashfs: version 4.0 (2009/01/31) Phillip Lougher
[    0.418304] NFS: Registering the id_resolver key type
[    0.418334] Key type id_resolver registered
[    0.418365] Key type id_legacy registered
[    0.418914] bounce: pool size: 64 pages
[    0.419189] Block layer SCSI generic (bsg) driver version 0.4 loaded (major 249)
[    0.419189] io scheduler noop registered
[    0.419219] io scheduler deadline registered
[    0.419433] io scheduler cfq registered (default)
[    0.424530] pinctrl-single 4a100040.pinmux: 203 pins at pa fc100040 size 406
[    0.424743] pinctrl-single 4a31e040.pinmux: 28 pins at pa fc31e040 size 56
[    0.425170] ------------[ cut here ]------------
[    0.425201] WARNING: CPU: 1 PID: 1 at fs/dcache.c:255 __d_free+0x34/0x40()
[    0.425201] Modules linked in:
[    0.425231] CPU: 1 PID: 1 Comm: swapper/0 Not tainted 3.18.0-rc3-next-20141103-00002-gb3eef83 #1
[    0.425292] [<c0215a84>] (unwind_backtrace) from [<c02114a0>] (show_stack+0x10/0x14)
[    0.425323] [<c02114a0>] (show_stack) from [<c087c860>] (dump_stack+0x70/0x8c)
[    0.425354] [<c087c860>] (dump_stack) from [<c02481ac>] (warn_slowpath_common+0x64/0x84)
[    0.425384] [<c02481ac>] (warn_slowpath_common) from [<c02481e8>] (warn_slowpath_null+0x1c/0x24)
[    0.425384] [<c02481e8>] (warn_slowpath_null) from [<c0306d68>] (__d_free+0x34/0x40)
[    0.425445] [<c0306d68>] (__d_free) from [<c0288d4c>] (rcu_process_callbacks+0x320/0x544)
[    0.425476] [<c0288d4c>] (rcu_process_callbacks) from [<c024b140>] (__do_softirq+0xec/0x238)
[    0.425476] [<c024b140>] (__do_softirq) from [<c024b51c>] (irq_exit+0xa8/0x114)
[    0.425506] [<c024b51c>] (irq_exit) from [<c027f2ec>] (__handle_domain_irq+0x58/0x9c)
[    0.425537] [<c027f2ec>] (__handle_domain_irq) from [<c020895c>] (gic_handle_irq+0x2c/0x6c)
[    0.425567] [<c020895c>] (gic_handle_irq) from [<c0212000>] (__irq_svc+0x40/0x54)
[    0.425567] Exception stack(0xee067e60 to 0xee067ea8)
[    0.425567] 7e60: ee0e5000 c0a7176c c0a717d4 00000073 c0c91c68 ee04a2c0 ee346180 00000000
[    0.425598] 7e80: 00000000 ee0e5000 00000000 c0a717d4 ee34acc3 ee067ea8 c041a3c8 c041a180
[    0.425598] 7ea0: a0000113 ffffffff
[    0.425628] [<c0212000>] (__irq_svc) from [<c041a180>] (add_uevent_var+0x0/0xc4)
[    0.425659] [<c041a180>] (add_uevent_var) from [<00000000>] (  (null))
[    0.425659] ---[ end trace 7f5258dfc3c3005d ]---
[    0.425689] ------------[ cut here ]------------
[    0.425689] WARNING: CPU: 1 PID: 1 at fs/dcache.c:255 __d_free+0x34/0x40()
[    0.425689] Modules linked in:
[    0.425720] CPU: 1 PID: 1 Comm: swapper/0 Tainted: G        W      3.18.0-rc3-next-20141103-00002-gb3eef83 #1
[    0.425750] [<c0215a84>] (unwind_backtrace) from [<c02114a0>] (show_stack+0x10/0x14)
[    0.425750] [<c02114a0>] (show_stack) from [<c087c860>] (dump_stack+0x70/0x8c)
[    0.425781] [<c087c860>] (dump_stack) from [<c02481ac>] (warn_slowpath_common+0x64/0x84)
[    0.425811] [<c02481ac>] (warn_slowpath_common) from [<c02481e8>] (warn_slowpath_null+0x1c/0x24)
[    0.425811] [<c02481e8>] (warn_slowpath_null) from [<c0306d68>] (__d_free+0x34/0x40)
[    0.425842] [<c0306d68>] (__d_free) from [<c0288d4c>] (rcu_process_callbacks+0x320/0x544)
[    0.425842] [<c0288d4c>] (rcu_process_callbacks) from [<c024b140>] (__do_softirq+0xec/0x238)
[    0.425872] [<c024b140>] (__do_softirq) from [<c024b51c>] (irq_exit+0xa8/0x114)
[    0.425903] [<c024b51c>] (irq_exit) from [<c027f2ec>] (__handle_domain_irq+0x58/0x9c)
[    0.425903] [<c027f2ec>] (__handle_domain_irq) from [<c020895c>] (gic_handle_irq+0x2c/0x6c)
[    0.425933] [<c020895c>] (gic_handle_irq) from [<c0212000>] (__irq_svc+0x40/0x54)
[    0.425933] Exception stack(0xee067e60 to 0xee067ea8)
[    0.425964] 7e60: ee0e5000 c0a7176c c0a717d4 00000073 c0c91c68 ee04a2c0 ee346180 00000000
[    0.425964] 7e80: 00000000 ee0e5000 00000000 c0a717d4 ee34acc3 ee067ea8 c041a3c8 c041a180
[    0.425964] 7ea0: a0000113 ffffffff
[    0.425994] [<c0212000>] (__irq_svc) from [<c041a180>] (add_uevent_var+0x0/0xc4)
[    0.425994] [<c041a180>] (add_uevent_var) from [<00000000>] (  (null))
[    0.426025] ---[ end trace 7f5258dfc3c3005e ]---
[    0.426025] ------------[ cut here ]------------
[    0.426025] WARNING: CPU: 1 PID: 1 at fs/dcache.c:255 __d_free+0x34/0x40()
[    0.426055] Modules linked in:
[    0.426055] CPU: 1 PID: 1 Comm: swapper/0 Tainted: G        W      3.18.0-rc3-next-20141103-00002-gb3eef83 #1
[    0.426086] [<c0215a84>] (unwind_backtrace) from [<c02114a0>] (show_stack+0x10/0x14)
[    0.426086] [<c02114a0>] (show_stack) from [<c087c860>] (dump_stack+0x70/0x8c)
[    0.426116] [<c087c860>] (dump_stack) from [<c02481ac>] (warn_slowpath_common+0x64/0x84)
[    0.426147] [<c02481ac>] (warn_slowpath_common) from [<c02481e8>] (warn_slowpath_null+0x1c/0x24)
[    0.426147] [<c02481e8>] (warn_slowpath_null) from [<c0306d68>] (__d_free+0x34/0x40)
[    0.426177] [<c0306d68>] (__d_free) from [<c0288d4c>] (rcu_process_callbacks+0x320/0x544)
[    0.426177] [<c0288d4c>] (rcu_process_callbacks) from [<c024b140>] (__do_softirq+0xec/0x238)
[    0.426208] [<c024b140>] (__do_softirq) from [<c024b51c>] (irq_exit+0xa8/0x114)
[    0.426239] [<c024b51c>] (irq_exit) from [<c027f2ec>] (__handle_domain_irq+0x58/0x9c)
[    0.426239] [<c027f2ec>] (__handle_domain_irq) from [<c020895c>] (gic_handle_irq+0x2c/0x6c)
[    0.426269] [<c020895c>] (gic_handle_irq) from [<c0212000>] (__irq_svc+0x40/0x54)
[    0.426269] Exception stack(0xee067e60 to 0xee067ea8)
[    0.426300] 7e60: ee0e5000 c0a7176c c0a717d4 00000073 c0c91c68 ee04a2c0 ee346180 00000000
[    0.426300] 7e80: 00000000 ee0e5000 00000000 c0a717d4 ee34acc3 ee067ea8 c041a3c8 c041a180
[    0.426300] 7ea0: a0000113 ffffffff
[    0.426330] [<c0212000>] (__irq_svc) from [<c041a180>] (add_uevent_var+0x0/0xc4)
[    0.426330] [<c041a180>] (add_uevent_var) from [<00000000>] (  (null))
[    0.426361] ---[ end trace 7f5258dfc3c3005f ]---
[    0.503082] Serial: 8250/16550 driver, 4 ports, IRQ sharing disabled
[    0.505554] Serial: IMX driver
[    0.506317] msm_serial: driver initialized
[    0.507080] omap_uart 4806a000.serial: no wakeirq for uart0
[    0.507232] omap_uart 4806a000.serial: ttyO0 at MMIO 0x4806a000 (irq = 104, base_baud = 3000000) is a OMAP UART0
[    0.507812] omap_uart 4806c000.serial: ttyO1 at MMIO 0x4806c000 (irq = 105, base_baud = 3000000) is a OMAP UART1
[    0.508361] omap_uart 48020000.serial: ttyO2 at MMIO 0x48020000 (irq = 106, base_baud = 3000000) is a OMAP UART2
[    1.841644] console [ttyO2] enabled
[    1.845855] omap_uart 4806e000.serial: ttyO3 at MMIO 0x4806e000 (irq = 102, base_baud = 3000000) is a OMAP UART3
[    1.857025] STMicroelectronics ASC driver initialized
[    1.863647] serial: Freescale lpuart driver
[    1.868377] [drm] Initialized drm 1.1.0 20060810
[    1.880645] loop: module loaded
[    1.892120] CAN device driver interface
[    1.897674] igb: Intel(R) Gigabit Ethernet Network Driver - version 5.2.15-k
[    1.905029] igb: Copyright (c) 2007-2014 Intel Corporation.
[    1.913391] pegasus: v0.9.3 (2013/04/25), Pegasus/Pegasus II USB Ethernet driver
[    1.921203] usbcore: registered new interface driver pegasus
[    1.927185] usbcore: registered new interface driver asix
[    1.932891] usbcore: registered new interface driver ax88179_178a
[    1.939331] usbcore: registered new interface driver cdc_ether
[    1.945495] usbcore: registered new interface driver smsc75xx
[    1.951599] usbcore: registered new interface driver smsc95xx
[    1.957672] usbcore: registered new interface driver net1080
[    1.963653] usbcore: registered new interface driver cdc_subset
[    1.969879] usbcore: registered new interface driver zaurus
[    1.975830] usbcore: registered new interface driver cdc_ncm
[    1.982208] ehci_hcd: USB 2.0 'Enhanced' Host Controller (EHCI) Driver
[    1.989044] ehci-pci: EHCI PCI platform driver
[    1.993743] ehci-platform: EHCI generic platform driver
[    1.999481] ehci-omap: OMAP-EHCI Host Controller driver
[    2.025451] ehci-omap 4a064c00.ehci: EHCI Host Controller
[    2.031127] ehci-omap 4a064c00.ehci: new USB bus registered, assigned bus number 1
[    2.039306] ehci-omap 4a064c00.ehci: irq 109, io mem 0x4a064c00
[    2.055175] ehci-omap 4a064c00.ehci: USB 2.0 started, EHCI 1.00
[    2.062286] hub 1-0:1.0: USB hub found
[    2.066284] hub 1-0:1.0: 3 ports detected
[    2.071166] ehci-orion: EHCI orion driver
[    2.075378] ------------[ cut here ]------------
[    2.075408] WARNING: CPU: 0 PID: 1 at fs/dcache.c:255 __d_free+0x34/0x40()
[    2.075408] Modules linked in:
[    2.075408] CPU: 0 PID: 1 Comm: swapper/0 Tainted: G        W      3.18.0-rc3-next-20141103-00002-gb3eef83 #1
[    2.075469] [<c0215a84>] (unwind_backtrace) from [<c02114a0>] (show_stack+0x10/0x14)
[    2.075500] [<c02114a0>] (show_stack) from [<c087c860>] (dump_stack+0x70/0x8c)
[    2.075531] [<c087c860>] (dump_stack) from [<c02481ac>] (warn_slowpath_common+0x64/0x84)
[    2.075531] [<c02481ac>] (warn_slowpath_common) from [<c02481e8>] (warn_slowpath_null+0x1c/0x24)
[    2.075561] [<c02481e8>] (warn_slowpath_null) from [<c0306d68>] (__d_free+0x34/0x40)
[    2.075592] [<c0306d68>] (__d_free) from [<c0288d4c>] (rcu_process_callbacks+0x320/0x544)
[    2.075622] [<c0288d4c>] (rcu_process_callbacks) from [<c024b140>] (__do_softirq+0xec/0x238)
[    2.075622] [<c024b140>] (__do_softirq) from [<c024b51c>] (irq_exit+0xa8/0x114)
[    2.075653] [<c024b51c>] (irq_exit) from [<c027f2ec>] (__handle_domain_irq+0x58/0x9c)
[    2.075653] [<c027f2ec>] (__handle_domain_irq) from [<c020895c>] (gic_handle_irq+0x2c/0x6c)
[    2.075683] [<c020895c>] (gic_handle_irq) from [<c0212000>] (__irq_svc+0x40/0x54)
[    2.075683] Exception stack(0xee067de8 to 0xee067e30)
[    2.075683] 7de0:                   00000000 00000000 00000001 00000585 60000113 00000006
[    2.075714] 7e00: 000000e9 00000000 00000000 c0d31888 00000000 c0c87034 60000113 ee067e30
[    2.075714] 7e20: c04f9ffc c027d854 60000113 ffffffff
[    2.075744] [<c0212000>] (__irq_svc) from [<c027d854>] (console_unlock+0x324/0x468)
[    2.075744] [<c027d854>] (console_unlock) from [<c027dd78>] (vprintk_emit+0x204/0x4b4)
[    2.075744] [<c027dd78>] (vprintk_emit) from [<c087a8f4>] (printk+0x34/0x44)
[    2.075775] [<c087a8f4>] (printk) from [<c0bc5f40>] (ehci_orion_init+0x1c/0x54)
[    2.075775] [<c0bc5f40>] (ehci_orion_init) from [<c0208cc4>] (do_one_initcall+0x80/0x1d0)
[    2.075805] [<c0208cc4>] (do_one_initcall) from [<c0b82d30>] (kernel_init_freeable+0x10c/0x1d8)
[    2.075836] [<c0b82d30>] (kernel_init_freeable) from [<c0878044>] (kernel_init+0x8/0xe4)
[    2.075866] [<c0878044>] (kernel_init) from [<c020e778>] (ret_from_fork+0x14/0x3c)
[    2.075866] ---[ end trace 7f5258dfc3c30060 ]---
[    2.290100] SPEAr-ehci: EHCI SPEAr driver
[    2.294525] tegra-ehci: Tegra EHCI driver
[    2.298980] ohci_hcd: USB 1.1 'Open' Host Controller (OHCI) Driver
[    2.305480] ohci-pci: OHCI PCI platform driver
[    2.310211] ohci-platform: OHCI generic platform driver
[    2.315887] ohci-omap3: OHCI OMAP3 driver
[    2.320373] ohci-omap3 4a064800.ohci: OHCI Host Controller
[    2.326141] ohci-omap3 4a064800.ohci: new USB bus registered, assigned bus number 2
[    2.334289] ohci-omap3 4a064800.ohci: irq 108, io mem 0x4a064800
[    2.415985] hub 2-0:1.0: USB hub found
[    2.419921] hub 2-0:1.0: 3 ports detected
[    2.424713] SPEAr-ohci: OHCI SPEAr driver
[    2.429809] usbcore: registered new interface driver usb-storage
[    2.438232] mousedev: PS/2 mouse device common for all mice
[    2.448364] i2c /dev entries driver
[    2.450164] ------------[ cut here ]------------
[    2.450195] WARNING: CPU: 0 PID: 0 at fs/dcache.c:255 __d_free+0x34/0x40()
[    2.450195] Modules linked in:
[    2.450195] CPU: 0 PID: 0 Comm: swapper/0 Tainted: G        W      3.18.0-rc3-next-20141103-00002-gb3eef83 #1
[    2.450225] [<c0215a84>] (unwind_backtrace) from [<c02114a0>] (show_stack+0x10/0x14)
[    2.450256] [<c02114a0>] (show_stack) from [<c087c860>] (dump_stack+0x70/0x8c)
[    2.450286] [<c087c860>] (dump_stack) from [<c02481ac>] (warn_slowpath_common+0x64/0x84)
[    2.450286] [<c02481ac>] (warn_slowpath_common) from [<c02481e8>] (warn_slowpath_null+0x1c/0x24)
[    2.450317] [<c02481e8>] (warn_slowpath_null) from [<c0306d68>] (__d_free+0x34/0x40)
[    2.450347] [<c0306d68>] (__d_free) from [<c0288d4c>] (rcu_process_callbacks+0x320/0x544)
[    2.450347] [<c0288d4c>] (rcu_process_callbacks) from [<c024b140>] (__do_softirq+0xec/0x238)
[    2.450378] [<c024b140>] (__do_softirq) from [<c024b51c>] (irq_exit+0xa8/0x114)
[    2.450408] [<c024b51c>] (irq_exit) from [<c027f2ec>] (__handle_domain_irq+0x58/0x9c)
[    2.450408] [<c027f2ec>] (__handle_domain_irq) from [<c020895c>] (gic_handle_irq+0x2c/0x6c)
[    2.450408] [<c020895c>] (gic_handle_irq) from [<c0212000>] (__irq_svc+0x40/0x54)
[    2.450439] Exception stack(0xc0c3bf68 to 0xc0c3bfb0)
[    2.450439] bf60:                   ffffffed 00000000 c0c3bfb8 c021ed60 c0c424fc c0c42498
[    2.450439] bf80: 00000000 c0c37840 00000000 ffffffed c0c36be8 00000000 00000000 c0c3bfb0
[    2.450439] bfa0: c020f22c c020f230 60000113 ffffffff
[    2.450469] [<c0212000>] (__irq_svc) from [<c020f230>] (arch_cpu_idle+0x30/0x3c)
[    2.450469] [<c020f230>] (arch_cpu_idle) from [<c0275248>] (cpu_startup_entry+0x238/0x278)
[    2.450500] [<c0275248>] (cpu_startup_entry) from [<c0b82bb8>] (start_kernel+0x32c/0x398)
[    2.450500] [<c0b82bb8>] (start_kernel) from [<80208074>] (0x80208074)
[    2.450531] ---[ end trace 7f5258dfc3c30061 ]---
[    2.470184] ------------[ cut here ]------------
[    2.470184] WARNING: CPU: 0 PID: 0 at fs/dcache.c:255 __d_free+0x34/0x40()
[    2.470184] Modules linked in:
[    2.470184] CPU: 0 PID: 0 Comm: swapper/0 Tainted: G        W      3.18.0-rc3-next-20141103-00002-gb3eef83 #1
[    2.470214] [<c0215a84>] (unwind_backtrace) from [<c02114a0>] (show_stack+0x10/0x14)
[    2.470245] [<c02114a0>] (show_stack) from [<c087c860>] (dump_stack+0x70/0x8c)
[    2.470245] [<c087c860>] (dump_stack) from [<c02481ac>] (warn_slowpath_common+0x64/0x84)
[    2.470275] [<c02481ac>] (warn_slowpath_common) from [<c02481e8>] (warn_slowpath_null+0x1c/0x24)
[    2.470275] [<c02481e8>] (warn_slowpath_null) from [<c0306d68>] (__d_free+0x34/0x40)
[    2.470306] [<c0306d68>] (__d_free) from [<c0288d4c>] (rcu_process_callbacks+0x320/0x544)
[    2.470306] [<c0288d4c>] (rcu_process_callbacks) from [<c024b140>] (__do_softirq+0xec/0x238)
[    2.470336] [<c024b140>] (__do_softirq) from [<c024b51c>] (irq_exit+0xa8/0x114)
[    2.470336] [<c024b51c>] (irq_exit) from [<c027f2ec>] (__handle_domain_irq+0x58/0x9c)
[    2.470367] [<c027f2ec>] (__handle_domain_irq) from [<c020895c>] (gic_handle_irq+0x2c/0x6c)
[    2.470367] [<c020895c>] (gic_handle_irq) from [<c0212000>] (__irq_svc+0x40/0x54)
[    2.470367] Exception stack(0xc0c3bf68 to 0xc0c3bfb0)
[    2.470367] bf60:                   ffffffed 00000000 c0c3bfb8 c021ed60 c0c424fc c0c42498
[    2.470397] bf80: 00000000 c0c37840 00000000 ffffffed c0c36be8 00000000 00000000 c0c3bfb0
[    2.470397] bfa0: c020f22c c020f230 60000113 ffffffff
[    2.470397] [<c0212000>] (__irq_svc) from [<c020f230>] (arch_cpu_idle+0x30/0x3c)
[    2.470428] [<c020f230>] (arch_cpu_idle) from [<c0275248>] (cpu_startup_entry+0x238/0x278)
[    2.470428] [<c0275248>] (cpu_startup_entry) from [<c0b82bb8>] (start_kernel+0x32c/0x398)
[    2.470458] [<c0b82bb8>] (start_kernel) from [<80208074>] (0x80208074)
[    2.470458] ---[ end trace 7f5258dfc3c30062 ]---
[    2.545196] usb 1-1: new high-speed USB device number 2 using ehci-omap
[    2.676239] hub 1-1:1.0: USB hub found
[    2.676300] hub 1-1:1.0: 5 ports detected
[    2.829986] usbcore: registered new interface driver uvcvideo
[    2.835968] USB Video Class driver (1.1.1)
[    2.840270] gspca_main: v2.14.0 registered
[    2.849884] Driver 'mmcblk' needs updating - please use bus_type methods
[    2.856994] sdhci: Secure Digital Host Controller Interface driver
[    2.863433] sdhci: Copyright(c) Pierre Ossman
[    2.869659] omap_hsmmc 4809c000.mmc: unable to get vmmc regulator -517
[    2.876556] platform 4809c000.mmc: Driver omap_hsmmc requests probe deferral
[    2.884307] omap_hsmmc 480d5000.mmc: unable to get vmmc regulator -517
[    2.891204] platform 480d5000.mmc: Driver omap_hsmmc requests probe deferral
[    2.899047] Synopsys Designware Multimedia Card Interface Driver
[    2.906616] sdhci-pltfm: SDHCI platform and OF driver helper
[    2.915100] ledtrig-cpu: registered to indicate activity on CPUs
[    2.921691] usbcore: registered new interface driver usbhid
[    2.927520] usbhid: USB HID core driver
[    2.939270] TCP: cubic registered
[    2.942779] NET: Registered protocol family 17
[    2.947448] can: controller area network core (rev 20120528 abi 9)
[    2.953979] NET: Registered protocol family 29
[    2.958648] can: raw protocol (rev 20120528)
[    2.963104] can: broadcast manager protocol (rev 20120528 t)
[    2.969055] can: netlink gateway (rev 20130117) max_hops=1
[    2.975311] Key type dns_resolver registered
[    2.980041] twl: not initialized
[    2.983428] twl6030_uv_to_vsel:OUT OF RANGE! non mapped vsel for 1375000 Vs max 1316660
[    2.991790] twl6030_uv_to_vsel:OUT OF RANGE! non mapped vsel for 1375000 Vs max 1316660
[    3.000183] twl6030_uv_to_vsel:OUT OF RANGE! non mapped vsel for 1375000 Vs max 1316660
[    3.008544] twl6030_uv_to_vsel:OUT OF RANGE! non mapped vsel for 1375000 Vs max 1316660
[    3.016906] twl6030_uv_to_vsel:OUT OF RANGE! non mapped vsel for 1375000 Vs max 1316660
[    3.025268] twl6030_uv_to_vsel:OUT OF RANGE! non mapped vsel for 1375000 Vs max 1316660
[    3.033630] twl6030_uv_to_vsel:OUT OF RANGE! non mapped vsel for 1410000 Vs max 1316660
[    3.041992] omap2_set_init_voltage: unable to find boot up OPP for vdd_mpu
[    3.049163] omap2_set_init_voltage: unable to set vdd_mpu
[    3.054809] omap2_set_init_voltage: unable to find boot up OPP for vdd_core
[    3.062072] omap2_set_init_voltage: unable to set vdd_core
[    3.067810] omap2_set_init_voltage: unable to find boot up OPP for vdd_iva
[    3.075012] omap2_set_init_voltage: unable to set vdd_iva
[    3.081176] Power Management for TI OMAP4+ devices.
[    3.086334] Power Management for TI OMAP4.
[    3.090637] OMAP4 PM: u-boot >= v2012.07 is required for full PM support
[    3.097747] ThumbEE CPU extension supported.
[    3.102569] Registering SWP/SWPB emulation handler
[    3.107971] usb 1-1.1: new high-speed USB device number 3 using ehci-omap
[    3.117980] Skipping twl internal clock init and using bootloader value (unknown osc rate)
[    3.127899] ------------[ cut here ]------------
[    3.127929] WARNING: CPU: 0 PID: 6 at fs/dcache.c:255 __d_free+0x34/0x40()
[    3.127960] Modules linked in:
[    3.127960] CPU: 0 PID: 6 Comm: kworker/u4:0 Tainted: G        W      3.18.0-rc3-next-20141103-00002-gb3eef83 #1
[    3.127990] Workqueue: deferwq deferred_probe_work_func
[    3.128051] [<c0215a84>] (unwind_backtrace) from [<c02114a0>] (show_stack+0x10/0x14)
[    3.128051] [<c02114a0>] (show_stack) from [<c087c860>] (dump_stack+0x70/0x8c)
[    3.128051] [<c087c860>] (dump_stack) from [<c02481ac>] (warn_slowpath_common+0x64/0x84)
[    3.128051] [<c02481ac>] (warn_slowpath_common) from [<c02481e8>] (warn_slowpath_null+0x1c/0x24)
[    3.128143] [<c02481e8>] (warn_slowpath_null) from [<c0306d68>] (__d_free+0x34/0x40)
[    3.128143] [<c0306d68>] (__d_free) from [<c0288d4c>] (rcu_process_callbacks+0x320/0x544)
[    3.128143] [<c0288d4c>] (rcu_process_callbacks) from [<c024b140>] (__do_softirq+0xec/0x238)
[    3.128143] [<c024b140>] (__do_softirq) from [<c024b51c>] (irq_exit+0xa8/0x114)
[    3.128143] [<c024b51c>] (irq_exit) from [<c027f2ec>] (__handle_domain_irq+0x58/0x9c)
[    3.128265] [<c027f2ec>] (__handle_domain_irq) from [<c020895c>] (gic_handle_irq+0x2c/0x6c)
[    3.128265] [<c020895c>] (gic_handle_irq) from [<c0212000>] (__irq_svc+0x40/0x54)
[    3.128265] Exception stack(0xee08fbd0 to 0xee08fc18)
[    3.128295] fbc0:                                     00000000 00000000 00000001 0000074d
[    3.128295] fbe0: 60000113 00000004 00000173 00000000 00000000 c0d31888 00000000 c0c87034
[    3.128295] fc00: 60000113 ee08fc18 c04f9ffc c027d854 60000113 ffffffff
[    3.128326] [<c0212000>] (__irq_svc) from [<c027d854>] (console_unlock+0x324/0x468)
[    3.128326] [<c027d854>] (console_unlock) from [<c027dd78>] (vprintk_emit+0x204/0x4b4)
[    3.128356] [<c027dd78>] (vprintk_emit) from [<c087a8f4>] (printk+0x34/0x44)
[    3.128356] [<c087a8f4>] (printk) from [<c057e7d8>] (twl_probe+0x7e4/0x838)
[    3.128356] [<c057e7d8>] (twl_probe) from [<c06c3a14>] (i2c_device_probe+0xe8/0x120)
[    3.128356] [<c06c3a14>] (i2c_device_probe) from [<c055de6c>] (driver_probe_device+0x114/0x234)
[    3.128448] [<c055de6c>] (driver_probe_device) from [<c055c7a4>] (bus_for_each_drv+0x5c/0x88)
[    3.128448] [<c055c7a4>] (bus_for_each_drv) from [<c055dd24>] (device_attach+0x70/0x88)
[    3.128479] [<c055dd24>] (device_attach) from [<c055d480>] (bus_probe_device+0x84/0xa8)
[    3.128479] [<c055d480>] (bus_probe_device) from [<c055baa0>] (device_add+0x3a8/0x4d8)
[    3.128509] [<c055baa0>] (device_add) from [<c06c41c0>] (i2c_new_device+0xfc/0x16c)
[    3.128509] [<c06c41c0>] (i2c_new_device) from [<c06c46cc>] (i2c_register_adapter+0x278/0x488)
[    3.128540] [<c06c46cc>] (i2c_register_adapter) from [<c06ccae4>] (omap_i2c_probe+0x488/0x640)
[    3.128570] [<c06ccae4>] (omap_i2c_probe) from [<c055f2a8>] (platform_drv_probe+0x48/0x98)
[    3.128570] [<c055f2a8>] (platform_drv_probe) from [<c055de6c>] (driver_probe_device+0x114/0x234)
[    3.128601] [<c055de6c>] (driver_probe_device) from [<c055c7a4>] (bus_for_each_drv+0x5c/0x88)
[    3.128601] [<c055c7a4>] (bus_for_each_drv) from [<c055dd24>] (device_attach+0x70/0x88)
[    3.128631] [<c055dd24>] (device_attach) from [<c055d480>] (bus_probe_device+0x84/0xa8)
[    3.128631] [<c055d480>] (bus_probe_device) from [<c055d850>] (deferred_probe_work_func+0x5c/0x88)
[    3.128662] [<c055d850>] (deferred_probe_work_func) from [<c025ad58>] (process_one_work+0x134/0x328)
[    3.128662] [<c025ad58>] (process_one_work) from [<c025afb0>] (worker_thread+0x30/0x49c)
[    3.128692] [<c025afb0>] (worker_thread) from [<c025f554>] (kthread+0xd8/0xf4)
[    3.128692] [<c025f554>] (kthread) from [<c020e778>] (ret_from_fork+0x14/0x3c)
[    3.128723] ---[ end trace 7f5258dfc3c30064 ]---
[    3.480194] ------------[ cut here ]------------
[    3.480224] WARNING: CPU: 1 PID: 0 at fs/dcache.c:255 __d_free+0x34/0x40()
[    3.492218] Modules linked in:
[    3.495452] CPU: 1 PID: 0 Comm: swapper/1 Tainted: G        W      3.18.0-rc3-next-20141103-00002-gb3eef83 #1
[    3.497894] [<c0215a84>] (unwind_backtrace) from [<c02114a0>] (show_stack+0x10/0x14)
[    3.513977] [<c02114a0>] (show_stack) from [<c087c860>] (dump_stack+0x70/0x8c)
[    3.521545] [<c087c860>] (dump_stack) from [<c02481ac>] (warn_slowpath_common+0x64/0x84)
[    3.530029] [<c02481ac>] (warn_slowpath_common) from [<c02481e8>] (warn_slowpath_null+0x1c/0x24)
[    3.539245] [<c02481e8>] (warn_slowpath_null) from [<c0306d68>] (__d_free+0x34/0x40)
[    3.539245] [<c0306d68>] (__d_free) from [<c0288d4c>] (rcu_process_callbacks+0x320/0x544)
[    3.539245] [<c0288d4c>] (rcu_process_callbacks) from [<c024b140>] (__do_softirq+0xec/0x238)
[    3.564758] [<c024b140>] (__do_softirq) from [<c024b51c>] (irq_exit+0xa8/0x114)
[    3.572418] [<c024b51c>] (irq_exit) from [<c027f2ec>] (__handle_domain_irq+0x58/0x9c)
[    3.580627] [<c027f2ec>] (__handle_domain_irq) from [<c020895c>] (gic_handle_irq+0x2c/0x6c)
[    3.580627] [<c020895c>] (gic_handle_irq) from [<c0212000>] (__irq_svc+0x40/0x54)
[    3.597198] Exception stack(0xee099f40 to 0xee099f88)
[    3.602478] 9f40: 00000000 c0c4b860 00000000 c0c4b860 cf204f84 00000000 eefb9bf0 00000000
[    3.611053] 9f60: cf204f84 00000000 c0d6e898 ffffffff 00000010 ee099f88 c070fb34 c070fb40
[    3.611053] 9f80: 60000113 ffffffff
[    3.611053] [<c0212000>] (__irq_svc) from [<c070fb40>] (cpuidle_enter_state+0x68/0x104)
[    3.611053] [<c070fb40>] (cpuidle_enter_state) from [<c0711808>] (cpuidle_enter_state_coupled+0x128/0x348)
[    3.641754] [<c0711808>] (cpuidle_enter_state_coupled) from [<c02751c0>] (cpu_startup_entry+0x1b0/0x278)
[    3.651702] [<c02751c0>] (cpu_startup_entry) from [<80208ac4>] (0x80208ac4)
[    3.658996] ---[ end trace 7f5258dfc3c30065 ]---
[    3.663970] twl 0-0048: PIH (irq 39) nested IRQs
[    3.670166] twl_rtc 48070000.i2c:twl@48:rtc: Power up reset detected.
[    3.677368] hw-breakpoint: Failed to enable monitor mode on CPU 0.
[    3.684936] twl_rtc 48070000.i2c:twl@48:rtc: Enabling TWL-RTC
[    3.690979] smsc95xx v1.0.4
[    3.697296] twl_rtc 48070000.i2c:twl@48:rtc: rtc core: registered 48070000.i2c:twl@48 as rtc0
[    3.720306] omap_i2c 48070000.i2c: bus 0 rev0.10 at 400 kHz
[    3.727325] omap_i2c 48072000.i2c: bus 1 rev0.10 at 400 kHz
[    3.734283] omap_i2c 48060000.i2c: bus 2 rev0.10 at 100 kHz
[    3.736022] ------------[ cut here ]------------
[    3.736053] WARNING: CPU: 1 PID: 0 at fs/dcache.c:255 __d_free+0x34/0x40()
[    3.736083] Modules linked in:
[    3.736083] CPU: 1 PID: 0 Comm: swapper/1 Tainted: G        W      3.18.0-rc3-next-20141103-00002-gb3eef83 #1
[    3.736145] [<c0215a84>] (unwind_backtrace) from [<c02114a0>] (show_stack+0x10/0x14)
[    3.736145] [<c02114a0>] (show_stack) from [<c087c860>] (dump_stack+0x70/0x8c)
[    3.736145] [<c087c860>] (dump_stack) from [<c02481ac>] (warn_slowpath_common+0x64/0x84)
[    3.736206] [<c02481ac>] (warn_slowpath_common) from [<c02481e8>] (warn_slowpath_null+0x1c/0x24)
[    3.736206] [<c02481e8>] (warn_slowpath_null) from [<c0306d68>] (__d_free+0x34/0x40)
[    3.736206] [<c0306d68>] (__d_free) from [<c0288d4c>] (rcu_process_callbacks+0x320/0x544)
[    3.736267] [<c0288d4c>] (rcu_process_callbacks) from [<c024b140>] (__do_softirq+0xec/0x238)
[    3.736267] [<c024b140>] (__do_softirq) from [<c024b51c>] (irq_exit+0xa8/0x114)
[    3.736267] [<c024b51c>] (irq_exit) from [<c027f2ec>] (__handle_domain_irq+0x58/0x9c)
[    3.736328] [<c027f2ec>] (__handle_domain_irq) from [<c020895c>] (gic_handle_irq+0x2c/0x6c)
[    3.736328] [<c020895c>] (gic_handle_irq) from [<c0212000>] (__irq_svc+0x40/0x54)
[    3.736328] Exception stack(0xee099f78 to 0xee099fc0)
[    3.736358] 9f60:                                                       00000000 c0c4b860
[    3.736358] 9f80: 00000000 c0c4b860 de53d78d 00000000 eefb9bf0 00000000 de46567b 00000000
[    3.736358] 9fa0: c0c36be8 c0c4b860 00000010 ee099fc0 c070fb34 c070fb40 60000153 ffffffff
[    3.736389] [<c0212000>] (__irq_svc) from [<c070fb40>] (cpuidle_enter_state+0x68/0x104)
[    3.736419] [<c070fb40>] (cpuidle_enter_state) from [<c02751c0>] (cpu_startup_entry+0x1b0/0x278)
[    3.736419] [<c02751c0>] (cpu_startup_entry) from [<80208ac4>] (0x80208ac4)
[    3.736419] ---[ end trace 7f5258dfc3c30066 ]---
[    3.918792] omap_i2c 48350000.i2c: bus 3 rev0.10 at 400 kHz
[    3.931488] ------------[ cut here ]------------
[    3.936035] smsc95xx 1-1.1:1.0 eth0: register 'smsc95xx' at usb-4a064c00.ehci-1.1, smsc95xx USB 2.0 Ethernet, f6:87:c4:c3:55:f6
[    3.946472] WARNING: CPU: 1 PID: 0 at fs/dcache.c:255 __d_free+0x34/0x40()
[    3.955566] Modules linked in:
[    3.958770] CPU: 1 PID: 0 Comm: swapper/1 Tainted: G        W      3.18.0-rc3-next-20141103-00002-gb3eef83 #1
[    3.969146] [<c0215a84>] (unwind_backtrace) from [<c02114a0>] (show_stack+0x10/0x14)
[    3.977294] [<c02114a0>] (show_stack) from [<c087c860>] (dump_stack+0x70/0x8c)
[    3.984893] [<c087c860>] (dump_stack) from [<c02481ac>] (warn_slowpath_common+0x64/0x84)
[    3.993408] [<c02481ac>] (warn_slowpath_common) from [<c02481e8>] (warn_slowpath_null+0x1c/0x24)
[    4.000152] [<c02481e8>] (warn_slowpath_null) from [<c0306d68>] (__d_free+0x34/0x40)
[    4.010711] [<c0306d68>] (__d_free) from [<c0288d4c>] (rcu_process_callbacks+0x320/0x544)
[    4.019317] [<c0288d4c>] (rcu_process_callbacks) from [<c024b140>] (__do_softirq+0xec/0x238)
[    4.028167] [<c024b140>] (__do_softirq) from [<c024b51c>] (irq_exit+0xa8/0x114)
[    4.035827] [<c024b51c>] (irq_exit) from [<c027f2ec>] (__handle_domain_irq+0x58/0x9c)
[    4.044067] [<c027f2ec>] (__handle_domain_irq) from [<c020895c>] (gic_handle_irq+0x2c/0x6c)
[    4.052825] [<c020895c>] (gic_handle_irq) from [<c0212000>] (__irq_svc+0x40/0x54)
[    4.060638] Exception stack(0xee099f78 to 0xee099fc0)
[    4.065948] 9f60:                                                       00000000 c0c4b860
[    4.074493] 9f80: 00000000 c0c4b860 ea06f9b3 00000000 eefb9bf0 00000000 e9deedb3 00000000
[    4.083068] 9fa0: c0c36be8 c0c4b860 00000010 ee099fc0 c070fb34 c070fb40 60000153 ffffffff
[    4.091674] [<c0212000>] (__irq_svc) from [<c070fb40>] (cpuidle_enter_state+0x68/0x104)
[    4.091705] twl_rtc 48070000.i2c:twl@48:rtc: setting system clock to 2000-01-01 00:00:00 UTC (946684800)
[    4.110046] [<c070fb40>] (cpuidle_enter_state) from [<c02751c0>] (cpu_startup_entry+0x1b0/0x278)
[    4.119262] [<c02751c0>] (cpu_startup_entry) from [<80208ac4>] (0x80208ac4)
[    4.126556] ---[ end trace 7f5258dfc3c30067 ]---
[    4.161621] smsc95xx 1-1.1:1.0 eth0: hardware isn't capable of remote wakeup
[    4.178497] mmc0: host does not support reading read-only switch, assuming write-enable
[    4.189025] mmc0: new high speed SD card at address d198
[    4.195098] mmcblk0: mmc0:d198 SD02G 1.83 GiB 
[    4.201049]  mmcblk0: p1 p2
[    4.210845] hw-breakpoint: CPU 0 failed to disable vector catch
[    5.836059] smsc95xx 1-1.1:1.0 eth0: link up, 100Mbps, full-duplex, lpa 0xC5E1
[    5.850189] Sending DHCP requests ., OK
[    6.930114] IP-Config: Got DHCP answer from 192.168.1.254, my address is 192.168.1.165
[    6.938446] IP-Config: Complete:
[    6.941986]      device=eth0, hwaddr=f6:87:c4:c3:55:f6, ipaddr=192.168.1.165, mask=255.255.255.0, gw=192.168.1.254
[    6.952819]      host=192.168.1.165, domain=ti.com, nis-domain=(none)
[    6.959564]      bootserver=192.168.1.254, rootserver=192.168.1.254, rootpath=
[    6.966949]      nameserver0=192.0.2.2, nameserver1=192.0.2.3
[    6.973724] VUSB: disabling
[    6.977539] VANA: disabling
[    6.980926] VDAC: disabling
[    6.985656] vwl1271: disabling
[    6.988922] ALSA device list:
[    6.992248]   No soundcards found.
[    6.997650] EXT4-fs (mmcblk0p2): mounting ext3 file system using the ext4 subsystem
[    7.010192] ------------[ cut here ]------------
[    7.010192] WARNING: CPU: 0 PID: 0 at fs/dcache.c:255 __d_free+0x34/0x40()
[    7.022277] Modules linked in:
[    7.025299] CPU: 0 PID: 0 Comm: swapper/0 Tainted: G        W      3.18.0-rc3-next-20141103-00002-gb3eef83 #1
[    7.035949] [<c0215a84>] (unwind_backtrace) from [<c02114a0>] (show_stack+0x10/0x14)
[    7.035949] [<c02114a0>] (show_stack) from [<c087c860>] (dump_stack+0x70/0x8c)
[    7.051635] [<c087c860>] (dump_stack) from [<c02481ac>] (warn_slowpath_common+0x64/0x84)
[    7.051635] [<c02481ac>] (warn_slowpath_common) from [<c02481e8>] (warn_slowpath_null+0x1c/0x24)
[    7.069366] [<c02481e8>] (warn_slowpath_null) from [<c0306d68>] (__d_free+0x34/0x40)
[    7.069366] [<c0306d68>] (__d_free) from [<c0288d4c>] (rcu_process_callbacks+0x320/0x544)
[    7.086059] [<c0288d4c>] (rcu_process_callbacks) from [<c024b140>] (__do_softirq+0xec/0x238)
[    7.094909] [<c024b140>] (__do_softirq) from [<c024b51c>] (irq_exit+0xa8/0x114)
[    7.102600] [<c024b51c>] (irq_exit) from [<c027f2ec>] (__handle_domain_irq+0x58/0x9c)
[    7.105102] [<c027f2ec>] (__handle_domain_irq) from [<c020895c>] (gic_handle_irq+0x2c/0x6c)
[    7.119537] [<c020895c>] (gic_handle_irq) from [<c0212000>] (__irq_svc+0x40/0x54)
[    7.127380] Exception stack(0xc0c3bf48 to 0xc0c3bf90)
[    7.132690] bf40:                   00000000 c0c4b860 00000000 c0c4b860 a183a05d 00000001
[    7.132690] bf60: eefafbf0 00000000 a1832927 00000001 c0c36be8 c0c4b860 00000010 c0c3bf90
[    7.149810] bf80: c070fb34 c070fb40 60000153 ffffffff
[    7.155120] [<c0212000>] (__irq_svc) from [<c070fb40>] (cpuidle_enter_state+0x68/0x104)
[    7.163513] [<c070fb40>] (cpuidle_enter_state) from [<c02751c0>] (cpu_startup_entry+0x1b0/0x278)
[    7.163513] [<c02751c0>] (cpu_startup_entry) from [<c0b82bb8>] (start_kernel+0x32c/0x398)
[    7.163513] [<c0b82bb8>] (start_kernel) from [<80208074>] (0x80208074)
[    7.188110] ---[ end trace 7f5258dfc3c30068 ]---
[    7.192962] ------------[ cut here ]------------
[    7.192962] WARNING: CPU: 0 PID: 0 at fs/dcache.c:255 __d_free+0x34/0x40()
[    7.197814] Modules linked in:
[    7.208221] CPU: 0 PID: 0 Comm: swapper/0 Tainted: G        W      3.18.0-rc3-next-20141103-00002-gb3eef83 #1
[    7.208221] [<c0215a84>] (unwind_backtrace) from [<c02114a0>] (show_stack+0x10/0x14)
[    7.226715] [<c02114a0>] (show_stack) from [<c087c860>] (dump_stack+0x70/0x8c)
[    7.234313] [<c087c860>] (dump_stack) from [<c02481ac>] (warn_slowpath_common+0x64/0x84)
[    7.242797] [<c02481ac>] (warn_slowpath_common) from [<c02481e8>] (warn_slowpath_null+0x1c/0x24)
[    7.242797] [<c02481e8>] (warn_slowpath_null) from [<c0306d68>] (__d_free+0x34/0x40)
[    7.260101] [<c0306d68>] (__d_free) from [<c0288d4c>] (rcu_process_callbacks+0x320/0x544)
[    7.260101] [<c0288d4c>] (rcu_process_callbacks) from [<c024b140>] (__do_softirq+0xec/0x238)
[    7.277526] [<c024b140>] (__do_softirq) from [<c024b51c>] (irq_exit+0xa8/0x114)
[    7.285186] [<c024b51c>] (irq_exit) from [<c027f2ec>] (__handle_domain_irq+0x58/0x9c)
[    7.293395] [<c027f2ec>] (__handle_domain_irq) from [<c020895c>] (gic_handle_irq+0x2c/0x6c)
[    7.302154] [<c020895c>] (gic_handle_irq) from [<c0212000>] (__irq_svc+0x40/0x54)
[    7.309997] Exception stack(0xc0c3bf48 to 0xc0c3bf90)
[    7.315307] bf40:                   00000000 c0c4b860 00000000 c0c4b860 a183a05d 00000001
[    7.315307] bf60: eefafbf0 00000000 a1832927 00000001 c0c36be8 c0c4b860 00000010 c0c3bf90
[    7.332427] bf80: c070fb34 c070fb40 60000153 ffffffff
[    7.337738] [<c0212000>] (__irq_svc) from [<c070fb40>] (cpuidle_enter_state+0x68/0x104)
[    7.346130] [<c070fb40>] (cpuidle_enter_state) from [<c02751c0>] (cpu_startup_entry+0x1b0/0x278)
[    7.355346] [<c02751c0>] (cpu_startup_entry) from [<c0b82bb8>] (start_kernel+0x32c/0x398)
[    7.363922] [<c0b82bb8>] (start_kernel) from [<80208074>] (0x80208074)
[    7.370758] ---[ end trace 7f5258dfc3c30069 ]---
[    7.370758] ------------[ cut here ]------------
[    7.380432] WARNING: CPU: 0 PID: 0 at fs/dcache.c:255 __d_free+0x34/0x40()
[    7.380432] Modules linked in:
[    7.380432] CPU: 0 PID: 0 Comm: swapper/0 Tainted: G        W      3.18.0-rc3-next-20141103-00002-gb3eef83 #1
[    7.401214] [<c0215a84>] (unwind_backtrace) from [<c02114a0>] (show_stack+0x10/0x14)
[    7.409332] [<c02114a0>] (show_stack) from [<c087c860>] (dump_stack+0x70/0x8c)
[    7.416900] [<c087c860>] (dump_stack) from [<c02481ac>] (warn_slowpath_common+0x64/0x84)
[    7.425384] [<c02481ac>] (warn_slowpath_common) from [<c02481e8>] (warn_slowpath_null+0x1c/0x24)
[    7.434570] [<c02481e8>] (warn_slowpath_null) from [<c0306d68>] (__d_free+0x34/0x40)
[    7.442687] [<c0306d68>] (__d_free) from [<c0288d4c>] (rcu_process_callbacks+0x320/0x544)
[    7.451263] [<c0288d4c>] (rcu_process_callbacks) from [<c024b140>] (__do_softirq+0xec/0x238)
[    7.460113] [<c024b140>] (__do_softirq) from [<c024b51c>] (irq_exit+0xa8/0x114)
[    7.467773] [<c024b51c>] (irq_exit) from [<c027f2ec>] (__handle_domain_irq+0x58/0x9c)
[    7.475982] [<c027f2ec>] (__handle_domain_irq) from [<c020895c>] (gic_handle_irq+0x2c/0x6c)
[    7.484741] [<c020895c>] (gic_handle_irq) from [<c0212000>] (__irq_svc+0x40/0x54)
[    7.484741] Exception stack(0xc0c3bf48 to 0xc0c3bf90)
[    7.497863] bf40:                   00000000 c0c4b860 00000000 c0c4b860 a183a05d 00000001
[    7.497863] bf60: eefafbf0 00000000 a1832927 00000001 c0c36be8 c0c4b860 00000010 c0c3bf90
[    7.514984] bf80: c070fb34 c070fb40 60000153 ffffffff
[    7.520294] [<c0212000>] (__irq_svc) from [<c070fb40>] (cpuidle_enter_state+0x68/0x104)
[    7.528686] [<c070fb40>] (cpuidle_enter_state) from [<c02751c0>] (cpu_startup_entry+0x1b0/0x278)
[    7.537902] [<c02751c0>] (cpu_startup_entry) from [<c0b82bb8>] (start_kernel+0x32c/0x398)
[    7.537902] [<c0b82bb8>] (start_kernel) from [<80208074>] (0x80208074)
[    7.553283] ---[ end trace 7f5258dfc3c3006a ]---
[    7.558135] ------------[ cut here ]------------
[    7.558135] WARNING: CPU: 0 PID: 0 at fs/dcache.c:255 __d_free+0x34/0x40()
[    7.570159] Modules linked in:
[    7.570159] CPU: 0 PID: 0 Comm: swapper/0 Tainted: G        W      3.18.0-rc3-next-20141103-00002-gb3eef83 #1
[    7.583740] [<c0215a84>] (unwind_backtrace) from [<c02114a0>] (show_stack+0x10/0x14)
[    7.583740] [<c02114a0>] (show_stack) from [<c087c860>] (dump_stack+0x70/0x8c)
[    7.599456] [<c087c860>] (dump_stack) from [<c02481ac>] (warn_slowpath_common+0x64/0x84)
[    7.607940] [<c02481ac>] (warn_slowpath_common) from [<c02481e8>] (warn_slowpath_null+0x1c/0x24)
[    7.617156] [<c02481e8>] (warn_slowpath_null) from [<c0306d68>] (__d_free+0x34/0x40)
[    7.617156] [<c0306d68>] (__d_free) from [<c0288d4c>] (rcu_process_callbacks+0x320/0x544)
[    7.633819] [<c0288d4c>] (rcu_process_callbacks) from [<c024b140>] (__do_softirq+0xec/0x238)
[    7.642669] [<c024b140>] (__do_softirq) from [<c024b51c>] (irq_exit+0xa8/0x114)
[    7.650329] [<c024b51c>] (irq_exit) from [<c027f2ec>] (__handle_domain_irq+0x58/0x9c)
[    7.658538] [<c027f2ec>] (__handle_domain_irq) from [<c020895c>] (gic_handle_irq+0x2c/0x6c)
[    7.667297] [<c020895c>] (gic_handle_irq) from [<c0212000>] (__irq_svc+0x40/0x54)
[    7.667297] Exception stack(0xc0c3bf48 to 0xc0c3bf90)
[    7.680419] bf40:                   00000000 c0c4b860 00000000 c0c4b860 a183a05d 00000001
[    7.680419] bf60: eefafbf0 00000000 a1832927 00000001 c0c36be8 c0c4b860 00000010 c0c3bf90
[    7.697540] bf80: c070fb34 c070fb40 60000153 ffffffff
[    7.697540] [<c0212000>] (__irq_svc) from [<c070fb40>] (cpuidle_enter_state+0x68/0x104)
[    7.711212] [<c070fb40>] (cpuidle_enter_state) from [<c02751c0>] (cpu_startup_entry+0x1b0/0x278)
[    7.720428] [<c02751c0>] (cpu_startup_entry) from [<c0b82bb8>] (start_kernel+0x32c/0x398)
[    7.720428] [<c0b82bb8>] (start_kernel) from [<80208074>] (0x80208074)
[    7.735809] ---[ end trace 7f5258dfc3c3006b ]---
[    7.742065] EXT4-fs (mmcblk0p2): warning: mounting fs with errors, running e2fsck is recommended
[    7.936065] EXT4-fs (mmcblk0p2): mounted filesystem with ordered data mode. Opts: (null)
[    7.945037] VFS: Mounted root (ext3 filesystem) on device 179:2.
[    7.960784] devtmpfs: mounted
[    7.960845] Freeing unused kernel memory: 736K (c0b82000 - c0c3a000)
INIT: version 2.88 booting
[    8.138854] ------------[ cut here ]------------
[    8.143707] WARNING: CPU: 0 PID: 0 at fs/dcache.c:255 __d_free+0x34/0x40()
[    8.150939] Modules linked in:
[    8.150939] CPU: 0 PID: 0 Comm: swapper/0 Tainted: G        W      3.18.0-rc3-next-20141103-00002-gb3eef83 #1
[    8.164520] [<c0215a84>] (unwind_backtrace) from [<c02114a0>] (show_stack+0x10/0x14)
[    8.170166] [<c02114a0>] (show_stack) from [<c087c860>] (dump_stack+0x70/0x8c)
[    8.180297] [<c087c860>] (dump_stack) from [<c02481ac>] (warn_slowpath_common+0x64/0x84)
[    8.180297] [<c02481ac>] (warn_slowpath_common) from [<c02481e8>] (warn_slowpath_null+0x1c/0x24)
[    8.197998] [<c02481e8>] (warn_slowpath_null) from [<c0306d68>] (__d_free+0x34/0x40)
[    8.197998] [<c0306d68>] (__d_free) from [<c0288d4c>] (rcu_process_callbacks+0x320/0x544)
[    8.197998] [<c0288d4c>] (rcu_process_callbacks) from [<c024b140>] (__do_softirq+0xec/0x238)
[    8.223541] [<c024b140>] (__do_softirq) from [<c024b51c>] (irq_exit+0xa8/0x114)
[    8.223541] [<c024b51c>] (irq_exit) from [<c027f2ec>] (__handle_domain_irq+0x58/0x9c)
[    8.239440] [<c027f2ec>] (__handle_domain_irq) from [<c020895c>] (gic_handle_irq+0x2c/0x6c)
[    8.240875] [<c020895c>] (gic_handle_irq) from [<c0212000>] (__irq_svc+0x40/0x54)
[    8.248199] Exception stack(0xc0c3bf48 to 0xc0c3bf90)
[    8.248199] bf40:                   00000000 c0c4b860 00000000 c0c4b860 e4cbf8c6 00000001
[    8.269866] bf60: eefafbf0 00000000 e4cbf8c6 00000001 c0c36be8 c0c4b860 00000010 c0c3bf90
[    8.278442] bf80: c070fb34 c070fb40 600f0113 ffffffff
[    8.283752] [<c0212000>] (__irq_svc) from [<c070fb40>] (cpuidle_enter_state+0x68/0x104)
[    8.292144] [<c070fb40>] (cpuidle_enter_state) from [<c02751c0>] (cpu_startup_entry+0x1b0/0x278)
[    8.292144] [<c02751c0>] (cpu_startup_entry) from [<c0b82bb8>] (start_kernel+0x32c/0x398)
[    8.292144] ---[ end trace 7f5258dfc3c3006c ]---
[    8.440246] ------------[ cut here ]------------
[    8.440246] WARNING: CPU: 1 PID: 61 at fs/dcache.c:255 __d_free+0x34/0x40()
[    8.452392] Modules linked in:
[    8.455627] CPU: 1 PID: 61 Comm: rc Tainted: G        W      3.18.0-rc3-next-20141103-00002-gb3eef83 #1
[    8.465515] [<c0215a84>] (unwind_backtrace) from [<c02114a0>] (show_stack+0x10/0x14)
[    8.467437] [<c02114a0>] (show_stack) from [<c087c860>] (dump_stack+0x70/0x8c)
[    8.481201] [<c087c860>] (dump_stack) from [<c02481ac>] (warn_slowpath_common+0x64/0x84)
[    8.489715] [<c02481ac>] (warn_slowpath_common) from [<c02481e8>] (warn_slowpath_null+0x1c/0x24)
[    8.498931] [<c02481e8>] (warn_slowpath_null) from [<c0306d68>] (__d_free+0x34/0x40)
[    8.507049] [<c0306d68>] (__d_free) from [<c0288d4c>] (rcu_process_callbacks+0x320/0x544)
[    8.515624] [<c0288d4c>] (rcu_process_callbacks) from [<c024b140>] (__do_softirq+0xec/0x238)
[    8.524505] [<c024b140>] (__do_softirq) from [<c024b51c>] (irq_exit+0xa8/0x114)
[    8.532165] [<c024b51c>] (irq_exit) from [<c027f2ec>] (__handle_domain_irq+0x58/0x9c)
[    8.540405] [<c027f2ec>] (__handle_domain_irq) from [<c020895c>] (gic_handle_irq+0x2c/0x6c)
[    8.549163] [<c020895c>] (gic_handle_irq) from [<c02122a4>] (__irq_usr+0x44/0x60)
[    8.557006] Exception stack(0xee5dffb0 to 0xee5dfff8)
[    8.562286] ffa0:                                     00000001 00000000 00000000 000c1808
[    8.570861] ffc0: 000b39c0 000b39c0 000b633c 00000000 000b632c 000b39c0 0000002a 0000002d
[    8.579437] ffe0: 0000002a beb1f298 00022c60 00021028 200f0010 ffffffff
[    8.586364] ---[ end trace 7f5258dfc3c3006d ]---
[    8.620178] ------------[ cut here ]------------
[    8.620208] WARNING: CPU: 0 PID: 67 at fs/dcache.c:255 __d_free+0x34/0x40()
[    8.632354] Modules linked in:
[    8.635589] CPU: 0 PID: 67 Comm: rc Tainted: G        W      3.18.0-rc3-next-20141103-00002-gb3eef83 #1
[    8.645416] [<c0215a84>] (unwind_backtrace) from [<c02114a0>] (show_stack+0x10/0x14)
[    8.653594] [<c02114a0>] (show_stack) from [<c087c860>] (dump_stack+0x70/0x8c)
[    8.661193] [<c087c860>] (dump_stack) from [<c02481ac>] (warn_slowpath_common+0x64/0x84)
[    8.669647] [<c02481ac>] (warn_slowpath_common) from [<c02481e8>] (warn_slowpath_null+0x1c/0x24)
[    8.678863] [<c02481e8>] (warn_slowpath_null) from [<c0306d68>] (__d_free+0x34/0x40)
[    8.686981] [<c0306d68>] (__d_free) from [<c0288d4c>] (rcu_process_callbacks+0x320/0x544)
[    8.695587] [<c0288d4c>] (rcu_process_callbacks) from [<c024b140>] (__do_softirq+0xec/0x238)
[    8.704437] [<c024b140>] (__do_softirq) from [<c024b51c>] (irq_exit+0xa8/0x114)
[    8.712066] [<c024b51c>] (irq_exit) from [<c027f2ec>] (__handle_domain_irq+0x58/0x9c)
[    8.720306] [<c027f2ec>] (__handle_domain_irq) from [<c020895c>] (gic_handle_irq+0x2c/0x6c)
[    8.729064] [<c020895c>] (gic_handle_irq) from [<c02122a4>] (__irq_usr+0x44/0x60)
[    8.735168] Exception stack(0xee5f7fb0 to 0xee5f7ff8)
[    8.742187] 7fa0:                                     000bda88 000025c0 00000062 000bb4d4
[    8.748138] 7fc0: 000bb448 000bb4c8 00000006 000c91a0 000bf620 000b4d64 00000000 000bb4c8
[    8.759307] 7fe0: 000af264 beb1eb40 00031b70 b6e50a16 200f0130 ffffffff
[    8.766235] ---[ end trace 7f5258dfc3c3006e ]---
[    8.775726] ------------[ cut here ]------------
[    8.780639] WARNING: CPU: 1 PID: 68 at fs/dcache.c:255 __d_free+0x34/0x40()
[    8.788055] Modules linked in:
[    8.788055] CPU: 1 PID: 68 Comm: rc Tainted: G        W      3.18.0-rc3-next-20141103-00002-gb3eef83 #1
[    8.788055] [<c0215a84>] (unwind_backtrace) from [<c02114a0>] (show_stack+0x10/0x14)
[    8.788055] [<c02114a0>] (show_stack) from [<c087c860>] (dump_stack+0x70/0x8c)
[    8.788055] [<c087c860>] (dump_stack) from [<c02481ac>] (warn_slowpath_common+0x64/0x84)
[    8.788208] [<c02481ac>] (warn_slowpath_common) from [<c02481e8>] (warn_slowpath_null+0x1c/0x24)
[    8.788208] [<c02481e8>] (warn_slowpath_null) from [<c0306d68>] (__d_free+0x34/0x40)
[    8.788208] [<c0306d68>] (__d_free) from [<c0288d4c>] (rcu_process_callbacks+0x320/0x544)
[    8.788269] [<c0288d4c>] (rcu_process_callbacks) from [<c024b140>] (__do_softirq+0xec/0x238)
[    8.788299] [<c024b140>] (__do_softirq) from [<c024b51c>] (irq_exit+0xa8/0x114)
[    8.788330] [<c024b51c>] (irq_exit) from [<c027f2ec>] (__handle_domain_irq+0x58/0x9c)
[    8.788330] [<c027f2ec>] (__handle_domain_irq) from [<c020895c>] (gic_handle_irq+0x2c/0x6c)
[    8.788360] [<c020895c>] (gic_handle_irq) from [<c0212000>] (__irq_svc+0x40/0x54)
[    8.788360] Exception stack(0xee5f5f48 to 0xee5f5f90)
[    8.788360] 5f40:                   ee50f600 0000002f ee4b174c 00000019 ee4b1700 00000004
[    8.788391] 5f60: 00000000 00000006 c020e864 ee5f4000 00000000 000c9368 0000003f ee5f5f90
[    8.788391] 5f80: c030d904 c030d9a4 800f0113 ffffffff
[    8.788391] [<c0212000>] (__irq_svc) from [<c030d9a4>] (__close_fd+0xb4/0xe4)
[    8.788452] [<c030d9a4>] (__close_fd) from [<c02f32b0>] (SyS_close+0x20/0x50)
/dev/ttyO2 linked to /dev/tty-bd - using as cons[    8.788452] [<c02f32b0>] (SyS_close) from [<c020e6e0>] (ret_fast_syscall+0x0/0x30)
[    8.788452] ---[ end trace 7f5258dfc3c3006f ]---
[    8.920989] ------------[ cut here ]------------
[    8.920989] WARNING: CPU: 0 PID: 66 at fs/dcache.c:255 __d_free+0x34/0x40()
[    8.920989] Modules linked in:
[    8.920989] CPU: 0 PID: 66 Comm: psplash Tainted: G        W      3.18.0-rc3-next-20141103-00002-gb3eef83 #1
[    8.920989] [<c0215a84>] (unwind_backtrace) from [<c02114a0>] (show_stack+0x10/0x14)
[    8.920989] [<c02114a0>] (show_stack) from [<c087c860>] (dump_stack+0x70/0x8c)
[    8.920989] [<c087c860>] (dump_stack) from [<c02481ac>] (warn_slowpath_common+0x64/0x84)
[    8.921173] [<c02481ac>] (warn_slowpath_common) from [<c02481e8>] (warn_slowpath_null+0x1c/0x24)
[    8.921173] [<c02481e8>] (warn_slowpath_null) from [<c0306d68>] (__d_free+0x34/0x40)
[    8.921173] [<c0306d68>] (__d_free) from [<c0288d4c>] (rcu_process_callbacks+0x320/0x544)
[    8.921234] [<c0288d4c>] (rcu_process_callbacks) from [<c024b140>] (__do_softirq+0xec/0x238)
[    8.921264] [<c024b140>] (__do_softirq) from [<c024b51c>] (irq_exit+0xa8/0x114)
[    8.921264] [<c024b51c>] (irq_exit) from [<c027f2ec>] (__handle_domain_irq+0x58/0x9c)
[    8.921264] [<c027f2ec>] (__handle_domain_irq) from [<c020895c>] (gic_handle_irq+0x2c/0x6c)
[    8.921325] [<c020895c>] (gic_handle_irq) from [<c0212000>] (__irq_svc+0x40/0x54)
[    8.921325] Exception stack(0xee5ebce8 to 0xee5ebd30)
[    8.921325] bce0:                   00000000 00000000 00000001 00000d12 600f0113 00000004
[    8.921356] bd00: 000002be 00000000 00000000 c0d31888 00000000 c0c87034 600f0113 ee5ebd30
[    8.921356] bd20: c04f9ffc c027d854 600f0113 ffffffff
[    8.921386] [<c0212000>] (__irq_svc) from [<c027d854>] (console_unlock+0x324/0x468)
[    8.921386] [<c027d854>] (console_unlock) from [<c04e24e4>] (con_install+0xb8/0xc4)
[    8.921386] [<c04e24e4>] (con_install) from [<c04cdce0>] (tty_init_dev+0x64/0x17c)
[    8.921386] [<c04cdce0>] (tty_init_dev) from [<c04ce480>] (tty_open+0x12c/0x5bc)
[    8.921478] [<c04ce480>] (tty_open) from [<c02f7a38>] (chrdev_open+0xc0/0x17c)
[    8.921478] [<c02f7a38>] (chrdev_open) from [<c02f2004>] (do_dentry_open.isra.12+0x1b0/0x2f0)
[    8.921539] [<c02f2004>] (do_dentry_open.isra.12) from [<c02ffe90>] (do_last.isra.37+0x128/0xb80)
[    8.921539] [<c02ffe90>] (do_last.isra.37) from [<c030099c>] (path_openat+0xb4/0x5e4)
[    8.921539] [<c030099c>] (path_openat) from [<c030166c>] (do_filp_open+0x2c/0x80)
[    8.921539] [<c030166c>] (do_filp_open) from [<c02f31b8>] (do_sys_open+0x120/0x1cc)
[    8.921539] [<c02f31b8>] (do_sys_open) from [<c020e6e0>] (ret_fast_syscall+0x0/0x30)
[    8.921661] ---[ end trace 7f5258dfc3c30070 ]---
Error opening /dev/fb0: No such file or directory
[    9.210510] ------------[ cut here ]------------
[    9.215179] ------------[ cut here ]------------
[    9.215179] WARNING: CPU: 0 PID: 0 at fs/dcache.c:255 __d_free+0x34/0x40()
[    9.215240] Modules linked in:
[    9.215240] CPU: 0 PID: 0 Comm: swapper/0 Tainted: G        W      3.18.0-rc3-next-20141103-00002-gb3eef83 #1
[    9.215301] [<c0215a84>] (unwind_backtrace) from [<c02114a0>] (show_stack+0x10/0x14)
[    9.215301] [<c02114a0>] (show_stack) from [<c087c860>] (dump_stack+0x70/0x8c)
[    9.215301] [<c087c860>] (dump_stack) from [<c02481ac>] (warn_slowpath_common+0x64/0x84)
[    9.215301] [<c02481ac>] (warn_slowpath_common) from [<c02481e8>] (warn_slowpath_null+0x1c/0x24)
[    9.215393] [<c02481e8>] (warn_slowpath_null) from [<c0306d68>] (__d_free+0x34/0x40)
Starting udev[    9.215393] [<c0306d68>] (__d_free) from [<c0288d4c>] (rcu_process_callbacks+0x320/0x544)
[    9.215454] [<c0288d4c>] (rcu_process_callbacks) from [<c024b140>] (__do_softirq+0xec/0x238)
[    9.215454] [<c024b140>] (__do_softirq) from [<c024b51c>] (irq_exit+0xa8/0x114)
[    9.215454] [<c024b51c>] (irq_exit) from [<c027f2ec>] (__handle_domain_irq+0x58/0x9c)
[    9.215515] [<c027f2ec>] (__handle_domain_irq) from [<c020895c>] (gic_handle_irq+0x2c/0x6c)
[    9.215515] [<c020895c>] (gic_handle_irq) from [<c0212000>] (__irq_svc+0x40/0x54)
[    9.215545] Exception stack(0xc0c3bf48 to 0xc0c3bf90)
[    9.215545] bf40:                   00000000 c0c4b860 00000000 c0c4b860 24f5b541 00000002
[    9.215545] bf60: eefafbf0 00000000 24aeed71 00000002 c0c36be8 c0c4b860 00000010 c0c3bf90
[    9.215576] bf80: c070fb34 c070fb40 60000113 ffffffff
[    9.215576] [<c0212000>] (__irq_svc) from [<c070fb40>] (cpuidle_enter_state+0x68/0x104)
[    9.215606] [<c070fb40>] (cpuidle_enter_state) from [<c02751c0>] (cpu_startup_entry+0x1b0/0x278)
[    9.215606] [<c02751c0>] (cpu_startup_entry) from [<c0b82bb8>] (start_kernel+0x32c/0x398)
[    9.215606] ---[ end trace 7f5258dfc3c30071 ]---
[    9.225341] ------------[ cut here ]------------
[    9.225341] WARNING: CPU: 0 PID: 89 at fs/dcache.c:255 __d_free+0x34/0x40()
[    9.225372] Modules linked in:
[    9.225372] CPU: 0 PID: 89 Comm: rc Tainted: G        W      3.18.0-rc3-next-20141103-00002-gb3eef83 #1
[    9.225372] [<c0215a84>] (unwind_backtrace) from [<c02114a0>] (show_stack+0x10/0x14)
[    9.225433] [<c02114a0>] (show_stack) from [<c087c860>] (dump_stack+0x70/0x8c)
[    9.225433] [<c087c860>] (dump_stack) from [<c02481ac>] (warn_slowpath_common+0x64/0x84)
[    9.225433] [<c02481ac>] (warn_slowpath_common) from [<c02481e8>] (warn_slowpath_null+0x1c/0x24)
[    9.225494] [<c02481e8>] (warn_slowpath_null) from [<c0306d68>] (__d_free+0x34/0x40)
[    9.225494] [<c0306d68>] (__d_free) from [<c0288d4c>] (rcu_process_callbacks+0x320/0x544)
[    9.225524] [<c0288d4c>] (rcu_process_callbacks) from [<c024b140>] (__do_softirq+0xec/0x238)
[    9.225524] [<c024b140>] (__do_softirq) from [<c024b51c>] (irq_exit+0xa8/0x114)
[    9.225555] [<c024b51c>] (irq_exit) from [<c027f2ec>] (__handle_domain_irq+0x58/0x9c)
[    9.225585] [<c027f2ec>] (__handle_domain_irq) from [<c020895c>] (gic_handle_irq+0x2c/0x6c)
[    9.225585] [<c020895c>] (gic_handle_irq) from [<c0212000>] (__irq_svc+0x40/0x54)
[    9.225585] Exception stack(0xee5ebd60 to 0xee5ebda8)
[    9.225616] bd60: 00000000 00000000 ffffffff ef0f552c ef0f5520 ee614310 ee61430c 000c3000
[    9.225616] bd80: 000ca000 ee5ebe40 ef0f5520 00000000 87e297dd ee5ebda8 c02d6848 c02dfaf4
[    9.225616] bda0: 600f0113 ffffffff
[    9.225616] [<c0212000>] (__irq_svc) from [<c02dfaf4>] (page_remove_rmap+0x84/0xb8)
[    9.225616] [<c02dfaf4>] (page_remove_rmap) from [<c02d6848>] (unmap_single_vma+0x380/0x68c)
[    9.225708] [<c02d6848>] (unmap_single_vma) from [<c02d7514>] (unmap_vmas+0x54/0x68)
[    9.225708] [<c02d7514>] (unmap_vmas) from [<c02dd720>] (exit_mmap+0xd8/0x1f8)
[    9.225738] [<c02dd720>] (exit_mmap) from [<c0245bf8>] (mmput+0x40/0xf8)
[    9.225738] [<c0245bf8>] (mmput) from [<c02f9850>] (flush_old_exec+0x32c/0x5e0)
[    9.225738] [<c02f9850>] (flush_old_exec) from [<c0335454>] (load_elf_binary+0x2dc/0x1188)
[    9.225799] [<c0335454>] (load_elf_binary) from [<c02f8ba8>] (search_binary_handler+0x9c/0x240)
[    9.225799] [<c02f8ba8>] (search_binary_handler) from [<c02fa214>] (do_execve+0x408/0x4dc)
[    9.225830] [<c02fa214>] (do_execve) from [<c020e6e0>] (ret_fast_syscall+0x0/0x30)
[    9.225830] ---[ end trace 7f5258dfc3c30072 ]---
[    9.461517] udevd[104]: starting version 182
[    9.627075] WARNING: CPU: 1 PID: 13 at fs/dcache.c:255 __d_free+0x34/0x40()
[    9.634368] Modules linked in:
[    9.637390] CPU: 1 PID: 13 Comm: ksoftirqd/1 Tainted: G        W      3.18.0-rc3-next-20141103-00002-gb3eef83 #1
[    9.648254] [<c0215a84>] (unwind_backtrace) from [<c02114a0>] (show_stack+0x10/0x14)
[    9.656433] [<c02114a0>] (show_stack) from [<c087c860>] (dump_stack+0x70/0x8c)
[    9.664031] [<c087c860>] (dump_stack) from [<c02481ac>] (warn_slowpath_common+0x64/0x84)
[    9.672576] [<c02481ac>] (warn_slowpath_common) from [<c02481e8>] (warn_slowpath_null+0x1c/0x24)
[    9.681915] [<c02481e8>] (warn_slowpath_null) from [<c0306d68>] (__d_free+0x34/0x40)
[    9.690032] [<c0306d68>] (__d_free) from [<c0288d4c>] (rcu_process_callbacks+0x320/0x544)
[    9.698791] [<c0288d4c>] (rcu_process_callbacks) from [<c024b140>] (__do_softirq+0xec/0x238)
[    9.707702] [<c024b140>] (__do_softirq) from [<c024b2c0>] (run_ksoftirqd+0x34/0x48)
[    9.715820] [<c024b2c0>] (run_ksoftirqd) from [<c0262a78>] (smpboot_thread_fn+0x140/0x1b4)
[    9.724670] [<c0262a78>] (smpboot_thread_fn) from [<c025f554>] (kthread+0xd8/0xf4)
[    9.732696] [<c025f554>] (kthread) from [<c020e778>] (ret_from_fork+0x14/0x3c)
[    9.740295] ---[ end trace 7f5258dfc3c30073 ]---
[    9.743225] ------------[ cut here ]------------
[    9.750091] WARNING: CPU: 1 PID: 13 at fs/dcache.c:255 __d_free+0x34/0x40()
[    9.757446] Modules linked in:
[    9.760681] CPU: 1 PID: 13 Comm: ksoftirqd/1 Tainted: G        W      3.18.0-rc3-next-20141103-00002-gb3eef83 #1
[    9.771453] [<c0215a84>] (unwind_backtrace) from [<c02114a0>] (show_stack+0x10/0x14)
[    9.779693] [<c02114a0>] (show_stack) from [<c087c860>] (dump_stack+0x70/0x8c)
[    9.787353] [<c087c860>] (dump_stack) from [<c02481ac>] (warn_slowpath_common+0x64/0x84)
[    9.795928] [<c02481ac>] (warn_slowpath_common) from [<c02481e8>] (warn_slowpath_null+0x1c/0x24)
[    9.805175] [<c02481e8>] (warn_slowpath_null) from [<c0306d68>] (__d_free+0x34/0x40)
[    9.813507] [<c0306d68>] (__d_free) from [<c0288d4c>] (rcu_process_callbacks+0x320/0x544)
[    9.822174] [<c0288d4c>] (rcu_process_callbacks) from [<c024b140>] (__do_softirq+0xec/0x238)
[    9.831115] [<c024b140>] (__do_softirq) from [<c024b2c0>] (run_ksoftirqd+0x34/0x48)
[    9.839202] [<c024b2c0>] (run_ksoftirqd) from [<c0262a78>] (smpboot_thread_fn+0x140/0x1b4)
[    9.847961] [<c0262a78>] (smpboot_thread_fn) from [<c025f554>] (kthread+0xd8/0xf4)
[    9.855468] [<c025f554>] (kthread) from [<c020e778>] (ret_from_fork+0x14/0x3c)
[    9.863708] ---[ end trace 7f5258dfc3c30074 ]---
[    9.868621] ------------[ cut here ]------------
[    9.870727] WARNING: CPU: 1 PID: 13 at fs/dcache.c:255 __d_free+0x34/0x40()
[    9.880950] Modules linked in:
[    9.880950] CPU: 1 PID: 13 Comm: ksoftirqd/1 Tainted: G        W      3.18.0-rc3-next-20141103-00002-gb3eef83 #1
[    9.894897] [<c0215a84>] (unwind_backtrace) from [<c02114a0>] (show_stack+0x10/0x14)
[    9.903198] [<c02114a0>] (show_stack) from [<c087c860>] (dump_stack+0x70/0x8c)
[    9.910827] [<c087c860>] (dump_stack) from [<c02481ac>] (warn_slowpath_common+0x64/0x84)
[    9.919403] [<c02481ac>] (warn_slowpath_common) from [<c02481e8>] (warn_slowpath_null+0x1c/0x24)
[    9.928649] [<c02481e8>] (warn_slowpath_null) from [<c0306d68>] (__d_free+0x34/0x40)
[    9.936828] [<c0306d68>] (__d_free) from [<c0288d4c>] (rcu_process_callbacks+0x320/0x544)
[    9.945495] [<c0288d4c>] (rcu_process_callbacks) from [<c024b140>] (__do_softirq+0xec/0x238)
[    9.954437] [<c024b140>] (__do_softirq) from [<c024b2c0>] (run_ksoftirqd+0x34/0x48)
[    9.962493] [<c024b2c0>] (run_ksoftirqd) from [<c0262a78>] (smpboot_thread_fn+0x140/0x1b4)
[    9.971221] [<c0262a78>] (smpboot_thread_fn) from [<c025f554>] (kthread+0xd8/0xf4)
[    9.979248] [<c025f554>] (kthread) from [<c020e778>] (ret_from_fork+0x14/0x3c)
[    9.986907] ---[ end trace 7f5258dfc3c30075 ]---
[    9.995208] ------------[ cut here ]------------
[    9.999328] WARNING: CPU: 1 PID: 118 at fs/dcache.c:255 __d_free+0x34/0x40()
[   10.007629] Modules linked in:
[   10.010681] CPU: 1 PID: 118 Comm: udevd Tainted: G        W      3.18.0-rc3-next-20141103-00002-gb3eef83 #1
[   10.021270] [<c0215a84>] (unwind_backtrace) from [<c02114a0>] (show_stack+0x10/0x14)
[   10.029510] [<c02114a0>] (show_stack) from [<c087c860>] (dump_stack+0x70/0x8c)
[   10.037200] [<c087c860>] (dump_stack) from [<c02481ac>] (warn_slowpath_common+0x64/0x84)
[   10.045715] [<c02481ac>] (warn_slowpath_common) from [<c02481e8>] (warn_slowpath_null+0x1c/0x24)
[   10.055053] [<c02481e8>] (warn_slowpath_null) from [<c0306d68>] (__d_free+0x34/0x40)
[   10.063232] [<c0306d68>] (__d_free) from [<c0288d4c>] (rcu_process_callbacks+0x320/0x544)
[   10.070617] [<c0288d4c>] (rcu_process_callbacks) from [<c024b140>] (__do_softirq+0xec/0x238)
[   10.080169] [<c024b140>] (__do_softirq) from [<c024b51c>] (irq_exit+0xa8/0x114)
[   10.088684] [<c024b51c>] (irq_exit) from [<c027f2ec>] (__handle_domain_irq+0x58/0x9c)
[   10.097015] [<c027f2ec>] (__handle_domain_irq) from [<c020895c>] (gic_handle_irq+0x2c/0x6c)
[   10.105163] [<c020895c>] (gic_handle_irq) from [<c02122a4>] (__irq_usr+0x44/0x60)
[   10.113830] Exception stack(0xee7b5fb0 to 0xee7b5ff8)
[   10.119171] 5fa0:                                     00072ab8 00000000 00072a60 00072a60
[   10.127777] 5fc0: 00072ab8 00072708 00072ad8 00000000 00000002 00000000 00031920 0009b580
[   10.136413] 5fe0: 00031678 bebdde68 0001d334 0001d338 600f0110 ffffffff
[   10.143402] ---[ end trace 7f5258dfc3c30076 ]---
[   10.157928] ------------[ cut here ]------------
[   10.163024] WARNING: CPU: 0 PID: 3 at fs/dcache.c:255 __d_free+0x34/0x40()
[   10.163085] ------------[ cut here ]------------
[   10.165191] WARNING: CPU: 1 PID: 110 at fs/dcache.c:255 __d_free+0x34/0x40()
[   10.165191] Modules linked in:
[   10.165191] CPU: 1 PID: 110 Comm: udevd Tainted: G        W      3.18.0-rc3-next-20141103-00002-gb3eef83 #1
[   10.165222] [<c0215a84>] (unwind_backtrace) from [<c02114a0>] (show_stack+0x10/0x14)
[   10.165222] [<c02114a0>] (show_stack) from [<c087c860>] (dump_stack+0x70/0x8c)
[   10.165222] [<c087c860>] (dump_stack) from [<c02481ac>] (warn_slowpath_common+0x64/0x84)
[   10.165344] [<c02481ac>] (warn_slowpath_common) from [<c02481e8>] (warn_slowpath_null+0x1c/0x24)
[   10.165344] [<c02481e8>] (warn_slowpath_null) from [<c0306d68>] (__d_free+0x34/0x40)
[   10.165374] [<c0306d68>] (__d_free) from [<c0288d4c>] (rcu_process_callbacks+0x320/0x544)
[   10.165374] [<c0288d4c>] (rcu_process_callbacks) from [<c024b140>] (__do_softirq+0xec/0x238)
[   10.165435] [<c024b140>] (__do_softirq) from [<c024b51c>] (irq_exit+0xa8/0x114)
[   10.165435] [<c024b51c>] (irq_exit) from [<c027f2ec>] (__handle_domain_irq+0x58/0x9c)
[   10.165435] [<c027f2ec>] (__handle_domain_irq) from [<c020895c>] (gic_handle_irq+0x2c/0x6c)
[   10.165496] [<c020895c>] (gic_handle_irq) from [<c02122a4>] (__irq_usr+0x44/0x60)
[   10.165496] Exception stack(0xee739fb0 to 0xee739ff8)
[   10.165496] 9fa0:                                     b6eb64c8 00000000 00084000 00000021
[   10.165527] 9fc0: 0006b4f8 b6eb64c8 00000048 0006b540 00000002 00000000 00031920 00098570
[   10.165527] 9fe0: 00031678 bebdde40 0001e190 b6e2a4e6 200f0130 ffffffff
[   10.165527] ---[ end trace 7f5258dfc3c30077 ]---
[   10.170196] ------------[ cut here ]------------
[   10.170227] WARNING: CPU: 1 PID: 162 at fs/dcache.c:255 __d_free+0x34/0x40()
[   10.170227] Modules linked in:
[   10.170257] CPU: 1 PID: 162 Comm: grep Tainted: G        W      3.18.0-rc3-next-20141103-00002-gb3eef83 #1
[   10.170257] [<c0215a84>] (unwind_backtrace) from [<c02114a0>] (show_stack+0x10/0x14)
[   10.170318] [<c02114a0>] (show_stack) from [<c087c860>] (dump_stack+0x70/0x8c)
[   10.170349] [<c087c860>] (dump_stack) from [<c02481ac>] (warn_slowpath_common+0x64/0x84)
[   10.170349] [<c02481ac>] (warn_slowpath_common) from [<c02481e8>] (warn_slowpath_null+0x1c/0x24)
[   10.170379] [<c02481e8>] (warn_slowpath_null) from [<c0306d68>] (__d_free+0x34/0x40)
[   10.170379] [<c0306d68>] (__d_free) from [<c0288d4c>] (rcu_process_callbacks+0x320/0x544)
[   10.170379] [<c0288d4c>] (rcu_process_callbacks) from [<c024b140>] (__do_softirq+0xec/0x238)
[   10.170440] [<c024b140>] (__do_softirq) from [<c024b51c>] (irq_exit+0xa8/0x114)
[   10.170471] [<c024b51c>] (irq_exit) from [<c027f2ec>] (__handle_domain_irq+0x58/0x9c)
[   10.170471] [<c027f2ec>] (__handle_domain_irq) from [<c020895c>] (gic_handle_irq+0x2c/0x6c)
[   10.170501] [<c020895c>] (gic_handle_irq) from [<c0212000>] (__irq_svc+0x40/0x54)
[   10.170501] Exception stack(0xed1abe50 to 0xed1abe98)
[   10.170501] be40:                                     00000000 ed1abef0 00000002 ed13ad00
[   10.170532] be60: ed1abef0 ee65df00 ed1abf74 00000000 ee0e6000 00000041 00000000 b6f90dc8
[   10.170532] be80: ed028994 ed1abe98 c030094c c0300968 60000013 ffffffff
[   10.170562] [<c0212000>] (__irq_svc) from [<c0300968>] (path_openat+0x80/0x5e4)
[   10.170562] [<c0300968>] (path_openat) from [<c030166c>] (do_filp_open+0x2c/0x80)
[   10.170593] [<c030166c>] (do_filp_open) from [<c02f31b8>] (do_sys_open+0x120/0x1cc)
[   10.170623] [<c02f31b8>] (do_sys_open) from [<c020e6e0>] (ret_fast_syscall+0x0/0x30)
[   10.170623] ---[ end trace 7f5258dfc3c30078 ]---
[   10.170623] ------------[ cut here ]------------
[   10.170623] WARNING: CPU: 1 PID: 122 at fs/dcache.c:255 __d_free+0x34/0x40()
[   10.175231] Modules linked in:
[   10.175231] CPU: 1 PID: 122 Comm: udevd Tainted: G        W      3.18.0-rc3-next-20141103-00002-gb3eef83 #1
[   10.175292] [<c0215a84>] (unwind_backtrace) from [<c02114a0>] (show_stack+0x10/0x14)
[   10.175292] [<c02114a0>] (show_stack) from [<c087c860>] (dump_stack+0x70/0x8c)
[   10.175323] [<c087c860>] (dump_stack) from [<c02481ac>] (warn_slowpath_common+0x64/0x84)
[   10.175354] [<c02481ac>] (warn_slowpath_common) from [<c02481e8>] (warn_slowpath_null+0x1c/0x24)
[   10.175354] [<c02481e8>] (warn_slowpath_null) from [<c0306d68>] (__d_free+0x34/0x40)
[   10.175354] [<c0306d68>] (__d_free) from [<c0288d4c>] (rcu_process_callbacks+0x320/0x544)
[   10.175415] [<c0288d4c>] (rcu_process_callbacks) from [<c024b140>] (__do_softirq+0xec/0x238)
[   10.175415] [<c024b140>] (__do_softirq) from [<c024b51c>] (irq_exit+0xa8/0x114)
[   10.175445] [<c024b51c>] (irq_exit) from [<c027f2ec>] (__handle_domain_irq+0x58/0x9c)
[   10.175476] [<c027f2ec>] (__handle_domain_irq) from [<c020895c>] (gic_handle_irq+0x2c/0x6c)
[   10.175476] [<c020895c>] (gic_handle_irq) from [<c0212000>] (__irq_svc+0x40/0x54)
[   10.175476] Exception stack(0xee7edd78 to 0xee7eddc0)
[   10.175506] dd60:                                                       ee91d3a0 ffc103a0
[   10.175506] dd80: 00000018 00000000 00000021 ee91d000 00090000 ef5cb3a0 ef7594bc ee7f0000
[   10.175537] dda0: 00000090 bfcfa7dd 00090300 ee7eddc0 00090348 c0414488 200f0113 ffffffff
[   10.175537] [<c0212000>] (__irq_svc) from [<c0414488>] (copy_page+0x28/0x80)
[   10.175567] ---[ end trace 7f5258dfc3c30079 ]---
[   10.175567] ------------[ cut here ]------------
[   10.175628] WARNING: CPU: 1 PID: 122 at fs/dcache.c:255 __d_free+0x34/0x40()
[   10.175628] Modules linked in:
[   10.175628] CPU: 1 PID: 122 Comm: udevd Tainted: G        W      3.18.0-rc3-next-20141103-00002-gb3eef83 #1
[   10.175628] [<c0215a84>] (unwind_backtrace) from [<c02114a0>] (show_stack+0x10/0x14)
[   10.175689] [<c02114a0>] (show_stack) from [<c087c860>] (dump_stack+0x70/0x8c)
[   10.175689] [<c087c860>] (dump_stack) from [<c02481ac>] (warn_slowpath_common+0x64/0x84)
[   10.175720] [<c02481ac>] (warn_slowpath_common) from [<c02481e8>] (warn_slowpath_null+0x1c/0x24)
[   10.175720] [<c02481e8>] (warn_slowpath_null) from [<c0306d68>] (__d_free+0x34/0x40)
[   10.175750] [<c0306d68>] (__d_free) from [<c0288d4c>] (rcu_process_callbacks+0x320/0x544)
[   10.175750] [<c0288d4c>] (rcu_process_callbacks) from [<c024b140>] (__do_softirq+0xec/0x238)
[   10.175781] [<c024b140>] (__do_softirq) from [<c024b51c>] (irq_exit+0xa8/0x114)
[   10.175781] [<c024b51c>] (irq_exit) from [<c027f2ec>] (__handle_domain_irq+0x58/0x9c)
[   10.175811] [<c027f2ec>] (__handle_domain_irq) from [<c020895c>] (gic_handle_irq+0x2c/0x6c)
[   10.175811] [<c020895c>] (gic_handle_irq) from [<c0212000>] (__irq_svc+0x40/0x54)
[   10.175811] Exception stack(0xee7edd78 to 0xee7eddc0)
[   10.175842] dd60:                                                       ee91d3a0 ffc103a0
[   10.175842] dd80: 00000018 00000000 00000021 ee91d000 00090000 ef5cb3a0 ef7594bc ee7f0000
[   10.175842] dda0: 00000090 bfcfa7dd 00090300 ee7eddc0 00090348 c0414488 200f0113 ffffffff
[   10.175872] [<c0212000>] (__irq_svc) from [<c0414488>] (copy_page+0x28/0x80)
[   10.175872] ---[ end trace 7f5258dfc3c3007a ]---
[   10.175872] ------------[ cut here ]------------
[   10.175872] WARNING: CPU: 1 PID: 122 at fs/dcache.c:255 __d_free+0x34/0x40()
[   10.175903] Modules linked in:
[   10.175903] CPU: 1 PID: 122 Comm: udevd Tainted: G        W      3.18.0-rc3-next-20141103-00002-gb3eef83 #1
[   10.175933] [<c0215a84>] (unwind_backtrace) from [<c02114a0>] (show_stack+0x10/0x14)
[   10.175933] [<c02114a0>] (show_stack) from [<c087c860>] (dump_stack+0x70/0x8c)
[   10.175964] [<c087c860>] (dump_stack) from [<c02481ac>] (warn_slowpath_common+0x64/0x84)
[   10.175964] [<c02481ac>] (warn_slowpath_common) from [<c02481e8>] (warn_slowpath_null+0x1c/0x24)
[   10.175964] [<c02481e8>] (warn_slowpath_null) from [<c0306d68>] (__d_free+0x34/0x40)
[   10.175994] [<c0306d68>] (__d_free) from [<c0288d4c>] (rcu_process_callbacks+0x320/0x544)
[   10.176025] [<c0288d4c>] (rcu_process_callbacks) from [<c024b140>] (__do_softirq+0xec/0x238)
[   10.176025] [<c024b140>] (__do_softirq) from [<c024b51c>] (irq_exit+0xa8/0x114)
[   10.176055] [<c024b51c>] (irq_exit) from [<c027f2ec>] (__handle_domain_irq+0x58/0x9c)
[   10.176055] [<c027f2ec>] (__handle_domain_irq) from [<c020895c>] (gic_handle_irq+0x2c/0x6c)
[   10.176055] [<c020895c>] (gic_handle_irq) from [<c0212000>] (__irq_svc+0x40/0x54)
[   10.176086] Exception stack(0xee7edd78 to 0xee7eddc0)
[   10.176086] dd60:                                                       ee91d3a0 ffc103a0
[   10.176086] dd80: 00000018 00000000 00000021 ee91d000 00090000 ef5cb3a0 ef7594bc ee7f0000
[   10.176116] dda0: 00000090 bfcfa7dd 00090300 ee7eddc0 00090348 c0414488 200f0113 ffffffff
[   10.176116] [<c0212000>] (__irq_svc) from [<c0414488>] (copy_page+0x28/0x80)
[   10.176116] ---[ end trace 7f5258dfc3c3007b ]---
[   10.176147] ------------[ cut here ]------------
[   10.176147] WARNING: CPU: 1 PID: 122 at fs/dcache.c:255 __d_free+0x34/0x40()
[   10.176147] Modules linked in:
[   10.176177] CPU: 1 PID: 122 Comm: udevd Tainted: G        W      3.18.0-rc3-next-20141103-00002-gb3eef83 #1
[   10.176177] [<c0215a84>] (unwind_backtrace) from [<c02114a0>] (show_stack+0x10/0x14)
[   10.176208] [<c02114a0>] (show_stack) from [<c087c860>] (dump_stack+0x70/0x8c)
[   10.176208] [<c087c860>] (dump_stack) from [<c02481ac>] (warn_slowpath_common+0x64/0x84)
[   10.176239] [<c02481ac>] (warn_slowpath_common) from [<c02481e8>] (warn_slowpath_null+0x1c/0x24)
[   10.176239] [<c02481e8>] (warn_slowpath_null) from [<c0306d68>] (__d_free+0x34/0x40)
[   10.176239] [<c0306d68>] (__d_free) from [<c0288d4c>] (rcu_process_callbacks+0x320/0x544)
[   10.176269] [<c0288d4c>] (rcu_process_callbacks) from [<c024b140>] (__do_softirq+0xec/0x238)
[   10.176269] [<c024b140>] (__do_softirq) from [<c024b51c>] (irq_exit+0xa8/0x114)
[   10.176300] [<c024b51c>] (irq_exit) from [<c027f2ec>] (__handle_domain_irq+0x58/0x9c)
[   10.176300] [<c027f2ec>] (__handle_domain_irq) from [<c020895c>] (gic_handle_irq+0x2c/0x6c)
[   10.176330] [<c020895c>] (gic_handle_irq) from [<c0212000>] (__irq_svc+0x40/0x54)
[   10.176330] Exception stack(0xee7edd78 to 0xee7eddc0)
[   10.176330] dd60:                                                       ee91d3a0 ffc103a0
[   10.176361] dd80: 00000018 00000000 00000021 ee91d000 00090000 ef5cb3a0 ef7594bc ee7f0000
[   10.176361] dda0: 00000090 bfcfa7dd 00090300 ee7eddc0 00090348 c0414488 200f0113 ffffffff
[   10.176361] [<c0212000>] (__irq_svc) from [<c0414488>] (copy_page+0x28/0x80)
[   10.176391] ---[ end trace 7f5258dfc3c3007c ]---
[   10.176391] ------------[ cut here ]------------
[   10.176391] WARNING: CPU: 1 PID: 122 at fs/dcache.c:255 __d_free+0x34/0x40()
[   10.176422] Modules linked in:
[   10.176422] CPU: 1 PID: 122 Comm: udevd Tainted: G        W      3.18.0-rc3-next-20141103-00002-gb3eef83 #1
[   10.176422] [<c0215a84>] (unwind_backtrace) from [<c02114a0>] (show_stack+0x10/0x14)
[   10.176452] [<c02114a0>] (show_stack) from [<c087c860>] (dump_stack+0x70/0x8c)
[   10.176452] [<c087c860>] (dump_stack) from [<c02481ac>] (warn_slowpath_common+0x64/0x84)
[   10.176483] [<c02481ac>] (warn_slowpath_common) from [<c02481e8>] (warn_slowpath_null+0x1c/0x24)
[   10.176483] [<c02481e8>] (warn_slowpath_null) from [<c0306d68>] (__d_free+0x34/0x40)
[   10.176513] [<c0306d68>] (__d_free) from [<c0288d4c>] (rcu_process_callbacks+0x320/0x544)
[   10.176513] [<c0288d4c>] (rcu_process_callbacks) from [<c024b140>] (__do_softirq+0xec/0x238)
[   10.176544] [<c024b140>] (__do_softirq) from [<c024b51c>] (irq_exit+0xa8/0x114)
[   10.176544] [<c024b51c>] (irq_exit) from [<c027f2ec>] (__handle_domain_irq+0x58/0x9c)
[   10.176574] [<c027f2ec>] (__handle_domain_irq) from [<c020895c>] (gic_handle_irq+0x2c/0x6c)
[   10.176574] [<c020895c>] (gic_handle_irq) from [<c0212000>] (__irq_svc+0x40/0x54)
[   10.176574] Exception stack(0xee7edd78 to 0xee7eddc0)
[   10.176605] dd60:                                                       ee91d3a0 ffc103a0
[   10.176605] dd80: 00000018 00000000 00000021 ee91d000 00090000 ef5cb3a0 ef7594bc ee7f0000
[   10.176605] dda0: 00000090 bfcfa7dd 00090300 ee7eddc0 00090348 c0414488 200f0113 ffffffff
[   10.176635] [<c0212000>] (__irq_svc) from [<c0414488>] (copy_page+0x28/0x80)
[   10.176635] ---[ end trace 7f5258dfc3c3007d ]---
[   11.305175] Modules linked in:
[   11.312103] CPU: 0 PID: 3 Comm: ksoftirqd/0 Tainted: G        W      3.18.0-rc3-next-20141103-00002-gb3eef83 #1
[   11.322723] [<c0215a84>] (unwind_backtrace) from [<c02114a0>] (show_stack+0x10/0x14)
[   11.330169] [<c02114a0>] (show_stack) from [<c087c860>] (dump_stack+0x70/0x8c)
[   11.338409] [<c087c860>] (dump_stack) from [<c02481ac>] (warn_slowpath_common+0x64/0x84)
[   11.343627] [<c02481ac>] (warn_slowpath_common) from [<c02481e8>] (warn_slowpath_null+0x1c/0x24)
[   11.356109] [<c02481e8>] (warn_slowpath_null) from [<c0306d68>] (__d_free+0x34/0x40)
[   11.364227] [<c0306d68>] (__d_free) from [<c0288d4c>] (rcu_process_callbacks+0x320/0x544)
[   11.372802] [<c0288d4c>] (rcu_process_callbacks) from [<c024b140>] (__do_softirq+0xec/0x238)
[   11.381683] [<c024b140>] (__do_softirq) from [<c024b2c0>] (run_ksoftirqd+0x34/0x48)
[   11.389678] [<c024b2c0>] (run_ksoftirqd) from [<c0262a78>] (smpboot_thread_fn+0x140/0x1b4)
[   11.398376] [<c0262a78>] (smpboot_thread_fn) from [<c025f554>] (kthread+0xd8/0xf4)
[   11.406341] [<c025f554>] (kthread) from [<c020e778>] (ret_from_fork+0x14/0x3c)
[   11.413909] ---[ end trace 7f5258dfc3c3007e ]---
[   11.418853] ------------[ cut here ]------------
[   11.420166] ------------[ cut here ]------------
[   11.420196] WARNING: CPU: 1 PID: 165 at fs/dcache.c:255 __d_free+0x34/0x40()
[   11.420196] Modules linked in:
[   11.420227] CPU: 1 PID: 165 Comm: expr Tainted: G        W      3.18.0-rc3-next-20141103-00002-gb3eef83 #1
[   11.420227] [<c0215a84>] (unwind_backtrace) from [<c02114a0>] (show_stack+0x10/0x14)
[   11.420227] [<c02114a0>] (show_stack) from [<c087c860>] (dump_stack+0x70/0x8c)
[   11.420288] [<c087c860>] (dump_stack) from [<c02481ac>] (warn_slowpath_common+0x64/0x84)
[   11.420318] [<c02481ac>] (warn_slowpath_common) from [<c02481e8>] (warn_slowpath_null+0x1c/0x24)
[   11.420318] [<c02481e8>] (warn_slowpath_null) from [<c0306d68>] (__d_free+0x34/0x40)
[   11.420349] [<c0306d68>] (__d_free) from [<c0288d4c>] (rcu_process_callbacks+0x320/0x544)
[   11.420349] [<c0288d4c>] (rcu_process_callbacks) from [<c024b140>] (__do_softirq+0xec/0x238)
[   11.420379] [<c024b140>] (__do_softirq) from [<c024b51c>] (irq_exit+0xa8/0x114)
[   11.420379] [<c024b51c>] (irq_exit) from [<c027f2ec>] (__handle_domain_irq+0x58/0x9c)
[   11.420379] [<c027f2ec>] (__handle_domain_irq) from [<c020895c>] (gic_handle_irq+0x2c/0x6c)
[   11.420440] [<c020895c>] (gic_handle_irq) from [<c0212000>] (__irq_svc+0x40/0x54)
[   11.420440] Exception stack(0xed1dfd18 to 0xed1dfd60)
[   11.420440] fd00:                                                       00017fff ffffffff
[   11.420471] fd20: 00000fff 00000000 ef7f52a0 ed90052c 00000000 00000001 ed1dfddc ed8fd838
[   11.420471] fd40: ed8fd834 ed3f23c0 0000000d ed1dfd60 c02b52c8 c02b5370 20000113 ffffffff
[   11.420471] [<c0212000>] (__irq_svc) from [<c02b5370>] (filemap_map_pages+0x1c0/0x280)
[   11.420471] [<c02b5370>] (filemap_map_pages) from [<c02d7df0>] (do_read_fault.isra.88+0x190/0x2ec)
[   11.420562] [<c02d7df0>] (do_read_fault.isra.88) from [<c02d87c4>] (handle_mm_fault+0x4cc/0x9d0)
[   11.420593] [<c02d87c4>] (handle_mm_fault) from [<c021b8ec>] (do_page_fault+0x1b8/0x380)
[   11.420593] [<c021b8ec>] (do_page_fault) from [<c0208554>] (do_PrefetchAbort+0x34/0x9c)
[   11.420593] [<c0208554>] (do_PrefetchAbort) from [<c021249c>] (ret_from_exception+0x0/0x24)
[   11.420623] Exception stack(0xed1dffb0 to 0xed1dfff8)
[   11.420623] ffa0:                                     00000000 00000000 00000000 00000000
[   11.420623] ffc0: 00000000 00000000 00000000 00000000 00000000 00000000 00000000 00000000
[   11.420623] ffe0: 00000000 bec8ae10 00000000 b6f49c80 00000030 ffffffff
[   11.420654] ---[ end trace 7f5258dfc3c3007f ]---
[   11.658874] WARNING: CPU: 0 PID: 19 at fs/dcache.c:255 __d_free+0x34/0x40()
[   11.665161] Modules linked in:
[   11.666198] CPU: 0 PID: 19 Comm: kworker/0:1 Tainted: G        W      3.18.0-rc3-next-20141103-00002-gb3eef83 #1
[   11.680053] Workqueue: events vmstat_update
[   11.684478] [<c0215a84>] (unwind_backtrace) from [<c02114a0>] (show_stack+0x10/0x14)
[   11.692565] [<c02114a0>] (show_stack) from [<c087c860>] (dump_stack+0x70/0x8c)
[   11.700164] [<c087c860>] (dump_stack) from [<c02481ac>] (warn_slowpath_common+0x64/0x84)
[   11.708679] [<c02481ac>] (warn_slowpath_common) from [<c02481e8>] (warn_slowpath_null+0x1c/0x24)
[   11.717864] [<c02481e8>] (warn_slowpath_null) from [<c0306d68>] (__d_free+0x34/0x40)
[   11.725982] [<c0306d68>] (__d_free) from [<c0288d4c>] (rcu_process_callbacks+0x320/0x544)
[   11.734588] [<c0288d4c>] (rcu_process_callbacks) from [<c024b140>] (__do_softirq+0xec/0x238)
[   11.743438] [<c024b140>] (__do_softirq) from [<c024b51c>] (irq_exit+0xa8/0x114)
[   11.748565] [<c024b51c>] (irq_exit) from [<c027f2ec>] (__handle_domain_irq+0x58/0x9c)
[   11.759307] [<c027f2ec>] (__handle_domain_irq) from [<c020895c>] (gic_handle_irq+0x2c/0x6c)
[   11.768066] [<c020895c>] (gic_handle_irq) from [<c0212000>] (__irq_svc+0x40/0x54)
