- 09:21:38 [INFO] Starting target session
- 09:21:38 [INFO] Connected to pandaboard-vanilla via serial 
- 09:21:38 [INFO] Host: #check prompt
- 09:21:41 [ERROR] On command: #check prompt waiting for #check prompt.+?(?-mix:((?-mix:.*\s+login)|[Pp]assword)) >>> error: execution expired
- 09:21:41 [INFO] Target: 
#check prompt
root@GenericOMAP4(FlattenedDeviceTree):/test# 
- 09:21:41 [INFO] Host: #check prompt
- 09:21:41 [INFO] Target: 
#check prompt
root@GenericOMAP4(FlattenedDeviceTree):/test# 
- 09:21:41 [INFO] Host: sync;poweroff
- 09:21:58 [INFO] Target: 
sync;poweroff
Broadcast message from root@GenericOMAP4(FlattenedDeviceTree) (ttyO2) (Thu Ja
The system is going down for system halt NOW!
INIT: Switching to rroot@GenericOMAP4(FlattenedDeviceTree):/test# Sending processes the TERM signal
INIT: Sending processes thStopping Dropbear SSH server: stopped /usr/sbin/dropbear (pid 606)
dropbear.
Stopping telnet daemon.
Stopping system message bus: hwclock: can't open '/dev/misc/rtc': No such file or directory
Error opening /dev/fb0: No such file or directory
Stopping syslogd/klogd: stopped syslogd (pid 618)
stopped klogd (pid 620)
done
Stopping thttpd.
ALSA: Storing mixer settings...
/usr/sbin/alsactl: save_state:1580: No soundcards found...
Deconfiguring network interfaces... ifdown: interface eth0 not configured
done.
Stopping Lighttpd Web Server: stopped /usr/sbin/lighttpd (pid 631)
lighttpd.
***************************************************************
***************************************************************
NOTICE: This file system contains the followin GPLv3 packages:
	binutils-symlinks
	binutils
	gdbserver
	parted
If you do not wish to distribute GPLv3 components please remove
the above packages prior to distribution.  This can be done using
the opkg remove command.  i.e.:
    opkg remove <package>
Where <package> is the name printed in the list above
NOTE: If the package is a dependency of another package you
      will be notified of the dependent packages.  You should
      use the --force-removal-of-dependent-packages option to
      also remove the dependent packages as well
***************************************************************
***************************************************************
Sending all processes the TERM signal...
Sending all processes the KILL signal...
Unmounting remote filesystems...
Deactivating swap...
Unmounting local filesystems...
[ 2629.847656] reboot: System halted
- 09:21:58 [INFO] Disconnected serial from pandaboard-vanilla
- 09:22:34 [INFO] Connected to pandaboard-vanilla via serial 
- 09:22:34 [INFO] Host: 
- 09:22:36 [INFO] Target: 
  0 
U-Boot# 
U-Boot# 
U-Boot# 
U-Boot# 
U-Boot# 
U-Boot# 
U-Boot# 
U-Boot# 
U-Boot# 
U-Boot# 
U-Boot# 
U-Boot# 
U-Boot# 
U-Boot# 
U-Boot# 
U-Boot# 
U-Boot# 
- 09:22:37 [INFO] Host: 
- 09:22:37 [INFO] Target: 
U-Boot# 
U-Boot# 
U-Boot# 
U-Boot# 
- 09:22:37 [INFO] Host: version
- 09:22:37 [INFO] Target: 
version
U-Boot 2014.04-00069-g53b0d70 (Apr 22 2014 - 14:39:57)
arm-linux-gnueabi-gcc (Ubuntu/Linaro 4.6.3-1ubuntu5) 4.6.3
GNU ld (GNU Binutils for Ubuntu) 2.22
U-Boot# 
- 09:22:37 [INFO] Host: setenv bootargs 'console=ttyO2,115200n8 vram=16M earlyprintk rootwait '
- 09:22:37 [INFO] Target: 
setenv bootargs 'console=ttyO2,115200n8 vram=16M earlyprintk rootwait '
U-Boot# 
- 09:22:37 [INFO] Host: setenv bootcmd  ''
- 09:22:37 [INFO] Target: 
setenv bootcmd  ''
U-Boot# 
- 09:22:37 [INFO] Host: setenv autoload 'no'
- 09:22:37 [INFO] Target: 
setenv autoload 'no'
U-Boot# 
- 09:22:37 [INFO] Host: setenv serverip '192.168.1.254'
- 09:22:37 [INFO] Target: 
setenv serverip '192.168.1.254'
U-Boot# 
- 09:22:37 [INFO] Host: printenv
- 09:22:37 [INFO] Target: 
printenv
arch=arm
autoload=no
baudrate=115200
board=panda
board_name=panda
bootargs=console=ttyO2,115200n8 vram=16M earlyprintk rootwait 
bootcmd=
bootdelay=1
bootdir=/boot
bootfile=zImage
bootm_size=0x08000000
bootpart=0:2
bootscript=echo Running bootscript from mmc${mmcdev} ...; source ${loadaddr}
console=ttyO2,115200n8
cpu=armv7
fdt_addr_r=0x88000000
fdtaddr=0x88000000
fdtfile=undefined
findfdt=if test $board_name = sdp4430; then setenv fdtfile omap4-sdp.dtb; fi; if test $board_name = panda; then setenv fdtfile omap4-panda.dtb; fi;if test $board_name = panda-a4; then setenv fdtfile omap4-panda-a4.dtb; fi;if test $board_name = panda-es; then setenv fdtfile omap4-panda-es.dtb; fi;if test $fdtfile = undefined; then echo WARNING: Could not determine device tree to use; fi; 
importbootenv=echo Importing environment from mmc${mmcdev} ...; env import -t ${loadaddr} ${filesize}
kernel_addr_r=0x82000000
loadaddr=0x82000000
loadbootenv=fatload mmc ${mmcdev} ${loadaddr} uEnv.txt
loadbootscript=fatload mmc ${mmcdev} ${loadaddr} boot.scr
loadfdt=load mmc ${bootpart} ${fdtaddr} ${bootdir}/${fdtfile}
loadimage=load mmc ${bootpart} ${loadaddr} ${bootdir}/${bootfile}
mmcargs=setenv bootargs console=${console} vram=${vram} root=${mmcroot} rootfstype=${mmcrootfstype}
mmcboot=echo Booting from mmc${mmcdev} ...; run mmcargs; bootz ${loadaddr} - ${fdtaddr}
mmcdev=0
mmcroot=/dev/mmcblk0p2 rw
mmcrootfstype=ext3 rootwait
ramdisk_addr_r=0x88080000
rdaddr=0x88080000
serverip=192.168.1.254
soc=omap4
usbethaddr=02:04:f1:2a:2a:93
usbtty=cdc_acm
vendor=ti
ver=U-Boot 2014.04-00069-g53b0d70 (Apr 22 2014 - 14:39:57)
vram=16M
Environment size: 1694/131068 bytes
U-Boot# 
- 09:22:37 [INFO] Host: dcache off
- 09:22:38 [INFO] Target: 
dcache off
Unknown command 'dcache' - try 'help'
U-Boot# 
- 09:22:38 [INFO] Host: setenv usbethaddr 2E:62:05:CC:46:01
- 09:22:38 [INFO] Target: 
setenv usbethaddr 2E:62:05:CC:46:01
U-Boot# 
- 09:22:38 [INFO] Host: usb start
- 09:22:40 [INFO] Target: 
usb start
(Re)start USB...
USB0:   USB EHCI 1.00
scanning bus 0 for devices... 3 USB Device(s) found
       scanning usb for storage devices... 0 Storage Device(s) found
       scanning usb for ethernet devices... 1 Ethernet Device(s) found
U-Boot# 
- 09:22:40 [INFO] Host: printenv
- 09:22:40 [INFO] Target: 
printenv
arch=arm
autoload=no
baudrate=115200
board=panda
board_name=panda
bootargs=console=ttyO2,115200n8 vram=16M earlyprintk rootwait 
bootcmd=
bootdelay=1
bootdir=/boot
bootfile=zImage
bootm_size=0x08000000
bootpart=0:2
bootscript=echo Running bootscript from mmc${mmcdev} ...; source ${loadaddr}
console=ttyO2,115200n8
cpu=armv7
ethact=sms0
fdt_addr_r=0x88000000
fdtaddr=0x88000000
fdtfile=undefined
findfdt=if test $board_name = sdp4430; then setenv fdtfile omap4-sdp.dtb; fi; if test $board_name = panda; then setenv fdtfile omap4-panda.dtb; fi;if test $board_name = panda-a4; then setenv fdtfile omap4-panda-a4.dtb; fi;if test $board_name = panda-es; then setenv fdtfile omap4-panda-es.dtb; fi;if test $fdtfile = undefined; then echo WARNING: Could not determine device tree to use; fi; 
importbootenv=echo Importing environment from mmc${mmcdev} ...; env import -t ${loadaddr} ${filesize}
kernel_addr_r=0x82000000
loadaddr=0x82000000
loadbootenv=fatload mmc ${mmcdev} ${loadaddr} uEnv.txt
loadbootscript=fatload mmc ${mmcdev} ${loadaddr} boot.scr
loadfdt=load mmc ${bootpart} ${fdtaddr} ${bootdir}/${fdtfile}
loadimage=load mmc ${bootpart} ${loadaddr} ${bootdir}/${bootfile}
mmcargs=setenv bootargs console=${console} vram=${vram} root=${mmcroot} rootfstype=${mmcrootfstype}
mmcboot=echo Booting from mmc${mmcdev} ...; run mmcargs; bootz ${loadaddr} - ${fdtaddr}
mmcdev=0
mmcroot=/dev/mmcblk0p2 rw
mmcrootfstype=ext3 rootwait
ramdisk_addr_r=0x88080000
rdaddr=0x88080000
serverip=192.168.1.254
soc=omap4
usbethaddr=2E:62:05:CC:46:01
usbtty=cdc_acm
vendor=ti
ver=U-Boot 2014.04-00069-g53b0d70 (Apr 22 2014 - 14:39:57)
vram=16M
Environment size: 1708/131068 bytes
U-Boot# 
- 09:22:40 [INFO] Host: setenv bootargs ''${bootargs}' ip=:::::eth0:dhcp '
- 09:22:40 [INFO] Target: 
setenv bootargs ''${bootargs}' ip=:::::eth0:dhcp '
U-Boot# 
- 09:22:40 [INFO] Host: setenv serverip '192.168.1.254'
- 09:22:40 [INFO] Target: 
setenv serverip '192.168.1.254'
U-Boot# 
- 09:22:40 [INFO] Host: setenv autoload 'no'
- 09:22:40 [INFO] Target: 
setenv autoload 'no'
U-Boot# 
- 09:22:40 [INFO] Host: dhcp
- 09:22:43 [INFO] Target: 
dhcp
Waiting for Ethernet connection... done.
BOOTP broadcast 1
DHCP client bound to address 192.168.1.166
U-Boot# 
- 09:22:43 [INFO] Host: tftp ${loadaddr} 192.168.1.254:vatf_10/9fb69ffea38fff73c861590c0171d613
- 09:22:52 [INFO] Target: 
tftp ${loadaddr} 192.168.1.254:vatf_10/9fb69ffea38fff73c861590c0171d613
Waiting for Ethernet connection... done.
Using sms0 device
TFTP from server 192.168.1.254; our IP address is 192.168.1.166
Filename 'vatf_10/9fb69ffea38fff73c861590c0171d613'.
Load address: 0x82000000
Loading: *EHCI timed out on TD - token=0x88008d80
T #################################################################
	 #################################################################
	 #################################################################
	 #################################################################
	 #################################################################
	 #################################################################
	 ###############################################
	 866.2 KiB/s
done
Bytes transferred = 6400728 (61aad8 hex)
U-Boot# 
- 09:22:52 [INFO] Host: tftp ${fdt_addr_r} 192.168.1.254:vatf_10/fe6549cb570de12655f1e108227ed06d
- 09:22:59 [INFO] Target: 
tftp ${fdt_addr_r} 192.168.1.254:vatf_10/fe6549cb570de12655f1e108227ed06d
Waiting for Ethernet connection... done.
Using sms0 device
TFTP from server 192.168.1.254; our IP address is 192.168.1.166
Filename 'vatf_10/fe6549cb570de12655f1e108227ed06d'.
Load address: 0x88000000
Loading: *####
	 10.7 KiB/s
done
Bytes transferred = 56529 (dcd1 hex)
U-Boot# 
- 09:22:59 [INFO] Host: ls mmc 0:1
- 09:22:59 [INFO] Target: 
ls mmc 0:1
    33508   mlo 
   208700   u-boot.img 
      879   uenv.txt 
            .trash-1000/
        4   ws-calibrate.rules 
4 file(s), 1 dir(s)
U-Boot# 
- 09:22:59 [INFO] Host: ls mmc 0:2
- 09:22:59 [INFO] Target: 
ls mmc 0:2
<DIR>       4096 .
<DIR>       4096 ..
<DIR>      16384 lost+found
<DIR>       4096 bin
<DIR>       4096 boot
<SYM>         37 cpufreq
<SYM>         37 cpuidle
<DIR>       4096 dev
<DIR>       4096 etc
<DIR>       4096 home
<DIR>       4096 lib
<DIR>       4096 media
<DIR>       4096 mnt
<DIR>       4096 opt
<DIR>       4096 proc
<SYM>          8 run
<DIR>       4096 sbin
<DIR>       4096 srv
               9 .ash_history
<DIR>       4096 sys
<SYM>          8 tmp
<DIR>       4096 usr
<DIR>       4096 var
<DIR>       4096 www
<DIR>       4096 test
U-Boot# 
- 09:22:59 [INFO] Host: part uuid mmc 0:2
- 09:22:59 [INFO] Target: 
part uuid mmc 0:2
Unknown command 'part' - try 'help'
U-Boot# 
- 09:22:59 [INFO] Host: printenv
- 09:22:59 [INFO] Target: 
printenv
arch=arm
autoload=no
baudrate=115200
board=panda
board_name=panda
bootargs=console=ttyO2,115200n8 vram=16M earlyprintk rootwait  ip=:::::eth0:dhcp 
bootcmd=
bootdelay=1
bootdir=/boot
bootfile=zImage
bootm_size=0x08000000
bootpart=0:2
bootscript=echo Running bootscript from mmc${mmcdev} ...; source ${loadaddr}
console=ttyO2,115200n8
cpu=armv7
dnsip=192.0.2.2
ethact=sms0
fdt_addr_r=0x88000000
fdtaddr=0x88000000
fdtfile=undefined
fileaddr=88000000
filesize=dcd1
findfdt=if test $board_name = sdp4430; then setenv fdtfile omap4-sdp.dtb; fi; if test $board_name = panda; then setenv fdtfile omap4-panda.dtb; fi;if test $board_name = panda-a4; then setenv fdtfile omap4-panda-a4.dtb; fi;if test $board_name = panda-es; then setenv fdtfile omap4-panda-es.dtb; fi;if test $fdtfile = undefined; then echo WARNING: Could not determine device tree to use; fi; 
gatewayip=192.168.1.254
importbootenv=echo Importing environment from mmc${mmcdev} ...; env import -t ${loadaddr} ${filesize}
ipaddr=192.168.1.166
kernel_addr_r=0x82000000
loadaddr=0x82000000
loadbootenv=fatload mmc ${mmcdev} ${loadaddr} uEnv.txt
loadbootscript=fatload mmc ${mmcdev} ${loadaddr} boot.scr
loadfdt=load mmc ${bootpart} ${fdtaddr} ${bootdir}/${fdtfile}
loadimage=load mmc ${bootpart} ${loadaddr} ${bootdir}/${bootfile}
mmcargs=setenv bootargs console=${console} vram=${vram} root=${mmcroot} rootfstype=${mmcrootfstype}
mmcboot=echo Booting from mmc${mmcdev} ...; run mmcargs; bootz ${loadaddr} - ${fdtaddr}
mmcdev=0
mmcroot=/dev/mmcblk0p2 rw
mmcrootfstype=ext3 rootwait
netmask=255.255.255.0
ramdisk_addr_r=0x88080000
rdaddr=0x88080000
serverip=192.168.1.254
soc=omap4
usbethaddr=2E:62:05:CC:46:01
usbtty=cdc_acm
vendor=ti
ver=U-Boot 2014.04-00069-g53b0d70 (Apr 22 2014 - 14:39:57)
vram=16M
Environment size: 1854/131068 bytes
U-Boot# 
- 09:22:59 [INFO] Host: setenv bootargs ''${bootargs}' root=/dev/mmcblk0p2 rw rootfstype=ext3 rootwait '
- 09:22:59 [INFO] Target: 
setenv bootargs ''${bootargs}' root=/dev/mmcblk0p2 rw rootfstype=ext3 rootwait '
U-Boot# 
- 09:22:59 [INFO] Host: printenv
- 09:23:00 [INFO] Target: 
printenv
arch=arm
autoload=no
baudrate=115200
board=panda
board_name=panda
bootargs=console=ttyO2,115200n8 vram=16M earlyprintk rootwait  ip=:::::eth0:dhcp  root=/dev/mmcblk0p2 rw rootfstype=ext3 rootwait 
bootcmd=
bootdelay=1
bootdir=/boot
bootfile=zImage
bootm_size=0x08000000
bootpart=0:2
bootscript=echo Running bootscript from mmc${mmcdev} ...; source ${loadaddr}
console=ttyO2,115200n8
cpu=armv7
dnsip=192.0.2.2
ethact=sms0
fdt_addr_r=0x88000000
fdtaddr=0x88000000
fdtfile=undefined
fileaddr=88000000
filesize=dcd1
findfdt=if test $board_name = sdp4430; then setenv fdtfile omap4-sdp.dtb; fi; if test $board_name = panda; then setenv fdtfile omap4-panda.dtb; fi;if test $board_name = panda-a4; then setenv fdtfile omap4-panda-a4.dtb; fi;if test $board_name = panda-es; then setenv fdtfile omap4-panda-es.dtb; fi;if test $fdtfile = undefined; then echo WARNING: Could not determine device tree to use; fi; 
gatewayip=192.168.1.254
importbootenv=echo Importing environment from mmc${mmcdev} ...; env import -t ${loadaddr} ${filesize}
ipaddr=192.168.1.166
kernel_addr_r=0x82000000
loadaddr=0x82000000
loadbootenv=fatload mmc ${mmcdev} ${loadaddr} uEnv.txt
loadbootscript=fatload mmc ${mmcdev} ${loadaddr} boot.scr
loadfdt=load mmc ${bootpart} ${fdtaddr} ${bootdir}/${fdtfile}
loadimage=load mmc ${bootpart} ${loadaddr} ${bootdir}/${bootfile}
mmcargs=setenv bootargs console=${console} vram=${vram} root=${mmcroot} rootfstype=${mmcrootfstype}
mmcboot=echo Booting from mmc${mmcdev} ...; run mmcargs; bootz ${loadaddr} - ${fdtaddr}
mmcdev=0
mmcroot=/dev/mmcblk0p2 rw
mmcrootfstype=ext3 rootwait
netmask=255.255.255.0
ramdisk_addr_r=0x88080000
rdaddr=0x88080000
serverip=192.168.1.254
soc=omap4
usbethaddr=2E:62:05:CC:46:01
usbtty=cdc_acm
vendor=ti
ver=U-Boot 2014.04-00069-g53b0d70 (Apr 22 2014 - 14:39:57)
vram=16M
Environment size: 1903/131068 bytes
U-Boot# 
- 09:23:00 [INFO] Host: setenv bootcmd ''${bootcmd}' if iminfo ${loadaddr}; then bootm ${loadaddr} - ${fdt_addr_r}; else bootz ${loadaddr} - ${fdt_addr_r}; bootm ${loadaddr} - ${fdt_addr_r}; fi'
- 09:23:00 [INFO] Target: 
setenv bootcmd ''${bootcmd}' if iminfo ${loadaddr}; then bootm ${loadaddr} - ${fdt_addr_r}; else bootz ${loadaddr} - ${fdt_addr_r}; bootm ${loadaddr} - ${fdt_addr_r}; fi'
U-Boot# 
- 09:23:00 [INFO] Host: version
- 09:23:00 [INFO] Target: 
version
U-Boot 2014.04-00069-g53b0d70 (Apr 22 2014 - 14:39:57)
arm-linux-gnueabi-gcc (Ubuntu/Linaro 4.6.3-1ubuntu5) 4.6.3
GNU ld (GNU Binutils for Ubuntu) 2.22
U-Boot# 
- 09:23:00 [INFO] Host: bdinfo
- 09:23:00 [INFO] Target: 
bdinfo
arch_number = 0x00000AE7
boot_params = 0x80000100
DRAM bank   = 0x00000000
-> start    = 0x80000000
-> size     = 0x40000000
eth0name    = sms0
ethaddr     = (not set)
current eth = sms0
ip_addr     = 192.168.1.166
baudrate    = 115200 bps
TLB addr    = 0xBFFF0000
relocaddr   = 0xBFF79000
reloc off   = 0x3F779000
irq_sp      = 0xBFE58EE0
sp start    = 0xBFE58ED0
U-Boot# 
- 09:23:00 [INFO] Host: mmc rescan; echo $?
- 09:23:00 [INFO] Target: 
mmc rescan; echo $?
U-Boot# 
- 09:23:00 [INFO] Host: fatwrite mmc ${mmcdev}:1 ${loadaddr} ws-calibrate.rules 4
- 09:23:00 [INFO] Target: 
fatwrite mmc ${mmcdev}:1 ${loadaddr} ws-calibrate.rules 4
writing ws-calibrate.rules
4 bytes written
U-Boot# 
- 09:23:00 [INFO] Host: boot
- 09:25:30 [ERROR] On command: boot waiting for boot.+?(?-mix:.*\s+login) >>> error: execution expired
- 09:25:30 [INFO] Target: 
boot
## Checking Image at 82000000 ...
Unknown image format!
Kernel image @ 0x82000000 [ 0x000000 - 0x61aad8 ]
## Flattened Device Tree blob at 88000000
   Booting using the fdt blob at 0x88000000
   Loading Device Tree to 87fef000, end 87fffcd0 ... OK
Starting kernel ...
[    0.000000] Booting Linux on physical CPU 0x0
[    0.000000] Linux version 4.2.0-next-20150910-00002-g12915d7c8793 (nmenon@kahuna) (gcc version 4.6.3 (Ubuntu/Linaro 4.6.3-1ubuntu5) ) #1 SMP Thu Sep 10 09:15:21 CDT 2015
[    0.000000] CPU: ARMv7 Processor [411fc092] revision 2 (ARMv7), cr=10c5387d
[    0.000000] CPU: PIPT / VIPT nonaliasing data cache, VIPT aliasing instruction cache
[    0.000000] Machine model: TI OMAP4 PandaBoard
[    0.000000] cma: Reserved 64 MiB at 0xbb800000
[    0.000000] Memory policy: Data cache writealloc
[    0.000000] OMAP4: Map 0xbfe00000 to fe600000 for dram barrier
[    0.000000] OMAP4430 ES2.2
[    0.000000] PERCPU: Embedded 12 pages/cpu @eefaa000 s19200 r8192 d21760 u49152
[    0.000000] Built 1 zonelists in Zone order, mobility grouping on.  Total pages: 260112
[    0.000000] Kernel command line: console=ttyO2,115200n8 vram=16M earlyprintk rootwait  ip=:::::eth0:dhcp  root=/dev/mmcblk0p2 rw rootfstype=ext3 rootwait 
[    0.000000] PID hash table entries: 4096 (order: 2, 16384 bytes)
[    0.000000] Dentry cache hash table entries: 131072 (order: 7, 524288 bytes)
[    0.000000] Inode-cache hash table entries: 65536 (order: 6, 262144 bytes)
[    0.000000] Memory: 957440K/1046528K available (8141K kernel code, 1012K rwdata, 3620K rodata, 1032K init, 340K bss, 23552K reserved, 65536K cma-reserved, 202752K highmem)
[    0.000000] Virtual kernel memory layout:
[    0.000000]     vector  : 0xffff0000 - 0xffff1000   (   4 kB)
[    0.000000]     fixmap  : 0xffc00000 - 0xfff00000   (3072 kB)
[    0.000000]     vmalloc : 0xf0000000 - 0xff000000   ( 240 MB)
[    0.000000]     lowmem  : 0xc0000000 - 0xef800000   ( 760 MB)
[    0.000000]     pkmap   : 0xbfe00000 - 0xc0000000   (   2 MB)
[    0.000000]     modules : 0xbf000000 - 0xbfe00000   (  14 MB)
[    0.000000]       .text : 0xc0208000 - 0xc0d8559c   (11766 kB)
[    0.000000]       .init : 0xc0d86000 - 0xc0e88000   (1032 kB)
[    0.000000]       .data : 0xc0e88000 - 0xc0f85320   (1013 kB)
[    0.000000]        .bss : 0xc0f88000 - 0xc0fdd2e0   ( 341 kB)
[    0.000000] SLUB: HWalign=64, Order=0-3, MinObjects=0, CPUs=2, Nodes=1
[    0.000000] Hierarchical RCU implementation.
[    0.000000] 	Build-time adjustment of leaf fanout to 32.
[    0.000000] 	RCU restricting CPUs from NR_CPUS=16 to nr_cpu_ids=2.
[    0.000000] RCU: Adjusting geometry for rcu_fanout_leaf=32, nr_cpu_ids=2
[    0.000000] NR_IRQS:16 nr_irqs:16 16
[    0.000000] L2C: platform modifies aux control register: 0x0e070000 -> 0x3e470000
[    0.000000] L2C: DT/platform modifies aux control register: 0x0e070000 -> 0x3e470000
[    0.000000] L2C-310 errata 727915 769419 enabled
[    0.000000] L2C-310 enabling early BRESP for Cortex-A9
[    0.000000] L2C-310 ID prefetch enabled, offset 1 lines
[    0.000000] L2C-310 cache controller enabled, 16 ways, 1024 kB
[    0.000000] L2C-310: CACHE_ID 0x410000c4, AUX_CTRL 0x7e470000
[    0.000000] ti_dt_clocks_register: failed to lookup clock node dss_fck
[    0.000000] ti_dt_clocks_register: failed to lookup clock node dss_fck
[    0.000000] ti_dt_clocks_register: failed to lookup clock node div_ts_ck
[    0.000000] ti_dt_clocks_register: failed to lookup clock node bandgap_ts_fclk
[    0.000000] OMAP clockevent source: timer1 at 32768 Hz
[    0.000000] clocksource: 32k_counter: mask: 0xffffffff max_cycles: 0xffffffff, max_idle_ns: 58327039986419 ns
[    0.000000] sched_clock: 32 bits at 32kHz, resolution 30517ns, wraps every 65535999984741ns
[    0.000000] OMAP clocksource: 32k_counter at 32768 Hz
[    0.007995] Console: colour dummy device 80x30
[    0.008026] Calibrating delay loop... 1195.21 BogoMIPS (lpj=2988032)
[    0.035400] pid_max: default: 32768 minimum: 301
[    0.035552] Mount-cache hash table entries: 2048 (order: 1, 8192 bytes)
[    0.035552] Mountpoint-cache hash table entries: 2048 (order: 1, 8192 bytes)
[    0.036285] CPU: Testing write buffer coherency: ok
[    0.036560] CPU0: thread -1, cpu 0, socket 0, mpidr 80000000
[    0.036621] Setting up static identity map for 0x80209000 - 0x80209098
[    0.070404] CPU1: thread -1, cpu 1, socket 0, mpidr 80000001
[    0.070495] Brought up 2 CPUs
[    0.070495] SMP: Total of 2 processors activated (2390.42 BogoMIPS).
[    0.070526] CPU: All CPU(s) started in SVC mode.
[    0.071502] devtmpfs: initialized
[    0.091094] VFP support v0.3: implementor 41 architecture 3 part 30 variant 9 rev 1
[    0.093444] omap_hwmod: l3_main_3 using broken dt data from ocp
[    0.094940] omap_hwmod: l3_main_2 using broken dt data from ocp
[    0.191497] clocksource: jiffies: mask: 0xffffffff max_cycles: 0xffffffff, max_idle_ns: 9556302231375000 ns
[    0.197845] pinctrl core: initialized pinctrl subsystem
[    0.200286] NET: Registered protocol family 16
[    0.203125] DMA: preallocated 256 KiB pool for atomic coherent allocations
[    0.220458] cpuidle: using governor ladder
[    0.235443] cpuidle: using governor menu
[    0.243255] OMAP GPIO hardware version 0.1
[    0.247619] omap-gpmc 50000000.gpmc: GPMC revision 6.0
[    0.247619] gpmc_mem_init: disabling cs 0 mapped at 0x0-0x1000000
[    0.248229] irq: no irq domain found for /ocp/l4@4a000000/scm@100000/pinmux@40 !
[    0.248657] irq: no irq domain found for /ocp/l4@4a000000/scm@100000/pinmux@40 !
[    0.249084] irq: no irq domain found for /ocp/l4@4a000000/scm@100000/pinmux@40 !
[    0.261901] platform 4b501000.aes: Cannot lookup hwmod 'aes'
[    0.262237] platform 480a5000.des: Cannot lookup hwmod 'des'
[    0.267791] No ATAGs?
[    0.267822] hw-breakpoint: found 5 (+1 reserved) breakpoint and 1 watchpoint registers.
[    0.267852] hw-breakpoint: maximum watchpoint size is 4 bytes.
[    0.270172] OMAP DMA hardware revision 0.0
[    0.275268] Serial: AMBA PL011 UART driver
[    0.278045] ARM PMU: not yet supported on OMAP4430 due to missing CTI driver
[    0.308410] omap-dma-engine 4a056000.dma-controller: OMAP DMA engine driver
[    0.385528] reg-fixed-voltage wl12xx_vmmc: could not find pctldev for node /ocp/l4@4a000000/scm@100000/pinmux@40/pinmux_wl12xx_gpio, deferring probe
[    0.390014] vgaarb: loaded
[    0.390991] SCSI subsystem initialized
[    0.391601] usbcore: registered new interface driver usbfs
[    0.391662] usbcore: registered new interface driver hub
[    0.391754] usbcore: registered new device driver usb
[    0.393188] omap_i2c 48070000.i2c: could not find pctldev for node /ocp/l4@4a000000/scm@100000/pinmux@40/pinmux_i2c1_pins, deferring probe
[    0.393249] omap_i2c 48072000.i2c: could not find pctldev for node /ocp/l4@4a000000/scm@100000/pinmux@40/pinmux_i2c2_pins, deferring probe
[    0.393280] omap_i2c 48060000.i2c: could not find pctldev for node /ocp/l4@4a000000/scm@100000/pinmux@40/pinmux_i2c3_pins, deferring probe
[    0.393341] omap_i2c 48350000.i2c: could not find pctldev for node /ocp/l4@4a000000/scm@100000/pinmux@40/pinmux_i2c4_pins, deferring probe
[    0.394683] pps_core: LinuxPPS API ver. 1 registered
[    0.394683] pps_core: Software ver. 5.3.6 - Copyright 2005-2007 Rodolfo Giometti <giometti@linux.it>
[    0.394714] PTP clock support registered
[    0.395050] EDAC MC: Ver: 3.0.0
[    0.398223] clocksource: Switched to clocksource 32k_counter
[    0.412048] NET: Registered protocol family 2
[    0.412719] TCP established hash table entries: 8192 (order: 3, 32768 bytes)
[    0.412841] TCP bind hash table entries: 8192 (order: 4, 65536 bytes)
[    0.413024] TCP: Hash tables configured (established 8192 bind 8192)
[    0.413085] UDP hash table entries: 512 (order: 2, 16384 bytes)
[    0.413177] UDP-Lite hash table entries: 512 (order: 2, 16384 bytes)
[    0.413482] NET: Registered protocol family 1
[    0.413818] RPC: Registered named UNIX socket transport module.
[    0.413818] RPC: Registered udp transport module.
[    0.413818] RPC: Registered tcp transport module.
[    0.413848] RPC: Registered tcp NFSv4.1 backchannel transport module.
[    0.419372] futex hash table entries: 512 (order: 3, 32768 bytes)
[    0.432250] squashfs: version 4.0 (2009/01/31) Phillip Lougher
[    0.433319] NFS: Registering the id_resolver key type
[    0.433380] Key type id_resolver registered
[    0.433380] Key type id_legacy registered
[    0.433471] ntfs: driver 2.1.32 [Flags: R/O].
[    0.435119] bounce: pool size: 64 pages
[    0.435394] Block layer SCSI generic (bsg) driver version 0.4 loaded (major 249)
[    0.435424] io scheduler noop registered
[    0.435455] io scheduler deadline registered
[    0.435485] io scheduler cfq registered (default)
[    0.443420] pinctrl-single 4a100040.pinmux: 203 pins at pa fc100040 size 406
[    0.443664] pinctrl-single 4a31e040.pinmux: 28 pins at pa fc31e040 size 56
[    0.529479] Serial: 8250/16550 driver, 4 ports, IRQ sharing disabled
[    0.532775] SuperH (H)SCI(F) driver initialized
[    0.534271] msm_serial: driver initialized
[    0.535186] omap_uart 4806a000.serial: no wakeirq for uart0
[    0.535369] 4806a000.serial: ttyO0 at MMIO 0x4806a000 (irq = 226, base_baud = 3000000) is a OMAP UART0
[    0.536010] 4806c000.serial: ttyO1 at MMIO 0x4806c000 (irq = 227, base_baud = 3000000) is a OMAP UART1
[    0.536590] 48020000.serial: ttyO2 at MMIO 0x48020000 (irq = 228, base_baud = 3000000) is a OMAP UART2
[    1.386413] console [ttyO2] enabled
[    1.390594] 4806e000.serial: ttyO3 at MMIO 0x4806e000 (irq = 229, base_baud = 3000000) is a OMAP UART3
[    1.400878] STMicroelectronics ASC driver initialized
[    1.408874] [drm] Initialized drm 1.1.0 20060810
[    1.425384] loop: module loaded
[    1.441009] CAN device driver interface
[    1.447052] igb: Intel(R) Gigabit Ethernet Network Driver - version 5.3.0-k
[    1.454345] igb: Copyright (c) 2007-2014 Intel Corporation.
[    1.464691] pegasus: v0.9.3 (2013/04/25), Pegasus/Pegasus II USB Ethernet driver
[    1.472534] usbcore: registered new interface driver pegasus
[    1.478546] usbcore: registered new interface driver asix
[    1.484283] usbcore: registered new interface driver ax88179_178a
[    1.490722] usbcore: registered new interface driver cdc_ether
[    1.496917] usbcore: registered new interface driver smsc75xx
[    1.503051] usbcore: registered new interface driver smsc95xx
[    1.509155] usbcore: registered new interface driver net1080
[    1.515167] usbcore: registered new interface driver cdc_subset
[    1.521423] usbcore: registered new interface driver zaurus
[    1.527374] usbcore: registered new interface driver cdc_ncm
[    1.536346] ehci_hcd: USB 2.0 'Enhanced' Host Controller (EHCI) Driver
[    1.543212] ehci-pci: EHCI PCI platform driver
[    1.547943] ehci-platform: EHCI generic platform driver
[    1.553771] ehci-omap: OMAP-EHCI Host Controller driver
[    1.579803] ehci-omap 4a064c00.ehci: EHCI Host Controller
[    1.585510] ehci-omap 4a064c00.ehci: new USB bus registered, assigned bus number 1
[    1.593780] ehci-omap 4a064c00.ehci: irq 333, io mem 0x4a064c00
[    1.608245] ehci-omap 4a064c00.ehci: USB 2.0 started, EHCI 1.00
[    1.615417] hub 1-0:1.0: USB hub found
[    1.619384] hub 1-0:1.0: 3 ports detected
[    1.624298] ehci-orion: EHCI orion driver
[    1.628814] SPEAr-ehci: EHCI SPEAr driver
[    1.633239] ehci-st: EHCI STMicroelectronics driver
[    1.638580] ehci-exynos: EHCI EXYNOS driver
[    1.643249] ehci-atmel: EHCI Atmel driver
[    1.647674] tegra-ehci: Tegra EHCI driver
[    1.652130] ohci_hcd: USB 1.1 'Open' Host Controller (OHCI) Driver
[    1.658630] ohci-pci: OHCI PCI platform driver
[    1.663360] ohci-platform: OHCI generic platform driver
[    1.669128] ohci-omap3: OHCI OMAP3 driver
[    1.673583] ohci-omap3 4a064800.ohci: OHCI Host Controller
[    1.679351] ohci-omap3 4a064800.ohci: new USB bus registered, assigned bus number 2
[    1.687530] ohci-omap3 4a064800.ohci: irq 332, io mem 0x4a064800
[    1.769165] hub 2-0:1.0: USB hub found
[    1.773132] hub 2-0:1.0: 3 ports detected
[    1.777923] SPEAr-ohci: OHCI SPEAr driver
[    1.782440] ohci-st: OHCI STMicroelectronics driver
[    1.787780] ohci-atmel: OHCI Atmel driver
[    1.792388] usbcore: registered new interface driver usb-storage
[    1.800811] mousedev: PS/2 mouse device common for all mice
[    1.812438] i2c /dev entries driver
[    1.828582] sdhci: Secure Digital Host Controller Interface driver
[    1.835052] sdhci: Copyright(c) Pierre Ossman
[    1.869659] Synopsys Designware Multimedia Card Interface Driver
[    1.877746] sdhci-pltfm: SDHCI platform and OF driver helper
[    1.887023] ledtrig-cpu: registered to indicate activity on CPUs
[    1.893859] usbcore: registered new interface driver usbhid
[    1.899719] usbhid: USB HID core driver
[    1.910461] NET: Registered protocol family 10
[    1.916320] sit: IPv6 over IPv4 tunneling driver
[    1.921936] NET: Registered protocol family 17
[    1.926635] can: controller area network core (rev 20120528 abi 9)
[    1.933197] NET: Registered protocol family 29
[    1.937866] can: raw protocol (rev 20120528)
[    1.942352] can: broadcast manager protocol (rev 20120528 t)
[    1.948303] can: netlink gateway (rev 20130117) max_hops=1
[    1.954620] Key type dns_resolver registered
[    1.959442] twl: not initialized
[    1.962829] twl6030_uv_to_vsel:OUT OF RANGE! non mapped vsel for 1375000 Vs max 1316660
[    1.971191] twl6030_uv_to_vsel:OUT OF RANGE! non mapped vsel for 1375000 Vs max 1316660
[    1.979583] twl6030_uv_to_vsel:OUT OF RANGE! non mapped vsel for 1375000 Vs max 1316660
[    1.987976] twl6030_uv_to_vsel:OUT OF RANGE! non mapped vsel for 1375000 Vs max 1316660
[    1.996368] twl6030_uv_to_vsel:OUT OF RANGE! non mapped vsel for 1375000 Vs max 1316660
[    2.004760] twl6030_uv_to_vsel:OUT OF RANGE! non mapped vsel for 1375000 Vs max 1316660
[    2.013122] twl6030_uv_to_vsel:OUT OF RANGE! non mapped vsel for 1410000 Vs max 1316660
[    2.021514] omap2_set_init_voltage: unable to find boot up OPP for vdd_mpu
[    2.028717] omap2_set_init_voltage: unable to set vdd_mpu
[    2.034362] omap2_set_init_voltage: unable to find boot up OPP for vdd_core
[    2.041656] omap2_set_init_voltage: unable to set vdd_core
[    2.047424] omap2_set_init_voltage: unable to find boot up OPP for vdd_iva
[    2.054595] omap2_set_init_voltage: unable to set vdd_iva
[    2.062042] Power Management for TI OMAP4+ devices.
[    2.067260] OMAP4 PM: u-boot >= v2012.07 is required for full PM support
[    2.074584] ThumbEE CPU extension supported.
[    2.079742] Registering SWP/SWPB emulation handler
[    2.085418] usb 1-1: new high-speed USB device number 2 using ehci-omap
[    2.099792] Skipping twl internal clock init and using bootloader value (unknown osc rate)
[    2.113494] hw-breakpoint: Failed to enable monitor mode on CPU 0.
[    2.128448] hw-breakpoint: CPU 0 failed to disable vector catch
[    2.137542] twl 0-0048: PIH (irq 337) nested IRQs
[    2.146514] twl_rtc 48070000.i2c:twl@48:rtc: Power up reset detected.
[    2.155700] twl_rtc 48070000.i2c:twl@48:rtc: Enabling TWL-RTC
[    2.165924] twl_rtc 48070000.i2c:twl@48:rtc: rtc core: registered 48070000.i2c:twl@48 as rtc0
[    2.203338] omap_i2c 48070000.i2c: bus 0 rev0.10 at 400 kHz
[    2.212066] omap_i2c 48072000.i2c: bus 1 rev0.10 at 400 kHz
[    2.220672] hub 1-1:1.0: USB hub found
[    2.220672] omap_i2c 48060000.i2c: bus 2 rev0.10 at 100 kHz
[    2.230804] hub 1-1:1.0: 5 ports detected
[    2.235321] omap_i2c 48350000.i2c: bus 3 rev0.10 at 400 kHz
[    2.385650] twl_rtc 48070000.i2c:twl@48:rtc: setting system clock to 2000-01-01 00:00:00 UTC (946684800)
[    2.513244] usb 1-1.1: new high-speed USB device number 3 using ehci-omap
[    2.633483] smsc95xx v1.0.4
[    2.714813] smsc95xx 1-1.1:1.0 eth0: register 'smsc95xx' at usb-4a064c00.ehci-1.1, smsc95xx USB 2.0 Ethernet, 7a:17:28:f3:36:40
[    3.465942] smsc95xx 1-1.1:1.0 eth0: hardware isn't capable of remote wakeup
[    3.473571] IPv6: ADDRCONF(NETDEV_UP): eth0: link is not ready
[    4.959564] smsc95xx 1-1.1:1.0 eth0: link up, 100Mbps, full-duplex, lpa 0xC5E1
[    4.967346] IPv6: ADDRCONF(NETDEV_CHANGE): eth0: link becomes ready
[    4.978302] Sending DHCP requests .
[    4.983367] smsc95xx 1-1.1:1.0 eth0: link up, 100Mbps, full-duplex, lpa 0xC5E1
[    5.992675] , OK
[    6.068725] IP-Config: Got DHCP answer from 192.168.1.254, my address is 192.168.1.193
[    6.077087] IP-Config: Complete:
[    6.080627]      device=eth0, hwaddr=7a:17:28:f3:36:40, ipaddr=192.168.1.193, mask=255.255.255.0, gw=192.168.1.254
[    6.091522]      host=192.168.1.193, domain=ti.com, nis-domain=(none)
[    6.098327]      bootserver=192.168.1.254, rootserver=192.168.1.254, rootpath=
[    6.105743]      nameserver0=192.0.2.2, nameserver1=192.0.2.3
[    6.111816] vwl1271: disabling
[    6.116821] VMMC: disabling
[    6.121063] VDAC: disabling
[    6.124511] VANA: disabling
[    6.127960] VUSB: disabling
[    6.132141] Waiting for root device /dev/mmcblk0p2...
[  124.573303] random: nonblocking pool is initialized
- 09:25:30 [INFO] Boot attempt 1/1 failed
URL:gtsystest.telogy.design.ti.com/vatf/tidfarm-02.dal.design.ti.com/tidfarm-02.dal.design.ti.com_vatf@10/tidfarm-02.dal.design.ti.com09_10_2015_09_21_36/files/session_iteration_1/test_1
