- 06:13:40 [INFO] Starting target session
- 06:13:41 [INFO] Connected to sdp3430 via serial 
- 06:13:41 [INFO] Host: #check prompt
- 06:13:44 [ERROR] On command: #check prompt waiting for #check prompt.+?(?-mix:((?-mix:.*\s+login)|[Pp]assword)) >>> error: execution expired
- 06:13:44 [INFO] Target: 
#check prompt
root@GenericOMAP3(FlattenedDeviceTree):/test# 
- 06:13:44 [INFO] Host: #check prompt
- 06:13:44 [INFO] Target: 
#check prompt
root@GenericOMAP3(FlattenedDeviceTree):/test# 
- 06:13:44 [INFO] Host: sync;poweroff
- 06:14:03 [INFO] Target: 
sync;poweroff
Broadcast message from root@GenericOMAP3(FlattenedDeviceTree) (ttyO0) (Tue De
The system is going down for system halt NOW!
INIT: Switching to runlevel: 0
root@GenericOMAP3(FlattenedDevi
INIT: Sending processes the TERM signal
INIT: Sending processes the KILL signal
Stopping Dropbear SSH server: stopped /usr/sbin/dropbear (pid 740)
dropbear.
Stopping telnet daemon.
Stopping system message bus: hwclock: can't open '/dev/misc/rtc': No such file or directory
Error opening /dev/fb0: No such file or directory
Stopping syslogd/klogd: stopped syslogd (pid 752)
stopped klogd (pid 755)
done
Stopping thttpd.
ALSA: Storing mixer settings...
/usr/sbin/alsactl: save_state:1580: No soundcards found...
Deconfiguring network interfaces... ifdown: interface eth0 not configured
done.
Stopping Lighttpd Web Server: stopped /usr/sbin/lighttpd (pid 766)
lighttpd.
***************************************************************
***************************************************************
NOTICE: This file system contains the followin GPLv3 packages:
	binutils-symlinks
	binutils
	gdbserver
	parted
If you do not wish to distribute GPLv3 components please remove
the above packages prior to distribution.  This can be done using
the opkg remove command.  i.e.:
    opkg remove <package>
Where <package> is the name printed in the list above
NOTE: If the package is a dependency of another package you
      will be notified of the dependent packages.  You should
      use the --force-removal-of-dependent-packages option to
      also remove the dependent packages as well
***************************************************************
***************************************************************
Sending all processes the TERM signal...
Sending all processes the KILL signal...
Unmounting remote filesystems...
Deactivating swap...
Unmounting local filesystems...
[ 1254.078186] reboot: System halted
- 06:14:03 [INFO] Disconnected serial from sdp3430
- 06:14:04 [INFO] Connected to sdp3430 via serial 
- 06:14:04 [INFO] Host: 
- 06:14:05 [ERROR] On command:  waiting for (?-mix:OMAP34XX\sSDP\s#) >>> error: execution expired
- 06:14:05 [INFO] Target: 
- 06:14:05 [INFO] Host: 
- 06:14:05 [ERROR] On command:  waiting for (?-mix:OMAP34XX\sSDP\s#) >>> error: execution expired
- 06:14:05 [INFO] Target: 
- 06:14:05 [INFO] Host: 
- 06:14:06 [ERROR] On command:  waiting for (?-mix:OMAP34XX\sSDP\s#) >>> error: execution expired
- 06:14:06 [INFO] Target: 
- 06:14:06 [INFO] Host: 
- 06:14:06 [ERROR] On command:  waiting for (?-mix:OMAP34XX\sSDP\s#) >>> error: execution expired
- 06:14:06 [INFO] Target: 
U-Boot 2009.11-rc1-00485-g7d1e865 (Nov 09 2009 - 11:21:55)
OMAP3530-GP ES3.0, CPU-OPP2 L3-165MHz
OMAP3 SDP3430 board + LPDDR/NOR
I2C:   ready
DRAM:  128 MB
Flash: 128 MB
In:    serial
Out:   serial
Err:   serial
- 06:14:06 [INFO] Host: 
- 06:14:07 [INFO] Target: 
OMAP34XX SDP # 
OMAP34XX SDP # 
- 06:14:07 [INFO] Host: version
- 06:14:07 [INFO] Target: 
version
U-Boot 2009.11-rc1-00485-g7d1e865 (Nov 09 2009 - 11:21:55)
OMAP34XX SDP # 
- 06:14:07 [INFO] Host: bdinfo
- 06:14:08 [INFO] Target: 
bdinfo
arch_number = 0x00000472
env_t       = 0x00000000
boot_params = 0x80000100
DRAM bank   = 0x00000000
-> start    = 0x80000000
-> size     = 0x08000000
DRAM bank   = 0x00000001
-> start    = 0xA0000000
-> size     = 0x00000000
ethaddr     = 08:00:28:01:24:57
ip_addr     = 0.0.0.0
baudrate    = 115200 bps
OMAP34XX SDP # 
- 06:14:08 [INFO] Host: printenv
- 06:14:08 [INFO] Target: 
printenv
baudrate=115200
loadaddr=0x82000000
console=ttyS0,115200n8
mmcargs=setenv bootargs console=${console} root=/dev/mmcblk0p2 rw rootfstype=ext3 rootwait
norargs=setenv bootargs console=${console} root=/dev/mtdblock3 rw rootfstype=jffs2
loadbootscript=fatload mmc 0 ${loadaddr} boot.scr
bootscript=echo Running bootscript from MMC/SD ...; autoscr ${loadaddr}
loaduimage=fatload mmc 0 ${loadaddr} uImage
mmcboot=echo Booting from MMC/SD ...; run mmcargs; bootm ${loadaddr}
norboot=echo Booting from NOR ...; run norargs; bootm 0x80000
bootdelay=3
ethaddr=08:00:28:01:24:57
serverip=128.247.91.123
bootfile=/tftpboot/kernel/uImage.omap3430-sdp
bootcmd=dhcp;bootm
bootargs=console=ttyO0,115200n8 debug ignore_loglevel earlyprintk root=/dev/mmcblk0p2 rw rootfstype=ext3 rootwait nohlt
stdin=serial
stdout=serial
stderr=serial
Environment size: 818/262140 bytes
OMAP34XX SDP # 
- 06:14:08 [INFO] Host: setenv autoload 'no'
- 06:14:09 [INFO] Target: 
setenv autoload 'no'
OMAP34XX SDP # 
- 06:14:09 [INFO] Host: dhcp
- 06:14:11 [INFO] Target: 
dhcp
Using MAC Address 08:00:28:01:24:57
BOOTP broadcast 1
DHCP client bound to address 192.168.1.185
OMAP34XX SDP # 
- 06:14:11 [INFO] Host: setenv serverip 192.168.1.254
- 06:14:11 [INFO] Target: 
setenv serverip 192.168.1.254
OMAP34XX SDP # 
- 06:14:11 [INFO] Host: setenv bootargs 'console=ttyO0,115200n8 earlyprintk rootwait ip=dhcp root=/dev/mmcblk0p2 rw rootfstype=ext3 nohlt'
- 06:14:12 [INFO] Target: 
setenv bootargs 'console=ttyO0,115200n8 earlyprintk rootwait ip=dhcp root=/dev/mmcblk0p2 rw rootfstype=ext3 nohlt'
OMAP34XX SDP # 
- 06:14:12 [INFO] Host: setenv bootcmd 'tftp ${loadaddr} 192.168.1.254:vatf_7/93e8cbab36d5760858f1732aa4194f8f; bootm ${loadaddr}'
- 06:14:12 [INFO] Target: 
setenv bootcmd 'tftp ${loadaddr} 192.168.1.254:vatf_7/93e8cbab36d5760858f1732aa4194f8f; bootm ${loadaddr}'
OMAP34XX SDP # 
- 06:14:12 [INFO] Host: printenv
- 06:14:13 [INFO] Target: 
printenv
baudrate=115200
loadaddr=0x82000000
console=ttyS0,115200n8
mmcargs=setenv bootargs console=${console} root=/dev/mmcblk0p2 rw rootfstype=ext3 rootwait
norargs=setenv bootargs console=${console} root=/dev/mtdblock3 rw rootfstype=jffs2
loadbootscript=fatload mmc 0 ${loadaddr} boot.scr
bootscript=echo Running bootscript from MMC/SD ...; autoscr ${loadaddr}
loaduimage=fatload mmc 0 ${loadaddr} uImage
mmcboot=echo Booting from MMC/SD ...; run mmcargs; bootm ${loadaddr}
norboot=echo Booting from NOR ...; run norargs; bootm 0x80000
bootdelay=3
ethaddr=08:00:28:01:24:57
stdin=serial
stdout=serial
stderr=serial
autoload=no
bootfile=/tftpboot/kernel/uImage.omap3430-sdp
gatewayip=192.168.1.254
netmask=255.255.255.0
ipaddr=192.168.1.185
serverip=192.168.1.254
bootargs=console=ttyO0,115200n8 earlyprintk rootwait ip=dhcp root=/dev/mmcblk0p2 rw rootfstype=ext3 nohlt
bootcmd=tftp ${loadaddr} 192.168.1.254:vatf_7/93e8cbab36d5760858f1732aa4194f8f; bootm ${loadaddr}
Environment size: 961/262140 bytes
OMAP34XX SDP # 
- 06:14:13 [INFO] Host: boot
- 06:15:16 [INFO] Target: 
boot
Using MAC Address 08:00:28:01:24:57
TFTP from server 192.168.1.254; our IP address is 192.168.1.185
Filename 'vatf_7/93e8cbab36d5760858f1732aa4194f8f'.
Load address: 0x82000000
Loading: *#################################################################
	 #################################################################
	 #################################################################
	 #################################################################
	 #################################################################
	 #################################################################
	 #####################################
done
Bytes transferred = 6265970 (5f9c72 hex)
## Booting kernel from Legacy Image at 82000000 ...
   Image Name:   Linux-4.0.0-rc7-next-20150409-00
   Image Type:   ARM Linux Kernel Image (uncompressed)
   Data Size:    6265906 Bytes =  6 MB
   Load Address: 80800000
   Entry Point:  80800000
   Verifying Checksum ... OK
   Loading Kernel Image ... OK
Starting kernel ...
[    0.000000] Booting Linux on physical CPU 0x0
[    0.000000] Linux version 4.0.0-rc7-next-20150409-00002-g6639d6ba0c8d (nmenon@kahuna) (gcc version 4.6.3 (Ubuntu/Linaro 4.6.3-1ubuntu5) ) #1 SMP Thu Apr 9 06:08:32 CDT 2015
[    0.000000] CPU: ARMv7 Processor [411fc083] revision 3 (ARMv7), cr=10c5387d
[    0.000000] CPU: PIPT / VIPT nonaliasing data cache, VIPT nonaliasing instruction cache
[    0.000000] Machine model: TI OMAP3430 SDP
[    0.000000] earlycon: no match for ttyO0,115200n8
[    0.000000] cma: Reserved 64 MiB at 0x83800000
[    0.000000] Memory policy: Data cache writeback
[    0.000000] CPU: All CPU(s) started in SVC mode.
[    0.000000] OMAP3430/3530 ES3.0 (l2cache iva sgx neon isp )
[    0.000000] PERCPU: Embedded 12 pages/cpu @c7d8b000 s17024 r8192 d23936 u49152
[    0.000000] Built 1 zonelists in Zone order, mobility grouping on.  Total pages: 32256
[    0.000000] Kernel command line: console=ttyO0,115200n8 earlyprintk rootwait ip=dhcp root=/dev/mmcblk0p2 rw rootfstype=ext3 nohlt
[    0.000000] PID hash table entries: 512 (order: -1, 2048 bytes)
[    0.000000] Dentry cache hash table entries: 16384 (order: 4, 65536 bytes)
[    0.000000] Inode-cache hash table entries: 8192 (order: 3, 32768 bytes)
[    0.000000] Memory: 49080K/130048K available (8026K kernel code, 1026K rwdata, 3556K rodata, 820K init, 317K bss, 15432K reserved, 65536K cma-reserved, 0K highmem)
[    0.000000] Virtual kernel memory layout:
[    0.000000]     vector  : 0xffff0000 - 0xffff1000   (   4 kB)
[    0.000000]     fixmap  : 0xffc00000 - 0xfff00000   (3072 kB)
[    0.000000]     vmalloc : 0xc8800000 - 0xff000000   ( 872 MB)
[    0.000000]     lowmem  : 0xc0000000 - 0xc8000000   ( 128 MB)
[    0.000000]     pkmap   : 0xbfe00000 - 0xc0000000   (   2 MB)
[    0.000000]     modules : 0xbf000000 - 0xbfe00000   (  14 MB)
[    0.000000]       .text : 0xc0208000 - 0xc0d58974   (11587 kB)
[    0.000000]       .init : 0xc0d59000 - 0xc0e26000   ( 820 kB)
[    0.000000]       .data : 0xc0e26000 - 0xc0f26b00   (1027 kB)
[    0.000000]        .bss : 0xc0f29000 - 0xc0f78620   ( 318 kB)
[    0.000000] SLUB: HWalign=64, Order=0-3, MinObjects=0, CPUs=1, Nodes=1
[    0.000000] Hierarchical RCU implementation.
[    0.000000] 	Additional per-CPU info printed with stalls.
[    0.000000] 	RCU restricting CPUs from NR_CPUS=16 to nr_cpu_ids=1.
[    0.000000] RCU: Adjusting geometry for rcu_fanout_leaf=16, nr_cpu_ids=1
[    0.000000] NR_IRQS:16 nr_irqs:16 16
[    0.000000] IRQ: Found an INTC at 0xfa200000 (revision 4.0) with 96 interrupts
[    0.000000] Clocking rate (Crystal/Core/MPU): 26.0/332/500 MHz
[    0.000000] OMAP clockevent source: timer1 at 32768 Hz
[    0.000000] clocksource 32k_counter: mask: 0xffffffff max_cycles: 0xffffffff, max_idle_ns: 58327039986419 ns
[    0.000000] sched_clock: 32 bits at 32kHz, resolution 30517ns, wraps every 65535999984741ns
[    0.000030] OMAP clocksource: 32k_counter at 32768 Hz
[    0.000305] Console: colour dummy device 80x30
[    0.000366] Calibrating delay loop... 493.97 BogoMIPS (lpj=1234944)
[    0.033660] pid_max: default: 32768 minimum: 301
[    0.033905] Mount-cache hash table entries: 1024 (order: 0, 4096 bytes)
[    0.033935] Mountpoint-cache hash table entries: 1024 (order: 0, 4096 bytes)
[    0.035278] CPU: Testing write buffer coherency: ok
[    0.035766] CPU0: thread -1, cpu 0, socket -1, mpidr 0
[    0.035980] Setting up static identity map for 0x80209000 - 0x80209098
[    0.042999] Brought up 1 CPUs
[    0.043029] SMP: Total of 1 processors activated (493.97 BogoMIPS).
[    0.043029] CPU: All CPU(s) started in SVC mode.
[    0.044189] devtmpfs: initialized
[    0.050720] VFP support v0.3: implementor 41 architecture 3 part 30 variant c rev 1
[    0.077392] omap_hwmod: mcbsp2_sidetone using broken dt data from mcbsp
[    0.078155] omap_hwmod: mcbsp3_sidetone using broken dt data from mcbsp
[    0.143554] clocksource jiffies: mask: 0xffffffff max_cycles: 0xffffffff, max_idle_ns: 9556302231375000 ns
[    0.149414] pinctrl core: initialized pinctrl subsystem
[    0.201019] NET: Registered protocol family 16
[    0.205963] DMA: preallocated 256 KiB pool for atomic coherent allocations
[    0.210571] cpuidle: using governor ladder
[    0.210601] cpuidle: using governor menu
[    0.218719] Reprogramming SDRC clock to 332000000 Hz
[    0.229309] OMAP GPIO hardware version 2.5
[    0.257110] omap-gpmc 6e000000.gpmc: GPMC revision 5.0
[    0.260375] /ocp/isp@480bc000: could not get #iommu-cells for /ocp/mmu@480bd400
[    0.261840] No ATAGs?
[    0.261901] hw-breakpoint: debug architecture 0x4 unsupported.
[    0.265563] OMAP DMA hardware revision 4.0
[    0.271392] Serial: AMBA PL011 UART driver
[    0.333618] omap-dma-engine 48056000.dma-controller: OMAP DMA engine driver
[    0.340118] vgaarb: loaded
[    0.341796] SCSI subsystem initialized
[    0.343170] usbcore: registered new interface driver usbfs
[    0.343353] usbcore: registered new interface driver hub
[    0.343475] usbcore: registered new device driver usb
[    0.346618] omap_i2c 48070000.i2c: bus 0 rev3.3 at 2600 kHz
[    0.347717] omap_i2c 48072000.i2c: bus 1 rev3.3 at 100 kHz
[    0.348632] omap_i2c 48060000.i2c: bus 2 rev3.3 at 100 kHz
[    0.350280] media: Linux media interface: v0.10
[    0.350463] Linux video capture interface: v2.00
[    0.350616] pps_core: LinuxPPS API ver. 1 registered
[    0.350616] pps_core: Software ver. 5.3.6 - Copyright 2005-2007 Rodolfo Giometti <giometti@linux.it>
[    0.350677] PTP clock support registered
[    0.351196] EDAC MC: Ver: 3.0.0
[    0.354492] Advanced Linux Sound Architecture Driver Initialized.
[    0.357116] Switched to clocksource 32k_counter
[    0.382629] NET: Registered protocol family 2
[    0.383789] TCP established hash table entries: 1024 (order: 0, 4096 bytes)
[    0.383850] TCP bind hash table entries: 1024 (order: 1, 8192 bytes)
[    0.383880] TCP: Hash tables configured (established 1024 bind 1024)
[    0.384063] UDP hash table entries: 256 (order: 1, 8192 bytes)
[    0.384094] UDP-Lite hash table entries: 256 (order: 1, 8192 bytes)
[    0.384429] NET: Registered protocol family 1
[    0.385101] RPC: Registered named UNIX socket transport module.
[    0.385131] RPC: Registered udp transport module.
[    0.385131] RPC: Registered tcp transport module.
[    0.385131] RPC: Registered tcp NFSv4.1 backchannel transport module.
[    0.389160] CPU PMU: Failed to parse <no-node>/interrupt-affinity[0]
[    0.389312] hw perfevents: enabled with armv7_cortex_a8 PMU driver, 5 counters available
[    0.394500] futex hash table entries: 256 (order: 2, 16384 bytes)
[    0.423645] squashfs: version 4.0 (2009/01/31) Phillip Lougher
[    0.425964] NFS: Registering the id_resolver key type
[    0.426025] Key type id_resolver registered
[    0.426055] Key type id_legacy registered
[    0.426177] ntfs: driver 2.1.32 [Flags: R/O].
[    0.429412] Block layer SCSI generic (bsg) driver version 0.4 loaded (major 248)
[    0.429443] io scheduler noop registered
[    0.429473] io scheduler deadline registered
[    0.429931] io scheduler cfq registered (default)
[    0.438629] pinctrl-single 48002030.pinmux: 284 pins at pa fa002030 size 568
[    0.439117] pinctrl-single 48002a00.pinmux: 46 pins at pa fa002a00 size 92
[    0.439758] pinctrl-single 480025d8.pinmux: 18 pins at pa fa0025d8 size 36
[    0.603210] Serial: 8250/16550 driver, 4 ports, IRQ sharing disabled
[    0.608489] SuperH (H)SCI(F) driver initialized
[    0.609985] msm_serial: driver initialized
[    0.611236] omap_uart 4806a000.serial: no wakeirq for uart0
[    0.611511] 4806a000.serial: ttyO0 at MMIO 0x4806a000 (irq = 88, base_baud = 3000000) is a OMAP UART0
[    1.325195] console [ttyO0] enabled
[    1.329956] omap_uart 4806c000.serial: no wakeirq for uart1
[    1.336090] 4806c000.serial: ttyO1 at MMIO 0x4806c000 (irq = 89, base_baud = 3000000) is a OMAP UART1
[    1.346679] omap_uart 49020000.serial: no wakeirq for uart2
[    1.352813] 49020000.serial: ttyO2 at MMIO 0x49020000 (irq = 90, base_baud = 3000000) is a OMAP UART2
[    1.363464] STMicroelectronics ASC driver initialized
[    1.371948] [drm] Initialized drm 1.1.0 20060810
[    1.393676] loop: module loaded
[    1.406555] twl 0-0048: PIH (irq 23) chaining IRQs 338..346
[    1.412628] twl 0-0048: power (irq 343) chaining IRQs 346..353
[    1.459197] twl4030_gpio twl4030-gpio: gpio (irq 338) chaining IRQs 354..371
[    1.493316] CAN device driver interface
[    1.500305] igb: Intel(R) Gigabit Ethernet Network Driver - version 5.2.15-k
[    1.507781] igb: Copyright (c) 2007-2014 Intel Corporation.
[    1.518951] pegasus: v0.9.3 (2013/04/25), Pegasus/Pegasus II USB Ethernet driver
[    1.526947] usbcore: registered new interface driver pegasus
[    1.533111] usbcore: registered new interface driver asix
[    1.538970] usbcore: registered new interface driver ax88179_178a
[    1.545532] usbcore: registered new interface driver cdc_ether
[    1.551879] usbcore: registered new interface driver smsc75xx
[    1.558135] usbcore: registered new interface driver smsc95xx
[    1.564331] usbcore: registered new interface driver net1080
[    1.570434] usbcore: registered new interface driver cdc_subset
[    1.576812] usbcore: registered new interface driver zaurus
[    1.582946] usbcore: registered new interface driver cdc_ncm
[    1.592956] ehci_hcd: USB 2.0 'Enhanced' Host Controller (EHCI) Driver
[    1.599914] ehci-pci: EHCI PCI platform driver
[    1.604766] ehci-platform: EHCI generic platform driver
[    1.610839] ehci-omap: OMAP-EHCI Host Controller driver
[    1.617004] ehci-omap 48064800.ehci: EHCI Host Controller
[    1.622802] ehci-omap 48064800.ehci: new USB bus registered, assigned bus number 1
[    1.631408] ehci-omap 48064800.ehci: irq 93, io mem 0x48064800
[    1.647338] ehci-omap 48064800.ehci: USB 2.0 started, EHCI 1.00
[    1.655578] hub 1-0:1.0: USB hub found
[    1.659759] hub 1-0:1.0: 3 ports detected
[    1.665618] ehci-orion: EHCI orion driver
[    1.670501] SPEAr-ehci: EHCI SPEAr driver
[    1.675201] ehci-st: EHCI STMicroelectronics driver
[    1.680755] ehci-exynos: EHCI EXYNOS driver
[    1.685638] tegra-ehci: Tegra EHCI driver
[    1.690307] ohci_hcd: USB 1.1 'Open' Host Controller (OHCI) Driver
[    1.696899] ohci-pci: OHCI PCI platform driver
[    1.701782] ohci-platform: OHCI generic platform driver
[    1.707763] ohci-omap3: OHCI OMAP3 driver
[    1.712554] ohci-omap3 48064400.ohci: OHCI Host Controller
[    1.718444] ohci-omap3 48064400.ohci: new USB bus registered, assigned bus number 2
[    1.726837] ohci-omap3 48064400.ohci: irq 92, io mem 0x48064400
[    1.809173] hub 2-0:1.0: USB hub found
[    1.813323] hub 2-0:1.0: 3 ports detected
[    1.819061] SPEAr-ohci: OHCI SPEAr driver
[    1.823944] ohci-st: OHCI STMicroelectronics driver
[    1.829833] usbcore: registered new interface driver usb-storage
[    1.840118] mousedev: PS/2 mouse device common for all mice
[    1.855377] twl_rtc 48070000.i2c:twl@48:rtc: Power up reset detected.
[    1.862426] twl_rtc 48070000.i2c:twl@48:rtc: Enabling TWL-RTC
[    1.872497] twl_rtc 48070000.i2c:twl@48:rtc: rtc core: registered 48070000.i2c:twl@48 as rtc0
[    1.883514] i2c /dev entries driver
[    1.893676] usbcore: registered new interface driver uvcvideo
[    1.899780] USB Video Class driver (1.1.1)
[    1.904144] gspca_main: v2.14.0 registered
[    1.919036] Driver 'mmcblk' needs updating - please use bus_type methods
[    1.926330] sdhci: Secure Digital Host Controller Interface driver
[    1.932861] sdhci: Copyright(c) Pierre Ossman
[    1.974395] Synopsys Designware Multimedia Card Interface Driver
[    1.983581] sdhci-pltfm: SDHCI platform and OF driver helper
[    1.993713] ledtrig-cpu: registered to indicate activity on CPUs
[    2.000701] usbcore: registered new interface driver usbhid
[    2.006622] usbhid: USB HID core driver
[    2.019836] usbcore: registered new interface driver snd-usb-audio
[    2.033813] NET: Registered protocol family 17
[    2.038635] can: controller area network core (rev 20120528 abi 9)
[    2.045349] NET: Registered protocol family 29
[    2.050079] can: raw protocol (rev 20120528)
[    2.054626] can: broadcast manager protocol (rev 20120528 t)
[    2.060638] can: netlink gateway (rev 20130117) max_hops=1
[    2.067626] Key type dns_resolver registered
[    2.072631] omap2_set_init_voltage: unable to find boot up OPP for vdd_mpu_iva
[    2.080291] omap2_set_init_voltage: unable to set vdd_mpu_iva
[    2.086364] omap2_set_init_voltage: unable to find boot up OPP for vdd_core
[    2.093719] omap2_set_init_voltage: unable to set vdd_core
[    2.101684] PM: no software I/O chain control; some wakeups may be lost
[    2.109802] ThumbEE CPU extension supported.
[    2.114410] Registering SWP/SWPB emulation handler
[    2.132049] twl_rtc 48070000.i2c:twl@48:rtc: setting system clock to 2000-01-01 00:00:00 UTC (946684800)
[    2.186035] mmc0: host does not support reading read-only switch, assuming write-enable
[    2.196746] mmc0: new high speed SD card at address b368
[    2.203216] mmcblk0: mmc0:b368 SD    1.88 GiB 
[    2.209686]  mmcblk0: p1 p2
[   14.224029] VPLL2: disabling
[   14.228759] VUSB3V1: disabling
[   14.233398] VUSB1V8: disabling
[   14.238037] VUSB1V5: disabling
[   14.243072] VDAC: disabling
[   14.247863] VAUX3: disabling
[   14.253845] ALSA device list:
[   14.257080]   No soundcards found.
[   14.269104] EXT4-fs (mmcblk0p2): mounting ext3 file system using the ext4 subsystem
[   14.311340] EXT4-fs (mmcblk0p2): mounted filesystem with ordered data mode. Opts: (null)
[   14.320526] VFS: Mounted root (ext3 filesystem) on device 179:2.
[   14.345825] devtmpfs: mounted
[   14.359558] Freeing unused kernel memory: 820K (c0d59000 - c0e26000)
INIT: version 2.88 booting
Error opening /dev/fb0: No such file or directory
/dev/ttyO0 linked to /dev/tty-bd - using as console
Starting udev
[   15.483673] udevd[94]: starting version 182
[   20.658935] FAT-fs (mmcblk0p1): Invalid FSINFO signature: 0x00000000, 0x00000000 (sector = 17554)
[   20.668426] FAT-fs (mmcblk0p1): error, invalid access to FAT (entry 0x13ee6402)
[   20.676147] FAT-fs (mmcblk0p1): Filesystem has been set read-only
[   20.943389] FAT-fs (mmcblk0p1): Invalid FSINFO signature: 0x00000000, 0x00000000 (sector = 17554)
[   20.952850] FAT-fs (mmcblk0p1): error, invalid access to FAT (entry 0x13ee6402)
[   20.960571] FAT-fs (mmcblk0p1): Filesystem has been set read-only
[   21.057525] FAT-fs (mmcblk0p1): Invalid FSINFO signature: 0x00000000, 0x00000000 (sector = 17554)
[   21.066955] FAT-fs (mmcblk0p1): error, invalid access to FAT (entry 0x13ee6402)
[   21.074676] FAT-fs (mmcblk0p1): Filesystem has been set read-only
[   21.811889] FAT-fs (mmcblk0p1): Invalid FSINFO signature: 0x00000000, 0x00000000 (sector = 17554)
[   21.821380] FAT-fs (mmcblk0p1): error, invalid access to FAT (entry 0x13ee6402)
[   21.829132] FAT-fs (mmcblk0p1): Filesystem has been set read-only
[   21.867492] FAT-fs (mmcblk0p1): Invalid FSINFO signature: 0x00000000, 0x00000000 (sector = 17554)
[   21.876922] FAT-fs (mmcblk0p1): error, invalid access to FAT (entry 0x13ee6402)
[   21.884643] FAT-fs (mmcblk0p1): Filesystem has been set read-only
[   21.893493] FAT-fs (mmcblk0p1): Invalid FSINFO signature: 0x00000000, 0x00000000 (sector = 17554)
[   21.902893] FAT-fs (mmcblk0p1): error, invalid access to FAT (entry 0x13ee6402)
[   21.910614] FAT-fs (mmcblk0p1): Filesystem has been set read-only
ERROR: could not open directory /lib/modules/4.0.0-rc7-next-20150409-00002-g6639d6ba0c8d: No such file or directory
WARNING: -e needs -E or -F
ERROR: could not open directory /lib/modules/4.0.0-rc7-next-20150409-00002-g6639d6ba0c8d: No such file or directory
FATAL: could not search modules: No such file or directory
Starting Bootlog daemon: bootlogd.
[   22.210449] EXT4-fs (mmcblk0p2): re-mounted. Opts: data=ordered
[   22.294708] random: dd urandom read with 82 bits of entropy available
ALSA: Restoring mixer settings...
/usr/sbin/alsactl: load_state:1696: No soundcards found...
Configuring network interfaces... ifconfig: SIOCGIFFLAGS: No such device
done.
Tue Dec 30 08:26:00 UTC 2014
INIT: Entering runlevel: 3
/dev/ttyO0 linked to /dev/tty-bd - using as console
Starting system message bus: dbus.
Starting Dropbear SSH server: dropbear.
Starting telnet daemon.
Starting syslogd/klogd: done
Starting thttpd.
Starting Lighttpd Web Server: lighttpd.
2014-12-30 08:26:01: (log.c.166) server started 
[   25.768432] random: nonblocking pool is initialized
***************************************************************
***************************************************************
NOTICE: This file system contains the followin GPLv3 packages:
	binutils-symlinks
	binutils
	gdbserver
	parted
If you do not wish to distribute GPLv3 components please remove
the above packages prior to distribution.  This can be done using
the opkg remove command.  i.e.:
    opkg remove <package>
Where <package> is the name printed in the list above
NOTE: If the package is a dependency of another package you
      will be notified of the dependent packages.  You should
      use the --force-removal-of-dependent-packages option to
      also remove the dependent packages as well
***************************************************************
***************************************************************
Stopping Bootlog daemon: bootlogd.
 _____                    _____           _         _   
|  _  |___ ___ ___ ___   |  _  |___ ___  |_|___ ___| |_ 
|     |  _| .'| . | . |  |   __|  _| . | | | -_|  _|  _|
|__|__|_| |__,|_  |___|  |__|  |_| |___|_| |___|___|_|  
              |___|                    |___|            
Arago Project http://arago-project.org GenericOMAP3(FlattenedDeviceTree) tty-bd
Arago 2013.12 GenericOMAP3(FlattenedDeviceTree) tty-bd
GenericOMAP3(FlattenedDeviceTree) login: 
- 06:15:16 [INFO] Host: root
- 06:15:17 [INFO] Target: 
root
root@GenericOMAP3(FlattenedDeviceTree):~# 
- 06:15:17 [INFO] Host: uname -a
- 06:15:17 [INFO] Target: 
uname -a
Linux GenericOMAP3(FlattenedDeviceTree) 4.0.0-rc7-next-20150409-00002-g6639d6ba0c8d #1 SMP Thu Apr 9 06:08:32 CDT 2015 armv7l GNU/Linux
root@GenericOMAP3(FlattenedDeviceTree):~# 
- 06:15:17 [INFO] Host: cat /proc/cmdline
- 06:15:18 [INFO] Target: 
cat /proc/cmdline
console=ttyO0,115200n8 earlyprintk rootwait ip=dhcp root=/dev/mmcblk0p2 rw rootfstype=ext3 nohlt
root@GenericOMAP3(FlattenedDeviceTree):~# 
- 06:15:18 [INFO] Host: uname -a
- 06:15:18 [INFO] Target: 
uname -a
Linux GenericOMAP3(FlattenedDeviceTree) 4.0.0-rc7-next-20150409-00002-g6639d6ba0c8d #1 SMP Thu Apr 9 06:08:32 CDT 2015 armv7l GNU/Linux
root@GenericOMAP3(FlattenedDeviceTree):~# 
- 06:15:18 [INFO] Host: cat /proc/mtd
- 06:15:19 [INFO] Target: 
cat /proc/mtd
dev:    size   erasesize  name
root@GenericOMAP3(FlattenedDeviceTree):~# 
- 06:15:29 [INFO] Host: export IPERFHOST=192.168.1.254
- 06:15:30 [INFO] Target: 
export IPERFHOST=192.168.1.254
root@GenericOMAP3(FlattenedDeviceTree):~# 
- 06:15:30 [INFO] Host: export NFS_SERVER=192.168.1.254
- 06:15:30 [INFO] Target: 
export NFS_SERVER=192.168.1.254
root@GenericOMAP3(FlattenedDeviceTree):~# 
- 06:15:30 [INFO] Host: export NFS_ROOT_PATH=/usr/workdir/filesys/linux/sdp3430
- 06:15:31 [INFO] Target: 
export NFS_ROOT_PATH=/usr/workdir/file 
sys/linux/sdp3430
root@GenericOMAP3(FlattenedDeviceTree):~# 
- 06:15:31 [INFO] Host: mkdir -p -m 777 /test
- 06:15:31 [INFO] Target: 
mkdir -p -m 777 /test
root@GenericOMAP3(FlattenedDeviceTree):~# 
- 06:15:31 [INFO] Host: cd /test
- 06:15:32 [INFO] Target: 
cd /test
root@GenericOMAP3(FlattenedDeviceTree):/test# 
- 06:15:32 [INFO] Host: cat > test.sh << EOF
- 06:15:32 [INFO] Target: 
cat > test.sh << EOF
- 06:15:32 [INFO] Host: failtest() {
- 06:15:33 [INFO] Target: 
failtest() {
- 06:15:33 [INFO] Host:   echo 1 >&3
- 06:15:33 [INFO] Target: 
  echo 1 >&3
- 06:15:33 [INFO] Host: }
- 06:15:34 [INFO] Target: 
- 06:15:34 [INFO] Host: timeout=600
- 06:15:34 [INFO] Target: 
timeout=600
- 06:15:34 [INFO] Host: 
- 06:15:35 [INFO] Target: 
- 06:15:35 [INFO] Host: # Start of user's script logic
- 06:15:35 [INFO] Target: 
# Start of user's script logic
- 06:15:35 [INFO] Host: 
- 06:15:36 [INFO] Target: 
- 06:15:36 [INFO] Host: 
- 06:15:36 [INFO] Target: 
- 06:15:36 [INFO] Host: mount -t proc proc /proc 2>/dev/null;
- 06:15:37 [INFO] Target: 
mount -t proc proc /proc 2>/dev/null;
- 06:15:37 [INFO] Host: 
- 06:15:37 [INFO] Target: 
- 06:15:37 [INFO] Host: mount -t sysfs sys /sys 2>/dev/null;
- 06:15:38 [INFO] Target: 
mount -t sysfs sys /sys 2>/dev/null;
- 06:15:38 [INFO] Host: 
- 06:15:38 [INFO] Target: 
- 06:15:38 [INFO] Host: mount -t debugfs none /sys/kernel/debug 2>/dev/null;
- 06:15:39 [INFO] Target: 
mount -t debugfs none /sys/kernel/debug 2>/dev/null;
- 06:15:39 [INFO] Host: 
- 06:15:39 [INFO] Target: 
- 06:15:39 [INFO] Host: echo 'cpuinfo:';cat /proc/cpuinfo; echo '=======';
- 06:15:40 [INFO] Target: 
echo 'cpuinfo:';cat /proc/cpuinfo; echo '=======';
- 06:15:40 [INFO] Host: 
- 06:15:40 [INFO] Target: 
- 06:15:40 [INFO] Host: echo 'soc info:';head /sys/devices/soc0/* 2>/dev/null; echo '=======';
- 06:15:41 [INFO] Target: 
echo 'soc info:';head /sys/devices/soc0/* 2>/dev/null; echo '=======';
- 06:15:41 [INFO] Host: 
- 06:15:41 [INFO] Target: 
- 06:15:41 [INFO] Host: echo 'DT Model info'; head /proc/device-tree/name /proc/device-tree/model /proc/device-tree/compatible 2>/dev/null;echo; echo '=======';
- 06:15:42 [INFO] Target: 
echo 'DT Model info'; head /proc/device-tree/name /proc/device-tree/model /pro 
c/device-tree/compatible 2>/dev/null;echo; echo '=======';
- 06:15:42 [INFO] Host: 
- 06:15:42 [INFO] Target: 
- 06:15:42 [INFO] Host: echo 'interrupts:';cat /proc/interrupts; echo '=======';
- 06:15:43 [INFO] Target: 
echo 'interrupts:';cat /proc/interrupts; echo '=======';
- 06:15:43 [INFO] Host: 
- 06:15:43 [INFO] Target: 
- 06:15:43 [INFO] Host: echo 'Clk_summary:';cat /sys/kernel/debug/clk/clk_summary; echo '=======';
- 06:15:44 [INFO] Target: 
echo 'Clk_summary:';cat /sys/kernel/debug/clk/clk_summary; echo '=======';
- 06:15:44 [INFO] Host: 
- 06:15:44 [INFO] Target: 
- 06:15:44 [INFO] Host: echo 'Orphan Clks:';ls /sys/kernel/debug/clk/orphans/; echo '=======';
- 06:15:45 [INFO] Target: 
echo 'Orphan Clks:';ls /sys/kernel/debug/clk/orphans/; echo '=======';
- 06:15:45 [INFO] Host: 
- 06:15:45 [INFO] Target: 
- 06:15:45 [INFO] Host: echo "Available frequencies"; cat /sys/devices/system/cpu/cpu0/cpufreq/scaling_available_frequencies 2>/dev/null;echo '=======';
- 06:15:46 [INFO] Target: 
echo "Available frequencies"; cat /sys/devices/system/cpu/cpu0/cpufreq/scaling 
_available_frequencies 2>/dev/null;echo '=======';
- 06:15:46 [INFO] Host: 
- 06:15:46 [INFO] Target: 
- 06:15:46 [INFO] Host: echo 'H''ello World' 'B''oard Booted';
- 06:15:47 [INFO] Target: 
echo 'H''ello World' 'B''oard Booted';
- 06:15:47 [INFO] Host: 
- 06:15:47 [INFO] Target: 
- 06:15:47 [INFO] Host: EOF
- 06:15:48 [INFO] Target: 
root@GenericOMAP3(FlattenedDeviceTree):/test# 
- 06:15:48 [INFO] Host: cd /test
- 06:15:48 [INFO] Target: 
cd /test
root@GenericOMAP3(FlattenedDeviceTree):/test# 
- 06:15:48 [INFO] Host: chmod +x test.sh
- 06:15:49 [INFO] Target: 
chmod +x test.sh
root@GenericOMAP3(FlattenedDeviceTree):/test# 
- 06:15:49 [INFO] Host: ./test.sh 2> stderr.log > stdout.log 3> result.log
- 06:15:49 [INFO] Target: 
./test.sh 2> stderr.log > stdout.l 
og 3> result.log
root@GenericOMAP3(FlattenedDeviceTree):/test# 
- 06:15:49 [INFO] Host: echo $?
- 06:15:50 [INFO] Target: 
echo $?
root@GenericOMAP3(FlattenedDeviceTree):/test# 
- 06:15:50 [INFO] Host: cd /test
- 06:15:50 [INFO] Target: 
cd /test
root@GenericOMAP3(FlattenedDeviceTree):/test# 
- 06:15:50 [INFO] Host: cat stdout.log
- 06:15:53 [INFO] Target: 
cat stdout.log
cpuinfo:
processor	: 0
model name	: ARMv7 Processor rev 3 (v7l)
BogoMIPS	: 123.49
Features	: half thumb fastmult vfp edsp thumbee neon vfpv3 tls vfpd32 
CPU implementer	: 0x41
CPU architecture: 7
CPU variant	: 0x1
CPU part	: 0xc08
CPU revision	: 3
Hardware	: Generic OMAP3 (Flattened Device Tree)
Revision	: 0000
Serial		: 0000000000000000
=======
soc info:
==> /sys/devices/soc0/family <==
OMAP3
==> /sys/devices/soc0/machine <==
OMAP3430/3530
==> /sys/devices/soc0/power <==
==> /sys/devices/soc0/revision <==
ES3.0
==> /sys/devices/soc0/subsystem <==
==> /sys/devices/soc0/type <==
==> /sys/devices/soc0/uevent <==
=======
DT Model info
==> /proc/device-tree/name <==
==> /proc/device-tree/model <==
TI OMAP3430 SDP
==> /proc/device-tree/compatible <==
ti,omap3430-sdpti,omap3
=======
interrupts:
           CPU0       
 23:          0      INTC   7 Edge      TWL4030-PIH
 25:          0      INTC   9 Edge      l3-debug-irq
 26:          0      INTC  10 Edge      l3-app-irq
 28:          0      INTC  12 Edge      DMA
 29:       1883      INTC  13 Edge      omap-dma-engine
 36:          0      INTC  20 Edge      gpmc
 53:       3236      INTC  37 Edge      gp_timer
 72:        418      INTC  56 Edge      48070000.i2c
 73:          0      INTC  57 Edge      48072000.i2c
 77:          0      INTC  61 Edge      48060000.i2c
 88:       4468      INTC  72 Edge      OMAP UART0
 92:          1      INTC  76 Edge      ohci_hcd:usb2
 93:          0      INTC  77 Edge      ehci_hcd:usb1
 99:       4200      INTC  83 Edge      mmc0
306:          0      PRCM Edge      pm_wkup
315:          0      PRCM Edge      pinctrl, pinctrl, pm_io
338:          0   twl4030   0 Edge      twl4030_gpio
343:          0   twl4030   5 Edge      twl4030_power
349:          0   twl4030  11 Edge      rtc0
IPI0:          0  CPU wakeup interrupts
IPI1:          0  Timer broadcast interrupts
IPI2:          0  Rescheduling interrupts
IPI3:          0  Function call interrupts
IPI4:          0  Single function call interrupts
IPI5:          0  CPU stop interrupts
IPI6:          0  IRQ work interrupts
IPI7:          0  completion interrupts
Err:          0
=======
Clk_summary:
   clock                         enable_cnt  prepare_cnt        rate   accuracy   phase
----------------------------------------------------------------------------------------
 secure_32k_fck                           0            1       32768          0 0  
    wdt1_fck                              0            0       32768          0 0  
    gpt12_fck                             0            1       32768          0 0  
 dummy_ck                                 0            0           0          0 0  
 mcbsp_clks                               0            5           0          0 0  
 sys_altclk                               0            0           0          0 0  
 virt_38_4m_ck                            0            0    38400000          0 0  
 virt_26000000_ck                         1            1    26000000          0 0  
    osc_sys_ck                            1            1    26000000          0 0  
       sys_clkout1                        0            0    26000000          0 0  
       sys_ck                             4           18    13000000          0 0  
          gpt9_fck                        0            1    13000000          0 0  
          gpt8_fck                        0            1    13000000          0 0  
          gpt7_fck                        0            1    13000000          0 0  
          gpt6_fck                        0            1    13000000          0 0  
          gpt5_fck                        0            1    13000000          0 0  
          gpt4_fck                        0            1    13000000          0 0  
          gpt3_fck                        0            1    13000000          0 0  
          gpt2_fck                        0            1    13000000          0 0  
          cpefuse_fck                     0            0    13000000          0 0  
          dpll5_ck                        1            1   120000000          0 0  
             dpll5_m2_ck                  1            1   120000000          0 0  
                dpll5_m2_d20_ck           0            0     6000000          0 0  
                dpll5_m2_d16_ck           0            0     7500000          0 0  
                dpll5_m2_d8_ck            0            0    15000000          0 0  
                dpll5_m2_d4_ck            0            0    30000000          0 0  
                usbhost_120m_fck           0            0   120000000          0 0  
                usbtll_fck                1            1   120000000          0 0  
          sys_d2_ck                       0            0     6500000          0 0  
             usim_fck                     0            0     6500000          0 0  
          modem_fck                       0            0    13000000          0 0  
          dpll2_ck                        0            1   360000000          0 0  
             dpll2_m2_ck                  0            1   360000000          0 0  
                iva2_ck                   0            2   360000000          0 0  
          sr2_fck                         0            1    13000000          0 0  
          sr1_fck                         0            1    13000000          0 0  
          traceclk_src_fck                0            0    13000000          0 0  
             traceclk_fck                 0            0    13000000          0 0  
          emu_src_mux_ck                  0            1    13000000          0 0  
             emu_src_ck                   0            1    13000000          0 0  
                atclk_fck                 0            0    13000000          0 0  
                pclkx2_fck                0            0    13000000          0 0  
                pclk_fck                  0            0     6500000          0 0  
          dss2_alwon_fck                  0            2    13000000          0 0  
          dpll1_ck                        0            1   600000000          0 0  
             dpll1_x2_ck                  0            1  1200000000          0 0  
                dpll1_x2m2_ck             0            1  1200000000          0 0  
                   mpu_ck                 0            1  1200000000          0 0  
                      emu_mpu_alwon_ck           0            0  1200000000          0 0  
                      arm_fck             0            1   600000000          0 0  
          dpll3_ck                        1            1   332000000          0 0  
             dpll3_x2_ck                  0            0   664000000          0 0  
             dpll3_m2_ck                  1            2   332000000          0 0  
                dpll3_m2x2_ck             0            1   664000000          0 0  
                   corex2_fck             0            1   664000000          0 0  
                      ssi_ssr_fck_3430es2           0            1   221333334          0 0  
                         ssi_sst_fck_3430es2           0            0   110666667          0 0  
                      corex2_d5_fck           0            0   132800000          0 0  
                      corex2_d3_fck           0            0   221333333          0 0  
                core_ck                   1            1   332000000          0 0  
                   core_d2_ck             0            0   166000000          0 0  
                   core_d6_ck             0            0    55333333          0 0  
                      sgx_fck             0            0    55333333          0 0  
                   core_d4_ck             0            0    83000000          0 0  
                   core_d3_ck             0            0   110666666          0 0  
                   dpll2_fck              0            0   332000000          0 0  
                   l3_ick                 2            3   166000000          0 0  
                      sgx_ick             0            0   166000000          0 0  
                      mad2d_ick           0            0   166000000          0 0  
                      sad2d_ick           0            1   166000000          0 0  
                      security_l3_ick           0            0   166000000          0 0  
                         pka_ick           0            0   166000000          0 0  
                      core_l3_ick           8           10   166000000          0 0  
                         hsotgusb_ick_3430es2           0            1   166000000          0 0  
                         gpmc_fck           2            2   166000000          0 0  
                         sdrc_ick           1            1   166000000          0 0  
                      l4_ick              7            8    83000000          0 0  
                         usbhost_ick           1            1    83000000          0 0  
                         dss_ick_3430es2           4            6    83000000          0 0  
                         sr_l4_ick           2            2    83000000          0 0  
                         ssi_l4_ick           1            1    83000000          0 0  
                            ssi_ick_3430es2           1            1    83000000          0 0  
                         cam_ick           0            1    83000000          0 0  
                         security_l4_ick2           0            0    83000000          0 0  
                            des1_ick           0            0    83000000          0 0  
                            sha11_ick           0            0    83000000          0 0  
                            rng_ick           0            0    83000000          0 0  
                            aes1_ick           0            0    83000000          0 0  
                         per_l4_ick          12           17    83000000          0 0  
                            mcbsp4_ick           1            1    83000000          0 0  
                            mcbsp3_ick           2            2    83000000          0 0  
                            mcbsp2_ick           2            2    83000000          0 0  
                            gpt2_ick           1            1    83000000          0 0  
                            gpt3_ick           1            1    83000000          0 0  
                            gpt4_ick           1            1    83000000          0 0  
                            gpt5_ick           1            1    83000000          0 0  
                            gpt6_ick           1            1    83000000          0 0  
                            gpt7_ick           1            1    83000000          0 0  
                            gpt8_ick           1            1    83000000          0 0  
                            gpt9_ick           1            1    83000000          0 0  
                            uart4_ick           0            0    83000000          0 0  
                            uart3_ick           1            1    83000000          0 0  
                            wdt3_ick           0            0    83000000          0 0  
                            gpio2_ick           0            1    83000000          0 0  
                            gpio3_ick           0            1    83000000          0 0  
                            gpio4_ick           0            1    83000000          0 0  
                            gpio5_ick           0            1    83000000          0 0  
                            gpio6_ick           0            1    83000000          0 0  
                         core_l4_ick          21           23    83000000          0 0  
                            mmchs3_ick           1            1    83000000          0 0  
                            usbtll_ick           1            1    83000000          0 0  
                            mailboxes_ick           0            1    83000000          0 0  
                            mspro_ick           0            0    83000000          0 0  
                            des2_ick           0            0    83000000          0 0  
                            icr_ick           0            0    83000000          0 0  
                            sha12_ick           1            2    83000000          0 0  
                            aes2_ick           1            2    83000000          0 0  
                            omapctrl_ick           1            1    83000000          0 0  
                            mcbsp1_ick           1            1    83000000          0 0  
                            mcbsp5_ick           1            1    83000000          0 0  
                            gpt10_ick           1            1    83000000          0 0  
                            gpt11_ick           1            1    83000000          0 0  
                            uart1_ick           1            1    83000000          0 0  
                            uart2_ick           1            1    83000000          0 0  
                            i2c1_ick           1            1    83000000          0 0  
                            i2c2_ick           1            1    83000000          0 0  
                            i2c3_ick           1            1    83000000          0 0  
                            mcspi1_ick           1            1    83000000          0 0  
                            mcspi2_ick           1            1    83000000          0 0  
                            mcspi3_ick           1            1    83000000          0 0  
                            mcspi4_ick           1            1    83000000          0 0  
                            hdq_ick           0            1    83000000          0 0  
                            mmchs1_ick           1            1    83000000          0 0  
                            mmchs2_ick           1            1    83000000          0 0  
                         rm_ick           0            0    41500000          0 0  
                   dpll1_fck              0            0   166000000          0 0  
             dpll3_m3_ck                  0            0   166000000          0 0  
                dpll3_m3x2_mul_ck           0            0   332000000          0 0  
                   dpll3_m3x2_ck           0            0   332000000          0 0  
                      emu_core_alwon_ck           0            0   332000000          0 0  
          dpll4_ck                        1            3   432000000          0 0  
             dpll4_x2_ck                  0            0   864000000          0 0  
             dpll4_m6_ck                  0            0   144000000          0 0  
                dpll4_m6x2_mul_ck           0            0   288000000          0 0  
                   dpll4_m6x2_ck           0            0   288000000          0 0  
                      emu_per_alwon_ck           0            0   288000000          0 0  
             dpll4_m5_ck                  0            0   108000000          0 0  
                dpll4_m5x2_mul_ck           0            0   216000000          0 0  
                   dpll4_m5x2_ck           0            0   216000000          0 0  
                      cam_mclk            0            0   216000000          0 0  
             dpll4_m4_ck                  0            1   216000000          0 0  
                dpll4_m4x2_mul_ck           0            1   432000000          0 0  
                   dpll4_m4x2_ck           0            1   432000000          0 0  
                      dss1_alwon_fck_3430es2           0            4   432000000          0 0  
             dpll4_m3_ck                  0            1    27000000          0 0  
                dpll4_m3x2_mul_ck           0            1    54000000          0 0  
                   dpll4_m3x2_ck           0            1    54000000          0 0  
                      omap_54m_fck           0            1    54000000          0 0  
                         clkout2_src_ck           0            0    54000000          0 0  
                            sys_clkout2           0            0    54000000          0 0  
                         dss_tv_fck           0            2    54000000          0 0  
             dpll4_m2_ck                  1            1    48000000          0 0  
                dpll4_m2x2_mul_ck           1            1    96000000          0 0  
                   dpll4_m2x2_ck           1            1    96000000          0 0  
                      omap_192m_alwon_fck           0            0    96000000          0 0  
                      omap_96m_alwon_fck           1            2    96000000          0 0  
                         per_96m_fck           0            6    96000000          0 0  
                            mcbsp4_fck           0            1    96000000          0 0  
                            mcbsp3_fck           0            2    96000000          0 0  
                            mcbsp2_fck           0            2    96000000          0 0  
                         cm_96m_fck           1            2    96000000          0 0  
                            cm_96m_d2_fck           1            1    48000000          0 0  
                               omap_48m_fck           3            4    48000000          0 0  
                                  usbhost_48m_fck           1            1    48000000          0 0  
                                  per_48m_fck           1            1    48000000          0 0  
                                     uart3_fck           1            1    48000000          0 0  
                                  core_48m_fck           2            6    48000000          0 0  
                                     uart1_fck           1            1    48000000          0 0  
                                     uart2_fck           1            1    48000000          0 0  
                                     mcspi1_fck           0            1    48000000          0 0  
                                     mcspi2_fck           0            1    48000000          0 0  
                                     mcspi3_fck           0            1    48000000          0 0  
                                     mcspi4_fck           0            1    48000000          0 0  
                                  omap_12m_fck           0            1    12000000          0 0  
                                     core_12m_fck           0            1    12000000          0 0  
                                        hdq_fck             0            1    12000000          0 0  
                            omap_96m_fck           0            2    96000000          0 0  
                               omap_96m_d10_fck           0            0     9600000          0 0  
                               omap_96m_d8_fck           0            0    12000000          0 0  
                               omap_96m_d4_fck           0            0    24000000          0 0  
                               omap_96m_d2_fck           0            0    48000000          0 0  
                               dss_96m_fck           0            2    96000000          0 0  
                               core_96m_fck           0           10    96000000          0 0  
                                  mcbsp1_fck           0            1    96000000          0 0  
                                  mcbsp5_fck           0            1    96000000          0 0  
                                  mmchs3_fck           0            1    96000000          0 0  
                                  mspro_fck           0            0    96000000          0 0  
                                  csi2_96m_fck           0            0    96000000          0 0  
                                  i2c1_fck           0            1    96000000          0 0  
                                  i2c2_fck           0            1    96000000          0 0  
                                  i2c3_fck           0            1    96000000          0 0  
                                  mmchs1_fck           0            1    96000000          0 0  
                                  mmchs2_fck           0            1    96000000          0 0  
          wkup_l4_ick                     4            5    13000000          0 0  
             usim_ick                     0            0    13000000          0 0  
             gpt1_ick                     1            1    13000000          0 0  
             gpt12_ick                    1            1    13000000          0 0  
             omap_32ksync_ick             1            1    13000000          0 0  
             gpio1_ick                    0            1    13000000          0 0  
             wdt1_ick                     0            0    13000000          0 0  
             wdt2_ick                     1            1    13000000          0 0  
 virt_19200000_ck                         0            0    19200000          0 0  
 virt_13m_ck                              0            0    13000000          0 0  
 virt_12m_ck                              0            0    12000000          0 0  
 omap_32k_fck                             2            8       32768          0 0  
    gpt1_fck                              1            1       32768          0 0  
    gpt11_fck                             0            1       32768          0 0  
    gpt10_fck                             0            1       32768          0 0  
    ts_fck                                0            0       32768          0 0  
    per_32k_alwon_fck                     0            5       32768          0 0  
       wdt3_fck                           0            0       32768          0 0  
       gpio2_dbck                         0            1       32768          0 0  
       gpio3_dbck                         0            1       32768          0 0  
       gpio4_dbck                         0            1       32768          0 0  
       gpio5_dbck                         0            1       32768          0 0  
       gpio6_dbck                         0            1       32768          0 0  
    wkup_32k_fck                          1            3       32768          0 0  
       wdt2_fck                           0            1       32768          0 0  
       gpio1_dbck                         0            1       32768          0 0  
 dummy_apb_pclk                           0            0           0          0 0  
 virt_16_8m_ck                            0            0    16800000          0 0  
=======
Orphan Clks:
=======
Available frequencies
125000 250000 500000 550000 600000 
=======
Hello World Board Booted
root@GenericOMAP3(FlattenedDeviceTree):/test# 
- 06:15:53 [INFO] Host: cat stderr.log
- 06:15:53 [INFO] Target: 
cat stderr.log
ls: /sys/kernel/debug/clk/orphans/: No such file or directory
root@GenericOMAP3(FlattenedDeviceTree):/test# 
- 06:15:53 [INFO] Host: cat result.log
- 06:15:55 [ERROR] On command: cat result.log waiting for cat result.log.+?(?m-ix:^1[\0\n\r]+) >>> error: execution expired
- 06:15:55 [INFO] Target: 
cat result.log
root@GenericOMAP3(FlattenedDeviceTree):/test# 
- 06:15:55 [INFO] Host: cd /test
- 06:15:56 [INFO] Target: 
cd /test
root@GenericOMAP3(FlattenedDeviceTree):/test# 
URL:gtsystest.telogy.design.ti.com/vatf/tidfarm-02.dal.design.ti.com/tidfarm-02.dal.design.ti.com_vatf@7/tidfarm-02.dal.design.ti.com04_09_2015_06_13_39/files/session_iteration_1/test_1
