- 05:54:43 [INFO] Starting target session
- 05:54:43 [INFO] Connected to sdp3430 via serial 
- 05:54:43 [INFO] Host: 
- 05:54:44 [INFO] Target: 

root@GenericOMAP3(FlattenedDeviceTree):/test# 
- 05:54:44 [INFO] Host: sync;poweroff
- 05:55:00 [INFO] Target: 
sync;poweroff


Broadcast message from root@GenericOMAP3(FlattenedDeviceTree) (ttyO0) (Mon Ma
The system is going down for system halt NOW!


INIT: Switching to runlevel: 0

root@GenericOMAP3(FlattenedDeviceTree):/test# 
INIT: Sending processes the TERM signal


INIT: Sending processes the KILL signal

Stopping Dropbear SSH server: stopped /usr/sbin/dropbear (pid 1469)
dropbear.
Stopping telnet daemon.
Stopping system message bus: Error opening /dev/fb0: No such file or directory
Stopping syslogd/klogd: stopped syslogd (pid 1481)
stopped klogd (pid 1484)
done
Stopping thttpd.
ALSA: Storing mixer settings...
/usr/sbin/alsactl: save_state:1580: No soundcards found...
Deconfiguring network interfaces... ifdown: interface eth0 not configured
done.
Stopping Lighttpd Web Server: stopped /usr/sbin/lighttpd (pid 1495)
lighttpd.
***************************************************************
***************************************************************
NOTICE: This file system contains the followin GPLv3 packages:
	binutils-symlinks
	binutils
	gdbserver
	parted

If you do not wish to distribute GPLv3 components please remove
the above packages prior to distribution.  This can be done using
the opkg remove command.  i.e.:
    opkg remove <package>
Where <package> is the name printed in the list above

NOTE: If the package is a dependency of another package you
      will be notified of the dependent packages.  You should
      use the --force-removal-of-dependent-packages option to
      also remove the dependent packages as well
***************************************************************
***************************************************************
Sending all processes the TERM signal...
Sending all processes the KILL signal...
Unmounting remote filesystems...
Deactivating swap...
Unmounting local filesystems...
[ 1196.163757] reboot: System halted

- 05:55:01 [INFO] Disconnected {"type"=>"serial"} from sdp3430
- 05:55:01 [INFO] Host: 
- 05:55:02 [ERROR] On command:  waiting for (?-mix:OMAP34XX\sSDP\s#) >>> error: execution expired
- 05:55:02 [INFO] Target: 

- 05:55:02 [INFO] Host: 
- 05:55:03 [ERROR] On command:  waiting for (?-mix:OMAP34XX\sSDP\s#) >>> error: execution expired
- 05:55:03 [INFO] Target: 

- 05:55:03 [INFO] Host: 
- 05:55:03 [ERROR] On command:  waiting for (?-mix:OMAP34XX\sSDP\s#) >>> error: execution expired
- 05:55:03 [INFO] Target: 


U-Boot 2009.11-rc1-00485-g7d1e865 (Nov 09 2009 - 11:21:55)

OMAP3530-GP ES3.0, CPU-OPP2 L3-165MHz
OMAP3 SDP3430 board + LPDDR/NOR
I2C:   ready
DRAM:  128 MB
Flash: 128 MB
In:    serial
Out:   serial
Err:   serial

- 05:55:03 [INFO] Host: 
- 05:55:04 [INFO] Target: 
OMAP34XX SDP # 

OMAP34XX SDP # 
- 05:55:04 [INFO] Host: version
- 05:55:05 [INFO] Target: 
version


U-Boot 2009.11-rc1-00485-g7d1e865 (Nov 09 2009 - 11:21:55)
OMAP34XX SDP # 
- 05:55:05 [INFO] Host: bdinfo
- 05:55:05 [INFO] Target: 
bdinfo

arch_number = 0x00000472
env_t       = 0x00000000
boot_params = 0x80000100
DRAM bank   = 0x00000000
-> start    = 0x80000000
-> size     = 0x08000000
DRAM bank   = 0x00000001
-> start    = 0xA0000000
-> size     = 0x00000000
ethaddr     = 08:00:28:01:24:57
ip_addr     = 0.0.0.0
baudrate    = 115200 bps
OMAP34XX SDP # 
- 05:55:05 [INFO] Host: printenv
- 05:55:06 [INFO] Target: 
printenv

baudrate=115200
loadaddr=0x82000000
console=ttyS0,115200n8
mmcargs=setenv bootargs console=${console} root=/dev/mmcblk0p2 rw rootfstype=ext3 rootwait
norargs=setenv bootargs console=${console} root=/dev/mtdblock3 rw rootfstype=jffs2
loadbootscript=fatload mmc 0 ${loadaddr} boot.scr
bootscript=echo Running bootscript from MMC/SD ...; autoscr ${loadaddr}
loaduimage=fatload mmc 0 ${loadaddr} uImage
mmcboot=echo Booting from MMC/SD ...; run mmcargs; bootm ${loadaddr}
norboot=echo Booting from NOR ...; run norargs; bootm 0x80000
bootdelay=3
ethaddr=08:00:28:01:24:57
serverip=128.247.91.123
bootfile=/tftpboot/kernel/uImage.omap3430-sdp
bootcmd=dhcp;bootm
bootargs=console=ttyO0,115200n8 debug ignore_loglevel earlyprintk root=/dev/mmcblk0p2 rw rootfstype=ext3 rootwait nohlt
stdin=serial
stdout=serial
stderr=serial

Environment size: 818/262140 bytes
OMAP34XX SDP # 
- 05:55:06 [INFO] Host: setenv autoload 'no'
- 05:55:07 [INFO] Target: 
setenv autoload 'no'

OMAP34XX SDP # 
- 05:55:07 [INFO] Host: dhcp
- 05:55:09 [INFO] Target: 
dhcp

Using MAC Address 08:00:28:01:24:57
BOOTP broadcast 1
DHCP client bound to address 192.168.1.185
OMAP34XX SDP # 
- 05:55:09 [INFO] Host: setenv serverip 128.247.105.47
- 05:55:09 [INFO] Target: 
setenv serverip 128.247.105.47

OMAP34XX SDP # 
- 05:55:09 [INFO] Host: setenv bootargs 'console=ttyO0,115200n8 earlyprintk rootwait ip=dhcp root=/dev/mmcblk0p2 rw rootfstype=ext3 nohlt'
- 05:55:10 [INFO] Target: 
setenv bootargs 'console=ttyO0,115200n8 earlyprintk rootwait ip=dhcp root=/dev/mmcblk0p2 rw rootfstype=ext3 nohlt'

OMAP34XX SDP # 
- 05:55:10 [INFO] Host: setenv bootcmd 'tftp ${loadaddr} 128.247.105.47:vatf_7/0527ba26fb483e891e15e585e6ffea87; bootm ${loadaddr}'
- 05:55:10 [INFO] Target: 
setenv bootcmd 'tftp ${loadaddr} 128.247.105.47:vatf_7/0527ba26fb483e891e15e585e6ffea87; bootm ${loadaddr}'

OMAP34XX SDP # 
- 05:55:10 [INFO] Host: printenv
- 05:55:11 [INFO] Target: 
printenv

baudrate=115200
loadaddr=0x82000000
console=ttyS0,115200n8
mmcargs=setenv bootargs console=${console} root=/dev/mmcblk0p2 rw rootfstype=ext3 rootwait
norargs=setenv bootargs console=${console} root=/dev/mtdblock3 rw rootfstype=jffs2
loadbootscript=fatload mmc 0 ${loadaddr} boot.scr
bootscript=echo Running bootscript from MMC/SD ...; autoscr ${loadaddr}
loaduimage=fatload mmc 0 ${loadaddr} uImage
mmcboot=echo Booting from MMC/SD ...; run mmcargs; bootm ${loadaddr}
norboot=echo Booting from NOR ...; run norargs; bootm 0x80000
bootdelay=3
ethaddr=08:00:28:01:24:57
stdin=serial
stdout=serial
stderr=serial
autoload=no
bootfile=/tftpboot/kernel/uImage.omap3430-sdp
gatewayip=192.168.1.254
netmask=255.255.255.0
ipaddr=192.168.1.185
serverip=128.247.105.47
bootargs=console=ttyO0,115200n8 earlyprintk rootwait ip=dhcp root=/dev/mmcblk0p2 rw rootfstype=ext3 nohlt
bootcmd=tftp ${loadaddr} 128.247.105.47:vatf_7/0527ba26fb483e891e15e585e6ffea87; bootm ${loadaddr}

Environment size: 963/262140 bytes
OMAP34XX SDP # 
- 05:55:11 [INFO] Host: boot
- 05:56:24 [INFO] Target: 
boot

Using MAC Address 08:00:28:01:24:57
TFTP from server 128.247.105.47; our IP address is 192.168.1.185; sending through gateway 192.168.1.254
Filename 'vatf_7/0527ba26fb483e891e15e585e6ffea87'.
Load address: 0x82000000
Loading: *#################################################################
	 #################################################################
	 #################################################################
	 #################################################################
	 #################################################################
	 ###############
done
Bytes transferred = 4977128 (4bf1e8 hex)
## Booting kernel from Legacy Image at 82000000 ...
   Image Name:   Linux-3.16.0-rc2-next-20140625-0
   Image Type:   ARM Linux Kernel Image (uncompressed)
   Data Size:    4977064 Bytes =  4.7 MB
   Load Address: 80800000
   Entry Point:  80800000
   Verifying Checksum ... OK
   Loading Kernel Image ... OK
OK

Starting kernel ...

[    0.000000] Booting Linux on physical CPU 0x0
[    0.000000] Linux version 3.16.0-rc2-next-20140625-00002-gcb90370 (nmenon@kahuna) (gcc version 4.6.3 (Ubuntu/Linaro 4.6.3-1ubuntu5) ) #1 SMP Wed Jun 25 05:50:46 CDT 2014
[    0.000000] CPU: ARMv7 Processor [411fc083] revision 3 (ARMv7), cr=10c5387d
[    0.000000] CPU: PIPT / VIPT nonaliasing data cache, VIPT nonaliasing instruction cache
[    0.000000] Machine model: TI OMAP3430 SDP
[    0.000000] cma: Reserved 64 MiB at 83800000
[    0.000000] Memory policy: Data cache writeback
[    0.000000]   HighMem zone: 1048574 pages exceeds freesize 0
[    0.000000] CPU: All CPU(s) started in SVC mode.
[    0.000000] OMAP3430/3530 ES3.0 (l2cache iva sgx neon isp )
[    0.000000] PERCPU: Embedded 8 pages/cpu @c7d8f000 s8448 r8192 d16128 u32768
[    0.000000] Built 1 zonelists in Zone order, mobility grouping on.  Total pages: 32256
[    0.000000] Kernel command line: console=ttyO0,115200n8 earlyprintk rootwait ip=dhcp root=/dev/mmcblk0p2 rw rootfstype=ext3 nohlt
[    0.000000] PID hash table entries: 512 (order: -1, 2048 bytes)
[    0.000000] Dentry cache hash table entries: 16384 (order: 4, 65536 bytes)
[    0.000000] Inode-cache hash table entries: 8192 (order: 3, 32768 bytes)
[    0.000000] Memory: 52048K/130048K available (6376K kernel code, 899K rwdata, 2568K rodata, 656K init, 304K bss, 78000K reserved, 0K highmem)
[    0.000000] Virtual kernel memory layout:
[    0.000000]     vector  : 0xffff0000 - 0xffff1000   (   4 kB)
[    0.000000]     fixmap  : 0xffc00000 - 0xffe00000   (2048 kB)
[    0.000000]     vmalloc : 0xc8800000 - 0xff000000   ( 872 MB)
[    0.000000]     lowmem  : 0xc0000000 - 0xc8000000   ( 128 MB)
[    0.000000]     pkmap   : 0xbfe00000 - 0xc0000000   (   2 MB)
[    0.000000]     modules : 0xbf000000 - 0xbfe00000   (  14 MB)
[    0.000000]       .text : 0xc0208000 - 0xc0ac44e0   (8946 kB)
[    0.000000]       .init : 0xc0ac5000 - 0xc0b69100   ( 657 kB)
[    0.000000]       .data : 0xc0b6a000 - 0xc0c4af40   ( 900 kB)
[    0.000000]        .bss : 0xc0c4af48 - 0xc0c970d0   ( 305 kB)
[    0.000000] SLUB: HWalign=64, Order=0-3, MinObjects=0, CPUs=1, Nodes=1
[    0.000000] Hierarchical RCU implementation.
[    0.000000] 	RCU restricting CPUs from NR_CPUS=8 to nr_cpu_ids=1.
[    0.000000] RCU: Adjusting geometry for rcu_fanout_leaf=16, nr_cpu_ids=1
[    0.000000] NR_IRQS:16 nr_irqs:16 16
[    0.000000] IRQ: Found an INTC at 0xfa200000 (revision 4.0) with 96 interrupts
[    0.000000] Total of 96 interrupts on 1 active controller
[    0.000000] Clocking rate (Crystal/Core/MPU): 26.0/332/500 MHz
[    0.000000] OMAP clockevent source: timer1 at 32768 Hz
[    0.000000] sched_clock: 32 bits at 32kHz, resolution 30517ns, wraps every 65536000000000ns
[    0.000030] OMAP clocksource: 32k_counter at 32768 Hz
[    0.000305] Console: colour dummy device 80x30
[    0.000366] Calibrating delay loop... 493.97 BogoMIPS (lpj=1234944)
[    0.033752] pid_max: default: 32768 minimum: 301
[    0.033996] Mount-cache hash table entries: 1024 (order: 0, 4096 bytes)
[    0.034027] Mountpoint-cache hash table entries: 1024 (order: 0, 4096 bytes)
[    0.035095] CPU: Testing write buffer coherency: ok
[    0.035583] CPU0: thread -1, cpu 0, socket -1, mpidr 0
[    0.035766] Setting up static identity map for 0x80806f68 - 0x80807000
[    0.041137] Brought up 1 CPUs
[    0.041168] SMP: Total of 1 processors activated.
[    0.041168] CPU: All CPU(s) started in SVC mode.
[    0.042205] devtmpfs: initialized
[    0.048858] VFP support v0.3: implementor 41 architecture 3 part 30 variant c rev 1
[    0.074432] omap_hwmod: mcbsp2_sidetone using broken dt data from mcbsp
[    0.075195] omap_hwmod: mcbsp3_sidetone using broken dt data from mcbsp
[    0.143981] pinctrl core: initialized pinctrl subsystem
[    0.145080] regulator-dummy: no parameters
[    0.190124] NET: Registered protocol family 16
[    0.195007] DMA: preallocated 256 KiB pool for atomic coherent allocations
[    0.200164] cpuidle: using governor ladder
[    0.200195] cpuidle: using governor menu
[    0.208343] Reprogramming SDRC clock to 332000000 Hz
[    0.216613] OMAP GPIO hardware version 2.5
[    0.240661] omap-gpmc 6e000000.gpmc: GPMC revision 5.0
[    0.244201] No ATAGs?
[    0.244232] hw-breakpoint: debug architecture 0x4 unsupported.
[    0.244659] EXYNOS: PMU not supported
[    0.246948] OMAP DMA hardware revision 4.0
[    0.250701] Serial: AMBA PL011 UART driver
[    0.279785] edma-dma-engine edma-dma-engine.0: Can't allocate PaRAM dummy slot
[    0.279846] edma-dma-engine: probe of edma-dma-engine.0 failed with error -5
[    0.308929] omap-dma-engine 48056000.dma-controller: OMAP DMA engine driver
[    0.314514] vgaarb: loaded
[    0.316009] SCSI subsystem initialized
[    0.317260] usbcore: registered new interface driver usbfs
[    0.317504] usbcore: registered new interface driver hub
[    0.317779] usbcore: registered new device driver usb
[    0.321197] omap_i2c 48070000.i2c: bus 0 rev3.3 at 2600 kHz
[    0.322082] omap_i2c 48072000.i2c: bus 1 rev3.3 at 100 kHz
[    0.322998] omap_i2c 48060000.i2c: bus 2 rev3.3 at 100 kHz
[    0.323730] Linux video capture interface: v2.00
[    0.323852] pps_core: LinuxPPS API ver. 1 registered
[    0.323852] pps_core: Software ver. 5.3.6 - Copyright 2005-2007 Rodolfo Giometti <giometti@linux.it>
[    0.323944] PTP clock support registered
[    0.324127] EDAC MC: Ver: 3.0.0
[    0.326019] Advanced Linux Sound Architecture Driver Initialized.
[    0.328491] Switched to clocksource 32k_counter
[    0.353515] NET: Registered protocol family 2
[    0.354705] TCP established hash table entries: 1024 (order: 0, 4096 bytes)
[    0.354766] TCP bind hash table entries: 1024 (order: 1, 8192 bytes)
[    0.354797] TCP: Hash tables configured (established 1024 bind 1024)
[    0.354949] TCP: reno registered
[    0.354980] UDP hash table entries: 256 (order: 1, 8192 bytes)
[    0.355010] UDP-Lite hash table entries: 256 (order: 1, 8192 bytes)
[    0.355346] NET: Registered protocol family 1
[    0.355987] RPC: Registered named UNIX socket transport module.
[    0.355987] RPC: Registered udp transport module.
[    0.356018] RPC: Registered tcp transport module.
[    0.356018] RPC: Registered tcp NFSv4.1 backchannel transport module.
[    0.359619] hw perfevents: enabled with ARMv7 Cortex-A8 PMU driver, 5 counters available
[    0.364471] futex hash table entries: 256 (order: 2, 16384 bytes)
[    0.392913] squashfs: version 4.0 (2009/01/31) Phillip Lougher
[    0.394805] NFS: Registering the id_resolver key type
[    0.394897] Key type id_resolver registered
[    0.394927] Key type id_legacy registered
[    0.395050] msgmni has been set to 229
[    0.396514] Block layer SCSI generic (bsg) driver version 0.4 loaded (major 249)
[    0.396545] io scheduler noop registered
[    0.396575] io scheduler deadline registered
[    0.397033] io scheduler cfq registered (default)
[    0.401153] pinctrl-single 48002030.pinmux: 284 pins at pa fa002030 size 568
[    0.401641] pinctrl-single 48002a00.pinmux: 46 pins at pa fa002a00 size 92
[    0.402221] pinctrl-single 480025d8.pinmux: 18 pins at pa fa0025d8 size 36
[    0.555480] Serial: 8250/16550 driver, 4 ports, IRQ sharing disabled
[    0.559661] Serial: IMX driver
[    0.560363] msm_serial: driver initialized
[    0.561462] omap_uart 4806a000.serial: no wakeirq for uart0
[    0.561737] 4806a000.serial: ttyO0 at MMIO 0x4806a000 (irq = 88, base_baud = 3000000) is a OMAP UART0
[    1.255920] console [ttyO0] enabled
[    1.260589] omap_uart 4806c000.serial: no wakeirq for uart0
[    1.266723] 4806c000.serial: ttyO1 at MMIO 0x4806c000 (irq = 89, base_baud = 3000000) is a OMAP UART1
[    1.277252] omap_uart 49020000.serial: no wakeirq for uart0
[    1.283355] 49020000.serial: ttyO2 at MMIO 0x49020000 (irq = 90, base_baud = 3000000) is a OMAP UART2
[    1.294006] STMicroelectronics ASC driver initialized
[    1.301055] serial: Freescale lpuart driver
[    1.305969] [drm] Initialized drm 1.1.0 20060810
[    1.323211] loop: module loaded
[    2.323730] omap_i2c 48060000.i2c: controller timed out
[    2.347137] twl 0-0048: PIH (irq 23) chaining IRQs 338..346
[    2.353210] twl 0-0048: power (irq 343) chaining IRQs 346..353
[    2.364318] VAUX1: at 3000 mV 
[    2.369628] VAUX2_4030: at 1800 mV 
[    2.375244] VAUX3: at 2800 mV 
[    2.380371] VAUX4: at 2800 mV 
[    2.385345] VDD1: 600 <--> 1450 mV at 1200 mV 
[    2.392028] VDAC: 1800 mV 
[    2.398437] VIO: at 1800 mV 
[    2.403778] VINTANA1: 1500 mV 
[    2.409088] VINTANA2: at 2750 mV 
[    2.414886] VINTDIG: 1500 mV 
[    2.419433] VMMC1: 1850 <--> 3150 mV at 3000 mV 
[    2.426086] VMMC2: 1850 <--> 3150 mV at 2600 mV 
[    2.432556] VUSB1V5: 1500 mV 
[    2.436981] VUSB1V8: 1800 mV 
[    2.441345] VUSB3V1: 3100 mV 
[    2.446777] VPLL1: at 1800 mV 
[    2.451843] VPLL2: 1800 mV 
[    2.456573] VSIM: 1800 <--> 3000 mV at 1800 mV 
[    2.462860] twl4030_gpio twl4030-gpio: gpio (irq 338) chaining IRQs 354..371
[    2.487518] CAN device driver interface
[    2.496734] pegasus: v0.9.3 (2013/04/25), Pegasus/Pegasus II USB Ethernet driver
[    2.504699] usbcore: registered new interface driver pegasus
[    2.510864] usbcore: registered new interface driver asix
[    2.516693] usbcore: registered new interface driver ax88179_178a
[    2.523284] usbcore: registered new interface driver cdc_ether
[    2.529602] usbcore: registered new interface driver smsc75xx
[    2.535858] usbcore: registered new interface driver smsc95xx
[    2.542053] usbcore: registered new interface driver net1080
[    2.548156] usbcore: registered new interface driver cdc_subset
[    2.554504] usbcore: registered new interface driver zaurus
[    2.560607] usbcore: registered new interface driver cdc_ncm
[    2.566650] ehci_hcd: USB 2.0 'Enhanced' Host Controller (EHCI) Driver
[    2.573547] ehci-pci: EHCI PCI platform driver
[    2.578338] ehci-platform: EHCI generic platform driver
[    2.584350] ehci-omap: OMAP-EHCI Host Controller driver
[    2.590454] ehci-omap 48064800.ehci: EHCI Host Controller
[    2.596252] ehci-omap 48064800.ehci: new USB bus registered, assigned bus number 1
[    2.604766] ehci-omap 48064800.ehci: irq 93, io mem 0x48064800
[    2.618713] ehci-omap 48064800.ehci: USB 2.0 started, EHCI 1.00
[    2.626892] hub 1-0:1.0: USB hub found
[    2.631011] hub 1-0:1.0: 3 ports detected
[    2.636779] ehci-orion: EHCI orion driver
[    2.641571] SPEAr-ehci: EHCI SPEAr driver
[    2.646209] tegra-ehci: Tegra EHCI driver
[    2.650878] ohci_hcd: USB 1.1 'Open' Host Controller (OHCI) Driver
[    2.657440] ohci-pci: OHCI PCI platform driver
[    2.662292] ohci-platform: OHCI generic platform driver
[    2.668182] ohci-omap3: OHCI OMAP3 driver
[    2.672882] ohci-omap3 48064400.ohci: OHCI Host Controller
[    2.678771] ohci-omap3 48064400.ohci: new USB bus registered, assigned bus number 2
[    2.687011] ohci-omap3 48064400.ohci: irq 92, io mem 0x48064400
[    2.765472] hub 2-0:1.0: USB hub found
[    2.769622] hub 2-0:1.0: 3 ports detected
[    2.775299] SPEAr-ohci: OHCI SPEAr driver
[    2.781799] usbcore: registered new interface driver usb-storage
[    2.792755] mousedev: PS/2 mouse device common for all mice
[    2.804565] twl_rtc 48070000.i2c:twl@48:rtc: Power up reset detected.
[    2.811584] twl_rtc 48070000.i2c:twl@48:rtc: Enabling TWL-RTC
[    2.821258] twl_rtc 48070000.i2c:twl@48:rtc: rtc core: registered 48070000.i2c:twl@48 as rtc0
[    2.832122] i2c /dev entries driver
[    2.839843] usbcore: registered new interface driver uvcvideo
[    2.845947] USB Video Class driver (1.1.1)
[    2.850280] gspca_main: v2.14.0 registered
[    3.858764] omap_i2c 48060000.i2c: controller timed out
[    4.873748] omap_i2c 48060000.i2c: controller timed out
[    5.888763] omap_i2c 48060000.i2c: controller timed out
[    6.893768] omap_i2c 48060000.i2c: controller timed out
[    7.908752] omap_i2c 48060000.i2c: controller timed out
[    8.923767] omap_i2c 48060000.i2c: controller timed out
[    9.938751] omap_i2c 48060000.i2c: controller timed out
[   10.953765] omap_i2c 48060000.i2c: controller timed out
[   11.968749] omap_i2c 48060000.i2c: controller timed out
[   12.983764] omap_i2c 48060000.i2c: controller timed out
[   13.988739] omap_i2c 48060000.i2c: controller timed out
[   15.003753] omap_i2c 48060000.i2c: controller timed out
[   16.018737] omap_i2c 48060000.i2c: controller timed out
[   17.033721] omap_i2c 48060000.i2c: controller timed out
[   17.053405] sdhci: Secure Digital Host Controller Interface driver
[   17.059967] sdhci: Copyright(c) Pierre Ossman
[   17.104766] Synopsys Designware Multimedia Card Interface Driver
[   17.112854] sdhci-pltfm: SDHCI platform and OF driver helper
[   17.121398] usbcore: registered new interface driver usbhid
[   17.127288] usbhid: USB HID core driver
[   17.143005] TCP: cubic registered
[   17.146606] NET: Registered protocol family 17
[   17.151367] can: controller area network core (rev 20120528 abi 9)
[   17.158081] NET: Registered protocol family 29
[   17.162811] can: raw protocol (rev 20120528)
[   17.167327] can: broadcast manager protocol (rev 20120528 t)
[   17.173339] can: netlink gateway (rev 20130117) max_hops=1
[   17.180145] Key type dns_resolver registered
[   17.185089] omap2_set_init_voltage: unable to find boot up OPP for vdd_mpu_iva
[   17.192718] omap2_set_init_voltage: unable to set vdd_mpu_iva
[   17.198791] omap2_set_init_voltage: unable to find boot up OPP for vdd_core
[   17.206146] omap2_set_init_voltage: unable to set vdd_core
[   17.212951] PM: no software I/O chain control; some wakeups may be lost
[   17.221191] ThumbEE CPU extension supported.
[   17.225799] Registering SWP/SWPB emulation handler
[   17.235870] twl_rtc 48070000.i2c:twl@48:rtc: setting system clock to 2000-01-01 00:00:14 UTC (946684814)
[   17.297546] mmc0: host does not support reading read-only switch. assuming write-enable.
[   17.308349] mmc0: new high speed SD card at address b368
[   17.314910] mmcblk0: mmc0:b368 SD    1.88 GiB 
[   17.321533]  mmcblk0: p1 p2
[   29.324218] VPLL2: disabling
[   29.328033] VUSB3V1: disabling
[   29.332061] VUSB1V8: disabling
[   29.336059] VUSB1V5: disabling
[   29.340393] VDAC: disabling
[   29.344421] VAUX3: disabling
[   29.348907] ALSA device list:
[   29.352020]   No soundcards found.
[   29.358367] EXT4-fs (mmcblk0p2): mounting ext3 file system using the ext4 subsystem
[   29.384429] EXT4-fs (mmcblk0p2): mounted filesystem with ordered data mode. Opts: (null)
[   29.393035] VFS: Mounted root (ext3 filesystem) on device 179:2.
[   29.410186] devtmpfs: mounted
[   29.415344] Freeing unused kernel memory: 656K (c0ac5000 - c0b69000)

INIT: version 2.88 booting

Error opening /dev/fb0: No such file or directory
/dev/ttyO0 linked to /dev/tty-bd - using as console
Starting udev
[   30.359985] udevd[91]: starting version 182
[   32.433715] random: nonblocking pool is initialized
[   36.403076] FAT-fs (mmcblk0p1): Invalid FSINFO signature: 0x00000000, 0x00000000 (sector = 17554)
[   36.468872] FAT-fs (mmcblk0p1): codepage cp437 not found
[   36.700531] FAT-fs (mmcblk0p1): Invalid FSINFO signature: 0x00000000, 0x00000000 (sector = 17554)
[   36.770629] FAT-fs (mmcblk0p1): codepage cp437 not found
[   37.746185] FAT-fs (mmcblk0p1): Invalid FSINFO signature: 0x00000000, 0x00000000 (sector = 17554)
[   37.764312] FAT-fs (mmcblk0p1): codepage cp437 not found
[   37.804718] FAT-fs (mmcblk0p1): Invalid FSINFO signature: 0x00000000, 0x00000000 (sector = 17554)
[   37.822784] FAT-fs (mmcblk0p1): codepage cp437 not found
ERROR: could not open directory /lib/modules/3.16.0-rc2-next-20140625-00002-gcb90370: No such file or directory
WARNING: -e needs -E or -F
ERROR: could not open directory /lib/modules/3.16.0-rc2-next-20140625-00002-gcb90370: No such file or directory
FATAL: could not search modules: No such file or directory
Starting Bootlog daemon: bootlogd.

[   38.185699] EXT4-fs (mmcblk0p2): re-mounted. Opts: data=ordered
ALSA: Restoring mixer settings...

/usr/sbin/alsactl: load_state:1696: No soundcards found...

Configuring network interfaces... ifconfig: SIOCGIFFLAGS: No such device

done.

Mon May 12 07:18:00 UTC 2014


INIT: Entering runlevel: 3


/dev/ttyO0 linked to /dev/tty-bd - using as console

Starting system message bus: dbus.

Starting Dropbear SSH server: dropbear.

Starting telnet daemon.

Starting syslogd/klogd: done

Starting thttpd.

Starting Lighttpd Web Server: lighttpd.

2014-05-12 07:18:01: (log.c.166) server started 

***************************************************************

***************************************************************

NOTICE: This file system contains the followin GPLv3 packages:

	binutils-symlinks

	binutils

	gdbserver

	parted



If you do not wish to distribute GPLv3 components please remove

the above packages prior to distribution.  This can be done using

the opkg remove command.  i.e.:

    opkg remove <package>

Where <package> is the name printed in the list above



NOTE: If the package is a dependency of another package you

      will be notified of the dependent packages.  You should

      use the --force-removal-of-dependent-packages option to

      also remove the dependent packages as well

***************************************************************

***************************************************************

Stopping Bootlog daemon: bootlogd.

 _____                    _____           _         _   
|  _  |___ ___ ___ ___   |  _  |___ ___  |_|___ ___| |_ 
|     |  _| .'| . | . |  |   __|  _| . | | | -_|  _|  _|
|__|__|_| |__,|_  |___|  |__|  |_| |___|_| |___|___|_|  
              |___|                    |___|            

Arago Project http://arago-project.org GenericOMAP3(FlattenedDeviceTree) tty-bd

Arago 2013.12 GenericOMAP3(FlattenedDeviceTree) tty-bd

GenericOMAP3(FlattenedDeviceTree) login: 
- 05:56:24 [INFO] Host: root
- 05:56:25 [INFO] Target: 
root
root@GenericOMAP3(FlattenedDeviceTree):~# 
- 05:56:25 [INFO] Host: uname -a
- 05:56:25 [INFO] Target: 
uname -a
Linux GenericOMAP3(FlattenedDeviceTree) 3.16.0-rc2-next-20140625-00002-gcb90370 #1 SMP Wed Jun 25 05:50:46 CDT 2014 armv7l GNU/Linux
root@GenericOMAP3(FlattenedDeviceTree):~# 
- 05:56:25 [INFO] Host: cat /proc/cmdline
- 05:56:26 [INFO] Target: 
cat /proc/cmdline
console=ttyO0,115200n8 earlyprintk rootwait ip=dhcp root=/dev/mmcblk0p2 rw rootfstype=ext3 nohlt
root@GenericOMAP3(FlattenedDeviceTree):~# 
- 05:56:26 [INFO] Host: uname -a
- 05:56:26 [INFO] Target: 
uname -a
Linux GenericOMAP3(FlattenedDeviceTree) 3.16.0-rc2-next-20140625-00002-gcb90370 #1 SMP Wed Jun 25 05:50:46 CDT 2014 armv7l GNU/Linux
root@GenericOMAP3(FlattenedDeviceTree):~# 
- 05:56:26 [INFO] Host: cat /proc/mtd
- 05:56:27 [INFO] Target: 
cat /proc/mtd
dev:    size   erasesize  name
root@GenericOMAP3(FlattenedDeviceTree):~# 
- 05:56:33 [INFO] Host: export IPERFHOST=128.247.105.47
- 05:56:33 [INFO] Target: 
export IPERFHOST=128.247.105.47
root@GenericOMAP3(FlattenedDeviceTree):~# 
- 05:56:33 [INFO] Host: export NFS_SERVER=128.247.105.47
- 05:56:34 [INFO] Target: 
export NFS_SERVER=128.247.105.47
root@GenericOMAP3(FlattenedDeviceTree):~# 
- 05:56:34 [INFO] Host: export NFS_ROOT_PATH=/usr/workdir/filesys/linux/sdp3430
- 05:56:34 [INFO] Target: 
export NFS_ROOT_PATH=/usr/workdir/file 
sys/linux/sdp3430
root@GenericOMAP3(FlattenedDeviceTree):~# 
- 05:56:34 [INFO] Host: mkdir -p -m 777 /test
- 05:56:35 [INFO] Target: 
mkdir -p -m 777 /test
root@GenericOMAP3(FlattenedDeviceTree):~# 
- 05:56:35 [INFO] Host: cd /test
- 05:56:36 [INFO] Target: 
cd /test
root@GenericOMAP3(FlattenedDeviceTree):/test# 
- 05:56:36 [INFO] Host: cat > test.sh << EOF
- 05:56:36 [INFO] Target: 
cat > test.sh << EOF
> 
- 05:56:36 [INFO] Host: failtest() {

- 05:56:37 [INFO] Target: 
failtest() {
> 
- 05:56:37 [INFO] Host:   echo 1 >&3

- 05:56:37 [INFO] Target: 
  echo 1 >&3
> 
- 05:56:37 [INFO] Host: }

- 05:56:38 [INFO] Target: 
}
> 
- 05:56:38 [INFO] Host: script=anonymous:anonymous@gtautoftp.gt.design.ti.com/anonymous/opentest/target-test-basic.sh_md5_5d260c597a39e144f6dea1bc54ee8584

- 05:56:48 [ERROR] On command: script=anonymous:anonymous@gtautoftp.gt.design.ti.com/anonymous/opentest/target-test-basic.sh_md5_5d260c597a39e144f6dea1bc54ee8584
 waiting for (?-mix:.*) >>> error: execution expired
- 05:56:48 [INFO] Target: 
script=anonymous:anonymous@gtautoftp.gt.design.ti.com/anonymous/opentest/targe 
t-test-basic.sh_md5_5d260c597a39e144f6dea1bc54ee8584
> 
- 05:56:48 [INFO] Host: timeout=600

- 05:56:49 [INFO] Target: 
timeout=600
> 
- 05:56:49 [INFO] Host: 

- 05:56:49 [INFO] Target: 

> 
- 05:56:49 [INFO] Host: # Start of user's script logic

- 05:56:50 [INFO] Target: 
# Start of user's script logic
> 
- 05:56:50 [INFO] Host: 

- 05:56:50 [INFO] Target: 

> 
- 05:56:51 [INFO] Host: 

- 05:56:51 [INFO] Target: 

> 
- 05:56:51 [INFO] Host: mount -t proc proc /proc 2>/dev/null;

- 05:56:52 [INFO] Target: 
mount -t proc proc /proc 2>/dev/null;
> 
- 05:56:52 [INFO] Host: 

- 05:56:52 [INFO] Target: 

> 
- 05:56:52 [INFO] Host: mount -t sysfs sys /sys 2>/dev/null;

- 05:56:53 [INFO] Target: 
mount -t sysfs sys /sys 2>/dev/null;
> 
- 05:56:53 [INFO] Host: 

- 05:56:54 [INFO] Target: 

> 
- 05:56:54 [INFO] Host: mount -t debugfs none /sys/kernel/debug 2>/dev/null;

- 05:56:54 [INFO] Target: 
mount -t debugfs none /sys/kernel/debug 2>/dev/null;
> 
- 05:56:54 [INFO] Host: 

- 05:56:55 [INFO] Target: 

> 
- 05:56:55 [INFO] Host: echo 'cpuinfo:';cat /proc/cpuinfo; echo '=======';

- 05:56:55 [INFO] Target: 
echo 'cpuinfo:';cat /proc/cpuinfo; echo '=======';
> 
- 05:56:55 [INFO] Host: 

- 05:56:56 [INFO] Target: 

> 
- 05:56:56 [INFO] Host: echo 'soc info:';head /sys/devices/soc0/* 2>/dev/null; echo '=======';

- 05:56:56 [INFO] Target: 
echo 'soc info:';head /sys/devices/soc0/* 2>/dev/null; echo '=======';
> 
- 05:56:57 [INFO] Host: 

- 05:56:57 [INFO] Target: 

> 
- 05:56:57 [INFO] Host: echo 'interrupts:';cat /proc/interrupts; echo '=======';

- 05:56:58 [INFO] Target: 
echo 'interrupts:';cat /proc/interrupts; echo '=======';
> 
- 05:56:58 [INFO] Host: 

- 05:56:58 [INFO] Target: 

> 
- 05:56:58 [INFO] Host: echo 'Clk_summary:';cat /sys/kernel/debug/clk/clk_summary; echo '=======';

- 05:56:59 [INFO] Target: 
echo 'Clk_summary:';cat /sys/kernel/debug/clk/clk_summary; echo '=======';
> 
- 05:56:59 [INFO] Host: 

- 05:56:59 [INFO] Target: 

> 
- 05:56:59 [INFO] Host: echo 'Orphan Clks:';ls /sys/kernel/debug/clk/orphans/; echo '=======';

- 05:57:00 [INFO] Target: 
echo 'Orphan Clks:';ls /sys/kernel/debug/clk/orphans/; echo '=======';
> 
- 05:57:00 [INFO] Host: 

- 05:57:01 [INFO] Target: 

> 
- 05:57:01 [INFO] Host: echo 'H''ello World' 'B''oard Booted';

- 05:57:01 [INFO] Target: 
echo 'H''ello World' 'B''oard Booted';
> 
- 05:57:01 [INFO] Host: 

- 05:57:02 [INFO] Target: 

> 
- 05:57:02 [INFO] Host: EOF
- 05:57:02 [INFO] Target: 
EOF
root@GenericOMAP3(FlattenedDeviceTree):/test# 
- 05:57:02 [INFO] Host: cd /test
- 05:57:03 [INFO] Target: 
cd /test
root@GenericOMAP3(FlattenedDeviceTree):/test# 
- 05:57:03 [INFO] Host: chmod +x test.sh
- 05:57:03 [INFO] Target: 
chmod +x test.sh
root@GenericOMAP3(FlattenedDeviceTree):/test# 
- 05:57:04 [INFO] Host: ./test.sh 2> stderr.log > stdout.log 3> result.log
- 05:57:04 [INFO] Target: 
./test.sh 2> stderr.log > stdout.l 
og 3> result.log
root@GenericOMAP3(FlattenedDeviceTree):/test# 
- 05:57:04 [INFO] Host: echo $?
- 05:57:05 [INFO] Target: 
echo $?
0
root@GenericOMAP3(FlattenedDeviceTree):/test# 
- 05:57:05 [INFO] Host: cd /test
- 05:57:05 [INFO] Target: 
cd /test
root@GenericOMAP3(FlattenedDeviceTree):/test# 
- 05:57:05 [INFO] Host: cat stdout.log
- 05:57:07 [INFO] Target: 
cat stdout.log
cpuinfo:
processor	: 0
model name	: ARMv7 Processor rev 3 (v7l)
Features	: swp half thumb fastmult vfp edsp thumbee neon vfpv3 tls vfpd32 
CPU implementer	: 0x41
CPU architecture: 7
CPU variant	: 0x1
CPU part	: 0xc08
CPU revision	: 3

Hardware	: Generic OMAP3 (Flattened Device Tree)
Revision	: 0000
Serial		: 0000000000000000
=======
soc info:
==> /sys/devices/soc0/family <==
OMAP3

==> /sys/devices/soc0/machine <==
OMAP3430/3530

==> /sys/devices/soc0/power <==

==> /sys/devices/soc0/revision <==
ES3.0

==> /sys/devices/soc0/subsystem <==

==> /sys/devices/soc0/type <==
GP

==> /sys/devices/soc0/uevent <==
=======
interrupts:
           CPU0       
 23:          0      INTC   7  TWL4030-PIH
 25:          0      INTC   9  l3-debug-irq
 26:          0      INTC  10  l3-app-irq
 28:          0      INTC  12  DMA
 29:       2357      INTC  13  omap-dma-engine
 36:          0      INTC  20  gpmc
 53:       3340      INTC  37  gp_timer
 72:        441      INTC  56  48070000.i2c
 73:         30      INTC  57  48072000.i2c
 77:          0      INTC  61  48060000.i2c
 88:       4128      INTC  72  OMAP UART0
 92:          1      INTC  76  ohci_hcd:usb2
 93:          0      INTC  77  ehci_hcd:usb1
 99:       4195      INTC  83  mmc0
306:          0      PRCM  pm_wkup
315:          0      PRCM  pinctrl, pinctrl, pm_io
338:          0   twl4030   0  twl4030_gpio
343:          0   twl4030   5  twl4030_power
349:          0   twl4030  11  rtc0
IPI0:          0  CPU wakeup interrupts
IPI1:          0  Timer broadcast interrupts
IPI2:          0  Rescheduling interrupts
IPI3:          0  Function call interrupts
IPI4:          0  Single function call interrupts
IPI5:          0  CPU stop interrupts
IPI6:          0  IRQ work interrupts
IPI7:          0  completion interrupts
Err:          0
=======
Clk_summary:
   clock                         enable_cnt  prepare_cnt        rate   accuracy
--------------------------------------------------------------------------------
 secure_32k_fck                           0            1       32768          0
    wdt1_fck                              0            0       32768          0
    gpt12_fck                             0            1       32768          0
 dummy_ck                                 0            0           0          0
 mcbsp_clks                               0            5           0          0
 sys_altclk                               0            0           0          0
 virt_38_4m_ck                            0            0    38400000          0
 virt_26000000_ck                         1            1    26000000          0
    osc_sys_ck                            1            1    26000000          0
       sys_clkout1                        0            0    26000000          0
       sys_ck                             4           18    13000000          0
          cpefuse_fck                     0            0    13000000          0
          dpll5_ck                        1            1   120000000          0
             dpll5_m2_ck                  1            1   120000000          0
                usbhost_120m_fck           0            0   120000000          0
                usbtll_fck                1            1   120000000          0
                dpll5_m2_d4_ck            0            0    30000000          0
                dpll5_m2_d8_ck            0            0    15000000          0
                dpll5_m2_d16_ck           0            0     7500000          0
                dpll5_m2_d20_ck           0            0     6000000          0
          sys_d2_ck                       0            0     6500000          0
             usim_fck                     0            0     6500000          0
          modem_fck                       0            0    13000000          0
          dpll2_ck                        0            1   360000000          0
             dpll2_m2_ck                  0            1   360000000          0
                iva2_ck                   0            2   360000000          0
          sr2_fck                         0            1    13000000          0
          sr1_fck                         0            1    13000000          0
          traceclk_src_fck                0            0    13000000          0
             traceclk_fck                 0            0    13000000          0
          emu_src_mux_ck                  0            1    13000000          0
             emu_src_ck                   0            1    13000000          0
                atclk_fck                 0            0    13000000          0
                pclkx2_fck                0            0    13000000          0
                pclk_fck                  0            0     6500000          0
          gpt9_fck                        0            1    13000000          0
          gpt8_fck                        0            1    13000000          0
          gpt7_fck                        0            1    13000000          0
          gpt6_fck                        0            1    13000000          0
          gpt5_fck                        0            1    13000000          0
          gpt4_fck                        0            1    13000000          0
          gpt3_fck                        0            1    13000000          0
          gpt2_fck                        0            1    13000000          0
          dss2_alwon_fck                  0            2    13000000          0
          dpll1_ck                        0            1   500000000          0
             dpll1_x2_ck                  0            1  1000000000          0
                dpll1_x2m2_ck             0            1  1000000000          0
                   mpu_ck                 0            1  1000000000          0
                      emu_mpu_alwon_ck           0            0  1000000000          0
                      arm_fck             0            1   500000000          0
          dpll3_ck                        1            1   332000000          0
             dpll3_m2_ck                  1            2   332000000          0
                core_ck                   1            1   332000000          0
                   core_d2_ck             0            0   166000000          0
                   core_d6_ck             0            0    55333333          0
                      sgx_fck             0            0    55333333          0
                   core_d4_ck             0            0    83000000          0
                   core_d3_ck             0            0   110666666          0
                   dpll2_fck              0            0   332000000          0
                   l3_ick                 2            3   166000000          0
                      sgx_ick             0            0   166000000          0
                      mad2d_ick           0            0   166000000          0
                      sad2d_ick           0            1   166000000          0
                      security_l3_ick           0            0   166000000          0
                         pka_ick           0            0   166000000          0
                      core_l3_ick           8           10   166000000          0
                         hsotgusb_ick_3430es2           0            1   166000000          0
                         gpmc_fck           2            2   166000000          0
                         sdrc_ick           1            1   166000000          0
                      l4_ick              7            8    83000000          0
                         usbhost_ick           1            1    83000000          0
                         dss_ick_3430es2           4            6    83000000          0
                         sr_l4_ick           2            2    83000000          0
                         ssi_l4_ick           1            1    83000000          0
                            ssi_ick_3430es2           1            1    83000000          0
                         cam_ick           0            1    83000000          0
                         security_l4_ick2           0            0    83000000          0
                            des1_ick           0            0    83000000          0
                            sha11_ick           0            0    83000000          0
                            rng_ick           0            0    83000000          0
                            aes1_ick           0            0    83000000          0
                         per_l4_ick          12           17    83000000          0
                            mcbsp4_ick           2            2    83000000          0
                            mcbsp3_ick           2            2    83000000          0
                            mcbsp2_ick           1            1    83000000          0
                            gpt2_ick           1            1    83000000          0
                            gpt3_ick           1            1    83000000          0
                            gpt4_ick           1            1    83000000          0
                            gpt5_ick           1            1    83000000          0
                            gpt6_ick           1            1    83000000          0
                            gpt7_ick           1            1    83000000          0
                            gpt8_ick           1            1    83000000          0
                            gpt9_ick           1            1    83000000          0
                            uart4_ick           0            0    83000000          0
                            uart3_ick           1            1    83000000          0
                            wdt3_ick           0            0    83000000          0
                            gpio2_ick           0            1    83000000          0
                            gpio3_ick           0            1    83000000          0
                            gpio4_ick           0            1    83000000          0
                            gpio5_ick           0            1    83000000          0
                            gpio6_ick           0            1    83000000          0
                         core_l4_ick          21           23    83000000          0
                            mmchs3_ick           1            1    83000000          0
                            usbtll_ick           1            1    83000000          0
                            mailboxes_ick           0            1    83000000          0
                            mspro_ick           0            0    83000000          0
                            des2_ick           0            0    83000000          0
                            icr_ick           0            0    83000000          0
                            sha12_ick           1            2    83000000          0
                            aes2_ick           1            2    83000000          0
                            omapctrl_ick           1            1    83000000          0
                            mcbsp1_ick           1            1    83000000          0
                            mcbsp5_ick           1            1    83000000          0
                            gpt10_ick           1            1    83000000          0
                            gpt11_ick           1            1    83000000          0
                            uart1_ick           1            1    83000000          0
                            uart2_ick           1            1    83000000          0
                            i2c1_ick           1            1    83000000          0
                            i2c2_ick           1            1    83000000          0
                            i2c3_ick           1            1    83000000          0
                            mcspi1_ick           1            1    83000000          0
                            mcspi2_ick           1            1    83000000          0
                            mcspi3_ick           1            1    83000000          0
                            mcspi4_ick           1            1    83000000          0
                            hdq_ick           0            1    83000000          0
                            mmchs1_ick           1            1    83000000          0
                            mmchs2_ick           1            1    83000000          0
                         rm_ick           0            0    41500000          0
                   dpll1_fck              0            0   166000000          0
                dpll3_m2x2_ck             0            1   664000000          0
                   corex2_fck             0            1   664000000          0
                      ssi_ssr_fck_3430es2           0            1   221333334          0
                         ssi_sst_fck_3430es2           0            0   110666667          0
                      corex2_d5_fck           0            0   132800000          0
                      corex2_d3_fck           0            0   221333333          0
             dpll3_m3_ck                  0            0   166000000          0
                dpll3_m3x2_mul_ck           0            0   332000000          0
                   dpll3_m3x2_ck           0            0   332000000          0
                      emu_core_alwon_ck           0            0   332000000          0
             dpll3_x2_ck                  0            0   664000000          0
          dpll4_ck                        1            3   432000000          0
             dpll4_m6_ck                  0            0   144000000          0
                dpll4_m6x2_mul_ck           0            0   288000000          0
                   dpll4_m6x2_ck           0            0   288000000          0
                      emu_per_alwon_ck           0            0   288000000          0
             dpll4_m5_ck                  0            0   108000000          0
                dpll4_m5x2_mul_ck           0            0   216000000          0
                   dpll4_m5x2_ck           0            0   216000000          0
                      cam_mclk            0            0   216000000          0
             dpll4_m4_ck                  0            1   216000000          0
                dpll4_m4x2_mul_ck           0            1   432000000          0
                   dpll4_m4x2_ck           0            1   432000000          0
                      dss1_alwon_fck_3430es2           0            4   432000000          0
             dpll4_m3_ck                  0            1    27000000          0
                dpll4_m3x2_mul_ck           0            1    54000000          0
                   dpll4_m3x2_ck           0            1    54000000          0
                      omap_54m_fck           0            1    54000000          0
                         dss_tv_fck           0            2    54000000          0
                         clkout2_src_ck           0            0    54000000          0
                            sys_clkout2           0            0    54000000          0
             dpll4_m2_ck                  1            1    48000000          0
                dpll4_m2x2_mul_ck           1            1    96000000          0
                   dpll4_m2x2_ck           1            1    96000000          0
                      omap_192m_alwon_fck           0            0    96000000          0
                      omap_96m_alwon_fck           1            2    96000000          0
                         per_96m_fck           0            6    96000000          0
                            mcbsp4_fck           0            1    96000000          0
                            mcbsp3_fck           0            2    96000000          0
                            mcbsp2_fck           0            2    96000000          0
                         cm_96m_fck           1            2    96000000          0
                            cm_96m_d2_fck           1            1    48000000          0
                               omap_48m_fck           3            4    48000000          0
                                  usbhost_48m_fck           1            1    48000000          0
                                  per_48m_fck           1            1    48000000          0
                                     uart3_fck           1            1    48000000          0
                                  core_48m_fck           2            6    48000000          0
                                     uart1_fck           1            1    48000000          0
                                     uart2_fck           1            1    48000000          0
                                     mcspi1_fck           0            1    48000000          0
                                     mcspi2_fck           0            1    48000000          0
                                     mcspi3_fck           0            1    48000000          0
                                     mcspi4_fck           0            1    48000000          0
                                  omap_12m_fck           0            1    12000000          0
                                     core_12m_fck           0            1    12000000          0
                                        hdq_fck             0            1    12000000          0
                            omap_96m_fck           0            2    96000000          0
                               omap_96m_d10_fck           0            0     9600000          0
                               omap_96m_d8_fck           0            0    12000000          0
                               omap_96m_d4_fck           0            0    24000000          0
                               omap_96m_d2_fck           0            0    48000000          0
                               dss_96m_fck           0            2    96000000          0
                               core_96m_fck           0           10    96000000          0
                                  mcbsp1_fck           0            1    96000000          0
                                  mcbsp5_fck           0            1    96000000          0
                                  mmchs3_fck           0            1    96000000          0
                                  mspro_fck           0            0    96000000          0
                                  csi2_96m_fck           0            0    96000000          0
                                  i2c1_fck           0            1    96000000          0
                                  i2c2_fck           0            1    96000000          0
                                  i2c3_fck           0            1    96000000          0
                                  mmchs1_fck           0            1    96000000          0
                                  mmchs2_fck           0            1    96000000          0
             dpll4_x2_ck                  0            0   864000000          0
          wkup_l4_ick                     4            5    13000000          0
             usim_ick                     0            0    13000000          0
             gpt1_ick                     1            1    13000000          0
             gpt12_ick                    1            1    13000000          0
             omap_32ksync_ick             1            1    13000000          0
             gpio1_ick                    0            1    13000000          0
             wdt1_ick                     0            0    13000000          0
             wdt2_ick                     1            1    13000000          0
 virt_19200000_ck                         0            0    19200000          0
 virt_13m_ck                              0            0    13000000          0
 virt_12m_ck                              0            0    12000000          0
 omap_32k_fck                             2            8       32768          0
    gpt1_fck                              1            1       32768          0
    ts_fck                                0            0       32768          0
    per_32k_alwon_fck                     0            5       32768          0
       wdt3_fck                           0            0       32768          0
       gpio2_dbck                         0            1       32768          0
       gpio3_dbck                         0            1       32768          0
       gpio4_dbck                         0            1       32768          0
       gpio5_dbck                         0            1       32768          0
       gpio6_dbck                         0            1       32768          0
    wkup_32k_fck                          1            3       32768          0
       wdt2_fck                           0            1       32768          0
       gpio1_dbck                         0            1       32768          0
    gpt11_fck                             0            1       32768          0
    gpt10_fck                             0            1       32768          0
 dummy_apb_pclk                           0            0           0          0
 virt_16_8m_ck                            0            0    16800000          0
=======
Orphan Clks:
=======
Hello World Board Booted
root@GenericOMAP3(FlattenedDeviceTree):/test# 
- 05:57:07 [INFO] Host: cat stderr.log
- 05:57:08 [INFO] Target: 
cat stderr.log
root@GenericOMAP3(FlattenedDeviceTree):/test# 
- 05:57:08 [INFO] Host: cat result.log
- 05:57:10 [ERROR] On command: cat result.log waiting for (?m-ix:^1[\0\n\r]+) >>> error: execution expired
- 05:57:10 [INFO] Target: 
cat result.log
root@GenericOMAP3(FlattenedDeviceTree):/test# 
- 05:57:10 [INFO] Host: cd /test
- 05:57:11 [INFO] Target: 
cd /test
root@GenericOMAP3(FlattenedDeviceTree):/test# 
FOR DEBUG:URL:http://gtsystest.telogy.design.ti.com/vatf/tidfarm-02/tidfarm-02_vatf@7/tidfarm-0206_25_2014_05_54_41/files/session_iteration_1/test_1/dut1_1_log.txt
