- 12:03:54 [INFO] Starting target session
- 12:03:54 [INFO] Connected to sdp3430 via serial 
- 12:03:54 [INFO] Host: #check prompt
- 12:03:57 [ERROR] On command: #check prompt waiting for #check prompt.+?(?-mix:((?-mix:.*\s+login)|[Pp]assword)) >>> error: execution expired
- 12:03:57 [INFO] Target: 
#check prompt
root@GenericOMAP3(FlattenedDeviceTree):/test# 
- 12:03:57 [INFO] Host: #check prompt
- 12:03:58 [INFO] Target: 
#check prompt
root@GenericOMAP3(FlattenedDeviceTree):/test# 
- 12:03:58 [INFO] Host: sync;poweroff
- 12:04:15 [INFO] Target: 
sync;poweroff
Broadcast message from root@GenericOMAP3(FlattenedDeviceTree) (ttyO0) (Thu De
The system is going down for system halt NOW!
INIT: Switching to runlevel: 0
root@GenericOMAP3(FlattenedDeviceTree):/test# 
INIT: Sending processes the TERM signal
INIT: Sending processes the KILL signal
Stopping Dropbear SSH server: stopped /usr/sbin/dropbear (pid 740)
dropbear.
Stopping telnet daemon.
Stopping system message bus: hwclock: can't open '/dev/misc/rtc': No such file or directory
Error opening /dev/fb0: No such file or directory
Stopping syslogd/klogd: stopped syslogd (pid 752)
stopped klogd (pid 755)
done
Stopping thttpd.
ALSA: Storing mixer settings...
/usr/sbin/alsactl: save_state:1580: No soundcards found...
Deconfiguring network interfaces... ifdown: interface eth0 not configured
done.
Stopping Lighttpd Web Server: stopped /usr/sbin/lighttpd (pid 766)
lighttpd.
***************************************************************
***************************************************************
NOTICE: This file system contains the followin GPLv3 packages:
	binutils-symlinks
	binutils
	gdbserver
	parted
If you do not wish to distribute GPLv3 components please remove
the above packages prior to distribution.  This can be done using
the opkg remove command.  i.e.:
    opkg remove <package>
Where <package> is the name printed in the list above
NOTE: If the package is a dependency of another package you
      will be notified of the dependent packages.  You should
      use the --force-removal-of-dependent-packages option to
      also remove the dependent packages as well
***************************************************************
***************************************************************
Sending all processes the TERM signal...
Sending all processes the KILL signal...
Unmounting remote filesystems...
Deactivating swap...
Unmounting local filesystems...
[22624.728668] reboot: System halted
- 12:04:15 [INFO] Disconnected serial from sdp3430
- 12:04:16 [INFO] Connected to sdp3430 via serial 
- 12:04:16 [INFO] Host: 
- 12:04:17 [ERROR] On command:  waiting for (?-mix:OMAP34XX\sSDP\s#) >>> error: execution expired
- 12:04:17 [INFO] Target: 
- 12:04:17 [INFO] Host: 
- 12:04:17 [ERROR] On command:  waiting for (?-mix:OMAP34XX\sSDP\s#) >>> error: execution expired
- 12:04:17 [INFO] Target: 
- 12:04:17 [INFO] Host: 
- 12:04:18 [ERROR] On command:  waiting for (?-mix:OMAP34XX\sSDP\s#) >>> error: execution expired
- 12:04:18 [INFO] Target: 
- 12:04:18 [INFO] Host: 
- 12:04:18 [ERROR] On command:  waiting for (?-mix:OMAP34XX\sSDP\s#) >>> error: execution expired
- 12:04:18 [INFO] Target: 
U-Boot 2009.11-rc1-00485-g7d1e865 (Nov 09 2009 - 11:21:55)
OMAP3530-GP ES3.0, CPU-OPP2 L3-165MHz
OMAP3 SDP3430 board + LPDDR/NOR
I2C:   ready
DRAM:  128 MB
Flash: 128 MB
In:    serial
Out:   serial
Err:   serial
- 12:04:18 [INFO] Host: 
- 12:04:19 [INFO] Target: 
OMAP34XX SDP # 
OMAP34XX SDP # 
- 12:04:19 [INFO] Host: version
- 12:04:19 [INFO] Target: 
version
U-Boot 2009.11-rc1-00485-g7d1e865 (Nov 09 2009 - 11:21:55)
OMAP34XX SDP # 
- 12:04:19 [INFO] Host: bdinfo
- 12:04:20 [INFO] Target: 
bdinfo
arch_number = 0x00000472
env_t       = 0x00000000
boot_params = 0x80000100
DRAM bank   = 0x00000000
-> start    = 0x80000000
-> size     = 0x08000000
DRAM bank   = 0x00000001
-> start    = 0xA0000000
-> size     = 0x00000000
ethaddr     = 08:00:28:01:24:57
ip_addr     = 0.0.0.0
baudrate    = 115200 bps
OMAP34XX SDP # 
- 12:04:20 [INFO] Host: printenv
- 12:04:20 [INFO] Target: 
printenv
baudrate=115200
loadaddr=0x82000000
console=ttyS0,115200n8
mmcargs=setenv bootargs console=${console} root=/dev/mmcblk0p2 rw rootfstype=ext3 rootwait
norargs=setenv bootargs console=${console} root=/dev/mtdblock3 rw rootfstype=jffs2
loadbootscript=fatload mmc 0 ${loadaddr} boot.scr
bootscript=echo Running bootscript from MMC/SD ...; autoscr ${loadaddr}
loaduimage=fatload mmc 0 ${loadaddr} uImage
mmcboot=echo Booting from MMC/SD ...; run mmcargs; bootm ${loadaddr}
norboot=echo Booting from NOR ...; run norargs; bootm 0x80000
bootdelay=3
ethaddr=08:00:28:01:24:57
serverip=128.247.91.123
bootfile=/tftpboot/kernel/uImage.omap3430-sdp
bootcmd=dhcp;bootm
bootargs=console=ttyO0,115200n8 debug ignore_loglevel earlyprintk root=/dev/mmcblk0p2 rw rootfstype=ext3 rootwait nohlt
stdin=serial
stdout=serial
stderr=serial
Environment size: 818/262140 bytes
OMAP34XX SDP # 
- 12:04:20 [INFO] Host: setenv autoload 'no'
- 12:04:21 [INFO] Target: 
setenv autoload 'no'
OMAP34XX SDP # 
- 12:04:21 [INFO] Host: dhcp
- 12:04:23 [INFO] Target: 
dhcp
Using MAC Address 08:00:28:01:24:57
BOOTP broadcast 1
DHCP client bound to address 192.168.1.185
OMAP34XX SDP # 
- 12:04:23 [INFO] Host: setenv serverip 192.168.1.254
- 12:04:23 [INFO] Target: 
setenv serverip 192.168.1.254
OMAP34XX SDP # 
- 12:04:23 [INFO] Host: setenv bootargs 'console=ttyO0,115200n8 earlyprintk rootwait ip=dhcp root=/dev/mmcblk0p2 rw rootfstype=ext3 nohlt'
- 12:04:24 [INFO] Target: 
setenv bootargs 'console=ttyO0,115200n8 earlyprintk rootwait ip=dhcp root=/dev/mmcblk0p2 rw rootfstype=ext3 nohlt'
OMAP34XX SDP # 
- 12:04:24 [INFO] Host: setenv bootcmd 'tftp ${loadaddr} 192.168.1.254:vatf_7/e3076664f4561c85497d010f36fb3cc7; bootm ${loadaddr}'
- 12:04:24 [INFO] Target: 
setenv bootcmd 'tftp ${loadaddr} 192.168.1.254:vatf_7/e3076664f4561c85497d010f36fb3cc7; bootm ${loadaddr}'
OMAP34XX SDP # 
- 12:04:24 [INFO] Host: printenv
- 12:04:25 [INFO] Target: 
printenv
baudrate=115200
loadaddr=0x82000000
console=ttyS0,115200n8
mmcargs=setenv bootargs console=${console} root=/dev/mmcblk0p2 rw rootfstype=ext3 rootwait
norargs=setenv bootargs console=${console} root=/dev/mtdblock3 rw rootfstype=jffs2
loadbootscript=fatload mmc 0 ${loadaddr} boot.scr
bootscript=echo Running bootscript from MMC/SD ...; autoscr ${loadaddr}
loaduimage=fatload mmc 0 ${loadaddr} uImage
mmcboot=echo Booting from MMC/SD ...; run mmcargs; bootm ${loadaddr}
norboot=echo Booting from NOR ...; run norargs; bootm 0x80000
bootdelay=3
ethaddr=08:00:28:01:24:57
stdin=serial
stdout=serial
stderr=serial
autoload=no
bootfile=/tftpboot/kernel/uImage.omap3430-sdp
gatewayip=192.168.1.254
netmask=255.255.255.0
ipaddr=192.168.1.185
serverip=192.168.1.254
bootargs=console=ttyO0,115200n8 earlyprintk rootwait ip=dhcp root=/dev/mmcblk0p2 rw rootfstype=ext3 nohlt
bootcmd=tftp ${loadaddr} 192.168.1.254:vatf_7/e3076664f4561c85497d010f36fb3cc7; bootm ${loadaddr}
Environment size: 961/262140 bytes
OMAP34XX SDP # 
- 12:04:25 [INFO] Host: boot
- 12:06:55 [ERROR] On command: boot waiting for boot.+?(?-mix:.*\s+login) >>> error: execution expired
- 12:06:55 [INFO] Target: 
boot
Using MAC Address 08:00:28:01:24:57
TFTP from server 192.168.1.254; our IP address is 192.168.1.185
Filename 'vatf_7/e3076664f4561c85497d010f36fb3cc7'.
Load address: 0x82000000
Loading: *#################################################################
	 #################################################################
	 #################################################################
	 #################################################################
	 #################################################################
	 #################################################################
	 ##############################
done
Bytes transferred = 6160115 (5dfef3 hex)
## Booting kernel from Legacy Image at 82000000 ...
   Image Name:   Linux-4.0.0-rc3-next-20150310-00
   Image Type:   ARM Linux Kernel Image (uncompressed)
   Data Size:    6160051 Bytes =  5.9 MB
   Load Address: 80800000
   Entry Point:  80800000
   Verifying Checksum ... OK
   Loading Kernel Image ... OK
Starting kernel ...
[    0.000000] Booting Linux on physical CPU 0x0
[    0.000000] Linux version 4.0.0-rc3-next-20150310-00002-gcf5af6388b49 (nmenon@kahuna) (gcc version 4.6.3 (Ubuntu/Linaro 4.6.3-1ubuntu5) ) #1 SMP Tue Mar 10 11:58:17 CDT 2015
[    0.000000] CPU: ARMv7 Processor [411fc083] revision 3 (ARMv7), cr=10c5387d
[    0.000000] CPU: PIPT / VIPT nonaliasing data cache, VIPT nonaliasing instruction cache
[    0.000000] Machine model: TI OMAP3430 SDP
[    0.000000] cma: Reserved 64 MiB at 0x83800000
[    0.000000] Memory policy: Data cache writeback
[    0.000000] CPU: All CPU(s) started in SVC mode.
[    0.000000] OMAP3430/3530 ES3.0 (l2cache iva sgx neon isp )
[    0.000000] PERCPU: Embedded 11 pages/cpu @c7d8c000 s12608 r8192 d24256 u45056
[    0.000000] Built 1 zonelists in Zone order, mobility grouping on.  Total pages: 32256
[    0.000000] Kernel command line: console=ttyO0,115200n8 earlyprintk rootwait ip=dhcp root=/dev/mmcblk0p2 rw rootfstype=ext3 nohlt
[    0.000000] PID hash table entries: 512 (order: -1, 2048 bytes)
[    0.000000] Dentry cache hash table entries: 16384 (order: 4, 65536 bytes)
[    0.000000] Inode-cache hash table entries: 8192 (order: 3, 32768 bytes)
[    0.000000] Memory: 49328K/130048K available (7886K kernel code, 1058K rwdata, 3460K rodata, 800K init, 316K bss, 15184K reserved, 65536K cma-reserved, 0K highmem)
[    0.000000] Virtual kernel memory layout:
[    0.000000]     vector  : 0xffff0000 - 0xffff1000   (   4 kB)
[    0.000000]     fixmap  : 0xffc00000 - 0xfff00000   (3072 kB)
[    0.000000]     vmalloc : 0xc8800000 - 0xff000000   ( 872 MB)
[    0.000000]     lowmem  : 0xc0000000 - 0xc8000000   ( 128 MB)
[    0.000000]     pkmap   : 0xbfe00000 - 0xc0000000   (   2 MB)
[    0.000000]     modules : 0xbf000000 - 0xbfe00000   (  14 MB)
[    0.000000]       .text : 0xc0208000 - 0xc0d1da30   (11351 kB)
[    0.000000]       .init : 0xc0d1e000 - 0xc0de6000   ( 800 kB)
[    0.000000]       .data : 0xc0de6000 - 0xc0eeeba0   (1059 kB)
[    0.000000]        .bss : 0xc0eeeba0 - 0xc0f3dda0   ( 317 kB)
[    0.000000] SLUB: HWalign=64, Order=0-3, MinObjects=0, CPUs=1, Nodes=1
[    0.000000] Hierarchical RCU implementation.
[    0.000000] 	Additional per-CPU info printed with stalls.
[    0.000000] 	RCU restricting CPUs from NR_CPUS=16 to nr_cpu_ids=1.
[    0.000000] RCU: Adjusting geometry for rcu_fanout_leaf=16, nr_cpu_ids=1
[    0.000000] NR_IRQS:16 nr_irqs:16 16
[    0.000000] IRQ: Found an INTC at 0xfa200000 (revision 4.0) with 96 interrupts
[    0.000000] Clocking rate (Crystal/Core/MPU): 26.0/332/500 MHz
[    0.000000] OMAP clockevent source: timer1 at 32768 Hz
[    0.000030] sched_clock: 32 bits at 32kHz, resolution 30517ns, wraps every 65536000000000ns
[    0.000061] OMAP clocksource: 32k_counter at 32768 Hz
[    0.000366] Console: colour dummy device 80x30
[    0.000396] Calibrating delay loop... 493.97 BogoMIPS (lpj=1234944)
[    0.033752] pid_max: default: 32768 minimum: 301
[    0.033996] Mount-cache hash table entries: 1024 (order: 0, 4096 bytes)
[    0.033996] Mountpoint-cache hash table entries: 1024 (order: 0, 4096 bytes)
[    0.035339] CPU: Testing write buffer coherency: ok
[    0.035827] CPU0: thread -1, cpu 0, socket -1, mpidr 0
[    0.036010] Setting up static identity map for 0x80975238 - 0x809752d0
[    0.042968] Brought up 1 CPUs
[    0.042999] SMP: Total of 1 processors activated (493.97 BogoMIPS).
[    0.043029] CPU: All CPU(s) started in SVC mode.
[    0.044250] devtmpfs: initialized
[    0.050933] VFP support v0.3: implementor 41 architecture 3 part 30 variant c rev 1
[    0.077117] omap_hwmod: mcbsp2_sidetone using broken dt data from mcbsp
[    0.077880] omap_hwmod: mcbsp3_sidetone using broken dt data from mcbsp
[    0.148406] pinctrl core: initialized pinctrl subsystem
[    0.200531] NET: Registered protocol family 16
[    0.205505] DMA: preallocated 256 KiB pool for atomic coherent allocations
[    0.210174] cpuidle: using governor ladder
[    0.210205] cpuidle: using governor menu
[    0.218322] Reprogramming SDRC clock to 332000000 Hz
[    0.227966] OMAP GPIO hardware version 2.5
[    0.254791] omap-gpmc 6e000000.gpmc: GPMC revision 5.0
[    0.258758] No ATAGs?
[    0.258819] hw-breakpoint: debug architecture 0x4 unsupported.
[    0.261901] OMAP DMA hardware revision 4.0
[    0.267395] Serial: AMBA PL011 UART driver
[    0.328521] omap-dma-engine 48056000.dma-controller: OMAP DMA engine driver
[    0.334869] vgaarb: loaded
[    0.336608] SCSI subsystem initialized
[    0.337951] usbcore: registered new interface driver usbfs
[    0.338134] usbcore: registered new interface driver hub
[    0.338287] usbcore: registered new device driver usb
[    0.341308] omap_i2c 48070000.i2c: bus 0 rev3.3 at 2600 kHz
[    0.342376] omap_i2c 48072000.i2c: bus 1 rev3.3 at 100 kHz
[    0.343261] omap_i2c 48060000.i2c: bus 2 rev3.3 at 100 kHz
[    0.344848] media: Linux media interface: v0.10
[    0.345001] Linux video capture interface: v2.00
[    0.345153] pps_core: LinuxPPS API ver. 1 registered
[    0.345153] pps_core: Software ver. 5.3.6 - Copyright 2005-2007 Rodolfo Giometti <giometti@linux.it>
[    0.345245] PTP clock support registered
[    0.345733] EDAC MC: Ver: 3.0.0
[    0.348419] Advanced Linux Sound Architecture Driver Initialized.
[    0.350952] Switched to clocksource 32k_counter
[    0.376495] NET: Registered protocol family 2
[    0.377685] TCP established hash table entries: 1024 (order: 0, 4096 bytes)
[    0.377746] TCP bind hash table entries: 1024 (order: 1, 8192 bytes)
[    0.377777] TCP: Hash tables configured (established 1024 bind 1024)
[    0.377929] UDP hash table entries: 256 (order: 1, 8192 bytes)
[    0.377990] UDP-Lite hash table entries: 256 (order: 1, 8192 bytes)
[    0.378326] NET: Registered protocol family 1
[    0.378997] RPC: Registered named UNIX socket transport module.
[    0.379028] RPC: Registered udp transport module.
[    0.379028] RPC: Registered tcp transport module.
[    0.379058] RPC: Registered tcp NFSv4.1 backchannel transport module.
[    0.383026] hw perfevents: enabled with armv7_cortex_a8 PMU driver, 5 counters available
[    0.388092] futex hash table entries: 256 (order: 2, 16384 bytes)
[    0.416870] squashfs: version 4.0 (2009/01/31) Phillip Lougher
[    0.419189] NFS: Registering the id_resolver key type
[    0.419281] Key type id_resolver registered
[    0.419311] Key type id_legacy registered
[    0.419433] ntfs: driver 2.1.31 [Flags: R/O].
[    0.422851] Block layer SCSI generic (bsg) driver version 0.4 loaded (major 248)
[    0.422912] io scheduler noop registered
[    0.422943] io scheduler deadline registered
[    0.423431] io scheduler cfq registered (default)
[    0.431976] pinctrl-single 48002030.pinmux: 284 pins at pa fa002030 size 568
[    0.432434] pinctrl-single 48002a00.pinmux: 46 pins at pa fa002a00 size 92
[    0.433044] pinctrl-single 480025d8.pinmux: 18 pins at pa fa0025d8 size 36
[    0.594940] Serial: 8250/16550 driver, 4 ports, IRQ sharing disabled
[    0.600128] SuperH (H)SCI(F) driver initialized
[    0.601715] msm_serial: driver initialized
[    0.602935] omap_uart 4806a000.serial: no wakeirq for uart0
[    0.603210] 4806a000.serial: ttyO0 at MMIO 0x4806a000 (irq = 88, base_baud = 3000000) is a OMAP UART0
[    1.278381] console [ttyO0] enabled
[    1.283142] omap_uart 4806c000.serial: no wakeirq for uart0
[    1.289276] 4806c000.serial: ttyO1 at MMIO 0x4806c000 (irq = 89, base_baud = 3000000) is a OMAP UART1
[    1.299926] omap_uart 49020000.serial: no wakeirq for uart0
[    1.306091] 49020000.serial: ttyO2 at MMIO 0x49020000 (irq = 90, base_baud = 3000000) is a OMAP UART2
[    1.316802] STMicroelectronics ASC driver initialized
[    1.325286] [drm] Initialized drm 1.1.0 20060810
[    1.346313] loop: module loaded
[    1.358856] twl 0-0048: PIH (irq 23) chaining IRQs 338..346
[    1.364929] twl 0-0048: power (irq 343) chaining IRQs 346..353
[    1.413269] twl4030_gpio twl4030-gpio: gpio (irq 338) chaining IRQs 354..371
[    1.447052] CAN device driver interface
[    1.454101] igb: Intel(R) Gigabit Ethernet Network Driver - version 5.2.15-k
[    1.461547] igb: Copyright (c) 2007-2014 Intel Corporation.
[    1.472686] pegasus: v0.9.3 (2013/04/25), Pegasus/Pegasus II USB Ethernet driver
[    1.480651] usbcore: registered new interface driver pegasus
[    1.486816] usbcore: registered new interface driver asix
[    1.492645] usbcore: registered new interface driver ax88179_178a
[    1.499206] usbcore: registered new interface driver cdc_ether
[    1.505584] usbcore: registered new interface driver smsc75xx
[    1.511810] usbcore: registered new interface driver smsc95xx
[    1.518035] usbcore: registered new interface driver net1080
[    1.524169] usbcore: registered new interface driver cdc_subset
[    1.530578] usbcore: registered new interface driver zaurus
[    1.536682] usbcore: registered new interface driver cdc_ncm
[    1.545532] ehci_hcd: USB 2.0 'Enhanced' Host Controller (EHCI) Driver
[    1.552459] ehci-pci: EHCI PCI platform driver
[    1.557312] ehci-platform: EHCI generic platform driver
[    1.563385] ehci-omap: OMAP-EHCI Host Controller driver
[    1.569519] ehci-omap 48064800.ehci: EHCI Host Controller
[    1.575317] ehci-omap 48064800.ehci: new USB bus registered, assigned bus number 1
[    1.583923] ehci-omap 48064800.ehci: irq 93, io mem 0x48064800
[    1.596160] ehci-omap 48064800.ehci: USB 2.0 started, EHCI 1.00
[    1.604370] hub 1-0:1.0: USB hub found
[    1.608551] hub 1-0:1.0: 3 ports detected
[    1.614379] ehci-orion: EHCI orion driver
[    1.619232] SPEAr-ehci: EHCI SPEAr driver
[    1.623962] ehci-st: EHCI STMicroelectronics driver
[    1.629547] ehci-exynos: EHCI EXYNOS driver
[    1.634399] tegra-ehci: Tegra EHCI driver
[    1.639068] ohci_hcd: USB 1.1 'Open' Host Controller (OHCI) Driver
[    1.645660] ohci-pci: OHCI PCI platform driver
[    1.650573] ohci-platform: OHCI generic platform driver
[    1.656555] ohci-omap3: OHCI OMAP3 driver
[    1.661315] ohci-omap3 48064400.ohci: OHCI Host Controller
[    1.667175] ohci-omap3 48064400.ohci: new USB bus registered, assigned bus number 2
[    1.675598] ohci-omap3 48064400.ohci: irq 92, io mem 0x48064400
[    1.757934] hub 2-0:1.0: USB hub found
[    1.762084] hub 2-0:1.0: 3 ports detected
[    1.767822] SPEAr-ohci: OHCI SPEAr driver
[    1.772674] ohci-st: OHCI STMicroelectronics driver
[    1.778594] usbcore: registered new interface driver usb-storage
[    1.789764] mousedev: PS/2 mouse device common for all mice
[    1.804595] twl_rtc 48070000.i2c:twl@48:rtc: Power up reset detected.
[    1.811584] twl_rtc 48070000.i2c:twl@48:rtc: Enabling TWL-RTC
[    1.821624] twl_rtc 48070000.i2c:twl@48:rtc: rtc core: registered 48070000.i2c:twl@48 as rtc0
[    1.832611] i2c /dev entries driver
[    1.842712] usbcore: registered new interface driver uvcvideo
[    1.848846] USB Video Class driver (1.1.1)
[    1.853179] gspca_main: v2.14.0 registered
[    1.867919] Driver 'mmcblk' needs updating - please use bus_type methods
[    1.875244] sdhci: Secure Digital Host Controller Interface driver
[    1.881774] sdhci: Copyright(c) Pierre Ossman
[    1.923126] Synopsys Designware Multimedia Card Interface Driver
[    1.932250] sdhci-pltfm: SDHCI platform and OF driver helper
[    1.942138] ledtrig-cpu: registered to indicate activity on CPUs
[    1.949096] usbcore: registered new interface driver usbhid
[    1.954986] usbhid: USB HID core driver
[    1.968170] usbcore: registered new interface driver snd-usb-audio
[    1.982116] NET: Registered protocol family 17
[    1.986938] can: controller area network core (rev 20120528 abi 9)
[    1.993682] NET: Registered protocol family 29
[    1.998443] can: raw protocol (rev 20120528)
[    2.002990] can: broadcast manager protocol (rev 20120528 t)
[    2.009002] can: netlink gateway (rev 20130117) max_hops=1
[    2.015869] Key type dns_resolver registered
[    2.020874] omap2_set_init_voltage: unable to find boot up OPP for vdd_mpu_iva
[    2.028533] omap2_set_init_voltage: unable to set vdd_mpu_iva
[    2.034667] omap2_set_init_voltage: unable to find boot up OPP for vdd_core
[    2.042053] omap2_set_init_voltage: unable to set vdd_core
[    2.049957] PM: no software I/O chain control; some wakeups may be lost
[    2.058074] ThumbEE CPU extension supported.
[    2.062652] Registering SWP/SWPB emulation handler
[    2.080200] twl_rtc 48070000.i2c:twl@48:rtc: setting system clock to 2000-01-01 00:00:00 UTC (946684800)
[    2.129913] mmc0: host does not support reading read-only switch, assuming write-enable
[    2.140624] mmc0: new high speed SD card at address b368
[    2.147125] mmcblk0: mmc0:b368 SD    1.88 GiB 
[    2.153564]  mmcblk0: p1 p2
[   14.167785] VPLL2: disabling
[   14.172454] VUSB3V1: disabling
[   14.177124] VUSB1V8: disabling
[   14.181732] VUSB1V5: disabling
[   14.186798] VDAC: disabling
[   14.191619] VAUX3: disabling
[   14.197662] ALSA device list:
[   14.200897]   No soundcards found.
[   14.212860] EXT4-fs (mmcblk0p2): mounting ext3 file system using the ext4 subsystem
[   14.254791] EXT4-fs (mmcblk0p2): mounted filesystem with ordered data mode. Opts: (null)
[   14.263946] VFS: Mounted root (ext3 filesystem) on device 179:2.
[   14.289154] devtmpfs: mounted
[   14.302429] Freeing unused kernel memory: 800K (c0d1e000 - c0de6000)
INIT: version 2.88 booting
Error opening /dev/fb0: No such file or directory
/dev/ttyO0 linked to /dev/tty-bd - using as console
Starting udev
[   15.418060] udevd[93]: starting version 182
udevd[97]: '/etc/udev/scripts/mount.sh' [333] terminated by signal 11 (Segmentation fault)
[   87.892913] random: nonblocking pool is initialized
URL:gtsystest.telogy.design.ti.com/vatf/tidfarm-02.dal.design.ti.com/tidfarm-02.dal.design.ti.com_vatf@7/tidfarm-02.dal.design.ti.com03_10_2015_12_03_53/files/session_iteration_1/test_1
