- 07:47:57 [INFO] Starting target session
- 07:47:58 [INFO] Connected to sdp3430 via serial 
- 07:47:58 [INFO] Host: #check prompt
- 07:48:01 [ERROR] On command: #check prompt waiting for #check prompt.+?(?-mix:((?-mix:.*\s+login)|[Pp]assword)) >>> error: execution expired
- 07:48:01 [INFO] Target: 
[ 7543.968048] INFO: rcu_sched detected stalls on CPUs/tasks:
[ 7543.973846] 	(detected by 0, t=746092 jiffies, g=1074, c=1073, q=5)
[ 7543.980499] All QSes seen, last rcu_sched kthread activity 746092 (724397--21695), jiffies_till_next_fqs=1
[ 7543.990722] mount.sh        R running      0   287    271 0x00000007
[ 7543.997467] [<c001545c>] (unwind_backtrace) from [<c0011a74>] (show_stack+0x10/0x14)
[ 7544.005676] [<c0011a74>] (show_stack) from [<c0099b3c>] (rcu_check_callbacks+0x7f8/0x848)
[ 7544.014343] [<c0099b3c>] (rcu_check_callbacks) from [<c009e37c>] (update_process_times+0x30/0x5c)
[ 7544.023742] [<c009e37c>] (update_process_times) from [<c00ae164>] (tick_sched_handle+0x48/0x54)
[ 7544.032928] [<c00ae164>] (tick_sched_handle) from [<c00ae480>] (tick_sched_timer+0x58/0x9c)
[ 7544.041778] [<c00ae480>] (tick_sched_timer) from [<c009ec14>] (__run_hrtimer+0x88/0x22c)
[ 7544.050354] [<c009ec14>] (__run_hrtimer) from [<c009f7bc>] (hrtimer_interrupt+0x130/0x2e0)
[ 7544.059112] [<c009f7bc>] (hrtimer_interrupt) from [<c0024438>] (omap2_gp_timer_interrupt+0x24/0x34)
[ 7544.068664] [<c0024438>] (omap2_gp_timer_interrupt) from [<c008e180>] (handle_irq_event_percpu+0x60/0x230)
[ 7544.078887] [<c008e180>] (handle_irq_event_percpu) from [<c008e38c>] (handle_irq_event+0x3c/0x5c)
[ 7544.088287] [<c008e38c>] (handle_irq_event) from [<c0090ff0>] (handle_level_irq+0xb4/0x13c)
[ 7544.097106] [<c0090ff0>] (handle_level_irq) from [<c008da28>] (generic_handle_irq+0x20/0x30)
[ 7544.106048] [<c008da28>] (generic_handle_irq) from [<c008db3c>] (__handle_domain_irq+0x64/0xd8)
[ 7544.115264] [<c008db3c>] (__handle_domain_irq) from [<c00086f0>] (omap_intc_handle_irq+0xb4/0xc4)
[ 7544.124633] [<c00086f0>] (omap_intc_handle_irq) from [<c058d124>] (__irq_svc+0x44/0x5c)
[ 7544.133117] Exception stack(0xc483dc08 to 0xc483dc50)
[ 7544.138458] dc00:                   00000001 c483dc50 c10a99e8 c4b392c0 600f0113 00000000
[ 7544.147094] dc20: c4c9468c 00000001 00000001 00000000 00000001 c058d840 000001d6 c483dc50
[ 7544.155761] dc40: c0081bc0 c0083a50 800f0113 ffffffff
[ 7544.161102] [<c058d124>] (__irq_svc) from [<c0083a50>] (lock_acquire+0xbc/0x128)
[ 7544.168945] [<c0083a50>] (lock_acquire) from [<c007e418>] (down_read_trylock+0x6c/0x80)
[ 7544.177429] [<c007e418>] (down_read_trylock) from [<c058d840>] (do_page_fault+0xc8/0x3a4)
[ 7544.186065] [<c058d840>] (do_page_fault) from [<c0008538>] (do_DataAbort+0x34/0x9c)
[ 7544.194183] [<c0008538>] (do_DataAbort) from [<c058d0a4>] (__dabt_svc+0x44/0x80)
[ 7544.201995] Exception stack(0xc483dda8 to 0xc483ddf0)
[ 7544.207336] dda0:                   000b3910 000006e8 00000000 000b3910 c4c643c0 c666dd00
[ 7544.216003] ddc0: c483de00 c67d1c00 c660c480 c4e12840 000b3910 000b8c58 00000000 c483ddf0
[ 7544.224639] dde0: c0196810 c03176ec 200f0113 ffffffff
[ 7544.229980] [<c058d0a4>] (__dabt_svc) from [<c03176ec>] (__clear_user_std+0x34/0x64)
[ 7544.238189] rcu_sched kthread starved for 746092 jiffies!
- 07:48:01 [INFO] Host: #check prompt
- 07:48:03 [ERROR] On command: #check prompt waiting for #check prompt.+?(?m-ix:root.*#) >>> error: execution expired
- 07:48:03 [INFO] Target: 
- 07:48:03 [INFO] Disconnected serial from sdp3430
- 07:48:04 [INFO] Connected to sdp3430 via serial 
- 07:48:04 [INFO] Host: 
- 07:48:04 [ERROR] On command:  waiting for (?-mix:OMAP34XX\sSDP\s#) >>> error: execution expired
- 07:48:04 [INFO] Target: 
- 07:48:04 [INFO] Host: 
- 07:48:05 [ERROR] On command:  waiting for (?-mix:OMAP34XX\sSDP\s#) >>> error: execution expired
- 07:48:05 [INFO] Target: 
- 07:48:05 [INFO] Host: 
- 07:48:05 [ERROR] On command:  waiting for (?-mix:OMAP34XX\sSDP\s#) >>> error: execution expired
- 07:48:05 [INFO] Target: 
- 07:48:05 [INFO] Host: 
- 07:48:06 [ERROR] On command:  waiting for (?-mix:OMAP34XX\sSDP\s#) >>> error: execution expired
- 07:48:06 [INFO] Target: 
U-Boot 2009.11-rc1-00485-g7d1e865 (Nov 09 2009 - 11:21:55)
OMAP3530-GP ES3.0, CPU-OPP2 L3-165MHz
OMAP3 SDP3430 board + LPDDR/NOR
I2C:   ready
DRAM:  128 MB
Flash: 128 MB
In:    serial
Out:   serial
Err:   serial
- 07:48:06 [INFO] Host: 
- 07:48:06 [INFO] Target: 
OMAP34XX SDP # 
OMAP34XX SDP # 
- 07:48:06 [INFO] Host: version
- 07:48:07 [INFO] Target: 
version
U-Boot 2009.11-rc1-00485-g7d1e865 (Nov 09 2009 - 11:21:55)
OMAP34XX SDP # 
- 07:48:07 [INFO] Host: bdinfo
- 07:48:07 [INFO] Target: 
bdinfo
arch_number = 0x00000472
env_t       = 0x00000000
boot_params = 0x80000100
DRAM bank   = 0x00000000
-> start    = 0x80000000
-> size     = 0x08000000
DRAM bank   = 0x00000001
-> start    = 0xA0000000
-> size     = 0x00000000
ethaddr     = 08:00:28:01:24:57
ip_addr     = 0.0.0.0
baudrate    = 115200 bps
OMAP34XX SDP # 
- 07:48:07 [INFO] Host: printenv
- 07:48:08 [INFO] Target: 
printenv
baudrate=115200
loadaddr=0x82000000
console=ttyS0,115200n8
mmcargs=setenv bootargs console=${console} root=/dev/mmcblk0p2 rw rootfstype=ext3 rootwait
norargs=setenv bootargs console=${console} root=/dev/mtdblock3 rw rootfstype=jffs2
loadbootscript=fatload mmc 0 ${loadaddr} boot.scr
bootscript=echo Running bootscript from MMC/SD ...; autoscr ${loadaddr}
loaduimage=fatload mmc 0 ${loadaddr} uImage
mmcboot=echo Booting from MMC/SD ...; run mmcargs; bootm ${loadaddr}
norboot=echo Booting from NOR ...; run norargs; bootm 0x80000
bootdelay=3
ethaddr=08:00:28:01:24:57
serverip=128.247.91.123
bootfile=/tftpboot/kernel/uImage.omap3430-sdp
bootcmd=dhcp;bootm
bootargs=console=ttyO0,115200n8 debug ignore_loglevel earlyprintk root=/dev/mmcblk0p2 rw rootfstype=ext3 rootwait nohlt
stdin=serial
stdout=serial
stderr=serial
Environment size: 818/262140 bytes
OMAP34XX SDP # 
- 07:48:08 [INFO] Host: setenv autoload 'no'
- 07:48:08 [INFO] Target: 
setenv autoload 'no'
OMAP34XX SDP # 
- 07:48:08 [INFO] Host: dhcp
- 07:48:10 [INFO] Target: 
dhcp
Using MAC Address 08:00:28:01:24:57
BOOTP broadcast 1
DHCP client bound to address 192.168.1.185
OMAP34XX SDP # 
- 07:48:10 [INFO] Host: setenv serverip 192.168.1.254
- 07:48:11 [INFO] Target: 
setenv serverip 192.168.1.254
OMAP34XX SDP # 
- 07:48:11 [INFO] Host: setenv bootargs 'console=ttyO0,115200n8 earlyprintk rootwait ip=dhcp root=/dev/mmcblk0p2 rw rootfstype=ext3 nohlt'
- 07:48:11 [INFO] Target: 
setenv bootargs 'console=ttyO0,115200n8 earlyprintk rootwait ip=dhcp root=/dev/mmcblk0p2 rw rootfstype=ext3 nohlt'
OMAP34XX SDP # 
- 07:48:11 [INFO] Host: setenv bootcmd 'tftp ${loadaddr} 192.168.1.254:vatf_7/f73aef815e70df2c257861c274a52a52; bootm ${loadaddr}'
- 07:48:12 [INFO] Target: 
setenv bootcmd 'tftp ${loadaddr} 192.168.1.254:vatf_7/f73aef815e70df2c257861c274a52a52; bootm ${loadaddr}'
OMAP34XX SDP # 
- 07:48:12 [INFO] Host: printenv
- 07:48:12 [INFO] Target: 
printenv
baudrate=115200
loadaddr=0x82000000
console=ttyS0,115200n8
mmcargs=setenv bootargs console=${console} root=/dev/mmcblk0p2 rw rootfstype=ext3 rootwait
norargs=setenv bootargs console=${console} root=/dev/mtdblock3 rw rootfstype=jffs2
loadbootscript=fatload mmc 0 ${loadaddr} boot.scr
bootscript=echo Running bootscript from MMC/SD ...; autoscr ${loadaddr}
loaduimage=fatload mmc 0 ${loadaddr} uImage
mmcboot=echo Booting from MMC/SD ...; run mmcargs; bootm ${loadaddr}
norboot=echo Booting from NOR ...; run norargs; bootm 0x80000
bootdelay=3
ethaddr=08:00:28:01:24:57
stdin=serial
stdout=serial
stderr=serial
autoload=no
bootfile=/tftpboot/kernel/uImage.omap3430-sdp
gatewayip=192.168.1.254
netmask=255.255.255.0
ipaddr=192.168.1.185
serverip=192.168.1.254
bootargs=console=ttyO0,115200n8 earlyprintk rootwait ip=dhcp root=/dev/mmcblk0p2 rw rootfstype=ext3 nohlt
bootcmd=tftp ${loadaddr} 192.168.1.254:vatf_7/f73aef815e70df2c257861c274a52a52; bootm ${loadaddr}
Environment size: 961/262140 bytes
OMAP34XX SDP # 
- 07:48:12 [INFO] Host: boot
- 07:50:43 [ERROR] On command: boot waiting for boot.+?(?-mix:.*\s+login) >>> error: execution expired
- 07:50:43 [INFO] Target: 
boot
Using MAC Address 08:00:28:01:24:57
TFTP from server 192.168.1.254; our IP address is 192.168.1.185
Filename 'vatf_7/f73aef815e70df2c257861c274a52a52'.
Load address: 0x82000000
Loading: *#################################################################
	 #################################################################
	 #################################################################
	 #################################################################
	 #################################################################
	 ###################################################
done
Bytes transferred = 5509989 (541365 hex)
## Booting kernel from Legacy Image at 82000000 ...
   Image Name:   Linux-3.19.0-rc5-next-20150122-0
   Image Type:   ARM Linux Kernel Image (uncompressed)
   Data Size:    5509925 Bytes =  5.3 MB
   Load Address: 80800000
   Entry Point:  80800000
   Verifying Checksum ... OK
   Loading Kernel Image ... OK
Starting kernel ...
[    0.000000] Booting Linux on physical CPU 0x0
[    0.000000] Linux version 3.19.0-rc5-next-20150122-00002-g2ade5cea1b05 (nmenon@kahuna) (gcc version 4.6.3 (Ubuntu/Linaro 4.6.3-1ubuntu5) ) #1 SMP Thu Jan 22 07:43:43 CST 2015
[    0.000000] CPU: ARMv7 Processor [411fc083] revision 3 (ARMv7), cr=10c5387d
[    0.000000] CPU: PIPT / VIPT nonaliasing data cache, VIPT nonaliasing instruction cache
[    0.000000] Machine model: TI OMAP3430 SDP
[    0.000000] cma: Reserved 64 MiB at 0x83800000
[    0.000000] Memory policy: Data cache writeback
[    0.000000] CPU: All CPU(s) started in SVC mode.
[    0.000000] OMAP3430/3530 ES3.0 (l2cache iva sgx neon isp )
[    0.000000] PERCPU: Embedded 11 pages/cpu @c7d8c000 s13120 r8192 d23744 u45056
[    0.000000] Built 1 zonelists in Zone order, mobility grouping on.  Total pages: 32256
[    0.000000] Kernel command line: console=ttyO0,115200n8 earlyprintk rootwait ip=dhcp root=/dev/mmcblk0p2 rw rootfstype=ext3 nohlt
[    0.000000] PID hash table entries: 512 (order: -1, 2048 bytes)
[    0.000000] Dentry cache hash table entries: 16384 (order: 4, 65536 bytes)
[    0.000000] Inode-cache hash table entries: 8192 (order: 3, 32768 bytes)
[    0.000000] Memory: 50836K/130048K available (7100K kernel code, 931K rwdata, 2904K rodata, 776K init, 299K bss, 13676K reserved, 65536K cma-reserved, 0K highmem)
[    0.000000] Virtual kernel memory layout:
[    0.000000]     vector  : 0xffff0000 - 0xffff1000   (   4 kB)
[    0.000000]     fixmap  : 0xffc00000 - 0xfff00000   (3072 kB)
[    0.000000]     vmalloc : 0xc8800000 - 0xff000000   ( 872 MB)
[    0.000000]     lowmem  : 0xc0000000 - 0xc8000000   ( 128 MB)
[    0.000000]     pkmap   : 0xbfe00000 - 0xc0000000   (   2 MB)
[    0.000000]     modules : 0xbf000000 - 0xbfe00000   (  14 MB)
[    0.000000]       .text : 0xc0208000 - 0xc0bcd30c   (10005 kB)
[    0.000000]       .init : 0xc0bce000 - 0xc0c90000   ( 776 kB)
[    0.000000]       .data : 0xc0c90000 - 0xc0d78c40   ( 932 kB)
[    0.000000]        .bss : 0xc0d78c40 - 0xc0dc3ae0   ( 300 kB)
[    0.000000] SLUB: HWalign=64, Order=0-3, MinObjects=0, CPUs=1, Nodes=1
[    0.000000] Hierarchical RCU implementation.
[    0.000000] 	Additional per-CPU info printed with stalls.
[    0.000000] 	RCU restricting CPUs from NR_CPUS=8 to nr_cpu_ids=1.
[    0.000000] RCU: Adjusting geometry for rcu_fanout_leaf=16, nr_cpu_ids=1
[    0.000000] NR_IRQS:16 nr_irqs:16 16
[    0.000000] IRQ: Found an INTC at 0xfa200000 (revision 4.0) with 96 interrupts
[    0.000000] Clocking rate (Crystal/Core/MPU): 26.0/332/500 MHz
[    0.000000] OMAP clockevent source: timer1 at 32768 Hz
[    0.000000] sched_clock: 32 bits at 32kHz, resolution 30517ns, wraps every 65536000000000ns
[    0.000030] OMAP clocksource: 32k_counter at 32768 Hz
[    0.000335] Console: colour dummy device 80x30
[    0.000366] Calibrating delay loop... 493.97 BogoMIPS (lpj=1234944)
[    0.033752] pid_max: default: 32768 minimum: 301
[    0.033966] Mount-cache hash table entries: 1024 (order: 0, 4096 bytes)
[    0.033996] Mountpoint-cache hash table entries: 1024 (order: 0, 4096 bytes)
[    0.035339] CPU: Testing write buffer coherency: ok
[    0.035858] CPU0: thread -1, cpu 0, socket -1, mpidr 0
[    0.036041] Setting up static identity map for 0x808b6d30 - 0x808b6dc8
[    0.041778] Brought up 1 CPUs
[    0.041809] SMP: Total of 1 processors activated (493.97 BogoMIPS).
[    0.041809] CPU: All CPU(s) started in SVC mode.
[    0.042846] devtmpfs: initialized
[    0.049468] VFP support v0.3: implementor 41 architecture 3 part 30 variant c rev 1
[    0.075042] omap_hwmod: mcbsp2_sidetone using broken dt data from mcbsp
[    0.075805] omap_hwmod: mcbsp3_sidetone using broken dt data from mcbsp
[    0.145202] pinctrl core: initialized pinctrl subsystem
[    0.196319] NET: Registered protocol family 16
[    0.201538] DMA: preallocated 256 KiB pool for atomic coherent allocations
[    0.205688] cpuidle: using governor ladder
[    0.205718] cpuidle: using governor menu
[    0.213775] Reprogramming SDRC clock to 332000000 Hz
[    0.223083] OMAP GPIO hardware version 2.5
[    0.249084] omap-gpmc 6e000000.gpmc: GPMC revision 5.0
[    0.252929] No ATAGs?
[    0.252990] hw-breakpoint: debug architecture 0x4 unsupported.
[    0.255798] OMAP DMA hardware revision 4.0
[    0.261230] Serial: AMBA PL011 UART driver
[    0.320373] omap-dma-engine 48056000.dma-controller: OMAP DMA engine driver
[    0.326416] vgaarb: loaded
[    0.328186] SCSI subsystem initialized
[    0.329467] usbcore: registered new interface driver usbfs
[    0.329620] usbcore: registered new interface driver hub
[    0.329772] usbcore: registered new device driver usb
[    0.333557] omap_i2c 48070000.i2c: bus 0 rev3.3 at 2600 kHz
[    0.334503] omap_i2c 48072000.i2c: bus 1 rev3.3 at 100 kHz
[    0.335388] omap_i2c 48060000.i2c: bus 2 rev3.3 at 100 kHz
[    0.336517] Linux video capture interface: v2.00
[    0.336639] pps_core: LinuxPPS API ver. 1 registered
[    0.336639] pps_core: Software ver. 5.3.6 - Copyright 2005-2007 Rodolfo Giometti <giometti@linux.it>
[    0.336730] PTP clock support registered
[    0.337371] EDAC MC: Ver: 3.0.0
[    0.338897] Advanced Linux Sound Architecture Driver Initialized.
[    0.341522] Switched to clocksource 32k_counter
[    0.366882] NET: Registered protocol family 2
[    0.368011] TCP established hash table entries: 1024 (order: 0, 4096 bytes)
[    0.368072] TCP bind hash table entries: 1024 (order: 1, 8192 bytes)
[    0.368103] TCP: Hash tables configured (established 1024 bind 1024)
[    0.368255] TCP: reno registered
[    0.368286] UDP hash table entries: 256 (order: 1, 8192 bytes)
[    0.368316] UDP-Lite hash table entries: 256 (order: 1, 8192 bytes)
[    0.368682] NET: Registered protocol family 1
[    0.369384] RPC: Registered named UNIX socket transport module.
[    0.369415] RPC: Registered udp transport module.
[    0.369415] RPC: Registered tcp transport module.
[    0.369415] RPC: Registered tcp NFSv4.1 backchannel transport module.
[    0.373321] hw perfevents: enabled with armv7_cortex_a8 PMU driver, 5 counters available
[    0.378356] futex hash table entries: 256 (order: 2, 16384 bytes)
[    0.407318] squashfs: version 4.0 (2009/01/31) Phillip Lougher
[    0.409210] NFS: Registering the id_resolver key type
[    0.409332] Key type id_resolver registered
[    0.409332] Key type id_legacy registered
[    0.409454] ntfs: driver 2.1.31 [Flags: R/O].
[    0.412841] Block layer SCSI generic (bsg) driver version 0.4 loaded (major 249)
[    0.412872] io scheduler noop registered
[    0.412902] io scheduler deadline registered
[    0.413391] io scheduler cfq registered (default)
[    0.421081] pinctrl-single 48002030.pinmux: 284 pins at pa fa002030 size 568
[    0.421600] pinctrl-single 48002a00.pinmux: 46 pins at pa fa002a00 size 92
[    0.422302] pinctrl-single 480025d8.pinmux: 18 pins at pa fa0025d8 size 36
[    0.580108] Serial: 8250/16550 driver, 4 ports, IRQ sharing disabled
[    0.585845] msm_serial: driver initialized
[    0.587097] omap_uart 4806a000.serial: no wakeirq for uart0
[    0.587371] 4806a000.serial: ttyO0 at MMIO 0x4806a000 (irq = 88, base_baud = 3000000) is a OMAP UART0
[    1.259582] console [ttyO0] enabled
[    1.264312] omap_uart 4806c000.serial: no wakeirq for uart0
[    1.270507] 4806c000.serial: ttyO1 at MMIO 0x4806c000 (irq = 89, base_baud = 3000000) is a OMAP UART1
[    1.281188] omap_uart 49020000.serial: no wakeirq for uart0
[    1.287353] 49020000.serial: ttyO2 at MMIO 0x49020000 (irq = 90, base_baud = 3000000) is a OMAP UART2
[    1.298095] STMicroelectronics ASC driver initialized
[    1.317565] loop: module loaded
[    1.329956] twl 0-0048: PIH (irq 23) chaining IRQs 338..346
[    1.336059] twl 0-0048: power (irq 343) chaining IRQs 346..353
[    1.382965] twl4030_gpio twl4030-gpio: gpio (irq 338) chaining IRQs 354..371
[    1.412170] CAN device driver interface
[    1.419097] igb: Intel(R) Gigabit Ethernet Network Driver - version 5.2.15-k
[    1.426605] igb: Copyright (c) 2007-2014 Intel Corporation.
[    1.436859] pegasus: v0.9.3 (2013/04/25), Pegasus/Pegasus II USB Ethernet driver
[    1.444885] usbcore: registered new interface driver pegasus
[    1.451080] usbcore: registered new interface driver asix
[    1.456970] usbcore: registered new interface driver ax88179_178a
[    1.463592] usbcore: registered new interface driver cdc_ether
[    1.469970] usbcore: registered new interface driver smsc75xx
[    1.476257] usbcore: registered new interface driver smsc95xx
[    1.482513] usbcore: registered new interface driver net1080
[    1.488677] usbcore: registered new interface driver cdc_subset
[    1.495086] usbcore: registered new interface driver zaurus
[    1.501251] usbcore: registered new interface driver cdc_ncm
[    1.510009] ehci_hcd: USB 2.0 'Enhanced' Host Controller (EHCI) Driver
[    1.517028] ehci-pci: EHCI PCI platform driver
[    1.521942] ehci-platform: EHCI generic platform driver
[    1.528045] ehci-omap: OMAP-EHCI Host Controller driver
[    1.534240] ehci-omap 48064800.ehci: EHCI Host Controller
[    1.540069] ehci-omap 48064800.ehci: new USB bus registered, assigned bus number 1
[    1.548767] ehci-omap 48064800.ehci: irq 93, io mem 0x48064800
[    1.561706] ehci-omap 48064800.ehci: USB 2.0 started, EHCI 1.00
[    1.570037] hub 1-0:1.0: USB hub found
[    1.574218] hub 1-0:1.0: 3 ports detected
[    1.580139] ehci-orion: EHCI orion driver
[    1.585021] SPEAr-ehci: EHCI SPEAr driver
[    1.589752] ehci-st: EHCI STMicroelectronics driver
[    1.595336] ehci-exynos: EHCI EXYNOS driver
[    1.600219] tegra-ehci: Tegra EHCI driver
[    1.604919] ohci_hcd: USB 1.1 'Open' Host Controller (OHCI) Driver
[    1.611572] ohci-pci: OHCI PCI platform driver
[    1.616455] ohci-platform: OHCI generic platform driver
[    1.622467] ohci-omap3: OHCI OMAP3 driver
[    1.627258] ohci-omap3 48064400.ohci: OHCI Host Controller
[    1.633178] ohci-omap3 48064400.ohci: new USB bus registered, assigned bus number 2
[    1.641693] ohci-omap3 48064400.ohci: irq 92, io mem 0x48064400
[    1.723541] hub 2-0:1.0: USB hub found
[    1.727722] hub 2-0:1.0: 3 ports detected
[    1.733428] SPEAr-ohci: OHCI SPEAr driver
[    1.738281] ohci-st: OHCI STMicroelectronics driver
[    1.745056] usbcore: registered new interface driver usb-storage
[    1.756011] mousedev: PS/2 mouse device common for all mice
[    1.770294] twl_rtc 48070000.i2c:twl@48:rtc: Power up reset detected.
[    1.777557] twl_rtc 48070000.i2c:twl@48:rtc: Enabling TWL-RTC
[    1.787628] twl_rtc 48070000.i2c:twl@48:rtc: rtc core: registered 48070000.i2c:twl@48 as rtc0
[    1.798583] i2c /dev entries driver
[    1.807220] usbcore: registered new interface driver uvcvideo
[    1.813385] USB Video Class driver (1.1.1)
[    1.817749] gspca_main: v2.14.0 registered
[    1.832153] Driver 'mmcblk' needs updating - please use bus_type methods
[    1.839508] sdhci: Secure Digital Host Controller Interface driver
[    1.846099] sdhci: Copyright(c) Pierre Ossman
[    1.887786] Synopsys Designware Multimedia Card Interface Driver
[    1.896514] sdhci-pltfm: SDHCI platform and OF driver helper
[    1.905944] ledtrig-cpu: registered to indicate activity on CPUs
[    1.912963] usbcore: registered new interface driver usbhid
[    1.918914] usbhid: USB HID core driver
[    1.931762] usbcore: registered new interface driver snd-usb-audio
[    1.945434] TCP: cubic registered
[    1.949066] NET: Registered protocol family 17
[    1.953857] can: controller area network core (rev 20120528 abi 9)
[    1.960632] NET: Registered protocol family 29
[    1.965393] can: raw protocol (rev 20120528)
[    1.969940] can: broadcast manager protocol (rev 20120528 t)
[    1.975982] can: netlink gateway (rev 20130117) max_hops=1
[    1.982940] Key type dns_resolver registered
[    1.987976] omap2_set_init_voltage: unable to find boot up OPP for vdd_mpu_iva
[    1.995666] omap2_set_init_voltage: unable to set vdd_mpu_iva
[    2.001800] omap2_set_init_voltage: unable to find boot up OPP for vdd_core
[    2.009185] omap2_set_init_voltage: unable to set vdd_core
[    2.017150] PM: no software I/O chain control; some wakeups may be lost
[    2.025207] ThumbEE CPU extension supported.
[    2.029785] Registering SWP/SWPB emulation handler
[    2.044067] twl_rtc 48070000.i2c:twl@48:rtc: setting system clock to 2000-01-01 00:00:00 UTC (946684800)
[    2.100463] mmc0: host does not support reading read-only switch, assuming write-enable
[    2.111175] mmc0: new high speed SD card at address b368
[    2.117675] mmcblk0: mmc0:b368 SD    1.88 GiB 
[    2.124114]  mmcblk0: p1 p2
[   14.133331] VPLL2: disabling
[   14.137969] VUSB3V1: disabling
[   14.142578] VUSB1V8: disabling
[   14.147155] VUSB1V5: disabling
[   14.152160] VDAC: disabling
[   14.156860] VAUX3: disabling
[   14.162811] ALSA device list:
[   14.166015]   No soundcards found.
[   14.177978] EXT4-fs (mmcblk0p2): mounting ext3 file system using the ext4 subsystem
[   14.350708] EXT4-fs (mmcblk0p2): recovery complete
[   14.362030] EXT4-fs (mmcblk0p2): mounted filesystem with ordered data mode. Opts: (null)
[   14.371032] VFS: Mounted root (ext3 filesystem) on device 179:2.
[   14.395874] devtmpfs: mounted
[   14.408874] Freeing unused kernel memory: 776K (c0bce000 - c0c90000)
INIT: version 2.88 booting
[   14.610168] ------------[ cut here ]------------
[   14.615203] WARNING: CPU: 0 PID: 52 at mm/mmap.c:2859 exit_mmap+0x1a8/0x214()
[   14.622772] Modules linked in:
[   14.626007] CPU: 0 PID: 52 Comm: init Not tainted 3.19.0-rc5-next-20150122-00002-g2ade5cea1b05 #1
[   14.635406] Hardware name: Generic OMAP3 (Flattened Device Tree)
[   14.641845] [<c02159bc>] (unwind_backtrace) from [<c0211444>] (show_stack+0x10/0x14)
[   14.650085] [<c0211444>] (show_stack) from [<c08b1dbc>] (dump_stack+0x70/0x8c)
[   14.657775] [<c08b1dbc>] (dump_stack) from [<c0246674>] (warn_slowpath_common+0x74/0xac)
[   14.666381] [<c0246674>] (warn_slowpath_common) from [<c02466c8>] (warn_slowpath_null+0x1c/0x24)
[   14.675689] [<c02466c8>] (warn_slowpath_null) from [<c02e30e4>] (exit_mmap+0x1a8/0x214)
[   14.684204] [<c02e30e4>] (exit_mmap) from [<c024403c>] (mmput+0x40/0xf8)
[   14.691345] [<c024403c>] (mmput) from [<c02ff290>] (flush_old_exec+0x32c/0x604)
[   14.699096] [<c02ff290>] (flush_old_exec) from [<c033b994>] (load_elf_binary+0x2ec/0x112c)
[   14.707916] [<c033b994>] (load_elf_binary) from [<c02fe5ac>] (search_binary_handler+0x9c/0x240)
[   14.717132] [<c02fe5ac>] (search_binary_handler) from [<c033b2d4>] (load_script+0x260/0x27c)
[   14.726104] [<c033b2d4>] (load_script) from [<c02fe5ac>] (search_binary_handler+0x9c/0x240)
[   14.734954] [<c02fe5ac>] (search_binary_handler) from [<c02ffd48>] (do_execveat_common+0x4d8/0x5bc)
[   14.744567] [<c02ffd48>] (do_execveat_common) from [<c02ffe58>] (do_execve+0x2c/0x34)
[   14.752868] [<c02ffe58>] (do_execve) from [<c020e6e0>] (ret_fast_syscall+0x0/0x34)
[   14.760894] ---[ end trace d336e69960a70099 ]---
[   14.855834] ------------[ cut here ]------------
[   14.860870] WARNING: CPU: 0 PID: 53 at mm/mmap.c:2859 exit_mmap+0x1a8/0x214()
[   14.868469] Modules linked in:
[   14.871765] CPU: 0 PID: 53 Comm: rcS Tainted: G        W       3.19.0-rc5-next-20150122-00002-g2ade5cea1b05 #1
[   14.882354] Hardware name: Generic OMAP3 (Flattened Device Tree)
[   14.888793] [<c02159bc>] (unwind_backtrace) from [<c0211444>] (show_stack+0x10/0x14)
[   14.897033] [<c0211444>] (show_stack) from [<c08b1dbc>] (dump_stack+0x70/0x8c)
[   14.904724] [<c08b1dbc>] (dump_stack) from [<c0246674>] (warn_slowpath_common+0x74/0xac)
[   14.913299] [<c0246674>] (warn_slowpath_common) from [<c02466c8>] (warn_slowpath_null+0x1c/0x24)
[   14.922637] [<c02466c8>] (warn_slowpath_null) from [<c02e30e4>] (exit_mmap+0x1a8/0x214)
[   14.931121] [<c02e30e4>] (exit_mmap) from [<c024403c>] (mmput+0x40/0xf8)
[   14.938262] [<c024403c>] (mmput) from [<c02ff290>] (flush_old_exec+0x32c/0x604)
[   14.946044] [<c02ff290>] (flush_old_exec) from [<c033b994>] (load_elf_binary+0x2ec/0x112c)
[   14.954833] [<c033b994>] (load_elf_binary) from [<c02fe5ac>] (search_binary_handler+0x9c/0x240)
[   14.964080] [<c02fe5ac>] (search_binary_handler) from [<c02ffd48>] (do_execveat_common+0x4d8/0x5bc)
[   14.973663] [<c02ffd48>] (do_execveat_common) from [<c02ffe58>] (do_execve+0x2c/0x34)
[   14.981964] [<c02ffe58>] (do_execve) from [<c020e6e0>] (ret_fast_syscall+0x0/0x34)
[   14.990020] ---[ end trace d336e69960a7009a ]---
[   15.029663] ------------[ cut here ]------------
[   15.034698] WARNING: CPU: 0 PID: 53 at mm/mmap.c:2859 exit_mmap+0x1a8/0x214()
[   15.042266] Modules linked in:
[   15.045532] CPU: 0 PID: 53 Comm: mount Tainted: G        W       3.19.0-rc5-next-20150122-00002-g2ade5cea1b05 #1
[   15.056304] Hardware name: Generic OMAP3 (Flattened Device Tree)
[   15.062744] [<c02159bc>] (unwind_backtrace) from [<c0211444>] (show_stack+0x10/0x14)
[   15.070983] [<c0211444>] (show_stack) from [<c08b1dbc>] (dump_stack+0x70/0x8c)
[   15.078674] [<c08b1dbc>] (dump_stack) from [<c0246674>] (warn_slowpath_common+0x74/0xac)
[   15.087280] [<c0246674>] (warn_slowpath_common) from [<c02466c8>] (warn_slowpath_null+0x1c/0x24)
[   15.096618] [<c02466c8>] (warn_slowpath_null) from [<c02e30e4>] (exit_mmap+0x1a8/0x214)
[   15.105133] [<c02e30e4>] (exit_mmap) from [<c024403c>] (mmput+0x40/0xf8)
[   15.112243] [<c024403c>] (mmput) from [<c02485d0>] (do_exit+0x288/0x914)
[   15.119384] [<c02485d0>] (do_exit) from [<c0248d34>] (do_group_exit+0x48/0xd0)
[   15.127075] [<c0248d34>] (do_group_exit) from [<c0248dcc>] (__wake_up_parent+0x0/0x18)
[   15.135467] ---[ end trace d336e69960a7009b ]---
[   15.149810] ------------[ cut here ]------------
[   15.154907] WARNING: CPU: 0 PID: 52 at mm/mmap.c:2859 exit_mmap+0x1a8/0x214()
[   15.162475] Modules linked in:
[   15.165740] CPU: 0 PID: 52 Comm: rcS Tainted: G        W       3.19.0-rc5-next-20150122-00002-g2ade5cea1b05 #1
[   15.176330] Hardware name: Generic OMAP3 (Flattened Device Tree)
[   15.182739] [<c02159bc>] (unwind_backtrace) from [<c0211444>] (show_stack+0x10/0x14)
[   15.190979] [<c0211444>] (show_stack) from [<c08b1dbc>] (dump_stack+0x70/0x8c)
[   15.198669] [<c08b1dbc>] (dump_stack) from [<c0246674>] (warn_slowpath_common+0x74/0xac)
[   15.207275] [<c0246674>] (warn_slowpath_common) from [<c02466c8>] (warn_slowpath_null+0x1c/0x24)
[   15.216583] [<c02466c8>] (warn_slowpath_null) from [<c02e30e4>] (exit_mmap+0x1a8/0x214)
[   15.225097] [<c02e30e4>] (exit_mmap) from [<c024403c>] (mmput+0x40/0xf8)
[   15.232238] [<c024403c>] (mmput) from [<c02ff290>] (flush_old_exec+0x32c/0x604)
[   15.239990] [<c02ff290>] (flush_old_exec) from [<c033b994>] (load_elf_binary+0x2ec/0x112c)
[   15.248809] [<c033b994>] (load_elf_binary) from [<c02fe5ac>] (search_binary_handler+0x9c/0x240)
[   15.258026] [<c02fe5ac>] (search_binary_handler) from [<c033b2d4>] (load_script+0x260/0x27c)
[   15.266998] [<c033b2d4>] (load_script) from [<c02fe5ac>] (search_binary_handler+0x9c/0x240)
[   15.275848] [<c02fe5ac>] (search_binary_handler) from [<c02ffd48>] (do_execveat_common+0x4d8/0x5bc)
[   15.285461] [<c02ffd48>] (do_execveat_common) from [<c02ffe58>] (do_execve+0x2c/0x34)
[   15.293762] [<c02ffe58>] (do_execve) from [<c020e6e0>] (ret_fast_syscall+0x0/0x34)
[   15.301788] ---[ end trace d336e69960a7009c ]---
[   15.327575] ------------[ cut here ]------------
[   15.332611] WARNING: CPU: 0 PID: 54 at mm/mmap.c:2859 exit_mmap+0x1a8/0x214()
[   15.340209] Modules linked in:
[   15.343505] CPU: 0 PID: 54 Comm: rc Tainted: G        W       3.19.0-rc5-next-20150122-00002-g2ade5cea1b05 #1
[   15.354003] Hardware name: Generic OMAP3 (Flattened Device Tree)
[   15.360412] [<c02159bc>] (unwind_backtrace) from [<c0211444>] (show_stack+0x10/0x14)
[   15.368652] [<c0211444>] (show_stack) from [<c08b1dbc>] (dump_stack+0x70/0x8c)
[   15.376342] [<c08b1dbc>] (dump_stack) from [<c0246674>] (warn_slowpath_common+0x74/0xac)
[   15.384948] [<c0246674>] (warn_slowpath_common) from [<c02466c8>] (warn_slowpath_null+0x1c/0x24)
[   15.394287] [<c02466c8>] (warn_slowpath_null) from [<c02e30e4>] (exit_mmap+0x1a8/0x214)
[   15.402770] [<c02e30e4>] (exit_mmap) from [<c024403c>] (mmput+0x40/0xf8)
[   15.409912] [<c024403c>] (mmput) from [<c02ff290>] (flush_old_exec+0x32c/0x604)
[   15.417663] [<c02ff290>] (flush_old_exec) from [<c033b994>] (load_elf_binary+0x2ec/0x112c)
[   15.426452] [<c033b994>] (load_elf_binary) from [<c02fe5ac>] (search_binary_handler+0x9c/0x240)
[   15.435699] [<c02fe5ac>] (search_binary_handler) from [<c02ffd48>] (do_execveat_common+0x4d8/0x5bc)
[   15.445312] [<c02ffd48>] (do_execveat_common) from [<c02ffe58>] (do_execve+0x2c/0x34)
[   15.453613] [<c02ffe58>] (do_execve) from [<c020e6e0>] (ret_fast_syscall+0x0/0x34)
[   15.461639] ---[ end trace d336e69960a7009d ]---
[   15.478118] ------------[ cut here ]------------
[   15.483154] WARNING: CPU: 0 PID: 54 at mm/mmap.c:2859 exit_mmap+0x1a8/0x214()
[   15.490692] Modules linked in:
[   15.493988] CPU: 0 PID: 54 Comm: stty Tainted: G        W       3.19.0-rc5-next-20150122-00002-g2ade5cea1b05 #1
[   15.504638] Hardware name: Generic OMAP3 (Flattened Device Tree)
[   15.511016] [<c02159bc>] (unwind_backtrace) from [<c0211444>] (show_stack+0x10/0x14)
[   15.519226] [<c0211444>] (show_stack) from [<c08b1dbc>] (dump_stack+0x70/0x8c)
[   15.526916] [<c08b1dbc>] (dump_stack) from [<c0246674>] (warn_slowpath_common+0x74/0xac)
[   15.535461] [<c0246674>] (warn_slowpath_common) from [<c02466c8>] (warn_slowpath_null+0x1c/0x24)
[   15.544738] [<c02466c8>] (warn_slowpath_null) from [<c02e30e4>] (exit_mmap+0x1a8/0x214)
[   15.553222] [<c02e30e4>] (exit_mmap) from [<c024403c>] (mmput+0x40/0xf8)
[   15.560302] [<c024403c>] (mmput) from [<c02485d0>] (do_exit+0x288/0x914)
[   15.567382] [<c02485d0>] (do_exit) from [<c0248d34>] (do_group_exit+0x48/0xd0)
[   15.575042] [<c0248d34>] (do_group_exit) from [<c0248dcc>] (__wake_up_parent+0x0/0x18)
[   15.583404] ---[ end trace d336e69960a7009e ]---
[   15.614166] ------------[ cut here ]------------
[   15.619171] WARNING: CPU: 0 PID: 56 at mm/mmap.c:2859 exit_mmap+0x1a8/0x214()
[   15.626739] Modules linked in:
[   15.629943] CPU: 0 PID: 56 Comm: rc Tainted: G        W       3.19.0-rc5-next-20150122-00002-g2ade5cea1b05 #1
[   15.640411] Hardware name: Generic OMAP3 (Flattened Device Tree)
[   15.646789] [<c02159bc>] (unwind_backtrace) from [<c0211444>] (show_stack+0x10/0x14)
[   15.654998] [<c0211444>] (show_stack) from [<c08b1dbc>] (dump_stack+0x70/0x8c)
[   15.662658] [<c08b1dbc>] (dump_stack) from [<c0246674>] (warn_slowpath_common+0x74/0xac)
[   15.671203] [<c0246674>] (warn_slowpath_common) from [<c02466c8>] (warn_slowpath_null+0x1c/0x24)
[   15.680480] [<c02466c8>] (warn_slowpath_null) from [<c02e30e4>] (exit_mmap+0x1a8/0x214)
[   15.688934] [<c02e30e4>] (exit_mmap) from [<c024403c>] (mmput+0x40/0xf8)
[   15.696044] [<c024403c>] (mmput) from [<c02ff290>] (flush_old_exec+0x32c/0x604)
[   15.703796] [<c02ff290>] (flush_old_exec) from [<c033b994>] (load_elf_binary+0x2ec/0x112c)
[   15.712554] [<c033b994>] (load_elf_binary) from [<c02fe5ac>] (search_binary_handler+0x9c/0x240)
[   15.721740] [<c02fe5ac>] (search_binary_handler) from [<c02ffd48>] (do_execveat_common+0x4d8/0x5bc)
[   15.731292] [<c02ffd48>] (do_execveat_common) from [<c02ffe58>] (do_execve+0x2c/0x34)
[   15.739562] [<c02ffe58>] (do_execve) from [<c020e6e0>] (ret_fast_syscall+0x0/0x34)
[   15.747558] ---[ end trace d336e69960a7009f ]---
[   15.768218] ------------[ cut here ]------------
[   15.773193] WARNING: CPU: 0 PID: 56 at mm/mmap.c:2859 exit_mmap+0x1a8/0x214()
[   15.780731] Modules linked in:
[   15.783996] CPU: 0 PID: 56 Comm: mount Tainted: G        W       3.19.0-rc5-next-20150122-00002-g2ade5cea1b05 #1
[   15.794738] Hardware name: Generic OMAP3 (Flattened Device Tree)
[   15.801116] [<c02159bc>] (unwind_backtrace) from [<c0211444>] (show_stack+0x10/0x14)
[   15.809295] [<c0211444>] (show_stack) from [<c08b1dbc>] (dump_stack+0x70/0x8c)
[   15.816955] [<c08b1dbc>] (dump_stack) from [<c0246674>] (warn_slowpath_common+0x74/0xac)
[   15.825500] [<c0246674>] (warn_slowpath_common) from [<c02466c8>] (warn_slowpath_null+0x1c/0x24)
[   15.834777] [<c02466c8>] (warn_slowpath_null) from [<c02e30e4>] (exit_mmap+0x1a8/0x214)
[   15.843231] [<c02e30e4>] (exit_mmap) from [<c024403c>] (mmput+0x40/0xf8)
[   15.850341] [<c024403c>] (mmput) from [<c02485d0>] (do_exit+0x288/0x914)
[   15.857421] [<c02485d0>] (do_exit) from [<c0248d34>] (do_group_exit+0x48/0xd0)
[   15.865051] [<c0248d34>] (do_group_exit) from [<c0248dcc>] (__wake_up_parent+0x0/0x18)
[   15.873443] ---[ end trace d336e69960a700a0 ]---
[   15.882293] ------------[ cut here ]------------
[   15.887268] WARNING: CPU: 0 PID: 55 at mm/mmap.c:2859 exit_mmap+0x1a8/0x214()
[   15.894805] Modules linked in:
[   15.898071] CPU: 0 PID: 55 Comm: rc Tainted: G        W       3.19.0-rc5-next-20150122-00002-g2ade5cea1b05 #1
[   15.908538] Hardware name: Generic OMAP3 (Flattened Device Tree)
[   15.914916] [<c02159bc>] (unwind_backtrace) from [<c0211444>] (show_stack+0x10/0x14)
[   15.923126] [<c0211444>] (show_stack) from [<c08b1dbc>] (dump_stack+0x70/0x8c)
[   15.930755] [<c08b1dbc>] (dump_stack) from [<c0246674>] (warn_slowpath_common+0x74/0xac)
[   15.939331] [<c0246674>] (warn_slowpath_common) from [<c02466c8>] (warn_slowpath_null+0x1c/0x24)
[   15.948608] [<c02466c8>] (warn_slowpath_null) from [<c02e30e4>] (exit_mmap+0x1a8/0x214)
[   15.957061] [<c02e30e4>] (exit_mmap) from [<c024403c>] (mmput+0x40/0xf8)
[   15.964141] [<c024403c>] (mmput) from [<c02485d0>] (do_exit+0x288/0x914)
[   15.971221] [<c02485d0>] (do_exit) from [<c0248d34>] (do_group_exit+0x48/0xd0)
[   15.978881] [<c0248d34>] (do_group_exit) from [<c0248dcc>] (__wake_up_parent+0x0/0x18)
[   15.987243] ---[ end trace d336e69960a700a1 ]---
[   16.012542] ------------[ cut here ]------------
[   16.017547] WARNING: CPU: 0 PID: 57 at mm/mmap.c:2859 exit_mmap+0x1a8/0x214()
[   16.025085] Modules linked in:
[   16.028350] CPU: 0 PID: 57 Comm: rc Tainted: G        W       3.19.0-rc5-next-20150122-00002-g2ade5cea1b05 #1
[   16.038787] Hardware name: Generic OMAP3 (Flattened Device Tree)
[   16.045227] [<c02159bc>] (unwind_backtrace) from [<c0211444>] (show_stack+0x10/0x14)
[   16.053405] [<c0211444>] (show_stack) from [<c08b1dbc>] (dump_stack+0x70/0x8c)
[   16.061065] [<c08b1dbc>] (dump_stack) from [<c0246674>] (warn_slowpath_common+0x74/0xac)
[   16.069641] [<c0246674>] (warn_slowpath_common) from [<c02466c8>] (warn_slowpath_null+0x1c/0x24)
[   16.078918] [<c02466c8>] (warn_slowpath_null) from [<c02e30e4>] (exit_mmap+0x1a8/0x214)
[   16.087402] [<c02e30e4>] (exit_mmap) from [<c024403c>] (mmput+0x40/0xf8)
[   16.094482] [<c024403c>] (mmput) from [<c02ff290>] (flush_old_exec+0x32c/0x604)
[   16.102233] [<c02ff290>] (flush_old_exec) from [<c033b994>] (load_elf_binary+0x2ec/0x112c)
[   16.110961] [<c033b994>] (load_elf_binary) from [<c02fe5ac>] (search_binary_handler+0x9c/0x240)
[   16.120147] [<c02fe5ac>] (search_binary_handler) from [<c02ffd48>] (do_execveat_common+0x4d8/0x5bc)
[   16.129699] [<c02ffd48>] (do_execveat_common) from [<c02ffe58>] (do_execve+0x2c/0x34)
[   16.137969] [<c02ffe58>] (do_execve) from [<c020e6e0>] (ret_fast_syscall+0x0/0x34)
[   16.145965] ---[ end trace d336e69960a700a2 ]---
[   16.160003] ------------[ cut here ]------------
[   16.165008] WARNING: CPU: 0 PID: 60 at mm/mmap.c:2859 exit_mmap+0x1a8/0x214()
[   16.172576] Modules linked in:
[   16.175781] CPU: 0 PID: 60 Comm: rc Tainted: G        W       3.19.0-rc5-next-20150122-00002-g2ade5cea1b05 #1
[   16.186248] Hardware name: Generic OMAP3 (Flattened Device Tree)
[   16.192626] [<c02159bc>] (unwind_backtrace) from [<c0211444>] (show_stack+0x10/0x14)
[   16.200836] [<c0211444>] (show_stack) from [<c08b1dbc>] (dump_stack+0x70/0x8c)
[   16.208496] [<c08b1dbc>] (dump_stack) from [<c0246674>] (warn_slowpath_common+0x74/0xac)
[   16.217041] [<c0246674>] (warn_slowpath_common) from [<c02466c8>] (warn_slowpath_null+0x1c/0x24)
[   16.226318] [<c02466c8>] (warn_slowpath_null) from [<c02e30e4>] (exit_mmap+0x1a8/0x214)
[   16.234771] [<c02e30e4>] (exit_mmap) from [<c024403c>] (mmput+0x40/0xf8)
[   16.241882] [<c024403c>] (mmput) from [<c02ff290>] (flush_old_exec+0x32c/0x604)
[   16.249603] [<c02ff290>] (flush_old_exec) from [<c033b994>] (load_elf_binary+0x2ec/0x112c)
[   16.258331] [<c033b994>] (load_elf_binary) from [<c02fe5ac>] (search_binary_handler+0x9c/0x240)
[   16.267517] [<c02fe5ac>] (search_binary_handler) from [<c02ffd48>] (do_execveat_common+0x4d8/0x5bc)
[   16.277069] [<c02ffd48>] (do_execveat_common) from [<c02ffe58>] (do_execve+0x2c/0x34)
[   16.285339] [<c02ffe58>] (do_execve) from [<c020e6e0>] (ret_fast_syscall+0x0/0x34)
[   16.293334] ---[ end trace d336e69960a700a3 ]---
[   16.301391] ------------[ cut here ]------------
[   16.306365] WARNING: CPU: 0 PID: 61 at mm/mmap.c:2859 exit_mmap+0x1a8/0x214()
[   16.313903] Modules linked in:
[   16.317169] CPU: 0 PID: 61 Comm: rc Tainted: G        W       3.19.0-rc5-next-20150122-00002-g2ade5cea1b05 #1
[   16.327606] Hardware name: Generic OMAP3 (Flattened Device Tree)
[   16.333984] [<c02159bc>] (unwind_backtrace) from [<c0211444>] (show_stack+0x10/0x14)
[   16.342193] [<c0211444>] (show_stack) from [<c08b1dbc>] (dump_stack+0x70/0x8c)
[   16.349822] [<c08b1dbc>] (dump_stack) from [<c0246674>] (warn_slowpath_common+0x74/0xac)
[   16.358398] [<c0246674>] (warn_slowpath_common) from [<c02466c8>] (warn_slowpath_null+0x1c/0x24)
[   16.367675] [<c02466c8>] (warn_slowpath_null) from [<c02e30e4>] (exit_mmap+0x1a8/0x214)
[   16.376129] [<c02e30e4>] (exit_mmap) from [<c024403c>] (mmput+0x40/0xf8)
[   16.383209] [<c024403c>] (mmput) from [<c02ff290>] (flush_old_exec+0x32c/0x604)
[   16.390960] [<c02ff290>] (flush_old_exec) from [<c033b994>] (load_elf_binary+0x2ec/0x112c)
[   16.399688] [<c033b994>] (load_elf_binary) from [<c02fe5ac>] (search_binary_handler+0x9c/0x240)
[   16.408874] [<c02fe5ac>] (search_binary_handler) from [<c02ffd48>] (do_execveat_common+0x4d8/0x5bc)
[   16.418426] [<c02ffd48>] (do_execveat_common) from [<c02ffe58>] (do_execve+0x2c/0x34)
[   16.426696] [<c02ffe58>] (do_execve) from [<c020e6e0>] (ret_fast_syscall+0x0/0x34)
[   16.434661] ---[ end trace d336e69960a700a4 ]---
[   16.447998] ------------[ cut here ]------------
[   16.452972] WARNING: CPU: 0 PID: 62 at mm/mmap.c:2859 exit_mmap+0x1a8/0x214()
[   16.460510] Modules linked in:
[   16.463775] CPU: 0 PID: 62 Comm: rc Tainted: G        W       3.19.0-rc5-next-20150122-00002-g2ade5cea1b05 #1
[   16.474243] Hardware name: Generic OMAP3 (Flattened Device Tree)
[   16.480621] [<c02159bc>] (unwind_backtrace) from [<c0211444>] (show_stack+0x10/0x14)
[   16.488830] [<c0211444>] (show_stack) from [<c08b1dbc>] (dump_stack+0x70/0x8c)
[   16.496459] [<c08b1dbc>] (dump_stack) from [<c0246674>] (warn_slowpath_common+0x74/0xac)
[   16.505035] [<c0246674>] (warn_slowpath_common) from [<c02466c8>] (warn_slowpath_null+0x1c/0x24)
[   16.514312] [<c02466c8>] (warn_slowpath_null) from [<c02e30e4>] (exit_mmap+0x1a8/0x214)
[   16.522796] [<c02e30e4>] (exit_mmap) from [<c024403c>] (mmput+0x40/0xf8)
[   16.529876] [<c024403c>] (mmput) from [<c02ff290>] (flush_old_exec+0x32c/0x604)
[   16.537597] [<c02ff290>] (flush_old_exec) from [<c033b994>] (load_elf_binary+0x2ec/0x112c)
[   16.546356] [<c033b994>] (load_elf_binary) from [<c02fe5ac>] (search_binary_handler+0x9c/0x240)
[   16.555541] [<c02fe5ac>] (search_binary_handler) from [<c02ffd48>] (do_execveat_common+0x4d8/0x5bc)
[   16.565093] [<c02ffd48>] (do_execveat_common) from [<c02ffe58>] (do_execve+0x2c/0x34)
[   16.573364] [<c02ffe58>] (do_execve) from [<c020e6e0>] (ret_fast_syscall+0x0/0x34)
[   16.581359] ---[ end trace d336e69960a700a5 ]---
[   16.588104] ------------[ cut here ]------------
[   16.593078] WARNING: CPU: 0 PID: 63 at mm/mmap.c:2859 exit_mmap+0x1a8/0x214()
[   16.600616] Modules linked in:
[   16.603881] CPU: 0 PID: 63 Comm: rc Tainted: G        W       3.19.0-rc5-next-20150122-00002-g2ade5cea1b05 #1
[   16.614318] Hardware name: Generic OMAP3 (Flattened Device Tree)
[   16.620697] [<c02159bc>] (unwind_backtrace) from [<c0211444>] (show_stack+0x10/0x14)
[   16.628906] [<c0211444>] (show_stack) from [<c08b1dbc>] (dump_stack+0x70/0x8c)
[   16.636535] [<c08b1dbc>] (dump_stack) from [<c0246674>] (warn_slowpath_common+0x74/0xac)
[   16.645080] [<c0246674>] (warn_slowpath_common) from [<c02466c8>] (warn_slowpath_null+0x1c/0x24)
[   16.654357] [<c02466c8>] (warn_slowpath_null) from [<c02e30e4>] (exit_mmap+0x1a8/0x214)
[   16.662841] [<c02e30e4>] (exit_mmap) from [<c024403c>] (mmput+0x40/0xf8)
[   16.669921] [<c024403c>] (mmput) from [<c02ff290>] (flush_old_exec+0x32c/0x604)
[   16.677642] [<c02ff290>] (flush_old_exec) from [<c033b994>] (load_elf_binary+0x2ec/0x112c)
[   16.686401] [<c033b994>] (load_elf_binary) from [<c02fe5ac>] (search_binary_handler+0x9c/0x240)
[   16.695587] [<c02fe5ac>] (search_binary_handler) from [<c02ffd48>] (do_execveat_common+0x4d8/0x5bc)
[   16.705139] [<c02ffd48>] (do_execveat_common) from [<c02ffe58>] (do_execve+0x2c/0x34)
[   16.713409] [<c02ffe58>] (do_execve) from [<c020e6e0>] (ret_fast_syscall+0x0/0x34)
[   16.721374] ---[ end trace d336e69960a700a6 ]---
Error opening /dev/fb0: No such file or directory
[   16.741577] ------------[ cut here ]------------
[   16.749237] WARNING: CPU: 0 PID: 57 at mm/mmap.c:2859 exit_mmap+0x1a8/0x214()
[   16.756774] Modules linked in:
[   16.760009] CPU: 0 PID: 57 Comm: psplash Tainted: G        W       3.19.0-rc5-next-20150122-00002-g2ade5cea1b05 #1
[   16.770935] Hardware name: Generic OMAP3 (Flattened Device Tree)
[   16.777343] [<c02159bc>] (unwind_backtrace) from [<c0211444>] (show_stack+0x10/0x14)
[   16.785552] [<c0211444>] (show_stack) from [<c08b1dbc>] (dump_stack+0x70/0x8c)
[   16.793212] [<c08b1dbc>] (dump_stack) from [<c0246674>] (warn_slowpath_common+0x74/0xac)
[   16.801788] [<c0246674>] (warn_slowpath_common) from [<c02466c8>] (warn_slowpath_null+0x1c/0x24)
[   16.811065] [<c02466c8>] (warn_slowpath_null) from [<c02e30e4>] (exit_mmap+0x1a8/0x214)
[   16.819549] [<c02e30e4>] (exit_mmap) from [<c024403c>] (mmput+0x40/0xf8)
[   16.826660] [<c024403c>] (mmput) from [<c02485d0>] (do_exit+0x288/0x914)
[   16.833770] [<c02485d0>] (do_exit) from [<c0248d34>] (do_group_exit+0x48/0xd0)
[   16.841430] [<c0248d34>] (do_group_exit) from [<c0248dcc>] (__wake_up_parent+0x0/0x18)
[   16.849792] ---[ end trace d336e69960a700a7 ]---
[   16.856109] ------------[ cut here ]------------
[   16.861114] WARNING: CPU: 0 PID: 60 at mm/mmap.c:2859 exit_mmap+0x1a8/0x214()
[   16.868652] Modules linked in:
[   16.871948] CPU: 0 PID: 60 Comm: cat Tainted: G        W       3.19.0-rc5-next-20150122-00002-g2ade5cea1b05 #1
[   16.882507] Hardware name: Generic OMAP3 (Flattened Device Tree)
[   16.888885] [<c02159bc>] (unwind_backtrace) from [<c0211444>] (show_stack+0x10/0x14)
[   16.897094] [<c0211444>] (show_stack) from [<c08b1dbc>] (dump_stack+0x70/0x8c)
[   16.904724] [<c08b1dbc>] (dump_stack) from [<c0246674>] (warn_slowpath_common+0x74/0xac)
[   16.913299] [<c0246674>] (warn_slowpath_common) from [<c02466c8>] (warn_slowpath_null+0x1c/0x24)
[   16.922576] [<c02466c8>] (warn_slowpath_null) from [<c02e30e4>] (exit_mmap+0x1a8/0x214)
[   16.931030] [<c02e30e4>] (exit_mmap) from [<c024403c>] (mmput+0x40/0xf8)
[   16.938110] [<c024403c>] (mmput) from [<c02485d0>] (do_exit+0x288/0x914)
[   16.945220] [<c02485d0>] (do_exit) from [<c0248d34>] (do_group_exit+0x48/0xd0)
[   16.952850] [<c0248d34>] (do_group_exit) from [<c0248dcc>] (__wake_up_parent+0x0/0x18)
[   16.961212] ---[ end trace d336e69960a700a8 ]---
[   16.967468] ------------[ cut here ]------------
[   16.972442] WARNING: CPU: 0 PID: 61 at mm/mmap.c:2859 exit_mmap+0x1a8/0x214()
[   16.979980] Modules linked in:
[   16.983245] CPU: 0 PID: 61 Comm: grep Tainted: G        W       3.19.0-rc5-next-20150122-00002-g2ade5cea1b05 #1
[   16.993896] Hardware name: Generic OMAP3 (Flattened Device Tree)
[   17.000244] [<c02159bc>] (unwind_backtrace) from [<c0211444>] (show_stack+0x10/0x14)
[   17.008453] [<c0211444>] (show_stack) from [<c08b1dbc>] (dump_stack+0x70/0x8c)
[   17.016113] [<c08b1dbc>] (dump_stack) from [<c0246674>] (warn_slowpath_common+0x74/0xac)
[   17.024658] [<c0246674>] (warn_slowpath_common) from [<c02466c8>] (warn_slowpath_null+0x1c/0x24)
[   17.033966] [<c02466c8>] (warn_slowpath_null) from [<c02e30e4>] (exit_mmap+0x1a8/0x214)
[   17.042419] [<c02e30e4>] (exit_mmap) from [<c024403c>] (mmput+0x40/0xf8)
[   17.049499] [<c024403c>] (mmput) from [<c02485d0>] (do_exit+0x288/0x914)
[   17.056579] [<c02485d0>] (do_exit) from [<c0248d34>] (do_group_exit+0x48/0xd0)
[   17.064239] [<c0248d34>] (do_group_exit) from [<c0248dcc>] (__wake_up_parent+0x0/0x18)
[   17.072601] ---[ end trace d336e69960a700a9 ]---
[   17.086791] ------------[ cut here ]------------
[   17.091766] WARNING: CPU: 0 PID: 62 at mm/mmap.c:2859 exit_mmap+0x1a8/0x214()
[   17.099304] Modules linked in:
[   17.102539] CPU: 0 PID: 62 Comm: cut Tainted: G        W       3.19.0-rc5-next-20150122-00002-g2ade5cea1b05 #1
[   17.113098] Hardware name: Generic OMAP3 (Flattened Device Tree)
[   17.119476] [<c02159bc>] (unwind_backtrace) from [<c0211444>] (show_stack+0x10/0x14)
[   17.127685] [<c0211444>] (show_stack) from [<c08b1dbc>] (dump_stack+0x70/0x8c)
[   17.135345] [<c08b1dbc>] (dump_stack) from [<c0246674>] (warn_slowpath_common+0x74/0xac)
[   17.143890] [<c0246674>] (warn_slowpath_common) from [<c02466c8>] (warn_slowpath_null+0x1c/0x24)
[   17.153167] [<c02466c8>] (warn_slowpath_null) from [<c02e30e4>] (exit_mmap+0x1a8/0x214)
[   17.161621] [<c02e30e4>] (exit_mmap) from [<c024403c>] (mmput+0x40/0xf8)
[   17.168731] [<c024403c>] (mmput) from [<c02485d0>] (do_exit+0x288/0x914)
[   17.175811] [<c02485d0>] (do_exit) from [<c0248d34>] (do_group_exit+0x48/0xd0)
[   17.183441] [<c0248d34>] (do_group_exit) from [<c0248dcc>] (__wake_up_parent+0x0/0x18)
[   17.191802] ---[ end trace d336e69960a700aa ]---
[   17.197540] ------------[ cut here ]------------
[   17.202575] WARNING: CPU: 0 PID: 63 at mm/mmap.c:2859 exit_mmap+0x1a8/0x214()
[   17.210144] Modules linked in:
[   17.213409] CPU: 0 PID: 63 Comm: tr Tainted: G        W       3.19.0-rc5-next-20150122-00002-g2ade5cea1b05 #1
[   17.223876] Hardware name: Generic OMAP3 (Flattened Device Tree)
[   17.230255] [<c02159bc>] (unwind_backtrace) from [<c0211444>] (show_stack+0x10/0x14)
[   17.238464] [<c0211444>] (show_stack) from [<c08b1dbc>] (dump_stack+0x70/0x8c)
[   17.246124] [<c08b1dbc>] (dump_stack) from [<c0246674>] (warn_slowpath_common+0x74/0xac)
[   17.254669] [<c0246674>] (warn_slowpath_common) from [<c02466c8>] (warn_slowpath_null+0x1c/0x24)
[   17.263946] [<c02466c8>] (warn_slowpath_null) from [<c02e30e4>] (exit_mmap+0x1a8/0x214)
[   17.272399] [<c02e30e4>] (exit_mmap) from [<c024403c>] (mmput+0x40/0xf8)
[   17.279510] [<c024403c>] (mmput) from [<c02485d0>] (do_exit+0x288/0x914)
[   17.286590] [<c02485d0>] (do_exit) from [<c0248d34>] (do_group_exit+0x48/0xd0)
[   17.294250] [<c0248d34>] (do_group_exit) from [<c0248dcc>] (__wake_up_parent+0x0/0x18)
[   17.302581] ---[ end trace d336e69960a700ab ]---
[   17.309539] ------------[ cut here ]------------
[   17.314544] WARNING: CPU: 0 PID: 59 at mm/mmap.c:2859 exit_mmap+0x1a8/0x214()
[   17.322113] Modules linked in:
[   17.325347] CPU: 0 PID: 59 Comm: rc Tainted: G        W       3.19.0-rc5-next-20150122-00002-g2ade5cea1b05 #1
[   17.335815] Hardware name: Generic OMAP3 (Flattened Device Tree)
[   17.342224] [<c02159bc>] (unwind_backtrace) from [<c0211444>] (show_stack+0x10/0x14)
[   17.350433] [<c0211444>] (show_stack) from [<c08b1dbc>] (dump_stack+0x70/0x8c)
[   17.358093] [<c08b1dbc>] (dump_stack) from [<c0246674>] (warn_slowpath_common+0x74/0xac)
[   17.366638] [<c0246674>] (warn_slowpath_common) from [<c02466c8>] (warn_slowpath_null+0x1c/0x24)
[   17.375915] [<c02466c8>] (warn_slowpath_null) from [<c02e30e4>] (exit_mmap+0x1a8/0x214)
[   17.384399] [<c02e30e4>] (exit_mmap) from [<c024403c>] (mmput+0x40/0xf8)
[   17.391510] [<c024403c>] (mmput) from [<c02485d0>] (do_exit+0x288/0x914)
[   17.398590] [<c02485d0>] (do_exit) from [<c0248d34>] (do_group_exit+0x48/0xd0)
[   17.406219] [<c0248d34>] (do_group_exit) from [<c0248dcc>] (__wake_up_parent+0x0/0x18)
[   17.414581] ---[ end trace d336e69960a700ac ]---
[   17.422973] ------------[ cut here ]------------
[   17.428039] WARNING: CPU: 0 PID: 58 at mm/mmap.c:2859 exit_mmap+0x1a8/0x214()
[   17.435577] Modules linked in:
[   17.438842] CPU: 0 PID: 58 Comm: rc Tainted: G        W       3.19.0-rc5-next-20150122-00002-g2ade5cea1b05 #1
[   17.449310] Hardware name: Generic OMAP3 (Flattened Device Tree)
[   17.455688] [<c02159bc>] (unwind_backtrace) from [<c0211444>] (show_stack+0x10/0x14)
[   17.463897] [<c0211444>] (show_stack) from [<c08b1dbc>] (dump_stack+0x70/0x8c)
[   17.471527] [<c08b1dbc>] (dump_stack) from [<c0246674>] (warn_slowpath_common+0x74/0xac)
[   17.480102] [<c0246674>] (warn_slowpath_common) from [<c02466c8>] (warn_slowpath_null+0x1c/0x24)
[   17.489379] [<c02466c8>] (warn_slowpath_null) from [<c02e30e4>] (exit_mmap+0x1a8/0x214)
[   17.497833] [<c02e30e4>] (exit_mmap) from [<c024403c>] (mmput+0x40/0xf8)
[   17.504913] [<c024403c>] (mmput) from [<c02485d0>] (do_exit+0x288/0x914)
[   17.512023] [<c02485d0>] (do_exit) from [<c0248d34>] (do_group_exit+0x48/0xd0)
[   17.519653] [<c0248d34>] (do_group_exit) from [<c0248dcc>] (__wake_up_parent+0x0/0x18)
[   17.528045] ---[ end trace d336e69960a700ad ]---
[   17.549957] ------------[ cut here ]------------
[   17.554992] WARNING: CPU: 0 PID: 66 at mm/mmap.c:2859 exit_mmap+0x1a8/0x214()
[   17.562530] Modules linked in:
[   17.565765] CPU: 0 PID: 66 Comm: rc Tainted: G        W       3.19.0-rc5-next-20150122-00002-g2ade5cea1b05 #1
[   17.576202] Hardware name: Generic OMAP3 (Flattened Device Tree)
[   17.582611] [<c02159bc>] (unwind_backtrace) from [<c0211444>] (show_stack+0x10/0x14)
[   17.590789] [<c0211444>] (show_stack) from [<c08b1dbc>] (dump_stack+0x70/0x8c)
[   17.598449] [<c08b1dbc>] (dump_stack) from [<c0246674>] (warn_slowpath_common+0x74/0xac)
[   17.606994] [<c0246674>] (warn_slowpath_common) from [<c02466c8>] (warn_slowpath_null+0x1c/0x24)
[   17.616271] [<c02466c8>] (warn_slowpath_null) from [<c02e30e4>] (exit_mmap+0x1a8/0x214)
[   17.624755] [<c02e30e4>] (exit_mmap) from [<c024403c>] (mmput+0x40/0xf8)
[   17.631835] [<c024403c>] (mmput) from [<c02ff290>] (flush_old_exec+0x32c/0x604)
[   17.639587] [<c02ff290>] (flush_old_exec) from [<c033b994>] (load_elf_binary+0x2ec/0x112c)
[   17.648345] [<c033b994>] (load_elf_binary) from [<c02fe5ac>] (search_binary_handler+0x9c/0x240)
[   17.657531] [<c02fe5ac>] (search_binary_handler) from [<c02ffd48>] (do_execveat_common+0x4d8/0x5bc)
[   17.667083] [<c02ffd48>] (do_execveat_common) from [<c02ffe58>] (do_execve+0x2c/0x34)
[   17.675354] [<c02ffe58>] (do_execve) from [<c020e6e0>] (ret_fast_syscall+0x0/0x34)
[   17.683349] ---[ end trace d336e69960a700ae ]---
[   17.690460] ------------[ cut here ]------------
[   17.695465] WARNING: CPU: 0 PID: 67 at mm/mmap.c:2859 exit_mmap+0x1a8/0x214()
[   17.703002] Modules linked in:
[   17.706237] CPU: 0 PID: 67 Comm: rc Tainted: G        W       3.19.0-rc5-next-20150122-00002-g2ade5cea1b05 #1
[   17.716705] Hardware name: Generic OMAP3 (Flattened Device Tree)
[   17.723083] [<c02159bc>] (unwind_backtrace) from [<c0211444>] (show_stack+0x10/0x14)
[   17.731292] [<c0211444>] (show_stack) from [<c08b1dbc>] (dump_stack+0x70/0x8c)
[   17.738922] [<c08b1dbc>] (dump_stack) from [<c0246674>] (warn_slowpath_common+0x74/0xac)
[   17.747497] [<c0246674>] (warn_slowpath_common) from [<c02466c8>] (warn_slowpath_null+0x1c/0x24)
[   17.756774] [<c02466c8>] (warn_slowpath_null) from [<c02e30e4>] (exit_mmap+0x1a8/0x214)
[   17.765228] [<c02e30e4>] (exit_mmap) from [<c024403c>] (mmput+0x40/0xf8)
[   17.772308] [<c024403c>] (mmput) from [<c02ff290>] (flush_old_exec+0x32c/0x604)
[   17.780029] [<c02ff290>] (flush_old_exec) from [<c033b994>] (load_elf_binary+0x2ec/0x112c)
[   17.788757] [<c033b994>] (load_elf_binary) from [<c02fe5ac>] (search_binary_handler+0x9c/0x240)
[   17.797973] [<c02fe5ac>] (search_binary_handler) from [<c02ffd48>] (do_execveat_common+0x4d8/0x5bc)
[   17.807495] [<c02ffd48>] (do_execveat_common) from [<c02ffe58>] (do_execve+0x2c/0x34)
[   17.815795] [<c02ffe58>] (do_execve) from [<c020e6e0>] (ret_fast_syscall+0x0/0x34)
[   17.823760] ---[ end trace d336e69960a700af ]---
[   17.836486] ------------[ cut here ]------------
[   17.841522] WARNING: CPU: 0 PID: 66 at mm/mmap.c:2859 exit_mmap+0x1a8/0x214()
[   17.849090] Modules linked in:
[   17.852355] CPU: 0 PID: 66 Comm: mount Tainted: G        W       3.19.0-rc5-next-20150122-00002-g2ade5cea1b05 #1
[   17.863067] Hardware name: Generic OMAP3 (Flattened Device Tree)
[   17.869476] [<c02159bc>] (unwind_backtrace) from [<c0211444>] (show_stack+0x10/0x14)
[   17.877655] [<c0211444>] (show_stack) from [<c08b1dbc>] (dump_stack+0x70/0x8c)
[   17.885314] [<c08b1dbc>] (dump_stack) from [<c0246674>] (warn_slowpath_common+0x74/0xac)
[   17.893859] [<c0246674>] (warn_slowpath_common) from [<c02466c8>] (warn_slowpath_null+0x1c/0x24)
[   17.903137] [<c02466c8>] (warn_slowpath_null) from [<c02e30e4>] (exit_mmap+0x1a8/0x214)
[   17.911590] [<c02e30e4>] (exit_mmap) from [<c024403c>] (mmput+0x40/0xf8)
[   17.918701] [<c024403c>] (mmput) from [<c02485d0>] (do_exit+0x288/0x914)
[   17.925781] [<c02485d0>] (do_exit) from [<c0248d34>] (do_group_exit+0x48/0xd0)
[   17.933410] [<c0248d34>] (do_group_exit) from [<c0248dcc>] (__wake_up_parent+0x0/0x18)
[   17.941772] ---[ end trace d336e69960a700b0 ]---
[   17.948852] ------------[ cut here ]------------
[   17.953857] WARNING: CPU: 0 PID: 67 at mm/mmap.c:2859 exit_mmap+0x1a8/0x214()
[   17.961425] Modules linked in:
[   17.964691] CPU: 0 PID: 67 Comm: grep Tainted: G        W       3.19.0-rc5-next-20150122-00002-g2ade5cea1b05 #1
[   17.975341] Hardware name: Generic OMAP3 (Flattened Device Tree)
[   17.981750] [<c02159bc>] (unwind_backtrace) from [<c0211444>] (show_stack+0x10/0x14)
[   17.989929] [<c0211444>] (show_stack) from [<c08b1dbc>] (dump_stack+0x70/0x8c)
[   17.997589] [<c08b1dbc>] (dump_stack) from [<c0246674>] (warn_slowpath_common+0x74/0xac)
[   18.006134] [<c0246674>] (warn_slowpath_common) from [<c02466c8>] (warn_slowpath_null+0x1c/0x24)
[   18.015411] [<c02466c8>] (warn_slowpath_null) from [<c02e30e4>] (exit_mmap+0x1a8/0x214)
[   18.023895] [<c02e30e4>] (exit_mmap) from [<c024403c>] (mmput+0x40/0xf8)
[   18.030975] [<c024403c>] (mmput) from [<c02485d0>] (do_exit+0x288/0x914)
[   18.038055] [<c02485d0>] (do_exit) from [<c0248d34>] (do_group_exit+0x48/0xd0)
[   18.045684] [<c0248d34>] (do_group_exit) from [<c0248dcc>] (__wake_up_parent+0x0/0x18)
[   18.054046] ---[ end trace d336e69960a700b1 ]---
[   18.061065] ------------[ cut here ]------------
[   18.066070] WARNING: CPU: 0 PID: 65 at mm/mmap.c:2859 exit_mmap+0x1a8/0x214()
[   18.073638] Modules linked in:
[   18.076934] CPU: 0 PID: 65 Comm: rc Tainted: G        W       3.19.0-rc5-next-20150122-00002-g2ade5cea1b05 #1
[   18.087371] Hardware name: Generic OMAP3 (Flattened Device Tree)
[   18.093780] [<c02159bc>] (unwind_backtrace) from [<c0211444>] (show_stack+0x10/0x14)
[   18.101989] [<c0211444>] (show_stack) from [<c08b1dbc>] (dump_stack+0x70/0x8c)
[   18.109619] [<c08b1dbc>] (dump_stack) from [<c0246674>] (warn_slowpath_common+0x74/0xac)
[   18.118194] [<c0246674>] (warn_slowpath_common) from [<c02466c8>] (warn_slowpath_null+0x1c/0x24)
[   18.127471] [<c02466c8>] (warn_slowpath_null) from [<c02e30e4>] (exit_mmap+0x1a8/0x214)
[   18.135955] [<c02e30e4>] (exit_mmap) from [<c024403c>] (mmput+0x40/0xf8)
[   18.143035] [<c024403c>] (mmput) from [<c02485d0>] (do_exit+0x288/0x914)
[   18.150115] [<c02485d0>] (do_exit) from [<c0248d34>] (do_group_exit+0x48/0xd0)
[   18.157775] [<c0248d34>] (do_group_exit) from [<c0248dcc>] (__wake_up_parent+0x0/0x18)
[   18.166107] ---[ end trace d336e69960a700b2 ]---
[   18.185089] ------------[ cut here ]------------
[   18.190124] WARNING: CPU: 0 PID: 70 at mm/mmap.c:2859 exit_mmap+0x1a8/0x214()
[   18.197692] Modules linked in:
[   18.200927] CPU: 0 PID: 70 Comm: rc Tainted: G        W       3.19.0-rc5-next-20150122-00002-g2ade5cea1b05 #1
[   18.211364] Hardware name: Generic OMAP3 (Flattened Device Tree)
[   18.217742] [<c02159bc>] (unwind_backtrace) from [<c0211444>] (show_stack+0x10/0x14)
[   18.225952] [<c0211444>] (show_stack) from [<c08b1dbc>] (dump_stack+0x70/0x8c)
[   18.233612] [<c08b1dbc>] (dump_stack) from [<c0246674>] (warn_slowpath_common+0x74/0xac)
[   18.242156] [<c0246674>] (warn_slowpath_common) from [<c02466c8>] (warn_slowpath_null+0x1c/0x24)
[   18.251434] [<c02466c8>] (warn_slowpath_null) from [<c02e30e4>] (exit_mmap+0x1a8/0x214)
[   18.259887] [<c02e30e4>] (exit_mmap) from [<c024403c>] (mmput+0x40/0xf8)
[   18.266998] [<c024403c>] (mmput) from [<c02ff290>] (flush_old_exec+0x32c/0x604)
[   18.274719] [<c02ff290>] (flush_old_exec) from [<c033b994>] (load_elf_binary+0x2ec/0x112c)
[   18.283447] [<c033b994>] (load_elf_binary) from [<c02fe5ac>] (search_binary_handler+0x9c/0x240)
[   18.292633] [<c02fe5ac>] (search_binary_handler) from [<c02ffd48>] (do_execveat_common+0x4d8/0x5bc)
[   18.302185] [<c02ffd48>] (do_execveat_common) from [<c02ffe58>] (do_execve+0x2c/0x34)
[   18.310455] [<c02ffe58>] (do_execve) from [<c020e6e0>] (ret_fast_syscall+0x0/0x34)
[   18.318450] ---[ end trace d336e69960a700b3 ]---
[   18.326477] ------------[ cut here ]------------
[   18.331481] WARNING: CPU: 0 PID: 71 at mm/mmap.c:2859 exit_mmap+0x1a8/0x214()
[   18.339050] Modules linked in:
[   18.342315] CPU: 0 PID: 71 Comm: rc Tainted: G        W       3.19.0-rc5-next-20150122-00002-g2ade5cea1b05 #1
[   18.352752] Hardware name: Generic OMAP3 (Flattened Device Tree)
[   18.359130] [<c02159bc>] (unwind_backtrace) from [<c0211444>] (show_stack+0x10/0x14)
[   18.367340] [<c0211444>] (show_stack) from [<c08b1dbc>] (dump_stack+0x70/0x8c)
[   18.374969] [<c08b1dbc>] (dump_stack) from [<c0246674>] (warn_slowpath_common+0x74/0xac)
[   18.383514] [<c0246674>] (warn_slowpath_common) from [<c02466c8>] (warn_slowpath_null+0x1c/0x24)
[   18.392791] [<c02466c8>] (warn_slowpath_null) from [<c02e30e4>] (exit_mmap+0x1a8/0x214)
[   18.401275] [<c02e30e4>] (exit_mmap) from [<c024403c>] (mmput+0x40/0xf8)
[   18.408355] [<c024403c>] (mmput) from [<c02ff290>] (flush_old_exec+0x32c/0x604)
[   18.416076] [<c02ff290>] (flush_old_exec) from [<c033b994>] (load_elf_binary+0x2ec/0x112c)
[   18.424804] [<c033b994>] (load_elf_binary) from [<c02fe5ac>] (search_binary_handler+0x9c/0x240)
[   18.433990] [<c02fe5ac>] (search_binary_handler) from [<c02ffd48>] (do_execveat_common+0x4d8/0x5bc)
[   18.443542] [<c02ffd48>] (do_execveat_common) from [<c02ffe58>] (do_execve+0x2c/0x34)
[   18.451843] [<c02ffe58>] (do_execve) from [<c020e6e0>] (ret_fast_syscall+0x0/0x34)
[   18.459808] ---[ end trace d336e69960a700b4 ]---
[   18.468963] ------------[ cut here ]------------
[   18.473937] WARNING: CPU: 0 PID: 69 at mm/mmap.c:2859 exit_mmap+0x1a8/0x214()
[   18.481475] Modules linked in:
[   18.484741] CPU: 0 PID: 69 Comm: rc Tainted: G        W       3.19.0-rc5-next-20150122-00002-g2ade5cea1b05 #1
[   18.495178] Hardware name: Generic OMAP3 (Flattened Device Tree)
[   18.501556] [<c02159bc>] (unwind_backtrace) from [<c0211444>] (show_stack+0x10/0x14)
[   18.509765] [<c0211444>] (show_stack) from [<c08b1dbc>] (dump_stack+0x70/0x8c)
[   18.517425] [<c08b1dbc>] (dump_stack) from [<c0246674>] (warn_slowpath_common+0x74/0xac)
[   18.526000] [<c0246674>] (warn_slowpath_common) from [<c02466c8>] (warn_slowpath_null+0x1c/0x24)
[   18.535278] [<c02466c8>] (warn_slowpath_null) from [<c02e30e4>] (exit_mmap+0x1a8/0x214)
[   18.543731] [<c02e30e4>] (exit_mmap) from [<c024403c>] (mmput+0x40/0xf8)
[   18.550842] [<c024403c>] (mmput) from [<c02ff290>] (flush_old_exec+0x32c/0x604)
[   18.558563] [<c02ff290>] (flush_old_exec) from [<c033b994>] (load_elf_binary+0x2ec/0x112c)
[   18.567291] [<c033b994>] (load_elf_binary) from [<c02fe5ac>] (search_binary_handler+0x9c/0x240)
[   18.576477] [<c02fe5ac>] (search_binary_handler) from [<c02ffd48>] (do_execveat_common+0x4d8/0x5bc)
[   18.586029] [<c02ffd48>] (do_execveat_common) from [<c02ffe58>] (do_execve+0x2c/0x34)
[   18.594299] [<c02ffe58>] (do_execve) from [<c020e6e0>] (ret_fast_syscall+0x0/0x34)
[   18.602294] ---[ end trace d336e69960a700b5 ]---
[   18.610382] ------------[ cut here ]------------
[   18.615356] WARNING: CPU: 0 PID: 72 at mm/mmap.c:2859 exit_mmap+0x1a8/0x214()
[   18.622894] Modules linked in:
[   18.626129] CPU: 0 PID: 72 Comm: rc Tainted: G        W       3.19.0-rc5-next-20150122-00002-g2ade5cea1b05 #1
[   18.636566] Hardware name: Generic OMAP3 (Flattened Device Tree)
[   18.642944] [<c02159bc>] (unwind_backtrace) from [<c0211444>] (show_stack+0x10/0x14)
[   18.651153] [<c0211444>] (show_stack) from [<c08b1dbc>] (dump_stack+0x70/0x8c)
[   18.658782] [<c08b1dbc>] (dump_stack) from [<c0246674>] (warn_slowpath_common+0x74/0xac)
[   18.667358] [<c0246674>] (warn_slowpath_common) from [<c02466c8>] (warn_slowpath_null+0x1c/0x24)
[   18.676635] [<c02466c8>] (warn_slowpath_null) from [<c02e30e4>] (exit_mmap+0x1a8/0x214)
[   18.685089] [<c02e30e4>] (exit_mmap) from [<c024403c>] (mmput+0x40/0xf8)
[   18.692169] [<c024403c>] (mmput) from [<c02ff290>] (flush_old_exec+0x32c/0x604)
[   18.699890] [<c02ff290>] (flush_old_exec) from [<c033b994>] (load_elf_binary+0x2ec/0x112c)
[   18.708648] [<c033b994>] (load_elf_binary) from [<c02fe5ac>] (search_binary_handler+0x9c/0x240)
[   18.717834] [<c02fe5ac>] (search_binary_handler) from [<c02ffd48>] (do_execveat_common+0x4d8/0x5bc)
[   18.727355] [<c02ffd48>] (do_execveat_common) from [<c02ffe58>] (do_execve+0x2c/0x34)
[   18.735656] [<c02ffe58>] (do_execve) from [<c020e6e0>] (ret_fast_syscall+0x0/0x34)
[   18.743621] ---[ end trace d336e69960a700b6 ]---
[   18.749877] ------------[ cut here ]------------
[   18.754821] WARNING: CPU: 0 PID: 73 at mm/mmap.c:2859 exit_mmap+0x1a8/0x214()
[   18.762390] Modules linked in:
[   18.765594] CPU: 0 PID: 73 Comm: rc Tainted: G        W       3.19.0-rc5-next-20150122-00002-g2ade5cea1b05 #1
[   18.776092] Hardware name: Generic OMAP3 (Flattened Device Tree)
[   18.782470] [<c02159bc>] (unwind_backtrace) from [<c0211444>] (show_stack+0x10/0x14)
[   18.790649] [<c0211444>] (show_stack) from [<c08b1dbc>] (dump_stack+0x70/0x8c)
[   18.798278] [<c08b1dbc>] (dump_stack) from [<c0246674>] (warn_slowpath_common+0x74/0xac)
[   18.806854] [<c0246674>] (warn_slowpath_common) from [<c02466c8>] (warn_slowpath_null+0x1c/0x24)
[   18.816131] [<c02466c8>] (warn_slowpath_null) from [<c02e30e4>] (exit_mmap+0x1a8/0x214)
[   18.824584] [<c02e30e4>] (exit_mmap) from [<c024403c>] (mmput+0x40/0xf8)
[   18.831665] [<c024403c>] (mmput) from [<c02ff290>] (flush_old_exec+0x32c/0x604)
[   18.839385] [<c02ff290>] (flush_old_exec) from [<c033b994>] (load_elf_binary+0x2ec/0x112c)
[   18.848114] [<c033b994>] (load_elf_binary) from [<c02fe5ac>] (search_binary_handler+0x9c/0x240)
[   18.857299] [<c02fe5ac>] (search_binary_handler) from [<c02ffd48>] (do_execveat_common+0x4d8/0x5bc)
[   18.866851] [<c02ffd48>] (do_execveat_common) from [<c02ffe58>] (do_execve+0x2c/0x34)
[   18.875122] [<c02ffe58>] (do_execve) from [<c020e6e0>] (ret_fast_syscall+0x0/0x34)
[   18.883117] ---[ end trace d336e69960a700b7 ]---
[   18.907562] ------------[ cut here ]------------
[   18.912597] WARNING: CPU: 0 PID: 69 at mm/mmap.c:2859 exit_mmap+0x1a8/0x214()
[   18.920166] Modules linked in:
[   18.923431] CPU: 0 PID: 69 Comm: cat Tainted: G        W       3.19.0-rc5-next-20150122-00002-g2ade5cea1b05 #1
[   18.933990] Hardware name: Generic OMAP3 (Flattened Device Tree)
[   18.940399] [<c02159bc>] (unwind_backtrace) from [<c0211444>] (show_stack+0x10/0x14)
[   18.948608] [<c0211444>] (show_stack) from [<c08b1dbc>] (dump_stack+0x70/0x8c)
[   18.956268] [<c08b1dbc>] (dump_stack) from [<c0246674>] (warn_slowpath_common+0x74/0xac)
[   18.964843] [<c0246674>] (warn_slowpath_common) from [<c02466c8>] (warn_slowpath_null+0x1c/0x24)
[   18.974121] [<c02466c8>] (warn_slowpath_null) from [<c02e30e4>] (exit_mmap+0x1a8/0x214)
[   18.982604] [<c02e30e4>] (exit_mmap) from [<c024403c>] (mmput+0x40/0xf8)
[   18.989685] [<c024403c>] (mmput) from [<c02485d0>] (do_exit+0x288/0x914)
[   18.996795] [<c02485d0>] (do_exit) from [<c0248d34>] (do_group_exit+0x48/0xd0)
[   19.004425] [<c0248d34>] (do_group_exit) from [<c0248dcc>] (__wake_up_parent+0x0/0x18)
[   19.012786] ---[ end trace d336e69960a700b8 ]---
[   19.019592] ------------[ cut here ]------------
[   19.024597] WARNING: CPU: 0 PID: 70 at mm/mmap.c:2859 exit_mmap+0x1a8/0x214()
[   19.032165] Modules linked in:
[   19.035400] CPU: 0 PID: 70 Comm: sed Tainted: G        W       3.19.0-rc5-next-20150122-00002-g2ade5cea1b05 #1
[   19.045959] Hardware name: Generic OMAP3 (Flattened Device Tree)
[   19.052337] [<c02159bc>] (unwind_backtrace) from [<c0211444>] (show_stack+0x10/0x14)
[   19.060546] [<c0211444>] (show_stack) from [<c08b1dbc>] (dump_stack+0x70/0x8c)
[   19.068206] [<c08b1dbc>] (dump_stack) from [<c0246674>] (warn_slowpath_common+0x74/0xac)
[   19.076782] [<c0246674>] (warn_slowpath_common) from [<c02466c8>] (warn_slowpath_null+0x1c/0x24)
[   19.086059] [<c02466c8>] (warn_slowpath_null) from [<c02e30e4>] (exit_mmap+0x1a8/0x214)
[   19.094512] [<c02e30e4>] (exit_mmap) from [<c024403c>] (mmput+0x40/0xf8)
[   19.101593] [<c024403c>] (mmput) from [<c02485d0>] (do_exit+0x288/0x914)
[   19.108703] [<c02485d0>] (do_exit) from [<c0248d34>] (do_group_exit+0x48/0xd0)
[   19.116333] [<c0248d34>] (do_group_exit) from [<c0248dcc>] (__wake_up_parent+0x0/0x18)
[   19.124694] ---[ end trace d336e69960a700b9 ]---
[   19.130828] ------------[ cut here ]------------
[   19.135803] WARNING: CPU: 0 PID: 71 at mm/mmap.c:2859 exit_mmap+0x1a8/0x214()
[   19.143341] Modules linked in:
[   19.146575] CPU: 0 PID: 71 Comm: grep Tainted: G        W       3.19.0-rc5-next-20150122-00002-g2ade5cea1b05 #1
[   19.157257] Hardware name: Generic OMAP3 (Flattened Device Tree)
[   19.163635] [<c02159bc>] (unwind_backtrace) from [<c0211444>] (show_stack+0x10/0x14)
[   19.171813] [<c0211444>] (show_stack) from [<c08b1dbc>] (dump_stack+0x70/0x8c)
[   19.179473] [<c08b1dbc>] (dump_stack) from [<c0246674>] (warn_slowpath_common+0x74/0xac)
[   19.188049] [<c0246674>] (warn_slowpath_common) from [<c02466c8>] (warn_slowpath_null+0x1c/0x24)
[   19.197326] [<c02466c8>] (warn_slowpath_null) from [<c02e30e4>] (exit_mmap+0x1a8/0x214)
[   19.205780] [<c02e30e4>] (exit_mmap) from [<c024403c>] (mmput+0x40/0xf8)
[   19.212860] [<c024403c>] (mmput) from [<c02485d0>] (do_exit+0x288/0x914)
[   19.219940] [<c02485d0>] (do_exit) from [<c0248d34>] (do_group_exit+0x48/0xd0)
[   19.227600] [<c0248d34>] (do_group_exit) from [<c0248dcc>] (__wake_up_parent+0x0/0x18)
[   19.235931] ---[ end trace d336e69960a700ba ]---
[   19.241882] ------------[ cut here ]------------
[   19.246795] WARNING: CPU: 0 PID: 72 at mm/mmap.c:2859 exit_mmap+0x1a8/0x214()
[   19.254333] Modules linked in:
[   19.257598] CPU: 0 PID: 72 Comm: cut Tainted: G        W       3.19.0-rc5-next-20150122-00002-g2ade5cea1b05 #1
[   19.268157] Hardware name: Generic OMAP3 (Flattened Device Tree)
[   19.274536] [<c02159bc>] (unwind_backtrace) from [<c0211444>] (show_stack+0x10/0x14)
[   19.282714] [<c0211444>] (show_stack) from [<c08b1dbc>] (dump_stack+0x70/0x8c)
[   19.290374] [<c08b1dbc>] (dump_stack) from [<c0246674>] (warn_slowpath_common+0x74/0xac)
[   19.298919] [<c0246674>] (warn_slowpath_common) from [<c02466c8>] (warn_slowpath_null+0x1c/0x24)
[   19.308197] [<c02466c8>] (warn_slowpath_null) from [<c02e30e4>] (exit_mmap+0x1a8/0x214)
[   19.316650] [<c02e30e4>] (exit_mmap) from [<c024403c>] (mmput+0x40/0xf8)
[   19.323760] [<c024403c>] (mmput) from [<c02485d0>] (do_exit+0x288/0x914)
[   19.330841] [<c02485d0>] (do_exit) from [<c0248d34>] (do_group_exit+0x48/0xd0)
[   19.338470] [<c0248d34>] (do_group_exit) from [<c0248dcc>] (__wake_up_parent+0x0/0x18)
[   19.346832] ---[ end trace d336e69960a700bb ]---
[   19.352661] ------------[ cut here ]------------
[   19.357666] WARNING: CPU: 0 PID: 73 at mm/mmap.c:2859 exit_mmap+0x1a8/0x214()
[   19.365203] Modules linked in:
[   19.368438] CPU: 0 PID: 73 Comm: cut Tainted: G        W       3.19.0-rc5-next-20150122-00002-g2ade5cea1b05 #1
[   19.378997] Hardware name: Generic OMAP3 (Flattened Device Tree)
[   19.385375] [<c02159bc>] (unwind_backtrace) from [<c0211444>] (show_stack+0x10/0x14)
[   19.393554] [<c0211444>] (show_stack) from [<c08b1dbc>] (dump_stack+0x70/0x8c)
[   19.401214] [<c08b1dbc>] (dump_stack) from [<c0246674>] (warn_slowpath_common+0x74/0xac)
[   19.409759] [<c0246674>] (warn_slowpath_common) from [<c02466c8>] (warn_slowpath_null+0x1c/0x24)
[   19.419036] [<c02466c8>] (warn_slowpath_null) from [<c02e30e4>] (exit_mmap+0x1a8/0x214)
[   19.427490] [<c02e30e4>] (exit_mmap) from [<c024403c>] (mmput+0x40/0xf8)
[   19.434570] [<c024403c>] (mmput) from [<c02485d0>] (do_exit+0x288/0x914)
[   19.441680] [<c02485d0>] (do_exit) from [<c0248d34>] (do_group_exit+0x48/0xd0)
[   19.449310] [<c0248d34>] (do_group_exit) from [<c0248dcc>] (__wake_up_parent+0x0/0x18)
[   19.457672] ---[ end trace d336e69960a700bc ]---
[   19.464569] ------------[ cut here ]------------
[   19.469604] WARNING: CPU: 0 PID: 68 at mm/mmap.c:2859 exit_mmap+0x1a8/0x214()
[   19.477142] Modules linked in:
[   19.480377] CPU: 0 PID: 68 Comm: rc Tainted: G        W       3.19.0-rc5-next-20150122-00002-g2ade5cea1b05 #1
[   19.490844] Hardware name: Generic OMAP3 (Flattened Device Tree)
[   19.497222] [<c02159bc>] (unwind_backtrace) from [<c0211444>] (show_stack+0x10/0x14)
[   19.505401] [<c0211444>] (show_stack) from [<c08b1dbc>] (dump_stack+0x70/0x8c)
[   19.513061] [<c08b1dbc>] (dump_stack) from [<c0246674>] (warn_slowpath_common+0x74/0xac)
[   19.521636] [<c0246674>] (warn_slowpath_common) from [<c02466c8>] (warn_slowpath_null+0x1c/0x24)
[   19.530914] [<c02466c8>] (warn_slowpath_null) from [<c02e30e4>] (exit_mmap+0x1a8/0x214)
[   19.539398] [<c02e30e4>] (exit_mmap) from [<c024403c>] (mmput+0x40/0xf8)
[   19.546508] [<c024403c>] (mmput) from [<c02485d0>] (do_exit+0x288/0x914)
[   19.553588] [<c02485d0>] (do_exit) from [<c0248d34>] (do_group_exit+0x48/0xd0)
[   19.561248] [<c0248d34>] (do_group_exit) from [<c0248dcc>] (__wake_up_parent+0x0/0x18)
[   19.569580] ---[ end trace d336e69960a700bd ]---
[   19.580841] ------------[ cut here ]------------
[   19.585906] WARNING: CPU: 0 PID: 74 at mm/mmap.c:2859 exit_mmap+0x1a8/0x214()
[   19.593475] Modules linked in:
[   19.596740] CPU: 0 PID: 74 Comm: rc Tainted: G        W       3.19.0-rc5-next-20150122-00002-g2ade5cea1b05 #1
[   19.607238] Hardware name: Generic OMAP3 (Flattened Device Tree)
[   19.613647] [<c02159bc>] (unwind_backtrace) from [<c0211444>] (show_stack+0x10/0x14)
[   19.621856] [<c0211444>] (show_stack) from [<c08b1dbc>] (dump_stack+0x70/0x8c)
[   19.629516] [<c08b1dbc>] (dump_stack) from [<c0246674>] (warn_slowpath_common+0x74/0xac)
[   19.638061] [<c0246674>] (warn_slowpath_common) from [<c02466c8>] (warn_slowpath_null+0x1c/0x24)
[   19.647338] [<c02466c8>] (warn_slowpath_null) from [<c02e30e4>] (exit_mmap+0x1a8/0x214)
[   19.655792] [<c02e30e4>] (exit_mmap) from [<c024403c>] (mmput+0x40/0xf8)
[   19.662902] [<c024403c>] (mmput) from [<c02ff290>] (flush_old_exec+0x32c/0x604)
[   19.670623] [<c02ff290>] (flush_old_exec) from [<c033b994>] (load_elf_binary+0x2ec/0x112c)
[   19.679351] [<c033b994>] (load_elf_binary) from [<c02fe5ac>] (search_binary_handler+0x9c/0x240)
[   19.688537] [<c02fe5ac>] (search_binary_handler) from [<c02ffd48>] (do_execveat_common+0x4d8/0x5bc)
[   19.698089] [<c02ffd48>] (do_execveat_common) from [<c02ffe58>] (do_execve+0x2c/0x34)
[   19.706359] [<c02ffe58>] (do_execve) from [<c020e6e0>] (ret_fast_syscall+0x0/0x34)
[   19.714355] ---[ end trace d336e69960a700be ]---
[   19.723785] ------------[ cut here ]------------
[   19.728820] WARNING: CPU: 0 PID: 74 at mm/mmap.c:2859 exit_mmap+0x1a8/0x214()
[   19.736358] Modules linked in:
[   19.739624] CPU: 0 PID: 74 Comm: rm Tainted: G        W       3.19.0-rc5-next-20150122-00002-g2ade5cea1b05 #1
[   19.750061] Hardware name: Generic OMAP3 (Flattened Device Tree)
[   19.756469] [<c02159bc>] (unwind_backtrace) from [<c0211444>] (show_stack+0x10/0x14)
[   19.764648] [<c0211444>] (show_stack) from [<c08b1dbc>] (dump_stack+0x70/0x8c)
[   19.772308] [<c08b1dbc>] (dump_stack) from [<c0246674>] (warn_slowpath_common+0x74/0xac)
[   19.780853] [<c0246674>] (warn_slowpath_common) from [<c02466c8>] (warn_slowpath_null+0x1c/0x24)
[   19.790130] [<c02466c8>] (warn_slowpath_null) from [<c02e30e4>] (exit_mmap+0x1a8/0x214)
[   19.798583] [<c02e30e4>] (exit_mmap) from [<c024403c>] (mmput+0x40/0xf8)
[   19.805694] [<c024403c>] (mmput) from [<c02485d0>] (do_exit+0x288/0x914)
[   19.812774] [<c02485d0>] (do_exit) from [<c0248d34>] (do_group_exit+0x48/0xd0)
[   19.820434] [<c0248d34>] (do_group_exit) from [<c0248dcc>] (__wake_up_parent+0x0/0x18)
[   19.828765] ---[ end trace d336e69960a700bf ]---
[   19.838104] ------------[ cut here ]------------
[   19.843109] WARNING: CPU: 0 PID: 75 at mm/mmap.c:2859 exit_mmap+0x1a8/0x214()
[   19.850646] Modules linked in:
[   19.853912] CPU: 0 PID: 75 Comm: rc Tainted: G        W       3.19.0-rc5-next-20150122-00002-g2ade5cea1b05 #1
[   19.864379] Hardware name: Generic OMAP3 (Flattened Device Tree)
[   19.870758] [<c02159bc>] (unwind_backtrace) from [<c0211444>] (show_stack+0x10/0x14)
[   19.878997] [<c0211444>] (show_stack) from [<c08b1dbc>] (dump_stack+0x70/0x8c)
[   19.886688] [<c08b1dbc>] (dump_stack) from [<c0246674>] (warn_slowpath_common+0x74/0xac)
[   19.895263] [<c0246674>] (warn_slowpath_common) from [<c02466c8>] (warn_slowpath_null+0x1c/0x24)
[   19.904541] [<c02466c8>] (warn_slowpath_null) from [<c02e30e4>] (exit_mmap+0x1a8/0x214)
[   19.913024] [<c02e30e4>] (exit_mmap) from [<c024403c>] (mmput+0x40/0xf8)
[   19.920104] [<c024403c>] (mmput) from [<c02ff290>] (flush_old_exec+0x32c/0x604)
[   19.927825] [<c02ff290>] (flush_old_exec) from [<c033b994>] (load_elf_binary+0x2ec/0x112c)
[   19.936553] [<c033b994>] (load_elf_binary) from [<c02fe5ac>] (search_binary_handler+0x9c/0x240)
[   19.945739] [<c02fe5ac>] (search_binary_handler) from [<c02ffd48>] (do_execveat_common+0x4d8/0x5bc)
[   19.955291] [<c02ffd48>] (do_execveat_common) from [<c02ffe58>] (do_execve+0x2c/0x34)
[   19.963562] [<c02ffe58>] (do_execve) from [<c020e6e0>] (ret_fast_syscall+0x0/0x34)
[   19.971557] ---[ end trace d336e69960a700c0 ]---
[   19.981384] ------------[ cut here ]------------
[   19.986450] WARNING: CPU: 0 PID: 75 at mm/mmap.c:2859 exit_mmap+0x1a8/0x214()
[   19.993988] Modules linked in:
[   19.997283] CPU: 0 PID: 75 Comm: ln Tainted: G        W       3.19.0-rc5-next-20150122-00002-g2ade5cea1b05 #1
[   20.007720] Hardware name: Generic OMAP3 (Flattened Device Tree)
[   20.014099] [<c02159bc>] (unwind_backtrace) from [<c0211444>] (show_stack+0x10/0x14)
[   20.022308] [<c0211444>] (show_stack) from [<c08b1dbc>] (dump_stack+0x70/0x8c)
[   20.029937] [<c08b1dbc>] (dump_stack) from [<c0246674>] (warn_slowpath_common+0x74/0xac)
[   20.038513] [<c0246674>] (warn_slowpath_common) from [<c02466c8>] (warn_slowpath_null+0x1c/0x24)
[   20.047821] [<c02466c8>] (warn_slowpath_null) from [<c02e30e4>] (exit_mmap+0x1a8/0x214)
[   20.056274] [<c02e30e4>] (exit_mmap) from [<c024403c>] (mmput+0x40/0xf8)
[   20.063354] [<c024403c>] (mmput) from [<c02485d0>] (do_exit+0x288/0x914)
[   20.070465] [<c02485d0>] (do_exit) from [<c0248d34>] (do_group_exit+0x48/0xd0)
[   20.078094] [<c0248d34>] (do_group_exit) from [<c0248dcc>] (__wake_up_parent+0x0/0x18)
[   20.086456] ---[ end trace d336e69960a700c1 ]---
/dev/ttyO0 linked to /dev/tty-bd - using as cons[   20.093872] ------------[ cut here ]------------
[   20.101837] WARNING: CPU: 0 PID: 64 at mm/mmap.c:2859 exit_mmap+0x1a8/0x214()
[   20.109710] Modules linked in:
[   20.112976] CPU: 0 PID: 64 Comm: rc Tainted: G        W       3.19.0-rc5-next-20150122-00002-g2ade5cea1b05 #1
[   20.123443] Hardware name: Generic OMAP3 (Flattened Device Tree)
[   20.129852] [<c02159bc>] (unwind_backtrace) from [<c0211444>] (show_stack+0x10/0x14)
[   20.138031] [<c0211444>] (show_stack) from [<c08b1dbc>] (dump_stack+0x70/0x8c)
[   20.145690] [<c08b1dbc>] (dump_stack) from [<c0246674>] (warn_slowpath_common+0x74/0xac)
[   20.154235] [<c0246674>] (warn_slowpath_common) from [<c02466c8>] (warn_slowpath_null+0x1c/0x24)
[   20.163513] [<c02466c8>] (warn_slowpath_null) from [<c02e30e4>] (exit_mmap+0x1a8/0x214)
[   20.171997] [<c02e30e4>] (exit_mmap) from [<c024403c>] (mmput+0x40/0xf8)
[   20.179077] [<c024403c>] (mmput) from [<c02485d0>] (do_exit+0x288/0x914)
[   20.186157] [<c02485d0>] (do_exit) from [<c0248d34>] (do_group_exit+0x48/0xd0)
[   20.193817] [<c0248d34>] (do_group_exit) from [<c0248dcc>] (__wake_up_parent+0x0/0x18)
[   20.202178] ---[ end trace d336e69960a700c2 ]---
[   20.220428] ------------[ cut here ]------------
[   20.225494] WARNING: CPU: 0 PID: 77 at mm/mmap.c:2859 exit_mmap+0x1a8/0x214()
[   20.233032] Modules linked in:
[   20.236267] CPU: 0 PID: 77 Comm: rc Tainted: G        W       3.19.0-rc5-next-20150122-00002-g2ade5cea1b05 #1
[   20.246734] Hardware name: Generic OMAP3 (Flattened Device Tree)
[   20.253143] [<c02159bc>] (unwind_backtrace) from [<c0211444>] (show_stack+0x10/0x14)
[   20.261322] [<c0211444>] (show_stack) from [<c08b1dbc>] (dump_stack+0x70/0x8c)
[   20.268981] [<c08b1dbc>] (dump_stack) from [<c0246674>] (warn_slowpath_common+0x74/0xac)
[   20.277526] [<c0246674>] (warn_slowpath_common) from [<c02466c8>] (warn_slowpath_null+0x1c/0x24)
[   20.286834] [<c02466c8>] (warn_slowpath_null) from [<c02e30e4>] (exit_mmap+0x1a8/0x214)
[   20.295288] [<c02e30e4>] (exit_mmap) from [<c024403c>] (mmput+0x40/0xf8)
[   20.302398] [<c024403c>] (mmput) from [<c02485d0>] (do_exit+0x288/0x914)
[   20.309478] [<c02485d0>] (do_exit) from [<c0248d34>] (do_group_exit+0x48/0xd0)
[   20.317108] [<c0248d34>] (do_group_exit) from [<c0248dcc>] (__wake_up_parent+0x0/0x18)
[   20.325469] ---[ end trace d336e69960a700c3 ]---
[   20.334075] ------------[ cut here ]------------
[   20.339111] WARNING: CPU: 0 PID: 76 at mm/mmap.c:2859 exit_mmap+0x1a8/0x214()
[   20.346649] Modules linked in:
[   20.349884] CPU: 0 PID: 76 Comm: rc Tainted: G        W       3.19.0-rc5-next-20150122-00002-g2ade5cea1b05 #1
[   20.360351] Hardware name: Generic OMAP3 (Flattened Device Tree)
[   20.366729] [<c02159bc>] (unwind_backtrace) from [<c0211444>] (show_stack+0x10/0x14)
[   20.374938] [<c0211444>] (show_stack) from [<c08b1dbc>] (dump_stack+0x70/0x8c)
[   20.382568] [<c08b1dbc>] (dump_stack) from [<c0246674>] (warn_slowpath_common+0x74/0xac)
[   20.391113] [<c0246674>] (warn_slowpath_common) from [<c02466c8>] (warn_slowpath_null+0x1c/0x24)
[   20.400390] [<c02466c8>] (warn_slowpath_null) from [<c02e30e4>] (exit_mmap+0x1a8/0x214)
[   20.408874] [<c02e30e4>] (exit_mmap) from [<c024403c>] (mmput+0x40/0xf8)
[   20.415954] [<c024403c>] (mmput) from [<c02485d0>] (do_exit+0x288/0x914)
[   20.423034] [<c02485d0>] (do_exit) from [<c0248d34>] (do_group_exit+0x48/0xd0)
[   20.430664] [<c0248d34>] (do_group_exit) from [<c0248dcc>] (__wake_up_parent+0x0/0x18)
[   20.439025] ---[ end trace d336e69960a700c4 ]---
[   20.456268] ------------[ cut here ]------------
[   20.461334] WARNING: CPU: 0 PID: 79 at mm/mmap.c:2859 exit_mmap+0x1a8/0x214()
[   20.468902] Modules linked in:
[   20.472167] CPU: 0 PID: 79 Comm: rc Tainted: G        W       3.19.0-rc5-next-20150122-00002-g2ade5cea1b05 #1
[   20.482604] Hardware name: Generic OMAP3 (Flattened Device Tree)
[   20.488983] [<c02159bc>] (unwind_backtrace) from [<c0211444>] (show_stack+0x10/0x14)
[   20.497192] [<c0211444>] (show_stack) from [<c08b1dbc>] (dump_stack+0x70/0x8c)
[   20.504852] [<c08b1dbc>] (dump_stack) from [<c0246674>] (warn_slowpath_common+0x74/0xac)
[   20.513397] [<c0246674>] (warn_slowpath_common) from [<c02466c8>] (warn_slowpath_null+0x1c/0x24)
[   20.522735] [<c02466c8>] (warn_slowpath_null) from [<c02e30e4>] (exit_mmap+0x1a8/0x214)
[   20.531188] [<c02e30e4>] (exit_mmap) from [<c024403c>] (mmput+0x40/0xf8)
[   20.538269] [<c024403c>] (mmput) from [<c02ff290>] (flush_old_exec+0x32c/0x604)
[   20.546020] [<c02ff290>] (flush_old_exec) from [<c033b994>] (load_elf_binary+0x2ec/0x112c)
[   20.554748] [<c033b994>] (load_elf_binary) from [<c02fe5ac>] (search_binary_handler+0x9c/0x240)
[   20.563934] [<c02fe5ac>] (search_binary_handler) from [<c02ffd48>] (do_execveat_common+0x4d8/0x5bc)
[   20.573486] [<c02ffd48>] (do_execveat_common) from [<c02ffe58>] (do_execve+0x2c/0x34)
[   20.581756] [<c02ffe58>] (do_execve) from [<c020e6e0>] (ret_fast_syscall+0x0/0x34)
[   20.589752] ---[ end trace d336e69960a700c5 ]---
[   20.599761] ------------[ cut here ]------------
[   20.604797] WARNING: CPU: 0 PID: 79 at mm/mmap.c:2859 exit_mmap+0x1a8/0x214()
[   20.612335] Modules linked in:
[   20.615570] CPU: 0 PID: 79 Comm: grep Tainted: G        W       3.19.0-rc5-next-20150122-00002-g2ade5cea1b05 #1
[   20.626220] Hardware name: Generic OMAP3 (Flattened Device Tree)
[   20.632629] [<c02159bc>] (unwind_backtrace) from [<c0211444>] (show_stack+0x10/0x14)
[   20.640808] [<c0211444>] (show_stack) from [<c08b1dbc>] (dump_stack+0x70/0x8c)
[   20.648468] [<c08b1dbc>] (dump_stack) from [<c0246674>] (warn_slowpath_common+0x74/0xac)
[   20.657012] [<c0246674>] (warn_slowpath_common) from [<c02466c8>] (warn_slowpath_null+0x1c/0x24)
[   20.666290] [<c02466c8>] (warn_slowpath_null) from [<c02e30e4>] (exit_mmap+0x1a8/0x214)
[   20.674774] [<c02e30e4>] (exit_mmap) from [<c024403c>] (mmput+0x40/0xf8)
[   20.681854] [<c024403c>] (mmput) from [<c02485d0>] (do_exit+0x288/0x914)
[   20.688934] [<c02485d0>] (do_exit) from [<c0248d34>] (do_group_exit+0x48/0xd0)
[   20.696594] [<c0248d34>] (do_group_exit) from [<c0248dcc>] (__wake_up_parent+0x0/0x18)
[   20.704925] ---[ end trace d336e69960a700c6 ]---
[   20.715728] ------------[ cut here ]------------
[   20.720733] WARNING: CPU: 0 PID: 80 at mm/mmap.c:2859 exit_mmap+0x1a8/0x214()
[   20.728302] Modules linked in:
[   20.731506] CPU: 0 PID: 80 Comm: rc Tainted: G        W       3.19.0-rc5-next-20150122-00002-g2ade5cea1b05 #1
[   20.741973] Hardware name: Generic OMAP3 (Flattened Device Tree)
[   20.748352] [<c02159bc>] (unwind_backtrace) from [<c0211444>] (show_stack+0x10/0x14)
[   20.756561] [<c0211444>] (show_stack) from [<c08b1dbc>] (dump_stack+0x70/0x8c)
[   20.764221] [<c08b1dbc>] (dump_stack) from [<c0246674>] (warn_slowpath_common+0x74/0xac)
[   20.772766] [<c0246674>] (warn_slowpath_common) from [<c02466c8>] (warn_slowpath_null+0x1c/0x24)
[   20.782043] [<c02466c8>] (warn_slowpath_null) from [<c02e30e4>] (exit_mmap+0x1a8/0x214)
[   20.790496] [<c02e30e4>] (exit_mmap) from [<c024403c>] (mmput+0x40/0xf8)
[   20.797607] [<c024403c>] (mmput) from [<c02ff290>] (flush_old_exec+0x32c/0x604)
[   20.805328] [<c02ff290>] (flush_old_exec) from [<c033b994>] (load_elf_binary+0x2ec/0x112c)
[   20.814086] [<c033b994>] (load_elf_binary) from [<c02fe5ac>] (search_binary_handler+0x9c/0x240)
[   20.823272] [<c02fe5ac>] (search_binary_handler) from [<c02ffd48>] (do_execveat_common+0x4d8/0x5bc)
[   20.832824] [<c02ffd48>] (do_execveat_common) from [<c02ffe58>] (do_execve+0x2c/0x34)
[   20.841094] [<c02ffe58>] (do_execve) from [<c020e6e0>] (ret_fast_syscall+0x0/0x34)
[   20.849090] ---[ end trace d336e69960a700c7 ]---
[   20.858764] ------------[ cut here ]------------
[   20.863769] WARNING: CPU: 0 PID: 80 at mm/mmap.c:2859 exit_mmap+0x1a8/0x214()
[   20.871307] Modules linked in:
[   20.874572] CPU: 0 PID: 80 Comm: mount Tainted: G        W       3.19.0-rc5-next-20150122-00002-g2ade5cea1b05 #1
[   20.885314] Hardware name: Generic OMAP3 (Flattened Device Tree)
[   20.891693] [<c02159bc>] (unwind_backtrace) from [<c0211444>] (show_stack+0x10/0x14)
[   20.899902] [<c0211444>] (show_stack) from [<c08b1dbc>] (dump_stack+0x70/0x8c)
[   20.907531] [<c08b1dbc>] (dump_stack) from [<c0246674>] (warn_slowpath_common+0x74/0xac)
[   20.916107] [<c0246674>] (warn_slowpath_common) from [<c02466c8>] (warn_slowpath_null+0x1c/0x24)
[   20.925384] [<c02466c8>] (warn_slowpath_null) from [<c02e30e4>] (exit_mmap+0x1a8/0x214)
[   20.933837] [<c02e30e4>] (exit_mmap) from [<c024403c>] (mmput+0x40/0xf8)
[   20.940917] [<c024403c>] (mmput) from [<c02485d0>] (do_exit+0x288/0x914)
[   20.948028] [<c02485d0>] (do_exit) from [<c0248d34>] (do_group_exit+0x48/0xd0)
[   20.955657] [<c0248d34>] (do_group_exit) from [<c0248dcc>] (__wake_up_parent+0x0/0x18)
[   20.964019] ---[ end trace d336e69960a700c8 ]---
[   20.973632] ------------[ cut here ]------------
[   20.978637] WARNING: CPU: 0 PID: 81 at mm/mmap.c:2859 exit_mmap+0x1a8/0x214()
[   20.986175] Modules linked in:
[   20.989440] CPU: 0 PID: 81 Comm: rc Tainted: G        W       3.19.0-rc5-next-20150122-00002-g2ade5cea1b05 #1
[   20.999908] Hardware name: Generic OMAP3 (Flattened Device Tree)
[   21.006286] [<c02159bc>] (unwind_backtrace) from [<c0211444>] (show_stack+0x10/0x14)
[   21.014495] [<c0211444>] (show_stack) from [<c08b1dbc>] (dump_stack+0x70/0x8c)
[   21.022155] [<c08b1dbc>] (dump_stack) from [<c0246674>] (warn_slowpath_common+0x74/0xac)
[   21.030700] [<c0246674>] (warn_slowpath_common) from [<c02466c8>] (warn_slowpath_null+0x1c/0x24)
[   21.039978] [<c02466c8>] (warn_slowpath_null) from [<c02e30e4>] (exit_mmap+0x1a8/0x214)
[   21.048431] [<c02e30e4>] (exit_mmap) from [<c024403c>] (mmput+0x40/0xf8)
[   21.055541] [<c024403c>] (mmput) from [<c02ff290>] (flush_old_exec+0x32c/0x604)
[   21.063262] [<c02ff290>] (flush_old_exec) from [<c033b994>] (load_elf_binary+0x2ec/0x112c)
[   21.072021] [<c033b994>] (load_elf_binary) from [<c02fe5ac>] (search_binary_handler+0x9c/0x240)
[   21.081207] [<c02fe5ac>] (search_binary_handler) from [<c02ffd48>] (do_execveat_common+0x4d8/0x5bc)
[   21.090728] [<c02ffd48>] (do_execveat_common) from [<c02ffe58>] (do_execve+0x2c/0x34)
[   21.099029] [<c02ffe58>] (do_execve) from [<c020e6e0>] (ret_fast_syscall+0x0/0x34)
[   21.107025] ---[ end trace d336e69960a700c9 ]---
[   21.116973] ------------[ cut here ]------------
[   21.121948] WARNING: CPU: 0 PID: 81 at mm/mmap.c:2859 exit_mmap+0x1a8/0x214()
[   21.129486] Modules linked in:
[   21.132751] CPU: 0 PID: 81 Comm: grep Tainted: G        W       3.19.0-rc5-next-20150122-00002-g2ade5cea1b05 #1
[   21.143402] Hardware name: Generic OMAP3 (Flattened Device Tree)
[   21.149780] [<c02159bc>] (unwind_backtrace) from [<c0211444>] (show_stack+0x10/0x14)
[   21.157958] [<c0211444>] (show_stack) from [<c08b1dbc>] (dump_stack+0x70/0x8c)
[   21.165618] [<c08b1dbc>] (dump_stack) from [<c0246674>] (warn_slowpath_common+0x74/0xac)
[   21.174163] [<c0246674>] (warn_slowpath_common) from [<c02466c8>] (warn_slowpath_null+0x1c/0x24)
[   21.183441] [<c02466c8>] (warn_slowpath_null) from [<c02e30e4>] (exit_mmap+0x1a8/0x214)
[   21.191925] [<c02e30e4>] (exit_mmap) from [<c024403c>] (mmput+0x40/0xf8)
[   21.199005] [<c024403c>] (mmput) from [<c02485d0>] (do_exit+0x288/0x914)
[   21.206085] [<c02485d0>] (do_exit) from [<c0248d34>] (do_group_exit+0x48/0xd0)
[   21.213714] [<c0248d34>] (do_group_exit) from [<c0248dcc>] (__wake_up_parent+0x0/0x18)
[   21.222076] ---[ end trace d336e69960a700ca ]---
[   21.230926] ------------[ cut here ]------------
[   21.235992] WARNING: CPU: 0 PID: 82 at mm/mmap.c:2859 exit_mmap+0x1a8/0x214()
[   21.243560] Modules linked in:
[   21.246826] CPU: 0 PID: 82 Comm: rc Tainted: G        W       3.19.0-rc5-next-20150122-00002-g2ade5cea1b05 #1
[   21.257293] Hardware name: Generic OMAP3 (Flattened Device Tree)
[   21.263702] [<c02159bc>] (unwind_backtrace) from [<c0211444>] (show_stack+0x10/0x14)
[   21.271881] [<c0211444>] (show_stack) from [<c08b1dbc>] (dump_stack+0x70/0x8c)
[   21.279541] [<c08b1dbc>] (dump_stack) from [<c0246674>] (warn_slowpath_common+0x74/0xac)
[   21.288085] [<c0246674>] (warn_slowpath_common) from [<c02466c8>] (warn_slowpath_null+0x1c/0x24)
[   21.297393] [<c02466c8>] (warn_slowpath_null) from [<c02e30e4>] (exit_mmap+0x1a8/0x214)
[   21.305847] [<c02e30e4>] (exit_mmap) from [<c024403c>] (mmput+0x40/0xf8)
[   21.312927] [<c024403c>] (mmput) from [<c02ff290>] (flush_old_exec+0x32c/0x604)
[   21.320678] [<c02ff290>] (flush_old_exec) from [<c033b994>] (load_elf_binary+0x2ec/0x112c)
[   21.329406] [<c033b994>] (load_elf_binary) from [<c02fe5ac>] (search_binary_handler+0x9c/0x240)
[   21.338592] [<c02fe5ac>] (search_binary_handler) from [<c02ffd48>] (do_execveat_common+0x4d8/0x5bc)
[   21.348144] [<c02ffd48>] (do_execveat_common) from [<c02ffe58>] (do_execve+0x2c/0x34)
[   21.356414] [<c02ffe58>] (do_execve) from [<c020e6e0>] (ret_fast_syscall+0x0/0x34)
[   21.364410] ---[ end trace d336e69960a700cb ]---
[   21.373931] ------------[ cut here ]------------
[   21.378997] WARNING: CPU: 0 PID: 82 at mm/mmap.c:2859 exit_mmap+0x1a8/0x214()
[   21.386535] Modules linked in:
[   21.389770] CPU: 0 PID: 82 Comm: mount Tainted: G        W       3.19.0-rc5-next-20150122-00002-g2ade5cea1b05 #1
[   21.400512] Hardware name: Generic OMAP3 (Flattened Device Tree)
[   21.406890] [<c02159bc>] (unwind_backtrace) from [<c0211444>] (show_stack+0x10/0x14)
[   21.415100] [<c0211444>] (show_stack) from [<c08b1dbc>] (dump_stack+0x70/0x8c)
[   21.422760] [<c08b1dbc>] (dump_stack) from [<c0246674>] (warn_slowpath_common+0x74/0xac)
[   21.431304] [<c0246674>] (warn_slowpath_common) from [<c02466c8>] (warn_slowpath_null+0x1c/0x24)
[   21.440582] [<c02466c8>] (warn_slowpath_null) from [<c02e30e4>] (exit_mmap+0x1a8/0x214)
[   21.449066] [<c02e30e4>] (exit_mmap) from [<c024403c>] (mmput+0x40/0xf8)
[   21.456146] [<c024403c>] (mmput) from [<c02485d0>] (do_exit+0x288/0x914)
[   21.463226] [<c02485d0>] (do_exit) from [<c0248d34>] (do_group_exit+0x48/0xd0)
[   21.470886] [<c0248d34>] (do_group_exit) from [<c0248dcc>] (__wake_up_parent+0x0/0x18)
[   21.479248] ---[ end trace d336e69960a700cc ]---
[   21.486083] ------------[ cut here ]------------
[   21.491119] WARNING: CPU: 0 PID: 78 at mm/mmap.c:2859 exit_mmap+0x1a8/0x214()
[   21.498657] Modules linked in:
[   21.501953] CPU: 0 PID: 78 Comm: rc Tainted: G        W       3.19.0-rc5-next-20150122-00002-g2ade5cea1b05 #1
[   21.512420] Hardware name: Generic OMAP3 (Flattened Device Tree)
[   21.518798] [<c02159bc>] (unwind_backtrace) from [<c0211444>] (show_stack+0x10/0x14)
[   21.527038] [<c0211444>] (show_stack) from [<c08b1dbc>] (dump_stack+0x70/0x8c)
[   21.534667] [<c08b1dbc>] (dump_stack) from [<c0246674>] (warn_slowpath_common+0x74/0xac)
[   21.543243] [<c0246674>] (warn_slowpath_common) from [<c02466c8>] (warn_slowpath_null+0x1c/0x24)
[   21.552520] [<c02466c8>] (warn_slowpath_null) from [<c02e30e4>] (exit_mmap+0x1a8/0x214)
[   21.560974] [<c02e30e4>] (exit_mmap) from [<c024403c>] (mmput+0x40/0xf8)
[   21.568084] [<c024403c>] (mmput) from [<c02485d0>] (do_exit+0x288/0x914)
[   21.575164] [<c02485d0>] (do_exit) from [<c0248d34>] (do_group_exit+0x48/0xd0)
[   21.582794] [<c0248d34>] (do_group_exit) from [<c0248dcc>] (__wake_up_parent+0x0/0x18)
[   21.591156] ---[ end trace d336e69960a700cd ]---
[   21.604217] ------------[ cut here ]------------
[   21.609252] WARNING: CPU: 0 PID: 83 at mm/mmap.c:2859 exit_mmap+0x1a8/0x214()
[   21.616821] Modules linked in:
[   21.620025] CPU: 0 PID: 83 Comm: rc Tainted: G        W       3.19.0-rc5-next-20150122-00002-g2ade5cea1b05 #1
[   21.630493] Hardware name: Generic OMAP3 (Flattened Device Tree)
[   21.636871] [<c02159bc>] (unwind_backtrace) from [<c0211444>] (show_stack+0x10/0x14)
[   21.645080] [<c0211444>] (show_stack) from [<c08b1dbc>] (dump_stack+0x70/0x8c)
[   21.652740] [<c08b1dbc>] (dump_stack) from [<c0246674>] (warn_slowpath_common+0x74/0xac)
[   21.661285] [<c0246674>] (warn_slowpath_common) from [<c02466c8>] (warn_slowpath_null+0x1c/0x24)
[   21.670562] [<c02466c8>] (warn_slowpath_null) from [<c02e30e4>] (exit_mmap+0x1a8/0x214)
[   21.679016] [<c02e30e4>] (exit_mmap) from [<c024403c>] (mmput+0x40/0xf8)
[   21.686126] [<c024403c>] (mmput) from [<c02ff290>] (flush_old_exec+0x32c/0x604)
[   21.693847] [<c02ff290>] (flush_old_exec) from [<c033b994>] (load_elf_binary+0x2ec/0x112c)
[   21.702606] [<c033b994>] (load_elf_binary) from [<c02fe5ac>] (search_binary_handler+0x9c/0x240)
[   21.711791] [<c02fe5ac>] (search_binary_handler) from [<c033b2d4>] (load_script+0x260/0x27c)
[   21.720703] [<c033b2d4>] (load_script) from [<c02fe5ac>] (search_binary_handler+0x9c/0x240)
[   21.729522] [<c02fe5ac>] (search_binary_handler) from [<c02ffd48>] (do_execveat_common+0x4d8/0x5bc)
[   21.739074] [<c02ffd48>] (do_execveat_common) from [<c02ffe58>] (do_execve+0x2c/0x34)
[   21.747344] [<c02ffe58>] (do_execve) from [<c020e6e0>] (ret_fast_syscall+0x0/0x34)
[   21.755340] ---[ end trace d336e69960a700ce ]---
Starting udev
[   21.788848] ------------[ cut here ]------------
[   21.793853] WARNING: CPU: 0 PID: 84 at mm/mmap.c:2859 exit_mmap+0x1a8/0x214()
[   21.801391] Modules linked in:
[   21.804656] CPU: 0 PID: 84 Comm: S03udev Tainted: G        W       3.19.0-rc5-next-20150122-00002-g2ade5cea1b05 #1
[   21.815582] Hardware name: Generic OMAP3 (Flattened Device Tree)
[   21.821960] [<c02159bc>] (unwind_backtrace) from [<c0211444>] (show_stack+0x10/0x14)
[   21.830169] [<c0211444>] (show_stack) from [<c08b1dbc>] (dump_stack+0x70/0x8c)
[   21.837829] [<c08b1dbc>] (dump_stack) from [<c0246674>] (warn_slowpath_common+0x74/0xac)
[   21.846374] [<c0246674>] (warn_slowpath_common) from [<c02466c8>] (warn_slowpath_null+0x1c/0x24)
[   21.855651] [<c02466c8>] (warn_slowpath_null) from [<c02e30e4>] (exit_mmap+0x1a8/0x214)
[   21.864105] [<c02e30e4>] (exit_mmap) from [<c024403c>] (mmput+0x40/0xf8)
[   21.871215] [<c024403c>] (mmput) from [<c02ff290>] (flush_old_exec+0x32c/0x604)
[   21.878997] [<c02ff290>] (flush_old_exec) from [<c033b994>] (load_elf_binary+0x2ec/0x112c)
[   21.887725] [<c033b994>] (load_elf_binary) from [<c02fe5ac>] (search_binary_handler+0x9c/0x240)
[   21.896911] [<c02fe5ac>] (search_binary_handler) from [<c02ffd48>] (do_execveat_common+0x4d8/0x5bc)
[   21.906463] [<c02ffd48>] (do_execveat_common) from [<c02ffe58>] (do_execve+0x2c/0x34)
[   21.914733] [<c02ffe58>] (do_execve) from [<c020e6e0>] (ret_fast_syscall+0x0/0x34)
[   21.922729] ---[ end trace d336e69960a700cf ]---
[   21.932922] ------------[ cut here ]------------
[   21.937957] WARNING: CPU: 0 PID: 84 at mm/mmap.c:2859 exit_mmap+0x1a8/0x214()
[   21.945495] Modules linked in:
[   21.948760] CPU: 0 PID: 84 Comm: grep Tainted: G        W       3.19.0-rc5-next-20150122-00002-g2ade5cea1b05 #1
[   21.959381] Hardware name: Generic OMAP3 (Flattened Device Tree)
[   21.965789] [<c02159bc>] (unwind_backtrace) from [<c0211444>] (show_stack+0x10/0x14)
[   21.973968] [<c0211444>] (show_stack) from [<c08b1dbc>] (dump_stack+0x70/0x8c)
[   21.981628] [<c08b1dbc>] (dump_stack) from [<c0246674>] (warn_slowpath_common+0x74/0xac)
[   21.990173] [<c0246674>] (warn_slowpath_common) from [<c02466c8>] (warn_slowpath_null+0x1c/0x24)
[   21.999450] [<c02466c8>] (warn_slowpath_null) from [<c02e30e4>] (exit_mmap+0x1a8/0x214)
[   22.007904] [<c02e30e4>] (exit_mmap) from [<c024403c>] (mmput+0x40/0xf8)
[   22.015014] [<c024403c>] (mmput) from [<c02485d0>] (do_exit+0x288/0x914)
[   22.022094] [<c02485d0>] (do_exit) from [<c0248d34>] (do_group_exit+0x48/0xd0)
[   22.029724] [<c0248d34>] (do_group_exit) from [<c0248dcc>] (__wake_up_parent+0x0/0x18)
[   22.038085] ---[ end trace d336e69960a700d0 ]---
[   22.049255] ------------[ cut here ]------------
[   22.054260] WARNING: CPU: 0 PID: 85 at mm/mmap.c:2859 exit_mmap+0x1a8/0x214()
[   22.061828] Modules linked in:
[   22.065032] CPU: 0 PID: 85 Comm: S03udev Tainted: G        W       3.19.0-rc5-next-20150122-00002-g2ade5cea1b05 #1
[   22.075958] Hardware name: Generic OMAP3 (Flattened Device Tree)
[   22.082366] [<c02159bc>] (unwind_backtrace) from [<c0211444>] (show_stack+0x10/0x14)
[   22.090576] [<c0211444>] (show_stack) from [<c08b1dbc>] (dump_stack+0x70/0x8c)
[   22.098205] [<c08b1dbc>] (dump_stack) from [<c0246674>] (warn_slowpath_common+0x74/0xac)
[   22.106781] [<c0246674>] (warn_slowpath_common) from [<c02466c8>] (warn_slowpath_null+0x1c/0x24)
[   22.116058] [<c02466c8>] (warn_slowpath_null) from [<c02e30e4>] (exit_mmap+0x1a8/0x214)
[   22.124511] [<c02e30e4>] (exit_mmap) from [<c024403c>] (mmput+0x40/0xf8)
[   22.131591] [<c024403c>] (mmput) from [<c02ff290>] (flush_old_exec+0x32c/0x604)
[   22.139343] [<c02ff290>] (flush_old_exec) from [<c033b994>] (load_elf_binary+0x2ec/0x112c)
[   22.148071] [<c033b994>] (load_elf_binary) from [<c02fe5ac>] (search_binary_handler+0x9c/0x240)
[   22.157257] [<c02fe5ac>] (search_binary_handler) from [<c02ffd48>] (do_execveat_common+0x4d8/0x5bc)
[   22.166809] [<c02ffd48>] (do_execveat_common) from [<c02ffe58>] (do_execve+0x2c/0x34)
[   22.175079] [<c02ffe58>] (do_execve) from [<c020e6e0>] (ret_fast_syscall+0x0/0x34)
[   22.183074] ---[ end trace d336e69960a700d1 ]---
[   22.193817] ------------[ cut here ]------------
[   22.198822] WARNING: CPU: 0 PID: 85 at mm/mmap.c:2859 exit_mmap+0x1a8/0x214()
[   22.206359] Modules linked in:
[   22.209655] CPU: 0 PID: 85 Comm: awk Tainted: G        W       3.19.0-rc5-next-20150122-00002-g2ade5cea1b05 #1
[   22.220184] Hardware name: Generic OMAP3 (Flattened Device Tree)
[   22.226562] [<c02159bc>] (unwind_backtrace) from [<c0211444>] (show_stack+0x10/0x14)
[   22.234771] [<c0211444>] (show_stack) from [<c08b1dbc>] (dump_stack+0x70/0x8c)
[   22.242431] [<c08b1dbc>] (dump_stack) from [<c0246674>] (warn_slowpath_common+0x74/0xac)
[   22.250976] [<c0246674>] (warn_slowpath_common) from [<c02466c8>] (warn_slowpath_null+0x1c/0x24)
[   22.260253] [<c02466c8>] (warn_slowpath_null) from [<c02e30e4>] (exit_mmap+0x1a8/0x214)
[   22.268707] [<c02e30e4>] (exit_mmap) from [<c024403c>] (mmput+0x40/0xf8)
[   22.275817] [<c024403c>] (mmput) from [<c02485d0>] (do_exit+0x288/0x914)
[   22.282897] [<c02485d0>] (do_exit) from [<c0248d34>] (do_group_exit+0x48/0xd0)
[   22.290527] [<c0248d34>] (do_group_exit) from [<c0248dcc>] (__wake_up_parent+0x0/0x18)
[   22.298889] ---[ end trace d336e69960a700d2 ]---
[   22.308593] ------------[ cut here ]------------
[   22.313598] WARNING: CPU: 0 PID: 86 at mm/mmap.c:2859 exit_mmap+0x1a8/0x214()
[   22.321136] Modules linked in:
[   22.324401] CPU: 0 PID: 86 Comm: S03udev Tainted: G        W       3.19.0-rc5-next-20150122-00002-g2ade5cea1b05 #1
[   22.335327] Hardware name: Generic OMAP3 (Flattened Device Tree)
[   22.341705] [<c02159bc>] (unwind_backtrace) from [<c0211444>] (show_stack+0x10/0x14)
[   22.349914] [<c0211444>] (show_stack) from [<c08b1dbc>] (dump_stack+0x70/0x8c)
[   22.357543] [<c08b1dbc>] (dump_stack) from [<c0246674>] (warn_slowpath_common+0x74/0xac)
