- 00:55:01 [INFO] Starting target session
- 00:55:04 [INFO] Connected to sdp3430 via serial 
- 00:55:04 [INFO] Host: #check prompt
- 00:55:07 [ERROR] On command: #check prompt waiting for #check prompt.+?(?-mix:((?-mix:.*\s+login)|[Pp]assword)) >>> error: execution expired
- 00:55:07 [INFO] Target: 
#check prompt
root@GenericOMAP3(FlattenedDeviceTree):/test# 
- 00:55:07 [INFO] Host: #check prompt
- 00:55:07 [INFO] Target: 
#check prompt
root@GenericOMAP3(FlattenedDeviceTree):/test# 
- 00:55:07 [INFO] Host: sync;poweroff
- 00:55:23 [INFO] Target: 
sync;poweroff
Broadcast message from root@GenericOMAP3(FlattenedDeviceTree) (ttyO0) (Sat Ma
The system is going down for system halt NOW!
INIT: Switching to runlevel: 0
root@GenericOMAP3(FlattenedDevi
INIT: Sending processes the TERM signal
INIT: Sending processes the KILL signal
Stopping Dropbear SSH server: stopped /usr/sbin/dropbear (pid 678)
dropbear.
Stopping telnet daemon.
Stopping system message bus: hwclock: can't open '/dev/misc/rtc': No such file or directory
Error opening /dev/fb0: No such file or directory
Stopping syslogd/klogd: stopped syslogd (pid 688)
stopped klogd (pid 690)
done
Stopping thttpd.
ALSA: Storing mixer settings...
/usr/sbin/alsactl: save_state:1580: No soundcards found...
Deconfiguring network interfaces... ifdown: interface eth0 not configured
done.
Stopping Lighttpd Web Server: stopped /usr/sbin/lighttpd (pid 697)
lighttpd.
***************************************************************
***************************************************************
NOTICE: This file system contains the followin GPLv3 packages:
	binutils-symlinks
	binutils
	gdbserver
	parted
If you do not wish to distribute GPLv3 components please remove
the above packages prior to distribution.  This can be done using
the opkg remove command.  i.e.:
    opkg remove <package>
Where <package> is the name printed in the list above
NOTE: If the package is a dependency of another package you
      will be notified of the dependent packages.  You should
      use the --force-removal-of-dependent-packages option to
      also remove the dependent packages as well
***************************************************************
***************************************************************
Sending all processes the TERM signal...
Sending all processes the KILL signal...
Unmounting remote filesystems...
Deactivating swap...
Unmounting local filesystems...
[ 1991.564239] EXT4-fs (mmcblk0p2): re-mounted. Opts: data=ordered
[ 1993.884063] reboot: System halted
- 00:55:23 [INFO] Disconnected serial from sdp3430
- 00:55:24 [INFO] Connected to sdp3430 via serial 
- 00:55:25 [INFO] Host: 
- 00:55:30 [INFO] Target: 
U-Boot 2009.11-rc1-00485-g7d1e865 (Nov 09 2009 - 11:21:55)
OMAP3530-GP ES3.0, CPU-OPP2 L3-165MHz
OMAP3 SDP3430 board + LPDDR/NOR
I2C:   ready
DRAM:  128 MB
Flash: 128 MB
In:    serial
Out:   serial
Err:   serial
OMAP34XX SDP # 
OMAP34XX SDP # 
OMAP34XX SDP # 
OMAP34XX SDP # 
OMAP34XX SDP # 
OMAP34XX SDP # 
OMAP34XX SDP # 
OMAP34XX SDP # 
OMAP34XX SDP # 
OMAP34XX SDP # 
OMAP34XX SDP # 
OMAP34XX SDP # 
OMAP34XX SDP # 
OMAP34XX SDP # 
OMAP34XX SDP # 
OMAP34XX SDP # 
OMAP34XX SDP # 
OMAP34XX SDP # 
OMAP34XX SDP # 
OMAP34XX SDP # 
OMAP34XX SDP # 
OMAP34XX SDP # 
OMAP34XX SDP # 
OMAP34XX SDP # 
OMAP34XX SDP # 
OMAP34XX SDP # 
OMAP34XX SDP # 
OMAP34XX SDP # 
OMAP34XX SDP # 
OMAP34XX SDP # 
OMAP34XX SDP # 
OMAP34XX SDP # 
OMAP34XX SDP # 
OMAP34XX SDP # 
OMAP34XX SDP # 
OMAP34XX SDP # 
OMAP34XX SDP # 
OMAP34XX SDP # 
OMAP34XX SDP # 
OMAP34XX SDP # 
- 00:55:30 [INFO] Host: version
- 00:55:30 [INFO] Target: 
version
U-Boot 2009.11-rc1-00485-g7d1e865 (Nov 09 2009 - 11:21:55)
OMAP34XX SDP # 
- 00:55:30 [INFO] Host: bdinfo
- 00:55:30 [INFO] Target: 
bdinfo
arch_number = 0x00000472
env_t       = 0x00000000
boot_params = 0x80000100
DRAM bank   = 0x00000000
-> start    = 0x80000000
-> size     = 0x08000000
DRAM bank   = 0x00000001
-> start    = 0xA0000000
-> size     = 0x00000000
ethaddr     = 08:00:28:01:24:57
ip_addr     = 0.0.0.0
baudrate    = 115200 bps
OMAP34XX SDP # 
- 00:55:30 [INFO] Host: printenv
- 00:55:30 [INFO] Target: 
printenv
baudrate=115200
loadaddr=0x82000000
console=ttyS0,115200n8
mmcargs=setenv bootargs console=${console} root=/dev/mmcblk0p2 rw rootfstype=ext3 rootwait
norargs=setenv bootargs console=${console} root=/dev/mtdblock3 rw rootfstype=jffs2
loadbootscript=fatload mmc 0 ${loadaddr} boot.scr
bootscript=echo Running bootscript from MMC/SD ...; autoscr ${loadaddr}
loaduimage=fatload mmc 0 ${loadaddr} uImage
mmcboot=echo Booting from MMC/SD ...; run mmcargs; bootm ${loadaddr}
norboot=echo Booting from NOR ...; run norargs; bootm 0x80000
bootdelay=3
ethaddr=08:00:28:01:24:57
serverip=128.247.91.123
bootfile=/tftpboot/kernel/uImage.omap3430-sdp
bootcmd=dhcp;bootm
bootargs=console=ttyO0,115200n8 debug ignore_loglevel earlyprintk root=/dev/mmcblk0p2 rw rootfstype=ext3 rootwait nohlt
stdin=serial
stdout=serial
stderr=serial
Environment size: 818/262140 bytes
OMAP34XX SDP # 
- 00:55:30 [INFO] Host: setenv autoload 'no'
- 00:55:30 [INFO] Target: 
setenv autoload 'no'
OMAP34XX SDP # 
- 00:55:30 [INFO] Host: dhcp
- 00:55:32 [INFO] Target: 
dhcp
Using MAC Address 08:00:28:01:24:57
BOOTP broadcast 1
DHCP client bound to address 192.168.1.155
OMAP34XX SDP # 
- 00:55:32 [INFO] Host: setenv serverip 192.168.1.254
- 00:55:32 [INFO] Target: 
setenv serverip 192.168.1.254
OMAP34XX SDP # 
- 00:55:32 [INFO] Host: setenv bootargs 'console=ttyO0,115200n8 earlyprintk rootwait ip=dhcp root=/dev/mmcblk0p2 rw rootfstype=ext3 nohlt'
- 00:55:33 [INFO] Target: 
setenv bootargs 'console=ttyO0,115200n8 earlyprintk rootwait ip=dhcp root=/dev/mmcblk0p2 rw rootfstype=ext3 nohlt'
OMAP34XX SDP # 
- 00:55:33 [INFO] Host: setenv loadaddr 0x82800000
- 00:55:33 [INFO] Target: 
setenv loadaddr 0x82800000
OMAP34XX SDP # 
- 00:55:33 [INFO] Host: setenv bootcmd 'tftp ${loadaddr} 192.168.1.254:vatf_sdp3430/8f2f2e5c09198f3ddc8244cdd68e06a0; bootm ${loadaddr}'
- 00:55:33 [INFO] Target: 
setenv bootcmd 'tftp ${loadaddr} 192.168.1.254:vatf_sdp3430/8f2f2e5c09198f3ddc8244cdd68e06a0; bootm ${loadaddr}'
OMAP34XX SDP # 
- 00:55:33 [INFO] Host: printenv
- 00:55:33 [INFO] Target: 
printenv
baudrate=115200
console=ttyS0,115200n8
mmcargs=setenv bootargs console=${console} root=/dev/mmcblk0p2 rw rootfstype=ext3 rootwait
norargs=setenv bootargs console=${console} root=/dev/mtdblock3 rw rootfstype=jffs2
loadbootscript=fatload mmc 0 ${loadaddr} boot.scr
bootscript=echo Running bootscript from MMC/SD ...; autoscr ${loadaddr}
loaduimage=fatload mmc 0 ${loadaddr} uImage
mmcboot=echo Booting from MMC/SD ...; run mmcargs; bootm ${loadaddr}
norboot=echo Booting from NOR ...; run norargs; bootm 0x80000
bootdelay=3
ethaddr=08:00:28:01:24:57
stdin=serial
stdout=serial
stderr=serial
autoload=no
bootfile=/tftpboot/kernel/uImage.omap3430-sdp
gatewayip=192.168.1.254
netmask=255.255.255.0
ipaddr=192.168.1.155
serverip=192.168.1.254
bootargs=console=ttyO0,115200n8 earlyprintk rootwait ip=dhcp root=/dev/mmcblk0p2 rw rootfstype=ext3 nohlt
loadaddr=0x82800000
bootcmd=tftp ${loadaddr} 192.168.1.254:vatf_sdp3430/8f2f2e5c09198f3ddc8244cdd68e06a0; bootm ${loadaddr}
Environment size: 967/262140 bytes
OMAP34XX SDP # 
- 00:55:33 [INFO] Host: boot
- 00:58:03 [ERROR] On command: boot waiting for boot.+?(?-mix:.*\s+login) >>> error: execution expired
- 00:58:03 [INFO] Target: 
boot
Using MAC Address 08:00:28:01:24:57
TFTP from server 192.168.1.254; our IP address is 192.168.1.155
Filename 'vatf_sdp3430/8f2f2e5c09198f3ddc8244cdd68e06a0'.
Load address: 0x82800000
Loading: *#################################################################
	 #################################################################
	 #################################################################
	 #################################################################
	 #################################################################
	 #################################################################
	 #################################################################
	 #########
done
Bytes transferred = 6810149 (67ea25 hex)
## Booting kernel from Legacy Image at 82800000 ...
   Image Name:   Linux-4.5.0-rc3-next-20160212-00
   Image Type:   ARM Linux Kernel Image (uncompressed)
   Data Size:    6810085 Bytes =  6.5 MB
   Load Address: 81000000
   Entry Point:  81000000
   Verifying Checksum ... OK
   Loading Kernel Image ... OK
Starting kernel ...
[    0.000000] Booting Linux on physical CPU 0x0
[    0.000000] Linux version 4.5.0-rc3-next-20160212-00002-g5a02d9f3c260 (nmenon@horus) (gcc version 4.9.3 20150413 (prerelease) (Linaro GCC 4.9-2015.05) ) #1 SMP Fri Feb 12 00:47:02 CST 2016
[    0.000000] CPU: ARMv7 Processor [411fc083] revision 3 (ARMv7), cr=10c5387d
[    0.000000] CPU: PIPT / VIPT nonaliasing data cache, VIPT nonaliasing instruction cache
[    0.000000] Machine model: TI OMAP3430 SDP
[    0.000000] cma: Reserved 64 MiB at 0x83800000
[    0.000000] Memory policy: Data cache writeback
[    0.000000] CPU: All CPU(s) started in SVC mode.
[    0.000000] OMAP3430/3530 ES3.0 (l2cache iva sgx neon isp )
[    0.000000] PERCPU: Embedded 13 pages/cpu @c7c89000 s23296 r8192 d21760 u53248
[    0.000000] Built 1 zonelists in Zone order, mobility grouping on.  Total pages: 32000
[    0.000000] Kernel command line: console=ttyO0,115200n8 earlyprintk rootwait ip=dhcp root=/dev/mmcblk0p2 rw rootfstype=ext3 nohlt
[    0.000000] PID hash table entries: 512 (order: -1, 2048 bytes)
[    0.000000] Dentry cache hash table entries: 16384 (order: 4, 65536 bytes)
[    0.000000] Inode-cache hash table entries: 8192 (order: 3, 32768 bytes)
[    0.000000] Memory: 44020K/129024K available (9460K kernel code, 1057K rwdata, 4148K rodata, 2048K init, 341K bss, 19468K reserved, 65536K cma-reserved, 0K highmem)
[    0.000000] Virtual kernel memory layout:
[    0.000000]     vector  : 0xffff0000 - 0xffff1000   (   4 kB)
[    0.000000]     fixmap  : 0xffc00000 - 0xfff00000   (3072 kB)
[    0.000000]     vmalloc : 0xc8800000 - 0xff800000   ( 880 MB)
[    0.000000]     lowmem  : 0xc0000000 - 0xc8000000   ( 128 MB)
[    0.000000]     pkmap   : 0xbfe00000 - 0xc0000000   (   2 MB)
[    0.000000]     modules : 0xbf000000 - 0xbfe00000   (  14 MB)
[    0.000000]       .text : 0xc0208000 - 0xc104a0a4   (14601 kB)
[    0.000000]       .init : 0xc1100000 - 0xc1300000   (2048 kB)
[    0.000000]       .data : 0xc1300000 - 0xc1408700   (1058 kB)
[    0.000000]        .bss : 0xc140b000 - 0xc14605e0   ( 342 kB)
[    0.000000] SLUB: HWalign=64, Order=0-3, MinObjects=0, CPUs=1, Nodes=1
[    0.000000] Hierarchical RCU implementation.
[    0.000000] 	Build-time adjustment of leaf fanout to 32.
[    0.000000] 	RCU restricting CPUs from NR_CPUS=16 to nr_cpu_ids=1.
[    0.000000] RCU: Adjusting geometry for rcu_fanout_leaf=32, nr_cpu_ids=1
[    0.000000] NR_IRQS:16 nr_irqs:16 16
[    0.000000] IRQ: Found an INTC at 0xfa200000 (revision 4.0) with 96 interrupts
[    0.000000] Clocking rate (Crystal/Core/MPU): 26.0/332/500 MHz
[    0.000000] OMAP clockevent source: timer1 at 32768 Hz
[    0.000000] clocksource: 32k_counter: mask: 0xffffffff max_cycles: 0xffffffff, max_idle_ns: 58327039986419 ns
[    0.000030] sched_clock: 32 bits at 32kHz, resolution 30517ns, wraps every 65535999984741ns
[    0.000030] OMAP clocksource: 32k_counter at 32768 Hz
[    0.003662] Console: colour dummy device 80x30
[    0.003692] Calibrating delay loop... 493.97 BogoMIPS (lpj=1234944)
[    0.042602] pid_max: default: 32768 minimum: 301
[    0.042816] Mount-cache hash table entries: 1024 (order: 0, 4096 bytes)
[    0.042846] Mountpoint-cache hash table entries: 1024 (order: 0, 4096 bytes)
[    0.044158] CPU: Testing write buffer coherency: ok
[    0.044708] CPU0: thread -1, cpu 0, socket -1, mpidr 0
[    0.044891] Setting up static identity map for 0x80300000 - 0x80300098
[    0.055297] Brought up 1 CPUs
[    0.055358] SMP: Total of 1 processors activated (493.97 BogoMIPS).
[    0.055358] CPU: All CPU(s) started in SVC mode.
[    0.058197] devtmpfs: initialized
[    0.109161] VFP support v0.3: implementor 41 architecture 3 part 30 variant c rev 1
[    0.111267] clocksource: jiffies: mask: 0xffffffff max_cycles: 0xffffffff, max_idle_ns: 9556302231375000 ns
[    0.116668] pinctrl core: initialized pinctrl subsystem
[    0.121551] NET: Registered protocol family 16
[    0.126495] DMA: preallocated 256 KiB pool for atomic coherent allocations
[    0.152954] omap_hwmod: mcbsp2_sidetone using broken dt data from mcbsp
[    0.153717] omap_hwmod: mcbsp3_sidetone using broken dt data from mcbsp
[    0.222045] cpuidle: using governor menu
[    0.223083] Reprogramming SDRC clock to 332000000 Hz
[    0.234832] OMAP GPIO hardware version 2.5
[    0.264160] omap-gpmc 6e000000.gpmc: GPMC revision 5.0
[    0.264190] gpmc_mem_init: disabling cs 0 mapped at 0x0-0x1000000
[    0.269409] No ATAGs?
[    0.269470] hw-breakpoint: debug architecture 0x4 unsupported.
[    0.271789] omap4_sram_init:Unable to allocate sram needed to handle errata I688
[    0.271820] omap4_sram_init:Unable to get sram pool needed to handle errata I688
[    0.272216] OMAP DMA hardware revision 4.0
[    0.280975] Serial: AMBA PL011 UART driver
[    0.320800] omap-dma-engine 48056000.dma-controller: OMAP DMA engine driver
[    0.330841] vgaarb: loaded
[    0.333343] SCSI subsystem initialized
[    0.334564] usbcore: registered new interface driver usbfs
[    0.334716] usbcore: registered new interface driver hub
[    0.334838] usbcore: registered new device driver usb
[    0.338134] omap_i2c 48070000.i2c: bus 0 rev3.3 at 2600 kHz
[    0.339202] omap_i2c 48072000.i2c: bus 1 rev3.3 at 100 kHz
[    0.340118] omap_i2c 48060000.i2c: bus 2 rev3.3 at 100 kHz
[    0.342041] pps_core: LinuxPPS API ver. 1 registered
[    0.342071] pps_core: Software ver. 5.3.6 - Copyright 2005-2007 Rodolfo Giometti <giometti@linux.it>
[    0.342132] PTP clock support registered
[    0.342590] EDAC MC: Ver: 3.0.0
[    0.348388] clocksource: Switched to clocksource 32k_counter
[    0.373748] NET: Registered protocol family 2
[    0.374847] TCP established hash table entries: 1024 (order: 0, 4096 bytes)
[    0.374908] TCP bind hash table entries: 1024 (order: 1, 8192 bytes)
[    0.374938] TCP: Hash tables configured (established 1024 bind 1024)
[    0.375122] UDP hash table entries: 256 (order: 1, 8192 bytes)
[    0.375152] UDP-Lite hash table entries: 256 (order: 1, 8192 bytes)
[    0.375457] NET: Registered protocol family 1
[    0.376190] RPC: Registered named UNIX socket transport module.
[    0.376190] RPC: Registered udp transport module.
[    0.376220] RPC: Registered tcp transport module.
[    0.376220] RPC: Registered tcp NFSv4.1 backchannel transport module.
[    0.380645] hw perfevents: enabled with armv7_cortex_a8 PMU driver, 5 counters available
[    0.385742] futex hash table entries: 256 (order: 2, 16384 bytes)
[    0.388031] workingset: timestamp_bits=28 max_order=15 bucket_order=0
[    0.415924] squashfs: version 4.0 (2009/01/31) Phillip Lougher
[    0.418304] NFS: Registering the id_resolver key type
[    0.418395] Key type id_resolver registered
[    0.418426] Key type id_legacy registered
[    0.418701] ntfs: driver 2.1.32 [Flags: R/O].
[    0.422454] Block layer SCSI generic (bsg) driver version 0.4 loaded (major 249)
[    0.422485] io scheduler noop registered
[    0.422515] io scheduler deadline registered
[    0.422607] io scheduler cfq registered (default)
[    0.432769] pinctrl-single 48002030.pinmux: 284 pins at pa fa002030 size 568
[    0.433288] pinctrl-single 48002a00.pinmux: 46 pins at pa fa002a00 size 92
[    0.434020] pinctrl-single 480025d8.pinmux: 18 pins at pa fa0025d8 size 36
[    0.605651] Serial: 8250/16550 driver, 4 ports, IRQ sharing disabled
[    0.611785] SuperH (H)SCI(F) driver initialized
[    0.613861] msm_serial: driver initialized
[    0.614410] omap_uart 4806a000.serial: no wakeirq for uart0
[    0.614685] 4806a000.serial: ttyO0 at MMIO 0x4806a000 (irq = 88, base_baud = 3000000) is a OMAP UART0
[    1.325439] console [ttyO0] enabled
[    1.330169] omap_uart 4806c000.serial: no wakeirq for uart1
[    1.336334] 4806c000.serial: ttyO1 at MMIO 0x4806c000 (irq = 89, base_baud = 3000000) is a OMAP UART1
[    1.347045] omap_uart 49020000.serial: no wakeirq for uart2
[    1.353179] 49020000.serial: ttyO2 at MMIO 0x49020000 (irq = 90, base_baud = 3000000) is a OMAP UART2
[    1.363952] STMicroelectronics ASC driver initialized
[    1.373107] [drm] Initialized drm 1.1.0 20060810
[    1.413574] brd: module loaded
[    1.431396] loop: module loaded
[    1.443847] twl 0-0048: PIH (irq 23) chaining IRQs 338..346
[    1.449981] twl 0-0048: power (irq 343) chaining IRQs 346..353
[    1.498840] twl4030_gpio twl4030-gpio: gpio (irq 338) chaining IRQs 354..371
[    1.539123] libphy: Fixed MDIO Bus: probed
[    1.545440] CAN device driver interface
[    1.554382] igb: Intel(R) Gigabit Ethernet Network Driver - version 5.3.0-k
[    1.561798] igb: Copyright (c) 2007-2014 Intel Corporation.
[    1.575378] pegasus: v0.9.3 (2013/04/25), Pegasus/Pegasus II USB Ethernet driver
[    1.583404] usbcore: registered new interface driver pegasus
[    1.589599] usbcore: registered new interface driver asix
[    1.595489] usbcore: registered new interface driver ax88179_178a
[    1.602111] usbcore: registered new interface driver cdc_ether
[    1.608551] usbcore: registered new interface driver smsc75xx
[    1.614807] usbcore: registered new interface driver smsc95xx
[    1.621063] usbcore: registered new interface driver net1080
[    1.627197] usbcore: registered new interface driver cdc_subset
[    1.633636] usbcore: registered new interface driver zaurus
[    1.639801] usbcore: registered new interface driver cdc_ncm
[    1.650268] ehci_hcd: USB 2.0 'Enhanced' Host Controller (EHCI) Driver
[    1.657257] ehci-pci: EHCI PCI platform driver
[    1.662170] ehci-platform: EHCI generic platform driver
[    1.668273] ehci-omap: OMAP-EHCI Host Controller driver
[    1.674530] ehci-omap 48064800.ehci: EHCI Host Controller
[    1.680389] ehci-omap 48064800.ehci: new USB bus registered, assigned bus number 1
[    1.688964] ehci-omap 48064800.ehci: irq 93, io mem 0x48064800
[    1.703582] ehci-omap 48064800.ehci: USB 2.0 started, EHCI 1.00
[    1.711914] hub 1-0:1.0: USB hub found
[    1.716094] hub 1-0:1.0: 3 ports detected
[    1.721984] ehci-orion: EHCI orion driver
[    1.726867] SPEAr-ehci: EHCI SPEAr driver
[    1.731597] ehci-st: EHCI STMicroelectronics driver
[    1.737213] ehci-exynos: EHCI EXYNOS driver
[    1.742095] ehci-atmel: EHCI Atmel driver
[    1.746765] tegra-ehci: Tegra EHCI driver
[    1.751464] ohci_hcd: USB 1.1 'Open' Host Controller (OHCI) Driver
[    1.758087] ohci-pci: OHCI PCI platform driver
[    1.763000] ohci-platform: OHCI generic platform driver
[    1.769012] ohci-omap3: OHCI OMAP3 driver
[    1.773834] ohci-omap3 48064400.ohci: OHCI Host Controller
[    1.779754] ohci-omap3 48064400.ohci: new USB bus registered, assigned bus number 2
[    1.788238] ohci-omap3 48064400.ohci: irq 92, io mem 0x48064400
[    1.870361] hub 2-0:1.0: USB hub found
[    1.874542] hub 2-0:1.0: 3 ports detected
[    1.880310] SPEAr-ohci: OHCI SPEAr driver
[    1.885223] ohci-st: OHCI STMicroelectronics driver
[    1.890899] ohci-atmel: OHCI Atmel driver
[    1.896728] usbcore: registered new interface driver usb-storage
[    1.907135] mousedev: PS/2 mouse device common for all mice
[    1.922698] twl_rtc 48070000.i2c:twl@48:rtc: Power up reset detected.
[    1.929992] twl_rtc 48070000.i2c:twl@48:rtc: Enabling TWL-RTC
[    1.940093] twl_rtc 48070000.i2c:twl@48:rtc: rtc core: registered 48070000.i2c:twl@48 as rtc0
[    1.950592] i2c /dev entries driver
[    1.981018] sdhci: Secure Digital Host Controller Interface driver
[    1.987640] sdhci: Copyright(c) Pierre Ossman
[    2.031005] Synopsys Designware Multimedia Card Interface Driver
[    2.040252] sdhci-pltfm: SDHCI platform and OF driver helper
[    2.051513] ledtrig-cpu: registered to indicate activity on CPUs
[    2.058990] usbcore: registered new interface driver usbhid
[    2.064941] usbhid: USB HID core driver
[    2.081512] NET: Registered protocol family 10
[    2.088348] sit: IPv6 over IPv4 tunneling driver
[    2.094909] NET: Registered protocol family 17
[    2.099731] can: controller area network core (rev 20120528 abi 9)
[    2.106475] NET: Registered protocol family 29
[    2.111236] can: raw protocol (rev 20120528)
[    2.115814] can: broadcast manager protocol (rev 20120528 t)
[    2.121856] can: netlink gateway (rev 20130117) max_hops=1
[    2.128936] Key type dns_resolver registered
[    2.134033] omap2_set_init_voltage: unable to find boot up OPP for vdd_mpu_iva
[    2.141723] omap2_set_init_voltage: unable to set vdd_mpu_iva
[    2.147857] omap2_set_init_voltage: unable to find boot up OPP for vdd_core
[    2.155242] omap2_set_init_voltage: unable to set vdd_core
[    2.163818] Unable to handle kernel NULL pointer dereference at virtual address 00000030
[    2.172454] pgd = c0204000
[    2.175354] [00000030] *pgd=00000000
[    2.179138] Internal error: Oops: 5 [#1] SMP ARM
[    2.183990] Modules linked in:
[    2.187194] CPU: 0 PID: 1 Comm: swapper/0 Not tainted 4.5.0-rc3-next-20160212-00002-g5a02d9f3c260 #1
[    2.196746] Hardware name: Generic OMAP3 (Flattened Device Tree)
[    2.203033] task: c3060000 ti: c305e000 task.ti: c305e000
[    2.208679] PC is at regulator_set_voltage+0x10/0x54
[    2.213897] LR is at _set_opp_voltage+0x30/0x98
[    2.218627] pc : [<c068213c>]    lr : [<c0771e24>]    psr: 00000013
[    2.218627] sp : c305fb08  ip : 23c34600  fp : 00149970
[    2.230651] r10: 00149970  r9 : 00149970  r8 : 00000000
[    2.236114] r7 : c7c89050  r6 : 00149970  r5 : 00149970  r4 : 00000000
[    2.242950] r3 : 00149970  r2 : 00149970  r1 : 00149970  r0 : 00000000
[    2.249755] Flags: nzcv  IRQs on  FIQs on  Mode SVC_32  ISA ARM  Segment none
[    2.257232] Control: 10c5387d  Table: 80204019  DAC: 00000051
[    2.263244] Process swapper/0 (pid: 1, stack limit = 0xc305e220)
[    2.269531] Stack: (0xc305fb08 to 0xc3060000)
[    2.274108] fb00:                   00000000 00149970 00149970 c0771e24 00000000 23c34600
[    2.282653] fb20: c3015680 1dcd6500 c7c89050 c35bc240 c35be200 c7c89050 00000000 c0772948
[    2.291229] fb40: 00149970 00000000 00000000 00124f80 00124f80 00124f80 23c34600 1dcd6500
[    2.299774] fb60: c305fbe8 c359e600 00000000 c144fbbc c35b7db0 00000004 c305fb98 00000000
[    2.308349] fb80: c359e600 c096b1bc c305fb94 c7c8d598 c7c8d598 00000004 00000010 0007a120
[    2.316894] fba0: 000927c0 00000021 00000010 00000064 c35bc480 c1302580 c7c8d598 c7c8d598
[    2.325469] fbc0: 0000001e c096f138 c1302580 00000000 000927c0 c35bc500 c1302100 c120f300
[    2.334014] fbe0: c1302680 00000000 00210ab5 00000000 c13bd38c c7c8d598 c35bc480 c359e600
[    2.342590] fc00: c13bd3b8 00000000 c144fbbc c359e6b4 c1302580 c096f92c 81115e81 00000000
[    2.351135] fc20: 00000010 c359e600 00000001 c144fbbc 00000000 00000010 c144fbbc c359e600
[    2.359710] fc40: 00000003 c359e608 c13bd100 00000010 c144fbbc c359e6b4 c1302580 c096c350
[    2.368255] fc60: c359e600 00000000 c359e608 c096cbc0 c35bde60 00000001 0000ffff 00000001
[    2.376831] fc80: 00000000 00000000 c35bc180 000927c0 0001e848 000493e0 0001e848 000927c0
[    2.385375] fca0: 0007a120 00000000 00000000 00000000 00000000 c13bd3d0 00000000 00000000
[    2.393951] fcc0: 00000000 00000000 00000000 00000000 ffffffe0 c359e660 c359e660 c096ca04
[    2.402496] fce0: 0001e848 000927c0 c35b7d80 c13bd100 c13bd100 c35bc3c0 c359e684 c359e684
[    2.411071] fd00: c311b2c0 00000000 c13bd198 c35bd960 00000001 00000003 00000000 00000000
[    2.419616] fd20: c359e6ac c359e6ac ffff0001 c359e6b8 c359e6b8 00000000 00000000 c3060000
[    2.428192] fd40: 00000000 00000000 00000000 c359e6d8 c359e6d8 00000000 c35bc440 c35bc380
[    2.436737] fd60: c359e600 c096d2a4 00000001 c359e604 60000013 00000000 c305fda4 c13bd154
[    2.445312] fd80: c139e670 c13bd100 fffffdfb 00000000 00000000 00000000 00000000 c07621e4
[    2.453857] fda0: c1450284 c300cc5c c3162834 00000000 c1334288 c13bd5a4 c144fbbc c096be7c
[    2.462432] fdc0: c35bc180 c7c89050 c35be000 c09700d8 c35be010 c35be010 c13bd55c c0765340
[    2.470977] fde0: c35be010 c144afd0 c144afd8 c13bd55c 00000000 c0763ab0 00000000 c305fe30
[    2.479553] fe00: c0763c20 00000001 c144afac 00000000 00000000 c0761ecc c300cb70 c358abb8
[    2.488128] fe20: c35be010 c35be044 c139e5f0 c07637bc c35be010 00000001 c35be018 c35be018
[    2.496673] fe40: c35be010 c139e5f0 00000000 c0762df8 c35be018 c35be010 c139e468 c07611ec
[    2.505249] fe60: 0000011a c058cbc0 c305feb8 c35be000 00000000 c35be000 c35be010 c1103690
[    2.513793] fe80: 00000000 0000011a c11a283c c076506c c305feb8 c35be000 c35bc080 c1103690
[    2.522338] fea0: 00000000 c0765a88 c1450288 c1306850 c35bc080 c11124b0 00000000 00000000
[    2.530914] fec0: c0ec36ec 00000000 00000000 00000000 00000000 00000000 00000000 00000000
[    2.539459] fee0: 00000000 00000000 c1306850 c110f880 c1306850 c110fae4 c1306850 c11036b0
[    2.548034] ff00: c1306850 c0301d74 c0c078c4 0000006f 00000000 00000000 00000000 c04622b4
[    2.556610] ff20: 00000000 c133575c 00000119 c0c1d83c c100c084 c035b670 0000cccd c0ebd440
[    2.565155] ff40: c100aa90 00000000 00000007 00000007 c1335744 c7c98e40 c120ee50 00000007
[    2.573730] ff60: c11a2838 c140b000 c140b000 c11a283c 00000000 c1100e04 00000007 00000007
[    2.582275] ff80: 00000000 c1100594 0000b000 c0b23084 00000000 00000000 00000000 00000000
[    2.590850] ffa0: 00000000 c0b23090 00000000 c0307db8 00000000 00000000 00000000 00000000
[    2.599395] ffc0: 00000000 00000000 00000000 00000000 00000000 00000000 00000000 00000000
[    2.607971] ffe0: 00000000 00000000 00000000 00000000 00000013 00000000 00000000 00000000
[    2.616546] [<c068213c>] (regulator_set_voltage) from [<c0771e24>] (_set_opp_voltage+0x30/0x98)
[    2.625640] [<c0771e24>] (_set_opp_voltage) from [<c0772948>] (dev_pm_opp_set_rate+0xfc/0x298)
[    2.634674] [<c0772948>] (dev_pm_opp_set_rate) from [<c096b1bc>] (__cpufreq_driver_target+0x198/0x2d8)
[    2.644439] [<c096b1bc>] (__cpufreq_driver_target) from [<c096f138>] (dbs_check_cpu+0x1b0/0x1f4)
[    2.653625] [<c096f138>] (dbs_check_cpu) from [<c096f92c>] (cpufreq_governor_dbs+0x320/0x5bc)
[    2.662567] [<c096f92c>] (cpufreq_governor_dbs) from [<c096c350>] (__cpufreq_governor+0x174/0x264)
[    2.671936] [<c096c350>] (__cpufreq_governor) from [<c096cbc0>] (cpufreq_init_policy+0x64/0x8c)
[    2.681030] [<c096cbc0>] (cpufreq_init_policy) from [<c096d2a4>] (cpufreq_online+0x2fc/0x704)
[    2.689971] [<c096d2a4>] (cpufreq_online) from [<c07621e4>] (subsys_interface_register+0x94/0xd8)
[    2.699249] [<c07621e4>] (subsys_interface_register) from [<c096be7c>] (cpufreq_register_driver+0x12c/0x198)
[    2.709564] [<c096be7c>] (cpufreq_register_driver) from [<c09700d8>] (dt_cpufreq_probe+0x70/0xec)
[    2.718841] [<c09700d8>] (dt_cpufreq_probe) from [<c0765340>] (platform_drv_probe+0x4c/0xb0)
[    2.727691] [<c0765340>] (platform_drv_probe) from [<c0763ab0>] (driver_probe_device+0x214/0x2c0)
[    2.736968] [<c0763ab0>] (driver_probe_device) from [<c0761ecc>] (bus_for_each_drv+0x60/0x94)
[    2.745910] [<c0761ecc>] (bus_for_each_drv) from [<c07637bc>] (__device_attach+0xb0/0x114)
[    2.754577] [<c07637bc>] (__device_attach) from [<c0762df8>] (bus_probe_device+0x84/0x8c)
[    2.763122] [<c0762df8>] (bus_probe_device) from [<c07611ec>] (device_add+0x3e8/0x570)
[    2.771423] [<c07611ec>] (device_add) from [<c076506c>] (platform_device_add+0xac/0x208)
[    2.779907] [<c076506c>] (platform_device_add) from [<c0765a88>] (platform_device_register_full+0xf8/0x120)
[    2.790100] [<c0765a88>] (platform_device_register_full) from [<c11124b0>] (omap2_common_pm_late_init+0x108/0x114)
[    2.800933] [<c11124b0>] (omap2_common_pm_late_init) from [<c110f880>] (omap_common_late_init+0xc/0x14)
[    2.810791] [<c110f880>] (omap_common_late_init) from [<c110fae4>] (omap3_init_late+0x8/0x14)
[    2.819702] [<c110fae4>] (omap3_init_late) from [<c11036b0>] (init_machine_late+0x20/0x98)
[    2.828369] [<c11036b0>] (init_machine_late) from [<c0301d74>] (do_one_initcall+0x90/0x1dc)
[    2.837127] [<c0301d74>] (do_one_initcall) from [<c1100e04>] (kernel_init_freeable+0x15c/0x1fc)
[    2.846252] [<c1100e04>] (kernel_init_freeable) from [<c0b23090>] (kernel_init+0xc/0xf0)
[    2.854736] [<c0b23090>] (kernel_init) from [<c0307db8>] (ret_from_fork+0x14/0x3c)
[    2.862640] Code: e92d4070 e1a04000 e1a05001 e1a06002 (e5900030) 
[    2.869171] ---[ end trace beac6115ff4718b2 ]---
[    2.874084] Kernel panic - not syncing: Attempted to kill init! exitcode=0x0000000b
[    2.874084] 
[    2.883666] ---[ end Kernel panic - not syncing: Attempted to kill init! exitcode=0x0000000b
[    2.883666] 
[   40.763488] random: nonblocking pool is initialized
- 00:58:03 [INFO] Boot attempt 1/1 failed
- 00:58:03 [INFO] Collecting kernel traces via sysrq...
- 00:58:13 [INFO] 
- 00:58:24 [INFO] 
- 00:58:34 [INFO] 
- 00:58:34 [INFO] Disconnected serial from sdp3430
URL:gtsystest.telogy.design.ti.com/vatf/tidfarm-06/tidfarm-06_vatf@sdp3430/tidfarm-0602_12_2016_00_55_00/files/session_iteration_1/test_1
