- 05:59:39 [INFO] Starting target session
- 05:59:39 [INFO] Connected to sdp3430 via serial 
- 05:59:39 [INFO] Host: 
- 05:59:40 [INFO] Target: 

root@GenericOMAP3(FlattenedDeviceTree):/test# 
- 05:59:40 [INFO] Host: sync;poweroff
- 05:59:59 [INFO] Target: 
sync;poweroff


Broadcast message from root@GenericOMAP3(FlattenedDeviceTree) (ttyO0) (Mon Ap
The system is going down for system halt NOW!


INIT: Switching to runlevel: 0

root@Gen
INIT: Sending processes the TERM signal


INIT: Sending processes the KILL signal

Stopping Dropbear SSH server: stopped /usr/sbin/dropbear (pid 1467)
dropbear.
Stopping telnet daemon.
Stopping system message bus: Error opening /dev/fb0: No such file or directory
Stopping syslogd/klogd: stopped syslogd (pid 1479)
stopped klogd (pid 1482)
done
Stopping thttpd.
ALSA: Storing mixer settings...
/usr/sbin/alsactl: save_state:1580: No soundcards found...
Deconfiguring network interfaces... ifdown: interface eth0 not configured
done.
Stopping Lighttpd Web Server: stopped /usr/sbin/lighttpd (pid 1493)
lighttpd.
***************************************************************
***************************************************************
NOTICE: This file system contains the followin GPLv3 packages:
	binutils-symlinks
	binutils
	gdbserver
	parted

If you do not wish to distribute GPLv3 components please remove
the above packages prior to distribution.  This can be done using
the opkg remove command.  i.e.:
    opkg remove <package>
Where <package> is the name printed in the list above

NOTE: If the package is a dependency of another package you
      will be notified of the dependent packages.  You should
      use the --force-removal-of-dependent-packages option to
      also remove the dependent packages as well
***************************************************************
***************************************************************
Sending all processes the TERM signal...
Sending all processes the KILL signal...
Unmounting remote filesystems...
Deactivating swap...
Unmounting local filesystems...
[ 1234.968658] reboot: System halted

- 06:00:00 [INFO] Disconnected {"type"=>"serial"} from sdp3430
- 06:00:00 [INFO] Host: 
- 06:00:00 [ERROR] On command:  waiting for (?-mix:OMAP34XX\sSDP\s#) >>> error: execution expired
- 06:00:00 [INFO] Target: 

- 06:00:00 [INFO] Host: 
- 06:00:01 [ERROR] On command:  waiting for (?-mix:OMAP34XX\sSDP\s#) >>> error: execution expired
- 06:00:01 [INFO] Target: 

- 06:00:01 [INFO] Host: 
- 06:00:02 [ERROR] On command:  waiting for (?-mix:OMAP34XX\sSDP\s#) >>> error: execution expired
- 06:00:02 [INFO] Target: 


U-Boot 2009.11-rc1-00485-g7d1e865 (Nov 09 2009 - 11:21:55)

OMAP3530-GP ES3.0, CPU-OPP2 L3-165MHz
OMAP3 SDP3430 board + LPDDR/NOR
I2C:   ready
DRAM:  128 MB
Flash: 128 MB
In:    serial
Out:   serial
Err:   serial

- 06:00:02 [INFO] Host: 
- 06:00:02 [INFO] Target: 
OMAP34XX SDP # 

OMAP34XX SDP # 
- 06:00:02 [INFO] Host: version
- 06:00:03 [INFO] Target: 
version


U-Boot 2009.11-rc1-00485-g7d1e865 (Nov 09 2009 - 11:21:55)
OMAP34XX SDP # 
- 06:00:03 [INFO] Host: bdinfo
- 06:00:03 [INFO] Target: 
bdinfo

arch_number = 0x00000472
env_t       = 0x00000000
boot_params = 0x80000100
DRAM bank   = 0x00000000
-> start    = 0x80000000
-> size     = 0x08000000
DRAM bank   = 0x00000001
-> start    = 0xA0000000
-> size     = 0x00000000
ethaddr     = 08:00:28:01:24:57
ip_addr     = 0.0.0.0
baudrate    = 115200 bps
OMAP34XX SDP # 
- 06:00:04 [INFO] Host: printenv
- 06:00:04 [INFO] Target: 
printenv

baudrate=115200
loadaddr=0x82000000
console=ttyS0,115200n8
mmcargs=setenv bootargs console=${console} root=/dev/mmcblk0p2 rw rootfstype=ext3 rootwait
norargs=setenv bootargs console=${console} root=/dev/mtdblock3 rw rootfstype=jffs2
loadbootscript=fatload mmc 0 ${loadaddr} boot.scr
bootscript=echo Running bootscript from MMC/SD ...; autoscr ${loadaddr}
loaduimage=fatload mmc 0 ${loadaddr} uImage
mmcboot=echo Booting from MMC/SD ...; run mmcargs; bootm ${loadaddr}
norboot=echo Booting from NOR ...; run norargs; bootm 0x80000
bootdelay=3
ethaddr=08:00:28:01:24:57
serverip=128.247.91.123
bootfile=/tftpboot/kernel/uImage.omap3430-sdp
bootcmd=dhcp;bootm
bootargs=console=ttyO0,115200n8 debug ignore_loglevel earlyprintk root=/dev/mmcblk0p2 rw rootfstype=ext3 rootwait nohlt
stdin=serial
stdout=serial
stderr=serial

Environment size: 818/262140 bytes
OMAP34XX SDP # 
- 06:00:04 [INFO] Host: setenv autoload 'no'
- 06:00:05 [INFO] Target: 
setenv autoload 'no'

OMAP34XX SDP # 
- 06:00:05 [INFO] Host: dhcp
- 06:00:07 [INFO] Target: 
dhcp

Using MAC Address 08:00:28:01:24:57
BOOTP broadcast 1
DHCP client bound to address 192.168.1.185
OMAP34XX SDP # 
- 06:00:07 [INFO] Host: setenv serverip 128.247.105.47
- 06:00:07 [INFO] Target: 
setenv serverip 128.247.105.47

OMAP34XX SDP # 
- 06:00:07 [INFO] Host: setenv bootargs 'console=ttyO0,115200n8 earlyprintk rootwait ip=dhcp root=/dev/mmcblk0p2 rw rootfstype=ext3 nohlt'
- 06:00:08 [INFO] Target: 
setenv bootargs 'console=ttyO0,115200n8 earlyprintk rootwait ip=dhcp root=/dev/mmcblk0p2 rw rootfstype=ext3 nohlt'

OMAP34XX SDP # 
- 06:00:08 [INFO] Host: setenv bootcmd 'tftp ${loadaddr} 128.247.105.47:vatf_7/f551c75b8cc8af032725728abfe99338; bootm ${loadaddr}'
- 06:00:09 [INFO] Target: 
setenv bootcmd 'tftp ${loadaddr} 128.247.105.47:vatf_7/f551c75b8cc8af032725728abfe99338; bootm ${loadaddr}'

OMAP34XX SDP # 
- 06:00:09 [INFO] Host: printenv
- 06:00:09 [INFO] Target: 
printenv

baudrate=115200
loadaddr=0x82000000
console=ttyS0,115200n8
mmcargs=setenv bootargs console=${console} root=/dev/mmcblk0p2 rw rootfstype=ext3 rootwait
norargs=setenv bootargs console=${console} root=/dev/mtdblock3 rw rootfstype=jffs2
loadbootscript=fatload mmc 0 ${loadaddr} boot.scr
bootscript=echo Running bootscript from MMC/SD ...; autoscr ${loadaddr}
loaduimage=fatload mmc 0 ${loadaddr} uImage
mmcboot=echo Booting from MMC/SD ...; run mmcargs; bootm ${loadaddr}
norboot=echo Booting from NOR ...; run norargs; bootm 0x80000
bootdelay=3
ethaddr=08:00:28:01:24:57
stdin=serial
stdout=serial
stderr=serial
autoload=no
bootfile=/tftpboot/kernel/uImage.omap3430-sdp
gatewayip=192.168.1.254
netmask=255.255.255.0
ipaddr=192.168.1.185
serverip=128.247.105.47
bootargs=console=ttyO0,115200n8 earlyprintk rootwait ip=dhcp root=/dev/mmcblk0p2 rw rootfstype=ext3 nohlt
bootcmd=tftp ${loadaddr} 128.247.105.47:vatf_7/f551c75b8cc8af032725728abfe99338; bootm ${loadaddr}

Environment size: 963/262140 bytes
OMAP34XX SDP # 
- 06:00:09 [INFO] Host: boot
- 06:02:39 [ERROR] On command: boot waiting for (?-mix:.*\s+login) >>> error: execution expired
- 06:02:39 [INFO] Target: 
boot

Using MAC Address 08:00:28:01:24:57
TFTP from server 128.247.105.47; our IP address is 192.168.1.185; sending through gateway 192.168.1.254
Filename 'vatf_7/f551c75b8cc8af032725728abfe99338'.
Load address: 0x82000000
Loading: *#################################################################
	 #################################################################
	 #################################################################
	 #################################################################
	 #################################################################
	 #######
done
Bytes transferred = 4861568 (4a2e80 hex)
## Booting kernel from Legacy Image at 82000000 ...
   Image Name:   Linux-3.15.0-rc7-next-20140530-0
   Image Type:   ARM Linux Kernel Image (uncompressed)
   Data Size:    4861504 Bytes =  4.6 MB
   Load Address: 80800000
   Entry Point:  80800000
   Verifying Checksum ... OK
   Loading Kernel Image ... OK
OK

Starting kernel ...

[    0.000000] Booting Linux on physical CPU 0x0
[    0.000000] Linux version 3.15.0-rc7-next-20140530-00002-gcb6bd38 (nmenon@kahuna) (gcc version 4.6.3 (Ubuntu/Linaro 4.6.3-1ubuntu5) ) #1 SMP Fri May 30 05:55:59 CDT 2014
[    0.000000] CPU: ARMv7 Processor [411fc083] revision 3 (ARMv7), cr=10c5387d
[    0.000000] CPU: PIPT / VIPT nonaliasing data cache, VIPT nonaliasing instruction cache
[    0.000000] Machine model: TI OMAP3430 SDP
[    0.000000] cma: CMA: reserved 64 MiB at 83800000
[    0.000000] Memory policy: Data cache writeback
[    0.000000] CPU: All CPU(s) started in SVC mode.
[    0.000000] OMAP3430/3530 ES3.0 (l2cache iva sgx neon isp )
[    0.000000] PERCPU: Embedded 8 pages/cpu @c7d9b000 s8256 r8192 d16320 u32768
[    0.000000] Built 1 zonelists in Zone order, mobility grouping on.  Total pages: 32256
[    0.000000] Kernel command line: console=ttyO0,115200n8 earlyprintk rootwait ip=dhcp root=/dev/mmcblk0p2 rw rootfstype=ext3 nohlt
[    0.000000] PID hash table entries: 512 (order: -1, 2048 bytes)
[    0.000000] Dentry cache hash table entries: 16384 (order: 4, 65536 bytes)
[    0.000000] Inode-cache hash table entries: 8192 (order: 3, 32768 bytes)
[    0.000000] Memory: 52464K/130048K available (6263K kernel code, 823K rwdata, 2480K rodata, 564K init, 301K bss, 77584K reserved, 0K highmem)
[    0.000000] Virtual kernel memory layout:
[    0.000000]     vector  : 0xffff0000 - 0xffff1000   (   4 kB)
[    0.000000]     fixmap  : 0xffc00000 - 0xffe00000   (2048 kB)
[    0.000000]     vmalloc : 0xc8800000 - 0xff000000   ( 872 MB)
[    0.000000]     lowmem  : 0xc0000000 - 0xc8000000   ( 128 MB)
[    0.000000]     pkmap   : 0xbfe00000 - 0xc0000000   (   2 MB)
[    0.000000]     modules : 0xbf000000 - 0xbfe00000   (  14 MB)
[    0.000000]       .text : 0xc0208000 - 0xc0a9222c   (8745 kB)
[    0.000000]       .init : 0xc0a93000 - 0xc0b20040   ( 565 kB)
[    0.000000]       .data : 0xc0b22000 - 0xc0befd80   ( 824 kB)
[    0.000000]        .bss : 0xc0befd88 - 0xc0c3b398   ( 302 kB)
[    0.000000] SLUB: HWalign=64, Order=0-3, MinObjects=0, CPUs=1, Nodes=1
[    0.000000] Hierarchical RCU implementation.
[    0.000000] 	RCU restricting CPUs from NR_CPUS=4 to nr_cpu_ids=1.
[    0.000000] RCU: Adjusting geometry for rcu_fanout_leaf=16, nr_cpu_ids=1
[    0.000000] NR_IRQS:16 nr_irqs:16 16
[    0.000000] IRQ: Found an INTC at 0xfa200000 (revision 4.0) with 96 interrupts
[    0.000000] Total of 96 interrupts on 1 active controller
[    0.000000] Clocking rate (Crystal/Core/MPU): 26.0/332/500 MHz
[    0.000000] OMAP clockevent source: timer1 at 32768 Hz
[    0.000000] sched_clock: 32 bits at 32kHz, resolution 30517ns, wraps every 65536000000000ns
[    0.000030] OMAP clocksource: 32k_counter at 32768 Hz
[    0.000305] Console: colour dummy device 80x30
[    0.000366] Calibrating delay loop... 496.43 BogoMIPS (lpj=2482176)
[    0.048858] pid_max: default: 32768 minimum: 301
[    0.049102] Mount-cache hash table entries: 1024 (order: 0, 4096 bytes)
[    0.049133] Mountpoint-cache hash table entries: 1024 (order: 0, 4096 bytes)
[    0.050201] CPU: Testing write buffer coherency: ok
[    0.050689] CPU0: thread -1, cpu 0, socket -1, mpidr 0
[    0.050872] Setting up static identity map for 0x807eb420 - 0x807eb4b8
[    0.056152] Brought up 1 CPUs
[    0.056152] SMP: Total of 1 processors activated.
[    0.056182] CPU: All CPU(s) started in SVC mode.
[    0.057189] devtmpfs: initialized
[    0.063751] VFP support v0.3: implementor 41 architecture 3 part 30 variant c rev 1
[    0.089141] omap_hwmod: mcbsp2_sidetone using broken dt data from mcbsp
[    0.089904] omap_hwmod: mcbsp3_sidetone using broken dt data from mcbsp
[    0.153930] pinctrl core: initialized pinctrl subsystem
[    0.154907] regulator-dummy: no parameters
[    0.203124] NET: Registered protocol family 16
[    0.203643] DMA: failed to allocate 256 KiB pool for atomic coherent allocation
[    0.208251] cpuidle: using governor ladder
[    0.208282] cpuidle: using governor menu
[    0.216491] Reprogramming SDRC clock to 332000000 Hz
[    0.224395] OMAP GPIO hardware version 2.5
[    0.247375] omap-gpmc 6e000000.gpmc: GPMC revision 5.0
[    0.250793] No ATAGs?
[    0.250854] hw-breakpoint: debug architecture 0x4 unsupported.
[    0.253173] OMAP DMA hardware revision 4.0
[    0.256805] Serial: AMBA PL011 UART driver
[    0.285095] edma-dma-engine edma-dma-engine.0: Can't allocate PaRAM dummy slot
[    0.285156] edma-dma-engine: probe of edma-dma-engine.0 failed with error -5
[    0.312927] omap-dma-engine 48056000.dma-controller: OMAP DMA engine driver
[    0.318206] vgaarb: loaded
[    0.319702] SCSI subsystem initialized
[    0.320983] usbcore: registered new interface driver usbfs
[    0.321136] usbcore: registered new interface driver hub
[    0.321411] usbcore: registered new device driver usb
[    0.324798] omap_i2c 48070000.i2c: bus 0 rev3.3 at 2600 kHz
[    0.325683] omap_i2c 48072000.i2c: bus 1 rev3.3 at 100 kHz
[    0.326507] omap_i2c 48060000.i2c: bus 2 rev3.3 at 100 kHz
[    0.327209] Linux video capture interface: v2.00
[    0.327331] pps_core: LinuxPPS API ver. 1 registered
[    0.327362] pps_core: Software ver. 5.3.6 - Copyright 2005-2007 Rodolfo Giometti <giometti@linux.it>
[    0.327423] PTP clock support registered
[    0.327636] EDAC MC: Ver: 3.0.0
[    0.329589] Advanced Linux Sound Architecture Driver Initialized.
[    0.332000] Switched to clocksource 32k_counter
[    0.356414] NET: Registered protocol family 2
[    0.357391] TCP established hash table entries: 1024 (order: 0, 4096 bytes)
[    0.357421] TCP bind hash table entries: 1024 (order: 1, 8192 bytes)
[    0.357482] TCP: Hash tables configured (established 1024 bind 1024)
[    0.357635] TCP: reno registered
[    0.357635] UDP hash table entries: 256 (order: 1, 8192 bytes)
[    0.357696] UDP-Lite hash table entries: 256 (order: 1, 8192 bytes)
[    0.358001] NET: Registered protocol family 1
[    0.358642] RPC: Registered named UNIX socket transport module.
[    0.358673] RPC: Registered udp transport module.
[    0.358703] RPC: Registered tcp transport module.
[    0.358703] RPC: Registered tcp NFSv4.1 backchannel transport module.
[    0.361968] hw perfevents: enabled with ARMv7 Cortex-A8 PMU driver, 5 counters available
[    0.366729] futex hash table entries: 256 (order: 2, 16384 bytes)
[    0.394500] squashfs: version 4.0 (2009/01/31) Phillip Lougher
[    0.396270] NFS: Registering the id_resolver key type
[    0.396362] Key type id_resolver registered
[    0.396392] Key type id_legacy registered
[    0.396514] msgmni has been set to 230
[    0.397949] Block layer SCSI generic (bsg) driver version 0.4 loaded (major 249)
[    0.397979] io scheduler noop registered
[    0.398010] io scheduler deadline registered
[    0.398498] io scheduler cfq registered (default)
[    0.402038] pinctrl-single 48002030.pinmux: 284 pins at pa fa002030 size 568
[    0.402709] pinctrl-single 48002a00.pinmux: 46 pins at pa fa002a00 size 92
[    0.403259] pinctrl-single 480025d8.pinmux: 18 pins at pa fa0025d8 size 36
[    0.553009] Serial: 8250/16550 driver, 4 ports, IRQ sharing disabled
[    0.556579] Serial: IMX driver
[    0.557373] msm_serial: driver initialized
[    0.558471] omap_uart 4806a000.serial: no wakeirq for uart0
[    0.558746] 4806a000.serial: ttyO0 at MMIO 0x4806a000 (irq = 88, base_baud = 3000000) is a OMAP UART0
[    1.245605] console [ttyO0] enabled
[    1.250213] omap_uart 4806c000.serial: no wakeirq for uart0
[    1.256408] 4806c000.serial: ttyO1 at MMIO 0x4806c000 (irq = 89, base_baud = 3000000) is a OMAP UART1
[    1.266967] omap_uart 49020000.serial: no wakeirq for uart0
[    1.273040] 49020000.serial: ttyO2 at MMIO 0x49020000 (irq = 90, base_baud = 3000000) is a OMAP UART2
[    1.283660] STMicroelectronics ASC driver initialized
[    1.290618] serial: Freescale lpuart driver
[    1.295562] [drm] Initialized drm 1.1.0 20060810
[    1.312561] loop: module loaded
[    2.312255] omap_i2c 48060000.i2c: controller timed out
[    2.325195] twl 0-0048: PIH (irq 23) chaining IRQs 338..346
[    2.331237] twl 0-0048: power (irq 343) chaining IRQs 346..353
[    2.341949] VAUX1: at 3000 mV 
[    2.346923] VAUX2_4030: at 1800 mV 
[    2.352264] VAUX3: at 2800 mV 
[    2.357116] VAUX4: at 2800 mV 
[    2.361938] VDD1: 600 <--> 1450 mV at 1200 mV 
[    2.368408] VDAC: 1800 mV 
[    2.374542] VIO: at 1800 mV 
[    2.379699] VINTANA1: 1500 mV 
[    2.385070] VINTANA2: at 2750 mV 
[    2.390624] VINTDIG: 1500 mV 
[    2.395263] VMMC1: 1850 <--> 3150 mV at 3000 mV 
[    2.401733] VMMC2: 1850 <--> 3150 mV at 2600 mV 
[    2.408020] VUSB1V5: 1500 mV 
[    2.412384] VUSB1V8: 1800 mV 
[    2.416687] VUSB3V1: 3100 mV 
[    2.421936] VPLL1: at 1800 mV 
[    2.426910] VPLL2: 1800 mV 
[    2.431518] VSIM: 1800 <--> 3000 mV at 1800 mV 
[    2.437652] twl4030_gpio twl4030-gpio: gpio (irq 338) chaining IRQs 354..371
[    2.461639] CAN device driver interface
[    2.470825] pegasus: v0.9.3 (2013/04/25), Pegasus/Pegasus II USB Ethernet driver
[    2.478820] usbcore: registered new interface driver pegasus
[    2.485015] usbcore: registered new interface driver asix
[    2.490814] usbcore: registered new interface driver ax88179_178a
[    2.497406] usbcore: registered new interface driver cdc_ether
[    2.503753] usbcore: registered new interface driver smsc75xx
[    2.509948] usbcore: registered new interface driver smsc95xx
[    2.516204] usbcore: registered new interface driver net1080
[    2.522308] usbcore: registered new interface driver cdc_subset
[    2.528625] usbcore: registered new interface driver zaurus
[    2.534759] usbcore: registered new interface driver cdc_ncm
[    2.540832] ehci_hcd: USB 2.0 'Enhanced' Host Controller (EHCI) Driver
[    2.547760] ehci-pci: EHCI PCI platform driver
[    2.552612] ehci-platform: EHCI generic platform driver
[    2.558563] ehci-omap: OMAP-EHCI Host Controller driver
[    2.564727] ehci-omap 48064800.ehci: EHCI Host Controller
[    2.570465] ehci-omap 48064800.ehci: new USB bus registered, assigned bus number 1
[    2.578674] ehci-omap 48064800.ehci: can't setup: -12
[    2.584075] ehci-omap 48064800.ehci: USB bus 1 deregistered
[    2.589965] ehci-omap 48064800.ehci: failed to add hcd with err -12
[    2.596649] ehci-omap: probe of 48064800.ehci failed with error -12
[    2.603454] ehci-orion: EHCI orion driver
[    2.608062] SPEAr-ehci: EHCI SPEAr driver
[    2.612701] tegra-ehci: Tegra EHCI driver
[    2.617309] ohci_hcd: USB 1.1 'Open' Host Controller (OHCI) Driver
[    2.623901] ohci-pci: OHCI PCI platform driver
[    2.628723] ohci-platform: OHCI generic platform driver
[    2.634613] ohci-omap3: OHCI OMAP3 driver
[    2.639282] ohci-omap3 48064400.ohci: OHCI Host Controller
[    2.645141] ohci-omap3 48064400.ohci: new USB bus registered, assigned bus number 1
[    2.653289] ------------[ cut here ]------------
[    2.658172] WARNING: CPU: 0 PID: 1 at arch/arm/mm/dma-mapping.c:523 __dma_alloc+0x254/0x298()
[    2.667175] coherent pool not initialised!
[    2.671478] Modules linked in:
[    2.674743] CPU: 0 PID: 1 Comm: swapper/0 Not tainted 3.15.0-rc7-next-20140530-00002-gcb6bd38 #1
[    2.684051] [<c021572c>] (unwind_backtrace) from [<c02113b0>] (show_stack+0x10/0x14)
[    2.692291] [<c02113b0>] (show_stack) from [<c07e6720>] (dump_stack+0x70/0x8c)
[    2.699920] [<c07e6720>] (dump_stack) from [<c0247bd4>] (warn_slowpath_common+0x64/0x84)
[    2.708465] [<c0247bd4>] (warn_slowpath_common) from [<c0247c88>] (warn_slowpath_fmt+0x30/0x40)
[    2.717681] [<c0247c88>] (warn_slowpath_fmt) from [<c021ada8>] (__dma_alloc+0x254/0x298)
[    2.726257] [<c021ada8>] (__dma_alloc) from [<c021af14>] (arm_dma_alloc+0x84/0x9c)
[    2.734252] [<c021af14>] (arm_dma_alloc) from [<c0608910>] (ohci_init+0x128/0x288)
[    2.742279] [<c0608910>] (ohci_init) from [<c05e9058>] (usb_add_hcd+0x240/0x748)
[    2.750122] [<c05e9058>] (usb_add_hcd) from [<c060aaa4>] (ohci_hcd_omap3_probe+0x14c/0x21c)
[    2.758972] [<c060aaa4>] (ohci_hcd_omap3_probe) from [<c051df50>] (platform_drv_probe+0x18/0x48)
[    2.768280] [<c051df50>] (platform_drv_probe) from [<c051c6dc>] (driver_probe_device+0x114/0x234)
[    2.777679] [<c051c6dc>] (driver_probe_device) from [<c051c888>] (__driver_attach+0x8c/0x90)
[    2.786621] [<c051c888>] (__driver_attach) from [<c051b098>] (bus_for_each_dev+0x54/0x88)
[    2.795257] [<c051b098>] (bus_for_each_dev) from [<c051bee4>] (bus_add_driver+0xd8/0x1cc)
[    2.803924] [<c051bee4>] (bus_add_driver) from [<c051cec4>] (driver_register+0x78/0xf4)
[    2.812377] [<c051cec4>] (driver_register) from [<c0208c44>] (do_one_initcall+0x80/0x1c4)
[    2.821014] [<c0208c44>] (do_one_initcall) from [<c0a93c88>] (kernel_init_freeable+0x100/0x1cc)
[    2.830230] [<c0a93c88>] (kernel_init_freeable) from [<c07e1f30>] (kernel_init+0x8/0xe4)
[    2.838806] [<c07e1f30>] (kernel_init) from [<c020e6f8>] (ret_from_fork+0x14/0x3c)
[    2.846801] ---[ end trace ba8b3aafd65a0180 ]---
[    2.851654] ohci-omap3 48064400.ohci: can't setup: -12
[    2.857116] ohci-omap3 48064400.ohci: USB bus 1 deregistered
[    2.863189] ohci-omap3: probe of 48064400.ohci failed with error -12
[    2.870056] SPEAr-ohci: OHCI SPEAr driver
[    2.876312] usbcore: registered new interface driver usb-storage
[    2.887145] mousedev: PS/2 mouse device common for all mice
[    2.898376] twl_rtc 48070000.i2c:twl@48:rtc: Power up reset detected.
[    2.905395] twl_rtc 48070000.i2c:twl@48:rtc: Enabling TWL-RTC
[    2.914642] twl_rtc 48070000.i2c:twl@48:rtc: rtc core: registered 48070000.i2c:twl@48 as rtc0
[    2.925323] i2c /dev entries driver
[    2.932434] usbcore: registered new interface driver uvcvideo
[    2.938507] USB Video Class driver (1.1.1)
[    2.942871] gspca_main: v2.14.0 registered
[    3.952270] omap_i2c 48060000.i2c: controller timed out
[    4.952270] omap_i2c 48060000.i2c: controller timed out
[    5.952270] omap_i2c 48060000.i2c: controller timed out
[    6.972259] omap_i2c 48060000.i2c: controller timed out
[    7.992248] omap_i2c 48060000.i2c: controller timed out
[    9.012237] omap_i2c 48060000.i2c: controller timed out
[   10.032257] omap_i2c 48060000.i2c: controller timed out
[   11.052124] omap_i2c 48060000.i2c: controller timed out
[   12.072265] omap_i2c 48060000.i2c: controller timed out
[   13.092254] omap_i2c 48060000.i2c: controller timed out
[   14.112274] omap_i2c 48060000.i2c: controller timed out
[   15.132263] omap_i2c 48060000.i2c: controller timed out
[   16.132263] omap_i2c 48060000.i2c: controller timed out
[   17.152252] omap_i2c 48060000.i2c: controller timed out
[   17.176300] sdhci: Secure Digital Host Controller Interface driver
[   17.182891] sdhci: Copyright(c) Pierre Ossman
[   17.192687] omap_hsmmc 4809c000.mmc: pins are not configured from the driver
[   17.243560] sdhci-pltfm: SDHCI platform and OF driver helper
[   17.252197] usbcore: registered new interface driver usbhid
[   17.258056] usbhid: USB HID core driver
[   17.272369] TCP: cubic registered
[   17.275909] NET: Registered protocol family 17
[   17.280609] can: controller area network core (rev 20120528 abi 9)
[   17.287322] NET: Registered protocol family 29
[   17.292053] can: raw protocol (rev 20120528)
[   17.296600] can: broadcast manager protocol (rev 20120528 t)
[   17.302642] can: netlink gateway (rev 20130117) max_hops=1
[   17.309417] Key type dns_resolver registered
[   17.314392] omap2_set_init_voltage: unable to find boot up OPP for vdd_mpu_iva
[   17.321960] omap2_set_init_voltage: unable to set vdd_mpu_iva
[   17.328063] omap2_set_init_voltage: unable to find boot up OPP for vdd_core
[   17.335418] omap2_set_init_voltage: unable to set vdd_core
[   17.342254] PM: no software I/O chain control; some wakeups may be lost
[   17.350463] ThumbEE CPU extension supported.
[   17.355072] Registering SWP/SWPB emulation handler
[   17.361816] VPLL2: disabling
[   17.365417] VUSB3V1: disabling
[   17.372161] VUSB1V8: disabling
[   17.375885] VUSB1V5: disabling
[   17.379699] VDAC: disabling
[   17.384552] VAUX3: disabling
[   17.392669] twl_rtc 48070000.i2c:twl@48:rtc: setting system clock to 2000-01-01 00:00:14 UTC (946684814)
[   17.530303] mmc0: host does not support reading read-only switch. assuming write-enable.
[   17.541076] mmc0: new high speed SD card at address b368
[   17.547637] mmcblk0: mmc0:b368 SD    1.88 GiB 
[   17.556030]  mmcblk0: p1 p2
[   29.542846] ALSA device list:
[   29.545989]   No soundcards found.
[   29.552429] EXT4-fs (mmcblk0p2): mounting ext3 file system using the ext4 subsystem
[   29.577545] EXT4-fs (mmcblk0p2): mounted filesystem with ordered data mode. Opts: (null)
[   29.586242] VFS: Mounted root (ext3 filesystem) on device 179:2.
[   29.603363] devtmpfs: mounted
[   29.608215] Freeing unused kernel memory: 564K (c0a93000 - c0b20000)

INIT: version 2.88 booting

Error opening /dev/fb0: No such file or directory
/dev/ttyO0 linked to /dev/tty-bd - using as console
Starting udev
[   30.578277] udevd[91]: starting version 182
[   36.846069] random: nonblocking pool is initialized
[   36.862915] FAT-fs (mmcblk0p1): Invalid FSINFO signature: 0x00000000, 0x00000000 (sector = 17554)
[   36.889312] FAT-fs (mmcblk0p1): codepage cp437 not found
[   36.974853] FAT-fs (mmcblk0p1): Invalid FSINFO signature: 0x00000000, 0x00000000 (sector = 17554)
[   37.000671] FAT-fs (mmcblk0p1): codepage cp437 not found
[   37.257873] FAT-fs (mmcblk0p1): Invalid FSINFO signature: 0x00000000, 0x00000000 (sector = 17554)
[   37.275878] FAT-fs (mmcblk0p1): codepage cp437 not found
[   37.315032] FAT-fs (mmcblk0p1): Invalid FSINFO signature: 0x00000000, 0x00000000 (sector = 17554)
[   37.332946] FAT-fs (mmcblk0p1): codepage cp437 not found

