- 05:58:26 [INFO] Starting target session
- 05:58:26 [INFO] Connected to sdp4430 via serial 
- 05:58:26 [INFO] Host: 
- 05:58:27 [INFO] Target: 

root@GenericOMAP4(FlattenedDeviceTree):/test# 
- 05:58:27 [INFO] Host: sync;poweroff
- 05:58:46 [INFO] Target: 
sync;poweroff


Broadcast message from root@GenericOMAP4(FlattenedDeviceTree) (ttyO2) (Sat Ma
The system is going down for system halt NOW!


INIT: Switching root@GenericOMAP4(FlattenedDeviceTree):/test# 
INIT: Sending processes the TERM signal


INIT: Sending procesStopping Dropbear SSH server: stopped /usr/sbin/dropbear (pid 1580)
dropbear.
Stopping telnet daemon.
Stopping system message bus: Error opening /dev/fb0: No such file or directory
Stopping syslogd/klogd: stopped syslogd (pid 1592)
stopped klogd (pid 1594)
done
Stopping thttpd.
ALSA: Storing mixer settings...
/usr/sbin/alsactl: save_state:1580: No soundcards found...
Deconfiguring network interfaces... done.
Stopping Lighttpd Web Server: stopped /usr/sbin/lighttpd (pid 1605)
lighttpd.
***************************************************************
***************************************************************
NOTICE: This file system contains the followin GPLv3 packages:
	binutils-symlinks
	binutils
	gdbserver
	parted

If you do not wish to distribute GPLv3 components please remove
the above packages prior to distribution.  This can be done using
the opkg remove command.  i.e.:
    opkg remove <package>
Where <package> is the name printed in the list above

NOTE: If the package is a dependency of another package you
      will be notified of the dependent packages.  You should
      use the --force-removal-of-dependent-packages option to
      also remove the dependent packages as well
***************************************************************
***************************************************************
Sending all processes the TERM signal...
Sending all processes the KILL signal...
Unmounting remote filesystems...
Deactivating swap...
Unmounting local filesystems...
[ 1255.778717] reboot: System halted

- 05:58:47 [INFO] Disconnected {"type"=>"serial"} from sdp4430
- 05:58:47 [INFO] Host: 
- 05:58:48 [ERROR] On command:  waiting for (?-mix:U-Boot#) >>> error: execution expired
- 05:58:48 [INFO] Target: 

U-Boot SPL 2014.04-00074-g1c7a914 (Apr 22 2014 - 14:34:14)
OMAP4430 ES2.2
SPL: Please implement spl_start_uboot() for your board
SPL: Direct Linux boot not active!
reading u-boot.img
reading u-boot.img


U-Boot 2014.04-00074-g1c7a914 (Apr 22 2014 - 14:34:14)

CPU  : OMAP4430 ES2.2
Board: OMAP4430 SDP
I2C:   ready
DRAM:  1 GiB
MMC:   OMAP SD/MMC: 0, OMAP SD/MMC: 1
*** Warning - bad CRC, using default environment


- 05:58:48 [INFO] Host: 
- 05:58:48 [ERROR] On command:  waiting for (?-mix:U-Boot#) >>> error: execution expired
- 05:58:48 [INFO] Target: 

- 05:58:48 [INFO] Host: 
- 05:58:49 [INFO] Target: 
KS8851SNL
Hit any key to stop autoboot:  1  0 
U-Boot# 
U-Boot# 
- 05:58:49 [INFO] Host: 
- 05:58:50 [INFO] Target: 

U-Boot# 
- 05:58:50 [INFO] Host: version
- 05:58:50 [INFO] Target: 
version

U-Boot 2014.04-00074-g1c7a914 (Apr 22 2014 - 14:34:14)
arm-linux-gnueabi-gcc (Ubuntu/Linaro 4.6.3-1ubuntu5) 4.6.3
GNU ld (GNU Binutils for Ubuntu) 2.22
U-Boot# 
- 05:58:50 [INFO] Host: setenv bootargs 'console=ttyO2,115200n8 vram=16M earlyprintk rootwait '
- 05:58:51 [INFO] Target: 
setenv bootargs 'console=ttyO2,115200n8 vram=16M earlyprintk rootwait '
U-Boot# 
- 05:58:51 [INFO] Host: setenv bootcmd  ''
- 05:58:51 [INFO] Target: 
setenv bootcmd  ''
U-Boot# 
- 05:58:51 [INFO] Host: setenv autoload 'no'
- 05:58:52 [INFO] Target: 
setenv autoload 'no'
U-Boot# 
- 05:58:52 [INFO] Host: setenv serverip '128.247.105.47'
- 05:58:53 [INFO] Target: 
setenv serverip '128.247.105.47'
U-Boot# 
- 05:58:53 [INFO] Host: printenv
- 05:58:53 [INFO] Target: 
printenv
arch=arm
autoload=no
baudrate=115200
board=sdp4430
board_name=sdp4430
bootargs=console=ttyO2,115200n8 vram=16M earlyprintk rootwait 
bootcmd=
bootdelay=1
bootdir=/boot
bootfile=zImage
bootm_size=0x08000000
bootpart=0:2
bootscript=echo Running bootscript from mmc${mmcdev} ...; source ${loadaddr}
console=ttyO2,115200n8
cpu=armv7
ethact=KS8851SNL
ethaddr=08:00:28:01:4E:13
fdt_addr_r=0x88000000
fdtaddr=0x88000000
fdtfile=undefined
findfdt=if test $board_name = sdp4430; then setenv fdtfile omap4-sdp.dtb; fi; if test $board_name = panda; then setenv fdtfile omap4-panda.dtb; fi;if test $board_name = panda-a4; then setenv fdtfile omap4-panda-a4.dtb; fi;if test $board_name = panda-es; then setenv fdtfile omap4-panda-es.dtb; fi;if test $fdtfile = undefined; then echo WARNING: Could not determine device tree to use; fi; 
importbootenv=echo Importing environment from mmc${mmcdev} ...; env import -t ${loadaddr} ${filesize}
kernel_addr_r=0x82000000
loadaddr=0x82000000
loadbootenv=fatload mmc ${mmcdev} ${loadaddr} uEnv.txt
loadbootscript=fatload mmc ${mmcdev} ${loadaddr} boot.scr
loadfdt=load mmc ${bootpart} ${fdtaddr} ${bootdir}/${fdtfile}
loadimage=load mmc ${bootpart} ${loadaddr} ${bootdir}/${bootfile}
mmcargs=setenv bootargs console=${console} vram=${vram} root=${mmcroot} rootfstype=${mmcrootfstype}
mmcboot=echo Booting from mmc${mmcdev} ...; run mmcargs; bootz ${loadaddr} - ${fdtaddr}
mmcdev=0
mmcroot=/dev/mmcblk0p2 rw
mmcrootfstype=ext3 rootwait
ramdisk_addr_r=0x88080000
rdaddr=0x88080000
serverip=128.247.105.47
soc=omap4
usbtty=cdc_acm
vendor=ti
ver=U-Boot 2014.04-00074-g1c7a914 (Apr 22 2014 - 14:34:14)
vram=16M

Environment size: 1715/131068 bytes
U-Boot# 
- 05:58:53 [INFO] Host: printenv
- 05:58:54 [INFO] Target: 
printenv
arch=arm
autoload=no
baudrate=115200
board=sdp4430
board_name=sdp4430
bootargs=console=ttyO2,115200n8 vram=16M earlyprintk rootwait 
bootcmd=
bootdelay=1
bootdir=/boot
bootfile=zImage
bootm_size=0x08000000
bootpart=0:2
bootscript=echo Running bootscript from mmc${mmcdev} ...; source ${loadaddr}
console=ttyO2,115200n8
cpu=armv7
ethact=KS8851SNL
ethaddr=08:00:28:01:4E:13
fdt_addr_r=0x88000000
fdtaddr=0x88000000
fdtfile=undefined
findfdt=if test $board_name = sdp4430; then setenv fdtfile omap4-sdp.dtb; fi; if test $board_name = panda; then setenv fdtfile omap4-panda.dtb; fi;if test $board_name = panda-a4; then setenv fdtfile omap4-panda-a4.dtb; fi;if test $board_name = panda-es; then setenv fdtfile omap4-panda-es.dtb; fi;if test $fdtfile = undefined; then echo WARNING: Could not determine device tree to use; fi; 
importbootenv=echo Importing environment from mmc${mmcdev} ...; env import -t ${loadaddr} ${filesize}
kernel_addr_r=0x82000000
loadaddr=0x82000000
loadbootenv=fatload mmc ${mmcdev} ${loadaddr} uEnv.txt
loadbootscript=fatload mmc ${mmcdev} ${loadaddr} boot.scr
loadfdt=load mmc ${bootpart} ${fdtaddr} ${bootdir}/${fdtfile}
loadimage=load mmc ${bootpart} ${loadaddr} ${bootdir}/${bootfile}
mmcargs=setenv bootargs console=${console} vram=${vram} root=${mmcroot} rootfstype=${mmcrootfstype}
mmcboot=echo Booting from mmc${mmcdev} ...; run mmcargs; bootz ${loadaddr} - ${fdtaddr}
mmcdev=0
mmcroot=/dev/mmcblk0p2 rw
mmcrootfstype=ext3 rootwait
ramdisk_addr_r=0x88080000
rdaddr=0x88080000
serverip=128.247.105.47
soc=omap4
usbtty=cdc_acm
vendor=ti
ver=U-Boot 2014.04-00074-g1c7a914 (Apr 22 2014 - 14:34:14)
vram=16M

Environment size: 1715/131068 bytes
U-Boot# 
- 05:58:54 [INFO] Host: setenv bootargs ''${bootargs}' ip=dhcp '
- 05:58:54 [INFO] Target: 
setenv bootargs ''${bootargs}' ip=dhcp '
U-Boot# 
- 05:58:54 [INFO] Host: setenv ipaddr dhcp
- 05:58:55 [INFO] Target: 
setenv ipaddr dhcp
U-Boot# 
- 05:58:55 [INFO] Host: dhcp
- 05:58:57 [INFO] Target: 
dhcp
port status information = 0x84a0 
BOOTP broadcast 1
DHCP client bound to address 192.168.1.196
U-Boot# 
- 05:58:57 [INFO] Host: setenv serverip '128.247.105.47'
- 05:58:57 [INFO] Target: 
setenv serverip '128.247.105.47'
U-Boot# 
- 05:58:57 [INFO] Host: printenv
- 05:58:58 [INFO] Target: 
printenv
arch=arm
autoload=no
baudrate=115200
board=sdp4430
board_name=sdp4430
bootargs=console=ttyO2,115200n8 vram=16M earlyprintk rootwait  ip=dhcp 
bootcmd=
bootdelay=1
bootdir=/boot
bootfile=zImage
bootm_size=0x08000000
bootpart=0:2
bootscript=echo Running bootscript from mmc${mmcdev} ...; source ${loadaddr}
console=ttyO2,115200n8
cpu=armv7
dnsip=192.0.2.2
ethact=KS8851SNL
ethaddr=08:00:28:01:4E:13
fdt_addr_r=0x88000000
fdtaddr=0x88000000
fdtfile=undefined
findfdt=if test $board_name = sdp4430; then setenv fdtfile omap4-sdp.dtb; fi; if test $board_name = panda; then setenv fdtfile omap4-panda.dtb; fi;if test $board_name = panda-a4; then setenv fdtfile omap4-panda-a4.dtb; fi;if test $board_name = panda-es; then setenv fdtfile omap4-panda-es.dtb; fi;if test $fdtfile = undefined; then echo WARNING: Could not determine device tree to use; fi; 
gatewayip=192.168.1.254
importbootenv=echo Importing environment from mmc${mmcdev} ...; env import -t ${loadaddr} ${filesize}
ipaddr=192.168.1.196
kernel_addr_r=0x82000000
loadaddr=0x82000000
loadbootenv=fatload mmc ${mmcdev} ${loadaddr} uEnv.txt
loadbootscript=fatload mmc ${mmcdev} ${loadaddr} boot.scr
loadfdt=load mmc ${bootpart} ${fdtaddr} ${bootdir}/${fdtfile}
loadimage=load mmc ${bootpart} ${loadaddr} ${bootdir}/${bootfile}
mmcargs=setenv bootargs console=${console} vram=${vram} root=${mmcroot} rootfstype=${mmcrootfstype}
mmcboot=echo Booting from mmc${mmcdev} ...; run mmcargs; bootz ${loadaddr} - ${fdtaddr}
mmcdev=0
mmcroot=/dev/mmcblk0p2 rw
mmcrootfstype=ext3 rootwait
netmask=255.255.255.0
ramdisk_addr_r=0x88080000
rdaddr=0x88080000
serverip=128.247.105.47
soc=omap4
usbtty=cdc_acm
vendor=ti
ver=U-Boot 2014.04-00074-g1c7a914 (Apr 22 2014 - 14:34:14)
vram=16M

Environment size: 1815/131068 bytes
U-Boot# 
- 05:58:58 [INFO] Host: setenv bootcmd ''${bootcmd}' tftp ${loadaddr} 128.247.105.47:vatf_8/395694fa45993dc9c9ec7c9a20c98622; '
- 05:58:58 [INFO] Target: 
setenv bootcmd ''${bootcmd}' tftp ${loadaddr} 128.247.105.47:vatf_8/395694fa45993dc9c9ec7c9a20c98622; '
U-Boot# 
- 05:58:58 [INFO] Host: printenv
- 05:58:59 [INFO] Target: 
printenv
arch=arm
autoload=no
baudrate=115200
board=sdp4430
board_name=sdp4430
bootargs=console=ttyO2,115200n8 vram=16M earlyprintk rootwait  ip=dhcp 
bootcmd= tftp ${loadaddr} 128.247.105.47:vatf_8/395694fa45993dc9c9ec7c9a20c98622; 
bootdelay=1
bootdir=/boot
bootfile=zImage
bootm_size=0x08000000
bootpart=0:2
bootscript=echo Running bootscript from mmc${mmcdev} ...; source ${loadaddr}
console=ttyO2,115200n8
cpu=armv7
dnsip=192.0.2.2
ethact=KS8851SNL
ethaddr=08:00:28:01:4E:13
fdt_addr_r=0x88000000
fdtaddr=0x88000000
fdtfile=undefined
findfdt=if test $board_name = sdp4430; then setenv fdtfile omap4-sdp.dtb; fi; if test $board_name = panda; then setenv fdtfile omap4-panda.dtb; fi;if test $board_name = panda-a4; then setenv fdtfile omap4-panda-a4.dtb; fi;if test $board_name = panda-es; then setenv fdtfile omap4-panda-es.dtb; fi;if test $fdtfile = undefined; then echo WARNING: Could not determine device tree to use; fi; 
gatewayip=192.168.1.254
importbootenv=echo Importing environment from mmc${mmcdev} ...; env import -t ${loadaddr} ${filesize}
ipaddr=192.168.1.196
kernel_addr_r=0x82000000
loadaddr=0x82000000
loadbootenv=fatload mmc ${mmcdev} ${loadaddr} uEnv.txt
loadbootscript=fatload mmc ${mmcdev} ${loadaddr} boot.scr
loadfdt=load mmc ${bootpart} ${fdtaddr} ${bootdir}/${fdtfile}
loadimage=load mmc ${bootpart} ${loadaddr} ${bootdir}/${bootfile}
mmcargs=setenv bootargs console=${console} vram=${vram} root=${mmcroot} rootfstype=${mmcrootfstype}
mmcboot=echo Booting from mmc${mmcdev} ...; run mmcargs; bootz ${loadaddr} - ${fdtaddr}
mmcdev=0
mmcroot=/dev/mmcblk0p2 rw
mmcrootfstype=ext3 rootwait
netmask=255.255.255.0
ramdisk_addr_r=0x88080000
rdaddr=0x88080000
serverip=128.247.105.47
soc=omap4
usbtty=cdc_acm
vendor=ti
ver=U-Boot 2014.04-00074-g1c7a914 (Apr 22 2014 - 14:34:14)
vram=16M

Environment size: 1889/131068 bytes
U-Boot# 
- 05:58:59 [INFO] Host: setenv bootcmd ''${bootcmd}' tftp ${fdt_addr_r} 128.247.105.47:vatf_8/04635037a547137a43a7b54102fd5e8c; '
- 05:59:00 [INFO] Target: 
setenv bootcmd ''${bootcmd}' tftp ${fdt_addr_r} 128.247.105.47:vatf_8/04635037a547137a43a7b54102fd5e8c; '
U-Boot# 
- 05:59:00 [INFO] Host: printenv
- 05:59:00 [INFO] Target: 
printenv
arch=arm
autoload=no
baudrate=115200
board=sdp4430
board_name=sdp4430
bootargs=console=ttyO2,115200n8 vram=16M earlyprintk rootwait  ip=dhcp 
bootcmd= tftp ${loadaddr} 128.247.105.47:vatf_8/395694fa45993dc9c9ec7c9a20c98622;  tftp ${fdt_addr_r} 128.247.105.47:vatf_8/04635037a547137a43a7b54102fd5e8c; 
bootdelay=1
bootdir=/boot
bootfile=zImage
bootm_size=0x08000000
bootpart=0:2
bootscript=echo Running bootscript from mmc${mmcdev} ...; source ${loadaddr}
console=ttyO2,115200n8
cpu=armv7
dnsip=192.0.2.2
ethact=KS8851SNL
ethaddr=08:00:28:01:4E:13
fdt_addr_r=0x88000000
fdtaddr=0x88000000
fdtfile=undefined
findfdt=if test $board_name = sdp4430; then setenv fdtfile omap4-sdp.dtb; fi; if test $board_name = panda; then setenv fdtfile omap4-panda.dtb; fi;if test $board_name = panda-a4; then setenv fdtfile omap4-panda-a4.dtb; fi;if test $board_name = panda-es; then setenv fdtfile omap4-panda-es.dtb; fi;if test $fdtfile = undefined; then echo WARNING: Could not determine device tree to use; fi; 
gatewayip=192.168.1.254
importbootenv=echo Importing environment from mmc${mmcdev} ...; env import -t ${loadaddr} ${filesize}
ipaddr=192.168.1.196
kernel_addr_r=0x82000000
loadaddr=0x82000000
loadbootenv=fatload mmc ${mmcdev} ${loadaddr} uEnv.txt
loadbootscript=fatload mmc ${mmcdev} ${loadaddr} boot.scr
loadfdt=load mmc ${bootpart} ${fdtaddr} ${bootdir}/${fdtfile}
loadimage=load mmc ${bootpart} ${loadaddr} ${bootdir}/${bootfile}
mmcargs=setenv bootargs console=${console} vram=${vram} root=${mmcroot} rootfstype=${mmcrootfstype}
mmcboot=echo Booting from mmc${mmcdev} ...; run mmcargs; bootz ${loadaddr} - ${fdtaddr}
mmcdev=0
mmcroot=/dev/mmcblk0p2 rw
mmcrootfstype=ext3 rootwait
netmask=255.255.255.0
ramdisk_addr_r=0x88080000
rdaddr=0x88080000
serverip=128.247.105.47
soc=omap4
usbtty=cdc_acm
vendor=ti
ver=U-Boot 2014.04-00074-g1c7a914 (Apr 22 2014 - 14:34:14)
vram=16M

Environment size: 1965/131068 bytes
U-Boot# 
- 05:59:00 [INFO] Host: setenv bootargs ''${bootargs}' root=/dev/mmcblk0p2 rw rootfstype=ext3 rootwait '
- 05:59:01 [INFO] Target: 
setenv bootargs ''${bootargs}' root=/dev/mmcblk0p2 rw rootfstype=ext3 rootwait '
U-Boot# 
- 05:59:01 [INFO] Host: printenv
- 05:59:01 [INFO] Target: 
printenv
arch=arm
autoload=no
baudrate=115200
board=sdp4430
board_name=sdp4430
bootargs=console=ttyO2,115200n8 vram=16M earlyprintk rootwait  ip=dhcp  root=/dev/mmcblk0p2 rw rootfstype=ext3 rootwait 
bootcmd= tftp ${loadaddr} 128.247.105.47:vatf_8/395694fa45993dc9c9ec7c9a20c98622;  tftp ${fdt_addr_r} 128.247.105.47:vatf_8/04635037a547137a43a7b54102fd5e8c; 
bootdelay=1
bootdir=/boot
bootfile=zImage
bootm_size=0x08000000
bootpart=0:2
bootscript=echo Running bootscript from mmc${mmcdev} ...; source ${loadaddr}
console=ttyO2,115200n8
cpu=armv7
dnsip=192.0.2.2
ethact=KS8851SNL
ethaddr=08:00:28:01:4E:13
fdt_addr_r=0x88000000
fdtaddr=0x88000000
fdtfile=undefined
findfdt=if test $board_name = sdp4430; then setenv fdtfile omap4-sdp.dtb; fi; if test $board_name = panda; then setenv fdtfile omap4-panda.dtb; fi;if test $board_name = panda-a4; then setenv fdtfile omap4-panda-a4.dtb; fi;if test $board_name = panda-es; then setenv fdtfile omap4-panda-es.dtb; fi;if test $fdtfile = undefined; then echo WARNING: Could not determine device tree to use; fi; 
gatewayip=192.168.1.254
importbootenv=echo Importing environment from mmc${mmcdev} ...; env import -t ${loadaddr} ${filesize}
ipaddr=192.168.1.196
kernel_addr_r=0x82000000
loadaddr=0x82000000
loadbootenv=fatload mmc ${mmcdev} ${loadaddr} uEnv.txt
loadbootscript=fatload mmc ${mmcdev} ${loadaddr} boot.scr
loadfdt=load mmc ${bootpart} ${fdtaddr} ${bootdir}/${fdtfile}
loadimage=load mmc ${bootpart} ${loadaddr} ${bootdir}/${bootfile}
mmcargs=setenv bootargs console=${console} vram=${vram} root=${mmcroot} rootfstype=${mmcrootfstype}
mmcboot=echo Booting from mmc${mmcdev} ...; run mmcargs; bootz ${loadaddr} - ${fdtaddr}
mmcdev=0
mmcroot=/dev/mmcblk0p2 rw
mmcrootfstype=ext3 rootwait
netmask=255.255.255.0
ramdisk_addr_r=0x88080000
rdaddr=0x88080000
serverip=128.247.105.47
soc=omap4
usbtty=cdc_acm
vendor=ti
ver=U-Boot 2014.04-00074-g1c7a914 (Apr 22 2014 - 14:34:14)
vram=16M

Environment size: 2014/131068 bytes
U-Boot# 
- 05:59:01 [INFO] Host: setenv bootcmd ''${bootcmd}' if iminfo ${loadaddr}; then bootm ${loadaddr} - ${fdt_addr_r}; else bootz ${loadaddr} - ${fdt_addr_r}; bootm ${loadaddr} - ${fdt_addr_r}; fi'
- 05:59:02 [INFO] Target: 
setenv bootcmd ''${bootcmd}' if iminfo ${loadaddr}; then bootm ${loadaddr} - ${fdt_addr_r}; else bootz ${loadaddr} - ${fdt_addr_r}; bootm ${loadaddr} - ${fdt_addr_r}; fi'
U-Boot# 
- 05:59:02 [INFO] Host: bdinfo
- 05:59:02 [INFO] Target: 
bdinfo
arch_number = 0x00000870
boot_params = 0x80000100
DRAM bank   = 0x00000000
-> start    = 0x80000000
-> size     = 0x40000000
eth0name    = KS8851SNL
ethaddr     = 08:00:28:01:4E:13
current eth = KS8851SNL
ip_addr     = 192.168.1.196
baudrate    = 115200 bps
TLB addr    = 0xBFFF0000
relocaddr   = 0xBFF90000
reloc off   = 0x3F790000
irq_sp      = 0xBFE6FEE0
sp start    = 0xBFE6FED0
U-Boot# 
- 05:59:02 [INFO] Host: boot
- 05:59:22 [INFO] Target: 
boot
Using KS8851SNL device
TFTP from server 128.247.105.47; our IP address is 192.168.1.196; sending through gateway 192.168.1.254
Filename 'vatf_8/395694fa45993dc9c9ec7c9a20c98622'.
Load address: 0x82000000
Loading: *#################################################################
	 #################################################################
	 #################################################################
	 #################################################################
	 #################################################################
	 #########
	 1.3 MiB/s
done
Bytes transferred = 4898960 (4ac090 hex)
Using KS8851SNL device
TFTP from server 128.247.105.47; our IP address is 192.168.1.196; sending through gateway 192.168.1.254
Filename 'vatf_8/04635037a547137a43a7b54102fd5e8c'.
Load address: 0x88000000
Loading: *####
	 1.3 MiB/s
done
Bytes transferred = 57284 (dfc4 hex)

## Checking Image at 82000000 ...
Unknown image format!
Kernel image @ 0x82000000 [ 0x000000 - 0x4ac090 ]
## Flattened Device Tree blob at 88000000
   Booting using the fdt blob at 0x88000000
   Loading Device Tree to 87fef000, end 87ffffc3 ... OK

Starting kernel ...

[    0.000000] Booting Linux on physical CPU 0x0
[    0.000000] Linux version 3.15.0-rc7-next-20140602-00002-g1f9f2d3 (nmenon@kahuna) (gcc version 4.6.3 (Ubuntu/Linaro 4.6.3-1ubuntu5) ) #1 SMP Mon Jun 2 05:54:16 CDT 2014
[    0.000000] CPU: ARMv7 Processor [411fc092] revision 2 (ARMv7), cr=10c5387d
[    0.000000] CPU: PIPT / VIPT nonaliasing data cache, VIPT aliasing instruction cache
[    0.000000] Machine model: TI OMAP4 SDP board
[    0.000000] cma: CMA: reserved 64 MiB at ab800000
[    0.000000] Memory policy: Data cache writealloc
[    0.000000] OMAP4430 ES2.2
[    0.000000] L2C: platform modifies aux control register: 0x0e070000 -> 0x3e470000
[    0.000000] L2C: DT/platform modifies aux control register: 0x0e070000 -> 0x3e470000
[    0.000000] L2C-310 errata 727915 769419 enabled
[    0.000000] L2C-310 enabling early BRESP for Cortex-A9
[    0.000000] L2C-310 ID prefetch enabled, offset 1 lines
[    0.000000] ------------[ cut here ]------------
[    0.000000] WARNING: CPU: 0 PID: 0 at arch/arm/mach-omap2/omap4-common.c:192 omap4_l2c310_write_sec+0x5c/0x8c()
[    0.000000] OMAP L2C310: ignoring write to reg 0xf80
[    0.000000] Modules linked in:
[    0.000000] CPU: 0 PID: 0 Comm: swapper Not tainted 3.15.0-rc7-next-20140602-00002-g1f9f2d3 #1
[    0.000000] [<c021577c>] (unwind_backtrace) from [<c02113ac>] (show_stack+0x10/0x14)
[    0.000000] [<c02113ac>] (show_stack) from [<c07fb940>] (dump_stack+0x70/0x8c)
[    0.000000] [<c07fb940>] (dump_stack) from [<c0248a20>] (warn_slowpath_common+0x64/0x84)
[    0.000000] [<c0248a20>] (warn_slowpath_common) from [<c0248ad4>] (warn_slowpath_fmt+0x30/0x40)
[    0.000000] [<c0248ad4>] (warn_slowpath_fmt) from [<c022f310>] (omap4_l2c310_write_sec+0x5c/0x8c)
[    0.000000] [<c022f310>] (omap4_l2c310_write_sec) from [<c0ac3720>] (l2c310_enable+0x150/0x1f8)
[    0.000000] [<c0ac3720>] (l2c310_enable) from [<c0ac330c>] (__l2c_init+0x15c/0x1e4)
[    0.000000] [<c0ac330c>] (__l2c_init) from [<c0ac39c0>] (l2x0_of_init+0x134/0x160)
[    0.000000] [<c0ac39c0>] (l2x0_of_init) from [<c0ad7eb0>] (omap_l2_cache_init+0x68/0x9c)
[    0.000000] [<c0ad7eb0>] (omap_l2_cache_init) from [<c0ad35d8>] (omap4430_init_early+0x88/0xa0)
[    0.000000] [<c0ad35d8>] (omap4430_init_early) from [<c0abf3e8>] (setup_arch+0x8ac/0x98c)
[    0.000000] [<c0abf3e8>] (setup_arch) from [<c0abc88c>] (start_kernel+0x7c/0x37c)
[    0.000000] [<c0abc88c>] (start_kernel) from [<80208074>] (0x80208074)
[    0.000000] ---[ end trace 3406ff24bd97382e ]---
[    0.000000] L2C-310 dynamic clock gating disabled, standby mode disabled
[    0.000000] L2C-310 cache controller enabled, 16 ways, 1024 kB
[    0.000000] L2C-310: CACHE_ID 0x410000c4, AUX_CTRL 0x7e470000
[    0.000000] PERCPU: Embedded 8 pages/cpu @eaf93000 s8448 r8192 d16128 u32768
[    0.000000] Built 1 zonelists in Zone order, mobility grouping on.  Total pages: 260368
[    0.000000] Kernel command line: console=ttyO2,115200n8 vram=16M earlyprintk rootwait  ip=dhcp  root=/dev/mmcblk0p2 rw rootfstype=ext3 rootwait 
[    0.000000] PID hash table entries: 4096 (order: 2, 16384 bytes)
[    0.000000] Dentry cache hash table entries: 131072 (order: 7, 524288 bytes)
[    0.000000] Inode-cache hash table entries: 65536 (order: 6, 262144 bytes)
[    0.000000] Memory: 961764K/1047552K available (6352K kernel code, 892K rwdata, 2556K rodata, 652K init, 303K bss, 85788K reserved, 269312K highmem)
[    0.000000] Virtual kernel memory layout:
[    0.000000]     vector  : 0xffff0000 - 0xffff1000   (   4 kB)
[    0.000000]     fixmap  : 0xffc00000 - 0xffe00000   (2048 kB)
[    0.000000]     vmalloc : 0xf0000000 - 0xff000000   ( 240 MB)
[    0.000000]     lowmem  : 0xc0000000 - 0xef800000   ( 760 MB)
[    0.000000]     pkmap   : 0xbfe00000 - 0xc0000000   (   2 MB)
[    0.000000]     modules : 0xbf000000 - 0xbfe00000   (  14 MB)
[    0.000000]       .text : 0xc0208000 - 0xc0abb2ac   (8909 kB)
[    0.000000]       .init : 0xc0abc000 - 0xc0b5f100   ( 653 kB)
[    0.000000]       .data : 0xc0b60000 - 0xc0c3f040   ( 893 kB)
[    0.000000]        .bss : 0xc0c3f048 - 0xc0c8ae18   ( 304 kB)
[    0.000000] SLUB: HWalign=64, Order=0-3, MinObjects=0, CPUs=2, Nodes=1
[    0.000000] Hierarchical RCU implementation.
[    0.000000] 	RCU restricting CPUs from NR_CPUS=8 to nr_cpu_ids=2.
[    0.000000] RCU: Adjusting geometry for rcu_fanout_leaf=16, nr_cpu_ids=2
[    0.000000] NR_IRQS:16 nr_irqs:16 16
[    0.000000] ti_dt_clocks_register: failed to lookup clock node div_ts_ck
[    0.000000] ti_dt_clocks_register: failed to lookup clock node bandgap_ts_fclk
[    0.000000] OMAP clockevent source: timer1 at 32768 Hz
[    0.000000] sched_clock: 32 bits at 32kHz, resolution 30517ns, wraps every 65536000000000ns
[    0.000000] OMAP clocksource: 32k_counter at 32768 Hz
[    0.005645] Console: colour dummy device 80x30
[    0.005676] Calibrating delay loop... 1195.21 BogoMIPS (lpj=2988032)
[    0.035308] pid_max: default: 32768 minimum: 301
[    0.035461] Mount-cache hash table entries: 2048 (order: 1, 8192 bytes)
[    0.035461] Mountpoint-cache hash table entries: 2048 (order: 1, 8192 bytes)
[    0.036132] CPU: Testing write buffer coherency: ok
[    0.036407] CPU0: thread -1, cpu 0, socket 0, mpidr 80000000
[    0.036468] Setting up static identity map for 0x808009d0 - 0x80800a68
[    0.040344] CPU1: Booted secondary processor
[    0.070312] CPU1: thread -1, cpu 1, socket 0, mpidr 80000001
[    0.070404] Brought up 2 CPUs
[    0.070404] SMP: Total of 2 processors activated.
[    0.070434] CPU: All CPU(s) started in SVC mode.
[    0.071075] devtmpfs: initialized
[    0.075378] VFP support v0.3: implementor 41 architecture 3 part 30 variant 9 rev 1
[    0.077301] omap_hwmod: l3_main_3 using broken dt data from ocp
[    0.078796] omap_hwmod: l3_main_2 using broken dt data from ocp
[    0.174896] pinctrl core: initialized pinctrl subsystem
[    0.175384] regulator-dummy: no parameters
[    0.199676] NET: Registered protocol family 16
[    0.200073] DMA: failed to allocate 256 KiB pool for atomic coherent allocation
[    0.202545] cpuidle: using governor ladder
[    0.202575] cpuidle: using governor menu
[    0.211181] OMAP GPIO hardware version 0.1
[    0.214904] omap-gpmc 50000000.gpmc: GPMC revision 6.0
[    0.215423] irq: no irq domain found for /ocp/pinmux@4a100040 !
[    0.215759] irq: no irq domain found for /ocp/pinmux@4a100040 !
[    0.216094] irq: no irq domain found for /ocp/pinmux@4a100040 !
[    0.226867] platform 4b501000.aes: Cannot lookup hwmod 'aes'
[    0.227111] platform 480a5000.des: Cannot lookup hwmod 'des'
[    0.231903] No ATAGs?
[    0.231964] hw-breakpoint: found 5 (+1 reserved) breakpoint and 1 watchpoint registers.
[    0.231964] hw-breakpoint: maximum watchpoint size is 4 bytes.
[    0.232238] EXYNOS: PMU not supported
[    0.233642] OMAP DMA hardware revision 0.0
[    0.236389] Serial: AMBA PL011 UART driver
[    0.237274] ARM PMU: not yet supported on OMAP4430 due to missing CTI driver
[    0.265075] edma-dma-engine edma-dma-engine.0: Can't allocate PaRAM dummy slot
[    0.265106] edma-dma-engine: probe of edma-dma-engine.0 failed with error -5
[    0.277709] omap-dma-engine 4a056000.dma-controller: OMAP DMA engine driver
[    0.278564] VDD_ETH: 3300 mV 
[    0.278808] VBAT: 3750 mV 
[    0.278930] reg-fixed-voltage wl12xx_vmmc: could not find pctldev for node /ocp/pinmux@4a100040/pinmux_wl12xx_gpio, deferring probe
[    0.278961] platform wl12xx_vmmc: Driver reg-fixed-voltage requests probe deferral
[    0.282775] vgaarb: loaded
[    0.283477] SCSI subsystem initialized
[    0.284088] usbcore: registered new interface driver usbfs
[    0.284179] usbcore: registered new interface driver hub
[    0.284271] usbcore: registered new device driver usb
[    0.285125] omap_i2c 48070000.i2c: could not find pctldev for node /ocp/pinmux@4a100040/pinmux_i2c1_pins, deferring probe
[    0.285156] platform 48070000.i2c: Driver omap_i2c requests probe deferral
[    0.285186] omap_i2c 48072000.i2c: could not find pctldev for node /ocp/pinmux@4a100040/pinmux_i2c2_pins, deferring probe
[    0.285217] platform 48072000.i2c: Driver omap_i2c requests probe deferral
[    0.285247] omap_i2c 48060000.i2c: could not find pctldev for node /ocp/pinmux@4a100040/pinmux_i2c3_pins, deferring probe
[    0.285278] platform 48060000.i2c: Driver omap_i2c requests probe deferral
[    0.285308] omap_i2c 48350000.i2c: could not find pctldev for node /ocp/pinmux@4a100040/pinmux_i2c4_pins, deferring probe
[    0.285308] platform 48350000.i2c: Driver omap_i2c requests probe deferral
[    0.285827] Linux video capture interface: v2.00
[    0.285919] pps_core: LinuxPPS API ver. 1 registered
[    0.285919] pps_core: Software ver. 5.3.6 - Copyright 2005-2007 Rodolfo Giometti <giometti@linux.it>
[    0.285949] PTP clock support registered
[    0.286041] EDAC MC: Ver: 3.0.0
[    0.286987] Advanced Linux Sound Architecture Driver Initialized.
[    0.288177] Switched to clocksource 32k_counter
[    0.301086] NET: Registered protocol family 2
[    0.301605] TCP established hash table entries: 8192 (order: 3, 32768 bytes)
[    0.301727] TCP bind hash table entries: 8192 (order: 4, 65536 bytes)
[    0.301910] TCP: Hash tables configured (established 8192 bind 8192)
[    0.301971] TCP: reno registered
[    0.302001] UDP hash table entries: 512 (order: 2, 16384 bytes)
[    0.302062] UDP-Lite hash table entries: 512 (order: 2, 16384 bytes)
[    0.302337] NET: Registered protocol family 1
[    0.302703] RPC: Registered named UNIX socket transport module.
[    0.302703] RPC: Registered udp transport module.
[    0.302703] RPC: Registered tcp transport module.
[    0.302734] RPC: Registered tcp NFSv4.1 backchannel transport module.
[    0.307617] futex hash table entries: 512 (order: 3, 32768 bytes)
[    0.320892] squashfs: version 4.0 (2009/01/31) Phillip Lougher
[    0.321655] NFS: Registering the id_resolver key type
[    0.321716] Key type id_resolver registered
[    0.321716] Key type id_legacy registered
[    0.321777] msgmni has been set to 1480
[    0.322296] bounce: pool size: 64 pages
[    0.322540] Block layer SCSI generic (bsg) driver version 0.4 loaded (major 249)
[    0.322570] io scheduler noop registered
[    0.322570] io scheduler deadline registered
[    0.322784] io scheduler cfq registered (default)
[    0.326599] pinctrl-single 4a100040.pinmux: 203 pins at pa fc100040 size 406
[    0.326812] pinctrl-single 4a31e040.pinmux: 28 pins at pa fc31e040 size 56
[    0.332733] backlight supply power not found, using dummy regulator
[    0.332855] pwm-backlight backlight: unable to request PWM, trying legacy API
[    0.332855] pwm-backlight backlight: unable to request legacy PWM
[    0.332946] platform backlight: Driver pwm-backlight requests probe deferral
[    0.401947] Serial: 8250/16550 driver, 4 ports, IRQ sharing disabled
[    0.404235] Serial: IMX driver
[    0.404754] msm_serial: driver initialized
[    0.405487] omap_uart 4806a000.serial: no wakeirq for uart0
[    0.405639] 4806a000.serial: ttyO0 at MMIO 0x4806a000 (irq = 104, base_baud = 3000000) is a OMAP UART0
[    0.406280] 4806c000.serial: ttyO1 at MMIO 0x4806c000 (irq = 105, base_baud = 3000000) is a OMAP UART1
[    0.406829] 48020000.serial: ttyO2 at MMIO 0x48020000 (irq = 106, base_baud = 3000000) is a OMAP UART2
[    1.446350] console [ttyO2] enabled
[    1.450592] 4806e000.serial: ttyO3 at MMIO 0x4806e000 (irq = 102, base_baud = 3000000) is a OMAP UART3
[    1.460876] STMicroelectronics ASC driver initialized
[    1.467346] serial: Freescale lpuart driver
[    1.472015] [drm] Initialized drm 1.1.0 20060810
[    1.483428] loop: module loaded
[    1.494079] CAN device driver interface
[    1.500152] ks8851 spi1.0: message enable is 0
[    1.507934] ks8851 spi1.0 eth0: revision 0, MAC 08:00:28:01:4e:13, IRQ 194, has EEPROM
[    1.517486] pegasus: v0.9.3 (2013/04/25), Pegasus/Pegasus II USB Ethernet driver
[    1.525329] usbcore: registered new interface driver pegasus
[    1.531311] usbcore: registered new interface driver asix
[    1.537017] usbcore: registered new interface driver ax88179_178a
[    1.543457] usbcore: registered new interface driver cdc_ether
[    1.549621] usbcore: registered new interface driver smsc75xx
[    1.555725] usbcore: registered new interface driver smsc95xx
[    1.561798] usbcore: registered new interface driver net1080
[    1.567779] usbcore: registered new interface driver cdc_subset
[    1.574005] usbcore: registered new interface driver zaurus
[    1.579956] usbcore: registered new interface driver cdc_ncm
[    1.585906] ehci_hcd: USB 2.0 'Enhanced' Host Controller (EHCI) Driver
[    1.592742] ehci-pci: EHCI PCI platform driver
[    1.597442] ehci-platform: EHCI generic platform driver
[    1.603210] ehci-omap: OMAP-EHCI Host Controller driver
[    1.608978] ehci-omap 4a064c00.ehci: EHCI Host Controller
[    1.614654] ehci-omap 4a064c00.ehci: new USB bus registered, assigned bus number 1
[    1.622650] ehci-omap 4a064c00.ehci: can't setup: -12
[    1.627960] ehci-omap 4a064c00.ehci: USB bus 1 deregistered
[    1.633789] ehci-omap 4a064c00.ehci: failed to add hcd with err -12
[    1.640380] ehci-omap: probe of 4a064c00.ehci failed with error -12
[    1.646972] ehci-orion: EHCI orion driver
[    1.651397] SPEAr-ehci: EHCI SPEAr driver
[    1.655822] tegra-ehci: Tegra EHCI driver
[    1.660247] ohci_hcd: USB 1.1 'Open' Host Controller (OHCI) Driver
[    1.666748] ohci-pci: OHCI PCI platform driver
[    1.671447] ohci-platform: OHCI generic platform driver
[    1.677124] ohci-omap3: OHCI OMAP3 driver
[    1.681549] ohci-omap3 4a064800.ohci: OHCI Host Controller
[    1.687316] ohci-omap3 4a064800.ohci: new USB bus registered, assigned bus number 1
[    1.695312] ------------[ cut here ]------------
[    1.700164] WARNING: CPU: 1 PID: 1 at arch/arm/mm/dma-mapping.c:523 __dma_alloc+0x254/0x298()
[    1.709045] coherent pool not initialised!
[    1.713317] Modules linked in:
[    1.716522] CPU: 1 PID: 1 Comm: swapper/0 Tainted: G        W     3.15.0-rc7-next-20140602-00002-g1f9f2d3 #1
[    1.726837] [<c021577c>] (unwind_backtrace) from [<c02113ac>] (show_stack+0x10/0x14)
[    1.734924] [<c02113ac>] (show_stack) from [<c07fb940>] (dump_stack+0x70/0x8c)
[    1.742492] [<c07fb940>] (dump_stack) from [<c0248a20>] (warn_slowpath_common+0x64/0x84)
[    1.750946] [<c0248a20>] (warn_slowpath_common) from [<c0248ad4>] (warn_slowpath_fmt+0x30/0x40)
[    1.760040] [<c0248ad4>] (warn_slowpath_fmt) from [<c021ade8>] (__dma_alloc+0x254/0x298)
[    1.768493] [<c021ade8>] (__dma_alloc) from [<c021af54>] (arm_dma_alloc+0x84/0x9c)
[    1.776428] [<c021af54>] (arm_dma_alloc) from [<c0613c20>] (ohci_init+0x128/0x288)
[    1.784332] [<c0613c20>] (ohci_init) from [<c05f436c>] (usb_add_hcd+0x240/0x748)
[    1.792053] [<c05f436c>] (usb_add_hcd) from [<c0615db4>] (ohci_hcd_omap3_probe+0x14c/0x21c)
[    1.800781] [<c0615db4>] (ohci_hcd_omap3_probe) from [<c0526010>] (platform_drv_probe+0x18/0x48)
[    1.809997] [<c0526010>] (platform_drv_probe) from [<c052479c>] (driver_probe_device+0x114/0x234)
[    1.819274] [<c052479c>] (driver_probe_device) from [<c0524948>] (__driver_attach+0x8c/0x90)
[    1.828094] [<c0524948>] (__driver_attach) from [<c0523158>] (bus_for_each_dev+0x54/0x88)
[    1.836639] [<c0523158>] (bus_for_each_dev) from [<c0523fa4>] (bus_add_driver+0xd8/0x1cc)
[    1.845184] [<c0523fa4>] (bus_add_driver) from [<c0524f84>] (driver_register+0x78/0xf4)
[    1.853546] [<c0524f84>] (driver_register) from [<c0208c64>] (do_one_initcall+0x80/0x1c4)
[    1.862091] [<c0208c64>] (do_one_initcall) from [<c0abcc8c>] (kernel_init_freeable+0x100/0x1cc)
[    1.871215] [<c0abcc8c>] (kernel_init_freeable) from [<c07f70a4>] (kernel_init+0x8/0xe4)
[    1.879669] [<c07f70a4>] (kernel_init) from [<c020e6f8>] (ret_from_fork+0x14/0x3c)
[    1.887573] ---[ end trace 3406ff24bd97382f ]---
[    1.892395] ohci-omap3 4a064800.ohci: can't setup: -12
[    1.897766] ohci-omap3 4a064800.ohci: USB bus 1 deregistered
[    1.903686] ohci-omap3: probe of 4a064800.ohci failed with error -12
[    1.910400] SPEAr-ohci: OHCI SPEAr driver
[    1.915679] usbcore: registered new interface driver usb-storage
[    1.924530] mousedev: PS/2 mouse device common for all mice
[    1.933776] i2c /dev entries driver
[    1.938934] usbcore: registered new interface driver uvcvideo
[    1.944946] USB Video Class driver (1.1.1)
[    1.949249] gspca_main: v2.14.0 registered
[    1.957122] sdhci: Secure Digital Host Controller Interface driver
[    1.963592] sdhci: Copyright(c) Pierre Ossman
[    1.969573] omap_hsmmc 4809c000.mmc: unable to get vmmc regulator -517
[    1.976440] platform 4809c000.mmc: Driver omap_hsmmc requests probe deferral
[    1.984100] omap_hsmmc 480b4000.mmc: unable to get vmmc regulator -517
[    1.990966] platform 480b4000.mmc: Driver omap_hsmmc requests probe deferral
[    1.998657] omap_hsmmc 480d5000.mmc: unable to get vmmc regulator -517
[    2.005554] platform 480d5000.mmc: Driver omap_hsmmc requests probe deferral
[    2.013336] Synopsys Designware Multimedia Card Interface Driver
[    2.020385] sdhci-pltfm: SDHCI platform and OF driver helper
[    2.027587] usbcore: registered new interface driver usbhid
[    2.033416] usbhid: USB HID core driver
[    2.042968] TCP: cubic registered
[    2.046447] NET: Registered protocol family 17
[    2.051116] can: controller area network core (rev 20120528 abi 9)
[    2.057647] NET: Registered protocol family 29
[    2.062316] can: raw protocol (rev 20120528)
[    2.066772] can: broadcast manager protocol (rev 20120528 t)
[    2.072692] can: netlink gateway (rev 20130117) max_hops=1
[    2.078887] Key type dns_resolver registered
[    2.083618] twl: not initialized
[    2.086975] twl6030_uv_to_vsel:OUT OF RANGE! non mapped vsel for 1375000 Vs max 1316660
[    2.095336] twl6030_uv_to_vsel:OUT OF RANGE! non mapped vsel for 1375000 Vs max 1316660
[    2.103698] twl6030_uv_to_vsel:OUT OF RANGE! non mapped vsel for 1375000 Vs max 1316660
[    2.112060] twl6030_uv_to_vsel:OUT OF RANGE! non mapped vsel for 1375000 Vs max 1316660
[    2.120422] twl6030_uv_to_vsel:OUT OF RANGE! non mapped vsel for 1375000 Vs max 1316660
[    2.128784] twl6030_uv_to_vsel:OUT OF RANGE! non mapped vsel for 1375000 Vs max 1316660
[    2.137115] twl6030_uv_to_vsel:OUT OF RANGE! non mapped vsel for 1410000 Vs max 1316660
[    2.145507] omap2_set_init_voltage: unable to find boot up OPP for vdd_mpu
[    2.152679] omap2_set_init_voltage: unable to set vdd_mpu
[    2.158325] omap2_set_init_voltage: unable to find boot up OPP for vdd_core
[    2.165588] omap2_set_init_voltage: unable to set vdd_core
[    2.171295] omap2_set_init_voltage: unable to find boot up OPP for vdd_iva
[    2.178466] omap2_set_init_voltage: unable to set vdd_iva
[    2.184600] Power Management for TI OMAP4+ devices.
[    2.189727] Power Management for TI OMAP4.
[    2.194000] OMAP4 PM: u-boot >= v2012.07 is required for full PM support
[    2.201477] ThumbEE CPU extension supported.
[    2.205963] Registering SWP/SWPB emulation handler
[    2.212493] vwl1271: 1800 mV 
[    2.217254] Skipping twl internal clock init and using bootloader value (unknown osc rate)
[    2.227233] twl 0-0048: PIH (irq 39) nested IRQs
[    2.234008] twl_rtc 48070000.i2c:twl@48:rtc: Enabling TWL-RTC
[    2.242706] twl_rtc 48070000.i2c:twl@48:rtc: rtc core: registered 48070000.i2c:twl@48 as rtc0
[    2.252655] VAUX1_6030: 1000 <--> 3000 mV at 2800 mV 
[    2.258941] VAUX2_6030: 1200 <--> 2800 mV at 1800 mV 
[    2.265228] VAUX3_6030: 1000 <--> 3000 mV at 1200 mV 
[    2.271484] VMMC: 1200 <--> 3000 mV at 3000 mV 
[    2.277221] VPP: 1800 <--> 2500 mV at 1900 mV 
[    2.282928] VUSIM: 1200 <--> 2900 mV at 1800 mV 
[    2.288543] VDAC: 1800 mV 
[    2.288543] VANA: 2100 mV 
[    2.295654] VCXIO: 1800 mV 
[    2.299194] VUSB: 3300 mV 
[    2.302917] V1V8: 1800 mV 
[    2.306701] V2V1: 2100 mV 
[    2.313934] omap_i2c 48070000.i2c: bus 0 rev0.10 at 400 kHz
[    2.545104] random: nonblocking pool is initialized
[    3.358215] omap_i2c 48072000.i2c: controller timed out
[    3.538513] omap_i2c 48072000.i2c: bus 1 rev0.10 at 400 kHz
[    3.687927] omap_i2c 48060000.i2c: bus 2 rev0.10 at 400 kHz
[    3.878234] omap_i2c 48350000.i2c: bus 3 rev0.10 at 400 kHz
[    3.884490] backlight supply power not found, using dummy regulator
[    3.891113] pwm-backlight backlight: unable to request PWM, trying legacy API
[    3.898681] pwm-backlight backlight: unable to request legacy PWM
[    3.905151] platform backlight: Driver pwm-backlight requests probe deferral
[    3.914459] hw-breakpoint: Failed to enable monitor mode on CPU 0.
[    3.921356] hw-breakpoint: CPU 0 failed to disable vector catch
[    3.928863] omap_hsmmc 4809c000.mmc: pins are not configured from the driver
[    3.979034] omap_hsmmc 480b4000.mmc: pins are not configured from the driver
[    4.090820] mmc0: host does not support reading read-only switch. assuming write-enable.
[    4.101501] mmc0: new high speed SD card at address 3180
[    4.107482] mmcblk0: mmc0:3180 SD02G 1.83 GiB 
[    4.113586]  mmcblk0: p1 p2
[    4.118713] backlight supply power not found, using dummy regulator
[    4.125305] pwm-backlight backlight: unable to request PWM, trying legacy API
[    4.132965] pwm-backlight backlight: unable to request legacy PWM
[    4.139434] platform backlight: Driver pwm-backlight requests probe deferral
[    4.149566] twl_rtc 48070000.i2c:twl@48:rtc: setting system clock to 2014-05-31 03:44:19 UTC (1401507859)
[    4.188140] Sending DHCP requests .,
[    4.223388] mmc1: new high speed MMC card at address 0001
[    4.229736] mmcblk1: mmc1:0001 SEM08G 7.39 GiB 
[    4.234619] mmcblk1boot0: mmc1:0001 SEM08G partition 1 1.00 MiB
[    4.240966] mmcblk1boot1: mmc1:0001 SEM08G partition 2 1.00 MiB
[    4.256591] Alternate GPT is invalid, using primary GPT.
[    4.262207]  mmcblk1: p1 p2 p3 p4 p5 p6 p7 p8
[    4.268218]  OK
[    4.271942]  mmcblk1boot1: unknown partition table
[    4.278442]  mmcblk1boot0: unknown partition table
[    4.284210] IP-Config: Got DHCP answer from 192.168.1.254, [    4.284332] backlight supply power not found, using dummy regulator
[    4.284332] pwm-backlight backlight: unable to request PWM, trying legacy API
[    4.284545] pwm-backlight backlight: unable to request legacy PWM
[    4.284606] platform backlight: Driver pwm-backlight requests probe deferral

[    4.317687] my address is 192.168.1.196
[    4.321990] IP-Config: Complete:
[    4.325531]      device=eth0, hwaddr=08:00:28:01:4e:13, ipaddr=192.168.1.196, mask=255.255.255.0, gw=192.168.1.254
[    4.333496]      host=192.168.1.196, domain=ti.com, nis-domain=(none)
[    4.343109]      bootserver=192.168.1.254, rootserver=192.168.1.254, rootpath=
[    4.350555]      nameserver0=192.0.2.2, nameserver1=192.0.2.3
[    4.357421] VUSB: disabling
[    4.360809] VANA: disabling
[    4.364166] VDAC: disabling
[    4.368499] vwl1271: disabling
[    4.368499] VBAT: disabling
[    4.374877] ALSA device list:
[    4.374877]   No soundcards found.
[    4.383300] EXT4-fs (mmcblk0p2): mounting ext3 file system using the ext4 subsystem
[    4.874877] EXT4-fs (mmcblk0p2): mounted filesystem with ordered data mode. Opts: (null)
[    4.874877] VFS: Mounted root (ext3 filesystem) on device 179:2.
[    4.899353] devtmpfs: mounted
[    4.899353] Freeing unused kernel memory: 652K (c0abc000 - c0b5f000)

INIT: version 2.88 booting

Error opening /dev/fb0: No such file or directory
/dev/ttyO2 linked to /dev/tty-bd - using as console
Starting udev
[    5.497161] udevd[113]: starting version 182
[    7.889617] FAT-fs (mmcblk0p1): codepage cp437 not found
[    8.082733] FAT-fs (mmcblk0p1): codepage cp437 not found
[    8.105255] EXT4-fs (mmcblk1p5): mounted filesystem with ordered data mode. Opts: (null)
[    8.233612] EXT4-fs (mmcblk1p7): mounted filesystem with ordered data mode. Opts: (null)
[    8.257049] EXT4-fs (mmcblk1p6): warning: maximal mount count reached, running e2fsck is recommended
[    8.271728] EXT4-fs (mmcblk1p6): mounted filesystem with ordered data mode. Opts: (null)
[    8.351318] FAT-fs (mmcblk0p1): codepage cp437 not found
[    8.392272] FAT-fs (mmcblk0p1): codepage cp437 not found
ERROR: could not open directory /lib/modules/3.15.0-rc7-next-20140602-00002-g1f9f2d3: No such file or directory
WARNING: -e needs -E or -F
ERROR: could not open directory /lib/modules/3.15.0-rc7-next-20140602-00002-g1f9f2d3: No such file or directory
FATAL: could not search modules: No such file or directory
Starting Bootlog daemon: bootlogd.

[    8.561309] EXT4-fs (mmcblk0p2): re-mounted. Opts: data=ordered
ALSA: Restoring mixer settings...

Configuring network interfaces... /usr/sbin/alsactl: load_state:1696: No soundcards found...

udhcpc (v1.20.2) started

Sending discover...

Sending select for 192.168.1.155...

Lease of 192.168.1.155 obtained, lease time 600

/etc/udhcpc.d/50default: Adding DNS 192.0.2.2

/etc/udhcpc.d/50default: Adding DNS 192.0.2.3

done.


INIT: Entering runlevel: 3


/dev/ttyO2 linked to /dev/tty-bd - using as console

Starting system message bus: dbus.

Starting Dropbear SSH server: dropbear.

Starting telnet daemon.

Starting syslogd/klogd: done

Starting thttpd.

Starting Lighttpd Web Server: 2014-05-31 03:44:28: (log.c.166) server started 

lighttpd.

***************************************************************

***************************************************************

NOTICE: This file system contains the followin GPLv3 packages:

	binutils-symlinks

	binutils

	gdbserver

	parted



If you do not wish to distribute GPLv3 components please remove

the above packages prior to distribution.  This can be done using

the opkg remove command.  i.e.:

    opkg remove <package>

Where <package> is the name printed in the list above



NOTE: If the package is a dependency of another package you

      will be notified of the dependent packages.  You should

      use the --force-removal-of-dependent-packages option to

      also remove the dependent packages as well

***************************************************************

***************************************************************

Stopping Bootlog daemon: bootlogd.

 _____                    _____           _         _   
|  _  |___ ___ ___ ___   |  _  |___ ___  |_|___ ___| |_ 
|     |  _| .'| . | . |  |   __|  _| . | | | -_|  _|  _|
|__|__|_| |__,|_  |___|  |__|  |_| |___|_| |___|___|_|  
              |___|                    |___|            

Arago Project http://arago-project.org GenericOMAP4(FlattenedDeviceTree) tty-bd

Arago 2013.12 GenericOMAP4(FlattenedDeviceTree) tty-bd

GenericOMAP4(FlattenedDeviceTree) login: 
- 05:59:22 [INFO] Host: root
- 05:59:23 [INFO] Target: 
root
root@GenericOMAP4(FlattenedDeviceTree):~# 
- 05:59:23 [INFO] Host: uname -a
- 05:59:23 [INFO] Target: 
uname -a
Linux GenericOMAP4(FlattenedDeviceTree) 3.15.0-rc7-next-20140602-00002-g1f9f2d3 #1 SMP Mon Jun 2 05:54:16 CDT 2014 armv7l GNU/Linux
root@GenericOMAP4(FlattenedDeviceTree):~# 
- 05:59:23 [INFO] Host: cat /proc/cmdline
- 05:59:24 [INFO] Target: 
cat /proc/cmdline
console=ttyO2,115200n8 vram=16M earlyprintk rootwait  ip=dhcp  root=/dev/mmcblk0p2 rw rootfstype=ext3 rootwait 
root@GenericOMAP4(FlattenedDeviceTree):~# 
- 05:59:24 [INFO] Host: uname -a
- 05:59:25 [INFO] Target: 
uname -a
Linux GenericOMAP4(FlattenedDeviceTree) 3.15.0-rc7-next-20140602-00002-g1f9f2d3 #1 SMP Mon Jun 2 05:54:16 CDT 2014 armv7l GNU/Linux
root@GenericOMAP4(FlattenedDeviceTree):~# 
- 05:59:25 [INFO] Host: cat /proc/mtd
- 05:59:25 [INFO] Target: 
cat /proc/mtd
dev:    size   erasesize  name
root@GenericOMAP4(FlattenedDeviceTree):~# 
- 05:59:31 [INFO] Host: export IPERFHOST=128.247.105.47
- 05:59:31 [INFO] Target: 
export IPERFHOST=128.247.105.47
root@GenericOMAP4(FlattenedDeviceTree):~# 
- 05:59:31 [INFO] Host: export NFS_SERVER=128.247.105.47
- 05:59:32 [INFO] Target: 
export NFS_SERVER=128.247.105.47
root@GenericOMAP4(FlattenedDeviceTree):~# 
- 05:59:32 [INFO] Host: export NFS_ROOT_PATH=/usr/workdir/filesys/linux/sdp4430
- 05:59:33 [INFO] Target: 
export NFS_ROOT_PATH=/usr/workdir/file 
sys/linux/sdp4430
root@GenericOMAP4(FlattenedDeviceTree):~# 
- 05:59:33 [INFO] Host: mkdir -p -m 777 /test
- 05:59:33 [INFO] Target: 
mkdir -p -m 777 /test
root@GenericOMAP4(FlattenedDeviceTree):~# 
- 05:59:33 [INFO] Host: cd /test
- 05:59:34 [INFO] Target: 
cd /test
root@GenericOMAP4(FlattenedDeviceTree):/test# 
- 05:59:34 [INFO] Host: cat > test.sh << EOF
- 05:59:34 [INFO] Target: 
cat > test.sh << EOF
> 
- 05:59:34 [INFO] Host: failtest() {

- 05:59:35 [INFO] Target: 
failtest() {
> 
- 05:59:35 [INFO] Host:   echo 1 >&3

- 05:59:36 [INFO] Target: 
  echo 1 >&3
> 
- 05:59:36 [INFO] Host: }

- 05:59:36 [INFO] Target: 
}
> 
- 05:59:36 [INFO] Host: script=anonymous:anonymous@gtautoftp.gt.design.ti.com/anonymous/opentest/target-test-basic.sh_md5_5d260c597a39e144f6dea1bc54ee8584

- 05:59:46 [ERROR] On command: script=anonymous:anonymous@gtautoftp.gt.design.ti.com/anonymous/opentest/target-test-basic.sh_md5_5d260c597a39e144f6dea1bc54ee8584
 waiting for (?-mix:.*) >>> error: execution expired
- 05:59:46 [INFO] Target: 
script=anonymous:anonymous@gtautoftp.gt.design.ti.com/anonymous/opentest/targe 
t-test-basic.sh_md5_5d260c597a39e144f6dea1bc54ee8584
> 
- 05:59:47 [INFO] Host: timeout=600

- 05:59:47 [INFO] Target: 
timeout=600
> 
- 05:59:47 [INFO] Host: 

- 05:59:48 [INFO] Target: 

> 
- 05:59:48 [INFO] Host: # Start of user's script logic

- 05:59:48 [INFO] Target: 
# Start of user's script logic
> 
- 05:59:48 [INFO] Host: 

- 05:59:49 [INFO] Target: 

> 
- 05:59:49 [INFO] Host: 

- 05:59:50 [INFO] Target: 

> 
- 05:59:50 [INFO] Host: mount -t proc proc /proc 2>/dev/null;

- 05:59:50 [INFO] Target: 
mount -t proc proc /proc 2>/dev/null;
> 
- 05:59:50 [INFO] Host: 

- 05:59:51 [INFO] Target: 

> 
- 05:59:51 [INFO] Host: mount -t sysfs sys /sys 2>/dev/null;

- 05:59:51 [INFO] Target: 
mount -t sysfs sys /sys 2>/dev/null;
> 
- 05:59:51 [INFO] Host: 

- 05:59:52 [INFO] Target: 

> 
- 05:59:52 [INFO] Host: mount -t debugfs none /sys/kernel/debug 2>/dev/null;

- 05:59:53 [INFO] Target: 
mount -t debugfs none /sys/kernel/debug 2>/dev/null;
> 
- 05:59:53 [INFO] Host: 

- 05:59:53 [INFO] Target: 

> 
- 05:59:53 [INFO] Host: echo 'cpuinfo:';cat /proc/cpuinfo; echo '=======';

- 05:59:54 [INFO] Target: 
echo 'cpuinfo:';cat /proc/cpuinfo; echo '=======';
> 
- 05:59:54 [INFO] Host: 

- 05:59:54 [INFO] Target: 

> 
- 05:59:55 [INFO] Host: echo 'soc info:';head /sys/devices/soc0/* 2>/dev/null; echo '=======';

- 05:59:55 [INFO] Target: 
echo 'soc info:';head /sys/devices/soc0/* 2>/dev/null; echo '=======';
> 
- 05:59:55 [INFO] Host: 

- 05:59:56 [INFO] Target: 

> 
- 05:59:56 [INFO] Host: echo 'interrupts:';cat /proc/interrupts; echo '=======';

- 05:59:56 [INFO] Target: 
echo 'interrupts:';cat /proc/interrupts; echo '=======';
> 
- 05:59:57 [INFO] Host: 

- 05:59:57 [INFO] Target: 

> 
- 05:59:57 [INFO] Host: echo 'Clk_summary:';cat /sys/kernel/debug/clk/clk_summary; echo '=======';

- 05:59:58 [INFO] Target: 
echo 'Clk_summary:';cat /sys/kernel/debug/clk/clk_summary; echo '=======';
> 
- 05:59:58 [INFO] Host: 

- 05:59:58 [INFO] Target: 

> 
- 05:59:58 [INFO] Host: echo 'Orphan Clks:';ls /sys/kernel/debug/clk/orphans/; echo '=======';

- 05:59:59 [INFO] Target: 
echo 'Orphan Clks:';ls /sys/kernel/debug/clk/orphans/; echo '=======';
> 
- 05:59:59 [INFO] Host: 

- 05:59:59 [INFO] Target: 

> 
- 06:00:00 [INFO] Host: echo 'H''ello World' 'B''oard Booted';

- 06:00:00 [INFO] Target: 
echo 'H''ello World' 'B''oard Booted';
> 
- 06:00:00 [INFO] Host: 

- 06:00:01 [INFO] Target: 

> 
- 06:00:01 [INFO] Host: EOF
- 06:00:01 [INFO] Target: 
EOF
root@GenericOMAP4(FlattenedDeviceTree):/test# 
- 06:00:01 [INFO] Host: cd /test
- 06:00:02 [INFO] Target: 
cd /test
root@GenericOMAP4(FlattenedDeviceTree):/test# 
- 06:00:02 [INFO] Host: chmod +x test.sh
- 06:00:02 [INFO] Target: 
chmod +x test.sh
root@GenericOMAP4(FlattenedDeviceTree):/test# 
- 06:00:02 [INFO] Host: ./test.sh 2> stderr.log > stdout.log 3> result.log
- 06:00:03 [INFO] Target: 
./test.sh 2> stderr.log > stdout.l 
og 3> result.log
root@GenericOMAP4(FlattenedDeviceTree):/test# 
- 06:00:03 [INFO] Host: echo $?
- 06:00:04 [INFO] Target: 
echo $?
0
root@GenericOMAP4(FlattenedDeviceTree):/test# 
- 06:00:04 [INFO] Host: cd /test
- 06:00:04 [INFO] Target: 
cd /test
root@GenericOMAP4(FlattenedDeviceTree):/test# 
- 06:00:04 [INFO] Host: cat stdout.log
- 06:00:06 [INFO] Target: 
cat stdout.log
cpuinfo:
processor	: 0
model name	: ARMv7 Processor rev 2 (v7l)
Features	: swp half thumb fastmult vfp edsp thumbee neon vfpv3 tls vfpd32 
CPU implementer	: 0x41
CPU architecture: 7
CPU variant	: 0x1
CPU part	: 0xc09
CPU revision	: 2

processor	: 1
model name	: ARMv7 Processor rev 2 (v7l)
Features	: swp half thumb fastmult vfp edsp thumbee neon vfpv3 tls vfpd32 
CPU implementer	: 0x41
CPU architecture: 7
CPU variant	: 0x1
CPU part	: 0xc09
CPU revision	: 2

Hardware	: Generic OMAP4 (Flattened Device Tree)
Revision	: 0000
Serial		: 0000000000000000
=======
soc info:
==> /sys/devices/soc0/family <==
OMAP4

==> /sys/devices/soc0/machine <==
OMAP4430

==> /sys/devices/soc0/power <==

==> /sys/devices/soc0/revision <==
ES2.2

==> /sys/devices/soc0/subsystem <==

==> /sys/devices/soc0/type <==
GP

==> /sys/devices/soc0/uevent <==
=======
interrupts:
           CPU0       CPU1       
 29:       2373       2727       GIC  29  twd
 39:          0          0       GIC  39  TWL6030-PIH
 41:          0          0       GIC  41  l3-dbg-irq
 42:          0          0       GIC  42  l3-app-irq
 44:          0          0       GIC  44  DMA
 45:       3284          0       GIC  45  omap-dma-engine
 52:          0          0       GIC  52  gpmc
 69:        239          0       GIC  69  gp_timer
 88:        266          0       GIC  88  48070000.i2c
 89:      43594          0       GIC  89  48072000.i2c
 91:         13          0       GIC  91  mmc2
 93:        127          0       GIC  93  48060000.i2c
 94:        155          0       GIC  94  48350000.i2c
106:       4141          0       GIC 106  OMAP UART2
115:       4161          0       GIC 115  mmc0
118:       1798          0       GIC 118  mmc1
194:         25          0      GPIO   2  eth0
363:          1          0      PRCM  pinctrl, pinctrl
419:          1          0   pinctrl 260  OMAP UART2
421:          0          0   twl6030  11  rtc0
IPI0:          0          1  CPU wakeup interrupts
IPI1:          0        115  Timer broadcast interrupts
IPI2:       1656      45313  Rescheduling interrupts
IPI3:          0          0  Function call interrupts
IPI4:        149        214  Single function call interrupts
IPI5:          0          0  CPU stop interrupts
IPI6:          0          0  IRQ work interrupts
IPI7:          0          0  completion interrupts
Err:          0
=======
Clk_summary:
   clock                         enable_cnt  prepare_cnt        rate   accuracy
--------------------------------------------------------------------------------
 dummy_ck                                 0            0           0          0
 xclk60motg_ck                            0            0    60000000          0
 xclk60mhsp2_ck                           0            0    60000000          0
 xclk60mhsp1_ck                           0            0    60000000          0
 utmi_phy_clkout_ck                       0            1    60000000          0
    otg_60m_gfclk                         0            1    60000000          0
       usb_otg_hs_xclk                    0            1    60000000          0
 tie_low_clock_ck                         0            0           0          0
 virt_38400000_ck                         1            1    38400000          0
    sys_clkin_ck                          6           15    38400000          0
       dpll_usb_ck                        0            1   960000000          0
          dpll_usb_m2_ck                  0            1   960000000          0
             usb_host_hs_hsic480m_p2_clk           0            0   960000000          0
             usb_host_hs_hsic480m_p1_clk           0            0   960000000          0
             init_60m_fclk                0            1   120000000          0
                usb_tll_hs_usb_ch1_clk           0            0   120000000          0
                usb_tll_hs_usb_ch0_clk           0            0   120000000          0
                usb_tll_hs_usb_ch2_clk           0            0   120000000          0
                usb_host_hs_fck           0            1   120000000          0
                usb_host_hs_hsic60m_p2_clk           0            0   120000000          0
                usb_host_hs_hsic60m_p1_clk           0            0   120000000          0
                usb_host_hs_utmi_p3_clk           0            0   120000000          0
                utmi_p2_gfclk             0            0   120000000          0
                   usb_host_hs_utmi_p2_clk           0            0   120000000          0
                utmi_p1_gfclk             0            0   120000000          0
                   usb_host_hs_utmi_p1_clk           0            0   120000000          0
          dpll_usb_clkdcoldo_ck           0            0   960000000          0
       auxclk5_src_ck                     0            0    38400000          0
          auxclk5_ck                      0            0    38400000          0
             auxclkreq5_ck                0            0    38400000          0
       auxclk4_src_ck                     0            0    38400000          0
          auxclk4_ck                      0            0    19200000          0
             auxclkreq4_ck                0            0    19200000          0
       auxclk3_src_ck                     0            0    38400000          0
          auxclk3_ck                      0            0    38400000          0
             auxclkreq3_ck                0            0    38400000          0
       auxclk2_src_ck                     0            0    38400000          0
          auxclk2_ck                      0            0    38400000          0
             auxclkreq2_ck                0            0    38400000          0
       auxclk1_src_ck                     0            0    38400000          0
          auxclk1_ck                      0            0    38400000          0
             auxclkreq1_ck                0            0    38400000          0
       auxclk0_src_ck                     0            0    38400000          0
          auxclk0_ck                      0            0    38400000          0
             auxclkreq0_ck                0            0    38400000          0
       cm2_dm9_mux                        0            1    38400000          0
       cm2_dm4_mux                        0            1    38400000          0
       cm2_dm3_mux                        0            1    38400000          0
       cm2_dm2_mux                        0            1    38400000          0
       cm2_dm11_mux                       0            1    38400000          0
       cm2_dm10_mux                       0            1    38400000          0
       dpll_per_ck                        1            2   768000000          0
          dpll_per_x2_ck                  1            3  1536000000          0
             dpll_per_m7x2_ck             0            0   307200000          0
             dpll_per_m6x2_ck             0            0   384000000          0
             dpll_per_m5x2_ck             0            1   170666667          0
                dss_dss_clk               0            5   170666667          0
             dpll_per_m4x2_ck             0            1   128000000          0
                fdif_fck                  0            1   128000000          0
                func_64m_fclk             0            0    64000000          0
                usim_ck                   0            0     9142858          0
                   usim_fclk              0            0     9142858          0
             dpll_per_m3x2_ck             0            0   256000000          0
             dpll_per_m2x2_ck             1            6   192000000          0
                hsi_fck                   0            1   192000000          0
                func_96m_fclk             0            8    96000000          0
                   hsmmc2_fclk            0            1    96000000          0
                   hsmmc1_fclk            0            1    96000000          0
                   mcbsp4_sync_mux_ck           0            2    96000000          0
                      per_mcbsp4_gfclk           0            1    96000000          0
                   iss_ctrlclk            0            1    96000000          0
                func_48mc_fclk            0            1    48000000          0
                   usb_host_hs_func48mclk           0            0    48000000          0
                   usb_host_fs_fck           0            0    48000000          0
                   dss_48mhz_clk           0            2    48000000          0
                func_48m_fclk             4           12    48000000          0
                   ocp2scp_usb_phy_phy_48m           0            1    48000000          0
                func_24mc_fclk            0            1    24000000          0
                   slimbus2_fclk_0           0            1    24000000          0
                func_12m_fclk             0            1    12000000          0
          dpll_per_m2_ck                  0            1    96000000          0
             func_24m_clk                 0            1    24000000          0
                slimbus1_fclk_1           0            1    24000000          0
       per_hsd_byp_clk_mux_ck             0            0    38400000          0
       dpll_mpu_ck                        2            2   600000000          0
          dpll_mpu_m2_ck                  1            1   600000000          0
          mpu_periphclk                   1            1   300000000          0
       dpll_core_ck                       2            2   800000000          0
          dpll_core_x2_ck                 1            2  1600000000          0
             dpll_core_m7x2_ck            0            1   320000000          0
                sgx_clk_mux               0            1   320000000          0
             dpll_core_m3x2_ck            0            0   320000000          0
             dpll_core_m4x2_ck            0            0   200000000          0
                dll_clk_div_ck            0            0   100000000          0
             dpll_core_m5x2_ck            1            1   400000000          0
                div_mpu_hs_clk            0            0   400000000          0
                div_iva_hs_clk            0            0   400000000          0
                div_core_ck               1            2   400000000          0
                   ducati_clk_mux_ck           0            3   400000000          0
                   l3_div_ck             41           43   200000000          0
                      usb_otg_hs_ick           0            1   200000000          0
                      sha2md5_fck           0            0   200000000          0
                      dss_fck             7            8   200000000          0
                      aes2_fck            0            0   200000000          0
                      aes1_fck            0            0   200000000          0
                      l4_div_ck          62           67   100000000          0
                         usb_tll_hs_ick           0            1   100000000          0
             dpll_core_m6x2_ck            0            0   266666667          0
          dpll_core_m2_ck                 1            1   800000000          0
             ddrphy_ck                    2            2   400000000          0
       pmd_trace_clk_mux_ck               0            1    38400000          0
          trace_clk_div_div_ck            0            1    38400000          0
             trace_clk_div_ck             0            1    38400000          0
       pmd_stm_clock_mux_ck               0            0    38400000          0
          stm_clk_div_ck                  0            0    19200000          0
       syc_clk_div_ck                     0            5    38400000          0
          dss_sys_clk                     0            4    38400000          0
          timer5_sync_mux                 0            1    38400000          0
          timer6_sync_mux                 0            1    38400000          0
          timer7_sync_mux                 0            1    38400000          0
          timer8_sync_mux                 0            1    38400000          0
       l4_wkup_clk_mux_ck                10           14    38400000          0
          smartreflex_mpu_fck             0            1    38400000          0
          smartreflex_iva_fck             0            1    38400000          0
          smartreflex_core_fck            0            1    38400000          0
       dbgclk_mux_ck                      1            1    38400000          0
       abe_dpll_bypass_clk_mux_ck           0            0    38400000          0
       core_hsd_byp_clk_mux_ck            0            0    38400000          0
       iva_hsd_byp_clk_mux_ck             1            1    38400000          0
          dpll_iva_ck                     1            1    38400000          0
             dpll_iva_x2_ck               1            2    38400000          0
                dpll_iva_m5x2_ck           1            2     9600000          0
                dpll_iva_m4x2_ck           0            2     9600000          0
 virt_27000000_ck                         0            0    27000000          0
 virt_26000000_ck                         0            0    26000000          0
 virt_19200000_ck                         0            0    19200000          0
 virt_16800000_ck                         0            0    16800000          0
 virt_13000000_ck                         0            0    13000000          0
 virt_12000000_ck                         0            0    12000000          0
 sys_32k_ck                               3           13       32768          0
    usb_phy_cm_clk32k                     0            1       32768          0
    gpio6_dbclk                           0            1       32768          0
    gpio5_dbclk                           0            1       32768          0
    gpio4_dbclk                           0            1       32768          0
    gpio3_dbclk                           0            1       32768          0
    gpio2_dbclk                           0            1       32768          0
    bandgap_fclk                          0            0       32768          0
    dmt1_clk_mux                          1            1       32768          0
    gpio1_dbclk                           0            1       32768          0
    abe_dpll_refclk_mux_ck                1            1       32768          0
       dpll_abe_ck                        1            2    98304000          0
          dpll_abe_x2_ck                  1            1   196608000          0
             dpll_abe_m3x2_ck             0            0    98304000          0
                usb_hs_clk_div_ck           0            0    32768000          0
                per_hs_clk_div_ck           0            0    49152000          0
             dpll_abe_m2x2_ck             1            2    98304000          0
                lp_clk_div_ck             0            0     6144000          0
                abe_clk                   1            1    98304000          0
                   aess_fclk              1            2    98304000          0
                      ocp_abe_iclk          20           20    49152000          0
                abe_24m_fclk              0            6    12288000          0
                   slimbus1_fclk_0           0            1    12288000          0
                   mcbsp3_sync_mux_ck           0            2    12288000          0
                      func_mcbsp3_gfclk           0            1    12288000          0
                   mcbsp2_sync_mux_ck           0            2    12288000          0
                      func_mcbsp2_gfclk           0            1    12288000          0
                   mcbsp1_sync_mux_ck           0            2    12288000          0
                      func_mcbsp1_gfclk           0            1    12288000          0
                   mcasp_sync_mux_ck           0            1    12288000          0
                      func_mcasp_abe_gfclk           0            1    12288000          0
                   dmic_sync_mux_ck           0            1    12288000          0
                      func_dmic_abe_gfclk           0            1    12288000          0
          dpll_abe_m2_ck                  0            1    98304000          0
             per_abe_nc_fclk              0            0    98304000          0
             per_abe_24m_fclk             0            1    24576000          0
                slimbus2_fclk_1           0            1    24576000          0
 slimbus_src_clk                          0            1    12000000          0
    slimbus_clk                           0            1    12000000          0
       slimbus1_slimbus_clk               0            1    12000000          0
 secure_32k_clk_src_ck                    0            0       32768          0
 pad_slimbus_core_clks_ck                 0            1    12000000          0
    slimbus2_slimbus_clk                  0            1    12000000          0
 pad_clks_src_ck                          0            1    12000000          0
    pad_clks_ck                           0            6    12000000          0
       slimbus1_fclk_2                    0            1    12000000          0
 extalt_clkin_ck                          0            1    59000000          0
    dss_tv_clk                            0            2    59000000          0
=======
Orphan Clks:
=======
Hello World Board Booted
root@GenericOMAP4(FlattenedDeviceTree):/test# 
- 06:00:06 [INFO] Host: cat stderr.log
- 06:00:07 [INFO] Target: 
cat stderr.log
root@GenericOMAP4(FlattenedDeviceTree):/test# 
- 06:00:07 [INFO] Host: cat result.log
- 06:00:09 [ERROR] On command: cat result.log waiting for (?m-ix:^1[\0\n\r]+) >>> error: execution expired
- 06:00:09 [INFO] Target: 
cat result.log
root@GenericOMAP4(FlattenedDeviceTree):/test# 
- 06:00:09 [INFO] Host: cd /test
- 06:00:10 [INFO] Target: 
cd /test
root@GenericOMAP4(FlattenedDeviceTree):/test# 
