- 01:17:27 [INFO] Starting target session
- 01:17:29 [INFO] Connected to sdp4430 via serial 
- 01:17:29 [INFO] Host: #check prompt
- 01:17:32 [ERROR] On command: #check prompt waiting for #check prompt.+?(?-mix:((?-mix:.*\s+login)|[Pp]assword)) >>> error: execution expired
- 01:17:32 [INFO] Target: 
#check prompt
root@TI-OMAP4-SDP-board:/test# 
- 01:17:32 [INFO] Host: #check prompt
- 01:17:32 [INFO] Target: 
#check prompt
root@TI-OMAP4-SDP-board:/test# 
- 01:17:32 [INFO] Host: sync;poweroff
- 01:17:46 [INFO] Target: 
sync;poweroff
Broadcast message from root@TI-OMAP4-SDP-board (ttyO2) (Wed Aug  5 03:33:00 2
The system is going down >j(*UStopping Dropbear SSH server: stopped /usr/sbin/dropbear (pid 698)
dropbear.
[ 2533.023132] ------------[ cut here ]------------
[ 2533.030670] WARNING: CPU: 0 PID: 698 at include/net/sock.h:1408 tcp_close+0x1d4/0x518
[ 2533.038940] Modules linked in:
[ 2533.038970] CPU: 0 PID: 698 Comm: dropbear Tainted: G        W       4.6.0-rc3-next-20160415-00002-gc4767870544a #1
[ 2533.046783] Hardware name: Generic OMAP4 (Flattened Device Tree)
[ 2533.056762] [<c01101dc>] (unwind_backtrace) from [<c010c2ac>] (show_stack+0x10/0x14)
[ 2533.066772] [<c010c2ac>] (show_stack) from [<c047ed5c>] (dump_stack+0xb0/0xe4)
[ 2533.066772] [<c047ed5c>] (dump_stack) from [<c0137670>] (__warn+0xd4/0x100)
[ 2533.076782] [<c0137670>] (__warn) from [<c0137748>] (warn_slowpath_null+0x20/0x28)
[ 2533.086761] [<c0137748>] (warn_slowpath_null) from [<c06aefa4>] (tcp_close+0x1d4/0x518)
[ 2533.096771] [<c06aefa4>] (tcp_close) from [<c06dbe2c>] (inet_release+0x44/0x70)
[ 2533.096771] [<c06dbe2c>] (inet_release) from [<c0643714>] (sock_release+0x20/0xb8)
[ 2533.096771] [<c0643714>] (sock_release) from [<c06437b8>] (sock_close+0xc/0x14)
[ 2533.116729] [<c06437b8>] (sock_close) from [<c0291970>] (__fput+0x80/0x1d0)
[ 2533.129180] [<c0291970>] (__fput) from [<c0159314>] (task_work_run+0x90/0xc4)
[ 2533.129180] [<c0159314>] (task_work_run) from [<c013c6dc>] (do_exit+0x360/0xb88)
[ 2533.136779] [<c013c6dc>] (do_exit) from [<c013cf6c>] (do_group_exit+0x3c/0xbc)
[ 2533.151916] [<c013cf6c>] (do_group_exit) from [<c013cffc>] (__wake_up_parent+0x0/0x18)
[ 2533.160217] ---[ end trace 979ba36af6daa55a ]---
[ 2533.165985] ------------[ cut here ]------------
[ 2533.170959] WARNING: CPU: 0 PID: 698 at include/net/sock.h:1408 tcp_close+0x1d4/0x518
[ 2533.179260] Modules linked in:
[ 2533.179290] CPU: 0 PID: 698 Comm: dropbear Tainted: G        W       4.6.0-rc3-next-20160415-00002-gc4767870544a #1
[ 2533.179290] Hardware name: Generic OMAP4 (Flattened Device Tree)
[ 2533.179290] [<c01101dc>] (unwind_backtrace) from [<c010c2ac>] (show_stack+0x10/0x14)
[ 2533.179351] [<c010c2ac>] (show_stack) from [<c047ed5c>] (dump_stack+0xb0/0xe4)
[ 2533.179351] [<c047ed5c>] (dump_stack) from [<c0137670>] (__warn+0xd4/0x100)
[ 2533.179351] [<c0137670>] (__warn) from [<c0137748>] (warn_slowpath_null+0x20/0x28)
[ 2533.179412] [<c0137748>] (warn_slowpath_null) from [<c06aefa4>] (tcp_close+0x1d4/0x518)
[ 2533.179443] [<c06aefa4>] (tcp_close) from [<c06dbe2c>] (inet_release+0x44/0x70)
[ 2533.179443] [<c06dbe2c>] (inet_release) from [<c0643714>] (sock_release+0x20/0xb8)
[ 2533.179473] [<c0643714>] (sock_release) from [<c06437b8>] (sock_close+0xc/0x14)
[ 2533.179504] [<c06437b8>] (sock_close) from [<c0291970>] (__fput+0x80/0x1d0)
[ 2533.179504] [<c0291970>] (__fput) from [<c0159314>] (task_work_run+0x90/0xc4)
[ 2533.179534] [<c0159314>] (task_work_run) from [<c013c6dc>] (do_exit+0x360/0xb88)
[ 2533.179534] [<c013c6dc>] (do_exit) from [<c013cf6c>] (do_group_exit+0x3c/0xbc)
[ 2533.179534] [<c013cf6c>] (do_group_exit) from [<c013cffc>] (__wake_up_parent+0x0/0x18)
[ 2533.179565] ---[ end trace 979ba36af6daa55b ]---
Stopping telnet daemon.
Stopping system message bus: dbus.
hwclock: can't open '/dev/misc/rtc': No such file or directory
Error opening /dev/fb0: No such file or directory
Stopping syslogd/klogd: stopped syslogd (pid 724)
stopped klogd (pid 727)
done
Stopping thttpd[ 2533.512420] ------------[ cut here ]------------
[ 2533.518920] WARNING: CPU: 0 PID: 730 at include/net/sock.h:1408 tcp_close+0x1d4/0x518
[ 2533.527160] Modules linked in:
[ 2533.530395] CPU: 0 PID: 730 Comm: thttpd Tainted: G        W       4.6.0-rc3-next-20160415-00002-gc4767870544a #1
[ 2533.541107] Hardware name: Generic OMAP4 (Flattened Device Tree)
[ 2533.547424] [<c01101dc>] (unwind_backtrace) from [<c010c2ac>] (show_stack+0x10/0x14)
[ 2533.548767] [<c010c2ac>] (show_stack) from [<c047ed5c>] (dump_stack+0xb0/0xe4)
[ 2533.556762] [<c047ed5c>] (dump_stack) from [<c0137670>] (__warn+0xd4/0x100)
[ 2533.566772] [<c0137670>] (__warn) from [<c0137748>] (warn_slowpath_null+0x20/0x28)
[ 2533.576751] [<c0137748>] (warn_slowpath_null) from [<c06aefa4>] (tcp_close+0x1d4/0x518)
[ 2533.586700] [<c06aefa4>] (tcp_close) from [<c06dbe2c>] (inet_release+0x44/0x70)
[ 2533.594360] [<c06dbe2c>] (inet_release) from [<c0643714>] (sock_release+0x20/0xb8)
[ 2533.596740] [<c0643714>] (sock_release) from [<c06437b8>] (sock_close+0xc/0x14)
[ 2533.609924] [<c06437b8>] (sock_close) from [<c0291970>] (__fput+0x80/0x1d0)
[ 2533.616760] [<c0291970>] (__fput) from [<c0159314>] (task_work_run+0x90/0xc4)
[ 2533.624694] [<c0159314>] (task_work_run) from [<c010bc94>] (do_work_pending+0xb8/0xbc)
[ 2533.628784] [<c010bc94>] (do_work_pending) from [<c0107868>] (slow_work_pending+0xc/0x20)
[ 2533.641571] ---[ end trace 979ba36af6daa55c ]---
stopping statd: [ 2533.676910] ------------[ cut here ]------------
done[ 2533.681945] WARNING: CPU: 1 PID: 716 at include/net/sock.h:1408 udp_queue_rcv_skb+0x3a4/0x5ec
[ 2533.681945] Modules linked in:
[ 2533.694549] CPU: 1 PID: 716 Comm: rpc.statd Tainted: G        W       4.6.0-rc3-next-20160415-00002-gc4767870544a #1
[ 2533.700042] Hardware name: Generic OMAP4 (Flattened Device Tree)
[ 2533.711914] [<c01101dc>] (unwind_backtrace) from [<c010c2ac>] (show_stack+0x10/0x14)
[ 2533.712005] [<c010c2ac>] (show_stack) from [<c047ed5c>] (dump_stack+0xb0/0xe4)
[ 2533.712005] [<c047ed5c>] (dump_stack) from [<c0137670>] (__warn+0xd4/0x100)
[ 2533.712005] [<c0137670>] (__warn) from [<c0137748>] (warn_slowpath_null+0x20/0x28)
[ 2533.712066] [<c0137748>] (warn_slowpath_null) from [<c06d0eec>] (udp_queue_rcv_skb+0x3a4/0x5ec)
[ 2533.712097] [<c06d0eec>] (udp_queue_rcv_skb) from [<c06d165c>] (__udp4_lib_rcv+0x528/0xbe8)
[ 2533.712097] [<c06d165c>] (__udp4_lib_rcv) from [<c069a2fc>] (ip_local_deliver_finish+0xb8/0x4e0)
[ 2533.712127] [<c069a2fc>] (ip_local_deliver_finish) from [<c069b0c4>] (ip_local_deliver+0xc8/0xd4)
[ 2533.712127] [<c069b0c4>] (ip_local_deliver) from [<c069b5ac>] (ip_rcv+0x4dc/0x748)
[ 2533.712158] [<c069b5ac>] (ip_rcv) from [<c065e858>] (__netif_receive_skb_core+0x378/0xaa8)
[ 2533.712188] [<c065e858>] (__netif_receive_skb_core) from [<c0662de0>] (process_backlog+0x68/0x220)
[ 2533.712188] [<c0662de0>] (process_backlog) from [<c0662008>] (net_rx_action+0x1dc/0x444)
[ 2533.712219] [<c0662008>] (net_rx_action) from [<c013de78>] (__do_softirq+0xc4/0x558)
[ 2533.712219] [<c013de78>] (__do_softirq) from [<c013e3dc>] (do_softirq+0x74/0x80)
[ 2533.712249] [<c013e3dc>] (do_softirq) from [<c013e4c8>] (__local_bh_enable_ip+0xe0/0x104)
[ 2533.712249] [<c013e4c8>] (__local_bh_enable_ip) from [<c069ef90>] (ip_finish_output2+0x2bc/0x748)
[ 2533.712280] [<c069ef90>] (ip_finish_output2) from [<c06a20e4>] (ip_output+0x180/0x1d4)
[ 2533.712280] [<c06a20e4>] (ip_output) from [<c06a2a64>] (ip_send_skb+0x1c/0xf0)
[ 2533.712310] [<c06a2a64>] (ip_send_skb) from [<c06ce418>] (udp_send_skb+0x21c/0x2dc)
[ 2533.712310] [<c06ce418>] (udp_send_skb) from [<c06d0020>] (udp_sendmsg+0x268/0x960)
[ 2533.712341] [<c06d0020>] (udp_sendmsg) from [<c06443f0>] (sock_sendmsg+0x14/0x24)
[ 2533.712341] [<c06443f0>] (sock_sendmsg) from [<c0645670>] (SyS_sendto+0xb8/0xe0)
[ 2533.712371] [<c0645670>] (SyS_sendto) from [<c0107840>] (ret_fast_syscall+0x0/0x1c)
[ 2533.712432] ---[ end trace 979ba36af6daa55d ]---
[ 2533.720123] ------------[ cut here ]------------
[ 2533.720489] WARNING: CPU: 0 PID: 705 at include/net/sock.h:1408 udp_queue_rcv_skb+0x3a4/0x5ec
[ 2533.720520] Modules linked in:
[ 2533.720520] CPU: 0 PID: 705 Comm: rpcbind Tainted: G        W       4.6.0-rc3-next-20160415-00002-gc4767870544a #1
[ 2533.720520] Hardware name: Generic OMAP4 (Flattened Device Tree)
[ 2533.720520] [<c01101dc>] (unwind_backtrace) from [<c010c2ac>] (show_stack+0x10/0x14)
[ 2533.720581] [<c010c2ac>] (show_stack) from [<c047ed5c>] (dump_stack+0xb0/0xe4)
[ 2533.720581] [<c047ed5c>] (dump_stack) from [<c0137670>] (__warn+0xd4/0x100)
[ 2533.720611] [<c0137670>] (__warn) from [<c0137748>] (warn_slowpath_null+0x20/0x28)
[ 2533.720642] [<c0137748>] (warn_slowpath_null) from [<c06d0eec>] (udp_queue_rcv_skb+0x3a4/0x5ec)
[ 2533.720642] [<c06d0eec>] (udp_queue_rcv_skb) from [<c06d165c>] (__udp4_lib_rcv+0x528/0xbe8)
[ 2533.720672] [<c06d165c>] (__udp4_lib_rcv) from [<c069a2fc>] (ip_local_deliver_finish+0xb8/0x4e0)
[ 2533.720672] [<c069a2fc>] (ip_local_deliver_finish) from [<c069b0c4>] (ip_local_deliver+0xc8/0xd4)
[ 2533.720672] [<c069b0c4>] (ip_local_deliver) from [<c069b5ac>] (ip_rcv+0x4dc/0x748)
[ 2533.720703] [<c069b5ac>] (ip_rcv) from [<c065e858>] (__netif_receive_skb_core+0x378/0xaa8)
[ 2533.720733] [<c065e858>] (__netif_receive_skb_core) from [<c0662de0>] (process_backlog+0x68/0x220)
[ 2533.720733] [<c0662de0>] (process_backlog) from [<c0662008>] (net_rx_action+0x1dc/0x444)
[ 2533.720733] [<c0662008>] (net_rx_action) from [<c013de78>] (__do_softirq+0xc4/0x558)
[ 2533.720764] [<c013de78>] (__do_softirq) from [<c013e3dc>] (do_softirq+0x74/0x80)
[ 2533.720764] [<c013e3dc>] (do_softirq) from [<c013e4c8>] (__local_bh_enable_ip+0xe0/0x104)
[ 2533.720794] [<c013e4c8>] (__local_bh_enable_ip) from [<c069ef90>] (ip_finish_output2+0x2bc/0x748)
[ 2533.720794] [<c069ef90>] (ip_finish_output2) from [<c06a20e4>] (ip_output+0x180/0x1d4)
[ 2533.720825] [<c06a20e4>] (ip_output) from [<c06a2a64>] (ip_send_skb+0x1c/0xf0)
[ 2533.720825] [<c06a2a64>] (ip_send_skb) from [<c06ce418>] (udp_send_skb+0x21c/0x2dc)
[ 2533.720855] [<c06ce418>] (udp_send_skb) from [<c06d0020>] (udp_sendmsg+0x268/0x960)
[ 2533.720855] [<c06d0020>] (udp_sendmsg) from [<c06443f0>] (sock_sendmsg+0x14/0x24)
[ 2533.720886] [<c06443f0>] (sock_sendmsg) from [<c0644c88>] (___sys_sendmsg+0x200/0x20c)
[ 2533.720886] [<c0644c88>] (___sys_sendmsg) from [<c06459bc>] (__sys_sendmsg+0x40/0x70)
[ 2533.720916] [<c06459bc>] (__sys_sendmsg) from [<c0107840>] (ret_fast_syscall+0x0/0x1c)
[ 2533.720916] ---[ end trace 979ba36af6daa55e ]---
[ 2533.721130] ------------[ cut here ]------------
[ 2533.721771] WARNING: CPU: 1 PID: 716 at include/net/sock.h:1408 udp_queue_rcv_skb+0x3a4/0x5ec
[ 2533.721771] Modules linked in:
[ 2533.721801] CPU: 1 PID: 716 Comm: rpc.statd Tainted: G        W       4.6.0-rc3-next-20160415-00002-gc4767870544a #1
[ 2533.721801] Hardware name: Generic OMAP4 (Flattened Device Tree)
[ 2533.721801] [<c01101dc>] (unwind_backtrace) from [<c010c2ac>] (show_stack+0x10/0x14)
[ 2533.721801] [<c010c2ac>] (show_stack) from [<c047ed5c>] (dump_stack+0xb0/0xe4)
[ 2533.721801] [<c047ed5c>] (dump_stack) from [<c0137670>] (__warn+0xd4/0x100)
[ 2533.721893] [<c0137670>] (__warn) from [<c0137748>] (warn_slowpath_null+0x20/0x28)
[ 2533.721893] [<c0137748>] (warn_slowpath_null) from [<c06d0eec>] (udp_queue_rcv_skb+0x3a4/0x5ec)
[ 2533.721923] [<c06d0eec>] (udp_queue_rcv_skb) from [<c06d165c>] (__udp4_lib_rcv+0x528/0xbe8)
[ 2533.721923] [<c06d165c>] (__udp4_lib_rcv) from [<c069a2fc>] (ip_local_deliver_finish+0xb8/0x4e0)
[ 2533.721954] [<c069a2fc>] (ip_local_deliver_finish) from [<c069b0c4>] (ip_local_deliver+0xc8/0xd4)
[ 2533.721954] [<c069b0c4>] (ip_local_deliver) from [<c069b5ac>] (ip_rcv+0x4dc/0x748)
[ 2533.721984] [<c069b5ac>] (ip_rcv) from [<c065e858>] (__netif_receive_skb_core+0x378/0xaa8)
[ 2533.721984] [<c065e858>] (__netif_receive_skb_core) from [<c0662de0>] (process_backlog+0x68/0x220)
[ 2533.722015] [<c0662de0>] (process_backlog) from [<c0662008>] (net_rx_action+0x1dc/0x444)
[ 2533.722015] [<c0662008>] (net_rx_action) from [<c013de78>] (__do_softirq+0xc4/0x558)
[ 2533.722015] [<c013de78>] (__do_softirq) from [<c013e3dc>] (do_softirq+0x74/0x80)
[ 2533.722045] [<c013e3dc>] (do_softirq) from [<c013e4c8>] (__local_bh_enable_ip+0xe0/0x104)
[ 2533.722045] [<c013e4c8>] (__local_bh_enable_ip) from [<c069ef90>] (ip_finish_output2+0x2bc/0x748)
[ 2533.722076] [<c069ef90>] (ip_finish_output2) from [<c06a20e4>] (ip_output+0x180/0x1d4)
[ 2533.722076] [<c06a20e4>] (ip_output) from [<c06a2a64>] (ip_send_skb+0x1c/0xf0)
[ 2533.722106] [<c06a2a64>] (ip_send_skb) from [<c06ce418>] (udp_send_skb+0x21c/0x2dc)
[ 2533.722106] [<c06ce418>] (udp_send_skb) from [<c06d0020>] (udp_sendmsg+0x268/0x960)
[ 2533.722137] [<c06d0020>] (udp_sendmsg) from [<c06443f0>] (sock_sendmsg+0x14/0x24)
[ 2533.722137] [<c06443f0>] (sock_sendmsg) from [<c0645670>] (SyS_sendto+0xb8/0xe0)
[ 2533.722167] [<c0645670>] (SyS_sendto) from [<c0107840>] (ret_fast_syscall+0x0/0x1c)
[ 2533.722167] ---[ end trace 979ba36af6daa55f ]---
[ 2533.728637] ------------[ cut here ]------------
[ 2533.728881] WARNING: CPU: 0 PID: 705 at include/net/sock.h:1408 udp_queue_rcv_skb+0x3a4/0x5ec
[ 2533.728881] Modules linked in:
[ 2533.728912] CPU: 0 PID: 705 Comm: rpcbind Tainted: G        W       4.6.0-rc3-next-20160415-00002-gc4767870544a #1
[ 2533.728912] Hardware name: Generic OMAP4 (Flattened Device Tree)
[ 2533.728942] [<c01101dc>] (unwind_backtrace) from [<c010c2ac>] (show_stack+0x10/0x14)
[ 2533.728942] [<c010c2ac>] (show_stack) from [<c047ed5c>] (dump_stack+0xb0/0xe4)
[ 2533.728973] [<c047ed5c>] (dump_stack) from [<c0137670>] (__warn+0xd4/0x100)
[ 2533.729003] [<c0137670>] (__warn) from [<c0137748>] (warn_slowpath_null+0x20/0x28)
[ 2533.729003] [<c0137748>] (warn_slowpath_null) from [<c06d0eec>] (udp_queue_rcv_skb+0x3a4/0x5ec)
[ 2533.729034] [<c06d0eec>] (udp_queue_rcv_skb) from [<c06d165c>] (__udp4_lib_rcv+0x528/0xbe8)
[ 2533.729034] [<c06d165c>] (__udp4_lib_rcv) from [<c069a2fc>] (ip_local_deliver_finish+0xb8/0x4e0)
[ 2533.729064] [<c069a2fc>] (ip_local_deliver_finish) from [<c069b0c4>] (ip_local_deliver+0xc8/0xd4)
[ 2533.729064] [<c069b0c4>] (ip_local_deliver) from [<c069b5ac>] (ip_rcv+0x4dc/0x748)
[ 2533.729064] [<c069b5ac>] (ip_rcv) from [<c065e858>] (__netif_receive_skb_core+0x378/0xaa8)
[ 2533.729095] [<c065e858>] (__netif_receive_skb_core) from [<c0662de0>] (process_backlog+0x68/0x220)
[ 2533.729095] [<c0662de0>] (process_backlog) from [<c0662008>] (net_rx_action+0x1dc/0x444)
[ 2533.729125] [<c0662008>] (net_rx_action) from [<c013de78>] (__do_softirq+0xc4/0x558)
[ 2533.729125] [<c013de78>] (__do_softirq) from [<c013e3dc>] (do_softirq+0x74/0x80)
[ 2533.729156] [<c013e3dc>] (do_softirq) from [<c013e4c8>] (__local_bh_enable_ip+0xe0/0x104)
[ 2533.729156] [<c013e4c8>] (__local_bh_enable_ip) from [<c069ef90>] (ip_finish_output2+0x2bc/0x748)
[ 2533.729187] [<c069ef90>] (ip_finish_output2) from [<c06a20e4>] (ip_output+0x180/0x1d4)
[ 2533.729187] [<c06a20e4>] (ip_output) from [<c06a2a64>] (ip_send_skb+0x1c/0xf0)
[ 2533.729187] [<c06a2a64>] (ip_send_skb) from [<c06ce418>] (udp_send_skb+0x21c/0x2dc)
[ 2533.729217] [<c06ce418>] (udp_send_skb) from [<c06d0020>] (udp_sendmsg+0x268/0x960)
[ 2533.729217] [<c06d0020>] (udp_sendmsg) from [<c06443f0>] (sock_sendmsg+0x14/0x24)
[ 2533.729248] [<c06443f0>] (sock_sendmsg) from [<c0644c88>] (___sys_sendmsg+0x200/0x20c)
[ 2533.729248] [<c0644c88>] (___sys_sendmsg) from [<c06459bc>] (__sys_sendmsg+0x40/0x70)
[ 2533.729278] [<c06459bc>] (__sys_sendmsg) from [<c0107840>] (ret_fast_syscall+0x0/0x1c)
[ 2533.729278] ---[ end trace 979ba36af6daa560 ]---
[ 2533.729309] ------------[ cut here ]------------
[ 2533.730377] WARNING: CPU: 1 PID: 716 at include/net/sock.h:1408 tcp_close+0x1d4/0x518
[ 2533.730377] Modules linked in:
[ 2533.730407] CPU: 1 PID: 716 Comm: rpc.statd Tainted: G        W       4.6.0-rc3-next-20160415-00002-gc4767870544a #1
[ 2533.730407] Hardware name: Generic OMAP4 (Flattened Device Tree)
[ 2533.730407] [<c01101dc>] (unwind_backtrace) from [<c010c2ac>] (show_stack+0x10/0x14)
[ 2533.730407] [<c010c2ac>] (show_stack) from [<c047ed5c>] (dump_stack+0xb0/0xe4)
[ 2533.730468] [<c047ed5c>] (dump_stack) from [<c0137670>] (__warn+0xd4/0x100)
[ 2533.730468] [<c0137670>] (__warn) from [<c0137748>] (warn_slowpath_null+0x20/0x28)
[ 2533.730499] [<c0137748>] (warn_slowpath_null) from [<c06aefa4>] (tcp_close+0x1d4/0x518)
[ 2533.730529] [<c06aefa4>] (tcp_close) from [<c06dbe2c>] (inet_release+0x44/0x70)
[ 2533.730529] [<c06dbe2c>] (inet_release) from [<c0643714>] (sock_release+0x20/0xb8)
[ 2533.730560] [<c0643714>] (sock_release) from [<c06437b8>] (sock_close+0xc/0x14)
[ 2533.730560] [<c06437b8>] (sock_close) from [<c0291970>] (__fput+0x80/0x1d0)
[ 2533.730590] [<c0291970>] (__fput) from [<c0159314>] (task_work_run+0x90/0xc4)
[ 2533.730621] [<c0159314>] (task_work_run) from [<c013c6dc>] (do_exit+0x360/0xb88)
[ 2533.730621] [<c013c6dc>] (do_exit) from [<c013cf6c>] (do_group_exit+0x3c/0xbc)
[ 2533.730621] [<c013cf6c>] (do_group_exit) from [<c013cffc>] (__wake_up_parent+0x0/0x18)
[ 2533.730651] ---[ end trace 979ba36af6daa561 ]---
ALSA: Storing mixer settings...
/usr/sbin/alsactl: save_state:1590: No soundcards found...
Stopping rpcbind daemon...
done.
[ 2534.857238] ------------[ cut here ]------------
[ 2534.862518] WARNING: CPU: 0 PID: 705 at include/net/sock.h:1408 tcp_close+0x1d4/0x518
[ 2534.870788] Modules linked in:
[ 2534.870788] CPU: 0 PID: 705 Comm: rpcbind Tainted: G        W       4.6.0-rc3-next-20160415-00002-gc4767870544a #1
[ 2534.884796] Hardware name: Generic OMAP4 (Flattened Device Tree)
[ 2534.886779] [<c01101dc>] (unwind_backtrace) from [<c010c2ac>] (show_stack+0x10/0x14)
[ 2534.899230] [<c010c2ac>] (show_stack) from [<c047ed5c>] (dump_stack+0xb0/0xe4)
[ 2534.906799] [<c047ed5c>] (dump_stack) from [<c0137670>] (__warn+0xd4/0x100)
[ 2534.914093] [<c0137670>] (__warn) from [<c0137748>] (warn_slowpath_null+0x20/0x28)
[ 2534.919372] [<c0137748>] (warn_slowpath_null) from [<c06aefa4>] (tcp_close+0x1d4/0x518)
[ 2534.926757] [<c06aefa4>] (tcp_close) from [<c06dbe2c>] (inet_release+0x44/0x70)
[ 2534.936767] [<c06dbe2c>] (inet_release) from [<c0643714>] (sock_release+0x20/0xb8)
[ 2534.936767] [<c0643714>] (sock_release) from [<c06437b8>] (sock_close+0xc/0x14)
[ 2534.946777] [<c06437b8>] (sock_close) from [<c0291970>] (__fput+0x80/0x1d0)
[ 2534.946777] [<c0291970>] (__fput) from [<c0159314>] (task_work_run+0x90/0xc4)
[ 2534.966735] [<c0159314>] (task_work_run) from [<c013c6dc>] (do_exit+0x360/0xb88)
[ 2534.976104] [<c013c6dc>] (do_exit) from [<c013cf6c>] (do_group_exit+0x3c/0xbc)
[ 2534.983642] [<c013cf6c>] (do_group_exit) from [<c013cffc>] (__wake_up_parent+0x0/0x18)
[ 2534.991943] ---[ end trace 979ba36af6daa562 ]---
[ 2534.999511] ------------[ cut here ]------------
[ 2535.004455] WARNING: CPU: 0 PID: 705 at include/net/sock.h:1408 tcp_close+0x1d4/0x518
[ 2535.012756] Modules linked in:
[ 2535.012786] CPU: 0 PID: 705 Comm: rpcbind Tainted: G        W       4.6.0-rc3-next-20160415-00002-gc4767870544a #1
[ 2535.012786] Hardware name: Generic OMAP4 (Flattened Device Tree)
[ 2535.012786] [<c01101dc>] (unwind_backtrace) from [<c010c2ac>] (show_stack+0x10/0x14)
[ 2535.012786] [<c010c2ac>] (show_stack) from [<c047ed5c>] (dump_stack+0xb0/0xe4)
[ 2535.012786] [<c047ed5c>] (dump_stack) from [<c0137670>] (__warn+0xd4/0x100)
[ 2535.012908] [<c0137670>] (__warn) from [<c0137748>] (warn_slowpath_null+0x20/0x28)
[ 2535.012908] [<c0137748>] (warn_slowpath_null) from [<c06aefa4>] (tcp_close+0x1d4/0x518)
[ 2535.012908] [<c06aefa4>] (tcp_close) from [<c06dbe2c>] (inet_release+0x44/0x70)
[ 2535.012969] [<c06dbe2c>] (inet_release) from [<c0643714>] (sock_release+0x20/0xb8)
[ 2535.012969] [<c0643714>] (sock_release) from [<c06437b8>] (sock_close+0xc/0x14)
[ 2535.013000] [<c06437b8>] (sock_close) from [<c0291970>] (__fput+0x80/0x1d0)
[ 2535.013000] [<c0291970>] (__fput) from [<c0159314>] (task_work_run+0x90/0xc4)
[ 2535.013031] [<c0159314>] (task_work_run) from [<c013c6dc>] (do_exit+0x360/0xb88)
[ 2535.013031] [<c013c6dc>] (do_exit) from [<c013cf6c>] (do_group_exit+0x3c/0xbc)
[ 2535.013061] [<c013cf6c>] (do_group_exit) from [<c013cffc>] (__wake_up_parent+0x0/0x18)
[ 2535.013061] ---[ end trace 979ba36af6daa563 ]---
Stopping Lighttpd Web Server: stopped /usr/sbin/lighttpd (pid 734)[ 2535.159790] ------------[ cut here ]------------
[ 2535.167938] WARNING: CPU: 1 PID: 734 at include/net/sock.h:1408 tcp_close+0x1d4/0x518
[ 2535.176208] Modules linked in:
lighttpd.[ 2535.179260] CPU: 1 PID: 734 Comm: lighttpd Tainted: G        W       4.6.0-rc3-next-20160415-00002-gc4767870544a #1
[ 2535.191131] Hardware name: Generic OMAP4 (Flattened Device Tree)
[ 2535.191131] [<c01101dc>] (unwind_backtrace) from [<c010c2ac>] (show_stack+0x10/0x14)
[ 2535.203124] [<c010c2ac>] (show_stack) from [<c047ed5c>] (dump_stack+0xb0/0xe4)
[ 2535.209411] [<c047ed5c>] (dump_stack) from [<c0137670>] (__warn+0xd4/0x100)
[ 2535.213409] [<c0137670>] (__warn) from [<c0137748>] (warn_slowpath_null+0x20/0x28)
[ 2535.213439] [<c0137748>] (warn_slowpath_null) from [<c06aefa4>] (tcp_close+0x1d4/0x518)
[ 2535.213470] [<c06aefa4>] (tcp_close) from [<c06dbe2c>] (inet_release+0x44/0x70)
[ 2535.213470] [<c06dbe2c>] (inet_release) from [<c0643714>] (sock_release+0x20/0xb8)
[ 2535.213500] [<c0643714>] (sock_release) from [<c06437b8>] (sock_close+0xc/0x14)
[ 2535.213531] [<c06437b8>] (sock_close) from [<c0291970>] (__fput+0x80/0x1d0)
[ 2535.213531] [<c0291970>] (__fput) from [<c0159314>] (task_work_run+0x90/0xc4)
[ 2535.213531] [<c0159314>] (task_work_run) from [<c010bc94>] (do_work_pending+0xb8/0xbc)
[ 2535.213592] [<c010bc94>] (do_work_pending) from [<c0107868>] (slow_work_pending+0xc/0x20)
[ 2535.213653] ---[ end trace 979ba36af6daa564 ]---
Deconfiguring network interfaces... done.
Stopping Matrix GUI applicationstart-stop-daemon: warning: killing process 740: No such process
***************************************************************
***************************************************************
NOTICE: This file system contains the followin GPLv3 packages:
	binutils
	elfutils
	gdbserver
	libdw1
	libelf1
	parted
If you do not wish to distribute GPLv3 components please remove
the above packages prior to distribution.  This can be done using
the opkg remove command.  i.e.:
    opkg remove <package>
Where <package> is the name printed in the list above
NOTE: If the package is a dependency of another package you
      will be notified of the dependent packages.  You should
      use the --force-removal-of-dependent-packages option to
      also remove the dependent packages as well
***************************************************************
***************************************************************
Sending all processes the TERM signal...
[ 2536.103393] ------------[ cut here ]------------
[ 2536.110443] WARNING: CPU: 0 PID: 701 at include/net/sock.h:1408 tcp_close+0x1d4/0x518
[ 2536.118713] Modules linked in:
[ 2536.121704] CPU: 0 PID: 701 Comm: telnetd Tainted: G        W       4.6.0-rc3-next-20160415-00002-gc4767870544a #1
[ 2536.132812] Hardware name: Generic OMAP4 (Flattened Device Tree)
[ 2536.139129] [<c01101dc>] (unwind_backtrace) from [<c010c2ac>] (show_stack+0x10/0x14)
[ 2536.147247] [<c010c2ac>] (show_stack) from [<c047ed5c>] (dump_stack+0xb0/0xe4)
[ 2536.147247] [<c047ed5c>] (dump_stack) from [<c0137670>] (__warn+0xd4/0x100)
[ 2536.156860] [<c0137670>] (__warn) from [<c0137748>] (warn_slowpath_null+0x20/0x28)
[ 2536.170043] [<c0137748>] (warn_slowpath_null) from [<c06aefa4>] (tcp_close+0x1d4/0x518)
[ 2536.176757] [<c06aefa4>] (tcp_close) from [<c06dbe2c>] (inet_release+0x44/0x70)
[ 2536.183532] [<c06dbe2c>] (inet_release) from [<c0643714>] (sock_release+0x20/0xb8)
[ 2536.190063] [<c0643714>] (sock_release) from [<c06437b8>] (sock_close+0xc/0x14)
[ 2536.190063] [<c06437b8>] (sock_close) from [<c0291970>] (__fput+0x80/0x1d0)
[ 2536.203521] [<c0291970>] (__fput) from [<c0159314>] (task_work_run+0x90/0xc4)
[ 2536.213287] [<c0159314>] (task_work_run) from [<c013c6dc>] (do_exit+0x360/0xb88)
[ 2536.216857] [<c013c6dc>] (do_exit) from [<c013cf6c>] (do_group_exit+0x3c/0xbc)
[ 2536.231689] [<c013cf6c>] (do_group_exit) from [<c01493bc>] (get_signal+0x1f4/0x98c)
[ 2536.236755] [<c01493bc>] (get_signal) from [<c010b6d0>] (do_signal+0x64/0x460)
[ 2536.246856] [<c010b6d0>] (do_signal) from [<c010bc80>] (do_work_pending+0xa4/0xbc)
[ 2536.255187] [<c010bc80>] (do_work_pending) from [<c0107868>] (slow_work_pending+0xc/0x20)
[ 2536.263763] ---[ end trace 979ba36af6daa565 ]---
Sending all processes the KILL signal...
Unmounting remote filesystems...
Deactivating swap...
Unmounting local filesystems...
[ 2543.454925] EXT4-fs (mmcblk0p2): re-mounted. Opts: data=ordered
[ 2545.803131] reboot: System halted
- 01:17:46 [INFO] Disconnected serial from sdp4430
- 01:17:47 [INFO] Connected to sdp4430 via serial 
- 01:17:48 [INFO] Host: 
- 01:17:52 [INFO] Target: 
SPL: Please implement spl_start_uboot() for your board
SPL: Direct Linux boot not active!
reading u-boot.img
reading u-boot.img
U-Boot 2014.01-00006-gb301e45-dirty (Dec 18 2014 - 15:55:39)
CPU  : OMAP4430 ES2.3
Board: OMAP4430 SDP
I2C:   ready
DRAM:  1 GiB
MMC:   OMAP SD/MMC: 0, OMAP SD/MMC: 1
*** Warning - bad CRC, using default environment
Battery Voltage: 3544 mV
Net:   KS8851SNL
Hit any key to stop autoboot:  1  0 
U-Boot# 
U-Boot# 
U-Boot# 
U-Boot# 
U-Boot# 
U-Boot# 
U-Boot# 
U-Boot# 
U-Boot# 
U-Boot# 
U-Boot# 
U-Boot# 
U-Boot# 
U-Boot# 
U-Boot# 
U-Boot# 
U-Boot# 
U-Boot# 
U-Boot# 
U-Boot# 
U-Boot# 
U-Boot# 
U-Boot# 
U-Boot# 
U-Boot# 
U-Boot# 
U-Boot# 
U-Boot# 
U-Boot# 
U-Boot# 
U-Boot# 
U-Boot# 
U-Boot# 
U-Boot# 
U-Boot# 
- 01:17:52 [INFO] Host: 
- 01:17:52 [INFO] Target: 
U-Boot# 
U-Boot# 
U-Boot# 
U-Boot# 
U-Boot# 
- 01:17:52 [INFO] Host: version
- 01:17:52 [INFO] Target: 
version
U-Boot 2014.01-00006-gb301e45-dirty (Dec 18 2014 - 15:55:39)
arm-linux-gnueabi-gcc (Ubuntu/Linaro 4.6.3-1ubuntu5) 4.6.3
GNU ld (GNU Binutils for Ubuntu) 2.22
U-Boot# 
- 01:17:52 [INFO] Host: setenv bootargs 'console=ttyO2,115200n8 vram=16M earlyprintk=serial,ttyO2,115200n8 rootwait '
- 01:17:52 [INFO] Target: 
setenv bootargs 'console=ttyO2,115200n8 vram=16M earlyprintk=serial,ttyO2,115200n8 rootwait '
U-Boot# 
- 01:17:52 [INFO] Host: setenv bootcmd  ''
- 01:17:53 [INFO] Target: 
setenv bootcmd  ''
U-Boot# 
- 01:17:53 [INFO] Host: setenv autoload 'no'
- 01:17:53 [INFO] Target: 
setenv autoload 'no'
U-Boot# 
- 01:17:53 [INFO] Host: setenv serverip '192.168.1.254'
- 01:17:53 [INFO] Target: 
setenv serverip '192.168.1.254'
U-Boot# 
- 01:17:53 [INFO] Host: printenv
- 01:17:53 [INFO] Target: 
printenv
arch=arm
autoload=no
baudrate=115200
board=sdp4430
board_name=sdp4430
bootargs=console=ttyO2,115200n8 vram=16M earlyprintk=serial,ttyO2,115200n8 rootwait 
bootcmd=
bootdelay=1
bootdir=/boot
bootfile=zImage
bootm_size=0x08000000
bootpart=0:2
bootscript=echo Running bootscript from mmc${mmcdev} ...; source ${loadaddr}
console=ttyO2,115200n8
cpu=armv7
ethact=KS8851SNL
ethaddr=08:00:28:01:4D:8A
fdt_addr_r=0x88000000
fdtaddr=0x88000000
fdtfile=undefined
findfdt=if test $board_name = sdp4430; then setenv fdtfile omap4-sdp.dtb; fi; if test $board_name = panda; then setenv fdtfile omap4-panda.dtb; fi;if test $board_name = panda-a4; then setenv fdtfile omap4-panda-a4.dtb; fi;if test $board_name = panda-es; then setenv fdtfile omap4-panda-es.dtb; fi;if test $fdtfile = undefined; then echo WARNING: Could not determine device tree to use; fi; 
importbootenv=echo Importing environment from mmc${mmcdev} ...; env import -t ${loadaddr} ${filesize}
loadaddr=0x82000000
loadbootenv=fatload mmc ${mmcdev} ${loadaddr} uEnv.txt
loadbootscript=fatload mmc ${mmcdev} ${loadaddr} boot.scr
loadfdt=load mmc ${bootpart} ${fdtaddr} ${bootdir}/${fdtfile}
loadimage=load mmc ${bootpart} ${loadaddr} ${bootdir}/${bootfile}
mmcargs=setenv bootargs console=${console} vram=${vram} root=${mmcroot} rootfstype=${mmcrootfstype}
mmcboot=echo Booting from mmc${mmcdev} ...; run mmcargs; bootz ${loadaddr} - ${fdtaddr}
mmcdev=0
mmcroot=/dev/mmcblk0p2 rw
mmcrootfstype=ext3 rootwait
serverip=192.168.1.254
soc=omap4
usbtty=cdc_acm
vendor=ti
ver=U-Boot 2014.01-00006-gb301e45-dirty (Dec 18 2014 - 15:55:39)
vram=16M
Environment size: 1667/131068 bytes
U-Boot# 
- 01:17:53 [INFO] Host: setenv _initramfs -
- 01:17:53 [INFO] Target: 
setenv _initramfs -
U-Boot# 
- 01:17:53 [INFO] Host: printenv
- 01:17:53 [INFO] Target: 
printenv
_initramfs=-
arch=arm
autoload=no
baudrate=115200
board=sdp4430
board_name=sdp4430
bootargs=console=ttyO2,115200n8 vram=16M earlyprintk=serial,ttyO2,115200n8 rootwait 
bootcmd=
bootdelay=1
bootdir=/boot
bootfile=zImage
bootm_size=0x08000000
bootpart=0:2
bootscript=echo Running bootscript from mmc${mmcdev} ...; source ${loadaddr}
console=ttyO2,115200n8
cpu=armv7
ethact=KS8851SNL
ethaddr=08:00:28:01:4D:8A
fdt_addr_r=0x88000000
fdtaddr=0x88000000
fdtfile=undefined
findfdt=if test $board_name = sdp4430; then setenv fdtfile omap4-sdp.dtb; fi; if test $board_name = panda; then setenv fdtfile omap4-panda.dtb; fi;if test $board_name = panda-a4; then setenv fdtfile omap4-panda-a4.dtb; fi;if test $board_name = panda-es; then setenv fdtfile omap4-panda-es.dtb; fi;if test $fdtfile = undefined; then echo WARNING: Could not determine device tree to use; fi; 
importbootenv=echo Importing environment from mmc${mmcdev} ...; env import -t ${loadaddr} ${filesize}
loadaddr=0x82000000
loadbootenv=fatload mmc ${mmcdev} ${loadaddr} uEnv.txt
loadbootscript=fatload mmc ${mmcdev} ${loadaddr} boot.scr
loadfdt=load mmc ${bootpart} ${fdtaddr} ${bootdir}/${fdtfile}
loadimage=load mmc ${bootpart} ${loadaddr} ${bootdir}/${bootfile}
mmcargs=setenv bootargs console=${console} vram=${vram} root=${mmcroot} rootfstype=${mmcrootfstype}
mmcboot=echo Booting from mmc${mmcdev} ...; run mmcargs; bootz ${loadaddr} - ${fdtaddr}
mmcdev=0
mmcroot=/dev/mmcblk0p2 rw
mmcrootfstype=ext3 rootwait
serverip=192.168.1.254
soc=omap4
usbtty=cdc_acm
vendor=ti
ver=U-Boot 2014.01-00006-gb301e45-dirty (Dec 18 2014 - 15:55:39)
vram=16M
Environment size: 1682/131068 bytes
U-Boot# 
- 01:17:53 [INFO] Host: setenv bootargs ''${bootargs}' ip=:::::eth0:dhcp '
- 01:17:53 [INFO] Target: 
setenv bootargs ''${bootargs}' ip=:::::eth0:dhcp '
U-Boot# 
- 01:17:53 [INFO] Host: setenv serverip '192.168.1.254'
- 01:17:53 [INFO] Target: 
setenv serverip '192.168.1.254'
U-Boot# 
- 01:17:54 [INFO] Host: setenv autoload 'no'
- 01:17:54 [INFO] Target: 
setenv autoload 'no'
U-Boot# 
- 01:17:54 [INFO] Host: dhcp
- 01:17:55 [INFO] Target: 
dhcp
port status information = 0x84a0 
BOOTP broadcast 1
DHCP client bound to address 192.168.1.168
U-Boot# 
- 01:17:55 [INFO] Host: tftp ${loadaddr} 192.168.1.254:vatf_sdp4430/0df0ce2cac74866223aca502236257ad
- 01:18:00 [INFO] Target: 
tftp ${loadaddr} 192.168.1.254:vatf_sdp4430/0df0ce2cac74866223aca502236257ad
Using KS8851SNL device
TFTP from server 192.168.1.254; our IP address is 192.168.1.168
Filename 'vatf_sdp4430/0df0ce2cac74866223aca502236257ad'.
Load address: 0x82000000
Loading: *#################################################################
	 #################################################################
	 #################################################################
	 #################################################################
	 #################################################################
	 #################################################################
	 #################################################################
	 ###################
	 1.2 MiB/s
done
Bytes transferred = 6951304 (6a1188 hex)
U-Boot# 
- 01:18:00 [INFO] Host: tftp ${fdtaddr} 192.168.1.254:vatf_sdp4430/8724247b4d2e2b8bfb5cc341b79f64d0
- 01:18:00 [INFO] Target: 
tftp ${fdtaddr} 192.168.1.254:vatf_sdp4430/8724247b4d2e2b8bfb5cc341b79f64d0
Using KS8851SNL device
TFTP from server 192.168.1.254; our IP address is 192.168.1.168
Filename 'vatf_sdp4430/8724247b4d2e2b8bfb5cc341b79f64d0'.
Load address: 0x88000000
Loading: *#####
	 1.1 MiB/s
done
Bytes transferred = 59751 (e967 hex)
U-Boot# 
- 01:18:00 [INFO] Host: ls mmc 0:1
- 01:18:01 [INFO] Target: 
ls mmc 0:1
            2014.10-old/
    57476   omap4-sdp.dtb 
    57476   omap4-sdp-es23plus.dtb 
    32376   mlo 
   187224   u-boot.img 
  3323313   ramdisk.gz 
       84   uenv.txt 
  4380240   zimage-back 
            2014.04-old/
            2014.01-old/
        4   ws-calibrate.rules 
8 file(s), 3 dir(s)
U-Boot# 
- 01:18:01 [INFO] Host: ls mmc 0:2
- 01:18:01 [INFO] Target: 
ls mmc 0:2
<DIR>       4096 .
<DIR>       4096 ..
<DIR>      16384 lost+found
<DIR>       4096 bin
<DIR>       4096 boot
<DIR>       4096 dev
<DIR>       4096 etc
<DIR>       4096 home
<DIR>       4096 lib
<DIR>       4096 media
<DIR>       4096 mnt
<DIR>       4096 opt
<DIR>       4096 proc
<DIR>       4096 run
<DIR>       4096 sbin
<DIR>       4096 srv
<DIR>       4096 sys
<SYM>          8 tmp
<DIR>       4096 usr
<DIR>       4096 var
<DIR>       4096 www
<DIR>       4096 test
U-Boot# 
- 01:18:01 [INFO] Host: part uuid mmc 0:2
- 01:18:01 [INFO] Target: 
part uuid mmc 0:2
00000000-02
U-Boot# 
- 01:18:01 [INFO] Host: printenv
- 01:18:01 [INFO] Target: 
printenv
_initramfs=-
arch=arm
autoload=no
baudrate=115200
board=sdp4430
board_name=sdp4430
bootargs=console=ttyO2,115200n8 vram=16M earlyprintk=serial,ttyO2,115200n8 rootwait ip=:::::eth0:dhcp
bootcmd=
bootdelay=1
bootdir=/boot
bootfile=zImage
bootm_size=0x08000000
bootpart=0:2
bootscript=echo Running bootscript from mmc${mmcdev} ...; source ${loadaddr}
console=ttyO2,115200n8
cpu=armv7
dnsip=192.0.2.2
ethact=KS8851SNL
ethaddr=08:00:28:01:4D:8A
fdt_addr_r=0x88000000
fdtaddr=0x88000000
fdtfile=undefined
fileaddr=88000000
filesize=e967
findfdt=if test $board_name = sdp4430; then setenv fdtfile omap4-sdp.dtb; fi; if test $board_name = panda; then setenv fdtfile omap4-panda.dtb; fi;if test $board_name = panda-a4; then setenv fdtfile omap4-panda-a4.dtb; fi;if test $board_name = panda-es; then setenv fdtfile omap4-panda-es.dtb; fi;if test $fdtfile = undefined; then echo WARNING: Could not determine device tree to use; fi; 
gatewayip=192.168.1.254
importbootenv=echo Importing environment from mmc${mmcdev} ...; env import -t ${loadaddr} ${filesize}
ipaddr=192.168.1.168
loadaddr=0x82000000
loadbootenv=fatload mmc ${mmcdev} ${loadaddr} uEnv.txt
loadbootscript=fatload mmc ${mmcdev} ${loadaddr} boot.scr
loadfdt=load mmc ${bootpart} ${fdtaddr} ${bootdir}/${fdtfile}
loadimage=load mmc ${bootpart} ${loadaddr} ${bootdir}/${bootfile}
mmcargs=setenv bootargs console=${console} vram=${vram} root=${mmcroot} rootfstype=${mmcrootfstype}
mmcboot=echo Booting from mmc${mmcdev} ...; run mmcargs; bootz ${loadaddr} - ${fdtaddr}
mmcdev=0
mmcroot=/dev/mmcblk0p2 rw
mmcrootfstype=ext3 rootwait
netmask=255.255.255.0
serverip=192.168.1.254
soc=omap4
usbtty=cdc_acm
vendor=ti
ver=U-Boot 2014.01-00006-gb301e45-dirty (Dec 18 2014 - 15:55:39)
vram=16M
Environment size: 1826/131068 bytes
U-Boot# 
- 01:18:01 [INFO] Host: setenv bootargs ''${bootargs}' root=PARTUUID=00000000-02 rw rootfstype=ext4 rootwait '
- 01:18:01 [INFO] Target: 
setenv bootargs ''${bootargs}' root=PARTUUID=00000000-02 rw rootfstype=ext4 rootwait '
U-Boot# 
- 01:18:01 [INFO] Host: printenv
- 01:18:01 [INFO] Target: 
printenv
_initramfs=-
arch=arm
autoload=no
baudrate=115200
board=sdp4430
board_name=sdp4430
bootargs=console=ttyO2,115200n8 vram=16M earlyprintk=serial,ttyO2,115200n8 rootwait ip=:::::eth0:dhcp root=PARTUUID=00000000-02 rw rootfstype=ext4 rootwait
bootcmd=
bootdelay=1
bootdir=/boot
bootfile=zImage
bootm_size=0x08000000
bootpart=0:2
bootscript=echo Running bootscript from mmc${mmcdev} ...; source ${loadaddr}
console=ttyO2,115200n8
cpu=armv7
dnsip=192.0.2.2
ethact=KS8851SNL
ethaddr=08:00:28:01:4D:8A
fdt_addr_r=0x88000000
fdtaddr=0x88000000
fdtfile=undefined
fileaddr=88000000
filesize=e967
findfdt=if test $board_name = sdp4430; then setenv fdtfile omap4-sdp.dtb; fi; if test $board_name = panda; then setenv fdtfile omap4-panda.dtb; fi;if test $board_name = panda-a4; then setenv fdtfile omap4-panda-a4.dtb; fi;if test $board_name = panda-es; then setenv fdtfile omap4-panda-es.dtb; fi;if test $fdtfile = undefined; then echo WARNING: Could not determine device tree to use; fi; 
gatewayip=192.168.1.254
importbootenv=echo Importing environment from mmc${mmcdev} ...; env import -t ${loadaddr} ${filesize}
ipaddr=192.168.1.168
loadaddr=0x82000000
loadbootenv=fatload mmc ${mmcdev} ${loadaddr} uEnv.txt
loadbootscript=fatload mmc ${mmcdev} ${loadaddr} boot.scr
loadfdt=load mmc ${bootpart} ${fdtaddr} ${bootdir}/${fdtfile}
loadimage=load mmc ${bootpart} ${loadaddr} ${bootdir}/${bootfile}
mmcargs=setenv bootargs console=${console} vram=${vram} root=${mmcroot} rootfstype=${mmcrootfstype}
mmcboot=echo Booting from mmc${mmcdev} ...; run mmcargs; bootz ${loadaddr} - ${fdtaddr}
mmcdev=0
mmcroot=/dev/mmcblk0p2 rw
mmcrootfstype=ext3 rootwait
netmask=255.255.255.0
serverip=192.168.1.254
soc=omap4
usbtty=cdc_acm
vendor=ti
ver=U-Boot 2014.01-00006-gb301e45-dirty (Dec 18 2014 - 15:55:39)
vram=16M
Environment size: 1880/131068 bytes
U-Boot# 
- 01:18:01 [INFO] Host: setenv bootcmd ''${bootcmd}' if iminfo ${loadaddr}; then bootm ${loadaddr} ${_initramfs} ${fdtaddr}; else bootz ${loadaddr} ${_initramfs} ${fdtaddr}; bootm ${loadaddr} ${_initramfs} ${fdtaddr}; fi'
- 01:18:01 [INFO] Target: 
setenv bootcmd ''${bootcmd}' if iminfo ${loadaddr}; then bootm ${loadaddr} ${_initramfs} ${fdtaddr}; else bootz ${loadaddr} ${_initramfs} ${fdtaddr}; bootm ${loadaddr} ${_initramfs} ${fdtaddr}; fi'
U-Boot# 
- 01:18:01 [INFO] Host: version
- 01:18:02 [INFO] Target: 
version
U-Boot 2014.01-00006-gb301e45-dirty (Dec 18 2014 - 15:55:39)
arm-linux-gnueabi-gcc (Ubuntu/Linaro 4.6.3-1ubuntu5) 4.6.3
GNU ld (GNU Binutils for Ubuntu) 2.22
U-Boot# 
- 01:18:02 [INFO] Host: bdinfo
- 01:18:02 [INFO] Target: 
bdinfo
arch_number = 0x00000870
boot_params = 0x80000100
DRAM bank   = 0x00000000
-> start    = 0x80000000
-> size     = 0x40000000
eth0name    = KS8851SNL
ethaddr     = 08:00:28:01:4D:8A
current eth = KS8851SNL
ip_addr     = 192.168.1.168
baudrate    = 115200 bps
TLB addr    = 0xBFFF0000
relocaddr   = 0xBFF90000
reloc off   = 0x3F790000
irq_sp      = 0xBFE6FF28
sp start    = 0xBFE6FF18
U-Boot# 
- 01:18:02 [INFO] Host: mmc rescan; echo $?
- 01:18:02 [INFO] Target: 
mmc rescan; echo $?
U-Boot# 
- 01:18:02 [INFO] Host: fatwrite mmc 0:1 ${loadaddr} ws-calibrate.rules 4
- 01:18:02 [INFO] Target: 
fatwrite mmc 0:1 ${loadaddr} ws-calibrate.rules 4
writing ws-calibrate.rules
4 bytes written
U-Boot# 
- 01:18:02 [INFO] Host: boot
- 01:18:17 [INFO] Target: 
boot
## Checking Image at 82000000 ...
Unknown image format!
Kernel image @ 0x82000000 [ 0x000000 - 0x6a1188 ]
## Flattened Device Tree blob at 88000000
   Booting using the fdt blob at 0x88000000
   Loading Device Tree to 87fee000, end 87fff966 ... OK
Starting kernel ...
[    0.000000] Booting Linux on physical CPU 0x0
[    0.000000] Linux version 4.6.0-rc3-next-20160415-00002-gc4767870544a (nmenon@horus) (gcc version 4.9.3 20150413 (prerelease) (Linaro GCC 4.9-2015.05) ) #1 SMP Fri Apr 15 01:10:09 CDT 2016
[    0.000000] CPU: ARMv7 Processor [411fc093] revision 3 (ARMv7), cr=10c5387d
[    0.000000] CPU: PIPT / VIPT nonaliasing data cache, VIPT aliasing instruction cache
[    0.000000] Machine model: TI OMAP4 SDP board
[    0.000000] cma: Reserved 64 MiB at 0xbb800000
[    0.000000] Memory policy: Data cache writealloc
[    0.000000] OMAP4: Map 0xbfe00000 to fe600000 for dram barrier
[    0.000000] OMAP4430 ES2.3
[    0.000000] percpu: Embedded 12 pages/cpu @ef7a9000 s19648 r8192 d21312 u49152
[    0.000000] Built 1 zonelists in Zone order, mobility grouping on.  Total pages: 260096
[    0.000000] Kernel command line: console=ttyO2,115200n8 vram=16M earlyprintk=serial,ttyO2,115200n8 rootwait ip=:::::eth0:dhcp root=PARTUUID=00000000-02 rw rootfstype=ext4 rootwait
[    0.000000] PID hash table entries: 4096 (order: 2, 16384 bytes)
[    0.000000] Dentry cache hash table entries: 131072 (order: 7, 524288 bytes)
[    0.000000] Inode-cache hash table entries: 65536 (order: 6, 262144 bytes)
[    0.000000] Memory: 953796K/1046528K available (9468K kernel code, 1068K rwdata, 4236K rodata, 2048K init, 338K bss, 27196K reserved, 65536K cma-reserved, 194560K highmem)
[    0.000000] Virtual kernel memory layout:
[    0.000000]     vector  : 0xffff0000 - 0xffff1000   (   4 kB)
[    0.000000]     fixmap  : 0xffc00000 - 0xfff00000   (3072 kB)
[    0.000000]     vmalloc : 0xf0800000 - 0xff800000   ( 240 MB)
[    0.000000]     lowmem  : 0xc0000000 - 0xf0000000   ( 768 MB)
[    0.000000]     pkmap   : 0xbfe00000 - 0xc0000000   (   2 MB)
[    0.000000]     modules : 0xbf000000 - 0xbfe00000   (  14 MB)
[    0.000000]       .text : 0xc0208000 - 0xc106210c   (14697 kB)
[    0.000000]       .init : 0xc1100000 - 0xc1300000   (2048 kB)
[    0.000000]       .data : 0xc1300000 - 0xc140b340   (1069 kB)
[    0.000000]        .bss : 0xc140d000 - 0xc1461a98   ( 339 kB)
[    0.000000] SLUB: HWalign=64, Order=0-3, MinObjects=0, CPUs=2, Nodes=1
[    0.000000] Hierarchical RCU implementation.
[    0.000000] 	Build-time adjustment of leaf fanout to 32.
[    0.000000] 	RCU restricting CPUs from NR_CPUS=16 to nr_cpu_ids=2.
[    0.000000] RCU: Adjusting geometry for rcu_fanout_leaf=32, nr_cpu_ids=2
[    0.000000] NR_IRQS:16 nr_irqs:16 16
[    0.000000] L2C: platform modifies aux control register: 0x0e070000 -> 0x3e470000
[    0.000000] L2C: DT/platform modifies aux control register: 0x0e070000 -> 0x3e470000
[    0.000000] L2C-310 errata 727915 769419 enabled
[    0.000000] L2C-310 enabling early BRESP for Cortex-A9
[    0.000000] L2C-310 ID prefetch enabled, offset 1 lines
[    0.000000] L2C-310 cache controller enabled, 16 ways, 1024 kB
[    0.000000] L2C-310: CACHE_ID 0x410000c4, AUX_CTRL 0x7e470000
[    0.000000] ti_dt_clocks_register: failed to lookup clock node dss_fck
[    0.000000] ti_dt_clocks_register: failed to lookup clock node dss_fck
[    0.000000] ti_dt_clocks_register: failed to lookup clock node div_ts_ck
[    0.000000] ti_dt_clocks_register: failed to lookup clock node bandgap_ts_fclk
[    0.000000] OMAP clockevent source: timer1 at 32768 Hz
[    0.000000] clocksource: 32k_counter: mask: 0xffffffff max_cycles: 0xffffffff, max_idle_ns: 58327039986419 ns
[    0.000000] sched_clock: 32 bits at 32kHz, resolution 30517ns, wraps every 65535999984741ns
[    0.000030] OMAP clocksource: 32k_counter at 32768 Hz
[    0.004089] Console: colour dummy device 80x30
[    0.004119] Calibrating delay loop... 1195.21 BogoMIPS (lpj=2988032)
[    0.030853] pid_max: default: 32768 minimum: 301
[    0.030975] Mount-cache hash table entries: 2048 (order: 1, 8192 bytes)
[    0.031005] Mountpoint-cache hash table entries: 2048 (order: 1, 8192 bytes)
[    0.031738] CPU: Testing write buffer coherency: ok
[    0.031982] CPU0: thread -1, cpu 0, socket 0, mpidr 80000000
[    0.032012] Setting up static identity map for 0x80300000 - 0x80300098
[    0.065856] CPU1: thread -1, cpu 1, socket 0, mpidr 80000001
[    0.065948] Brought up 2 CPUs
[    0.065979] SMP: Total of 2 processors activated (2390.42 BogoMIPS).
[    0.065979] CPU: All CPU(s) started in SVC mode.
[    0.067047] devtmpfs: initialized
[    0.085906] VFP support v0.3: implementor 41 architecture 3 part 30 variant 9 rev 4
[    0.087036] clocksource: jiffies: mask: 0xffffffff max_cycles: 0xffffffff, max_idle_ns: 9556302231375000 ns
[    0.093292] pinctrl core: initialized pinctrl subsystem
[    0.095581] NET: Registered protocol family 16
[    0.098510] DMA: preallocated 256 KiB pool for atomic coherent allocations
[    0.101348] omap_hwmod: l3_main_3 using broken dt data from ocp
[    0.103149] omap_hwmod: l3_main_2 using broken dt data from ocp
[    0.220886] cpuidle: using governor menu
[    0.229980] OMAP GPIO hardware version 0.1
[    0.236206] omap-gpmc 50000000.gpmc: GPMC revision 6.0
[    0.236236] gpmc_mem_init: disabling cs 0 mapped at 0x0-0x1000000
[    0.236846] irq: no irq domain found for /ocp/l4@4a000000/scm@100000/pinmux@40 !
[    0.237274] irq: no irq domain found for /ocp/l4@4a000000/scm@100000/pinmux@40 !
[    0.237701] irq: no irq domain found for /ocp/l4@4a000000/scm@100000/pinmux@40 !
[    0.252410] platform 4b501000.aes: Cannot lookup hwmod 'aes'
[    0.252746] platform 480a5000.des: Cannot lookup hwmod 'des'
[    0.258941] No ATAGs?
[    0.259002] hw-breakpoint: found 5 (+1 reserved) breakpoint and 1 watchpoint registers.
[    0.259002] hw-breakpoint: maximum watchpoint size is 4 bytes.
[    0.260925] OMAP DMA hardware revision 0.0
[    0.267486] Serial: AMBA PL011 UART driver
[    0.269958] ARM PMU: not yet supported on OMAP4430 due to missing CTI driver
[    0.296508] omap-dma-engine 4a056000.dma-controller: OMAP DMA engine driver
[    0.299438] reg-fixed-voltage wl12xx_vmmc: could not find pctldev for node /ocp/l4@4a000000/scm@100000/pinmux@40/pinmux_wl12xx_gpio, deferring probe
[    0.304412] vgaarb: loaded
[    0.305541] SCSI subsystem initialized
[    0.306030] usbcore: registered new interface driver usbfs
[    0.306121] usbcore: registered new interface driver hub
[    0.306182] usbcore: registered new device driver usb
[    0.307250] omap_i2c 48070000.i2c: could not find pctldev for node /ocp/l4@4a000000/scm@100000/pinmux@40/pinmux_i2c1_pins, deferring probe
[    0.307312] omap_i2c 48072000.i2c: could not find pctldev for node /ocp/l4@4a000000/scm@100000/pinmux@40/pinmux_i2c2_pins, deferring probe
[    0.307342] omap_i2c 48060000.i2c: could not find pctldev for node /ocp/l4@4a000000/scm@100000/pinmux@40/pinmux_i2c3_pins, deferring probe
[    0.307403] omap_i2c 48350000.i2c: could not find pctldev for node /ocp/l4@4a000000/scm@100000/pinmux@40/pinmux_i2c4_pins, deferring probe
[    0.308807] pps_core: LinuxPPS API ver. 1 registered
[    0.308807] pps_core: Software ver. 5.3.6 - Copyright 2005-2007 Rodolfo Giometti <giometti@linux.it>
[    0.308837] PTP clock support registered
[    0.309112] EDAC MC: Ver: 3.0.0
[    0.312133] clocksource: Switched to clocksource 32k_counter
[    0.324188] NET: Registered protocol family 2
[    0.324859] TCP established hash table entries: 8192 (order: 3, 32768 bytes)
[    0.324981] TCP bind hash table entries: 8192 (order: 4, 65536 bytes)
[    0.325134] TCP: Hash tables configured (established 8192 bind 8192)
[    0.325195] UDP hash table entries: 512 (order: 2, 16384 bytes)
[    0.325286] UDP-Lite hash table entries: 512 (order: 2, 16384 bytes)
[    0.325531] NET: Registered protocol family 1
[    0.325836] RPC: Registered named UNIX socket transport module.
[    0.325836] RPC: Registered udp transport module.
[    0.325836] RPC: Registered tcp transport module.
[    0.325866] RPC: Registered tcp NFSv4.1 backchannel transport module.
[    0.331390] futex hash table entries: 512 (order: 3, 32768 bytes)
[    0.332031] workingset: timestamp_bits=28 max_order=18 bucket_order=0
[    0.343688] squashfs: version 4.0 (2009/01/31) Phillip Lougher
[    0.344635] NFS: Registering the id_resolver key type
[    0.344665] Key type id_resolver registered
[    0.344696] Key type id_legacy registered
[    0.344726] ntfs: driver 2.1.32 [Flags: R/O].
[    0.346221] bounce: pool size: 64 pages
[    0.346466] Block layer SCSI generic (bsg) driver version 0.4 loaded (major 248)
[    0.346496] io scheduler noop registered
[    0.346496] io scheduler deadline registered
[    0.346527] io scheduler cfq registered (default)
[    0.355407] pinctrl-single 4a100040.pinmux: 203 pins at pa fc100040 size 406
[    0.355682] pinctrl-single 4a31e040.pinmux: 28 pins at pa fc31e040 size 56
[    0.370269] backlight supply power not found, using dummy regulator
[    0.445587] Serial: 8250/16550 driver, 4 ports, IRQ sharing disabled
[    0.449462] SuperH (H)SCI(F) driver initialized
[    0.451019] msm_serial: driver initialized
[    0.451293] omap_uart 4806a000.serial: no wakeirq for uart0
[    0.451446] 4806a000.serial: ttyO0 at MMIO 0x4806a000 (irq = 226, base_baud = 3000000) is a OMAP UART0
[    0.452087] 4806c000.serial: ttyO1 at MMIO 0x4806c000 (irq = 227, base_baud = 3000000) is a OMAP UART1
[    0.452697] 48020000.serial: ttyO2 at MMIO 0x48020000 (irq = 228, base_baud = 3000000) is a OMAP UART2
[    1.315155] console [ttyO2] enabled
[    1.319366] 4806e000.serial: ttyO3 at MMIO 0x4806e000 (irq = 229, base_baud = 3000000) is a OMAP UART3
[    1.329620] STMicroelectronics ASC driver initialized
[    1.339385] [drm] Initialized drm 1.1.0 20060810
[    1.362701] brd: module loaded
[    1.372283] loop: module loaded
[    1.389770] libphy: Fixed MDIO Bus: probed
[    1.394958] CAN device driver interface
[    1.402038] igb: Intel(R) Gigabit Ethernet Network Driver - version 5.3.0-k
[    1.409332] igb: Copyright (c) 2007-2014 Intel Corporation.
[    1.416320] spi1.0 supply vdd-io not found, using dummy regulator
[    1.422882] ks8851 spi1.0: message enable is 0
[    1.430603] ks8851 spi1.0 eth0: revision 0, MAC 08:00:28:01:4d:8a, IRQ 61, has EEPROM
[    1.442962] pegasus: v0.9.3 (2013/04/25), Pegasus/Pegasus II USB Ethernet driver
[    1.450805] usbcore: registered new interface driver pegasus
[    1.456817] usbcore: registered new interface driver asix
[    1.462524] usbcore: registered new interface driver ax88179_178a
[    1.468963] usbcore: registered new interface driver cdc_ether
[    1.475128] usbcore: registered new interface driver smsc75xx
[    1.481231] usbcore: registered new interface driver smsc95xx
[    1.487304] usbcore: registered new interface driver net1080
[    1.493316] usbcore: registered new interface driver cdc_subset
[    1.499572] usbcore: registered new interface driver zaurus
[    1.505493] usbcore: registered new interface driver cdc_ncm
[    1.514526] ehci_hcd: USB 2.0 'Enhanced' Host Controller (EHCI) Driver
[    1.521362] ehci-pci: EHCI PCI platform driver
[    1.526092] ehci-platform: EHCI generic platform driver
[    1.531890] ehci-omap: OMAP-EHCI Host Controller driver
[    1.537719] ehci-omap 4a064c00.ehci: EHCI Host Controller
[    1.543426] ehci-omap 4a064c00.ehci: new USB bus registered, assigned bus number 1
[    1.551727] ehci-omap 4a064c00.ehci: irq 337, io mem 0x4a064c00
[    1.567169] ehci-omap 4a064c00.ehci: USB 2.0 started, EHCI 1.00
[    1.574371] hub 1-0:1.0: USB hub found
[    1.578369] hub 1-0:1.0: 3 ports detected
[    1.583221] ehci-orion: EHCI orion driver
[    1.587738] SPEAr-ehci: EHCI SPEAr driver
[    1.592193] ehci-st: EHCI STMicroelectronics driver
[    1.597534] ehci-exynos: EHCI EXYNOS driver
[    1.602203] ehci-atmel: EHCI Atmel driver
[    1.606628] tegra-ehci: Tegra EHCI driver
[    1.611083] ohci_hcd: USB 1.1 'Open' Host Controller (OHCI) Driver
[    1.617584] ohci-pci: OHCI PCI platform driver
[    1.622314] ohci-platform: OHCI generic platform driver
[    1.628051] ohci-omap3: OHCI OMAP3 driver
[    1.632537] ohci-omap3 4a064800.ohci: OHCI Host Controller
[    1.638305] ohci-omap3 4a064800.ohci: new USB bus registered, assigned bus number 2
[    1.646484] ohci-omap3 4a064800.ohci: irq 336, io mem 0x4a064800
[    1.728057] hub 2-0:1.0: USB hub found
[    1.732025] hub 2-0:1.0: 3 ports detected
[    1.736785] SPEAr-ohci: OHCI SPEAr driver
[    1.741271] ohci-st: OHCI STMicroelectronics driver
[    1.746612] ohci-atmel: OHCI Atmel driver
[    1.752075] usbcore: registered new interface driver usb-storage
[    1.760803] mousedev: PS/2 mouse device common for all mice
[    1.771850] i2c /dev entries driver
[    1.792938] sdhci: Secure Digital Host Controller Interface driver
[    1.799407] sdhci: Copyright(c) Pierre Ossman
[    1.853668] Synopsys Designware Multimedia Card Interface Driver
[    1.861724] sdhci-pltfm: SDHCI platform and OF driver helper
[    1.872161] leds_pwm pwmleds: unable to request PWM for omap4::keypad: -517
[    1.879791] ledtrig-cpu: registered to indicate activity on CPUs
[    1.886810] usbcore: registered new interface driver usbhid
[    1.892639] usbhid: USB HID core driver
[    1.904418] NET: Registered protocol family 10
[    1.910064] sit: IPv6 over IPv4 tunneling driver
[    1.915649] NET: Registered protocol family 17
[    1.920349] can: controller area network core (rev 20120528 abi 9)
[    1.926879] NET: Registered protocol family 29
[    1.931549] can: raw protocol (rev 20120528)
[    1.936035] can: broadcast manager protocol (rev 20120528 t)
[    1.941986] can: netlink gateway (rev 20130117) max_hops=1
[    1.948272] Key type dns_resolver registered
[    1.953094] twl: not initialized
[    1.956481] twl6030_uv_to_vsel:OUT OF RANGE! non mapped vsel for 1375000 Vs max 1316660
[    1.964874] twl6030_uv_to_vsel:OUT OF RANGE! non mapped vsel for 1375000 Vs max 1316660
[    1.973266] twl6030_uv_to_vsel:OUT OF RANGE! non mapped vsel for 1375000 Vs max 1316660
[    1.981658] twl6030_uv_to_vsel:OUT OF RANGE! non mapped vsel for 1375000 Vs max 1316660
[    1.990051] twl6030_uv_to_vsel:OUT OF RANGE! non mapped vsel for 1375000 Vs max 1316660
[    1.998413] twl6030_uv_to_vsel:OUT OF RANGE! non mapped vsel for 1375000 Vs max 1316660
[    2.006805] twl6030_uv_to_vsel:OUT OF RANGE! non mapped vsel for 1410000 Vs max 1316660
[    2.015197] omap2_set_init_voltage: unable to find boot up OPP for vdd_mpu
[    2.022399] omap2_set_init_voltage: unable to set vdd_mpu
[    2.028076] omap2_set_init_voltage: unable to find boot up OPP for vdd_core
[    2.035339] omap2_set_init_voltage: unable to set vdd_core
[    2.041107] omap2_set_init_voltage: unable to find boot up OPP for vdd_iva
[    2.048309] omap2_set_init_voltage: unable to set vdd_iva
[    2.055145] cpu cpu0: dev_pm_opp_get_max_volt_latency: Invalid regulator (-6)
[    2.063049] Power Management for TI OMAP4+ devices.
[    2.068176] OMAP4 PM: u-boot >= v2012.07 is required for full PM support
[    2.075531] ThumbEE CPU extension supported.
[    2.080017] Registering SWP/SWPB emulation handler
[    2.087402] Skipping twl internal clock init and using bootloader value (unknown osc rate)
[    2.112426] hw-breakpoint: Failed to enable monitor mode on CPU 0.
[    2.119293] hw-breakpoint: CPU 0 failed to disable vector catch
[    2.125915] twl 0-0048: PIH (irq 341) nested IRQs
[    2.132781] twl_rtc 48070000.i2c:twl@48:rtc: Power up reset detected.
[    2.140228] twl_rtc 48070000.i2c:twl@48:rtc: Enabling TWL-RTC
[    2.148773] twl_rtc 48070000.i2c:twl@48:rtc: rtc core: registered 48070000.i2c:twl@48 as rtc0
[    2.170349] omap_i2c 48070000.i2c: bus 0 rev0.10 at 400 kHz
[    2.176940] omap_i2c 48072000.i2c: bus 1 rev0.10 at 400 kHz
[    2.183532] omap_i2c 48060000.i2c: bus 2 rev0.10 at 400 kHz
[    2.190551] omap_i2c 48350000.i2c: bus 3 rev0.10 at 400 kHz
[    2.196838] backlight supply power not found, using dummy regulator
[    2.344512] mmc0: host does not support reading read-only switch, assuming write-enable
[    2.355072] mmc0: new high speed SD card at address 3180
[    2.360992] mmcblk0: mmc0:3180 SD02G 1.83 GiB 
[    2.362731] mmc1: new high speed MMC card at address 0001
[    2.365722] mmcblk1: mmc1:0001 SEM08G 7.40 GiB 
[    2.365936] mmcblk1boot0: mmc1:0001 SEM08G partition 1 1.00 MiB
[    2.366119] mmcblk1boot1: mmc1:0001 SEM08G partition 2 1.00 MiB
[    2.389617]  mmcblk0: p1 p2
[    2.395141] leds_pwm pwmleds: unable to request PWM for omap4::keypad: -517
[    2.403472] backlight supply power not found, using dummy regulator
[    2.416564] twl_rtc 48070000.i2c:twl@48:rtc: setting system clock to 2000-01-01 00:00:00 UTC (946684800)
[    2.452148] Sending DHCP requests .., OK
[    4.732666] IP-Config: Got DHCP answer from 192.168.1.254, my address is 192.168.1.168
[    4.741180] IP-Config: Complete:
[    4.741180]      device=eth0, hwaddr=08:00:28:01:4d:8a, ipaddr=192.168.1.168, mask=255.255.255.0, gw=192.168.1.254
[    4.755828]      host=192.168.1.168, domain=tidfarm-06.internal.ti.com, nis-domain=(none)
[    4.764556]      bootserver=192.168.1.254, rootserver=192.168.1.254, rootpath=     nameserver0=192.0.2.2, nameserver1=192.0.2.3
[    4.774536] VBAT: disabling
[    4.780090] vwl1271: disabling
[    4.785736] VDAC: disabling
[    4.789459] VANA: disabling
[    4.793090] VUSB: disabling
[    5.004547] EXT4-fs (mmcblk0p2): mounted filesystem with ordered data mode. Opts: (null)
[    5.014160] VFS: Mounted root (ext4 filesystem) on device 179:2.
[    5.026458] devtmpfs: mounted
[    5.035095] Freeing unused kernel memory: 2048K (c1100000 - c1300000)
INIT: version 2.88 booting
Error opening /dev/fb0: No such file or directory
Starting udev
[    5.603515] udevd[127]: starting version 182
[    7.469482] FAT-fs (mmcblk0p1): Volume was not properly unmounted. Some data may be corrupt. Please run fsck.
[    7.577362] EXT4-fs (mmcblk0p2): re-mounted. Opts: data=ordered
/dev/ttyO2 linked to /dev/tty-bd - using as console
Starting Bootlog daemon: bootlogd.
[    7.678741] random: dd urandom read with 51 bits of entropy available
Populating dev cache
ALSA: Restoring mixer settings...
/usr/sbin/alsactl: load_state:1729: No soundcards found...
Wed Aug  5 03:33:00 UTC 2015
INIT: Entering runlevel: 5
Configuring network interfaces... udhcpc (v1.22.1) started
Sending discover...
Sending select for 192.168.1.150...
Lease of 192.168.1.150 obtained, lease time 600
/etc/udhcpc.d/50default: Adding DNS 192.0.2.2
/etc/udhcpc.d/50default: Adding DNS 192.0.2.3
done.
Starting system message bus: dbus.
Starting Dropbear SSH server: dropbear.
Starting telnet daemon.
Starting rpcbind daemon...done.
creating NFS state directory: done
starting statd: done
Starting syslogd/klogd: done
Starting thttpd.
Starting Lighttpd Web Server: lighttpd.
2015-08-05 03:33:02: (/home/jenkins/tisdk-build/build-CORTEX_1/arago-tmp-external-linaro-toolchain/work/cortexa15t2hf-vfp-neon-oe-linux-gnueabi/lighttpd/1.4.33-r1/lighttpd-1.4.33/src/log.c.166) server started 
Starting Matrix GUI application.
[   13.043182] random: nonblocking pool is initialized
***************************************************************
***************************************************************
NOTICE: This file system contains the followin GPLv3 packages:
	binutils
	elfutils
	gdbserver
	libdw1
	libelf1
	parted
If you do not wish to distribute GPLv3 components please remove
the above packages prior to distribution.  This can be done using
the opkg remove command.  i.e.:
    opkg remove <package>
Where <package> is the name printed in the list above
NOTE: If the package is a dependency of another package you
      will be notified of the dependent packages.  You should
      use the --force-removal-of-dependent-packages option to
      also remove the dependent packages as well
***************************************************************
***************************************************************
Stopping Bootlog daemon: bootlogd.
 _____                    _____           _         _   
|  _  |___ ___ ___ ___   |  _  |___ ___  |_|___ ___| |_ 
|     |  _| .'| . | . |  |   __|  _| . | | | -_|  _|  _|
|__|__|_| |__,|_  |___|  |__|  |_| |___|_| |___|___|_|  
              |___|                    |___|            
Arago Project http://arago-project.org TI-OMAP4-SDP-board /dev/tty-bd
Arago 2014.08 TI-OMAP4-SDP-board /dev/tty-bd
TI-OMAP4-SDP-board login: 
- 01:18:17 [INFO] Host: root
- 01:18:17 [INFO] Target: 
root
root@TI-OMAP4-SDP-board:~# 
- 01:18:17 [INFO] Disconnected serial from sdp4430
- 01:18:17 [INFO] Connected to sdp4430 via serial 
- 01:18:17 [INFO] Host: uname -a
- 01:18:18 [INFO] Target: 
uname -a
Linux TI-OMAP4-SDP-board 4.6.0-rc3-next-20160415-00002-gc4767870544a #1 SMP Fri Apr 15 01:10:09 CDT 2016 armv7l GNU/Linux
root@TI-OMAP4-SDP-board:~# 
- 01:18:18 [INFO] Host: cat /proc/cmdline
- 01:18:18 [INFO] Target: 
cat /proc/cmdline
console=ttyO2,115200n8 vram=16M earlyprintk=serial,ttyO2,115200n8 rootwait ip=:::::eth0:dhcp root=PARTUUID=00000000-02 rw rootfstype=ext4 rootwait
root@TI-OMAP4-SDP-board:~# 
- 01:18:18 [INFO] Host: uname -a
- 01:18:18 [INFO] Target: 
uname -a
Linux TI-OMAP4-SDP-board 4.6.0-rc3-next-20160415-00002-gc4767870544a #1 SMP Fri Apr 15 01:10:09 CDT 2016 armv7l GNU/Linux
root@TI-OMAP4-SDP-board:~# 
- 01:18:18 [INFO] Host: cat /proc/mtd
- 01:18:18 [INFO] Target: 
cat /proc/mtd
dev:    size   erasesize  name
root@TI-OMAP4-SDP-board:~# 
- 01:18:19 [INFO] Host: export IPERFHOST=192.168.1.254
- 01:18:20 [INFO] Target: 
export IPERFHOST=192.168.1.254
root@TI-OMAP4-SDP-board:~# 
- 01:18:20 [INFO] Host: export NFS_SERVER=192.168.1.254
- 01:18:20 [INFO] Target: 
export NFS_SERVER=192.168.1.254
root@TI-OMAP4-SDP-board:~# 
- 01:18:20 [INFO] Host: export NFS_ROOT_PATH=/home/NFS_exports/sdp4430
- 01:18:20 [INFO] Target: 
export NFS_ROOT_PATH=/home/NFS_exports/sdp4430
root@TI-OMAP4-SDP-board:~# 
- 01:18:20 [INFO] Host: export AP_SSID=
- 01:18:20 [INFO] Target: 
export AP_SSID=
root@TI-OMAP4-SDP-board:~# 
- 01:18:20 [INFO] Host: mkdir -p -m 777 /test
- 01:18:20 [INFO] Target: 
mkdir -p -m 777 /test
root@TI-OMAP4-SDP-board:~# 
- 01:18:20 [INFO] Host: cd /test
- 01:18:20 [INFO] Target: 
cd /test
root@TI-OMAP4-SDP-board:/test# 
- 01:18:20 [INFO] Host: cat > test.sh << EOF
- 01:18:20 [INFO] Target: 
cat > test.sh << EOF
- 01:18:20 [INFO] Host: failtest() {
- 01:18:20 [INFO] Target: 
failtest() {
- 01:18:20 [INFO] Host:   echo 1 >&3
- 01:18:20 [INFO] Target: 
  echo 1 >&3
- 01:18:20 [INFO] Host: }
- 01:18:20 [INFO] Target: 
- 01:18:20 [INFO] Host: timeout=600
- 01:18:21 [INFO] Target: 
timeout=600
- 01:18:21 [INFO] Host: 
- 01:18:21 [INFO] Target: 
- 01:18:21 [INFO] Host: # Start of user's script logic
- 01:18:21 [INFO] Target: 
# Start of user's script logic
- 01:18:21 [INFO] Host: mount -t proc proc /proc 2>/dev/null;
- 01:18:21 [INFO] Target: 
mount -t proc proc /proc 2>/dev/null;
- 01:18:21 [INFO] Host: 
- 01:18:21 [INFO] Target: 
- 01:18:21 [INFO] Host: mount -t sysfs sys /sys 2>/dev/null;
- 01:18:21 [INFO] Target: 
mount -t sysfs sys /sys 2>/dev/null;
- 01:18:21 [INFO] Host: 
- 01:18:21 [INFO] Target: 
- 01:18:21 [INFO] Host: mount -t debugfs none /sys/kernel/debug 2>/dev/null;
- 01:18:21 [INFO] Target: 
mount -t debugfs none /sys/kernel/debug 2>/dev/null;
- 01:18:21 [INFO] Host: 
- 01:18:21 [INFO] Target: 
- 01:18:21 [INFO] Host: echo 'cpuinfo:';cat /proc/cpuinfo; echo '=======';
- 01:18:21 [INFO] Target: 
echo 'cpuinfo:';cat /proc/cpuinfo; echo '=======';
- 01:18:21 [INFO] Host: 
- 01:18:22 [INFO] Target: 
- 01:18:22 [INFO] Host: echo 'soc info:';head /sys/devices/soc0/* 2>/dev/null; echo '=======';
- 01:18:22 [INFO] Target: 
echo 'soc info:';head /sys/devices/soc0/* 2>/dev/null; echo '=======';
- 01:18:22 [INFO] Host: 
- 01:18:22 [INFO] Target: 
- 01:18:22 [INFO] Host: echo 'DT Model info'; head /proc/device-tree/name /proc/device-tree/model /proc/device-tree/compatible 2>/dev/null;echo; echo '=======';
- 01:18:22 [INFO] Target: 
echo 'DT Model info'; head /proc/device-tree/name /proc/device-tree/model /pro 
c/device-tree/compatible 2>/dev/null;echo; echo '=======';
- 01:18:22 [INFO] Host: 
- 01:18:22 [INFO] Target: 
- 01:18:22 [INFO] Host: echo 'interrupts:';cat /proc/interrupts; echo '=======';
- 01:18:22 [INFO] Target: 
echo 'interrupts:';cat /proc/interrupts; echo '=======';
- 01:18:22 [INFO] Host: 
- 01:18:22 [INFO] Target: 
- 01:18:22 [INFO] Host: echo 'Clk_summary:';cat /sys/kernel/debug/clk/clk_summary; echo '=======';
- 01:18:22 [INFO] Target: 
echo 'Clk_summary:';cat /sys/kernel/debug/clk/clk_summary; echo '=======';
- 01:18:22 [INFO] Host: 
- 01:18:22 [INFO] Target: 
- 01:18:22 [INFO] Host: echo "Available frequencies"; cat /sys/devices/system/cpu/cpu0/cpufreq/scaling_available_frequencies 2>/dev/null;echo '=======';
- 01:18:22 [INFO] Target: 
echo "Available frequencies"; cat /sys/devices/system/cpu/cpu0/cpufreq/scaling 
_available_frequencies 2>/dev/null;echo '=======';
- 01:18:22 [INFO] Host: 
- 01:18:23 [INFO] Target: 
- 01:18:23 [INFO] Host: TMPF=/tmp/a.\$\$; TMPF2=/tmp/b.\$\$; STR=""
- 01:18:23 [INFO] Target: 
TMPF=/tmp/a.\$\$; TMPF2=/tmp/b.\$\$; STR=""
- 01:18:23 [INFO] Host: 
- 01:18:23 [INFO] Target: 
- 01:18:23 [INFO] Host: cp /dev/kmsg \$TMPF &
- 01:18:23 [INFO] Target: 
cp /dev/kmsg \$TMPF &
- 01:18:23 [INFO] Host: 
- 01:18:23 [INFO] Target: 
- 01:18:23 [INFO] Host: PID=\$! ; sleep 5; kill -9 \$PID
- 01:18:23 [INFO] Target: 
PID=\$! ; sleep 5; kill -9 \$PID
- 01:18:23 [INFO] Host: 
- 01:18:23 [INFO] Target: 
- 01:18:23 [INFO] Host: 
- 01:18:23 [INFO] Target: 
- 01:18:23 [INFO] Host: 
- 01:18:23 [INFO] Target: 
- 01:18:23 [INFO] Host: cat \$TMPF|grep "^0">\$TMPF2; N=\`cat \$TMPF2|wc -l\`; if [ "\$N" -ne 0 ]; then STR="\$STR emerg=\$N";echo "===== EMERGE++";cat \$TMPF2|cut -d ';' -f2;echo "====="; fi
- 01:18:23 [INFO] Target: 
cat \$TMPF|grep "^0">\$TMPF2; N=\`cat \$TMPF2|wc -l\`; if [ "\$N" -ne 0 ]; the 
n STR="\$STR emerg=\$N";echo "===== EMERGE++";cat \$TMPF2|cut -d ';' -f2;echo "= 
===="; fi
- 01:18:23 [INFO] Host: 
- 01:18:24 [INFO] Target: 
- 01:18:24 [INFO] Host: cat \$TMPF|grep "^1">\$TMPF2; N=\`cat \$TMPF2|wc -l\`; if [ "\$N" -ne 0 ]; then STR="\$STR alert=\$N";echo "===== ALERT ==";cat \$TMPF2|cut -d ';' -f2;echo "====="; fi
- 01:18:24 [INFO] Target: 
cat \$TMPF|grep "^1">\$TMPF2; N=\`cat \$TMPF2|wc -l\`; if [ "\$N" -ne 0 ]; the 
n STR="\$STR alert=\$N";echo "===== ALERT ==";cat \$TMPF2|cut -d ';' -f2;echo "= 
===="; fi
- 01:18:24 [INFO] Host: 
- 01:18:24 [INFO] Target: 
- 01:18:24 [INFO] Host: cat \$TMPF|grep "^2">\$TMPF2; N=\`cat \$TMPF2|wc -l\`; if [ "\$N" -ne 0 ]; then STR="\$STR crit=\$N";echo "===== CRIT ==";cat \$TMPF2|cut -d ';' -f2;echo "====="; fi
- 01:18:24 [INFO] Target: 
cat \$TMPF|grep "^2">\$TMPF2; N=\`cat \$TMPF2|wc -l\`; if [ "\$N" -ne 0 ]; the 
n STR="\$STR crit=\$N";echo "===== CRIT ==";cat \$TMPF2|cut -d ';' -f2;echo "=== 
=="; fi
- 01:18:24 [INFO] Host: 
- 01:18:24 [INFO] Target: 
- 01:18:24 [INFO] Host: cat \$TMPF|grep "^3">\$TMPF2; N=\`cat \$TMPF2|wc -l\`; if [ "\$N" -ne 0 ]; then STR="\$STR err=\$N";echo "===== ERR ==";cat \$TMPF2|cut -d ';' -f2;echo "=====" ;fi
- 01:18:24 [INFO] Target: 
cat \$TMPF|grep "^3">\$TMPF2; N=\`cat \$TMPF2|wc -l\`; if [ "\$N" -ne 0 ]; the 
n STR="\$STR err=\$N";echo "===== ERR ==";cat \$TMPF2|cut -d ';' -f2;echo "===== 
" ;fi
- 01:18:24 [INFO] Host: 
- 01:18:24 [INFO] Target: 
- 01:18:24 [INFO] Host: cat \$TMPF|grep "^4">\$TMPF2; N=\`cat \$TMPF2|wc -l\`; if [ "\$N" -ne 0 ]; then STR="\$STR warn=\$N";echo "===== WARN ==";cat \$TMPF2|cut -d ';' -f2;echo "=====" ;fi
- 01:18:24 [INFO] Target: 
cat \$TMPF|grep "^4">\$TMPF2; N=\`cat \$TMPF2|wc -l\`; if [ "\$N" -ne 0 ]; the 
n STR="\$STR warn=\$N";echo "===== WARN ==";cat \$TMPF2|cut -d ';' -f2;echo "=== 
==" ;fi
- 01:18:24 [INFO] Host: 
- 01:18:24 [INFO] Target: 
- 01:18:24 [INFO] Host: rm \$TMPF \$TMPF2; echo "SUM""MARY RESULT: BOOT:" 'PASS: H''ello World' 'B''oard' "Booted" "Boot Log has::::\$STR:"
- 01:18:24 [INFO] Target: 
rm \$TMPF \$TMPF2; echo "SUM""MARY RESULT: BOOT:" 'PASS: H''ello World' 'B''oa 
rd' "Booted" "Boot Log has::::\$STR:"
- 01:18:24 [INFO] Host: 
- 01:18:25 [INFO] Target: 
- 01:18:25 [INFO] Host: EOF
- 01:18:25 [INFO] Target: 
root@TI-OMAP4-SDP-board:/test# 
- 01:18:25 [INFO] Host: cd /test
- 01:18:25 [INFO] Target: 
cd /test
root@TI-OMAP4-SDP-board:/test# 
- 01:18:25 [INFO] Host: chmod +x test.sh
- 01:18:25 [INFO] Target: 
chmod +x test.sh
root@TI-OMAP4-SDP-board:/test# 
- 01:18:25 [INFO] Host: ./test.sh 2> stderr.log > stdout.log 3> result.log
- 01:18:30 [INFO] Target: 
./test.sh 2> stderr.log > stdout.log 3> result.lo 
root@TI-OMAP4-SDP-board:/test# 
- 01:18:30 [INFO] Host: echo $?
- 01:18:30 [INFO] Target: 
echo $?
root@TI-OMAP4-SDP-board:/test# 
- 01:18:31 [INFO] Host: cd /test
- 01:18:31 [INFO] Target: 
cd /test
root@TI-OMAP4-SDP-board:/test# 
- 01:18:31 [INFO] Host: cat stdout.log
- 01:18:33 [INFO] Target: 
cat stdout.log
cpuinfo:
processor	: 0
model name	: ARMv7 Processor rev 3 (v7l)
BogoMIPS	: 1195.21
Features	: half thumb fastmult vfp edsp thumbee neon vfpv3 tls vfpd32 
CPU implementer	: 0x41
CPU architecture: 7
CPU variant	: 0x1
CPU part	: 0xc09
CPU revision	: 3
processor	: 1
model name	: ARMv7 Processor rev 3 (v7l)
BogoMIPS	: 1195.21
Features	: half thumb fastmult vfp edsp thumbee neon vfpv3 tls vfpd32 
CPU implementer	: 0x41
CPU architecture: 7
CPU variant	: 0x1
CPU part	: 0xc09
CPU revision	: 3
Hardware	: Generic OMAP4 (Flattened Device Tree)
Revision	: 0000
Serial		: 0000000000000000
=======
soc info:
==> /sys/devices/soc0/family <==
OMAP4
==> /sys/devices/soc0/machine <==
OMAP4430
==> /sys/devices/soc0/power <==
==> /sys/devices/soc0/revision <==
ES2.3
==> /sys/devices/soc0/subsystem <==
==> /sys/devices/soc0/type <==
==> /sys/devices/soc0/uevent <==
=======
DT Model info
==> /proc/device-tree/name <==
==> /proc/device-tree/model <==
TI OMAP4 SDP board
==> /proc/device-tree/compatible <==
ti,omap4-sdpti,omap4430ti,omap4
=======
interrupts:
           CPU0       CPU1       
 16:        373          0     WUGEN  37 Level     gp_timer
 17:       2667       3198     GIC-0  29 Edge      twd
 18:          0          0     WUGEN   9 Level     l3-dbg-irq
 19:          0          0     WUGEN  10 Level     l3-app-irq
 21:          0          0     WUGEN  12 Level     DMA
 22:       4555          0     WUGEN  13 Level     omap-dma-engine
 25:          0          0     WUGEN  29 Level     4a310000.gpio
 58:         27          0     WUGEN  30 Level     48055000.gpio
 61:         27          0  48055000.gpio   2 Level     eth0
 91:          0          0     WUGEN  31 Level     48057000.gpio
124:          0          0     WUGEN  32 Level     48059000.gpio
157:          0          0     WUGEN  33 Level     4805b000.gpio
190:          0          0     WUGEN  34 Level     4805d000.gpio
223:          0          0     WUGEN  20 Level     gpmc
228:       5643          0     WUGEN  74 Level     OMAP UART2
230:        270          0     WUGEN  56 Level     48070000.i2c
231:          0          0     WUGEN  57 Level     48072000.i2c
232:          0          0     WUGEN  61 Level     48060000.i2c
233:          0          0     WUGEN  62 Level     48350000.i2c
238:       5610          0     WUGEN  83 Level     mmc0
239:        341          0     WUGEN  86 Level     mmc1
240:         13          0     WUGEN  59 Level     mmc2
281:          0          0      PRCM Edge      pinctrl, pinctrl
336:          1          0     GIC-0 108 Level     ohci_hcd:usb2
337:          0          0     GIC-0 109 Level     ehci_hcd:usb1
339:          0          0   pinctrl 260 Edge      48020000.serial
341:          0          0     WUGEN   7 Level     TWL6030-PIH
342:          0          0   twl6030  11 Edge      rtc0
IPI0:          0          1  CPU wakeup interrupts
IPI1:          0        115  Timer broadcast interrupts
IPI2:       1614       5276  Rescheduling interrupts
IPI3:        193        388  Function call interrupts
IPI4:          0          0  CPU stop interrupts
IPI5:         27         33  IRQ work interrupts
IPI6:          0          0  completion interrupts
Err:          0
=======
Clk_summary:
   clock                         enable_cnt  prepare_cnt        rate   accuracy   phase
----------------------------------------------------------------------------------------
 dummy_ck                                 0            0           0          0 0  
 xclk60motg_ck                            0            0    60000000          0 0  
 xclk60mhsp2_ck                           0            0    60000000          0 0  
 xclk60mhsp1_ck                           0            0    60000000          0 0  
 utmi_phy_clkout_ck                       0            1    60000000          0 0  
    otg_60m_gfclk                         0            1    60000000          0 0  
       usb_otg_hs_xclk                    0            1    60000000          0 0  
 tie_low_clock_ck                         0            0           0          0 0  
 virt_38400000_ck                         1            1    38400000          0 0  
    sys_clkin_ck                          7           15    38400000          0 0  
       dpll_usb_ck                        1            1   960000000          0 0  
          dpll_usb_m2_ck                  1            1   960000000          0 0  
             usb_host_hs_hsic480m_p2_clk           0            0   960000000          0 0  
             usb_host_hs_hsic480m_p1_clk           0            0   960000000          0 0  
             init_60m_fclk                1            1   120000000          0 0  
                usb_tll_hs_usb_ch1_clk           0            0   120000000          0 0  
                usb_tll_hs_usb_ch0_clk           0            0   120000000          0 0  
                usb_tll_hs_usb_ch2_clk           0            0   120000000          0 0  
                usb_host_hs_fck           1            1   120000000          0 0  
                usb_host_hs_hsic60m_p2_clk           0            0   120000000          0 0  
                usb_host_hs_hsic60m_p1_clk           0            0   120000000          0 0  
                usb_host_hs_utmi_p3_clk           0            0   120000000          0 0  
                utmi_p2_gfclk             0            0   120000000          0 0  
                   usb_host_hs_utmi_p2_clk           0            0   120000000          0 0  
                utmi_p1_gfclk             0            0   120000000          0 0  
                   usb_host_hs_utmi_p1_clk           0            0   120000000          0 0  
          dpll_usb_clkdcoldo_ck           0            0   960000000          0 0  
       auxclk5_src_ck                     0            0    38400000          0 0  
          auxclk5_ck                      0            0    38400000          0 0  
             auxclkreq5_ck                0            0    38400000          0 0  
       auxclk4_src_ck                     0            0    38400000          0 0  
          auxclk4_ck                      0            0    19200000          0 0  
             auxclkreq4_ck                0            0    19200000          0 0  
       auxclk3_src_ck                     0            0    38400000          0 0  
          auxclk3_ck                      0            0    38400000          0 0  
             auxclkreq3_ck                0            0    38400000          0 0  
       auxclk2_src_ck                     0            0    38400000          0 0  
          auxclk2_ck                      0            0    38400000          0 0  
             auxclkreq2_ck                0            0    38400000          0 0  
       auxclk1_src_ck                     0            0    38400000          0 0  
          auxclk1_ck                      0            0    38400000          0 0  
             auxclkreq1_ck                0            0    38400000          0 0  
       auxclk0_src_ck                     0            0    38400000          0 0  
          auxclk0_ck                      0            0    38400000          0 0  
             auxclkreq0_ck                0            0    38400000          0 0  
       pmd_trace_clk_mux_ck               0            1    38400000          0 0  
          trace_clk_div_div_ck            0            1    38400000          0 0  
             trace_clk_div_ck             0            1    38400000          0 0  
       pmd_stm_clock_mux_ck               0            0    38400000          0 0  
          stm_clk_div_ck                  0            0    19200000          0 0  
       l4_wkup_clk_mux_ck                11           14    38400000          0 0  
          smartreflex_mpu_fck             0            1    38400000          0 0  
          smartreflex_iva_fck             0            1    38400000          0 0  
          smartreflex_core_fck            0            1    38400000          0 0  
       cm2_dm9_mux                        0            1    38400000          0 0  
       cm2_dm4_mux                        0            1    38400000          0 0  
       cm2_dm3_mux                        0            1    38400000          0 0  
       cm2_dm2_mux                        0            1    38400000          0 0  
       cm2_dm11_mux                       0            1    38400000          0 0  
       cm2_dm10_mux                       0            1    38400000          0 0  
       dpll_per_ck                        1            2   768000000          0 0  
          dpll_per_x2_ck                  1            3  1536000000          0 0  
             dpll_per_m3x2_ck             0            0   256000000          0 0  
             dpll_per_m7x2_ck             0            0   307200000          0 0  
             dpll_per_m6x2_ck             0            0   384000000          0 0  
             dpll_per_m5x2_ck             0            1   170666667          0 0  
                dss_dss_clk               0            5   170666667          0 0  
             dpll_per_m4x2_ck             0            1   128000000          0 0  
                usim_ck                   0            0     9142858          0 0  
                   usim_fclk              0            0     9142858          0 0  
                fdif_fck                  0            1   128000000          0 0  
                func_64m_fclk             0            0    64000000          0 0  
             dpll_per_m2x2_ck             1            6   192000000          0 0  
                hsi_fck                   0            1   192000000          0 0  
                func_96m_fclk             0            8    96000000          0 0  
                   hsmmc2_fclk            0            1    96000000          0 0  
                   hsmmc1_fclk            0            1    96000000          0 0  
                   mcbsp4_sync_mux_ck           0            2    96000000          0 0  
                      per_mcbsp4_gfclk           0            1    96000000          0 0  
                   iss_ctrlclk            0            1    96000000          0 0  
                func_48mc_fclk            0            1    48000000          0 0  
                   usb_host_hs_func48mclk           0            0    48000000          0 0  
                   usb_host_fs_fck           0            0    48000000          0 0  
                   dss_48mhz_clk           0            2    48000000          0 0  
                func_48m_fclk             5           12    48000000          0 0  
                   ocp2scp_usb_phy_phy_48m           0            1    48000000          0 0  
                func_24mc_fclk            0            1    24000000          0 0  
                   slimbus2_fclk_0           0            1    24000000          0 0  
                func_12m_fclk             0            1    12000000          0 0  
          dpll_per_m2_ck                  0            1    96000000          0 0  
             func_24m_clk                 0            1    24000000          0 0  
                slimbus1_fclk_1           0            1    24000000          0 0  
       per_hsd_byp_clk_mux_ck             0            0    38400000          0 0  
       dpll_mpu_ck                        2            2   600000000          0 0  
          mpu_periphclk                   1            1   300000000          0 0  
          dpll_mpu_m2_ck                  1            1   600000000          0 0  
       iva_hsd_byp_clk_mux_ck             1            1    38400000          0 0  
          dpll_iva_ck                     1            1    38400000          0 0  
             dpll_iva_x2_ck               1            2    38400000          0 0  
                dpll_iva_m5x2_ck           1            2     9600000          0 0  
                dpll_iva_m4x2_ck           0            2     9600000          0 0  
       dpll_core_ck                       2            2   800000000          0 0  
          dpll_core_m2_ck                 1            1   800000000          0 0  
             ddrphy_ck                    2            2   400000000          0 0  
          dpll_core_x2_ck                 1            2  1600000000          0 0  
             dpll_core_m3x2_ck            0            0   320000000          0 0  
             dpll_core_m7x2_ck            0            1   320000000          0 0  
                sgx_clk_mux               0            1   320000000          0 0  
             dpll_core_m4x2_ck            0            0   200000000          0 0  
                dll_clk_div_ck            0            0   100000000          0 0  
             dpll_core_m5x2_ck            1            1   400000000          0 0  
                div_mpu_hs_clk            0            0   400000000          0 0  
                div_iva_hs_clk            0            0   400000000          0 0  
                div_core_ck               1            2   400000000          0 0  
                   ducati_clk_mux_ck           0            3   400000000          0 0  
                   l3_div_ck             47           50   200000000          0 0  
                      usb_otg_hs_ick           0            1   200000000          0 0  
                      sha2md5_fck           0            0   200000000          0 0  
                      aes2_fck            0            0   200000000          0 0  
                      aes1_fck            0            0   200000000          0 0  
                      l4_div_ck          65           67   100000000          0 0  
                         usb_tll_hs_ick           1            1   100000000          0 0  
             dpll_core_m6x2_ck            0            0   266666667          0 0  
       core_hsd_byp_clk_mux_ck            0            0    38400000          0 0  
       syc_clk_div_ck                     0            5    38400000          0 0  
          dss_sys_clk                     0            4    38400000          0 0  
          timer8_sync_mux                 0            1    38400000          0 0  
          timer7_sync_mux                 0            1    38400000          0 0  
          timer6_sync_mux                 0            1    38400000          0 0  
          timer5_sync_mux                 0            1    38400000          0 0  
       dbgclk_mux_ck                      1            1    38400000          0 0  
       abe_dpll_bypass_clk_mux_ck           0            0    38400000          0 0  
 virt_27000000_ck                         0            0    27000000          0 0  
 virt_26000000_ck                         0            0    26000000          0 0  
 virt_19200000_ck                         0            0    19200000          0 0  
 virt_16800000_ck                         0            0    16800000          0 0  
 virt_13000000_ck                         0            0    13000000          0 0  
 virt_12000000_ck                         0            0    12000000          0 0  
 sys_32k_ck                               3           13       32768          0 0  
    bandgap_fclk                          0            0       32768          0 0  
    dmt1_clk_mux                          1            1       32768          0 0  
    gpio1_dbclk                           0            2       32768          0 0  
    abe_dpll_refclk_mux_ck                1            1       32768          0 0  
       dpll_abe_ck                        1            2    98304000          0 0  
          dpll_abe_m2_ck                  0            1    98304000          0 0  
             per_abe_nc_fclk              0            0    98304000          0 0  
             per_abe_24m_fclk             0            1    24576000          0 0  
                slimbus2_fclk_1           0            1    24576000          0 0  
          dpll_abe_x2_ck                  1            1   196608000          0 0  
             dpll_abe_m3x2_ck             0            0    98304000          0 0  
                usb_hs_clk_div_ck           0            0    32768000          0 0  
                per_hs_clk_div_ck           0            0    49152000          0 0  
             dpll_abe_m2x2_ck             1            2    98304000          0 0  
                lp_clk_div_ck             0            0     6144000          0 0  
                abe_clk                   1            1    98304000          0 0  
                   aess_fclk              1            2    98304000          0 0  
                      ocp_abe_iclk          20           20    49152000          0 0  
                abe_24m_fclk              0            6    12288000          0 0  
                   mcbsp3_sync_mux_ck           0            2    12288000          0 0  
                      func_mcbsp3_gfclk           0            1    12288000          0 0  
                   mcbsp2_sync_mux_ck           0            2    12288000          0 0  
                      func_mcbsp2_gfclk           0            1    12288000          0 0  
                   mcbsp1_sync_mux_ck           0            2    12288000          0 0  
                      func_mcbsp1_gfclk           0            1    12288000          0 0  
                   mcasp_sync_mux_ck           0            1    12288000          0 0  
                      func_mcasp_abe_gfclk           0            1    12288000          0 0  
                   dmic_sync_mux_ck           0            1    12288000          0 0  
                      func_dmic_abe_gfclk           0            1    12288000          0 0  
                   slimbus1_fclk_0           0            1    12288000          0 0  
    usb_phy_cm_clk32k                     0            1       32768          0 0  
    gpio6_dbclk                           0            2       32768          0 0  
    gpio5_dbclk                           0            2       32768          0 0  
    gpio4_dbclk                           0            2       32768          0 0  
    gpio3_dbclk                           0            2       32768          0 0  
    gpio2_dbclk                           0            2       32768          0 0  
 slimbus_src_clk                          0            1    12000000          0 0  
    slimbus_clk                           0            1    12000000          0 0  
       slimbus1_slimbus_clk               0            1    12000000          0 0  
 secure_32k_clk_src_ck                    0            0       32768          0 0  
 pad_slimbus_core_clks_ck                 0            1    12000000          0 0  
    slimbus2_slimbus_clk                  0            1    12000000          0 0  
 pad_clks_src_ck                          0            1    12000000          0 0  
    pad_clks_ck                           0            6    12000000          0 0  
       slimbus1_fclk_2                    0            1    12000000          0 0  
 extalt_clkin_ck                          0            1    59000000          0 0  
    dss_tv_clk                            0            2    59000000          0 0  
=======
Available frequencies
300000 600000 800000 1008000 
=======
===== ERR ==
platform 4b501000.aes: Cannot lookup hwmod 'aes'
platform 480a5000.des: Cannot lookup hwmod 'des'
leds_pwm pwmleds: unable to request PWM for omap4::keypad: -517
twl: not initialized
twl6030_uv_to_vsel:OUT OF RANGE! non mapped vsel for 1375000 Vs max 1316660
twl6030_uv_to_vsel:OUT OF RANGE! non mapped vsel for 1375000 Vs max 1316660
twl6030_uv_to_vsel:OUT OF RANGE! non mapped vsel for 1375000 Vs max 1316660
twl6030_uv_to_vsel:OUT OF RANGE! non mapped vsel for 1375000 Vs max 1316660
twl6030_uv_to_vsel:OUT OF RANGE! non mapped vsel for 1375000 Vs max 1316660
twl6030_uv_to_vsel:OUT OF RANGE! non mapped vsel for 1375000 Vs max 1316660
twl6030_uv_to_vsel:OUT OF RANGE! non mapped vsel for 1410000 Vs max 1316660
omap2_set_init_voltage: unable to find boot up OPP for vdd_mpu
omap2_set_init_voltage: unable to set vdd_mpu
omap2_set_init_voltage: unable to find boot up OPP for vdd_core
omap2_set_init_voltage: unable to set vdd_core
omap2_set_init_voltage: unable to find boot up OPP for vdd_iva
omap2_set_init_voltage: unable to set vdd_iva
cpu cpu0: dev_pm_opp_get_max_volt_latency: Invalid regulator (-6)
leds_pwm pwmleds: unable to request PWM for omap4::keypad: -517
udevd[127]: starting version 182
=====
===== WARN ==
L2C: platform modifies aux control register: 0x0e070000 -> 0x3e470000
L2C: DT/platform modifies aux control register: 0x0e070000 -> 0x3e470000
ti_dt_clocks_register: failed to lookup clock node dss_fck
ti_dt_clocks_register: failed to lookup clock node dss_fck
ti_dt_clocks_register: failed to lookup clock node div_ts_ck
ti_dt_clocks_register: failed to lookup clock node bandgap_ts_fclk
omap_hwmod: l3_main_3 using broken dt data from ocp
omap_hwmod: l3_main_2 using broken dt data from ocp
gpmc_mem_init: disabling cs 0 mapped at 0x0-0x1000000
irq: no irq domain found for /ocp/l4@4a000000/scm@100000/pinmux@40 !
irq: no irq domain found for /ocp/l4@4a000000/scm@100000/pinmux@40 !
irq: no irq domain found for /ocp/l4@4a000000/scm@100000/pinmux@40 !
workingset: timestamp_bits=28 max_order=18 bucket_order=0
backlight supply power not found, using dummy regulator
spi1.0 supply vdd-io not found, using dummy regulator
OMAP4 PM: u-boot >= v2012.07 is required for full PM support
Skipping twl internal clock init and using bootloader value (unknown osc rate)
hw-breakpoint: Failed to enable monitor mode on CPU 0.
hw-breakpoint: CPU 0 failed to disable vector catch
twl_rtc 48070000.i2c:twl@48:rtc: Power up reset detected.
backlight supply power not found, using dummy regulator
mmc0: host does not support reading read-only switch, assuming write-enable
backlight supply power not found, using dummy regulator
FAT-fs (mmcblk0p1): Volume was not properly unmounted. Some data may be corrupt. Please run fsck.
=====
SUMMARY RESULT: BOOT: PASS: Hello World Board Booted Boot Log has:::: err=20 warn=24:
root@TI-OMAP4-SDP-board:/test# 
- 01:18:33 [INFO] Host: cat stderr.log
- 01:18:33 [INFO] Target: 
cat stderr.log
./test.sh: line 33:   799 Killed                  cp /dev/kmsg $TMPF
root@TI-OMAP4-SDP-board:/test# 
- 01:18:33 [INFO] Host: cat result.log
- 01:18:35 [ERROR] On command: cat result.log waiting for cat result.log.+?(?m-ix:^1[\0\n\r]+) >>> error: execution expired
- 01:18:35 [INFO] Target: 
cat result.log
root@TI-OMAP4-SDP-board:/test# 
- 01:18:35 [INFO] Host: cd /test
- 01:18:35 [INFO] Target: 
cd /test
root@TI-OMAP4-SDP-board:/test# 
URL:gtsystest.telogy.design.ti.com/vatf/tidfarm-06/tidfarm-06_vatf@sdp4430/tidfarm-0604_15_2016_01_17_25/files/session_iteration_1/test_1
